
U-Boot SPL 2014.07-00097-g772e173 (Jul 25 2014 - 20:02:52)


U-Boot 2014.07-00097-g772e173 (Jul 25 2014 - 20:02:52)

TEGRA124
Board: NVIDIA Jetson TK1
I2C:   ready
DRAM:  2 GiB
MMC:   Tegra SD/MMC: 0, Tegra SD/MMC: 1
In:    serial
Out:   serial
Err:   serial
Net:   Net Initialization Skipped
No ethernet found.
Hit any key to stop autoboot:  2  0 
Tegra124 (Jetson TK1) # 
Tegra124 (Jetson TK1) # usb reset
(Re)start USB...
USB0:   USB EHCI 1.10
scanning bus 0 for devices... 1 USB Device(s) found
USB1:   USB EHCI 1.10
scanning bus 1 for devices... 2 USB Device(s) found
       scanning usb for storage devices... 0 Storage Device(s) found
       scanning usb for ethernet devices... 
Warning: asx0 using MAC address from net device
1 Ethernet Device(s) found
Tegra124 (Jetson TK1) # setenv bootargs 'ignore_loglevel console=ttyS0,115200n8 rw root=/dev/mmcblk0p1 rootwait gpt debug noinitrd earlyprintk init=/bin/bash'
Tegra124 (Jetson TK1) # setenv ipaddr 192.168.100.102; setenv serverip 192.168.100.1; setenv tftpserverip 192.168.100.1
Tegra124 (Jetson TK1) # tftpboot 0x82000000 zImage.multi_v7_defconfig
Using asx0 device
TFTP from server 192.168.100.1; our IP address is 192.168.100.102
Filename 'zImage.multi_v7_defconfig'.
Load address: 0x82000000
Loading: *#################################################################
	 #################################################################
	 #################################################################
	 #################################################################
	 #################################################################
	 #################################################################
	 #############################################################
	 3.1 MiB/s
done
Bytes transferred = 6615352 (64f138 hex)
Tegra124 (Jetson TK1) # tftpboot 0x83000000 tegra124-jetson-tk1.dtb
Using asx0 device
TFTP from server 192.168.100.1; our IP address is 192.168.100.102
Filename 'tegra124-jetson-tk1.dtb'.
Load address: 0x83000000
Loading: *#####
	 2.7 MiB/s
done
Bytes transferred = 64138 (fa8a hex)
Tegra124 (Jetson TK1) # bootz 0x82000000 - 0x83000000
Kernel image @ 0x82000000 [ 0x000000 - 0x64f138 ]
## Flattened Device Tree blob at 83000000
   Booting using the fdt blob at 0x83000000
   Using Device Tree in place at 83000000, end 83012a89

Starting kernel ...

[    0.000000] Booting Linux on physical CPU 0x0
[    0.000000] Linux version 4.4.0-rc5-next-20151215-61550-g0e4e0da (pwalmsley@sellafield) (gcc version 4.7.3 20130328 (prerelease) (crosstool-NG linaro-1.13.1-4.7-2013.04-20130415 - Linaro GCC 2013.04) ) #1 SMP Tue Dec 15 02:33:25 PST 2015
[    0.000000] CPU: ARMv7 Processor [413fc0f3] revision 3 (ARMv7), cr=10c5387d
[    0.000000] CPU: PIPT / VIPT nonaliasing data cache, PIPT instruction cache
[    0.000000] Machine model: NVIDIA Tegra124 Jetson TK1
[    0.000000] debug: ignoring loglevel setting.
[    0.000000] cma: Reserved 64 MiB at 0xfb800000
[    0.000000] Memory policy: Data cache writealloc
[    0.000000] On node 0 totalpages: 524032
[    0.000000] free_area_init_node: node 0, pgdat c1003a80, node_mem_map eeff8000
[    0.000000]   DMA zone: 1536 pages used for memmap
[    0.000000]   DMA zone: 0 pages reserved
[    0.000000]   DMA zone: 196608 pages, LIFO batch:31
[    0.000000]   HighMem zone: 327424 pages, LIFO batch:31
[    0.000000] PERCPU: Embedded 13 pages/cpu @eef8b000 s23232 r8192 d21824 u53248
[    0.000000] pcpu-alloc: s23232 r8192 d21824 u53248 alloc=13*4096
[    0.000000] pcpu-alloc: [0] 0 [0] 1 [0] 2 [0] 3 
[    0.000000] Built 1 zonelists in Zone order, mobility grouping on.  Total pages: 522496
[    0.000000] Kernel command line: ignore_loglevel console=ttyS0,115200n8 rw root=/dev/mmcblk0p1 rootwait gpt debug noinitrd earlyprintk init=/bin/bash
[    0.000000] PID hash table entries: 4096 (order: 2, 16384 bytes)
[    0.000000] Dentry cache hash table entries: 131072 (order: 7, 524288 bytes)
[    0.000000] Inode-cache hash table entries: 65536 (order: 6, 262144 bytes)
[    0.000000] Memory: 1998204K/2096128K available (8346K kernel code, 1094K rwdata, 3852K rodata, 1028K init, 344K bss, 32388K reserved, 65536K cma-reserved, 1244160K highmem)
[    0.000000] Virtual kernel memory layout:
[    0.000000]     vector  : 0xffff0000 - 0xffff1000   (   4 kB)
[    0.000000]     fixmap  : 0xffc00000 - 0xfff00000   (3072 kB)
[    0.000000]     vmalloc : 0xf0800000 - 0xff800000   ( 240 MB)
[    0.000000]     lowmem  : 0xc0000000 - 0xf0000000   ( 768 MB)
[    0.000000]     pkmap   : 0xbfe00000 - 0xc0000000   (   2 MB)
[    0.000000]     modules : 0xbf000000 - 0xbfe00000   (  14 MB)
[    0.000000]       .text : 0xc0208000 - 0xc0df2a50   (12203 kB)
[    0.000000]       .init : 0xc0df3000 - 0xc0ef4000   (1028 kB)
[    0.000000]       .data : 0xc0ef4000 - 0xc1005a00   (1095 kB)
[    0.000000]        .bss : 0xc1008000 - 0xc105e068   ( 345 kB)
[    0.000000] SLUB: HWalign=64, Order=0-3, MinObjects=0, CPUs=4, Nodes=1
[    0.000000] Hierarchical RCU implementation.
[    0.000000] 	Build-time adjustment of leaf fanout to 32.
[    0.000000] 	RCU restricting CPUs from NR_CPUS=16 to nr_cpu_ids=4.
[    0.000000] RCU: Adjusting geometry for rcu_fanout_leaf=32, nr_cpu_ids=4
[    0.000000] NR_IRQS:16 nr_irqs:16 16
[    0.000000] /interrupt-controller@60004000: 160 interrupts forwarded to /interrupt-controller@0,50041000
[    0.000000] L2C: failed to init: -19
[    0.000000] Tegra clk 127: register failed with -17
[    0.000009] sched_clock: 32 bits at 1000kHz, resolution 1000ns, wraps every 2147483647500ns
[    0.000033] clocksource: timer_us: mask: 0xffffffff max_cycles: 0xffffffff, max_idle_ns: 1911260446275 ns
[    0.000047] Switching to timer-based delay loop, resolution 1000ns
[    0.004602] Architected cp15 timer(s) running at 12.00MHz (virt).
[    0.004620] clocksource: arch_sys_counter: mask: 0xffffffffffffff max_cycles: 0x2c47f4ee7, max_idle_ns: 440795202497 ns
[    0.004637] sched_clock: 56 bits at 12MHz, resolution 83ns, wraps every 4398046511096ns
[    0.004650] Switching to timer-based delay loop, resolution 83ns
[    0.005086] Console: colour dummy device 80x30
[    0.005112] Calibrating delay loop (skipped), value calculated using timer frequency.. 24.00 BogoMIPS (lpj=60000)
[    0.005126] pid_max: default: 32768 minimum: 301
[    0.005238] Mount-cache hash table entries: 2048 (order: 1, 8192 bytes)
[    0.005249] Mountpoint-cache hash table entries: 2048 (order: 1, 8192 bytes)
[    0.005826] CPU: Testing write buffer coherency: ok
[    0.006045] /cpus/cpu@0 missing clock-frequency property
[    0.006084] /cpus/cpu@1 missing clock-frequency property
[    0.006122] /cpus/cpu@2 missing clock-frequency property
[    0.006160] /cpus/cpu@3 missing clock-frequency property
[    0.006171] CPU0: thread -1, cpu 0, socket 0, mpidr 80000000
[    0.006217] Setting up static identity map for 0x80209000 - 0x80209098
[    0.009142] Tegra Revision: A01 SKU: 129 CPU Process: 1 SoC Process: 1
[    0.010500] CPU1: thread -1, cpu 1, socket 0, mpidr 80000001
[    0.011103] CPU2: thread -1, cpu 2, socket 0, mpidr 80000002
[    0.011695] CPU3: thread -1, cpu 3, socket 0, mpidr 80000003
[    0.011760] Brought up 4 CPUs
[    0.011780] SMP: Total of 4 processors activated (96.00 BogoMIPS).
[    0.011788] CPU: All CPU(s) started in SVC mode.
[    0.013215] devtmpfs: initialized
[    0.031388] VFP support v0.3: implementor 41 architecture 4 part 30 variant f rev 0
[    0.032146] clocksource: jiffies: mask: 0xffffffff max_cycles: 0xffffffff, max_idle_ns: 9556302231375000 ns
[    0.033849] pinctrl core: initialized pinctrl subsystem
[    0.035547] NET: Registered protocol family 16
[    0.037617] DMA: preallocated 256 KiB pool for atomic coherent allocations
[    0.049831] cpuidle: using governor ladder
[    0.064851] cpuidle: using governor menu
[    0.081670] No ATAGs?
[    0.081705] hw-breakpoint: found 5 (+1 reserved) breakpoint and 4 watchpoint registers.
[    0.081716] hw-breakpoint: maximum watchpoint size is 8 bytes.
[    0.087335] Serial: AMBA PL011 UART driver
[    0.115643] +USB0_VBUS_SW: Failed to request enable GPIO108: -517
[    0.115761] reg-fixed-voltage regulators:regulator@7: Failed to register regulator: -517
[    0.115971] +5V_USB_HS: Failed to request enable GPIO109: -517
[    0.116075] reg-fixed-voltage regulators:regulator@8: Failed to register regulator: -517
[    0.116361] +1.05V_RUN_AVDD_HDMI_PLL: Failed to request enable GPIO63: -517
[    0.116464] reg-fixed-voltage regulators:regulator@11: Failed to register regulator: -517
[    0.116671] +5V_HDMI_CON: Failed to request enable GPIO86: -517
[    0.116772] reg-fixed-voltage regulators:regulator@12: Failed to register regulator: -517
[    0.116979] +5V_SATA: Failed to request enable GPIO242: -517
[    0.117080] reg-fixed-voltage regulators:regulator@13: Failed to register regulator: -517
[    0.117287] +12V_SATA: Failed to request enable GPIO242: -517
[    0.117387] reg-fixed-voltage regulators:regulator@14: Failed to register regulator: -517
[    0.120750] vgaarb: loaded
[    0.121706] SCSI subsystem initialized
[    0.121877] libata version 3.00 loaded.
[    0.122176] usbcore: registered new interface driver usbfs
[    0.122241] usbcore: registered new interface driver hub
[    0.122314] usbcore: registered new device driver usb
[    0.125972] pps_core: LinuxPPS API ver. 1 registered
[    0.125982] pps_core: Software ver. 5.3.6 - Copyright 2005-2007 Rodolfo Giometti <giometti@linux.it>
[    0.126010] PTP clock support registered
[    0.126227] EDAC MC: Ver: 3.0.0
[    0.129411] clocksource: Switched to clocksource arch_sys_counter
[    0.141218] NET: Registered protocol family 2
[    0.141734] TCP established hash table entries: 8192 (order: 3, 32768 bytes)
[    0.141834] TCP bind hash table entries: 8192 (order: 4, 65536 bytes)
[    0.142020] TCP: Hash tables configured (established 8192 bind 8192)
[    0.142074] UDP hash table entries: 512 (order: 2, 16384 bytes)
[    0.142116] UDP-Lite hash table entries: 512 (order: 2, 16384 bytes)
[    0.142287] NET: Registered protocol family 1
[    0.142546] RPC: Registered named UNIX socket transport module.
[    0.142556] RPC: Registered udp transport module.
[    0.142563] RPC: Registered tcp transport module.
[    0.142571] RPC: Registered tcp NFSv4.1 backchannel transport module.
[    0.142588] PCI: CLS 0 bytes, default 64
[    0.143575] hw perfevents: enabled with armv7_cortex_a15 PMU driver, 7 counters available
[    0.145139] futex hash table entries: 1024 (order: 4, 65536 bytes)
[    0.157868] squashfs: version 4.0 (2009/01/31) Phillip Lougher
[    0.158775] NFS: Registering the id_resolver key type
[    0.158804] Key type id_resolver registered
[    0.158813] Key type id_legacy registered
[    0.158875] ntfs: driver 2.1.32 [Flags: R/O].
[    0.160285] bounce: pool size: 64 pages
[    0.160498] Block layer SCSI generic (bsg) driver version 0.4 loaded (major 249)
[    0.160513] io scheduler noop registered
[    0.160527] io scheduler deadline registered
[    0.160563] io scheduler cfq registered (default)
[    0.179064] tegra-pcie 1003000.pcie-controller: 2x1, 1x1 configuration
[    0.179116] tegra-pcie 1003000.pcie-controller: Failed to get supply 'avddio-pex': -517
[    0.186516] tegra-apbdma 60020000.dma: Tegra20 APB DMA driver register 32 channels
[    0.188144] tegra-pmc 7000e400.pmc: emergency thermal reset enabled
[    0.253521] Serial: 8250/16550 driver, 4 ports, IRQ sharing disabled
[    0.256000] SuperH (H)SCI(F) driver initialized
[    0.256960] msm_serial: driver initialized
[    0.257788] console [ttyS0] disabled
[    0.257823] 70006300.serial: ttyS0 at MMIO 0x70006300 (irq = 331, base_baud = 25500000) is a Tegra
[    1.083308] console [ttyS0] enabled
[    1.087636] STMicroelectronics ASC driver initialized
[    1.095171] [drm] Initialized drm 1.1.0 20060810
[    1.101788] tegra-hdmi 54280000.hdmi: failed to get HDMI regulator
[    1.116476] loop: module loaded
[    1.119928] at24 0-0056: 256 byte 24c02 EEPROM, writable, 8 bytes/write
[    1.128131] as3722 4-0040: AS3722 with revision 0x1 found
[    1.151523] +5V_SYS: supplied by +VDD_MUX
[    1.155589] +1.05V_RUN: supplied by +5V_SYS
[    1.159898] tegra-ahci 70027000.sata: Failed to get supply 'hvdd': -517
[    1.166568] tegra-ahci 70027000.sata: Failed to get regulators
[    1.178121] m25p80 spi32765.0: w25q32dw (4096 Kbytes)
[    1.186538] libphy: Fixed MDIO Bus: probed
[    1.191355] CAN device driver interface
[    1.196693] igb: Intel(R) Gigabit Ethernet Network Driver - version 5.3.0-k
[    1.203660] igb: Copyright (c) 2007-2014 Intel Corporation.
[    1.212520] pegasus: v0.9.3 (2013/04/25), Pegasus/Pegasus II USB Ethernet driver
[    1.219978] usbcore: registered new interface driver pegasus
[    1.225716] usbcore: registered new interface driver asix
[    1.231174] usbcore: registered new interface driver ax88179_178a
[    1.237324] usbcore: registered new interface driver cdc_ether
[    1.243233] usbcore: registered new interface driver smsc75xx
[    1.249055] usbcore: registered new interface driver smsc95xx
[    1.254860] usbcore: registered new interface driver net1080
[    1.260577] usbcore: registered new interface driver cdc_subset
[    1.266558] usbcore: registered new interface driver zaurus
[    1.272225] usbcore: registered new interface driver cdc_ncm
[    1.278166] tegra-phy 7d004000.usb-phy: no vbus regulator
[    1.285563] ehci_hcd: USB 2.0 'Enhanced' Host Controller (EHCI) Driver
[    1.292108] ehci-pci: EHCI PCI platform driver
[    1.296613] ehci-platform: EHCI generic platform driver
[    1.302064] ehci-omap: OMAP-EHCI Host Controller driver
[    1.307449] ehci-orion: EHCI orion driver
[    1.311619] SPEAr-ehci: EHCI SPEAr driver
[    1.315797] ehci-st: EHCI STMicroelectronics driver
[    1.320838] ehci-exynos: EHCI EXYNOS driver
[    1.325208] ehci-atmel: EHCI Atmel driver
[    1.329369] tegra-ehci: Tegra EHCI driver
[    1.333694] tegra-ehci 7d004000.usb: EHCI Host Controller
[    1.339129] tegra-ehci 7d004000.usb: new USB bus registered, assigned bus number 1
[    1.346878] tegra-ehci 7d004000.usb: irq 348, io mem 0x7d004000
[    1.359432] tegra-ehci 7d004000.usb: USB 2.0 started, EHCI 1.10
[    1.366177] hub 1-0:1.0: USB hub found
[    1.369975] hub 1-0:1.0: 1 port detected
[    1.374518] ohci_hcd: USB 1.1 'Open' Host Controller (OHCI) Driver
[    1.380722] ohci-pci: OHCI PCI platform driver
[    1.385235] ohci-platform: OHCI generic platform driver
[    1.390655] ohci-omap3: OHCI OMAP3 driver
[    1.394830] SPEAr-ohci: OHCI SPEAr driver
[    1.398990] ohci-st: OHCI STMicroelectronics driver
[    1.404034] ohci-atmel: OHCI Atmel driver
[    1.408668] usbcore: registered new interface driver usb-storage
[    1.416344] mousedev: PS/2 mouse device common for all mice
[    1.425619] as3722-rtc as3722-rtc: rtc core: registered as3722-rtc as rtc0
[    1.432506] as3722-rtc as3722-rtc: RTC interrupt 371
[    1.440853] tegra_rtc 7000e000.rtc: rtc core: registered 7000e000.rtc as rtc1
[    1.448037] tegra_rtc 7000e000.rtc: Tegra internal Real Time Clock
[    1.454838] i2c /dev entries driver
[    1.464121] 0-004c supply vcc not found, using dummy regulator
[    1.476785] sdhci: Secure Digital Host Controller Interface driver
[    1.482983] sdhci: Copyright(c) Pierre Ossman
[    1.488988] Synopsys Designware Multimedia Card Interface Driver
[    1.496179] sdhci-pltfm: SDHCI platform and OF driver helper
[    1.502607] sdhci-tegra 700b0400.sdhci: Got CD GPIO
[    1.507512] sdhci-tegra 700b0400.sdhci: Got WP GPIO
[    1.512450] mmc0: Unknown controller version (3). You may experience problems.
[    1.519952] mmc0: Unknown controller version (3). You may experience problems.
[    1.527255] mmc0: Invalid maximum block size, assuming 512 bytes
[    1.564430] mmc0: SDHCI controller on 700b0600.sdhci [700b0600.sdhci] using ADMA 64-bit
[    1.574132] ledtrig-cpu: registered to indicate activity on CPUs
[    1.580530] usbcore: registered new interface driver usbhid
[    1.586112] usbhid: USB HID core driver
[    1.598393] NET: Registered protocol family 10
[    1.603655] sit: IPv6 over IPv4 tunneling driver
[    1.608956] NET: Registered protocol family 17
[    1.613432] can: controller area network core (rev 20120528 abi 9)
[    1.619681] NET: Registered protocol family 29
[    1.624129] can: raw protocol (rev 20120528)
[    1.628419] can: broadcast manager protocol (rev 20120528 t)
[    1.634103] can: netlink gateway (rev 20130117) max_hops=1
[    1.640006] Key type dns_resolver registered
[    1.644936] ThumbEE CPU extension supported.
[    1.649214] Registering SWP/SWPB emulation handler
[    1.665415] tegra-pcie 1003000.pcie-controller: 2x1, 1x1 configuration
[    1.672234] +3.3V_SYS: supplied by +VDD_MUX
[    1.676468] +3.3V_LP0: supplied by +3.3V_SYS
[    1.681033] +1.35V_LP0(sd2): supplied by +5V_SYS
[    1.685701] +1.05V_RUN_AVDD: supplied by +1.35V_LP0(sd2)
[    1.692475] tegra-pcie 1003000.pcie-controller: probing port 0, using 2 lanes
[    1.701649] tegra-pcie 1003000.pcie-controller: Slot present pin change, signature: 00000008
[    1.743380] mmc0: MAN_BKOPS_EN bit is not set
[    1.750983] mmc0: new high speed MMC card at address 0001
[    1.756861] mmcblk0: mmc0:0001 SEM16G 14.7 GiB 
[    1.761627] mmcblk0boot0: mmc0:0001 SEM16G partition 1 4.00 MiB
[    1.767772] mmcblk0boot1: mmc0:0001 SEM16G partition 2 4.00 MiB
[    1.773921] mmcblk0rpmb: mmc0:0001 SEM16G partition 3 4.00 MiB
[    1.781725] Primary GPT is invalid, using alternate GPT.
[    1.787084]  mmcblk0: p1 p2 p3 p4 p5 p6 p7 p8 p9
[    2.148481] tegra-pcie 1003000.pcie-controller: link 0 down, retrying
[    2.559717] tegra-pcie 1003000.pcie-controller: link 0 down, retrying
[    2.971830] tegra-pcie 1003000.pcie-controller: link 0 down, retrying
[    2.980313] tegra-pcie 1003000.pcie-controller: link 0 down, ignoring
[    2.986780] tegra-pcie 1003000.pcie-controller: probing port 1, using 1 lanes
[    2.995954] tegra-pcie 1003000.pcie-controller: Slot present pin change, signature: 00000000
[    3.408063] tegra-pcie 1003000.pcie-controller: link 1 down, retrying
[    3.820040] tegra-pcie 1003000.pcie-controller: link 1 down, retrying
[    4.232101] tegra-pcie 1003000.pcie-controller: link 1 down, retrying
[    4.240585] tegra-pcie 1003000.pcie-controller: link 1 down, ignoring
[    4.247235] tegra-pcie 1003000.pcie-controller: PCI host bridge to bus 0000:00
[    4.254470] pci_bus 0000:00: root bus resource [mem 0x13000000-0x1fffffff]
[    4.261353] pci_bus 0000:00: root bus resource [mem 0x20000000-0x3fffffff pref]
[    4.268668] pci_bus 0000:00: root bus resource [bus 00-ff]
[    4.274162] pci_bus 0000:00: root bus resource [io  0x1000-0xffff]
[    4.280372] PCI: bus0: Fast back to back transfers enabled
[    4.286628] +5V_HDMI_CON: supplied by +5V_SYS
[    4.291127] +1.05V_RUN_AVDD_HDMI_PLL: supplied by +1.05V_RUN
[    4.296955] +3.3V_RUN: supplied by +3.3V_SYS
[    4.301269] +3.3V_AVDD_HDMI_AP_GATED: supplied by +3.3V_RUN
[    4.308353] [drm] Supports vblank timestamp caching Rev 2 (21.10.2013).
[    4.314991] [drm] No driver support for vblank timestamp query.
[    4.418749] tegra-hdmi 54280000.hdmi: cannot set audio to 44100 at 297000000 pclk
[    4.570451] Console: switching to colour frame buffer device 512x135
[    4.665303] drm drm: fb0:  frame buffer device
[    4.684436] [drm] Initialized tegra 0.0.0 20120330 on minor 0
[    4.691385] +5V_SATA: supplied by +5V_SYS
[    4.695557] +12V_SATA: supplied by +VDD_MUX
[    4.700136] tegra-ahci 70027000.sata: AHCI 0001.0301 32 slots 2 ports 3 Gbps 0x1 impl platform mode
[    4.709193] tegra-ahci 70027000.sata: flags: 64bit ncq sntf pm led pio slum part sadm sds apst 
[    4.717945] ------------[ cut here ]------------
[    4.722565] WARNING: CPU: 2 PID: 6 at kernel/workqueue.c:2361 check_flush_dependency+0xc8/0x124()
[    4.731435] workqueue: WQ_MEM_RECLAIM deferwq:deferred_probe_work_func is flushing !WQ_MEM_RECLAIM events:lru_add_drain_per_cpu
[    4.742715] Modules linked in:
[    4.745961] CPU: 2 PID: 6 Comm: kworker/u8:0 Not tainted 4.4.0-rc5-next-20151215-61550-g0e4e0da #1
[    4.754903] Hardware name: NVIDIA Tegra SoC (Flattened Device Tree)
[    4.761162] Workqueue: deferwq deferred_probe_work_func
[    4.766406] [<c0218878>] (unwind_backtrace) from [<c0213f10>] (show_stack+0x10/0x14)
[    4.774146] [<c0213f10>] (show_stack) from [<c04864cc>] (dump_stack+0x78/0x94)
[    4.781366] [<c04864cc>] (dump_stack) from [<c024ab28>] (warn_slowpath_common+0x74/0xb0)
[    4.789449] [<c024ab28>] (warn_slowpath_common) from [<c024abf8>] (warn_slowpath_fmt+0x30/0x40)
[    4.798140] [<c024abf8>] (warn_slowpath_fmt) from [<c025ddd4>] (check_flush_dependency+0xc8/0x124)
[    4.807088] [<c025ddd4>] (check_flush_dependency) from [<c025dee8>] (flush_work+0x54/0x144)
[    4.815431] [<c025dee8>] (flush_work) from [<c02da278>] (lru_add_drain_all+0x124/0x180)
[    4.823428] [<c02da278>] (lru_add_drain_all) from [<c030b9d8>] (migrate_prep+0x8/0x10)
[    4.831336] [<c030b9d8>] (migrate_prep) from [<c02d5290>] (alloc_contig_range+0xc4/0x2f8)
[    4.839505] [<c02d5290>] (alloc_contig_range) from [<c030d304>] (cma_alloc+0xd8/0x1a0)
[    4.847414] [<c030d304>] (cma_alloc) from [<c021e31c>] (__alloc_from_contiguous+0x38/0xdc)
[    4.855669] [<c021e31c>] (__alloc_from_contiguous) from [<c021ff10>] (__dma_alloc+0x21c/0x250)
[    4.864270] [<c021ff10>] (__dma_alloc) from [<c021ffc8>] (arm_dma_alloc+0x48/0x54)
[    4.871834] [<c021ffc8>] (arm_dma_alloc) from [<c06599a8>] (dmam_alloc_coherent+0x8c/0xf0)
[    4.880096] [<c06599a8>] (dmam_alloc_coherent) from [<c06b1aa8>] (ahci_port_start+0xd0/0x1e0)
[    4.888615] [<c06b1aa8>] (ahci_port_start) from [<c0699950>] (ata_host_start+0xf8/0x1d4)
[    4.896698] [<c0699950>] (ata_host_start) from [<c069e86c>] (ata_host_activate+0x20/0x134)
[    4.904954] [<c069e86c>] (ata_host_activate) from [<c06b0f24>] (ahci_host_activate+0x3c/0x11c)
[    4.913558] [<c06b0f24>] (ahci_host_activate) from [<c06b2e68>] (ahci_platform_init_host+0x1cc/0x3c8)
[    4.922769] [<c06b2e68>] (ahci_platform_init_host) from [<c06b50cc>] (tegra_ahci_probe+0x404/0x4c4)
[    4.931805] [<c06b50cc>] (tegra_ahci_probe) from [<c0648c84>] (platform_drv_probe+0x50/0xac)
[    4.940234] [<c0648c84>] (platform_drv_probe) from [<c06475e8>] (driver_probe_device+0x1f4/0x2b0)
[    4.949095] [<c06475e8>] (driver_probe_device) from [<c0645b98>] (bus_for_each_drv+0x44/0x8c)
[    4.957609] [<c0645b98>] (bus_for_each_drv) from [<c0647344>] (__device_attach+0xa0/0x104)
[    4.965863] [<c0647344>] (__device_attach) from [<c0646a18>] (bus_probe_device+0x84/0x8c)
[    4.974030] [<c0646a18>] (bus_probe_device) from [<c0646e4c>] (deferred_probe_work_func+0x60/0x8c)
[    4.982976] [<c0646e4c>] (deferred_probe_work_func) from [<c025ed30>] (process_one_work+0x134/0x338)
[    4.992097] [<c025ed30>] (process_one_work) from [<c025ef98>] (worker_thread+0x2c/0x4f0)
[    5.000179] [<c025ef98>] (worker_thread) from [<c0264128>] (kthread+0xd8/0xf4)
[    5.007397] [<c0264128>] (kthread) from [<c0210df8>] (ret_from_fork+0x14/0x3c)
[    5.014606] ---[ end trace 57f2b336c061eefa ]---
[    5.020665] scsi host0: tegra-ahci
[    5.024566] scsi host1: tegra-ahci
[    5.028258] ata1: SATA max UDMA/133 mmio [mem 0x70027000-0x70028fff] port 0x100 irq 341
[    5.036269] ata2: DUMMY
[    5.039845] +5V_USB_HS: supplied by +5V_SYS
[    5.045264] tegra-ehci 7d008000.usb: EHCI Host Controller
[    5.050689] tegra-ehci 7d008000.usb: new USB bus registered, assigned bus number 2
[    5.058427] tegra-ehci 7d008000.usb: irq 349, io mem 0x7d008000
[    5.069420] tegra-ehci 7d008000.usb: USB 2.0 started, EHCI 1.10
[    5.076204] hub 2-0:1.0: USB hub found
[    5.080014] hub 2-0:1.0: 1 port detected
[    5.085237] cpu: dev_pm_opp_of_cpumask_add_table: couldn't find opp table for cpu:0, -19
[    5.093428] cpufreq: cpufreq_online: CPU0: Running at unlisted freq: 696000 KHz
[    5.100762] cpufreq: cpufreq_online: CPU0: Unlisted initial frequency changed to: 714000 KHz
[    5.109733] sdhci-tegra 700b0400.sdhci: Got CD GPIO
[    5.114606] sdhci-tegra 700b0400.sdhci: Got WP GPIO
[    5.119494] mmc1: Unknown controller version (3). You may experience problems.
[    5.126751] +VDDIO_SDMMC3: supplied by +3.3V_RUN
[    5.131396] mmc1: Invalid maximum block size, assuming 512 bytes
[    5.169437] mmc1: SDHCI controller on 700b0400.sdhci [700b0400.sdhci] using ADMA 64-bit
[    5.178731] input: gpio-keys as /devices/soc0/gpio-keys/input/input0
[    5.185486] as3722-rtc as3722-rtc: setting system clock to 2000-01-01 00:00:18 UTC (946684818)
[    5.197781] +1.8V_RUN_CAM: disabling
[    5.201464] +2.8V_RUN_CAM: disabling
[    5.205131] +1.2V_RUN_CAM_FRONT: disabling
[    5.209315] +1.05V_RUN_CAM_REAR: disabling
[    5.213502] +3.3V_RUN_TOUCH: disabling
[    5.217339] +2.8V_RUN_CAM_AF: disabling
[    5.221264] +1.8V_RUN_VPP_FUSE: disabling
[    5.225362] +USB0_VBUS_SW: disabling
[    5.364433] ata1: SATA link down (SStatus 0 SControl 300)
[    5.370468] EXT4-fs (mmcblk0p1): couldn't mount as ext3 due to feature incompatibilities
[    5.378959] EXT4-fs (mmcblk0p1): couldn't mount as ext2 due to feature incompatibilities
[    5.394414] usb 2-1: new high-speed USB device number 2 using tegra-ehci
[    5.402124] EXT4-fs (mmcblk0p1): recovery complete
[    5.406932] EXT4-fs (mmcblk0p1): mounted filesystem with ordered data mode. Opts: (null)
[    5.415039] VFS: Mounted root (ext4 filesystem) on device 179:1.
[    5.422952] devtmpfs: mounted
[    5.426428] Freeing unused kernel memory: 1028K (c0df3000 - c0ef4000)
bash: cannot set terminal process group (-1): Inappropriate ioctl for device
bash: no job control in this shell
root@(none):/# 