[0000.751] [TegraBoot] (version 23.00.2015.14-mobile-1ef66670)
[0000.756] Processing in cold boot mode Bootloader 2
[0000.761] A01Q Bootrom Patch rev = 3
[0000.764] Power-up reason: pmu watchdog
[0000.768] No Battery Present
[0000.771] Platform has Ddr4 type ram
[0000.774] max77620 disabling SD1 Remote Sense
[0000.778] Setting Ddr voltage to 1125mv
[0000.783] Serial Number of Pmic Max77663: 0x40daf
[0000.790] Entering ramdump check
[0000.793] Get RamDumpCarveOut = 0x0
[0000.797] RamDumpCarveOut=0x0,  RamDumperFlag=0xe59ff3f8
[0000.802] Last reboot was clean, booting normally!
[0000.806] Sdram initialization is successful 
[0000.810] SecureOs Carveout Base=0xff800000 Size=0x00800000
[0000.816] GSC1 Carveout Base=0xff700000 Size=0x00100000
[0000.842] GSC2 Carveout Base=0xff600000 Size=0x00100000
[0000.868] GSC3 Carveout Base=0xff500000 Size=0x00100000
[0000.873] GSC4 Carveout Base=0xff400000 Size=0x00100000
[0000.878] GSC5 Carveout Base=0xff300000 Size=0x00100000
[0000.883] BpmpFw Carveout Base=0xff2c0000 Size=0x00040000
[0000.888] Lp0 Carveout Base=0xff2bf000 Size=0x00001000
[0000.904] RamDump Carveout Base=0xff23f000 Size=0x00080000
[0000.909] Platform-DebugCarveout: 0
[0000.912] Nck Carveout Base=0xff03f000 Size=0x00200000
[0000.962] Using GPT Primary to query partitions 
[0000.968] Loading Tboot-CPU binary
[0001.016] Verifying bootloader in OdmNonSecureSBK mode
[0001.026] Bootloader load address is 0xa0000000,                            entry address is 0xa0000258
[0001.035] Bootloader downloaded successfully.
[0001.040] Downloaded Tboot-CPU binary to 0xa0000258
[0001.045] MAX77620_GPIO1 Configured.
[0001.049] MAX77620_GPIO5 Configured.
[0001.052] CPU power rail is up
[0001.055] CPU clock enabled
[0001.059] Performing RAM repair
[0001.062] Updating A64 Warmreset Address to 0xa00002e9
[0001.081] Bootloader DTB Load Address: 0x83000000
[0001.099] Kernel DTB Load Address: 0x83080000
[0001.104] Loading cboot binary
[0001.198] Verifying bootloader in OdmNonSecureSBK mode
[0001.286] Bootloader load address is 0x8010fda8,                            entry address is 0x80110000
[0001.295] Bootloader downloaded successfully.
[0001.299] GPT: Partition NOT found ! 
[0001.303] Find Partition via GPT Failed
[0001.306] function NvTbootGetBinaryOffsets: 0x845208 error
[0001.312] Error in NvTbootLoadBinary: 0x845208 !
[0001.316] GPT: Partition NOT found ! 
[0001.320] No FB partition
[0001.322] Next binary entry address: 0x80110000 
[0001.327] BoardId: 2595
[0001.332] dram memory type is 3
[0001.337] WB0 init successful
[0001.364] Bpmp FW successfully loaded
[0001.367] Set NvDecSticky Bits
[0001.371] GSC1 address : ff700000
[0001.374] GSC2 address : ff600000
[0001.378] GSC3 address : ff500000
[0001.382] GSC4 address : ff400000
[0001.385] GSC5 address : ff300000
[0001.389] GSC MC Settings done
[0001.394] TOS old plaintext Image length 61440
[0001.400] *** Secure OS image signature not verified ***
[0001.405] Loading and Validation of Secure OS Successful
[0001.410] NvTbootPackSdramParams: start. 
[0001.415] NvTbootPackSdramParams: done. 
[0001.419] Tegraboot started after 743843 us
[0001.423] Basic modules init took 349073 us
[0001.427] Sec Bootdevice Read Time = 203 ms, Read Size = 8459 KB
[0001.433] Next stage binary read took 14367 us
[0001.437] Carveout took 253933 us
[0001.440] CPU initialization took 92353 us
[0001.444] Total time taken by TegraBoot 709726 us

[0001.449] Starting CPU & Halting co-processor 

64b[0001.584] LPDDR4 Training: Number of tables = 10
[0001.588] EMC Training (SRC-freq: 204000; DST-freq: 408000)
[0001.595] EMC Training Successful
[0001.598] EMC Training (SRC-freq: 204000; DST-freq: 665600)
[0001.604] EMC Training Successful
[0001.607] EMC Training (SRC-freq: 204000; DST-freq: 800000)
[0001.618] EMC Training Successful
[0001.621] EMC Training (SRC-freq: 204000; DST-freq: 1065600)
[0001.644] EMC Training Successful
[0001.647] EMC Training (SRC-freq: 204000; DST-freq: 1331200)
[0001.668] EMC Training Successful
[0001.671] EMC Training (SRC-freq: 204000; DST-freq: 1600000)
[0001.691] EMC Training Successful
[0001.694] Switching to 800000 KHz Success
[0001.727] LPDDR4 Training: Number of tables = 10


U-Boot 2015.07-rc2-g2ac3917 (Nov 09 2015 - 13:12:08 -0800)

TEGRA210
Model: NVIDIA P2371-0000
DRAM:  3 GiB
MC:   Tegra SD/MMC: 0, Tegra SD/MMC: 1
*** Warning - bad CRC, using default environment

In:    serial
Out:   serial
Err:   serial
Net:   Net Initialization Skipped
No ethernet found.
Hit any key to stop autoboot:  2  1  0 
Tegra210 (P2371-0000) # 
Tegra210 (P2371-0000) # ums 0 mmc 0
UMS: disk start sector: 0x0, count: 0x1d5a000
|/-\|/-\/-\|/-\/-\|/-\/-\|/-\/-\|/-\/-\|/-\/-\|/-\/-\|/-\/-\|/-\/-\|/-\/-\|/-\/-\CTRL+C - Operation aborted
Tegra210 (P2371-0000) # 
Tegra210 (P2371-0000) # env set fdt_copy_node_names /cpus:/psci
Tegra210 (P2371-0000) # setenv rootpart 1
Tegra210 (P2371-0000) # setenv devtype mmc
Tegra210 (P2371-0000) # setenv devnum 0
Tegra210 (P2371-0000) # part uuid ${devtype} ${devnum}:${rootpart} uuid
Tegra210 (P2371-0000) # setenv bootargs ignore_loglevel console=ttyS0,115200n8 earlycon=uart8250,mmio32,0x70006000 rw root=PARTUUID=00000000-0001-0000-788f-a75600000000 rootwait debug earlyprintk init=/bin/bash
Tegra210 (P2371-0000) # load ${devtype} ${devnum}:${rootpart} ${kernel_addr_r} /boot/Image.defconfig
14440960 bytes read in 783 ms (17.6 MiB/s)
Tegra210 (P2371-0000) # load ${devtype} ${devnum}:${rootpart} ${fdt_addr_r} /boot/tegra210-p2371-0000.dtb
43755 bytes read in 454 ms (93.8 KiB/s)
Tegra210 (P2371-0000) # load ${devtype} ${devnum}:${rootpart} ${ramdisk_addr_r} /boot/tegra-ramdisk.img
1627787 bytes read in 500 ms (3.1 MiB/s)
Tegra210 (P2371-0000) # ramdisk_size=${filesize}
Tegra210 (P2371-0000) # booti ${kernel_addr_r} - ${fdt_addr_r}
## Flattened Device Tree blob at 82000000
   Booting using the fdt blob at 0x82000000
   Using Device Tree in place at 0000000082000000, end 000000008200daea

Starting kernel ...

[    0.000000] Booting Linux on physical CPU 0x0
[    0.000000] Linux version 4.8.0-next-20161014-151664-gab5594c (pwalmsley@tamien) (gcc version 4.9.2 20140904 (prerelease) (crosstool-NG linaro-1.13.1-4.9-2014.09 - Linaro GCC 4.9-2014.09) ) #1 SMP PREEMPT Thu Oct 13 19:53:50 PDT 2016
[    0.000000] Boot CPU: AArch64 Processor [411fd071]
[    0.000000] debug: ignoring loglevel setting.
[    0.000000] earlycon: uart8250 at MMIO32 0x0000000070006000 (options '')
[    0.000000] bootconsole [uart8250] enabled
[    0.000000] efi: Getting EFI parameters from FDT:
[    0.000000] efi: UEFI not found.
[    0.000000] cma: Reserved 16 MiB at 0x00000000fe000000
[    0.000000] On node 0 totalpages: 782848
[    0.000000]   DMA zone: 8192 pages used for memmap
[    0.000000]   DMA zone: 0 pages reserved
[    0.000000]   DMA zone: 520704 pages, LIFO batch:31
[    0.000000]   Normal zone: 4096 pages used for memmap
[    0.000000]   Normal zone: 262144 pages, LIFO batch:31
[    0.000000] psci: probing for conduit method from DT.
[    0.000000] psci: PSCIv0.2 detected in firmware.
[    0.000000] psci: Using standard PSCI v0.2 function IDs
[    0.000000] psci: MIGRATE_INFO_TYPE not supported.
[    0.000000] percpu: Embedded 21 pages/cpu @ffff8000bff46000 s48000 r8192 d29824 u86016
[    0.000000] pcpu-alloc: s48000 r8192 d29824 u86016 alloc=21*4096
[    0.000000] pcpu-alloc: [0] 0 [0] 1 [0] 2 [0] 3 
[    0.000000] Detected PIPT I-cache on CPU0
[    0.000000] CPU features: enabling workaround for ARM erratum 832075
[    0.000000] CPU features: enabling workaround for ARM erratum 834220
[    0.000000] Built 1 zonelists in Zone order, mobility grouping on.  Total pages: 770560
[    0.000000] Kernel command line: ignore_loglevel console=ttyS0,115200n8 earlycon=uart8250,mmio32,0x70006000 rw root=PARTUUID=00000000-0001-0000-788f-a75600000000 rootwait debug earlyprintk init=/bin/bash
[    0.000000] log_buf_len individual max cpu contribution: 4096 bytes
[    0.000000] log_buf_len total cpu_extra contributions: 12288 bytes
[    0.000000] log_buf_len min size: 16384 bytes
[    0.000000] log_buf_len: 32768 bytes
[    0.000000] early log buf free: 14260(87%)
[    0.000000] PID hash table entries: 4096 (order: 3, 32768 bytes)
[    0.000000] Dentry cache hash table entries: 524288 (order: 10, 4194304 bytes)
[    0.000000] Inode-cache hash table entries: 262144 (order: 9, 2097152 bytes)
[    0.000000] software IO TLB [mem 0xfa000000-0xfe000000] (64MB) mapped at [ffff80007a000000-ffff80007dffffff]
[    0.000000] Memory: 2978504K/3131392K available (8252K kernel code, 854K rwdata, 3908K rodata, 1024K init, 281K bss, 136504K reserved, 16384K cma-reserved)
[    0.000000] Virtual kernel memory layout:
[    0.000000]     modules : 0xffff000000000000 - 0xffff000008000000   (   128 MB)
    vmalloc : 0xffff000008000000 - 0xffff7dffbfff0000   (129022 GB)
      .text : 0xffff000008080000 - 0xffff000008890000   (  8256 KB)
    .rodata : 0xffff000008890000 - 0xffff000008c70000   (  3968 KB)
      .init : 0xffff000008c70000 - 0xffff000008d70000   (  1024 KB)
      .data : 0xffff000008d70000 - 0xffff000008e45a00   (   855 KB)
       .bss : 0xffff000008e45a00 - 0xffff000008e8bf40   (   282 KB)
    fixed   : 0xffff7dfffe7fd000 - 0xffff7dfffec00000   (  4108 KB)
    PCI I/O : 0xffff7dfffee00000 - 0xffff7dffffe00000   (    16 MB)
    vmemmap : 0xffff7e0000000000 - 0xffff800000000000   (  2048 GB maximum)
              0xffff7e0000000000 - 0xffff7e0003000000   (    48 MB actual)
    memory  : 0xffff800000000000 - 0xffff8000c0000000   (  3072 MB)
[    0.000000] SLUB: HWalign=64, Order=0-3, MinObjects=0, CPUs=4, Nodes=1
[    0.000000] Preemptible hierarchical RCU implementation.
[    0.000000] 	Build-time adjustment of leaf fanout to 64.
[    0.000000] 	RCU restricting CPUs from NR_CPUS=64 to nr_cpu_ids=4.
[    0.000000] RCU: Adjusting geometry for rcu_fanout_leaf=64, nr_cpu_ids=4
[    0.000000] NR_IRQS:64 nr_irqs:64 0
[    0.000000] GIC: Using split EOI/Deactivate mode
[    0.000000] /interrupt-controller@60004000: 192 interrupts forwarded to /interrupt-controller@50041000
[    0.000000] PLL_MB already enabled. Postponing set full defaults
[    0.000000] PLL_U already enabled. Postponing set full defaults
[    0.000000] PLL_P already enabled. Postponing set full defaults
[    0.000000] PLL_X already enabled. Postponing set full defaults
[    0.000000] boot misc1 0x0: expected 0x20
[    0.000000]  (comparison mask = 0xffffff)
[    0.000000] arm_arch_timer: Architected cp15 timer(s) running at 19.20MHz (phys).
[    0.000000] clocksource: arch_sys_counter: mask: 0xffffffffffffff max_cycles: 0x46d987e47, max_idle_ns: 440795202767 ns
[    0.000004] sched_clock: 56 bits at 19MHz, resolution 52ns, wraps every 4398046511078ns
[    0.008433] Console: colour dummy device 80x25
[    0.013042] Calibrating delay loop (skipped), value calculated using timer frequency.. 38.40 BogoMIPS (lpj=76800)
[    0.023652] pid_max: default: 32768 minimum: 301
[    0.028496] Security Framework initialized
[    0.032777] Mount-cache hash table entries: 8192 (order: 4, 65536 bytes)
[    0.039705] Mountpoint-cache hash table entries: 8192 (order: 4, 65536 bytes)
[    0.059131] ASID allocator initialised with 65536 entries
[    0.085600] Speedo Revision 4
[    0.088675] Tegra Revision: A01 SKU: 1 CPU Process: -22 SoC Process: -22
[    0.096367] EFI services will not be available.
[    0.149239] Detected PIPT I-cache on CPU1
[    0.149279] CPU1: Booted secondary processor [411fd071]
[    0.181302] Detected PIPT I-cache on CPU2
[    0.181334] CPU2: Booted secondary processor [411fd071]
[    0.213377] Detected PIPT I-cache on CPU3
[    0.213408] CPU3: Booted secondary processor [411fd071]
[    0.213480] Brought up 4 CPUs
[    0.245150] SMP: Total of 4 processors activated.
[    0.250016] CPU features: detected feature: 32-bit EL0 Support
[    0.256093] CPU: All CPU(s) started at EL2
[    0.260347] alternatives: patching kernel code
[    0.268544] devtmpfs: initialized
[    0.281974] DMI not present or invalid.
[    0.286158] clocksource: jiffies: mask: 0xffffffff max_cycles: 0xffffffff, max_idle_ns: 7645041785100000 ns
[    0.296633] pinctrl core: initialized pinctrl subsystem
[    0.303304] NET: Registered protocol family 16
[    0.327957] cpuidle: using governor menu
[    0.332650] vdso: 2 pages (1 code @ ffff000008897000, 1 data @ ffff000008d74000)
[    0.340324] hw-breakpoint: found 6 breakpoint and 4 watchpoint registers.
[    0.348145] DMA: preallocated 256 KiB pool for atomic allocations
[    0.355852] Serial: AMBA PL011 UART driver
[    0.400639] HugeTLB registered 2 MB page size, pre-allocated 0 pages
[    0.408134] ACPI: Interpreter disabled.
[    0.412760] vgaarb: loaded
[    0.415780] SCSI subsystem initialized
[    0.419811] libata version 3.00 loaded.
[    0.424107] usbcore: registered new interface driver usbfs
[    0.429840] usbcore: registered new interface driver hub
[    0.435403] usbcore: registered new device driver usb
[    0.441347] pps_core: LinuxPPS API ver. 1 registered
[    0.446490] pps_core: Software ver. 5.3.6 - Copyright 2005-2007 Rodolfo Giometti <giometti@linux.it>
[    0.455960] PTP clock support registered
[    0.460205] dmi: Firmware registration failed.
[    0.464980] Advanced Linux Sound Architecture Driver Initialized.
[    0.472059] clocksource: Switched to clocksource arch_sys_counter
[    0.478507] VFS: Disk quotas dquot_6.6.0
[    0.482626] VFS: Dquot-cache hash table entries: 512 (order 0, 4096 bytes)
[    0.489972] pnp: PnP ACPI: disabled
[    0.501634] NET: Registered protocol family 2
[    0.506658] TCP established hash table entries: 32768 (order: 6, 262144 bytes)
[    0.514343] TCP bind hash table entries: 32768 (order: 7, 524288 bytes)
[    0.521466] TCP: Hash tables configured (established 32768 bind 32768)
[    0.528301] UDP hash table entries: 2048 (order: 4, 65536 bytes)
[    0.534656] UDP-Lite hash table entries: 2048 (order: 4, 65536 bytes)
[    0.541492] NET: Registered protocol family 1
[    0.546334] RPC: Registered named UNIX socket transport module.
[    0.552472] RPC: Registered udp transport module.
[    0.557368] RPC: Registered tcp transport module.
[    0.562246] RPC: Registered tcp NFSv4.1 backchannel transport module.
[    0.568921] PCI: CLS 0 bytes, default 128
[    0.573605] kvm [1]: 8-bit VMID
[    0.576865] kvm [1]: IDMAP page: 8087f000
[    0.581020] kvm [1]: HYP VA range: 800000000000:ffffffffffff
[    0.587748] kvm [1]: Hyp mode initialized successfully
[    0.593123] kvm [1]: vgic-v2@50044000
[    0.597034] kvm [1]: vgic interrupt IRQ1
[    0.601114] kvm [1]: virtual timer IRQ4
[    0.607057] futex hash table entries: 1024 (order: 5, 131072 bytes)
[    0.613627] audit: initializing netlink subsys (disabled)
[    0.619266] audit: type=2000 audit(0.543:1): initialized
[    0.625164] workingset: timestamp_bits=46 max_order=20 bucket_order=0
[    0.641436] squashfs: version 4.0 (2009/01/31) Phillip Lougher
[    0.648286] NFS: Registering the id_resolver key type
[    0.653530] Key type id_resolver registered
[    0.657860] Key type id_legacy registered
[    0.662019] nfs4filelayout_init: NFSv4 File Layout Driver Registering...
[    0.669106] 9p: Installing v9fs 9p2000 file system support
[    0.677269] Block layer SCSI generic (bsg) driver version 0.4 loaded (major 247)
[    0.684944] io scheduler noop registered
[    0.689147] io scheduler cfq registered (default)
[    0.695237] libphy: mdio_driver_register: phy-bcm-ns2-pci
[    0.714325] tegra-apbdma 60020000.dma: Tegra20 APB DMA driver register 32 channels
[    0.723355] tegra-pmc 7000e400.pmc: i2c-thermtrip node not found, emergency thermal reset disabled.
[    0.733076] xenfs: not registering filesystem on non-xen platform
[    0.744599] Serial: 8250/16550 driver, 4 ports, IRQ sharing disabled
[    0.753162] console [ttyS0] disabled
[    0.756904] 70006000.serial: ttyS0 at MMIO 0x70006000 (irq = 312, base_baud = 25500000) is a Tegra
[    0.766207] console [ttyS0] enabled
[    0.766207] console [ttyS0] enabled
[    0.773295] bootconsole [uart8250] disabled
[    0.773295] bootconsole [uart8250] disabled
[    0.782258] SuperH (H)SCI(F) driver initialized
[    0.787145] msm_serial: driver initialized
[    0.791772] Unable to detect cache hierarchy from DT for CPU 0
[    0.803257] loop: module loaded
[    0.807288] hisi_sas: driver version v1.6
[    0.813894] libphy: Fixed MDIO Bus: probed
[    0.818795] tun: Universal TUN/TAP device driver, 1.6
[    0.823850] tun: (C) 1999-2004 Max Krasnyansky <maxk@qualcomm.com>
[    0.830994] e1000e: Intel(R) PRO/1000 Network Driver - 3.2.6-k
[    0.836831] e1000e: Copyright(c) 1999 - 2015 Intel Corporation.
[    0.842842] igb: Intel(R) Gigabit Ethernet Network Driver - version 5.4.0-k
[    0.849802] igb: Copyright (c) 2007-2014 Intel Corporation.
[    0.855460] igbvf: Intel(R) Gigabit Virtual Function Network Driver - version 2.4.0-k
[    0.863288] igbvf: Copyright (c) 2009 - 2012 Intel Corporation.
[    0.869293] sky2: driver version 1.30
[    0.873543] VFIO - User Level meta-driver version: 0.3
[    0.880133] ehci_hcd: USB 2.0 'Enhanced' Host Controller (EHCI) Driver
[    0.886666] ehci-pci: EHCI PCI platform driver
[    0.891187] ehci-platform: EHCI generic platform driver
[    0.896534] ehci-exynos: EHCI EXYNOS driver
[    0.900824] ehci-msm: Qualcomm On-Chip EHCI Host Controller
[    0.906503] ohci_hcd: USB 1.1 'Open' Host Controller (OHCI) Driver
[    0.912693] ohci-pci: OHCI PCI platform driver
[    0.917217] ohci-platform: OHCI generic platform driver
[    0.922544] ohci-exynos: OHCI EXYNOS driver
[    0.927234] usbcore: registered new interface driver usb-storage
[    0.934389] mousedev: PS/2 mouse device common for all mice
[    0.941414] tegra_rtc 7000e000.rtc: rtc core: registered 7000e000.rtc as rtc1
[    0.948601] tegra_rtc 7000e000.rtc: Tegra internal Real Time Clock
[    0.954959] i2c /dev entries driver
[    0.961185] sdhci: Secure Digital Host Controller Interface driver
[    0.967372] sdhci: Copyright(c) Pierre Ossman
[    0.972032] Synopsys Designware Multimedia Card Interface Driver
[    0.978476] sdhci-pltfm: SDHCI platform and OF driver helper
[    0.984365] mmc0: Unknown controller version (3). You may experience problems.
[    1.036085] mmc0: SDHCI controller on 700b0600.sdhci [700b0600.sdhci] using ADMA 64-bit
[    1.046672] ledtrig-cpu: registered to indicate activity on CPUs
[    1.056778] usbcore: registered new interface driver usbhid
[    1.062380] usbhid: USB HID core driver
[    1.067529] NET: Registered protocol family 17
[    1.072105] 9pnet: Installing 9P2000 support
[    1.077497] Key type dns_resolver registered
[    1.084684] registered taskstats version 1
[    1.095836] hctosys: unable to open rtc device (rtc0)
[    1.101425] ALSA device list:
[    1.104403]   No soundcards found.
[    1.108034] Waiting for root device PARTUUID=00000000-0001-0000-788f-a75600000000...
[    1.132699] mmc0: new high speed MMC card at address 0001
[    1.138541] mmcblk0: mmc0:0001 SDW16G 14.7 GiB 
[    1.143268] mmcblk0boot0: mmc0:0001 SDW16G partition 1 4.00 MiB
[    1.149369] mmcblk0boot1: mmc0:0001 SDW16G partition 2 4.00 MiB
[    1.155482] mmcblk0rpmb: mmc0:0001 SDW16G partition 3 4.00 MiB
[    1.163777]  mmcblk0: p1 p2 p3 p4 p5 p6 p7 p8 p9 p10 p11 p12 p13 p14 p15 p16 p17 p18
[    1.222386] EXT4-fs (mmcblk0p1): couldn't mount as ext3 due to feature incompatibilities
[    1.246151] EXT4-fs (mmcblk0p1): mounted filesystem with ordered data mode. Opts: (null)
[    1.254269] VFS: Mounted root (ext4 filesystem) on device 179:1.
[    1.265383] devtmpfs: mounted
[    1.268956] Freeing unused kernel memory: 1024K (ffff800000c70000 - ffff800000d70000)
bash: cannot set terminal process group (-1): Inappropriate ioctl for device
bash: no job contr[    1.434553] random: fast init done
ol in this shell
root@(none):/# 