

U-Boot 2011.03 (Jun 11 2013 - 06:07:37)

T114
Board: NVIDIA Dalmore
DRAM:  2 GiB
MMC:   Tegra2 SD/MMC: 0, Tegra2 SD/MMC: 1
In:    serial
Out:   serial
Err:   serial
Net:   Net Initialization Skipped
No ethernet found.
Hit any key to stop autoboot:  2  0 
Dalmore #
Dalmore #usb reset
(Re)start USB...
USB:   Register 10011 NbrPorts 1
USB EHCI 1.10
scanning bus for devices... 2 USB Device(s) found
       scanning bus for storage devices... 0 Storage Device(s) found
       scanning bus for ethernet devices... 1 Ethernet Device(s) found
Dalmore #setenv bootargs 'ignore_loglevel console=ttyS0,115200n8 rw root=/dev/mmcblk0p1 rootwait gpt init=/bin/bash'
Dalmore #setenv ipaddr 192.168.100.100; setenv serverip 192.168.100.1; setenv tftpserverip 192.168.100.1
Dalmore #tftpboot 0x81000000 zImage.multi_v7_defconfig
Waiting for Ethernet connection... done.
Using asx0 device
TFTP from server 192.168.100.1; our IP address is 192.168.100.100
Filename 'zImage.multi_v7_defconfig'.
Load address: 0x81000000
Loading: *#################################################  2.8 MiB/s
done
Bytes transferred = 3925080 (3be458 hex)
Dalmore #tftpboot 0x82000000 tegra114-dalmore.dtb
Using asx0 device
TFTP from server 192.168.100.1; our IP address is 192.168.100.100
Filename 'tegra114-dalmore.dtb'.
Load address: 0x82000000
Loading: *#################################################  2.6 MiB/s
done
Bytes transferred = 29436 (72fc hex)
Dalmore #bootz 0x81000000 - 0x82000000
## Flattened Device Tree blob at 82000000
   Booting using the fdt blob at 0x82000000
   Loading Device Tree to 81ff5000, end 81fff2fb ... OK

Starting kernel ...

Timer summary in microseconds:
       Mark    Elapsed  Stage
          0          0  awake
  2,123,660  2,123,660  usb_start
  6,127,034  4,003,374  eth_start
  6,127,031         -3  tftp start
  9,903,526  3,776,495  tftp done
 11,138,856  1,235,330  start_kernel
[    0.000000] Booting Linux on physical CPU 0x0
[    0.000000] Linux version 3.12.0-rc1-11242-ge03b49d (pwalmsley@kaivo) (gcc version 4.5.1 (Sourcery G++ Lite 2010.09-50) ) #1 SMP Tue Oct 22 08:20:48 PDT 2013
[    0.000000] CPU: ARMv7 Processor [412fc0f2] revision 2 (ARMv7), cr=10c5387d
[    0.000000] CPU: PIPT / VIPT nonaliasing data cache, PIPT instruction cache
[    0.000000] Machine: NVIDIA Tegra SoC (Flattened Device Tree), model: NVIDIA Tegra114 Dalmore evaluation board
[    0.000000] debug: ignoring loglevel setting.
[    0.000000] Memory policy: ECC disabled, Data cache writealloc
[    0.000000] On node 0 totalpages: 524032
[    0.000000] free_area_init_node: node 0, pgdat c07a2940, node_mem_map c07ea000
[    0.000000]   DMA zone: 1520 pages used for memmap
[    0.000000]   DMA zone: 0 pages reserved
[    0.000000]   DMA zone: 194560 pages, LIFO batch:31
[    0.000000]   HighMem zone: 2574 pages used for memmap
[    0.000000]   HighMem zone: 329472 pages, LIFO batch:31
[    0.000000] Tegra Revision: A01 SKU: 0 CPU Process: 1 Core Process: 1
[    0.000000] PERCPU: Embedded 5 pages/cpu @c1802000 s6976 r0 d13504 u32768
[    0.000000] pcpu-alloc: s6976 r0 d13504 u32768 alloc=8*4096
[    0.000000] pcpu-alloc: [0] 0 [0] 1 [0] 2 [0] 3 
[    0.000000] Built 1 zonelists in Zone order, mobility grouping on.  Total pages: 522512
[    0.000000] Kernel command line: ignore_loglevel console=ttyS0,115200n8 rw root=/dev/mmcblk0p1 rootwait gpt init=/bin/bash
[    0.000000] PID hash table entries: 4096 (order: 2, 16384 bytes)
[    0.000000] Dentry cache hash table entries: 131072 (order: 7, 524288 bytes)
[    0.000000] Inode-cache hash table entries: 65536 (order: 6, 262144 bytes)
[    0.000000] Memory: 2070616K/2096128K available (5324K kernel code, 589K rwdata, 1388K rodata, 478K init, 278K bss, 25512K reserved, 1317888K highmem)
[    0.000000] Virtual kernel memory layout:
[    0.000000]     vector  : 0xffff0000 - 0xffff1000   (   4 kB)
[    0.000000]     fixmap  : 0xfff00000 - 0xfffe0000   ( 896 kB)
[    0.000000]     vmalloc : 0xf0000000 - 0xff000000   ( 240 MB)
[    0.000000]     lowmem  : 0xc0000000 - 0xef800000   ( 760 MB)
[    0.000000]     pkmap   : 0xbfe00000 - 0xc0000000   (   2 MB)
[    0.000000]       .text : 0xc0008000 - 0xc069646c   (6714 kB)
[    0.000000]       .init : 0xc0697000 - 0xc070eb40   ( 479 kB)
[    0.000000]       .data : 0xc0710000 - 0xc07a3720   ( 590 kB)
[    0.000000]        .bss : 0xc07a3728 - 0xc07e9274   ( 279 kB)
[    0.000000] SLUB: HWalign=64, Order=0-3, MinObjects=0, CPUs=4, Nodes=1
[    0.000000] Hierarchical RCU implementation.
[    0.000000] NR_IRQS:16 nr_irqs:16 16
[    0.000000] sched_clock: 32 bits at 1000kHz, resolution 1000ns, wraps every 4294967ms
[    0.000000] Architected cp15 timer(s) running at 12.00MHz (virt).
[    0.000000] Switching to timer-based delay loop
[    0.000000] sched_clock: ARM arch timer >56 bits at 12000kHz, resolution 83ns
[    0.000000] Console: colour dummy device 80x30
[   11.086589] Calibrating delay loop (skipped), value calculated using timer frequency.. 24.00 BogoMIPS (lpj=120000)
[   11.086606] pid_max: default: 32768 minimum: 301
[   11.086754] Mount-cache hash table entries: 512
[   11.094627] CPU: Testing write buffer coherency: ok
[   11.094871] /cpus/cpu@0 missing clock-frequency property
[   11.094899] /cpus/cpu@1 missing clock-frequency property
[   11.094924] /cpus/cpu@2 missing clock-frequency property
[   11.094951] /cpus/cpu@3 missing clock-frequency property
[   11.094963] CPU0: thread -1, cpu 0, socket 0, mpidr 80000000
[   11.094988] Setting up static identity map for 0xc050eca8 - 0xc050ed40
[   11.095200] unable to find compatible sirf rstc node in dtb
[   11.096429] CPU1: Booted secondary processor
[   11.096456] CPU1: thread -1, cpu 1, socket 0, mpidr 80000001
[   11.096979] CPU2: Booted secondary processor
[   11.097003] CPU2: thread -1, cpu 2, socket 0, mpidr 80000002
[   11.097517] CPU3: Booted secondary processor
[   11.097541] CPU3: thread -1, cpu 3, socket 0, mpidr 80000003
[   11.097629] Brought up 4 CPUs
[   11.097655] SMP: Total of 4 processors activated.
[   11.097663] CPU: All CPU(s) started in SVC mode.
[   11.098313] devtmpfs: initialized
[   11.103670] VFP support v0.3: implementor 41 architecture 4 part 30 variant f rev 0
[   11.103868] pinctrl core: initialized pinctrl subsystem
[   11.104224] regulator-dummy: no parameters
[   11.106852] NET: Registered protocol family 16
[   11.107085] DMA: preallocated 256 KiB pool for atomic coherent allocations
[   11.117388] Serial: AMBA PL011 UART driver
[   11.122440] bio: create slab <bio-0> at 0
[   11.123806] edma-dma-engine edma-dma-engine.0: Can't allocate PaRAM dummy slot
[   11.123829] edma-dma-engine: probe of edma-dma-engine.0 failed with error -5
[   11.124216] vdd_ac_bat: 5000 mV 
[   11.124401] dvdd_ts: Failed to request enable GPIO61: -517
[   11.124492] reg-fixed-voltage 1.regulator: Failed to register regulator: -517
[   11.124510] platform 1.regulator: Driver reg-fixed-voltage requests probe deferral
[   11.124628] lcd_bl_en: Failed to request enable GPIO58: -517
[   11.124708] reg-fixed-voltage 2.regulator: Failed to register regulator: -517
[   11.124725] platform 2.regulator: Driver reg-fixed-voltage requests probe deferral
[   11.124842] usb1_vbus: Failed to request enable GPIO108: -517
[   11.124918] reg-fixed-voltage 3.regulator: Failed to register regulator: -517
[   11.124935] platform 3.regulator: Driver reg-fixed-voltage requests probe deferral
[   11.125050] usb2_vbus: Failed to request enable GPIO86: -517
[   11.125125] reg-fixed-voltage 4.regulator: Failed to register regulator: -517
[   11.125142] platform 4.regulator: Driver reg-fixed-voltage requests probe deferral
[   11.125256] vdd_hdmi_5v0: Failed to request enable GPIO81: -517
[   11.125331] reg-fixed-voltage 5.regulator: Failed to register regulator: -517
[   11.125348] platform 5.regulator: Driver reg-fixed-voltage requests probe deferral
[   11.125403] platform 6.regulator: Driver reg-fixed-voltage requests probe deferral
[   11.126512] SCSI subsystem initialized
[   11.126664] libata version 3.00 loaded.
[   11.126863] usbcore: registered new interface driver usbfs
[   11.126900] usbcore: registered new interface driver hub
[   11.126988] usbcore: registered new device driver usb
[   11.129758] vdd-cpu: 500 <--> 1520 mV at 1100 mV 
[   11.129948] genirq: Setting trigger mode 8 for irq 118 failed (gic_set_type+0x0/0x100)
[   11.130149] pps_core: LinuxPPS API ver. 1 registered
[   11.130157] pps_core: Software ver. 5.3.6 - Copyright 2005-2007 Rodolfo Giometti <giometti@linux.it>
[   11.130180] PTP clock support registered
[   11.130213] EDAC MC: Ver: 3.0.0
[   11.131097] Switched to clocksource arch_sys_counter
[   11.138739] NET: Registered protocol family 2
[   11.139238] TCP established hash table entries: 8192 (order: 4, 65536 bytes)
[   11.139423] TCP bind hash table entries: 8192 (order: 4, 65536 bytes)
[   11.139600] TCP: Hash tables configured (established 8192 bind 8192)
[   11.139659] TCP: reno registered
[   11.139673] UDP hash table entries: 512 (order: 2, 16384 bytes)
[   11.139713] UDP-Lite hash table entries: 512 (order: 2, 16384 bytes)
[   11.139942] NET: Registered protocol family 1
[   11.140208] RPC: Registered named UNIX socket transport module.
[   11.140218] RPC: Registered udp transport module.
[   11.140225] RPC: Registered tcp transport module.
[   11.140233] RPC: Registered tcp NFSv4.1 backchannel transport module.
[   11.140709] mop500-uib: failed to get adapter i2c2
[   11.142183] bounce pool size: 64 pages
[   11.149492] NFS: Registering the id_resolver key type
[   11.149538] Key type id_resolver registered
[   11.149548] Key type id_legacy registered
[   11.149786] Block layer SCSI generic (bsg) driver version 0.4 loaded (major 251)
[   11.149798] io scheduler noop registered
[   11.149806] io scheduler deadline registered
[   11.149936] io scheduler cfq registered (default)
[   11.158491] tegra-apbdma 6000a000.dma: Tegra20 APB DMA driver register 32 channels
[   11.206264] Serial: 8250/16550 driver, 4 ports, IRQ sharing disabled
[   11.207365] Serial: IMX driver
[   11.208351] 70006300.serial: ttyS0 at MMIO 0x70006300 (irq = 122, base_baud = 25500000) is a Tegra
[   11.935816] console [ttyS0] enabled
[   11.940186] serial: Freescale lpuart driver
[   11.944627] [drm] Initialized drm 1.1.0 20060810
[   11.951697] ehci_hcd: USB 2.0 'Enhanced' Host Controller (EHCI) Driver
[   11.958206] ehci-platform: EHCI generic platform driver
[   11.963502] ehci-omap: OMAP-EHCI Host Controller driver
[   11.968795] ehci-orion: EHCI orion driver
[   11.972862] SPEAr-ehci: EHCI SPEAr driver
[   11.976929] tegra-ehci: Tegra EHCI driver
[   11.981120] platform 7d008000.usb: Driver tegra-ehci requests probe deferral
[   11.988405] usbcore: registered new interface driver usb-storage
[   11.994935] platform 7d008000.usb-phy: Driver tegra-phy requests probe deferral
[   12.002974] mousedev: PS/2 mouse device common for all mice
[   12.009209] tegra_rtc 7000e000.rtc: rtc core: registered 7000e000.rtc as rtc0
[   12.016326] tegra_rtc 7000e000.rtc: Tegra internal Real Time Clock
[   12.023094] sdhci: Secure Digital Host Controller Interface driver
[   12.029249] sdhci: Copyright(c) Pierre Ossman
[   12.033892] sdhci-pltfm: SDHCI platform and OF driver helper
[   12.039851] sdhci-tegra 78000400.sdhci: Got CD GPIO #170.
[   12.046249] mmc0: no vqmmc regulator found
[   12.050340] mmc0: no vmmc regulator found
[   12.054326] mmc0: Invalid maximum block size, assuming 512 bytes
[   12.097230] mmc0: SDHCI controller on 78000400.sdhci [78000400.sdhci] using ADMA
[   12.104688] mmc1: no vqmmc regulator found
[   12.108781] mmc1: no vmmc regulator found
[   12.112767] mmc1: Invalid maximum block size, assuming 512 bytes
[   12.156990] mmc1: SDHCI controller on 78000600.sdhci [78000600.sdhci] using ADMA
[   12.164753] usbcore: registered new interface driver usbhid
[   12.170309] usbhid: USB HID core driver
[   12.174350] TCP: cubic registered
[   12.178122] NET: Registered protocol family 10
[   12.183162] sit: IPv6 over IPv4 tunneling driver
[   12.188346] Key type dns_resolver registered
[   12.192711] Registering SWP/SWPB emulation handler
[   12.200593] dvdd_ts: 1800 mV 
[   12.203838] lcd_bl_en: 5000 mV 
[   12.207239] usb1_vbus: 5000 mV 
[   12.210395] reg-fixed-voltage 3.regulator: Failed to find supply vin
[   12.216824] reg-fixed-voltage 3.regulator: Failed to register regulator: -517
[   12.223928] platform 3.regulator: Driver reg-fixed-voltage requests probe deferral
[   12.231901] usb2_vbus: 5000 mV 
[   12.235051] reg-fixed-voltage 4.regulator: Failed to find supply vin
[   12.241469] reg-fixed-voltage 4.regulator: Failed to register regulator: -517
[   12.248587] platform 4.regulator: Driver reg-fixed-voltage requests probe deferral
[   12.256473] vdd_hdmi_5v0: 5000 mV 
[   12.259897] reg-fixed-voltage 5.regulator: Failed to find supply vin
[   12.266295] reg-fixed-voltage 5.regulator: Failed to register regulator: -517
[   12.273419] platform 5.regulator: Driver reg-fixed-voltage requests probe deferral
[   12.278781] mmc1: BKOPS_EN bit is not set
[   12.285223] platform 6.regulator: Driver reg-fixed-voltage requests probe deferral
[   12.293225] platform 7d008000.usb: Driver tegra-ehci requests probe deferral
[   12.300614] platform 7d008000.usb-phy: Driver tegra-phy requests probe deferral
[   12.305138] mmc1: new HS200 MMC card at address 0001
[   12.305562] mmcblk0: mmc1:0001 SEM32G 29.1 GiB 
[   12.305724] mmcblk0boot0: mmc1:0001 SEM32G partition 1 4.00 MiB
[   12.305878] mmcblk0boot1: mmc1:0001 SEM32G partition 2 4.00 MiB
[   12.306041] mmcblk0rpmb: mmc1:0001 SEM32G partition 3 4.00 MiB
[   12.308417] Primary GPT is invalid, using alternate GPT.
[   12.308442]  mmcblk0: p1 p2 p3 p4 p5
[   12.311266]  mmcblk0boot1: unknown partition table
[   12.312816]  mmcblk0boot0: unknown partition table
[   12.353475] usb1_vbus: 5000 mV 
[   12.356646] reg-fixed-voltage 3.regulator: Failed to find supply vin
[   12.363046] reg-fixed-voltage 3.regulator: Failed to register regulator: -517
[   12.370163] platform 3.regulator: Driver reg-fixed-voltage requests probe deferral
[   12.378088] usb2_vbus: 5000 mV 
[   12.381237] reg-fixed-voltage 4.regulator: Failed to find supply vin
[   12.387648] reg-fixed-voltage 4.regulator: Failed to register regulator: -517
[   12.394751] platform 4.regulator: Driver reg-fixed-voltage requests probe deferral
[   12.402639] vdd_hdmi_5v0: 5000 mV 
[   12.406063] reg-fixed-voltage 5.regulator: Failed to find supply vin
[   12.412460] reg-fixed-voltage 5.regulator: Failed to register regulator: -517
[   12.419577] platform 5.regulator: Driver reg-fixed-voltage requests probe deferral
[   12.427392] platform 6.regulator: Driver reg-fixed-voltage requests probe deferral
[   12.435371] platform 7d008000.usb: Driver tegra-ehci requests probe deferral
[   12.442529] tegra_rtc 7000e000.rtc: setting system clock to 1970-01-01 00:00:13 UTC (13)
[   12.455422] EXT4-fs (mmcblk0p1): mounting ext3 file system using the ext4 subsystem
[   12.499356] EXT4-fs (mmcblk0p1): recovery complete
[   12.504135] EXT4-fs (mmcblk0p1): mounted filesystem with ordered data mode. Opts: (null)
[   12.512236] VFS: Mounted root (ext3 filesystem) on device 179:1.
[   12.520117] devtmpfs: mounted
[   12.523498] Freeing unused kernel memory: 476K (c0697000 - c070e000)
bash: cannot set terminal process group (-1): Inappropriate ioctl for device
bash: no job control in this shell
I have no name!@(none):/# 