[0000.875] [TegraBoot] (version 23.00.2015.14-mobile-1ef66670)
[0000.881] Processing in cold boot mode Bootloader 2
[0000.885] A01Q Bootrom Patch rev = 3
[0000.889] Power-up reason: pmu watchdog
[0000.892] No Battery Present
[0000.895] Platform has Ddr4 type ram
[0000.898] max77620 disabling SD1 Remote Sense
[0000.903] Setting Ddr voltage to 1125mv
[0000.907] Serial Number of Pmic Max77663: 0x40daf
[0000.915] Entering ramdump check
[0000.918] Get RamDumpCarveOut = 0x0
[0000.921] RamDumpCarveOut=0x0,  RamDumperFlag=0xe59ff3f8
[0000.926] Last reboot was clean, booting normally!
[0000.931] Sdram initialization is successful 
[0000.935] SecureOs Carveout Base=0xff800000 Size=0x00800000
[0000.940] GSC1 Carveout Base=0xff700000 Size=0x00100000
[0000.966] GSC2 Carveout Base=0xff600000 Size=0x00100000
[0000.992] GSC3 Carveout Base=0xff500000 Size=0x00100000
[0000.997] GSC4 Carveout Base=0xff400000 Size=0x00100000
[0001.002] GSC5 Carveout Base=0xff300000 Size=0x00100000
[0001.007] BpmpFw Carveout Base=0xff2c0000 Size=0x00040000
[0001.013] Lp0 Carveout Base=0xff2bf000 Size=0x00001000
[0001.028] RamDump Carveout Base=0xff23f000 Size=0x00080000
[0001.033] Platform-DebugCarveout: 0
[0001.037] Nck Carveout Base=0xff03f000 Size=0x00200000
[0001.086] Using GPT Primary to query partitions 
[0001.091] Loading Tboot-CPU binary
[0001.140] Verifying bootloader in OdmNonSecureSBK mode
[0001.150] Bootloader load address is 0xa0000000,                            entry address is 0xa0000258
[0001.159] Bootloader downloaded successfully.
[0001.163] Downloaded Tboot-CPU binary to 0xa0000258
[0001.169] MAX77620_GPIO1 Configured.
[0001.172] MAX77620_GPIO5 Configured.
[0001.176] CPU power rail is up
[0001.179] CPU clock enabled
[0001.182] Performing RAM repair
[0001.185] Updating A64 Warmreset Address to 0xa00002e9
[0001.205] Bootloader DTB Load Address: 0x83000000
[0001.222] Kernel DTB Load Address: 0x83080000
[0001.227] Loading cboot binary
[0001.321] Verifying bootloader in OdmNonSecureSBK mode
[0001.408] Bootloader load address is 0x8010fda8,                            entry address is 0x80110000
[0001.418] Bootloader downloaded successfully.
[0001.422] GPT: Partition NOT found ! 
[0001.425] Find Partition via GPT Failed
[0001.429] function NvTbootGetBinaryOffsets: 0x845208 error
[0001.434] Error in NvTbootLoadBinary: 0x845208 !
[0001.439] GPT: Partition NOT found ! 
[0001.442] No FB partition
[0001.444] Next binary entry address: 0x80110000 
[0001.449] BoardId: 2595
[0001.454] dram memory type is 3
[0001.460] WB0 init successful
[0001.486] Bpmp FW successfully loaded
[0001.490] Set NvDecSticky Bits
[0001.493] GSC1 address : ff700000
[0001.497] GSC2 address : ff600000
[0001.500] GSC3 address : ff500000
[0001.504] GSC4 address : ff400000
[0001.508] GSC5 address : ff300000
[0001.511] GSC MC Settings done
[0001.516] TOS old plaintext Image length 61440
[0001.523] *** Secure OS image signature not verified ***
[0001.528] Loading and Validation of Secure OS Successful
[0001.533] NvTbootPackSdramParams: start. 
[0001.538] NvTbootPackSdramParams: done. 
[0001.541] Tegraboot started after 871154 us
[0001.546] Basic modules init took 348385 us
[0001.550] Sec Bootdevice Read Time = 202 ms, Read Size = 8459 KB
[0001.555] Next stage binary read took 14382 us
[0001.560] Carveout took 252663 us
[0001.563] CPU initialization took 92412 us
[0001.567] Total time taken by TegraBoot 707842 us

[0001.571] Starting CPU & Halting co-processor 

64b[0001.707] LPDDR4 Training: Number of tables = 10
[0001.711] EMC Training (SRC-freq: 204000; DST-freq: 408000)
[0001.717] EMC Training Successful
[0001.720] EMC Training (SRC-freq: 204000; DST-freq: 665600)
[0001.726] EMC Training Successful
[0001.729] EMC Training (SRC-freq: 204000; DST-freq: 800000)
[0001.740] EMC Training Successful
[0001.743] EMC Training (SRC-freq: 204000; DST-freq: 1065600)
[0001.766] EMC Training Successful
[0001.769] EMC Training (SRC-freq: 204000; DST-freq: 1331200)
[0001.791] EMC Training Successful
[0001.794] EMC Training (SRC-freq: 204000; DST-freq: 1600000)
[0001.813] EMC Training Successful
[0001.817] Switching to 800000 KHz Success
[0001.850] LPDDR4 Training: Number of tables = 10


U-Boot 2015.07-rc2-g2ac3917 (Nov 09 2015 - 13:12:08 -0800)

TEGRA210
Model: NVIDIA P2371-0000
DRAM:  3 GiB
MC:   Tegra SD/MMC: 0, Tegra SD/MMC: 1
*** Warning - bad CRC, using default environment

In:    serial
Out:   serial
Err:   serial
Net:   Net Initialization Skipped
No ethernet found.
Hit any key to stop autoboot:  2  0 
Tegra210 (P2371-0000) # 
Tegra210 (P2371-0000) # ums 0 mmc 0
UMS: disk start sector: 0x0, count: 0x1d5a000
|/-\|/-\/-\|/-\/-\|/-\/-\|/-\/-\|/-\/-\|/-\/-\|/-\/-\|/-\/-\|CTRL+C - Operation aborted
Tegra210 (P2371-0000) # 
Tegra210 (P2371-0000) # env set fdt_copy_node_names /cpus:/psci
Tegra210 (P2371-0000) # setenv rootpart 1
Tegra210 (P2371-0000) # setenv devtype mmc
Tegra210 (P2371-0000) # setenv devnum 0
Tegra210 (P2371-0000) # part uuid ${devtype} ${devnum}:${rootpart} uuid
Tegra210 (P2371-0000) # setenv bootargs ignore_loglevel console=ttyS0,115200n8 earlycon=uart8250,mmio32,0x70006000 rw root=PARTUUID=00000000-0001-0000-788f-a75600000000 rootwait debug earlyprintk init=/bin/bash
Tegra210 (P2371-0000) # load ${devtype} ${devnum}:${rootpart} ${kernel_addr_r} /boot/Image.defconfig
16773632 bytes read in 842 ms (19 MiB/s)
Tegra210 (P2371-0000) # load ${devtype} ${devnum}:${rootpart} ${fdt_addr_r} /boot/tegra210-p2371-0000.dtb
44764 bytes read in 454 ms (95.7 KiB/s)
Tegra210 (P2371-0000) # load ${devtype} ${devnum}:${rootpart} ${ramdisk_addr_r} /boot/tegra-ramdisk.img
1627787 bytes read in 495 ms (3.1 MiB/s)
Tegra210 (P2371-0000) # ramdisk_size=${filesize}
Tegra210 (P2371-0000) # booti ${kernel_addr_r} - ${fdt_addr_r}
## Flattened Device Tree blob at 82000000
   Booting using the fdt blob at 0x82000000
   Using Device Tree in place at 0000000082000000, end 000000008200dedb

Starting kernel ...

[    0.000000] Booting Linux on physical CPU 0x0000000000 [0x411fd071]
[    0.000000] Linux version 4.14.0-rc8-next-20171107-213520-g8b82a8a (jonathanh@sellafield) (gcc version 4.9.2 20140904 (prerelease) (crosstool-NG linaro-1.13.1-4.9-2014.09 - Linaro GCC 4.9-2014.09)) #1 SMP PREEMPT Mon Nov 6 21:51:46 PST 2017
[    0.000000] Machine model: NVIDIA Tegra210 P2371 (P2530/P2595) reference design
[    0.000000] debug: ignoring loglevel setting.
[    0.000000] earlycon: uart8250 at MMIO32 0x0000000070006000 (options '')
[    0.000000] bootconsole [uart8250] enabled
[    0.000000] efi: Getting EFI parameters from FDT:
[    0.000000] efi: UEFI not found.
[    0.000000] cma: Reserved 16 MiB at 0x00000000fe000000
[    0.000000] NUMA: No NUMA configuration found
[    0.000000] NUMA: Faking a node at [mem 0x0000000000000000-0x000000013fffffff]
[    0.000000] NUMA: NODE_DATA [mem 0x13ffb6e00-0x13ffb88ff]
[    0.000000] Unable to handle kernel NULL pointer dereference at virtual address 00000000
[    0.000000] Mem abort info:
[    0.000000]   ESR = 0x96000004
[    0.000000]   Exception class = DABT (current EL), IL = 32 bits
[    0.000000]   SET = 0, FnV = 0
[    0.000000]   EA = 0, S1PTW = 0
[    0.000000] Data abort info:
[    0.000000]   ISV = 0, ISS = 0x00000004
[    0.000000]   CM = 0, WnR = 0
[    0.000000] [0000000000000000] user address but active_mm is swapper
[    0.000000] Internal error: Oops: 96000004 [#1] PREEMPT SMP
[    0.000000] Modules linked in:
[    0.000000] CPU: 0 PID: 0 Comm: swapper Not tainted 4.14.0-rc8-next-20171107-213520-g8b82a8a #1
[    0.000000] Hardware name: NVIDIA Tegra210 P2371 (P2530/P2595) reference design (DT)
[    0.000000] task: ffff000008f72a80 task.stack: ffff000008f60000
[    0.000000] pstate: 80000085 (Nzcv daIf -PAN -UAO)
[    0.000000] pc : memory_present+0x68/0xf4
[    0.000000] lr : memory_present+0x34/0xf4
[    0.000000] sp : ffff000008f63e80
[    0.000000] x29: ffff000008f63e80 x28: 0000000080e50018 
[    0.000000] x27: 0000000000000000 x26: 0000000000000004 
[    0.000000] x25: 0000000000000002 x24: 0000000000000000 
[    0.000000] x23: 0000000000000000 x22: ffff0000090b7000 
[    0.000000] x21: 0000000000000000 x20: ffff0000090b7000 
[    0.000000] x19: 0000000000080000 x18: ffff0000090b3bc0 
[    0.000000] x17: 0000000000000007 x16: 0000000000000001 
[    0.000000] x15: 0000000100000000 x14: 000000000003b6e4 
[    0.000000] x13: 000000013ffb8918 x12: 0000000000000001 
[    0.000000] x11: 000000000000000b x10: ffff000008f8c858 
[    0.000000] x9 : 0000000000000000 x8 : ffff8000bffb8900 
[    0.000000] x7 : 0000000000000000 x6 : 0000000000000000 
[    0.000000] x5 : fffffffffffffffe x4 : ffffffffffffffff 
[    0.000000] x3 : 0000001000000000 x2 : 00000000000ff200 
[    0.000000] x1 : 0000000000000004 x0 : 0000000000000000 
[    0.000000] Process swapper (pid: 0, stack limit = 0xffff000008f60000)
[    0.000000] Call trace:
[    0.000000]  memory_present+0x68/0xf4
[    0.000000]  bootmem_init+0x90/0x11c
[    0.000000]  setup_arch+0x19c/0x4ec
[    0.000000]  start_kernel+0x64/0x3ac
[    0.000000] Code: d35afe78 f941be80 d37df318 d352fe79 (f8786800) 
[    0.000000] random: get_random_bytes called from print_oops_end_marker+0x48/0x64 with crng_init=0
[    0.000000] ---[ end trace 0000000000000000 ]---
[    0.000000] Kernel panic - not syncing: Attempted to kill the idle task!
[    0.000000] ---[ end Kernel panic - not syncing: Attempted to kill the idle task!
