
U-Boot SPL 2014.01-00219-gc4d376f (Feb 18 2014 - 19:57:18)


U-Boot 2014.01-00219-gc4d376f (Feb 18 2014 - 19:57:18)

TEGRA30
Board: NVIDIA Beaver
I2C:   ready
DRAM:  2 GiB
MMC:   Tegra SD/MMC: 0, Tegra SD/MMC: 1
In:    serial
Out:   serial
Err:   serial
Net:   Net Initialization Skipped
No ethernet found.
Hit any key to stop autoboot:  2  0 
Tegra30 (Beaver) # 
Tegra30 (Beaver) # usb reset
(Re)start USB...
USB0:   USB EHCI 1.00
scanning bus 0 for devices... 2 USB Device(s) found
       scanning usb for storage devices... 0 Storage Device(s) found
       scanning usb for ethernet devices... 
Warning: asx0 using MAC address from net device
1 Ethernet Device(s) found
Tegra30 (Beaver) # setenv bootargs 'ignore_loglevel console=ttyS0,115200n8 rw root=PARTUUID=edbe1840-3633-c751-7993-b0ac834f81e0 rootwait gpt debug noinitrd earlyprintk init=/bin/bash'
Tegra30 (Beaver) # setenv ipaddr 192.168.100.101; setenv serverip 192.168.100.1; setenv tftpserverip 192.168.100.1
Tegra30 (Beaver) # tftpboot 0x81000000 zImage.multi_v7_defconfig
Using asx0 device
TFTP from server 192.168.100.1; our IP address is 192.168.100.101
Filename 'zImage.multi_v7_defconfig'.
Load address: 0x81000000
Loading: *#################################################################
	 #################################################################
	 #################################################################
	 #################################################################
	 #################################################################
	 #################################################################
	 #################################################################
	 ########################
	 3.1 MiB/s
done
Bytes transferred = 7017832 (6b1568 hex)
Tegra30 (Beaver) # tftpboot 0x82000000 tegra30-beaver.dtb
Using asx0 device
TFTP from server 192.168.100.1; our IP address is 192.168.100.101
Filename 'tegra30-beaver.dtb'.
Load address: 0x82000000
Loading: *####
	 2.7 MiB/s
done
Bytes transferred = 51511 (c937 hex)
Tegra30 (Beaver) # bootz 0x81000000 - 0x82000000
Kernel image @ 0x81000000 [ 0x000000 - 0x6b1568 ]
## Flattened Device Tree blob at 82000000
   Booting using the fdt blob at 0x82000000
   Loading Device Tree to 8fff0000, end 8ffff936 ... OK

Starting kernel ...

[    0.000000] Booting Linux on physical CPU 0x0
[    0.000000] Linux version 4.6.0-rc4-next-20160420-88117-g356ed29 (pwalmsley@sellafield) (gcc version 4.7.3 20130328 (prerelease) (crosstool-NG linaro-1.13.1-4.7-2013.04-20130415 - Linaro GCC 2013.04) ) #1 SMP Tue Apr 19 22:49:08 PDT 2016
[    0.000000] CPU: ARMv7 Processor [412fc099] revision 9 (ARMv7), cr=10c5387d
[    0.000000] CPU: PIPT / VIPT nonaliasing data cache, VIPT aliasing instruction cache
[    0.000000] Machine model: NVIDIA Tegra30 Beaver evaluation board
[    0.000000] debug: ignoring loglevel setting.
[    0.000000] cma: Reserved 64 MiB at 0xfb800000
[    0.000000] Memory policy: Data cache writealloc
[    0.000000] On node 0 totalpages: 524032
[    0.000000] free_area_init_node: node 0, pgdat c1417f40, node_mem_map eeff8000
[    0.000000]   DMA zone: 1536 pages used for memmap
[    0.000000]   DMA zone: 0 pages reserved
[    0.000000]   DMA zone: 196608 pages, LIFO batch:31
[    0.000000]   HighMem zone: 327424 pages, LIFO batch:31
[    0.000000] percpu: Embedded 12 pages/cpu @eef93000 s19648 r8192 d21312 u49152
[    0.000000] pcpu-alloc: s19648 r8192 d21312 u49152 alloc=12*4096
[    0.000000] pcpu-alloc: [0] 0 [0] 1 [0] 2 [0] 3 
[    0.000000] Built 1 zonelists in Zone order, mobility grouping on.  Total pages: 522496
[    0.000000] Kernel command line: ignore_loglevel console=ttyS0,115200n8 rw root=PARTUUID=edbe1840-3633-c751-7993-b0ac834f81e0 rootwait gpt debug noinitrd earlyprintk init=/bin/bash
[    0.000000] PID hash table entries: 4096 (order: 2, 16384 bytes)
[    0.000000] Dentry cache hash table entries: 131072 (order: 7, 524288 bytes)
[    0.000000] Inode-cache hash table entries: 65536 (order: 6, 262144 bytes)
[    0.000000] Memory: 1995072K/2096128K available (9526K kernel code, 1127K rwdata, 4160K rodata, 2048K init, 338K bss, 35520K reserved, 65536K cma-reserved, 1244160K highmem)
[    0.000000] Virtual kernel memory layout:
[    0.000000]     vector  : 0xffff0000 - 0xffff1000   (   4 kB)
[    0.000000]     fixmap  : 0xffc00000 - 0xfff00000   (3072 kB)
[    0.000000]     vmalloc : 0xf0800000 - 0xff800000   ( 240 MB)
[    0.000000]     lowmem  : 0xc0000000 - 0xf0000000   ( 768 MB)
[    0.000000]     pkmap   : 0xbfe00000 - 0xc0000000   (   2 MB)
[    0.000000]     modules : 0xbf000000 - 0xbfe00000   (  14 MB)
[    0.000000]       .text : 0xc0208000 - 0xc105db50   (14679 kB)
[    0.000000]       .init : 0xc1100000 - 0xc1300000   (2048 kB)
[    0.000000]       .data : 0xc1300000 - 0xc1419f80   (1128 kB)
[    0.000000]        .bss : 0xc141b000 - 0xc146fb18   ( 339 kB)
[    0.000000] SLUB: HWalign=64, Order=0-3, MinObjects=0, CPUs=4, Nodes=1
[    0.000000] Hierarchical RCU implementation.
[    0.000000] 	Build-time adjustment of leaf fanout to 32.
[    0.000000] 	RCU restricting CPUs from NR_CPUS=16 to nr_cpu_ids=4.
[    0.000000] RCU: Adjusting geometry for rcu_fanout_leaf=32, nr_cpu_ids=4
[    0.000000] NR_IRQS:16 nr_irqs:16 16
[    0.000000] /interrupt-controller@60004000: 160 interrupts forwarded to /interrupt-controller@50041000
[    0.000000] L2C: platform modifies aux control register: 0x02080000 -> 0x3e480001
[    0.000000] L2C: DT/platform modifies aux control register: 0x02080000 -> 0x3e480001
[    0.000000] L2C-310 erratum 769419 enabled
[    0.000000] L2C-310 enabling early BRESP for Cortex-A9
[    0.000000] L2C-310: enabling full line of zeros but not enabled in Cortex-A9
[    0.000000] L2C-310 dynamic clock gating enabled, standby mode enabled
[    0.000000] L2C-310 cache controller enabled, 8 ways, 1024 kB
[    0.000000] L2C-310: CACHE_ID 0x410000c7, AUX_CTRL 0x4e480001
[    0.000014] sched_clock: 32 bits at 1000kHz, resolution 1000ns, wraps every 2147483647500ns
[    0.000031] clocksource: timer_us: mask: 0xffffffff max_cycles: 0xffffffff, max_idle_ns: 1911260446275 ns
[    0.000041] Switching to timer-based delay loop, resolution 1000ns
[    0.002759] Console: colour dummy device 80x30
[    0.002784] Calibrating delay loop (skipped), value calculated using timer frequency.. 2.00 BogoMIPS (lpj=5000)
[    0.002793] pid_max: default: 32768 minimum: 301
[    0.002878] Mount-cache hash table entries: 2048 (order: 1, 8192 bytes)
[    0.002885] Mountpoint-cache hash table entries: 2048 (order: 1, 8192 bytes)
[    0.003313] CPU: Testing write buffer coherency: ok
[    0.003595] CPU0: thread -1, cpu 0, socket 0, mpidr 80000000
[    0.003637] Setting up static identity map for 0x80300000 - 0x80300098
[    0.005779] Tegra Revision: A03 SKU: 128 CPU Process: 4 SoC Process: 0
[    0.010348] CPU1: thread -1, cpu 1, socket 0, mpidr 80000001
[    0.015339] CPU2: thread -1, cpu 2, socket 0, mpidr 80000002
[    0.020334] CPU3: thread -1, cpu 3, socket 0, mpidr 80000003
[    0.020377] Brought up 4 CPUs
[    0.020391] SMP: Total of 4 processors activated (8.00 BogoMIPS).
[    0.020395] CPU: All CPU(s) started in SVC mode.
[    0.021082] devtmpfs: initialized
[    0.028916] VFP support v0.3: implementor 41 architecture 3 part 30 variant 9 rev 4
[    0.029532] clocksource: jiffies: mask: 0xffffffff max_cycles: 0xffffffff, max_idle_ns: 9556302231375000 ns
[    0.032881] pinctrl core: initialized pinctrl subsystem
[    0.034338] NET: Registered protocol family 16
[    0.036591] DMA: preallocated 256 KiB pool for atomic coherent allocations
[    0.049931] cpuidle: using governor menu
[    0.058751] No ATAGs?
[    0.058776] hw-breakpoint: found 5 (+1 reserved) breakpoint and 1 watchpoint registers.
[    0.058781] hw-breakpoint: maximum watchpoint size is 4 bytes.
[    0.061769] Serial: AMBA PL011 UART driver
[    0.062967] tegra-mc 7000f000.memory-controller: no memory timings for RAM code 3 registered
[    0.082817] vdd_5v_sata: Failed to request enable GPIO30: -517
[    0.082830] reg-fixed-voltage regulators:regulator@3: Failed to register regulator: -517
[    0.082874] usb1_vbus: Failed to request enable GPIO238: -517
[    0.082882] reg-fixed-voltage regulators:regulator@4: Failed to register regulator: -517
[    0.082927] usb3_vbus: Failed to request enable GPIO236: -517
[    0.082934] reg-fixed-voltage regulators:regulator@5: Failed to register regulator: -517
[    0.083022] sys_3v3_pexs: Failed to request enable GPIO95: -517
[    0.083029] reg-fixed-voltage regulators:regulator@7: Failed to register regulator: -517
[    0.085032] vgaarb: loaded
[    0.085513] SCSI subsystem initialized
[    0.085624] libata version 3.00 loaded.
[    0.085791] usbcore: registered new interface driver usbfs
[    0.085832] usbcore: registered new interface driver hub
[    0.085865] usbcore: registered new device driver usb
[    0.103153] vddio_ddr_1v2: Bringing 600000uV into 1200000-1200000uV
[    0.119576] vdd_sata,avdd_plle: Bringing 1200000uV into 1050000-1050000uV
[    0.132259] avdd_dsi_csi,pwrdet_mipi: Bringing 1000000uV into 1200000-1200000uV
[    0.146843] pps_core: LinuxPPS API ver. 1 registered
[    0.146850] pps_core: Software ver. 5.3.6 - Copyright 2005-2007 Rodolfo Giometti <giometti@linux.it>
[    0.146862] PTP clock support registered
[    0.146996] EDAC MC: Ver: 3.0.0
[    0.148485] clocksource: Switched to clocksource timer_us
[    0.154259] NET: Registered protocol family 2
[    0.154672] TCP established hash table entries: 8192 (order: 3, 32768 bytes)
[    0.154726] TCP bind hash table entries: 8192 (order: 4, 65536 bytes)
[    0.154808] TCP: Hash tables configured (established 8192 bind 8192)
[    0.154899] UDP hash table entries: 512 (order: 2, 16384 bytes)
[    0.154957] UDP-Lite hash table entries: 512 (order: 2, 16384 bytes)
[    0.155125] NET: Registered protocol family 1
[    0.155358] RPC: Registered named UNIX socket transport module.
[    0.155366] RPC: Registered udp transport module.
[    0.155370] RPC: Registered tcp transport module.
[    0.155374] RPC: Registered tcp NFSv4.1 backchannel transport module.
[    0.155384] PCI: CLS 0 bytes, default 64
[    0.156135] hw perfevents: enabled with armv7_cortex_a9 PMU driver, 7 counters available
[    0.157017] futex hash table entries: 1024 (order: 4, 65536 bytes)
[    0.157570] workingset: timestamp_bits=28 max_order=19 bucket_order=0
[    0.162824] squashfs: version 4.0 (2009/01/31) Phillip Lougher
[    0.163279] NFS: Registering the id_resolver key type
[    0.163315] Key type id_resolver registered
[    0.163320] Key type id_legacy registered
[    0.163349] ntfs: driver 2.1.32 [Flags: R/O].
[    0.164188] bounce: pool size: 64 pages
[    0.164311] Block layer SCSI generic (bsg) driver version 0.4 loaded (major 248)
[    0.164319] io scheduler noop registered
[    0.164324] io scheduler deadline registered
[    0.164342] io scheduler cfq registered (default)
[    0.169919] tegra30-pinctrl 70000868.pinmux: invalid group "sdmmc3_dat6_pd3" for function "rsvd1"
[    0.169934] tegra30-pinctrl 70000868.pinmux: invalid group "sdmmc3_dat7_pd4" for function "rsvd1"
[    0.169949] tegra30-pinctrl 70000868.pinmux: invalid group "vi_vsync_pd6" for function "rsvd1"
[    0.169958] tegra30-pinctrl 70000868.pinmux: invalid group "vi_hsync_pd7" for function "rsvd1"
[    0.170460] tegra30-pinctrl 70000868.pinmux: invalid group "hdmi_int_pn7" for function "rsvd1"
[    0.170506] tegra30-pinctrl 70000868.pinmux: invalid group "ulpi_data3_po4" for function "rsvd1"
[    0.170858] tegra30-pinctrl 70000868.pinmux: invalid group "vi_d10_pt2" for function "rsvd1"
[    0.170871] tegra30-pinctrl 70000868.pinmux: invalid group "vi_d11_pt3" for function "rsvd1"
[    0.170884] tegra30-pinctrl 70000868.pinmux: invalid group "vi_d0_pt4" for function "rsvd1"
[    0.170927] tegra30-pinctrl 70000868.pinmux: invalid group "pu0" for function "rsvd1"
[    0.170965] tegra30-pinctrl 70000868.pinmux: invalid group "pu3" for function "rsvd1"
[    0.170996] tegra30-pinctrl 70000868.pinmux: invalid group "pu6" for function "rsvd1"
[    0.171037] tegra30-pinctrl 70000868.pinmux: invalid group "pv3" for function "rsvd1"
[    0.171551] tegra30-pinctrl 70000868.pinmux: invalid group "pbb0" for function "rsvd1"
[    0.171667] tegra30-pinctrl 70000868.pinmux: invalid group "pcc1" for function "rsvd1"
[    0.176853] tegra-pcie 3000.pcie-controller: 2x3 configuration
[    0.176969] vdd_1v5_gen: supplied by vdd_5v_in
[    0.177014] vdd_pexa,vdd_pexb: supplied by vdd_1v5_gen
[    0.177106] tegra-pcie 3000.pcie-controller: Failed to get supply 'hvdd-pex': -517
[    0.180821] tegra-apbdma 6000a000.dma: Tegra20 APB DMA driver register 32 channels
[    0.181945] tegra-pmc 7000e400.pmc: i2c-thermtrip node not found, emergency thermal reset disabled.
[    0.213625] Serial: 8250/16550 driver, 4 ports, IRQ sharing disabled
[    0.215700] console [ttyS0] disabled
[    0.215739] 70006000.serial: ttyS0 at MMIO 0x70006000 (irq = 331, base_baud = 25500000) is a Tegra
[    1.161001] console [ttyS0] enabled
[    1.165001] SuperH (H)SCI(F) driver initialized
[    1.170128] msm_serial: driver initialized
[    1.174346] STMicroelectronics ASC driver initialized
[    1.181637] [drm] Initialized drm 1.1.0 20060810
[    1.188204] tegra-hdmi 54280000.hdmi: failed to get HDMI regulator
[    1.202013] brd: module loaded
[    1.208987] loop: module loaded
[    1.216988] m25p80 spi32766.1: w25q32 (4096 Kbytes)
[    1.223842] libphy: Fixed MDIO Bus: probed
[    1.228311] CAN device driver interface
[    1.233257] igb: Intel(R) Gigabit Ethernet Network Driver - version 5.3.0-k
[    1.240212] igb: Copyright (c) 2007-2014 Intel Corporation.
[    1.247548] pegasus: v0.9.3 (2013/04/25), Pegasus/Pegasus II USB Ethernet driver
[    1.254992] usbcore: registered new interface driver pegasus
[    1.260676] usbcore: registered new interface driver asix
[    1.266091] usbcore: registered new interface driver ax88179_178a
[    1.272204] usbcore: registered new interface driver cdc_ether
[    1.278063] usbcore: registered new interface driver smsc75xx
[    1.283835] usbcore: registered new interface driver smsc95xx
[    1.289596] usbcore: registered new interface driver net1080
[    1.295270] usbcore: registered new interface driver cdc_subset
[    1.301204] usbcore: registered new interface driver zaurus
[    1.306823] usbcore: registered new interface driver cdc_ncm
[    1.313974] ehci_hcd: USB 2.0 'Enhanced' Host Controller (EHCI) Driver
[    1.320496] ehci-pci: EHCI PCI platform driver
[    1.324959] ehci-platform: EHCI generic platform driver
[    1.330301] ehci-omap: OMAP-EHCI Host Controller driver
[    1.335597] ehci-orion: EHCI orion driver
[    1.339678] SPEAr-ehci: EHCI SPEAr driver
[    1.343760] ehci-st: EHCI STMicroelectronics driver
[    1.348709] ehci-exynos: EHCI EXYNOS driver
[    1.352968] ehci-atmel: EHCI Atmel driver
[    1.357055] tegra-ehci: Tegra EHCI driver
[    1.361245] ------------[ cut here ]------------
[    1.365881] WARNING: CPU: 1 PID: 1 at drivers/reset/core.c:187 __of_reset_control_get+0x1bc/0x228
[    1.374739] Modules linked in:
[    1.377791] CPU: 1 PID: 1 Comm: swapper/0 Not tainted 4.6.0-rc4-next-20160420-88117-g356ed29 #1
[    1.386467] Hardware name: NVIDIA Tegra SoC (Flattened Device Tree)
[    1.392756] [<c030f998>] (unwind_backtrace) from [<c030b07c>] (show_stack+0x10/0x14)
[    1.400487] [<c030b07c>] (show_stack) from [<c0583528>] (dump_stack+0x84/0xa4)
[    1.407704] [<c0583528>] (dump_stack) from [<c0341c24>] (__warn+0xd4/0x100)
[    1.414651] [<c0341c24>] (__warn) from [<c0341c70>] (warn_slowpath_null+0x20/0x28)
[    1.422204] [<c0341c70>] (warn_slowpath_null) from [<c0695f64>] (__of_reset_control_get+0x1bc/0x228)
[    1.431328] [<c0695f64>] (__of_reset_control_get) from [<c0904968>] (tegra_ehci_probe+0x2d0/0x51c)
[    1.440273] [<c0904968>] (tegra_ehci_probe) from [<c076ed00>] (platform_drv_probe+0x50/0xb0)
[    1.448706] [<c076ed00>] (platform_drv_probe) from [<c076d664>] (driver_probe_device+0x1f4/0x2b0)
[    1.457559] [<c076d664>] (driver_probe_device) from [<c076d7cc>] (__driver_attach+0xac/0xb0)
[    1.465979] [<c076d7cc>] (__driver_attach) from [<c076bc78>] (bus_for_each_dev+0x54/0x88)
[    1.474138] [<c076bc78>] (bus_for_each_dev) from [<c076cc58>] (bus_add_driver+0xe8/0x1f4)
[    1.482296] [<c076cc58>] (bus_add_driver) from [<c076dfe8>] (driver_register+0x78/0xf4)
[    1.490282] [<c076dfe8>] (driver_register) from [<c0301e5c>] (do_one_initcall+0x3c/0x16c)
[    1.498453] [<c0301e5c>] (do_one_initcall) from [<c1100d7c>] (kernel_init_freeable+0x120/0x1ec)
[    1.507143] [<c1100d7c>] (kernel_init_freeable) from [<c0b49634>] (kernel_init+0x8/0x118)
[    1.515305] [<c0b49634>] (kernel_init) from [<c0307f78>] (ret_from_fork+0x14/0x3c)
[    1.522876] ---[ end trace 07d97733c5de6ed3 ]---
[    1.527491] tegra-ehci 7d004000.usb: can't get utmi-pads reset from the PHY
[    1.534448] tegra-ehci 7d004000.usb: continuing, but please update your DT
[    1.541490] ohci_hcd: USB 1.1 'Open' Host Controller (OHCI) Driver
[    1.547679] ohci-pci: OHCI PCI platform driver
[    1.552161] ohci-platform: OHCI generic platform driver
[    1.557500] ohci-omap3: OHCI OMAP3 driver
[    1.561586] SPEAr-ohci: OHCI SPEAr driver
[    1.565671] ohci-st: OHCI STMicroelectronics driver
[    1.570621] ohci-atmel: OHCI Atmel driver
[    1.575059] usbcore: registered new interface driver usb-storage
[    1.582085] mousedev: PS/2 mouse device common for all mice
[    1.589598] tegra_rtc 7000e000.rtc: rtc core: registered 7000e000.rtc as rtc1
[    1.596769] tegra_rtc 7000e000.rtc: Tegra internal Real Time Clock
[    1.615493] tps65910-rtc tps65910-rtc: rtc core: registered tps65910-rtc as rtc0
[    1.623081] i2c /dev entries driver
[    1.633745] sdhci: Secure Digital Host Controller Interface driver
[    1.639920] sdhci: Copyright(c) Pierre Ossman
[    1.645182] Synopsys Designware Multimedia Card Interface Driver
[    1.651806] sdhci-pltfm: SDHCI platform and OF driver helper
[    1.658011] sdhci-tegra 78000000.sdhci: Got CD GPIO
[    1.662897] sdhci-tegra 78000000.sdhci: Got WP GPIO
[    1.668924] mmc0: Invalid maximum block size, assuming 512 bytes
[    1.708562] mmc0: SDHCI controller on 78000000.sdhci [78000000.sdhci] using ADMA
[    1.719200] mmc1: Invalid maximum block size, assuming 512 bytes
[    1.758492] mmc1: SDHCI controller on 78000600.sdhci [78000600.sdhci] using ADMA
[    1.766988] ledtrig-cpu: registered to indicate activity on CPUs
[    1.773274] usbcore: registered new interface driver usbhid
[    1.778843] usbhid: USB HID core driver
[    1.785894] NET: Registered protocol family 10
[    1.790886] sit: IPv6 over IPv4 tunneling driver
[    1.795925] NET: Registered protocol family 17
[    1.800378] can: controller area network core (rev 20120528 abi 9)
[    1.806594] NET: Registered protocol family 29
[    1.811036] can: raw protocol (rev 20120528)
[    1.815302] can: broadcast manager protocol (rev 20120528 t)
[    1.820956] can: netlink gateway (rev 20130117) max_hops=1
[    1.826728] Key type dns_resolver registered
[    1.831393] ThumbEE CPU extension supported.
[    1.835671] Registering SWP/SWPB emulation handler
[    1.859709] sys_3v3,vdd_3v3_alw: supplied by vdd_5v_in
[    1.864904] +VDD_5V_HDMI: supplied by sys_3v3,vdd_3v3_alw
[    1.872351] vrtc: supplied by vdd_5v_in
[    1.878505] vdd_1v8_gen: supplied by vdd_5v_in
[    1.885012] vddio_ddr_1v2: supplied by vdd_5v_in
[    1.889672] vdd_sata,avdd_plle: supplied by vdd_1v5_gen
[    1.896943] ldo3: supplied by vdd_5v_in
[    1.900837] vdd_rtc: supplied by vdd_5v_in
[    1.904980] vddio_sdmmc,avdd_vdac: supplied by vdd_5v_in
[    1.910328] avdd_dsi_csi,pwrdet_mipi: supplied by vdd_1v8_gen
[    1.916110] vdd_pllm,x,u,a_p_c_s: supplied by vdd_1v8_gen
[    1.921547] vdd_ddr_hs: supplied by vdd_1v8_gen
[    1.926114] vdd_ddr: supplied by vdd_5v_in
[    1.930258] vdd_5v_sata: supplied by vdd_5v_in
[    1.934734] usb1_vbus: supplied by vdd_5v_in
[    1.939032] usb3_vbus: supplied by vdd_5v_in
[    1.943647] sys_3v3_pexs: supplied by sys_3v3,vdd_3v3_alw
[    1.949649] tegra-pcie 3000.pcie-controller: 2x3 configuration
[    1.959683] tegra-pcie 3000.pcie-controller: probing port 0, using 2 lanes
[    1.976869] mmc1: new high speed MMC card at address 0001
[    1.983429] mmcblk1: mmc1:0001 SEM16G 14.8 GiB 
[    1.989306] mmcblk1boot0: mmc1:0001 SEM16G partition 1 1.00 MiB
[    1.996184] mmcblk1boot1: mmc1:0001 SEM16G partition 2 1.00 MiB
[    2.002938] mmcblk1rpmb: mmc1:0001 SEM16G partition 3 128 KiB
[    2.013732] Primary GPT is invalid, using alternate GPT.
[    2.019058]  mmcblk1: p1 p2 p3 p4 p5
[    2.024891] tegra-pcie 3000.pcie-controller: probing port 2, using 2 lanes
[    2.435568] tegra-pcie 3000.pcie-controller: link 2 down, retrying
[    2.845545] tegra-pcie 3000.pcie-controller: link 2 down, retrying
[    3.255537] tegra-pcie 3000.pcie-controller: link 2 down, retrying
[    3.263727] tegra-pcie 3000.pcie-controller: link 2 down, ignoring
[    3.270043] tegra-pcie 3000.pcie-controller: PCI host bridge to bus 0000:00
[    3.277004] pci_bus 0000:00: root bus resource [io  0x0000-0xffff]
[    3.283176] pci_bus 0000:00: root bus resource [mem 0x20000000-0x27ffffff]
[    3.290042] pci_bus 0000:00: root bus resource [mem 0x28000000-0x3fffffff pref]
[    3.297341] pci_bus 0000:00: root bus resource [bus 00-ff]
[    3.302841] pci 0000:00:01.0: [10de:0e1c] type 01 class 0x060400
[    3.308902] pci 0000:00:01.0: PME# supported from D0 D1 D2 D3hot D3cold
[    3.315660] PCI: bus0: Fast back to back transfers disabled
[    3.321232] pci 0000:00:01.0: bridge configuration invalid ([bus 00-00]), reconfiguring
[    3.329325] pci 0000:01:00.0: [10ec:8168] type 00 class 0x020000
[    3.335340] pci 0000:01:00.0: reg 0x10: [io  0x0000-0x00ff]
[    3.340919] pci 0000:01:00.0: reg 0x18: [mem 0x00000000-0x00000fff 64bit pref]
[    3.348138] pci 0000:01:00.0: reg 0x20: [mem 0x00000000-0x00003fff 64bit pref]
[    3.355418] pci 0000:01:00.0: supports D1 D2
[    3.359684] pci 0000:01:00.0: PME# supported from D0 D1 D2 D3hot D3cold
[    3.373512] PCI: bus1: Fast back to back transfers disabled
[    3.379083] pci_bus 0000:01: busn_res: [bus 01-ff] end is updated to 01
[    3.385754] pci 0000:00:01.0: BAR 9: assigned [mem 0x28000000-0x280fffff 64bit pref]
[    3.393490] pci 0000:00:01.0: BAR 7: assigned [io  0x1000-0x1fff]
[    3.399579] pci 0000:01:00.0: BAR 4: assigned [mem 0x28000000-0x28003fff 64bit pref]
[    3.407321] pci 0000:01:00.0: BAR 2: assigned [mem 0x28004000-0x28004fff 64bit pref]
[    3.415061] pci 0000:01:00.0: BAR 0: assigned [io  0x1000-0x10ff]
[    3.421149] pci 0000:00:01.0: PCI bridge to [bus 01]
[    3.426107] pci 0000:00:01.0:   bridge window [io  0x1000-0x1fff]
[    3.432192] pci 0000:00:01.0:   bridge window [mem 0x28000000-0x280fffff 64bit pref]
[    3.439939] pci 0000:00:01.0: nv_msi_ht_cap_quirk didn't locate host bridge
[    3.446993] pcieport 0000:00:01.0: enabling device (0140 -> 0143)
[    3.453231] pcieport 0000:00:01.0: Signaling PME through PCIe PME interrupt
[    3.460188] pci 0000:01:00.0: Signaling PME through PCIe PME interrupt
[    3.466708] pcie_pme 0000:00:01.0:pcie01: service driver pcie_pme loaded
[    3.473580] r8169 Gigabit Ethernet driver 2.3LK-NAPI loaded
[    3.479164] r8169 0000:01:00.0: enabling device (0140 -> 0143)
[    3.486303] r8169 0000:01:00.0 eth0: RTL8168evl/8111evl at 0xf09f2000, 02:04:4b:01:60:a6, XID 0c900800 IRQ 375
[    3.496305] r8169 0000:01:00.0 eth0: jumbo features [frames: 9200 bytes, tx checksumming: ko]
[    3.508887] [drm] Supports vblank timestamp caching Rev 2 (21.10.2013).
[    3.515499] [drm] No driver support for vblank timestamp query.
[    3.521442] drm drm: No connectors reported connected with modes
[    3.527448] [drm] Cannot find any crtc or sizes - going 1024x768
[    3.554747] Console: switching to colour frame buffer device 128x48
[    3.567064] drm drm: fb0:  frame buffer device
[    3.583880] [drm] Initialized tegra 0.0.0 20120330 on minor 0
[    3.594840] utmi_phy_clk_enable: timeout waiting for phy to stabilize
[    3.601304] tegra-ehci 7d004000.usb: EHCI Host Controller
[    3.606715] tegra-ehci 7d004000.usb: new USB bus registered, assigned bus number 1
[    3.614548] tegra-ehci 7d004000.usb: irq 343, io mem 0x7d004000
[    3.628890] tegra-ehci 7d004000.usb: USB 2.0 started, EHCI 1.00
[    3.636136] hub 1-0:1.0: USB hub found
[    3.639910] hub 1-0:1.0: 1 port detected
[    3.644925] tegra-ehci 7d008000.usb: EHCI Host Controller
[    3.650340] tegra-ehci 7d008000.usb: new USB bus registered, assigned bus number 2
[    3.658087] tegra-ehci 7d008000.usb: irq 344, io mem 0x7d008000
[    3.673882] tegra-ehci 7d008000.usb: USB 2.0 started, EHCI 1.00
[    3.681042] hub 2-0:1.0: USB hub found
[    3.684809] hub 2-0:1.0: 1 port detected
[    3.693558] tps65910-rtc tps65910-rtc: setting system clock to 2000-01-01 00:00:02 UTC (946684802)
[    3.707185] vdd_sata,avdd_plle: disabling
[    3.712000] usb1_vbus: disabling
[    3.717147] EXT4-fs (mmcblk1p1): mounting ext3 file system using the ext4 subsystem
[    3.757381] EXT4-fs (mmcblk1p1): warning: mounting fs with errors, running e2fsck is recommended
[    3.767631] EXT4-fs (mmcblk1p1): recovery complete
[    3.773612] EXT4-fs (mmcblk1p1): mounted filesystem with ordered data mode. Opts: (null)
[    3.781725] VFS: Mounted root (ext3 filesystem) on device 179:1.
[    3.791087] devtmpfs: mounted
[    3.796673] Freeing unused kernel memory: 2048K (c1100000 - c1300000)
bash: cannot set terminal process group (-1): Inappropriate ioctl for device
bash: no job control in this shell
root@(none):/# [    3.993906] usb 2-1: new high-speed USB device number 2 using tegra-ehci
