

U-Boot 2011.03 (Jun 11 2013 - 06:07:37)

T114
Board: NVIDIA Dalmore
DRAM:  2 GiB
MMC:   Tegra2 SD/MMC: 0, Tegra2 SD/MMC: 1
In:    serial
Out:   serial
Err:   serial
Net:   Net Initialization Skipped
No ethernet found.
Hit any key to stop autoboot:  2  1  0 
Dalmore #
Dalmore #usb reset
(Re)start USB...
USB:   Register 10011 NbrPorts 1
USB EHCI 1.10
scanning bus for devices... 2 USB Device(s) found
       scanning bus for storage devices... 0 Storage Device(s) found
       scanning bus for ethernet devices... 1 Ethernet Device(s) found
Dalmore #setenv bootargs 'ignore_loglevel console=ttyS0,115200n8 rw root=/dev/mmcblk0p1 rootwait gpt debug init=/bin/bash'
Dalmore #setenv ipaddr 192.168.100.100; setenv serverip 192.168.100.1; setenv tftpserverip 192.168.100.1
Dalmore #tftpboot 0x81000000 zImage.multi_v7_defconfig
Waiting for Ethernet connection... done.
Using asx0 device
TFTP from server 192.168.100.1; our IP address is 192.168.100.100
Filename 'zImage.multi_v7_defconfig'.
Load address: 0x81000000
Loading: *#################################################  2.8 MiB/s
done
Bytes transferred = 4510104 (44d198 hex)
Dalmore #tftpboot 0x82000000 tegra114-dalmore.dtb
Using asx0 device
TFTP from server 192.168.100.1; our IP address is 192.168.100.100
Filename 'tegra114-dalmore.dtb'.
Load address: 0x82000000
Loading: *#################################################  2.7 MiB/s
done
Bytes transferred = 34015 (84df hex)
Dalmore #bootz 0x81000000 - 0x82000000
## Flattened Device Tree blob at 82000000
   Booting using the fdt blob at 0x82000000
   Loading Device Tree to 81ff4000, end 81fff4de ... OK

Starting kernel ...

Timer summary in microseconds:
       Mark    Elapsed  Stage
          0          0  awake
  3,015,871  3,015,871  usb_start
  7,019,185  4,003,314  eth_start
  7,019,183         -2  tftp start
 11,053,497  4,034,314  tftp done
 13,030,998  1,977,501  start_kernel
[    0.000000] Booting Linux on physical CPU 0x0
[    0.000000] Linux version 3.14.0-rc1-next-20140206-13711-g0cc2aa5 (pwalmsley@kaivo) (gcc version 4.7.3 20130328 (prerelease) (crosstool-NG linaro-1.13.1-4.7-2013.04-20130415 - Linaro GCC 2013.04) ) #1 SMP Wed Feb 5 20:17:16 PST 2014
[    0.000000] CPU: ARMv7 Processor [412fc0f2] revision 2 (ARMv7), cr=10c5387d
[    0.000000] CPU: PIPT / VIPT nonaliasing data cache, PIPT instruction cache
[    0.000000] Machine model: NVIDIA Tegra114 Dalmore evaluation board
[    0.000000] debug: ignoring loglevel setting.
[    0.000000] cma: CMA: reserved 16 MiB at ae800000
[    0.000000] Memory policy: Data cache writealloc
[    0.000000] On node 0 totalpages: 524032
[    0.000000] free_area_init_node: node 0, pgdat c0933200, node_mem_map ed7f1000
[    0.000000]   DMA zone: 1520 pages used for memmap
[    0.000000]   DMA zone: 0 pages reserved
[    0.000000]   DMA zone: 194560 pages, LIFO batch:31
[    0.000000]   HighMem zone: 2574 pages used for memmap
[    0.000000]   HighMem zone: 329472 pages, LIFO batch:31
[    0.000000] Tegra Revision: A01 SKU: 0 CPU Process: 1 Core Process: 1
[    0.000000] PERCPU: Embedded 7 pages/cpu @ed7b8000 s8192 r8192 d12288 u32768
[    0.000000] pcpu-alloc: s8192 r8192 d12288 u32768 alloc=8*4096
[    0.000000] pcpu-alloc: [0] 0 [0] 1 [0] 2 [0] 3 
[    0.000000] Built 1 zonelists in Zone order, mobility grouping on.  Total pages: 522512
[    0.000000] Kernel command line: ignore_loglevel console=ttyS0,115200n8 rw root=/dev/mmcblk0p1 rootwait gpt debug init=/bin/bash
[    0.000000] PID hash table entries: 4096 (order: 2, 16384 bytes)
[    0.000000] Dentry cache hash table entries: 131072 (order: 7, 524288 bytes)
[    0.000000] Inode-cache hash table entries: 65536 (order: 6, 262144 bytes)
[    0.000000] Memory: 2052568K/2096128K available (5855K kernel code, 683K rwdata, 2340K rodata, 512K init, 284K bss, 43560K reserved, 1317888K highmem)
[    0.000000] Virtual kernel memory layout:
[    0.000000]     vector  : 0xffff0000 - 0xffff1000   (   4 kB)
[    0.000000]     fixmap  : 0xfff00000 - 0xfffe0000   ( 896 kB)
[    0.000000]     vmalloc : 0xf0000000 - 0xff000000   ( 240 MB)
[    0.000000]     lowmem  : 0xc0000000 - 0xef800000   ( 760 MB)
[    0.000000]     pkmap   : 0xbfe00000 - 0xc0000000   (   2 MB)
[    0.000000]     modules : 0xbf000000 - 0xbfe00000   (  14 MB)
[    0.000000]       .text : 0xc0008000 - 0xc0809130   (8197 kB)
[    0.000000]       .init : 0xc080a000 - 0xc088a000   ( 512 kB)
[    0.000000]       .data : 0xc088a000 - 0xc0934e80   ( 684 kB)
[    0.000000]        .bss : 0xc0934e88 - 0xc097c000   ( 285 kB)
[    0.000000] SLUB: HWalign=64, Order=0-3, MinObjects=0, CPUs=4, Nodes=1
[    0.000000] Hierarchical RCU implementation.
[    0.000000] NR_IRQS:16 nr_irqs:16 16
[   13.828653] sched_clock: 32 bits at 1000kHz, resolution 1000ns, wraps every 2147483648000ns
[    0.000445] Architected cp15 timer(s) running at 12.00MHz (virt).
[   11.860427] sched_clock: 56 bits at 12MHz, resolution 83ns, wraps every 2863311536128ns
[    0.000003] Switching to timer-based delay loop
[    0.000116] Console: colour dummy device 80x30
[    0.000150] Calibrating delay loop (skipped), value calculated using timer frequency.. 24.00 BogoMIPS (lpj=120000)
[    0.000166] pid_max: default: 32768 minimum: 301
[    0.000351] Mount-cache hash table entries: 512
[    0.009204] CPU: Testing write buffer coherency: ok
[    0.009452] /cpus/cpu@0 missing clock-frequency property
[    0.009476] /cpus/cpu@1 missing clock-frequency property
[    0.009499] /cpus/cpu@2 missing clock-frequency property
[    0.009522] /cpus/cpu@3 missing clock-frequency property
[    0.009537] CPU0: thread -1, cpu 0, socket 0, mpidr 80000000
[    0.009565] Setting up static identity map for 0x80588750 - 0x805887e8
[    0.009740] unable to find compatible sirf rstc node in dtb
[    0.011218] CPU1: Booted secondary processor
[    0.011244] CPU1: thread -1, cpu 1, socket 0, mpidr 80000001
[    0.011882] CPU2: Booted secondary processor
[    0.011907] CPU2: thread -1, cpu 2, socket 0, mpidr 80000002
[    0.012519] CPU3: Booted secondary processor
[    0.012542] CPU3: thread -1, cpu 3, socket 0, mpidr 80000003
[    0.012703] Brought up 4 CPUs
[    0.012730] SMP: Total of 4 processors activated.
[    0.012738] CPU: All CPU(s) started in SVC mode.
[    0.013413] devtmpfs: initialized
[    0.018754] VFP support v0.3: implementor 41 architecture 4 part 30 variant f rev 0
[    0.019158] pinctrl core: initialized pinctrl subsystem
[    0.019601] regulator-dummy: no parameters
[    0.020406] NET: Registered protocol family 16
[    0.022712] DMA: preallocated 256 KiB pool for atomic coherent allocations
[    0.023561] cpuidle: using governor ladder
[    0.023573] cpuidle: using governor menu
[    0.035000] No ATAGs?
[    0.036688] Serial: AMBA PL011 UART driver
[    0.045220] bio: create slab <bio-0> at 0
[    0.046984] edma-dma-engine edma-dma-engine.0: Can't allocate PaRAM dummy slot
[    0.047006] edma-dma-engine: probe of edma-dma-engine.0 failed with error -5
[    0.047479] vdd_ac_bat: 5000 mV 
[    0.047707] dvdd_ts: Failed to request enable GPIO61: -517
[    0.047801] reg-fixed-voltage 1.regulator: Failed to register regulator: -517
[    0.047820] platform 1.regulator: Driver reg-fixed-voltage requests probe deferral
[    0.047987] usb1_vbus: Failed to request enable GPIO108: -517
[    0.048074] reg-fixed-voltage 3.regulator: Failed to register regulator: -517
[    0.048094] platform 3.regulator: Driver reg-fixed-voltage requests probe deferral
[    0.048252] usb2_vbus: Failed to request enable GPIO86: -517
[    0.048333] reg-fixed-voltage 4.regulator: Failed to register regulator: -517
[    0.048351] platform 4.regulator: Driver reg-fixed-voltage requests probe deferral
[    0.048510] vdd_hdmi_5v0: Failed to request enable GPIO81: -517
[    0.048590] reg-fixed-voltage 5.regulator: Failed to register regulator: -517
[    0.048608] platform 5.regulator: Driver reg-fixed-voltage requests probe deferral
[    0.048674] platform 6.regulator: Driver reg-fixed-voltage requests probe deferral
[    0.049750] vgaarb: loaded
[    0.050301] SCSI subsystem initialized
[    0.050485] libata version 3.00 loaded.
[    0.050815] usbcore: registered new interface driver usbfs
[    0.050884] usbcore: registered new interface driver hub
[    0.050984] usbcore: registered new device driver usb
[    0.055221] vdd-cpu: 500 <--> 1520 mV at 1100 mV 
[    0.055662] tps65090 2-0048: No cache defaults, reading back from HW
[    0.061891] vdd-sys-5v0: no parameters
[    0.061942] vdd-sys-5v0: supplied by vdd_ac_bat
[    0.063307] vdd-sys-3v3: no parameters
[    0.063351] vdd-sys-3v3: supplied by vdd_ac_bat
[    0.064694] vdd-ao: no parameters
[    0.064741] vdd-ao: supplied by vdd_ac_bat
[    0.064926] vdd-lcd-bl: no parameters
[    0.064966] vdd-lcd-bl: supplied by vdd_ac_bat
[    0.065137] TPS65090_RAILSFET2: no parameters
[    0.065177] TPS65090_RAILSFET2: supplied by vdd_ac_bat
[    0.065356] vdd-modem-3v3: no parameters
[    0.065394] vdd-modem-3v3: supplied by vdd-sys-3v3
[    0.065577] avdd-lcd: no parameters
[    0.065613] avdd-lcd: supplied by vdd-sys-3v3
[    0.065789] vdd-lvds: no parameters
[    0.065825] vdd-lvds: supplied by vdd-sys-3v3
[    0.066000] vdd-sd-slot: no parameters
[    0.066038] vdd-sd-slot: supplied by vdd-sys-3v3
[    0.066222] vdd-com-3v3: no parameters
[    0.066260] vdd-com-3v3: supplied by vdd-sys-3v3
[    0.066428] vdd-sby-5v0: no parameters
[    0.066464] vdd-sby-5v0: supplied by vdd_ac_bat
[    0.066637] vdd-sby-3v3: no parameters
[    0.066673] vdd-sby-3v3: supplied by vdd_ac_bat
[    0.067042] genirq: Setting trigger mode 8 for irq 118 failed (gic_set_type+0x0/0xfc)
[    0.067363] palmas 2-0058: Irq flag is 0x00000000
[    0.078214] palmas 2-0058: Muxing GPIO ff, PWM 0, LED 0
[    0.090288] vddio-ddr: 1350 mV 
[    0.091131] vddio-ddr: supplied by vdd-ao
[    0.097958] vddio-1v8: 1800 mV 
[    0.098795] vddio-1v8: supplied by vdd-ao
[    0.105614] vdd-core: 900 <--> 1400 mV at 1100 mV 
[    0.106458] vdd-core: supplied by vdd-sys-3v3
[    0.110534] SMPS6: no parameters
[    0.118138] avdd-pll: 1050 mV 
[    0.118977] avdd-pll: supplied by vdd-sys-3v3
[    0.127151] sdhci-vdd-sd-slot: 2800 mV 
[    0.127989] sdhci-vdd-sd-slot: supplied by vdd-sys-3v3
[    0.129732] SMPS10_OUT2: at 5000 mV 
[    0.131491] SMPS10_OUT1: at 5000 mV 
[    0.134027] avdd-cam1: 2800 mV 
[    0.134861] avdd-cam1: supplied by vdd-sys-3v3
[    0.138746] avdd-cam2: 2800 mV 
[    0.139579] avdd-cam2: supplied by vdd-sys-3v3
[    0.144246] avdd-dsi-csi: 1200 mV 
[    0.145081] avdd-dsi-csi: supplied by vddio-1v8
[    0.149764] vpp-fuse: 1800 mV 
[    0.150599] vpp-fuse: supplied by vdd-sys-3v3
[    0.153695] LDO5: at 1200 mV 
[    0.154534] LDO5: supplied by vdd_ac_bat
[    0.157070] vdd-sensor-2v85: 2850 mV 
[    0.157904] vdd-sensor-2v85: supplied by vdd-sys-3v3
[    0.161802] vdd-af-cam1: 2800 mV 
[    0.162637] vdd-af-cam1: supplied by vdd-sys-3v3
[    0.170608] vdd-rtc: 900 mV 
[    0.171443] vdd-rtc: supplied by vdd-ao
[    0.175329] vddio-sdmmc-2: 1800 <--> 3300 mV at 3300 mV 
[    0.176162] vddio-sdmmc-2: supplied by sdhci-vdd-sd-slot
[    0.180842] hvdd-usb: 3300 mV 
[    0.181678] hvdd-usb: supplied by vdd-sys-5v0
[    0.186356] avdd-usb: 3300 mV 
[    0.187191] avdd-usb: supplied by vdd-sys-5v0
[    0.190317] rail-3v3: no parameters
[    0.192618] rail-5v0: no parameters
[    0.194142] REGEN3: no parameters
[    0.194290] SYSEN1: no parameters
[    0.194435] SYSEN2: no parameters
[    0.195070] Linux video capture interface: v2.00
[    0.195124] pps_core: LinuxPPS API ver. 1 registered
[    0.195132] pps_core: Software ver. 5.3.6 - Copyright 2005-2007 Rodolfo Giometti <giometti@linux.it>
[    0.195156] PTP clock support registered
[    0.195196] EDAC MC: Ver: 3.0.0
[    0.195877] platform 70019010.iommu: Driver tegra-smmu requests probe deferral
[    0.196060] Advanced Linux Sound Architecture Driver Initialized.
[    0.197054] Switched to clocksource arch_sys_counter
[    0.207445] NET: Registered protocol family 2
[    0.207947] TCP established hash table entries: 8192 (order: 3, 32768 bytes)
[    0.208038] TCP bind hash table entries: 8192 (order: 4, 65536 bytes)
[    0.208225] TCP: Hash tables configured (established 8192 bind 8192)
[    0.208280] TCP: reno registered
[    0.208295] UDP hash table entries: 512 (order: 2, 16384 bytes)
[    0.208337] UDP-Lite hash table entries: 512 (order: 2, 16384 bytes)
[    0.208588] NET: Registered protocol family 1
[    0.208877] RPC: Registered named UNIX socket transport module.
[    0.208888] RPC: Registered udp transport module.
[    0.208895] RPC: Registered tcp transport module.
[    0.208902] RPC: Registered tcp NFSv4.1 backchannel transport module.
[    0.208913] PCI: CLS 0 bytes, default 64
[    0.210666] futex hash table entries: 1024 (order: 4, 65536 bytes)
[    0.211206] bounce pool size: 64 pages
[    0.222424] squashfs: version 4.0 (2009/01/31) Phillip Lougher
[    0.223371] NFS: Registering the id_resolver key type
[    0.223408] Key type id_resolver registered
[    0.223418] Key type id_legacy registered
[    0.223473] msgmni has been set to 1466
[    0.224130] Block layer SCSI generic (bsg) driver version 0.4 loaded (major 250)
[    0.224141] io scheduler noop registered
[    0.224150] io scheduler deadline registered
[    0.224354] io scheduler cfq registered (default)
[    0.247615] tegra-apbdma 6000a000.dma: Tegra20 APB DMA driver register 32 channels
[    0.310578] Serial: 8250/16550 driver, 4 ports, IRQ sharing disabled
[    0.312165] Serial: IMX driver
[    0.313188] 70006300.serial: ttyS0 at MMIO 0x70006300 (irq = 122, base_baud = 25500000) is a Tegra
[    1.351465] console [ttyS0] enabled
[    1.355512] STMicroelectronics ASC driver initialized
[    1.361261] serial: Freescale lpuart driver
[    1.365637] [drm] Initialized drm 1.1.0 20060810
[    1.370356] tegra-dc 54200000.dc: missing "nvidia,head" property
[    1.376459] tegra-dc 54240000.dc: missing "nvidia,head" property
[    1.382979] platform 54300000.dsi: Driver tegra-dsi requests probe deferral
[    1.390398] tegra-hdmi 54280000.hdmi: failed to get VDD regulator
[    1.396494] platform 54280000.hdmi: Driver tegra-hdmi requests probe deferral
[    1.409692] loop: module loaded
[    1.416216] m25p80 spi32766.0: w25q32dw (4096 Kbytes)
[    1.423918] pegasus: v0.9.3 (2013/04/25), Pegasus/Pegasus II USB Ethernet driver
[    1.431386] usbcore: registered new interface driver pegasus
[    1.437124] usbcore: registered new interface driver asix
[    1.442557] usbcore: registered new interface driver ax88179_178a
[    1.448694] usbcore: registered new interface driver cdc_ether
[    1.454558] usbcore: registered new interface driver r815x
[    1.460107] usbcore: registered new interface driver smsc75xx
[    1.465903] usbcore: registered new interface driver smsc95xx
[    1.471691] usbcore: registered new interface driver net1080
[    1.477400] usbcore: registered new interface driver cdc_subset
[    1.483349] usbcore: registered new interface driver zaurus
[    1.488999] usbcore: registered new interface driver cdc_ncm
[    1.494666] ehci_hcd: USB 2.0 'Enhanced' Host Controller (EHCI) Driver
[    1.501192] ehci-pci: EHCI PCI platform driver
[    1.505674] ehci-platform: EHCI generic platform driver
[    1.511026] ehci-omap: OMAP-EHCI Host Controller driver
[    1.516355] ehci-orion: EHCI orion driver
[    1.520480] SPEAr-ehci: EHCI SPEAr driver
[    1.524597] tegra-ehci: Tegra EHCI driver
[    1.528792] platform 7d008000.usb: Driver tegra-ehci requests probe deferral
[    1.536302] usbcore: registered new interface driver usb-storage
[    1.542871] platform 7d008000.usb-phy: Driver tegra-phy requests probe deferral
[    1.551152] mousedev: PS/2 mouse device common for all mice
[    1.568901] palmas-rtc rtc.8: rtc core: registered rtc.8 as rtc0
[    1.579294] tegra_rtc 7000e000.rtc: rtc core: registered 7000e000.rtc as rtc1
[    1.586437] tegra_rtc 7000e000.rtc: Tegra internal Real Time Clock
[    1.593086] i2c /dev entries driver
[    1.598537] sbs-battery 0-000b: sbs_probe: Failed to get device status
[    1.605065] sbs-battery: probe of 0-000b failed with error -121
[    1.619582] sdhci: Secure Digital Host Controller Interface driver
[    1.625753] sdhci: Copyright(c) Pierre Ossman
[    1.630719] sdhci-pltfm: SDHCI platform and OF driver helper
[    1.636830] sdhci-tegra 78000400.sdhci: Got CD GPIO #170.
[    1.643289] mmc0: no vqmmc regulator found
[    1.647401] mmc0: no vmmc regulator found
[    1.651407] mmc0: Invalid maximum block size, assuming 512 bytes
[    1.697071] mmc0: SDHCI controller on 78000400.sdhci [78000400.sdhci] using ADMA
[    1.704561] mmc1: no vqmmc regulator found
[    1.708676] mmc1: no vmmc regulator found
[    1.712679] mmc1: Invalid maximum block size, assuming 512 bytes
[    1.757067] mmc1: SDHCI controller on 78000600.sdhci [78000600.sdhci] using ADMA
[    1.764990] usbcore: registered new interface driver usbhid
[    1.770567] usbhid: USB HID core driver
[    1.879329] mmc1: BKOPS_EN bit is not set
[    1.910036] mmc1: new HS200 MMC card at address 0001
[    1.915393] isa bounce pool size: 16 pages
[    1.919605] mmcblk0: mmc1:0001 SEM32G 29.1 GiB 
[    1.924345] mmcblk0boot0: mmc1:0001 SEM32G partition 1 4.00 MiB
[    1.930487] mmcblk0boot1: mmc1:0001 SEM32G partition 2 4.00 MiB
[    1.936595] mmcblk0rpmb: mmc1:0001 SEM32G partition 3 4.00 MiB
[    1.944842] Primary GPT is invalid, using alternate GPT.
[    1.950180]  mmcblk0: p1 p2 p3 p4 p5
[    1.956857]  mmcblk0boot1: unknown partition table
[    1.963342]  mmcblk0boot0: unknown partition table
[    2.971818] random: nonblocking pool is initialized
[   35.719926] tegra30-i2s 70080400.i2s: DMA channels sourced from device 70080000.ahub
[   54.369853] tegra-snd-rt5640 sound.5: rt5640-aif1 <-> 70080400.i2s mapping ok
[   54.380777] input: NVIDIA Tegra Dalmore Headphones as /devices/soc0/sound.5/sound/card0/input0
[   54.390790] TCP: cubic registered
[   54.394105] NET: Registered protocol family 17
[   54.398736] Key type dns_resolver registered
[   54.403556] Registering SWP/SWPB emulation handler
[   54.412959] hvdd-usb: disabling
[   54.418897] vdd-af-cam1: disabling
[   54.425157] LDO5: disabling
[   54.430834] vpp-fuse: disabling
[   54.436177] avdd-cam2: disabling
[   54.441665] avdd-cam1: disabling
[   54.448708] vdd-com-3v3: disabling
[   54.452713] vdd-lvds: disabling
[   54.456449] avdd-lcd: disabling
[   54.461067] dvdd_ts: 1800 mV 
[   54.464387] usb1_vbus: 5000 mV 
[   54.467615] usb1_vbus: supplied by vdd-sys-5v0
[   54.472368] usb2_vbus: 5000 mV 
[   54.475540] usb2_vbus: supplied by vdd-sys-5v0
[   54.480298] vdd_hdmi_5v0: 5000 mV 
[   54.483729] vdd_hdmi_5v0: supplied by vdd-sys-5v0
[   54.490772] vdd_cam_1v8_reg: 1800 mV 
[   54.499159] [drm] Supports vblank timestamp caching Rev 2 (21.10.2013).
[   54.505765] [drm] No driver support for vblank timestamp query.
[   54.560656] Console: switching to colour frame buffer device 240x75
[   54.588866] host1x drm: fb0:  frame buffer device
[   54.593586] host1x drm: registered panic notifier
[   54.598350] [drm] Initialized tegra 0.0.0 20120330 on minor 0
[   54.604692] platform 7d008000.usb: Driver tegra-ehci requests probe deferral
[   54.613260] tegra-ehci 7d008000.usb: EHCI Host Controller
[   54.618739] tegra-ehci 7d008000.usb: new USB bus registered, assigned bus number 1
[   54.627485] tegra-ehci 7d008000.usb: irq 129, io mem 0x7d008000
[   54.647155] tegra-ehci 7d008000.usb: USB 2.0 started, EHCI 1.10
[   54.654059] hub 1-0:1.0: USB hub found
[   54.657887] hub 1-0:1.0: 1 port detected
[   54.663353] input: gpio-keys.3 as /devices/soc0/gpio-keys.3/input/input1
[   54.673953] palmas-rtc rtc.8: setting system clock to 2000-05-02 06:46:37 UTC (957249997)
[   54.682244] spear_cpufreq: Invalid cpufreq_tbl
[   54.696825] ALSA device list:
[   54.700021]   #0: NVIDIA Tegra Dalmore
[   54.708668] EXT4-fs (mmcblk0p1): mounting ext3 file system using the ext4 subsystem
[   54.732953] EXT4-fs (mmcblk0p1): recovery complete
[   54.737785] EXT4-fs (mmcblk0p1): mounted filesystem with ordered data mode. Opts: (null)
[   54.745909] VFS: Mounted root (ext3 filesystem) on device 179:1.
[   54.754162] devtmpfs: mounted
[   54.757591] Freeing unused kernel memory: 512K (c080a000 - c088a000)
bash: cannot set terminal process group (-1): Inappropriate ioctl for device
bash: no job control in this shell
I have no name!@(none):/# [   54.977271] usb 1-1: new high-speed USB device number 2 using tegra-ehci
