

U-Boot 2011.03 (Jun 11 2013 - 06:07:37)

T114
Board: NVIDIA Dalmore
DRAM:  2 GiB
MMC:   Tegra2 SD/MMC: 0, Tegra2 SD/MMC: 1
In:    serial
Out:   serial
Err:   serial
Net:   Net Initialization Skipped
No ethernet found.
Hit any key to stop autoboot:  2  0 
Dalmore #
Dalmore #usb reset
(Re)start USB...
USB:   Register 10011 NbrPorts 1
USB EHCI 1.10
scanning bus for devices... 2 USB Device(s) found
       scanning bus for storage devices... 0 Storage Device(s) found
       scanning bus for ethernet devices... 1 Ethernet Device(s) found
Dalmore #setenv bootargs 'ignore_loglevel console=ttyS0,115200n8 rw root=/dev/mmcblk0p1 rootwait gpt debug init=/bin/bash'
Dalmore #setenv ipaddr 192.168.100.100; setenv serverip 192.168.100.1; setenv tftpserverip 192.168.100.1
Dalmore #tftpboot 0x81000000 zImage.tegra_defconfig%tegra20,114_mergeconfig
Waiting for Ethernet connection... done.
Using asx0 device
TFTP from server 192.168.100.1; our IP address is 192.168.100.100
Filename 'zImage.tegra_defconfig%tegra20,114_mergeconfig'.
Load address: 0x81000000
Loading: *#################################################  2.7 MiB/s
done
Bytes transferred = 4226808 (407ef8 hex)
Dalmore #tftpboot 0x82000000 tegra114-dalmore.dtb
Using asx0 device
TFTP from server 192.168.100.1; our IP address is 192.168.100.100
Filename 'tegra114-dalmore.dtb'.
Load address: 0x82000000
Loading: *#################################################  2.5 MiB/s
done
Bytes transferred = 34015 (84df hex)
Dalmore #bootz 0x81000000 - 0x82000000
## Flattened Device Tree blob at 82000000
   Booting using the fdt blob at 0x82000000
   Loading Device Tree to 81ff4000, end 81fff4de ... OK

Starting kernel ...

Timer summary in microseconds:
       Mark    Elapsed  Stage
          0          0  awake
  2,145,396  2,145,396  usb_start
  6,150,619  4,005,223  eth_start
  6,150,617         -2  tftp start
 10,259,145  4,108,528  tftp done
 12,160,582  1,901,437  start_kernel
Uncompressing Linux... done, booting the kernel.
[    0.000000] Booting Linux on physical CPU 0x0
[    0.000000] Initializing cgroup subsys cpu
[    0.000000] Initializing cgroup subsys cpuacct
[    0.000000] Linux version 3.14.0-rc1-next-20140206-39201-g0cc2aa5 (pwalmsley@tamien) (gcc version 4.7.3 20130328 (prerelease) (crosstool-NG linaro-1.13.1-4.7-2013.04-20130415 - Linaro GCC 2013.04) ) #1 SMP PREEMPT Wed Feb 5 20:23:43 PST 2014
[    0.000000] CPU: ARMv7 Processor [412fc0f2] revision 2 (ARMv7), cr=10c5387d
[    0.000000] CPU: PIPT / VIPT nonaliasing data cache, PIPT instruction cache
[    0.000000] Machine model: NVIDIA Tegra114 Dalmore evaluation board
[    0.000000] debug: ignoring loglevel setting.
[    0.000000] cma: CMA: reserved 16 MiB at ae800000
[    0.000000] Memory policy: Data cache writealloc
[    0.000000] On node 0 totalpages: 524032
[    0.000000] free_area_init_node: node 0, pgdat c080fa80, node_mem_map ed7f0000
[    0.000000]   Normal zone: 1520 pages used for memmap
[    0.000000]   Normal zone: 0 pages reserved
[    0.000000]   Normal zone: 194560 pages, LIFO batch:31
[    0.000000]   HighMem zone: 2574 pages used for memmap
[    0.000000]   HighMem zone: 329472 pages, LIFO batch:31
[    0.000000] Tegra Revision: A01 SKU: 0 CPU Process: 1 Core Process: 1
[    0.000000] PERCPU: Embedded 8 pages/cpu @ed7b7000 s9152 r8192 d15424 u32768
[    0.000000] pcpu-alloc: s9152 r8192 d15424 u32768 alloc=8*4096
[    0.000000] pcpu-alloc: [0] 0 [0] 1 [0] 2 [0] 3 
[    0.000000] Built 1 zonelists in Zone order, mobility grouping on.  Total pages: 522512
[    0.000000] Kernel command line: ignore_loglevel console=ttyS0,115200n8 rw root=/dev/mmcblk0p1 rootwait gpt debug init=/bin/bash
[    0.000000] PID hash table entries: 4096 (order: 2, 16384 bytes)
[    0.000000] Dentry cache hash table entries: 131072 (order: 7, 524288 bytes)
[    0.000000] Inode-cache hash table entries: 65536 (order: 6, 262144 bytes)
[    0.000000] Memory: 2053656K/2096128K available (5763K kernel code, 316K rwdata, 1900K rodata, 240K init, 340K bss, 42472K reserved, 1317888K highmem)
[    0.000000] Virtual kernel memory layout:
[    0.000000]     vector  : 0xffff0000 - 0xffff1000   (   4 kB)
[    0.000000]     fixmap  : 0xfff00000 - 0xfffe0000   ( 896 kB)
[    0.000000]     vmalloc : 0xf0000000 - 0xff000000   ( 240 MB)
[    0.000000]     lowmem  : 0xc0000000 - 0xef800000   ( 760 MB)
[    0.000000]     pkmap   : 0xbfe00000 - 0xc0000000   (   2 MB)
[    0.000000]     modules : 0xbf000000 - 0xbfe00000   (  14 MB)
[    0.000000]       .text : 0xc0008000 - 0xc0784330   (7665 kB)
[    0.000000]       .init : 0xc0785000 - 0xc07c13c0   ( 241 kB)
[    0.000000]       .data : 0xc07c2000 - 0xc08112a0   ( 317 kB)
[    0.000000]        .bss : 0xc08112ac - 0xc0866658   ( 341 kB)
[    0.000000] Preemptible hierarchical RCU implementation.
[    0.000000] NR_IRQS:16 nr_irqs:16 16
[   12.956542] sched_clock: 32 bits at 1000kHz, resolution 1000ns, wraps every 2147483648000ns
[    0.000401] Architected cp15 timer(s) running at 12.00MHz (virt).
[   11.060947] sched_clock: 56 bits at 12MHz, resolution 83ns, wraps every 2863311536128ns
[    0.000003] Switching to timer-based delay loop
[    0.000431] Console: colour dummy device 80x30
[    0.000463] Calibrating delay loop (skipped), value calculated using timer frequency.. 24.00 BogoMIPS (lpj=120000)
[    0.000480] pid_max: default: 32768 minimum: 301
[    0.000906] Mount-cache hash table entries: 512
[    0.021799] Initializing cgroup subsys debug
[    0.021818] Initializing cgroup subsys freezer
[    0.021885] CPU: Testing write buffer coherency: ok
[    0.022222] /cpus/cpu@0 missing clock-frequency property
[    0.022248] /cpus/cpu@1 missing clock-frequency property
[    0.022271] /cpus/cpu@2 missing clock-frequency property
[    0.022294] /cpus/cpu@3 missing clock-frequency property
[    0.022308] CPU0: thread -1, cpu 0, socket 0, mpidr 80000000
[    0.022336] Setting up static identity map for 0x80576238 - 0x805762d0
[    0.080786] CPU1: Booted secondary processor
[    0.080814] CPU1: thread -1, cpu 1, socket 0, mpidr 80000001
[    0.100801] CPU2: Booted secondary processor
[    0.100826] CPU2: thread -1, cpu 2, socket 0, mpidr 80000002
[    0.120774] CPU3: Booted secondary processor
[    0.120799] CPU3: thread -1, cpu 3, socket 0, mpidr 80000003
[    0.120979] Brought up 4 CPUs
[    0.121007] SMP: Total of 4 processors activated.
[    0.121015] CPU: All CPU(s) started in SVC mode.
[    0.122059] devtmpfs: initialized
[    0.135438] VFP support v0.3: implementor 41 architecture 4 part 30 variant f rev 0
[    0.136165] pinctrl core: initialized pinctrl subsystem
[    0.136916] regulator-dummy: no parameters
[    0.137846] NET: Registered protocol family 16
[    0.139164] DMA: preallocated 256 KiB pool for atomic coherent allocations
[    0.140463] cpuidle: using governor ladder
[    0.140474] cpuidle: using governor menu
[    0.157604] No ATAGs?
[    0.157634] hw-breakpoint: found 5 (+1 reserved) breakpoint and 4 watchpoint registers.
[    0.157645] hw-breakpoint: maximum watchpoint size is 8 bytes.
[    0.175721] bio: create slab <bio-0> at 0
[    0.177347] vdd_ac_bat: 5000 mV 
[    0.177829] dvdd_ts: Failed to request enable GPIO61: -517
[    0.177994] reg-fixed-voltage 1.regulator: Failed to register regulator: -517
[    0.178020] platform 1.regulator: Driver reg-fixed-voltage requests probe deferral
[    0.178361] usb1_vbus: Failed to request enable GPIO108: -517
[    0.178511] reg-fixed-voltage 3.regulator: Failed to register regulator: -517
[    0.178535] platform 3.regulator: Driver reg-fixed-voltage requests probe deferral
[    0.178874] usb2_vbus: Failed to request enable GPIO86: -517
[    0.179023] reg-fixed-voltage 4.regulator: Failed to register regulator: -517
[    0.179047] platform 4.regulator: Driver reg-fixed-voltage requests probe deferral
[    0.179385] vdd_hdmi_5v0: Failed to request enable GPIO81: -517
[    0.179533] reg-fixed-voltage 5.regulator: Failed to register regulator: -517
[    0.179557] platform 5.regulator: Driver reg-fixed-voltage requests probe deferral
[    0.179657] platform 6.regulator: Driver reg-fixed-voltage requests probe deferral
[    0.181109] vgaarb: loaded
[    0.182383] SCSI subsystem initialized
[    0.183031] usbcore: registered new interface driver usbfs
[    0.183197] usbcore: registered new interface driver hub
[    0.183389] usbcore: registered new device driver usb
[    0.189013] vdd-cpu: 500 <--> 1520 mV at 1100 mV 
[    0.189811] tps65090 2-0048: No cache defaults, reading back from HW
[    0.196428] vdd-sys-5v0: no parameters
[    0.196511] vdd-sys-5v0: supplied by vdd_ac_bat
[    0.198080] vdd-sys-3v3: no parameters
[    0.198152] vdd-sys-3v3: supplied by vdd_ac_bat
[    0.199714] vdd-ao: no parameters
[    0.199786] vdd-ao: supplied by vdd_ac_bat
[    0.200185] vdd-lcd-bl: no parameters
[    0.200257] vdd-lcd-bl: supplied by vdd_ac_bat
[    0.200648] TPS65090_RAILSFET2: no parameters
[    0.200718] TPS65090_RAILSFET2: supplied by vdd_ac_bat
[    0.201088] vdd-modem-3v3: no parameters
[    0.201157] vdd-modem-3v3: supplied by vdd-sys-3v3
[    0.201527] avdd-lcd: no parameters
[    0.201594] avdd-lcd: supplied by vdd-sys-3v3
[    0.201968] vdd-lvds: no parameters
[    0.202035] vdd-lvds: supplied by vdd-sys-3v3
[    0.202422] vdd-sd-slot: no parameters
[    0.202488] vdd-sd-slot: supplied by vdd-sys-3v3
[    0.202853] vdd-com-3v3: no parameters
[    0.202920] vdd-com-3v3: supplied by vdd-sys-3v3
[    0.203310] vdd-sby-5v0: no parameters
[    0.203370] vdd-sby-5v0: supplied by vdd_ac_bat
[    0.203732] vdd-sby-3v3: no parameters
[    0.203790] vdd-sby-3v3: supplied by vdd_ac_bat
[    0.204241] genirq: Setting trigger mode 8 for irq 118 failed (gic_set_type+0x0/0xf0)
[    0.204829] palmas 2-0058: Irq flag is 0x00000000
[    0.219437] palmas 2-0058: Muxing GPIO ff, PWM 0, LED 0
[    0.228794] vddio-ddr: 1350 mV 
[    0.229721] vddio-ddr: supplied by vdd-ao
[    0.236842] vddio-1v8: 1800 mV 
[    0.237754] vddio-1v8: supplied by vdd-ao
[    0.244858] vdd-core: 900 <--> 1400 mV at 1100 mV 
[    0.245770] vdd-core: supplied by vdd-sys-3v3
[    0.250098] SMPS6: no parameters
[    0.258030] avdd-pll: 1050 mV 
[    0.258945] avdd-pll: supplied by vdd-sys-3v3
[    0.267403] sdhci-vdd-sd-slot: 2800 mV 
[    0.268327] sdhci-vdd-sd-slot: supplied by vdd-sys-3v3
[    0.270287] SMPS10_OUT2: at 5000 mV 
[    0.272284] SMPS10_OUT1: at 5000 mV 
[    0.275097] avdd-cam1: 2800 mV 
[    0.275997] avdd-cam1: supplied by vdd-sys-3v3
[    0.280146] avdd-cam2: 2800 mV 
[    0.281047] avdd-cam2: supplied by vdd-sys-3v3
[    0.285971] avdd-dsi-csi: 1200 mV 
[    0.286869] avdd-dsi-csi: supplied by vddio-1v8
[    0.291817] vpp-fuse: 1800 mV 
[    0.292717] vpp-fuse: supplied by vdd-sys-3v3
[    0.296073] LDO5: at 1200 mV 
[    0.296975] LDO5: supplied by vdd_ac_bat
[    0.299726] vdd-sensor-2v85: 2850 mV 
[    0.300626] vdd-sensor-2v85: supplied by vdd-sys-3v3
[    0.304770] vdd-af-cam1: 2800 mV 
[    0.305666] vdd-af-cam1: supplied by vdd-sys-3v3
[    0.313931] vdd-rtc: 900 mV 
[    0.314828] vdd-rtc: supplied by vdd-ao
[    0.318974] vddio-sdmmc-2: 1800 <--> 3300 mV at 3300 mV 
[    0.319885] vddio-sdmmc-2: supplied by sdhci-vdd-sd-slot
[    0.324792] hvdd-usb: 3300 mV 
[    0.325689] hvdd-usb: supplied by vdd-sys-5v0
[    0.330638] avdd-usb: 3300 mV 
[    0.331537] avdd-usb: supplied by vdd-sys-5v0
[    0.334881] rail-3v3: no parameters
[    0.337419] rail-5v0: no parameters
[    0.339139] REGEN3: no parameters
[    0.339488] SYSEN1: no parameters
[    0.339840] SYSEN2: no parameters
[    0.340712] Linux video capture interface: v2.00
[    0.341645] platform 70019010.iommu: Driver tegra-smmu requests probe deferral
[    0.342020] Advanced Linux Sound Architecture Driver Initialized.
[    0.343317] Bluetooth: Core ver 2.18
[    0.343403] NET: Registered protocol family 31
[    0.343412] Bluetooth: HCI device and connection manager initialized
[    0.343436] Bluetooth: HCI socket layer initialized
[    0.343458] Bluetooth: L2CAP socket layer initialized
[    0.343518] Bluetooth: SCO socket layer initialized
[    0.344200] cfg80211: Calling CRDA to update world regulatory domain
[    0.344921] Switched to clocksource arch_sys_counter
[    0.366879] NET: Registered protocol family 2
[    0.367817] TCP established hash table entries: 8192 (order: 3, 32768 bytes)
[    0.367931] TCP bind hash table entries: 8192 (order: 4, 65536 bytes)
[    0.368117] TCP: Hash tables configured (established 8192 bind 8192)
[    0.368532] TCP: reno registered
[    0.368549] UDP hash table entries: 512 (order: 2, 16384 bytes)
[    0.368591] UDP-Lite hash table entries: 512 (order: 2, 16384 bytes)
[    0.369020] NET: Registered protocol family 1
[    0.369750] RPC: Registered named UNIX socket transport module.
[    0.369760] RPC: Registered udp transport module.
[    0.369768] RPC: Registered tcp transport module.
[    0.369776] RPC: Registered tcp NFSv4.1 backchannel transport module.
[    0.369789] PCI: CLS 0 bytes, default 64
[    0.373849] futex hash table entries: 1024 (order: 4, 65536 bytes)
[    0.375090] bounce pool size: 64 pages
[    0.376667] squashfs: version 4.0 (2009/01/31) Phillip Lougher
[    0.377469] msgmni has been set to 1469
[    0.379205] io scheduler noop registered (default)
[    0.408331] tegra-apbdma 6000a000.dma: Tegra20 APB DMA driver register 32 channels
[    0.409208] Serial: 8250/16550 driver, 4 ports, IRQ sharing disabled
[    0.412582] 70006300.serial: ttyS0 at MMIO 0x70006300 (irq = 122, base_baud = 25500000) is a Tegra
[    1.433136] console [ttyS0] enabled
[    1.437760] [drm] Initialized drm 1.1.0 20060810
[    1.442492] tegra-dc 54200000.dc: missing "nvidia,head" property
[    1.448877] tegra-dc 54240000.dc: missing "nvidia,head" property
[    1.455532] platform 54300000.dsi: Driver tegra-dsi requests probe deferral
[    1.463069] tegra-hdmi 54280000.hdmi: failed to get VDD regulator
[    1.469208] platform 54280000.hdmi: Driver tegra-hdmi requests probe deferral
[    1.488600] loop: module loaded
[    1.495836] m25p80 spi32766.0: w25q32dw (4096 Kbytes)
[    1.503768] pegasus: v0.9.3 (2013/04/25), Pegasus/Pegasus II USB Ethernet driver
[    1.511302] usbcore: registered new interface driver pegasus
[    1.517147] usbcore: registered new interface driver asix
[    1.522649] usbcore: registered new interface driver ax88179_178a
[    1.528862] usbcore: registered new interface driver cdc_ether
[    1.534794] usbcore: registered new interface driver r815x
[    1.540451] usbcore: registered new interface driver smsc75xx
[    1.546380] usbcore: registered new interface driver smsc95xx
[    1.552225] usbcore: registered new interface driver net1080
[    1.558005] usbcore: registered new interface driver cdc_subset
[    1.564026] usbcore: registered new interface driver zaurus
[    1.569773] usbcore: registered new interface driver cdc_ncm
[    1.575478] ehci_hcd: USB 2.0 'Enhanced' Host Controller (EHCI) Driver
[    1.581994] ehci-pci: EHCI PCI platform driver
[    1.586560] tegra-ehci: Tegra EHCI driver
[    1.590829] platform 7d008000.usb: Driver tegra-ehci requests probe deferral
[    1.598304] usbcore: registered new interface driver cdc_acm
[    1.603954] cdc_acm: USB Abstract Control Model driver for USB modems and ISDN adapters
[    1.612073] usbcore: registered new interface driver cdc_wdm
[    1.617898] usbcore: registered new interface driver usb-storage
[    1.624163] platform 7d008000.usb-phy: Driver tegra-phy requests probe deferral
[    1.632275] mousedev: PS/2 mouse device common for all mice
[    1.650847] palmas-rtc rtc.8: rtc core: registered rtc.8 as rtc0
[    1.661569] tegra_rtc 7000e000.rtc: rtc core: registered 7000e000.rtc as rtc1
[    1.668742] tegra_rtc 7000e000.rtc: Tegra internal Real Time Clock
[    1.676508] sbs-battery 0-000b: sbs_probe: Failed to get device status
[    1.683040] sbs-battery: probe of 0-000b failed with error -121
[    1.708275] sdhci: Secure Digital Host Controller Interface driver
[    1.714457] sdhci: Copyright(c) Pierre Ossman
[    1.718835] sdhci-pltfm: SDHCI platform and OF driver helper
[    1.725071] sdhci-tegra 78000400.sdhci: Got CD GPIO #170.
[    1.731564] mmc0: no vqmmc regulator found
[    1.735734] mmc0: no vmmc regulator found
[    1.739769] mmc0: Invalid maximum block size, assuming 512 bytes
[    1.784943] mmc0: SDHCI controller on 78000400.sdhci [78000400.sdhci] using ADMA
[    1.794672] mmc1: no vqmmc regulator found
[    1.798844] mmc1: no vmmc regulator found
[    1.802878] mmc1: Invalid maximum block size, assuming 512 bytes
[    1.854939] mmc1: SDHCI controller on 78000600.sdhci [78000600.sdhci] using ADMA
[    1.863442] usbcore: registered new interface driver usbhid
[    1.871141] usbhid: USB HID core driver
[    1.987249] mmc1: BKOPS_EN bit is not set
[    2.017959] mmc1: new HS200 MMC card at address 0001
[    2.023766] isa bounce pool size: 16 pages
[    2.028085] mmcblk0: mmc1:0001 SEM32G 29.1 GiB 
[    2.032987] mmcblk0boot0: mmc1:0001 SEM32G partition 1 4.00 MiB
[    2.039295] mmcblk0boot1: mmc1:0001 SEM32G partition 2 4.00 MiB
[    2.045697] mmcblk0rpmb: mmc1:0001 SEM32G partition 3 4.00 MiB
[    2.054559] Primary GPT is invalid, using alternate GPT.
[    2.059941]  mmcblk0: p1 p2 p3 p4 p5
[    2.068908]  mmcblk0boot1: unknown partition table
[    2.076030]  mmcblk0boot0: unknown partition table
[    3.096810] random: nonblocking pool is initialized
