
U-Boot SPL 2014.07-00097-g772e173 (Jul 25 2014 - 20:02:52)


U-Boot 2014.07-00097-g772e173 (Jul 25 2014 - 20:02:52)

TEGRA124
Board: NVIDIA Jetson TK1
I2C:   ready
DRAM:  2 GiB
MMC:   Tegra SD/MMC: 0, Tegra SD/MMC: 1
In:    serial
Out:   serial
Err:   serial
Net:   Net Initialization Skipped
No ethernet found.
Hit any key to stop autoboot:  2  0 
Tegra124 (Jetson TK1) # 
Tegra124 (Jetson TK1) # usb reset
(Re)start USB...
USB0:   USB EHCI 1.10
scanning bus 0 for devices... 1 USB Device(s) found
USB1:   USB EHCI 1.10
scanning bus 1 for devices... 2 USB Device(s) found
       scanning usb for storage devices... 0 Storage Device(s) found
       scanning usb for ethernet devices... 
Warning: asx0 using MAC address from net device
1 Ethernet Device(s) found
Tegra124 (Jetson TK1) # setenv bootargs 'ignore_loglevel console=ttyS0,115200n8 rw root=/dev/mmcblk0p1 rootwait gpt debug noinitrd earlyprintk init=/bin/bash'
Tegra124 (Jetson TK1) # setenv ipaddr 192.168.100.102; setenv serverip 192.168.100.1; setenv tftpserverip 192.168.100.1
Tegra124 (Jetson TK1) # tftpboot 0x82000000 zImage.multi_v7_defconfig
Using asx0 device
TFTP from server 192.168.100.1; our IP address is 192.168.100.102
Filename 'zImage.multi_v7_defconfig'.
Load address: 0x82000000
Loading: *#################################################################
	 #################################################################
	 #################################################################
	 #################################################################
	 #################################################################
	 #################################################################
	 #################################################################
	 ######
	 3.2 MiB/s
done
Bytes transferred = 6763968 (6735c0 hex)
Tegra124 (Jetson TK1) # tftpboot 0x83000000 tegra124-jetson-tk1.dtb
Using asx0 device
TFTP from server 192.168.100.1; our IP address is 192.168.100.102
Filename 'tegra124-jetson-tk1.dtb'.
Load address: 0x83000000
Loading: *#####
	 2.9 MiB/s
done
Bytes transferred = 64138 (fa8a hex)
Tegra124 (Jetson TK1) # bootz 0x82000000 - 0x83000000
Kernel image @ 0x82000000 [ 0x000000 - 0x6735c0 ]
## Flattened Device Tree blob at 83000000
   Booting using the fdt blob at 0x83000000
   Using Device Tree in place at 83000000, end 83012a89

Starting kernel ...

[    0.000000] Booting Linux on physical CPU 0x0
[    0.000000] Linux version 4.4.0-rc8-next-20160111-66728-gbf976ab (pwalmsley@sellafield) (gcc version 4.7.3 20130328 (prerelease) (crosstool-NG linaro-1.13.1-4.7-2013.04-20130415 - Linaro GCC 2013.04) ) #1 SMP Mon Jan 11 04:17:41 PST 2016
[    0.000000] CPU: ARMv7 Processor [413fc0f3] revision 3 (ARMv7), cr=10c5387d
[    0.000000] CPU: div instructions available: patching division code
[    0.000000] CPU: PIPT / VIPT nonaliasing data cache, PIPT instruction cache
[    0.000000] Machine model: NVIDIA Tegra124 Jetson TK1
[    0.000000] debug: ignoring loglevel setting.
[    0.000000] cma: Reserved 64 MiB at 0xfb800000
[    0.000000] Memory policy: Data cache writealloc
[    0.000000] On node 0 totalpages: 524032
[    0.000000] free_area_init_node: node 0, pgdat c105dc40, node_mem_map eeff8000
[    0.000000]   DMA zone: 1536 pages used for memmap
[    0.000000]   DMA zone: 0 pages reserved
[    0.000000]   DMA zone: 196608 pages, LIFO batch:31
[    0.000000]   HighMem zone: 327424 pages, LIFO batch:31
[    0.000000] PERCPU: Embedded 13 pages/cpu @eef8b000 s23168 r8192 d21888 u53248
[    0.000000] pcpu-alloc: s23168 r8192 d21888 u53248 alloc=13*4096
[    0.000000] pcpu-alloc: [0] 0 [0] 1 [0] 2 [0] 3 
[    0.000000] Built 1 zonelists in Zone order, mobility grouping on.  Total pages: 522496
[    0.000000] Kernel command line: ignore_loglevel console=ttyS0,115200n8 rw root=/dev/mmcblk0p1 rootwait gpt debug noinitrd earlyprintk init=/bin/bash
[    0.000000] PID hash table entries: 4096 (order: 2, 16384 bytes)
[    0.000000] Dentry cache hash table entries: 131072 (order: 7, 524288 bytes)
[    0.000000] Inode-cache hash table entries: 65536 (order: 6, 262144 bytes)
[    0.000000] Memory: 1997844K/2096128K available (8495K kernel code, 1110K rwdata, 4024K rodata, 1052K init, 345K bss, 32748K reserved, 65536K cma-reserved, 1244160K highmem)
[    0.000000] Virtual kernel memory layout:
[    0.000000]     vector  : 0xffff0000 - 0xffff1000   (   4 kB)
[    0.000000]     fixmap  : 0xffc00000 - 0xfff00000   (3072 kB)
[    0.000000]     vmalloc : 0xf0800000 - 0xff800000   ( 240 MB)
[    0.000000]     lowmem  : 0xc0000000 - 0xf0000000   ( 768 MB)
[    0.000000]     pkmap   : 0xbfe00000 - 0xc0000000   (   2 MB)
[    0.000000]     modules : 0xbf000000 - 0xbfe00000   (  14 MB)
[    0.000000]       .text : 0xc0208000 - 0xc0e42df0   (12524 kB)
[    0.000000]       .init : 0xc0e43000 - 0xc0f4a000   (1052 kB)
[    0.000000]       .data : 0xc0f4a000 - 0xc105fbc0   (1111 kB)
[    0.000000]        .bss : 0xc1062000 - 0xc10b85a0   ( 346 kB)
[    0.000000] SLUB: HWalign=64, Order=0-3, MinObjects=0, CPUs=4, Nodes=1
[    0.000000] Hierarchical RCU implementation.
[    0.000000] 	Build-time adjustment of leaf fanout to 32.
[    0.000000] 	RCU restricting CPUs from NR_CPUS=16 to nr_cpu_ids=4.
[    0.000000] RCU: Adjusting geometry for rcu_fanout_leaf=32, nr_cpu_ids=4
[    0.000000] NR_IRQS:16 nr_irqs:16 16
[    0.000000] /interrupt-controller@60004000: 160 interrupts forwarded to /interrupt-controller@0,50041000
[    0.000000] L2C: failed to init: -19
[    0.000000] Tegra clk 127: register failed with -17
[    0.000009] sched_clock: 32 bits at 1000kHz, resolution 1000ns, wraps every 2147483647500ns
[    0.000032] clocksource: timer_us: mask: 0xffffffff max_cycles: 0xffffffff, max_idle_ns: 1911260446275 ns
[    0.000046] Switching to timer-based delay loop, resolution 1000ns
[    0.004515] Architected cp15 timer(s) running at 12.00MHz (virt).
[    0.004534] clocksource: arch_sys_counter: mask: 0xffffffffffffff max_cycles: 0x2c47f4ee7, max_idle_ns: 440795202497 ns
[    0.004552] sched_clock: 56 bits at 12MHz, resolution 83ns, wraps every 4398046511096ns
[    0.004564] Switching to timer-based delay loop, resolution 83ns
[    0.004967] Console: colour dummy device 80x30
[    0.004993] Calibrating delay loop (skipped), value calculated using timer frequency.. 24.00 BogoMIPS (lpj=60000)
[    0.005008] pid_max: default: 32768 minimum: 301
[    0.005116] Mount-cache hash table entries: 2048 (order: 1, 8192 bytes)
[    0.005128] Mountpoint-cache hash table entries: 2048 (order: 1, 8192 bytes)
[    0.005708] CPU: Testing write buffer coherency: ok
[    0.005926] /cpus/cpu@0 missing clock-frequency property
[    0.005965] /cpus/cpu@1 missing clock-frequency property
[    0.006003] /cpus/cpu@2 missing clock-frequency property
[    0.006043] /cpus/cpu@3 missing clock-frequency property
[    0.006055] CPU0: thread -1, cpu 0, socket 0, mpidr 80000000
[    0.006094] Setting up static identity map for 0x80209000 - 0x80209098
[    0.009002] Tegra Revision: A01 SKU: 129 CPU Process: 1 SoC Process: 1
[    0.010358] CPU1: thread -1, cpu 1, socket 0, mpidr 80000001
[    0.010970] CPU2: thread -1, cpu 2, socket 0, mpidr 80000002
[    0.011575] CPU3: thread -1, cpu 3, socket 0, mpidr 80000003
[    0.011650] Brought up 4 CPUs
[    0.011670] SMP: Total of 4 processors activated (96.00 BogoMIPS).
[    0.011678] CPU: All CPU(s) started in SVC mode.
[    0.013091] devtmpfs: initialized
[    0.031712] VFP support v0.3: implementor 41 architecture 4 part 30 variant f rev 0
[    0.032462] clocksource: jiffies: mask: 0xffffffff max_cycles: 0xffffffff, max_idle_ns: 9556302231375000 ns
[    0.034130] pinctrl core: initialized pinctrl subsystem
[    0.035888] NET: Registered protocol family 16
[    0.037974] DMA: preallocated 256 KiB pool for atomic coherent allocations
[    0.054632] cpuidle: using governor ladder
[    0.069651] cpuidle: using governor menu
[    0.086930] No ATAGs?
[    0.086967] hw-breakpoint: found 5 (+1 reserved) breakpoint and 4 watchpoint registers.
[    0.086978] hw-breakpoint: maximum watchpoint size is 8 bytes.
[    0.092733] Serial: AMBA PL011 UART driver
[    0.125495] +USB0_VBUS_SW: Failed to request enable GPIO108: -517
[    0.125612] reg-fixed-voltage regulators:regulator@7: Failed to register regulator: -517
[    0.125826] +5V_USB_HS: Failed to request enable GPIO109: -517
[    0.125935] reg-fixed-voltage regulators:regulator@8: Failed to register regulator: -517
[    0.126224] +1.05V_RUN_AVDD_HDMI_PLL: Failed to request enable GPIO63: -517
[    0.126331] reg-fixed-voltage regulators:regulator@11: Failed to register regulator: -517
[    0.126541] +5V_HDMI_CON: Failed to request enable GPIO86: -517
[    0.126647] reg-fixed-voltage regulators:regulator@12: Failed to register regulator: -517
[    0.126857] +5V_SATA: Failed to request enable GPIO242: -517
[    0.126962] reg-fixed-voltage regulators:regulator@13: Failed to register regulator: -517
[    0.127173] +12V_SATA: Failed to request enable GPIO242: -517
[    0.127279] reg-fixed-voltage regulators:regulator@14: Failed to register regulator: -517
[    0.130644] vgaarb: loaded
[    0.131685] SCSI subsystem initialized
[    0.131868] libata version 3.00 loaded.
[    0.132163] usbcore: registered new interface driver usbfs
[    0.132231] usbcore: registered new interface driver hub
[    0.132306] usbcore: registered new device driver usb
[    0.136007] pps_core: LinuxPPS API ver. 1 registered
[    0.136018] pps_core: Software ver. 5.3.6 - Copyright 2005-2007 Rodolfo Giometti <giometti@linux.it>
[    0.136051] PTP clock support registered
[    0.136285] EDAC MC: Ver: 3.0.0
[    0.139486] clocksource: Switched to clocksource arch_sys_counter
[    0.150512] thermal thermal_zone0: failed to read out thermal zone (-22)
[    0.150706] thermal thermal_zone1: failed to read out thermal zone (-22)
[    0.150897] thermal thermal_zone2: failed to read out thermal zone (-22)
[    0.151056] thermal thermal_zone3: failed to read out thermal zone (-22)
[    0.151245] NET: Registered protocol family 2
[    0.151758] TCP established hash table entries: 8192 (order: 3, 32768 bytes)
[    0.151856] TCP bind hash table entries: 8192 (order: 4, 65536 bytes)
[    0.152042] TCP: Hash tables configured (established 8192 bind 8192)
[    0.152094] UDP hash table entries: 512 (order: 2, 16384 bytes)
[    0.152136] UDP-Lite hash table entries: 512 (order: 2, 16384 bytes)
[    0.152309] NET: Registered protocol family 1
[    0.152563] RPC: Registered named UNIX socket transport module.
[    0.152573] RPC: Registered udp transport module.
[    0.152580] RPC: Registered tcp transport module.
[    0.152587] RPC: Registered tcp NFSv4.1 backchannel transport module.
[    0.152608] PCI: CLS 0 bytes, default 64
[    0.153615] hw perfevents: enabled with armv7_cortex_a15 PMU driver, 7 counters available
[    0.155196] futex hash table entries: 1024 (order: 4, 65536 bytes)
[    0.167924] squashfs: version 4.0 (2009/01/31) Phillip Lougher
[    0.168822] NFS: Registering the id_resolver key type
[    0.168857] Key type id_resolver registered
[    0.168865] Key type id_legacy registered
[    0.168941] ntfs: driver 2.1.32 [Flags: R/O].
[    0.170323] bounce: pool size: 64 pages
[    0.170539] Block layer SCSI generic (bsg) driver version 0.4 loaded (major 249)
[    0.170558] io scheduler noop registered
[    0.170575] io scheduler deadline registered
[    0.170615] io scheduler cfq registered (default)
[    0.190158] tegra-pcie 1003000.pcie-controller: 2x1, 1x1 configuration
[    0.190212] tegra-pcie 1003000.pcie-controller: Failed to get supply 'avddio-pex': -517
[    0.197764] tegra-apbdma 60020000.dma: Tegra20 APB DMA driver register 32 channels
[    0.199431] tegra-pmc 7000e400.pmc: emergency thermal reset enabled
[    0.264264] Serial: 8250/16550 driver, 4 ports, IRQ sharing disabled
[    0.267285] console [ttyS0] disabled
[    0.267322] 70006300.serial: ttyS0 at MMIO 0x70006300 (irq = 331, base_baud = 25500000) is a Tegra
[    1.117105] console [ttyS0] enabled
[    1.121490] SuperH (H)SCI(F) driver initialized
[    1.127059] msm_serial: driver initialized
[    1.131377] STMicroelectronics ASC driver initialized
[    1.138999] [drm] Initialized drm 1.1.0 20060810
[    1.145626] tegra-hdmi 54280000.hdmi: failed to get HDMI regulator
[    1.165047] brd: module loaded
[    1.174220] loop: module loaded
[    1.177793] at24 0-0056: 256 byte 24c02 EEPROM, writable, 8 bytes/write
[    1.186147] as3722 4-0040: AS3722 with revision 0x1 found
[    1.209551] +5V_SYS: supplied by +VDD_MUX
[    1.213596] +1.05V_RUN: supplied by +5V_SYS
[    1.217919] tegra-ahci 70027000.sata: Failed to get supply 'hvdd': -517
[    1.224590] tegra-ahci 70027000.sata: Failed to get regulators
[    1.236032] m25p80 spi32765.0: w25q32dw (4096 Kbytes)
[    1.244564] libphy: Fixed MDIO Bus: probed
[    1.249366] CAN device driver interface
[    1.255313] igb: Intel(R) Gigabit Ethernet Network Driver - version 5.3.0-k
[    1.262279] igb: Copyright (c) 2007-2014 Intel Corporation.
[    1.271129] pegasus: v0.9.3 (2013/04/25), Pegasus/Pegasus II USB Ethernet driver
[    1.278592] usbcore: registered new interface driver pegasus
[    1.284325] usbcore: registered new interface driver asix
[    1.289784] usbcore: registered new interface driver ax88179_178a
[    1.295932] usbcore: registered new interface driver cdc_ether
[    1.301846] usbcore: registered new interface driver smsc75xx
[    1.307668] usbcore: registered new interface driver smsc95xx
[    1.313470] usbcore: registered new interface driver net1080
[    1.319190] usbcore: registered new interface driver cdc_subset
[    1.325166] usbcore: registered new interface driver zaurus
[    1.330829] usbcore: registered new interface driver cdc_ncm
[    1.336754] tegra-phy 7d004000.usb-phy: no vbus regulator
[    1.344130] ehci_hcd: USB 2.0 'Enhanced' Host Controller (EHCI) Driver
[    1.350675] ehci-pci: EHCI PCI platform driver
[    1.355179] ehci-platform: EHCI generic platform driver
[    1.360626] ehci-omap: OMAP-EHCI Host Controller driver
[    1.366009] ehci-orion: EHCI orion driver
[    1.370180] SPEAr-ehci: EHCI SPEAr driver
[    1.374337] ehci-st: EHCI STMicroelectronics driver
[    1.379378] ehci-exynos: EHCI EXYNOS driver
[    1.383743] ehci-atmel: EHCI Atmel driver
[    1.387915] tegra-ehci: Tegra EHCI driver
[    1.392246] tegra-ehci 7d004000.usb: EHCI Host Controller
[    1.397677] tegra-ehci 7d004000.usb: new USB bus registered, assigned bus number 1
[    1.405431] tegra-ehci 7d004000.usb: irq 348, io mem 0x7d004000
[    1.419509] tegra-ehci 7d004000.usb: USB 2.0 started, EHCI 1.10
[    1.426287] hub 1-0:1.0: USB hub found
[    1.430085] hub 1-0:1.0: 1 port detected
[    1.434623] ohci_hcd: USB 1.1 'Open' Host Controller (OHCI) Driver
[    1.440826] ohci-pci: OHCI PCI platform driver
[    1.445336] ohci-platform: OHCI generic platform driver
[    1.450755] ohci-omap3: OHCI OMAP3 driver
[    1.454927] SPEAr-ohci: OHCI SPEAr driver
[    1.459086] ohci-st: OHCI STMicroelectronics driver
[    1.464129] ohci-atmel: OHCI Atmel driver
[    1.468758] usbcore: registered new interface driver usb-storage
[    1.476411] mousedev: PS/2 mouse device common for all mice
[    1.485674] as3722-rtc as3722-rtc: rtc core: registered as3722-rtc as rtc0
[    1.492560] as3722-rtc as3722-rtc: RTC interrupt 371
[    1.500955] tegra_rtc 7000e000.rtc: rtc core: registered 7000e000.rtc as rtc1
[    1.508140] tegra_rtc 7000e000.rtc: Tegra internal Real Time Clock
[    1.514952] i2c /dev entries driver
[    1.524615] 0-004c supply vcc not found, using dummy regulator
[    1.538246] sdhci: Secure Digital Host Controller Interface driver
[    1.544447] sdhci: Copyright(c) Pierre Ossman
[    1.550449] Synopsys Designware Multimedia Card Interface Driver
[    1.557623] sdhci-pltfm: SDHCI platform and OF driver helper
[    1.564057] sdhci-tegra 700b0400.sdhci: Got CD GPIO
[    1.568963] sdhci-tegra 700b0400.sdhci: Got WP GPIO
[    1.573899] mmc0: Unknown controller version (3). You may experience problems.
[    1.581409] mmc0: Unknown controller version (3). You may experience problems.
[    1.588714] mmc0: Invalid maximum block size, assuming 512 bytes
[    1.629511] mmc0: SDHCI controller on 700b0600.sdhci [700b0600.sdhci] using ADMA 64-bit
[    1.639194] ledtrig-cpu: registered to indicate activity on CPUs
[    1.645580] usbcore: registered new interface driver usbhid
[    1.651161] usbhid: USB HID core driver
[    1.663536] NET: Registered protocol family 10
[    1.668728] sit: IPv6 over IPv4 tunneling driver
[    1.674123] NET: Registered protocol family 17
[    1.678598] can: controller area network core (rev 20120528 abi 9)
[    1.684847] NET: Registered protocol family 29
[    1.689295] can: raw protocol (rev 20120528)
[    1.693582] can: broadcast manager protocol (rev 20120528 t)
[    1.699266] can: netlink gateway (rev 20130117) max_hops=1
[    1.705179] Key type dns_resolver registered
[    1.710129] ThumbEE CPU extension supported.
[    1.714408] Registering SWP/SWPB emulation handler
[    1.730637] tegra-pcie 1003000.pcie-controller: 2x1, 1x1 configuration
[    1.737459] +3.3V_SYS: supplied by +VDD_MUX
[    1.741689] +3.3V_LP0: supplied by +3.3V_SYS
[    1.746239] +1.35V_LP0(sd2): supplied by +5V_SYS
[    1.750913] +1.05V_RUN_AVDD: supplied by +1.35V_LP0(sd2)
[    1.757644] tegra-pcie 1003000.pcie-controller: probing port 0, using 2 lanes
[    1.766822] tegra-pcie 1003000.pcie-controller: Slot present pin change, signature: 00000008
[    1.808662] mmc0: MAN_BKOPS_EN bit is not set
[    1.823521] mmc0: new HS200 MMC card at address 0001
[    1.828943] mmcblk0: mmc0:0001 SEM16G 14.7 GiB 
[    1.833699] mmcblk0boot0: mmc0:0001 SEM16G partition 1 4.00 MiB
[    1.839830] mmcblk0boot1: mmc0:0001 SEM16G partition 2 4.00 MiB
[    1.845981] mmcblk0rpmb: mmc0:0001 SEM16G partition 3 4.00 MiB
[    1.853534] Primary GPT is invalid, using alternate GPT.
[    1.858878]  mmcblk0: p1 p2 p3 p4 p5 p6 p7 p8 p9
[    2.201047] tegra-pcie 1003000.pcie-controller: link 0 down, retrying
[    2.612535] tegra-pcie 1003000.pcie-controller: link 0 down, retrying
[    3.024675] tegra-pcie 1003000.pcie-controller: link 0 down, retrying
[    3.033148] tegra-pcie 1003000.pcie-controller: link 0 down, ignoring
[    3.039612] tegra-pcie 1003000.pcie-controller: probing port 1, using 1 lanes
[    3.048782] tegra-pcie 1003000.pcie-controller: Slot present pin change, signature: 00000000
[    3.452457] tegra-pcie 1003000.pcie-controller: link 1 down, retrying
[    3.864480] tegra-pcie 1003000.pcie-controller: link 1 down, retrying
[    4.276550] tegra-pcie 1003000.pcie-controller: link 1 down, retrying
[    4.285030] tegra-pcie 1003000.pcie-controller: link 1 down, ignoring
[    4.291691] tegra-pcie 1003000.pcie-controller: PCI host bridge to bus 0000:00
[    4.298926] pci_bus 0000:00: root bus resource [mem 0x13000000-0x1fffffff]
[    4.305809] pci_bus 0000:00: root bus resource [mem 0x20000000-0x3fffffff pref]
[    4.313123] pci_bus 0000:00: root bus resource [bus 00-ff]
[    4.318617] pci_bus 0000:00: root bus resource [io  0x1000-0xffff]
[    4.324827] PCI: bus0: Fast back to back transfers enabled
[    4.331110] +5V_HDMI_CON: supplied by +5V_SYS
[    4.335607] +1.05V_RUN_AVDD_HDMI_PLL: supplied by +1.05V_RUN
[    4.341433] +3.3V_RUN: supplied by +3.3V_SYS
[    4.345754] +3.3V_AVDD_HDMI_AP_GATED: supplied by +3.3V_RUN
[    4.352872] [drm] Supports vblank timestamp caching Rev 2 (21.10.2013).
[    4.359502] [drm] No driver support for vblank timestamp query.
[    4.462589] tegra-hdmi 54280000.hdmi: cannot set audio to 44100 at 297000000 pclk
[    4.614090] Console: switching to colour frame buffer device 512x135
[    4.709082] drm drm: fb0:  frame buffer device
[    4.724498] [drm] Initialized tegra 0.0.0 20120330 on minor 0
[    4.731518] +5V_SATA: supplied by +5V_SYS
[    4.735683] +12V_SATA: supplied by +VDD_MUX
[    4.740258] tegra-ahci 70027000.sata: AHCI 0001.0301 32 slots 2 ports 3 Gbps 0x1 impl platform mode
[    4.749318] tegra-ahci 70027000.sata: flags: 64bit ncq sntf pm led pio slum part sadm sds apst 
[    4.758071] ------------[ cut here ]------------
[    4.762693] WARNING: CPU: 1 PID: 6 at kernel/workqueue.c:2361 check_flush_dependency+0xc8/0x124()
[    4.771562] workqueue: WQ_MEM_RECLAIM deferwq:deferred_probe_work_func is flushing !WQ_MEM_RECLAIM events:lru_add_drain_per_cpu
[    4.782843] Modules linked in:
[    4.786089] CPU: 1 PID: 6 Comm: kworker/u8:0 Not tainted 4.4.0-rc8-next-20160111-66728-gbf976ab #1
[    4.795031] Hardware name: NVIDIA Tegra SoC (Flattened Device Tree)
[    4.801293] Workqueue: deferwq deferred_probe_work_func
[    4.806538] [<c02188b8>] (unwind_backtrace) from [<c0213f94>] (show_stack+0x10/0x14)
[    4.814280] [<c0213f94>] (show_stack) from [<c048972c>] (dump_stack+0x78/0x94)
[    4.821500] [<c048972c>] (dump_stack) from [<c024ab38>] (warn_slowpath_common+0x74/0xb0)
[    4.829585] [<c024ab38>] (warn_slowpath_common) from [<c024ac08>] (warn_slowpath_fmt+0x30/0x40)
[    4.838275] [<c024ac08>] (warn_slowpath_fmt) from [<c025dc58>] (check_flush_dependency+0xc8/0x124)
[    4.847224] [<c025dc58>] (check_flush_dependency) from [<c025dd6c>] (flush_work+0x54/0x144)
[    4.855569] [<c025dd6c>] (flush_work) from [<c02dae8c>] (lru_add_drain_all+0x124/0x180)
[    4.863568] [<c02dae8c>] (lru_add_drain_all) from [<c030c7ec>] (migrate_prep+0x8/0x10)
[    4.871479] [<c030c7ec>] (migrate_prep) from [<c02d5ea4>] (alloc_contig_range+0xc4/0x2f8)
[    4.879649] [<c02d5ea4>] (alloc_contig_range) from [<c030e118>] (cma_alloc+0xd8/0x1a0)
[    4.887558] [<c030e118>] (cma_alloc) from [<c021e39c>] (__alloc_from_contiguous+0x38/0xdc)
[    4.895813] [<c021e39c>] (__alloc_from_contiguous) from [<c021ff8c>] (__dma_alloc+0x21c/0x250)
[    4.904413] [<c021ff8c>] (__dma_alloc) from [<c0220044>] (arm_dma_alloc+0x48/0x54)
[    4.911974] [<c0220044>] (arm_dma_alloc) from [<c066a9b4>] (dmam_alloc_coherent+0x8c/0xf0)
[    4.920232] [<c066a9b4>] (dmam_alloc_coherent) from [<c06c549c>] (ahci_port_start+0xd0/0x1e0)
[    4.928752] [<c06c549c>] (ahci_port_start) from [<c06ad344>] (ata_host_start+0xf8/0x1d4)
[    4.936837] [<c06ad344>] (ata_host_start) from [<c06b2260>] (ata_host_activate+0x20/0x134)
[    4.945093] [<c06b2260>] (ata_host_activate) from [<c06c4918>] (ahci_host_activate+0x3c/0x11c)
[    4.953693] [<c06c4918>] (ahci_host_activate) from [<c06c685c>] (ahci_platform_init_host+0x1cc/0x3c8)
[    4.962904] [<c06c685c>] (ahci_platform_init_host) from [<c06c8ac0>] (tegra_ahci_probe+0x404/0x4c4)
[    4.971943] [<c06c8ac0>] (tegra_ahci_probe) from [<c06598b4>] (platform_drv_probe+0x50/0xac)
[    4.980374] [<c06598b4>] (platform_drv_probe) from [<c0658210>] (driver_probe_device+0x1f4/0x2b0)
[    4.989239] [<c0658210>] (driver_probe_device) from [<c06567a8>] (bus_for_each_drv+0x44/0x8c)
[    4.997755] [<c06567a8>] (bus_for_each_drv) from [<c0657f94>] (__device_attach+0x9c/0x100)
[    5.006011] [<c0657f94>] (__device_attach) from [<c0657628>] (bus_probe_device+0x84/0x8c)
[    5.014180] [<c0657628>] (bus_probe_device) from [<c0657a5c>] (deferred_probe_work_func+0x60/0x8c)
[    5.023131] [<c0657a5c>] (deferred_probe_work_func) from [<c025ebb4>] (process_one_work+0x134/0x338)
[    5.032251] [<c025ebb4>] (process_one_work) from [<c025ee1c>] (worker_thread+0x2c/0x4f0)
[    5.040334] [<c025ee1c>] (worker_thread) from [<c0263fa8>] (kthread+0xd8/0xf4)
[    5.047552] [<c0263fa8>] (kthread) from [<c0210e78>] (ret_from_fork+0x14/0x3c)
[    5.054762] ---[ end trace 9bb0737ca220652e ]---
[    5.060807] scsi host0: tegra-ahci
[    5.064672] scsi host1: tegra-ahci
[    5.068351] ata1: SATA max UDMA/133 mmio [mem 0x70027000-0x70028fff] port 0x100 irq 341
[    5.076363] ata2: DUMMY
[    5.080008] +5V_USB_HS: supplied by +5V_SYS
[    5.085485] tegra-ehci 7d008000.usb: EHCI Host Controller
[    5.090916] tegra-ehci 7d008000.usb: new USB bus registered, assigned bus number 2
[    5.098657] tegra-ehci 7d008000.usb: irq 349, io mem 0x7d008000
[    5.114506] tegra-ehci 7d008000.usb: USB 2.0 started, EHCI 1.10
[    5.121248] hub 2-0:1.0: USB hub found
[    5.125056] hub 2-0:1.0: 1 port detected
[    5.130288] cpu: dev_pm_opp_of_cpumask_add_table: couldn't find opp table for cpu:0, -19
[    5.138492] cpufreq: cpufreq_online: CPU0: Running at unlisted freq: 696000 KHz
[    5.145831] cpufreq: cpufreq_online: CPU0: Unlisted initial frequency changed to: 714000 KHz
[    5.154821] sdhci-tegra 700b0400.sdhci: Got CD GPIO
[    5.159699] sdhci-tegra 700b0400.sdhci: Got WP GPIO
[    5.164588] mmc1: Unknown controller version (3). You may experience problems.
[    5.171852] +VDDIO_SDMMC3: supplied by +3.3V_RUN
[    5.176510] mmc1: Invalid maximum block size, assuming 512 bytes
[    5.214511] mmc1: SDHCI controller on 700b0400.sdhci [700b0400.sdhci] using ADMA 64-bit
[    5.223861] input: gpio-keys as /devices/soc0/gpio-keys/input/input0
[    5.230603] as3722-rtc as3722-rtc: setting system clock to 2000-01-01 00:00:18 UTC (946684818)
[    5.242912] +1.8V_RUN_CAM: disabling
[    5.246597] +2.8V_RUN_CAM: disabling
[    5.250262] +1.2V_RUN_CAM_FRONT: disabling
[    5.254440] +1.05V_RUN_CAM_REAR: disabling
[    5.258629] +3.3V_RUN_TOUCH: disabling
[    5.262469] +2.8V_RUN_CAM_AF: disabling
[    5.266394] +1.8V_RUN_VPP_FUSE: disabling
[    5.270491] +USB0_VBUS_SW: disabling
[    5.390830] ata1: SATA link down (SStatus 0 SControl 300)
[    5.396955] EXT4-fs (mmcblk0p1): couldn't mount as ext3 due to feature incompatibilities
[    5.405436] EXT4-fs (mmcblk0p1): couldn't mount as ext2 due to feature incompatibilities
[    5.433327] EXT4-fs (mmcblk0p1): recovery complete
[    5.438849] EXT4-fs (mmcblk0p1): mounted filesystem with ordered data mode. Opts: (null)
[    5.439498] usb 2-1: new high-speed USB device number 2 using tegra-ehci
[    5.453668] VFS: Mounted root (ext4 filesystem) on device 179:1.
[    5.460992] devtmpfs: mounted
[    5.464607] Freeing unused kernel memory: 1052K (c0e43000 - c0f4a000)
bash: cannot set terminal process group (-1): Inappropriate ioctl for device
bash: no job control in this shell
root@(none):/# 