
U-Boot SPL 2014.07-00097-g772e173 (Jul 25 2014 - 20:02:52)


U-Boot 2014.07-00097-g772e173 (Jul 25 2014 - 20:02:52)

TEGRA124
Board: NVIDIA Jetson TK1
I2C:   ready
DRAM:  2 GiB
MMC:   Tegra SD/MMC: 0, Tegra SD/MMC: 1
In:    serial
Out:   serial
Err:   serial
Net:   Net Initialization Skipped
No ethernet found.
Hit any key to stop autoboot:  2  0 
Tegra124 (Jetson TK1) # 
Tegra124 (Jetson TK1) # usb reset
(Re)start USB...
USB0:   USB EHCI 1.10
scanning bus 0 for devices... 1 USB Device(s) found
USB1:   USB EHCI 1.10
scanning bus 1 for devices... 2 USB Device(s) found
       scanning usb for storage devices... 0 Storage Device(s) found
       scanning usb for ethernet devices... 
Warning: asx0 using MAC address from net device
1 Ethernet Device(s) found
Tegra124 (Jetson TK1) # setenv bootargs 'ignore_loglevel console=ttyS0,115200n8 rw root=/dev/mmcblk0p1 rootwait gpt debug noinitrd earlyprintk init=/bin/bash'
Tegra124 (Jetson TK1) # setenv ipaddr 192.168.100.102; setenv serverip 192.168.100.1; setenv tftpserverip 192.168.100.1
Tegra124 (Jetson TK1) # tftpboot 0x82000000 zImage.tegra_defconfig
Using asx0 device
TFTP from server 192.168.100.1; our IP address is 192.168.100.102
Filename 'zImage.tegra_defconfig'.
Load address: 0x82000000
Loading: *#################################################################
	 #################################################################
	 #################################################################
	 #################################################################
	 #################################################################
	 #################################
	 3.2 MiB/s
done
Bytes transferred = 5254872 (502ed8 hex)
Tegra124 (Jetson TK1) # tftpboot 0x83000000 tegra124-jetson-tk1.dtb
Using asx0 device
TFTP from server 192.168.100.1; our IP address is 192.168.100.102
Filename 'tegra124-jetson-tk1.dtb'.
Load address: 0x83000000
Loading: *#####
	 2.8 MiB/s
done
Bytes transferred = 64138 (fa8a hex)
Tegra124 (Jetson TK1) # bootz 0x82000000 - 0x83000000
Kernel image @ 0x82000000 [ 0x000000 - 0x502ed8 ]
## Flattened Device Tree blob at 83000000
   Booting using the fdt blob at 0x83000000
   Using Device Tree in place at 83000000, end 83012a89

Starting kernel ...

Uncompressing Linux... done, booting the kernel.
[    0.000000] Booting Linux on physical CPU 0x0
[    0.000000] Linux version 4.4.0-rc8-next-20160111-66728-gbf976ab (pwalmsley@kaivo) (gcc version 4.7.3 20130328 (prerelease) (crosstool-NG linaro-1.13.1-4.7-2013.04-20130415 - Linaro GCC 2013.04) ) #1 SMP PREEMPT Mon Jan 11 04:17:55 PST 2016
[    0.000000] CPU: ARMv7 Processor [413fc0f3] revision 3 (ARMv7), cr=10c5387d
[    0.000000] CPU: div instructions available: patching division code
[    0.000000] CPU: PIPT / VIPT nonaliasing data cache, PIPT instruction cache
[    0.000000] Machine model: NVIDIA Tegra124 Jetson TK1
[    0.000000] debug: ignoring loglevel setting.
[    0.000000] bootconsole [earlycon0] enabled
[    0.000000] cma: Reserved 64 MiB at 0xfbc00000
[    0.000000] Memory policy: Data cache writealloc
[    0.000000] On node 0 totalpages: 524032
[    0.000000] free_area_init_node: node 0, pgdat c0a33480, node_mem_map eeff7000
[    0.000000]   Normal zone: 1536 pages used for memmap
[    0.000000]   Normal zone: 0 pages reserved
[    0.000000]   Normal zone: 196608 pages, LIFO batch:31
[    0.000000]   HighMem zone: 327424 pages, LIFO batch:31
[    0.000000] PERCPU: Embedded 13 pages/cpu @eef8a000 s23488 r8192 d21568 u53248
[    0.000000] pcpu-alloc: s23488 r8192 d21568 u53248 alloc=13*4096
[    0.000000] pcpu-alloc: [0] 0 [0] 1 [0] 2 [0] 3 
[    0.000000] Built 1 zonelists in Zone order, mobility grouping on.  Total pages: 522496
[    0.000000] Kernel command line: ignore_loglevel console=ttyS0,115200n8 rw root=/dev/mmcblk0p1 rootwait gpt debug noinitrd earlyprintk init=/bin/bash
[    0.000000] PID hash table entries: 4096 (order: 2, 16384 bytes)
[    0.000000] Dentry cache hash table entries: 131072 (order: 7, 524288 bytes)
[    0.000000] Inode-cache hash table entries: 65536 (order: 6, 262144 bytes)
[    0.000000] Memory: 2002084K/2096128K available (7216K kernel code, 371K rwdata, 2488K rodata, 340K init, 367K bss, 28508K reserved, 65536K cma-reserved, 1244160K highmem)
[    0.000000] Virtual kernel memory layout:
[    0.000000]     vector  : 0xffff0000 - 0xffff1000   (   4 kB)
[    0.000000]     fixmap  : 0xffc00000 - 0xfff00000   (3072 kB)
[    0.000000]     vmalloc : 0xf0800000 - 0xff800000   ( 240 MB)
[    0.000000]     lowmem  : 0xc0000000 - 0xf0000000   ( 768 MB)
[    0.000000]     pkmap   : 0xbfe00000 - 0xc0000000   (   2 MB)
[    0.000000]     modules : 0xbf000000 - 0xbfe00000   (  14 MB)
[    0.000000]       .text : 0xc0008000 - 0xc0982734   (9706 kB)
[    0.000000]       .init : 0xc0983000 - 0xc09d8000   ( 340 kB)
[    0.000000]       .data : 0xc09d8000 - 0xc0a34fa0   ( 372 kB)
[    0.000000]        .bss : 0xc0a37000 - 0xc0a92d88   ( 368 kB)
[    0.000000] Preemptible hierarchical RCU implementation.
[    0.000000] 	Build-time adjustment of leaf fanout to 32.
[    0.000000] NR_IRQS:16 nr_irqs:16 16
[    0.000000] /interrupt-controller@60004000: 160 interrupts forwarded to /interrupt-controller@0,50041000
[    0.000000] L2C: failed to init: -19
[    0.000000] Tegra clk 127: register failed with -17
[    0.000009] sched_clock: 32 bits at 1000kHz, resolution 1000ns, wraps every 2147483647500ns
[    0.007245] clocksource: timer_us: mask: 0xffffffff max_cycles: 0xffffffff, max_idle_ns: 1911260446275 ns
[    0.016851] Switching to timer-based delay loop, resolution 1000ns
[    0.024259] Architected cp15 timer(s) running at 12.00MHz (virt).
[    0.029247] clocksource: arch_sys_counter: mask: 0xffffffffffffff max_cycles: 0x2c47f4ee7, max_idle_ns: 440795202497 ns
[    0.040082] sched_clock: 56 bits at 12MHz, resolution 83ns, wraps every 4398046511096ns
[    0.048136] Switching to timer-based delay loop, resolution 83ns
[    0.054639] Console: colour dummy device 80x30
[    0.058721] Calibrating delay loop (skipped), value calculated using timer frequency.. 24.00 BogoMIPS (lpj=120000)
[    0.069104] pid_max: default: 32768 minimum: 301
[    0.074349] Mount-cache hash table entries: 2048 (order: 1, 8192 bytes)
[    0.080476] Mountpoint-cache hash table entries: 2048 (order: 1, 8192 bytes)
[    0.089032] CPU: Testing write buffer coherency: ok
[    0.092794] /cpus/cpu@0 missing clock-frequency property
[    0.097907] /cpus/cpu@1 missing clock-frequency property
[    0.103301] /cpus/cpu@2 missing clock-frequency property
[    0.108655] /cpus/cpu@3 missing clock-frequency property
[    0.114014] CPU0: thread -1, cpu 0, socket 0, mpidr 80000000
[    0.119759] Setting up static identity map for 0x80008440 - 0x800084d8
[    0.176920] Tegra Revision: A01 SKU: 129 CPU Process: 1 SoC Process: 1
[    0.206954] CPU1: thread -1, cpu 1, socket 0, mpidr 80000001
[    0.236987] CPU2: thread -1, cpu 2, socket 0, mpidr 80000002
[    0.267035] CPU3: thread -1, cpu 3, socket 0, mpidr 80000003
[    0.267176] Brought up 4 CPUs
[    0.285482] SMP: Total of 4 processors activated (96.00 BogoMIPS).
[    0.291730] CPU: All CPU(s) started in SVC mode.
[    0.298150] devtmpfs: initialized
[    0.348667] VFP support v0.3: implementor 41 architecture 4 part 30 variant f rev 0
[    0.355171] clocksource: jiffies: mask: 0xffffffff max_cycles: 0xffffffff, max_idle_ns: 19112604462750000 ns
[    0.365950] pinctrl core: initialized pinctrl subsystem
[    0.371526] NET: Registered protocol family 16
[    0.375534] DMA: preallocated 256 KiB pool for atomic coherent allocations
[    0.404608] cpuidle: using governor ladder
[    0.434631] cpuidle: using governor menu
[    0.459861] No ATAGs?
[    0.460078] hw-breakpoint: found 5 (+1 reserved) breakpoint and 4 watchpoint registers.
[    0.468388] hw-breakpoint: maximum watchpoint size is 8 bytes.
[    0.533764] +USB0_VBUS_SW: Failed to request enable GPIO108: -517
[    0.538242] reg-fixed-voltage regulators:regulator@7: Failed to register regulator: -517
[    0.546677] +5V_USB_HS: Failed to request enable GPIO109: -517
[    0.552272] reg-fixed-voltage regulators:regulator@8: Failed to register regulator: -517
[    0.560806] +1.05V_RUN_AVDD_HDMI_PLL: Failed to request enable GPIO63: -517
[    0.567436] reg-fixed-voltage regulators:regulator@11: Failed to register regulator: -517
[    0.575941] +5V_HDMI_CON: Failed to request enable GPIO86: -517
[    0.581649] reg-fixed-voltage regulators:regulator@12: Failed to register regulator: -517
[    0.590154] +5V_SATA: Failed to request enable GPIO242: -517
[    0.595601] reg-fixed-voltage regulators:regulator@13: Failed to register regulator: -517
[    0.604106] +12V_SATA: Failed to request enable GPIO242: -517
[    0.609642] reg-fixed-voltage regulators:regulator@14: Failed to register regulator: -517
[    0.619679] vgaarb: loaded
[    0.622037] SCSI subsystem initialized
[    0.624679] libata version 3.00 loaded.
[    0.628966] usbcore: registered new interface driver usbfs
[    0.634003] usbcore: registered new interface driver hub
[    0.639367] usbcore: registered new device driver usb
[    0.648578] Linux video capture interface: v2.00
[    0.651508] pps_core: LinuxPPS API ver. 1 registered
[    0.656394] pps_core: Software ver. 5.3.6 - Copyright 2005-2007 Rodolfo Giometti <giometti@linux.it>
[    0.665658] PTP clock support registered
[    0.671328] Advanced Linux Sound Architecture Driver Initialized.
[    0.677456] Bluetooth: Core ver 2.21
[    0.679426] NET: Registered protocol family 31
[    0.683867] Bluetooth: HCI device and connection manager initialized
[    0.690315] Bluetooth: HCI socket layer initialized
[    0.695234] Bluetooth: L2CAP socket layer initialized
[    0.700398] Bluetooth: SCO socket layer initialized
[    0.706775] clocksource: Switched to clocksource arch_sys_counter
[    0.736024] NET: Registered protocol family 2
[    0.739876] TCP established hash table entries: 8192 (order: 3, 32768 bytes)
[    0.745755] TCP bind hash table entries: 8192 (order: 4, 65536 bytes)
[    0.752362] TCP: Hash tables configured (established 8192 bind 8192)
[    0.759006] UDP hash table entries: 512 (order: 2, 16384 bytes)
[    0.764588] UDP-Lite hash table entries: 512 (order: 2, 16384 bytes)
[    0.771433] NET: Registered protocol family 1
[    0.776102] RPC: Registered named UNIX socket transport module.
[    0.781384] RPC: Registered udp transport module.
[    0.786135] RPC: Registered tcp transport module.
[    0.790918] RPC: Registered tcp NFSv4.1 backchannel transport module.
[    0.797434] PCI: CLS 0 bytes, default 64
[    0.803328] hw perfevents: enabled with armv7_cortex_a15 PMU driver, 7 counters available
[    0.812309] futex hash table entries: 1024 (order: 4, 65536 bytes)
[    0.820169] squashfs: version 4.0 (2009/01/31) Phillip Lougher
[    0.835159] NFS: Registering the id_resolver key type
[    0.838446] Key type id_resolver registered
[    0.842630] Key type id_legacy registered
[    0.851212] bounce: pool size: 64 pages
[    0.853234] io scheduler noop registered (default)
[    0.868865] tegra-pcie 1003000.pcie-controller: 2x1, 1x1 configuration
[    0.873606] tegra-pcie 1003000.pcie-controller: Failed to get supply 'avddio-pex': -517
[    0.892968] tegra-apbdma 60020000.dma: Tegra20 APB DMA driver register 32 channels
[    0.899648] tegra-pmc 7000e400.pmc: emergency thermal reset enabled
[    0.905798] Serial: 8250/16550 driver, 4 ports, IRQ sharing disabled
[    0.915230] console [ttyS0] disabled
[    0.917050] 70006300.serial: ttyS0 at MMIO 0x70006300 (irq = 331, base_baud = 25500000) is a Tegra
[    0.926033] console [ttyS0] enabled
[    0.926033] console [ttyS0] enabled
[    0.932342] bootconsole [earlycon0] disabled
[    0.932342] bootconsole [earlycon0] disabled
[    0.943907] [drm] Initialized drm 1.1.0 20060810
[    0.949703] tegra-hdmi 54280000.hdmi: failed to get HDMI regulator
[    0.974118] loop: module loaded
[    0.977867] at24 0-0056: 256 byte 24c02 EEPROM, writable, 8 bytes/write
[    0.985314] as3722 4-0040: AS3722 with revision 0x1 found
[    1.014307] +5V_SYS: supplied by +VDD_MUX
[    1.018409] +1.05V_RUN: supplied by +5V_SYS
[    1.022764] tegra-ahci 70027000.sata: Failed to get supply 'hvdd': -517
[    1.029446] tegra-ahci 70027000.sata: Failed to get regulators
[    1.039359] m25p80 spi32765.0: w25q32dw (4096 Kbytes)
[    1.057744] CAN device driver interface
[    1.061684] igb: Intel(R) Gigabit Ethernet Network Driver - version 5.3.0-k
[    1.068657] igb: Copyright (c) 2007-2014 Intel Corporation.
[    1.074579] pegasus: v0.9.3 (2013/04/25), Pegasus/Pegasus II USB Ethernet driver
[    1.082115] usbcore: registered new interface driver pegasus
[    1.087966] usbcore: registered new interface driver asix
[    1.093483] usbcore: registered new interface driver ax88179_178a
[    1.099730] usbcore: registered new interface driver cdc_ether
[    1.105723] usbcore: registered new interface driver smsc75xx
[    1.111655] usbcore: registered new interface driver smsc95xx
[    1.117546] usbcore: registered new interface driver net1080
[    1.123322] usbcore: registered new interface driver cdc_subset
[    1.129385] usbcore: registered new interface driver zaurus
[    1.135134] usbcore: registered new interface driver cdc_ncm
[    1.141116] tegra-phy 7d004000.usb-phy: no vbus regulator
[    1.147010] ehci_hcd: USB 2.0 'Enhanced' Host Controller (EHCI) Driver
[    1.153534] ehci-pci: EHCI PCI platform driver
[    1.158122] tegra-ehci: Tegra EHCI driver
[    1.162468] tegra-ehci 7d004000.usb: EHCI Host Controller
[    1.167919] tegra-ehci 7d004000.usb: new USB bus registered, assigned bus number 1
[    1.175787] tegra-ehci 7d004000.usb: irq 348, io mem 0x7d004000
[    1.196804] tegra-ehci 7d004000.usb: USB 2.0 started, EHCI 1.10
[    1.204461] hub 1-0:1.0: USB hub found
[    1.208270] hub 1-0:1.0: 1 port detected
[    1.213666] usbcore: registered new interface driver cdc_acm
[    1.219338] cdc_acm: USB Abstract Control Model driver for USB modems and ISDN adapters
[    1.227475] usbcore: registered new interface driver cdc_wdm
[    1.233316] usbcore: registered new interface driver usb-storage
[    1.240146] mousedev: PS/2 mouse device common for all mice
[    1.249399] as3722-rtc as3722-rtc: rtc core: registered as3722-rtc as rtc0
[    1.256269] as3722-rtc as3722-rtc: RTC interrupt 371
[    1.264408] tegra_rtc 7000e000.rtc: rtc core: registered 7000e000.rtc as rtc1
[    1.271647] tegra_rtc 7000e000.rtc: Tegra internal Real Time Clock
[    1.278261] i2c /dev entries driver
[    1.284022] usbcore: registered new interface driver uvcvideo
[    1.289784] USB Video Class driver (1.1.1)
[    1.293884] gspca_main: v2.14.0 registered
[    1.298898] 0-004c supply vcc not found, using dummy regulator
[    1.308454] sdhci: Secure Digital Host Controller Interface driver
[    1.314624] sdhci: Copyright(c) Pierre Ossman
[    1.319012] sdhci-pltfm: SDHCI platform and OF driver helper
[    1.324993] sdhci-tegra 700b0400.sdhci: Got CD GPIO
[    1.329909] sdhci-tegra 700b0400.sdhci: Got WP GPIO
[    1.334835] mmc0: Unknown controller version (3). You may experience problems.
[    1.342450] mmc0: Unknown controller version (3). You may experience problems.
[    1.349783] mmc0: Invalid maximum block size, assuming 512 bytes
[    1.396848] mmc0: SDHCI controller on 700b0600.sdhci [700b0600.sdhci] using ADMA 64-bit
[    1.411499] usbcore: registered new interface driver usbhid
[    1.417176] usbhid: USB HID core driver
[    1.471027] mmc0: MAN_BKOPS_EN bit is not set
[    1.486215] mmc0: new HS200 MMC card at address 0001
[    1.492165] mmcblk0: mmc0:0001 SEM16G 14.7 GiB 
[    1.507214] mmcblk0boot0: mmc0:0001 SEM16G partition 1 4.00 MiB
[    1.513567] mmcblk0boot1: mmc0:0001 SEM16G partition 2 4.00 MiB
[    1.529962] mmcblk0rpmb: mmc0:0001 SEM16G partition 3 4.00 MiB
[    1.538113] Primary GPT is invalid, using alternate GPT.
[    1.543441]  mmcblk0: p1 p2 p3 p4 p5 p6 p7 p8 p9
[    1.860243] tegra30-i2s 70301100.i2s: DMA channels sourced from device 70300000.ahub
[    1.877439] tegra-snd-rt5640 sound: rt5640-aif1 <-> 70301100.i2s mapping ok
[    1.889432] input: NVIDIA Tegra Jetson TK1 Headphones as /devices/soc0/sound/sound/card1/input0
[    1.900892] NET: Registered protocol family 10
[    1.907360] mip6: Mobile IPv6
[    1.910334] sit: IPv6 over IPv4 tunneling driver
[    1.917969] NET: Registered protocol family 17
[    1.922447] NET: Registered protocol family 15
[    1.926972] can: controller area network core (rev 20120528 abi 9)
[    1.933334] NET: Registered protocol family 29
[    1.937804] can: raw protocol (rev 20120528)
[    1.942075] can: broadcast manager protocol (rev 20120528 t)
[    1.948651] can: netlink gateway (rev 20130117) max_hops=1
[    1.955007] input: tegra-hda HDMI/DP,pcm=3 as /devices/soc0/70030000.hda/sound/card0/input1
[    1.963574] Bluetooth: RFCOMM socket layer initialized
[    1.968761] Bluetooth: RFCOMM ver 1.11
[    1.972527] Bluetooth: BNEP (Ethernet Emulation) ver 1.3
[    1.977865] Bluetooth: BNEP socket layer initialized
[    1.982830] Bluetooth: HIDP (Human Interface Emulation) ver 1.2
[    1.988770] Bluetooth: HIDP socket layer initialized
[    1.994075] Key type dns_resolver registered
[    1.999694] Registering SWP/SWPB emulation handler
[    2.011711] tegra-pcie 1003000.pcie-controller: 2x1, 1x1 configuration
[    2.018908] +3.3V_SYS: supplied by +VDD_MUX
[    2.023155] +3.3V_LP0: supplied by +3.3V_SYS
[    2.027847] +1.35V_LP0(sd2): supplied by +5V_SYS
[    2.032528] +1.05V_RUN_AVDD: supplied by +1.35V_LP0(sd2)
[    2.039304] tegra-pcie 1003000.pcie-controller: probing port 0, using 2 lanes
[    2.048463] tegra-pcie 1003000.pcie-controller: Slot present pin change, signature: 00000008
[    2.459642] tegra-pcie 1003000.pcie-controller: link 0 down, retrying
[    2.871745] tegra-pcie 1003000.pcie-controller: link 0 down, retrying
[    3.283841] tegra-pcie 1003000.pcie-controller: link 0 down, retrying
[    3.292318] tegra-pcie 1003000.pcie-controller: link 0 down, ignoring
[    3.298789] tegra-pcie 1003000.pcie-controller: probing port 1, using 1 lanes
[    3.307949] tegra-pcie 1003000.pcie-controller: Slot present pin change, signature: 00000000
[    3.320865] tegra-pcie 1003000.pcie-controller: PCI host bridge to bus 0000:00
[    3.328107] pci_bus 0000:00: root bus resource [mem 0x13000000-0x1fffffff]
[    3.334976] pci_bus 0000:00: root bus resource [mem 0x20000000-0x3fffffff pref]
[    3.342296] pci_bus 0000:00: root bus resource [bus 00-ff]
[    3.347795] pci_bus 0000:00: root bus resource [io  0x1000-0xffff]
[    3.354016] pci 0000:00:02.0: [10de:0e13] type 01 class 0x060400
[    3.360135] pci 0000:00:02.0: PME# supported from D0 D1 D2 D3hot D3cold
[    3.367415] PCI: bus0: Fast back to back transfers disabled
[    3.372984] pci 0000:00:02.0: bridge configuration invalid ([bus 00-00]), reconfiguring
[    3.381398] pci 0000:01:00.0: [10ec:8168] type 00 class 0x020000
[    3.387443] pci 0000:01:00.0: reg 0x10: [io  0x0000-0x00ff]
[    3.393037] pci 0000:01:00.0: reg 0x18: [mem 0x00000000-0x00000fff 64bit]
[    3.399853] pci 0000:01:00.0: reg 0x20: [mem 0x00000000-0x00003fff 64bit pref]
[    3.407226] pci 0000:01:00.0: supports D1 D2
[    3.411491] pci 0000:01:00.0: PME# supported from D0 D1 D2 D3hot D3cold
[    3.436831] PCI: bus1: Fast back to back transfers disabled
[    3.442402] pci_bus 0000:01: busn_res: [bus 01-ff] end is updated to 01
[    3.449111] pci 0000:00:02.0: BAR 8: assigned [mem 0x13000000-0x130fffff]
[    3.455893] pci 0000:00:02.0: BAR 9: assigned [mem 0x20000000-0x200fffff 64bit pref]
[    3.463651] pci 0000:00:02.0: BAR 7: assigned [io  0x1000-0x1fff]
[    3.469763] pci 0000:01:00.0: BAR 4: assigned [mem 0x20000000-0x20003fff 64bit pref]
[    3.477535] pci 0000:01:00.0: BAR 2: assigned [mem 0x13000000-0x13000fff 64bit]
[    3.484852] pci 0000:01:00.0: BAR 0: assigned [io  0x1000-0x10ff]
[    3.490962] pci 0000:00:02.0: PCI bridge to [bus 01]
[    3.495922] pci 0000:00:02.0:   bridge window [io  0x1000-0x1fff]
[    3.502028] pci 0000:00:02.0:   bridge window [mem 0x13000000-0x130fffff]
[    3.508827] pci 0000:00:02.0:   bridge window [mem 0x20000000-0x200fffff 64bit pref]
[    3.516582] pci 0000:00:02.0: nv_msi_ht_cap_quirk didn't locate host bridge
[    3.523700] pcieport 0000:00:02.0: enabling device (0140 -> 0143)
[    3.530253] pcieport 0000:00:02.0: Signaling PME through PCIe PME interrupt
[    3.537228] pci 0000:01:00.0: Signaling PME through PCIe PME interrupt
[    3.543750] pcie_pme 0000:00:02.0:pcie01: service driver pcie_pme loaded
[    3.550766] r8169 Gigabit Ethernet driver 2.3LK-NAPI loaded
[    3.556373] r8169 0000:01:00.0: enabling device (0140 -> 0143)
[    3.579233] r8169 0000:01:00.0 eth0: RTL8168g/8111g at 0xf0952000, 00:04:4b:25:b3:b4, XID 0c000800 IRQ 388
[    3.588903] r8169 0000:01:00.0 eth0: jumbo features [frames: 9200 bytes, tx checksumming: ko]
[    3.597811] +5V_HDMI_CON: supplied by +5V_SYS
[    3.602366] +1.05V_RUN_AVDD_HDMI_PLL: supplied by +1.05V_RUN
[    3.608248] +3.3V_RUN: supplied by +3.3V_SYS
[    3.612574] +3.3V_AVDD_HDMI_AP_GATED: supplied by +3.3V_RUN
[    3.621131] [drm] Supports vblank timestamp caching Rev 2 (21.10.2013).
[    3.627771] [drm] No driver support for vblank timestamp query.
[    3.737393] tegra-hdmi 54280000.hdmi: cannot set audio to 44100 at 297000000 pclk
[    3.888817] Console: switching to colour frame buffer device 512x135
[    3.983351] drm drm: fb0:  frame buffer device
[    4.016797] [drm] Initialized tegra 0.0.0 20120330 on minor 0
[    4.023362] +5V_SATA: supplied by +5V_SYS
[    4.027592] +12V_SATA: supplied by +VDD_MUX
[    4.032403] tegra-ahci 70027000.sata: AHCI 0001.0301 32 slots 2 ports 3 Gbps 0x1 impl platform mode
[    4.041468] tegra-ahci 70027000.sata: flags: 64bit ncq sntf pm led pio slum part sadm sds apst 
[    4.050229] ------------[ cut here ]------------
[    4.054850] WARNING: CPU: 0 PID: 6 at kernel/workqueue.c:2361 check_flush_dependency+0xc8/0x12c()
[    4.063715] workqueue: WQ_MEM_RECLAIM deferwq:deferred_probe_work_func is flushing !WQ_MEM_RECLAIM events:lru_add_drain_per_cpu
[    4.074996] Modules linked in:
[    4.078238] CPU: 0 PID: 6 Comm: kworker/u8:0 Not tainted 4.4.0-rc8-next-20160111-66728-gbf976ab #1
[    4.087180] Hardware name: NVIDIA Tegra SoC (Flattened Device Tree)
[    4.093440] Workqueue: deferwq deferred_probe_work_func
[    4.098683] [<c0017208>] (unwind_backtrace) from [<c0012874>] (show_stack+0x10/0x14)
[    4.106424] [<c0012874>] (show_stack) from [<c023c444>] (dump_stack+0x84/0xd0)
[    4.113643] [<c023c444>] (dump_stack) from [<c0026b70>] (warn_slowpath_common+0x74/0xb0)
[    4.121726] [<c0026b70>] (warn_slowpath_common) from [<c0026c40>] (warn_slowpath_fmt+0x30/0x40)
[    4.130416] [<c0026c40>] (warn_slowpath_fmt) from [<c00397d0>] (check_flush_dependency+0xc8/0x12c)
[    4.139364] [<c00397d0>] (check_flush_dependency) from [<c00398ec>] (flush_work+0x54/0x11c)
[    4.147705] [<c00398ec>] (flush_work) from [<c00c0b78>] (lru_add_drain_all+0x124/0x180)
[    4.155702] [<c00c0b78>] (lru_add_drain_all) from [<c00f1814>] (migrate_prep+0x8/0x10)
[    4.163613] [<c00f1814>] (migrate_prep) from [<c00bb6f0>] (alloc_contig_range+0xc4/0x2f8)
[    4.171782] [<c00bb6f0>] (alloc_contig_range) from [<c00f3384>] (cma_alloc+0xd8/0x1a0)
[    4.179690] [<c00f3384>] (cma_alloc) from [<c001c270>] (__alloc_from_contiguous+0x38/0xdc)
[    4.187943] [<c001c270>] (__alloc_from_contiguous) from [<c001cf38>] (__dma_alloc+0x228/0x2ac)
[    4.196541] [<c001cf38>] (__dma_alloc) from [<c001d040>] (arm_dma_alloc+0x48/0x54)
[    4.204104] [<c001d040>] (arm_dma_alloc) from [<c0345ee4>] (dmam_alloc_coherent+0x8c/0xf0)
[    4.212364] [<c0345ee4>] (dmam_alloc_coherent) from [<c038bf8c>] (ahci_port_start+0xd0/0x1e0)
[    4.220882] [<c038bf8c>] (ahci_port_start) from [<c0373c64>] (ata_host_start+0xf8/0x1d4)
[    4.228965] [<c0373c64>] (ata_host_start) from [<c0378bf8>] (ata_host_activate+0x20/0x134)
[    4.237218] [<c0378bf8>] (ata_host_activate) from [<c038b434>] (ahci_host_activate+0x3c/0x11c)
[    4.245819] [<c038b434>] (ahci_host_activate) from [<c038d7dc>] (ahci_platform_init_host+0x1cc/0x3c8)
[    4.255027] [<c038d7dc>] (ahci_platform_init_host) from [<c038d4a8>] (tegra_ahci_probe+0x404/0x4c4)
[    4.264063] [<c038d4a8>] (tegra_ahci_probe) from [<c0336f10>] (platform_drv_probe+0x50/0xac)
[    4.272495] [<c0336f10>] (platform_drv_probe) from [<c0335968>] (driver_probe_device+0x1f4/0x2b0)
[    4.281358] [<c0335968>] (driver_probe_device) from [<c0333f04>] (bus_for_each_drv+0x44/0x8c)
[    4.289873] [<c0333f04>] (bus_for_each_drv) from [<c03356ec>] (__device_attach+0x9c/0x100)
[    4.298127] [<c03356ec>] (__device_attach) from [<c0334d80>] (bus_probe_device+0x84/0x8c)
[    4.306294] [<c0334d80>] (bus_probe_device) from [<c03351b4>] (deferred_probe_work_func+0x60/0x8c)
[    4.315243] [<c03351b4>] (deferred_probe_work_func) from [<c003a6f8>] (process_one_work+0x120/0x328)
[    4.324365] [<c003a6f8>] (process_one_work) from [<c003a964>] (worker_thread+0x2c/0x4b4)
[    4.332448] [<c003a964>] (worker_thread) from [<c003fa9c>] (kthread+0xd8/0xf4)
[    4.339666] [<c003fa9c>] (kthread) from [<c000f938>] (ret_from_fork+0x14/0x3c)
[    4.346876] ---[ end trace 9f7d714f8afa6ee8 ]---
[    4.364766] scsi host0: tegra-ahci
[    4.379379] scsi host1: tegra-ahci
[    4.383527] ata1: SATA max UDMA/133 mmio [mem 0x70027000-0x70028fff] port 0x100 irq 341
[    4.391563] ata2: DUMMY
[    4.394488] +5V_USB_HS: supplied by +5V_SYS
[    4.399315] tegra-ehci 7d008000.usb: EHCI Host Controller
[    4.404748] tegra-ehci 7d008000.usb: new USB bus registered, assigned bus number 2
[    4.412640] tegra-ehci 7d008000.usb: irq 349, io mem 0x7d008000
[    4.436804] tegra-ehci 7d008000.usb: USB 2.0 started, EHCI 1.10
[    4.444417] hub 2-0:1.0: USB hub found
[    4.448227] hub 2-0:1.0: 1 port detected
[    4.453652] cpu: dev_pm_opp_of_cpumask_add_table: couldn't find opp table for cpu:0, -19
[    4.461984] cpufreq: cpufreq_online: CPU0: Running at unlisted freq: 696000 KHz
[    4.469328] cpufreq: cpufreq_online: CPU0: Unlisted initial frequency changed to: 714000 KHz
[    4.478300] sdhci-tegra 700b0400.sdhci: Got CD GPIO
[    4.483168] sdhci-tegra 700b0400.sdhci: Got WP GPIO
[    4.488065] mmc1: Unknown controller version (3). You may experience problems.
[    4.495329] +VDDIO_SDMMC3: supplied by +3.3V_RUN
[    4.500053] mmc1: Invalid maximum block size, assuming 512 bytes
[    4.547934] mmc1: SDHCI controller on 700b0400.sdhci [700b0400.sdhci] using ADMA 64-bit
[    4.556259] input: gpio-keys as /devices/soc0/gpio-keys/input/input2
[    4.563105] as3722-rtc as3722-rtc: setting system clock to 2000-01-01 00:00:49 UTC (946684849)
[    4.577783] +1.8V_RUN_CAM: disabling
[    4.581456] +2.8V_RUN_CAM: disabling
[    4.585118] +1.2V_RUN_CAM_FRONT: disabling
[    4.589311] +1.05V_RUN_CAM_REAR: disabling
[    4.593491] +3.3V_RUN_TOUCH: disabling
[    4.597329] +2.8V_RUN_CAM_AF: disabling
[    4.601288] +1.8V_RUN_VPP_FUSE: disabling
[    4.605382] +USB0_VBUS_SW: disabling
[    4.609102] ALSA device list:
[    4.612058]   #0: tegra-hda at 0x70038000 irq 342
[    4.616747]   #1: NVIDIA Tegra Jetson TK1
[    4.708072] ata1: SATA link down (SStatus 0 SControl 300)
[    4.713987] EXT4-fs (mmcblk0p1): couldn't mount as ext3 due to feature incompatibilities
[    4.729334] EXT4-fs (mmcblk0p1): recovery complete
[    4.734116] EXT4-fs (mmcblk0p1): mounted filesystem with ordered data mode. Opts: (null)
[    4.742213] VFS: Mounted root (ext4 filesystem) on device 179:1.
[    4.752523] devtmpfs: mounted
[    4.755717] Freeing unused kernel memory: 340K (c0983000 - c09d8000)
[    4.766793] usb 2-1: new high-speed USB device number 2 using tegra-ehci
bash: cannot set terminal process group (-1): Inappropriate ioctl for device
bash: no job control in this shell
root@(none):/# [    5.760819] asix 2-1:1.0 eth1: register 'asix' at usb-7d008000.usb-1, ASIX AX88772 USB 2.0 Ethernet, 00:50:b6:11:31:3b
