Diff for ./qemu-vexpress64/__internal/defconfig_log.txt
--- /tmp/fooa	2015-08-03 22:51:45.895118746 -0700
+++ /tmp/foob	2015-08-03 22:51:45.899118742 -0700
@@ -1,6 +1,6 @@
 Booting Linux on physical CPU 0x0
 Initializing cgroup subsys cpu
-Linux version 4.2.0-rc4-next-20150803+ (pwalmsley@tamien) (gcc version 4.9.2 20140904 (prerelease) (crosstool-NG linaro-1.13.1-4.9-2014.09 - Linaro GCC 4.9-2014.09) ) #1 SMP PREEMPT Sun Aug 2 23:49:03 PDT 2015
+Linux version 4.2.0-rc5-next-20150804+ (pwalmsley@tamien) (gcc version 4.9.2 20140904 (prerelease) (crosstool-NG linaro-1.13.1-4.9-2014.09 - Linaro GCC 4.9-2014.09) ) #1 SMP PREEMPT Mon Aug 3 22:49:00 PDT 2015
 CPU: AArch64 Processor [411fd070] revision 0
 Detected PIPT I-cache on CPU0
 alternatives: enabling workaround for ARM erratum 832075
@@ -19,7 +19,7 @@
 Dentry cache hash table entries: 131072 (order: 8, 1048576 bytes)
 Inode-cache hash table entries: 65536 (order: 7, 524288 bytes)
 software IO TLB [mem 0x79c00000-0x7dc00000] (64MB) mapped at [ffffffc039c00000-ffffffc03dbfffff]
-Memory: 939144K/1048576K available (5409K kernel code, 477K rwdata, 2252K rodata, 508K init, 205K bss, 93048K reserved, 16384K cma-reserved)
+Memory: 939144K/1048576K available (5409K kernel code, 478K rwdata, 2252K rodata, 508K init, 204K bss, 93048K reserved, 16384K cma-reserved)
 Virtual kernel memory layout:
     vmalloc : 0xffffff8000000000 - 0xffffffbdbfff0000   (   246 GB)
     vmemmap : 0xffffffbdc0000000 - 0xffffffbfc0000000   (     8 GB maximum)
@@ -30,7 +30,7 @@
     memory  : 0xffffffc000000000 - 0xffffffc040000000   (  1024 MB)
       .init : 0xffffffc0007fe000 - 0xffffffc00087d000   (   508 KB)
       .text : 0xffffffc000080000 - 0xffffffc0007fd534   (  7670 KB)
-      .data : 0xffffffc00088d000 - 0xffffffc000904400   (   477 KB)
+      .data : 0xffffffc00088d000 - 0xffffffc000904a00   (   479 KB)
 SLUB: HWalign=64, Order=0-3, MinObjects=0, CPUs=1, Nodes=1
 Preemptible hierarchical RCU implementation.
 	Build-time adjustment of leaf fanout to 64.
@@ -88,7 +88,7 @@
 kvm [1]: HYP mode not available
 futex hash table entries: 256 (order: 2, 16384 bytes)
 audit: initializing netlink subsys (disabled)
-audit: type=2000 audit(0.430:1): initialized
+audit: type=2000 audit(0.410:1): initialized
 HugeTLB registered 2 MB page size, pre-allocated 0 pages
 VFS: Disk quotas dquot_6.6.0
 VFS: Dquot-cache hash table entries: 512 (order 0, 4096 bytes)
Diff for ./tegra114-dalmore-a04/tegra114-dalmore/multi_v7_defconfig_log.txt
--- /tmp/fooa	2015-08-03 22:51:45.903118739 -0700
+++ /tmp/foob	2015-08-03 22:51:45.907118735 -0700
@@ -38,9 +38,9 @@
 	 #################################################################
 	 #################################################################
 	 ############################################
-	 3.4 MiB/s
+	 3.3 MiB/s
 done
-Bytes transferred = 6369424 (613090 hex)
+Bytes transferred = 6369984 (6132c0 hex)
 Tegra114 (Dalmore) # tftpboot 0x82000000 tegra114-dalmore.dtb
 Using asx0 device
 TFTP from server 192.168.100.1; our IP address is 192.168.100.100
@@ -51,7 +51,7 @@
 done
 Bytes transferred = 34894 (884e hex)
 Tegra114 (Dalmore) # bootz 0x81000000 - 0x82000000
-Kernel image @ 0x81000000 [ 0x000000 - 0x613090 ]
+Kernel image @ 0x81000000 [ 0x000000 - 0x6132c0 ]
 ## Flattened Device Tree blob at 82000000
    Booting using the fdt blob at 0x82000000
    Loading Device Tree to 8fff4000, end 8ffff84d ... OK
@@ -59,7 +59,7 @@
 Starting kernel ...
 
 Booting Linux on physical CPU 0x0
-Linux version 4.2.0-rc4-next-20150803-33491-gd7020b4 (pwalmsley@sellafield) (gcc version 4.7.3 20130328 (prerelease) (crosstool-NG linaro-1.13.1-4.7-2013.04-20130415 - Linaro GCC 2013.04) ) #1 SMP Sun Aug 2 23:47:38 PDT 2015
+Linux version 4.2.0-rc5-next-20150804-33837-gd7f6af1 (pwalmsley@sellafield) (gcc version 4.7.3 20130328 (prerelease) (crosstool-NG linaro-1.13.1-4.7-2013.04-20130415 - Linaro GCC 2013.04) ) #1 SMP Mon Aug 3 22:47:44 PDT 2015
 CPU: ARMv7 Processor [412fc0f2] revision 2 (ARMv7), cr=10c5387d
 CPU: PIPT / VIPT nonaliasing data cache, PIPT instruction cache
 Machine model: NVIDIA Tegra114 Dalmore evaluation board
@@ -67,7 +67,7 @@
 cma: Reserved 64 MiB at 0xfb800000
 Memory policy: Data cache writealloc
 On node 0 totalpages: 524032
-free_area_init_node: node 0, pgdat c0f54000, node_mem_map ee7f8000
+free_area_init_node: node 0, pgdat c0f54040, node_mem_map ee7f8000
   DMA zone: 1520 pages used for memmap
   DMA zone: 0 pages reserved
   DMA zone: 194560 pages, LIFO batch:31
@@ -80,7 +80,7 @@
 PID hash table entries: 4096 (order: 2, 16384 bytes)
 Dentry cache hash table entries: 131072 (order: 7, 524288 bytes)
 Inode-cache hash table entries: 65536 (order: 6, 262144 bytes)
-Memory: 1999036K/2096128K available (8002K kernel code, 1016K rwdata, 3596K rodata, 1004K init, 340K bss, 31556K reserved, 65536K cma-reserved, 1252352K highmem)
+Memory: 1999032K/2096128K available (8002K kernel code, 1016K rwdata, 3596K rodata, 1004K init, 340K bss, 31560K reserved, 65536K cma-reserved, 1252352K highmem)
 Virtual kernel memory layout:
     vector  : 0xffff0000 - 0xffff1000   (   4 kB)
     fixmap  : 0xffc00000 - 0xfff00000   (3072 kB)
@@ -88,10 +88,10 @@
     lowmem  : 0xc0000000 - 0xef800000   ( 760 MB)
     pkmap   : 0xbfe00000 - 0xc0000000   (   2 MB)
     modules : 0xbf000000 - 0xbfe00000   (  14 MB)
-      .text : 0xc0208000 - 0xc0d5c88c   (11603 kB)
+      .text : 0xc0208000 - 0xc0d5c8c0   (11603 kB)
       .init : 0xc0d5d000 - 0xc0e58000   (1004 kB)
-      .data : 0xc0e58000 - 0xc0f56000   (1016 kB)
-       .bss : 0xc0f58000 - 0xc0fad268   ( 341 kB)
+      .data : 0xc0e58000 - 0xc0f56040   (1017 kB)
+       .bss : 0xc0f59000 - 0xc0fae268   ( 341 kB)
 SLUB: HWalign=64, Order=0-3, MinObjects=0, CPUs=4, Nodes=1
 Hierarchical RCU implementation.
 	Build-time adjustment of leaf fanout to 32.
@@ -296,7 +296,7 @@
 hub 1-0:1.0: USB hub found
 hub 1-0:1.0: 1 port detected
 input: gpio-keys as /devices/soc0/gpio-keys/input/input0
-palmas-rtc 7000d000.i2c:tps65913@58:rtc: setting system clock to 2000-02-13 15:40:40 UTC (950456440)
+palmas-rtc 7000d000.i2c:tps65913@58:rtc: setting system clock to 2000-02-14 14:40:53 UTC (950539253)
 vdd_cam_1v8_reg: disabling
 usb1_vbus: disabling
 dvdd_ts: disabling
@@ -308,4 +308,4 @@
 Freeing unused kernel memory: 1004K (c0d5d000 - c0e58000)
 bash: cannot set terminal process group (-1): Inappropriate ioctl for device
 bash: no job control in this shell
-root@(none):/# [    2.223983] usb 1-1: new high-speed USB device number 2 using tegra-ehci
+root@(none):/# [    2.209120] usb 1-1: new high-speed USB device number 2 using tegra-ehci
Diff for ./tegra114-dalmore-a04/tegra114-dalmore/tegra_defconfig_log.txt
--- /tmp/fooa	2015-08-03 22:51:45.911118732 -0700
+++ /tmp/foob	2015-08-03 22:51:45.915118727 -0700
@@ -27,7 +27,6 @@
 Tegra114 (Dalmore) # setenv bootargs 'ignore_loglevel console=ttyS0,115200n8 rw root=/dev/mmcblk0p1 rootwait gpt debug init=/bin/bash'
 Tegra114 (Dalmore) # setenv ipaddr 192.168.100.100; setenv serverip 192.168.100.1; setenv tftpserverip 192.168.100.1
 Tegra114 (Dalmore) # tftpboot 0x81000000 zImage.tegra_defconfig
-Waiting for Ethernet connection... done.
 Using asx0 device
 TFTP from server 192.168.100.1; our IP address is 192.168.100.100
 Filename 'zImage.tegra_defconfig'.
@@ -38,20 +37,20 @@
 	 #################################################################
 	 #################################################################
 	 ###################
-	 3.3 MiB/s
+	 3.2 MiB/s
 done
-Bytes transferred = 5036904 (4cdb68 hex)
+Bytes transferred = 5035776 (4cd700 hex)
 Tegra114 (Dalmore) # tftpboot 0x82000000 tegra114-dalmore.dtb
 Using asx0 device
 TFTP from server 192.168.100.1; our IP address is 192.168.100.100
 Filename 'tegra114-dalmore.dtb'.
 Load address: 0x82000000
 Loading: *###
-	 2.8 MiB/s
+	 3.3 MiB/s
 done
 Bytes transferred = 34894 (884e hex)
 Tegra114 (Dalmore) # bootz 0x81000000 - 0x82000000
-Kernel image @ 0x81000000 [ 0x000000 - 0x4cdb68 ]
+Kernel image @ 0x81000000 [ 0x000000 - 0x4cd700 ]
 ## Flattened Device Tree blob at 82000000
    Booting using the fdt blob at 0x82000000
    Loading Device Tree to 8fff4000, end 8ffff84d ... OK
@@ -62,7 +61,7 @@
 Booting Linux on physical CPU 0x0
 Initializing cgroup subsys cpu
 Initializing cgroup subsys cpuacct
-Linux version 4.2.0-rc4-next-20150803-33491-gd7020b4 (pwalmsley@kaivo) (gcc version 4.7.3 20130328 (prerelease) (crosstool-NG linaro-1.13.1-4.7-2013.04-20130415 - Linaro GCC 2013.04) ) #1 SMP PREEMPT Sun Aug 2 23:48:08 PDT 2015
+Linux version 4.2.0-rc5-next-20150804-33837-gd7f6af1 (pwalmsley@kaivo) (gcc version 4.7.3 20130328 (prerelease) (crosstool-NG linaro-1.13.1-4.7-2013.04-20130415 - Linaro GCC 2013.04) ) #1 SMP PREEMPT Mon Aug 3 22:48:17 PDT 2015
 CPU: ARMv7 Processor [412fc0f2] revision 2 (ARMv7), cr=10c5387d
 CPU: PIPT / VIPT nonaliasing data cache, PIPT instruction cache
 Machine model: NVIDIA Tegra114 Dalmore evaluation board
@@ -70,7 +69,7 @@
 cma: Reserved 64 MiB at 0xfbc00000
 Memory policy: Data cache writealloc
 On node 0 totalpages: 524032
-free_area_init_node: node 0, pgdat c09b52c0, node_mem_map ee7f7000
+free_area_init_node: node 0, pgdat c09b4700, node_mem_map ee7f7000
   Normal zone: 1520 pages used for memmap
   Normal zone: 0 pages reserved
   Normal zone: 194560 pages, LIFO batch:31
@@ -83,7 +82,7 @@
 PID hash table entries: 4096 (order: 2, 16384 bytes)
 Dentry cache hash table entries: 131072 (order: 7, 524288 bytes)
 Inode-cache hash table entries: 65536 (order: 6, 262144 bytes)
-Memory: 2002716K/2096128K available (6872K kernel code, 347K rwdata, 2376K rodata, 316K init, 363K bss, 27876K reserved, 65536K cma-reserved, 1252352K highmem)
+Memory: 2002716K/2096128K available (6872K kernel code, 344K rwdata, 2376K rodata, 316K init, 363K bss, 27876K reserved, 65536K cma-reserved, 1252352K highmem)
 Virtual kernel memory layout:
     vector  : 0xffff0000 - 0xffff1000   (   4 kB)
     fixmap  : 0xffc00000 - 0xfff00000   (3072 kB)
@@ -91,9 +90,9 @@
     lowmem  : 0xc0000000 - 0xef800000   ( 760 MB)
     pkmap   : 0xbfe00000 - 0xc0000000   (   2 MB)
     modules : 0xbf000000 - 0xbfe00000   (  14 MB)
-      .text : 0xc0008000 - 0xc0910594   (9250 kB)
+      .text : 0xc0008000 - 0xc09105b8   (9250 kB)
       .init : 0xc0911000 - 0xc0960000   ( 316 kB)
-      .data : 0xc0960000 - 0xc09b6e80   ( 348 kB)
+      .data : 0xc0960000 - 0xc09b62c0   ( 345 kB)
        .bss : 0xc09b9000 - 0xc0a13da0   ( 364 kB)
 Preemptible hierarchical RCU implementation.
 	Build-time adjustment of leaf fanout to 32.
@@ -293,7 +292,7 @@
 hub 1-0:1.0: USB hub found
 hub 1-0:1.0: 1 port detected
 input: gpio-keys as /devices/soc0/gpio-keys/input/input1
-palmas-rtc 7000d000.i2c:tps65913@58:rtc: setting system clock to 2000-02-13 15:41:17 UTC (950456477)
+palmas-rtc 7000d000.i2c:tps65913@58:rtc: setting system clock to 2000-02-14 14:41:25 UTC (950539285)
 vdd_cam_1v8_reg: disabling
 usb1_vbus: disabling
 dvdd_ts: disabling
@@ -308,4 +307,4 @@
 Freeing unused kernel memory: 316K (c0911000 - c0960000)
 bash: cannot set terminal process group (-1): Inappropriate ioctl for device
 bash: no job control in this shell
-root@(none):/# [    2.750003] usb 1-1: new high-speed USB device number 2 using tegra-ehci
+root@(none):/# [    2.729927] usb 1-1: new high-speed USB device number 2 using tegra-ehci
Diff for ./tegra124-jetson-tk1/tegra124-jetson-tk1/multi_v7_defconfig_log.txt
--- /tmp/fooa	2015-08-03 22:51:45.919118724 -0700
+++ /tmp/foob	2015-08-03 22:51:45.923118721 -0700
@@ -40,20 +40,20 @@
 	 #################################################################
 	 #################################################################
 	 ############################################
-	 3.3 MiB/s
+	 3.2 MiB/s
 done
-Bytes transferred = 6369424 (613090 hex)
+Bytes transferred = 6369984 (6132c0 hex)
 Tegra124 (Jetson TK1) # tftpboot 0x82000000 tegra124-jetson-tk1.dtb
 Using asx0 device
 TFTP from server 192.168.100.1; our IP address is 192.168.100.102
 Filename 'tegra124-jetson-tk1.dtb'.
 Load address: 0x82000000
 Loading: *#####
-	 3.1 MiB/s
+	 3.4 MiB/s
 done
 Bytes transferred = 64138 (fa8a hex)
 Tegra124 (Jetson TK1) # bootz 0x81000000 - 0x82000000
-Kernel image @ 0x81000000 [ 0x000000 - 0x613090 ]
+Kernel image @ 0x81000000 [ 0x000000 - 0x6132c0 ]
 ## Flattened Device Tree blob at 82000000
    Booting using the fdt blob at 0x82000000
    Using Device Tree in place at 82000000, end 82012a89
@@ -61,7 +61,7 @@
 Starting kernel ...
 
 Booting Linux on physical CPU 0x0
-Linux version 4.2.0-rc4-next-20150803-33491-gd7020b4 (pwalmsley@sellafield) (gcc version 4.7.3 20130328 (prerelease) (crosstool-NG linaro-1.13.1-4.7-2013.04-20130415 - Linaro GCC 2013.04) ) #1 SMP Sun Aug 2 23:47:38 PDT 2015
+Linux version 4.2.0-rc5-next-20150804-33837-gd7f6af1 (pwalmsley@sellafield) (gcc version 4.7.3 20130328 (prerelease) (crosstool-NG linaro-1.13.1-4.7-2013.04-20130415 - Linaro GCC 2013.04) ) #1 SMP Mon Aug 3 22:47:44 PDT 2015
 CPU: ARMv7 Processor [413fc0f3] revision 3 (ARMv7), cr=10c5387d
 CPU: PIPT / VIPT nonaliasing data cache, PIPT instruction cache
 Machine model: NVIDIA Tegra124 Jetson TK1
@@ -69,7 +69,7 @@
 cma: Reserved 64 MiB at 0xfb800000
 Memory policy: Data cache writealloc
 On node 0 totalpages: 524032
-free_area_init_node: node 0, pgdat c0f54000, node_mem_map ee7f8000
+free_area_init_node: node 0, pgdat c0f54040, node_mem_map ee7f8000
   DMA zone: 1520 pages used for memmap
   DMA zone: 0 pages reserved
   DMA zone: 194560 pages, LIFO batch:31
@@ -82,7 +82,7 @@
 PID hash table entries: 4096 (order: 2, 16384 bytes)
 Dentry cache hash table entries: 131072 (order: 7, 524288 bytes)
 Inode-cache hash table entries: 65536 (order: 6, 262144 bytes)
-Memory: 1998928K/2096128K available (8002K kernel code, 1016K rwdata, 3596K rodata, 1004K init, 340K bss, 31664K reserved, 65536K cma-reserved, 1252352K highmem)
+Memory: 1998924K/2096128K available (8002K kernel code, 1016K rwdata, 3596K rodata, 1004K init, 340K bss, 31668K reserved, 65536K cma-reserved, 1252352K highmem)
 Virtual kernel memory layout:
     vector  : 0xffff0000 - 0xffff1000   (   4 kB)
     fixmap  : 0xffc00000 - 0xfff00000   (3072 kB)
@@ -90,10 +90,10 @@
     lowmem  : 0xc0000000 - 0xef800000   ( 760 MB)
     pkmap   : 0xbfe00000 - 0xc0000000   (   2 MB)
     modules : 0xbf000000 - 0xbfe00000   (  14 MB)
-      .text : 0xc0208000 - 0xc0d5c88c   (11603 kB)
+      .text : 0xc0208000 - 0xc0d5c8c0   (11603 kB)
       .init : 0xc0d5d000 - 0xc0e58000   (1004 kB)
-      .data : 0xc0e58000 - 0xc0f56000   (1016 kB)
-       .bss : 0xc0f58000 - 0xc0fad268   ( 341 kB)
+      .data : 0xc0e58000 - 0xc0f56040   (1017 kB)
+       .bss : 0xc0f59000 - 0xc0fae268   ( 341 kB)
 SLUB: HWalign=64, Order=0-3, MinObjects=0, CPUs=4, Nodes=1
 Hierarchical RCU implementation.
 	Build-time adjustment of leaf fanout to 32.
@@ -340,8 +340,8 @@
 tegra-ehci 7d008000.usb: USB 2.0 started, EHCI 1.10
 hub 2-0:1.0: USB hub found
 hub 2-0:1.0: 1 port detected
-cpufreq: cpufreq_add_dev: CPU0: Running at unlisted freq: 696000 KHz
-cpufreq: cpufreq_add_dev: CPU0: Unlisted initial frequency changed to: 714000 KHz
+cpufreq: cpufreq_online: CPU0: Running at unlisted freq: 696000 KHz
+cpufreq: cpufreq_online: CPU0: Unlisted initial frequency changed to: 714000 KHz
 input: gpio-keys as /devices/soc0/gpio-keys/input/input0
 as3722-rtc as3722-rtc: setting system clock to 2000-02-01 00:00:18 UTC (949363218)
 +USB0_VBUS_SW: disabling
@@ -355,9 +355,9 @@
 ata1: SATA link down (SStatus 0 SControl 300)
 EXT4-fs (mmcblk0p1): couldn't mount as ext3 due to feature incompatibilities
 EXT4-fs (mmcblk0p1): couldn't mount as ext2 due to feature incompatibilities
+usb 2-1: new high-speed USB device number 2 using tegra-ehci
 EXT4-fs (mmcblk0p1): recovery complete
 EXT4-fs (mmcblk0p1): mounted filesystem with ordered data mode. Opts: (null)
-usb 2-1: new high-speed USB device number 2 using tegra-ehci
 VFS: Mounted root (ext4 filesystem) on device 179:1.
 devtmpfs: mounted
 Freeing unused kernel memory: 1004K (c0d5d000 - c0e58000)
Diff for ./tegra124-jetson-tk1/tegra124-jetson-tk1/tegra_defconfig_log.txt
--- /tmp/fooa	2015-08-03 22:51:45.931118714 -0700
+++ /tmp/foob	2015-08-03 22:51:45.931118714 -0700
@@ -39,20 +39,20 @@
 	 #################################################################
 	 #################################################################
 	 ###################
-	 3.2 MiB/s
+	 3.1 MiB/s
 done
-Bytes transferred = 5036904 (4cdb68 hex)
+Bytes transferred = 5035776 (4cd700 hex)
 Tegra124 (Jetson TK1) # tftpboot 0x82000000 tegra124-jetson-tk1.dtb
 Using asx0 device
 TFTP from server 192.168.100.1; our IP address is 192.168.100.102
 Filename 'tegra124-jetson-tk1.dtb'.
 Load address: 0x82000000
 Loading: *#####
-	 2.9 MiB/s
+	 3.1 MiB/s
 done
 Bytes transferred = 64138 (fa8a hex)
 Tegra124 (Jetson TK1) # bootz 0x81000000 - 0x82000000
-Kernel image @ 0x81000000 [ 0x000000 - 0x4cdb68 ]
+Kernel image @ 0x81000000 [ 0x000000 - 0x4cd700 ]
 ## Flattened Device Tree blob at 82000000
    Booting using the fdt blob at 0x82000000
    Using Device Tree in place at 82000000, end 82012a89
@@ -63,7 +63,7 @@
 Booting Linux on physical CPU 0x0
 Initializing cgroup subsys cpu
 Initializing cgroup subsys cpuacct
-Linux version 4.2.0-rc4-next-20150803-33491-gd7020b4 (pwalmsley@kaivo) (gcc version 4.7.3 20130328 (prerelease) (crosstool-NG linaro-1.13.1-4.7-2013.04-20130415 - Linaro GCC 2013.04) ) #1 SMP PREEMPT Sun Aug 2 23:48:08 PDT 2015
+Linux version 4.2.0-rc5-next-20150804-33837-gd7f6af1 (pwalmsley@kaivo) (gcc version 4.7.3 20130328 (prerelease) (crosstool-NG linaro-1.13.1-4.7-2013.04-20130415 - Linaro GCC 2013.04) ) #1 SMP PREEMPT Mon Aug 3 22:48:17 PDT 2015
 CPU: ARMv7 Processor [413fc0f3] revision 3 (ARMv7), cr=10c5387d
 CPU: PIPT / VIPT nonaliasing data cache, PIPT instruction cache
 Machine model: NVIDIA Tegra124 Jetson TK1
@@ -71,7 +71,7 @@
 cma: Reserved 64 MiB at 0xfbc00000
 Memory policy: Data cache writealloc
 On node 0 totalpages: 524032
-free_area_init_node: node 0, pgdat c09b52c0, node_mem_map ee7f7000
+free_area_init_node: node 0, pgdat c09b4700, node_mem_map ee7f7000
   Normal zone: 1520 pages used for memmap
   Normal zone: 0 pages reserved
   Normal zone: 194560 pages, LIFO batch:31
@@ -84,7 +84,7 @@
 PID hash table entries: 4096 (order: 2, 16384 bytes)
 Dentry cache hash table entries: 131072 (order: 7, 524288 bytes)
 Inode-cache hash table entries: 65536 (order: 6, 262144 bytes)
-Memory: 2002608K/2096128K available (6872K kernel code, 347K rwdata, 2376K rodata, 316K init, 363K bss, 27984K reserved, 65536K cma-reserved, 1252352K highmem)
+Memory: 2002608K/2096128K available (6872K kernel code, 344K rwdata, 2376K rodata, 316K init, 363K bss, 27984K reserved, 65536K cma-reserved, 1252352K highmem)
 Virtual kernel memory layout:
     vector  : 0xffff0000 - 0xffff1000   (   4 kB)
     fixmap  : 0xffc00000 - 0xfff00000   (3072 kB)
@@ -92,9 +92,9 @@
     lowmem  : 0xc0000000 - 0xef800000   ( 760 MB)
     pkmap   : 0xbfe00000 - 0xc0000000   (   2 MB)
     modules : 0xbf000000 - 0xbfe00000   (  14 MB)
-      .text : 0xc0008000 - 0xc0910594   (9250 kB)
+      .text : 0xc0008000 - 0xc09105b8   (9250 kB)
       .init : 0xc0911000 - 0xc0960000   ( 316 kB)
-      .data : 0xc0960000 - 0xc09b6e80   ( 348 kB)
+      .data : 0xc0960000 - 0xc09b62c0   ( 345 kB)
        .bss : 0xc09b9000 - 0xc0a13da0   ( 364 kB)
 Preemptible hierarchical RCU implementation.
 	Build-time adjustment of leaf fanout to 32.
@@ -337,8 +337,8 @@
 tegra-ehci 7d008000.usb: USB 2.0 started, EHCI 1.10
 hub 2-0:1.0: USB hub found
 hub 2-0:1.0: 1 port detected
-cpufreq: cpufreq_add_dev: CPU0: Running at unlisted freq: 696000 KHz
-cpufreq: cpufreq_add_dev: CPU0: Unlisted initial frequency changed to: 714000 KHz
+cpufreq: cpufreq_online: CPU0: Running at unlisted freq: 696000 KHz
+cpufreq: cpufreq_online: CPU0: Unlisted initial frequency changed to: 714000 KHz
 input: gpio-keys as /devices/soc0/gpio-keys/input/input2
 as3722-rtc as3722-rtc: setting system clock to 2000-02-01 00:00:19 UTC (949363219)
 +USB0_VBUS_SW: disabling
Diff for ./tegra20-trimslice/tegra20-trimslice/multi_v7_defconfig_log.txt
--- /tmp/fooa	2015-08-03 22:51:45.939118707 -0700
+++ /tmp/foob	2015-08-03 22:51:45.943118703 -0700
@@ -48,7 +48,7 @@
 	 ############################################
 	 4.1 MiB/s
 done
-Bytes transferred = 6369424 (613090 hex)
+Bytes transferred = 6369984 (6132c0 hex)
 Tegra20 (TrimSlice) # tftpboot 0x02408000 tegra20-trimslice.dtb
 Using RTL8169#0 device
 TFTP from server 192.168.100.1; our IP address is 192.168.100.103
@@ -59,7 +59,7 @@
 done
 Bytes transferred = 21130 (528a hex)
 Tegra20 (TrimSlice) # bootz 0x00408000 - 0x02408000
-Kernel image @ 0x408000 [ 0x000000 - 0x613090 ]
+Kernel image @ 0x408000 [ 0x000000 - 0x6132c0 ]
 ## Flattened Device Tree blob at 02408000
    Booting using the fdt blob at 0x2408000
    Using Device Tree in place at 02408000, end 02410289
@@ -67,7 +67,7 @@
 Starting kernel ...
 
 Booting Linux on physical CPU 0x0
-Linux version 4.2.0-rc4-next-20150803-33491-gd7020b4 (pwalmsley@sellafield) (gcc version 4.7.3 20130328 (prerelease) (crosstool-NG linaro-1.13.1-4.7-2013.04-20130415 - Linaro GCC 2013.04) ) #1 SMP Sun Aug 2 23:47:38 PDT 2015
+Linux version 4.2.0-rc5-next-20150804-33837-gd7f6af1 (pwalmsley@sellafield) (gcc version 4.7.3 20130328 (prerelease) (crosstool-NG linaro-1.13.1-4.7-2013.04-20130415 - Linaro GCC 2013.04) ) #1 SMP Mon Aug 3 22:47:44 PDT 2015
 CPU: ARMv7 Processor [411fc090] revision 0 (ARMv7), cr=10c5387d
 CPU: PIPT / VIPT nonaliasing data cache, VIPT aliasing instruction cache
 Machine model: Compulab TrimSlice board
@@ -75,7 +75,7 @@
 cma: Reserved 64 MiB at 0x3c000000
 Memory policy: Data cache writealloc
 On node 0 totalpages: 262144
-free_area_init_node: node 0, pgdat c0f54000, node_mem_map eeff8000
+free_area_init_node: node 0, pgdat c0f54040, node_mem_map eeff8000
   DMA zone: 1520 pages used for memmap
   DMA zone: 0 pages reserved
   DMA zone: 194560 pages, LIFO batch:31
@@ -88,7 +88,7 @@
 PID hash table entries: 4096 (order: 2, 16384 bytes)
 Dentry cache hash table entries: 131072 (order: 7, 524288 bytes)
 Inode-cache hash table entries: 65536 (order: 6, 262144 bytes)
-Memory: 959844K/1048576K available (8002K kernel code, 1016K rwdata, 3596K rodata, 1004K init, 340K bss, 23196K reserved, 65536K cma-reserved, 204800K highmem)
+Memory: 959840K/1048576K available (8002K kernel code, 1016K rwdata, 3596K rodata, 1004K init, 340K bss, 23200K reserved, 65536K cma-reserved, 204800K highmem)
 Virtual kernel memory layout:
     vector  : 0xffff0000 - 0xffff1000   (   4 kB)
     fixmap  : 0xffc00000 - 0xfff00000   (3072 kB)
@@ -96,10 +96,10 @@
     lowmem  : 0xc0000000 - 0xef800000   ( 760 MB)
     pkmap   : 0xbfe00000 - 0xc0000000   (   2 MB)
     modules : 0xbf000000 - 0xbfe00000   (  14 MB)
-      .text : 0xc0208000 - 0xc0d5c88c   (11603 kB)
+      .text : 0xc0208000 - 0xc0d5c8c0   (11603 kB)
       .init : 0xc0d5d000 - 0xc0e58000   (1004 kB)
-      .data : 0xc0e58000 - 0xc0f56000   (1016 kB)
-       .bss : 0xc0f58000 - 0xc0fad268   ( 341 kB)
+      .data : 0xc0e58000 - 0xc0f56040   (1017 kB)
+       .bss : 0xc0f59000 - 0xc0fae268   ( 341 kB)
 SLUB: HWalign=64, Order=0-3, MinObjects=0, CPUs=2, Nodes=1
 Hierarchical RCU implementation.
 	Build-time adjustment of leaf fanout to 32.
@@ -325,27 +325,26 @@
 tegra-ehci c5000000.usb: new USB bus registered, assigned bus number 2
 tegra-ehci c5000000.usb: irq 288, io mem 0xc5000000
 mmc0: host does not support reading read-only switch, assuming write-enable
-mmc0: new high speed SDHC card at address b368
 usb 1-1: new high-speed USB device number 2 using tegra-ehci
+mmc0: new high speed SDHC card at address b368
 mmcblk0: mmc0:b368 NCard 3.70 GiB 
- mmcblk0: p1
 tegra-ehci c5000000.usb: USB 2.0 started, EHCI 1.00
+ mmcblk0: p1
 hub 2-0:1.0: USB hub found
 hub 2-0:1.0: 1 port detected
 input: gpio-keys as /devices/soc0/gpio-keys/input/input0
-rtc-em3027 2-0056: setting system clock to 2014-12-26 20:17:32 UTC (1419625052)
+rtc-em3027 2-0056: setting system clock to 2014-12-26 20:18:25 UTC (1419625105)
 EXT4-fs (mmcblk0p1): mounting ext3 file system using the ext4 subsystem
+mmc1: new high speed SD card at address b368
 EXT4-fs (mmcblk0p1): recovery complete
 EXT4-fs (mmcblk0p1): mounted filesystem with ordered data mode. Opts: (null)
 VFS: Mounted root (ext3 filesystem) on device 179:1.
-hub 1-1:1.0: USB hub found
-mmc1: new high speed SD card at address b368
-hub 1-1:1.0: 4 ports detected
 devtmpfs: mounted
 Freeing unused kernel memory: 1004K (c0d5d000 - c0e58000)
+hub 1-1:1.0: USB hub found
+hub 1-1:1.0: 4 ports detected
 mmcblk1: mmc1:b368 NCard 1.83 GiB (ro)
  mmcblk1: p1 p2
 bash: cannot set terminal process group (-1): Inappropriate ioctl for device
 bash: no job control in this shell
-usb 1-1.2: new high-speed USB device number 3 using tegra-ehci
-root@(none):/# 
\ No newline at end of file
+root@(none):/# [    2.427065] usb 1-1.2: new high-speed USB device number 3 using tegra-ehci
Diff for ./tegra20-trimslice/tegra20-trimslice/tegra_defconfig_log.txt
--- /tmp/fooa	2015-08-03 22:51:45.947118700 -0700
+++ /tmp/foob	2015-08-03 22:51:45.947118700 -0700
@@ -47,7 +47,7 @@
 	 ###################
 	 4.1 MiB/s
 done
-Bytes transferred = 5036904 (4cdb68 hex)
+Bytes transferred = 5035776 (4cd700 hex)
 Tegra20 (TrimSlice) # tftpboot 0x02408000 tegra20-trimslice.dtb
 Using RTL8169#0 device
 TFTP from server 192.168.100.1; our IP address is 192.168.100.103
@@ -58,7 +58,7 @@
 done
 Bytes transferred = 21130 (528a hex)
 Tegra20 (TrimSlice) # bootz 0x00408000 - 0x02408000
-Kernel image @ 0x408000 [ 0x000000 - 0x4cdb68 ]
+Kernel image @ 0x408000 [ 0x000000 - 0x4cd700 ]
 ## Flattened Device Tree blob at 02408000
    Booting using the fdt blob at 0x2408000
    Using Device Tree in place at 02408000, end 02410289
@@ -69,7 +69,7 @@
 Booting Linux on physical CPU 0x0
 Initializing cgroup subsys cpu
 Initializing cgroup subsys cpuacct
-Linux version 4.2.0-rc4-next-20150803-33491-gd7020b4 (pwalmsley@kaivo) (gcc version 4.7.3 20130328 (prerelease) (crosstool-NG linaro-1.13.1-4.7-2013.04-20130415 - Linaro GCC 2013.04) ) #1 SMP PREEMPT Sun Aug 2 23:48:08 PDT 2015
+Linux version 4.2.0-rc5-next-20150804-33837-gd7f6af1 (pwalmsley@kaivo) (gcc version 4.7.3 20130328 (prerelease) (crosstool-NG linaro-1.13.1-4.7-2013.04-20130415 - Linaro GCC 2013.04) ) #1 SMP PREEMPT Mon Aug 3 22:48:17 PDT 2015
 CPU: ARMv7 Processor [411fc090] revision 0 (ARMv7), cr=10c5387d
 CPU: PIPT / VIPT nonaliasing data cache, VIPT aliasing instruction cache
 Machine model: Compulab TrimSlice board
@@ -78,7 +78,7 @@
 cma: Reserved 64 MiB at 0x3c000000
 Memory policy: Data cache writealloc
 On node 0 totalpages: 262144
-free_area_init_node: node 0, pgdat c09b52c0, node_mem_map eeff7000
+free_area_init_node: node 0, pgdat c09b4700, node_mem_map eeff7000
   Normal zone: 1520 pages used for memmap
   Normal zone: 0 pages reserved
   Normal zone: 194560 pages, LIFO batch:31
@@ -91,7 +91,7 @@
 PID hash table entries: 4096 (order: 2, 16384 bytes)
 Dentry cache hash table entries: 131072 (order: 7, 524288 bytes)
 Inode-cache hash table entries: 65536 (order: 6, 262144 bytes)
-Memory: 963524K/1048576K available (6872K kernel code, 347K rwdata, 2376K rodata, 316K init, 363K bss, 19516K reserved, 65536K cma-reserved, 204800K highmem)
+Memory: 963524K/1048576K available (6872K kernel code, 344K rwdata, 2376K rodata, 316K init, 363K bss, 19516K reserved, 65536K cma-reserved, 204800K highmem)
 Virtual kernel memory layout:
     vector  : 0xffff0000 - 0xffff1000   (   4 kB)
     fixmap  : 0xffc00000 - 0xfff00000   (3072 kB)
@@ -99,9 +99,9 @@
     lowmem  : 0xc0000000 - 0xef800000   ( 760 MB)
     pkmap   : 0xbfe00000 - 0xc0000000   (   2 MB)
     modules : 0xbf000000 - 0xbfe00000   (  14 MB)
-      .text : 0xc0008000 - 0xc0910594   (9250 kB)
+      .text : 0xc0008000 - 0xc09105b8   (9250 kB)
       .init : 0xc0911000 - 0xc0960000   ( 316 kB)
-      .data : 0xc0960000 - 0xc09b6e80   ( 348 kB)
+      .data : 0xc0960000 - 0xc09b62c0   ( 345 kB)
        .bss : 0xc09b9000 - 0xc0a13da0   ( 364 kB)
 Preemptible hierarchical RCU implementation.
 	Build-time adjustment of leaf fanout to 32.
@@ -314,12 +314,11 @@
 usb 1-1: new high-speed USB device number 2 using tegra-ehci
 tegra-snd-trimslice sound: tlv320aic23-hifi <-> 70002800.i2s mapping ok
 NET: Registered protocol family 10
+mip6: Mobile IPv6
 mmc0: host does not support reading read-only switch, assuming write-enable
+sit: IPv6 over IPv4 tunneling driver
 mmc0: new high speed SDHC card at address b368
 mmcblk0: mmc0:b368 NCard 3.70 GiB 
- mmcblk0: p1
-mip6: Mobile IPv6
-sit: IPv6 over IPv4 tunneling driver
 NET: Registered protocol family 17
 NET: Registered protocol family 15
 can: controller area network core (rev 20120528 abi 9)
@@ -338,20 +337,21 @@
 tegra-ehci c5000000.usb: EHCI Host Controller
 tegra-ehci c5000000.usb: new USB bus registered, assigned bus number 2
 tegra-ehci c5000000.usb: irq 288, io mem 0xc5000000
-hub 1-1:1.0: USB hub found
-hub 1-1:1.0: 4 ports detected
-mmc1: new high speed SD card at address b368
-mmcblk1: mmc1:b368 NCard 1.83 GiB (ro)
- mmcblk1: p1 p2
+ mmcblk0: p1
 tegra-ehci c5000000.usb: USB 2.0 started, EHCI 1.00
 hub 2-0:1.0: USB hub found
 hub 2-0:1.0: 1 port detected
+hub 1-1:1.0: USB hub found
+hub 1-1:1.0: 4 ports detected
 input: gpio-keys as /devices/soc0/gpio-keys/input/input0
-rtc-em3027 2-0056: setting system clock to 2014-12-26 20:17:50 UTC (1419625070)
+rtc-em3027 2-0056: setting system clock to 2014-12-26 20:18:44 UTC (1419625124)
 ALSA device list:
   #0: tegra-trimslice
 EXT2-fs (mmcblk0p1): error: couldn't mount because of unsupported optional features (4)
 EXT4-fs (mmcblk0p1): mounting ext3 file system using the ext4 subsystem
+mmc1: new high speed SD card at address b368
+mmcblk1: mmc1:b368 NCard 1.83 GiB (ro)
+ mmcblk1: p1 p2
 EXT4-fs (mmcblk0p1): recovery complete
 EXT4-fs (mmcblk0p1): mounted filesystem with ordered data mode. Opts: (null)
 VFS: Mounted root (ext3 filesystem) on device 179:1.
Diff for ./tegra30-beaver/tegra30-beaver/multi_v7_defconfig_log.txt
--- /tmp/fooa	2015-08-03 22:51:45.955118692 -0700
+++ /tmp/foob	2015-08-03 22:51:45.955118692 -0700
@@ -38,20 +38,20 @@
 	 #################################################################
 	 #################################################################
 	 ############################################
-	 3.4 MiB/s
+	 3.3 MiB/s
 done
-Bytes transferred = 6369424 (613090 hex)
+Bytes transferred = 6369984 (6132c0 hex)
 Tegra30 (Beaver) # tftpboot 0x82000000 tegra30-beaver.dtb
 Using asx0 device
 TFTP from server 192.168.100.1; our IP address is 192.168.100.101
 Filename 'tegra30-beaver.dtb'.
 Load address: 0x82000000
 Loading: *####
-	 3.3 MiB/s
+	 3.1 MiB/s
 done
 Bytes transferred = 51467 (c90b hex)
 Tegra30 (Beaver) # bootz 0x81000000 - 0x82000000
-Kernel image @ 0x81000000 [ 0x000000 - 0x613090 ]
+Kernel image @ 0x81000000 [ 0x000000 - 0x6132c0 ]
 ## Flattened Device Tree blob at 82000000
    Booting using the fdt blob at 0x82000000
    Loading Device Tree to 8fff0000, end 8ffff90a ... OK
@@ -59,7 +59,7 @@
 Starting kernel ...
 
 Booting Linux on physical CPU 0x0
-Linux version 4.2.0-rc4-next-20150803-33491-gd7020b4 (pwalmsley@sellafield) (gcc version 4.7.3 20130328 (prerelease) (crosstool-NG linaro-1.13.1-4.7-2013.04-20130415 - Linaro GCC 2013.04) ) #1 SMP Sun Aug 2 23:47:38 PDT 2015
+Linux version 4.2.0-rc5-next-20150804-33837-gd7f6af1 (pwalmsley@sellafield) (gcc version 4.7.3 20130328 (prerelease) (crosstool-NG linaro-1.13.1-4.7-2013.04-20130415 - Linaro GCC 2013.04) ) #1 SMP Mon Aug 3 22:47:44 PDT 2015
 CPU: ARMv7 Processor [412fc099] revision 9 (ARMv7), cr=10c5387d
 CPU: PIPT / VIPT nonaliasing data cache, VIPT aliasing instruction cache
 Machine model: NVIDIA Tegra30 Beaver evaluation board
@@ -67,7 +67,7 @@
 cma: Reserved 64 MiB at 0xfb800000
 Memory policy: Data cache writealloc
 On node 0 totalpages: 524032
-free_area_init_node: node 0, pgdat c0f54000, node_mem_map ee7f8000
+free_area_init_node: node 0, pgdat c0f54040, node_mem_map ee7f8000
   DMA zone: 1520 pages used for memmap
   DMA zone: 0 pages reserved
   DMA zone: 194560 pages, LIFO batch:31
@@ -80,7 +80,7 @@
 PID hash table entries: 4096 (order: 2, 16384 bytes)
 Dentry cache hash table entries: 131072 (order: 7, 524288 bytes)
 Inode-cache hash table entries: 65536 (order: 6, 262144 bytes)
-Memory: 1998956K/2096128K available (8002K kernel code, 1016K rwdata, 3596K rodata, 1004K init, 340K bss, 31636K reserved, 65536K cma-reserved, 1252352K highmem)
+Memory: 1998952K/2096128K available (8002K kernel code, 1016K rwdata, 3596K rodata, 1004K init, 340K bss, 31640K reserved, 65536K cma-reserved, 1252352K highmem)
 Virtual kernel memory layout:
     vector  : 0xffff0000 - 0xffff1000   (   4 kB)
     fixmap  : 0xffc00000 - 0xfff00000   (3072 kB)
@@ -88,10 +88,10 @@
     lowmem  : 0xc0000000 - 0xef800000   ( 760 MB)
     pkmap   : 0xbfe00000 - 0xc0000000   (   2 MB)
     modules : 0xbf000000 - 0xbfe00000   (  14 MB)
-      .text : 0xc0208000 - 0xc0d5c88c   (11603 kB)
+      .text : 0xc0208000 - 0xc0d5c8c0   (11603 kB)
       .init : 0xc0d5d000 - 0xc0e58000   (1004 kB)
-      .data : 0xc0e58000 - 0xc0f56000   (1016 kB)
-       .bss : 0xc0f58000 - 0xc0fad268   ( 341 kB)
+      .data : 0xc0e58000 - 0xc0f56040   (1017 kB)
+       .bss : 0xc0f59000 - 0xc0fae268   ( 341 kB)
 SLUB: HWalign=64, Order=0-3, MinObjects=0, CPUs=4, Nodes=1
 Hierarchical RCU implementation.
 	Build-time adjustment of leaf fanout to 32.
@@ -290,9 +290,9 @@
 mmcblk0boot0: mmc1:0001 SEM16G partition 1 1.00 MiB
 mmcblk0boot1: mmc1:0001 SEM16G partition 2 1.00 MiB
 mmcblk0rpmb: mmc1:0001 SEM16G partition 3 128 KiB
-tegra-pcie 3000.pcie-controller: probing port 2, using 2 lanes
 Primary GPT is invalid, using alternate GPT.
  mmcblk0: p1 p2 p3 p4 p5
+tegra-pcie 3000.pcie-controller: probing port 2, using 2 lanes
 tegra-pcie 3000.pcie-controller: link 2 down, retrying
 tegra-pcie 3000.pcie-controller: link 2 down, retrying
 tegra-pcie 3000.pcie-controller: link 2 down, retrying
@@ -366,4 +366,4 @@
 Freeing unused kernel memory: 1004K (c0d5d000 - c0e58000)
 bash: cannot set terminal process group (-1): Inappropriate ioctl for device
 bash: no job control in this shell
-root@(none):/# [    3.768788] usb 2-1: new high-speed USB device number 2 using tegra-ehci
+root@(none):/# [    3.748392] usb 2-1: new high-speed USB device number 2 using tegra-ehci
Diff for ./tegra30-beaver/tegra30-beaver/tegra_defconfig_log.txt
--- /tmp/fooa	2015-08-03 22:51:45.963118685 -0700
+++ /tmp/foob	2015-08-03 22:51:45.963118685 -0700
@@ -37,9 +37,9 @@
 	 #################################################################
 	 #################################################################
 	 ###################
-	 3.4 MiB/s
+	 3.2 MiB/s
 done
-Bytes transferred = 5036904 (4cdb68 hex)
+Bytes transferred = 5035776 (4cd700 hex)
 Tegra30 (Beaver) # tftpboot 0x82000000 tegra30-beaver.dtb
 Using asx0 device
 TFTP from server 192.168.100.1; our IP address is 192.168.100.101
@@ -50,7 +50,7 @@
 done
 Bytes transferred = 51467 (c90b hex)
 Tegra30 (Beaver) # bootz 0x81000000 - 0x82000000
-Kernel image @ 0x81000000 [ 0x000000 - 0x4cdb68 ]
+Kernel image @ 0x81000000 [ 0x000000 - 0x4cd700 ]
 ## Flattened Device Tree blob at 82000000
    Booting using the fdt blob at 0x82000000
    Loading Device Tree to 8fff0000, end 8ffff90a ... OK
@@ -61,7 +61,7 @@
 Booting Linux on physical CPU 0x0
 Initializing cgroup subsys cpu
 Initializing cgroup subsys cpuacct
-Linux version 4.2.0-rc4-next-20150803-33491-gd7020b4 (pwalmsley@kaivo) (gcc version 4.7.3 20130328 (prerelease) (crosstool-NG linaro-1.13.1-4.7-2013.04-20130415 - Linaro GCC 2013.04) ) #1 SMP PREEMPT Sun Aug 2 23:48:08 PDT 2015
+Linux version 4.2.0-rc5-next-20150804-33837-gd7f6af1 (pwalmsley@kaivo) (gcc version 4.7.3 20130328 (prerelease) (crosstool-NG linaro-1.13.1-4.7-2013.04-20130415 - Linaro GCC 2013.04) ) #1 SMP PREEMPT Mon Aug 3 22:48:17 PDT 2015
 CPU: ARMv7 Processor [412fc099] revision 9 (ARMv7), cr=10c5387d
 CPU: PIPT / VIPT nonaliasing data cache, VIPT aliasing instruction cache
 Machine model: NVIDIA Tegra30 Beaver evaluation board
@@ -69,7 +69,7 @@
 cma: Reserved 64 MiB at 0xfbc00000
 Memory policy: Data cache writealloc
 On node 0 totalpages: 524032
-free_area_init_node: node 0, pgdat c09b52c0, node_mem_map ee7f7000
+free_area_init_node: node 0, pgdat c09b4700, node_mem_map ee7f7000
   Normal zone: 1520 pages used for memmap
   Normal zone: 0 pages reserved
   Normal zone: 194560 pages, LIFO batch:31
@@ -82,7 +82,7 @@
 PID hash table entries: 4096 (order: 2, 16384 bytes)
 Dentry cache hash table entries: 131072 (order: 7, 524288 bytes)
 Inode-cache hash table entries: 65536 (order: 6, 262144 bytes)
-Memory: 2002636K/2096128K available (6872K kernel code, 347K rwdata, 2376K rodata, 316K init, 363K bss, 27956K reserved, 65536K cma-reserved, 1252352K highmem)
+Memory: 2002636K/2096128K available (6872K kernel code, 344K rwdata, 2376K rodata, 316K init, 363K bss, 27956K reserved, 65536K cma-reserved, 1252352K highmem)
 Virtual kernel memory layout:
     vector  : 0xffff0000 - 0xffff1000   (   4 kB)
     fixmap  : 0xffc00000 - 0xfff00000   (3072 kB)
@@ -90,9 +90,9 @@
     lowmem  : 0xc0000000 - 0xef800000   ( 760 MB)
     pkmap   : 0xbfe00000 - 0xc0000000   (   2 MB)
     modules : 0xbf000000 - 0xbfe00000   (  14 MB)
-      .text : 0xc0008000 - 0xc0910594   (9250 kB)
+      .text : 0xc0008000 - 0xc09105b8   (9250 kB)
       .init : 0xc0911000 - 0xc0960000   ( 316 kB)
-      .data : 0xc0960000 - 0xc09b6e80   ( 348 kB)
+      .data : 0xc0960000 - 0xc09b62c0   ( 345 kB)
        .bss : 0xc09b9000 - 0xc0a13da0   ( 364 kB)
 Preemptible hierarchical RCU implementation.
 	Build-time adjustment of leaf fanout to 32.
@@ -366,4 +366,4 @@
 Freeing unused kernel memory: 316K (c0911000 - c0960000)
 bash: cannot set terminal process group (-1): Inappropriate ioctl for device
 bash: no job control in this shell
-root@(none):/# [    4.416716] usb 2-1: new high-speed USB device number 2 using tegra-ehci
+root@(none):/# [    4.416749] usb 2-1: new high-speed USB device number 2 using tegra-ehci
