Diff for ./qemu-vexpress64/__internal/defconfig_log.txt
--- /tmp/fooa	2018-01-19 08:37:53.763014028 -0800
+++ /tmp/foob	2018-01-19 08:37:53.763014028 -0800
@@ -1,5 +1,5 @@
 Booting Linux on physical CPU 0x0000000000 [0x411fd070]
-Linux version 4.15.0-rc8-next-20180117-346090-g1fec57a31e56 (jonathanh@tamien) (gcc version 4.9.2 20140904 (prerelease) (crosstool-NG linaro-1.13.1-4.9-2014.09 - Linaro GCC 4.9-2014.09)) #1 SMP PREEMPT Fri Jan 19 07:46:05 PST 2018
+Linux version 4.15.0-rc8-next-20180118-346523-ga362f6d2cdbd (jonathanh@tamien) (gcc version 4.9.2 20140904 (prerelease) (crosstool-NG linaro-1.13.1-4.9-2014.09 - Linaro GCC 4.9-2014.09)) #1 SMP PREEMPT Fri Jan 19 08:28:24 PST 2018
 Machine model: linux,dummy-virt
 Memory limited to 1024MB
 efi: Getting EFI parameters from FDT:
@@ -67,7 +67,7 @@
 audit: initializing netlink subsys (disabled)
 audit: type=2000 audit(0.200:1): state=initialized audit_enabled=0 res=1
 cpuidle: using governor menu
-vdso: 2 pages (1 code @ 000000000d94c816, 1 data @ 00000000145411e4)
+vdso: 2 pages (1 code @ 00000000a790aef8, 1 data @ 0000000042f3c6d7)
 hw-breakpoint: found 6 breakpoint and 4 watchpoint registers.
 DMA: preallocated 256 KiB pool for atomic allocations
 Serial: AMBA PL011 UART driver
@@ -173,7 +173,7 @@
 registered taskstats version 1
 Loading compiled-in X.509 certificates
 input: gpio-keys as /devices/platform/gpio-keys/input/input0
-rtc-pl031 9010000.pl031: setting system clock to 2018-01-19 15:52:57 UTC (1516377177)
+rtc-pl031 9010000.pl031: setting system clock to 2018-01-19 16:35:35 UTC (1516379735)
 ALSA device list:
   No soundcards found.
 uart-pl011 9000000.pl011: no DMA platform data
Diff for ./tegra114-dalmore-a04/tegra114-dalmore/multi_v7_defconfig_log.txt
--- /tmp/fooa	2018-01-19 08:37:53.787014139 -0800
+++ /tmp/foob	2018-01-19 08:37:53.787014139 -0800
@@ -39,21 +39,21 @@
 	 #################################################################
 	 #################################################################
 	 #################################################################
-	 #################################
+	 ##################################
 	 2.8 MiB/s
 done
-Bytes transferred = 8114688 (7bd200 hex)
+Bytes transferred = 8118784 (7be200 hex)
 Tegra114 (Dalmore) # tftpboot 0x82000000 tegra114-dalmore.dtb
 Using asx0 device
 TFTP from server 192.168.100.1; our IP address is 192.168.100.100
 Filename 'tegra114-dalmore.dtb'.
 Load address: 0x82000000
 Loading: *###
-	 2.7 MiB/s
+	 302.7 KiB/s
 done
 Bytes transferred = 34502 (86c6 hex)
 Tegra114 (Dalmore) # bootz 0x81000000 - 0x82000000
-Kernel image @ 0x81000000 [ 0x000000 - 0x7bd200 ]
+Kernel image @ 0x81000000 [ 0x000000 - 0x7be200 ]
 ## Flattened Device Tree blob at 82000000
    Booting using the fdt blob at 0x82000000
    Loading Device Tree to 8fff4000, end 8ffff6c5 ... OK
@@ -61,7 +61,7 @@
 Starting kernel ...
 
 Booting Linux on physical CPU 0x0
-Linux version 4.15.0-rc8-next-20180117-346090-g1fec57a31e56 (jonathanh@tamien) (gcc version 4.7.3 20130328 (prerelease) (crosstool-NG linaro-1.13.1-4.7-2013.04-20130415 - Linaro GCC 2013.04)) #1 SMP Fri Jan 19 07:39:53 PST 2018
+Linux version 4.15.0-rc8-next-20180118-346523-ga362f6d2cdbd (jonathanh@tamien) (gcc version 4.7.3 20130328 (prerelease) (crosstool-NG linaro-1.13.1-4.7-2013.04-20130415 - Linaro GCC 2013.04)) #1 SMP Fri Jan 19 08:22:20 PST 2018
 CPU: ARMv7 Processor [412fc0f2] revision 2 (ARMv7), cr=10c5387d
 CPU: div instructions available: patching division code
 CPU: PIPT / VIPT nonaliasing data cache, PIPT instruction cache
@@ -353,7 +353,7 @@
 hub 1-0:1.0: USB hub found
 hub 1-0:1.0: 1 port detected
 input: gpio-keys as /devices/soc0/gpio-keys/input/input0
-palmas-rtc 7000d000.i2c:tps65913@58:rtc: setting system clock to 2000-06-11 22:45:50 UTC (960763550)
+palmas-rtc 7000d000.i2c:tps65913@58:rtc: setting system clock to 2000-06-11 23:27:02 UTC (960766022)
 dvdd_ts: disabling
 usb1_vbus: disabling
 vdd_cam_1v8_reg: disabling
@@ -365,4 +365,4 @@
 Freeing unused kernel memory: 2048K
 bash: cannot set terminal process group (-1): Inappropriate ioctl for device
 bash: no job control in this shell
-root@(none):/# [    3.739181] usb 1-1: new high-speed USB device number 2 using tegra-ehci
+root@(none):/# [    3.729223] usb 1-1: new high-speed USB device number 2 using tegra-ehci
Diff for ./tegra114-dalmore-a04/tegra114-dalmore/tegra_defconfig_log.txt
--- /tmp/fooa	2018-01-19 08:37:53.795014176 -0800
+++ /tmp/foob	2018-01-19 08:37:53.799014195 -0800
@@ -38,9 +38,9 @@
 	 #################################################################
 	 #################################################################
 	 ##################################
-	 3.1 MiB/s
+	 2.9 MiB/s
 done
-Bytes transferred = 6213200 (5ece50 hex)
+Bytes transferred = 6213712 (5ed050 hex)
 Tegra114 (Dalmore) # tftpboot 0x82000000 tegra114-dalmore.dtb
 Using asx0 device
 TFTP from server 192.168.100.1; our IP address is 192.168.100.100
@@ -51,7 +51,7 @@
 done
 Bytes transferred = 34502 (86c6 hex)
 Tegra114 (Dalmore) # bootz 0x81000000 - 0x82000000
-Kernel image @ 0x81000000 [ 0x000000 - 0x5ece50 ]
+Kernel image @ 0x81000000 [ 0x000000 - 0x5ed050 ]
 ## Flattened Device Tree blob at 82000000
    Booting using the fdt blob at 0x82000000
    Loading Device Tree to 8fff4000, end 8ffff6c5 ... OK
@@ -59,7 +59,7 @@
 Starting kernel ...
 
 Booting Linux on physical CPU 0x0
-Linux version 4.15.0-rc8-next-20180117-26141-g1fec57a (jonathanh@kaivo) (gcc version 4.7.3 20130328 (prerelease) (crosstool-NG linaro-1.13.1-4.7-2013.04-20130415 - Linaro GCC 2013.04)) #1 SMP PREEMPT Fri Jan 19 07:39:32 PST 2018
+Linux version 4.15.0-rc8-next-20180118-26574-ga362f6d (jonathanh@kaivo) (gcc version 4.7.3 20130328 (prerelease) (crosstool-NG linaro-1.13.1-4.7-2013.04-20130415 - Linaro GCC 2013.04)) #1 SMP PREEMPT Fri Jan 19 08:21:56 PST 2018
 CPU: ARMv7 Processor [412fc0f2] revision 2 (ARMv7), cr=10c5387d
 CPU: div instructions available: patching division code
 CPU: PIPT / VIPT nonaliasing data cache, PIPT instruction cache
@@ -343,7 +343,7 @@
 hub 1-0:1.0: USB hub found
 hub 1-0:1.0: 1 port detected
 input: gpio-keys as /devices/soc0/gpio-keys/input/input1
-palmas-rtc 7000d000.i2c:tps65913@58:rtc: setting system clock to 2000-06-11 22:43:06 UTC (960763386)
+palmas-rtc 7000d000.i2c:tps65913@58:rtc: setting system clock to 2000-06-11 23:24:20 UTC (960765860)
 cfg80211: Loading compiled-in X.509 certificates for regulatory database
 cfg80211: Loaded X.509 cert 'sforshee: 00b28ddf47aef9cea7'
 platform regulatory.0: Direct firmware load for regulatory.db failed with error -2
@@ -361,4 +361,4 @@
 Freeing unused kernel memory: 1024K
 bash: cannot set terminal process group (-1): Inappropriate ioctl for device
 bash: no job control in this shell
-root@(none):/# [    3.377431] usb 1-1: new high-speed USB device number 2 using tegra-ehci
+root@(none):/# [    3.366511] usb 1-1: new high-speed USB device number 2 using tegra-ehci
Diff for ./tegra124-jetson-tk1/tegra124-jetson-tk1/multi_v7_defconfig_log.txt
--- /tmp/fooa	2018-01-19 08:37:53.803014214 -0800
+++ /tmp/foob	2018-01-19 08:37:53.807014232 -0800
@@ -9,7 +9,7 @@
 Model: NVIDIA Jetson TK1
 Board: NVIDIA Jetson TK1
 DRAM:  2 GiB
-MC:   Tegra SD/MMC: 0, Tegra SD/MMC: 1
+C:   Tegra SD/MMC: 0, Tegra SD/MMC: 1
 In:    serial
 Out:   serial
 Err:   serial
@@ -34,21 +34,21 @@
 	 #################################################################
 	 #################################################################
 	 #################################################################
-	 #################################
-	 3.8 MiB/s
+	 ##################################
+	 2.1 MiB/s
 done
-Bytes transferred = 8114688 (7bd200 hex)
+Bytes transferred = 8118784 (7be200 hex)
 Tegra124 (Jetson TK1) # tftpboot 0x83000000 tegra124-jetson-tk1.dtb
 Using eth_rtl8169 device
 TFTP from server 192.168.100.1; our IP address is 192.168.100.102
 Filename 'tegra124-jetson-tk1.dtb'.
 Load address: 0x83000000
 Loading: *#####
-	 3.7 MiB/s
+	 4 MiB/s
 done
 Bytes transferred = 66544 (103f0 hex)
 Tegra124 (Jetson TK1) # bootz 0x82000000 - 0x83000000
-Kernel image @ 0x82000000 [ 0x000000 - 0x7bd200 ]
+Kernel image @ 0x82000000 [ 0x000000 - 0x7be200 ]
 ## Flattened Device Tree blob at 83000000
    Booting using the fdt blob at 0x83000000
    Using Device Tree in place at 83000000, end 830133ef
@@ -56,7 +56,7 @@
 Starting kernel ...
 
 Booting Linux on physical CPU 0x0
-Linux version 4.15.0-rc8-next-20180117-346090-g1fec57a31e56 (jonathanh@tamien) (gcc version 4.7.3 20130328 (prerelease) (crosstool-NG linaro-1.13.1-4.7-2013.04-20130415 - Linaro GCC 2013.04)) #1 SMP Fri Jan 19 07:39:53 PST 2018
+Linux version 4.15.0-rc8-next-20180118-346523-ga362f6d2cdbd (jonathanh@tamien) (gcc version 4.7.3 20130328 (prerelease) (crosstool-NG linaro-1.13.1-4.7-2013.04-20130415 - Linaro GCC 2013.04)) #1 SMP Fri Jan 19 08:22:20 PST 2018
 CPU: ARMv7 Processor [413fc0f3] revision 3 (ARMv7), cr=10c5387d
 CPU: div instructions available: patching division code
 CPU: PIPT / VIPT nonaliasing data cache, PIPT instruction cache
@@ -328,16 +328,17 @@
 +12V_SATA: supplied by +VDD_MUX
  usb2-0: usb2-0 supply vbus not found, using dummy regulator
  usb2-1: usb2-1 supply vbus not found, using dummy regulator
- usb3-0: usb3-0 supply vbus not found, using dummy regulator
-tegra-pcie 1003000.pcie: 2x1, 1x1 configuration
-tegra-pcie 1003000.pcie: Failed to get supply 'avddio-pex': -517
-tegra124-dfll 70110000.clock: couldn't get vdd_cpu regulator
-tegra-hdmi 54280000.hdmi: failed to get PLL regulator
 mmc0: new high speed MMC card at address 0001
+ usb3-0: usb3-0 supply vbus not found, using dummy regulator
 mmcblk0: mmc0:0001 SEM16G 14.7 GiB 
+tegra-pcie 1003000.pcie: 2x1, 1x1 configuration
 mmcblk0boot0: mmc0:0001 SEM16G partition 1 4.00 MiB
+tegra-pcie 1003000.pcie: Failed to get supply 'avddio-pex': -517
 mmcblk0boot1: mmc0:0001 SEM16G partition 2 4.00 MiB
+tegra124-dfll 70110000.clock: couldn't get vdd_cpu regulator
 mmcblk0rpmb: mmc0:0001 SEM16G partition 3 4.00 MiB, chardev (236:0)
+tegra-hdmi 54280000.hdmi: failed to get PLL regulator
+ mmcblk0: p1
 as3722-sd2: supplied by +5V_SYS
 as3722-sd3: supplied by +5V_SYS
 as3722-sd4: supplied by +5V_SYS
@@ -345,7 +346,6 @@
 as3722-ldo0: supplied by +1.35V_LP0(sd2)
 as3722-ldo1: supplied by +3.3V_RUN
 as3722-ldo2: supplied by +1.8V_VDDIO
- mmcblk0: p1
 as3722-ldo3: supplied by +3.3V_SYS
 as3722-ldo4: supplied by +3.3V_SYS
 as3722-ldo5: supplied by +1.8V_VDDIO
@@ -396,10 +396,10 @@
 pci 0000:00:02.0: [10de:0e13] type 01 class 0x060400
 pci_bus 0000:00: 2-byte config write to 0000:00:02.0 offset 0x4 may corrupt adjacent RW1C bits
 pci_bus 0000:00: 2-byte config write to 0000:00:02.0 offset 0x4 may corrupt adjacent RW1C bits
-ata1: SATA link down (SStatus 0 SControl 300)
 pci 0000:00:02.0: enabling Extended Tags
 pci_bus 0000:00: 2-byte config write to 0000:00:02.0 offset 0x88 may corrupt adjacent RW1C bits
 pci_bus 0000:00: 2-byte config write to 0000:00:02.0 offset 0x52 may corrupt adjacent RW1C bits
+ata1: SATA link down (SStatus 0 SControl 300)
 pci 0000:00:02.0: PME# supported from D0 D1 D2 D3hot D3cold
 pci_bus 0000:00: 2-byte config write to 0000:00:02.0 offset 0x4c may corrupt adjacent RW1C bits
 PCI: bus0: Fast back to back transfers disabled
@@ -443,7 +443,7 @@
 pcieport 0000:00:02.0: Signaling PME with IRQ 396
 r8169 Gigabit Ethernet driver 2.3LK-NAPI loaded
 r8169 0000:02:00.0: enabling device (0140 -> 0143)
-r8169 0000:02:00.0 eth0: RTL8168g/8111g at 0x5bd86768, 00:04:4b:3a:d9:81, XID 0c000800 IRQ 397
+r8169 0000:02:00.0 eth0: RTL8168g/8111g at 0xf163d8c6, 00:04:4b:3a:d9:81, XID 0c000800 IRQ 397
 r8169 0000:02:00.0 eth0: jumbo features [frames: 9200 bytes, tx checksumming: ko]
 +1.05V_RUN_AVDD_HDMI_PLL: supplied by +1.05V_RUN
 [drm] Supports vblank timestamp caching Rev 2 (21.10.2013).
@@ -455,7 +455,7 @@
 cpufreq: cpufreq_online: CPU0: Running at unlisted freq: 696000 KHz
 cpufreq: cpufreq_online: CPU0: Unlisted initial frequency changed to: 714000 KHz
 input: gpio-keys as /devices/soc0/gpio-keys/input/input0
-as3722-rtc as3722-rtc: setting system clock to 2000-01-01 00:04:06 UTC (946685046)
+as3722-rtc as3722-rtc: setting system clock to 2000-01-01 00:04:47 UTC (946685087)
 +USB0_VBUS_SW: disabling
 +1.8V_RUN_CAM: disabling
 +2.8V_RUN_CAM: disabling
Diff for ./tegra124-jetson-tk1/tegra124-jetson-tk1/tegra_defconfig_log.txt
--- /tmp/fooa	2018-01-19 08:37:53.815014269 -0800
+++ /tmp/foob	2018-01-19 08:37:53.815014269 -0800
@@ -33,20 +33,20 @@
 	 #################################################################
 	 #################################################################
 	 ##################################
-	 4 MiB/s
+	 3.9 MiB/s
 done
-Bytes transferred = 6213200 (5ece50 hex)
+Bytes transferred = 6213712 (5ed050 hex)
 Tegra124 (Jetson TK1) # tftpboot 0x83000000 tegra124-jetson-tk1.dtb
 Using eth_rtl8169 device
 TFTP from server 192.168.100.1; our IP address is 192.168.100.102
 Filename 'tegra124-jetson-tk1.dtb'.
 Load address: 0x83000000
 Loading: *#####
-	 3.5 MiB/s
+	 4 MiB/s
 done
 Bytes transferred = 66544 (103f0 hex)
 Tegra124 (Jetson TK1) # bootz 0x82000000 - 0x83000000
-Kernel image @ 0x82000000 [ 0x000000 - 0x5ece50 ]
+Kernel image @ 0x82000000 [ 0x000000 - 0x5ed050 ]
 ## Flattened Device Tree blob at 83000000
    Booting using the fdt blob at 0x83000000
    Using Device Tree in place at 83000000, end 830133ef
@@ -54,7 +54,7 @@
 Starting kernel ...
 
 Booting Linux on physical CPU 0x0
-Linux version 4.15.0-rc8-next-20180117-26141-g1fec57a (jonathanh@kaivo) (gcc version 4.7.3 20130328 (prerelease) (crosstool-NG linaro-1.13.1-4.7-2013.04-20130415 - Linaro GCC 2013.04)) #1 SMP PREEMPT Fri Jan 19 07:39:32 PST 2018
+Linux version 4.15.0-rc8-next-20180118-26574-ga362f6d (jonathanh@kaivo) (gcc version 4.7.3 20130328 (prerelease) (crosstool-NG linaro-1.13.1-4.7-2013.04-20130415 - Linaro GCC 2013.04)) #1 SMP PREEMPT Fri Jan 19 08:21:56 PST 2018
 CPU: ARMv7 Processor [413fc0f3] revision 3 (ARMv7), cr=10c5387d
 CPU: div instructions available: patching division code
 CPU: PIPT / VIPT nonaliasing data cache, PIPT instruction cache
@@ -339,9 +339,9 @@
 as3722-ldo3: supplied by +3.3V_SYS
 as3722-ldo4: supplied by +3.3V_SYS
 as3722-ldo5: supplied by +1.8V_VDDIO
+input: tegra-hda HDMI/DP,pcm=3 as /devices/soc0/70030000.hda/sound/card0/input1
 as3722-ldo6: supplied by +3.3V_RUN
 as3722-ldo7: supplied by +1.8V_VDDIO
-input: tegra-hda HDMI/DP,pcm=3 as /devices/soc0/70030000.hda/sound/card0/input1
 +1.05V_RUN_CAM_REAR: Bringing 0uV into 1050000-1050000uV
 as3722-ldo9: supplied by +5V_SYS
 +3.3V_RUN_TOUCH: Bringing 0uV into 2800000-2800000uV
@@ -388,8 +388,8 @@
 pci_bus 0000:00: 2-byte config write to 0000:00:01.0 offset 0x52 may corrupt adjacent RW1C bits
 pci 0000:00:01.0: PME# supported from D0 D1 D2 D3hot D3cold
 pci_bus 0000:00: 2-byte config write to 0000:00:01.0 offset 0x4c may corrupt adjacent RW1C bits
-ata1: SATA link down (SStatus 0 SControl 300)
 pci 0000:00:02.0: [10de:0e13] type 01 class 0x060400
+ata1: SATA link down (SStatus 0 SControl 300)
 pci_bus 0000:00: 2-byte config write to 0000:00:02.0 offset 0x4 may corrupt adjacent RW1C bits
 pci_bus 0000:00: 2-byte config write to 0000:00:02.0 offset 0x4 may corrupt adjacent RW1C bits
 pci 0000:00:02.0: enabling Extended Tags
@@ -438,7 +438,7 @@
 pcieport 0000:00:02.0: Signaling PME with IRQ 396
 r8169 Gigabit Ethernet driver 2.3LK-NAPI loaded
 r8169 0000:02:00.0: enabling device (0140 -> 0143)
-r8169 0000:02:00.0 eth0: RTL8168g/8111g at 0x39dbaa30, 00:04:4b:3a:d9:81, XID 0c000800 IRQ 397
+r8169 0000:02:00.0 eth0: RTL8168g/8111g at 0x49af406d, 00:04:4b:3a:d9:81, XID 0c000800 IRQ 397
 r8169 0000:02:00.0 eth0: jumbo features [frames: 9200 bytes, tx checksumming: ko]
 +1.05V_RUN_AVDD_HDMI_PLL: supplied by +1.05V_RUN
 [drm] Supports vblank timestamp caching Rev 2 (21.10.2013).
Diff for ./tegra124-jetson-tk1/tegra124-jetson-tk1/tegra_defconfig%tegra-fw_log.txt
--- /tmp/fooa	2018-01-19 08:37:53.823014307 -0800
+++ /tmp/foob	2018-01-19 08:37:53.827014325 -0800
@@ -33,9 +33,9 @@
 	 #################################################################
 	 #################################################################
 	 #############################################
-	 3.9 MiB/s
+	 3.5 MiB/s
 done
-Bytes transferred = 6376536 (614c58 hex)
+Bytes transferred = 6376664 (614cd8 hex)
 Tegra124 (Jetson TK1) # tftpboot 0x83000000 tegra124-jetson-tk1.dtb
 Using eth_rtl8169 device
 TFTP from server 192.168.100.1; our IP address is 192.168.100.102
@@ -46,7 +46,7 @@
 done
 Bytes transferred = 66544 (103f0 hex)
 Tegra124 (Jetson TK1) # bootz 0x82000000 - 0x83000000
-Kernel image @ 0x82000000 [ 0x000000 - 0x614c58 ]
+Kernel image @ 0x82000000 [ 0x000000 - 0x614cd8 ]
 ## Flattened Device Tree blob at 83000000
    Booting using the fdt blob at 0x83000000
    Using Device Tree in place at 83000000, end 830133ef
@@ -54,7 +54,7 @@
 Starting kernel ...
 
 Booting Linux on physical CPU 0x0
-Linux version 4.15.0-rc8-next-20180117-227849-g1fec57a (jonathanh@sellafield) (gcc version 4.7.3 20130328 (prerelease) (crosstool-NG linaro-1.13.1-4.7-2013.04-20130415 - Linaro GCC 2013.04)) #1 SMP PREEMPT Fri Jan 19 07:40:10 PST 2018
+Linux version 4.15.0-rc8-next-20180118-228282-ga362f6d (jonathanh@sellafield) (gcc version 4.7.3 20130328 (prerelease) (crosstool-NG linaro-1.13.1-4.7-2013.04-20130415 - Linaro GCC 2013.04)) #1 SMP PREEMPT Fri Jan 19 08:22:03 PST 2018
 CPU: ARMv7 Processor [413fc0f3] revision 3 (ARMv7), cr=10c5387d
 CPU: div instructions available: patching division code
 CPU: PIPT / VIPT nonaliasing data cache, PIPT instruction cache
@@ -339,9 +339,9 @@
 as3722-ldo3: supplied by +3.3V_SYS
 as3722-ldo4: supplied by +3.3V_SYS
 as3722-ldo5: supplied by +1.8V_VDDIO
+input: tegra-hda HDMI/DP,pcm=3 as /devices/soc0/70030000.hda/sound/card0/input1
 as3722-ldo6: supplied by +3.3V_RUN
 as3722-ldo7: supplied by +1.8V_VDDIO
-input: tegra-hda HDMI/DP,pcm=3 as /devices/soc0/70030000.hda/sound/card0/input1
 +1.05V_RUN_CAM_REAR: Bringing 0uV into 1050000-1050000uV
 as3722-ldo9: supplied by +5V_SYS
 +3.3V_RUN_TOUCH: Bringing 0uV into 2800000-2800000uV
@@ -382,8 +382,8 @@
 tegra-pcie 1003000.pcie: probing port 0, using 2 lanes
 tegra-pcie 1003000.pcie: Slot present pin change, signature: 00000008
 tegra-pcie 1003000.pcie: probing port 1, using 1 lanes
-ata1: SATA link down (SStatus 0 SControl 300)
 tegra-pcie 1003000.pcie: Slot present pin change, signature: 00000000
+ata1: SATA link down (SStatus 0 SControl 300)
 tegra-pcie 1003000.pcie: PCI host bridge to bus 0000:00
 pci_bus 0000:00: root bus resource [io  0x0000-0xffff]
 pci_bus 0000:00: root bus resource [mem 0x13000000-0x1fffffff]
@@ -446,7 +446,7 @@
 pcieport 0000:00:02.0: Signaling PME with IRQ 396
 r8169 Gigabit Ethernet driver 2.3LK-NAPI loaded
 r8169 0000:02:00.0: enabling device (0140 -> 0143)
-r8169 0000:02:00.0 eth0: RTL8168g/8111g at 0xd64c997c, 00:04:4b:3a:d9:81, XID 0c000800 IRQ 397
+r8169 0000:02:00.0 eth0: RTL8168g/8111g at 0x75e44799, 00:04:4b:3a:d9:81, XID 0c000800 IRQ 397
 r8169 0000:02:00.0 eth0: jumbo features [frames: 9200 bytes, tx checksumming: ko]
 +1.05V_RUN_AVDD_HDMI_PLL: supplied by +1.05V_RUN
 [drm] Supports vblank timestamp caching Rev 2 (21.10.2013).
@@ -458,7 +458,7 @@
 cpufreq: cpufreq_online: CPU0: Running at unlisted freq: 696000 KHz
 cpufreq: cpufreq_online: CPU0: Unlisted initial frequency changed to: 714000 KHz
 input: gpio-keys as /devices/soc0/gpio-keys/input/input2
-as3722-rtc as3722-rtc: setting system clock to 2000-01-01 00:01:55 UTC (946684915)
+as3722-rtc as3722-rtc: setting system clock to 2000-01-01 00:02:34 UTC (946684954)
 cfg80211: Loading compiled-in X.509 certificates for regulatory database
 cfg80211: Loaded X.509 cert 'sforshee: 00b28ddf47aef9cea7'
 platform regulatory.0: Direct firmware load for regulatory.db failed with error -2
Diff for ./tegra124-nyan-big/tegra124-nyan-big/multi_v7_defconfig_log.txt
--- /tmp/fooa	2018-01-19 08:37:53.831014344 -0800
+++ /tmp/foob	2018-01-19 08:37:53.835014362 -0800
@@ -5,7 +5,7 @@
 TEGRA124
 Model: Acer Chromebook 13 CB5-311
 DRAM:  4 GiB
-C:   Tegra SD/MMC: 0, Tegra SD/MMC: 1, Tegra SD/MMC: 2
+:   Tegra SD/MMC: 0, Tegra SD/MMC: 1, Tegra SD/MMC: 2
 MMC init failed
 Using default environment
 
@@ -42,10 +42,10 @@
 	 #################################################################
 	 #################################################################
 	 #################################################################
-	 #################################
+	 ##################################
 	 3.3 MiB/s
 done
-Bytes transferred = 8114688 (7bd200 hex)
+Bytes transferred = 8118784 (7be200 hex)
 Tegra124 (Nyan-big) # tftpboot 0x83000000 tegra124-nyan-big.dtb
 Using asx0 device
 TFTP from server 192.168.100.1; our IP address is 192.168.100.104
@@ -56,7 +56,7 @@
 done
 Bytes transferred = 67482 (1079a hex)
 Tegra124 (Nyan-big) # bootz 0x82000000 - 0x83000000
-Kernel image @ 0x82000000 [ 0x000000 - 0x7bd200 ]
+Kernel image @ 0x82000000 [ 0x000000 - 0x7be200 ]
 ## Flattened Device Tree blob at 83000000
    Booting using the fdt blob at 0x83000000
    Using Device Tree in place at 83000000, end 83013799
@@ -64,7 +64,7 @@
 Starting kernel ...
 
 Booting Linux on physical CPU 0x0
-Linux version 4.15.0-rc8-next-20180117-346090-g1fec57a31e56 (jonathanh@tamien) (gcc version 4.7.3 20130328 (prerelease) (crosstool-NG linaro-1.13.1-4.7-2013.04-20130415 - Linaro GCC 2013.04)) #1 SMP Fri Jan 19 07:39:53 PST 2018
+Linux version 4.15.0-rc8-next-20180118-346523-ga362f6d2cdbd (jonathanh@tamien) (gcc version 4.7.3 20130328 (prerelease) (crosstool-NG linaro-1.13.1-4.7-2013.04-20130415 - Linaro GCC 2013.04)) #1 SMP Fri Jan 19 08:22:20 PST 2018
 CPU: ARMv7 Processor [413fc0f3] revision 3 (ARMv7), cr=10c5387d
 CPU: div instructions available: patching division code
 CPU: PIPT / VIPT nonaliasing data cache, PIPT instruction cache
@@ -341,13 +341,12 @@
 +3.3V_LP0: supplied by +3.3V_SYS
 mmcblk0boot1: mmc0:0001 MMC16G partition 2 2.00 MiB
 +1.05V_RUN_AVDD_HDMI_PLL: supplied by +1.05V_RUN
-elan_i2c 1-0015: failed to read report data: -121
-elan_i2c 1-0015: failed to read report data: -121
 mmcblk0rpmb: mmc0:0001 MMC16G partition 3 128 KiB, chardev (236:0)
 +5V_HDMI_CON: supplied by +5V_SYS
  mmcblk0: p1 p2 p3 p4 p5 p6 p7 p8 p9 p10 p11 p12
  usb3-0: usb3-0 supply vbus not found, using dummy regulator
  usb3-1: usb3-1 supply vbus not found, using dummy regulator
+elan_i2c 1-0015: failed to read report data: -121
 tegra-sor 54540000.sor: failed to probe output: -517
 panel-simple panel: panel supply power not found, using dummy regulator
 sdhci-tegra 700b0000.sdhci: allocated mmc-pwrseq
@@ -356,9 +355,9 @@
 mmc1: Switching to 3.3V signalling voltage failed
 mmc1: SDHCI controller on 700b0000.sdhci [700b0000.sdhci] using ADMA
 sdhci-tegra 700b0400.sdhci: Got CD GPIO
-elan_i2c 1-0015: invalid report id data (ff)
 sdhci-tegra 700b0400.sdhci: Got WP GPIO
 mmc2: Unknown controller version (3). You may experience problems.
+elan_i2c 1-0015: invalid report id data (ff)
 mmc2: Invalid maximum block size, assuming 512 bytes
 mmc1: new high speed SDIO card at address 0001
 mmc2: SDHCI controller on 700b0400.sdhci [700b0400.sdhci] using ADMA
@@ -367,7 +366,7 @@
 input: gpio-keys as /devices/soc0/gpio-keys/input/input1
 tegra-sor 54540000.sor: failed to probe output: -517
 panel-simple panel: panel supply power not found, using dummy regulator
-as3722-rtc as3722-rtc: setting system clock to 2000-01-01 05:13:56 UTC (946703636)
+as3722-rtc as3722-rtc: setting system clock to 2000-01-01 05:58:02 UTC (946706282)
 +3.3V_AVDD_HDMI_AP_GATED: disabling
 +1.05V_RUN: disabling
 +1.8V_RUN_CAM: disabling
Diff for ./tegra124-nyan-big/tegra124-nyan-big/tegra_defconfig_log.txt
--- /tmp/fooa	2018-01-19 08:37:53.839014381 -0800
+++ /tmp/foob	2018-01-19 08:37:53.843014399 -0800
@@ -14,7 +14,7 @@
 Err:   serial
 Net:   Net Initialization Skipped
 No ethernet found.
-Hit any key to stop autoboot:  2  1  0 
+Hit any key to stop autoboot:  2  0 
 Tegra124 (Nyan-big) # 
 Tegra124 (Nyan-big) # usb start
 starting USB...
@@ -43,7 +43,7 @@
 	 ##################################
 	 3.3 MiB/s
 done
-Bytes transferred = 6213200 (5ece50 hex)
+Bytes transferred = 6213712 (5ed050 hex)
 Tegra124 (Nyan-big) # tftpboot 0x83000000 tegra124-nyan-big.dtb
 Using asx0 device
 TFTP from server 192.168.100.1; our IP address is 192.168.100.104
@@ -54,7 +54,7 @@
 done
 Bytes transferred = 67482 (1079a hex)
 Tegra124 (Nyan-big) # bootz 0x82000000 - 0x83000000
-Kernel image @ 0x82000000 [ 0x000000 - 0x5ece50 ]
+Kernel image @ 0x82000000 [ 0x000000 - 0x5ed050 ]
 ## Flattened Device Tree blob at 83000000
    Booting using the fdt blob at 0x83000000
    Using Device Tree in place at 83000000, end 83013799
@@ -62,7 +62,7 @@
 Starting kernel ...
 
 Booting Linux on physical CPU 0x0
-Linux version 4.15.0-rc8-next-20180117-26141-g1fec57a (jonathanh@kaivo) (gcc version 4.7.3 20130328 (prerelease) (crosstool-NG linaro-1.13.1-4.7-2013.04-20130415 - Linaro GCC 2013.04)) #1 SMP PREEMPT Fri Jan 19 07:39:32 PST 2018
+Linux version 4.15.0-rc8-next-20180118-26574-ga362f6d (jonathanh@kaivo) (gcc version 4.7.3 20130328 (prerelease) (crosstool-NG linaro-1.13.1-4.7-2013.04-20130415 - Linaro GCC 2013.04)) #1 SMP PREEMPT Fri Jan 19 08:21:56 PST 2018
 CPU: ARMv7 Processor [413fc0f3] revision 3 (ARMv7), cr=10c5387d
 CPU: div instructions available: patching division code
 CPU: PIPT / VIPT nonaliasing data cache, PIPT instruction cache
@@ -293,15 +293,15 @@
 usbhid: USB HID core driver
 tegra30-i2s 70301100.i2s: DMA channels sourced from device 70300000.ahub
 mmc0: new high speed MMC card at address 0001
-mmcblk0: mmc0:0001 MMC16G 14.4 GiB 
 max98090 0-0010: MAX98090 REVID=0x43
-mmcblk0boot0: mmc0:0001 MMC16G partition 1 2.00 MiB
+mmcblk0: mmc0:0001 MMC16G 14.4 GiB 
 max98090 0-0010: use default 2.8v micbias
+mmcblk0boot0: mmc0:0001 MMC16G partition 1 2.00 MiB
 mmcblk0boot1: mmc0:0001 MMC16G partition 2 2.00 MiB
 mmcblk0rpmb: mmc0:0001 MMC16G partition 3 128 KiB, chardev (247:0)
 tegra-snd-max98090 sound: HiFi <-> 70301100.i2s mapping ok
- mmcblk0: p1 p2 p3 p4 p5 p6 p7 p8 p9 p10 p11 p12
 input: GoogleNyanBig Headphones as /devices/soc0/sound/sound/card1/input1
+ mmcblk0: p1 p2 p3 p4 p5 p6 p7 p8 p9 p10 p11 p12
 input: GoogleNyanBig Mic Jack as /devices/soc0/sound/sound/card1/input2
 NET: Registered protocol family 10
 Segment Routing with IPv6
@@ -360,12 +360,12 @@
 input: gpio-keys as /devices/soc0/gpio-keys/input/input3
 tegra-sor 54540000.sor: failed to probe output: -517
 panel-simple panel: panel supply power not found, using dummy regulator
-as3722-rtc as3722-rtc: setting system clock to 2000-01-01 05:12:40 UTC (946703560)
+as3722-rtc as3722-rtc: setting system clock to 2000-01-01 05:53:54 UTC (946706034)
 cfg80211: Loading compiled-in X.509 certificates for regulatory database
 cfg80211: Loaded X.509 cert 'sforshee: 00b28ddf47aef9cea7'
 platform regulatory.0: Direct firmware load for regulatory.db failed with error -2
-cfg80211: failed to load regulatory.db
 +3.3V_AVDD_HDMI_AP_GATED: disabling
+cfg80211: failed to load regulatory.db
 +1.8V_RUN_CAM: disabling
 +1.2V_RUN_CAM_FRONT: disabling
 +1.05V_RUN_CAM_REAR: disabling
@@ -388,12 +388,12 @@
 GPT:Primary header thinks Alt. header is not at the end of the disk.
 GPT:3014591 != 15564799
 GPT: Use GNU Parted to correct GPT errors.
-tegra-sor 54540000.sor: failed to probe output: -517
  mmcblk2: p1 p2 p3 p4 p5 p6 p7 p8 p9 p10 p11 p12
+tegra-sor 54540000.sor: failed to probe output: -517
 panel-simple panel: panel supply power not found, using dummy regulator
-input: tegra-hda HDMI/DP,pcm=3 as /devices/soc0/70030000.hda/sound/card0/input4
 tegra-sor 54540000.sor: failed to probe output: -517
 EXT4-fs (mmcblk0p3): couldn't mount as ext3 due to feature incompatibilities
+input: tegra-hda HDMI/DP,pcm=3 as /devices/soc0/70030000.hda/sound/card0/input4
 panel-simple panel: panel supply power not found, using dummy regulator
 EXT4-fs (mmcblk0p3): recovery complete
 EXT4-fs (mmcblk0p3): mounted filesystem with ordered data mode. Opts: (null)
Diff for ./tegra124-nyan-big/tegra124-nyan-big/tegra_defconfig%tegra-fw_log.txt
--- /tmp/fooa	2018-01-19 08:37:53.851014437 -0800
+++ /tmp/foob	2018-01-19 08:37:53.855014455 -0800
@@ -5,7 +5,7 @@
 TEGRA124
 Model: Acer Chromebook 13 CB5-311
 DRAM:  4 GiB
-C:   Tegra SD/MMC: 0, Tegra SD/MMC: 1, Tegra SD/MMC: 2
+:   Tegra SD/MMC: 0, Tegra SD/MMC: 1, Tegra SD/MMC: 2
 MMC init failed
 Using default environment
 
@@ -14,7 +14,7 @@
 Err:   serial
 Net:   Net Initialization Skipped
 No ethernet found.
-Hit any key to stop autoboot:  2  1  0 
+Hit any key to stop autoboot:  2  0 
 Tegra124 (Nyan-big) # 
 Tegra124 (Nyan-big) # usb start
 starting USB...
@@ -41,20 +41,20 @@
 	 #################################################################
 	 #################################################################
 	 #############################################
-	 3.2 MiB/s
+	 2.8 MiB/s
 done
-Bytes transferred = 6376536 (614c58 hex)
+Bytes transferred = 6376664 (614cd8 hex)
 Tegra124 (Nyan-big) # tftpboot 0x83000000 tegra124-nyan-big.dtb
 Using asx0 device
 TFTP from server 192.168.100.1; our IP address is 192.168.100.104
 Filename 'tegra124-nyan-big.dtb'.
 Load address: 0x83000000
 Loading: *#####
-	 3.2 MiB/s
+	 2.9 MiB/s
 done
 Bytes transferred = 67482 (1079a hex)
 Tegra124 (Nyan-big) # bootz 0x82000000 - 0x83000000
-Kernel image @ 0x82000000 [ 0x000000 - 0x614c58 ]
+Kernel image @ 0x82000000 [ 0x000000 - 0x614cd8 ]
 ## Flattened Device Tree blob at 83000000
    Booting using the fdt blob at 0x83000000
    Using Device Tree in place at 83000000, end 83013799
@@ -62,7 +62,7 @@
 Starting kernel ...
 
 Booting Linux on physical CPU 0x0
-Linux version 4.15.0-rc8-next-20180117-227849-g1fec57a (jonathanh@sellafield) (gcc version 4.7.3 20130328 (prerelease) (crosstool-NG linaro-1.13.1-4.7-2013.04-20130415 - Linaro GCC 2013.04)) #1 SMP PREEMPT Fri Jan 19 07:40:10 PST 2018
+Linux version 4.15.0-rc8-next-20180118-228282-ga362f6d (jonathanh@sellafield) (gcc version 4.7.3 20130328 (prerelease) (crosstool-NG linaro-1.13.1-4.7-2013.04-20130415 - Linaro GCC 2013.04)) #1 SMP PREEMPT Fri Jan 19 08:22:03 PST 2018
 CPU: ARMv7 Processor [413fc0f3] revision 3 (ARMv7), cr=10c5387d
 CPU: div instructions available: patching division code
 CPU: PIPT / VIPT nonaliasing data cache, PIPT instruction cache
@@ -293,15 +293,15 @@
 usbhid: USB HID core driver
 tegra30-i2s 70301100.i2s: DMA channels sourced from device 70300000.ahub
 mmc0: new high speed MMC card at address 0001
-max98090 0-0010: MAX98090 REVID=0x43
 mmcblk0: mmc0:0001 MMC16G 14.4 GiB 
-max98090 0-0010: use default 2.8v micbias
+max98090 0-0010: MAX98090 REVID=0x43
 mmcblk0boot0: mmc0:0001 MMC16G partition 1 2.00 MiB
+max98090 0-0010: use default 2.8v micbias
 mmcblk0boot1: mmc0:0001 MMC16G partition 2 2.00 MiB
 mmcblk0rpmb: mmc0:0001 MMC16G partition 3 128 KiB, chardev (247:0)
 tegra-snd-max98090 sound: HiFi <-> 70301100.i2s mapping ok
-input: GoogleNyanBig Headphones as /devices/soc0/sound/sound/card1/input1
  mmcblk0: p1 p2 p3 p4 p5 p6 p7 p8 p9 p10 p11 p12
+input: GoogleNyanBig Headphones as /devices/soc0/sound/sound/card1/input1
 input: GoogleNyanBig Mic Jack as /devices/soc0/sound/sound/card1/input2
 NET: Registered protocol family 10
 Segment Routing with IPv6
@@ -368,12 +368,12 @@
 input: gpio-keys as /devices/soc0/gpio-keys/input/input3
 tegra-sor 54540000.sor: failed to probe output: -517
 panel-simple panel: panel supply power not found, using dummy regulator
-as3722-rtc as3722-rtc: setting system clock to 2000-01-01 05:13:21 UTC (946703601)
+as3722-rtc as3722-rtc: setting system clock to 2000-01-01 05:54:38 UTC (946706078)
 cfg80211: Loading compiled-in X.509 certificates for regulatory database
 cfg80211: Loaded X.509 cert 'sforshee: 00b28ddf47aef9cea7'
 platform regulatory.0: Direct firmware load for regulatory.db failed with error -2
-+3.3V_AVDD_HDMI_AP_GATED: disabling
 cfg80211: failed to load regulatory.db
++3.3V_AVDD_HDMI_AP_GATED: disabling
 +1.8V_RUN_CAM: disabling
 +1.2V_RUN_CAM_FRONT: disabling
 +1.05V_RUN_CAM_REAR: disabling
@@ -388,9 +388,9 @@
 ALSA device list:
   #1: GoogleNyanBig
 tegra-sor 54540000.sor: failed to probe output: -517
-panel-simple panel: panel supply power not found, using dummy regulator
 input: tegra-hda HDMI/DP,pcm=3 as /devices/soc0/70030000.hda/sound/card0/input4
 EXT4-fs (mmcblk0p3): couldn't mount as ext3 due to feature incompatibilities
+panel-simple panel: panel supply power not found, using dummy regulator
 usb 1-2: new high-speed USB device number 2 using tegra-xusb
 mmc2: new high speed SDHC card at address 0007
 mmcblk2: mmc2:0007 SD08G 7.42 GiB 
@@ -400,27 +400,27 @@
 GPT:3014591 != 15564799
 GPT: Use GNU Parted to correct GPT errors.
  mmcblk2: p1 p2 p3 p4 p5 p6 p7 p8 p9 p10 p11 p12
-tegra-sor 54540000.sor: failed to probe output: -517
-panel-simple panel: panel supply power not found, using dummy regulator
-uvcvideo: Found UVC 1.00 device HD WebCam (1bcf:2c67)
-input: HD WebCam: HD WebCam as /devices/soc0/70090000.usb/usb1/1-2/1-2:1.0/input/input5
-tegra-sor 54540000.sor: failed to probe output: -517
-panel-simple panel: panel supply power not found, using dummy regulator
 EXT4-fs (mmcblk0p3): recovery complete
 EXT4-fs (mmcblk0p3): mounted filesystem with ordered data mode. Opts: (null)
 VFS: Mounted root (ext4 filesystem) on device 179:3.
+tegra-sor 54540000.sor: failed to probe output: -517
+panel-simple panel: panel supply power not found, using dummy regulator
 devtmpfs: mounted
 Freeing unused kernel memory: 1024K
+bash: cannot set terminal process group (-1): Inappropriate ioctl for device
+bash: no job control in this shell
+root@(none):/# [    2.616691] alloc_contig_range: [fbc77, fbc78) PFNs busy
+alloc_contig_range: [fbc78, fbc79) PFNs busy
 alloc_contig_range: [fbc79, fbc7a) PFNs busy
-alloc_contig_range: [fbc79, fbc7a) PFNs busy
+alloc_contig_range: [fbc7a, fbc7b) PFNs busy
 alloc_contig_range: [fbc7b, fbc7c) PFNs busy
 alloc_contig_range: [fbc7c, fbc7d) PFNs busy
 alloc_contig_range: [fbc7d, fbc7e) PFNs busy
 alloc_contig_range: [fbc7e, fbc7f) PFNs busy
 alloc_contig_range: [fbc7f, fbc80) PFNs busy
 alloc_contig_range: [fbca1, fbca2) PFNs busy
-alloc_contig_range: [fbca2, fbca3) PFNs busy
-alloc_contig_range: [fbca3, fbca4) PFNs busy
-bash: cannot set terminal process group (-1): Inappropriate ioctl for device
-bash: no job control in this shell
-root@(none):/# [    3.099860] usb 1-3: new high-speed USB device number 3 using tegra-xusb
+uvcvideo: Found UVC 1.00 device HD WebCam (1bcf:2c67)
+input: HD WebCam: HD WebCam as /devices/soc0/70090000.usb/usb1/1-2/1-2:1.0/input/input5
+tegra-sor 54540000.sor: failed to probe output: -517
+panel-simple panel: panel supply power not found, using dummy regulator
+usb 1-3: new high-speed USB device number 3 using tegra-xusb
Diff for ./tegra132-norrin/tegra132-norrin/defconfig_log.txt
--- /tmp/fooa	2018-01-19 08:37:53.859014474 -0800
+++ /tmp/foob	2018-01-19 08:37:53.863014492 -0800
@@ -32,7 +32,7 @@
 MSENC clock is set to  79200 KHz
 Vde clock is set to 204000 KHz
 
-Bootloader-Cpu Init at (time stamp): 1801199 us
+Bootloader-Cpu Init at (time stamp): 1801581 us
 
 Pinmux changes applied in kernel way
 
@@ -60,25 +60,25 @@
 The proc BoardInfo: 0x0176:0x0001:0x01:0x43:0x00
 FastbootAddAtag: setting ATAG (0)
 
-Board Id Read Time: 4 us
+Board Id Read Time: 3 us
 Power Rail enable Time: 1 us
 
-Miscellaneous avp time: 1801172  us
-Bootloader (AosInit) time: 733545 us
-Bootloader Main Init time: 180193 us
-BlockDevMgrInit time: 157557 us
+Miscellaneous avp time: 1801555  us
+Bootloader (AosInit) time: 733478 us
+Bootloader Main Init time: 180230 us
+BlockDevMgrInit time: 157533 us
 PartMgrInit time: 8 us
-StorMgrInit time: 30 us
+StorMgrInit time: 31 us
 FsMgrInit time: 2 us
 Partition Table load: 77022 us 
-Display init time: 574588 us
-Kernel read time: 1560 msec
+Display init time: 574610 us
+Kernel read time: 1561 msec
 Load Kernel Size:   20688896 Bytes
-Bl Kernel ReadSpeed: 13262000 Bytes/sec
-Pre-Kernel Jump time: 4371825 us
-Clearing 32 Bit State and Warm resetting to 64bit mode: 9552913 us
+Bl Kernel ReadSpeed: 13253000 Bytes/sec
+Pre-Kernel Jump time: 4372297 us
+Clearing 32 Bit State and Warm resetting to 64bit mode: 9551334 us
 Booting Linux on physical CPU 0x0000000000 [0x4e0f0000]
-Linux version 4.15.0-rc8-next-20180117-346090-g1fec57a31e56 (jonathanh@tamien) (gcc version 4.9.2 20140904 (prerelease) (crosstool-NG linaro-1.13.1-4.9-2014.09 - Linaro GCC 4.9-2014.09)) #1 SMP PREEMPT Fri Jan 19 07:46:05 PST 2018
+Linux version 4.15.0-rc8-next-20180118-346523-ga362f6d2cdbd (jonathanh@tamien) (gcc version 4.9.2 20140904 (prerelease) (crosstool-NG linaro-1.13.1-4.9-2014.09 - Linaro GCC 4.9-2014.09)) #1 SMP PREEMPT Fri Jan 19 08:28:24 PST 2018
 Machine model: NVIDIA Tegra132 Norrin
 Memory limited to 1734MB
 efi: Getting EFI parameters from FDT:
@@ -140,9 +140,9 @@
 DMI not present or invalid.
 NET: Registered protocol family 16
 audit: initializing netlink subsys (disabled)
-audit: type=2000 audit(0.136:1): state=initialized audit_enabled=0 res=1
+audit: type=2000 audit(0.140:1): state=initialized audit_enabled=0 res=1
 cpuidle: using governor menu
-vdso: 2 pages (1 code @ 000000000b365f25, 1 data @ 000000005376bcdc)
+vdso: 2 pages (1 code @ 000000008e06a25e, 1 data @ 00000000b0a1c707)
 hw-breakpoint: found 6 breakpoint and 4 watchpoint registers.
 DMA: preallocated 256 KiB pool for atomic allocations
 Serial: AMBA PL011 UART driver
@@ -259,11 +259,11 @@
 usbcore: registered new interface driver usbhid
 usbhid: USB HID core driver
 mmc0: new high speed MMC card at address 0001
-NET: Registered protocol family 17
 mmcblk0: mmc0:0001 SEM16G 14.7 GiB 
+NET: Registered protocol family 17
 9pnet: Installing 9P2000 support
-Key type dns_resolver registered
 mmcblk0boot0: mmc0:0001 SEM16G partition 1 4.00 MiB
+Key type dns_resolver registered
 mmcblk0boot1: mmc0:0001 SEM16G partition 2 4.00 MiB
 registered taskstats version 1
 Loading compiled-in X.509 certificates
Diff for ./tegra186-p2771-0000/tegra186-p2771-0000/defconfig%jetson-tx2_log.txt
Binary files /tmp/fooa and /tmp/foob differ
Diff for ./tegra20-trimslice/tegra20-trimslice/multi_v7_defconfig_log.txt
--- /tmp/fooa	2018-01-19 08:37:53.883014585 -0800
+++ /tmp/foob	2018-01-19 08:37:53.883014585 -0800
@@ -19,7 +19,7 @@
 Out:   serial
 Err:   serial
 Net:   RTL8169#0
-Hit any key to stop autoboot:  2  0 
+Hit any key to stop autoboot:  2  1  0 
 Tegra20 (TrimSlice) # 
 Tegra20 (TrimSlice) # usb reset
 resetting USB...
@@ -47,10 +47,10 @@
 	 #################################################################
 	 #################################################################
 	 #################################################################
-	 #################################
-	 4 MiB/s
+	 ##################################
+	 3.7 MiB/s
 done
-Bytes transferred = 8114688 (7bd200 hex)
+Bytes transferred = 8118784 (7be200 hex)
 Tegra20 (TrimSlice) # tftpboot 0x02408000 tegra20-trimslice.dtb
 Using RTL8169#0 device
 TFTP from server 192.168.100.1; our IP address is 192.168.100.103
@@ -61,7 +61,7 @@
 done
 Bytes transferred = 21686 (54b6 hex)
 Tegra20 (TrimSlice) # bootz 0x00408000 - 0x02408000
-Kernel image @ 0x408000 [ 0x000000 - 0x7bd200 ]
+Kernel image @ 0x408000 [ 0x000000 - 0x7be200 ]
 ## Flattened Device Tree blob at 02408000
    Booting using the fdt blob at 0x2408000
    Using Device Tree in place at 02408000, end 024104b5
@@ -69,7 +69,7 @@
 Starting kernel ...
 
 Booting Linux on physical CPU 0x0
-Linux version 4.15.0-rc8-next-20180117-346090-g1fec57a31e56 (jonathanh@tamien) (gcc version 4.7.3 20130328 (prerelease) (crosstool-NG linaro-1.13.1-4.7-2013.04-20130415 - Linaro GCC 2013.04)) #1 SMP Fri Jan 19 07:39:53 PST 2018
+Linux version 4.15.0-rc8-next-20180118-346523-ga362f6d2cdbd (jonathanh@tamien) (gcc version 4.7.3 20130328 (prerelease) (crosstool-NG linaro-1.13.1-4.7-2013.04-20130415 - Linaro GCC 2013.04)) #1 SMP Fri Jan 19 08:22:20 PST 2018
 CPU: ARMv7 Processor [411fc090] revision 0 (ARMv7), cr=10c5387d
 CPU: PIPT / VIPT nonaliasing data cache, VIPT aliasing instruction cache
 OF: fdt: Machine model: Compulab TrimSlice board
@@ -270,7 +270,7 @@
 igb: Copyright (c) 2007-2014 Intel Corporation.
 r8169 Gigabit Ethernet driver 2.3LK-NAPI loaded
 r8169 0000:01:00.0: enabling device (0140 -> 0143)
-r8169 0000:01:00.0 eth0: RTL8168d/8111d at 0x655102e7, 00:01:c0:13:7d:63, XID 081000c0 IRQ 299
+r8169 0000:01:00.0 eth0: RTL8168d/8111d at 0x62618fd7, 00:01:c0:13:7d:63, XID 081000c0 IRQ 299
 r8169 0000:01:00.0 eth0: jumbo features [frames: 9200 bytes, tx checksumming: ko]
 pegasus: v0.9.3 (2013/04/25), Pegasus/Pegasus II USB Ethernet driver
 usbcore: registered new interface driver pegasus
@@ -345,14 +345,14 @@
 tegra-ehci c5000000.usb: new USB bus registered, assigned bus number 2
 tegra-ehci c5000000.usb: irq 291, io mem 0xc5000000
 usb 1-1: new high-speed USB device number 2 using tegra-ehci
-tegra-ehci c5000000.usb: USB 2.0 started, EHCI 1.00
-hub 2-0:1.0: USB hub found
 mmc1: new high speed SD card at address b368
 mmcblk1: mmc1:b368 NCard 1.83 GiB (ro)
+tegra-ehci c5000000.usb: USB 2.0 started, EHCI 1.00
+hub 2-0:1.0: USB hub found
+ mmcblk1: p1 p2
 hub 2-0:1.0: 1 port detected
 input: gpio-keys as /devices/soc0/gpio-keys/input/input0
 rtc-em3027 2-0056: hctosys: unable to read the hardware clock
- mmcblk1: p1 p2
 Waiting for root device PARTUUID=11eb23c1-01...
 hub 1-1:1.0: USB hub found
 hub 1-1:1.0: 4 ports detected
Diff for ./tegra20-trimslice/tegra20-trimslice/tegra_defconfig_log.txt
--- /tmp/fooa	2018-01-19 08:37:53.891014622 -0800
+++ /tmp/foob	2018-01-19 08:37:53.895014641 -0800
@@ -48,18 +48,18 @@
 	 ##################################
 	 4.1 MiB/s
 done
-Bytes transferred = 6213200 (5ece50 hex)
+Bytes transferred = 6213712 (5ed050 hex)
 Tegra20 (TrimSlice) # tftpboot 0x02408000 tegra20-trimslice.dtb
 Using RTL8169#0 device
 TFTP from server 192.168.100.1; our IP address is 192.168.100.103
 Filename 'tegra20-trimslice.dtb'.
 Load address: 0x2408000
 Loading: *##
-	 4.1 MiB/s
+	 3.4 MiB/s
 done
 Bytes transferred = 21686 (54b6 hex)
 Tegra20 (TrimSlice) # bootz 0x00408000 - 0x02408000
-Kernel image @ 0x408000 [ 0x000000 - 0x5ece50 ]
+Kernel image @ 0x408000 [ 0x000000 - 0x5ed050 ]
 ## Flattened Device Tree blob at 02408000
    Booting using the fdt blob at 0x2408000
    Using Device Tree in place at 02408000, end 024104b5
@@ -67,7 +67,7 @@
 Starting kernel ...
 
 Booting Linux on physical CPU 0x0
-Linux version 4.15.0-rc8-next-20180117-26141-g1fec57a (jonathanh@kaivo) (gcc version 4.7.3 20130328 (prerelease) (crosstool-NG linaro-1.13.1-4.7-2013.04-20130415 - Linaro GCC 2013.04)) #1 SMP PREEMPT Fri Jan 19 07:39:32 PST 2018
+Linux version 4.15.0-rc8-next-20180118-26574-ga362f6d (jonathanh@kaivo) (gcc version 4.7.3 20130328 (prerelease) (crosstool-NG linaro-1.13.1-4.7-2013.04-20130415 - Linaro GCC 2013.04)) #1 SMP PREEMPT Fri Jan 19 08:21:56 PST 2018
 CPU: ARMv7 Processor [411fc090] revision 0 (ARMv7), cr=10c5387d
 CPU: PIPT / VIPT nonaliasing data cache, VIPT aliasing instruction cache
 OF: fdt: Machine model: Compulab TrimSlice board
@@ -261,7 +261,7 @@
 igb: Copyright (c) 2007-2014 Intel Corporation.
 r8169 Gigabit Ethernet driver 2.3LK-NAPI loaded
 r8169 0000:01:00.0: enabling device (0140 -> 0143)
-r8169 0000:01:00.0 eth0: RTL8168d/8111d at 0x6fc8cecf, 00:01:c0:13:7d:63, XID 081000c0 IRQ 299
+r8169 0000:01:00.0 eth0: RTL8168d/8111d at 0xde3a0d23, 00:01:c0:13:7d:63, XID 081000c0 IRQ 299
 r8169 0000:01:00.0 eth0: jumbo features [frames: 9200 bytes, tx checksumming: ko]
 pegasus: v0.9.3 (2013/04/25), Pegasus/Pegasus II USB Ethernet driver
 usbcore: registered new interface driver pegasus
@@ -344,15 +344,15 @@
 hub 2-0:1.0: 1 port detected
 input: gpio-keys as /devices/soc0/gpio-keys/input/input0
 hub 1-1:1.0: USB hub found
-rtc-em3027 2-0056: hctosys: unable to read the hardware clock
 hub 1-1:1.0: 4 ports detected
+rtc-em3027 2-0056: hctosys: unable to read the hardware clock
 cfg80211: Loading compiled-in X.509 certificates for regulatory database
 cfg80211: Loaded X.509 cert 'sforshee: 00b28ddf47aef9cea7'
 platform regulatory.0: Direct firmware load for regulatory.db failed with error -2
 ALSA device list:
   #0: tegra-trimslice
-Waiting for root device PARTUUID=11eb23c1-01...
 cfg80211: failed to load regulatory.db
+Waiting for root device PARTUUID=11eb23c1-01...
 usb 1-1.2: new high-speed USB device number 3 using tegra-ehci
 mmc0: host does not support reading read-only switch, assuming write-enable
 mmc0: new high speed SDHC card at address b368
Diff for ./tegra210-p2371-0000/tegra210-p2371-0000/defconfig%jetson-tx1_log.txt
--- /tmp/fooa	2018-01-19 08:37:53.899014660 -0800
+++ /tmp/foob	2018-01-19 08:37:53.903014678 -0800
@@ -64,17 +64,17 @@
 Loading and Validation of Secure OS Successful
 NvTbootPackSdramParams: start. 
 NvTbootPackSdramParams: done. 
-Tegraboot started after 757347 us
-Basic modules init took 348716 us
+Tegraboot started after 737525 us
+Basic modules init took 348448 us
 Sec Bootdevice Read Time = 202 ms, Read Size = 8459 KB
-Next stage binary read took 14387 us
-Carveout took 252669 us
-CPU initialization took 92488 us
-Total time taken by TegraBoot 708260 us
+Next stage binary read took 14362 us
+Carveout took 252670 us
+CPU initialization took 92441 us
+Total time taken by TegraBoot 707921 us
 
 Starting CPU & Halting co-processor 
 
-64b[0001.596] LPDDR4 Training: Number of tables = 10
+64b[0001.576] LPDDR4 Training: Number of tables = 10
 EMC Training (SRC-freq: 204000; DST-freq: 408000)
 EMC Training Successful
 EMC Training (SRC-freq: 204000; DST-freq: 665600)
@@ -108,7 +108,7 @@
 Tegra210 (P2371-0000) # 
 Tegra210 (P2371-0000) # ums 0 mmc 0
 UMS: disk start sector: 0x0, count: 0x1d5a000
-|/-\|/-\/-\|/-\/-\|/-\/-\|/-\/-\|/-\/-\|/-\/-\|/-\/-\|/-\/-\|/-\/-\|/-\/-\|/-\/-\|/-\/-\|/-\/-\|/-\/-\|/-\/-\|/-\/-\|/-\/-\|/-\/-\|/-\/-\|/-\/-\|/-\/-\|/-\/-\|/-\/-\|/-\/-\|/-\/-\|/-\/-\|/-\/-\|/-\/-\|/-\/-\|/-\/-\|/-\/-\|/-\/-\|/-\/-\|/-\/-\|/-\/-\|/-\/-\|/-\/-\|/-\/-\|/-\/-\|/-\/-\|/-\/-\|/-\/-\|/-\/-\|/-\/-\|/-\/-\|/-\/-\|/-CTRL+C - Operation aborted
+|/-\|/-\/-\|/-\/-\|/-\/-\|/-\/-\|/-\/-\|/-\/-\|/-\/-\|/-\/-\|/-\/-\|/-\/-\|/-\/-\|/-\/-\|/-\/-\|/-\/-\|/-\/-\|/-\/-\|/-\/-\|/-\/-\|/-\/-\|/-\/-\|/-\/-\|/-\/-\|/-\/-\|/-\/-\|/-\/-\|/-\/-\|/-\/-\|/-\/-\|/-\/-\|/-\/-\|/-\/-\|/-\/-\|/-\/-\|/-\/-\|/-\/-\|/-\/-\|/-\/-\|/-\/-\|/-\/-\|/-\/-\|/-\/-\|/-\/-\|/-\/-\|/-\/-\|/-\/-\|/-\/-\|CTRL+C - Operation aborted
 Tegra210 (P2371-0000) # 
 Tegra210 (P2371-0000) # env set fdt_copy_node_names /cpus:/psci
 Tegra210 (P2371-0000) # setenv rootpart 1
@@ -117,11 +117,11 @@
 Tegra210 (P2371-0000) # part uuid ${devtype} ${devnum}:${rootpart} uuid
 Tegra210 (P2371-0000) # setenv bootargs ignore_loglevel console=ttyS0,115200n8 earlycon=uart8250,mmio32,0x70006000 rw root=PARTUUID=00000000-0001-0000-788f-a75600000000 rootwait debug earlyprintk init=/bin/bash
 Tegra210 (P2371-0000) # load ${devtype} ${devnum}:${rootpart} ${kernel_addr_r} /boot/Image.defconfig%jetson-tx1
-17453568 bytes read in 877 ms (19 MiB/s)
+17453568 bytes read in 882 ms (18.9 MiB/s)
 Tegra210 (P2371-0000) # load ${devtype} ${devnum}:${rootpart} ${fdt_addr_r} /boot/tegra210-p2371-0000.dtb
-44914 bytes read in 454 ms (95.7 KiB/s)
+44914 bytes read in 453 ms (96.7 KiB/s)
 Tegra210 (P2371-0000) # load ${devtype} ${devnum}:${rootpart} ${ramdisk_addr_r} /boot/tegra-ramdisk.img
-1627787 bytes read in 495 ms (3.1 MiB/s)
+1627787 bytes read in 494 ms (3.1 MiB/s)
 Tegra210 (P2371-0000) # ramdisk_size=${filesize}
 Tegra210 (P2371-0000) # booti ${kernel_addr_r} - ${fdt_addr_r}
 ## Flattened Device Tree blob at 82000000
@@ -131,7 +131,7 @@
 Starting kernel ...
 
 Booting Linux on physical CPU 0x0000000000 [0x411fd071]
-Linux version 4.15.0-rc8-next-20180117-26141-g1fec57a (jonathanh@kaivo) (gcc version 4.9.2 20140904 (prerelease) (crosstool-NG linaro-1.13.1-4.9-2014.09 - Linaro GCC 4.9-2014.09)) #1 SMP PREEMPT Fri Jan 19 07:43:36 PST 2018
+Linux version 4.15.0-rc8-next-20180118-228282-ga362f6d (jonathanh@sellafield) (gcc version 4.9.2 20140904 (prerelease) (crosstool-NG linaro-1.13.1-4.9-2014.09 - Linaro GCC 4.9-2014.09)) #1 SMP PREEMPT Fri Jan 19 08:26:02 PST 2018
 Machine model: NVIDIA Tegra210 P2371 (P2530/P2595) reference design
 debug: ignoring loglevel setting.
 earlycon: uart8250 at MMIO32 0x0000000070006000 (options '')
@@ -223,7 +223,7 @@
 audit: initializing netlink subsys (disabled)
 audit: type=2000 audit(0.284:1): state=initialized audit_enabled=0 res=1
 cpuidle: using governor menu
-vdso: 2 pages (1 code @ 00000000ca4feacc, 1 data @ 000000000cc62931)
+vdso: 2 pages (1 code @ 0000000073bd4769, 1 data @ 00000000cbe7eb46)
 hw-breakpoint: found 6 breakpoint and 4 watchpoint registers.
 DMA: preallocated 256 KiB pool for atomic allocations
 Serial: AMBA PL011 UART driver
Diff for ./tegra210-p2371-0000/tegra210-p2371-0000/defconfig_log.txt
--- /tmp/fooa	2018-01-19 08:37:53.907014697 -0800
+++ /tmp/foob	2018-01-19 08:37:53.911014715 -0800
@@ -64,17 +64,17 @@
 Loading and Validation of Secure OS Successful
 NvTbootPackSdramParams: start. 
 NvTbootPackSdramParams: done. 
-Tegraboot started after 794370 us
-Basic modules init took 349240 us
+Tegraboot started after 767549 us
+Basic modules init took 349063 us
 Sec Bootdevice Read Time = 202 ms, Read Size = 8459 KB
 Next stage binary read took 14367 us
-Carveout took 252662 us
-CPU initialization took 92471 us
-Total time taken by TegraBoot 708740 us
+Carveout took 252756 us
+CPU initialization took 92440 us
+Total time taken by TegraBoot 708626 us
 
 Starting CPU & Halting co-processor 
 
-64b[0001.633] LPDDR4 Training: Number of tables = 10
+64b[0001.606] LPDDR4 Training: Number of tables = 10
 EMC Training (SRC-freq: 204000; DST-freq: 408000)
 EMC Training Successful
 EMC Training (SRC-freq: 204000; DST-freq: 665600)
@@ -108,7 +108,7 @@
 Tegra210 (P2371-0000) # 
 Tegra210 (P2371-0000) # ums 0 mmc 0
 UMS: disk start sector: 0x0, count: 0x1d5a000
-|/-\|/-\/-\|/-\/-\|/-\/-\|/-\/-\|/-\/-\|/-\/-\|/-\/-\|/-\/-\|/-\/-\|/-\/-\|/-\/-CTRL+C - Operation aborted
+|/-\|/-\/-\|/-\/-\|/-\/-\|/-\/-\|/-\/-\|/-\/-\|/-\/-\|/-\/-\CTRL+C - Operation aborted
 Tegra210 (P2371-0000) # 
 Tegra210 (P2371-0000) # env set fdt_copy_node_names /cpus:/psci
 Tegra210 (P2371-0000) # setenv rootpart 1
@@ -117,9 +117,9 @@
 Tegra210 (P2371-0000) # part uuid ${devtype} ${devnum}:${rootpart} uuid
 Tegra210 (P2371-0000) # setenv bootargs ignore_loglevel console=ttyS0,115200n8 earlycon=uart8250,mmio32,0x70006000 rw root=PARTUUID=00000000-0001-0000-788f-a75600000000 rootwait debug earlyprintk init=/bin/bash
 Tegra210 (P2371-0000) # load ${devtype} ${devnum}:${rootpart} ${kernel_addr_r} /boot/Image.defconfig
-17189376 bytes read in 858 ms (19.1 MiB/s)
+17189376 bytes read in 852 ms (19.2 MiB/s)
 Tegra210 (P2371-0000) # load ${devtype} ${devnum}:${rootpart} ${fdt_addr_r} /boot/tegra210-p2371-0000.dtb
-44914 bytes read in 453 ms (96.7 KiB/s)
+44914 bytes read in 454 ms (95.7 KiB/s)
 Tegra210 (P2371-0000) # load ${devtype} ${devnum}:${rootpart} ${ramdisk_addr_r} /boot/tegra-ramdisk.img
 1627787 bytes read in 495 ms (3.1 MiB/s)
 Tegra210 (P2371-0000) # ramdisk_size=${filesize}
@@ -131,7 +131,7 @@
 Starting kernel ...
 
 Booting Linux on physical CPU 0x0000000000 [0x411fd071]
-Linux version 4.15.0-rc8-next-20180117-346090-g1fec57a31e56 (jonathanh@tamien) (gcc version 4.9.2 20140904 (prerelease) (crosstool-NG linaro-1.13.1-4.9-2014.09 - Linaro GCC 4.9-2014.09)) #1 SMP PREEMPT Fri Jan 19 07:46:05 PST 2018
+Linux version 4.15.0-rc8-next-20180118-346523-ga362f6d2cdbd (jonathanh@tamien) (gcc version 4.9.2 20140904 (prerelease) (crosstool-NG linaro-1.13.1-4.9-2014.09 - Linaro GCC 4.9-2014.09)) #1 SMP PREEMPT Fri Jan 19 08:28:24 PST 2018
 Machine model: NVIDIA Tegra210 P2371 (P2530/P2595) reference design
 debug: ignoring loglevel setting.
 earlycon: uart8250 at MMIO32 0x0000000070006000 (options '')
@@ -223,7 +223,7 @@
 audit: initializing netlink subsys (disabled)
 audit: type=2000 audit(0.284:1): state=initialized audit_enabled=0 res=1
 cpuidle: using governor menu
-vdso: 2 pages (1 code @ 00000000fedcf9a1, 1 data @ 000000007660cea9)
+vdso: 2 pages (1 code @ 000000009839e346, 1 data @ 000000005b8c4fdc)
 hw-breakpoint: found 6 breakpoint and 4 watchpoint registers.
 DMA: preallocated 256 KiB pool for atomic allocations
 Serial: AMBA PL011 UART driver
Diff for ./tegra210-p2371-2180/tegra210-p2371-2180/defconfig%jetson-tx1_log.txt
Binary files /tmp/fooa and /tmp/foob differ
Diff for ./tegra210-smaug/tegra210-smaug/defconfig_log.txt
--- /tmp/fooa	2018-01-19 08:37:53.927014790 -0800
+++ /tmp/foob	2018-01-19 08:37:53.931014808 -0800
@@ -1,5 +1,5 @@
 Booting Linux on physical CPU 0x0000000000 [0x411fd071]
-Linux version 4.15.0-rc8-next-20180117-346090-g1fec57a31e56 (jonathanh@tamien) (gcc version 4.9.2 20140904 (prerelease) (crosstool-NG linaro-1.13.1-4.9-2014.09 - Linaro GCC 4.9-2014.09)) #1 SMP PREEMPT Fri Jan 19 07:46:05 PST 2018
+Linux version 4.15.0-rc8-next-20180118-346523-ga362f6d2cdbd (jonathanh@tamien) (gcc version 4.9.2 20140904 (prerelease) (crosstool-NG linaro-1.13.1-4.9-2014.09 - Linaro GCC 4.9-2014.09)) #1 SMP PREEMPT Fri Jan 19 08:28:24 PST 2018
 Machine model: Google Pixel C
 efi: Getting EFI parameters from FDT:
 efi: UEFI not found.
@@ -99,7 +99,7 @@
 audit: initializing netlink subsys (disabled)
 audit: type=2000 audit(0.180:1): state=initialized audit_enabled=0 res=1
 cpuidle: using governor menu
-vdso: 2 pages (1 code @ 000000003a4be0df, 1 data @ 000000005fcb4e0c)
+vdso: 2 pages (1 code @ 000000003a73e0c1, 1 data @ 0000000088a9c791)
 hw-breakpoint: found 6 breakpoint and 4 watchpoint registers.
 DMA: preallocated 256 KiB pool for atomic allocations
 Serial: AMBA PL011 UART driver
@@ -254,12 +254,12 @@
 mmcblk0: mmc0:0001 BGND3R 29.1 GiB 
 mmcblk0boot0: mmc0:0001 BGND3R partition 1 4.00 MiB
 mmcblk0boot1: mmc0:0001 BGND3R partition 2 4.00 MiB
-max77686-rtc max77620-rtc: setting system clock to 2001-10-30 21:15:47 UTC (1004476547)
 mmcblk0rpmb: mmc0:0001 BGND3R partition 3 4.00 MiB, chardev (240:0)
-PP1200_AVDD: disabling
+max77686-rtc max77620-rtc: setting system clock to 2001-10-30 21:58:05 UTC (1004479085)
  mmcblk0: p1 p2 p3 p4 p5 p6 p7 p8 p9 p10 p11
-PP1200_RCAM: disabling
+PP1200_AVDD: disabling
 tegra-i2c 7000d100.i2c: could not find pctldev for node /host1x@50000000/dpaux@545c0000/pinmux-i2c, deferring probe
+PP1200_RCAM: disabling
 PP2800L_RCAM: disabling
 PP2800L_FCAM: disabling
 PP_LDO6: disabling
Diff for ./tegra30-beaver/tegra30-beaver/multi_v7_defconfig_log.txt
--- /tmp/fooa	2018-01-19 08:37:53.935014827 -0800
+++ /tmp/foob	2018-01-19 08:37:53.939014846 -0800
@@ -27,7 +27,6 @@
 Tegra30 (Beaver) # setenv bootargs 'ignore_loglevel console=ttyS0,115200n8 rw root=PARTUUID=edbe1840-3633-c751-7993-b0ac834f81e0 rootwait gpt debug noinitrd earlyprintk init=/bin/bash'
 Tegra30 (Beaver) # setenv ipaddr 192.168.100.101; setenv serverip 192.168.100.1; setenv tftpserverip 192.168.100.1
 Tegra30 (Beaver) # tftpboot 0x81000000 zImage.multi_v7_defconfig
-Waiting for Ethernet connection... done.
 Using asx0 device
 TFTP from server 192.168.100.1; our IP address is 192.168.100.101
 Filename 'zImage.multi_v7_defconfig'.
@@ -40,21 +39,21 @@
 	 #################################################################
 	 #################################################################
 	 #################################################################
-	 #################################
-	 2.9 MiB/s
+	 ##################################
+	 2.8 MiB/s
 done
-Bytes transferred = 8114688 (7bd200 hex)
+Bytes transferred = 8118784 (7be200 hex)
 Tegra30 (Beaver) # tftpboot 0x82000000 tegra30-beaver.dtb
 Using asx0 device
 TFTP from server 192.168.100.1; our IP address is 192.168.100.101
 Filename 'tegra30-beaver.dtb'.
 Load address: 0x82000000
 Loading: *####
-	 3.1 MiB/s
+	 2.6 MiB/s
 done
 Bytes transferred = 51470 (c90e hex)
 Tegra30 (Beaver) # bootz 0x81000000 - 0x82000000
-Kernel image @ 0x81000000 [ 0x000000 - 0x7bd200 ]
+Kernel image @ 0x81000000 [ 0x000000 - 0x7be200 ]
 ## Flattened Device Tree blob at 82000000
    Booting using the fdt blob at 0x82000000
    Loading Device Tree to 8fff0000, end 8ffff90d ... OK
@@ -62,7 +61,7 @@
 Starting kernel ...
 
 Booting Linux on physical CPU 0x0
-Linux version 4.15.0-rc8-next-20180117-346090-g1fec57a31e56 (jonathanh@tamien) (gcc version 4.7.3 20130328 (prerelease) (crosstool-NG linaro-1.13.1-4.7-2013.04-20130415 - Linaro GCC 2013.04)) #1 SMP Fri Jan 19 07:39:53 PST 2018
+Linux version 4.15.0-rc8-next-20180118-346523-ga362f6d2cdbd (jonathanh@tamien) (gcc version 4.7.3 20130328 (prerelease) (crosstool-NG linaro-1.13.1-4.7-2013.04-20130415 - Linaro GCC 2013.04)) #1 SMP Fri Jan 19 08:22:20 PST 2018
 CPU: ARMv7 Processor [412fc099] revision 9 (ARMv7), cr=10c5387d
 CPU: PIPT / VIPT nonaliasing data cache, VIPT aliasing instruction cache
 OF: fdt: Machine model: NVIDIA Tegra30 Beaver evaluation board
@@ -319,18 +318,18 @@
 sys_3v3,vdd_3v3_alw: supplied by vdd_5v_in
 sys_3v3_pexs: supplied by sys_3v3,vdd_3v3_alw
 +VDD_5V_HDMI: supplied by sys_3v3,vdd_3v3_alw
-tegra-pcie 3000.pcie: 2x3 configuration
-tegra-pcie 3000.pcie: probing port 0, using 2 lanes
-mmc0: new ultra high speed DDR50 SDHC card at address aaaa
-mmcblk0: mmc0:aaaa SS04G 3.69 GiB 
 mmc1: new high speed MMC card at address 0001
+tegra-pcie 3000.pcie: 2x3 configuration
 mmcblk1: mmc1:0001 SEM16G 14.8 GiB 
+tegra-pcie 3000.pcie: probing port 0, using 2 lanes
 mmcblk1boot0: mmc1:0001 SEM16G partition 1 1.00 MiB
 mmcblk1boot1: mmc1:0001 SEM16G partition 2 1.00 MiB
-tegra-pcie 3000.pcie: probing port 2, using 2 lanes
 mmcblk1rpmb: mmc1:0001 SEM16G partition 3 128 KiB, chardev (236:0)
 Primary GPT is invalid, using alternate GPT.
  mmcblk1: p1 p2 p3 p4 p5
+mmc0: new ultra high speed DDR50 SDHC card at address aaaa
+mmcblk0: mmc0:aaaa SS04G 3.69 GiB 
+tegra-pcie 3000.pcie: probing port 2, using 2 lanes
  mmcblk0: p1 p2 p3
 tegra-pcie 3000.pcie: link 2 down, retrying
 tegra-pcie 3000.pcie: link 2 down, retrying
@@ -377,7 +376,7 @@
 pcieport 0000:00:01.0: Signaling PME with IRQ 375
 r8169 Gigabit Ethernet driver 2.3LK-NAPI loaded
 r8169 0000:01:00.0: enabling device (0140 -> 0143)
-r8169 0000:01:00.0 eth0: RTL8168evl/8111evl at 0x4c509312, 02:04:4b:01:60:a6, XID 0c900800 IRQ 376
+r8169 0000:01:00.0 eth0: RTL8168evl/8111evl at 0x276e1482, 02:04:4b:01:60:a6, XID 0c900800 IRQ 376
 r8169 0000:01:00.0 eth0: jumbo features [frames: 9200 bytes, tx checksumming: ko]
 [drm] Supports vblank timestamp caching Rev 2 (21.10.2013).
 [drm] No driver support for vblank timestamp query.
@@ -403,10 +402,10 @@
 EXT4-fs (mmcblk1p1): warning: mounting fs with errors, running e2fsck is recommended
 EXT4-fs (mmcblk1p1): recovery complete
 EXT4-fs (mmcblk1p1): mounted filesystem with ordered data mode. Opts: (null)
-VFS: Mounted root (ext3 filesystem) on device 179:17.
+VFS: Mounted root (ext3 filesystem) on device 179:1.
 devtmpfs: mounted
 Freeing unused kernel memory: 2048K
 bash: cannot set terminal process group (-1): Inappropriate ioctl for device
 bash: no job control in this shell
-root@(none):/# [    4.094033] usb 2-1: new high-speed USB device number 2 using tegra-ehci
+root@(none):/# [    4.083646] usb 2-1: new high-speed USB device number 2 using tegra-ehci
 asix 2-1:1.0 eth1: register 'asix' at usb-7d008000.usb-1, ASIX AX88772 USB 2.0 Ethernet, 00:50:b6:0f:67:60
Diff for ./tegra30-beaver/tegra30-beaver/tegra_defconfig_log.txt
--- /tmp/fooa	2018-01-19 08:37:53.947014883 -0800
+++ /tmp/foob	2018-01-19 08:37:53.947014883 -0800
@@ -38,9 +38,9 @@
 	 #################################################################
 	 #################################################################
 	 ##################################
-	 3 MiB/s
+	 2.9 MiB/s
 done
-Bytes transferred = 6213200 (5ece50 hex)
+Bytes transferred = 6213712 (5ed050 hex)
 Tegra30 (Beaver) # tftpboot 0x82000000 tegra30-beaver.dtb
 Using asx0 device
 TFTP from server 192.168.100.1; our IP address is 192.168.100.101
@@ -51,7 +51,7 @@
 done
 Bytes transferred = 51470 (c90e hex)
 Tegra30 (Beaver) # bootz 0x81000000 - 0x82000000
-Kernel image @ 0x81000000 [ 0x000000 - 0x5ece50 ]
+Kernel image @ 0x81000000 [ 0x000000 - 0x5ed050 ]
 ## Flattened Device Tree blob at 82000000
    Booting using the fdt blob at 0x82000000
    Loading Device Tree to 8fff0000, end 8ffff90d ... OK
@@ -59,7 +59,7 @@
 Starting kernel ...
 
 Booting Linux on physical CPU 0x0
-Linux version 4.15.0-rc8-next-20180117-26141-g1fec57a (jonathanh@kaivo) (gcc version 4.7.3 20130328 (prerelease) (crosstool-NG linaro-1.13.1-4.7-2013.04-20130415 - Linaro GCC 2013.04)) #1 SMP PREEMPT Fri Jan 19 07:39:32 PST 2018
+Linux version 4.15.0-rc8-next-20180118-26574-ga362f6d (jonathanh@kaivo) (gcc version 4.7.3 20130328 (prerelease) (crosstool-NG linaro-1.13.1-4.7-2013.04-20130415 - Linaro GCC 2013.04)) #1 SMP PREEMPT Fri Jan 19 08:21:56 PST 2018
 CPU: ARMv7 Processor [412fc099] revision 9 (ARMv7), cr=10c5387d
 CPU: PIPT / VIPT nonaliasing data cache, VIPT aliasing instruction cache
 OF: fdt: Machine model: NVIDIA Tegra30 Beaver evaluation board
@@ -366,7 +366,7 @@
 pcieport 0000:00:01.0: Signaling PME with IRQ 375
 r8169 Gigabit Ethernet driver 2.3LK-NAPI loaded
 r8169 0000:01:00.0: enabling device (0140 -> 0143)
-r8169 0000:01:00.0 eth0: RTL8168evl/8111evl at 0x0fb7dda6, 02:04:4b:01:60:a6, XID 0c900800 IRQ 376
+r8169 0000:01:00.0 eth0: RTL8168evl/8111evl at 0x5659ff31, 02:04:4b:01:60:a6, XID 0c900800 IRQ 376
 r8169 0000:01:00.0 eth0: jumbo features [frames: 9200 bytes, tx checksumming: ko]
 [drm] Supports vblank timestamp caching Rev 2 (21.10.2013).
 [drm] No driver support for vblank timestamp query.
@@ -403,4 +403,4 @@
 Freeing unused kernel memory: 1024K
 bash: cannot set terminal process group (-1): Inappropriate ioctl for device
 bash: no job control in this shell
-root@(none):/# [    4.388623] usb 2-1: new high-speed USB device number 2 using tegra-ehci
+root@(none):/# [    4.378642] usb 2-1: new high-speed USB device number 2 using tegra-ehci
