
U-Boot SPL 2015.04-rc3-00209-ga74ef40 (Mar 16 2015 - 14:43:39)


U-Boot 2015.04-rc3-00209-ga74ef40 (Mar 16 2015 - 14:43:39)

TEGRA20
Model: Compulab TrimSlice board
DRAM:  1 GiB
MMC:   Tegra SD/MMC: 0, Tegra SD/MMC: 1
SF: Detected W25Q80BL with page size 256 Bytes, erase size 4 KiB, total 1 MiB
tegra-pcie: PCI regions:
tegra-pcie:   I/O: 0x82000000-0x82010000
tegra-pcie:   non-prefetchable memory: 0xa0000000-0xa8000000
tegra-pcie:   prefetchable memory: 0xa8000000-0xc0000000
tegra-pcie: dual-mode configuration
tegra-pcie: probing port 0, using 2 lanes
In:    serial
Out:   serial
Err:   serial
Net:   RTL8169#0
Hit any key to stop autoboot:  2  0 
Tegra20 (TrimSlice) # 
Tegra20 (TrimSlice) # usb reset
resetting USB...
USB0:   USB EHCI 1.00
scanning bus 0 for devices... 3 USB Device(s) found
USB1:   USB EHCI 1.00
scanning bus 1 for devices... 1 USB Device(s) found
USB2:   lowlevel init failed
       scanning usb for storage devices... 0 Storage Device(s) found
       scanning usb for ethernet devices... 
Warning: asx0 using MAC address from net device
1 Ethernet Device(s) found
Tegra20 (TrimSlice) # setenv bootargs 'ignore_loglevel console=ttyS0,115200n8 rw root=/dev/mmcblk0p1 rootwait gpt debug noinitrd earlyprintk init=/bin/bash'
Tegra20 (TrimSlice) # setenv ipaddr 192.168.100.103; setenv serverip 192.168.100.1; setenv tftpserverip 192.168.100.1
Tegra20 (TrimSlice) # tftpboot 0x00408000 zImage.multi_v7_defconfig
Using RTL8169#0 device
TFTP from server 192.168.100.1; our IP address is 192.168.100.103
Filename 'zImage.multi_v7_defconfig'.
Load address: 0x408000
Loading: *#################################################################
	 #################################################################
	 #################################################################
	 #################################################################
	 #################################################################
	 #################################################################
	 #############################################################
	 4 MiB/s
done
Bytes transferred = 6615352 (64f138 hex)
Tegra20 (TrimSlice) # tftpboot 0x02408000 tegra20-trimslice.dtb
Using RTL8169#0 device
TFTP from server 192.168.100.1; our IP address is 192.168.100.103
Filename 'tegra20-trimslice.dtb'.
Load address: 0x2408000
Loading: *##
	 4 MiB/s
done
Bytes transferred = 21130 (528a hex)
Tegra20 (TrimSlice) # bootz 0x00408000 - 0x02408000
Kernel image @ 0x408000 [ 0x000000 - 0x64f138 ]
## Flattened Device Tree blob at 02408000
   Booting using the fdt blob at 0x2408000
   Using Device Tree in place at 02408000, end 02410289

Starting kernel ...

[    0.000000] Booting Linux on physical CPU 0x0
[    0.000000] Linux version 4.4.0-rc5-next-20151215-61550-g0e4e0da (pwalmsley@sellafield) (gcc version 4.7.3 20130328 (prerelease) (crosstool-NG linaro-1.13.1-4.7-2013.04-20130415 - Linaro GCC 2013.04) ) #1 SMP Tue Dec 15 02:33:25 PST 2015
[    0.000000] CPU: ARMv7 Processor [411fc090] revision 0 (ARMv7), cr=10c5387d
[    0.000000] CPU: PIPT / VIPT nonaliasing data cache, VIPT aliasing instruction cache
[    0.000000] Machine model: Compulab TrimSlice board
[    0.000000] debug: ignoring loglevel setting.
[    0.000000] cma: Reserved 64 MiB at 0x3c000000
[    0.000000] Memory policy: Data cache writealloc
[    0.000000] On node 0 totalpages: 262144
[    0.000000] free_area_init_node: node 0, pgdat c1003a80, node_mem_map ef7f8000
[    0.000000]   DMA zone: 1536 pages used for memmap
[    0.000000]   DMA zone: 0 pages reserved
[    0.000000]   DMA zone: 196608 pages, LIFO batch:31
[    0.000000]   HighMem zone: 65536 pages, LIFO batch:15
[    0.000000] PERCPU: Embedded 13 pages/cpu @ef7c9000 s23232 r8192 d21824 u53248
[    0.000000] pcpu-alloc: s23232 r8192 d21824 u53248 alloc=13*4096
[    0.000000] pcpu-alloc: [0] 0 [0] 1 
[    0.000000] Built 1 zonelists in Zone order, mobility grouping on.  Total pages: 260608
[    0.000000] Kernel command line: ignore_loglevel console=ttyS0,115200n8 rw root=/dev/mmcblk0p1 rootwait gpt debug noinitrd earlyprintk init=/bin/bash
[    0.000000] PID hash table entries: 4096 (order: 2, 16384 bytes)
[    0.000000] Dentry cache hash table entries: 131072 (order: 7, 524288 bytes)
[    0.000000] Inode-cache hash table entries: 65536 (order: 6, 262144 bytes)
[    0.000000] Memory: 959128K/1048576K available (8346K kernel code, 1094K rwdata, 3852K rodata, 1028K init, 344K bss, 23912K reserved, 65536K cma-reserved, 196608K highmem)
[    0.000000] Virtual kernel memory layout:
[    0.000000]     vector  : 0xffff0000 - 0xffff1000   (   4 kB)
[    0.000000]     fixmap  : 0xffc00000 - 0xfff00000   (3072 kB)
[    0.000000]     vmalloc : 0xf0800000 - 0xff800000   ( 240 MB)
[    0.000000]     lowmem  : 0xc0000000 - 0xf0000000   ( 768 MB)
[    0.000000]     pkmap   : 0xbfe00000 - 0xc0000000   (   2 MB)
[    0.000000]     modules : 0xbf000000 - 0xbfe00000   (  14 MB)
[    0.000000]       .text : 0xc0208000 - 0xc0df2a50   (12203 kB)
[    0.000000]       .init : 0xc0df3000 - 0xc0ef4000   (1028 kB)
[    0.000000]       .data : 0xc0ef4000 - 0xc1005a00   (1095 kB)
[    0.000000]        .bss : 0xc1008000 - 0xc105e068   ( 345 kB)
[    0.000000] SLUB: HWalign=64, Order=0-3, MinObjects=0, CPUs=2, Nodes=1
[    0.000000] Hierarchical RCU implementation.
[    0.000000] 	Build-time adjustment of leaf fanout to 32.
[    0.000000] 	RCU restricting CPUs from NR_CPUS=16 to nr_cpu_ids=2.
[    0.000000] RCU: Adjusting geometry for rcu_fanout_leaf=32, nr_cpu_ids=2
[    0.000000] NR_IRQS:16 nr_irqs:16 16
[    0.000000] /interrupt-controller@60004000: 128 interrupts forwarded to /interrupt-controller@50041000
[    0.000000] L2C: platform modifies aux control register: 0x02080000 -> 0x3e480001
[    0.000000] L2C: DT/platform modifies aux control register: 0x02080000 -> 0x3e480001
[    0.000000] L2C-310 errata 727915 769419 enabled
[    0.000000] L2C-310 enabling early BRESP for Cortex-A9
[    0.000000] L2C-310: enabling full line of zeros but not enabled in Cortex-A9
[    0.000000] L2C-310 ID prefetch enabled, offset 1 lines
[    0.000000] L2C-310 cache controller enabled, 8 ways, 1024 kB
[    0.000000] L2C-310: CACHE_ID 0x410000c4, AUX_CTRL 0x7e480001
[    0.000010] sched_clock: 32 bits at 1000kHz, resolution 1000ns, wraps every 2147483647500ns
[    0.000027] clocksource: timer_us: mask: 0xffffffff max_cycles: 0xffffffff, max_idle_ns: 1911260446275 ns
[    0.000037] Switching to timer-based delay loop, resolution 1000ns
[    0.001565] Console: colour dummy device 80x30
[    0.001586] Calibrating delay loop (skipped), value calculated using timer frequency.. 2.00 BogoMIPS (lpj=5000)
[    0.001597] pid_max: default: 32768 minimum: 301
[    0.001681] Mount-cache hash table entries: 2048 (order: 1, 8192 bytes)
[    0.001690] Mountpoint-cache hash table entries: 2048 (order: 1, 8192 bytes)
[    0.002161] CPU: Testing write buffer coherency: ok
[    0.002342] CPU0: thread -1, cpu 0, socket 0, mpidr 80000000
[    0.002387] Setting up static identity map for 0x209000 - 0x209098
[    0.003786] Tegra Revision: A03 prime SKU: 8 CPU Process: 1 SoC Process: 2
[    0.004740] CPU1: thread -1, cpu 1, socket 0, mpidr 80000001
[    0.004798] Brought up 2 CPUs
[    0.004810] SMP: Total of 2 processors activated (4.00 BogoMIPS).
[    0.004816] CPU: All CPU(s) started in SVC mode.
[    0.005432] devtmpfs: initialized
[    0.009467] VFP support v0.3: implementor 41 architecture 3 part 30 variant 9 rev 1
[    0.009841] clocksource: jiffies: mask: 0xffffffff max_cycles: 0xffffffff, max_idle_ns: 9556302231375000 ns
[    0.013022] pinctrl core: initialized pinctrl subsystem
[    0.014228] NET: Registered protocol family 16
[    0.016499] DMA: preallocated 256 KiB pool for atomic coherent allocations
[    0.029923] cpuidle: using governor ladder
[    0.044921] cpuidle: using governor menu
[    0.055629] No ATAGs?
[    0.055658] hw-breakpoint: found 5 (+1 reserved) breakpoint and 1 watchpoint registers.
[    0.055666] hw-breakpoint: maximum watchpoint size is 4 bytes.
[    0.059037] Serial: AMBA PL011 UART driver
[    0.083406] usb1_vbus: Failed to request enable GPIO170: -517
[    0.083490] reg-fixed-voltage regulators:regulator@2: Failed to register regulator: -517
[    0.087304] vgaarb: loaded
[    0.087997] SCSI subsystem initialized
[    0.088119] libata version 3.00 loaded.
[    0.088336] usbcore: registered new interface driver usbfs
[    0.088383] usbcore: registered new interface driver hub
[    0.088424] usbcore: registered new device driver usb
[    0.090475] pps_core: LinuxPPS API ver. 1 registered
[    0.090483] pps_core: Software ver. 5.3.6 - Copyright 2005-2007 Rodolfo Giometti <giometti@linux.it>
[    0.090510] PTP clock support registered
[    0.090673] EDAC MC: Ver: 3.0.0
[    0.092534] clocksource: Switched to clocksource timer_us
[    0.100650] NET: Registered protocol family 2
[    0.101069] TCP established hash table entries: 8192 (order: 3, 32768 bytes)
[    0.101143] TCP bind hash table entries: 8192 (order: 4, 65536 bytes)
[    0.101257] TCP: Hash tables configured (established 8192 bind 8192)
[    0.101340] UDP hash table entries: 512 (order: 2, 16384 bytes)
[    0.101386] UDP-Lite hash table entries: 512 (order: 2, 16384 bytes)
[    0.101558] NET: Registered protocol family 1
[    0.101800] RPC: Registered named UNIX socket transport module.
[    0.101807] RPC: Registered udp transport module.
[    0.101813] RPC: Registered tcp transport module.
[    0.101818] RPC: Registered tcp NFSv4.1 backchannel transport module.
[    0.101833] PCI: CLS 0 bytes, default 64
[    0.102661] hw perfevents: enabled with armv7_cortex_a9 PMU driver, 7 counters available
[    0.103675] futex hash table entries: 512 (order: 3, 32768 bytes)
[    0.112249] squashfs: version 4.0 (2009/01/31) Phillip Lougher
[    0.112954] NFS: Registering the id_resolver key type
[    0.112986] Key type id_resolver registered
[    0.112992] Key type id_legacy registered
[    0.113039] ntfs: driver 2.1.32 [Flags: R/O].
[    0.114046] bounce: pool size: 64 pages
[    0.114203] Block layer SCSI generic (bsg) driver version 0.4 loaded (major 249)
[    0.114216] io scheduler noop registered
[    0.114225] io scheduler deadline registered
[    0.114253] io scheduler cfq registered (default)
[    0.124277] tegra-pcie 80003000.pcie-controller: dual-mode configuration
[    0.124853] tegra-pcie 80003000.pcie-controller: probing port 0, using 2 lanes
[    0.207064] tegra-pcie 80003000.pcie-controller: PCI host bridge to bus 0000:00
[    0.207076] pci_bus 0000:00: root bus resource [mem 0xa0000000-0xa7ffffff]
[    0.207085] pci_bus 0000:00: root bus resource [mem 0xa8000000-0xbfffffff pref]
[    0.207093] pci_bus 0000:00: root bus resource [bus 00-ff]
[    0.207101] pci_bus 0000:00: root bus resource [io  0x1000-0xffff]
[    0.207131] pci 0000:00:01.0: [10de:0bf0] type 01 class 0x060000
[    0.207189] pci 0000:00:01.0: PME# supported from D0 D1 D2 D3hot D3cold
[    0.207376] PCI: bus0: Fast back to back transfers disabled
[    0.207386] pci 0000:00:01.0: bridge configuration invalid ([bus 00-00]), reconfiguring
[    0.207519] pci 0000:01:00.0: [10ec:8168] type 00 class 0x020000
[    0.207569] pci 0000:01:00.0: reg 0x10: [io  0x0000-0x00ff]
[    0.207591] pci 0000:01:00.0: reg 0x18: [mem 0x00000000-0x00000fff 64bit pref]
[    0.207608] pci 0000:01:00.0: reg 0x20: [mem 0x00000000-0x00003fff 64bit pref]
[    0.207620] pci 0000:01:00.0: reg 0x30: [mem 0x00000000-0x0001ffff pref]
[    0.207696] pci 0000:01:00.0: supports D1 D2
[    0.207704] pci 0000:01:00.0: PME# supported from D0 D1 D2 D3hot D3cold
[    0.217560] PCI: bus1: Fast back to back transfers disabled
[    0.217572] pci_bus 0000:01: busn_res: [bus 01-ff] end is updated to 01
[    0.217584] Disabling cpuidle LP2 state, since PCIe IRQs are in use
[    0.217636] pci 0000:00:01.0: BAR 8: assigned [mem 0xa0000000-0xa00fffff]
[    0.217648] pci 0000:00:01.0: BAR 9: assigned [mem 0xa8000000-0xa80fffff 64bit pref]
[    0.217657] pci 0000:00:01.0: BAR 7: assigned [io  0x1000-0x1fff]
[    0.217669] pci 0000:01:00.0: BAR 6: assigned [mem 0xa0000000-0xa001ffff pref]
[    0.217679] pci 0000:01:00.0: BAR 4: assigned [mem 0xa8000000-0xa8003fff 64bit pref]
[    0.217696] pci 0000:01:00.0: BAR 2: assigned [mem 0xa8004000-0xa8004fff 64bit pref]
[    0.217711] pci 0000:01:00.0: BAR 0: assigned [io  0x1000-0x10ff]
[    0.217722] pci 0000:00:01.0: PCI bridge to [bus 01]
[    0.217730] pci 0000:00:01.0:   bridge window [io  0x1000-0x1fff]
[    0.217739] pci 0000:00:01.0:   bridge window [mem 0xa0000000-0xa00fffff]
[    0.217747] pci 0000:00:01.0:   bridge window [mem 0xa8000000-0xa80fffff 64bit pref]
[    0.217766] pci 0000:00:01.0: nv_msi_ht_cap_quirk didn't locate host bridge
[    0.217840] pcieport 0000:00:01.0: enabling device (0140 -> 0143)
[    0.217987] pcieport 0000:00:01.0: Signaling PME through PCIe PME interrupt
[    0.217996] pci 0000:01:00.0: Signaling PME through PCIe PME interrupt
[    0.218005] pcie_pme 0000:00:01.0:pcie01: service driver pcie_pme loaded
[    0.221843] tegra-apbdma 6000a000.dma: Tegra20 APB DMA driver register 16 channels
[    0.271455] Serial: 8250/16550 driver, 4 ports, IRQ sharing disabled
[    0.273370] SuperH (H)SCI(F) driver initialized
[    0.274077] msm_serial: driver initialized
[    0.274756] console [ttyS0] disabled
[    0.274789] 70006000.serial: ttyS0 at MMIO 0x70006000 (irq = 279, base_baud = 13500000) is a Tegra
[    1.225293] console [ttyS0] enabled
[    1.229346] STMicroelectronics ASC driver initialized
[    1.236098] [drm] Initialized drm 1.1.0 20060810
[    1.242116] 54280000.hdmi supply hdmi not found, using dummy regulator
[    1.251661] [drm] Supports vblank timestamp caching Rev 2 (21.10.2013).
[    1.258281] [drm] No driver support for vblank timestamp query.
[    1.264216] drm drm: No connectors reported connected with modes
[    1.270221] [drm] Cannot find any crtc or sizes - going 1024x768
[    1.292341] Console: switching to colour frame buffer device 128x48
[    1.307059] drm drm: fb0:  frame buffer device
[    1.322541] [drm] Initialized tegra 0.0.0 20120330 on minor 0
[    1.333525] loop: module loaded
[    1.341635] m25p80 spi32766.0: found s25fl008k, expected w25q80bl
[    1.347787] m25p80 spi32766.0: s25fl008k (1024 Kbytes)
[    1.355239] libphy: Fixed MDIO Bus: probed
[    1.359848] CAN device driver interface
[    1.364726] igb: Intel(R) Gigabit Ethernet Network Driver - version 5.3.0-k
[    1.371685] igb: Copyright (c) 2007-2014 Intel Corporation.
[    1.377808] r8169 Gigabit Ethernet driver 2.3LK-NAPI loaded
[    1.383405] r8169 0000:01:00.0: enabling device (0140 -> 0143)
[    1.389957] r8169 0000:01:00.0 eth0: RTL8168d/8111d at 0xf085e000, 00:01:c0:13:7d:63, XID 081000c0 IRQ 296
[    1.399613] r8169 0000:01:00.0 eth0: jumbo features [frames: 9200 bytes, tx checksumming: ko]
[    1.409995] pegasus: v0.9.3 (2013/04/25), Pegasus/Pegasus II USB Ethernet driver
[    1.417447] usbcore: registered new interface driver pegasus
[    1.423156] usbcore: registered new interface driver asix
[    1.428593] usbcore: registered new interface driver ax88179_178a
[    1.434723] usbcore: registered new interface driver cdc_ether
[    1.440605] usbcore: registered new interface driver smsc75xx
[    1.446407] usbcore: registered new interface driver smsc95xx
[    1.452190] usbcore: registered new interface driver net1080
[    1.457892] usbcore: registered new interface driver cdc_subset
[    1.463846] usbcore: registered new interface driver zaurus
[    1.469484] usbcore: registered new interface driver cdc_ncm
[    1.475431] tegra-phy c5004000.usb-phy: no vbus regulator
[    1.481920] tegra-phy c5008000.usb-phy: no vbus regulator
[    1.488553] ehci_hcd: USB 2.0 'Enhanced' Host Controller (EHCI) Driver
[    1.495088] ehci-pci: EHCI PCI platform driver
[    1.499574] ehci-platform: EHCI generic platform driver
[    1.504971] ehci-omap: OMAP-EHCI Host Controller driver
[    1.510308] ehci-orion: EHCI orion driver
[    1.514427] SPEAr-ehci: EHCI SPEAr driver
[    1.518551] ehci-st: EHCI STMicroelectronics driver
[    1.523538] ehci-exynos: EHCI EXYNOS driver
[    1.527854] ehci-atmel: EHCI Atmel driver
[    1.531958] tegra-ehci: Tegra EHCI driver
[    1.553738] ulpi_phy_power_on: ulpi write failed
[    1.558358] tegra-ehci c5004000.usb: Failed to power on the phy
[    1.564286] tegra-ehci: probe of c5004000.usb failed with error -110
[    1.573272] tegra-ehci c5008000.usb: EHCI Host Controller
[    1.578685] tegra-ehci c5008000.usb: new USB bus registered, assigned bus number 1
[    1.586494] tegra-ehci c5008000.usb: irq 290, io mem 0xc5008000
[    1.597549] tegra-ehci c5008000.usb: USB 2.0 started, EHCI 1.00
[    1.604083] hub 1-0:1.0: USB hub found
[    1.607861] hub 1-0:1.0: 1 port detected
[    1.612090] ohci_hcd: USB 1.1 'Open' Host Controller (OHCI) Driver
[    1.618286] ohci-pci: OHCI PCI platform driver
[    1.622794] ohci-platform: OHCI generic platform driver
[    1.628179] ohci-omap3: OHCI OMAP3 driver
[    1.632286] SPEAr-ohci: OHCI SPEAr driver
[    1.636405] ohci-st: OHCI STMicroelectronics driver
[    1.641389] ohci-atmel: OHCI Atmel driver
[    1.645860] usbcore: registered new interface driver usb-storage
[    1.653082] mousedev: PS/2 mouse device common for all mice
[    1.660597] rtc-em3027 2-0056: rtc core: registered rtc-em3027 as rtc0
[    1.668311] tegra_rtc 7000e000.rtc: rtc core: registered 7000e000.rtc as rtc1
[    1.675474] tegra_rtc 7000e000.rtc: Tegra internal Real Time Clock
[    1.682069] i2c /dev entries driver
[    1.692632] sdhci: Secure Digital Host Controller Interface driver
[    1.698811] sdhci: Copyright(c) Pierre Ossman
[    1.704341] Synopsys Designware Multimedia Card Interface Driver
[    1.711179] sdhci-pltfm: SDHCI platform and OF driver helper
[    1.717657] mmc0: Invalid maximum block size, assuming 512 bytes
[    1.752550] mmc0: SDHCI controller on c8000000.sdhci [c8000000.sdhci] using ADMA
[    1.760048] sdhci-tegra c8000600.sdhci: Got CD GPIO
[    1.764939] sdhci-tegra c8000600.sdhci: Got WP GPIO
[    1.769964] mmc1: Invalid maximum block size, assuming 512 bytes
[    1.802627] mmc1: SDHCI controller on c8000600.sdhci [c8000600.sdhci] using ADMA
[    1.811203] ledtrig-cpu: registered to indicate activity on CPUs
[    1.817509] usbcore: registered new interface driver usbhid
[    1.823083] usbhid: USB HID core driver
[    1.830749] NET: Registered protocol family 10
[    1.835872] sit: IPv6 over IPv4 tunneling driver
[    1.840994] NET: Registered protocol family 17
[    1.845457] can: controller area network core (rev 20120528 abi 9)
[    1.851680] NET: Registered protocol family 29
[    1.856132] can: raw protocol (rev 20120528)
[    1.860405] can: broadcast manager protocol (rev 20120528 t)
[    1.866071] can: netlink gateway (rev 20130117) max_hops=1
[    1.871893] Key type dns_resolver registered
[    1.876551] ThumbEE CPU extension supported.
[    1.880839] Registering SWP/SWPB emulation handler
[    1.890377] utmi_phy_clk_enable: timeout waiting for phy to stabilize
[    1.896847] tegra-ehci c5000000.usb: EHCI Host Controller
[    1.902279] tegra-ehci c5000000.usb: new USB bus registered, assigned bus number 2
[    1.910165] tegra-ehci c5000000.usb: irq 288, io mem 0xc5000000
[    1.927557] usb 1-1: new high-speed USB device number 2 using tegra-ehci
[    1.936101] mmc0: host does not support reading read-only switch, assuming write-enable
[    1.944126] tegra-ehci c5000000.usb: USB 2.0 started, EHCI 1.00
[    1.950160] mmc0: new high speed SDHC card at address b368
[    1.956233] mmcblk0: mmc0:b368 NCard 3.70 GiB 
[    1.956281] hub 2-0:1.0: USB hub found
[    1.956309] hub 2-0:1.0: 1 port detected
[    1.957159] input: gpio-keys as /devices/soc0/gpio-keys/input/input0
[    1.960686] rtc-em3027 2-0056: setting system clock to 2014-12-27 03:01:19 UTC (1419649279)
[    1.985022]  mmcblk0: p1
[    1.988603] EXT4-fs (mmcblk0p1): mounting ext3 file system using the ext4 subsystem
[    2.007240] mmc1: new high speed SD card at address b368
[    2.012886] mmcblk1: mmc1:b368 NCard 1.83 GiB (ro)
[    2.020675]  mmcblk1: p1 p2
[    2.073858] hub 1-1:1.0: USB hub found
[    2.077769] hub 1-1:1.0: 4 ports detected
[    2.082474] EXT4-fs (mmcblk0p1): recovery complete
[    2.087292] EXT4-fs (mmcblk0p1): mounted filesystem with ordered data mode. Opts: (null)
[    2.095417] VFS: Mounted root (ext3 filesystem) on device 179:1.
[    2.105352] devtmpfs: mounted
[    2.109466] Freeing unused kernel memory: 1028K (c0df3000 - c0ef4000)
bash: cannot set terminal process group (-1): Inappropriate ioctl for device
bash: no job control in this shell
[    2.367632] usb 1-1.2: new high-speed USB device number 3 using tegra-ehci
root@(none):/# 