

U-Boot 2011.03 (Jun 11 2013 - 06:07:37)

T114
Board: NVIDIA Dalmore
DRAM:  2 GiB
MMC:   Tegra2 SD/MMC: 0, Tegra2 SD/MMC: 1
In:    serial
Out:   serial
Err:   serial
Net:   Net Initialization Skipped
No ethernet found.
Hit any key to stop autoboot:  2  0 
Dalmore #
Dalmore #usb reset
(Re)start USB...
USB:   Register 10011 NbrPorts 1
USB EHCI 1.10
scanning bus for devices... 2 USB Device(s) found
       scanning bus for storage devices... 0 Storage Device(s) found
       scanning bus for ethernet devices... 1 Ethernet Device(s) found
Dalmore #setenv bootargs 'ignore_loglevel console=ttyS0,115200n8 rw root=/dev/mmcblk0p1 rootwait gpt init=/bin/bash'
Dalmore #setenv ipaddr 192.168.100.100; setenv serverip 192.168.100.1; setenv tftpserverip 192.168.100.1
Dalmore #tftpboot 0x81000000 zImage.tegra_defconfig
Waiting for Ethernet connection... done.
Using asx0 device
TFTP from server 192.168.100.1; our IP address is 192.168.100.100
Filename 'zImage.tegra_defconfig'.
Load address: 0x81000000
Loading: *#################################################  2.8 MiB/s
done
Bytes transferred = 4497848 (44a1b8 hex)
Dalmore #tftpboot 0x82000000 tegra114-dalmore.dtb
Using asx0 device
TFTP from server 192.168.100.1; our IP address is 192.168.100.100
Filename 'tegra114-dalmore.dtb'.
Load address: 0x82000000
Loading: *#################################################  2.5 MiB/s
done
Bytes transferred = 29265 (7251 hex)
Dalmore #bootz 0x81000000 - 0x82000000
## Flattened Device Tree blob at 82000000
   Booting using the fdt blob at 0x82000000
   Loading Device Tree to 81ff5000, end 81fff250 ... OK

Starting kernel ...

Timer summary in microseconds:
       Mark    Elapsed  Stage
          0          0  awake
  2,357,213  2,357,213  usb_start
  6,360,265  4,003,052  eth_start
  6,360,263         -2  tftp start
 10,394,712  4,034,449  tftp done
 12,372,418  1,977,706  start_kernel
Uncompressing Linux... done, booting the kernel.
[    0.000000] Booting Linux on physical CPU 0x0
[    0.000000] Initializing cgroup subsys cpu
[    0.000000] Initializing cgroup subsys cpuacct
[    0.000000] Linux version 3.12.0-rc2-next-20130925-13669-g050f4da (pwalmsley@tamien) (gcc version 4.5.1 (Sourcery G++ Lite 2010.09-50) ) #1 SMP PREEMPT Tue Sep 24 22:18:05 PDT 2013
[    0.000000] CPU: ARMv7 Processor [412fc0f2] revision 2 (ARMv7), cr=10c5387d
[    0.000000] CPU: PIPT / VIPT nonaliasing data cache, PIPT instruction cache
[    0.000000] Machine: NVIDIA Tegra SoC (Flattened Device Tree), model: NVIDIA Tegra114 Dalmore evaluation board
[    0.000000] debug: ignoring loglevel setting.
[    0.000000] cma: CMA: reserved 16 MiB at ae800000
[    0.000000] Memory policy: ECC disabled, Data cache writealloc
[    0.000000] On node 0 totalpages: 524032
[    0.000000] free_area_init_node: node 0, pgdat c0855540, node_mem_map c08ad000
[    0.000000]   Normal zone: 1520 pages used for memmap
[    0.000000]   Normal zone: 0 pages reserved
[    0.000000]   Normal zone: 194560 pages, LIFO batch:31
[    0.000000]   HighMem zone: 2574 pages used for memmap
[    0.000000]   HighMem zone: 329472 pages, LIFO batch:31
[    0.000000] Tegra Revision: A01 SKU: 0 CPU Process: 1 Core Process: 1
[    0.000000] PERCPU: Embedded 8 pages/cpu @c18c5000 s9088 r8192 d15488 u32768
[    0.000000] pcpu-alloc: s9088 r8192 d15488 u32768 alloc=8*4096
[    0.000000] pcpu-alloc: [0] 0 [0] 1 [0] 2 [0] 3 
[    0.000000] Built 1 zonelists in Zone order, mobility grouping on.  Total pages: 522512
[    0.000000] Kernel command line: ignore_loglevel console=ttyS0,115200n8 rw root=/dev/mmcblk0p1 rootwait gpt init=/bin/bash
[    0.000000] PID hash table entries: 4096 (order: 2, 16384 bytes)
[    0.000000] Dentry cache hash table entries: 131072 (order: 7, 524288 bytes)
[    0.000000] Inode-cache hash table entries: 65536 (order: 6, 262144 bytes)
[    0.000000] Memory: 2053372K/2096128K available (6124K kernel code, 306K rwdata, 1828K rodata, 236K init, 343K bss, 42756K reserved, 1317888K highmem)
[    0.000000] Virtual kernel memory layout:
[    0.000000]     vector  : 0xffff0000 - 0xffff1000   (   4 kB)
[    0.000000]     fixmap  : 0xfff00000 - 0xfffe0000   ( 896 kB)
[    0.000000]     vmalloc : 0xf0000000 - 0xff000000   ( 240 MB)
[    0.000000]     lowmem  : 0xc0000000 - 0xef800000   ( 760 MB)
[    0.000000]     pkmap   : 0xbfe00000 - 0xc0000000   (   2 MB)
[    0.000000]     modules : 0xbf000000 - 0xbfe00000   (  14 MB)
[    0.000000]       .text : 0xc0008000 - 0xc07cc6cc   (7954 kB)
[    0.000000]       .init : 0xc07cd000 - 0xc0808380   ( 237 kB)
[    0.000000]       .data : 0xc080a000 - 0xc0856b80   ( 307 kB)
[    0.000000]        .bss : 0xc0856b8c - 0xc08aca9c   ( 344 kB)
[    0.000000] Preemptible hierarchical RCU implementation.
[    0.000000] NR_IRQS:16 nr_irqs:16 16
[    0.000000] sched_clock: 32 bits at 1000kHz, resolution 1000ns, wraps every 2147483648000ns
[    0.000000] Architected cp15 timer(s) running at 12.00MHz (virt).
[    0.000000] Switching to timer-based delay loop
[    0.000000] sched_clock: ARM arch timer >56 bits at 12000kHz, resolution 83ns
[    0.000000] Console: colour dummy device 80x30
[   12.392049] Calibrating delay loop (skipped), value calculated using timer frequency.. 24.00 BogoMIPS (lpj=120000)
[   12.392066] pid_max: default: 32768 minimum: 301
[   12.392502] Mount-cache hash table entries: 512
[   12.411074] Initializing cgroup subsys debug
[   12.411093] Initializing cgroup subsys freezer
[   12.411153] CPU: Testing write buffer coherency: ok
[   12.411521] /cpus/cpu@0 missing clock-frequency property
[   12.411548] /cpus/cpu@1 missing clock-frequency property
[   12.411574] /cpus/cpu@2 missing clock-frequency property
[   12.411601] /cpus/cpu@3 missing clock-frequency property
[   12.411613] CPU0: thread -1, cpu 0, socket 0, mpidr 80000000
[   12.411640] Setting up static identity map for 0xc05d3230 - 0xc05d32c8
[   12.472073] CPU1: Booted secondary processor
[   12.472101] CPU1: thread -1, cpu 1, socket 0, mpidr 80000001
[   12.492014] CPU2: Booted secondary processor
[   12.492039] CPU2: thread -1, cpu 2, socket 0, mpidr 80000002
[   12.511946] CPU3: Booted secondary processor
[   12.511970] CPU3: thread -1, cpu 3, socket 0, mpidr 80000003
[   12.512080] Brought up 4 CPUs
[   12.512108] SMP: Total of 4 processors activated.
[   12.512116] CPU: All CPU(s) started in SVC mode.
[   12.513147] devtmpfs: initialized
[   12.526129] VFP support v0.3: implementor 41 architecture 4 part 30 variant f rev 0
[   12.526516] pinctrl core: initialized pinctrl subsystem
[   12.527034] regulator-dummy: no parameters
[   12.530239] NET: Registered protocol family 16
[   12.531544] DMA: preallocated 256 KiB pool for atomic coherent allocations
[   12.532325] cpuidle: using governor ladder
[   12.532337] cpuidle: using governor menu
[   12.543409] No ATAGs?
[   12.543439] hw-breakpoint: found 5 (+1 reserved) breakpoint and 4 watchpoint registers.
[   12.543449] hw-breakpoint: maximum watchpoint size is 8 bytes.
[   12.554839] bio: create slab <bio-0> at 0
[   12.556327] vdd_ac_bat: 5000 mV 
[   12.556651] dvdd_ts: Failed to request enable GPIO61: -517
[   12.556809] reg-fixed-voltage 1.regulator: Failed to register regulator: -517
[   12.556834] platform 1.regulator: Driver reg-fixed-voltage requests probe deferral
[   12.557032] lcd_bl_en: Failed to request enable GPIO58: -517
[   12.557175] reg-fixed-voltage 2.regulator: Failed to register regulator: -517
[   12.557197] platform 2.regulator: Driver reg-fixed-voltage requests probe deferral
[   12.557396] usb1_vbus: Failed to request enable GPIO108: -517
[   12.557537] reg-fixed-voltage 3.regulator: Failed to register regulator: -517
[   12.557559] platform 3.regulator: Driver reg-fixed-voltage requests probe deferral
[   12.557756] usb2_vbus: Failed to request enable GPIO86: -517
[   12.557898] reg-fixed-voltage 4.regulator: Failed to register regulator: -517
[   12.557919] platform 4.regulator: Driver reg-fixed-voltage requests probe deferral
[   12.558116] vdd_hdmi_5v0: Failed to request enable GPIO81: -517
[   12.558257] reg-fixed-voltage 5.regulator: Failed to register regulator: -517
[   12.558279] platform 5.regulator: Driver reg-fixed-voltage requests probe deferral
[   12.558358] platform 6.regulator: Driver reg-fixed-voltage requests probe deferral
[   12.559375] vgaarb: loaded
[   12.560469] SCSI subsystem initialized
[   12.560869] usbcore: registered new interface driver usbfs
[   12.560987] usbcore: registered new interface driver hub
[   12.561150] usbcore: registered new device driver usb
[   12.565042] vdd-cpu: 500 <--> 1520 mV at 1100 mV 
[   12.565692] tps65090 1-0048: No cache defaults, reading back from HW
[   12.572071] vdd-sys-5v0: no parameters
[   12.572120] vdd-sys-5v0: supplied by vdd_ac_bat
[   12.573562] vdd-sys-3v3: no parameters
[   12.573612] vdd-sys-3v3: supplied by vdd_ac_bat
[   12.575043] vdd-ao: no parameters
[   12.575081] vdd-ao: supplied by vdd_ac_bat
[   12.575341] vdd-lcd-bl: no parameters
[   12.575377] vdd-lcd-bl: supplied by vdd_ac_bat
[   12.575630] TPS65090_RAILSFET2: no parameters
[   12.575666] TPS65090_RAILSFET2: supplied by vdd_ac_bat
[   12.575916] vdd-modem-3v3: no parameters
[   12.575952] vdd-modem-3v3: supplied by vdd-sys-3v3
[   12.576228] avdd-lcd: no parameters
[   12.576261] avdd-lcd: supplied by vdd-sys-3v3
[   12.576510] vdd-lvds: no parameters
[   12.576543] vdd-lvds: supplied by vdd-sys-3v3
[   12.576792] vdd-sd-slot: no parameters
[   12.576838] vdd-sd-slot: supplied by vdd-sys-3v3
[   12.577102] vdd-com-3v3: no parameters
[   12.577136] vdd-com-3v3: supplied by vdd-sys-3v3
[   12.577376] vdd-sby-5v0: no parameters
[   12.577409] vdd-sby-5v0: supplied by vdd_ac_bat
[   12.577673] vdd-sby-3v3: no parameters
[   12.577706] vdd-sby-3v3: supplied by vdd_ac_bat
[   12.578068] genirq: Setting trigger mode 8 for irq 118 failed (gic_set_type+0x0/0xf0)
[   12.578499] palmas 1-0058: Irq flag is 0x00000000
[   12.592786] palmas 1-0058: Muxing GPIO ff, PWM 0, LED 0
[   12.601746] vddio-ddr: 1350 mV 
[   12.602588] vddio-ddr: supplied by vdd-ao
[   12.609538] vddio-1v8: 1800 mV 
[   12.610376] vddio-1v8: supplied by vdd-ao
[   12.617312] vdd-core: 900 <--> 1400 mV at 1100 mV 
[   12.618150] vdd-core: supplied by vdd-sys-3v3
[   12.622353] SMPS6: no parameters
[   12.630046] avdd-pll: 1050 mV 
[   12.630891] avdd-pll: supplied by vdd-sys-3v3
[   12.639199] sdhci-vdd-sd-slot: 2800 mV 
[   12.640040] sdhci-vdd-sd-slot: supplied by vdd-sys-3v3
[   12.641874] SMPS10_OUT2: at 5000 mV 
[   12.643684] SMPS10_OUT1: at 5000 mV 
[   12.646293] avdd-cam1: 2800 mV 
[   12.647132] avdd-cam1: supplied by vdd-sys-3v3
[   12.651157] avdd-cam2: 2800 mV 
[   12.651995] avdd-cam2: supplied by vdd-sys-3v3
[   12.656772] avdd-dsi-csi: 1200 mV 
[   12.657607] avdd-dsi-csi: supplied by vddio-1v8
[   12.662407] vpp-fuse: 1800 mV 
[   12.663244] vpp-fuse: supplied by vdd-sys-3v3
[   12.666462] LDO5: at 1200 mV 
[   12.667305] LDO5: supplied by vdd_ac_bat
[   12.669949] vdd-sensor-2v85: 2850 mV 
[   12.670789] vdd-sensor-2v85: supplied by vdd-sys-3v3
[   12.674791] vdd-af-cam1: 2800 mV 
[   12.675631] vdd-af-cam1: supplied by vdd-sys-3v3
[   12.683722] vdd-rtc: 900 mV 
[   12.684558] vdd-rtc: supplied by vdd-ao
[   12.688564] vddio-sdmmc-2: 1800 <--> 3300 mV at 3300 mV 
[   12.689401] vddio-sdmmc-2: supplied by sdhci-vdd-sd-slot
[   12.694205] hvdd-usb: 3300 mV 
[   12.695044] hvdd-usb: supplied by vdd-sys-5v0
[   12.699820] avdd-usb: 3300 mV 
[   12.700660] avdd-usb: supplied by vdd-sys-5v0
[   12.703950] rail-3v3: no parameters
[   12.706318] rail-5v0: no parameters
[   12.707905] REGEN3: no parameters
[   12.708128] SYSEN1: no parameters
[   12.708321] SYSEN2: no parameters
[   12.708959] Linux video capture interface: v2.00
[   12.709659] platform 7000f010.iommu: Driver tegra-smmu requests probe deferral
[   12.709979] Advanced Linux Sound Architecture Driver Initialized.
[   12.710773] Bluetooth: Core ver 2.16
[   12.710845] NET: Registered protocol family 31
[   12.710853] Bluetooth: HCI device and connection manager initialized
[   12.710879] Bluetooth: HCI socket layer initialized
[   12.710901] Bluetooth: L2CAP socket layer initialized
[   12.710950] Bluetooth: SCO socket layer initialized
[   12.711690] cfg80211: Calling CRDA to update world regulatory domain
[   12.712705] Switched to clocksource arch_sys_counter
[   12.726773] NET: Registered protocol family 2
[   12.727690] TCP established hash table entries: 8192 (order: 4, 65536 bytes)
[   12.727894] TCP bind hash table entries: 8192 (order: 4, 65536 bytes)
[   12.728071] TCP: Hash tables configured (established 8192 bind 8192)
[   12.728517] TCP: reno registered
[   12.728534] UDP hash table entries: 512 (order: 2, 16384 bytes)
[   12.728577] UDP-Lite hash table entries: 512 (order: 2, 16384 bytes)
[   12.728991] NET: Registered protocol family 1
[   12.729715] RPC: Registered named UNIX socket transport module.
[   12.729726] RPC: Registered udp transport module.
[   12.729734] RPC: Registered tcp transport module.
[   12.729742] RPC: Registered tcp NFSv4.1 backchannel transport module.
[   12.729754] PCI: CLS 0 bytes, default 64
[   12.733562] bounce pool size: 64 pages
[   12.735256] squashfs: version 4.0 (2009/01/31) Phillip Lougher
[   12.736067] msgmni has been set to 1468
[   12.737783] io scheduler noop registered (default)
[   12.761577] tegra-apbdma 6000a000.dma: Tegra20 APB DMA driver register 32 channels
[   12.762124] Serial: 8250/16550 driver, 4 ports, IRQ sharing disabled
[   12.764250] 70006300.serial: ttyS0 at MMIO 0x70006300 (irq = 122, base_baud = 25500000) is a Tegra
[   13.793088] console [ttyS0] enabled
[   13.797442] [drm] Initialized drm 1.1.0 20060810
[   13.807878] loop: module loaded
[   13.813873] m25p80 spi32766.0: w25q32dw (4096 Kbytes)
[   13.820788] pegasus: v0.9.3 (2013/04/25), Pegasus/Pegasus II USB Ethernet driver
[   13.828241] usbcore: registered new interface driver pegasus
[   13.833970] usbcore: registered new interface driver asix
[   13.839425] usbcore: registered new interface driver ax88179_178a
[   13.845552] usbcore: registered new interface driver cdc_ether
[   13.851443] usbcore: registered new interface driver r815x
[   13.857000] usbcore: registered new interface driver smsc75xx
[   13.862821] usbcore: registered new interface driver smsc95xx
[   13.868629] usbcore: registered new interface driver net1080
[   13.874331] usbcore: registered new interface driver cdc_subset
[   13.880300] usbcore: registered new interface driver zaurus
[   13.885943] usbcore: registered new interface driver cdc_ncm
[   13.891631] ehci_hcd: USB 2.0 'Enhanced' Host Controller (EHCI) Driver
[   13.898136] ehci-pci: EHCI PCI platform driver
[   13.902624] tegra-ehci: Tegra EHCI driver
[   13.906811] platform 7d008000.usb: Driver tegra-ehci requests probe deferral
[   13.914125] usbcore: registered new interface driver cdc_acm
[   13.919768] cdc_acm: USB Abstract Control Model driver for USB modems and ISDN adapters
[   13.927795] usbcore: registered new interface driver cdc_wdm
[   13.933531] usbcore: registered new interface driver usb-storage
[   13.939754] platform 7d008000.usb-phy: Driver tegra-phy requests probe deferral
[   13.947709] mousedev: PS/2 mouse device common for all mice
[   13.965271] palmas-rtc rtc.7: rtc core: registered rtc.7 as rtc0
[   13.975666] tegra_rtc 7000e000.rtc: rtc core: registered 7000e000.rtc as rtc1
[   13.982808] tegra_rtc 7000e000.rtc: Tegra internal Real Time Clock
[   13.990367] sbs-battery 0-000b: sbs_probe: Failed to get device status
[   13.996872] sbs-battery: probe of 0-000b failed with error -121
[   14.006507] sdhci: Secure Digital Host Controller Interface driver
[   14.012672] sdhci: Copyright(c) Pierre Ossman
[   14.017004] sdhci-pltfm: SDHCI platform and OF driver helper
[   14.023070] sdhci-tegra 78000400.sdhci: Got CD GPIO #170.
[   14.029519] sdhci-tegra 78000400.sdhci: dummy supplies not allowed
[   14.035664] mmc0: no vqmmc regulator found
[   14.039762] sdhci-tegra 78000400.sdhci: dummy supplies not allowed
[   14.045907] mmc0: no vmmc regulator found
[   14.049910] mmc0: Invalid maximum block size, assuming 512 bytes
[   14.097169] mmc0: SDHCI controller on 78000400.sdhci [78000400.sdhci] using ADMA
[   14.106726] sdhci-tegra 78000600.sdhci: dummy supplies not allowed
[   14.112892] mmc1: no vqmmc regulator found
[   14.116972] sdhci-tegra 78000600.sdhci: dummy supplies not allowed
[   14.123131] mmc1: no vmmc regulator found
[   14.127132] mmc1: Invalid maximum block size, assuming 512 bytes
[   14.176846] mmc1: SDHCI controller on 78000600.sdhci [78000600.sdhci] using ADMA
[   14.184915] usbcore: registered new interface driver usbhid
[   14.192517] usbhid: USB HID core driver
[   14.308569] mmc1: BKOPS_EN bit is not set
[   14.338974] mmc1: new HS200 MMC card at address 0001
[   14.344513] mmcblk0: mmc1:0001 SEM32G 29.1 GiB 
[   14.349368] mmcblk0boot0: mmc1:0001 SEM32G partition 1 4.00 MiB
[   14.355580] mmcblk0boot1: mmc1:0001 SEM32G partition 2 4.00 MiB
[   14.361776] mmcblk0rpmb: mmc1:0001 SEM32G partition 3 4.00 MiB
[   14.370080] Primary GPT is invalid, using alternate GPT.
[   14.375386]  mmcblk0: p1 p2 p3 p4 p5
[   14.382308]  mmcblk0boot1: unknown partition table
[   14.388749]  mmcblk0boot0: unknown partition table
[   14.636536] tegra-snd-rt5640 sound.4:  rt5640-aif1 <-> 70080400.i2s mapping ok
[   14.648575] input: NVIDIA Tegra Dalmore Headphones as /devices/soc0/sound.4/sound/card0/input0
[   14.658823] TCP: cubic registered
[   14.662407] NET: Registered protocol family 10
[   14.668255] mip6: Mobile IPv6
[   14.671210] sit: IPv6 over IPv4 tunneling driver
[   14.677592] NET: Registered protocol family 17
[   14.682055] NET: Registered protocol family 15
[   14.686671] Bluetooth: RFCOMM socket layer initialized
[   14.691782] Bluetooth: RFCOMM ver 1.11
[   14.695528] Bluetooth: BNEP (Ethernet Emulation) ver 1.3
[   14.700826] Bluetooth: BNEP socket layer initialized
[   14.705777] Bluetooth: HIDP (Human Interface Emulation) ver 1.2
[   14.711680] Bluetooth: HIDP socket layer initialized
[   14.717263] Registering SWP/SWPB emulation handler
[   14.726689] hvdd-usb: disabling
[   14.732211] vdd-af-cam1: disabling
[   14.738310] vdd-sensor-2v85: disabling
[   14.744556] LDO5: disabling
[   14.750019] vpp-fuse: disabling
[   14.755659] avdd-cam2: disabling
[   14.761552] avdd-cam1: disabling
[   14.768600] vdd-com-3v3: disabling
[   14.772579] vdd-lvds: disabling
[   14.776314] avdd-lcd: disabling
[   14.780040] vdd-lcd-bl: disabling
[   14.784525] dvdd_ts: 1800 mV 
[   14.788073] lcd_bl_en: 5000 mV 
[   14.791608] usb1_vbus: 5000 mV 
[   14.794874] usb1_vbus: supplied by vdd-sys-5v0
[   14.799806] usb2_vbus: 5000 mV 
[   14.802982] usb2_vbus: supplied by vdd-sys-5v0
[   14.807808] vdd_hdmi_5v0: 5000 mV 
[   14.811222] vdd_hdmi_5v0: supplied by vdd-sys-5v0
[   14.818298] vdd_cam_1v8_reg: 1800 mV 
[   14.822503] platform 7d008000.usb: Driver tegra-ehci requests probe deferral
[   14.830301] tegra-ehci 7d008000.usb: EHCI Host Controller
[   14.835717] tegra-ehci 7d008000.usb: new USB bus registered, assigned bus number 1
[   14.844335] tegra-ehci 7d008000.usb: irq 129, io mem 0x7d008000
[   14.864209] tegra-ehci 7d008000.usb: USB 2.0 started, EHCI 1.10
[   14.871530] hub 1-0:1.0: USB hub found
[   14.875370] hub 1-0:1.0: 1 port detected
[   14.880815] input: gpio-keys.2 as /devices/soc0/gpio-keys.2/input/input1
[   14.892108] palmas-rtc rtc.7: setting system clock to 2000-02-19 12:26:58 UTC (950963218)
[   14.915464] ALSA device list:
[   14.918425]   #0: NVIDIA Tegra Dalmore
[   14.947368] kjournald starting.  Commit interval 5 seconds
[   14.954305] EXT3-fs (mmcblk0p1): using internal journal
[   14.959523] EXT3-fs (mmcblk0p1): recovery complete
[   14.964319] EXT3-fs (mmcblk0p1): mounted filesystem with writeback data mode
[   14.971407] VFS: Mounted root (ext3 filesystem) on device 179:1.
[   14.979016] devtmpfs: mounted
[   14.982251] Freeing unused kernel memory: 236K (c07cd000 - c0808000)
bash: cannot set terminal process group (-1): Inappropriate ioctl for device
bash: no job control in this shell
I have no name!@(none):/# [   15.192950] usb 1-1: new high-speed USB device number 2 using tegra-ehci
