
U-Boot SPL 2014.01-00219-gc4d376f (Feb 18 2014 - 19:57:18)


U-Boot 2014.01-00219-gc4d376f (Feb 18 2014 - 19:57:18)

TEGRA30
Board: NVIDIA Beaver
I2C:   ready
DRAM:  2 GiB
MMC:   Tegra SD/MMC: 0, Tegra SD/MMC: 1
In:    serial
Out:   serial
Err:   serial
Net:   Net Initialization Skipped
No ethernet found.
Hit any key to stop autoboot:  2  0 
Tegra30 (Beaver) # 
Tegra30 (Beaver) # usb reset
(Re)start USB...
USB0:   USB EHCI 1.00
scanning bus 0 for devices... 2 USB Device(s) found
       scanning usb for storage devices... 0 Storage Device(s) found
       scanning usb for ethernet devices... 
Warning: asx0 using MAC address from net device
1 Ethernet Device(s) found
Tegra30 (Beaver) # setenv bootargs 'ignore_loglevel console=ttyS0,115200n8 rw root=/dev/mmcblk0p1 rootwait gpt debug noinitrd earlyprintk init=/bin/bash'
Tegra30 (Beaver) # setenv ipaddr 192.168.100.101; setenv serverip 192.168.100.1; setenv tftpserverip 192.168.100.1
Tegra30 (Beaver) # tftpboot 0x81000000 zImage.multi_v7_defconfig
Using asx0 device
TFTP from server 192.168.100.1; our IP address is 192.168.100.101
Filename 'zImage.multi_v7_defconfig'.
Load address: 0x81000000
Loading: *#################################################################
	 #################################################################
	 #################################################################
	 #################################################################
	 #################################################################
	 #################################################################
	 #################################################################
	 ########
	 3.3 MiB/s
done
Bytes transferred = 6782472 (677e08 hex)
Tegra30 (Beaver) # tftpboot 0x82000000 tegra30-beaver.dtb
Using asx0 device
TFTP from server 192.168.100.1; our IP address is 192.168.100.101
Filename 'tegra30-beaver.dtb'.
Load address: 0x82000000
Loading: *####
	 3.1 MiB/s
done
Bytes transferred = 51467 (c90b hex)
Tegra30 (Beaver) # bootz 0x81000000 - 0x82000000
Kernel image @ 0x81000000 [ 0x000000 - 0x677e08 ]
## Flattened Device Tree blob at 82000000
   Booting using the fdt blob at 0x82000000
   Loading Device Tree to 8fff0000, end 8ffff90a ... OK

Starting kernel ...

[    0.000000] Booting Linux on physical CPU 0x0
[    0.000000] Linux version 4.5.0-rc1-next-20160127-68615-g725e000 (pwalmsley@sellafield) (gcc version 4.7.3 20130328 (prerelease) (crosstool-NG linaro-1.13.1-4.7-2013.04-20130415 - Linaro GCC 2013.04) ) #1 SMP Thu Jan 28 03:09:59 PST 2016
[    0.000000] CPU: ARMv7 Processor [412fc099] revision 9 (ARMv7), cr=10c5387d
[    0.000000] CPU: PIPT / VIPT nonaliasing data cache, VIPT aliasing instruction cache
[    0.000000] Machine model: NVIDIA Tegra30 Beaver evaluation board
[    0.000000] debug: ignoring loglevel setting.
[    0.000000] cma: Reserved 64 MiB at 0xfb800000
[    0.000000] Memory policy: Data cache writealloc
[    0.000000] On node 0 totalpages: 524032
[    0.000000] free_area_init_node: node 0, pgdat c1072540, node_mem_map eeff8000
[    0.000000]   DMA zone: 1536 pages used for memmap
[    0.000000]   DMA zone: 0 pages reserved
[    0.000000]   DMA zone: 196608 pages, LIFO batch:31
[    0.000000]   HighMem zone: 327424 pages, LIFO batch:31
[    0.000000] PERCPU: Embedded 13 pages/cpu @eef8f000 s22912 r8192 d22144 u53248
[    0.000000] pcpu-alloc: s22912 r8192 d22144 u53248 alloc=13*4096
[    0.000000] pcpu-alloc: [0] 0 [0] 1 [0] 2 [0] 3 
[    0.000000] Built 1 zonelists in Zone order, mobility grouping on.  Total pages: 522496
[    0.000000] Kernel command line: ignore_loglevel console=ttyS0,115200n8 rw root=/dev/mmcblk0p1 rootwait gpt debug noinitrd earlyprintk init=/bin/bash
[    0.000000] PID hash table entries: 4096 (order: 2, 16384 bytes)
[    0.000000] Dentry cache hash table entries: 131072 (order: 7, 524288 bytes)
[    0.000000] Inode-cache hash table entries: 65536 (order: 6, 262144 bytes)
[    0.000000] Memory: 1997788K/2096128K available (8499K kernel code, 1113K rwdata, 4048K rodata, 1104K init, 345K bss, 32804K reserved, 65536K cma-reserved, 1244160K highmem)
[    0.000000] Virtual kernel memory layout:
[    0.000000]     vector  : 0xffff0000 - 0xffff1000   (   4 kB)
[    0.000000]     fixmap  : 0xffc00000 - 0xfff00000   (3072 kB)
[    0.000000]     vmalloc : 0xf0800000 - 0xff800000   ( 240 MB)
[    0.000000]     lowmem  : 0xc0000000 - 0xf0000000   ( 768 MB)
[    0.000000]     pkmap   : 0xbfe00000 - 0xc0000000   (   2 MB)
[    0.000000]     modules : 0xbf000000 - 0xbfe00000   (  14 MB)
[    0.000000]       .text : 0xc0208000 - 0xc0e49e6c   (12552 kB)
[    0.000000]       .init : 0xc0e4a000 - 0xc0f5e000   (1104 kB)
[    0.000000]       .data : 0xc0f5e000 - 0xc10744c0   (1114 kB)
[    0.000000]        .bss : 0xc1077000 - 0xc10cd5e0   ( 346 kB)
[    0.000000] SLUB: HWalign=64, Order=0-3, MinObjects=0, CPUs=4, Nodes=1
[    0.000000] Hierarchical RCU implementation.
[    0.000000] 	Build-time adjustment of leaf fanout to 32.
[    0.000000] 	RCU restricting CPUs from NR_CPUS=16 to nr_cpu_ids=4.
[    0.000000] RCU: Adjusting geometry for rcu_fanout_leaf=32, nr_cpu_ids=4
[    0.000000] NR_IRQS:16 nr_irqs:16 16
[    0.000000] /interrupt-controller@60004000: 160 interrupts forwarded to /interrupt-controller@50041000
[    0.000000] L2C: platform modifies aux control register: 0x02080000 -> 0x3e480001
[    0.000000] L2C: DT/platform modifies aux control register: 0x02080000 -> 0x3e480001
[    0.000000] L2C-310 erratum 769419 enabled
[    0.000000] L2C-310 enabling early BRESP for Cortex-A9
[    0.000000] L2C-310: enabling full line of zeros but not enabled in Cortex-A9
[    0.000000] L2C-310 dynamic clock gating enabled, standby mode enabled
[    0.000000] L2C-310 cache controller enabled, 8 ways, 1024 kB
[    0.000000] L2C-310: CACHE_ID 0x410000c7, AUX_CTRL 0x4e480001
[    0.000014] sched_clock: 32 bits at 1000kHz, resolution 1000ns, wraps every 2147483647500ns
[    0.000031] clocksource: timer_us: mask: 0xffffffff max_cycles: 0xffffffff, max_idle_ns: 1911260446275 ns
[    0.000040] Switching to timer-based delay loop, resolution 1000ns
[    0.002959] Console: colour dummy device 80x30
[    0.002985] Calibrating delay loop (skipped), value calculated using timer frequency.. 2.00 BogoMIPS (lpj=5000)
[    0.002994] pid_max: default: 32768 minimum: 301
[    0.003081] Mount-cache hash table entries: 2048 (order: 1, 8192 bytes)
[    0.003089] Mountpoint-cache hash table entries: 2048 (order: 1, 8192 bytes)
[    0.003515] CPU: Testing write buffer coherency: ok
[    0.003801] CPU0: thread -1, cpu 0, socket 0, mpidr 80000000
[    0.003867] Setting up static identity map for 0x80209000 - 0x80209098
[    0.006163] Tegra Revision: A03 SKU: 128 CPU Process: 4 SoC Process: 0
[    0.007406] CPU1: thread -1, cpu 1, socket 0, mpidr 80000001
[    0.008056] CPU2: thread -1, cpu 2, socket 0, mpidr 80000002
[    0.008702] CPU3: thread -1, cpu 3, socket 0, mpidr 80000003
[    0.008746] Brought up 4 CPUs
[    0.008759] SMP: Total of 4 processors activated (8.00 BogoMIPS).
[    0.008764] CPU: All CPU(s) started in SVC mode.
[    0.009334] devtmpfs: initialized
[    0.017424] VFP support v0.3: implementor 41 architecture 3 part 30 variant 9 rev 4
[    0.018128] clocksource: jiffies: mask: 0xffffffff max_cycles: 0xffffffff, max_idle_ns: 9556302231375000 ns
[    0.021641] pinctrl core: initialized pinctrl subsystem
[    0.023215] NET: Registered protocol family 16
[    0.025422] DMA: preallocated 256 KiB pool for atomic coherent allocations
[    0.039931] cpuidle: using governor menu
[    0.048411] No ATAGs?
[    0.048445] hw-breakpoint: found 5 (+1 reserved) breakpoint and 1 watchpoint registers.
[    0.048452] hw-breakpoint: maximum watchpoint size is 4 bytes.
[    0.051659] Serial: AMBA PL011 UART driver
[    0.052833] tegra-mc 7000f000.memory-controller: no memory timings for RAM code 3 registered
[    0.073095] vdd_5v_sata: Failed to request enable GPIO30: -517
[    0.073168] reg-fixed-voltage regulators:regulator@3: Failed to register regulator: -517
[    0.073279] usb1_vbus: Failed to request enable GPIO238: -517
[    0.073328] reg-fixed-voltage regulators:regulator@4: Failed to register regulator: -517
[    0.073437] usb3_vbus: Failed to request enable GPIO236: -517
[    0.073485] reg-fixed-voltage regulators:regulator@5: Failed to register regulator: -517
[    0.073643] sys_3v3_pexs: Failed to request enable GPIO95: -517
[    0.073692] reg-fixed-voltage regulators:regulator@7: Failed to register regulator: -517
[    0.075813] vgaarb: loaded
[    0.076458] SCSI subsystem initialized
[    0.076579] libata version 3.00 loaded.
[    0.076770] usbcore: registered new interface driver usbfs
[    0.076809] usbcore: registered new interface driver hub
[    0.076843] usbcore: registered new device driver usb
[    0.131742] pps_core: LinuxPPS API ver. 1 registered
[    0.131751] pps_core: Software ver. 5.3.6 - Copyright 2005-2007 Rodolfo Giometti <giometti@linux.it>
[    0.131767] PTP clock support registered
[    0.131920] EDAC MC: Ver: 3.0.0
[    0.133543] clocksource: Switched to clocksource timer_us
[    0.139606] NET: Registered protocol family 2
[    0.139999] TCP established hash table entries: 8192 (order: 3, 32768 bytes)
[    0.140053] TCP bind hash table entries: 8192 (order: 4, 65536 bytes)
[    0.140136] TCP: Hash tables configured (established 8192 bind 8192)
[    0.140224] UDP hash table entries: 512 (order: 2, 16384 bytes)
[    0.140283] UDP-Lite hash table entries: 512 (order: 2, 16384 bytes)
[    0.140459] NET: Registered protocol family 1
[    0.140741] RPC: Registered named UNIX socket transport module.
[    0.140748] RPC: Registered udp transport module.
[    0.140753] RPC: Registered tcp transport module.
[    0.140757] RPC: Registered tcp NFSv4.1 backchannel transport module.
[    0.140781] PCI: CLS 0 bytes, default 64
[    0.141545] hw perfevents: enabled with armv7_cortex_a9 PMU driver, 7 counters available
[    0.142522] futex hash table entries: 1024 (order: 4, 65536 bytes)
[    0.148978] squashfs: version 4.0 (2009/01/31) Phillip Lougher
[    0.149493] NFS: Registering the id_resolver key type
[    0.149529] Key type id_resolver registered
[    0.149535] Key type id_legacy registered
[    0.149587] ntfs: driver 2.1.32 [Flags: R/O].
[    0.150456] bounce: pool size: 64 pages
[    0.150586] Block layer SCSI generic (bsg) driver version 0.4 loaded (major 249)
[    0.150599] io scheduler noop registered
[    0.150608] io scheduler deadline registered
[    0.150631] io scheduler cfq registered (default)
[    0.156006] tegra30-pinctrl 70000868.pinmux: invalid group "sdmmc3_dat6_pd3" for function "rsvd1"
[    0.156021] tegra30-pinctrl 70000868.pinmux: invalid group "sdmmc3_dat7_pd4" for function "rsvd1"
[    0.156035] tegra30-pinctrl 70000868.pinmux: invalid group "vi_vsync_pd6" for function "rsvd1"
[    0.156045] tegra30-pinctrl 70000868.pinmux: invalid group "vi_hsync_pd7" for function "rsvd1"
[    0.156501] tegra30-pinctrl 70000868.pinmux: invalid group "hdmi_int_pn7" for function "rsvd1"
[    0.156543] tegra30-pinctrl 70000868.pinmux: invalid group "ulpi_data3_po4" for function "rsvd1"
[    0.156864] tegra30-pinctrl 70000868.pinmux: invalid group "vi_d10_pt2" for function "rsvd1"
[    0.156877] tegra30-pinctrl 70000868.pinmux: invalid group "vi_d11_pt3" for function "rsvd1"
[    0.156889] tegra30-pinctrl 70000868.pinmux: invalid group "vi_d0_pt4" for function "rsvd1"
[    0.156928] tegra30-pinctrl 70000868.pinmux: invalid group "pu0" for function "rsvd1"
[    0.156958] tegra30-pinctrl 70000868.pinmux: invalid group "pu3" for function "rsvd1"
[    0.156988] tegra30-pinctrl 70000868.pinmux: invalid group "pu6" for function "rsvd1"
[    0.157028] tegra30-pinctrl 70000868.pinmux: invalid group "pv3" for function "rsvd1"
[    0.157515] tegra30-pinctrl 70000868.pinmux: invalid group "pbb0" for function "rsvd1"
[    0.157629] tegra30-pinctrl 70000868.pinmux: invalid group "pcc1" for function "rsvd1"
[    0.162909] tegra-pcie 3000.pcie-controller: 2x3 configuration
[    0.163024] vdd_1v5_gen: supplied by vdd_5v_in
[    0.163067] vdd_pexa,vdd_pexb: supplied by vdd_1v5_gen
[    0.163165] tegra-pcie 3000.pcie-controller: Failed to get supply 'hvdd-pex': -517
[    0.167226] tegra-apbdma 6000a000.dma: Tegra20 APB DMA driver register 32 channels
[    0.168278] tegra-pmc 7000e400.pmc: i2c-thermtrip node not found, emergency thermal reset disabled.
[    0.201355] Serial: 8250/16550 driver, 4 ports, IRQ sharing disabled
[    0.203477] console [ttyS0] disabled
[    0.203514] 70006000.serial: ttyS0 at MMIO 0x70006000 (irq = 331, base_baud = 25500000) is a Tegra
[    1.119319] console [ttyS0] enabled
[    1.123310] SuperH (H)SCI(F) driver initialized
[    1.128431] msm_serial: driver initialized
[    1.132653] STMicroelectronics ASC driver initialized
[    1.139361] [drm] Initialized drm 1.1.0 20060810
[    1.145260] tegra-hdmi 54280000.hdmi: failed to get HDMI regulator
[    1.159281] brd: module loaded
[    1.166273] loop: module loaded
[    1.174306] m25p80 spi32766.1: w25q32 (4096 Kbytes)
[    1.181201] libphy: Fixed MDIO Bus: probed
[    1.185723] CAN device driver interface
[    1.190692] igb: Intel(R) Gigabit Ethernet Network Driver - version 5.3.0-k
[    1.197646] igb: Copyright (c) 2007-2014 Intel Corporation.
[    1.204975] pegasus: v0.9.3 (2013/04/25), Pegasus/Pegasus II USB Ethernet driver
[    1.212415] usbcore: registered new interface driver pegasus
[    1.218110] usbcore: registered new interface driver asix
[    1.223539] usbcore: registered new interface driver ax88179_178a
[    1.229651] usbcore: registered new interface driver cdc_ether
[    1.235521] usbcore: registered new interface driver smsc75xx
[    1.241300] usbcore: registered new interface driver smsc95xx
[    1.247066] usbcore: registered new interface driver net1080
[    1.252744] usbcore: registered new interface driver cdc_subset
[    1.258683] usbcore: registered new interface driver zaurus
[    1.264308] usbcore: registered new interface driver cdc_ncm
[    1.271352] ehci_hcd: USB 2.0 'Enhanced' Host Controller (EHCI) Driver
[    1.277883] ehci-pci: EHCI PCI platform driver
[    1.282362] ehci-platform: EHCI generic platform driver
[    1.287711] ehci-omap: OMAP-EHCI Host Controller driver
[    1.293011] ehci-orion: EHCI orion driver
[    1.297097] SPEAr-ehci: EHCI SPEAr driver
[    1.301183] ehci-st: EHCI STMicroelectronics driver
[    1.306135] ehci-exynos: EHCI EXYNOS driver
[    1.310409] ehci-atmel: EHCI Atmel driver
[    1.314495] tegra-ehci: Tegra EHCI driver
[    1.318838] ohci_hcd: USB 1.1 'Open' Host Controller (OHCI) Driver
[    1.325028] ohci-pci: OHCI PCI platform driver
[    1.329503] ohci-platform: OHCI generic platform driver
[    1.334831] ohci-omap3: OHCI OMAP3 driver
[    1.338917] SPEAr-ohci: OHCI SPEAr driver
[    1.343001] ohci-st: OHCI STMicroelectronics driver
[    1.347957] ohci-atmel: OHCI Atmel driver
[    1.352298] usbcore: registered new interface driver usb-storage
[    1.359311] mousedev: PS/2 mouse device common for all mice
[    1.366976] tegra_rtc 7000e000.rtc: rtc core: registered 7000e000.rtc as rtc1
[    1.374143] tegra_rtc 7000e000.rtc: Tegra internal Real Time Clock
[    1.392856] tps65910-rtc tps65910-rtc: rtc core: registered tps65910-rtc as rtc0
[    1.400455] i2c /dev entries driver
[    1.410449] sdhci: Secure Digital Host Controller Interface driver
[    1.416630] sdhci: Copyright(c) Pierre Ossman
[    1.421894] Synopsys Designware Multimedia Card Interface Driver
[    1.428537] sdhci-pltfm: SDHCI platform and OF driver helper
[    1.434716] sdhci-tegra 78000000.sdhci: Got CD GPIO
[    1.439601] sdhci-tegra 78000000.sdhci: Got WP GPIO
[    1.445620] mmc0: Invalid maximum block size, assuming 512 bytes
[    1.483613] mmc0: SDHCI controller on 78000000.sdhci [78000000.sdhci] using ADMA
[    1.494239] mmc1: Invalid maximum block size, assuming 512 bytes
[    1.533548] mmc1: SDHCI controller on 78000600.sdhci [78000600.sdhci] using ADMA
[    1.542095] ledtrig-cpu: registered to indicate activity on CPUs
[    1.548330] usbcore: registered new interface driver usbhid
[    1.553898] usbhid: USB HID core driver
[    1.560716] NET: Registered protocol family 10
[    1.565743] sit: IPv6 over IPv4 tunneling driver
[    1.572849] NET: Registered protocol family 17
[    1.577309] can: controller area network core (rev 20120528 abi 9)
[    1.583532] NET: Registered protocol family 29
[    1.587968] can: raw protocol (rev 20120528)
[    1.592236] can: broadcast manager protocol (rev 20120528 t)
[    1.597894] can: netlink gateway (rev 20130117) max_hops=1
[    1.603682] Key type dns_resolver registered
[    1.608358] ThumbEE CPU extension supported.
[    1.612643] Registering SWP/SWPB emulation handler
[    1.653313] tegra-pcie 3000.pcie-controller: 2x3 configuration
[    1.659302] sys_3v3,vdd_3v3_alw: supplied by vdd_5v_in
[    1.664458] sys_3v3_pexs: supplied by sys_3v3,vdd_3v3_alw
[    1.672411] tegra-pcie 3000.pcie-controller: probing port 0, using 2 lanes
[    1.698993] mmc1: new high speed MMC card at address 0001
[    1.705078] mmcblk0: mmc1:0001 SEM16G 14.8 GiB 
[    1.710501] mmcblk0boot0: mmc1:0001 SEM16G partition 1 1.00 MiB
[    1.716536] mmcblk0boot1: mmc1:0001 SEM16G partition 2 1.00 MiB
[    1.723349] mmcblk0rpmb: mmc1:0001 SEM16G partition 3 128 KiB
[    1.735012] Primary GPT is invalid, using alternate GPT.
[    1.737606] tegra-pcie 3000.pcie-controller: probing port 2, using 2 lanes
[    1.747191]  mmcblk0: p1 p2 p3 p4 p5
[    2.141445] tegra-pcie 3000.pcie-controller: link 2 down, retrying
[    2.551437] tegra-pcie 3000.pcie-controller: link 2 down, retrying
[    2.961415] tegra-pcie 3000.pcie-controller: link 2 down, retrying
[    2.969605] tegra-pcie 3000.pcie-controller: link 2 down, ignoring
[    2.975915] tegra-pcie 3000.pcie-controller: PCI host bridge to bus 0000:00
[    2.982877] pci_bus 0000:00: root bus resource [mem 0x20000000-0x27ffffff]
[    2.989743] pci_bus 0000:00: root bus resource [mem 0x28000000-0x3fffffff pref]
[    2.997041] pci_bus 0000:00: root bus resource [bus 00-ff]
[    3.002518] pci_bus 0000:00: root bus resource [io  0x1000-0xffff]
[    3.008712] pci 0000:00:01.0: [10de:0e1c] type 01 class 0x060400
[    3.014771] pci 0000:00:01.0: PME# supported from D0 D1 D2 D3hot D3cold
[    3.021546] PCI: bus0: Fast back to back transfers disabled
[    3.027117] pci 0000:00:01.0: bridge configuration invalid ([bus 00-00]), reconfiguring
[    3.035216] pci 0000:01:00.0: [10ec:8168] type 00 class 0x020000
[    3.041231] pci 0000:01:00.0: reg 0x10: [io  0x0000-0x00ff]
[    3.046809] pci 0000:01:00.0: reg 0x18: [mem 0x00000000-0x00000fff 64bit pref]
[    3.054029] pci 0000:01:00.0: reg 0x20: [mem 0x00000000-0x00003fff 64bit pref]
[    3.061312] pci 0000:01:00.0: supports D1 D2
[    3.065577] pci 0000:01:00.0: PME# supported from D0 D1 D2 D3hot D3cold
[    3.078562] PCI: bus1: Fast back to back transfers disabled
[    3.084133] pci_bus 0000:01: busn_res: [bus 01-ff] end is updated to 01
[    3.090800] pci 0000:00:01.0: BAR 9: assigned [mem 0x28000000-0x280fffff 64bit pref]
[    3.098537] pci 0000:00:01.0: BAR 7: assigned [io  0x1000-0x1fff]
[    3.104625] pci 0000:01:00.0: BAR 4: assigned [mem 0x28000000-0x28003fff 64bit pref]
[    3.112367] pci 0000:01:00.0: BAR 2: assigned [mem 0x28004000-0x28004fff 64bit pref]
[    3.120107] pci 0000:01:00.0: BAR 0: assigned [io  0x1000-0x10ff]
[    3.126194] pci 0000:00:01.0: PCI bridge to [bus 01]
[    3.131152] pci 0000:00:01.0:   bridge window [io  0x1000-0x1fff]
[    3.137238] pci 0000:00:01.0:   bridge window [mem 0x28000000-0x280fffff 64bit pref]
[    3.144981] pci 0000:00:01.0: nv_msi_ht_cap_quirk didn't locate host bridge
[    3.152033] pcieport 0000:00:01.0: enabling device (0140 -> 0143)
[    3.158272] pcieport 0000:00:01.0: Signaling PME through PCIe PME interrupt
[    3.165228] pci 0000:01:00.0: Signaling PME through PCIe PME interrupt
[    3.171747] pcie_pme 0000:00:01.0:pcie01: service driver pcie_pme loaded
[    3.178626] r8169 Gigabit Ethernet driver 2.3LK-NAPI loaded
[    3.184211] r8169 0000:01:00.0: enabling device (0140 -> 0143)
[    3.190928] r8169 0000:01:00.0 eth0: RTL8168evl/8111evl at 0xf09f2000, 02:04:4b:01:60:a6, XID 0c900800 IRQ 375
[    3.200930] r8169 0000:01:00.0 eth0: jumbo features [frames: 9200 bytes, tx checksumming: ko]
[    3.210373] +VDD_5V_HDMI: supplied by sys_3v3,vdd_3v3_alw
[    3.215884] vdd_1v8_gen: supplied by vdd_5v_in
[    3.222123] [drm] Supports vblank timestamp caching Rev 2 (21.10.2013).
[    3.228756] [drm] No driver support for vblank timestamp query.
[    3.234701] drm drm: No connectors reported connected with modes
[    3.240708] [drm] Cannot find any crtc or sizes - going 1024x768
[    3.267429] Console: switching to colour frame buffer device 128x48
[    3.280066] drm drm: fb0:  frame buffer device
[    3.298549] [drm] Initialized tegra 0.0.0 20120330 on minor 0
[    3.307199] usb3_vbus: supplied by vdd_5v_in
[    3.313672] utmi_phy_clk_enable: timeout waiting for phy to stabilize
[    3.320130] tegra-ehci 7d004000.usb: EHCI Host Controller
[    3.325537] tegra-ehci 7d004000.usb: new USB bus registered, assigned bus number 1
[    3.333551] ------------[ cut here ]------------
[    3.338171] WARNING: CPU: 0 PID: 81 at kernel/workqueue.c:2361 check_flush_dependency+0xc8/0x124()
[    3.347134] workqueue: WQ_MEM_RECLAIM deferwq:deferred_probe_work_func is flushing !WQ_MEM_RECLAIM events:lru_add_drain_per_cpu
[    3.358410] Modules linked in:
[    3.361638] CPU: 0 PID: 81 Comm: kworker/u8:1 Not tainted 4.5.0-rc1-next-20160127-68615-g725e000 #1
[    3.370660] Hardware name: NVIDIA Tegra SoC (Flattened Device Tree)
[    3.376913] Workqueue: deferwq deferred_probe_work_func
[    3.382160] [<c02188b8>] (unwind_backtrace) from [<c0213f94>] (show_stack+0x10/0x14)
[    3.389896] [<c0213f94>] (show_stack) from [<c0489c6c>] (dump_stack+0x78/0x94)
[    3.397112] [<c0489c6c>] (dump_stack) from [<c024ab38>] (warn_slowpath_common+0x74/0xb0)
[    3.405187] [<c024ab38>] (warn_slowpath_common) from [<c024ac08>] (warn_slowpath_fmt+0x30/0x40)
[    3.413867] [<c024ac08>] (warn_slowpath_fmt) from [<c025dc5c>] (check_flush_dependency+0xc8/0x124)
[    3.422807] [<c025dc5c>] (check_flush_dependency) from [<c025dd70>] (flush_work+0x54/0x144)
[    3.431140] [<c025dd70>] (flush_work) from [<c02db248>] (lru_add_drain_all+0x124/0x180)
[    3.439131] [<c02db248>] (lru_add_drain_all) from [<c030cda0>] (migrate_prep+0x8/0x10)
[    3.447032] [<c030cda0>] (migrate_prep) from [<c02d6260>] (alloc_contig_range+0xc4/0x2f8)
[    3.455193] [<c02d6260>] (alloc_contig_range) from [<c030e6cc>] (cma_alloc+0xd8/0x1a0)
[    3.463095] [<c030e6cc>] (cma_alloc) from [<c021e39c>] (__alloc_from_contiguous+0x38/0xdc)
[    3.471344] [<c021e39c>] (__alloc_from_contiguous) from [<c021ff8c>] (__dma_alloc+0x21c/0x250)
[    3.479936] [<c021ff8c>] (__dma_alloc) from [<c0220044>] (arm_dma_alloc+0x48/0x54)
[    3.487497] [<c0220044>] (arm_dma_alloc) from [<c03072f0>] (dma_pool_alloc+0x1dc/0x210)
[    3.495486] [<c03072f0>] (dma_pool_alloc) from [<c07c82b0>] (ehci_qh_alloc+0x3c/0xb4)
[    3.503302] [<c07c82b0>] (ehci_qh_alloc) from [<c07cc8a8>] (ehci_setup+0x154/0x484)
[    3.510945] [<c07cc8a8>] (ehci_setup) from [<c07d2984>] (tegra_ehci_reset+0xc/0x50)
[    3.518592] [<c07d2984>] (tegra_ehci_reset) from [<c07a2d30>] (usb_add_hcd+0x300/0x840)
[    3.526579] [<c07a2d30>] (usb_add_hcd) from [<c07d22fc>] (tegra_ehci_probe+0x3b8/0x504)
[    3.534566] [<c07d22fc>] (tegra_ehci_probe) from [<c065a1c4>] (platform_drv_probe+0x50/0xac)
[    3.542988] [<c065a1c4>] (platform_drv_probe) from [<c0658b30>] (driver_probe_device+0x1f4/0x2b0)
[    3.551842] [<c0658b30>] (driver_probe_device) from [<c06570c0>] (bus_for_each_drv+0x44/0x8c)
[    3.560348] [<c06570c0>] (bus_for_each_drv) from [<c06588b4>] (__device_attach+0x9c/0x100)
[    3.568593] [<c06588b4>] (__device_attach) from [<c0657f40>] (bus_probe_device+0x84/0x8c)
[    3.576752] [<c0657f40>] (bus_probe_device) from [<c0658374>] (deferred_probe_work_func+0x60/0x8c)
[    3.585693] [<c0658374>] (deferred_probe_work_func) from [<c025ebb8>] (process_one_work+0x134/0x338)
[    3.594805] [<c025ebb8>] (process_one_work) from [<c025ee20>] (worker_thread+0x2c/0x4f0)
[    3.602883] [<c025ee20>] (worker_thread) from [<c0263fac>] (kthread+0xd8/0xf4)
[    3.610091] [<c0263fac>] (kthread) from [<c0210e78>] (ret_from_fork+0x14/0x3c)
[    3.617294] ---[ end trace f177dd9a7eff710d ]---
[    3.622158] tegra-ehci 7d004000.usb: irq 343, io mem 0x7d004000
[    3.633553] tegra-ehci 7d004000.usb: USB 2.0 started, EHCI 1.00
[    3.640023] hub 1-0:1.0: USB hub found
[    3.643807] hub 1-0:1.0: 1 port detected
[    3.648801] tegra-ehci 7d008000.usb: EHCI Host Controller
[    3.654213] tegra-ehci 7d008000.usb: new USB bus registered, assigned bus number 2
[    3.661952] tegra-ehci 7d008000.usb: irq 344, io mem 0x7d008000
[    3.673544] tegra-ehci 7d008000.usb: USB 2.0 started, EHCI 1.00
[    3.679915] hub 2-0:1.0: USB hub found
[    3.683687] hub 2-0:1.0: 1 port detected
[    3.691799] tps65910-rtc tps65910-rtc: setting system clock to 2000-01-01 00:00:02 UTC (946684802)
[    3.705656] vdd_sata,avdd_plle: disabling
[    3.710071] usb1_vbus: disabling
[    3.716014] EXT4-fs (mmcblk0p1): mounting ext3 file system using the ext4 subsystem
[    3.777660] EXT4-fs (mmcblk0p1): warning: mounting fs with errors, running e2fsck is recommended
[    3.787914] EXT4-fs (mmcblk0p1): recovery complete
[    3.793889] EXT4-fs (mmcblk0p1): mounted filesystem with ordered data mode. Opts: (null)
[    3.802001] VFS: Mounted root (ext3 filesystem) on device 179:1.
[    3.810901] devtmpfs: mounted
[    3.814867] Freeing unused kernel memory: 1104K (c0e4a000 - c0f5e000)
bash: cannot set terminal process group (-1): Inappropriate ioctl for device
bash: no job control in this shell
root@(none):/# [    3.993563] usb 2-1: new high-speed USB device number 2 using tegra-ehci
