
U-Boot SPL 2015.04-rc3-00209-ga74ef40 (Mar 16 2015 - 14:43:39)


U-Boot 2015.04-rc3-00209-ga74ef40 (Mar 16 2015 - 14:43:39)

TEGRA20
Model: Compulab TrimSlice board
DRAM:  1 GiB
MMC:   Tegra SD/MMC: 0, Tegra SD/MMC: 1
SF: Detected W25Q80BL with page size 256 Bytes, erase size 4 KiB, total 1 MiB
tegra-pcie: PCI regions:
tegra-pcie:   I/O: 0x82000000-0x82010000
tegra-pcie:   non-prefetchable memory: 0xa0000000-0xa8000000
tegra-pcie:   prefetchable memory: 0xa8000000-0xc0000000
tegra-pcie: dual-mode configuration
tegra-pcie: probing port 0, using 2 lanes
In:    serial
Out:   serial
Err:   serial
Net:   RTL8169#0
Hit any key to stop autoboot:  2  1  0 
Tegra20 (TrimSlice) # 
Tegra20 (TrimSlice) # usb reset
resetting USB...
USB0:   USB EHCI 1.00
scanning bus 0 for devices... 3 USB Device(s) found
USB1:   USB EHCI 1.00
scanning bus 1 for devices... 1 USB Device(s) found
USB2:   lowlevel init failed
       scanning usb for storage devices... 0 Storage Device(s) found
       scanning usb for ethernet devices... 
Warning: asx0 using MAC address from net device
1 Ethernet Device(s) found
Tegra20 (TrimSlice) # setenv bootargs 'ignore_loglevel console=ttyS0,115200n8 rw root=PARTUUID=11eb23c1-01 rootwait gpt debug noinitrd earlyprintk init=/bin/bash'
Tegra20 (TrimSlice) # setenv ipaddr 192.168.100.103; setenv serverip 192.168.100.1; setenv tftpserverip 192.168.100.1
Tegra20 (TrimSlice) # tftpboot 0x00408000 zImage.tegra_defconfig
Using RTL8169#0 device
TFTP from server 192.168.100.1; our IP address is 192.168.100.103
Filename 'zImage.tegra_defconfig'.
Load address: 0x408000
Loading: *#################################################################
	 #################################################################
	 #################################################################
	 #################################################################
	 #################################################################
	 ######################################
	 4.1 MiB/s
done
Bytes transferred = 5322448 (5136d0 hex)
Tegra20 (TrimSlice) # tftpboot 0x02408000 tegra20-trimslice.dtb
Using RTL8169#0 device
TFTP from server 192.168.100.1; our IP address is 192.168.100.103
Filename 'tegra20-trimslice.dtb'.
Load address: 0x2408000
Loading: *##
	 4 MiB/s
done
Bytes transferred = 21128 (5288 hex)
Tegra20 (TrimSlice) # bootz 0x00408000 - 0x02408000
Kernel image @ 0x408000 [ 0x000000 - 0x5136d0 ]
## Flattened Device Tree blob at 02408000
   Booting using the fdt blob at 0x2408000
   Using Device Tree in place at 02408000, end 02410287

Starting kernel ...

Uncompressing Linux... done, booting the kernel.
[    0.000000] Booting Linux on physical CPU 0x0
[    0.000000] Linux version 4.6.0-rc2-next-20160405-84844-gaa36efa (pwalmsley@kaivo) (gcc version 4.7.3 20130328 (prerelease) (crosstool-NG linaro-1.13.1-4.7-2013.04-20130415 - Linaro GCC 2013.04) ) #1 SMP PREEMPT Mon Apr 4 22:19:17 PDT 2016
[    0.000000] CPU: ARMv7 Processor [411fc090] revision 0 (ARMv7), cr=10c5387d
[    0.000000] CPU: PIPT / VIPT nonaliasing data cache, VIPT aliasing instruction cache
[    0.000000] Machine model: Compulab TrimSlice board
[    0.000000] debug: ignoring loglevel setting.
[    0.000000] bootconsole [earlycon0] enabled
[    0.000000] cma: Reserved 64 MiB at 0x3c000000
[    0.000000] Memory policy: Data cache writealloc
[    0.000000] On node 0 totalpages: 262144
[    0.000000] free_area_init_node: node 0, pgdat c0c5c700, node_mem_map ef7f7000
[    0.000000]   Normal zone: 1536 pages used for memmap
[    0.000000]   Normal zone: 0 pages reserved
[    0.000000]   Normal zone: 196608 pages, LIFO batch:31
[    0.000000]   HighMem zone: 65536 pages, LIFO batch:15
[    0.000000] percpu: Embedded 12 pages/cpu @ef7ca000 s19776 r8192 d21184 u49152
[    0.000000] pcpu-alloc: s19776 r8192 d21184 u49152 alloc=12*4096
[    0.000000] pcpu-alloc: [0] 0 [0] 1 
[    0.000000] Built 1 zonelists in Zone order, mobility grouping on.  Total pages: 260608
[    0.000000] Kernel command line: ignore_loglevel console=ttyS0,115200n8 rw root=PARTUUID=11eb23c1-01 rootwait gpt debug noinitrd earlyprintk init=/bin/bash
[    0.000000] PID hash table entries: 4096 (order: 2, 16384 bytes)
[    0.000000] Dentry cache hash table entries: 131072 (order: 7, 524288 bytes)
[    0.000000] Inode-cache hash table entries: 65536 (order: 6, 262144 bytes)
[    0.000000] Memory: 961800K/1048576K available (7412K kernel code, 376K rwdata, 2520K rodata, 1024K init, 362K bss, 21240K reserved, 65536K cma-reserved, 196608K highmem)
[    0.000000] Virtual kernel memory layout:
[    0.000000]     vector  : 0xffff0000 - 0xffff1000   (   4 kB)
[    0.000000]     fixmap  : 0xffc00000 - 0xfff00000   (3072 kB)
[    0.000000]     vmalloc : 0xf0800000 - 0xff800000   ( 240 MB)
[    0.000000]     lowmem  : 0xc0000000 - 0xf0000000   ( 768 MB)
[    0.000000]     pkmap   : 0xbfe00000 - 0xc0000000   (   2 MB)
[    0.000000]     modules : 0xbf000000 - 0xbfe00000   (  14 MB)
[    0.000000]       .text : 0xc0008000 - 0xc0ab32f8   (10925 kB)
[    0.000000]       .init : 0xc0b00000 - 0xc0c00000   (1024 kB)
[    0.000000]       .data : 0xc0c00000 - 0xc0c5e280   ( 377 kB)
[    0.000000]        .bss : 0xc0c60000 - 0xc0cbaa88   ( 363 kB)
[    0.000000] Preemptible hierarchical RCU implementation.
[    0.000000] 	Build-time adjustment of leaf fanout to 32.
[    0.000000] 	RCU restricting CPUs from NR_CPUS=4 to nr_cpu_ids=2.
[    0.000000] RCU: Adjusting geometry for rcu_fanout_leaf=32, nr_cpu_ids=2
[    0.000000] NR_IRQS:16 nr_irqs:16 16
[    0.000000] /interrupt-controller@60004000: 128 interrupts forwarded to /interrupt-controller@50041000
[    0.000000] L2C: platform modifies aux control register: 0x02080000 -> 0x3e480001
[    0.000000] L2C: DT/platform modifies aux control register: 0x02080000 -> 0x3e480001
[    0.000000] L2C-310 errata 727915 769419 enabled
[    0.000000] L2C-310 enabling early BRESP for Cortex-A9
[    0.000000] L2C-310: enabling full line of zeros but not enabled in Cortex-A9
[    0.000000] L2C-310 ID prefetch enabled, offset 1 lines
[    0.000000] L2C-310 cache controller enabled, 8 ways, 1024 kB
[    0.000000] L2C-310: CACHE_ID 0x410000c4, AUX_CTRL 0x7e480001
[    0.000011] sched_clock: 32 bits at 1000kHz, resolution 1000ns, wraps every 2147483647500ns
[    0.008354] clocksource: timer_us: mask: 0xffffffff max_cycles: 0xffffffff, max_idle_ns: 1911260446275 ns
[    0.017970] Switching to timer-based delay loop, resolution 1000ns
[    0.024852] Console: colour dummy device 80x30
[    0.029297] Calibrating delay loop (skipped), value calculated using timer frequency.. 2.00 BogoMIPS (lpj=10000)
[    0.039512] pid_max: default: 32768 minimum: 301
[    0.044690] Mount-cache hash table entries: 2048 (order: 1, 8192 bytes)
[    0.051303] Mountpoint-cache hash table entries: 2048 (order: 1, 8192 bytes)
[    0.060036] CPU: Testing write buffer coherency: ok
[    0.065181] CPU0: thread -1, cpu 0, socket 0, mpidr 80000000
[    0.070862] Setting up static identity map for 0x100000 - 0x100098
[    0.078486] Tegra Revision: A03 prime SKU: 8 CPU Process: 1 SoC Process: 2
[    0.087030] CPU1: thread -1, cpu 1, socket 0, mpidr 80000001
[    0.087106] Brought up 2 CPUs
[    0.095789] SMP: Total of 2 processors activated (4.00 BogoMIPS).
[    0.101948] CPU: All CPU(s) started in SVC mode.
[    0.107690] devtmpfs: initialized
[    0.127819] VFP support v0.3: implementor 41 architecture 3 part 30 variant 9 rev 1
[    0.136050] clocksource: jiffies: mask: 0xffffffff max_cycles: 0xffffffff, max_idle_ns: 19112604462750000 ns
[    0.148643] pinctrl core: initialized pinctrl subsystem
[    0.155994] NET: Registered protocol family 16
[    0.162044] DMA: preallocated 256 KiB pool for atomic coherent allocations
[    0.199979] cpuidle: using governor menu
[    0.224209] No ATAGs?
[    0.226230] hw-breakpoint: found 5 (+1 reserved) breakpoint and 1 watchpoint registers.
[    0.234551] hw-breakpoint: maximum watchpoint size is 4 bytes.
[    0.293572] usb1_vbus: Failed to request enable GPIO170: -517
[    0.299313] reg-fixed-voltage regulators:regulator@2: Failed to register regulator: -517
[    0.311524] vgaarb: loaded
[    0.315802] SCSI subsystem initialized
[    0.319849] libata version 3.00 loaded.
[    0.324455] usbcore: registered new interface driver usbfs
[    0.330113] usbcore: registered new interface driver hub
[    0.335552] usbcore: registered new device driver usb
[    0.343427] Linux video capture interface: v2.00
[    0.348165] pps_core: LinuxPPS API ver. 1 registered
[    0.353134] pps_core: Software ver. 5.3.6 - Copyright 2005-2007 Rodolfo Giometti <giometti@linux.it>
[    0.362383] PTP clock support registered
[    0.367395] Advanced Linux Sound Architecture Driver Initialized.
[    0.375312] Bluetooth: Core ver 2.21
[    0.378963] NET: Registered protocol family 31
[    0.383409] Bluetooth: HCI device and connection manager initialized
[    0.389825] Bluetooth: HCI socket layer initialized
[    0.394773] Bluetooth: L2CAP socket layer initialized
[    0.399905] Bluetooth: SCO socket layer initialized
[    0.406498] clocksource: Switched to clocksource timer_us
[    0.438191] NET: Registered protocol family 2
[    0.443773] TCP established hash table entries: 8192 (order: 3, 32768 bytes)
[    0.450900] TCP bind hash table entries: 8192 (order: 4, 65536 bytes)
[    0.457438] TCP: Hash tables configured (established 8192 bind 8192)
[    0.464459] UDP hash table entries: 512 (order: 2, 16384 bytes)
[    0.470427] UDP-Lite hash table entries: 512 (order: 2, 16384 bytes)
[    0.477179] NET: Registered protocol family 1
[    0.482285] RPC: Registered named UNIX socket transport module.
[    0.488217] RPC: Registered udp transport module.
[    0.492958] RPC: Registered tcp transport module.
[    0.497736] RPC: Registered tcp NFSv4.1 backchannel transport module.
[    0.504229] PCI: CLS 0 bytes, default 64
[    0.510643] hw perfevents: enabled with armv7_cortex_a9 PMU driver, 7 counters available
[    0.521088] futex hash table entries: 512 (order: 3, 32768 bytes)
[    0.528872] workingset: timestamp_bits=28 max_order=18 bucket_order=0
[    0.536447] squashfs: version 4.0 (2009/01/31) Phillip Lougher
[    0.543122] NFS: Registering the id_resolver key type
[    0.548218] Key type id_resolver registered
[    0.552408] Key type id_legacy registered
[    0.560768] bounce: pool size: 64 pages
[    0.564599] io scheduler noop registered (default)
[    0.574453] tegra-pcie 80003000.pcie-controller: dual-mode configuration
[    0.582170] tegra-pcie 80003000.pcie-controller: probing port 0, using 2 lanes
[    0.660275] tegra-pcie 80003000.pcie-controller: PCI host bridge to bus 0000:00
[    0.667592] pci_bus 0000:00: root bus resource [io  0x0000-0xffff]
[    0.673812] pci_bus 0000:00: root bus resource [mem 0xa0000000-0xa7ffffff]
[    0.680757] pci_bus 0000:00: root bus resource [mem 0xa8000000-0xbfffffff pref]
[    0.688122] pci_bus 0000:00: root bus resource [bus 00-ff]
[    0.693701] pci 0000:00:01.0: [10de:0bf0] type 01 class 0x060000
[    0.699787] pci 0000:00:01.0: PME# supported from D0 D1 D2 D3hot D3cold
[    0.707057] PCI: bus0: Fast back to back transfers disabled
[    0.712620] pci 0000:00:01.0: bridge configuration invalid ([bus 00-00]), reconfiguring
[    0.721076] pci 0000:01:00.0: [10ec:8168] type 00 class 0x020000
[    0.727101] pci 0000:01:00.0: reg 0x10: [io  0x0000-0x00ff]
[    0.732718] pci 0000:01:00.0: reg 0x18: [mem 0x00000000-0x00000fff 64bit pref]
[    0.740006] pci 0000:01:00.0: reg 0x20: [mem 0x00000000-0x00003fff 64bit pref]
[    0.747280] pci 0000:01:00.0: reg 0x30: [mem 0x00000000-0x0001ffff pref]
[    0.754095] pci 0000:01:00.0: supports D1 D2
[    0.758375] pci 0000:01:00.0: PME# supported from D0 D1 D2 D3hot D3cold
[    0.776532] PCI: bus1: Fast back to back transfers disabled
[    0.782096] pci_bus 0000:01: busn_res: [bus 01-ff] end is updated to 01
[    0.788785] Disabling cpuidle LP2 state, since PCIe IRQs are in use
[    0.795145] pci 0000:00:01.0: BAR 8: assigned [mem 0xa0000000-0xa00fffff]
[    0.801958] pci 0000:00:01.0: BAR 9: assigned [mem 0xa8000000-0xa80fffff 64bit pref]
[    0.809752] pci 0000:00:01.0: BAR 7: assigned [io  0x1000-0x1fff]
[    0.815903] pci 0000:01:00.0: BAR 6: assigned [mem 0xa0000000-0xa001ffff pref]
[    0.823187] pci 0000:01:00.0: BAR 4: assigned [mem 0xa8000000-0xa8003fff 64bit pref]
[    0.830993] pci 0000:01:00.0: BAR 2: assigned [mem 0xa8004000-0xa8004fff 64bit pref]
[    0.838792] pci 0000:01:00.0: BAR 0: assigned [io  0x1000-0x10ff]
[    0.844931] pci 0000:00:01.0: PCI bridge to [bus 01]
[    0.849964] pci 0000:00:01.0:   bridge window [io  0x1000-0x1fff]
[    0.856107] pci 0000:00:01.0:   bridge window [mem 0xa0000000-0xa00fffff]
[    0.862964] pci 0000:00:01.0:   bridge window [mem 0xa8000000-0xa80fffff 64bit pref]
[    0.870775] pci 0000:00:01.0: nv_msi_ht_cap_quirk didn't locate host bridge
[    0.877891] pcieport 0000:00:01.0: enabling device (0140 -> 0143)
[    0.884399] pcieport 0000:00:01.0: Signaling PME through PCIe PME interrupt
[    0.891364] pci 0000:01:00.0: Signaling PME through PCIe PME interrupt
[    0.897946] pcie_pme 0000:00:01.0:pcie01: service driver pcie_pme loaded
[    0.911356] tegra-apbdma 6000a000.dma: Tegra20 APB DMA driver register 16 channels
[    0.920542] Serial: 8250/16550 driver, 4 ports, IRQ sharing disabled
[    0.930791] console [ttyS0] disabled
[    0.934396] 70006000.serial: ttyS0 at MMIO 0x70006000 (irq = 279, base_baud = 13500000) is a Tegra
[    0.943436] console [ttyS0] enabled
[    0.943436] console [ttyS0] enabled
[    0.950424] bootconsole [earlycon0] disabled
[    0.950424] bootconsole [earlycon0] disabled
[    0.961515] [drm] Initialized drm 1.1.0 20060810
[    0.967137] 54280000.hdmi supply hdmi not found, using dummy regulator
[    0.979033] [drm] Supports vblank timestamp caching Rev 2 (21.10.2013).
[    0.985632] [drm] No driver support for vblank timestamp query.
[    0.991691] drm drm: No connectors reported connected with modes
[    0.997721] [drm] Cannot find any crtc or sizes - going 1024x768
[    1.020915] Console: switching to colour frame buffer device 128x48
[    1.034958] drm drm: fb0:  frame buffer device
[    1.066522] [drm] Initialized tegra 0.0.0 20120330 on minor 0
[    1.088627] loop: module loaded
[    1.096007] m25p80 spi32766.0: found s25fl008k, expected w25q80bl
[    1.102185] m25p80 spi32766.0: s25fl008k (1024 Kbytes)
[    1.110496] CAN device driver interface
[    1.114450] igb: Intel(R) Gigabit Ethernet Network Driver - version 5.3.0-k
[    1.121441] igb: Copyright (c) 2007-2014 Intel Corporation.
[    1.127314] r8169 Gigabit Ethernet driver 2.3LK-NAPI loaded
[    1.132938] r8169 0000:01:00.0: enabling device (0140 -> 0143)
[    1.140651] r8169 0000:01:00.0 eth0: RTL8168d/8111d at 0xf085e000, 00:01:c0:13:7d:63, XID 081000c0 IRQ 296
[    1.150331] r8169 0000:01:00.0 eth0: jumbo features [frames: 9200 bytes, tx checksumming: ko]
[    1.159067] pegasus: v0.9.3 (2013/04/25), Pegasus/Pegasus II USB Ethernet driver
[    1.166618] usbcore: registered new interface driver pegasus
[    1.172455] usbcore: registered new interface driver asix
[    1.177992] usbcore: registered new interface driver ax88179_178a
[    1.184201] usbcore: registered new interface driver cdc_ether
[    1.190220] usbcore: registered new interface driver smsc75xx
[    1.196129] usbcore: registered new interface driver smsc95xx
[    1.202009] usbcore: registered new interface driver net1080
[    1.207833] usbcore: registered new interface driver cdc_subset
[    1.213870] usbcore: registered new interface driver zaurus
[    1.219634] usbcore: registered new interface driver cdc_ncm
[    1.225662] tegra-phy c5004000.usb-phy: no vbus regulator
[    1.232202] tegra-phy c5008000.usb-phy: no vbus regulator
[    1.237743] ehci_hcd: USB 2.0 'Enhanced' Host Controller (EHCI) Driver
[    1.244254] ehci-pci: EHCI PCI platform driver
[    1.248842] tegra-ehci: Tegra EHCI driver
[    1.287706] ulpi_phy_power_on: ulpi write failed
[    1.292315] tegra-ehci c5004000.usb: Failed to power on the phy
[    1.298254] tegra-ehci: probe of c5004000.usb failed with error -110
[    1.307278] tegra-ehci c5008000.usb: EHCI Host Controller
[    1.312709] tegra-ehci c5008000.usb: new USB bus registered, assigned bus number 1
[    1.320677] tegra-ehci c5008000.usb: irq 290, io mem 0xc5008000
[    1.346518] tegra-ehci c5008000.usb: USB 2.0 started, EHCI 1.00
[    1.354236] hub 1-0:1.0: USB hub found
[    1.358042] hub 1-0:1.0: 1 port detected
[    1.363240] usbcore: registered new interface driver cdc_acm
[    1.368920] cdc_acm: USB Abstract Control Model driver for USB modems and ISDN adapters
[    1.377073] usbcore: registered new interface driver cdc_wdm
[    1.382924] usbcore: registered new interface driver usb-storage
[    1.389787] mousedev: PS/2 mouse device common for all mice
[    1.397975] rtc-em3027 2-0056: rtc core: registered rtc-em3027 as rtc0
[    1.405671] tegra_rtc 7000e000.rtc: rtc core: registered 7000e000.rtc as rtc1
[    1.412946] tegra_rtc 7000e000.rtc: Tegra internal Real Time Clock
[    1.419510] i2c /dev entries driver
[    1.424670] usbcore: registered new interface driver uvcvideo
[    1.430420] USB Video Class driver (1.1.1)
[    1.434503] gspca_main: v2.14.0 registered
[    1.440412] sdhci: Secure Digital Host Controller Interface driver
[    1.446619] sdhci: Copyright(c) Pierre Ossman
[    1.450963] sdhci-pltfm: SDHCI platform and OF driver helper
[    1.457167] mmc0: Invalid maximum block size, assuming 512 bytes
[    1.496553] mmc0: SDHCI controller on c8000000.sdhci [c8000000.sdhci] using ADMA
[    1.504139] sdhci-tegra c8000600.sdhci: Got CD GPIO
[    1.510094] sdhci-tegra c8000600.sdhci: Got WP GPIO
[    1.517142] mmc1: Invalid maximum block size, assuming 512 bytes
[    1.556894] mmc1: SDHCI controller on c8000600.sdhci [c8000600.sdhci] using ADMA
[    1.565241] usbcore: registered new interface driver usbhid
[    1.570938] usbhid: USB HID core driver
[    1.586404] tlv320aic23-codec 2-001a: Control not supported for path LLINEIN -> [NULL] -> Line Input
[    1.595625] tlv320aic23-codec 2-001a: ASoC: no dapm match for LLINEIN --> NULL --> Line Input
[    1.604216] tlv320aic23-codec 2-001a: ASoC: Failed to add route LLINEIN -> NULL -> Line Input
[    1.613947] tlv320aic23-codec 2-001a: Control not supported for path RLINEIN -> [NULL] -> Line Input
[    1.625185] tlv320aic23-codec 2-001a: ASoC: no dapm match for RLINEIN --> NULL --> Line Input
[    1.633777] tlv320aic23-codec 2-001a: ASoC: Failed to add route RLINEIN -> NULL -> Line Input
[    1.642367] tlv320aic23-codec 2-001a: Control not supported for path MICIN -> [NULL] -> Mic Input
[    1.651275] tlv320aic23-codec 2-001a: ASoC: no dapm match for MICIN --> NULL --> Mic Input
[    1.659533] tlv320aic23-codec 2-001a: ASoC: Failed to add route MICIN -> NULL -> Mic Input
[    1.669040] tegra-snd-trimslice sound: tlv320aic23-hifi <-> 70002800.i2s mapping ok
[    1.676719] usb 1-1: new high-speed USB device number 2 using tegra-ehci
[    1.686933] NET: Registered protocol family 10
[    1.693734] mip6: Mobile IPv6
[    1.696793] sit: IPv6 over IPv4 tunneling driver
[    1.704765] mmc0: host does not support reading read-only switch, assuming write-enable
[    1.712990] NET: Registered protocol family 17
[    1.714630] mmc1: new high speed SD card at address b368
[    1.715441] mmc0: new high speed SDHC card at address b368
[    1.717492] mmcblk1: mmc0:b368 NCard 3.70 GiB 
[    1.724683]  mmcblk1: p1
[    1.725677] mmcblk0: mmc1:b368 NCard 1.83 GiB (ro)
[    1.731383]  mmcblk0: p1 p2
[    1.742919] NET: Registered protocol family 15
[    1.747988] can: controller area network core (rev 20120528 abi 9)
[    1.754424] NET: Registered protocol family 29
[    1.758906] can: raw protocol (rev 20120528)
[    1.763168] can: broadcast manager protocol (rev 20120528 t)
[    1.768853] can: netlink gateway (rev 20130117) max_hops=1
[    1.774565] Bluetooth: RFCOMM socket layer initialized
[    1.779738] Bluetooth: RFCOMM ver 1.11
[    1.783491] Bluetooth: BNEP (Ethernet Emulation) ver 1.3
[    1.788831] Bluetooth: BNEP socket layer initialized
[    1.793785] Bluetooth: HIDP (Human Interface Emulation) ver 1.2
[    1.799723] Bluetooth: HIDP socket layer initialized
[    1.805143] Key type dns_resolver registered
[    1.810454] Registering SWP/SWPB emulation handler
[    1.820645] utmi_phy_clk_enable: timeout waiting for phy to stabilize
[    1.827172] tegra-ehci c5000000.usb: EHCI Host Controller
[    1.832610] tegra-ehci c5000000.usb: new USB bus registered, assigned bus number 2
[    1.840775] tegra-ehci c5000000.usb: irq 288, io mem 0xc5000000
[    1.849089] hub 1-1:1.0: USB hub found
[    1.852995] hub 1-1:1.0: 4 ports detected
[    1.866532] tegra-ehci c5000000.usb: USB 2.0 started, EHCI 1.00
[    1.874766] hub 2-0:1.0: USB hub found
[    1.878608] hub 2-0:1.0: 1 port detected
[    1.884837] input: gpio-keys as /devices/soc0/gpio-keys/input/input0
[    1.892394] rtc-em3027 2-0056: setting system clock to 2014-12-28 13:43:27 UTC (1419774207)
[    1.911087] ALSA device list:
[    1.914053]   #0: tegra-trimslice
[    1.918905] EXT4-fs (mmcblk1p1): mounting ext3 file system using the ext4 subsystem
[    2.005790] EXT4-fs (mmcblk1p1): recovery complete
[    2.010606] EXT4-fs (mmcblk1p1): mounted filesystem with ordered data mode. Opts: (null)
[    2.018795] VFS: Mounted root (ext3 filesystem) on device 179:17.
[    2.033650] devtmpfs: mounted
[    2.037852] Freeing unused kernel memory: 1024K (c0b00000 - c0c00000)
[    2.136568] usb 1-1.2: new high-speed USB device number 3 using tegra-ehci
bash: cannot set terminal process group (-1): Inappropriate ioctl for device
bash: no job control in this shell
root@(none):/# mount -t sysfs none /sys
root@(none):/# 
root@(none):/# mount -t debugfs none /sys/kernel/debug
root@(none):/# 
root@(none):/# rtcwake -d rtc1 -m mem -s 3
rtcwake: assuming RTC uses UTC ...
rtcwake: wakeup from "mem" using /dev/rtc1 at Thu Jan  1 00:00:23 1970
[    6.723741] PM: Syncing filesystems ... done.
[    6.756743] Freezing user space processes ... (elapsed 0.009 seconds) done.
[    6.766705] Freezing remaining freezable tasks ... (elapsed 0.009 seconds) done.
[    6.766715] Suspending console(s) (use no_console_suspend to debug)
[    6.833132] PM: suspend of devices complete after 36.529 msecs
[    6.837011] PM: late suspend of devices complete after 3.848 msecs
[    6.857300] PM: noirq suspend of devices complete after 20.258 msecs
[    6.857312] Disabling non-boot CPUs ...
[    6.907934] CPU1: shutdown
[    6.945690] Entering suspend state LP1
[    6.945794] Enabling non-boot CPUs ...
[    7.003059] Slab corruption (Not tainted): kernfs_node_cache start=ef33e620, len=80
[    7.003076] Redzone: 0x9f911029d74e35b/0x9f911029d74e35b
[    7.003114] Last user: [<c024bfe8>](kernfs_put+0xd8/0x194)
[    7.003145] 020: 6b 6b 6b 6b 6b 6b 0f 6b 6b 6b 6b 6b 6b 6b 6b 6b  kkkkkk.kkkkkkkkk
[    7.003161] Prev obj: start=ef33e5b8, len=80
[    7.003175] Redzone: 0xd84156c5635688c0/0xd84156c5635688c0
[    7.003202] Last user: [<c024bb08>](__kernfs_new_node+0x3c/0xbc)
[    7.003225] 000: 06 00 00 00 00 00 00 00 90 d8 33 ef 40 c1 33 ef  ..........3.@.3.
[    7.003248] 010: 00 d7 33 ef 00 00 00 00 00 00 00 00 00 00 00 00  ..3.............
[    7.003261] Next obj: start=ef33e688, len=80
[    7.003274] Redzone: 0xd84156c5635688c0/0xd84156c5635688c0
[    7.003297] Last user: [<c024bb08>](__kernfs_new_node+0x3c/0xbc)
[    7.003319] 000: 01 00 00 00 00 00 00 00 98 ea 33 ef bc e9 9b c0  ..........3.....
[    7.003342] 010: 09 e9 33 ef 00 00 00 00 f0 22 34 ef 00 00 00 00  ..3......"4.....
[    7.003431] Slab corruption (Not tainted): kernfs_node_cache start=ef33dd08, len=80
[    7.003444] Redzone: 0x9f911029d74e35b/0x9f911029d74e35b
[    7.003467] Last user: [<c024bfe8>](kernfs_put+0xd8/0x194)
[    7.003490] 020: 6b 6b 6b 23 22 21 20 6b 6b 6b 6b 6b 6b 6b 6b 6b  kkk#"! kkkkkkkkk
[    7.003504] Prev obj: start=ef33dca0, len=80
[    7.003517] Redzone: 0xd84156c5635688c0/0xd84156c5635688c0
[    7.003539] Last user: [<c024bb08>](__kernfs_new_node+0x3c/0xbc)
[    7.003560] 000: 01 00 00 00 00 00 00 00 20 d6 33 ef a8 e3 9b c0  ........ .3.....
[    7.003582] 010: e0 db 33 ef 00 00 00 00 00 00 00 00 00 00 00 00  ..3.............
[    7.003594] Next obj: start=ef33dd70, len=80
[    7.003607] Redzone: 0xd84156c5635688c0/0xd84156c5635688c0
[    7.003628] Last user: [<c024bb08>](__kernfs_new_node+0x3c/0xbc)
[    7.003649] 000: 01 00 00 00 00 00 00 00 e0 32 34 ef 4c e7 9b c0  .........24.L...
[    7.003670] 010: e8 dd 33 ef 00 00 00 00 00 00 00 00 00 00 00 00  ..3.............
[    7.005057] Slab corruption (Not tainted): kernfs_node_cache start=ef3396f0, len=80
[    7.005071] Redzone: 0x9f911029d74e35b/0x9f911029d74e35b
[    7.005096] Last user: [<c024bfe8>](kernfs_put+0xd8/0x194)
[    7.005122] 020: 6b 6b 14 13 12 10 11 6b 6b 6b 6b 6b 6b 6b 6b 6b  kk.....kkkkkkkkk
[    7.005137] Prev obj: start=ef339688, len=80
[    7.005149] Redzone: 0xd84156c5635688c0/0xd84156c5635688c0
[    7.005171] Last user: [<c024bb08>](__kernfs_new_node+0x3c/0xbc)
[    7.005193] 000: 01 00 00 00 00 00 00 00 90 d8 33 ef c0 c0 33 ef  ..........3...3.
[    7.005213] 010: c8 e5 33 ef 00 00 00 00 00 00 00 00 00 00 00 00  ..3.............
[    7.005226] Next obj: start=ef339758, len=80
[    7.005238] Redzone: 0xd84156c5635688c0/0xd84156c5635688c0
[    7.005259] Last user: [<c024bb08>](__kernfs_new_node+0x3c/0xbc)
[    7.005281] 000: 01 00 00 00 00 00 00 00 20 e6 33 ef 4c e7 9b c0  ........ .3.L...
[    7.005302] 010: d0 97 33 ef 00 00 00 00 00 00 00 00 00 00 00 00  ..3.............
[    7.006867] Slab corruption (Not tainted): kernfs_node_cache start=ef336a30, len=80
[    7.006883] Redzone: 0x9f911029d74e35b/0x9f911029d74e35b
[    7.006910] Last user: [<c024bfe8>](kernfs_put+0xd8/0x194)
[    7.006937] 020: 6b 6b 1c 1b 1a 18 19 6b 6b 6b 6b 6b 6b 6b 6b 6b  kk.....kkkkkkkkk
[    7.006951] Prev obj: start=ef3369c8, len=80
[    7.006964] Redzone: 0xd84156c5635688c0/0xd84156c5635688c0
[    7.006988] Last user: [<c024bb08>](__kernfs_new_node+0x3c/0xbc)
[    7.007010] 000: 01 00 00 00 00 00 00 00 a8 2e 34 ef 00 c9 33 ef  ..........4...3.
[    7.007034] 010: 88 32 34 ef 00 00 00 00 00 00 00 00 00 00 00 00  .24.............
[    7.007046] Next obj: start=ef336a98, len=80
[    7.007058] Redzone: 0xd84156c5635688c0/0xd84156c5635688c0
[    7.007080] Last user: [<c024bb08>](__kernfs_new_node+0x3c/0xbc)
[    7.007101] 000: 01 00 00 00 00 00 00 00 88 96 33 ef 4c e7 9b c0  ..........3.L...
[    7.007123] 010: 10 6b 33 ef 00 00 00 00 00 00 00 00 00 00 00 00  .k3.............
[    7.008530] Slab corruption (Not tainted): kernfs_node_cache start=ef330070, len=80
[    7.008544] Redzone: 0x9f911029d74e35b/0x9f911029d74e35b
[    7.008569] Last user: [<c024bfe8>](kernfs_put+0xd8/0x194)
[    7.008594] 020: 6b 6b 04 03 02 00 01 6b 6b 6b 6b 6b 6b 6b 6b 6b  kk.....kkkkkkkkk
[    7.008608] Prev obj: start=ef330008, len=80
[    7.008622] Redzone: 0xd84156c5635688c0/0xd84156c5635688c0
[    7.008645] Last user: [<c024bb08>](__kernfs_new_node+0x3c/0xbc)
[    7.008668] 000: 01 00 00 00 00 00 00 00 e8 04 3c ef 40 61 34 ef  ..........<.@a4.
[    7.008691] 010: 48 0c 3c ef 00 00 00 00 00 00 00 00 00 00 00 00  H.<.............
[    7.008703] Next obj: start=ef3300d8, len=80
[    7.008716] Redzone: 0xd84156c5635688c0/0xd84156c5635688c0
[    7.008737] Last user: [<c024bb08>](__kernfs_new_node+0x3c/0xbc)
[    7.008758] 000: 01 00 00 00 00 00 00 00 c8 69 33 ef 4c e7 9b c0  .........i3.L...
[    7.008780] 010: 50 01 33 ef 00 00 00 00 00 00 00 00 00 00 00 00  P.3.............
[    7.009150] Slab corruption (Not tainted): kernfs_node_cache start=ef2833b0, len=80
[    7.009164] Redzone: 0x9f911029d74e35b/0x9f911029d74e35b
[    7.009188] Last user: [<c024bfe8>](kernfs_put+0xd8/0x194)
[    7.009212] 020: 6b 6b 0c 0b 0a 08 09 6b 6b 6b 6b 6b 6b 6b 6b 6b  kk.....kkkkkkkkk
[    7.009227] Prev obj: start=ef283348, len=80
[    7.009240] Redzone: 0xd84156c5635688c0/0xd84156c5635688c0
[    7.009262] Last user: [<c024bb08>](__kernfs_new_node+0x3c/0xbc)
[    7.009283] 000: 02 00 00 00 00 00 00 00 38 0c 12 ef 14 c5 9d c0  ........8.......
[    7.009305] 010: b8 41 20 ef 00 00 00 00 00 00 00 00 00 00 00 00  .A .............
[    7.009317] Next obj: start=ef283418, len=80
[    7.009329] Redzone: 0xd84156c5635688c0/0xd84156c5635688c0
[    7.009350] Last user: [<c024bb08>](__kernfs_new_node+0x3c/0xbc)
[    7.009372] 000: 01 00 00 00 00 00 00 00 08 00 33 ef 4c e7 9b c0  ..........3.L...
[    7.009393] 010: 90 34 28 ef 00 00 00 00 00 00 00 00 00 00 00 00  .4(.............
[    7.009739] Slab corruption (Not tainted): kernfs_node_cache start=ef29ad70, len=80
[    7.009752] Redzone: 0x9f911029d74e35b/0x9f911029d74e35b
[    7.009773] Last user: [<c024bfe8>](kernfs_put+0xd8/0x194)
[    7.009796] 020: 6b 6b 24 23 22 20 21 6b 6b 6b 6b 6b 6b 6b 6b 6b  kk$#" !kkkkkkkkk
[    7.009810] Prev obj: start=ef29ad08, len=80
[    7.009822] Redzone: 0xd84156c5635688c0/0xd84156c5635688c0
[    7.009843] Last user: [<c024bb08>](__kernfs_new_node+0x3c/0xbc)
[    7.009863] 000: 01 00 00 00 00 00 00 00 48 33 28 ef 64 c5 9d c0  ........H3(.d...
[    7.009885] 010: e8 ad 29 ef 00 00 00 00 00 00 00 00 00 00 00 00  ..).............
[    7.009897] Next obj: start=ef29add8, len=80
[    7.009909] Redzone: 0xd84156c5635688c0/0xd84156c5635688c0
[    7.009929] Last user: [<c024bb08>](__kernfs_new_node+0x3c/0xbc)
[    7.009950] 000: 01 00 00 00 00 00 00 00 48 33 28 ef 4c c5 9d c0  ........H3(.L...
[    7.009971] 010: 51 ae 29 ef c0 33 28 ef 18 ad 29 ef 00 00 00 00  Q.)..3(...).....
[    7.011887] CPU1 is up
[    7.013857] pcieport 0000:00:01.0: nv_msi_ht_cap_quirk didn't locate host bridge
[    7.026778] PM: noirq resume of devices complete after 14.857 msecs
[    7.030836] PM: early resume of devices complete after 3.077 msecs
[    7.031813] Slab corruption (Not tainted): kmalloc-node start=ee88a5c0, len=64
[    7.031847] 030: 16 15 14 13 12 11 10 30 32 33 37 36 1a 19 18 17  .......02376....
[    7.031861] Prev obj: start=ee88a580, len=64
[    7.032168] 000: 01 00 00 00 01 00 00 00 00 00 00 00 00 00 00 00  ................
[    7.032198] 010: 00 00 00 00 00 00 00 00 00 00 00 00 00 00 00 00  ................
[    7.032213] Next obj: start=ee88a600, len=64
[    7.032236] 000: 60 b5 c0 c0 40 a6 88 ee 40 b5 c0 c0 48 a6 88 ee  `...@...@...H...
[    7.032259] 010: 05 2f 03 ef 18 80 02 ef 54 a6 88 ee 18 b3 13 c0  ./......T.......
[    7.100977] PM: resume of devices complete after 70.108 msecs
[    7.829114] Restarting tasks ... done.
root@(none):/# 
root@(none):/# rtcwake -d rtc1 -m mem -s 3
rtcwake: assuming RTC uses UTC ...
rtcwake: wakeup from "mem" using /dev/rtc1 at Thu Jan  1 00:00:28 1970
[    8.725661] Slab corruption (Not tainted): bio-0 start=ee87c180, len=136
[    8.732502] 000: 00 00 00 00 00 00 00 00 00 00 00 00 00 00 00 00  ................
[    8.740193] 010: ff ff ff ff ff ff ff ff ff ff ff ff ff ff ff ff  ................
[    8.747812] 020: ff ff ff ff ff ff ff ff 00 00 80 00 ff ff ff ff  ................
[    8.755391] 030: 00 00 00 00 ff ff ff ff ff ff ff ff ff ff ff ff  ................
[    8.763000] 040: 5a 1d 00 00 5a 1d 00 00 00 04 00 00 00 10 00 00  Z...Z...........
[    8.770606] 050: 00 00 01 00 00 00 01 00 ff ff ff ff ff ff ff ff  ................
[    8.778217] Prev obj: start=ee87c0c0, len=136
[    8.782574] 000: 00 00 00 00 00 00 00 00 00 00 00 00 00 00 00 00  ................
[    8.790182] 010: 00 00 00 00 00 00 00 00 00 00 00 00 00 00 00 00  ................
[    8.797795] Next obj: start=ee87c240, len=136
[    8.802150] 000: 01 00 00 00 01 00 00 00 01 00 00 00 10 a9 23 ef  ..............#.
[    8.809757] 010: 10 a9 23 ef 00 00 00 00 58 c2 87 ee 58 c2 87 ee  ..#.....X...X...
[    8.817480] ------------[ cut here ]------------
[    8.822103] kernel BUG at mm/slab.c:2682!
[    8.826116] Internal error: Oops - BUG: 0 [#1] PREEMPT SMP ARM
[    8.831944] Modules linked in:
[    8.835019] CPU: 0 PID: 117 Comm: rtcwake Not tainted 4.6.0-rc2-next-20160405-84844-gaa36efa #1
[    8.843710] Hardware name: NVIDIA Tegra SoC (Flattened Device Tree)
[    8.849978] task: ee8d5940 ti: ee8d0000 task.ti: ee8d0000
[    8.855393] PC is at ___cache_free+0x3d4/0x478
[    8.859845] LR is at ___cache_free+0x24/0x478
[    8.864208] pc : [<c01ecb40>]    lr : [<c01ec790>]    psr: 20000093
[    8.864208] sp : ee8d1ec0  ip : ee8d1f10  fp : 00015038
[    8.875677] r10: 2ec7a000  r9 : c0c9f080  r8 : c0b59c00
[    8.880901] r7 : 00000000  r6 : ef021000  r5 : ef7d3c00  r4 : ee87c180
[    8.887426] r3 : ef0186c0  r2 : efdde934  r1 : ee87c180  r0 : ef021000
[    8.893954] Flags: nzCv  IRQs off  FIQs on  Mode SVC_32  ISA ARM  Segment none
[    8.901172] Control: 10c5387d  Table: 2e91c04a  DAC: 00000051
[    8.906918] Process rtcwake (pid: 117, stack limit = 0xee8d0210)
[    8.912922] Stack: (0xee8d1ec0 to 0xee8d2000)
[    8.917292] 1ec0: 02011280 024000c0 024012c0 c01b0ab0 c01b0828 c07e051c 00000001 ee8d1ed8
[    8.925474] 1ee0: 00000006 ee876c00 ee8d1f18 eec03a00 ee8d1f14 ee87c180 00002411 a0000013
[    8.933657] 1f00: ee87c180 ee87c180 00000000 00000000 ee8d0000 ee8d1f9c 00015038 c01eccbc
[    8.941838] 1f20: ef133dc0 c01b0828 eec03a00 ee874400 ee87c180 c0322ea0 00000000 ee874400
[    8.950017] 1f40: ee874800 00000001 ee87dc14 c0268244 00000000 00000723 ee874800 ef27c400
[    8.958198] 1f60: ee874844 c0c1075c c021cc30 c021cc58 70018000 c01f6f48 00000000 00000000
[    8.966378] 1f80: 00000009 bed3efad 00000024 c0107a44 00000000 c021cd50 00000000 00000001
[    8.974559] 1fa0: 000141e8 c0107880 000141e8 00000009 fffffffa 0000b389 00000073 00000000
[    8.982739] 1fc0: 000141e8 00000009 bed3efad 00000024 0000b6c0 000141c0 00000001 00015038
[    8.990920] 1fe0: b6f548c0 bed3ebfc 00009a3f b6f548cc 80000010 fffffffa 00000000 00000000
[    8.999119] [<c01ecb40>] (___cache_free) from [<c01eccbc>] (kmem_cache_free+0x28/0x5c)
[    9.007061] [<c01eccbc>] (kmem_cache_free) from [<c01b0828>] (mempool_free+0x34/0x94)
[    9.014922] [<c01b0828>] (mempool_free) from [<c0322ea0>] (blkdev_issue_flush+0x70/0x84)
[    9.023035] [<c0322ea0>] (blkdev_issue_flush) from [<c0268244>] (ext4_sync_fs+0x9c/0x130)
[    9.031236] [<c0268244>] (ext4_sync_fs) from [<c021cc58>] (sync_fs_one_sb+0x28/0x2c)
[    9.038999] [<c021cc58>] (sync_fs_one_sb) from [<c01f6f48>] (iterate_supers+0xac/0xd4)
[    9.046929] [<c01f6f48>] (iterate_supers) from [<c021cd50>] (sys_sync+0x48/0x98)
[    9.054345] [<c021cd50>] (sys_sync) from [<c0107880>] (ret_fast_syscall+0x0/0x3c)
[    9.061835] Code: eb001237 eaffff61 e7f001f2 e7f001f2 (e7f001f2) 
[    9.067933] ---[ end trace 67812a3b3cb173d6 ]---
root@(none):/# 
root@(none):/# [   10.046719] slab: double free detected in cache 'kernfs_node_cache', objp ee8aa958
[   10.054369] ------------[ cut here ]------------
[   10.059000] kernel BUG at mm/slab.c:2508!
[   10.063022] Internal error: Oops - BUG: 0 [#2] PREEMPT SMP ARM
[   10.068858] Modules linked in:
[   10.071952] CPU: 0 PID: 4 Comm: kworker/0:0 Tainted: G      D         4.6.0-rc2-next-20160405-84844-gaa36efa #1
[   10.082039] Hardware name: NVIDIA Tegra SoC (Flattened Device Tree)
[   10.088338] Workqueue: events cache_reap
[   10.092286] task: ef04a040 ti: ef058000 task.ti: ef058000
[   10.097703] PC is at free_block+0x254/0x264
[   10.101901] LR is at free_block+0x254/0x264
[   10.106105] pc : [<c01eb200>]    lr : [<c01eb200>]    psr: 20070093
[   10.106105] sp : ef059e70  ip : 00000001  fp : 00000000
[   10.117586] r10: ee8aa958  r9 : ee8aaf78  r8 : ef018cc0
[   10.122820] r7 : ef01a7c0  r6 : ee8aaf9e  r5 : ef018d50  r4 : efdc8540
[   10.129355] r3 : ef058000  r2 : 00000001  r1 : 60070093  r0 : 00000046
[   10.135892] Flags: nzCv  IRQs off  FIQs on  Mode SVC_32  ISA ARM  Segment none
[   10.143122] Control: 10c5387d  Table: 2e8b404a  DAC: 00000051
[   10.148877] Process kworker/0:0 (pid: 4, stack limit = 0xef058210)
[   10.155066] Stack: (0xef059e70 to 0xef05a000)
[   10.159443] 9e60:                                     c0c9f080 ef7d2288 00000001 ef01a7c4
[   10.167642] 9e80: ef01a7d4 ef059ec0 3b13b13c 00000601 ef7d5b00 ef059ec0 ef7d2278 00000001
[   10.175839] 9ea0: ef01a7c0 ef018cc0 ef7cb44c ef7d2288 c0c02100 c01ecfa4 ef059ec0 ef7ca400
[   10.184035] 9ec0: ef059ec0 ef059ec0 ef01a5c0 ef018cc0 ef01a7c0 00000000 c0c0f870 c0c02100
[   10.192230] 9ee0: c0c02100 c01ed180 00000000 ef030f00 ef023d80 ef7cb44c ef7cdd00 ef7d2600
[   10.200424] 9f00: 00000000 ef7cdd00 00000000 c0133944 ef7cdd00 00000001 ef023d80 ef7cdd18
[   10.208618] 9f20: 00000001 ef7cdd00 ef023d98 ef7cdd00 00000008 c0133bb0 00000000 c0c02100
[   10.216811] 9f40: 00000000 ef01ad00 00000000 ef023d80 c0133b84 00000000 00000000 00000000
[   10.225005] 9f60: 00000000 c0138cbc 04132200 00000000 00003400 ef023d80 00000000 00000000
[   10.233200] 9f80: ef059f80 ef059f80 00000000 00000000 ef059f90 ef059f90 ef059fac ef01ad00
[   10.241393] 9fa0: c0138be4 00000000 00000000 c0107938 00000000 00000000 00000000 00000000
[   10.249586] 9fc0: 00000000 00000000 00000000 00000000 00000000 00000000 00000000 00000000
[   10.257778] 9fe0: 00000000 00000000 00000000 00000000 00000013 00000000 42000841 00c42018
[   10.265990] [<c01eb200>] (free_block) from [<c01ecfa4>] (drain_array+0xc4/0x104)
[   10.273418] [<c01ecfa4>] (drain_array) from [<c01ed180>] (cache_reap+0x7c/0x140)
[   10.280855] [<c01ed180>] (cache_reap) from [<c0133944>] (process_one_work+0x120/0x328)
[   10.288802] [<c0133944>] (process_one_work) from [<c0133bb0>] (worker_thread+0x2c/0x4b4)
[   10.296918] [<c0133bb0>] (worker_thread) from [<c0138cbc>] (kthread+0xd8/0xf4)
[   10.304175] [<c0138cbc>] (kthread) from [<c0107938>] (ret_from_fork+0x14/0x3c)
[   10.311419] Code: e5981040 e1a0200a e59f000c ebff0092 (e7f001f2) 
[   10.317527] ---[ end trace 67812a3b3cb173d7 ]---
[   10.322160] note: kworker/0:0[4] exited with preempt_count 1
[   10.328046] Unable to handle kernel paging request at virtual address ffffffec
[   10.335281] pgd = c0004000
[   10.337999] [ffffffec] *pgd=2fffd861, *pte=00000000, *ppte=00000000
[   10.344321] Internal error: Oops: 37 [#3] PREEMPT SMP ARM
[   10.349724] Modules linked in:
[   10.352812] CPU: 0 PID: 4 Comm: kworker/0:0 Tainted: G      D         4.6.0-rc2-next-20160405-84844-gaa36efa #1
[   10.362899] Hardware name: NVIDIA Tegra SoC (Flattened Device Tree)
[   10.369200] task: ef04a040 ti: ef058000 task.ti: ef058000
[   10.374620] PC is at kthread_data+0x4/0xc
[   10.378654] LR is at wq_worker_sleeping+0x8/0xc8
[   10.383289] pc : [<c013928c>]    lr : [<c0134a44>]    psr: 20070093
[   10.383289] sp : ef059c88  ip : ef7ce730  fp : ef059ccc
[   10.394771] r10: c0c02e58  r9 : c0c61040  r8 : c0b54200
[   10.400006] r7 : ef04a488  r6 : ef04a480  r5 : ef04a040  r4 : ef7ce200
[   10.406539] r3 : 00000000  r2 : 00000000  r1 : ef04a040  r0 : ef04a040
[   10.413075] Flags: nzCv  IRQs off  FIQs on  Mode SVC_32  ISA ARM  Segment none
[   10.420305] Control: 10c5387d  Table: 2e8b404a  DAC: 00000051
[   10.426060] Process kworker/0:0 (pid: 4, stack limit = 0xef058210)
[   10.432246] Stack: (0xef059c88 to 0xef05a000)
[   10.436626] 9c80:                   00000020 c07dda28 c0b50280 c01eccbc ef02ff84 c0120d9c
[   10.444823] 9ca0: ef02fa80 c07ddef4 00000000 ef0598fc ef04b3c0 ef04a400 ef059cd8 0000000b
[   10.453018] 9cc0: 00000001 00000001 ef059cd4 c07ddef4 ef04a040 c0122344 ef059cd8 ef059cd8
[   10.461214] 9ce0: 00000002 c0c602c4 ef059e20 c0c07b9c 60070093 0000000b 00000001 c01eb202
[   10.469409] 9d00: c01eb204 c010aca4 ef058210 0000000b c03d700c c0c07b9c 00000000 00000008
[   10.477604] 9d20: 65000001 31383935 20303430 30613165 61303032 39356520 30303066 62652063
[   10.485799] 9d40: 30306666 28203239 30663765 32663130 00002029 00000046 c0c62c0c 00000004
[   10.493993] 9d60: e7f001f2 ef059e20 c01eb200 00000000 c010b4a0 ef058000 00000000 c0101158
[   10.502189] 9d80: 00000006 000001bf 00000004 00000000 00030001 c01eb200 000001bf c0164358
[   10.510383] 9da0: 00000400 c0162750 00000000 60070093 c0c82678 00000001 c0c62c0c 00000000
[   10.518578] 9dc0: 00000000 00000000 60070093 c0c0c890 00000000 c0c85046 c0c626f8 00000000
[   10.526773] 9de0: ef058000 c0164f98 00000000 00000000 00000000 00000000 c0c85046 00000046
[   10.534967] 9e00: c0c84670 60070093 c01eb204 00000000 c010b8d8 00000000 e7100000 c010b4a0
[   10.543162] 9e20: 00000046 60070093 00000001 ef058000 efdc8540 ef018d50 ee8aaf9e ef01a7c0
[   10.551356] 9e40: ef018cc0 ee8aaf78 ee8aa958 00000000 00000001 ef059e70 c01eb200 c01eb200
[   10.559551] 9e60: 20070093 ffffffff 00000051 ee8aaf99 c0c9f080 ef7d2288 00000001 ef01a7c4
[   10.567746] 9e80: ef01a7d4 ef059ec0 3b13b13c 00000601 ef7d5b00 ef059ec0 ef7d2278 00000001
[   10.575942] 9ea0: ef01a7c0 ef018cc0 ef7cb44c ef7d2288 c0c02100 c01ecfa4 ef059ec0 ef7ca400
[   10.584139] 9ec0: ef059ec0 ef059ec0 ef01a5c0 ef018cc0 ef01a7c0 00000000 c0c0f870 c0c02100
[   10.592334] 9ee0: c0c02100 c01ed180 00000000 ef030f00 ef023d80 ef7cb44c ef7cdd00 ef7d2600
[   10.600528] 9f00: 00000000 ef7cdd00 00000000 c0133944 ef7cdd00 00000001 ef023d80 ef7cdd18
[   10.608723] 9f20: 00000001 ef7cdd00 ef023d98 ef7cdd00 00000008 c0133bb0 00000000 c0c02100
[   10.616918] 9f40: 00000000 ef01ad00 00000000 ef023d80 c0133b84 00000000 00000000 00000000
[   10.625112] 9f60: 00000000 c0138cbc 04132200 00000000 00003400 ef023d80 00000000 00000000
[   10.633308] 9f80: ef059f80 ef059f80 00000001 00010001 ef059f90 ef059f90 ef059fac ef01ad00
[   10.641500] 9fa0: c0138be4 00000000 00000000 c0107938 00000000 00000000 00000000 00000000
[   10.649691] 9fc0: 00000000 00000000 00000000 00000000 00000000 00000000 00000000 00000000
[   10.657884] 9fe0: 00000000 00000000 00000000 00000000 00000013 00000000 42000841 00c42018
[   10.666093] [<c013928c>] (kthread_data) from [<c0134a44>] (wq_worker_sleeping+0x8/0xc8)
[   10.674140] [<c0134a44>] (wq_worker_sleeping) from [<c07dda28>] (__schedule+0x388/0x640)
[   10.682260] [<c07dda28>] (__schedule) from [<c07ddef4>] (schedule+0x50/0xc0)
[   10.689354] [<c07ddef4>] (schedule) from [<c0122344>] (do_exit+0x660/0x9f8)
[   10.696361] [<c0122344>] (do_exit) from [<c010aca4>] (die+0x43c/0x484)
[   10.702919] [<c010aca4>] (die) from [<c0101158>] (do_undefinstr+0x154/0x1cc)
[   10.709994] [<c0101158>] (do_undefinstr) from [<c010b4a0>] (__und_svc_finish+0x0/0x20)
[   10.717913] Exception stack(0xef059e20 to 0xef059e68)
[   10.722989] 9e20: 00000046 60070093 00000001 ef058000 efdc8540 ef018d50 ee8aaf9e ef01a7c0
[   10.731186] 9e40: ef018cc0 ee8aaf78 ee8aa958 00000000 00000001 ef059e70 c01eb200 c01eb200
[   10.739366] 9e60: 20070093 ffffffff
[   10.742895] [<c010b4a0>] (__und_svc_finish) from [<c01eb200>] (free_block+0x254/0x264)
[   10.750839] [<c01eb200>] (free_block) from [<c01ecfa4>] (drain_array+0xc4/0x104)
[   10.758261] [<c01ecfa4>] (drain_array) from [<c01ed180>] (cache_reap+0x7c/0x140)
[   10.765685] [<c01ed180>] (cache_reap) from [<c0133944>] (process_one_work+0x120/0x328)
[   10.773629] [<c0133944>] (process_one_work) from [<c0133bb0>] (worker_thread+0x2c/0x4b4)
[   10.781740] [<c0133bb0>] (worker_thread) from [<c0138cbc>] (kthread+0xd8/0xf4)
[   10.788988] [<c0138cbc>] (kthread) from [<c0107938>] (ret_from_fork+0x14/0x3c)
[   10.796230] Code: c013894c c09a33fc c0c60fd4 e5903418 (e5130014) 
[   10.802338] ---[ end trace 67812a3b3cb173d8 ]---
[   10.806962] Fixing recursive fault but reboot is needed!
