
U-Boot SPL 2014.01-00219-gc4d376f (Feb 18 2014 - 19:57:32)


U-Boot 2014.01-00219-gc4d376f (Feb 18 2014 - 19:57:32)

TEGRA114
Board: NVIDIA Dalmore
I2C:   ready
DRAM:  2 GiB
MMC:   Tegra SD/MMC: 0, Tegra SD/MMC: 1
In:    serial
Out:   serial
Err:   serial
Net:   Net Initialization Skipped
No ethernet found.
Hit any key to stop autoboot:  2  0 
Tegra114 (Dalmore) # 
Tegra114 (Dalmore) # usb reset
(Re)start USB...
USB0:   USB EHCI 1.10
scanning bus 0 for devices... 2 USB Device(s) found
       scanning usb for storage devices... 0 Storage Device(s) found
       scanning usb for ethernet devices... 
Warning: asx0 using MAC address from net device
1 Ethernet Device(s) found
Tegra114 (Dalmore) # setenv bootargs 'ignore_loglevel console=ttyS0,115200n8 rw root=PARTUUID=7369c667-ff51-ec4a-29cd-baabf2fbe346 rootwait gpt debug earlyprintk init=/bin/bash'
Tegra114 (Dalmore) # setenv ipaddr 192.168.100.100; setenv serverip 192.168.100.1; setenv tftpserverip 192.168.100.1
Tegra114 (Dalmore) # tftpboot 0x81000000 zImage.tegra_defconfig
Using asx0 device
TFTP from server 192.168.100.1; our IP address is 192.168.100.100
Filename 'zImage.tegra_defconfig'.
Load address: 0x81000000
Loading: *#################################################################
	 #################################################################
	 #################################################################
	 #################################################################
	 #################################################################
	 #################################################################
	 ######################
	 2.9 MiB/s
done
Bytes transferred = 6040176 (5c2a70 hex)
Tegra114 (Dalmore) # tftpboot 0x82000000 tegra114-dalmore.dtb
Using asx0 device
TFTP from server 192.168.100.1; our IP address is 192.168.100.100
Filename 'tegra114-dalmore.dtb'.
Load address: 0x82000000
Loading: *###
	 2.8 MiB/s
done
Bytes transferred = 35044 (88e4 hex)
Tegra114 (Dalmore) # bootz 0x81000000 - 0x82000000
Kernel image @ 0x81000000 [ 0x000000 - 0x5c2a70 ]
## Flattened Device Tree blob at 82000000
   Booting using the fdt blob at 0x82000000
   Loading Device Tree to 8fff4000, end 8ffff8e3 ... OK

Starting kernel ...

Uncompressing Linux... done, booting the kernel.
[    0.000000] Booting Linux on physical CPU 0x0
[    0.000000] Linux version 4.11.0-rc4-next-20170331-162822-g6af2434 (jonathanh@kaivo) (gcc version 4.7.3 20130328 (prerelease) (crosstool-NG linaro-1.13.1-4.7-2013.04-20130415 - Linaro GCC 2013.04) ) #1 SMP PREEMPT Thu Mar 30 23:18:56 PDT 2017
[    0.000000] CPU: ARMv7 Processor [412fc0f2] revision 2 (ARMv7), cr=10c5387d
[    0.000000] CPU: div instructions available: patching division code
[    0.000000] CPU: PIPT / VIPT nonaliasing data cache, PIPT instruction cache
[    0.000000] OF: fdt: Machine model: NVIDIA Tegra114 Dalmore evaluation board
[    0.000000] debug: ignoring loglevel setting.
[    0.000000] bootconsole [earlycon0] enabled
[    0.000000] Memory policy: Data cache writealloc
[    0.000000] cma: Reserved 64 MiB at 0xfbc00000
[    0.000000] On node 0 totalpages: 524032
[    0.000000] free_area_init_node: node 0, pgdat c0eab6c0, node_mem_map eeff7000
[    0.000000]   Normal zone: 1536 pages used for memmap
[    0.000000]   Normal zone: 0 pages reserved
[    0.000000]   Normal zone: 196608 pages, LIFO batch:31
[    0.000000]   HighMem zone: 327424 pages, LIFO batch:31
[    0.000000] percpu: Embedded 17 pages/cpu @eef97000 s38464 r8192 d22976 u69632
[    0.000000] pcpu-alloc: s38464 r8192 d22976 u69632 alloc=17*4096
[    0.000000] pcpu-alloc: [0] 0 [0] 1 [0] 2 [0] 3 
[    0.000000] Built 1 zonelists in Zone order, mobility grouping on.  Total pages: 522496
[    0.000000] Kernel command line: ignore_loglevel console=ttyS0,115200n8 rw root=PARTUUID=7369c667-ff51-ec4a-29cd-baabf2fbe346 rootwait gpt debug earlyprintk init=/bin/bash
[    0.000000] PID hash table entries: 4096 (order: 2, 16384 bytes)
[    0.000000] Dentry cache hash table entries: 131072 (order: 7, 524288 bytes)
[    0.000000] Inode-cache hash table entries: 65536 (order: 6, 262144 bytes)
[    0.000000] Memory: 1998600K/2096128K available (9216K kernel code, 726K rwdata, 2708K rodata, 1024K init, 314K bss, 31992K reserved, 65536K cma-reserved, 1244160K highmem)
[    0.000000] Virtual kernel memory layout:
[    0.000000]     vector  : 0xffff0000 - 0xffff1000   (   4 kB)
[    0.000000]     fixmap  : 0xffc00000 - 0xfff00000   (3072 kB)
[    0.000000]     vmalloc : 0xf0800000 - 0xff800000   ( 240 MB)
[    0.000000]     lowmem  : 0xc0000000 - 0xf0000000   ( 768 MB)
[    0.000000]     pkmap   : 0xbfe00000 - 0xc0000000   (   2 MB)
[    0.000000]     modules : 0xbf000000 - 0xbfe00000   (  14 MB)
[    0.000000]       .text : 0xc0008000 - 0xc0a00000   (10208 kB)
[    0.000000]       .init : 0xc0d00000 - 0xc0e00000   (1024 kB)
[    0.000000]       .data : 0xc0e00000 - 0xc0eb5960   ( 727 kB)
[    0.000000]        .bss : 0xc0eb7000 - 0xc0f0599c   ( 315 kB)
[    0.000000] Preemptible hierarchical RCU implementation.
[    0.000000] NR_IRQS:16 nr_irqs:16 16
[    0.000000] /interrupt-controller@60004000: 160 interrupts forwarded to /interrupt-controller@50041000
[    0.000000] Tegra clk 127: register failed with -17
[    0.000009] sched_clock: 32 bits at 1000kHz, resolution 1000ns, wraps every 2147483647500ns
[    0.007755] clocksource: timer_us: mask: 0xffffffff max_cycles: 0xffffffff, max_idle_ns: 1911260446275 ns
[    0.017371] Switching to timer-based delay loop, resolution 1000ns
[    0.024417] arm_arch_timer: Architected cp15 timer(s) running at 12.00MHz (virt).
[    0.031154] clocksource: arch_sys_counter: mask: 0xffffffffffffff max_cycles: 0x2c47f4ee7, max_idle_ns: 440795202497 ns
[    0.041988] sched_clock: 56 bits at 12MHz, resolution 83ns, wraps every 4398046511096ns
[    0.050043] Switching to timer-based delay loop, resolution 83ns
[    0.056590] Console: colour dummy device 80x30
[    0.060628] Calibrating delay loop (skipped), value calculated using timer frequency.. 24.00 BogoMIPS (lpj=120000)
[    0.071027] pid_max: default: 32768 minimum: 301
[    0.076232] Mount-cache hash table entries: 2048 (order: 1, 8192 bytes)
[    0.082386] Mountpoint-cache hash table entries: 2048 (order: 1, 8192 bytes)
[    0.090293] CPU: Testing write buffer coherency: ok
[    0.094709] /cpus/cpu@0 missing clock-frequency property
[    0.099805] /cpus/cpu@1 missing clock-frequency property
[    0.105199] /cpus/cpu@2 missing clock-frequency property
[    0.110553] /cpus/cpu@3 missing clock-frequency property
[    0.115924] CPU0: thread -1, cpu 0, socket 0, mpidr 80000000
[    0.156045] Setting up static identity map for 0x80100000 - 0x80100098
[    0.176457] Tegra Revision: A01 SKU: 0 CPU Process: 1 SoC Process: 0
[    0.196073] smp: Bringing up secondary CPUs ...
[    0.246727] CPU1: thread -1, cpu 1, socket 0, mpidr 80000001
[    0.316832] CPU2: thread -1, cpu 2, socket 0, mpidr 80000002
[    0.386935] CPU3: thread -1, cpu 3, socket 0, mpidr 80000003
[    0.387028] smp: Brought up 1 node, 4 CPUs
[    0.406464] SMP: Total of 4 processors activated (96.00 BogoMIPS).
[    0.412714] CPU: All CPU(s) started in SVC mode.
[    0.419241] devtmpfs: initialized
[    0.433678] VFP support v0.3: implementor 41 architecture 4 part 30 variant f rev 0
[    0.439827] clocksource: jiffies: mask: 0xffffffff max_cycles: 0xffffffff, max_idle_ns: 19112604462750000 ns
[    0.449427] futex hash table entries: 1024 (order: 4, 65536 bytes)
[    0.456941] pinctrl core: initialized pinctrl subsystem
[    0.462305] NET: Registered protocol family 16
[    0.466943] DMA: preallocated 256 KiB pool for atomic coherent allocations
[    0.474174] cpuidle: using governor menu
[    0.500093] No ATAGs?
[    0.500230] hw-breakpoint: found 5 (+1 reserved) breakpoint and 4 watchpoint registers.
[    0.508765] hw-breakpoint: maximum watchpoint size is 8 bytes.
[    0.515682] tegra-mc 70019000.memory-controller: no memory timings for RAM code 3 registered
[    0.541244] dvdd_ts: Failed to request enable GPIO61: -517
[    0.544937] reg-fixed-voltage regulators:regulator@1: Failed to register regulator: -517
[    0.553157] usb1_vbus: Failed to request enable GPIO108: -517
[    0.558882] reg-fixed-voltage regulators:regulator@3: Failed to register regulator: -517
[    0.567107] usb2_vbus: Failed to request enable GPIO86: -517
[    0.572749] reg-fixed-voltage regulators:regulator@4: Failed to register regulator: -517
[    0.581375] VDD_5V0_HDMI_CON: Failed to request enable GPIO81: -517
[    0.587223] reg-fixed-voltage regulators:regulator@7: Failed to register regulator: -517
[    0.596557] vgaarb: loaded
[    0.598956] SCSI subsystem initialized
[    0.602197] libata version 3.00 loaded.
[    0.606220] usbcore: registered new interface driver usbfs
[    0.611482] usbcore: registered new interface driver hub
[    0.616858] usbcore: registered new device driver usb
[    0.625043] tps65090 2-0048: No cache defaults, reading back from HW
[    0.631528] TPS65090_RAILSDCDC1: supplied by vdd_ac_bat
[    0.636137] TPS65090_RAILSDCDC2: supplied by vdd_ac_bat
[    0.641385] TPS65090_RAILSDCDC3: supplied by vdd_ac_bat
[    0.646145] TPS65090_RAILSFET1: supplied by vdd_ac_bat
[    0.651163] TPS65090_RAILSFET2: supplied by vdd_ac_bat
[    0.656363] TPS65090_RAILSFET3: supplied by vdd-sys-3v3
[    0.661824] TPS65090_RAILSFET4: supplied by vdd-sys-3v3
[    0.667110] TPS65090_RAILSFET5: supplied by vdd-sys-3v3
[    0.672376] TPS65090_RAILSFET6: supplied by vdd-sys-3v3
[    0.678003] TPS65090_RAILSFET7: supplied by vdd-sys-3v3
[    0.682961] TPS65090_RAILSLDO1: supplied by vdd_ac_bat
[    0.687857] TPS65090_RAILSLDO2: supplied by vdd_ac_bat
[    0.693586] palmas 2-0058: Irq flag is 0x00000004
[    0.699715] palmas 2-0058: Muxing GPIO ff, PWM 0, LED 0
[    0.705572] SMPS12: supplied by vdd-ao
[    0.708625] vdd_hdmi_5v0: supplied by vdd-sys-5v0
[    0.713112] SMPS3: supplied by vdd-ao
[    0.717840] SMPS457: supplied by vdd-sys-3v3
[    0.723381] SMPS8: supplied by vdd-sys-3v3
[    0.726825] random: fast init done
[    0.729683] SMPS9: supplied by vdd-sys-3v3
[    0.733819] sdhci-vdd-sd-slot: Bringing 2840000uV into 2800000-2800000uV
[    0.743087] LDO1: supplied by vdd-sys-3v3
[    0.746545] LDO2: supplied by vdd-sys-3v3
[    0.750640] LDO3: supplied by vddio-1v8
[    0.754508] LDO4: supplied by vdd-sys-3v3
[    0.758607] LDO5: supplied by vdd_ac_bat
[    0.762178] LDO6: supplied by vdd-sys-3v3
[    0.765916] vdd-sensor-2v85: Bringing 2900000uV into 2850000-2850000uV
[    0.773468] LDO7: supplied by vdd-sys-3v3
[    0.777850] LDO8: supplied by vdd-ao
[    0.780225] vdd-rtc: Bringing 675000uV into 900000-900000uV
[    0.796104] LDO9: supplied by sdhci-vdd-sd-slot
[    0.806455] LDOLN: supplied by vdd-sys-5v0
[    0.810012] LDOUSB: supplied by vdd-sys-5v0
[    0.819203] Linux video capture interface: v2.00
[    0.822079] pps_core: LinuxPPS API ver. 1 registered
[    0.827044] pps_core: Software ver. 5.3.6 - Copyright 2005-2007 Rodolfo Giometti <giometti@linux.it>
[    0.836250] PTP clock support registered
[    0.840877] Advanced Linux Sound Architecture Driver Initialized.
[    0.847175] Bluetooth: Core ver 2.22
[    0.850056] NET: Registered protocol family 31
[    0.854515] Bluetooth: HCI device and connection manager initialized
[    0.860915] Bluetooth: HCI socket layer initialized
[    0.865868] Bluetooth: L2CAP socket layer initialized
[    0.871000] Bluetooth: SCO socket layer initialized
[    0.877313] clocksource: Switched to clocksource arch_sys_counter
[    0.978561] NET: Registered protocol family 2
[    0.982344] TCP established hash table entries: 8192 (order: 3, 32768 bytes)
[    0.988323] TCP bind hash table entries: 8192 (order: 4, 65536 bytes)
[    0.994882] TCP: Hash tables configured (established 8192 bind 8192)
[    1.001629] UDP hash table entries: 512 (order: 2, 16384 bytes)
[    1.007132] UDP-Lite hash table entries: 512 (order: 2, 16384 bytes)
[    1.013873] NET: Registered protocol family 1
[    1.018685] RPC: Registered named UNIX socket transport module.
[    1.023908] RPC: Registered udp transport module.
[    1.028700] RPC: Registered tcp transport module.
[    1.033442] RPC: Registered tcp NFSv4.1 backchannel transport module.
[    1.039962] PCI: CLS 0 bytes, default 64
[    1.047644] workingset: timestamp_bits=30 max_order=19 bucket_order=0
[    1.053893] squashfs: version 4.0 (2009/01/31) Phillip Lougher
[    1.059000] NFS: Registering the id_resolver key type
[    1.063293] Key type id_resolver registered
[    1.067569] Key type id_legacy registered
[    1.076166] bounce: pool size: 64 pages
[    1.078239] io scheduler noop registered (default)
[    1.083032] io scheduler mq-deadline registered
[    1.104796] tegra-apbdma 6000a000.dma: Tegra20 APB DMA driver register 32 channels
[    1.111292] tegra-pmc 7000e400.pmc: i2c-thermtrip node not found, emergency thermal reset disabled.
[    1.120190] Serial: 8250/16550 driver, 4 ports, IRQ sharing disabled
[    1.128242] console [ttyS0] disabled
[    1.130037] 70006300.serial: ttyS0 at MMIO 0x70006300 (irq = 329, base_baud = 25500000) is a Tegra
[    1.139094] console [ttyS0] enabled
[    1.139094] console [ttyS0] enabled
[    1.145339] bootconsole [earlycon0] disabled
[    1.145339] bootconsole [earlycon0] disabled
[    1.156672] tegra-hdmi 54280000.hdmi: failed to get HDMI regulator
[    1.182541] loop: module loaded
[    1.197418] m25p80 spi32766.0: w25q32dw (4096 Kbytes)
[    1.214795] libphy: Fixed MDIO Bus: probed
[    1.218944] CAN device driver interface
[    1.222842] igb: Intel(R) Gigabit Ethernet Network Driver - version 5.4.0-k
[    1.229812] igb: Copyright (c) 2007-2014 Intel Corporation.
[    1.235559] pegasus: v0.9.3 (2013/04/25), Pegasus/Pegasus II USB Ethernet driver
[    1.243116] usbcore: registered new interface driver pegasus
[    1.248869] usbcore: registered new interface driver asix
[    1.254326] usbcore: registered new interface driver ax88179_178a
[    1.260519] usbcore: registered new interface driver cdc_ether
[    1.266439] usbcore: registered new interface driver smsc75xx
[    1.272292] usbcore: registered new interface driver smsc95xx
[    1.278148] usbcore: registered new interface driver net1080
[    1.283863] usbcore: registered new interface driver cdc_subset
[    1.289860] usbcore: registered new interface driver zaurus
[    1.295522] usbcore: registered new interface driver cdc_ncm
[    1.301624] ehci_hcd: USB 2.0 'Enhanced' Host Controller (EHCI) Driver
[    1.308162] ehci-pci: EHCI PCI platform driver
[    1.312669] tegra-ehci: Tegra EHCI driver
[    1.317380] usbcore: registered new interface driver cdc_acm
[    1.323032] cdc_acm: USB Abstract Control Model driver for USB modems and ISDN adapters
[    1.331119] usbcore: registered new interface driver cdc_wdm
[    1.336855] usbcore: registered new interface driver usb-storage
[    1.347227] palmas-rtc 7000d000.i2c:tps65913@58:rtc: rtc core: registered 7000d000.i2c:tps659 as rtc0
[    1.357981] tegra_rtc 7000e000.rtc: rtc core: registered 7000e000.rtc as rtc1
[    1.365152] tegra_rtc 7000e000.rtc: Tegra internal Real Time Clock
[    1.371624] i2c /dev entries driver
[    1.376169] usbcore: registered new interface driver uvcvideo
[    1.381932] USB Video Class driver (1.1.1)
[    1.386023] gspca_main: v2.14.0 registered
[    1.391050] sbs-battery 0-000b: sbs_probe: Failed to get device status
[    1.397611] sbs-battery: probe of 0-000b failed with error -121
[    1.408775] tegra-wdt 60005000.timer: initialized (heartbeat = 120 sec, nowayout = 0)
[    1.417171] sdhci: Secure Digital Host Controller Interface driver
[    1.423451] sdhci: Copyright(c) Pierre Ossman
[    1.427821] sdhci-pltfm: SDHCI platform and OF driver helper
[    1.433763] sdhci-tegra 78000400.sdhci: Got CD GPIO
[    1.438674] sdhci-tegra 78000400.sdhci: Got WP GPIO
[    1.451800] mmc0: Invalid maximum block size, assuming 512 bytes
[    1.517526] mmc0: SDHCI controller on 78000400.sdhci [78000400.sdhci] using ADMA
[    1.534728] mmc1: Invalid maximum block size, assuming 512 bytes
[    1.597395] mmc1: SDHCI controller on 78000600.sdhci [78000600.sdhci] using ADMA
[    1.608847] usbcore: registered new interface driver usbhid
[    1.614516] usbhid: USB HID core driver
[    1.638893] mmc0: new high speed SDHC card at address aaaa
[    1.645041] mmcblk0: mmc0:aaaa SL16G 14.8 GiB 
[    1.664774] mmc1: new high speed MMC card at address 0001
[    1.670995] mmcblk1: mmc1:0001 SEM32G 29.1 GiB 
[    1.676100] mmcblk1boot0: mmc1:0001 SEM32G partition 1 4.00 MiB
[    1.682174]  mmcblk0: p1 p2 p3
[    1.696631] mmcblk1boot1: mmc1:0001 SEM32G partition 2 4.00 MiB
[    1.702963] mmcblk1rpmb: mmc1:0001 SEM32G partition 3 4.00 MiB
[    1.711533]  mmcblk1: p1 p2 p3 p4 p5 p6 p7 p8
[    2.050895] tegra30-i2s 70080400.i2s: DMA channels sourced from device 70080000.ahub
[    2.067532] tegra-snd-rt5640 sound: rt5640-aif1 <-> 70080400.i2s mapping ok
[    2.079219] input: NVIDIA Tegra Dalmore Headphones as /devices/soc0/sound/sound/card0/input0
[    2.089987] NET: Registered protocol family 10
[    2.095799] Segment Routing with IPv6
[    2.099685] mip6: Mobile IPv6
[    2.102654] sit: IPv6, IPv4 and MPLS over IPv4 tunneling driver
[    2.110285] NET: Registered protocol family 17
[    2.114742] NET: Registered protocol family 15
[    2.119229] can: controller area network core (rev 20120528 abi 9)
[    2.125524] NET: Registered protocol family 29
[    2.129983] can: raw protocol (rev 20120528)
[    2.134249] can: broadcast manager protocol (rev 20161123 t)
[    2.139950] can: netlink gateway (rev 20130117) max_hops=1
[    2.145633] Bluetooth: RFCOMM socket layer initialized
[    2.150806] Bluetooth: RFCOMM ver 1.11
[    2.154562] Bluetooth: BNEP (Ethernet Emulation) ver 1.3
[    2.159893] Bluetooth: BNEP socket layer initialized
[    2.164851] Bluetooth: HIDP (Human Interface Emulation) ver 1.2
[    2.170784] Bluetooth: HIDP socket layer initialized
[    2.175948] Key type dns_resolver registered
[    2.180852] Registering SWP/SWPB emulation handler
[    2.203138] usb1_vbus: supplied by vdd-sys-5v0
[    2.208646] usb2_vbus: supplied by vdd-sys-5v0
[    2.214684] VDD_5V0_HDMI_CON: supplied by vdd-sys-5v0
[    2.223439] [drm] Supports vblank timestamp caching Rev 2 (21.10.2013).
[    2.230112] [drm] No driver support for vblank timestamp query.
[    2.329347] Console: switching to colour frame buffer device 240x75
[    2.368003] drm drm: fb0:  frame buffer device
[    2.372541] [drm] Initialized tegra 0.0.0 20120330 for drm on minor 0
[    2.382625] tegra-ehci 7d008000.usb: EHCI Host Controller
[    2.388083] tegra-ehci 7d008000.usb: new USB bus registered, assigned bus number 1
[    2.395950] tegra-ehci 7d008000.usb: irq 339, io mem 0x7d008000
[    2.437453] tegra-ehci 7d008000.usb: USB 2.0 started, EHCI 1.10
[    2.444807] hub 1-0:1.0: USB hub found
[    2.448695] hub 1-0:1.0: 1 port detected
[    2.453997] input: gpio-keys as /devices/soc0/gpio-keys/input/input1
[    2.463145] palmas-rtc 7000d000.i2c:tps65913@58:rtc: setting system clock to 2001-01-22 17:53:33 UTC (980186013)
[    2.479569] dvdd_ts: disabling
[    2.482630] usb1_vbus: disabling
[    2.485857] vdd_cam_1v8_reg: disabling
[    2.489664] ALSA device list:
[    2.492640]   #0: NVIDIA Tegra Dalmore
[    2.497792] EXT4-fs (mmcblk1p1): mounting ext3 file system using the ext4 subsystem
[    2.529806] EXT4-fs (mmcblk1p1): recovery complete
[    2.534613] EXT4-fs (mmcblk1p1): mounted filesystem with ordered data mode. Opts: (null)
[    2.542837] VFS: Mounted root (ext3 filesystem) on device 179:17.
[    2.554796] devtmpfs: mounted
[    2.558858] Freeing unused kernel memory: 1024K
bash: cannot set terminal process group (-1): Inappropriate ioctl for device
bash: no job control in this shell
root@(none):/# mount -t sysfs none /sys
root@(none):/# 
root@(none):/# [    3.493173] asix 1-1:1.0 eth0: register 'asix' at usb-7d008000.usb-1, ASIX AX88772 USB 2.0 Ethernet, 00:50:b6:0d:b5:16
mount -t debugfs none /sys/kernel/debug
root@(none):/# 
root@(none):/# rtcwake -d rtc1 -m mem -s 3
rtcwake: assuming RTC uses UTC ...
rtcwake: wakeup from "mem" using /dev/rtc1 at Thu Jan  1 00:00:20 1970
[    5.185905] PM: Syncing filesystems ... done.
[    5.192970] Freezing user space processes ... (elapsed 0.001 seconds) done.
[    5.194235] Freezing remaining freezable tasks ... (elapsed 0.001 seconds) done.
[    5.195571] Suspending console(s) (use no_console_suspend to debug)
[    5.339672] PM: suspend of devices complete after 90.519 msecs
[    5.341313] PM: late suspend of devices complete after 1.624 msecs
[    5.342868] PM: noirq suspend of devices complete after 1.544 msecs
[    5.342874] Disabling non-boot CPUs ...
[    5.397831] IRQ17 no longer affine to CPU1
[    5.642225] Entering suspend state LP1
[    5.642225] Suspended for 7.505 seconds
[    5.642267] Enabling non-boot CPUs ...
[    5.672678] CPU1 is up
[    5.712908] CPU2 is up
[    5.753781] CPU3 is up
[    5.754692] PM: noirq resume of devices complete after 0.899 msecs
[    5.756495] PM: early resume of devices complete after 1.159 msecs
[    6.350598] PM: resume of devices complete after 594.084 msecs
[    6.414258] Restarting tasks ... done.
root@(none):/# 
root@(none):/# rtcwake -d rtc1 -m mem -s 3
rtcwake: assuming RTC uses UTC ...
rtcwake: wakeup from "mem" using /dev/rtc1 at Thu Jan  1 00:00:30 1970
[    7.699589] PM: Syncing filesystems ... done.
[    7.705108] Freezing user space processes ... (elapsed 0.001 seconds) done.
[    7.706448] Freezing remaining freezable tasks ... (elapsed 0.001 seconds) done.
[    7.707726] Suspending console(s) (use no_console_suspend to debug)
[    7.819542] PM: suspend of devices complete after 67.068 msecs
[    7.821387] PM: late suspend of devices complete after 1.827 msecs
[    7.822888] PM: noirq suspend of devices complete after 1.490 msecs
[    7.822894] Disabling non-boot CPUs ...
[    7.857774] IRQ17 no longer affine to CPU1
[    8.111886] Entering suspend state LP1
[    8.111886] Suspended for 8.113 seconds
[    8.111928] Enabling non-boot CPUs ...
[    8.142670] CPU1 is up
[    8.182878] CPU2 is up
[    8.223755] CPU3 is up
[    8.224466] PM: noirq resume of devices complete after 0.698 msecs
[    8.226248] PM: early resume of devices complete after 1.146 msecs
[    8.819869] PM: resume of devices complete after 593.603 msecs
[    8.883509] Restarting tasks ... done.
root@(none):/# 
root@(none):/# rtcwake -d rtc1 -m mem -s 3
rtcwake: assuming RTC uses UTC ...
rtcwake: wakeup from "mem" using /dev/rtc1 at Thu Jan  1 00:00:40 1970
[    9.577709] PM: Syncing filesystems ... done.
[    9.582943] Freezing user space processes ... (elapsed 0.001 seconds) done.
[    9.584288] Freezing remaining freezable tasks ... (elapsed 0.001 seconds) done.
[    9.585658] Suspending console(s) (use no_console_suspend to debug)
[    9.709589] PM: suspend of devices complete after 70.609 msecs
[    9.711208] PM: late suspend of devices complete after 1.602 msecs
[    9.712661] PM: noirq suspend of devices complete after 1.441 msecs
[    9.712667] Disabling non-boot CPUs ...
[    9.747728] IRQ17 no longer affine to CPU1
[   10.011808] Entering suspend state LP1
[   10.011808] Suspended for 7.516 seconds
[   10.011849] Enabling non-boot CPUs ...
[   10.042649] CPU1 is up
[   10.082800] CPU2 is up
[   10.123668] CPU3 is up
[   10.124329] PM: noirq resume of devices complete after 0.649 msecs
[   10.126142] PM: early resume of devices complete after 1.179 msecs
[   10.719554] PM: resume of devices complete after 593.393 msecs
[   10.783272] Restarting tasks ... done.
root@(none):/# 
root@(none):/# rtcwake -d rtc1 -m mem -s 3
rtcwake: assuming RTC uses UTC ...
rtcwake: wakeup from "mem" using /dev/rtc1 at Thu Jan  1 00:00:50 1970
[   12.065405] PM: Syncing filesystems ... done.
[   12.070927] Freezing user space processes ... (elapsed 0.001 seconds) done.
[   12.072180] Freezing remaining freezable tasks ... (elapsed 0.001 seconds) done.
[   12.073541] Suspending console(s) (use no_console_suspend to debug)
[   12.199382] PM: suspend of devices complete after 76.926 msecs
[   12.201199] PM: late suspend of devices complete after 1.799 msecs
[   12.202684] PM: noirq suspend of devices complete after 1.474 msecs
[   12.202689] Disabling non-boot CPUs ...
[   12.447539] IRQ17 no longer affine to CPU3
[   12.501742] Entering suspend state LP1
[   12.501742] Suspended for 8.093 seconds
[   12.501784] Enabling non-boot CPUs ...
[   12.532599] CPU1 is up
[   12.572759] CPU2 is up
[   12.613653] CPU3 is up
[   12.614287] PM: noirq resume of devices complete after 0.622 msecs
[   12.616114] PM: early resume of devices complete after 1.186 msecs
[   13.210105] PM: resume of devices complete after 593.973 msecs
[   13.273794] Restarting tasks ... done.
root@(none):/# 
root@(none):/# rtcwake -d rtc1 -m mem -s 3
rtcwake: assuming RTC uses UTC ...
rtcwake: wakeup from "mem" using /dev/rtc1 at Thu Jan  1 00:01:00 1970
[   13.980573] PM: Syncing filesystems ... done.
[   13.986119] Freezing user space processes ... (elapsed 0.011 seconds) done.
[   13.997276] Freezing remaining freezable tasks ... (elapsed 0.010 seconds) done.
[   14.007306] Suspending console(s) (use no_console_suspend to debug)
[   14.099408] PM: suspend of devices complete after 69.704 msecs
[   14.101223] PM: late suspend of devices complete after 1.798 msecs
[   14.102755] PM: noirq suspend of devices complete after 1.521 msecs
[   14.102760] Disabling non-boot CPUs ...
[   14.237857] IRQ17 no longer affine to CPU2
[   14.381681] Entering suspend state LP1
[   14.381681] Suspended for 7.537 seconds
[   14.381722] Enabling non-boot CPUs ...
[   14.412530] CPU1 is up
[   14.452692] CPU2 is up
[   14.493590] CPU3 is up
[   14.494364] PM: noirq resume of devices complete after 0.763 msecs
[   14.496309] PM: early resume of devices complete after 1.292 msecs
[   15.090177] PM: resume of devices complete after 593.849 msecs
[   15.153891] Restarting tasks ... done.
root@(none):/# 
root@(none):/# rtcwake -d rtc1 -m mem -s 3
rtcwake: assuming RTC uses UTC ...
rtcwake: wakeup from "mem" using /dev/rtc1 at Thu Jan  1 00:01:10 1970
[   16.439544] PM: Syncing filesystems ... done.
[   16.445019] Freezing user space processes ... (elapsed 0.001 seconds) done.
[   16.446372] Freezing remaining freezable tasks ... (elapsed 0.001 seconds) done.
[   16.447657] Suspending console(s) (use no_console_suspend to debug)
[   16.579002] PM: suspend of devices complete after 85.873 msecs
[   16.580405] PM: late suspend of devices complete after 1.391 msecs
[   16.581777] PM: noirq suspend of devices complete after 1.362 msecs
[   16.581783] Disabling non-boot CPUs ...
[   16.617576] IRQ17 no longer affine to CPU1
[   16.871649] Entering suspend state LP1
[   16.871649] Suspended for 8.093 seconds
[   16.871691] Enabling non-boot CPUs ...
[   16.902504] CPU1 is up
[   16.942634] CPU2 is up
[   16.983618] CPU3 is up
[   16.984332] PM: noirq resume of devices complete after 0.702 msecs
[   16.986193] PM: early resume of devices complete after 1.208 msecs
[   17.579567] PM: resume of devices complete after 593.356 msecs
[   17.643218] Restarting tasks ... done.
root@(none):/# 
root@(none):/# rtcwake -d rtc1 -m mem -s 3
rtcwake: assuming RTC uses UTC ...
rtcwake: wakeup from "mem" using /dev/rtc1 at Thu Jan  1 00:01:20 1970
[   18.345389] PM: Syncing filesystems ... done.
[   18.350677] Freezing user space processes ... (elapsed 0.001 seconds) done.
[   18.352029] Freezing remaining freezable tasks ... (elapsed 0.001 seconds) done.
[   18.353409] Suspending console(s) (use no_console_suspend to debug)
[   18.489336] PM: suspend of devices complete after 89.787 msecs
[   18.491197] PM: late suspend of devices complete after 1.843 msecs
[   18.492693] PM: noirq suspend of devices complete after 1.485 msecs
[   18.492699] Disabling non-boot CPUs ...
[   18.527516] IRQ17 no longer affine to CPU1
[   18.791584] Entering suspend state LP1
[   18.791584] Suspended for 7.497 seconds
[   18.791627] Enabling non-boot CPUs ...
[   18.822438] CPU1 is up
[   18.862598] CPU2 is up
[   18.903443] CPU3 is up
[   18.904088] PM: noirq resume of devices complete after 0.633 msecs
[   18.905861] PM: early resume of devices complete after 1.123 msecs
[   19.499780] PM: resume of devices complete after 593.900 msecs
[   19.563399] Restarting tasks ... done.
root@(none):/# 
root@(none):/# rtcwake -d rtc1 -m mem -s 3
rtcwake: assuming RTC uses UTC ...
rtcwake: wakeup from "mem" using /dev/rtc1 at Thu Jan  1 00:01:30 1970
[   20.849138] PM: Syncing filesystems ... done.
[   20.854388] Freezing user space processes ... (elapsed 0.001 seconds) done.
[   20.855748] Freezing remaining freezable tasks ... (elapsed 0.001 seconds) done.
[   20.857046] Suspending console(s) (use no_console_suspend to debug)
[   20.979352] PM: suspend of devices complete after 78.486 msecs
[   20.981222] PM: late suspend of devices complete after 1.852 msecs
[   20.982782] PM: noirq suspend of devices complete after 1.548 msecs
[   20.982787] Disabling non-boot CPUs ...
[   21.237332] IRQ17 no longer affine to CPU3
[   21.291541] Entering suspend state LP1
[   21.291541] Suspended for 8.083 seconds
[   21.291583] Enabling non-boot CPUs ...
[   21.322371] CPU1 is up
[   21.362553] CPU2 is up
[   21.403399] CPU3 is up
[   21.404066] PM: noirq resume of devices complete after 0.655 msecs
[   21.405906] PM: early resume of devices complete after 1.190 msecs
[   22.000406] PM: resume of devices complete after 594.482 msecs
[   22.064051] Restarting tasks ... done.
root@(none):/# 
root@(none):/# rtcwake -d rtc1 -m mem -s 3
rtcwake: assuming RTC uses UTC ...
rtcwake: wakeup from "mem" using /dev/rtc1 at Thu Jan  1 00:01:40 1970
[   22.767979] PM: Syncing filesystems ... done.
[   22.773475] Freezing user space processes ... (elapsed 0.001 seconds) done.
[   22.774834] Freezing remaining freezable tasks ... (elapsed 0.012 seconds) done.
[   22.787123] Suspending console(s) (use no_console_suspend to debug)
[   22.909223] PM: suspend of devices complete after 91.009 msecs
[   22.910795] PM: late suspend of devices complete after 1.554 msecs
[   22.912334] PM: noirq suspend of devices complete after 1.527 msecs
[   22.912339] Disabling non-boot CPUs ...
[   22.947420] IRQ17 no longer affine to CPU1
[   23.211463] Entering suspend state LP1
[   23.211463] Suspended for 7.497 seconds
[   23.211504] Enabling non-boot CPUs ...
[   23.242443] CPU1 is up
[   23.282608] CPU2 is up
[   23.323343] CPU3 is up
[   23.324024] PM: noirq resume of devices complete after 0.668 msecs
[   23.325795] PM: early resume of devices complete after 1.118 msecs
[   23.918812] PM: resume of devices complete after 592.996 msecs
[   23.982508] Restarting tasks ... done.
root@(none):/# 
root@(none):/# rtcwake -d rtc1 -m mem -s 3
rtcwake: assuming RTC uses UTC ...
rtcwake: wakeup from "mem" using /dev/rtc1 at Thu Jan  1 00:01:50 1970
[   25.267647] PM: Syncing filesystems ... done.
[   25.273145] Freezing user space processes ... (elapsed 0.001 seconds) done.
[   25.274417] Freezing remaining freezable tasks ... (elapsed 0.001 seconds) done.
[   25.275789] Suspending console(s) (use no_console_suspend to debug)
[   25.399163] PM: suspend of devices complete after 76.985 msecs
[   25.400748] PM: late suspend of devices complete after 1.567 msecs
[   25.402279] PM: noirq suspend of devices complete after 1.520 msecs
[   25.402285] Disabling non-boot CPUs ...
[   25.437363] IRQ17 no longer affine to CPU1
[   25.701411] Entering suspend state LP1
[   25.701411] Suspended for 8.093 seconds
[   25.701453] Enabling non-boot CPUs ...
[   25.732265] CPU1 is up
[   25.772467] CPU2 is up
[   25.813413] CPU3 is up
[   25.814119] PM: noirq resume of devices complete after 0.694 msecs
[   25.815979] PM: early resume of devices complete after 1.202 msecs
[   26.409963] PM: resume of devices complete after 593.965 msecs
[   26.473666] Restarting tasks ... done.
root@(none):/# 
root@(none):/# NVTB SYSTEM SUSPEND TEST COMPLETE
