
U-Boot SPL 2013.04-rc2-06423-gf2e8a87-dirty (May 15 2013 - 09:45:39)


U-Boot 2013.04-rc2-06423-gf2e8a87-dirty (May 15 2013 - 09:45:39)

TEGRA30
Board: NVIDIA Beaver
DRAM:  2 GiB
MMC:   Tegra SD/MMC: 0, Tegra SD/MMC: 1
*** Warning - bad CRC, using default environment

In:    serial
Out:   serial
Err:   serial
Hit any key to stop autoboot:  2  0 
Tegra30 (Beaver) # 
Tegra30 (Beaver) # setenv bootargs 'console=ttyS0,230400n8 noinitrd root=/dev/mmcblk0p1 rw rootwait gpt ignore_loglevel debug'
Tegra30 (Beaver) # loady 0x81000000
## Ready for binary (ymodem) download to 0x81000000 at 230400 bps...
CSending: zImage
Sending: 

Transfer complete
yzModem - CRC mode, 8(SOH)/4031(STX)/0(CAN) packets, 3 retries
## Total Size      = 0x003efeb8 = 4128440 Bytes
Tegra30 (Beaver) # loady 0x82000000
## Ready for binary (ymodem) download to 0x82000000 at 230400 bps...
CSending: tegra30-beaver.dtb
Sending: 

Transfer complete
yzModem - CRC mode, 6(SOH)/20(STX)/0(CAN) packets, 3 retries
## Total Size      = 0x000051b8 = 20920 Bytes
Tegra30 (Beaver) # bootz 0x81000000 - 0x82000000
## Flattened Device Tree blob at 82000000
   Booting using the fdt blob at 0x82000000
   Loading Device Tree to 8fff7000, end 8ffff1b7 ... OK

Starting kernel .ø†ø†æ€˜€æ€˜€fæžÎžæžøÎxÎøÎžøž~8˜†žøžf†ø†ø†8xþžøžf†8àÎžþž`Îžøž~8~€žf8æÎxžfžø†æ€˜€[    0.000000] Booting Linux on physical CPU 0x0
[    0.000000] Initializing cgroup subsys cpu
[    0.000000] Initializing cgroup subsys cpuacct
[    0.000000] Linux version 3.12.0-next-20131118-24952-g22804d5 (pwalmsley@kaivo) (gcc version 4.7.3 20130328 (prerelease) (crosstool-NG linaro-1.13.1-4.7-2013.04-20130415 - Linaro GCC 2013.04) ) #1 SMP PREEMPT Sun Nov 17 19:54:56 PST 2013
[    0.000000] CPU: ARMv7 Processor [412fc099] revision 9 (ARMv7), cr=10c5387d
[    0.000000] CPU: PIPT / VIPT nonaliasing data cache, VIPT aliasing instruction cache
[    0.000000] Machine model: NVIDIA Tegra30 Beaver evaluation board
[    0.000000] debug: ignoring loglevel setting.
[    0.000000] cma: CMA: reserved 16 MiB at ae800000
[    0.000000] Memory policy: Data cache writealloc
[    0.000000] On node 0 totalpages: 524032
[    0.000000] free_area_init_node: node 0, pgdat c07d50c0, node_mem_map c082e000
[    0.000000]   Normal zone: 1520 pages used for memmap
[    0.000000]   Normal zone: 0 pages reserved
[    0.000000]   Normal zone: 194560 pages, LIFO batch:31
[    0.000000]   HighMem zone: 2574 pages used for memmap
[    0.000000]   HighMem zone: 329472 pages, LIFO batch:31
[    0.000000] fuse_speedo_calib: ATE prog ver 3.3
[    0.000000] Tegra30: CPU Speedo ID 5, Soc Speedo ID 2
[    0.000000] Tegra Revision: A03 SKU: 128 CPU Process: 4 Core Process: 0
[    0.000000] L310 cache controller enabled
[    0.000000] l2x0: 8 ways, CACHE_ID 0x410000c7, AUX_CTRL 0x7e480001, Cache size: 1024 kB
[    0.000000] PERCPU: Embedded 8 pages/cpu @c1841000 s8960 r8192 d15616 u32768
[    0.000000] pcpu-alloc: s8960 r8192 d15616 u32768 alloc=8*4096
[    0.000000] pcpu-alloc: [0] 0 [0] 1 [0] 2 [0] 3 
[    0.000000] Built 1 zonelists in Zone order, mobility grouping on.  Total pages: 522512
[    0.000000] Kernel command line: console=ttyS0,230400n8 noinitrd root=/dev/mmcblk0p1 rw rootwait gpt ignore_loglevel debug
[    0.000000] PID hash table entries: 4096 (order: 2, 16384 bytes)
[    0.000000] Dentry cache hash table entries: 131072 (order: 7, 524288 bytes)
[    0.000000] Inode-cache hash table entries: 65536 (order: 6, 262144 bytes)
[    0.000000] Memory: 2053908K/2096128K available (5619K kernel code, 298K rwdata, 1828K rodata, 236K init, 346K bss, 42220K reserved, 1317888K highmem)
[    0.000000] Virtual kernel memory layout:
[    0.000000]     vector  : 0xffff0000 - 0xffff1000   (   4 kB)
[    0.000000]     fixmap  : 0xfff00000 - 0xfffe0000   ( 896 kB)
[    0.000000]     vmalloc : 0xf0000000 - 0xff000000   ( 240 MB)
[    0.000000]     lowmem  : 0xc0000000 - 0xef800000   ( 760 MB)
[    0.000000]     pkmap   : 0xbfe00000 - 0xc0000000   (   2 MB)
[    0.000000]     modules : 0xbf000000 - 0xbfe00000   (  14 MB)
[    0.000000]       .text : 0xc0008000 - 0xc074e090   (7449 kB)
[    0.000000]       .init : 0xc074f000 - 0xc078a300   ( 237 kB)
[    0.000000]       .data : 0xc078c000 - 0xc07d6800   ( 298 kB)
[    0.000000]        .bss : 0xc07d680c - 0xc082d230   ( 347 kB)
[    0.000000] Preemptible hierarchical RCU implementation.
[    0.000000] NR_IRQS:16 nr_irqs:16 16
[    0.000000] sched_clock: 32 bits at 1000kHz, resolution 1000ns, wraps every 2147483648000ns
[    0.000000] Console: colour dummy device 80x30
[    0.000587] Calibrating delay loop... 2786.91 BogoMIPS (lpj=13934592)
[    0.059913] pid_max: default: 32768 minimum: 301
[    0.060263] Mount-cache hash table entries: 512
[    0.070448] Initializing cgroup subsys debug
[    0.070467] Initializing cgroup subsys freezer
[    0.070519] CPU: Testing write buffer coherency: ok
[    0.070897] CPU0: thread -1, cpu 0, socket 0, mpidr 80000000
[    0.070948] Setting up static identity map for 0x805535f8 - 0x80553690
[    0.131287] CPU1: Booted secondary processor
[    0.189977] CPU1: thread -1, cpu 1, socket 0, mpidr 80000001
[    0.211256] CPU2: Booted secondary processor
[    0.269977] CPU2: thread -1, cpu 2, socket 0, mpidr 80000002
[    0.291250] CPU3: Booted secondary processor
[    0.349977] CPU3: thread -1, cpu 3, socket 0, mpidr 80000003
[    0.350048] Brought up 4 CPUs
[    0.350065] SMP: Total of 4 processors activated.
[    0.350071] CPU: All CPU(s) started in SVC mode.
[    0.350910] devtmpfs: initialized
[    0.361351] VFP support v0.3: implementor 41 architecture 3 part 30 variant 9 rev 4
[    0.361635] pinctrl core: initialized pinctrl subsystem
[    0.362034] regulator-dummy: no parameters
[    0.363179] NET: Registered protocol family 16
[    0.365649] DMA: preallocated 256 KiB pool for atomic coherent allocations
[    0.366284] cpuidle: using governor ladder
[    0.366290] cpuidle: using governor menu
[    0.374463] No ATAGs?
[    0.374484] hw-breakpoint: found 5 (+1 reserved) breakpoint and 1 watchpoint registers.
[    0.374490] hw-breakpoint: maximum watchpoint size is 4 bytes.
[    0.383825] bio: create slab <bio-0> at 0
[    0.384909] vdd_5v_in: 5000 mV 
[    0.385024] platform 1.regulator: Driver reg-fixed-voltage requests probe deferral
[    0.385065] platform 2.regulator: Driver reg-fixed-voltage requests probe deferral
[    0.385209] vdd_5v_sata: 5000 mV 
[    0.385235] vdd_5v_sata: supplied by vdd_5v_in
[    0.385450] usb1_vbus: 5000 mV 
[    0.385489] usb1_vbus: supplied by vdd_5v_in
[    0.385694] usb3_vbus: 5000 mV 
[    0.385715] usb3_vbus: supplied by vdd_5v_in
[    0.385829] platform 6.regulator: Driver reg-fixed-voltage requests probe deferral
[    0.385975] sys_3v3_pexs: 3300 mV 
[    0.386016] reg-fixed-voltage 7.regulator: Failed to find supply vin
[    0.386111] reg-fixed-voltage 7.regulator: Failed to register regulator: -517
[    0.386124] platform 7.regulator: Driver reg-fixed-voltage requests probe deferral
[    0.386913] vgaarb: loaded
[    0.387784] SCSI subsystem initialized
[    0.388084] usbcore: registered new interface driver usbfs
[    0.388164] usbcore: registered new interface driver hub
[    0.388290] usbcore: registered new device driver usb
[    0.391822] tps62361-vout: 500 <--> 1500 mV at 1160 mV 
[    0.397500] vdd_1v8_gen: 1800 mV 
[    0.397542] vdd_1v8_gen: supplied by vdd_5v_in
[    0.400681] vddio_ddr_1v2: 1200 mV 
[    0.401185] vddio_ddr_1v2: supplied by vdd_5v_in
[    0.404542] vdd_1v5_gen: 1500 mV 
[    0.404574] vdd_1v5_gen: supplied by vdd_5v_in
[    0.407954] vdd_cpu,vdd_sys: 1000 mV 
[    0.410404] vdd_pexa,vdd_pexb: 1050 mV 
[    0.410434] vdd_pexa,vdd_pexb: supplied by vdd_1v5_gen
[    0.413222] vdd_sata,avdd_plle: 1050 mV 
[    0.413253] vdd_sata,avdd_plle: supplied by vdd_1v5_gen
[    0.415718] vdd_rtc: 1200 mV 
[    0.415751] vdd_rtc: supplied by vdd_5v_in
[    0.418206] vddio_sdmmc,avdd_vdac: 3300 mV 
[    0.418237] vddio_sdmmc,avdd_vdac: supplied by vdd_5v_in
[    0.421009] avdd_dsi_csi,pwrdet_mipi: 1200 mV 
[    0.421040] avdd_dsi_csi,pwrdet_mipi: supplied by vdd_1v8_gen
[    0.423505] vdd_pllm,x,u,a_p_c_s: 1200 mV 
[    0.423537] vdd_pllm,x,u,a_p_c_s: supplied by vdd_1v8_gen
[    0.426327] vdd_ddr_hs: 1000 mV 
[    0.426359] vdd_ddr_hs: supplied by vdd_1v8_gen
[    0.426725] Linux video capture interface: v2.00
[    0.427204] platform 7000f010.iommu: Driver tegra-smmu requests probe deferral
[    0.427446] Advanced Linux Sound Architecture Driver Initialized.
[    0.428018] Bluetooth: Core ver 2.17
[    0.428076] NET: Registered protocol family 31
[    0.428081] Bluetooth: HCI device and connection manager initialized
[    0.428100] Bluetooth: HCI socket layer initialized
[    0.428115] Bluetooth: L2CAP socket layer initialized
[    0.428144] Bluetooth: SCO socket layer initialized
[    0.428650] cfg80211: Calling CRDA to update world regulatory domain
[    0.429364] Switched to clocksource timer_us
[    0.439089] NET: Registered protocol family 2
[    0.439843] TCP established hash table entries: 8192 (order: 3, 32768 bytes)
[    0.439904] TCP bind hash table entries: 8192 (order: 4, 65536 bytes)
[    0.439986] TCP: Hash tables configured (established 8192 bind 8192)
[    0.440497] TCP: reno registered
[    0.440510] UDP hash table entries: 512 (order: 2, 16384 bytes)
[    0.440575] UDP-Lite hash table entries: 512 (order: 2, 16384 bytes)
[    0.440955] NET: Registered protocol family 1
[    0.441559] RPC: Registered named UNIX socket transport module.
[    0.441565] RPC: Registered udp transport module.
[    0.441569] RPC: Registered tcp transport module.
[    0.441573] RPC: Registered tcp NFSv4.1 backchannel transport module.
[    0.441583] PCI: CLS 0 bytes, default 64
[    0.443298] hw perfevents: enabled with ARMv7 Cortex-A9 PMU driver, 7 counters available
[    0.445684] bounce pool size: 64 pages
[    0.446945] squashfs: version 4.0 (2009/01/31) Phillip Lougher
[    0.447622] msgmni has been set to 1469
[    0.448749] io scheduler noop registered (default)
[    0.449620] platform 3000.pcie-controller: Driver tegra-pcie requests probe deferral
[    0.453471] tegra-apbdma 6000a000.dma: Tegra20 APB DMA driver register 32 channels
[    0.453891] Serial: 8250/16550 driver, 4 ports, IRQ sharing disabled
[    0.455235] 70006000.serial: ttyS0 at MMIO 0x70006000 (irq = 68, base_baud = 25500000) is a Tegra
[    0.857651] console [ttyS0] enabled
[    0.860014] [drm] Initialized drm 1.1.0 20060810
[    0.862932] tegra-hdmi 54280000.hdmi: failed to get VDD regulator
[    0.865999] platform 54280000.hdmi: Driver tegra-hdmi requests probe deferral
[    0.874416] loop: module loaded
[    0.878701] m25p80 spi32766.1: w25q32 (4096 Kbytes)
[    0.882288] pegasus: v0.9.3 (2013/04/25), Pegasus/Pegasus II USB Ethernet driver
[    0.886068] usbcore: registered new interface driver pegasus
[    0.888968] usbcore: registered new interface driver asix
[    0.891754] usbcore: registered new interface driver ax88179_178a
[    0.894861] usbcore: registered new interface driver cdc_ether
[    0.897850] usbcore: registered new interface driver r815x
[    0.900676] usbcore: registered new interface driver smsc75xx
[    0.903621] usbcore: registered new interface driver smsc95xx
[    0.906551] usbcore: registered new interface driver net1080
[    0.909459] usbcore: registered new interface driver cdc_subset
[    0.912477] usbcore: registered new interface driver zaurus
[    0.915356] usbcore: registered new interface driver cdc_ncm
[    0.918235] ehci_hcd: USB 2.0 'Enhanced' Host Controller (EHCI) Driver
[    0.921519] ehci-pci: EHCI PCI platform driver
[    0.923801] tegra-ehci: Tegra EHCI driver
[    0.925974] platform 7d008000.usb: Driver tegra-ehci requests probe deferral
[    0.929730] usbcore: registered new interface driver cdc_acm
[    0.932568] cdc_acm: USB Abstract Control Model driver for USB modems and ISDN adapters
[    0.936631] usbcore: registered new interface driver cdc_wdm
[    0.939559] usbcore: registered new interface driver usb-storage
[    0.944185] mousedev: PS/2 mouse device common for all mice
[    0.948016] tegra_rtc 7000e000.rtc: rtc core: registered 7000e000.rtc as rtc0
[    0.951644] tegra_rtc 7000e000.rtc: Tegra internal Real Time Clock
[    0.967660] tps65910-rtc tps65910-rtc: rtc core: registered tps65910-rtc as rtc1
[    0.972683] sdhci: Secure Digital Host Controller Interface driver
[    0.975783] sdhci: Copyright(c) Pierre Ossman
[    0.977966] sdhci-pltfm: SDHCI platform and OF driver helper
[    0.981169] sdhci-tegra 78000000.sdhci: Got CD GPIO #69.
[    0.983848] sdhci-tegra 78000000.sdhci: Got WP GPIO #155.
[    0.987610] sdhci-tegra 78000000.sdhci: dummy supplies not allowed
[    0.990723] mmc0: no vqmmc regulator found
[    0.992784] sdhci-tegra 78000000.sdhci: dummy supplies not allowed
[    0.995882] mmc0: no vmmc regulator found
[    0.997892] mmc0: Invalid maximum block size, assuming 512 bytes
[    1.039378] mmc0: SDHCI controller on 78000000.sdhci [78000000.sdhci] using ADMA
[    1.044190] sdhci-tegra 78000600.sdhci: dummy supplies not allowed
[    1.047289] mmc1: no vqmmc regulator found
[    1.049347] sdhci-tegra 78000600.sdhci: dummy supplies not allowed
[    1.052458] mmc1: no vmmc regulator found
[    1.054469] mmc1: Invalid maximum block size, assuming 512 bytes
[    1.099373] mmc1: SDHCI controller on 78000600.sdhci [78000600.sdhci] using ADMA
[    1.105897] usbcore: registered new interface driver usbhid
[    1.110731] usbhid: USB HID core driver
[    1.257842] mmc1: new high speed MMC card at address 0001
[    1.260892] isa bounce pool size: 16 pages
[    1.263112] mmcblk0: mmc1:0001 SEM16G 14.8 GiB 
[    1.265644] mmcblk0boot0: mmc1:0001 SEM16G partition 1 1.00 MiB
[    1.268890] mmcblk0boot1: mmc1:0001 SEM16G partition 2 1.00 MiB
[    1.272117] mmcblk0rpmb: mmc1:0001 SEM16G partition 3 128 KiB
[    1.279135] Primary GPT is invalid, using alternate GPT.
[    1.281835]  mmcblk0: p1 p2 p3 p4 p5
[    1.287814]  mmcblk0boot1: unknown partition table
[    1.293210]  mmcblk0boot0: unknown partition table
[    1.538018] tegra-snd-rt5640 sound.4: rt5640-aif1 <-> 70080400.i2s mapping ok
[    1.544662] input: NVIDIA Tegra Beaver Headphones as /devices/soc0/sound.4/sound/card0/input0
[    1.550204] TCP: cubic registered
[    1.552063] NET: Registered protocol family 10
[    1.555389] mip6: Mobile IPv6
[    1.556882] sit: IPv6 over IPv4 tunneling driver
[    1.560373] NET: Registered protocol family 17
[    1.562636] NET: Registered protocol family 15
[    1.565004] Bluetooth: RFCOMM socket layer initialized
[    1.567601] Bluetooth: RFCOMM ver 1.11
[    1.569512] Bluetooth: BNEP (Ethernet Emulation) ver 1.3
[    1.572189] Bluetooth: BNEP socket layer initialized
[    1.574678] Bluetooth: HIDP (Human Interface Emulation) ver 1.2
[    1.577656] Bluetooth: HIDP socket layer initialized
[    1.580606] Registering SWP/SWPB emulation handler
[    1.583488] vdd_sata,avdd_plle: disabling
[    1.587141] chargepump_5v: 5000 mV 
[    1.590425] vdd_ddr: 1500 mV 
[    1.591950] vdd_ddr: supplied by vdd_5v_in
[    1.595186] sys_3v3,vdd_3v3_alw: 3300 mV 
[    1.597234] sys_3v3,vdd_3v3_alw: supplied by vdd_5v_in
[    1.600125] sys_3v3_pexs: 3300 mV 
[    1.601850] sys_3v3_pexs: supplied by sys_3v3,vdd_3v3_alw
[    1.604986] tegra-pcie 3000.pcie-controller: 2x3 configuration
[    1.612469] tegra-pcie 3000.pcie-controller: probing port 0, using 2 lanes
[    1.670214] tegra-pcie 3000.pcie-controller: probing port 2, using 2 lanes
[    2.077810] tegra-pcie 3000.pcie-controller: link 2 down, retrying
[    2.485175] tegra-pcie 3000.pcie-controller: link 2 down, retrying
[    2.892412] tegra-pcie 3000.pcie-controller: link 2 down, retrying
[    2.897526] tegra-pcie 3000.pcie-controller: link 2 down, ignoring
[    2.900815] tegra-pcie 3000.pcie-controller: PCI host bridge to bus 0000:00
[    2.904313] pci_bus 0000:00: root bus resource [mem 0x20000000-0x27ffffff]
[    2.907763] pci_bus 0000:00: root bus resource [mem 0x28000000-0x3fffffff pref]
[    2.911445] pci_bus 0000:00: root bus resource [bus 00-ff]
[    2.914198] pci_bus 0000:00: root bus resource [io  0x1000-0xffff]
[    2.917328] pci 0000:00:01.0: [10de:0e1c] type 01 class 0x060400
[    2.920401] pci 0000:00:01.0: PME# supported from D0 D1 D2 D3hot D3cold
[    2.923912] PCI: bus0: Fast back to back transfers disabled
[    2.926711] pci 0000:00:01.0: bridge configuration invalid ([bus 00-00]), reconfiguring
[    2.930895] pci 0000:01:00.0: [10ec:8168] type 00 class 0x020000
[    2.933926] pci 0000:01:00.0: reg 0x10: [io  0x0000-0x00ff]
[    2.936734] pci 0000:01:00.0: reg 0x18: [mem 0x00000000-0x00000fff 64bit pref]
[    2.940375] pci 0000:01:00.0: reg 0x20: [mem 0x00000000-0x00003fff 64bit pref]
[    2.944044] pci 0000:01:00.0: supports D1 D2
[    2.946187] pci 0000:01:00.0: PME# supported from D0 D1 D2 D3hot D3cold
[    2.969390] PCI: bus1: Fast back to back transfers disabled
[    2.972192] pci_bus 0000:01: busn_res: [bus 01-ff] end is updated to 01
[    2.975543] pci 0000:00:01.0: BAR 9: assigned [mem 0x28000000-0x280fffff 64bit pref]
[    2.979441] pci 0000:00:01.0: BAR 7: assigned [io  0x1000-0x1fff]
[    2.982505] pci 0000:01:00.0: BAR 4: assigned [mem 0x28000000-0x28003fff 64bit pref]
[    2.986398] pci 0000:01:00.0: BAR 2: assigned [mem 0x28004000-0x28004fff 64bit pref]
[    2.990298] pci 0000:01:00.0: BAR 0: assigned [io  0x1000-0x10ff]
[    2.993359] pci 0000:00:01.0: PCI bridge to [bus 01]
[    2.995850] pci 0000:00:01.0:   bridge window [io  0x1000-0x1fff]
[    2.998909] pci 0000:00:01.0:   bridge window [mem 0x28000000-0x280fffff 64bit pref]
[    3.002814] pci 0000:00:01.0: nv_msi_ht_cap_quirk didn't locate host bridge
[    3.006630] pcieport 0000:00:01.0: Signaling PME through PCIe PME interrupt
[    3.010138] pci 0000:01:00.0: Signaling PME through PCIe PME interrupt
[    3.013415] pcie_pme 0000:00:01.0:pcie01: service driver pcie_pme loaded
[    3.016896] r8169 Gigabit Ethernet driver 2.3LK-NAPI loaded
[    3.019752] PCI: enabling device 0000:01:00.0 (0140 -> 0143)
[    3.023408] r8169 0000:01:00.0 eth0: RTL8168evl/8111evl at 0xf0022000, 02:04:4b:01:60:a6, XID 0c900800 IRQ 473
[    3.028427] r8169 0000:01:00.0 eth0: jumbo features [frames: 9200 bytes, tx checksumming: ko]
[    3.034342] [drm] Supports vblank timestamp caching Rev 2 (21.10.2013).
[    3.037662] [drm] No driver support for vblank timestamp query.
[    3.040815] host1x drm: No connectors reported connected with modes
[    3.043966] [drm] Cannot find any crtc or sizes - going 1024x768
[    3.062449] Console: switching to colour frame buffer device 128x48
[    3.071278] host1x drm: fb0:  frame buffer device
[    3.073639] host1x drm: registered panic notifier
[    3.076006] [drm] Initialized tegra 0.0.0 20120330 on minor 0
[    3.081985] utmi_phy_clk_enable: timeout waiting for phy to stabilize
[    3.085220] tegra-ehci 7d008000.usb: EHCI Host Controller
[    3.087949] tegra-ehci 7d008000.usb: new USB bus registered, assigned bus number 1
[    3.092095] tegra-ehci 7d008000.usb: irq 129, io mem 0x7d008000
[    3.109380] tegra-ehci 7d008000.usb: USB 2.0 started, EHCI 1.00
[    3.112948] hub 1-0:1.0: USB hub found
[    3.114858] hub 1-0:1.0: 1 port detected
[    3.117410] tegra_rtc 7000e000.rtc: setting system clock to 1970-01-01 00:03:35 UTC (215)
[    3.128987] ALSA device list:
[    3.130536]   #0: NVIDIA Tegra Beaver
[    3.279630] kjournald starting.  Commit interval 5 seconds
[    3.281402] EXT3-fs (mmcblk0p1): using internal journal
[    3.282877] EXT3-fs (mmcblk0p1): recovery complete
[    3.282880] EXT3-fs (mmcblk0p1): mounted filesystem with writeback data mode
[    3.282954] VFS: Mounted root (ext3 filesystem) on device 179:1.
[    3.285243] devtmpfs: mounted
[    3.285480] Freeing unused kernel memory: 236K (c074f000 - c078a000)
 
INIT: version 2.88 booting
[info] Using makefile-style concurrent boot in runlevel S.
[....] Starting the hotplug events dispatcher: udevd[    4.197796] udevd[178]: starting version 175
[ ok .
[....] Synthesizing the initial hotplug events...[ ok done.
[....] Waiting for /dev to be fully populated...[ ok done.
[....] Activating swap...[ ok done.
[....] Cleaning up temporary files... /tmp[ ok .
[....] Activating lvm and md swap...[ ok done.
[....] Checking file systems...fsck from util-linux 2.20.1
[ ok done.
[....] Mounting local filesystems...[ ok done.
[....] Activating swapfile swap...[ ok done.
[    7.079451] random: nonblocking pool is initialized
[....] Cleaning up temporary files...[ ok .
[....] Setting kernel variables ...[ ok done.
[....] Configuring network interfaces...[ ok done.
[....] Starting rpcbind daemon...[ ok .
[....] Starting NFS common utilities: statd idmapd[FAIL failed!
[....] Cleaning up temporary files...[ ok .
[....] Starting network benchmark server[ ok .
[....] startpar: service(s) returned failure: nfs-common ...[FAIL failed!
INIT: Entering runlevel: 2
[info] Using makefile-style concurrent boot in runlevel 2.
[....] Starting network benchmark server[FAIL failed!
[....] Starting rpcbind daemon...[....] Already running.[ ok .
[....] Starting NFS common utilities: statd idmapd[FAIL failed!
[....] Starting system message bus: dbus[ ok .
[....] startpar: service(s) returned failure: nfs-common ...[FAIL failed!

Debian GNU/Linux wheezy/sid armel ttyS0

armel login: 