
U-Boot SPL 2014.01-00219-gc4d376f (Feb 18 2014 - 19:57:32)


U-Boot 2014.01-00219-gc4d376f (Feb 18 2014 - 19:57:32)

TEGRA114
Board: NVIDIA Dalmore
I2C:   ready
DRAM:  2 GiB
MMC:   Tegra SD/MMC: 0, Tegra SD/MMC: 1
In:    serial
Out:   serial
Err:   serial
Net:   Net Initialization Skipped
No ethernet found.
Hit any key to stop autoboot:  2  0 
Tegra114 (Dalmore) # 
Tegra114 (Dalmore) # usb reset
(Re)start USB...
USB0:   USB EHCI 1.10
scanning bus 0 for devices... 2 USB Device(s) found
       scanning usb for storage devices... 0 Storage Device(s) found
       scanning usb for ethernet devices... 
Warning: asx0 using MAC address from net device
1 Ethernet Device(s) found
Tegra114 (Dalmore) # setenv bootargs 'ignore_loglevel console=ttyS0,115200n8 rw root=PARTUUID=7369c667-ff51-ec4a-29cd-baabf2fbe346 rootwait gpt debug earlyprintk init=/bin/bash'
Tegra114 (Dalmore) # setenv ipaddr 192.168.100.100; setenv serverip 192.168.100.1; setenv tftpserverip 192.168.100.1
Tegra114 (Dalmore) # tftpboot 0x81000000 zImage.tegra_defconfig
Using asx0 device
TFTP from server 192.168.100.1; our IP address is 192.168.100.100
Filename 'zImage.tegra_defconfig'.
Load address: 0x81000000
Loading: *#################################################################
	 #################################################################
	 #################################################################
	 #################################################################
	 #################################################################
	 ######################################################
	 2.8 MiB/s
done
Bytes transferred = 5560016 (54d6d0 hex)
Tegra114 (Dalmore) # tftpboot 0x82000000 tegra114-dalmore.dtb
Using asx0 device
TFTP from server 192.168.100.1; our IP address is 192.168.100.100
Filename 'tegra114-dalmore.dtb'.
Load address: 0x82000000
Loading: *###
	 2.8 MiB/s
done
Bytes transferred = 34956 (888c hex)
Tegra114 (Dalmore) # bootz 0x81000000 - 0x82000000
Kernel image @ 0x81000000 [ 0x000000 - 0x54d6d0 ]
## Flattened Device Tree blob at 82000000
   Booting using the fdt blob at 0x82000000
   Loading Device Tree to 8fff4000, end 8ffff88b ... OK

Starting kernel ...

Uncompressing Linux... done, booting the kernel.
[    0.000000] Booting Linux on physical CPU 0x0
[    0.000000] Linux version 4.7.0-rc3-next-20160614-99479-g81e615f (pwalmsley@kaivo) (gcc version 4.7.3 20130328 (prerelease) (crosstool-NG linaro-1.13.1-4.7-2013.04-20130415 - Linaro GCC 2013.04) ) #1 SMP PREEMPT Tue Jun 14 00:34:43 PDT 2016
[    0.000000] CPU: ARMv7 Processor [412fc0f2] revision 2 (ARMv7), cr=10c5387d
[    0.000000] CPU: div instructions available: patching division code
[    0.000000] CPU: PIPT / VIPT nonaliasing data cache, PIPT instruction cache
[    0.000000] Machine model: NVIDIA Tegra114 Dalmore evaluation board
[    0.000000] debug: ignoring loglevel setting.
[    0.000000] bootconsole [earlycon0] enabled
[    0.000000] cma: Reserved 64 MiB at 0xfbc00000
[    0.000000] Memory policy: Data cache writealloc
[    0.000000] On node 0 totalpages: 524032
[    0.000000] free_area_init_node: node 0, pgdat c0d5bd80, node_mem_map eeff9000
[    0.000000]   Normal zone: 1536 pages used for memmap
[    0.000000]   Normal zone: 0 pages reserved
[    0.000000]   Normal zone: 196608 pages, LIFO batch:31
[    0.000000]   HighMem zone: 327424 pages, LIFO batch:31
[    0.000000] percpu: Embedded 13 pages/cpu @eefa0000 s23936 r8192 d21120 u53248
[    0.000000] pcpu-alloc: s23936 r8192 d21120 u53248 alloc=13*4096
[    0.000000] pcpu-alloc: [0] 0 [0] 1 [0] 2 [0] 3 
[    0.000000] Built 1 zonelists in Zone order, mobility grouping on.  Total pages: 522496
[    0.000000] Kernel command line: ignore_loglevel console=ttyS0,115200n8 rw root=PARTUUID=7369c667-ff51-ec4a-29cd-baabf2fbe346 rootwait gpt debug earlyprintk init=/bin/bash
[    0.000000] PID hash table entries: 4096 (order: 2, 16384 bytes)
[    0.000000] Dentry cache hash table entries: 131072 (order: 7, 524288 bytes)
[    0.000000] Inode-cache hash table entries: 65536 (order: 6, 262144 bytes)
[    0.000000] Memory: 1999960K/2096128K available (7416K kernel code, 374K rwdata, 2844K rodata, 1024K init, 366K bss, 30632K reserved, 65536K cma-reserved, 1244160K highmem)
[    0.000000] Virtual kernel memory layout:
[    0.000000]     vector  : 0xffff0000 - 0xffff1000   (   4 kB)
[    0.000000]     fixmap  : 0xffc00000 - 0xfff00000   (3072 kB)
[    0.000000]     vmalloc : 0xf0800000 - 0xff800000   ( 240 MB)
[    0.000000]     lowmem  : 0xc0000000 - 0xf0000000   ( 768 MB)
[    0.000000]     pkmap   : 0xbfe00000 - 0xc0000000   (   2 MB)
[    0.000000]     modules : 0xbf000000 - 0xbfe00000   (  14 MB)
[    0.000000]       .text : 0xc0008000 - 0xc0b05248   (11253 kB)
[    0.000000]       .init : 0xc0c00000 - 0xc0d00000   (1024 kB)
[    0.000000]       .data : 0xc0d00000 - 0xc0d5d920   ( 375 kB)
[    0.000000]        .bss : 0xc0d5f000 - 0xc0dbaadc   ( 367 kB)
[    0.000000] Preemptible hierarchical RCU implementation.
[    0.000000] 	Build-time adjustment of leaf fanout to 32.
[    0.000000] NR_IRQS:16 nr_irqs:16 16
[    0.000000] /interrupt-controller@60004000: 160 interrupts forwarded to /interrupt-controller@50041000
[    0.000000] Tegra clk 127: register failed with -17
[    0.000008] sched_clock: 32 bits at 1000kHz, resolution 1000ns, wraps every 2147483647500ns
[    0.007526] clocksource: timer_us: mask: 0xffffffff max_cycles: 0xffffffff, max_idle_ns: 1911260446275 ns
[    0.017143] Switching to timer-based delay loop, resolution 1000ns
[    0.024213] Architected cp15 timer(s) running at 12.00MHz (virt).
[    0.029538] clocksource: arch_sys_counter: mask: 0xffffffffffffff max_cycles: 0x2c47f4ee7, max_idle_ns: 440795202497 ns
[    0.040373] sched_clock: 56 bits at 12MHz, resolution 83ns, wraps every 4398046511096ns
[    0.048427] Switching to timer-based delay loop, resolution 83ns
[    0.054950] Console: colour dummy device 80x30
[    0.059012] Calibrating delay loop (skipped), value calculated using timer frequency.. 24.00 BogoMIPS (lpj=120000)
[    0.069396] pid_max: default: 32768 minimum: 301
[    0.074664] Mount-cache hash table entries: 2048 (order: 1, 8192 bytes)
[    0.080766] Mountpoint-cache hash table entries: 2048 (order: 1, 8192 bytes)
[    0.089344] CPU: Testing write buffer coherency: ok
[    0.093072] /cpus/cpu@0 missing clock-frequency property
[    0.098189] /cpus/cpu@1 missing clock-frequency property
[    0.103584] /cpus/cpu@2 missing clock-frequency property
[    0.108937] /cpus/cpu@3 missing clock-frequency property
[    0.114306] CPU0: thread -1, cpu 0, socket 0, mpidr 80000000
[    0.120024] Setting up static identity map for 0x80100000 - 0x80100098
[    0.187136] Tegra Revision: A01 SKU: 0 CPU Process: 1 SoC Process: 0
[    0.227251] CPU1: thread -1, cpu 1, socket 0, mpidr 80000001
[    0.267308] CPU2: thread -1, cpu 2, socket 0, mpidr 80000002
[    0.307372] CPU3: thread -1, cpu 3, socket 0, mpidr 80000003
[    0.307476] Brought up 4 CPUs
[    0.325783] SMP: Total of 4 processors activated (96.00 BogoMIPS).
[    0.332033] CPU: All CPU(s) started in SVC mode.
[    0.363531] devtmpfs: initialized
[    0.394291] VFP support v0.3: implementor 41 architecture 4 part 30 variant f rev 0
[    0.400730] clocksource: jiffies: mask: 0xffffffff max_cycles: 0xffffffff, max_idle_ns: 19112604462750000 ns
[    0.470148] pinctrl core: initialized pinctrl subsystem
[    0.560734] NET: Registered protocol family 16
[    0.564636] DMA: preallocated 256 KiB pool for atomic coherent allocations
[    0.600371] cpuidle: using governor menu
[    0.623111] No ATAGs?
[    0.623319] hw-breakpoint: found 5 (+1 reserved) breakpoint and 4 watchpoint registers.
[    0.631639] hw-breakpoint: maximum watchpoint size is 8 bytes.
[    0.662660] tegra-mc 70019000.memory-controller: no memory timings for RAM code 3 registered
[    0.983606] dvdd_ts: Failed to request enable GPIO61: -517
[    0.987271] reg-fixed-voltage regulators:regulator@1: Failed to register regulator: -517
[    0.995572] usb1_vbus: Failed to request enable GPIO108: -517
[    1.001223] reg-fixed-voltage regulators:regulator@3: Failed to register regulator: -517
[    1.009516] usb2_vbus: Failed to request enable GPIO86: -517
[    1.015089] reg-fixed-voltage regulators:regulator@4: Failed to register regulator: -517
[    1.024015] VDD_5V0_HDMI_CON: Failed to request enable GPIO81: -517
[    1.029563] reg-fixed-voltage regulators:regulator@7: Failed to register regulator: -517
[    1.039545] vgaarb: loaded
[    1.068326] SCSI subsystem initialized
[    1.070535] libata version 3.00 loaded.
[    1.074846] usbcore: registered new interface driver usbfs
[    1.079905] usbcore: registered new interface driver hub
[    1.085226] usbcore: registered new device driver usb
[    1.094621] tps65090 2-0048: No cache defaults, reading back from HW
[    1.101329] TPS65090_RAILSDCDC1: supplied by vdd_ac_bat
[    1.105537] vdd_hdmi_5v0: supplied by vdd-sys-5v0
[    1.110302] TPS65090_RAILSDCDC2: supplied by vdd_ac_bat
[    1.116132] TPS65090_RAILSDCDC3: supplied by vdd_ac_bat
[    1.120862] TPS65090_RAILSFET1: supplied by vdd_ac_bat
[    1.125899] TPS65090_RAILSFET2: supplied by vdd_ac_bat
[    1.131115] TPS65090_RAILSFET3: supplied by vdd-sys-3v3
[    1.136548] TPS65090_RAILSFET4: supplied by vdd-sys-3v3
[    1.141846] TPS65090_RAILSFET5: supplied by vdd-sys-3v3
[    1.147118] TPS65090_RAILSFET6: supplied by vdd-sys-3v3
[    1.152750] TPS65090_RAILSFET7: supplied by vdd-sys-3v3
[    1.157698] TPS65090_RAILSLDO1: supplied by vdd_ac_bat
[    1.162593] TPS65090_RAILSLDO2: supplied by vdd_ac_bat
[    1.168484] genirq: Setting trigger mode 8 for irq 341 failed (irq_chip_set_type_parent+0x0/0x28)
[    1.176259] palmas 2-0058: Irq flag is 0x00000000
[    1.184696] palmas 2-0058: Muxing GPIO ff, PWM 0, LED 0
[    1.191151] SMPS12: supplied by vdd-ao
[    1.195018] SMPS3: supplied by vdd-ao
[    1.198964] SMPS457: supplied by vdd-sys-3v3
[    1.204936] SMPS8: supplied by vdd-sys-3v3
[    1.209173] SMPS9: supplied by vdd-sys-3v3
[    1.211977] sdhci-vdd-sd-slot: Bringing 2840000uV into 2800000-2800000uV
[    1.218967] sdhci-vdd-sd-slot: ramp_delay not set
[    1.225787] LDO1: supplied by vdd-sys-3v3
[    1.229472] LDO2: supplied by vdd-sys-3v3
[    1.233545] LDO3: supplied by vddio-1v8
[    1.237443] LDO4: supplied by vdd-sys-3v3
[    1.241549] LDO5: supplied by vdd_ac_bat
[    1.245061] LDO6: supplied by vdd-sys-3v3
[    1.248611] vdd-sensor-2v85: Bringing 2900000uV into 2850000-2850000uV
[    1.256246] LDO7: supplied by vdd-sys-3v3
[    1.260780] LDO8: supplied by vdd-ao
[    1.263075] vdd-rtc: Bringing 675000uV into 900000-900000uV
[    1.279200] LDO9: supplied by sdhci-vdd-sd-slot
[    1.289529] LDOLN: supplied by vdd-sys-5v0
[    1.293316] LDOUSB: supplied by vdd-sys-5v0
[    1.303472] Linux video capture interface: v2.00
[    1.306366] pps_core: LinuxPPS API ver. 1 registered
[    1.311311] pps_core: Software ver. 5.3.6 - Copyright 2005-2007 Rodolfo Giometti <giometti@linux.it>
[    1.320528] PTP clock support registered
[    1.325487] Advanced Linux Sound Architecture Driver Initialized.
[    1.332323] Bluetooth: Core ver 2.21
[    1.334321] NET: Registered protocol family 31
[    1.338782] Bluetooth: HCI device and connection manager initialized
[    1.345191] Bluetooth: HCI socket layer initialized
[    1.350144] Bluetooth: L2CAP socket layer initialized
[    1.355273] Bluetooth: SCO socket layer initialized
[    1.361770] clocksource: Switched to clocksource arch_sys_counter
[    1.641804] NET: Registered protocol family 2
[    1.881809] TCP established hash table entries: 8192 (order: 3, 32768 bytes)
[    1.887118] TCP bind hash table entries: 8192 (order: 4, 65536 bytes)
[    1.893727] TCP: Hash tables configured (established 8192 bind 8192)
[    1.900371] UDP hash table entries: 512 (order: 2, 16384 bytes)
[    1.905976] UDP-Lite hash table entries: 512 (order: 2, 16384 bytes)
[    2.001804] NET: Registered protocol family 1
[    2.091808] RPC: Registered named UNIX socket transport module.
[    2.095900] RPC: Registered udp transport module.
[    2.100666] RPC: Registered tcp transport module.
[    2.105456] RPC: Registered tcp NFSv4.1 backchannel transport module.
[    2.111975] PCI: CLS 0 bytes, default 64
[    2.144100] futex hash table entries: 1024 (order: 4, 65536 bytes)
[    2.149523] workingset: timestamp_bits=28 max_order=19 bucket_order=0
[    2.731802] squashfs: version 4.0 (2009/01/31) Phillip Lougher
[    2.981860] NFS: Registering the id_resolver key type
[    2.985115] Key type id_resolver registered
[    2.989330] Key type id_legacy registered
[    2.997792] bounce: pool size: 64 pages
[    2.999807] io scheduler noop registered (default)
[    3.195535] tegra-apbdma 6000a000.dma: Tegra20 APB DMA driver register 32 channels
[    3.202171] tegra-pmc 7000e400.pmc: i2c-thermtrip node not found, emergency thermal reset disabled.
[    3.211112] Serial: 8250/16550 driver, 4 ports, IRQ sharing disabled
[    3.220683] console [ttyS0] disabled
[    3.222524] 70006300.serial: ttyS0 at MMIO 0x70006300 (irq = 329, base_baud = 25500000) is a Tegra
[    3.231488] console [ttyS0] enabled
[    3.231488] console [ttyS0] enabled
[    3.237825] bootconsole [earlycon0] disabled
[    3.237825] bootconsole [earlycon0] disabled
[    3.249137] [drm] Initialized drm 1.1.0 20060810
[    3.255334] tegra-hdmi 54280000.hdmi: failed to get HDMI regulator
[    3.292866] loop: module loaded
[    3.333939] m25p80 spi32766.0: w25q32dw (4096 Kbytes)
[    3.342376] CAN device driver interface
[    3.346309] igb: Intel(R) Gigabit Ethernet Network Driver - version 5.3.0-k
[    3.353315] igb: Copyright (c) 2007-2014 Intel Corporation.
[    3.359222] pegasus: v0.9.3 (2013/04/25), Pegasus/Pegasus II USB Ethernet driver
[    3.366799] usbcore: registered new interface driver pegasus
[    3.372671] usbcore: registered new interface driver asix
[    3.378192] usbcore: registered new interface driver ax88179_178a
[    3.384449] usbcore: registered new interface driver cdc_ether
[    3.390449] usbcore: registered new interface driver smsc75xx
[    3.396377] usbcore: registered new interface driver smsc95xx
[    3.402256] usbcore: registered new interface driver net1080
[    3.408034] usbcore: registered new interface driver cdc_subset
[    3.414084] usbcore: registered new interface driver zaurus
[    3.419823] usbcore: registered new interface driver cdc_ncm
[    3.425992] ehci_hcd: USB 2.0 'Enhanced' Host Controller (EHCI) Driver
[    3.432531] ehci-pci: EHCI PCI platform driver
[    3.437092] tegra-ehci: Tegra EHCI driver
[    3.442064] usbcore: registered new interface driver cdc_acm
[    3.447714] cdc_acm: USB Abstract Control Model driver for USB modems and ISDN adapters
[    3.455844] usbcore: registered new interface driver cdc_wdm
[    3.461667] usbcore: registered new interface driver usb-storage
[    3.468499] mousedev: PS/2 mouse device common for all mice
[    3.489201] palmas-rtc 7000d000.i2c:tps65913@58:rtc: rtc core: registered 7000d000.i2c:tps659 as rtc0
[    3.500228] tegra_rtc 7000e000.rtc: rtc core: registered 7000e000.rtc as rtc1
[    3.507482] tegra_rtc 7000e000.rtc: Tegra internal Real Time Clock
[    3.514055] i2c /dev entries driver
[    3.519168] usbcore: registered new interface driver uvcvideo
[    3.524931] USB Video Class driver (1.1.1)
[    3.529021] gspca_main: v2.14.0 registered
[    3.533855] sbs-battery 0-000b: sbs_probe: Failed to get device status
[    3.540393] sbs-battery: probe of 0-000b failed with error -121
[    3.552742] tegra-wdt 60005000.timer: initialized (heartbeat = 120 sec, nowayout = 0)
[    3.561365] sdhci: Secure Digital Host Controller Interface driver
[    3.567559] sdhci: Copyright(c) Pierre Ossman
[    3.571926] sdhci-pltfm: SDHCI platform and OF driver helper
[    3.577993] sdhci-tegra 78000400.sdhci: Got CD GPIO
[    3.582908] sdhci-tegra 78000400.sdhci: Got WP GPIO
[    3.588977] mmc0: Invalid maximum block size, assuming 512 bytes
[    3.642028] mmc0: SDHCI controller on 78000400.sdhci [78000400.sdhci] using ADMA
[    3.654954] mmc1: Invalid maximum block size, assuming 512 bytes
[    3.711851] mmc1: SDHCI controller on 78000600.sdhci [78000600.sdhci] using ADMA
[    3.727585] usbcore: registered new interface driver usbhid
[    3.735296] usbhid: USB HID core driver
[    3.796887] mmc1: new high speed MMC card at address 0001
[    3.803440] mmcblk1: mmc1:0001 SEM32G 29.1 GiB 
[    3.808520] mmcblk1boot0: mmc1:0001 SEM32G partition 1 4.00 MiB
[    3.814623] mmc0: new high speed SDHC card at address aaaa
[    3.820933] mmcblk0: mmc0:aaaa SL16G 14.8 GiB 
[    3.836765] mmcblk1boot1: mmc1:0001 SEM32G partition 2 4.00 MiB
[    3.843340] mmcblk1rpmb: mmc1:0001 SEM32G partition 3 4.00 MiB
[    3.852683]  mmcblk1: p1 p2 p3 p4 p5 p6 p7 p8
[    3.858236]  mmcblk0: p1 p2 p3
[    4.185030] tegra30-i2s 70080400.i2s: DMA channels sourced from device 70080000.ahub
[    4.202567] tegra-snd-rt5640 sound: rt5640-aif1 <-> 70080400.i2s mapping ok
[    4.215055] input: NVIDIA Tegra Dalmore Headphones as /devices/soc0/sound/sound/card0/input0
[    4.441807] NET: Registered protocol family 10
[    4.561837] mip6: Mobile IPv6
[    4.564805] sit: IPv6 over IPv4 tunneling driver
[    4.572584] NET: Registered protocol family 17
[    4.577059] NET: Registered protocol family 15
[    4.581495] can: controller area network core (rev 20120528 abi 9)
[    4.611927] NET: Registered protocol family 29
[    4.616368] can: raw protocol (rev 20120528)
[    4.620632] can: broadcast manager protocol (rev 20120528 t)
[    4.626320] can: netlink gateway (rev 20130117) max_hops=1
[    4.661935] Bluetooth: RFCOMM socket layer initialized
[    4.667083] Bluetooth: RFCOMM ver 1.11
[    4.670836] Bluetooth: BNEP (Ethernet Emulation) ver 1.3
[    4.676180] Bluetooth: BNEP socket layer initialized
[    4.681137] Bluetooth: HIDP (Human Interface Emulation) ver 1.2
[    4.687078] Bluetooth: HIDP socket layer initialized
[    4.692380] Key type dns_resolver registered
[    4.697968] Registering SWP/SWPB emulation handler
[    4.705734] usb1_vbus: supplied by vdd-sys-5v0
[    4.711465] usb2_vbus: supplied by vdd-sys-5v0
[    4.719772] VDD_5V0_HDMI_CON: supplied by vdd-sys-5v0
[    4.732127] [drm] Supports vblank timestamp caching Rev 2 (21.10.2013).
[    4.738740] [drm] No driver support for vblank timestamp query.
[    4.805531] Console: switching to colour frame buffer device 240x75
[    4.833243] drm drm: fb0:  frame buffer device
[    4.871905] [drm] Initialized tegra 0.0.0 20120330 on minor 0
[    4.881310] tegra-ehci 7d008000.usb: EHCI Host Controller
[    4.886856] tegra-ehci 7d008000.usb: new USB bus registered, assigned bus number 1
[    4.894893] tegra-ehci 7d008000.usb: irq 339, io mem 0x7d008000
[    4.911904] tegra-ehci 7d008000.usb: USB 2.0 started, EHCI 1.10
[    4.919881] hub 1-0:1.0: USB hub found
[    4.923756] hub 1-0:1.0: 1 port detected
[    4.930173] input: gpio-keys as /devices/soc0/gpio-keys/input/input1
[    4.939133] palmas-rtc 7000d000.i2c:tps65913@58:rtc: setting system clock to 2000-04-07 18:58:33 UTC (955133913)
[    4.969506] dvdd_ts: disabling
[    4.972606] usb1_vbus: disabling
[    4.975833] vdd_cam_1v8_reg: disabling
[    4.979847] ALSA device list:
[    4.982828]   #0: NVIDIA Tegra Dalmore
[    4.987950] EXT4-fs (mmcblk1p1): mounting ext3 file system using the ext4 subsystem
[    5.052484] EXT4-fs (mmcblk1p1): recovery complete
[    5.057286] EXT4-fs (mmcblk1p1): mounted filesystem with ordered data mode. Opts: (null)
[    5.065447] VFS: Mounted root (ext3 filesystem) on device 179:1.
[    5.076964] devtmpfs: mounted
[    5.081001] Freeing unused kernel memory: 1024K (c0c00000 - c0d00000)
bash: cannot set terminal process group (-1): Inappropriate ioctl for device
bash: no job control in this shell
[    5.241881] usb 1-1: new high-speed USB device number 2 using tegra-ehci
root@(none):/# mount -t sysfs none /sys
root@(none):/# 
root@(none):/# [    6.241359] asix 1-1:1.0 eth0: register 'asix' at usb-7d008000.usb-1, ASIX AX88772 USB 2.0 Ethernet, 00:50:b6:0d:b5:16
mount -t debugfs none /sys/kernel/debug
root@(none):/# 
root@(none):/# rtcwake -d rtc1 -m mem -s 3
rtcwake: assuming RTC uses UTC ...
rtcwake: wakeup from "mem" using /dev/rtc1 at Thu Jan  1 00:00:22 1970
[    8.164795] PM: Syncing filesystems ... done.
[    8.191945] Freezing user space processes ... (elapsed 0.009 seconds) done.
[    8.193384] Freezing remaining freezable tasks ... (elapsed 0.001 seconds) done.
[    8.193388] Suspending console(s) (use no_console_suspend to debug)
[    8.284267] PM: suspend of devices complete after 68.027 msecs
[    8.285966] PM: late suspend of devices complete after 1.683 msecs
[    8.287642] PM: noirq suspend of devices complete after 1.666 msecs
[    8.287647] Disabling non-boot CPUs ...
[    8.312642] CPU1: shutdown
[    8.382585] CPU2: shutdown
[    8.442306] IRQ17 no longer affine to CPU3
[    8.442668] CPU3: shutdown
[    8.474197] Entering suspend state LP1
[    8.474245] Enabling non-boot CPUs ...
[    8.525031] CPU1 is up
[    8.575698] CPU2 is up
[    8.626426] CPU3 is up
[    8.627492] PM: noirq resume of devices complete after 1.055 msecs
[    8.630120] PM: early resume of devices complete after 1.980 msecs
[    8.733949] PM: resume of devices complete after 103.811 msecs
[    8.802532] Restarting tasks ... done.
root@(none):/# 
root@(none):/# rtcwake -d rtc1 -m mem -s 3
rtcwake: assuming RTC uses UTC ...
rtcwake: wakeup from "mem" using /dev/rtc1 at Thu Jan  1 00:00:30 1970
[    9.279797] PM: Syncing filesystems ... done.
[    9.303459] Freezing user space processes ... (elapsed 0.001 seconds) done.
[    9.304877] Freezing remaining freezable tasks ... (elapsed 0.001 seconds) done.
[    9.304882] Suspending console(s) (use no_console_suspend to debug)
[    9.393874] PM: suspend of devices complete after 64.325 msecs
[    9.395625] PM: late suspend of devices complete after 1.734 msecs
[    9.397267] PM: noirq suspend of devices complete after 1.632 msecs
[    9.397272] Disabling non-boot CPUs ...
[    9.422584] CPU1: shutdown
[    9.482544] CPU2: shutdown
[    9.542492] CPU3: shutdown
[    9.594127] Entering suspend state LP1
[    9.594174] Enabling non-boot CPUs ...
[    9.644987] CPU1 is up
[    9.695648] CPU2 is up
[    9.746371] CPU3 is up
[    9.747382] PM: noirq resume of devices complete after 1.001 msecs
[    9.749508] PM: early resume of devices complete after 1.470 msecs
[    9.843948] PM: resume of devices complete after 94.421 msecs
[    9.908307] Restarting tasks ... done.
root@(none):/# 
root@(none):/# rtcwake -d rtc1 -m mem -s 3
rtcwake: assuming RTC uses UTC ...
rtcwake: wakeup from "mem" using /dev/rtc1 at Thu Jan  1 00:00:38 1970
[   10.391471] PM: Syncing filesystems ... done.
[   10.413368] Freezing user space processes ... (elapsed 0.001 seconds) done.
[   10.414776] Freezing remaining freezable tasks ... (elapsed 0.001 seconds) done.
[   10.414781] Suspending console(s) (use no_console_suspend to debug)
[   10.513895] PM: suspend of devices complete after 72.733 msecs
[   10.515856] PM: late suspend of devices complete after 1.944 msecs
[   10.517429] PM: noirq suspend of devices complete after 1.563 msecs
[   10.517433] Disabling non-boot CPUs ...
[   10.542169] IRQ17 no longer affine to CPU1
[   10.542546] CPU1: shutdown
[   10.622523] CPU2: shutdown
[   10.682428] CPU3: shutdown
[   10.714081] Entering suspend state LP1
[   10.714128] Enabling non-boot CPUs ...
[   10.764957] CPU1 is up
[   10.815600] CPU2 is up
[   10.866325] CPU3 is up
[   10.867298] PM: noirq resume of devices complete after 0.962 msecs
[   10.869661] PM: early resume of devices complete after 1.699 msecs
[   10.963911] PM: resume of devices complete after 94.230 msecs
[   11.032344] Restarting tasks ... done.
root@(none):/# 
root@(none):/# rtcwake -d rtc1 -m mem -s 3
rtcwake: assuming RTC uses UTC ...
rtcwake: wakeup from "mem" using /dev/rtc1 at Thu Jan  1 00:00:46 1970
[   11.510690] PM: Syncing filesystems ... done.
[   11.533388] Freezing user space processes ... (elapsed 0.001 seconds) done.
[   11.534820] Freezing remaining freezable tasks ... (elapsed 0.001 seconds) done.
[   11.534824] Suspending console(s) (use no_console_suspend to debug)
[   11.623891] PM: suspend of devices complete after 63.565 msecs
[   11.625843] PM: late suspend of devices complete after 1.934 msecs
[   11.627449] PM: noirq suspend of devices complete after 1.596 msecs
[   11.627454] Disabling non-boot CPUs ...
[   11.652143] IRQ17 no longer affine to CPU1
[   11.652495] CPU1: shutdown
[   11.722485] CPU2: shutdown
[   11.782379] CPU3: shutdown
[   11.814044] Entering suspend state LP1
[   11.814090] Enabling non-boot CPUs ...
[   11.864913] CPU1 is up
[   11.915572] CPU2 is up
[   11.966300] CPU3 is up
[   11.967322] PM: noirq resume of devices complete after 1.011 msecs
[   11.969533] PM: early resume of devices complete after 1.578 msecs
[   12.063815] PM: resume of devices complete after 94.263 msecs
[   12.132267] Restarting tasks ... done.
root@(none):/# 
root@(none):/# rtcwake -d rtc1 -m mem -s 3
rtcwake: assuming RTC uses UTC ...
rtcwake: wakeup from "mem" using /dev/rtc1 at Thu Jan  1 00:00:54 1970
[   12.623068] PM: Syncing filesystems ... done.
[   12.643344] Freezing user space processes ... (elapsed 0.001 seconds) done.
[   12.644774] Freezing remaining freezable tasks ... (elapsed 0.001 seconds) done.
[   12.644779] Suspending console(s) (use no_console_suspend to debug)
[   12.744016] PM: suspend of devices complete after 71.053 msecs
[   12.745704] PM: late suspend of devices complete after 1.671 msecs
[   12.747363] PM: noirq suspend of devices complete after 1.649 msecs
[   12.747367] Disabling non-boot CPUs ...
[   12.772454] CPU1: shutdown
[   12.832424] CPU2: shutdown
[   12.891989] IRQ17 no longer affine to CPU3
[   12.892351] CPU3: shutdown
[   12.924006] Entering suspend state LP1
[   12.924052] Enabling non-boot CPUs ...
[   12.974868] CPU1 is up
[   13.025533] CPU2 is up
[   13.076252] CPU3 is up
[   13.077288] PM: noirq resume of devices complete after 1.025 msecs
[   13.079743] PM: early resume of devices complete after 1.796 msecs
[   13.183762] PM: resume of devices complete after 104.001 msecs
[   13.252317] Restarting tasks ... done.
root@(none):/# 
root@(none):/# rtcwake -d rtc1 -m mem -s 3
rtcwake: assuming RTC uses UTC ...
rtcwake: wakeup from "mem" using /dev/rtc1 at Thu Jan  1 00:01:02 1970
[   13.721389] PM: Syncing filesystems ... done.
[   13.743307] Freezing user space processes ... (elapsed 0.001 seconds) done.
[   13.744739] Freezing remaining freezable tasks ... (elapsed 0.001 seconds) done.
[   13.744743] Suspending console(s) (use no_console_suspend to debug)
[   13.843939] PM: suspend of devices complete after 72.906 msecs
[   13.845635] PM: late suspend of devices complete after 1.678 msecs
[   13.847232] PM: noirq suspend of devices complete after 1.586 msecs
[   13.847236] Disabling non-boot CPUs ...
[   13.882405] CPU1: shutdown
[   13.982371] CPU2: shutdown
[   14.062022] IRQ17 no longer affine to CPU3
[   14.062386] CPU3: shutdown
[   14.093953] Entering suspend state LP1
[   14.093999] Enabling non-boot CPUs ...
[   14.144826] CPU1 is up
[   14.195524] CPU2 is up
[   14.246220] CPU3 is up
[   14.247256] PM: noirq resume of devices complete after 1.026 msecs
[   14.249648] PM: early resume of devices complete after 1.754 msecs
[   14.353509] PM: resume of devices complete after 103.843 msecs
[   14.422064] Restarting tasks ... done.
root@(none):/# 
root@(none):/# rtcwake -d rtc1 -m mem -s 3
rtcwake: assuming RTC uses UTC ...
rtcwake: wakeup from "mem" using /dev/rtc1 at Thu Jan  1 00:01:10 1970
[   14.890148] PM: Syncing filesystems ... done.
[   14.913255] Freezing user space processes ... (elapsed 0.001 seconds) done.
[   14.914686] Freezing remaining freezable tasks ... (elapsed 0.001 seconds) done.
[   14.914690] Suspending console(s) (use no_console_suspend to debug)
[   15.013896] PM: suspend of devices complete after 74.440 msecs
[   15.015588] PM: late suspend of devices complete after 1.677 msecs
[   15.017237] PM: noirq suspend of devices complete after 1.640 msecs
[   15.017242] Disabling non-boot CPUs ...
[   15.042384] CPU1: shutdown
[   15.122340] CPU2: shutdown
[   15.182223] CPU3: shutdown
[   15.223965] Entering suspend state LP1
[   15.224012] Enabling non-boot CPUs ...
[   15.274791] CPU1 is up
[   15.325447] CPU2 is up
[   15.376171] CPU3 is up
[   15.377180] PM: noirq resume of devices complete after 0.998 msecs
[   15.379583] PM: early resume of devices complete after 1.768 msecs
[   15.473703] PM: resume of devices complete after 94.101 msecs
[   15.538062] Restarting tasks ... done.
root@(none):/# 
root@(none):/# rtcwake -d rtc1 -m mem -s 3
rtcwake: assuming RTC uses UTC ...
rtcwake: wakeup from "mem" using /dev/rtc1 at Thu Jan  1 00:01:18 1970
[   16.019808] PM: Syncing filesystems ... done.
[   16.043224] Freezing user space processes ... (elapsed 0.001 seconds) done.
[   16.044652] Freezing remaining freezable tasks ... (elapsed 0.001 seconds) done.
[   16.044656] Suspending console(s) (use no_console_suspend to debug)
[   16.133871] PM: suspend of devices complete after 64.436 msecs
[   16.135572] PM: late suspend of devices complete after 1.685 msecs
[   16.137221] PM: noirq suspend of devices complete after 1.640 msecs
[   16.137226] Disabling non-boot CPUs ...
[   16.162323] CPU1: shutdown
[   16.232296] CPU2: shutdown
[   16.291868] IRQ17 no longer affine to CPU3
[   16.292230] CPU3: shutdown
[   16.323886] Entering suspend state LP1
[   16.323933] Enabling non-boot CPUs ...
[   16.374750] CPU1 is up
[   16.425409] CPU2 is up
[   16.476131] CPU3 is up
[   16.477163] PM: noirq resume of devices complete after 1.022 msecs
[   16.479691] PM: early resume of devices complete after 1.874 msecs
[   16.583684] PM: resume of devices complete after 103.974 msecs
[   16.652220] Restarting tasks ... done.
root@(none):/# 
root@(none):/# rtcwake -d rtc1 -m mem -s 3
rtcwake: assuming RTC uses UTC ...
rtcwake: wakeup from "mem" using /dev/rtc1 at Thu Jan  1 00:01:26 1970
[   17.124600] PM: Syncing filesystems ... done.
[   17.143168] Freezing user space processes ... (elapsed 0.001 seconds) done.
[   17.144600] Freezing remaining freezable tasks ... (elapsed 0.001 seconds) done.
[   17.144604] Suspending console(s) (use no_console_suspend to debug)
[   17.243558] PM: suspend of devices complete after 69.205 msecs
[   17.245490] PM: late suspend of devices complete after 1.913 msecs
[   17.247086] PM: noirq suspend of devices complete after 1.586 msecs
[   17.247091] Disabling non-boot CPUs ...
[   17.272308] CPU1: shutdown
[   17.352265] CPU2: shutdown
[   17.411786] IRQ17 no longer affine to CPU3
[   17.412144] CPU3: shutdown
[   17.453858] Entering suspend state LP1
[   17.453906] Enabling non-boot CPUs ...
[   17.504717] CPU1 is up
[   17.555368] CPU2 is up
[   17.606096] CPU3 is up
[   17.607112] PM: noirq resume of devices complete after 1.005 msecs
[   17.609610] PM: early resume of devices complete after 1.840 msecs
[   17.713632] PM: resume of devices complete after 104.003 msecs
[   17.782228] Restarting tasks ... done.
root@(none):/# 
root@(none):/# rtcwake -d rtc1 -m mem -s 3
rtcwake: assuming RTC uses UTC ...
rtcwake: wakeup from "mem" using /dev/rtc1 at Thu Jan  1 00:01:34 1970
[   18.261079] PM: Syncing filesystems ... done.
[   18.283098] Freezing user space processes ... (elapsed 0.001 seconds) done.
[   18.284535] Freezing remaining freezable tasks ... (elapsed 0.001 seconds) done.
[   18.284539] Suspending console(s) (use no_console_suspend to debug)
[   18.373210] PM: suspend of devices complete after 62.408 msecs
[   18.375196] PM: late suspend of devices complete after 1.969 msecs
[   18.376759] PM: noirq suspend of devices complete after 1.553 msecs
[   18.376764] Disabling non-boot CPUs ...
[   18.402267] CPU1: shutdown
[   18.472225] CPU2: shutdown
[   18.532104] CPU3: shutdown
[   18.573819] Entering suspend state LP1
[   18.573866] Enabling non-boot CPUs ...
[   18.624679] CPU1 is up
[   18.675333] CPU2 is up
[   18.726059] CPU3 is up
[   18.727107] PM: noirq resume of devices complete after 1.038 msecs
[   18.729375] PM: early resume of devices complete after 1.629 msecs
[   18.823596] PM: resume of devices complete after 94.202 msecs
[   18.887933] Restarting tasks ... done.
root@(none):/# 
root@(none):/# NVTB SYSTEM SUSPEND TEST COMPLETE
