
U-Boot SPL 2014.07-00097-g772e173 (Jul 25 2014 - 20:02:52)


U-Boot 2014.07-00097-g772e173 (Jul 25 2014 - 20:02:52)

TEGRA124
Board: NVIDIA Jetson TK1
I2C:   ready
DRAM:  2 GiB
MMC:   Tegra SD/MMC: 0, Tegra SD/MMC: 1
In:    serial
Out:   serial
Err:   serial
Net:   Net Initialization Skipped
No ethernet found.
Hit any key to stop autoboot:  2  0 
Tegra124 (Jetson TK1) # 
Tegra124 (Jetson TK1) # usb reset
(Re)start USB...
USB0:   USB EHCI 1.10
scanning bus 0 for devices... 1 USB Device(s) found
USB1:   USB EHCI 1.10
scanning bus 1 for devices... 2 USB Device(s) found
       scanning usb for storage devices... 0 Storage Device(s) found
       scanning usb for ethernet devices... 
Warning: asx0 using MAC address from net device
1 Ethernet Device(s) found
Tegra124 (Jetson TK1) # setenv bootargs 'ignore_loglevel console=ttyS0,115200n8 rw root=/dev/mmcblk0p1 rootwait gpt debug noinitrd earlyprintk init=/bin/bash'
Tegra124 (Jetson TK1) # setenv ipaddr 192.168.100.102; setenv serverip 192.168.100.1; setenv tftpserverip 192.168.100.1
Tegra124 (Jetson TK1) # tftpboot 0x82000000 zImage.multi_v7_defconfig
Using asx0 device
TFTP from server 192.168.100.1; our IP address is 192.168.100.102
Filename 'zImage.multi_v7_defconfig'.
Load address: 0x82000000
Loading: *#################################################################
	 #################################################################
	 #################################################################
	 #################################################################
	 #################################################################
	 #################################################################
	 #################################################################
	 ######
	 3.2 MiB/s
done
Bytes transferred = 6761576 (672c68 hex)
Tegra124 (Jetson TK1) # tftpboot 0x83000000 tegra124-jetson-tk1.dtb
Using asx0 device
TFTP from server 192.168.100.1; our IP address is 192.168.100.102
Filename 'tegra124-jetson-tk1.dtb'.
Load address: 0x83000000
Loading: *#####
	 2.9 MiB/s
done
Bytes transferred = 64138 (fa8a hex)
Tegra124 (Jetson TK1) # bootz 0x82000000 - 0x83000000
Kernel image @ 0x82000000 [ 0x000000 - 0x672c68 ]
## Flattened Device Tree blob at 83000000
   Booting using the fdt blob at 0x83000000
   Using Device Tree in place at 83000000, end 83012a89

Starting kernel ...

[    0.000000] Booting Linux on physical CPU 0x0
[    0.000000] Linux version 4.4.0-next-20160122-67820-gcccc613 (pwalmsley@sellafield) (gcc version 4.7.3 20130328 (prerelease) (crosstool-NG linaro-1.13.1-4.7-2013.04-20130415 - Linaro GCC 2013.04) ) #1 SMP Thu Jan 21 19:47:55 PST 2016
[    0.000000] CPU: ARMv7 Processor [413fc0f3] revision 3 (ARMv7), cr=10c5387d
[    0.000000] CPU: div instructions available: patching division code
[    0.000000] CPU: PIPT / VIPT nonaliasing data cache, PIPT instruction cache
[    0.000000] Machine model: NVIDIA Tegra124 Jetson TK1
[    0.000000] debug: ignoring loglevel setting.
[    0.000000] cma: Reserved 64 MiB at 0xfb800000
[    0.000000] Memory policy: Data cache writealloc
[    0.000000] On node 0 totalpages: 524032
[    0.000000] free_area_init_node: node 0, pgdat c105dcc0, node_mem_map eeff8000
[    0.000000]   DMA zone: 1536 pages used for memmap
[    0.000000]   DMA zone: 0 pages reserved
[    0.000000]   DMA zone: 196608 pages, LIFO batch:31
[    0.000000]   HighMem zone: 327424 pages, LIFO batch:31
[    0.000000] PERCPU: Embedded 13 pages/cpu @eef8b000 s22912 r8192 d22144 u53248
[    0.000000] pcpu-alloc: s22912 r8192 d22144 u53248 alloc=13*4096
[    0.000000] pcpu-alloc: [0] 0 [0] 1 [0] 2 [0] 3 
[    0.000000] Built 1 zonelists in Zone order, mobility grouping on.  Total pages: 522496
[    0.000000] Kernel command line: ignore_loglevel console=ttyS0,115200n8 rw root=/dev/mmcblk0p1 rootwait gpt debug noinitrd earlyprintk init=/bin/bash
[    0.000000] PID hash table entries: 4096 (order: 2, 16384 bytes)
[    0.000000] Dentry cache hash table entries: 131072 (order: 7, 524288 bytes)
[    0.000000] Inode-cache hash table entries: 65536 (order: 6, 262144 bytes)
[    0.000000] Memory: 1997844K/2096128K available (8495K kernel code, 1111K rwdata, 4020K rodata, 1056K init, 345K bss, 32748K reserved, 65536K cma-reserved, 1244160K highmem)
[    0.000000] Virtual kernel memory layout:
[    0.000000]     vector  : 0xffff0000 - 0xffff1000   (   4 kB)
[    0.000000]     fixmap  : 0xffc00000 - 0xfff00000   (3072 kB)
[    0.000000]     vmalloc : 0xf0800000 - 0xff800000   ( 240 MB)
[    0.000000]     lowmem  : 0xc0000000 - 0xf0000000   ( 768 MB)
[    0.000000]     pkmap   : 0xbfe00000 - 0xc0000000   (   2 MB)
[    0.000000]     modules : 0xbf000000 - 0xbfe00000   (  14 MB)
[    0.000000]       .text : 0xc0208000 - 0xc0e41db4   (12520 kB)
[    0.000000]       .init : 0xc0e42000 - 0xc0f4a000   (1056 kB)
[    0.000000]       .data : 0xc0f4a000 - 0xc105fc40   (1112 kB)
[    0.000000]        .bss : 0xc1062000 - 0xc10b85a0   ( 346 kB)
[    0.000000] SLUB: HWalign=64, Order=0-3, MinObjects=0, CPUs=4, Nodes=1
[    0.000000] Hierarchical RCU implementation.
[    0.000000] 	Build-time adjustment of leaf fanout to 32.
[    0.000000] 	RCU restricting CPUs from NR_CPUS=16 to nr_cpu_ids=4.
[    0.000000] RCU: Adjusting geometry for rcu_fanout_leaf=32, nr_cpu_ids=4
[    0.000000] NR_IRQS:16 nr_irqs:16 16
[    0.000000] /interrupt-controller@60004000: 160 interrupts forwarded to /interrupt-controller@0,50041000
[    0.000000] L2C: failed to init: -19
[    0.000000] Tegra clk 127: register failed with -17
[    0.000008] sched_clock: 32 bits at 1000kHz, resolution 1000ns, wraps every 2147483647500ns
[    0.000032] clocksource: timer_us: mask: 0xffffffff max_cycles: 0xffffffff, max_idle_ns: 1911260446275 ns
[    0.000046] Switching to timer-based delay loop, resolution 1000ns
[    0.004892] Architected cp15 timer(s) running at 12.00MHz (virt).
[    0.004911] clocksource: arch_sys_counter: mask: 0xffffffffffffff max_cycles: 0x2c47f4ee7, max_idle_ns: 440795202497 ns
[    0.004929] sched_clock: 56 bits at 12MHz, resolution 83ns, wraps every 4398046511096ns
[    0.004943] Switching to timer-based delay loop, resolution 83ns
[    0.005357] Console: colour dummy device 80x30
[    0.005384] Calibrating delay loop (skipped), value calculated using timer frequency.. 24.00 BogoMIPS (lpj=60000)
[    0.005399] pid_max: default: 32768 minimum: 301
[    0.005508] Mount-cache hash table entries: 2048 (order: 1, 8192 bytes)
[    0.005521] Mountpoint-cache hash table entries: 2048 (order: 1, 8192 bytes)
[    0.006099] CPU: Testing write buffer coherency: ok
[    0.006319] /cpus/cpu@0 missing clock-frequency property
[    0.006358] /cpus/cpu@1 missing clock-frequency property
[    0.006396] /cpus/cpu@2 missing clock-frequency property
[    0.006434] /cpus/cpu@3 missing clock-frequency property
[    0.006447] CPU0: thread -1, cpu 0, socket 0, mpidr 80000000
[    0.006495] Setting up static identity map for 0x80209000 - 0x80209098
[    0.009457] Tegra Revision: A01 SKU: 129 CPU Process: 1 SoC Process: 1
[    0.010841] CPU1: thread -1, cpu 1, socket 0, mpidr 80000001
[    0.011449] CPU2: thread -1, cpu 2, socket 0, mpidr 80000002
[    0.012051] CPU3: thread -1, cpu 3, socket 0, mpidr 80000003
[    0.012119] Brought up 4 CPUs
[    0.012140] SMP: Total of 4 processors activated (96.00 BogoMIPS).
[    0.012148] CPU: All CPU(s) started in SVC mode.
[    0.013576] devtmpfs: initialized
[    0.031362] VFP support v0.3: implementor 41 architecture 4 part 30 variant f rev 0
[    0.032099] clocksource: jiffies: mask: 0xffffffff max_cycles: 0xffffffff, max_idle_ns: 9556302231375000 ns
[    0.033784] pinctrl core: initialized pinctrl subsystem
[    0.035521] NET: Registered protocol family 16
[    0.037611] DMA: preallocated 256 KiB pool for atomic coherent allocations
[    0.050089] cpuidle: using governor menu
[    0.067534] No ATAGs?
[    0.067573] hw-breakpoint: found 5 (+1 reserved) breakpoint and 4 watchpoint registers.
[    0.067584] hw-breakpoint: maximum watchpoint size is 8 bytes.
[    0.073388] Serial: AMBA PL011 UART driver
[    0.106057] +USB0_VBUS_SW: Failed to request enable GPIO108: -517
[    0.106172] reg-fixed-voltage regulators:regulator@7: Failed to register regulator: -517
[    0.106381] +5V_USB_HS: Failed to request enable GPIO109: -517
[    0.106487] reg-fixed-voltage regulators:regulator@8: Failed to register regulator: -517
[    0.106772] +1.05V_RUN_AVDD_HDMI_PLL: Failed to request enable GPIO63: -517
[    0.106876] reg-fixed-voltage regulators:regulator@11: Failed to register regulator: -517
[    0.107084] +5V_HDMI_CON: Failed to request enable GPIO86: -517
[    0.107187] reg-fixed-voltage regulators:regulator@12: Failed to register regulator: -517
[    0.107393] +5V_SATA: Failed to request enable GPIO242: -517
[    0.107497] reg-fixed-voltage regulators:regulator@13: Failed to register regulator: -517
[    0.107701] +12V_SATA: Failed to request enable GPIO242: -517
[    0.107804] reg-fixed-voltage regulators:regulator@14: Failed to register regulator: -517
[    0.111185] vgaarb: loaded
[    0.112205] SCSI subsystem initialized
[    0.112388] libata version 3.00 loaded.
[    0.112682] usbcore: registered new interface driver usbfs
[    0.112747] usbcore: registered new interface driver hub
[    0.112824] usbcore: registered new device driver usb
[    0.116520] pps_core: LinuxPPS API ver. 1 registered
[    0.116530] pps_core: Software ver. 5.3.6 - Copyright 2005-2007 Rodolfo Giometti <giometti@linux.it>
[    0.116560] PTP clock support registered
[    0.116790] EDAC MC: Ver: 3.0.0
[    0.120002] clocksource: Switched to clocksource arch_sys_counter
[    0.130828] thermal thermal_zone0: failed to read out thermal zone (-22)
[    0.131018] thermal thermal_zone1: failed to read out thermal zone (-22)
[    0.131205] thermal thermal_zone2: failed to read out thermal zone (-22)
[    0.131361] thermal thermal_zone3: failed to read out thermal zone (-22)
[    0.131549] NET: Registered protocol family 2
[    0.132063] TCP established hash table entries: 8192 (order: 3, 32768 bytes)
[    0.132162] TCP bind hash table entries: 8192 (order: 4, 65536 bytes)
[    0.132348] TCP: Hash tables configured (established 8192 bind 8192)
[    0.132402] UDP hash table entries: 512 (order: 2, 16384 bytes)
[    0.132444] UDP-Lite hash table entries: 512 (order: 2, 16384 bytes)
[    0.132614] NET: Registered protocol family 1
[    0.132863] RPC: Registered named UNIX socket transport module.
[    0.132873] RPC: Registered udp transport module.
[    0.132880] RPC: Registered tcp transport module.
[    0.132888] RPC: Registered tcp NFSv4.1 backchannel transport module.
[    0.132909] PCI: CLS 0 bytes, default 64
[    0.133937] hw perfevents: enabled with armv7_cortex_a15 PMU driver, 7 counters available
[    0.135500] futex hash table entries: 1024 (order: 4, 65536 bytes)
[    0.147799] squashfs: version 4.0 (2009/01/31) Phillip Lougher
[    0.148685] NFS: Registering the id_resolver key type
[    0.148717] Key type id_resolver registered
[    0.148726] Key type id_legacy registered
[    0.148799] ntfs: driver 2.1.32 [Flags: R/O].
[    0.150219] bounce: pool size: 64 pages
[    0.150460] Block layer SCSI generic (bsg) driver version 0.4 loaded (major 249)
[    0.150478] io scheduler noop registered
[    0.150495] io scheduler deadline registered
[    0.150532] io scheduler cfq registered (default)
[    0.170550] tegra-pcie 1003000.pcie-controller: 2x1, 1x1 configuration
[    0.170611] tegra-pcie 1003000.pcie-controller: Failed to get supply 'avddio-pex': -517
[    0.178083] tegra-apbdma 60020000.dma: Tegra20 APB DMA driver register 32 channels
[    0.179775] tegra-pmc 7000e400.pmc: emergency thermal reset enabled
[    0.241502] Serial: 8250/16550 driver, 4 ports, IRQ sharing disabled
[    0.244486] console [ttyS0] disabled
[    0.244523] 70006300.serial: ttyS0 at MMIO 0x70006300 (irq = 331, base_baud = 25500000) is a Tegra
[    1.090003] console [ttyS0] enabled
[    1.094365] SuperH (H)SCI(F) driver initialized
[    1.099932] msm_serial: driver initialized
[    1.104254] STMicroelectronics ASC driver initialized
[    1.111887] [drm] Initialized drm 1.1.0 20060810
[    1.118518] tegra-hdmi 54280000.hdmi: failed to get HDMI regulator
[    1.137597] brd: module loaded
[    1.146645] loop: module loaded
[    1.150190] at24 0-0056: 256 byte 24c02 EEPROM, writable, 8 bytes/write
[    1.158563] as3722 4-0040: AS3722 with revision 0x1 found
[    1.181937] +5V_SYS: supplied by +VDD_MUX
[    1.186000] +1.05V_RUN: supplied by +5V_SYS
[    1.190321] tegra-ahci 70027000.sata: Failed to get supply 'hvdd': -517
[    1.196991] tegra-ahci 70027000.sata: Failed to get regulators
[    1.208442] m25p80 spi32765.0: w25q32dw (4096 Kbytes)
[    1.216982] libphy: Fixed MDIO Bus: probed
[    1.221785] CAN device driver interface
[    1.227697] igb: Intel(R) Gigabit Ethernet Network Driver - version 5.3.0-k
[    1.234666] igb: Copyright (c) 2007-2014 Intel Corporation.
[    1.243516] pegasus: v0.9.3 (2013/04/25), Pegasus/Pegasus II USB Ethernet driver
[    1.250969] usbcore: registered new interface driver pegasus
[    1.256700] usbcore: registered new interface driver asix
[    1.262156] usbcore: registered new interface driver ax88179_178a
[    1.268304] usbcore: registered new interface driver cdc_ether
[    1.274215] usbcore: registered new interface driver smsc75xx
[    1.280059] usbcore: registered new interface driver smsc95xx
[    1.285860] usbcore: registered new interface driver net1080
[    1.291574] usbcore: registered new interface driver cdc_subset
[    1.297547] usbcore: registered new interface driver zaurus
[    1.303209] usbcore: registered new interface driver cdc_ncm
[    1.309148] tegra-phy 7d004000.usb-phy: no vbus regulator
[    1.316585] ehci_hcd: USB 2.0 'Enhanced' Host Controller (EHCI) Driver
[    1.323127] ehci-pci: EHCI PCI platform driver
[    1.327629] ehci-platform: EHCI generic platform driver
[    1.333085] ehci-omap: OMAP-EHCI Host Controller driver
[    1.338471] ehci-orion: EHCI orion driver
[    1.342644] SPEAr-ehci: EHCI SPEAr driver
[    1.346821] ehci-st: EHCI STMicroelectronics driver
[    1.351866] ehci-exynos: EHCI EXYNOS driver
[    1.356237] ehci-atmel: EHCI Atmel driver
[    1.360411] tegra-ehci: Tegra EHCI driver
[    1.364753] tegra-ehci 7d004000.usb: EHCI Host Controller
[    1.370182] tegra-ehci 7d004000.usb: new USB bus registered, assigned bus number 1
[    1.377928] tegra-ehci 7d004000.usb: irq 348, io mem 0x7d004000
[    1.390025] tegra-ehci 7d004000.usb: USB 2.0 started, EHCI 1.10
[    1.396798] hub 1-0:1.0: USB hub found
[    1.400606] hub 1-0:1.0: 1 port detected
[    1.405164] ohci_hcd: USB 1.1 'Open' Host Controller (OHCI) Driver
[    1.411366] ohci-pci: OHCI PCI platform driver
[    1.415875] ohci-platform: OHCI generic platform driver
[    1.421293] ohci-omap3: OHCI OMAP3 driver
[    1.425469] SPEAr-ohci: OHCI SPEAr driver
[    1.429630] ohci-st: OHCI STMicroelectronics driver
[    1.434676] ohci-atmel: OHCI Atmel driver
[    1.439296] usbcore: registered new interface driver usb-storage
[    1.446947] mousedev: PS/2 mouse device common for all mice
[    1.456106] as3722-rtc as3722-rtc: rtc core: registered as3722-rtc as rtc0
[    1.462994] as3722-rtc as3722-rtc: RTC interrupt 371
[    1.471395] tegra_rtc 7000e000.rtc: rtc core: registered 7000e000.rtc as rtc1
[    1.478581] tegra_rtc 7000e000.rtc: Tegra internal Real Time Clock
[    1.485403] i2c /dev entries driver
[    1.495111] 0-004c supply vcc not found, using dummy regulator
[    1.508820] sdhci: Secure Digital Host Controller Interface driver
[    1.515021] sdhci: Copyright(c) Pierre Ossman
[    1.521042] Synopsys Designware Multimedia Card Interface Driver
[    1.528228] sdhci-pltfm: SDHCI platform and OF driver helper
[    1.534675] sdhci-tegra 700b0400.sdhci: Got CD GPIO
[    1.539586] sdhci-tegra 700b0400.sdhci: Got WP GPIO
[    1.544524] mmc0: Unknown controller version (3). You may experience problems.
[    1.552137] mmc0: Unknown controller version (3). You may experience problems.
[    1.559497] mmc0: Invalid maximum block size, assuming 512 bytes
[    1.600024] mmc0: SDHCI controller on 700b0600.sdhci [700b0600.sdhci] using ADMA 64-bit
[    1.609732] ledtrig-cpu: registered to indicate activity on CPUs
[    1.616121] usbcore: registered new interface driver usbhid
[    1.621703] usbhid: USB HID core driver
[    1.634093] NET: Registered protocol family 10
[    1.639247] sit: IPv6 over IPv4 tunneling driver
[    1.644550] NET: Registered protocol family 17
[    1.649024] can: controller area network core (rev 20120528 abi 9)
[    1.655277] NET: Registered protocol family 29
[    1.659722] can: raw protocol (rev 20120528)
[    1.664009] can: broadcast manager protocol (rev 20120528 t)
[    1.669691] can: netlink gateway (rev 20130117) max_hops=1
[    1.675586] Key type dns_resolver registered
[    1.680539] ThumbEE CPU extension supported.
[    1.684819] Registering SWP/SWPB emulation handler
[    1.704778] tegra-pcie 1003000.pcie-controller: 2x1, 1x1 configuration
[    1.711727] +3.3V_SYS: supplied by +VDD_MUX
[    1.716062] +3.3V_LP0: supplied by +3.3V_SYS
[    1.720716] +1.35V_LP0(sd2): supplied by +5V_SYS
[    1.725422] +1.05V_RUN_AVDD: supplied by +1.35V_LP0(sd2)
[    1.732934] tegra-pcie 1003000.pcie-controller: probing port 0, using 2 lanes
[    1.742218] tegra-pcie 1003000.pcie-controller: Slot present pin change, signature: 00000008
[    1.751755] mmc0: MAN_BKOPS_EN bit is not set
[    1.770062] mmc0: new HS200 MMC card at address 0001
[    1.776170] mmcblk0: mmc0:0001 SEM16G 14.7 GiB 
[    1.781344] mmcblk0boot0: mmc0:0001 SEM16G partition 1 4.00 MiB
[    1.788008] mmcblk0boot1: mmc0:0001 SEM16G partition 2 4.00 MiB
[    1.794614] mmcblk0rpmb: mmc0:0001 SEM16G partition 3 4.00 MiB
[    1.803618] Primary GPT is invalid, using alternate GPT.
[    1.808996]  mmcblk0: p1 p2 p3 p4 p5 p6 p7 p8 p9
[    2.169980] tegra-pcie 1003000.pcie-controller: link 0 down, retrying
[    2.599188] tegra-pcie 1003000.pcie-controller: link 0 down, retrying
[    3.028491] tegra-pcie 1003000.pcie-controller: link 0 down, retrying
[    3.037083] tegra-pcie 1003000.pcie-controller: link 0 down, ignoring
[    3.043573] tegra-pcie 1003000.pcie-controller: probing port 1, using 1 lanes
[    3.052831] tegra-pcie 1003000.pcie-controller: Slot present pin change, signature: 00000000
[    3.482022] tegra-pcie 1003000.pcie-controller: link 1 down, retrying
[    3.910888] tegra-pcie 1003000.pcie-controller: link 1 down, retrying
[    4.340045] tegra-pcie 1003000.pcie-controller: link 1 down, retrying
[    4.348630] tegra-pcie 1003000.pcie-controller: link 1 down, ignoring
[    4.355331] tegra-pcie 1003000.pcie-controller: PCI host bridge to bus 0000:00
[    4.362565] pci_bus 0000:00: root bus resource [mem 0x13000000-0x1fffffff]
[    4.369449] pci_bus 0000:00: root bus resource [mem 0x20000000-0x3fffffff pref]
[    4.376763] pci_bus 0000:00: root bus resource [bus 00-ff]
[    4.382255] pci_bus 0000:00: root bus resource [io  0x1000-0xffff]
[    4.388464] PCI: bus0: Fast back to back transfers enabled
[    4.394852] +5V_HDMI_CON: supplied by +5V_SYS
[    4.399349] +1.05V_RUN_AVDD_HDMI_PLL: supplied by +1.05V_RUN
[    4.405174] +3.3V_RUN: supplied by +3.3V_SYS
[    4.409472] +3.3V_AVDD_HDMI_AP_GATED: supplied by +3.3V_RUN
[    4.417659] [drm] Supports vblank timestamp caching Rev 2 (21.10.2013).
[    4.424331] [drm] No driver support for vblank timestamp query.
[    4.527902] tegra-hdmi 54280000.hdmi: cannot set audio to 44100 at 297000000 pclk
[    4.678534] Console: switching to colour frame buffer device 512x135
[    4.772853] drm drm: fb0:  frame buffer device
[    4.790140] [drm] Initialized tegra 0.0.0 20120330 on minor 0
[    4.797197] +5V_SATA: supplied by +5V_SYS
[    4.801363] +12V_SATA: supplied by +VDD_MUX
[    4.806328] tegra-ahci 70027000.sata: AHCI 0001.0301 32 slots 2 ports 3 Gbps 0x1 impl platform mode
[    4.815405] tegra-ahci 70027000.sata: flags: 64bit ncq sntf pm led pio slum part sadm sds apst 
[    4.824268] ------------[ cut here ]------------
[    4.828904] WARNING: CPU: 2 PID: 6 at kernel/workqueue.c:2361 check_flush_dependency+0xc8/0x124()
[    4.837777] workqueue: WQ_MEM_RECLAIM deferwq:deferred_probe_work_func is flushing !WQ_MEM_RECLAIM events:lru_add_drain_per_cpu
[    4.849057] Modules linked in:
[    4.852303] CPU: 2 PID: 6 Comm: kworker/u8:0 Not tainted 4.4.0-next-20160122-67820-gcccc613 #1
[    4.860898] Hardware name: NVIDIA Tegra SoC (Flattened Device Tree)
[    4.867159] Workqueue: deferwq deferred_probe_work_func
[    4.872404] [<c02188b8>] (unwind_backtrace) from [<c0213f94>] (show_stack+0x10/0x14)
[    4.880146] [<c0213f94>] (show_stack) from [<c048946c>] (dump_stack+0x78/0x94)
[    4.887366] [<c048946c>] (dump_stack) from [<c024ab38>] (warn_slowpath_common+0x74/0xb0)
[    4.895449] [<c024ab38>] (warn_slowpath_common) from [<c024ac08>] (warn_slowpath_fmt+0x30/0x40)
[    4.904139] [<c024ac08>] (warn_slowpath_fmt) from [<c025dc5c>] (check_flush_dependency+0xc8/0x124)
[    4.913087] [<c025dc5c>] (check_flush_dependency) from [<c025dd70>] (flush_work+0x54/0x144)
[    4.921431] [<c025dd70>] (flush_work) from [<c02dabfc>] (lru_add_drain_all+0x124/0x180)
[    4.929429] [<c02dabfc>] (lru_add_drain_all) from [<c030c74c>] (migrate_prep+0x8/0x10)
[    4.937339] [<c030c74c>] (migrate_prep) from [<c02d5c14>] (alloc_contig_range+0xc4/0x2f8)
[    4.945508] [<c02d5c14>] (alloc_contig_range) from [<c030e078>] (cma_alloc+0xd8/0x1a0)
[    4.953416] [<c030e078>] (cma_alloc) from [<c021e39c>] (__alloc_from_contiguous+0x38/0xdc)
[    4.961671] [<c021e39c>] (__alloc_from_contiguous) from [<c021ff8c>] (__dma_alloc+0x21c/0x250)
[    4.970272] [<c021ff8c>] (__dma_alloc) from [<c0220044>] (arm_dma_alloc+0x48/0x54)
[    4.977838] [<c0220044>] (arm_dma_alloc) from [<c066a410>] (dmam_alloc_coherent+0x8c/0xf0)
[    4.986097] [<c066a410>] (dmam_alloc_coherent) from [<c06c4ed4>] (ahci_port_start+0xd0/0x1e0)
[    4.994616] [<c06c4ed4>] (ahci_port_start) from [<c06acd7c>] (ata_host_start+0xf8/0x1d4)
[    5.002699] [<c06acd7c>] (ata_host_start) from [<c06b1c98>] (ata_host_activate+0x20/0x134)
[    5.010953] [<c06b1c98>] (ata_host_activate) from [<c06c4350>] (ahci_host_activate+0x3c/0x11c)
[    5.019553] [<c06c4350>] (ahci_host_activate) from [<c06c6294>] (ahci_platform_init_host+0x1cc/0x3c8)
[    5.028764] [<c06c6294>] (ahci_platform_init_host) from [<c06c84f8>] (tegra_ahci_probe+0x404/0x4c4)
[    5.037802] [<c06c84f8>] (tegra_ahci_probe) from [<c0659308>] (platform_drv_probe+0x50/0xac)
[    5.046233] [<c0659308>] (platform_drv_probe) from [<c0657c74>] (driver_probe_device+0x1f4/0x2b0)
[    5.055096] [<c0657c74>] (driver_probe_device) from [<c0656204>] (bus_for_each_drv+0x44/0x8c)
[    5.063613] [<c0656204>] (bus_for_each_drv) from [<c06579f8>] (__device_attach+0x9c/0x100)
[    5.071868] [<c06579f8>] (__device_attach) from [<c0657084>] (bus_probe_device+0x84/0x8c)
[    5.080037] [<c0657084>] (bus_probe_device) from [<c06574b8>] (deferred_probe_work_func+0x60/0x8c)
[    5.088985] [<c06574b8>] (deferred_probe_work_func) from [<c025ebb8>] (process_one_work+0x134/0x338)
[    5.098105] [<c025ebb8>] (process_one_work) from [<c025ee20>] (worker_thread+0x2c/0x4f0)
[    5.106188] [<c025ee20>] (worker_thread) from [<c0263fac>] (kthread+0xd8/0xf4)
[    5.113406] [<c0263fac>] (kthread) from [<c0210e78>] (ret_from_fork+0x14/0x3c)
[    5.120616] ---[ end trace d2e0e6afb036e1f7 ]---
[    5.127635] scsi host0: tegra-ahci
[    5.131958] scsi host1: tegra-ahci
[    5.135738] ata1: SATA max UDMA/133 mmio [mem 0x70027000-0x70028fff] port 0x100 irq 341
[    5.143748] ata2: DUMMY
[    5.147688] +5V_USB_HS: supplied by +5V_SYS
[    5.153472] tegra-ehci 7d008000.usb: EHCI Host Controller
[    5.158930] tegra-ehci 7d008000.usb: new USB bus registered, assigned bus number 2
[    5.166707] tegra-ehci 7d008000.usb: irq 349, io mem 0x7d008000
[    5.180123] tegra-ehci 7d008000.usb: USB 2.0 started, EHCI 1.10
[    5.186928] hub 2-0:1.0: USB hub found
[    5.190750] hub 2-0:1.0: 1 port detected
[    5.196162] cpu: dev_pm_opp_of_cpumask_add_table: couldn't find opp table for cpu:0, -19
[    5.204452] cpufreq: cpufreq_online: CPU0: Running at unlisted freq: 696000 KHz
[    5.211838] cpufreq: cpufreq_online: CPU0: Unlisted initial frequency changed to: 714000 KHz
[    5.221082] sdhci-tegra 700b0400.sdhci: Got CD GPIO
[    5.225995] sdhci-tegra 700b0400.sdhci: Got WP GPIO
[    5.230930] mmc1: Unknown controller version (3). You may experience problems.
[    5.238267] +VDDIO_SDMMC3: supplied by +3.3V_RUN
[    5.242994] mmc1: Invalid maximum block size, assuming 512 bytes
[    5.285286] mmc1: SDHCI controller on 700b0400.sdhci [700b0400.sdhci] using ADMA 64-bit
[    5.294822] input: gpio-keys as /devices/soc0/gpio-keys/input/input0
[    5.301994] as3722-rtc as3722-rtc: setting system clock to 2000-01-01 00:00:56 UTC (946684856)
[    5.314329] +1.8V_RUN_CAM: disabling
[    5.318114] +2.8V_RUN_CAM: disabling
[    5.321899] +1.2V_RUN_CAM_FRONT: disabling
[    5.326204] +1.05V_RUN_CAM_REAR: disabling
[    5.330508] +3.3V_RUN_TOUCH: disabling
[    5.334404] +2.8V_RUN_CAM_AF: disabling
[    5.338407] +1.8V_RUN_VPP_FUSE: disabling
[    5.342582] +USB0_VBUS_SW: disabling
[    5.457600] ata1: SATA link down (SStatus 0 SControl 300)
[    5.463810] EXT4-fs (mmcblk0p1): couldn't mount as ext3 due to feature incompatibilities
[    5.472382] EXT4-fs (mmcblk0p1): couldn't mount as ext2 due to feature incompatibilities
[    5.496325] EXT4-fs (mmcblk0p1): recovery complete
[    5.501176] usb 2-1: new high-speed USB device number 2 using tegra-ehci
[    5.507955] EXT4-fs (mmcblk0p1): mounted filesystem with ordered data mode. Opts: (null)
[    5.516121] VFS: Mounted root (ext4 filesystem) on device 179:1.
[    5.525674] devtmpfs: mounted
[    5.528916] Freeing unused kernel memory: 1056K (c0e42000 - c0f4a000)
bash: cannot set terminal process group (-1): Inappropriate ioctl for device
bash: no job control in this shell
root@(none):/# mount -t sysfs none /sys
[    6.468427] asix 2-1:1.0 eth0: register 'asix' at usb-7d008000.usb-1, ASIX AX88772 USB 2.0 Ethernet, 00:50:b6:11:31:3b
root@(none):/# 
root@(none):/# mount -t debugfs none /sys/kernel/debug
root@(none):/# 
root@(none):/# rtcwake -d rtc1 -m mem -s 3
rtcwake: assuming RTC uses UTC ...
rtcwake: wakeup from "mem" using /dev/rtc1 at Thu Jan  1 00:00:25 1970
[    8.473805] PM: Syncing filesystems ... done.
[    8.739503] Freezing user space processes ... (elapsed 0.001 seconds) done.
[    8.747968] Freezing remaining freezable tasks ... (elapsed 0.001 seconds) done.
[    8.756559] Suspending console(s) (use no_console_suspend to debug)
[    8.860399] PM: suspend of devices complete after 96.967 msecs
[    8.862041] PM: late suspend of devices complete after 1.632 msecs
[    8.862952] PM: noirq suspend of devices complete after 0.906 msecs
[    8.862954] Disabling non-boot CPUs ...
[    8.863212] IRQ16 no longer affine to CPU1
[    8.863395] CPU1: shutdown
[    8.876166] CPU2: shutdown
[    8.900982] CPU3: shutdown
[    8.915485] Entering suspend state LP1
[    8.915499] Enabling non-boot CPUs ...
[    8.940731] CPU1 is up
[    8.965791] CPU2 is up
[    8.990911] CPU3 is up
[    8.991506] PM: noirq resume of devices complete after 0.589 msecs
[    8.993101] PM: early resume of devices complete after 1.288 msecs
[    8.995859] tegra-hdmi 54280000.hdmi: cannot set audio to 44100 at 297000000 pclk
[    9.126590] PM: resume of devices complete after 133.480 msecs
[    9.201682] Restarting tasks ... done.
[    9.205684] thermal thermal_zone0: failed to read out thermal zone (-22)
[    9.212398] thermal thermal_zone1: failed to read out thermal zone (-22)
[    9.219088] thermal thermal_zone2: failed to read out thermal zone (-22)
[    9.225774] thermal thermal_zone3: failed to read out thermal zone (-22)
root@(none):/# 
root@(none):/# [    9.382553] ata1: SATA link down (SStatus 0 SControl 300)
rtcwake -d rtc1 -m mem -s 3
rtcwake: assuming RTC uses UTC ...
rtcwake: wakeup from "mem" using /dev/rtc1 at Thu Jan  1 00:00:29 1970
[    9.534535] PM: Syncing filesystems ... done.
[    9.596283] Freezing user space processes ... (elapsed 0.001 seconds) done.
[    9.604532] Freezing remaining freezable tasks ... (elapsed 0.001 seconds) done.
[    9.613149] Suspending console(s) (use no_console_suspend to debug)
[    9.690639] PM: suspend of devices complete after 70.265 msecs
[    9.692327] PM: late suspend of devices complete after 1.681 msecs
[    9.693651] PM: noirq suspend of devices complete after 1.318 msecs
[    9.693654] Disabling non-boot CPUs ...
[    9.693979] IRQ16 no longer affine to CPU1
[    9.694272] CPU1: shutdown
[    9.706786] CPU2: shutdown
[    9.731558] CPU3: shutdown
[    9.745780] Entering suspend state LP1
[    9.745794] Enabling non-boot CPUs ...
[    9.770737] CPU1 is up
[    9.795803] CPU2 is up
[    9.820925] CPU3 is up
[    9.821532] PM: noirq resume of devices complete after 0.602 msecs
[    9.823042] PM: early resume of devices complete after 1.201 msecs
[    9.825332] tegra-hdmi 54280000.hdmi: cannot set audio to 44100 at 297000000 pclk
[    9.956758] PM: resume of devices complete after 133.706 msecs
[   10.031862] Restarting tasks ... done.
[   10.035844] thermal thermal_zone0: failed to read out thermal zone (-22)
[   10.042561] thermal thermal_zone1: failed to read out thermal zone (-22)
[   10.049249] thermal thermal_zone2: failed to read out thermal zone (-22)
[   10.055937] thermal thermal_zone3: failed to read out thermal zone (-22)
root@(none):/# 
root@(none):/# [   10.212629] ata1: SATA link down (SStatus 0 SControl 300)
rtcwake -d rtc1 -m mem -s 3
rtcwake: assuming RTC uses UTC ...
rtcwake: wakeup from "mem" using /dev/rtc1 at Thu Jan  1 00:00:33 1970
[   10.364493] PM: Syncing filesystems ... done.
[   10.401128] Freezing user space processes ... (elapsed 0.001 seconds) done.
[   10.409276] Freezing remaining freezable tasks ... (elapsed 0.001 seconds) done.
[   10.417859] Suspending console(s) (use no_console_suspend to debug)
[   10.520284] PM: suspend of devices complete after 95.588 msecs
[   10.521879] PM: late suspend of devices complete after 1.585 msecs
[   10.522723] PM: noirq suspend of devices complete after 0.840 msecs
[   10.522725] Disabling non-boot CPUs ...
[   10.523097] CPU1: shutdown
[   10.535820] IRQ16 no longer affine to CPU2
[   10.536030] CPU2: shutdown
[   10.560895] CPU3: shutdown
[   10.575413] Entering suspend state LP1
[   10.575427] Enabling non-boot CPUs ...
[   10.600654] CPU1 is up
[   10.625710] CPU2 is up
[   10.650819] CPU3 is up
[   10.651365] PM: noirq resume of devices complete after 0.541 msecs
[   10.652700] PM: early resume of devices complete after 1.035 msecs
[   10.654811] tegra-hdmi 54280000.hdmi: cannot set audio to 44100 at 297000000 pclk
[   10.781602] PM: resume of devices complete after 128.892 msecs
[   10.856706] Restarting tasks ... done.
[   10.860694] thermal thermal_zone0: failed to read out thermal zone (-22)
[   10.867412] thermal thermal_zone1: failed to read out thermal zone (-22)
[   10.874100] thermal thermal_zone2: failed to read out thermal zone (-22)
[   10.880788] thermal thermal_zone3: failed to read out thermal zone (-22)
root@(none):/# 
root@(none):/# [   11.042523] ata1: SATA link down (SStatus 0 SControl 300)
rtcwake -d rtc1 -m mem -s 3
rtcwake: assuming RTC uses UTC ...
rtcwake: wakeup from "mem" using /dev/rtc1 at Thu Jan  1 00:00:37 1970
[   11.194842] PM: Syncing filesystems ... done.
[   11.242778] Freezing user space processes ... (elapsed 0.001 seconds) done.
[   11.251010] Freezing remaining freezable tasks ... (elapsed 0.001 seconds) done.
[   11.259572] Suspending console(s) (use no_console_suspend to debug)
[   11.350421] PM: suspend of devices complete after 83.839 msecs
[   11.351988] PM: late suspend of devices complete after 1.557 msecs
[   11.353124] PM: noirq suspend of devices complete after 1.130 msecs
[   11.353127] Disabling non-boot CPUs ...
[   11.353365] IRQ16 no longer affine to CPU1
[   11.353600] CPU1: shutdown
[   11.366368] CPU2: shutdown
[   11.391178] CPU3: shutdown
[   11.405558] Entering suspend state LP1
[   11.405573] Enabling non-boot CPUs ...
[   11.430704] CPU1 is up
[   11.455764] CPU2 is up
[   11.480893] CPU3 is up
[   11.481475] PM: noirq resume of devices complete after 0.577 msecs
[   11.483032] PM: early resume of devices complete after 1.235 msecs
[   11.485190] tegra-hdmi 54280000.hdmi: cannot set audio to 44100 at 297000000 pclk
[   11.616725] PM: resume of devices complete after 133.683 msecs
[   11.691852] Restarting tasks ... done.
[   11.695839] thermal thermal_zone0: failed to read out thermal zone (-22)
[   11.702545] thermal thermal_zone1: failed to read out thermal zone (-22)
[   11.709231] thermal thermal_zone2: failed to read out thermal zone (-22)
[   11.715919] thermal thermal_zone3: failed to read out thermal zone (-22)
root@(none):/# 
root@(none):/# [   11.872488] ata1: SATA link down (SStatus 0 SControl 300)
rtcwake -d rtc1 -m mem -s 3
rtcwake: assuming RTC uses UTC ...
rtcwake: wakeup from "mem" using /dev/rtc1 at Thu Jan  1 00:00:41 1970
[   12.039040] PM: Syncing filesystems ... done.
[   12.090924] Freezing user space processes ... (elapsed 0.001 seconds) done.
[   12.099134] Freezing remaining freezable tasks ... (elapsed 0.001 seconds) done.
[   12.107725] Suspending console(s) (use no_console_suspend to debug)
[   12.220319] PM: suspend of devices complete after 105.513 msecs
[   12.222386] PM: late suspend of devices complete after 2.056 msecs
[   12.223580] PM: noirq suspend of devices complete after 1.187 msecs
[   12.223582] Disabling non-boot CPUs ...
[   12.223834] IRQ16 no longer affine to CPU1
[   12.224083] CPU1: shutdown
[   12.236459] CPU2: shutdown
[   12.261248] CPU3: shutdown
[   12.275584] Entering suspend state LP1
[   12.275598] Enabling non-boot CPUs ...
[   12.300677] CPU1 is up
[   12.325741] CPU2 is up
[   12.350861] CPU3 is up
[   12.351446] PM: noirq resume of devices complete after 0.579 msecs
[   12.352857] PM: early resume of devices complete after 1.096 msecs
[   12.354781] tegra-hdmi 54280000.hdmi: cannot set audio to 44100 at 297000000 pclk
[   12.486693] PM: resume of devices complete after 133.824 msecs
[   12.561916] Restarting tasks ... done.
[   12.565905] thermal thermal_zone0: failed to read out thermal zone (-22)
[   12.572611] thermal thermal_zone1: failed to read out thermal zone (-22)
[   12.579299] thermal thermal_zone2: failed to read out thermal zone (-22)
[   12.585987] thermal thermal_zone3: failed to read out thermal zone (-22)
NVTB SYSTEM SUSPEND TEST COMPLETE
root@(none):/# 
root@(none):/# [   12.742471] ata1: SATA link down (SStatus 0 SControl 300)
