
U-Boot SPL 2014.07-00097-g772e173 (Jul 25 2014 - 20:02:52)


U-Boot 2014.07-00097-g772e173 (Jul 25 2014 - 20:02:52)

TEGRA124
Board: NVIDIA Jetson TK1
I2C:   ready
DRAM:  2 GiB
MMC:   Tegra SD/MMC: 0, Tegra SD/MMC: 1
In:    serial
Out:   serial
Err:   serial
Net:   Net Initialization Skipped
No ethernet found.
Hit any key to stop autoboot:  2  0 
Tegra124 (Jetson TK1) # 
Tegra124 (Jetson TK1) # usb reset
(Re)start USB...
USB0:   USB EHCI 1.10
scanning bus 0 for devices... 1 USB Device(s) found
USB1:   USB EHCI 1.10
scanning bus 1 for devices... 2 USB Device(s) found
       scanning usb for storage devices... 0 Storage Device(s) found
       scanning usb for ethernet devices... 
Warning: asx0 using MAC address from net device
1 Ethernet Device(s) found
Tegra124 (Jetson TK1) # setenv bootargs 'ignore_loglevel console=ttyS0,115200n8 rw root=/dev/mmcblk0p1 rootwait gpt debug init=/bin/bash noinitrd'
Tegra124 (Jetson TK1) # setenv ipaddr 192.168.100.102; setenv serverip 192.168.100.1; setenv tftpserverip 192.168.100.1
Tegra124 (Jetson TK1) # tftpboot 0x81000000 zImage.multi_v7_defconfig
Using asx0 device
TFTP from server 192.168.100.1; our IP address is 192.168.100.102
Filename 'zImage.multi_v7_defconfig'.
Load address: 0x81000000
Loading: *#################################################################
	 #################################################################
	 #################################################################
	 #################################################################
	 #################################################################
	 #################################################################
	 ############################################
	 3.3 MiB/s
done
Bytes transferred = 6357536 (610220 hex)
Tegra124 (Jetson TK1) # tftpboot 0x82000000 tegra124-jetson-tk1.dtb
Using asx0 device
TFTP from server 192.168.100.1; our IP address is 192.168.100.102
Filename 'tegra124-jetson-tk1.dtb'.
Load address: 0x82000000
Loading: *#####
	 3.1 MiB/s
done
Bytes transferred = 64138 (fa8a hex)
Tegra124 (Jetson TK1) # bootz 0x81000000 - 0x82000000
Kernel image @ 0x81000000 [ 0x000000 - 0x610220 ]
## Flattened Device Tree blob at 82000000
   Booting using the fdt blob at 0x82000000
   Using Device Tree in place at 82000000, end 82012a89

Starting kernel ...

[    0.000000] Booting Linux on physical CPU 0x0
[    0.000000] Linux version 4.2.0-rc4-next-20150730-33118-g09d19a8 (pwalmsley@sellafield) (gcc version 4.7.3 20130328 (prerelease) (crosstool-NG linaro-1.13.1-4.7-2013.04-20130415 - Linaro GCC 2013.04) ) #1 SMP Thu Jul 30 02:17:41 PDT 2015
[    0.000000] CPU: ARMv7 Processor [413fc0f3] revision 3 (ARMv7), cr=10c5387d
[    0.000000] CPU: PIPT / VIPT nonaliasing data cache, PIPT instruction cache
[    0.000000] Machine model: NVIDIA Tegra124 Jetson TK1
[    0.000000] debug: ignoring loglevel setting.
[    0.000000] cma: Reserved 64 MiB at 0xfb800000
[    0.000000] Memory policy: Data cache writealloc
[    0.000000] On node 0 totalpages: 524032
[    0.000000] free_area_init_node: node 0, pgdat c0f4de00, node_mem_map ee7f8000
[    0.000000]   DMA zone: 1520 pages used for memmap
[    0.000000]   DMA zone: 0 pages reserved
[    0.000000]   DMA zone: 194560 pages, LIFO batch:31
[    0.000000]   HighMem zone: 329472 pages, LIFO batch:31
[    0.000000] PERCPU: Embedded 12 pages/cpu @ee78f000 s19200 r8192 d21760 u49152
[    0.000000] pcpu-alloc: s19200 r8192 d21760 u49152 alloc=12*4096
[    0.000000] pcpu-alloc: [0] 0 [0] 1 [0] 2 [0] 3 
[    0.000000] Built 1 zonelists in Zone order, mobility grouping on.  Total pages: 522512
[    0.000000] Kernel command line: ignore_loglevel console=ttyS0,115200n8 rw root=/dev/mmcblk0p1 rootwait gpt debug init=/bin/bash noinitrd
[    0.000000] PID hash table entries: 4096 (order: 2, 16384 bytes)
[    0.000000] Dentry cache hash table entries: 131072 (order: 7, 524288 bytes)
[    0.000000] Inode-cache hash table entries: 65536 (order: 6, 262144 bytes)
[    0.000000] Memory: 1998952K/2096128K available (7985K kernel code, 1015K rwdata, 3588K rodata, 1004K init, 340K bss, 31640K reserved, 65536K cma-reserved, 1252352K highmem)
[    0.000000] Virtual kernel memory layout:
[    0.000000]     vector  : 0xffff0000 - 0xffff1000   (   4 kB)
[    0.000000]     fixmap  : 0xffc00000 - 0xfff00000   (3072 kB)
[    0.000000]     vmalloc : 0xf0000000 - 0xff000000   ( 240 MB)
[    0.000000]     lowmem  : 0xc0000000 - 0xef800000   ( 760 MB)
[    0.000000]     pkmap   : 0xbfe00000 - 0xc0000000   (   2 MB)
[    0.000000]     modules : 0xbf000000 - 0xbfe00000   (  14 MB)
[    0.000000]       .text : 0xc0208000 - 0xc0d565b0   (11578 kB)
[    0.000000]       .init : 0xc0d57000 - 0xc0e52000   (1004 kB)
[    0.000000]       .data : 0xc0e52000 - 0xc0f4fe00   (1016 kB)
[    0.000000]        .bss : 0xc0f52000 - 0xc0fa7260   ( 341 kB)
[    0.000000] SLUB: HWalign=64, Order=0-3, MinObjects=0, CPUs=4, Nodes=1
[    0.000000] Hierarchical RCU implementation.
[    0.000000] 	Build-time adjustment of leaf fanout to 32.
[    0.000000] 	RCU restricting CPUs from NR_CPUS=16 to nr_cpu_ids=4.
[    0.000000] RCU: Adjusting geometry for rcu_fanout_leaf=32, nr_cpu_ids=4
[    0.000000] NR_IRQS:16 nr_irqs:16 16
[    0.000000] /interrupt-controller@60004000: 160 interrupts forwarded to /interrupt-controller@0,50041000
[    0.000000] L2C: failed to init: -19
[    0.000010] sched_clock: 32 bits at 1000kHz, resolution 1000ns, wraps every 2147483647500ns
[    0.000029] clocksource: timer_us: mask: 0xffffffff max_cycles: 0xffffffff, max_idle_ns: 1911260446275 ns
[    0.000043] Switching to timer-based delay loop, resolution 1000ns
[    0.004465] Architected cp15 timer(s) running at 12.00MHz (virt).
[    0.004481] clocksource: arch_sys_counter: mask: 0xffffffffffffff max_cycles: 0x2c47f4ee7, max_idle_ns: 440795202497 ns
[    0.004499] sched_clock: 56 bits at 12MHz, resolution 83ns, wraps every 4398046511096ns
[    0.004510] Switching to timer-based delay loop, resolution 83ns
[    0.004937] Console: colour dummy device 80x30
[    0.004961] Calibrating delay loop (skipped), value calculated using timer frequency.. 24.00 BogoMIPS (lpj=60000)
[    0.004975] pid_max: default: 32768 minimum: 301
[    0.005087] Mount-cache hash table entries: 2048 (order: 1, 8192 bytes)
[    0.005098] Mountpoint-cache hash table entries: 2048 (order: 1, 8192 bytes)
[    0.005693] CPU: Testing write buffer coherency: ok
[    0.005904] /cpus/cpu@0 missing clock-frequency property
[    0.005943] /cpus/cpu@1 missing clock-frequency property
[    0.005981] /cpus/cpu@2 missing clock-frequency property
[    0.006019] /cpus/cpu@3 missing clock-frequency property
[    0.006031] CPU0: thread -1, cpu 0, socket 0, mpidr 80000000
[    0.006077] Setting up static identity map for 0x80209000 - 0x80209098
[    0.008986] Tegra Revision: A01 SKU: 129 CPU Process: 1 SoC Process: 1
[    0.010323] CPU1: thread -1, cpu 1, socket 0, mpidr 80000001
[    0.010902] CPU2: thread -1, cpu 2, socket 0, mpidr 80000002
[    0.011477] CPU3: thread -1, cpu 3, socket 0, mpidr 80000003
[    0.011540] Brought up 4 CPUs
[    0.011560] SMP: Total of 4 processors activated (96.00 BogoMIPS).
[    0.011567] CPU: All CPU(s) started in SVC mode.
[    0.012095] devtmpfs: initialized
[    0.031230] VFP support v0.3: implementor 41 architecture 4 part 30 variant f rev 0
[    0.032044] clocksource: jiffies: mask: 0xffffffff max_cycles: 0xffffffff, max_idle_ns: 9556302231375000 ns
[    0.033707] pinctrl core: initialized pinctrl subsystem
[    0.035338] NET: Registered protocol family 16
[    0.037317] DMA: preallocated 256 KiB pool for atomic coherent allocations
[    0.049721] cpuidle: using governor ladder
[    0.064740] cpuidle: using governor menu
[    0.081856] No ATAGs?
[    0.081893] hw-breakpoint: found 5 (+1 reserved) breakpoint and 4 watchpoint registers.
[    0.081903] hw-breakpoint: maximum watchpoint size is 8 bytes.
[    0.086752] Serial: AMBA PL011 UART driver
[    0.115492] +USB0_VBUS_SW: Failed to request enable GPIO108: -517
[    0.115614] reg-fixed-voltage regulators:regulator@7: Failed to register regulator: -517
[    0.115839] +5V_USB_HS: Failed to request enable GPIO109: -517
[    0.115954] reg-fixed-voltage regulators:regulator@8: Failed to register regulator: -517
[    0.116257] +1.05V_RUN_AVDD_HDMI_PLL: Failed to request enable GPIO63: -517
[    0.116368] reg-fixed-voltage regulators:regulator@11: Failed to register regulator: -517
[    0.116589] +5V_HDMI_CON: Failed to request enable GPIO86: -517
[    0.116700] reg-fixed-voltage regulators:regulator@12: Failed to register regulator: -517
[    0.116922] +5V_SATA: Failed to request enable GPIO242: -517
[    0.117032] reg-fixed-voltage regulators:regulator@13: Failed to register regulator: -517
[    0.117255] +12V_SATA: Failed to request enable GPIO242: -517
[    0.117364] reg-fixed-voltage regulators:regulator@14: Failed to register regulator: -517
[    0.120362] vgaarb: loaded
[    0.121139] SCSI subsystem initialized
[    0.121317] libata version 3.00 loaded.
[    0.121637] usbcore: registered new interface driver usbfs
[    0.121705] usbcore: registered new interface driver hub
[    0.121779] usbcore: registered new device driver usb
[    0.125437] pps_core: LinuxPPS API ver. 1 registered
[    0.125446] pps_core: Software ver. 5.3.6 - Copyright 2005-2007 Rodolfo Giometti <giometti@linux.it>
[    0.125475] PTP clock support registered
[    0.125703] EDAC MC: Ver: 3.0.0
[    0.128900] clocksource: Switched to clocksource arch_sys_counter
[    0.139833] NET: Registered protocol family 2
[    0.140357] TCP established hash table entries: 8192 (order: 3, 32768 bytes)
[    0.140456] TCP bind hash table entries: 8192 (order: 4, 65536 bytes)
[    0.140643] TCP: Hash tables configured (established 8192 bind 8192)
[    0.140694] UDP hash table entries: 512 (order: 2, 16384 bytes)
[    0.140736] UDP-Lite hash table entries: 512 (order: 2, 16384 bytes)
[    0.140902] NET: Registered protocol family 1
[    0.141189] RPC: Registered named UNIX socket transport module.
[    0.141199] RPC: Registered udp transport module.
[    0.141206] RPC: Registered tcp transport module.
[    0.141213] RPC: Registered tcp NFSv4.1 backchannel transport module.
[    0.141231] PCI: CLS 0 bytes, default 64
[    0.142214] hw perfevents: enabled with armv7_cortex_a15 PMU driver, 7 counters available
[    0.143758] futex hash table entries: 1024 (order: 4, 65536 bytes)
[    0.156609] squashfs: version 4.0 (2009/01/31) Phillip Lougher
[    0.157526] NFS: Registering the id_resolver key type
[    0.157564] Key type id_resolver registered
[    0.157573] Key type id_legacy registered
[    0.157640] ntfs: driver 2.1.32 [Flags: R/O].
[    0.158655] bounce: pool size: 64 pages
[    0.158872] Block layer SCSI generic (bsg) driver version 0.4 loaded (major 249)
[    0.158915] io scheduler noop registered
[    0.158930] io scheduler deadline registered
[    0.158969] io scheduler cfq registered (default)
[    0.176291] tegra-pcie 1003000.pcie-controller: 2x1, 1x1 configuration
[    0.176341] tegra-pcie 1003000.pcie-controller: Failed to get supply 'avddio-pex': -517
[    0.183262] tegra-apbdma 60020000.dma: Tegra20 APB DMA driver register 32 channels
[    0.184716] tegra-pmc 7000e400.pmc: emergency thermal reset enabled
[    0.243938] Serial: 8250/16550 driver, 4 ports, IRQ sharing disabled
[    0.246360] SuperH (H)SCI(F) driver initialized
[    0.247347] msm_serial: driver initialized
[    0.248168] console [ttyS0] disabled
[    0.248202] 70006300.serial: ttyS0 at MMIO 0x70006300 (irq = 331, base_baud = 25500000) is a Tegra
[    1.068021] console [ttyS0] enabled
[    1.072411] STMicroelectronics ASC driver initialized
[    1.079908] [drm] Initialized drm 1.1.0 20060810
[    1.086719] tegra-hdmi 54280000.hdmi: failed to get HDMI regulator
[    1.100041] loop: module loaded
[    1.103487] at24 0-0056: 256 byte 24c02 EEPROM, writable, 8 bytes/write
[    1.111563] as3722 4-0040: AS3722 with revision 0x1 found
[    1.134902] +5V_SYS: supplied by +VDD_MUX
[    1.138976] +1.05V_RUN: supplied by +5V_SYS
[    1.143254] tegra-ahci 70027000.sata: Failed to get supply 'hvdd': -517
[    1.149928] tegra-ahci 70027000.sata: Failed to get regulators
[    1.160874] m25p80 spi32765.0: w25q32dw (4096 Kbytes)
[    1.169356] CAN device driver interface
[    1.174587] igb: Intel(R) Gigabit Ethernet Network Driver - version 5.3.0-k
[    1.181548] igb: Copyright (c) 2007-2014 Intel Corporation.
[    1.190311] pegasus: v0.9.3 (2013/04/25), Pegasus/Pegasus II USB Ethernet driver
[    1.197760] usbcore: registered new interface driver pegasus
[    1.203494] usbcore: registered new interface driver asix
[    1.208953] usbcore: registered new interface driver ax88179_178a
[    1.215101] usbcore: registered new interface driver cdc_ether
[    1.221015] usbcore: registered new interface driver smsc75xx
[    1.226837] usbcore: registered new interface driver smsc95xx
[    1.232638] usbcore: registered new interface driver net1080
[    1.238358] usbcore: registered new interface driver cdc_subset
[    1.244335] usbcore: registered new interface driver zaurus
[    1.250004] usbcore: registered new interface driver cdc_ncm
[    1.255928] tegra-phy 7d004000.usb-phy: no vbus regulator
[    1.263466] ehci_hcd: USB 2.0 'Enhanced' Host Controller (EHCI) Driver
[    1.270005] ehci-pci: EHCI PCI platform driver
[    1.274510] ehci-platform: EHCI generic platform driver
[    1.279964] ehci-omap: OMAP-EHCI Host Controller driver
[    1.285345] ehci-orion: EHCI orion driver
[    1.289512] SPEAr-ehci: EHCI SPEAr driver
[    1.293672] ehci-st: EHCI STMicroelectronics driver
[    1.298709] ehci-exynos: EHCI EXYNOS driver
[    1.303080] ehci-atmel: EHCI Atmel driver
[    1.307250] tegra-ehci: Tegra EHCI driver
[    1.311569] tegra-ehci 7d004000.usb: EHCI Host Controller
[    1.316996] tegra-ehci 7d004000.usb: new USB bus registered, assigned bus number 1
[    1.324746] tegra-ehci 7d004000.usb: irq 348, io mem 0x7d004000
[    1.338923] tegra-ehci 7d004000.usb: USB 2.0 started, EHCI 1.10
[    1.345705] hub 1-0:1.0: USB hub found
[    1.349520] hub 1-0:1.0: 1 port detected
[    1.354145] ohci_hcd: USB 1.1 'Open' Host Controller (OHCI) Driver
[    1.360359] ohci-pci: OHCI PCI platform driver
[    1.364878] ohci-platform: OHCI generic platform driver
[    1.370309] ohci-omap3: OHCI OMAP3 driver
[    1.374485] SPEAr-ohci: OHCI SPEAr driver
[    1.378646] ohci-st: OHCI STMicroelectronics driver
[    1.383691] ohci-atmel: OHCI Atmel driver
[    1.387970] usbcore: registered new interface driver usb-storage
[    1.395630] mousedev: PS/2 mouse device common for all mice
[    1.405190] as3722-rtc as3722-rtc: rtc core: registered as3722-rtc as rtc0
[    1.412075] as3722-rtc as3722-rtc: RTC interrupt 371
[    1.420464] tegra_rtc 7000e000.rtc: rtc core: registered 7000e000.rtc as rtc1
[    1.427653] tegra_rtc 7000e000.rtc: Tegra internal Real Time Clock
[    1.434451] i2c /dev entries driver
[    1.443000] 0-004c supply vcc not found, using dummy regulator
[    1.455204] sdhci: Secure Digital Host Controller Interface driver
[    1.461402] sdhci: Copyright(c) Pierre Ossman
[    1.467459] Synopsys Designware Multimedia Card Interface Driver
[    1.474671] sdhci-pltfm: SDHCI platform and OF driver helper
[    1.481082] sdhci-tegra 700b0400.sdhci: Got CD GPIO
[    1.485988] sdhci-tegra 700b0400.sdhci: Got WP GPIO
[    1.490921] mmc0: Unknown controller version (3). You may experience problems.
[    1.498241] +VDDIO_SDMMC3: supplied by regulator-dummy
[    1.503466] sdhci-tegra 700b0400.sdhci: No vmmc regulator found
[    1.509423] mmc0: Invalid maximum block size, assuming 512 bytes
[    1.549033] mmc0: SDHCI controller on 700b0400.sdhci [700b0400.sdhci] using ADMA 64-bit
[    1.557173] mmc1: Unknown controller version (3). You may experience problems.
[    1.564490] sdhci-tegra 700b0600.sdhci: No vmmc regulator found
[    1.570422] sdhci-tegra 700b0600.sdhci: No vqmmc regulator found
[    1.576438] mmc1: Invalid maximum block size, assuming 512 bytes
[    1.618918] mmc1: SDHCI controller on 700b0600.sdhci [700b0600.sdhci] using ADMA 64-bit
[    1.628298] ledtrig-cpu: registered to indicate activity on CPUs
[    1.634559] usbcore: registered new interface driver usbhid
[    1.640140] usbhid: USB HID core driver
[    1.652850] NET: Registered protocol family 10
[    1.658023] sit: IPv6 over IPv4 tunneling driver
[    1.663398] NET: Registered protocol family 17
[    1.667882] can: controller area network core (rev 20120528 abi 9)
[    1.674183] NET: Registered protocol family 29
[    1.678690] can: raw protocol (rev 20120528)
[    1.682984] can: broadcast manager protocol (rev 20120528 t)
[    1.688715] can: netlink gateway (rev 20130117) max_hops=1
[    1.694607] Key type dns_resolver registered
[    1.699624] ThumbEE CPU extension supported.
[    1.703993] Registering SWP/SWPB emulation handler
[    1.717598] tegra-pcie 1003000.pcie-controller: 2x1, 1x1 configuration
[    1.724493] +3.3V_SYS: supplied by +VDD_MUX
[    1.728708] +3.3V_LP0: supplied by +3.3V_SYS
[    1.733359] +1.35V_LP0(sd2): supplied by +5V_SYS
[    1.738065] +1.05V_RUN_AVDD: supplied by +1.35V_LP0(sd2)
[    1.743810] mmc1: MAN_BKOPS_EN bit is not set
[    1.745287] tegra-pcie 1003000.pcie-controller: probing port 0, using 2 lanes
[    1.747374] tegra-pcie 1003000.pcie-controller: Slot present pin change, signature: 00000008
[    1.769977] mmc1: new high speed MMC card at address 0001
[    1.775879] mmcblk0: mmc1:0001 SEM16G 14.6 GiB 
[    1.780862] mmcblk0boot0: mmc1:0001 SEM16G partition 1 4.00 MiB
[    1.787269] mmcblk0boot1: mmc1:0001 SEM16G partition 2 4.00 MiB
[    1.793693] mmcblk0rpmb: mmc1:0001 SEM16G partition 3 4.00 MiB
[    1.802727] Primary GPT is invalid, using alternate GPT.
[    1.808105]  mmcblk0: p1 p2 p3 p4 p5 p6 p7 p8 p9
[    2.170708] tegra-pcie 1003000.pcie-controller: link 0 down, retrying
[    2.605484] tegra-pcie 1003000.pcie-controller: link 0 down, retrying
[    3.041293] tegra-pcie 1003000.pcie-controller: link 0 down, retrying
[    3.049924] tegra-pcie 1003000.pcie-controller: link 0 down, ignoring
[    3.056433] tegra-pcie 1003000.pcie-controller: probing port 1, using 1 lanes
[    3.065940] tegra-pcie 1003000.pcie-controller: Slot present pin change, signature: 00000000
[    3.499031] tegra-pcie 1003000.pcie-controller: link 1 down, retrying
[    3.934541] tegra-pcie 1003000.pcie-controller: link 1 down, retrying
[    4.370322] tegra-pcie 1003000.pcie-controller: link 1 down, retrying
[    4.378953] tegra-pcie 1003000.pcie-controller: link 1 down, ignoring
[    4.385674] tegra-pcie 1003000.pcie-controller: PCI host bridge to bus 0000:00
[    4.392912] pci_bus 0000:00: root bus resource [mem 0x13000000-0x1fffffff]
[    4.399794] pci_bus 0000:00: root bus resource [mem 0x20000000-0x3fffffff pref]
[    4.407115] pci_bus 0000:00: root bus resource [bus 00-ff]
[    4.412609] pci_bus 0000:00: root bus resource [io  0x1000-0xffff]
[    4.418821] PCI: bus0: Fast back to back transfers enabled
[    4.425107] +5V_HDMI_CON: supplied by +5V_SYS
[    4.429599] +1.05V_RUN_AVDD_HDMI_PLL: supplied by +1.05V_RUN
[    4.435395] +3.3V_RUN: supplied by +3.3V_SYS
[    4.439709] +3.3V_AVDD_HDMI_AP_GATED: supplied by +3.3V_RUN
[    4.447151] [drm] Supports vblank timestamp caching Rev 2 (21.10.2013).
[    4.453833] [drm] No driver support for vblank timestamp query.
[    4.560699] tegra-hdmi 54280000.hdmi: cannot set audio to 44100 at 297000000 pclk
[    4.672366] Console: switching to colour frame buffer device 512x135
[    4.768250] drm drm: fb0:  frame buffer device
[    4.784070] [drm] Initialized tegra 0.0.0 20120330 on minor 0
[    4.790964] +5V_SATA: supplied by +5V_SYS
[    4.795199] +12V_SATA: supplied by +VDD_MUX
[    4.800111] tegra-ahci 70027000.sata: AHCI 0001.0301 32 slots 2 ports 3 Gbps 0x1 impl platform mode
[    4.809188] tegra-ahci 70027000.sata: flags: 64bit ncq sntf pm led pio slum part sadm sds apst 
[    4.820484] scsi host0: tegra-ahci
[    4.824824] scsi host1: tegra-ahci
[    4.828576] ata1: SATA max UDMA/133 mmio [mem 0x70027000-0x70028fff] port 0x100 irq 341
[    4.836611] ata2: DUMMY
[    4.840297] +5V_USB_HS: supplied by +5V_SYS
[    4.845740] tegra-ehci 7d008000.usb: EHCI Host Controller
[    4.851200] tegra-ehci 7d008000.usb: new USB bus registered, assigned bus number 2
[    4.859023] tegra-ehci 7d008000.usb: irq 349, io mem 0x7d008000
[    4.874057] tegra-ehci 7d008000.usb: USB 2.0 started, EHCI 1.10
[    4.881038] hub 2-0:1.0: USB hub found
[    4.884882] hub 2-0:1.0: 1 port detected
[    4.890439] cpufreq: cpufreq_add_dev: CPU0: Running at unlisted freq: 696000 KHz
[    4.897917] cpufreq: cpufreq_add_dev: CPU0: Unlisted initial frequency changed to: 714000 KHz
[    4.907341] input: gpio-keys as /devices/soc0/gpio-keys/input/input0
[    4.914644] as3722-rtc as3722-rtc: setting system clock to 2000-02-01 00:00:18 UTC (949363218)
[    4.927378] +USB0_VBUS_SW: disabling
[    4.930951] +1.8V_RUN_VPP_FUSE: disabling
[    4.935167] +2.8V_RUN_CAM_AF: disabling
[    4.939179] +3.3V_RUN_TOUCH: disabling
[    4.943086] +1.05V_RUN_CAM_REAR: disabling
[    4.947355] +1.2V_RUN_CAM_FRONT: disabling
[    4.951625] +2.8V_RUN_CAM: disabling
[    4.955309] +1.8V_RUN_CAM: disabling
[    5.164068] ata1: SATA link down (SStatus 0 SControl 300)
[    5.170445] EXT4-fs (mmcblk0p1): couldn't mount as ext3 due to feature incompatibilities
[    5.179294] EXT4-fs (mmcblk0p1): couldn't mount as ext2 due to feature incompatibilities
[    5.198936] usb 2-1: new high-speed USB device number 2 using tegra-ehci
[    5.205934] EXT4-fs (mmcblk0p1): recovery complete
[    5.210807] EXT4-fs (mmcblk0p1): mounted filesystem with ordered data mode. Opts: (null)
[    5.218985] VFS: Mounted root (ext4 filesystem) on device 179:1.
[    5.229735] devtmpfs: mounted
[    5.233432] Freeing unused kernel memory: 1004K (c0d57000 - c0e52000)
bash: cannot set terminal process group (-1): Inappropriate ioctl for device
bash: no job control in this shell
root@(none):/# 