
U-Boot SPL 2014.07-00097-g772e173 (Jul 25 2014 - 20:02:52)


U-Boot 2014.07-00097-g772e173 (Jul 25 2014 - 20:02:52)

TEGRA124
Board: NVIDIA Jetson TK1
I2C:   ready
DRAM:  2 GiB
MMC:   Tegra SD/MMC: 0, Tegra SD/MMC: 1
In:    serial
Out:   serial
Err:   serial
Net:   Net Initialization Skipped
No ethernet found.
Hit any key to stop autoboot:  2  0 
Tegra124 (Jetson TK1) # 
Tegra124 (Jetson TK1) # usb reset
(Re)start USB...
USB0:   USB EHCI 1.10
scanning bus 0 for devices... 1 USB Device(s) found
USB1:   USB EHCI 1.10
scanning bus 1 for devices... 2 USB Device(s) found
       scanning usb for storage devices... 0 Storage Device(s) found
       scanning usb for ethernet devices... 
Warning: asx0 using MAC address from net device
1 Ethernet Device(s) found
Tegra124 (Jetson TK1) # setenv bootargs 'ignore_loglevel console=ttyS0,115200n8 rw root=/dev/mmcblk0p1 rootwait gpt debug init=/bin/bash noinitrd'
Tegra124 (Jetson TK1) # setenv ipaddr 192.168.100.102; setenv serverip 192.168.100.1; setenv tftpserverip 192.168.100.1
Tegra124 (Jetson TK1) # tftpboot 0x81000000 zImage.multi_v7_defconfig
Using asx0 device
TFTP from server 192.168.100.1; our IP address is 192.168.100.102
Filename 'zImage.multi_v7_defconfig'.
Load address: 0x81000000
Loading: *#################################################################
	 #################################################################
	 #################################################################
	 #################################################################
	 #################################################################
	 #################################################################
	 #################################################
	 3.3 MiB/s
done
Bytes transferred = 6437048 (6238b8 hex)
Tegra124 (Jetson TK1) # tftpboot 0x82000000 tegra124-jetson-tk1.dtb
Using asx0 device
TFTP from server 192.168.100.1; our IP address is 192.168.100.102
Filename 'tegra124-jetson-tk1.dtb'.
Load address: 0x82000000
Loading: *#####
	 3.2 MiB/s
done
Bytes transferred = 64210 (fad2 hex)
Tegra124 (Jetson TK1) # bootz 0x81000000 - 0x82000000
Kernel image @ 0x81000000 [ 0x000000 - 0x6238b8 ]
## Flattened Device Tree blob at 82000000
   Booting using the fdt blob at 0x82000000
   Using Device Tree in place at 82000000, end 82012ad1

Starting kernel ...

[    0.000000] Booting Linux on physical CPU 0x0
[    0.000000] Linux version 4.2.0-next-20150901-40358-g80b0ee7 (pwalmsley@sellafield) (gcc version 4.7.3 20130328 (prerelease) (crosstool-NG linaro-1.13.1-4.7-2013.04-20130415 - Linaro GCC 2013.04) ) #1 SMP Tue Sep 1 01:47:47 PDT 2015
[    0.000000] CPU: ARMv7 Processor [413fc0f3] revision 3 (ARMv7), cr=10c5387d
[    0.000000] CPU: PIPT / VIPT nonaliasing data cache, PIPT instruction cache
[    0.000000] Machine model: NVIDIA Tegra124 Jetson TK1
[    0.000000] debug: ignoring loglevel setting.
[    0.000000] cma: Reserved 64 MiB at 0xfb800000
[    0.000000] Memory policy: Data cache writealloc
[    0.000000] On node 0 totalpages: 524032
[    0.000000] free_area_init_node: node 0, pgdat c0f7f3c0, node_mem_map ee7f8000
[    0.000000]   DMA zone: 1520 pages used for memmap
[    0.000000]   DMA zone: 0 pages reserved
[    0.000000]   DMA zone: 194560 pages, LIFO batch:31
[    0.000000]   HighMem zone: 329472 pages, LIFO batch:31
[    0.000000] PERCPU: Embedded 12 pages/cpu @ee78f000 s19200 r8192 d21760 u49152
[    0.000000] pcpu-alloc: s19200 r8192 d21760 u49152 alloc=12*4096
[    0.000000] pcpu-alloc: [0] 0 [0] 1 [0] 2 [0] 3 
[    0.000000] Built 1 zonelists in Zone order, mobility grouping on.  Total pages: 522512
[    0.000000] Kernel command line: ignore_loglevel console=ttyS0,115200n8 rw root=/dev/mmcblk0p1 rootwait gpt debug init=/bin/bash noinitrd
[    0.000000] PID hash table entries: 4096 (order: 2, 16384 bytes)
[    0.000000] Dentry cache hash table entries: 131072 (order: 7, 524288 bytes)
[    0.000000] Inode-cache hash table entries: 65536 (order: 6, 262144 bytes)
[    0.000000] Memory: 1998752K/2096128K available (8123K kernel code, 1012K rwdata, 3628K rodata, 1028K init, 340K bss, 31840K reserved, 65536K cma-reserved, 1252352K highmem)
[    0.000000] Virtual kernel memory layout:
[    0.000000]     vector  : 0xffff0000 - 0xffff1000   (   4 kB)
[    0.000000]     fixmap  : 0xffc00000 - 0xfff00000   (3072 kB)
[    0.000000]     vmalloc : 0xf0000000 - 0xff000000   ( 240 MB)
[    0.000000]     lowmem  : 0xc0000000 - 0xef800000   ( 760 MB)
[    0.000000]     pkmap   : 0xbfe00000 - 0xc0000000   (   2 MB)
[    0.000000]     modules : 0xbf000000 - 0xbfe00000   (  14 MB)
[    0.000000]       .text : 0xc0208000 - 0xc0d82f38   (11756 kB)
[    0.000000]       .init : 0xc0d83000 - 0xc0e84000   (1028 kB)
[    0.000000]       .data : 0xc0e84000 - 0xc0f813a0   (1013 kB)
[    0.000000]        .bss : 0xc0f84000 - 0xc0fd92e8   ( 341 kB)
[    0.000000] SLUB: HWalign=64, Order=0-3, MinObjects=0, CPUs=4, Nodes=1
[    0.000000] Hierarchical RCU implementation.
[    0.000000] 	Build-time adjustment of leaf fanout to 32.
[    0.000000] 	RCU restricting CPUs from NR_CPUS=16 to nr_cpu_ids=4.
[    0.000000] RCU: Adjusting geometry for rcu_fanout_leaf=32, nr_cpu_ids=4
[    0.000000] NR_IRQS:16 nr_irqs:16 16
[    0.000000] /interrupt-controller@60004000: 160 interrupts forwarded to /interrupt-controller@0,50041000
[    0.000000] L2C: failed to init: -19
[    0.000009] sched_clock: 32 bits at 1000kHz, resolution 1000ns, wraps every 2147483647500ns
[    0.000028] clocksource: timer_us: mask: 0xffffffff max_cycles: 0xffffffff, max_idle_ns: 1911260446275 ns
[    0.000042] Switching to timer-based delay loop, resolution 1000ns
[    0.004358] Architected cp15 timer(s) running at 12.00MHz (virt).
[    0.004375] clocksource: arch_sys_counter: mask: 0xffffffffffffff max_cycles: 0x2c47f4ee7, max_idle_ns: 440795202497 ns
[    0.004392] sched_clock: 56 bits at 12MHz, resolution 83ns, wraps every 4398046511096ns
[    0.004404] Switching to timer-based delay loop, resolution 83ns
[    0.004820] Console: colour dummy device 80x30
[    0.004843] Calibrating delay loop (skipped), value calculated using timer frequency.. 24.00 BogoMIPS (lpj=60000)
[    0.004858] pid_max: default: 32768 minimum: 301
[    0.004970] Mount-cache hash table entries: 2048 (order: 1, 8192 bytes)
[    0.004982] Mountpoint-cache hash table entries: 2048 (order: 1, 8192 bytes)
[    0.005571] CPU: Testing write buffer coherency: ok
[    0.005788] /cpus/cpu@0 missing clock-frequency property
[    0.005827] /cpus/cpu@1 missing clock-frequency property
[    0.005865] /cpus/cpu@2 missing clock-frequency property
[    0.005903] /cpus/cpu@3 missing clock-frequency property
[    0.005915] CPU0: thread -1, cpu 0, socket 0, mpidr 80000000
[    0.005957] Setting up static identity map for 0x80209000 - 0x80209098
[    0.009034] Tegra Revision: A01 SKU: 129 CPU Process: 1 SoC Process: 1
[    0.010286] CPU1: thread -1, cpu 1, socket 0, mpidr 80000001
[    0.010808] CPU2: thread -1, cpu 2, socket 0, mpidr 80000002
[    0.011318] CPU3: thread -1, cpu 3, socket 0, mpidr 80000003
[    0.011383] Brought up 4 CPUs
[    0.011403] SMP: Total of 4 processors activated (96.00 BogoMIPS).
[    0.011411] CPU: All CPU(s) started in SVC mode.
[    0.012786] devtmpfs: initialized
[    0.031676] VFP support v0.3: implementor 41 architecture 4 part 30 variant f rev 0
[    0.032462] clocksource: jiffies: mask: 0xffffffff max_cycles: 0xffffffff, max_idle_ns: 9556302231375000 ns
[    0.034167] pinctrl core: initialized pinctrl subsystem
[    0.035856] NET: Registered protocol family 16
[    0.037841] DMA: preallocated 256 KiB pool for atomic coherent allocations
[    0.054171] cpuidle: using governor ladder
[    0.069188] cpuidle: using governor menu
[    0.073101] gpiochip_add: GPIOs 0..255 (tegra-gpio) failed to register
[    0.084533] No ATAGs?
[    0.084569] hw-breakpoint: found 5 (+1 reserved) breakpoint and 4 watchpoint registers.
[    0.084580] hw-breakpoint: maximum watchpoint size is 8 bytes.
[    0.089266] Serial: AMBA PL011 UART driver
[    0.123126] vgaarb: loaded
[    0.123903] SCSI subsystem initialized
[    0.124089] libata version 3.00 loaded.
[    0.124429] usbcore: registered new interface driver usbfs
[    0.124495] usbcore: registered new interface driver hub
[    0.124571] usbcore: registered new device driver usb
[    0.128176] pps_core: LinuxPPS API ver. 1 registered
[    0.128186] pps_core: Software ver. 5.3.6 - Copyright 2005-2007 Rodolfo Giometti <giometti@linux.it>
[    0.128216] PTP clock support registered
[    0.128449] EDAC MC: Ver: 3.0.0
[    0.131806] clocksource: Switched to clocksource arch_sys_counter
[    0.143564] NET: Registered protocol family 2
[    0.144089] TCP established hash table entries: 8192 (order: 3, 32768 bytes)
[    0.144188] TCP bind hash table entries: 8192 (order: 4, 65536 bytes)
[    0.144374] TCP: Hash tables configured (established 8192 bind 8192)
[    0.144425] UDP hash table entries: 512 (order: 2, 16384 bytes)
[    0.144467] UDP-Lite hash table entries: 512 (order: 2, 16384 bytes)
[    0.144632] NET: Registered protocol family 1
[    0.144891] RPC: Registered named UNIX socket transport module.
[    0.144900] RPC: Registered udp transport module.
[    0.144908] RPC: Registered tcp transport module.
[    0.144915] RPC: Registered tcp NFSv4.1 backchannel transport module.
[    0.144936] PCI: CLS 0 bytes, default 64
[    0.145914] hw perfevents: enabled with armv7_cortex_a15 PMU driver, 7 counters available
[    0.147514] futex hash table entries: 1024 (order: 4, 65536 bytes)
[    0.160013] squashfs: version 4.0 (2009/01/31) Phillip Lougher
[    0.160951] NFS: Registering the id_resolver key type
[    0.160979] Key type id_resolver registered
[    0.160987] Key type id_legacy registered
[    0.161061] ntfs: driver 2.1.32 [Flags: R/O].
[    0.162496] bounce: pool size: 64 pages
[    0.162715] Block layer SCSI generic (bsg) driver version 0.4 loaded (major 249)
[    0.162733] io scheduler noop registered
[    0.162750] io scheduler deadline registered
[    0.162789] io scheduler cfq registered (default)
[    0.179803] tegra-pcie 1003000.pcie-controller: 2x1, 1x1 configuration
[    0.179851] tegra-pcie 1003000.pcie-controller: Failed to get supply 'avddio-pex': -517
[    0.187161] tegra-apbdma 60020000.dma: Tegra20 APB DMA driver register 32 channels
[    0.188544] tegra-pmc 7000e400.pmc: emergency thermal reset enabled
[    0.251524] Serial: 8250/16550 driver, 4 ports, IRQ sharing disabled
[    0.254024] SuperH (H)SCI(F) driver initialized
[    0.254977] msm_serial: driver initialized
[    0.255810] console [ttyS0] disabled
[    0.255845] 70006300.serial: ttyS0 at MMIO 0x70006300 (irq = 75, base_baud = 25500000) is a Tegra
[    0.996068] console [ttyS0] enabled
[    1.000388] STMicroelectronics ASC driver initialized
[    1.007887] [drm] Initialized drm 1.1.0 20060810
[    1.014897] tegra-hdmi 54280000.hdmi: failed to get HDMI regulator
[    1.029201] loop: module loaded
[    1.032675] at24 0-0056: 256 byte 24c02 EEPROM, writable, 8 bytes/write
[    1.040557] as3722 4-0040: AS3722 with revision 0x1 found
[    1.063782] +5V_SYS: supplied by +VDD_MUX
[    1.067847] +1.05V_RUN: supplied by +5V_SYS
[    1.072147] tegra-ahci 70027000.sata: Failed to get supply 'hvdd': -517
[    1.078818] tegra-ahci 70027000.sata: Failed to get regulators
[    1.089790] m25p80 spi32765.0: w25q32dw (4096 Kbytes)
[    1.098401] CAN device driver interface
[    1.103626] igb: Intel(R) Gigabit Ethernet Network Driver - version 5.3.0-k
[    1.110594] igb: Copyright (c) 2007-2014 Intel Corporation.
[    1.119368] pegasus: v0.9.3 (2013/04/25), Pegasus/Pegasus II USB Ethernet driver
[    1.126842] usbcore: registered new interface driver pegasus
[    1.132584] usbcore: registered new interface driver asix
[    1.138048] usbcore: registered new interface driver ax88179_178a
[    1.144204] usbcore: registered new interface driver cdc_ether
[    1.150123] usbcore: registered new interface driver smsc75xx
[    1.155959] usbcore: registered new interface driver smsc95xx
[    1.161771] usbcore: registered new interface driver net1080
[    1.167497] usbcore: registered new interface driver cdc_subset
[    1.173480] usbcore: registered new interface driver zaurus
[    1.179155] usbcore: registered new interface driver cdc_ncm
[    1.185072] tegra-phy 7d004000.usb-phy: no vbus regulator
[    1.192848] ehci_hcd: USB 2.0 'Enhanced' Host Controller (EHCI) Driver
[    1.199395] ehci-pci: EHCI PCI platform driver
[    1.203908] ehci-platform: EHCI generic platform driver
[    1.209367] ehci-omap: OMAP-EHCI Host Controller driver
[    1.214756] ehci-orion: EHCI orion driver
[    1.218932] SPEAr-ehci: EHCI SPEAr driver
[    1.223112] ehci-st: EHCI STMicroelectronics driver
[    1.228151] ehci-exynos: EHCI EXYNOS driver
[    1.232519] ehci-atmel: EHCI Atmel driver
[    1.236671] tegra-ehci: Tegra EHCI driver
[    1.241026] tegra-ehci 7d004000.usb: EHCI Host Controller
[    1.246460] tegra-ehci 7d004000.usb: new USB bus registered, assigned bus number 1
[    1.254219] tegra-ehci 7d004000.usb: irq 92, io mem 0x7d004000
[    1.266828] tegra-ehci 7d004000.usb: USB 2.0 started, EHCI 1.10
[    1.273610] hub 1-0:1.0: USB hub found
[    1.277407] hub 1-0:1.0: 1 port detected
[    1.281958] ohci_hcd: USB 1.1 'Open' Host Controller (OHCI) Driver
[    1.288159] ohci-pci: OHCI PCI platform driver
[    1.292668] ohci-platform: OHCI generic platform driver
[    1.298083] ohci-omap3: OHCI OMAP3 driver
[    1.302254] SPEAr-ohci: OHCI SPEAr driver
[    1.306410] ohci-st: OHCI STMicroelectronics driver
[    1.311448] ohci-atmel: OHCI Atmel driver
[    1.315703] usbcore: registered new interface driver usb-storage
[    1.323273] mousedev: PS/2 mouse device common for all mice
[    1.332723] as3722-rtc as3722-rtc: rtc core: registered as3722-rtc as rtc0
[    1.339610] as3722-rtc as3722-rtc: RTC interrupt 115
[    1.347946] tegra_rtc 7000e000.rtc: rtc core: registered 7000e000.rtc as rtc1
[    1.355134] tegra_rtc 7000e000.rtc: Tegra internal Real Time Clock
[    1.361932] i2c /dev entries driver
[    1.375524] sdhci: Secure Digital Host Controller Interface driver
[    1.381729] sdhci: Copyright(c) Pierre Ossman
[    1.387804] Synopsys Designware Multimedia Card Interface Driver
[    1.394998] sdhci-pltfm: SDHCI platform and OF driver helper
[    1.401560] mmc0: Unknown controller version (3). You may experience problems.
[    1.408885] sdhci-tegra 700b0600.sdhci: No vmmc regulator found
[    1.414826] sdhci-tegra 700b0600.sdhci: No vqmmc regulator found
[    1.420838] mmc0: Invalid maximum block size, assuming 512 bytes
[    1.461824] mmc0: SDHCI controller on 700b0600.sdhci [700b0600.sdhci] using ADMA 64-bit
[    1.471468] ledtrig-cpu: registered to indicate activity on CPUs
[    1.477878] usbcore: registered new interface driver usbhid
[    1.483459] usbhid: USB HID core driver
[    1.496117] NET: Registered protocol family 10
[    1.501272] sit: IPv6 over IPv4 tunneling driver
[    1.505818] mmc0: MAN_BKOPS_EN bit is not set
[    1.509137] mmc0: new high speed MMC card at address 0001
[    1.509675] mmcblk0: mmc0:0001 SEM16G 14.6 GiB 
[    1.509916] mmcblk0boot0: mmc0:0001 SEM16G partition 1 4.00 MiB
[    1.510158] mmcblk0boot1: mmc0:0001 SEM16G partition 2 4.00 MiB
[    1.510396] mmcblk0rpmb: mmc0:0001 SEM16G partition 3 4.00 MiB
[    1.512396] Primary GPT is invalid, using alternate GPT.
[    1.512424]  mmcblk0: p1 p2 p3 p4 p5 p6 p7 p8 p9
[    1.548464] NET: Registered protocol family 17
[    1.552942] can: controller area network core (rev 20120528 abi 9)
[    1.559191] NET: Registered protocol family 29
[    1.563657] can: raw protocol (rev 20120528)
[    1.567946] can: broadcast manager protocol (rev 20120528 t)
[    1.573627] can: netlink gateway (rev 20130117) max_hops=1
[    1.579552] Key type dns_resolver registered
[    1.584486] ThumbEE CPU extension supported.
[    1.588787] Registering SWP/SWPB emulation handler
[    1.603608] tegra-pcie 1003000.pcie-controller: 2x1, 1x1 configuration
[    1.610519] +3.3V_SYS: supplied by +VDD_MUX
[    1.614826] +3.3V_LP0: supplied by +3.3V_SYS
[    1.619495] +1.35V_LP0(sd2): supplied by +5V_SYS
[    1.624254] +1.05V_RUN_AVDD: supplied by +1.35V_LP0(sd2)
[    1.631347] tegra-pcie 1003000.pcie-controller: probing port 0, using 2 lanes
[    1.640596] tegra-pcie 1003000.pcie-controller: Slot present pin change, signature: 00000008
[    2.068978] tegra-pcie 1003000.pcie-controller: link 0 down, retrying
[    2.497501] tegra-pcie 1003000.pcie-controller: link 0 down, retrying
[    2.926047] tegra-pcie 1003000.pcie-controller: link 0 down, retrying
[    2.934626] tegra-pcie 1003000.pcie-controller: link 0 down, ignoring
[    2.941122] tegra-pcie 1003000.pcie-controller: probing port 1, using 1 lanes
[    2.950379] tegra-pcie 1003000.pcie-controller: Slot present pin change, signature: 00000000
[    3.378972] tegra-pcie 1003000.pcie-controller: link 1 down, retrying
[    3.807480] tegra-pcie 1003000.pcie-controller: link 1 down, retrying
[    4.235977] tegra-pcie 1003000.pcie-controller: link 1 down, retrying
[    4.244566] tegra-pcie 1003000.pcie-controller: link 1 down, ignoring
[    4.251276] tegra-pcie 1003000.pcie-controller: PCI host bridge to bus 0000:00
[    4.258516] pci_bus 0000:00: root bus resource [mem 0x13000000-0x1fffffff]
[    4.265399] pci_bus 0000:00: root bus resource [mem 0x20000000-0x3fffffff pref]
[    4.272714] pci_bus 0000:00: root bus resource [bus 00-ff]
[    4.278208] pci_bus 0000:00: root bus resource [io  0x1000-0xffff]
[    4.284421] PCI: bus0: Fast back to back transfers enabled
[    4.290699] +5V_HDMI_CON: supplied by +5V_SYS
[    4.295177] +1.05V_RUN_AVDD_HDMI_PLL: supplied by +1.05V_RUN
[    4.300991] +3.3V_RUN: supplied by +3.3V_SYS
[    4.305308] +3.3V_AVDD_HDMI_AP_GATED: supplied by +3.3V_RUN
[    4.313490] [drm] Supports vblank timestamp caching Rev 2 (21.10.2013).
[    4.320167] [drm] No driver support for vblank timestamp query.
[    4.424103] tegra-hdmi 54280000.hdmi: cannot set audio to 44100 at 297000000 pclk
[    4.534687] Console: switching to colour frame buffer device 512x135
[    4.629301] drm drm: fb0:  frame buffer device
[    4.646927] [drm] Initialized tegra 0.0.0 20120330 on minor 0
[    4.653909] +5V_SATA: supplied by +5V_SYS
[    4.658096] +12V_SATA: supplied by +VDD_MUX
[    4.662938] tegra-ahci 70027000.sata: AHCI 0001.0301 32 slots 2 ports 3 Gbps 0x1 impl platform mode
[    4.672048] tegra-ahci 70027000.sata: flags: 64bit ncq sntf pm led pio slum part sadm sds apst 
[    4.682784] scsi host0: tegra-ahci
[    4.687202] scsi host1: tegra-ahci
[    4.690952] ata1: SATA max UDMA/133 mmio [mem 0x70027000-0x70028fff] port 0x100 irq 85
[    4.698903] ata2: DUMMY
[    4.702699] +5V_USB_HS: supplied by +5V_SYS
[    4.708397] tegra-ehci 7d008000.usb: EHCI Host Controller
[    4.713863] tegra-ehci 7d008000.usb: new USB bus registered, assigned bus number 2
[    4.721633] tegra-ehci 7d008000.usb: irq 93, io mem 0x7d008000
[    4.736925] tegra-ehci 7d008000.usb: USB 2.0 started, EHCI 1.10
[    4.743864] hub 2-0:1.0: USB hub found
[    4.747730] hub 2-0:1.0: 1 port detected
[    4.752466] 0-004c supply vcc not found, using dummy regulator
[    4.762344] of_cpumask_init_opp_table: couldn't find opp table for cpu:0, -19
[    4.769547] cpufreq: cpufreq_online: CPU0: Running at unlisted freq: 696000 KHz
[    4.776951] cpufreq: cpufreq_online: CPU0: Unlisted initial frequency changed to: 714000 KHz
[    4.786240] sdhci-tegra 700b0400.sdhci: Got CD GPIO
[    4.791151] sdhci-tegra 700b0400.sdhci: Got WP GPIO
[    4.796090] mmc1: Unknown controller version (3). You may experience problems.
[    4.803406] +VDDIO_SDMMC3: supplied by +3.3V_RUN
[    4.808128] sdhci-tegra 700b0400.sdhci: No vmmc regulator found
[    4.814106] mmc1: Invalid maximum block size, assuming 512 bytes
[    4.852142] mmc1: SDHCI controller on 700b0400.sdhci [700b0400.sdhci] using ADMA 64-bit
[    4.860767] input: gpio-keys as /devices/soc0/gpio-keys/input/input0
[    4.867965] as3722-rtc as3722-rtc: setting system clock to 2000-01-01 00:00:18 UTC (946684818)
[    4.880698] +1.8V_RUN_CAM: disabling
[    4.884477] +2.8V_RUN_CAM: disabling
[    4.888269] +1.2V_RUN_CAM_FRONT: disabling
[    4.892581] +1.05V_RUN_CAM_REAR: disabling
[    4.896871] +3.3V_RUN_TOUCH: disabling
[    4.900853] +2.8V_RUN_CAM_AF: disabling
[    4.904862] +1.8V_RUN_VPP_FUSE: disabling
[    4.909040] +USB0_VBUS_SW: disabling
[    5.021913] ata1: SATA link down (SStatus 0 SControl 300)
[    5.028460] EXT4-fs (mmcblk0p1): couldn't mount as ext3 due to feature incompatibilities
[    5.037315] EXT4-fs (mmcblk0p1): couldn't mount as ext2 due to feature incompatibilities
[    5.058108] EXT4-fs (mmcblk0p1): recovery complete
[    5.062974] EXT4-fs (mmcblk0p1): mounted filesystem with ordered data mode. Opts: (null)
[    5.066953] usb 2-1: new high-speed USB device number 2 using tegra-ehci
[    5.077891] VFS: Mounted root (ext4 filesystem) on device 179:1.
[    5.088631] devtmpfs: mounted
[    5.092497] Freeing unused kernel memory: 1028K (c0d83000 - c0e84000)
bash: cannot set terminal process group (-1): Inappropriate ioctl for device
bash: no job control in this shell
root@(none):/# 