
U-Boot SPL 2016.05-rc2 (Apr 21 2016 - 16:23:00)
Trying to boot from RAM


U-Boot 2016.05-rc2 (Apr 21 2016 - 16:23:00 -0700)

TEGRA124
Model: NVIDIA Jetson TK1
Board: NVIDIA Jetson TK1
DRAM:  2 GiB
MC:   Tegra SD/MMC: 0, Tegra SD/MMC: 1
In:    serial
Out:   serial
Err:   serial
Net:   No ethernet found.
Hit any key to stop autoboot:  2  0 
Tegra124 (Jetson TK1) # 
Tegra124 (Jetson TK1) # pci enum
Tegra124 (Jetson TK1) # setenv bootargs 'ignore_loglevel console=ttyS0,115200n8 rw root=PARTUUID=b1791faa-84e8-4e27-83a1-9fb0a77e8803 rootwait gpt debug noinitrd earlyprintk init=/bin/bash'
Tegra124 (Jetson TK1) # setenv ipaddr 192.168.100.102; setenv serverip 192.168.100.1; setenv tftpserverip 192.168.100.1
Tegra124 (Jetson TK1) # tftpboot 0x82000000 zImage.multi_v7_defconfig

Warning: eth_rtl8169 using MAC address from ROM
Using eth_rtl8169 device
TFTP from server 192.168.100.1; our IP address is 192.168.100.102
Filename 'zImage.multi_v7_defconfig'.
Load address: 0x82000000
Loading: *#################################################################
	 ####T T #############################################################
	 #################################################################
	 #################################################################
	 #################################################################
	 #################################################################
	 #################################################################
	 #####################################################
	 597.7 KiB/s
done
Bytes transferred = 7450648 (71b018 hex)
Tegra124 (Jetson TK1) # tftpboot 0x83000000 tegra124-jetson-tk1.dtb
Using eth_rtl8169 device
TFTP from server 192.168.100.1; our IP address is 192.168.100.102
Filename 'tegra124-jetson-tk1.dtb'.
Load address: 0x83000000
Loading: *#####
	 3.2 MiB/s
done
Bytes transferred = 67133 (1063d hex)
Tegra124 (Jetson TK1) # bootz 0x82000000 - 0x83000000
Kernel image @ 0x82000000 [ 0x000000 - 0x71b018 ]
## Flattened Device Tree blob at 83000000
   Booting using the fdt blob at 0x83000000
   Using Device Tree in place at 83000000, end 8301363c

Starting kernel ...

[    0.000000] Booting Linux on physical CPU 0x0
[    0.000000] Linux version 4.10.0-rc3-next-20170116-145877-g38e4a8f (pwalmsley@sellafield) (gcc version 4.7.3 20130328 (prerelease) (crosstool-NG linaro-1.13.1-4.7-2013.04-20130415 - Linaro GCC 2013.04) ) #1 SMP Sun Jan 15 20:49:06 PST 2017
[    0.000000] CPU: ARMv7 Processor [413fc0f3] revision 3 (ARMv7), cr=10c5387d
[    0.000000] CPU: div instructions available: patching division code
[    0.000000] CPU: PIPT / VIPT nonaliasing data cache, PIPT instruction cache
[    0.000000] OF: fdt:Machine model: NVIDIA Tegra124 Jetson TK1
[    0.000000] debug: ignoring loglevel setting.
[    0.000000] efi: Getting EFI parameters from FDT:
[    0.000000] efi: UEFI not found.
[    0.000000] cma: Reserved 64 MiB at 0xfb800000
[    0.000000] Memory policy: Data cache writealloc
[    0.000000] On node 0 totalpages: 524032
[    0.000000] free_area_init_node: node 0, pgdat c1432080, node_mem_map eeff8000
[    0.000000]   DMA zone: 1536 pages used for memmap
[    0.000000]   DMA zone: 0 pages reserved
[    0.000000]   DMA zone: 196608 pages, LIFO batch:31
[    0.000000]   HighMem zone: 327424 pages, LIFO batch:31
[    0.000000] percpu: Embedded 16 pages/cpu @eef86000 s34304 r8192 d23040 u65536
[    0.000000] pcpu-alloc: s34304 r8192 d23040 u65536 alloc=16*4096
[    0.000000] pcpu-alloc: [0] 0 [0] 1 [0] 2 [0] 3 
[    0.000000] Built 1 zonelists in Zone order, mobility grouping on.  Total pages: 522496
[    0.000000] Kernel command line: ignore_loglevel console=ttyS0,115200n8 rw root=PARTUUID=b1791faa-84e8-4e27-83a1-9fb0a77e8803 rootwait gpt debug noinitrd earlyprintk init=/bin/bash
[    0.000000] PID hash table entries: 4096 (order: 2, 16384 bytes)
[    0.000000] Dentry cache hash table entries: 131072 (order: 7, 524288 bytes)
[    0.000000] Inode-cache hash table entries: 65536 (order: 6, 262144 bytes)
[    0.000000] Memory: 1994772K/2096128K available (9216K kernel code, 1230K rwdata, 4172K rodata, 2048K init, 467K bss, 35820K reserved, 65536K cma-reserved, 1244160K highmem)
[    0.000000] Virtual kernel memory layout:
[    0.000000]     vector  : 0xffff0000 - 0xffff1000   (   4 kB)
[    0.000000]     fixmap  : 0xffc00000 - 0xfff00000   (3072 kB)
[    0.000000]     vmalloc : 0xf0800000 - 0xff800000   ( 240 MB)
[    0.000000]     lowmem  : 0xc0000000 - 0xf0000000   ( 768 MB)
[    0.000000]     pkmap   : 0xbfe00000 - 0xc0000000   (   2 MB)
[    0.000000]     modules : 0xbf000000 - 0xbfe00000   (  14 MB)
[    0.000000]       .text : 0xc0208000 - 0xc0c00000   (10208 kB)
[    0.000000]       .init : 0xc1100000 - 0xc1300000   (2048 kB)
[    0.000000]       .data : 0xc1300000 - 0xc1433b80   (1231 kB)
[    0.000000]        .bss : 0xc1435000 - 0xc14a9d28   ( 468 kB)
[    0.000000] SLUB: HWalign=64, Order=0-3, MinObjects=0, CPUs=4, Nodes=1
[    0.000000] Hierarchical RCU implementation.
[    0.000000] 	RCU debugfs-based tracing is enabled.
[    0.000000] 	Build-time adjustment of leaf fanout to 32.
[    0.000000] 	RCU restricting CPUs from NR_CPUS=16 to nr_cpu_ids=4.
[    0.000000] RCU: Adjusting geometry for rcu_fanout_leaf=32, nr_cpu_ids=4
[    0.000000] NR_IRQS:16 nr_irqs:16 16
[    0.000000] /interrupt-controller@60004000: 160 interrupts forwarded to /interrupt-controller@50041000
[    0.000000] Tegra clk 127: register failed with -17
[    0.000007] sched_clock: 32 bits at 1000kHz, resolution 1000ns, wraps every 2147483647500ns
[    0.000031] clocksource: timer_us: mask: 0xffffffff max_cycles: 0xffffffff, max_idle_ns: 1911260446275 ns
[    0.000047] Switching to timer-based delay loop, resolution 1000ns
[    0.005492] arm_arch_timer: Architected cp15 timer(s) running at 12.00MHz (virt).
[    0.005512] clocksource: arch_sys_counter: mask: 0xffffffffffffff max_cycles: 0x2c47f4ee7, max_idle_ns: 440795202497 ns
[    0.005532] sched_clock: 56 bits at 12MHz, resolution 83ns, wraps every 4398046511096ns
[    0.005546] Switching to timer-based delay loop, resolution 83ns
[    0.006000] Console: colour dummy device 80x30
[    0.006033] Calibrating delay loop (skipped), value calculated using timer frequency.. 24.00 BogoMIPS (lpj=120000)
[    0.006051] pid_max: default: 32768 minimum: 301
[    0.006152] Mount-cache hash table entries: 2048 (order: 1, 8192 bytes)
[    0.006165] Mountpoint-cache hash table entries: 2048 (order: 1, 8192 bytes)
[    0.006638] CPU: Testing write buffer coherency: ok
[    0.006886] /cpus/cpu@0 missing clock-frequency property
[    0.006931] /cpus/cpu@1 missing clock-frequency property
[    0.006973] /cpus/cpu@2 missing clock-frequency property
[    0.007016] /cpus/cpu@3 missing clock-frequency property
[    0.007031] CPU0: thread -1, cpu 0, socket 0, mpidr 80000000
[    0.007232] Setting up static identity map for 0x80300000 - 0x80300098
[    0.011101] Tegra Revision: A01 SKU: 129 CPU Process: 1 SoC Process: 1
[    0.011775] EFI services will not be available.
[    0.012017] smp: Bringing up secondary CPUs ...
[    0.012598] CPU1: thread -1, cpu 1, socket 0, mpidr 80000001
[    0.015702] CPU2: thread -1, cpu 2, socket 0, mpidr 80000002
[    0.025699] CPU3: thread -1, cpu 3, socket 0, mpidr 80000003
[    0.035160] smp: Brought up 1 node, 4 CPUs
[    0.035183] SMP: Total of 4 processors activated (96.00 BogoMIPS).
[    0.035192] CPU: All CPU(s) started in SVC mode.
[    0.036659] devtmpfs: initialized
[    0.052615] VFP support v0.3: implementor 41 architecture 4 part 30 variant f rev 0
[    0.053012] clocksource: jiffies: mask: 0xffffffff max_cycles: 0xffffffff, max_idle_ns: 19112604462750000 ns
[    0.054412] pinctrl core: initialized pinctrl subsystem
[    0.056141] NET: Registered protocol family 16
[    0.058048] DMA: preallocated 256 KiB pool for atomic coherent allocations
[    0.060620] cpuidle: using governor menu
[    0.087833] No ATAGs?
[    0.087958] hw-breakpoint: found 5 (+1 reserved) breakpoint and 4 watchpoint registers.
[    0.087975] hw-breakpoint: maximum watchpoint size is 8 bytes.
[    0.094609] Serial: AMBA PL011 UART driver
[    0.110534] +5V_SYS: supplied by +VDD_MUX
[    0.110802] +3.3V_SYS: supplied by +VDD_MUX
[    0.111382] +USB0_VBUS_SW: Failed to request enable GPIO108: -517
[    0.111399] reg-fixed-voltage regulators:regulator@7: Failed to register regulator: -517
[    0.111490] +5V_USB_HS: Failed to request enable GPIO109: -517
[    0.111505] reg-fixed-voltage regulators:regulator@8: Failed to register regulator: -517
[    0.111670] +1.05V_RUN_AVDD_HDMI_PLL: Failed to request enable GPIO63: -517
[    0.111685] reg-fixed-voltage regulators:regulator@11: Failed to register regulator: -517
[    0.111775] +5V_HDMI_CON: Failed to request enable GPIO86: -517
[    0.111789] reg-fixed-voltage regulators:regulator@12: Failed to register regulator: -517
[    0.111877] +5V_SATA: Failed to request enable GPIO242: -517
[    0.111892] reg-fixed-voltage regulators:regulator@13: Failed to register regulator: -517
[    0.111979] +12V_SATA: Failed to request enable GPIO242: -517
[    0.111993] reg-fixed-voltage regulators:regulator@14: Failed to register regulator: -517
[    0.115206] vgaarb: loaded
[    0.116012] SCSI subsystem initialized
[    0.116174] libata version 3.00 loaded.
[    0.116416] usbcore: registered new interface driver usbfs
[    0.116475] usbcore: registered new interface driver hub
[    0.116540] usbcore: registered new device driver usb
[    0.119994] pps_core: LinuxPPS API ver. 1 registered
[    0.120005] pps_core: Software ver. 5.3.6 - Copyright 2005-2007 Rodolfo Giometti <giometti@linux.it>
[    0.120032] PTP clock support registered
[    0.120227] EDAC MC: Ver: 3.0.0
[    0.123160] clocksource: Switched to clocksource arch_sys_counter
[    0.132582] NET: Registered protocol family 2
[    0.133067] TCP established hash table entries: 8192 (order: 3, 32768 bytes)
[    0.133187] TCP bind hash table entries: 8192 (order: 4, 65536 bytes)
[    0.133375] TCP: Hash tables configured (established 8192 bind 8192)
[    0.133458] UDP hash table entries: 512 (order: 2, 16384 bytes)
[    0.133502] UDP-Lite hash table entries: 512 (order: 2, 16384 bytes)
[    0.133644] NET: Registered protocol family 1
[    0.133924] RPC: Registered named UNIX socket transport module.
[    0.133935] RPC: Registered udp transport module.
[    0.133944] RPC: Registered tcp transport module.
[    0.133952] RPC: Registered tcp NFSv4.1 backchannel transport module.
[    0.133964] PCI: CLS 0 bytes, default 64
[    0.135164] hw perfevents: enabled with armv7_cortex_a15 PMU driver, 7 counters available
[    0.136486] futex hash table entries: 1024 (order: 4, 65536 bytes)
[    0.137086] workingset: timestamp_bits=30 max_order=19 bucket_order=0
[    0.145171] squashfs: version 4.0 (2009/01/31) Phillip Lougher
[    0.145862] NFS: Registering the id_resolver key type
[    0.145889] Key type id_resolver registered
[    0.145899] Key type id_legacy registered
[    0.145942] ntfs: driver 2.1.32 [Flags: R/O].
[    0.147526] bounce: pool size: 64 pages
[    0.147699] Block layer SCSI generic (bsg) driver version 0.4 loaded (major 248)
[    0.147712] io scheduler noop registered
[    0.147722] io scheduler deadline registered
[    0.147878] io scheduler cfq registered (default)
[    0.152933] usb2-0 supply vbus not found, using dummy regulator
[    0.153053] usb2-1 supply vbus not found, using dummy regulator
[    0.153460] tegra-xusb-padctl 7009f000.padctl: failed to setup XUSB ports: -517
[    0.164607] tegra-pcie 1003000.pcie-controller: 2x1, 1x1 configuration
[    0.164663] tegra-pcie 1003000.pcie-controller: Failed to get supply 'avddio-pex': -517
[    0.170707] tegra124-dfll 70110000.clock: couldn't get vdd_cpu regulator
[    0.180488] tegra-apbdma 60020000.dma: Tegra20 APB DMA driver register 32 channels
[    0.182536] tegra-pmc 7000e400.pmc: emergency thermal reset enabled
[    0.234209] Serial: 8250/16550 driver, 4 ports, IRQ sharing disabled
[    0.236908] console [ttyS0] disabled
[    0.236946] 70006300.serial: ttyS0 at MMIO 0x70006300 (irq = 335, base_baud = 25500000) is a Tegra
[    1.120241] console [ttyS0] enabled
[    1.124579] SuperH (H)SCI(F) driver initialized
[    1.130132] msm_serial: driver initialized
[    1.134438] STMicroelectronics ASC driver initialized
[    1.140356] 70006000.serial: ttyTHS1 at MMIO 0x70006000 (irq = 333, base_baud = 0) is a TEGRA_UART
[    1.149604] 70006040.serial: ttyTHS2 at MMIO 0x70006040 (irq = 334, base_baud = 0) is a TEGRA_UART
[    1.165047] tegra-hdmi 54280000.hdmi: failed to get HDMI regulator
[    1.183683] brd: module loaded
[    1.191983] loop: module loaded
[    1.196332] at24 0-0056: 256 byte 24c02 EEPROM, writable, 8 bytes/write
[    1.204619] as3722 4-0040: AS3722 with revision 0x1 found
[    1.212632] gpio gpiochip1: (as3722-gpio): could not create pin range
[    1.219096] as3722-pinctrl as3722-pinctrl: Couldn't add pin range, -517
[    1.230166] as3722-sd2: supplied by +5V_SYS
[    1.234810] as3722-sd3: supplied by +5V_SYS
[    1.239206] +1.35V_LP0(sd3): Bringing 0uV into 1350000-1350000uV
[    1.245565] as3722-sd4: supplied by +5V_SYS
[    1.250162] as3722-sd5: supplied by +5V_SYS
[    1.256174] as3722-ldo0: supplied by +1.35V_LP0(sd2)
[    1.262197] +1.8V_RUN_CAM: Bringing 0uV into 1800000-1800000uV
[    1.268394] as3722-ldo2: supplied by +1.8V_VDDIO
[    1.274260] as3722-ldo3: supplied by +3.3V_SYS
[    1.278740] +1.05V_LP0_VDD_RTC: Bringing 1100000uV into 1000000-1000000uV
[    1.286533] as3722-ldo4: supplied by +3.3V_SYS
[    1.291184] +2.8V_RUN_CAM: Bringing 0uV into 2800000-2800000uV
[    1.297401] as3722-ldo5: supplied by +1.8V_VDDIO
[    1.302227] +1.2V_RUN_CAM_FRONT: Bringing 0uV into 1200000-1200000uV
[    1.309156] +VDDIO_SDMMC3: bypassed regulator has no supply!
[    1.314830] +VDDIO_SDMMC3: failed to get the current voltage(-517)
[    1.321007] as3722-regulator as3722-regulator: regulator 13 register failed -517
[    1.333659] tegra-ahci 70027000.sata: couldn't get PHY in node sata: -517
[    1.352762] random: fast init done
[    1.356369] m25p80 spi32765.0: w25q32dw (4096 Kbytes)
[    1.364222] libphy: Fixed MDIO Bus: probed
[    1.369287] CAN device driver interface
[    1.374084] bgmac_bcma: Broadcom 47xx GBit MAC driver loaded
[    1.381163] e1000e: Intel(R) PRO/1000 Network Driver - 3.2.6-k
[    1.387020] e1000e: Copyright(c) 1999 - 2015 Intel Corporation.
[    1.392989] igb: Intel(R) Gigabit Ethernet Network Driver - version 5.4.0-k
[    1.399952] igb: Copyright (c) 2007-2014 Intel Corporation.
[    1.409215] pegasus: v0.9.3 (2013/04/25), Pegasus/Pegasus II USB Ethernet driver
[    1.416667] usbcore: registered new interface driver pegasus
[    1.422367] usbcore: registered new interface driver asix
[    1.427812] usbcore: registered new interface driver ax88179_178a
[    1.433946] usbcore: registered new interface driver cdc_ether
[    1.439818] usbcore: registered new interface driver smsc75xx
[    1.445627] usbcore: registered new interface driver smsc95xx
[    1.451398] usbcore: registered new interface driver net1080
[    1.457098] usbcore: registered new interface driver cdc_subset
[    1.463042] usbcore: registered new interface driver zaurus
[    1.468678] usbcore: registered new interface driver cdc_ncm
[    1.474560] tegra-phy 7d004000.usb-phy: no vbus regulator
[    1.481988] ehci_hcd: USB 2.0 'Enhanced' Host Controller (EHCI) Driver
[    1.488526] ehci-pci: EHCI PCI platform driver
[    1.493004] ehci-platform: EHCI generic platform driver
[    1.498453] ehci-orion: EHCI orion driver
[    1.502601] SPEAr-ehci: EHCI SPEAr driver
[    1.506771] ehci-st: EHCI STMicroelectronics driver
[    1.511793] ehci-exynos: EHCI EXYNOS driver
[    1.516150] ehci-atmel: EHCI Atmel driver
[    1.520298] tegra-ehci: Tegra EHCI driver
[    1.527152] tegra-ehci 7d004000.usb: EHCI Host Controller
[    1.532570] tegra-ehci 7d004000.usb: new USB bus registered, assigned bus number 1
[    1.540372] tegra-ehci 7d004000.usb: irq 354, io mem 0x7d004000
[    1.573182] tegra-ehci 7d004000.usb: USB 2.0 started, EHCI 1.10
[    1.579881] hub 1-0:1.0: USB hub found
[    1.583698] hub 1-0:1.0: 1 port detected
[    1.588164] ohci_hcd: USB 1.1 'Open' Host Controller (OHCI) Driver
[    1.594383] ohci-pci: OHCI PCI platform driver
[    1.598861] ohci-platform: OHCI generic platform driver
[    1.604281] ohci-omap3: OHCI OMAP3 driver
[    1.608429] SPEAr-ohci: OHCI SPEAr driver
[    1.612581] ohci-st: OHCI STMicroelectronics driver
[    1.617616] ohci-atmel: OHCI Atmel driver
[    1.622412] usbcore: registered new interface driver usb-storage
[    1.629998] mousedev: PS/2 mouse device common for all mice
[    1.638679] as3722-rtc as3722-rtc: rtc core: registered as3722-rtc as rtc0
[    1.645568] as3722-rtc as3722-rtc: RTC interrupt 377
[    1.653821] tegra_rtc 7000e000.rtc: rtc core: registered 7000e000.rtc as rtc1
[    1.660981] tegra_rtc 7000e000.rtc: Tegra internal Real Time Clock
[    1.667724] i2c /dev entries driver
[    1.678126] 0-004c supply vcc not found, using dummy regulator
[    1.693866] sdhci: Secure Digital Host Controller Interface driver
[    1.700037] sdhci: Copyright(c) Pierre Ossman
[    1.706070] Synopsys Designware Multimedia Card Interface Driver
[    1.713278] sdhci-pltfm: SDHCI platform and OF driver helper
[    1.719687] sdhci-tegra 700b0400.sdhci: Got CD GPIO
[    1.724599] sdhci-tegra 700b0400.sdhci: Got WP GPIO
[    1.729714] mmc0: Unknown controller version (3). You may experience problems.
[    1.737023] mmc0: Invalid maximum block size, assuming 512 bytes
[    1.803183] mmc0: SDHCI controller on 700b0600.sdhci [700b0600.sdhci] using ADMA
[    1.812577] ledtrig-cpu: registered to indicate activity on CPUs
[    1.819011] usbcore: registered new interface driver usbhid
[    1.824668] usbhid: USB HID core driver
[    1.832670] NET: Registered protocol family 10
[    1.838064] Segment Routing with IPv6
[    1.841849] sit: IPv6, IPv4 and MPLS over IPv4 tunneling driver
[    1.848333] NET: Registered protocol family 17
[    1.852782] can: controller area network core (rev 20120528 abi 9)
[    1.859019] NET: Registered protocol family 29
[    1.863474] can: raw protocol (rev 20120528)
[    1.867738] can: broadcast manager protocol (rev 20161123 t)
[    1.873408] can: netlink gateway (rev 20130117) max_hops=1
[    1.879182] Key type dns_resolver registered
[    1.883970] ThumbEE CPU extension supported.
[    1.888240] Registering SWP/SWPB emulation handler
[    1.906683] +USB0_VBUS_SW: supplied by +5V_SYS
[    1.911666] +5V_USB_HS: supplied by +5V_SYS
[    1.918011] +5V_HDMI_CON: supplied by +5V_SYS
[    1.922890] +5V_SATA: supplied by +5V_SYS
[    1.927818] +12V_SATA: supplied by +VDD_MUX
[    1.933683] usb2-0 supply vbus not found, using dummy regulator
[    1.939783] usb2-1 supply vbus not found, using dummy regulator
[    1.944762] mmc0: new high speed MMC card at address 0001
[    1.945745] mmcblk0: mmc0:0001 SEM16G 14.7 GiB 
[    1.946391] mmcblk0boot0: mmc0:0001 SEM16G partition 1 4.00 MiB
[    1.947127] mmcblk0boot1: mmc0:0001 SEM16G partition 2 4.00 MiB
[    1.947490] mmcblk0rpmb: mmc0:0001 SEM16G partition 3 4.00 MiB
[    1.955277]  mmcblk0: p1
[    1.976258] usb3-0 supply vbus not found, using dummy regulator
[    1.983449] tegra-pcie 1003000.pcie-controller: 2x1, 1x1 configuration
[    1.990049] tegra-pcie 1003000.pcie-controller: Failed to get supply 'avddio-pex': -517
[    2.001299] tegra124-dfll 70110000.clock: couldn't get vdd_cpu regulator
[    2.012219] tegra-hdmi 54280000.hdmi: failed to get PLL regulator
[    2.019426] ------------[ cut here ]------------
[    2.024103] WARNING: CPU: 1 PID: 61 at drivers/base/dd.c:349 driver_probe_device+0x288/0x2c0
[    2.032529] Modules linked in:
[    2.035633] CPU: 1 PID: 61 Comm: kworker/1:1 Not tainted 4.10.0-rc3-next-20170116-145877-g38e4a8f #1
[    2.044761] Hardware name: NVIDIA Tegra SoC (Flattened Device Tree)
[    2.051032] Workqueue: events deferred_probe_work_func
[    2.056198] [<c030faf8>] (unwind_backtrace) from [<c030b158>] (show_stack+0x10/0x14)
[    2.063962] [<c030b158>] (show_stack) from [<c059c634>] (dump_stack+0x84/0xa4)
[    2.071187] [<c059c634>] (dump_stack) from [<c0341b94>] (__warn+0xd4/0x100)
[    2.078162] [<c0341b94>] (__warn) from [<c0341be0>] (warn_slowpath_null+0x20/0x28)
[    2.085749] [<c0341be0>] (warn_slowpath_null) from [<c07e187c>] (driver_probe_device+0x288/0x2c0)
[    2.094630] [<c07e187c>] (driver_probe_device) from [<c07dfdbc>] (bus_for_each_drv+0x44/0x8c)
[    2.103150] [<c07dfdbc>] (bus_for_each_drv) from [<c07e156c>] (__device_attach+0x9c/0x100)
[    2.111423] [<c07e156c>] (__device_attach) from [<c07e0c54>] (bus_probe_device+0x84/0x8c)
[    2.119612] [<c07e0c54>] (bus_probe_device) from [<c07e1088>] (deferred_probe_work_func+0x60/0x8c)
[    2.128583] [<c07e1088>] (deferred_probe_work_func) from [<c0357084>] (process_one_work+0x134/0x33c)
[    2.137724] [<c0357084>] (process_one_work) from [<c03572b4>] (process_scheduled_works+0x28/0x38)
[    2.146606] [<c03572b4>] (process_scheduled_works) from [<c03574dc>] (worker_thread+0x218/0x4f0)
[    2.155405] [<c03574dc>] (worker_thread) from [<c035c854>] (kthread+0xfc/0x134)
[    2.162715] [<c035c854>] (kthread) from [<c0307f78>] (ret_from_fork+0x14/0x3c)
[    2.169986] ---[ end trace 9222106b22c48879 ]---
[    2.179829] as3722-sd2: supplied by +5V_SYS
[    2.184427] as3722-sd3: supplied by +5V_SYS
[    2.188877] as3722-sd4: supplied by +5V_SYS
[    2.193377] as3722-sd5: supplied by +5V_SYS
[    2.199670] as3722-ldo0: supplied by +1.35V_LP0(sd2)
[    2.206049] as3722-ldo2: supplied by +1.8V_VDDIO
[    2.211623] as3722-ldo3: supplied by +3.3V_SYS
[    2.217196] as3722-ldo4: supplied by +3.3V_SYS
[    2.221961] as3722-ldo5: supplied by +1.8V_VDDIO
[    2.227037] +VDDIO_SDMMC3: bypassed regulator has no supply!
[    2.232689] +VDDIO_SDMMC3: failed to get the current voltage(-517)
[    2.238909] as3722-regulator as3722-regulator: regulator 13 register failed -517
[    2.251033] tegra-ahci 70027000.sata: Failed to get supply 'avdd': -517
[    2.257688] tegra-ahci 70027000.sata: Failed to get regulators
[    2.267042] tegra-ehci 7d008000.usb: EHCI Host Controller
[    2.272457] tegra-ehci 7d008000.usb: new USB bus registered, assigned bus number 2
[    2.280310] tegra-ehci 7d008000.usb: irq 355, io mem 0x7d008000
[    2.313304] tegra-ehci 7d008000.usb: USB 2.0 started, EHCI 1.10
[    2.320296] hub 2-0:1.0: USB hub found
[    2.324147] hub 2-0:1.0: 1 port detected
[    2.330425] sdhci-tegra 700b0400.sdhci: Got CD GPIO
[    2.335375] sdhci-tegra 700b0400.sdhci: Got WP GPIO
[    2.342042] +3.3V_RUN: supplied by +3.3V_SYS
[    2.348742] +3.3V_LP0: supplied by +3.3V_SYS
[    2.354092] +3.3V_AVDD_HDMI_AP_GATED: supplied by +3.3V_RUN
[    2.360453] tegra-pcie 1003000.pcie-controller: 2x1, 1x1 configuration
[    2.367113] tegra-pcie 1003000.pcie-controller: Failed to get supply 'avddio-pex': -517
[    2.378298] tegra124-dfll 70110000.clock: couldn't get vdd_cpu regulator
[    2.389219] tegra-hdmi 54280000.hdmi: failed to get PLL regulator
[    2.400368] as3722-sd2: supplied by +5V_SYS
[    2.404943] as3722-sd3: supplied by +5V_SYS
[    2.409370] as3722-sd4: supplied by +5V_SYS
[    2.413915] as3722-sd5: supplied by +5V_SYS
[    2.419812] as3722-ldo0: supplied by +1.35V_LP0(sd2)
[    2.425618] as3722-ldo1: supplied by +3.3V_RUN
[    2.430397] as3722-ldo2: supplied by +1.8V_VDDIO
[    2.436118] as3722-ldo3: supplied by +3.3V_SYS
[    2.441426] as3722-ldo4: supplied by +3.3V_SYS
[    2.446263] as3722-ldo5: supplied by +1.8V_VDDIO
[    2.451159] as3722-ldo6: supplied by +3.3V_RUN
[    2.455878] as3722-ldo7: supplied by +1.8V_VDDIO
[    2.460990] +1.05V_RUN_CAM_REAR: Bringing 0uV into 1050000-1050000uV
[    2.467916] as3722-ldo9: supplied by +5V_SYS
[    2.473251] +3.3V_RUN_TOUCH: Bringing 0uV into 2800000-2800000uV
[    2.479785] as3722-ldo10: supplied by +5V_SYS
[    2.484697] +2.8V_RUN_CAM_AF: Bringing 0uV into 2800000-2800000uV
[    2.491326] as3722-ldo11: supplied by +3.3V_RUN
[    2.496677] +1.8V_RUN_VPP_FUSE: Bringing 0uV into 1800000-1800000uV
[    2.506717] tegra-ahci 70027000.sata: AHCI 0001.0301 32 slots 2 ports 3 Gbps 0x1 impl platform mode
[    2.515795] tegra-ahci 70027000.sata: flags: 64bit ncq sntf pm led pio slum part sadm sds apst 
[    2.526370] scsi host0: tegra-ahci
[    2.531080] scsi host1: tegra-ahci
[    2.534811] ata1: SATA max UDMA/133 mmio [mem 0x70027000-0x70028fff] port 0x100 irq 345
[    2.542806] ata2: DUMMY
[    2.548002] sdhci-tegra 700b0400.sdhci: Got CD GPIO
[    2.552895] sdhci-tegra 700b0400.sdhci: Got WP GPIO
[    2.558042] mmc1: Unknown controller version (3). You may experience problems.
[    2.565383] mmc1: Invalid maximum block size, assuming 512 bytes
[    2.633707] mmc1: SDHCI controller on 700b0400.sdhci [700b0400.sdhci] using ADMA
[    2.641856] tegra-pcie 1003000.pcie-controller: 2x1, 1x1 configuration
[    2.650401] tegra-pcie 1003000.pcie-controller: probing port 0, using 2 lanes
[    2.659753] tegra-pcie 1003000.pcie-controller: Slot present pin change, signature: 00000008
[    2.684084] tegra-pcie 1003000.pcie-controller: probing port 1, using 1 lanes
[    2.693297] tegra-pcie 1003000.pcie-controller: Slot present pin change, signature: 00000000
[    2.707588] tegra-pcie 1003000.pcie-controller: PCI host bridge to bus 0000:00
[    2.714844] pci_bus 0000:00: root bus resource [io  0x0000-0xffff]
[    2.721019] pci_bus 0000:00: root bus resource [mem 0x13000000-0x1fffffff]
[    2.727901] pci_bus 0000:00: root bus resource [mem 0x20000000-0x3fffffff pref]
[    2.735223] pci_bus 0000:00: root bus resource [bus 00-ff]
[    2.740734] pci 0000:00:01.0: [10de:0e12] type 01 class 0x060400
[    2.746831] pci_bus 0000:00: 2-byte config write to 0000:00:01.0 offset 0x52 may corrupt adjacent RW1C bits
[    2.756656] pci 0000:00:01.0: PME# supported from D0 D1 D2 D3hot D3cold
[    2.763302] pci_bus 0000:00: 2-byte config write to 0000:00:01.0 offset 0x4c may corrupt adjacent RW1C bits
[    2.773335] pci 0000:00:02.0: [10de:0e13] type 01 class 0x060400
[    2.779421] pci_bus 0000:00: 2-byte config write to 0000:00:02.0 offset 0x52 may corrupt adjacent RW1C bits
[    2.789224] pci 0000:00:02.0: PME# supported from D0 D1 D2 D3hot D3cold
[    2.795884] pci_bus 0000:00: 2-byte config write to 0000:00:02.0 offset 0x4c may corrupt adjacent RW1C bits
[    2.805902] pci_bus 0000:00: 2-byte config write to 0000:00:01.0 offset 0x3e may corrupt adjacent RW1C bits
[    2.815680] pci_bus 0000:00: 2-byte config write to 0000:00:02.0 offset 0x3e may corrupt adjacent RW1C bits
[    2.825447] pci_bus 0000:00: 2-byte config write to 0000:00:01.0 offset 0x4 may corrupt adjacent RW1C bits
[    2.835143] pci_bus 0000:00: 1-byte config write to 0000:00:01.0 offset 0xc may corrupt adjacent RW1C bits
[    2.844835] pci_bus 0000:00: 2-byte config write to 0000:00:02.0 offset 0x4 may corrupt adjacent RW1C bits
[    2.854529] pci_bus 0000:00: 1-byte config write to 0000:00:02.0 offset 0xc may corrupt adjacent RW1C bits
[    2.864215] PCI: bus0: Fast back to back transfers disabled
[    2.869799] pci 0000:00:01.0: bridge configuration invalid ([bus 00-00]), reconfiguring
[    2.876925] ata1: SATA link down (SStatus 0 SControl 300)
[    2.883248] pci 0000:00:02.0: bridge configuration invalid ([bus 00-00]), reconfiguring
[    2.891457] pci 0000:01:00.0: [8086:4232] type 00 class 0x028000
[    2.897530] pci 0000:01:00.0: reg 0x10: [mem 0x00000000-0x00001fff 64bit]
[    2.904581] pci 0000:01:00.0: PME# supported from D0 D3hot D3cold
[    2.926709] mmc1: new high speed SDHC card at address aaaa
[    2.933102] mmcblk1: mmc1:aaaa SD04G 3.69 GiB 
[    2.937902] PCI: bus1: Fast back to back transfers disabled
[    2.943533] pci_bus 0000:01: busn_res: [bus 01-ff] end is updated to 01
[    2.950352] pci 0000:02:00.0: [10ec:8168] type 00 class 0x020000
[    2.956406] pci 0000:02:00.0: reg 0x10: [io  0x0000-0x00ff]
[    2.962018] pci 0000:02:00.0: reg 0x18: [mem 0x00000000-0x00000fff 64bit]
[    2.968875] pci 0000:02:00.0: reg 0x20: [mem 0x00000000-0x00003fff 64bit pref]
[    2.976290] pci 0000:02:00.0: supports D1 D2
[    2.980559] pci 0000:02:00.0: PME# supported from D0 D1 D2 D3hot D3cold
[    2.999972]  mmcblk1: p1 p2 p3
[    3.013309] PCI: bus2: Fast back to back transfers disabled
[    3.018888] pci_bus 0000:02: busn_res: [bus 02-ff] end is updated to 02
[    3.025729] pci 0000:00:01.0: BAR 8: assigned [mem 0x13000000-0x130fffff]
[    3.032522] pci 0000:00:02.0: BAR 8: assigned [mem 0x13100000-0x131fffff]
[    3.039358] pci 0000:00:02.0: BAR 9: assigned [mem 0x20000000-0x200fffff 64bit pref]
[    3.047135] pci 0000:00:02.0: BAR 7: assigned [io  0x1000-0x1fff]
[    3.053254] pci 0000:01:00.0: BAR 0: assigned [mem 0x13000000-0x13001fff 64bit]
[    3.060583] pci 0000:00:01.0: PCI bridge to [bus 01]
[    3.065588] pci 0000:00:01.0:   bridge window [mem 0x13000000-0x130fffff]
[    3.072387] pci 0000:02:00.0: BAR 4: assigned [mem 0x20000000-0x20003fff 64bit pref]
[    3.080162] pci 0000:02:00.0: BAR 2: assigned [mem 0x13100000-0x13100fff 64bit]
[    3.087523] pci 0000:02:00.0: BAR 0: assigned [io  0x1000-0x10ff]
[    3.093638] pci 0000:00:02.0: PCI bridge to [bus 02]
[    3.098600] pci 0000:00:02.0:   bridge window [io  0x1000-0x1fff]
[    3.104732] pci 0000:00:02.0:   bridge window [mem 0x13100000-0x131fffff]
[    3.111517] pci 0000:00:02.0:   bridge window [mem 0x20000000-0x200fffff 64bit pref]
[    3.119302] pci 0000:00:01.0: nv_msi_ht_cap_quirk didn't locate host bridge
[    3.126388] pcieport 0000:00:01.0: enabling device (0140 -> 0142)
[    3.132717] pcieport 0000:00:01.0: Signaling PME with IRQ 393
[    3.138591] pci 0000:00:02.0: nv_msi_ht_cap_quirk didn't locate host bridge
[    3.145676] pcieport 0000:00:02.0: enabling device (0140 -> 0143)
[    3.152014] pcieport 0000:00:02.0: Signaling PME with IRQ 394
[    3.158029] r8169 Gigabit Ethernet driver 2.3LK-NAPI loaded
[    3.163661] r8169 0000:02:00.0: enabling device (0140 -> 0143)
[    3.194871] r8169 0000:02:00.0 eth0: RTL8168g/8111g at 0xf0b58000, 00:04:4b:3a:d9:81, XID 0c000800 IRQ 395
[    3.204563] r8169 0000:02:00.0 eth0: jumbo features [frames: 9200 bytes, tx checksumming: ko]
[    3.217472] +1.05V_RUN_AVDD_HDMI_PLL: supplied by +1.05V_RUN
[    3.225211] [drm] Supports vblank timestamp caching Rev 2 (21.10.2013).
[    3.231826] [drm] No driver support for vblank timestamp query.
[    3.361239] tegra-hdmi 54280000.hdmi: cannot set audio to 48000 Hz at 297000000 Hz pixel clock
[    3.609343] Console: switching to colour frame buffer device 512x135
[    3.707942] drm drm: fb0:  frame buffer device
[    3.712473] [drm] Initialized tegra 0.0.0 20120330 for drm on minor 0
[    3.720457] of: dev_pm_opp_of_cpumask_add_table: couldn't find opp table for cpu:0, -19
[    3.728493] cpufreq: cpufreq_online: CPU0: Running at unlisted freq: 696000 KHz
[    3.735815] cpufreq: cpufreq_online: CPU0: Unlisted initial frequency changed to: 714000 KHz
[    3.744908] input: gpio-keys as /devices/soc0/gpio-keys/input/input0
[    3.752167] as3722-rtc as3722-rtc: setting system clock to 2000-01-01 00:00:25 UTC (946684825)
[    3.761233] +USB0_VBUS_SW: disabling
[    3.764848] +1.8V_RUN_CAM: disabling
[    3.768614] +2.8V_RUN_CAM: disabling
[    3.772342] +1.2V_RUN_CAM_FRONT: disabling
[    3.776692] +1.05V_RUN_CAM_REAR: disabling
[    3.780941] +3.3V_RUN_TOUCH: disabling
[    3.784908] +2.8V_RUN_CAM_AF: disabling
[    3.788897] +1.8V_RUN_VPP_FUSE: disabling
[    3.794060] EXT4-fs (mmcblk0p1): mounting ext3 file system using the ext4 subsystem
[    3.815786] EXT4-fs (mmcblk0p1): recovery complete
[    3.820571] EXT4-fs (mmcblk0p1): mounted filesystem with ordered data mode. Opts: (null)
[    3.828693] VFS: Mounted root (ext3 filesystem) on device 179:1.
[    3.838968] devtmpfs: mounted
[    3.842577] Freeing unused kernel memory: 2048K
bash: cannot set terminal process group (-1): Inappropriate ioctl for device
bash: no job control in this shell
root@(none):/# mount -t sysfs none /sys
root@(none):/# 
root@(none):/# mount -t debugfs none /sys/kernel/debug
root@(none):/# 
root@(none):/# rtcwake -d rtc1 -m mem -s 3
rtcwake: assuming RTC uses UTC ...
rtcwake: wakeup from "mem" using /dev/rtc1 at Thu Jan  1 00:00:31 1970
[    7.417832] PM: Syncing filesystems ... done.
[    7.572427] Freezing user space processes ... (elapsed 0.001 seconds) done.
[    7.580793] Freezing remaining freezable tasks ... (elapsed 0.001 seconds) done.
[    7.589717] Suspending console(s) (use no_console_suspend to debug)
[    7.736036] PM: suspend of devices complete after 138.199 msecs
[    7.743337] PM: late suspend of devices complete after 7.270 msecs
[    7.778008] PM: noirq suspend of devices complete after 34.646 msecs
[    7.778019] Disabling non-boot CPUs ...
[    7.779601] CPU1: shutdown
[    7.827950] IRQ17 no longer affine to CPU2
[    7.828674] CPU2: shutdown
[    7.888237] CPU3: shutdown
[    7.915956] Entering suspend state LP1
[    7.915956] Suspended for 3.065 seconds
[    7.915966] Enabling non-boot CPUs ...
[    7.943928] CPU1 is up
[    7.983938] CPU2 is up
[    8.024048] CPU3 is up
[    8.024722] pci_generic_config_write32: 77 callbacks suppressed
[    8.024729] pci_bus 0000:00: 2-byte config write to 0000:00:01.0 offset 0x4c may corrupt adjacent RW1C bits
[    8.024740] pci_bus 0000:00: 2-byte config write to 0000:00:01.0 offset 0x88 may corrupt adjacent RW1C bits
[    8.024745] pci_bus 0000:00: 2-byte config write to 0000:00:01.0 offset 0x90 may corrupt adjacent RW1C bits
[    8.024751] pci_bus 0000:00: 2-byte config write to 0000:00:01.0 offset 0x98 may corrupt adjacent RW1C bits
[    8.024757] pci_bus 0000:00: 2-byte config write to 0000:00:01.0 offset 0x9c may corrupt adjacent RW1C bits
[    8.024762] pci_bus 0000:00: 2-byte config write to 0000:00:01.0 offset 0xa8 may corrupt adjacent RW1C bits
[    8.024767] pci_bus 0000:00: 2-byte config write to 0000:00:01.0 offset 0xb0 may corrupt adjacent RW1C bits
[    8.024796] pci_bus 0000:00: 2-byte config write to 0000:00:01.0 offset 0x52 may corrupt adjacent RW1C bits
[    8.024802] pci_bus 0000:00: 2-byte config write to 0000:00:01.0 offset 0x52 may corrupt adjacent RW1C bits
[    8.024809] pci_bus 0000:00: 2-byte config write to 0000:00:01.0 offset 0x5c may corrupt adjacent RW1C bits
[    8.024832] pcieport 0000:00:01.0: nv_msi_ht_cap_quirk didn't locate host bridge
[    8.024903] pcieport 0000:00:02.0: nv_msi_ht_cap_quirk didn't locate host bridge
[    8.053247] PM: noirq resume of devices complete after 29.193 msecs
[    8.054717] PM: early resume of devices complete after 1.134 msecs
[    8.058006] tegra-hdmi 54280000.hdmi: cannot set audio to 48000 Hz at 297000000 Hz pixel clock
[    8.179939] PM: resume of devices complete after 125.211 msecs
[    8.378638] Restarting tasks ... done.
[    8.383738] ata1: SATA link down (SStatus 0 SControl 300)
root@(none):/# 
root@(none):/# rtcwake -d rtc1 -m mem -s 3
rtcwake: assuming RTC uses UTC ...
rtcwake: wakeup from "mem" using /dev/rtc1 at Thu Jan  1 00:00:36 1970
[    9.394262] PM: Syncing filesystems ... done.
[    9.609649] Freezing user space processes ... (elapsed 0.001 seconds) done.
[    9.617980] Freezing remaining freezable tasks ... (elapsed 0.001 seconds) done.
[    9.626626] Suspending console(s) (use no_console_suspend to debug)
[    9.754723] PM: suspend of devices complete after 121.185 msecs
[    9.757689] PM: late suspend of devices complete after 2.955 msecs
[    9.784571] PM: noirq suspend of devices complete after 26.874 msecs
[    9.784574] Disabling non-boot CPUs ...
[    9.785111] CPU1: shutdown
[    9.854821] CPU2: shutdown
[    9.914610] CPU3: shutdown
[    9.963868] Entering suspend state LP1
[    9.963868] Suspended for 2.951 seconds
[    9.963878] Enabling non-boot CPUs ...
[    9.993896] CPU1 is up
[   10.033908] CPU2 is up
[   10.074030] CPU3 is up
[   10.074770] pcieport 0000:00:01.0: nv_msi_ht_cap_quirk didn't locate host bridge
[   10.074772] pcieport 0000:00:02.0: nv_msi_ht_cap_quirk didn't locate host bridge
[   10.103219] PM: noirq resume of devices complete after 29.183 msecs
[   10.105113] PM: early resume of devices complete after 1.574 msecs
[   10.108193] tegra-hdmi 54280000.hdmi: cannot set audio to 48000 Hz at 297000000 Hz pixel clock
[   10.230122] PM: resume of devices complete after 125.000 msecs
[   10.321314] Restarting tasks ... done.
root@(none):/# 
root@(none):/# [   10.445628] ata1: SATA link down (SStatus 0 SControl 300)
rtcwake -d rtc1 -m mem -s 3
rtcwake: assuming RTC uses UTC ...
rtcwake: wakeup from "mem" using /dev/rtc1 at Thu Jan  1 00:00:41 1970
[   11.442087] PM: Syncing filesystems ... done.
[   11.604029] Freezing user space processes ... (elapsed 0.001 seconds) done.
[   11.612421] Freezing remaining freezable tasks ... (elapsed 0.001 seconds) done.
[   11.621348] Suspending console(s) (use no_console_suspend to debug)
[   11.765864] PM: suspend of devices complete after 136.370 msecs
[   11.773647] PM: late suspend of devices complete after 7.753 msecs
[   11.808033] PM: noirq suspend of devices complete after 34.359 msecs
[   11.808043] Disabling non-boot CPUs ...
[   11.809540] CPU1: shutdown
[   11.858290] CPU2: shutdown
[   11.917275] CPU3: shutdown
[   11.965388] Entering suspend state LP1
[   11.965388] Suspended for 2.998 seconds
[   11.965398] Enabling non-boot CPUs ...
[   11.993858] CPU1 is up
[   12.033871] CPU2 is up
[   12.073989] CPU3 is up
[   12.074757] pcieport 0000:00:01.0: nv_msi_ht_cap_quirk didn't locate host bridge
[   12.074759] pcieport 0000:00:02.0: nv_msi_ht_cap_quirk didn't locate host bridge
[   12.113194] PM: noirq resume of devices complete after 39.199 msecs
[   12.114672] PM: early resume of devices complete after 1.158 msecs
[   12.118063] tegra-hdmi 54280000.hdmi: cannot set audio to 48000 Hz at 297000000 Hz pixel clock
[   12.239984] PM: resume of devices complete after 125.303 msecs
[   12.331151] Restarting tasks ... done.
root@(none):/# 
root@(none):/# [   12.455527] ata1: SATA link down (SStatus 0 SControl 300)
rtcwake -d rtc1 -m mem -s 3
rtcwake: assuming RTC uses UTC ...
rtcwake: wakeup from "mem" using /dev/rtc1 at Thu Jan  1 00:00:46 1970
[   13.442056] PM: Syncing filesystems ... done.
[   13.628000] Freezing user space processes ... (elapsed 0.001 seconds) done.
[   13.636331] Freezing remaining freezable tasks ... (elapsed 0.001 seconds) done.
[   13.644937] Suspending console(s) (use no_console_suspend to debug)
[   13.666368] pci_generic_config_write32: 113 callbacks suppressed
[   13.666376] pci_bus 0000:00: 2-byte config write to 0000:00:02.0 offset 0x9c may corrupt adjacent RW1C bits
[   13.666401] pci_bus 0000:00: 2-byte config write to 0000:00:01.0 offset 0x9c may corrupt adjacent RW1C bits
[   13.774715] PM: suspend of devices complete after 123.020 msecs
[   13.776764] PM: late suspend of devices complete after 2.040 msecs
[   13.777160] pci_bus 0000:02: 2-byte config write to 0000:02:00.0 offset 0x44 may corrupt adjacent RW1C bits
[   13.777185] pci_bus 0000:02: 2-byte config write to 0000:02:00.0 offset 0x44 may corrupt adjacent RW1C bits
[   13.804133] PM: noirq suspend of devices complete after 27.362 msecs
[   13.804135] Disabling non-boot CPUs ...
[   13.804552] CPU1: shutdown
[   13.864406] CPU2: shutdown
[   13.924146] CPU3: shutdown
[   13.973614] Entering suspend state LP1
[   13.973614] Suspended for 2.991 seconds
[   13.973624] Enabling non-boot CPUs ...
[   14.003832] CPU1 is up
[   14.043841] CPU2 is up
[   14.083975] CPU3 is up
[   14.084640] pci_bus 0000:00: 2-byte config write to 0000:00:01.0 offset 0x4c may corrupt adjacent RW1C bits
[   14.084651] pci_bus 0000:00: 2-byte config write to 0000:00:02.0 offset 0x4c may corrupt adjacent RW1C bits
[   14.084660] pci_bus 0000:00: 2-byte config write to 0000:00:01.0 offset 0x88 may corrupt adjacent RW1C bits
[   14.084667] pci_bus 0000:00: 2-byte config write to 0000:00:01.0 offset 0x90 may corrupt adjacent RW1C bits
[   14.084674] pci_bus 0000:00: 2-byte config write to 0000:00:02.0 offset 0x88 may corrupt adjacent RW1C bits
[   14.084680] pci_bus 0000:00: 2-byte config write to 0000:00:01.0 offset 0x98 may corrupt adjacent RW1C bits
[   14.084787] pcieport 0000:00:01.0: nv_msi_ht_cap_quirk didn't locate host bridge
[   14.084789] pcieport 0000:00:02.0: nv_msi_ht_cap_quirk didn't locate host bridge
[   14.113154] PM: noirq resume of devices complete after 29.173 msecs
[   14.114921] PM: early resume of devices complete after 1.450 msecs
[   14.118012] tegra-hdmi 54280000.hdmi: cannot set audio to 48000 Hz at 297000000 Hz pixel clock
[   14.239939] PM: resume of devices complete after 125.009 msecs
[   14.434651] Restarting tasks ... done.
[   14.444800] ata1: SATA link down (SStatus 0 SControl 300)
root@(none):/# 
root@(none):/# rtcwake -d rtc1 -m mem -s 3
rtcwake: assuming RTC uses UTC ...
rtcwake: wakeup from "mem" using /dev/rtc1 at Thu Jan  1 00:00:51 1970
[   15.459586] PM: Syncing filesystems ... done.
[   15.669828] Freezing user space processes ... (elapsed 0.001 seconds) done.
[   15.678169] Freezing remaining freezable tasks ... (elapsed 0.001 seconds) done.
[   15.686791] Suspending console(s) (use no_console_suspend to debug)
[   15.814578] PM: suspend of devices complete after 120.963 msecs
[   15.816897] PM: late suspend of devices complete after 2.309 msecs
[   15.844233] PM: noirq suspend of devices complete after 27.329 msecs
[   15.844236] Disabling non-boot CPUs ...
[   15.844700] CPU1: shutdown
[   15.904542] CPU2: shutdown
[   15.964309] CPU3: shutdown
[   16.013679] Entering suspend state LP1
[   16.013679] Suspended for 2.959 seconds
[   16.013689] Enabling non-boot CPUs ...
[   16.043815] CPU1 is up
[   16.083816] CPU2 is up
[   16.123935] CPU3 is up
[   16.124683] pcieport 0000:00:01.0: nv_msi_ht_cap_quirk didn't locate host bridge
[   16.124685] pcieport 0000:00:02.0: nv_msi_ht_cap_quirk didn't locate host bridge
[   16.153124] PM: noirq resume of devices complete after 29.183 msecs
[   16.154883] PM: early resume of devices complete after 1.442 msecs
[   16.158139] tegra-hdmi 54280000.hdmi: cannot set audio to 48000 Hz at 297000000 Hz pixel clock
[   16.280049] PM: resume of devices complete after 125.158 msecs
[   16.371206] Restarting tasks ... done.
root@(none):/# 
root@(none):/# [   16.484525] ata1: SATA link down (SStatus 0 SControl 300)
rtcwake -d rtc1 -m mem -s 3
rtcwake: assuming RTC uses UTC ...
rtcwake: wakeup from "mem" using /dev/rtc1 at Thu Jan  1 00:00:56 1970
[   17.493784] PM: Syncing filesystems ... done.
[   17.708174] Freezing user space processes ... (elapsed 0.001 seconds) done.
[   17.716517] Freezing remaining freezable tasks ... (elapsed 0.001 seconds) done.
[   17.725143] Suspending console(s) (use no_console_suspend to debug)
[   17.854553] PM: suspend of devices complete after 122.596 msecs
[   17.857063] PM: late suspend of devices complete after 2.500 msecs
[   17.884218] PM: noirq suspend of devices complete after 27.148 msecs
[   17.884221] Disabling non-boot CPUs ...
[   17.884682] CPU1: shutdown
[   17.954505] CPU2: shutdown
[   18.014222] CPU3: shutdown
[   18.063623] Entering suspend state LP1
[   18.063623] Suspended for 2.949 seconds
[   18.063634] Enabling non-boot CPUs ...
[   18.093781] CPU1 is up
[   18.133782] CPU2 is up
[   18.173895] CPU3 is up
[   18.174634] pcieport 0000:00:01.0: nv_msi_ht_cap_quirk didn't locate host bridge
[   18.174637] pcieport 0000:00:02.0: nv_msi_ht_cap_quirk didn't locate host bridge
[   18.203093] PM: noirq resume of devices complete after 29.192 msecs
[   18.204704] PM: early resume of devices complete after 1.288 msecs
[   18.207940] tegra-hdmi 54280000.hdmi: cannot set audio to 48000 Hz at 297000000 Hz pixel clock
[   18.329910] PM: resume of devices complete after 125.197 msecs
[   18.421092] Restarting tasks ... done.
root@(none):/# 
root@(none):/# [   18.545539] ata1: SATA link down (SStatus 0 SControl 300)
rtcwake -d rtc1 -m mem -s 3
rtcwake: assuming RTC uses UTC ...
rtcwake: wakeup from "mem" using /dev/rtc1 at Thu Jan  1 00:01:01 1970
[   19.542774] PM: Syncing filesystems ... done.
[   19.757995] Freezing user space processes ... (elapsed 0.001 seconds) done.
[   19.766334] Freezing remaining freezable tasks ... (elapsed 0.001 seconds) done.
[   19.774945] Suspending console(s) (use no_console_suspend to debug)
[   19.798428] pci_generic_config_write32: 116 callbacks suppressed
[   19.798437] pci_bus 0000:00: 2-byte config write to 0000:00:02.0 offset 0x9c may corrupt adjacent RW1C bits
[   19.798450] pci_bus 0000:00: 2-byte config write to 0000:00:01.0 offset 0x9c may corrupt adjacent RW1C bits
[   19.904594] PM: suspend of devices complete after 122.896 msecs
[   19.906682] PM: late suspend of devices complete after 2.078 msecs
[   19.907085] pci_bus 0000:02: 2-byte config write to 0000:02:00.0 offset 0x44 may corrupt adjacent RW1C bits
[   19.907115] pci_bus 0000:02: 2-byte config write to 0000:02:00.0 offset 0x44 may corrupt adjacent RW1C bits
[   19.934019] PM: noirq suspend of devices complete after 27.331 msecs
[   19.934021] Disabling non-boot CPUs ...
[   19.934463] CPU1: shutdown
[   19.994194] CPU2: shutdown
[   20.054025] CPU3: shutdown
[   20.083614] Entering suspend state LP1
[   20.083614] Suspended for 2.979 seconds
[   20.083624] Enabling non-boot CPUs ...
[   20.113758] CPU1 is up
[   20.153758] CPU2 is up
[   20.193877] CPU3 is up
[   20.194503] pci_bus 0000:00: 2-byte config write to 0000:00:01.0 offset 0x4c may corrupt adjacent RW1C bits
[   20.194511] pci_bus 0000:00: 2-byte config write to 0000:00:02.0 offset 0x4c may corrupt adjacent RW1C bits
[   20.194523] pci_bus 0000:00: 2-byte config write to 0000:00:01.0 offset 0x88 may corrupt adjacent RW1C bits
[   20.194529] pci_bus 0000:00: 2-byte config write to 0000:00:02.0 offset 0x88 may corrupt adjacent RW1C bits
[   20.194535] pci_bus 0000:00: 2-byte config write to 0000:00:01.0 offset 0x90 may corrupt adjacent RW1C bits
[   20.194541] pci_bus 0000:00: 2-byte config write to 0000:00:02.0 offset 0x90 may corrupt adjacent RW1C bits
[   20.194648] pcieport 0000:00:01.0: nv_msi_ht_cap_quirk didn't locate host bridge
[   20.194650] pcieport 0000:00:02.0: nv_msi_ht_cap_quirk didn't locate host bridge
[   20.223061] PM: noirq resume of devices complete after 29.177 msecs
[   20.224844] PM: early resume of devices complete after 1.467 msecs
[   20.228387] tegra-hdmi 54280000.hdmi: cannot set audio to 48000 Hz at 297000000 Hz pixel clock
[   20.350339] PM: resume of devices complete after 125.485 msecs
[   20.545047] Restarting tasks ... done.
[   20.555196] ata1: SATA link down (SStatus 0 SControl 300)
root@(none):/# 
root@(none):/# rtcwake -d rtc1 -m mem -s 3
rtcwake: assuming RTC uses UTC ...
rtcwake: wakeup from "mem" using /dev/rtc1 at Thu Jan  1 00:01:06 1970
[   21.564204] PM: Syncing filesystems ... done.
[   21.780090] Freezing user space processes ... (elapsed 0.001 seconds) done.
[   21.788442] Freezing remaining freezable tasks ... (elapsed 0.001 seconds) done.
[   21.797071] Suspending console(s) (use no_console_suspend to debug)
[   21.924501] PM: suspend of devices complete after 120.607 msecs
[   21.927078] PM: late suspend of devices complete after 2.567 msecs
[   21.954193] PM: noirq suspend of devices complete after 27.109 msecs
[   21.954196] Disabling non-boot CPUs ...
[   21.954441] IRQ17 no longer affine to CPU1
[   21.954661] CPU1: shutdown
[   22.004456] CPU2: shutdown
[   22.064247] CPU3: shutdown
[   22.113591] Entering suspend state LP1
[   22.113591] Suspended for 2.969 seconds
[   22.113602] Enabling non-boot CPUs ...
[   22.143719] CPU1 is up
[   22.183734] CPU2 is up
[   22.223849] CPU3 is up
[   22.224536] pcieport 0000:00:02.0: nv_msi_ht_cap_quirk didn't locate host bridge
[   22.224650] pcieport 0000:00:01.0: nv_msi_ht_cap_quirk didn't locate host bridge
[   22.253039] PM: noirq resume of devices complete after 29.184 msecs
[   22.254939] PM: early resume of devices complete after 1.578 msecs
[   22.258138] tegra-hdmi 54280000.hdmi: cannot set audio to 48000 Hz at 297000000 Hz pixel clock
[   22.380074] PM: resume of devices complete after 125.127 msecs
[   22.475314] Restarting tasks ... done.
root@(none):/# 
root@(none):/# [   22.583644] ata1: SATA link down (SStatus 0 SControl 300)
rtcwake -d rtc1 -m mem -s 3
rtcwake: assuming RTC uses UTC ...
rtcwake: wakeup from "mem" using /dev/rtc1 at Thu Jan  1 00:01:11 1970
[   23.603117] PM: Syncing filesystems ... done.
[   23.809896] Freezing user space processes ... (elapsed 0.001 seconds) done.
[   23.818243] Freezing remaining freezable tasks ... (elapsed 0.001 seconds) done.
[   23.826872] Suspending console(s) (use no_console_suspend to debug)
[   23.954636] PM: suspend of devices complete after 120.942 msecs
[   23.956441] PM: late suspend of devices complete after 1.795 msecs
[   23.984286] PM: noirq suspend of devices complete after 27.837 msecs
[   23.984289] Disabling non-boot CPUs ...
[   23.984753] CPU1: shutdown
[   24.044395] CPU2: shutdown
[   24.104153] CPU3: shutdown
[   24.153551] Entering suspend state LP1
[   24.153551] Suspended for 2.959 seconds
[   24.153561] Enabling non-boot CPUs ...
[   24.183703] CPU1 is up
[   24.223704] CPU2 is up
[   24.263821] CPU3 is up
[   24.264571] pcieport 0000:00:02.0: nv_msi_ht_cap_quirk didn't locate host bridge
[   24.264573] pcieport 0000:00:01.0: nv_msi_ht_cap_quirk didn't locate host bridge
[   24.293018] PM: noirq resume of devices complete after 29.192 msecs
[   24.294606] PM: early resume of devices complete after 1.256 msecs
[   24.297707] tegra-hdmi 54280000.hdmi: cannot set audio to 48000 Hz at 297000000 Hz pixel clock
[   24.419635] PM: resume of devices complete after 125.019 msecs
[   24.510809] Restarting tasks ... done.
root@(none):/# 
root@(none):/# [   24.635461] ata1: SATA link down (SStatus 0 SControl 300)
rtcwake -d rtc1 -m mem -s 3
rtcwake: assuming RTC uses UTC ...
rtcwake: wakeup from "mem" using /dev/rtc1 at Thu Jan  1 00:01:16 1970
[   25.643451] PM: Syncing filesystems ... done.
[   25.849414] Freezing user space processes ... (elapsed 0.001 seconds) done.
[   25.857774] Freezing remaining freezable tasks ... (elapsed 0.001 seconds) done.
[   25.866420] Suspending console(s) (use no_console_suspend to debug)
[   25.888036] pci_generic_config_write32: 116 callbacks suppressed
[   25.888045] pci_bus 0000:00: 2-byte config write to 0000:00:02.0 offset 0x9c may corrupt adjacent RW1C bits
[   25.888067] pci_bus 0000:00: 2-byte config write to 0000:00:01.0 offset 0x9c may corrupt adjacent RW1C bits
[   25.994656] PM: suspend of devices complete after 121.366 msecs
[   25.997207] PM: late suspend of devices complete after 2.540 msecs
[   25.997661] pci_bus 0000:02: 2-byte config write to 0000:02:00.0 offset 0x44 may corrupt adjacent RW1C bits
[   25.997688] pci_bus 0000:02: 2-byte config write to 0000:02:00.0 offset 0x44 may corrupt adjacent RW1C bits
[   26.024257] PM: noirq suspend of devices complete after 27.043 msecs
[   26.024260] Disabling non-boot CPUs ...
[   26.024753] CPU1: shutdown
[   26.084508] CPU2: shutdown
[   26.144212] CPU3: shutdown
[   26.193577] Entering suspend state LP1
[   26.193577] Suspended for 2.959 seconds
[   26.193588] Enabling non-boot CPUs ...
[   26.223683] CPU1 is up
[   26.263687] CPU2 is up
[   26.303803] CPU3 is up
[   26.304431] pci_bus 0000:00: 2-byte config write to 0000:00:02.0 offset 0x4c may corrupt adjacent RW1C bits
[   26.304440] pci_bus 0000:00: 2-byte config write to 0000:00:01.0 offset 0x4c may corrupt adjacent RW1C bits
[   26.304452] pci_bus 0000:00: 2-byte config write to 0000:00:02.0 offset 0x88 may corrupt adjacent RW1C bits
[   26.304458] pci_bus 0000:00: 2-byte config write to 0000:00:01.0 offset 0x88 may corrupt adjacent RW1C bits
[   26.304464] pci_bus 0000:00: 2-byte config write to 0000:00:02.0 offset 0x90 may corrupt adjacent RW1C bits
[   26.304470] pci_bus 0000:00: 2-byte config write to 0000:00:01.0 offset 0x90 may corrupt adjacent RW1C bits
[   26.304577] pcieport 0000:00:02.0: nv_msi_ht_cap_quirk didn't locate host bridge
[   26.304579] pcieport 0000:00:01.0: nv_msi_ht_cap_quirk didn't locate host bridge
[   26.332992] PM: noirq resume of devices complete after 29.182 msecs
[   26.334754] PM: early resume of devices complete after 1.438 msecs
[   26.337799] tegra-hdmi 54280000.hdmi: cannot set audio to 48000 Hz at 297000000 Hz pixel clock
[   26.459730] PM: resume of devices complete after 124.968 msecs
[   26.654442] Restarting tasks ... done.
[   26.664590] ata1: SATA link down (SStatus 0 SControl 300)
root@(none):/# 
root@(none):/# NVTB SYSTEM SUSPEND TEST COMPLETE
