0x0000000070006000 (options '115200n8')
[    0.000000] bootconsole [uart0] enabled
[    0.000000] efi: Getting EFI parameters from FDT:
[    0.000000] efi: UEFI not found.
[    0.000000] cma: Reserved 16 MiB at 0x00000000f5400000
[    0.000000] psci: probing for conduit method from DT.
[    0.000000] psci: PSCIv1.0 detected in firmware.
[    0.000000] psci: Using standard PSCI v0.2 function IDs
[    0.000000] psci: MIGRATE_INFO_UP_CPU reported invalid physical ID (0x80000000)
[    0.000000] percpu: Embedded 20 pages/cpu @ffff8000bff50000 s42880 r8192 d30848 u81920
[    0.000000] Detected PIPT I-cache on CPU0
[    0.000000] CPU features: enabling workaround for ARM erratum 832075
[    0.000000] CPU features: enabling workaround for ARM erratum 834220
[    0.000000] Built 1 zonelists in Zone order, mobility grouping on.  Total pages: 735336
[    0.000000] Kernel command line: cros_secure vpr=0x08000000@0xf6800000 earlycon
[    0.000000] log_buf_len individual max cpu contribution: 4096 bytes
[    0.000000] log_buf_len total cpu_extra contributions: 12288 bytes
[    0.000000] log_buf_len min size: 16384 bytes
[    0.000000] log_buf_len: 32768 bytes
[    0.000000] early log buf free: 14420(88%)
[    0.000000] PID hash table entries: 4096 (order: 3, 32768 bytes)
[    0.000000] Dentry cache hash table entries: 524288 (order: 10, 4194304 bytes)
[    0.000000] Inode-cache hash table entries: 262144 (order: 9, 2097152 bytes)
[    0.000000] software IO TLB [mem 0xf1400000-0xf5400000] (64MB) mapped at [ffff800071400000-ffff8000753fffff]
[    0.000000] Memory: 2833856K/2988032K available (7676K kernel code, 762K rwdata, 3584K rodata, 960K init, 269K bss, 137792K reserved, 16384K cma-reserved)
[    0.000000] Virtual kernel memory layout:
[    0.000000]     modules : 0xffff000000000000 - 0xffff000008000000   (   128 MB)
[    0.000000]     vmalloc : 0xffff000008000000 - 0xffff7dffbfff0000   (129022 GB)
[    0.000000]       .text : 0xffff000008080000 - 0xffff000008800000   (  7680 KB)
[    0.000000]     .rodata : 0xffff000008800000 - 0xffff000008b90000   (  3648 KB)
[    0.000000]       .init : 0xffff000008b90000 - 0xffff000008c80000   (   960 KB)
[    0.000000]       .data : 0xffff000008c80000 - 0xffff000008d3ea00   (   763 KB)
[    0.000000]        .bss : 0xffff000008d3ea00 - 0xffff000008d81fb8   (   270 KB)
[    0.000000]     fixed   : 0xffff7dfffe7fd000 - 0xffff7dfffec00000   (  4108 KB)
[    0.000000]     PCI I/O : 0xffff7dfffee00000 - 0xffff7dffffe00000   (    16 MB)
[    0.000000]     vmemmap : 0xffff7e0000000000 - 0xffff800000000000   (  2048 GB maximum)
[    0.000000]               0xffff7e0000000000 - 0xffff7e0003000000   (    48 MB actual)
[    0.000000]     memory  : 0xffff800000000000 - 0xffff8000c0000000   (  3072 MB)
[    0.000000] SLUB: HWalign=64, Order=0-3, MinObjects=0, CPUs=4, Nodes=1
[    0.000000] Preemptible hierarchical RCU implementation.
[    0.000000] 	Build-time adjustment of leaf fanout to 64.
[    0.000000] 	RCU restricting CPUs from NR_CPUS=64 to nr_cpu_ids=4.
[    0.000000] RCU: Adjusting geometry for rcu_fanout_leaf=64, nr_cpu_ids=4
[    0.000000] NR_IRQS:64 nr_irqs:64 0
[    0.000000] GIC: Using split EOI/Deactivate mode
[    0.000000] /interrupt-controller@60004000: 192 interrupts forwarded to /interrupt-controller@50041000
[    0.000000] boot misc0 0x0: expected 0x80000
[    0.000000]  (comparison mask = 0x400ffffb)
[    0.000000] boot misc2 0x1f720005: expected 0x1f720f05
[    0.000000]  (comparison mask = 0xffffff17)
[    0.000000] PLL_C already enabled. Postponing set full defaults
[    0.000000] PLL_MB already enabled. Postponing set full defaults
[    0.000000] PLL_U already enabled. Postponing set full defaults
[    0.000000] PLL_D already enabled. Postponing set full defaults
[    0.000000] PLL_DP already enabled. Postponing set full defaults
[    0.000000] boot misc0 0x0: expected 0x20
[    0.000000]  (comparison mask = 0x7ffffff)
[    0.000000] boot misc1 0x90000000: expected 0xc0000000
[    0.000000]  (comparison mask = 0xf8000000)
[    0.000000] boot misc2 0x0: expected 0xf400f0da
[    0.000000]  (comparison mask = 0xffffffff)
[    0.000000] boot misc3 0x9330: expected 0x2004f400
[    0.000000]  (comparison mask = 0xffffffff)
[    0.000000] PLL_P already enabled. Postponing set full defaults
[    0.000000] PLL_X already enabled. Postponing set full defaults
[    0.000000] boot misc1 0x0: expected 0x20
[    0.000000]  (comparison mask = 0xffffff)
[    0.000000] Architected cp15 timer(s) running at 19.20MHz (phys).
[    0.000000] clocksource: arch_sys_counter: mask: 0xffffffffffffff max_cycles: 0x46d987e47, max_idle_ns: 440795202767 ns
[    0.000002] sched_clock: 56 bits at 19MHz, resolution 52ns, wraps every 4398046511078ns
[    0.008312] Console: colour dummy device 80x25
[    0.012881] console [tty0] enabled
[    0.016375] bootconsole [uart0] disabled
[    0.000000] Booting Linux on physical CPU 0x0
[    0.000000] Linux version 4.7.0-rc5-next-20160629+ (pwalmsley@tamien) (gcc version 4.9.2 20140904 (prerelease) (crosstool-NG linaro-1.13.1-4.9-2014.09 - Linaro GCC 4.9-2014.09) ) #1 SMP PREEMPT Wed Jun 29 00:36:46 PDT 2016
[    0.000000] Boot CPU: AArch64 Processor [411fd071]
[    0.000000] earlycon: uart0 at MMIO 0x0000000070006000 (options '115200n8')
[    0.000000] bootconsole [uart0] enabled
[    0.000000] efi: Getting EFI parameters from FDT:
[    0.000000] efi: UEFI not found.
[    0.000000] cma: Reserved 16 MiB at 0x00000000f5400000
[    0.000000] psci: probing for conduit method from DT.
[    0.000000] psci: PSCIv1.0 detected in firmware.
[    0.000000] psci: Using standard PSCI v0.2 function IDs
[    0.000000] psci: MIGRATE_INFO_UP_CPU reported invalid physical ID (0x80000000)
[    0.000000] percpu: Embedded 20 pages/cpu @ffff8000bff50000 s42880 r8192 d30848 u81920
[    0.000000] Detected PIPT I-cache on CPU0
[    0.000000] CPU features: enabling workaround for ARM erratum 832075
[    0.000000] CPU features: enabling workaround for ARM erratum 834220
[    0.000000] Built 1 zonelists in Zone order, mobility grouping on.  Total pages: 735336
[    0.000000] Kernel command line: cros_secure vpr=0x08000000@0xf6800000 earlycon
[    0.000000] log_buf_len individual max cpu contribution: 4096 bytes
[    0.000000] log_buf_len total cpu_extra contributions: 12288 bytes
[    0.000000] log_buf_len min size: 16384 bytes
[    0.000000] log_buf_len: 32768 bytes
[    0.000000] early log buf free: 14420(88%)
[    0.000000] PID hash table entries: 4096 (order: 3, 32768 bytes)
[    0.000000] Dentry cache hash table entries: 524288 (order: 10, 4194304 bytes)
[    0.000000] Inode-cache hash table entries: 262144 (order: 9, 2097152 bytes)
[    0.000000] software IO TLB [mem 0xf1400000-0xf5400000] (64MB) mapped at [ffff800071400000-ffff8000753fffff]
[    0.000000] Memory: 2833856K/2988032K available (7676K kernel code, 762K rwdata, 3584K rodata, 960K init, 269K bss, 137792K reserved, 16384K cma-reserved)
[    0.000000] Virtual kernel memory layout:
[    0.000000]     modules : 0xffff000000000000 - 0xffff000008000000   (   128 MB)
[    0.000000]     vmalloc : 0xffff000008000000 - 0xffff7dffbfff0000   (129022 GB)
[    0.000000]       .text : 0xffff000008080000 - 0xffff000008800000   (  7680 KB)
[    0.000000]     .rodata : 0xffff000008800000 - 0xffff000008b90000   (  3648 KB)
[    0.000000]       .init : 0xffff000008b90000 - 0xffff000008c80000   (   960 KB)
[    0.000000]       .data : 0xffff000008c80000 - 0xffff000008d3ea00   (   763 KB)
[    0.000000]        .bss : 0xffff000008d3ea00 - 0xffff000008d81fb8   (   270 KB)
[    0.000000]     fixed   : 0xffff7dfffe7fd000 - 0xffff7dfffec00000   (  4108 KB)
[    0.000000]     PCI I/O : 0xffff7dfffee00000 - 0xffff7dffffe00000   (    16 MB)
[    0.000000]     vmemmap : 0xffff7e0000000000 - 0xffff800000000000   (  2048 GB maximum)
[    0.000000]               0xffff7e0000000000 - 0xffff7e0003000000   (    48 MB actual)
[    0.000000]     memory  : 0xffff800000000000 - 0xffff8000c0000000   (  3072 MB)
[    0.000000] SLUB: HWalign=64, Order=0-3, MinObjects=0, CPUs=4, Nodes=1
[    0.000000] Preemptible hierarchical RCU implementation.
[    0.000000] 	Build-time adjustment of leaf fanout to 64.
[    0.000000] 	RCU restricting CPUs from NR_CPUS=64 to nr_cpu_ids=4.
[    0.000000] RCU: Adjusting geometry for rcu_fanout_leaf=64, nr_cpu_ids=4
[    0.000000] NR_IRQS:64 nr_irqs:64 0
[    0.000000] GIC: Using split EOI/Deactivate mode
[    0.000000] /interrupt-controller@60004000: 192 interrupts forwarded to /interrupt-controller@50041000
[    0.000000] boot misc0 0x0: expected 0x80000
[    0.000000]  (comparison mask = 0x400ffffb)
[    0.000000] boot misc2 0x1f720005: expected 0x1f720f05
[    0.000000]  (comparison mask = 0xffffff17)
[    0.000000] PLL_C already enabled. Postponing set full defaults
[    0.000000] PLL_MB already enabled. Postponing set full defaults
[    0.000000] PLL_U already enabled. Postponing set full defaults
[    0.000000] PLL_D already enabled. Postponing set full defaults
[    0.000000] PLL_DP already enabled. Postponing set full defaults
[    0.000000] boot misc0 0x0: expected 0x20
[    0.000000]  (comparison mask = 0x7ffffff)
[    0.000000] boot misc1 0x90000000: expected 0xc0000000
[    0.000000]  (comparison mask = 0xf8000000)
[    0.000000] boot misc2 0x0: expected 0xf400f0da
[    0.000000]  (comparison mask = 0xffffffff)
[    0.000000] boot misc3 0x9330: expected 0x2004f400
[    0.000000]  (comparison mask = 0xffffffff)
[    0.000000] PLL_P already enabled. Postponing set full defaults
[    0.000000] PLL_X already enabled. Postponing set full defaults
[    0.000000] boot misc1 0x0: expected 0x20
[    0.000000]  (comparison mask = 0xffffff)
[    0.000000] Architected cp15 timer(s) running at 19.20MHz (phys).
[    0.000000] clocksource: arch_sys_counter: mask: 0xffffffffffffff max_cycles: 0x46d987e47, max_idle_ns: 440795202767 ns
[    0.000002] sched_clock: 56 bits at 19MHz, resolution 52ns, wraps every 4398046511078ns
[    0.008312] Console: colour dummy device 80x25
[    0.012881] console [tty0] enabled
[    0.016375] bootconsole [uart0] disabled
[    0.020415] Calibrating delay loop (skipped), value calculated using timer frequency.. 38.40 BogoMIPS (lpj=76800)
[    0.020428] pid_max: default: 32768 minimum: 301
[    0.020473] Security Framework initialized
[    0.020500] Mount-cache hash table entries: 8192 (order: 4, 65536 bytes)
[    0.020509] Mountpoint-cache hash table entries: 8192 (order: 4, 65536 bytes)
[    0.021090] ASID allocator initialised with 65536 entries
[    0.044982] Speedo Revision 4
[    0.045001] Tegra Revision: A02 SKU: 19 CPU Process: 0 SoC Process: 0
[    0.045296] EFI services will not be available.
[    0.068585] Detected PIPT I-cache on CPU1
[    0.068611] CPU1: Booted secondary processor [411fd071]
[    0.084596] Detected PIPT I-cache on CPU2
[    0.084615] CPU2: Booted secondary processor [411fd071]
[    0.100615] Detected PIPT I-cache on CPU3
[    0.100634] CPU3: Booted secondary processor [411fd071]
[    0.100672] Brought up 4 CPUs
[    0.100701] SMP: Total of 4 processors activated.
[    0.100709] CPU features: detected feature: 32-bit EL0 Support
[    0.100717] CPU: All CPU(s) started at EL2
[    0.100734] alternatives: patching kernel code
[    0.102714] devtmpfs: initialized
[    0.107847] DMI not present or invalid.
[    0.107996] clocksource: jiffies: mask: 0xffffffff max_cycles: 0xffffffff, max_idle_ns: 7645041785100000 ns
[    0.108242] pinctrl core: initialized pinctrl subsystem
[    0.109084] NET: Registered protocol family 16
[    0.120808] cpuidle: using governor menu
[    0.120896] vdso: 2 pages (1 code @ ffff000008806000, 1 data @ ffff000008c84000)
[    0.120919] hw-breakpoint: found 6 breakpoint and 4 watchpoint registers.
[    0.121355] DMA: preallocated 256 KiB pool for atomic allocations
[    0.121502] Serial: AMBA PL011 UART driver
[    0.153124] HugeTLB registered 2 MB page size, pre-allocated 0 pages
[    0.153627] ACPI: Interpreter disabled.
[    0.154224] vgaarb: loaded
[    0.154380] SCSI subsystem initialized
[    0.154613] usbcore: registered new interface driver usbfs
[    0.154651] usbcore: registered new interface driver hub
[    0.154690] usbcore: registered new device driver usb
[    0.155155] pps_core: LinuxPPS API ver. 1 registered
[    0.155167] pps_core: Software ver. 5.3.6 - Copyright 2005-2007 Rodolfo Giometti <giometti@linux.it>
[    0.155190] PTP clock support registered
[    0.155282] dmi: Firmware registration failed.
[    0.155376] Advanced Linux Sound Architecture Driver Initialized.
[    0.155798] clocksource: Switched to clocksource arch_sys_counter
[    0.155871] VFS: Disk quotas dquot_6.6.0
[    0.155907] VFS: Dquot-cache hash table entries: 512 (order 0, 4096 bytes)
[    0.156053] pnp: PnP ACPI: disabled
[    0.160218] NET: Registered protocol family 2
[    0.160535] TCP established hash table entries: 32768 (order: 6, 262144 bytes)
[    0.160661] TCP bind hash table entries: 32768 (order: 7, 524288 bytes)
[    0.160863] TCP: Hash tables configured (established 32768 bind 32768)
[    0.160923] UDP hash table entries: 2048 (order: 4, 65536 bytes)
[    0.160955] UDP-Lite hash table entries: 2048 (order: 4, 65536 bytes)
[    0.161062] NET: Registered protocol family 1
[    0.161235] RPC: Registered named UNIX socket transport module.
[    0.161247] RPC: Registered udp transport module.
[    0.161257] RPC: Registered tcp transport module.
[    0.161266] RPC: Registered tcp NFSv4.1 backchannel transport module.
[    0.161398] Unpacking initramfs...
[    0.248110] Freeing initrd memory: 2360K (ffff800009f66000 - ffff80000a1b4000)
[    0.248795] kvm [1]: 8-bit VMID
[    0.248806] kvm [1]: Hyp mode initialized successfully
[    0.248850] kvm [1]: vgic-v2@50044000
[    0.248886] kvm [1]: vgic interrupt IRQ1
[    0.248953] kvm [1]: virtual timer IRQ4
[    0.250177] futex hash table entries: 1024 (order: 5, 131072 bytes)
[    0.250243] audit: initializing netlink subsys (disabled)
[    0.250274] audit: type=2000 audit(0.235:1): initialized
[    0.250523] workingset: timestamp_bits=44 max_order=20 bucket_order=0
[    0.255952] squashfs: version 4.0 (2009/01/31) Phillip Lougher
[    0.256439] NFS: Registering the id_resolver key type
[    0.256471] Key type id_resolver registered
[    0.256480] Key type id_legacy registered
[    0.256496] nfs4filelayout_init: NFSv4 File Layout Driver Registering...
[    0.256604] fuse init (API version 7.24)
[    0.256884] 9p: Installing v9fs 9p2000 file system support
[    0.258126] io scheduler noop registered
[    0.258230] io scheduler cfq registered (default)
[    0.258694] libphy: mdio_driver_register: phy-bcm-ns2-pci
[    0.264206] tegra-apbdma 60020000.dma: Tegra20 APB DMA driver register 32 channels
[    0.264549] tegra-pmc 7000e400.pmc: i2c-thermtrip node not found, emergency thermal reset disabled.
[    0.264684] xenfs: not registering filesystem on non-xen platform
[    0.266595] Serial: 8250/16550 driver, 4 ports, IRQ sharing disabled
[    0.267535] 70006000.serial: ttyS0 at MMIO 0x70006000 (irq = 312, base_baud = 25500000) is a Tegra
[    1.170600] console [ttyS0] enabled
[    1.174350] SuperH (H)SCI(F) driver initialized
[    1.179031] msm_serial: driver initialized
[    1.183339] Unable to detect cache hierarchy from DT for CPU 0
[    1.191828] loop: module loaded
[    1.195918] libphy: Fixed MDIO Bus: probed
[    1.200293] tun: Universal TUN/TAP device driver, 1.6
[    1.205345] tun: (C) 1999-2004 Max Krasnyansky <maxk@qualcomm.com>
[    1.211778] e1000e: Intel(R) PRO/1000 Network Driver - 3.2.6-k
[    1.217609] e1000e: Copyright(c) 1999 - 2015 Intel Corporation.
[    1.223558] igb: Intel(R) Gigabit Ethernet Network Driver - version 5.3.0-k
[    1.230513] igb: Copyright (c) 2007-2014 Intel Corporation.
[    1.236111] igbvf: Intel(R) Gigabit Virtual Function Network Driver - version 2.0.2-k
[    1.243936] igbvf: Copyright (c) 2009 - 2012 Intel Corporation.
[    1.249888] sky2: driver version 1.30
[    1.253776] VFIO - User Level meta-driver version: 0.3
[    1.259921] ehci_hcd: USB 2.0 'Enhanced' Host Controller (EHCI) Driver
[    1.266455] ehci-pci: EHCI PCI platform driver
[    1.270953] ehci-platform: EHCI generic platform driver
[    1.276231] ehci-msm: Qualcomm On-Chip EHCI Host Controller
[    1.281841] ohci_hcd: USB 1.1 'Open' Host Controller (OHCI) Driver
[    1.288027] ohci-pci: OHCI PCI platform driver
[    1.292497] ohci-platform: OHCI generic platform driver
[    1.297867] usbcore: registered new interface driver usb-storage
[    1.304342] mousedev: PS/2 mouse device common for all mice
[    1.310462] tegra_rtc 7000e000.rtc: rtc core: registered 7000e000.rtc as rtc0
[    1.317624] tegra_rtc 7000e000.rtc: Tegra internal Real Time Clock
[    1.323864] i2c /dev entries driver
[    1.328153] sdhci: Secure Digital Host Controller Interface driver
[    1.334332] sdhci: Copyright(c) Pierre Ossman
[    1.338705] Synopsys Designware Multimedia Card Interface Driver
[    1.344880] sdhci-pltfm: SDHCI platform and OF driver helper
[    1.350665] mmc0: Unknown controller version (3). You may experience problems.
[    1.391809] mmc0: SDHCI controller on 700b0600.sdhci [700b0600.sdhci] using ADMA 64-bit
[    1.400108] ledtrig-cpu: registered to indicate activity on CPUs
[    1.408219] usbcore: registered new interface driver usbhid
[    1.413818] usbhid: USB HID core driver
[    1.418610] NET: Registered protocol family 17
[    1.423107] 9pnet: Installing 9P2000 support
[    1.427419] Key type dns_resolver registered
[    1.432022] registered taskstats version 1
[    1.436556] input: gpio-keys as /devices/platform/gpio-keys/input/input0
[    1.443473] tegra_rtc 7000e000.rtc: setting system clock to 1970-01-01 00:00:08 UTC (8)
[    1.455845] ALSA device list:
[    1.458814]   No soundcards found.
[    1.462742] Freeing unused kernel memory: 960K (ffff800000b90000 - ffff800000c80000)
[    1.473283] mmc0: new high speed MMC card at address 0001
[    1.482974] mmcblk0: mmc0:0001 BGND3R 29.1 GiB 
[    1.487607] mmcblk0boot0: mmc0:0001 BGND3R partition 1 4.00 MiB
[    1.493622] mmcblk0boot1: mmc0:0001 BGND3R partition 2 4.00 MiB
[    1.499629] mmcblk0rpmb: mmc0:0001 BGND3R partition 3 4.00 MiB
[    1.507895]  mmcblk0: p1 p2 p3 p4 p5 p6 p7 p8 p9 p10 p11

System initialization...

Mounting /proc :[SUCCESS]
Mounting /sys :[SUCCESS]
Mounting /dev :[SUCCESS]
Mounting /dev/pts :[SUCCESS]
Mounting /sys/kernel/debug :[SUCCESS]
Mounting other filesystems :[SUCCESS]
Enabling hot-plug :[SUCCESS]
Populating /dev :[SUCCESS]
Starting syslogd :[SUCCESS]
Starting telnetd :[SUCCESS]

System initialization complete.

Please press Enter to activate this console. 