
U-Boot SPL 2015.04-rc3-00209-ga74ef40 (Mar 16 2015 - 14:43:39)


U-Boot 2015.04-rc3-00209-ga74ef40 (Mar 16 2015 - 14:43:39)

TEGRA20
Model: Compulab TrimSlice board
DRAM:  1 GiB
MMC:   Tegra SD/MMC: 0, Tegra SD/MMC: 1
SF: Detected W25Q80BL with page size 256 Bytes, erase size 4 KiB, total 1 MiB
tegra-pcie: PCI regions:
tegra-pcie:   I/O: 0x82000000-0x82010000
tegra-pcie:   non-prefetchable memory: 0xa0000000-0xa8000000
tegra-pcie:   prefetchable memory: 0xa8000000-0xc0000000
tegra-pcie: dual-mode configuration
tegra-pcie: probing port 0, using 2 lanes
In:    serial
Out:   serial
Err:   serial
Net:   RTL8169#0
Hit any key to stop autoboot:  2  1  0 
Tegra20 (TrimSlice) # 
Tegra20 (TrimSlice) # usb reset
resetting USB...
USB0:   USB EHCI 1.00
scanning bus 0 for devices... 3 USB Device(s) found
USB1:   USB EHCI 1.00
scanning bus 1 for devices... 1 USB Device(s) found
USB2:   lowlevel init failed
       scanning usb for storage devices... 0 Storage Device(s) found
       scanning usb for ethernet devices... 
Warning: asx0 using MAC address from net device
1 Ethernet Device(s) found
Tegra20 (TrimSlice) # setenv bootargs 'ignore_loglevel console=ttyS0,115200n8 rw root=PARTUUID=11eb23c1-01 rootwait gpt debug noinitrd earlyprintk init=/bin/bash'
Tegra20 (TrimSlice) # setenv ipaddr 192.168.100.103; setenv serverip 192.168.100.1; setenv tftpserverip 192.168.100.1
Tegra20 (TrimSlice) # tftpboot 0x00408000 zImage.multi_v7_defconfig
Using RTL8169#0 device
TFTP from server 192.168.100.1; our IP address is 192.168.100.103
Filename 'zImage.multi_v7_defconfig'.
Load address: 0x408000
Loading: *#################################################################
	 #################################################################
	 #################################################################
	 #################################################################
	 #################################################################
	 #################################################################
	 #################################################################
	 #################
	 4.1 MiB/s
done
Bytes transferred = 6921632 (699da0 hex)
Tegra20 (TrimSlice) # tftpboot 0x02408000 tegra20-trimslice.dtb
Using RTL8169#0 device
TFTP from server 192.168.100.1; our IP address is 192.168.100.103
Filename 'tegra20-trimslice.dtb'.
Load address: 0x2408000
Loading: *##
	 4 MiB/s
done
Bytes transferred = 21128 (5288 hex)
Tegra20 (TrimSlice) # bootz 0x00408000 - 0x02408000
Kernel image @ 0x408000 [ 0x000000 - 0x699da0 ]
## Flattened Device Tree blob at 02408000
   Booting using the fdt blob at 0x2408000
   Using Device Tree in place at 02408000, end 02410287

Starting kernel ...

[    0.000000] Booting Linux on physical CPU 0x0
[    0.000000] Linux version 4.5.0-rc7-next-20160308-104101-g0c7106b (pwalmsley@tamien) (gcc version 4.7.3 20130328 (prerelease) (crosstool-NG linaro-1.13.1-4.7-2013.04-20130415 - Linaro GCC 2013.04) ) #1 SMP Tue Mar 8 05:00:34 PST 2016
[    0.000000] CPU: ARMv7 Processor [411fc090] revision 0 (ARMv7), cr=10c5387d
[    0.000000] CPU: PIPT / VIPT nonaliasing data cache, VIPT aliasing instruction cache
[    0.000000] Machine model: Compulab TrimSlice board
[    0.000000] debug: ignoring loglevel setting.
[    0.000000] cma: Reserved 64 MiB at 0x3c000000
[    0.000000] Memory policy: Data cache writealloc
[    0.000000] On node 0 totalpages: 262144
[    0.000000] free_area_init_node: node 0, pgdat c141ba40, node_mem_map ef7f8000
[    0.000000]   DMA zone: 1536 pages used for memmap
[    0.000000]   DMA zone: 0 pages reserved
[    0.000000]   DMA zone: 196608 pages, LIFO batch:31
[    0.000000]   HighMem zone: 65536 pages, LIFO batch:15
[    0.000000] PERCPU: Embedded 13 pages/cpu @ef7c9000 s23744 r8192 d21312 u53248
[    0.000000] pcpu-alloc: s23744 r8192 d21312 u53248 alloc=13*4096
[    0.000000] pcpu-alloc: [0] 0 [0] 1 
[    0.000000] Built 1 zonelists in Zone order, mobility grouping on.  Total pages: 260608
[    0.000000] Kernel command line: ignore_loglevel console=ttyS0,115200n8 rw root=PARTUUID=11eb23c1-01 rootwait gpt debug noinitrd earlyprintk init=/bin/bash
[    0.000000] PID hash table entries: 4096 (order: 2, 16384 bytes)
[    0.000000] Dentry cache hash table entries: 131072 (order: 7, 524288 bytes)
[    0.000000] Inode-cache hash table entries: 65536 (order: 6, 262144 bytes)
[    0.000000] Memory: 955932K/1048576K available (9522K kernel code, 1142K rwdata, 4128K rodata, 2048K init, 342K bss, 27108K reserved, 65536K cma-reserved, 196608K highmem)
[    0.000000] Virtual kernel memory layout:
[    0.000000]     vector  : 0xffff0000 - 0xffff1000   (   4 kB)
[    0.000000]     fixmap  : 0xffc00000 - 0xfff00000   (3072 kB)
[    0.000000]     vmalloc : 0xf0800000 - 0xff800000   ( 240 MB)
[    0.000000]     lowmem  : 0xc0000000 - 0xf0000000   ( 768 MB)
[    0.000000]     pkmap   : 0xbfe00000 - 0xc0000000   (   2 MB)
[    0.000000]     modules : 0xbf000000 - 0xbfe00000   (  14 MB)
[    0.000000]       .text : 0xc0208000 - 0xc105481c   (14643 kB)
[    0.000000]       .init : 0xc1100000 - 0xc1300000   (2048 kB)
[    0.000000]       .data : 0xc1300000 - 0xc141da80   (1143 kB)
[    0.000000]        .bss : 0xc141f000 - 0xc14748e0   ( 343 kB)
[    0.000000] SLUB: HWalign=64, Order=0-3, MinObjects=0, CPUs=2, Nodes=1
[    0.000000] Hierarchical RCU implementation.
[    0.000000] 	Build-time adjustment of leaf fanout to 32.
[    0.000000] 	RCU restricting CPUs from NR_CPUS=16 to nr_cpu_ids=2.
[    0.000000] RCU: Adjusting geometry for rcu_fanout_leaf=32, nr_cpu_ids=2
[    0.000000] NR_IRQS:16 nr_irqs:16 16
[    0.000000] /interrupt-controller@60004000: 128 interrupts forwarded to /interrupt-controller@50041000
[    0.000000] L2C: platform modifies aux control register: 0x02080000 -> 0x3e480001
[    0.000000] L2C: DT/platform modifies aux control register: 0x02080000 -> 0x3e480001
[    0.000000] L2C-310 errata 727915 769419 enabled
[    0.000000] L2C-310 enabling early BRESP for Cortex-A9
[    0.000000] L2C-310: enabling full line of zeros but not enabled in Cortex-A9
[    0.000000] L2C-310 ID prefetch enabled, offset 1 lines
[    0.000000] L2C-310 cache controller enabled, 8 ways, 1024 kB
[    0.000000] L2C-310: CACHE_ID 0x410000c4, AUX_CTRL 0x7e480001
[    0.000010] sched_clock: 32 bits at 1000kHz, resolution 1000ns, wraps every 2147483647500ns
[    0.000026] clocksource: timer_us: mask: 0xffffffff max_cycles: 0xffffffff, max_idle_ns: 1911260446275 ns
[    0.000036] Switching to timer-based delay loop, resolution 1000ns
[    0.001531] Console: colour dummy device 80x30
[    0.001552] Calibrating delay loop (skipped), value calculated using timer frequency.. 2.00 BogoMIPS (lpj=5000)
[    0.001563] pid_max: default: 32768 minimum: 301
[    0.001637] Mount-cache hash table entries: 2048 (order: 1, 8192 bytes)
[    0.001646] Mountpoint-cache hash table entries: 2048 (order: 1, 8192 bytes)
[    0.002120] CPU: Testing write buffer coherency: ok
[    0.002301] CPU0: thread -1, cpu 0, socket 0, mpidr 80000000
[    0.002341] Setting up static identity map for 0x300000 - 0x300098
[    0.003722] Tegra Revision: A03 prime SKU: 8 CPU Process: 1 SoC Process: 2
[    0.004764] CPU1: thread -1, cpu 1, socket 0, mpidr 80000001
[    0.004828] Brought up 2 CPUs
[    0.004840] SMP: Total of 2 processors activated (4.00 BogoMIPS).
[    0.004846] CPU: All CPU(s) started in SVC mode.
[    0.005517] devtmpfs: initialized
[    0.009407] VFP support v0.3: implementor 41 architecture 3 part 30 variant 9 rev 1
[    0.009774] clocksource: jiffies: mask: 0xffffffff max_cycles: 0xffffffff, max_idle_ns: 9556302231375000 ns
[    0.012873] pinctrl core: initialized pinctrl subsystem
[    0.014190] NET: Registered protocol family 16
[    0.016482] DMA: preallocated 256 KiB pool for atomic coherent allocations
[    0.029931] cpuidle: using governor menu
[    0.040799] No ATAGs?
[    0.040826] hw-breakpoint: found 5 (+1 reserved) breakpoint and 1 watchpoint registers.
[    0.040834] hw-breakpoint: maximum watchpoint size is 4 bytes.
[    0.044363] Serial: AMBA PL011 UART driver
[    0.068563] usb1_vbus: Failed to request enable GPIO170: -517
[    0.068577] reg-fixed-voltage regulators:regulator@2: Failed to register regulator: -517
[    0.072369] vgaarb: loaded
[    0.073136] SCSI subsystem initialized
[    0.073263] libata version 3.00 loaded.
[    0.073478] usbcore: registered new interface driver usbfs
[    0.073523] usbcore: registered new interface driver hub
[    0.073563] usbcore: registered new device driver usb
[    0.075725] pps_core: LinuxPPS API ver. 1 registered
[    0.075733] pps_core: Software ver. 5.3.6 - Copyright 2005-2007 Rodolfo Giometti <giometti@linux.it>
[    0.075755] PTP clock support registered
[    0.075924] EDAC MC: Ver: 3.0.0
[    0.077839] clocksource: Switched to clocksource timer_us
[    0.085816] NET: Registered protocol family 2
[    0.086243] TCP established hash table entries: 8192 (order: 3, 32768 bytes)
[    0.086314] TCP bind hash table entries: 8192 (order: 4, 65536 bytes)
[    0.086427] TCP: Hash tables configured (established 8192 bind 8192)
[    0.086497] UDP hash table entries: 512 (order: 2, 16384 bytes)
[    0.086543] UDP-Lite hash table entries: 512 (order: 2, 16384 bytes)
[    0.086700] NET: Registered protocol family 1
[    0.086935] RPC: Registered named UNIX socket transport module.
[    0.086943] RPC: Registered udp transport module.
[    0.086948] RPC: Registered tcp transport module.
[    0.086953] RPC: Registered tcp NFSv4.1 backchannel transport module.
[    0.086975] PCI: CLS 0 bytes, default 64
[    0.087791] hw perfevents: enabled with armv7_cortex_a9 PMU driver, 7 counters available
[    0.088882] futex hash table entries: 512 (order: 3, 32768 bytes)
[    0.089525] workingset: timestamp_bits=28 max_order=18 bucket_order=0
[    0.097275] squashfs: version 4.0 (2009/01/31) Phillip Lougher
[    0.097906] NFS: Registering the id_resolver key type
[    0.097933] Key type id_resolver registered
[    0.097939] Key type id_legacy registered
[    0.097992] ntfs: driver 2.1.32 [Flags: R/O].
[    0.099014] bounce: pool size: 64 pages
[    0.099164] Block layer SCSI generic (bsg) driver version 0.4 loaded (major 248)
[    0.099180] io scheduler noop registered
[    0.099191] io scheduler deadline registered
[    0.099219] io scheduler cfq registered (default)
[    0.110395] tegra-pcie 80003000.pcie-controller: dual-mode configuration
[    0.111000] tegra-pcie 80003000.pcie-controller: probing port 0, using 2 lanes
[    0.193287] tegra-pcie 80003000.pcie-controller: PCI host bridge to bus 0000:00
[    0.193301] pci_bus 0000:00: root bus resource [mem 0xa0000000-0xa7ffffff]
[    0.193310] pci_bus 0000:00: root bus resource [mem 0xa8000000-0xbfffffff pref]
[    0.193319] pci_bus 0000:00: root bus resource [bus 00-ff]
[    0.193327] pci_bus 0000:00: root bus resource [io  0x1000-0xffff]
[    0.193359] pci 0000:00:01.0: [10de:0bf0] type 01 class 0x060000
[    0.193418] pci 0000:00:01.0: PME# supported from D0 D1 D2 D3hot D3cold
[    0.193612] PCI: bus0: Fast back to back transfers disabled
[    0.193622] pci 0000:00:01.0: bridge configuration invalid ([bus 00-00]), reconfiguring
[    0.193749] pci 0000:01:00.0: [10ec:8168] type 00 class 0x020000
[    0.193771] pci 0000:01:00.0: reg 0x10: [io  0x0000-0x00ff]
[    0.193793] pci 0000:01:00.0: reg 0x18: [mem 0x00000000-0x00000fff 64bit pref]
[    0.193809] pci 0000:01:00.0: reg 0x20: [mem 0x00000000-0x00003fff 64bit pref]
[    0.193822] pci 0000:01:00.0: reg 0x30: [mem 0x00000000-0x0001ffff pref]
[    0.193898] pci 0000:01:00.0: supports D1 D2
[    0.193905] pci 0000:01:00.0: PME# supported from D0 D1 D2 D3hot D3cold
[    0.202869] PCI: bus1: Fast back to back transfers disabled
[    0.202882] pci_bus 0000:01: busn_res: [bus 01-ff] end is updated to 01
[    0.202894] Disabling cpuidle LP2 state, since PCIe IRQs are in use
[    0.202950] pci 0000:00:01.0: BAR 8: assigned [mem 0xa0000000-0xa00fffff]
[    0.202962] pci 0000:00:01.0: BAR 9: assigned [mem 0xa8000000-0xa80fffff 64bit pref]
[    0.202971] pci 0000:00:01.0: BAR 7: assigned [io  0x1000-0x1fff]
[    0.202984] pci 0000:01:00.0: BAR 6: assigned [mem 0xa0000000-0xa001ffff pref]
[    0.202993] pci 0000:01:00.0: BAR 4: assigned [mem 0xa8000000-0xa8003fff 64bit pref]
[    0.203010] pci 0000:01:00.0: BAR 2: assigned [mem 0xa8004000-0xa8004fff 64bit pref]
[    0.203026] pci 0000:01:00.0: BAR 0: assigned [io  0x1000-0x10ff]
[    0.203037] pci 0000:00:01.0: PCI bridge to [bus 01]
[    0.203045] pci 0000:00:01.0:   bridge window [io  0x1000-0x1fff]
[    0.203053] pci 0000:00:01.0:   bridge window [mem 0xa0000000-0xa00fffff]
[    0.203061] pci 0000:00:01.0:   bridge window [mem 0xa8000000-0xa80fffff 64bit pref]
[    0.203081] pci 0000:00:01.0: nv_msi_ht_cap_quirk didn't locate host bridge
[    0.203145] pcieport 0000:00:01.0: enabling device (0140 -> 0143)
[    0.203294] pcieport 0000:00:01.0: Signaling PME through PCIe PME interrupt
[    0.203302] pci 0000:01:00.0: Signaling PME through PCIe PME interrupt
[    0.203311] pcie_pme 0000:00:01.0:pcie01: service driver pcie_pme loaded
[    0.207325] tegra-apbdma 6000a000.dma: Tegra20 APB DMA driver register 16 channels
[    0.253353] Serial: 8250/16550 driver, 4 ports, IRQ sharing disabled
[    0.255688] console [ttyS0] disabled
[    0.255721] 70006000.serial: ttyS0 at MMIO 0x70006000 (irq = 279, base_baud = 13500000) is a Tegra
[    1.200165] console [ttyS0] enabled
[    1.204261] SuperH (H)SCI(F) driver initialized
[    1.209541] msm_serial: driver initialized
[    1.213803] STMicroelectronics ASC driver initialized
[    1.220634] [drm] Initialized drm 1.1.0 20060810
[    1.227355] 54280000.hdmi supply hdmi not found, using dummy regulator
[    1.236922] [drm] Supports vblank timestamp caching Rev 2 (21.10.2013).
[    1.243550] [drm] No driver support for vblank timestamp query.
[    1.249493] drm drm: No connectors reported connected with modes
[    1.255502] [drm] Cannot find any crtc or sizes - going 1024x768
[    1.277592] Console: switching to colour frame buffer device 128x48
[    1.292287] drm drm: fb0:  frame buffer device
[    1.307847] [drm] Initialized tegra 0.0.0 20120330 on minor 0
[    1.322201] brd: module loaded
[    1.329441] loop: module loaded
[    1.338119] m25p80 spi32766.0: found s25fl008k, expected w25q80bl
[    1.344221] m25p80 spi32766.0: s25fl008k (1024 Kbytes)
[    1.351738] libphy: Fixed MDIO Bus: probed
[    1.356379] CAN device driver interface
[    1.361685] igb: Intel(R) Gigabit Ethernet Network Driver - version 5.3.0-k
[    1.368645] igb: Copyright (c) 2007-2014 Intel Corporation.
[    1.374756] r8169 Gigabit Ethernet driver 2.3LK-NAPI loaded
[    1.380353] r8169 0000:01:00.0: enabling device (0140 -> 0143)
[    1.386954] r8169 0000:01:00.0 eth0: RTL8168d/8111d at 0xf0878000, 00:01:c0:13:7d:63, XID 081000c0 IRQ 296
[    1.396610] r8169 0000:01:00.0 eth0: jumbo features [frames: 9200 bytes, tx checksumming: ko]
[    1.407094] pegasus: v0.9.3 (2013/04/25), Pegasus/Pegasus II USB Ethernet driver
[    1.414547] usbcore: registered new interface driver pegasus
[    1.420262] usbcore: registered new interface driver asix
[    1.425700] usbcore: registered new interface driver ax88179_178a
[    1.431829] usbcore: registered new interface driver cdc_ether
[    1.437711] usbcore: registered new interface driver smsc75xx
[    1.443511] usbcore: registered new interface driver smsc95xx
[    1.449293] usbcore: registered new interface driver net1080
[    1.454989] usbcore: registered new interface driver cdc_subset
[    1.460949] usbcore: registered new interface driver zaurus
[    1.466588] usbcore: registered new interface driver cdc_ncm
[    1.472540] tegra-phy c5004000.usb-phy: no vbus regulator
[    1.479034] tegra-phy c5008000.usb-phy: no vbus regulator
[    1.485692] ehci_hcd: USB 2.0 'Enhanced' Host Controller (EHCI) Driver
[    1.492227] ehci-pci: EHCI PCI platform driver
[    1.496712] ehci-platform: EHCI generic platform driver
[    1.502100] ehci-omap: OMAP-EHCI Host Controller driver
[    1.507436] ehci-orion: EHCI orion driver
[    1.511557] SPEAr-ehci: EHCI SPEAr driver
[    1.515679] ehci-st: EHCI STMicroelectronics driver
[    1.520669] ehci-exynos: EHCI EXYNOS driver
[    1.524989] ehci-atmel: EHCI Atmel driver
[    1.529112] tegra-ehci: Tegra EHCI driver
[    1.554042] ulpi_phy_power_on: ulpi write failed
[    1.558664] tegra-ehci c5004000.usb: Failed to power on the phy
[    1.564592] tegra-ehci: probe of c5004000.usb failed with error -110
[    1.573583] tegra-ehci c5008000.usb: EHCI Host Controller
[    1.578997] tegra-ehci c5008000.usb: new USB bus registered, assigned bus number 1
[    1.586806] tegra-ehci c5008000.usb: irq 290, io mem 0xc5008000
[    1.597854] tegra-ehci c5008000.usb: USB 2.0 started, EHCI 1.00
[    1.604383] hub 1-0:1.0: USB hub found
[    1.608176] hub 1-0:1.0: 1 port detected
[    1.612414] ohci_hcd: USB 1.1 'Open' Host Controller (OHCI) Driver
[    1.618614] ohci-pci: OHCI PCI platform driver
[    1.623112] ohci-platform: OHCI generic platform driver
[    1.628499] ohci-omap3: OHCI OMAP3 driver
[    1.632607] SPEAr-ohci: OHCI SPEAr driver
[    1.636738] ohci-st: OHCI STMicroelectronics driver
[    1.641736] ohci-atmel: OHCI Atmel driver
[    1.646369] usbcore: registered new interface driver usb-storage
[    1.653717] mousedev: PS/2 mouse device common for all mice
[    1.661256] rtc-em3027 2-0056: rtc core: registered rtc-em3027 as rtc0
[    1.669014] tegra_rtc 7000e000.rtc: rtc core: registered 7000e000.rtc as rtc1
[    1.676182] tegra_rtc 7000e000.rtc: Tegra internal Real Time Clock
[    1.682813] i2c /dev entries driver
[    1.694579] sdhci: Secure Digital Host Controller Interface driver
[    1.700771] sdhci: Copyright(c) Pierre Ossman
[    1.706330] Synopsys Designware Multimedia Card Interface Driver
[    1.713202] sdhci-pltfm: SDHCI platform and OF driver helper
[    1.719692] mmc0: Invalid maximum block size, assuming 512 bytes
[    1.752856] mmc0: SDHCI controller on c8000000.sdhci [c8000000.sdhci] using ADMA
[    1.760351] sdhci-tegra c8000600.sdhci: Got CD GPIO
[    1.765243] sdhci-tegra c8000600.sdhci: Got WP GPIO
[    1.770276] mmc1: Invalid maximum block size, assuming 512 bytes
[    1.802939] mmc1: SDHCI controller on c8000600.sdhci [c8000600.sdhci] using ADMA
[    1.811671] ledtrig-cpu: registered to indicate activity on CPUs
[    1.818104] usbcore: registered new interface driver usbhid
[    1.823678] usbhid: USB HID core driver
[    1.831965] NET: Registered protocol family 10
[    1.837174] sit: IPv6 over IPv4 tunneling driver
[    1.842283] NET: Registered protocol family 17
[    1.846750] can: controller area network core (rev 20120528 abi 9)
[    1.852973] NET: Registered protocol family 29
[    1.857411] can: raw protocol (rev 20120528)
[    1.861689] can: broadcast manager protocol (rev 20120528 t)
[    1.867353] can: netlink gateway (rev 20130117) max_hops=1
[    1.873185] Key type dns_resolver registered
[    1.877816] ThumbEE CPU extension supported.
[    1.882108] Registering SWP/SWPB emulation handler
[    1.891717] utmi_phy_clk_enable: timeout waiting for phy to stabilize
[    1.898198] tegra-ehci c5000000.usb: EHCI Host Controller
[    1.903615] tegra-ehci c5000000.usb: new USB bus registered, assigned bus number 2
[    1.911468] tegra-ehci c5000000.usb: irq 288, io mem 0xc5000000
[    1.927859] usb 1-1: new high-speed USB device number 2 using tegra-ehci
[    1.942853] tegra-ehci c5000000.usb: USB 2.0 started, EHCI 1.00
[    1.949418] hub 2-0:1.0: USB hub found
[    1.953248] hub 2-0:1.0: 1 port detected
[    1.958124] input: gpio-keys as /devices/soc0/gpio-keys/input/input0
[    1.965030] rtc-em3027 2-0056: setting system clock to 2014-12-28 11:07:17 UTC (1419764837)
[    1.977437] Waiting for root device PARTUUID=11eb23c1-01...
[    1.984942] mmc0: host does not support reading read-only switch, assuming write-enable
[    1.994750] mmc0: new high speed SDHC card at address b368
[    2.000641] mmcblk0: mmc0:b368 NCard 3.70 GiB 
[    2.007624]  mmcblk0: p1
[    2.013890] mmc1: new high speed SD card at address b368
[    2.019681] mmcblk1: mmc1:b368 NCard 1.83 GiB (ro)
[    2.027164]  mmcblk1: p1 p2
[    2.074166] hub 1-1:1.0: USB hub found
[    2.078076] hub 1-1:1.0: 4 ports detected
[    2.088719] EXT4-fs (mmcblk0p1): mounting ext3 file system using the ext4 subsystem
[    2.176666] EXT4-fs (mmcblk0p1): recovery complete
[    2.181487] EXT4-fs (mmcblk0p1): mounted filesystem with ordered data mode. Opts: (null)
[    2.189634] VFS: Mounted root (ext3 filesystem) on device 179:1.
[    2.199161] devtmpfs: mounted
[    2.204811] Freeing unused kernel memory: 2048K (c1100000 - c1300000)
[    2.377959] usb 1-1.2: new high-speed USB device number 3 using tegra-ehci
bash: cannot set terminal process group (-1): Inappropriate ioctl for device
bash: no job control in this shell
root@(none):/# mount -t sysfs none /sys
root@(none):/# 
root@(none):/# mount -t debugfs none /sys/kernel/debug
root@(none):/# 
root@(none):/# rtcwake -d rtc1 -m mem -s 3
rtcwake: assuming RTC uses UTC ...
rtcwake: wakeup from "mem" using /dev/rtc1 at Thu Jan  1 00:00:23 1970
[    6.453958] PM: Syncing filesystems ... done.
[    6.500419] Freezing user space processes ... (elapsed 0.001 seconds) done.
[    6.508964] Freezing remaining freezable tasks ... (elapsed 0.001 seconds) done.
[    6.518048] Suspending console(s) (use no_console_suspend to debug)
[    6.554885] PM: suspend of devices complete after 27.922 msecs
[    6.558523] PM: late suspend of devices complete after 3.606 msecs
[    6.573473] PM: noirq suspend of devices complete after 14.920 msecs
[    6.573484] Disabling non-boot CPUs ...
[    6.575291] CPU1: shutdown
[    6.590966] Entering suspend state LP1
[    6.591017] Enabling non-boot CPUs ...
[    6.617105] CPU1 is up
[    6.618129] pcieport 0000:00:01.0: nv_msi_ht_cap_quirk didn't locate host bridge
[    6.633133] PM: noirq resume of devices complete after 15.994 msecs
[    6.636704] PM: early resume of devices complete after 2.842 msecs
[    6.701406] PM: resume of devices complete after 64.668 msecs
[    6.765562] Restarting tasks ... done.
root@(none):/# 
root@(none):/# rtcwake -d rtc1 -m mem -s 3
rtcwake: assuming RTC uses UTC ...
rtcwake: wakeup from "mem" using /dev/rtc1 at Thu Jan  1 00:00:27 1970
[    7.348551] PM: Syncing filesystems ... done.
[    7.381323] Freezing user space processes ... (elapsed 0.001 seconds) done.
[    7.389741] Freezing remaining freezable tasks ... (elapsed 0.001 seconds) done.
[    7.398643] Suspending console(s) (use no_console_suspend to debug)
[    7.425911] PM: suspend of devices complete after 19.126 msecs
[    7.429459] PM: late suspend of devices complete after 3.517 msecs
[    7.448410] PM: noirq suspend of devices complete after 18.919 msecs
[    7.448421] Disabling non-boot CPUs ...
[    7.450225] CPU1: shutdown
[    7.475921] Entering suspend state LP1
[    7.475970] Enabling non-boot CPUs ...
[    7.502052] CPU1 is up
[    7.503434] pcieport 0000:00:01.0: nv_msi_ht_cap_quirk didn't locate host bridge
[    7.518090] PM: noirq resume of devices complete after 16.005 msecs
[    7.521726] PM: early resume of devices complete after 2.910 msecs
[    7.586170] PM: resume of devices complete after 64.411 msecs
[    7.650314] Restarting tasks ... done.
root@(none):/# 
root@(none):/# rtcwake -d rtc1 -m mem -s 3
rtcwake: assuming RTC uses UTC ...
rtcwake: wakeup from "mem" using /dev/rtc1 at Thu Jan  1 00:00:31 1970
[    8.233543] PM: Syncing filesystems ... done.
[    8.266289] Freezing user space processes ... (elapsed 0.001 seconds) done.
[    8.274718] Freezing remaining freezable tasks ... (elapsed 0.001 seconds) done.
[    8.283621] Suspending console(s) (use no_console_suspend to debug)
[    8.310278] PM: suspend of devices complete after 18.516 msecs
[    8.313844] PM: late suspend of devices complete after 3.534 msecs
[    8.328386] PM: noirq suspend of devices complete after 14.511 msecs
[    8.328397] Disabling non-boot CPUs ...
[    8.330295] CPU1: shutdown
[    8.355846] Entering suspend state LP1
[    8.355895] Enabling non-boot CPUs ...
[    8.381976] CPU1 is up
[    8.382774] pcieport 0000:00:01.0: nv_msi_ht_cap_quirk didn't locate host bridge
[    8.397992] PM: noirq resume of devices complete after 15.982 msecs
[    8.401652] PM: early resume of devices complete after 2.942 msecs
[    8.461191] PM: resume of devices complete after 59.506 msecs
[    8.525389] Restarting tasks ... done.
root@(none):/# 
root@(none):/# rtcwake -d rtc1 -m mem -s 3
rtcwake: assuming RTC uses UTC ...
rtcwake: wakeup from "mem" using /dev/rtc1 at Thu Jan  1 00:00:35 1970
[    9.113248] PM: Syncing filesystems ... done.
[    9.145999] Freezing user space processes ... (elapsed 0.001 seconds) done.
[    9.154417] Freezing remaining freezable tasks ... (elapsed 0.001 seconds) done.
[    9.163317] Suspending console(s) (use no_console_suspend to debug)
[    9.189961] PM: suspend of devices complete after 18.495 msecs
[    9.193544] PM: late suspend of devices complete after 3.552 msecs
[    9.208285] PM: noirq suspend of devices complete after 14.710 msecs
[    9.208296] Disabling non-boot CPUs ...
[    9.210105] CPU1: shutdown
[    9.235795] Entering suspend state LP1
[    9.235845] Enabling non-boot CPUs ...
[    9.261934] CPU1 is up
[    9.262755] pcieport 0000:00:01.0: nv_msi_ht_cap_quirk didn't locate host bridge
[    9.277904] PM: noirq resume of devices complete after 15.937 msecs
[    9.281337] PM: early resume of devices complete after 2.895 msecs
[    9.341093] PM: resume of devices complete after 59.723 msecs
[    9.405207] Restarting tasks ... done.
root@(none):/# 
root@(none):/# rtcwake -d rtc1 -m mem -s 3
rtcwake: assuming RTC uses UTC ...
rtcwake: wakeup from "mem" using /dev/rtc1 at Thu Jan  1 00:00:39 1970
[    9.996297] PM: Syncing filesystems ... done.
[   10.041729] Freezing user space processes ... (elapsed 0.001 seconds) done.
[   10.050342] Freezing remaining freezable tasks ... (elapsed 0.001 seconds) done.
[   10.059474] Suspending console(s) (use no_console_suspend to debug)
[   10.095365] PM: suspend of devices complete after 26.928 msecs
[   10.098967] PM: late suspend of devices complete after 3.571 msecs
[   10.113275] PM: noirq suspend of devices complete after 14.278 msecs
[   10.113287] Disabling non-boot CPUs ...
[   10.115107] CPU1: shutdown
[   10.140734] Entering suspend state LP1
[   10.140785] Enabling non-boot CPUs ...
[   10.166870] CPU1 is up
[   10.168219] pcieport 0000:00:01.0: nv_msi_ht_cap_quirk didn't locate host bridge
[   10.182876] PM: noirq resume of devices complete after 15.972 msecs
[   10.186559] PM: early resume of devices complete after 2.960 msecs
[   10.251068] PM: resume of devices complete after 64.475 msecs
[   10.315243] Restarting tasks ... done.
root@(none):/# 
root@(none):/# rtcwake -d rtc1 -m mem -s 3
rtcwake: assuming RTC uses UTC ...
rtcwake: wakeup from "mem" using /dev/rtc1 at Thu Jan  1 00:00:43 1970
[   10.898247] PM: Syncing filesystems ... done.
[   10.930990] Freezing user space processes ... (elapsed 0.001 seconds) done.
[   10.939408] Freezing remaining freezable tasks ... (elapsed 0.001 seconds) done.
[   10.948311] Suspending console(s) (use no_console_suspend to debug)
[   10.976626] PM: suspend of devices complete after 20.180 msecs
[   10.980195] PM: late suspend of devices complete after 3.537 msecs
[   10.998187] PM: noirq suspend of devices complete after 17.960 msecs
[   10.998198] Disabling non-boot CPUs ...
[   11.000112] CPU1: shutdown
[   11.025675] Entering suspend state LP1
[   11.025724] Enabling non-boot CPUs ...
[   11.051823] CPU1 is up
[   11.053158] pcieport 0000:00:01.0: nv_msi_ht_cap_quirk didn't locate host bridge
[   11.067840] PM: noirq resume of devices complete after 15.983 msecs
[   11.071494] PM: early resume of devices complete after 2.925 msecs
[   11.136030] PM: resume of devices complete after 64.502 msecs
[   11.200181] Restarting tasks ... done.
root@(none):/# 
root@(none):/# rtcwake -d rtc1 -m mem -s 3
rtcwake: assuming RTC uses UTC ...
rtcwake: wakeup from "mem" using /dev/rtc1 at Thu Jan  1 00:00:47 1970
[   11.780206] PM: Syncing filesystems ... done.
[   11.825631] Freezing user space processes ... (elapsed 0.001 seconds) done.
[   11.834232] Freezing remaining freezable tasks ... (elapsed 0.001 seconds) done.
[   11.843370] Suspending console(s) (use no_console_suspend to debug)
[   11.879200] PM: suspend of devices complete after 26.972 msecs
[   11.882849] PM: late suspend of devices complete after 3.617 msecs
[   11.898086] PM: noirq suspend of devices complete after 15.206 msecs
[   11.898097] Disabling non-boot CPUs ...
[   11.899922] CPU1: shutdown
[   11.915618] Entering suspend state LP1
[   11.915668] Enabling non-boot CPUs ...
[   11.941764] CPU1 is up
[   11.943173] pcieport 0000:00:01.0: nv_msi_ht_cap_quirk didn't locate host bridge
[   11.957755] PM: noirq resume of devices complete after 15.956 msecs
[   11.961445] PM: early resume of devices complete after 2.963 msecs
[   12.025893] PM: resume of devices complete after 64.414 msecs
[   12.090060] Restarting tasks ... done.
root@(none):/# 
root@(none):/# rtcwake -d rtc1 -m mem -s 3
rtcwake: assuming RTC uses UTC ...
rtcwake: wakeup from "mem" using /dev/rtc1 at Thu Jan  1 00:00:51 1970
[   12.673067] PM: Syncing filesystems ... done.
[   12.705846] Freezing user space processes ... (elapsed 0.001 seconds) done.
[   12.714261] Freezing remaining freezable tasks ... (elapsed 0.001 seconds) done.
[   12.723168] Suspending console(s) (use no_console_suspend to debug)
[   12.751437] PM: suspend of devices complete after 20.132 msecs
[   12.754986] PM: late suspend of devices complete after 3.518 msecs
[   12.773060] PM: noirq suspend of devices complete after 18.044 msecs
[   12.773070] Disabling non-boot CPUs ...
[   12.774976] CPU1: shutdown
[   12.800553] Entering suspend state LP1
[   12.800602] Enabling non-boot CPUs ...
[   12.826715] CPU1 is up
[   12.827885] pcieport 0000:00:01.0: nv_msi_ht_cap_quirk didn't locate host bridge
[   12.842717] PM: noirq resume of devices complete after 15.968 msecs
[   12.846350] PM: early resume of devices complete after 2.905 msecs
[   12.910895] PM: resume of devices complete after 64.512 msecs
[   12.975038] Restarting tasks ... done.
root@(none):/# 
root@(none):/# rtcwake -d rtc1 -m mem -s 3
rtcwake: assuming RTC uses UTC ...
rtcwake: wakeup from "mem" using /dev/rtc1 at Thu Jan  1 00:00:55 1970
[   13.558045] PM: Syncing filesystems ... done.
[   13.590818] Freezing user space processes ... (elapsed 0.001 seconds) done.
[   13.599240] Freezing remaining freezable tasks ... (elapsed 0.001 seconds) done.
[   13.608144] Suspending console(s) (use no_console_suspend to debug)
[   13.634766] PM: suspend of devices complete after 18.479 msecs
[   13.638412] PM: late suspend of devices complete after 3.615 msecs
[   13.653006] PM: noirq suspend of devices complete after 14.563 msecs
[   13.653017] Disabling non-boot CPUs ...
[   13.654916] CPU1: shutdown
[   13.680561] Entering suspend state LP1
[   13.680611] Enabling non-boot CPUs ...
[   13.706645] CPU1 is up
[   13.707998] pcieport 0000:00:01.0: nv_msi_ht_cap_quirk didn't locate host bridge
[   13.722657] PM: noirq resume of devices complete after 15.977 msecs
[   13.726308] PM: early resume of devices complete after 2.914 msecs
[   13.790771] PM: resume of devices complete after 64.430 msecs
[   13.854917] Restarting tasks ... done.
root@(none):/# 
root@(none):/# rtcwake -d rtc1 -m mem -s 3
rtcwake: assuming RTC uses UTC ...
rtcwake: wakeup from "mem" using /dev/rtc1 at Thu Jan  1 00:00:59 1970
[   14.442826] PM: Syncing filesystems ... done.
[   14.475587] Freezing user space processes ... (elapsed 0.001 seconds) done.
[   14.484017] Freezing remaining freezable tasks ... (elapsed 0.001 seconds) done.
[   14.492919] Suspending console(s) (use no_console_suspend to debug)
[   14.520186] PM: suspend of devices complete after 19.137 msecs
[   14.523816] PM: late suspend of devices complete after 3.598 msecs
[   14.537966] PM: noirq suspend of devices complete after 14.120 msecs
[   14.537977] Disabling non-boot CPUs ...
[   14.539779] CPU1: shutdown
[   14.565446] Entering suspend state LP1
[   14.565495] Enabling non-boot CPUs ...
[   14.591561] CPU1 is up
[   14.592371] pcieport 0000:00:01.0: nv_msi_ht_cap_quirk didn't locate host bridge
[   14.607535] PM: noirq resume of devices complete after 15.941 msecs
[   14.610920] PM: early resume of devices complete after 2.849 msecs
[   14.673313] PM: resume of devices complete after 62.358 msecs
[   14.736810] Restarting tasks ... done.
root@(none):/# 
root@(none):/# NVTB SYSTEM SUSPEND TEST COMPLETE
