
U-Boot SPL 2014.01-00219-gc4d376f (Feb 18 2014 - 19:57:18)


U-Boot 2014.01-00219-gc4d376f (Feb 18 2014 - 19:57:18)

TEGRA30
Board: NVIDIA Beaver
I2C:   ready
DRAM:  2 GiB
MMC:   Tegra SD/MMC: 0, Tegra SD/MMC: 1
In:    serial
Out:   serial
Err:   serial
Net:   Net Initialization Skipped
No ethernet found.
Hit any key to stop autoboot:  2  0 
Tegra30 (Beaver) # 
Tegra30 (Beaver) # usb reset
(Re)start USB...
USB0:   USB EHCI 1.00
scanning bus 0 for devices... 2 USB Device(s) found
       scanning usb for storage devices... 0 Storage Device(s) found
       scanning usb for ethernet devices... 
Warning: asx0 using MAC address from net device
1 Ethernet Device(s) found
Tegra30 (Beaver) # setenv bootargs 'ignore_loglevel console=ttyS0,115200n8 rw root=PARTUUID=edbe1840-3633-c751-7993-b0ac834f81e0 rootwait gpt debug noinitrd earlyprintk init=/bin/bash'
Tegra30 (Beaver) # setenv ipaddr 192.168.100.101; setenv serverip 192.168.100.1; setenv tftpserverip 192.168.100.1
Tegra30 (Beaver) # tftpboot 0x81000000 zImage.multi_v7_defconfig
Using asx0 device
TFTP from server 192.168.100.1; our IP address is 192.168.100.101
Filename 'zImage.multi_v7_defconfig'.
Load address: 0x81000000
Loading: *#################################################################
	 #################################################################
	 #################################################################
	 #################################################################
	 #################################################################
	 #################################################################
	 #################################################################
	 #################################################################
	 ###################
	 3.2 MiB/s
done
Bytes transferred = 7909912 (78b218 hex)
Tegra30 (Beaver) # tftpboot 0x82000000 tegra30-beaver.dtb
Using asx0 device
TFTP from server 192.168.100.1; our IP address is 192.168.100.101
Filename 'tegra30-beaver.dtb'.
Load address: 0x82000000
Loading: *####
	 2 MiB/s
done
Bytes transferred = 51804 (ca5c hex)
Tegra30 (Beaver) # bootz 0x81000000 - 0x82000000
Kernel image @ 0x81000000 [ 0x000000 - 0x78b218 ]
## Flattened Device Tree blob at 82000000
   Booting using the fdt blob at 0x82000000
   Loading Device Tree to 8fff0000, end 8ffffa5b ... OK

Starting kernel ...

[    0.000000] Booting Linux on physical CPU 0x0
[    0.000000] Linux version 4.12.0-rc3-next-20170601-175584-g3ab334e (jonathanh@sellafield) (gcc version 4.7.3 20130328 (prerelease) (crosstool-NG linaro-1.13.1-4.7-2013.04-20130415 - Linaro GCC 2013.04) ) #1 SMP Wed May 31 22:50:13 PDT 2017
[    0.000000] CPU: ARMv7 Processor [412fc099] revision 9 (ARMv7), cr=10c5387d
[    0.000000] CPU: PIPT / VIPT nonaliasing data cache, VIPT aliasing instruction cache
[    0.000000] OF: fdt: Machine model: NVIDIA Tegra30 Beaver evaluation board
[    0.000000] debug: ignoring loglevel setting.
[    0.000000] Memory policy: Data cache writealloc
[    0.000000] efi: Getting EFI parameters from FDT:
[    0.000000] efi: UEFI not found.
[    0.000000] cma: Reserved 64 MiB at 0xfb800000
[    0.000000] On node 0 totalpages: 524032
[    0.000000] free_area_init_node: node 0, pgdat c157c3c0, node_mem_map eeff8000
[    0.000000]   DMA zone: 1536 pages used for memmap
[    0.000000]   DMA zone: 0 pages reserved
[    0.000000]   DMA zone: 196608 pages, LIFO batch:31
[    0.000000]   HighMem zone: 327424 pages, LIFO batch:31
[    0.000000] percpu: Embedded 17 pages/cpu @eef88000 s39232 r8192 d22208 u69632
[    0.000000] pcpu-alloc: s39232 r8192 d22208 u69632 alloc=17*4096
[    0.000000] pcpu-alloc: [0] 0 [0] 1 [0] 2 [0] 3 
[    0.000000] Built 1 zonelists in Zone order, mobility grouping on.  Total pages: 522496
[    0.000000] Kernel command line: ignore_loglevel console=ttyS0,115200n8 rw root=PARTUUID=edbe1840-3633-c751-7993-b0ac834f81e0 rootwait gpt debug noinitrd earlyprintk init=/bin/bash
[    0.000000] PID hash table entries: 4096 (order: 2, 16384 bytes)
[    0.000000] Dentry cache hash table entries: 131072 (order: 7, 524288 bytes)
[    0.000000] Inode-cache hash table entries: 65536 (order: 6, 262144 bytes)
[    0.000000] Memory: 1993480K/2096128K available (10240K kernel code, 1552K rwdata, 4380K rodata, 2048K init, 401K bss, 37112K reserved, 65536K cma-reserved, 1244160K highmem)
[    0.000000] Virtual kernel memory layout:
[    0.000000]     vector  : 0xffff0000 - 0xffff1000   (   4 kB)
[    0.000000]     fixmap  : 0xffc00000 - 0xfff00000   (3072 kB)
[    0.000000]     vmalloc : 0xf0800000 - 0xff800000   ( 240 MB)
[    0.000000]     lowmem  : 0xc0000000 - 0xf0000000   ( 768 MB)
[    0.000000]     pkmap   : 0xbfe00000 - 0xc0000000   (   2 MB)
[    0.000000]     modules : 0xbf000000 - 0xbfe00000   (  14 MB)
[    0.000000]       .text : 0xc0208000 - 0xc0d00000   (11232 kB)
[    0.000000]       .init : 0xc1200000 - 0xc1400000   (2048 kB)
[    0.000000]       .data : 0xc1400000 - 0xc1584030   (1553 kB)
[    0.000000]        .bss : 0xc158dcd4 - 0xc15f2198   ( 402 kB)
[    0.000000] SLUB: HWalign=64, Order=0-3, MinObjects=0, CPUs=4, Nodes=1
[    0.000000] Hierarchical RCU implementation.
[    0.000000] 	RCU event tracing is enabled.
[    0.000000] 	RCU restricting CPUs from NR_CPUS=16 to nr_cpu_ids=4.
[    0.000000] RCU: Adjusting geometry for rcu_fanout_leaf=16, nr_cpu_ids=4
[    0.000000] NR_IRQS: 16, nr_irqs: 16, preallocated irqs: 16
[    0.000000] /interrupt-controller@60004000: 160 interrupts forwarded to /interrupt-controller@50041000
[    0.000000] L2C: platform modifies aux control register: 0x02080000 -> 0x3e480001
[    0.000000] L2C: DT/platform modifies aux control register: 0x02080000 -> 0x3e480001
[    0.000000] L2C-310 erratum 769419 enabled
[    0.000000] L2C-310 enabling early BRESP for Cortex-A9
[    0.000000] L2C-310: enabling full line of zeros but not enabled in Cortex-A9
[    0.000000] L2C-310 dynamic clock gating enabled, standby mode enabled
[    0.000000] L2C-310 cache controller enabled, 8 ways, 1024 kB
[    0.000000] L2C-310: CACHE_ID 0x410000c7, AUX_CTRL 0x4e480001
[    0.000013] sched_clock: 32 bits at 1000kHz, resolution 1000ns, wraps every 2147483647500ns
[    0.000030] clocksource: timer_us: mask: 0xffffffff max_cycles: 0xffffffff, max_idle_ns: 1911260446275 ns
[    0.000039] Switching to timer-based delay loop, resolution 1000ns
[    0.002828] Console: colour dummy device 80x30
[    0.002860] Calibrating delay loop (skipped), value calculated using timer frequency.. 2.00 BogoMIPS (lpj=10000)
[    0.002870] pid_max: default: 32768 minimum: 301
[    0.002940] Mount-cache hash table entries: 2048 (order: 1, 8192 bytes)
[    0.002949] Mountpoint-cache hash table entries: 2048 (order: 1, 8192 bytes)
[    0.003333] CPU: Testing write buffer coherency: ok
[    0.003648] CPU0: thread -1, cpu 0, socket 0, mpidr 80000000
[    0.003870] Setting up static identity map for 0x80300000 - 0x803000a0
[    0.005168] Hierarchical SRCU implementation.
[    0.006465] Tegra Revision: A03 SKU: 128 CPU Process: 4 SoC Process: 0
[    0.007020] EFI services will not be available.
[    0.007175] smp: Bringing up secondary CPUs ...
[    0.010380] CPU1: thread -1, cpu 1, socket 0, mpidr 80000001
[    0.020351] CPU2: thread -1, cpu 2, socket 0, mpidr 80000002
[    0.030335] CPU3: thread -1, cpu 3, socket 0, mpidr 80000003
[    0.030390] smp: Brought up 1 node, 4 CPUs
[    0.030402] SMP: Total of 4 processors activated (8.00 BogoMIPS).
[    0.030407] CPU: All CPU(s) started in SVC mode.
[    0.031105] devtmpfs: initialized
[    0.039535] VFP support v0.3: implementor 41 architecture 3 part 30 variant 9 rev 4
[    0.040026] clocksource: jiffies: mask: 0xffffffff max_cycles: 0xffffffff, max_idle_ns: 19112604462750000 ns
[    0.040043] futex hash table entries: 1024 (order: 4, 65536 bytes)
[    0.043390] pinctrl core: initialized pinctrl subsystem
[    0.045133] NET: Registered protocol family 16
[    0.048054] DMA: preallocated 256 KiB pool for atomic coherent allocations
[    0.049778] cpuidle: using governor menu
[    0.064052] No ATAGs?
[    0.064153] hw-breakpoint: found 5 (+1 reserved) breakpoint and 1 watchpoint registers.
[    0.064164] hw-breakpoint: maximum watchpoint size is 4 bytes.
[    0.068476] Serial: AMBA PL011 UART driver
[    0.068961] tegra-mc 7000f000.memory-controller: no memory timings for RAM code 3 registered
[    0.078316] AT91: Could not find identification node
[    0.078805] vdd_5v_sata: Failed to request enable GPIO30: -517
[    0.078819] reg-fixed-voltage regulators:regulator@3: Failed to register regulator: -517
[    0.078865] usb1_vbus: Failed to request enable GPIO238: -517
[    0.078873] reg-fixed-voltage regulators:regulator@4: Failed to register regulator: -517
[    0.078920] usb3_vbus: Failed to request enable GPIO236: -517
[    0.078928] reg-fixed-voltage regulators:regulator@5: Failed to register regulator: -517
[    0.079027] sys_3v3_pexs: Failed to request enable GPIO95: -517
[    0.079034] reg-fixed-voltage regulators:regulator@7: Failed to register regulator: -517
[    0.080881] vgaarb: loaded
[    0.081346] SCSI subsystem initialized
[    0.081482] libata version 3.00 loaded.
[    0.081639] usbcore: registered new interface driver usbfs
[    0.081674] usbcore: registered new interface driver hub
[    0.081707] usbcore: registered new device driver usb
[    0.088822] vrtc: supplied by vdd_5v_in
[    0.092117] vio: supplied by vdd_5v_in
[    0.101828] vdd1: supplied by vdd_5v_in
[    0.103186] vddio_ddr_1v2: Bringing 600000uV into 1200000-1200000uV
[    0.111837] vdd2: supplied by vdd_5v_in
[    0.131825] ldo1: supplied by vdd_1v5_gen
[    0.134206] ldo2: supplied by vdd_1v5_gen
[    0.134678] vdd_sata,avdd_plle: Bringing 1200000uV into 1050000-1050000uV
[    0.136918] ldo3: supplied by vdd_5v_in
[    0.139274] ldo4: supplied by vdd_5v_in
[    0.141829] ldo5: supplied by vdd_5v_in
[    0.151819] ldo6: supplied by vdd_1v8_gen
[    0.152289] avdd_dsi_csi,pwrdet_mipi: Bringing 1000000uV into 1200000-1200000uV
[    0.154546] ldo7: supplied by vdd_1v8_gen
[    0.161819] ldo8: supplied by vdd_1v8_gen
[    0.171947] pps_core: LinuxPPS API ver. 1 registered
[    0.171953] pps_core: Software ver. 5.3.6 - Copyright 2005-2007 Rodolfo Giometti <giometti@linux.it>
[    0.171967] PTP clock support registered
[    0.172108] EDAC MC: Ver: 3.0.0
[    0.173650] clocksource: Switched to clocksource timer_us
[    0.206132] NET: Registered protocol family 2
[    0.206559] TCP established hash table entries: 8192 (order: 3, 32768 bytes)
[    0.206614] TCP bind hash table entries: 8192 (order: 4, 65536 bytes)
[    0.206701] TCP: Hash tables configured (established 8192 bind 8192)
[    0.206838] UDP hash table entries: 512 (order: 2, 16384 bytes)
[    0.206900] UDP-Lite hash table entries: 512 (order: 2, 16384 bytes)
[    0.207066] NET: Registered protocol family 1
[    0.207393] RPC: Registered named UNIX socket transport module.
[    0.207401] RPC: Registered udp transport module.
[    0.207405] RPC: Registered tcp transport module.
[    0.207409] RPC: Registered tcp NFSv4.1 backchannel transport module.
[    0.207420] PCI: CLS 0 bytes, default 64
[    0.208217] hw perfevents: no interrupt-affinity property for /pmu, guessing.
[    0.208417] hw perfevents: enabled with armv7_cortex_a9 PMU driver, 7 counters available
[    0.209609] workingset: timestamp_bits=30 max_order=19 bucket_order=0
[    0.214631] squashfs: version 4.0 (2009/01/31) Phillip Lougher
[    0.215067] NFS: Registering the id_resolver key type
[    0.215091] Key type id_resolver registered
[    0.215095] Key type id_legacy registered
[    0.215125] ntfs: driver 2.1.32 [Flags: R/O].
[    0.216225] bounce: pool size: 64 pages
[    0.216260] Block layer SCSI generic (bsg) driver version 0.4 loaded (major 248)
[    0.216268] io scheduler noop registered
[    0.216272] io scheduler deadline registered
[    0.216292] io scheduler cfq registered (default)
[    0.216296] io scheduler mq-deadline registered
[    0.216300] io scheduler kyber registered
[    0.222430] tegra30-pinctrl 70000868.pinmux: invalid group "sdmmc3_dat6_pd3" for function "rsvd1"
[    0.222444] tegra30-pinctrl 70000868.pinmux: invalid group "sdmmc3_dat7_pd4" for function "rsvd1"
[    0.222458] tegra30-pinctrl 70000868.pinmux: invalid group "vi_vsync_pd6" for function "rsvd1"
[    0.222467] tegra30-pinctrl 70000868.pinmux: invalid group "vi_hsync_pd7" for function "rsvd1"
[    0.222928] tegra30-pinctrl 70000868.pinmux: invalid group "hdmi_int_pn7" for function "rsvd1"
[    0.222971] tegra30-pinctrl 70000868.pinmux: invalid group "ulpi_data3_po4" for function "rsvd1"
[    0.223306] tegra30-pinctrl 70000868.pinmux: invalid group "vi_d10_pt2" for function "rsvd1"
[    0.223318] tegra30-pinctrl 70000868.pinmux: invalid group "vi_d11_pt3" for function "rsvd1"
[    0.223330] tegra30-pinctrl 70000868.pinmux: invalid group "vi_d0_pt4" for function "rsvd1"
[    0.223371] tegra30-pinctrl 70000868.pinmux: invalid group "pu0" for function "rsvd1"
[    0.223400] tegra30-pinctrl 70000868.pinmux: invalid group "pu3" for function "rsvd1"
[    0.223430] tegra30-pinctrl 70000868.pinmux: invalid group "pu6" for function "rsvd1"
[    0.223470] tegra30-pinctrl 70000868.pinmux: invalid group "pv3" for function "rsvd1"
[    0.224015] tegra30-pinctrl 70000868.pinmux: invalid group "pbb0" for function "rsvd1"
[    0.224141] tegra30-pinctrl 70000868.pinmux: invalid group "pcc1" for function "rsvd1"
[    0.229266] tegra-pcie 3000.pcie-controller: 2x3 configuration
[    0.229416] tegra-pcie 3000.pcie-controller: Failed to get supply 'hvdd-pex': -517
[    0.235079] tegra-apbdma 6000a000.dma: Tegra20 APB DMA driver register 32 channels
[    0.236537] tegra-pmc 7000e400.pmc: i2c-thermtrip node not found, emergency thermal reset disabled.
[    0.269979] Serial: 8250/16550 driver, 4 ports, IRQ sharing disabled
[    0.272064] console [ttyS0] disabled
[    0.272104] 70006000.serial: ttyS0 at MMIO 0x70006000 (irq = 331, base_baud = 25500000) is a Tegra
[    1.299282] console [ttyS0] enabled
[    1.303297] SuperH (H)SCI(F) driver initialized
[    1.308394] msm_serial: driver initialized
[    1.312584] STMicroelectronics ASC driver initialized
[    1.321121] tegra-hdmi 54280000.hdmi: failed to get HDMI regulator
[    1.335768] brd: module loaded
[    1.344722] loop: module loaded
[    1.353353] m25p80 spi32766.1: w25q32 (4096 Kbytes)
[    1.360115] libphy: Fixed MDIO Bus: probed
[    1.364982] CAN device driver interface
[    1.369367] bgmac_bcma: Broadcom 47xx GBit MAC driver loaded
[    1.375788] e1000e: Intel(R) PRO/1000 Network Driver - 3.2.6-k
[    1.381603] e1000e: Copyright(c) 1999 - 2015 Intel Corporation.
[    1.387563] igb: Intel(R) Gigabit Ethernet Network Driver - version 5.4.0-k
[    1.394513] igb: Copyright (c) 2007-2014 Intel Corporation.
[    1.402043] pegasus: v0.9.3 (2013/04/25), Pegasus/Pegasus II USB Ethernet driver
[    1.409491] usbcore: registered new interface driver pegasus
[    1.415178] usbcore: registered new interface driver asix
[    1.420583] usbcore: registered new interface driver ax88179_178a
[    1.426689] usbcore: registered new interface driver cdc_ether
[    1.432533] usbcore: registered new interface driver smsc75xx
[    1.438299] usbcore: registered new interface driver smsc95xx
[    1.444059] usbcore: registered new interface driver net1080
[    1.449720] usbcore: registered new interface driver cdc_subset
[    1.455651] usbcore: registered new interface driver zaurus
[    1.461248] usbcore: registered new interface driver cdc_ncm
[    1.468334] ehci_hcd: USB 2.0 'Enhanced' Host Controller (EHCI) Driver
[    1.474857] ehci-pci: EHCI PCI platform driver
[    1.479314] ehci-platform: EHCI generic platform driver
[    1.484657] ehci-orion: EHCI orion driver
[    1.488744] SPEAr-ehci: EHCI SPEAr driver
[    1.492815] ehci-st: EHCI STMicroelectronics driver
[    1.497764] ehci-exynos: EHCI EXYNOS driver
[    1.502021] ehci-atmel: EHCI Atmel driver
[    1.506104] tegra-ehci: Tegra EHCI driver
[    1.510400] ohci_hcd: USB 1.1 'Open' Host Controller (OHCI) Driver
[    1.516586] ohci-pci: OHCI PCI platform driver
[    1.521045] ohci-platform: OHCI generic platform driver
[    1.526373] ohci-omap3: OHCI OMAP3 driver
[    1.530447] SPEAr-ohci: OHCI SPEAr driver
[    1.534532] ohci-st: OHCI STMicroelectronics driver
[    1.539470] ohci-atmel: OHCI Atmel driver
[    1.543911] usbcore: registered new interface driver usb-storage
[    1.552411] tegra_rtc 7000e000.rtc: rtc core: registered 7000e000.rtc as rtc1
[    1.559583] tegra_rtc 7000e000.rtc: Tegra internal Real Time Clock
[    1.568501] random: fast init done
[    1.581805] tps65910-rtc tps65910-rtc: rtc core: registered tps65910-rtc as rtc0
[    1.589400] i2c /dev entries driver
[    1.601075] sdhci: Secure Digital Host Controller Interface driver
[    1.607265] sdhci: Copyright(c) Pierre Ossman
[    1.612529] Synopsys Designware Multimedia Card Interface Driver
[    1.619271] sdhci-pltfm: SDHCI platform and OF driver helper
[    1.625468] sdhci-tegra 78000000.sdhci: Got CD GPIO
[    1.630341] sdhci-tegra 78000000.sdhci: Got WP GPIO
[    1.643515] mmc0: Invalid maximum block size, assuming 512 bytes
[    1.713738] mmc0: SDHCI controller on 78000000.sdhci [78000000.sdhci] using ADMA
[    1.730107] mmc1: Invalid maximum block size, assuming 512 bytes
[    1.793671] mmc1: SDHCI controller on 78000600.sdhci [78000600.sdhci] using ADMA
[    1.802367] ledtrig-cpu: registered to indicate activity on CPUs
[    1.808726] usbcore: registered new interface driver usbhid
[    1.814306] usbhid: USB HID core driver
[    1.821122] NET: Registered protocol family 10
[    1.826241] Segment Routing with IPv6
[    1.829956] sit: IPv6, IPv4 and MPLS over IPv4 tunneling driver
[    1.836294] NET: Registered protocol family 17
[    1.840730] can: controller area network core (rev 20170425 abi 9)
[    1.846949] NET: Registered protocol family 29
[    1.851381] can: raw protocol (rev 20170425)
[    1.855655] can: broadcast manager protocol (rev 20170425 t)
[    1.861303] can: netlink gateway (rev 20170425) max_hops=1
[    1.867066] Key type dns_resolver registered
[    1.871739] ThumbEE CPU extension supported.
[    1.876017] Registering SWP/SWPB emulation handler
[    1.890489] vdd_ddr: supplied by vdd_5v_in
[    1.895503] vdd_5v_sata: supplied by vdd_5v_in
[    1.900270] usb1_vbus: supplied by vdd_5v_in
[    1.904909] usb3_vbus: supplied by vdd_5v_in
[    1.910412] sys_3v3,vdd_3v3_alw: supplied by vdd_5v_in
[    1.916151] mmc1: new high speed MMC card at address 0001
[    1.916367] sys_3v3_pexs: supplied by sys_3v3,vdd_3v3_alw
[    1.916519] +VDD_5V_HDMI: supplied by sys_3v3,vdd_3v3_alw
[    1.917165] tegra-pcie 3000.pcie-controller: 2x3 configuration
[    1.919931] tegra-pcie 3000.pcie-controller: probing port 0, using 2 lanes
[    1.947029] mmcblk1: mmc1:0001 SEM16G 14.8 GiB 
[    1.953209] mmcblk1boot0: mmc1:0001 SEM16G partition 1 1.00 MiB
[    1.960365] mmcblk1boot1: mmc1:0001 SEM16G partition 2 1.00 MiB
[    1.968406] mmcblk1rpmb: mmc1:0001 SEM16G partition 3 128 KiB
[    1.978275] tegra-pcie 3000.pcie-controller: probing port 2, using 2 lanes
[    1.987492] mmc0: new ultra high speed DDR50 SDHC card at address aaaa
[    1.994255] Primary GPT is invalid, using alternate GPT.
[    1.999571]  mmcblk1: p1 p2 p3 p4 p5
[    2.004341] mmcblk0: mmc0:aaaa SS04G 3.69 GiB 
[    2.037466]  mmcblk0: p1 p2 p3
[    2.389090] tegra-pcie 3000.pcie-controller: link 2 down, retrying
[    2.799123] tegra-pcie 3000.pcie-controller: link 2 down, retrying
[    3.209137] tegra-pcie 3000.pcie-controller: link 2 down, retrying
[    3.217324] tegra-pcie 3000.pcie-controller: link 2 down, ignoring
[    3.223615] tegra-pcie 3000.pcie-controller: PCI host bridge to bus 0000:00
[    3.230580] pci_bus 0000:00: root bus resource [io  0x0000-0xffff]
[    3.236755] pci_bus 0000:00: root bus resource [mem 0x20000000-0x27ffffff]
[    3.243613] pci_bus 0000:00: root bus resource [mem 0x28000000-0x3fffffff pref]
[    3.250913] pci_bus 0000:00: root bus resource [bus 00-ff]
[    3.256415] pci 0000:00:01.0: [10de:0e1c] type 01 class 0x060400
[    3.262430] pci_bus 0000:00: 2-byte config write to 0000:00:01.0 offset 0x88 may corrupt adjacent RW1C bits
[    3.272180] pci_bus 0000:00: 2-byte config write to 0000:00:01.0 offset 0x52 may corrupt adjacent RW1C bits
[    3.281922] pci 0000:00:01.0: PME# supported from D0 D1 D2 D3hot D3cold
[    3.288531] pci_bus 0000:00: 2-byte config write to 0000:00:01.0 offset 0x4c may corrupt adjacent RW1C bits
[    3.298412] pci_bus 0000:00: 2-byte config write to 0000:00:01.0 offset 0x3e may corrupt adjacent RW1C bits
[    3.308146] pci_bus 0000:00: 2-byte config write to 0000:00:01.0 offset 0x4 may corrupt adjacent RW1C bits
[    3.317789] pci_bus 0000:00: 1-byte config write to 0000:00:01.0 offset 0xc may corrupt adjacent RW1C bits
[    3.327426] PCI: bus0: Fast back to back transfers disabled
[    3.332986] pci 0000:00:01.0: bridge configuration invalid ([bus 00-00]), reconfiguring
[    3.340979] pci_bus 0000:00: 2-byte config write to 0000:00:01.0 offset 0x3e may corrupt adjacent RW1C bits
[    3.350708] pci_bus 0000:00: 2-byte config write to 0000:00:01.0 offset 0x3e may corrupt adjacent RW1C bits
[    3.360435] pci_bus 0000:00: 2-byte config write to 0000:00:01.0 offset 0x3e may corrupt adjacent RW1C bits
[    3.370161] pci_bus 0000:00: 2-byte config write to 0000:00:01.0 offset 0x6 may corrupt adjacent RW1C bits
[    3.379902] pci 0000:01:00.0: [10ec:8168] type 00 class 0x020000
[    3.385924] pci 0000:01:00.0: reg 0x10: [io  0x0000-0x00ff]
[    3.391497] pci 0000:01:00.0: reg 0x18: [mem 0x00000000-0x00000fff 64bit pref]
[    3.398720] pci 0000:01:00.0: reg 0x20: [mem 0x00000000-0x00003fff 64bit pref]
[    3.406001] pci 0000:01:00.0: supports D1 D2
[    3.410258] pci 0000:01:00.0: PME# supported from D0 D1 D2 D3hot D3cold
[    3.443683] PCI: bus1: Fast back to back transfers disabled
[    3.449245] pci_bus 0000:01: busn_res: [bus 01-ff] end is updated to 01
[    3.455925] pci 0000:00:01.0: BAR 9: assigned [mem 0x28000000-0x280fffff 64bit pref]
[    3.463664] pci 0000:00:01.0: BAR 7: assigned [io  0x1000-0x1fff]
[    3.469746] pci 0000:01:00.0: BAR 4: assigned [mem 0x28000000-0x28003fff 64bit pref]
[    3.477492] pci 0000:01:00.0: BAR 2: assigned [mem 0x28004000-0x28004fff 64bit pref]
[    3.485235] pci 0000:01:00.0: BAR 0: assigned [io  0x1000-0x10ff]
[    3.491315] pci 0000:00:01.0: PCI bridge to [bus 01]
[    3.496275] pci 0000:00:01.0:   bridge window [io  0x1000-0x1fff]
[    3.502355] pci 0000:00:01.0:   bridge window [mem 0x28000000-0x280fffff 64bit pref]
[    3.510104] pci 0000:00:01.0: nv_msi_ht_cap_quirk didn't locate host bridge
[    3.517136] pcieport 0000:00:01.0: enabling device (0140 -> 0143)
[    3.523426] pcieport 0000:00:01.0: Signaling PME with IRQ 374
[    3.529371] r8169 Gigabit Ethernet driver 2.3LK-NAPI loaded
[    3.534962] r8169 0000:01:00.0: enabling device (0140 -> 0143)
[    3.541727] r8169 0000:01:00.0 eth0: RTL8168evl/8111evl at 0xf0b1c000, 02:04:4b:01:60:a6, XID 0c900800 IRQ 375
[    3.551731] r8169 0000:01:00.0 eth0: jumbo features [frames: 9200 bytes, tx checksumming: ko]
[    3.567145] utmi_phy_clk_enable: timeout waiting for phy to stabilize
[    3.573593] tegra-ehci 7d004000.usb: EHCI Host Controller
[    3.579020] tegra-ehci 7d004000.usb: new USB bus registered, assigned bus number 1
[    3.586778] tegra-ehci 7d004000.usb: irq 343, io mem 0x7d004000
[    3.613677] tegra-ehci 7d004000.usb: USB 2.0 started, EHCI 1.00
[    3.620581] hub 1-0:1.0: USB hub found
[    3.624359] hub 1-0:1.0: 1 port detected
[    3.629457] tegra-ehci 7d008000.usb: EHCI Host Controller
[    3.634871] tegra-ehci 7d008000.usb: new USB bus registered, assigned bus number 2
[    3.642603] tegra-ehci 7d008000.usb: irq 344, io mem 0x7d008000
[    3.673659] tegra-ehci 7d008000.usb: USB 2.0 started, EHCI 1.00
[    3.680445] hub 2-0:1.0: USB hub found
[    3.684215] hub 2-0:1.0: 1 port detected
[    3.692761] tps65910-rtc tps65910-rtc: setting system clock to 2000-01-01 00:00:02 UTC (946684802)
[    3.702269] vdd_sata,avdd_plle: disabling
[    3.706643] usb1_vbus: disabling
[    3.712011] EXT4-fs (mmcblk1p1): mounting ext3 file system using the ext4 subsystem
[    3.729519] EXT4-fs (mmcblk1p1): warning: mounting fs with errors, running e2fsck is recommended
[    3.740926] EXT4-fs (mmcblk1p1): recovery complete
[    3.745729] EXT4-fs (mmcblk1p1): mounted filesystem with ordered data mode. Opts: (null)
[    3.753845] VFS: Mounted root (ext3 filesystem) on device 179:1.
[    3.764688] devtmpfs: mounted
[    3.770160] Freeing unused kernel memory: 2048K
bash: cannot set terminal process group (-1): Inappropriate ioctl for device
bash: no job control in this shell
root@(none):/# mount -t sysfs none /sys
root@(none):/# 
root@(none):/# [    4.703369] asix 2-1:1.0 eth1: register 'asix' at usb-7d008000.usb-1, ASIX AX88772 USB 2.0 Ethernet, 00:50:b6:0f:67:60
mount -t debugfs none /sys/kernel/debug
root@(none):/# 
root@(none):/# rtcwake -d rtc1 -m mem -s 3
rtcwake: wakeup from "mem" using /dev/rtc1 at Thu Jan  1 00:00:21 1970
[    6.513854] PM: Syncing filesystems ... done.
[    6.519890] Freezing user space processes ... (elapsed 0.001 seconds) done.
[    6.527997] OOM killer disabled.
[    6.531213] Freezing remaining freezable tasks ... (elapsed 0.001 seconds) done.
[    6.539834] Suspending console(s) (use no_console_suspend to debug)
[    6.616272] PM: suspend of devices complete after 69.346 msecs
[    6.618005] PM: late suspend of devices complete after 1.724 msecs
[    6.654285] PM: noirq suspend of devices complete after 36.272 msecs
[    6.654289] Disabling non-boot CPUs ...
[    6.693977] IRQ17 no longer affine to CPU1
[    6.694126] IRQ346 no longer affine to CPU1
[    6.804075] IRQ347 no longer affine to CPU2
[    6.883979] IRQ348 no longer affine to CPU3
[    6.935208] Entering suspend state LP1
[    6.935208] Suspended for 2.903 seconds
[    6.935222] Enabling non-boot CPUs ...
[    6.965597] CPU1 is up
[    7.005720] CPU2 is up
[    7.045946] CPU3 is up
[    7.046660] pcieport 0000:00:01.0: nv_msi_ht_cap_quirk didn't locate host bridge
[    7.073722] PM: noirq resume of devices complete after 27.765 msecs
[    7.074805] PM: early resume of devices complete after 0.657 msecs
[    7.612606] PM: resume of devices complete after 537.790 msecs
[    7.696324] OOM killer enabled.
[    7.699453] Restarting tasks ... done.
root@(none):/# 
root@(none):/# rtcwake -d rtc1 -m mem -s 3
rtcwake: wakeup from "mem" using /dev/rtc1 at Thu Jan  1 00:00:26 1970
[    8.676381] PM: Syncing filesystems ... done.
[    8.681776] Freezing user space processes ... (elapsed 0.001 seconds) done.
[    8.689881] OOM killer disabled.
[    8.693098] Freezing remaining freezable tasks ... (elapsed 0.001 seconds) done.
[    8.701683] Suspending console(s) (use no_console_suspend to debug)
[    8.734100] pci_generic_config_write32: 63 callbacks suppressed
[    8.734112] pci_bus 0000:00: 2-byte config write to 0000:00:01.0 offset 0x9c may corrupt adjacent RW1C bits
[    8.776618] PM: suspend of devices complete after 68.000 msecs
[    8.779881] PM: late suspend of devices complete after 3.255 msecs
[    8.780461] pci_bus 0000:01: 2-byte config write to 0000:01:00.0 offset 0x44 may corrupt adjacent RW1C bits
[    8.780475] pci_bus 0000:01: 2-byte config write to 0000:01:00.0 offset 0x44 may corrupt adjacent RW1C bits
[    8.804225] PM: noirq suspend of devices complete after 24.337 msecs
[    8.804229] Disabling non-boot CPUs ...
[    8.853912] IRQ17 no longer affine to CPU1
[    8.854065] IRQ346 no longer affine to CPU1
[    8.974047] IRQ347 no longer affine to CPU2
[    9.053945] IRQ348 no longer affine to CPU3
[    9.105029] Entering suspend state LP1
[    9.105029] Suspended for 2.830 seconds
[    9.105048] Enabling non-boot CPUs ...
[    9.136004] CPU1 is up
[    9.186119] CPU2 is up
[    9.226335] CPU3 is up
[    9.227165] pci_bus 0000:00: 2-byte config write to 0000:00:01.0 offset 0x4c may corrupt adjacent RW1C bits
[    9.227183] pci_bus 0000:00: 2-byte config write to 0000:00:01.0 offset 0x88 may corrupt adjacent RW1C bits
[    9.227189] pci_bus 0000:00: 2-byte config write to 0000:00:01.0 offset 0x90 may corrupt adjacent RW1C bits
[    9.227195] pci_bus 0000:00: 2-byte config write to 0000:00:01.0 offset 0x98 may corrupt adjacent RW1C bits
[    9.227200] pci_bus 0000:00: 2-byte config write to 0000:00:01.0 offset 0x9c may corrupt adjacent RW1C bits
[    9.227220] pci_bus 0000:00: 2-byte config write to 0000:00:01.0 offset 0x52 may corrupt adjacent RW1C bits
[    9.227228] pci_bus 0000:00: 2-byte config write to 0000:00:01.0 offset 0x52 may corrupt adjacent RW1C bits
[    9.227255] pcieport 0000:00:01.0: nv_msi_ht_cap_quirk didn't locate host bridge
[    9.253697] PM: noirq resume of devices complete after 27.348 msecs
[    9.255572] PM: early resume of devices complete after 1.385 msecs
[    9.799255] PM: resume of devices complete after 543.670 msecs
[    9.986380] OOM killer enabled.
[    9.989507] Restarting tasks ... done.
root@(none):/# 
root@(none):/# rtcwake -d rtc1 -m mem -s 3
rtcwake: wakeup from "mem" using /dev/rtc1 at Thu Jan  1 00:00:31 1970
[   10.862848] PM: Syncing filesystems ... done.
[   10.869019] Freezing user space processes ... (elapsed 0.001 seconds) done.
[   10.877163] OOM killer disabled.
[   10.880380] Freezing remaining freezable tasks ... (elapsed 0.001 seconds) done.
[   10.889036] Suspending console(s) (use no_console_suspend to debug)
[   10.976663] PM: suspend of devices complete after 80.385 msecs
[   10.980869] PM: late suspend of devices complete after 4.194 msecs
[   11.004355] PM: noirq suspend of devices complete after 23.475 msecs
[   11.004359] Disabling non-boot CPUs ...
[   11.073953] IRQ17 no longer affine to CPU1
[   11.074149] IRQ346 no longer affine to CPU1
[   11.325315] Entering suspend state LP1
[   11.325315] Suspended for 2.779 seconds
[   11.325334] Enabling non-boot CPUs ...
[   11.355934] CPU1 is up
[   11.396067] CPU2 is up
[   11.436340] CPU3 is up
[   11.437232] pcieport 0000:00:01.0: nv_msi_ht_cap_quirk didn't locate host bridge
[   11.463657] PM: noirq resume of devices complete after 27.305 msecs
[   11.466034] PM: early resume of devices complete after 1.884 msecs
[   12.006645] PM: resume of devices complete after 540.599 msecs
[   12.082287] OOM killer enabled.
[   12.085438] Restarting tasks ... done.
root@(none):/# 
root@(none):/# rtcwake -d rtc1 -m mem -s 3
rtcwake: wakeup from "mem" using /dev/rtc1 at Thu Jan  1 00:00:36 1970
[   13.064923] PM: Syncing filesystems ... done.
[   13.071091] Freezing user space processes ... (elapsed 0.001 seconds) done.
[   13.079235] OOM killer disabled.
[   13.082450] Freezing remaining freezable tasks ... (elapsed 0.001 seconds) done.
[   13.091097] Suspending console(s) (use no_console_suspend to debug)
[   13.176104] PM: suspend of devices complete after 77.767 msecs
[   13.180294] PM: late suspend of devices complete after 4.177 msecs
[   13.204306] PM: noirq suspend of devices complete after 24.001 msecs
[   13.204310] Disabling non-boot CPUs ...
[   13.253926] migrate_irqs: 2 callbacks suppressed
[   13.253929] IRQ17 no longer affine to CPU1
[   13.254119] IRQ346 no longer affine to CPU1
[   13.344111] IRQ347 no longer affine to CPU2
[   13.443957] IRQ348 no longer affine to CPU3
[   13.495250] Entering suspend state LP1
[   13.495250] Suspended for 2.830 seconds
[   13.495270] Enabling non-boot CPUs ...
[   13.525858] CPU1 is up
[   13.566033] CPU2 is up
[   13.606274] CPU3 is up
[   13.607138] pcieport 0000:00:01.0: nv_msi_ht_cap_quirk didn't locate host bridge
[   13.633628] PM: noirq resume of devices complete after 27.341 msecs
[   13.636507] PM: early resume of devices complete after 2.387 msecs
[   14.179119] PM: resume of devices complete after 542.598 msecs
[   14.267725] OOM killer enabled.
[   14.270855] Restarting tasks ... done.
root@(none):/# 
root@(none):/# rtcwake -d rtc1 -m mem -s 3
rtcwake: wakeup from "mem" using /dev/rtc1 at Thu Jan  1 00:00:41 1970
[   15.232554] PM: Syncing filesystems ... done.
[   15.238721] Freezing user space processes ... (elapsed 0.001 seconds) done.
[   15.246882] OOM killer disabled.
[   15.250099] Freezing remaining freezable tasks ... (elapsed 0.001 seconds) done.
[   15.258754] Suspending console(s) (use no_console_suspend to debug)
[   15.305153] pci_generic_config_write32: 65 callbacks suppressed
[   15.305169] pci_bus 0000:00: 2-byte config write to 0000:00:01.0 offset 0x9c may corrupt adjacent RW1C bits
[   15.347059] PM: suspend of devices complete after 81.064 msecs
[   15.350713] PM: late suspend of devices complete after 3.643 msecs
[   15.351215] pci_bus 0000:01: 2-byte config write to 0000:01:00.0 offset 0x44 may corrupt adjacent RW1C bits
[   15.351231] pci_bus 0000:01: 2-byte config write to 0000:01:00.0 offset 0x44 may corrupt adjacent RW1C bits
[   15.374265] PM: noirq suspend of devices complete after 23.543 msecs
[   15.374271] Disabling non-boot CPUs ...
[   15.424095] IRQ346 no longer affine to CPU1
[   15.514077] IRQ347 no longer affine to CPU2
[   15.613765] IRQ17 no longer affine to CPU3
[   15.613918] IRQ348 no longer affine to CPU3
[   15.665210] Entering suspend state LP1
[   15.665210] Suspended for 2.830 seconds
[   15.665228] Enabling non-boot CPUs ...
[   15.695785] CPU1 is up
[   15.735980] CPU2 is up
[   15.776244] CPU3 is up
[   15.777060] pci_bus 0000:00: 2-byte config write to 0000:00:01.0 offset 0x4c may corrupt adjacent RW1C bits
[   15.777074] pci_bus 0000:00: 2-byte config write to 0000:00:01.0 offset 0x88 may corrupt adjacent RW1C bits
[   15.777080] pci_bus 0000:00: 2-byte config write to 0000:00:01.0 offset 0x90 may corrupt adjacent RW1C bits
[   15.777085] pci_bus 0000:00: 2-byte config write to 0000:00:01.0 offset 0x98 may corrupt adjacent RW1C bits
[   15.777090] pci_bus 0000:00: 2-byte config write to 0000:00:01.0 offset 0x9c may corrupt adjacent RW1C bits
[   15.777110] pci_bus 0000:00: 2-byte config write to 0000:00:01.0 offset 0x52 may corrupt adjacent RW1C bits
[   15.777119] pci_bus 0000:00: 2-byte config write to 0000:00:01.0 offset 0x52 may corrupt adjacent RW1C bits
[   15.777148] pcieport 0000:00:01.0: nv_msi_ht_cap_quirk didn't locate host bridge
[   15.803593] PM: noirq resume of devices complete after 27.336 msecs
[   15.805412] PM: early resume of devices complete after 1.327 msecs
[   16.355035] PM: resume of devices complete after 549.610 msecs
[   16.542115] OOM killer enabled.
[   16.545252] Restarting tasks ... done.
root@(none):/# 
root@(none):/# rtcwake -d rtc1 -m mem -s 3
rtcwake: wakeup from "mem" using /dev/rtc1 at Thu Jan  1 00:00:46 1970
[   17.461238] PM: Syncing filesystems ... done.
[   17.467440] Freezing user space processes ... (elapsed 0.001 seconds) done.
[   17.475584] OOM killer disabled.
[   17.478803] Freezing remaining freezable tasks ... (elapsed 0.001 seconds) done.
[   17.487460] Suspending console(s) (use no_console_suspend to debug)
[   17.575497] PM: suspend of devices complete after 80.777 msecs
[   17.577695] PM: late suspend of devices complete after 2.187 msecs
[   17.604238] PM: noirq suspend of devices complete after 26.533 msecs
[   17.604243] Disabling non-boot CPUs ...
[   17.663887] IRQ17 no longer affine to CPU1
[   17.664082] IRQ346 no longer affine to CPU1
[   17.895230] Entering suspend state LP1
[   17.895230] Suspended for 2.769 seconds
[   17.895247] Enabling non-boot CPUs ...
[   17.925780] CPU1 is up
[   17.965955] CPU2 is up
[   18.006185] CPU3 is up
[   18.007074] pcieport 0000:00:01.0: nv_msi_ht_cap_quirk didn't locate host bridge
[   18.033558] PM: noirq resume of devices complete after 27.362 msecs
[   18.036397] PM: early resume of devices complete after 2.331 msecs
[   18.580119] PM: resume of devices complete after 543.709 msecs
[   18.655810] OOM killer enabled.
[   18.658940] Restarting tasks ... done.
root@(none):/# 
root@(none):/# rtcwake -d rtc1 -m mem -s 3
rtcwake: wakeup from "mem" using /dev/rtc1 at Thu Jan  1 00:00:51 1970
[   19.701124] PM: Syncing filesystems ... done.
[   19.707319] Freezing user space processes ... (elapsed 0.001 seconds) done.
[   19.715476] OOM killer disabled.
[   19.718693] Freezing remaining freezable tasks ... (elapsed 0.001 seconds) done.
[   19.727363] Suspending console(s) (use no_console_suspend to debug)
[   19.816508] PM: suspend of devices complete after 81.896 msecs
[   19.818673] PM: late suspend of devices complete after 2.155 msecs
[   19.844191] PM: noirq suspend of devices complete after 25.509 msecs
[   19.844196] Disabling non-boot CPUs ...
[   19.913848] migrate_irqs: 2 callbacks suppressed
[   19.913853] IRQ17 no longer affine to CPU1
[   19.914048] IRQ346 no longer affine to CPU1
[   20.013987] IRQ347 no longer affine to CPU2
[   20.113840] IRQ348 no longer affine to CPU3
[   20.165172] Entering suspend state LP1
[   20.165172] Suspended for 2.730 seconds
[   20.165188] Enabling non-boot CPUs ...
[   20.195733] CPU1 is up
[   20.235931] CPU2 is up
[   20.276198] CPU3 is up
[   20.277068] pcieport 0000:00:01.0: nv_msi_ht_cap_quirk didn't locate host bridge
[   20.303526] PM: noirq resume of devices complete after 27.313 msecs
[   20.305863] PM: early resume of devices complete after 1.841 msecs
[   20.313667] pci_generic_config_write32: 64 callbacks suppressed
[   20.313680] pci_bus 0000:01: 1-byte config write to 0000:01:00.0 offset 0xd may corrupt adjacent RW1C bits
[   20.847648] PM: resume of devices complete after 541.772 msecs
[   20.951799] OOM killer enabled.
[   20.954937] Restarting tasks ... done.
root@(none):/# 
root@(none):/# rtcwake -d rtc1 -m mem -s 3
rtcwake: wakeup from "mem" using /dev/rtc1 at Thu Jan  1 00:00:56 1970
[   21.902727] PM: Syncing filesystems ... done.
[   21.908909] Freezing user space processes ... (elapsed 0.001 seconds) done.
[   21.917062] OOM killer disabled.
[   21.920279] Freezing remaining freezable tasks ... (elapsed 0.001 seconds) done.
[   21.928942] Suspending console(s) (use no_console_suspend to debug)
[   21.975074] pci_bus 0000:00: 2-byte config write to 0000:00:01.0 offset 0x9c may corrupt adjacent RW1C bits
[   22.017040] PM: suspend of devices complete after 80.856 msecs
[   22.020262] PM: late suspend of devices complete after 3.211 msecs
[   22.020992] pci_bus 0000:01: 2-byte config write to 0000:01:00.0 offset 0x44 may corrupt adjacent RW1C bits
[   22.021006] pci_bus 0000:01: 2-byte config write to 0000:01:00.0 offset 0x44 may corrupt adjacent RW1C bits
[   22.044182] PM: noirq suspend of devices complete after 23.909 msecs
[   22.044188] Disabling non-boot CPUs ...
[   22.094007] IRQ346 no longer affine to CPU1
[   22.193771] IRQ17 no longer affine to CPU2
[   22.193989] IRQ347 no longer affine to CPU2
[   22.293817] IRQ348 no longer affine to CPU3
[   22.345139] Entering suspend state LP1
[   22.345139] Suspended for 2.820 seconds
[   22.345158] Enabling non-boot CPUs ...
[   22.375754] CPU1 is up
[   22.415898] CPU2 is up
[   22.456187] CPU3 is up
[   22.457014] pci_bus 0000:00: 2-byte config write to 0000:00:01.0 offset 0x4c may corrupt adjacent RW1C bits
[   22.457030] pci_bus 0000:00: 2-byte config write to 0000:00:01.0 offset 0x88 may corrupt adjacent RW1C bits
[   22.457035] pci_bus 0000:00: 2-byte config write to 0000:00:01.0 offset 0x90 may corrupt adjacent RW1C bits
[   22.457040] pci_bus 0000:00: 2-byte config write to 0000:00:01.0 offset 0x98 may corrupt adjacent RW1C bits
[   22.457045] pci_bus 0000:00: 2-byte config write to 0000:00:01.0 offset 0x9c may corrupt adjacent RW1C bits
[   22.457067] pci_bus 0000:00: 2-byte config write to 0000:00:01.0 offset 0x52 may corrupt adjacent RW1C bits
[   22.457095] pcieport 0000:00:01.0: nv_msi_ht_cap_quirk didn't locate host bridge
[   22.483506] PM: noirq resume of devices complete after 27.308 msecs
[   22.484843] PM: early resume of devices complete after 0.830 msecs
[   23.036226] PM: resume of devices complete after 551.371 msecs
[   23.207669] OOM killer enabled.
[   23.210799] Restarting tasks ... done.
root@(none):/# 
root@(none):/# rtcwake -d rtc1 -m mem -s 3
rtcwake: wakeup from "mem" using /dev/rtc1 at Thu Jan  1 00:01:01 1970
[   24.082485] PM: Syncing filesystems ... done.
[   24.088673] Freezing user space processes ... (elapsed 0.001 seconds) done.
[   24.096820] OOM killer disabled.
[   24.100037] Freezing remaining freezable tasks ... (elapsed 0.001 seconds) done.
[   24.108692] Suspending console(s) (use no_console_suspend to debug)
[   24.196479] PM: suspend of devices complete after 80.547 msecs
[   24.200656] PM: late suspend of devices complete after 4.166 msecs
[   24.224135] PM: noirq suspend of devices complete after 23.467 msecs
[   24.224139] Disabling non-boot CPUs ...
[   24.273762] IRQ17 no longer affine to CPU1
[   24.273955] IRQ346 no longer affine to CPU1
[   24.515151] Entering suspend state LP1
[   24.515151] Suspended for 2.829 seconds
[   24.515170] Enabling non-boot CPUs ...
[   24.545679] CPU1 is up
[   24.585865] CPU2 is up
[   24.626122] CPU3 is up
[   24.626997] pcieport 0000:00:01.0: nv_msi_ht_cap_quirk didn't locate host bridge
[   24.653471] PM: noirq resume of devices complete after 27.334 msecs
[   24.655422] PM: early resume of devices complete after 1.471 msecs
[   25.187512] PM: resume of devices complete after 532.076 msecs
[   25.263188] OOM killer enabled.
[   25.266327] Restarting tasks ... done.
root@(none):/# 
root@(none):/# rtcwake -d rtc1 -m mem -s 3
rtcwake: wakeup from "mem" using /dev/rtc1 at Thu Jan  1 00:01:06 1970
[   26.252649] PM: Syncing filesystems ... done.
[   26.258814] Freezing user space processes ... (elapsed 0.001 seconds) done.
[   26.266974] OOM killer disabled.
[   26.270191] Freezing remaining freezable tasks ... (elapsed 0.001 seconds) done.
[   26.278857] Suspending console(s) (use no_console_suspend to debug)
[   26.313991] pci_generic_config_write32: 41 callbacks suppressed
[   26.314008] pci_bus 0000:00: 2-byte config write to 0000:00:01.0 offset 0x9c may corrupt adjacent RW1C bits
[   26.356906] PM: suspend of devices complete after 70.891 msecs
[   26.360571] PM: late suspend of devices complete after 3.655 msecs
[   26.361091] pci_bus 0000:01: 2-byte config write to 0000:01:00.0 offset 0x44 may corrupt adjacent RW1C bits
[   26.361107] pci_bus 0000:01: 2-byte config write to 0000:01:00.0 offset 0x44 may corrupt adjacent RW1C bits
[   26.384110] PM: noirq suspend of devices complete after 23.530 msecs
[   26.384116] Disabling non-boot CPUs ...
[   26.443930] migrate_irqs: 2 callbacks suppressed
[   26.443935] IRQ346 no longer affine to CPU1
[   26.543709] IRQ17 no longer affine to CPU2
[   26.543927] IRQ347 no longer affine to CPU2
[   26.623754] IRQ348 no longer affine to CPU3
[   26.675028] Entering suspend state LP1
[   26.675028] Suspended for 2.840 seconds
[   26.675048] Enabling non-boot CPUs ...
[   26.705652] CPU1 is up
[   26.745817] CPU2 is up
[   26.786117] CPU3 is up
[   26.786943] pci_bus 0000:00: 2-byte config write to 0000:00:01.0 offset 0x4c may corrupt adjacent RW1C bits
[   26.786958] pci_bus 0000:00: 2-byte config write to 0000:00:01.0 offset 0x88 may corrupt adjacent RW1C bits
[   26.786965] pci_bus 0000:00: 2-byte config write to 0000:00:01.0 offset 0x90 may corrupt adjacent RW1C bits
[   26.786970] pci_bus 0000:00: 2-byte config write to 0000:00:01.0 offset 0x98 may corrupt adjacent RW1C bits
[   26.786977] pci_bus 0000:00: 2-byte config write to 0000:00:01.0 offset 0x9c may corrupt adjacent RW1C bits
[   26.786997] pci_bus 0000:00: 2-byte config write to 0000:00:01.0 offset 0x52 may corrupt adjacent RW1C bits
[   26.787005] pci_bus 0000:00: 2-byte config write to 0000:00:01.0 offset 0x52 may corrupt adjacent RW1C bits
[   26.787035] pcieport 0000:00:01.0: nv_msi_ht_cap_quirk didn't locate host bridge
[   26.813434] PM: noirq resume of devices complete after 27.303 msecs
[   26.815772] PM: early resume of devices complete after 1.846 msecs
[   27.356517] PM: resume of devices complete after 540.733 msecs
[   27.548203] OOM killer enabled.
[   27.551333] Restarting tasks ... done.
root@(none):/# 
root@(none):/# NVTB SYSTEM SUSPEND TEST COMPLETE
