
U-Boot SPL 2016.05-rc2 (Apr 21 2016 - 16:23:00)
Trying to boot from RAM


U-Boot 2016.05-rc2 (Apr 21 2016 - 16:23:00 -0700)

TEGRA124
Model: NVIDIA Jetson TK1
Board: NVIDIA Jetson TK1
DRAM:  2 GiB
MC:   Tegra SD/MMC: 0, Tegra SD/MMC: 1
In:    serial
Out:   serial
Err:   serial
Net:   No ethernet found.
Hit any key to stop autoboot:  2  0 
Tegra124 (Jetson TK1) # 
Tegra124 (Jetson TK1) # pci enum
Tegra124 (Jetson TK1) # setenv bootargs 'ignore_loglevel console=ttyS0,115200n8 rw root=PARTUUID=b1791faa-84e8-4e27-83a1-9fb0a77e8803 rootwait gpt debug noinitrd earlyprintk init=/bin/bash'
Tegra124 (Jetson TK1) # setenv ipaddr 192.168.100.102; setenv serverip 192.168.100.1; setenv tftpserverip 192.168.100.1
Tegra124 (Jetson TK1) # tftpboot 0x82000000 zImage.multi_v7_defconfig

Warning: eth_rtl8169 using MAC address from ROM
Using eth_rtl8169 device
TFTP from server 192.168.100.1; our IP address is 192.168.100.102
Filename 'zImage.multi_v7_defconfig'.
Load address: 0x82000000
Loading: *#################################################################
	 #################################################################
	 #################################################################
	 #################################################################
	 #################################################################
	 #################################################################
	 #################################################################
	 #################################################################
	 ##################
	 4 MiB/s
done
Bytes transferred = 7895400 (787968 hex)
Tegra124 (Jetson TK1) # tftpboot 0x83000000 tegra124-jetson-tk1.dtb
Using eth_rtl8169 device
TFTP from server 192.168.100.1; our IP address is 192.168.100.102
Filename 'tegra124-jetson-tk1.dtb'.
Load address: 0x83000000
Loading: *#####
	 3.8 MiB/s
done
Bytes transferred = 67133 (1063d hex)
Tegra124 (Jetson TK1) # bootz 0x82000000 - 0x83000000
Kernel image @ 0x82000000 [ 0x000000 - 0x787968 ]
## Flattened Device Tree blob at 83000000
   Booting using the fdt blob at 0x83000000
   Using Device Tree in place at 83000000, end 8301363c

Starting kernel ...

[    0.000000] Booting Linux on physical CPU 0x0
[    0.000000] Linux version 4.11.0-rc7-next-20170418-167227-g495ff9e (jonathanh@sellafield) (gcc version 4.7.3 20130328 (prerelease) (crosstool-NG linaro-1.13.1-4.7-2013.04-20130415 - Linaro GCC 2013.04) ) #1 SMP Tue Apr 18 01:51:00 PDT 2017
[    0.000000] CPU: ARMv7 Processor [413fc0f3] revision 3 (ARMv7), cr=10c5387d
[    0.000000] CPU: div instructions available: patching division code
[    0.000000] CPU: PIPT / VIPT nonaliasing data cache, PIPT instruction cache
[    0.000000] OF: fdt: Machine model: NVIDIA Tegra124 Jetson TK1
[    0.000000] debug: ignoring loglevel setting.
[    0.000000] efi: Getting EFI parameters from FDT:
[    0.000000] efi: UEFI not found.
[    0.000000] cma: Reserved 64 MiB at 0xfb800000
[    0.000000] Memory policy: Data cache writealloc
[    0.000000] On node 0 totalpages: 524032
[    0.000000] free_area_init_node: node 0, pgdat c157f4c0, node_mem_map eeff8000
[    0.000000]   DMA zone: 1536 pages used for memmap
[    0.000000]   DMA zone: 0 pages reserved
[    0.000000]   DMA zone: 196608 pages, LIFO batch:31
[    0.000000]   HighMem zone: 327424 pages, LIFO batch:31
[    0.000000] percpu: Embedded 17 pages/cpu @eef82000 s39040 r8192 d22400 u69632
[    0.000000] pcpu-alloc: s39040 r8192 d22400 u69632 alloc=17*4096
[    0.000000] pcpu-alloc: [0] 0 [0] 1 [0] 2 [0] 3 
[    0.000000] Built 1 zonelists in Zone order, mobility grouping on.  Total pages: 522496
[    0.000000] Kernel command line: ignore_loglevel console=ttyS0,115200n8 rw root=PARTUUID=b1791faa-84e8-4e27-83a1-9fb0a77e8803 rootwait gpt debug noinitrd earlyprintk init=/bin/bash
[    0.000000] PID hash table entries: 4096 (order: 2, 16384 bytes)
[    0.000000] Dentry cache hash table entries: 131072 (order: 7, 524288 bytes)
[    0.000000] Inode-cache hash table entries: 65536 (order: 6, 262144 bytes)
[    0.000000] Memory: 1993424K/2096128K available (10240K kernel code, 1564K rwdata, 4380K rodata, 2048K init, 407K bss, 37168K reserved, 65536K cma-reserved, 1244160K highmem)
[    0.000000] Virtual kernel memory layout:
[    0.000000]     vector  : 0xffff0000 - 0xffff1000   (   4 kB)
[    0.000000]     fixmap  : 0xffc00000 - 0xfff00000   (3072 kB)
[    0.000000]     vmalloc : 0xf0800000 - 0xff800000   ( 240 MB)
[    0.000000]     lowmem  : 0xc0000000 - 0xf0000000   ( 768 MB)
[    0.000000]     pkmap   : 0xbfe00000 - 0xc0000000   (   2 MB)
[    0.000000]     modules : 0xbf000000 - 0xbfe00000   (  14 MB)
[    0.000000]       .text : 0xc0208000 - 0xc0d00000   (11232 kB)
[    0.000000]       .init : 0xc1200000 - 0xc1400000   (2048 kB)
[    0.000000]       .data : 0xc1400000 - 0xc1587068   (1565 kB)
[    0.000000]        .bss : 0xc1590d1c - 0xc15f6b08   ( 408 kB)
[    0.000000] SLUB: HWalign=64, Order=0-3, MinObjects=0, CPUs=4, Nodes=1
[    0.000000] Hierarchical RCU implementation.
[    0.000000] 	RCU debugfs-based tracing is enabled.
[    0.000000] 	RCU restricting CPUs from NR_CPUS=16 to nr_cpu_ids=4.
[    0.000000] RCU: Adjusting geometry for rcu_fanout_leaf=16, nr_cpu_ids=4
[    0.000000] NR_IRQS:16 nr_irqs:16 16
[    0.000000] /interrupt-controller@60004000: 160 interrupts forwarded to /interrupt-controller@50041000
[    0.000000] Tegra clk 127: register failed with -17
[    0.000008] sched_clock: 32 bits at 1000kHz, resolution 1000ns, wraps every 2147483647500ns
[    0.000027] clocksource: timer_us: mask: 0xffffffff max_cycles: 0xffffffff, max_idle_ns: 1911260446275 ns
[    0.000042] Switching to timer-based delay loop, resolution 1000ns
[    0.005535] arm_arch_timer: Architected cp15 timer(s) running at 12.00MHz (virt).
[    0.005555] clocksource: arch_sys_counter: mask: 0xffffffffffffff max_cycles: 0x2c47f4ee7, max_idle_ns: 440795202497 ns
[    0.005575] sched_clock: 56 bits at 12MHz, resolution 83ns, wraps every 4398046511096ns
[    0.005589] Switching to timer-based delay loop, resolution 83ns
[    0.006057] Console: colour dummy device 80x30
[    0.006087] Calibrating delay loop (skipped), value calculated using timer frequency.. 24.00 BogoMIPS (lpj=120000)
[    0.006104] pid_max: default: 32768 minimum: 301
[    0.006199] Mount-cache hash table entries: 2048 (order: 1, 8192 bytes)
[    0.006214] Mountpoint-cache hash table entries: 2048 (order: 1, 8192 bytes)
[    0.006690] CPU: Testing write buffer coherency: ok
[    0.006943] /cpus/cpu@0 missing clock-frequency property
[    0.006986] /cpus/cpu@1 missing clock-frequency property
[    0.007029] /cpus/cpu@2 missing clock-frequency property
[    0.007072] /cpus/cpu@3 missing clock-frequency property
[    0.007086] CPU0: thread -1, cpu 0, socket 0, mpidr 80000000
[    0.007375] Setting up static identity map for 0x80300000 - 0x803000a0
[    0.011219] Tegra Revision: A01 SKU: 129 CPU Process: 1 SoC Process: 1
[    0.011980] EFI services will not be available.
[    0.012204] smp: Bringing up secondary CPUs ...
[    0.012791] CPU1: thread -1, cpu 1, socket 0, mpidr 80000001
[    0.015756] CPU2: thread -1, cpu 2, socket 0, mpidr 80000002
[    0.025767] CPU3: thread -1, cpu 3, socket 0, mpidr 80000003
[    0.035209] smp: Brought up 1 node, 4 CPUs
[    0.035230] SMP: Total of 4 processors activated (96.00 BogoMIPS).
[    0.035239] CPU: All CPU(s) started in SVC mode.
[    0.036726] devtmpfs: initialized
[    0.053021] VFP support v0.3: implementor 41 architecture 4 part 30 variant f rev 0
[    0.053420] clocksource: jiffies: mask: 0xffffffff max_cycles: 0xffffffff, max_idle_ns: 19112604462750000 ns
[    0.053439] futex hash table entries: 1024 (order: 4, 65536 bytes)
[    0.054861] pinctrl core: initialized pinctrl subsystem
[    0.056806] NET: Registered protocol family 16
[    0.058974] DMA: preallocated 256 KiB pool for atomic coherent allocations
[    0.061434] cpuidle: using governor menu
[    0.088335] No ATAGs?
[    0.088462] hw-breakpoint: found 5 (+1 reserved) breakpoint and 4 watchpoint registers.
[    0.088478] hw-breakpoint: maximum watchpoint size is 8 bytes.
[    0.096038] Serial: AMBA PL011 UART driver
[    0.112532] AT91: Could not find identification node
[    0.113075] +5V_SYS: supplied by +VDD_MUX
[    0.113350] +3.3V_SYS: supplied by +VDD_MUX
[    0.113944] +USB0_VBUS_SW: Failed to request enable GPIO108: -517
[    0.113960] reg-fixed-voltage regulators:regulator@7: Failed to register regulator: -517
[    0.114051] +5V_USB_HS: Failed to request enable GPIO109: -517
[    0.114066] reg-fixed-voltage regulators:regulator@8: Failed to register regulator: -517
[    0.114230] +1.05V_RUN_AVDD_HDMI_PLL: Failed to request enable GPIO63: -517
[    0.114245] reg-fixed-voltage regulators:regulator@11: Failed to register regulator: -517
[    0.114331] +5V_HDMI_CON: Failed to request enable GPIO86: -517
[    0.114345] reg-fixed-voltage regulators:regulator@12: Failed to register regulator: -517
[    0.114432] +5V_SATA: Failed to request enable GPIO242: -517
[    0.114446] reg-fixed-voltage regulators:regulator@13: Failed to register regulator: -517
[    0.114531] +12V_SATA: Failed to request enable GPIO242: -517
[    0.114544] reg-fixed-voltage regulators:regulator@14: Failed to register regulator: -517
[    0.117530] vgaarb: loaded
[    0.118316] SCSI subsystem initialized
[    0.118478] libata version 3.00 loaded.
[    0.118720] usbcore: registered new interface driver usbfs
[    0.118779] usbcore: registered new interface driver hub
[    0.118839] usbcore: registered new device driver usb
[    0.122278] pps_core: LinuxPPS API ver. 1 registered
[    0.122288] pps_core: Software ver. 5.3.6 - Copyright 2005-2007 Rodolfo Giometti <giometti@linux.it>
[    0.122311] PTP clock support registered
[    0.122502] EDAC MC: Ver: 3.0.0
[    0.125355] clocksource: Switched to clocksource arch_sys_counter
[    0.181412] NET: Registered protocol family 2
[    0.181927] TCP established hash table entries: 8192 (order: 3, 32768 bytes)
[    0.182028] TCP bind hash table entries: 8192 (order: 4, 65536 bytes)
[    0.182216] TCP: Hash tables configured (established 8192 bind 8192)
[    0.182299] UDP hash table entries: 512 (order: 2, 16384 bytes)
[    0.182343] UDP-Lite hash table entries: 512 (order: 2, 16384 bytes)
[    0.182490] NET: Registered protocol family 1
[    0.182802] RPC: Registered named UNIX socket transport module.
[    0.182813] RPC: Registered udp transport module.
[    0.182822] RPC: Registered tcp transport module.
[    0.182830] RPC: Registered tcp NFSv4.1 backchannel transport module.
[    0.182842] PCI: CLS 0 bytes, default 64
[    0.184259] hw perfevents: enabled with armv7_cortex_a15 PMU driver, 7 counters available
[    0.186112] workingset: timestamp_bits=30 max_order=19 bucket_order=0
[    0.194542] squashfs: version 4.0 (2009/01/31) Phillip Lougher
[    0.195237] NFS: Registering the id_resolver key type
[    0.195262] Key type id_resolver registered
[    0.195271] Key type id_legacy registered
[    0.195312] ntfs: driver 2.1.32 [Flags: R/O].
[    0.196924] bounce: pool size: 64 pages
[    0.196966] Block layer SCSI generic (bsg) driver version 0.4 loaded (major 248)
[    0.196977] io scheduler noop registered
[    0.196986] io scheduler deadline registered
[    0.197148] io scheduler cfq registered (default)
[    0.197158] io scheduler mq-deadline registered
[    0.197168] io scheduler kyber registered
[    0.202486]  usb2-0: usb2-0 supply vbus not found, using dummy regulator
[    0.202597]  usb2-1: usb2-1 supply vbus not found, using dummy regulator
[    0.275417] tegra-xusb-padctl 7009f000.padctl: failed to setup XUSB ports: -517
[    0.291481] tegra-pcie 1003000.pcie-controller: 2x1, 1x1 configuration
[    0.291538] tegra-pcie 1003000.pcie-controller: Failed to get supply 'avddio-pex': -517
[    0.297792] tegra124-dfll 70110000.clock: couldn't get vdd_cpu regulator
[    1.220554] tegra-apbdma 60020000.dma: Tegra20 APB DMA driver register 32 channels
[    1.223279] tegra-pmc 7000e400.pmc: emergency thermal reset enabled
[    1.277887] Serial: 8250/16550 driver, 4 ports, IRQ sharing disabled
[    1.280496] console [ttyS0] disabled
[    1.280537] 70006300.serial: ttyS0 at MMIO 0x70006300 (irq = 335, base_baud = 25500000) is a Tegra
[    2.173593] console [ttyS0] enabled
[    2.177904] SuperH (H)SCI(F) driver initialized
[    2.183422] msm_serial: driver initialized
[    2.187733] STMicroelectronics ASC driver initialized
[    2.193648] 70006000.serial: ttyTHS1 at MMIO 0x70006000 (irq = 333, base_baud = 0) is a TEGRA_UART
[    2.202915] 70006040.serial: ttyTHS2 at MMIO 0x70006040 (irq = 334, base_baud = 0) is a TEGRA_UART
[    2.216935] tegra-hdmi 54280000.hdmi: failed to get HDMI regulator
[    2.235983] brd: module loaded
[    2.246040] loop: module loaded
[    2.250355] at24 0-0056: 256 byte 24c02 EEPROM, writable, 8 bytes/write
[    2.258729] as3722 4-0040: AS3722 with revision 0x1 found
[    2.270512] as3722-sd2: supplied by +5V_SYS
[    2.275113] as3722-sd3: supplied by +5V_SYS
[    2.279625] +1.35V_LP0(sd3): Bringing 0uV into 1350000-1350000uV
[    2.285993] as3722-sd4: supplied by +5V_SYS
[    2.290589] as3722-sd5: supplied by +5V_SYS
[    2.296621] as3722-ldo0: supplied by +1.35V_LP0(sd2)
[    2.302656] +1.8V_RUN_CAM: Bringing 0uV into 1800000-1800000uV
[    2.308859] as3722-ldo2: supplied by +1.8V_VDDIO
[    2.314740] as3722-ldo3: supplied by +3.3V_SYS
[    2.319239] +1.05V_LP0_VDD_RTC: Bringing 1100000uV into 1000000-1000000uV
[    2.327007] as3722-ldo4: supplied by +3.3V_SYS
[    2.331661] +2.8V_RUN_CAM: Bringing 0uV into 2800000-2800000uV
[    2.337870] as3722-ldo5: supplied by +1.8V_VDDIO
[    2.342706] +1.2V_RUN_CAM_FRONT: Bringing 0uV into 1200000-1200000uV
[    2.349633] +VDDIO_SDMMC3: bypassed regulator has no supply!
[    2.355285] +VDDIO_SDMMC3: failed to get the current voltage(-517)
[    2.361483] as3722-regulator as3722-regulator: regulator 13 register failed -517
[    3.248318] tegra-ahci 70027000.sata: couldn't get PHY in node sata: -517
[    3.268008] random: fast init done
[    3.271538] m25p80 spi32765.0: w25q32dw (4096 Kbytes)
[    3.279367] libphy: Fixed MDIO Bus: probed
[    3.284542] CAN device driver interface
[    3.289340] bgmac_bcma: Broadcom 47xx GBit MAC driver loaded
[    3.296385] e1000e: Intel(R) PRO/1000 Network Driver - 3.2.6-k
[    3.302210] e1000e: Copyright(c) 1999 - 2015 Intel Corporation.
[    3.308200] igb: Intel(R) Gigabit Ethernet Network Driver - version 5.4.0-k
[    3.315150] igb: Copyright (c) 2007-2014 Intel Corporation.
[    3.324340] pegasus: v0.9.3 (2013/04/25), Pegasus/Pegasus II USB Ethernet driver
[    3.331790] usbcore: registered new interface driver pegasus
[    3.337504] usbcore: registered new interface driver asix
[    3.342930] usbcore: registered new interface driver ax88179_178a
[    3.349068] usbcore: registered new interface driver cdc_ether
[    3.354946] usbcore: registered new interface driver smsc75xx
[    3.360750] usbcore: registered new interface driver smsc95xx
[    3.366540] usbcore: registered new interface driver net1080
[    3.372227] usbcore: registered new interface driver cdc_subset
[    3.378186] usbcore: registered new interface driver zaurus
[    3.383803] usbcore: registered new interface driver cdc_ncm
[    3.389686] tegra-phy 7d004000.usb-phy: no vbus regulator
[    3.397102] ehci_hcd: USB 2.0 'Enhanced' Host Controller (EHCI) Driver
[    3.403621] ehci-pci: EHCI PCI platform driver
[    3.408118] ehci-platform: EHCI generic platform driver
[    3.413545] ehci-orion: EHCI orion driver
[    3.417724] SPEAr-ehci: EHCI SPEAr driver
[    3.421873] ehci-st: EHCI STMicroelectronics driver
[    3.426904] ehci-exynos: EHCI EXYNOS driver
[    3.431240] ehci-atmel: EHCI Atmel driver
[    3.435399] tegra-ehci: Tegra EHCI driver
[    3.442229] tegra-ehci 7d004000.usb: EHCI Host Controller
[    3.447665] tegra-ehci 7d004000.usb: new USB bus registered, assigned bus number 1
[    3.455405] tegra-ehci 7d004000.usb: irq 354, io mem 0x7d004000
[    3.485387] tegra-ehci 7d004000.usb: USB 2.0 started, EHCI 1.10
[    3.492072] hub 1-0:1.0: USB hub found
[    3.495874] hub 1-0:1.0: 1 port detected
[    3.500298] ohci_hcd: USB 1.1 'Open' Host Controller (OHCI) Driver
[    3.506500] ohci-pci: OHCI PCI platform driver
[    3.510982] ohci-platform: OHCI generic platform driver
[    3.516383] ohci-omap3: OHCI OMAP3 driver
[    3.520520] SPEAr-ohci: OHCI SPEAr driver
[    3.524667] ohci-st: OHCI STMicroelectronics driver
[    3.529691] ohci-atmel: OHCI Atmel driver
[    3.534448] usbcore: registered new interface driver usb-storage
[    3.544897] as3722-rtc as3722-rtc: rtc core: registered as3722-rtc as rtc0
[    3.551797] as3722-rtc as3722-rtc: RTC interrupt 377
[    3.560039] tegra_rtc 7000e000.rtc: rtc core: registered 7000e000.rtc as rtc1
[    3.567222] tegra_rtc 7000e000.rtc: Tegra internal Real Time Clock
[    3.573924] i2c /dev entries driver
[    3.584304] lm90 0-004c: 0-004c supply vcc not found, using dummy regulator
[    3.601738] sdhci: Secure Digital Host Controller Interface driver
[    3.607938] sdhci: Copyright(c) Pierre Ossman
[    3.613916] Synopsys Designware Multimedia Card Interface Driver
[    3.621279] sdhci-pltfm: SDHCI platform and OF driver helper
[    3.627725] sdhci-tegra 700b0400.sdhci: Got CD GPIO
[    3.632613] sdhci-tegra 700b0400.sdhci: Got WP GPIO
[    3.653860] mmc0: Unknown controller version (3). You may experience problems.
[    3.661135] mmc0: Invalid maximum block size, assuming 512 bytes
[    3.725381] mmc0: SDHCI controller on 700b0600.sdhci [700b0600.sdhci] using ADMA
[    3.734746] ledtrig-cpu: registered to indicate activity on CPUs
[    3.741146] usbcore: registered new interface driver usbhid
[    3.746730] usbhid: USB HID core driver
[    3.754515] NET: Registered protocol family 10
[    3.759870] Segment Routing with IPv6
[    3.763588] sit: IPv6, IPv4 and MPLS over IPv4 tunneling driver
[    3.770079] NET: Registered protocol family 17
[    3.774523] can: controller area network core (rev 20120528 abi 9)
[    3.780766] NET: Registered protocol family 29
[    3.785205] can: raw protocol (rev 20120528)
[    3.789487] can: broadcast manager protocol (rev 20161123 t)
[    3.795143] can: netlink gateway (rev 20130117) max_hops=1
[    3.800926] Key type dns_resolver registered
[    3.805757] ThumbEE CPU extension supported.
[    3.810028] Registering SWP/SWPB emulation handler
[    3.828822] +3.3V_RUN: supplied by +3.3V_SYS
[    3.834337] +USB0_VBUS_SW: supplied by +5V_SYS
[    3.839079] +3.3V_AVDD_HDMI_AP_GATED: supplied by +3.3V_RUN
[    3.844982] +5V_USB_HS: supplied by +5V_SYS
[    3.850822] +3.3V_LP0: supplied by +3.3V_SYS
[    3.856789] +5V_HDMI_CON: supplied by +5V_SYS
[    3.861806] +5V_SATA: supplied by +5V_SYS
[    3.866352] +12V_SATA: supplied by +VDD_MUX
[    3.872382]  usb2-0: usb2-0 supply vbus not found, using dummy regulator
[    3.872890] mmc0: new high speed MMC card at address 0001
[    3.874149] mmcblk0: mmc0:0001 SEM16G 14.7 GiB 
[    3.874876] mmcblk0boot0: mmc0:0001 SEM16G partition 1 4.00 MiB
[    3.875242] mmcblk0boot1: mmc0:0001 SEM16G partition 2 4.00 MiB
[    3.876556] mmcblk0rpmb: mmc0:0001 SEM16G partition 3 4.00 MiB
[    3.881453]  mmcblk0: p1
[    3.909494]  usb2-1: usb2-1 supply vbus not found, using dummy regulator
[    3.916601]  usb3-0: usb3-0 supply vbus not found, using dummy regulator
[    3.924510] tegra-pcie 1003000.pcie-controller: 2x1, 1x1 configuration
[    3.931147] tegra-pcie 1003000.pcie-controller: Failed to get supply 'avddio-pex': -517
[    3.942264] tegra124-dfll 70110000.clock: couldn't get vdd_cpu regulator
[    4.867436] tegra-hdmi 54280000.hdmi: failed to get PLL regulator
[    4.910911] as3722-sd2: supplied by +5V_SYS
[    4.915486] as3722-sd3: supplied by +5V_SYS
[    4.919899] as3722-sd4: supplied by +5V_SYS
[    4.924313] as3722-sd5: supplied by +5V_SYS
[    4.930555] as3722-ldo0: supplied by +1.35V_LP0(sd2)
[    4.936553] as3722-ldo1: supplied by +3.3V_RUN
[    4.941300] as3722-ldo2: supplied by +1.8V_VDDIO
[    4.946936] as3722-ldo3: supplied by +3.3V_SYS
[    4.952246] as3722-ldo4: supplied by +3.3V_SYS
[    4.956974] as3722-ldo5: supplied by +1.8V_VDDIO
[    4.961837] as3722-ldo6: supplied by +3.3V_RUN
[    4.966644] as3722-ldo7: supplied by +1.8V_VDDIO
[    4.972020] +1.05V_RUN_CAM_REAR: Bringing 0uV into 1050000-1050000uV
[    4.979128] as3722-ldo9: supplied by +5V_SYS
[    4.984609] +3.3V_RUN_TOUCH: Bringing 0uV into 2800000-2800000uV
[    4.991192] as3722-ldo10: supplied by +5V_SYS
[    4.996147] +2.8V_RUN_CAM_AF: Bringing 0uV into 2800000-2800000uV
[    5.002967] as3722-ldo11: supplied by +3.3V_RUN
[    5.008303] +1.8V_RUN_VPP_FUSE: Bringing 0uV into 1800000-1800000uV
[    5.018257] tegra-ahci 70027000.sata: AHCI 0001.0301 32 slots 2 ports 3 Gbps 0x1 impl platform mode
[    5.027333] tegra-ahci 70027000.sata: flags: 64bit ncq sntf pm led pio slum part sadm sds apst 
[    5.038025] scsi host0: tegra-ahci
[    5.042558] scsi host1: tegra-ahci
[    5.046330] ata1: SATA max UDMA/133 mmio [mem 0x70027000-0x70028fff] port 0x100 irq 345
[    5.054331] ata2: DUMMY
[    5.060186] tegra-ehci 7d008000.usb: EHCI Host Controller
[    5.065643] tegra-ehci 7d008000.usb: new USB bus registered, assigned bus number 2
[    5.073372] tegra-ehci 7d008000.usb: irq 355, io mem 0x7d008000
[    5.105480] tegra-ehci 7d008000.usb: USB 2.0 started, EHCI 1.10
[    5.112526] hub 2-0:1.0: USB hub found
[    5.116380] hub 2-0:1.0: 1 port detected
[    5.157100] sdhci-tegra 700b0400.sdhci: Got CD GPIO
[    5.161992] sdhci-tegra 700b0400.sdhci: Got WP GPIO
[    5.175327] mmc1: Unknown controller version (3). You may experience problems.
[    5.182678] mmc1: Invalid maximum block size, assuming 512 bytes
[    5.255913] mmc1: SDHCI controller on 700b0400.sdhci [700b0400.sdhci] using ADMA
[    5.264014] tegra-pcie 1003000.pcie-controller: 2x1, 1x1 configuration
[    5.272383] tegra-pcie 1003000.pcie-controller: probing port 0, using 2 lanes
[    5.283137] tegra-pcie 1003000.pcie-controller: Slot present pin change, signature: 00000008
[    5.306372] tegra-pcie 1003000.pcie-controller: probing port 1, using 1 lanes
[    5.315678] tegra-pcie 1003000.pcie-controller: Slot present pin change, signature: 00000000
[    5.329769] tegra-pcie 1003000.pcie-controller: PCI host bridge to bus 0000:00
[    5.337048] pci_bus 0000:00: root bus resource [io  0x0000-0xffff]
[    5.343236] pci_bus 0000:00: root bus resource [mem 0x13000000-0x1fffffff]
[    5.350145] pci_bus 0000:00: root bus resource [mem 0x20000000-0x3fffffff pref]
[    5.357502] pci_bus 0000:00: root bus resource [bus 00-ff]
[    5.363029] pci 0000:00:01.0: [10de:0e12] type 01 class 0x060400
[    5.369128] pci_bus 0000:00: 2-byte config write to 0000:00:01.0 offset 0x88 may corrupt adjacent RW1C bits
[    5.378940] pci_bus 0000:00: 2-byte config write to 0000:00:01.0 offset 0x52 may corrupt adjacent RW1C bits
[    5.388773] pci 0000:00:01.0: PME# supported from D0 D1 D2 D3hot D3cold
[    5.389031] ata1: SATA link down (SStatus 0 SControl 300)
[    5.400828] pci_bus 0000:00: 2-byte config write to 0000:00:01.0 offset 0x4c may corrupt adjacent RW1C bits
[    5.410866] pci 0000:00:02.0: [10de:0e13] type 01 class 0x060400
[    5.416954] pci_bus 0000:00: 2-byte config write to 0000:00:02.0 offset 0x88 may corrupt adjacent RW1C bits
[    5.426737] pci_bus 0000:00: 2-byte config write to 0000:00:02.0 offset 0x52 may corrupt adjacent RW1C bits
[    5.436532] pci 0000:00:02.0: PME# supported from D0 D1 D2 D3hot D3cold
[    5.443155] pci_bus 0000:00: 2-byte config write to 0000:00:02.0 offset 0x4c may corrupt adjacent RW1C bits
[    5.453184] pci_bus 0000:00: 2-byte config write to 0000:00:01.0 offset 0x3e may corrupt adjacent RW1C bits
[    5.462964] pci_bus 0000:00: 2-byte config write to 0000:00:02.0 offset 0x3e may corrupt adjacent RW1C bits
[    5.472712] pci_bus 0000:00: 2-byte config write to 0000:00:01.0 offset 0x4 may corrupt adjacent RW1C bits
[    5.482369] pci_bus 0000:00: 1-byte config write to 0000:00:01.0 offset 0xc may corrupt adjacent RW1C bits
[    5.492027] PCI: bus0: Fast back to back transfers disabled
[    5.497616] pci 0000:00:01.0: bridge configuration invalid ([bus 00-00]), reconfiguring
[    5.505670] pci 0000:00:02.0: bridge configuration invalid ([bus 00-00]), reconfiguring
[    5.513889] pci 0000:01:00.0: [8086:4232] type 00 class 0x028000
[    5.519967] pci 0000:01:00.0: reg 0x10: [mem 0x00000000-0x00001fff 64bit]
[    5.527006] pci 0000:01:00.0: PME# supported from D0 D3hot D3cold
[    5.547812] mmc1: new high speed SDHC card at address aaaa
[    5.554309] mmcblk1: mmc1:aaaa SD04G 3.69 GiB 
[    5.559127] PCI: bus1: Fast back to back transfers disabled
[    5.564725] pci_bus 0000:01: busn_res: [bus 01-ff] end is updated to 01
[    5.571582] pci 0000:02:00.0: [10ec:8168] type 00 class 0x020000
[    5.577637] pci 0000:02:00.0: reg 0x10: [io  0x0000-0x00ff]
[    5.583234] pci 0000:02:00.0: reg 0x18: [mem 0x00000000-0x00000fff 64bit]
[    5.590061] pci 0000:02:00.0: reg 0x20: [mem 0x00000000-0x00003fff 64bit pref]
[    5.597450] pci 0000:02:00.0: supports D1 D2
[    5.601718] pci 0000:02:00.0: PME# supported from D0 D1 D2 D3hot D3cold
[    5.622218]  mmcblk1: p1 p2 p3
[    5.635517] PCI: bus2: Fast back to back transfers disabled
[    5.641095] pci_bus 0000:02: busn_res: [bus 02-ff] end is updated to 02
[    5.647938] pci 0000:00:01.0: BAR 8: assigned [mem 0x13000000-0x130fffff]
[    5.654730] pci 0000:00:02.0: BAR 8: assigned [mem 0x13100000-0x131fffff]
[    5.661566] pci 0000:00:02.0: BAR 9: assigned [mem 0x20000000-0x200fffff 64bit pref]
[    5.669346] pci 0000:00:02.0: BAR 7: assigned [io  0x1000-0x1fff]
[    5.675460] pci 0000:01:00.0: BAR 0: assigned [mem 0x13000000-0x13001fff 64bit]
[    5.682789] pci 0000:00:01.0: PCI bridge to [bus 01]
[    5.687795] pci 0000:00:01.0:   bridge window [mem 0x13000000-0x130fffff]
[    5.694596] pci 0000:02:00.0: BAR 4: assigned [mem 0x20000000-0x20003fff 64bit pref]
[    5.702371] pci 0000:02:00.0: BAR 2: assigned [mem 0x13100000-0x13100fff 64bit]
[    5.709732] pci 0000:02:00.0: BAR 0: assigned [io  0x1000-0x10ff]
[    5.715848] pci 0000:00:02.0: PCI bridge to [bus 02]
[    5.720809] pci 0000:00:02.0:   bridge window [io  0x1000-0x1fff]
[    5.726938] pci 0000:00:02.0:   bridge window [mem 0x13100000-0x131fffff]
[    5.733723] pci 0000:00:02.0:   bridge window [mem 0x20000000-0x200fffff 64bit pref]
[    5.741508] pci 0000:00:01.0: nv_msi_ht_cap_quirk didn't locate host bridge
[    5.748598] pcieport 0000:00:01.0: enabling device (0140 -> 0142)
[    5.754940] pcieport 0000:00:01.0: Signaling PME with IRQ 393
[    5.760804] pci 0000:00:02.0: nv_msi_ht_cap_quirk didn't locate host bridge
[    5.767893] pcieport 0000:00:02.0: enabling device (0140 -> 0143)
[    5.774223] pcieport 0000:00:02.0: Signaling PME with IRQ 394
[    5.780270] r8169 Gigabit Ethernet driver 2.3LK-NAPI loaded
[    5.785904] r8169 0000:02:00.0: enabling device (0140 -> 0143)
[    5.817073] r8169 0000:02:00.0 eth0: RTL8168g/8111g at 0xf0b54000, 00:04:4b:3a:d9:81, XID 0c000800 IRQ 395
[    5.826763] r8169 0000:02:00.0 eth0: jumbo features [frames: 9200 bytes, tx checksumming: ko]
[    5.839597] +1.05V_RUN_AVDD_HDMI_PLL: supplied by +1.05V_RUN
[    5.847543] of: dev_pm_opp_of_cpumask_add_table: couldn't find opp table for cpu:0, -19
[    5.855637] cpufreq: cpufreq_online: CPU0: Running at unlisted freq: 696000 KHz
[    5.862952] cpufreq: cpufreq_online: CPU0: Unlisted initial frequency changed to: 714000 KHz
[    5.872088] input: gpio-keys as /devices/soc0/gpio-keys/input/input0
[    5.879370] as3722-rtc as3722-rtc: setting system clock to 2000-01-01 00:00:17 UTC (946684817)
[    5.888335] +3.3V_AVDD_HDMI_AP_GATED: disabling
[    5.892857] +USB0_VBUS_SW: disabling
[    5.896455] +1.05V_RUN_AVDD_HDMI_PLL: disabling
[    5.900982] +5V_HDMI_CON: disabling
[    5.904470] +1.8V_RUN_CAM: disabling
[    5.908309] +2.8V_RUN_CAM: disabling
[    5.912091] +1.2V_RUN_CAM_FRONT: disabling
[    5.916439] +1.05V_RUN_CAM_REAR: disabling
[    5.920693] +3.3V_RUN_TOUCH: disabling
[    5.924598] +2.8V_RUN_CAM_AF: disabling
[    5.928670] +1.8V_RUN_VPP_FUSE: disabling
[    5.933755] EXT4-fs (mmcblk0p1): mounting ext3 file system using the ext4 subsystem
[    5.955905] EXT4-fs (mmcblk0p1): recovery complete
[    5.960693] EXT4-fs (mmcblk0p1): mounted filesystem with ordered data mode. Opts: (null)
[    5.968820] VFS: Mounted root (ext3 filesystem) on device 179:1.
[    5.977828] devtmpfs: mounted
[    5.981536] Freeing unused kernel memory: 2048K
bash: cannot set terminal process group (-1): Inappropriate ioctl for device
bash: no job control in this shell
root@(none):/# mount -t sysfs none /sys
root@(none):/# 
root@(none):/# mount -t debugfs none /sys/kernel/debug
root@(none):/# 
root@(none):/# rtcwake -d rtc1 -m mem -s 3
rtcwake: assuming RTC uses UTC ...
rtcwake: wakeup from "mem" using /dev/rtc1 at Thu Jan  1 00:00:23 1970
[    9.509203] PM: Syncing filesystems ... done.
[    9.518928] Freezing user space processes ... (elapsed 0.001 seconds) done.
[    9.527606] OOM killer disabled.
[    9.530847] Freezing remaining freezable tasks ... (elapsed 0.001 seconds) done.
[    9.540106] Suspending console(s) (use no_console_suspend to debug)
[    9.658068] PM: suspend of devices complete after 108.648 msecs
[    9.667516] PM: late suspend of devices complete after 9.408 msecs
[    9.702001] PM: noirq suspend of devices complete after 34.453 msecs
[    9.702015] Disabling non-boot CPUs ...
[    9.703851] IRQ357 no longer affine to CPU1
[   10.078987] IRQ358 no longer affine to CPU2
[   10.130028] IRQ359 no longer affine to CPU3
[   10.178182] Entering suspend state LP1
[   10.178182] Suspended for 2.788 seconds
[   10.178194] Enabling non-boot CPUs ...
[   10.205909] CPU1 is up
[   10.245854] CPU2 is up
[   10.285903] CPU3 is up
[   10.286604] pcieport 0000:00:01.0: nv_msi_ht_cap_quirk didn't locate host bridge
[   10.286625] pcieport 0000:00:02.0: nv_msi_ht_cap_quirk didn't locate host bridge
[   10.315452] PM: noirq resume of devices complete after 29.543 msecs
[   10.316905] PM: early resume of devices complete after 1.117 msecs
[   10.345609] PM: resume of devices complete after 28.691 msecs
[   10.432493] OOM killer enabled.
[   10.435625] Restarting tasks ... done.
root@(none):/# 
root@(none):/# [   10.647984] ata1: SATA link down (SStatus 0 SControl 300)
rtcwake -d rtc1 -m mem -s 3
rtcwake: assuming RTC uses UTC ...
rtcwake: wakeup from "mem" using /dev/rtc1 at Thu Jan  1 00:00:28 1970
[   11.735606] PM: Syncing filesystems ... done.
[   11.743840] Freezing user space processes ... (elapsed 0.001 seconds) done.
[   11.752441] OOM killer disabled.
[   11.755707] Freezing remaining freezable tasks ... (elapsed 0.001 seconds) done.
[   11.764799] Suspending console(s) (use no_console_suspend to debug)
[   11.774004] pci_generic_config_write32: 118 callbacks suppressed
[   11.774037] pci_bus 0000:00: 2-byte config write to 0000:00:02.0 offset 0x9c may corrupt adjacent RW1C bits
[   11.774079] pci_bus 0000:00: 2-byte config write to 0000:00:01.0 offset 0x9c may corrupt adjacent RW1C bits
[   11.888823] PM: suspend of devices complete after 115.283 msecs
[   11.900593] PM: late suspend of devices complete after 11.729 msecs
[   11.902141] pci_bus 0000:02: 2-byte config write to 0000:02:00.0 offset 0x44 may corrupt adjacent RW1C bits
[   11.902202] pci_bus 0000:02: 2-byte config write to 0000:02:00.0 offset 0x44 may corrupt adjacent RW1C bits
[   11.931801] PM: noirq suspend of devices complete after 31.175 msecs
[   11.931815] Disabling non-boot CPUs ...
[   11.933660] IRQ357 no longer affine to CPU1
[   11.989681] IRQ358 no longer affine to CPU2
[   12.048723] IRQ17 no longer affine to CPU3
[   12.049269] IRQ359 no longer affine to CPU3
[   12.097383] Entering suspend state LP1
[   12.097383] Suspended for 3.080 seconds
[   12.097395] Enabling non-boot CPUs ...
[   12.125881] CPU1 is up
[   12.165812] CPU2 is up
[   12.205852] CPU3 is up
[   12.206434] pci_bus 0000:00: 2-byte config write to 0000:00:02.0 offset 0x4c may corrupt adjacent RW1C bits
[   12.206441] pci_bus 0000:00: 2-byte config write to 0000:00:01.0 offset 0x4c may corrupt adjacent RW1C bits
[   12.206454] pci_bus 0000:00: 2-byte config write to 0000:00:02.0 offset 0x88 may corrupt adjacent RW1C bits
[   12.206460] pci_bus 0000:00: 2-byte config write to 0000:00:01.0 offset 0x88 may corrupt adjacent RW1C bits
[   12.206466] pci_bus 0000:00: 2-byte config write to 0000:00:02.0 offset 0x90 may corrupt adjacent RW1C bits
[   12.206472] pci_bus 0000:00: 2-byte config write to 0000:00:01.0 offset 0x90 may corrupt adjacent RW1C bits
[   12.206576] pcieport 0000:00:02.0: nv_msi_ht_cap_quirk didn't locate host bridge
[   12.206578] pcieport 0000:00:01.0: nv_msi_ht_cap_quirk didn't locate host bridge
[   12.235423] PM: noirq resume of devices complete after 29.566 msecs
[   12.236716] PM: early resume of devices complete after 0.958 msecs
[   12.265591] PM: resume of devices complete after 28.866 msecs
[   12.459783] OOM killer enabled.
[   12.462919] Restarting tasks ... done.
root@(none):/# 
root@(none):/# [   12.567896] ata1: SATA link down (SStatus 0 SControl 300)
rtcwake -d rtc1 -m mem -s 3
rtcwake: assuming RTC uses UTC ...
rtcwake: wakeup from "mem" using /dev/rtc1 at Thu Jan  1 00:00:33 1970
[   13.654931] PM: Syncing filesystems ... done.
[   13.662826] Freezing user space processes ... (elapsed 0.001 seconds) done.
[   13.671440] OOM killer disabled.
[   13.674675] Freezing remaining freezable tasks ... (elapsed 0.001 seconds) done.
[   13.683766] Suspending console(s) (use no_console_suspend to debug)
[   13.779523] PM: suspend of devices complete after 87.024 msecs
[   13.788004] PM: late suspend of devices complete after 8.442 msecs
[   13.821843] PM: noirq suspend of devices complete after 33.810 msecs
[   13.821857] Disabling non-boot CPUs ...
[   13.823750] IRQ357 no longer affine to CPU1
[   13.879674] IRQ358 no longer affine to CPU2
[   13.939062] IRQ359 no longer affine to CPU3
[   13.967720] Entering suspend state LP1
[   13.967720] Suspended for 3.129 seconds
[   13.967732] Enabling non-boot CPUs ...
[   13.995868] CPU1 is up
[   14.035791] CPU2 is up
[   14.075831] CPU3 is up
[   14.076474] pcieport 0000:00:02.0: nv_msi_ht_cap_quirk didn't locate host bridge
[   14.076544] pcieport 0000:00:01.0: nv_msi_ht_cap_quirk didn't locate host bridge
[   14.105385] PM: noirq resume of devices complete after 29.548 msecs
[   14.107213] PM: early resume of devices complete after 1.499 msecs
[   14.135551] PM: resume of devices complete after 28.328 msecs
[   14.222361] OOM killer enabled.
[   14.225492] Restarting tasks ... done.
root@(none):/# 
root@(none):/# [   14.437917] ata1: SATA link down (SStatus 0 SControl 300)
rtcwake -d rtc1 -m mem -s 3
rtcwake: assuming RTC uses UTC ...
rtcwake: wakeup from "mem" using /dev/rtc1 at Thu Jan  1 00:00:38 1970
[   15.525107] PM: Syncing filesystems ... done.
[   15.532824] Freezing user space processes ... (elapsed 0.001 seconds) done.
[   15.541439] OOM killer disabled.
[   15.544675] Freezing remaining freezable tasks ... (elapsed 0.001 seconds) done.
[   15.553767] Suspending console(s) (use no_console_suspend to debug)
[   15.678873] PM: suspend of devices complete after 116.371 msecs
[   15.690557] PM: late suspend of devices complete after 11.643 msecs
[   15.721940] PM: noirq suspend of devices complete after 31.351 msecs
[   15.721954] Disabling non-boot CPUs ...
[   15.723328] IRQ17 no longer affine to CPU1
[   15.723837] IRQ357 no longer affine to CPU1
[   15.779539] IRQ358 no longer affine to CPU2
[   15.839589] IRQ359 no longer affine to CPU3
[   15.887236] Entering suspend state LP1
[   15.887236] Suspended for 3.080 seconds
[   15.887248] Enabling non-boot CPUs ...
[   15.915802] CPU1 is up
[   15.955744] CPU2 is up
[   15.995785] CPU3 is up
[   15.996413] pcieport 0000:00:01.0: nv_msi_ht_cap_quirk didn't locate host bridge
[   15.996572] pcieport 0000:00:02.0: nv_msi_ht_cap_quirk didn't locate host bridge
[   16.025344] PM: noirq resume of devices complete after 29.554 msecs
[   16.027384] PM: early resume of devices complete after 1.725 msecs
[   16.055451] PM: resume of devices complete after 28.057 msecs
[   16.146527] OOM killer enabled.
[   16.149655] Restarting tasks ... done.
root@(none):/# 
root@(none):/# [   16.357879] ata1: SATA link down (SStatus 0 SControl 300)
rtcwake -d rtc1 -m mem -s 3
rtcwake: assuming RTC uses UTC ...
rtcwake: wakeup from "mem" using /dev/rtc1 at Thu Jan  1 00:00:43 1970
[   17.448856] PM: Syncing filesystems ... done.
[   17.455040] Freezing user space processes ... (elapsed 0.001 seconds) done.
[   17.463476] OOM killer disabled.
[   17.466744] Freezing remaining freezable tasks ... (elapsed 0.001 seconds) done.
[   17.475669] Suspending console(s) (use no_console_suspend to debug)
[   17.483936] pci_generic_config_write32: 116 callbacks suppressed
[   17.483959] pci_bus 0000:00: 2-byte config write to 0000:00:02.0 offset 0x9c may corrupt adjacent RW1C bits
[   17.484006] pci_bus 0000:00: 2-byte config write to 0000:00:01.0 offset 0x9c may corrupt adjacent RW1C bits
[   17.598462] PM: suspend of devices complete after 114.863 msecs
[   17.605134] PM: late suspend of devices complete after 6.644 msecs
[   17.606254] pci_bus 0000:02: 2-byte config write to 0000:02:00.0 offset 0x44 may corrupt adjacent RW1C bits
[   17.606302] pci_bus 0000:02: 2-byte config write to 0000:02:00.0 offset 0x44 may corrupt adjacent RW1C bits
[   17.639573] PM: noirq suspend of devices complete after 34.416 msecs
[   17.639582] Disabling non-boot CPUs ...
[   17.640526] IRQ17 no longer affine to CPU1
[   17.640869] IRQ357 no longer affine to CPU1
[   17.698287] IRQ358 no longer affine to CPU2
[   17.757763] IRQ359 no longer affine to CPU3
[   17.786877] Entering suspend state LP1
[   17.786877] Suspended for 3.100 seconds
[   17.786889] Enabling non-boot CPUs ...
[   17.815788] CPU1 is up
[   17.855713] CPU2 is up
[   17.895756] CPU3 is up
[   17.896338] pci_bus 0000:00: 2-byte config write to 0000:00:01.0 offset 0x4c may corrupt adjacent RW1C bits
[   17.896349] pci_bus 0000:00: 2-byte config write to 0000:00:02.0 offset 0x4c may corrupt adjacent RW1C bits
[   17.896359] pci_bus 0000:00: 2-byte config write to 0000:00:01.0 offset 0x88 may corrupt adjacent RW1C bits
[   17.896366] pci_bus 0000:00: 2-byte config write to 0000:00:01.0 offset 0x90 may corrupt adjacent RW1C bits
[   17.896372] pci_bus 0000:00: 2-byte config write to 0000:00:02.0 offset 0x88 may corrupt adjacent RW1C bits
[   17.896378] pci_bus 0000:00: 2-byte config write to 0000:00:01.0 offset 0x98 may corrupt adjacent RW1C bits
[   17.896483] pcieport 0000:00:01.0: nv_msi_ht_cap_quirk didn't locate host bridge
[   17.896485] pcieport 0000:00:02.0: nv_msi_ht_cap_quirk didn't locate host bridge
[   17.925314] PM: noirq resume of devices complete after 29.552 msecs
[   17.927137] PM: early resume of devices complete after 1.499 msecs
[   17.955479] PM: resume of devices complete after 28.331 msecs
[   18.149678] OOM killer enabled.
[   18.152814] Restarting tasks ... done.
root@(none):/# 
root@(none):/# [   18.257643] ata1: SATA link down (SStatus 0 SControl 300)
rtcwake -d rtc1 -m mem -s 3
rtcwake: assuming RTC uses UTC ...
rtcwake: wakeup from "mem" using /dev/rtc1 at Thu Jan  1 00:00:48 1970
[   19.343660] PM: Syncing filesystems ... done.
[   19.351419] Freezing user space processes ... (elapsed 0.001 seconds) done.
[   19.360039] OOM killer disabled.
[   19.363275] Freezing remaining freezable tasks ... (elapsed 0.001 seconds) done.
[   19.372411] Suspending console(s) (use no_console_suspend to debug)
[   19.488886] PM: suspend of devices complete after 107.764 msecs
[   19.500533] PM: late suspend of devices complete after 11.605 msecs
[   19.531721] PM: noirq suspend of devices complete after 31.157 msecs
[   19.531735] Disabling non-boot CPUs ...
[   19.533581] IRQ357 no longer affine to CPU1
[   19.589601] IRQ358 no longer affine to CPU2
[   19.677656] Entering suspend state LP1
[   19.677656] Suspended for 3.109 seconds
[   19.677668] Enabling non-boot CPUs ...
[   19.705763] CPU1 is up
[   19.745690] CPU2 is up
[   19.785725] CPU3 is up
[   19.786424] pcieport 0000:00:02.0: nv_msi_ht_cap_quirk didn't locate host bridge
[   19.786426] pcieport 0000:00:01.0: nv_msi_ht_cap_quirk didn't locate host bridge
[   19.815272] PM: noirq resume of devices complete after 29.541 msecs
[   19.816796] PM: early resume of devices complete after 1.174 msecs
[   19.845443] PM: resume of devices complete after 28.637 msecs
[   19.928276] OOM killer enabled.
[   19.931404] Restarting tasks ... done.
root@(none):/# 
root@(none):/# [   20.147811] ata1: SATA link down (SStatus 0 SControl 300)
rtcwake -d rtc1 -m mem -s 3
rtcwake: assuming RTC uses UTC ...
rtcwake: wakeup from "mem" using /dev/rtc1 at Thu Jan  1 00:00:53 1970
[   21.242878] PM: Syncing filesystems ... done.
[   21.250942] Freezing user space processes ... (elapsed 0.001 seconds) done.
[   21.259560] OOM killer disabled.
[   21.262795] Freezing remaining freezable tasks ... (elapsed 0.001 seconds) done.
[   21.271932] Suspending console(s) (use no_console_suspend to debug)
[   21.388680] PM: suspend of devices complete after 108.037 msecs
[   21.397251] PM: late suspend of devices complete after 8.532 msecs
[   21.431749] PM: noirq suspend of devices complete after 34.468 msecs
[   21.431763] Disabling non-boot CPUs ...
[   21.433162] migrate_irqs: 1 callbacks suppressed
[   21.433180] IRQ17 no longer affine to CPU1
[   21.433686] IRQ357 no longer affine to CPU1
[   21.489502] IRQ358 no longer affine to CPU2
[   21.549427] IRQ359 no longer affine to CPU3
[   21.597181] Entering suspend state LP1
[   21.597181] Suspended for 3.080 seconds
[   21.597192] Enabling non-boot CPUs ...
[   21.625713] CPU1 is up
[   21.665654] CPU2 is up
[   21.705687] CPU3 is up
[   21.706352] pcieport 0000:00:01.0: nv_msi_ht_cap_quirk didn't locate host bridge
[   21.706436] pcieport 0000:00:02.0: nv_msi_ht_cap_quirk didn't locate host bridge
[   21.735235] PM: noirq resume of devices complete after 29.543 msecs
[   21.737289] PM: early resume of devices complete after 1.717 msecs
[   21.765406] PM: resume of devices complete after 28.107 msecs
[   21.861003] OOM killer enabled.
[   21.864131] Restarting tasks ... done.
root@(none):/# 
root@(none):/# [   22.067772] ata1: SATA link down (SStatus 0 SControl 300)
rtcwake -d rtc1 -m mem -s 3
rtcwake: assuming RTC uses UTC ...
rtcwake: wakeup from "mem" using /dev/rtc1 at Thu Jan  1 00:00:58 1970
[   23.162912] PM: Syncing filesystems ... done.
[   23.170933] Freezing user space processes ... (elapsed 0.001 seconds) done.
[   23.179548] OOM killer disabled.
[   23.182785] Freezing remaining freezable tasks ... (elapsed 0.001 seconds) done.
[   23.191921] Suspending console(s) (use no_console_suspend to debug)
[   23.201114] pci_generic_config_write32: 116 callbacks suppressed
[   23.201149] pci_bus 0000:00: 2-byte config write to 0000:00:02.0 offset 0x9c may corrupt adjacent RW1C bits
[   23.201231] pci_bus 0000:00: 2-byte config write to 0000:00:01.0 offset 0x9c may corrupt adjacent RW1C bits
[   23.308805] PM: suspend of devices complete after 108.172 msecs
[   23.319782] PM: late suspend of devices complete after 10.937 msecs
[   23.321252] pci_bus 0000:02: 2-byte config write to 0000:02:00.0 offset 0x44 may corrupt adjacent RW1C bits
[   23.321317] pci_bus 0000:02: 2-byte config write to 0000:02:00.0 offset 0x44 may corrupt adjacent RW1C bits
[   23.351731] PM: noirq suspend of devices complete after 31.917 msecs
[   23.351745] Disabling non-boot CPUs ...
[   23.353117] IRQ17 no longer affine to CPU1
[   23.353625] IRQ357 no longer affine to CPU1
[   23.409430] IRQ358 no longer affine to CPU2
[   23.469391] IRQ359 no longer affine to CPU3
[   23.517073] Entering suspend state LP1
[   23.517073] Suspended for 3.079 seconds
[   23.517086] Enabling non-boot CPUs ...
[   23.545666] CPU1 is up
[   23.585612] CPU2 is up
[   23.625652] CPU3 is up
[   23.626229] pci_bus 0000:00: 2-byte config write to 0000:00:01.0 offset 0x4c may corrupt adjacent RW1C bits
[   23.626240] pci_bus 0000:00: 2-byte config write to 0000:00:01.0 offset 0x88 may corrupt adjacent RW1C bits
[   23.626246] pci_bus 0000:00: 2-byte config write to 0000:00:01.0 offset 0x90 may corrupt adjacent RW1C bits
[   23.626251] pci_bus 0000:00: 2-byte config write to 0000:00:01.0 offset 0x98 may corrupt adjacent RW1C bits
[   23.626256] pci_bus 0000:00: 2-byte config write to 0000:00:01.0 offset 0x9c may corrupt adjacent RW1C bits
[   23.626262] pci_bus 0000:00: 2-byte config write to 0000:00:01.0 offset 0xa8 may corrupt adjacent RW1C bits
[   23.626317] pcieport 0000:00:01.0: nv_msi_ht_cap_quirk didn't locate host bridge
[   23.626476] pcieport 0000:00:02.0: nv_msi_ht_cap_quirk didn't locate host bridge
[   23.655204] PM: noirq resume of devices complete after 29.546 msecs
[   23.656962] PM: early resume of devices complete after 1.436 msecs
[   23.685370] PM: resume of devices complete after 28.397 msecs
[   23.879605] OOM killer enabled.
[   23.882742] Restarting tasks ... done.
root@(none):/# 
root@(none):/# [   23.987686] ata1: SATA link down (SStatus 0 SControl 300)
rtcwake -d rtc1 -m mem -s 3
rtcwake: assuming RTC uses UTC ...
rtcwake: wakeup from "mem" using /dev/rtc1 at Thu Jan  1 00:01:03 1970
[   25.083056] PM: Syncing filesystems ... done.
[   25.090930] Freezing user space processes ... (elapsed 0.001 seconds) done.
[   25.099555] OOM killer disabled.
[   25.102791] Freezing remaining freezable tasks ... (elapsed 0.001 seconds) done.
[   25.111935] Suspending console(s) (use no_console_suspend to debug)
[   25.228845] PM: suspend of devices complete after 108.195 msecs
[   25.239827] PM: late suspend of devices complete after 10.941 msecs
[   25.271606] PM: noirq suspend of devices complete after 31.747 msecs
[   25.271620] Disabling non-boot CPUs ...
[   25.273015] IRQ17 no longer affine to CPU1
[   25.273522] IRQ357 no longer affine to CPU1
[   25.427455] Entering suspend state LP1
[   25.427455] Suspended for 3.089 seconds
[   25.427467] Enabling non-boot CPUs ...
[   25.455636] CPU1 is up
[   25.495573] CPU2 is up
[   25.535606] CPU3 is up
[   25.536298] pcieport 0000:00:02.0: nv_msi_ht_cap_quirk didn't locate host bridge
[   25.536301] pcieport 0000:00:01.0: nv_msi_ht_cap_quirk didn't locate host bridge
[   25.565162] PM: noirq resume of devices complete after 29.551 msecs
[   25.566886] PM: early resume of devices complete after 1.401 msecs
[   25.595335] PM: resume of devices complete after 28.440 msecs
[   25.678082] OOM killer enabled.
[   25.681211] Restarting tasks ... done.
root@(none):/# 
root@(none):/# [   25.897706] ata1: SATA link down (SStatus 0 SControl 300)
rtcwake -d rtc1 -m mem -s 3
rtcwake: assuming RTC uses UTC ...
rtcwake: wakeup from "mem" using /dev/rtc1 at Thu Jan  1 00:01:08 1970
[   26.992533] PM: Syncing filesystems ... done.
[   27.000470] Freezing user space processes ... (elapsed 0.001 seconds) done.
[   27.009057] OOM killer disabled.
[   27.012294] Freezing remaining freezable tasks ... (elapsed 0.001 seconds) done.
[   27.021429] Suspending console(s) (use no_console_suspend to debug)
[   27.138680] PM: suspend of devices complete after 108.542 msecs
[   27.150222] PM: late suspend of devices complete after 11.501 msecs
[   27.181511] PM: noirq suspend of devices complete after 31.258 msecs
[   27.181525] Disabling non-boot CPUs ...
[   27.183386] migrate_irqs: 2 callbacks suppressed
[   27.183404] IRQ357 no longer affine to CPU1
[   27.239540] IRQ358 no longer affine to CPU2
[   27.298764] IRQ359 no longer affine to CPU3
[   27.327506] Entering suspend state LP1
[   27.327506] Suspended for 3.099 seconds
[   27.327518] Enabling non-boot CPUs ...
[   27.355615] CPU1 is up
[   27.395537] CPU2 is up
[   27.435584] CPU3 is up
[   27.436305] pcieport 0000:00:02.0: nv_msi_ht_cap_quirk didn't locate host bridge
[   27.436307] pcieport 0000:00:01.0: nv_msi_ht_cap_quirk didn't locate host bridge
[   27.465132] PM: noirq resume of devices complete after 29.542 msecs
[   27.466670] PM: early resume of devices complete after 1.196 msecs
[   27.495304] PM: resume of devices complete after 28.624 msecs
[   27.586893] OOM killer enabled.
[   27.590023] Restarting tasks ... done.
root@(none):/# 
root@(none):/# [   27.797662] ata1: SATA link down (SStatus 0 SControl 300)
NVTB SYSTEM SUSPEND TEST COMPLETE
