[    0.000000] Booting Linux on physical CPU 0x0
[    0.000000] Linux version 4.8.0-rc5-next-20160909-141747-gd221eb9 (pwalmsley@tamien) (gcc version 4.9.2 20140904 (prerelease) (crosstool-NG linaro-1.13.1-4.9-2014.09 - Linaro GCC 4.9-2014.09) ) #1 SMP PREEMPT Thu Sep 8 22:52:56 PDT 2016
[    0.000000] Boot CPU: AArch64 Processor [411fd070]
[    0.000000] Memory limited to 1024MB
[    0.000000] efi: Getting EFI parameters from FDT:
[    0.000000] efi: UEFI not found.
[    0.000000] cma: Reserved 16 MiB at 0x000000007f000000
[    0.000000] psci: probing for conduit method from DT.
[    0.000000] psci: PSCIv0.2 detected in firmware.
[    0.000000] psci: Using standard PSCI v0.2 function IDs
[    0.000000] psci: Trusted OS migration not required
[    0.000000] percpu: Embedded 21 pages/cpu @ffff80003efcf000 s47488 r8192 d30336 u86016
[    0.000000] Detected PIPT I-cache on CPU0
[    0.000000] CPU features: enabling workaround for ARM erratum 832075
[    0.000000] CPU features: enabling workaround for ARM erratum 834220
[    0.000000] Built 1 zonelists in Zone order, mobility grouping on.  Total pages: 258048
[    0.000000] Kernel command line: root=/dev/vda2 rw rootwait mem=1024M console=ttyAMA0,38400n8 init=/bin/bash
[    0.000000] PID hash table entries: 4096 (order: 3, 32768 bytes)
[    0.000000] Dentry cache hash table entries: 131072 (order: 8, 1048576 bytes)
[    0.000000] Inode-cache hash table entries: 65536 (order: 7, 524288 bytes)
[    0.000000] Memory: 1000060K/1048576K available (7996K kernel code, 822K rwdata, 3792K rodata, 960K init, 272K bss, 32132K reserved, 16384K cma-reserved)
[    0.000000] Virtual kernel memory layout:
[    0.000000]     modules : 0xffff000000000000 - 0xffff000008000000   (   128 MB)
[    0.000000]     vmalloc : 0xffff000008000000 - 0xffff7dffbfff0000   (129022 GB)
[    0.000000]       .text : 0xffff000008080000 - 0xffff000008850000   (  8000 KB)
[    0.000000]     .rodata : 0xffff000008850000 - 0xffff000008c10000   (  3840 KB)
[    0.000000]       .init : 0xffff000008c10000 - 0xffff000008d00000   (   960 KB)
[    0.000000]       .data : 0xffff000008d00000 - 0xffff000008dcda00   (   823 KB)
[    0.000000]        .bss : 0xffff000008dcda00 - 0xffff000008e11dc0   (   273 KB)
[    0.000000]     fixed   : 0xffff7dfffe7fd000 - 0xffff7dfffec00000   (  4108 KB)
[    0.000000]     PCI I/O : 0xffff7dfffee00000 - 0xffff7dffffe00000   (    16 MB)
[    0.000000]     vmemmap : 0xffff7e0000000000 - 0xffff800000000000   (  2048 GB maximum)
[    0.000000]               0xffff7e0000000000 - 0xffff7e0001000000   (    16 MB actual)
[    0.000000]     memory  : 0xffff800000000000 - 0xffff800040000000   (  1024 MB)
[    0.000000] SLUB: HWalign=64, Order=0-3, MinObjects=0, CPUs=1, Nodes=1
[    0.000000] Preemptible hierarchical RCU implementation.
[    0.000000] 	Build-time adjustment of leaf fanout to 64.
[    0.000000] 	RCU restricting CPUs from NR_CPUS=64 to nr_cpu_ids=1.
[    0.000000] RCU: Adjusting geometry for rcu_fanout_leaf=64, nr_cpu_ids=1
[    0.000000] NR_IRQS:64 nr_irqs:64 0
[    0.000000] GICv2m: range[mem 0x08020000-0x08020fff], SPI[80:143]
[    0.000000] arm_arch_timer: WARNING: Invalid trigger for IRQ3, assuming level low
[    0.000000] arm_arch_timer: WARNING: Please fix your firmware
[    0.000000] arm_arch_timer: Architected cp15 timer(s) running at 62.50MHz (virt).
[    0.000000] clocksource: arch_sys_counter: mask: 0xffffffffffffff max_cycles: 0x1cd42e208c, max_idle_ns: 881590405314 ns
[    0.000167] sched_clock: 56 bits at 62MHz, resolution 16ns, wraps every 4398046511096ns
[    0.007020] Console: colour dummy device 80x25
[    0.007796] Calibrating delay loop (skipped), value calculated using timer frequency.. 125.00 BogoMIPS (lpj=250000)
[    0.008085] pid_max: default: 32768 minimum: 301
[    0.009308] Security Framework initialized
[    0.009861] Mount-cache hash table entries: 2048 (order: 2, 16384 bytes)
[    0.009909] Mountpoint-cache hash table entries: 2048 (order: 2, 16384 bytes)
[    0.037150] ASID allocator initialised with 65536 entries
[    0.064459] EFI services will not be available.
[    0.079338] Brought up 1 CPUs
[    0.079407] SMP: Total of 1 processors activated.
[    0.079515] CPU features: detected feature: 32-bit EL0 Support
[    0.079785] CPU: All CPU(s) started at EL1
[    0.080540] alternatives: patching kernel code
[    0.085361] span: 0 (max cpu_capacity = 1024)
[    0.097606] devtmpfs: initialized
[    0.110924] DMI not present or invalid.
[    0.120959] clocksource: jiffies: mask: 0xffffffff max_cycles: 0xffffffff, max_idle_ns: 7645041785100000 ns
[    0.124507] pinctrl core: initialized pinctrl subsystem
[    0.151999] NET: Registered protocol family 16
[    0.181165] cpuidle: using governor menu
[    0.182543] vdso: 2 pages (1 code @ ffff000008857000, 1 data @ ffff000008d04000)
[    0.182822] hw-breakpoint: found 6 breakpoint and 4 watchpoint registers.
[    0.192033] DMA: preallocated 256 KiB pool for atomic allocations
[    0.197875] Serial: AMBA PL011 UART driver
[    0.277176] 9000000.pl011: ttyAMA0 at MMIO 0x9000000 (irq = 39, base_baud = 0) is a PL011 rev1
[    0.310544] console [ttyAMA0] enabled
[    0.321972] irq: type mismatch, failed to map hwirq-27 for /intc!
[    0.512749] HugeTLB registered 2 MB page size, pre-allocated 0 pages
[    0.529725] ACPI: Interpreter disabled.
[    0.539237] vgaarb: loaded
[    0.543489] SCSI subsystem initialized
[    0.556304] usbcore: registered new interface driver usbfs
[    0.558189] usbcore: registered new interface driver hub
[    0.559668] usbcore: registered new device driver usb
[    0.567636] pps_core: LinuxPPS API ver. 1 registered
[    0.568089] pps_core: Software ver. 5.3.6 - Copyright 2005-2007 Rodolfo Giometti <giometti@linux.it>
[    0.570022] PTP clock support registered
[    0.575158] dmi: Firmware registration failed.
[    0.580437] Advanced Linux Sound Architecture Driver Initialized.
[    0.597457] clocksource: Switched to clocksource arch_sys_counter
[    0.600594] VFS: Disk quotas dquot_6.6.0
[    0.602158] VFS: Dquot-cache hash table entries: 512 (order 0, 4096 bytes)
[    0.607030] pnp: PnP ACPI: disabled
[    0.714232] NET: Registered protocol family 2
[    0.722961] TCP established hash table entries: 8192 (order: 4, 65536 bytes)
[    0.724516] TCP bind hash table entries: 8192 (order: 5, 131072 bytes)
[    0.725773] TCP: Hash tables configured (established 8192 bind 8192)
[    0.727215] UDP hash table entries: 512 (order: 2, 16384 bytes)
[    0.727684] UDP-Lite hash table entries: 512 (order: 2, 16384 bytes)
[    0.730098] NET: Registered protocol family 1
[    0.733796] RPC: Registered named UNIX socket transport module.
[    0.734169] RPC: Registered udp transport module.
[    0.734428] RPC: Registered tcp transport module.
[    0.734651] RPC: Registered tcp NFSv4.1 backchannel transport module.
[    0.742960] kvm [1]: HYP mode not available
[    0.761780] futex hash table entries: 256 (order: 3, 32768 bytes)
[    0.762877] audit: initializing netlink subsys (disabled)
[    0.763983] audit: type=2000 audit(0.720:1): initialized
[    0.774800] workingset: timestamp_bits=46 max_order=18 bucket_order=0
[    0.872849] squashfs: version 4.0 (2009/01/31) Phillip Lougher
[    0.882896] NFS: Registering the id_resolver key type
[    0.884109] Key type id_resolver registered
[    0.884495] Key type id_legacy registered
[    0.886115] nfs4filelayout_init: NFSv4 File Layout Driver Registering...
[    0.888512] 9p: Installing v9fs 9p2000 file system support
[    0.904944] io scheduler noop registered
[    0.906938] io scheduler cfq registered (default)
[    0.923688] libphy: mdio_driver_register: phy-bcm-ns2-pci
[    0.946673] pl061_gpio 9030000.pl061: PL061 GPIO chip @0x0000000009030000 registered
[    0.958611] OF: PCI: host bridge /pcie@10000000 ranges:
[    0.959519] OF: PCI:    IO 0x3eff0000..0x3effffff -> 0x00000000
[    0.960306] OF: PCI:   MEM 0x10000000..0x3efeffff -> 0x10000000
[    0.960817] OF: PCI:   MEM 0x8000000000..0xffffffffff -> 0x8000000000
[    0.963523] pci-host-generic 3f000000.pcie: ECAM at [mem 0x3f000000-0x3fffffff] for [bus 00-0f]
[    0.966825] pci-host-generic 3f000000.pcie: PCI host bridge to bus 0000:00
[    0.967601] pci_bus 0000:00: root bus resource [bus 00-0f]
[    0.968123] pci_bus 0000:00: root bus resource [io  0x0000-0xffff]
[    0.968619] pci_bus 0000:00: root bus resource [mem 0x10000000-0x3efeffff]
[    0.969661] pci_bus 0000:00: root bus resource [mem 0x8000000000-0xffffffffff]
[    1.019749] xenfs: not registering filesystem on non-xen platform
[    1.074420] Serial: 8250/16550 driver, 4 ports, IRQ sharing disabled
[    1.093917] SuperH (H)SCI(F) driver initialized
[    1.099241] msm_serial: driver initialized
[    1.104532] Unable to detect cache hierarchy from DT for CPU 0
[    1.184976] loop: module loaded
[    1.219342]  vda: vda1 vda2
[    1.262259] libphy: Fixed MDIO Bus: probed
[    1.268758] tun: Universal TUN/TAP device driver, 1.6
[    1.271452] tun: (C) 1999-2004 Max Krasnyansky <maxk@qualcomm.com>
[    1.291420] e1000e: Intel(R) PRO/1000 Network Driver - 3.2.6-k
[    1.291812] e1000e: Copyright(c) 1999 - 2015 Intel Corporation.
[    1.293369] igb: Intel(R) Gigabit Ethernet Network Driver - version 5.3.0-k
[    1.293749] igb: Copyright (c) 2007-2014 Intel Corporation.
[    1.294944] igbvf: Intel(R) Gigabit Virtual Function Network Driver - version 2.0.2-k
[    1.295349] igbvf: Copyright (c) 2009 - 2012 Intel Corporation.
[    1.296751] sky2: driver version 1.30
[    1.304451] VFIO - User Level meta-driver version: 0.3
[    1.328010] ehci_hcd: USB 2.0 'Enhanced' Host Controller (EHCI) Driver
[    1.328475] ehci-pci: EHCI PCI platform driver
[    1.331087] ehci-platform: EHCI generic platform driver
[    1.333639] ehci-exynos: EHCI EXYNOS driver
[    1.335437] ehci-msm: Qualcomm On-Chip EHCI Host Controller
[    1.336824] ohci_hcd: USB 1.1 'Open' Host Controller (OHCI) Driver
[    1.338379] ohci-pci: OHCI PCI platform driver
[    1.339713] ohci-platform: OHCI generic platform driver
[    1.341482] ohci-exynos: OHCI EXYNOS driver
[    1.348725] usbcore: registered new interface driver usb-storage
[    1.366726] mousedev: PS/2 mouse device common for all mice
[    1.382747] rtc-pl031 9010000.pl031: rtc core: registered pl031 as rtc0
[    1.392063] i2c /dev entries driver
[    1.424190] sdhci: Secure Digital Host Controller Interface driver
[    1.424545] sdhci: Copyright(c) Pierre Ossman
[    1.428761] Synopsys Designware Multimedia Card Interface Driver
[    1.436563] sdhci-pltfm: SDHCI platform and OF driver helper
[    1.446495] ledtrig-cpu: registered to indicate activity on CPUs
[    1.461375] usbcore: registered new interface driver usbhid
[    1.461719] usbhid: USB HID core driver
[    1.500371] NET: Registered protocol family 17
[    1.502961] 9pnet: Installing 9P2000 support
[    1.504316] Key type dns_resolver registered
[    1.511414] registered taskstats version 1
[    1.521572] input: gpio-keys as /devices/platform/gpio-keys/input/input0
[    1.527060] rtc-pl031 9010000.pl031: setting system clock to 2016-09-09 05:53:33 UTC (1473400413)
[    1.529551] ALSA device list:
[    1.529780]   No soundcards found.
[    1.533977] uart-pl011 9000000.pl011: no DMA platform data
[    1.541710] EXT4-fs (vda2): couldn't mount as ext3 due to feature incompatibilities
[    2.160001] EXT4-fs (vda2): recovery complete
[    2.163170] EXT4-fs (vda2): mounted filesystem with ordered data mode. Opts: (null)
[    2.163857] VFS: Mounted root (ext4 filesystem) on device 254:2.
[    2.185866] devtmpfs: mounted
[    2.230690] Freeing unused kernel memory: 960K (ffff800000c10000 - ffff800000d00000)
bash: cannot set terminal process group (-1): Inappropriate ioctl for device
bash: no job control in this shell
bash-4.3# 