[    0.000000] Booting Linux on physical CPU 0x0
[    0.000000] Linux version 4.12.0-rc7-next-20170629-301716-g3fb8ba6 (jonathanh@tamien) (gcc version 4.9.2 20140904 (prerelease) (crosstool-NG linaro-1.13.1-4.9-2014.09 - Linaro GCC 4.9-2014.09)) #1 SMP PREEMPT Thu Jun 29 00:40:37 PDT 2017
[    0.000000] Boot CPU: AArch64 Processor [411fd070]
[    0.000000] Machine model: linux,dummy-virt
[    0.000000] Memory limited to 1024MB
[    0.000000] efi: Getting EFI parameters from FDT:
[    0.000000] efi: UEFI not found.
[    0.000000] cma: Reserved 16 MiB at 0x000000007f000000
[    0.000000] NUMA: No NUMA configuration found
[    0.000000] NUMA: Faking a node at [mem 0x0000000000000000-0x000000007fffffff]
[    0.000000] NUMA: Adding memblock [0x40000000 - 0x7fffffff] on node 0
[    0.000000] NUMA: Initmem setup node 0 [mem 0x40000000-0x7fffffff]
[    0.000000] NUMA: NODE_DATA [mem 0x7efe9d00-0x7efeb7ff]
[    0.000000] Zone ranges:
[    0.000000]   DMA      [mem 0x0000000040000000-0x000000007fffffff]
[    0.000000]   Normal   empty
[    0.000000] Movable zone start for each node
[    0.000000] Early memory node ranges
[    0.000000]   node   0: [mem 0x0000000040000000-0x000000007fffffff]
[    0.000000] Initmem setup node 0 [mem 0x0000000040000000-0x000000007fffffff]
[    0.000000] psci: probing for conduit method from DT.
[    0.000000] psci: PSCIv0.2 detected in firmware.
[    0.000000] psci: Using standard PSCI v0.2 function IDs
[    0.000000] psci: Trusted OS migration not required
[    0.000000] percpu: Embedded 26 pages/cpu @ffff80003efcc000 s67968 r8192 d30336 u106496
[    0.000000] Detected PIPT I-cache on CPU0
[    0.000000] CPU features: enabling workaround for ARM erratum 832075
[    0.000000] CPU features: enabling workaround for ARM erratum 834220
[    0.000000] Built 1 zonelists in Node order, mobility grouping on.  Total pages: 258048
[    0.000000] Policy zone: DMA
[    0.000000] Kernel command line: root=/dev/vda2 rw rootwait mem=1024M console=ttyAMA0,38400n8 init=/bin/bash
[    0.000000] PID hash table entries: 4096 (order: 3, 32768 bytes)
[    0.000000] Memory: 999308K/1048576K available (9084K kernel code, 1118K rwdata, 4400K rodata, 1152K init, 401K bss, 32884K reserved, 16384K cma-reserved)
[    0.000000] Virtual kernel memory layout:
[    0.000000]     modules : 0xffff000000000000 - 0xffff000008000000   (   128 MB)
[    0.000000]     vmalloc : 0xffff000008000000 - 0xffff7dffbfff0000   (129022 GB)
[    0.000000]       .text : 0xffff000008080000 - 0xffff000008960000   (  9088 KB)
[    0.000000]     .rodata : 0xffff000008960000 - 0xffff000008db0000   (  4416 KB)
[    0.000000]       .init : 0xffff000008db0000 - 0xffff000008ed0000   (  1152 KB)
[    0.000000]       .data : 0xffff000008ed0000 - 0xffff000008fe7a00   (  1119 KB)
[    0.000000]        .bss : 0xffff000008fe7a00 - 0xffff00000904c0f0   (   402 KB)
[    0.000000]     fixed   : 0xffff7dfffe7fd000 - 0xffff7dfffec00000   (  4108 KB)
[    0.000000]     PCI I/O : 0xffff7dfffee00000 - 0xffff7dffffe00000   (    16 MB)
[    0.000000]     vmemmap : 0xffff7e0000000000 - 0xffff800000000000   (  2048 GB maximum)
[    0.000000]               0xffff7e0000000000 - 0xffff7e0001000000   (    16 MB actual)
[    0.000000]     memory  : 0xffff800000000000 - 0xffff800040000000   (  1024 MB)
[    0.000000] SLUB: HWalign=64, Order=0-3, MinObjects=0, CPUs=1, Nodes=1
[    0.000000] Preemptible hierarchical RCU implementation.
[    0.000000] 	RCU restricting CPUs from NR_CPUS=64 to nr_cpu_ids=1.
[    0.000000] 	Tasks RCU enabled.
[    0.000000] RCU: Adjusting geometry for rcu_fanout_leaf=16, nr_cpu_ids=1
[    0.000000] NR_IRQS: 64, nr_irqs: 64, preallocated irqs: 0
[    0.000000] GICv2m: range[mem 0x08020000-0x08020fff], SPI[80:143]
[    0.000000] arch_timer: WARNING: Invalid trigger for IRQ3, assuming level low
[    0.000000] arch_timer: WARNING: Please fix your firmware
[    0.000000] arch_timer: cp15 timer(s) running at 62.50MHz (virt).
[    0.000000] clocksource: arch_sys_counter: mask: 0xffffffffffffff max_cycles: 0x1cd42e208c, max_idle_ns: 881590405314 ns
[    0.000187] sched_clock: 56 bits at 62MHz, resolution 16ns, wraps every 4398046511096ns
[    0.007303] Console: colour dummy device 80x25
[    0.008591] Calibrating delay loop (skipped), value calculated using timer frequency.. 125.00 BogoMIPS (lpj=250000)
[    0.008770] pid_max: default: 32768 minimum: 301
[    0.010155] Security Framework initialized
[    0.013148] Dentry cache hash table entries: 131072 (order: 8, 1048576 bytes)
[    0.014518] Inode-cache hash table entries: 65536 (order: 7, 524288 bytes)
[    0.014752] Mount-cache hash table entries: 2048 (order: 2, 16384 bytes)
[    0.014884] Mountpoint-cache hash table entries: 2048 (order: 2, 16384 bytes)
[    0.058883] ASID allocator initialised with 65536 entries
[    0.066752] Hierarchical SRCU implementation.
[    0.083520] random: get_random_bytes called from crng_initialize+0x4c/0x11c with crng_init=0
[    0.084700] EFI services will not be available.
[    0.093075] smp: Bringing up secondary CPUs ...
[    0.093195] smp: Brought up 1 node, 1 CPU
[    0.093244] SMP: Total of 1 processors activated.
[    0.093355] CPU features: detected feature: 32-bit EL0 Support
[    0.094550] CPU: All CPU(s) started at EL1
[    0.095238] alternatives: patching kernel code
[    0.117393] devtmpfs: initialized
[    0.131469] clocksource: jiffies: mask: 0xffffffff max_cycles: 0xffffffff, max_idle_ns: 7645041785100000 ns
[    0.131683] futex hash table entries: 256 (order: 3, 32768 bytes)
[    0.135812] pinctrl core: initialized pinctrl subsystem
[    0.160476] random: fast init done
[    0.169678] DMI not present or invalid.
[    0.175415] NET: Registered protocol family 16
[    0.202420] cpuidle: using governor menu
[    0.203704] vdso: 2 pages (1 code @ ffff000008966000, 1 data @ ffff000008ed5000)
[    0.203964] hw-breakpoint: found 6 breakpoint and 4 watchpoint registers.
[    0.213160] DMA: preallocated 256 KiB pool for atomic allocations
[    0.218483] Serial: AMBA PL011 UART driver
[    0.287947] 9000000.pl011: ttyAMA0 at MMIO 0x9000000 (irq = 39, base_baud = 0) is a PL011 rev1
[    0.315557] console [ttyAMA0] enabled
[    0.322342] irq: type mismatch, failed to map hwirq-27 for /intc!
[    0.532485] HugeTLB registered 2.00 MiB page size, pre-allocated 0 pages
[    0.548646] ACPI: Interpreter disabled.
[    0.561215] vgaarb: loaded
[    0.565407] SCSI subsystem initialized
[    0.574865] usbcore: registered new interface driver usbfs
[    0.577487] usbcore: registered new interface driver hub
[    0.578453] usbcore: registered new device driver usb
[    0.588137] pps_core: LinuxPPS API ver. 1 registered
[    0.589452] pps_core: Software ver. 5.3.6 - Copyright 2005-2007 Rodolfo Giometti <giometti@linux.it>
[    0.590571] PTP clock support registered
[    0.593415] EDAC MC: Ver: 3.0.0
[    0.598710] dmi: Firmware registration failed.
[    0.600653] Advanced Linux Sound Architecture Driver Initialized.
[    0.615359] clocksource: Switched to clocksource arch_sys_counter
[    0.616685] VFS: Disk quotas dquot_6.6.0
[    0.617229] VFS: Dquot-cache hash table entries: 512 (order 0, 4096 bytes)
[    0.622968] pnp: PnP ACPI: disabled
[    0.714793] NET: Registered protocol family 2
[    0.722802] TCP established hash table entries: 8192 (order: 4, 65536 bytes)
[    0.724001] TCP bind hash table entries: 8192 (order: 5, 131072 bytes)
[    0.724719] TCP: Hash tables configured (established 8192 bind 8192)
[    0.726465] UDP hash table entries: 512 (order: 2, 16384 bytes)
[    0.727022] UDP-Lite hash table entries: 512 (order: 2, 16384 bytes)
[    0.729239] NET: Registered protocol family 1
[    0.741126] RPC: Registered named UNIX socket transport module.
[    0.741675] RPC: Registered udp transport module.
[    0.742060] RPC: Registered tcp transport module.
[    0.742426] RPC: Registered tcp NFSv4.1 backchannel transport module.
[    0.749701] kvm [1]: HYP mode not available
[    0.766581] audit: initializing netlink subsys (disabled)
[    0.772571] audit: type=2000 audit(0.728:1): state=initialized audit_enabled=0 res=1
[    0.776128] workingset: timestamp_bits=44 max_order=18 bucket_order=0
[    0.854276] squashfs: version 4.0 (2009/01/31) Phillip Lougher
[    0.868273] NFS: Registering the id_resolver key type
[    0.869800] Key type id_resolver registered
[    0.870169] Key type id_legacy registered
[    0.870656] nfs4filelayout_init: NFSv4 File Layout Driver Registering...
[    0.873215] 9p: Installing v9fs 9p2000 file system support
[    0.894542] Block layer SCSI generic (bsg) driver version 0.4 loaded (major 247)
[    0.895059] io scheduler noop registered
[    0.897614] io scheduler cfq registered (default)
[    0.897907] io scheduler mq-deadline registered
[    0.898219] io scheduler kyber registered
[    0.962719] pl061_gpio 9030000.pl061: PL061 GPIO chip @0x0000000009030000 registered
[    0.978254] OF: PCI: host bridge /pcie@10000000 ranges:
[    0.979032] OF: PCI:    IO 0x3eff0000..0x3effffff -> 0x00000000
[    0.980745] OF: PCI:   MEM 0x10000000..0x3efeffff -> 0x10000000
[    0.981207] OF: PCI:   MEM 0x8000000000..0xffffffffff -> 0x8000000000
[    0.982270] pci-host-generic 3f000000.pcie: ECAM at [mem 0x3f000000-0x3fffffff] for [bus 00-0f]
[    0.984789] pci-host-generic 3f000000.pcie: PCI host bridge to bus 0000:00
[    0.985354] pci_bus 0000:00: root bus resource [bus 00-0f]
[    0.985725] pci_bus 0000:00: root bus resource [io  0x0000-0xffff]
[    0.986041] pci_bus 0000:00: root bus resource [mem 0x10000000-0x3efeffff]
[    0.986369] pci_bus 0000:00: root bus resource [mem 0x8000000000-0xffffffffff]
[    1.070173] xenfs: not registering filesystem on non-xen platform
[    1.119985] Serial: 8250/16550 driver, 4 ports, IRQ sharing enabled
[    1.138052] SuperH (H)SCI(F) driver initialized
[    1.142296] msm_serial: driver initialized
[    1.150783] cacheinfo: Unable to detect cache hierarchy for CPU 0
[    1.194930] loop: module loaded
[    1.237189]  vda: vda1 vda2
[    1.255975] hisi_sas: driver version v1.6
[    1.290554] libphy: Fixed MDIO Bus: probed
[    1.297539] tun: Universal TUN/TAP device driver, 1.6
[    1.319930] e1000e: Intel(R) PRO/1000 Network Driver - 3.2.6-k
[    1.320199] e1000e: Copyright(c) 1999 - 2015 Intel Corporation.
[    1.321520] igb: Intel(R) Gigabit Ethernet Network Driver - version 5.4.0-k
[    1.321871] igb: Copyright (c) 2007-2014 Intel Corporation.
[    1.322938] igbvf: Intel(R) Gigabit Virtual Function Network Driver - version 2.4.0-k
[    1.323932] igbvf: Copyright (c) 2009 - 2012 Intel Corporation.
[    1.328277] sky2: driver version 1.30
[    1.334229] VFIO - User Level meta-driver version: 0.3
[    1.357921] ehci_hcd: USB 2.0 'Enhanced' Host Controller (EHCI) Driver
[    1.358300] ehci-pci: EHCI PCI platform driver
[    1.359791] ehci-platform: EHCI generic platform driver
[    1.361328] ehci-orion: EHCI orion driver
[    1.362823] ehci-exynos: EHCI EXYNOS driver
[    1.364631] ehci-msm: Qualcomm On-Chip EHCI Host Controller
[    1.365687] ohci_hcd: USB 1.1 'Open' Host Controller (OHCI) Driver
[    1.366086] ohci-pci: OHCI PCI platform driver
[    1.366878] ohci-platform: OHCI generic platform driver
[    1.369287] ohci-exynos: OHCI EXYNOS driver
[    1.374629] usbcore: registered new interface driver usb-storage
[    1.401687] rtc-pl031 9010000.pl031: rtc core: registered pl031 as rtc0
[    1.409303] i2c /dev entries driver
[    1.449693] sdhci: Secure Digital Host Controller Interface driver
[    1.450009] sdhci: Copyright(c) Pierre Ossman
[    1.454230] Synopsys Designware Multimedia Card Interface Driver
[    1.464289] sdhci-pltfm: SDHCI platform and OF driver helper
[    1.478114] ledtrig-cpu: registered to indicate activity on CPUs
[    1.494185] usbcore: registered new interface driver usbhid
[    1.494492] usbhid: USB HID core driver
[    1.517514] NET: Registered protocol family 17
[    1.519026] 9pnet: Installing 9P2000 support
[    1.520947] Key type dns_resolver registered
[    1.526002] registered taskstats version 1
[    1.537202] input: gpio-keys as /devices/platform/gpio-keys/input/input0
[    1.541525] rtc-pl031 9010000.pl031: setting system clock to 2017-06-29 07:41:39 UTC (1498722099)
[    1.542915] ALSA device list:
[    1.543125]   No soundcards found.
[    1.547777] uart-pl011 9000000.pl011: no DMA platform data
[    1.554639] EXT4-fs (vda2): couldn't mount as ext3 due to feature incompatibilities
[    1.621364] EXT4-fs (vda2): recovery complete
[    1.622194] EXT4-fs (vda2): mounted filesystem with ordered data mode. Opts: (null)
[    1.622823] VFS: Mounted root (ext4 filesystem) on device 254:2.
[    1.626386] devtmpfs: mounted
[    1.674161] Freeing unused kernel memory: 1152K
bash: cannot set terminal process group (-1): Inappropriate ioctl for device
bash: no job control in this shell
bash-4.3# 