

U-Boot 2015.04-00466-gedec83e90172 (Mar 14 2016 - 10:42:01)

TEGRA124
Model: Acer Chromebook 13 CB5-311
DRAM:  4 GiB
:   Tegra SD/MMC: 0, Tegra SD/MMC: 1, Tegra SD/MMC: 2
MMC init failed
Using default environment

In:    serial
Out:   serial
Err:   serial
Net:   Net Initialization Skipped
No ethernet found.
Hit any key to stop autoboot:  2  1  0 
Tegra124 (Nyan-big) # 
Tegra124 (Nyan-big) # usb start
starting USB...
USB0:   USB EHCI 1.10
scanning bus 0 for devices... 2 USB Device(s) found
USB1:   USB EHCI 1.10
scanning bus 1 for devices... 2 USB Device(s) found
       scanning usb for storage devices... 1 Storage Device(s) found
       scanning usb for ethernet devices... 
Warning: asx0 using MAC address from net device
1 Ethernet Device(s) found
Tegra124 (Nyan-big) # mw 0x7000e4a0 0x00080000
Tegra124 (Nyan-big) # setenv bootargs 'ignore_loglevel console=ttyS0,115200n8 rw root=PARTUUID=4d36e82a-b3c0-4b4b-bfcd-afe5217ac023 rootwait gpt debug noinitrd earlyprintk init=/bin/bash'
Tegra124 (Nyan-big) # setenv ipaddr 192.168.100.102; setenv serverip 192.168.100.1; setenv tftpserverip 192.168.100.1
Tegra124 (Nyan-big) # tftpboot 0x82000000 zImage.multi_v7_defconfig
Using asx0 device
TFTP from server 192.168.100.1; our IP address is 192.168.100.102
Filename 'zImage.multi_v7_defconfig'.
Load address: 0x82000000
Loading: *#################################################################
	 #################################################################
	 #################################################################
	 #################################################################
	 #################################################################
	 #################################################################
	 #################################################################
	 ###############################################
	 3.5 MiB/s
done
Bytes transferred = 7357464 (704418 hex)
Tegra124 (Nyan-big) # tftpboot 0x83000000 tegra124-nyan-big.dtb
Using asx0 device
TFTP from server 192.168.100.1; our IP address is 192.168.100.102
Filename 'tegra124-nyan-big.dtb'.
Load address: 0x83000000
Loading: *#####
	 3.4 MiB/s
done
Bytes transferred = 67943 (10967 hex)
Tegra124 (Nyan-big) # bootz 0x82000000 - 0x83000000
Kernel image @ 0x82000000 [ 0x000000 - 0x704418 ]
## Flattened Device Tree blob at 83000000
   Booting using the fdt blob at 0x83000000
   Using Device Tree in place at 83000000, end 83013966

Starting kernel ...

[    0.000000] Booting Linux on physical CPU 0x0
[    0.000000] Linux version 4.9.0-rc6-next-20161123-136740-g272da04 (pwalmsley@sellafield) (gcc version 4.7.3 20130328 (prerelease) (crosstool-NG linaro-1.13.1-4.7-2013.04-20130415 - Linaro GCC 2013.04) ) #1 SMP Wed Nov 23 07:18:30 PST 2016
[    0.000000] CPU: ARMv7 Processor [413fc0f3] revision 3 (ARMv7), cr=10c5387d
[    0.000000] CPU: div instructions available: patching division code
[    0.000000] CPU: PIPT / VIPT nonaliasing data cache, PIPT instruction cache
[    0.000000] OF: fdt:Machine model: Acer Chromebook 13 CB5-311
[    0.000000] OF: fdt:Ignoring memory range 0x100000000 - 0x17ffff000
[    0.000000] debug: ignoring loglevel setting.
[    0.000000] efi: Getting EFI parameters from FDT:
[    0.000000] efi: UEFI not found.
[    0.000000] cma: Reserved 64 MiB at 0xfb800000
[    0.000000] Memory policy: Data cache writealloc
[    0.000000] On node 0 totalpages: 524287
[    0.000000] free_area_init_node: node 0, pgdat c1429680, node_mem_map eeff8000
[    0.000000]   DMA zone: 1536 pages used for memmap
[    0.000000]   DMA zone: 0 pages reserved
[    0.000000]   DMA zone: 196608 pages, LIFO batch:31
[    0.000000]   HighMem zone: 327679 pages, LIFO batch:31
[    0.000000] percpu: Embedded 14 pages/cpu @eef8d000 s26688 r8192 d22464 u57344
[    0.000000] pcpu-alloc: s26688 r8192 d22464 u57344 alloc=14*4096
[    0.000000] pcpu-alloc: [0] 0 [0] 1 [0] 2 [0] 3 
[    0.000000] Built 1 zonelists in Zone order, mobility grouping on.  Total pages: 522751
[    0.000000] Kernel command line: ignore_loglevel console=ttyS0,115200n8 rw root=PARTUUID=4d36e82a-b3c0-4b4b-bfcd-afe5217ac023 rootwait gpt debug noinitrd earlyprintk init=/bin/bash
[    0.000000] PID hash table entries: 4096 (order: 2, 16384 bytes)
[    0.000000] Dentry cache hash table entries: 131072 (order: 7, 524288 bytes)
[    0.000000] Inode-cache hash table entries: 65536 (order: 6, 262144 bytes)
[    0.000000] Memory: 1995844K/2097148K available (9216K kernel code, 1196K rwdata, 4112K rodata, 2048K init, 473K bss, 35768K reserved, 65536K cma-reserved, 1245180K highmem)
[    0.000000] Virtual kernel memory layout:
[    0.000000]     vector  : 0xffff0000 - 0xffff1000   (   4 kB)
[    0.000000]     fixmap  : 0xffc00000 - 0xfff00000   (3072 kB)
[    0.000000]     vmalloc : 0xf0800000 - 0xff800000   ( 240 MB)
[    0.000000]     lowmem  : 0xc0000000 - 0xf0000000   ( 768 MB)
[    0.000000]     pkmap   : 0xbfe00000 - 0xc0000000   (   2 MB)
[    0.000000]     modules : 0xbf000000 - 0xbfe00000   (  14 MB)
[    0.000000]       .text : 0xc0208000 - 0xc0c00000   (10208 kB)
[    0.000000]       .init : 0xc1100000 - 0xc1300000   (2048 kB)
[    0.000000]       .data : 0xc1300000 - 0xc142b180   (1197 kB)
[    0.000000]        .bss : 0xc142d000 - 0xc14a34c8   ( 474 kB)
[    0.000000] SLUB: HWalign=64, Order=0-3, MinObjects=0, CPUs=4, Nodes=1
[    0.000000] Hierarchical RCU implementation.
[    0.000000] 	Build-time adjustment of leaf fanout to 32.
[    0.000000] 	RCU restricting CPUs from NR_CPUS=16 to nr_cpu_ids=4.
[    0.000000] RCU: Adjusting geometry for rcu_fanout_leaf=32, nr_cpu_ids=4
[    0.000000] NR_IRQS:16 nr_irqs:16 16
[    0.000000] /interrupt-controller@60004000: 160 interrupts forwarded to /interrupt-controller@50041000
[    0.000000] Tegra clk 127: register failed with -17
[    0.000003] sched_clock: 32 bits at 1000kHz, resolution 1000ns, wraps every 2147483647500ns
[    0.000012] clocksource: timer_us: mask: 0xffffffff max_cycles: 0xffffffff, max_idle_ns: 1911260446275 ns
[    0.000018] Switching to timer-based delay loop, resolution 1000ns
[    0.001688] arm_arch_timer: Architected cp15 timer(s) running at 12.00MHz (virt).
[    0.001694] clocksource: arch_sys_counter: mask: 0xffffffffffffff max_cycles: 0x2c47f4ee7, max_idle_ns: 440795202497 ns
[    0.001701] sched_clock: 56 bits at 12MHz, resolution 83ns, wraps every 4398046511096ns
[    0.001705] Switching to timer-based delay loop, resolution 83ns
[    0.001909] Console: colour dummy device 80x30
[    0.001925] Calibrating delay loop (skipped), value calculated using timer frequency.. 24.00 BogoMIPS (lpj=60000)
[    0.001930] pid_max: default: 32768 minimum: 301
[    0.001971] Mount-cache hash table entries: 2048 (order: 1, 8192 bytes)
[    0.001975] Mountpoint-cache hash table entries: 2048 (order: 1, 8192 bytes)
[    0.002214] CPU: Testing write buffer coherency: ok
[    0.002324] /cpus/cpu@0 missing clock-frequency property
[    0.002339] /cpus/cpu@1 missing clock-frequency property
[    0.002353] /cpus/cpu@2 missing clock-frequency property
[    0.002368] /cpus/cpu@3 missing clock-frequency property
[    0.002372] CPU0: thread -1, cpu 0, socket 0, mpidr 80000000
[    0.002471] Setting up static identity map for 0x80300000 - 0x80300098
[    0.003619] Tegra Revision: A01 SKU: 131 CPU Process: 1 SoC Process: 1
[    0.003842] EFI services will not be available.
[    0.003931] smp: Bringing up secondary CPUs ...
[    0.004178] CPU1: thread -1, cpu 1, socket 0, mpidr 80000001
[    0.006816] CPU2: thread -1, cpu 2, socket 0, mpidr 80000002
[    0.011813] CPU3: thread -1, cpu 3, socket 0, mpidr 80000003
[    0.016587] smp: Brought up 1 node, 4 CPUs
[    0.016594] SMP: Total of 4 processors activated (96.00 BogoMIPS).
[    0.016596] CPU: All CPU(s) started in SVC mode.
[    0.017144] devtmpfs: initialized
[    0.024431] VFP support v0.3: implementor 41 architecture 4 part 30 variant f rev 0
[    0.024632] clocksource: jiffies: mask: 0xffffffff max_cycles: 0xffffffff, max_idle_ns: 9556302231375000 ns
[    0.025160] pinctrl core: initialized pinctrl subsystem
[    0.025888] NET: Registered protocol family 16
[    0.026566] DMA: preallocated 256 KiB pool for atomic coherent allocations
[    0.027522] cpuidle: using governor menu
[    0.038358] No ATAGs?
[    0.038370] hw-breakpoint: found 5 (+1 reserved) breakpoint and 4 watchpoint registers.
[    0.038374] hw-breakpoint: maximum watchpoint size is 8 bytes.
[    0.040993] Serial: AMBA PL011 UART driver
[    0.041343] tegra-mc 70019000.memory-controller: no memory timings for RAM code 0 registered
[    0.047318] +5V_SYS: supplied by +VDD_MUX
[    0.047425] +3.3V_SYS: supplied by +VDD_MUX
[    0.047660] +VDD_LED: Failed to request enable GPIO122: -517
[    0.047666] reg-fixed-voltage regulators:regulator@5: Failed to register regulator: -517
[    0.047697] +5V_VDD_TS_SW: Failed to request enable GPIO81: -517
[    0.047702] reg-fixed-voltage regulators:regulator@6: Failed to register regulator: -517
[    0.047731] +5V_USB_HS: Failed to request enable GPIO108: -517
[    0.047736] reg-fixed-voltage regulators:regulator@7: Failed to register regulator: -517
[    0.047765] +5V_USB_SS: Failed to request enable GPIO109: -517
[    0.047769] reg-fixed-voltage regulators:regulator@8: Failed to register regulator: -517
[    0.047847] +1.05V_RUN_AVDD_HDMI_PLL: Failed to request enable GPIO63: -517
[    0.047851] reg-fixed-voltage regulators:regulator@11: Failed to register regulator: -517
[    0.047880] +5V_HDMI_CON: Failed to request enable GPIO86: -517
[    0.047884] reg-fixed-voltage regulators:regulator@12: Failed to register regulator: -517
[    0.049015] vgaarb: loaded
[    0.049305] SCSI subsystem initialized
[    0.049373] libata version 3.00 loaded.
[    0.049472] usbcore: registered new interface driver usbfs
[    0.049495] usbcore: registered new interface driver hub
[    0.049518] usbcore: registered new device driver usb
[    0.050882] pps_core: LinuxPPS API ver. 1 registered
[    0.050885] pps_core: Software ver. 5.3.6 - Copyright 2005-2007 Rodolfo Giometti <giometti@linux.it>
[    0.050893] PTP clock support registered
[    0.050963] EDAC MC: Ver: 3.0.0
[    0.051409] tegra-emc 7001b000.emc: no memory timings for RAM code 0 found in DT
[    0.051418] tegra-emc: probe of 7001b000.emc failed with error -2
[    0.051928] clocksource: Switched to clocksource arch_sys_counter
[    0.055757] NET: Registered protocol family 2
[    0.055953] TCP established hash table entries: 8192 (order: 3, 32768 bytes)
[    0.055986] TCP bind hash table entries: 8192 (order: 4, 65536 bytes)
[    0.056048] TCP: Hash tables configured (established 8192 bind 8192)
[    0.056071] UDP hash table entries: 512 (order: 2, 16384 bytes)
[    0.056085] UDP-Lite hash table entries: 512 (order: 2, 16384 bytes)
[    0.056146] NET: Registered protocol family 1
[    0.056272] RPC: Registered named UNIX socket transport module.
[    0.056275] RPC: Registered udp transport module.
[    0.056278] RPC: Registered tcp transport module.
[    0.056280] RPC: Registered tcp NFSv4.1 backchannel transport module.
[    0.056285] PCI: CLS 0 bytes, default 64
[    0.056741] hw perfevents: enabled with armv7_cortex_a15 PMU driver, 7 counters available
[    0.057331] futex hash table entries: 1024 (order: 4, 65536 bytes)
[    0.057627] workingset: timestamp_bits=30 max_order=19 bucket_order=0
[    0.061497] squashfs: version 4.0 (2009/01/31) Phillip Lougher
[    0.061794] NFS: Registering the id_resolver key type
[    0.061804] Key type id_resolver registered
[    0.061807] Key type id_legacy registered
[    0.061824] ntfs: driver 2.1.32 [Flags: R/O].
[    0.062423] bounce: pool size: 64 pages
[    0.062496] Block layer SCSI generic (bsg) driver version 0.4 loaded (major 248)
[    0.062500] io scheduler noop registered
[    0.062503] io scheduler deadline registered
[    0.062567] io scheduler cfq registered (default)
[    0.064342] tegra-xusb-padctl 7009f000.padctl: failed to setup XUSB ports: -517
[    0.074448] tegra-apbdma 60020000.dma: Tegra20 APB DMA driver register 32 channels
[    0.075163] tegra-pmc 7000e400.pmc: i2c-thermtrip node not found, emergency thermal reset disabled.
[    0.096596] Serial: 8250/16550 driver, 4 ports, IRQ sharing disabled
[    0.097825] console [ttyS0] disabled
[    0.097841] 70006000.serial: ttyS0 at MMIO 0x70006000 (irq = 333, base_baud = 25500000) is a Tegra
[    0.972781] console [ttyS0] enabled
[    0.976564] SuperH (H)SCI(F) driver initialized
[    0.981442] msm_serial: driver initialized
[    0.985599] STMicroelectronics ASC driver initialized
[    0.992083] [drm] Initialized
[    0.996181] tegra-hdmi 54280000.hdmi: failed to get HDMI regulator
[    1.002723] tegra-dpaux 545c0000.dpaux: failed to get VDD supply: -517
[    1.009959] panel supply power not found, using dummy regulator
[    1.019931] brd: module loaded
[    1.025242] loop: module loaded
[    1.029316] as3722 4-0040: AS3722 with revision 0x1 found
[    1.039460] as3722-sd2: supplied by +5V_SYS
[    1.043916] as3722-sd3: supplied by +5V_SYS
[    1.048255] +1.35V_LP0(sd3): Bringing 0uV into 1350000-1350000uV
[    1.054436] as3722-sd4: supplied by +5V_SYS
[    1.058776] +1.05V_RUN: Bringing 0uV into 1050000-1050000uV
[    1.064525] as3722-sd5: supplied by +5V_SYS
[    1.070117] as3722-ldo0: supplied by +1.35V_LP0(sd2)
[    1.075858] +1.8V_RUN_CAM: Bringing 0uV into 1800000-1800000uV
[    1.081885] as3722-ldo2: supplied by +1.8V_VDDIO
[    1.087508] as3722-ldo3: supplied by +3.3V_SYS
[    1.091963] +1.00V_LP0_VDD_RTC: Bringing 1100000uV into 1000000-1000000uV
[    1.099543] as3722-ldo4: supplied by +3.3V_SYS
[    1.104141] +3.3V_RUN_CAM: Bringing 0uV into 2800000-2800000uV
[    1.110163] as3722-ldo5: supplied by +1.8V_VDDIO
[    1.114933] +1.2V_RUN_CAM_FRONT: Bringing 0uV into 1200000-1200000uV
[    1.121628] +VDDIO_SDMMC3: Bringing 0uV into 1800000-1800000uV
[    1.127670] as3722-ldo7: supplied by +1.8V_VDDIO
[    1.132441] +1.05V_RUN_CAM_REAR: Bringing 0uV into 1050000-1050000uV
[    1.139004] as3722-ldo9: supplied by +5V_SYS
[    1.143571] +2.8V_RUN_TOUCH: Bringing 0uV into 2800000-2800000uV
[    1.149781] as3722-ldo10: supplied by +5V_SYS
[    1.154294] +2.8V_RUN_CAM_AF: Bringing 0uV into 2800000-2800000uV
[    1.160745] +1.8V_RUN_VPP_FUSE: Bringing 0uV into 1800000-1800000uV
[    1.173673] random: fast init done
[    1.179248] m25p80 spi32765.0: w25q32dw (4096 Kbytes)
[    1.185440] libphy: Fixed MDIO Bus: probed
[    1.189951] CAN device driver interface
[    1.194549] e1000e: Intel(R) PRO/1000 Network Driver - 3.2.6-k
[    1.200372] e1000e: Copyright(c) 1999 - 2015 Intel Corporation.
[    1.206305] igb: Intel(R) Gigabit Ethernet Network Driver - version 5.4.0-k
[    1.213254] igb: Copyright (c) 2007-2014 Intel Corporation.
[    1.220054] pegasus: v0.9.3 (2013/04/25), Pegasus/Pegasus II USB Ethernet driver
[    1.227461] usbcore: registered new interface driver pegasus
[    1.233131] usbcore: registered new interface driver asix
[    1.238535] usbcore: registered new interface driver ax88179_178a
[    1.244634] usbcore: registered new interface driver cdc_ether
[    1.250478] usbcore: registered new interface driver smsc75xx
[    1.256234] usbcore: registered new interface driver smsc95xx
[    1.261984] usbcore: registered new interface driver net1080
[    1.267647] usbcore: registered new interface driver cdc_subset
[    1.273569] usbcore: registered new interface driver zaurus
[    1.279156] usbcore: registered new interface driver cdc_ncm
[    1.285484] ehci_hcd: USB 2.0 'Enhanced' Host Controller (EHCI) Driver
[    1.292002] ehci-pci: EHCI PCI platform driver
[    1.296449] ehci-platform: EHCI generic platform driver
[    1.301739] ehci-orion: EHCI orion driver
[    1.305792] SPEAr-ehci: EHCI SPEAr driver
[    1.309844] ehci-st: EHCI STMicroelectronics driver
[    1.314763] ehci-exynos: EHCI EXYNOS driver
[    1.318995] ehci-atmel: EHCI Atmel driver
[    1.323046] tegra-ehci: Tegra EHCI driver
[    1.327112] ohci_hcd: USB 1.1 'Open' Host Controller (OHCI) Driver
[    1.333285] ohci-pci: OHCI PCI platform driver
[    1.337738] ohci-platform: OHCI generic platform driver
[    1.343012] ohci-omap3: OHCI OMAP3 driver
[    1.347063] SPEAr-ohci: OHCI SPEAr driver
[    1.351112] ohci-st: OHCI STMicroelectronics driver
[    1.356030] ohci-atmel: OHCI Atmel driver
[    1.360303] usbcore: registered new interface driver usb-storage
[    1.366882] mousedev: PS/2 mouse device common for all mice
[    1.372819] 1-0015 supply vcc not found, using dummy regulator
[    1.378704] as3722-rtc as3722-rtc: rtc core: registered as3722-rtc as rtc0
[    1.385576] as3722-rtc as3722-rtc: RTC interrupt 372
[    1.392518] tegra_rtc 7000e000.rtc: rtc core: registered 7000e000.rtc as rtc1
[    1.399661] tegra_rtc 7000e000.rtc: Tegra internal Real Time Clock
[    1.406030] i2c /dev entries driver
[    1.411952] 0-004c supply vcc not found, using dummy regulator
[    1.422067] sdhci: Secure Digital Host Controller Interface driver
[    1.428239] sdhci: Copyright(c) Pierre Ossman
[    1.433154] Synopsys Designware Multimedia Card Interface Driver
[    1.439555] sdhci-pltfm: SDHCI platform and OF driver helper
[    1.445488] sdhci-tegra 700b0000.sdhci: allocated mmc-pwrseq
[    1.451258] sdhci-tegra 700b0400.sdhci: Got CD GPIO
[    1.456134] sdhci-tegra 700b0400.sdhci: Got WP GPIO
[    1.461124] mmc0: Unknown controller version (3). You may experience problems.
[    1.468363] mmc0: Invalid maximum block size, assuming 512 bytes
[    1.516936] mmc0: SDHCI controller on 700b0600.sdhci [700b0600.sdhci] using ADMA
[    1.525048] ledtrig-cpu: registered to indicate activity on CPUs
[    1.531256] usbcore: registered new interface driver usbhid
[    1.536826] usbhid: USB HID core driver
[    1.542067] NET: Registered protocol family 10
[    1.546856] Segment Routing with IPv6
[    1.550558] sit: IPv6, IPv4 and MPLS over IPv4 tunneling driver
[    1.556722] NET: Registered protocol family 17
[    1.561170] can: controller area network core (rev 20120528 abi 9)
[    1.567378] NET: Registered protocol family 29
[    1.571815] can: raw protocol (rev 20120528)
[    1.576084] can: broadcast manager protocol (rev 20160617 t)
[    1.581739] can: netlink gateway (rev 20130117) max_hops=1
[    1.587369] Key type dns_resolver registered
[    1.591870] ThumbEE CPU extension supported.
[    1.596143] Registering SWP/SWPB emulation handler
[    1.606234] elan_i2c 1-0015: Elan Touchpad: Module ID: 0x002a, Firmware: 0x0005, Sample: 0x0007, IAP: 0x0009
[    1.606659] +3.3V_RUN: supplied by +3.3V_SYS
[    1.607050] +3.3V_AVDD_HDMI_AP_GATED: supplied by +3.3V_RUN
[    1.607096] +1.8V_RUN_CAM: supplied by +3.3V_RUN
[    1.607137] +VDDIO_SDMMC3: supplied by +3.3V_RUN
[    1.607238] +1.8V_RUN_VPP_FUSE: supplied by +3.3V_RUN
[    1.607631] +VDD_LED: supplied by +VDD_MUX
[    1.608338] +5V_VDD_TS_SW: supplied by +5V_SYS
[    1.608990] +5V_USB_HS: supplied by +5V_SYS
[    1.609651] +5V_USB_SS: supplied by +5V_SYS
[    1.612280] +3.3V_PANEL: supplied by +3.3V_RUN
[    1.615039] +3.3V_LP0: supplied by +3.3V_SYS
[    1.615924] +1.05V_RUN_AVDD_HDMI_PLL: supplied by +1.05V_RUN
[    1.616338] +5V_HDMI_CON: supplied by +5V_SYS
[    1.617475] usb3-0 supply vbus not found, using dummy regulator
[    1.617546] usb3-1 supply vbus not found, using dummy regulator
[    1.621738] tegra-sor 54540000.sor: failed to probe output: -517
[    1.622880] panel supply power not found, using dummy regulator
[    1.624040] sdhci-tegra 700b0000.sdhci: allocated mmc-pwrseq
[    1.624149] mmc1: Unknown controller version (3). You may experience problems.
[    1.624196] mmc1: Invalid maximum block size, assuming 512 bytes
[    1.624605] mmc1: Switching to 3.3V signalling voltage failed
[    1.658705] mmc0: new high speed MMC card at address 0001
[    1.659531] mmcblk0: mmc0:0001 MMC16G 14.4 GiB 
[    1.660117] mmcblk0boot0: mmc0:0001 MMC16G partition 1 2.00 MiB
[    1.660621] mmcblk0boot1: mmc0:0001 MMC16G partition 2 2.00 MiB
[    1.661983] mmc1: SDHCI controller on 700b0000.sdhci [700b0000.sdhci] using ADMA
[    1.662091] mmcblk0rpmb: mmc0:0001 MMC16G partition 3 128 KiB
[    1.663266] sdhci-tegra 700b0400.sdhci: Got CD GPIO
[    1.663276] sdhci-tegra 700b0400.sdhci: Got WP GPIO
[    1.663409] mmc2: Unknown controller version (3). You may experience problems.
[    1.663461] mmc2: Invalid maximum block size, assuming 512 bytes
[    1.669754]  mmcblk0: p1 p2 p3 p4 p5 p6 p7 p8 p9 p10 p11 p12
[    1.704818] mmc1: new high speed SDIO card at address 0001
[    1.707095] mmc2: SDHCI controller on 700b0400.sdhci [700b0400.sdhci] using ADMA
[    1.801266] input: Elan Touchpad as /devices/soc0/7000c400.i2c/i2c-1/1-0015/input/input0
[    1.804205] [drm] Supports vblank timestamp caching Rev 2 (21.10.2013).
[    1.804207] [drm] No driver support for vblank timestamp query.
[    1.854099] mmc2: new high speed SDHC card at address 0007
[    1.854557] mmcblk2: mmc2:0007 SD08G 7.42 GiB 
[    1.866725] Console: switching to colour frame buffer device 170x48
[    1.880599] GPT:Primary header alternate_lba != Alt. header my_lba
[    1.880603] GPT:3014591 != 15564799
[    1.880604] GPT:Primary header thinks Alt. header is not at the end of the disk.
[    1.880605] GPT:3014591 != 15564799
[    1.880606] GPT: Use GNU Parted to correct GPT errors.
[    1.880633]  mmcblk2: p1 p2 p3 p4 p5 p6 p7 p8 p9 p10 p11 p12
[    1.919227] drm drm: fb0:  frame buffer device
[    1.923838] [drm] Initialized tegra 0.0.0 20120330 on minor 0
[    1.930945] input: gpio-keys as /devices/soc0/gpio-keys/input/input1
[    1.938943] as3722-rtc as3722-rtc: setting system clock to 2000-01-01 03:33:05 UTC (946697585)
[    1.948078] +1.8V_RUN_CAM: disabling
[    1.951801] +3.3V_RUN_CAM: disabling
[    1.955618] +1.2V_RUN_CAM_FRONT: disabling
[    1.959896] +1.05V_RUN_CAM_REAR: disabling
[    1.964230] +2.8V_RUN_TOUCH: disabling
[    1.968217] +2.8V_RUN_CAM_AF: disabling
[    1.972293] +1.8V_RUN_VPP_FUSE: disabling
[    1.976505] +5V_VDD_TS_SW: disabling
[    1.980114] +5V_USB_HS: disabling
[    1.983457] +5V_USB_SS: disabling
[    1.987754] EXT4-fs (mmcblk0p3): couldn't mount as ext3 due to feature incompatibilities
[    1.996406] EXT4-fs (mmcblk0p3): couldn't mount as ext2 due to feature incompatibilities
[    2.339291] EXT4-fs (mmcblk0p3): recovery complete
[    2.344842] EXT4-fs (mmcblk0p3): mounted filesystem with ordered data mode. Opts: (null)
[    2.352970] VFS: Mounted root (ext4 filesystem) on device 179:3.
[    2.359698] devtmpfs: mounted
[    2.363384] Freeing unused kernel memory: 2048K
bash: cannot set terminal process group (-1): Inappropriate ioctl for device
bash: no job control in this shell
root@(none):/# mount -t sysfs none /sys
root@(none):/# 
root@(none):/# mount -t debugfs none /sys/kernel/debug
root@(none):/# 
root@(none):/# rtcwake -d rtc1 -m mem -s 3
rtcwake: assuming RTC uses UTC ...
rtcwake: wakeup from "mem" using /dev/rtc1 at Thu Jan  1 00:00:28 1970
[    4.852121] PM: Syncing filesystems ... done.
[    4.861996] Freezing user space processes ... (elapsed 0.000 seconds) done.
[    4.869677] Freezing remaining freezable tasks ... (elapsed 0.001 seconds) done.
[    4.878358] Suspending console(s) (use no_console_suspend to debug)
[    4.933542] PM: suspend of devices complete after 48.369 msecs
[    4.934923] PM: late suspend of devices complete after 1.372 msecs
[    4.935832] PM: noirq suspend of devices complete after 0.905 msecs
[    4.935834] Disabling non-boot CPUs ...
[    4.936223] CPU1: shutdown
[    4.968097] CPU2: shutdown
[    4.997831] IRQ17 no longer affine to CPU3
[    4.998007] CPU3: shutdown
[    5.017679] Entering suspend state LP1
[    5.017679] Suspended for 3.265 seconds
[    5.017689] Enabling non-boot CPUs ...
[    5.032588] CPU1 is up
[    5.052590] CPU2 is up
[    5.072685] CPU3 is up
[    5.073179] PM: noirq resume of devices complete after 0.490 msecs
[    5.074740] PM: early resume of devices complete after 1.266 msecs
[    5.226923] mmc1: Switching to 3.3V signalling voltage failed
[    5.481951] tegra-sor 54540000.sor: failed to attach SOR: -110
[    5.497934] PM: resume of devices complete after 423.188 msecs
[    5.581571] Restarting tasks ... done.
root@(none):/# 
root@(none):/# rtcwake -d rtc1 -m mem -s 3
rtcwake: assuming RTC uses UTC ...
rtcwake: wakeup from "mem" using /dev/rtc1 at Thu Jan  1 00:00:33 1970
[    6.645962] PM: Syncing filesystems ... done.
[    6.655394] Freezing user space processes ... (elapsed 0.001 seconds) done.
[    6.663469] Freezing remaining freezable tasks ... (elapsed 0.001 seconds) done.
[    6.672096] Suspending console(s) (use no_console_suspend to debug)
[    6.738374] PM: suspend of devices complete after 59.452 msecs
[    6.739698] PM: late suspend of devices complete after 1.314 msecs
[    6.740599] PM: noirq suspend of devices complete after 0.897 msecs
[    6.740601] Disabling non-boot CPUs ...
[    6.740799] IRQ17 no longer affine to CPU1
[    6.740960] CPU1: shutdown
[    6.773000] CPU2: shutdown
[    6.802858] CPU3: shutdown
[    6.827405] Entering suspend state LP1
[    6.827405] Suspended for 3.190 seconds
[    6.827415] Enabling non-boot CPUs ...
[    6.842554] CPU1 is up
[    6.862565] CPU2 is up
[    6.882657] CPU3 is up
[    6.883116] PM: noirq resume of devices complete after 0.455 msecs
[    6.884467] PM: early resume of devices complete after 1.053 msecs
[    7.036299] mmc1: Switching to 3.3V signalling voltage failed
[    7.291879] tegra-sor 54540000.sor: failed to attach SOR: -110
[    7.307334] PM: resume of devices complete after 422.862 msecs
[    7.390937] Restarting tasks ... done.
root@(none):/# 
root@(none):/# rtcwake -d rtc1 -m mem -s 3
rtcwake: assuming RTC uses UTC ...
rtcwake: wakeup from "mem" using /dev/rtc1 at Thu Jan  1 00:00:38 1970
[    8.455927] PM: Syncing filesystems ... done.
[    8.465381] Freezing user space processes ... (elapsed 0.001 seconds) done.
[    8.473458] Freezing remaining freezable tasks ... (elapsed 0.001 seconds) done.
[    8.482088] Suspending console(s) (use no_console_suspend to debug)
[    8.548476] PM: suspend of devices complete after 59.566 msecs
[    8.549643] PM: late suspend of devices complete after 1.157 msecs
[    8.550558] PM: noirq suspend of devices complete after 0.910 msecs
[    8.550560] Disabling non-boot CPUs ...
[    8.550763] IRQ17 no longer affine to CPU1
[    8.550922] CPU1: shutdown
[    8.582958] CPU2: shutdown
[    8.612843] CPU3: shutdown
[    8.637363] Entering suspend state LP1
[    8.637363] Suspended for 3.189 seconds
[    8.637373] Enabling non-boot CPUs ...
[    8.652526] CPU1 is up
[    8.672533] CPU2 is up
[    8.692626] CPU3 is up
[    8.693089] PM: noirq resume of devices complete after 0.459 msecs
[    8.694291] PM: early resume of devices complete after 0.887 msecs
[    8.847005] mmc1: Switching to 3.3V signalling voltage failed
[    9.106850] tegra-sor 54540000.sor: failed to attach SOR: -110
[    9.118102] PM: resume of devices complete after 423.803 msecs
[    9.201889] Restarting tasks ... done.
root@(none):/# 
root@(none):/# rtcwake -d rtc1 -m mem -s 3
rtcwake: assuming RTC uses UTC ...
rtcwake: wakeup from "mem" using /dev/rtc1 at Thu Jan  1 00:00:43 1970
[   10.270908] PM: Syncing filesystems ... done.
[   10.280284] Freezing user space processes ... (elapsed 0.001 seconds) done.
[   10.288369] Freezing remaining freezable tasks ... (elapsed 0.001 seconds) done.
[   10.296999] Suspending console(s) (use no_console_suspend to debug)
[   10.358466] PM: suspend of devices complete after 54.640 msecs
[   10.359724] PM: late suspend of devices complete after 1.249 msecs
[   10.360626] PM: noirq suspend of devices complete after 0.897 msecs
[   10.360628] Disabling non-boot CPUs ...
[   10.360835] IRQ17 no longer affine to CPU1
[   10.361010] CPU1: shutdown
[   10.382978] CPU2: shutdown
[   10.412798] CPU3: shutdown
[   10.437339] Entering suspend state LP1
[   10.437339] Suspended for 3.199 seconds
[   10.437350] Enabling non-boot CPUs ...
[   10.452499] CPU1 is up
[   10.472506] CPU2 is up
[   10.492602] CPU3 is up
[   10.493066] PM: noirq resume of devices complete after 0.459 msecs
[   10.494407] PM: early resume of devices complete after 1.029 msecs
[   10.646337] mmc1: Switching to 3.3V signalling voltage failed
[   10.901907] tegra-sor 54540000.sor: failed to attach SOR: -110
[   10.917383] PM: resume of devices complete after 422.970 msecs
[   11.000975] Restarting tasks ... done.
root@(none):/# 
root@(none):/# rtcwake -d rtc1 -m mem -s 3
rtcwake: assuming RTC uses UTC ...
rtcwake: wakeup from "mem" using /dev/rtc1 at Thu Jan  1 00:00:48 1970
[   12.066325] PM: Syncing filesystems ... done.
[   12.075725] Freezing user space processes ... (elapsed 0.001 seconds) done.
[   12.083820] Freezing remaining freezable tasks ... (elapsed 0.001 seconds) done.
[   12.092451] Suspending console(s) (use no_console_suspend to debug)
[   12.158385] PM: suspend of devices complete after 59.111 msecs
[   12.159573] PM: late suspend of devices complete after 1.179 msecs
[   12.160483] PM: noirq suspend of devices complete after 0.905 msecs
[   12.160485] Disabling non-boot CPUs ...
[   12.160843] CPU1: shutdown
[   12.187898] CPU2: shutdown
[   12.217779] CPU3: shutdown
[   12.242312] Entering suspend state LP1
[   12.242312] Suspended for 3.194 seconds
[   12.242322] Enabling non-boot CPUs ...
[   12.257472] CPU1 is up
[   12.277474] CPU2 is up
[   12.297578] CPU3 is up
[   12.298040] PM: noirq resume of devices complete after 0.457 msecs
[   12.299367] PM: early resume of devices complete after 1.020 msecs
[   12.451191] mmc1: Switching to 3.3V signalling voltage failed
[   12.706877] tegra-sor 54540000.sor: failed to attach SOR: -110
[   12.722206] PM: resume of devices complete after 422.833 msecs
[   12.801711] Restarting tasks ... done.
root@(none):/# 
root@(none):/# rtcwake -d rtc1 -m mem -s 3
rtcwake: assuming RTC uses UTC ...
rtcwake: wakeup from "mem" using /dev/rtc1 at Thu Jan  1 00:00:53 1970
[   13.871335] PM: Syncing filesystems ... done.
[   13.880729] Freezing user space processes ... (elapsed 0.001 seconds) done.
[   13.888816] Freezing remaining freezable tasks ... (elapsed 0.001 seconds) done.
[   13.897447] Suspending console(s) (use no_console_suspend to debug)
[   13.963404] PM: suspend of devices complete after 59.131 msecs
[   13.964660] PM: late suspend of devices complete after 1.247 msecs
[   13.965562] PM: noirq suspend of devices complete after 0.897 msecs
[   13.965564] Disabling non-boot CPUs ...
[   13.965771] IRQ17 no longer affine to CPU1
[   13.965931] CPU1: shutdown
[   13.987873] CPU2: shutdown
[   14.017747] CPU3: shutdown
[   14.042286] Entering suspend state LP1
[   14.042286] Suspended for 3.199 seconds
[   14.042296] Enabling non-boot CPUs ...
[   14.057434] CPU1 is up
[   14.077447] CPU2 is up
[   14.097543] CPU3 is up
[   14.098007] PM: noirq resume of devices complete after 0.459 msecs
[   14.099354] PM: early resume of devices complete after 1.030 msecs
[   14.251838] mmc1: Switching to 3.3V signalling voltage failed
[   14.506838] tegra-sor 54540000.sor: failed to attach SOR: -110
[   14.522904] PM: resume of devices complete after 423.545 msecs
[   14.606562] Restarting tasks ... done.
root@(none):/# 
root@(none):/# rtcwake -d rtc1 -m mem -s 3
rtcwake: assuming RTC uses UTC ...
rtcwake: wakeup from "mem" using /dev/rtc1 at Thu Jan  1 00:00:58 1970
[   15.670816] PM: Syncing filesystems ... done.
[   15.680181] Freezing user space processes ... (elapsed 0.001 seconds) done.
[   15.688268] Freezing remaining freezable tasks ... (elapsed 0.001 seconds) done.
[   15.696890] Suspending console(s) (use no_console_suspend to debug)
[   15.763359] PM: suspend of devices complete after 59.644 msecs
[   15.764523] PM: late suspend of devices complete after 1.155 msecs
[   15.765433] PM: noirq suspend of devices complete after 0.906 msecs
[   15.765435] Disabling non-boot CPUs ...
[   15.765636] IRQ17 no longer affine to CPU1
[   15.765797] CPU1: shutdown
[   15.797839] CPU2: shutdown
[   15.827720] CPU3: shutdown
[   15.852251] Entering suspend state LP1
[   15.852251] Suspended for 3.189 seconds
[   15.852261] Enabling non-boot CPUs ...
[   15.867415] CPU1 is up
[   15.887422] CPU2 is up
[   15.907519] CPU3 is up
[   15.907987] PM: noirq resume of devices complete after 0.463 msecs
[   15.909178] PM: early resume of devices complete after 0.888 msecs
[   16.061922] mmc1: Switching to 3.3V signalling voltage failed
[   16.321792] tegra-sor 54540000.sor: failed to attach SOR: -110
[   16.333004] PM: resume of devices complete after 423.818 msecs
[   16.416780] Restarting tasks ... done.
root@(none):/# 
root@(none):/# rtcwake -d rtc1 -m mem -s 3
rtcwake: assuming RTC uses UTC ...
rtcwake: wakeup from "mem" using /dev/rtc1 at Thu Jan  1 00:01:03 1970
[   17.481414] PM: Syncing filesystems ... done.
[   17.490814] Freezing user space processes ... (elapsed 0.001 seconds) done.
[   17.498895] Freezing remaining freezable tasks ... (elapsed 0.001 seconds) done.
[   17.507527] Suspending console(s) (use no_console_suspend to debug)
[   17.573331] PM: suspend of devices complete after 58.983 msecs
[   17.574595] PM: late suspend of devices complete after 1.254 msecs
[   17.575510] PM: noirq suspend of devices complete after 0.911 msecs
[   17.575513] Disabling non-boot CPUs ...
[   17.575720] IRQ17 no longer affine to CPU1
[   17.575893] CPU1: shutdown
[   17.597851] CPU2: shutdown
[   17.627683] CPU3: shutdown
[   17.652225] Entering suspend state LP1
[   17.652225] Suspended for 3.199 seconds
[   17.652236] Enabling non-boot CPUs ...
[   17.667385] CPU1 is up
[   17.687388] CPU2 is up
[   17.707480] CPU3 is up
[   17.707938] PM: noirq resume of devices complete after 0.453 msecs
[   17.709127] PM: early resume of devices complete after 0.867 msecs
[   17.860986] mmc1: Switching to 3.3V signalling voltage failed
[   18.116745] tegra-sor 54540000.sor: failed to attach SOR: -110
[   18.132117] PM: resume of devices complete after 422.984 msecs
[   18.215711] Restarting tasks ... done.
root@(none):/# 
root@(none):/# rtcwake -d rtc1 -m mem -s 3
rtcwake: assuming RTC uses UTC ...
rtcwake: wakeup from "mem" using /dev/rtc1 at Thu Jan  1 00:01:08 1970
[   19.280752] PM: Syncing filesystems ... done.
[   19.290131] Freezing user space processes ... (elapsed 0.001 seconds) done.
[   19.298207] Freezing remaining freezable tasks ... (elapsed 0.001 seconds) done.
[   19.306837] Suspending console(s) (use no_console_suspend to debug)
[   19.373322] PM: suspend of devices complete after 59.660 msecs
[   19.374702] PM: late suspend of devices complete after 1.371 msecs
[   19.375604] PM: noirq suspend of devices complete after 0.897 msecs
[   19.375605] Disabling non-boot CPUs ...
[   19.375960] CPU1: shutdown
[   19.402781] CPU2: shutdown
[   19.432665] CPU3: shutdown
[   19.457191] Entering suspend state LP1
[   19.457191] Suspended for 3.194 seconds
[   19.457201] Enabling non-boot CPUs ...
[   19.472355] CPU1 is up
[   19.492362] CPU2 is up
[   19.512458] CPU3 is up
[   19.512921] PM: noirq resume of devices complete after 0.459 msecs
[   19.514094] PM: early resume of devices complete after 0.861 msecs
[   19.666565] mmc1: Switching to 3.3V signalling voltage failed
[   19.926675] tegra-sor 54540000.sor: failed to attach SOR: -110
[   19.937638] PM: resume of devices complete after 423.538 msecs
[   20.017210] Restarting tasks ... done.
root@(none):/# 
root@(none):/# rtcwake -d rtc1 -m mem -s 3
rtcwake: assuming RTC uses UTC ...
rtcwake: wakeup from "mem" using /dev/rtc1 at Thu Jan  1 00:01:13 1970
[   21.085931] PM: Syncing filesystems ... done.
[   21.095322] Freezing user space processes ... (elapsed 0.001 seconds) done.
[   21.103396] Freezing remaining freezable tasks ... (elapsed 0.001 seconds) done.
[   21.112038] Suspending console(s) (use no_console_suspend to debug)
[   21.178389] PM: suspend of devices complete after 59.483 msecs
[   21.179694] PM: late suspend of devices complete after 1.297 msecs
[   21.180547] PM: noirq suspend of devices complete after 0.849 msecs
[   21.180549] Disabling non-boot CPUs ...
[   21.180749] IRQ17 no longer affine to CPU1
[   21.180909] CPU1: shutdown
[   21.212761] CPU2: shutdown
[   21.242633] CPU3: shutdown
[   21.267173] Entering suspend state LP1
[   21.267173] Suspended for 3.189 seconds
[   21.267184] Enabling non-boot CPUs ...
[   21.282334] CPU1 is up
[   21.302342] CPU2 is up
[   21.322433] CPU3 is up
[   21.322894] PM: noirq resume of devices complete after 0.456 msecs
[   21.324030] PM: early resume of devices complete after 0.840 msecs
[   21.475911] mmc1: Switching to 3.3V signalling voltage failed
[   21.731709] tegra-sor 54540000.sor: failed to attach SOR: -110
[   21.747047] PM: resume of devices complete after 423.010 msecs
[   21.830645] Restarting tasks ... done.
root@(none):/# 
root@(none):/# NVTB SYSTEM SUSPEND TEST COMPLETE
