
U-Boot SPL 2016.05-rc2 (Apr 21 2016 - 16:23:00)
Trying to boot from RAM


U-Boot 2016.05-rc2 (Apr 21 2016 - 16:23:00 -0700)

TEGRA124
Model: NVIDIA Jetson TK1
Board: NVIDIA Jetson TK1
DRAM:  2 GiB
MC:   Tegra SD/MMC: 0, Tegra SD/MMC: 1
In:    serial
Out:   serial
Err:   serial
Net:   No ethernet found.
Hit any key to stop autoboot:  2  0 
Tegra124 (Jetson TK1) # 
Tegra124 (Jetson TK1) # pci enum
Tegra124 (Jetson TK1) # setenv bootargs 'ignore_loglevel console=ttyS0,115200n8 rw root=PARTUUID=b1791faa-84e8-4e27-83a1-9fb0a77e8803 rootwait gpt debug noinitrd earlyprintk init=/bin/bash'
Tegra124 (Jetson TK1) # setenv ipaddr 192.168.100.102; setenv serverip 192.168.100.1; setenv tftpserverip 192.168.100.1
Tegra124 (Jetson TK1) # tftpboot 0x82000000 zImage.multi_v7_defconfig

Warning: eth_rtl8169 using MAC address from ROM
Using eth_rtl8169 device
TFTP from server 192.168.100.1; our IP address is 192.168.100.102
Filename 'zImage.multi_v7_defconfig'.
Load address: 0x82000000
Loading: *#################################################################
	 #################################################################
	 #################################################################
	 #################################################################
	 #################################################################
	 #################################################################
	 #################################################################
	 ##########################
	 4 MiB/s
done
Bytes transferred = 7050536 (6b9528 hex)
Tegra124 (Jetson TK1) # tftpboot 0x83000000 tegra124-jetson-tk1.dtb
Using eth_rtl8169 device
TFTP from server 192.168.100.1; our IP address is 192.168.100.102
Filename 'tegra124-jetson-tk1.dtb'.
Load address: 0x83000000
Loading: *#####
	 3.7 MiB/s
done
Bytes transferred = 66737 (104b1 hex)
Tegra124 (Jetson TK1) # bootz 0x82000000 - 0x83000000
Kernel image @ 0x82000000 [ 0x000000 - 0x6b9528 ]
## Flattened Device Tree blob at 83000000
   Booting using the fdt blob at 0x83000000
   Using Device Tree in place at 83000000, end 830134b0

Starting kernel ...

[    0.000000] Booting Linux on physical CPU 0x0
[    0.000000] Linux version 4.6.0-rc6-next-20160503-91919-g5158ed1 (pwalmsley@sellafield) (gcc version 4.7.3 20130328 (prerelease) (crosstool-NG linaro-1.13.1-4.7-2013.04-20130415 - Linaro GCC 2013.04) ) #1 SMP Tue May 3 03:19:15 PDT 2016
[    0.000000] CPU: ARMv7 Processor [413fc0f3] revision 3 (ARMv7), cr=10c5387d
[    0.000000] CPU: div instructions available: patching division code
[    0.000000] CPU: PIPT / VIPT nonaliasing data cache, PIPT instruction cache
[    0.000000] Machine model: NVIDIA Tegra124 Jetson TK1
[    0.000000] debug: ignoring loglevel setting.
[    0.000000] cma: Reserved 64 MiB at 0xfb800000
[    0.000000] Memory policy: Data cache writealloc
[    0.000000] On node 0 totalpages: 524032
[    0.000000] free_area_init_node: node 0, pgdat c1417d00, node_mem_map eeff8000
[    0.000000]   DMA zone: 1536 pages used for memmap
[    0.000000]   DMA zone: 0 pages reserved
[    0.000000]   DMA zone: 196608 pages, LIFO batch:31
[    0.000000]   HighMem zone: 327424 pages, LIFO batch:31
[    0.000000] percpu: Embedded 13 pages/cpu @eef89000 s23808 r8192 d21248 u53248
[    0.000000] pcpu-alloc: s23808 r8192 d21248 u53248 alloc=13*4096
[    0.000000] pcpu-alloc: [0] 0 [0] 1 [0] 2 [0] 3 
[    0.000000] Built 1 zonelists in Zone order, mobility grouping on.  Total pages: 522496
[    0.000000] Kernel command line: ignore_loglevel console=ttyS0,115200n8 rw root=PARTUUID=b1791faa-84e8-4e27-83a1-9fb0a77e8803 rootwait gpt debug noinitrd earlyprintk init=/bin/bash
[    0.000000] PID hash table entries: 4096 (order: 2, 16384 bytes)
[    0.000000] Dentry cache hash table entries: 131072 (order: 7, 524288 bytes)
[    0.000000] Inode-cache hash table entries: 65536 (order: 6, 262144 bytes)
[    0.000000] Memory: 1995012K/2096128K available (9528K kernel code, 1127K rwdata, 4184K rodata, 2048K init, 342K bss, 35580K reserved, 65536K cma-reserved, 1244160K highmem)
[    0.000000] Virtual kernel memory layout:
[    0.000000]     vector  : 0xffff0000 - 0xffff1000   (   4 kB)
[    0.000000]     fixmap  : 0xffc00000 - 0xfff00000   (3072 kB)
[    0.000000]     vmalloc : 0xf0800000 - 0xff800000   ( 240 MB)
[    0.000000]     lowmem  : 0xc0000000 - 0xf0000000   ( 768 MB)
[    0.000000]     pkmap   : 0xbfe00000 - 0xc0000000   (   2 MB)
[    0.000000]     modules : 0xbf000000 - 0xbfe00000   (  14 MB)
[    0.000000]       .text : 0xc0208000 - 0xc10640e4   (14705 kB)
[    0.000000]       .init : 0xc1100000 - 0xc1300000   (2048 kB)
[    0.000000]       .data : 0xc1300000 - 0xc1419d60   (1128 kB)
[    0.000000]        .bss : 0xc141b000 - 0xc1470b18   ( 343 kB)
[    0.000000] SLUB: HWalign=64, Order=0-3, MinObjects=0, CPUs=4, Nodes=1
[    0.000000] Hierarchical RCU implementation.
[    0.000000] 	Build-time adjustment of leaf fanout to 32.
[    0.000000] 	RCU restricting CPUs from NR_CPUS=16 to nr_cpu_ids=4.
[    0.000000] RCU: Adjusting geometry for rcu_fanout_leaf=32, nr_cpu_ids=4
[    0.000000] NR_IRQS:16 nr_irqs:16 16
[    0.000000] /interrupt-controller@60004000: 160 interrupts forwarded to /interrupt-controller@0,50041000
[    0.000000] Tegra clk 127: register failed with -17
[    0.000009] sched_clock: 32 bits at 1000kHz, resolution 1000ns, wraps every 2147483647500ns
[    0.000032] clocksource: timer_us: mask: 0xffffffff max_cycles: 0xffffffff, max_idle_ns: 1911260446275 ns
[    0.000046] Switching to timer-based delay loop, resolution 1000ns
[    0.005357] Architected cp15 timer(s) running at 12.00MHz (virt).
[    0.005375] clocksource: arch_sys_counter: mask: 0xffffffffffffff max_cycles: 0x2c47f4ee7, max_idle_ns: 440795202497 ns
[    0.005393] sched_clock: 56 bits at 12MHz, resolution 83ns, wraps every 4398046511096ns
[    0.005405] Switching to timer-based delay loop, resolution 83ns
[    0.005914] Console: colour dummy device 80x30
[    0.005940] Calibrating delay loop (skipped), value calculated using timer frequency.. 24.00 BogoMIPS (lpj=60000)
[    0.005956] pid_max: default: 32768 minimum: 301
[    0.006051] Mount-cache hash table entries: 2048 (order: 1, 8192 bytes)
[    0.006062] Mountpoint-cache hash table entries: 2048 (order: 1, 8192 bytes)
[    0.006658] CPU: Testing write buffer coherency: ok
[    0.006877] /cpus/cpu@0 missing clock-frequency property
[    0.006920] /cpus/cpu@1 missing clock-frequency property
[    0.006961] /cpus/cpu@2 missing clock-frequency property
[    0.007004] /cpus/cpu@3 missing clock-frequency property
[    0.007016] CPU0: thread -1, cpu 0, socket 0, mpidr 80000000
[    0.007037] Setting up static identity map for 0x80300000 - 0x80300098
[    0.010629] Tegra Revision: A01 SKU: 129 CPU Process: 1 SoC Process: 1
[    0.012091] CPU1: thread -1, cpu 1, socket 0, mpidr 80000001
[    0.015781] CPU2: thread -1, cpu 2, socket 0, mpidr 80000002
[    0.020782] CPU3: thread -1, cpu 3, socket 0, mpidr 80000003
[    0.025221] Brought up 4 CPUs
[    0.025240] SMP: Total of 4 processors activated (96.00 BogoMIPS).
[    0.025248] CPU: All CPU(s) started in SVC mode.
[    0.026708] devtmpfs: initialized
[    0.045697] VFP support v0.3: implementor 41 architecture 4 part 30 variant f rev 0
[    0.046392] clocksource: jiffies: mask: 0xffffffff max_cycles: 0xffffffff, max_idle_ns: 9556302231375000 ns
[    0.047761] pinctrl core: initialized pinctrl subsystem
[    0.049409] NET: Registered protocol family 16
[    0.051372] DMA: preallocated 256 KiB pool for atomic coherent allocations
[    0.065353] cpuidle: using governor menu
[    0.084953] No ATAGs?
[    0.084981] hw-breakpoint: found 5 (+1 reserved) breakpoint and 4 watchpoint registers.
[    0.084992] hw-breakpoint: maximum watchpoint size is 8 bytes.
[    0.091339] Serial: AMBA PL011 UART driver
[    0.120753] +5V_SYS: supplied by +VDD_MUX
[    0.121067] +3.3V_SYS: supplied by +VDD_MUX
[    0.121711] +USB0_VBUS_SW: Failed to request enable GPIO108: -517
[    0.121727] reg-fixed-voltage regulators:regulator@7: Failed to register regulator: -517
[    0.121817] +5V_USB_HS: Failed to request enable GPIO109: -517
[    0.121830] reg-fixed-voltage regulators:regulator@8: Failed to register regulator: -517
[    0.121996] +1.05V_RUN_AVDD_HDMI_PLL: Failed to request enable GPIO63: -517
[    0.122009] reg-fixed-voltage regulators:regulator@11: Failed to register regulator: -517
[    0.122097] +5V_HDMI_CON: Failed to request enable GPIO86: -517
[    0.122109] reg-fixed-voltage regulators:regulator@12: Failed to register regulator: -517
[    0.122197] +5V_SATA: Failed to request enable GPIO242: -517
[    0.122209] reg-fixed-voltage regulators:regulator@13: Failed to register regulator: -517
[    0.122295] +12V_SATA: Failed to request enable GPIO242: -517
[    0.122307] reg-fixed-voltage regulators:regulator@14: Failed to register regulator: -517
[    0.125659] vgaarb: loaded
[    0.126513] SCSI subsystem initialized
[    0.126677] libata version 3.00 loaded.
[    0.126957] usbcore: registered new interface driver usbfs
[    0.127025] usbcore: registered new interface driver hub
[    0.127100] usbcore: registered new device driver usb
[    0.130951] pps_core: LinuxPPS API ver. 1 registered
[    0.130960] pps_core: Software ver. 5.3.6 - Copyright 2005-2007 Rodolfo Giometti <giometti@linux.it>
[    0.130983] PTP clock support registered
[    0.131194] EDAC MC: Ver: 3.0.0
[    0.134406] clocksource: Switched to clocksource arch_sys_counter
[    0.145716] NET: Registered protocol family 2
[    0.146235] TCP established hash table entries: 8192 (order: 3, 32768 bytes)
[    0.146333] TCP bind hash table entries: 8192 (order: 4, 65536 bytes)
[    0.146520] TCP: Hash tables configured (established 8192 bind 8192)
[    0.146571] UDP hash table entries: 512 (order: 2, 16384 bytes)
[    0.146611] UDP-Lite hash table entries: 512 (order: 2, 16384 bytes)
[    0.146765] NET: Registered protocol family 1
[    0.146993] RPC: Registered named UNIX socket transport module.
[    0.147002] RPC: Registered udp transport module.
[    0.147010] RPC: Registered tcp transport module.
[    0.147018] RPC: Registered tcp NFSv4.1 backchannel transport module.
[    0.147029] PCI: CLS 0 bytes, default 64
[    0.148226] hw perfevents: enabled with armv7_cortex_a15 PMU driver, 7 counters available
[    0.149788] futex hash table entries: 1024 (order: 4, 65536 bytes)
[    0.150509] workingset: timestamp_bits=28 max_order=19 bucket_order=0
[    0.162045] squashfs: version 4.0 (2009/01/31) Phillip Lougher
[    0.162901] NFS: Registering the id_resolver key type
[    0.162933] Key type id_resolver registered
[    0.162941] Key type id_legacy registered
[    0.162983] ntfs: driver 2.1.32 [Flags: R/O].
[    0.164254] bounce: pool size: 64 pages
[    0.164491] Block layer SCSI generic (bsg) driver version 0.4 loaded (major 248)
[    0.164502] io scheduler noop registered
[    0.164510] io scheduler deadline registered
[    0.164542] io scheduler cfq registered (default)
[    0.170100] usb2-0 supply vbus not found, using dummy regulator
[    0.170223] usb2-1 supply vbus not found, using dummy regulator
[    0.170605] tegra-xusb-padctl 7009f000.padctl: failed to setup XUSB ports: -517
[    0.187604] tegra-pcie 1003000.pcie-controller: 2x1, 1x1 configuration
[    0.187658] tegra-pcie 1003000.pcie-controller: Failed to get supply 'avddio-pex': -517
[    0.195127] tegra-apbdma 60020000.dma: Tegra20 APB DMA driver register 32 channels
[    0.197178] tegra-pmc 7000e400.pmc: emergency thermal reset enabled
[    0.261557] Serial: 8250/16550 driver, 4 ports, IRQ sharing disabled
[    0.264588] console [ttyS0] disabled
[    0.264623] 70006300.serial: ttyS0 at MMIO 0x70006300 (irq = 333, base_baud = 25500000) is a Tegra
[    1.116442] console [ttyS0] enabled
[    1.120879] SuperH (H)SCI(F) driver initialized
[    1.126540] msm_serial: driver initialized
[    1.130864] STMicroelectronics ASC driver initialized
[    1.136893] serial-tegra serial@70006000: failed to get alias id, errno -19
[    1.143918] serial-tegra serial@70006040: failed to get alias id, errno -19
[    1.154090] [drm] Initialized drm 1.1.0 20060810
[    1.162367] tegra-hdmi 54280000.hdmi: failed to get HDMI regulator
[    1.182242] brd: module loaded
[    1.191458] loop: module loaded
[    1.195054] at24 0-0056: 256 byte 24c02 EEPROM, writable, 8 bytes/write
[    1.203423] as3722 4-0040: AS3722 with revision 0x1 found
[    1.214615] as3722-sd2: supplied by +5V_SYS
[    1.219281] as3722-sd3: supplied by +5V_SYS
[    1.223697] +1.35V_LP0(sd3): Bringing 0uV into 1350000-1350000uV
[    1.230087] as3722-sd4: supplied by +5V_SYS
[    1.234750] as3722-sd5: supplied by +5V_SYS
[    1.240798] as3722-ldo0: supplied by +1.35V_LP0(sd2)
[    1.246896] +1.8V_RUN_CAM: Bringing 0uV into 1800000-1800000uV
[    1.253153] as3722-ldo2: supplied by +1.8V_VDDIO
[    1.259092] as3722-ldo3: supplied by +3.3V_SYS
[    1.263587] +1.05V_LP0_VDD_RTC: Bringing 1100000uV into 1000000-1000000uV
[    1.271409] as3722-ldo4: supplied by +3.3V_SYS
[    1.276095] +2.8V_RUN_CAM: Bringing 0uV into 2800000-2800000uV
[    1.282348] as3722-ldo5: supplied by +1.8V_VDDIO
[    1.287191] +1.2V_RUN_CAM_FRONT: Bringing 0uV into 1200000-1200000uV
[    1.294164] +VDDIO_SDMMC3: bypassed regulator has no supply!
[    1.299835] +VDDIO_SDMMC3: failed to get the current voltage(-517)
[    1.306026] as3722-regulator as3722-regulator: regulator 13 register failed -517
[    1.318358] tegra-ahci 70027000.sata: couldn't get PHY in node sata: -517
[    1.340424] m25p80 spi32765.0: w25q32dw (4096 Kbytes)
[    1.349005] libphy: Fixed MDIO Bus: probed
[    1.353824] CAN device driver interface
[    1.359905] igb: Intel(R) Gigabit Ethernet Network Driver - version 5.3.0-k
[    1.366872] igb: Copyright (c) 2007-2014 Intel Corporation.
[    1.376073] pegasus: v0.9.3 (2013/04/25), Pegasus/Pegasus II USB Ethernet driver
[    1.383526] usbcore: registered new interface driver pegasus
[    1.389251] usbcore: registered new interface driver asix
[    1.394701] usbcore: registered new interface driver ax88179_178a
[    1.400842] usbcore: registered new interface driver cdc_ether
[    1.406747] usbcore: registered new interface driver smsc75xx
[    1.412561] usbcore: registered new interface driver smsc95xx
[    1.418356] usbcore: registered new interface driver net1080
[    1.424065] usbcore: registered new interface driver cdc_subset
[    1.430032] usbcore: registered new interface driver zaurus
[    1.435682] usbcore: registered new interface driver cdc_ncm
[    1.441606] tegra-phy 7d004000.usb-phy: no vbus regulator
[    1.449303] ehci_hcd: USB 2.0 'Enhanced' Host Controller (EHCI) Driver
[    1.455840] ehci-pci: EHCI PCI platform driver
[    1.460336] ehci-platform: EHCI generic platform driver
[    1.465805] ehci-omap: OMAP-EHCI Host Controller driver
[    1.471196] ehci-orion: EHCI orion driver
[    1.475372] SPEAr-ehci: EHCI SPEAr driver
[    1.479554] ehci-st: EHCI STMicroelectronics driver
[    1.484602] ehci-exynos: EHCI EXYNOS driver
[    1.488962] ehci-atmel: EHCI Atmel driver
[    1.493140] tegra-ehci: Tegra EHCI driver
[    1.497409] ------------[ cut here ]------------
[    1.502052] WARNING: CPU: 0 PID: 1 at drivers/reset/core.c:187 __of_reset_control_get+0x1bc/0x228
[    1.510921] Modules linked in:
[    1.513984] CPU: 0 PID: 1 Comm: swapper/0 Not tainted 4.6.0-rc6-next-20160503-91919-g5158ed1 #1
[    1.522667] Hardware name: NVIDIA Tegra SoC (Flattened Device Tree)
[    1.528943] [<c030f9a0>] (unwind_backtrace) from [<c030b088>] (show_stack+0x10/0x14)
[    1.536684] [<c030b088>] (show_stack) from [<c05857a8>] (dump_stack+0x84/0xa4)
[    1.543902] [<c05857a8>] (dump_stack) from [<c0341b64>] (__warn+0xd4/0x100)
[    1.550859] [<c0341b64>] (__warn) from [<c0341bb0>] (warn_slowpath_null+0x20/0x28)
[    1.558423] [<c0341bb0>] (warn_slowpath_null) from [<c069cbf0>] (__of_reset_control_get+0x1bc/0x228)
[    1.567550] [<c069cbf0>] (__of_reset_control_get) from [<c090e9c0>] (tegra_ehci_probe+0x2d0/0x51c)
[    1.576503] [<c090e9c0>] (tegra_ehci_probe) from [<c07768e4>] (platform_drv_probe+0x50/0xb0)
[    1.584934] [<c07768e4>] (platform_drv_probe) from [<c0775248>] (driver_probe_device+0x1fc/0x2b8)
[    1.593798] [<c0775248>] (driver_probe_device) from [<c07753b0>] (__driver_attach+0xac/0xb0)
[    1.602227] [<c07753b0>] (__driver_attach) from [<c0773854>] (bus_for_each_dev+0x54/0x88)
[    1.610395] [<c0773854>] (bus_for_each_dev) from [<c0774834>] (bus_add_driver+0xe8/0x1f4)
[    1.618564] [<c0774834>] (bus_add_driver) from [<c0775bcc>] (driver_register+0x78/0xf4)
[    1.626560] [<c0775bcc>] (driver_register) from [<c0301e5c>] (do_one_initcall+0x3c/0x16c)
[    1.634732] [<c0301e5c>] (do_one_initcall) from [<c1100d80>] (kernel_init_freeable+0x120/0x1ec)
[    1.643423] [<c1100d80>] (kernel_init_freeable) from [<c0b56b98>] (kernel_init+0x8/0x118)
[    1.651594] [<c0b56b98>] (kernel_init) from [<c0307f78>] (ret_from_fork+0x14/0x3c)
[    1.659194] ---[ end trace 37be39eed7307c49 ]---
[    1.663828] tegra-ehci 7d004000.usb: can't get utmi-pads reset from the PHY
[    1.670797] tegra-ehci 7d004000.usb: continuing, but please update your DT
[    1.677792] tegra-ehci 7d004000.usb: EHCI Host Controller
[    1.683224] tegra-ehci 7d004000.usb: new USB bus registered, assigned bus number 1
[    1.691111] tegra-ehci 7d004000.usb: irq 352, io mem 0x7d004000
[    1.704426] tegra-ehci 7d004000.usb: USB 2.0 started, EHCI 1.10
[    1.711190] hub 1-0:1.0: USB hub found
[    1.715001] hub 1-0:1.0: 1 port detected
[    1.719584] ohci_hcd: USB 1.1 'Open' Host Controller (OHCI) Driver
[    1.725793] ohci-pci: OHCI PCI platform driver
[    1.730297] ohci-platform: OHCI generic platform driver
[    1.735735] ohci-omap3: OHCI OMAP3 driver
[    1.739915] SPEAr-ohci: OHCI SPEAr driver
[    1.744082] ohci-st: OHCI STMicroelectronics driver
[    1.749134] ohci-atmel: OHCI Atmel driver
[    1.754023] usbcore: registered new interface driver usb-storage
[    1.761832] mousedev: PS/2 mouse device common for all mice
[    1.770970] as3722-rtc as3722-rtc: rtc core: registered as3722-rtc as rtc0
[    1.777867] as3722-rtc as3722-rtc: RTC interrupt 375
[    1.786280] tegra_rtc 7000e000.rtc: rtc core: registered 7000e000.rtc as rtc1
[    1.793466] tegra_rtc 7000e000.rtc: Tegra internal Real Time Clock
[    1.800276] i2c /dev entries driver
[    1.811052] 0-004c supply vcc not found, using dummy regulator
[    1.826491] sdhci: Secure Digital Host Controller Interface driver
[    1.832685] sdhci: Copyright(c) Pierre Ossman
[    1.838802] Synopsys Designware Multimedia Card Interface Driver
[    1.846073] sdhci-pltfm: SDHCI platform and OF driver helper
[    1.852582] sdhci-tegra 700b0400.sdhci: Got CD GPIO
[    1.857488] sdhci-tegra 700b0400.sdhci: Got WP GPIO
[    1.862429] mmc0: Unknown controller version (3). You may experience problems.
[    1.869905] mmc0: Unknown controller version (3). You may experience problems.
[    1.877194] mmc0: Invalid maximum block size, assuming 512 bytes
[    1.914430] mmc0: SDHCI controller on 700b0600.sdhci [700b0600.sdhci] using ADMA 64-bit
[    1.924207] ledtrig-cpu: registered to indicate activity on CPUs
[    1.930730] usbcore: registered new interface driver usbhid
[    1.936312] usbhid: USB HID core driver
[    1.944796] tegra124-dfll 70110000.clock: couldn't get vdd_cpu regulator
[    1.956487] NET: Registered protocol family 10
[    1.961629] sit: IPv6 over IPv4 tunneling driver
[    1.966961] NET: Registered protocol family 17
[    1.971456] can: controller area network core (rev 20120528 abi 9)
[    1.977714] NET: Registered protocol family 29
[    1.982179] can: raw protocol (rev 20120528)
[    1.986467] can: broadcast manager protocol (rev 20120528 t)
[    1.992147] can: netlink gateway (rev 20130117) max_hops=1
[    1.998030] Key type dns_resolver registered
[    2.002965] ThumbEE CPU extension supported.
[    2.007264] Registering SWP/SWPB emulation handler
[    2.017833] +3.3V_RUN: supplied by +3.3V_SYS
[    2.023362] +3.3V_AVDD_HDMI_AP_GATED: supplied by +3.3V_RUN
[    2.029593] +USB0_VBUS_SW: supplied by +5V_SYS
[    2.034779] +5V_USB_HS: supplied by +5V_SYS
[    2.040869] +3.3V_LP0: supplied by +3.3V_SYS
[    2.047368] +5V_HDMI_CON: supplied by +5V_SYS
[    2.052541] +5V_SATA: supplied by +5V_SYS
[    2.057268] +12V_SATA: supplied by +VDD_MUX
[    2.063785] usb2-0 supply vbus not found, using dummy regulator
[    2.065902] mmc0: new high speed MMC card at address 0001
[    2.067451] mmcblk0: mmc0:0001 SEM16G 14.7 GiB 
[    2.068609] mmcblk0boot0: mmc0:0001 SEM16G partition 1 4.00 MiB
[    2.069364] mmcblk0boot1: mmc0:0001 SEM16G partition 2 4.00 MiB
[    2.070172] mmcblk0rpmb: mmc0:0001 SEM16G partition 3 4.00 MiB
[    2.097620] usb2-1 supply vbus not found, using dummy regulator
[    2.103931] usb3-0 supply vbus not found, using dummy regulator
[    2.111259] tegra-pcie 1003000.pcie-controller: 2x1, 1x1 configuration
[    2.111617]  mmcblk0: p1
[    2.120462] tegra-pcie 1003000.pcie-controller: Failed to get supply 'avddio-pex': -517
[    2.130495] tegra-hdmi 54280000.hdmi: failed to get PLL regulator
[    2.141740] as3722-sd2: supplied by +5V_SYS
[    2.146345] as3722-sd3: supplied by +5V_SYS
[    2.150947] as3722-sd4: supplied by +5V_SYS
[    2.155478] +1.05V_RUN_AVDD_HDMI_PLL: supplied by +1.05V_RUN
[    2.161308] as3722-sd5: supplied by +5V_SYS
[    2.167330] as3722-ldo0: supplied by +1.35V_LP0(sd2)
[    2.173416] as3722-ldo1: supplied by +3.3V_RUN
[    2.178308] as3722-ldo2: supplied by +1.8V_VDDIO
[    2.183970] as3722-ldo3: supplied by +3.3V_SYS
[    2.189314] as3722-ldo4: supplied by +3.3V_SYS
[    2.194039] as3722-ldo5: supplied by +1.8V_VDDIO
[    2.198949] as3722-ldo6: supplied by +3.3V_RUN
[    2.203682] as3722-ldo7: supplied by +1.8V_VDDIO
[    2.209060] +1.05V_RUN_CAM_REAR: Bringing 0uV into 1050000-1050000uV
[    2.216165] as3722-ldo9: supplied by +5V_SYS
[    2.221668] +3.3V_RUN_TOUCH: Bringing 0uV into 2800000-2800000uV
[    2.228273] as3722-ldo10: supplied by +5V_SYS
[    2.233171] +2.8V_RUN_CAM_AF: Bringing 0uV into 2800000-2800000uV
[    2.240015] as3722-ldo11: supplied by +3.3V_RUN
[    2.245346] +1.8V_RUN_VPP_FUSE: Bringing 0uV into 1800000-1800000uV
[    2.255384] tegra-ahci 70027000.sata: AHCI 0001.0301 32 slots 2 ports 3 Gbps 0x1 impl platform mode
[    2.264476] tegra-ahci 70027000.sata: flags: 64bit ncq sntf pm led pio slum part sadm sds apst 
[    2.275374] scsi host0: tegra-ahci
[    2.279968] scsi host1: tegra-ahci
[    2.283719] ata1: SATA max UDMA/133 mmio [mem 0x70027000-0x70028fff] port 0x100 irq 343
[    2.291757] ata2: DUMMY
[    2.297182] tegra-ehci 7d008000.usb: EHCI Host Controller
[    2.302632] tegra-ehci 7d008000.usb: new USB bus registered, assigned bus number 2
[    2.310396] tegra-ehci 7d008000.usb: irq 353, io mem 0x7d008000
[    2.324529] tegra-ehci 7d008000.usb: USB 2.0 started, EHCI 1.10
[    2.331660] hub 2-0:1.0: USB hub found
[    2.335511] hub 2-0:1.0: 1 port detected
[    2.342004] sdhci-tegra 700b0400.sdhci: Got CD GPIO
[    2.346954] sdhci-tegra 700b0400.sdhci: Got WP GPIO
[    2.351940] mmc1: Unknown controller version (3). You may experience problems.
[    2.359452] mmc1: Invalid maximum block size, assuming 512 bytes
[    2.399961] mmc1: SDHCI controller on 700b0400.sdhci [700b0400.sdhci] using ADMA 64-bit
[    2.412612] tegra-pcie 1003000.pcie-controller: 2x1, 1x1 configuration
[    2.421336] tegra-pcie 1003000.pcie-controller: probing port 0, using 2 lanes
[    2.430727] tegra-pcie 1003000.pcie-controller: Slot present pin change, signature: 00000008
[    2.455228] tegra-pcie 1003000.pcie-controller: probing port 1, using 1 lanes
[    2.464510] tegra-pcie 1003000.pcie-controller: Slot present pin change, signature: 00000000
[    2.479343] tegra-pcie 1003000.pcie-controller: PCI host bridge to bus 0000:00
[    2.486612] pci_bus 0000:00: root bus resource [io  0x0000-0xffff]
[    2.492807] pci_bus 0000:00: root bus resource [mem 0x13000000-0x1fffffff]
[    2.499706] pci_bus 0000:00: root bus resource [mem 0x20000000-0x3fffffff pref]
[    2.507050] pci_bus 0000:00: root bus resource [bus 00-ff]
[    2.512612] pci 0000:00:01.0: [10de:0e12] type 01 class 0x060400
[    2.518756] pci 0000:00:01.0: PME# supported from D0 D1 D2 D3hot D3cold
[    2.525763] pci 0000:00:02.0: [10de:0e13] type 01 class 0x060400
[    2.531933] pci 0000:00:02.0: PME# supported from D0 D1 D2 D3hot D3cold
[    2.538942] PCI: bus0: Fast back to back transfers disabled
[    2.544565] pci 0000:00:01.0: bridge configuration invalid ([bus 00-00]), reconfiguring
[    2.552615] pci 0000:00:02.0: bridge configuration invalid ([bus 00-00]), reconfiguring
[    2.560913] pci 0000:01:00.0: [8086:4232] type 00 class 0x028000
[    2.566991] pci 0000:01:00.0: reg 0x10: [mem 0x00000000-0x00001fff 64bit]
[    2.574031] pci 0000:01:00.0: PME# supported from D0 D3hot D3cold
[    2.589564] PCI: bus1: Fast back to back transfers disabled
[    2.595202] pci_bus 0000:01: busn_res: [bus 01-ff] end is updated to 01
[    2.602123] pci 0000:02:00.0: [10ec:8168] type 00 class 0x020000
[    2.607989] ata1: SATA link down (SStatus 0 SControl 300)
[    2.613620] pci 0000:02:00.0: reg 0x10: [io  0x0000-0x00ff]
[    2.619274] pci 0000:02:00.0: reg 0x18: [mem 0x00000000-0x00000fff 64bit]
[    2.626131] pci 0000:02:00.0: reg 0x20: [mem 0x00000000-0x00003fff 64bit pref]
[    2.633559] pci 0000:02:00.0: supports D1 D2
[    2.637872] pci 0000:02:00.0: PME# supported from D0 D1 D2 D3hot D3cold
[    2.654558] PCI: bus2: Fast back to back transfers disabled
[    2.660164] pci_bus 0000:02: busn_res: [bus 02-ff] end is updated to 02
[    2.666964] pci 0000:00:01.0: BAR 8: assigned [mem 0x13000000-0x130fffff]
[    2.673798] pci 0000:00:02.0: BAR 8: assigned [mem 0x13100000-0x131fffff]
[    2.680639] pci 0000:00:02.0: BAR 9: assigned [mem 0x20000000-0x200fffff 64bit pref]
[    2.688428] pci 0000:00:02.0: BAR 7: assigned [io  0x1000-0x1fff]
[    2.694577] pci 0000:01:00.0: BAR 0: assigned [mem 0x13000000-0x13001fff 64bit]
[    2.701956] pci 0000:00:01.0: PCI bridge to [bus 01]
[    2.706977] pci 0000:00:01.0:   bridge window [mem 0x13000000-0x130fffff]
[    2.713830] pci 0000:02:00.0: BAR 4: assigned [mem 0x20000000-0x20003fff 64bit pref]
[    2.721642] pci 0000:02:00.0: BAR 2: assigned [mem 0x13100000-0x13100fff 64bit]
[    2.729019] pci 0000:02:00.0: BAR 0: assigned [io  0x1000-0x10ff]
[    2.735166] pci 0000:00:02.0: PCI bridge to [bus 02]
[    2.740180] pci 0000:00:02.0:   bridge window [io  0x1000-0x1fff]
[    2.746325] pci 0000:00:02.0:   bridge window [mem 0x13100000-0x131fffff]
[    2.753160] pci 0000:00:02.0:   bridge window [mem 0x20000000-0x200fffff 64bit pref]
[    2.760987] pci 0000:00:01.0: nv_msi_ht_cap_quirk didn't locate host bridge
[    2.768121] pcieport 0000:00:01.0: enabling device (0140 -> 0142)
[    2.774572] pcieport 0000:00:01.0: Signaling PME through PCIe PME interrupt
[    2.781582] pci 0000:01:00.0: Signaling PME through PCIe PME interrupt
[    2.788160] pcie_pme 0000:00:01.0:pcie01: service driver pcie_pme loaded
[    2.795008] pci 0000:00:02.0: nv_msi_ht_cap_quirk didn't locate host bridge
[    2.802130] pcieport 0000:00:02.0: enabling device (0140 -> 0143)
[    2.808542] pcieport 0000:00:02.0: Signaling PME through PCIe PME interrupt
[    2.815546] pci 0000:02:00.0: Signaling PME through PCIe PME interrupt
[    2.822121] pcie_pme 0000:00:02.0:pcie01: service driver pcie_pme loaded
[    2.829196] r8169 Gigabit Ethernet driver 2.3LK-NAPI loaded
[    2.834835] r8169 0000:02:00.0: enabling device (0140 -> 0143)
[    2.851218] r8169 0000:02:00.0 eth0: RTL8168g/8111g at 0xf0a52000, 00:04:4b:3a:d9:81, XID 0c000800 IRQ 393
[    2.860937] r8169 0000:02:00.0 eth0: jumbo features [frames: 9200 bytes, tx checksumming: ko]
[    2.873552] [drm] Supports vblank timestamp caching Rev 2 (21.10.2013).
[    2.880211] [drm] No driver support for vblank timestamp query.
[    2.888074] mmc1: new high speed SDHC card at address aaaa
[    2.894841] mmcblk1: mmc1:aaaa SD04G 3.69 GiB 
[    2.912352]  mmcblk1: p1 p2 p3
[    3.004997] tegra-hdmi 54280000.hdmi: cannot set audio to 44100 at 297000000 pclk
[    3.175377] Console: switching to colour frame buffer device 512x135
[    3.270455] drm drm: fb0:  frame buffer device
[    3.289533] [drm] Initialized tegra 0.0.0 20120330 on minor 0
[    3.297067] cpu: dev_pm_opp_of_cpumask_add_table: couldn't find opp table for cpu:0, -19
[    3.305207] cpu cpu0: dev_pm_opp_get_max_volt_latency: Invalid regulator (-6)
[    3.312348] cpufreq: cpufreq_online: CPU0: Running at unlisted freq: 696000 KHz
[    3.319672] cpufreq: cpufreq_online: CPU0: Unlisted initial frequency changed to: 714000 KHz
[    3.328264] cpu cpu1: cpufreq_init: failed to get clk: -2
[    3.333745] cpu cpu2: cpufreq_init: failed to get clk: -2
[    3.339220] cpu cpu3: cpufreq_init: failed to get clk: -2
[    3.345683] input: gpio-keys as /devices/soc0/gpio-keys/input/input0
[    3.353336] as3722-rtc as3722-rtc: setting system clock to 2000-01-01 00:00:43 UTC (946684843)
[    3.367890] +USB0_VBUS_SW: disabling
[    3.371481] +1.8V_RUN_CAM: disabling
[    3.375435] +2.8V_RUN_CAM: disabling
[    3.379368] +1.2V_RUN_CAM_FRONT: disabling
[    3.383699] +1.05V_RUN_CAM_REAR: disabling
[    3.388026] +3.3V_RUN_TOUCH: disabling
[    3.392001] +2.8V_RUN_CAM_AF: disabling
[    3.396065] +1.8V_RUN_VPP_FUSE: disabling
[    3.402036] EXT4-fs (mmcblk0p1): mounting ext3 file system using the ext4 subsystem
[    3.426085] EXT4-fs (mmcblk0p1): recovery complete
[    3.430928] EXT4-fs (mmcblk0p1): mounted filesystem with ordered data mode. Opts: (null)
[    3.439048] VFS: Mounted root (ext3 filesystem) on device 179:1.
[    3.449732] devtmpfs: mounted
[    3.457660] Freeing unused kernel memory: 2048K (c1100000 - c1300000)
bash: cannot set terminal process group (-1): Inappropriate ioctl for device
bash: no job control in this shell
root@(none):/# mount -t sysfs none /sys
root@(none):/# 
root@(none):/# mount -t debugfs none /sys/kernel/debug
root@(none):/# 
root@(none):/# rtcwake -d rtc1 -m mem -s 3
rtcwake: assuming RTC uses UTC ...
rtcwake: wakeup from "mem" using /dev/rtc1 at Thu Jan  1 00:00:19 1970
[    6.438595] PM: Syncing filesystems ... done.
[    6.618051] Freezing user space processes ... (elapsed 0.001 seconds) done.
[    6.626761] Freezing remaining freezable tasks ... (elapsed 0.001 seconds) done.
[    6.635996] Suspending console(s) (use no_console_suspend to debug)
[    6.757172] PM: suspend of devices complete after 112.168 msecs
[    6.762144] PM: late suspend of devices complete after 4.944 msecs
[    6.778008] PM: noirq suspend of devices complete after 15.844 msecs
[    6.778015] Disabling non-boot CPUs ...
[    6.778951] IRQ16 no longer affine to CPU1
[    6.779714] CPU1: shutdown
[    6.799970] CPU2: shutdown
[    6.818942] CPU3: shutdown
[    6.836834] Entering suspend state LP1
[    6.836849] Enabling non-boot CPUs ...
[    6.860285] cpu cpu1: cpufreq_init: failed to get clk: -2
[    6.860310] CPU1 is up
[    6.885331] cpu cpu2: cpufreq_init: failed to get clk: -2
[    6.885353] CPU2 is up
[    6.910472] cpu cpu3: cpufreq_init: failed to get clk: -2
[    6.910493] CPU3 is up
[    6.911244] pcieport 0000:00:01.0: nv_msi_ht_cap_quirk didn't locate host bridge
[    6.911247] pcieport 0000:00:02.0: nv_msi_ht_cap_quirk didn't locate host bridge
[    6.924493] PM: noirq resume of devices complete after 13.994 msecs
[    6.926533] PM: early resume of devices complete after 1.713 msecs
[    6.929602] tegra-hdmi 54280000.hdmi: cannot set audio to 44100 at 297000000 pclk
[    7.009831] PM: resume of devices complete after 83.287 msecs
[    7.116229] Restarting tasks ... done.
root@(none):/# 
root@(none):/# [    7.251932] ata1: SATA link down (SStatus 0 SControl 300)
rtcwake -d rtc1 -m mem -s 3
rtcwake: assuming RTC uses UTC ...
rtcwake: wakeup from "mem" using /dev/rtc1 at Thu Jan  1 00:00:23 1970
[    7.425706] PM: Syncing filesystems ... done.
[    7.477535] Freezing user space processes ... (elapsed 0.001 seconds) done.
[    7.485793] Freezing remaining freezable tasks ... (elapsed 0.001 seconds) done.
[    7.494524] Suspending console(s) (use no_console_suspend to debug)
[    7.585787] PM: suspend of devices complete after 84.170 msecs
[    7.587347] PM: late suspend of devices complete after 1.548 msecs
[    7.600391] PM: noirq suspend of devices complete after 13.037 msecs
[    7.600393] Disabling non-boot CPUs ...
[    7.600666] IRQ16 no longer affine to CPU1
[    7.600911] CPU1: shutdown
[    7.620950] CPU2: shutdown
[    7.635760] CPU3: shutdown
[    7.650073] Entering suspend state LP1
[    7.650088] Enabling non-boot CPUs ...
[    7.675253] cpu cpu1: cpufreq_init: failed to get clk: -2
[    7.675276] CPU1 is up
[    7.700302] cpu cpu2: cpufreq_init: failed to get clk: -2
[    7.700323] CPU2 is up
[    7.725442] cpu cpu3: cpufreq_init: failed to get clk: -2
[    7.725464] CPU3 is up
[    7.726161] pcieport 0000:00:01.0: nv_msi_ht_cap_quirk didn't locate host bridge
[    7.726165] pcieport 0000:00:02.0: nv_msi_ht_cap_quirk didn't locate host bridge
[    7.739469] PM: noirq resume of devices complete after 13.999 msecs
[    7.740991] PM: early resume of devices complete after 1.193 msecs
[    7.744392] tegra-hdmi 54280000.hdmi: cannot set audio to 44100 at 297000000 pclk
[    7.823775] PM: resume of devices complete after 82.774 msecs
[    7.931343] Restarting tasks ... done.
[    8.059096] ata1: SATA link down (SStatus 0 SControl 300)
root@(none):/# 
root@(none):/# rtcwake -d rtc1 -m mem -s 3
rtcwake: assuming RTC uses UTC ...
rtcwake: wakeup from "mem" using /dev/rtc1 at Thu Jan  1 00:00:27 1970
[    8.260701] PM: Syncing filesystems ... done.
[    8.518429] Freezing user space processes ... (elapsed 0.001 seconds) done.
[    8.527206] Freezing remaining freezable tasks ... (elapsed 0.001 seconds) done.
[    8.536511] Suspending console(s) (use no_console_suspend to debug)
[    8.652558] PM: suspend of devices complete after 107.119 msecs
[    8.657600] PM: late suspend of devices complete after 5.016 msecs
[    8.672851] PM: noirq suspend of devices complete after 15.232 msecs
[    8.672859] Disabling non-boot CPUs ...
[    8.673797] IRQ16 no longer affine to CPU1
[    8.674607] CPU1: shutdown
[    8.699620] CPU2: shutdown
[    8.718902] CPU3: shutdown
[    8.736760] Entering suspend state LP1
[    8.736774] Enabling non-boot CPUs ...
[    8.760225] cpu cpu1: cpufreq_init: failed to get clk: -2
[    8.760248] CPU1 is up
[    8.785276] cpu cpu2: cpufreq_init: failed to get clk: -2
[    8.785298] CPU2 is up
[    8.810416] cpu cpu3: cpufreq_init: failed to get clk: -2
[    8.810439] CPU3 is up
[    8.811196] pcieport 0000:00:02.0: nv_msi_ht_cap_quirk didn't locate host bridge
[    8.811198] pcieport 0000:00:01.0: nv_msi_ht_cap_quirk didn't locate host bridge
[    8.824439] PM: noirq resume of devices complete after 13.995 msecs
[    8.826038] PM: early resume of devices complete after 1.263 msecs
[    8.828574] tegra-hdmi 54280000.hdmi: cannot set audio to 44100 at 297000000 pclk
[    8.907996] PM: resume of devices complete after 81.947 msecs
[    9.014439] Restarting tasks ... done.
root@(none):/# 
root@(none):/# [    9.141984] ata1: SATA link down (SStatus 0 SControl 300)
rtcwake -d rtc1 -m mem -s 3
rtcwake: assuming RTC uses UTC ...
rtcwake: wakeup from "mem" using /dev/rtc1 at Thu Jan  1 00:00:31 1970
[    9.332066] PM: Syncing filesystems ... done.
[    9.379480] Freezing user space processes ... (elapsed 0.001 seconds) done.
[    9.387707] Freezing remaining freezable tasks ... (elapsed 0.001 seconds) done.
[    9.396412] Suspending console(s) (use no_console_suspend to debug)
[    9.485890] PM: suspend of devices complete after 82.452 msecs
[    9.487998] PM: late suspend of devices complete after 2.097 msecs
[    9.500250] PM: noirq suspend of devices complete after 12.246 msecs
[    9.500253] Disabling non-boot CPUs ...
[    9.500534] IRQ16 no longer affine to CPU1
[    9.500768] CPU1: shutdown
[    9.515783] CPU2: shutdown
[    9.530626] CPU3: shutdown
[    9.544960] Entering suspend state LP1
[    9.544975] Enabling non-boot CPUs ...
[    9.570204] cpu cpu1: cpufreq_init: failed to get clk: -2
[    9.570230] CPU1 is up
[    9.595261] cpu cpu2: cpufreq_init: failed to get clk: -2
[    9.595285] CPU2 is up
[    9.620388] cpu cpu3: cpufreq_init: failed to get clk: -2
[    9.620412] CPU3 is up
[    9.621155] pcieport 0000:00:02.0: nv_msi_ht_cap_quirk didn't locate host bridge
[    9.621157] pcieport 0000:00:01.0: nv_msi_ht_cap_quirk didn't locate host bridge
[    9.634426] PM: noirq resume of devices complete after 14.008 msecs
[    9.636239] PM: early resume of devices complete after 1.486 msecs
[    9.638798] tegra-hdmi 54280000.hdmi: cannot set audio to 44100 at 297000000 pclk
[    9.718992] PM: resume of devices complete after 82.744 msecs
[    9.825378] Restarting tasks ... done.
root@(none):/# 
root@(none):/# [    9.951952] ata1: SATA link down (SStatus 0 SControl 300)
rtcwake -d rtc1 -m mem -s 3
rtcwake: assuming RTC uses UTC ...
rtcwake: wakeup from "mem" using /dev/rtc1 at Thu Jan  1 00:00:35 1970
[   10.141413] PM: Syncing filesystems ... done.
[   10.186503] Freezing user space processes ... (elapsed 0.001 seconds) done.
[   10.194738] Freezing remaining freezable tasks ... (elapsed 0.001 seconds) done.
[   10.203409] Suspending console(s) (use no_console_suspend to debug)
[   10.295754] PM: suspend of devices complete after 85.343 msecs
[   10.297557] PM: late suspend of devices complete after 1.793 msecs
[   10.310171] PM: noirq suspend of devices complete after 12.608 msecs
[   10.310173] Disabling non-boot CPUs ...
[   10.310651] CPU1: shutdown
[   10.325669] CPU2: shutdown
[   10.350496] CPU3: shutdown
[   10.364900] Entering suspend state LP1
[   10.364915] Enabling non-boot CPUs ...
[   10.390179] cpu cpu1: cpufreq_init: failed to get clk: -2
[   10.390203] CPU1 is up
[   10.415237] cpu cpu2: cpufreq_init: failed to get clk: -2
[   10.415259] CPU2 is up
[   10.440369] cpu cpu3: cpufreq_init: failed to get clk: -2
[   10.440392] CPU3 is up
[   10.441117] pcieport 0000:00:02.0: nv_msi_ht_cap_quirk didn't locate host bridge
[   10.441138] pcieport 0000:00:01.0: nv_msi_ht_cap_quirk didn't locate host bridge
[   10.454403] PM: noirq resume of devices complete after 14.005 msecs
[   10.456091] PM: early resume of devices complete after 1.371 msecs
[   10.458677] tegra-hdmi 54280000.hdmi: cannot set audio to 44100 at 297000000 pclk
[   10.538954] PM: resume of devices complete after 82.854 msecs
[   10.642619] Restarting tasks ... done.
[   10.773373] ata1: SATA link down (SStatus 0 SControl 300)
root@(none):/# 
root@(none):/# rtcwake -d rtc1 -m mem -s 3
rtcwake: assuming RTC uses UTC ...
rtcwake: wakeup from "mem" using /dev/rtc1 at Thu Jan  1 00:00:39 1970
[   10.974811] PM: Syncing filesystems ... done.
[   11.237719] Freezing user space processes ... (elapsed 0.001 seconds) done.
[   11.246250] Freezing remaining freezable tasks ... (elapsed 0.001 seconds) done.
[   11.254932] Suspending console(s) (use no_console_suspend to debug)
[   11.365866] PM: suspend of devices complete after 103.987 msecs
[   11.367680] PM: late suspend of devices complete after 1.805 msecs
[   11.379976] PM: noirq suspend of devices complete after 12.291 msecs
[   11.379978] Disabling non-boot CPUs ...
[   11.380367] CPU1: shutdown
[   11.395409] CPU2: shutdown
[   11.410053] IRQ16 no longer affine to CPU3
[   11.410260] CPU3: shutdown
[   11.424750] Entering suspend state LP1
[   11.424764] Enabling non-boot CPUs ...
[   11.450039] cpu cpu1: cpufreq_init: failed to get clk: -2
[   11.450058] CPU1 is up
[   11.475073] cpu cpu2: cpufreq_init: failed to get clk: -2
[   11.475091] CPU2 is up
[   11.500183] cpu cpu3: cpufreq_init: failed to get clk: -2
[   11.500201] CPU3 is up
[   11.500836] pcieport 0000:00:01.0: nv_msi_ht_cap_quirk didn't locate host bridge
[   11.500838] pcieport 0000:00:02.0: nv_msi_ht_cap_quirk didn't locate host bridge
[   11.514372] PM: noirq resume of devices complete after 14.166 msecs
[   11.515331] PM: early resume of devices complete after 0.644 msecs
[   11.517758] tegra-hdmi 54280000.hdmi: cannot set audio to 44100 at 297000000 pclk
[   11.597116] PM: resume of devices complete after 81.777 msecs
[   11.703525] Restarting tasks ... done.
root@(none):/# 
root@(none):/# [   11.826715] ata1: SATA link down (SStatus 0 SControl 300)
rtcwake -d rtc1 -m mem -s 3
rtcwake: assuming RTC uses UTC ...
rtcwake: wakeup from "mem" using /dev/rtc1 at Thu Jan  1 00:00:43 1970
[   12.014822] PM: Syncing filesystems ... done.
[   12.075593] Freezing user space processes ... (elapsed 0.001 seconds) done.
[   12.083864] Freezing remaining freezable tasks ... (elapsed 0.001 seconds) done.
[   12.092613] Suspending console(s) (use no_console_suspend to debug)
[   12.175763] PM: suspend of devices complete after 75.907 msecs
[   12.177405] PM: late suspend of devices complete after 1.635 msecs
[   12.190414] PM: noirq suspend of devices complete after 13.002 msecs
[   12.190417] Disabling non-boot CPUs ...
[   12.190755] IRQ16 no longer affine to CPU1
[   12.191053] CPU1: shutdown
[   12.206183] CPU2: shutdown
[   12.220921] CPU3: shutdown
[   12.235090] Entering suspend state LP1
[   12.235105] Enabling non-boot CPUs ...
[   12.260140] cpu cpu1: cpufreq_init: failed to get clk: -2
[   12.260163] CPU1 is up
[   12.285199] cpu cpu2: cpufreq_init: failed to get clk: -2
[   12.285221] CPU2 is up
[   12.310347] cpu cpu3: cpufreq_init: failed to get clk: -2
[   12.310371] CPU3 is up
[   12.311065] pcieport 0000:00:02.0: nv_msi_ht_cap_quirk didn't locate host bridge
[   12.311165] pcieport 0000:00:01.0: nv_msi_ht_cap_quirk didn't locate host bridge
[   12.324358] PM: noirq resume of devices complete after 13.979 msecs
[   12.325822] PM: early resume of devices complete after 1.130 msecs
[   12.328437] tegra-hdmi 54280000.hdmi: cannot set audio to 44100 at 297000000 pclk
[   12.407727] PM: resume of devices complete after 81.896 msecs
[   12.514090] Restarting tasks ... done.
root@(none):/# 
root@(none):/# [   12.641907] ata1: SATA link down (SStatus 0 SControl 300)
rtcwake -d rtc1 -m mem -s 3
rtcwake: assuming RTC uses UTC ...
rtcwake: wakeup from "mem" using /dev/rtc1 at Thu Jan  1 00:00:47 1970
[   12.826695] PM: Syncing filesystems ... done.
[   12.883122] Freezing user space processes ... (elapsed 0.001 seconds) done.
[   12.891402] Freezing remaining freezable tasks ... (elapsed 0.001 seconds) done.
[   12.900122] Suspending console(s) (use no_console_suspend to debug)
[   12.990741] PM: suspend of devices complete after 83.474 msecs
[   12.992838] PM: late suspend of devices complete after 2.086 msecs
[   13.005351] PM: noirq suspend of devices complete after 12.506 msecs
[   13.005354] Disabling non-boot CPUs ...
[   13.005939] CPU1: shutdown
[   13.020986] CPU2: shutdown
[   13.035462] IRQ16 no longer affine to CPU3
[   13.035737] CPU3: shutdown
[   13.049987] Entering suspend state LP1
[   13.050002] Enabling non-boot CPUs ...
[   13.075108] cpu cpu1: cpufreq_init: failed to get clk: -2
[   13.075131] CPU1 is up
[   13.100164] cpu cpu2: cpufreq_init: failed to get clk: -2
[   13.100186] CPU2 is up
[   13.125296] cpu cpu3: cpufreq_init: failed to get clk: -2
[   13.125318] CPU3 is up
[   13.126052] pcieport 0000:00:02.0: nv_msi_ht_cap_quirk didn't locate host bridge
[   13.126055] pcieport 0000:00:01.0: nv_msi_ht_cap_quirk didn't locate host bridge
[   13.139334] PM: noirq resume of devices complete after 14.010 msecs
[   13.141157] PM: early resume of devices complete after 1.500 msecs
[   13.143734] tegra-hdmi 54280000.hdmi: cannot set audio to 44100 at 297000000 pclk
[   13.223898] PM: resume of devices complete after 82.731 msecs
[   13.330277] Restarting tasks ... done.
root@(none):/# 
root@(none):/# [   13.456690] ata1: SATA link down (SStatus 0 SControl 300)
rtcwake -d rtc1 -m mem -s 3
rtcwake: assuming RTC uses UTC ...
rtcwake: wakeup from "mem" using /dev/rtc1 at Thu Jan  1 00:00:51 1970
[   13.640262] PM: Syncing filesystems ... done.
[   13.688605] Freezing user space processes ... (elapsed 0.001 seconds) done.
[   13.696879] Freezing remaining freezable tasks ... (elapsed 0.001 seconds) done.
[   13.705576] Suspending console(s) (use no_console_suspend to debug)
[   13.805673] PM: suspend of devices complete after 93.056 msecs
[   13.807500] PM: late suspend of devices complete after 1.816 msecs
[   13.820127] PM: noirq suspend of devices complete after 12.622 msecs
[   13.820130] Disabling non-boot CPUs ...
[   13.820634] CPU1: shutdown
[   13.835699] CPU2: shutdown
[   13.850205] IRQ16 no longer affine to CPU3
[   13.850459] CPU3: shutdown
[   13.864865] Entering suspend state LP1
[   13.864880] Enabling non-boot CPUs ...
[   13.890087] cpu cpu1: cpufreq_init: failed to get clk: -2
[   13.890110] CPU1 is up
[   13.915144] cpu cpu2: cpufreq_init: failed to get clk: -2
[   13.915167] CPU2 is up
[   13.940275] cpu cpu3: cpufreq_init: failed to get clk: -2
[   13.940297] CPU3 is up
[   13.941005] pcieport 0000:00:01.0: nv_msi_ht_cap_quirk didn't locate host bridge
[   13.941052] pcieport 0000:00:02.0: nv_msi_ht_cap_quirk didn't locate host bridge
[   13.954311] PM: noirq resume of devices complete after 14.008 msecs
[   13.956175] PM: early resume of devices complete after 1.557 msecs
[   13.958727] tegra-hdmi 54280000.hdmi: cannot set audio to 44100 at 297000000 pclk
[   14.038998] PM: resume of devices complete after 82.813 msecs
[   14.145386] Restarting tasks ... done.
root@(none):/# 
root@(none):/# [   14.271668] ata1: SATA link down (SStatus 0 SControl 300)
rtcwake -d rtc1 -m mem -s 3
rtcwake: assuming RTC uses UTC ...
rtcwake: wakeup from "mem" using /dev/rtc1 at Thu Jan  1 00:00:55 1970
[   14.456364] PM: Syncing filesystems ... done.
[   14.513991] Freezing user space processes ... (elapsed 0.001 seconds) done.
[   14.522255] Freezing remaining freezable tasks ... (elapsed 0.001 seconds) done.
[   14.531029] Suspending console(s) (use no_console_suspend to debug)
[   14.615697] PM: suspend of devices complete after 77.432 msecs
[   14.617817] PM: late suspend of devices complete after 2.109 msecs
[   14.630309] PM: noirq suspend of devices complete after 12.485 msecs
[   14.630311] Disabling non-boot CPUs ...
[   14.630871] CPU1: shutdown
[   14.645922] CPU2: shutdown
[   14.660650] CPU3: shutdown
[   14.674959] Entering suspend state LP1
[   14.674974] Enabling non-boot CPUs ...
[   14.700076] cpu cpu1: cpufreq_init: failed to get clk: -2
[   14.700099] CPU1 is up
[   14.725128] cpu cpu2: cpufreq_init: failed to get clk: -2
[   14.725150] CPU2 is up
[   14.750259] cpu cpu3: cpufreq_init: failed to get clk: -2
[   14.750281] CPU3 is up
[   14.751023] pcieport 0000:00:01.0: nv_msi_ht_cap_quirk didn't locate host bridge
[   14.751025] pcieport 0000:00:02.0: nv_msi_ht_cap_quirk didn't locate host bridge
[   14.764288] PM: noirq resume of devices complete after 14.001 msecs
[   14.766218] PM: early resume of devices complete after 1.596 msecs
[   14.768882] tegra-hdmi 54280000.hdmi: cannot set audio to 44100 at 297000000 pclk
[   14.849081] PM: resume of devices complete after 82.854 msecs
[   14.951903] Restarting tasks ... done.
NVTB SYSTEM SUSPEND TEST COMPLETE
root@(none):/# 
root@(none):/# [   15.082230] ata1: SATA link down (SStatus 0 SControl 300)
