

U-Boot 2015.04-00466-gedec83e90172 (Mar 14 2016 - 10:42:01)

TEGRA124
Model: Acer Chromebook 13 CB5-311
DRAM:  4 GiB
:   Tegra SD/MMC: 0, Tegra SD/MMC: 1, Tegra SD/MMC: 2
MMC init failed
Using default environment

In:    serial
Out:   serial
Err:   serial
Net:   Net Initialization Skipped
No ethernet found.
Hit any key to stop autoboot:  2  0 
Tegra124 (Nyan-big) # 
Tegra124 (Nyan-big) # usb start
starting USB...
USB0:   USB EHCI 1.10
scanning bus 0 for devices... 2 USB Device(s) found
USB1:   USB EHCI 1.10
scanning bus 1 for devices... 2 USB Device(s) found
       scanning usb for storage devices... 1 Storage Device(s) found
       scanning usb for ethernet devices... 
Warning: asx0 using MAC address from net device
1 Ethernet Device(s) found
Tegra124 (Nyan-big) # setenv bootargs 'ignore_loglevel console=ttyS0,115200n8 rw root=PARTUUID=4d36e82a-b3c0-4b4b-bfcd-afe5217ac023 rootwait gpt debug noinitrd earlyprintk init=/bin/bash'
Tegra124 (Nyan-big) # setenv ipaddr 192.168.100.102; setenv serverip 192.168.100.1; setenv tftpserverip 192.168.100.1
Tegra124 (Nyan-big) # tftpboot 0x82000000 zImage.multi_v7_defconfig
Using asx0 device
TFTP from server 192.168.100.1; our IP address is 192.168.100.102
Filename 'zImage.multi_v7_defconfig'.
Load address: 0x82000000
Loading: *#################################################################
	 #################################################################
	 #################################################################
	 #################################################################
	 #################################################################
	 #################################################################
	 #################################################################
	 ##########################
	 2.8 MiB/s
done
Bytes transferred = 7058656 (6bb4e0 hex)
Tegra124 (Nyan-big) # tftpboot 0x83000000 tegra124-nyan-big.dtb
Using asx0 device
TFTP from server 192.168.100.1; our IP address is 192.168.100.102
Filename 'tegra124-nyan-big.dtb'.
Load address: 0x83000000
Loading: *#####
	 2.7 MiB/s
done
Bytes transferred = 66821 (10505 hex)
Tegra124 (Nyan-big) # bootz 0x82000000 - 0x83000000
Kernel image @ 0x82000000 [ 0x000000 - 0x6bb4e0 ]
## Flattened Device Tree blob at 83000000
   Booting using the fdt blob at 0x83000000
   Using Device Tree in place at 83000000, end 83013504

Starting kernel ...

[    0.000000] Booting Linux on physical CPU 0x0
[    0.000000] Linux version 4.7.0-rc5-next-20160704-104210-gb2677d1 (pwalmsley@sellafield) (gcc version 4.7.3 20130328 (prerelease) (crosstool-NG linaro-1.13.1-4.7-2013.04-20130415 - Linaro GCC 2013.04) ) #1 SMP Tue Jul 12 04:03:17 PDT 2016
[    0.000000] CPU: ARMv7 Processor [413fc0f3] revision 3 (ARMv7), cr=10c5387d
[    0.000000] CPU: div instructions available: patching division code
[    0.000000] CPU: PIPT / VIPT nonaliasing data cache, PIPT instruction cache
[    0.000000] Machine model: Acer Chromebook 13 CB5-311
[    0.000000] Ignoring memory range 0x100000000 - 0x17ffff000
[    0.000000] debug: ignoring loglevel setting.
[    0.000000] cma: Reserved 64 MiB at 0xfb800000
[    0.000000] Memory policy: Data cache writealloc
[    0.000000] On node 0 totalpages: 524287
[    0.000000] free_area_init_node: node 0, pgdat c141b5c0, node_mem_map eeffa000
[    0.000000]   DMA zone: 1536 pages used for memmap
[    0.000000]   DMA zone: 0 pages reserved
[    0.000000]   DMA zone: 196608 pages, LIFO batch:31
[    0.000000]   HighMem zone: 327679 pages, LIFO batch:31
[    0.000000] percpu: Embedded 13 pages/cpu @eef8b000 s23936 r8192 d21120 u53248
[    0.000000] pcpu-alloc: s23936 r8192 d21120 u53248 alloc=13*4096
[    0.000000] pcpu-alloc: [0] 0 [0] 1 [0] 2 [0] 3 
[    0.000000] Built 1 zonelists in Zone order, mobility grouping on.  Total pages: 522751
[    0.000000] Kernel command line: ignore_loglevel console=ttyS0,115200n8 rw root=PARTUUID=4d36e82a-b3c0-4b4b-bfcd-afe5217ac023 rootwait gpt debug noinitrd earlyprintk init=/bin/bash
[    0.000000] PID hash table entries: 4096 (order: 2, 16384 bytes)
[    0.000000] Dentry cache hash table entries: 131072 (order: 7, 524288 bytes)
[    0.000000] Inode-cache hash table entries: 65536 (order: 6, 262144 bytes)
[    0.000000] Memory: 1996024K/2097148K available (9216K kernel code, 1141K rwdata, 3948K rodata, 2048K init, 343K bss, 35588K reserved, 65536K cma-reserved, 1245180K highmem)
[    0.000000] Virtual kernel memory layout:
[    0.000000]     vector  : 0xffff0000 - 0xffff1000   (   4 kB)
[    0.000000]     fixmap  : 0xffc00000 - 0xfff00000   (3072 kB)
[    0.000000]     vmalloc : 0xf0800000 - 0xff800000   ( 240 MB)
[    0.000000]     lowmem  : 0xc0000000 - 0xf0000000   ( 768 MB)
[    0.000000]     pkmap   : 0xbfe00000 - 0xc0000000   (   2 MB)
[    0.000000]     modules : 0xbf000000 - 0xbfe00000   (  14 MB)
[    0.000000]       .text : 0xc0208000 - 0xc0c00000   (10208 kB)
[    0.000000]       .init : 0xc1100000 - 0xc1300000   (2048 kB)
[    0.000000]       .data : 0xc1300000 - 0xc141d640   (1142 kB)
[    0.000000]        .bss : 0xc141f000 - 0xc1474d20   ( 344 kB)
[    0.000000] SLUB: HWalign=64, Order=0-3, MinObjects=0, CPUs=4, Nodes=1
[    0.000000] Hierarchical RCU implementation.
[    0.000000] 	Build-time adjustment of leaf fanout to 32.
[    0.000000] 	RCU restricting CPUs from NR_CPUS=16 to nr_cpu_ids=4.
[    0.000000] RCU: Adjusting geometry for rcu_fanout_leaf=32, nr_cpu_ids=4
[    0.000000] NR_IRQS:16 nr_irqs:16 16
[    0.000000] /interrupt-controller@60004000: 160 interrupts forwarded to /interrupt-controller@50041000
[    0.000000] Tegra clk 127: register failed with -17
[    0.000003] sched_clock: 32 bits at 1000kHz, resolution 1000ns, wraps every 2147483647500ns
[    0.000012] clocksource: timer_us: mask: 0xffffffff max_cycles: 0xffffffff, max_idle_ns: 1911260446275 ns
[    0.000018] Switching to timer-based delay loop, resolution 1000ns
[    0.001627] Architected cp15 timer(s) running at 12.00MHz (virt).
[    0.001634] clocksource: arch_sys_counter: mask: 0xffffffffffffff max_cycles: 0x2c47f4ee7, max_idle_ns: 440795202497 ns
[    0.001640] sched_clock: 56 bits at 12MHz, resolution 83ns, wraps every 4398046511096ns
[    0.001644] Switching to timer-based delay loop, resolution 83ns
[    0.001846] Console: colour dummy device 80x30
[    0.001858] Calibrating delay loop (skipped), value calculated using timer frequency.. 24.00 BogoMIPS (lpj=60000)
[    0.001863] pid_max: default: 32768 minimum: 301
[    0.001902] Mount-cache hash table entries: 2048 (order: 1, 8192 bytes)
[    0.001906] Mountpoint-cache hash table entries: 2048 (order: 1, 8192 bytes)
[    0.002148] CPU: Testing write buffer coherency: ok
[    0.002257] /cpus/cpu@0 missing clock-frequency property
[    0.002271] /cpus/cpu@1 missing clock-frequency property
[    0.002285] /cpus/cpu@2 missing clock-frequency property
[    0.002300] /cpus/cpu@3 missing clock-frequency property
[    0.002304] CPU0: thread -1, cpu 0, socket 0, mpidr 80000000
[    0.002315] Setting up static identity map for 0x80300000 - 0x80300098
[    0.003574] Tegra Revision: A01 SKU: 131 CPU Process: 1 SoC Process: 1
[    0.004118] CPU1: thread -1, cpu 1, socket 0, mpidr 80000001
[    0.006761] CPU2: thread -1, cpu 2, socket 0, mpidr 80000002
[    0.011758] CPU3: thread -1, cpu 3, socket 0, mpidr 80000003
[    0.016533] Brought up 4 CPUs
[    0.016540] SMP: Total of 4 processors activated (96.00 BogoMIPS).
[    0.016543] CPU: All CPU(s) started in SVC mode.
[    0.017084] devtmpfs: initialized
[    0.024163] VFP support v0.3: implementor 41 architecture 4 part 30 variant f rev 0
[    0.024359] clocksource: jiffies: mask: 0xffffffff max_cycles: 0xffffffff, max_idle_ns: 9556302231375000 ns
[    0.024897] pinctrl core: initialized pinctrl subsystem
[    0.025623] NET: Registered protocol family 16
[    0.026285] DMA: preallocated 256 KiB pool for atomic coherent allocations
[    0.041575] cpuidle: using governor menu
[    0.047764] No ATAGs?hw-breakpoint: found 5 (+1 reserved) breakpoint and 4 watchpoint registers.
[    0.047778] hw-breakpoint: maximum watchpoint size is 8 bytes.
[    0.049830] Serial: AMBA PL011 UART driver
[    0.050800] tegra-mc 70019000.memory-controller: no memory timings for RAM code 0 registered
[    0.068281] +5V_SYS: supplied by +VDD_MUX
[    0.068383] +3.3V_SYS: supplied by +VDD_MUX
[    0.068602] +VDD_LED: Failed to request enable GPIO122: -517
[    0.068608] reg-fixed-voltage regulators:regulator@5: Failed to register regulator: -517
[    0.068638] +5V_VDD_TS_SW: Failed to request enable GPIO81: -517
[    0.068642] reg-fixed-voltage regulators:regulator@6: Failed to register regulator: -517
[    0.068672] +5V_USB_HS: Failed to request enable GPIO108: -517
[    0.068676] reg-fixed-voltage regulators:regulator@7: Failed to register regulator: -517
[    0.068704] +5V_USB_SS: Failed to request enable GPIO109: -517
[    0.068708] reg-fixed-voltage regulators:regulator@8: Failed to register regulator: -517
[    0.068785] +1.05V_RUN_AVDD_HDMI_PLL: Failed to request enable GPIO63: -517
[    0.068789] reg-fixed-voltage regulators:regulator@11: Failed to register regulator: -517
[    0.068818] +5V_HDMI_CON: Failed to request enable GPIO86: -517
[    0.068822] reg-fixed-voltage regulators:regulator@12: Failed to register regulator: -517
[    0.069906] vgaarb: loaded
[    0.070191] SCSI subsystem initialized
[    0.070250] libata version 3.00 loaded.
[    0.070348] usbcore: registered new interface driver usbfs
[    0.070371] usbcore: registered new interface driver hub
[    0.070396] usbcore: registered new device driver usb
[    0.071736] pps_core: LinuxPPS API ver. 1 registered
[    0.071740] pps_core: Software ver. 5.3.6 - Copyright 2005-2007 Rodolfo Giometti <giometti@linux.it>
[    0.071748] PTP clock support registered
[    0.071818] EDAC MC: Ver: 3.0.0
[    0.072258] tegra-emc 7001b000.emc: no memory timings for RAM code 0 found in DT
[    0.072266] tegra-emc: probe of 7001b000.emc failed with error -2
[    0.072744] clocksource: Switched to clocksource arch_sys_counter
[    0.076403] NET: Registered protocol family 2
[    0.076599] TCP established hash table entries: 8192 (order: 3, 32768 bytes)
[    0.076645] TCP bind hash table entries: 8192 (order: 4, 65536 bytes)
[    0.076708] TCP: Hash tables configured (established 8192 bind 8192)
[    0.076729] UDP hash table entries: 512 (order: 2, 16384 bytes)
[    0.076743] UDP-Lite hash table entries: 512 (order: 2, 16384 bytes)
[    0.076803] NET: Registered protocol family 1
[    0.076962] RPC: Registered named UNIX socket transport module.
[    0.076965] RPC: Registered udp transport module.
[    0.076968] RPC: Registered tcp transport module.
[    0.076970] RPC: Registered tcp NFSv4.1 backchannel transport module.
[    0.076974] PCI: CLS 0 bytes, default 64
[    0.077405] hw perfevents: enabled with armv7_cortex_a15 PMU driver, 7 counters available
[    0.077965] futex hash table entries: 1024 (order: 4, 65536 bytes)
[    0.078242] workingset: timestamp_bits=28 max_order=19 bucket_order=0
[    0.082019] squashfs: version 4.0 (2009/01/31) Phillip Lougher
[    0.082319] NFS: Registering the id_resolver key type
[    0.082333] Key type id_resolver registered
[    0.082336] Key type id_legacy registered
[    0.082353] ntfs: driver 2.1.32 [Flags: R/O].
[    0.082824] bounce: pool size: 64 pages
[    0.082896] Block layer SCSI generic (bsg) driver version 0.4 loaded (major 248)
[    0.082900] io scheduler noop registered
[    0.082903] io scheduler deadline registered
[    0.082970] io scheduler cfq registered (default)
[    0.084859] tegra-xusb-padctl 7009f000.padctl: failed to setup XUSB ports: -517
[    0.085036] libphy: mdio_driver_register: phy-bcm-ns2-pci
[    0.093648] tegra-apbdma 60020000.dma: Tegra20 APB DMA driver register 32 channels
[    0.094316] tegra-pmc 7000e400.pmc: i2c-thermtrip node not found, emergency thermal reset disabled.
[    0.115748] Serial: 8250/16550 driver, 4 ports, IRQ sharing disabled
[    0.116890] console [ttyS0] disabled
[    0.116919] 70006000.serial: ttyS0 at MMIO 0x70006000 (irq = 331, base_baud = 25500000) is a Tegra
[    0.974931] console [ttyS0] enabled
[    0.978723] SuperH (H)SCI(F) driver initialized
[    0.983593] msm_serial: driver initialized
[    0.987749] STMicroelectronics ASC driver initialized
[    0.994190] [drm] Initialized drm 1.1.0 20060810
[    0.999891] tegra-hdmi 54280000.hdmi: failed to get HDMI regulator
[    1.006433] tegra-dpaux 545c0000.dpaux: failed to get VDD supply: -517
[    1.013625] panel supply power not found, using dummy regulator
[    1.023388] brd: module loaded
[    1.028572] loop: module loaded
[    1.032592] as3722 4-0040: AS3722 with revision 0x1 found
[    1.042292] as3722-sd2: supplied by +5V_SYS
[    1.046721] as3722-sd3: supplied by +5V_SYS
[    1.051061] +1.35V_LP0(sd3): Bringing 0uV into 1350000-1350000uV
[    1.057243] as3722-sd4: supplied by +5V_SYS
[    1.061584] +1.05V_RUN: Bringing 0uV into 1050000-1050000uV
[    1.067333] as3722-sd5: supplied by +5V_SYS
[    1.072926] as3722-ldo0: supplied by +1.35V_LP0(sd2)
[    1.078662] +1.8V_RUN_CAM: Bringing 0uV into 1800000-1800000uV
[    1.084685] as3722-ldo2: supplied by +1.8V_VDDIO
[    1.090304] as3722-ldo3: supplied by +3.3V_SYS
[    1.094760] +1.00V_LP0_VDD_RTC: Bringing 1100000uV into 1000000-1000000uV
[    1.102341] as3722-ldo4: supplied by +3.3V_SYS
[    1.106938] +3.3V_RUN_CAM: Bringing 0uV into 2800000-2800000uV
[    1.112961] as3722-ldo5: supplied by +1.8V_VDDIO
[    1.117723] +1.2V_RUN_CAM_FRONT: Bringing 0uV into 1200000-1200000uV
[    1.124419] +VDDIO_SDMMC3: Bringing 0uV into 1800000-1800000uV
[    1.130459] as3722-ldo7: supplied by +1.8V_VDDIO
[    1.135229] +1.05V_RUN_CAM_REAR: Bringing 0uV into 1050000-1050000uV
[    1.141786] as3722-ldo9: supplied by +5V_SYS
[    1.146352] +2.8V_RUN_TOUCH: Bringing 0uV into 2800000-2800000uV
[    1.152558] as3722-ldo10: supplied by +5V_SYS
[    1.157071] +2.8V_RUN_CAM_AF: Bringing 0uV into 2800000-2800000uV
[    1.163518] +1.8V_RUN_VPP_FUSE: Bringing 0uV into 1800000-1800000uV
[    1.181772] m25p80 spi32765.0: w25q32dw (4096 Kbytes)
[    1.188057] libphy: Fixed MDIO Bus: probed
[    1.192435] CAN device driver interface
[    1.196976] igb: Intel(R) Gigabit Ethernet Network Driver - version 5.3.0-k
[    1.203925] igb: Copyright (c) 2007-2014 Intel Corporation.
[    1.210652] pegasus: v0.9.3 (2013/04/25), Pegasus/Pegasus II USB Ethernet driver
[    1.218059] usbcore: registered new interface driver pegasus
[    1.223731] usbcore: registered new interface driver asix
[    1.229133] usbcore: registered new interface driver ax88179_178a
[    1.235233] usbcore: registered new interface driver cdc_ether
[    1.241077] usbcore: registered new interface driver smsc75xx
[    1.246836] usbcore: registered new interface driver smsc95xx
[    1.252587] usbcore: registered new interface driver net1080
[    1.258249] usbcore: registered new interface driver cdc_subset
[    1.264172] usbcore: registered new interface driver zaurus
[    1.269764] usbcore: registered new interface driver cdc_ncm
[    1.276075] ehci_hcd: USB 2.0 'Enhanced' Host Controller (EHCI) Driver
[    1.282591] ehci-pci: EHCI PCI platform driver
[    1.287042] ehci-platform: EHCI generic platform driver
[    1.292330] ehci-orion: EHCI orion driver
[    1.296384] SPEAr-ehci: EHCI SPEAr driver
[    1.300437] ehci-st: EHCI STMicroelectronics driver
[    1.305357] ehci-exynos: EHCI EXYNOS driver
[    1.309590] ehci-atmel: EHCI Atmel driver
[    1.313643] tegra-ehci: Tegra EHCI driver
[    1.317704] ohci_hcd: USB 1.1 'Open' Host Controller (OHCI) Driver
[    1.323877] ohci-pci: OHCI PCI platform driver
[    1.328330] ohci-platform: OHCI generic platform driver
[    1.333606] ohci-omap3: OHCI OMAP3 driver
[    1.337652] SPEAr-ohci: OHCI SPEAr driver
[    1.341705] ohci-st: OHCI STMicroelectronics driver
[    1.346622] ohci-atmel: OHCI Atmel driver
[    1.350889] usbcore: registered new interface driver usb-storage
[    1.357453] mousedev: PS/2 mouse device common for all mice
[    1.363406] 1-0015 supply vcc not found, using dummy regulator
[    1.369298] as3722-rtc as3722-rtc: rtc core: registered as3722-rtc as rtc0
[    1.376168] as3722-rtc as3722-rtc: RTC interrupt 370
[    1.383071] tegra_rtc 7000e000.rtc: rtc core: registered 7000e000.rtc as rtc1
[    1.390212] tegra_rtc 7000e000.rtc: Tegra internal Real Time Clock
[    1.396575] i2c /dev entries driver
[    1.402481] 0-004c supply vcc not found, using dummy regulator
[    1.412370] sdhci: Secure Digital Host Controller Interface driver
[    1.418548] sdhci: Copyright(c) Pierre Ossman
[    1.423451] Synopsys Designware Multimedia Card Interface Driver
[    1.429840] sdhci-pltfm: SDHCI platform and OF driver helper
[    1.435776] sdhci-tegra 700b0000.sdhci: allocated mmc-pwrseq
[    1.441442] mmc0: Unknown controller version (3). You may experience problems.
[    1.448794] sdhci-tegra 700b0400.sdhci: Got CD GPIO
[    1.453672] sdhci-tegra 700b0400.sdhci: Got WP GPIO
[    1.458562] mmc0: Unknown controller version (3). You may experience problems.
[    1.465879] mmc0: Unknown controller version (3). You may experience problems.
[    1.473120] mmc0: Invalid maximum block size, assuming 512 bytes
[    1.512752] mmc0: SDHCI controller on 700b0600.sdhci [700b0600.sdhci] using ADMA 64-bit
[    1.521384] ledtrig-cpu: registered to indicate activity on CPUs
[    1.527511] usbcore: registered new interface driver usbhid
[    1.533081] usbhid: USB HID core driver
[    1.539184] NET: Registered protocol family 10
[    1.543933] sit: IPv6 over IPv4 tunneling driver
[    1.548877] NET: Registered protocol family 17
[    1.553328] can: controller area network core (rev 20120528 abi 9)
[    1.559535] NET: Registered protocol family 29
[    1.563977] can: raw protocol (rev 20120528)
[    1.568245] can: broadcast manager protocol (rev 20160617 t)
[    1.573901] can: netlink gateway (rev 20130117) max_hops=1
[    1.579537] Key type dns_resolver registered
[    1.584041] ThumbEE CPU extension supported.
[    1.588313] Registering SWP/SWPB emulation handler
[    1.594784] +3.3V_RUN: supplied by +3.3V_SYS
[    1.596302] input: Elan Touchpad as /devices/soc0/7000c400.i2c/i2c-1/1-0015/input/input0
[    1.607734] +3.3V_AVDD_HDMI_AP_GATED: supplied by +3.3V_RUN
[    1.613433] +1.8V_RUN_CAM: supplied by +3.3V_RUN
[    1.618154] +VDDIO_SDMMC3: supplied by +3.3V_RUN
[    1.622842] +1.8V_RUN_VPP_FUSE: supplied by +3.3V_RUN
[    1.628171] +VDD_LED: supplied by +VDD_MUX
[    1.632450] +5V_VDD_TS_SW: supplied by +5V_SYS
[    1.637247] +5V_USB_HS: supplied by +5V_SYS
[    1.641767] +5V_USB_SS: supplied by +5V_SYS
[    1.644034] mmc0: new high speed MMC card at address 0001
[    1.644737] mmcblk0: mmc0:0001 MMC16G 14.4 GiB 
[    1.645378] mmcblk0boot0: mmc0:0001 MMC16G partition 1 2.00 MiB
[    1.645876] mmcblk0boot1: mmc0:0001 MMC16G partition 2 2.00 MiB
[    1.646355] mmcblk0rpmb: mmc0:0001 MMC16G partition 3 128 KiB
[    1.651874]  mmcblk0: p1 p2 p3 p4 p5 p6 p7 p8 p9 p10 p11 p12
[    1.680237] +3.3V_PANEL: supplied by +3.3V_RUN
[    1.685551] +3.3V_LP0: supplied by +3.3V_SYS
[    1.690442] +1.05V_RUN_AVDD_HDMI_PLL: supplied by +1.05V_RUN
[    1.690728] elan_i2c 1-0015: failed to read report data: -121
[    1.702198] +5V_HDMI_CON: supplied by +5V_SYS
[    1.707419] usb3-0 supply vbus not found, using dummy regulator
[    1.713445] usb3-1 supply vbus not found, using dummy regulator
[    1.722900] panel supply power not found, using dummy regulator
[    1.729866] sdhci-tegra 700b0000.sdhci: allocated mmc-pwrseq
[    1.735542] mmc1: Unknown controller version (3). You may experience problems.
[    1.743001] mmc1: Invalid maximum block size, assuming 512 bytes
[    1.749435] +1.8V_VDDIO: voltage operation not allowed
[    1.754606] mmc1: Switching to 3.3V signalling voltage failed
[    1.787835] mmc1: SDHCI controller on 700b0000.sdhci [700b0000.sdhci] using ADMA 64-bit
[    1.796565] sdhci-tegra 700b0400.sdhci: Got CD GPIO
[    1.801463] sdhci-tegra 700b0400.sdhci: Got WP GPIO
[    1.806374] mmc2: Unknown controller version (3). You may experience problems.
[    1.813790] mmc2: Invalid maximum block size, assuming 512 bytes
[    1.830794] elan_i2c 1-0015: invalid report id data (ff)
[    1.852927] mmc2: SDHCI controller on 700b0400.sdhci [700b0400.sdhci] using ADMA 64-bit
[    1.862118] input: gpio-keys as /devices/soc0/gpio-keys/input/input1
[    1.869488] as3722-rtc as3722-rtc: setting system clock to 2000-01-01 00:02:05 UTC (946684925)
[    1.880942] mmc1: new high speed SDIO card at address 0001
[    1.883980] +3.3V_AVDD_HDMI_AP_GATED: disabling
[    1.883989] +1.05V_RUN: disabling
[    1.884287] +1.8V_RUN_CAM: disabling
[    1.884502] +3.3V_RUN_CAM: disabling
[    1.884715] +1.2V_RUN_CAM_FRONT: disabling
[    1.884928] +1.05V_RUN_CAM_REAR: disabling
[    1.885046] +2.8V_RUN_TOUCH: disabling
[    1.885156] +2.8V_RUN_CAM_AF: disabling
[    1.885264] +1.8V_RUN_VPP_FUSE: disabling
[    1.885373] +VDD_LED: disabling
[    1.885375] +5V_VDD_TS_SW: disabling
[    1.885380] +5V_USB_HS: disabling
[    1.885382] +5V_USB_SS: disabling
[    1.885385] +3.3V_PANEL: disabling
[    1.885387] +1.05V_RUN_AVDD_HDMI_PLL: disabling
[    1.885389] +5V_HDMI_CON: disabling
[    1.946928] EXT4-fs (mmcblk0p3): couldn't mount as ext3 due to feature incompatibilities
[    1.955543] EXT4-fs (mmcblk0p3): couldn't mount as ext2 due to feature incompatibilities
[    2.000326] mmc2: new high speed SDHC card at address 0007
[    2.006446] mmcblk2: mmc2:0007 SD08G 7.42 GiB 
[    2.019872] GPT:Primary header alternate_lba != Alt. header my_lba
[    2.026060] GPT:3014591 != 15564799
[    2.029540] GPT:Primary header thinks Alt. header is not at the end of the disk.
[    2.036920] GPT:3014591 != 15564799
[    2.040399] GPT: Use GNU Parted to correct GPT errors.
[    2.045548]  mmcblk2: p1 p2 p3 p4 p5 p6 p7 p8 p9 p10 p11 p12
[    2.290280] EXT4-fs (mmcblk0p3): recovery complete
[    2.295828] EXT4-fs (mmcblk0p3): mounted filesystem with ordered data mode. Opts: (null)
[    2.303956] VFS: Mounted root (ext4 filesystem) on device 179:3.
[    2.310581] devtmpfs: mounted
[    2.314260] Freeing unused kernel memory: 2048K (c1100000 - c1300000)
bash: cannot set terminal process group (-1): Inappropriate ioctl for device
bash: no job control in this shell
root@(none):/# mount -t sysfs none /sys
root@(none):/# 
root@(none):/# mount -t debugfs none /sys/kernel/debug
root@(none):/# 
root@(none):/# rtcwake -d rtc1 -m mem -s 3
rtcwake: assuming RTC uses UTC ...
rtcwake: wakeup from "mem" using /dev/rtc1 at Thu Jan  1 00:00:26 1970
[    4.777477] PM: Syncing filesystems ... done.
[    4.783541] Freezing user space processes ... (elapsed 0.001 seconds) done.
[    4.791705] Double checking all user space processes after OOM killer disable... (elapsed 0.000 seconds) 
[    4.801304] Freezing remaining freezable tasks ... (elapsed 0.001 seconds) done.
[    4.809936] Suspending console(s) (use no_console_suspend to debug)
[    4.839182] PM: suspend of devices complete after 22.454 msecs
[    4.840394] PM: late suspend of devices complete after 1.202 msecs
[    4.841141] PM: noirq suspend of devices complete after 0.743 msecs
[    4.841143] Disabling non-boot CPUs ...
[    4.841558] CPU1: shutdown
[    4.863801] CPU2: shutdown
[    4.888520] IRQ17 no longer affine to CPU3
[    4.888702] CPU3: shutdown
[    4.903184] Entering suspend state LP1
[    4.903198] Enabling non-boot CPUs ...
[    4.918366] CPU1 is up
[    4.933392] CPU2 is up
[    4.948494] CPU3 is up
[    4.949051] PM: noirq resume of devices complete after 0.552 msecs
[    4.950444] PM: early resume of devices complete after 1.094 msecs
[    5.094748] +1.8V_VDDIO: voltage operation not allowed
[    5.094753] mmc1: Switching to 3.3V signalling voltage failed
[    5.156770] PM: resume of devices complete after 206.316 msecs
[    5.235336] Restarting tasks ... done.
root@(none):/# 
root@(none):/# rtcwake -d rtc1 -m mem -s 3
rtcwake: assuming RTC uses UTC ...
rtcwake: wakeup from "mem" using /dev/rtc1 at Thu Jan  1 00:00:30 1970
[    5.692480] PM: Syncing filesystems ... done.
[    5.698088] Freezing user space processes ... (elapsed 0.001 seconds) done.
[    5.706248] Double checking all user space processes after OOM killer disable... (elapsed 0.000 seconds) 
[    5.715844] Freezing remaining freezable tasks ... (elapsed 0.001 seconds) done.
[    5.724478] Suspending console(s) (use no_console_suspend to debug)
[    5.754227] PM: suspend of devices complete after 22.958 msecs
[    5.755036] PM: late suspend of devices complete after 0.805 msecs
[    5.755701] PM: noirq suspend of devices complete after 0.661 msecs
[    5.755702] Disabling non-boot CPUs ...
[    5.755914] IRQ17 no longer affine to CPU1
[    5.756090] CPU1: shutdown
[    5.778743] CPU2: shutdown
[    5.793634] CPU3: shutdown
[    5.808166] Entering suspend state LP1
[    5.808179] Enabling non-boot CPUs ...
[    5.823351] CPU1 is up
[    5.838372] CPU2 is up
[    5.853482] CPU3 is up
[    5.853973] PM: noirq resume of devices complete after 0.485 msecs
[    5.855202] PM: early resume of devices complete after 0.912 msecs
[    5.999998] +1.8V_VDDIO: voltage operation not allowed
[    6.000001] mmc1: Switching to 3.3V signalling voltage failed
[    6.061770] PM: resume of devices complete after 206.556 msecs
[    6.140333] Restarting tasks ... done.
root@(none):/# 
root@(none):/# rtcwake -d rtc1 -m mem -s 3
rtcwake: assuming RTC uses UTC ...
rtcwake: wakeup from "mem" using /dev/rtc1 at Thu Jan  1 00:00:34 1970
[    6.597453] PM: Syncing filesystems ... done.
[    6.603199] Freezing user space processes ... (elapsed 0.001 seconds) done.
[    6.611350] Double checking all user space processes after OOM killer disable... (elapsed 0.000 seconds) 
[    6.620945] Freezing remaining freezable tasks ... (elapsed 0.001 seconds) done.
[    6.629583] Suspending console(s) (use no_console_suspend to debug)
[    6.659116] PM: suspend of devices complete after 22.739 msecs
[    6.660374] PM: late suspend of devices complete after 1.249 msecs
[    6.661120] PM: noirq suspend of devices complete after 0.742 msecs
[    6.661122] Disabling non-boot CPUs ...
[    6.661496] CPU1: shutdown
[    6.683542] IRQ17 no longer affine to CPU2
[    6.683734] CPU2: shutdown
[    6.708614] CPU3: shutdown
[    6.723144] Entering suspend state LP1
[    6.723158] Enabling non-boot CPUs ...
[    6.738328] CPU1 is up
[    6.753356] CPU2 is up
[    6.768453] CPU3 is up
[    6.768938] PM: noirq resume of devices complete after 0.481 msecs
[    6.770137] PM: early resume of devices complete after 0.888 msecs
[    6.915214] +1.8V_VDDIO: voltage operation not allowed
[    6.915218] mmc1: Switching to 3.3V signalling voltage failed
[    6.976425] PM: resume of devices complete after 206.278 msecs
[    7.054994] Restarting tasks ... done.
root@(none):/# 
root@(none):/# rtcwake -d rtc1 -m mem -s 3
rtcwake: assuming RTC uses UTC ...
rtcwake: wakeup from "mem" using /dev/rtc1 at Thu Jan  1 00:00:38 1970
[    7.512414] PM: Syncing filesystems ... done.
[    7.518032] Freezing user space processes ... (elapsed 0.001 seconds) done.
[    7.526193] Double checking all user space processes after OOM killer disable... (elapsed 0.000 seconds) 
[    7.535789] Freezing remaining freezable tasks ... (elapsed 0.001 seconds) done.
[    7.544426] Suspending console(s) (use no_console_suspend to debug)
[    7.574041] PM: suspend of devices complete after 22.824 msecs
[    7.574840] PM: late suspend of devices complete after 0.795 msecs
[    7.575505] PM: noirq suspend of devices complete after 0.662 msecs
[    7.575507] Disabling non-boot CPUs ...
[    7.575723] IRQ17 no longer affine to CPU1
[    7.575898] CPU1: shutdown
[    7.588708] CPU2: shutdown
[    7.613594] CPU3: shutdown
[    7.628118] Entering suspend state LP1
[    7.628131] Enabling non-boot CPUs ...
[    7.643307] CPU1 is up
[    7.658329] CPU2 is up
[    7.673428] CPU3 is up
[    7.673912] PM: noirq resume of devices complete after 0.479 msecs
[    7.675279] PM: early resume of devices complete after 1.061 msecs
[    7.819645] +1.8V_VDDIO: voltage operation not allowed
[    7.819648] mmc1: Switching to 3.3V signalling voltage failed
[    7.881648] PM: resume of devices complete after 206.358 msecs
[    7.960221] Restarting tasks ... done.
root@(none):/# 
root@(none):/# rtcwake -d rtc1 -m mem -s 3
rtcwake: assuming RTC uses UTC ...
rtcwake: wakeup from "mem" using /dev/rtc1 at Thu Jan  1 00:00:42 1970
[    8.416624] PM: Syncing filesystems ... done.
[    8.422295] Freezing user space processes ... (elapsed 0.001 seconds) done.
[    8.430465] Double checking all user space processes after OOM killer disable... (elapsed 0.000 seconds) 
[    8.440062] Freezing remaining freezable tasks ... (elapsed 0.001 seconds) done.
[    8.448701] Suspending console(s) (use no_console_suspend to debug)
[    8.484007] PM: suspend of devices complete after 28.513 msecs
[    8.484806] PM: late suspend of devices complete after 0.795 msecs
[    8.485471] PM: noirq suspend of devices complete after 0.662 msecs
[    8.485473] Disabling non-boot CPUs ...
[    8.485688] IRQ17 no longer affine to CPU1
[    8.485869] CPU1: shutdown
[    8.498679] CPU2: shutdown
[    8.523579] CPU3: shutdown
[    8.538098] Entering suspend state LP1
[    8.538112] Enabling non-boot CPUs ...
[    8.553291] CPU1 is up
[    8.568316] CPU2 is up
[    8.583410] CPU3 is up
[    8.583888] PM: noirq resume of devices complete after 0.473 msecs
[    8.585089] PM: early resume of devices complete after 0.877 msecs
[    8.729627] +1.8V_VDDIO: voltage operation not allowed
[    8.729632] mmc1: Switching to 3.3V signalling voltage failed
[    8.791644] PM: resume of devices complete after 206.545 msecs
[    8.870209] Restarting tasks ... done.
root@(none):/# 
root@(none):/# rtcwake -d rtc1 -m mem -s 3
rtcwake: assuming RTC uses UTC ...
rtcwake: wakeup from "mem" using /dev/rtc1 at Thu Jan  1 00:00:46 1970
[    9.326610] PM: Syncing filesystems ... done.
[    9.332232] Freezing user space processes ... (elapsed 0.001 seconds) done.
[    9.340407] Double checking all user space processes after OOM killer disable... (elapsed 0.000 seconds) 
[    9.349996] Freezing remaining freezable tasks ... (elapsed 0.001 seconds) done.
[    9.358629] Suspending console(s) (use no_console_suspend to debug)
[    9.389134] PM: suspend of devices complete after 23.711 msecs
[    9.390156] PM: late suspend of devices complete after 1.014 msecs
[    9.391034] PM: noirq suspend of devices complete after 0.871 msecs
[    9.391036] Disabling non-boot CPUs ...
[    9.391250] IRQ17 no longer affine to CPU1
[    9.391429] CPU1: shutdown
[    9.413664] CPU2: shutdown
[    9.438548] CPU3: shutdown
[    9.453082] Entering suspend state LP1
[    9.453096] Enabling non-boot CPUs ...
[    9.468267] CPU1 is up
[    9.483291] CPU2 is up
[    9.498389] CPU3 is up
[    9.498883] PM: noirq resume of devices complete after 0.489 msecs
[    9.500081] PM: early resume of devices complete after 0.875 msecs
[    9.644723] +1.8V_VDDIO: voltage operation not allowed
[    9.644727] mmc1: Switching to 3.3V signalling voltage failed
[    9.706613] PM: resume of devices complete after 206.519 msecs
[    9.785175] Restarting tasks ... done.
root@(none):/# 
root@(none):/# rtcwake -d rtc1 -m mem -s 3
rtcwake: assuming RTC uses UTC ...
rtcwake: wakeup from "mem" using /dev/rtc1 at Thu Jan  1 00:00:50 1970
[   10.242147] PM: Syncing filesystems ... done.
[   10.247681] Freezing user space processes ... (elapsed 0.001 seconds) done.
[   10.255841] Double checking all user space processes after OOM killer disable... (elapsed 0.000 seconds) 
[   10.265437] Freezing remaining freezable tasks ... (elapsed 0.001 seconds) done.
[   10.274073] Suspending console(s) (use no_console_suspend to debug)
[   10.304042] PM: suspend of devices complete after 23.176 msecs
[   10.305249] PM: late suspend of devices complete after 1.197 msecs
[   10.305995] PM: noirq suspend of devices complete after 0.742 msecs
[   10.305997] Disabling non-boot CPUs ...
[   10.306377] CPU1: shutdown
[   10.328455] IRQ17 no longer affine to CPU2
[   10.328649] CPU2: shutdown
[   10.353530] CPU3: shutdown
[   10.368060] Entering suspend state LP1
[   10.368073] Enabling non-boot CPUs ...
[   10.383251] CPU1 is up
[   10.398266] CPU2 is up
[   10.413373] CPU3 is up
[   10.413856] PM: noirq resume of devices complete after 0.478 msecs
[   10.415193] PM: early resume of devices complete after 1.030 msecs
[   10.559644] +1.8V_VDDIO: voltage operation not allowed
[   10.559646] mmc1: Switching to 3.3V signalling voltage failed
[   10.621650] PM: resume of devices complete after 206.445 msecs
[   10.700210] Restarting tasks ... done.
root@(none):/# 
root@(none):/# rtcwake -d rtc1 -m mem -s 3
rtcwake: assuming RTC uses UTC ...
rtcwake: wakeup from "mem" using /dev/rtc1 at Thu Jan  1 00:00:54 1970
[   11.157127] PM: Syncing filesystems ... done.
[   11.162661] Freezing user space processes ... (elapsed 0.001 seconds) done.
[   11.170820] Double checking all user space processes after OOM killer disable... (elapsed 0.000 seconds) 
[   11.180415] Freezing remaining freezable tasks ... (elapsed 0.001 seconds) done.
[   11.189050] Suspending console(s) (use no_console_suspend to debug)
[   11.219109] PM: suspend of devices complete after 23.267 msecs
[   11.219920] PM: late suspend of devices complete after 0.807 msecs
[   11.220583] PM: noirq suspend of devices complete after 0.660 msecs
[   11.220584] Disabling non-boot CPUs ...
[   11.220973] CPU1: shutdown
[   11.238616] CPU2: shutdown
[   11.253501] CPU3: shutdown
[   11.268037] Entering suspend state LP1
[   11.268050] Enabling non-boot CPUs ...
[   11.283225] CPU1 is up
[   11.298250] CPU2 is up
[   11.313347] CPU3 is up
[   11.313824] PM: noirq resume of devices complete after 0.472 msecs
[   11.315191] PM: early resume of devices complete after 1.056 msecs
[   11.459643] +1.8V_VDDIO: voltage operation not allowed
[   11.459646] mmc1: Switching to 3.3V signalling voltage failed
[   11.521718] PM: resume of devices complete after 206.517 msecs
[   11.596200] Restarting tasks ... done.
root@(none):/# 
root@(none):/# rtcwake -d rtc1 -m mem -s 3
rtcwake: assuming RTC uses UTC ...
rtcwake: wakeup from "mem" using /dev/rtc1 at Thu Jan  1 00:00:58 1970
[   12.057465] PM: Syncing filesystems ... done.
[   12.063217] Freezing user space processes ... (elapsed 0.001 seconds) done.
[   12.071377] Double checking all user space processes after OOM killer disable... (elapsed 0.000 seconds) 
[   12.080976] Freezing remaining freezable tasks ... (elapsed 0.001 seconds) done.
[   12.089613] Suspending console(s) (use no_console_suspend to debug)
[   12.119068] PM: suspend of devices complete after 22.665 msecs
[   12.120089] PM: late suspend of devices complete after 1.012 msecs
[   12.120967] PM: noirq suspend of devices complete after 0.871 msecs
[   12.120969] Disabling non-boot CPUs ...
[   12.121181] IRQ17 no longer affine to CPU1
[   12.121360] CPU1: shutdown
[   12.133603] CPU2: shutdown
[   12.158488] CPU3: shutdown
[   12.173016] Entering suspend state LP1
[   12.173030] Enabling non-boot CPUs ...
[   12.188198] CPU1 is up
[   12.203220] CPU2 is up
[   12.218322] CPU3 is up
[   12.218807] PM: noirq resume of devices complete after 0.480 msecs
[   12.220314] PM: early resume of devices complete after 1.201 msecs
[   12.364253] +1.8V_VDDIO: voltage operation not allowed
[   12.364257] mmc1: Switching to 3.3V signalling voltage failed
[   12.426639] PM: resume of devices complete after 206.313 msecs
[   12.505210] Restarting tasks ... done.
root@(none):/# 
root@(none):/# rtcwake -d rtc1 -m mem -s 3
rtcwake: assuming RTC uses UTC ...
rtcwake: wakeup from "mem" using /dev/rtc1 at Thu Jan  1 00:01:02 1970
[   12.962294] PM: Syncing filesystems ... done.
[   12.968050] Freezing user space processes ... (elapsed 0.001 seconds) done.
[   12.976212] Double checking all user space processes after OOM killer disable... (elapsed 0.000 seconds) 
[   12.985807] Freezing remaining freezable tasks ... (elapsed 0.001 seconds) done.
[   12.994448] Suspending console(s) (use no_console_suspend to debug)
[   13.024037] PM: suspend of devices complete after 22.799 msecs
[   13.025072] PM: late suspend of devices complete after 1.026 msecs
[   13.025956] PM: noirq suspend of devices complete after 0.877 msecs
[   13.025958] Disabling non-boot CPUs ...
[   13.026337] CPU1: shutdown
[   13.053581] CPU2: shutdown
[   13.078467] CPU3: shutdown
[   13.092992] Entering suspend state LP1
[   13.093006] Enabling non-boot CPUs ...
[   13.108182] CPU1 is up
[   13.123200] CPU2 is up
[   13.138304] CPU3 is up
[   13.138780] PM: noirq resume of devices complete after 0.471 msecs
[   13.139982] PM: early resume of devices complete after 0.897 msecs
[   13.284362] +1.8V_VDDIO: voltage operation not allowed
[   13.284364] mmc1: Switching to 3.3V signalling voltage failed
[   13.346604] PM: resume of devices complete after 206.608 msecs
[   13.421091] Restarting tasks ... done.
root@(none):/# 
root@(none):/# NVTB SYSTEM SUSPEND TEST COMPLETE
