

U-Boot 2015.04-00466-gedec83e90172 (Mar 14 2016 - 10:42:01)

TEGRA124
Model: Acer Chromebook 13 CB5-311
DRAM:  4 GiB
:   Tegra SD/MMC: 0, Tegra SD/MMC: 1, Tegra SD/MMC: 2
MMC init failed
Using default environment

In:    serial
Out:   serial
Err:   serial
Net:   Net Initialization Skipped
No ethernet found.
Hit any key to stop autoboot:  2  0 
Tegra124 (Nyan-big) # 
Tegra124 (Nyan-big) # usb start
starting USB...
USB0:   USB EHCI 1.10
scanning bus 0 for devices... 2 USB Device(s) found
USB1:   USB EHCI 1.10
scanning bus 1 for devices... 2 USB Device(s) found
       scanning usb for storage devices... 1 Storage Device(s) found
       scanning usb for ethernet devices... 
Warning: asx0 using MAC address from net device
1 Ethernet Device(s) found
Tegra124 (Nyan-big) # mw 0x7000e4a0 0x00080000
Tegra124 (Nyan-big) # setenv bootargs 'ignore_loglevel console=ttyS0,115200n8 rw root=PARTUUID=4d36e82a-b3c0-4b4b-bfcd-afe5217ac023 rootwait gpt debug noinitrd earlyprintk init=/bin/bash'
Tegra124 (Nyan-big) # setenv ipaddr 192.168.100.102; setenv serverip 192.168.100.1; setenv tftpserverip 192.168.100.1
Tegra124 (Nyan-big) # tftpboot 0x82000000 zImage.multi_v7_defconfig
Using asx0 device
TFTP from server 192.168.100.1; our IP address is 192.168.100.102
Filename 'zImage.multi_v7_defconfig'.
Load address: 0x82000000
Loading: *#################################################################
	 #################################################################
	 #################################################################
	 #################################################################
	 #################################################################
	 #################################################################
	 #################################################################
	 #################################################################
	 ####################
	 2.8 MiB/s
done
Bytes transferred = 7916848 (78cd30 hex)
Tegra124 (Nyan-big) # tftpboot 0x83000000 tegra124-nyan-big.dtb
Using asx0 device
TFTP from server 192.168.100.1; our IP address is 192.168.100.102
Filename 'tegra124-nyan-big.dtb'.
Load address: 0x83000000
Loading: *#####
	 2.7 MiB/s
done
Bytes transferred = 68155 (10a3b hex)
Tegra124 (Nyan-big) # bootz 0x82000000 - 0x83000000
Kernel image @ 0x82000000 [ 0x000000 - 0x78cd30 ]
## Flattened Device Tree blob at 83000000
   Booting using the fdt blob at 0x83000000
   Using Device Tree in place at 83000000, end 83013a3a

Starting kernel ...

[    0.000000] Booting Linux on physical CPU 0x0
[    0.000000] Linux version 4.11.0-next-20170503-170711-g5add469 (jonathanh@sellafield) (gcc version 4.7.3 20130328 (prerelease) (crosstool-NG linaro-1.13.1-4.7-2013.04-20130415 - Linaro GCC 2013.04) ) #1 SMP Fri May 5 03:15:17 PDT 2017
[    0.000000] CPU: ARMv7 Processor [413fc0f3] revision 3 (ARMv7), cr=10c5387d
[    0.000000] CPU: div instructions available: patching division code
[    0.000000] CPU: PIPT / VIPT nonaliasing data cache, PIPT instruction cache
[    0.000000] OF: fdt: Machine model: Acer Chromebook 13 CB5-311
[    0.000000] OF: fdt: Ignoring memory range 0x100000000 - 0x17ffff000
[    0.000000] debug: ignoring loglevel setting.
[    0.000000] Memory policy: Data cache writealloc
[    0.000000] efi: Getting EFI parameters from FDT:
[    0.000000] efi: UEFI not found.
[    0.000000] cma: Reserved 64 MiB at 0xfb800000
[    0.000000] On node 0 totalpages: 524287
[    0.000000] free_area_init_node: node 0, pgdat c157f880, node_mem_map eeff8000
[    0.000000]   DMA zone: 1536 pages used for memmap
[    0.000000]   DMA zone: 0 pages reserved
[    0.000000]   DMA zone: 196608 pages, LIFO batch:31
[    0.000000]   HighMem zone: 327679 pages, LIFO batch:31
[    0.000000] percpu: Embedded 17 pages/cpu @eef81000 s39488 r8192 d21952 u69632
[    0.000000] pcpu-alloc: s39488 r8192 d21952 u69632 alloc=17*4096
[    0.000000] pcpu-alloc: [0] 0 [0] 1 [0] 2 [0] 3 
[    0.000000] Built 1 zonelists in Zone order, mobility grouping on.  Total pages: 522751
[    0.000000] Kernel command line: ignore_loglevel console=ttyS0,115200n8 rw root=PARTUUID=4d36e82a-b3c0-4b4b-bfcd-afe5217ac023 rootwait gpt debug noinitrd earlyprintk init=/bin/bash
[    0.000000] PID hash table entries: 4096 (order: 2, 16384 bytes)
[    0.000000] Dentry cache hash table entries: 131072 (order: 7, 524288 bytes)
[    0.000000] Inode-cache hash table entries: 65536 (order: 6, 262144 bytes)
[    0.000000] Memory: 1994436K/2097148K available (10240K kernel code, 1565K rwdata, 4388K rodata, 2048K init, 411K bss, 37176K reserved, 65536K cma-reserved, 1245180K highmem)
[    0.000000] Virtual kernel memory layout:
[    0.000000]     vector  : 0xffff0000 - 0xffff1000   (   4 kB)
[    0.000000]     fixmap  : 0xffc00000 - 0xfff00000   (3072 kB)
[    0.000000]     vmalloc : 0xf0800000 - 0xff800000   ( 240 MB)
[    0.000000]     lowmem  : 0xc0000000 - 0xf0000000   ( 768 MB)
[    0.000000]     pkmap   : 0xbfe00000 - 0xc0000000   (   2 MB)
[    0.000000]     modules : 0xbf000000 - 0xbfe00000   (  14 MB)
[    0.000000]       .text : 0xc0208000 - 0xc0d00000   (11232 kB)
[    0.000000]       .init : 0xc1200000 - 0xc1400000   (2048 kB)
[    0.000000]       .data : 0xc1400000 - 0xc15874f0   (1566 kB)
[    0.000000]        .bss : 0xc1590d1c - 0xc15f7b58   ( 412 kB)
[    0.000000] SLUB: HWalign=64, Order=0-3, MinObjects=0, CPUs=4, Nodes=1
[    0.000000] Hierarchical RCU implementation.
[    0.000000] 	RCU debugfs-based tracing is enabled.
[    0.000000] 	RCU restricting CPUs from NR_CPUS=16 to nr_cpu_ids=4.
[    0.000000] RCU: Adjusting geometry for rcu_fanout_leaf=16, nr_cpu_ids=4
[    0.000000] NR_IRQS:16 nr_irqs:16 16
[    0.000000] /interrupt-controller@60004000: 160 interrupts forwarded to /interrupt-controller@50041000
[    0.000000] Tegra clk 127: register failed with -17
[    0.000004] sched_clock: 32 bits at 1000kHz, resolution 1000ns, wraps every 2147483647500ns
[    0.000011] clocksource: timer_us: mask: 0xffffffff max_cycles: 0xffffffff, max_idle_ns: 1911260446275 ns
[    0.000017] Switching to timer-based delay loop, resolution 1000ns
[    0.001659] arch_timer: cp15 timer(s) running at 12.00MHz (virt).
[    0.001665] clocksource: arch_sys_counter: mask: 0xffffffffffffff max_cycles: 0x2c47f4ee7, max_idle_ns: 440795202497 ns
[    0.001672] sched_clock: 56 bits at 12MHz, resolution 83ns, wraps every 4398046511096ns
[    0.001677] Switching to timer-based delay loop, resolution 83ns
[    0.001885] Console: colour dummy device 80x30
[    0.001898] Calibrating delay loop (skipped), value calculated using timer frequency.. 24.00 BogoMIPS (lpj=120000)
[    0.001905] pid_max: default: 32768 minimum: 301
[    0.001939] Mount-cache hash table entries: 2048 (order: 1, 8192 bytes)
[    0.001945] Mountpoint-cache hash table entries: 2048 (order: 1, 8192 bytes)
[    0.002139] CPU: Testing write buffer coherency: ok
[    0.002260] /cpus/cpu@0 missing clock-frequency property
[    0.002275] /cpus/cpu@1 missing clock-frequency property
[    0.002289] /cpus/cpu@2 missing clock-frequency property
[    0.002304] /cpus/cpu@3 missing clock-frequency property
[    0.002309] CPU0: thread -1, cpu 0, socket 0, mpidr 80000000
[    0.002424] Setting up static identity map for 0x80300000 - 0x803000a0
[    0.003762] Tegra Revision: A01 SKU: 131 CPU Process: 1 SoC Process: 1
[    0.004020] EFI services will not be available.
[    0.004111] smp: Bringing up secondary CPUs ...
[    0.004409] CPU1: thread -1, cpu 1, socket 0, mpidr 80000001
[    0.011912] CPU2: thread -1, cpu 2, socket 0, mpidr 80000002
[    0.021925] CPU3: thread -1, cpu 3, socket 0, mpidr 80000003
[    0.031636] smp: Brought up 1 node, 4 CPUs
[    0.031644] SMP: Total of 4 processors activated (96.00 BogoMIPS).
[    0.031647] CPU: All CPU(s) started in SVC mode.
[    0.032191] devtmpfs: initialized
[    0.037987] VFP support v0.3: implementor 41 architecture 4 part 30 variant f rev 0
[    0.038178] clocksource: jiffies: mask: 0xffffffff max_cycles: 0xffffffff, max_idle_ns: 19112604462750000 ns
[    0.038187] futex hash table entries: 1024 (order: 4, 65536 bytes)
[    0.038759] pinctrl core: initialized pinctrl subsystem
[    0.039522] NET: Registered protocol family 16
[    0.040270] DMA: preallocated 256 KiB pool for atomic coherent allocations
[    0.041145] cpuidle: using governor menu
[    0.049978] No ATAGs?
[    0.050033] hw-breakpoint: found 5 (+1 reserved) breakpoint and 4 watchpoint registers.
[    0.050040] hw-breakpoint: maximum watchpoint size is 8 bytes.
[    0.052841] Serial: AMBA PL011 UART driver
[    0.053193] tegra-mc 70019000.memory-controller: no memory timings for RAM code 0 registered
[    0.058486] AT91: Could not find identification node
[    0.058690] +5V_SYS: supplied by +VDD_MUX
[    0.058789] +3.3V_SYS: supplied by +VDD_MUX
[    0.059003] +VDD_LED: Failed to request enable GPIO122: -517
[    0.059009] reg-fixed-voltage regulators:regulator@5: Failed to register regulator: -517
[    0.059044] +5V_VDD_TS_SW: Failed to request enable GPIO81: -517
[    0.059049] reg-fixed-voltage regulators:regulator@6: Failed to register regulator: -517
[    0.059082] +5V_USB_HS: Failed to request enable GPIO108: -517
[    0.059087] reg-fixed-voltage regulators:regulator@7: Failed to register regulator: -517
[    0.059119] +5V_USB_SS: Failed to request enable GPIO109: -517
[    0.059123] reg-fixed-voltage regulators:regulator@8: Failed to register regulator: -517
[    0.059212] +1.05V_RUN_AVDD_HDMI_PLL: Failed to request enable GPIO63: -517
[    0.059217] reg-fixed-voltage regulators:regulator@11: Failed to register regulator: -517
[    0.059250] +5V_HDMI_CON: Failed to request enable GPIO86: -517
[    0.059255] reg-fixed-voltage regulators:regulator@12: Failed to register regulator: -517
[    0.060241] vgaarb: loaded
[    0.060529] SCSI subsystem initialized
[    0.060596] libata version 3.00 loaded.
[    0.060683] usbcore: registered new interface driver usbfs
[    0.060704] usbcore: registered new interface driver hub
[    0.060730] usbcore: registered new device driver usb
[    0.062046] pps_core: LinuxPPS API ver. 1 registered
[    0.062050] pps_core: Software ver. 5.3.6 - Copyright 2005-2007 Rodolfo Giometti <giometti@linux.it>
[    0.062058] PTP clock support registered
[    0.062123] EDAC MC: Ver: 3.0.0
[    0.062521] tegra-emc 7001b000.emc: no memory timings for RAM code 0 found in DT
[    0.062531] tegra-emc: probe of 7001b000.emc failed with error -2
[    0.062966] clocksource: Switched to clocksource arch_sys_counter
[    0.083039] NET: Registered protocol family 2
[    0.083236] TCP established hash table entries: 8192 (order: 3, 32768 bytes)
[    0.083270] TCP bind hash table entries: 8192 (order: 4, 65536 bytes)
[    0.083332] TCP: Hash tables configured (established 8192 bind 8192)
[    0.083369] UDP hash table entries: 512 (order: 2, 16384 bytes)
[    0.083384] UDP-Lite hash table entries: 512 (order: 2, 16384 bytes)
[    0.083442] NET: Registered protocol family 1
[    0.083593] RPC: Registered named UNIX socket transport module.
[    0.083597] RPC: Registered udp transport module.
[    0.083600] RPC: Registered tcp transport module.
[    0.083603] RPC: Registered tcp NFSv4.1 backchannel transport module.
[    0.083608] PCI: CLS 0 bytes, default 64
[    0.084161] hw perfevents: enabled with armv7_cortex_a15 PMU driver, 7 counters available
[    0.084853] workingset: timestamp_bits=30 max_order=19 bucket_order=0
[    0.087770] squashfs: version 4.0 (2009/01/31) Phillip Lougher
[    0.088024] NFS: Registering the id_resolver key type
[    0.088035] Key type id_resolver registered
[    0.088038] Key type id_legacy registered
[    0.088055] ntfs: driver 2.1.32 [Flags: R/O].
[    0.088675] bounce: pool size: 64 pages
[    0.088691] Block layer SCSI generic (bsg) driver version 0.4 loaded (major 247)
[    0.088696] io scheduler noop registered
[    0.088700] io scheduler deadline registered
[    0.088711] io scheduler cfq registered (default)
[    0.088714] io scheduler mq-deadline registered
[    0.088717] io scheduler kyber registered
[    0.090559] tegra-xusb-padctl 7009f000.padctl: failed to setup XUSB ports: -517
[    0.100061] tegra-apbdma 60020000.dma: Tegra20 APB DMA driver register 32 channels
[    0.100983] tegra-pmc 7000e400.pmc: i2c-thermtrip node not found, emergency thermal reset disabled.
[    0.119569] Serial: 8250/16550 driver, 4 ports, IRQ sharing disabled
[    0.120608] console [ttyS0] disabled
[    0.120627] 70006000.serial: ttyS0 at MMIO 0x70006000 (irq = 333, base_baud = 25500000) is a Tegra
[    1.007010] console [ttyS0] enabled
[    1.010772] SuperH (H)SCI(F) driver initialized
[    1.015628] msm_serial: driver initialized
[    1.019774] STMicroelectronics ASC driver initialized
[    1.026788] tegra-hdmi 54280000.hdmi: failed to get HDMI regulator
[    1.033327] tegra-dpaux 545c0000.dpaux: failed to get VDD supply: -517
[    1.040707] panel-simple panel: panel supply power not found, using dummy regulator
[    1.051886] brd: module loaded
[    1.057616] loop: module loaded
[    1.061675] as3722 4-0040: AS3722 with revision 0x1 found
[    1.071681] as3722-sd2: supplied by +5V_SYS
[    1.076107] as3722-sd3: supplied by +5V_SYS
[    1.080433] +1.35V_LP0(sd3): Bringing 0uV into 1350000-1350000uV
[    1.086656] as3722-sd4: supplied by +5V_SYS
[    1.090986] +1.05V_RUN: Bringing 0uV into 1050000-1050000uV
[    1.096727] as3722-sd5: supplied by +5V_SYS
[    1.102305] as3722-ldo0: supplied by +1.35V_LP0(sd2)
[    1.108027] +1.8V_RUN_CAM: Bringing 0uV into 1800000-1800000uV
[    1.114051] as3722-ldo2: supplied by +1.8V_VDDIO
[    1.119665] as3722-ldo3: supplied by +3.3V_SYS
[    1.124117] +1.00V_LP0_VDD_RTC: Bringing 1100000uV into 1000000-1000000uV
[    1.131678] as3722-ldo4: supplied by +3.3V_SYS
[    1.136276] +3.3V_RUN_CAM: Bringing 0uV into 2800000-2800000uV
[    1.142278] as3722-ldo5: supplied by +1.8V_VDDIO
[    1.147049] +1.2V_RUN_CAM_FRONT: Bringing 0uV into 1200000-1200000uV
[    1.153727] +VDDIO_SDMMC3: Bringing 0uV into 1800000-1800000uV
[    1.159737] as3722-ldo7: supplied by +1.8V_VDDIO
[    1.164508] +1.05V_RUN_CAM_REAR: Bringing 0uV into 1050000-1050000uV
[    1.171046] as3722-ldo9: supplied by +5V_SYS
[    1.175616] +2.8V_RUN_TOUCH: Bringing 0uV into 2800000-2800000uV
[    1.181798] as3722-ldo10: supplied by +5V_SYS
[    1.186308] +2.8V_RUN_CAM_AF: Bringing 0uV into 2800000-2800000uV
[    1.192733] +1.8V_RUN_VPP_FUSE: Bringing 0uV into 1800000-1800000uV
[    1.205159] random: fast init done
[    1.210945] m25p80 spi32765.0: w25q32dw (4096 Kbytes)
[    1.217016] libphy: Fixed MDIO Bus: probed
[    1.221485] CAN device driver interface
[    1.225626] bgmac_bcma: Broadcom 47xx GBit MAC driver loaded
[    1.231721] e1000e: Intel(R) PRO/1000 Network Driver - 3.2.6-k
[    1.237543] e1000e: Copyright(c) 1999 - 2015 Intel Corporation.
[    1.243469] igb: Intel(R) Gigabit Ethernet Network Driver - version 5.4.0-k
[    1.250413] igb: Copyright (c) 2007-2014 Intel Corporation.
[    1.257164] pegasus: v0.9.3 (2013/04/25), Pegasus/Pegasus II USB Ethernet driver
[    1.264571] usbcore: registered new interface driver pegasus
[    1.270230] usbcore: registered new interface driver asix
[    1.275631] usbcore: registered new interface driver ax88179_178a
[    1.281719] usbcore: registered new interface driver cdc_ether
[    1.287559] usbcore: registered new interface driver smsc75xx
[    1.293312] usbcore: registered new interface driver smsc95xx
[    1.299052] usbcore: registered new interface driver net1080
[    1.304713] usbcore: registered new interface driver cdc_subset
[    1.310628] usbcore: registered new interface driver zaurus
[    1.316209] usbcore: registered new interface driver cdc_ncm
[    1.322494] ehci_hcd: USB 2.0 'Enhanced' Host Controller (EHCI) Driver
[    1.329015] ehci-pci: EHCI PCI platform driver
[    1.333465] ehci-platform: EHCI generic platform driver
[    1.338744] ehci-orion: EHCI orion driver
[    1.342796] SPEAr-ehci: EHCI SPEAr driver
[    1.346846] ehci-st: EHCI STMicroelectronics driver
[    1.351756] ehci-exynos: EHCI EXYNOS driver
[    1.355984] ehci-atmel: EHCI Atmel driver
[    1.360026] tegra-ehci: Tegra EHCI driver
[    1.364089] ohci_hcd: USB 1.1 'Open' Host Controller (OHCI) Driver
[    1.370257] ohci-pci: OHCI PCI platform driver
[    1.374705] ohci-platform: OHCI generic platform driver
[    1.379968] ohci-omap3: OHCI OMAP3 driver
[    1.384016] SPEAr-ohci: OHCI SPEAr driver
[    1.388059] ohci-st: OHCI STMicroelectronics driver
[    1.392975] ohci-atmel: OHCI Atmel driver
[    1.397223] usbcore: registered new interface driver usb-storage
[    1.404005] elan_i2c 1-0015: 1-0015 supply vcc not found, using dummy regulator
[    1.405669] as3722-rtc as3722-rtc: rtc core: registered as3722-rtc as rtc0
[    1.405672] as3722-rtc as3722-rtc: RTC interrupt 372
[    1.407920] tegra_rtc 7000e000.rtc: rtc core: registered 7000e000.rtc as rtc1
[    1.407937] tegra_rtc 7000e000.rtc: Tegra internal Real Time Clock
[    1.408185] i2c /dev entries driver
[    1.411282] lm90 0-004c: 0-004c supply vcc not found, using dummy regulator
[    1.449728] sdhci: Secure Digital Host Controller Interface driver
[    1.455910] sdhci: Copyright(c) Pierre Ossman
[    1.460775] Synopsys Designware Multimedia Card Interface Driver
[    1.467204] sdhci-pltfm: SDHCI platform and OF driver helper
[    1.473131] sdhci-tegra 700b0000.sdhci: allocated mmc-pwrseq
[    1.486922] sdhci-tegra 700b0400.sdhci: Got CD GPIO
[    1.491791] sdhci-tegra 700b0400.sdhci: Got WP GPIO
[    1.511083] mmc0: Unknown controller version (3). You may experience problems.
[    1.518323] mmc0: Invalid maximum block size, assuming 512 bytes
[    1.582972] mmc0: SDHCI controller on 700b0600.sdhci [700b0600.sdhci] using ADMA
[    1.591017] ledtrig-cpu: registered to indicate activity on CPUs
[    1.597203] usbcore: registered new interface driver usbhid
[    1.602767] usbhid: USB HID core driver
[    1.607959] NET: Registered protocol family 10
[    1.612737] Segment Routing with IPv6
[    1.616446] sit: IPv6, IPv4 and MPLS over IPv4 tunneling driver
[    1.622580] NET: Registered protocol family 17
[    1.627027] can: controller area network core (rev 20170425 abi 9)
[    1.633230] NET: Registered protocol family 29
[    1.637667] can: raw protocol (rev 20170425)
[    1.641932] can: broadcast manager protocol (rev 20170425 t)
[    1.647590] can: netlink gateway (rev 20170425) max_hops=1
[    1.653204] Key type dns_resolver registered
[    1.657685] ThumbEE CPU extension supported.
[    1.661950] Registering SWP/SWPB emulation handler
[    1.671194] elan_i2c 1-0015: Elan Touchpad: Module ID: 0x002a, Firmware: 0x0005, Sample: 0x0007, IAP: 0x0009
[    1.674599] +3.3V_RUN: supplied by +3.3V_SYS
[    1.675850] +VDD_LED: supplied by +VDD_MUX
[    1.675982] +3.3V_AVDD_HDMI_AP_GATED: supplied by +3.3V_RUN
[    1.676023] +1.8V_RUN_CAM: supplied by +3.3V_RUN
[    1.676063] +VDDIO_SDMMC3: supplied by +3.3V_RUN
[    1.676101] +1.8V_RUN_VPP_FUSE: supplied by +3.3V_RUN
[    1.676271] +5V_VDD_TS_SW: supplied by +5V_SYS
[    1.676537] +5V_USB_HS: supplied by +5V_SYS
[    1.677059] +5V_USB_SS: supplied by +5V_SYS
[    1.678116] +3.3V_PANEL: supplied by +3.3V_RUN
[    1.678925] +3.3V_LP0: supplied by +3.3V_SYS
[    1.679951] +1.05V_RUN_AVDD_HDMI_PLL: supplied by +1.05V_RUN
[    1.680235] +5V_HDMI_CON: supplied by +5V_SYS
[    1.681118]  usb3-0: usb3-0 supply vbus not found, using dummy regulator
[    1.681177]  usb3-1: usb3-1 supply vbus not found, using dummy regulator
[    1.694541] tegra-sor 54540000.sor: failed to probe output: -517
[    1.695274] panel-simple panel: panel supply power not found, using dummy regulator
[    1.696222] sdhci-tegra 700b0000.sdhci: allocated mmc-pwrseq
[    1.703105] mmc1: Unknown controller version (3). You may experience problems.
[    1.703150] mmc1: Invalid maximum block size, assuming 512 bytes
[    1.703658] mmc1: Switching to 3.3V signalling voltage failed
[    1.722765] mmc0: new high speed MMC card at address 0001
[    1.723498] mmcblk0: mmc0:0001 MMC16G 14.4 GiB 
[    1.723907] mmcblk0boot0: mmc0:0001 MMC16G partition 1 2.00 MiB
[    1.724385] mmcblk0boot1: mmc0:0001 MMC16G partition 2 2.00 MiB
[    1.724621] mmcblk0rpmb: mmc0:0001 MMC16G partition 3 128 KiB
[    1.729704]  mmcblk0: p1 p2 p3 p4 p5 p6 p7 p8 p9 p10 p11 p12
[    1.763088] mmc1: SDHCI controller on 700b0000.sdhci [700b0000.sdhci] using ADMA
[    1.764070] sdhci-tegra 700b0400.sdhci: Got CD GPIO
[    1.764082] sdhci-tegra 700b0400.sdhci: Got WP GPIO
[    1.772710] mmc2: Unknown controller version (3). You may experience problems.
[    1.772765] mmc2: Invalid maximum block size, assuming 512 bytes
[    1.800317] mmc1: new high speed SDIO card at address 0001
[    1.833373] mmc2: SDHCI controller on 700b0400.sdhci [700b0400.sdhci] using ADMA
[    1.839801] input: gpio-keys as /devices/soc0/gpio-keys/input/input0
[    1.842745] as3722-rtc as3722-rtc: setting system clock to 2000-01-01 01:02:50 UTC (946688570)
[    1.843221] +3.3V_AVDD_HDMI_AP_GATED: disabling
[    1.843231] +1.05V_RUN: disabling
[    1.843528] +1.8V_RUN_CAM: disabling
[    1.843831] +3.3V_RUN_CAM: disabling
[    1.844120] +1.2V_RUN_CAM_FRONT: disabling
[    1.844416] +1.05V_RUN_CAM_REAR: disabling
[    1.844698] +2.8V_RUN_TOUCH: disabling
[    1.844944] +2.8V_RUN_CAM_AF: disabling
[    1.845066] +1.8V_RUN_VPP_FUSE: disabling
[    1.845174] +VDD_LED: disabling
[    1.845178] +5V_VDD_TS_SW: disabling
[    1.845182] +5V_USB_HS: disabling
[    1.845185] +5V_USB_SS: disabling
[    1.845188] +3.3V_PANEL: disabling
[    1.845191] +1.05V_RUN_AVDD_HDMI_PLL: disabling
[    1.845194] +5V_HDMI_CON: disabling
[    1.943811] input: Elan Touchpad as /devices/soc0/7000c400.i2c/i2c-1/1-0015/input/input1
[    1.952690] EXT4-fs (mmcblk0p3): couldn't mount as ext3 due to feature incompatibilities
[    1.961286] EXT4-fs (mmcblk0p3): couldn't mount as ext2 due to feature incompatibilities
[    1.980115] mmc2: new high speed SDHC card at address 0007
[    1.986190] mmcblk2: mmc2:0007 SD08G 7.42 GiB 
[    2.000121] GPT:Primary header alternate_lba != Alt. header my_lba
[    2.006328] GPT:3014591 != 15564799
[    2.009808] GPT:Primary header thinks Alt. header is not at the end of the disk.
[    2.017216] GPT:3014591 != 15564799
[    2.020694] GPT: Use GNU Parted to correct GPT errors.
[    2.025851]  mmcblk2: p1 p2 p3 p4 p5 p6 p7 p8 p9 p10 p11 p12
[    2.403120] EXT4-fs (mmcblk0p3): recovery complete
[    2.408747] EXT4-fs (mmcblk0p3): mounted filesystem with ordered data mode. Opts: (null)
[    2.416879] VFS: Mounted root (ext4 filesystem) on device 179:3.
[    2.423556] devtmpfs: mounted
[    2.427215] Freeing unused kernel memory: 2048K
bash: cannot set terminal process group (-1): Inappropriate ioctl for device
bash: no job control in this shell
root@(none):/# mount -t sysfs none /sys
root@(none):/# 
root@(none):/# mount -t debugfs none /sys/kernel/debug
root@(none):/# 
root@(none):/# rtcwake -d rtc1 -m mem -s 3
rtcwake: assuming RTC uses UTC ...
rtcwake: wakeup from "mem" using /dev/rtc1 at Thu Jan  1 00:00:28 1970
[    5.785381] PM: Syncing filesystems ... done.
[    5.791565] Freezing user space processes ... (elapsed 0.001 seconds) done.
[    5.799754] OOM killer disabled.
[    5.802980] Freezing remaining freezable tasks ... (elapsed 0.001 seconds) done.
[    5.811616] Suspending console(s) (use no_console_suspend to debug)
[    5.836220] PM: suspend of devices complete after 17.779 msecs
[    5.837672] PM: late suspend of devices complete after 1.443 msecs
[    5.838572] PM: noirq suspend of devices complete after 0.895 msecs
[    5.838574] Disabling non-boot CPUs ...
[    5.838852] IRQ352 no longer affine to CPU1
[    5.915285] IRQ17 no longer affine to CPU2
[    5.915394] IRQ353 no longer affine to CPU2
[    5.955209] IRQ354 no longer affine to CPU3
[    6.004624] Entering suspend state LP1
[    6.004624] Suspended for 3.201 seconds
[    6.004635] Enabling non-boot CPUs ...
[    6.034689] CPU1 is up
[    6.074533] CPU2 is up
[    6.114703] CPU3 is up
[    6.115172] PM: noirq resume of devices complete after 0.465 msecs
[    6.116401] PM: early resume of devices complete after 0.903 msecs
[    6.272029] mmc1: Switching to 3.3V signalling voltage failed
[    6.352599] PM: resume of devices complete after 236.187 msecs
[    6.434703] OOM killer enabled.
[    6.437832] Restarting tasks ... done.
root@(none):/# 
root@(none):/# rtcwake -d rtc1 -m mem -s 3
rtcwake: assuming RTC uses UTC ...
rtcwake: wakeup from "mem" using /dev/rtc1 at Thu Jan  1 00:00:33 1970
[    7.661333] PM: Syncing filesystems ... done.
[    7.667161] Freezing user space processes ... (elapsed 0.001 seconds) done.
[    7.675326] OOM killer disabled.
[    7.678543] Freezing remaining freezable tasks ... (elapsed 0.001 seconds) done.
[    7.687158] Suspending console(s) (use no_console_suspend to debug)
[    7.711283] PM: suspend of devices complete after 17.368 msecs
[    7.712623] PM: late suspend of devices complete after 1.331 msecs
[    7.713557] PM: noirq suspend of devices complete after 0.929 msecs
[    7.713559] Disabling non-boot CPUs ...
[    7.713829] IRQ352 no longer affine to CPU1
[    7.755122] IRQ353 no longer affine to CPU2
[    7.815100] IRQ354 no longer affine to CPU3
[    7.864560] Entering suspend state LP1
[    7.864560] Suspended for 3.139 seconds
[    7.864571] Enabling non-boot CPUs ...
[    7.894668] CPU1 is up
[    7.934465] CPU2 is up
[    7.974682] CPU3 is up
[    7.975120] PM: noirq resume of devices complete after 0.432 msecs
[    7.976511] PM: early resume of devices complete after 1.065 msecs
[    8.132036] mmc1: Switching to 3.3V signalling voltage failed
[    8.214486] PM: resume of devices complete after 237.966 msecs
[    8.292496] OOM killer enabled.
[    8.295630] Restarting tasks ... done.
root@(none):/# 
root@(none):/# rtcwake -d rtc1 -m mem -s 3
rtcwake: assuming RTC uses UTC ...
rtcwake: wakeup from "mem" using /dev/rtc1 at Thu Jan  1 00:00:38 1970
[    9.521317] PM: Syncing filesystems ... done.
[    9.527167] Freezing user space processes ... (elapsed 0.001 seconds) done.
[    9.535240] OOM killer disabled.
[    9.538455] Freezing remaining freezable tasks ... (elapsed 0.001 seconds) done.
[    9.547069] Suspending console(s) (use no_console_suspend to debug)
[    9.571348] PM: suspend of devices complete after 17.518 msecs
[    9.572704] PM: late suspend of devices complete after 1.348 msecs
[    9.573548] PM: noirq suspend of devices complete after 0.839 msecs
[    9.573550] Disabling non-boot CPUs ...
[    9.573820] IRQ352 no longer affine to CPU1
[    9.654983] IRQ17 no longer affine to CPU2
[    9.655092] IRQ353 no longer affine to CPU2
[    9.784518] Entering suspend state LP1
[    9.784518] Suspended for 3.079 seconds
[    9.784530] Enabling non-boot CPUs ...
[    9.814629] CPU1 is up
[    9.854431] CPU2 is up
[    9.894651] CPU3 is up
[    9.895090] PM: noirq resume of devices complete after 0.433 msecs
[    9.896482] PM: early resume of devices complete after 1.085 msecs
[   10.052866] mmc1: Switching to 3.3V signalling voltage failed
[   10.134495] PM: resume of devices complete after 238.003 msecs
[   10.212504] OOM killer enabled.
[   10.215641] Restarting tasks ... done.
root@(none):/# 
root@(none):/# rtcwake -d rtc1 -m mem -s 3
rtcwake: assuming RTC uses UTC ...
rtcwake: wakeup from "mem" using /dev/rtc1 at Thu Jan  1 00:00:43 1970
[   11.441281] PM: Syncing filesystems ... done.
[   11.447126] Freezing user space processes ... (elapsed 0.001 seconds) done.
[   11.455296] OOM killer disabled.
[   11.458512] Freezing remaining freezable tasks ... (elapsed 0.001 seconds) done.
[   11.467132] Suspending console(s) (use no_console_suspend to debug)
[   11.491252] PM: suspend of devices complete after 17.362 msecs
[   11.492592] PM: late suspend of devices complete after 1.331 msecs
[   11.493518] PM: noirq suspend of devices complete after 0.921 msecs
[   11.493520] Disabling non-boot CPUs ...
[   11.493788] migrate_irqs: 1 callbacks suppressed
[   11.493791] IRQ352 no longer affine to CPU1
[   11.535057] IRQ353 no longer affine to CPU2
[   11.595070] IRQ354 no longer affine to CPU3
[   11.644486] Entering suspend state LP1
[   11.644486] Suspended for 3.139 seconds
[   11.644498] Enabling non-boot CPUs ...
[   11.674603] CPU1 is up
[   11.714401] CPU2 is up
[   11.754610] CPU3 is up
[   11.755047] PM: noirq resume of devices complete after 0.432 msecs
[   11.756554] PM: early resume of devices complete after 1.194 msecs
[   11.913027] mmc1: Switching to 3.3V signalling voltage failed
[   12.004475] PM: resume of devices complete after 247.913 msecs
[   12.087046] OOM killer enabled.
[   12.090175] Restarting tasks ... done.
root@(none):/# 
root@(none):/# rtcwake -d rtc1 -m mem -s 3
rtcwake: assuming RTC uses UTC ...
rtcwake: wakeup from "mem" using /dev/rtc1 at Thu Jan  1 00:00:48 1970
[   13.301746] PM: Syncing filesystems ... done.
[   13.307609] Freezing user space processes ... (elapsed 0.001 seconds) done.
[   13.315699] OOM killer disabled.
[   13.318915] Freezing remaining freezable tasks ... (elapsed 0.001 seconds) done.
[   13.327523] Suspending console(s) (use no_console_suspend to debug)
[   13.351516] PM: suspend of devices complete after 17.234 msecs
[   13.352574] PM: late suspend of devices complete after 1.052 msecs
[   13.353392] PM: noirq suspend of devices complete after 0.814 msecs
[   13.353394] Disabling non-boot CPUs ...
[   13.353662] IRQ352 no longer affine to CPU1
[   13.414942] IRQ17 no longer affine to CPU2
[   13.415050] IRQ353 no longer affine to CPU2
[   13.474994] IRQ354 no longer affine to CPU3
[   13.504323] Entering suspend state LP1
[   13.504323] Suspended for 3.139 seconds
[   13.504335] Enabling non-boot CPUs ...
[   13.534799] CPU1 is up
[   13.574371] CPU2 is up
[   13.614578] CPU3 is up
[   13.615025] PM: noirq resume of devices complete after 0.443 msecs
[   13.616334] PM: early resume of devices complete after 1.008 msecs
[   13.771677] mmc1: Switching to 3.3V signalling voltage failed
[   13.854254] PM: resume of devices complete after 237.912 msecs
[   13.936350] OOM killer enabled.
[   13.939479] Restarting tasks ... done.
root@(none):/# 
root@(none):/# rtcwake -d rtc1 -m mem -s 3
rtcwake: assuming RTC uses UTC ...
rtcwake: wakeup from "mem" using /dev/rtc1 at Thu Jan  1 00:00:53 1970
[   15.161727] PM: Syncing filesystems ... done.
[   15.167487] Freezing user space processes ... (elapsed 0.001 seconds) done.
[   15.175561] OOM killer disabled.
[   15.178777] Freezing remaining freezable tasks ... (elapsed 0.001 seconds) done.
[   15.187383] Suspending console(s) (use no_console_suspend to debug)
[   15.211253] PM: suspend of devices complete after 17.108 msecs
[   15.212286] PM: late suspend of devices complete after 1.028 msecs
[   15.213134] PM: noirq suspend of devices complete after 0.844 msecs
[   15.213136] Disabling non-boot CPUs ...
[   15.213359] IRQ17 no longer affine to CPU1
[   15.213416] IRQ352 no longer affine to CPU1
[   15.255009] IRQ353 no longer affine to CPU2
[   15.344310] Entering suspend state LP1
[   15.344310] Suspended for 3.159 seconds
[   15.344322] Enabling non-boot CPUs ...
[   15.374767] CPU1 is up
[   15.414344] CPU2 is up
[   15.454559] CPU3 is up
[   15.455000] PM: noirq resume of devices complete after 0.435 msecs
[   15.456375] PM: early resume of devices complete after 1.061 msecs
[   15.612774] mmc1: Switching to 3.3V signalling voltage failed
[   15.691474] PM: resume of devices complete after 235.091 msecs
[   15.769453] OOM killer enabled.
[   15.772582] Restarting tasks ... done.
root@(none):/# 
root@(none):/# rtcwake -d rtc1 -m mem -s 3
rtcwake: assuming RTC uses UTC ...
rtcwake: wakeup from "mem" using /dev/rtc1 at Thu Jan  1 00:00:58 1970
[   17.001172] PM: Syncing filesystems ... done.
[   17.007020] Freezing user space processes ... (elapsed 0.001 seconds) done.
[   17.015188] OOM killer disabled.
[   17.018404] Freezing remaining freezable tasks ... (elapsed 0.001 seconds) done.
[   17.027027] Suspending console(s) (use no_console_suspend to debug)
[   17.051149] PM: suspend of devices complete after 17.363 msecs
[   17.052487] PM: late suspend of devices complete after 1.330 msecs
[   17.053423] PM: noirq suspend of devices complete after 0.931 msecs
[   17.053425] Disabling non-boot CPUs ...
[   17.053696] migrate_irqs: 1 callbacks suppressed
[   17.053699] IRQ352 no longer affine to CPU1
[   17.125063] IRQ353 no longer affine to CPU2
[   17.194952] IRQ354 no longer affine to CPU3
[   17.244400] Entering suspend state LP1
[   17.244400] Suspended for 3.099 seconds
[   17.244412] Enabling non-boot CPUs ...
[   17.274537] CPU1 is up
[   17.314324] CPU2 is up
[   17.354532] CPU3 is up
[   17.354982] PM: noirq resume of devices complete after 0.444 msecs
[   17.356341] PM: early resume of devices complete after 1.053 msecs
[   17.512976] mmc1: Switching to 3.3V signalling voltage failed
[   17.602290] PM: resume of devices complete after 245.940 msecs
[   17.684899] OOM killer enabled.
[   17.688028] Restarting tasks ... done.
root@(none):/# 
root@(none):/# rtcwake -d rtc1 -m mem -s 3
rtcwake: assuming RTC uses UTC ...
rtcwake: wakeup from "mem" using /dev/rtc1 at Thu Jan  1 00:01:03 1970
[   18.901593] PM: Syncing filesystems ... done.
[   18.907451] Freezing user space processes ... (elapsed 0.001 seconds) done.
[   18.915624] OOM killer disabled.
[   18.918840] Freezing remaining freezable tasks ... (elapsed 0.001 seconds) done.
[   18.927453] Suspending console(s) (use no_console_suspend to debug)
[   18.950674] PM: suspend of devices complete after 16.460 msecs
[   18.951925] PM: late suspend of devices complete after 1.242 msecs
[   18.952814] PM: noirq suspend of devices complete after 0.884 msecs
[   18.952816] Disabling non-boot CPUs ...
[   18.953098] IRQ352 no longer affine to CPU1
[   18.994978] IRQ353 no longer affine to CPU2
[   19.074910] IRQ354 no longer affine to CPU3
[   19.134254] Entering suspend state LP1
[   19.134254] Suspended for 3.109 seconds
[   19.134265] Enabling non-boot CPUs ...
[   19.164715] CPU1 is up
[   19.204287] CPU2 is up
[   19.244495] CPU3 is up
[   19.244935] PM: noirq resume of devices complete after 0.434 msecs
[   19.246162] PM: early resume of devices complete after 0.930 msecs
[   19.402776] mmc1: Switching to 3.3V signalling voltage failed
[   19.492884] PM: resume of devices complete after 246.713 msecs
[   19.570871] OOM killer enabled.
[   19.574008] Restarting tasks ... done.
root@(none):/# 
root@(none):/# rtcwake -d rtc1 -m mem -s 3
rtcwake: assuming RTC uses UTC ...
rtcwake: wakeup from "mem" using /dev/rtc1 at Thu Jan  1 00:01:08 1970
[   20.791147] PM: Syncing filesystems ... done.
[   20.796976] Freezing user space processes ... (elapsed 0.001 seconds) done.
[   20.805050] OOM killer disabled.
[   20.808266] Freezing remaining freezable tasks ... (elapsed 0.001 seconds) done.
[   20.816875] Suspending console(s) (use no_console_suspend to debug)
[   20.839835] PM: suspend of devices complete after 16.204 msecs
[   20.841114] PM: late suspend of devices complete after 1.269 msecs
[   20.842007] PM: noirq suspend of devices complete after 0.889 msecs
[   20.842009] Disabling non-boot CPUs ...
[   20.842289] IRQ352 no longer affine to CPU1
[   20.904869] IRQ17 no longer affine to CPU2
[   20.904979] IRQ353 no longer affine to CPU2
[   20.964915] IRQ354 no longer affine to CPU3
[   21.014364] Entering suspend state LP1
[   21.014364] Suspended for 3.119 seconds
[   21.014376] Enabling non-boot CPUs ...
[   21.044471] CPU1 is up
[   21.084273] CPU2 is up
[   21.124498] CPU3 is up
[   21.124938] PM: noirq resume of devices complete after 0.435 msecs
[   21.125789] PM: early resume of devices complete after 0.549 msecs
[   21.281838] mmc1: Switching to 3.3V signalling voltage failed
[   21.364265] PM: resume of devices complete after 238.468 msecs
[   21.446353] OOM killer enabled.
[   21.449482] Restarting tasks ... done.
root@(none):/# 
root@(none):/# rtcwake -d rtc1 -m mem -s 3
rtcwake: assuming RTC uses UTC ...
rtcwake: wakeup from "mem" using /dev/rtc1 at Thu Jan  1 00:01:13 1970
[   22.671129] PM: Syncing filesystems ... done.
[   22.676975] Freezing user space processes ... (elapsed 0.001 seconds) done.
[   22.685144] OOM killer disabled.
[   22.688360] Freezing remaining freezable tasks ... (elapsed 0.001 seconds) done.
[   22.696981] Suspending console(s) (use no_console_suspend to debug)
[   22.719997] PM: suspend of devices complete after 16.257 msecs
[   22.721292] PM: late suspend of devices complete after 1.286 msecs
[   22.722188] PM: noirq suspend of devices complete after 0.891 msecs
[   22.722190] Disabling non-boot CPUs ...
[   22.722467] IRQ352 no longer affine to CPU1
[   22.784901] IRQ353 no longer affine to CPU2
[   22.844791] IRQ17 no longer affine to CPU3
[   22.844893] IRQ354 no longer affine to CPU3
[   22.894326] Entering suspend state LP1
[   22.894326] Suspended for 3.119 seconds
[   22.894337] Enabling non-boot CPUs ...
[   22.924444] CPU1 is up
[   22.964245] CPU2 is up
[   23.004453] CPU3 is up
[   23.004888] PM: noirq resume of devices complete after 0.430 msecs
[   23.005751] PM: early resume of devices complete after 0.549 msecs
[   23.161799] mmc1: Switching to 3.3V signalling voltage failed
[   23.244225] PM: resume of devices complete after 238.466 msecs
[   23.326317] OOM killer enabled.
[   23.329446] Restarting tasks ... done.
root@(none):/# 
root@(none):/# NVTB SYSTEM SUSPEND TEST COMPLETE
