
U-Boot SPL 2014.01-00219-gc4d376f (Feb 18 2014 - 19:57:32)


U-Boot 2014.01-00219-gc4d376f (Feb 18 2014 - 19:57:32)

TEGRA114
Board: NVIDIA Dalmore
I2C:   ready
DRAM:  2 GiB
MMC:   Tegra SD/MMC: 0, Tegra SD/MMC: 1
In:    serial
Out:   serial
Err:   serial
Net:   Net Initialization Skipped
No ethernet found.
Hit any key to stop autoboot:  2  0 
Tegra114 (Dalmore) # 
Tegra114 (Dalmore) # usb reset
(Re)start USB...
USB0:   USB EHCI 1.10
scanning bus 0 for devices... 2 USB Device(s) found
       scanning usb for storage devices... 0 Storage Device(s) found
       scanning usb for ethernet devices... 
Warning: asx0 using MAC address from net device
1 Ethernet Device(s) found
Tegra114 (Dalmore) # setenv bootargs 'ignore_loglevel console=ttyS0,115200n8 rw root=PARTUUID=7369c667-ff51-ec4a-29cd-baabf2fbe346 rootwait gpt debug earlyprintk init=/bin/bash'
Tegra114 (Dalmore) # setenv ipaddr 192.168.100.100; setenv serverip 192.168.100.1; setenv tftpserverip 192.168.100.1
Tegra114 (Dalmore) # tftpboot 0x81000000 zImage.multi_v7_defconfig
Using asx0 device
TFTP from server 192.168.100.1; our IP address is 192.168.100.100
Filename 'zImage.multi_v7_defconfig'.
Load address: 0x81000000
Loading: *#################################################################
	 #################################################################
	 #################################################################
	 #################################################################
	 #################################################################
	 #################################################################
	 #################################################################
	 #################################################################
	 #####################################
	 2.9 MiB/s
done
Bytes transferred = 8172040 (7cb208 hex)
Tegra114 (Dalmore) # tftpboot 0x82000000 tegra114-dalmore.dtb
Using asx0 device
TFTP from server 192.168.100.1; our IP address is 192.168.100.100
Filename 'tegra114-dalmore.dtb'.
Load address: 0x82000000
Loading: *###
	 2.6 MiB/s
done
Bytes transferred = 35036 (88dc hex)
Tegra114 (Dalmore) # bootz 0x81000000 - 0x82000000
Kernel image @ 0x81000000 [ 0x000000 - 0x7cb200 ]
## Flattened Device Tree blob at 82000000
   Booting using the fdt blob at 0x82000000
   Loading Device Tree to 8fff4000, end 8ffff8db ... OK

Starting kernel ...

[    0.000000] Booting Linux on physical CPU 0x0
[    0.000000] Linux version 4.14.0-rc2-next-20170929-203152-g1418b85 (jonathanh@sellafield) (gcc version 4.7.3 20130328 (prerelease) (crosstool-NG linaro-1.13.1-4.7-2013.04-20130415 - Linaro GCC 2013.04)) #1 SMP Thu Sep 28 23:22:07 PDT 2017
[    0.000000] CPU: ARMv7 Processor [412fc0f2] revision 2 (ARMv7), cr=10c5387d
[    0.000000] CPU: div instructions available: patching division code
[    0.000000] CPU: PIPT / VIPT nonaliasing data cache, PIPT instruction cache
[    0.000000] OF: fdt: Machine model: NVIDIA Tegra114 Dalmore evaluation board
[    0.000000] debug: ignoring loglevel setting.
[    0.000000] Memory policy: Data cache writealloc
[    0.000000] efi: Getting EFI parameters from FDT:
[    0.000000] efi: UEFI not found.
[    0.000000] cma: Reserved 64 MiB at 0xfb800000
[    0.000000] On node 0 totalpages: 524032
[    0.000000] free_area_init_node: node 0, pgdat c1590400, node_mem_map eeff8000
[    0.000000]   DMA zone: 1536 pages used for memmap
[    0.000000]   DMA zone: 0 pages reserved
[    0.000000]   DMA zone: 196608 pages, LIFO batch:31
[    0.000000]   HighMem zone: 327424 pages, LIFO batch:31
[    0.000000] random: fast init done
[    0.000000] percpu: Embedded 17 pages/cpu @eef99000 s39616 r8192 d21824 u69632
[    0.000000] pcpu-alloc: s39616 r8192 d21824 u69632 alloc=17*4096
[    0.000000] pcpu-alloc: [0] 0 [0] 1 [0] 2 [0] 3 
[    0.000000] Built 1 zonelists, mobility grouping on.  Total pages: 522496
[    0.000000] Kernel command line: ignore_loglevel console=ttyS0,115200n8 rw root=PARTUUID=7369c667-ff51-ec4a-29cd-baabf2fbe346 rootwait gpt debug earlyprintk init=/bin/bash
[    0.000000] PID hash table entries: 4096 (order: 2, 16384 bytes)
[    0.000000] Dentry cache hash table entries: 131072 (order: 7, 524288 bytes)
[    0.000000] Inode-cache hash table entries: 65536 (order: 6, 262144 bytes)
[    0.000000] Memory: 1993480K/2096128K available (10240K kernel code, 1634K rwdata, 4512K rodata, 2048K init, 401K bss, 37112K reserved, 65536K cma-reserved, 1244160K highmem)
[    0.000000] Virtual kernel memory layout:
[    0.000000]     vector  : 0xffff0000 - 0xffff1000   (   4 kB)
[    0.000000]     fixmap  : 0xffc00000 - 0xfff00000   (3072 kB)
[    0.000000]     vmalloc : 0xf0800000 - 0xff800000   ( 240 MB)
[    0.000000]     lowmem  : 0xc0000000 - 0xf0000000   ( 768 MB)
[    0.000000]     pkmap   : 0xbfe00000 - 0xc0000000   (   2 MB)
[    0.000000]     modules : 0xbf000000 - 0xbfe00000   (  14 MB)
[    0.000000]       .text : 0xc0208000 - 0xc0d00000   (11232 kB)
[    0.000000]       .init : 0xc1200000 - 0xc1400000   (2048 kB)
[    0.000000]       .data : 0xc1400000 - 0xc15988a8   (1635 kB)
[    0.000000]        .bss : 0xc15a1ba8 - 0xc16061bc   ( 402 kB)
[    0.000000] SLUB: HWalign=64, Order=0-3, MinObjects=0, CPUs=4, Nodes=1
[    0.000000] Hierarchical RCU implementation.
[    0.000000] 	RCU event tracing is enabled.
[    0.000000] 	RCU restricting CPUs from NR_CPUS=16 to nr_cpu_ids=4.
[    0.000000] RCU: Adjusting geometry for rcu_fanout_leaf=16, nr_cpu_ids=4
[    0.000000] NR_IRQS: 16, nr_irqs: 16, preallocated irqs: 16
[    0.000000] /interrupt-controller@60004000: 160 interrupts forwarded to /interrupt-controller@50041000
[    0.000000] Tegra clk 127: register failed with -17
[    0.000009] sched_clock: 32 bits at 1000kHz, resolution 1000ns, wraps every 2147483647500ns
[    0.000029] clocksource: timer_us: mask: 0xffffffff max_cycles: 0xffffffff, max_idle_ns: 1911260446275 ns
[    0.000046] Switching to timer-based delay loop, resolution 1000ns
[    0.003251] arch_timer: cp15 timer(s) running at 12.00MHz (virt).
[    0.003272] clocksource: arch_sys_counter: mask: 0xffffffffffffff max_cycles: 0x2c47f4ee7, max_idle_ns: 440795202497 ns
[    0.003291] sched_clock: 56 bits at 12MHz, resolution 83ns, wraps every 4398046511096ns
[    0.003305] Switching to timer-based delay loop, resolution 83ns
[    0.003716] Console: colour dummy device 80x30
[    0.003752] Calibrating delay loop (skipped), value calculated using timer frequency.. 24.00 BogoMIPS (lpj=120000)
[    0.003771] pid_max: default: 32768 minimum: 301
[    0.003891] Mount-cache hash table entries: 2048 (order: 1, 8192 bytes)
[    0.003907] Mountpoint-cache hash table entries: 2048 (order: 1, 8192 bytes)
[    0.004427] CPU: Testing write buffer coherency: ok
[    0.004677] /cpus/cpu@0 missing clock-frequency property
[    0.004709] /cpus/cpu@1 missing clock-frequency property
[    0.004741] /cpus/cpu@2 missing clock-frequency property
[    0.004773] /cpus/cpu@3 missing clock-frequency property
[    0.004787] CPU0: thread -1, cpu 0, socket 0, mpidr 80000000
[    0.005083] Setting up static identity map for 0x80300000 - 0x803000a0
[    0.006336] Hierarchical SRCU implementation.
[    0.007707] Tegra Revision: A01 SKU: 0 CPU Process: 1 SoC Process: 0
[    0.008363] EFI services will not be available.
[    0.008517] smp: Bringing up secondary CPUs ...
[    0.009014] CPU1: thread -1, cpu 1, socket 0, mpidr 80000001
[    0.009598] CPU2: thread -1, cpu 2, socket 0, mpidr 80000002
[    0.010174] CPU3: thread -1, cpu 3, socket 0, mpidr 80000003
[    0.010278] smp: Brought up 1 node, 4 CPUs
[    0.010301] SMP: Total of 4 processors activated (96.00 BogoMIPS).
[    0.010310] CPU: All CPU(s) started in SVC mode.
[    0.011825] devtmpfs: initialized
[    0.019805] VFP support v0.3: implementor 41 architecture 4 part 30 variant f rev 0
[    0.020114] clocksource: jiffies: mask: 0xffffffff max_cycles: 0xffffffff, max_idle_ns: 19112604462750000 ns
[    0.020134] futex hash table entries: 1024 (order: 4, 65536 bytes)
[    0.021588] pinctrl core: initialized pinctrl subsystem
[    0.022871] DMI not present or invalid.
[    0.023131] NET: Registered protocol family 16
[    0.025356] DMA: preallocated 256 KiB pool for atomic coherent allocations
[    0.027324] cpuidle: using governor menu
[    0.048649] No ATAGs?
[    0.048781] hw-breakpoint: found 5 (+1 reserved) breakpoint and 4 watchpoint registers.
[    0.048798] hw-breakpoint: maximum watchpoint size is 8 bytes.
[    0.054254] Serial: AMBA PL011 UART driver
[    0.055006] tegra-mc 70019000.memory-controller: no memory timings for RAM code 3 registered
[    0.055134] iommu: Adding device reg-dummy to group 0
[    0.055171] iommu: Adding device 50000000.host1x to group 1
[    0.055215] iommu: Adding device 54140000.gr2d to group 2
[    0.055250] iommu: Adding device 54180000.gr3d to group 3
[    0.055320] iommu: Adding device 54200000.dc to group 4
[    0.055386] iommu: Adding device 54240000.dc to group 5
[    0.055419] iommu: Adding device 54280000.hdmi to group 6
[    0.055451] iommu: Adding device 54300000.dsi to group 7
[    0.055483] iommu: Adding device 60005000.timer to group 8
[    0.055520] iommu: Adding device 60007000.flow-controller to group 9
[    0.055553] iommu: Adding device 6000a000.dma to group 10
[    0.055586] iommu: Adding device 6000c000.ahb to group 11
[    0.055619] iommu: Adding device 6000d000.gpio to group 12
[    0.055655] iommu: Adding device 70000800.apbmisc to group 13
[    0.055686] iommu: Adding device 70000868.pinmux to group 14
[    0.055719] iommu: Adding device 70006300.serial to group 15
[    0.055752] iommu: Adding device 7000a000.pwm to group 16
[    0.055784] iommu: Adding device 7000c000.i2c to group 17
[    0.055826] iommu: Adding device 7000c700.i2c to group 18
[    0.055860] iommu: Adding device 7000d000.i2c to group 19
[    0.055893] iommu: Adding device 7000da00.spi to group 20
[    0.055925] iommu: Adding device 7000e000.rtc to group 21
[    0.055957] iommu: Adding device 7000e400.pmc to group 22
[    0.055994] iommu: Adding device 7000f800.fuse to group 23
[    0.056027] iommu: Adding device 70019000.memory-controller to group 24
[    0.056058] iommu: Adding device 70080000.ahub to group 25
[    0.056094] iommu: Adding device 700e3000.mipi to group 26
[    0.056129] iommu: Adding device 78000400.sdhci to group 27
[    0.056162] iommu: Adding device 78000600.sdhci to group 28
[    0.056195] iommu: Adding device 7d000000.usb to group 29
[    0.056229] iommu: Adding device 7d000000.usb-phy to group 30
[    0.056262] iommu: Adding device 7d008000.usb to group 31
[    0.056295] iommu: Adding device 7d008000.usb-phy to group 32
[    0.056327] iommu: Adding device timer to group 33
[    0.056369] iommu: Adding device backlight to group 34
[    0.056400] iommu: Adding device clocks to group 35
[    0.056431] iommu: Adding device gpio-keys to group 36
[    0.056464] iommu: Adding device regulators to group 37
[    0.056496] iommu: Adding device regulators:regulator@0 to group 38
[    0.056528] iommu: Adding device regulators:regulator@1 to group 39
[    0.056561] iommu: Adding device regulators:regulator@3 to group 40
[    0.056594] iommu: Adding device regulators:regulator@4 to group 41
[    0.056626] iommu: Adding device regulators:regulator@5 to group 42
[    0.056663] iommu: Adding device regulators:regulator@6 to group 43
[    0.056697] iommu: Adding device regulators:regulator@7 to group 44
[    0.056733] iommu: Adding device sound to group 45
[    0.070590] AT91: Could not find identification node
[    0.071073] dvdd_ts: Failed to request enable GPIO61: -517
[    0.071095] reg-fixed-voltage regulators:regulator@1: Failed to register regulator: -517
[    0.071205] usb1_vbus: Failed to request enable GPIO108: -517
[    0.071220] reg-fixed-voltage regulators:regulator@3: Failed to register regulator: -517
[    0.071322] usb2_vbus: Failed to request enable GPIO86: -517
[    0.071336] reg-fixed-voltage regulators:regulator@4: Failed to register regulator: -517
[    0.071754] VDD_5V0_HDMI_CON: Failed to request enable GPIO81: -517
[    0.071769] reg-fixed-voltage regulators:regulator@7: Failed to register regulator: -517
[    0.074204] vgaarb: loaded
[    0.074900] SCSI subsystem initialized
[    0.075074] libata version 3.00 loaded.
[    0.075266] usbcore: registered new interface driver usbfs
[    0.075319] usbcore: registered new interface driver hub
[    0.075390] usbcore: registered new device driver usb
[    0.078628] tps65090 2-0048: No cache defaults, reading back from HW
[    0.079633] iommu: Adding device tps65090-pmic to group 46
[    0.080587] TPS65090_RAILSDCDC1: supplied by vdd_ac_bat
[    0.081653] TPS65090_RAILSDCDC2: supplied by vdd_ac_bat
[    0.082699] TPS65090_RAILSDCDC3: supplied by vdd_ac_bat
[    0.083209] TPS65090_RAILSFET1: supplied by vdd_ac_bat
[    0.083580] TPS65090_RAILSFET2: supplied by vdd_ac_bat
[    0.083922] TPS65090_RAILSFET3: supplied by vdd-sys-3v3
[    0.084439] TPS65090_RAILSFET4: supplied by vdd-sys-3v3
[    0.084956] TPS65090_RAILSFET5: supplied by vdd-sys-3v3
[    0.085462] TPS65090_RAILSFET6: supplied by vdd-sys-3v3
[    0.086285] TPS65090_RAILSFET7: supplied by vdd-sys-3v3
[    0.086799] TPS65090_RAILSLDO1: supplied by vdd_ac_bat
[    0.086995] TPS65090_RAILSLDO2: supplied by vdd_ac_bat
[    0.087314] iommu: Adding device tps65090-charger to group 47
[    0.087914] palmas 2-0058: Irq flag is 0x00000004
[    0.089866] palmas 2-0058: Muxing GPIO ff, PWM 0, LED 0
[    0.090104] iommu: Adding device 7000d000.i2c:tps65913@58:gpio to group 48
[    0.090639] iommu: Adding device 7000d000.i2c:tps65913@58:pmic to group 49
[    0.092437] SMPS12: supplied by vdd-ao
[    0.093457] vdd_hdmi_5v0: supplied by vdd-sys-5v0
[    0.094273] SMPS3: supplied by vdd-ao
[    0.096000] SMPS457: supplied by vdd-sys-3v3
[    0.097623] SMPS6: supplied by regulator-dummy
[    0.099025] SMPS8: supplied by vdd-sys-3v3
[    0.100608] SMPS9: supplied by vdd-sys-3v3
[    0.101129] sdhci-vdd-sd-slot: Bringing 2840000uV into 2800000-2800000uV
[    0.102507] SMPS10_OUT2: supplied by regulator-dummy
[    0.103389] SMPS10_OUT1: supplied by regulator-dummy
[    0.104228] LDO1: supplied by vdd-sys-3v3
[    0.105326] LDO2: supplied by vdd-sys-3v3
[    0.106445] LDO3: supplied by vddio-1v8
[    0.107540] LDO4: supplied by vdd-sys-3v3
[    0.108638] LDO5: supplied by vdd_ac_bat
[    0.109317] LDO6: supplied by vdd-sys-3v3
[    0.109834] vdd-sensor-2v85: Bringing 2900000uV into 2850000-2850000uV
[    0.111146] LDO7: supplied by vdd-sys-3v3
[    0.112777] LDO8: supplied by vdd-ao
[    0.113304] vdd-rtc: Bringing 675000uV into 900000-900000uV
[    0.123973] LDO9: supplied by sdhci-vdd-sd-slot
[    0.134300] LDOLN: supplied by vdd-sys-5v0
[    0.135415] LDOUSB: supplied by vdd-sys-5v0
[    0.145715] iommu: Adding device 7000d000.i2c:tps65913@58:rtc to group 50
[    0.146130] iommu: Adding device 7000d000.i2c:tps65913@58:pinmux to group 51
[    0.146706] pps_core: LinuxPPS API ver. 1 registered
[    0.146716] pps_core: Software ver. 5.3.6 - Copyright 2005-2007 Rodolfo Giometti <giometti@linux.it>
[    0.146739] PTP clock support registered
[    0.146924] EDAC MC: Ver: 3.0.0
[    0.147198] dmi: Firmware registration failed.
[    0.148979] clocksource: Switched to clocksource arch_sys_counter
[    0.205119] NET: Registered protocol family 2
[    0.205643] TCP established hash table entries: 8192 (order: 3, 32768 bytes)
[    0.205744] TCP bind hash table entries: 8192 (order: 4, 65536 bytes)
[    0.205932] TCP: Hash tables configured (established 8192 bind 8192)
[    0.206016] UDP hash table entries: 512 (order: 2, 16384 bytes)
[    0.206061] UDP-Lite hash table entries: 512 (order: 2, 16384 bytes)
[    0.206213] NET: Registered protocol family 1
[    0.206566] RPC: Registered named UNIX socket transport module.
[    0.206578] RPC: Registered udp transport module.
[    0.206587] RPC: Registered tcp transport module.
[    0.206596] RPC: Registered tcp NFSv4.1 backchannel transport module.
[    0.206609] PCI: CLS 0 bytes, default 64
[    0.208059] iommu: Adding device alarmtimer to group 52
[    0.208880] workingset: timestamp_bits=30 max_order=19 bucket_order=0
[    0.215570] squashfs: version 4.0 (2009/01/31) Phillip Lougher
[    0.216154] NFS: Registering the id_resolver key type
[    0.216186] Key type id_resolver registered
[    0.216196] Key type id_legacy registered
[    0.216240] ntfs: driver 2.1.32 [Flags: R/O].
[    0.217746] bounce: pool size: 64 pages
[    0.217799] Block layer SCSI generic (bsg) driver version 0.4 loaded (major 248)
[    0.217811] io scheduler noop registered
[    0.217822] io scheduler deadline registered
[    0.218049] io scheduler cfq registered (default)
[    0.218061] io scheduler mq-deadline registered
[    0.218071] io scheduler kyber registered
[    0.249452] tegra-apbdma 6000a000.dma: Tegra20 APB DMA driver register 32 channels
[    0.252132] tegra-pmc 7000e400.pmc: i2c-thermtrip node not found, emergency thermal reset disabled.
[    0.302083] Serial: 8250/16550 driver, 4 ports, IRQ sharing disabled
[    0.302182] iommu: Adding device serial8250 to group 53
[    0.304778] console [ttyS0] disabled
[    0.304820] 70006300.serial: ttyS0 at MMIO 0x70006300 (irq = 329, base_baud = 25500000) is a Tegra
[    1.621237] console [ttyS0] enabled
[    1.625495] SuperH (H)SCI(F) driver initialized
[    1.631014] msm_serial: driver initialized
[    1.635277] STMicroelectronics ASC driver initialized
[    1.646230] tegra-hdmi 54280000.hdmi: failed to get HDMI regulator
[    1.667965] brd: module loaded
[    1.677219] loop: module loaded
[    1.697418] m25p80 spi0.0: w25q32dw (4096 Kbytes)
[    1.704283] iommu: Adding device Fixed MDIO bus.0 to group 54
[    1.710476] libphy: Fixed MDIO Bus: probed
[    1.715537] CAN device driver interface
[    1.720298] bgmac_bcma: Broadcom 47xx GBit MAC driver loaded
[    1.727155] e1000e: Intel(R) PRO/1000 Network Driver - 3.2.6-k
[    1.732993] e1000e: Copyright(c) 1999 - 2015 Intel Corporation.
[    1.738951] igb: Intel(R) Gigabit Ethernet Network Driver - version 5.4.0-k
[    1.745920] igb: Copyright (c) 2007-2014 Intel Corporation.
[    1.754850] pegasus: v0.9.3 (2013/04/25), Pegasus/Pegasus II USB Ethernet driver
[    1.762302] usbcore: registered new interface driver pegasus
[    1.767997] usbcore: registered new interface driver asix
[    1.773434] usbcore: registered new interface driver ax88179_178a
[    1.779567] usbcore: registered new interface driver cdc_ether
[    1.785431] usbcore: registered new interface driver smsc75xx
[    1.791226] usbcore: registered new interface driver smsc95xx
[    1.796995] usbcore: registered new interface driver net1080
[    1.802699] usbcore: registered new interface driver cdc_subset
[    1.808637] usbcore: registered new interface driver zaurus
[    1.814261] usbcore: registered new interface driver cdc_ncm
[    1.820150] tegra-phy 7d000000.usb-phy: no vbus regulator
[    1.827526] ehci_hcd: USB 2.0 'Enhanced' Host Controller (EHCI) Driver
[    1.834062] ehci-pci: EHCI PCI platform driver
[    1.838538] ehci-platform: EHCI generic platform driver
[    1.843959] ehci-orion: EHCI orion driver
[    1.848106] SPEAr-ehci: EHCI SPEAr driver
[    1.852253] ehci-st: EHCI STMicroelectronics driver
[    1.857251] ehci-exynos: EHCI EXYNOS driver
[    1.861587] ehci-atmel: EHCI Atmel driver
[    1.865714] tegra-ehci: Tegra EHCI driver
[    1.870034] ohci_hcd: USB 1.1 'Open' Host Controller (OHCI) Driver
[    1.876217] ohci-pci: OHCI PCI platform driver
[    1.880707] ohci-platform: OHCI generic platform driver
[    1.886091] SPEAr-ohci: OHCI SPEAr driver
[    1.890243] ohci-st: OHCI STMicroelectronics driver
[    1.895242] ohci-atmel: OHCI Atmel driver
[    1.899923] usbcore: registered new interface driver usb-storage
[    1.909803] iommu: Adding device ci_hdrc.0 to group 55
[    1.923590] palmas-rtc 7000d000.i2c:tps65913@58:rtc: rtc core: registered 7000d000.i2c:tps65913@58:rtc as rtc0
[    1.935414] tegra_rtc 7000e000.rtc: rtc core: registered 7000e000.rtc as rtc1
[    1.942603] tegra_rtc 7000e000.rtc: Tegra internal Real Time Clock
[    1.949303] i2c /dev entries driver
[    1.956145] IR NEC protocol handler initialized
[    1.960695] IR RC5(x/sz) protocol handler initialized
[    1.965739] IR RC6 protocol handler initialized
[    1.970277] IR JVC protocol handler initialized
[    1.974800] IR Sony protocol handler initialized
[    1.979423] IR SANYO protocol handler initialized
[    1.984120] IR Sharp protocol handler initialized
[    1.988816] IR MCE Keyboard/mouse protocol handler initialized
[    1.994651] IR XMP protocol handler initialized
[    2.002326] sbs-battery 0-000b: sbs_probe: Failed to get device status
[    2.008859] sbs-battery: probe of 0-000b failed with error -121
[    2.025135] sdhci: Secure Digital Host Controller Interface driver
[    2.031335] sdhci: Copyright(c) Pierre Ossman
[    2.037162] Synopsys Designware Multimedia Card Interface Driver
[    2.044372] sdhci-pltfm: SDHCI platform and OF driver helper
[    2.050768] sdhci-tegra 78000400.sdhci: Got CD GPIO
[    2.055656] sdhci-tegra 78000400.sdhci: Got WP GPIO
[    2.068775] mmc0: Invalid maximum block size, assuming 512 bytes
[    2.139126] mmc0: SDHCI controller on 78000400.sdhci [78000400.sdhci] using ADMA
[    2.155798] mmc1: Invalid maximum block size, assuming 512 bytes
[    2.219022] mmc1: SDHCI controller on 78000600.sdhci [78000600.sdhci] using ADMA
[    2.228429] ledtrig-cpu: registered to indicate activity on CPUs
[    2.234811] usbcore: registered new interface driver usbhid
[    2.240397] usbhid: USB HID core driver
[    2.248049] NET: Registered protocol family 10
[    2.253238] Segment Routing with IPv6
[    2.257036] sit: IPv6, IPv4 and MPLS over IPv4 tunneling driver
[    2.263495] NET: Registered protocol family 17
[    2.267941] can: controller area network core (rev 20170425 abi 9)
[    2.274185] NET: Registered protocol family 29
[    2.278623] can: raw protocol (rev 20170425)
[    2.282913] can: broadcast manager protocol (rev 20170425 t)
[    2.288570] can: netlink gateway (rev 20170425) max_hops=1
[    2.294349] Key type dns_resolver registered
[    2.299139] ThumbEE CPU extension supported.
[    2.303409] Registering SWP/SWPB emulation handler
[    2.322099] usb1_vbus: supplied by vdd-sys-5v0
[    2.324767] mmc0: new high speed SDHC card at address aaaa
[    2.325188] mmcblk0: mmc0:aaaa SL16G 14.8 GiB 
[    2.337533] usb2_vbus: supplied by vdd-sys-5v0
[    2.345663] VDD_5V0_HDMI_CON: supplied by vdd-sys-5v0
[    2.352180]  mmcblk0: p1 p2 p3
[    2.358369] [drm] Supports vblank timestamp caching Rev 2 (21.10.2013).
[    2.365024] [drm] No driver support for vblank timestamp query.
[    2.375647] mmc1: new high speed MMC card at address 0001
[    2.381716] mmcblk1: mmc1:0001 SEM32G 29.1 GiB 
[    2.386544] mmcblk1boot0: mmc1:0001 SEM32G partition 1 4.00 MiB
[    2.392708] mmcblk1boot1: mmc1:0001 SEM32G partition 2 4.00 MiB
[    2.393018] mmcblk1rpmb: mmc1:0001 SEM32G partition 3 4.00 MiB, chardev (237:0)
[    2.397063]  mmcblk1: p1 p2 p3 p4 p5 p6 p7 p8
[    2.466636] Console: switching to colour frame buffer device 240x75
[    2.523825] drm drm: fb0:  frame buffer device
[    2.528358] [drm] Initialized tegra 0.0.0 20120330 for drm on minor 0
[    2.538154] tegra-ehci 7d008000.usb: EHCI Host Controller
[    2.543592] tegra-ehci 7d008000.usb: new USB bus registered, assigned bus number 1
[    2.551868] tegra-ehci 7d008000.usb: irq 340, io mem 0x7d008000
[    2.579108] tegra-ehci 7d008000.usb: USB 2.0 started, EHCI 1.10
[    2.586142] hub 1-0:1.0: USB hub found
[    2.590014] hub 1-0:1.0: 1 port detected
[    2.595780] input: gpio-keys as /devices/soc0/gpio-keys/input/input0
[    2.604780] palmas-rtc 7000d000.i2c:tps65913@58:rtc: setting system clock to 2000-02-20 13:19:40 UTC (951052780)
[    2.620865] dvdd_ts: disabling
[    2.623923] usb1_vbus: disabling
[    2.627148] vdd_cam_1v8_reg: disabling
[    2.632694] EXT4-fs (mmcblk1p1): mounting ext3 file system using the ext4 subsystem
[    2.658015] EXT4-fs (mmcblk1p1): recovery complete
[    2.662893] EXT4-fs (mmcblk1p1): mounted filesystem with ordered data mode. Opts: (null)
[    2.671057] VFS: Mounted root (ext3 filesystem) on device 179:17.
[    2.680030] devtmpfs: mounted
[    2.684877] Freeing unused kernel memory: 2048K
bash: cannot set terminal process group (-1): Inappropriate ioctl for device
bash: no job control in this shell
root@(none):/# [    2.959116] usb 1-1: new high-speed USB device number 2 using tegra-ehci
mount -t sysfs none /sys
root@(none):/# 
root@(none):/# [    3.642952] asix 1-1:1.0 eth0: register 'asix' at usb-7d008000.usb-1, ASIX AX88772 USB 2.0 Ethernet, 00:50:b6:0d:b5:16
mount -t debugfs none /sys/kernel/debug
root@(none):/# 
root@(none):/# rtcwake -d rtc1 -m mem -s 3
rtcwake: assuming RTC uses UTC ...
rtcwake: wakeup from "mem" using /dev/rtc1 at Thu Jan  1 00:00:20 1970
[    5.315660] PM: suspend entry (deep)
[    5.319278] PM: Syncing filesystems ... done.
[    5.348846] Freezing user space processes ... (elapsed 0.001 seconds) done.
[    5.357119] OOM killer disabled.
[    5.360388] Freezing remaining freezable tasks ... (elapsed 0.001 seconds) done.
[    5.369154] Suspending console(s) (use no_console_suspend to debug)
