
U-Boot SPL 2013.04-rc2-06423-gf2e8a87-dirty (May 15 2013 - 09:45:39)


U-Boot 2013.04-rc2-06423-gf2e8a87-dirty (May 15 2013 - 09:45:39)

TEGRA30
Board: NVIDIA Beaver
DRAM:  2 GiB
MMC:   Tegra SD/MMC: 0, Tegra SD/MMC: 1
*** Warning - bad CRC, using default environment

In:    serial
Out:   serial
Err:   serial
Hit any key to stop autoboot:  2  0 
Tegra30 (Beaver) # 
Tegra30 (Beaver) # setenv bootargs 'console=ttyS0,230400n8 noinitrd root=/dev/mmcblk0p1 rw rootwait gpt ignore_loglevel debug'
Tegra30 (Beaver) # loady 0x81000000
## Ready for binary (ymodem) download to 0x81000000 at 230400 bps...
CSending: zImage
Sending: 

Transfer complete
yzModem - CRC mode, 5(SOH)/3568(STX)/0(CAN) packets, 3 retries
## Total Size      = 0x0037c148 = 3653960 Bytes
Tegra30 (Beaver) # loady 0x82000000
## Ready for binary (ymodem) download to 0x82000000 at 230400 bps...
CSending: tegra30-beaver.dtb
Sending: 

Transfer complete
yzModem - CRC mode, 6(SOH)/20(STX)/0(CAN) packets, 3 retries
## Total Size      = 0x000051b8 = 20920 Bytes
Tegra30 (Beaver) # bootz 0x81000000 - 0x82000000
## Flattened Device Tree blob at 82000000
   Booting using the fdt blob at 0x82000000
   Loading Device Tree to 8fff7000, end 8ffff1b7 ... OK

Starting kernel ...

[    0.000000] Booting Linux on physical CPU 0x0
[    0.000000] Linux version 3.13.0-rc1-next-20131125-25778-ga05e9df (pwalmsley@kaivo) (gcc version 4.7.3 20130328 (prerelease) (crosstool-NG linaro-1.13.1-4.7-2013.04-20130415 - Linaro GCC 2013.04) ) #1 SMP Sun Nov 24 17:47:07 PST 2013
[    0.000000] CPU: ARMv7 Processor [412fc099] revision 9 (ARMv7), cr=10c5387d
[    0.000000] CPU: PIPT / VIPT nonaliasing data cache, VIPT aliasing instruction cache
[    0.000000] Machine model: NVIDIA Tegra30 Beaver evaluation board
[    0.000000] debug: ignoring loglevel setting.
[    0.000000] Memory policy: Data cache writealloc
[    0.000000] On node 0 totalpages: 524032
[    0.000000] free_area_init_node: node 0, pgdat c0749e00, node_mem_map c0792000
[    0.000000]   DMA zone: 1520 pages used for memmap
[    0.000000]   DMA zone: 0 pages reserved
[    0.000000]   DMA zone: 194560 pages, LIFO batch:31
[    0.000000]   HighMem zone: 2574 pages used for memmap
[    0.000000]   HighMem zone: 329472 pages, LIFO batch:31
[    0.000000] fuse_speedo_calib: ATE prog ver 3.3
[    0.000000] Tegra30: CPU Speedo ID 5, Soc Speedo ID 2
[    0.000000] Tegra Revision: A03 SKU: 128 CPU Process: 4 Core Process: 0
[    0.000000] L310 cache controller enabled
[    0.000000] l2x0: 8 ways, CACHE_ID 0x410000c7, AUX_CTRL 0x7e480001, Cache size: 1024 kB
[    0.000000] PERCPU: Embedded 5 pages/cpu @c17a5000 s6912 r0 d13568 u32768
[    0.000000] pcpu-alloc: s6912 r0 d13568 u32768 alloc=8*4096
[    0.000000] pcpu-alloc: [0] 0 [0] 1 [0] 2 [0] 3 
[    0.000000] Built 1 zonelists in Zone order, mobility grouping on.  Total pages: 522512
[    0.000000] Kernel command line: console=ttyS0,230400n8 noinitrd root=/dev/mmcblk0p1 rw rootwait gpt ignore_loglevel debug
[    0.000000] PID hash table entries: 4096 (order: 2, 16384 bytes)
[    0.000000] Dentry cache hash table entries: 131072 (order: 7, 524288 bytes)
[    0.000000] Inode-cache hash table entries: 65536 (order: 6, 262144 bytes)
[    0.000000] Memory: 2070996K/2096128K available (4948K kernel code, 587K rwdata, 1420K rodata, 474K init, 284K bss, 25132K reserved, 1317888K highmem)
[    0.000000] Virtual kernel memory layout:
[    0.000000]     vector  : 0xffff0000 - 0xffff1000   (   4 kB)
[    0.000000]     fixmap  : 0xfff00000 - 0xfffe0000   ( 896 kB)
[    0.000000]     vmalloc : 0xf0000000 - 0xff000000   ( 240 MB)
[    0.000000]     lowmem  : 0xc0000000 - 0xef800000   ( 760 MB)
[    0.000000]     pkmap   : 0xbfe00000 - 0xc0000000   (   2 MB)
[    0.000000]       .text : 0xc0008000 - 0xc06405ac   (6370 kB)
[    0.000000]       .init : 0xc0641000 - 0xc06b7b00   ( 475 kB)
[    0.000000]       .data : 0xc06b8000 - 0xc074ac00   ( 587 kB)
[    0.000000]        .bss : 0xc074ac08 - 0xc0791f14   ( 285 kB)
[    0.000000] SLUB: HWalign=64, Order=0-3, MinObjects=0, CPUs=4, Nodes=1
[    0.000000] Hierarchical RCU implementation.
[    0.000000] NR_IRQS:16 nr_irqs:16 16
[    0.000000] sched_clock: 32 bits at 1000kHz, resolution 1000ns, wraps every 2147483648000ns
[    0.000000] Console: colour dummy device 80x30
[    0.000611] Calibrating delay loop... 1397.55 BogoMIPS (lpj=6987776)
[    0.089987] pid_max: default: 32768 minimum: 301
[    0.090101] Mount-cache hash table entries: 512
[    0.092488] CPU: Testing write buffer coherency: ok
[    0.092782] CPU0: thread -1, cpu 0, socket 0, mpidr 80000000
[    0.092824] Setting up static identity map for 0x804ae538 - 0x804ae5d0
[    0.092953] unable to find compatible sirf rstc node in dtb
[    0.094377] CPU1: Booted secondary processor
[    0.129979] CPU1: thread -1, cpu 1, socket 0, mpidr 80000001
[    0.130845] CPU2: Booted secondary processor
[    0.169978] CPU2: thread -1, cpu 2, socket 0, mpidr 80000002
[    0.170828] CPU3: Booted secondary processor
[    0.209978] CPU3: thread -1, cpu 3, socket 0, mpidr 80000003
[    0.210040] Brought up 4 CPUs
[    0.210056] SMP: Total of 4 processors activated.
[    0.210062] CPU: All CPU(s) started in SVC mode.
[    0.210622] devtmpfs: initialized
[    0.213097] VFP support v0.3: implementor 41 architecture 3 part 30 variant 9 rev 4
[    0.213259] pinctrl core: initialized pinctrl subsystem
[    0.213495] regulator-dummy: no parameters
[    0.213750] NET: Registered protocol family 16
[    0.215234] DMA: preallocated 256 KiB pool for atomic coherent allocations
[    0.223063] Serial: AMBA PL011 UART driver
[    0.226027] bio: create slab <bio-0> at 0
[    0.226945] edma-dma-engine edma-dma-engine.0: Can't allocate PaRAM dummy slot
[    0.226963] edma-dma-engine: probe of edma-dma-engine.0 failed with error -5
[    0.227229] vdd_5v_in: 5000 mV 
[    0.227293] platform 1.regulator: Driver reg-fixed-voltage requests probe deferral
[    0.227323] platform 2.regulator: Driver reg-fixed-voltage requests probe deferral
[    0.227400] vdd_5v_sata: 5000 mV 
[    0.227420] vdd_5v_sata: supplied by vdd_5v_in
[    0.227535] usb1_vbus: 5000 mV 
[    0.227552] usb1_vbus: supplied by vdd_5v_in
[    0.227683] usb3_vbus: 5000 mV 
[    0.227701] usb3_vbus: supplied by vdd_5v_in
[    0.227765] platform 6.regulator: Driver reg-fixed-voltage requests probe deferral
[    0.227837] sys_3v3_pexs: 3300 mV 
[    0.227856] reg-fixed-voltage 7.regulator: Failed to find supply vin
[    0.227907] reg-fixed-voltage 7.regulator: Failed to register regulator: -517
[    0.227917] platform 7.regulator: Driver reg-fixed-voltage requests probe deferral
[    0.228873] SCSI subsystem initialized
[    0.228995] libata version 3.00 loaded.
[    0.229109] usbcore: registered new interface driver usbfs
[    0.229133] usbcore: registered new interface driver hub
[    0.229191] usbcore: registered new device driver usb
[    0.231749] tps62361-vout: 500 <--> 1500 mV at 1160 mV 
[    0.231914] pps_core: LinuxPPS API ver. 1 registered
[    0.231919] pps_core: Software ver. 5.3.6 - Copyright 2005-2007 Rodolfo Giometti <giometti@linux.it>
[    0.231931] PTP clock support registered
[    0.231963] EDAC MC: Ver: 3.0.0
[    0.232610] Switched to clocksource timer_us
[    0.237443] NET: Registered protocol family 2
[    0.237834] TCP established hash table entries: 8192 (order: 3, 32768 bytes)
[    0.237881] TCP bind hash table entries: 8192 (order: 4, 65536 bytes)
[    0.237964] TCP: Hash tables configured (established 8192 bind 8192)
[    0.238050] TCP: reno registered
[    0.238062] UDP hash table entries: 512 (order: 2, 16384 bytes)
[    0.238126] UDP-Lite hash table entries: 512 (order: 2, 16384 bytes)
[    0.238375] NET: Registered protocol family 1
[    0.238583] RPC: Registered named UNIX socket transport module.
[    0.238590] RPC: Registered udp transport module.
[    0.238594] RPC: Registered tcp transport module.
[    0.238598] RPC: Registered tcp NFSv4.1 backchannel transport module.
[    0.240366] bounce pool size: 64 pages
[    0.244685] NFS: Registering the id_resolver key type
[    0.244724] Key type id_resolver registered
[    0.244728] Key type id_legacy registered
[    0.244871] Block layer SCSI generic (bsg) driver version 0.4 loaded (major 251)
[    0.244879] io scheduler noop registered
[    0.244883] io scheduler deadline registered
[    0.244967] io scheduler cfq registered (default)
[    0.247606] tegra-apbdma 6000a000.dma: Tegra20 APB DMA driver register 32 channels
[    0.276979] Serial: 8250/16550 driver, 4 ports, IRQ sharing disabled
[    0.277762] Serial: IMX driver
[    0.278331] 70006000.serial: ttyS0 at MMIO 0x70006000 (irq = 68, base_baud = 25500000) is a Tegra
[    0.609295] console [ttyS0] enabled
[    0.611681] serial: Freescale lpuart driver
[    0.613999] [drm] Initialized drm 1.1.0 20060810
[    0.616824] tegra-hdmi 54280000.hdmi: failed to get VDD regulator
[    0.619890] platform 54280000.hdmi: Driver tegra-hdmi requests probe deferral
[    0.626033] ehci_hcd: USB 2.0 'Enhanced' Host Controller (EHCI) Driver
[    0.629309] ehci-platform: EHCI generic platform driver
[    0.631993] ehci-omap: OMAP-EHCI Host Controller driver
[    0.634679] ehci-orion: EHCI orion driver
[    0.636736] SPEAr-ehci: EHCI SPEAr driver
[    0.638793] tegra-ehci: Tegra EHCI driver
[    0.640910] platform 7d008000.usb: Driver tegra-ehci requests probe deferral
[    0.644620] usbcore: registered new interface driver usb-storage
[    0.649438] mousedev: PS/2 mouse device common for all mice
[    0.652685] tegra_rtc 7000e000.rtc: rtc core: registered 7000e000.rtc as rtc0
[    0.656279] tegra_rtc 7000e000.rtc: Tegra internal Real Time Clock
[    0.659829] sdhci: Secure Digital Host Controller Interface driver
[    0.662938] sdhci: Copyright(c) Pierre Ossman
[    0.665321] sdhci-pltfm: SDHCI platform and OF driver helper
[    0.668540] sdhci-tegra 78000000.sdhci: Got CD GPIO #69.
[    0.671216] sdhci-tegra 78000000.sdhci: Got WP GPIO #155.
[    0.674970] sdhci-tegra 78000000.sdhci: dummy supplies not allowed
[    0.678071] mmc0: no vqmmc regulator found
[    0.680127] sdhci-tegra 78000000.sdhci: dummy supplies not allowed
[    0.683232] mmc0: no vmmc regulator found
[    0.685243] mmc0: Invalid maximum block size, assuming 512 bytes
[    0.732615] mmc0: SDHCI controller on 78000000.sdhci [78000000.sdhci] using ADMA
[    0.737382] sdhci-tegra 78000600.sdhci: dummy supplies not allowed
[    0.740482] mmc1: no vqmmc regulator found
[    0.742538] sdhci-tegra 78000600.sdhci: dummy supplies not allowed
[    0.745649] mmc1: no vmmc regulator found
[    0.747660] mmc1: Invalid maximum block size, assuming 512 bytes
[    0.792609] mmc1: SDHCI controller on 78000600.sdhci [78000600.sdhci] using ADMA
[    0.796572] usbcore: registered new interface driver usbhid
[    0.799366] usbhid: USB HID core driver
[    0.801481] TCP: cubic registered
[    0.803470] NET: Registered protocol family 10
[    0.806180] sit: IPv6 over IPv4 tunneling driver
[    0.808904] Key type dns_resolver registered
[    0.811163] Registering SWP/SWPB emulation handler
[    0.815487] platform 1.regulator: Driver reg-fixed-voltage requests probe deferral
[    0.819554] platform 2.regulator: Driver reg-fixed-voltage requests probe deferral
[    0.823523] platform 6.regulator: Driver reg-fixed-voltage requests probe deferral
[    0.827538] sys_3v3_pexs: 3300 mV 
[    0.829279] reg-fixed-voltage 7.regulator: Failed to find supply vin
[    0.832510] reg-fixed-voltage 7.regulator: Failed to register regulator: -517
[    0.836104] platform 7.regulator: Driver reg-fixed-voltage requests probe deferral
[    0.840120] tegra-hdmi 54280000.hdmi: failed to get VDD regulator
[    0.843190] platform 54280000.hdmi: Driver tegra-hdmi requests probe deferral
[    0.849826] utmi_phy_clk_enable: timeout waiting for phy to stabilize
[    0.853069] tegra-ehci 7d008000.usb: EHCI Host Controller
[    0.855791] tegra-ehci 7d008000.usb: new USB bus registered, assigned bus number 1
[    0.859711] tegra-ehci 7d008000.usb: irq 129, io mem 0x7d008000
[    0.882614] tegra-ehci 7d008000.usb: USB 2.0 started, EHCI 1.00
[    0.885997] hub 1-0:1.0: USB hub found
[    0.887902] hub 1-0:1.0: 1 port detected
[    0.890210] platform 1.regulator: Driver reg-fixed-voltage requests probe deferral
[    0.894195] platform 2.regulator: Driver reg-fixed-voltage requests probe deferral
[    0.898130] platform 6.regulator: Driver reg-fixed-voltage requests probe deferral
[    0.902126] sys_3v3_pexs: 3300 mV 
[    0.903871] reg-fixed-voltage 7.regulator: Failed to find supply vin
[    0.907101] reg-fixed-voltage 7.regulator: Failed to register regulator: -517
[    0.910686] platform 7.regulator: Driver reg-fixed-voltage requests probe deferral
[    0.914696] tegra-hdmi 54280000.hdmi: failed to get VDD regulator
[    0.917758] platform 54280000.hdmi: Driver tegra-hdmi requests probe deferral
[    0.921421] tegra_rtc 7000e000.rtc: setting system clock to 1970-01-01 00:03:10 UTC (190)
[    0.926082] Waiting for root device /dev/mmcblk0p1...
[    0.930933] mmc1: new high speed MMC card at address 0001
[    0.933873] isa bounce pool size: 16 pages
[    0.936002] mmcblk0: mmc1:0001 SEM16G 14.8 GiB 
[    0.938404] mmcblk0boot0: mmc1:0001 SEM16G partition 1 1.00 MiB
[    0.941491] mmcblk0boot1: mmc1:0001 SEM16G partition 2 1.00 MiB
[    0.944591] mmcblk0rpmb: mmc1:0001 SEM16G partition 3 128 KiB
[    0.951394] Primary GPT is invalid, using alternate GPT.
[    0.954088]  mmcblk0: p1 p2 p3 p4 p5
[    0.959429]  mmcblk0boot1: unknown partition table
[    0.964648]  mmcblk0boot0: unknown partition table
[    0.967284] platform 1.regulator: Driver reg-fixed-voltage requests probe deferral
[    0.971305] platform 2.regulator: Driver reg-fixed-voltage requests probe deferral
[    0.975263] platform 6.regulator: Driver reg-fixed-voltage requests probe deferral
[    0.979257] sys_3v3_pexs: 3300 mV 
[    0.980990] reg-fixed-voltage 7.regulator: Failed to find supply vin
[    0.984238] reg-fixed-voltage 7.regulator: Failed to register regulator: -517
[    0.987823] platform 7.regulator: Driver reg-fixed-voltage requests probe deferral
[    0.991828] tegra-hdmi 54280000.hdmi: failed to get VDD regulator
[    0.994899] platform 54280000.hdmi: Driver tegra-hdmi requests probe deferral
[    1.034478] EXT4-fs (mmcblk0p1): mounting ext3 file system using the ext4 subsystem
[    1.196618] EXT4-fs (mmcblk0p1): recovery complete
[    1.200655] EXT4-fs (mmcblk0p1): mounted filesystem with ordered data mode. Opts: (null)
[    1.204771] VFS: Mounted root (ext3 filesystem) on device 179:1.
[    1.212715] devtmpfs: mounted
[    1.214532] Freeing unused kernel memory: 472K (c0641000 - c06b7000)
 
INIT: version 2.88 booting
[info] Using makefile-style concurrent boot in runlevel S.
[....] Starting the hotplug events dispatcher: udevd[    2.097708] udevd[158]: starting version 175
[ ok .
[....] Synthesizing the initial hotplug events...[ ok done.
[....] Waiting for /dev to be fully populated...[ ok done.
[....] Activating swap...[ ok done.
[    3.111724] EXT4-fs (mmcblk0p1): re-mounted. Opts: (null)
[....] Cleaning up temporary files... /tmp[ ok .
[....] Activating lvm and md swap...[ ok done.
[....] Checking file systems...fsck from util-linux 2.20.1
[ ok done.
[....] Mounting local filesystems...[ ok done.
[....] Activating swapfile swap...[ ok done.
[....] Cleaning up temporary files...[ ok .
[....] Setting kernel variables ...[ ok done.
[    4.727056] random: dd urandom read with 125 bits of entropy available
[....] Configuring network interfaces...[ ok done.
[....] Starting rpcbind daemon...[ ok .
[    5.053994] random: nonblocking pool is initialized
[....] Starting NFS common utilities: statd idmapd[ ok .
[....] Cleaning up temporary files...[ ok .
[....] Starting network benchmark server[ ok .
INIT: Entering runlevel: 2
[info] Using makefile-style concurrent boot in runlevel 2.
[....] Starting network benchmark server[FAIL failed!
[....] Starting rpcbind daemon...[....] Already running.[ ok .
[....] Starting NFS common utilities: statd idmapd[ ok .
[....] Starting system message bus: dbus[ ok .

Debian GNU/Linux wheezy/sid armel ttyS0

armel login: 