
U-Boot SPL 2014.01-00219-gc4d376f (Feb 18 2014 - 19:57:18)


U-Boot 2014.01-00219-gc4d376f (Feb 18 2014 - 19:57:18)

TEGRA30
Board: NVIDIA Beaver
I2C:   ready
DRAM:  2 GiB
MMC:   Tegra SD/MMC: 0, Tegra SD/MMC: 1
In:    serial
Out:   serial
Err:   serial
Net:   Net Initialization Skipped
No ethernet found.
Hit any key to stop autoboot:  2  0 
Tegra30 (Beaver) # 
Tegra30 (Beaver) # usb reset
(Re)start USB...
USB0:   USB EHCI 1.00
scanning bus 0 for devices... 2 USB Device(s) found
       scanning usb for storage devices... 0 Storage Device(s) found
       scanning usb for ethernet devices... 
Warning: asx0 using MAC address from net device
1 Ethernet Device(s) found
Tegra30 (Beaver) # setenv bootargs 'ignore_loglevel console=ttyS0,115200n8 rw root=PARTUUID=edbe1840-3633-c751-7993-b0ac834f81e0 rootwait gpt debug noinitrd earlyprintk init=/bin/bash'
Tegra30 (Beaver) # setenv ipaddr 192.168.100.101; setenv serverip 192.168.100.1; setenv tftpserverip 192.168.100.1
Tegra30 (Beaver) # tftpboot 0x81000000 zImage.multi_v7_defconfig
Using asx0 device
TFTP from server 192.168.100.1; our IP address is 192.168.100.101
Filename 'zImage.multi_v7_defconfig'.
Load address: 0x81000000
Loading: *#################################################################
	 #################################################################
	 #################################################################
	 #################################################################
	 #################################################################
	 #################################################################
	 #################################################################
	 ##########################
	 3.1 MiB/s
done
Bytes transferred = 7050536 (6b9528 hex)
Tegra30 (Beaver) # tftpboot 0x82000000 tegra30-beaver.dtb
Using asx0 device
TFTP from server 192.168.100.1; our IP address is 192.168.100.101
Filename 'tegra30-beaver.dtb'.
Load address: 0x82000000
Loading: *####
	 2.9 MiB/s
done
Bytes transferred = 51627 (c9ab hex)
Tegra30 (Beaver) # bootz 0x81000000 - 0x82000000
Kernel image @ 0x81000000 [ 0x000000 - 0x6b9528 ]
## Flattened Device Tree blob at 82000000
   Booting using the fdt blob at 0x82000000
   Loading Device Tree to 8fff0000, end 8ffff9aa ... OK

Starting kernel ...

[    0.000000] Booting Linux on physical CPU 0x0
[    0.000000] Linux version 4.6.0-rc6-next-20160503-91919-g5158ed1 (pwalmsley@sellafield) (gcc version 4.7.3 20130328 (prerelease) (crosstool-NG linaro-1.13.1-4.7-2013.04-20130415 - Linaro GCC 2013.04) ) #1 SMP Tue May 3 03:19:15 PDT 2016
[    0.000000] CPU: ARMv7 Processor [412fc099] revision 9 (ARMv7), cr=10c5387d
[    0.000000] CPU: PIPT / VIPT nonaliasing data cache, VIPT aliasing instruction cache
[    0.000000] Machine model: NVIDIA Tegra30 Beaver evaluation board
[    0.000000] debug: ignoring loglevel setting.
[    0.000000] cma: Reserved 64 MiB at 0xfb800000
[    0.000000] Memory policy: Data cache writealloc
[    0.000000] On node 0 totalpages: 524032
[    0.000000] free_area_init_node: node 0, pgdat c1417d00, node_mem_map eeff8000
[    0.000000]   DMA zone: 1536 pages used for memmap
[    0.000000]   DMA zone: 0 pages reserved
[    0.000000]   DMA zone: 196608 pages, LIFO batch:31
[    0.000000]   HighMem zone: 327424 pages, LIFO batch:31
[    0.000000] percpu: Embedded 13 pages/cpu @eef8f000 s23808 r8192 d21248 u53248
[    0.000000] pcpu-alloc: s23808 r8192 d21248 u53248 alloc=13*4096
[    0.000000] pcpu-alloc: [0] 0 [0] 1 [0] 2 [0] 3 
[    0.000000] Built 1 zonelists in Zone order, mobility grouping on.  Total pages: 522496
[    0.000000] Kernel command line: ignore_loglevel console=ttyS0,115200n8 rw root=PARTUUID=edbe1840-3633-c751-7993-b0ac834f81e0 rootwait gpt debug noinitrd earlyprintk init=/bin/bash
[    0.000000] PID hash table entries: 4096 (order: 2, 16384 bytes)
[    0.000000] Dentry cache hash table entries: 131072 (order: 7, 524288 bytes)
[    0.000000] Inode-cache hash table entries: 65536 (order: 6, 262144 bytes)
[    0.000000] Memory: 1995052K/2096128K available (9528K kernel code, 1127K rwdata, 4184K rodata, 2048K init, 342K bss, 35540K reserved, 65536K cma-reserved, 1244160K highmem)
[    0.000000] Virtual kernel memory layout:
[    0.000000]     vector  : 0xffff0000 - 0xffff1000   (   4 kB)
[    0.000000]     fixmap  : 0xffc00000 - 0xfff00000   (3072 kB)
[    0.000000]     vmalloc : 0xf0800000 - 0xff800000   ( 240 MB)
[    0.000000]     lowmem  : 0xc0000000 - 0xf0000000   ( 768 MB)
[    0.000000]     pkmap   : 0xbfe00000 - 0xc0000000   (   2 MB)
[    0.000000]     modules : 0xbf000000 - 0xbfe00000   (  14 MB)
[    0.000000]       .text : 0xc0208000 - 0xc10640e4   (14705 kB)
[    0.000000]       .init : 0xc1100000 - 0xc1300000   (2048 kB)
[    0.000000]       .data : 0xc1300000 - 0xc1419d60   (1128 kB)
[    0.000000]        .bss : 0xc141b000 - 0xc1470b18   ( 343 kB)
[    0.000000] SLUB: HWalign=64, Order=0-3, MinObjects=0, CPUs=4, Nodes=1
[    0.000000] Hierarchical RCU implementation.
[    0.000000] 	Build-time adjustment of leaf fanout to 32.
[    0.000000] 	RCU restricting CPUs from NR_CPUS=16 to nr_cpu_ids=4.
[    0.000000] RCU: Adjusting geometry for rcu_fanout_leaf=32, nr_cpu_ids=4
[    0.000000] NR_IRQS:16 nr_irqs:16 16
[    0.000000] /interrupt-controller@60004000: 160 interrupts forwarded to /interrupt-controller@50041000
[    0.000000] L2C: platform modifies aux control register: 0x02080000 -> 0x3e480001
[    0.000000] L2C: DT/platform modifies aux control register: 0x02080000 -> 0x3e480001
[    0.000000] L2C-310 erratum 769419 enabled
[    0.000000] L2C-310 enabling early BRESP for Cortex-A9
[    0.000000] L2C-310: enabling full line of zeros but not enabled in Cortex-A9
[    0.000000] L2C-310 dynamic clock gating enabled, standby mode enabled
[    0.000000] L2C-310 cache controller enabled, 8 ways, 1024 kB
[    0.000000] L2C-310: CACHE_ID 0x410000c7, AUX_CTRL 0x4e480001
[    0.000014] sched_clock: 32 bits at 1000kHz, resolution 1000ns, wraps every 2147483647500ns
[    0.000031] clocksource: timer_us: mask: 0xffffffff max_cycles: 0xffffffff, max_idle_ns: 1911260446275 ns
[    0.000040] Switching to timer-based delay loop, resolution 1000ns
[    0.002813] Console: colour dummy device 80x30
[    0.002838] Calibrating delay loop (skipped), value calculated using timer frequency.. 2.00 BogoMIPS (lpj=5000)
[    0.002848] pid_max: default: 32768 minimum: 301
[    0.002934] Mount-cache hash table entries: 2048 (order: 1, 8192 bytes)
[    0.002941] Mountpoint-cache hash table entries: 2048 (order: 1, 8192 bytes)
[    0.003377] CPU: Testing write buffer coherency: ok
[    0.003668] CPU0: thread -1, cpu 0, socket 0, mpidr 80000000
[    0.003714] Setting up static identity map for 0x80300000 - 0x80300098
[    0.006202] Tegra Revision: A03 SKU: 128 CPU Process: 4 SoC Process: 0
[    0.010348] CPU1: thread -1, cpu 1, socket 0, mpidr 80000001
[    0.015331] CPU2: thread -1, cpu 2, socket 0, mpidr 80000002
[    0.020329] CPU3: thread -1, cpu 3, socket 0, mpidr 80000003
[    0.020374] Brought up 4 CPUs
[    0.020387] SMP: Total of 4 processors activated (8.00 BogoMIPS).
[    0.020391] CPU: All CPU(s) started in SVC mode.
[    0.021075] devtmpfs: initialized
[    0.029302] VFP support v0.3: implementor 41 architecture 3 part 30 variant 9 rev 4
[    0.029944] clocksource: jiffies: mask: 0xffffffff max_cycles: 0xffffffff, max_idle_ns: 9556302231375000 ns
[    0.033203] pinctrl core: initialized pinctrl subsystem
[    0.034684] NET: Registered protocol family 16
[    0.037406] DMA: preallocated 256 KiB pool for atomic coherent allocations
[    0.049925] cpuidle: using governor menu
[    0.058895] No ATAGs?
[    0.058920] hw-breakpoint: found 5 (+1 reserved) breakpoint and 1 watchpoint registers.
[    0.058926] hw-breakpoint: maximum watchpoint size is 4 bytes.
[    0.062123] Serial: AMBA PL011 UART driver
[    0.063468] tegra-mc 7000f000.memory-controller: no memory timings for RAM code 3 registered
[    0.082861] vdd_5v_sata: Failed to request enable GPIO30: -517
[    0.082875] reg-fixed-voltage regulators:regulator@3: Failed to register regulator: -517
[    0.082920] usb1_vbus: Failed to request enable GPIO238: -517
[    0.082928] reg-fixed-voltage regulators:regulator@4: Failed to register regulator: -517
[    0.082970] usb3_vbus: Failed to request enable GPIO236: -517
[    0.082978] reg-fixed-voltage regulators:regulator@5: Failed to register regulator: -517
[    0.083066] sys_3v3_pexs: Failed to request enable GPIO95: -517
[    0.083073] reg-fixed-voltage regulators:regulator@7: Failed to register regulator: -517
[    0.085125] vgaarb: loaded
[    0.085613] SCSI subsystem initialized
[    0.085727] libata version 3.00 loaded.
[    0.085891] usbcore: registered new interface driver usbfs
[    0.085934] usbcore: registered new interface driver hub
[    0.085975] usbcore: registered new device driver usb
[    0.092704] vrtc: supplied by vdd_5v_in
[    0.096019] vio: supplied by vdd_5v_in
[    0.101824] vdd1: supplied by vdd_5v_in
[    0.103185] vddio_ddr_1v2: Bringing 600000uV into 1200000-1200000uV
[    0.106827] vdd2: supplied by vdd_5v_in
[    0.116819] ldo1: supplied by vdd_1v5_gen
[    0.119206] ldo2: supplied by vdd_1v5_gen
[    0.119693] vdd_sata,avdd_plle: Bringing 1200000uV into 1050000-1050000uV
[    0.121939] ldo3: supplied by vdd_5v_in
[    0.124309] ldo4: supplied by vdd_5v_in
[    0.126840] ldo5: supplied by vdd_5v_in
[    0.131829] ldo6: supplied by vdd_1v8_gen
[    0.132301] avdd_dsi_csi,pwrdet_mipi: Bringing 1000000uV into 1200000-1200000uV
[    0.134538] ldo7: supplied by vdd_1v8_gen
[    0.141843] ldo8: supplied by vdd_1v8_gen
[    0.146872] pps_core: LinuxPPS API ver. 1 registered
[    0.146878] pps_core: Software ver. 5.3.6 - Copyright 2005-2007 Rodolfo Giometti <giometti@linux.it>
[    0.146892] PTP clock support registered
[    0.147031] EDAC MC: Ver: 3.0.0
[    0.148556] clocksource: Switched to clocksource timer_us
[    0.154427] NET: Registered protocol family 2
[    0.154837] TCP established hash table entries: 8192 (order: 3, 32768 bytes)
[    0.154890] TCP bind hash table entries: 8192 (order: 4, 65536 bytes)
[    0.154974] TCP: Hash tables configured (established 8192 bind 8192)
[    0.155050] UDP hash table entries: 512 (order: 2, 16384 bytes)
[    0.155107] UDP-Lite hash table entries: 512 (order: 2, 16384 bytes)
[    0.155271] NET: Registered protocol family 1
[    0.155547] RPC: Registered named UNIX socket transport module.
[    0.155555] RPC: Registered udp transport module.
[    0.155559] RPC: Registered tcp transport module.
[    0.155563] RPC: Registered tcp NFSv4.1 backchannel transport module.
[    0.155573] PCI: CLS 0 bytes, default 64
[    0.156356] hw perfevents: enabled with armv7_cortex_a9 PMU driver, 7 counters available
[    0.157261] futex hash table entries: 1024 (order: 4, 65536 bytes)
[    0.157820] workingset: timestamp_bits=28 max_order=19 bucket_order=0
[    0.163345] squashfs: version 4.0 (2009/01/31) Phillip Lougher
[    0.163853] NFS: Registering the id_resolver key type
[    0.163895] Key type id_resolver registered
[    0.163900] Key type id_legacy registered
[    0.163933] ntfs: driver 2.1.32 [Flags: R/O].
[    0.164776] bounce: pool size: 64 pages
[    0.164902] Block layer SCSI generic (bsg) driver version 0.4 loaded (major 248)
[    0.164910] io scheduler noop registered
[    0.164915] io scheduler deadline registered
[    0.164934] io scheduler cfq registered (default)
[    0.177470] tegra-pcie 3000.pcie-controller: 2x3 configuration
[    0.177628] tegra-pcie 3000.pcie-controller: Failed to get supply 'hvdd-pex': -517
[    0.181493] tegra-apbdma 6000a000.dma: Tegra20 APB DMA driver register 32 channels
[    0.182629] tegra-pmc 7000e400.pmc: i2c-thermtrip node not found, emergency thermal reset disabled.
[    0.214999] Serial: 8250/16550 driver, 4 ports, IRQ sharing disabled
[    0.217065] console [ttyS0] disabled
[    0.217105] 70006000.serial: ttyS0 at MMIO 0x70006000 (irq = 331, base_baud = 25500000) is a Tegra
[    1.074955] console [ttyS0] enabled
[    1.078957] SuperH (H)SCI(F) driver initialized
[    1.084099] msm_serial: driver initialized
[    1.088294] STMicroelectronics ASC driver initialized
[    1.095586] [drm] Initialized drm 1.1.0 20060810
[    1.102182] tegra-hdmi 54280000.hdmi: failed to get HDMI regulator
[    1.116343] brd: module loaded
[    1.123322] loop: module loaded
[    1.131594] m25p80 spi32766.1: w25q32 (4096 Kbytes)
[    1.138489] libphy: Fixed MDIO Bus: probed
[    1.142994] CAN device driver interface
[    1.147960] igb: Intel(R) Gigabit Ethernet Network Driver - version 5.3.0-k
[    1.154915] igb: Copyright (c) 2007-2014 Intel Corporation.
[    1.162288] pegasus: v0.9.3 (2013/04/25), Pegasus/Pegasus II USB Ethernet driver
[    1.169731] usbcore: registered new interface driver pegasus
[    1.175417] usbcore: registered new interface driver asix
[    1.180835] usbcore: registered new interface driver ax88179_178a
[    1.186943] usbcore: registered new interface driver cdc_ether
[    1.192809] usbcore: registered new interface driver smsc75xx
[    1.198593] usbcore: registered new interface driver smsc95xx
[    1.204356] usbcore: registered new interface driver net1080
[    1.210031] usbcore: registered new interface driver cdc_subset
[    1.215965] usbcore: registered new interface driver zaurus
[    1.221583] usbcore: registered new interface driver cdc_ncm
[    1.228742] ehci_hcd: USB 2.0 'Enhanced' Host Controller (EHCI) Driver
[    1.235265] ehci-pci: EHCI PCI platform driver
[    1.239727] ehci-platform: EHCI generic platform driver
[    1.245071] ehci-omap: OMAP-EHCI Host Controller driver
[    1.250367] ehci-orion: EHCI orion driver
[    1.254447] SPEAr-ehci: EHCI SPEAr driver
[    1.258519] ehci-st: EHCI STMicroelectronics driver
[    1.263470] ehci-exynos: EHCI EXYNOS driver
[    1.267740] ehci-atmel: EHCI Atmel driver
[    1.271823] tegra-ehci: Tegra EHCI driver
[    1.276010] ------------[ cut here ]------------
[    1.280655] WARNING: CPU: 2 PID: 1 at drivers/reset/core.c:187 __of_reset_control_get+0x1bc/0x228
[    1.289512] Modules linked in:
[    1.292565] CPU: 2 PID: 1 Comm: swapper/0 Not tainted 4.6.0-rc6-next-20160503-91919-g5158ed1 #1
[    1.301240] Hardware name: NVIDIA Tegra SoC (Flattened Device Tree)
[    1.307532] [<c030f9a0>] (unwind_backtrace) from [<c030b088>] (show_stack+0x10/0x14)
[    1.315264] [<c030b088>] (show_stack) from [<c05857a8>] (dump_stack+0x84/0xa4)
[    1.322483] [<c05857a8>] (dump_stack) from [<c0341b64>] (__warn+0xd4/0x100)
[    1.329430] [<c0341b64>] (__warn) from [<c0341bb0>] (warn_slowpath_null+0x20/0x28)
[    1.336984] [<c0341bb0>] (warn_slowpath_null) from [<c069cbf0>] (__of_reset_control_get+0x1bc/0x228)
[    1.346104] [<c069cbf0>] (__of_reset_control_get) from [<c090e9c0>] (tegra_ehci_probe+0x2d0/0x51c)
[    1.355055] [<c090e9c0>] (tegra_ehci_probe) from [<c07768e4>] (platform_drv_probe+0x50/0xb0)
[    1.363477] [<c07768e4>] (platform_drv_probe) from [<c0775248>] (driver_probe_device+0x1fc/0x2b8)
[    1.372330] [<c0775248>] (driver_probe_device) from [<c07753b0>] (__driver_attach+0xac/0xb0)
[    1.380748] [<c07753b0>] (__driver_attach) from [<c0773854>] (bus_for_each_dev+0x54/0x88)
[    1.388907] [<c0773854>] (bus_for_each_dev) from [<c0774834>] (bus_add_driver+0xe8/0x1f4)
[    1.397066] [<c0774834>] (bus_add_driver) from [<c0775bcc>] (driver_register+0x78/0xf4)
[    1.405052] [<c0775bcc>] (driver_register) from [<c0301e5c>] (do_one_initcall+0x3c/0x16c)
[    1.413219] [<c0301e5c>] (do_one_initcall) from [<c1100d80>] (kernel_init_freeable+0x120/0x1ec)
[    1.421908] [<c1100d80>] (kernel_init_freeable) from [<c0b56b98>] (kernel_init+0x8/0x118)
[    1.430069] [<c0b56b98>] (kernel_init) from [<c0307f78>] (ret_from_fork+0x14/0x3c)
[    1.437644] ---[ end trace c15a76b24a716478 ]---
[    1.442259] tegra-ehci 7d004000.usb: can't get utmi-pads reset from the PHY
[    1.449210] tegra-ehci 7d004000.usb: continuing, but please update your DT
[    1.456242] ohci_hcd: USB 1.1 'Open' Host Controller (OHCI) Driver
[    1.462429] ohci-pci: OHCI PCI platform driver
[    1.466900] ohci-platform: OHCI generic platform driver
[    1.472240] ohci-omap3: OHCI OMAP3 driver
[    1.476326] SPEAr-ohci: OHCI SPEAr driver
[    1.480410] ohci-st: OHCI STMicroelectronics driver
[    1.485360] ohci-atmel: OHCI Atmel driver
[    1.489802] usbcore: registered new interface driver usb-storage
[    1.496802] mousedev: PS/2 mouse device common for all mice
[    1.504376] tegra_rtc 7000e000.rtc: rtc core: registered 7000e000.rtc as rtc1
[    1.511539] tegra_rtc 7000e000.rtc: Tegra internal Real Time Clock
[    1.530217] tps65910-rtc tps65910-rtc: rtc core: registered tps65910-rtc as rtc0
[    1.537798] i2c /dev entries driver
[    1.548637] sdhci: Secure Digital Host Controller Interface driver
[    1.554811] sdhci: Copyright(c) Pierre Ossman
[    1.560077] Synopsys Designware Multimedia Card Interface Driver
[    1.566710] sdhci-pltfm: SDHCI platform and OF driver helper
[    1.572905] sdhci-tegra 78000000.sdhci: Got CD GPIO
[    1.577792] sdhci-tegra 78000000.sdhci: Got WP GPIO
[    1.583824] mmc0: Invalid maximum block size, assuming 512 bytes
[    1.623639] mmc0: SDHCI controller on 78000000.sdhci [78000000.sdhci] using ADMA
[    1.634274] mmc1: Invalid maximum block size, assuming 512 bytes
[    1.673564] mmc1: SDHCI controller on 78000600.sdhci [78000600.sdhci] using ADMA
[    1.682081] ledtrig-cpu: registered to indicate activity on CPUs
[    1.688374] usbcore: registered new interface driver usbhid
[    1.693943] usbhid: USB HID core driver
[    1.701041] NET: Registered protocol family 10
[    1.706033] sit: IPv6 over IPv4 tunneling driver
[    1.711085] NET: Registered protocol family 17
[    1.715538] can: controller area network core (rev 20120528 abi 9)
[    1.721750] NET: Registered protocol family 29
[    1.726191] can: raw protocol (rev 20120528)
[    1.730456] can: broadcast manager protocol (rev 20120528 t)
[    1.736109] can: netlink gateway (rev 20130117) max_hops=1
[    1.741864] Key type dns_resolver registered
[    1.746563] ThumbEE CPU extension supported.
[    1.750840] Registering SWP/SWPB emulation handler
[    1.765154] vdd_ddr: supplied by vdd_5v_in
[    1.771948] vdd_5v_sata: supplied by vdd_5v_in
[    1.778760] usb1_vbus: supplied by vdd_5v_in
[    1.785379] usb3_vbus: supplied by vdd_5v_in
[    1.792739] sys_3v3,vdd_3v3_alw: supplied by vdd_5v_in
[    1.800498] +VDD_5V_HDMI: supplied by sys_3v3,vdd_3v3_alw
[    1.808132] sys_3v3_pexs: supplied by sys_3v3,vdd_3v3_alw
[    1.816251] tegra-pcie 3000.pcie-controller: 2x3 configuration
[    1.826908] tegra-pcie 3000.pcie-controller: probing port 0, using 2 lanes
[    1.889045] mmc1: new high speed MMC card at address 0001
[    1.892094] tegra-pcie 3000.pcie-controller: probing port 2, using 2 lanes
[    1.903236] mmcblk1: mmc1:0001 SEM16G 14.8 GiB 
[    1.909848] mmcblk1boot0: mmc1:0001 SEM16G partition 1 1.00 MiB
[    1.917440] mmcblk1boot1: mmc1:0001 SEM16G partition 2 1.00 MiB
[    1.925457] mmcblk1rpmb: mmc1:0001 SEM16G partition 3 128 KiB
[    1.938465] Primary GPT is invalid, using alternate GPT.
[    1.943791]  mmcblk1: p1 p2 p3 p4 p5
[    2.295050] tegra-pcie 3000.pcie-controller: link 2 down, retrying
[    2.705110] tegra-pcie 3000.pcie-controller: link 2 down, retrying
[    3.115186] tegra-pcie 3000.pcie-controller: link 2 down, retrying
[    3.123375] tegra-pcie 3000.pcie-controller: link 2 down, ignoring
[    3.129693] tegra-pcie 3000.pcie-controller: PCI host bridge to bus 0000:00
[    3.136656] pci_bus 0000:00: root bus resource [io  0x0000-0xffff]
[    3.142830] pci_bus 0000:00: root bus resource [mem 0x20000000-0x27ffffff]
[    3.149696] pci_bus 0000:00: root bus resource [mem 0x28000000-0x3fffffff pref]
[    3.156994] pci_bus 0000:00: root bus resource [bus 00-ff]
[    3.162495] pci 0000:00:01.0: [10de:0e1c] type 01 class 0x060400
[    3.168562] pci 0000:00:01.0: PME# supported from D0 D1 D2 D3hot D3cold
[    3.175322] PCI: bus0: Fast back to back transfers disabled
[    3.180893] pci 0000:00:01.0: bridge configuration invalid ([bus 00-00]), reconfiguring
[    3.188984] pci 0000:01:00.0: [10ec:8168] type 00 class 0x020000
[    3.195000] pci 0000:01:00.0: reg 0x10: [io  0x0000-0x00ff]
[    3.200579] pci 0000:01:00.0: reg 0x18: [mem 0x00000000-0x00000fff 64bit pref]
[    3.207799] pci 0000:01:00.0: reg 0x20: [mem 0x00000000-0x00003fff 64bit pref]
[    3.215080] pci 0000:01:00.0: supports D1 D2
[    3.219346] pci 0000:01:00.0: PME# supported from D0 D1 D2 D3hot D3cold
[    3.233583] PCI: bus1: Fast back to back transfers disabled
[    3.239155] pci_bus 0000:01: busn_res: [bus 01-ff] end is updated to 01
[    3.245822] pci 0000:00:01.0: BAR 9: assigned [mem 0x28000000-0x280fffff 64bit pref]
[    3.253558] pci 0000:00:01.0: BAR 7: assigned [io  0x1000-0x1fff]
[    3.259647] pci 0000:01:00.0: BAR 4: assigned [mem 0x28000000-0x28003fff 64bit pref]
[    3.267389] pci 0000:01:00.0: BAR 2: assigned [mem 0x28004000-0x28004fff 64bit pref]
[    3.275129] pci 0000:01:00.0: BAR 0: assigned [io  0x1000-0x10ff]
[    3.281216] pci 0000:00:01.0: PCI bridge to [bus 01]
[    3.286175] pci 0000:00:01.0:   bridge window [io  0x1000-0x1fff]
[    3.292260] pci 0000:00:01.0:   bridge window [mem 0x28000000-0x280fffff 64bit pref]
[    3.300005] pci 0000:00:01.0: nv_msi_ht_cap_quirk didn't locate host bridge
[    3.307056] pcieport 0000:00:01.0: enabling device (0140 -> 0143)
[    3.313292] pcieport 0000:00:01.0: Signaling PME through PCIe PME interrupt
[    3.320250] pci 0000:01:00.0: Signaling PME through PCIe PME interrupt
[    3.326770] pcie_pme 0000:00:01.0:pcie01: service driver pcie_pme loaded
[    3.333644] r8169 Gigabit Ethernet driver 2.3LK-NAPI loaded
[    3.339232] r8169 0000:01:00.0: enabling device (0140 -> 0143)
[    3.346376] r8169 0000:01:00.0 eth0: RTL8168evl/8111evl at 0xf09f2000, 02:04:4b:01:60:a6, XID 0c900800 IRQ 375
[    3.356377] r8169 0000:01:00.0 eth0: jumbo features [frames: 9200 bytes, tx checksumming: ko]
[    3.368511] [drm] Supports vblank timestamp caching Rev 2 (21.10.2013).
[    3.375134] [drm] No driver support for vblank timestamp query.
[    3.381073] drm drm: No connectors reported connected with modes
[    3.387077] [drm] Cannot find any crtc or sizes - going 1024x768
[    3.413428] Console: switching to colour frame buffer device 128x48
[    3.426382] drm drm: fb0:  frame buffer device
[    3.443564] [drm] Initialized tegra 0.0.0 20120330 on minor 0
[    3.454607] utmi_phy_clk_enable: timeout waiting for phy to stabilize
[    3.461075] tegra-ehci 7d004000.usb: EHCI Host Controller
[    3.466486] tegra-ehci 7d004000.usb: new USB bus registered, assigned bus number 1
[    3.474321] tegra-ehci 7d004000.usb: irq 343, io mem 0x7d004000
[    3.488576] tegra-ehci 7d004000.usb: USB 2.0 started, EHCI 1.00
[    3.495446] hub 1-0:1.0: USB hub found
[    3.499225] hub 1-0:1.0: 1 port detected
[    3.504284] tegra-ehci 7d008000.usb: EHCI Host Controller
[    3.509696] tegra-ehci 7d008000.usb: new USB bus registered, assigned bus number 2
[    3.517434] tegra-ehci 7d008000.usb: irq 344, io mem 0x7d008000
[    3.528584] tegra-ehci 7d008000.usb: USB 2.0 started, EHCI 1.00
[    3.535362] hub 2-0:1.0: USB hub found
[    3.539132] hub 2-0:1.0: 1 port detected
[    3.548292] tps65910-rtc tps65910-rtc: setting system clock to 2000-01-01 00:00:02 UTC (946684802)
[    3.561904] vdd_sata,avdd_plle: disabling
[    3.566714] usb1_vbus: disabling
[    3.571917] EXT4-fs (mmcblk1p1): mounting ext3 file system using the ext4 subsystem
[    3.586180] EXT4-fs (mmcblk1p1): warning: mounting fs with errors, running e2fsck is recommended
[    3.597234] EXT4-fs (mmcblk1p1): recovery complete
[    3.602036] EXT4-fs (mmcblk1p1): mounted filesystem with ordered data mode. Opts: (null)
[    3.610145] VFS: Mounted root (ext3 filesystem) on device 179:1.
[    3.627190] devtmpfs: mounted
[    3.632806] Freeing unused kernel memory: 2048K (c1100000 - c1300000)
bash: cannot set terminal process group (-1): Inappropriate ioctl for device
bash: no job control in this shell
root@(none):/# [    3.848585] usb 2-1: new high-speed USB device number 2 using tegra-ehci
mount -t sysfs none /sys
root@(none):/# 
root@(none):/# [    4.787200] asix 2-1:1.0 eth1: register 'asix' at usb-7d008000.usb-1, ASIX AX88772 USB 2.0 Ethernet, 00:50:b6:0f:67:60
mount -t debugfs none /sys/kernel/debug
root@(none):/# 
root@(none):/# rtcwake -d rtc1 -m mem -s 3
rtcwake: wakeup from "mem" using /dev/rtc1 at Thu Jan  1 00:00:21 1970
[    6.520744] PM: Syncing filesystems ... done.
[    6.534696] Freezing user space processes ... (elapsed 0.001 seconds) done.
[    6.542813] Freezing remaining freezable tasks ... (elapsed 0.001 seconds) done.
[    6.551445] Suspending console(s) (use no_console_suspend to debug)
[    6.592947] PM: suspend of devices complete after 34.208 msecs
[    6.595973] PM: late suspend of devices complete after 3.018 msecs
[    6.609042] PM: noirq suspend of devices complete after 13.062 msecs
[    6.609046] Disabling non-boot CPUs ...
[    6.609715] CPU1: shutdown
[    6.624781] IRQ17 no longer affine to CPU2
[    6.624993] CPU2: shutdown
[    6.639687] CPU3: shutdown
[    6.654046] Entering suspend state LP1
[    6.654058] Enabling non-boot CPUs ...
[    6.679581] CPU1 is up
[    6.704686] CPU2 is up
[    6.729837] CPU3 is up
[    6.730453] pcieport 0000:00:01.0: nv_msi_ht_cap_quirk didn't locate host bridge
[    6.743618] PM: noirq resume of devices complete after 13.773 msecs
[    6.744599] PM: early resume of devices complete after 0.612 msecs
[    6.810824] PM: resume of devices complete after 66.215 msecs
[    6.886001] Restarting tasks ... done.
root@(none):/# 
root@(none):/# rtcwake -d rtc1 -m mem -s 3
rtcwake: wakeup from "mem" using /dev/rtc1 at Thu Jan  1 00:00:25 1970
[    7.346364] PM: Syncing filesystems ... done.
[    7.359174] Freezing user space processes ... (elapsed 0.001 seconds) done.
[    7.367286] Freezing remaining freezable tasks ... (elapsed 0.001 seconds) done.
[    7.375910] Suspending console(s) (use no_console_suspend to debug)
[    7.417883] PM: suspend of devices complete after 34.787 msecs
[    7.418545] PM: late suspend of devices complete after 0.655 msecs
[    7.434004] PM: noirq suspend of devices complete after 15.450 msecs
[    7.434007] Disabling non-boot CPUs ...
[    7.434362] IRQ17 no longer affine to CPU1
[    7.434661] CPU1: shutdown
[    7.449956] CPU2: shutdown
[    7.464552] CPU3: shutdown
[    7.479019] Entering suspend state LP1
[    7.479033] Enabling non-boot CPUs ...
[    7.504729] CPU1 is up
[    7.529826] CPU2 is up
[    7.554966] CPU3 is up
[    7.555712] pcieport 0000:00:01.0: nv_msi_ht_cap_quirk didn't locate host bridge
[    7.568608] PM: noirq resume of devices complete after 13.632 msecs
[    7.570753] PM: early resume of devices complete after 1.715 msecs
[    7.640881] PM: resume of devices complete after 70.115 msecs
[    7.716287] Restarting tasks ... done.
root@(none):/# 
root@(none):/# rtcwake -d rtc1 -m mem -s 3
rtcwake: wakeup from "mem" using /dev/rtc1 at Thu Jan  1 00:00:29 1970
[    8.174438] PM: Syncing filesystems ... done.
[    8.189213] Freezing user space processes ... (elapsed 0.001 seconds) done.
[    8.197363] Freezing remaining freezable tasks ... (elapsed 0.001 seconds) done.
[    8.206049] Suspending console(s) (use no_console_suspend to debug)
[    8.248597] PM: suspend of devices complete after 35.055 msecs
[    8.251474] PM: late suspend of devices complete after 2.868 msecs
[    8.264064] PM: noirq suspend of devices complete after 12.581 msecs
[    8.264069] Disabling non-boot CPUs ...
[    8.264909] CPU1: shutdown
[    8.290163] CPU2: shutdown
[    8.304398] IRQ17 no longer affine to CPU3
[    8.304623] CPU3: shutdown
[    8.319056] Entering suspend state LP1
[    8.319071] Enabling non-boot CPUs ...
[    8.344730] CPU1 is up
[    8.369813] CPU2 is up
[    8.394949] CPU3 is up
[    8.395679] pcieport 0000:00:01.0: nv_msi_ht_cap_quirk didn't locate host bridge
[    8.408574] PM: noirq resume of devices complete after 13.616 msecs
[    8.411263] PM: early resume of devices complete after 2.247 msecs
[    8.481444] PM: resume of devices complete after 70.167 msecs
[    8.556890] Restarting tasks ... done.
root@(none):/# 
root@(none):/# rtcwake -d rtc1 -m mem -s 3
rtcwake: wakeup from "mem" using /dev/rtc1 at Thu Jan  1 00:00:33 1970
[    9.015448] PM: Syncing filesystems ... done.
[    9.029197] Freezing user space processes ... (elapsed 0.001 seconds) done.
[    9.037349] Freezing remaining freezable tasks ... (elapsed 0.001 seconds) done.
[    9.046025] Suspending console(s) (use no_console_suspend to debug)
[    9.088527] PM: suspend of devices complete after 35.024 msecs
[    9.089351] PM: late suspend of devices complete after 0.814 msecs
[    9.104035] PM: noirq suspend of devices complete after 14.676 msecs
[    9.104038] Disabling non-boot CPUs ...
[    9.104483] IRQ17 no longer affine to CPU1
[    9.104864] CPU1: shutdown
[    9.130159] CPU2: shutdown
[    9.144637] CPU3: shutdown
[    9.159006] Entering suspend state LP1
[    9.159022] Enabling non-boot CPUs ...
[    9.184689] CPU1 is up
[    9.209783] CPU2 is up
[    9.234923] CPU3 is up
[    9.235657] pcieport 0000:00:01.0: nv_msi_ht_cap_quirk didn't locate host bridge
[    9.248559] PM: noirq resume of devices complete after 13.628 msecs
[    9.250262] PM: early resume of devices complete after 1.296 msecs
[    9.321837] PM: resume of devices complete after 71.562 msecs
[    9.397252] Restarting tasks ... done.
root@(none):/# 
root@(none):/# rtcwake -d rtc1 -m mem -s 3
rtcwake: wakeup from "mem" using /dev/rtc1 at Thu Jan  1 00:00:37 1970
[    9.856462] PM: Syncing filesystems ... done.
[    9.870215] Freezing user space processes ... (elapsed 0.001 seconds) done.
[    9.878369] Freezing remaining freezable tasks ... (elapsed 0.001 seconds) done.
[    9.887037] Suspending console(s) (use no_console_suspend to debug)
[    9.926982] PM: suspend of devices complete after 32.458 msecs
[    9.927797] PM: late suspend of devices complete after 0.805 msecs
[    9.939014] PM: noirq suspend of devices complete after 11.208 msecs
[    9.939017] Disabling non-boot CPUs ...
[    9.939850] CPU1: shutdown
[    9.954837] IRQ17 no longer affine to CPU2
[    9.955100] CPU2: shutdown
[    9.969669] CPU3: shutdown
[    9.983995] Entering suspend state LP1
[    9.984011] Enabling non-boot CPUs ...
[   10.009645] CPU1 is up
[   10.034759] CPU2 is up
[   10.059863] CPU3 is up
[   10.060583] pcieport 0000:00:01.0: nv_msi_ht_cap_quirk didn't locate host bridge
[   10.073532] PM: noirq resume of devices complete after 13.658 msecs
[   10.075665] PM: early resume of devices complete after 1.712 msecs
[   10.145878] PM: resume of devices complete after 70.201 msecs
[   10.221302] Restarting tasks ... done.
root@(none):/# 
root@(none):/# rtcwake -d rtc1 -m mem -s 3
rtcwake: wakeup from "mem" using /dev/rtc1 at Thu Jan  1 00:00:41 1970
[   10.681388] PM: Syncing filesystems ... done.
[   10.696134] Freezing user space processes ... (elapsed 0.001 seconds) done.
[   10.704295] Freezing remaining freezable tasks ... (elapsed 0.001 seconds) done.
[   10.712958] Suspending console(s) (use no_console_suspend to debug)
[   10.754016] PM: suspend of devices complete after 33.570 msecs
[   10.754825] PM: late suspend of devices complete after 0.799 msecs
[   10.768977] PM: noirq suspend of devices complete after 14.143 msecs
[   10.768983] Disabling non-boot CPUs ...
[   10.769415] IRQ17 no longer affine to CPU1
[   10.769808] CPU1: shutdown
[   10.800062] CPU2: shutdown
[   10.814616] CPU3: shutdown
[   10.828964] Entering suspend state LP1
[   10.828979] Enabling non-boot CPUs ...
[   10.854633] CPU1 is up
[   10.879754] CPU2 is up
[   10.904859] CPU3 is up
[   10.905589] pcieport 0000:00:01.0: nv_msi_ht_cap_quirk didn't locate host bridge
[   10.918504] PM: noirq resume of devices complete after 13.635 msecs
[   10.920692] PM: early resume of devices complete after 1.765 msecs
[   10.990815] PM: resume of devices complete after 70.110 msecs
[   11.066239] Restarting tasks ... done.
root@(none):/# 
root@(none):/# rtcwake -d rtc1 -m mem -s 3
rtcwake: wakeup from "mem" using /dev/rtc1 at Thu Jan  1 00:00:45 1970
[   11.526469] PM: Syncing filesystems ... done.
[   11.541220] Freezing user space processes ... (elapsed 0.001 seconds) done.
[   11.549378] Freezing remaining freezable tasks ... (elapsed 0.001 seconds) done.
[   11.558030] Suspending console(s) (use no_console_suspend to debug)
[   11.598972] PM: suspend of devices complete after 33.461 msecs
[   11.600369] PM: late suspend of devices complete after 1.388 msecs
[   11.613967] PM: noirq suspend of devices complete after 13.588 msecs
[   11.613973] Disabling non-boot CPUs ...
[   11.614420] IRQ17 no longer affine to CPU1
[   11.614806] CPU1: shutdown
[   11.640023] CPU2: shutdown
[   11.654572] CPU3: shutdown
[   11.668934] Entering suspend state LP1
[   11.668947] Enabling non-boot CPUs ...
[   11.694610] CPU1 is up
[   11.719708] CPU2 is up
[   11.744825] CPU3 is up
[   11.745551] pcieport 0000:00:01.0: nv_msi_ht_cap_quirk didn't locate host bridge
[   11.758490] PM: noirq resume of devices complete after 13.656 msecs
[   11.761162] PM: early resume of devices complete after 2.236 msecs
[   11.831814] PM: resume of devices complete after 70.640 msecs
[   11.907209] Restarting tasks ... done.
root@(none):/# 
root@(none):/# rtcwake -d rtc1 -m mem -s 3
rtcwake: wakeup from "mem" using /dev/rtc1 at Thu Jan  1 00:00:49 1970
[   12.380385] PM: Syncing filesystems ... done.
[   12.394137] Freezing user space processes ... (elapsed 0.001 seconds) done.
[   12.402283] Freezing remaining freezable tasks ... (elapsed 0.001 seconds) done.
[   12.410968] Suspending console(s) (use no_console_suspend to debug)
[   12.451884] PM: suspend of devices complete after 33.431 msecs
[   12.453698] PM: late suspend of devices complete after 1.805 msecs
[   12.468953] PM: noirq suspend of devices complete after 15.246 msecs
[   12.468958] Disabling non-boot CPUs ...
[   12.469409] IRQ17 no longer affine to CPU1
[   12.469799] CPU1: shutdown
[   12.485052] CPU2: shutdown
[   12.499535] CPU3: shutdown
[   12.513907] Entering suspend state LP1
[   12.513923] Enabling non-boot CPUs ...
[   12.539584] CPU1 is up
[   12.564672] CPU2 is up
[   12.589803] CPU3 is up
[   12.590533] pcieport 0000:00:01.0: nv_msi_ht_cap_quirk didn't locate host bridge
[   12.603456] PM: noirq resume of devices complete after 13.644 msecs
[   12.604429] PM: early resume of devices complete after 0.726 msecs
[   12.671002] PM: resume of devices complete after 66.560 msecs
[   12.746375] Restarting tasks ... done.
root@(none):/# 
root@(none):/# rtcwake -d rtc1 -m mem -s 3
rtcwake: wakeup from "mem" using /dev/rtc1 at Thu Jan  1 00:00:53 1970
[   13.208789] PM: Syncing filesystems ... done.
[   13.222023] Freezing user space processes ... (elapsed 0.001 seconds) done.
[   13.230184] Freezing remaining freezable tasks ... (elapsed 0.001 seconds) done.
[   13.238850] Suspending console(s) (use no_console_suspend to debug)
[   13.277381] PM: suspend of devices complete after 31.069 msecs
[   13.278221] PM: late suspend of devices complete after 0.831 msecs
[   13.293928] PM: noirq suspend of devices complete after 15.697 msecs
[   13.293934] Disabling non-boot CPUs ...
[   13.294754] CPU1: shutdown
[   13.320042] CPU2: shutdown
[   13.334273] IRQ17 no longer affine to CPU3
[   13.334496] CPU3: shutdown
[   13.348897] Entering suspend state LP1
[   13.348913] Enabling non-boot CPUs ...
[   13.374549] CPU1 is up
[   13.399660] CPU2 is up
[   13.424772] CPU3 is up
[   13.425518] pcieport 0000:00:01.0: nv_msi_ht_cap_quirk didn't locate host bridge
[   13.438428] PM: noirq resume of devices complete after 13.647 msecs
[   13.440142] PM: early resume of devices complete after 1.280 msecs
[   13.510794] PM: resume of devices complete after 70.641 msecs
[   13.586234] Restarting tasks ... done.
root@(none):/# 
root@(none):/# rtcwake -d rtc1 -m mem -s 3
rtcwake: wakeup from "mem" using /dev/rtc1 at Thu Jan  1 00:00:57 1970
[   14.043239] PM: Syncing filesystems ... done.
[   14.057993] Freezing user space processes ... (elapsed 0.001 seconds) done.
[   14.066143] Freezing remaining freezable tasks ... (elapsed 0.001 seconds) done.
[   14.074822] Suspending console(s) (use no_console_suspend to debug)
[   14.117387] PM: suspend of devices complete after 35.090 msecs
[   14.120320] PM: late suspend of devices complete after 2.922 msecs
[   14.133864] PM: noirq suspend of devices complete after 13.536 msecs
[   14.133869] Disabling non-boot CPUs ...
[   14.134723] CPU1: shutdown
[   14.159998] CPU2: shutdown
[   14.174237] IRQ17 no longer affine to CPU3
[   14.174437] CPU3: shutdown
[   14.188881] Entering suspend state LP1
[   14.188897] Enabling non-boot CPUs ...
[   14.214531] CPU1 is up
[   14.239659] CPU2 is up
[   14.264797] CPU3 is up
[   14.265532] pcieport 0000:00:01.0: nv_msi_ht_cap_quirk didn't locate host bridge
[   14.278410] PM: noirq resume of devices complete after 13.601 msecs
[   14.280102] PM: early resume of devices complete after 1.262 msecs
[   14.350683] PM: resume of devices complete after 70.567 msecs
[   14.426101] Restarting tasks ... done.
root@(none):/# 
root@(none):/# NVTB SYSTEM SUSPEND TEST COMPLETE
