
U-Boot SPL 2016.05-rc2 (Apr 21 2016 - 16:23:00)
Trying to boot from RAM


U-Boot 2016.05-rc2 (Apr 21 2016 - 16:23:00 -0700)

TEGRA124
Model: NVIDIA Jetson TK1
Board: NVIDIA Jetson TK1
DRAM:  2 GiB
MC:   Tegra SD/MMC: 0, Tegra SD/MMC: 1
In:    serial
Out:   serial
Err:   serial
Net:   No ethernet found.
Hit any key to stop autoboot:  2  0 
Tegra124 (Jetson TK1) # 
Tegra124 (Jetson TK1) # pci enum
Tegra124 (Jetson TK1) # setenv bootargs 'ignore_loglevel console=ttyS0,115200n8 rw root=PARTUUID=b1791faa-84e8-4e27-83a1-9fb0a77e8803 rootwait gpt debug noinitrd earlyprintk init=/bin/bash'
Tegra124 (Jetson TK1) # setenv ipaddr 192.168.100.102; setenv serverip 192.168.100.1; setenv tftpserverip 192.168.100.1
Tegra124 (Jetson TK1) # tftpboot 0x82000000 zImage.multi_v7_defconfig

Warning: eth_rtl8169 using MAC address from ROM
Using eth_rtl8169 device
TFTP from server 192.168.100.1; our IP address is 192.168.100.102
Filename 'zImage.multi_v7_defconfig'.
Load address: 0x82000000
Loading: *#################################################################
	 #################################################################
	 #################################################################
	 #################################################################
	 #################################################################
	 #################################################################
	 #################################################################
	 ############################
	 4 MiB/s
done
Bytes transferred = 7083880 (6c1768 hex)
Tegra124 (Jetson TK1) # tftpboot 0x83000000 tegra124-jetson-tk1.dtb
Using eth_rtl8169 device
TFTP from server 192.168.100.1; our IP address is 192.168.100.102
Filename 'tegra124-jetson-tk1.dtb'.
Load address: 0x83000000
Loading: *#####
	 3.7 MiB/s
done
Bytes transferred = 66405 (10365 hex)
Tegra124 (Jetson TK1) # bootz 0x82000000 - 0x83000000
Kernel image @ 0x82000000 [ 0x000000 - 0x6c1768 ]
## Flattened Device Tree blob at 83000000
   Booting using the fdt blob at 0x83000000
   Using Device Tree in place at 83000000, end 83013364

Starting kernel ...

[    0.000000] Booting Linux on physical CPU 0x0
[    0.000000] Linux version 4.7.0-rc7-next-20160719-108201-gd55b472 (pwalmsley@sellafield) (gcc version 4.7.3 20130328 (prerelease) (crosstool-NG linaro-1.13.1-4.7-2013.04-20130415 - Linaro GCC 2013.04) ) #1 SMP Mon Jul 18 23:50:08 PDT 2016
[    0.000000] CPU: ARMv7 Processor [413fc0f3] revision 3 (ARMv7), cr=10c5387d
[    0.000000] CPU: div instructions available: patching division code
[    0.000000] CPU: PIPT / VIPT nonaliasing data cache, PIPT instruction cache
[    0.000000] OF: fdt:Machine model: NVIDIA Tegra124 Jetson TK1
[    0.000000] debug: ignoring loglevel setting.
[    0.000000] cma: Reserved 64 MiB at 0xfb800000
[    0.000000] Memory policy: Data cache writealloc
[    0.000000] On node 0 totalpages: 524032
[    0.000000] free_area_init_node: node 0, pgdat c141cec0, node_mem_map eeffa000
[    0.000000]   DMA zone: 1536 pages used for memmap
[    0.000000]   DMA zone: 0 pages reserved
[    0.000000]   DMA zone: 196608 pages, LIFO batch:31
[    0.000000]   HighMem zone: 327424 pages, LIFO batch:31
[    0.000000] percpu: Embedded 14 pages/cpu @eef87000 s26624 r8192 d22528 u57344
[    0.000000] pcpu-alloc: s26624 r8192 d22528 u57344 alloc=14*4096
[    0.000000] pcpu-alloc: [0] 0 [0] 1 [0] 2 [0] 3 
[    0.000000] Built 1 zonelists in Zone order, mobility grouping on.  Total pages: 522496
[    0.000000] Kernel command line: ignore_loglevel console=ttyS0,115200n8 rw root=PARTUUID=b1791faa-84e8-4e27-83a1-9fb0a77e8803 rootwait gpt debug noinitrd earlyprintk init=/bin/bash
[    0.000000] PID hash table entries: 4096 (order: 2, 16384 bytes)
[    0.000000] Dentry cache hash table entries: 131072 (order: 7, 524288 bytes)
[    0.000000] Inode-cache hash table entries: 65536 (order: 6, 262144 bytes)
[    0.000000] Memory: 1994984K/2096128K available (9216K kernel code, 1147K rwdata, 3976K rodata, 2048K init, 343K bss, 35608K reserved, 65536K cma-reserved, 1244160K highmem)
[    0.000000] Virtual kernel memory layout:
[    0.000000]     vector  : 0xffff0000 - 0xffff1000   (   4 kB)
[    0.000000]     fixmap  : 0xffc00000 - 0xfff00000   (3072 kB)
[    0.000000]     vmalloc : 0xf0800000 - 0xff800000   ( 240 MB)
[    0.000000]     lowmem  : 0xc0000000 - 0xf0000000   ( 768 MB)
[    0.000000]     pkmap   : 0xbfe00000 - 0xc0000000   (   2 MB)
[    0.000000]     modules : 0xbf000000 - 0xbfe00000   (  14 MB)
[    0.000000]       .text : 0xc0208000 - 0xc0c00000   (10208 kB)
[    0.000000]       .init : 0xc1100000 - 0xc1300000   (2048 kB)
[    0.000000]       .data : 0xc1300000 - 0xc141ed40   (1148 kB)
[    0.000000]        .bss : 0xc1420000 - 0xc1475c48   ( 344 kB)
[    0.000000] SLUB: HWalign=64, Order=0-3, MinObjects=0, CPUs=4, Nodes=1
[    0.000000] Hierarchical RCU implementation.
[    0.000000] 	Build-time adjustment of leaf fanout to 32.
[    0.000000] 	RCU restricting CPUs from NR_CPUS=16 to nr_cpu_ids=4.
[    0.000000] RCU: Adjusting geometry for rcu_fanout_leaf=32, nr_cpu_ids=4
[    0.000000] NR_IRQS:16 nr_irqs:16 16
[    0.000000] /interrupt-controller@60004000: 160 interrupts forwarded to /interrupt-controller@50041000
[    0.000000] Tegra clk 127: register failed with -17
[    0.000008] sched_clock: 32 bits at 1000kHz, resolution 1000ns, wraps every 2147483647500ns
[    0.000031] clocksource: timer_us: mask: 0xffffffff max_cycles: 0xffffffff, max_idle_ns: 1911260446275 ns
[    0.000046] Switching to timer-based delay loop, resolution 1000ns
[    0.005353] Architected cp15 timer(s) running at 12.00MHz (virt).
[    0.005371] clocksource: arch_sys_counter: mask: 0xffffffffffffff max_cycles: 0x2c47f4ee7, max_idle_ns: 440795202497 ns
[    0.005389] sched_clock: 56 bits at 12MHz, resolution 83ns, wraps every 4398046511096ns
[    0.005403] Switching to timer-based delay loop, resolution 83ns
[    0.005851] Console: colour dummy device 80x30
[    0.005879] Calibrating delay loop (skipped), value calculated using timer frequency.. 24.00 BogoMIPS (lpj=60000)
[    0.005893] pid_max: default: 32768 minimum: 301
[    0.005989] Mount-cache hash table entries: 2048 (order: 1, 8192 bytes)
[    0.006000] Mountpoint-cache hash table entries: 2048 (order: 1, 8192 bytes)
[    0.006613] CPU: Testing write buffer coherency: ok
[    0.006830] /cpus/cpu@0 missing clock-frequency property
[    0.006871] /cpus/cpu@1 missing clock-frequency property
[    0.006912] /cpus/cpu@2 missing clock-frequency property
[    0.006954] /cpus/cpu@3 missing clock-frequency property
[    0.006967] CPU0: thread -1, cpu 0, socket 0, mpidr 80000000
[    0.006988] Setting up static identity map for 0x80300000 - 0x80300098
[    0.010652] Tegra Revision: A01 SKU: 129 CPU Process: 1 SoC Process: 1
[    0.012101] CPU1: thread -1, cpu 1, socket 0, mpidr 80000001
[    0.015798] CPU2: thread -1, cpu 2, socket 0, mpidr 80000002
[    0.020791] CPU3: thread -1, cpu 3, socket 0, mpidr 80000003
[    0.025246] Brought up 4 CPUs
[    0.025267] SMP: Total of 4 processors activated (96.00 BogoMIPS).
[    0.025274] CPU: All CPU(s) started in SVC mode.
[    0.026734] devtmpfs: initialized
[    0.047440] VFP support v0.3: implementor 41 architecture 4 part 30 variant f rev 0
[    0.047877] clocksource: jiffies: mask: 0xffffffff max_cycles: 0xffffffff, max_idle_ns: 9556302231375000 ns
[    0.049229] pinctrl core: initialized pinctrl subsystem
[    0.051059] NET: Registered protocol family 16
[    0.052987] DMA: preallocated 256 KiB pool for atomic coherent allocations
[    0.065368] cpuidle: using governor menu
[    0.084106] No ATAGs?hw-breakpoint: found 5 (+1 reserved) breakpoint and 4 watchpoint registers.
[    0.084139] hw-breakpoint: maximum watchpoint size is 8 bytes.
[    0.090408] Serial: AMBA PL011 UART driver
[    0.125495] +5V_SYS: supplied by +VDD_MUX
[    0.125820] +3.3V_SYS: supplied by +VDD_MUX
[    0.126451] +USB0_VBUS_SW: Failed to request enable GPIO108: -517
[    0.126466] reg-fixed-voltage regulators:regulator@7: Failed to register regulator: -517
[    0.126554] +5V_USB_HS: Failed to request enable GPIO109: -517
[    0.126567] reg-fixed-voltage regulators:regulator@8: Failed to register regulator: -517
[    0.126732] +1.05V_RUN_AVDD_HDMI_PLL: Failed to request enable GPIO63: -517
[    0.126745] reg-fixed-voltage regulators:regulator@11: Failed to register regulator: -517
[    0.126830] +5V_HDMI_CON: Failed to request enable GPIO86: -517
[    0.126842] reg-fixed-voltage regulators:regulator@12: Failed to register regulator: -517
[    0.126927] +5V_SATA: Failed to request enable GPIO242: -517
[    0.126939] reg-fixed-voltage regulators:regulator@13: Failed to register regulator: -517
[    0.127023] +12V_SATA: Failed to request enable GPIO242: -517
[    0.127036] reg-fixed-voltage regulators:regulator@14: Failed to register regulator: -517
[    0.130320] vgaarb: loaded
[    0.131161] SCSI subsystem initialized
[    0.131326] libata version 3.00 loaded.
[    0.131607] usbcore: registered new interface driver usbfs
[    0.131674] usbcore: registered new interface driver hub
[    0.131737] usbcore: registered new device driver usb
[    0.135333] pps_core: LinuxPPS API ver. 1 registered
[    0.135343] pps_core: Software ver. 5.3.6 - Copyright 2005-2007 Rodolfo Giometti <giometti@linux.it>
[    0.135366] PTP clock support registered
[    0.135593] EDAC MC: Ver: 3.0.0
[    0.138790] clocksource: Switched to clocksource arch_sys_counter
[    0.150162] NET: Registered protocol family 2
[    0.150690] TCP established hash table entries: 8192 (order: 3, 32768 bytes)
[    0.150787] TCP bind hash table entries: 8192 (order: 4, 65536 bytes)
[    0.150974] TCP: Hash tables configured (established 8192 bind 8192)
[    0.151025] UDP hash table entries: 512 (order: 2, 16384 bytes)
[    0.151066] UDP-Lite hash table entries: 512 (order: 2, 16384 bytes)
[    0.151240] NET: Registered protocol family 1
[    0.151565] RPC: Registered named UNIX socket transport module.
[    0.151575] RPC: Registered udp transport module.
[    0.151583] RPC: Registered tcp transport module.
[    0.151590] RPC: Registered tcp NFSv4.1 backchannel transport module.
[    0.151601] PCI: CLS 0 bytes, default 64
[    0.152786] hw perfevents: enabled with armv7_cortex_a15 PMU driver, 7 counters available
[    0.154281] futex hash table entries: 1024 (order: 4, 65536 bytes)
[    0.155005] workingset: timestamp_bits=30 max_order=19 bucket_order=0
[    0.166404] squashfs: version 4.0 (2009/01/31) Phillip Lougher
[    0.167255] NFS: Registering the id_resolver key type
[    0.167284] Key type id_resolver registered
[    0.167293] Key type id_legacy registered
[    0.167337] ntfs: driver 2.1.32 [Flags: R/O].
[    0.168620] bounce: pool size: 64 pages
[    0.168860] Block layer SCSI generic (bsg) driver version 0.4 loaded (major 248)
[    0.168870] io scheduler noop registered
[    0.168878] io scheduler deadline registered
[    0.169075] io scheduler cfq registered (default)
[    0.174798] usb2-0 supply vbus not found, using dummy regulator
[    0.174925] usb2-1 supply vbus not found, using dummy regulator
[    0.175324] tegra-xusb-padctl 7009f000.padctl: failed to setup XUSB ports: -517
[    0.176026] libphy: mdio_driver_register: phy-bcm-ns2-pci
[    0.192074] tegra-pcie 1003000.pcie-controller: 2x1, 1x1 configuration
[    0.192128] tegra-pcie 1003000.pcie-controller: Failed to get supply 'avddio-pex': -517
[    0.199418] tegra-apbdma 60020000.dma: Tegra20 APB DMA driver register 32 channels
[    0.201215] tegra-pmc 7000e400.pmc: emergency thermal reset enabled
[    0.267738] Serial: 8250/16550 driver, 4 ports, IRQ sharing disabled
[    0.270695] console [ttyS0] disabled
[    0.270762] 70006300.serial: ttyS0 at MMIO 0x70006300 (irq = 335, base_baud = 25500000) is a Tegra
[    1.127297] console [ttyS0] enabled
[    1.131712] SuperH (H)SCI(F) driver initialized
[    1.137293] msm_serial: driver initialized
[    1.141603] STMicroelectronics ASC driver initialized
[    1.147530] 70006000.serial: ttyTHS1 at MMIO 0x70006000 (irq = 333, base_baud = 0) is a TEGRA_UART
[    1.156827] 70006040.serial: ttyTHS2 at MMIO 0x70006040 (irq = 334, base_baud = 0) is a TEGRA_UART
[    1.169244] [drm] Initialized drm 1.1.0 20060810
[    1.177119] tegra-hdmi 54280000.hdmi: failed to get HDMI regulator
[    1.196918] brd: module loaded
[    1.206144] loop: module loaded
[    1.209732] at24 0-0056: 256 byte 24c02 EEPROM, writable, 8 bytes/write
[    1.218068] as3722 4-0040: AS3722 with revision 0x1 found
[    1.229299] as3722-sd2: supplied by +5V_SYS
[    1.233962] as3722-sd3: supplied by +5V_SYS
[    1.238349] +1.35V_LP0(sd3): Bringing 0uV into 1350000-1350000uV
[    1.244736] as3722-sd4: supplied by +5V_SYS
[    1.249378] as3722-sd5: supplied by +5V_SYS
[    1.255432] as3722-ldo0: supplied by +1.35V_LP0(sd2)
[    1.261517] +1.8V_RUN_CAM: Bringing 0uV into 1800000-1800000uV
[    1.267771] as3722-ldo2: supplied by +1.8V_VDDIO
[    1.273684] as3722-ldo3: supplied by +3.3V_SYS
[    1.278187] +1.05V_LP0_VDD_RTC: Bringing 1100000uV into 1000000-1000000uV
[    1.286003] as3722-ldo4: supplied by +3.3V_SYS
[    1.290672] +2.8V_RUN_CAM: Bringing 0uV into 2800000-2800000uV
[    1.296917] as3722-ldo5: supplied by +1.8V_VDDIO
[    1.301752] +1.2V_RUN_CAM_FRONT: Bringing 0uV into 1200000-1200000uV
[    1.308722] +VDDIO_SDMMC3: bypassed regulator has no supply!
[    1.314390] +VDDIO_SDMMC3: failed to get the current voltage(-517)
[    1.320577] as3722-regulator as3722-regulator: regulator 13 register failed -517
[    1.333050] tegra-ahci 70027000.sata: couldn't get PHY in node sata: -517
[    1.354829] m25p80 spi32765.0: w25q32dw (4096 Kbytes)
[    1.363335] libphy: Fixed MDIO Bus: probed
[    1.368381] CAN device driver interface
[    1.374585] igb: Intel(R) Gigabit Ethernet Network Driver - version 5.3.0-k
[    1.381551] igb: Copyright (c) 2007-2014 Intel Corporation.
[    1.390637] pegasus: v0.9.3 (2013/04/25), Pegasus/Pegasus II USB Ethernet driver
[    1.398096] usbcore: registered new interface driver pegasus
[    1.403837] usbcore: registered new interface driver asix
[    1.409288] usbcore: registered new interface driver ax88179_178a
[    1.415435] usbcore: registered new interface driver cdc_ether
[    1.421334] usbcore: registered new interface driver smsc75xx
[    1.427154] usbcore: registered new interface driver smsc95xx
[    1.432947] usbcore: registered new interface driver net1080
[    1.438659] usbcore: registered new interface driver cdc_subset
[    1.444632] usbcore: registered new interface driver zaurus
[    1.450287] usbcore: registered new interface driver cdc_ncm
[    1.456178] tegra-phy 7d004000.usb-phy: no vbus regulator
[    1.463621] ehci_hcd: USB 2.0 'Enhanced' Host Controller (EHCI) Driver
[    1.470156] ehci-pci: EHCI PCI platform driver
[    1.474657] ehci-platform: EHCI generic platform driver
[    1.480110] ehci-orion: EHCI orion driver
[    1.484282] SPEAr-ehci: EHCI SPEAr driver
[    1.488439] ehci-st: EHCI STMicroelectronics driver
[    1.493476] ehci-exynos: EHCI EXYNOS driver
[    1.497847] ehci-atmel: EHCI Atmel driver
[    1.502017] tegra-ehci: Tegra EHCI driver
[    1.508870] tegra-ehci 7d004000.usb: EHCI Host Controller
[    1.514304] tegra-ehci 7d004000.usb: new USB bus registered, assigned bus number 1
[    1.522091] tegra-ehci 7d004000.usb: irq 354, io mem 0x7d004000
[    1.538816] tegra-ehci 7d004000.usb: USB 2.0 started, EHCI 1.10
[    1.545597] hub 1-0:1.0: USB hub found
[    1.549404] hub 1-0:1.0: 1 port detected
[    1.554010] ohci_hcd: USB 1.1 'Open' Host Controller (OHCI) Driver
[    1.560219] ohci-pci: OHCI PCI platform driver
[    1.564732] ohci-platform: OHCI generic platform driver
[    1.570154] ohci-omap3: OHCI OMAP3 driver
[    1.574330] SPEAr-ohci: OHCI SPEAr driver
[    1.578493] ohci-st: OHCI STMicroelectronics driver
[    1.583534] ohci-atmel: OHCI Atmel driver
[    1.588387] usbcore: registered new interface driver usb-storage
[    1.596131] mousedev: PS/2 mouse device common for all mice
[    1.605232] as3722-rtc as3722-rtc: rtc core: registered as3722-rtc as rtc0
[    1.612120] as3722-rtc as3722-rtc: RTC interrupt 377
[    1.620499] tegra_rtc 7000e000.rtc: rtc core: registered 7000e000.rtc as rtc1
[    1.627688] tegra_rtc 7000e000.rtc: Tegra internal Real Time Clock
[    1.634452] i2c /dev entries driver
[    1.645222] 0-004c supply vcc not found, using dummy regulator
[    1.660905] sdhci: Secure Digital Host Controller Interface driver
[    1.667094] sdhci: Copyright(c) Pierre Ossman
[    1.673129] Synopsys Designware Multimedia Card Interface Driver
[    1.680332] sdhci-pltfm: SDHCI platform and OF driver helper
[    1.686798] sdhci-tegra 700b0400.sdhci: Got CD GPIO
[    1.691705] sdhci-tegra 700b0400.sdhci: Got WP GPIO
[    1.696646] mmc0: Unknown controller version (3). You may experience problems.
[    1.704167] mmc0: Unknown controller version (3). You may experience problems.
[    1.711505] mmc0: Invalid maximum block size, assuming 512 bytes
[    1.758818] mmc0: SDHCI controller on 700b0600.sdhci [700b0600.sdhci] using ADMA 64-bit
[    1.768896] ledtrig-cpu: registered to indicate activity on CPUs
[    1.775329] usbcore: registered new interface driver usbhid
[    1.780915] usbhid: USB HID core driver
[    1.789640] tegra124-dfll 70110000.clock: couldn't get vdd_cpu regulator
[    1.801743] NET: Registered protocol family 10
[    1.807159] sit: IPv6, IPv4 and MPLS over IPv4 tunneling driver
[    1.813739] NET: Registered protocol family 17
[    1.818225] can: controller area network core (rev 20120528 abi 9)
[    1.824490] NET: Registered protocol family 29
[    1.828953] can: raw protocol (rev 20120528)
[    1.833216] can: broadcast manager protocol (rev 20160617 t)
[    1.838894] can: netlink gateway (rev 20130117) max_hops=1
[    1.844773] Key type dns_resolver registered
[    1.849687] ThumbEE CPU extension supported.
[    1.853988] Registering SWP/SWPB emulation handler
[    1.861049] +3.3V_RUN: supplied by +3.3V_SYS
[    1.866582] +3.3V_AVDD_HDMI_AP_GATED: supplied by +3.3V_RUN
[    1.872740] +USB0_VBUS_SW: supplied by +5V_SYS
[    1.877868] +5V_USB_HS: supplied by +5V_SYS
[    1.883759] +3.3V_LP0: supplied by +3.3V_SYS
[    1.889978] +5V_HDMI_CON: supplied by +5V_SYS
[    1.895168] +5V_SATA: supplied by +5V_SYS
[    1.899859] +12V_SATA: supplied by +VDD_MUX
[    1.905889] usb2-0 supply vbus not found, using dummy regulator
[    1.912013] usb2-1 supply vbus not found, using dummy regulator
[    1.912414] mmc0: new high speed MMC card at address 0001
[    1.913347] mmcblk0: mmc0:0001 SEM16G 14.7 GiB 
[    1.914259] mmcblk0boot0: mmc0:0001 SEM16G partition 1 4.00 MiB
[    1.915133] mmcblk0boot1: mmc0:0001 SEM16G partition 2 4.00 MiB
[    1.916044] mmcblk0rpmb: mmc0:0001 SEM16G partition 3 4.00 MiB
[    1.918748]  mmcblk0: p1
[    1.948583] usb3-0 supply vbus not found, using dummy regulator
[    1.955798] tegra-pcie 1003000.pcie-controller: 2x1, 1x1 configuration
[    1.962462] tegra-pcie 1003000.pcie-controller: Failed to get supply 'avddio-pex': -517
[    1.972321] tegra-hdmi 54280000.hdmi: failed to get PLL regulator
[    1.982779] as3722-sd2: supplied by +5V_SYS
[    1.987441] as3722-sd3: supplied by +5V_SYS
[    1.992030] as3722-sd4: supplied by +5V_SYS
[    1.996545] +1.05V_RUN_AVDD_HDMI_PLL: supplied by +1.05V_RUN
[    2.002386] as3722-sd5: supplied by +5V_SYS
[    2.008334] as3722-ldo0: supplied by +1.35V_LP0(sd2)
[    2.014300] as3722-ldo1: supplied by +3.3V_RUN
[    2.019204] as3722-ldo2: supplied by +1.8V_VDDIO
[    2.024893] as3722-ldo3: supplied by +3.3V_SYS
[    2.030351] as3722-ldo4: supplied by +3.3V_SYS
[    2.035159] as3722-ldo5: supplied by +1.8V_VDDIO
[    2.040164] as3722-ldo6: supplied by +3.3V_RUN
[    2.044990] as3722-ldo7: supplied by +1.8V_VDDIO
[    2.050395] +1.05V_RUN_CAM_REAR: Bringing 0uV into 1050000-1050000uV
[    2.057492] as3722-ldo9: supplied by +5V_SYS
[    2.063068] +3.3V_RUN_TOUCH: Bringing 0uV into 2800000-2800000uV
[    2.069680] as3722-ldo10: supplied by +5V_SYS
[    2.074573] +2.8V_RUN_CAM_AF: Bringing 0uV into 2800000-2800000uV
[    2.081246] as3722-ldo11: supplied by +3.3V_RUN
[    2.086316] +1.8V_RUN_VPP_FUSE: Bringing 0uV into 1800000-1800000uV
[    2.096368] tegra-ahci 70027000.sata: AHCI 0001.0301 32 slots 2 ports 3 Gbps 0x1 impl platform mode
[    2.105461] tegra-ahci 70027000.sata: flags: 64bit ncq sntf pm led pio slum part sadm sds apst 
[    2.116391] scsi host0: tegra-ahci
[    2.121052] scsi host1: tegra-ahci
[    2.124855] ata1: SATA max UDMA/133 mmio [mem 0x70027000-0x70028fff] port 0x100 irq 345
[    2.132869] ata2: DUMMY
[    2.138494] tegra-ehci 7d008000.usb: EHCI Host Controller
[    2.143951] tegra-ehci 7d008000.usb: new USB bus registered, assigned bus number 2
[    2.151709] tegra-ehci 7d008000.usb: irq 355, io mem 0x7d008000
[    2.168914] tegra-ehci 7d008000.usb: USB 2.0 started, EHCI 1.10
[    2.176059] hub 2-0:1.0: USB hub found
[    2.179914] hub 2-0:1.0: 1 port detected
[    2.186389] sdhci-tegra 700b0400.sdhci: Got CD GPIO
[    2.191342] sdhci-tegra 700b0400.sdhci: Got WP GPIO
[    2.196330] mmc1: Unknown controller version (3). You may experience problems.
[    2.203827] mmc1: Invalid maximum block size, assuming 512 bytes
[    2.254393] mmc1: SDHCI controller on 700b0400.sdhci [700b0400.sdhci] using ADMA 64-bit
[    2.267018] tegra-pcie 1003000.pcie-controller: 2x1, 1x1 configuration
[    2.280990] tegra-pcie 1003000.pcie-controller: probing port 0, using 2 lanes
[    2.290431] tegra-pcie 1003000.pcie-controller: Slot present pin change, signature: 00000008
[    2.315065] tegra-pcie 1003000.pcie-controller: probing port 1, using 1 lanes
[    2.323892] tegra-pcie 1003000.pcie-controller: Slot present pin change, signature: 00000000
[    2.338848] tegra-pcie 1003000.pcie-controller: PCI host bridge to bus 0000:00
[    2.346109] pci_bus 0000:00: root bus resource [io  0x0000-0xffff]
[    2.352342] pci_bus 0000:00: root bus resource [mem 0x13000000-0x1fffffff]
[    2.359269] pci_bus 0000:00: root bus resource [mem 0x20000000-0x3fffffff pref]
[    2.366614] pci_bus 0000:00: root bus resource [bus 00-ff]
[    2.372178] pci 0000:00:01.0: [10de:0e12] type 01 class 0x060400
[    2.378323] pci 0000:00:01.0: PME# supported from D0 D1 D2 D3hot D3cold
[    2.385368] pci 0000:00:02.0: [10de:0e13] type 01 class 0x060400
[    2.391522] pci 0000:00:02.0: PME# supported from D0 D1 D2 D3hot D3cold
[    2.398532] PCI: bus0: Fast back to back transfers disabled
[    2.404159] pci 0000:00:01.0: bridge configuration invalid ([bus 00-00]), reconfiguring
[    2.412215] pci 0000:00:02.0: bridge configuration invalid ([bus 00-00]), reconfiguring
[    2.420515] pci 0000:01:00.0: [8086:4232] type 00 class 0x028000
[    2.426609] pci 0000:01:00.0: reg 0x10: [mem 0x00000000-0x00001fff 64bit]
[    2.433661] pci 0000:01:00.0: PME# supported from D0 D3hot D3cold
[    2.452406] ata1: SATA link down (SStatus 0 SControl 300)
[    2.453926] PCI: bus1: Fast back to back transfers disabled
[    2.453939] pci_bus 0000:01: busn_res: [bus 01-ff] end is updated to 01
[    2.454216] pci 0000:02:00.0: [10ec:8168] type 00 class 0x020000
[    2.454253] pci 0000:02:00.0: reg 0x10: [io  0x0000-0x00ff]
[    2.454295] pci 0000:02:00.0: reg 0x18: [mem 0x00000000-0x00000fff 64bit]
[    2.454323] pci 0000:02:00.0: reg 0x20: [mem 0x00000000-0x00003fff 64bit pref]
[    2.454498] pci 0000:02:00.0: supports D1 D2
[    2.454504] pci 0000:02:00.0: PME# supported from D0 D1 D2 D3hot D3cold
[    2.468945] PCI: bus2: Fast back to back transfers disabled
[    2.468961] pci_bus 0000:02: busn_res: [bus 02-ff] end is updated to 02
[    2.469150] pci 0000:00:01.0: BAR 8: assigned [mem 0x13000000-0x130fffff]
[    2.469159] pci 0000:00:02.0: BAR 8: assigned [mem 0x13100000-0x131fffff]
[    2.469169] pci 0000:00:02.0: BAR 9: assigned [mem 0x20000000-0x200fffff 64bit pref]
[    2.469178] pci 0000:00:02.0: BAR 7: assigned [io  0x1000-0x1fff]
[    2.469190] pci 0000:01:00.0: BAR 0: assigned [mem 0x13000000-0x13001fff 64bit]
[    2.469226] pci 0000:00:01.0: PCI bridge to [bus 01]
[    2.469238] pci 0000:00:01.0:   bridge window [mem 0x13000000-0x130fffff]
[    2.469257] pci 0000:02:00.0: BAR 4: assigned [mem 0x20000000-0x20003fff 64bit pref]
[    2.469286] pci 0000:02:00.0: BAR 2: assigned [mem 0x13100000-0x13100fff 64bit]
[    2.469313] pci 0000:02:00.0: BAR 0: assigned [io  0x1000-0x10ff]
[    2.469326] pci 0000:00:02.0: PCI bridge to [bus 02]
[    2.469334] pci 0000:00:02.0:   bridge window [io  0x1000-0x1fff]
[    2.469345] pci 0000:00:02.0:   bridge window [mem 0x13100000-0x131fffff]
[    2.469355] pci 0000:00:02.0:   bridge window [mem 0x20000000-0x200fffff 64bit pref]
[    2.469396] pci 0000:00:01.0: nv_msi_ht_cap_quirk didn't locate host bridge
[    2.469515] pcieport 0000:00:01.0: enabling device (0140 -> 0142)
[    2.469797] pcieport 0000:00:01.0: Signaling PME through PCIe PME interrupt
[    2.469803] pci 0000:01:00.0: Signaling PME through PCIe PME interrupt
[    2.469813] pcie_pme 0000:00:01.0:pcie001: service driver pcie_pme loaded
[    2.469931] pci 0000:00:02.0: nv_msi_ht_cap_quirk didn't locate host bridge
[    2.470016] pcieport 0000:00:02.0: enabling device (0140 -> 0143)
[    2.470262] pcieport 0000:00:02.0: Signaling PME through PCIe PME interrupt
[    2.470268] pci 0000:02:00.0: Signaling PME through PCIe PME interrupt
[    2.470278] pcie_pme 0000:00:02.0:pcie001: service driver pcie_pme loaded
[    2.470636] r8169 Gigabit Ethernet driver 2.3LK-NAPI loaded
[    2.470660] r8169 0000:02:00.0: enabling device (0140 -> 0143)
[    2.490611] r8169 0000:02:00.0 eth0: RTL8168g/8111g at 0xf0a52000, 00:04:4b:3a:d9:81, XID 0c000800 IRQ 395
[    2.490620] r8169 0000:02:00.0 eth0: jumbo features [frames: 9200 bytes, tx checksumming: ko]
[    2.495134] [drm] Supports vblank timestamp caching Rev 2 (21.10.2013).
[    2.495138] [drm] No driver support for vblank timestamp query.
[    2.495180] drm drm: No connectors reported connected with modes
[    2.495189] [drm] Cannot find any crtc or sizes - going 1024x768
[    2.543517] mmc1: new high speed SDHC card at address aaaa
[    2.544940] mmcblk1: mmc1:aaaa SD04G 3.69 GiB 
[    2.555908]  mmcblk1: p1 p2 p3
[    2.754592] Console: switching to colour frame buffer device 128x48
[    2.768252] drm drm: fb0:  frame buffer device
[    2.798922] [drm] Initialized tegra 0.0.0 20120330 on minor 0
[    2.806202] of: dev_pm_opp_of_cpumask_add_table: couldn't find opp table for cpu:0, -19
[    2.814281] cpufreq: cpufreq_online: CPU0: Running at unlisted freq: 696000 KHz
[    2.821634] cpufreq: cpufreq_online: CPU0: Unlisted initial frequency changed to: 714000 KHz
[    2.830998] input: gpio-keys as /devices/soc0/gpio-keys/input/input0
[    2.838357] as3722-rtc as3722-rtc: setting system clock to 2000-01-01 00:00:13 UTC (946684813)
[    2.850348] +USB0_VBUS_SW: disabling
[    2.853945] +1.8V_RUN_CAM: disabling
[    2.857777] +2.8V_RUN_CAM: disabling
[    2.861658] +1.2V_RUN_CAM_FRONT: disabling
[    2.866043] +1.05V_RUN_CAM_REAR: disabling
[    2.870440] +3.3V_RUN_TOUCH: disabling
[    2.874434] +2.8V_RUN_CAM_AF: disabling
[    2.878441] +1.8V_RUN_VPP_FUSE: disabling
[    2.883855] EXT4-fs (mmcblk0p1): mounting ext3 file system using the ext4 subsystem
[    2.905597] EXT4-fs (mmcblk0p1): recovery complete
[    2.910415] EXT4-fs (mmcblk0p1): mounted filesystem with ordered data mode. Opts: (null)
[    2.918538] VFS: Mounted root (ext3 filesystem) on device 179:1.
[    2.928804] devtmpfs: mounted
[    2.932588] Freeing unused kernel memory: 2048K (c1100000 - c1300000)
bash: cannot set terminal process group (-1): Inappropriate ioctl for device
bash: no job control in this shell
root@(none):/# mount -t sysfs none /sys
root@(none):/# 
root@(none):/# mount -t debugfs none /sys/kernel/debug
root@(none):/# 
root@(none):/# rtcwake -d rtc1 -m mem -s 3
rtcwake: assuming RTC uses UTC ...
rtcwake: wakeup from "mem" using /dev/rtc1 at Thu Jan  1 00:00:19 1970
[    6.468474] PM: Syncing filesystems ... done.
[    6.500121] Freezing user space processes ... (elapsed 0.001 seconds) done.
[    6.508659] Double checking all user space processes after OOM killer disable... (elapsed 0.000 seconds) 
[    6.518379] Freezing remaining freezable tasks ... (elapsed 0.001 seconds) done.
[    6.527150] Suspending console(s) (use no_console_suspend to debug)
[    6.635861] PM: suspend of devices complete after 101.065 msecs
[    6.639796] PM: late suspend of devices complete after 3.919 msecs
[    6.660608] PM: noirq suspend of devices complete after 20.801 msecs
[    6.660612] Disabling non-boot CPUs ...
[    6.661211] IRQ17 no longer affine to CPU1
[    6.661624] CPU1: shutdown
[    6.686470] CPU2: shutdown
[    6.716069] CPU3: shutdown
[    6.730031] Entering suspend state LP1
[    6.730046] Enabling non-boot CPUs ...
[    6.744643] CPU1 is up
[    6.764669] CPU2 is up
[    6.784802] CPU3 is up
[    6.785536] pcieport 0000:00:01.0: nv_msi_ht_cap_quirk didn't locate host bridge
[    6.785603] pcieport 0000:00:02.0: nv_msi_ht_cap_quirk didn't locate host bridge
[    6.803884] PM: noirq resume of devices complete after 19.076 msecs
[    6.805496] PM: early resume of devices complete after 1.267 msecs
[    6.834231] PM: resume of devices complete after 28.725 msecs
[    6.917020] Restarting tasks ... done.
root@(none):/# 
root@(none):/# [    7.126575] ata1: SATA link down (SStatus 0 SControl 300)
rtcwake -d rtc1 -m mem -s 3
rtcwake: assuming RTC uses UTC ...
rtcwake: wakeup from "mem" using /dev/rtc1 at Thu Jan  1 00:00:24 1970
[    7.953412] PM: Syncing filesystems ... done.
[    7.976854] Freezing user space processes ... (elapsed 0.001 seconds) done.
[    7.985564] Double checking all user space processes after OOM killer disable... (elapsed 0.000 seconds) 
[    7.995380] Freezing remaining freezable tasks ... (elapsed 0.001 seconds) done.
[    8.004664] Suspending console(s) (use no_console_suspend to debug)
[    8.096524] PM: suspend of devices complete after 82.916 msecs
[    8.103336] PM: late suspend of devices complete after 6.784 msecs
[    8.127286] PM: noirq suspend of devices complete after 23.931 msecs
[    8.127293] Disabling non-boot CPUs ...
[    8.129006] CPU1: shutdown
[    8.158268] IRQ17 no longer affine to CPU2
[    8.159041] CPU2: shutdown
[    8.198089] CPU3: shutdown
[    8.221176] Entering suspend state LP1
[    8.221191] Enabling non-boot CPUs ...
[    8.234614] CPU1 is up
[    8.254634] CPU2 is up
[    8.274779] CPU3 is up
[    8.275514] pcieport 0000:00:02.0: nv_msi_ht_cap_quirk didn't locate host bridge
[    8.275517] pcieport 0000:00:01.0: nv_msi_ht_cap_quirk didn't locate host bridge
[    8.293854] PM: noirq resume of devices complete after 19.069 msecs
[    8.295718] PM: early resume of devices complete after 1.543 msecs
[    8.324589] PM: resume of devices complete after 28.862 msecs
[    8.407351] Restarting tasks ... done.
root@(none):/# 
root@(none):/# [    8.616554] ata1: SATA link down (SStatus 0 SControl 300)
rtcwake -d rtc1 -m mem -s 3
rtcwake: assuming RTC uses UTC ...
rtcwake: wakeup from "mem" using /dev/rtc1 at Thu Jan  1 00:00:29 1970
[    9.452730] PM: Syncing filesystems ... done.
[    9.475686] Freezing user space processes ... (elapsed 0.001 seconds) done.
[    9.484383] Double checking all user space processes after OOM killer disable... (elapsed 0.000 seconds) 
[    9.494307] Freezing remaining freezable tasks ... (elapsed 0.001 seconds) done.
[    9.503539] Suspending console(s) (use no_console_suspend to debug)
[    9.611495] PM: suspend of devices complete after 98.978 msecs
[    9.616445] PM: late suspend of devices complete after 4.923 msecs
[    9.637352] PM: noirq suspend of devices complete after 20.888 msecs
[    9.637360] Disabling non-boot CPUs ...
[    9.639063] CPU1: shutdown
[    9.663246] IRQ17 no longer affine to CPU2
[    9.664023] CPU2: shutdown
[    9.703092] CPU3: shutdown
[    9.726185] Entering suspend state LP1
[    9.726200] Enabling non-boot CPUs ...
[    9.739593] CPU1 is up
[    9.759613] CPU2 is up
[    9.779755] CPU3 is up
[    9.780500] pcieport 0000:00:01.0: nv_msi_ht_cap_quirk didn't locate host bridge
[    9.780502] pcieport 0000:00:02.0: nv_msi_ht_cap_quirk didn't locate host bridge
[    9.798825] PM: noirq resume of devices complete after 19.064 msecs
[    9.800419] PM: early resume of devices complete after 1.263 msecs
[    9.829232] PM: resume of devices complete after 28.803 msecs
[    9.911892] Restarting tasks ... done.
root@(none):/# 
root@(none):/# [   10.121533] ata1: SATA link down (SStatus 0 SControl 300)
rtcwake -d rtc1 -m mem -s 3
rtcwake: assuming RTC uses UTC ...
rtcwake: wakeup from "mem" using /dev/rtc1 at Thu Jan  1 00:00:34 1970
[   10.965050] PM: Syncing filesystems ... done.
[   10.988331] Freezing user space processes ... (elapsed 0.001 seconds) done.
[   10.997003] Double checking all user space processes after OOM killer disable... (elapsed 0.000 seconds) 
[   11.006815] Freezing remaining freezable tasks ... (elapsed 0.001 seconds) done.
[   11.016064] Suspending console(s) (use no_console_suspend to debug)
[   11.121482] PM: suspend of devices complete after 96.447 msecs
[   11.128929] PM: late suspend of devices complete after 7.420 msecs
[   11.152388] PM: noirq suspend of devices complete after 23.436 msecs
[   11.152397] Disabling non-boot CPUs ...
[   11.153300] IRQ17 no longer affine to CPU1
[   11.154151] CPU1: shutdown
[   11.183880] CPU2: shutdown
[   12.188229] CPU3: shutdown
[   12.211236] Entering suspend state LP1
[   12.211251] Enabling non-boot CPUs ...
[   12.224567] CPU1 is up
[   12.244598] CPU2 is up
[   12.264739] CPU3 is up
[   12.265432] pcieport 0000:00:02.0: nv_msi_ht_cap_quirk didn't locate host bridge
[   12.265541] pcieport 0000:00:01.0: nv_msi_ht_cap_quirk didn't locate host bridge
[   12.283805] PM: noirq resume of devices complete after 19.060 msecs
[   12.285531] PM: early resume of devices complete after 1.408 msecs
[   12.314670] PM: resume of devices complete after 29.130 msecs
[   12.397453] Restarting tasks ... done.
root@(none):/# 
root@(none):/# [   12.606335] ata1: SATA link down (SStatus 0 SControl 300)
rtcwake -d rtc1 -m mem -s 3
rtcwake: assuming RTC uses UTC ...
rtcwake: wakeup from "mem" using /dev/rtc1 at Thu Jan  1 00:00:39 1970
[   13.454097] PM: Syncing filesystems ... done.
[   13.485802] Freezing user space processes ... (elapsed 0.001 seconds) done.
[   13.494795] Double checking all user space processes after OOM killer disable... (elapsed 0.000 seconds) 
[   13.504872] Freezing remaining freezable tasks ... (elapsed 0.001 seconds) done.
[   13.514144] Suspending console(s) (use no_console_suspend to debug)
[   13.620731] PM: suspend of devices complete after 98.899 msecs
[   13.624598] PM: late suspend of devices complete after 3.851 msecs
[   13.645521] PM: noirq suspend of devices complete after 20.913 msecs
[   13.645525] Disabling non-boot CPUs ...
[   13.646420] CPU1: shutdown
[   13.681383] CPU2: shutdown
[   13.710974] CPU3: shutdown
[   13.724936] Entering suspend state LP1
[   13.724951] Enabling non-boot CPUs ...
[   13.739545] CPU1 is up
[   13.759561] CPU2 is up
[   13.779700] CPU3 is up
[   13.780449] pcieport 0000:00:01.0: nv_msi_ht_cap_quirk didn't locate host bridge
[   13.780452] pcieport 0000:00:02.0: nv_msi_ht_cap_quirk didn't locate host bridge
[   13.798781] PM: noirq resume of devices complete after 19.075 msecs
[   13.800430] PM: early resume of devices complete after 1.332 msecs
[   13.829143] PM: resume of devices complete after 28.704 msecs
[   13.907727] Restarting tasks ... done.
root@(none):/# 
root@(none):/# [   14.121388] ata1: SATA link down (SStatus 0 SControl 300)
rtcwake -d rtc1 -m mem -s 3
rtcwake: assuming RTC uses UTC ...
rtcwake: wakeup from "mem" using /dev/rtc1 at Thu Jan  1 00:00:44 1970
[   14.957705] PM: Syncing filesystems ... done.
[   14.980713] Freezing user space processes ... (elapsed 0.001 seconds) done.
[   14.989404] Double checking all user space processes after OOM killer disable... (elapsed 0.000 seconds) 
[   14.999302] Freezing remaining freezable tasks ... (elapsed 0.001 seconds) done.
[   15.008458] Suspending console(s) (use no_console_suspend to debug)
[   15.115991] PM: suspend of devices complete after 98.554 msecs
[   15.121651] PM: late suspend of devices complete after 5.635 msecs
[   15.142199] PM: noirq suspend of devices complete after 20.527 msecs
[   15.142206] Disabling non-boot CPUs ...
[   15.143111] IRQ17 no longer affine to CPU1
[   15.143900] CPU1: shutdown
[   15.169005] CPU2: shutdown
[   15.198222] CPU3: shutdown
[   15.221103] Entering suspend state LP1
[   15.221118] Enabling non-boot CPUs ...
[   15.234513] CPU1 is up
[   15.254555] CPU2 is up
[   15.274678] CPU3 is up
[   15.275412] pcieport 0000:00:01.0: nv_msi_ht_cap_quirk didn't locate host bridge
[   15.275415] pcieport 0000:00:02.0: nv_msi_ht_cap_quirk didn't locate host bridge
[   15.293752] PM: noirq resume of devices complete after 19.069 msecs
[   15.295304] PM: early resume of devices complete after 1.224 msecs
[   15.324591] PM: resume of devices complete after 29.277 msecs
[   15.407319] Restarting tasks ... done.
root@(none):/# 
root@(none):/# [   15.616379] ata1: SATA link down (SStatus 0 SControl 300)
rtcwake -d rtc1 -m mem -s 3
rtcwake: assuming RTC uses UTC ...
rtcwake: wakeup from "mem" using /dev/rtc1 at Thu Jan  1 00:00:49 1970
[   16.460275] PM: Syncing filesystems ... done.
[   16.492086] Freezing user space processes ... (elapsed 0.001 seconds) done.
[   16.501029] Double checking all user space processes after OOM killer disable... (elapsed 0.000 seconds) 
[   16.511035] Freezing remaining freezable tasks ... (elapsed 0.001 seconds) done.
[   16.520592] Suspending console(s) (use no_console_suspend to debug)
[   16.637772] PM: suspend of devices complete after 106.907 msecs
[   16.647841] PM: late suspend of devices complete after 10.030 msecs
[   16.674151] PM: noirq suspend of devices complete after 26.281 msecs
[   16.674162] Disabling non-boot CPUs ...
[   16.676573] CPU1: shutdown
[   16.711448] CPU2: shutdown
[   16.735235] CPU3: shutdown
[   16.752244] Entering suspend state LP1
[   16.752259] Enabling non-boot CPUs ...
[   16.764489] CPU1 is up
[   16.784506] CPU2 is up
[   16.804663] CPU3 is up
[   16.805385] pcieport 0000:00:01.0: nv_msi_ht_cap_quirk didn't locate host bridge
[   16.805390] pcieport 0000:00:02.0: nv_msi_ht_cap_quirk didn't locate host bridge
[   16.823722] PM: noirq resume of devices complete after 19.053 msecs
[   16.825265] PM: early resume of devices complete after 1.211 msecs
[   16.854106] PM: resume of devices complete after 28.830 msecs
[   16.932919] Restarting tasks ... done.
root@(none):/# 
root@(none):/# [   17.146388] ata1: SATA link down (SStatus 0 SControl 300)
rtcwake -d rtc1 -m mem -s 3
rtcwake: assuming RTC uses UTC ...
rtcwake: wakeup from "mem" using /dev/rtc1 at Thu Jan  1 00:00:54 1970
[   17.991239] PM: Syncing filesystems ... done.
[   18.014692] Freezing user space processes ... (elapsed 0.001 seconds) done.
[   18.023335] Double checking all user space processes after OOM killer disable... (elapsed 0.000 seconds) 
[   18.033150] Freezing remaining freezable tasks ... (elapsed 0.001 seconds) done.
[   18.042404] Suspending console(s) (use no_console_suspend to debug)
[   18.146481] PM: suspend of devices complete after 95.105 msecs
[   18.153826] PM: late suspend of devices complete after 7.319 msecs
[   18.177301] PM: noirq suspend of devices complete after 23.451 msecs
[   18.177309] Disabling non-boot CPUs ...
[   18.179065] CPU1: shutdown
[   18.208900] CPU2: shutdown
[   18.238105] CPU3: shutdown
[   18.251064] Entering suspend state LP1
[   18.251079] Enabling non-boot CPUs ...
[   18.264451] CPU1 is up
[   18.284484] CPU2 is up
[   18.304621] CPU3 is up
[   18.305333] pcieport 0000:00:02.0: nv_msi_ht_cap_quirk didn't locate host bridge
[   18.305400] pcieport 0000:00:01.0: nv_msi_ht_cap_quirk didn't locate host bridge
[   18.323693] PM: noirq resume of devices complete after 19.066 msecs
[   18.325222] PM: early resume of devices complete after 1.218 msecs
[   18.354371] PM: resume of devices complete after 29.139 msecs
[   18.433028] Restarting tasks ... done.
root@(none):/# 
root@(none):/# [   18.646230] ata1: SATA link down (SStatus 0 SControl 300)
rtcwake -d rtc1 -m mem -s 3
rtcwake: assuming RTC uses UTC ...
rtcwake: wakeup from "mem" using /dev/rtc1 at Thu Jan  1 00:00:59 1970
[   19.488406] PM: Syncing filesystems ... done.
[   19.511900] Freezing user space processes ... (elapsed 0.001 seconds) done.
[   19.520625] Double checking all user space processes after OOM killer disable... (elapsed 0.000 seconds) 
[   19.530435] Freezing remaining freezable tasks ... (elapsed 0.001 seconds) done.
[   19.539686] Suspending console(s) (use no_console_suspend to debug)
[   19.641301] PM: suspend of devices complete after 92.630 msecs
[   19.646214] PM: late suspend of devices complete after 4.887 msecs
[   19.667164] PM: noirq suspend of devices complete after 20.932 msecs
[   19.667171] Disabling non-boot CPUs ...
[   19.668094] IRQ17 no longer affine to CPU1
[   19.668893] CPU1: shutdown
[   19.703880] CPU2: shutdown
[   19.742952] CPU3: shutdown
[   19.766036] Entering suspend state LP1
[   19.766051] Enabling non-boot CPUs ...
[   19.779438] CPU1 is up
[   19.799452] CPU2 is up
[   19.819598] CPU3 is up
[   19.820341] pcieport 0000:00:02.0: nv_msi_ht_cap_quirk didn't locate host bridge
[   19.820344] pcieport 0000:00:01.0: nv_msi_ht_cap_quirk didn't locate host bridge
[   19.838665] PM: noirq resume of devices complete after 19.061 msecs
[   19.840341] PM: early resume of devices complete after 1.364 msecs
[   19.868971] PM: resume of devices complete after 28.621 msecs
[   19.951706] Restarting tasks ... done.
root@(none):/# 
root@(none):/# [   20.161304] ata1: SATA link down (SStatus 0 SControl 300)
rtcwake -d rtc1 -m mem -s 3
rtcwake: assuming RTC uses UTC ...
rtcwake: wakeup from "mem" using /dev/rtc1 at Thu Jan  1 00:01:04 1970
[   21.002693] PM: Syncing filesystems ... done.
[   21.035383] Freezing user space processes ... (elapsed 0.001 seconds) done.
[   21.044363] Double checking all user space processes after OOM killer disable... (elapsed 0.000 seconds) 
[   21.054332] Freezing remaining freezable tasks ... (elapsed 0.002 seconds) done.
[   21.063990] Suspending console(s) (use no_console_suspend to debug)
[   21.181998] PM: suspend of devices complete after 107.592 msecs
[   21.192077] PM: late suspend of devices complete after 10.040 msecs
[   21.218848] PM: noirq suspend of devices complete after 26.743 msecs
[   21.218858] Disabling non-boot CPUs ...
[   21.221358] CPU1: shutdown
[   21.256282] CPU2: shutdown
[   21.280076] CPU3: shutdown
[   21.297170] Entering suspend state LP1
[   21.297185] Enabling non-boot CPUs ...
[   21.309399] CPU1 is up
[   21.329426] CPU2 is up
[   21.349573] CPU3 is up
[   21.350283] pcieport 0000:00:02.0: nv_msi_ht_cap_quirk didn't locate host bridge
[   21.350386] pcieport 0000:00:01.0: nv_msi_ht_cap_quirk didn't locate host bridge
[   21.368623] PM: noirq resume of devices complete after 19.045 msecs
[   21.369720] PM: early resume of devices complete after 0.774 msecs
[   21.398388] PM: resume of devices complete after 28.659 msecs
[   21.477216] Restarting tasks ... done.
root@(none):/# 
root@(none):/# [   21.686196] ata1: SATA link down (SStatus 0 SControl 300)
NVTB SYSTEM SUSPEND TEST COMPLETE
