
U-Boot SPL 2014.01-00219-gc4d376f (Feb 18 2014 - 19:57:32)


U-Boot 2014.01-00219-gc4d376f (Feb 18 2014 - 19:57:32)

TEGRA114
Board: NVIDIA Dalmore
I2C:   ready
DRAM:  2 GiB
MMC:   Tegra SD/MMC: 0, Tegra SD/MMC: 1
In:    serial
Out:   serial
Err:   serial
Net:   Net Initialization Skipped
No ethernet found.
Hit any key to stop autoboot:  2  0 
Tegra114 (Dalmore) # 
Tegra114 (Dalmore) # usb reset
(Re)start USB...
USB0:   USB EHCI 1.10
scanning bus 0 for devices... 2 USB Device(s) found
       scanning usb for storage devices... 0 Storage Device(s) found
       scanning usb for ethernet devices... 
Warning: asx0 using MAC address from net device
1 Ethernet Device(s) found
Tegra114 (Dalmore) # setenv bootargs 'ignore_loglevel console=ttyS0,115200n8 rw root=PARTUUID=7369c667-ff51-ec4a-29cd-baabf2fbe346 rootwait gpt debug earlyprintk init=/bin/bash'
Tegra114 (Dalmore) # setenv ipaddr 192.168.100.100; setenv serverip 192.168.100.1; setenv tftpserverip 192.168.100.1
Tegra114 (Dalmore) # tftpboot 0x81000000 zImage.multi_v7_defconfig
Using asx0 device
TFTP from server 192.168.100.1; our IP address is 192.168.100.100
Filename 'zImage.multi_v7_defconfig'.
Load address: 0x81000000
Loading: *#################################################################
	 #################################################################
	 #################################################################
	 #################################################################
	 #################################################################
	 #################################################################
	 #################################################################
	 ##################################################
	 2.8 MiB/s
done
Bytes transferred = 7401224 (70ef08 hex)
Tegra114 (Dalmore) # tftpboot 0x82000000 tegra114-dalmore.dtb
Using asx0 device
TFTP from server 192.168.100.1; our IP address is 192.168.100.100
Filename 'tegra114-dalmore.dtb'.
Load address: 0x82000000
Loading: *###
	 2.6 MiB/s
done
Bytes transferred = 35044 (88e4 hex)
Tegra114 (Dalmore) # bootz 0x81000000 - 0x82000000
Kernel image @ 0x81000000 [ 0x000000 - 0x70ef08 ]
## Flattened Device Tree blob at 82000000
   Booting using the fdt blob at 0x82000000
   Loading Device Tree to 8fff4000, end 8ffff8e3 ... OK

Starting kernel ...

[    0.000000] Booting Linux on physical CPU 0x0
[    0.000000] Linux version 4.9.0-next-20161224-142234-g84ede50 (pwalmsley@sellafield) (gcc version 4.7.3 20130328 (prerelease) (crosstool-NG linaro-1.13.1-4.7-2013.04-20130415 - Linaro GCC 2013.04) ) #1 SMP Fri Dec 23 20:03:56 PST 2016
[    0.000000] CPU: ARMv7 Processor [412fc0f2] revision 2 (ARMv7), cr=10c5387d
[    0.000000] CPU: div instructions available: patching division code
[    0.000000] CPU: PIPT / VIPT nonaliasing data cache, PIPT instruction cache
[    0.000000] OF: fdt:Machine model: NVIDIA Tegra114 Dalmore evaluation board
[    0.000000] debug: ignoring loglevel setting.
[    0.000000] efi: Getting EFI parameters from FDT:
[    0.000000] efi: UEFI not found.
[    0.000000] cma: Reserved 64 MiB at 0xfb800000
[    0.000000] Memory policy: Data cache writealloc
[    0.000000] On node 0 totalpages: 524032
[    0.000000] free_area_init_node: node 0, pgdat c142a600, node_mem_map eeff8000
[    0.000000]   DMA zone: 1536 pages used for memmap
[    0.000000]   DMA zone: 0 pages reserved
[    0.000000]   DMA zone: 196608 pages, LIFO batch:31
[    0.000000]   HighMem zone: 327424 pages, LIFO batch:31
[    0.000000] percpu: Embedded 14 pages/cpu @eefa4000 s26048 r8192 d23104 u57344
[    0.000000] pcpu-alloc: s26048 r8192 d23104 u57344 alloc=14*4096
[    0.000000] pcpu-alloc: [0] 0 [0] 1 [0] 2 [0] 3 
[    0.000000] Built 1 zonelists in Zone order, mobility grouping on.  Total pages: 522496
[    0.000000] Kernel command line: ignore_loglevel console=ttyS0,115200n8 rw root=PARTUUID=7369c667-ff51-ec4a-29cd-baabf2fbe346 rootwait gpt debug earlyprintk init=/bin/bash
[    0.000000] PID hash table entries: 4096 (order: 2, 16384 bytes)
[    0.000000] Dentry cache hash table entries: 131072 (order: 7, 524288 bytes)
[    0.000000] Inode-cache hash table entries: 65536 (order: 6, 262144 bytes)
[    0.000000] Memory: 1994948K/2096128K available (9216K kernel code, 1200K rwdata, 4140K rodata, 2048K init, 470K bss, 35644K reserved, 65536K cma-reserved, 1244160K highmem)
[    0.000000] Virtual kernel memory layout:
[    0.000000]     vector  : 0xffff0000 - 0xffff1000   (   4 kB)
[    0.000000]     fixmap  : 0xffc00000 - 0xfff00000   (3072 kB)
[    0.000000]     vmalloc : 0xf0800000 - 0xff800000   ( 240 MB)
[    0.000000]     lowmem  : 0xc0000000 - 0xf0000000   ( 768 MB)
[    0.000000]     pkmap   : 0xbfe00000 - 0xc0000000   (   2 MB)
[    0.000000]     modules : 0xbf000000 - 0xbfe00000   (  14 MB)
[    0.000000]       .text : 0xc0208000 - 0xc0c00000   (10208 kB)
[    0.000000]       .init : 0xc1100000 - 0xc1300000   (2048 kB)
[    0.000000]       .data : 0xc1300000 - 0xc142c100   (1201 kB)
[    0.000000]        .bss : 0xc142e000 - 0xc14a3bb0   ( 471 kB)
[    0.000000] SLUB: HWalign=64, Order=0-3, MinObjects=0, CPUs=4, Nodes=1
[    0.000000] Hierarchical RCU implementation.
[    0.000000] 	Build-time adjustment of leaf fanout to 32.
[    0.000000] 	RCU restricting CPUs from NR_CPUS=16 to nr_cpu_ids=4.
[    0.000000] RCU: Adjusting geometry for rcu_fanout_leaf=32, nr_cpu_ids=4
[    0.000000] NR_IRQS:16 nr_irqs:16 16
[    0.000000] /interrupt-controller@60004000: 160 interrupts forwarded to /interrupt-controller@50041000
[    0.000000] Tegra clk 127: register failed with -17
[    0.000007] sched_clock: 32 bits at 1000kHz, resolution 1000ns, wraps every 2147483647500ns
[    0.000025] clocksource: timer_us: mask: 0xffffffff max_cycles: 0xffffffff, max_idle_ns: 1911260446275 ns
[    0.000039] Switching to timer-based delay loop, resolution 1000ns
[    0.003200] arm_arch_timer: Architected cp15 timer(s) running at 12.00MHz (virt).
[    0.003219] clocksource: arch_sys_counter: mask: 0xffffffffffffff max_cycles: 0x2c47f4ee7, max_idle_ns: 440795202497 ns
[    0.003236] sched_clock: 56 bits at 12MHz, resolution 83ns, wraps every 4398046511096ns
[    0.003250] Switching to timer-based delay loop, resolution 83ns
[    0.003633] Console: colour dummy device 80x30
[    0.003665] Calibrating delay loop (skipped), value calculated using timer frequency.. 24.00 BogoMIPS (lpj=120000)
[    0.003680] pid_max: default: 32768 minimum: 301
[    0.003780] Mount-cache hash table entries: 2048 (order: 1, 8192 bytes)
[    0.003792] Mountpoint-cache hash table entries: 2048 (order: 1, 8192 bytes)
[    0.004274] CPU: Testing write buffer coherency: ok
[    0.004512] /cpus/cpu@0 missing clock-frequency property
[    0.004540] /cpus/cpu@1 missing clock-frequency property
[    0.004569] /cpus/cpu@2 missing clock-frequency property
[    0.004598] /cpus/cpu@3 missing clock-frequency property
[    0.004610] CPU0: thread -1, cpu 0, socket 0, mpidr 80000000
[    0.004813] Setting up static identity map for 0x80300000 - 0x80300098
[    0.007270] Tegra Revision: A01 SKU: 0 CPU Process: 1 SoC Process: 0
[    0.007812] EFI services will not be available.
[    0.008063] smp: Bringing up secondary CPUs ...
[    0.008599] CPU1: thread -1, cpu 1, socket 0, mpidr 80000001
[    0.009209] CPU2: thread -1, cpu 2, socket 0, mpidr 80000002
[    0.009804] CPU3: thread -1, cpu 3, socket 0, mpidr 80000003
[    0.009888] smp: Brought up 1 node, 4 CPUs
[    0.009906] SMP: Total of 4 processors activated (96.00 BogoMIPS).
[    0.009914] CPU: All CPU(s) started in SVC mode.
[    0.011378] devtmpfs: initialized
[    0.020070] VFP support v0.3: implementor 41 architecture 4 part 30 variant f rev 0
[    0.020407] clocksource: jiffies: mask: 0xffffffff max_cycles: 0xffffffff, max_idle_ns: 19112604462750000 ns
[    0.021777] pinctrl core: initialized pinctrl subsystem
[    0.023347] NET: Registered protocol family 16
[    0.025371] DMA: preallocated 256 KiB pool for atomic coherent allocations
[    0.053070] cpuidle: using governor menu
[    0.075997] No ATAGs?
[    0.076011] hw-breakpoint: found 5 (+1 reserved) breakpoint and 4 watchpoint registers.
[    0.076025] hw-breakpoint: maximum watchpoint size is 8 bytes.
[    0.080979] Serial: AMBA PL011 UART driver
[    0.081677] tegra-mc 70019000.memory-controller: no memory timings for RAM code 3 registered
[    0.117498] dvdd_ts: Failed to request enable GPIO61: -517
[    0.117514] reg-fixed-voltage regulators:regulator@1: Failed to register regulator: -517
[    0.117606] usb1_vbus: Failed to request enable GPIO108: -517
[    0.117619] reg-fixed-voltage regulators:regulator@3: Failed to register regulator: -517
[    0.117708] usb2_vbus: Failed to request enable GPIO86: -517
[    0.117721] reg-fixed-voltage regulators:regulator@4: Failed to register regulator: -517
[    0.118130] VDD_5V0_HDMI_CON: Failed to request enable GPIO81: -517
[    0.118144] reg-fixed-voltage regulators:regulator@7: Failed to register regulator: -517
[    0.120759] vgaarb: loaded
[    0.121484] SCSI subsystem initialized
[    0.121649] libata version 3.00 loaded.
[    0.121864] usbcore: registered new interface driver usbfs
[    0.121921] usbcore: registered new interface driver hub
[    0.121977] usbcore: registered new device driver usb
[    0.125232] tps65090 2-0048: No cache defaults, reading back from HW
[    0.127120] TPS65090_RAILSDCDC1: supplied by vdd_ac_bat
[    0.127633] vdd_hdmi_5v0: supplied by vdd-sys-5v0
[    0.128399] TPS65090_RAILSDCDC2: supplied by vdd_ac_bat
[    0.129462] TPS65090_RAILSDCDC3: supplied by vdd_ac_bat
[    0.129978] TPS65090_RAILSFET1: supplied by vdd_ac_bat
[    0.130342] TPS65090_RAILSFET2: supplied by vdd_ac_bat
[    0.130686] TPS65090_RAILSFET3: supplied by vdd-sys-3v3
[    0.131212] TPS65090_RAILSFET4: supplied by vdd-sys-3v3
[    0.131721] TPS65090_RAILSFET5: supplied by vdd-sys-3v3
[    0.132233] TPS65090_RAILSFET6: supplied by vdd-sys-3v3
[    0.133070] TPS65090_RAILSFET7: supplied by vdd-sys-3v3
[    0.133608] TPS65090_RAILSLDO1: supplied by vdd_ac_bat
[    0.133817] TPS65090_RAILSLDO2: supplied by vdd_ac_bat
[    0.134726] palmas 2-0058: Irq flag is 0x00000004
[    0.136700] palmas 2-0058: Muxing GPIO ff, PWM 0, LED 0
[    0.139189] SMPS12: supplied by vdd-ao
[    0.140789] SMPS3: supplied by vdd-ao
[    0.142542] SMPS457: supplied by vdd-sys-3v3
[    0.145450] SMPS8: supplied by vdd-sys-3v3
[    0.147071] SMPS9: supplied by vdd-sys-3v3
[    0.147268] random: fast init done
[    0.147604] sdhci-vdd-sd-slot: Bringing 2840000uV into 2800000-2800000uV
[    0.150432] LDO1: supplied by vdd-sys-3v3
[    0.151621] LDO2: supplied by vdd-sys-3v3
[    0.152831] LDO3: supplied by vddio-1v8
[    0.154061] LDO4: supplied by vdd-sys-3v3
[    0.155262] LDO5: supplied by vdd_ac_bat
[    0.156027] LDO6: supplied by vdd-sys-3v3
[    0.156541] vdd-sensor-2v85: Bringing 2900000uV into 2850000-2850000uV
[    0.157975] LDO7: supplied by vdd-sys-3v3
[    0.159713] LDO8: supplied by vdd-ao
[    0.160227] vdd-rtc: Bringing 675000uV into 900000-900000uV
[    0.163947] LDO9: supplied by sdhci-vdd-sd-slot
[    0.174270] LDOLN: supplied by vdd-sys-5v0
[    0.175462] LDOUSB: supplied by vdd-sys-5v0
[    0.187039] pps_core: LinuxPPS API ver. 1 registered
[    0.187048] pps_core: Software ver. 5.3.6 - Copyright 2005-2007 Rodolfo Giometti <giometti@linux.it>
[    0.187069] PTP clock support registered
[    0.187253] EDAC MC: Ver: 3.0.0
[    0.189392] clocksource: Switched to clocksource arch_sys_counter
[    0.198539] NET: Registered protocol family 2
[    0.199049] TCP established hash table entries: 8192 (order: 3, 32768 bytes)
[    0.199147] TCP bind hash table entries: 8192 (order: 4, 65536 bytes)
[    0.199333] TCP: Hash tables configured (established 8192 bind 8192)
[    0.199411] UDP hash table entries: 512 (order: 2, 16384 bytes)
[    0.199453] UDP-Lite hash table entries: 512 (order: 2, 16384 bytes)
[    0.199609] NET: Registered protocol family 1
[    0.199917] RPC: Registered named UNIX socket transport module.
[    0.199926] RPC: Registered udp transport module.
[    0.199933] RPC: Registered tcp transport module.
[    0.199941] RPC: Registered tcp NFSv4.1 backchannel transport module.
[    0.199951] PCI: CLS 0 bytes, default 64
[    0.201980] futex hash table entries: 1024 (order: 4, 65536 bytes)
[    0.202437] workingset: timestamp_bits=30 max_order=19 bucket_order=0
[    0.211011] squashfs: version 4.0 (2009/01/31) Phillip Lougher
[    0.211731] NFS: Registering the id_resolver key type
[    0.211760] Key type id_resolver registered
[    0.211768] Key type id_legacy registered
[    0.211807] ntfs: driver 2.1.32 [Flags: R/O].
[    0.213404] bounce: pool size: 64 pages
[    0.213584] Block layer SCSI generic (bsg) driver version 0.4 loaded (major 248)
[    0.213594] io scheduler noop registered
[    0.213601] io scheduler deadline registered
[    0.213768] io scheduler cfq registered (default)
[    0.243370] tegra-apbdma 6000a000.dma: Tegra20 APB DMA driver register 32 channels
[    0.245186] tegra-pmc 7000e400.pmc: i2c-thermtrip node not found, emergency thermal reset disabled.
[    0.301386] Serial: 8250/16550 driver, 4 ports, IRQ sharing disabled
[    0.304298] console [ttyS0] disabled
[    0.304334] 70006300.serial: ttyS0 at MMIO 0x70006300 (irq = 329, base_baud = 25500000) is a Tegra
[    1.276969] console [ttyS0] enabled
[    1.281232] SuperH (H)SCI(F) driver initialized
[    1.286668] msm_serial: driver initialized
[    1.290960] STMicroelectronics ASC driver initialized
[    1.299442] [drm] Initialized
[    1.305383] tegra-hdmi 54280000.hdmi: failed to get HDMI regulator
[    1.329028] brd: module loaded
[    1.337633] loop: module loaded
[    1.356991] m25p80 spi32766.0: w25q32dw (4096 Kbytes)
[    1.364929] libphy: Fixed MDIO Bus: probed
[    1.370127] CAN device driver interface
[    1.374784] bgmac_bcma: Broadcom 47xx GBit MAC driver loaded
[    1.381765] e1000e: Intel(R) PRO/1000 Network Driver - 3.2.6-k
[    1.387586] e1000e: Copyright(c) 1999 - 2015 Intel Corporation.
[    1.393568] igb: Intel(R) Gigabit Ethernet Network Driver - version 5.4.0-k
[    1.400535] igb: Copyright (c) 2007-2014 Intel Corporation.
[    1.409241] pegasus: v0.9.3 (2013/04/25), Pegasus/Pegasus II USB Ethernet driver
[    1.416688] usbcore: registered new interface driver pegasus
[    1.422402] usbcore: registered new interface driver asix
[    1.427823] usbcore: registered new interface driver ax88179_178a
[    1.433950] usbcore: registered new interface driver cdc_ether
[    1.439837] usbcore: registered new interface driver smsc75xx
[    1.445619] usbcore: registered new interface driver smsc95xx
[    1.451399] usbcore: registered new interface driver net1080
[    1.457082] usbcore: registered new interface driver cdc_subset
[    1.463040] usbcore: registered new interface driver zaurus
[    1.468654] usbcore: registered new interface driver cdc_ncm
[    1.476165] ehci_hcd: USB 2.0 'Enhanced' Host Controller (EHCI) Driver
[    1.482703] ehci-pci: EHCI PCI platform driver
[    1.487175] ehci-platform: EHCI generic platform driver
[    1.492586] ehci-orion: EHCI orion driver
[    1.496711] SPEAr-ehci: EHCI SPEAr driver
[    1.500861] ehci-st: EHCI STMicroelectronics driver
[    1.505856] ehci-exynos: EHCI EXYNOS driver
[    1.510188] ehci-atmel: EHCI Atmel driver
[    1.514314] tegra-ehci: Tegra EHCI driver
[    1.518604] ohci_hcd: USB 1.1 'Open' Host Controller (OHCI) Driver
[    1.524811] ohci-pci: OHCI PCI platform driver
[    1.529284] ohci-platform: OHCI generic platform driver
[    1.534658] ohci-omap3: OHCI OMAP3 driver
[    1.538783] SPEAr-ohci: OHCI SPEAr driver
[    1.542936] ohci-st: OHCI STMicroelectronics driver
[    1.547930] ohci-atmel: OHCI Atmel driver
[    1.552610] usbcore: registered new interface driver usb-storage
[    1.560059] mousedev: PS/2 mouse device common for all mice
[    1.569999] palmas-rtc 7000d000.i2c:tps65913@58:rtc: rtc core: registered 7000d000.i2c:tps659 as rtc0
[    1.580983] tegra_rtc 7000e000.rtc: rtc core: registered 7000e000.rtc as rtc1
[    1.588140] tegra_rtc 7000e000.rtc: Tegra internal Real Time Clock
[    1.594833] i2c /dev entries driver
[    1.604608] sbs-battery 0-000b: sbs_probe: Failed to get device status
[    1.611158] sbs-battery: probe of 0-000b failed with error -121
[    1.626749] sdhci: Secure Digital Host Controller Interface driver
[    1.632952] sdhci: Copyright(c) Pierre Ossman
[    1.638739] Synopsys Designware Multimedia Card Interface Driver
[    1.645789] sdhci-pltfm: SDHCI platform and OF driver helper
[    1.652142] sdhci-tegra 78000400.sdhci: Got CD GPIO
[    1.657029] sdhci-tegra 78000400.sdhci: Got WP GPIO
[    1.663140] mmc0: Invalid maximum block size, assuming 512 bytes
[    1.729524] mmc0: SDHCI controller on 78000400.sdhci [78000400.sdhci] using ADMA
[    1.737195] mmc1: Invalid maximum block size, assuming 512 bytes
[    1.809412] mmc1: SDHCI controller on 78000600.sdhci [78000600.sdhci] using ADMA
[    1.818404] ledtrig-cpu: registered to indicate activity on CPUs
[    1.824703] usbcore: registered new interface driver usbhid
[    1.830288] usbhid: USB HID core driver
[    1.837619] NET: Registered protocol family 10
[    1.842881] Segment Routing with IPv6
[    1.846590] sit: IPv6, IPv4 and MPLS over IPv4 tunneling driver
[    1.853096] NET: Registered protocol family 17
[    1.857538] can: controller area network core (rev 20120528 abi 9)
[    1.863784] NET: Registered protocol family 29
[    1.868222] can: raw protocol (rev 20120528)
[    1.872506] can: broadcast manager protocol (rev 20161123 t)
[    1.878160] can: netlink gateway (rev 20130117) max_hops=1
[    1.883966] Key type dns_resolver registered
[    1.888765] ThumbEE CPU extension supported.
[    1.893055] Registering SWP/SWPB emulation handler
[    1.910923] usb1_vbus: supplied by vdd-sys-5v0
[    1.918172] usb2_vbus: supplied by vdd-sys-5v0
[    1.920203] mmc0: new high speed SDHC card at address aaaa
[    1.922509] mmcblk0: mmc0:aaaa SL16G 14.8 GiB 
[    1.936464] VDD_5V0_HDMI_CON: supplied by vdd-sys-5v0
[    1.946693] [drm] Supports vblank timestamp caching Rev 2 (21.10.2013).
[    1.950248]  mmcblk0: p1 p2 p3
[    1.956403] [drm] No driver support for vblank timestamp query.
[    1.989816] mmc1: new high speed MMC card at address 0001
[    1.991092] mmcblk1: mmc1:0001 SEM32G 29.1 GiB 
[    1.991799] mmcblk1boot0: mmc1:0001 SEM32G partition 1 4.00 MiB
[    1.992397] mmcblk1boot1: mmc1:0001 SEM32G partition 2 4.00 MiB
[    1.993148] mmcblk1rpmb: mmc1:0001 SEM32G partition 3 4.00 MiB
[    1.997334]  mmcblk1: p1 p2 p3 p4 p5 p6 p7 p8
[    2.056447] Console: switching to colour frame buffer device 240x75
[    2.128092] drm drm: fb0:  frame buffer device
[    2.169558] [drm] Initialized tegra 0.0.0 20120330 on minor 0
[    2.181070] tegra-ehci 7d008000.usb: EHCI Host Controller
[    2.186509] tegra-ehci 7d008000.usb: new USB bus registered, assigned bus number 1
[    2.194475] tegra-ehci 7d008000.usb: irq 339, io mem 0x7d008000
[    2.229518] tegra-ehci 7d008000.usb: USB 2.0 started, EHCI 1.10
[    2.236640] hub 1-0:1.0: USB hub found
[    2.240506] hub 1-0:1.0: 1 port detected
[    2.246168] input: gpio-keys as /devices/soc0/gpio-keys/input/input0
[    2.255152] palmas-rtc 7000d000.i2c:tps65913@58:rtc: setting system clock to 2000-10-17 15:36:47 UTC (971797007)
[    2.271392] dvdd_ts: disabling
[    2.274449] usb1_vbus: disabling
[    2.277672] vdd_cam_1v8_reg: disabling
[    2.283216] EXT4-fs (mmcblk1p1): mounting ext3 file system using the ext4 subsystem
[    2.305863] EXT4-fs (mmcblk1p1): recovery complete
[    2.310729] EXT4-fs (mmcblk1p1): mounted filesystem with ordered data mode. Opts: (null)
[    2.318856] VFS: Mounted root (ext3 filesystem) on device 179:17.
[    2.327379] devtmpfs: mounted
[    2.332263] Freeing unused kernel memory: 2048K
bash: cannot set terminal process group (-1): Inappropriate ioctl for device
bash: no job control in this shell
root@(none):/# [    2.599543] usb 1-1: new high-speed USB device number 2 using tegra-ehci
mount -t sysfs none /sys
[    3.272601] asix 1-1:1.0 eth0: register 'asix' at usb-7d008000.usb-1, ASIX AX88772 USB 2.0 Ethernet, 00:50:b6:0d:b5:16
root@(none):/# 
root@(none):/# mount -t debugfs none /sys/kernel/debug
root@(none):/# 
root@(none):/# rtcwake -d rtc1 -m mem -s 3
rtcwake: assuming RTC uses UTC ...
rtcwake: wakeup from "mem" using /dev/rtc1 at Thu Jan  1 00:00:20 1970
[    5.316744] PM: Syncing filesystems ... done.
[    5.355095] Freezing user space processes ... (elapsed 0.001 seconds) done.
[    5.363421] Freezing remaining freezable tasks ... (elapsed 0.001 seconds) done.
[    5.372270] Suspending console(s) (use no_console_suspend to debug)
[    5.431809] PM: suspend of devices complete after 51.877 msecs
[    5.435244] PM: late suspend of devices complete after 3.419 msecs
[    5.437871] PM: noirq suspend of devices complete after 2.617 msecs
[    5.437875] Disabling non-boot CPUs ...
[    5.438712] CPU1: shutdown
[    5.472238] CPU2: shutdown
[    5.531781] IRQ17 no longer affine to CPU3
[    5.532187] CPU3: shutdown
[    5.580912] Entering suspend state LP1
[    5.580912] Suspended for 7.672 seconds
[    5.580930] Enabling non-boot CPUs ...
[    5.611232] CPU1: shutdown
[    5.640415] Error taking CPU1 up: -2
[    5.671184] CPU2: shutdown
[    5.700416] Error taking CPU2 up: -2
[    5.730784] IRQ17 no longer affine to CPU3
[    5.731155] CPU3: shutdown
[    5.760412] Error taking CPU3 up: -2
[    5.761686] PM: noirq resume of devices complete after 1.263 msecs
[    5.763746] PM: early resume of devices complete after 1.599 msecs
[    6.355952] PM: resume of devices complete after 592.191 msecs
[    6.444276] Restarting tasks ... done.
root@(none):/# 
root@(none):/# rtcwake -d rtc1 -m mem -s 3
rtcwake: assuming RTC uses UTC ...
rtcwake: wakeup from "mem" using /dev/rtc1 at Thu Jan  1 00:00:30 1970
[    7.668266] PM: Syncing filesystems ... done.
[    7.704509] Freezing user space processes ... (elapsed 0.001 seconds) done.
[    7.712709] Freezing remaining freezable tasks ... (elapsed 0.001 seconds) done.
[    7.721409] Suspending console(s) (use no_console_suspend to debug)
[    7.781018] PM: suspend of devices complete after 52.060 msecs
[    7.783828] PM: late suspend of devices complete after 2.801 msecs
[    7.786245] PM: noirq suspend of devices complete after 2.410 msecs
[    7.786249] Disabling non-boot CPUs ...
[    7.786254] Entering suspend state LP1
[    7.786254] Suspended for 8.378 seconds
[    7.787553] PM: noirq resume of devices complete after 1.273 msecs
[    7.789710] PM: early resume of devices complete after 1.704 msecs
[    8.375773] PM: resume of devices complete after 586.048 msecs
[    8.425242] Restarting tasks ... done.
root@(none):/# 
root@(none):/# rtcwake -d rtc1 -m mem -s 3
rtcwake: assuming RTC uses UTC ...
rtcwake: wakeup from "mem" using /dev/rtc1 at Thu Jan  1 00:00:40 1970
[    9.296574] PM: Syncing filesystems ... done.
[    9.332007] Freezing user space processes ... (elapsed 0.001 seconds) done.
[    9.340210] Freezing remaining freezable tasks ... (elapsed 0.001 seconds) done.
[    9.348890] Suspending console(s) (use no_console_suspend to debug)
[    9.410957] PM: suspend of devices complete after 54.488 msecs
[    9.413769] PM: late suspend of devices complete after 2.803 msecs
[    9.416172] PM: noirq suspend of devices complete after 2.396 msecs
[    9.416176] Disabling non-boot CPUs ...
[    9.416180] Entering suspend state LP1
[    9.416180] Suspended for 7.787 seconds
[    9.417466] PM: noirq resume of devices complete after 1.260 msecs
[    9.419625] PM: early resume of devices complete after 1.692 msecs
[   10.005818] PM: resume of devices complete after 586.177 msecs
[   10.055286] Restarting tasks ... done.
root@(none):/# 
root@(none):/# rtcwake -d rtc1 -m mem -s 3
rtcwake: assuming RTC uses UTC ...
rtcwake: wakeup from "mem" using /dev/rtc1 at Thu Jan  1 00:00:49 1970
[   10.504068] PM: Syncing filesystems ... done.
[   10.545378] Freezing user space processes ... (elapsed 0.001 seconds) done.
[   10.553577] Freezing remaining freezable tasks ... (elapsed 0.001 seconds) done.
[   10.562278] Suspending console(s) (use no_console_suspend to debug)
[   10.620909] PM: suspend of devices complete after 51.064 msecs
[   10.623718] PM: late suspend of devices complete after 2.800 msecs
[   10.626137] PM: noirq suspend of devices complete after 2.411 msecs
[   10.626141] Disabling non-boot CPUs ...
[   10.626145] Entering suspend state LP1
[   10.626145] Suspended for 7.790 seconds
[   10.627442] PM: noirq resume of devices complete after 1.272 msecs
[   10.629549] PM: early resume of devices complete after 1.651 msecs
[   11.215733] PM: resume of devices complete after 586.168 msecs
[   11.265235] Restarting tasks ... done.
root@(none):/# 
root@(none):/# rtcwake -d rtc1 -m mem -s 3
rtcwake: assuming RTC uses UTC ...
rtcwake: wakeup from "mem" using /dev/rtc1 at Thu Jan  1 00:00:58 1970
[   11.737957] PM: Syncing filesystems ... done.
[   11.772102] Freezing user space processes ... (elapsed 0.001 seconds) done.
[   11.780309] Freezing remaining freezable tasks ... (elapsed 0.001 seconds) done.
[   11.788996] Suspending console(s) (use no_console_suspend to debug)
[   11.850867] PM: suspend of devices complete after 54.306 msecs
[   11.853681] PM: late suspend of devices complete after 2.806 msecs
[   11.856083] PM: noirq suspend of devices complete after 2.393 msecs
[   11.856087] Disabling non-boot CPUs ...
[   11.856091] Entering suspend state LP1
[   11.856091] Suspended for 7.770 seconds
[   11.857377] PM: noirq resume of devices complete after 1.260 msecs
[   11.859504] PM: early resume of devices complete after 1.692 msecs
[   12.445746] PM: resume of devices complete after 586.227 msecs
[   12.495214] Restarting tasks ... done.
root@(none):/# 
root@(none):/# rtcwake -d rtc1 -m mem -s 3
rtcwake: assuming RTC uses UTC ...
rtcwake: wakeup from "mem" using /dev/rtc1 at Thu Jan  1 00:01:07 1970
[   12.956130] PM: Syncing filesystems ... done.
[   12.985350] Freezing user space processes ... (elapsed 0.001 seconds) done.
[   12.993557] Freezing remaining freezable tasks ... (elapsed 0.001 seconds) done.
[   13.002261] Suspending console(s) (use no_console_suspend to debug)
[   13.060808] PM: suspend of devices complete after 50.984 msecs
[   13.063612] PM: late suspend of devices complete after 2.796 msecs
[   13.066032] PM: noirq suspend of devices complete after 2.412 msecs
[   13.066036] Disabling non-boot CPUs ...
[   13.066041] Entering suspend state LP1
[   13.066041] Suspended for 7.790 seconds
[   13.067346] PM: noirq resume of devices complete after 1.279 msecs
[   13.069496] PM: early resume of devices complete after 1.703 msecs
[   13.655645] PM: resume of devices complete after 586.134 msecs
[   13.705129] Restarting tasks ... done.
root@(none):/# 
root@(none):/# rtcwake -d rtc1 -m mem -s 3
rtcwake: assuming RTC uses UTC ...
rtcwake: wakeup from "mem" using /dev/rtc1 at Thu Jan  1 00:01:16 1970
[   14.154668] PM: Syncing filesystems ... done.
[   14.195349] Freezing user space processes ... (elapsed 0.001 seconds) done.
[   14.203557] Freezing remaining freezable tasks ... (elapsed 0.001 seconds) done.
[   14.212259] Suspending console(s) (use no_console_suspend to debug)
[   14.270755] PM: suspend of devices complete after 50.919 msecs
[   14.273564] PM: late suspend of devices complete after 2.801 msecs
[   14.275986] PM: noirq suspend of devices complete after 2.414 msecs
[   14.275990] Disabling non-boot CPUs ...
[   14.275994] Entering suspend state LP1
[   14.275994] Suspended for 7.790 seconds
[   14.277303] PM: noirq resume of devices complete after 1.283 msecs
[   14.279451] PM: early resume of devices complete after 1.705 msecs
[   14.865542] PM: resume of devices complete after 586.076 msecs
[   14.915009] Restarting tasks ... done.
root@(none):/# 
root@(none):/# rtcwake -d rtc1 -m mem -s 3
rtcwake: assuming RTC uses UTC ...
rtcwake: wakeup from "mem" using /dev/rtc1 at Thu Jan  1 00:01:25 1970
[   15.376565] PM: Syncing filesystems ... done.
[   15.405162] Freezing user space processes ... (elapsed 0.001 seconds) done.
[   15.413360] Freezing remaining freezable tasks ... (elapsed 0.001 seconds) done.
[   15.422063] Suspending console(s) (use no_console_suspend to debug)
[   15.480730] PM: suspend of devices complete after 51.104 msecs
[   15.483545] PM: late suspend of devices complete after 2.806 msecs
[   15.485972] PM: noirq suspend of devices complete after 2.418 msecs
[   15.485976] Disabling non-boot CPUs ...
[   15.485979] Entering suspend state LP1
[   15.485979] Suspended for 7.790 seconds
[   15.487286] PM: noirq resume of devices complete after 1.281 msecs
[   15.489438] PM: early resume of devices complete after 1.707 msecs
[   16.080568] PM: resume of devices complete after 591.114 msecs
[   16.130052] Restarting tasks ... done.
root@(none):/# 
root@(none):/# rtcwake -d rtc1 -m mem -s 3
rtcwake: assuming RTC uses UTC ...
rtcwake: wakeup from "mem" using /dev/rtc1 at Thu Jan  1 00:01:34 1970
[   16.585759] PM: Syncing filesystems ... done.
[   16.615165] Freezing user space processes ... (elapsed 0.001 seconds) done.
[   16.623363] Freezing remaining freezable tasks ... (elapsed 0.001 seconds) done.
[   16.632065] Suspending console(s) (use no_console_suspend to debug)
[   16.690659] PM: suspend of devices complete after 51.019 msecs
[   16.693473] PM: late suspend of devices complete after 2.805 msecs
[   16.695891] PM: noirq suspend of devices complete after 2.411 msecs
[   16.695895] Disabling non-boot CPUs ...
[   16.695899] Entering suspend state LP1
[   16.695899] Suspended for 7.790 seconds
[   16.697203] PM: noirq resume of devices complete after 1.278 msecs
[   16.699354] PM: early resume of devices complete after 1.703 msecs
[   17.285816] PM: resume of devices complete after 586.446 msecs
[   17.335302] Restarting tasks ... done.
root@(none):/# 
root@(none):/# rtcwake -d rtc1 -m mem -s 3
rtcwake: assuming RTC uses UTC ...
rtcwake: wakeup from "mem" using /dev/rtc1 at Thu Jan  1 00:01:43 1970
[   17.795319] PM: Syncing filesystems ... done.
[   17.825339] Freezing user space processes ... (elapsed 0.001 seconds) done.
[   17.833538] Freezing remaining freezable tasks ... (elapsed 0.001 seconds) done.
[   17.842242] Suspending console(s) (use no_console_suspend to debug)
[   17.900618] PM: suspend of devices complete after 50.811 msecs
[   17.903441] PM: late suspend of devices complete after 2.814 msecs
[   17.905869] PM: noirq suspend of devices complete after 2.421 msecs
[   17.905873] Disabling non-boot CPUs ...
[   17.905877] Entering suspend state LP1
[   17.905877] Suspended for 7.790 seconds
[   17.907182] PM: noirq resume of devices complete after 1.279 msecs
[   17.909334] PM: early resume of devices complete after 1.706 msecs
[   18.495235] PM: resume of devices complete after 585.886 msecs
[   18.544705] Restarting tasks ... done.
root@(none):/# 
root@(none):/# NVTB SYSTEM SUSPEND TEST COMPLETE
