Diff for ./tegra114-dalmore-a04/tegra114-dalmore/multi_v7_defconfig_log.txt
--- /tmp/fooa	2014-06-15 20:45:40.460180387 -0700
+++ /tmp/foob	2014-06-15 20:45:40.464180387 -0700
@@ -36,21 +36,21 @@
 	 #################################################################
 	 #################################################################
 	 #################################################################
-	 ##########
-	 3.5 MiB/s
+	 ###########
+	 3.3 MiB/s
 done
-Bytes transferred = 4916560 (4b0550 hex)
+Bytes transferred = 4924552 (4b2488 hex)
 Tegra114 (Dalmore) # tftpboot 0x82000000 tegra114-dalmore.dtb
 Using asx0 device
 TFTP from server 192.168.100.1; our IP address is 192.168.100.100
 Filename 'tegra114-dalmore.dtb'.
 Load address: 0x82000000
 Loading: *###
-	 2.5 MiB/s
+	 3 MiB/s
 done
 Bytes transferred = 34244 (85c4 hex)
 Tegra114 (Dalmore) # bootz 0x81000000 - 0x82000000
-Kernel image @ 0x81000000 [ 0x000000 - 0x4b0550 ]
+Kernel image @ 0x81000000 [ 0x000000 - 0x4b2488 ]
 ## Flattened Device Tree blob at 82000000
    Booting using the fdt blob at 0x82000000
    Loading Device Tree to 8fff4000, end 8ffff5c3 ... OK
@@ -58,7 +58,7 @@
 Starting kernel ...
 
 Booting Linux on physical CPU 0x0
-Linux version 3.15.0-next-20140613-28357-gf9801c5 (pwalmsley@kaivo) (gcc version 4.7.3 20130328 (prerelease) (crosstool-NG linaro-1.13.1-4.7-2013.04-20130415 - Linaro GCC 2013.04) ) #1 SMP Fri Jun 13 00:18:00 PDT 2014
+Linux version 3.15.0-next-20140616-28675-gc6b4752 (pwalmsley@kaivo) (gcc version 4.7.3 20130328 (prerelease) (crosstool-NG linaro-1.13.1-4.7-2013.04-20130415 - Linaro GCC 2013.04) ) #1 SMP Sun Jun 15 20:33:22 PDT 2014
 CPU: ARMv7 Processor [412fc0f2] revision 2 (ARMv7), cr=10c5387d
 CPU: PIPT / VIPT nonaliasing data cache, PIPT instruction cache
 Machine model: NVIDIA Tegra114 Dalmore evaluation board
@@ -66,7 +66,7 @@
 cma: CMA: reserved 64 MiB at ab800000
 Memory policy: Data cache writealloc
 On node 0 totalpages: 524032
-free_area_init_node: node 0, pgdat c0c38bc0, node_mem_map ea7d8000
+free_area_init_node: node 0, pgdat c0c3b980, node_mem_map ea7d8000
   DMA zone: 1520 pages used for memmap
   DMA zone: 0 pages reserved
   DMA zone: 194560 pages, LIFO batch:31
@@ -81,7 +81,7 @@
 PID hash table entries: 4096 (order: 2, 16384 bytes)
 Dentry cache hash table entries: 131072 (order: 7, 524288 bytes)
 Inode-cache hash table entries: 65536 (order: 6, 262144 bytes)
-Memory: 2002196K/2096128K available (6333K kernel code, 890K rwdata, 2556K rodata, 652K init, 304K bss, 93932K reserved, 1317888K highmem)
+Memory: 2002184K/2096128K available (6341K kernel code, 893K rwdata, 2560K rodata, 652K init, 304K bss, 93944K reserved, 1317888K highmem)
 Virtual kernel memory layout:
     vector  : 0xffff0000 - 0xffff1000   (   4 kB)
     fixmap  : 0xffc00000 - 0xffe00000   (2048 kB)
@@ -89,10 +89,10 @@
     lowmem  : 0xc0000000 - 0xef800000   ( 760 MB)
     pkmap   : 0xbfe00000 - 0xc0000000   (   2 MB)
     modules : 0xbf000000 - 0xbfe00000   (  14 MB)
-      .text : 0xc0208000 - 0xc0ab67c0   (8890 kB)
-      .init : 0xc0ab7000 - 0xc0b5a100   ( 653 kB)
-      .data : 0xc0b5c000 - 0xc0c3a8c0   ( 891 kB)
-       .bss : 0xc0c3a8c8 - 0xc0c86958   ( 305 kB)
+      .text : 0xc0208000 - 0xc0ab9984   (8903 kB)
+      .init : 0xc0aba000 - 0xc0b5d100   ( 653 kB)
+      .data : 0xc0b5e000 - 0xc0c3d680   ( 894 kB)
+       .bss : 0xc0c3d688 - 0xc0c89758   ( 305 kB)
 SLUB: HWalign=64, Order=0-3, MinObjects=0, CPUs=4, Nodes=1
 Hierarchical RCU implementation.
 	RCU restricting CPUs from NR_CPUS=8 to nr_cpu_ids=4.
@@ -114,7 +114,7 @@
 /cpus/cpu@2 missing clock-frequency property
 /cpus/cpu@3 missing clock-frequency property
 CPU0: thread -1, cpu 0, socket 0, mpidr 80000000
-Setting up static identity map for 0x807fba88 - 0x807fbb20
+Setting up static identity map for 0x807fdb48 - 0x807fdbe0
 CPU1: Booted secondary processor
 CPU1: thread -1, cpu 1, socket 0, mpidr 80000001
 CPU2: Booted secondary processor
@@ -363,7 +363,7 @@
 platform 54280000.hdmi: Driver tegra-hdmi requests probe deferral
 input: gpio-keys as /devices/soc0/gpio-keys/input/input1
 i2c 0-004c: Driver lm90 requests probe deferral
-palmas-rtc 7000d000.i2c:tps65913@58:rtc: setting system clock to 2000-01-11 08:40:55 UTC (947580055)
+palmas-rtc 7000d000.i2c:tps65913@58:rtc: setting system clock to 2000-01-14 04:56:32 UTC (947825792)
 tegra-dsi 54300000.dsi: cannot get VDD supply
 platform 54300000.dsi: Driver tegra-dsi requests probe deferral
 tegra-hdmi 54280000.hdmi: failed to get PLL regulator
Diff for ./tegra114-dalmore-a04/tegra114-dalmore/tegra_defconfig_log.txt
--- /tmp/fooa	2014-06-15 20:45:40.480180391 -0700
+++ /tmp/foob	2014-06-15 20:45:40.484180392 -0700
@@ -35,10 +35,10 @@
 	 #################################################################
 	 #################################################################
 	 #################################################################
-	 #########################################
-	 3.2 MiB/s
+	 ##########################################
+	 3.3 MiB/s
 done
-Bytes transferred = 4418352 (436b30 hex)
+Bytes transferred = 4420288 (4372c0 hex)
 Tegra114 (Dalmore) # tftpboot 0x82000000 tegra114-dalmore.dtb
 Using asx0 device
 TFTP from server 192.168.100.1; our IP address is 192.168.100.100
@@ -49,7 +49,7 @@
 done
 Bytes transferred = 34244 (85c4 hex)
 Tegra114 (Dalmore) # bootz 0x81000000 - 0x82000000
-Kernel image @ 0x81000000 [ 0x000000 - 0x436b30 ]
+Kernel image @ 0x81000000 [ 0x000000 - 0x4372c0 ]
 ## Flattened Device Tree blob at 82000000
    Booting using the fdt blob at 0x82000000
    Loading Device Tree to 8fff4000, end 8ffff5c3 ... OK
@@ -60,7 +60,7 @@
 Booting Linux on physical CPU 0x0
 Initializing cgroup subsys cpu
 Initializing cgroup subsys cpuacct
-Linux version 3.15.0-next-20140613-67127-gf9801c5 (pwalmsley@tamien) (gcc version 4.7.3 20130328 (prerelease) (crosstool-NG linaro-1.13.1-4.7-2013.04-20130415 - Linaro GCC 2013.04) ) #1 SMP PREEMPT Fri Jun 13 00:18:44 PDT 2014
+Linux version 3.15.0-next-20140616-67445-gc6b4752 (pwalmsley@tamien) (gcc version 4.7.3 20130328 (prerelease) (crosstool-NG linaro-1.13.1-4.7-2013.04-20130415 - Linaro GCC 2013.04) ) #1 SMP PREEMPT Sun Jun 15 20:34:40 PDT 2014
 CPU: ARMv7 Processor [412fc0f2] revision 2 (ARMv7), cr=10c5387d
 CPU: PIPT / VIPT nonaliasing data cache, PIPT instruction cache
 Machine model: NVIDIA Tegra114 Dalmore evaluation board
@@ -68,7 +68,7 @@
 cma: CMA: reserved 64 MiB at ab800000
 Memory policy: Data cache writealloc
 On node 0 totalpages: 524032
-free_area_init_node: node 0, pgdat c0873080, node_mem_map ea7d7000
+free_area_init_node: node 0, pgdat c0875ec0, node_mem_map ea7d7000
   Normal zone: 1520 pages used for memmap
   Normal zone: 0 pages reserved
   Normal zone: 194560 pages, LIFO batch:31
@@ -83,7 +83,7 @@
 PID hash table entries: 4096 (order: 2, 16384 bytes)
 Dentry cache hash table entries: 131072 (order: 7, 524288 bytes)
 Inode-cache hash table entries: 65536 (order: 6, 262144 bytes)
-Memory: 2003956K/2096128K available (6031K kernel code, 330K rwdata, 1992K rodata, 264K init, 357K bss, 92172K reserved, 1317888K highmem)
+Memory: 2003944K/2096128K available (6035K kernel code, 334K rwdata, 1992K rodata, 264K init, 357K bss, 92184K reserved, 1317888K highmem)
 Virtual kernel memory layout:
     vector  : 0xffff0000 - 0xffff1000   (   4 kB)
     fixmap  : 0xffc00000 - 0xffe00000   (2048 kB)
@@ -91,10 +91,10 @@
     lowmem  : 0xc0000000 - 0xef800000   ( 760 MB)
     pkmap   : 0xbfe00000 - 0xc0000000   (   2 MB)
     modules : 0xbf000000 - 0xbfe00000   (  14 MB)
-      .text : 0xc0008000 - 0xc07de270   (8025 kB)
-      .init : 0xc07df000 - 0xc0821240   ( 265 kB)
-      .data : 0xc0822000 - 0xc08749c0   ( 331 kB)
-       .bss : 0xc08749cc - 0xc08cdf3c   ( 358 kB)
+      .text : 0xc0008000 - 0xc07df324   (8029 kB)
+      .init : 0xc07e0000 - 0xc0822240   ( 265 kB)
+      .data : 0xc0824000 - 0xc0877800   ( 334 kB)
+       .bss : 0xc087780c - 0xc08d0dbc   ( 358 kB)
 Preemptible hierarchical RCU implementation.
 NR_IRQS:16 nr_irqs:16 16
 L2C: failed to init: -19
@@ -115,7 +115,7 @@
 /cpus/cpu@2 missing clock-frequency property
 /cpus/cpu@3 missing clock-frequency property
 CPU0: thread -1, cpu 0, socket 0, mpidr 80000000
-Setting up static identity map for 0x805b7600 - 0x805b7698
+Setting up static identity map for 0x805b8428 - 0x805b84c0
 CPU1: Booted secondary processor
 CPU1: thread -1, cpu 1, socket 0, mpidr 80000001
 CPU2: Booted secondary processor
@@ -375,7 +375,7 @@
 i2c 0-004c: Driver lm90 requests probe deferral
 tegra-dsi 54300000.dsi: cannot get VDD supply
 platform 54300000.dsi: Driver tegra-dsi requests probe deferral
-palmas-rtc 7000d000.i2c:tps65913@58:rtc: setting system clock to 2000-01-11 08:42:50 UTC (947580170)
+palmas-rtc 7000d000.i2c:tps65913@58:rtc: setting system clock to 2000-01-14 04:57:59 UTC (947825879)
 tegra-hdmi 54280000.hdmi: failed to get PLL regulator
 platform 54280000.hdmi: Driver tegra-hdmi requests probe deferral
 VDD_5V0_HDMI_CON: disabling
@@ -391,7 +391,7 @@
 EXT3-fs (mmcblk0p1): mounted filesystem with writeback data mode
 VFS: Mounted root (ext3 filesystem) on device 179:1.
 devtmpfs: mounted
-Freeing unused kernel memory: 264K (c07df000 - c0821000)
+Freeing unused kernel memory: 264K (c07e0000 - c0822000)
 bash: cannot set terminal process group (-1): Inappropriate ioctl for device
 bash: no job control in this shell
-root@(none):/# [    2.952076] usb 1-1: new high-speed USB device number 2 using tegra-ehci
+root@(none):/# [    2.952176] usb 1-1: new high-speed USB device number 2 using tegra-ehci
Diff for ./tegra114-dalmore-a04/tegra114-dalmore/tegra_defconfig%tegra114_mergeconfig_log.txt
--- /tmp/fooa	2014-06-15 20:45:40.488180393 -0700
+++ /tmp/foob	2014-06-15 20:45:40.492180393 -0700
@@ -38,18 +38,18 @@
 	 #######################################
 	 3.6 MiB/s
 done
-Bytes transferred = 4384560 (42e730 hex)
+Bytes transferred = 4388032 (42f4c0 hex)
 Tegra114 (Dalmore) # tftpboot 0x82000000 tegra114-dalmore.dtb
 Using asx0 device
 TFTP from server 192.168.100.1; our IP address is 192.168.100.100
 Filename 'tegra114-dalmore.dtb'.
 Load address: 0x82000000
 Loading: *###
-	 3.6 MiB/s
+	 2.7 MiB/s
 done
 Bytes transferred = 34244 (85c4 hex)
 Tegra114 (Dalmore) # bootz 0x81000000 - 0x82000000
-Kernel image @ 0x81000000 [ 0x000000 - 0x42e730 ]
+Kernel image @ 0x81000000 [ 0x000000 - 0x42f4c0 ]
 ## Flattened Device Tree blob at 82000000
    Booting using the fdt blob at 0x82000000
    Loading Device Tree to 8fff4000, end 8ffff5c3 ... OK
@@ -60,7 +60,7 @@
 Booting Linux on physical CPU 0x0
 Initializing cgroup subsys cpu
 Initializing cgroup subsys cpuacct
-Linux version 3.15.0-next-20140613-28357-gf9801c5 (pwalmsley@kaivo) (gcc version 4.7.3 20130328 (prerelease) (crosstool-NG linaro-1.13.1-4.7-2013.04-20130415 - Linaro GCC 2013.04) ) #1 SMP PREEMPT Fri Jun 13 00:23:19 PDT 2014
+Linux version 3.15.0-next-20140616-28675-gc6b4752 (pwalmsley@kaivo) (gcc version 4.7.3 20130328 (prerelease) (crosstool-NG linaro-1.13.1-4.7-2013.04-20130415 - Linaro GCC 2013.04) ) #1 SMP PREEMPT Sun Jun 15 20:38:32 PDT 2014
 CPU: ARMv7 Processor [412fc0f2] revision 2 (ARMv7), cr=10c5387d
 CPU: PIPT / VIPT nonaliasing data cache, PIPT instruction cache
 Machine model: NVIDIA Tegra114 Dalmore evaluation board
@@ -68,7 +68,7 @@
 cma: CMA: reserved 64 MiB at ab800000
 Memory policy: Data cache writealloc
 On node 0 totalpages: 524032
-free_area_init_node: node 0, pgdat c0857100, node_mem_map ea7d7000
+free_area_init_node: node 0, pgdat c0859f80, node_mem_map ea7d7000
   Normal zone: 1520 pages used for memmap
   Normal zone: 0 pages reserved
   Normal zone: 194560 pages, LIFO batch:31
@@ -83,7 +83,7 @@
 PID hash table entries: 4096 (order: 2, 16384 bytes)
 Dentry cache hash table entries: 131072 (order: 7, 524288 bytes)
 Inode-cache hash table entries: 65536 (order: 6, 262144 bytes)
-Memory: 2004068K/2096128K available (6006K kernel code, 314K rwdata, 1936K rodata, 252K init, 357K bss, 92060K reserved, 1317888K highmem)
+Memory: 2004056K/2096128K available (6010K kernel code, 318K rwdata, 1940K rodata, 252K init, 357K bss, 92072K reserved, 1317888K highmem)
 Virtual kernel memory layout:
     vector  : 0xffff0000 - 0xffff1000   (   4 kB)
     fixmap  : 0xffc00000 - 0xffe00000   (2048 kB)
@@ -91,10 +91,10 @@
     lowmem  : 0xc0000000 - 0xef800000   ( 760 MB)
     pkmap   : 0xbfe00000 - 0xc0000000   (   2 MB)
     modules : 0xbf000000 - 0xbfe00000   (  14 MB)
-      .text : 0xc0008000 - 0xc07c9f20   (7944 kB)
-      .init : 0xc07ca000 - 0xc0809240   ( 253 kB)
-      .data : 0xc080a000 - 0xc0858a40   ( 315 kB)
-       .bss : 0xc0858a4c - 0xc08b1f3c   ( 358 kB)
+      .text : 0xc0008000 - 0xc07cbfd4   (7952 kB)
+      .init : 0xc07cc000 - 0xc080b240   ( 253 kB)
+      .data : 0xc080c000 - 0xc085b8c0   ( 319 kB)
+       .bss : 0xc085b8cc - 0xc08b4dfc   ( 358 kB)
 Preemptible hierarchical RCU implementation.
 NR_IRQS:16 nr_irqs:16 16
 L2C: failed to init: -19
@@ -115,7 +115,7 @@
 /cpus/cpu@2 missing clock-frequency property
 /cpus/cpu@3 missing clock-frequency property
 CPU0: thread -1, cpu 0, socket 0, mpidr 80000000
-Setting up static identity map for 0x805b1ce0 - 0x805b1d78
+Setting up static identity map for 0x805b2b00 - 0x805b2b98
 CPU1: Booted secondary processor
 CPU1: thread -1, cpu 1, socket 0, mpidr 80000001
 CPU2: Booted secondary processor
@@ -381,8 +381,12 @@
 i2c 0-004c: Driver lm90 requests probe deferral
 tegra-snd-rt5640 sound: ASoC: CPU DAI (null) not registered
 tegra-snd-rt5640 sound: snd_soc_register_card failed (-517)
-palmas-rtc 7000d000.i2c:tps65913@58:rtc: setting system clock to 2000-01-11 08:46:40 UTC (947580400)
+palmas-rtc 7000d000.i2c:tps65913@58:rtc: setting system clock to 2000-01-14 05:01:50 UTC (947826110)
 platform sound: Driver tegra-snd-rt5640 requests probe deferral
+tegra-dsi 54300000.dsi: cannot get VDD supply
+platform 54300000.dsi: Driver tegra-dsi requests probe deferral
+tegra-hdmi 54280000.hdmi: failed to get PLL regulator
+platform 54280000.hdmi: Driver tegra-hdmi requests probe deferral
 VDD_5V0_HDMI_CON: disabling
 vdd_cam_1v8_reg: disabling
 vdd_hdmi_5v0: disabling
@@ -390,17 +394,14 @@
 dvdd_ts: disabling
 ALSA device list:
   No soundcards found.
-tegra-dsi 54300000.dsi: cannot get VDD supply
-platform 54300000.dsi: Driver tegra-dsi requests probe deferral
-tegra-hdmi 54280000.hdmi: failed to get PLL regulator
-platform 54280000.hdmi: Driver tegra-hdmi requests probe deferral
 kjournald starting.  Commit interval 5 seconds
 EXT3-fs (mmcblk0p1): using internal journal
 EXT3-fs (mmcblk0p1): recovery complete
 EXT3-fs (mmcblk0p1): mounted filesystem with writeback data mode
 VFS: Mounted root (ext3 filesystem) on device 179:1.
 devtmpfs: mounted
-Freeing unused kernel memory: 252K (c07ca000 - c0809000)
+Freeing unused kernel memory: 252K (c07cc000 - c080b000)
 bash: cannot set terminal process group (-1): Inappropriate ioctl for device
 bash: no job control in this shell
-root@(none):/# [    2.951988] usb 1-1: new high-speed USB device number 2 using tegra-ehci
+usb 1-1: new high-speed USB device number 2 using tegra-ehci
+root@(none):/# 
\ No newline at end of file
Diff for ./tegra114-dalmore-a04/tegra114-dalmore/tegra_defconfig%tegra20,114_mergeconfig_log.txt
--- /tmp/fooa	2014-06-15 20:45:40.500180394 -0700
+++ /tmp/foob	2014-06-15 20:45:40.504180395 -0700
@@ -35,21 +35,21 @@
 	 #################################################################
 	 #################################################################
 	 #################################################################
-	 ########################################
-	 3.5 MiB/s
+	 #########################################
+	 3.6 MiB/s
 done
-Bytes transferred = 4401408 (432900 hex)
+Bytes transferred = 4405664 (4339a0 hex)
 Tegra114 (Dalmore) # tftpboot 0x82000000 tegra114-dalmore.dtb
 Using asx0 device
 TFTP from server 192.168.100.1; our IP address is 192.168.100.100
 Filename 'tegra114-dalmore.dtb'.
 Load address: 0x82000000
 Loading: *###
-	 2.3 MiB/s
+	 3 MiB/s
 done
 Bytes transferred = 34244 (85c4 hex)
 Tegra114 (Dalmore) # bootz 0x81000000 - 0x82000000
-Kernel image @ 0x81000000 [ 0x000000 - 0x432900 ]
+Kernel image @ 0x81000000 [ 0x000000 - 0x4339a0 ]
 ## Flattened Device Tree blob at 82000000
    Booting using the fdt blob at 0x82000000
    Loading Device Tree to 8fff4000, end 8ffff5c3 ... OK
@@ -60,7 +60,7 @@
 Booting Linux on physical CPU 0x0
 Initializing cgroup subsys cpu
 Initializing cgroup subsys cpuacct
-Linux version 3.15.0-next-20140613-67127-gf9801c5 (pwalmsley@tamien) (gcc version 4.7.3 20130328 (prerelease) (crosstool-NG linaro-1.13.1-4.7-2013.04-20130415 - Linaro GCC 2013.04) ) #1 SMP PREEMPT Fri Jun 13 00:24:41 PDT 2014
+Linux version 3.15.0-next-20140616-67445-gc6b4752 (pwalmsley@tamien) (gcc version 4.7.3 20130328 (prerelease) (crosstool-NG linaro-1.13.1-4.7-2013.04-20130415 - Linaro GCC 2013.04) ) #1 SMP PREEMPT Sun Jun 15 20:40:37 PDT 2014
 CPU: ARMv7 Processor [412fc0f2] revision 2 (ARMv7), cr=10c5387d
 CPU: PIPT / VIPT nonaliasing data cache, PIPT instruction cache
 Machine model: NVIDIA Tegra114 Dalmore evaluation board
@@ -68,7 +68,7 @@
 cma: CMA: reserved 64 MiB at ab800000
 Memory policy: Data cache writealloc
 On node 0 totalpages: 524032
-free_area_init_node: node 0, pgdat c0865280, node_mem_map ea7d7000
+free_area_init_node: node 0, pgdat c0868100, node_mem_map ea7d7000
   Normal zone: 1520 pages used for memmap
   Normal zone: 0 pages reserved
   Normal zone: 194560 pages, LIFO batch:31
@@ -83,7 +83,7 @@
 PID hash table entries: 4096 (order: 2, 16384 bytes)
 Dentry cache hash table entries: 131072 (order: 7, 524288 bytes)
 Inode-cache hash table entries: 65536 (order: 6, 262144 bytes)
-Memory: 2004008K/2096128K available (6019K kernel code, 322K rwdata, 1960K rodata, 256K init, 357K bss, 92120K reserved, 1317888K highmem)
+Memory: 2004000K/2096128K available (6023K kernel code, 326K rwdata, 1964K rodata, 256K init, 357K bss, 92128K reserved, 1317888K highmem)
 Virtual kernel memory layout:
     vector  : 0xffff0000 - 0xffff1000   (   4 kB)
     fixmap  : 0xffc00000 - 0xffe00000   (2048 kB)
@@ -91,10 +91,10 @@
     lowmem  : 0xc0000000 - 0xef800000   ( 760 MB)
     pkmap   : 0xbfe00000 - 0xc0000000   (   2 MB)
     modules : 0xbf000000 - 0xbfe00000   (  14 MB)
-      .text : 0xc0008000 - 0xc07d313c   (7981 kB)
-      .init : 0xc07d4000 - 0xc0814240   ( 257 kB)
-      .data : 0xc0816000 - 0xc0866bc0   ( 323 kB)
-       .bss : 0xc0866bcc - 0xc08c00fc   ( 358 kB)
+      .text : 0xc0008000 - 0xc07d51f0   (7989 kB)
+      .init : 0xc07d6000 - 0xc0816240   ( 257 kB)
+      .data : 0xc0818000 - 0xc0869a40   ( 327 kB)
+       .bss : 0xc0869a4c - 0xc08c2fbc   ( 358 kB)
 Preemptible hierarchical RCU implementation.
 NR_IRQS:16 nr_irqs:16 16
 L2C: failed to init: -19
@@ -115,7 +115,7 @@
 /cpus/cpu@2 missing clock-frequency property
 /cpus/cpu@3 missing clock-frequency property
 CPU0: thread -1, cpu 0, socket 0, mpidr 80000000
-Setting up static identity map for 0x805b4b20 - 0x805b4bb8
+Setting up static identity map for 0x805b5948 - 0x805b59e0
 CPU1: Booted secondary processor
 CPU1: thread -1, cpu 1, socket 0, mpidr 80000001
 CPU2: Booted secondary processor
@@ -379,19 +379,19 @@
 platform 54280000.hdmi: Driver tegra-hdmi requests probe deferral
 input: gpio-keys as /devices/soc0/gpio-keys/input/input0
 i2c 0-004c: Driver lm90 requests probe deferral
+palmas-rtc 7000d000.i2c:tps65913@58:rtc: setting system clock to 2000-01-14 05:03:46 UTC (947826226)
+VDD_5V0_HDMI_CON: disabling
 tegra-snd-rt5640 sound: ASoC: CPU DAI (null) not registered
 tegra-snd-rt5640 sound: snd_soc_register_card failed (-517)
-palmas-rtc 7000d000.i2c:tps65913@58:rtc: setting system clock to 2000-01-11 08:47:38 UTC (947580458)
 platform sound: Driver tegra-snd-rt5640 requests probe deferral
-VDD_5V0_HDMI_CON: disabling
 vdd_cam_1v8_reg: disabling
 vdd_hdmi_5v0: disabling
 usb1_vbus: disabling
 dvdd_ts: disabling
+tegra-dsi 54300000.dsi: cannot get VDD supply
 ALSA device list:
   No soundcards found.
-tegra-dsi 54300000.dsi: cannot get VDD supply
-platform 54300000.dsi: Driver tegra-dsi requests probe deferral
+[ .dsi: Driver tegra-dsi requests probe deferral
 tegra-hdmi 54280000.hdmi: failed to get PLL regulator
 platform 54280000.hdmi: Driver tegra-hdmi requests probe deferral
 kjournald starting.  Commit interval 5 seconds
@@ -400,7 +400,7 @@
 EXT3-fs (mmcblk0p1): mounted filesystem with writeback data mode
 VFS: Mounted root (ext3 filesystem) on device 179:1.
 devtmpfs: mounted
-Freeing unused kernel memory: 256K (c07d4000 - c0814000)
+Freeing unused kernel memory: 256K (c07d6000 - c0816000)
 bash: cannot set terminal process group (-1): Inappropriate ioctl for device
 bash: no job control in this shell
-root@(none):/# [    2.962063] usb 1-1: new high-speed USB device number 2 using tegra-ehci
+root@(none):/# [    2.952011] usb 1-1: new high-speed USB device number 2 using tegra-ehci
Diff for ./tegra114-dalmore-a04/tegra114-dalmore/tegra_defconfig%tegra30,114_mergeconfig_log.txt
--- /tmp/fooa	2014-06-15 20:45:40.508180395 -0700
+++ /tmp/foob	2014-06-15 20:45:40.512180395 -0700
@@ -35,21 +35,21 @@
 	 #################################################################
 	 #################################################################
 	 #################################################################
-	 ########################################
-	 3.3 MiB/s
+	 #########################################
+	 3.4 MiB/s
 done
-Bytes transferred = 4401840 (432ab0 hex)
+Bytes transferred = 4405424 (4338b0 hex)
 Tegra114 (Dalmore) # tftpboot 0x82000000 tegra114-dalmore.dtb
 Using asx0 device
 TFTP from server 192.168.100.1; our IP address is 192.168.100.100
 Filename 'tegra114-dalmore.dtb'.
 Load address: 0x82000000
 Loading: *###
-	 3.3 MiB/s
+	 2.5 MiB/s
 done
 Bytes transferred = 34244 (85c4 hex)
 Tegra114 (Dalmore) # bootz 0x81000000 - 0x82000000
-Kernel image @ 0x81000000 [ 0x000000 - 0x432ab0 ]
+Kernel image @ 0x81000000 [ 0x000000 - 0x4338b0 ]
 ## Flattened Device Tree blob at 82000000
    Booting using the fdt blob at 0x82000000
    Loading Device Tree to 8fff4000, end 8ffff5c3 ... OK
@@ -60,7 +60,7 @@
 Booting Linux on physical CPU 0x0
 Initializing cgroup subsys cpu
 Initializing cgroup subsys cpuacct
-Linux version 3.15.0-next-20140613-67127-gf9801c5 (pwalmsley@tamien) (gcc version 4.7.3 20130328 (prerelease) (crosstool-NG linaro-1.13.1-4.7-2013.04-20130415 - Linaro GCC 2013.04) ) #1 SMP PREEMPT Fri Jun 13 00:27:37 PDT 2014
+Linux version 3.15.0-next-20140616-67445-gc6b4752 (pwalmsley@tamien) (gcc version 4.7.3 20130328 (prerelease) (crosstool-NG linaro-1.13.1-4.7-2013.04-20130415 - Linaro GCC 2013.04) ) #1 SMP PREEMPT Sun Jun 15 20:43:34 PDT 2014
 CPU: ARMv7 Processor [412fc0f2] revision 2 (ARMv7), cr=10c5387d
 CPU: PIPT / VIPT nonaliasing data cache, PIPT instruction cache
 Machine model: NVIDIA Tegra114 Dalmore evaluation board
@@ -68,7 +68,7 @@
 cma: CMA: reserved 64 MiB at ab800000
 Memory policy: Data cache writealloc
 On node 0 totalpages: 524032
-free_area_init_node: node 0, pgdat c0866ec0, node_mem_map ea7d7000
+free_area_init_node: node 0, pgdat c0869d40, node_mem_map ea7d7000
   Normal zone: 1520 pages used for memmap
   Normal zone: 0 pages reserved
   Normal zone: 194560 pages, LIFO batch:31
@@ -83,7 +83,7 @@
 PID hash table entries: 4096 (order: 2, 16384 bytes)
 Dentry cache hash table entries: 131072 (order: 7, 524288 bytes)
 Inode-cache hash table entries: 65536 (order: 6, 262144 bytes)
-Memory: 2004004K/2096128K available (6019K kernel code, 322K rwdata, 1968K rodata, 260K init, 357K bss, 92124K reserved, 1317888K highmem)
+Memory: 2003992K/2096128K available (6023K kernel code, 325K rwdata, 1972K rodata, 260K init, 357K bss, 92136K reserved, 1317888K highmem)
 Virtual kernel memory layout:
     vector  : 0xffff0000 - 0xffff1000   (   4 kB)
     fixmap  : 0xffc00000 - 0xffe00000   (2048 kB)
@@ -91,10 +91,10 @@
     lowmem  : 0xc0000000 - 0xef800000   ( 760 MB)
     pkmap   : 0xbfe00000 - 0xc0000000   (   2 MB)
     modules : 0xbf000000 - 0xbfe00000   (  14 MB)
-      .text : 0xc0008000 - 0xc07d506c   (7989 kB)
-      .init : 0xc07d6000 - 0xc0817240   ( 261 kB)
-      .data : 0xc0818000 - 0xc0868800   ( 322 kB)
-       .bss : 0xc086880c - 0xc08c1d3c   ( 358 kB)
+      .text : 0xc0008000 - 0xc07d7120   (7997 kB)
+      .init : 0xc07d8000 - 0xc0819240   ( 261 kB)
+      .data : 0xc081a000 - 0xc086b680   ( 326 kB)
+       .bss : 0xc086b68c - 0xc08c4bfc   ( 358 kB)
 Preemptible hierarchical RCU implementation.
 NR_IRQS:16 nr_irqs:16 16
 L2C: failed to init: -19
@@ -115,7 +115,7 @@
 /cpus/cpu@2 missing clock-frequency property
 /cpus/cpu@3 missing clock-frequency property
 CPU0: thread -1, cpu 0, socket 0, mpidr 80000000
-Setting up static identity map for 0x805b4880 - 0x805b4918
+Setting up static identity map for 0x805b56c0 - 0x805b5758
 CPU1: Booted secondary processor
 CPU1: thread -1, cpu 1, socket 0, mpidr 80000001
 CPU2: Booted secondary processor
@@ -373,7 +373,7 @@
 platform 54280000.hdmi: Driver tegra-hdmi requests probe deferral
 input: gpio-keys as /devices/soc0/gpio-keys/input/input1
 i2c 0-004c: Driver lm90 requests probe deferral
-palmas-rtc 7000d000.i2c:tps65913@58:rtc: setting system clock to 2000-01-11 08:50:19 UTC (947580619)
+palmas-rtc 7000d000.i2c:tps65913@58:rtc: setting system clock to 2000-01-14 05:06:24 UTC (947826384)
 VDD_5V0_HDMI_CON: disabling
 vdd_cam_1v8_reg: disabling
 vdd_hdmi_5v0: disabling
@@ -391,7 +391,7 @@
 EXT3-fs (mmcblk0p1): mounted filesystem with writeback data mode
 VFS: Mounted root (ext3 filesystem) on device 179:1.
 devtmpfs: mounted
-Freeing unused kernel memory: 260K (c07d6000 - c0817000)
+Freeing unused kernel memory: 260K (c07d8000 - c0819000)
 bash: cannot set terminal process group (-1): Inappropriate ioctl for device
 bash: no job control in this shell
-root@(none):/# [    2.941805] usb 1-1: new high-speed USB device number 2 using tegra-ehci
+root@(none):/# [    2.941803] usb 1-1: new high-speed USB device number 2 using tegra-ehci
Diff for ./tegra30-beaver/tegra30-beaver/multi_v7_defconfig_log.txt
--- /tmp/fooa	2014-06-15 20:45:40.520180397 -0700
+++ /tmp/foob	2014-06-15 20:45:40.524180397 -0700
@@ -36,21 +36,21 @@
 	 #################################################################
 	 #################################################################
 	 #################################################################
-	 ##########
-	 3 MiB/s
+	 ###########
+	 3.4 MiB/s
 done
-Bytes transferred = 4916560 (4b0550 hex)
+Bytes transferred = 4924552 (4b2488 hex)
 Tegra30 (Beaver) # tftpboot 0x82000000 tegra30-beaver.dtb
 Using asx0 device
 TFTP from server 192.168.100.1; our IP address is 192.168.100.101
 Filename 'tegra30-beaver.dtb'.
 Load address: 0x82000000
 Loading: *##
-	 2.6 MiB/s
+	 2.9 MiB/s
 done
 Bytes transferred = 24197 (5e85 hex)
 Tegra30 (Beaver) # bootz 0x81000000 - 0x82000000
-Kernel image @ 0x81000000 [ 0x000000 - 0x4b0550 ]
+Kernel image @ 0x81000000 [ 0x000000 - 0x4b2488 ]
 ## Flattened Device Tree blob at 82000000
    Booting using the fdt blob at 0x82000000
    Loading Device Tree to 8fff7000, end 8ffffe84 ... OK
@@ -58,7 +58,7 @@
 Starting kernel ...
 
 Booting Linux on physical CPU 0x0
-Linux version 3.15.0-next-20140613-28357-gf9801c5 (pwalmsley@kaivo) (gcc version 4.7.3 20130328 (prerelease) (crosstool-NG linaro-1.13.1-4.7-2013.04-20130415 - Linaro GCC 2013.04) ) #1 SMP Fri Jun 13 00:18:00 PDT 2014
+Linux version 3.15.0-next-20140616-28675-gc6b4752 (pwalmsley@kaivo) (gcc version 4.7.3 20130328 (prerelease) (crosstool-NG linaro-1.13.1-4.7-2013.04-20130415 - Linaro GCC 2013.04) ) #1 SMP Sun Jun 15 20:33:22 PDT 2014
 CPU: ARMv7 Processor [412fc099] revision 9 (ARMv7), cr=10c5387d
 CPU: PIPT / VIPT nonaliasing data cache, VIPT aliasing instruction cache
 Machine model: NVIDIA Tegra30 Beaver evaluation board
@@ -66,7 +66,7 @@
 cma: CMA: reserved 64 MiB at ab800000
 Memory policy: Data cache writealloc
 On node 0 totalpages: 524032
-free_area_init_node: node 0, pgdat c0c38bc0, node_mem_map ea7d8000
+free_area_init_node: node 0, pgdat c0c3b980, node_mem_map ea7d8000
   DMA zone: 1520 pages used for memmap
   DMA zone: 0 pages reserved
   DMA zone: 194560 pages, LIFO batch:31
@@ -83,7 +83,7 @@
 PID hash table entries: 4096 (order: 2, 16384 bytes)
 Dentry cache hash table entries: 131072 (order: 7, 524288 bytes)
 Inode-cache hash table entries: 65536 (order: 6, 262144 bytes)
-Memory: 2002248K/2096128K available (6333K kernel code, 890K rwdata, 2556K rodata, 652K init, 304K bss, 93880K reserved, 1317888K highmem)
+Memory: 2002236K/2096128K available (6341K kernel code, 893K rwdata, 2560K rodata, 652K init, 304K bss, 93892K reserved, 1317888K highmem)
 Virtual kernel memory layout:
     vector  : 0xffff0000 - 0xffff1000   (   4 kB)
     fixmap  : 0xffc00000 - 0xffe00000   (2048 kB)
@@ -91,10 +91,10 @@
     lowmem  : 0xc0000000 - 0xef800000   ( 760 MB)
     pkmap   : 0xbfe00000 - 0xc0000000   (   2 MB)
     modules : 0xbf000000 - 0xbfe00000   (  14 MB)
-      .text : 0xc0208000 - 0xc0ab67c0   (8890 kB)
-      .init : 0xc0ab7000 - 0xc0b5a100   ( 653 kB)
-      .data : 0xc0b5c000 - 0xc0c3a8c0   ( 891 kB)
-       .bss : 0xc0c3a8c8 - 0xc0c86958   ( 305 kB)
+      .text : 0xc0208000 - 0xc0ab9984   (8903 kB)
+      .init : 0xc0aba000 - 0xc0b5d100   ( 653 kB)
+      .data : 0xc0b5e000 - 0xc0c3d680   ( 894 kB)
+       .bss : 0xc0c3d688 - 0xc0c89758   ( 305 kB)
 SLUB: HWalign=64, Order=0-3, MinObjects=0, CPUs=4, Nodes=1
 Hierarchical RCU implementation.
 	RCU restricting CPUs from NR_CPUS=8 to nr_cpu_ids=4.
@@ -117,7 +117,7 @@
 Mountpoint-cache hash table entries: 2048 (order: 1, 8192 bytes)
 CPU: Testing write buffer coherency: ok
 CPU0: thread -1, cpu 0, socket 0, mpidr 80000000
-Setting up static identity map for 0x807fba88 - 0x807fbb20
+Setting up static identity map for 0x807fdb48 - 0x807fdbe0
 CPU1: Booted secondary processor
 CPU1: thread -1, cpu 1, socket 0, mpidr 80000001
 CPU2: Booted secondary processor
Diff for ./tegra30-beaver/tegra30-beaver/tegra_defconfig_log.txt
--- /tmp/fooa	2014-06-15 20:45:40.536180399 -0700
+++ /tmp/foob	2014-06-15 20:45:40.540180399 -0700
@@ -35,21 +35,21 @@
 	 #################################################################
 	 #################################################################
 	 #################################################################
-	 #########################################
-	 3.4 MiB/s
+	 ##########################################
+	 3.2 MiB/s
 done
-Bytes transferred = 4418352 (436b30 hex)
+Bytes transferred = 4420288 (4372c0 hex)
 Tegra30 (Beaver) # tftpboot 0x82000000 tegra30-beaver.dtb
 Using asx0 device
 TFTP from server 192.168.100.1; our IP address is 192.168.100.101
 Filename 'tegra30-beaver.dtb'.
 Load address: 0x82000000
 Loading: *##
-	 2.6 MiB/s
+	 2.9 MiB/s
 done
 Bytes transferred = 24197 (5e85 hex)
 Tegra30 (Beaver) # bootz 0x81000000 - 0x82000000
-Kernel image @ 0x81000000 [ 0x000000 - 0x436b30 ]
+Kernel image @ 0x81000000 [ 0x000000 - 0x4372c0 ]
 ## Flattened Device Tree blob at 82000000
    Booting using the fdt blob at 0x82000000
    Loading Device Tree to 8fff7000, end 8ffffe84 ... OK
@@ -60,7 +60,7 @@
 Booting Linux on physical CPU 0x0
 Initializing cgroup subsys cpu
 Initializing cgroup subsys cpuacct
-Linux version 3.15.0-next-20140613-67127-gf9801c5 (pwalmsley@tamien) (gcc version 4.7.3 20130328 (prerelease) (crosstool-NG linaro-1.13.1-4.7-2013.04-20130415 - Linaro GCC 2013.04) ) #1 SMP PREEMPT Fri Jun 13 00:18:44 PDT 2014
+Linux version 3.15.0-next-20140616-67445-gc6b4752 (pwalmsley@tamien) (gcc version 4.7.3 20130328 (prerelease) (crosstool-NG linaro-1.13.1-4.7-2013.04-20130415 - Linaro GCC 2013.04) ) #1 SMP PREEMPT Sun Jun 15 20:34:40 PDT 2014
 CPU: ARMv7 Processor [412fc099] revision 9 (ARMv7), cr=10c5387d
 CPU: PIPT / VIPT nonaliasing data cache, VIPT aliasing instruction cache
 Machine model: NVIDIA Tegra30 Beaver evaluation board
@@ -68,7 +68,7 @@
 cma: CMA: reserved 64 MiB at ab800000
 Memory policy: Data cache writealloc
 On node 0 totalpages: 524032
-free_area_init_node: node 0, pgdat c0873080, node_mem_map ea7d7000
+free_area_init_node: node 0, pgdat c0875ec0, node_mem_map ea7d7000
   Normal zone: 1520 pages used for memmap
   Normal zone: 0 pages reserved
   Normal zone: 194560 pages, LIFO batch:31
@@ -85,7 +85,7 @@
 PID hash table entries: 4096 (order: 2, 16384 bytes)
 Dentry cache hash table entries: 131072 (order: 7, 524288 bytes)
 Inode-cache hash table entries: 65536 (order: 6, 262144 bytes)
-Memory: 2004008K/2096128K available (6031K kernel code, 330K rwdata, 1992K rodata, 264K init, 357K bss, 92120K reserved, 1317888K highmem)
+Memory: 2003996K/2096128K available (6035K kernel code, 334K rwdata, 1992K rodata, 264K init, 357K bss, 92132K reserved, 1317888K highmem)
 Virtual kernel memory layout:
     vector  : 0xffff0000 - 0xffff1000   (   4 kB)
     fixmap  : 0xffc00000 - 0xffe00000   (2048 kB)
@@ -93,10 +93,10 @@
     lowmem  : 0xc0000000 - 0xef800000   ( 760 MB)
     pkmap   : 0xbfe00000 - 0xc0000000   (   2 MB)
     modules : 0xbf000000 - 0xbfe00000   (  14 MB)
-      .text : 0xc0008000 - 0xc07de270   (8025 kB)
-      .init : 0xc07df000 - 0xc0821240   ( 265 kB)
-      .data : 0xc0822000 - 0xc08749c0   ( 331 kB)
-       .bss : 0xc08749cc - 0xc08cdf3c   ( 358 kB)
+      .text : 0xc0008000 - 0xc07df324   (8029 kB)
+      .init : 0xc07e0000 - 0xc0822240   ( 265 kB)
+      .data : 0xc0824000 - 0xc0877800   ( 334 kB)
+       .bss : 0xc087780c - 0xc08d0dbc   ( 358 kB)
 Preemptible hierarchical RCU implementation.
 NR_IRQS:16 nr_irqs:16 16
 L2C: platform modifies aux control register: 0x02080000 -> 0x3e480001
@@ -118,7 +118,7 @@
 Initializing cgroup subsys debug
 CPU: Testing write buffer coherency: ok
 CPU0: thread -1, cpu 0, socket 0, mpidr 80000000
-Setting up static identity map for 0x805b7600 - 0x805b7698
+Setting up static identity map for 0x805b8428 - 0x805b84c0
 CPU1: Booted secondary processor
 CPU1: thread -1, cpu 1, socket 0, mpidr 80000001
 CPU2: Booted secondary processor
@@ -390,8 +390,8 @@
 EXT3-fs (mmcblk0p1): mounted filesystem with writeback data mode
 VFS: Mounted root (ext3 filesystem) on device 179:1.
 devtmpfs: mounted
-Freeing unused kernel memory: 264K (c07df000 - c0821000)
+Freeing unused kernel memory: 264K (c07e0000 - c0822000)
 bash: cannot set terminal process group (-1): Inappropriate ioctl for device
 bash: no job control in this shell
-root@(none):/# [    4.647024] usb 2-1: new high-speed USB device number 2 using tegra-ehci
+root@(none):/# [    4.637005] usb 2-1: new high-speed USB device number 2 using tegra-ehci
 asix 2-1:1.0 eth1: register 'asix' at usb-7d008000.usb-1, ASIX AX88772 USB 2.0 Ethernet, 00:50:b6:0f:68:6d
Diff for ./tegra30-beaver/tegra30-beaver/tegra_defconfig%tegra20,30_mergeconfig_log.txt
--- /tmp/fooa	2014-06-15 20:45:40.548180401 -0700
+++ /tmp/foob	2014-06-15 20:45:40.552180401 -0700
@@ -38,7 +38,7 @@
 	 #########################################
 	 3.5 MiB/s
 done
-Bytes transferred = 4412944 (435610 hex)
+Bytes transferred = 4416120 (436278 hex)
 Tegra30 (Beaver) # tftpboot 0x82000000 tegra30-beaver.dtb
 Using asx0 device
 TFTP from server 192.168.100.1; our IP address is 192.168.100.101
@@ -49,7 +49,7 @@
 done
 Bytes transferred = 24197 (5e85 hex)
 Tegra30 (Beaver) # bootz 0x81000000 - 0x82000000
-Kernel image @ 0x81000000 [ 0x000000 - 0x435610 ]
+Kernel image @ 0x81000000 [ 0x000000 - 0x436278 ]
 ## Flattened Device Tree blob at 82000000
    Booting using the fdt blob at 0x82000000
    Loading Device Tree to 8fff7000, end 8ffffe84 ... OK
@@ -60,7 +60,7 @@
 Booting Linux on physical CPU 0x0
 Initializing cgroup subsys cpu
 Initializing cgroup subsys cpuacct
-Linux version 3.15.0-next-20140613-28357-gf9801c5 (pwalmsley@kaivo) (gcc version 4.7.3 20130328 (prerelease) (crosstool-NG linaro-1.13.1-4.7-2013.04-20130415 - Linaro GCC 2013.04) ) #1 SMP PREEMPT Fri Jun 13 00:25:55 PDT 2014
+Linux version 3.15.0-next-20140616-28675-gc6b4752 (pwalmsley@kaivo) (gcc version 4.7.3 20130328 (prerelease) (crosstool-NG linaro-1.13.1-4.7-2013.04-20130415 - Linaro GCC 2013.04) ) #1 SMP PREEMPT Sun Jun 15 20:41:10 PDT 2014
 CPU: ARMv7 Processor [412fc099] revision 9 (ARMv7), cr=10c5387d
 CPU: PIPT / VIPT nonaliasing data cache, VIPT aliasing instruction cache
 Machine model: NVIDIA Tegra30 Beaver evaluation board
@@ -68,7 +68,7 @@
 cma: CMA: reserved 64 MiB at ab800000
 Memory policy: Data cache writealloc
 On node 0 totalpages: 524032
-free_area_init_node: node 0, pgdat c086c100, node_mem_map ea7d7000
+free_area_init_node: node 0, pgdat c086ef40, node_mem_map ea7d7000
   Normal zone: 1520 pages used for memmap
   Normal zone: 0 pages reserved
   Normal zone: 194560 pages, LIFO batch:31
@@ -85,7 +85,7 @@
 PID hash table entries: 4096 (order: 2, 16384 bytes)
 Dentry cache hash table entries: 131072 (order: 7, 524288 bytes)
 Inode-cache hash table entries: 65536 (order: 6, 262144 bytes)
-Memory: 2004036K/2096128K available (6027K kernel code, 326K rwdata, 1976K rodata, 260K init, 357K bss, 92092K reserved, 1317888K highmem)
+Memory: 2004024K/2096128K available (6031K kernel code, 330K rwdata, 1976K rodata, 260K init, 357K bss, 92104K reserved, 1317888K highmem)
 Virtual kernel memory layout:
     vector  : 0xffff0000 - 0xffff1000   (   4 kB)
     fixmap  : 0xffc00000 - 0xffe00000   (2048 kB)
@@ -93,10 +93,10 @@
     lowmem  : 0xc0000000 - 0xef800000   ( 760 MB)
     pkmap   : 0xbfe00000 - 0xc0000000   (   2 MB)
     modules : 0xbf000000 - 0xbfe00000   (  14 MB)
-      .text : 0xc0008000 - 0xc07d91f8   (8005 kB)
-      .init : 0xc07da000 - 0xc081b240   ( 261 kB)
-      .data : 0xc081c000 - 0xc086da40   ( 327 kB)
-       .bss : 0xc086da4c - 0xc08c6f7c   ( 358 kB)
+      .text : 0xc0008000 - 0xc07da2ac   (8009 kB)
+      .init : 0xc07db000 - 0xc081c240   ( 261 kB)
+      .data : 0xc081e000 - 0xc0870880   ( 331 kB)
+       .bss : 0xc087088c - 0xc08c9dfc   ( 358 kB)
 Preemptible hierarchical RCU implementation.
 NR_IRQS:16 nr_irqs:16 16
 L2C: platform modifies aux control register: 0x02080000 -> 0x3e480001
@@ -118,7 +118,7 @@
 Initializing cgroup subsys debug
 CPU: Testing write buffer coherency: ok
 CPU0: thread -1, cpu 0, socket 0, mpidr 80000000
-Setting up static identity map for 0x805b70c0 - 0x805b7158
+Setting up static identity map for 0x805b7ee8 - 0x805b7f80
 CPU1: Booted secondary processor
 CPU1: thread -1, cpu 1, socket 0, mpidr 80000001
 CPU2: Booted secondary processor
@@ -390,8 +390,8 @@
 EXT3-fs (mmcblk0p1): mounted filesystem with writeback data mode
 VFS: Mounted root (ext3 filesystem) on device 179:1.
 devtmpfs: mounted
-Freeing unused kernel memory: 260K (c07da000 - c081b000)
+Freeing unused kernel memory: 260K (c07db000 - c081c000)
 bash: cannot set terminal process group (-1): Inappropriate ioctl for device
 bash: no job control in this shell
-root@(none):/# [    4.637000] usb 2-1: new high-speed USB device number 2 using tegra-ehci
+root@(none):/# [    4.636999] usb 2-1: new high-speed USB device number 2 using tegra-ehci
 asix 2-1:1.0 eth1: register 'asix' at usb-7d008000.usb-1, ASIX AX88772 USB 2.0 Ethernet, 00:50:b6:0f:68:6d
Diff for ./tegra30-beaver/tegra30-beaver/tegra_defconfig%tegra30,114_mergeconfig_log.txt
--- /tmp/fooa	2014-06-15 20:45:40.556180401 -0700
+++ /tmp/foob	2014-06-15 20:45:40.560180402 -0700
@@ -35,21 +35,21 @@
 	 #################################################################
 	 #################################################################
 	 #################################################################
-	 ########################################
-	 3.2 MiB/s
+	 #########################################
+	 3.1 MiB/s
 done
-Bytes transferred = 4401840 (432ab0 hex)
+Bytes transferred = 4405424 (4338b0 hex)
 Tegra30 (Beaver) # tftpboot 0x82000000 tegra30-beaver.dtb
 Using asx0 device
 TFTP from server 192.168.100.1; our IP address is 192.168.100.101
 Filename 'tegra30-beaver.dtb'.
 Load address: 0x82000000
 Loading: *##
-	 2.9 MiB/s
+	 2.6 MiB/s
 done
 Bytes transferred = 24197 (5e85 hex)
 Tegra30 (Beaver) # bootz 0x81000000 - 0x82000000
-Kernel image @ 0x81000000 [ 0x000000 - 0x432ab0 ]
+Kernel image @ 0x81000000 [ 0x000000 - 0x4338b0 ]
 ## Flattened Device Tree blob at 82000000
    Booting using the fdt blob at 0x82000000
    Loading Device Tree to 8fff7000, end 8ffffe84 ... OK
@@ -60,7 +60,7 @@
 Booting Linux on physical CPU 0x0
 Initializing cgroup subsys cpu
 Initializing cgroup subsys cpuacct
-Linux version 3.15.0-next-20140613-67127-gf9801c5 (pwalmsley@tamien) (gcc version 4.7.3 20130328 (prerelease) (crosstool-NG linaro-1.13.1-4.7-2013.04-20130415 - Linaro GCC 2013.04) ) #1 SMP PREEMPT Fri Jun 13 00:27:37 PDT 2014
+Linux version 3.15.0-next-20140616-67445-gc6b4752 (pwalmsley@tamien) (gcc version 4.7.3 20130328 (prerelease) (crosstool-NG linaro-1.13.1-4.7-2013.04-20130415 - Linaro GCC 2013.04) ) #1 SMP PREEMPT Sun Jun 15 20:43:34 PDT 2014
 CPU: ARMv7 Processor [412fc099] revision 9 (ARMv7), cr=10c5387d
 CPU: PIPT / VIPT nonaliasing data cache, VIPT aliasing instruction cache
 Machine model: NVIDIA Tegra30 Beaver evaluation board
@@ -68,7 +68,7 @@
 cma: CMA: reserved 64 MiB at ab800000
 Memory policy: Data cache writealloc
 On node 0 totalpages: 524032
-free_area_init_node: node 0, pgdat c0866ec0, node_mem_map ea7d7000
+free_area_init_node: node 0, pgdat c0869d40, node_mem_map ea7d7000
   Normal zone: 1520 pages used for memmap
   Normal zone: 0 pages reserved
   Normal zone: 194560 pages, LIFO batch:31
@@ -85,7 +85,7 @@
 PID hash table entries: 4096 (order: 2, 16384 bytes)
 Dentry cache hash table entries: 131072 (order: 7, 524288 bytes)
 Inode-cache hash table entries: 65536 (order: 6, 262144 bytes)
-Memory: 2004056K/2096128K available (6019K kernel code, 322K rwdata, 1968K rodata, 260K init, 357K bss, 92072K reserved, 1317888K highmem)
+Memory: 2004044K/2096128K available (6023K kernel code, 325K rwdata, 1972K rodata, 260K init, 357K bss, 92084K reserved, 1317888K highmem)
 Virtual kernel memory layout:
     vector  : 0xffff0000 - 0xffff1000   (   4 kB)
     fixmap  : 0xffc00000 - 0xffe00000   (2048 kB)
@@ -93,10 +93,10 @@
     lowmem  : 0xc0000000 - 0xef800000   ( 760 MB)
     pkmap   : 0xbfe00000 - 0xc0000000   (   2 MB)
     modules : 0xbf000000 - 0xbfe00000   (  14 MB)
-      .text : 0xc0008000 - 0xc07d506c   (7989 kB)
-      .init : 0xc07d6000 - 0xc0817240   ( 261 kB)
-      .data : 0xc0818000 - 0xc0868800   ( 322 kB)
-       .bss : 0xc086880c - 0xc08c1d3c   ( 358 kB)
+      .text : 0xc0008000 - 0xc07d7120   (7997 kB)
+      .init : 0xc07d8000 - 0xc0819240   ( 261 kB)
+      .data : 0xc081a000 - 0xc086b680   ( 326 kB)
+       .bss : 0xc086b68c - 0xc08c4bfc   ( 358 kB)
 Preemptible hierarchical RCU implementation.
 NR_IRQS:16 nr_irqs:16 16
 L2C: platform modifies aux control register: 0x02080000 -> 0x3e480001
@@ -118,7 +118,7 @@
 Initializing cgroup subsys debug
 CPU: Testing write buffer coherency: ok
 CPU0: thread -1, cpu 0, socket 0, mpidr 80000000
-Setting up static identity map for 0x805b4880 - 0x805b4918
+Setting up static identity map for 0x805b56c0 - 0x805b5758
 CPU1: Booted secondary processor
 CPU1: thread -1, cpu 1, socket 0, mpidr 80000001
 CPU2: Booted secondary processor
@@ -390,8 +390,8 @@
 EXT3-fs (mmcblk0p1): mounted filesystem with writeback data mode
 VFS: Mounted root (ext3 filesystem) on device 179:1.
 devtmpfs: mounted
-Freeing unused kernel memory: 260K (c07d6000 - c0817000)
+Freeing unused kernel memory: 260K (c07d8000 - c0819000)
 bash: cannot set terminal process group (-1): Inappropriate ioctl for device
 bash: no job control in this shell
-root@(none):/# [    4.636848] usb 2-1: new high-speed USB device number 2 using tegra-ehci
+root@(none):/# [    4.636852] usb 2-1: new high-speed USB device number 2 using tegra-ehci
 asix 2-1:1.0 eth1: register 'asix' at usb-7d008000.usb-1, ASIX AX88772 USB 2.0 Ethernet, 00:50:b6:0f:68:6d
Diff for ./tegra30-beaver/tegra30-beaver/tegra_defconfig%tegra30_mergeconfig_log.txt
--- /tmp/fooa	2014-06-15 20:45:40.568180403 -0700
+++ /tmp/foob	2014-06-15 20:45:40.568180403 -0700
@@ -36,20 +36,20 @@
 	 #################################################################
 	 #################################################################
 	 ########################################
-	 3.5 MiB/s
+	 3.6 MiB/s
 done
-Bytes transferred = 4397568 (431a00 hex)
+Bytes transferred = 4400248 (432478 hex)
 Tegra30 (Beaver) # tftpboot 0x82000000 tegra30-beaver.dtb
 Using asx0 device
 TFTP from server 192.168.100.1; our IP address is 192.168.100.101
 Filename 'tegra30-beaver.dtb'.
 Load address: 0x82000000
 Loading: *##
-	 2.9 MiB/s
+	 3.3 MiB/s
 done
 Bytes transferred = 24197 (5e85 hex)
 Tegra30 (Beaver) # bootz 0x81000000 - 0x82000000
-Kernel image @ 0x81000000 [ 0x000000 - 0x431a00 ]
+Kernel image @ 0x81000000 [ 0x000000 - 0x432478 ]
 ## Flattened Device Tree blob at 82000000
    Booting using the fdt blob at 0x82000000
    Loading Device Tree to 8fff7000, end 8ffffe84 ... OK
@@ -60,7 +60,7 @@
 Booting Linux on physical CPU 0x0
 Initializing cgroup subsys cpu
 Initializing cgroup subsys cpuacct
-Linux version 3.15.0-next-20140613-67127-gf9801c5 (pwalmsley@tamien) (gcc version 4.7.3 20130328 (prerelease) (crosstool-NG linaro-1.13.1-4.7-2013.04-20130415 - Linaro GCC 2013.04) ) #1 SMP PREEMPT Fri Jun 13 00:21:43 PDT 2014
+Linux version 3.15.0-next-20140616-67445-gc6b4752 (pwalmsley@tamien) (gcc version 4.7.3 20130328 (prerelease) (crosstool-NG linaro-1.13.1-4.7-2013.04-20130415 - Linaro GCC 2013.04) ) #1 SMP PREEMPT Sun Jun 15 20:37:39 PDT 2014
 CPU: ARMv7 Processor [412fc099] revision 9 (ARMv7), cr=10c5387d
 CPU: PIPT / VIPT nonaliasing data cache, VIPT aliasing instruction cache
 Machine model: NVIDIA Tegra30 Beaver evaluation board
@@ -68,7 +68,7 @@
 cma: CMA: reserved 64 MiB at ab800000
 Memory policy: Data cache writealloc
 On node 0 totalpages: 524032
-free_area_init_node: node 0, pgdat c085ff40, node_mem_map ea7d7000
+free_area_init_node: node 0, pgdat c0862d80, node_mem_map ea7d7000
   Normal zone: 1520 pages used for memmap
   Normal zone: 0 pages reserved
   Normal zone: 194560 pages, LIFO batch:31
@@ -85,7 +85,7 @@
 PID hash table entries: 4096 (order: 2, 16384 bytes)
 Dentry cache hash table entries: 131072 (order: 7, 524288 bytes)
 Inode-cache hash table entries: 65536 (order: 6, 262144 bytes)
-Memory: 2004084K/2096128K available (6018K kernel code, 318K rwdata, 1952K rodata, 252K init, 357K bss, 92044K reserved, 1317888K highmem)
+Memory: 2004072K/2096128K available (6019K kernel code, 321K rwdata, 1956K rodata, 252K init, 357K bss, 92056K reserved, 1317888K highmem)
 Virtual kernel memory layout:
     vector  : 0xffff0000 - 0xffff1000   (   4 kB)
     fixmap  : 0xffc00000 - 0xffe00000   (2048 kB)
@@ -93,10 +93,10 @@
     lowmem  : 0xc0000000 - 0xef800000   ( 760 MB)
     pkmap   : 0xbfe00000 - 0xc0000000   (   2 MB)
     modules : 0xbf000000 - 0xbfe00000   (  14 MB)
-      .text : 0xc0008000 - 0xc07d0fec   (7972 kB)
-      .init : 0xc07d1000 - 0xc0810240   ( 253 kB)
-      .data : 0xc0812000 - 0xc0861880   ( 319 kB)
-       .bss : 0xc086188c - 0xc08bad7c   ( 358 kB)
+      .text : 0xc0008000 - 0xc07d20a0   (7977 kB)
+      .init : 0xc07d3000 - 0xc0812240   ( 253 kB)
+      .data : 0xc0814000 - 0xc08646c0   ( 322 kB)
+       .bss : 0xc08646cc - 0xc08bdbfc   ( 358 kB)
 Preemptible hierarchical RCU implementation.
 NR_IRQS:16 nr_irqs:16 16
 L2C: platform modifies aux control register: 0x02080000 -> 0x3e480001
@@ -118,7 +118,7 @@
 Initializing cgroup subsys debug
 CPU: Testing write buffer coherency: ok
 CPU0: thread -1, cpu 0, socket 0, mpidr 80000000
-Setting up static identity map for 0x805b4340 - 0x805b43d8
+Setting up static identity map for 0x805b5180 - 0x805b5218
 CPU1: Booted secondary processor
 CPU1: thread -1, cpu 1, socket 0, mpidr 80000001
 CPU2: Booted secondary processor
@@ -390,8 +390,8 @@
 EXT3-fs (mmcblk0p1): mounted filesystem with writeback data mode
 VFS: Mounted root (ext3 filesystem) on device 179:1.
 devtmpfs: mounted
-Freeing unused kernel memory: 252K (c07d1000 - c0810000)
+Freeing unused kernel memory: 252K (c07d3000 - c0812000)
 bash: cannot set terminal process group (-1): Inappropriate ioctl for device
 bash: no job control in this shell
-root@(none):/# [    4.636853] usb 2-1: new high-speed USB device number 2 using tegra-ehci
+root@(none):/# [    4.636826] usb 2-1: new high-speed USB device number 2 using tegra-ehci
 asix 2-1:1.0 eth1: register 'asix' at usb-7d008000.usb-1, ASIX AX88772 USB 2.0 Ethernet, 00:50:b6:0f:68:6d
