 Processor [411fd071]
[    0.000000] efi: Getting EFI parameters from FDT:
[    0.000000] efi: UEFI not found.
[    0.000000] cma: Reserved 16 MiB at 0x00000000f5400000
[    0.000000] earlycon: uart0 at MMIO 0x0000000070006000 (options '115200n8')
[    0.000000] bootconsole [uart0] enabled
[    0.000000] psci: probing for conduit method from DT.
[    0.000000] psci: PSCIv1.0 detected in firmware.
[    0.000000] psci: Using standard PSCI v0.2 function IDs
[    0.000000] psci: MIGRATE_INFO_UP_CPU reported invalid physical ID (0x80000000)
[    0.000000] percpu: Embedded 21 pages/cpu @ffff8000bff3b000 s48000 r8192 d29824 u86016
[    0.000000] Detected PIPT I-cache on CPU0
[    0.000000] CPU features: enabling workaround for ARM erratum 832075
[    0.000000] CPU features: enabling workaround for ARM erratum 834220
[    0.000000] Built 1 zonelists in Zone order, mobility grouping on.  Total pages: 735336
[    0.000000] Kernel command line: cros_secure vpr=0x08000000@0xf6800000 earlycon
[    0.000000] log_buf_len individual max cpu contribution: 4096 bytes
[    0.000000] log_buf_len total cpu_extra contributions: 12288 bytes
[    0.000000] log_buf_len min size: 16384 bytes
[    0.000000] log_buf_len: 32768 bytes
[    0.000000] early log buf free: 14404(87%)
[    0.000000] PID hash table entries: 4096 (order: 3, 32768 bytes)
[    0.000000] Dentry cache hash table entries: 524288 (order: 10, 4194304 bytes)
[    0.000000] Inode-cache hash table entries: 262144 (order: 9, 2097152 bytes)
[    0.000000] software IO TLB [mem 0xf1400000-0xf5400000] (64MB) mapped at [ffff800071400000-ffff8000753fffff]
[    0.000000] Memory: 2832688K/2988032K available (8252K kernel code, 854K rwdata, 3908K rodata, 1024K init, 281K bss, 138960K reserved, 16384K cma-reserved)
[    0.000000] Virtual kernel memory layout:
[    0.000000]     modules : 0xffff000000000000 - 0xffff000008000000   (   128 MB)
    vmalloc : 0xffff000008000000 - 0xffff7dffbfff0000   (129022 GB)
      .text : 0xffff000008080000 - 0xffff000008890000   (  8256 KB)
    .rodata : 0xffff000008890000 - 0xffff000008c70000   (  3968 KB)
      .init : 0xffff000008c70000 - 0xffff000008d70000   (  1024 KB)
      .data : 0xffff000008d70000 - 0xffff000008e45a00   (   855 KB)
       .bss : 0xffff000008e45a00 - 0xffff000008e8bf40   (   282 KB)
    fixed   : 0xffff7dfffe7fd000 - 0xffff7dfffec00000   (  4108 KB)
    PCI I/O : 0xffff7dfffee00000 - 0xffff7dffffe00000   (    16 MB)
    vmemmap : 0xffff7e0000000000 - 0xffff800000000000   (  2048 GB maximum)
              0xffff7e0000000000 - 0xffff7e0003000000   (    48 MB actual)
    memory  : 0xffff800000000000 - 0xffff8000c0000000   (  3072 MB)
[    0.000000] SLUB: HWalign=64, Order=0-3, MinObjects=0, CPUs=4, Nodes=1
[    0.000000] Preemptible hierarchical RCU implementation.
[    0.000000] 	Build-time adjustment of leaf fanout to 64.
[    0.000000] 	RCU restricting CPUs from NR_CPUS=64 to nr_cpu_ids=4.
[    0.000000] RCU: Adjusting geometry for rcu_fanout_leaf=64, nr_cpu_ids=4
[    0.000000] NR_IRQS:64 nr_irqs:64 0
[    0.000000] GIC: Using split EOI/Deactivate mode
[    0.000000] /interrupt-controller@60004000: 192 interrupts forwarded to /interrupt-controller@50041000
[    0.000000] boot misc0 0x0: expected 0x80000
[    0.000000]  (comparison mask = 0x400ffffb)
[    0.000000] boot misc2 0x1f720005: expected 0x1f720f05
[    0.000000]  (comparison mask = 0xffffff17)
[    0.000000] PLL_C already enabled. Postponing set full defaults
[    0.000000] PLL_MB already enabled. Postponing set full defaults
[    0.000000] PLL_U already enabled. Postponing set full defaults
[    0.000000] PLL_D already enabled. Postponing set full defaults
[    0.000000] PLL_DP already enabled. Postponing set full defaults
[    0.000000] boot misc0 0x0: expected 0x20
[    0.000000]  (comparison mask = 0x7ffffff)
[    0.000000] boot misc1 0x90000000: expected 0xc0000000
[    0.000000]  (comparison mask = 0xf8000000)
[    0.000000] boot misc2 0x0: expected 0xf400f0da
[    0.000000]  (comparison mask = 0xffffffff)
[    0.000000] boot misc3 0x6058: expected 0x2004f400
[    0.000000]  (comparison mask = 0xffffffff)
[    0.000000] PLL_P already enabled. Postponing set full defaults
[    0.000000] PLL_X already enabled. Postponing set full defaults
[    0.000000] boot misc1 0x0: expected 0x20
[    0.000000]  (comparison mask = 0xffffff)
[    0.000000] arm_arch_timer: Architected cp15 timer(s) running at 19.20MHz (phys).
[    0.000000] clocksource: arch_sys_counter: mask: 0xffffffffffffff max_cycles: 0x46d987e47, max_idle_ns: 440795202767 ns
[    0.000002] sched_clock: 56 bits at 19MHz, resolution 52ns, wraps every 4398046511078ns
[    0.008344] Console: colour dummy device 80x25
[    0.012923] Calibrating delay loop (skipped), value calculated using timer frequency.. 38.40 BogoMIPS (lpj=76800)
[    0.023478] pid_max: default: 32768 minimum: 301
[    0.028265] Security Framework initialized
[    0.032498] Mount-cache hash table entries: 8192 (order: 4, 65536 bytes)
[    0.039389] Mountpoint-cache hash table entries: 8192 (order: 4, 65536 bytes)
[    0.058761] ASID allocator initialised with 65536 entries
[    0.085027] Speedo Revision 4
[    0.088080] Tegra Revision: A02 SKU: 19 CPU Process: 0 SoC Process: 0
[    0.142829] EFI services will not be available.
[    0.195648] Detected PIPT I-cache on CPU1
[    0.195676] CPU1: Booted secondary processor [411fd071]
[    0.227681] Detected PIPT I-cache on CPU2
[    0.227699] CPU2: Booted secondary processor [411fd071]
[    0.259722] Detected PIPT I-cache on CPU3
[    0.259739] CPU3: Booted secondary processor [411fd071]
[    0.259781] Brought up 4 CPUs
[    0.291275] SMP: Total of 4 processors activated.
[    0.296112] CPU features: detected feature: 32-bit EL0 Support
[    0.302137] CPU: All CPU(s) started at EL2
[    0.306356] alternatives: patching kernel code
[    0.313282] devtmpfs: initialized
[    0.323303] DMI not present or invalid.
[    0.327380] clocksource: jiffies: mask: 0xffffffff max_cycles: 0xffffffff, max_idle_ns: 7645041785100000 ns
[    0.337635] pinctrl core: initialized pinctrl subsystem
[    0.343873] NET: Registered protocol family 16
[    0.364478] cpuidle: using governor menu
[    0.368974] vdso: 2 pages (1 code @ ffff000008897000, 1 data @ ffff000008d74000)
[    0.376591] hw-breakpoint: found 6 breakpoint and 4 watchpoint registers.
[    0.384015] DMA: preallocated 256 KiB pool for atomic allocations
[    0.391341] Serial: AMBA PL011 UART driver
[    0.427907] HugeTLB registered 2 MB page size, pre-allocated 0 pages
[    0.435424] ACPI: Interpreter disabled.
[    0.439715] PPLCD_VDD: Failed to request enable GPIO172: -517
[    0.445677] reg-fixed-voltage regulators:regulator@1: Failed to register regulator: -517
[    0.454310] PP1800_LCDIO: Failed to request enable GPIO171: -517
[    0.460486] reg-fixed-voltage regulators:regulator@5: Failed to register regulator: -517
[    0.468834] PP1800_CAM: Failed to request enable GPIO83: -517
[    0.474737] reg-fixed-voltage regulators:regulator@6: Failed to register regulator: -517
[    0.483415] vgaarb: loaded
[    0.486325] SCSI subsystem initialized
[    0.490454] usbcore: registered new interface driver usbfs
[    0.496125] usbcore: registered new interface driver hub
[    0.501620] usbcore: registered new device driver usb
[    0.507491] tegra-i2c 7000d100.i2c: could not find pctldev for node /host1x@50000000/dpaux@545c0000/pinmux-i2c, deferring probe
[    0.519370] pps_core: LinuxPPS API ver. 1 registered
[    0.524473] pps_core: Software ver. 5.3.6 - Copyright 2005-2007 Rodolfo Giometti <giometti@linux.it>
[    0.533867] PTP clock support registered
[    0.537980] dmi: Firmware registration failed.
[    0.542981] Advanced Linux Sound Architecture Driver Initialized.
[    0.549656] clocksource: Switched to clocksource arch_sys_counter
[    0.555996] VFS: Disk quotas dquot_6.6.0
[    0.560060] VFS: Dquot-cache hash table entries: 512 (order 0, 4096 bytes)
[    0.567252] pnp: PnP ACPI: disabled
[    0.575397] NET: Registered protocol family 2
[    0.580146] TCP established hash table entries: 32768 (order: 6, 262144 bytes)
[    0.587688] TCP bind hash table entries: 32768 (order: 7, 524288 bytes)
[    0.594671] TCP: Hash tables configured (established 32768 bind 32768)
[    0.601436] UDP hash table entries: 2048 (order: 4, 65536 bytes)
[    0.607632] UDP-Lite hash table entries: 2048 (order: 4, 65536 bytes)
[    0.614359] NET: Registered protocol family 1
[    0.619020] RPC: Registered named UNIX socket transport module.
[    0.625107] RPC: Registered udp transport module.
[    0.629938] RPC: Registered tcp transport module.
[    0.634771] RPC: Registered tcp NFSv4.1 backchannel transport module.
[    0.641509] Unpacking initramfs...
[    0.731432] Freeing initrd memory: 2364K (ffff80000a06f000 - ffff80000a2be000)
[    0.739236] kvm [1]: 8-bit VMID
[    0.742468] kvm [1]: IDMAP page: 80880000
[    0.746587] kvm [1]: HYP VA range: 800000000000:ffffffffffff
[    0.752978] kvm [1]: Hyp mode initialized successfully
[    0.758291] kvm [1]: vgic-v2@50044000
[    0.762128] kvm [1]: vgic interrupt IRQ1
[    0.766166] kvm [1]: virtual timer IRQ4
[    0.771322] futex hash table entries: 1024 (order: 5, 131072 bytes)
[    0.777823] audit: initializing netlink subsys (disabled)
[    0.783394] audit: type=2000 audit(0.715:1): initialized
[    0.789090] workingset: timestamp_bits=46 max_order=20 bucket_order=0
[    0.801176] squashfs: version 4.0 (2009/01/31) Phillip Lougher
[    0.807639] NFS: Registering the id_resolver key type
[    0.812841] Key type id_resolver registered
[    0.817137] Key type id_legacy registered
[    0.821259] nfs4filelayout_init: NFSv4 File Layout Driver Registering...
[    0.828241] 9p: Installing v9fs 9p2000 file system support
[    0.835244] Block layer SCSI generic (bsg) driver version 0.4 loaded (major 247)
[    0.842852] io scheduler noop registered
[    0.846959] io scheduler cfq registered (default)
[    0.852858] usb3-0 supply vbus not found, using dummy regulator
[    0.859853] libphy: mdio_driver_register: phy-bcm-ns2-pci
[    0.872197] tegra-apbdma 60020000.dma: Tegra20 APB DMA driver register 32 channels
[    0.880706] tegra-pmc 7000e400.pmc: i2c-thermtrip node not found, emergency thermal reset disabled.
[    0.890154] xenfs: not registering filesystem on non-xen platform
[    0.898595] Serial: 8250/16550 driver, 4 ports, IRQ sharing disabled
[    0.906283] 70006000.serial: ttyS0 at MMIO 0x70006000 (irq = 313, base_baud = 25500000) is a Tegra
[    0.915522] console [ttyS0] enabled
[    0.915522] console [ttyS0] enabled
[    0.922581] bootconsole [uart0] disabled
[    0.922581] bootconsole [uart0] disabled
[    0.930863] SuperH (H)SCI(F) driver initialized
[    0.935657] msm_serial: driver initialized
[    0.940080] Unable to detect cache hierarchy from DT for CPU 0
[    0.949182] loop: module loaded
[    0.955145] cros-ec-i2c 0-001e: Chrome EC device registered
[    0.961354] max77620 1-003c: PMIC Version OTP:0x35 and ES:0x8
[    0.974585] PP1200_RCAM: Bringing 1050000uV into 1200000-1200000uV
[    0.981742] PP2800L_RCAM: Bringing 3100000uV into 2800000-2800000uV
[    0.988476] PP1100_SOC_RTC: Bringing 1000000uV into 850000-850000uV
[    0.995305] PP2800L_FCAM: Bringing 3100000uV into 2800000-2800000uV
[    1.002028] PP_LDO6: Bringing 2800000uV into 1800000-1800000uV
[    1.008755] random: fast init done
[    1.014630] hisi_sas: driver version v1.6
[    1.020459] libphy: Fixed MDIO Bus: probed
[    1.025001] tun: Universal TUN/TAP device driver, 1.6
[    1.030050] tun: (C) 1999-2004 Max Krasnyansky <maxk@qualcomm.com>
[    1.036935] e1000e: Intel(R) PRO/1000 Network Driver - 3.2.6-k
[    1.042764] e1000e: Copyright(c) 1999 - 2015 Intel Corporation.
[    1.048726] igb: Intel(R) Gigabit Ethernet Network Driver - version 5.4.0-k
[    1.055679] igb: Copyright (c) 2007-2014 Intel Corporation.
[    1.061289] igbvf: Intel(R) Gigabit Virtual Function Network Driver - version 2.4.0-k
[    1.069108] igbvf: Copyright (c) 2009 - 2012 Intel Corporation.
[    1.075064] sky2: driver version 1.30
[    1.079107] VFIO - User Level meta-driver version: 0.3
[    1.085940] ehci_hcd: USB 2.0 'Enhanced' Host Controller (EHCI) Driver
[    1.092460] ehci-pci: EHCI PCI platform driver
[    1.096944] ehci-platform: EHCI generic platform driver
[    1.102251] ehci-exynos: EHCI EXYNOS driver
[    1.106502] ehci-msm: Qualcomm On-Chip EHCI Host Controller
[    1.112135] ohci_hcd: USB 1.1 'Open' Host Controller (OHCI) Driver
[    1.118317] ohci-pci: OHCI PCI platform driver
[    1.122797] ohci-platform: OHCI generic platform driver
[    1.128089] ohci-exynos: OHCI EXYNOS driver
[    1.194304] tegra-xusb 70090000.usb: Firmware timestamp: 2015-08-10 09:47:54 UTC
[    1.201704] tegra-xusb 70090000.usb: xHCI Host Controller
[    1.207110] tegra-xusb 70090000.usb: new USB bus registered, assigned bus number 1
[    1.215600] tegra-xusb 70090000.usb: hcc params 0x0184f525 hci version 0x100 quirks 0x00010010
[    1.224227] tegra-xusb 70090000.usb: irq 319, io mem 0x70090000
[    1.230537] hub 1-0:1.0: USB hub found
[    1.234302] hub 1-0:1.0: 5 ports detected
[    1.238622] tegra-xusb 70090000.usb: xHCI Host Controller
[    1.244018] tegra-xusb 70090000.usb: new USB bus registered, assigned bus number 2
[    1.251628] usb usb2: We don't know the algorithms for LPM for this host, disabling LPM.
[    1.260004] hub 2-0:1.0: USB hub found
[    1.263768] hub 2-0:1.0: 4 ports detected
[    1.268269] usbcore: registered new interface driver usb-storage
[    1.274915] mousedev: PS/2 mouse device common for all mice
[    1.402351] max77686-rtc max77620-rtc: rtc core: registered max77620-rtc as rtc0
[    1.410299] tegra_rtc 7000e000.rtc: rtc core: registered 7000e000.rtc as rtc1
[    1.417450] tegra_rtc 7000e000.rtc: Tegra internal Real Time Clock
[    1.423702] i2c /dev entries driver
[    1.428535] bq27xxx-battery 2-0055: support ver. 1.2.0 enabled
[    1.450705] sdhci: Secure Digital Host Controller Interface driver
[    1.456911] sdhci: Copyright(c) Pierre Ossman
[    1.461445] Synopsys Designware Multimedia Card Interface Driver
[    1.467732] sdhci-pltfm: SDHCI platform and OF driver helper
[    1.473566] mmc0: Unknown controller version (3). You may experience problems.
[    1.525670] mmc0: SDHCI controller on 700b0600.sdhci [700b0600.sdhci] using ADMA 64-bit
[    1.536264] ledtrig-cpu: registered to indicate activity on CPUs
[    1.546147] usbcore: registered new interface driver usbhid
[    1.551790] usbhid: USB HID core driver
[    1.556740] NET: Registered protocol family 17
[    1.561317] 9pnet: Installing 9P2000 support
[    1.565712] Key type dns_resolver registered
[    1.573704] registered taskstats version 1
[    1.582630] tegra-i2c 7000d100.i2c: could not find pctldev for node /host1x@50000000/dpaux@545c0000/pinmux-i2c, deferring probe
[    1.595079] input: gpio-keys as /devices/platform/gpio-keys/input/input0
[    1.602019] tegra-i2c 7000d100.i2c: could not find pctldev for node /host1x@50000000/dpaux@545c0000/pinmux-i2c, deferring probe
[    1.614137] mmc0: new high speed MMC card at address 0001
[    1.623813] mmcblk0: mmc0:0001 BGND3R 29.1 GiB 
[    1.628458] mmcblk0boot0: mmc0:0001 BGND3R partition 1 4.00 MiB
[    1.634483] mmcblk0boot1: mmc0:0001 BGND3R partition 2 4.00 MiB
[    1.640509] mmcblk0rpmb: mmc0:0001 BGND3R partition 3 4.00 MiB
[    1.646355] max77686-rtc max77620-rtc: setting system clock to 2000-07-30 08:26:06 UTC (964945566)
[    1.648819]  mmcblk0: p1 p2 p3 p4 p5 p6 p7 p8 p9 p10 p11
[    1.650890] tegra-i2c 7000d100.i2c: could not find pctldev for node /host1x@50000000/dpaux@545c0000/pinmux-i2c, deferring probe
[    1.672488] PP1200_AVDD: disabling
[    1.675962] PP1200_RCAM: disabling
[    1.679422] PP2800L_RCAM: disabling
[    1.682970] PP2800L_FCAM: disabling
[    1.686516] PP_LDO6: disabling
[    1.689620] PPLCD_VDD: disabling
[    1.692847] PP1800_LCDIO: disabling
[    1.696329] PP1800_CAM: disabling
[    1.699638] ALSA device list:
[    1.702598]   No soundcards found.
[    1.706502] Freeing unused kernel memory: 1024K (ffff800000c70000 - ffff800000d70000)

System initialization...

Mounting /proc :[SUCCESS]
Mounting /sys :[SUCCESS]
Mounting /dev :[SUCCESS]
Mounting /dev/pts :[SUCCESS]
Mounting /sys/kernel/debug :[SUCCESS]
Mounting other filesystems :[SUCCESS]
Enabling hot-plug :[SUCCESS]
Populating /dev :[SUCCESS]
Starting syslogd :[SUCCESS]
Starting telnetd :[SUCCESS]

System initialization complete.

Please press Enter to activate this console. 