
U-Boot SPL 2016.05-rc2 (Apr 21 2016 - 16:23:00)
Trying to boot from RAM


U-Boot 2016.05-rc2 (Apr 21 2016 - 16:23:00 -0700)

TEGRA124
Model: NVIDIA Jetson TK1
Board: NVIDIA Jetson TK1
DRAM:  2 GiB
MC:   Tegra SD/MMC: 0, Tegra SD/MMC: 1
In:    serial
Out:   serial
Err:   serial
Net:   No ethernet found.
Hit any key to stop autoboot:  2  0 
Tegra124 (Jetson TK1) # 
Tegra124 (Jetson TK1) # pci enum
Tegra124 (Jetson TK1) # setenv bootargs 'ignore_loglevel console=ttyS0,115200n8 rw root=PARTUUID=b1791faa-84e8-4e27-83a1-9fb0a77e8803 rootwait gpt debug noinitrd earlyprintk init=/bin/bash'
Tegra124 (Jetson TK1) # setenv ipaddr 192.168.100.102; setenv serverip 192.168.100.1; setenv tftpserverip 192.168.100.1
Tegra124 (Jetson TK1) # tftpboot 0x82000000 zImage.multi_v7_defconfig

Warning: eth_rtl8169 using MAC address from ROM
Using eth_rtl8169 device
TFTP from server 192.168.100.1; our IP address is 192.168.100.102
Filename 'zImage.multi_v7_defconfig'.
Load address: 0x82000000
Loading: *#################################################################
	 #################################################################
	 #################################################################
	 #################################################################
	 #################################################################
	 #################################################################
	 #################################################################
	 #################################################################
	 ################################
	 3.9 MiB/s
done
Bytes transferred = 8098304 (7b9200 hex)
Tegra124 (Jetson TK1) # tftpboot 0x83000000 tegra124-jetson-tk1.dtb
Using eth_rtl8169 device
TFTP from server 192.168.100.1; our IP address is 192.168.100.102
Filename 'tegra124-jetson-tk1.dtb'.
Load address: 0x83000000
Loading: *#####
	 3.7 MiB/s
done
Bytes transferred = 66544 (103f0 hex)
Tegra124 (Jetson TK1) # bootz 0x82000000 - 0x83000000
Kernel image @ 0x82000000 [ 0x000000 - 0x7b9200 ]
## Flattened Device Tree blob at 83000000
   Booting using the fdt blob at 0x83000000
   Using Device Tree in place at 83000000, end 830133ef

Starting kernel ...

[    0.000000] Booting Linux on physical CPU 0x0
[    0.000000] Linux version 4.15.0-rc7-next-20180110-344559-gb4464bcab38d (jonathanh@tamien) (gcc version 4.7.3 20130328 (prerelease) (crosstool-NG linaro-1.13.1-4.7-2013.04-20130415 - Linaro GCC 2013.04)) #1 SMP Tue Jan 9 21:20:07 PST 2018
[    0.000000] CPU: ARMv7 Processor [413fc0f3] revision 3 (ARMv7), cr=10c5387d
[    0.000000] CPU: div instructions available: patching division code
[    0.000000] CPU: PIPT / VIPT nonaliasing data cache, PIPT instruction cache
[    0.000000] OF: fdt: Machine model: NVIDIA Tegra124 Jetson TK1
[    0.000000] debug: ignoring loglevel setting.
[    0.000000] Memory policy: Data cache writealloc
[    0.000000] efi: Getting EFI parameters from FDT:
[    0.000000] efi: UEFI not found.
[    0.000000] cma: Reserved 64 MiB at 0xfb800000
[    0.000000] On node 0 totalpages: 524032
[    0.000000]   DMA zone: 1536 pages used for memmap
[    0.000000]   DMA zone: 0 pages reserved
[    0.000000]   DMA zone: 196608 pages, LIFO batch:31
[    0.000000]   HighMem zone: 327424 pages, LIFO batch:31
[    0.000000] random: fast init done
[    0.000000] percpu: Embedded 17 pages/cpu @(ptrval) s39040 r8192 d22400 u69632
[    0.000000] pcpu-alloc: s39040 r8192 d22400 u69632 alloc=17*4096
[    0.000000] pcpu-alloc: [0] 0 [0] 1 [0] 2 [0] 3 
[    0.000000] Built 1 zonelists, mobility grouping on.  Total pages: 522496
[    0.000000] Kernel command line: ignore_loglevel console=ttyS0,115200n8 rw root=PARTUUID=b1791faa-84e8-4e27-83a1-9fb0a77e8803 rootwait gpt debug noinitrd earlyprintk init=/bin/bash
[    0.000000] Dentry cache hash table entries: 131072 (order: 7, 524288 bytes)
[    0.000000] Inode-cache hash table entries: 65536 (order: 6, 262144 bytes)
[    0.000000] Memory: 1992476K/2096128K available (11264K kernel code, 1563K rwdata, 4328K rodata, 2048K init, 405K bss, 38116K reserved, 65536K cma-reserved, 1244160K highmem)
[    0.000000] Virtual kernel memory layout:
[    0.000000]     vector  : 0xffff0000 - 0xffff1000   (   4 kB)
[    0.000000]     fixmap  : 0xffc00000 - 0xfff00000   (3072 kB)
[    0.000000]     vmalloc : 0xf0800000 - 0xff800000   ( 240 MB)
[    0.000000]     lowmem  : 0xc0000000 - 0xf0000000   ( 768 MB)
[    0.000000]     pkmap   : 0xbfe00000 - 0xc0000000   (   2 MB)
[    0.000000]     modules : 0xbf000000 - 0xbfe00000   (  14 MB)
[    0.000000]       .text : 0x(ptrval) - 0x(ptrval)   (12256 kB)
[    0.000000]       .init : 0x(ptrval) - 0x(ptrval)   (2048 kB)
[    0.000000]       .data : 0x(ptrval) - 0x(ptrval)   (1564 kB)
[    0.000000]        .bss : 0x(ptrval) - 0x(ptrval)   ( 406 kB)
[    0.000000] SLUB: HWalign=64, Order=0-3, MinObjects=0, CPUs=4, Nodes=1
[    0.000000] Hierarchical RCU implementation.
[    0.000000] 	RCU event tracing is enabled.
[    0.000000] 	RCU restricting CPUs from NR_CPUS=16 to nr_cpu_ids=4.
[    0.000000] RCU: Adjusting geometry for rcu_fanout_leaf=16, nr_cpu_ids=4
[    0.000000] NR_IRQS: 16, nr_irqs: 16, preallocated irqs: 16
[    0.000000] /interrupt-controller@60004000: 160 interrupts forwarded to /interrupt-controller@50041000
[    0.000000] Tegra clk 127: register failed with -17
[    0.000009] sched_clock: 32 bits at 1000kHz, resolution 1000ns, wraps every 2147483647500ns
[    0.000028] clocksource: timer_us: mask: 0xffffffff max_cycles: 0xffffffff, max_idle_ns: 1911260446275 ns
[    0.000043] Switching to timer-based delay loop, resolution 1000ns
[    0.005577] arch_timer: cp15 timer(s) running at 12.00MHz (virt).
[    0.005596] clocksource: arch_sys_counter: mask: 0xffffffffffffff max_cycles: 0x2c47f4ee7, max_idle_ns: 440795202497 ns
[    0.005615] sched_clock: 56 bits at 12MHz, resolution 83ns, wraps every 4398046511096ns
[    0.005629] Switching to timer-based delay loop, resolution 83ns
[    0.006121] Console: colour dummy device 80x30
[    0.006154] Calibrating delay loop (skipped), value calculated using timer frequency.. 24.00 BogoMIPS (lpj=120000)
[    0.006173] pid_max: default: 32768 minimum: 301
[    0.006291] Mount-cache hash table entries: 2048 (order: 1, 8192 bytes)
[    0.006306] Mountpoint-cache hash table entries: 2048 (order: 1, 8192 bytes)
[    0.006801] CPU: Testing write buffer coherency: ok
[    0.007070] /cpus/cpu@0 missing clock-frequency property
[    0.007114] /cpus/cpu@1 missing clock-frequency property
[    0.007158] /cpus/cpu@2 missing clock-frequency property
[    0.007202] /cpus/cpu@3 missing clock-frequency property
[    0.007217] CPU0: thread -1, cpu 0, socket 0, mpidr 80000000
[    0.007516] Setting up static identity map for 0x80300000 - 0x803000a0
[    0.009538] Hierarchical SRCU implementation.
[    0.011319] brcmstb: biuctrl: missing BIU control node
[    0.011330] brcmstb: biuctrl: MCP: Unable to disable write pairing!
[    0.012671] Tegra Revision: A01 SKU: 129 CPU Process: 1 SoC Process: 1
[    0.013543] EFI services will not be available.
[    0.013708] smp: Bringing up secondary CPUs ...
[    0.014278] CPU1: thread -1, cpu 1, socket 0, mpidr 80000001
[    0.016093] CPU2: thread -1, cpu 2, socket 0, mpidr 80000002
[    0.026118] CPU3: thread -1, cpu 3, socket 0, mpidr 80000003
[    0.035574] smp: Brought up 1 node, 4 CPUs
[    0.035596] SMP: Total of 4 processors activated (96.00 BogoMIPS).
[    0.035605] CPU: All CPU(s) started in SVC mode.
[    0.037138] devtmpfs: initialized
[    0.052132] Built 1 zonelists, mobility grouping on.  Total pages: 514503
[    0.052481] VFP support v0.3: implementor 41 architecture 4 part 30 variant f rev 0
[    0.052916] clocksource: jiffies: mask: 0xffffffff max_cycles: 0xffffffff, max_idle_ns: 19112604462750000 ns
[    0.052934] futex hash table entries: 1024 (order: 4, 65536 bytes)
[    0.053123] pinctrl core: initialized pinctrl subsystem
[    0.054634] DMI not present or invalid.
[    0.054887] NET: Registered protocol family 16
[    0.056943] DMA: preallocated 256 KiB pool for atomic coherent allocations
[    0.059480] cpuidle: using governor menu
[    0.084973] No ATAGs?
[    0.085099] hw-breakpoint: found 5 (+1 reserved) breakpoint and 4 watchpoint registers.
[    0.085115] hw-breakpoint: maximum watchpoint size is 8 bytes.
[    0.091866] Serial: AMBA PL011 UART driver
[    0.093337] iommu: Adding device 50000000.host1x to group 0
[    0.093413] iommu: Adding device 54200000.dc to group 1
[    0.093472] iommu: Adding device 54240000.dc to group 1
[    0.093546] iommu: Adding device 57000000.gpu to group 2
[    0.108673] AT91: Could not find identification node
[    0.109234] +5V_SYS: supplied by +VDD_MUX
[    0.109521] +3.3V_SYS: supplied by +VDD_MUX
[    0.110137] +USB0_VBUS_SW: Failed to request enable GPIO108: -517
[    0.110153] reg-fixed-voltage regulators:regulator@7: Failed to register regulator: -517
[    0.110250] +5V_USB_HS: Failed to request enable GPIO109: -517
[    0.110264] reg-fixed-voltage regulators:regulator@8: Failed to register regulator: -517
[    0.110442] +1.05V_RUN_AVDD_HDMI_PLL: Failed to request enable GPIO63: -517
[    0.110456] reg-fixed-voltage regulators:regulator@11: Failed to register regulator: -517
[    0.110550] +5V_HDMI_CON: Failed to request enable GPIO86: -517
[    0.110564] reg-fixed-voltage regulators:regulator@12: Failed to register regulator: -517
[    0.110657] +5V_SATA: Failed to request enable GPIO242: -517
[    0.110670] reg-fixed-voltage regulators:regulator@13: Failed to register regulator: -517
[    0.110764] +12V_SATA: Failed to request enable GPIO242: -517
[    0.110777] reg-fixed-voltage regulators:regulator@14: Failed to register regulator: -517
[    0.113788] vgaarb: loaded
[    0.114529] SCSI subsystem initialized
[    0.114712] libata version 3.00 loaded.
[    0.114906] usbcore: registered new interface driver usbfs
[    0.114962] usbcore: registered new interface driver hub
[    0.115022] usbcore: registered new device driver usb
[    0.118535] pps_core: LinuxPPS API ver. 1 registered
[    0.118546] pps_core: Software ver. 5.3.6 - Copyright 2005-2007 Rodolfo Giometti <giometti@linux.it>
[    0.118568] PTP clock support registered
[    0.118759] EDAC MC: Ver: 3.0.0
[    0.121783] clocksource: Switched to clocksource arch_sys_counter
[    0.172477] NET: Registered protocol family 2
[    0.172982] tcp_listen_portaddr_hash hash table entries: 512 (order: 0, 6144 bytes)
[    0.173014] TCP established hash table entries: 8192 (order: 3, 32768 bytes)
[    0.173113] TCP bind hash table entries: 8192 (order: 4, 65536 bytes)
[    0.173300] TCP: Hash tables configured (established 8192 bind 8192)
[    0.173385] UDP hash table entries: 512 (order: 2, 16384 bytes)
[    0.173429] UDP-Lite hash table entries: 512 (order: 2, 16384 bytes)
[    0.173578] NET: Registered protocol family 1
[    0.173913] RPC: Registered named UNIX socket transport module.
[    0.173925] RPC: Registered udp transport module.
[    0.173933] RPC: Registered tcp transport module.
[    0.173942] RPC: Registered tcp NFSv4.1 backchannel transport module.
[    0.173955] PCI: CLS 0 bytes, default 64
[    0.175436] hw perfevents: enabled with armv7_cortex_a15 PMU driver, 7 counters available
[    0.176971] Initialise system trusted keyrings
[    0.177108] workingset: timestamp_bits=30 max_order=19 bucket_order=0
[    0.183780] squashfs: version 4.0 (2009/01/31) Phillip Lougher
[    0.184357] NFS: Registering the id_resolver key type
[    0.184378] Key type id_resolver registered
[    0.184387] Key type id_legacy registered
[    0.184432] ntfs: driver 2.1.32 [Flags: R/O].
[    0.185940] Key type asymmetric registered
[    0.185951] Asymmetric key parser 'x509' registered
[    0.186002] bounce: pool size: 64 pages
[    0.186052] Block layer SCSI generic (bsg) driver version 0.4 loaded (major 246)
[    0.186064] io scheduler noop registered
[    0.186074] io scheduler deadline registered
[    0.186297] io scheduler cfq registered (default)
[    0.186309] io scheduler mq-deadline registered
[    0.186318] io scheduler kyber registered
[    0.190441]  usb2-0: usb2-0 supply vbus not found, using dummy regulator
[    0.190547]  usb2-1: usb2-1 supply vbus not found, using dummy regulator
[    0.190930] tegra-xusb-padctl 7009f000.padctl: failed to setup XUSB ports: -517
[    0.210226] tegra-pcie 1003000.pcie: 2x1, 1x1 configuration
[    0.210282] tegra-pcie 1003000.pcie: Failed to get supply 'avddio-pex': -517
[    0.217151] tegra124-dfll 70110000.clock: couldn't get vdd_cpu regulator
[    0.223732] tegra-apbdma 60020000.dma: Tegra20 APB DMA driver register 32 channels
[    0.227191] tegra-pmc 7000e400.pmc: emergency thermal reset enabled
[    0.277133] Serial: 8250/16550 driver, 4 ports, IRQ sharing disabled
[    0.279741] console [ttyS0] disabled
[    0.279782] 70006300.serial: ttyS0 at MMIO 0x70006300 (irq = 335, base_baud = 25500000) is a Tegra
[    1.228468] console [ttyS0] enabled
[    1.232870] SuperH (H)SCI(F) driver initialized
[    1.238516] msm_serial: driver initialized
[    1.242834] STMicroelectronics ASC driver initialized
[    1.248566] 70006000.serial: ttyTHS1 at MMIO 0x70006000 (irq = 333, base_baud = 0) is a TEGRA_UART
[    1.257836] 70006040.serial: ttyTHS2 at MMIO 0x70006040 (irq = 334, base_baud = 0) is a TEGRA_UART
[    1.272517] Failed to attached device 54200000.dc to IOMMU_mapping
[    1.286915] Failed to attached device 54240000.dc to IOMMU_mapping
[    1.301862] tegra-hdmi 54280000.hdmi: failed to get HDMI regulator
[    1.319117] brd: module loaded
[    1.328551] loop: module loaded
[    1.332971] at24 0-0056: 256 byte 24c02 EEPROM, writable, 8 bytes/write
[    1.341296] as3722 4-0040: AS3722 with revision 0x1 found
[    1.353014] as3722-sd2: supplied by +5V_SYS
[    1.357609] as3722-sd3: supplied by +5V_SYS
[    1.362047] +1.35V_LP0(sd3): Bringing 0uV into 1350000-1350000uV
[    1.368356] as3722-sd4: supplied by +5V_SYS
[    1.372963] as3722-sd5: supplied by +5V_SYS
[    1.378905] as3722-ldo0: supplied by +1.35V_LP0(sd2)
[    1.384938] +1.8V_RUN_CAM: Bringing 0uV into 1800000-1800000uV
[    1.391114] as3722-ldo2: supplied by +1.8V_VDDIO
[    1.397008] as3722-ldo3: supplied by +3.3V_SYS
[    1.401484] +1.05V_LP0_VDD_RTC: Bringing 1100000uV into 1000000-1000000uV
[    1.409245] as3722-ldo4: supplied by +3.3V_SYS
[    1.413919] +2.8V_RUN_CAM: Bringing 0uV into 2800000-2800000uV
[    1.420106] as3722-ldo5: supplied by +1.8V_VDDIO
[    1.424953] +1.2V_RUN_CAM_FRONT: Bringing 0uV into 1200000-1200000uV
[    1.431838] +VDDIO_SDMMC3: bypassed regulator has no supply!
[    1.437490] +VDDIO_SDMMC3: failed to get the current voltage(-517)
[    1.443687] as3722-regulator as3722-regulator: regulator 13 register failed -517
[    1.456343] tegra-ahci 70027000.sata: couldn't get PHY in node sata: -517
[    1.478746] m25p80 spi1.0: w25q32dw (4096 Kbytes)
[    1.486129] libphy: Fixed MDIO Bus: probed
[    1.491165] CAN device driver interface
[    1.495970] bgmac_bcma: Broadcom 47xx GBit MAC driver loaded
[    1.503079] e1000e: Intel(R) PRO/1000 Network Driver - 3.2.6-k
[    1.508902] e1000e: Copyright(c) 1999 - 2015 Intel Corporation.
[    1.514936] igb: Intel(R) Gigabit Ethernet Network Driver - version 5.4.0-k
[    1.521900] igb: Copyright (c) 2007-2014 Intel Corporation.
[    1.531534] pegasus: v0.9.3 (2013/04/25), Pegasus/Pegasus II USB Ethernet driver
[    1.538984] usbcore: registered new interface driver pegasus
[    1.544688] usbcore: registered new interface driver asix
[    1.550109] usbcore: registered new interface driver ax88179_178a
[    1.556248] usbcore: registered new interface driver cdc_ether
[    1.562127] usbcore: registered new interface driver smsc75xx
[    1.567908] usbcore: registered new interface driver smsc95xx
[    1.573693] usbcore: registered new interface driver net1080
[    1.579371] usbcore: registered new interface driver cdc_subset
[    1.585325] usbcore: registered new interface driver zaurus
[    1.590937] usbcore: registered new interface driver cdc_ncm
[    1.596839] tegra-phy 7d000000.usb-phy: no vbus regulator
[    1.602447] tegra-phy 7d004000.usb-phy: no vbus regulator
[    1.609919] ehci_hcd: USB 2.0 'Enhanced' Host Controller (EHCI) Driver
[    1.616459] ehci-pci: EHCI PCI platform driver
[    1.620928] ehci-platform: EHCI generic platform driver
[    1.626378] ehci-orion: EHCI orion driver
[    1.630546] SPEAr-ehci: EHCI SPEAr driver
[    1.634715] ehci-st: EHCI STMicroelectronics driver
[    1.639728] ehci-exynos: EHCI EXYNOS driver
[    1.644085] ehci-atmel: EHCI Atmel driver
[    1.648229] tegra-ehci: Tegra EHCI driver
[    1.655103] tegra-ehci 7d004000.usb: EHCI Host Controller
[    1.660516] tegra-ehci 7d004000.usb: new USB bus registered, assigned bus number 1
[    1.668261] tegra-ehci 7d004000.usb: irq 356, io mem 0x7d004000
[    1.701797] tegra-ehci 7d004000.usb: USB 2.0 started, EHCI 1.10
[    1.708379] hub 1-0:1.0: USB hub found
[    1.712179] hub 1-0:1.0: 1 port detected
[    1.716665] ohci_hcd: USB 1.1 'Open' Host Controller (OHCI) Driver
[    1.722867] ohci-pci: OHCI PCI platform driver
[    1.727340] ohci-platform: OHCI generic platform driver
[    1.732781] SPEAr-ohci: OHCI SPEAr driver
[    1.736931] ohci-st: OHCI STMicroelectronics driver
[    1.741963] ohci-atmel: OHCI Atmel driver
[    1.746766] usbcore: registered new interface driver usb-storage
[    1.761658] as3722-rtc as3722-rtc: rtc core: registered as3722-rtc as rtc0
[    1.768558] as3722-rtc as3722-rtc: RTC interrupt 379
[    1.776946] tegra_rtc 7000e000.rtc: rtc core: registered 7000e000.rtc as rtc1
[    1.784144] tegra_rtc 7000e000.rtc: Tegra internal Real Time Clock
[    1.790885] i2c /dev entries driver
[    1.801597] lm90 0-004c: 0-004c supply vcc not found, using dummy regulator
[    1.819451] sdhci: Secure Digital Host Controller Interface driver
[    1.825649] sdhci: Copyright(c) Pierre Ossman
[    1.831830] Synopsys Designware Multimedia Card Interface Driver
[    1.839391] sdhci-pltfm: SDHCI platform and OF driver helper
[    1.845889] sdhci-tegra 700b0400.sdhci: Got CD GPIO
[    1.850776] sdhci-tegra 700b0400.sdhci: Got WP GPIO
[    1.872042] mmc0: Unknown controller version (3). You may experience problems.
[    1.879301] mmc0: Invalid maximum block size, assuming 512 bytes
[    1.916277] mmc0: SDHCI controller on 700b0600.sdhci [700b0600.sdhci] using ADMA
[    1.925937] ledtrig-cpu: registered to indicate activity on CPUs
[    1.932324] usbcore: registered new interface driver usbhid
[    1.937888] usbhid: USB HID core driver
[    1.945982] NET: Registered protocol family 10
[    1.951307] Segment Routing with IPv6
[    1.955066] sit: IPv6, IPv4 and MPLS over IPv4 tunneling driver
[    1.961486] NET: Registered protocol family 17
[    1.965964] can: controller area network core (rev 20170425 abi 9)
[    1.972208] NET: Registered protocol family 29
[    1.976648] can: raw protocol (rev 20170425)
[    1.980911] can: broadcast manager protocol (rev 20170425 t)
[    1.986587] can: netlink gateway (rev 20170425) max_hops=1
[    1.992365] Key type dns_resolver registered
[    1.997146] ThumbEE CPU extension supported.
[    2.001417] Registering SWP/SWPB emulation handler
[    2.006756] Loading compiled-in X.509 certificates
[    2.026146] +3.3V_RUN: supplied by +3.3V_SYS
[    2.031365] +USB0_VBUS_SW: supplied by +5V_SYS
[    2.036116] +3.3V_AVDD_HDMI_AP_GATED: supplied by +3.3V_RUN
[    2.042297] +5V_USB_HS: supplied by +5V_SYS
[    2.048473] +3.3V_LP0: supplied by +3.3V_SYS
[    2.050937] mmc0: new high speed MMC card at address 0001
[    2.051633] mmcblk0: mmc0:0001 SEM16G 14.7 GiB 
[    2.052092] mmcblk0boot0: mmc0:0001 SEM16G partition 1 4.00 MiB
[    2.052514] mmcblk0boot1: mmc0:0001 SEM16G partition 2 4.00 MiB
[    2.053430] mmcblk0rpmb: mmc0:0001 SEM16G partition 3 4.00 MiB, chardev (236:0)
[    2.055868]  mmcblk0: p1
[    2.086316] +5V_HDMI_CON: supplied by +5V_SYS
[    2.091177] +5V_SATA: supplied by +5V_SYS
[    2.095993] +12V_SATA: supplied by +VDD_MUX
[    2.101577]  usb2-0: usb2-0 supply vbus not found, using dummy regulator
[    2.108453]  usb2-1: usb2-1 supply vbus not found, using dummy regulator
[    2.115501]  usb3-0: usb3-0 supply vbus not found, using dummy regulator
[    2.123533] tegra-pcie 1003000.pcie: 2x1, 1x1 configuration
[    2.129170] tegra-pcie 1003000.pcie: Failed to get supply 'avddio-pex': -517
[    2.138968] tegra124-dfll 70110000.clock: couldn't get vdd_cpu regulator
[    2.149222] tegra-hdmi 54280000.hdmi: failed to get PLL regulator
[    2.160156] as3722-sd2: supplied by +5V_SYS
[    2.164759] as3722-sd3: supplied by +5V_SYS
[    2.169275] as3722-sd4: supplied by +5V_SYS
[    2.173817] as3722-sd5: supplied by +5V_SYS
[    2.179686] as3722-ldo0: supplied by +1.35V_LP0(sd2)
[    2.185570] as3722-ldo1: supplied by +3.3V_RUN
[    2.190327] as3722-ldo2: supplied by +1.8V_VDDIO
[    2.195969] as3722-ldo3: supplied by +3.3V_SYS
[    2.201254] as3722-ldo4: supplied by +3.3V_SYS
[    2.206047] as3722-ldo5: supplied by +1.8V_VDDIO
[    2.210913] as3722-ldo6: supplied by +3.3V_RUN
[    2.215608] as3722-ldo7: supplied by +1.8V_VDDIO
[    2.220997] +1.05V_RUN_CAM_REAR: Bringing 0uV into 1050000-1050000uV
[    2.228086] as3722-ldo9: supplied by +5V_SYS
[    2.233699] +3.3V_RUN_TOUCH: Bringing 0uV into 2800000-2800000uV
[    2.240248] as3722-ldo10: supplied by +5V_SYS
[    2.245212] +2.8V_RUN_CAM_AF: Bringing 0uV into 2800000-2800000uV
[    2.252054] as3722-ldo11: supplied by +3.3V_RUN
[    2.257355] +1.8V_RUN_VPP_FUSE: Bringing 0uV into 1800000-1800000uV
[    2.267417] tegra-ahci 70027000.sata: AHCI 0001.0301 32 slots 2 ports 3 Gbps 0x1 impl platform mode
[    2.276491] tegra-ahci 70027000.sata: flags: 64bit ncq sntf pm led pio slum part sadm sds apst 
[    2.286934] scsi host0: tegra-ahci
[    2.291561] scsi host1: tegra-ahci
[    2.295263] ata1: SATA max UDMA/133 mmio [mem 0x70027000-0x70028fff] port 0x100 irq 345
[    2.303300] ata2: DUMMY
[    2.308979] tegra-ehci 7d008000.usb: EHCI Host Controller
[    2.314419] tegra-ehci 7d008000.usb: new USB bus registered, assigned bus number 2
[    2.322218] tegra-ehci 7d008000.usb: irq 357, io mem 0x7d008000
[    2.351890] tegra-ehci 7d008000.usb: USB 2.0 started, EHCI 1.10
[    2.358842] hub 2-0:1.0: USB hub found
[    2.362696] hub 2-0:1.0: 1 port detected
[    2.369212] sdhci-tegra 700b0400.sdhci: Got CD GPIO
[    2.374167] sdhci-tegra 700b0400.sdhci: Got WP GPIO
[    2.386010] mmc1: Unknown controller version (3). You may experience problems.
[    2.393359] mmc1: Invalid maximum block size, assuming 512 bytes
[    2.431389] mmc1: SDHCI controller on 700b0400.sdhci [700b0400.sdhci] using ADMA
[    2.439643] tegra-pcie 1003000.pcie: 2x1, 1x1 configuration
[    2.447312] tegra-pcie 1003000.pcie: probing port 0, using 2 lanes
[    2.455013] tegra-pcie 1003000.pcie: Slot present pin change, signature: 00000008
[    2.480852] tegra-pcie 1003000.pcie: probing port 1, using 1 lanes
[    2.489198] tegra-pcie 1003000.pcie: Slot present pin change, signature: 00000000
[    2.504040] tegra-pcie 1003000.pcie: PCI host bridge to bus 0000:00
[    2.510308] pci_bus 0000:00: root bus resource [io  0x0000-0xffff]
[    2.516528] pci_bus 0000:00: root bus resource [mem 0x13000000-0x1fffffff]
[    2.523414] pci_bus 0000:00: root bus resource [mem 0x20000000-0x3fffffff pref]
[    2.530728] pci_bus 0000:00: root bus resource [bus 00-ff]
[    2.536296] pci 0000:00:01.0: [10de:0e12] type 01 class 0x060400
[    2.542350] pci_bus 0000:00: 2-byte config write to 0000:00:01.0 offset 0x4 may corrupt adjacent RW1C bits
[    2.552050] pci_bus 0000:00: 2-byte config write to 0000:00:01.0 offset 0x4 may corrupt adjacent RW1C bits
[    2.561734] pci 0000:00:01.0: enabling Extended Tags
[    2.566741] pci_bus 0000:00: 2-byte config write to 0000:00:01.0 offset 0x88 may corrupt adjacent RW1C bits
[    2.576548] pci_bus 0000:00: 2-byte config write to 0000:00:01.0 offset 0x52 may corrupt adjacent RW1C bits
[    2.586359] pci 0000:00:01.0: PME# supported from D0 D1 D2 D3hot D3cold
[    2.593018] pci_bus 0000:00: 2-byte config write to 0000:00:01.0 offset 0x4c may corrupt adjacent RW1C bits
[    2.603063] pci 0000:00:02.0: [10de:0e13] type 01 class 0x060400
[    2.609088] pci_bus 0000:00: 2-byte config write to 0000:00:02.0 offset 0x4 may corrupt adjacent RW1C bits
[    2.618781] pci_bus 0000:00: 2-byte config write to 0000:00:02.0 offset 0x4 may corrupt adjacent RW1C bits
[    2.628492] pci 0000:00:02.0: enabling Extended Tags
[    2.633506] pci_bus 0000:00: 2-byte config write to 0000:00:02.0 offset 0x88 may corrupt adjacent RW1C bits
[    2.643310] pci_bus 0000:00: 2-byte config write to 0000:00:02.0 offset 0x52 may corrupt adjacent RW1C bits
[    2.645553] ata1: SATA link down (SStatus 0 SControl 300)
[    2.658512] pci 0000:00:02.0: PME# supported from D0 D1 D2 D3hot D3cold
[    2.665139] pci_bus 0000:00: 2-byte config write to 0000:00:02.0 offset 0x4c may corrupt adjacent RW1C bits
[    2.675133] PCI: bus0: Fast back to back transfers disabled
[    2.680704] pci 0000:00:01.0: bridge configuration invalid ([bus 00-00]), reconfiguring
[    2.688735] pci 0000:00:02.0: bridge configuration invalid ([bus 00-00]), reconfiguring
[    2.696984] pci 0000:01:00.0: [8086:4232] type 00 class 0x028000
[    2.703079] pci 0000:01:00.0: reg 0x10: [mem 0x00000000-0x00001fff 64bit]
[    2.710089] pci 0000:01:00.0: PME# supported from D0 D3hot D3cold
[    2.731221] mmc1: new high speed SDHC card at address aaaa
[    2.737380] mmcblk1: mmc1:aaaa SD04G 3.69 GiB 
[    2.742106] PCI: bus1: Fast back to back transfers disabled
[    2.747703] pci_bus 0000:01: busn_res: [bus 01-ff] end is updated to 01
[    2.754571] pci 0000:02:00.0: [10ec:8168] type 00 class 0x020000
[    2.760630] pci 0000:02:00.0: reg 0x10: [io  0x0000-0x00ff]
[    2.766289] pci 0000:02:00.0: reg 0x18: [mem 0x00000000-0x00000fff 64bit]
[    2.773142] pci 0000:02:00.0: reg 0x20: [mem 0x00000000-0x00003fff 64bit pref]
[    2.780532] pci 0000:02:00.0: supports D1 D2
[    2.784817] pci 0000:02:00.0: PME# supported from D0 D1 D2 D3hot D3cold
[    2.803201]  mmcblk1: p1 p2 p3
[    2.811953] PCI: bus2: Fast back to back transfers disabled
[    2.817542] pci_bus 0000:02: busn_res: [bus 02-ff] end is updated to 02
[    2.824243] pci 0000:00:01.0: BAR 8: assigned [mem 0x13000000-0x130fffff]
[    2.831026] pci 0000:00:02.0: BAR 8: assigned [mem 0x13100000-0x131fffff]
[    2.837854] pci 0000:00:02.0: BAR 9: assigned [mem 0x20000000-0x200fffff 64bit pref]
[    2.845610] pci 0000:00:02.0: BAR 7: assigned [io  0x1000-0x1fff]
[    2.851704] pci 0000:01:00.0: BAR 0: assigned [mem 0x13000000-0x13001fff 64bit]
[    2.859069] pci 0000:00:01.0: PCI bridge to [bus 01]
[    2.864056] pci 0000:00:01.0:   bridge window [mem 0x13000000-0x130fffff]
[    2.870853] pci 0000:02:00.0: BAR 4: assigned [mem 0x20000000-0x20003fff 64bit pref]
[    2.878650] pci 0000:02:00.0: BAR 2: assigned [mem 0x13100000-0x13100fff 64bit]
[    2.885990] pci 0000:02:00.0: BAR 0: assigned [io  0x1000-0x10ff]
[    2.892104] pci 0000:00:02.0: PCI bridge to [bus 02]
[    2.897073] pci 0000:00:02.0:   bridge window [io  0x1000-0x1fff]
[    2.903200] pci 0000:00:02.0:   bridge window [mem 0x13100000-0x131fffff]
[    2.909982] pci 0000:00:02.0:   bridge window [mem 0x20000000-0x200fffff 64bit pref]
[    2.917788] pci 0000:00:01.0: nv_msi_ht_cap_quirk didn't locate host bridge
[    2.924908] pcieport 0000:00:01.0: enabling device (0140 -> 0142)
[    2.931235] pcieport 0000:00:01.0: Signaling PME with IRQ 395
[    2.937184] pci 0000:00:02.0: nv_msi_ht_cap_quirk didn't locate host bridge
[    2.944289] pcieport 0000:00:02.0: enabling device (0140 -> 0143)
[    2.950616] pcieport 0000:00:02.0: Signaling PME with IRQ 396
[    2.956797] r8169 Gigabit Ethernet driver 2.3LK-NAPI loaded
[    2.962417] r8169 0000:02:00.0: enabling device (0140 -> 0143)
[    2.993426] r8169 0000:02:00.0 eth0: RTL8168g/8111g at 0x87249076, 00:04:4b:3a:d9:81, XID 0c000800 IRQ 397
[    3.003129] r8169 0000:02:00.0 eth0: jumbo features [frames: 9200 bytes, tx checksumming: ko]
[    3.015867] +1.05V_RUN_AVDD_HDMI_PLL: supplied by +1.05V_RUN
[    3.024262] [drm] Supports vblank timestamp caching Rev 2 (21.10.2013).
[    3.030877] [drm] No driver support for vblank timestamp query.
[    3.165431] tegra-hdmi 54280000.hdmi: cannot set audio to 48000 Hz at 297000000 Hz pixel clock
[    3.330482] Console: switching to colour frame buffer device 512x135
[    3.470336] drm drm: fb0:  frame buffer device
[    3.474915] [drm] Initialized tegra 0.0.0 20120330 for drm on minor 0
[    3.482848] cpufreq: cpufreq_online: CPU0: Running at unlisted freq: 696000 KHz
[    3.490173] cpufreq: cpufreq_online: CPU0: Unlisted initial frequency changed to: 714000 KHz
[    3.499470] input: gpio-keys as /devices/soc0/gpio-keys/input/input0
[    3.506797] as3722-rtc as3722-rtc: setting system clock to 2000-01-01 00:01:40 UTC (946684900)
[    3.515776] +USB0_VBUS_SW: disabling
[    3.519354] +1.8V_RUN_CAM: disabling
[    3.523168] +2.8V_RUN_CAM: disabling
[    3.527007] +1.2V_RUN_CAM_FRONT: disabling
[    3.531258] +1.05V_RUN_CAM_REAR: disabling
[    3.535588] +3.3V_RUN_TOUCH: disabling
[    3.539489] +2.8V_RUN_CAM_AF: disabling
[    3.543542] +1.8V_RUN_VPP_FUSE: disabling
[    3.548574] EXT4-fs (mmcblk0p1): mounting ext3 file system using the ext4 subsystem
[    3.573335] print_req_error: I/O error, dev mmcblk0, sector 15040784
[    3.579706] JBD2: Failed to read block at offset 35
[    3.585201] JBD2: recovery failed
[    3.588518] EXT4-fs (mmcblk0p1): error loading journal
[    3.593947] VFS: Cannot open root device "PARTUUID=b1791faa-84e8-4e27-83a1-9fb0a77e8803" or unknown-block(179,1): error -5
[    3.605000] Please append a correct "root=" boot option; here are the available partitions:
[    3.613373] 0100           65536 ram0 
[    3.613376]  (driver?)
[    3.619464] 0101           65536 ram1 
[    3.619466]  (driver?)
[    3.625589] 0102           65536 ram2 
[    3.625591]  (driver?)
[    3.631677] 0103           65536 ram3 
[    3.631679]  (driver?)
[    3.637796] 0104           65536 ram4 
[    3.637799]  (driver?)
[    3.643913] 0105           65536 ram5 
[    3.643918]  (driver?)
[    3.650014] 0106           65536 ram6 
[    3.650016]  (driver?)
[    3.656135] 0107           65536 ram7 
[    3.656138]  (driver?)
[    3.662254] 0108           65536 ram8 
[    3.662259]  (driver?)
[    3.668357] 0109           65536 ram9 
[    3.668360]  (driver?)
[    3.674478] 010a           65536 ram10 
[    3.674481]  (driver?)
[    3.680652] 010b           65536 ram11 
[    3.680654]  (driver?)
[    3.686861] 010c           65536 ram12 
[    3.686864]  (driver?)
[    3.693061] 010d           65536 ram13 
[    3.693068]  (driver?)
[    3.699250] 010e           65536 ram14 
[    3.699253]  (driver?)
[    3.705460] 010f           65536 ram15 
[    3.705464]  (driver?)
[    3.711648] 1f00            4096 mtdblock0 
[    3.711651]  (driver?)
[    3.718202] b300        15388672 mmcblk0 
[    3.718205]  driver: mmcblk
[    3.725020]   b301        15339520 mmcblk0p1 b1791faa-84e8-4e27-83a1-9fb0a77e8803
[    3.725023] 
[    3.734002] b320            4096 mmcblk0boot1 
[    3.734005]  (driver?)
[    3.740784] b310            4096 mmcblk0boot0 
[    3.740786]  (driver?)
[    3.747600] b330         3872256 mmcblk1 
[    3.747603]  driver: mmcblk
[    3.754418]   b331         1048576 mmcblk1p1 9f708861-0237-4a15-9a9f-df50d7514fd3
[    3.754426] 
[    3.763398]   b332         1048576 mmcblk1p2 0f76ed0a-5e5b-43ed-a2bb-85481fdcbeab
[    3.763400] 
[    3.772369]   b333            9216 mmcblk1p3 a38c0c34-2976-468f-adb8-493d4b4bc682
[    3.772376] 
[    3.781332] Kernel panic - not syncing: VFS: Unable to mount root fs on unknown-block(179,1)
[    3.789756] CPU: 2 PID: 1 Comm: swapper/0 Not tainted 4.15.0-rc7-next-20180110-344559-gb4464bcab38d #1
[    3.799047] Hardware name: NVIDIA Tegra SoC (Flattened Device Tree)
[    3.805319] [<c0311070>] (unwind_backtrace) from [<c030c714>] (show_stack+0x10/0x14)
[    3.813049] [<c030c714>] (show_stack) from [<c0cfa3a4>] (dump_stack+0x84/0xa4)
[    3.820257] [<c0cfa3a4>] (dump_stack) from [<c0343268>] (panic+0xd0/0x274)
[    3.827132] [<c0343268>] (panic) from [<c13011a0>] (mount_block_root+0x180/0x288)
[    3.834614] [<c13011a0>] (mount_block_root) from [<c13014c4>] (mount_root+0x108/0x12c)
[    3.842529] [<c13014c4>] (mount_root) from [<c130164c>] (prepare_namespace+0x164/0x1c4)
[    3.850517] [<c130164c>] (prepare_namespace) from [<c1300e48>] (kernel_init_freeable+0x18c/0x1d0)
[    3.859372] [<c1300e48>] (kernel_init_freeable) from [<c0d0dfd4>] (kernel_init+0x8/0x114)
[    3.867544] [<c0d0dfd4>] (kernel_init) from [<c03010e8>] (ret_from_fork+0x14/0x2c)
[    3.875097] Exception stack(0xee0abfb0 to 0xee0abff8)
[    3.880139] bfa0:                                     00000000 00000000 00000000 00000000
[    3.888306] bfc0: 00000000 00000000 00000000 00000000 00000000 00000000 00000000 00000000
[    3.896464] bfe0: 00000000 00000000 00000000 00000000 00000013 00000000
[    3.903130] CPU1: stopping
[    3.905833] CPU: 1 PID: 0 Comm: swapper/1 Not tainted 4.15.0-rc7-next-20180110-344559-gb4464bcab38d #1
[    3.915117] Hardware name: NVIDIA Tegra SoC (Flattened Device Tree)
[    3.921376] [<c0311070>] (unwind_backtrace) from [<c030c714>] (show_stack+0x10/0x14)
[    3.929104] [<c030c714>] (show_stack) from [<c0cfa3a4>] (dump_stack+0x84/0xa4)
[    3.936311] [<c0cfa3a4>] (dump_stack) from [<c030f62c>] (handle_IPI+0x190/0x2b0)
[    3.943693] [<c030f62c>] (handle_IPI) from [<c064c840>] (gic_handle_irq+0x94/0xa0)
[    3.951246] [<c064c840>] (gic_handle_irq) from [<c0301a0c>] (__irq_svc+0x6c/0x90)
[    3.958709] Exception stack(0xee0dff38 to 0xee0dff80)
[    3.963745] ff20:                                                       00000000 00000005
[    3.971902] ff40: 00000413 00000008 00000001 c15301d8 00000001 00000001 c167c090 c1452178
[    3.980060] ff60: eefa0180 00000001 c0b8cd88 ee0dff88 c0b39b40 c0b39c2c 60000113 ffffffff
[    3.988222] [<c0301a0c>] (__irq_svc) from [<c0b39c2c>] (cpuidle_enter_state+0x1b4/0x32c)
[    3.996296] [<c0b39c2c>] (cpuidle_enter_state) from [<c037d608>] (do_idle+0x184/0x204)
[    4.004195] [<c037d608>] (do_idle) from [<c037d8e0>] (cpu_startup_entry+0x18/0x1c)
[    4.011747] [<c037d8e0>] (cpu_startup_entry) from [<803024ec>] (0x803024ec)
[    4.018691] CPU0: stopping
[    4.021389] CPU: 0 PID: 0 Comm: swapper/0 Not tainted 4.15.0-rc7-next-20180110-344559-gb4464bcab38d #1
[    4.030673] Hardware name: NVIDIA Tegra SoC (Flattened Device Tree)
[    4.036927] [<c0311070>] (unwind_backtrace) from [<c030c714>] (show_stack+0x10/0x14)
[    4.044653] [<c030c714>] (show_stack) from [<c0cfa3a4>] (dump_stack+0x84/0xa4)
[    4.051859] [<c0cfa3a4>] (dump_stack) from [<c030f62c>] (handle_IPI+0x190/0x2b0)
[    4.059238] [<c030f62c>] (handle_IPI) from [<c064c840>] (gic_handle_irq+0x94/0xa0)
[    4.066789] [<c064c840>] (gic_handle_irq) from [<c0301a0c>] (__irq_svc+0x6c/0x90)
[    4.074251] Exception stack(0xc1501f00 to 0xc1501f48)
[    4.079290] 1f00: 00000000 00000005 00000414 00000008 00000001 c15301d8 00000000 00000001
[    4.087447] 1f20: c167c090 c1452178 eef8f180 00000001 c0b8cd88 c1501f50 c0b39b40 c0b39c2c
[    4.095602] 1f40: 60000113 ffffffff
[    4.099082] [<c0301a0c>] (__irq_svc) from [<c0b39c2c>] (cpuidle_enter_state+0x1b4/0x32c)
[    4.107154] [<c0b39c2c>] (cpuidle_enter_state) from [<c037d608>] (do_idle+0x184/0x204)
[    4.115051] [<c037d608>] (do_idle) from [<c037d8e0>] (cpu_startup_entry+0x18/0x1c)
[    4.122607] [<c037d8e0>] (cpu_startup_entry) from [<c1300c4c>] (start_kernel+0x388/0x3f8)
[    4.130766] [<c1300c4c>] (start_kernel) from [<00000000>] (  (null))
[    4.137102] CPU3: stopping
[    4.139801] CPU: 3 PID: 0 Comm: swapper/3 Not tainted 4.15.0-rc7-next-20180110-344559-gb4464bcab38d #1
[    4.149084] Hardware name: NVIDIA Tegra SoC (Flattened Device Tree)
[    4.155337] [<c0311070>] (unwind_backtrace) from [<c030c714>] (show_stack+0x10/0x14)
[    4.163063] [<c030c714>] (show_stack) from [<c0cfa3a4>] (dump_stack+0x84/0xa4)
[    4.170268] [<c0cfa3a4>] (dump_stack) from [<c030f62c>] (handle_IPI+0x190/0x2b0)
[    4.177646] [<c030f62c>] (handle_IPI) from [<c064c840>] (gic_handle_irq+0x94/0xa0)
[    4.185199] [<c064c840>] (gic_handle_irq) from [<c0301a0c>] (__irq_svc+0x6c/0x90)
[    4.192662] Exception stack(0xee0e3f38 to 0xee0e3f80)
[    4.197698] 3f20:                                                       00000000 00000005
[    4.205856] 3f40: 00000415 00000008 00000001 c15301d8 00000003 00000001 c167c090 c1452178
[    4.214014] 3f60: eefc2180 00000001 00000000 ee0e3f88 c0b39b40 c0b39c2c 60000113 ffffffff
[    4.222173] [<c0301a0c>] (__irq_svc) from [<c0b39c2c>] (cpuidle_enter_state+0x1b4/0x32c)
[    4.230245] [<c0b39c2c>] (cpuidle_enter_state) from [<c037d608>] (do_idle+0x184/0x204)
[    4.238144] [<c037d608>] (do_idle) from [<c037d8e0>] (cpu_startup_entry+0x18/0x1c)
[    4.245694] [<c037d8e0>] (cpu_startup_entry) from [<803024ec>] (0x803024ec)
[    4.252646] ---[ end Kernel panic - not syncing: VFS: Unable to mount root fs on unknown-block(179,1)
