
U-Boot SPL 2014.01-00219-gc4d376f (Feb 18 2014 - 19:57:18)


U-Boot 2014.01-00219-gc4d376f (Feb 18 2014 - 19:57:18)

TEGRA30
Board: NVIDIA Beaver
I2C:   ready
DRAM:  2 GiB
MMC:   Tegra SD/MMC: 0, Tegra SD/MMC: 1
In:    serial
Out:   serial
Err:   serial
Net:   Net Initialization Skipped
No ethernet found.
Hit any key to stop autoboot:  2  0 
Tegra30 (Beaver) # 
Tegra30 (Beaver) # usb reset
(Re)start USB...
USB0:   USB EHCI 1.00
scanning bus 0 for devices... 2 USB Device(s) found
       scanning usb for storage devices... 0 Storage Device(s) found
       scanning usb for ethernet devices... 
Warning: asx0 using MAC address from net device
1 Ethernet Device(s) found
Tegra30 (Beaver) # setenv bootargs 'ignore_loglevel console=ttyS0,115200n8 rw root=/dev/mmcblk0p1 rootwait gpt debug init=/bin/bash noinitrd'
Tegra30 (Beaver) # setenv ipaddr 192.168.100.101; setenv serverip 192.168.100.1; setenv tftpserverip 192.168.100.1
Tegra30 (Beaver) # tftpboot 0x81000000 zImage.multi_v7_defconfig
Using asx0 device
TFTP from server 192.168.100.1; our IP address is 192.168.100.101
Filename 'zImage.multi_v7_defconfig'.
Load address: 0x81000000
Loading: *#################################################################
	 #################################################################
	 #################################################################
	 #################################################################
	 #################################################################
	 #################################################################
	 #########
	 2.8 MiB/s
done
Bytes transferred = 5842760 (592748 hex)
Tegra30 (Beaver) # tftpboot 0x82000000 tegra30-beaver.dtb
Using asx0 device
TFTP from server 192.168.100.1; our IP address is 192.168.100.101
Filename 'tegra30-beaver.dtb'.
Load address: 0x82000000
Loading: *##
	 3.4 MiB/s
done
Bytes transferred = 24641 (6041 hex)
Tegra30 (Beaver) # bootz 0x81000000 - 0x82000000
Kernel image @ 0x81000000 [ 0x000000 - 0x592748 ]
## Flattened Device Tree blob at 82000000
   Booting using the fdt blob at 0x82000000
   Loading Device Tree to 8fff6000, end 8ffff040 ... OK

Starting kernel ...

[    0.000000] Booting Linux on physical CPU 0x0
[    0.000000] Linux version 3.19.0-next-20150211-117126-g5721f7f (pwalmsley@tamien) (gcc version 4.7.3 20130328 (prerelease) (crosstool-NG linaro-1.13.1-4.7-2013.04-20130415 - Linaro GCC 2013.04) ) #1 SMP Tue Feb 10 23:18:57 PST 2015
[    0.000000] CPU: ARMv7 Processor [412fc099] revision 9 (ARMv7), cr=10c5387d
[    0.000000] CPU: PIPT / VIPT nonaliasing data cache, VIPT aliasing instruction cache
[    0.000000] Machine model: NVIDIA Tegra30 Beaver evaluation board
[    0.000000] debug: ignoring loglevel setting.
[    0.000000] cma: Reserved 64 MiB at 0xfb800000
[    0.000000] Memory policy: Data cache writealloc
[    0.000000] On node 0 totalpages: 524032
[    0.000000] free_area_init_node: node 0, pgdat c0e35900, node_mem_map ee7f8000
[    0.000000]   DMA zone: 1520 pages used for memmap
[    0.000000]   DMA zone: 0 pages reserved
[    0.000000]   DMA zone: 194560 pages, LIFO batch:31
[    0.000000]   HighMem zone: 329472 pages, LIFO batch:31
[    0.000000] PERCPU: Embedded 11 pages/cpu @ee7b1000 s12480 r8192 d24384 u45056
[    0.000000] pcpu-alloc: s12480 r8192 d24384 u45056 alloc=11*4096
[    0.000000] pcpu-alloc: [0] 0 [0] 1 [0] 2 [0] 3 
[    0.000000] Built 1 zonelists in Zone order, mobility grouping on.  Total pages: 522512
[    0.000000] Kernel command line: ignore_loglevel console=ttyS0,115200n8 rw root=/dev/mmcblk0p1 rootwait gpt debug init=/bin/bash noinitrd
[    0.000000] PID hash table entries: 4096 (order: 2, 16384 bytes)
[    0.000000] Dentry cache hash table entries: 131072 (order: 7, 524288 bytes)
[    0.000000] Inode-cache hash table entries: 65536 (order: 6, 262144 bytes)
[    0.000000] Memory: 2000284K/2096128K available (7602K kernel code, 934K rwdata, 3164K rodata, 776K init, 308K bss, 30308K reserved, 65536K cma-reserved, 1252352K highmem)
[    0.000000] Virtual kernel memory layout:
[    0.000000]     vector  : 0xffff0000 - 0xffff1000   (   4 kB)
[    0.000000]     fixmap  : 0xffc00000 - 0xfff00000   (3072 kB)
[    0.000000]     vmalloc : 0xf0000000 - 0xff000000   ( 240 MB)
[    0.000000]     lowmem  : 0xc0000000 - 0xef800000   ( 760 MB)
[    0.000000]     pkmap   : 0xbfe00000 - 0xc0000000   (   2 MB)
[    0.000000]     modules : 0xbf000000 - 0xbfe00000   (  14 MB)
[    0.000000]       .text : 0xc0208000 - 0xc0c8bc20   (10768 kB)
[    0.000000]       .init : 0xc0c8c000 - 0xc0d4e000   ( 776 kB)
[    0.000000]       .data : 0xc0d4e000 - 0xc0e37860   ( 935 kB)
[    0.000000]        .bss : 0xc0e37860 - 0xc0e84868   ( 309 kB)
[    0.000000] SLUB: HWalign=64, Order=0-3, MinObjects=0, CPUs=4, Nodes=1
[    0.000000] Hierarchical RCU implementation.
[    0.000000] 	Additional per-CPU info printed with stalls.
[    0.000000] 	RCU restricting CPUs from NR_CPUS=8 to nr_cpu_ids=4.
[    0.000000] RCU: Adjusting geometry for rcu_fanout_leaf=16, nr_cpu_ids=4
[    0.000000] NR_IRQS:16 nr_irqs:16 16
[    0.000000] L2C: platform modifies aux control register: 0x02080000 -> 0x3e480001
[    0.000000] L2C: DT/platform modifies aux control register: 0x02080000 -> 0x3e480001
[    0.000000] L2C-310 erratum 769419 enabled
[    0.000000] L2C-310 enabling early BRESP for Cortex-A9
[    0.000000] L2C-310: enabling full line of zeros but not enabled in Cortex-A9
[    0.000000] L2C-310 ID prefetch enabled, offset 1 lines
[    0.000000] L2C-310 dynamic clock gating enabled, standby mode enabled
[    0.000000] L2C-310 cache controller enabled, 8 ways, 1024 kB
[    0.000000] L2C-310: CACHE_ID 0x410000c7, AUX_CTRL 0x7e480001
[    0.000012] sched_clock: 32 bits at 1000kHz, resolution 1000ns, wraps every 2147483648000ns
[    0.000030] Switching to timer-based delay loop, resolution 1000ns
[    0.001144] Console: colour dummy device 80x30
[    0.001164] Calibrating delay loop (skipped), value calculated using timer frequency.. 2.00 BogoMIPS (lpj=5000)
[    0.001173] pid_max: default: 32768 minimum: 301
[    0.001260] Mount-cache hash table entries: 2048 (order: 1, 8192 bytes)
[    0.001267] Mountpoint-cache hash table entries: 2048 (order: 1, 8192 bytes)
[    0.001672] CPU: Testing write buffer coherency: ok
[    0.001875] CPU0: thread -1, cpu 0, socket 0, mpidr 80000000
[    0.001940] Setting up static identity map for 0x8092f6e0 - 0x8092f778
[    0.003039] Tegra Revision: A03 SKU: 128 CPU Process: 4 Core Process: 0
[    0.004206] CPU1: thread -1, cpu 1, socket 0, mpidr 80000001
[    0.005070] CPU2: thread -1, cpu 2, socket 0, mpidr 80000002
[    0.005933] CPU3: thread -1, cpu 3, socket 0, mpidr 80000003
[    0.005973] Brought up 4 CPUs
[    0.005985] SMP: Total of 4 processors activated (8.00 BogoMIPS).
[    0.005990] CPU: All CPU(s) started in SVC mode.
[    0.006400] devtmpfs: initialized
[    0.006938] VFP support v0.3: implementor 41 architecture 3 part 30 variant 9 rev 4
[    0.010465] pinctrl core: initialized pinctrl subsystem
[    0.014539] NET: Registered protocol family 16
[    0.017426] DMA: preallocated 256 KiB pool for atomic coherent allocations
[    0.029966] cpuidle: using governor ladder
[    0.044956] cpuidle: using governor menu
[    0.052521] No ATAGs?
[    0.052551] hw-breakpoint: found 5 (+1 reserved) breakpoint and 1 watchpoint registers.
[    0.052558] hw-breakpoint: maximum watchpoint size is 4 bytes.
[    0.054242] Serial: AMBA PL011 UART driver
[    0.072153] platform regulators:regulator@1: Driver reg-fixed-voltage requests probe deferral
[    0.072194] platform regulators:regulator@2: Driver reg-fixed-voltage requests probe deferral
[    0.072291] vdd_5v_sata: Failed to request enable GPIO30: -517
[    0.072348] reg-fixed-voltage regulators:regulator@3: Failed to register regulator: -517
[    0.072360] platform regulators:regulator@3: Driver reg-fixed-voltage requests probe deferral
[    0.072449] usb1_vbus: Failed to request enable GPIO238: -517
[    0.072497] reg-fixed-voltage regulators:regulator@4: Failed to register regulator: -517
[    0.072507] platform regulators:regulator@4: Driver reg-fixed-voltage requests probe deferral
[    0.072596] usb3_vbus: Failed to request enable GPIO236: -517
[    0.072643] reg-fixed-voltage regulators:regulator@5: Failed to register regulator: -517
[    0.072653] platform regulators:regulator@5: Driver reg-fixed-voltage requests probe deferral
[    0.072693] platform regulators:regulator@6: Driver reg-fixed-voltage requests probe deferral
[    0.072782] sys_3v3_pexs: Failed to request enable GPIO95: -517
[    0.072830] reg-fixed-voltage regulators:regulator@7: Failed to register regulator: -517
[    0.072840] platform regulators:regulator@7: Driver reg-fixed-voltage requests probe deferral
[    0.072940] reg-fixed-voltage regulators:regulator@8: Failed to find supply vin
[    0.072989] reg-fixed-voltage regulators:regulator@8: Failed to register regulator: -517
[    0.072999] platform regulators:regulator@8: Driver reg-fixed-voltage requests probe deferral
[    0.074520] vgaarb: loaded
[    0.074960] SCSI subsystem initialized
[    0.075128] libata version 3.00 loaded.
[    0.075339] usbcore: registered new interface driver usbfs
[    0.075378] usbcore: registered new interface driver hub
[    0.075421] usbcore: registered new device driver usb
[    0.082600] vrtc: supplied by vdd_5v_in
[    0.089960] vdd_1v8_gen: supplied by vdd_5v_in
[    0.094958] vddio_ddr_1v2: supplied by vdd_5v_in
[    0.099957] vdd_1v5_gen: supplied by vdd_5v_in
[    0.107258] vdd_pexa,vdd_pexb: supplied by vdd_1v5_gen
[    0.109948] vdd_sata,avdd_plle: supplied by vdd_1v5_gen
[    0.112288] ldo3: supplied by vdd_5v_in
[    0.114959] vdd_rtc: supplied by vdd_5v_in
[    0.119958] vddio_sdmmc,avdd_vdac: supplied by vdd_5v_in
[    0.122625] avdd_dsi_csi,pwrdet_mipi: supplied by vdd_1v8_gen
[    0.129953] vdd_pllm,x,u,a_p_c_s: supplied by vdd_1v8_gen
[    0.134955] vdd_ddr_hs: supplied by vdd_1v8_gen
[    0.136719] Linux video capture interface: v2.00
[    0.136751] pps_core: LinuxPPS API ver. 1 registered
[    0.136756] pps_core: Software ver. 5.3.6 - Copyright 2005-2007 Rodolfo Giometti <giometti@linux.it>
[    0.136782] PTP clock support registered
[    0.136953] EDAC MC: Ver: 3.0.0
[    0.137292] Advanced Linux Sound Architecture Driver Initialized.
[    0.138047] Switched to clocksource timer_us
[    0.144166] NET: Registered protocol family 2
[    0.144612] TCP established hash table entries: 8192 (order: 3, 32768 bytes)
[    0.144660] TCP bind hash table entries: 8192 (order: 4, 65536 bytes)
[    0.144737] TCP: Hash tables configured (established 8192 bind 8192)
[    0.144819] TCP: reno registered
[    0.144830] UDP hash table entries: 512 (order: 2, 16384 bytes)
[    0.144884] UDP-Lite hash table entries: 512 (order: 2, 16384 bytes)
[    0.145051] NET: Registered protocol family 1
[    0.145287] RPC: Registered named UNIX socket transport module.
[    0.145294] RPC: Registered udp transport module.
[    0.145298] RPC: Registered tcp transport module.
[    0.145302] RPC: Registered tcp NFSv4.1 backchannel transport module.
[    0.145318] PCI: CLS 0 bytes, default 64
[    0.146013] hw perfevents: enabled with armv7_cortex_a9 PMU driver, 7 counters available
[    0.146915] futex hash table entries: 1024 (order: 4, 65536 bytes)
[    0.153259] squashfs: version 4.0 (2009/01/31) Phillip Lougher
[    0.153800] NFS: Registering the id_resolver key type
[    0.153836] Key type id_resolver registered
[    0.153841] Key type id_legacy registered
[    0.153883] ntfs: driver 2.1.31 [Flags: R/O].
[    0.154520] bounce: pool size: 64 pages
[    0.154650] Block layer SCSI generic (bsg) driver version 0.4 loaded (major 249)
[    0.154664] io scheduler noop registered
[    0.154672] io scheduler deadline registered
[    0.154763] io scheduler cfq registered (default)
[    0.160433] tegra-pcie 3000.pcie-controller: 2x3 configuration
[    0.160534] tegra-pcie 3000.pcie-controller: Failed to get supply 'hvdd-pex': -517
[    0.160591] platform 3000.pcie-controller: Driver tegra-pcie requests probe deferral
[    0.163420] tegra-apbdma 6000a000.dma: Tegra20 APB DMA driver register 32 channels
[    0.163862] tegra-pmc 7000e400.pmc: i2c-thermtrip node not found, emergency thermal reset disabled.
[    0.197360] Serial: 8250/16550 driver, 4 ports, IRQ sharing disabled
[    0.199027] msm_serial: driver initialized
[    0.199643] console [ttyS0] disabled
[    0.199682] 70006000.serial: ttyS0 at MMIO 0x70006000 (irq = 331, base_baud = 25500000) is a Tegra
[    1.116334] console [ttyS0] enabled
[    1.120301] STMicroelectronics ASC driver initialized
[    1.126735] [drm] Initialized drm 1.1.0 20060810
[    1.132322] tegra-hdmi 54280000.hdmi: failed to get HDMI regulator
[    1.138518] platform 54280000.hdmi: Driver tegra-hdmi requests probe deferral
[    1.150065] loop: module loaded
[    1.156810] m25p80 spi32766.1: w25q32 (4096 Kbytes)
[    1.163153] CAN device driver interface
[    1.167625] igb: Intel(R) Gigabit Ethernet Network Driver - version 5.2.15-k
[    1.174666] igb: Copyright (c) 2007-2014 Intel Corporation.
[    1.181222] pegasus: v0.9.3 (2013/04/25), Pegasus/Pegasus II USB Ethernet driver
[    1.188658] usbcore: registered new interface driver pegasus
[    1.194346] usbcore: registered new interface driver asix
[    1.199767] usbcore: registered new interface driver ax88179_178a
[    1.205877] usbcore: registered new interface driver cdc_ether
[    1.211746] usbcore: registered new interface driver smsc75xx
[    1.217523] usbcore: registered new interface driver smsc95xx
[    1.223289] usbcore: registered new interface driver net1080
[    1.228978] usbcore: registered new interface driver cdc_subset
[    1.234917] usbcore: registered new interface driver zaurus
[    1.240542] usbcore: registered new interface driver cdc_ncm
[    1.246825] ehci_hcd: USB 2.0 'Enhanced' Host Controller (EHCI) Driver
[    1.253349] ehci-pci: EHCI PCI platform driver
[    1.257814] ehci-platform: EHCI generic platform driver
[    1.263158] ehci-omap: OMAP-EHCI Host Controller driver
[    1.268448] ehci-orion: EHCI orion driver
[    1.272515] SPEAr-ehci: EHCI SPEAr driver
[    1.276595] ehci-st: EHCI STMicroelectronics driver
[    1.281548] ehci-exynos: EHCI EXYNOS driver
[    1.285814] tegra-ehci: Tegra EHCI driver
[    1.289998] platform 7d004000.usb: Driver tegra-ehci requests probe deferral
[    1.297095] platform 7d008000.usb: Driver tegra-ehci requests probe deferral
[    1.304172] ohci_hcd: USB 1.1 'Open' Host Controller (OHCI) Driver
[    1.310357] ohci-pci: OHCI PCI platform driver
[    1.314832] ohci-platform: OHCI generic platform driver
[    1.320151] ohci-omap3: OHCI OMAP3 driver
[    1.324231] SPEAr-ohci: OHCI SPEAr driver
[    1.328309] ohci-st: OHCI STMicroelectronics driver
[    1.333303] usbcore: registered new interface driver usb-storage
[    1.339480] platform 7d004000.usb-phy: Driver tegra-phy requests probe deferral
[    1.346835] platform 7d008000.usb-phy: Driver tegra-phy requests probe deferral
[    1.355100] mousedev: PS/2 mouse device common for all mice
[    1.362513] tegra_rtc 7000e000.rtc: rtc core: registered 7000e000.rtc as rtc1
[    1.369677] tegra_rtc 7000e000.rtc: Tegra internal Real Time Clock
[    1.388416] tps65910-rtc tps65910-rtc: rtc core: registered tps65910-rtc as rtc0
[    1.395929] i2c /dev entries driver
[    1.400638] usbcore: registered new interface driver uvcvideo
[    1.406379] USB Video Class driver (1.1.1)
[    1.410472] gspca_main: v2.14.0 registered
[    1.416618] Driver 'mmcblk' needs updating - please use bus_type methods
[    1.423369] sdhci: Secure Digital Host Controller Interface driver
[    1.429542] sdhci: Copyright(c) Pierre Ossman
[    1.434335] Synopsys Designware Multimedia Card Interface Driver
[    1.440839] sdhci-pltfm: SDHCI platform and OF driver helper
[    1.446926] sdhci-tegra 78000000.sdhci: Got CD GPIO
[    1.451814] sdhci-tegra 78000000.sdhci: Got WP GPIO
[    1.457816] sdhci-tegra 78000000.sdhci: No vmmc regulator found
[    1.463732] sdhci-tegra 78000000.sdhci: No vqmmc regulator found
[    1.469730] mmc0: Invalid maximum block size, assuming 512 bytes
[    1.508123] mmc0: SDHCI controller on 78000000.sdhci [78000000.sdhci] using ADMA
[    1.518692] sdhci-tegra 78000600.sdhci: No vmmc regulator found
[    1.524614] sdhci-tegra 78000600.sdhci: No vqmmc regulator found
[    1.530613] mmc1: Invalid maximum block size, assuming 512 bytes
[    1.573055] mmc1: SDHCI controller on 78000600.sdhci [78000600.sdhci] using ADMA
[    1.585178] ledtrig-cpu: registered to indicate activity on CPUs
[    1.591337] usbcore: registered new interface driver usbhid
[    1.596910] usbhid: USB HID core driver
[    1.602620] usbcore: registered new interface driver snd-usb-audio
[    1.684227] mmc1: new high speed MMC card at address 0001
[    1.689876] mmcblk0: mmc1:0001 SEM16G 14.8 GiB 
[    1.694485] mmcblk0boot0: mmc1:0001 SEM16G partition 1 1.00 MiB
[    1.700471] mmcblk0boot1: mmc1:0001 SEM16G partition 2 1.00 MiB
[    1.706446] mmcblk0rpmb: mmc1:0001 SEM16G partition 3 128 KiB
[    1.714921] Primary GPT is invalid, using alternate GPT.
[    1.720244]  mmcblk0: p1 p2 p3 p4 p5
[    2.024328] tegra30-i2s 70080400.i2s: DMA channels sourced from device 70080000.ahub
[    2.039904] tegra-snd-rt5640 sound: rt5640-aif1 <-> 70080400.i2s mapping ok
[    2.048793] input: NVIDIA Tegra Beaver Headphones as /devices/soc0/sound/sound/card0/input0
[    2.058115] TCP: cubic registered
[    2.061427] NET: Registered protocol family 17
[    2.065887] can: controller area network core (rev 20120528 abi 9)
[    2.072110] NET: Registered protocol family 29
[    2.076557] can: raw protocol (rev 20120528)
[    2.080825] can: broadcast manager protocol (rev 20120528 t)
[    2.086482] can: netlink gateway (rev 20130117) max_hops=1
[    2.092239] Key type dns_resolver registered
[    2.096892] ThumbEE CPU extension supported.
[    2.101174] Registering SWP/SWPB emulation handler
[    2.111388] vdd_ddr: supplied by vdd_5v_in
[    2.115732] vdd_5v_sata: supplied by vdd_5v_in
[    2.120398] usb1_vbus: supplied by vdd_5v_in
[    2.124901] usb3_vbus: supplied by vdd_5v_in
[    2.130729] sys_3v3,vdd_3v3_alw: supplied by vdd_5v_in
[    2.136091] sys_3v3_pexs: supplied by sys_3v3,vdd_3v3_alw
[    2.141715] +VDD_5V_HDMI: supplied by sys_3v3,vdd_3v3_alw
[    2.147482] tegra-pcie 3000.pcie-controller: 2x3 configuration
[    2.155444] tegra-pcie 3000.pcie-controller: probing port 0, using 2 lanes
[    2.220288] tegra-pcie 3000.pcie-controller: probing port 2, using 2 lanes
[    2.630563] tegra-pcie 3000.pcie-controller: link 2 down, retrying
[    3.040513] tegra-pcie 3000.pcie-controller: link 2 down, retrying
[    3.450488] tegra-pcie 3000.pcie-controller: link 2 down, retrying
[    3.458678] tegra-pcie 3000.pcie-controller: link 2 down, ignoring
[    3.464988] tegra-pcie 3000.pcie-controller: PCI host bridge to bus 0000:00
[    3.471951] pci_bus 0000:00: root bus resource [mem 0x20000000-0x27ffffff]
[    3.478823] pci_bus 0000:00: root bus resource [mem 0x28000000-0x3fffffff pref]
[    3.486128] pci_bus 0000:00: root bus resource [bus 00-ff]
[    3.491611] pci_bus 0000:00: root bus resource [io  0x1000-0xffff]
[    3.497808] pci 0000:00:01.0: [10de:0e1c] type 01 class 0x060400
[    3.503868] pci 0000:00:01.0: PME# supported from D0 D1 D2 D3hot D3cold
[    3.510615] PCI: bus0: Fast back to back transfers disabled
[    3.516190] pci 0000:00:01.0: bridge configuration invalid ([bus 00-00]), reconfiguring
[    3.524302] pci 0000:01:00.0: [10ec:8168] type 00 class 0x020000
[    3.530321] pci 0000:01:00.0: reg 0x10: [io  0x0000-0x00ff]
[    3.535907] pci 0000:01:00.0: reg 0x18: [mem 0x00000000-0x00000fff 64bit pref]
[    3.543136] pci 0000:01:00.0: reg 0x20: [mem 0x00000000-0x00003fff 64bit pref]
[    3.550422] pci 0000:01:00.0: supports D1 D2
[    3.554695] pci 0000:01:00.0: PME# supported from D0 D1 D2 D3hot D3cold
[    3.568073] PCI: bus1: Fast back to back transfers disabled
[    3.573644] pci_bus 0000:01: busn_res: [bus 01-ff] end is updated to 01
[    3.580303] pci 0000:00:01.0: BAR 9: assigned [mem 0x28000000-0x280fffff 64bit pref]
[    3.588044] pci 0000:00:01.0: BAR 7: assigned [io  0x1000-0x1fff]
[    3.594133] pci 0000:01:00.0: BAR 4: assigned [mem 0x28000000-0x28003fff 64bit pref]
[    3.601875] pci 0000:01:00.0: BAR 2: assigned [mem 0x28004000-0x28004fff 64bit pref]
[    3.609616] pci 0000:01:00.0: BAR 0: assigned [io  0x1000-0x10ff]
[    3.615703] pci 0000:00:01.0: PCI bridge to [bus 01]
[    3.620662] pci 0000:00:01.0:   bridge window [io  0x1000-0x1fff]
[    3.626748] pci 0000:00:01.0:   bridge window [mem 0x28000000-0x280fffff 64bit pref]
[    3.634492] pci 0000:00:01.0: nv_msi_ht_cap_quirk didn't locate host bridge
[    3.641505] pcieport 0000:00:01.0: enabling device (0140 -> 0143)
[    3.647736] pcieport 0000:00:01.0: Signaling PME through PCIe PME interrupt
[    3.654694] pci 0000:01:00.0: Signaling PME through PCIe PME interrupt
[    3.661213] pcie_pme 0000:00:01.0:pcie01: service driver pcie_pme loaded
[    3.668074] r8169 Gigabit Ethernet driver 2.3LK-NAPI loaded
[    3.673659] r8169 0000:01:00.0: enabling device (0140 -> 0143)
[    3.680158] r8169 0000:01:00.0 eth0: RTL8168evl/8111evl at 0xf00e8000, 02:04:4b:01:60:a6, XID 0c900800 IRQ 375
[    3.690155] r8169 0000:01:00.0 eth0: jumbo features [frames: 9200 bytes, tx checksumming: ko]
[    3.701237] [drm] Supports vblank timestamp caching Rev 2 (21.10.2013).
[    3.707874] [drm] No driver support for vblank timestamp query.
[    3.713813] drm drm: No connectors reported connected with modes
[    3.719827] [drm] Cannot find any crtc or sizes - going 1024x768
[    3.746064] Console: switching to colour frame buffer device 128x48
[    3.758562] drm drm: fb0:  frame buffer device
[    3.762993] drm drm: registered panic notifier
[    3.778444] [drm] Initialized tegra 0.0.0 20120330 on minor 0
[    3.784934] platform 7d004000.usb: Driver tegra-ehci requests probe deferral
[    3.792643] platform 7d008000.usb: Driver tegra-ehci requests probe deferral
[    3.803436] utmi_phy_clk_enable: timeout waiting for phy to stabilize
[    3.809889] tegra-ehci 7d004000.usb: EHCI Host Controller
[    3.815298] tegra-ehci 7d004000.usb: new USB bus registered, assigned bus number 1
[    3.824366] tegra-ehci 7d004000.usb: irq 343, io mem 0x7d004000
[    3.838062] tegra-ehci 7d004000.usb: USB 2.0 started, EHCI 1.00
[    3.844450] hub 1-0:1.0: USB hub found
[    3.848233] hub 1-0:1.0: 1 port detected
[    3.852843] tegra-ehci 7d008000.usb: EHCI Host Controller
[    3.858256] tegra-ehci 7d008000.usb: new USB bus registered, assigned bus number 2
[    3.865996] tegra-ehci 7d008000.usb: irq 344, io mem 0x7d008000
[    3.878440] tegra-ehci 7d008000.usb: USB 2.0 started, EHCI 1.00
[    3.884756] hub 2-0:1.0: USB hub found
[    3.888529] hub 2-0:1.0: 1 port detected
[    3.897844] tps65910-rtc tps65910-rtc: setting system clock to 2000-01-01 00:00:02 UTC (946684802)
[    3.911310] usb1_vbus: disabling
[    3.914619] vdd_sata,avdd_plle: disabling
[    3.919156] ALSA device list:
[    3.922114]   #0: NVIDIA Tegra Beaver
[    3.927636] EXT4-fs (mmcblk0p1): mounting ext3 file system using the ext4 subsystem
[    3.941433] EXT4-fs (mmcblk0p1): warning: mounting fs with errors, running e2fsck is recommended
[    3.951687] EXT4-fs (mmcblk0p1): recovery complete
[    3.956486] EXT4-fs (mmcblk0p1): mounted filesystem with ordered data mode. Opts: (null)
[    3.964597] VFS: Mounted root (ext3 filesystem) on device 179:1.
[    3.980039] devtmpfs: mounted
[    3.983719] Freeing unused kernel memory: 776K (c0c8c000 - c0d4e000)
bash: cannot set terminal process group (-1): Inappropriate ioctl for device
bash: no job control in this shell
root@(none):/# [    4.198495] usb 2-1: new high-speed USB device number 2 using tegra-ehci
