

U-Boot 2011.03 (Jun 11 2013 - 06:07:37)

T114
Board: NVIDIA Dalmore
DRAM:  2 GiB
MMC:   Tegra2 SD/MMC: 0, Tegra2 SD/MMC: 1
In:    serial
Out:   serial
Err:   serial
Net:   Net Initialization Skipped
No ethernet found.
Hit any key to stop autoboot:  2  1  0 
Dalmore #
Dalmore #usb reset
(Re)start USB...
USB:   Register 10011 NbrPorts 1
USB EHCI 1.10
scanning bus for devices... 2 USB Device(s) found
       scanning bus for storage devices... 0 Storage Device(s) found
       scanning bus for ethernet devices... 1 Ethernet Device(s) found
Dalmore #setenv bootargs 'ignore_loglevel console=ttyS0,115200n8 rw root=/dev/mmcblk0p1 rootwait gpt debug init=/bin/bash'
Dalmore #setenv ipaddr 192.168.100.100; setenv serverip 192.168.100.1; setenv tftpserverip 192.168.100.1
Dalmore #tftpboot 0x81000000 zImage.tegra_defconfig%tegra30,114_mergeconfig
Waiting for Ethernet connection... done.
Using asx0 device
TFTP from server 192.168.100.1; our IP address is 192.168.100.100
Filename 'zImage.tegra_defconfig%tegra30,114_mergeconfig'.
Load address: 0x81000000
Loading: *##################################################  2.8 MiB/s
done
Bytes transferred = 4227840 (408300 hex)
Dalmore #tftpboot 0x82000000 tegra114-dalmore.dtb
Using asx0 device
TFTP from server 192.168.100.1; our IP address is 192.168.100.100
Filename 'tegra114-dalmore.dtb'.
Load address: 0x82000000
Loading: *#################################################  2.7 MiB/s
done
Bytes transferred = 34015 (84df hex)
Dalmore #bootz 0x81000000 - 0x82000000
## Flattened Device Tree blob at 82000000
   Booting using the fdt blob at 0x82000000
   Loading Device Tree to 81ff4000, end 81fff4de ... OK

Starting kernel ...

Timer summary in microseconds:
       Mark    Elapsed  Stage
          0          0  awake
  3,077,089  3,077,089  usb_start
  7,082,208  4,005,119  eth_start
  7,082,206         -2  tftp start
 10,964,836  3,882,630  tftp done
 13,092,195  2,127,359  start_kernel
Uncompressing Linux... done, booting the kernel.
[    0.000000] Booting Linux on physical CPU 0x0
[    0.000000] Initializing cgroup subsys cpu
[    0.000000] Initializing cgroup subsys cpuacct
[    0.000000] Linux version 3.14.0-rc1-next-20140210-14288-gd371ca3 (pwalmsley@kaivo) (gcc version 4.7.3 20130328 (prerelease) (crosstool-NG linaro-1.13.1-4.7-2013.04-20130415 - Linaro GCC 2013.04) ) #1 SMP PREEMPT Sun Feb 9 21:55:22 PST 2014
[    0.000000] CPU: ARMv7 Processor [412fc0f2] revision 2 (ARMv7), cr=10c5387d
[    0.000000] CPU: PIPT / VIPT nonaliasing data cache, PIPT instruction cache
[    0.000000] Machine model: NVIDIA Tegra114 Dalmore evaluation board
[    0.000000] debug: ignoring loglevel setting.
[    0.000000] cma: CMA: reserved 16 MiB at ae800000
[    0.000000] Memory policy: Data cache writealloc
[    0.000000] On node 0 totalpages: 524032
[    0.000000] free_area_init_node: node 0, pgdat c08113c0, node_mem_map ed7f0000
[    0.000000]   Normal zone: 1520 pages used for memmap
[    0.000000]   Normal zone: 0 pages reserved
[    0.000000]   Normal zone: 194560 pages, LIFO batch:31
[    0.000000]   HighMem zone: 2574 pages used for memmap
[    0.000000]   HighMem zone: 329472 pages, LIFO batch:31
[    0.000000] Tegra Revision: A01 SKU: 0 CPU Process: 1 Core Process: 1
[    0.000000] PERCPU: Embedded 8 pages/cpu @ed7b7000 s9088 r8192 d15488 u32768
[    0.000000] pcpu-alloc: s9088 r8192 d15488 u32768 alloc=8*4096
[    0.000000] pcpu-alloc: [0] 0 [0] 1 [0] 2 [0] 3 
[    0.000000] Built 1 zonelists in Zone order, mobility grouping on.  Total pages: 522512
[    0.000000] Kernel command line: ignore_loglevel console=ttyS0,115200n8 rw root=/dev/mmcblk0p1 rootwait gpt debug init=/bin/bash
[    0.000000] PID hash table entries: 4096 (order: 2, 16384 bytes)
[    0.000000] Dentry cache hash table entries: 131072 (order: 7, 524288 bytes)
[    0.000000] Inode-cache hash table entries: 65536 (order: 6, 262144 bytes)
[    0.000000] Memory: 2053648K/2096128K available (5759K kernel code, 314K rwdata, 1912K rodata, 240K init, 344K bss, 42480K reserved, 1317888K highmem)
[    0.000000] Virtual kernel memory layout:
[    0.000000]     vector  : 0xffff0000 - 0xffff1000   (   4 kB)
[    0.000000]     fixmap  : 0xfff00000 - 0xfffe0000   ( 896 kB)
[    0.000000]     vmalloc : 0xf0000000 - 0xff000000   ( 240 MB)
[    0.000000]     lowmem  : 0xc0000000 - 0xef800000   ( 760 MB)
[    0.000000]     pkmap   : 0xbfe00000 - 0xc0000000   (   2 MB)
[    0.000000]     modules : 0xbf000000 - 0xbfe00000   (  14 MB)
[    0.000000]       .text : 0xc0008000 - 0xc078627c   (7673 kB)
[    0.000000]       .init : 0xc0787000 - 0xc07c3380   ( 241 kB)
[    0.000000]       .data : 0xc07c4000 - 0xc0812be0   ( 315 kB)
[    0.000000]        .bss : 0xc0812bec - 0xc0868fd8   ( 345 kB)
[    0.000000] Preemptible hierarchical RCU implementation.
[    0.000000] NR_IRQS:16 nr_irqs:16 16
[   13.870418] sched_clock: 32 bits at 1000kHz, resolution 1000ns, wraps every 2147483648000ns
[    0.000401] Architected cp15 timer(s) running at 12.00MHz (virt).
[   11.898671] sched_clock: 56 bits at 12MHz, resolution 83ns, wraps every 2863311536128ns
[    0.000003] Switching to timer-based delay loop
[    0.000442] Console: colour dummy device 80x30
[    0.000475] Calibrating delay loop (skipped), value calculated using timer frequency.. 24.00 BogoMIPS (lpj=120000)
[    0.000491] pid_max: default: 32768 minimum: 301
[    0.000920] Mount-cache hash table entries: 512
[    0.021984] Initializing cgroup subsys debug
[    0.022001] Initializing cgroup subsys freezer
[    0.022067] CPU: Testing write buffer coherency: ok
[    0.022406] /cpus/cpu@0 missing clock-frequency property
[    0.022432] /cpus/cpu@1 missing clock-frequency property
[    0.022454] /cpus/cpu@2 missing clock-frequency property
[    0.022478] /cpus/cpu@3 missing clock-frequency property
[    0.022491] CPU0: thread -1, cpu 0, socket 0, mpidr 80000000
[    0.022519] Setting up static identity map for 0x80575cd8 - 0x80575d70
[    0.080800] CPU1: Booted secondary processor
[    0.080829] CPU1: thread -1, cpu 1, socket 0, mpidr 80000001
[    0.100811] CPU2: Booted secondary processor
[    0.100837] CPU2: thread -1, cpu 2, socket 0, mpidr 80000002
[    0.120786] CPU3: Booted secondary processor
[    0.120810] CPU3: thread -1, cpu 3, socket 0, mpidr 80000003
[    0.120988] Brought up 4 CPUs
[    0.121015] SMP: Total of 4 processors activated.
[    0.121023] CPU: All CPU(s) started in SVC mode.
[    0.122087] devtmpfs: initialized
[    0.135642] VFP support v0.3: implementor 41 architecture 4 part 30 variant f rev 0
[    0.136414] pinctrl core: initialized pinctrl subsystem
[    0.137194] regulator-dummy: no parameters
[    0.138150] NET: Registered protocol family 16
[    0.139501] DMA: preallocated 256 KiB pool for atomic coherent allocations
[    0.140880] cpuidle: using governor ladder
[    0.140892] cpuidle: using governor menu
[    0.158648] No ATAGs?
[    0.158677] hw-breakpoint: found 5 (+1 reserved) breakpoint and 4 watchpoint registers.
[    0.158687] hw-breakpoint: maximum watchpoint size is 8 bytes.
[    0.178286] bio: create slab <bio-0> at 0
[    0.179952] vdd_ac_bat: 5000 mV 
[    0.180493] dvdd_ts: Failed to request enable GPIO61: -517
[    0.180675] reg-fixed-voltage 1.regulator: Failed to register regulator: -517
[    0.180704] platform 1.regulator: Driver reg-fixed-voltage requests probe deferral
[    0.181068] usb1_vbus: Failed to request enable GPIO108: -517
[    0.181237] reg-fixed-voltage 3.regulator: Failed to register regulator: -517
[    0.181264] platform 3.regulator: Driver reg-fixed-voltage requests probe deferral
[    0.181622] usb2_vbus: Failed to request enable GPIO86: -517
[    0.181789] reg-fixed-voltage 4.regulator: Failed to register regulator: -517
[    0.181816] platform 4.regulator: Driver reg-fixed-voltage requests probe deferral
[    0.182174] vdd_hdmi_5v0: Failed to request enable GPIO81: -517
[    0.182340] reg-fixed-voltage 5.regulator: Failed to register regulator: -517
[    0.182367] platform 5.regulator: Driver reg-fixed-voltage requests probe deferral
[    0.182470] platform 6.regulator: Driver reg-fixed-voltage requests probe deferral
[    0.183959] vgaarb: loaded
[    0.185292] SCSI subsystem initialized
[    0.185983] usbcore: registered new interface driver usbfs
[    0.186151] usbcore: registered new interface driver hub
[    0.186361] usbcore: registered new device driver usb
[    0.192155] vdd-cpu: 500 <--> 1520 mV at 1100 mV 
[    0.192979] tps65090 2-0048: No cache defaults, reading back from HW
[    0.199632] vdd-sys-5v0: no parameters
[    0.199721] vdd-sys-5v0: supplied by vdd_ac_bat
[    0.201308] vdd-sys-3v3: no parameters
[    0.201385] vdd-sys-3v3: supplied by vdd_ac_bat
[    0.202971] vdd-ao: no parameters
[    0.203047] vdd-ao: supplied by vdd_ac_bat
[    0.203444] vdd-lcd-bl: no parameters
[    0.203519] vdd-lcd-bl: supplied by vdd_ac_bat
[    0.203928] TPS65090_RAILSFET2: no parameters
[    0.204003] TPS65090_RAILSFET2: supplied by vdd_ac_bat
[    0.204389] vdd-modem-3v3: no parameters
[    0.204460] vdd-modem-3v3: supplied by vdd-sys-3v3
[    0.204849] avdd-lcd: no parameters
[    0.204919] avdd-lcd: supplied by vdd-sys-3v3
[    0.205313] vdd-lvds: no parameters
[    0.205384] vdd-lvds: supplied by vdd-sys-3v3
[    0.205790] vdd-sd-slot: no parameters
[    0.205861] vdd-sd-slot: supplied by vdd-sys-3v3
[    0.206248] vdd-com-3v3: no parameters
[    0.206318] vdd-com-3v3: supplied by vdd-sys-3v3
[    0.206712] vdd-sby-5v0: no parameters
[    0.206786] vdd-sby-5v0: supplied by vdd_ac_bat
[    0.207171] vdd-sby-3v3: no parameters
[    0.207233] vdd-sby-3v3: supplied by vdd_ac_bat
[    0.207705] genirq: Setting trigger mode 8 for irq 118 failed (gic_set_type+0x0/0xf0)
[    0.208305] palmas 2-0058: Irq flag is 0x00000000
[    0.222938] palmas 2-0058: Muxing GPIO ff, PWM 0, LED 0
[    0.232333] vddio-ddr: 1350 mV 
[    0.233279] vddio-ddr: supplied by vdd-ao
[    0.240408] vddio-1v8: 1800 mV 
[    0.241331] vddio-1v8: supplied by vdd-ao
[    0.248452] vdd-core: 900 <--> 1400 mV at 1100 mV 
[    0.249372] vdd-core: supplied by vdd-sys-3v3
[    0.253719] SMPS6: no parameters
[    0.261680] avdd-pll: 1050 mV 
[    0.262603] avdd-pll: supplied by vdd-sys-3v3
[    0.271078] sdhci-vdd-sd-slot: 2800 mV 
[    0.272000] sdhci-vdd-sd-slot: supplied by vdd-sys-3v3
[    0.273991] SMPS10_OUT2: at 5000 mV 
[    0.276015] SMPS10_OUT1: at 5000 mV 
[    0.278855] avdd-cam1: 2800 mV 
[    0.279763] avdd-cam1: supplied by vdd-sys-3v3
[    0.283918] avdd-cam2: 2800 mV 
[    0.284837] avdd-cam2: supplied by vdd-sys-3v3
[    0.289771] avdd-dsi-csi: 1200 mV 
[    0.290694] avdd-dsi-csi: supplied by vddio-1v8
[    0.295646] vpp-fuse: 1800 mV 
[    0.296553] vpp-fuse: supplied by vdd-sys-3v3
[    0.299926] LDO5: at 1200 mV 
[    0.300835] LDO5: supplied by vdd_ac_bat
[    0.303603] vdd-sensor-2v85: 2850 mV 
[    0.304506] vdd-sensor-2v85: supplied by vdd-sys-3v3
[    0.308666] vdd-af-cam1: 2800 mV 
[    0.309569] vdd-af-cam1: supplied by vdd-sys-3v3
[    0.317850] vdd-rtc: 900 mV 
[    0.318754] vdd-rtc: supplied by vdd-ao
[    0.322916] vddio-sdmmc-2: 1800 <--> 3300 mV at 3300 mV 
[    0.323820] vddio-sdmmc-2: supplied by sdhci-vdd-sd-slot
[    0.328753] hvdd-usb: 3300 mV 
[    0.329658] hvdd-usb: supplied by vdd-sys-5v0
[    0.334603] avdd-usb: 3300 mV 
[    0.335520] avdd-usb: supplied by vdd-sys-5v0
[    0.338882] rail-3v3: no parameters
[    0.341428] rail-5v0: no parameters
[    0.343179] REGEN3: no parameters
[    0.343550] SYSEN1: no parameters
[    0.343926] SYSEN2: no parameters
[    0.344795] Linux video capture interface: v2.00
[    0.345595] platform 70019010.iommu: Driver tegra-smmu requests probe deferral
[    0.345986] Advanced Linux Sound Architecture Driver Initialized.
[    0.347372] Bluetooth: Core ver 2.18
[    0.347451] NET: Registered protocol family 31
[    0.347460] Bluetooth: HCI device and connection manager initialized
[    0.347484] Bluetooth: HCI socket layer initialized
[    0.347507] Bluetooth: L2CAP socket layer initialized
[    0.347566] Bluetooth: SCO socket layer initialized
[    0.348264] cfg80211: Calling CRDA to update world regulatory domain
[    0.349005] Switched to clocksource arch_sys_counter
[    0.372380] NET: Registered protocol family 2
[    0.373306] TCP established hash table entries: 8192 (order: 3, 32768 bytes)
[    0.373416] TCP bind hash table entries: 8192 (order: 4, 65536 bytes)
[    0.373603] TCP: Hash tables configured (established 8192 bind 8192)
[    0.374018] TCP: reno registered
[    0.374034] UDP hash table entries: 512 (order: 2, 16384 bytes)
[    0.374077] UDP-Lite hash table entries: 512 (order: 2, 16384 bytes)
[    0.374512] NET: Registered protocol family 1
[    0.375234] RPC: Registered named UNIX socket transport module.
[    0.375245] RPC: Registered udp transport module.
[    0.375253] RPC: Registered tcp transport module.
[    0.375261] RPC: Registered tcp NFSv4.1 backchannel transport module.
[    0.375274] PCI: CLS 0 bytes, default 64
[    0.379353] futex hash table entries: 1024 (order: 4, 65536 bytes)
[    0.380572] bounce pool size: 64 pages
[    0.382161] squashfs: version 4.0 (2009/01/31) Phillip Lougher
[    0.382965] msgmni has been set to 1469
[    0.384639] io scheduler noop registered (default)
[    0.414423] tegra-apbdma 6000a000.dma: Tegra20 APB DMA driver register 32 channels
[    0.415337] Serial: 8250/16550 driver, 4 ports, IRQ sharing disabled
[    0.418955] 70006300.serial: ttyS0 at MMIO 0x70006300 (irq = 122, base_baud = 25500000) is a Tegra
[    1.439453] console [ttyS0] enabled
[    1.444116] [drm] Initialized drm 1.1.0 20060810
[    1.448869] tegra-dc 54200000.dc: missing "nvidia,head" property
[    1.455255] tegra-dc 54240000.dc: missing "nvidia,head" property
[    1.461919] platform 54300000.dsi: Driver tegra-dsi requests probe deferral
[    1.469466] tegra-hdmi 54280000.hdmi: failed to get VDD regulator
[    1.475572] platform 54280000.hdmi: Driver tegra-hdmi requests probe deferral
[    1.495706] loop: module loaded
[    1.503111] m25p80 spi32766.0: w25q32dw (4096 Kbytes)
[    1.511279] pegasus: v0.9.3 (2013/04/25), Pegasus/Pegasus II USB Ethernet driver
[    1.518794] usbcore: registered new interface driver pegasus
[    1.524632] usbcore: registered new interface driver asix
[    1.530170] usbcore: registered new interface driver ax88179_178a
[    1.536383] usbcore: registered new interface driver cdc_ether
[    1.542346] usbcore: registered new interface driver r815x
[    1.547990] usbcore: registered new interface driver smsc75xx
[    1.553924] usbcore: registered new interface driver smsc95xx
[    1.559804] usbcore: registered new interface driver net1080
[    1.565572] usbcore: registered new interface driver cdc_subset
[    1.571629] usbcore: registered new interface driver zaurus
[    1.577370] usbcore: registered new interface driver cdc_ncm
[    1.583071] ehci_hcd: USB 2.0 'Enhanced' Host Controller (EHCI) Driver
[    1.589601] ehci-pci: EHCI PCI platform driver
[    1.594160] tegra-ehci: Tegra EHCI driver
[    1.598409] platform 7d008000.usb: Driver tegra-ehci requests probe deferral
[    1.605891] usbcore: registered new interface driver cdc_acm
[    1.611556] cdc_acm: USB Abstract Control Model driver for USB modems and ISDN adapters
[    1.619691] usbcore: registered new interface driver cdc_wdm
[    1.625511] usbcore: registered new interface driver usb-storage
[    1.631768] platform 7d008000.usb-phy: Driver tegra-phy requests probe deferral
[    1.639902] mousedev: PS/2 mouse device common for all mice
[    1.658522] palmas-rtc rtc.8: rtc core: registered rtc.8 as rtc0
[    1.669320] tegra_rtc 7000e000.rtc: rtc core: registered 7000e000.rtc as rtc1
[    1.676471] tegra_rtc 7000e000.rtc: Tegra internal Real Time Clock
[    1.684267] sbs-battery 0-000b: sbs_probe: Failed to get device status
[    1.690822] sbs-battery: probe of 0-000b failed with error -121
[    1.716170] sdhci: Secure Digital Host Controller Interface driver
[    1.722374] sdhci: Copyright(c) Pierre Ossman
[    1.726735] sdhci-pltfm: SDHCI platform and OF driver helper
[    1.732911] sdhci-tegra 78000400.sdhci: Got CD GPIO #170.
[    1.739377] mmc0: no vqmmc regulator found
[    1.743485] mmc0: no vmmc regulator found
[    1.747501] mmc0: Invalid maximum block size, assuming 512 bytes
[    1.799031] mmc0: SDHCI controller on 78000400.sdhci [78000400.sdhci] using ADMA
[    1.808654] mmc1: no vqmmc regulator found
[    1.812783] mmc1: no vmmc regulator found
[    1.816799] mmc1: Invalid maximum block size, assuming 512 bytes
[    1.859089] mmc1: SDHCI controller on 78000600.sdhci [78000600.sdhci] using ADMA
[    1.869626] usbcore: registered new interface driver usbhid
[    1.879034] usbhid: USB HID core driver
[    1.991384] mmc1: BKOPS_EN bit is not set
[    2.022059] mmc1: new HS200 MMC card at address 0001
[    2.027817] isa bounce pool size: 16 pages
[    2.032100] mmcblk0: mmc1:0001 SEM32G 29.1 GiB 
[    2.037008] mmcblk0boot0: mmc1:0001 SEM32G partition 1 4.00 MiB
[    2.043275] mmcblk0boot1: mmc1:0001 SEM32G partition 2 4.00 MiB
[    2.049636] mmcblk0rpmb: mmc1:0001 SEM32G partition 3 4.00 MiB
[    2.058517] Primary GPT is invalid, using alternate GPT.
[    2.063897]  mmcblk0: p1 p2 p3 p4 p5
[    2.073214]  mmcblk0boot1: unknown partition table
[    2.080417]  mmcblk0boot0: unknown partition table
[    2.324211] tegra30-i2s 70080400.i2s: DMA channels sourced from device 70080000.ahub
[    2.355004] tegra-snd-rt5640 sound.5: rt5640-aif1 <-> 70080400.i2s mapping ok
[    2.367880] input: NVIDIA Tegra Dalmore Headphones as /devices/soc0/sound.5/sound/card0/input0
[    2.378813] TCP: cubic registered
[    2.382449] NET: Registered protocol family 10
[    2.388311] mip6: Mobile IPv6
[    2.391299] sit: IPv6 over IPv4 tunneling driver
[    2.398880] NET: Registered protocol family 17
[    2.403396] NET: Registered protocol family 15
[    2.407997] Bluetooth: RFCOMM socket layer initialized
[    2.413166] Bluetooth: RFCOMM ver 1.11
[    2.416924] Bluetooth: BNEP (Ethernet Emulation) ver 1.3
[    2.422256] Bluetooth: BNEP socket layer initialized
[    2.427213] Bluetooth: HIDP (Human Interface Emulation) ver 1.2
[    2.433150] Bluetooth: HIDP socket layer initialized
[    2.439451] Registering SWP/SWPB emulation handler
[    2.450543] hvdd-usb: disabling
[    2.456443] vdd-af-cam1: disabling
[    2.462705] LDO5: disabling
[    2.468031] vpp-fuse: disabling
[    2.473434] avdd-cam2: disabling
[    2.478873] avdd-cam1: disabling
[    2.485940] vdd-com-3v3: disabling
[    2.489962] vdd-lvds: disabling
[    2.493706] avdd-lcd: disabling
[    2.498947] dvdd_ts: 1800 mV 
[    2.502817] usb1_vbus: 5000 mV 
[    2.506107] usb1_vbus: supplied by vdd-sys-5v0
[    2.511461] usb2_vbus: 5000 mV 
[    2.514754] usb2_vbus: supplied by vdd-sys-5v0
[    2.520041] vdd_hdmi_5v0: 5000 mV 
[    2.523595] vdd_hdmi_5v0: supplied by vdd-sys-5v0
[    2.531389] vdd_cam_1v8_reg: 1800 mV 
[    2.542488] [drm] Supports vblank timestamp caching Rev 2 (21.10.2013).
[    2.549211] [drm] No driver support for vblank timestamp query.
[    2.607984] Console: switching to colour frame buffer device 240x75
[    2.636368] host1x drm: fb0:  frame buffer device
[    2.641096] host1x drm: registered panic notifier
[    2.645814] [drm] Initialized tegra 0.0.0 20120330 on minor 0
[    2.652162] platform 7d008000.usb: Driver tegra-ehci requests probe deferral
[    2.660755] tegra-ehci 7d008000.usb: EHCI Host Controller
[    2.666268] tegra-ehci 7d008000.usb: new USB bus registered, assigned bus number 1
[    2.675078] tegra-ehci 7d008000.usb: irq 129, io mem 0x7d008000
[    2.699085] tegra-ehci 7d008000.usb: USB 2.0 started, EHCI 1.10
[    2.707559] hub 1-0:1.0: USB hub found
[    2.711537] hub 1-0:1.0: 1 port detected
[    2.718409] input: gpio-keys.3 as /devices/soc0/gpio-keys.3/input/input1
[    2.729876] palmas-rtc rtc.8: setting system clock to 2000-05-06 08:23:51 UTC (957601431)
[    2.755165] ALSA device list:
[    2.758212]   #0: NVIDIA Tegra Dalmore
[    2.776213] kjournald starting.  Commit interval 5 seconds
[    2.783447] EXT3-fs (mmcblk0p1): using internal journal
[    2.788763] EXT3-fs (mmcblk0p1): recovery complete
[    2.793760] EXT3-fs (mmcblk0p1): mounted filesystem with writeback data mode
[    2.801029] VFS: Mounted root (ext3 filesystem) on device 179:1.
[    2.809751] devtmpfs: mounted
[    2.813089] Freeing unused kernel memory: 240K (c0787000 - c07c3000)
bash: cannot set terminal process group (-1): Inappropriate ioctl for device
bash: no job control in this shell
I have no name!@(none):/# 