

U-Boot 2011.03 (Jun 11 2013 - 06:07:37)

T114
Board: NVIDIA Dalmore
DRAM:  2 GiB
MMC:   Tegra2 SD/MMC: 0, Tegra2 SD/MMC: 1
In:    serial
Out:   serial
Err:   serial
Net:   Net Initialization Skipped
No ethernet found.
Hit any key to stop autoboot:  2  1  0 
Dalmore #
Dalmore #usb reset
(Re)start USB...
USB:   Register 10011 NbrPorts 1
USB EHCI 1.10
scanning bus for devices... 2 USB Device(s) found
       scanning bus for storage devices... 0 Storage Device(s) found
       scanning bus for ethernet devices... 1 Ethernet Device(s) found
Dalmore #setenv bootargs 'ignore_loglevel console=ttyS0,115200n8 rw root=/dev/mmcblk0p1 rootwait gpt debug init=/bin/bash'
Dalmore #setenv ipaddr 192.168.100.100; setenv serverip 192.168.100.1; setenv tftpserverip 192.168.100.1
Dalmore #tftpboot 0x81000000 zImage.tegra_defconfig
Waiting for Ethernet connection... done.
Using asx0 device
TFTP from server 192.168.100.1; our IP address is 192.168.100.100
Filename 'zImage.tegra_defconfig'.
Load address: 0x81000000
Loading: *#################################################  2.8 MiB/s
done
Bytes transferred = 4247136 (40ce60 hex)
Dalmore #tftpboot 0x82000000 tegra114-dalmore.dtb
Using asx0 device
TFTP from server 192.168.100.1; our IP address is 192.168.100.100
Filename 'tegra114-dalmore.dtb'.
Load address: 0x82000000
Loading: *#################################################  2.7 MiB/s
done
Bytes transferred = 34015 (84df hex)
Dalmore #bootz 0x81000000 - 0x82000000
## Flattened Device Tree blob at 82000000
   Booting using the fdt blob at 0x82000000
   Loading Device Tree to 81ff4000, end 81fff4de ... OK

Starting kernel ...

Timer summary in microseconds:
       Mark    Elapsed  Stage
          0          0  awake
  3,094,787  3,094,787  usb_start
  7,097,892  4,003,105  eth_start
  7,097,890         -2  tftp start
 11,037,037  3,939,147  tftp done
 13,109,977  2,072,940  start_kernel
Uncompressing Linux... done, booting the kernel.
[    0.000000] Booting Linux on physical CPU 0x0
[    0.000000] Initializing cgroup subsys cpu
[    0.000000] Initializing cgroup subsys cpuacct
[    0.000000] Linux version 3.14.0-rc1-next-20140210-39778-gd371ca3 (pwalmsley@tamien) (gcc version 4.7.3 20130328 (prerelease) (crosstool-NG linaro-1.13.1-4.7-2013.04-20130415 - Linaro GCC 2013.04) ) #1 SMP PREEMPT Sun Feb 9 21:48:12 PST 2014
[    0.000000] CPU: ARMv7 Processor [412fc0f2] revision 2 (ARMv7), cr=10c5387d
[    0.000000] CPU: PIPT / VIPT nonaliasing data cache, PIPT instruction cache
[    0.000000] Machine model: NVIDIA Tegra114 Dalmore evaluation board
[    0.000000] debug: ignoring loglevel setting.
[    0.000000] cma: CMA: reserved 16 MiB at ae800000
[    0.000000] Memory policy: Data cache writealloc
[    0.000000] On node 0 totalpages: 524032
[    0.000000] free_area_init_node: node 0, pgdat c0821400, node_mem_map ed7f0000
[    0.000000]   Normal zone: 1520 pages used for memmap
[    0.000000]   Normal zone: 0 pages reserved
[    0.000000]   Normal zone: 194560 pages, LIFO batch:31
[    0.000000]   HighMem zone: 2574 pages used for memmap
[    0.000000]   HighMem zone: 329472 pages, LIFO batch:31
[    0.000000] Tegra Revision: A01 SKU: 0 CPU Process: 1 Core Process: 1
[    0.000000] PERCPU: Embedded 8 pages/cpu @ed7b7000 s9152 r8192 d15424 u32768
[    0.000000] pcpu-alloc: s9152 r8192 d15424 u32768 alloc=8*4096
[    0.000000] pcpu-alloc: [0] 0 [0] 1 [0] 2 [0] 3 
[    0.000000] Built 1 zonelists in Zone order, mobility grouping on.  Total pages: 522512
[    0.000000] Kernel command line: ignore_loglevel console=ttyS0,115200n8 rw root=/dev/mmcblk0p1 rootwait gpt debug init=/bin/bash
[    0.000000] PID hash table entries: 4096 (order: 2, 16384 bytes)
[    0.000000] Dentry cache hash table entries: 131072 (order: 7, 524288 bytes)
[    0.000000] Inode-cache hash table entries: 65536 (order: 6, 262144 bytes)
[    0.000000] Memory: 2053580K/2096128K available (5772K kernel code, 323K rwdata, 1944K rodata, 248K init, 345K bss, 42548K reserved, 1317888K highmem)
[    0.000000] Virtual kernel memory layout:
[    0.000000]     vector  : 0xffff0000 - 0xffff1000   (   4 kB)
[    0.000000]     fixmap  : 0xfff00000 - 0xfffe0000   ( 896 kB)
[    0.000000]     vmalloc : 0xf0000000 - 0xff000000   ( 240 MB)
[    0.000000]     lowmem  : 0xc0000000 - 0xef800000   ( 760 MB)
[    0.000000]     pkmap   : 0xbfe00000 - 0xc0000000   (   2 MB)
[    0.000000]     modules : 0xbf000000 - 0xbfe00000   (  14 MB)
[    0.000000]       .text : 0xc0008000 - 0xc079149c   (7718 kB)
[    0.000000]       .init : 0xc0792000 - 0xc07d03c0   ( 249 kB)
[    0.000000]       .data : 0xc07d2000 - 0xc0822c20   ( 324 kB)
[    0.000000]        .bss : 0xc0822c2c - 0xc0879058   ( 346 kB)
[    0.000000] Preemptible hierarchical RCU implementation.
[    0.000000] NR_IRQS:16 nr_irqs:16 16
[   13.910200] sched_clock: 32 bits at 1000kHz, resolution 1000ns, wraps every 2147483648000ns
[    0.000396] Architected cp15 timer(s) running at 12.00MHz (virt).
[   11.935139] sched_clock: 56 bits at 12MHz, resolution 83ns, wraps every 2863311536128ns
[    0.000003] Switching to timer-based delay loop
[    0.000434] Console: colour dummy device 80x30
[    0.000467] Calibrating delay loop (skipped), value calculated using timer frequency.. 24.00 BogoMIPS (lpj=120000)
[    0.000483] pid_max: default: 32768 minimum: 301
[    0.000922] Mount-cache hash table entries: 512
[    0.022153] Initializing cgroup subsys debug
[    0.022169] Initializing cgroup subsys freezer
[    0.022236] CPU: Testing write buffer coherency: ok
[    0.022577] /cpus/cpu@0 missing clock-frequency property
[    0.022602] /cpus/cpu@1 missing clock-frequency property
[    0.022625] /cpus/cpu@2 missing clock-frequency property
[    0.022648] /cpus/cpu@3 missing clock-frequency property
[    0.022661] CPU0: thread -1, cpu 0, socket 0, mpidr 80000000
[    0.022687] Setting up static identity map for 0x80578f10 - 0x80578fa8
[    0.080794] CPU1: Booted secondary processor
[    0.080822] CPU1: thread -1, cpu 1, socket 0, mpidr 80000001
[    0.100811] CPU2: Booted secondary processor
[    0.100835] CPU2: thread -1, cpu 2, socket 0, mpidr 80000002
[    0.120786] CPU3: Booted secondary processor
[    0.120810] CPU3: thread -1, cpu 3, socket 0, mpidr 80000003
[    0.120989] Brought up 4 CPUs
[    0.121016] SMP: Total of 4 processors activated.
[    0.121025] CPU: All CPU(s) started in SVC mode.
[    0.122080] devtmpfs: initialized
[    0.135813] VFP support v0.3: implementor 41 architecture 4 part 30 variant f rev 0
[    0.136584] pinctrl core: initialized pinctrl subsystem
[    0.137367] regulator-dummy: no parameters
[    0.138308] NET: Registered protocol family 16
[    0.139640] DMA: preallocated 256 KiB pool for atomic coherent allocations
[    0.141038] cpuidle: using governor ladder
[    0.141050] cpuidle: using governor menu
[    0.158941] No ATAGs?
[    0.158972] hw-breakpoint: found 5 (+1 reserved) breakpoint and 4 watchpoint registers.
[    0.158983] hw-breakpoint: maximum watchpoint size is 8 bytes.
[    0.178960] bio: create slab <bio-0> at 0
[    0.180664] vdd_ac_bat: 5000 mV 
[    0.181173] dvdd_ts: Failed to request enable GPIO61: -517
[    0.181358] reg-fixed-voltage 1.regulator: Failed to register regulator: -517
[    0.181387] platform 1.regulator: Driver reg-fixed-voltage requests probe deferral
[    0.181752] usb1_vbus: Failed to request enable GPIO108: -517
[    0.181921] reg-fixed-voltage 3.regulator: Failed to register regulator: -517
[    0.181947] platform 3.regulator: Driver reg-fixed-voltage requests probe deferral
[    0.182309] usb2_vbus: Failed to request enable GPIO86: -517
[    0.182476] reg-fixed-voltage 4.regulator: Failed to register regulator: -517
[    0.182502] platform 4.regulator: Driver reg-fixed-voltage requests probe deferral
[    0.182861] vdd_hdmi_5v0: Failed to request enable GPIO81: -517
[    0.183027] reg-fixed-voltage 5.regulator: Failed to register regulator: -517
[    0.183053] platform 5.regulator: Driver reg-fixed-voltage requests probe deferral
[    0.183158] platform 6.regulator: Driver reg-fixed-voltage requests probe deferral
[    0.184658] vgaarb: loaded
[    0.185999] SCSI subsystem initialized
[    0.186694] usbcore: registered new interface driver usbfs
[    0.186881] usbcore: registered new interface driver hub
[    0.187080] usbcore: registered new device driver usb
[    0.192917] vdd-cpu: 500 <--> 1520 mV at 1100 mV 
[    0.193737] tps65090 2-0048: No cache defaults, reading back from HW
[    0.200415] vdd-sys-5v0: no parameters
[    0.200504] vdd-sys-5v0: supplied by vdd_ac_bat
[    0.202102] vdd-sys-3v3: no parameters
[    0.202189] vdd-sys-3v3: supplied by vdd_ac_bat
[    0.203754] vdd-ao: no parameters
[    0.203831] vdd-ao: supplied by vdd_ac_bat
[    0.204230] vdd-lcd-bl: no parameters
[    0.204305] vdd-lcd-bl: supplied by vdd_ac_bat
[    0.204717] TPS65090_RAILSFET2: no parameters
[    0.204795] TPS65090_RAILSFET2: supplied by vdd_ac_bat
[    0.205182] vdd-modem-3v3: no parameters
[    0.205253] vdd-modem-3v3: supplied by vdd-sys-3v3
[    0.205647] avdd-lcd: no parameters
[    0.205719] avdd-lcd: supplied by vdd-sys-3v3
[    0.206115] vdd-lvds: no parameters
[    0.206187] vdd-lvds: supplied by vdd-sys-3v3
[    0.206593] vdd-sd-slot: no parameters
[    0.206666] vdd-sd-slot: supplied by vdd-sys-3v3
[    0.207055] vdd-com-3v3: no parameters
[    0.207128] vdd-com-3v3: supplied by vdd-sys-3v3
[    0.207531] vdd-sby-5v0: no parameters
[    0.207594] vdd-sby-5v0: supplied by vdd_ac_bat
[    0.207977] vdd-sby-3v3: no parameters
[    0.208038] vdd-sby-3v3: supplied by vdd_ac_bat
[    0.208529] genirq: Setting trigger mode 8 for irq 118 failed (gic_set_type+0x0/0xf0)
[    0.209123] palmas 2-0058: Irq flag is 0x00000000
[    0.223752] palmas 2-0058: Muxing GPIO ff, PWM 0, LED 0
[    0.233178] vddio-ddr: 1350 mV 
[    0.234103] vddio-ddr: supplied by vdd-ao
[    0.241233] vddio-1v8: 1800 mV 
[    0.242154] vddio-1v8: supplied by vdd-ao
[    0.249273] vdd-core: 900 <--> 1400 mV at 1100 mV 
[    0.250212] vdd-core: supplied by vdd-sys-3v3
[    0.254554] SMPS6: no parameters
[    0.262514] avdd-pll: 1050 mV 
[    0.263437] avdd-pll: supplied by vdd-sys-3v3
[    0.271917] sdhci-vdd-sd-slot: 2800 mV 
[    0.272850] sdhci-vdd-sd-slot: supplied by vdd-sys-3v3
[    0.274832] SMPS10_OUT2: at 5000 mV 
[    0.276867] SMPS10_OUT1: at 5000 mV 
[    0.279696] avdd-cam1: 2800 mV 
[    0.280605] avdd-cam1: supplied by vdd-sys-3v3
[    0.284771] avdd-cam2: 2800 mV 
[    0.285678] avdd-cam2: supplied by vdd-sys-3v3
[    0.290616] avdd-dsi-csi: 1200 mV 
[    0.291524] avdd-dsi-csi: supplied by vddio-1v8
[    0.296473] vpp-fuse: 1800 mV 
[    0.297383] vpp-fuse: supplied by vdd-sys-3v3
[    0.300757] LDO5: at 1200 mV 
[    0.301669] LDO5: supplied by vdd_ac_bat
[    0.304449] vdd-sensor-2v85: 2850 mV 
[    0.305354] vdd-sensor-2v85: supplied by vdd-sys-3v3
[    0.309509] vdd-af-cam1: 2800 mV 
[    0.310426] vdd-af-cam1: supplied by vdd-sys-3v3
[    0.318703] vdd-rtc: 900 mV 
[    0.319608] vdd-rtc: supplied by vdd-ao
[    0.323777] vddio-sdmmc-2: 1800 <--> 3300 mV at 3300 mV 
[    0.324684] vddio-sdmmc-2: supplied by sdhci-vdd-sd-slot
[    0.329606] hvdd-usb: 3300 mV 
[    0.330512] hvdd-usb: supplied by vdd-sys-5v0
[    0.335467] avdd-usb: 3300 mV 
[    0.336371] avdd-usb: supplied by vdd-sys-5v0
[    0.339734] rail-3v3: no parameters
[    0.342310] rail-5v0: no parameters
[    0.344053] REGEN3: no parameters
[    0.344436] SYSEN1: no parameters
[    0.344808] SYSEN2: no parameters
[    0.345696] Linux video capture interface: v2.00
[    0.346668] platform 70019010.iommu: Driver tegra-smmu requests probe deferral
[    0.347059] Advanced Linux Sound Architecture Driver Initialized.
[    0.348445] Bluetooth: Core ver 2.18
[    0.348533] NET: Registered protocol family 31
[    0.348542] Bluetooth: HCI device and connection manager initialized
[    0.348568] Bluetooth: HCI socket layer initialized
[    0.348590] Bluetooth: L2CAP socket layer initialized
[    0.348652] Bluetooth: SCO socket layer initialized
[    0.349360] cfg80211: Calling CRDA to update world regulatory domain
[    0.350093] Switched to clocksource arch_sys_counter
[    0.373583] NET: Registered protocol family 2
[    0.374530] TCP established hash table entries: 8192 (order: 3, 32768 bytes)
[    0.374636] TCP bind hash table entries: 8192 (order: 4, 65536 bytes)
[    0.374823] TCP: Hash tables configured (established 8192 bind 8192)
[    0.375236] TCP: reno registered
[    0.375252] UDP hash table entries: 512 (order: 2, 16384 bytes)
[    0.375295] UDP-Lite hash table entries: 512 (order: 2, 16384 bytes)
[    0.375723] NET: Registered protocol family 1
[    0.376453] RPC: Registered named UNIX socket transport module.
[    0.376463] RPC: Registered udp transport module.
[    0.376471] RPC: Registered tcp transport module.
[    0.376479] RPC: Registered tcp NFSv4.1 backchannel transport module.
[    0.376492] PCI: CLS 0 bytes, default 64
[    0.380776] futex hash table entries: 1024 (order: 4, 65536 bytes)
[    0.381988] bounce pool size: 64 pages
[    0.383590] squashfs: version 4.0 (2009/01/31) Phillip Lougher
[    0.384394] msgmni has been set to 1468
[    0.386177] io scheduler noop registered (default)
[    0.416049] tegra-apbdma 6000a000.dma: Tegra20 APB DMA driver register 32 channels
[    0.416960] Serial: 8250/16550 driver, 4 ports, IRQ sharing disabled
[    0.420644] 70006300.serial: ttyS0 at MMIO 0x70006300 (irq = 122, base_baud = 25500000) is a Tegra
[    1.441160] console [ttyS0] enabled
[    1.445837] [drm] Initialized drm 1.1.0 20060810
[    1.450830] tegra-dc 54200000.dc: missing "nvidia,head" property
[    1.456971] tegra-dc 54240000.dc: missing "nvidia,head" property
[    1.463640] platform 54300000.dsi: Driver tegra-dsi requests probe deferral
[    1.471180] tegra-hdmi 54280000.hdmi: failed to get VDD regulator
[    1.477286] platform 54280000.hdmi: Driver tegra-hdmi requests probe deferral
[    1.497460] loop: module loaded
[    1.504860] m25p80 spi32766.0: w25q32dw (4096 Kbytes)
[    1.513250] pegasus: v0.9.3 (2013/04/25), Pegasus/Pegasus II USB Ethernet driver
[    1.520818] usbcore: registered new interface driver pegasus
[    1.526650] usbcore: registered new interface driver asix
[    1.532180] usbcore: registered new interface driver ax88179_178a
[    1.538384] usbcore: registered new interface driver cdc_ether
[    1.544349] usbcore: registered new interface driver r815x
[    1.550003] usbcore: registered new interface driver smsc75xx
[    1.555939] usbcore: registered new interface driver smsc95xx
[    1.561819] usbcore: registered new interface driver net1080
[    1.567588] usbcore: registered new interface driver cdc_subset
[    1.573634] usbcore: registered new interface driver zaurus
[    1.579385] usbcore: registered new interface driver cdc_ncm
[    1.585097] ehci_hcd: USB 2.0 'Enhanced' Host Controller (EHCI) Driver
[    1.591627] ehci-pci: EHCI PCI platform driver
[    1.596188] tegra-ehci: Tegra EHCI driver
[    1.600481] platform 7d008000.usb: Driver tegra-ehci requests probe deferral
[    1.607963] usbcore: registered new interface driver cdc_acm
[    1.613629] cdc_acm: USB Abstract Control Model driver for USB modems and ISDN adapters
[    1.621753] usbcore: registered new interface driver cdc_wdm
[    1.627572] usbcore: registered new interface driver usb-storage
[    1.633860] platform 7d008000.usb-phy: Driver tegra-phy requests probe deferral
[    1.641997] mousedev: PS/2 mouse device common for all mice
[    1.660580] palmas-rtc rtc.8: rtc core: registered rtc.8 as rtc0
[    1.671344] tegra_rtc 7000e000.rtc: rtc core: registered 7000e000.rtc as rtc1
[    1.678497] tegra_rtc 7000e000.rtc: Tegra internal Real Time Clock
[    1.686290] sbs-battery 0-000b: sbs_probe: Failed to get device status
[    1.692845] sbs-battery: probe of 0-000b failed with error -121
[    1.718163] sdhci: Secure Digital Host Controller Interface driver
[    1.724365] sdhci: Copyright(c) Pierre Ossman
[    1.728726] sdhci-pltfm: SDHCI platform and OF driver helper
[    1.734968] sdhci-tegra 78000400.sdhci: Got CD GPIO #170.
[    1.741471] mmc0: no vqmmc regulator found
[    1.745623] mmc0: no vmmc regulator found
[    1.749658] mmc0: Invalid maximum block size, assuming 512 bytes
[    1.800112] mmc0: SDHCI controller on 78000400.sdhci [78000400.sdhci] using ADMA
[    1.809843] mmc1: no vqmmc regulator found
[    1.814014] mmc1: no vmmc regulator found
[    1.818049] mmc1: Invalid maximum block size, assuming 512 bytes
[    1.870107] mmc1: SDHCI controller on 78000600.sdhci [78000600.sdhci] using ADMA
[    1.878653] usbcore: registered new interface driver usbhid
[    1.886349] usbhid: USB HID core driver
[    2.002453] mmc1: BKOPS_EN bit is not set
[    2.033232] mmc1: new HS200 MMC card at address 0001
[    2.039097] isa bounce pool size: 16 pages
[    2.043404] mmcblk0: mmc1:0001 SEM32G 29.1 GiB 
[    2.048341] mmcblk0boot0: mmc1:0001 SEM32G partition 1 4.00 MiB
[    2.054782] mmcblk0boot1: mmc1:0001 SEM32G partition 2 4.00 MiB
[    2.061053] mmcblk0rpmb: mmc1:0001 SEM32G partition 3 4.00 MiB
[    2.069930] Primary GPT is invalid, using alternate GPT.
[    2.075310]  mmcblk0: p1 p2 p3 p4 p5
[    2.084619]  mmcblk0boot1: unknown partition table
[    2.091802]  mmcblk0boot0: unknown partition table
[    3.105758] random: nonblocking pool is initialized
