Diff for ./qemu-vexpress64/__internal/defconfig_log.txt
--- /tmp/fooa	2017-05-17 08:39:17.183314697 -0700
+++ /tmp/foob	2017-05-17 08:39:17.183314697 -0700
@@ -1,5 +1,5 @@
 Booting Linux on physical CPU 0x0
-Linux version 4.12.0-rc1-next-20170515-289881-gecf5e3d (jonathanh@tamien) (gcc version 4.9.2 20140904 (prerelease) (crosstool-NG linaro-1.13.1-4.9-2014.09 - Linaro GCC 4.9-2014.09) ) #1 SMP PREEMPT Sun May 14 20:23:34 PDT 2017
+Linux version 4.12.0-rc1-next-20170516-290450-g7f49246 (jonathanh@tamien) (gcc version 4.9.2 20140904 (prerelease) (crosstool-NG linaro-1.13.1-4.9-2014.09 - Linaro GCC 4.9-2014.09) ) #1 SMP PREEMPT Wed May 17 08:37:18 PDT 2017
 Boot CPU: AArch64 Processor [411fd070]
 Machine model: linux,dummy-virt
 Memory limited to 1024MB
@@ -114,7 +114,7 @@
 RPC: Registered tcp NFSv4.1 backchannel transport module.
 kvm [1]: HYP mode not available
 audit: initializing netlink subsys (disabled)
-audit: type=2000 audit(0.706:1): state=initialized audit_enabled=0 res=1
+audit: type=2000 audit(0.711:1): state=initialized audit_enabled=0 res=1
 workingset: timestamp_bits=44 max_order=18 bucket_order=0
 squashfs: version 4.0 (2009/01/31) Phillip Lougher
 NFS: Registering the id_resolver key type
@@ -181,7 +181,7 @@
 Key type dns_resolver registered
 registered taskstats version 1
 input: gpio-keys as /devices/platform/gpio-keys/input/input0
-rtc-pl031 9010000.pl031: setting system clock to 2017-05-15 03:24:20 UTC (1494818660)
+rtc-pl031 9010000.pl031: setting system clock to 2017-05-17 15:38:01 UTC (1495035481)
 ALSA device list:
   No soundcards found.
 uart-pl011 9000000.pl011: no DMA platform data
Diff for ./tegra114-dalmore-a04/tegra114-dalmore/multi_v7_defconfig_log.txt
--- /tmp/fooa	2017-05-17 08:39:17.191314732 -0700
+++ /tmp/foob	2017-05-17 08:39:17.195314749 -0700
@@ -40,20 +40,20 @@
 	 #################################################################
 	 #################################################################
 	 ####################
-	 3.2 MiB/s
+	 3.3 MiB/s
 done
-Bytes transferred = 7915440 (78c7b0 hex)
+Bytes transferred = 7918496 (78d3a0 hex)
 Tegra114 (Dalmore) # tftpboot 0x82000000 tegra114-dalmore.dtb
 Using asx0 device
 TFTP from server 192.168.100.1; our IP address is 192.168.100.100
 Filename 'tegra114-dalmore.dtb'.
 Load address: 0x82000000
 Loading: *###
-	 2.8 MiB/s
+	 3.3 MiB/s
 done
 Bytes transferred = 35044 (88e4 hex)
 Tegra114 (Dalmore) # bootz 0x81000000 - 0x82000000
-Kernel image @ 0x81000000 [ 0x000000 - 0x78c7b0 ]
+Kernel image @ 0x81000000 [ 0x000000 - 0x78d3a0 ]
 ## Flattened Device Tree blob at 82000000
    Booting using the fdt blob at 0x82000000
    Loading Device Tree to 8fff4000, end 8ffff8e3 ... OK
@@ -61,7 +61,7 @@
 Starting kernel ...
 
 Booting Linux on physical CPU 0x0
-Linux version 4.12.0-rc1-next-20170515-171640-gecf5e3d (jonathanh@sellafield) (gcc version 4.7.3 20130328 (prerelease) (crosstool-NG linaro-1.13.1-4.7-2013.04-20130415 - Linaro GCC 2013.04) ) #1 SMP Sun May 14 20:19:37 PDT 2017
+Linux version 4.12.0-rc1-next-20170516-172209-g7f49246 (jonathanh@sellafield) (gcc version 4.7.3 20130328 (prerelease) (crosstool-NG linaro-1.13.1-4.7-2013.04-20130415 - Linaro GCC 2013.04) ) #1 SMP Wed May 17 08:33:25 PDT 2017
 CPU: ARMv7 Processor [412fc0f2] revision 2 (ARMv7), cr=10c5387d
 CPU: div instructions available: patching division code
 CPU: PIPT / VIPT nonaliasing data cache, PIPT instruction cache
@@ -328,7 +328,7 @@
 hub 1-0:1.0: USB hub found
 hub 1-0:1.0: 1 port detected
 input: gpio-keys as /devices/soc0/gpio-keys/input/input0
-palmas-rtc 7000d000.i2c:tps65913@58:rtc: setting system clock to 2001-03-08 14:58:04 UTC (984063484)
+palmas-rtc 7000d000.i2c:tps65913@58:rtc: setting system clock to 2001-03-11 03:09:34 UTC (984280174)
 vdd_hdmi_5v0: disabling
 dvdd_ts: disabling
 usb1_vbus: disabling
@@ -342,4 +342,4 @@
 Freeing unused kernel memory: 2048K
 bash: cannot set terminal process group (-1): Inappropriate ioctl for device
 bash: no job control in this shell
-root@(none):/# [    2.438993] usb 1-1: new high-speed USB device number 2 using tegra-ehci
+root@(none):/# [    2.449140] usb 1-1: new high-speed USB device number 2 using tegra-ehci
Diff for ./tegra114-dalmore-a04/tegra114-dalmore/tegra_defconfig_log.txt
--- /tmp/fooa	2017-05-17 08:39:17.199314764 -0700
+++ /tmp/foob	2017-05-17 08:39:17.199314764 -0700
@@ -14,7 +14,7 @@
 Err:   serial
 Net:   Net Initialization Skipped
 No ethernet found.
-Hit any key to stop autoboot:  2  1  0 
+Hit any key to stop autoboot:  2  0 
 Tegra114 (Dalmore) # 
 Tegra114 (Dalmore) # usb reset
 (Re)start USB...
@@ -37,10 +37,10 @@
 	 #################################################################
 	 #################################################################
 	 #################################################################
-	 #########################
-	 3.1 MiB/s
+	 ##########################
+	 3.3 MiB/s
 done
-Bytes transferred = 6091872 (5cf460 hex)
+Bytes transferred = 6092400 (5cf670 hex)
 Tegra114 (Dalmore) # tftpboot 0x82000000 tegra114-dalmore.dtb
 Using asx0 device
 TFTP from server 192.168.100.1; our IP address is 192.168.100.100
@@ -51,7 +51,7 @@
 done
 Bytes transferred = 35044 (88e4 hex)
 Tegra114 (Dalmore) # bootz 0x81000000 - 0x82000000
-Kernel image @ 0x81000000 [ 0x000000 - 0x5cf460 ]
+Kernel image @ 0x81000000 [ 0x000000 - 0x5cf670 ]
 ## Flattened Device Tree blob at 82000000
    Booting using the fdt blob at 0x82000000
    Loading Device Tree to 8fff4000, end 8ffff8e3 ... OK
@@ -60,7 +60,7 @@
 
 Uncompressing Linux... done, booting the kernel.
 Booting Linux on physical CPU 0x0
-Linux version 4.12.0-rc1-next-20170515-171640-gecf5e3d (jonathanh@kaivo) (gcc version 4.7.3 20130328 (prerelease) (crosstool-NG linaro-1.13.1-4.7-2013.04-20130415 - Linaro GCC 2013.04) ) #1 SMP PREEMPT Sun May 14 20:19:25 PDT 2017
+Linux version 4.12.0-rc1-next-20170516-172209-g7f49246 (jonathanh@kaivo) (gcc version 4.7.3 20130328 (prerelease) (crosstool-NG linaro-1.13.1-4.7-2013.04-20130415 - Linaro GCC 2013.04) ) #1 SMP PREEMPT Wed May 17 08:33:23 PDT 2017
 CPU: ARMv7 Processor [412fc0f2] revision 2 (ARMv7), cr=10c5387d
 CPU: div instructions available: patching division code
 CPU: PIPT / VIPT nonaliasing data cache, PIPT instruction cache
@@ -320,7 +320,7 @@
 hub 1-0:1.0: USB hub found
 hub 1-0:1.0: 1 port detected
 input: gpio-keys as /devices/soc0/gpio-keys/input/input1
-palmas-rtc 7000d000.i2c:tps65913@58:rtc: setting system clock to 2001-03-08 14:55:35 UTC (984063335)
+palmas-rtc 7000d000.i2c:tps65913@58:rtc: setting system clock to 2001-03-11 03:12:17 UTC (984280337)
 vdd_hdmi_5v0: disabling
 dvdd_ts: disabling
 usb1_vbus: disabling
@@ -336,4 +336,4 @@
 Freeing unused kernel memory: 1024K
 bash: cannot set terminal process group (-1): Inappropriate ioctl for device
 bash: no job control in this shell
-root@(none):/# [    2.648093] usb 1-1: new high-speed USB device number 2 using tegra-ehci
+root@(none):/# [    2.658852] usb 1-1: new high-speed USB device number 2 using tegra-ehci
Diff for ./tegra124-jetson-tk1/tegra124-jetson-tk1/multi_v7_defconfig_log.txt
--- /tmp/fooa	2017-05-17 08:39:17.207314800 -0700
+++ /tmp/foob	2017-05-17 08:39:17.207314800 -0700
@@ -35,9 +35,9 @@
 	 #################################################################
 	 #################################################################
 	 ####################
-	 4 MiB/s
+	 3.9 MiB/s
 done
-Bytes transferred = 7915440 (78c7b0 hex)
+Bytes transferred = 7918496 (78d3a0 hex)
 Tegra124 (Jetson TK1) # tftpboot 0x83000000 tegra124-jetson-tk1.dtb
 Using eth_rtl8169 device
 TFTP from server 192.168.100.1; our IP address is 192.168.100.102
@@ -48,7 +48,7 @@
 done
 Bytes transferred = 67133 (1063d hex)
 Tegra124 (Jetson TK1) # bootz 0x82000000 - 0x83000000
-Kernel image @ 0x82000000 [ 0x000000 - 0x78c7b0 ]
+Kernel image @ 0x82000000 [ 0x000000 - 0x78d3a0 ]
 ## Flattened Device Tree blob at 83000000
    Booting using the fdt blob at 0x83000000
    Using Device Tree in place at 83000000, end 8301363c
@@ -56,7 +56,7 @@
 Starting kernel ...
 
 Booting Linux on physical CPU 0x0
-Linux version 4.12.0-rc1-next-20170515-171640-gecf5e3d (jonathanh@sellafield) (gcc version 4.7.3 20130328 (prerelease) (crosstool-NG linaro-1.13.1-4.7-2013.04-20130415 - Linaro GCC 2013.04) ) #1 SMP Sun May 14 20:19:37 PDT 2017
+Linux version 4.12.0-rc1-next-20170516-172209-g7f49246 (jonathanh@sellafield) (gcc version 4.7.3 20130328 (prerelease) (crosstool-NG linaro-1.13.1-4.7-2013.04-20130415 - Linaro GCC 2013.04) ) #1 SMP Wed May 17 08:33:25 PDT 2017
 CPU: ARMv7 Processor [413fc0f3] revision 3 (ARMv7), cr=10c5387d
 CPU: div instructions available: patching division code
 CPU: PIPT / VIPT nonaliasing data cache, PIPT instruction cache
@@ -315,12 +315,6 @@
 +5V_SATA: supplied by +5V_SYS
 +12V_SATA: supplied by +VDD_MUX
  usb2-0: usb2-0 supply vbus not found, using dummy regulator
-mmc0: new high speed MMC card at address 0001
-mmcblk0: mmc0:0001 SEM16G 14.7 GiB 
-mmcblk0boot0: mmc0:0001 SEM16G partition 1 4.00 MiB
-mmcblk0boot1: mmc0:0001 SEM16G partition 2 4.00 MiB
-mmcblk0rpmb: mmc0:0001 SEM16G partition 3 4.00 MiB
- mmcblk0: p1
  usb2-1: usb2-1 supply vbus not found, using dummy regulator
  usb3-0: usb3-0 supply vbus not found, using dummy regulator
 tegra-pcie 1003000.pcie-controller: 2x1, 1x1 configuration
@@ -345,10 +339,16 @@
 as3722-ldo10: supplied by +5V_SYS
 +2.8V_RUN_CAM_AF: Bringing 0uV into 2800000-2800000uV
 as3722-ldo11: supplied by +3.3V_RUN
+mmc0: new high speed MMC card at address 0001
 +1.8V_RUN_VPP_FUSE: Bringing 0uV into 1800000-1800000uV
+mmcblk0: mmc0:0001 SEM16G 14.7 GiB 
+mmcblk0boot0: mmc0:0001 SEM16G partition 1 4.00 MiB
+mmcblk0boot1: mmc0:0001 SEM16G partition 2 4.00 MiB
 tegra-ahci 70027000.sata: AHCI 0001.0301 32 slots 2 ports 3 Gbps 0x1 impl platform mode
 tegra-ahci 70027000.sata: flags: 64bit ncq sntf pm led pio slum part sadm sds apst 
+mmcblk0rpmb: mmc0:0001 SEM16G partition 3 4.00 MiB
 scsi host0: tegra-ahci
+ mmcblk0: p1
 scsi host1: tegra-ahci
 ata1: SATA max UDMA/133 mmio [mem 0x70027000-0x70028fff] port 0x100 irq 345
 ata2: DUMMY
@@ -381,9 +381,9 @@
 pci 0000:00:02.0: [10de:0e13] type 01 class 0x060400
 pci_bus 0000:00: 2-byte config write to 0000:00:02.0 offset 0x88 may corrupt adjacent RW1C bits
 pci_bus 0000:00: 2-byte config write to 0000:00:02.0 offset 0x52 may corrupt adjacent RW1C bits
+ata1: SATA link down (SStatus 0 SControl 300)
 pci 0000:00:02.0: PME# supported from D0 D1 D2 D3hot D3cold
 pci_bus 0000:00: 2-byte config write to 0000:00:02.0 offset 0x4c may corrupt adjacent RW1C bits
-ata1: SATA link down (SStatus 0 SControl 300)
 pci_bus 0000:00: 2-byte config write to 0000:00:01.0 offset 0x3e may corrupt adjacent RW1C bits
 pci_bus 0000:00: 2-byte config write to 0000:00:02.0 offset 0x3e may corrupt adjacent RW1C bits
 pci_bus 0000:00: 2-byte config write to 0000:00:01.0 offset 0x4 may corrupt adjacent RW1C bits
@@ -436,7 +436,7 @@
 cpufreq: cpufreq_online: CPU0: Running at unlisted freq: 696000 KHz
 cpufreq: cpufreq_online: CPU0: Unlisted initial frequency changed to: 714000 KHz
 input: gpio-keys as /devices/soc0/gpio-keys/input/input0
-as3722-rtc as3722-rtc: setting system clock to 2000-01-01 00:02:03 UTC (946684923)
+as3722-rtc as3722-rtc: setting system clock to 2000-01-01 00:00:13 UTC (946684813)
 +3.3V_AVDD_HDMI_AP_GATED: disabling
 +USB0_VBUS_SW: disabling
 +1.05V_RUN_AVDD_HDMI_PLL: disabling
Diff for ./tegra124-jetson-tk1/tegra124-jetson-tk1/tegra_defconfig_log.txt
--- /tmp/fooa	2017-05-17 08:39:17.215314832 -0700
+++ /tmp/foob	2017-05-17 08:39:17.215314832 -0700
@@ -32,10 +32,10 @@
 	 #################################################################
 	 #################################################################
 	 #################################################################
-	 #########################
-	 4 MiB/s
+	 ##########################
+	 3.9 MiB/s
 done
-Bytes transferred = 6091872 (5cf460 hex)
+Bytes transferred = 6092400 (5cf670 hex)
 Tegra124 (Jetson TK1) # tftpboot 0x83000000 tegra124-jetson-tk1.dtb
 Using eth_rtl8169 device
 TFTP from server 192.168.100.1; our IP address is 192.168.100.102
@@ -46,7 +46,7 @@
 done
 Bytes transferred = 67133 (1063d hex)
 Tegra124 (Jetson TK1) # bootz 0x82000000 - 0x83000000
-Kernel image @ 0x82000000 [ 0x000000 - 0x5cf460 ]
+Kernel image @ 0x82000000 [ 0x000000 - 0x5cf670 ]
 ## Flattened Device Tree blob at 83000000
    Booting using the fdt blob at 0x83000000
    Using Device Tree in place at 83000000, end 8301363c
@@ -55,7 +55,7 @@
 
 Uncompressing Linux... done, booting the kernel.
 Booting Linux on physical CPU 0x0
-Linux version 4.12.0-rc1-next-20170515-171640-gecf5e3d (jonathanh@kaivo) (gcc version 4.7.3 20130328 (prerelease) (crosstool-NG linaro-1.13.1-4.7-2013.04-20130415 - Linaro GCC 2013.04) ) #1 SMP PREEMPT Sun May 14 20:19:25 PDT 2017
+Linux version 4.12.0-rc1-next-20170516-172209-g7f49246 (jonathanh@kaivo) (gcc version 4.7.3 20130328 (prerelease) (crosstool-NG linaro-1.13.1-4.7-2013.04-20130415 - Linaro GCC 2013.04) ) #1 SMP PREEMPT Wed May 17 08:33:23 PDT 2017
 CPU: ARMv7 Processor [413fc0f3] revision 3 (ARMv7), cr=10c5387d
 CPU: div instructions available: patching division code
 CPU: PIPT / VIPT nonaliasing data cache, PIPT instruction cache
@@ -441,7 +441,7 @@
 cpufreq: cpufreq_online: CPU0: Running at unlisted freq: 696000 KHz
 cpufreq: cpufreq_online: CPU0: Unlisted initial frequency changed to: 714000 KHz
 input: gpio-keys as /devices/soc0/gpio-keys/input/input2
-as3722-rtc as3722-rtc: setting system clock to 2000-01-01 00:00:13 UTC (946684813)
+as3722-rtc as3722-rtc: setting system clock to 2000-01-01 00:01:38 UTC (946684898)
 +3.3V_AVDD_HDMI_AP_GATED: disabling
 +USB0_VBUS_SW: disabling
 +1.05V_RUN_AVDD_HDMI_PLL: disabling
Diff for ./tegra124-nyan-big/tegra124-nyan-big/multi_v7_defconfig_log.txt
--- /tmp/fooa	2017-05-17 08:39:17.219314849 -0700
+++ /tmp/foob	2017-05-17 08:39:17.223314867 -0700
@@ -5,7 +5,7 @@
 TEGRA124
 Model: Acer Chromebook 13 CB5-311
 DRAM:  4 GiB
-:   Tegra SD/MMC: 0, Tegra SD/MMC: 1, Tegra SD/MMC: 2
+C:   Tegra SD/MMC: 0, Tegra SD/MMC: 1, Tegra SD/MMC: 2
 MMC init failed
 Using default environment
 
@@ -14,7 +14,7 @@
 Err:   serial
 Net:   Net Initialization Skipped
 No ethernet found.
-Hit any key to stop autoboot:  2  1  0 
+Hit any key to stop autoboot:  2  0 
 Tegra124 (Nyan-big) # 
 Tegra124 (Nyan-big) # usb start
 starting USB...
@@ -43,20 +43,20 @@
 	 #################################################################
 	 #################################################################
 	 ####################
-	 3.4 MiB/s
+	 3.6 MiB/s
 done
-Bytes transferred = 7915440 (78c7b0 hex)
+Bytes transferred = 7918496 (78d3a0 hex)
 Tegra124 (Nyan-big) # tftpboot 0x83000000 tegra124-nyan-big.dtb
 Using asx0 device
 TFTP from server 192.168.100.1; our IP address is 192.168.100.102
 Filename 'tegra124-nyan-big.dtb'.
 Load address: 0x83000000
 Loading: *#####
-	 3.2 MiB/s
+	 3.4 MiB/s
 done
 Bytes transferred = 68155 (10a3b hex)
 Tegra124 (Nyan-big) # bootz 0x82000000 - 0x83000000
-Kernel image @ 0x82000000 [ 0x000000 - 0x78c7b0 ]
+Kernel image @ 0x82000000 [ 0x000000 - 0x78d3a0 ]
 ## Flattened Device Tree blob at 83000000
    Booting using the fdt blob at 0x83000000
    Using Device Tree in place at 83000000, end 83013a3a
@@ -64,7 +64,7 @@
 Starting kernel ...
 
 Booting Linux on physical CPU 0x0
-Linux version 4.12.0-rc1-next-20170515-171640-gecf5e3d (jonathanh@sellafield) (gcc version 4.7.3 20130328 (prerelease) (crosstool-NG linaro-1.13.1-4.7-2013.04-20130415 - Linaro GCC 2013.04) ) #1 SMP Sun May 14 20:19:37 PDT 2017
+Linux version 4.12.0-rc1-next-20170516-172209-g7f49246 (jonathanh@sellafield) (gcc version 4.7.3 20130328 (prerelease) (crosstool-NG linaro-1.13.1-4.7-2013.04-20130415 - Linaro GCC 2013.04) ) #1 SMP Wed May 17 08:33:25 PDT 2017
 CPU: ARMv7 Processor [413fc0f3] revision 3 (ARMv7), cr=10c5387d
 CPU: div instructions available: patching division code
 CPU: PIPT / VIPT nonaliasing data cache, PIPT instruction cache
@@ -349,7 +349,7 @@
 mmc1: new high speed SDIO card at address 0001
 mmc2: SDHCI controller on 700b0400.sdhci [700b0400.sdhci] using ADMA
 input: gpio-keys as /devices/soc0/gpio-keys/input/input1
-as3722-rtc as3722-rtc: setting system clock to 2000-01-01 00:00:23 UTC (946684823)
+as3722-rtc as3722-rtc: setting system clock to 2000-01-01 00:00:22 UTC (946684822)
 +3.3V_AVDD_HDMI_AP_GATED: disabling
 +1.05V_RUN: disabling
 +1.8V_RUN_CAM: disabling
Diff for ./tegra124-nyan-big/tegra124-nyan-big/tegra_defconfig_log.txt
--- /tmp/fooa	2017-05-17 08:39:17.227314884 -0700
+++ /tmp/foob	2017-05-17 08:39:17.231314901 -0700
@@ -40,10 +40,10 @@
 	 #################################################################
 	 #################################################################
 	 #################################################################
-	 #########################
-	 3.6 MiB/s
+	 ##########################
+	 3.5 MiB/s
 done
-Bytes transferred = 6091872 (5cf460 hex)
+Bytes transferred = 6092400 (5cf670 hex)
 Tegra124 (Nyan-big) # tftpboot 0x83000000 tegra124-nyan-big.dtb
 Using asx0 device
 TFTP from server 192.168.100.1; our IP address is 192.168.100.102
@@ -54,7 +54,7 @@
 done
 Bytes transferred = 68155 (10a3b hex)
 Tegra124 (Nyan-big) # bootz 0x82000000 - 0x83000000
-Kernel image @ 0x82000000 [ 0x000000 - 0x5cf460 ]
+Kernel image @ 0x82000000 [ 0x000000 - 0x5cf670 ]
 ## Flattened Device Tree blob at 83000000
    Booting using the fdt blob at 0x83000000
    Using Device Tree in place at 83000000, end 83013a3a
@@ -63,7 +63,7 @@
 
 Uncompressing Linux... done, booting the kernel.
 Booting Linux on physical CPU 0x0
-Linux version 4.12.0-rc1-next-20170515-171640-gecf5e3d (jonathanh@kaivo) (gcc version 4.7.3 20130328 (prerelease) (crosstool-NG linaro-1.13.1-4.7-2013.04-20130415 - Linaro GCC 2013.04) ) #1 SMP PREEMPT Sun May 14 20:19:25 PDT 2017
+Linux version 4.12.0-rc1-next-20170516-172209-g7f49246 (jonathanh@kaivo) (gcc version 4.7.3 20130328 (prerelease) (crosstool-NG linaro-1.13.1-4.7-2013.04-20130415 - Linaro GCC 2013.04) ) #1 SMP PREEMPT Wed May 17 08:33:23 PDT 2017
 CPU: ARMv7 Processor [413fc0f3] revision 3 (ARMv7), cr=10c5387d
 CPU: div instructions available: patching division code
 CPU: PIPT / VIPT nonaliasing data cache, PIPT instruction cache
@@ -356,7 +356,7 @@
 mmc1: new high speed SDIO card at address 0001
 mmc2: SDHCI controller on 700b0400.sdhci [700b0400.sdhci] using ADMA
 input: gpio-keys as /devices/soc0/gpio-keys/input/input3
-as3722-rtc as3722-rtc: setting system clock to 2000-01-01 00:00:22 UTC (946684822)
+as3722-rtc as3722-rtc: setting system clock to 2000-01-01 00:00:23 UTC (946684823)
 +3.3V_AVDD_HDMI_AP_GATED: disabling
 +1.8V_RUN_CAM: disabling
 +1.2V_RUN_CAM_FRONT: disabling
@@ -391,4 +391,4 @@
 Freeing unused kernel memory: 1024K
 bash: cannot set terminal process group (-1): Inappropriate ioctl for device
 bash: no job control in this shell
-root@(none):/# [    2.978932] usb 1-3: new high-speed USB device number 3 using tegra-xusb
+root@(none):/# [    2.999249] usb 1-3: new high-speed USB device number 3 using tegra-xusb
Diff for ./tegra132-norrin/tegra132-norrin/defconfig_log.txt
--- /tmp/fooa	2017-05-17 08:39:17.235314918 -0700
+++ /tmp/foob	2017-05-17 08:39:17.239314934 -0700
@@ -31,7 +31,7 @@
 MSENC clock is set to  79200 KHz
 Vde clock is set to 204000 KHz
 
-Bootloader-Cpu Init at (time stamp): 1801024 us
+Bootloader-Cpu Init at (time stamp): 1801037 us
 
 Pinmux changes applied in kernel way
 
@@ -59,25 +59,25 @@
 The proc BoardInfo: 0x0176:0x0001:0x01:0x43:0x00
 FastbootAddAtag: setting ATAG (0)
 
-Board Id Read Time: 3 us
+Board Id Read Time: 4 us
 Power Rail enable Time: 1 us
 
-Miscellaneous avp time: 1800998  us
-Bootloader (AosInit) time: 734252 us
-Bootloader Main Init time: 180093 us
-BlockDevMgrInit time: 157548 us
+Miscellaneous avp time: 1801010  us
+Bootloader (AosInit) time: 734227 us
+Bootloader Main Init time: 180082 us
+BlockDevMgrInit time: 157528 us
 PartMgrInit time: 8 us
-StorMgrInit time: 30 us
-FsMgrInit time: 3 us
-Partition Table load: 76724 us 
-Display init time: 574805 us
-Kernel read time: 391 msec
+StorMgrInit time: 31 us
+FsMgrInit time: 2 us
+Partition Table load: 76723 us 
+Display init time: 574800 us
+Kernel read time: 390 msec
 Load Kernel Size:   16986112 Bytes
-Bl Kernel ReadSpeed: 43442000 Bytes/sec
-Pre-Kernel Jump time: 1792783 us
-Clearing 32 Bit State and Warm resetting to 64bit mode: 5961997 us
+Bl Kernel ReadSpeed: 43554000 Bytes/sec
+Pre-Kernel Jump time: 1792715 us
+Clearing 32 Bit State and Warm resetting to 64bit mode: 5914925 us
 Booting Linux on physical CPU 0x0
-Linux version 4.12.0-rc1-next-20170515-289881-gecf5e3d (jonathanh@tamien) (gcc version 4.9.2 20140904 (prerelease) (crosstool-NG linaro-1.13.1-4.9-2014.09 - Linaro GCC 4.9-2014.09) ) #1 SMP PREEMPT Sun May 14 20:23:34 PDT 2017
+Linux version 4.12.0-rc1-next-20170516-290450-g7f49246 (jonathanh@tamien) (gcc version 4.9.2 20140904 (prerelease) (crosstool-NG linaro-1.13.1-4.9-2014.09 - Linaro GCC 4.9-2014.09) ) #1 SMP PREEMPT Wed May 17 08:37:18 PDT 2017
 Boot CPU: AArch64 Processor [4e0f0000]
 Machine model: NVIDIA Tegra132 Norrin
 Memory limited to 1734MB
@@ -198,7 +198,7 @@
 Freeing initrd memory: 1284K
 kvm [1]: HYP mode not available
 audit: initializing netlink subsys (disabled)
-audit: type=2000 audit(0.918:1): state=initialized audit_enabled=0 res=1
+audit: type=2000 audit(0.909:1): state=initialized audit_enabled=0 res=1
 workingset: timestamp_bits=44 max_order=19 bucket_order=0
 squashfs: version 4.0 (2009/01/31) Phillip Lougher
 NFS: Registering the id_resolver key type
Diff for ./tegra20-trimslice/tegra20-trimslice/multi_v7_defconfig_log.txt
--- /tmp/fooa	2017-05-17 08:39:17.243314951 -0700
+++ /tmp/foob	2017-05-17 08:39:17.247314968 -0700
@@ -50,7 +50,7 @@
 	 ####################
 	 4.1 MiB/s
 done
-Bytes transferred = 7915440 (78c7b0 hex)
+Bytes transferred = 7918496 (78d3a0 hex)
 Tegra20 (TrimSlice) # tftpboot 0x02408000 tegra20-trimslice.dtb
 Using RTL8169#0 device
 TFTP from server 192.168.100.1; our IP address is 192.168.100.103
@@ -61,7 +61,7 @@
 done
 Bytes transferred = 21426 (53b2 hex)
 Tegra20 (TrimSlice) # bootz 0x00408000 - 0x02408000
-Kernel image @ 0x408000 [ 0x000000 - 0x78c7b0 ]
+Kernel image @ 0x408000 [ 0x000000 - 0x78d3a0 ]
 ## Flattened Device Tree blob at 02408000
    Booting using the fdt blob at 0x2408000
    Using Device Tree in place at 02408000, end 024103b1
@@ -69,7 +69,7 @@
 Starting kernel ...
 
 Booting Linux on physical CPU 0x0
-Linux version 4.12.0-rc1-next-20170515-171640-gecf5e3d (jonathanh@sellafield) (gcc version 4.7.3 20130328 (prerelease) (crosstool-NG linaro-1.13.1-4.7-2013.04-20130415 - Linaro GCC 2013.04) ) #1 SMP Sun May 14 20:19:37 PDT 2017
+Linux version 4.12.0-rc1-next-20170516-172209-g7f49246 (jonathanh@sellafield) (gcc version 4.7.3 20130328 (prerelease) (crosstool-NG linaro-1.13.1-4.7-2013.04-20130415 - Linaro GCC 2013.04) ) #1 SMP Wed May 17 08:33:25 PDT 2017
 CPU: ARMv7 Processor [411fc090] revision 0 (ARMv7), cr=10c5387d
 CPU: PIPT / VIPT nonaliasing data cache, VIPT aliasing instruction cache
 OF: fdt: Machine model: Compulab TrimSlice board
Diff for ./tegra20-trimslice/tegra20-trimslice/tegra_defconfig_log.txt
--- /tmp/fooa	2017-05-17 08:39:17.251314986 -0700
+++ /tmp/foob	2017-05-17 08:39:17.251314986 -0700
@@ -45,21 +45,21 @@
 	 #################################################################
 	 #################################################################
 	 #################################################################
-	 #########################
-	 4 MiB/s
+	 ##########################
+	 4.1 MiB/s
 done
-Bytes transferred = 6091872 (5cf460 hex)
+Bytes transferred = 6092400 (5cf670 hex)
 Tegra20 (TrimSlice) # tftpboot 0x02408000 tegra20-trimslice.dtb
 Using RTL8169#0 device
 TFTP from server 192.168.100.1; our IP address is 192.168.100.103
 Filename 'tegra20-trimslice.dtb'.
 Load address: 0x2408000
 Loading: *##
-	 4.1 MiB/s
+	 3.4 MiB/s
 done
 Bytes transferred = 21426 (53b2 hex)
 Tegra20 (TrimSlice) # bootz 0x00408000 - 0x02408000
-Kernel image @ 0x408000 [ 0x000000 - 0x5cf460 ]
+Kernel image @ 0x408000 [ 0x000000 - 0x5cf670 ]
 ## Flattened Device Tree blob at 02408000
    Booting using the fdt blob at 0x2408000
    Using Device Tree in place at 02408000, end 024103b1
@@ -68,7 +68,7 @@
 
 Uncompressing Linux... done, booting the kernel.
 Booting Linux on physical CPU 0x0
-Linux version 4.12.0-rc1-next-20170515-171640-gecf5e3d (jonathanh@kaivo) (gcc version 4.7.3 20130328 (prerelease) (crosstool-NG linaro-1.13.1-4.7-2013.04-20130415 - Linaro GCC 2013.04) ) #1 SMP PREEMPT Sun May 14 20:19:25 PDT 2017
+Linux version 4.12.0-rc1-next-20170516-172209-g7f49246 (jonathanh@kaivo) (gcc version 4.7.3 20130328 (prerelease) (crosstool-NG linaro-1.13.1-4.7-2013.04-20130415 - Linaro GCC 2013.04) ) #1 SMP PREEMPT Wed May 17 08:33:23 PDT 2017
 CPU: ARMv7 Processor [411fc090] revision 0 (ARMv7), cr=10c5387d
 CPU: PIPT / VIPT nonaliasing data cache, VIPT aliasing instruction cache
 OF: fdt: Machine model: Compulab TrimSlice board
Diff for ./tegra210-p2371-0000/tegra210-p2371-0000/defconfig_log.txt
--- /tmp/fooa	2017-05-17 08:39:17.259315019 -0700
+++ /tmp/foob	2017-05-17 08:39:17.259315019 -0700
@@ -64,17 +64,17 @@
 Loading and Validation of Secure OS Successful
 NvTbootPackSdramParams: start. 
 NvTbootPackSdramParams: done. 
-Tegraboot started after 751957 us
-Basic modules init took 350106 us
+Tegraboot started after 758713 us
+Basic modules init took 350236 us
 Sec Bootdevice Read Time = 202 ms, Read Size = 8459 KB
-Next stage binary read took 14363 us
-Carveout took 252719 us
-CPU initialization took 92303 us
-Total time taken by TegraBoot 709491 us
+Next stage binary read took 14362 us
+Carveout took 252729 us
+CPU initialization took 92309 us
+Total time taken by TegraBoot 709636 us
 
 Starting CPU & Halting co-processor 
 
-64b[0001.592] LPDDR4 Training: Number of tables = 10
+64b[0001.599] LPDDR4 Training: Number of tables = 10
 EMC Training (SRC-freq: 204000; DST-freq: 408000)
 EMC Training Successful
 EMC Training (SRC-freq: 204000; DST-freq: 665600)
@@ -108,7 +108,7 @@
 Tegra210 (P2371-0000) # 
 Tegra210 (P2371-0000) # ums 0 mmc 0
 UMS: disk start sector: 0x0, count: 0x1d5a000
-|/-\|/-\/-\|/-\/-\|/-\/-\|/-\/-\|/-\/-\|/-\/-\|/-\/-\|/-\/-CTRL+C - Operation aborted
+|/-\|/-\/-\|/-\/-\|/-\/-\|/-\/-\|/-\/-\|/-\/-\|/-\/-\|/-\/-\CTRL+C - Operation aborted
 Tegra210 (P2371-0000) # 
 Tegra210 (P2371-0000) # env set fdt_copy_node_names /cpus:/psci
 Tegra210 (P2371-0000) # setenv rootpart 1
@@ -117,7 +117,7 @@
 Tegra210 (P2371-0000) # part uuid ${devtype} ${devnum}:${rootpart} uuid
 Tegra210 (P2371-0000) # setenv bootargs ignore_loglevel console=ttyS0,115200n8 earlycon=uart8250,mmio32,0x70006000 rw root=PARTUUID=00000000-0001-0000-788f-a75600000000 rootwait debug earlyprintk init=/bin/bash
 Tegra210 (P2371-0000) # load ${devtype} ${devnum}:${rootpart} ${kernel_addr_r} /boot/Image.defconfig
-15665664 bytes read in 813 ms (18.4 MiB/s)
+15665664 bytes read in 811 ms (18.4 MiB/s)
 Tegra210 (P2371-0000) # load ${devtype} ${devnum}:${rootpart} ${fdt_addr_r} /boot/tegra210-p2371-0000.dtb
 45142 bytes read in 461 ms (94.7 KiB/s)
 Tegra210 (P2371-0000) # load ${devtype} ${devnum}:${rootpart} ${ramdisk_addr_r} /boot/tegra-ramdisk.img
@@ -131,7 +131,7 @@
 Starting kernel ...
 
 Booting Linux on physical CPU 0x0
-Linux version 4.12.0-rc1-next-20170515-289881-gecf5e3d (jonathanh@tamien) (gcc version 4.9.2 20140904 (prerelease) (crosstool-NG linaro-1.13.1-4.9-2014.09 - Linaro GCC 4.9-2014.09) ) #1 SMP PREEMPT Sun May 14 20:23:34 PDT 2017
+Linux version 4.12.0-rc1-next-20170516-290450-g7f49246 (jonathanh@tamien) (gcc version 4.9.2 20140904 (prerelease) (crosstool-NG linaro-1.13.1-4.9-2014.09 - Linaro GCC 4.9-2014.09) ) #1 SMP PREEMPT Wed May 17 08:37:18 PDT 2017
 Boot CPU: AArch64 Processor [411fd071]
 Machine model: NVIDIA Tegra210 P2371 (P2530/P2595) reference design
 debug: ignoring loglevel setting.
@@ -355,6 +355,6 @@
 devtmpfs: mounted
 Freeing unused kernel memory: 1088K
 bash: cannot set terminal process group (-1): Inappropriate ioctl for device
-bash: no job control in th[    1.364318] random: fast init done
-is shell
+bash: no job contr[    1.350469] random: fast init done
+ol in this shell
 root@(none):/# 
\ No newline at end of file
Diff for ./tegra210-smaug/tegra210-smaug/defconfig_log.txt
--- /tmp/fooa	2017-05-17 08:39:17.267315052 -0700
+++ /tmp/foob	2017-05-17 08:39:17.267315052 -0700
@@ -1,4 +1,8 @@
-00000070006000 (options '115200n8')
+ Google Pixel C
+efi: Getting EFI parameters from FDT:
+efi: UEFI not found.
+cma: Reserved 16 MiB at 0x00000000f5400000
+earlycon: uart0 at MMIO 0x0000000070006000 (options '115200n8')
 bootconsole [uart0] enabled
 NUMA: No NUMA configuration found
 NUMA: Faking a node at [mem 0x0000000000000000-0x000000013fffffff]
@@ -72,7 +76,7 @@
 console [tty0] enabled
 bootconsole [uart0] disabled
 Booting Linux on physical CPU 0x0
-Linux version 4.12.0-rc1-next-20170515-289881-gecf5e3d (jonathanh@tamien) (gcc version 4.9.2 20140904 (prerelease) (crosstool-NG linaro-1.13.1-4.9-2014.09 - Linaro GCC 4.9-2014.09) ) #1 SMP PREEMPT Sun May 14 20:23:34 PDT 2017
+Linux version 4.12.0-rc1-next-20170516-290450-g7f49246 (jonathanh@tamien) (gcc version 4.9.2 20140904 (prerelease) (crosstool-NG linaro-1.13.1-4.9-2014.09 - Linaro GCC 4.9-2014.09) ) #1 SMP PREEMPT Wed May 17 08:37:18 PDT 2017
 Boot CPU: AArch64 Processor [411fd071]
 Machine model: Google Pixel C
 efi: Getting EFI parameters from FDT:
@@ -229,7 +233,7 @@
 kvm [1]: vgic interrupt IRQ1
 kvm [1]: virtual timer IRQ4
 audit: initializing netlink subsys (disabled)
-audit: type=2000 audit(0.289:1): state=initialized audit_enabled=0 res=1
+audit: type=2000 audit(0.287:1): state=initialized audit_enabled=0 res=1
 workingset: timestamp_bits=44 max_order=20 bucket_order=0
 squashfs: version 4.0 (2009/01/31) Phillip Lougher
 NFS: Registering the id_resolver key type
@@ -336,7 +340,7 @@
 mmcblk0boot1: mmc0:0001 BGND3R partition 2 4.00 MiB
 mmcblk0rpmb: mmc0:0001 BGND3R partition 3 4.00 MiB
  mmcblk0: p1 p2 p3 p4 p5 p6 p7 p8 p9 p10 p11
-max77686-rtc max77620-rtc: setting system clock to 2001-02-23 08:49:48 UTC (982918188)
+max77686-rtc max77620-rtc: setting system clock to 2001-02-25 21:03:27 UTC (983135007)
 PP1200_AVDD: disabling
 PP1200_RCAM: disabling
 PP2800L_RCAM: disabling
Diff for ./tegra30-beaver/tegra30-beaver/multi_v7_defconfig_log.txt
--- /tmp/fooa	2017-05-17 08:39:17.275315087 -0700
+++ /tmp/foob	2017-05-17 08:39:17.275315087 -0700
@@ -40,20 +40,20 @@
 	 #################################################################
 	 #################################################################
 	 ####################
-	 3.2 MiB/s
+	 3.3 MiB/s
 done
-Bytes transferred = 7915440 (78c7b0 hex)
+Bytes transferred = 7918496 (78d3a0 hex)
 Tegra30 (Beaver) # tftpboot 0x82000000 tegra30-beaver.dtb
 Using asx0 device
 TFTP from server 192.168.100.1; our IP address is 192.168.100.101
 Filename 'tegra30-beaver.dtb'.
 Load address: 0x82000000
 Loading: *####
-	 2.9 MiB/s
+	 2.5 MiB/s
 done
 Bytes transferred = 51804 (ca5c hex)
 Tegra30 (Beaver) # bootz 0x81000000 - 0x82000000
-Kernel image @ 0x81000000 [ 0x000000 - 0x78c7b0 ]
+Kernel image @ 0x81000000 [ 0x000000 - 0x78d3a0 ]
 ## Flattened Device Tree blob at 82000000
    Booting using the fdt blob at 0x82000000
    Loading Device Tree to 8fff0000, end 8ffffa5b ... OK
@@ -61,7 +61,7 @@
 Starting kernel ...
 
 Booting Linux on physical CPU 0x0
-Linux version 4.12.0-rc1-next-20170515-171640-gecf5e3d (jonathanh@sellafield) (gcc version 4.7.3 20130328 (prerelease) (crosstool-NG linaro-1.13.1-4.7-2013.04-20130415 - Linaro GCC 2013.04) ) #1 SMP Sun May 14 20:19:37 PDT 2017
+Linux version 4.12.0-rc1-next-20170516-172209-g7f49246 (jonathanh@sellafield) (gcc version 4.7.3 20130328 (prerelease) (crosstool-NG linaro-1.13.1-4.7-2013.04-20130415 - Linaro GCC 2013.04) ) #1 SMP Wed May 17 08:33:25 PDT 2017
 CPU: ARMv7 Processor [412fc099] revision 9 (ARMv7), cr=10c5387d
 CPU: PIPT / VIPT nonaliasing data cache, VIPT aliasing instruction cache
 OF: fdt: Machine model: NVIDIA Tegra30 Beaver evaluation board
@@ -307,18 +307,18 @@
 usb3_vbus: supplied by vdd_5v_in
 sys_3v3,vdd_3v3_alw: supplied by vdd_5v_in
 sys_3v3_pexs: supplied by sys_3v3,vdd_3v3_alw
++VDD_5V_HDMI: supplied by sys_3v3,vdd_3v3_alw
+tegra-pcie 3000.pcie-controller: 2x3 configuration
+tegra-pcie 3000.pcie-controller: probing port 0, using 2 lanes
 mmc1: new high speed MMC card at address 0001
 mmcblk1: mmc1:0001 SEM16G 14.8 GiB 
 mmcblk1boot0: mmc1:0001 SEM16G partition 1 1.00 MiB
 mmcblk1boot1: mmc1:0001 SEM16G partition 2 1.00 MiB
 mmcblk1rpmb: mmc1:0001 SEM16G partition 3 128 KiB
-+VDD_5V_HDMI: supplied by sys_3v3,vdd_3v3_alw
-tegra-pcie 3000.pcie-controller: 2x3 configuration
-tegra-pcie 3000.pcie-controller: probing port 0, using 2 lanes
-Primary GPT is invalid, using alternate GPT.
- mmcblk1: p1 p2 p3 p4 p5
 mmc0: new ultra high speed DDR50 SDHC card at address aaaa
 mmcblk0: mmc0:aaaa SS04G 3.69 GiB 
+Primary GPT is invalid, using alternate GPT.
+ mmcblk1: p1 p2 p3 p4 p5
 tegra-pcie 3000.pcie-controller: probing port 2, using 2 lanes
  mmcblk0: p1 p2 p3
 tegra-pcie 3000.pcie-controller: link 2 down, retrying
@@ -392,5 +392,5 @@
 Freeing unused kernel memory: 2048K
 bash: cannot set terminal process group (-1): Inappropriate ioctl for device
 bash: no job control in this shell
-root@(none):/# [    4.083631] usb 2-1: new high-speed USB device number 2 using tegra-ehci
+root@(none):/# [    4.064012] usb 2-1: new high-speed USB device number 2 using tegra-ehci
 asix 2-1:1.0 eth1: register 'asix' at usb-7d008000.usb-1, ASIX AX88772 USB 2.0 Ethernet, 00:50:b6:0f:67:60
Diff for ./tegra30-beaver/tegra30-beaver/tegra_defconfig_log.txt
--- /tmp/fooa	2017-05-17 08:39:17.283315121 -0700
+++ /tmp/foob	2017-05-17 08:39:17.283315121 -0700
@@ -37,21 +37,21 @@
 	 #################################################################
 	 #################################################################
 	 #################################################################
-	 #########################
-	 3.2 MiB/s
+	 ##########################
+	 3.1 MiB/s
 done
-Bytes transferred = 6091872 (5cf460 hex)
+Bytes transferred = 6092400 (5cf670 hex)
 Tegra30 (Beaver) # tftpboot 0x82000000 tegra30-beaver.dtb
 Using asx0 device
 TFTP from server 192.168.100.1; our IP address is 192.168.100.101
 Filename 'tegra30-beaver.dtb'.
 Load address: 0x82000000
 Loading: *####
-	 3.3 MiB/s
+	 3.1 MiB/s
 done
 Bytes transferred = 51804 (ca5c hex)
 Tegra30 (Beaver) # bootz 0x81000000 - 0x82000000
-Kernel image @ 0x81000000 [ 0x000000 - 0x5cf460 ]
+Kernel image @ 0x81000000 [ 0x000000 - 0x5cf670 ]
 ## Flattened Device Tree blob at 82000000
    Booting using the fdt blob at 0x82000000
    Loading Device Tree to 8fff0000, end 8ffffa5b ... OK
@@ -60,7 +60,7 @@
 
 Uncompressing Linux... done, booting the kernel.
 Booting Linux on physical CPU 0x0
-Linux version 4.12.0-rc1-next-20170515-171640-gecf5e3d (jonathanh@kaivo) (gcc version 4.7.3 20130328 (prerelease) (crosstool-NG linaro-1.13.1-4.7-2013.04-20130415 - Linaro GCC 2013.04) ) #1 SMP PREEMPT Sun May 14 20:19:25 PDT 2017
+Linux version 4.12.0-rc1-next-20170516-172209-g7f49246 (jonathanh@kaivo) (gcc version 4.7.3 20130328 (prerelease) (crosstool-NG linaro-1.13.1-4.7-2013.04-20130415 - Linaro GCC 2013.04) ) #1 SMP PREEMPT Wed May 17 08:33:23 PDT 2017
 CPU: ARMv7 Processor [412fc099] revision 9 (ARMv7), cr=10c5387d
 CPU: PIPT / VIPT nonaliasing data cache, VIPT aliasing instruction cache
 OF: fdt: Machine model: NVIDIA Tegra30 Beaver evaluation board
@@ -386,4 +386,4 @@
 Freeing unused kernel memory: 1024K
 bash: cannot set terminal process group (-1): Inappropriate ioctl for device
 bash: no job control in this shell
-root@(none):/# [    4.370176] usb 2-1: new high-speed USB device number 2 using tegra-ehci
+root@(none):/# [    4.370164] usb 2-1: new high-speed USB device number 2 using tegra-ehci
