Diff for ./qemu-vexpress64/__internal/defconfig_log.txt
--- /tmp/fooa	2016-07-25 23:28:29.358150374 -0700
+++ /tmp/foob	2016-07-25 23:28:29.358150374 -0700
@@ -1,5 +1,5 @@
 Booting Linux on physical CPU 0x0
-Linux version 4.7.0-next-20160725+ (pwalmsley@tamien) (gcc version 4.9.2 20140904 (prerelease) (crosstool-NG linaro-1.13.1-4.9-2014.09 - Linaro GCC 4.9-2014.09) ) #1 SMP PREEMPT Sun Jul 24 23:36:30 PDT 2016
+Linux version 4.7.0-next-20160726+ (pwalmsley@tamien) (gcc version 4.9.2 20140904 (prerelease) (crosstool-NG linaro-1.13.1-4.9-2014.09 - Linaro GCC 4.9-2014.09) ) #1 SMP PREEMPT Mon Jul 25 23:23:43 PDT 2016
 Boot CPU: AArch64 Processor [411fd070]
 Memory limited to 1024MB
 efi: Getting EFI parameters from FDT:
@@ -18,15 +18,15 @@
 PID hash table entries: 4096 (order: 3, 32768 bytes)
 Dentry cache hash table entries: 131072 (order: 8, 1048576 bytes)
 Inode-cache hash table entries: 65536 (order: 7, 524288 bytes)
-Memory: 1000428K/1048576K available (7804K kernel code, 776K rwdata, 3680K rodata, 960K init, 268K bss, 31764K reserved, 16384K cma-reserved)
+Memory: 1000428K/1048576K available (7804K kernel code, 775K rwdata, 3684K rodata, 960K init, 268K bss, 31764K reserved, 16384K cma-reserved)
 Virtual kernel memory layout:
     modules : 0xffff000000000000 - 0xffff000008000000   (   128 MB)
     vmalloc : 0xffff000008000000 - 0xffff7dffbfff0000   (129022 GB)
       .text : 0xffff000008080000 - 0xffff000008820000   (  7808 KB)
     .rodata : 0xffff000008820000 - 0xffff000008bc0000   (  3712 KB)
       .init : 0xffff000008bc0000 - 0xffff000008cb0000   (   960 KB)
-      .data : 0xffff000008cb0000 - 0xffff000008d72000   (   776 KB)
-       .bss : 0xffff000008d72000 - 0xffff000008db50b8   (   269 KB)
+      .data : 0xffff000008cb0000 - 0xffff000008d71e00   (   776 KB)
+       .bss : 0xffff000008d71e00 - 0xffff000008db5038   (   269 KB)
     fixed   : 0xffff7dfffe7fd000 - 0xffff7dfffec00000   (  4108 KB)
     PCI I/O : 0xffff7dfffee00000 - 0xffff7dffffe00000   (    16 MB)
     vmemmap : 0xffff7e0000000000 - 0xffff800000000000   (  2048 GB maximum)
@@ -97,7 +97,7 @@
 kvm [1]: HYP mode not available
 futex hash table entries: 256 (order: 3, 32768 bytes)
 audit: initializing netlink subsys (disabled)
-audit: type=2000 audit(0.588:1): initialized
+audit: type=2000 audit(0.604:1): initialized
 workingset: timestamp_bits=46 max_order=18 bucket_order=0
 squashfs: version 4.0 (2009/01/31) Phillip Lougher
 NFS: Registering the id_resolver key type
@@ -163,7 +163,7 @@
 Key type dns_resolver registered
 registered taskstats version 1
 input: gpio-keys as /devices/platform/gpio-keys/input/input0
-rtc-pl031 9010000.pl031: setting system clock to 2016-07-25 06:37:06 UTC (1469428626)
+rtc-pl031 9010000.pl031: setting system clock to 2016-07-26 06:24:19 UTC (1469514259)
 ALSA device list:
   No soundcards found.
 uart-pl011 9000000.pl011: no DMA platform data
Diff for ./tegra114-dalmore-a04/tegra114-dalmore/multi_v7_defconfig_log.txt
--- /tmp/fooa	2016-07-25 23:28:29.378150392 -0700
+++ /tmp/foob	2016-07-25 23:28:29.378150392 -0700
@@ -41,18 +41,18 @@
 	 ############################
 	 3.2 MiB/s
 done
-Bytes transferred = 7087512 (6c2598 hex)
+Bytes transferred = 7088960 (6c2b40 hex)
 Tegra114 (Dalmore) # tftpboot 0x82000000 tegra114-dalmore.dtb
 Using asx0 device
 TFTP from server 192.168.100.1; our IP address is 192.168.100.100
 Filename 'tegra114-dalmore.dtb'.
 Load address: 0x82000000
 Loading: *###
-	 2.8 MiB/s
+	 3 MiB/s
 done
 Bytes transferred = 34956 (888c hex)
 Tegra114 (Dalmore) # bootz 0x81000000 - 0x82000000
-Kernel image @ 0x81000000 [ 0x000000 - 0x6c2598 ]
+Kernel image @ 0x81000000 [ 0x000000 - 0x6c2b40 ]
 ## Flattened Device Tree blob at 82000000
    Booting using the fdt blob at 0x82000000
    Loading Device Tree to 8fff4000, end 8ffff88b ... OK
@@ -60,7 +60,7 @@
 Starting kernel ...
 
 Booting Linux on physical CPU 0x0
-Linux version 4.7.0-next-20160725-109243-gf7d63d9 (pwalmsley@sellafield) (gcc version 4.7.3 20130328 (prerelease) (crosstool-NG linaro-1.13.1-4.7-2013.04-20130415 - Linaro GCC 2013.04) ) #1 SMP Sun Jul 24 23:33:46 PDT 2016
+Linux version 4.7.0-next-20160726-109404-g4072ebb (pwalmsley@sellafield) (gcc version 4.7.3 20130328 (prerelease) (crosstool-NG linaro-1.13.1-4.7-2013.04-20130415 - Linaro GCC 2013.04) ) #1 SMP Mon Jul 25 23:20:22 PDT 2016
 CPU: ARMv7 Processor [412fc0f2] revision 2 (ARMv7), cr=10c5387d
 CPU: div instructions available: patching division code
 CPU: PIPT / VIPT nonaliasing data cache, PIPT instruction cache
@@ -69,7 +69,7 @@
 cma: Reserved 64 MiB at 0xfb800000
 Memory policy: Data cache writealloc
 On node 0 totalpages: 524032
-free_area_init_node: node 0, pgdat c141cf40, node_mem_map eeffa000
+free_area_init_node: node 0, pgdat c141cf00, node_mem_map eeffa000
   DMA zone: 1536 pages used for memmap
   DMA zone: 0 pages reserved
   DMA zone: 196608 pages, LIFO batch:31
@@ -92,8 +92,8 @@
     modules : 0xbf000000 - 0xbfe00000   (  14 MB)
       .text : 0xc0208000 - 0xc0c00000   (10208 kB)
       .init : 0xc1100000 - 0xc1300000   (2048 kB)
-      .data : 0xc1300000 - 0xc141edc0   (1148 kB)
-       .bss : 0xc1420000 - 0xc1475c48   ( 344 kB)
+      .data : 0xc1300000 - 0xc141ed80   (1148 kB)
+       .bss : 0xc1420000 - 0xc1475c08   ( 344 kB)
 SLUB: HWalign=64, Order=0-3, MinObjects=0, CPUs=4, Nodes=1
 Hierarchical RCU implementation.
 	Build-time adjustment of leaf fanout to 32.
@@ -215,6 +215,7 @@
 tegra-dsi 54300000.dsi: cannot get VDD supply
 brd: module loaded
 loop: module loaded
+random: fast init done
 m25p80 spi32766.0: w25q32dw (4096 Kbytes)
 libphy: Fixed MDIO Bus: probed
 CAN device driver interface
@@ -280,8 +281,8 @@
 Registering SWP/SWPB emulation handler
 usb1_vbus: supplied by vdd-sys-5v0
 usb2_vbus: supplied by vdd-sys-5v0
-VDD_5V0_HDMI_CON: supplied by vdd-sys-5v0
 mmc0: new high speed SDHC card at address aaaa
+VDD_5V0_HDMI_CON: supplied by vdd-sys-5v0
 tegra-hdmi 54280000.hdmi: failed to get PLL regulator
 tegra-dsi 54300000.dsi: cannot get VDD supply
 tegra-ehci 7d008000.usb: EHCI Host Controller
Diff for ./tegra114-dalmore-a04/tegra114-dalmore/tegra_defconfig_log.txt
--- /tmp/fooa	2016-07-25 23:28:29.382150394 -0700
+++ /tmp/foob	2016-07-25 23:28:29.382150394 -0700
@@ -39,18 +39,18 @@
 	 ############################################
 	 3 MiB/s
 done
-Bytes transferred = 5408728 (5287d8 hex)
+Bytes transferred = 5408824 (528838 hex)
 Tegra114 (Dalmore) # tftpboot 0x82000000 tegra114-dalmore.dtb
 Using asx0 device
 TFTP from server 192.168.100.1; our IP address is 192.168.100.100
 Filename 'tegra114-dalmore.dtb'.
 Load address: 0x82000000
 Loading: *###
-	 2.6 MiB/s
+	 3 MiB/s
 done
 Bytes transferred = 34956 (888c hex)
 Tegra114 (Dalmore) # bootz 0x81000000 - 0x82000000
-Kernel image @ 0x81000000 [ 0x000000 - 0x5287d8 ]
+Kernel image @ 0x81000000 [ 0x000000 - 0x528838 ]
 ## Flattened Device Tree blob at 82000000
    Booting using the fdt blob at 0x82000000
    Loading Device Tree to 8fff4000, end 8ffff88b ... OK
@@ -59,7 +59,7 @@
 
 Uncompressing Linux... done, booting the kernel.
 Booting Linux on physical CPU 0x0
-Linux version 4.7.0-next-20160725-109243-gf7d63d9 (pwalmsley@kaivo) (gcc version 4.7.3 20130328 (prerelease) (crosstool-NG linaro-1.13.1-4.7-2013.04-20130415 - Linaro GCC 2013.04) ) #1 SMP PREEMPT Sun Jul 24 23:33:47 PDT 2016
+Linux version 4.7.0-next-20160726-109404-g4072ebb (pwalmsley@kaivo) (gcc version 4.7.3 20130328 (prerelease) (crosstool-NG linaro-1.13.1-4.7-2013.04-20130415 - Linaro GCC 2013.04) ) #1 SMP PREEMPT Mon Jul 25 23:20:54 PDT 2016
 CPU: ARMv7 Processor [412fc0f2] revision 2 (ARMv7), cr=10c5387d
 CPU: div instructions available: patching division code
 CPU: PIPT / VIPT nonaliasing data cache, PIPT instruction cache
@@ -69,7 +69,7 @@
 cma: Reserved 64 MiB at 0xfbc00000
 Memory policy: Data cache writealloc
 On node 0 totalpages: 524032
-free_area_init_node: node 0, pgdat c0d5c240, node_mem_map eeff9000
+free_area_init_node: node 0, pgdat c0d5c200, node_mem_map eeff9000
   Normal zone: 1536 pages used for memmap
   Normal zone: 0 pages reserved
   Normal zone: 196608 pages, LIFO batch:31
@@ -92,8 +92,8 @@
     modules : 0xbf000000 - 0xbfe00000   (  14 MB)
       .text : 0xc0008000 - 0xc0900000   (9184 kB)
       .init : 0xc0c00000 - 0xc0d00000   (1024 kB)
-      .data : 0xc0d00000 - 0xc0d5dcc0   ( 376 kB)
-       .bss : 0xc0d5f000 - 0xc0dbab20   ( 367 kB)
+      .data : 0xc0d00000 - 0xc0d5dc80   ( 376 kB)
+       .bss : 0xc0d5f000 - 0xc0dbaae0   ( 367 kB)
 Preemptible hierarchical RCU implementation.
 	Build-time adjustment of leaf fanout to 32.
 NR_IRQS:16 nr_irqs:16 16
@@ -244,6 +244,7 @@
 gspca_main: v2.14.0 registered
 sbs-battery 0-000b: sbs_probe: Failed to get device status
 sbs-battery: probe of 0-000b failed with error -121
+random: fast init done
 tegra-wdt 60005000.timer: initialized (heartbeat = 120 sec, nowayout = 0)
 sdhci: Secure Digital Host Controller Interface driver
 sdhci: Copyright(c) Pierre Ossman
@@ -259,11 +260,11 @@
 mmc0: new high speed SDHC card at address aaaa
 mmcblk0: mmc0:aaaa SL16G 14.8 GiB 
 mmc1: new high speed MMC card at address 0001
+ mmcblk0: p1 p2 p3
 mmcblk1: mmc1:0001 SEM32G 29.1 GiB 
 mmcblk1boot0: mmc1:0001 SEM32G partition 1 4.00 MiB
 mmcblk1boot1: mmc1:0001 SEM32G partition 2 4.00 MiB
 mmcblk1rpmb: mmc1:0001 SEM32G partition 3 4.00 MiB
- mmcblk0: p1 p2 p3
  mmcblk1: p1 p2 p3 p4 p5 p6 p7 p8
 tegra30-i2s 70080400.i2s: DMA channels sourced from device 70080000.ahub
 tegra-snd-rt5640 sound: rt5640-aif1 <-> 70080400.i2s mapping ok
Diff for ./tegra124-jetson-tk1/tegra124-jetson-tk1/multi_v7_defconfig_log.txt
--- /tmp/fooa	2016-07-25 23:28:29.430150436 -0700
+++ /tmp/foob	2016-07-25 23:28:29.430150436 -0700
@@ -34,20 +34,20 @@
 	 #################################################################
 	 #################################################################
 	 ############################
-	 3.9 MiB/s
+	 4 MiB/s
 done
-Bytes transferred = 7087512 (6c2598 hex)
+Bytes transferred = 7088960 (6c2b40 hex)
 Tegra124 (Jetson TK1) # tftpboot 0x83000000 tegra124-jetson-tk1.dtb
 Using eth_rtl8169 device
 TFTP from server 192.168.100.1; our IP address is 192.168.100.102
 Filename 'tegra124-jetson-tk1.dtb'.
 Load address: 0x83000000
 Loading: *#####
-	 3.7 MiB/s
+	 4 MiB/s
 done
 Bytes transferred = 66621 (1043d hex)
 Tegra124 (Jetson TK1) # bootz 0x82000000 - 0x83000000
-Kernel image @ 0x82000000 [ 0x000000 - 0x6c2598 ]
+Kernel image @ 0x82000000 [ 0x000000 - 0x6c2b40 ]
 ## Flattened Device Tree blob at 83000000
    Booting using the fdt blob at 0x83000000
    Using Device Tree in place at 83000000, end 8301343c
@@ -55,7 +55,7 @@
 Starting kernel ...
 
 Booting Linux on physical CPU 0x0
-Linux version 4.7.0-next-20160725-109243-gf7d63d9 (pwalmsley@sellafield) (gcc version 4.7.3 20130328 (prerelease) (crosstool-NG linaro-1.13.1-4.7-2013.04-20130415 - Linaro GCC 2013.04) ) #1 SMP Sun Jul 24 23:33:46 PDT 2016
+Linux version 4.7.0-next-20160726-109404-g4072ebb (pwalmsley@sellafield) (gcc version 4.7.3 20130328 (prerelease) (crosstool-NG linaro-1.13.1-4.7-2013.04-20130415 - Linaro GCC 2013.04) ) #1 SMP Mon Jul 25 23:20:22 PDT 2016
 CPU: ARMv7 Processor [413fc0f3] revision 3 (ARMv7), cr=10c5387d
 CPU: div instructions available: patching division code
 CPU: PIPT / VIPT nonaliasing data cache, PIPT instruction cache
@@ -64,7 +64,7 @@
 cma: Reserved 64 MiB at 0xfb800000
 Memory policy: Data cache writealloc
 On node 0 totalpages: 524032
-free_area_init_node: node 0, pgdat c141cf40, node_mem_map eeffa000
+free_area_init_node: node 0, pgdat c141cf00, node_mem_map eeffa000
   DMA zone: 1536 pages used for memmap
   DMA zone: 0 pages reserved
   DMA zone: 196608 pages, LIFO batch:31
@@ -87,8 +87,8 @@
     modules : 0xbf000000 - 0xbfe00000   (  14 MB)
       .text : 0xc0208000 - 0xc0c00000   (10208 kB)
       .init : 0xc1100000 - 0xc1300000   (2048 kB)
-      .data : 0xc1300000 - 0xc141edc0   (1148 kB)
-       .bss : 0xc1420000 - 0xc1475c48   ( 344 kB)
+      .data : 0xc1300000 - 0xc141ed80   (1148 kB)
+       .bss : 0xc1420000 - 0xc1475c08   ( 344 kB)
 SLUB: HWalign=64, Order=0-3, MinObjects=0, CPUs=4, Nodes=1
 Hierarchical RCU implementation.
 	Build-time adjustment of leaf fanout to 32.
@@ -224,6 +224,7 @@
 +VDDIO_SDMMC3: failed to get the current voltage(-517)
 as3722-regulator as3722-regulator: regulator 13 register failed -517
 tegra-ahci 70027000.sata: couldn't get PHY in node sata: -517
+random: fast init done
 m25p80 spi32765.0: w25q32dw (4096 Kbytes)
 libphy: Fixed MDIO Bus: probed
 CAN device driver interface
@@ -293,12 +294,6 @@
 can: broadcast manager protocol (rev 20160617 t)
 can: netlink gateway (rev 20130117) max_hops=1
 Key type dns_resolver registered
-mmc0: new high speed MMC card at address 0001
-mmcblk0: mmc0:0001 SEM16G 14.7 GiB 
-mmcblk0boot0: mmc0:0001 SEM16G partition 1 4.00 MiB
-mmcblk0boot1: mmc0:0001 SEM16G partition 2 4.00 MiB
-mmcblk0rpmb: mmc0:0001 SEM16G partition 3 4.00 MiB
- mmcblk0: p1
 ThumbEE CPU extension supported.
 Registering SWP/SWPB emulation handler
 +3.3V_RUN: supplied by +3.3V_SYS
@@ -314,6 +309,7 @@
 usb3-0 supply vbus not found, using dummy regulator
 tegra-pcie 1003000.pcie-controller: 2x1, 1x1 configuration
 tegra-pcie 1003000.pcie-controller: Failed to get supply 'avddio-pex': -517
+mmc0: new high speed MMC card at address 0001
 tegra-hdmi 54280000.hdmi: failed to get PLL regulator
 as3722-sd2: supplied by +5V_SYS
 as3722-sd3: supplied by +5V_SYS
@@ -373,7 +369,6 @@
 pci 0000:01:00.0: reg 0x10: [mem 0x00000000-0x00001fff 64bit]
 pci 0000:01:00.0: PME# supported from D0 D3hot D3cold
 PCI: bus1: Fast back to back transfers disabled
-ata1: SATA link down (SStatus 0 SControl 300)
 pci_bus 0000:01: busn_res: [bus 01-ff] end is updated to 01
 pci 0000:02:00.0: [10ec:8168] type 00 class 0x020000
 pci 0000:02:00.0: reg 0x10: [io  0x0000-0x00ff]
@@ -409,15 +404,21 @@
 pcie_pme 0000:00:02.0:pcie001: service driver pcie_pme loaded
 r8169 Gigabit Ethernet driver 2.3LK-NAPI loaded
 r8169 0000:02:00.0: enabling device (0140 -> 0143)
-r8169 0000:02:00.0 eth0: RTL8168g/8111g at 0xf0a50000, 00:04:4b:3a:d9:81, XID 0c000800 IRQ 393
+r8169 0000:02:00.0 eth0: RTL8168g/8111g at 0xf0a46000, 00:04:4b:3a:d9:81, XID 0c000800 IRQ 393
 r8169 0000:02:00.0 eth0: jumbo features [frames: 9200 bytes, tx checksumming: ko]
-mmc1: new high speed SDHC card at address aaaa
-mmcblk1: mmc1:aaaa SD04G 3.69 GiB 
 [drm] Supports vblank timestamp caching Rev 2 (21.10.2013).
 [drm] No driver support for vblank timestamp query.
 drm drm: No connectors reported connected with modes
 [drm] Cannot find any crtc or sizes - going 1024x768
+ata1: SATA link down (SStatus 0 SControl 300)
+mmc1: new high speed SDHC card at address aaaa
+mmcblk1: mmc1:aaaa SD04G 3.69 GiB 
  mmcblk1: p1 p2 p3
+mmcblk0: mmc0:0001 SEM16G 14.7 GiB 
+mmcblk0boot0: mmc0:0001 SEM16G partition 1 4.00 MiB
+mmcblk0boot1: mmc0:0001 SEM16G partition 2 4.00 MiB
+mmcblk0rpmb: mmc0:0001 SEM16G partition 3 4.00 MiB
+ mmcblk0: p1
 Console: switching to colour frame buffer device 128x48
 drm drm: fb0:  frame buffer device
 [drm] Initialized tegra 0.0.0 20120330 on minor 0
@@ -437,7 +438,7 @@
 EXT4-fs (mmcblk0p1): mounting ext3 file system using the ext4 subsystem
 EXT4-fs (mmcblk0p1): recovery complete
 EXT4-fs (mmcblk0p1): mounted filesystem with ordered data mode. Opts: (null)
-VFS: Mounted root (ext3 filesystem) on device 179:1.
+VFS: Mounted root (ext3 filesystem) on device 179:17.
 devtmpfs: mounted
 Freeing unused kernel memory: 2048K (c1100000 - c1300000)
 bash: cannot set terminal process group (-1): Inappropriate ioctl for device
Diff for ./tegra124-jetson-tk1/tegra124-jetson-tk1/tegra_defconfig_log.txt
--- /tmp/fooa	2016-07-25 23:28:29.438150444 -0700
+++ /tmp/foob	2016-07-25 23:28:29.446150450 -0700
@@ -32,20 +32,20 @@
 	 #################################################################
 	 #################################################################
 	 ############################################
-	 4 MiB/s
+	 937.5 KiB/s
 done
-Bytes transferred = 5408728 (5287d8 hex)
+Bytes transferred = 5408824 (528838 hex)
 Tegra124 (Jetson TK1) # tftpboot 0x83000000 tegra124-jetson-tk1.dtb
 Using eth_rtl8169 device
 TFTP from server 192.168.100.1; our IP address is 192.168.100.102
 Filename 'tegra124-jetson-tk1.dtb'.
 Load address: 0x83000000
 Loading: *#####
-	 3.7 MiB/s
+	 928.7 KiB/s
 done
 Bytes transferred = 66621 (1043d hex)
 Tegra124 (Jetson TK1) # bootz 0x82000000 - 0x83000000
-Kernel image @ 0x82000000 [ 0x000000 - 0x5287d8 ]
+Kernel image @ 0x82000000 [ 0x000000 - 0x528838 ]
 ## Flattened Device Tree blob at 83000000
    Booting using the fdt blob at 0x83000000
    Using Device Tree in place at 83000000, end 8301343c
@@ -54,7 +54,7 @@
 
 Uncompressing Linux... done, booting the kernel.
 Booting Linux on physical CPU 0x0
-Linux version 4.7.0-next-20160725-109243-gf7d63d9 (pwalmsley@kaivo) (gcc version 4.7.3 20130328 (prerelease) (crosstool-NG linaro-1.13.1-4.7-2013.04-20130415 - Linaro GCC 2013.04) ) #1 SMP PREEMPT Sun Jul 24 23:33:47 PDT 2016
+Linux version 4.7.0-next-20160726-109404-g4072ebb (pwalmsley@kaivo) (gcc version 4.7.3 20130328 (prerelease) (crosstool-NG linaro-1.13.1-4.7-2013.04-20130415 - Linaro GCC 2013.04) ) #1 SMP PREEMPT Mon Jul 25 23:20:54 PDT 2016
 CPU: ARMv7 Processor [413fc0f3] revision 3 (ARMv7), cr=10c5387d
 CPU: div instructions available: patching division code
 CPU: PIPT / VIPT nonaliasing data cache, PIPT instruction cache
@@ -64,7 +64,7 @@
 cma: Reserved 64 MiB at 0xfbc00000
 Memory policy: Data cache writealloc
 On node 0 totalpages: 524032
-free_area_init_node: node 0, pgdat c0d5c240, node_mem_map eeff9000
+free_area_init_node: node 0, pgdat c0d5c200, node_mem_map eeff9000
   Normal zone: 1536 pages used for memmap
   Normal zone: 0 pages reserved
   Normal zone: 196608 pages, LIFO batch:31
@@ -87,8 +87,8 @@
     modules : 0xbf000000 - 0xbfe00000   (  14 MB)
       .text : 0xc0008000 - 0xc0900000   (9184 kB)
       .init : 0xc0c00000 - 0xc0d00000   (1024 kB)
-      .data : 0xc0d00000 - 0xc0d5dcc0   ( 376 kB)
-       .bss : 0xc0d5f000 - 0xc0dbab20   ( 367 kB)
+      .data : 0xc0d00000 - 0xc0d5dc80   ( 376 kB)
+       .bss : 0xc0d5f000 - 0xc0dbaae0   ( 367 kB)
 Preemptible hierarchical RCU implementation.
 	Build-time adjustment of leaf fanout to 32.
 NR_IRQS:16 nr_irqs:16 16
@@ -221,6 +221,7 @@
 +VDDIO_SDMMC3: failed to get the current voltage(-517)
 as3722-regulator as3722-regulator: regulator 13 register failed -517
 tegra-ahci 70027000.sata: couldn't get PHY in node sata: -517
+random: fast init done
 m25p80 spi32765.0: w25q32dw (4096 Kbytes)
 libphy: Fixed MDIO Bus: probed
 CAN device driver interface
@@ -406,13 +407,13 @@
 pci 0000:00:02.0: BAR 9: assigned [mem 0x20000000-0x200fffff 64bit pref]
 pci 0000:00:02.0: BAR 7: assigned [io  0x1000-0x1fff]
 pci 0000:01:00.0: BAR 0: assigned [mem 0x13000000-0x13001fff 64bit]
- mmcblk1: p1 p2 p3
 pci 0000:00:01.0: PCI bridge to [bus 01]
 pci 0000:00:01.0:   bridge window [mem 0x13000000-0x130fffff]
 pci 0000:02:00.0: BAR 4: assigned [mem 0x20000000-0x20003fff 64bit pref]
 pci 0000:02:00.0: BAR 2: assigned [mem 0x13100000-0x13100fff 64bit]
 pci 0000:02:00.0: BAR 0: assigned [io  0x1000-0x10ff]
 pci 0000:00:02.0: PCI bridge to [bus 02]
+ mmcblk1: p1 p2 p3
 pci 0000:00:02.0:   bridge window [io  0x1000-0x1fff]
 pci 0000:00:02.0:   bridge window [mem 0x13100000-0x131fffff]
 pci 0000:00:02.0:   bridge window [mem 0x20000000-0x200fffff 64bit pref]
@@ -440,7 +441,7 @@
 cpufreq: cpufreq_online: CPU0: Running at unlisted freq: 696000 KHz
 cpufreq: cpufreq_online: CPU0: Unlisted initial frequency changed to: 714000 KHz
 input: gpio-keys as /devices/soc0/gpio-keys/input/input2
-as3722-rtc as3722-rtc: setting system clock to 2000-01-01 00:00:17 UTC (946684817)
+as3722-rtc as3722-rtc: setting system clock to 2000-01-01 00:01:59 UTC (946684919)
 +USB0_VBUS_SW: disabling
 +1.8V_RUN_CAM: disabling
 +2.8V_RUN_CAM: disabling
Diff for ./tegra124-nyan-big/tegra124-nyan-big/multi_v7_defconfig_log.txt
--- /tmp/fooa	2016-07-25 23:28:29.454150456 -0700
+++ /tmp/foob	2016-07-25 23:28:29.458150460 -0700
@@ -5,7 +5,7 @@
 TEGRA124
 Model: Acer Chromebook 13 CB5-311
 DRAM:  4 GiB
-C:   Tegra SD/MMC: 0, Tegra SD/MMC: 1, Tegra SD/MMC: 2
+:   Tegra SD/MMC: 0, Tegra SD/MMC: 1, Tegra SD/MMC: 2
 MMC init failed
 Using default environment
 
@@ -14,7 +14,7 @@
 Err:   serial
 Net:   Net Initialization Skipped
 No ethernet found.
-Hit any key to stop autoboot:  2  0 
+Hit any key to stop autoboot:  2  1  0 
 Tegra124 (Nyan-big) # 
 Tegra124 (Nyan-big) # usb start
 starting USB...
@@ -41,20 +41,20 @@
 	 #################################################################
 	 #################################################################
 	 ############################
-	 2.8 MiB/s
+	 3.6 MiB/s
 done
-Bytes transferred = 7087512 (6c2598 hex)
+Bytes transferred = 7088960 (6c2b40 hex)
 Tegra124 (Nyan-big) # tftpboot 0x83000000 tegra124-nyan-big.dtb
 Using asx0 device
 TFTP from server 192.168.100.1; our IP address is 192.168.100.102
 Filename 'tegra124-nyan-big.dtb'.
 Load address: 0x83000000
 Loading: *#####
-	 2.7 MiB/s
+	 3.2 MiB/s
 done
 Bytes transferred = 66821 (10505 hex)
 Tegra124 (Nyan-big) # bootz 0x82000000 - 0x83000000
-Kernel image @ 0x82000000 [ 0x000000 - 0x6c2598 ]
+Kernel image @ 0x82000000 [ 0x000000 - 0x6c2b40 ]
 ## Flattened Device Tree blob at 83000000
    Booting using the fdt blob at 0x83000000
    Using Device Tree in place at 83000000, end 83013504
@@ -62,7 +62,7 @@
 Starting kernel ...
 
 Booting Linux on physical CPU 0x0
-Linux version 4.7.0-next-20160725-109243-gf7d63d9 (pwalmsley@sellafield) (gcc version 4.7.3 20130328 (prerelease) (crosstool-NG linaro-1.13.1-4.7-2013.04-20130415 - Linaro GCC 2013.04) ) #1 SMP Sun Jul 24 23:33:46 PDT 2016
+Linux version 4.7.0-next-20160726-109404-g4072ebb (pwalmsley@sellafield) (gcc version 4.7.3 20130328 (prerelease) (crosstool-NG linaro-1.13.1-4.7-2013.04-20130415 - Linaro GCC 2013.04) ) #1 SMP Mon Jul 25 23:20:22 PDT 2016
 CPU: ARMv7 Processor [413fc0f3] revision 3 (ARMv7), cr=10c5387d
 CPU: div instructions available: patching division code
 CPU: PIPT / VIPT nonaliasing data cache, PIPT instruction cache
@@ -72,7 +72,7 @@
 cma: Reserved 64 MiB at 0xfb800000
 Memory policy: Data cache writealloc
 On node 0 totalpages: 524287
-free_area_init_node: node 0, pgdat c141cf40, node_mem_map eeffa000
+free_area_init_node: node 0, pgdat c141cf00, node_mem_map eeffa000
   DMA zone: 1536 pages used for memmap
   DMA zone: 0 pages reserved
   DMA zone: 196608 pages, LIFO batch:31
@@ -95,8 +95,8 @@
     modules : 0xbf000000 - 0xbfe00000   (  14 MB)
       .text : 0xc0208000 - 0xc0c00000   (10208 kB)
       .init : 0xc1100000 - 0xc1300000   (2048 kB)
-      .data : 0xc1300000 - 0xc141edc0   (1148 kB)
-       .bss : 0xc1420000 - 0xc1475c48   ( 344 kB)
+      .data : 0xc1300000 - 0xc141ed80   (1148 kB)
+       .bss : 0xc1420000 - 0xc1475c08   ( 344 kB)
 SLUB: HWalign=64, Order=0-3, MinObjects=0, CPUs=4, Nodes=1
 Hierarchical RCU implementation.
 	Build-time adjustment of leaf fanout to 32.
@@ -235,6 +235,7 @@
 as3722-ldo10: supplied by +5V_SYS
 +2.8V_RUN_CAM_AF: Bringing 0uV into 2800000-2800000uV
 +1.8V_RUN_VPP_FUSE: Bringing 0uV into 1800000-1800000uV
+random: fast init done
 m25p80 spi32765.0: w25q32dw (4096 Kbytes)
 libphy: Fixed MDIO Bus: probed
 CAN device driver interface
@@ -287,6 +288,7 @@
 mmc0: Invalid maximum block size, assuming 512 bytes
 mmc0: SDHCI controller on 700b0600.sdhci [700b0600.sdhci] using ADMA 64-bit
 ledtrig-cpu: registered to indicate activity on CPUs
+input: Elan Touchpad as /devices/soc0/7000c400.i2c/i2c-1/1-0015/input/input0
 usbcore: registered new interface driver usbhid
 usbhid: USB HID core driver
 NET: Registered protocol family 10
@@ -302,7 +304,6 @@
 Registering SWP/SWPB emulation handler
 +3.3V_RUN: supplied by +3.3V_SYS
 +3.3V_AVDD_HDMI_AP_GATED: supplied by +3.3V_RUN
-input: Elan Touchpad as /devices/soc0/7000c400.i2c/i2c-1/1-0015/input/input0
 +1.8V_RUN_CAM: supplied by +3.3V_RUN
 +VDDIO_SDMMC3: supplied by +3.3V_RUN
 +1.8V_RUN_VPP_FUSE: supplied by +3.3V_RUN
@@ -311,12 +312,6 @@
 +5V_USB_HS: supplied by +5V_SYS
 +5V_USB_SS: supplied by +5V_SYS
 +3.3V_PANEL: supplied by +3.3V_RUN
-mmc0: new high speed MMC card at address 0001
-mmcblk0: mmc0:0001 MMC16G 14.4 GiB 
-mmcblk0boot0: mmc0:0001 MMC16G partition 1 2.00 MiB
-mmcblk0boot1: mmc0:0001 MMC16G partition 2 2.00 MiB
-mmcblk0rpmb: mmc0:0001 MMC16G partition 3 128 KiB
- mmcblk0: p1 p2 p3 p4 p5 p6 p7 p8 p9 p10 p11 p12
 +3.3V_LP0: supplied by +3.3V_SYS
 +1.05V_RUN_AVDD_HDMI_PLL: supplied by +1.05V_RUN
 elan_i2c 1-0015: failed to read report data: -121
@@ -329,6 +324,12 @@
 mmc1: Unknown controller version (3). You may experience problems.
 mmc1: Invalid maximum block size, assuming 512 bytes
 mmc1: Switching to 3.3V signalling voltage failed
+mmc0: new high speed MMC card at address 0001
+mmcblk0: mmc0:0001 MMC16G 14.4 GiB 
+mmcblk0boot0: mmc0:0001 MMC16G partition 1 2.00 MiB
+mmcblk0boot1: mmc0:0001 MMC16G partition 2 2.00 MiB
+mmcblk0rpmb: mmc0:0001 MMC16G partition 3 128 KiB
+ mmcblk0: p1 p2 p3 p4 p5 p6 p7 p8 p9 p10 p11 p12
 mmc1: SDHCI controller on 700b0000.sdhci [700b0000.sdhci] using ADMA 64-bit
 sdhci-tegra 700b0400.sdhci: Got CD GPIO
 sdhci-tegra 700b0400.sdhci: Got WP GPIO
Diff for ./tegra124-nyan-big/tegra124-nyan-big/tegra_defconfig_log.txt
--- /tmp/fooa	2016-07-25 23:28:29.482150481 -0700
+++ /tmp/foob	2016-07-25 23:28:29.482150481 -0700
@@ -5,7 +5,7 @@
 TEGRA124
 Model: Acer Chromebook 13 CB5-311
 DRAM:  4 GiB
-C:   Tegra SD/MMC: 0, Tegra SD/MMC: 1, Tegra SD/MMC: 2
+:   Tegra SD/MMC: 0, Tegra SD/MMC: 1, Tegra SD/MMC: 2
 MMC init failed
 Using default environment
 
@@ -14,7 +14,7 @@
 Err:   serial
 Net:   Net Initialization Skipped
 No ethernet found.
-Hit any key to stop autoboot:  2  0 
+Hit any key to stop autoboot:  2  1  0 
 Tegra124 (Nyan-big) # 
 Tegra124 (Nyan-big) # usb start
 starting USB...
@@ -39,9 +39,9 @@
 	 #################################################################
 	 #################################################################
 	 ############################################
-	 3.6 MiB/s
+	 3.4 MiB/s
 done
-Bytes transferred = 5408728 (5287d8 hex)
+Bytes transferred = 5408824 (528838 hex)
 Tegra124 (Nyan-big) # tftpboot 0x83000000 tegra124-nyan-big.dtb
 Using asx0 device
 TFTP from server 192.168.100.1; our IP address is 192.168.100.102
@@ -52,7 +52,7 @@
 done
 Bytes transferred = 66821 (10505 hex)
 Tegra124 (Nyan-big) # bootz 0x82000000 - 0x83000000
-Kernel image @ 0x82000000 [ 0x000000 - 0x5287d8 ]
+Kernel image @ 0x82000000 [ 0x000000 - 0x528838 ]
 ## Flattened Device Tree blob at 83000000
    Booting using the fdt blob at 0x83000000
    Using Device Tree in place at 83000000, end 83013504
@@ -91,6 +91,7 @@
 +2.8V_RUN_CAM_AF: Bringing 0uV into 2800000-2800000uV
 +1.8V_RUN_VPP_FUSE: Bringing 0uV into 1800000-1800000uV
 cros-ec-spi spi32766.0: Chrome EC device registered
+random: fast init done
 m25p80 spi32765.0: w25q32dw (4096 Kbytes)
 libphy: Fixed MDIO Bus: probed
 CAN device driver interface
@@ -169,6 +170,7 @@
 Registering SWP/SWPB emulation handler
 +3.3V_RUN: supplied by +3.3V_SYS
 +3.3V_AVDD_HDMI_AP_GATED: supplied by +3.3V_RUN
+input: tegra-hda HDMI/DP,pcm=3 as /devices/soc0/70030000.hda/sound/card0/input3
 +1.8V_RUN_CAM: supplied by +3.3V_RUN
 +VDDIO_SDMMC3: supplied by +3.3V_RUN
 +1.8V_RUN_VPP_FUSE: supplied by +3.3V_RUN
@@ -176,7 +178,6 @@
 +5V_VDD_TS_SW: supplied by +5V_SYS
 +5V_USB_HS: supplied by +5V_SYS
 +5V_USB_SS: supplied by +5V_SYS
-input: tegra-hda HDMI/DP,pcm=3 as /devices/soc0/70030000.hda/sound/card0/input3
 +3.3V_PANEL: supplied by +3.3V_RUN
 +3.3V_LP0: supplied by +3.3V_SYS
 +1.05V_RUN_AVDD_HDMI_PLL: supplied by +1.05V_RUN
@@ -213,17 +214,17 @@
 usb 1-2: new high-speed USB device number 2 using tegra-xusb
 mmc2: new high speed SDHC card at address 0007
 mmcblk2: mmc2:0007 SD08G 7.42 GiB 
+Console: switching to colour frame buffer device 170x48
 GPT:Primary header alternate_lba != Alt. header my_lba
 GPT:3014591 != 15564799
 GPT:Primary header thinks Alt. header is not at the end of the disk.
 GPT:3014591 != 15564799
 GPT: Use GNU Parted to correct GPT errors.
  mmcblk2: p1 p2 p3 p4 p5 p6 p7 p8 p9 p10 p11 p12
-Console: switching to colour frame buffer device 170x48
 drm drm: fb0:  frame buffer device
 [drm] Initialized tegra 0.0.0 20120330 on minor 0
 input: gpio-keys as /devices/soc0/gpio-keys/input/input4
-as3722-rtc as3722-rtc: setting system clock to 2000-01-01 00:00:24 UTC (946684824)
+as3722-rtc as3722-rtc: setting system clock to 2000-01-01 00:00:25 UTC (946684825)
 +1.8V_RUN_CAM: disabling
 +1.2V_RUN_CAM_FRONT: disabling
 +1.05V_RUN_CAM_REAR: disabling
@@ -242,10 +243,10 @@
 VFS: Mounted root (ext4 filesystem) on device 179:3.
 devtmpfs: mounted
 Freeing unused kernel memory: 1024K (c0c00000 - c0d00000)
+usb 1-3: new high-speed USB device number 3 using tegra-xusb
 bash: cannot set terminal process group (-1): Inappropriate ioctl for device
 bash: no job control in this shell
-root@(none):/# [    5.674713] usb 1-3: new high-speed USB device number 3 using tegra-xusb
-asix 1-3:1.0 eth0: register 'asix' at usb-70090000.usb-3, ASIX AX88772 USB 2.0 Ethernet, c8:d7:19:90:fa:65
+root@(none):/# [    6.807672] asix 1-3:1.0 eth0: register 'asix' at usb-70090000.usb-3, ASIX AX88772 USB 2.0 Ethernet, c8:d7:19:90:fa:65
 usb 1-1: new high-speed USB device number 4 using tegra-xusb
 usb-storage 1-1:1.0: USB Mass Storage device detected
 scsi host0: usb-storage 1-1:1.0
Diff for ./tegra132-norrin/tegra132-norrin/defconfig_log.txt
--- /tmp/fooa	2016-07-25 23:28:29.486150483 -0700
+++ /tmp/foob	2016-07-25 23:28:29.490150487 -0700
@@ -31,7 +31,7 @@
 MSENC clock is set to  79200 KHz
 Vde clock is set to 204000 KHz
 
-Bootloader-Cpu Init at (time stamp): 1800816 us
+Bootloader-Cpu Init at (time stamp): 1800760 us
 
 Pinmux changes applied in kernel way
 
@@ -62,22 +62,22 @@
 Board Id Read Time: 3 us
 Power Rail enable Time: 1 us
 
-Miscellaneous avp time: 1800790  us
-Bootloader (AosInit) time: 734250 us
-Bootloader Main Init time: 180183 us
-BlockDevMgrInit time: 157529 us
+Miscellaneous avp time: 1800734  us
+Bootloader (AosInit) time: 734223 us
+Bootloader Main Init time: 180096 us
+BlockDevMgrInit time: 157551 us
 PartMgrInit time: 8 us
-StorMgrInit time: 31 us
+StorMgrInit time: 30 us
 FsMgrInit time: 2 us
-Partition Table load: 87200 us 
-Display init time: 484314 us
-Kernel read time: 367 msec
+Partition Table load: 76694 us 
+Display init time: 574719 us
+Kernel read time: 368 msec
 Load Kernel Size:   16001024 Bytes
-Bl Kernel ReadSpeed: 43599000 Bytes/sec
-Pre-Kernel Jump time: 1712691 us
-Clearing 32 Bit State and Warm resetting to 64bit mode: 5724634 us
+Bl Kernel ReadSpeed: 43481000 Bytes/sec
+Pre-Kernel Jump time: 1712690 us
+Clearing 32 Bit State and Warm resetting to 64bit mode: 5803608 us
 Booting Linux on physical CPU 0x0
-Linux version 4.7.0-next-20160725+ (pwalmsley@tamien) (gcc version 4.9.2 20140904 (prerelease) (crosstool-NG linaro-1.13.1-4.9-2014.09 - Linaro GCC 4.9-2014.09) ) #1 SMP PREEMPT Sun Jul 24 23:36:30 PDT 2016
+Linux version 4.7.0-next-20160726+ (pwalmsley@tamien) (gcc version 4.9.2 20140904 (prerelease) (crosstool-NG linaro-1.13.1-4.9-2014.09 - Linaro GCC 4.9-2014.09) ) #1 SMP PREEMPT Mon Jul 25 23:23:43 PDT 2016
 Boot CPU: AArch64 Processor [4e0f0000]
 Memory limited to 1734MB
 efi: Getting EFI parameters from FDT:
@@ -91,15 +91,15 @@
 PID hash table entries: 4096 (order: 3, 32768 bytes)
 Dentry cache hash table entries: 262144 (order: 9, 2097152 bytes)
 Inode-cache hash table entries: 131072 (order: 8, 1048576 bytes)
-Memory: 1707020K/1775616K available (7804K kernel code, 776K rwdata, 3680K rodata, 960K init, 268K bss, 52212K reserved, 16384K cma-reserved)
+Memory: 1707020K/1775616K available (7804K kernel code, 775K rwdata, 3684K rodata, 960K init, 268K bss, 52212K reserved, 16384K cma-reserved)
 Virtual kernel memory layout:
     modules : 0xffff000000000000 - 0xffff000008000000   (   128 MB)
     vmalloc : 0xffff000008000000 - 0xffff7dffbfff0000   (129022 GB)
       .text : 0xffff000008080000 - 0xffff000008820000   (  7808 KB)
     .rodata : 0xffff000008820000 - 0xffff000008bc0000   (  3712 KB)
       .init : 0xffff000008bc0000 - 0xffff000008cb0000   (   960 KB)
-      .data : 0xffff000008cb0000 - 0xffff000008d72000   (   776 KB)
-       .bss : 0xffff000008d72000 - 0xffff000008db50b8   (   269 KB)
+      .data : 0xffff000008cb0000 - 0xffff000008d71e00   (   776 KB)
+       .bss : 0xffff000008d71e00 - 0xffff000008db5038   (   269 KB)
     fixed   : 0xffff7dfffe7fd000 - 0xffff7dfffec00000   (  4108 KB)
     PCI I/O : 0xffff7dfffee00000 - 0xffff7dffffe00000   (    16 MB)
     vmemmap : 0xffff7e0000000000 - 0xffff800000000000   (  2048 GB maximum)
@@ -184,7 +184,7 @@
 kvm [1]: HYP mode not available
 futex hash table entries: 256 (order: 3, 32768 bytes)
 audit: initializing netlink subsys (disabled)
-audit: type=2000 audit(1.103:1): initialized
+audit: type=2000 audit(1.107:1): initialized
 workingset: timestamp_bits=46 max_order=19 bucket_order=0
 squashfs: version 4.0 (2009/01/31) Phillip Lougher
 NFS: Registering the id_resolver key type
Diff for ./tegra20-trimslice/tegra20-trimslice/multi_v7_defconfig_log.txt
--- /tmp/fooa	2016-07-25 23:28:29.510150505 -0700
+++ /tmp/foob	2016-07-25 23:28:29.510150505 -0700
@@ -47,9 +47,9 @@
 	 #################################################################
 	 #################################################################
 	 ############################
-	 910.2 KiB/s
+	 904.3 KiB/s
 done
-Bytes transferred = 7087512 (6c2598 hex)
+Bytes transferred = 7088960 (6c2b40 hex)
 Tegra20 (TrimSlice) # tftpboot 0x02408000 tegra20-trimslice.dtb
 Using RTL8169#0 device
 TFTP from server 192.168.100.1; our IP address is 192.168.100.103
@@ -60,7 +60,7 @@
 done
 Bytes transferred = 21172 (52b4 hex)
 Tegra20 (TrimSlice) # bootz 0x00408000 - 0x02408000
-Kernel image @ 0x408000 [ 0x000000 - 0x6c2598 ]
+Kernel image @ 0x408000 [ 0x000000 - 0x6c2b40 ]
 ## Flattened Device Tree blob at 02408000
    Booting using the fdt blob at 0x2408000
    Using Device Tree in place at 02408000, end 024102b3
@@ -68,7 +68,7 @@
 Starting kernel ...
 
 Booting Linux on physical CPU 0x0
-Linux version 4.7.0-next-20160725-109243-gf7d63d9 (pwalmsley@sellafield) (gcc version 4.7.3 20130328 (prerelease) (crosstool-NG linaro-1.13.1-4.7-2013.04-20130415 - Linaro GCC 2013.04) ) #1 SMP Sun Jul 24 23:33:46 PDT 2016
+Linux version 4.7.0-next-20160726-109404-g4072ebb (pwalmsley@sellafield) (gcc version 4.7.3 20130328 (prerelease) (crosstool-NG linaro-1.13.1-4.7-2013.04-20130415 - Linaro GCC 2013.04) ) #1 SMP Mon Jul 25 23:20:22 PDT 2016
 CPU: ARMv7 Processor [411fc090] revision 0 (ARMv7), cr=10c5387d
 CPU: PIPT / VIPT nonaliasing data cache, VIPT aliasing instruction cache
 OF: fdt:Machine model: Compulab TrimSlice board
@@ -76,7 +76,7 @@
 cma: Reserved 64 MiB at 0x3c000000
 Memory policy: Data cache writealloc
 On node 0 totalpages: 262144
-free_area_init_node: node 0, pgdat c141cf40, node_mem_map ef7fa000
+free_area_init_node: node 0, pgdat c141cf00, node_mem_map ef7fa000
   DMA zone: 1536 pages used for memmap
   DMA zone: 0 pages reserved
   DMA zone: 196608 pages, LIFO batch:31
@@ -99,8 +99,8 @@
     modules : 0xbf000000 - 0xbfe00000   (  14 MB)
       .text : 0xc0208000 - 0xc0c00000   (10208 kB)
       .init : 0xc1100000 - 0xc1300000   (2048 kB)
-      .data : 0xc1300000 - 0xc141edc0   (1148 kB)
-       .bss : 0xc1420000 - 0xc1475c48   ( 344 kB)
+      .data : 0xc1300000 - 0xc141ed80   (1148 kB)
+       .bss : 0xc1420000 - 0xc1475c08   ( 344 kB)
 SLUB: HWalign=64, Order=0-3, MinObjects=0, CPUs=2, Nodes=1
 Hierarchical RCU implementation.
 	Build-time adjustment of leaf fanout to 32.
@@ -322,15 +322,15 @@
 tegra-ehci c5000000.usb: new USB bus registered, assigned bus number 2
 tegra-ehci c5000000.usb: irq 288, io mem 0xc5000000
 mmc0: host does not support reading read-only switch, assuming write-enable
+usb 1-1: new high-speed USB device number 2 using tegra-ehci
 mmc0: new high speed SDHC card at address b368
 mmcblk0: mmc0:b368 NCard 3.70 GiB 
  mmcblk0: p1
-usb 1-1: new high-speed USB device number 2 using tegra-ehci
 tegra-ehci c5000000.usb: USB 2.0 started, EHCI 1.00
 hub 2-0:1.0: USB hub found
 hub 2-0:1.0: 1 port detected
 input: gpio-keys as /devices/soc0/gpio-keys/input/input0
-rtc-em3027 2-0056: setting system clock to 2015-02-02 04:59:37 UTC (1422853177)
+rtc-em3027 2-0056: setting system clock to 2015-02-02 05:05:16 UTC (1422853516)
 EXT4-fs (mmcblk0p1): mounting ext3 file system using the ext4 subsystem
 mmc1: new high speed SD card at address b368
 mmcblk1: mmc1:b368 NCard 1.83 GiB (ro)
@@ -338,8 +338,9 @@
 hub 1-1:1.0: USB hub found
 hub 1-1:1.0: 4 ports detected
 usb 1-1.2: new high-speed USB device number 3 using tegra-ehci
-asix 1-1.2:1.0 eth1: register 'asix' at usb-c5008000.usb-1.2, ASIX AX88772 USB 2.0 Ethernet, 00:60:6e:60:6c:68
 EXT4-fs (mmcblk0p1): recovery complete
+random: fast init done
+asix 1-1.2:1.0 eth1: register 'asix' at usb-c5008000.usb-1.2, ASIX AX88772 USB 2.0 Ethernet, 00:60:6e:60:6c:68
 EXT4-fs (mmcblk0p1): mounted filesystem with ordered data mode. Opts: (null)
 VFS: Mounted root (ext3 filesystem) on device 179:1.
 devtmpfs: mounted
Diff for ./tegra20-trimslice/tegra20-trimslice/tegra_defconfig_log.txt
--- /tmp/fooa	2016-07-25 23:28:29.514150509 -0700
+++ /tmp/foob	2016-07-25 23:28:29.518150513 -0700
@@ -19,7 +19,7 @@
 Out:   serial
 Err:   serial
 Net:   RTL8169#0
-Hit any key to stop autoboot:  2  1  0 
+Hit any key to stop autoboot:  2  0 
 Tegra20 (TrimSlice) # 
 Tegra20 (TrimSlice) # usb reset
 resetting USB...
@@ -45,9 +45,9 @@
 	 #################################################################
 	 #################################################################
 	 ############################################
-	 4 MiB/s
+	 4.1 MiB/s
 done
-Bytes transferred = 5408728 (5287d8 hex)
+Bytes transferred = 5408824 (528838 hex)
 Tegra20 (TrimSlice) # tftpboot 0x02408000 tegra20-trimslice.dtb
 Using RTL8169#0 device
 TFTP from server 192.168.100.1; our IP address is 192.168.100.103
@@ -58,7 +58,7 @@
 done
 Bytes transferred = 21172 (52b4 hex)
 Tegra20 (TrimSlice) # bootz 0x00408000 - 0x02408000
-Kernel image @ 0x408000 [ 0x000000 - 0x5287d8 ]
+Kernel image @ 0x408000 [ 0x000000 - 0x528838 ]
 ## Flattened Device Tree blob at 02408000
    Booting using the fdt blob at 0x2408000
    Using Device Tree in place at 02408000, end 024102b3
@@ -67,7 +67,7 @@
 
 Uncompressing Linux... done, booting the kernel.
 Booting Linux on physical CPU 0x0
-Linux version 4.7.0-next-20160725-109243-gf7d63d9 (pwalmsley@kaivo) (gcc version 4.7.3 20130328 (prerelease) (crosstool-NG linaro-1.13.1-4.7-2013.04-20130415 - Linaro GCC 2013.04) ) #1 SMP PREEMPT Sun Jul 24 23:33:47 PDT 2016
+Linux version 4.7.0-next-20160726-109404-g4072ebb (pwalmsley@kaivo) (gcc version 4.7.3 20130328 (prerelease) (crosstool-NG linaro-1.13.1-4.7-2013.04-20130415 - Linaro GCC 2013.04) ) #1 SMP PREEMPT Mon Jul 25 23:20:54 PDT 2016
 CPU: ARMv7 Processor [411fc090] revision 0 (ARMv7), cr=10c5387d
 CPU: PIPT / VIPT nonaliasing data cache, VIPT aliasing instruction cache
 OF: fdt:Machine model: Compulab TrimSlice board
@@ -76,7 +76,7 @@
 cma: Reserved 64 MiB at 0x3c000000
 Memory policy: Data cache writealloc
 On node 0 totalpages: 262144
-free_area_init_node: node 0, pgdat c0d5c240, node_mem_map ef7f9000
+free_area_init_node: node 0, pgdat c0d5c200, node_mem_map ef7f9000
   Normal zone: 1536 pages used for memmap
   Normal zone: 0 pages reserved
   Normal zone: 196608 pages, LIFO batch:31
@@ -99,8 +99,8 @@
     modules : 0xbf000000 - 0xbfe00000   (  14 MB)
       .text : 0xc0008000 - 0xc0900000   (9184 kB)
       .init : 0xc0c00000 - 0xc0d00000   (1024 kB)
-      .data : 0xc0d00000 - 0xc0d5dcc0   ( 376 kB)
-       .bss : 0xc0d5f000 - 0xc0dbab20   ( 367 kB)
+      .data : 0xc0d00000 - 0xc0d5dc80   ( 376 kB)
+       .bss : 0xc0d5f000 - 0xc0dbaae0   ( 367 kB)
 Preemptible hierarchical RCU implementation.
 	Build-time adjustment of leaf fanout to 32.
 	RCU restricting CPUs from NR_CPUS=4 to nr_cpu_ids=2.
@@ -309,10 +309,10 @@
 usb 1-1: new high-speed USB device number 2 using tegra-ehci
 mmc0: host does not support reading read-only switch, assuming write-enable
 mmc0: new high speed SDHC card at address b368
-mmcblk0: mmc0:b368 NCard 3.70 GiB 
- mmcblk0: p1
 mmc1: new high speed SD card at address b368
+mmcblk0: mmc0:b368 NCard 3.70 GiB 
 mmcblk1: mmc1:b368 NCard 1.83 GiB (ro)
+ mmcblk0: p1
  mmcblk1: p1 p2
 hub 1-1:1.0: USB hub found
 hub 1-1:1.0: 4 ports detected
@@ -322,11 +322,11 @@
 NET: Registered protocol family 17
 NET: Registered protocol family 15
 can: controller area network core (rev 20120528 abi 9)
+usb 1-1.2: new high-speed USB device number 3 using tegra-ehci
 NET: Registered protocol family 29
 can: raw protocol (rev 20120528)
 can: broadcast manager protocol (rev 20160617 t)
 can: netlink gateway (rev 20130117) max_hops=1
-usb 1-1.2: new high-speed USB device number 3 using tegra-ehci
 Bluetooth: RFCOMM socket layer initialized
 Bluetooth: RFCOMM ver 1.11
 Bluetooth: BNEP (Ethernet Emulation) ver 1.3
@@ -335,6 +335,7 @@
 Bluetooth: HIDP socket layer initialized
 Key type dns_resolver registered
 Registering SWP/SWPB emulation handler
+utmi_phy_clk_enable: timeout waiting for phy to stabilize
 tegra-ehci c5000000.usb: EHCI Host Controller
 tegra-ehci c5000000.usb: new USB bus registered, assigned bus number 2
 tegra-ehci c5000000.usb: irq 288, io mem 0xc5000000
@@ -342,11 +343,12 @@
 hub 2-0:1.0: USB hub found
 hub 2-0:1.0: 1 port detected
 input: gpio-keys as /devices/soc0/gpio-keys/input/input0
-rtc-em3027 2-0056: setting system clock to 2015-02-02 05:00:48 UTC (1422853248)
+rtc-em3027 2-0056: setting system clock to 2015-02-02 05:06:24 UTC (1422853584)
 ALSA device list:
   #0: tegra-trimslice
 asix 1-1.2:1.0 eth1: register 'asix' at usb-c5008000.usb-1.2, ASIX AX88772 USB 2.0 Ethernet, 00:60:6e:60:6c:68
 EXT4-fs (mmcblk0p1): mounting ext3 file system using the ext4 subsystem
+random: fast init done
 EXT4-fs (mmcblk0p1): recovery complete
 EXT4-fs (mmcblk0p1): mounted filesystem with ordered data mode. Opts: (null)
 VFS: Mounted root (ext3 filesystem) on device 179:1.
Diff for ./tegra210-p2371-0000/tegra210-p2371-0000/defconfig_log.txt
--- /tmp/fooa	2016-07-25 23:28:29.546150535 -0700
+++ /tmp/foob	2016-07-25 23:28:29.546150535 -0700
@@ -64,17 +64,17 @@
 Loading and Validation of Secure OS Successful
 NvTbootPackSdramParams: start. 
 NvTbootPackSdramParams: done. 
-Tegraboot started after 777613 us
-Basic modules init took 350107 us
+Tegraboot started after 720889 us
+Basic modules init took 349132 us
 Sec Bootdevice Read Time = 202 ms, Read Size = 8459 KB
-Next stage binary read took 14362 us
-Carveout took 252726 us
-CPU initialization took 92357 us
-Total time taken by TegraBoot 709552 us
+Next stage binary read took 14363 us
+Carveout took 252724 us
+CPU initialization took 92333 us
+Total time taken by TegraBoot 708552 us
 
 Starting CPU & Halting co-processor 
 
-64b[0001.617] LPDDR4 Training: Number of tables = 10
+64b[0001.561] LPDDR4 Training: Number of tables = 10
 EMC Training (SRC-freq: 204000; DST-freq: 408000)
 EMC Training Successful
 EMC Training (SRC-freq: 204000; DST-freq: 665600)
@@ -108,7 +108,7 @@
 Tegra210 (P2371-0000) # 
 Tegra210 (P2371-0000) # ums 0 mmc 0
 UMS: disk start sector: 0x0, count: 0x1d5a000
-|/-\|/-\/-\|/-\/-\|/-\/-\|/-\/-\|/-\/-\|/-\/-\|/-\/-\|/-\/-\CTRL+C - Operation aborted
+|/-\|/-\/-\|/-\/-\|/-\/-\|/-\/-\|/-\/-\|/-\/-\|/-\/-\|/-\/-\|/-\/-\|/-\/-\|/-\/-\|/-\/-CTRL+C - Operation aborted
 Tegra210 (P2371-0000) # 
 Tegra210 (P2371-0000) # env set fdt_copy_node_names /cpus:/psci
 Tegra210 (P2371-0000) # setenv rootpart 1
@@ -117,11 +117,11 @@
 Tegra210 (P2371-0000) # part uuid ${devtype} ${devnum}:${rootpart} uuid
 Tegra210 (P2371-0000) # setenv bootargs ignore_loglevel console=ttyS0,115200n8 earlycon=uart8250,mmio32,0x70006000 rw root=PARTUUID=00000000-0001-0000-788f-a75600000000 rootwait debug earlyprintk init=/bin/bash
 Tegra210 (P2371-0000) # load ${devtype} ${devnum}:${rootpart} ${kernel_addr_r} /boot/Image.defconfig
-13574144 bytes read in 765 ms (16.9 MiB/s)
+13573632 bytes read in 763 ms (17 MiB/s)
 Tegra210 (P2371-0000) # load ${devtype} ${devnum}:${rootpart} ${fdt_addr_r} /boot/tegra210-p2371-0000.dtb
 41182 bytes read in 454 ms (87.9 KiB/s)
 Tegra210 (P2371-0000) # load ${devtype} ${devnum}:${rootpart} ${ramdisk_addr_r} /boot/tegra-ramdisk.img
-1627787 bytes read in 496 ms (3.1 MiB/s)
+1627787 bytes read in 495 ms (3.1 MiB/s)
 Tegra210 (P2371-0000) # ramdisk_size=${filesize}
 Tegra210 (P2371-0000) # booti ${kernel_addr_r} - ${fdt_addr_r}
 ## Flattened Device Tree blob at 82000000
@@ -131,7 +131,7 @@
 Starting kernel ...
 
 Booting Linux on physical CPU 0x0
-Linux version 4.7.0-next-20160725+ (pwalmsley@tamien) (gcc version 4.9.2 20140904 (prerelease) (crosstool-NG linaro-1.13.1-4.9-2014.09 - Linaro GCC 4.9-2014.09) ) #1 SMP PREEMPT Sun Jul 24 23:36:30 PDT 2016
+Linux version 4.7.0-next-20160726+ (pwalmsley@tamien) (gcc version 4.9.2 20140904 (prerelease) (crosstool-NG linaro-1.13.1-4.9-2014.09 - Linaro GCC 4.9-2014.09) ) #1 SMP PREEMPT Mon Jul 25 23:23:43 PDT 2016
 Boot CPU: AArch64 Processor [411fd071]
 debug: ignoring loglevel setting.
 earlycon: uart8250 at MMIO32 0x0000000070006000 (options '')
@@ -166,15 +166,15 @@
 Dentry cache hash table entries: 524288 (order: 10, 4194304 bytes)
 Inode-cache hash table entries: 262144 (order: 9, 2097152 bytes)
 software IO TLB [mem 0xfa000000-0xfe000000] (64MB) mapped at [ffff80007a000000-ffff80007dffffff]
-Memory: 2979380K/3131392K available (7804K kernel code, 776K rwdata, 3680K rodata, 960K init, 268K bss, 135628K reserved, 16384K cma-reserved)
+Memory: 2979380K/3131392K available (7804K kernel code, 775K rwdata, 3684K rodata, 960K init, 268K bss, 135628K reserved, 16384K cma-reserved)
 Virtual kernel memory layout:
     modules : 0xffff000000000000 - 0xffff000008000000   (   128 MB)
     vmalloc : 0xffff000008000000 - 0xffff7dffbfff0000   (129022 GB)
       .text : 0xffff000008080000 - 0xffff000008820000   (  7808 KB)
     .rodata : 0xffff000008820000 - 0xffff000008bc0000   (  3712 KB)
       .init : 0xffff000008bc0000 - 0xffff000008cb0000   (   960 KB)
-      .data : 0xffff000008cb0000 - 0xffff000008d72000   (   776 KB)
-       .bss : 0xffff000008d72000 - 0xffff000008db50b8   (   269 KB)
+      .data : 0xffff000008cb0000 - 0xffff000008d71e00   (   776 KB)
+       .bss : 0xffff000008d71e00 - 0xffff000008db5038   (   269 KB)
     fixed   : 0xffff7dfffe7fd000 - 0xffff7dfffec00000   (  4108 KB)
     PCI I/O : 0xffff7dfffee00000 - 0xffff7dffffe00000   (    16 MB)
     vmemmap : 0xffff7e0000000000 - 0xffff800000000000   (  2048 GB maximum)
@@ -257,7 +257,7 @@
 RPC: Registered tcp transport module.
 RPC: Registered tcp NFSv4.1 backchannel transport module.
 PCI: CLS 0 bytes, default 128
-kvm [1]: IDMAP page: 80815000
+kvm [1]: IDMAP page: 80816000
 kvm [1]: HYP VA range: 800000000000:ffffffffffff
 kvm [1]: 8-bit VMID
 kvm [1]: Hyp mode initialized successfully
@@ -266,7 +266,7 @@
 kvm [1]: virtual timer IRQ4
 futex hash table entries: 1024 (order: 5, 131072 bytes)
 audit: initializing netlink subsys (disabled)
-audit: type=2000 audit(0.447:1): initialized
+audit: type=2000 audit(0.455:1): initialized
 workingset: timestamp_bits=46 max_order=20 bucket_order=0
 squashfs: version 4.0 (2009/01/31) Phillip Lougher
 NFS: Registering the id_resolver key type
@@ -346,5 +346,6 @@
 devtmpfs: mounted
 Freeing unused kernel memory: 960K (ffff800000bc0000 - ffff800000cb0000)
 bash: cannot set terminal process group (-1): Inappropriate ioctl for device
-bash: no job control in this shell
+bash: no job control in th[    1.337971] random: fast init done
+is shell
 root@(none):/# 
\ No newline at end of file
Diff for ./tegra210-smaug/tegra210-smaug/defconfig_log.txt
--- /tmp/fooa	2016-07-25 23:28:29.554150543 -0700
+++ /tmp/foob	2016-07-25 23:28:29.554150543 -0700
@@ -1,10 +1,4 @@
-n8')
-bootconsole [uart0] enabled
-efi: Getting EFI parameters from FDT:
-efi: UEFI not found.
-cma: Reserved 16 MiB at 0x00000000f5400000
-psci: probing for conduit method from DT.
-psci: PSCIv1.0 detected in firmware.
+n firmware.
 psci: Using standard PSCI v0.2 function IDs
 psci: MIGRATE_INFO_UP_CPU reported invalid physical ID (0x80000000)
 percpu: Embedded 21 pages/cpu @ffff8000bff40000 s48256 r8192 d29568 u86016
@@ -22,15 +16,15 @@
 Dentry cache hash table entries: 524288 (order: 10, 4194304 bytes)
 Inode-cache hash table entries: 262144 (order: 9, 2097152 bytes)
 software IO TLB [mem 0xf1400000-0xf5400000] (64MB) mapped at [ffff800071400000-ffff8000753fffff]
-Memory: 2833572K/2988032K available (7804K kernel code, 776K rwdata, 3680K rodata, 960K init, 268K bss, 138076K reserved, 16384K cma-reserved)
+Memory: 2833572K/2988032K available (7804K kernel code, 775K rwdata, 3684K rodata, 960K init, 268K bss, 138076K reserved, 16384K cma-reserved)
 Virtual kernel memory layout:
     modules : 0xffff000000000000 - 0xffff000008000000   (   128 MB)
     vmalloc : 0xffff000008000000 - 0xffff7dffbfff0000   (129022 GB)
       .text : 0xffff000008080000 - 0xffff000008820000   (  7808 KB)
     .rodata : 0xffff000008820000 - 0xffff000008bc0000   (  3712 KB)
       .init : 0xffff000008bc0000 - 0xffff000008cb0000   (   960 KB)
-      .data : 0xffff000008cb0000 - 0xffff000008d72000   (   776 KB)
-       .bss : 0xffff000008d72000 - 0xffff000008db50b8   (   269 KB)
+      .data : 0xffff000008cb0000 - 0xffff000008d71e00   (   776 KB)
+       .bss : 0xffff000008d71e00 - 0xffff000008db5038   (   269 KB)
     fixed   : 0xffff7dfffe7fd000 - 0xffff7dfffec00000   (  4108 KB)
     PCI I/O : 0xffff7dfffee00000 - 0xffff7dffffe00000   (    16 MB)
     vmemmap : 0xffff7e0000000000 - 0xffff800000000000   (  2048 GB maximum)
@@ -59,7 +53,7 @@
  (comparison mask = 0xf8000000)
 boot misc2 0x0: expected 0xf400f0da
  (comparison mask = 0xffffffff)
-boot misc3 0xfd90: expected 0x2004f400
+boot misc3 0xffe0: expected 0x2004f400
  (comparison mask = 0xffffffff)
 PLL_P already enabled. Postponing set full defaults
 PLL_X already enabled. Postponing set full defaults
@@ -72,7 +66,7 @@
 console [tty0] enabled
 bootconsole [uart0] disabled
 Booting Linux on physical CPU 0x0
-Linux version 4.7.0-next-20160725+ (pwalmsley@tamien) (gcc version 4.9.2 20140904 (prerelease) (crosstool-NG linaro-1.13.1-4.9-2014.09 - Linaro GCC 4.9-2014.09) ) #1 SMP PREEMPT Sun Jul 24 23:36:30 PDT 2016
+Linux version 4.7.0-next-20160726+ (pwalmsley@tamien) (gcc version 4.9.2 20140904 (prerelease) (crosstool-NG linaro-1.13.1-4.9-2014.09 - Linaro GCC 4.9-2014.09) ) #1 SMP PREEMPT Mon Jul 25 23:23:43 PDT 2016
 Boot CPU: AArch64 Processor [411fd071]
 earlycon: uart0 at MMIO 0x0000000070006000 (options '115200n8')
 bootconsole [uart0] enabled
@@ -98,15 +92,15 @@
 Dentry cache hash table entries: 524288 (order: 10, 4194304 bytes)
 Inode-cache hash table entries: 262144 (order: 9, 2097152 bytes)
 software IO TLB [mem 0xf1400000-0xf5400000] (64MB) mapped at [ffff800071400000-ffff8000753fffff]
-Memory: 2833572K/2988032K available (7804K kernel code, 776K rwdata, 3680K rodata, 960K init, 268K bss, 138076K reserved, 16384K cma-reserved)
+Memory: 2833572K/2988032K available (7804K kernel code, 775K rwdata, 3684K rodata, 960K init, 268K bss, 138076K reserved, 16384K cma-reserved)
 Virtual kernel memory layout:
     modules : 0xffff000000000000 - 0xffff000008000000   (   128 MB)
     vmalloc : 0xffff000008000000 - 0xffff7dffbfff0000   (129022 GB)
       .text : 0xffff000008080000 - 0xffff000008820000   (  7808 KB)
     .rodata : 0xffff000008820000 - 0xffff000008bc0000   (  3712 KB)
       .init : 0xffff000008bc0000 - 0xffff000008cb0000   (   960 KB)
-      .data : 0xffff000008cb0000 - 0xffff000008d72000   (   776 KB)
-       .bss : 0xffff000008d72000 - 0xffff000008db50b8   (   269 KB)
+      .data : 0xffff000008cb0000 - 0xffff000008d71e00   (   776 KB)
+       .bss : 0xffff000008d71e00 - 0xffff000008db5038   (   269 KB)
     fixed   : 0xffff7dfffe7fd000 - 0xffff7dfffec00000   (  4108 KB)
     PCI I/O : 0xffff7dfffee00000 - 0xffff7dffffe00000   (    16 MB)
     vmemmap : 0xffff7e0000000000 - 0xffff800000000000   (  2048 GB maximum)
@@ -135,7 +129,7 @@
  (comparison mask = 0xf8000000)
 boot misc2 0x0: expected 0xf400f0da
  (comparison mask = 0xffffffff)
-boot misc3 0xfd90: expected 0x2004f400
+boot misc3 0xffe0: expected 0x2004f400
  (comparison mask = 0xffffffff)
 PLL_P already enabled. Postponing set full defaults
 PLL_X already enabled. Postponing set full defaults
@@ -212,7 +206,7 @@
 RPC: Registered tcp NFSv4.1 backchannel transport module.
 Unpacking initramfs...
 Freeing initrd memory: 2364K (ffff800009f9a000 - ffff80000a1e9000)
-kvm [1]: IDMAP page: 80815000
+kvm [1]: IDMAP page: 80816000
 kvm [1]: HYP VA range: 800000000000:ffffffffffff
 kvm [1]: 8-bit VMID
 kvm [1]: Hyp mode initialized successfully
@@ -250,6 +244,7 @@
 PP1100_SOC_RTC: Bringing 1000000uV into 850000-850000uV
 PP2800L_FCAM: Bringing 3100000uV into 2800000-2800000uV
 PP_LDO6: Bringing 2800000uV into 1800000-1800000uV
+random: fast init done
 libphy: Fixed MDIO Bus: probed
 tun: Universal TUN/TAP device driver, 1.6
 tun: (C) 1999-2004 Max Krasnyansky <maxk@qualcomm.com>
@@ -292,10 +287,10 @@
 registered taskstats version 1
 input: gpio-keys as /devices/platform/gpio-keys/input/input0
 mmc0: new high speed MMC card at address 0001
-max77686-rtc max77620-rtc: setting system clock to 2000-05-05 12:06:55 UTC (957528415)
 mmcblk0: mmc0:0001 BGND3R 29.1 GiB 
 mmcblk0boot0: mmc0:0001 BGND3R partition 1 4.00 MiB
 mmcblk0boot1: mmc0:0001 BGND3R partition 2 4.00 MiB
+max77686-rtc max77620-rtc: setting system clock to 2000-05-06 11:54:09 UTC (957614049)
 mmcblk0rpmb: mmc0:0001 BGND3R partition 3 4.00 MiB
  mmcblk0: p1 p2 p3 p4 p5 p6 p7 p8 p9 p10 p11
 USBC_VBUS: disabling
Diff for ./tegra30-beaver/tegra30-beaver/multi_v7_defconfig_log.txt
--- /tmp/fooa	2016-07-25 23:28:29.574150560 -0700
+++ /tmp/foob	2016-07-25 23:28:29.574150560 -0700
@@ -39,20 +39,20 @@
 	 #################################################################
 	 #################################################################
 	 ############################
-	 3.2 MiB/s
+	 3.1 MiB/s
 done
-Bytes transferred = 7087512 (6c2598 hex)
+Bytes transferred = 7088960 (6c2b40 hex)
 Tegra30 (Beaver) # tftpboot 0x82000000 tegra30-beaver.dtb
 Using asx0 device
 TFTP from server 192.168.100.1; our IP address is 192.168.100.101
 Filename 'tegra30-beaver.dtb'.
 Load address: 0x82000000
 Loading: *####
-	 3.1 MiB/s
+	 2.9 MiB/s
 done
 Bytes transferred = 51572 (c974 hex)
 Tegra30 (Beaver) # bootz 0x81000000 - 0x82000000
-Kernel image @ 0x81000000 [ 0x000000 - 0x6c2598 ]
+Kernel image @ 0x81000000 [ 0x000000 - 0x6c2b40 ]
 ## Flattened Device Tree blob at 82000000
    Booting using the fdt blob at 0x82000000
    Loading Device Tree to 8fff0000, end 8ffff973 ... OK
@@ -60,7 +60,7 @@
 Starting kernel ...
 
 Booting Linux on physical CPU 0x0
-Linux version 4.7.0-next-20160725-109243-gf7d63d9 (pwalmsley@sellafield) (gcc version 4.7.3 20130328 (prerelease) (crosstool-NG linaro-1.13.1-4.7-2013.04-20130415 - Linaro GCC 2013.04) ) #1 SMP Sun Jul 24 23:33:46 PDT 2016
+Linux version 4.7.0-next-20160726-109404-g4072ebb (pwalmsley@sellafield) (gcc version 4.7.3 20130328 (prerelease) (crosstool-NG linaro-1.13.1-4.7-2013.04-20130415 - Linaro GCC 2013.04) ) #1 SMP Mon Jul 25 23:20:22 PDT 2016
 CPU: ARMv7 Processor [412fc099] revision 9 (ARMv7), cr=10c5387d
 CPU: PIPT / VIPT nonaliasing data cache, VIPT aliasing instruction cache
 OF: fdt:Machine model: NVIDIA Tegra30 Beaver evaluation board
@@ -68,7 +68,7 @@
 cma: Reserved 64 MiB at 0xfb800000
 Memory policy: Data cache writealloc
 On node 0 totalpages: 524032
-free_area_init_node: node 0, pgdat c141cf40, node_mem_map eeffa000
+free_area_init_node: node 0, pgdat c141cf00, node_mem_map eeffa000
   DMA zone: 1536 pages used for memmap
   DMA zone: 0 pages reserved
   DMA zone: 196608 pages, LIFO batch:31
@@ -91,8 +91,8 @@
     modules : 0xbf000000 - 0xbfe00000   (  14 MB)
       .text : 0xc0208000 - 0xc0c00000   (10208 kB)
       .init : 0xc1100000 - 0xc1300000   (2048 kB)
-      .data : 0xc1300000 - 0xc141edc0   (1148 kB)
-       .bss : 0xc1420000 - 0xc1475c48   ( 344 kB)
+      .data : 0xc1300000 - 0xc141ed80   (1148 kB)
+       .bss : 0xc1420000 - 0xc1475c08   ( 344 kB)
 SLUB: HWalign=64, Order=0-3, MinObjects=0, CPUs=4, Nodes=1
 Hierarchical RCU implementation.
 	Build-time adjustment of leaf fanout to 32.
@@ -265,6 +265,7 @@
 mousedev: PS/2 mouse device common for all mice
 tegra_rtc 7000e000.rtc: rtc core: registered 7000e000.rtc as rtc1
 tegra_rtc 7000e000.rtc: Tegra internal Real Time Clock
+random: fast init done
 tps65910-rtc tps65910-rtc: rtc core: registered tps65910-rtc as rtc0
 i2c /dev entries driver
 sdhci: Secure Digital Host Controller Interface driver
@@ -292,23 +293,23 @@
 ThumbEE CPU extension supported.
 Registering SWP/SWPB emulation handler
 vdd_ddr: supplied by vdd_5v_in
-vdd_5v_sata: supplied by vdd_5v_in
-usb1_vbus: supplied by vdd_5v_in
-usb3_vbus: supplied by vdd_5v_in
-sys_3v3,vdd_3v3_alw: supplied by vdd_5v_in
-+VDD_5V_HDMI: supplied by sys_3v3,vdd_3v3_alw
-sys_3v3_pexs: supplied by sys_3v3,vdd_3v3_alw
-tegra-pcie 3000.pcie-controller: 2x3 configuration
 mmc1: new high speed MMC card at address 0001
-mmc0: new ultra high speed DDR50 SDHC card at address aaaa
 mmcblk1: mmc1:0001 SEM16G 14.8 GiB 
-mmcblk0: mmc0:aaaa SS04G 3.69 GiB 
 mmcblk1boot0: mmc1:0001 SEM16G partition 1 1.00 MiB
 mmcblk1boot1: mmc1:0001 SEM16G partition 2 1.00 MiB
 mmcblk1rpmb: mmc1:0001 SEM16G partition 3 128 KiB
 Primary GPT is invalid, using alternate GPT.
  mmcblk1: p1 p2 p3 p4 p5
+vdd_5v_sata: supplied by vdd_5v_in
+mmc0: new ultra high speed DDR50 SDHC card at address aaaa
+mmcblk0: mmc0:aaaa SS04G 3.69 GiB 
+usb1_vbus: supplied by vdd_5v_in
+usb3_vbus: supplied by vdd_5v_in
  mmcblk0: p1 p2 p3
+sys_3v3,vdd_3v3_alw: supplied by vdd_5v_in
++VDD_5V_HDMI: supplied by sys_3v3,vdd_3v3_alw
+sys_3v3_pexs: supplied by sys_3v3,vdd_3v3_alw
+tegra-pcie 3000.pcie-controller: 2x3 configuration
 tegra-pcie 3000.pcie-controller: probing port 0, using 2 lanes
 tegra-pcie 3000.pcie-controller: probing port 2, using 2 lanes
 tegra-pcie 3000.pcie-controller: link 2 down, retrying
@@ -347,7 +348,7 @@
 pcie_pme 0000:00:01.0:pcie001: service driver pcie_pme loaded
 r8169 Gigabit Ethernet driver 2.3LK-NAPI loaded
 r8169 0000:01:00.0: enabling device (0140 -> 0143)
-r8169 0000:01:00.0 eth0: RTL8168evl/8111evl at 0xf097e000, 02:04:4b:01:60:a6, XID 0c900800 IRQ 375
+r8169 0000:01:00.0 eth0: RTL8168evl/8111evl at 0xf09fa000, 02:04:4b:01:60:a6, XID 0c900800 IRQ 375
 r8169 0000:01:00.0 eth0: jumbo features [frames: 9200 bytes, tx checksumming: ko]
 [drm] Supports vblank timestamp caching Rev 2 (21.10.2013).
 [drm] No driver support for vblank timestamp query.
@@ -381,4 +382,4 @@
 Freeing unused kernel memory: 2048K (c1100000 - c1300000)
 bash: cannot set terminal process group (-1): Inappropriate ioctl for device
 bash: no job control in this shell
-root@(none):/# [    3.924400] usb 2-1: new high-speed USB device number 2 using tegra-ehci
+root@(none):/# [    3.918637] usb 2-1: new high-speed USB device number 2 using tegra-ehci
Diff for ./tegra30-beaver/tegra30-beaver/tegra_defconfig_log.txt
--- /tmp/fooa	2016-07-25 23:28:29.582150566 -0700
+++ /tmp/foob	2016-07-25 23:28:29.582150566 -0700
@@ -37,9 +37,9 @@
 	 #################################################################
 	 #################################################################
 	 ############################################
-	 3.2 MiB/s
+	 3.1 MiB/s
 done
-Bytes transferred = 5408728 (5287d8 hex)
+Bytes transferred = 5408824 (528838 hex)
 Tegra30 (Beaver) # tftpboot 0x82000000 tegra30-beaver.dtb
 Using asx0 device
 TFTP from server 192.168.100.1; our IP address is 192.168.100.101
@@ -50,7 +50,7 @@
 done
 Bytes transferred = 51572 (c974 hex)
 Tegra30 (Beaver) # bootz 0x81000000 - 0x82000000
-Kernel image @ 0x81000000 [ 0x000000 - 0x5287d8 ]
+Kernel image @ 0x81000000 [ 0x000000 - 0x528838 ]
 ## Flattened Device Tree blob at 82000000
    Booting using the fdt blob at 0x82000000
    Loading Device Tree to 8fff0000, end 8ffff973 ... OK
@@ -59,7 +59,7 @@
 
 Uncompressing Linux... done, booting the kernel.
 Booting Linux on physical CPU 0x0
-Linux version 4.7.0-next-20160725-109243-gf7d63d9 (pwalmsley@kaivo) (gcc version 4.7.3 20130328 (prerelease) (crosstool-NG linaro-1.13.1-4.7-2013.04-20130415 - Linaro GCC 2013.04) ) #1 SMP PREEMPT Sun Jul 24 23:33:47 PDT 2016
+Linux version 4.7.0-next-20160726-109404-g4072ebb (pwalmsley@kaivo) (gcc version 4.7.3 20130328 (prerelease) (crosstool-NG linaro-1.13.1-4.7-2013.04-20130415 - Linaro GCC 2013.04) ) #1 SMP PREEMPT Mon Jul 25 23:20:54 PDT 2016
 CPU: ARMv7 Processor [412fc099] revision 9 (ARMv7), cr=10c5387d
 CPU: PIPT / VIPT nonaliasing data cache, VIPT aliasing instruction cache
 OF: fdt:Machine model: NVIDIA Tegra30 Beaver evaluation board
@@ -68,7 +68,7 @@
 cma: Reserved 64 MiB at 0xfbc00000
 Memory policy: Data cache writealloc
 On node 0 totalpages: 524032
-free_area_init_node: node 0, pgdat c0d5c240, node_mem_map eeff9000
+free_area_init_node: node 0, pgdat c0d5c200, node_mem_map eeff9000
   Normal zone: 1536 pages used for memmap
   Normal zone: 0 pages reserved
   Normal zone: 196608 pages, LIFO batch:31
@@ -91,8 +91,8 @@
     modules : 0xbf000000 - 0xbfe00000   (  14 MB)
       .text : 0xc0008000 - 0xc0900000   (9184 kB)
       .init : 0xc0c00000 - 0xc0d00000   (1024 kB)
-      .data : 0xc0d00000 - 0xc0d5dcc0   ( 376 kB)
-       .bss : 0xc0d5f000 - 0xc0dbab20   ( 367 kB)
+      .data : 0xc0d00000 - 0xc0d5dc80   ( 376 kB)
+       .bss : 0xc0d5f000 - 0xc0dbaae0   ( 367 kB)
 Preemptible hierarchical RCU implementation.
 	Build-time adjustment of leaf fanout to 32.
 NR_IRQS:16 nr_irqs:16 16
@@ -252,6 +252,7 @@
 mousedev: PS/2 mouse device common for all mice
 tegra_rtc 7000e000.rtc: rtc core: registered 7000e000.rtc as rtc1
 tegra_rtc 7000e000.rtc: Tegra internal Real Time Clock
+random: fast init done
 tps65910-rtc tps65910-rtc: rtc core: registered tps65910-rtc as rtc0
 i2c /dev entries driver
 usbcore: registered new interface driver uvcvideo
@@ -273,11 +274,11 @@
 mmcblk1: mmc1:0001 SEM16G 14.8 GiB 
 mmcblk1boot0: mmc1:0001 SEM16G partition 1 1.00 MiB
 mmcblk1boot1: mmc1:0001 SEM16G partition 2 1.00 MiB
-mmc0: new ultra high speed DDR50 SDHC card at address aaaa
 mmcblk1rpmb: mmc1:0001 SEM16G partition 3 128 KiB
-mmcblk0: mmc0:aaaa SS04G 3.69 GiB 
 Primary GPT is invalid, using alternate GPT.
  mmcblk1: p1 p2 p3 p4 p5
+mmc0: new ultra high speed DDR50 SDHC card at address aaaa
+mmcblk0: mmc0:aaaa SS04G 3.69 GiB 
  mmcblk0: p1 p2 p3
 tegra30-i2s 70080400.i2s: DMA channels sourced from device 70080000.ahub
 tegra-snd-rt5640 sound: rt5640-aif1 <-> 70080400.i2s mapping ok
@@ -382,4 +383,5 @@
 Freeing unused kernel memory: 1024K (c0c00000 - c0d00000)
 bash: cannot set terminal process group (-1): Inappropriate ioctl for device
 bash: no job control in this shell
-root@(none):/# [    7.741044] usb 2-1: new high-speed USB device number 2 using tegra-ehci
+usb 2-1: new high-speed USB device number 2 using tegra-ehci
+root@(none):/# 
\ No newline at end of file
