
U-Boot SPL 2014.01-00219-gc4d376f (Feb 18 2014 - 19:57:18)


U-Boot 2014.01-00219-gc4d376f (Feb 18 2014 - 19:57:18)

TEGRA30
Board: NVIDIA Beaver
I2C:   ready
DRAM:  2 GiB
MMC:   Tegra SD/MMC: 0, Tegra SD/MMC: 1
In:    serial
Out:   serial
Err:   serial
Net:   Net Initialization Skipped
No ethernet found.
Hit any key to stop autoboot:  2  0 
Tegra30 (Beaver) # 
Tegra30 (Beaver) # usb reset
(Re)start USB...
USB0:   USB EHCI 1.00
scanning bus 0 for devices... 2 USB Device(s) found
       scanning usb for storage devices... 0 Storage Device(s) found
       scanning usb for ethernet devices... 
Warning: asx0 using MAC address from net device
1 Ethernet Device(s) found
Tegra30 (Beaver) # setenv bootargs 'ignore_loglevel console=ttyS0,115200n8 rw root=PARTUUID=edbe1840-3633-c751-7993-b0ac834f81e0 rootwait gpt debug noinitrd earlyprintk init=/bin/bash'
Tegra30 (Beaver) # setenv ipaddr 192.168.100.101; setenv serverip 192.168.100.1; setenv tftpserverip 192.168.100.1
Tegra30 (Beaver) # tftpboot 0x81000000 zImage.multi_v7_defconfig
Using asx0 device
TFTP from server 192.168.100.1; our IP address is 192.168.100.101
Filename 'zImage.multi_v7_defconfig'.
Load address: 0x81000000
Loading: *#################################################################
	 #################################################################
	 #################################################################
	 #################################################################
	 #################################################################
	 #################################################################
	 #################################################################
	 ###########################################
	 3.1 MiB/s
done
Bytes transferred = 7307552 (6f8120 hex)
Tegra30 (Beaver) # tftpboot 0x82000000 tegra30-beaver.dtb
Using asx0 device
TFTP from server 192.168.100.1; our IP address is 192.168.100.101
Filename 'tegra30-beaver.dtb'.
Load address: 0x82000000
Loading: *####
	 2.7 MiB/s
done
Bytes transferred = 51804 (ca5c hex)
Tegra30 (Beaver) # bootz 0x81000000 - 0x82000000
Kernel image @ 0x81000000 [ 0x000000 - 0x6f8120 ]
## Flattened Device Tree blob at 82000000
   Booting using the fdt blob at 0x82000000
   Loading Device Tree to 8fff0000, end 8ffffa5b ... OK

Starting kernel ...

[    0.000000] Booting Linux on physical CPU 0x0
[    0.000000] Linux version 4.9.0-rc4-next-20161109-132978-g6b9ac96 (pwalmsley@sellafield) (gcc version 4.7.3 20130328 (prerelease) (crosstool-NG linaro-1.13.1-4.7-2013.04-20130415 - Linaro GCC 2013.04) ) #1 SMP Tue Nov 8 20:49:01 PST 2016
[    0.000000] CPU: ARMv7 Processor [412fc099] revision 9 (ARMv7), cr=10c5387d
[    0.000000] CPU: PIPT / VIPT nonaliasing data cache, VIPT aliasing instruction cache
[    0.000000] OF: fdt:Machine model: NVIDIA Tegra30 Beaver evaluation board
[    0.000000] debug: ignoring loglevel setting.
[    0.000000] efi: Getting EFI parameters from FDT:
[    0.000000] efi: UEFI not found.
[    0.000000] cma: Reserved 64 MiB at 0xfb800000
[    0.000000] Memory policy: Data cache writealloc
[    0.000000] On node 0 totalpages: 524032
[    0.000000] free_area_init_node: node 0, pgdat c14294c0, node_mem_map eeff8000
[    0.000000]   DMA zone: 1536 pages used for memmap
[    0.000000]   DMA zone: 0 pages reserved
[    0.000000]   DMA zone: 196608 pages, LIFO batch:31
[    0.000000]   HighMem zone: 327424 pages, LIFO batch:31
[    0.000000] percpu: Embedded 14 pages/cpu @eef94000 s26688 r8192 d22464 u57344
[    0.000000] pcpu-alloc: s26688 r8192 d22464 u57344 alloc=14*4096
[    0.000000] pcpu-alloc: [0] 0 [0] 1 [0] 2 [0] 3 
[    0.000000] Built 1 zonelists in Zone order, mobility grouping on.  Total pages: 522496
[    0.000000] Kernel command line: ignore_loglevel console=ttyS0,115200n8 rw root=PARTUUID=edbe1840-3633-c751-7993-b0ac834f81e0 rootwait gpt debug noinitrd earlyprintk init=/bin/bash
[    0.000000] PID hash table entries: 4096 (order: 2, 16384 bytes)
[    0.000000] Dentry cache hash table entries: 131072 (order: 7, 524288 bytes)
[    0.000000] Inode-cache hash table entries: 65536 (order: 6, 262144 bytes)
[    0.000000] Memory: 1995004K/2096128K available (9216K kernel code, 1195K rwdata, 4084K rodata, 2048K init, 343K bss, 35588K reserved, 65536K cma-reserved, 1244160K highmem)
[    0.000000] Virtual kernel memory layout:
[    0.000000]     vector  : 0xffff0000 - 0xffff1000   (   4 kB)
[    0.000000]     fixmap  : 0xffc00000 - 0xfff00000   (3072 kB)
[    0.000000]     vmalloc : 0xf0800000 - 0xff800000   ( 240 MB)
[    0.000000]     lowmem  : 0xc0000000 - 0xf0000000   ( 768 MB)
[    0.000000]     pkmap   : 0xbfe00000 - 0xc0000000   (   2 MB)
[    0.000000]     modules : 0xbf000000 - 0xbfe00000   (  14 MB)
[    0.000000]       .text : 0xc0208000 - 0xc0c00000   (10208 kB)
[    0.000000]       .init : 0xc1100000 - 0xc1300000   (2048 kB)
[    0.000000]       .data : 0xc1300000 - 0xc142afa0   (1196 kB)
[    0.000000]        .bss : 0xc142c000 - 0xc1481f08   ( 344 kB)
[    0.000000] SLUB: HWalign=64, Order=0-3, MinObjects=0, CPUs=4, Nodes=1
[    0.000000] Hierarchical RCU implementation.
[    0.000000] 	Build-time adjustment of leaf fanout to 32.
[    0.000000] 	RCU restricting CPUs from NR_CPUS=16 to nr_cpu_ids=4.
[    0.000000] RCU: Adjusting geometry for rcu_fanout_leaf=32, nr_cpu_ids=4
[    0.000000] NR_IRQS:16 nr_irqs:16 16
[    0.000000] /interrupt-controller@60004000: 160 interrupts forwarded to /interrupt-controller@50041000
[    0.000000] L2C: platform modifies aux control register: 0x02080000 -> 0x3e480001
[    0.000000] L2C: DT/platform modifies aux control register: 0x02080000 -> 0x3e480001
[    0.000000] L2C-310 erratum 769419 enabled
[    0.000000] L2C-310 enabling early BRESP for Cortex-A9
[    0.000000] L2C-310: enabling full line of zeros but not enabled in Cortex-A9
[    0.000000] L2C-310 dynamic clock gating enabled, standby mode enabled
[    0.000000] L2C-310 cache controller enabled, 8 ways, 1024 kB
[    0.000000] L2C-310: CACHE_ID 0x410000c7, AUX_CTRL 0x4e480001
[    0.000014] sched_clock: 32 bits at 1000kHz, resolution 1000ns, wraps every 2147483647500ns
[    0.000031] clocksource: timer_us: mask: 0xffffffff max_cycles: 0xffffffff, max_idle_ns: 1911260446275 ns
[    0.000040] Switching to timer-based delay loop, resolution 1000ns
[    0.002865] Console: colour dummy device 80x30
[    0.002892] Calibrating delay loop (skipped), value calculated using timer frequency.. 2.00 BogoMIPS (lpj=5000)
[    0.002901] pid_max: default: 32768 minimum: 301
[    0.002977] Mount-cache hash table entries: 2048 (order: 1, 8192 bytes)
[    0.002983] Mountpoint-cache hash table entries: 2048 (order: 1, 8192 bytes)
[    0.003409] CPU: Testing write buffer coherency: ok
[    0.003696] CPU0: thread -1, cpu 0, socket 0, mpidr 80000000
[    0.003873] Setting up static identity map for 0x80300000 - 0x80300098
[    0.006220] Tegra Revision: A03 SKU: 128 CPU Process: 4 SoC Process: 0
[    0.006718] EFI services will not be available.
[    0.006876] smp: Bringing up secondary CPUs ...
[    0.010348] CPU1: thread -1, cpu 1, socket 0, mpidr 80000001
[    0.015325] CPU2: thread -1, cpu 2, socket 0, mpidr 80000002
[    0.020327] CPU3: thread -1, cpu 3, socket 0, mpidr 80000003
[    0.020374] smp: Brought up 1 node, 4 CPUs
[    0.020386] SMP: Total of 4 processors activated (8.00 BogoMIPS).
[    0.020390] CPU: All CPU(s) started in SVC mode.
[    0.021085] devtmpfs: initialized
[    0.029926] VFP support v0.3: implementor 41 architecture 3 part 30 variant 9 rev 4
[    0.030346] clocksource: jiffies: mask: 0xffffffff max_cycles: 0xffffffff, max_idle_ns: 9556302231375000 ns
[    0.033634] pinctrl core: initialized pinctrl subsystem
[    0.035163] NET: Registered protocol family 16
[    0.037218] DMA: preallocated 256 KiB pool for atomic coherent allocations
[    0.038747] cpuidle: using governor menu
[    0.052638] No ATAGs?
[    0.052665] hw-breakpoint: found 5 (+1 reserved) breakpoint and 1 watchpoint registers.
[    0.052672] hw-breakpoint: maximum watchpoint size is 4 bytes.
[    0.056609] Serial: AMBA PL011 UART driver
[    0.057053] tegra-mc 7000f000.memory-controller: no memory timings for RAM code 3 registered
[    0.065770] vdd_5v_sata: Failed to request enable GPIO30: -517
[    0.065785] reg-fixed-voltage regulators:regulator@3: Failed to register regulator: -517
[    0.065828] usb1_vbus: Failed to request enable GPIO238: -517
[    0.065835] reg-fixed-voltage regulators:regulator@4: Failed to register regulator: -517
[    0.065880] usb3_vbus: Failed to request enable GPIO236: -517
[    0.065887] reg-fixed-voltage regulators:regulator@5: Failed to register regulator: -517
[    0.065975] sys_3v3_pexs: Failed to request enable GPIO95: -517
[    0.065982] reg-fixed-voltage regulators:regulator@7: Failed to register regulator: -517
[    0.067868] vgaarb: loaded
[    0.068349] SCSI subsystem initialized
[    0.068489] libata version 3.00 loaded.
[    0.068647] usbcore: registered new interface driver usbfs
[    0.068681] usbcore: registered new interface driver hub
[    0.068714] usbcore: registered new device driver usb
[    0.075841] vrtc: supplied by vdd_5v_in
[    0.079125] vio: supplied by vdd_5v_in
[    0.081809] vdd1: supplied by vdd_5v_in
[    0.083163] vddio_ddr_1v2: Bringing 600000uV into 1200000-1200000uV
[    0.086828] vdd2: supplied by vdd_5v_in
[    0.096812] ldo1: supplied by vdd_1v5_gen
[    0.099188] ldo2: supplied by vdd_1v5_gen
[    0.099657] vdd_sata,avdd_plle: Bringing 1200000uV into 1050000-1050000uV
[    0.101904] ldo3: supplied by vdd_5v_in
[    0.104264] ldo4: supplied by vdd_5v_in
[    0.106806] ldo5: supplied by vdd_5v_in
[    0.111809] ldo6: supplied by vdd_1v8_gen
[    0.112278] avdd_dsi_csi,pwrdet_mipi: Bringing 1000000uV into 1200000-1200000uV
[    0.114516] ldo7: supplied by vdd_1v8_gen
[    0.121809] ldo8: supplied by vdd_1v8_gen
[    0.126863] pps_core: LinuxPPS API ver. 1 registered
[    0.126869] pps_core: Software ver. 5.3.6 - Copyright 2005-2007 Rodolfo Giometti <giometti@linux.it>
[    0.126885] PTP clock support registered
[    0.127016] EDAC MC: Ver: 3.0.0
[    0.128511] clocksource: Switched to clocksource timer_us
[    0.134213] NET: Registered protocol family 2
[    0.134611] TCP established hash table entries: 8192 (order: 3, 32768 bytes)
[    0.134667] TCP bind hash table entries: 8192 (order: 4, 65536 bytes)
[    0.134750] TCP: Hash tables configured (established 8192 bind 8192)
[    0.134837] UDP hash table entries: 512 (order: 2, 16384 bytes)
[    0.134897] UDP-Lite hash table entries: 512 (order: 2, 16384 bytes)
[    0.135063] NET: Registered protocol family 1
[    0.135320] RPC: Registered named UNIX socket transport module.
[    0.135326] RPC: Registered udp transport module.
[    0.135330] RPC: Registered tcp transport module.
[    0.135334] RPC: Registered tcp NFSv4.1 backchannel transport module.
[    0.135344] PCI: CLS 0 bytes, default 64
[    0.136164] hw perfevents: enabled with armv7_cortex_a9 PMU driver, 7 counters available
[    0.137032] futex hash table entries: 1024 (order: 4, 65536 bytes)
[    0.137493] workingset: timestamp_bits=30 max_order=19 bucket_order=0
[    0.142646] squashfs: version 4.0 (2009/01/31) Phillip Lougher
[    0.143121] NFS: Registering the id_resolver key type
[    0.143147] Key type id_resolver registered
[    0.143151] Key type id_legacy registered
[    0.143180] ntfs: driver 2.1.32 [Flags: R/O].
[    0.144198] bounce: pool size: 64 pages
[    0.144325] Block layer SCSI generic (bsg) driver version 0.4 loaded (major 248)
[    0.144333] io scheduler noop registered
[    0.144337] io scheduler deadline registered
[    0.144425] io scheduler cfq registered (default)
[    0.146484] libphy: mdio_driver_register: phy-bcm-ns2-pci
[    0.150036] tegra30-pinctrl 70000868.pinmux: invalid group "sdmmc3_dat6_pd3" for function "rsvd1"
[    0.150050] tegra30-pinctrl 70000868.pinmux: invalid group "sdmmc3_dat7_pd4" for function "rsvd1"
[    0.150064] tegra30-pinctrl 70000868.pinmux: invalid group "vi_vsync_pd6" for function "rsvd1"
[    0.150073] tegra30-pinctrl 70000868.pinmux: invalid group "vi_hsync_pd7" for function "rsvd1"
[    0.150543] tegra30-pinctrl 70000868.pinmux: invalid group "hdmi_int_pn7" for function "rsvd1"
[    0.150596] tegra30-pinctrl 70000868.pinmux: invalid group "ulpi_data3_po4" for function "rsvd1"
[    0.150942] tegra30-pinctrl 70000868.pinmux: invalid group "vi_d10_pt2" for function "rsvd1"
[    0.150954] tegra30-pinctrl 70000868.pinmux: invalid group "vi_d11_pt3" for function "rsvd1"
[    0.150966] tegra30-pinctrl 70000868.pinmux: invalid group "vi_d0_pt4" for function "rsvd1"
[    0.151009] tegra30-pinctrl 70000868.pinmux: invalid group "pu0" for function "rsvd1"
[    0.151040] tegra30-pinctrl 70000868.pinmux: invalid group "pu3" for function "rsvd1"
[    0.151070] tegra30-pinctrl 70000868.pinmux: invalid group "pu6" for function "rsvd1"
[    0.151112] tegra30-pinctrl 70000868.pinmux: invalid group "pv3" for function "rsvd1"
[    0.151627] tegra30-pinctrl 70000868.pinmux: invalid group "pbb0" for function "rsvd1"
[    0.151753] tegra30-pinctrl 70000868.pinmux: invalid group "pcc1" for function "rsvd1"
[    0.156857] tegra-pcie 3000.pcie-controller: 2x3 configuration
[    0.157010] tegra-pcie 3000.pcie-controller: Failed to get supply 'hvdd-pex': -517
[    0.162417] tegra-apbdma 6000a000.dma: Tegra20 APB DMA driver register 32 channels
[    0.163459] tegra-pmc 7000e400.pmc: i2c-thermtrip node not found, emergency thermal reset disabled.
[    0.195574] Serial: 8250/16550 driver, 4 ports, IRQ sharing disabled
[    0.197633] console [ttyS0] disabled
[    0.197670] 70006000.serial: ttyS0 at MMIO 0x70006000 (irq = 331, base_baud = 25500000) is a Tegra
[    0.273519] ------------[ cut here ]------------
[    0.273550] WARNING: CPU: 2 PID: 0 at kernel/rcu/tree.c:379 rcu_note_context_switch+0x24/0x2c
[    0.273556] Modules linked in:
[    0.273564] CPU: 2 PID: 0 Comm: swapper/2 Not tainted 4.9.0-rc4-next-20161109-132978-g6b9ac96 #1
[    0.273566] Hardware name: NVIDIA Tegra SoC (Flattened Device Tree)
[    0.273611] [<c030fab8>] (unwind_backtrace) from [<c030b104>] (show_stack+0x10/0x14)
[    0.273632] [<c030b104>] (show_stack) from [<c0591610>] (dump_stack+0x84/0xa4)
[    0.273652] [<c0591610>] (dump_stack) from [<c0342be0>] (__warn+0xd4/0x100)
[    0.273660] [<c0342be0>] (__warn) from [<c0342c2c>] (warn_slowpath_null+0x20/0x28)
[    0.273666] [<c0342c2c>] (warn_slowpath_null) from [<c0393afc>] (rcu_note_context_switch+0x24/0x2c)
[    0.273687] [<c0393afc>] (rcu_note_context_switch) from [<c0bbc6f4>] (__schedule+0x64/0x500)
[    0.273695] [<c0bbc6f4>] (__schedule) from [<c0bbccb4>] (schedule+0x38/0x9c)
[    0.273703] [<c0bbccb4>] (schedule) from [<c0bbcf28>] (schedule_preempt_disabled+0xc/0x10)
[    0.273717] [<c0bbcf28>] (schedule_preempt_disabled) from [<c037ad94>] (cpu_startup_entry+0x180/0x1f4)
[    0.273727] [<c037ad94>] (cpu_startup_entry) from [<80301c2c>] (0x80301c2c)
[    0.273737] ---[ end trace 9780c2bb09e56dc5 ]---
[    1.318423] console [ttyS0] enabled
[    1.322430] SuperH (H)SCI(F) driver initialized
[    1.327545] msm_serial: driver initialized
[    1.331749] STMicroelectronics ASC driver initialized
[    1.338932] [drm] Initialized
[    1.343807] tegra-hdmi 54280000.hdmi: failed to get HDMI regulator
[    1.358101] brd: module loaded
[    1.365023] loop: module loaded
[    1.373199] m25p80 spi32766.1: w25q32 (4096 Kbytes)
[    1.379873] libphy: Fixed MDIO Bus: probed
[    1.384586] CAN device driver interface
[    1.389611] e1000e: Intel(R) PRO/1000 Network Driver - 3.2.6-k
[    1.395437] e1000e: Copyright(c) 1999 - 2015 Intel Corporation.
[    1.401387] igb: Intel(R) Gigabit Ethernet Network Driver - version 5.4.0-k
[    1.408337] igb: Copyright (c) 2007-2014 Intel Corporation.
[    1.415765] pegasus: v0.9.3 (2013/04/25), Pegasus/Pegasus II USB Ethernet driver
[    1.423209] usbcore: registered new interface driver pegasus
[    1.428893] usbcore: registered new interface driver asix
[    1.434307] usbcore: registered new interface driver ax88179_178a
[    1.440414] usbcore: registered new interface driver cdc_ether
[    1.446269] usbcore: registered new interface driver smsc75xx
[    1.452045] usbcore: registered new interface driver smsc95xx
[    1.457805] usbcore: registered new interface driver net1080
[    1.463479] usbcore: registered new interface driver cdc_subset
[    1.469412] usbcore: registered new interface driver zaurus
[    1.475011] usbcore: registered new interface driver cdc_ncm
[    1.482044] ehci_hcd: USB 2.0 'Enhanced' Host Controller (EHCI) Driver
[    1.488570] ehci-pci: EHCI PCI platform driver
[    1.493027] ehci-platform: EHCI generic platform driver
[    1.498367] ehci-orion: EHCI orion driver
[    1.502449] SPEAr-ehci: EHCI SPEAr driver
[    1.506536] ehci-st: EHCI STMicroelectronics driver
[    1.511485] ehci-exynos: EHCI EXYNOS driver
[    1.515751] ehci-atmel: EHCI Atmel driver
[    1.519831] tegra-ehci: Tegra EHCI driver
[    1.524126] ohci_hcd: USB 1.1 'Open' Host Controller (OHCI) Driver
[    1.530312] ohci-pci: OHCI PCI platform driver
[    1.534780] ohci-platform: OHCI generic platform driver
[    1.540102] ohci-omap3: OHCI OMAP3 driver
[    1.544184] SPEAr-ohci: OHCI SPEAr driver
[    1.548255] ohci-st: OHCI STMicroelectronics driver
[    1.553202] ohci-atmel: OHCI Atmel driver
[    1.557637] usbcore: registered new interface driver usb-storage
[    1.564589] mousedev: PS/2 mouse device common for all mice
[    1.571862] tegra_rtc 7000e000.rtc: rtc core: registered 7000e000.rtc as rtc1
[    1.579029] tegra_rtc 7000e000.rtc: Tegra internal Real Time Clock
[    1.587867] random: fast init done
[    1.601166] tps65910-rtc tps65910-rtc: rtc core: registered tps65910-rtc as rtc0
[    1.608746] i2c /dev entries driver
[    1.619665] sdhci: Secure Digital Host Controller Interface driver
[    1.625846] sdhci: Copyright(c) Pierre Ossman
[    1.631081] Synopsys Designware Multimedia Card Interface Driver
[    1.637714] sdhci-pltfm: SDHCI platform and OF driver helper
[    1.643885] sdhci-tegra 78000000.sdhci: Got CD GPIO
[    1.648774] sdhci-tegra 78000000.sdhci: Got WP GPIO
[    1.654885] mmc0: Invalid maximum block size, assuming 512 bytes
[    1.703600] mmc0: SDHCI controller on 78000000.sdhci [78000000.sdhci] using ADMA
[    1.712230] mmc1: Invalid maximum block size, assuming 512 bytes
[    1.758520] mmc1: SDHCI controller on 78000600.sdhci [78000600.sdhci] using ADMA
[    1.767213] ledtrig-cpu: registered to indicate activity on CPUs
[    1.775519] usbcore: registered new interface driver usbhid
[    1.781089] usbhid: USB HID core driver
[    1.786925] NET: Registered protocol family 10
[    1.794055] sit: IPv6, IPv4 and MPLS over IPv4 tunneling driver
[    1.800395] NET: Registered protocol family 17
[    1.804847] can: controller area network core (rev 20120528 abi 9)
[    1.811068] NET: Registered protocol family 29
[    1.815508] can: raw protocol (rev 20120528)
[    1.819773] can: broadcast manager protocol (rev 20160617 t)
[    1.825435] can: netlink gateway (rev 20130117) max_hops=1
[    1.831177] Key type dns_resolver registered
[    1.835846] ThumbEE CPU extension supported.
[    1.840121] Registering SWP/SWPB emulation handler
[    1.873887] vdd_ddr: supplied by vdd_5v_in
[    1.878818] vdd_5v_sata: supplied by vdd_5v_in
[    1.883605] usb1_vbus: supplied by vdd_5v_in
[    1.888193] usb3_vbus: supplied by vdd_5v_in
[    1.894133] sys_3v3,vdd_3v3_alw: supplied by vdd_5v_in
[    1.899876] +VDD_5V_HDMI: supplied by sys_3v3,vdd_3v3_alw
[    1.905488] sys_3v3_pexs: supplied by sys_3v3,vdd_3v3_alw
[    1.911574] tegra-pcie 3000.pcie-controller: 2x3 configuration
[    1.919855] tegra-pcie 3000.pcie-controller: probing port 0, using 2 lanes
[    1.932396] mmc1: new high speed MMC card at address 0001
[    1.939762] mmcblk1: mmc1:0001 SEM16G 14.8 GiB 
[    1.945880] mmcblk1boot0: mmc1:0001 SEM16G partition 1 1.00 MiB
[    1.953555] mmcblk1boot1: mmc1:0001 SEM16G partition 2 1.00 MiB
[    1.960535] mmcblk1rpmb: mmc1:0001 SEM16G partition 3 128 KiB
[    1.970193] Primary GPT is invalid, using alternate GPT.
[    1.975521]  mmcblk1: p1 p2 p3 p4 p5
[    1.983409] mmc0: new ultra high speed DDR50 SDHC card at address aaaa
[    1.985364] tegra-pcie 3000.pcie-controller: probing port 2, using 2 lanes
[    1.997894] mmcblk0: mmc0:aaaa SS04G 3.69 GiB 
[    2.023815]  mmcblk0: p1 p2 p3
[    2.387830] tegra-pcie 3000.pcie-controller: link 2 down, retrying
[    2.797928] tegra-pcie 3000.pcie-controller: link 2 down, retrying
[    3.208017] tegra-pcie 3000.pcie-controller: link 2 down, retrying
[    3.216209] tegra-pcie 3000.pcie-controller: link 2 down, ignoring
[    3.222522] tegra-pcie 3000.pcie-controller: PCI host bridge to bus 0000:00
[    3.229487] pci_bus 0000:00: root bus resource [io  0x0000-0xffff]
[    3.235660] pci_bus 0000:00: root bus resource [mem 0x20000000-0x27ffffff]
[    3.242525] pci_bus 0000:00: root bus resource [mem 0x28000000-0x3fffffff pref]
[    3.249823] pci_bus 0000:00: root bus resource [bus 00-ff]
[    3.255332] pci 0000:00:01.0: [10de:0e1c] type 01 class 0x060400
[    3.261401] pci 0000:00:01.0: PME# supported from D0 D1 D2 D3hot D3cold
[    3.268157] PCI: bus0: Fast back to back transfers disabled
[    3.273729] pci 0000:00:01.0: bridge configuration invalid ([bus 00-00]), reconfiguring
[    3.281815] pci 0000:01:00.0: [10ec:8168] type 00 class 0x020000
[    3.287831] pci 0000:01:00.0: reg 0x10: [io  0x0000-0x00ff]
[    3.293411] pci 0000:01:00.0: reg 0x18: [mem 0x00000000-0x00000fff 64bit pref]
[    3.300630] pci 0000:01:00.0: reg 0x20: [mem 0x00000000-0x00003fff 64bit pref]
[    3.307913] pci 0000:01:00.0: supports D1 D2
[    3.312178] pci 0000:01:00.0: PME# supported from D0 D1 D2 D3hot D3cold
[    3.333537] PCI: bus1: Fast back to back transfers disabled
[    3.339108] pci_bus 0000:01: busn_res: [bus 01-ff] end is updated to 01
[    3.345782] pci 0000:00:01.0: BAR 9: assigned [mem 0x28000000-0x280fffff 64bit pref]
[    3.353519] pci 0000:00:01.0: BAR 7: assigned [io  0x1000-0x1fff]
[    3.359608] pci 0000:01:00.0: BAR 4: assigned [mem 0x28000000-0x28003fff 64bit pref]
[    3.367349] pci 0000:01:00.0: BAR 2: assigned [mem 0x28004000-0x28004fff 64bit pref]
[    3.375090] pci 0000:01:00.0: BAR 0: assigned [io  0x1000-0x10ff]
[    3.381179] pci 0000:00:01.0: PCI bridge to [bus 01]
[    3.386138] pci 0000:00:01.0:   bridge window [io  0x1000-0x1fff]
[    3.392224] pci 0000:00:01.0:   bridge window [mem 0x28000000-0x280fffff 64bit pref]
[    3.399970] pci 0000:00:01.0: nv_msi_ht_cap_quirk didn't locate host bridge
[    3.406981] pcieport 0000:00:01.0: enabling device (0140 -> 0143)
[    3.413252] pcieport 0000:00:01.0: Signaling PME through PCIe PME interrupt
[    3.420210] pci 0000:01:00.0: Signaling PME through PCIe PME interrupt
[    3.426730] pcie_pme 0000:00:01.0:pcie001: service driver pcie_pme loaded
[    3.433705] r8169 Gigabit Ethernet driver 2.3LK-NAPI loaded
[    3.439295] r8169 0000:01:00.0: enabling device (0140 -> 0143)
[    3.446468] r8169 0000:01:00.0 eth0: RTL8168evl/8111evl at 0xf0afe000, 02:04:4b:01:60:a6, XID 0c900800 IRQ 375
[    3.456469] r8169 0000:01:00.0 eth0: jumbo features [frames: 9200 bytes, tx checksumming: ko]
[    3.468110] [drm] Supports vblank timestamp caching Rev 2 (21.10.2013).
[    3.474728] [drm] No driver support for vblank timestamp query.
[    3.480663] drm drm: No connectors reported connected with modes
[    3.486669] [drm] Cannot find any crtc or sizes - going 1024x768
[    3.511581] Console: switching to colour frame buffer device 128x48
[    3.523900] drm drm: fb0:  frame buffer device
[    3.528804] [drm] Initialized tegra 0.0.0 20120330 on minor 0
[    3.539961] utmi_phy_clk_enable: timeout waiting for phy to stabilize
[    3.546427] tegra-ehci 7d004000.usb: EHCI Host Controller
[    3.551839] tegra-ehci 7d004000.usb: new USB bus registered, assigned bus number 1
[    3.559675] tegra-ehci 7d004000.usb: irq 343, io mem 0x7d004000
[    3.578534] tegra-ehci 7d004000.usb: USB 2.0 started, EHCI 1.00
[    3.585429] hub 1-0:1.0: USB hub found
[    3.589202] hub 1-0:1.0: 1 port detected
[    3.594281] tegra-ehci 7d008000.usb: EHCI Host Controller
[    3.599695] tegra-ehci 7d008000.usb: new USB bus registered, assigned bus number 2
[    3.607442] tegra-ehci 7d008000.usb: irq 344, io mem 0x7d008000
[    3.623527] tegra-ehci 7d008000.usb: USB 2.0 started, EHCI 1.00
[    3.630311] hub 2-0:1.0: USB hub found
[    3.634079] hub 2-0:1.0: 1 port detected
[    3.642579] tps65910-rtc tps65910-rtc: setting system clock to 2000-01-01 00:00:02 UTC (946684802)
[    3.652181] vdd_sata,avdd_plle: disabling
[    3.656558] usb1_vbus: disabling
[    3.661398] EXT4-fs (mmcblk1p1): mounting ext3 file system using the ext4 subsystem
[    3.718728] EXT4-fs (mmcblk1p1): warning: mounting fs with errors, running e2fsck is recommended
[    3.728990] EXT4-fs (mmcblk1p1): recovery complete
[    3.734973] EXT4-fs (mmcblk1p1): mounted filesystem with ordered data mode. Opts: (null)
[    3.743097] VFS: Mounted root (ext3 filesystem) on device 179:1.
[    3.759494] devtmpfs: mounted
[    3.765077] Freeing unused kernel memory: 2048K
bash: cannot set terminal process group (-1): Inappropriate ioctl for device
bash: no job control in this shell
root@(none):/# [    3.973530] usb 2-1: new high-speed USB device number 2 using tegra-ehci
