

U-Boot 2015.04-00466-gedec83e90172 (Mar 14 2016 - 10:42:01)

TEGRA124
Model: Acer Chromebook 13 CB5-311
DRAM:  4 GiB
:   Tegra SD/MMC: 0, Tegra SD/MMC: 1, Tegra SD/MMC: 2
MMC init failed
Using default environment

In:    serial
Out:   serial
Err:   serial
Net:   Net Initialization Skipped
No ethernet found.
Hit any key to stop autoboot:  2  1  0 
Tegra124 (Nyan-big) # 
Tegra124 (Nyan-big) # usb start
starting USB...
USB0:   USB EHCI 1.10
scanning bus 0 for devices... 2 USB Device(s) found
USB1:   USB EHCI 1.10
scanning bus 1 for devices... 2 USB Device(s) found
       scanning usb for storage devices... 1 Storage Device(s) found
       scanning usb for ethernet devices... 
Warning: asx0 using MAC address from net device
1 Ethernet Device(s) found
Tegra124 (Nyan-big) # setenv bootargs 'ignore_loglevel console=ttyS0,115200n8 rw root=PARTUUID=4d36e82a-b3c0-4b4b-bfcd-afe5217ac023 rootwait gpt debug noinitrd earlyprintk init=/bin/bash'
Tegra124 (Nyan-big) # setenv ipaddr 192.168.100.102; setenv serverip 192.168.100.1; setenv tftpserverip 192.168.100.1
Tegra124 (Nyan-big) # tftpboot 0x82000000 zImage.tegra_defconfig
Using asx0 device
TFTP from server 192.168.100.1; our IP address is 192.168.100.102
Filename 'zImage.tegra_defconfig'.
Load address: 0x82000000
Loading: *#################################################################
	 #################################################################
	 #################################################################
	 #################################################################
	 #################################################################
	 #####################################################
	 3.6 MiB/s
done
Bytes transferred = 5547376 (54a570 hex)
Tegra124 (Nyan-big) # tftpboot 0x83000000 tegra124-nyan-big.dtb
Using asx0 device
TFTP from server 192.168.100.1; our IP address is 192.168.100.102
Filename 'tegra124-nyan-big.dtb'.
Load address: 0x83000000
Loading: *#####
	 3 MiB/s
done
Bytes transferred = 66901 (10555 hex)
Tegra124 (Nyan-big) # bootz 0x82000000 - 0x83000000
Kernel image @ 0x82000000 [ 0x000000 - 0x54a570 ]
## Flattened Device Tree blob at 83000000
   Booting using the fdt blob at 0x83000000
   Using Device Tree in place at 83000000, end 83013554

Starting kernel ...

[    2.505546] console [ttyS0] enabled
[    2.509022] bootconsole [earlycon0] disabled
[    2.514346] [drm] Initialized drm 1.1.0 20060810
[    2.519685] tegra-hdmi 54280000.hdmi: failed to get HDMI regulator
[    2.526285] tegra-dpaux 545c0000.dpaux: failed to get VDD supply: -517
[    2.533582] panel supply power not found, using dummy regulator
[    2.574973] loop: module loaded
[    2.578726] as3722 4-0040: AS3722 with revision 0x1 found
[    2.588905] as3722-sd2: supplied by +5V_SYS
[    2.593416] as3722-sd3: supplied by +5V_SYS
[    2.597764] +1.35V_LP0(sd3): Bringing 0uV into 1350000-1350000uV
[    2.604023] as3722-sd4: supplied by +5V_SYS
[    2.608366] +1.05V_RUN: Bringing 0uV into 1050000-1050000uV
[    2.614192] as3722-sd5: supplied by +5V_SYS
[    2.619975] as3722-ldo0: supplied by +1.35V_LP0(sd2)
[    2.625813] +1.8V_RUN_CAM: Bringing 0uV into 1800000-1800000uV
[    2.631923] as3722-ldo2: supplied by +1.8V_VDDIO
[    2.637650] as3722-ldo3: supplied by +3.3V_SYS
[    2.642100] +1.00V_LP0_VDD_RTC: Bringing 1100000uV into 1000000-1000000uV
[    2.649767] as3722-ldo4: supplied by +3.3V_SYS
[    2.654366] +3.3V_RUN_CAM: Bringing 0uV into 2800000-2800000uV
[    2.660476] as3722-ldo5: supplied by +1.8V_VDDIO
[    2.665258] +1.2V_RUN_CAM_FRONT: Bringing 0uV into 1200000-1200000uV
[    2.672041] +VDDIO_SDMMC3: Bringing 0uV into 1800000-1800000uV
[    2.678172] as3722-ldo7: supplied by +1.8V_VDDIO
[    2.682945] +1.05V_RUN_CAM_REAR: Bringing 0uV into 1050000-1050000uV
[    2.689593] as3722-ldo9: supplied by +5V_SYS
[    2.694162] +2.8V_RUN_TOUCH: Bringing 0uV into 2800000-2800000uV
[    2.700467] as3722-ldo10: supplied by +5V_SYS
[    2.704985] +2.8V_RUN_CAM_AF: Bringing 0uV into 2800000-2800000uV
[    2.711522] +1.8V_RUN_VPP_FUSE: Bringing 0uV into 1800000-1800000uV
[    2.751737] cros-ec-spi spi32766.0: Chrome EC device registered
[    2.767091] m25p80 spi32765.0: w25q32dw (4096 Kbytes)
[    2.773280] CAN device driver interface
[    2.777156] igb: Intel(R) Gigabit Ethernet Network Driver - version 5.3.0-k
[    2.784099] igb: Copyright (c) 2007-2014 Intel Corporation.
[    2.789781] pegasus: v0.9.3 (2013/04/25), Pegasus/Pegasus II USB Ethernet driver
[    2.797228] usbcore: registered new interface driver pegasus
[    2.802925] usbcore: registered new interface driver asix
[    2.808366] usbcore: registered new interface driver ax88179_178a
[    2.814482] usbcore: registered new interface driver cdc_ether
[    2.820369] usbcore: registered new interface driver smsc75xx
[    2.826164] usbcore: registered new interface driver smsc95xx
[    2.831933] usbcore: registered new interface driver net1080
[    2.837622] usbcore: registered new interface driver cdc_subset
[    2.843562] usbcore: registered new interface driver zaurus
[    2.849182] usbcore: registered new interface driver cdc_ncm
[    2.854933] ehci_hcd: USB 2.0 'Enhanced' Host Controller (EHCI) Driver
[    2.861443] ehci-pci: EHCI PCI platform driver
[    2.865923] tegra-ehci: Tegra EHCI driver
[    2.870263] usbcore: registered new interface driver cdc_acm
[    2.875912] cdc_acm: USB Abstract Control Model driver for USB modems and ISDN adapters
[    2.883935] usbcore: registered new interface driver cdc_wdm
[    2.889640] usbcore: registered new interface driver usb-storage
[    2.895906] mousedev: PS/2 mouse device common for all mice
[    2.901781] input: cros_ec as /devices/soc0/7000d400.spi/spi_master/spi32766/spi32766.0/7000d400.spi:cros-ec@0:keyboard-controller/input/input0
[    2.916719] as3722-rtc as3722-rtc: rtc core: registered as3722-rtc as rtc0
[    2.923577] as3722-rtc as3722-rtc: RTC interrupt 370
[    2.930411] tegra_rtc 7000e000.rtc: rtc core: registered 7000e000.rtc as rtc1
[    2.937566] tegra_rtc 7000e000.rtc: Tegra internal Real Time Clock
[    2.943869] i2c /dev entries driver
[    2.948110] usbcore: registered new interface driver uvcvideo
[    2.953839] USB Video Class driver (1.1.1)
[    2.957929] gspca_main: v2.14.0 registered
[    2.962319] 0-004c supply vcc not found, using dummy regulator
[    2.970098] tegra-wdt 60005000.timer: initialized (heartbeat = 120 sec, nowayout = 0)
[    2.978520] sdhci: Secure Digital Host Controller Interface driver
[    2.984693] sdhci: Copyright(c) Pierre Ossman
[    2.989035] sdhci-pltfm: SDHCI platform and OF driver helper
[    2.994839] sdhci-tegra 700b0000.sdhci: allocated mmc-pwrseq
[    3.000499] mmc0: Unknown controller version (3). You may experience problems.
[    3.007899] sdhci-tegra 700b0400.sdhci: Got CD GPIO
[    3.012770] sdhci-tegra 700b0400.sdhci: Got WP GPIO
[    3.017668] mmc0: Unknown controller version (3). You may experience problems.
[    3.025020] mmc0: Unknown controller version (3). You may experience problems.
[    3.032258] mmc0: Invalid maximum block size, assuming 512 bytes
[    3.074605] mmc0: SDHCI controller on 700b0600.sdhci [700b0600.sdhci] using ADMA 64-bit
[    3.085148] usbcore: registered new interface driver usbhid
[    3.093768] usbhid: USB HID core driver
[    3.101007] tegra30-i2s 70301100.i2s: DMA channels sourced from device 70300000.ahub
[    3.135071] max98090 0-0010: MAX98090 REVID=0x43
[    3.141526] max98090 0-0010: use default 2.8v micbias
[    3.149148] tegra-snd-max98090 sound: HiFi <-> 70301100.i2s mapping ok
[    3.155147] mmc0: new high speed MMC card at address 0001
[    3.155606] mmcblk0: mmc0:0001 MMC16G 14.4 GiB 
[    3.155821] mmcblk0boot0: mmc0:0001 MMC16G partition 1 2.00 MiB
[    3.166023] mmcblk0boot1: mmc0:0001 MMC16G partition 2 2.00 MiB
[    3.166195] mmcblk0rpmb: mmc0:0001 MMC16G partition 3 128 KiB
[    3.169441]  mmcblk0: p1 p2 p3 p4 p5 p6 p7 p8 p9 p10 p11 p12
[    3.190112] input: GoogleNyanBig Headphones as /devices/soc0/sound/sound/card1/input1
[    3.198221] input: GoogleNyanBig Mic Jack as /devices/soc0/sound/sound/card1/input2
[    3.414584] NET: Registered protocol family 10
[    3.534594] mip6: Mobile IPv6
[    3.537554] sit: IPv6 over IPv4 tunneling driver
[    3.543210] NET: Registered protocol family 17
[    3.547680] NET: Registered protocol family 15
[    3.552120] can: controller area network core (rev 20120528 abi 9)
[    3.584641] NET: Registered protocol family 29
[    3.589080] can: raw protocol (rev 20120528)
[    3.593337] can: broadcast manager protocol (rev 20120528 t)
[    3.598994] can: netlink gateway (rev 20130117) max_hops=1
[    3.605208] input: tegra-hda HDMI/DP,pcm=3 as /devices/soc0/70030000.hda/sound/card0/input3
[    3.624632] Bluetooth: RFCOMM socket layer initialized
[    3.629762] Bluetooth: RFCOMM ver 1.11
[    3.633502] Bluetooth: BNEP (Ethernet Emulation) ver 1.3
[    3.638814] Bluetooth: BNEP socket layer initialized
[    3.643763] Bluetooth: HIDP (Human Interface Emulation) ver 1.2
[    3.649676] Bluetooth: HIDP socket layer initialized
[    3.654772] Key type dns_resolver registered
[    3.659496] Registering SWP/SWPB emulation handler
[    3.665391] +3.3V_RUN: supplied by +3.3V_SYS
[    3.670162] +3.3V_AVDD_HDMI_AP_GATED: supplied by +3.3V_RUN
[    3.675868] +1.8V_RUN_CAM: supplied by +3.3V_RUN
[    3.680515] +VDDIO_SDMMC3: supplied by +3.3V_RUN
[    3.685248] +1.8V_RUN_VPP_FUSE: supplied by +3.3V_RUN
[    3.690439] +VDD_LED: supplied by +VDD_MUX
[    3.694982] +5V_VDD_TS_SW: supplied by +5V_SYS
[    3.699702] +5V_USB_HS: supplied by +5V_SYS
[    3.704090] +5V_USB_SS: supplied by +5V_SYS
[    3.709333] +3.3V_PANEL: supplied by +3.3V_RUN
[    3.714529] +3.3V_LP0: supplied by +3.3V_SYS
[    3.719479] +1.05V_RUN_AVDD_HDMI_PLL: supplied by +1.05V_RUN
[    3.725506] +5V_HDMI_CON: supplied by +5V_SYS
[    3.730978] usb3-0 supply vbus not found, using dummy regulator
[    3.737052] usb3-1 supply vbus not found, using dummy regulator
[    3.745513] tegra-sor 54540000.sor: failed to probe output: -517
[    3.751721] panel supply power not found, using dummy regulator
[    3.815324] tegra-xusb 70090000.usb: Firmware timestamp: 2014-09-16 02:10:07 UTC
[    3.822733] tegra-xusb 70090000.usb: xHCI Host Controller
[    3.828161] tegra-xusb 70090000.usb: new USB bus registered, assigned bus number 1
[    3.837737] tegra-xusb 70090000.usb: hcc params 0x0184f525 hci version 0x100 quirks 0x00010010
[    3.846377] tegra-xusb 70090000.usb: irq 342, io mem 0x70090000
[    3.853113] hub 1-0:1.0: USB hub found
[    3.856929] hub 1-0:1.0: 6 ports detected
[    3.861622] tegra-xusb 70090000.usb: xHCI Host Controller
[    3.867064] tegra-xusb 70090000.usb: new USB bus registered, assigned bus number 2
[    3.874790] usb usb2: We don't know the algorithms for LPM for this host, disabling LPM.
[    3.883698] hub 2-0:1.0: USB hub found
[    3.887509] hub 2-0:1.0: 2 ports detected
[    3.892623] sdhci-tegra 700b0000.sdhci: allocated mmc-pwrseq
[    3.898334] mmc1: Unknown controller version (3). You may experience problems.
[    3.905794] mmc1: Invalid maximum block size, assuming 512 bytes
[    3.912369] +1.8V_VDDIO: voltage operation not allowed
[    3.917535] mmc1: Switching to 3.3V signalling voltage failed
[    3.954715] mmc1: SDHCI controller on 700b0000.sdhci [700b0000.sdhci] using ADMA 64-bit
[    3.962929] sdhci-tegra 700b0400.sdhci: Got CD GPIO
[    3.967916] sdhci-tegra 700b0400.sdhci: Got WP GPIO
[    3.972876] mmc2: Unknown controller version (3). You may experience problems.
[    3.984853] mmc2: Invalid maximum block size, assuming 512 bytes
[    4.019084] mmc1: new high speed SDIO card at address 0001
[    4.034754] mmc2: SDHCI controller on 700b0400.sdhci [700b0400.sdhci] using ADMA 64-bit
[    4.140167] [drm] Supports vblank timestamp caching Rev 2 (21.10.2013).
[    4.146824] [drm] No driver support for vblank timestamp query.
[    4.174606] usb 1-2: new high-speed USB device number 2 using tegra-xusb
[    4.197105] mmc2: new high speed SDHC card at address 0007
[    4.197957] mmcblk2: mmc2:0007 SD08G 7.42 GiB 
[    4.208656] GPT:Primary header alternate_lba != Alt. header my_lba
[    4.208660] GPT:3014591 != 15564799
[    4.208661] GPT:Primary header thinks Alt. header is not at the end of the disk.
[    4.208662] GPT:3014591 != 15564799
[    4.208663] GPT: Use GNU Parted to correct GPT errors.
[    4.208688]  mmcblk2: p1 p2 p3 p4 p5 p6 p7 p8 p9 p10 p11 p12
[    4.212849] Console: switching to colour frame buffer device 170x48
[    4.271043] drm drm: fb0:  frame buffer device
[    4.314689] [drm] Initialized tegra 0.0.0 20120330 on minor 0
[    4.321207] input: gpio-keys as /devices/soc0/gpio-keys/input/input4
[    4.328594] as3722-rtc as3722-rtc: setting system clock to 2000-01-01 01:33:06 UTC (946690386)
[    4.342767] +1.8V_RUN_CAM: disabling
[    4.346561] +1.2V_RUN_CAM_FRONT: disabling
[    4.350843] +1.05V_RUN_CAM_REAR: disabling
[    4.355091] +2.8V_RUN_TOUCH: disabling
[    4.358934] +2.8V_RUN_CAM_AF: disabling
[    4.362859] +1.8V_RUN_VPP_FUSE: disabling
[    4.367031] +5V_VDD_TS_SW: disabling
[    4.370787] ALSA device list:
[    4.373775]   #0: tegra-hda at 0x70038000 irq 341
[    4.378538]   #1: GoogleNyanBig
[    4.382430] EXT4-fs (mmcblk0p3): couldn't mount as ext3 due to feature incompatibilities
[    4.462723] uvcvideo: Found UVC 1.00 device HD WebCam (1bcf:2c67)
[    4.477813] input: HD WebCam as /devices/soc0/70090000.usb/usb1/1-2/1-2:1.0/input/input5
[    4.734908] EXT4-fs (mmcblk0p3): recovery complete
[    4.740418] EXT4-fs (mmcblk0p3): mounted filesystem with ordered data mode. Opts: (null)
[    4.748540] VFS: Mounted root (ext4 filesystem) on device 179:3.
[    4.755453] devtmpfs: mounted
[    4.758837] Freeing unused kernel memory: 1024K (c0c00000 - c0d00000)
[    4.764679] usb 1-3: new high-speed USB device number 3 using tegra-xusb
bash: cannot set terminal process group (-1): Inappropriate ioctl for device
bash: no job control in this shell
root@(none):/# [    5.747518] asix 1-3:1.0 eth0: register 'asix' at usb-70090000.usb-3, ASIX AX88772 USB 2.0 Ethernet, c8:d7:19:90:fa:65
[    7.674664] usb 1-1: new high-speed USB device number 4 using tegra-xusb
[    7.823240] usb-storage 1-1:1.0: USB Mass Storage device detected
[    7.829996] scsi host0: usb-storage 1-1:1.0
[    8.886505] scsi 0:0:0:0: Direct-Access     SanDisk  SDDR-113         9412 PQ: 0 ANSI: 0
[    9.059109] sd 0:0:0:0: [sda] 15523840 512-byte logical blocks: (7.95 GB/7.40 GiB)
[    9.067984] sd 0:0:0:0: [sda] Write Protect is off
[    9.072766] sd 0:0:0:0: [sda] Mode Sense: 03 00 00 00
[    9.078891] sd 0:0:0:0: [sda] No Caching mode page found
[    9.084193] sd 0:0:0:0: [sda] Assuming drive cache: write through
[    9.109757]  sda: sda1 sda2 sda3 sda4 sda5 sda6 sda7 sda8 sda9 sda10 sda11 sda12 sda13
[    9.123357] sd 0:0:0:0: [sda] Attached SCSI removable disk
