

U-Boot 2015.04-00466-gedec83e90172 (Mar 14 2016 - 10:42:01)

TEGRA124
Model: Acer Chromebook 13 CB5-311
DRAM:  4 GiB
:   Tegra SD/MMC: 0, Tegra SD/MMC: 1, Tegra SD/MMC: 2
MMC init failed
Using default environment

In:    serial
Out:   serial
Err:   serial
Net:   Net Initialization Skipped
No ethernet found.
Hit any key to stop autoboot:  2  0 
Tegra124 (Nyan-big) # 
Tegra124 (Nyan-big) # usb start
starting USB...
USB0:   USB EHCI 1.10
scanning bus 0 for devices... 2 USB Device(s) found
USB1:   USB EHCI 1.10
scanning bus 1 for devices... 2 USB Device(s) found
       scanning usb for storage devices... 1 Storage Device(s) found
       scanning usb for ethernet devices... 
Warning: asx0 using MAC address from net device
1 Ethernet Device(s) found
Tegra124 (Nyan-big) # mw 0x7000e4a0 0x00080000
Tegra124 (Nyan-big) # setenv bootargs 'ignore_loglevel console=ttyS0,115200n8 rw root=PARTUUID=4d36e82a-b3c0-4b4b-bfcd-afe5217ac023 rootwait gpt debug noinitrd earlyprintk init=/bin/bash'
Tegra124 (Nyan-big) # setenv ipaddr 192.168.100.104; setenv serverip 192.168.100.1; setenv tftpserverip 192.168.100.1
Tegra124 (Nyan-big) # tftpboot 0x82000000 zImage.tegra_defconfig
Using asx0 device
TFTP from server 192.168.100.1; our IP address is 192.168.100.104
Filename 'zImage.tegra_defconfig'.
Load address: 0x82000000
Loading: *#################################################################
	 #################################################################
	 #################################################################
	 #################################################################
	 #################################################################
	 #################################################################
	 ##################################
	 3.2 MiB/s
done
Bytes transferred = 6214528 (5ed380 hex)
Tegra124 (Nyan-big) # tftpboot 0x83000000 tegra124-nyan-big.dtb
Using asx0 device
TFTP from server 192.168.100.1; our IP address is 192.168.100.104
Filename 'tegra124-nyan-big.dtb'.
Load address: 0x83000000
Loading: *#####
	 3.2 MiB/s
done
Bytes transferred = 67482 (1079a hex)
Tegra124 (Nyan-big) # bootz 0x82000000 - 0x83000000
Kernel image @ 0x82000000 [ 0x000000 - 0x5ed380 ]
## Flattened Device Tree blob at 83000000
   Booting using the fdt blob at 0x83000000
   Using Device Tree in place at 83000000, end 83013799

Starting kernel ...

[    0.000000] Booting Linux on physical CPU 0x0
[    0.000000] Linux version 4.15.0-rc8-next-20180119-26867-g761914d (jonathanh@kaivo) (gcc version 4.7.3 20130328 (prerelease) (crosstool-NG linaro-1.13.1-4.7-2013.04-20130415 - Linaro GCC 2013.04)) #1 SMP PREEMPT Tue Jan 23 09:32:06 PST 2018
[    0.000000] CPU: ARMv7 Processor [413fc0f3] revision 3 (ARMv7), cr=10c5387d
[    0.000000] CPU: div instructions available: patching division code
[    0.000000] CPU: PIPT / VIPT nonaliasing data cache, PIPT instruction cache
[    0.000000] OF: fdt: Machine model: Acer Chromebook 13 CB5-311
[    0.000000] OF: fdt: Ignoring memory range 0x100000000 - 0x17ffff000
[    0.000000] debug: ignoring loglevel setting.
[    0.000000] bootconsole [earlycon0] enabled
[    0.000000] Memory policy: Data cache writealloc
[    0.000000] cma: Reserved 64 MiB at 0xfbc00000
[    0.000000] On node 0 totalpages: 524287
[    0.000000]   Normal zone: 1536 pages used for memmap
[    0.000000]   Normal zone: 0 pages reserved
[    0.000000]   Normal zone: 196608 pages, LIFO batch:31
[    0.000000]   HighMem zone: 327679 pages, LIFO batch:31
[    0.000000] random: fast init done
[    0.000000] percpu: Embedded 17 pages/cpu @(ptrval) s39296 r8192 d22144 u69632
[    0.000000] pcpu-alloc: s39296 r8192 d22144 u69632 alloc=17*4096
[    0.000000] pcpu-alloc: [0] 0 [0] 1 [0] 2 [0] 3 
[    0.000000] Built 1 zonelists, mobility grouping on.  Total pages: 522751
[    0.000000] Kernel command line: ignore_loglevel console=ttyS0,115200n8 rw root=PARTUUID=4d36e82a-b3c0-4b4b-bfcd-afe5217ac023 rootwait gpt debug noinitrd earlyprintk init=/bin/bash
[    0.000000] Dentry cache hash table entries: 131072 (order: 7, 524288 bytes)
[    0.000000] Inode-cache hash table entries: 65536 (order: 6, 262144 bytes)
[    0.000000] Memory: 1999508K/2097148K available (9216K kernel code, 782K rwdata, 2584K rodata, 1024K init, 298K bss, 32104K reserved, 65536K cma-reserved, 1245180K highmem)
[    0.000000] Virtual kernel memory layout:
[    0.000000]     vector  : 0xffff0000 - 0xffff1000   (   4 kB)
[    0.000000]     fixmap  : 0xffc00000 - 0xfff00000   (3072 kB)
[    0.000000]     vmalloc : 0xf0800000 - 0xff800000   ( 240 MB)
[    0.000000]     lowmem  : 0xc0000000 - 0xf0000000   ( 768 MB)
[    0.000000]     pkmap   : 0xbfe00000 - 0xc0000000   (   2 MB)
[    0.000000]     modules : 0xbf000000 - 0xbfe00000   (  14 MB)
[    0.000000]       .text : 0x(ptrval) - 0x(ptrval)   (10208 kB)
[    0.000000]       .init : 0x(ptrval) - 0x(ptrval)   (1024 kB)
[    0.000000]       .data : 0x(ptrval) - 0x(ptrval)   ( 783 kB)
[    0.000000]        .bss : 0x(ptrval) - 0x(ptrval)   ( 299 kB)
[    0.000000] Preemptible hierarchical RCU implementation.
[    0.000000] 	Tasks RCU enabled.
[    0.000000] NR_IRQS: 16, nr_irqs: 16, preallocated irqs: 16
[    0.000000] /interrupt-controller@60004000: 160 interrupts forwarded to /interrupt-controller@50041000
[    0.000000] Tegra clk 127: register failed with -17
[    0.000003] sched_clock: 32 bits at 1000kHz, resolution 1000ns, wraps every 2147483647500ns
[    0.008017] clocksource: timer_us: mask: 0xffffffff max_cycles: 0xffffffff, max_idle_ns: 1911260446275 ns
[    0.017548] Switching to timer-based delay loop, resolution 1000ns
[    0.024071] arch_timer: cp15 timer(s) running at 12.00MHz (virt).
[    0.029769] clocksource: arch_sys_counter: mask: 0xffffffffffffff max_cycles: 0x2c47f4ee7, max_idle_ns: 440795202497 ns
[    0.040516] sched_clock: 56 bits at 12MHz, resolution 83ns, wraps every 4398046511096ns
[    0.048488] Switching to timer-based delay loop, resolution 83ns
[    0.054664] Console: colour dummy device 80x30
[    0.058895] Calibrating delay loop (skipped), value calculated using timer frequency.. 24.00 BogoMIPS (lpj=120000)
[    0.069205] pid_max: default: 32768 minimum: 301
[    0.073971] Mount-cache hash table entries: 2048 (order: 1, 8192 bytes)
[    0.080387] Mountpoint-cache hash table entries: 2048 (order: 1, 8192 bytes)
[    0.087721] CPU: Testing write buffer coherency: ok
[    0.092402] /cpus/cpu@0 missing clock-frequency property
[    0.097551] /cpus/cpu@1 missing clock-frequency property
[    0.102846] /cpus/cpu@2 missing clock-frequency property
[    0.108124] /cpus/cpu@3 missing clock-frequency property
[    0.113406] CPU0: thread -1, cpu 0, socket 0, mpidr 80000000
[    0.153450] Setting up static identity map for 0x80100000 - 0x801000a0
[    0.158106] Hierarchical SRCU implementation.
[    0.173664] Tegra Revision: A01 SKU: 131 CPU Process: 1 SoC Process: 1
[    0.193452] smp: Bringing up secondary CPUs ...
[    0.243750] CPU1: thread -1, cpu 1, socket 0, mpidr 80000001
[    0.323778] CPU2: thread -1, cpu 2, socket 0, mpidr 80000002
[    0.403819] CPU3: thread -1, cpu 3, socket 0, mpidr 80000003
[    0.413596] smp: Brought up 1 node, 4 CPUs
[    0.432680] SMP: Total of 4 processors activated (96.00 BogoMIPS).
[    0.438833] CPU: All CPU(s) started in SVC mode.
[    0.444124] devtmpfs: initialized
[    0.453665] Built 1 zonelists, mobility grouping on.  Total pages: 516261
[    0.458711] VFP support v0.3: implementor 41 architecture 4 part 30 variant f rev 0
[    0.466337] clocksource: jiffies: mask: 0xffffffff max_cycles: 0xffffffff, max_idle_ns: 19112604462750000 ns
[    0.475955] futex hash table entries: 1024 (order: 4, 65536 bytes)
[    0.482242] pinctrl core: initialized pinctrl subsystem
[    0.487770] NET: Registered protocol family 16
[    0.492176] DMA: preallocated 256 KiB pool for atomic coherent allocations
[    0.499103] cpuidle: using governor menu
[    0.510136] No ATAGs?
[    0.510196] hw-breakpoint: found 5 (+1 reserved) breakpoint and 4 watchpoint registers.
[    0.518538] hw-breakpoint: maximum watchpoint size is 8 bytes.
[    0.525224] tegra-mc 70019000.memory-controller: no memory timings for RAM code 0 registered
[    0.532903] iommu: Adding device 50000000.host1x to group 0
[    0.538313] iommu: Adding device 54200000.dc to group 1
[    0.543513] iommu: Adding device 54240000.dc to group 1
[    0.548714] iommu: Adding device 57000000.gpu to group 2
[    0.559854] +5V_SYS: supplied by +VDD_MUX
[    0.562080] +3.3V_SYS: supplied by +VDD_MUX
[    0.566407] +VDD_LED: Failed to request enable GPIO122: -517
[    0.571739] reg-fixed-voltage regulators:regulator@5: Failed to register regulator: -517
[    0.579843] +5V_VDD_TS_SW: Failed to request enable GPIO81: -517
[    0.585780] reg-fixed-voltage regulators:regulator@6: Failed to register regulator: -517
[    0.593893] +5V_USB_HS: Failed to request enable GPIO108: -517
[    0.599646] reg-fixed-voltage regulators:regulator@7: Failed to register regulator: -517
[    0.607752] +5V_USB_SS: Failed to request enable GPIO109: -517
[    0.613513] reg-fixed-voltage regulators:regulator@8: Failed to register regulator: -517
[    0.621679] +1.05V_RUN_AVDD_HDMI_PLL: Failed to request enable GPIO63: -517
[    0.628506] reg-fixed-voltage regulators:regulator@11: Failed to register regulator: -517
[    0.636694] +5V_HDMI_CON: Failed to request enable GPIO86: -517
[    0.642546] reg-fixed-voltage regulators:regulator@12: Failed to register regulator: -517
[    0.651142] vgaarb: loaded
[    0.653649] SCSI subsystem initialized
[    0.660751] libata version 3.00 loaded.
[    0.662788] usbcore: registered new interface driver usbfs
[    0.668152] usbcore: registered new interface driver hub
[    0.673468] usbcore: registered new device driver usb
[    0.679672] Linux video capture interface: v2.00
[    0.683060] pps_core: LinuxPPS API ver. 1 registered
[    0.687986] pps_core: Software ver. 5.3.6 - Copyright 2005-2007 Rodolfo Giometti <giometti@linux.it>
[    0.697087] PTP clock support registered
[    0.701130] tegra-emc 7001b000.emc: no memory timings for RAM code 0 found in DT
[    0.708348] tegra-emc: probe of 7001b000.emc failed with error -2
[    0.714517] Advanced Linux Sound Architecture Driver Initialized.
[    0.720727] Bluetooth: Core ver 2.22
[    0.724048] NET: Registered protocol family 31
[    0.728459] Bluetooth: HCI device and connection manager initialized
[    0.734778] Bluetooth: HCI socket layer initialized
[    0.739636] Bluetooth: L2CAP socket layer initialized
[    0.744671] Bluetooth: SCO socket layer initialized
[    0.749756] clocksource: Switched to clocksource arch_sys_counter
[    0.788349] NET: Registered protocol family 2
[    0.791179] tcp_listen_portaddr_hash hash table entries: 512 (order: 0, 6144 bytes)
[    0.798437] TCP established hash table entries: 8192 (order: 3, 32768 bytes)
[    0.805481] TCP bind hash table entries: 8192 (order: 4, 65536 bytes)
[    0.811915] TCP: Hash tables configured (established 8192 bind 8192)
[    0.818354] UDP hash table entries: 512 (order: 2, 16384 bytes)
[    0.824091] UDP-Lite hash table entries: 512 (order: 2, 16384 bytes)
[    0.830523] NET: Registered protocol family 1
[    0.835012] RPC: Registered named UNIX socket transport module.
[    0.840631] RPC: Registered udp transport module.
[    0.845301] RPC: Registered tcp transport module.
[    0.849988] RPC: Registered tcp NFSv4.1 backchannel transport module.
[    0.856629] PCI: CLS 0 bytes, default 64
[    0.860996] hw perfevents: enabled with armv7_cortex_a15 PMU driver, 7 counters available
[    0.869100] Initialise system trusted keyrings
[    0.872953] workingset: timestamp_bits=30 max_order=19 bucket_order=0
[    0.879770] squashfs: version 4.0 (2009/01/31) Phillip Lougher
[    0.895362] NFS: Registering the id_resolver key type
[    0.898500] Key type id_resolver registered
[    0.902666] Key type id_legacy registered
[    0.908369] Key type asymmetric registered
[    0.910723] Asymmetric key parser 'x509' registered
[    0.915617] bounce: pool size: 64 pages
[    0.919400] io scheduler noop registered (default)
[    0.924153] io scheduler mq-deadline registered
[    0.928652] io scheduler kyber registered
[    0.933295] tegra-xusb-padctl 7009f000.padctl: failed to setup XUSB ports: -517
[    0.945747] tegra-apbdma 60020000.dma: Tegra20 APB DMA driver register 32 channels
[    0.951839] tegra-pmc 7000e400.pmc: i2c-thermtrip node not found, emergency thermal reset disabled.
[    0.960638] Serial: 8250/16550 driver, 4 ports, IRQ sharing disabled
[    0.967410] console [ttyS0] disabled
[    0.970314] 70006000.serial: ttyS0 at MMIO 0x70006000 (irq = 333, base_baud = 25500000) is a Tegra
[    0.979230] console [ttyS0] enabled
[    0.979230] console [ttyS0] enabled
[    0.985494] bootconsole [earlycon0] disabled
[    0.985494] bootconsole [earlycon0] disabled
[    1.011599] tegra-hdmi 54280000.hdmi: failed to get HDMI regulator
[    1.018074] tegra-dpaux 545c0000.dpaux: failed to get VDD supply: -517
[    1.025576] panel-simple panel: panel supply power not found, using dummy regulator
[    1.037010] loop: module loaded
[    1.040736] as3722 4-0040: AS3722 with revision 0x1 found
[    1.050842] as3722-sd2: supplied by +5V_SYS
[    1.055267] as3722-sd3: supplied by +5V_SYS
[    1.059602] +1.35V_LP0(sd3): Bringing 0uV into 1350000-1350000uV
[    1.065792] as3722-sd4: supplied by +5V_SYS
[    1.070144] +1.05V_RUN: Bringing 0uV into 1050000-1050000uV
[    1.075889] as3722-sd5: supplied by +5V_SYS
[    1.081502] as3722-ldo0: supplied by +1.35V_LP0(sd2)
[    1.087254] +1.8V_RUN_CAM: Bringing 0uV into 1800000-1800000uV
[    1.093281] as3722-ldo2: supplied by +1.8V_VDDIO
[    1.098909] as3722-ldo3: supplied by +3.3V_SYS
[    1.103370] +1.00V_LP0_VDD_RTC: Bringing 1100000uV into 1000000-1000000uV
[    1.110959] as3722-ldo4: supplied by +3.3V_SYS
[    1.115557] +3.3V_RUN_CAM: Bringing 0uV into 2800000-2800000uV
[    1.121583] as3722-ldo5: supplied by +1.8V_VDDIO
[    1.126355] +1.2V_RUN_CAM_FRONT: Bringing 0uV into 1200000-1200000uV
[    1.133053] +VDDIO_SDMMC3: Bringing 0uV into 1800000-1800000uV
[    1.139088] as3722-ldo7: supplied by +1.8V_VDDIO
[    1.143871] +1.05V_RUN_CAM_REAR: Bringing 0uV into 1050000-1050000uV
[    1.150436] as3722-ldo9: supplied by +5V_SYS
[    1.155005] +2.8V_RUN_TOUCH: Bringing 0uV into 2800000-2800000uV
[    1.161216] as3722-ldo10: supplied by +5V_SYS
[    1.165727] +2.8V_RUN_CAM_AF: Bringing 0uV into 2800000-2800000uV
[    1.172182] +1.8V_RUN_VPP_FUSE: Bringing 0uV into 1800000-1800000uV
[    1.194757] cros-ec-spi spi0.0: Chrome EC device registered
[    1.209713] m25p80 spi1.0: w25q32dw (4096 Kbytes)
[    1.215235] libphy: Fixed MDIO Bus: probed
[    1.219320] CAN device driver interface
[    1.223181] igb: Intel(R) Gigabit Ethernet Network Driver - version 5.4.0-k
[    1.230131] igb: Copyright (c) 2007-2014 Intel Corporation.
[    1.235739] pegasus: v0.9.3 (2013/04/25), Pegasus/Pegasus II USB Ethernet driver
[    1.243175] usbcore: registered new interface driver pegasus
[    1.248842] usbcore: registered new interface driver asix
[    1.254263] usbcore: registered new interface driver ax88179_178a
[    1.260367] usbcore: registered new interface driver cdc_ether
[    1.266209] usbcore: registered new interface driver smsc75xx
[    1.271972] usbcore: registered new interface driver smsc95xx
[    1.277720] usbcore: registered new interface driver net1080
[    1.283391] usbcore: registered new interface driver cdc_subset
[    1.289312] usbcore: registered new interface driver zaurus
[    1.294907] usbcore: registered new interface driver cdc_ncm
[    1.300651] ehci_hcd: USB 2.0 'Enhanced' Host Controller (EHCI) Driver
[    1.307161] ehci-pci: EHCI PCI platform driver
[    1.311622] tegra-ehci: Tegra EHCI driver
[    1.315892] usbcore: registered new interface driver cdc_acm
[    1.321543] cdc_acm: USB Abstract Control Model driver for USB modems and ISDN adapters
[    1.329546] usbcore: registered new interface driver cdc_wdm
[    1.335221] usbcore: registered new interface driver usb-storage
[    1.341886] input: cros_ec as /devices/soc0/7000d400.spi/spi_master/spi0/spi0.0/7000d400.spi:cros-ec@0:keyboard-controller/input/input0
[    1.361505] as3722-rtc as3722-rtc: rtc core: registered as3722-rtc as rtc0
[    1.368363] as3722-rtc as3722-rtc: RTC interrupt 372
[    1.375136] tegra_rtc 7000e000.rtc: rtc core: registered 7000e000.rtc as rtc1
[    1.382283] tegra_rtc 7000e000.rtc: Tegra internal Real Time Clock
[    1.388563] i2c /dev entries driver
[    1.392488] usbcore: registered new interface driver uvcvideo
[    1.398218] USB Video Class driver (1.1.1)
[    1.402310] gspca_main: v2.14.0 registered
[    1.406631] lm90 0-004c: 0-004c supply vcc not found, using dummy regulator
[    1.415291] tegra-wdt 60005000.timer: initialized (heartbeat = 120 sec, nowayout = 0)
[    1.423638] sdhci: Secure Digital Host Controller Interface driver
[    1.429815] sdhci: Copyright(c) Pierre Ossman
[    1.434158] sdhci-pltfm: SDHCI platform and OF driver helper
[    1.439934] sdhci-tegra 700b0000.sdhci: allocated mmc-pwrseq
[    1.453726] sdhci-tegra 700b0400.sdhci: Got CD GPIO
[    1.458597] sdhci-tegra 700b0400.sdhci: Got WP GPIO
[    1.477893] mmc0: Unknown controller version (3). You may experience problems.
[    1.485134] mmc0: Invalid maximum block size, assuming 512 bytes
[    1.521919] mmc0: SDHCI controller on 700b0600.sdhci [700b0600.sdhci] using ADMA
[    1.529630] usbcore: registered new interface driver usbhid
[    1.535308] usbhid: USB HID core driver
[    1.541414] tegra30-i2s 70301100.i2s: DMA channels sourced from device 70300000.ahub
[    1.589636] mmc0: new high speed MMC card at address 0001
[    1.595557] max98090 0-0010: MAX98090 REVID=0x43
[    1.596992] mmcblk0: mmc0:0001 MMC16G 14.4 GiB 
[    1.606332] max98090 0-0010: use default 2.8v micbias
[    1.606557] mmcblk0boot0: mmc0:0001 MMC16G partition 1 2.00 MiB
[    1.619163] mmcblk0boot1: mmc0:0001 MMC16G partition 2 2.00 MiB
[    1.625207] mmcblk0rpmb: mmc0:0001 MMC16G partition 3 128 KiB, chardev (247:0)
[    1.625382] tegra-snd-max98090 sound: HiFi <-> 70301100.i2s mapping ok
[    1.640468] input: GoogleNyanBig Headphones as /devices/soc0/sound/sound/card1/input1
[    1.642010]  mmcblk0: p1 p2 p3 p4 p5 p6 p7 p8 p9 p10 p11 p12
[    1.648452] input: GoogleNyanBig Mic Jack as /devices/soc0/sound/sound/card1/input2
[    1.662424] NET: Registered protocol family 10
[    1.667452] Segment Routing with IPv6
[    1.671179] mip6: Mobile IPv6
[    1.674139] sit: IPv6, IPv4 and MPLS over IPv4 tunneling driver
[    1.680591] NET: Registered protocol family 17
[    1.685028] NET: Registered protocol family 15
[    1.689458] can: controller area network core (rev 20170425 abi 9)
[    1.695703] NET: Registered protocol family 29
[    1.700142] can: raw protocol (rev 20170425)
[    1.704399] can: broadcast manager protocol (rev 20170425 t)
[    1.710054] can: netlink gateway (rev 20170425) max_hops=1
[    1.715601] Bluetooth: RFCOMM socket layer initialized
[    1.720743] Bluetooth: RFCOMM ver 1.11
[    1.724485] Bluetooth: BNEP (Ethernet Emulation) ver 1.3
[    1.729790] Bluetooth: BNEP socket layer initialized
[    1.734739] Bluetooth: HIDP (Human Interface Emulation) ver 1.2
[    1.740661] Bluetooth: HIDP socket layer initialized
[    1.745711] Key type dns_resolver registered
[    1.750179] Registering SWP/SWPB emulation handler
[    1.755216] Loading compiled-in X.509 certificates
[    1.767389] +3.3V_RUN: supplied by +3.3V_SYS
[    1.772425] +VDD_LED: supplied by +VDD_MUX
[    1.776621] +3.3V_AVDD_HDMI_AP_GATED: supplied by +3.3V_RUN
[    1.782247] +1.8V_RUN_CAM: supplied by +3.3V_RUN
[    1.786892] +VDDIO_SDMMC3: supplied by +3.3V_RUN
[    1.791649] +1.8V_RUN_VPP_FUSE: supplied by +3.3V_RUN
[    1.796889] +5V_VDD_TS_SW: supplied by +5V_SYS
[    1.801521] +5V_USB_HS: supplied by +5V_SYS
[    1.805839] +5V_USB_SS: supplied by +5V_SYS
[    1.811268] +3.3V_PANEL: supplied by +3.3V_RUN
[    1.816653] +3.3V_LP0: supplied by +3.3V_SYS
[    1.821631] +1.05V_RUN_AVDD_HDMI_PLL: supplied by +1.05V_RUN
[    1.827459] +5V_HDMI_CON: supplied by +5V_SYS
[    1.832455]  usb3-0: usb3-0 supply vbus not found, using dummy regulator
[    1.839190]  usb3-1: usb3-1 supply vbus not found, using dummy regulator
[    1.852317] tegra-sor 54540000.sor: failed to probe output: -517
[    1.858529] panel-simple panel: panel supply power not found, using dummy regulator
[    1.868197] tegra-xusb 70090000.usb: Direct firmware load for nvidia/tegra124/xusb.bin failed with error -2
[    1.877931] tegra-xusb 70090000.usb: failed to request firmware: -2
[    1.884219] tegra-xusb 70090000.usb: failed to load firmware: -2
[    1.891394] tegra-xusb: probe of 70090000.usb failed with error -2
[    1.897971] sdhci-tegra 700b0000.sdhci: allocated mmc-pwrseq
[    1.910008] mmc1: Unknown controller version (3). You may experience problems.
[    1.917267] mmc1: Invalid maximum block size, assuming 512 bytes
[    1.923738] mmc1: Switching to 3.3V signalling voltage failed
[    1.952559] mmc1: SDHCI controller on 700b0000.sdhci [700b0000.sdhci] using ADMA
[    1.960200] sdhci-tegra 700b0400.sdhci: Got CD GPIO
[    1.965073] sdhci-tegra 700b0400.sdhci: Got WP GPIO
[    1.975374] mmc2: Unknown controller version (3). You may experience problems.
[    1.982714] mmc2: Invalid maximum block size, assuming 512 bytes
[    2.019651] mmc1: new high speed SDIO card at address 0001
[    2.025454] mmc2: SDHCI controller on 700b0400.sdhci [700b0400.sdhci] using ADMA
[    2.033008] tegra-sor 54540000.sor: failed to probe output: -517
[    2.039164] panel-simple panel: panel supply power not found, using dummy regulator
[    2.047240] input: gpio-keys as /devices/soc0/gpio-keys/input/input3
[    2.054022] tegra-sor 54540000.sor: failed to probe output: -517
[    2.060316] panel-simple panel: panel supply power not found, using dummy regulator
[    2.068542] as3722-rtc as3722-rtc: setting system clock to 2000-01-01 00:00:23 UTC (946684823)
[    2.077313] cfg80211: Loading compiled-in X.509 certificates for regulatory database
[    2.086443] cfg80211: Loaded X.509 cert 'sforshee: 00b28ddf47aef9cea7'
[    2.093164] platform regulatory.0: Direct firmware load for regulatory.db failed with error -2
[    2.100209] +3.3V_AVDD_HDMI_AP_GATED: disabling
[    2.101851] cfg80211: failed to load regulatory.db
[    2.106290] +1.8V_RUN_CAM: disabling
[    2.114944] +1.2V_RUN_CAM_FRONT: disabling
[    2.119232] +1.05V_RUN_CAM_REAR: disabling
[    2.123712] +2.8V_RUN_TOUCH: disabling
[    2.127649] +2.8V_RUN_CAM_AF: disabling
[    2.131858] +1.8V_RUN_VPP_FUSE: disabling
[    2.136024] +VDD_LED: disabling
[    2.139194] +5V_VDD_TS_SW: disabling
[    2.142824] +5V_USB_HS: disabling
[    2.146176] +5V_USB_SS: disabling
[    2.149527] +3.3V_PANEL: disabling
[    2.153060] +1.05V_RUN_AVDD_HDMI_PLL: disabling
[    2.157607] +5V_HDMI_CON: disabling
[    2.161123] ALSA device list:
[    2.164083]   #1: GoogleNyanBig
[    2.271968] mmc2: new high speed SDHC card at address 0007
[    2.279297] mmcblk2: mmc2:0007 SD08G 7.42 GiB 
[    2.292859] GPT:Primary header alternate_lba != Alt. header my_lba
[    2.299028] GPT:3014591 != 15564799
[    2.302525] GPT:Primary header thinks Alt. header is not at the end of the disk.
[    2.309906] GPT:3014591 != 15564799
[    2.310189] tegra-sor 54540000.sor: failed to probe output: -517
[    2.313437] GPT: Use GNU Parted to correct GPT errors.
[    2.319670] panel-simple panel: panel supply power not found, using dummy regulator
[    2.324572]  mmcblk2: p1 p2 p3 p4 p5 p6 p7 p8 p9 p10 p11 p12
[    2.332344] input: tegra-hda HDMI/DP,pcm=3 as /devices/soc0/70030000.hda/sound/card0/input4
[    2.346853] EXT4-fs (mmcblk0p3): couldn't mount as ext3 due to feature incompatibilities
[    2.355510] tegra-sor 54540000.sor: failed to probe output: -517
[    2.362743] panel-simple panel: panel supply power not found, using dummy regulator
[    2.620758] EXT4-fs (mmcblk0p3): recovery complete
[    2.626204] EXT4-fs (mmcblk0p3): mounted filesystem with ordered data mode. Opts: (null)
[    2.634332] VFS: Mounted root (ext4 filesystem) on device 179:3.
[    2.640899] devtmpfs: mounted
[    2.644273] Freeing unused kernel memory: 1024K
bash: cannot set terminal process group (-1): Inappropriate ioctl for device
bash: no job control in this shell
root@(none):/# 