
U-Boot SPL 2013.04-rc2-06423-gf2e8a87-dirty (May 15 2013 - 09:45:39)


U-Boot 2013.04-rc2-06423-gf2e8a87-dirty (May 15 2013 - 09:45:39)

TEGRA30
Board: NVIDIA Beaver
DRAM:  2 GiB
MMC:   Tegra SD/MMC: 0, Tegra SD/MMC: 1
*** Warning - bad CRC, using default environment

In:    serial
Out:   serial
Err:   serial
Hit any key to stop autoboot:  2  0 
Tegra30 (Beaver) # 
Tegra30 (Beaver) # setenv bootargs 'console=ttyS0,230400n8 noinitrd root=/dev/mmcblk0p1 rw rootwait gpt ignore_loglevel debug'
Tegra30 (Beaver) # loady 0x81000000
## Ready for binary (ymodem) download to 0x81000000 at 230400 bps...
CSending: zImage
Sending: 

Transfer complete
yzModem - CRC mode, 5(SOH)/4416(STX)/0(CAN) packets, 3 retries
## Total Size      = 0x00450130 = 4522288 Bytes
Tegra30 (Beaver) # loady 0x82000000
## Ready for binary (ymodem) download to 0x82000000 at 230400 bps...
CSending: tegra30-beaver.dtb
Sending: 

Transfer complete
yzModem - CRC mode, 6(SOH)/20(STX)/0(CAN) packets, 3 retries
## Total Size      = 0x000051a8 = 20904 Bytes
Tegra30 (Beaver) # bootz 0x81000000 - 0x82000000
## Flattened Device Tree blob at 82000000
   Booting using the fdt blob at 0x82000000
   Loading Device Tree to 8fff7000, end 8ffff1a7 ... OK

Starting kernel .ø†ø†æ€˜€æ€˜€fæžÎžæžøÎxÎøÎžøž~8˜†žøžf†ø†ø†8xþžøžf†8àÎžþž`Îžøž~8~€žf8æÎxžfžø†æ€˜€[    0.000000] Booting Linux on physical CPU 0x0
[    0.000000] Initializing cgroup subsys cpu
[    0.000000] Initializing cgroup subsys cpuacct
[    0.000000] Linux version 3.12.0-rc5-next-20131016-18135-g93ffd98 (pwalmsley@tamien) (gcc version 4.5.1 (Sourcery G++ Lite 2010.09-50) ) #1 SMP PREEMPT Thu Oct 17 05:38:25 PDT 2013
[    0.000000] CPU: ARMv7 Processor [412fc099] revision 9 (ARMv7), cr=10c5387d
[    0.000000] CPU: PIPT / VIPT nonaliasing data cache, VIPT aliasing instruction cache
[    0.000000] Machine model: NVIDIA Tegra30 Beaver evaluation board
[    0.000000] debug: ignoring loglevel setting.
[    0.000000] cma: CMA: reserved 16 MiB at ae800000
[    0.000000] Memory policy: ECC disabled, Data cache writealloc
[    0.000000] On node 0 totalpages: 524032
[    0.000000] free_area_init_node: node 0, pgdat c0861840, node_mem_map c08b9000
[    0.000000]   Normal zone: 1520 pages used for memmap
[    0.000000]   Normal zone: 0 pages reserved
[    0.000000]   Normal zone: 194560 pages, LIFO batch:31
[    0.000000]   HighMem zone: 2574 pages used for memmap
[    0.000000]   HighMem zone: 329472 pages, LIFO batch:31
[    0.000000] fuse_speedo_calib: ATE prog ver 3.3
[    0.000000] Tegra30: CPU Speedo ID 5, Soc Speedo ID 2
[    0.000000] Tegra Revision: A03 SKU: 128 CPU Process: 4 Core Process: 0
[    0.000000] L310 cache controller enabled
[    0.000000] l2x0: 8 ways, CACHE_ID 0x410000c7, AUX_CTRL 0x7e480001, Cache size: 1024 kB
[    0.000000] PERCPU: Embedded 8 pages/cpu @c18cc000 s9216 r8192 d15360 u32768
[    0.000000] pcpu-alloc: s9216 r8192 d15360 u32768 alloc=8*4096
[    0.000000] pcpu-alloc: [0] 0 [0] 1 [0] 2 [0] 3 
[    0.000000] Built 1 zonelists in Zone order, mobility grouping on.  Total pages: 522512
[    0.000000] Kernel command line: console=ttyS0,230400n8 noinitrd root=/dev/mmcblk0p1 rw rootwait gpt ignore_loglevel debug
[    0.000000] PID hash table entries: 4096 (order: 2, 16384 bytes)
[    0.000000] Dentry cache hash table entries: 131072 (order: 7, 524288 bytes)
[    0.000000] Inode-cache hash table entries: 65536 (order: 6, 262144 bytes)
[    0.000000] Memory: 2053352K/2096128K available (6161K kernel code, 307K rwdata, 1844K rodata, 237K init, 343K bss, 42776K reserved, 1317888K highmem)
[    0.000000] Virtual kernel memory layout:
[    0.000000]     vector  : 0xffff0000 - 0xffff1000   (   4 kB)
[    0.000000]     fixmap  : 0xfff00000 - 0xfffe0000   ( 896 kB)
[    0.000000]     vmalloc : 0xf0000000 - 0xff000000   ( 240 MB)
[    0.000000]     lowmem  : 0xc0000000 - 0xef800000   ( 760 MB)
[    0.000000]     pkmap   : 0xbfe00000 - 0xc0000000   (   2 MB)
[    0.000000]     modules : 0xbf000000 - 0xbfe00000   (  14 MB)
[    0.000000]       .text : 0xc0008000 - 0xc07d9b90   (8007 kB)
[    0.000000]       .init : 0xc07da000 - 0xc0815400   ( 237 kB)
[    0.000000]       .data : 0xc0816000 - 0xc0862ec0   ( 308 kB)
[    0.000000]        .bss : 0xc0862ecc - 0xc08b8b58   ( 344 kB)
[    0.000000] Preemptible hierarchical RCU implementation.
[    0.000000] NR_IRQS:16 nr_irqs:16 16
[    0.000000] sched_clock: 32 bits at 1000kHz, resolution 1000ns, wraps every 2147483648000ns
[    0.000000] Console: colour dummy device 80x30
[    0.000568] Calibrating delay loop... 2786.91 BogoMIPS (lpj=13934592)
[    0.059911] pid_max: default: 32768 minimum: 301
[    0.060265] Mount-cache hash table entries: 512
[    0.070530] Initializing cgroup subsys debug
[    0.070549] Initializing cgroup subsys freezer
[    0.070609] CPU: Testing write buffer coherency: ok
[    0.070988] CPU0: thread -1, cpu 0, socket 0, mpidr 80000000
[    0.071034] Setting up static identity map for 0x805dc958 - 0x805dc9f0
[    0.239959] CPU1: failed to boot: -110
[    0.261227] CPU2: Booted secondary processor
[    0.319975] CPU2: thread -1, cpu 2, socket 0, mpidr 80000002
[    0.341253] CPU3: Booted secondary processor
[    0.399974] CPU3: thread -1, cpu 3, socket 0, mpidr 80000003
[    0.400044] Brought up 3 CPUs
[    0.400057] SMP: Total of 3 processors activated.
[    0.400063] CPU: All CPU(s) started in SVC mode.
[    0.400864] devtmpfs: initialized
[    0.411694] VFP support v0.3: implementor 41 architecture 3 part 30 variant 9 rev 4
[    0.411995] pinctrl core: initialized pinctrl subsystem
[    0.412400] regulator-dummy: no parameters
[    0.413529] NET: Registered protocol family 16
[    0.415959] DMA: preallocated 256 KiB pool for atomic coherent allocations
[    0.416597] cpuidle: using governor ladder
[    0.416603] cpuidle: using governor menu
[    0.424567] No ATAGs?
[    0.424590] hw-breakpoint: found 5 (+1 reserved) breakpoint and 1 watchpoint registers.
[    0.424596] hw-breakpoint: maximum watchpoint size is 4 bytes.
[    0.434003] bio: create slab <bio-0> at 0
[    0.435102] vdd_5v_in: 5000 mV 
[    0.435213] platform 1.regulator: Driver reg-fixed-voltage requests probe deferral
[    0.435255] platform 2.regulator: Driver reg-fixed-voltage requests probe deferral
[    0.435401] vdd_5v_sata: 5000 mV 
[    0.435430] vdd_5v_sata: supplied by vdd_5v_in
[    0.435676] usb1_vbus: 5000 mV 
[    0.435699] usb1_vbus: supplied by vdd_5v_in
[    0.435892] usb3_vbus: 5000 mV 
[    0.435912] usb3_vbus: supplied by vdd_5v_in
[    0.436023] platform 6.regulator: Driver reg-fixed-voltage requests probe deferral
[    0.436174] sys_3v3_pexs: 3300 mV 
[    0.436199] reg-fixed-voltage 7.regulator: Failed to find supply vin
[    0.436292] reg-fixed-voltage 7.regulator: Failed to register regulator: -517
[    0.436304] platform 7.regulator: Driver reg-fixed-voltage requests probe deferral
[    0.437096] vgaarb: loaded
[    0.437940] SCSI subsystem initialized
[    0.438271] usbcore: registered new interface driver usbfs
[    0.438337] usbcore: registered new interface driver hub
[    0.438479] usbcore: registered new device driver usb
[    0.441952] tps62361-vout: 500 <--> 1500 mV at 1160 mV 
[    0.447605] vdd_1v8_gen: 1800 mV 
[    0.447653] vdd_1v8_gen: supplied by vdd_5v_in
[    0.450811] vddio_ddr_1v2: 1200 mV 
[    0.451302] vddio_ddr_1v2: supplied by vdd_5v_in
[    0.454654] vdd_1v5_gen: 1500 mV 
[    0.454687] vdd_1v5_gen: supplied by vdd_5v_in
[    0.458069] vdd_cpu,vdd_sys: 1000 mV 
[    0.460514] vdd_pexa,vdd_pexb: 1050 mV 
[    0.460545] vdd_pexa,vdd_pexb: supplied by vdd_1v5_gen
[    0.463351] vdd_sata,avdd_plle: 1050 mV 
[    0.463383] vdd_sata,avdd_plle: supplied by vdd_1v5_gen
[    0.465834] vdd_rtc: 1200 mV 
[    0.465867] vdd_rtc: supplied by vdd_5v_in
[    0.468326] vddio_sdmmc,avdd_vdac: 3300 mV 
[    0.468359] vddio_sdmmc,avdd_vdac: supplied by vdd_5v_in
[    0.471144] avdd_dsi_csi,pwrdet_mipi: 1200 mV 
[    0.471175] avdd_dsi_csi,pwrdet_mipi: supplied by vdd_1v8_gen
[    0.473654] vdd_pllm,x,u,a_p_c_s: 1200 mV 
[    0.473687] vdd_pllm,x,u,a_p_c_s: supplied by vdd_1v8_gen
[    0.476461] vdd_ddr_hs: 1000 mV 
[    0.476490] vdd_ddr_hs: supplied by vdd_1v8_gen
[    0.476860] Linux video capture interface: v2.00
[    0.477441] platform 7000f010.iommu: Driver tegra-smmu requests probe deferral
[    0.477677] Advanced Linux Sound Architecture Driver Initialized.
[    0.478295] Bluetooth: Core ver 2.17
[    0.478354] NET: Registered protocol family 31
[    0.478359] Bluetooth: HCI device and connection manager initialized
[    0.478377] Bluetooth: HCI socket layer initialized
[    0.478393] Bluetooth: L2CAP socket layer initialized
[    0.478430] Bluetooth: SCO socket layer initialized
[    0.478945] cfg80211: Calling CRDA to update world regulatory domain
[    0.479662] Switched to clocksource timer_us
[    0.489426] NET: Registered protocol family 2
[    0.490128] TCP established hash table entries: 8192 (order: 3, 32768 bytes)
[    0.490191] TCP bind hash table entries: 8192 (order: 4, 65536 bytes)
[    0.490267] TCP: Hash tables configured (established 8192 bind 8192)
[    0.490775] TCP: reno registered
[    0.490790] UDP hash table entries: 512 (order: 2, 16384 bytes)
[    0.490850] UDP-Lite hash table entries: 512 (order: 2, 16384 bytes)
[    0.491239] NET: Registered protocol family 1
[    0.491855] RPC: Registered named UNIX socket transport module.
[    0.491861] RPC: Registered udp transport module.
[    0.491865] RPC: Registered tcp transport module.
[    0.491869] RPC: Registered tcp NFSv4.1 backchannel transport module.
[    0.491877] PCI: CLS 0 bytes, default 64
[    0.492865] hw perfevents: enabled with ARMv7 Cortex-A9 PMU driver, 7 counters available
[    0.495278] bounce pool size: 64 pages
[    0.496419] squashfs: version 4.0 (2009/01/31) Phillip Lougher
[    0.497087] msgmni has been set to 1468
[    0.498205] io scheduler noop registered (default)
[    0.499032] platform 3000.pcie-controller: Driver tegra-pcie requests probe deferral
[    0.502840] tegra-apbdma 6000a000.dma: Tegra20 APB DMA driver register 32 channels
[    0.503246] Serial: 8250/16550 driver, 4 ports, IRQ sharing disabled
[    0.504594] 70006000.serial: ttyS0 at MMIO 0x70006000 (irq = 68, base_baud = 25500000) is a Tegra
[    0.902011] console [ttyS0] enabled
[    0.904397] [drm] Initialized drm 1.1.0 20060810
[    0.907373] tegra-hdmi 54280000.hdmi: failed to get VDD regulator
[    0.910460] platform 54280000.hdmi: Driver tegra-hdmi requests probe deferral
[    0.918713] loop: module loaded
[    0.922977] m25p80 spi32766.1: w25q32 (4096 Kbytes)
[    0.926565] pegasus: v0.9.3 (2013/04/25), Pegasus/Pegasus II USB Ethernet driver
[    0.930374] usbcore: registered new interface driver pegasus
[    0.933276] usbcore: registered new interface driver asix
[    0.936032] usbcore: registered new interface driver ax88179_178a
[    0.939137] usbcore: registered new interface driver cdc_ether
[    0.942124] usbcore: registered new interface driver r815x
[    0.944959] usbcore: registered new interface driver smsc75xx
[    0.947903] usbcore: registered new interface driver smsc95xx
[    0.950848] usbcore: registered new interface driver net1080
[    0.953736] usbcore: registered new interface driver cdc_subset
[    0.956753] usbcore: registered new interface driver zaurus
[    0.959617] usbcore: registered new interface driver cdc_ncm
[    0.962504] ehci_hcd: USB 2.0 'Enhanced' Host Controller (EHCI) Driver
[    0.965778] ehci-pci: EHCI PCI platform driver
[    0.968074] tegra-ehci: Tegra EHCI driver
[    0.970254] platform 7d008000.usb: Driver tegra-ehci requests probe deferral
[    0.973993] usbcore: registered new interface driver cdc_acm
[    0.976831] cdc_acm: USB Abstract Control Model driver for USB modems and ISDN adapters
[    0.980906] usbcore: registered new interface driver cdc_wdm
[    0.983807] usbcore: registered new interface driver usb-storage
[    0.988441] mousedev: PS/2 mouse device common for all mice
[    0.992279] tegra_rtc 7000e000.rtc: rtc core: registered 7000e000.rtc as rtc0
[    0.995883] tegra_rtc 7000e000.rtc: Tegra internal Real Time Clock
[    1.011776] tps65910-rtc tps65910-rtc: rtc core: registered tps65910-rtc as rtc1
[    1.016801] sdhci: Secure Digital Host Controller Interface driver
[    1.019915] sdhci: Copyright(c) Pierre Ossman
[    1.022100] sdhci-pltfm: SDHCI platform and OF driver helper
[    1.025266] sdhci-tegra 78000000.sdhci: Got CD GPIO #69.
[    1.027952] sdhci-tegra 78000000.sdhci: Got WP GPIO #155.
[    1.031729] sdhci-tegra 78000000.sdhci: dummy supplies not allowed
[    1.034828] mmc0: no vqmmc regulator found
[    1.036886] sdhci-tegra 78000000.sdhci: dummy supplies not allowed
[    1.039996] mmc0: no vmmc regulator found
[    1.042007] mmc0: Invalid maximum block size, assuming 512 bytes
[    1.089678] mmc0: SDHCI controller on 78000000.sdhci [78000000.sdhci] using ADMA
[    1.094490] sdhci-tegra 78000600.sdhci: dummy supplies not allowed
[    1.097589] mmc1: no vqmmc regulator found
[    1.099645] sdhci-tegra 78000600.sdhci: dummy supplies not allowed
[    1.102756] mmc1: no vmmc regulator found
[    1.104767] mmc1: Invalid maximum block size, assuming 512 bytes
[    1.149671] mmc1: SDHCI controller on 78000600.sdhci [78000600.sdhci] using ADMA
[    1.156159] usbcore: registered new interface driver usbhid
[    1.160997] usbhid: USB HID core driver
[    1.308159] mmc1: new high speed MMC card at address 0001
[    1.311330] mmcblk0: mmc1:0001 SEM16G 14.8 GiB 
[    1.313864] mmcblk0boot0: mmc1:0001 SEM16G partition 1 1.00 MiB
[    1.317090] mmcblk0boot1: mmc1:0001 SEM16G partition 2 1.00 MiB
[    1.320306] mmcblk0rpmb: mmc1:0001 SEM16G partition 3 128 KiB
[    1.327260] Primary GPT is invalid, using alternate GPT.
[    1.329961]  mmcblk0: p1 p2 p3 p4 p5
[    1.335920]  mmcblk0boot1: unknown partition table
[    1.341282]  mmcblk0boot0: unknown partition table
[    1.588632] tegra-snd-rt5640 sound.4: rt5640-aif1 <-> 70080400.i2s mapping ok
[    1.595310] input: NVIDIA Tegra Beaver Headphones as /devices/soc0/sound.4/sound/card0/input0
[    1.600855] TCP: cubic registered
[    1.602708] NET: Registered protocol family 10
[    1.605998] mip6: Mobile IPv6
[    1.607491] sit: IPv6 over IPv4 tunneling driver
[    1.611045] NET: Registered protocol family 17
[    1.613307] NET: Registered protocol family 15
[    1.615707] Bluetooth: RFCOMM socket layer initialized
[    1.618286] Bluetooth: RFCOMM ver 1.11
[    1.620185] Bluetooth: BNEP (Ethernet Emulation) ver 1.3
[    1.622863] Bluetooth: BNEP socket layer initialized
[    1.625352] Bluetooth: HIDP (Human Interface Emulation) ver 1.2
[    1.628331] Bluetooth: HIDP socket layer initialized
[    1.631297] Registering SWP/SWPB emulation handler
[    1.634183] vdd_sata,avdd_plle: disabling
[    1.637826] chargepump_5v: 5000 mV 
[    1.641187] vdd_ddr: 1500 mV 
[    1.642714] vdd_ddr: supplied by vdd_5v_in
[    1.645939] sys_3v3,vdd_3v3_alw: 3300 mV 
[    1.647985] sys_3v3,vdd_3v3_alw: supplied by vdd_5v_in
[    1.650790] sys_3v3_pexs: 3300 mV 
[    1.652513] sys_3v3_pexs: supplied by sys_3v3,vdd_3v3_alw
[    1.655676] tegra-pcie 3000.pcie-controller: 2x3 configuration
[    1.663163] tegra-pcie 3000.pcie-controller: probing port 0, using 2 lanes
[    1.720921] tegra-pcie 3000.pcie-controller: probing port 2, using 2 lanes
[    2.128588] tegra-pcie 3000.pcie-controller: link 2 down, retrying
[    2.536036] tegra-pcie 3000.pcie-controller: link 2 down, retrying
[    2.943326] tegra-pcie 3000.pcie-controller: link 2 down, retrying
[    2.948440] tegra-pcie 3000.pcie-controller: link 2 down, ignoring
[    2.951731] tegra-pcie 3000.pcie-controller: PCI host bridge to bus 0000:00
[    2.955230] pci_bus 0000:00: root bus resource [mem 0x20000000-0x27ffffff]
[    2.958681] pci_bus 0000:00: root bus resource [mem 0x28000000-0x3fffffff pref]
[    2.962364] pci_bus 0000:00: root bus resource [bus 00-ff]
[    2.965118] pci_bus 0000:00: root bus resource [io  0x1000-0xffff]
[    2.968247] pci 0000:00:01.0: [10de:0e1c] type 01 class 0x060400
[    2.971320] pci 0000:00:01.0: PME# supported from D0 D1 D2 D3hot D3cold
[    2.974838] PCI: bus0: Fast back to back transfers disabled
[    2.977637] pci 0000:00:01.0: bridge configuration invalid ([bus 00-00]), reconfiguring
[    2.981820] pci 0000:01:00.0: [10ec:8168] type 00 class 0x020000
[    2.984850] pci 0000:01:00.0: reg 0x10: [io  0x0000-0x00ff]
[    2.987658] pci 0000:01:00.0: reg 0x18: [mem 0x00000000-0x00000fff 64bit pref]
[    2.991301] pci 0000:01:00.0: reg 0x20: [mem 0x00000000-0x00003fff 64bit pref]
[    2.994969] pci 0000:01:00.0: supports D1 D2
[    2.997111] pci 0000:01:00.0: PME# supported from D0 D1 D2 D3hot D3cold
[    3.019687] PCI: bus1: Fast back to back transfers disabled
[    3.022488] pci_bus 0000:01: busn_res: [bus 01-ff] end is updated to 01
[    3.025844] pci 0000:00:01.0: BAR 9: assigned [mem 0x28000000-0x280fffff 64bit pref]
[    3.029743] pci 0000:00:01.0: BAR 7: assigned [io  0x1000-0x1fff]
[    3.032806] pci 0000:01:00.0: BAR 4: assigned [mem 0x28000000-0x28003fff 64bit pref]
[    3.036699] pci 0000:01:00.0: BAR 2: assigned [mem 0x28004000-0x28004fff 64bit pref]
[    3.040599] pci 0000:01:00.0: BAR 0: assigned [io  0x1000-0x10ff]
[    3.043660] pci 0000:00:01.0: PCI bridge to [bus 01]
[    3.046151] pci 0000:00:01.0:   bridge window [io  0x1000-0x1fff]
[    3.049210] pci 0000:00:01.0:   bridge window [mem 0x28000000-0x280fffff 64bit pref]
[    3.053135] pci 0000:00:01.0: nv_msi_ht_cap_quirk didn't locate host bridge
[    3.056796] r8169 Gigabit Ethernet driver 2.3LK-NAPI loaded
[    3.059647] pcieport 0000:00:01.0: driver skip pci_set_master, fix it!
[    3.062938] PCI: enabling device 0000:01:00.0 (0140 -> 0143)
[    3.066648] r8169 0000:01:00.0 eth0: RTL8168evl/8111evl at 0xf0022000, 02:04:4b:01:60:a6, XID 0c900800 IRQ 472
[    3.071688] r8169 0000:01:00.0 eth0: jumbo features [frames: 9200 bytes, tx checksumming: ko]
[    3.077977] [drm] Supports vblank timestamp caching Rev 1 (10.10.2010).
[    3.081445] [drm] No driver support for vblank timestamp query.
[    3.084451] host1x drm: No connectors reported connected with modes
[    3.087601] [drm] Cannot find any crtc or sizes - going 1024x768
[    3.106197] Console: switching to colour frame buffer device 128x48
[    3.115338] host1x drm: fb0:  frame buffer device
[    3.117698] host1x drm: registered panic notifier
[    3.120080] [drm] Initialized tegra 0.0.0 20120330 on minor 0
[    3.126063] utmi_phy_clk_enable: timeout waiting for phy to stabilize
[    3.129298] tegra-ehci 7d008000.usb: EHCI Host Controller
[    3.132036] tegra-ehci 7d008000.usb: new USB bus registered, assigned bus number 1
[    3.136162] tegra-ehci 7d008000.usb: irq 129, io mem 0x7d008000
[    3.149679] tegra-ehci 7d008000.usb: USB 2.0 started, EHCI 1.00
[    3.153254] hub 1-0:1.0: USB hub found
[    3.155166] hub 1-0:1.0: 1 port detected
[    3.158027] tegra_rtc 7000e000.rtc: setting system clock to 1970-01-01 00:03:52 UTC (232)
[    3.169756] ALSA device list:
[    3.171257]   #0: NVIDIA Tegra Beaver
[    3.267131] kjournald starting.  Commit interval 5 seconds
[    3.268789] EXT3-fs (mmcblk0p1): using internal journal
[    3.270239] EXT3-fs (mmcblk0p1): recovery complete
[    3.270242] EXT3-fs (mmcblk0p1): mounted filesystem with writeback data mode
[    3.270311] VFS: Mounted root (ext3 filesystem) on device 179:1.
[    3.272558] devtmpfs: mounted
[    3.272751] Freeing unused kernel memory: 236K (c07da000 - c0815000)
 
INIT: version 2.88 booting
[info] Using makefile-style concurrent boot in runlevel S.
[....] Starting the hotplug events dispatcher: udevd[    4.165153] udevd[177]: starting version 175
[ ok .
[....] Synthesizing the initial hotplug events...[ ok done.
[....] Waiting for /dev to be fully populated...[ ok done.
[....] Activating swap...[ ok done.
[....] Cleaning up temporary files... /tmp[ ok .
[....] Activating lvm and md swap...[ ok done.
[....] Checking file systems...fsck from util-linux 2.20.1
[ ok done.
[....] Mounting local filesystems...[ ok done.
[....] Activating swapfile swap...[ ok done.
[....] Cleaning up temporary files...[ ok .
[....] Setting kernel variables ...[ ok done.
[....] Configuring network interfaces...[ ok done.
[....] Starting rpcbind daemon...[ ok .
[....] Starting NFS common utilities: statd idmapd[FAIL failed!
[....] Cleaning up temporary files...[ ok .
[....] Starting network benchmark server[ ok .
[....] startpar: service(s) returned failure: nfs-common ...[FAIL failed!
INIT: Entering runlevel: 2
[info] Using makefile-style concurrent boot in runlevel 2.
[....] Starting network benchmark server[FAIL failed!
[....] Starting rpcbind daemon...[....] Already running.[ ok .
[....] Starting NFS common utilities: statd idmapd[FAIL failed!
[....] Starting system message bus: dbus[ ok .
[....] startpar: service(s) returned failure: nfs-common ...[FAIL failed!

Debian GNU/Linux wheezy/sid armel ttyS0

armel login: 