
U-Boot SPL 2014.01-00219-gc4d376f (Feb 18 2014 - 19:57:18)


U-Boot 2014.01-00219-gc4d376f (Feb 18 2014 - 19:57:18)

TEGRA30
Board: NVIDIA Beaver
I2C:   ready
DRAM:  2 GiB
MMC:   Tegra SD/MMC: 0, Tegra SD/MMC: 1
In:    serial
Out:   serial
Err:   serial
Net:   Net Initialization Skipped
No ethernet found.
Hit any key to stop autoboot:  2  0 
Tegra30 (Beaver) # 
Tegra30 (Beaver) # usb reset
(Re)start USB...
USB0:   USB EHCI 1.00
scanning bus 0 for devices... 2 USB Device(s) found
       scanning usb for storage devices... 0 Storage Device(s) found
       scanning usb for ethernet devices... 
Warning: asx0 using MAC address from net device
1 Ethernet Device(s) found
Tegra30 (Beaver) # setenv bootargs 'ignore_loglevel console=ttyS0,115200n8 rw root=PARTUUID=edbe1840-3633-c751-7993-b0ac834f81e0 rootwait gpt debug noinitrd earlyprintk init=/bin/bash'
Tegra30 (Beaver) # setenv ipaddr 192.168.100.101; setenv serverip 192.168.100.1; setenv tftpserverip 192.168.100.1
Tegra30 (Beaver) # tftpboot 0x81000000 zImage.tegra_defconfig
Using asx0 device
TFTP from server 192.168.100.1; our IP address is 192.168.100.101
Filename 'zImage.tegra_defconfig'.
Load address: 0x81000000
Loading: *#################################################################
	 #################################################################
	 #################################################################
	 #################################################################
	 #################################################################
	 ######################################################
	 3.3 MiB/s
done
Bytes transferred = 5555424 (54c4e0 hex)
Tegra30 (Beaver) # tftpboot 0x82000000 tegra30-beaver.dtb
Using asx0 device
TFTP from server 192.168.100.1; our IP address is 192.168.100.101
Filename 'tegra30-beaver.dtb'.
Load address: 0x82000000
Loading: *####
	 2.9 MiB/s
done
Bytes transferred = 51804 (ca5c hex)
Tegra30 (Beaver) # bootz 0x81000000 - 0x82000000
Kernel image @ 0x81000000 [ 0x000000 - 0x54c4e0 ]
## Flattened Device Tree blob at 82000000
   Booting using the fdt blob at 0x82000000
   Loading Device Tree to 8fff0000, end 8ffffa5b ... OK

Starting kernel ...

Uncompressing Linux... done, booting the kernel.
[    0.000000] Booting Linux on physical CPU 0x0
[    0.000000] Linux version 4.10.0-rc8-next-20170215-153117-gfee922e (pwalmsley@kaivo) (gcc version 4.7.3 20130328 (prerelease) (crosstool-NG linaro-1.13.1-4.7-2013.04-20130415 - Linaro GCC 2013.04) ) #1 SMP PREEMPT Tue Feb 14 22:18:59 PST 2017
[    0.000000] CPU: ARMv7 Processor [412fc099] revision 9 (ARMv7), cr=10c5387d
[    0.000000] CPU: PIPT / VIPT nonaliasing data cache, VIPT aliasing instruction cache
[    0.000000] OF: fdt: Machine model: NVIDIA Tegra30 Beaver evaluation board
[    0.000000] debug: ignoring loglevel setting.
[    0.000000] bootconsole [earlycon0] enabled
[    0.000000] cma: Reserved 64 MiB at 0xfbc00000
[    0.000000] Memory policy: Data cache writealloc
[    0.000000] On node 0 totalpages: 524032
[    0.000000] free_area_init_node: node 0, pgdat c0d5ec00, node_mem_map eeff7000
[    0.000000]   Normal zone: 1536 pages used for memmap
[    0.000000]   Normal zone: 0 pages reserved
[    0.000000]   Normal zone: 196608 pages, LIFO batch:31
[    0.000000]   HighMem zone: 327424 pages, LIFO batch:31
[    0.000000] percpu: Embedded 16 pages/cpu @eef8b000 s34688 r8192 d22656 u65536
[    0.000000] pcpu-alloc: s34688 r8192 d22656 u65536 alloc=16*4096
[    0.000000] pcpu-alloc: [0] 0 [0] 1 [0] 2 [0] 3 
[    0.000000] Built 1 zonelists in Zone order, mobility grouping on.  Total pages: 522496
[    0.000000] Kernel command line: ignore_loglevel console=ttyS0,115200n8 rw root=PARTUUID=edbe1840-3633-c751-7993-b0ac834f81e0 rootwait gpt debug noinitrd earlyprintk init=/bin/bash
[    0.000000] PID hash table entries: 4096 (order: 2, 16384 bytes)
[    0.000000] Dentry cache hash table entries: 131072 (order: 7, 524288 bytes)
[    0.000000] Inode-cache hash table entries: 65536 (order: 6, 262144 bytes)
[    0.000000] Memory: 1999844K/2096128K available (8192K kernel code, 384K rwdata, 2492K rodata, 1024K init, 369K bss, 30748K reserved, 65536K cma-reserved, 1244160K highmem)
[    0.000000] Virtual kernel memory layout:
[    0.000000]     vector  : 0xffff0000 - 0xffff1000   (   4 kB)
[    0.000000]     fixmap  : 0xffc00000 - 0xfff00000   (3072 kB)
[    0.000000]     vmalloc : 0xf0800000 - 0xff800000   ( 240 MB)
[    0.000000]     lowmem  : 0xc0000000 - 0xf0000000   ( 768 MB)
[    0.000000]     pkmap   : 0xbfe00000 - 0xc0000000   (   2 MB)
[    0.000000]     modules : 0xbf000000 - 0xbfe00000   (  14 MB)
[    0.000000]       .text : 0xc0008000 - 0xc0900000   (9184 kB)
[    0.000000]       .init : 0xc0c00000 - 0xc0d00000   (1024 kB)
[    0.000000]       .data : 0xc0d00000 - 0xc0d600e0   ( 385 kB)
[    0.000000]        .bss : 0xc0d62000 - 0xc0dbe66c   ( 370 kB)
[    0.000000] Preemptible hierarchical RCU implementation.
[    0.000000] 	Build-time adjustment of leaf fanout to 32.
[    0.000000] NR_IRQS:16 nr_irqs:16 16
[    0.000000] /interrupt-controller@60004000: 160 interrupts forwarded to /interrupt-controller@50041000
[    0.000000] L2C: platform modifies aux control register: 0x02080000 -> 0x3e480001
[    0.000000] L2C: DT/platform modifies aux control register: 0x02080000 -> 0x3e480001
[    0.000000] L2C-310 erratum 769419 enabled
[    0.000000] L2C-310 enabling early BRESP for Cortex-A9
[    0.000000] L2C-310: enabling full line of zeros but not enabled in Cortex-A9
[    0.000000] L2C-310 dynamic clock gating enabled, standby mode enabled
[    0.000000] L2C-310 cache controller enabled, 8 ways, 1024 kB
[    0.000000] L2C-310: CACHE_ID 0x410000c7, AUX_CTRL 0x4e480001
[    0.000012] sched_clock: 32 bits at 1000kHz, resolution 1000ns, wraps every 2147483647500ns
[    0.006538] clocksource: timer_us: mask: 0xffffffff max_cycles: 0xffffffff, max_idle_ns: 1911260446275 ns
[    0.016153] Switching to timer-based delay loop, resolution 1000ns
[    0.023233] Console: colour dummy device 80x30
[    0.026920] Calibrating delay loop (skipped), value calculated using timer frequency.. 2.00 BogoMIPS (lpj=10000)
[    0.037132] pid_max: default: 32768 minimum: 301
[    0.042172] Mount-cache hash table entries: 2048 (order: 1, 8192 bytes)
[    0.048478] Mountpoint-cache hash table entries: 2048 (order: 1, 8192 bytes)
[    0.056293] CPU: Testing write buffer coherency: ok
[    0.060873] CPU0: thread -1, cpu 0, socket 0, mpidr 80000000
[    0.089995] Setting up static identity map for 0x80100000 - 0x80100098
[    0.120398] Tegra Revision: A03 SKU: 128 CPU Process: 4 SoC Process: 0
[    0.125818] smp: Bringing up secondary CPUs ...
[    0.200391] CPU1: thread -1, cpu 1, socket 0, mpidr 80000001
[    0.280380] CPU2: thread -1, cpu 2, socket 0, mpidr 80000002
[    0.360381] CPU3: thread -1, cpu 3, socket 0, mpidr 80000003
[    0.360426] smp: Brought up 1 node, 4 CPUs
[    0.379853] SMP: Total of 4 processors activated (8.00 BogoMIPS).
[    0.386011] CPU: All CPU(s) started in SVC mode.
[    0.391754] devtmpfs: initialized
[    0.407356] VFP support v0.3: implementor 41 architecture 3 part 30 variant 9 rev 4
[    0.413509] clocksource: jiffies: mask: 0xffffffff max_cycles: 0xffffffff, max_idle_ns: 19112604462750000 ns
[    0.426204] pinctrl core: initialized pinctrl subsystem
[    0.430930] NET: Registered protocol family 16
[    0.436152] DMA: preallocated 256 KiB pool for atomic coherent allocations
[    0.442543] cpuidle: using governor menu
[    0.462088] No ATAGs?
[    0.462208] hw-breakpoint: found 5 (+1 reserved) breakpoint and 1 watchpoint registers.
[    0.470732] hw-breakpoint: maximum watchpoint size is 4 bytes.
[    0.478310] tegra-mc 7000f000.memory-controller: no memory timings for RAM code 3 registered
[    0.499214] vdd_5v_sata: Failed to request enable GPIO30: -517
[    0.503245] reg-fixed-voltage regulators:regulator@3: Failed to register regulator: -517
[    0.511429] usb1_vbus: Failed to request enable GPIO238: -517
[    0.517171] reg-fixed-voltage regulators:regulator@4: Failed to register regulator: -517
[    0.525380] usb3_vbus: Failed to request enable GPIO236: -517
[    0.531133] reg-fixed-voltage regulators:regulator@5: Failed to register regulator: -517
[    0.539384] sys_3v3_pexs: Failed to request enable GPIO95: -517
[    0.545261] reg-fixed-voltage regulators:regulator@7: Failed to register regulator: -517
[    0.554610] vgaarb: loaded
[    0.556866] SCSI subsystem initialized
[    0.560238] libata version 3.00 loaded.
[    0.564228] usbcore: registered new interface driver usbfs
[    0.569493] usbcore: registered new interface driver hub
[    0.574893] usbcore: registered new device driver usb
[    0.587668] vrtc: supplied by vdd_5v_in
[    0.593045] vio: supplied by vdd_5v_in
[    0.601954] vdd1: supplied by vdd_5v_in
[    0.605337] vddio_ddr_1v2: Bringing 600000uV into 1200000-1200000uV
[    0.621923] vdd2: supplied by vdd_5v_in
[    0.641936] ldo1: supplied by vdd_1v5_gen
[    0.646570] ldo2: supplied by vdd_1v5_gen
[    0.649236] vdd_sata,avdd_plle: Bringing 1200000uV into 1050000-1050000uV
[    0.657911] ldo3: supplied by vdd_5v_in
[    0.662363] ldo4: supplied by vdd_5v_in
[    0.671950] ldo5: supplied by vdd_5v_in
[    0.681928] ldo6: supplied by vdd_1v8_gen
[    0.684605] avdd_dsi_csi,pwrdet_mipi: Bringing 1000000uV into 1200000-1200000uV
[    0.693792] ldo7: supplied by vdd_1v8_gen
[    0.701928] ldo8: supplied by vdd_1v8_gen
[    0.712217] Linux video capture interface: v2.00
[    0.715079] pps_core: LinuxPPS API ver. 1 registered
[    0.720042] pps_core: Software ver. 5.3.6 - Copyright 2005-2007 Rodolfo Giometti <giometti@linux.it>
[    0.729254] PTP clock support registered
[    0.733775] Advanced Linux Sound Architecture Driver Initialized.
[    0.740074] Bluetooth: Core ver 2.22
[    0.743045] NET: Registered protocol family 31
[    0.747502] Bluetooth: HCI device and connection manager initialized
[    0.753932] Bluetooth: HCI socket layer initialized
[    0.758864] Bluetooth: L2CAP socket layer initialized
[    0.764009] Bluetooth: SCO socket layer initialized
[    0.770162] clocksource: Switched to clocksource timer_us
[    0.785865] NET: Registered protocol family 2
[    0.789361] TCP established hash table entries: 8192 (order: 3, 32768 bytes)
[    0.795578] TCP bind hash table entries: 8192 (order: 4, 65536 bytes)
[    0.802087] TCP: Hash tables configured (established 8192 bind 8192)
[    0.809008] UDP hash table entries: 512 (order: 2, 16384 bytes)
[    0.814473] UDP-Lite hash table entries: 512 (order: 2, 16384 bytes)
[    0.821150] NET: Registered protocol family 1
[    0.825839] RPC: Registered named UNIX socket transport module.
[    0.831222] RPC: Registered udp transport module.
[    0.835971] RPC: Registered tcp transport module.
[    0.840748] RPC: Registered tcp NFSv4.1 backchannel transport module.
[    0.847245] PCI: CLS 0 bytes, default 64
[    0.853182] hw perfevents: enabled with armv7_cortex_a9 PMU driver, 7 counters available
[    0.860647] futex hash table entries: 1024 (order: 4, 65536 bytes)
[    0.866451] workingset: timestamp_bits=30 max_order=19 bucket_order=0
[    0.873240] squashfs: version 4.0 (2009/01/31) Phillip Lougher
[    0.878646] NFS: Registering the id_resolver key type
[    0.883279] Key type id_resolver registered
[    0.887429] Key type id_legacy registered
[    0.895261] bounce: pool size: 64 pages
[    0.897276] io scheduler noop registered (default)
[    0.902190] io scheduler mq-deadline registered
[    0.911217] tegra30-pinctrl 70000868.pinmux: invalid group "sdmmc3_dat6_pd3" for function "rsvd1"
[    0.918259] tegra30-pinctrl 70000868.pinmux: invalid group "sdmmc3_dat7_pd4" for function "rsvd1"
[    0.927238] tegra30-pinctrl 70000868.pinmux: invalid group "vi_vsync_pd6" for function "rsvd1"
[    0.935864] tegra30-pinctrl 70000868.pinmux: invalid group "vi_hsync_pd7" for function "rsvd1"
[    0.945053] tegra30-pinctrl 70000868.pinmux: invalid group "hdmi_int_pn7" for function "rsvd1"
[    0.953238] tegra30-pinctrl 70000868.pinmux: invalid group "ulpi_data3_po4" for function "rsvd1"
[    0.962409] tegra30-pinctrl 70000868.pinmux: invalid group "vi_d10_pt2" for function "rsvd1"
[    0.970533] tegra30-pinctrl 70000868.pinmux: invalid group "vi_d11_pt3" for function "rsvd1"
[    0.979013] tegra30-pinctrl 70000868.pinmux: invalid group "vi_d0_pt4" for function "rsvd1"
[    0.987478] tegra30-pinctrl 70000868.pinmux: invalid group "pu0" for function "rsvd1"
[    0.995343] tegra30-pinctrl 70000868.pinmux: invalid group "pu3" for function "rsvd1"
[    1.003237] tegra30-pinctrl 70000868.pinmux: invalid group "pu6" for function "rsvd1"
[    1.011126] tegra30-pinctrl 70000868.pinmux: invalid group "pv3" for function "rsvd1"
[    1.019493] tegra30-pinctrl 70000868.pinmux: invalid group "pbb0" for function "rsvd1"
[    1.027076] tegra30-pinctrl 70000868.pinmux: invalid group "pcc1" for function "rsvd1"
[    1.036687] tegra-pcie 3000.pcie-controller: 2x3 configuration
[    1.040984] tegra-pcie 3000.pcie-controller: Failed to get supply 'hvdd-pex': -517
[    1.052889] tegra-apbdma 6000a000.dma: Tegra20 APB DMA driver register 32 channels
[    1.059158] tegra-pmc 7000e400.pmc: i2c-thermtrip node not found, emergency thermal reset disabled.
[    1.068179] Serial: 8250/16550 driver, 4 ports, IRQ sharing disabled
[    1.075829] console [ttyS0] disabled
[    1.077814] 70006000.serial: ttyS0 at MMIO 0x70006000 (irq = 331, base_baud = 25500000) is a Tegra
[    1.086848] console [ttyS0] enabled
[    1.086848] console [ttyS0] enabled
[    1.093146] bootconsole [earlycon0] disabled
[    1.093146] bootconsole [earlycon0] disabled
[    1.103798] tegra-hdmi 54280000.hdmi: failed to get HDMI regulator
[    1.121235] loop: module loaded
[    1.127155] m25p80 spi32766.1: w25q32 (4096 Kbytes)
[    1.143740] libphy: Fixed MDIO Bus: probed
[    1.147828] CAN device driver interface
[    1.151743] igb: Intel(R) Gigabit Ethernet Network Driver - version 5.4.0-k
[    1.158687] igb: Copyright (c) 2007-2014 Intel Corporation.
[    1.164387] pegasus: v0.9.3 (2013/04/25), Pegasus/Pegasus II USB Ethernet driver
[    1.171881] usbcore: registered new interface driver pegasus
[    1.177587] usbcore: registered new interface driver asix
[    1.183044] usbcore: registered new interface driver ax88179_178a
[    1.189172] usbcore: registered new interface driver cdc_ether
[    1.195082] usbcore: registered new interface driver smsc75xx
[    1.200901] usbcore: registered new interface driver smsc95xx
[    1.206683] usbcore: registered new interface driver net1080
[    1.212405] usbcore: registered new interface driver cdc_subset
[    1.218360] usbcore: registered new interface driver zaurus
[    1.223999] usbcore: registered new interface driver cdc_ncm
[    1.230127] ehci_hcd: USB 2.0 'Enhanced' Host Controller (EHCI) Driver
[    1.236669] ehci-pci: EHCI PCI platform driver
[    1.241170] tegra-ehci: Tegra EHCI driver
[    1.245783] usbcore: registered new interface driver cdc_acm
[    1.251442] cdc_acm: USB Abstract Control Model driver for USB modems and ISDN adapters
[    1.259480] usbcore: registered new interface driver cdc_wdm
[    1.265202] usbcore: registered new interface driver usb-storage
[    1.272508] tegra_rtc 7000e000.rtc: rtc core: registered 7000e000.rtc as rtc1
[    1.279661] tegra_rtc 7000e000.rtc: Tegra internal Real Time Clock
[    1.288608] random: fast init done
[    1.302327] tps65910-rtc tps65910-rtc: rtc core: registered tps65910-rtc as rtc0
[    1.309751] i2c /dev entries driver
[    1.314330] usbcore: registered new interface driver uvcvideo
[    1.320060] USB Video Class driver (1.1.1)
[    1.324155] gspca_main: v2.14.0 registered
[    1.329021] tegra-wdt 60005000.timer: initialized (heartbeat = 120 sec, nowayout = 0)
[    1.337321] sdhci: Secure Digital Host Controller Interface driver
[    1.343498] sdhci: Copyright(c) Pierre Ossman
[    1.347841] sdhci-pltfm: SDHCI platform and OF driver helper
[    1.353716] sdhci-tegra 78000000.sdhci: Got CD GPIO
[    1.358591] sdhci-tegra 78000000.sdhci: Got WP GPIO
[    1.364743] mmc0: Invalid maximum block size, assuming 512 bytes
[    1.430353] mmc0: SDHCI controller on 78000000.sdhci [78000000.sdhci] using ADMA
[    1.443239] mmc1: Invalid maximum block size, assuming 512 bytes
[    1.510194] mmc1: SDHCI controller on 78000600.sdhci [78000600.sdhci] using ADMA
[    1.529660] usbcore: registered new interface driver usbhid
[    1.539291] usbhid: USB HID core driver
[    1.592091] mmc1: new high speed MMC card at address 0001
[    1.598082] mmcblk1: mmc1:0001 SEM16G 14.8 GiB 
[    1.602990] mmcblk1boot0: mmc1:0001 SEM16G partition 1 1.00 MiB
[    1.609242] mmcblk1boot1: mmc1:0001 SEM16G partition 2 1.00 MiB
[    1.619525] mmcblk1rpmb: mmc1:0001 SEM16G partition 3 128 KiB
[    1.628287] Primary GPT is invalid, using alternate GPT.
[    1.633653]  mmcblk1: p1 p2 p3 p4 p5
[    1.645294] mmc0: new ultra high speed DDR50 SDHC card at address aaaa
[    1.652382] mmcblk0: mmc0:aaaa SS04G 3.69 GiB 
[    1.678415]  mmcblk0: p1 p2 p3
[    1.982346] tegra30-i2s 70080400.i2s: DMA channels sourced from device 70080000.ahub
[    1.998033] tegra-snd-rt5640 sound: rt5640-aif1 <-> 70080400.i2s mapping ok
[    2.008245] input: NVIDIA Tegra Beaver Headphones as /devices/soc0/sound/sound/card0/input0
[    2.018325] NET: Registered protocol family 10
[    2.023927] Segment Routing with IPv6
[    2.027700] mip6: Mobile IPv6
[    2.030676] sit: IPv6, IPv4 and MPLS over IPv4 tunneling driver
[    2.037952] NET: Registered protocol family 17
[    2.042441] NET: Registered protocol family 15
[    2.046872] can: controller area network core (rev 20120528 abi 9)
[    2.053127] NET: Registered protocol family 29
[    2.057559] can: raw protocol (rev 20120528)
[    2.061842] can: broadcast manager protocol (rev 20161123 t)
[    2.067490] can: netlink gateway (rev 20130117) max_hops=1
[    2.073122] Bluetooth: RFCOMM socket layer initialized
[    2.078264] Bluetooth: RFCOMM ver 1.11
[    2.082120] Bluetooth: BNEP (Ethernet Emulation) ver 1.3
[    2.087424] Bluetooth: BNEP socket layer initialized
[    2.092385] Bluetooth: HIDP (Human Interface Emulation) ver 1.2
[    2.098291] Bluetooth: HIDP socket layer initialized
[    2.103461] Key type dns_resolver registered
[    2.108155] Registering SWP/SWPB emulation handler
[    2.126279] vdd_ddr: supplied by vdd_5v_in
[    2.131201] vdd_5v_sata: supplied by vdd_5v_in
[    2.135954] usb1_vbus: supplied by vdd_5v_in
[    2.140556] usb3_vbus: supplied by vdd_5v_in
[    2.146041] sys_3v3,vdd_3v3_alw: supplied by vdd_5v_in
[    2.151951] sys_3v3_pexs: supplied by sys_3v3,vdd_3v3_alw
[    2.157544] +VDD_5V_HDMI: supplied by sys_3v3,vdd_3v3_alw
[    2.163225] tegra-pcie 3000.pcie-controller: 2x3 configuration
[    2.171597] tegra-pcie 3000.pcie-controller: probing port 0, using 2 lanes
[    2.236736] tegra-pcie 3000.pcie-controller: probing port 2, using 2 lanes
[    2.647482] tegra-pcie 3000.pcie-controller: link 2 down, retrying
[    3.057519] tegra-pcie 3000.pcie-controller: link 2 down, retrying
[    3.467568] tegra-pcie 3000.pcie-controller: link 2 down, retrying
[    3.475759] tegra-pcie 3000.pcie-controller: link 2 down, ignoring
[    3.482118] tegra-pcie 3000.pcie-controller: PCI host bridge to bus 0000:00
[    3.489068] pci_bus 0000:00: root bus resource [io  0x0000-0xffff]
[    3.495249] pci_bus 0000:00: root bus resource [mem 0x20000000-0x27ffffff]
[    3.502117] pci_bus 0000:00: root bus resource [mem 0x28000000-0x3fffffff pref]
[    3.509410] pci_bus 0000:00: root bus resource [bus 00-ff]
[    3.514928] pci 0000:00:01.0: [10de:0e1c] type 01 class 0x060400
[    3.520983] pci_bus 0000:00: 2-byte config write to 0000:00:01.0 offset 0x52 may corrupt adjacent RW1C bits
[    3.530730] pci 0000:00:01.0: PME# supported from D0 D1 D2 D3hot D3cold
[    3.537331] pci_bus 0000:00: 2-byte config write to 0000:00:01.0 offset 0x4c may corrupt adjacent RW1C bits
[    3.547271] pci_bus 0000:00: 2-byte config write to 0000:00:01.0 offset 0x3e may corrupt adjacent RW1C bits
[    3.557004] pci_bus 0000:00: 2-byte config write to 0000:00:01.0 offset 0x4 may corrupt adjacent RW1C bits
[    3.566647] pci_bus 0000:00: 1-byte config write to 0000:00:01.0 offset 0xc may corrupt adjacent RW1C bits
[    3.576284] PCI: bus0: Fast back to back transfers disabled
[    3.581852] pci 0000:00:01.0: bridge configuration invalid ([bus 00-00]), reconfiguring
[    3.589839] pci_bus 0000:00: 2-byte config write to 0000:00:01.0 offset 0x3e may corrupt adjacent RW1C bits
[    3.599568] pci_bus 0000:00: 2-byte config write to 0000:00:01.0 offset 0x3e may corrupt adjacent RW1C bits
[    3.609296] pci_bus 0000:00: 2-byte config write to 0000:00:01.0 offset 0x3e may corrupt adjacent RW1C bits
[    3.619023] pci_bus 0000:00: 2-byte config write to 0000:00:01.0 offset 0x6 may corrupt adjacent RW1C bits
[    3.628813] pci 0000:01:00.0: [10ec:8168] type 00 class 0x020000
[    3.634832] pci 0000:01:00.0: reg 0x10: [io  0x0000-0x00ff]
[    3.640415] pci 0000:01:00.0: reg 0x18: [mem 0x00000000-0x00000fff 64bit pref]
[    3.647628] pci 0000:01:00.0: reg 0x20: [mem 0x00000000-0x00003fff 64bit pref]
[    3.654875] pci_bus 0000:01: 2-byte config write to 0000:01:00.0 offset 0x52 may corrupt adjacent RW1C bits
[    3.664647] pci 0000:01:00.0: supports D1 D2
[    3.668905] pci 0000:01:00.0: PME# supported from D0 D1 D2 D3hot D3cold
[    3.700194] PCI: bus1: Fast back to back transfers disabled
[    3.705757] pci_bus 0000:01: busn_res: [bus 01-ff] end is updated to 01
[    3.712430] pci 0000:00:01.0: BAR 9: assigned [mem 0x28000000-0x280fffff 64bit pref]
[    3.720168] pci 0000:00:01.0: BAR 7: assigned [io  0x1000-0x1fff]
[    3.726251] pci 0000:01:00.0: BAR 4: assigned [mem 0x28000000-0x28003fff 64bit pref]
[    3.733998] pci 0000:01:00.0: BAR 2: assigned [mem 0x28004000-0x28004fff 64bit pref]
[    3.741741] pci 0000:01:00.0: BAR 0: assigned [io  0x1000-0x10ff]
[    3.747824] pci 0000:00:01.0: PCI bridge to [bus 01]
[    3.752785] pci 0000:00:01.0:   bridge window [io  0x1000-0x1fff]
[    3.758865] pci 0000:00:01.0:   bridge window [mem 0x28000000-0x280fffff 64bit pref]
[    3.766615] pci 0000:00:01.0: nv_msi_ht_cap_quirk didn't locate host bridge
[    3.773635] pcieport 0000:00:01.0: enabling device (0140 -> 0143)
[    3.780011] pcieport 0000:00:01.0: Signaling PME with IRQ 374
[    3.785980] r8169 Gigabit Ethernet driver 2.3LK-NAPI loaded
[    3.791598] r8169 0000:01:00.0: enabling device (0140 -> 0143)
[    3.798651] r8169 0000:01:00.0 eth0: RTL8168evl/8111evl at 0xf0a10000, 02:04:4b:01:60:a6, XID 0c900800 IRQ 375
[    3.808657] r8169 0000:01:00.0 eth0: jumbo features [frames: 9200 bytes, tx checksumming: ko]
[    3.819677] [drm] Supports vblank timestamp caching Rev 2 (21.10.2013).
[    3.826316] [drm] No driver support for vblank timestamp query.
[    3.832286] [drm] Cannot find any crtc or sizes - going 1024x768
[    3.858430] Console: switching to colour frame buffer device 128x48
[    3.870814] drm drm: fb0:  frame buffer device
[    3.875316] [drm] Initialized tegra 0.0.0 20120330 for drm on minor 0
[    3.885254] utmi_phy_clk_enable: timeout waiting for phy to stabilize
[    3.891731] tegra-ehci 7d004000.usb: EHCI Host Controller
[    3.897142] tegra-ehci 7d004000.usb: new USB bus registered, assigned bus number 1
[    3.905044] tegra-ehci 7d004000.usb: irq 343, io mem 0x7d004000
[    3.940175] tegra-ehci 7d004000.usb: USB 2.0 started, EHCI 1.00
[    3.947402] hub 1-0:1.0: USB hub found
[    3.951207] hub 1-0:1.0: 1 port detected
[    3.955687] tegra-ehci 7d008000.usb: EHCI Host Controller
[    3.961115] tegra-ehci 7d008000.usb: new USB bus registered, assigned bus number 2
[    3.968931] tegra-ehci 7d008000.usb: irq 344, io mem 0x7d008000
[    4.000173] tegra-ehci 7d008000.usb: USB 2.0 started, EHCI 1.00
[    4.007256] hub 2-0:1.0: USB hub found
[    4.011050] hub 2-0:1.0: 1 port detected
[    4.018997] tps65910-rtc tps65910-rtc: setting system clock to 2000-01-01 00:00:02 UTC (946684802)
[    4.028498] vdd_sata,avdd_plle: disabling
[    4.032907] usb1_vbus: disabling
[    4.036127] ALSA device list:
[    4.039083]   #0: NVIDIA Tegra Beaver
[    4.044626] EXT4-fs (mmcblk1p1): mounting ext3 file system using the ext4 subsystem
[    4.061203] EXT4-fs (mmcblk1p1): warning: mounting fs with errors, running e2fsck is recommended
[    4.071865] EXT4-fs (mmcblk1p1): recovery complete
[    4.076653] EXT4-fs (mmcblk1p1): mounted filesystem with ordered data mode. Opts: (null)
[    4.084933] VFS: Mounted root (ext3 filesystem) on device 179:1.
[    4.102104] devtmpfs: mounted
[    4.106596] Freeing unused kernel memory: 1024K
bash: cannot set terminal process group (-1): Inappropriate ioctl for device
bash: no job control in this shell
root@(none):/# [    4.370191] usb 2-1: new high-speed USB device number 2 using tegra-ehci
mount -t sysfs none /sys
root@(none):/# 
root@(none):/# mount -t debugfs none /sys/kernel/debug
root@(none):/# 
root@(none):/# rtcwake -d rtc1 -m mem -s 3
rtcwake: wakeup from "mem" using /dev/rtc1 at Thu Jan  1 00:00:21 1970
[    7.379729] PM: Syncing filesystems ... done.
[    7.391163] Freezing user space processes ... (elapsed 0.001 seconds) done.
[    7.399232] Freezing remaining freezable tasks ... (elapsed 0.001 seconds) done.
[    7.407792] Suspending console(s) (use no_console_suspend to debug)
[    7.492960] PM: suspend of devices complete after 78.517 msecs
[    7.493574] PM: late suspend of devices complete after 0.607 msecs
[    7.520525] PM: noirq suspend of devices complete after 26.942 msecs
[    7.520528] Disabling non-boot CPUs ...
[    7.570796] ------------[ cut here ]------------
[    7.570816] WARNING: CPU: 1 PID: 14 at kernel/sched/sched.h:804 set_next_entity+0xbcc/0xf20
[    7.570818] rq->clock_update_flags < RQCF_ACT_SKIP
[    7.570820] Modules linked in:
[    7.570830] CPU: 1 PID: 14 Comm: migration/1 Not tainted 4.10.0-rc8-next-20170215-153117-gfee922e #1
[    7.570833] Hardware name: NVIDIA Tegra SoC (Flattened Device Tree)
[    7.570882] [<c010f3a8>] (unwind_backtrace) from [<c010a918>] (show_stack+0x10/0x14)
[    7.570902] [<c010a918>] (show_stack) from [<c035695c>] (dump_stack+0x84/0xa4)
[    7.570925] [<c035695c>] (dump_stack) from [<c011fccc>] (__warn+0xd4/0x100)
[    7.570934] [<c011fccc>] (__warn) from [<c011fd98>] (warn_slowpath_fmt+0x38/0x48)
[    7.570940] [<c011fd98>] (warn_slowpath_fmt) from [<c014c27c>] (set_next_entity+0xbcc/0xf20)
[    7.570950] [<c014c27c>] (set_next_entity) from [<c015767c>] (pick_next_task_fair+0x78/0x598)
[    7.570972] [<c015767c>] (pick_next_task_fair) from [<c01472d4>] (sched_cpu_dying+0x244/0x2b4)
[    7.570980] [<c01472d4>] (sched_cpu_dying) from [<c011fdf4>] (cpuhp_invoke_callback+0x4c/0x124)
[    7.570987] [<c011fdf4>] (cpuhp_invoke_callback) from [<c0120264>] (take_cpu_down+0x64/0xa8)
[    7.571010] [<c0120264>] (take_cpu_down) from [<c01a4fb0>] (multi_cpu_stop+0xe4/0x110)
[    7.571017] [<c01a4fb0>] (multi_cpu_stop) from [<c01a4c1c>] (cpu_stopper_thread+0x7c/0x128)
[    7.571024] [<c01a4c1c>] (cpu_stopper_thread) from [<c013de10>] (smpboot_thread_fn+0x180/0x2b4)
[    7.571035] [<c013de10>] (smpboot_thread_fn) from [<c013a65c>] (kthread+0xfc/0x134)
[    7.571042] [<c013a65c>] (kthread) from [<c0107938>] (ret_from_fork+0x14/0x3c)
[    7.571046] ---[ end trace 2d9d2f8c9c0eee5d ]---
[    7.780751] IRQ17 no longer affine to CPU3
[    7.832344] Entering suspend state LP1
[    7.832344] Suspended for 2.959 seconds
[    7.832374] Enabling non-boot CPUs ...
[    7.863052] CPU1 is up
[    7.903341] CPU2 is up
[    7.943799] CPU3 is up
[    7.944506] pcieport 0000:00:01.0: nv_msi_ht_cap_quirk didn't locate host bridge
[    7.970237] PM: noirq resume of devices complete after 26.428 msecs
[    7.972036] PM: early resume of devices complete after 1.167 msecs
[    8.530255] PM: resume of devices complete after 558.206 msecs
[    8.753349] Restarting tasks ... done.
root@(none):/# 
root@(none):/# rtcwake -d rtc1 -m mem -s 3
rtcwake: wakeup from "mem" using /dev/rtc1 at Thu Jan  1 00:00:26 1970
[    9.484045] PM: Syncing filesystems ... done.
[    9.496508] Freezing user space processes ... (elapsed 0.001 seconds) done.
[    9.504598] Freezing remaining freezable tasks ... (elapsed 0.001 seconds) done.
[    9.513167] Suspending console(s) (use no_console_suspend to debug)
[    9.550691] pci_generic_config_write32: 62 callbacks suppressed
[    9.550703] pci_bus 0000:00: 2-byte config write to 0000:00:01.0 offset 0x9c may corrupt adjacent RW1C bits
[    9.592921] PM: suspend of devices complete after 73.150 msecs
[    9.594225] PM: late suspend of devices complete after 1.294 msecs
[    9.594737] pci_bus 0000:01: 2-byte config write to 0000:01:00.0 offset 0x44 may corrupt adjacent RW1C bits
[    9.594752] pci_bus 0000:01: 2-byte config write to 0000:01:00.0 offset 0x44 may corrupt adjacent RW1C bits
[    9.630467] PM: noirq suspend of devices complete after 36.236 msecs
[    9.630471] Disabling non-boot CPUs ...
[    9.680499] IRQ17 no longer affine to CPU1
[    9.922309] Entering suspend state LP1
[    9.922309] Suspended for 2.910 seconds
[    9.922343] Enabling non-boot CPUs ...
[    9.953483] CPU1 is up
[    9.993690] CPU2 is up
[   10.034161] CPU3 is up
[   10.034704] pci_bus 0000:00: 2-byte config write to 0000:00:01.0 offset 0x4c may corrupt adjacent RW1C bits
[   10.034721] pci_bus 0000:00: 2-byte config write to 0000:00:01.0 offset 0x88 may corrupt adjacent RW1C bits
[   10.034727] pci_bus 0000:00: 2-byte config write to 0000:00:01.0 offset 0x90 may corrupt adjacent RW1C bits
[   10.034732] pci_bus 0000:00: 2-byte config write to 0000:00:01.0 offset 0x98 may corrupt adjacent RW1C bits
[   10.034738] pci_bus 0000:00: 2-byte config write to 0000:00:01.0 offset 0x9c may corrupt adjacent RW1C bits
[   10.034761] pci_bus 0000:00: 2-byte config write to 0000:00:01.0 offset 0x52 may corrupt adjacent RW1C bits
[   10.034768] pci_bus 0000:00: 2-byte config write to 0000:00:01.0 offset 0x52 may corrupt adjacent RW1C bits
[   10.034797] pcieport 0000:00:01.0: nv_msi_ht_cap_quirk didn't locate host bridge
[   10.060216] PM: noirq resume of devices complete after 26.044 msecs
[   10.061935] PM: early resume of devices complete after 0.987 msecs
[   10.626992] PM: resume of devices complete after 565.044 msecs
[   10.800918] Restarting tasks ... done.
root@(none):/# 
root@(none):/# rtcwake -d rtc1 -m mem -s 3
rtcwake: wakeup from "mem" using /dev/rtc1 at Thu Jan  1 00:00:31 1970
[   11.574496] PM: Syncing filesystems ... done.
[   11.589310] Freezing user space processes ... (elapsed 0.001 seconds) done.
[   11.597426] Freezing remaining freezable tasks ... (elapsed 0.001 seconds) done.
[   11.606047] Suspending console(s) (use no_console_suspend to debug)
[   11.693616] PM: suspend of devices complete after 80.841 msecs
[   11.696016] PM: late suspend of devices complete after 2.390 msecs
[   11.720507] PM: noirq suspend of devices complete after 24.480 msecs
[   11.720512] Disabling non-boot CPUs ...
[   11.890526] IRQ17 no longer affine to CPU2
[   12.042914] Entering suspend state LP1
[   12.042914] Suspended for 2.879 seconds
[   12.042952] Enabling non-boot CPUs ...
[   12.073576] CPU1 is up
[   12.113821] CPU2 is up
[   12.154160] CPU3 is up
[   12.154740] pcieport 0000:00:01.0: nv_msi_ht_cap_quirk didn't locate host bridge
[   12.180183] PM: noirq resume of devices complete after 26.011 msecs
[   12.182123] PM: early resume of devices complete after 1.219 msecs
[   12.746448] PM: resume of devices complete after 564.307 msecs
[   12.817260] Restarting tasks ... done.
root@(none):/# 
root@(none):/# rtcwake -d rtc1 -m mem -s 3
rtcwake: wakeup from "mem" using /dev/rtc1 at Thu Jan  1 00:00:36 1970
[   13.690119] PM: Syncing filesystems ... done.
[   13.704926] Freezing user space processes ... (elapsed 0.001 seconds) done.
[   13.713051] Freezing remaining freezable tasks ... (elapsed 0.001 seconds) done.
[   13.721669] Suspending console(s) (use no_console_suspend to debug)
[   13.814589] PM: suspend of devices complete after 86.200 msecs
[   13.816219] PM: late suspend of devices complete after 1.620 msecs
[   13.840518] PM: noirq suspend of devices complete after 24.289 msecs
[   13.840522] Disabling non-boot CPUs ...
[   13.890534] IRQ17 no longer affine to CPU1
[   14.133014] Entering suspend state LP1
[   14.133014] Suspended for 2.909 seconds
[   14.133050] Enabling non-boot CPUs ...
[   14.163611] CPU1 is up
[   14.203721] CPU2 is up
[   14.244113] CPU3 is up
[   14.244734] pcieport 0000:00:01.0: nv_msi_ht_cap_quirk didn't locate host bridge
[   14.270145] PM: noirq resume of devices complete after 26.020 msecs
[   14.271642] PM: early resume of devices complete after 0.762 msecs
[   14.836331] PM: resume of devices complete after 564.673 msecs
[   14.907168] Restarting tasks ... done.
root@(none):/# 
root@(none):/# rtcwake -d rtc1 -m mem -s 3
rtcwake: wakeup from "mem" using /dev/rtc1 at Thu Jan  1 00:00:41 1970
[   15.780201] PM: Syncing filesystems ... done.
[   15.795020] Freezing user space processes ... (elapsed 0.001 seconds) done.
[   15.803150] Freezing remaining freezable tasks ... (elapsed 0.001 seconds) done.
[   15.811767] Suspending console(s) (use no_console_suspend to debug)
[   15.861766] pci_generic_config_write32: 65 callbacks suppressed
[   15.861782] pci_bus 0000:00: 2-byte config write to 0000:00:01.0 offset 0x9c may corrupt adjacent RW1C bits
[   15.903560] PM: suspend of devices complete after 85.080 msecs
[   15.904281] PM: late suspend of devices complete after 0.710 msecs
[   15.904900] pci_bus 0000:01: 2-byte config write to 0000:01:00.0 offset 0x44 may corrupt adjacent RW1C bits
[   15.904916] pci_bus 0000:01: 2-byte config write to 0000:01:00.0 offset 0x44 may corrupt adjacent RW1C bits
[   15.930425] PM: noirq suspend of devices complete after 26.135 msecs
[   15.930429] Disabling non-boot CPUs ...
[   16.080724] IRQ17 no longer affine to CPU2
[   16.222499] Entering suspend state LP1
[   16.222499] Suspended for 2.910 seconds
[   16.222536] Enabling non-boot CPUs ...
[   16.253456] CPU1 is up
[   16.293686] CPU2 is up
[   16.334079] CPU3 is up
[   16.334601] pci_bus 0000:00: 2-byte config write to 0000:00:01.0 offset 0x4c may corrupt adjacent RW1C bits
[   16.334615] pci_bus 0000:00: 2-byte config write to 0000:00:01.0 offset 0x88 may corrupt adjacent RW1C bits
[   16.334621] pci_bus 0000:00: 2-byte config write to 0000:00:01.0 offset 0x90 may corrupt adjacent RW1C bits
[   16.334628] pci_bus 0000:00: 2-byte config write to 0000:00:01.0 offset 0x98 may corrupt adjacent RW1C bits
[   16.334633] pci_bus 0000:00: 2-byte config write to 0000:00:01.0 offset 0x9c may corrupt adjacent RW1C bits
[   16.334659] pci_bus 0000:00: 2-byte config write to 0000:00:01.0 offset 0x52 may corrupt adjacent RW1C bits
[   16.334667] pci_bus 0000:00: 2-byte config write to 0000:00:01.0 offset 0x52 may corrupt adjacent RW1C bits
[   16.334696] pcieport 0000:00:01.0: nv_msi_ht_cap_quirk didn't locate host bridge
[   16.360112] PM: noirq resume of devices complete after 26.021 msecs
[   16.362106] PM: early resume of devices complete after 1.274 msecs
[   16.924290] PM: resume of devices complete after 562.170 msecs
[   17.098218] Restarting tasks ... done.
root@(none):/# 
root@(none):/# rtcwake -d rtc1 -m mem -s 3
rtcwake: wakeup from "mem" using /dev/rtc1 at Thu Jan  1 00:00:46 1970
[   17.870076] PM: Syncing filesystems ... done.
[   17.884906] Freezing user space processes ... (elapsed 0.001 seconds) done.
[   17.893035] Freezing remaining freezable tasks ... (elapsed 0.001 seconds) done.
[   17.901646] Suspending console(s) (use no_console_suspend to debug)
[   17.993528] PM: suspend of devices complete after 85.166 msecs
[   17.994721] PM: late suspend of devices complete after 1.185 msecs
[   18.020488] PM: noirq suspend of devices complete after 25.757 msecs
[   18.020494] Disabling non-boot CPUs ...
[   18.180480] IRQ17 no longer affine to CPU2
[   18.332364] Entering suspend state LP1
[   18.332364] Suspended for 2.890 seconds
[   18.332401] Enabling non-boot CPUs ...
[   18.363368] CPU1 is up
[   18.403589] CPU2 is up
[   18.444079] CPU3 is up
[   18.444642] pcieport 0000:00:01.0: nv_msi_ht_cap_quirk didn't locate host bridge
[   18.470085] PM: noirq resume of devices complete after 25.992 msecs
[   18.472092] PM: early resume of devices complete after 1.308 msecs
[   19.045320] PM: resume of devices complete after 573.213 msecs
[   19.116122] Restarting tasks ... done.
root@(none):/# 
root@(none):/# rtcwake -d rtc1 -m mem -s 3
rtcwake: wakeup from "mem" using /dev/rtc1 at Thu Jan  1 00:00:51 1970
[   19.970102] PM: Syncing filesystems ... done.
[   19.982882] Freezing user space processes ... (elapsed 0.001 seconds) done.
[   19.991015] Freezing remaining freezable tasks ... (elapsed 0.001 seconds) done.
[   19.999601] Suspending console(s) (use no_console_suspend to debug)
[   20.083528] PM: suspend of devices complete after 77.055 msecs
[   20.086271] PM: late suspend of devices complete after 2.731 msecs
[   20.110373] PM: noirq suspend of devices complete after 24.093 msecs
[   20.110379] Disabling non-boot CPUs ...
[   20.170433] IRQ17 no longer affine to CPU1
[   20.402376] Entering suspend state LP1
[   20.402376] Suspended for 2.929 seconds
[   20.402412] Enabling non-boot CPUs ...
[   20.433315] CPU1 is up
[   20.473615] CPU2 is up
[   20.514042] CPU3 is up
[   20.514625] pcieport 0000:00:01.0: nv_msi_ht_cap_quirk didn't locate host bridge
[   20.540041] PM: noirq resume of devices complete after 25.985 msecs
[   20.541510] PM: early resume of devices complete after 0.772 msecs
[   21.096658] PM: resume of devices complete after 555.133 msecs
[   21.167512] Restarting tasks ... done.
root@(none):/# 
root@(none):/# rtcwake -d rtc1 -m mem -s 3
rtcwake: wakeup from "mem" using /dev/rtc1 at Thu Jan  1 00:00:56 1970
[   22.050017] PM: Syncing filesystems ... done.
[   22.064852] Freezing user space processes ... (elapsed 0.001 seconds) done.
[   22.072987] Freezing remaining freezable tasks ... (elapsed 0.001 seconds) done.
[   22.081668] Suspending console(s) (use no_console_suspend to debug)
[   22.121157] pci_generic_config_write32: 65 callbacks suppressed
[   22.121173] pci_bus 0000:00: 2-byte config write to 0000:00:01.0 offset 0x9c may corrupt adjacent RW1C bits
[   22.163491] PM: suspend of devices complete after 75.110 msecs
[   22.166248] PM: late suspend of devices complete after 2.747 msecs
[   22.167004] pci_bus 0000:01: 2-byte config write to 0000:01:00.0 offset 0x44 may corrupt adjacent RW1C bits
[   22.167020] pci_bus 0000:01: 2-byte config write to 0000:01:00.0 offset 0x44 may corrupt adjacent RW1C bits
[   22.190327] PM: noirq suspend of devices complete after 24.071 msecs
[   22.190332] Disabling non-boot CPUs ...
[   22.270393] IRQ17 no longer affine to CPU1
[   22.502303] Entering suspend state LP1
[   22.502303] Suspended for 2.900 seconds
[   22.502334] Enabling non-boot CPUs ...
[   22.533278] CPU1 is up
[   22.573571] CPU2 is up
[   22.614044] CPU3 is up
[   22.614561] pci_bus 0000:00: 2-byte config write to 0000:00:01.0 offset 0x4c may corrupt adjacent RW1C bits
[   22.614582] pci_bus 0000:00: 2-byte config write to 0000:00:01.0 offset 0x88 may corrupt adjacent RW1C bits
[   22.614590] pci_bus 0000:00: 2-byte config write to 0000:00:01.0 offset 0x90 may corrupt adjacent RW1C bits
[   22.614595] pci_bus 0000:00: 2-byte config write to 0000:00:01.0 offset 0x98 may corrupt adjacent RW1C bits
[   22.614602] pci_bus 0000:00: 2-byte config write to 0000:00:01.0 offset 0x9c may corrupt adjacent RW1C bits
[   22.614626] pci_bus 0000:00: 2-byte config write to 0000:00:01.0 offset 0x52 may corrupt adjacent RW1C bits
[   22.614635] pci_bus 0000:00: 2-byte config write to 0000:00:01.0 offset 0x52 may corrupt adjacent RW1C bits
[   22.614666] pcieport 0000:00:01.0: nv_msi_ht_cap_quirk didn't locate host bridge
[   22.640008] PM: noirq resume of devices complete after 25.951 msecs
[   22.641427] PM: early resume of devices complete after 0.707 msecs
[   23.206186] PM: resume of devices complete after 564.746 msecs
[   23.380095] Restarting tasks ... done.
root@(none):/# 
root@(none):/# rtcwake -d rtc1 -m mem -s 3
rtcwake: wakeup from "mem" using /dev/rtc1 at Thu Jan  1 00:01:01 1970
[   24.150148] PM: Syncing filesystems ... done.
[   24.165201] Freezing user space processes ... (elapsed 0.001 seconds) done.
[   24.173332] Freezing remaining freezable tasks ... (elapsed 0.001 seconds) done.
[   24.181944] Suspending console(s) (use no_console_suspend to debug)
[   24.263416] PM: suspend of devices complete after 74.762 msecs
[   24.265817] PM: late suspend of devices complete after 2.392 msecs
[   24.290277] PM: noirq suspend of devices complete after 24.451 msecs
[   24.290281] Disabling non-boot CPUs ...
[   24.440372] IRQ17 no longer affine to CPU2
[   24.592277] Entering suspend state LP1
[   24.592277] Suspended for 2.909 seconds
[   24.592309] Enabling non-boot CPUs ...
[   24.623301] CPU1 is up
[   24.663553] CPU2 is up
[   24.703993] CPU3 is up
[   24.704590] pcieport 0000:00:01.0: nv_msi_ht_cap_quirk didn't locate host bridge
[   24.729981] PM: noirq resume of devices complete after 25.976 msecs
[   24.731944] PM: early resume of devices complete after 1.244 msecs
[   25.293501] PM: resume of devices complete after 561.539 msecs
[   25.364300] Restarting tasks ... done.
root@(none):/# 
root@(none):/# rtcwake -d rtc1 -m mem -s 3
rtcwake: wakeup from "mem" using /dev/rtc1 at Thu Jan  1 00:01:06 1970
[   26.263139] PM: Syncing filesystems ... done.
[   26.277963] Freezing user space processes ... (elapsed 0.001 seconds) done.
[   26.286101] Freezing remaining freezable tasks ... (elapsed 0.001 seconds) done.
[   26.294716] Suspending console(s) (use no_console_suspend to debug)
[   26.383395] PM: suspend of devices complete after 81.966 msecs
[   26.385587] PM: late suspend of devices complete after 2.182 msecs
[   26.410265] PM: noirq suspend of devices complete after 24.671 msecs
[   26.410270] Disabling non-boot CPUs ...
[   26.540374] IRQ17 no longer affine to CPU2
[   26.692268] Entering suspend state LP1
[   26.692268] Suspended for 2.899 seconds
[   26.692305] Enabling non-boot CPUs ...
[   26.723242] CPU1 is up
[   26.763559] CPU2 is up
[   26.804016] CPU3 is up
[   26.804595] pcieport 0000:00:01.0: nv_msi_ht_cap_quirk didn't locate host bridge
[   26.829942] PM: noirq resume of devices complete after 25.910 msecs
[   26.831891] PM: early resume of devices complete after 1.228 msecs
[   27.394651] PM: resume of devices complete after 562.743 msecs
[   27.465466] Restarting tasks ... done.
root@(none):/# 
root@(none):/# NVTB SYSTEM SUSPEND TEST COMPLETE
