
U-Boot SPL 2014.01-00219-gc4d376f (Feb 18 2014 - 19:57:18)


U-Boot 2014.01-00219-gc4d376f (Feb 18 2014 - 19:57:18)

TEGRA30
Board: NVIDIA Beaver
I2C:   ready
DRAM:  2 GiB
MMC:   Tegra SD/MMC: 0, Tegra SD/MMC: 1
In:    serial
Out:   serial
Err:   serial
Net:   Net Initialization Skipped
No ethernet found.
Hit any key to stop autoboot:  2  0 
Tegra30 (Beaver) # 
Tegra30 (Beaver) # usb reset
(Re)start USB...
USB0:   USB EHCI 1.00
scanning bus 0 for devices... 2 USB Device(s) found
       scanning usb for storage devices... 0 Storage Device(s) found
       scanning usb for ethernet devices... 
Warning: asx0 using MAC address from net device
1 Ethernet Device(s) found
Tegra30 (Beaver) # setenv bootargs 'ignore_loglevel console=ttyS0,115200n8 rw root=/dev/mmcblk0p1 rootwait gpt debug noinitrd earlyprintk init=/bin/bash'
Tegra30 (Beaver) # setenv ipaddr 192.168.100.101; setenv serverip 192.168.100.1; setenv tftpserverip 192.168.100.1
Tegra30 (Beaver) # tftpboot 0x81000000 zImage.multi_v7_defconfig
Using asx0 device
TFTP from server 192.168.100.1; our IP address is 192.168.100.101
Filename 'zImage.multi_v7_defconfig'.
Load address: 0x81000000
Loading: *#################################################################
	 #################################################################
	 #################################################################
	 #################################################################
	 #################################################################
	 #################################################################
	 #################################################################
	 ######
	 3.4 MiB/s
done
Bytes transferred = 6762144 (672ea0 hex)
Tegra30 (Beaver) # tftpboot 0x82000000 tegra30-beaver.dtb
Using asx0 device
TFTP from server 192.168.100.1; our IP address is 192.168.100.101
Filename 'tegra30-beaver.dtb'.
Load address: 0x82000000
Loading: *####
	 3.3 MiB/s
done
Bytes transferred = 51467 (c90b hex)
Tegra30 (Beaver) # bootz 0x81000000 - 0x82000000
Kernel image @ 0x81000000 [ 0x000000 - 0x672ea0 ]
## Flattened Device Tree blob at 82000000
   Booting using the fdt blob at 0x82000000
   Loading Device Tree to 8fff0000, end 8ffff90a ... OK

Starting kernel ...

[    0.000000] Booting Linux on physical CPU 0x0
[    0.000000] Linux version 4.4.0-next-20160120-67547-g47a02bf (pwalmsley@sellafield) (gcc version 4.7.3 20130328 (prerelease) (crosstool-NG linaro-1.13.1-4.7-2013.04-20130415 - Linaro GCC 2013.04) ) #1 SMP Wed Jan 20 10:50:30 PST 2016
[    0.000000] CPU: ARMv7 Processor [412fc099] revision 9 (ARMv7), cr=10c5387d
[    0.000000] CPU: PIPT / VIPT nonaliasing data cache, VIPT aliasing instruction cache
[    0.000000] Machine model: NVIDIA Tegra30 Beaver evaluation board
[    0.000000] debug: ignoring loglevel setting.
[    0.000000] cma: Reserved 64 MiB at 0xfb800000
[    0.000000] Memory policy: Data cache writealloc
[    0.000000] On node 0 totalpages: 524032
[    0.000000] free_area_init_node: node 0, pgdat c105bd40, node_mem_map eeff8000
[    0.000000]   DMA zone: 1536 pages used for memmap
[    0.000000]   DMA zone: 0 pages reserved
[    0.000000]   DMA zone: 196608 pages, LIFO batch:31
[    0.000000]   HighMem zone: 327424 pages, LIFO batch:31
[    0.000000] PERCPU: Embedded 12 pages/cpu @eef93000 s18880 r8192 d22080 u49152
[    0.000000] pcpu-alloc: s18880 r8192 d22080 u49152 alloc=12*4096
[    0.000000] pcpu-alloc: [0] 0 [0] 1 [0] 2 [0] 3 
[    0.000000] Built 1 zonelists in Zone order, mobility grouping on.  Total pages: 522496
[    0.000000] Kernel command line: ignore_loglevel console=ttyS0,115200n8 rw root=/dev/mmcblk0p1 rootwait gpt debug noinitrd earlyprintk init=/bin/bash
[    0.000000] PID hash table entries: 4096 (order: 2, 16384 bytes)
[    0.000000] Dentry cache hash table entries: 131072 (order: 7, 524288 bytes)
[    0.000000] Inode-cache hash table entries: 65536 (order: 6, 262144 bytes)
[    0.000000] Memory: 1997896K/2096128K available (8495K kernel code, 1111K rwdata, 4020K rodata, 1048K init, 345K bss, 32696K reserved, 65536K cma-reserved, 1244160K highmem)
[    0.000000] Virtual kernel memory layout:
[    0.000000]     vector  : 0xffff0000 - 0xffff1000   (   4 kB)
[    0.000000]     fixmap  : 0xffc00000 - 0xfff00000   (3072 kB)
[    0.000000]     vmalloc : 0xf0800000 - 0xff800000   ( 240 MB)
[    0.000000]     lowmem  : 0xc0000000 - 0xf0000000   ( 768 MB)
[    0.000000]     pkmap   : 0xbfe00000 - 0xc0000000   (   2 MB)
[    0.000000]     modules : 0xbf000000 - 0xbfe00000   (  14 MB)
[    0.000000]       .text : 0xc0208000 - 0xc0e41d94   (12520 kB)
[    0.000000]       .init : 0xc0e42000 - 0xc0f48000   (1048 kB)
[    0.000000]       .data : 0xc0f48000 - 0xc105dcc0   (1112 kB)
[    0.000000]        .bss : 0xc1060000 - 0xc10b65a0   ( 346 kB)
[    0.000000] SLUB: HWalign=64, Order=0-3, MinObjects=0, CPUs=4, Nodes=1
[    0.000000] Hierarchical RCU implementation.
[    0.000000] 	Build-time adjustment of leaf fanout to 32.
[    0.000000] 	RCU restricting CPUs from NR_CPUS=16 to nr_cpu_ids=4.
[    0.000000] RCU: Adjusting geometry for rcu_fanout_leaf=32, nr_cpu_ids=4
[    0.000000] NR_IRQS:16 nr_irqs:16 16
[    0.000000] /interrupt-controller@60004000: 160 interrupts forwarded to /interrupt-controller@50041000
[    0.000000] L2C: platform modifies aux control register: 0x02080000 -> 0x3e480001
[    0.000000] L2C: DT/platform modifies aux control register: 0x02080000 -> 0x3e480001
[    0.000000] L2C-310 erratum 769419 enabled
[    0.000000] L2C-310 enabling early BRESP for Cortex-A9
[    0.000000] L2C-310: enabling full line of zeros but not enabled in Cortex-A9
[    0.000000] L2C-310 dynamic clock gating enabled, standby mode enabled
[    0.000000] L2C-310 cache controller enabled, 8 ways, 1024 kB
[    0.000000] L2C-310: CACHE_ID 0x410000c7, AUX_CTRL 0x4e480001
[    0.000015] sched_clock: 32 bits at 1000kHz, resolution 1000ns, wraps every 2147483647500ns
[    0.000033] clocksource: timer_us: mask: 0xffffffff max_cycles: 0xffffffff, max_idle_ns: 1911260446275 ns
[    0.000042] Switching to timer-based delay loop, resolution 1000ns
[    0.002765] Console: colour dummy device 80x30
[    0.002789] Calibrating delay loop (skipped), value calculated using timer frequency.. 2.00 BogoMIPS (lpj=5000)
[    0.002798] pid_max: default: 32768 minimum: 301
[    0.002885] Mount-cache hash table entries: 2048 (order: 1, 8192 bytes)
[    0.002892] Mountpoint-cache hash table entries: 2048 (order: 1, 8192 bytes)
[    0.003313] CPU: Testing write buffer coherency: ok
[    0.003600] CPU0: thread -1, cpu 0, socket 0, mpidr 80000000
[    0.003673] Setting up static identity map for 0x80209000 - 0x80209098
[    0.005917] Tegra Revision: A03 SKU: 128 CPU Process: 4 SoC Process: 0
[    0.007149] CPU1: thread -1, cpu 1, socket 0, mpidr 80000001
[    0.007796] CPU2: thread -1, cpu 2, socket 0, mpidr 80000002
[    0.008439] CPU3: thread -1, cpu 3, socket 0, mpidr 80000003
[    0.008477] Brought up 4 CPUs
[    0.008490] SMP: Total of 4 processors activated (8.00 BogoMIPS).
[    0.008495] CPU: All CPU(s) started in SVC mode.
[    0.009075] devtmpfs: initialized
[    0.017301] VFP support v0.3: implementor 41 architecture 3 part 30 variant 9 rev 4
[    0.017968] clocksource: jiffies: mask: 0xffffffff max_cycles: 0xffffffff, max_idle_ns: 9556302231375000 ns
[    0.021476] pinctrl core: initialized pinctrl subsystem
[    0.023027] NET: Registered protocol family 16
[    0.025830] DMA: preallocated 256 KiB pool for atomic coherent allocations
[    0.039937] cpuidle: using governor menu
[    0.048259] No ATAGs?
[    0.048292] hw-breakpoint: found 5 (+1 reserved) breakpoint and 1 watchpoint registers.
[    0.048300] hw-breakpoint: maximum watchpoint size is 4 bytes.
[    0.051515] Serial: AMBA PL011 UART driver
[    0.052677] tegra-mc 7000f000.memory-controller: no memory timings for RAM code 3 registered
[    0.073017] vdd_5v_sata: Failed to request enable GPIO30: -517
[    0.073089] reg-fixed-voltage regulators:regulator@3: Failed to register regulator: -517
[    0.073198] usb1_vbus: Failed to request enable GPIO238: -517
[    0.073247] reg-fixed-voltage regulators:regulator@4: Failed to register regulator: -517
[    0.073352] usb3_vbus: Failed to request enable GPIO236: -517
[    0.073400] reg-fixed-voltage regulators:regulator@5: Failed to register regulator: -517
[    0.073554] sys_3v3_pexs: Failed to request enable GPIO95: -517
[    0.073604] reg-fixed-voltage regulators:regulator@7: Failed to register regulator: -517
[    0.075745] vgaarb: loaded
[    0.076381] SCSI subsystem initialized
[    0.076504] libata version 3.00 loaded.
[    0.076688] usbcore: registered new interface driver usbfs
[    0.076732] usbcore: registered new interface driver hub
[    0.076770] usbcore: registered new device driver usb
[    0.131731] pps_core: LinuxPPS API ver. 1 registered
[    0.131739] pps_core: Software ver. 5.3.6 - Copyright 2005-2007 Rodolfo Giometti <giometti@linux.it>
[    0.131755] PTP clock support registered
[    0.131907] EDAC MC: Ver: 3.0.0
[    0.133485] clocksource: Switched to clocksource timer_us
[    0.139472] NET: Registered protocol family 2
[    0.139866] TCP established hash table entries: 8192 (order: 3, 32768 bytes)
[    0.139921] TCP bind hash table entries: 8192 (order: 4, 65536 bytes)
[    0.140002] TCP: Hash tables configured (established 8192 bind 8192)
[    0.140082] UDP hash table entries: 512 (order: 2, 16384 bytes)
[    0.140143] UDP-Lite hash table entries: 512 (order: 2, 16384 bytes)
[    0.140329] NET: Registered protocol family 1
[    0.140612] RPC: Registered named UNIX socket transport module.
[    0.140619] RPC: Registered udp transport module.
[    0.140623] RPC: Registered tcp transport module.
[    0.140627] RPC: Registered tcp NFSv4.1 backchannel transport module.
[    0.140648] PCI: CLS 0 bytes, default 64
[    0.141414] hw perfevents: enabled with armv7_cortex_a9 PMU driver, 7 counters available
[    0.142374] futex hash table entries: 1024 (order: 4, 65536 bytes)
[    0.148420] squashfs: version 4.0 (2009/01/31) Phillip Lougher
[    0.148946] NFS: Registering the id_resolver key type
[    0.148983] Key type id_resolver registered
[    0.148988] Key type id_legacy registered
[    0.149036] ntfs: driver 2.1.32 [Flags: R/O].
[    0.149870] bounce: pool size: 64 pages
[    0.149992] Block layer SCSI generic (bsg) driver version 0.4 loaded (major 249)
[    0.150005] io scheduler noop registered
[    0.150013] io scheduler deadline registered
[    0.150035] io scheduler cfq registered (default)
[    0.155459] tegra30-pinctrl 70000868.pinmux: invalid group "sdmmc3_dat6_pd3" for function "rsvd1"
[    0.155474] tegra30-pinctrl 70000868.pinmux: invalid group "sdmmc3_dat7_pd4" for function "rsvd1"
[    0.155488] tegra30-pinctrl 70000868.pinmux: invalid group "vi_vsync_pd6" for function "rsvd1"
[    0.155498] tegra30-pinctrl 70000868.pinmux: invalid group "vi_hsync_pd7" for function "rsvd1"
[    0.155948] tegra30-pinctrl 70000868.pinmux: invalid group "hdmi_int_pn7" for function "rsvd1"
[    0.155992] tegra30-pinctrl 70000868.pinmux: invalid group "ulpi_data3_po4" for function "rsvd1"
[    0.156307] tegra30-pinctrl 70000868.pinmux: invalid group "vi_d10_pt2" for function "rsvd1"
[    0.156320] tegra30-pinctrl 70000868.pinmux: invalid group "vi_d11_pt3" for function "rsvd1"
[    0.156331] tegra30-pinctrl 70000868.pinmux: invalid group "vi_d0_pt4" for function "rsvd1"
[    0.156371] tegra30-pinctrl 70000868.pinmux: invalid group "pu0" for function "rsvd1"
[    0.156401] tegra30-pinctrl 70000868.pinmux: invalid group "pu3" for function "rsvd1"
[    0.156430] tegra30-pinctrl 70000868.pinmux: invalid group "pu6" for function "rsvd1"
[    0.156470] tegra30-pinctrl 70000868.pinmux: invalid group "pv3" for function "rsvd1"
[    0.156947] tegra30-pinctrl 70000868.pinmux: invalid group "pbb0" for function "rsvd1"
[    0.157058] tegra30-pinctrl 70000868.pinmux: invalid group "pcc1" for function "rsvd1"
[    0.162356] tegra-pcie 3000.pcie-controller: 2x3 configuration
[    0.162470] vdd_1v5_gen: supplied by vdd_5v_in
[    0.162514] vdd_pexa,vdd_pexb: supplied by vdd_1v5_gen
[    0.162616] tegra-pcie 3000.pcie-controller: Failed to get supply 'hvdd-pex': -517
[    0.166625] tegra-apbdma 6000a000.dma: Tegra20 APB DMA driver register 32 channels
[    0.167653] tegra-pmc 7000e400.pmc: i2c-thermtrip node not found, emergency thermal reset disabled.
[    0.200594] Serial: 8250/16550 driver, 4 ports, IRQ sharing disabled
[    0.202717] console [ttyS0] disabled
[    0.202755] 70006000.serial: ttyS0 at MMIO 0x70006000 (irq = 331, base_baud = 25500000) is a Tegra
[    1.118123] console [ttyS0] enabled
[    1.122111] SuperH (H)SCI(F) driver initialized
[    1.127236] msm_serial: driver initialized
[    1.131452] STMicroelectronics ASC driver initialized
[    1.138174] [drm] Initialized drm 1.1.0 20060810
[    1.144113] tegra-hdmi 54280000.hdmi: failed to get HDMI regulator
[    1.158003] brd: module loaded
[    1.164971] loop: module loaded
[    1.173129] m25p80 spi32766.1: w25q32 (4096 Kbytes)
[    1.180052] libphy: Fixed MDIO Bus: probed
[    1.184578] CAN device driver interface
[    1.189554] igb: Intel(R) Gigabit Ethernet Network Driver - version 5.3.0-k
[    1.196507] igb: Copyright (c) 2007-2014 Intel Corporation.
[    1.203843] pegasus: v0.9.3 (2013/04/25), Pegasus/Pegasus II USB Ethernet driver
[    1.211282] usbcore: registered new interface driver pegasus
[    1.216968] usbcore: registered new interface driver asix
[    1.222387] usbcore: registered new interface driver ax88179_178a
[    1.228502] usbcore: registered new interface driver cdc_ether
[    1.234362] usbcore: registered new interface driver smsc75xx
[    1.240149] usbcore: registered new interface driver smsc95xx
[    1.245914] usbcore: registered new interface driver net1080
[    1.251591] usbcore: registered new interface driver cdc_subset
[    1.257530] usbcore: registered new interface driver zaurus
[    1.263156] usbcore: registered new interface driver cdc_ncm
[    1.270196] ehci_hcd: USB 2.0 'Enhanced' Host Controller (EHCI) Driver
[    1.276730] ehci-pci: EHCI PCI platform driver
[    1.281198] ehci-platform: EHCI generic platform driver
[    1.286551] ehci-omap: OMAP-EHCI Host Controller driver
[    1.291853] ehci-orion: EHCI orion driver
[    1.295938] SPEAr-ehci: EHCI SPEAr driver
[    1.300026] ehci-st: EHCI STMicroelectronics driver
[    1.304982] ehci-exynos: EHCI EXYNOS driver
[    1.309256] ehci-atmel: EHCI Atmel driver
[    1.313330] tegra-ehci: Tegra EHCI driver
[    1.317669] ohci_hcd: USB 1.1 'Open' Host Controller (OHCI) Driver
[    1.323860] ohci-pci: OHCI PCI platform driver
[    1.328324] ohci-platform: OHCI generic platform driver
[    1.333652] ohci-omap3: OHCI OMAP3 driver
[    1.337728] SPEAr-ohci: OHCI SPEAr driver
[    1.341818] ohci-st: OHCI STMicroelectronics driver
[    1.346778] ohci-atmel: OHCI Atmel driver
[    1.351118] usbcore: registered new interface driver usb-storage
[    1.358098] mousedev: PS/2 mouse device common for all mice
[    1.365749] tegra_rtc 7000e000.rtc: rtc core: registered 7000e000.rtc as rtc1
[    1.372921] tegra_rtc 7000e000.rtc: Tegra internal Real Time Clock
[    1.391648] tps65910-rtc tps65910-rtc: rtc core: registered tps65910-rtc as rtc0
[    1.399246] i2c /dev entries driver
[    1.409326] sdhci: Secure Digital Host Controller Interface driver
[    1.415502] sdhci: Copyright(c) Pierre Ossman
[    1.420793] Synopsys Designware Multimedia Card Interface Driver
[    1.427469] sdhci-pltfm: SDHCI platform and OF driver helper
[    1.433668] sdhci-tegra 78000000.sdhci: Got CD GPIO
[    1.438553] sdhci-tegra 78000000.sdhci: Got WP GPIO
[    1.444566] mmc0: Invalid maximum block size, assuming 512 bytes
[    1.483567] mmc0: SDHCI controller on 78000000.sdhci [78000000.sdhci] using ADMA
[    1.494194] mmc1: Invalid maximum block size, assuming 512 bytes
[    1.533521] mmc1: SDHCI controller on 78000600.sdhci [78000600.sdhci] using ADMA
[    1.542062] ledtrig-cpu: registered to indicate activity on CPUs
[    1.548303] usbcore: registered new interface driver usbhid
[    1.553872] usbhid: USB HID core driver
[    1.560681] NET: Registered protocol family 10
[    1.565717] sit: IPv6 over IPv4 tunneling driver
[    1.572823] NET: Registered protocol family 17
[    1.577280] can: controller area network core (rev 20120528 abi 9)
[    1.583501] NET: Registered protocol family 29
[    1.587936] can: raw protocol (rev 20120528)
[    1.592205] can: broadcast manager protocol (rev 20120528 t)
[    1.597863] can: netlink gateway (rev 20130117) max_hops=1
[    1.603637] Key type dns_resolver registered
[    1.608294] ThumbEE CPU extension supported.
[    1.612577] Registering SWP/SWPB emulation handler
[    1.650756] tegra-pcie 3000.pcie-controller: 2x3 configuration
[    1.656748] sys_3v3,vdd_3v3_alw: supplied by vdd_5v_in
[    1.661908] sys_3v3_pexs: supplied by sys_3v3,vdd_3v3_alw
[    1.671844] tegra-pcie 3000.pcie-controller: probing port 0, using 2 lanes
[    1.696871] mmc1: new high speed MMC card at address 0001
[    1.703421] mmcblk0: mmc1:0001 SEM16G 14.8 GiB 
[    1.709278] mmcblk0boot0: mmc1:0001 SEM16G partition 1 1.00 MiB
[    1.716124] mmcblk0boot1: mmc1:0001 SEM16G partition 2 1.00 MiB
[    1.722963] mmcblk0rpmb: mmc1:0001 SEM16G partition 3 128 KiB
[    1.731663] Primary GPT is invalid, using alternate GPT.
[    1.736988]  mmcblk0: p1 p2 p3 p4 p5
[    1.737036] tegra-pcie 3000.pcie-controller: probing port 2, using 2 lanes
[    2.140948] tegra-pcie 3000.pcie-controller: link 2 down, retrying
[    2.551024] tegra-pcie 3000.pcie-controller: link 2 down, retrying
[    2.961075] tegra-pcie 3000.pcie-controller: link 2 down, retrying
[    2.969266] tegra-pcie 3000.pcie-controller: link 2 down, ignoring
[    2.975581] tegra-pcie 3000.pcie-controller: PCI host bridge to bus 0000:00
[    2.982544] pci_bus 0000:00: root bus resource [mem 0x20000000-0x27ffffff]
[    2.989411] pci_bus 0000:00: root bus resource [mem 0x28000000-0x3fffffff pref]
[    2.996709] pci_bus 0000:00: root bus resource [bus 00-ff]
[    3.002187] pci_bus 0000:00: root bus resource [io  0x1000-0xffff]
[    3.008378] pci 0000:00:01.0: [10de:0e1c] type 01 class 0x060400
[    3.014437] pci 0000:00:01.0: PME# supported from D0 D1 D2 D3hot D3cold
[    3.021207] PCI: bus0: Fast back to back transfers disabled
[    3.026777] pci 0000:00:01.0: bridge configuration invalid ([bus 00-00]), reconfiguring
[    3.034866] pci 0000:01:00.0: [10ec:8168] type 00 class 0x020000
[    3.040880] pci 0000:01:00.0: reg 0x10: [io  0x0000-0x00ff]
[    3.046459] pci 0000:01:00.0: reg 0x18: [mem 0x00000000-0x00000fff 64bit pref]
[    3.053679] pci 0000:01:00.0: reg 0x20: [mem 0x00000000-0x00003fff 64bit pref]
[    3.060961] pci 0000:01:00.0: supports D1 D2
[    3.065226] pci 0000:01:00.0: PME# supported from D0 D1 D2 D3hot D3cold
[    3.078508] PCI: bus1: Fast back to back transfers disabled
[    3.084078] pci_bus 0000:01: busn_res: [bus 01-ff] end is updated to 01
[    3.090746] pci 0000:00:01.0: BAR 9: assigned [mem 0x28000000-0x280fffff 64bit pref]
[    3.098483] pci 0000:00:01.0: BAR 7: assigned [io  0x1000-0x1fff]
[    3.104573] pci 0000:01:00.0: BAR 4: assigned [mem 0x28000000-0x28003fff 64bit pref]
[    3.112314] pci 0000:01:00.0: BAR 2: assigned [mem 0x28004000-0x28004fff 64bit pref]
[    3.120053] pci 0000:01:00.0: BAR 0: assigned [io  0x1000-0x10ff]
[    3.126141] pci 0000:00:01.0: PCI bridge to [bus 01]
[    3.131099] pci 0000:00:01.0:   bridge window [io  0x1000-0x1fff]
[    3.137186] pci 0000:00:01.0:   bridge window [mem 0x28000000-0x280fffff 64bit pref]
[    3.144930] pci 0000:00:01.0: nv_msi_ht_cap_quirk didn't locate host bridge
[    3.151985] pcieport 0000:00:01.0: enabling device (0140 -> 0143)
[    3.158219] pcieport 0000:00:01.0: Signaling PME through PCIe PME interrupt
[    3.165175] pci 0000:01:00.0: Signaling PME through PCIe PME interrupt
[    3.171694] pcie_pme 0000:00:01.0:pcie01: service driver pcie_pme loaded
[    3.178583] r8169 Gigabit Ethernet driver 2.3LK-NAPI loaded
[    3.184168] r8169 0000:01:00.0: enabling device (0140 -> 0143)
[    3.191255] r8169 0000:01:00.0 eth0: RTL8168evl/8111evl at 0xf09f2000, 02:04:4b:01:60:a6, XID 0c900800 IRQ 375
[    3.201254] r8169 0000:01:00.0 eth0: jumbo features [frames: 9200 bytes, tx checksumming: ko]
[    3.210683] +VDD_5V_HDMI: supplied by sys_3v3,vdd_3v3_alw
[    3.216200] vdd_1v8_gen: supplied by vdd_5v_in
[    3.223657] [drm] Supports vblank timestamp caching Rev 2 (21.10.2013).
[    3.230268] [drm] No driver support for vblank timestamp query.
[    3.236205] drm drm: No connectors reported connected with modes
[    3.242212] [drm] Cannot find any crtc or sizes - going 1024x768
[    3.270568] Console: switching to colour frame buffer device 128x48
[    3.283108] drm drm: fb0:  frame buffer device
[    3.298876] [drm] Initialized tegra 0.0.0 20120330 on minor 0
[    3.307531] usb3_vbus: supplied by vdd_5v_in
[    3.313990] utmi_phy_clk_enable: timeout waiting for phy to stabilize
[    3.320448] tegra-ehci 7d004000.usb: EHCI Host Controller
[    3.325857] tegra-ehci 7d004000.usb: new USB bus registered, assigned bus number 1
[    3.333487] ------------[ cut here ]------------
[    3.338106] WARNING: CPU: 2 PID: 6 at kernel/workqueue.c:2361 check_flush_dependency+0xc8/0x124()
[    3.346981] workqueue: WQ_MEM_RECLAIM deferwq:deferred_probe_work_func is flushing !WQ_MEM_RECLAIM events:lru_add_drain_per_cpu
[    3.358256] Modules linked in:
[    3.361483] CPU: 2 PID: 6 Comm: kworker/u8:0 Not tainted 4.4.0-next-20160120-67547-g47a02bf #1
[    3.370072] Hardware name: NVIDIA Tegra SoC (Flattened Device Tree)
[    3.376324] Workqueue: deferwq deferred_probe_work_func
[    3.381571] [<c02188e8>] (unwind_backtrace) from [<c0213fb8>] (show_stack+0x10/0x14)
[    3.389306] [<c0213fb8>] (show_stack) from [<c0488a8c>] (dump_stack+0x78/0x94)
[    3.396522] [<c0488a8c>] (dump_stack) from [<c024ab48>] (warn_slowpath_common+0x74/0xb0)
[    3.404595] [<c024ab48>] (warn_slowpath_common) from [<c024ac18>] (warn_slowpath_fmt+0x30/0x40)
[    3.413275] [<c024ac18>] (warn_slowpath_fmt) from [<c025dcb0>] (check_flush_dependency+0xc8/0x124)
[    3.422214] [<c025dcb0>] (check_flush_dependency) from [<c025ddc4>] (flush_work+0x54/0x144)
[    3.430546] [<c025ddc4>] (flush_work) from [<c02da61c>] (lru_add_drain_all+0x130/0x18c)
[    3.438536] [<c02da61c>] (lru_add_drain_all) from [<c030c23c>] (migrate_prep+0x8/0x10)
[    3.446437] [<c030c23c>] (migrate_prep) from [<c02d561c>] (alloc_contig_range+0xc4/0x2f8)
[    3.454597] [<c02d561c>] (alloc_contig_range) from [<c030db68>] (cma_alloc+0xd8/0x1a0)
[    3.462498] [<c030db68>] (cma_alloc) from [<c021e3dc>] (__alloc_from_contiguous+0x38/0xdc)
[    3.470746] [<c021e3dc>] (__alloc_from_contiguous) from [<c021ffcc>] (__dma_alloc+0x21c/0x250)
[    3.479341] [<c021ffcc>] (__dma_alloc) from [<c0220084>] (arm_dma_alloc+0x48/0x54)
[    3.486903] [<c0220084>] (arm_dma_alloc) from [<c0306754>] (dma_pool_alloc+0x1dc/0x210)
[    3.494890] [<c0306754>] (dma_pool_alloc) from [<c07c7050>] (ehci_qh_alloc+0x3c/0xb4)
[    3.502706] [<c07c7050>] (ehci_qh_alloc) from [<c07cb648>] (ehci_setup+0x154/0x478)
[    3.510351] [<c07cb648>] (ehci_setup) from [<c07d1700>] (tegra_ehci_reset+0xc/0x50)
[    3.517998] [<c07d1700>] (tegra_ehci_reset) from [<c07a1ac8>] (usb_add_hcd+0x300/0x830)
[    3.525984] [<c07a1ac8>] (usb_add_hcd) from [<c07d1078>] (tegra_ehci_probe+0x3b8/0x504)
[    3.533975] [<c07d1078>] (tegra_ehci_probe) from [<c06590f0>] (platform_drv_probe+0x50/0xac)
[    3.542397] [<c06590f0>] (platform_drv_probe) from [<c0657a5c>] (driver_probe_device+0x1f4/0x2b0)
[    3.551250] [<c0657a5c>] (driver_probe_device) from [<c0655fec>] (bus_for_each_drv+0x44/0x8c)
[    3.559755] [<c0655fec>] (bus_for_each_drv) from [<c06577e0>] (__device_attach+0x9c/0x100)
[    3.568000] [<c06577e0>] (__device_attach) from [<c0656e6c>] (bus_probe_device+0x84/0x8c)
[    3.576158] [<c0656e6c>] (bus_probe_device) from [<c06572a0>] (deferred_probe_work_func+0x60/0x8c)
[    3.585098] [<c06572a0>] (deferred_probe_work_func) from [<c025ec0c>] (process_one_work+0x134/0x338)
[    3.594210] [<c025ec0c>] (process_one_work) from [<c025ee74>] (worker_thread+0x2c/0x4f0)
[    3.602287] [<c025ee74>] (worker_thread) from [<c0264048>] (kthread+0xd8/0xf4)
[    3.609497] [<c0264048>] (kthread) from [<c0210e78>] (ret_from_fork+0x14/0x3c)
[    3.616700] ---[ end trace aa2f5845520a24d6 ]---
[    3.621556] tegra-ehci 7d004000.usb: irq 343, io mem 0x7d004000
[    3.633882] tegra-ehci 7d004000.usb: USB 2.0 started, EHCI 1.00
[    3.641126] hub 1-0:1.0: USB hub found
[    3.644906] hub 1-0:1.0: 1 port detected
[    3.649882] tegra-ehci 7d008000.usb: EHCI Host Controller
[    3.655296] tegra-ehci 7d008000.usb: new USB bus registered, assigned bus number 2
[    3.663033] tegra-ehci 7d008000.usb: irq 344, io mem 0x7d008000
[    3.678878] tegra-ehci 7d008000.usb: USB 2.0 started, EHCI 1.00
[    3.686023] hub 2-0:1.0: USB hub found
[    3.689791] hub 2-0:1.0: 1 port detected
[    3.698559] tps65910-rtc tps65910-rtc: setting system clock to 2000-01-01 00:00:02 UTC (946684802)
[    3.712500] vdd_sata,avdd_plle: disabling
[    3.717307] usb1_vbus: disabling
[    3.723286] EXT4-fs (mmcblk0p1): mounting ext3 file system using the ext4 subsystem
[    3.742451] EXT4-fs (mmcblk0p1): warning: mounting fs with errors, running e2fsck is recommended
[    3.754268] EXT4-fs (mmcblk0p1): recovery complete
[    3.759070] EXT4-fs (mmcblk0p1): mounted filesystem with ordered data mode. Opts: (null)
[    3.767176] VFS: Mounted root (ext3 filesystem) on device 179:1.
[    3.777172] devtmpfs: mounted
[    3.781130] Freeing unused kernel memory: 1048K (c0e42000 - c0f48000)
bash: cannot set terminal process group (-1): Inappropriate ioctl for device
bash: no job control in this shell
root@(none):/# [    4.003903] usb 2-1: new high-speed USB device number 2 using tegra-ehci
mount -t sysfs none /sys
root@(none):/# 
root@(none):/# [    4.954061] asix 2-1:1.0 eth1: register 'asix' at usb-7d008000.usb-1, ASIX AX88772 USB 2.0 Ethernet, 00:50:b6:0f:67:60
mount -t debugfs none /sys/kernel/debug
root@(none):/# 
root@(none):/# rtcwake -d rtc1 -m mem -s 3
rtcwake: wakeup from "mem" using /dev/rtc1 at Thu Jan  1 00:00:21 1970
[    6.523131] PM: Syncing filesystems ... done.
[    6.536239] Freezing user space processes ... (elapsed 0.001 seconds) done.
[    6.544354] Freezing remaining freezable tasks ... (elapsed 0.001 seconds) done.
[    6.552966] Suspending console(s) (use no_console_suspend to debug)
[    6.597371] PM: suspend of devices complete after 37.125 msecs
[    6.598018] PM: late suspend of devices complete after 0.640 msecs
[    6.608950] PM: noirq suspend of devices complete after 10.925 msecs
[    6.608954] Disabling non-boot CPUs ...
[    6.609577] CPU1: shutdown
[    6.629633] IRQ17 no longer affine to CPU2
[    6.629847] CPU2: shutdown
[    6.644561] CPU3: shutdown
[    6.658970] Entering suspend state LP1
[    6.658981] Enabling non-boot CPUs ...
[    6.684481] CPU1 is up
[    6.709612] CPU2 is up
[    6.734723] CPU3 is up
[    6.735327] pcieport 0000:00:01.0: nv_msi_ht_cap_quirk didn't locate host bridge
[    6.748551] PM: noirq resume of devices complete after 13.820 msecs
[    6.750442] PM: early resume of devices complete after 1.498 msecs
[    6.815739] PM: resume of devices complete after 65.287 msecs
[    6.890966] Restarting tasks ... done.
root@(none):/# 
root@(none):/# rtcwake -d rtc1 -m mem -s 3
rtcwake: wakeup from "mem" using /dev/rtc1 at Thu Jan  1 00:00:26 1970
[    8.154163] PM: Syncing filesystems ... done.
[    8.166192] Freezing user space processes ... (elapsed 0.001 seconds) done.
[    8.174306] Freezing remaining freezable tasks ... (elapsed 0.001 seconds) done.
[    8.182910] Suspending console(s) (use no_console_suspend to debug)
[    8.223540] PM: suspend of devices complete after 33.454 msecs
[    8.225682] PM: late suspend of devices complete after 2.134 msecs
[    8.238923] PM: noirq suspend of devices complete after 13.234 msecs
[    8.238926] Disabling non-boot CPUs ...
[    8.239227] IRQ17 no longer affine to CPU1
[    8.239528] CPU1: shutdown
[    8.264791] CPU2: shutdown
[    8.279444] CPU3: shutdown
[    8.293933] Entering suspend state LP1
[    8.293948] Enabling non-boot CPUs ...
[    8.319632] CPU1 is up
[    8.344722] CPU2 is up
[    8.369846] CPU3 is up
[    8.370555] pcieport 0000:00:01.0: nv_msi_ht_cap_quirk didn't locate host bridge
[    8.383534] PM: noirq resume of devices complete after 13.679 msecs
[    8.385174] PM: early resume of devices complete after 1.223 msecs
[    8.455908] PM: resume of devices complete after 70.724 msecs
[    8.531388] Restarting tasks ... done.
root@(none):/# 
root@(none):/# rtcwake -d rtc1 -m mem -s 3
rtcwake: wakeup from "mem" using /dev/rtc1 at Thu Jan  1 00:00:31 1970
[    9.784792] PM: Syncing filesystems ... done.
[    9.799052] Freezing user space processes ... (elapsed 0.001 seconds) done.
[    9.807177] Freezing remaining freezable tasks ... (elapsed 0.001 seconds) done.
[    9.815845] Suspending console(s) (use no_console_suspend to debug)
[    9.860342] PM: suspend of devices complete after 37.042 msecs
[    9.864191] PM: late suspend of devices complete after 3.836 msecs
[    9.878972] PM: noirq suspend of devices complete after 14.773 msecs
[    9.878975] Disabling non-boot CPUs ...
[    9.879743] CPU1: shutdown
[    9.904787] IRQ17 no longer affine to CPU2
[    9.905048] CPU2: shutdown
[    9.919530] CPU3: shutdown
[    9.933949] Entering suspend state LP1
[    9.933964] Enabling non-boot CPUs ...
[    9.959601] CPU1 is up
[    9.984700] CPU2 is up
[   10.009811] CPU3 is up
[   10.010518] pcieport 0000:00:01.0: nv_msi_ht_cap_quirk didn't locate host bridge
[   10.023510] PM: noirq resume of devices complete after 13.689 msecs
[   10.026227] PM: early resume of devices complete after 2.279 msecs
[   10.096077] PM: resume of devices complete after 69.839 msecs
[   10.171490] Restarting tasks ... done.
root@(none):/# 
root@(none):/# rtcwake -d rtc1 -m mem -s 3
rtcwake: wakeup from "mem" using /dev/rtc1 at Thu Jan  1 00:00:36 1970
[   11.433207] PM: Syncing filesystems ... done.
[   11.448488] Freezing user space processes ... (elapsed 0.001 seconds) done.
[   11.456615] Freezing remaining freezable tasks ... (elapsed 0.001 seconds) done.
[   11.465291] Suspending console(s) (use no_console_suspend to debug)
[   11.509830] PM: suspend of devices complete after 37.082 msecs
[   11.511597] PM: late suspend of devices complete after 1.757 msecs
[   11.523965] PM: noirq suspend of devices complete after 12.358 msecs
[   11.523970] Disabling non-boot CPUs ...
[   11.524350] IRQ17 no longer affine to CPU1
[   11.524732] CPU1: shutdown
[   11.540033] CPU2: shutdown
[   11.554507] CPU3: shutdown
[   11.568929] Entering suspend state LP1
[   11.568943] Enabling non-boot CPUs ...
[   11.594591] CPU1 is up
[   11.619687] CPU2 is up
[   11.644799] CPU3 is up
[   11.645519] pcieport 0000:00:01.0: nv_msi_ht_cap_quirk didn't locate host bridge
[   11.658485] PM: noirq resume of devices complete after 13.674 msecs
[   11.660647] PM: early resume of devices complete after 1.750 msecs
[   11.731815] PM: resume of devices complete after 71.158 msecs
[   11.807280] Restarting tasks ... done.
root@(none):/# 
root@(none):/# rtcwake -d rtc1 -m mem -s 3
rtcwake: wakeup from "mem" using /dev/rtc1 at Thu Jan  1 00:00:41 1970
[   13.069418] PM: Syncing filesystems ... done.
[   13.084643] Freezing user space processes ... (elapsed 0.001 seconds) done.
[   13.092784] Freezing remaining freezable tasks ... (elapsed 0.001 seconds) done.
[   13.101437] Suspending console(s) (use no_console_suspend to debug)
[   13.143795] PM: suspend of devices complete after 34.873 msecs
[   13.145632] PM: late suspend of devices complete after 1.828 msecs
[   13.158934] PM: noirq suspend of devices complete after 13.295 msecs
[   13.158939] Disabling non-boot CPUs ...
[   13.159323] IRQ17 no longer affine to CPU1
[   13.159700] CPU1: shutdown
[   13.184997] CPU2: shutdown
[   13.199464] CPU3: shutdown
[   13.213906] Entering suspend state LP1
[   13.213918] Enabling non-boot CPUs ...
[   13.239543] CPU1 is up
[   13.264640] CPU2 is up
[   13.289767] CPU3 is up
[   13.290468] pcieport 0000:00:01.0: nv_msi_ht_cap_quirk didn't locate host bridge
[   13.303463] PM: noirq resume of devices complete after 13.687 msecs
[   13.305619] PM: early resume of devices complete after 1.728 msecs
[   13.376822] PM: resume of devices complete after 71.189 msecs
[   13.452307] Restarting tasks ... done.
root@(none):/# 
root@(none):/# NVTB SYSTEM SUSPEND TEST COMPLETE
