Diff for ./qemu-vexpress64/__internal/defconfig_log.txt
--- /tmp/fooa	2016-12-12 06:50:57.997135601 -0800
+++ /tmp/foob	2016-12-12 06:50:58.001135612 -0800
@@ -1,5 +1,5 @@
 Booting Linux on physical CPU 0x0
-Linux version 4.9.0-rc8-next-20161209-164873-g4a71e43 (pwalmsley@tamien) (gcc version 4.9.2 20140904 (prerelease) (crosstool-NG linaro-1.13.1-4.9-2014.09 - Linaro GCC 4.9-2014.09) ) #1 SMP PREEMPT Mon Dec 12 05:17:35 PST 2016
+Linux version 4.9.0-next-20161212-165199-gb11a0cf (pwalmsley@tamien) (gcc version 4.9.2 20140904 (prerelease) (crosstool-NG linaro-1.13.1-4.9-2014.09 - Linaro GCC 4.9-2014.09) ) #1 SMP PREEMPT Mon Dec 12 06:44:29 PST 2016
 Boot CPU: AArch64 Processor [411fd070]
 Memory limited to 1024MB
 efi: Getting EFI parameters from FDT:
@@ -18,7 +18,7 @@
 PID hash table entries: 4096 (order: 3, 32768 bytes)
 Dentry cache hash table entries: 131072 (order: 8, 1048576 bytes)
 Inode-cache hash table entries: 65536 (order: 7, 524288 bytes)
-Memory: 998916K/1048576K available (8508K kernel code, 940K rwdata, 4104K rodata, 1024K init, 425K bss, 33276K reserved, 16384K cma-reserved)
+Memory: 998916K/1048576K available (8508K kernel code, 940K rwdata, 4112K rodata, 1024K init, 425K bss, 33276K reserved, 16384K cma-reserved)
 Virtual kernel memory layout:
     modules : 0xffff000000000000 - 0xffff000008000000   (   128 MB)
     vmalloc : 0xffff000008000000 - 0xffff7dffbfff0000   (129022 GB)
@@ -167,7 +167,7 @@
 Key type dns_resolver registered
 registered taskstats version 1
 input: gpio-keys as /devices/platform/gpio-keys/input/input0
-rtc-pl031 9010000.pl031: setting system clock to 2016-12-12 13:18:15 UTC (1481548695)
+rtc-pl031 9010000.pl031: setting system clock to 2016-12-12 14:45:07 UTC (1481553907)
 ALSA device list:
   No soundcards found.
 uart-pl011 9000000.pl011: no DMA platform data
Diff for ./tegra114-dalmore-a04/tegra114-dalmore/multi_v7_defconfig_log.txt
--- /tmp/fooa	2016-12-12 06:50:58.005135625 -0800
+++ /tmp/foob	2016-12-12 06:50:58.009135636 -0800
@@ -14,7 +14,7 @@
 Err:   serial
 Net:   Net Initialization Skipped
 No ethernet found.
-Hit any key to stop autoboot:  2  1  0 
+Hit any key to stop autoboot:  2  0 
 Tegra114 (Dalmore) # 
 Tegra114 (Dalmore) # usb reset
 (Re)start USB...
@@ -39,20 +39,20 @@
 	 #################################################################
 	 #################################################################
 	 #################################################
-	 3.2 MiB/s
+	 3.3 MiB/s
 done
-Bytes transferred = 7391920 (70cab0 hex)
+Bytes transferred = 7397120 (70df00 hex)
 Tegra114 (Dalmore) # tftpboot 0x82000000 tegra114-dalmore.dtb
 Using asx0 device
 TFTP from server 192.168.100.1; our IP address is 192.168.100.100
 Filename 'tegra114-dalmore.dtb'.
 Load address: 0x82000000
 Loading: *###
-	 3.3 MiB/s
+	 3 MiB/s
 done
 Bytes transferred = 35044 (88e4 hex)
 Tegra114 (Dalmore) # bootz 0x81000000 - 0x82000000
-Kernel image @ 0x81000000 [ 0x000000 - 0x70cab0 ]
+Kernel image @ 0x81000000 [ 0x000000 - 0x70df00 ]
 ## Flattened Device Tree blob at 82000000
    Booting using the fdt blob at 0x82000000
    Loading Device Tree to 8fff4000, end 8ffff8e3 ... OK
@@ -60,7 +60,7 @@
 Starting kernel ...
 
 Booting Linux on physical CPU 0x0
-Linux version 4.9.0-rc8-next-20161209-140440-g4a71e43 (pwalmsley@sellafield) (gcc version 4.7.3 20130328 (prerelease) (crosstool-NG linaro-1.13.1-4.7-2013.04-20130415 - Linaro GCC 2013.04) ) #1 SMP Mon Dec 12 05:14:31 PST 2016
+Linux version 4.9.0-next-20161212-140766-gb11a0cf (pwalmsley@sellafield) (gcc version 4.7.3 20130328 (prerelease) (crosstool-NG linaro-1.13.1-4.7-2013.04-20130415 - Linaro GCC 2013.04) ) #1 SMP Mon Dec 12 06:41:19 PST 2016
 CPU: ARMv7 Processor [412fc0f2] revision 2 (ARMv7), cr=10c5387d
 CPU: div instructions available: patching division code
 CPU: PIPT / VIPT nonaliasing data cache, PIPT instruction cache
@@ -71,7 +71,7 @@
 cma: Reserved 64 MiB at 0xfb800000
 Memory policy: Data cache writealloc
 On node 0 totalpages: 524032
-free_area_init_node: node 0, pgdat c142a540, node_mem_map eeff8000
+free_area_init_node: node 0, pgdat c142a5c0, node_mem_map eeff8000
   DMA zone: 1536 pages used for memmap
   DMA zone: 0 pages reserved
   DMA zone: 196608 pages, LIFO batch:31
@@ -84,7 +84,7 @@
 PID hash table entries: 4096 (order: 2, 16384 bytes)
 Dentry cache hash table entries: 131072 (order: 7, 524288 bytes)
 Inode-cache hash table entries: 65536 (order: 6, 262144 bytes)
-Memory: 1994916K/2096128K available (9216K kernel code, 1200K rwdata, 4132K rodata, 2048K init, 503K bss, 35676K reserved, 65536K cma-reserved, 1244160K highmem)
+Memory: 1994916K/2096128K available (9216K kernel code, 1200K rwdata, 4136K rodata, 2048K init, 503K bss, 35676K reserved, 65536K cma-reserved, 1244160K highmem)
 Virtual kernel memory layout:
     vector  : 0xffff0000 - 0xffff1000   (   4 kB)
     fixmap  : 0xffc00000 - 0xfff00000   (3072 kB)
@@ -94,7 +94,7 @@
     modules : 0xbf000000 - 0xbfe00000   (  14 MB)
       .text : 0xc0208000 - 0xc0c00000   (10208 kB)
       .init : 0xc1100000 - 0xc1300000   (2048 kB)
-      .data : 0xc1300000 - 0xc142c040   (1201 kB)
+      .data : 0xc1300000 - 0xc142c0c0   (1201 kB)
        .bss : 0xc142e000 - 0xc14abc70   ( 504 kB)
 SLUB: HWalign=64, Order=0-3, MinObjects=0, CPUs=4, Nodes=1
 Hierarchical RCU implementation.
@@ -310,15 +310,15 @@
 mmcblk0: mmc0:aaaa SL16G 14.8 GiB 
 VDD_5V0_HDMI_CON: supplied by vdd-sys-5v0
 [drm] Supports vblank timestamp caching Rev 2 (21.10.2013).
-[drm] No driver support for vblank timestamp query.
  mmcblk0: p1 p2 p3
+[drm] No driver support for vblank timestamp query.
 mmc1: new high speed MMC card at address 0001
 mmcblk1: mmc1:0001 SEM32G 29.1 GiB 
 mmcblk1boot0: mmc1:0001 SEM32G partition 1 4.00 MiB
 mmcblk1boot1: mmc1:0001 SEM32G partition 2 4.00 MiB
 mmcblk1rpmb: mmc1:0001 SEM32G partition 3 4.00 MiB
-Console: switching to colour frame buffer device 240x75
  mmcblk1: p1 p2 p3 p4 p5 p6 p7 p8
+Console: switching to colour frame buffer device 240x75
 drm drm: fb0:  frame buffer device
 [drm] Initialized tegra 0.0.0 20120330 on minor 0
 tegra-ehci 7d008000.usb: EHCI Host Controller
@@ -328,7 +328,7 @@
 hub 1-0:1.0: USB hub found
 hub 1-0:1.0: 1 port detected
 input: gpio-keys as /devices/soc0/gpio-keys/input/input0
-palmas-rtc 7000d000.i2c:tps65913@58:rtc: setting system clock to 2000-10-06 00:43:25 UTC (970793005)
+palmas-rtc 7000d000.i2c:tps65913@58:rtc: setting system clock to 2000-10-06 02:10:13 UTC (970798213)
 dvdd_ts: disabling
 usb1_vbus: disabling
 vdd_cam_1v8_reg: disabling
@@ -340,4 +340,4 @@
 Freeing unused kernel memory: 2048K
 bash: cannot set terminal process group (-1): Inappropriate ioctl for device
 bash: no job control in this shell
-root@(none):/# [    2.479722] usb 1-1: new high-speed USB device number 2 using tegra-ehci
+root@(none):/# [    2.489749] usb 1-1: new high-speed USB device number 2 using tegra-ehci
Diff for ./tegra114-dalmore-a04/tegra114-dalmore/tegra_defconfig_log.txt
--- /tmp/fooa	2016-12-12 06:50:58.013135648 -0800
+++ /tmp/foob	2016-12-12 06:50:58.013135648 -0800
@@ -37,20 +37,20 @@
 	 #################################################################
 	 #################################################################
 	 ##################################################
-	 2.8 MiB/s
+	 3.2 MiB/s
 done
-Bytes transferred = 5502264 (53f538 hex)
+Bytes transferred = 5504760 (53fef8 hex)
 Tegra114 (Dalmore) # tftpboot 0x82000000 tegra114-dalmore.dtb
 Using asx0 device
 TFTP from server 192.168.100.1; our IP address is 192.168.100.100
 Filename 'tegra114-dalmore.dtb'.
 Load address: 0x82000000
 Loading: *###
-	 2.6 MiB/s
+	 3 MiB/s
 done
 Bytes transferred = 35044 (88e4 hex)
 Tegra114 (Dalmore) # bootz 0x81000000 - 0x82000000
-Kernel image @ 0x81000000 [ 0x000000 - 0x53f538 ]
+Kernel image @ 0x81000000 [ 0x000000 - 0x53fef8 ]
 ## Flattened Device Tree blob at 82000000
    Booting using the fdt blob at 0x82000000
    Loading Device Tree to 8fff4000, end 8ffff8e3 ... OK
@@ -59,7 +59,7 @@
 
 Uncompressing Linux... done, booting the kernel.
 Booting Linux on physical CPU 0x0
-Linux version 4.9.0-rc8-next-20161209-140440-g4a71e43 (pwalmsley@kaivo) (gcc version 4.7.3 20130328 (prerelease) (crosstool-NG linaro-1.13.1-4.7-2013.04-20130415 - Linaro GCC 2013.04) ) #1 SMP PREEMPT Mon Dec 12 05:14:32 PST 2016
+Linux version 4.9.0-next-20161212-140766-gb11a0cf (pwalmsley@kaivo) (gcc version 4.7.3 20130328 (prerelease) (crosstool-NG linaro-1.13.1-4.7-2013.04-20130415 - Linaro GCC 2013.04) ) #1 SMP PREEMPT Mon Dec 12 06:41:27 PST 2016
 CPU: ARMv7 Processor [412fc0f2] revision 2 (ARMv7), cr=10c5387d
 CPU: div instructions available: patching division code
 CPU: PIPT / VIPT nonaliasing data cache, PIPT instruction cache
@@ -69,7 +69,7 @@
 cma: Reserved 64 MiB at 0xfbc00000
 Memory policy: Data cache writealloc
 On node 0 totalpages: 524032
-free_area_init_node: node 0, pgdat c0d5e600, node_mem_map eeff7000
+free_area_init_node: node 0, pgdat c0d5e640, node_mem_map eeff7000
   Normal zone: 1536 pages used for memmap
   Normal zone: 0 pages reserved
   Normal zone: 196608 pages, LIFO batch:31
@@ -92,7 +92,7 @@
     modules : 0xbf000000 - 0xbfe00000   (  14 MB)
       .text : 0xc0008000 - 0xc0900000   (9184 kB)
       .init : 0xc0c00000 - 0xc0d00000   (1024 kB)
-      .data : 0xc0d00000 - 0xc0d5fcc0   ( 384 kB)
+      .data : 0xc0d00000 - 0xc0d5fd00   ( 384 kB)
        .bss : 0xc0d61000 - 0xc0dc5388   ( 401 kB)
 Preemptible hierarchical RCU implementation.
 	Build-time adjustment of leaf fanout to 32.
@@ -133,7 +133,7 @@
 NET: Registered protocol family 16
 DMA: preallocated 256 KiB pool for atomic coherent allocations
 cpuidle: using governor menu
-No ATAGs?[    0.504167] hw-breakpoint: found 5 (+1 reserved) breakpoint and 4 watchpoint registers.
+No ATAGs?[    0.503232] hw-breakpoint: found 5 (+1 reserved) breakpoint and 4 watchpoint registers.
 hw-breakpoint: maximum watchpoint size is 8 bytes.
 tegra-mc 70019000.memory-controller: no memory timings for RAM code 3 registered
 dvdd_ts: Failed to request enable GPIO61: -517
@@ -321,7 +321,7 @@
 hub 1-0:1.0: USB hub found
 hub 1-0:1.0: 1 port detected
 input: gpio-keys as /devices/soc0/gpio-keys/input/input1
-palmas-rtc 7000d000.i2c:tps65913@58:rtc: setting system clock to 2000-10-06 00:46:21 UTC (970793181)
+palmas-rtc 7000d000.i2c:tps65913@58:rtc: setting system clock to 2000-10-06 02:12:57 UTC (970798377)
 dvdd_ts: disabling
 usb1_vbus: disabling
 vdd_cam_1v8_reg: disabling
@@ -335,4 +335,4 @@
 Freeing unused kernel memory: 1024K
 bash: cannot set terminal process group (-1): Inappropriate ioctl for device
 bash: no job control in this shell
-root@(none):/# [    2.734325] usb 1-1: new high-speed USB device number 2 using tegra-ehci
+root@(none):/# [    2.732929] usb 1-1: new high-speed USB device number 2 using tegra-ehci
Diff for ./tegra124-jetson-tk1/tegra124-jetson-tk1/multi_v7_defconfig_log.txt
--- /tmp/fooa	2016-12-12 06:50:58.021135667 -0800
+++ /tmp/foob	2016-12-12 06:50:58.021135667 -0800
@@ -36,18 +36,18 @@
 	 #################################################
 	 4 MiB/s
 done
-Bytes transferred = 7391920 (70cab0 hex)
+Bytes transferred = 7397120 (70df00 hex)
 Tegra124 (Jetson TK1) # tftpboot 0x83000000 tegra124-jetson-tk1.dtb
 Using eth_rtl8169 device
 TFTP from server 192.168.100.1; our IP address is 192.168.100.102
 Filename 'tegra124-jetson-tk1.dtb'.
 Load address: 0x83000000
 Loading: *#####
-	 3.6 MiB/s
+	 3.8 MiB/s
 done
 Bytes transferred = 67133 (1063d hex)
 Tegra124 (Jetson TK1) # bootz 0x82000000 - 0x83000000
-Kernel image @ 0x82000000 [ 0x000000 - 0x70cab0 ]
+Kernel image @ 0x82000000 [ 0x000000 - 0x70df00 ]
 ## Flattened Device Tree blob at 83000000
    Booting using the fdt blob at 0x83000000
    Using Device Tree in place at 83000000, end 8301363c
@@ -55,7 +55,7 @@
 Starting kernel ...
 
 Booting Linux on physical CPU 0x0
-Linux version 4.9.0-rc8-next-20161209-140440-g4a71e43 (pwalmsley@sellafield) (gcc version 4.7.3 20130328 (prerelease) (crosstool-NG linaro-1.13.1-4.7-2013.04-20130415 - Linaro GCC 2013.04) ) #1 SMP Mon Dec 12 05:14:31 PST 2016
+Linux version 4.9.0-next-20161212-140766-gb11a0cf (pwalmsley@sellafield) (gcc version 4.7.3 20130328 (prerelease) (crosstool-NG linaro-1.13.1-4.7-2013.04-20130415 - Linaro GCC 2013.04) ) #1 SMP Mon Dec 12 06:41:19 PST 2016
 CPU: ARMv7 Processor [413fc0f3] revision 3 (ARMv7), cr=10c5387d
 CPU: div instructions available: patching division code
 CPU: PIPT / VIPT nonaliasing data cache, PIPT instruction cache
@@ -66,7 +66,7 @@
 cma: Reserved 64 MiB at 0xfb800000
 Memory policy: Data cache writealloc
 On node 0 totalpages: 524032
-free_area_init_node: node 0, pgdat c142a540, node_mem_map eeff8000
+free_area_init_node: node 0, pgdat c142a5c0, node_mem_map eeff8000
   DMA zone: 1536 pages used for memmap
   DMA zone: 0 pages reserved
   DMA zone: 196608 pages, LIFO batch:31
@@ -79,7 +79,7 @@
 PID hash table entries: 4096 (order: 2, 16384 bytes)
 Dentry cache hash table entries: 131072 (order: 7, 524288 bytes)
 Inode-cache hash table entries: 65536 (order: 6, 262144 bytes)
-Memory: 1994796K/2096128K available (9216K kernel code, 1200K rwdata, 4132K rodata, 2048K init, 503K bss, 35796K reserved, 65536K cma-reserved, 1244160K highmem)
+Memory: 1994796K/2096128K available (9216K kernel code, 1200K rwdata, 4136K rodata, 2048K init, 503K bss, 35796K reserved, 65536K cma-reserved, 1244160K highmem)
 Virtual kernel memory layout:
     vector  : 0xffff0000 - 0xffff1000   (   4 kB)
     fixmap  : 0xffc00000 - 0xfff00000   (3072 kB)
@@ -89,7 +89,7 @@
     modules : 0xbf000000 - 0xbfe00000   (  14 MB)
       .text : 0xc0208000 - 0xc0c00000   (10208 kB)
       .init : 0xc1100000 - 0xc1300000   (2048 kB)
-      .data : 0xc1300000 - 0xc142c040   (1201 kB)
+      .data : 0xc1300000 - 0xc142c0c0   (1201 kB)
        .bss : 0xc142e000 - 0xc14abc70   ( 504 kB)
 SLUB: HWalign=64, Order=0-3, MinObjects=0, CPUs=4, Nodes=1
 Hierarchical RCU implementation.
@@ -380,9 +380,9 @@
 pci_bus 0000:00: 2-byte config write to 0000:00:02.0 offset 0x52 may corrupt adjacent RW1C bits
 pci 0000:00:02.0: PME# supported from D0 D1 D2 D3hot D3cold
 pci_bus 0000:00: 2-byte config write to 0000:00:02.0 offset 0x4c may corrupt adjacent RW1C bits
+ata1: SATA link down (SStatus 0 SControl 300)
 pci_bus 0000:00: 2-byte config write to 0000:00:01.0 offset 0x3e may corrupt adjacent RW1C bits
 pci_bus 0000:00: 2-byte config write to 0000:00:02.0 offset 0x3e may corrupt adjacent RW1C bits
-ata1: SATA link down (SStatus 0 SControl 300)
 pci_bus 0000:00: 2-byte config write to 0000:00:01.0 offset 0x4 may corrupt adjacent RW1C bits
 pci_bus 0000:00: 1-byte config write to 0000:00:01.0 offset 0xc may corrupt adjacent RW1C bits
 pci_bus 0000:00: 2-byte config write to 0000:00:02.0 offset 0x4 may corrupt adjacent RW1C bits
@@ -440,7 +440,7 @@
 cpufreq: cpufreq_online: CPU0: Running at unlisted freq: 696000 KHz
 cpufreq: cpufreq_online: CPU0: Unlisted initial frequency changed to: 714000 KHz
 input: gpio-keys as /devices/soc0/gpio-keys/input/input0
-as3722-rtc as3722-rtc: setting system clock to 2000-01-01 00:00:12 UTC (946684812)
+as3722-rtc as3722-rtc: setting system clock to 2000-01-01 00:00:13 UTC (946684813)
 +USB0_VBUS_SW: disabling
 +1.8V_RUN_CAM: disabling
 +2.8V_RUN_CAM: disabling
Diff for ./tegra124-jetson-tk1/tegra124-jetson-tk1/tegra_defconfig_log.txt
--- /tmp/fooa	2016-12-12 06:50:58.029135688 -0800
+++ /tmp/foob	2016-12-12 06:50:58.029135688 -0800
@@ -34,18 +34,18 @@
 	 ##################################################
 	 3.9 MiB/s
 done
-Bytes transferred = 5502264 (53f538 hex)
+Bytes transferred = 5504760 (53fef8 hex)
 Tegra124 (Jetson TK1) # tftpboot 0x83000000 tegra124-jetson-tk1.dtb
 Using eth_rtl8169 device
 TFTP from server 192.168.100.1; our IP address is 192.168.100.102
 Filename 'tegra124-jetson-tk1.dtb'.
 Load address: 0x83000000
 Loading: *#####
-	 3.8 MiB/s
+	 3.4 MiB/s
 done
 Bytes transferred = 67133 (1063d hex)
 Tegra124 (Jetson TK1) # bootz 0x82000000 - 0x83000000
-Kernel image @ 0x82000000 [ 0x000000 - 0x53f538 ]
+Kernel image @ 0x82000000 [ 0x000000 - 0x53fef8 ]
 ## Flattened Device Tree blob at 83000000
    Booting using the fdt blob at 0x83000000
    Using Device Tree in place at 83000000, end 8301363c
@@ -54,7 +54,7 @@
 
 Uncompressing Linux... done, booting the kernel.
 Booting Linux on physical CPU 0x0
-Linux version 4.9.0-rc8-next-20161209-140440-g4a71e43 (pwalmsley@kaivo) (gcc version 4.7.3 20130328 (prerelease) (crosstool-NG linaro-1.13.1-4.7-2013.04-20130415 - Linaro GCC 2013.04) ) #1 SMP PREEMPT Mon Dec 12 05:14:32 PST 2016
+Linux version 4.9.0-next-20161212-140766-gb11a0cf (pwalmsley@kaivo) (gcc version 4.7.3 20130328 (prerelease) (crosstool-NG linaro-1.13.1-4.7-2013.04-20130415 - Linaro GCC 2013.04) ) #1 SMP PREEMPT Mon Dec 12 06:41:27 PST 2016
 CPU: ARMv7 Processor [413fc0f3] revision 3 (ARMv7), cr=10c5387d
 CPU: div instructions available: patching division code
 CPU: PIPT / VIPT nonaliasing data cache, PIPT instruction cache
@@ -64,7 +64,7 @@
 cma: Reserved 64 MiB at 0xfbc00000
 Memory policy: Data cache writealloc
 On node 0 totalpages: 524032
-free_area_init_node: node 0, pgdat c0d5e600, node_mem_map eeff7000
+free_area_init_node: node 0, pgdat c0d5e640, node_mem_map eeff7000
   Normal zone: 1536 pages used for memmap
   Normal zone: 0 pages reserved
   Normal zone: 196608 pages, LIFO batch:31
@@ -87,7 +87,7 @@
     modules : 0xbf000000 - 0xbfe00000   (  14 MB)
       .text : 0xc0008000 - 0xc0900000   (9184 kB)
       .init : 0xc0c00000 - 0xc0d00000   (1024 kB)
-      .data : 0xc0d00000 - 0xc0d5fcc0   ( 384 kB)
+      .data : 0xc0d00000 - 0xc0d5fd00   ( 384 kB)
        .bss : 0xc0d61000 - 0xc0dc5388   ( 401 kB)
 Preemptible hierarchical RCU implementation.
 	Build-time adjustment of leaf fanout to 32.
@@ -128,7 +128,7 @@
 NET: Registered protocol family 16
 DMA: preallocated 256 KiB pool for atomic coherent allocations
 cpuidle: using governor menu
-No ATAGs?[    0.551311] hw-breakpoint: found 5 (+1 reserved) breakpoint and 4 watchpoint registers.
+No ATAGs?[    0.549899] hw-breakpoint: found 5 (+1 reserved) breakpoint and 4 watchpoint registers.
 hw-breakpoint: maximum watchpoint size is 8 bytes.
 +5V_SYS: supplied by +VDD_MUX
 +3.3V_SYS: supplied by +VDD_MUX
@@ -449,7 +449,7 @@
 cpufreq: cpufreq_online: CPU0: Running at unlisted freq: 696000 KHz
 cpufreq: cpufreq_online: CPU0: Unlisted initial frequency changed to: 714000 KHz
 input: gpio-keys as /devices/soc0/gpio-keys/input/input2
-as3722-rtc as3722-rtc: setting system clock to 2000-01-01 00:01:55 UTC (946684915)
+as3722-rtc as3722-rtc: setting system clock to 2000-01-01 00:00:14 UTC (946684814)
 +USB0_VBUS_SW: disabling
 +1.8V_RUN_CAM: disabling
  mmcblk1: p1 p2 p3
Diff for ./tegra124-nyan-big/tegra124-nyan-big/multi_v7_defconfig_log.txt
--- /tmp/fooa	2016-12-12 06:50:58.037135711 -0800
+++ /tmp/foob	2016-12-12 06:50:58.037135711 -0800
@@ -42,20 +42,20 @@
 	 #################################################################
 	 #################################################################
 	 #################################################
-	 3.6 MiB/s
+	 3.5 MiB/s
 done
-Bytes transferred = 7391920 (70cab0 hex)
+Bytes transferred = 7397120 (70df00 hex)
 Tegra124 (Nyan-big) # tftpboot 0x83000000 tegra124-nyan-big.dtb
 Using asx0 device
 TFTP from server 192.168.100.1; our IP address is 192.168.100.102
 Filename 'tegra124-nyan-big.dtb'.
 Load address: 0x83000000
 Loading: *#####
-	 3.2 MiB/s
+	 3.4 MiB/s
 done
 Bytes transferred = 67943 (10967 hex)
 Tegra124 (Nyan-big) # bootz 0x82000000 - 0x83000000
-Kernel image @ 0x82000000 [ 0x000000 - 0x70cab0 ]
+Kernel image @ 0x82000000 [ 0x000000 - 0x70df00 ]
 ## Flattened Device Tree blob at 83000000
    Booting using the fdt blob at 0x83000000
    Using Device Tree in place at 83000000, end 83013966
@@ -63,7 +63,7 @@
 Starting kernel ...
 
 Booting Linux on physical CPU 0x0
-Linux version 4.9.0-rc8-next-20161209-140440-g4a71e43 (pwalmsley@sellafield) (gcc version 4.7.3 20130328 (prerelease) (crosstool-NG linaro-1.13.1-4.7-2013.04-20130415 - Linaro GCC 2013.04) ) #1 SMP Mon Dec 12 05:14:31 PST 2016
+Linux version 4.9.0-next-20161212-140766-gb11a0cf (pwalmsley@sellafield) (gcc version 4.7.3 20130328 (prerelease) (crosstool-NG linaro-1.13.1-4.7-2013.04-20130415 - Linaro GCC 2013.04) ) #1 SMP Mon Dec 12 06:41:19 PST 2016
 CPU: ARMv7 Processor [413fc0f3] revision 3 (ARMv7), cr=10c5387d
 CPU: div instructions available: patching division code
 CPU: PIPT / VIPT nonaliasing data cache, PIPT instruction cache
@@ -75,7 +75,7 @@
 cma: Reserved 64 MiB at 0xfb800000
 Memory policy: Data cache writealloc
 On node 0 totalpages: 524287
-free_area_init_node: node 0, pgdat c142a540, node_mem_map eeff8000
+free_area_init_node: node 0, pgdat c142a5c0, node_mem_map eeff8000
   DMA zone: 1536 pages used for memmap
   DMA zone: 0 pages reserved
   DMA zone: 196608 pages, LIFO batch:31
@@ -88,7 +88,7 @@
 PID hash table entries: 4096 (order: 2, 16384 bytes)
 Dentry cache hash table entries: 131072 (order: 7, 524288 bytes)
 Inode-cache hash table entries: 65536 (order: 6, 262144 bytes)
-Memory: 1995812K/2097148K available (9216K kernel code, 1200K rwdata, 4132K rodata, 2048K init, 503K bss, 35800K reserved, 65536K cma-reserved, 1245180K highmem)
+Memory: 1995812K/2097148K available (9216K kernel code, 1200K rwdata, 4136K rodata, 2048K init, 503K bss, 35800K reserved, 65536K cma-reserved, 1245180K highmem)
 Virtual kernel memory layout:
     vector  : 0xffff0000 - 0xffff1000   (   4 kB)
     fixmap  : 0xffc00000 - 0xfff00000   (3072 kB)
@@ -98,7 +98,7 @@
     modules : 0xbf000000 - 0xbfe00000   (  14 MB)
       .text : 0xc0208000 - 0xc0c00000   (10208 kB)
       .init : 0xc1100000 - 0xc1300000   (2048 kB)
-      .data : 0xc1300000 - 0xc142c040   (1201 kB)
+      .data : 0xc1300000 - 0xc142c0c0   (1201 kB)
        .bss : 0xc142e000 - 0xc14abc70   ( 504 kB)
 SLUB: HWalign=64, Order=0-3, MinObjects=0, CPUs=4, Nodes=1
 Hierarchical RCU implementation.
@@ -308,6 +308,8 @@
 can: broadcast manager protocol (rev 20161123 t)
 can: netlink gateway (rev 20130117) max_hops=1
 Key type dns_resolver registered
+elan_i2c 1-0015: Elan Touchpad: Module ID: 0x002a, Firmware: 0x0005, Sample: 0x0007, IAP: 0x0009
+input: Elan Touchpad as /devices/soc0/7000c400.i2c/i2c-1/1-0015/input/input0
 ThumbEE CPU extension supported.
 Registering SWP/SWPB emulation handler
 +3.3V_RUN: supplied by +3.3V_SYS
@@ -322,18 +324,8 @@
 +3.3V_PANEL: supplied by +3.3V_RUN
 +3.3V_LP0: supplied by +3.3V_SYS
 +1.05V_RUN_AVDD_HDMI_PLL: supplied by +1.05V_RUN
-elan_i2c 1-0015: reading cmd (0x0101) fail.
-elan_i2c 1-0015: failed to get product ID: -121
+elan_i2c 1-0015: failed to read report data: -121
 +5V_HDMI_CON: supplied by +5V_SYS
-mmc0: new high speed MMC card at address 0001
-mmcblk0: mmc0:0001 MMC16G 14.4 GiB 
-mmcblk0boot0: mmc0:0001 MMC16G partition 1 2.00 MiB
-mmcblk0boot1: mmc0:0001 MMC16G partition 2 2.00 MiB
-mmcblk0rpmb: mmc0:0001 MMC16G partition 3 128 KiB
- mmcblk0: p1 p2 p3 p4 p5 p6 p7 p8 p9 p10 p11 p12
-elan_i2c 1-0015: writing cmd (0x0005) failed: -121
-elan_i2c 1-0015: device reset failed: -121
-elan_i2c 1-0015: device initialize failed: -121
 usb3-0 supply vbus not found, using dummy regulator
 usb3-1 supply vbus not found, using dummy regulator
 tegra-sor 54540000.sor: failed to probe output: -517
@@ -342,15 +334,20 @@
 mmc1: Unknown controller version (3). You may experience problems.
 mmc1: Invalid maximum block size, assuming 512 bytes
 mmc1: Switching to 3.3V signalling voltage failed
+mmc0: new high speed MMC card at address 0001
+mmcblk0: mmc0:0001 MMC16G 14.4 GiB 
+mmcblk0boot0: mmc0:0001 MMC16G partition 1 2.00 MiB
 mmc1: SDHCI controller on 700b0000.sdhci [700b0000.sdhci] using ADMA
 sdhci-tegra 700b0400.sdhci: Got CD GPIO
 sdhci-tegra 700b0400.sdhci: Got WP GPIO
 mmc2: Unknown controller version (3). You may experience problems.
 mmc2: Invalid maximum block size, assuming 512 bytes
+mmcblk0boot1: mmc0:0001 MMC16G partition 2 2.00 MiB
+mmcblk0rpmb: mmc0:0001 MMC16G partition 3 128 KiB
+ mmcblk0: p1 p2 p3 p4 p5 p6 p7 p8 p9 p10 p11 p12
 mmc1: new high speed SDIO card at address 0001
-elan_i2c 1-0015: Elan Touchpad: Module ID: 0x002a, Firmware: 0x0005, Sample: 0x0007, IAP: 0x0009
 mmc2: SDHCI controller on 700b0400.sdhci [700b0400.sdhci] using ADMA
-input: Elan Touchpad as /devices/soc0/7000c400.i2c/i2c-1/1-0015/input/input0
+elan_i2c 1-0015: invalid report id data (ff)
 [drm] Supports vblank timestamp caching Rev 2 (21.10.2013).
 [drm] No driver support for vblank timestamp query.
 mmc2: new high speed SDHC card at address 0007
@@ -365,7 +362,7 @@
 drm drm: fb0:  frame buffer device
 [drm] Initialized tegra 0.0.0 20120330 on minor 0
 input: gpio-keys as /devices/soc0/gpio-keys/input/input1
-as3722-rtc as3722-rtc: setting system clock to 2000-01-01 01:08:49 UTC (946688929)
+as3722-rtc as3722-rtc: setting system clock to 2000-01-01 02:35:36 UTC (946694136)
 +1.8V_RUN_CAM: disabling
 +3.3V_RUN_CAM: disabling
 +1.2V_RUN_CAM_FRONT: disabling
Diff for ./tegra124-nyan-big/tegra124-nyan-big/tegra_defconfig_log.txt
--- /tmp/fooa	2016-12-12 06:50:58.045135732 -0800
+++ /tmp/foob	2016-12-12 06:50:58.045135732 -0800
@@ -14,7 +14,7 @@
 Err:   serial
 Net:   Net Initialization Skipped
 No ethernet found.
-Hit any key to stop autoboot:  2  1  0 
+Hit any key to stop autoboot:  2  0 
 Tegra124 (Nyan-big) # 
 Tegra124 (Nyan-big) # usb start
 starting USB...
@@ -40,20 +40,20 @@
 	 #################################################################
 	 #################################################################
 	 ##################################################
-	 3.5 MiB/s
+	 3.3 MiB/s
 done
-Bytes transferred = 5502264 (53f538 hex)
+Bytes transferred = 5504760 (53fef8 hex)
 Tegra124 (Nyan-big) # tftpboot 0x83000000 tegra124-nyan-big.dtb
 Using asx0 device
 TFTP from server 192.168.100.1; our IP address is 192.168.100.102
 Filename 'tegra124-nyan-big.dtb'.
 Load address: 0x83000000
 Loading: *#####
-	 2.9 MiB/s
+	 3.2 MiB/s
 done
 Bytes transferred = 67943 (10967 hex)
 Tegra124 (Nyan-big) # bootz 0x82000000 - 0x83000000
-Kernel image @ 0x82000000 [ 0x000000 - 0x53f538 ]
+Kernel image @ 0x82000000 [ 0x000000 - 0x53fef8 ]
 ## Flattened Device Tree blob at 83000000
    Booting using the fdt blob at 0x83000000
    Using Device Tree in place at 83000000, end 83013966
@@ -62,7 +62,7 @@
 
 Uncompressing Linux... done, booting the kernel.
 Booting Linux on physical CPU 0x0
-Linux version 4.9.0-rc8-next-20161209-140440-g4a71e43 (pwalmsley@kaivo) (gcc version 4.7.3 20130328 (prerelease) (crosstool-NG linaro-1.13.1-4.7-2013.04-20130415 - Linaro GCC 2013.04) ) #1 SMP PREEMPT Mon Dec 12 05:14:32 PST 2016
+Linux version 4.9.0-next-20161212-140766-gb11a0cf (pwalmsley@kaivo) (gcc version 4.7.3 20130328 (prerelease) (crosstool-NG linaro-1.13.1-4.7-2013.04-20130415 - Linaro GCC 2013.04) ) #1 SMP PREEMPT Mon Dec 12 06:41:27 PST 2016
 CPU: ARMv7 Processor [413fc0f3] revision 3 (ARMv7), cr=10c5387d
 CPU: div instructions available: patching division code
 CPU: PIPT / VIPT nonaliasing data cache, PIPT instruction cache
@@ -73,7 +73,7 @@
 cma: Reserved 64 MiB at 0xfbc00000
 Memory policy: Data cache writealloc
 On node 0 totalpages: 524287
-free_area_init_node: node 0, pgdat c0d5e600, node_mem_map eeff7000
+free_area_init_node: node 0, pgdat c0d5e640, node_mem_map eeff7000
   Normal zone: 1536 pages used for memmap
   Normal zone: 0 pages reserved
   Normal zone: 196608 pages, LIFO batch:31
@@ -96,7 +96,7 @@
     modules : 0xbf000000 - 0xbfe00000   (  14 MB)
       .text : 0xc0008000 - 0xc0900000   (9184 kB)
       .init : 0xc0c00000 - 0xc0d00000   (1024 kB)
-      .data : 0xc0d00000 - 0xc0d5fcc0   ( 384 kB)
+      .data : 0xc0d00000 - 0xc0d5fd00   ( 384 kB)
        .bss : 0xc0d61000 - 0xc0dc5388   ( 401 kB)
 Preemptible hierarchical RCU implementation.
 	Build-time adjustment of leaf fanout to 32.
@@ -137,7 +137,7 @@
 NET: Registered protocol family 16
 DMA: preallocated 256 KiB pool for atomic coherent allocations
 cpuidle: using governor menu
-No ATAGs?[    0.488275] hw-breakpoint: found 5 (+1 reserved) breakpoint and 4 watchpoint registers.
+No ATAGs?[    0.487764] hw-breakpoint: found 5 (+1 reserved) breakpoint and 4 watchpoint registers.
 hw-breakpoint: maximum watchpoint size is 8 bytes.
 tegra-mc 70019000.memory-controller: no memory timings for RAM code 0 registered
 +5V_SYS: supplied by +VDD_MUX
@@ -286,50 +286,50 @@
 tegra30-i2s 70301100.i2s: DMA channels sourced from device 70300000.ahub
 BUG: scheduling while atomic: kworker/0:1/29/0x00000002
 Modules linked in:
-CPU: 0 PID: 29 Comm: kworker/0:1 Not tainted 4.9.0-rc8-next-20161209-140440-g4a71e43 #1
+CPU: 0 PID: 29 Comm: kworker/0:1 Not tainted 4.9.0-next-20161212-140766-gb11a0cf #1
 Hardware name: NVIDIA Tegra SoC (Flattened Device Tree)
 Workqueue: events_freezable mmc_rescan
 [<c010f308>] (unwind_backtrace) from [<c010a900>] (show_stack+0x10/0x14)
-[<c010a900>] (show_stack) from [<c034cc3c>] (dump_stack+0x84/0xa4)
-[<c034cc3c>] (dump_stack) from [<c01b540c>] (__schedule_bug+0x60/0x80)
-[<c01b540c>] (__schedule_bug) from [<c08269b0>] (__schedule+0x528/0x60c)
-[<c08269b0>] (__schedule) from [<c0826c64>] (schedule+0x50/0xc0)
-[<c0826c64>] (schedule) from [<c0826ec0>] (schedule_preempt_disabled+0x24/0x40)
-[<c0826ec0>] (schedule_preempt_disabled) from [<c082ae28>] (__mutex_lock_slowpath+0x400/0x6f0)
-[<c082ae28>] (__mutex_lock_slowpath) from [<c03c34f4>] (clk_prepare_lock+0x3c/0xe4)
-[<c03c34f4>] (clk_prepare_lock) from [<c03c59fc>] (clk_set_rate+0x14/0x30)
-[<c03c59fc>] (clk_set_rate) from [<c05dbc54>] (tegra_sdhci_set_clock+0x28/0xdc)
-[<c05dbc54>] (tegra_sdhci_set_clock) from [<c05dadbc>] (sdhci_set_ios+0x2b8/0x57c)
-[<c05dadbc>] (sdhci_set_ios) from [<c05c51d4>] (mmc_set_bus_mode+0x18/0x1c)
-[<c05c51d4>] (mmc_set_bus_mode) from [<c05c80ec>] (mmc_init_card+0xb4/0x1824)
-[<c05c80ec>] (mmc_init_card) from [<c05c9bd0>] (mmc_attach_mmc+0x8c/0x14c)
-[<c05c9bd0>] (mmc_attach_mmc) from [<c05c6150>] (mmc_rescan+0x274/0x34c)
-[<c05c6150>] (mmc_rescan) from [<c0134e68>] (process_one_work+0x120/0x320)
-[<c0134e68>] (process_one_work) from [<c01350cc>] (worker_thread+0x2c/0x4b4)
-[<c01350cc>] (worker_thread) from [<c013a58c>] (kthread+0xd8/0xf4)
-[<c013a58c>] (kthread) from [<c0107938>] (ret_from_fork+0x14/0x3c)
+[<c010a900>] (show_stack) from [<c034d8fc>] (dump_stack+0x84/0xa4)
+[<c034d8fc>] (dump_stack) from [<c01b5580>] (__schedule_bug+0x60/0x80)
+[<c01b5580>] (__schedule_bug) from [<c0827ea8>] (__schedule+0x528/0x60c)
+[<c0827ea8>] (__schedule) from [<c082815c>] (schedule+0x50/0xc0)
+[<c082815c>] (schedule) from [<c08283b8>] (schedule_preempt_disabled+0x24/0x40)
+[<c08283b8>] (schedule_preempt_disabled) from [<c082c320>] (__mutex_lock_slowpath+0x400/0x6f0)
+[<c082c320>] (__mutex_lock_slowpath) from [<c03c4c24>] (clk_prepare_lock+0x3c/0xe4)
+[<c03c4c24>] (clk_prepare_lock) from [<c03c712c>] (clk_set_rate+0x14/0x30)
+[<c03c712c>] (clk_set_rate) from [<c05dd458>] (tegra_sdhci_set_clock+0x28/0xdc)
+[<c05dd458>] (tegra_sdhci_set_clock) from [<c05dc5c0>] (sdhci_set_ios+0x2b8/0x57c)
+[<c05dc5c0>] (sdhci_set_ios) from [<c05c69d8>] (mmc_set_bus_mode+0x18/0x1c)
+[<c05c69d8>] (mmc_set_bus_mode) from [<c05c98f0>] (mmc_init_card+0xb4/0x1824)
+[<c05c98f0>] (mmc_init_card) from [<c05cb3d4>] (mmc_attach_mmc+0x8c/0x14c)
+[<c05cb3d4>] (mmc_attach_mmc) from [<c05c7954>] (mmc_rescan+0x274/0x34c)
+[<c05c7954>] (mmc_rescan) from [<c0134e7c>] (process_one_work+0x120/0x320)
+[<c0134e7c>] (process_one_work) from [<c01350e0>] (worker_thread+0x2c/0x4b4)
+[<c01350e0>] (worker_thread) from [<c013a5f8>] (kthread+0xfc/0x134)
+[<c013a5f8>] (kthread) from [<c0107938>] (ret_from_fork+0x14/0x3c)
 BUG: scheduling while atomic: kworker/0:1/29/0x00000000
 Modules linked in:
-CPU: 0 PID: 29 Comm: kworker/0:1 Tainted: G        W       4.9.0-rc8-next-20161209-140440-g4a71e43 #1
+CPU: 0 PID: 29 Comm: kworker/0:1 Tainted: G        W       4.9.0-next-20161212-140766-gb11a0cf #1
 Hardware name: NVIDIA Tegra SoC (Flattened Device Tree)
 Workqueue: events_freezable mmc_rescan
 [<c010f308>] (unwind_backtrace) from [<c010a900>] (show_stack+0x10/0x14)
-[<c010a900>] (show_stack) from [<c034cc3c>] (dump_stack+0x84/0xa4)
-[<c034cc3c>] (dump_stack) from [<c01b540c>] (__schedule_bug+0x60/0x80)
-[<c01b540c>] (__schedule_bug) from [<c08269b0>] (__schedule+0x528/0x60c)
-[<c08269b0>] (__schedule) from [<c0826c64>] (schedule+0x50/0xc0)
-[<c0826c64>] (schedule) from [<c082c818>] (schedule_timeout+0x1c0/0x2e4)
-[<c082c818>] (schedule_timeout) from [<c08275b0>] (wait_for_common+0xbc/0x148)
-[<c08275b0>] (wait_for_common) from [<c05c3cd4>] (mmc_wait_for_req_done+0x7c/0x104)
-[<c05c3cd4>] (mmc_wait_for_req_done) from [<c05c3e98>] (mmc_wait_for_cmd+0x58/0x78)
-[<c05c3e98>] (mmc_wait_for_cmd) from [<c05ca5a0>] (mmc_go_idle+0x78/0xfc)
-[<c05ca5a0>] (mmc_go_idle) from [<c05c806c>] (mmc_init_card+0x34/0x1824)
-[<c05c806c>] (mmc_init_card) from [<c05c9bd0>] (mmc_attach_mmc+0x8c/0x14c)
-[<c05c9bd0>] (mmc_attach_mmc) from [<c05c6150>] (mmc_rescan+0x274/0x34c)
-[<c05c6150>] (mmc_rescan) from [<c0134e68>] (process_one_work+0x120/0x320)
-[<c0134e68>] (process_one_work) from [<c01350cc>] (worker_thread+0x2c/0x4b4)
-[<c01350cc>] (worker_thread) from [<c013a58c>] (kthread+0xd8/0xf4)
-[<c013a58c>] (kthread) from [<c0107938>] (ret_from_fork+0x14/0x3c)
+[<c010a900>] (show_stack) from [<c034d8fc>] (dump_stack+0x84/0xa4)
+[<c034d8fc>] (dump_stack) from [<c01b5580>] (__schedule_bug+0x60/0x80)
+[<c01b5580>] (__schedule_bug) from [<c0827ea8>] (__schedule+0x528/0x60c)
+[<c0827ea8>] (__schedule) from [<c082815c>] (schedule+0x50/0xc0)
+[<c082815c>] (schedule) from [<c082dd10>] (schedule_timeout+0x1c0/0x2e4)
+[<c082dd10>] (schedule_timeout) from [<c0828aa8>] (wait_for_common+0xbc/0x148)
+[<c0828aa8>] (wait_for_common) from [<c05c54d8>] (mmc_wait_for_req_done+0x7c/0x104)
+[<c05c54d8>] (mmc_wait_for_req_done) from [<c05c569c>] (mmc_wait_for_cmd+0x58/0x78)
+[<c05c569c>] (mmc_wait_for_cmd) from [<c05cbda4>] (mmc_go_idle+0x78/0xfc)
+[<c05cbda4>] (mmc_go_idle) from [<c05c9870>] (mmc_init_card+0x34/0x1824)
+[<c05c9870>] (mmc_init_card) from [<c05cb3d4>] (mmc_attach_mmc+0x8c/0x14c)
+[<c05cb3d4>] (mmc_attach_mmc) from [<c05c7954>] (mmc_rescan+0x274/0x34c)
+[<c05c7954>] (mmc_rescan) from [<c0134e7c>] (process_one_work+0x120/0x320)
+[<c0134e7c>] (process_one_work) from [<c01350e0>] (worker_thread+0x2c/0x4b4)
+[<c01350e0>] (worker_thread) from [<c013a5f8>] (kthread+0xfc/0x134)
+[<c013a5f8>] (kthread) from [<c0107938>] (ret_from_fork+0x14/0x3c)
 max98090 0-0010: MAX98090 REVID=0x43
 max98090 0-0010: use default 2.8v micbias
 tegra-snd-max98090 sound: HiFi <-> 70301100.i2s mapping ok
@@ -402,10 +402,10 @@
 mmc2: SDHCI controller on 700b0400.sdhci [700b0400.sdhci] using ADMA
 [drm] Supports vblank timestamp caching Rev 2 (21.10.2013).
 [drm] No driver support for vblank timestamp query.
-input: tegra-hda HDMI/DP,pcm=3 as /devices/soc0/70030000.hda/sound/card0/input3
 usb 1-2: new high-speed USB device number 2 using tegra-xusb
 mmc2: new high speed SDHC card at address 0007
 mmcblk2: mmc2:0007 SD08G 7.42 GiB 
+input: tegra-hda HDMI/DP,pcm=3 as /devices/soc0/70030000.hda/sound/card0/input3
 GPT:Primary header alternate_lba != Alt. header my_lba
 GPT:3014591 != 15564799
 GPT:Primary header thinks Alt. header is not at the end of the disk.
@@ -416,7 +416,7 @@
 drm drm: fb0:  frame buffer device
 [drm] Initialized tegra 0.0.0 20120330 on minor 0
 input: gpio-keys as /devices/soc0/gpio-keys/input/input4
-as3722-rtc as3722-rtc: setting system clock to 2000-01-01 01:08:06 UTC (946688886)
+as3722-rtc as3722-rtc: setting system clock to 2000-01-01 02:34:52 UTC (946694092)
 +1.8V_RUN_CAM: disabling
 +1.2V_RUN_CAM_FRONT: disabling
 +1.05V_RUN_CAM_REAR: disabling
@@ -437,4 +437,4 @@
 Freeing unused kernel memory: 1024K
 bash: cannot set terminal process group (-1): Inappropriate ioctl for device
 bash: no job control in this shell
-root@(none):/# [    3.219104] usb 1-3: new high-speed USB device number 3 using tegra-xusb
+root@(none):/# [    3.208434] usb 1-3: new high-speed USB device number 3 using tegra-xusb
Diff for ./tegra132-norrin/tegra132-norrin/defconfig_log.txt
--- /tmp/fooa	2016-12-12 06:50:58.049135741 -0800
+++ /tmp/foob	2016-12-12 06:50:58.053135751 -0800
@@ -31,7 +31,7 @@
 MSENC clock is set to  79200 KHz
 Vde clock is set to 204000 KHz
 
-Bootloader-Cpu Init at (time stamp): 1800561 us
+Bootloader-Cpu Init at (time stamp): 1800571 us
 
 Pinmux changes applied in kernel way
 
@@ -59,23 +59,23 @@
 The proc BoardInfo: 0x0176:0x0001:0x01:0x43:0x00
 FastbootAddAtag: setting ATAG (0)
 
-Board Id Read Time: 4 us
+Board Id Read Time: 3 us
 Power Rail enable Time: 1 us
 
-Miscellaneous avp time: 1800534  us
-Bootloader (AosInit) time: 733513 us
-Bootloader Main Init time: 180161 us
-BlockDevMgrInit time: 157537 us
-PartMgrInit time: 8 us
+Miscellaneous avp time: 1800545  us
+Bootloader (AosInit) time: 734312 us
+Bootloader Main Init time: 180376 us
+BlockDevMgrInit time: 157469 us
+PartMgrInit time: 18 us
 StorMgrInit time: 30 us
 FsMgrInit time: 2 us
-Partition Table load: 77088 us 
-Display init time: 574668 us
-Kernel read time: 378 msec
+Partition Table load: 76704 us 
+Display init time: 574822 us
+Kernel read time: 376 msec
 Load Kernel Size:   16304128 Bytes
-Bl Kernel ReadSpeed: 43132000 Bytes/sec
-Pre-Kernel Jump time: 1740488 us
-Clearing 32 Bit State and Warm resetting to 64bit mode: 5844529 us
+Bl Kernel ReadSpeed: 43362000 Bytes/sec
+Pre-Kernel Jump time: 1741069 us
+Clearing 32 Bit State and Warm resetting to 64bit mode: 5843055 us
 Booting Linux on physical CPU 0x0
 Linux version 4.8.0-239303-g3477d16 (pwalmsley@tamien) (gcc version 4.9.2 20140904 (prerelease) (crosstool-NG linaro-1.13.1-4.9-2014.09 - Linaro GCC 4.9-2014.09) ) #1 SMP PREEMPT Fri Oct 7 01:12:37 PDT 2016
 Boot CPU: AArch64 Processor [4e0f0000]
@@ -184,7 +184,7 @@
 kvm [1]: HYP mode not available
 futex hash table entries: 256 (order: 3, 32768 bytes)
 audit: initializing netlink subsys (disabled)
-audit: type=2000 audit(1.135:1): initialized
+audit: type=2000 audit(1.139:1): initialized
 workingset: timestamp_bits=46 max_order=19 bucket_order=0
 squashfs: version 4.0 (2009/01/31) Phillip Lougher
 NFS: Registering the id_resolver key type
Diff for ./tegra20-trimslice/tegra20-trimslice/multi_v7_defconfig_log.txt
--- /tmp/fooa	2016-12-12 06:50:58.057135762 -0800
+++ /tmp/foob	2016-12-12 06:50:58.061135774 -0800
@@ -49,18 +49,18 @@
 	 #################################################
 	 4 MiB/s
 done
-Bytes transferred = 7391920 (70cab0 hex)
+Bytes transferred = 7397120 (70df00 hex)
 Tegra20 (TrimSlice) # tftpboot 0x02408000 tegra20-trimslice.dtb
 Using RTL8169#0 device
 TFTP from server 192.168.100.1; our IP address is 192.168.100.103
 Filename 'tegra20-trimslice.dtb'.
 Load address: 0x2408000
 Loading: *##
-	 4.1 MiB/s
+	 3.4 MiB/s
 done
 Bytes transferred = 21404 (539c hex)
 Tegra20 (TrimSlice) # bootz 0x00408000 - 0x02408000
-Kernel image @ 0x408000 [ 0x000000 - 0x70cab0 ]
+Kernel image @ 0x408000 [ 0x000000 - 0x70df00 ]
 ## Flattened Device Tree blob at 02408000
    Booting using the fdt blob at 0x2408000
    Using Device Tree in place at 02408000, end 0241039b
@@ -68,7 +68,7 @@
 Starting kernel ...
 
 Booting Linux on physical CPU 0x0
-Linux version 4.9.0-rc8-next-20161209-140440-g4a71e43 (pwalmsley@sellafield) (gcc version 4.7.3 20130328 (prerelease) (crosstool-NG linaro-1.13.1-4.7-2013.04-20130415 - Linaro GCC 2013.04) ) #1 SMP Mon Dec 12 05:14:31 PST 2016
+Linux version 4.9.0-next-20161212-140766-gb11a0cf (pwalmsley@sellafield) (gcc version 4.7.3 20130328 (prerelease) (crosstool-NG linaro-1.13.1-4.7-2013.04-20130415 - Linaro GCC 2013.04) ) #1 SMP Mon Dec 12 06:41:19 PST 2016
 CPU: ARMv7 Processor [411fc090] revision 0 (ARMv7), cr=10c5387d
 CPU: PIPT / VIPT nonaliasing data cache, VIPT aliasing instruction cache
 OF: fdt:Machine model: Compulab TrimSlice board
@@ -78,7 +78,7 @@
 cma: Reserved 64 MiB at 0x3c000000
 Memory policy: Data cache writealloc
 On node 0 totalpages: 262144
-free_area_init_node: node 0, pgdat c142a540, node_mem_map ef7f8000
+free_area_init_node: node 0, pgdat c142a5c0, node_mem_map ef7f8000
   DMA zone: 1536 pages used for memmap
   DMA zone: 0 pages reserved
   DMA zone: 196608 pages, LIFO batch:31
@@ -91,7 +91,7 @@
 PID hash table entries: 4096 (order: 2, 16384 bytes)
 Dentry cache hash table entries: 131072 (order: 7, 524288 bytes)
 Inode-cache hash table entries: 65536 (order: 6, 262144 bytes)
-Memory: 955720K/1048576K available (9216K kernel code, 1200K rwdata, 4132K rodata, 2048K init, 503K bss, 27320K reserved, 65536K cma-reserved, 196608K highmem)
+Memory: 955720K/1048576K available (9216K kernel code, 1200K rwdata, 4136K rodata, 2048K init, 503K bss, 27320K reserved, 65536K cma-reserved, 196608K highmem)
 Virtual kernel memory layout:
     vector  : 0xffff0000 - 0xffff1000   (   4 kB)
     fixmap  : 0xffc00000 - 0xfff00000   (3072 kB)
@@ -101,7 +101,7 @@
     modules : 0xbf000000 - 0xbfe00000   (  14 MB)
       .text : 0xc0208000 - 0xc0c00000   (10208 kB)
       .init : 0xc1100000 - 0xc1300000   (2048 kB)
-      .data : 0xc1300000 - 0xc142c040   (1201 kB)
+      .data : 0xc1300000 - 0xc142c0c0   (1201 kB)
        .bss : 0xc142e000 - 0xc14abc70   ( 504 kB)
 SLUB: HWalign=64, Order=0-3, MinObjects=0, CPUs=2, Nodes=1
 Hierarchical RCU implementation.
@@ -333,9 +333,9 @@
 utmi_phy_clk_enable: timeout waiting for phy to stabilize
 mmc0: host does not support reading read-only switch, assuming write-enable
 mmc0: new high speed SDHC card at address b368
+tegra-ehci c5000000.usb: EHCI Host Controller
 mmcblk0: mmc0:b368 NCard 3.70 GiB 
  mmcblk0: p1
-tegra-ehci c5000000.usb: EHCI Host Controller
 tegra-ehci c5000000.usb: new USB bus registered, assigned bus number 2
 tegra-ehci c5000000.usb: irq 288, io mem 0xc5000000
 usb 1-1: new high-speed USB device number 2 using tegra-ehci
@@ -343,21 +343,19 @@
 hub 2-0:1.0: USB hub found
 hub 2-0:1.0: 1 port detected
 input: gpio-keys as /devices/soc0/gpio-keys/input/input0
+rtc-em3027 2-0056: setting system clock to 2015-02-06 02:05:20 UTC (1423188320)
+EXT4-fs (mmcblk0p1): mounting ext3 file system using the ext4 subsystem
 mmc1: new high speed SD card at address b368
 mmcblk1: mmc1:b368 NCard 1.83 GiB (ro)
  mmcblk1: p1 p2
-rtc-em3027 2-0056: setting system clock to 2015-02-06 01:58:22 UTC (1423187902)
-EXT4-fs (mmcblk0p1): mounting ext3 file system using the ext4 subsystem
-hub 1-1:1.0: USB hub found
-hub 1-1:1.0: 4 ports detected
-usb 1-1.2: new high-speed USB device number 3 using tegra-ehci
-random: fast init done
-asix 1-1.2:1.0 eth1: register 'asix' at usb-c5008000.usb-1.2, ASIX AX88772 USB 2.0 Ethernet, 00:60:6e:60:6c:68
 EXT4-fs (mmcblk0p1): recovery complete
 EXT4-fs (mmcblk0p1): mounted filesystem with ordered data mode. Opts: (null)
 VFS: Mounted root (ext3 filesystem) on device 179:1.
 devtmpfs: mounted
 Freeing unused kernel memory: 2048K
+hub 1-1:1.0: USB hub found
+hub 1-1:1.0: 4 ports detected
+random: fast init done
 bash: cannot set terminal process group (-1): Inappropriate ioctl for device
 bash: no job control in this shell
-root@(none):/# 
\ No newline at end of file
+root@(none):/# [    2.761207] usb 1-1.2: new high-speed USB device number 3 using tegra-ehci
Diff for ./tegra20-trimslice/tegra20-trimslice/tegra_defconfig_log.txt
--- /tmp/fooa	2016-12-12 06:50:58.065135786 -0800
+++ /tmp/foob	2016-12-12 06:50:58.069135797 -0800
@@ -19,7 +19,7 @@
 Out:   serial
 Err:   serial
 Net:   RTL8169#0
-Hit any key to stop autoboot:  2  0 
+Hit any key to stop autoboot:  2  1  0 
 Tegra20 (TrimSlice) # 
 Tegra20 (TrimSlice) # usb reset
 resetting USB...
@@ -45,9 +45,9 @@
 	 #################################################################
 	 #################################################################
 	 ##################################################
-	 4.1 MiB/s
+	 4 MiB/s
 done
-Bytes transferred = 5502264 (53f538 hex)
+Bytes transferred = 5504760 (53fef8 hex)
 Tegra20 (TrimSlice) # tftpboot 0x02408000 tegra20-trimslice.dtb
 Using RTL8169#0 device
 TFTP from server 192.168.100.1; our IP address is 192.168.100.103
@@ -58,7 +58,7 @@
 done
 Bytes transferred = 21404 (539c hex)
 Tegra20 (TrimSlice) # bootz 0x00408000 - 0x02408000
-Kernel image @ 0x408000 [ 0x000000 - 0x53f538 ]
+Kernel image @ 0x408000 [ 0x000000 - 0x53fef8 ]
 ## Flattened Device Tree blob at 02408000
    Booting using the fdt blob at 0x2408000
    Using Device Tree in place at 02408000, end 0241039b
@@ -67,7 +67,7 @@
 
 Uncompressing Linux... done, booting the kernel.
 Booting Linux on physical CPU 0x0
-Linux version 4.9.0-rc8-next-20161209-140440-g4a71e43 (pwalmsley@kaivo) (gcc version 4.7.3 20130328 (prerelease) (crosstool-NG linaro-1.13.1-4.7-2013.04-20130415 - Linaro GCC 2013.04) ) #1 SMP PREEMPT Mon Dec 12 05:14:32 PST 2016
+Linux version 4.9.0-next-20161212-140766-gb11a0cf (pwalmsley@kaivo) (gcc version 4.7.3 20130328 (prerelease) (crosstool-NG linaro-1.13.1-4.7-2013.04-20130415 - Linaro GCC 2013.04) ) #1 SMP PREEMPT Mon Dec 12 06:41:27 PST 2016
 CPU: ARMv7 Processor [411fc090] revision 0 (ARMv7), cr=10c5387d
 CPU: PIPT / VIPT nonaliasing data cache, VIPT aliasing instruction cache
 OF: fdt:Machine model: Compulab TrimSlice board
@@ -76,7 +76,7 @@
 cma: Reserved 64 MiB at 0x3c000000
 Memory policy: Data cache writealloc
 On node 0 totalpages: 262144
-free_area_init_node: node 0, pgdat c0d5e600, node_mem_map ef7f7000
+free_area_init_node: node 0, pgdat c0d5e640, node_mem_map ef7f7000
   Normal zone: 1536 pages used for memmap
   Normal zone: 0 pages reserved
   Normal zone: 196608 pages, LIFO batch:31
@@ -99,7 +99,7 @@
     modules : 0xbf000000 - 0xbfe00000   (  14 MB)
       .text : 0xc0008000 - 0xc0900000   (9184 kB)
       .init : 0xc0c00000 - 0xc0d00000   (1024 kB)
-      .data : 0xc0d00000 - 0xc0d5fcc0   ( 384 kB)
+      .data : 0xc0d00000 - 0xc0d5fd00   ( 384 kB)
        .bss : 0xc0d61000 - 0xc0dc5388   ( 401 kB)
 Preemptible hierarchical RCU implementation.
 	Build-time adjustment of leaf fanout to 32.
@@ -139,7 +139,7 @@
 NET: Registered protocol family 16
 DMA: preallocated 256 KiB pool for atomic coherent allocations
 cpuidle: using governor menu
-No ATAGs?[    0.316905] hw-breakpoint: found 5 (+1 reserved) breakpoint and 1 watchpoint registers.
+No ATAGs?[    0.314946] hw-breakpoint: found 5 (+1 reserved) breakpoint and 1 watchpoint registers.
 hw-breakpoint: maximum watchpoint size is 4 bytes.
 usb1_vbus: Failed to request enable GPIO170: -517
 reg-fixed-voltage regulators:regulator@2: Failed to register regulator: -517
@@ -312,14 +312,18 @@
 tlv320aic23-codec 2-001a: ASoC: no dapm match for MICIN --> NULL --> Mic Input
 tlv320aic23-codec 2-001a: ASoC: Failed to add route MICIN -> NULL -> Mic Input
 tegra-snd-trimslice sound: tlv320aic23-hifi <-> 70002800.i2s mapping ok
-usb 1-1: new high-speed USB device number 2 using tegra-ehci
 NET: Registered protocol family 10
 mmc0: host does not support reading read-only switch, assuming write-enable
 mmc0: new high speed SDHC card at address b368
+usb 1-1: new high-speed USB device number 2 using tegra-ehci
+mmcblk0: mmc0:b368 NCard 3.70 GiB 
+ mmcblk0: p1
+mmc1: new high speed SD card at address b368
+mmcblk1: mmc1:b368 NCard 1.83 GiB (ro)
 Segment Routing with IPv6
+ mmcblk1: p1 p2
 mip6: Mobile IPv6
 sit: IPv6, IPv4 and MPLS over IPv4 tunneling driver
-mmcblk0: mmc0:b368 NCard 3.70 GiB 
 NET: Registered protocol family 17
 NET: Registered protocol family 15
 can: controller area network core (rev 20120528 abi 9)
@@ -335,21 +339,17 @@
 Bluetooth: HIDP socket layer initialized
 Key type dns_resolver registered
 Registering SWP/SWPB emulation handler
- mmcblk0: p1
 utmi_phy_clk_enable: timeout waiting for phy to stabilize
 tegra-ehci c5000000.usb: EHCI Host Controller
 tegra-ehci c5000000.usb: new USB bus registered, assigned bus number 2
-mmc1: new high speed SD card at address b368
-mmcblk1: mmc1:b368 NCard 1.83 GiB (ro)
- mmcblk1: p1 p2
 tegra-ehci c5000000.usb: irq 288, io mem 0xc5000000
+hub 1-1:1.0: USB hub found
+hub 1-1:1.0: 4 ports detected
 tegra-ehci c5000000.usb: USB 2.0 started, EHCI 1.00
 hub 2-0:1.0: USB hub found
 hub 2-0:1.0: 1 port detected
 input: gpio-keys as /devices/soc0/gpio-keys/input/input0
-hub 1-1:1.0: USB hub found
-hub 1-1:1.0: 4 ports detected
-rtc-em3027 2-0056: setting system clock to 2015-02-06 01:59:56 UTC (1423187996)
+rtc-em3027 2-0056: setting system clock to 2015-02-06 02:06:49 UTC (1423188409)
 ALSA device list:
   #0: tegra-trimslice
 EXT4-fs (mmcblk0p1): mounting ext3 file system using the ext4 subsystem
Diff for ./tegra210-p2371-0000/tegra210-p2371-0000/defconfig_log.txt
--- /tmp/fooa	2016-12-12 06:50:58.073135807 -0800
+++ /tmp/foob	2016-12-12 06:50:58.077135817 -0800
@@ -64,17 +64,17 @@
 Loading and Validation of Secure OS Successful
 NvTbootPackSdramParams: start. 
 NvTbootPackSdramParams: done. 
-Tegraboot started after 935842 us
-Basic modules init took 348742 us
-Sec Bootdevice Read Time = 202 ms, Read Size = 8459 KB
-Next stage binary read took 14371 us
-Carveout took 252748 us
-CPU initialization took 92305 us
-Total time taken by TegraBoot 708166 us
+Tegraboot started after 784084 us
+Basic modules init took 350703 us
+Sec Bootdevice Read Time = 203 ms, Read Size = 8459 KB
+Next stage binary read took 14370 us
+Carveout took 253511 us
+CPU initialization took 92539 us
+Total time taken by TegraBoot 711123 us
 
 Starting CPU & Halting co-processor 
 
-64b[0001.770] LPDDR4 Training: Number of tables = 10
+64b[0001.625] LPDDR4 Training: Number of tables = 10
 EMC Training (SRC-freq: 204000; DST-freq: 408000)
 EMC Training Successful
 EMC Training (SRC-freq: 204000; DST-freq: 665600)
@@ -108,7 +108,7 @@
 Tegra210 (P2371-0000) # 
 Tegra210 (P2371-0000) # ums 0 mmc 0
 UMS: disk start sector: 0x0, count: 0x1d5a000
-|/-\|/-\/-\|/-\/-\|/-\/-\|/-\/-\|/-\/-\|/-\/-\|/-\/-\|/-\/-CTRL+C - Operation aborted
+|/-\|/-\/-\|/-\/-\|/-\/-\|/-\/-\|/-\/-\|/-\/-\|/-\/-\|/-\/-\|/-\/-\|/-\/-\|/-\/-\|/-\/-\|/-\/-\|/-\/-CTRL+C - Operation aborted
 Tegra210 (P2371-0000) # 
 Tegra210 (P2371-0000) # env set fdt_copy_node_names /cpus:/psci
 Tegra210 (P2371-0000) # setenv rootpart 1
@@ -119,7 +119,7 @@
 Tegra210 (P2371-0000) # load ${devtype} ${devnum}:${rootpart} ${kernel_addr_r} /boot/Image.defconfig
 14987776 bytes read in 796 ms (18 MiB/s)
 Tegra210 (P2371-0000) # load ${devtype} ${devnum}:${rootpart} ${fdt_addr_r} /boot/tegra210-p2371-0000.dtb
-44882 bytes read in 460 ms (94.7 KiB/s)
+44882 bytes read in 459 ms (94.7 KiB/s)
 Tegra210 (P2371-0000) # load ${devtype} ${devnum}:${rootpart} ${ramdisk_addr_r} /boot/tegra-ramdisk.img
 1627787 bytes read in 495 ms (3.1 MiB/s)
 Tegra210 (P2371-0000) # ramdisk_size=${filesize}
@@ -131,7 +131,7 @@
 Starting kernel ...
 
 Booting Linux on physical CPU 0x0
-Linux version 4.9.0-rc8-next-20161209-164873-g4a71e43 (pwalmsley@tamien) (gcc version 4.9.2 20140904 (prerelease) (crosstool-NG linaro-1.13.1-4.9-2014.09 - Linaro GCC 4.9-2014.09) ) #1 SMP PREEMPT Mon Dec 12 05:17:35 PST 2016
+Linux version 4.9.0-next-20161212-165199-gb11a0cf (pwalmsley@tamien) (gcc version 4.9.2 20140904 (prerelease) (crosstool-NG linaro-1.13.1-4.9-2014.09 - Linaro GCC 4.9-2014.09) ) #1 SMP PREEMPT Mon Dec 12 06:44:29 PST 2016
 Boot CPU: AArch64 Processor [411fd071]
 debug: ignoring loglevel setting.
 earlycon: uart8250 at MMIO32 0x0000000070006000 (options '')
@@ -161,7 +161,7 @@
 Dentry cache hash table entries: 524288 (order: 10, 4194304 bytes)
 Inode-cache hash table entries: 262144 (order: 9, 2097152 bytes)
 software IO TLB [mem 0xfa000000-0xfe000000] (64MB) mapped at [ffff80007a000000-ffff80007dffffff]
-Memory: 2977920K/3131392K available (8508K kernel code, 940K rwdata, 4104K rodata, 1024K init, 425K bss, 137088K reserved, 16384K cma-reserved)
+Memory: 2977920K/3131392K available (8508K kernel code, 940K rwdata, 4112K rodata, 1024K init, 425K bss, 137088K reserved, 16384K cma-reserved)
 Virtual kernel memory layout:
     modules : 0xffff000000000000 - 0xffff000008000000   (   128 MB)
     vmalloc : 0xffff000008000000 - 0xffff7dffbfff0000   (129022 GB)
@@ -254,7 +254,7 @@
 RPC: Registered tcp NFSv4.1 backchannel transport module.
 PCI: CLS 0 bytes, default 128
 kvm [1]: 8-bit VMID
-kvm [1]: IDMAP page: 808b8000
+kvm [1]: IDMAP page: 808b9000
 kvm [1]: HYP VA range: 800000000000:ffffffffffff
 kvm [1]: Hyp mode initialized successfully
 kvm [1]: vgic-v2@50044000
@@ -262,7 +262,7 @@
 kvm [1]: virtual timer IRQ4
 futex hash table entries: 1024 (order: 5, 131072 bytes)
 audit: initializing netlink subsys (disabled)
-audit: type=2000 audit(0.539:1): initialized
+audit: type=2000 audit(0.531:1): initialized
 workingset: timestamp_bits=46 max_order=20 bucket_order=0
 squashfs: version 4.0 (2009/01/31) Phillip Lougher
 NFS: Registering the id_resolver key type
@@ -342,6 +342,6 @@
 devtmpfs: mounted
 Freeing unused kernel memory: 1024K
 bash: cannot set terminal process group (-1): Inappropriate ioctl for device
-bash: no job contr[    1.362888] random: fast init done
-ol in this shell
+bash: no job control in th[    1.359770] random: fast init done
+is shell
 root@(none):/# 
\ No newline at end of file
Diff for ./tegra210-smaug/tegra210-smaug/defconfig_log.txt
--- /tmp/fooa	2016-12-12 06:50:58.081135827 -0800
+++ /tmp/foob	2016-12-12 06:50:58.085135838 -0800
@@ -1,5 +1,4 @@
- Boot CPU: AArch64 Processor [411fd071]
-efi: Getting EFI parameters from FDT:
+fi: Getting EFI parameters from FDT:
 efi: UEFI not found.
 cma: Reserved 16 MiB at 0x00000000f5400000
 earlycon: uart0 at MMIO 0x0000000070006000 (options '115200n8')
@@ -18,7 +17,7 @@
 Dentry cache hash table entries: 524288 (order: 10, 4194304 bytes)
 Inode-cache hash table entries: 262144 (order: 9, 2097152 bytes)
 software IO TLB [mem 0xf1400000-0xf5400000] (64MB) mapped at [ffff800071400000-ffff8000753fffff]
-Memory: 2832108K/2988032K available (8508K kernel code, 940K rwdata, 4104K rodata, 1024K init, 425K bss, 139540K reserved, 16384K cma-reserved)
+Memory: 2832108K/2988032K available (8508K kernel code, 940K rwdata, 4112K rodata, 1024K init, 425K bss, 139540K reserved, 16384K cma-reserved)
 Virtual kernel memory layout:
     modules : 0xffff000000000000 - 0xffff000008000000   (   128 MB)
     vmalloc : 0xffff000008000000 - 0xffff7dffbfff0000   (129022 GB)
@@ -55,7 +54,7 @@
  (comparison mask = 0xf8000000)
 boot misc2 0x0: expected 0xf400f0da
  (comparison mask = 0xffffffff)
-boot misc3 0x1a68: expected 0x2004f400
+boot misc3 0x3e50: expected 0x2004f400
  (comparison mask = 0xffffffff)
 PLL_P already enabled. Postponing set full defaults
 PLL_X already enabled. Postponing set full defaults
@@ -68,7 +67,7 @@
 console [tty0] enabled
 bootconsole [uart0] disabled
 Booting Linux on physical CPU 0x0
-Linux version 4.9.0-rc8-next-20161209-164873-g4a71e43 (pwalmsley@tamien) (gcc version 4.9.2 20140904 (prerelease) (crosstool-NG linaro-1.13.1-4.9-2014.09 - Linaro GCC 4.9-2014.09) ) #1 SMP PREEMPT Mon Dec 12 05:17:35 PST 2016
+Linux version 4.9.0-next-20161212-165199-gb11a0cf (pwalmsley@tamien) (gcc version 4.9.2 20140904 (prerelease) (crosstool-NG linaro-1.13.1-4.9-2014.09 - Linaro GCC 4.9-2014.09) ) #1 SMP PREEMPT Mon Dec 12 06:44:29 PST 2016
 Boot CPU: AArch64 Processor [411fd071]
 efi: Getting EFI parameters from FDT:
 efi: UEFI not found.
@@ -89,7 +88,7 @@
 Dentry cache hash table entries: 524288 (order: 10, 4194304 bytes)
 Inode-cache hash table entries: 262144 (order: 9, 2097152 bytes)
 software IO TLB [mem 0xf1400000-0xf5400000] (64MB) mapped at [ffff800071400000-ffff8000753fffff]
-Memory: 2832108K/2988032K available (8508K kernel code, 940K rwdata, 4104K rodata, 1024K init, 425K bss, 139540K reserved, 16384K cma-reserved)
+Memory: 2832108K/2988032K available (8508K kernel code, 940K rwdata, 4112K rodata, 1024K init, 425K bss, 139540K reserved, 16384K cma-reserved)
 Virtual kernel memory layout:
     modules : 0xffff000000000000 - 0xffff000008000000   (   128 MB)
     vmalloc : 0xffff000008000000 - 0xffff7dffbfff0000   (129022 GB)
@@ -126,7 +125,7 @@
  (comparison mask = 0xf8000000)
 boot misc2 0x0: expected 0xf400f0da
  (comparison mask = 0xffffffff)
-boot misc3 0x1a68: expected 0x2004f400
+boot misc3 0x3e50: expected 0x2004f400
  (comparison mask = 0xffffffff)
 PLL_P already enabled. Postponing set full defaults
 PLL_X already enabled. Postponing set full defaults
@@ -206,7 +205,7 @@
 Unpacking initramfs...
 Freeing initrd memory: 2360K
 kvm [1]: 8-bit VMID
-kvm [1]: IDMAP page: 808b8000
+kvm [1]: IDMAP page: 808b9000
 kvm [1]: HYP VA range: 800000000000:ffffffffffff
 kvm [1]: Hyp mode initialized successfully
 kvm [1]: vgic-v2@50044000
@@ -299,14 +298,16 @@
 Key type dns_resolver registered
 registered taskstats version 1
 tegra-i2c 7000d100.i2c: could not find pctldev for node /host1x@50000000/dpaux@545c0000/pinmux-i2c, deferring probe
-input: gpio-keys as /devices/platform/gpio-keys/input/input0
-tegra-i2c 7000d100.i2c: could not find pctldev for node /host1x@50000000/dpaux@545c0000/pinmux-i2c, deferring probe
 mmc0: new high speed MMC card at address 0001
 mmcblk0: mmc0:0001 BGND3R 29.1 GiB 
 mmcblk0boot0: mmc0:0001 BGND3R partition 1 4.00 MiB
 mmcblk0boot1: mmc0:0001 BGND3R partition 2 4.00 MiB
 mmcblk0rpmb: mmc0:0001 BGND3R partition 3 4.00 MiB
-max77686-rtc max77620-rtc: setting system clock to 2000-09-22 18:46:13 UTC (969648373)
+ mmcblk0: p1 p2 p3 p4 p5 p6 p7 p8 p9 p10 p11
+tegra-i2c 7000d100.i2c: could not find pctldev for node /host1x@50000000/dpaux@545c0000/pinmux-i2c, deferring probe
+input: gpio-keys as /devices/platform/gpio-keys/input/input0
+tegra-i2c 7000d100.i2c: could not find pctldev for node /host1x@50000000/dpaux@545c0000/pinmux-i2c, deferring probe
+max77686-rtc max77620-rtc: setting system clock to 2000-09-22 20:12:55 UTC (969653575)
 PP1200_AVDD: disabling
 PP1200_RCAM: disabling
 PP2800L_RCAM: disabling
@@ -318,8 +319,6 @@
 ALSA device list:
   No soundcards found.
 Freeing unused kernel memory: 1024K
- mmcblk0: p1 p2 p3 p4 p5 p6 p7 p8 p9 p10 p11
-tegra-i2c 7000d100.i2c: could not find pctldev for node /host1x@50000000/dpaux@545c0000/pinmux-i2c, deferring probe
 
 System initialization...
 
Diff for ./tegra30-beaver/tegra30-beaver/multi_v7_defconfig_log.txt
--- /tmp/fooa	2016-12-12 06:50:58.089135850 -0800
+++ /tmp/foob	2016-12-12 06:50:58.093135860 -0800
@@ -41,7 +41,7 @@
 	 #################################################
 	 3.2 MiB/s
 done
-Bytes transferred = 7391920 (70cab0 hex)
+Bytes transferred = 7397120 (70df00 hex)
 Tegra30 (Beaver) # tftpboot 0x82000000 tegra30-beaver.dtb
 Using asx0 device
 TFTP from server 192.168.100.1; our IP address is 192.168.100.101
@@ -52,7 +52,7 @@
 done
 Bytes transferred = 51804 (ca5c hex)
 Tegra30 (Beaver) # bootz 0x81000000 - 0x82000000
-Kernel image @ 0x81000000 [ 0x000000 - 0x70cab0 ]
+Kernel image @ 0x81000000 [ 0x000000 - 0x70df00 ]
 ## Flattened Device Tree blob at 82000000
    Booting using the fdt blob at 0x82000000
    Loading Device Tree to 8fff0000, end 8ffffa5b ... OK
@@ -60,7 +60,7 @@
 Starting kernel ...
 
 Booting Linux on physical CPU 0x0
-Linux version 4.9.0-rc8-next-20161209-140440-g4a71e43 (pwalmsley@sellafield) (gcc version 4.7.3 20130328 (prerelease) (crosstool-NG linaro-1.13.1-4.7-2013.04-20130415 - Linaro GCC 2013.04) ) #1 SMP Mon Dec 12 05:14:31 PST 2016
+Linux version 4.9.0-next-20161212-140766-gb11a0cf (pwalmsley@sellafield) (gcc version 4.7.3 20130328 (prerelease) (crosstool-NG linaro-1.13.1-4.7-2013.04-20130415 - Linaro GCC 2013.04) ) #1 SMP Mon Dec 12 06:41:19 PST 2016
 CPU: ARMv7 Processor [412fc099] revision 9 (ARMv7), cr=10c5387d
 CPU: PIPT / VIPT nonaliasing data cache, VIPT aliasing instruction cache
 OF: fdt:Machine model: NVIDIA Tegra30 Beaver evaluation board
@@ -70,7 +70,7 @@
 cma: Reserved 64 MiB at 0xfb800000
 Memory policy: Data cache writealloc
 On node 0 totalpages: 524032
-free_area_init_node: node 0, pgdat c142a540, node_mem_map eeff8000
+free_area_init_node: node 0, pgdat c142a5c0, node_mem_map eeff8000
   DMA zone: 1536 pages used for memmap
   DMA zone: 0 pages reserved
   DMA zone: 196608 pages, LIFO batch:31
@@ -83,7 +83,7 @@
 PID hash table entries: 4096 (order: 2, 16384 bytes)
 Dentry cache hash table entries: 131072 (order: 7, 524288 bytes)
 Inode-cache hash table entries: 65536 (order: 6, 262144 bytes)
-Memory: 1994836K/2096128K available (9216K kernel code, 1200K rwdata, 4132K rodata, 2048K init, 503K bss, 35756K reserved, 65536K cma-reserved, 1244160K highmem)
+Memory: 1994836K/2096128K available (9216K kernel code, 1200K rwdata, 4136K rodata, 2048K init, 503K bss, 35756K reserved, 65536K cma-reserved, 1244160K highmem)
 Virtual kernel memory layout:
     vector  : 0xffff0000 - 0xffff1000   (   4 kB)
     fixmap  : 0xffc00000 - 0xfff00000   (3072 kB)
@@ -93,7 +93,7 @@
     modules : 0xbf000000 - 0xbfe00000   (  14 MB)
       .text : 0xc0208000 - 0xc0c00000   (10208 kB)
       .init : 0xc1100000 - 0xc1300000   (2048 kB)
-      .data : 0xc1300000 - 0xc142c040   (1201 kB)
+      .data : 0xc1300000 - 0xc142c0c0   (1201 kB)
        .bss : 0xc142e000 - 0xc14abc70   ( 504 kB)
 SLUB: HWalign=64, Order=0-3, MinObjects=0, CPUs=4, Nodes=1
 Hierarchical RCU implementation.
@@ -312,10 +312,10 @@
 mmcblk1boot0: mmc1:0001 SEM16G partition 1 1.00 MiB
 mmcblk1boot1: mmc1:0001 SEM16G partition 2 1.00 MiB
 mmcblk1rpmb: mmc1:0001 SEM16G partition 3 128 KiB
-mmc0: new ultra high speed DDR50 SDHC card at address aaaa
 Primary GPT is invalid, using alternate GPT.
  mmcblk1: p1 p2 p3 p4 p5
 tegra-pcie 3000.pcie-controller: probing port 2, using 2 lanes
+mmc0: new ultra high speed DDR50 SDHC card at address aaaa
 mmcblk0: mmc0:aaaa SS04G 3.69 GiB 
  mmcblk0: p1 p2 p3
 tegra-pcie 3000.pcie-controller: link 2 down, retrying
@@ -395,5 +395,5 @@
 Freeing unused kernel memory: 2048K
 bash: cannot set terminal process group (-1): Inappropriate ioctl for device
 bash: no job control in this shell
-root@(none):/# [    4.083618] usb 2-1: new high-speed USB device number 2 using tegra-ehci
+root@(none):/# [    4.083629] usb 2-1: new high-speed USB device number 2 using tegra-ehci
 asix 2-1:1.0 eth1: register 'asix' at usb-7d008000.usb-1, ASIX AX88772 USB 2.0 Ethernet, 00:50:b6:0f:67:60
Diff for ./tegra30-beaver/tegra30-beaver/tegra_defconfig_log.txt
--- /tmp/fooa	2016-12-12 06:50:58.097135871 -0800
+++ /tmp/foob	2016-12-12 06:50:58.101135881 -0800
@@ -37,20 +37,20 @@
 	 #################################################################
 	 #################################################################
 	 ##################################################
-	 3.2 MiB/s
+	 3.3 MiB/s
 done
-Bytes transferred = 5502264 (53f538 hex)
+Bytes transferred = 5504760 (53fef8 hex)
 Tegra30 (Beaver) # tftpboot 0x82000000 tegra30-beaver.dtb
 Using asx0 device
 TFTP from server 192.168.100.1; our IP address is 192.168.100.101
 Filename 'tegra30-beaver.dtb'.
 Load address: 0x82000000
 Loading: *####
-	 3.1 MiB/s
+	 3.3 MiB/s
 done
 Bytes transferred = 51804 (ca5c hex)
 Tegra30 (Beaver) # bootz 0x81000000 - 0x82000000
-Kernel image @ 0x81000000 [ 0x000000 - 0x53f538 ]
+Kernel image @ 0x81000000 [ 0x000000 - 0x53fef8 ]
 ## Flattened Device Tree blob at 82000000
    Booting using the fdt blob at 0x82000000
    Loading Device Tree to 8fff0000, end 8ffffa5b ... OK
@@ -59,7 +59,7 @@
 
 Uncompressing Linux... done, booting the kernel.
 Booting Linux on physical CPU 0x0
-Linux version 4.9.0-rc8-next-20161209-140440-g4a71e43 (pwalmsley@kaivo) (gcc version 4.7.3 20130328 (prerelease) (crosstool-NG linaro-1.13.1-4.7-2013.04-20130415 - Linaro GCC 2013.04) ) #1 SMP PREEMPT Mon Dec 12 05:14:32 PST 2016
+Linux version 4.9.0-next-20161212-140766-gb11a0cf (pwalmsley@kaivo) (gcc version 4.7.3 20130328 (prerelease) (crosstool-NG linaro-1.13.1-4.7-2013.04-20130415 - Linaro GCC 2013.04) ) #1 SMP PREEMPT Mon Dec 12 06:41:27 PST 2016
 CPU: ARMv7 Processor [412fc099] revision 9 (ARMv7), cr=10c5387d
 CPU: PIPT / VIPT nonaliasing data cache, VIPT aliasing instruction cache
 OF: fdt:Machine model: NVIDIA Tegra30 Beaver evaluation board
@@ -68,7 +68,7 @@
 cma: Reserved 64 MiB at 0xfbc00000
 Memory policy: Data cache writealloc
 On node 0 totalpages: 524032
-free_area_init_node: node 0, pgdat c0d5e600, node_mem_map eeff7000
+free_area_init_node: node 0, pgdat c0d5e640, node_mem_map eeff7000
   Normal zone: 1536 pages used for memmap
   Normal zone: 0 pages reserved
   Normal zone: 196608 pages, LIFO batch:31
@@ -91,7 +91,7 @@
     modules : 0xbf000000 - 0xbfe00000   (  14 MB)
       .text : 0xc0008000 - 0xc0900000   (9184 kB)
       .init : 0xc0c00000 - 0xc0d00000   (1024 kB)
-      .data : 0xc0d00000 - 0xc0d5fcc0   ( 384 kB)
+      .data : 0xc0d00000 - 0xc0d5fd00   ( 384 kB)
        .bss : 0xc0d61000 - 0xc0dc5388   ( 401 kB)
 Preemptible hierarchical RCU implementation.
 	Build-time adjustment of leaf fanout to 32.
@@ -131,7 +131,7 @@
 NET: Registered protocol family 16
 DMA: preallocated 256 KiB pool for atomic coherent allocations
 cpuidle: using governor menu
-No ATAGs?[    0.469291] hw-breakpoint: found 5 (+1 reserved) breakpoint and 1 watchpoint registers.
+No ATAGs?[    0.467376] hw-breakpoint: found 5 (+1 reserved) breakpoint and 1 watchpoint registers.
 hw-breakpoint: maximum watchpoint size is 4 bytes.
 tegra-mc 7000f000.memory-controller: no memory timings for RAM code 3 registered
 vdd_5v_sata: Failed to request enable GPIO30: -517
@@ -390,4 +390,4 @@
 Freeing unused kernel memory: 1024K
 bash: cannot set terminal process group (-1): Inappropriate ioctl for device
 bash: no job control in this shell
-root@(none):/# [    4.380265] usb 2-1: new high-speed USB device number 2 using tegra-ehci
+root@(none):/# [    4.380198] usb 2-1: new high-speed USB device number 2 using tegra-ehci
