
U-Boot SPL 2016.05-rc2 (Apr 21 2016 - 16:23:00)
Trying to boot from RAM


U-Boot 2016.05-rc2 (Apr 21 2016 - 16:23:00 -0700)

TEGRA124
Model: NVIDIA Jetson TK1
Board: NVIDIA Jetson TK1
DRAM:  2 GiB
MC:   Tegra SD/MMC: 0, Tegra SD/MMC: 1
In:    serial
Out:   serial
Err:   serial
Net:   No ethernet found.
Hit any key to stop autoboot:  2  0 
Tegra124 (Jetson TK1) # 
Tegra124 (Jetson TK1) # pci enum
Tegra124 (Jetson TK1) # setenv bootargs 'ignore_loglevel console=ttyS0,115200n8 rw root=PARTUUID=b1791faa-84e8-4e27-83a1-9fb0a77e8803 rootwait gpt debug noinitrd earlyprintk init=/bin/bash'
Tegra124 (Jetson TK1) # setenv ipaddr 192.168.100.102; setenv serverip 192.168.100.1; setenv tftpserverip 192.168.100.1
Tegra124 (Jetson TK1) # tftpboot 0x82000000 zImage.tegra_defconfig%tegra-fw

Warning: eth_rtl8169 using MAC address from ROM
Using eth_rtl8169 device
TFTP from server 192.168.100.1; our IP address is 192.168.100.102
Filename 'zImage.tegra_defconfig%tegra-fw'.
Load address: 0x82000000
Loading: *#################################################################
	 #################################################################
	 #################################################################
	 #################################################################
	 #################################################################
	 #################################################################
	 ############################################
	 3.2 MiB/s
done
Bytes transferred = 6366968 (6126f8 hex)
Tegra124 (Jetson TK1) # tftpboot 0x83000000 tegra124-jetson-tk1.dtb
Using eth_rtl8169 device
TFTP from server 192.168.100.1; our IP address is 192.168.100.102
Filename 'tegra124-jetson-tk1.dtb'.
Load address: 0x83000000
Loading: *#####
	 3.5 MiB/s
done
Bytes transferred = 66544 (103f0 hex)
Tegra124 (Jetson TK1) # bootz 0x82000000 - 0x83000000
Kernel image @ 0x82000000 [ 0x000000 - 0x6126f8 ]
## Flattened Device Tree blob at 83000000
   Booting using the fdt blob at 0x83000000
   Using Device Tree in place at 83000000, end 830133ef

Starting kernel ...

[    0.000000] Booting Linux on physical CPU 0x0
[    0.000000] Linux version 4.15.0-rc3-next-20171212-220547-gd207879 (jonathanh@sellafield) (gcc version 4.7.3 20130328 (prerelease) (crosstool-NG linaro-1.13.1-4.7-2013.04-20130415 - Linaro GCC 2013.04)) #1 SMP PREEMPT Mon Dec 11 21:47:58 PST 2017
[    0.000000] CPU: ARMv7 Processor [413fc0f3] revision 3 (ARMv7), cr=10c5387d
[    0.000000] CPU: div instructions available: patching division code
[    0.000000] CPU: PIPT / VIPT nonaliasing data cache, PIPT instruction cache
[    0.000000] OF: fdt: Machine model: NVIDIA Tegra124 Jetson TK1
[    0.000000] debug: ignoring loglevel setting.
[    0.000000] bootconsole [earlycon0] enabled
[    0.000000] Memory policy: Data cache writealloc
[    0.000000] cma: Reserved 64 MiB at 0xfbc00000
[    0.000000] On node 0 totalpages: 524032
[    0.000000]   Normal zone: 1536 pages used for memmap
[    0.000000]   Normal zone: 0 pages reserved
[    0.000000]   Normal zone: 196608 pages, LIFO batch:31
[    0.000000]   HighMem zone: 327424 pages, LIFO batch:31
[    0.000000] random: fast init done
[    0.000000] percpu: Embedded 17 pages/cpu @(ptrval) s39104 r8192 d22336 u69632
[    0.000000] pcpu-alloc: s39104 r8192 d22336 u69632 alloc=17*4096
[    0.000000] pcpu-alloc: [0] 0 [0] 1 [0] 2 [0] 3 
[    0.000000] Built 1 zonelists, mobility grouping on.  Total pages: 522496
[    0.000000] Kernel command line: ignore_loglevel console=ttyS0,115200n8 rw root=PARTUUID=b1791faa-84e8-4e27-83a1-9fb0a77e8803 rootwait gpt debug noinitrd earlyprintk init=/bin/bash
[    0.000000] Dentry cache hash table entries: 131072 (order: 7, 524288 bytes)
[    0.000000] Inode-cache hash table entries: 65536 (order: 6, 262144 bytes)
[    0.000000] Memory: 1997468K/2096128K available (9216K kernel code, 778K rwdata, 2824K rodata, 1024K init, 298K bss, 33124K reserved, 65536K cma-reserved, 1244160K highmem)
[    0.000000] Virtual kernel memory layout:
[    0.000000]     vector  : 0xffff0000 - 0xffff1000   (   4 kB)
[    0.000000]     fixmap  : 0xffc00000 - 0xfff00000   (3072 kB)
[    0.000000]     vmalloc : 0xf0800000 - 0xff800000   ( 240 MB)
[    0.000000]     lowmem  : 0xc0000000 - 0xf0000000   ( 768 MB)
[    0.000000]     pkmap   : 0xbfe00000 - 0xc0000000   (   2 MB)
[    0.000000]     modules : 0xbf000000 - 0xbfe00000   (  14 MB)
[    0.000000]       .text : 0x(ptrval) - 0x(ptrval)   (10208 kB)
[    0.000000]       .init : 0x(ptrval) - 0x(ptrval)   (1024 kB)
[    0.000000]       .data : 0x(ptrval) - 0x(ptrval)   ( 779 kB)
[    0.000000]        .bss : 0x(ptrval) - 0x(ptrval)   ( 299 kB)
[    0.000000] Preemptible hierarchical RCU implementation.
[    0.000000] 	Tasks RCU enabled.
[    0.000000] NR_IRQS: 16, nr_irqs: 16, preallocated irqs: 16
[    0.000000] /interrupt-controller@60004000: 160 interrupts forwarded to /interrupt-controller@50041000
[    0.000000] Tegra clk 127: register failed with -17
[    0.000009] sched_clock: 32 bits at 1000kHz, resolution 1000ns, wraps every 2147483647500ns
[    0.007459] clocksource: timer_us: mask: 0xffffffff max_cycles: 0xffffffff, max_idle_ns: 1911260446275 ns
[    0.016987] Switching to timer-based delay loop, resolution 1000ns
[    0.024168] arch_timer: cp15 timer(s) running at 12.00MHz (virt).
[    0.029211] clocksource: arch_sys_counter: mask: 0xffffffffffffff max_cycles: 0x2c47f4ee7, max_idle_ns: 440795202497 ns
[    0.039958] sched_clock: 56 bits at 12MHz, resolution 83ns, wraps every 4398046511096ns
[    0.047926] Switching to timer-based delay loop, resolution 83ns
[    0.054400] Console: colour dummy device 80x30
[    0.058342] Calibrating delay loop (skipped), value calculated using timer frequency.. 24.00 BogoMIPS (lpj=120000)
[    0.068651] pid_max: default: 32768 minimum: 301
[    0.073729] Mount-cache hash table entries: 2048 (order: 1, 8192 bytes)
[    0.079836] Mountpoint-cache hash table entries: 2048 (order: 1, 8192 bytes)
[    0.087683] CPU: Testing write buffer coherency: ok
[    0.092004] /cpus/cpu@0 missing clock-frequency property
[    0.097008] /cpus/cpu@1 missing clock-frequency property
[    0.102317] /cpus/cpu@2 missing clock-frequency property
[    0.107583] /cpus/cpu@3 missing clock-frequency property
[    0.112855] CPU0: thread -1, cpu 0, socket 0, mpidr 80000000
[    0.152968] Setting up static identity map for 0x80100000 - 0x801000a0
[    0.157723] Hierarchical SRCU implementation.
[    0.173484] Tegra Revision: A01 SKU: 129 CPU Process: 1 SoC Process: 1
[    0.192990] smp: Bringing up secondary CPUs ...
[    0.243541] CPU1: thread -1, cpu 1, socket 0, mpidr 80000001
[    0.323649] CPU2: thread -1, cpu 2, socket 0, mpidr 80000002
[    0.403761] CPU3: thread -1, cpu 3, socket 0, mpidr 80000003
[    0.413414] smp: Brought up 1 node, 4 CPUs
[    0.432502] SMP: Total of 4 processors activated (96.00 BogoMIPS).
[    0.438670] CPU: All CPU(s) started in SVC mode.
[    0.445093] devtmpfs: initialized
[    0.465627] Built 1 zonelists, mobility grouping on.  Total pages: 515751
[    0.470908] VFP support v0.3: implementor 41 architecture 4 part 30 variant f rev 0
[    0.478479] clocksource: jiffies: mask: 0xffffffff max_cycles: 0xffffffff, max_idle_ns: 19112604462750000 ns
[    0.487950] futex hash table entries: 1024 (order: 4, 65536 bytes)
[    0.494339] pinctrl core: initialized pinctrl subsystem
[    0.500467] NET: Registered protocol family 16
[    0.504953] DMA: preallocated 256 KiB pool for atomic coherent allocations
[    0.511979] cpuidle: using governor menu
[    0.537096] No ATAGs?
[    0.537231] hw-breakpoint: found 5 (+1 reserved) breakpoint and 4 watchpoint registers.
[    0.545592] hw-breakpoint: maximum watchpoint size is 8 bytes.
[    0.553292] iommu: Adding device reg-dummy to group 0
[    0.556494] iommu: Adding device 1003000.pcie to group 1
[    0.561791] iommu: Adding device 50000000.host1x to group 2
[    0.567351] iommu: Adding device 54200000.dc to group 3
[    0.572532] iommu: Adding device 54240000.dc to group 4
[    0.577720] iommu: Adding device 54280000.hdmi to group 5
[    0.583107] iommu: Adding device 57000000.gpu to group 6
[    0.588379] iommu: Adding device 60005000.timer to group 7
[    0.593812] iommu: Adding device 60007000.flow-controller to group 8
[    0.600165] iommu: Adding device 6000c800.actmon to group 9
[    0.605687] iommu: Adding device 6000d000.gpio to group 10
[    0.611164] iommu: Adding device 60020000.dma to group 11
[    0.616523] iommu: Adding device 70000800.apbmisc to group 12
[    0.622257] iommu: Adding device 70000868.pinmux to group 13
[    0.627885] iommu: Adding device 70006000.serial to group 14
[    0.633524] iommu: Adding device 70006040.serial to group 15
[    0.639139] iommu: Adding device 70006300.serial to group 16
[    0.644792] iommu: Adding device 7000c000.i2c to group 17
[    0.650145] iommu: Adding device 7000c400.i2c to group 18
[    0.655536] iommu: Adding device 7000c500.i2c to group 19
[    0.660899] iommu: Adding device 7000c700.i2c to group 20
[    0.666291] iommu: Adding device 7000d000.i2c to group 21
[    0.671640] iommu: Adding device 7000d400.spi to group 22
[    0.677030] iommu: Adding device 7000da00.spi to group 23
[    0.682388] iommu: Adding device 7000e000.rtc to group 24
[    0.687778] iommu: Adding device 7000e400.pmc to group 25
[    0.693131] iommu: Adding device 7000f800.fuse to group 26
[    0.698611] iommu: Adding device 70019000.memory-controller to group 27
[    0.705181] iommu: Adding device 7001b000.emc to group 28
[    0.710576] iommu: Adding device 70027000.sata to group 29
[    0.716019] iommu: Adding device 70030000.hda to group 30
[    0.721407] iommu: Adding device 70090000.usb to group 31
[    0.726760] iommu: Adding device 7009f000.padctl to group 32
[    0.732419] iommu: Adding device 700b0400.sdhci to group 33
[    0.737938] iommu: Adding device 700b0600.sdhci to group 34
[    0.743505] iommu: Adding device 70015000.cec to group 35
[    0.748873] iommu: Adding device 700e2000.thermal-sensor to group 36
[    0.755208] iommu: Adding device 70110000.clock to group 37
[    0.760734] iommu: Adding device 70300000.ahub to group 38
[    0.766210] iommu: Adding device 7d000000.usb to group 39
[    0.771565] iommu: Adding device 7d000000.usb-phy to group 40
[    0.777311] iommu: Adding device 7d004000.usb to group 41
[    0.782660] iommu: Adding device 7d004000.usb-phy to group 42
[    0.788403] iommu: Adding device 7d008000.usb to group 43
[    0.793753] iommu: Adding device 7d008000.usb-phy to group 44
[    0.799491] iommu: Adding device pmu to group 45
[    0.804067] iommu: Adding device timer to group 46
[    0.808832] iommu: Adding device clocks to group 47
[    0.813703] iommu: Adding device gpio-keys to group 48
[    0.818801] iommu: Adding device regulators to group 49
[    0.824025] iommu: Adding device regulators:regulator@0 to group 50
[    0.830240] iommu: Adding device regulators:regulator@1 to group 51
[    0.836505] iommu: Adding device regulators:regulator@2 to group 52
[    0.842719] iommu: Adding device regulators:regulator@3 to group 53
[    0.848978] iommu: Adding device regulators:regulator@4 to group 54
[    0.855199] iommu: Adding device regulators:regulator@7 to group 55
[    0.861457] iommu: Adding device regulators:regulator@8 to group 56
[    0.867687] iommu: Adding device regulators:regulator@10 to group 57
[    0.874024] iommu: Adding device regulators:regulator@11 to group 58
[    0.880332] iommu: Adding device regulators:regulator@12 to group 59
[    0.886678] iommu: Adding device regulators:regulator@13 to group 60
[    0.892986] iommu: Adding device regulators:regulator@14 to group 61
[    0.899336] iommu: Adding device sound to group 62
[    0.920781] +5V_SYS: supplied by +VDD_MUX
[    0.923267] +3.3V_SYS: supplied by +VDD_MUX
[    0.927823] +USB0_VBUS_SW: Failed to request enable GPIO108: -517
[    0.933155] reg-fixed-voltage regulators:regulator@7: Failed to register regulator: -517
[    0.941275] +5V_USB_HS: Failed to request enable GPIO109: -517
[    0.947005] reg-fixed-voltage regulators:regulator@8: Failed to register regulator: -517
[    0.955229] +1.05V_RUN_AVDD_HDMI_PLL: Failed to request enable GPIO63: -517
[    0.962022] reg-fixed-voltage regulators:regulator@11: Failed to register regulator: -517
[    0.970218] +5V_HDMI_CON: Failed to request enable GPIO86: -517
[    0.976038] reg-fixed-voltage regulators:regulator@12: Failed to register regulator: -517
[    0.984259] +5V_SATA: Failed to request enable GPIO242: -517
[    0.989812] reg-fixed-voltage regulators:regulator@13: Failed to register regulator: -517
[    0.998039] +12V_SATA: Failed to request enable GPIO242: -517
[    1.003677] reg-fixed-voltage regulators:regulator@14: Failed to register regulator: -517
[    1.013105] vgaarb: loaded
[    1.015272] SCSI subsystem initialized
[    1.018462] libata version 3.00 loaded.
[    1.022355] usbcore: registered new interface driver usbfs
[    1.027576] usbcore: registered new interface driver hub
[    1.032890] usbcore: registered new device driver usb
[    1.041065] Linux video capture interface: v2.00
[    1.043846] pps_core: LinuxPPS API ver. 1 registered
[    1.048738] pps_core: Software ver. 5.3.6 - Copyright 2005-2007 Rodolfo Giometti <giometti@linux.it>
[    1.057848] PTP clock support registered
[    1.063147] Advanced Linux Sound Architecture Driver Initialized.
[    1.068441] Bluetooth: Core ver 2.22
[    1.071382] NET: Registered protocol family 31
[    1.075770] Bluetooth: HCI device and connection manager initialized
[    1.082083] Bluetooth: HCI socket layer initialized
[    1.086950] Bluetooth: L2CAP socket layer initialized
[    1.091990] Bluetooth: SCO socket layer initialized
[    1.097468] clocksource: Switched to clocksource arch_sys_counter
[    1.194161] NET: Registered protocol family 2
[    1.197627] tcp_listen_portaddr_hash hash table entries: 512 (order: 0, 6144 bytes)
[    1.204299] TCP established hash table entries: 8192 (order: 3, 32768 bytes)
[    1.211379] TCP bind hash table entries: 8192 (order: 4, 65536 bytes)
[    1.217868] TCP: Hash tables configured (established 8192 bind 8192)
[    1.224484] UDP hash table entries: 512 (order: 2, 16384 bytes)
[    1.229951] UDP-Lite hash table entries: 512 (order: 2, 16384 bytes)
[    1.236537] NET: Registered protocol family 1
[    1.241281] RPC: Registered named UNIX socket transport module.
[    1.246441] RPC: Registered udp transport module.
[    1.251150] RPC: Registered tcp transport module.
[    1.255802] RPC: Registered tcp NFSv4.1 backchannel transport module.
[    1.262682] iommu: Adding device regulatory.0 to group 63
[    1.267854] PCI: CLS 0 bytes, default 64
[    1.273309] hw perfevents: enabled with armv7_cortex_a15 PMU driver, 7 counters available
[    1.280330] iommu: Adding device alarmtimer to group 64
[    1.285952] Initialise system trusted keyrings
[    1.289456] workingset: timestamp_bits=30 max_order=19 bucket_order=0
[    1.297022] squashfs: version 4.0 (2009/01/31) Phillip Lougher
[    1.302300] NFS: Registering the id_resolver key type
[    1.306516] Key type id_resolver registered
[    1.310694] Key type id_legacy registered
[    1.319694] Key type asymmetric registered
[    1.321881] Asymmetric key parser 'x509' registered
[    1.326871] bounce: pool size: 64 pages
[    1.330630] io scheduler noop registered (default)
[    1.335314] io scheduler mq-deadline registered
[    1.339838] io scheduler kyber registered
[    1.345633]  usb2-0: usb2-0 supply vbus not found, using dummy regulator
[    1.350636]  usb2-1: usb2-1 supply vbus not found, using dummy regulator
[    1.357585] tegra-xusb-padctl 7009f000.padctl: failed to setup XUSB ports: -517
[    1.373468] tegra-pcie 1003000.pcie: 2x1, 1x1 configuration
[    1.377173] tegra-pcie 1003000.pcie: Failed to get supply 'avddio-pex': -517
[    1.387073] tegra124-dfll 70110000.clock: couldn't get vdd_cpu regulator
[    1.397737] tegra-apbdma 60020000.dma: Tegra20 APB DMA driver register 32 channels
[    1.404679] tegra-pmc 7000e400.pmc: emergency thermal reset enabled
[    1.410278] Serial: 8250/16550 driver, 4 ports, IRQ sharing disabled
[    1.416079] iommu: Adding device serial8250 to group 65
[    1.422972] console [ttyS0] disabled
[    1.424754] 70006300.serial: ttyS0 at MMIO 0x70006300 (irq = 335, base_baud = 25500000) is a Tegra
[    1.434075] console [ttyS0] enabled
[    1.434075] console [ttyS0] enabled
[    1.439901] bootconsole [earlycon0] disabled
[    1.439901] bootconsole [earlycon0] disabled
[    1.449263] 70006000.serial: ttyTHS1 at MMIO 0x70006000 (irq = 333, base_baud = 0) is a TEGRA_UART
[    1.460327] 70006040.serial: ttyTHS2 at MMIO 0x70006040 (irq = 334, base_baud = 0) is a TEGRA_UART
[    1.488899] tegra-hdmi 54280000.hdmi: failed to get HDMI regulator
[    1.508408] loop: module loaded
[    1.512959] at24 0-0056: 256 byte 24c02 EEPROM, writable, 8 bytes/write
[    1.520401] as3722 4-0040: AS3722 with revision 0x1 found
[    1.528038] iommu: Adding device as3722-pinctrl to group 66
[    1.535307] iommu: Adding device as3722-regulator to group 67
[    1.544010] as3722-sd2: supplied by +5V_SYS
[    1.548688] as3722-sd3: supplied by +5V_SYS
[    1.553112] +1.35V_LP0(sd3): Bringing 0uV into 1350000-1350000uV
[    1.559500] as3722-sd4: supplied by +5V_SYS
[    1.564165] as3722-sd5: supplied by +5V_SYS
[    1.570259] as3722-ldo0: supplied by +1.35V_LP0(sd2)
[    1.576352] +1.8V_RUN_CAM: Bringing 0uV into 1800000-1800000uV
[    1.582609] as3722-ldo2: supplied by +1.8V_VDDIO
[    1.588565] as3722-ldo3: supplied by +3.3V_SYS
[    1.593064] +1.05V_LP0_VDD_RTC: Bringing 1100000uV into 1000000-1000000uV
[    1.600884] as3722-ldo4: supplied by +3.3V_SYS
[    1.605554] +2.8V_RUN_CAM: Bringing 0uV into 2800000-2800000uV
[    1.611814] as3722-ldo5: supplied by +1.8V_VDDIO
[    1.616662] +1.2V_RUN_CAM_FRONT: Bringing 0uV into 1200000-1200000uV
[    1.623639] +VDDIO_SDMMC3: bypassed regulator has no supply!
[    1.629315] +VDDIO_SDMMC3: failed to get the current voltage(-517)
[    1.635494] as3722-regulator as3722-regulator: regulator 13 register failed -517
[    1.645699] iommu: Adding device as3722-rtc to group 68
[    1.651111] iommu: Adding device as3722-adc to group 69
[    1.656481] iommu: Adding device as3722-power-off to group 70
[    1.662397] iommu: Adding device as3722-wdt to group 71
[    1.668397] tegra-ahci 70027000.sata: couldn't get PHY in node sata: -517
[    1.687045] m25p80 spi1.0: w25q32dw (4096 Kbytes)
[    1.693755] iommu: Adding device Fixed MDIO bus.0 to group 72
[    1.699712] libphy: Fixed MDIO Bus: probed
[    1.703804] CAN device driver interface
[    1.707711] igb: Intel(R) Gigabit Ethernet Network Driver - version 5.4.0-k
[    1.714660] igb: Copyright (c) 2007-2014 Intel Corporation.
[    1.720398] pegasus: v0.9.3 (2013/04/25), Pegasus/Pegasus II USB Ethernet driver
[    1.727885] usbcore: registered new interface driver pegasus
[    1.733598] usbcore: registered new interface driver asix
[    1.739066] usbcore: registered new interface driver ax88179_178a
[    1.745210] usbcore: registered new interface driver cdc_ether
[    1.751123] usbcore: registered new interface driver smsc75xx
[    1.756926] usbcore: registered new interface driver smsc95xx
[    1.762740] usbcore: registered new interface driver net1080
[    1.768470] usbcore: registered new interface driver cdc_subset
[    1.774440] usbcore: registered new interface driver zaurus
[    1.780097] usbcore: registered new interface driver cdc_ncm
[    1.786002] tegra-phy 7d000000.usb-phy: no vbus regulator
[    1.791652] tegra-phy 7d004000.usb-phy: no vbus regulator
[    1.797349] ehci_hcd: USB 2.0 'Enhanced' Host Controller (EHCI) Driver
[    1.803887] ehci-pci: EHCI PCI platform driver
[    1.808398] tegra-ehci: Tegra EHCI driver
[    1.815246] tegra-ehci 7d004000.usb: EHCI Host Controller
[    1.820685] tegra-ehci 7d004000.usb: new USB bus registered, assigned bus number 1
[    1.828497] tegra-ehci 7d004000.usb: irq 356, io mem 0x7d004000
[    1.857499] tegra-ehci 7d004000.usb: USB 2.0 started, EHCI 1.10
[    1.864323] hub 1-0:1.0: USB hub found
[    1.868136] hub 1-0:1.0: 1 port detected
[    1.873289] usbcore: registered new interface driver cdc_acm
[    1.878960] cdc_acm: USB Abstract Control Model driver for USB modems and ISDN adapters
[    1.887010] usbcore: registered new interface driver cdc_wdm
[    1.892774] usbcore: registered new interface driver usb-storage
[    1.900396] iommu: Adding device ci_hdrc.0 to group 73
[    1.912196] as3722-rtc as3722-rtc: rtc core: registered as3722-rtc as rtc0
[    1.919094] as3722-rtc as3722-rtc: RTC interrupt 379
[    1.926853] tegra_rtc 7000e000.rtc: rtc core: registered 7000e000.rtc as rtc1
[    1.934062] tegra_rtc 7000e000.rtc: Tegra internal Real Time Clock
[    1.940593] i2c /dev entries driver
[    1.945301] usbcore: registered new interface driver uvcvideo
[    1.951063] USB Video Class driver (1.1.1)
[    1.955154] gspca_main: v2.14.0 registered
[    1.959910] lm90 0-004c: 0-004c supply vcc not found, using dummy regulator
[    1.970169] tegra-wdt 60005000.timer: initialized (heartbeat = 120 sec, nowayout = 0)
[    1.978665] iommu: Adding device cpufreq-tegra124 to group 74
[    1.984970] sdhci: Secure Digital Host Controller Interface driver
[    1.991165] sdhci: Copyright(c) Pierre Ossman
[    1.995514] sdhci-pltfm: SDHCI platform and OF driver helper
[    2.001505] sdhci-tegra 700b0400.sdhci: Got CD GPIO
[    2.006401] sdhci-tegra 700b0400.sdhci: Got WP GPIO
[    2.027698] mmc0: Unknown controller version (3). You may experience problems.
[    2.034957] mmc0: Invalid maximum block size, assuming 512 bytes
[    2.072101] mmc0: SDHCI controller on 700b0600.sdhci [700b0600.sdhci] using ADMA
[    2.080502] usbcore: registered new interface driver usbhid
[    2.086107] usbhid: USB HID core driver
[    2.092397] iommu: Adding device snd-soc-dummy to group 75
[    2.135385] mmc0: new high speed MMC card at address 0001
[    2.146050] mmcblk0: mmc0:0001 SEM16G 14.7 GiB 
[    2.155681] mmcblk0boot0: mmc0:0001 SEM16G partition 1 4.00 MiB
[    2.166759] mmcblk0boot1: mmc0:0001 SEM16G partition 2 4.00 MiB
[    2.172931] mmcblk0rpmb: mmc0:0001 SEM16G partition 3 4.00 MiB, chardev (247:0)
[    2.182073]  mmcblk0: p1
[    2.537980] iommu: Adding device 70301100.i2s to group 76
[    2.544278] tegra30-i2s 70301100.i2s: DMA channels sourced from device 70300000.ahub
[    2.564606] tegra-snd-rt5640 sound: rt5640-aif1 <-> 70301100.i2s mapping ok
[    2.575406] input: NVIDIA Tegra Jetson TK1 Headphones as /devices/soc0/sound/sound/card1/input0
[    2.586641] NET: Registered protocol family 10
[    2.592528] Segment Routing with IPv6
[    2.596364] mip6: Mobile IPv6
[    2.599355] sit: IPv6, IPv4 and MPLS over IPv4 tunneling driver
[    2.606748] NET: Registered protocol family 17
[    2.611276] NET: Registered protocol family 15
[    2.615728] can: controller area network core (rev 20170425 abi 9)
[    2.622133] NET: Registered protocol family 29
[    2.626572] can: raw protocol (rev 20170425)
[    2.630857] can: broadcast manager protocol (rev 20170425 t)
[    2.636513] can: netlink gateway (rev 20170425) max_hops=1
[    2.642237] Bluetooth: RFCOMM socket layer initialized
[    2.647386] Bluetooth: RFCOMM ver 1.11
[    2.651163] Bluetooth: BNEP (Ethernet Emulation) ver 1.3
[    2.656473] Bluetooth: BNEP socket layer initialized
[    2.661450] Bluetooth: HIDP (Human Interface Emulation) ver 1.2
[    2.667367] Bluetooth: HIDP socket layer initialized
[    2.672608] Key type dns_resolver registered
[    2.677363] Registering SWP/SWPB emulation handler
[    2.682966] Loading compiled-in X.509 certificates
[    2.705518] +3.3V_RUN: supplied by +3.3V_SYS
[    2.710669] +USB0_VBUS_SW: supplied by +5V_SYS
[    2.715369] +3.3V_AVDD_HDMI_AP_GATED: supplied by +3.3V_RUN
[    2.721391] +5V_USB_HS: supplied by +5V_SYS
[    2.726496] +3.3V_LP0: supplied by +3.3V_SYS
[    2.731851] +5V_HDMI_CON: supplied by +5V_SYS
[    2.736630] +5V_SATA: supplied by +5V_SYS
[    2.741318] +12V_SATA: supplied by +VDD_MUX
[    2.746921]  usb2-0: usb2-0 supply vbus not found, using dummy regulator
[    2.753780]  usb2-1: usb2-1 supply vbus not found, using dummy regulator
[    2.760972]  usb3-0: usb3-0 supply vbus not found, using dummy regulator
[    2.768496] tegra-pcie 1003000.pcie: 2x1, 1x1 configuration
[    2.774110] tegra-pcie 1003000.pcie: Failed to get supply 'avddio-pex': -517
[    2.783227] tegra124-dfll 70110000.clock: couldn't get vdd_cpu regulator
[    2.792257] tegra-hdmi 54280000.hdmi: failed to get PLL regulator
[    2.800756] as3722-sd2: supplied by +5V_SYS
[    2.805255] as3722-sd3: supplied by +5V_SYS
[    2.809777] as3722-sd4: supplied by +5V_SYS
[    2.814247] as3722-sd5: supplied by +5V_SYS
[    2.820200] as3722-ldo0: supplied by +1.35V_LP0(sd2)
[    2.825665] as3722-ldo1: supplied by +3.3V_RUN
[    2.830862] as3722-ldo2: supplied by +1.8V_VDDIO
[    2.836400] as3722-ldo3: supplied by +3.3V_SYS
[    2.841944] as3722-ldo4: supplied by +3.3V_SYS
[    2.846696] as3722-ldo5: supplied by +1.8V_VDDIO
[    2.852573] input: tegra-hda HDMI/DP,pcm=3 as /devices/soc0/70030000.hda/sound/card0/input1
[    2.861123] as3722-ldo6: supplied by +3.3V_RUN
[    2.866111] as3722-ldo7: supplied by +1.8V_VDDIO
[    2.871582] +1.05V_RUN_CAM_REAR: Bringing 0uV into 1050000-1050000uV
[    2.878693] as3722-ldo9: supplied by +5V_SYS
[    2.884160] +3.3V_RUN_TOUCH: Bringing 0uV into 2800000-2800000uV
[    2.890917] as3722-ldo10: supplied by +5V_SYS
[    2.896024] +2.8V_RUN_CAM_AF: Bringing 0uV into 2800000-2800000uV
[    2.902893] as3722-ldo11: supplied by +3.3V_RUN
[    2.908211] +1.8V_RUN_VPP_FUSE: Bringing 0uV into 1800000-1800000uV
[    2.917433] tegra-ahci 70027000.sata: AHCI 0001.0301 32 slots 2 ports 3 Gbps 0x1 impl platform mode
[    2.926511] tegra-ahci 70027000.sata: flags: 64bit ncq sntf pm led pio slum part sadm sds apst 
[    2.937040] scsi host0: tegra-ahci
[    2.941487] scsi host1: tegra-ahci
[    2.945192] ata1: SATA max UDMA/133 mmio [mem 0x70027000-0x70028fff] port 0x100 irq 345
[    2.953236] ata2: DUMMY
[    2.956843] tegra-ehci 7d008000.usb: EHCI Host Controller
[    2.962326] tegra-ehci 7d008000.usb: new USB bus registered, assigned bus number 2
[    2.970175] tegra-ehci 7d008000.usb: irq 357, io mem 0x7d008000
[    2.997599] tegra-ehci 7d008000.usb: USB 2.0 started, EHCI 1.10
[    3.004715] hub 2-0:1.0: USB hub found
[    3.008588] hub 2-0:1.0: 1 port detected
[    3.088271] tegra-xusb 70090000.usb: Firmware timestamp: 2014-09-16 02:10:07 UTC
[    3.095696] tegra-xusb 70090000.usb: xHCI Host Controller
[    3.101143] tegra-xusb 70090000.usb: new USB bus registered, assigned bus number 3
[    3.111277] tegra-xusb 70090000.usb: hcc params 0x0184f525 hci version 0x100 quirks 0x00010010
[    3.119961] tegra-xusb 70090000.usb: irq 347, io mem 0x70090000
[    3.127328] hub 3-0:1.0: USB hub found
[    3.131206] hub 3-0:1.0: 6 ports detected
[    3.136080] tegra-xusb 70090000.usb: xHCI Host Controller
[    3.141547] tegra-xusb 70090000.usb: new USB bus registered, assigned bus number 4
[    3.149303] usb usb4: We don't know the algorithms for LPM for this host, disabling LPM.
[    3.158641] hub 4-0:1.0: USB hub found
[    3.162437] hub 4-0:1.0: 2 ports detected
[    3.168532] sdhci-tegra 700b0400.sdhci: Got CD GPIO
[    3.173459] sdhci-tegra 700b0400.sdhci: Got WP GPIO
[    3.186743] mmc1: Unknown controller version (3). You may experience problems.
[    3.194103] mmc1: Invalid maximum block size, assuming 512 bytes
[    3.230734] mmc1: SDHCI controller on 700b0400.sdhci [700b0400.sdhci] using ADMA
[    3.238507] tegra-pcie 1003000.pcie: 2x1, 1x1 configuration
[    3.246405] tegra-pcie 1003000.pcie: probing port 0, using 2 lanes
[    3.254259] tegra-pcie 1003000.pcie: Slot present pin change, signature: 00000008
[    3.279090] tegra-pcie 1003000.pcie: probing port 1, using 1 lanes
[    3.280629] ata1: SATA link down (SStatus 0 SControl 300)
[    3.292960] tegra-pcie 1003000.pcie: Slot present pin change, signature: 00000000
[    3.306948] tegra-pcie 1003000.pcie: PCI host bridge to bus 0000:00
[    3.313255] pci_bus 0000:00: root bus resource [io  0x0000-0xffff]
[    3.319507] pci_bus 0000:00: root bus resource [mem 0x13000000-0x1fffffff]
[    3.326489] pci_bus 0000:00: root bus resource [mem 0x20000000-0x3fffffff pref]
[    3.333875] pci_bus 0000:00: root bus resource [bus 00-ff]
[    3.339429] pci 0000:00:01.0: [10de:0e12] type 01 class 0x060400
[    3.345443] pci_bus 0000:00: 2-byte config write to 0000:00:01.0 offset 0x4 may corrupt adjacent RW1C bits
[    3.355152] pci_bus 0000:00: 2-byte config write to 0000:00:01.0 offset 0x4 may corrupt adjacent RW1C bits
[    3.364968] pci 0000:00:01.0: enabling Extended Tags
[    3.369999] pci_bus 0000:00: 2-byte config write to 0000:00:01.0 offset 0x88 may corrupt adjacent RW1C bits
[    3.379775] pci_bus 0000:00: 2-byte config write to 0000:00:01.0 offset 0x52 may corrupt adjacent RW1C bits
[    3.389608] pci 0000:00:01.0: PME# supported from D0 D1 D2 D3hot D3cold
[    3.396331] pci_bus 0000:00: 2-byte config write to 0000:00:01.0 offset 0x4c may corrupt adjacent RW1C bits
[    3.406443] pci 0000:00:02.0: [10de:0e13] type 01 class 0x060400
[    3.412479] pci_bus 0000:00: 2-byte config write to 0000:00:02.0 offset 0x4 may corrupt adjacent RW1C bits
[    3.422178] pci_bus 0000:00: 2-byte config write to 0000:00:02.0 offset 0x4 may corrupt adjacent RW1C bits
[    3.431921] pci 0000:00:02.0: enabling Extended Tags
[    3.436928] pci_bus 0000:00: 2-byte config write to 0000:00:02.0 offset 0x88 may corrupt adjacent RW1C bits
[    3.446703] pci_bus 0000:00: 2-byte config write to 0000:00:02.0 offset 0x52 may corrupt adjacent RW1C bits
[    3.456521] pci 0000:00:02.0: PME# supported from D0 D1 D2 D3hot D3cold
[    3.463205] pci_bus 0000:00: 2-byte config write to 0000:00:02.0 offset 0x4c may corrupt adjacent RW1C bits
[    3.473257] PCI: bus0: Fast back to back transfers disabled
[    3.478931] pci 0000:00:01.0: bridge configuration invalid ([bus 00-00]), reconfiguring
[    3.486991] pci 0000:00:02.0: bridge configuration invalid ([bus 00-00]), reconfiguring
[    3.495281] pci 0000:01:00.0: [8086:4232] type 00 class 0x028000
[    3.501412] pci 0000:01:00.0: reg 0x10: [mem 0x00000000-0x00001fff 64bit]
[    3.508547] PCI: bus1: Fast back to back transfers disabled
[    3.514180] pci_bus 0000:01: busn_res: [bus 01-ff] end is updated to 01
[    3.521083] pci 0000:02:00.0: [10ec:8168] type 00 class 0x020000
[    3.527180] pci 0000:02:00.0: reg 0x10: [io  0x0000-0x00ff]
[    3.532946] pci 0000:02:00.0: reg 0x18: [mem 0x00000000-0x00000fff 64bit]
[    3.539951] mmc1: new high speed SDHC card at address aaaa
[    3.545218] mmcblk1: mmc1:aaaa SD04G 3.69 GiB 
[    3.556085] pci 0000:02:00.0: reg 0x20: [mem 0x00000000-0x00003fff 64bit pref]
[    3.563723] PCI: bus2: Fast back to back transfers disabled
[    3.569470] pci_bus 0000:02: busn_res: [bus 02-ff] end is updated to 02
[    3.576266] pci 0000:00:01.0: BAR 8: assigned [mem 0x13000000-0x130fffff]
[    3.583313] pci 0000:00:02.0: BAR 8: assigned [mem 0x13100000-0x131fffff]
[    3.590356] pci 0000:00:02.0: BAR 9: assigned [mem 0x20000000-0x200fffff 64bit pref]
[    3.598254] pci 0000:00:02.0: BAR 7: assigned [io  0x1000-0x1fff]
[    3.604493] pci 0000:01:00.0: BAR 0: assigned [mem 0x13000000-0x13001fff 64bit]
[    3.611984] pci 0000:00:01.0: PCI bridge to [bus 01]
[    3.617128]  mmcblk1: p1 p2 p3
[    3.620367] pci 0000:00:01.0:   bridge window [mem 0x13000000-0x130fffff]
[    3.627383] pci 0000:02:00.0: BAR 4: assigned [mem 0x20000000-0x20003fff 64bit pref]
[    3.635413] pci 0000:02:00.0: BAR 2: assigned [mem 0x13100000-0x13100fff 64bit]
[    3.643888] pci 0000:02:00.0: BAR 0: assigned [io  0x1000-0x10ff]
[    3.650059] pci 0000:00:02.0: PCI bridge to [bus 02]
[    3.655040] pci 0000:00:02.0:   bridge window [io  0x1000-0x1fff]
[    3.661192] pci 0000:00:02.0:   bridge window [mem 0x13100000-0x131fffff]
[    3.668047] pci 0000:00:02.0:   bridge window [mem 0x20000000-0x200fffff 64bit pref]
[    3.675836] pci 0000:00:01.0: nv_msi_ht_cap_quirk didn't locate host bridge
[    3.683003] pcieport 0000:00:01.0: enabling device (0140 -> 0142)
[    3.689532] pcieport 0000:00:01.0: Signaling PME with IRQ 395
[    3.695520] pci 0000:00:02.0: nv_msi_ht_cap_quirk didn't locate host bridge
[    3.702647] pcieport 0000:00:02.0: enabling device (0140 -> 0143)
[    3.709123] pcieport 0000:00:02.0: Signaling PME with IRQ 396
[    3.715262] r8169 Gigabit Ethernet driver 2.3LK-NAPI loaded
[    3.720895] r8169 0000:02:00.0: enabling device (0140 -> 0143)
[    3.726754] r8169 0000:02:00.0 (unnamed net_device) (uninitialized): not PCI Express
[    3.759252] r8169 0000:02:00.0 eth0: RTL8168g/8111g at 0xef3b9322, 00:04:4b:3a:d9:81, XID 0c000800 IRQ 22
[    3.768842] r8169 0000:02:00.0 eth0: jumbo features [frames: 9200 bytes, tx checksumming: ko]
[    3.781015] +1.05V_RUN_AVDD_HDMI_PLL: supplied by +1.05V_RUN
[    3.790436] [drm] Supports vblank timestamp caching Rev 2 (21.10.2013).
[    3.797062] [drm] No driver support for vblank timestamp query.
[    3.937576] tegra-hdmi 54280000.hdmi: cannot set audio to 48000 Hz at 297000000 Hz pixel clock
[    4.100574] Console: switching to colour frame buffer device 512x135
[    4.196572] drm drm: fb0:  frame buffer device
[    4.201132] [drm] Initialized tegra 0.0.0 20120330 for drm on minor 0
[    4.208504] iommu: Adding device cpufreq-dt.0 to group 77
[    4.214163] cpufreq: cpufreq_online: CPU0: Running at unlisted freq: 696000 KHz
[    4.221509] cpufreq: cpufreq_online: CPU0: Unlisted initial frequency changed to: 714000 KHz
[    4.230555] input: gpio-keys as /devices/soc0/gpio-keys/input/input2
[    4.237710] as3722-rtc as3722-rtc: setting system clock to 2000-01-01 00:02:29 UTC (946684949)
[    4.246436] cfg80211: Loading compiled-in X.509 certificates for regulatory database
[    4.256141] cfg80211: Loaded X.509 cert 'sforshee: 00b28ddf47aef9cea7'
[    4.262795] platform regulatory.0: Direct firmware load for regulatory.db failed with error -2
[    4.267889] +USB0_VBUS_SW: disabling
[    4.267903] +1.8V_RUN_CAM: disabling
[    4.271441] +2.8V_RUN_CAM: disabling
[    4.275138] +1.2V_RUN_CAM_FRONT: disabling
[    4.278745] +1.05V_RUN_CAM_REAR: disabling
[    4.282335] +3.3V_RUN_TOUCH: disabling
[    4.286440] +2.8V_RUN_CAM_AF: disabling
[    4.290559] +1.8V_RUN_VPP_FUSE: disabling
[    4.294321] ALSA device list:
[    4.294325]   #0: tegra-hda at 0x70038000 irq 346
[    4.294326]   #1: NVIDIA Tegra Jetson TK1
[    4.313813] cfg80211: failed to load regulatory.db
[    4.319727] EXT4-fs (mmcblk0p1): mounting ext3 file system using the ext4 subsystem
[    4.367676] EXT4-fs (mmcblk0p1): recovery complete
[    4.373426] EXT4-fs (mmcblk0p1): mounted filesystem with ordered data mode. Opts: (null)
[    4.381595] VFS: Mounted root (ext3 filesystem) on device 179:1.
[    4.392593] devtmpfs: mounted
[    4.395933] Freeing unused kernel memory: 1024K
bash: cannot set terminal process gr