Diff for ./qemu-vexpress64/__internal/defconfig_log.txt
--- /tmp/fooa	2016-06-01 22:26:20.719979117 -0700
+++ /tmp/foob	2016-06-01 22:26:20.719979117 -0700
@@ -1,5 +1,5 @@
 Booting Linux on physical CPU 0x0
-Linux version 4.7.0-rc1-next-20160601+ (pwalmsley@tamien) (gcc version 4.9.2 20140904 (prerelease) (crosstool-NG linaro-1.13.1-4.9-2014.09 - Linaro GCC 4.9-2014.09) ) #1 SMP PREEMPT Tue May 31 20:50:32 PDT 2016
+Linux version 4.7.0-rc1-next-20160602+ (pwalmsley@tamien) (gcc version 4.9.2 20140904 (prerelease) (crosstool-NG linaro-1.13.1-4.9-2014.09 - Linaro GCC 4.9-2014.09) ) #1 SMP PREEMPT Wed Jun 1 22:21:10 PDT 2016
 Boot CPU: AArch64 Processor [411fd070]
 Memory limited to 1024MB
 efi: Getting EFI parameters from FDT:
@@ -26,8 +26,8 @@
       .text : 0xffff000008080000 - 0xffff0000087c0000   (  7424 KB)
     .rodata : 0xffff0000087c0000 - 0xffff000008b10000   (  3392 KB)
       .init : 0xffff000008b10000 - 0xffff000008c00000   (   960 KB)
-      .data : 0xffff000008c00000 - 0xffff000008ca1800   (   646 KB)
-       .bss : 0xffff000008ca1800 - 0xffff000008ce2b40   (   261 KB)
+      .data : 0xffff000008c00000 - 0xffff000008ca1a00   (   647 KB)
+       .bss : 0xffff000008ca1a00 - 0xffff000008ce2b40   (   261 KB)
     fixed   : 0xffff7dfffe7fd000 - 0xffff7dfffec00000   (  4108 KB)
     PCI I/O : 0xffff7dfffee00000 - 0xffff7dffffe00000   (    16 MB)
     vmemmap : 0xffff7e0000000000 - 0xffff800000000000   (  2048 GB maximum)
@@ -98,7 +98,7 @@
 kvm [1]: HYP mode not available
 futex hash table entries: 256 (order: 3, 32768 bytes)
 audit: initializing netlink subsys (disabled)
-audit: type=2000 audit(0.628:1): initialized
+audit: type=2000 audit(0.596:1): initialized
 workingset: timestamp_bits=44 max_order=18 bucket_order=0
 squashfs: version 4.0 (2009/01/31) Phillip Lougher
 NFS: Registering the id_resolver key type
@@ -159,7 +159,7 @@
 Key type dns_resolver registered
 registered taskstats version 1
 input: gpio-keys as /devices/platform/gpio-keys/input/input0
-rtc-pl031 9010000.pl031: setting system clock to 2016-06-01 03:51:05 UTC (1464753065)
+rtc-pl031 9010000.pl031: setting system clock to 2016-06-02 05:21:42 UTC (1464844902)
 ALSA device list:
   No soundcards found.
 uart-pl011 9000000.pl011: no DMA platform data
Diff for ./tegra114-dalmore-a04/tegra114-dalmore/multi_v7_defconfig_log.txt
--- /tmp/fooa	2016-06-01 22:26:20.727979119 -0700
+++ /tmp/foob	2016-06-01 22:26:20.727979119 -0700
@@ -39,9 +39,9 @@
 	 #################################################################
 	 #################################################################
 	 #######################################
-	 3.1 MiB/s
+	 3 MiB/s
 done
-Bytes transferred = 7239664 (6e77f0 hex)
+Bytes transferred = 7241416 (6e7ec8 hex)
 Tegra114 (Dalmore) # tftpboot 0x82000000 tegra114-dalmore.dtb
 Using asx0 device
 TFTP from server 192.168.100.1; our IP address is 192.168.100.100
@@ -52,7 +52,7 @@
 done
 Bytes transferred = 34956 (888c hex)
 Tegra114 (Dalmore) # bootz 0x81000000 - 0x82000000
-Kernel image @ 0x81000000 [ 0x000000 - 0x6e77f0 ]
+Kernel image @ 0x81000000 [ 0x000000 - 0x6e7ec8 ]
 ## Flattened Device Tree blob at 82000000
    Booting using the fdt blob at 0x82000000
    Loading Device Tree to 8fff4000, end 8ffff88b ... OK
@@ -60,7 +60,7 @@
 Starting kernel ...
 
 Booting Linux on physical CPU 0x0
-Linux version 4.7.0-rc1-next-20160601-96818-ge98f2ba (pwalmsley@sellafield) (gcc version 4.7.3 20130328 (prerelease) (crosstool-NG linaro-1.13.1-4.7-2013.04-20130415 - Linaro GCC 2013.04) ) #1 SMP Tue May 31 20:48:06 PDT 2016
+Linux version 4.7.0-rc1-next-20160602-97019-gce425f3 (pwalmsley@sellafield) (gcc version 4.7.3 20130328 (prerelease) (crosstool-NG linaro-1.13.1-4.7-2013.04-20130415 - Linaro GCC 2013.04) ) #1 SMP Wed Jun 1 22:18:47 PDT 2016
 CPU: ARMv7 Processor [412fc0f2] revision 2 (ARMv7), cr=10c5387d
 CPU: div instructions available: patching division code
 CPU: PIPT / VIPT nonaliasing data cache, PIPT instruction cache
@@ -69,7 +69,7 @@
 cma: Reserved 64 MiB at 0xfb800000
 Memory policy: Data cache writealloc
 On node 0 totalpages: 524032
-free_area_init_node: node 0, pgdat c141be00, node_mem_map eeff8000
+free_area_init_node: node 0, pgdat c141be80, node_mem_map eeff8000
   DMA zone: 1536 pages used for memmap
   DMA zone: 0 pages reserved
   DMA zone: 196608 pages, LIFO batch:31
@@ -90,9 +90,9 @@
     lowmem  : 0xc0000000 - 0xf0000000   ( 768 MB)
     pkmap   : 0xbfe00000 - 0xc0000000   (   2 MB)
     modules : 0xbf000000 - 0xbfe00000   (  14 MB)
-      .text : 0xc0208000 - 0xc10ad504   (14998 kB)
+      .text : 0xc0208000 - 0xc10ad524   (14998 kB)
       .init : 0xc1100000 - 0xc1300000   (2048 kB)
-      .data : 0xc1300000 - 0xc141de60   (1144 kB)
+      .data : 0xc1300000 - 0xc141dee0   (1144 kB)
        .bss : 0xc141f000 - 0xc1474920   ( 343 kB)
 SLUB: HWalign=64, Order=0-3, MinObjects=0, CPUs=4, Nodes=1
 Hierarchical RCU implementation.
@@ -262,15 +262,15 @@
 ------------[ cut here ]------------
 WARNING: CPU: 0 PID: 1 at drivers/reset/core.c:187 __of_reset_control_get+0x1bc/0x228
 Modules linked in:
-CPU: 0 PID: 1 Comm: swapper/0 Not tainted 4.7.0-rc1-next-20160601-96818-ge98f2ba #1
+CPU: 0 PID: 1 Comm: swapper/0 Not tainted 4.7.0-rc1-next-20160602-97019-gce425f3 #1
 Hardware name: NVIDIA Tegra SoC (Flattened Device Tree)
 [<c030f9d0>] (unwind_backtrace) from [<c030b0c8>] (show_stack+0x10/0x14)
 [<c030b0c8>] (show_stack) from [<c0586548>] (dump_stack+0x84/0xa4)
 [<c0586548>] (dump_stack) from [<c0341b88>] (__warn+0xd4/0x100)
 [<c0341b88>] (__warn) from [<c0341bd4>] (warn_slowpath_null+0x20/0x28)
 [<c0341bd4>] (warn_slowpath_null) from [<c06a0ef0>] (__of_reset_control_get+0x1bc/0x228)
-[<c06a0ef0>] (__of_reset_control_get) from [<c09127b0>] (tegra_ehci_probe+0x2d0/0x51c)
-[<c09127b0>] (tegra_ehci_probe) from [<c077a198>] (platform_drv_probe+0x50/0xb0)
+[<c06a0ef0>] (__of_reset_control_get) from [<c0912950>] (tegra_ehci_probe+0x2d0/0x51c)
+[<c0912950>] (tegra_ehci_probe) from [<c077a198>] (platform_drv_probe+0x50/0xb0)
 [<c077a198>] (platform_drv_probe) from [<c0778afc>] (driver_probe_device+0x1f4/0x2b0)
 [<c0778afc>] (driver_probe_device) from [<c0778c64>] (__driver_attach+0xac/0xb0)
 [<c0778c64>] (__driver_attach) from [<c0777110>] (bus_for_each_dev+0x54/0x88)
@@ -278,9 +278,9 @@
 [<c07780f0>] (bus_add_driver) from [<c0779480>] (driver_register+0x78/0xf4)
 [<c0779480>] (driver_register) from [<c0301e7c>] (do_one_initcall+0x3c/0x16c)
 [<c0301e7c>] (do_one_initcall) from [<c1100d80>] (kernel_init_freeable+0x120/0x1ec)
-[<c1100d80>] (kernel_init_freeable) from [<c0b5bdd0>] (kernel_init+0x8/0x118)
-[<c0b5bdd0>] (kernel_init) from [<c0307fb8>] (ret_from_fork+0x14/0x3c)
----[ end trace 4b3e571e945c7d9a ]---
+[<c1100d80>] (kernel_init_freeable) from [<c0b5c4b8>] (kernel_init+0x8/0x118)
+[<c0b5c4b8>] (kernel_init) from [<c0307fb8>] (ret_from_fork+0x14/0x3c)
+---[ end trace edf112aa6d34986c ]---
 tegra-ehci 7d008000.usb: can't get utmi-pads reset from the PHY
 tegra-ehci 7d008000.usb: continuing, but please update your DT
 ohci_hcd: USB 1.1 'Open' Host Controller (OHCI) Driver
@@ -326,11 +326,11 @@
 usb2_vbus: supplied by vdd-sys-5v0
 VDD_5V0_HDMI_CON: supplied by vdd-sys-5v0
 [drm] Supports vblank timestamp caching Rev 2 (21.10.2013).
-[drm] No driver support for vblank timestamp query.
 mmc0: new high speed SDHC card at address aaaa
 mmcblk0: mmc0:aaaa SL16G 14.8 GiB 
-mmc1: new high speed MMC card at address 0001
+[drm] No driver support for vblank timestamp query.
  mmcblk0: p1 p2 p3
+mmc1: new high speed MMC card at address 0001
 mmcblk1: mmc1:0001 SEM32G 29.1 GiB 
 mmcblk1boot0: mmc1:0001 SEM32G partition 1 4.00 MiB
 mmcblk1boot1: mmc1:0001 SEM32G partition 2 4.00 MiB
@@ -346,7 +346,7 @@
 hub 1-0:1.0: USB hub found
 hub 1-0:1.0: 1 port detected
 input: gpio-keys as /devices/soc0/gpio-keys/input/input0
-palmas-rtc 7000d000.i2c:tps65913@58:rtc: setting system clock to 2000-03-25 15:08:16 UTC (953996896)
+palmas-rtc 7000d000.i2c:tps65913@58:rtc: setting system clock to 2000-03-26 16:39:06 UTC (954088746)
 dvdd_ts: disabling
 usb1_vbus: disabling
 vdd_cam_1v8_reg: disabling
@@ -358,5 +358,4 @@
 Freeing unused kernel memory: 2048K (c1100000 - c1300000)
 bash: cannot set terminal process group (-1): Inappropriate ioctl for device
 bash: no job control in this shell
-usb 1-1: new high-speed USB device number 2 using tegra-ehci
-root@(none):/# 
\ No newline at end of file
+root@(none):/# [    2.530248] usb 1-1: new high-speed USB device number 2 using tegra-ehci
Diff for ./tegra114-dalmore-a04/tegra114-dalmore/tegra_defconfig_log.txt
--- /tmp/fooa	2016-06-01 22:26:20.735979121 -0700
+++ /tmp/foob	2016-06-01 22:26:20.735979121 -0700
@@ -39,18 +39,18 @@
 	 #####################################################
 	 2.9 MiB/s
 done
-Bytes transferred = 5544160 (5498e0 hex)
+Bytes transferred = 5544816 (549b70 hex)
 Tegra114 (Dalmore) # tftpboot 0x82000000 tegra114-dalmore.dtb
 Using asx0 device
 TFTP from server 192.168.100.1; our IP address is 192.168.100.100
 Filename 'tegra114-dalmore.dtb'.
 Load address: 0x82000000
 Loading: *###
-	 3.3 MiB/s
+	 3 MiB/s
 done
 Bytes transferred = 34956 (888c hex)
 Tegra114 (Dalmore) # bootz 0x81000000 - 0x82000000
-Kernel image @ 0x81000000 [ 0x000000 - 0x5498e0 ]
+Kernel image @ 0x81000000 [ 0x000000 - 0x549b70 ]
 ## Flattened Device Tree blob at 82000000
    Booting using the fdt blob at 0x82000000
    Loading Device Tree to 8fff4000, end 8ffff88b ... OK
@@ -59,7 +59,7 @@
 
 Uncompressing Linux... done, booting the kernel.
 Booting Linux on physical CPU 0x0
-Linux version 4.7.0-rc1-next-20160601-96818-ge98f2ba (pwalmsley@kaivo) (gcc version 4.7.3 20130328 (prerelease) (crosstool-NG linaro-1.13.1-4.7-2013.04-20130415 - Linaro GCC 2013.04) ) #1 SMP PREEMPT Tue May 31 20:48:17 PDT 2016
+Linux version 4.7.0-rc1-next-20160602-97019-gce425f3 (pwalmsley@kaivo) (gcc version 4.7.3 20130328 (prerelease) (crosstool-NG linaro-1.13.1-4.7-2013.04-20130415 - Linaro GCC 2013.04) ) #1 SMP PREEMPT Wed Jun 1 22:18:50 PDT 2016
 CPU: ARMv7 Processor [412fc0f2] revision 2 (ARMv7), cr=10c5387d
 CPU: div instructions available: patching division code
 CPU: PIPT / VIPT nonaliasing data cache, PIPT instruction cache
@@ -90,7 +90,7 @@
     lowmem  : 0xc0000000 - 0xf0000000   ( 768 MB)
     pkmap   : 0xbfe00000 - 0xc0000000   (   2 MB)
     modules : 0xbf000000 - 0xbfe00000   (  14 MB)
-      .text : 0xc0008000 - 0xc0aff0f0   (11229 kB)
+      .text : 0xc0008000 - 0xc0aff0f8   (11229 kB)
       .init : 0xc0b00000 - 0xc0c00000   (1024 kB)
       .data : 0xc0c00000 - 0xc0c5d980   ( 375 kB)
        .bss : 0xc0c5f000 - 0xc0cbab1c   ( 367 kB)
@@ -252,15 +252,15 @@
 ------------[ cut here ]------------
 WARNING: CPU: 0 PID: 1 at drivers/reset/core.c:187 __of_reset_control_get+0x1b4/0x218
 Modules linked in:
-CPU: 0 PID: 1 Comm: swapper/0 Not tainted 4.7.0-rc1-next-20160601-96818-ge98f2ba #1
+CPU: 0 PID: 1 Comm: swapper/0 Not tainted 4.7.0-rc1-next-20160602-97019-gce425f3 #1
 Hardware name: NVIDIA Tegra SoC (Flattened Device Tree)
 [<c010f1e8>] (unwind_backtrace) from [<c010a864>] (show_stack+0x10/0x14)
 [<c010a864>] (show_stack) from [<c033de14>] (dump_stack+0x84/0xa4)
 [<c033de14>] (dump_stack) from [<c011f320>] (__warn+0xd4/0x100)
 [<c011f320>] (__warn) from [<c011f36c>] (warn_slowpath_null+0x20/0x28)
 [<c011f36c>] (warn_slowpath_null) from [<c03c13b0>] (__of_reset_control_get+0x1b4/0x218)
-[<c03c13b0>] (__of_reset_control_get) from [<c05149a0>] (tegra_ehci_probe+0x2c8/0x514)
-[<c05149a0>] (tegra_ehci_probe) from [<c0441ee8>] (platform_drv_probe+0x50/0xb0)
+[<c03c13b0>] (__of_reset_control_get) from [<c0514b08>] (tegra_ehci_probe+0x2c8/0x514)
+[<c0514b08>] (tegra_ehci_probe) from [<c0441ee8>] (platform_drv_probe+0x50/0xb0)
 [<c0441ee8>] (platform_drv_probe) from [<c0440914>] (driver_probe_device+0x1f4/0x2b0)
 [<c0440914>] (driver_probe_device) from [<c0440a7c>] (__driver_attach+0xac/0xb0)
 [<c0440a7c>] (__driver_attach) from [<c043ef38>] (bus_for_each_dev+0x54/0x88)
@@ -268,9 +268,9 @@
 [<c043ff08>] (bus_add_driver) from [<c0441278>] (driver_register+0x78/0xf4)
 [<c0441278>] (driver_register) from [<c010179c>] (do_one_initcall+0x3c/0x16c)
 [<c010179c>] (do_one_initcall) from [<c0b00d94>] (kernel_init_freeable+0x11c/0x1e8)
-[<c0b00d94>] (kernel_init_freeable) from [<c07f2a38>] (kernel_init+0x8/0x118)
-[<c07f2a38>] (kernel_init) from [<c0107938>] (ret_from_fork+0x14/0x3c)
----[ end trace 1e0daa89dd137567 ]---
+[<c0b00d94>] (kernel_init_freeable) from [<c07f2c44>] (kernel_init+0x8/0x118)
+[<c07f2c44>] (kernel_init) from [<c0107938>] (ret_from_fork+0x14/0x3c)
+---[ end trace 7b06ba4c24ce8660 ]---
 tegra-ehci 7d008000.usb: can't get utmi-pads reset from the PHY
 tegra-ehci 7d008000.usb: continuing, but please update your DT
 usbcore: registered new interface driver cdc_acm
@@ -299,12 +299,12 @@
 mmc1: SDHCI controller on 78000600.sdhci [78000600.sdhci] using ADMA
 usbcore: registered new interface driver usbhid
 usbhid: USB HID core driver
+mmc0: new high speed SDHC card at address aaaa
+mmcblk0: mmc0:aaaa SL16G 14.8 GiB 
 mmc1: new high speed MMC card at address 0001
 mmcblk1: mmc1:0001 SEM32G 29.1 GiB 
-mmc0: new high speed SDHC card at address aaaa
 mmcblk1boot0: mmc1:0001 SEM32G partition 1 4.00 MiB
 mmcblk1boot1: mmc1:0001 SEM32G partition 2 4.00 MiB
-mmcblk0: mmc0:aaaa SL16G 14.8 GiB 
 mmcblk1rpmb: mmc1:0001 SEM32G partition 3 4.00 MiB
  mmcblk1: p1 p2 p3 p4 p5 p6 p7 p8
  mmcblk0: p1 p2 p3
@@ -344,7 +344,7 @@
 hub 1-0:1.0: USB hub found
 hub 1-0:1.0: 1 port detected
 input: gpio-keys as /devices/soc0/gpio-keys/input/input1
-palmas-rtc 7000d000.i2c:tps65913@58:rtc: setting system clock to 2000-03-25 15:10:54 UTC (953997054)
+palmas-rtc 7000d000.i2c:tps65913@58:rtc: setting system clock to 2000-03-26 16:41:46 UTC (954088906)
 dvdd_ts: disabling
 usb1_vbus: disabling
 vdd_cam_1v8_reg: disabling
@@ -353,7 +353,7 @@
 EXT4-fs (mmcblk1p1): mounting ext3 file system using the ext4 subsystem
 EXT4-fs (mmcblk1p1): recovery complete
 EXT4-fs (mmcblk1p1): mounted filesystem with ordered data mode. Opts: (null)
-VFS: Mounted root (ext3 filesystem) on device 179:1.
+VFS: Mounted root (ext3 filesystem) on device 179:17.
 devtmpfs: mounted
 Freeing unused kernel memory: 1024K (c0b00000 - c0c00000)
 usb 1-1: new high-speed USB device number 2 using tegra-ehci
Diff for ./tegra124-jetson-tk1/tegra124-jetson-tk1/multi_v7_defconfig_log.txt
--- /tmp/fooa	2016-06-01 22:26:20.743979124 -0700
+++ /tmp/foob	2016-06-01 22:26:20.743979124 -0700
@@ -34,20 +34,20 @@
 	 #################################################################
 	 #################################################################
 	 #######################################
-	 944.3 KiB/s
+	 3.9 MiB/s
 done
-Bytes transferred = 7239664 (6e77f0 hex)
+Bytes transferred = 7241416 (6e7ec8 hex)
 Tegra124 (Jetson TK1) # tftpboot 0x83000000 tegra124-jetson-tk1.dtb
 Using eth_rtl8169 device
 TFTP from server 192.168.100.1; our IP address is 192.168.100.102
 Filename 'tegra124-jetson-tk1.dtb'.
 Load address: 0x83000000
 Loading: *#####
-	 930.7 KiB/s
+	 4 MiB/s
 done
 Bytes transferred = 66737 (104b1 hex)
 Tegra124 (Jetson TK1) # bootz 0x82000000 - 0x83000000
-Kernel image @ 0x82000000 [ 0x000000 - 0x6e77f0 ]
+Kernel image @ 0x82000000 [ 0x000000 - 0x6e7ec8 ]
 ## Flattened Device Tree blob at 83000000
    Booting using the fdt blob at 0x83000000
    Using Device Tree in place at 83000000, end 830134b0
@@ -55,7 +55,7 @@
 Starting kernel ...
 
 Booting Linux on physical CPU 0x0
-Linux version 4.7.0-rc1-next-20160601-96818-ge98f2ba (pwalmsley@sellafield) (gcc version 4.7.3 20130328 (prerelease) (crosstool-NG linaro-1.13.1-4.7-2013.04-20130415 - Linaro GCC 2013.04) ) #1 SMP Tue May 31 20:48:06 PDT 2016
+Linux version 4.7.0-rc1-next-20160602-97019-gce425f3 (pwalmsley@sellafield) (gcc version 4.7.3 20130328 (prerelease) (crosstool-NG linaro-1.13.1-4.7-2013.04-20130415 - Linaro GCC 2013.04) ) #1 SMP Wed Jun 1 22:18:47 PDT 2016
 CPU: ARMv7 Processor [413fc0f3] revision 3 (ARMv7), cr=10c5387d
 CPU: div instructions available: patching division code
 CPU: PIPT / VIPT nonaliasing data cache, PIPT instruction cache
@@ -64,7 +64,7 @@
 cma: Reserved 64 MiB at 0xfb800000
 Memory policy: Data cache writealloc
 On node 0 totalpages: 524032
-free_area_init_node: node 0, pgdat c141be00, node_mem_map eeff8000
+free_area_init_node: node 0, pgdat c141be80, node_mem_map eeff8000
   DMA zone: 1536 pages used for memmap
   DMA zone: 0 pages reserved
   DMA zone: 196608 pages, LIFO batch:31
@@ -85,9 +85,9 @@
     lowmem  : 0xc0000000 - 0xf0000000   ( 768 MB)
     pkmap   : 0xbfe00000 - 0xc0000000   (   2 MB)
     modules : 0xbf000000 - 0xbfe00000   (  14 MB)
-      .text : 0xc0208000 - 0xc10ad504   (14998 kB)
+      .text : 0xc0208000 - 0xc10ad524   (14998 kB)
       .init : 0xc1100000 - 0xc1300000   (2048 kB)
-      .data : 0xc1300000 - 0xc141de60   (1144 kB)
+      .data : 0xc1300000 - 0xc141dee0   (1144 kB)
        .bss : 0xc141f000 - 0xc1474920   ( 343 kB)
 SLUB: HWalign=64, Order=0-3, MinObjects=0, CPUs=4, Nodes=1
 Hierarchical RCU implementation.
@@ -254,15 +254,15 @@
 ------------[ cut here ]------------
 WARNING: CPU: 0 PID: 1 at drivers/reset/core.c:187 __of_reset_control_get+0x1bc/0x228
 Modules linked in:
-CPU: 0 PID: 1 Comm: swapper/0 Not tainted 4.7.0-rc1-next-20160601-96818-ge98f2ba #1
+CPU: 0 PID: 1 Comm: swapper/0 Not tainted 4.7.0-rc1-next-20160602-97019-gce425f3 #1
 Hardware name: NVIDIA Tegra SoC (Flattened Device Tree)
 [<c030f9d0>] (unwind_backtrace) from [<c030b0c8>] (show_stack+0x10/0x14)
 [<c030b0c8>] (show_stack) from [<c0586548>] (dump_stack+0x84/0xa4)
 [<c0586548>] (dump_stack) from [<c0341b88>] (__warn+0xd4/0x100)
 [<c0341b88>] (__warn) from [<c0341bd4>] (warn_slowpath_null+0x20/0x28)
 [<c0341bd4>] (warn_slowpath_null) from [<c06a0ef0>] (__of_reset_control_get+0x1bc/0x228)
-[<c06a0ef0>] (__of_reset_control_get) from [<c09127b0>] (tegra_ehci_probe+0x2d0/0x51c)
-[<c09127b0>] (tegra_ehci_probe) from [<c077a198>] (platform_drv_probe+0x50/0xb0)
+[<c06a0ef0>] (__of_reset_control_get) from [<c0912950>] (tegra_ehci_probe+0x2d0/0x51c)
+[<c0912950>] (tegra_ehci_probe) from [<c077a198>] (platform_drv_probe+0x50/0xb0)
 [<c077a198>] (platform_drv_probe) from [<c0778afc>] (driver_probe_device+0x1f4/0x2b0)
 [<c0778afc>] (driver_probe_device) from [<c0778c64>] (__driver_attach+0xac/0xb0)
 [<c0778c64>] (__driver_attach) from [<c0777110>] (bus_for_each_dev+0x54/0x88)
@@ -270,9 +270,9 @@
 [<c07780f0>] (bus_add_driver) from [<c0779480>] (driver_register+0x78/0xf4)
 [<c0779480>] (driver_register) from [<c0301e7c>] (do_one_initcall+0x3c/0x16c)
 [<c0301e7c>] (do_one_initcall) from [<c1100d80>] (kernel_init_freeable+0x120/0x1ec)
-[<c1100d80>] (kernel_init_freeable) from [<c0b5bdd0>] (kernel_init+0x8/0x118)
-[<c0b5bdd0>] (kernel_init) from [<c0307fb8>] (ret_from_fork+0x14/0x3c)
----[ end trace 55d2be030b8d9aba ]---
+[<c1100d80>] (kernel_init_freeable) from [<c0b5c4b8>] (kernel_init+0x8/0x118)
+[<c0b5c4b8>] (kernel_init) from [<c0307fb8>] (ret_from_fork+0x14/0x3c)
+---[ end trace f0a98c64d191b1c5 ]---
 tegra-ehci 7d004000.usb: can't get utmi-pads reset from the PHY
 tegra-ehci 7d004000.usb: continuing, but please update your DT
 tegra-ehci 7d004000.usb: EHCI Host Controller
@@ -331,12 +331,6 @@
 +12V_SATA: supplied by +VDD_MUX
 usb2-0 supply vbus not found, using dummy regulator
 usb2-1 supply vbus not found, using dummy regulator
-mmc0: new high speed MMC card at address 0001
-mmcblk0: mmc0:0001 SEM16G 14.7 GiB 
-mmcblk0boot0: mmc0:0001 SEM16G partition 1 4.00 MiB
-mmcblk0boot1: mmc0:0001 SEM16G partition 2 4.00 MiB
-mmcblk0rpmb: mmc0:0001 SEM16G partition 3 4.00 MiB
- mmcblk0: p1
 usb3-0 supply vbus not found, using dummy regulator
 tegra-pcie 1003000.pcie-controller: 2x1, 1x1 configuration
 tegra-pcie 1003000.pcie-controller: Failed to get supply 'avddio-pex': -517
@@ -348,6 +342,12 @@
 as3722-sd5: supplied by +5V_SYS
 as3722-ldo0: supplied by +1.35V_LP0(sd2)
 as3722-ldo1: supplied by +3.3V_RUN
+mmc0: new high speed MMC card at address 0001
+mmcblk0: mmc0:0001 SEM16G 14.7 GiB 
+mmcblk0boot0: mmc0:0001 SEM16G partition 1 4.00 MiB
+mmcblk0boot1: mmc0:0001 SEM16G partition 2 4.00 MiB
+mmcblk0rpmb: mmc0:0001 SEM16G partition 3 4.00 MiB
+ mmcblk0: p1
 as3722-ldo2: supplied by +1.8V_VDDIO
 as3722-ldo3: supplied by +3.3V_SYS
 as3722-ldo4: supplied by +3.3V_SYS
@@ -411,10 +411,7 @@
 pci_bus 0000:02: busn_res: [bus 02-ff] end is updated to 02
 pci 0000:00:01.0: BAR 8: assigned [mem 0x13000000-0x130fffff]
 pci 0000:00:02.0: BAR 8: assigned [mem 0x13100000-0x131fffff]
-mmc1: new high speed SDHC card at address aaaa
-mmcblk1: mmc1:aaaa SD04G 3.69 GiB 
 pci 0000:00:02.0: BAR 9: assigned [mem 0x20000000-0x200fffff 64bit pref]
- mmcblk1: p1 p2 p3
 pci 0000:00:02.0: BAR 7: assigned [io  0x1000-0x1fff]
 pci 0000:01:00.0: BAR 0: assigned [mem 0x13000000-0x13001fff 64bit]
 pci 0000:00:01.0: PCI bridge to [bus 01]
@@ -438,10 +435,13 @@
 pcie_pme 0000:00:02.0:pcie001: service driver pcie_pme loaded
 r8169 Gigabit Ethernet driver 2.3LK-NAPI loaded
 r8169 0000:02:00.0: enabling device (0140 -> 0143)
-r8169 0000:02:00.0 eth0: RTL8168g/8111g at 0xf0a5c000, 00:04:4b:3a:d9:81, XID 0c000800 IRQ 393
+r8169 0000:02:00.0 eth0: RTL8168g/8111g at 0xf0a52000, 00:04:4b:3a:d9:81, XID 0c000800 IRQ 393
 r8169 0000:02:00.0 eth0: jumbo features [frames: 9200 bytes, tx checksumming: ko]
 [drm] Supports vblank timestamp caching Rev 2 (21.10.2013).
 [drm] No driver support for vblank timestamp query.
+mmc1: new high speed SDHC card at address aaaa
+mmcblk1: mmc1:aaaa SD04G 3.69 GiB 
+ mmcblk1: p1 p2 p3
 tegra-hdmi 54280000.hdmi: cannot set audio to 44100 at 297000000 pclk
 Console: switching to colour frame buffer device 512x135
 drm drm: fb0:  frame buffer device
@@ -453,7 +453,7 @@
 cpu cpu2: cpufreq_init: failed to get clk: -2
 cpu cpu3: cpufreq_init: failed to get clk: -2
 input: gpio-keys as /devices/soc0/gpio-keys/input/input0
-as3722-rtc as3722-rtc: setting system clock to 2000-01-01 00:00:18 UTC (946684818)
+as3722-rtc as3722-rtc: setting system clock to 2000-01-01 00:00:12 UTC (946684812)
 +USB0_VBUS_SW: disabling
 +1.8V_RUN_CAM: disabling
 +2.8V_RUN_CAM: disabling
Diff for ./tegra124-jetson-tk1/tegra124-jetson-tk1/tegra_defconfig_log.txt
--- /tmp/fooa	2016-06-01 22:26:20.751979126 -0700
+++ /tmp/foob	2016-06-01 22:26:20.751979126 -0700
@@ -9,7 +9,7 @@
 Model: NVIDIA Jetson TK1
 Board: NVIDIA Jetson TK1
 DRAM:  2 GiB
-MMC:   Tegra SD/MMC: 0, Tegra SD/MMC: 1
+C:   Tegra SD/MMC: 0, Tegra SD/MMC: 1
 In:    serial
 Out:   serial
 Err:   serial
@@ -32,9 +32,9 @@
 	 #################################################################
 	 #################################################################
 	 #####################################################
-	 3.5 MiB/s
+	 3.4 MiB/s
 done
-Bytes transferred = 5544160 (5498e0 hex)
+Bytes transferred = 5544816 (549b70 hex)
 Tegra124 (Jetson TK1) # tftpboot 0x83000000 tegra124-jetson-tk1.dtb
 Using eth_rtl8169 device
 TFTP from server 192.168.100.1; our IP address is 192.168.100.102
@@ -45,7 +45,7 @@
 done
 Bytes transferred = 66737 (104b1 hex)
 Tegra124 (Jetson TK1) # bootz 0x82000000 - 0x83000000
-Kernel image @ 0x82000000 [ 0x000000 - 0x5498e0 ]
+Kernel image @ 0x82000000 [ 0x000000 - 0x549b70 ]
 ## Flattened Device Tree blob at 83000000
    Booting using the fdt blob at 0x83000000
    Using Device Tree in place at 83000000, end 830134b0
@@ -54,7 +54,7 @@
 
 Uncompressing Linux... done, booting the kernel.
 Booting Linux on physical CPU 0x0
-Linux version 4.7.0-rc1-next-20160601-96818-ge98f2ba (pwalmsley@kaivo) (gcc version 4.7.3 20130328 (prerelease) (crosstool-NG linaro-1.13.1-4.7-2013.04-20130415 - Linaro GCC 2013.04) ) #1 SMP PREEMPT Tue May 31 20:48:17 PDT 2016
+Linux version 4.7.0-rc1-next-20160602-97019-gce425f3 (pwalmsley@kaivo) (gcc version 4.7.3 20130328 (prerelease) (crosstool-NG linaro-1.13.1-4.7-2013.04-20130415 - Linaro GCC 2013.04) ) #1 SMP PREEMPT Wed Jun 1 22:18:50 PDT 2016
 CPU: ARMv7 Processor [413fc0f3] revision 3 (ARMv7), cr=10c5387d
 CPU: div instructions available: patching division code
 CPU: PIPT / VIPT nonaliasing data cache, PIPT instruction cache
@@ -85,7 +85,7 @@
     lowmem  : 0xc0000000 - 0xf0000000   ( 768 MB)
     pkmap   : 0xbfe00000 - 0xc0000000   (   2 MB)
     modules : 0xbf000000 - 0xbfe00000   (  14 MB)
-      .text : 0xc0008000 - 0xc0aff0f0   (11229 kB)
+      .text : 0xc0008000 - 0xc0aff0f8   (11229 kB)
       .init : 0xc0b00000 - 0xc0c00000   (1024 kB)
       .data : 0xc0c00000 - 0xc0c5d980   ( 375 kB)
        .bss : 0xc0c5f000 - 0xc0cbab1c   ( 367 kB)
@@ -244,15 +244,15 @@
 ------------[ cut here ]------------
 WARNING: CPU: 0 PID: 1 at drivers/reset/core.c:187 __of_reset_control_get+0x1b4/0x218
 Modules linked in:
-CPU: 0 PID: 1 Comm: swapper/0 Not tainted 4.7.0-rc1-next-20160601-96818-ge98f2ba #1
+CPU: 0 PID: 1 Comm: swapper/0 Not tainted 4.7.0-rc1-next-20160602-97019-gce425f3 #1
 Hardware name: NVIDIA Tegra SoC (Flattened Device Tree)
 [<c010f1e8>] (unwind_backtrace) from [<c010a864>] (show_stack+0x10/0x14)
 [<c010a864>] (show_stack) from [<c033de14>] (dump_stack+0x84/0xa4)
 [<c033de14>] (dump_stack) from [<c011f320>] (__warn+0xd4/0x100)
 [<c011f320>] (__warn) from [<c011f36c>] (warn_slowpath_null+0x20/0x28)
 [<c011f36c>] (warn_slowpath_null) from [<c03c13b0>] (__of_reset_control_get+0x1b4/0x218)
-[<c03c13b0>] (__of_reset_control_get) from [<c05149a0>] (tegra_ehci_probe+0x2c8/0x514)
-[<c05149a0>] (tegra_ehci_probe) from [<c0441ee8>] (platform_drv_probe+0x50/0xb0)
+[<c03c13b0>] (__of_reset_control_get) from [<c0514b08>] (tegra_ehci_probe+0x2c8/0x514)
+[<c0514b08>] (tegra_ehci_probe) from [<c0441ee8>] (platform_drv_probe+0x50/0xb0)
 [<c0441ee8>] (platform_drv_probe) from [<c0440914>] (driver_probe_device+0x1f4/0x2b0)
 [<c0440914>] (driver_probe_device) from [<c0440a7c>] (__driver_attach+0xac/0xb0)
 [<c0440a7c>] (__driver_attach) from [<c043ef38>] (bus_for_each_dev+0x54/0x88)
@@ -260,9 +260,9 @@
 [<c043ff08>] (bus_add_driver) from [<c0441278>] (driver_register+0x78/0xf4)
 [<c0441278>] (driver_register) from [<c010179c>] (do_one_initcall+0x3c/0x16c)
 [<c010179c>] (do_one_initcall) from [<c0b00d94>] (kernel_init_freeable+0x11c/0x1e8)
-[<c0b00d94>] (kernel_init_freeable) from [<c07f2a38>] (kernel_init+0x8/0x118)
-[<c07f2a38>] (kernel_init) from [<c0107938>] (ret_from_fork+0x14/0x3c)
----[ end trace f86a2b082314820c ]---
+[<c0b00d94>] (kernel_init_freeable) from [<c07f2c44>] (kernel_init+0x8/0x118)
+[<c07f2c44>] (kernel_init) from [<c0107938>] (ret_from_fork+0x14/0x3c)
+---[ end trace a2b09f4bd1d71eec ]---
 tegra-ehci 7d004000.usb: can't get utmi-pads reset from the PHY
 tegra-ehci 7d004000.usb: continuing, but please update your DT
 tegra-ehci 7d004000.usb: EHCI Host Controller
@@ -422,18 +422,18 @@
 pci 0000:02:00.0: reg 0x20: [mem 0x00000000-0x00003fff 64bit pref]
 pci 0000:02:00.0: supports D1 D2
 pci 0000:02:00.0: PME# supported from D0 D1 D2 D3hot D3cold
-mmc1: new high speed SDHC card at address aaaa
 PCI: bus2: Fast back to back transfers disabled
 pci_bus 0000:02: busn_res: [bus 02-ff] end is updated to 02
-mmcblk1: mmc1:aaaa SD04G 3.69 GiB 
 pci 0000:00:01.0: BAR 8: assigned [mem 0x13000000-0x130fffff]
+mmc1: new high speed SDHC card at address aaaa
 pci 0000:00:02.0: BAR 8: assigned [mem 0x13100000-0x131fffff]
+mmcblk1: mmc1:aaaa SD04G 3.69 GiB 
 pci 0000:00:02.0: BAR 9: assigned [mem 0x20000000-0x200fffff 64bit pref]
 pci 0000:00:02.0: BAR 7: assigned [io  0x1000-0x1fff]
 pci 0000:01:00.0: BAR 0: assigned [mem 0x13000000-0x13001fff 64bit]
- mmcblk1: p1 p2 p3
 pci 0000:00:01.0: PCI bridge to [bus 01]
 pci 0000:00:01.0:   bridge window [mem 0x13000000-0x130fffff]
+ mmcblk1: p1 p2 p3
 pci 0000:02:00.0: BAR 4: assigned [mem 0x20000000-0x20003fff 64bit pref]
 pci 0000:02:00.0: BAR 2: assigned [mem 0x13100000-0x13100fff 64bit]
 pci 0000:02:00.0: BAR 0: assigned [io  0x1000-0x10ff]
@@ -468,7 +468,7 @@
 cpu cpu2: cpufreq_init: failed to get clk: -2
 cpu cpu3: cpufreq_init: failed to get clk: -2
 input: gpio-keys as /devices/soc0/gpio-keys/input/input2
-as3722-rtc as3722-rtc: setting system clock to 2000-01-01 00:02:14 UTC (946684934)
+as3722-rtc as3722-rtc: setting system clock to 2000-01-01 00:01:39 UTC (946684899)
 +USB0_VBUS_SW: disabling
 +1.8V_RUN_CAM: disabling
 +2.8V_RUN_CAM: disabling
Diff for ./tegra124-nyan-big/tegra124-nyan-big/multi_v7_defconfig_log.txt
--- /tmp/fooa	2016-06-01 22:26:20.755979127 -0700
+++ /tmp/foob	2016-06-01 22:26:20.759979129 -0700
@@ -43,18 +43,18 @@
 	 #######################################
 	 3.5 MiB/s
 done
-Bytes transferred = 7239664 (6e77f0 hex)
+Bytes transferred = 7241416 (6e7ec8 hex)
 Tegra124 (Nyan-big) # tftpboot 0x83000000 tegra124-nyan-big.dtb
 Using asx0 device
 TFTP from server 192.168.100.1; our IP address is 192.168.100.102
 Filename 'tegra124-nyan-big.dtb'.
 Load address: 0x83000000
 Loading: *#####
-	 3.4 MiB/s
+	 3 MiB/s
 done
 Bytes transferred = 66901 (10555 hex)
 Tegra124 (Nyan-big) # bootz 0x82000000 - 0x83000000
-Kernel image @ 0x82000000 [ 0x000000 - 0x6e77f0 ]
+Kernel image @ 0x82000000 [ 0x000000 - 0x6e7ec8 ]
 ## Flattened Device Tree blob at 83000000
    Booting using the fdt blob at 0x83000000
    Using Device Tree in place at 83000000, end 83013554
@@ -62,7 +62,7 @@
 Starting kernel ...
 
 Booting Linux on physical CPU 0x0
-Linux version 4.7.0-rc1-next-20160601-96818-ge98f2ba (pwalmsley@sellafield) (gcc version 4.7.3 20130328 (prerelease) (crosstool-NG linaro-1.13.1-4.7-2013.04-20130415 - Linaro GCC 2013.04) ) #1 SMP Tue May 31 20:48:06 PDT 2016
+Linux version 4.7.0-rc1-next-20160602-97019-gce425f3 (pwalmsley@sellafield) (gcc version 4.7.3 20130328 (prerelease) (crosstool-NG linaro-1.13.1-4.7-2013.04-20130415 - Linaro GCC 2013.04) ) #1 SMP Wed Jun 1 22:18:47 PDT 2016
 CPU: ARMv7 Processor [413fc0f3] revision 3 (ARMv7), cr=10c5387d
 CPU: div instructions available: patching division code
 CPU: PIPT / VIPT nonaliasing data cache, PIPT instruction cache
@@ -72,7 +72,7 @@
 cma: Reserved 64 MiB at 0xfb800000
 Memory policy: Data cache writealloc
 On node 0 totalpages: 524287
-free_area_init_node: node 0, pgdat c141be00, node_mem_map eeff8000
+free_area_init_node: node 0, pgdat c141be80, node_mem_map eeff8000
   DMA zone: 1536 pages used for memmap
   DMA zone: 0 pages reserved
   DMA zone: 196608 pages, LIFO batch:31
@@ -93,9 +93,9 @@
     lowmem  : 0xc0000000 - 0xf0000000   ( 768 MB)
     pkmap   : 0xbfe00000 - 0xc0000000   (   2 MB)
     modules : 0xbf000000 - 0xbfe00000   (  14 MB)
-      .text : 0xc0208000 - 0xc10ad504   (14998 kB)
+      .text : 0xc0208000 - 0xc10ad524   (14998 kB)
       .init : 0xc1100000 - 0xc1300000   (2048 kB)
-      .data : 0xc1300000 - 0xc141de60   (1144 kB)
+      .data : 0xc1300000 - 0xc141dee0   (1144 kB)
        .bss : 0xc141f000 - 0xc1474920   ( 343 kB)
 SLUB: HWalign=64, Order=0-3, MinObjects=0, CPUs=4, Nodes=1
 Hierarchical RCU implementation.
@@ -306,23 +306,15 @@
 +3.3V_RUN: supplied by +3.3V_SYS
 +3.3V_AVDD_HDMI_AP_GATED: supplied by +3.3V_RUN
 +1.8V_RUN_CAM: supplied by +3.3V_RUN
-input: Elan Touchpad as /devices/soc0/7000c400.i2c/i2c-1/1-0015/input/input0
 +VDDIO_SDMMC3: supplied by +3.3V_RUN
 +1.8V_RUN_VPP_FUSE: supplied by +3.3V_RUN
 +VDD_LED: supplied by +VDD_MUX
 +5V_VDD_TS_SW: supplied by +5V_SYS
 +5V_USB_HS: supplied by +5V_SYS
 +5V_USB_SS: supplied by +5V_SYS
-mmc0: new high speed MMC card at address 0001
-mmcblk0: mmc0:0001 MMC16G 14.4 GiB 
-mmcblk0boot0: mmc0:0001 MMC16G partition 1 2.00 MiB
-mmcblk0boot1: mmc0:0001 MMC16G partition 2 2.00 MiB
-mmcblk0rpmb: mmc0:0001 MMC16G partition 3 128 KiB
- mmcblk0: p1 p2 p3 p4 p5 p6 p7 p8 p9 p10 p11 p12
 +3.3V_PANEL: supplied by +3.3V_RUN
 +3.3V_LP0: supplied by +3.3V_SYS
 +1.05V_RUN_AVDD_HDMI_PLL: supplied by +1.05V_RUN
-elan_i2c 1-0015: failed to read report data: -121
 +5V_HDMI_CON: supplied by +5V_SYS
 usb3-0 supply vbus not found, using dummy regulator
 usb3-1 supply vbus not found, using dummy regulator
@@ -338,7 +330,12 @@
 sdhci-tegra 700b0400.sdhci: Got WP GPIO
 mmc2: Unknown controller version (3). You may experience problems.
 mmc2: Invalid maximum block size, assuming 512 bytes
-elan_i2c 1-0015: invalid report id data (ff)
+mmc0: new high speed MMC card at address 0001
+mmcblk0: mmc0:0001 MMC16G 14.4 GiB 
+mmcblk0boot0: mmc0:0001 MMC16G partition 1 2.00 MiB
+mmcblk0boot1: mmc0:0001 MMC16G partition 2 2.00 MiB
+mmcblk0rpmb: mmc0:0001 MMC16G partition 3 128 KiB
+ mmcblk0: p1 p2 p3 p4 p5 p6 p7 p8 p9 p10 p11 p12
 mmc2: SDHCI controller on 700b0400.sdhci [700b0400.sdhci] using ADMA 64-bit
 mmc1: new high speed SDIO card at address 0001
 [drm] Supports vblank timestamp caching Rev 2 (21.10.2013).
@@ -354,8 +351,8 @@
 Console: switching to colour frame buffer device 170x48
 drm drm: fb0:  frame buffer device
 [drm] Initialized tegra 0.0.0 20120330 on minor 0
-input: gpio-keys as /devices/soc0/gpio-keys/input/input1
-as3722-rtc as3722-rtc: setting system clock to 2000-01-01 17:10:05 UTC (946746605)
+input: gpio-keys as /devices/soc0/gpio-keys/input/input0
+as3722-rtc as3722-rtc: setting system clock to 2000-01-01 00:00:22 UTC (946684822)
 +1.8V_RUN_CAM: disabling
 +3.3V_RUN_CAM: disabling
 +1.2V_RUN_CAM_FRONT: disabling
@@ -366,6 +363,7 @@
 +5V_VDD_TS_SW: disabling
 +5V_USB_HS: disabling
 +5V_USB_SS: disabling
+input: Elan Touchpad as /devices/soc0/7000c400.i2c/i2c-1/1-0015/input/input1
 EXT4-fs (mmcblk0p3): couldn't mount as ext3 due to feature incompatibilities
 EXT4-fs (mmcblk0p3): couldn't mount as ext2 due to feature incompatibilities
 EXT4-fs (mmcblk0p3): recovery complete
Diff for ./tegra124-nyan-big/tegra124-nyan-big/tegra_defconfig_log.txt
--- /tmp/fooa	2016-06-01 22:26:20.763979130 -0700
+++ /tmp/foob	2016-06-01 22:26:20.767979131 -0700
@@ -5,7 +5,7 @@
 TEGRA124
 Model: Acer Chromebook 13 CB5-311
 DRAM:  4 GiB
-C:   Tegra SD/MMC: 0, Tegra SD/MMC: 1, Tegra SD/MMC: 2
+:   Tegra SD/MMC: 0, Tegra SD/MMC: 1, Tegra SD/MMC: 2
 MMC init failed
 Using default environment
 
@@ -36,23 +36,23 @@
 Loading: *#################################################################
 	 #################################################################
 	 #################################################################
-	 #################################################################
+	 ########T T #########################################################
 	 #################################################################
 	 #####################################################
-	 3.4 MiB/s
+	 447.3 KiB/s
 done
-Bytes transferred = 5544160 (5498e0 hex)
+Bytes transferred = 5544816 (549b70 hex)
 Tegra124 (Nyan-big) # tftpboot 0x83000000 tegra124-nyan-big.dtb
 Using asx0 device
 TFTP from server 192.168.100.1; our IP address is 192.168.100.102
 Filename 'tegra124-nyan-big.dtb'.
 Load address: 0x83000000
 Loading: *#####
-	 3.4 MiB/s
+	 3.2 MiB/s
 done
 Bytes transferred = 66901 (10555 hex)
 Tegra124 (Nyan-big) # bootz 0x82000000 - 0x83000000
-Kernel image @ 0x82000000 [ 0x000000 - 0x5498e0 ]
+Kernel image @ 0x82000000 [ 0x000000 - 0x549b70 ]
 ## Flattened Device Tree blob at 83000000
    Booting using the fdt blob at 0x83000000
    Using Device Tree in place at 83000000, end 83013554
@@ -151,7 +151,6 @@
 input: GoogleNyanBig Headphones as /devices/soc0/sound/sound/card1/input1
 input: GoogleNyanBig Mic Jack as /devices/soc0/sound/sound/card1/input2
 NET: Registered protocol family 10
-input: tegra-hda HDMI/DP,pcm=3 as /devices/soc0/70030000.hda/sound/card0/input3
 mip6: Mobile IPv6
 sit: IPv6 over IPv4 tunneling driver
 NET: Registered protocol family 17
@@ -161,6 +160,7 @@
 can: raw protocol (rev 20120528)
 can: broadcast manager protocol (rev 20120528 t)
 can: netlink gateway (rev 20130117) max_hops=1
+input: tegra-hda HDMI/DP,pcm=3 as /devices/soc0/70030000.hda/sound/card0/input3
 Bluetooth: RFCOMM socket layer initialized
 Bluetooth: RFCOMM ver 1.11
 Bluetooth: BNEP (Ethernet Emulation) ver 1.3
@@ -225,7 +225,7 @@
 drm drm: fb0:  frame buffer device
 [drm] Initialized tegra 0.0.0 20120330 on minor 0
 input: gpio-keys as /devices/soc0/gpio-keys/input/input4
-as3722-rtc as3722-rtc: setting system clock to 2000-01-01 17:09:01 UTC (946746541)
+as3722-rtc as3722-rtc: setting system clock to 2000-01-01 00:00:35 UTC (946684835)
 +1.8V_RUN_CAM: disabling
 +1.2V_RUN_CAM_FRONT: disabling
 +1.05V_RUN_CAM_REAR: disabling
@@ -247,7 +247,7 @@
 Freeing unused kernel memory: 1024K (c0b00000 - c0c00000)
 bash: cannot set terminal process group (-1): Inappropriate ioctl for device
 bash: no job control in this shell
-root@(none):/# [    5.887239] asix 1-3:1.0 eth0: register 'asix' at usb-70090000.usb-3, ASIX AX88772 USB 2.0 Ethernet, c8:d7:19:90:fa:65
+root@(none):/# [    5.797539] asix 1-3:1.0 eth0: register 'asix' at usb-70090000.usb-3, ASIX AX88772 USB 2.0 Ethernet, c8:d7:19:90:fa:65
 usb 1-1: new high-speed USB device number 4 using tegra-xusb
 usb-storage 1-1:1.0: USB Mass Storage device detected
 scsi host0: usb-storage 1-1:1.0
Diff for ./tegra132-norrin/tegra132-norrin/defconfig_log.txt
--- /tmp/fooa	2016-06-01 22:26:20.771979132 -0700
+++ /tmp/foob	2016-06-01 22:26:20.775979133 -0700
@@ -31,7 +31,7 @@
 MSENC clock is set to  79200 KHz
 Vde clock is set to 204000 KHz
 
-Bootloader-Cpu Init at (time stamp): 1800982 us
+Bootloader-Cpu Init at (time stamp): 1801366 us
 
 Pinmux changes applied in kernel way
 
@@ -62,22 +62,22 @@
 Board Id Read Time: 3 us
 Power Rail enable Time: 1 us
 
-Miscellaneous avp time: 1800956  us
-Bootloader (AosInit) time: 734220 us
-Bootloader Main Init time: 180458 us
-BlockDevMgrInit time: 157637 us
-PartMgrInit time: 9 us
-StorMgrInit time: 30 us
+Miscellaneous avp time: 1801340  us
+Bootloader (AosInit) time: 733448 us
+Bootloader Main Init time: 185499 us
+BlockDevMgrInit time: 157632 us
+PartMgrInit time: 8 us
+StorMgrInit time: 31 us
 FsMgrInit time: 2 us
-Partition Table load: 76621 us 
-Display init time: 574707 us
-Kernel read time: 348 msec
-Load Kernel Size:   15147008 Bytes
-Bl Kernel ReadSpeed: 43525000 Bytes/sec
-Pre-Kernel Jump time: 1647531 us
-Clearing 32 Bit State and Warm resetting to 64bit mode: 5754662 us
+Partition Table load: 76995 us 
+Display init time: 574466 us
+Kernel read time: 351 msec
+Load Kernel Size:   15149056 Bytes
+Bl Kernel ReadSpeed: 43159000 Bytes/sec
+Pre-Kernel Jump time: 1647441 us
+Clearing 32 Bit State and Warm resetting to 64bit mode: 5721198 us
 Booting Linux on physical CPU 0x0
-Linux version 4.7.0-rc1-next-20160601+ (pwalmsley@tamien) (gcc version 4.9.2 20140904 (prerelease) (crosstool-NG linaro-1.13.1-4.9-2014.09 - Linaro GCC 4.9-2014.09) ) #1 SMP PREEMPT Tue May 31 20:50:32 PDT 2016
+Linux version 4.7.0-rc1-next-20160602+ (pwalmsley@tamien) (gcc version 4.9.2 20140904 (prerelease) (crosstool-NG linaro-1.13.1-4.9-2014.09 - Linaro GCC 4.9-2014.09) ) #1 SMP PREEMPT Wed Jun 1 22:21:10 PDT 2016
 Boot CPU: AArch64 Processor [4e0f0000]
 Memory limited to 1734MB
 efi: Getting EFI parameters from FDT:
@@ -99,8 +99,8 @@
       .text : 0xffff000008080000 - 0xffff0000087c0000   (  7424 KB)
     .rodata : 0xffff0000087c0000 - 0xffff000008b10000   (  3392 KB)
       .init : 0xffff000008b10000 - 0xffff000008c00000   (   960 KB)
-      .data : 0xffff000008c00000 - 0xffff000008ca1800   (   646 KB)
-       .bss : 0xffff000008ca1800 - 0xffff000008ce2b40   (   261 KB)
+      .data : 0xffff000008c00000 - 0xffff000008ca1a00   (   647 KB)
+       .bss : 0xffff000008ca1a00 - 0xffff000008ce2b40   (   261 KB)
     fixed   : 0xffff7dfffe7fd000 - 0xffff7dfffec00000   (  4108 KB)
     PCI I/O : 0xffff7dfffee00000 - 0xffff7dffffe00000   (    16 MB)
     vmemmap : 0xffff7e0000000000 - 0xffff800000000000   (  2048 GB maximum)
@@ -185,7 +185,7 @@
 kvm [1]: HYP mode not available
 futex hash table entries: 256 (order: 3, 32768 bytes)
 audit: initializing netlink subsys (disabled)
-audit: type=2000 audit(1.075:1): initialized
+audit: type=2000 audit(1.079:1): initialized
 workingset: timestamp_bits=44 max_order=19 bucket_order=0
 squashfs: version 4.0 (2009/01/31) Phillip Lougher
 NFS: Registering the id_resolver key type
@@ -242,9 +242,9 @@
 NET: Registered protocol family 17
 9pnet: Installing 9P2000 support
 Key type dns_resolver registered
+mmc0: new high speed MMC card at address 0001
 registered taskstats version 1
 +VDD_LED: supplied by +VDD_MUX
-mmc0: new high speed MMC card at address 0001
 +5V_USB_HS: supplied by +5V_SYS
 +5V_USB_SS: supplied by +5V_SYS
 +5V_HDMI_CON: supplied by +5V_SYS
Diff for ./tegra20-trimslice/tegra20-trimslice/multi_v7_defconfig_log.txt
--- /tmp/fooa	2016-06-01 22:26:20.779979135 -0700
+++ /tmp/foob	2016-06-01 22:26:20.779979135 -0700
@@ -47,9 +47,9 @@
 	 #################################################################
 	 #################################################################
 	 #######################################
-	 928.7 KiB/s
+	 906.3 KiB/s
 done
-Bytes transferred = 7239664 (6e77f0 hex)
+Bytes transferred = 7241416 (6e7ec8 hex)
 Tegra20 (TrimSlice) # tftpboot 0x02408000 tegra20-trimslice.dtb
 Using RTL8169#0 device
 TFTP from server 192.168.100.1; our IP address is 192.168.100.103
@@ -60,7 +60,7 @@
 done
 Bytes transferred = 21172 (52b4 hex)
 Tegra20 (TrimSlice) # bootz 0x00408000 - 0x02408000
-Kernel image @ 0x408000 [ 0x000000 - 0x6e77f0 ]
+Kernel image @ 0x408000 [ 0x000000 - 0x6e7ec8 ]
 ## Flattened Device Tree blob at 02408000
    Booting using the fdt blob at 0x2408000
    Using Device Tree in place at 02408000, end 024102b3
@@ -68,7 +68,7 @@
 Starting kernel ...
 
 Booting Linux on physical CPU 0x0
-Linux version 4.7.0-rc1-next-20160601-96818-ge98f2ba (pwalmsley@sellafield) (gcc version 4.7.3 20130328 (prerelease) (crosstool-NG linaro-1.13.1-4.7-2013.04-20130415 - Linaro GCC 2013.04) ) #1 SMP Tue May 31 20:48:06 PDT 2016
+Linux version 4.7.0-rc1-next-20160602-97019-gce425f3 (pwalmsley@sellafield) (gcc version 4.7.3 20130328 (prerelease) (crosstool-NG linaro-1.13.1-4.7-2013.04-20130415 - Linaro GCC 2013.04) ) #1 SMP Wed Jun 1 22:18:47 PDT 2016
 CPU: ARMv7 Processor [411fc090] revision 0 (ARMv7), cr=10c5387d
 CPU: PIPT / VIPT nonaliasing data cache, VIPT aliasing instruction cache
 Machine model: Compulab TrimSlice board
@@ -76,7 +76,7 @@
 cma: Reserved 64 MiB at 0x3c000000
 Memory policy: Data cache writealloc
 On node 0 totalpages: 262144
-free_area_init_node: node 0, pgdat c141be00, node_mem_map ef7f8000
+free_area_init_node: node 0, pgdat c141be80, node_mem_map ef7f8000
   DMA zone: 1536 pages used for memmap
   DMA zone: 0 pages reserved
   DMA zone: 196608 pages, LIFO batch:31
@@ -97,9 +97,9 @@
     lowmem  : 0xc0000000 - 0xf0000000   ( 768 MB)
     pkmap   : 0xbfe00000 - 0xc0000000   (   2 MB)
     modules : 0xbf000000 - 0xbfe00000   (  14 MB)
-      .text : 0xc0208000 - 0xc10ad504   (14998 kB)
+      .text : 0xc0208000 - 0xc10ad524   (14998 kB)
       .init : 0xc1100000 - 0xc1300000   (2048 kB)
-      .data : 0xc1300000 - 0xc141de60   (1144 kB)
+      .data : 0xc1300000 - 0xc141dee0   (1144 kB)
        .bss : 0xc141f000 - 0xc1474920   ( 343 kB)
 SLUB: HWalign=64, Order=0-3, MinObjects=0, CPUs=2, Nodes=1
 Hierarchical RCU implementation.
@@ -273,15 +273,15 @@
 ------------[ cut here ]------------
 WARNING: CPU: 1 PID: 1 at drivers/reset/core.c:187 __of_reset_control_get+0x1bc/0x228
 Modules linked in:
-CPU: 1 PID: 1 Comm: swapper/0 Not tainted 4.7.0-rc1-next-20160601-96818-ge98f2ba #1
+CPU: 1 PID: 1 Comm: swapper/0 Not tainted 4.7.0-rc1-next-20160602-97019-gce425f3 #1
 Hardware name: NVIDIA Tegra SoC (Flattened Device Tree)
 [<c030f9d0>] (unwind_backtrace) from [<c030b0c8>] (show_stack+0x10/0x14)
 [<c030b0c8>] (show_stack) from [<c0586548>] (dump_stack+0x84/0xa4)
 [<c0586548>] (dump_stack) from [<c0341b88>] (__warn+0xd4/0x100)
 [<c0341b88>] (__warn) from [<c0341bd4>] (warn_slowpath_null+0x20/0x28)
 [<c0341bd4>] (warn_slowpath_null) from [<c06a0ef0>] (__of_reset_control_get+0x1bc/0x228)
-[<c06a0ef0>] (__of_reset_control_get) from [<c09127b0>] (tegra_ehci_probe+0x2d0/0x51c)
-[<c09127b0>] (tegra_ehci_probe) from [<c077a198>] (platform_drv_probe+0x50/0xb0)
+[<c06a0ef0>] (__of_reset_control_get) from [<c0912950>] (tegra_ehci_probe+0x2d0/0x51c)
+[<c0912950>] (tegra_ehci_probe) from [<c077a198>] (platform_drv_probe+0x50/0xb0)
 [<c077a198>] (platform_drv_probe) from [<c0778afc>] (driver_probe_device+0x1f4/0x2b0)
 [<c0778afc>] (driver_probe_device) from [<c0778c64>] (__driver_attach+0xac/0xb0)
 [<c0778c64>] (__driver_attach) from [<c0777110>] (bus_for_each_dev+0x54/0x88)
@@ -289,9 +289,9 @@
 [<c07780f0>] (bus_add_driver) from [<c0779480>] (driver_register+0x78/0xf4)
 [<c0779480>] (driver_register) from [<c0301e7c>] (do_one_initcall+0x3c/0x16c)
 [<c0301e7c>] (do_one_initcall) from [<c1100d80>] (kernel_init_freeable+0x120/0x1ec)
-[<c1100d80>] (kernel_init_freeable) from [<c0b5bdd0>] (kernel_init+0x8/0x118)
-[<c0b5bdd0>] (kernel_init) from [<c0307fb8>] (ret_from_fork+0x14/0x3c)
----[ end trace b6259084f6e64221 ]---
+[<c1100d80>] (kernel_init_freeable) from [<c0b5c4b8>] (kernel_init+0x8/0x118)
+[<c0b5c4b8>] (kernel_init) from [<c0307fb8>] (ret_from_fork+0x14/0x3c)
+---[ end trace 347bd29de348d382 ]---
 tegra-ehci c5000000.usb: can't get utmi-pads reset from the PHY
 tegra-ehci c5000000.usb: continuing, but please update your DT
 ulpi_phy_power_on: ulpi write failed
@@ -352,8 +352,8 @@
 mmcblk0: mmc0:b368 NCard 3.70 GiB 
 hub 2-0:1.0: 1 port detected
 input: gpio-keys as /devices/soc0/gpio-keys/input/input0
-rtc-em3027 2-0056: hctosys: unable to read the hardware clock
  mmcblk0: p1
+rtc-em3027 2-0056: hctosys: unable to read the hardware clock
 EXT4-fs (mmcblk0p1): mounting ext3 file system using the ext4 subsystem
 mmc1: new high speed SD card at address b368
 mmcblk1: mmc1:b368 NCard 1.83 GiB (ro)
Diff for ./tegra20-trimslice/tegra20-trimslice/tegra_defconfig_log.txt
--- /tmp/fooa	2016-06-01 22:26:20.787979137 -0700
+++ /tmp/foob	2016-06-01 22:26:20.787979137 -0700
@@ -45,9 +45,9 @@
 	 #################################################################
 	 #################################################################
 	 #####################################################
-	 908.2 KiB/s
+	 907.2 KiB/s
 done
-Bytes transferred = 5544160 (5498e0 hex)
+Bytes transferred = 5544816 (549b70 hex)
 Tegra20 (TrimSlice) # tftpboot 0x02408000 tegra20-trimslice.dtb
 Using RTL8169#0 device
 TFTP from server 192.168.100.1; our IP address is 192.168.100.103
@@ -58,7 +58,7 @@
 done
 Bytes transferred = 21172 (52b4 hex)
 Tegra20 (TrimSlice) # bootz 0x00408000 - 0x02408000
-Kernel image @ 0x408000 [ 0x000000 - 0x5498e0 ]
+Kernel image @ 0x408000 [ 0x000000 - 0x549b70 ]
 ## Flattened Device Tree blob at 02408000
    Booting using the fdt blob at 0x2408000
    Using Device Tree in place at 02408000, end 024102b3
@@ -67,7 +67,7 @@
 
 Uncompressing Linux... done, booting the kernel.
 Booting Linux on physical CPU 0x0
-Linux version 4.7.0-rc1-next-20160601-96818-ge98f2ba (pwalmsley@kaivo) (gcc version 4.7.3 20130328 (prerelease) (crosstool-NG linaro-1.13.1-4.7-2013.04-20130415 - Linaro GCC 2013.04) ) #1 SMP PREEMPT Tue May 31 20:48:17 PDT 2016
+Linux version 4.7.0-rc1-next-20160602-97019-gce425f3 (pwalmsley@kaivo) (gcc version 4.7.3 20130328 (prerelease) (crosstool-NG linaro-1.13.1-4.7-2013.04-20130415 - Linaro GCC 2013.04) ) #1 SMP PREEMPT Wed Jun 1 22:18:50 PDT 2016
 CPU: ARMv7 Processor [411fc090] revision 0 (ARMv7), cr=10c5387d
 CPU: PIPT / VIPT nonaliasing data cache, VIPT aliasing instruction cache
 Machine model: Compulab TrimSlice board
@@ -97,7 +97,7 @@
     lowmem  : 0xc0000000 - 0xf0000000   ( 768 MB)
     pkmap   : 0xbfe00000 - 0xc0000000   (   2 MB)
     modules : 0xbf000000 - 0xbfe00000   (  14 MB)
-      .text : 0xc0008000 - 0xc0aff0f0   (11229 kB)
+      .text : 0xc0008000 - 0xc0aff0f8   (11229 kB)
       .init : 0xc0b00000 - 0xc0c00000   (1024 kB)
       .data : 0xc0c00000 - 0xc0c5d980   ( 375 kB)
        .bss : 0xc0c5f000 - 0xc0cbab1c   ( 367 kB)
@@ -265,15 +265,15 @@
 ------------[ cut here ]------------
 WARNING: CPU: 0 PID: 1 at drivers/reset/core.c:187 __of_reset_control_get+0x1b4/0x218
 Modules linked in:
-CPU: 0 PID: 1 Comm: swapper/0 Not tainted 4.7.0-rc1-next-20160601-96818-ge98f2ba #1
+CPU: 0 PID: 1 Comm: swapper/0 Not tainted 4.7.0-rc1-next-20160602-97019-gce425f3 #1
 Hardware name: NVIDIA Tegra SoC (Flattened Device Tree)
 [<c010f1e8>] (unwind_backtrace) from [<c010a864>] (show_stack+0x10/0x14)
 [<c010a864>] (show_stack) from [<c033de14>] (dump_stack+0x84/0xa4)
 [<c033de14>] (dump_stack) from [<c011f320>] (__warn+0xd4/0x100)
 [<c011f320>] (__warn) from [<c011f36c>] (warn_slowpath_null+0x20/0x28)
 [<c011f36c>] (warn_slowpath_null) from [<c03c13b0>] (__of_reset_control_get+0x1b4/0x218)
-[<c03c13b0>] (__of_reset_control_get) from [<c05149a0>] (tegra_ehci_probe+0x2c8/0x514)
-[<c05149a0>] (tegra_ehci_probe) from [<c0441ee8>] (platform_drv_probe+0x50/0xb0)
+[<c03c13b0>] (__of_reset_control_get) from [<c0514b08>] (tegra_ehci_probe+0x2c8/0x514)
+[<c0514b08>] (tegra_ehci_probe) from [<c0441ee8>] (platform_drv_probe+0x50/0xb0)
 [<c0441ee8>] (platform_drv_probe) from [<c0440914>] (driver_probe_device+0x1f4/0x2b0)
 [<c0440914>] (driver_probe_device) from [<c0440a7c>] (__driver_attach+0xac/0xb0)
 [<c0440a7c>] (__driver_attach) from [<c043ef38>] (bus_for_each_dev+0x54/0x88)
@@ -281,9 +281,9 @@
 [<c043ff08>] (bus_add_driver) from [<c0441278>] (driver_register+0x78/0xf4)
 [<c0441278>] (driver_register) from [<c010179c>] (do_one_initcall+0x3c/0x16c)
 [<c010179c>] (do_one_initcall) from [<c0b00d94>] (kernel_init_freeable+0x11c/0x1e8)
-[<c0b00d94>] (kernel_init_freeable) from [<c07f2a38>] (kernel_init+0x8/0x118)
-[<c07f2a38>] (kernel_init) from [<c0107938>] (ret_from_fork+0x14/0x3c)
----[ end trace fb62beda5712d6c2 ]---
+[<c0b00d94>] (kernel_init_freeable) from [<c07f2c44>] (kernel_init+0x8/0x118)
+[<c07f2c44>] (kernel_init) from [<c0107938>] (ret_from_fork+0x14/0x3c)
+---[ end trace a5a6f28ba864418a ]---
 tegra-ehci c5000000.usb: can't get utmi-pads reset from the PHY
 tegra-ehci c5000000.usb: continuing, but please update your DT
 ulpi_phy_power_on: ulpi write failed
Diff for ./tegra210-p2371-0000/tegra210-p2371-0000/defconfig_log.txt
--- /tmp/fooa	2016-06-01 22:26:20.795979139 -0700
+++ /tmp/foob	2016-06-01 22:26:20.795979139 -0700
@@ -64,17 +64,17 @@
 Loading and Validation of Secure OS Successful
 NvTbootPackSdramParams: start. 
 NvTbootPackSdramParams: done. 
-Tegraboot started after 853454 us
-Basic modules init took 349186 us
+Tegraboot started after 746180 us
+Basic modules init took 348516 us
 Sec Bootdevice Read Time = 202 ms, Read Size = 8459 KB
-Next stage binary read took 14372 us
-Carveout took 252752 us
-CPU initialization took 92303 us
-Total time taken by TegraBoot 708613 us
+Next stage binary read took 14368 us
+Carveout took 252736 us
+CPU initialization took 92298 us
+Total time taken by TegraBoot 707918 us
 
 Starting CPU & Halting co-processor 
 
-64b[0001.690] LPDDR4 Training: Number of tables = 10
+64b[0001.585] LPDDR4 Training: Number of tables = 10
 EMC Training (SRC-freq: 204000; DST-freq: 408000)
 EMC Training Successful
 EMC Training (SRC-freq: 204000; DST-freq: 665600)
@@ -108,7 +108,7 @@
 Tegra210 (P2371-0000) # 
 Tegra210 (P2371-0000) # ums 0 mmc 0
 UMS: disk start sector: 0x0, count: 0x1d5a000
-|/-\|/-\/-\|/-\/-\|/-\/-\|/-\/-\|/-\/-\|/-\/-\|/-\/-\|/-\/-\|/-\/-\|/-\/-\|/-\/-\|/-\/-\|/-\/-\|/-\/-\|/-\/-\|/-\/-\|/-\/-\|/-\/-\|/-\/-\|/-\/-\|/-\/-\|/-\/-\|/-\/-\|/-\/-\|/-\/-\|/-\/-\|/-\/-\|/-\/-\|/-\/-\|/-\/-\|/-\/-\|/-\/-\|/-\/-\|/-\/-\|/-\/-\|/-\/-\|/-\/-\|/-\/-CTRL+C - Operation aborted
+|/-\|/-\/-\|/-\/-\|/-\/-\|/-\/-\|/-\/-\|/-\/-\|/-\/-\|/-\/-\|/-\/-\|/-\/-\|/-\/-\|/-\/-\|/-\/-\|/-\/-\|/-\/-\|/-\/-\|/-\/-\|/-\/-\|/-\/-\|/-\/-\|/-\/-\|/-\CTRL+C - Operation aborted
 Tegra210 (P2371-0000) # 
 Tegra210 (P2371-0000) # env set fdt_copy_node_names /cpus:/psci
 Tegra210 (P2371-0000) # setenv rootpart 1
@@ -117,11 +117,11 @@
 Tegra210 (P2371-0000) # part uuid ${devtype} ${devnum}:${rootpart} uuid
 Tegra210 (P2371-0000) # setenv bootargs ignore_loglevel console=ttyS0,115200n8 earlycon=uart8250,mmio32,0x70006000 rw root=PARTUUID=00000000-0001-0000-788f-a75600000000 rootwait debug earlyprintk init=/bin/bash
 Tegra210 (P2371-0000) # load ${devtype} ${devnum}:${rootpart} ${kernel_addr_r} /boot/Image.defconfig
-12720128 bytes read in 753 ms (16.1 MiB/s)
+12720640 bytes read in 750 ms (16.2 MiB/s)
 Tegra210 (P2371-0000) # load ${devtype} ${devnum}:${rootpart} ${fdt_addr_r} /boot/tegra210-p2371-0000.dtb
-37108 bytes read in 454 ms (79.1 KiB/s)
+37108 bytes read in 452 ms (80.1 KiB/s)
 Tegra210 (P2371-0000) # load ${devtype} ${devnum}:${rootpart} ${ramdisk_addr_r} /boot/tegra-ramdisk.img
-1627787 bytes read in 494 ms (3.1 MiB/s)
+1627787 bytes read in 496 ms (3.1 MiB/s)
 Tegra210 (P2371-0000) # ramdisk_size=${filesize}
 Tegra210 (P2371-0000) # booti ${kernel_addr_r} - ${fdt_addr_r}
 ## Flattened Device Tree blob at 82000000
@@ -131,7 +131,7 @@
 Starting kernel ...
 
 Booting Linux on physical CPU 0x0
-Linux version 4.7.0-rc1-next-20160601+ (pwalmsley@tamien) (gcc version 4.9.2 20140904 (prerelease) (crosstool-NG linaro-1.13.1-4.9-2014.09 - Linaro GCC 4.9-2014.09) ) #1 SMP PREEMPT Tue May 31 20:50:32 PDT 2016
+Linux version 4.7.0-rc1-next-20160602+ (pwalmsley@tamien) (gcc version 4.9.2 20140904 (prerelease) (crosstool-NG linaro-1.13.1-4.9-2014.09 - Linaro GCC 4.9-2014.09) ) #1 SMP PREEMPT Wed Jun 1 22:21:10 PDT 2016
 Boot CPU: AArch64 Processor [411fd071]
 debug: ignoring loglevel setting.
 earlycon: uart8250 at MMIO32 0x0000000070006000 (options '')
@@ -173,8 +173,8 @@
       .text : 0xffff000008080000 - 0xffff0000087c0000   (  7424 KB)
     .rodata : 0xffff0000087c0000 - 0xffff000008b10000   (  3392 KB)
       .init : 0xffff000008b10000 - 0xffff000008c00000   (   960 KB)
-      .data : 0xffff000008c00000 - 0xffff000008ca1800   (   646 KB)
-       .bss : 0xffff000008ca1800 - 0xffff000008ce2b40   (   261 KB)
+      .data : 0xffff000008c00000 - 0xffff000008ca1a00   (   647 KB)
+       .bss : 0xffff000008ca1a00 - 0xffff000008ce2b40   (   261 KB)
     fixed   : 0xffff7dfffe7fd000 - 0xffff7dfffec00000   (  4108 KB)
     PCI I/O : 0xffff7dfffee00000 - 0xffff7dffffe00000   (    16 MB)
     vmemmap : 0xffff7e0000000000 - 0xffff800000000000   (  2048 GB maximum)
Diff for ./tegra210-smaug/tegra210-smaug/defconfig_log.txt
--- /tmp/fooa	2016-06-01 22:26:20.799979140 -0700
+++ /tmp/foob	2016-06-01 22:26:20.803979142 -0700
@@ -1,4 +1,4 @@
-11fd071]
+rch64 Processor [411fd071]
 earlycon: uart0 at MMIO 0x0000000070006000 (options '115200n8')
 bootconsole [uart0] enabled
 efi: Getting EFI parameters from FDT:
@@ -30,8 +30,8 @@
       .text : 0xffff000008080000 - 0xffff0000087c0000   (  7424 KB)
     .rodata : 0xffff0000087c0000 - 0xffff000008b10000   (  3392 KB)
       .init : 0xffff000008b10000 - 0xffff000008c00000   (   960 KB)
-      .data : 0xffff000008c00000 - 0xffff000008ca1800   (   646 KB)
-       .bss : 0xffff000008ca1800 - 0xffff000008ce2b40   (   261 KB)
+      .data : 0xffff000008c00000 - 0xffff000008ca1a00   (   647 KB)
+       .bss : 0xffff000008ca1a00 - 0xffff000008ce2b40   (   261 KB)
     fixed   : 0xffff7dfffe7fd000 - 0xffff7dfffec00000   (  4108 KB)
     PCI I/O : 0xffff7dfffee00000 - 0xffff7dffffe00000   (    16 MB)
     vmemmap : 0xffff7e0000000000 - 0xffff800000000000   (  2048 GB maximum)
@@ -60,7 +60,7 @@
  (comparison mask = 0xf8000000)
 boot misc2 0x0: expected 0xf400f0da
  (comparison mask = 0xffffffff)
-boot misc3 0x3d60: expected 0x2004f400
+boot misc3 0x3f58: expected 0x2004f400
  (comparison mask = 0xffffffff)
 PLL_P already enabled. Postponing set full defaults
 PLL_X already enabled. Postponing set full defaults
@@ -73,7 +73,7 @@
 console [tty0] enabled
 bootconsole [uart0] disabled
 Booting Linux on physical CPU 0x0
-Linux version 4.7.0-rc1-next-20160601+ (pwalmsley@tamien) (gcc version 4.9.2 20140904 (prerelease) (crosstool-NG linaro-1.13.1-4.9-2014.09 - Linaro GCC 4.9-2014.09) ) #1 SMP PREEMPT Tue May 31 20:50:32 PDT 2016
+Linux version 4.7.0-rc1-next-20160602+ (pwalmsley@tamien) (gcc version 4.9.2 20140904 (prerelease) (crosstool-NG linaro-1.13.1-4.9-2014.09 - Linaro GCC 4.9-2014.09) ) #1 SMP PREEMPT Wed Jun 1 22:21:10 PDT 2016
 Boot CPU: AArch64 Processor [411fd071]
 earlycon: uart0 at MMIO 0x0000000070006000 (options '115200n8')
 bootconsole [uart0] enabled
@@ -106,8 +106,8 @@
       .text : 0xffff000008080000 - 0xffff0000087c0000   (  7424 KB)
     .rodata : 0xffff0000087c0000 - 0xffff000008b10000   (  3392 KB)
       .init : 0xffff000008b10000 - 0xffff000008c00000   (   960 KB)
-      .data : 0xffff000008c00000 - 0xffff000008ca1800   (   646 KB)
-       .bss : 0xffff000008ca1800 - 0xffff000008ce2b40   (   261 KB)
+      .data : 0xffff000008c00000 - 0xffff000008ca1a00   (   647 KB)
+       .bss : 0xffff000008ca1a00 - 0xffff000008ce2b40   (   261 KB)
     fixed   : 0xffff7dfffe7fd000 - 0xffff7dfffec00000   (  4108 KB)
     PCI I/O : 0xffff7dfffee00000 - 0xffff7dffffe00000   (    16 MB)
     vmemmap : 0xffff7e0000000000 - 0xffff800000000000   (  2048 GB maximum)
@@ -136,7 +136,7 @@
  (comparison mask = 0xf8000000)
 boot misc2 0x0: expected 0xf400f0da
  (comparison mask = 0xffffffff)
-boot misc3 0x3d60: expected 0x2004f400
+boot misc3 0x3f58: expected 0x2004f400
  (comparison mask = 0xffffffff)
 PLL_P already enabled. Postponing set full defaults
 PLL_X already enabled. Postponing set full defaults
@@ -214,7 +214,7 @@
 kvm [1]: virtual timer IRQ4
 futex hash table entries: 1024 (order: 5, 131072 bytes)
 audit: initializing netlink subsys (disabled)
-audit: type=2000 audit(0.223:1): initialized
+audit: type=2000 audit(0.219:1): initialized
 workingset: timestamp_bits=44 max_order=20 bucket_order=0
 squashfs: version 4.0 (2009/01/31) Phillip Lougher
 NFS: Registering the id_resolver key type
Diff for ./tegra30-beaver/tegra30-beaver/multi_v7_defconfig_log.txt
--- /tmp/fooa	2016-06-01 22:26:20.807979144 -0700
+++ /tmp/foob	2016-06-01 22:26:20.811979145 -0700
@@ -39,20 +39,20 @@
 	 #################################################################
 	 #################################################################
 	 #######################################
-	 3.1 MiB/s
+	 3.3 MiB/s
 done
-Bytes transferred = 7239664 (6e77f0 hex)
+Bytes transferred = 7241416 (6e7ec8 hex)
 Tegra30 (Beaver) # tftpboot 0x82000000 tegra30-beaver.dtb
 Using asx0 device
 TFTP from server 192.168.100.1; our IP address is 192.168.100.101
 Filename 'tegra30-beaver.dtb'.
 Load address: 0x82000000
 Loading: *####
-	 3.1 MiB/s
+	 3.3 MiB/s
 done
 Bytes transferred = 51627 (c9ab hex)
 Tegra30 (Beaver) # bootz 0x81000000 - 0x82000000
-Kernel image @ 0x81000000 [ 0x000000 - 0x6e77f0 ]
+Kernel image @ 0x81000000 [ 0x000000 - 0x6e7ec8 ]
 ## Flattened Device Tree blob at 82000000
    Booting using the fdt blob at 0x82000000
    Loading Device Tree to 8fff0000, end 8ffff9aa ... OK
@@ -60,7 +60,7 @@
 Starting kernel ...
 
 Booting Linux on physical CPU 0x0
-Linux version 4.7.0-rc1-next-20160601-96818-ge98f2ba (pwalmsley@sellafield) (gcc version 4.7.3 20130328 (prerelease) (crosstool-NG linaro-1.13.1-4.7-2013.04-20130415 - Linaro GCC 2013.04) ) #1 SMP Tue May 31 20:48:06 PDT 2016
+Linux version 4.7.0-rc1-next-20160602-97019-gce425f3 (pwalmsley@sellafield) (gcc version 4.7.3 20130328 (prerelease) (crosstool-NG linaro-1.13.1-4.7-2013.04-20130415 - Linaro GCC 2013.04) ) #1 SMP Wed Jun 1 22:18:47 PDT 2016
 CPU: ARMv7 Processor [412fc099] revision 9 (ARMv7), cr=10c5387d
 CPU: PIPT / VIPT nonaliasing data cache, VIPT aliasing instruction cache
 Machine model: NVIDIA Tegra30 Beaver evaluation board
@@ -68,7 +68,7 @@
 cma: Reserved 64 MiB at 0xfb800000
 Memory policy: Data cache writealloc
 On node 0 totalpages: 524032
-free_area_init_node: node 0, pgdat c141be00, node_mem_map eeff8000
+free_area_init_node: node 0, pgdat c141be80, node_mem_map eeff8000
   DMA zone: 1536 pages used for memmap
   DMA zone: 0 pages reserved
   DMA zone: 196608 pages, LIFO batch:31
@@ -89,9 +89,9 @@
     lowmem  : 0xc0000000 - 0xf0000000   ( 768 MB)
     pkmap   : 0xbfe00000 - 0xc0000000   (   2 MB)
     modules : 0xbf000000 - 0xbfe00000   (  14 MB)
-      .text : 0xc0208000 - 0xc10ad504   (14998 kB)
+      .text : 0xc0208000 - 0xc10ad524   (14998 kB)
       .init : 0xc1100000 - 0xc1300000   (2048 kB)
-      .data : 0xc1300000 - 0xc141de60   (1144 kB)
+      .data : 0xc1300000 - 0xc141dee0   (1144 kB)
        .bss : 0xc141f000 - 0xc1474920   ( 343 kB)
 SLUB: HWalign=64, Order=0-3, MinObjects=0, CPUs=4, Nodes=1
 Hierarchical RCU implementation.
@@ -241,15 +241,15 @@
 ------------[ cut here ]------------
 WARNING: CPU: 1 PID: 1 at drivers/reset/core.c:187 __of_reset_control_get+0x1bc/0x228
 Modules linked in:
-CPU: 1 PID: 1 Comm: swapper/0 Not tainted 4.7.0-rc1-next-20160601-96818-ge98f2ba #1
+CPU: 1 PID: 1 Comm: swapper/0 Not tainted 4.7.0-rc1-next-20160602-97019-gce425f3 #1
 Hardware name: NVIDIA Tegra SoC (Flattened Device Tree)
 [<c030f9d0>] (unwind_backtrace) from [<c030b0c8>] (show_stack+0x10/0x14)
 [<c030b0c8>] (show_stack) from [<c0586548>] (dump_stack+0x84/0xa4)
 [<c0586548>] (dump_stack) from [<c0341b88>] (__warn+0xd4/0x100)
 [<c0341b88>] (__warn) from [<c0341bd4>] (warn_slowpath_null+0x20/0x28)
 [<c0341bd4>] (warn_slowpath_null) from [<c06a0ef0>] (__of_reset_control_get+0x1bc/0x228)
-[<c06a0ef0>] (__of_reset_control_get) from [<c09127b0>] (tegra_ehci_probe+0x2d0/0x51c)
-[<c09127b0>] (tegra_ehci_probe) from [<c077a198>] (platform_drv_probe+0x50/0xb0)
+[<c06a0ef0>] (__of_reset_control_get) from [<c0912950>] (tegra_ehci_probe+0x2d0/0x51c)
+[<c0912950>] (tegra_ehci_probe) from [<c077a198>] (platform_drv_probe+0x50/0xb0)
 [<c077a198>] (platform_drv_probe) from [<c0778afc>] (driver_probe_device+0x1f4/0x2b0)
 [<c0778afc>] (driver_probe_device) from [<c0778c64>] (__driver_attach+0xac/0xb0)
 [<c0778c64>] (__driver_attach) from [<c0777110>] (bus_for_each_dev+0x54/0x88)
@@ -257,9 +257,9 @@
 [<c07780f0>] (bus_add_driver) from [<c0779480>] (driver_register+0x78/0xf4)
 [<c0779480>] (driver_register) from [<c0301e7c>] (do_one_initcall+0x3c/0x16c)
 [<c0301e7c>] (do_one_initcall) from [<c1100d80>] (kernel_init_freeable+0x120/0x1ec)
-[<c1100d80>] (kernel_init_freeable) from [<c0b5bdd0>] (kernel_init+0x8/0x118)
-[<c0b5bdd0>] (kernel_init) from [<c0307fb8>] (ret_from_fork+0x14/0x3c)
----[ end trace ce6dc177d4ee6c28 ]---
+[<c1100d80>] (kernel_init_freeable) from [<c0b5c4b8>] (kernel_init+0x8/0x118)
+[<c0b5c4b8>] (kernel_init) from [<c0307fb8>] (ret_from_fork+0x14/0x3c)
+---[ end trace df3f5c47448298b7 ]---
 tegra-ehci 7d004000.usb: can't get utmi-pads reset from the PHY
 tegra-ehci 7d004000.usb: continuing, but please update your DT
 ohci_hcd: USB 1.1 'Open' Host Controller (OHCI) Driver
@@ -309,9 +309,9 @@
 tegra-pcie 3000.pcie-controller: 2x3 configuration
 tegra-pcie 3000.pcie-controller: probing port 0, using 2 lanes
 mmc0: error -110 whilst initialising SD card
-tegra-pcie 3000.pcie-controller: probing port 2, using 2 lanes
 mmc1: new high speed MMC card at address 0001
 mmcblk1: mmc1:0001 SEM16G 14.8 GiB 
+tegra-pcie 3000.pcie-controller: probing port 2, using 2 lanes
 mmcblk1boot0: mmc1:0001 SEM16G partition 1 1.00 MiB
 mmcblk1boot1: mmc1:0001 SEM16G partition 2 1.00 MiB
 mmcblk1rpmb: mmc1:0001 SEM16G partition 3 128 KiB
@@ -387,4 +387,5 @@
 Freeing unused kernel memory: 2048K (c1100000 - c1300000)
 bash: cannot set terminal process group (-1): Inappropriate ioctl for device
 bash: no job control in this shell
-root@(none):/# [    3.968926] usb 2-1: new high-speed USB device number 2 using tegra-ehci
+usb 2-1: new high-speed USB device number 2 using tegra-ehci
+root@(none):/# 
\ No newline at end of file
Diff for ./tegra30-beaver/tegra30-beaver/tegra_defconfig_log.txt
--- /tmp/fooa	2016-06-01 22:26:20.815979146 -0700
+++ /tmp/foob	2016-06-01 22:26:20.819979147 -0700
@@ -37,20 +37,20 @@
 	 #################################################################
 	 #################################################################
 	 #####################################################
-	 3.1 MiB/s
+	 3.2 MiB/s
 done
-Bytes transferred = 5544160 (5498e0 hex)
+Bytes transferred = 5544816 (549b70 hex)
 Tegra30 (Beaver) # tftpboot 0x82000000 tegra30-beaver.dtb
 Using asx0 device
 TFTP from server 192.168.100.1; our IP address is 192.168.100.101
 Filename 'tegra30-beaver.dtb'.
 Load address: 0x82000000
 Loading: *####
-	 3.3 MiB/s
+	 3.5 MiB/s
 done
 Bytes transferred = 51627 (c9ab hex)
 Tegra30 (Beaver) # bootz 0x81000000 - 0x82000000
-Kernel image @ 0x81000000 [ 0x000000 - 0x5498e0 ]
+Kernel image @ 0x81000000 [ 0x000000 - 0x549b70 ]
 ## Flattened Device Tree blob at 82000000
    Booting using the fdt blob at 0x82000000
    Loading Device Tree to 8fff0000, end 8ffff9aa ... OK
@@ -59,7 +59,7 @@
 
 Uncompressing Linux... done, booting the kernel.
 Booting Linux on physical CPU 0x0
-Linux version 4.7.0-rc1-next-20160601-96818-ge98f2ba (pwalmsley@kaivo) (gcc version 4.7.3 20130328 (prerelease) (crosstool-NG linaro-1.13.1-4.7-2013.04-20130415 - Linaro GCC 2013.04) ) #1 SMP PREEMPT Tue May 31 20:48:17 PDT 2016
+Linux version 4.7.0-rc1-next-20160602-97019-gce425f3 (pwalmsley@kaivo) (gcc version 4.7.3 20130328 (prerelease) (crosstool-NG linaro-1.13.1-4.7-2013.04-20130415 - Linaro GCC 2013.04) ) #1 SMP PREEMPT Wed Jun 1 22:18:50 PDT 2016
 CPU: ARMv7 Processor [412fc099] revision 9 (ARMv7), cr=10c5387d
 CPU: PIPT / VIPT nonaliasing data cache, VIPT aliasing instruction cache
 Machine model: NVIDIA Tegra30 Beaver evaluation board
@@ -89,7 +89,7 @@
     lowmem  : 0xc0000000 - 0xf0000000   ( 768 MB)
     pkmap   : 0xbfe00000 - 0xc0000000   (   2 MB)
     modules : 0xbf000000 - 0xbfe00000   (  14 MB)
-      .text : 0xc0008000 - 0xc0aff0f0   (11229 kB)
+      .text : 0xc0008000 - 0xc0aff0f8   (11229 kB)
       .init : 0xc0b00000 - 0xc0c00000   (1024 kB)
       .data : 0xc0c00000 - 0xc0c5d980   ( 375 kB)
        .bss : 0xc0c5f000 - 0xc0cbab1c   ( 367 kB)
@@ -231,15 +231,15 @@
 ------------[ cut here ]------------
 WARNING: CPU: 0 PID: 1 at drivers/reset/core.c:187 __of_reset_control_get+0x1b4/0x218
 Modules linked in:
-CPU: 0 PID: 1 Comm: swapper/0 Not tainted 4.7.0-rc1-next-20160601-96818-ge98f2ba #1
+CPU: 0 PID: 1 Comm: swapper/0 Not tainted 4.7.0-rc1-next-20160602-97019-gce425f3 #1
 Hardware name: NVIDIA Tegra SoC (Flattened Device Tree)
 [<c010f1e8>] (unwind_backtrace) from [<c010a864>] (show_stack+0x10/0x14)
 [<c010a864>] (show_stack) from [<c033de14>] (dump_stack+0x84/0xa4)
 [<c033de14>] (dump_stack) from [<c011f320>] (__warn+0xd4/0x100)
 [<c011f320>] (__warn) from [<c011f36c>] (warn_slowpath_null+0x20/0x28)
 [<c011f36c>] (warn_slowpath_null) from [<c03c13b0>] (__of_reset_control_get+0x1b4/0x218)
-[<c03c13b0>] (__of_reset_control_get) from [<c05149a0>] (tegra_ehci_probe+0x2c8/0x514)
-[<c05149a0>] (tegra_ehci_probe) from [<c0441ee8>] (platform_drv_probe+0x50/0xb0)
+[<c03c13b0>] (__of_reset_control_get) from [<c0514b08>] (tegra_ehci_probe+0x2c8/0x514)
+[<c0514b08>] (tegra_ehci_probe) from [<c0441ee8>] (platform_drv_probe+0x50/0xb0)
 [<c0441ee8>] (platform_drv_probe) from [<c0440914>] (driver_probe_device+0x1f4/0x2b0)
 [<c0440914>] (driver_probe_device) from [<c0440a7c>] (__driver_attach+0xac/0xb0)
 [<c0440a7c>] (__driver_attach) from [<c043ef38>] (bus_for_each_dev+0x54/0x88)
@@ -247,9 +247,9 @@
 [<c043ff08>] (bus_add_driver) from [<c0441278>] (driver_register+0x78/0xf4)
 [<c0441278>] (driver_register) from [<c010179c>] (do_one_initcall+0x3c/0x16c)
 [<c010179c>] (do_one_initcall) from [<c0b00d94>] (kernel_init_freeable+0x11c/0x1e8)
-[<c0b00d94>] (kernel_init_freeable) from [<c07f2a38>] (kernel_init+0x8/0x118)
-[<c07f2a38>] (kernel_init) from [<c0107938>] (ret_from_fork+0x14/0x3c)
----[ end trace d907d79432b7c32a ]---
+[<c0b00d94>] (kernel_init_freeable) from [<c07f2c44>] (kernel_init+0x8/0x118)
+[<c07f2c44>] (kernel_init) from [<c0107938>] (ret_from_fork+0x14/0x3c)
+---[ end trace f164f2019cbfb44b ]---
 tegra-ehci 7d004000.usb: can't get utmi-pads reset from the PHY
 tegra-ehci 7d004000.usb: continuing, but please update your DT
 usbcore: registered new interface driver cdc_acm
@@ -281,9 +281,9 @@
 mmcblk1boot0: mmc1:0001 SEM16G partition 1 1.00 MiB
 mmcblk1boot1: mmc1:0001 SEM16G partition 2 1.00 MiB
 mmcblk1rpmb: mmc1:0001 SEM16G partition 3 128 KiB
+mmc0: error -110 whilst initialising SD card
 Primary GPT is invalid, using alternate GPT.
  mmcblk1: p1 p2 p3 p4 p5
-mmc0: error -110 whilst initialising SD card
 tegra30-i2s 70080400.i2s: DMA channels sourced from device 70080000.ahub
 tegra-snd-rt5640 sound: rt5640-aif1 <-> 70080400.i2s mapping ok
 input: NVIDIA Tegra Beaver Headphones as /devices/soc0/sound/sound/card0/input0
