

U-Boot 2015.04-00466-gedec83e90172 (Mar 14 2016 - 10:42:01)

TEGRA124
Model: Acer Chromebook 13 CB5-311
DRAM:  4 GiB
:   Tegra SD/MMC: 0, Tegra SD/MMC: 1, Tegra SD/MMC: 2
MMC init failed
Using default environment

In:    serial
Out:   serial
Err:   serial
Net:   Net Initialization Skipped
No ethernet found.
Hit any key to stop autoboot:  2  0 
Tegra124 (Nyan-big) # 
Tegra124 (Nyan-big) # usb start
starting USB...
USB0:   USB EHCI 1.10
scanning bus 0 for devices... 2 USB Device(s) found
USB1:   USB EHCI 1.10
scanning bus 1 for devices... 2 USB Device(s) found
       scanning usb for storage devices... 1 Storage Device(s) found
       scanning usb for ethernet devices... 
Warning: asx0 using MAC address from net device
1 Ethernet Device(s) found
Tegra124 (Nyan-big) # mw 0x7000e4a0 0x00080000
Tegra124 (Nyan-big) # setenv bootargs 'ignore_loglevel console=ttyS0,115200n8 rw root=PARTUUID=4d36e82a-b3c0-4b4b-bfcd-afe5217ac023 rootwait gpt debug noinitrd earlyprintk init=/bin/bash'
Tegra124 (Nyan-big) # setenv ipaddr 192.168.100.102; setenv serverip 192.168.100.1; setenv tftpserverip 192.168.100.1
Tegra124 (Nyan-big) # tftpboot 0x82000000 zImage.multi_v7_defconfig
Using asx0 device
TFTP from server 192.168.100.1; our IP address is 192.168.100.102
Filename 'zImage.multi_v7_defconfig'.
Load address: 0x82000000
Loading: *#################################################################
	 #################################################################
	 #################################################################
	 #################################################################
	 #################################################################
	 #################################################################
	 #################################################################
	 #################################################################
	 ###########################
	 3 MiB/s
done
Bytes transferred = 8016488 (7a5268 hex)
Tegra124 (Nyan-big) # tftpboot 0x83000000 tegra124-nyan-big.dtb
Using asx0 device
TFTP from server 192.168.100.1; our IP address is 192.168.100.102
Filename 'tegra124-nyan-big.dtb'.
Load address: 0x83000000
Loading: *#####
	 2.8 MiB/s
done
Bytes transferred = 68183 (10a57 hex)
Tegra124 (Nyan-big) # bootz 0x82000000 - 0x83000000
Kernel image @ 0x82000000 [ 0x000000 - 0x7a5268 ]
## Flattened Device Tree blob at 83000000
   Booting using the fdt blob at 0x83000000
   Using Device Tree in place at 83000000, end 83013a56

Starting kernel ...

[    0.000000] Booting Linux on physical CPU 0x0
[    0.000000] Linux version 4.12.0-next-20170704-184482-g84fae2c (jonathanh@kaivo) (gcc version 4.7.3 20130328 (prerelease) (crosstool-NG linaro-1.13.1-4.7-2013.04-20130415 - Linaro GCC 2013.04)) #1 SMP Tue Jul 4 08:37:39 PDT 2017
[    0.000000] CPU: ARMv7 Processor [413fc0f3] revision 3 (ARMv7), cr=10c5387d
[    0.000000] CPU: div instructions available: patching division code
[    0.000000] CPU: PIPT / VIPT nonaliasing data cache, PIPT instruction cache
[    0.000000] OF: fdt: Machine model: Acer Chromebook 13 CB5-311
[    0.000000] OF: fdt: Ignoring memory range 0x100000000 - 0x17ffff000
[    0.000000] debug: ignoring loglevel setting.
[    0.000000] Memory policy: Data cache writealloc
[    0.000000] efi: Getting EFI parameters from FDT:
[    0.000000] efi: UEFI not found.
[    0.000000] cma: Reserved 64 MiB at 0xfb800000
[    0.000000] On node 0 totalpages: 524287
[    0.000000] free_area_init_node: node 0, pgdat c157dd00, node_mem_map eeff8000
[    0.000000]   DMA zone: 1536 pages used for memmap
[    0.000000]   DMA zone: 0 pages reserved
[    0.000000]   DMA zone: 196608 pages, LIFO batch:31
[    0.000000]   HighMem zone: 327679 pages, LIFO batch:31
[    0.000000] percpu: Embedded 17 pages/cpu @eef81000 s39488 r8192 d21952 u69632
[    0.000000] pcpu-alloc: s39488 r8192 d21952 u69632 alloc=17*4096
[    0.000000] pcpu-alloc: [0] 0 [0] 1 [0] 2 [0] 3 
[    0.000000] Built 1 zonelists in Zone order, mobility grouping on.  Total pages: 522751
[    0.000000] Kernel command line: ignore_loglevel console=ttyS0,115200n8 rw root=PARTUUID=4d36e82a-b3c0-4b4b-bfcd-afe5217ac023 rootwait gpt debug noinitrd earlyprintk init=/bin/bash
[    0.000000] PID hash table entries: 4096 (order: 2, 16384 bytes)
[    0.000000] Dentry cache hash table entries: 131072 (order: 7, 524288 bytes)
[    0.000000] Inode-cache hash table entries: 65536 (order: 6, 262144 bytes)
[    0.000000] Memory: 1994452K/2097148K available (10240K kernel code, 1558K rwdata, 4452K rodata, 2048K init, 402K bss, 37160K reserved, 65536K cma-reserved, 1245180K highmem)
[    0.000000] Virtual kernel memory layout:
[    0.000000]     vector  : 0xffff0000 - 0xffff1000   (   4 kB)
[    0.000000]     fixmap  : 0xffc00000 - 0xfff00000   (3072 kB)
[    0.000000]     vmalloc : 0xf0800000 - 0xff800000   ( 240 MB)
[    0.000000]     lowmem  : 0xc0000000 - 0xf0000000   ( 768 MB)
[    0.000000]     pkmap   : 0xbfe00000 - 0xc0000000   (   2 MB)
[    0.000000]     modules : 0xbf000000 - 0xbfe00000   (  14 MB)
[    0.000000]       .text : 0xc0208000 - 0xc0d00000   (11232 kB)
[    0.000000]       .init : 0xc1200000 - 0xc1400000   (2048 kB)
[    0.000000]       .data : 0xc1400000 - 0xc1585ab0   (1559 kB)
[    0.000000]        .bss : 0xc158ecc8 - 0xc15f383c   ( 403 kB)
[    0.000000] SLUB: HWalign=64, Order=0-3, MinObjects=0, CPUs=4, Nodes=1
[    0.000000] Hierarchical RCU implementation.
[    0.000000] 	RCU event tracing is enabled.
[    0.000000] 	RCU restricting CPUs from NR_CPUS=16 to nr_cpu_ids=4.
[    0.000000] RCU: Adjusting geometry for rcu_fanout_leaf=16, nr_cpu_ids=4
[    0.000000] NR_IRQS: 16, nr_irqs: 16, preallocated irqs: 16
[    0.000000] /interrupt-controller@60004000: 160 interrupts forwarded to /interrupt-controller@50041000
[    0.000000] Tegra clk 127: register failed with -17
[    0.000004] sched_clock: 32 bits at 1000kHz, resolution 1000ns, wraps every 2147483647500ns
[    0.000012] clocksource: timer_us: mask: 0xffffffff max_cycles: 0xffffffff, max_idle_ns: 1911260446275 ns
[    0.000018] Switching to timer-based delay loop, resolution 1000ns
[    0.001750] arch_timer: cp15 timer(s) running at 12.00MHz (virt).
[    0.001757] clocksource: arch_sys_counter: mask: 0xffffffffffffff max_cycles: 0x2c47f4ee7, max_idle_ns: 440795202497 ns
[    0.001764] sched_clock: 56 bits at 12MHz, resolution 83ns, wraps every 4398046511096ns
[    0.001769] Switching to timer-based delay loop, resolution 83ns
[    0.001982] Console: colour dummy device 80x30
[    0.001995] Calibrating delay loop (skipped), value calculated using timer frequency.. 24.00 BogoMIPS (lpj=120000)
[    0.002002] pid_max: default: 32768 minimum: 301
[    0.002038] Mount-cache hash table entries: 2048 (order: 1, 8192 bytes)
[    0.002044] Mountpoint-cache hash table entries: 2048 (order: 1, 8192 bytes)
[    0.002234] CPU: Testing write buffer coherency: ok
[    0.002355] /cpus/cpu@0 missing clock-frequency property
[    0.002371] /cpus/cpu@1 missing clock-frequency property
[    0.002386] /cpus/cpu@2 missing clock-frequency property
[    0.002402] /cpus/cpu@3 missing clock-frequency property
[    0.002407] CPU0: thread -1, cpu 0, socket 0, mpidr 80000000
[    0.002522] Setting up static identity map for 0x80300000 - 0x803000a0
[    0.003232] Hierarchical SRCU implementation.
[    0.003912] Tegra Revision: A01 SKU: 131 CPU Process: 1 SoC Process: 1
[    0.004182] EFI services will not be available.
[    0.004240] smp: Bringing up secondary CPUs ...
[    0.004464] CPU1: thread -1, cpu 1, socket 0, mpidr 80000001
[    0.011925] CPU2: thread -1, cpu 2, socket 0, mpidr 80000002
[    0.021944] CPU3: thread -1, cpu 3, socket 0, mpidr 80000003
[    0.031723] smp: Brought up 1 node, 4 CPUs
[    0.031731] SMP: Total of 4 processors activated (96.00 BogoMIPS).
[    0.031734] CPU: All CPU(s) started in SVC mode.
[    0.032285] devtmpfs: initialized
[    0.038153] VFP support v0.3: implementor 41 architecture 4 part 30 variant f rev 0
[    0.038345] clocksource: jiffies: mask: 0xffffffff max_cycles: 0xffffffff, max_idle_ns: 19112604462750000 ns
[    0.038354] futex hash table entries: 1024 (order: 4, 65536 bytes)
[    0.038922] pinctrl core: initialized pinctrl subsystem
[    0.039581] DMI not present or invalid.
[    0.039662] random: get_random_u32 called from bucket_table_alloc+0xe8/0x254 with crng_init=0
[    0.039697] NET: Registered protocol family 16
[    0.040447] DMA: preallocated 256 KiB pool for atomic coherent allocations
[    0.041406] cpuidle: using governor menu
[    0.050570] No ATAGs?
[    0.050625] hw-breakpoint: found 5 (+1 reserved) breakpoint and 4 watchpoint registers.
[    0.050631] hw-breakpoint: maximum watchpoint size is 8 bytes.
[    0.053472] Serial: AMBA PL011 UART driver
[    0.053836] tegra-mc 70019000.memory-controller: no memory timings for RAM code 0 registered
[    0.059394] AT91: Could not find identification node
[    0.059606] +5V_SYS: supplied by +VDD_MUX
[    0.059707] +3.3V_SYS: supplied by +VDD_MUX
[    0.059929] +VDD_LED: Failed to request enable GPIO122: -517
[    0.059935] reg-fixed-voltage regulators:regulator@5: Failed to register regulator: -517
[    0.059970] +5V_VDD_TS_SW: Failed to request enable GPIO81: -517
[    0.059975] reg-fixed-voltage regulators:regulator@6: Failed to register regulator: -517
[    0.060010] +5V_USB_HS: Failed to request enable GPIO108: -517
[    0.060014] reg-fixed-voltage regulators:regulator@7: Failed to register regulator: -517
[    0.060047] +5V_USB_SS: Failed to request enable GPIO109: -517
[    0.060052] reg-fixed-voltage regulators:regulator@8: Failed to register regulator: -517
[    0.060144] +1.05V_RUN_AVDD_HDMI_PLL: Failed to request enable GPIO63: -517
[    0.060149] reg-fixed-voltage regulators:regulator@11: Failed to register regulator: -517
[    0.060182] +5V_HDMI_CON: Failed to request enable GPIO86: -517
[    0.060186] reg-fixed-voltage regulators:regulator@12: Failed to register regulator: -517
[    0.061204] vgaarb: loaded
[    0.061490] SCSI subsystem initialized
[    0.061560] libata version 3.00 loaded.
[    0.061648] usbcore: registered new interface driver usbfs
[    0.061671] usbcore: registered new interface driver hub
[    0.061692] usbcore: registered new device driver usb
[    0.063026] pps_core: LinuxPPS API ver. 1 registered
[    0.063030] pps_core: Software ver. 5.3.6 - Copyright 2005-2007 Rodolfo Giometti <giometti@linux.it>
[    0.063038] PTP clock support registered
[    0.063102] EDAC MC: Ver: 3.0.0
[    0.063233] dmi: Firmware registration failed.
[    0.063535] tegra-emc 7001b000.emc: no memory timings for RAM code 0 found in DT
[    0.063545] tegra-emc: probe of 7001b000.emc failed with error -2
[    0.063984] clocksource: Switched to clocksource arch_sys_counter
[    0.083926] NET: Registered protocol family 2
[    0.084141] TCP established hash table entries: 8192 (order: 3, 32768 bytes)
[    0.084175] TCP bind hash table entries: 8192 (order: 4, 65536 bytes)
[    0.084238] TCP: Hash tables configured (established 8192 bind 8192)
[    0.084271] UDP hash table entries: 512 (order: 2, 16384 bytes)
[    0.084286] UDP-Lite hash table entries: 512 (order: 2, 16384 bytes)
[    0.084341] NET: Registered protocol family 1
[    0.084503] RPC: Registered named UNIX socket transport module.
[    0.084507] RPC: Registered udp transport module.
[    0.084511] RPC: Registered tcp transport module.
[    0.084514] RPC: Registered tcp NFSv4.1 backchannel transport module.
[    0.084519] PCI: CLS 0 bytes, default 64
[    0.085077] hw perfevents: enabled with armv7_cortex_a15 PMU driver, 7 counters available
[    0.085764] workingset: timestamp_bits=30 max_order=19 bucket_order=0
[    0.088646] squashfs: version 4.0 (2009/01/31) Phillip Lougher
[    0.088912] NFS: Registering the id_resolver key type
[    0.088926] Key type id_resolver registered
[    0.088929] Key type id_legacy registered
[    0.088948] ntfs: driver 2.1.32 [Flags: R/O].
[    0.089207] random: fast init done
[    0.089544] bounce: pool size: 64 pages
[    0.089564] Block layer SCSI generic (bsg) driver version 0.4 loaded (major 248)
[    0.089568] io scheduler noop registered
[    0.089572] io scheduler deadline registered
[    0.089629] io scheduler cfq registered (default)
[    0.089633] io scheduler mq-deadline registered
[    0.089636] io scheduler kyber registered
[    0.090875] tegra-xusb-padctl 7009f000.padctl: failed to setup XUSB ports: -517
[    0.101527] tegra-apbdma 60020000.dma: Tegra20 APB DMA driver register 32 channels
[    0.102417] tegra-pmc 7000e400.pmc: i2c-thermtrip node not found, emergency thermal reset disabled.
[    0.121256] Serial: 8250/16550 driver, 4 ports, IRQ sharing disabled
[    0.122328] console [ttyS0] disabled
[    0.122345] 70006000.serial: ttyS0 at MMIO 0x70006000 (irq = 333, base_baud = 25500000) is a Tegra
[    1.034001] console [ttyS0] enabled
[    1.037778] SuperH (H)SCI(F) driver initialized
[    1.042659] msm_serial: driver initialized
[    1.046815] STMicroelectronics ASC driver initialized
[    1.053901] tegra-hdmi 54280000.hdmi: failed to get HDMI regulator
[    1.060445] tegra-dpaux 545c0000.dpaux: failed to get VDD supply: -517
[    1.067921] panel-simple panel: panel supply power not found, using dummy regulator
[    1.078666] brd: module loaded
[    1.084202] loop: module loaded
[    1.088265] as3722 4-0040: AS3722 with revision 0x1 found
[    1.098330] as3722-sd2: supplied by +5V_SYS
[    1.102740] as3722-sd3: supplied by +5V_SYS
[    1.107086] +1.35V_LP0(sd3): Bringing 0uV into 1350000-1350000uV
[    1.113256] as3722-sd4: supplied by +5V_SYS
[    1.117633] +1.05V_RUN: Bringing 0uV into 1050000-1050000uV
[    1.123370] as3722-sd5: supplied by +5V_SYS
[    1.128959] as3722-ldo0: supplied by +1.35V_LP0(sd2)
[    1.134685] +1.8V_RUN_CAM: Bringing 0uV into 1800000-1800000uV
[    1.140693] as3722-ldo2: supplied by +1.8V_VDDIO
[    1.146310] as3722-ldo3: supplied by +3.3V_SYS
[    1.150760] +1.00V_LP0_VDD_RTC: Bringing 1100000uV into 1000000-1000000uV
[    1.158334] as3722-ldo4: supplied by +3.3V_SYS
[    1.162923] +3.3V_RUN_CAM: Bringing 0uV into 2800000-2800000uV
[    1.168934] as3722-ldo5: supplied by +1.8V_VDDIO
[    1.173696] +1.2V_RUN_CAM_FRONT: Bringing 0uV into 1200000-1200000uV
[    1.180380] +VDDIO_SDMMC3: Bringing 0uV into 1800000-1800000uV
[    1.186401] as3722-ldo7: supplied by +1.8V_VDDIO
[    1.191166] +1.05V_RUN_CAM_REAR: Bringing 0uV into 1050000-1050000uV
[    1.197707] as3722-ldo9: supplied by +5V_SYS
[    1.202266] +2.8V_RUN_TOUCH: Bringing 0uV into 2800000-2800000uV
[    1.208469] as3722-ldo10: supplied by +5V_SYS
[    1.212971] +2.8V_RUN_CAM_AF: Bringing 0uV into 2800000-2800000uV
[    1.219407] +1.8V_RUN_VPP_FUSE: Bringing 0uV into 1800000-1800000uV
[    1.237947] m25p80 spi32765.0: w25q32dw (4096 Kbytes)
[    1.244022] libphy: Fixed MDIO Bus: probed
[    1.248506] CAN device driver interface
[    1.252644] bgmac_bcma: Broadcom 47xx GBit MAC driver loaded
[    1.258760] e1000e: Intel(R) PRO/1000 Network Driver - 3.2.6-k
[    1.264582] e1000e: Copyright(c) 1999 - 2015 Intel Corporation.
[    1.270504] igb: Intel(R) Gigabit Ethernet Network Driver - version 5.4.0-k
[    1.277453] igb: Copyright (c) 2007-2014 Intel Corporation.
[    1.284327] pegasus: v0.9.3 (2013/04/25), Pegasus/Pegasus II USB Ethernet driver
[    1.291725] usbcore: registered new interface driver pegasus
[    1.297390] usbcore: registered new interface driver asix
[    1.302785] usbcore: registered new interface driver ax88179_178a
[    1.308880] usbcore: registered new interface driver cdc_ether
[    1.314723] usbcore: registered new interface driver smsc75xx
[    1.320470] usbcore: registered new interface driver smsc95xx
[    1.326217] usbcore: registered new interface driver net1080
[    1.331871] usbcore: registered new interface driver cdc_subset
[    1.337791] usbcore: registered new interface driver zaurus
[    1.343366] usbcore: registered new interface driver cdc_ncm
[    1.349683] ehci_hcd: USB 2.0 'Enhanced' Host Controller (EHCI) Driver
[    1.356200] ehci-pci: EHCI PCI platform driver
[    1.360646] ehci-platform: EHCI generic platform driver
[    1.365934] ehci-orion: EHCI orion driver
[    1.369986] SPEAr-ehci: EHCI SPEAr driver
[    1.374037] ehci-st: EHCI STMicroelectronics driver
[    1.378948] ehci-exynos: EHCI EXYNOS driver
[    1.383171] ehci-atmel: EHCI Atmel driver
[    1.387220] tegra-ehci: Tegra EHCI driver
[    1.391280] ohci_hcd: USB 1.1 'Open' Host Controller (OHCI) Driver
[    1.397453] ohci-pci: OHCI PCI platform driver
[    1.401897] ohci-platform: OHCI generic platform driver
[    1.407176] SPEAr-ohci: OHCI SPEAr driver
[    1.411221] ohci-st: OHCI STMicroelectronics driver
[    1.416140] ohci-atmel: OHCI Atmel driver
[    1.420396] usbcore: registered new interface driver usb-storage
[    1.427549] elan_i2c 1-0015: 1-0015 supply vcc not found, using dummy regulator
[    1.436112] as3722-rtc as3722-rtc: rtc core: registered as3722-rtc as rtc0
[    1.442971] as3722-rtc as3722-rtc: RTC interrupt 372
[    1.449938] tegra_rtc 7000e000.rtc: rtc core: registered 7000e000.rtc as rtc1
[    1.457076] tegra_rtc 7000e000.rtc: Tegra internal Real Time Clock
[    1.463424] i2c /dev entries driver
[    1.469360] lm90 0-004c: 0-004c supply vcc not found, using dummy regulator
[    1.480801] sdhci: Secure Digital Host Controller Interface driver
[    1.486982] sdhci: Copyright(c) Pierre Ossman
[    1.491864] Synopsys Designware Multimedia Card Interface Driver
[    1.498316] sdhci-pltfm: SDHCI platform and OF driver helper
[    1.504256] sdhci-tegra 700b0000.sdhci: allocated mmc-pwrseq
[    1.518053] sdhci-tegra 700b0400.sdhci: Got CD GPIO
[    1.522924] sdhci-tegra 700b0400.sdhci: Got WP GPIO
[    1.542107] mmc0: Unknown controller version (3). You may experience problems.
[    1.549349] mmc0: Invalid maximum block size, assuming 512 bytes
[    1.604936] elan_i2c 1-0015: Elan Touchpad: Module ID: 0x002a, Firmware: 0x0005, Sample: 0x0007, IAP: 0x0009
[    1.614000] mmc0: SDHCI controller on 700b0600.sdhci [700b0600.sdhci] using ADMA
[    1.622263] ledtrig-cpu: registered to indicate activity on CPUs
[    1.622376] input: Elan Touchpad as /devices/soc0/7000c400.i2c/i2c-1/1-0015/input/input0
[    1.636449] usbcore: registered new interface driver usbhid
[    1.642006] usbhid: USB HID core driver
[    1.647275] NET: Registered protocol family 10
[    1.653067] Segment Routing with IPv6
[    1.656751] sit: IPv6, IPv4 and MPLS over IPv4 tunneling driver
[    1.662876] NET: Registered protocol family 17
[    1.667317] can: controller area network core (rev 20170425 abi 9)
[    1.673502] NET: Registered protocol family 29
[    1.677937] can: raw protocol (rev 20170425)
[    1.682194] can: broadcast manager protocol (rev 20170425 t)
[    1.687843] can: netlink gateway (rev 20170425) max_hops=1
[    1.693445] Key type dns_resolver registered
[    1.697946] ThumbEE CPU extension supported.
[    1.702206] Registering SWP/SWPB emulation handler
[    1.713877] +3.3V_RUN: supplied by +3.3V_SYS
[    1.719083] +VDD_LED: supplied by +VDD_MUX
[    1.723281] +3.3V_AVDD_HDMI_AP_GATED: supplied by +3.3V_RUN
[    1.728931] +1.8V_RUN_CAM: supplied by +3.3V_RUN
[    1.733622] +VDDIO_SDMMC3: supplied by +3.3V_RUN
[    1.738360] +1.8V_RUN_VPP_FUSE: supplied by +3.3V_RUN
[    1.743674] +5V_VDD_TS_SW: supplied by +5V_SYS
[    1.748493] +5V_USB_HS: supplied by +5V_SYS
[    1.752891] +5V_USB_SS: supplied by +5V_SYS
[    1.758331] +3.3V_PANEL: supplied by +3.3V_RUN
[    1.763785] +3.3V_LP0: supplied by +3.3V_SYS
[    1.769070] +1.05V_RUN_AVDD_HDMI_PLL: supplied by +1.05V_RUN
[    1.769146] elan_i2c 1-0015: failed to read report data: -121
[    1.780842] +5V_HDMI_CON: supplied by +5V_SYS
[    1.785972]  usb3-0: usb3-0 supply vbus not found, using dummy regulator
[    1.792700]  usb3-1: usb3-1 supply vbus not found, using dummy regulator
[    1.806089] tegra-sor 54540000.sor: failed to probe output: -517
[    1.812620] panel-simple panel: panel supply power not found, using dummy regulator
[    1.821346] sdhci-tegra 700b0000.sdhci: allocated mmc-pwrseq
[    1.834133] mmc1: Unknown controller version (3). You may experience problems.
[    1.841430] mmc1: Invalid maximum block size, assuming 512 bytes
[    1.847940] mmc1: Switching to 3.3V signalling voltage failed
[    1.859416] mmc0: new high speed MMC card at address 0001
[    1.865201] mmcblk0: mmc0:0001 MMC16G 14.4 GiB 
[    1.869844] mmcblk0boot0: mmc0:0001 MMC16G partition 1 2.00 MiB
[    1.876162] mmcblk0boot1: mmc0:0001 MMC16G partition 2 2.00 MiB
[    1.882334] mmcblk0rpmb: mmc0:0001 MMC16G partition 3 128 KiB
[    1.892080]  mmcblk0: p1 p2 p3 p4 p5 p6 p7 p8 p9 p10 p11 p12
[    1.904043] mmc1: SDHCI controller on 700b0000.sdhci [700b0000.sdhci] using ADMA
[    1.907433] elan_i2c 1-0015: invalid report id data (ff)
[    1.917495] sdhci-tegra 700b0400.sdhci: Got CD GPIO
[    1.922365] sdhci-tegra 700b0400.sdhci: Got WP GPIO
[    1.934161] mmc2: Unknown controller version (3). You may experience problems.
[    1.941460] mmc2: Invalid maximum block size, assuming 512 bytes
[    1.978695] mmc1: new high speed SDIO card at address 0001
[    2.004098] mmc2: SDHCI controller on 700b0400.sdhci [700b0400.sdhci] using ADMA
[    2.017403] input: gpio-keys as /devices/soc0/gpio-keys/input/input1
[    2.025313] as3722-rtc as3722-rtc: setting system clock to 2000-01-01 00:05:11 UTC (946685111)
[    2.034302] +3.3V_AVDD_HDMI_AP_GATED: disabling
[    2.038829] +1.05V_RUN: disabling
[    2.042290] +1.8V_RUN_CAM: disabling
[    2.046136] +3.3V_RUN_CAM: disabling
[    2.049872] +1.2V_RUN_CAM_FRONT: disabling
[    2.055129] +1.05V_RUN_CAM_REAR: disabling
[    2.061351] +2.8V_RUN_TOUCH: disabling
[    2.065342] +2.8V_RUN_CAM_AF: disabling
[    2.069337] +1.8V_RUN_VPP_FUSE: disabling
[    2.073505] +VDD_LED: disabling
[    2.076678] +5V_VDD_TS_SW: disabling
[    2.080253] +5V_USB_HS: disabling
[    2.083559] +5V_USB_SS: disabling
[    2.086900] +3.3V_PANEL: disabling
[    2.090300] +1.05V_RUN_AVDD_HDMI_PLL: disabling
[    2.094862] +5V_HDMI_CON: disabling
[    2.099266] EXT4-fs (mmcblk0p3): couldn't mount as ext3 due to feature incompatibilities
[    2.107996] EXT4-fs (mmcblk0p3): couldn't mount as ext2 due to feature incompatibilities
[    2.195964] mmc2: new high speed SDHC card at address 0007
[    2.201768] mmcblk2: mmc2:0007 SD08G 7.42 GiB 
[    2.215357] GPT:Primary header alternate_lba != Alt. header my_lba
[    2.221529] GPT:3014591 != 15564799
[    2.225038] GPT:Primary header thinks Alt. header is not at the end of the disk.
[    2.232415] GPT:3014591 != 15564799
[    2.235898] GPT: Use GNU Parted to correct GPT errors.
[    2.241044]  mmcblk2: p1 p2 p3 p4 p5 p6 p7 p8 p9 p10 p11 p12
[    2.489832] EXT4-fs (mmcblk0p3): recovery complete
[    2.495389] EXT4-fs (mmcblk0p3): mounted filesystem with ordered data mode. Opts: (null)
[    2.503491] VFS: Mounted root (ext4 filesystem) on device 179:3.
[    2.510214] devtmpfs: mounted
[    2.513875] Freeing unused kernel memory: 2048K
bash: cannot set terminal process group (-1): Inappropriate ioctl for device
bash: no job control in this shell
root@(none):/# 