
U-Boot SPL 2016.05-rc2 (Apr 21 2016 - 16:23:00)
Trying to boot from RAM


U-Boot 2016.05-rc2 (Apr 21 2016 - 16:23:00 -0700)

TEGRA124
Model: NVIDIA Jetson TK1
Board: NVIDIA Jetson TK1
DRAM:  2 GiB
MC:   Tegra SD/MMC: 0, Tegra SD/MMC: 1
In:    serial
Out:   serial
Err:   serial
Net:   No ethernet found.
Hit any key to stop autoboot:  2  0 
Tegra124 (Jetson TK1) # 
Tegra124 (Jetson TK1) # pci enum
Tegra124 (Jetson TK1) # setenv bootargs 'ignore_loglevel console=ttyS0,115200n8 rw root=PARTUUID=b1791faa-84e8-4e27-83a1-9fb0a77e8803 rootwait gpt debug noinitrd earlyprintk init=/bin/bash'
Tegra124 (Jetson TK1) # setenv ipaddr 192.168.100.102; setenv serverip 192.168.100.1; setenv tftpserverip 192.168.100.1
Tegra124 (Jetson TK1) # tftpboot 0x82000000 zImage.tegra_defconfig

Warning: eth_rtl8169 using MAC address from ROM
Using eth_rtl8169 device
TFTP from server 192.168.100.1; our IP address is 192.168.100.102
Filename 'zImage.tegra_defconfig'.
Load address: 0x82000000
Loading: *#################################################################
	 #################################################################
	 #################################################################
	 #################################################################
	 #################################################################
	 ###########################################
	 3.2 MiB/s
done
Bytes transferred = 5396008 (525628 hex)
Tegra124 (Jetson TK1) # tftpboot 0x83000000 tegra124-jetson-tk1.dtb
Using eth_rtl8169 device
TFTP from server 192.168.100.1; our IP address is 192.168.100.102
Filename 'tegra124-jetson-tk1.dtb'.
Load address: 0x83000000
Loading: *#####
	 3.7 MiB/s
done
Bytes transferred = 66405 (10365 hex)
Tegra124 (Jetson TK1) # bootz 0x82000000 - 0x83000000
Kernel image @ 0x82000000 [ 0x000000 - 0x525628 ]
## Flattened Device Tree blob at 83000000
   Booting using the fdt blob at 0x83000000
   Using Device Tree in place at 83000000, end 83013364

Starting kernel ...

Uncompressing Linux... done, booting the kernel.
[    0.000000] Booting Linux on physical CPU 0x0
[    0.000000] Linux version 4.7.0-rc5-next-20160704-104210-gb2677d1 (pwalmsley@kaivo) (gcc version 4.7.3 20130328 (prerelease) (crosstool-NG linaro-1.13.1-4.7-2013.04-20130415 - Linaro GCC 2013.04) ) #1 SMP PREEMPT Tue Jul 12 04:03:32 PDT 2016
[    0.000000] CPU: ARMv7 Processor [413fc0f3] revision 3 (ARMv7), cr=10c5387d
[    0.000000] CPU: div instructions available: patching division code
[    0.000000] CPU: PIPT / VIPT nonaliasing data cache, PIPT instruction cache
[    0.000000] Machine model: NVIDIA Tegra124 Jetson TK1
[    0.000000] debug: ignoring loglevel setting.
[    0.000000] bootconsole [earlycon0] enabled
[    0.000000] cma: Reserved 64 MiB at 0xfbc00000
[    0.000000] Memory policy: Data cache writealloc
[    0.000000] On node 0 totalpages: 524032
[    0.000000] free_area_init_node: node 0, pgdat c0d5b980, node_mem_map eeff9000
[    0.000000]   Normal zone: 1536 pages used for memmap
[    0.000000]   Normal zone: 0 pages reserved
[    0.000000]   Normal zone: 196608 pages, LIFO batch:31
[    0.000000]   HighMem zone: 327424 pages, LIFO batch:31
[    0.000000] percpu: Embedded 13 pages/cpu @eef8a000 s24128 r8192 d20928 u53248
[    0.000000] pcpu-alloc: s24128 r8192 d20928 u53248 alloc=13*4096
[    0.000000] pcpu-alloc: [0] 0 [0] 1 [0] 2 [0] 3 
[    0.000000] Built 1 zonelists in Zone order, mobility grouping on.  Total pages: 522496
[    0.000000] Kernel command line: ignore_loglevel console=ttyS0,115200n8 rw root=PARTUUID=b1791faa-84e8-4e27-83a1-9fb0a77e8803 rootwait gpt debug noinitrd earlyprintk init=/bin/bash
[    0.000000] PID hash table entries: 4096 (order: 2, 16384 bytes)
[    0.000000] Dentry cache hash table entries: 131072 (order: 7, 524288 bytes)
[    0.000000] Inode-cache hash table entries: 65536 (order: 6, 262144 bytes)
[    0.000000] Memory: 1999840K/2096128K available (8192K kernel code, 373K rwdata, 2436K rodata, 1024K init, 366K bss, 30752K reserved, 65536K cma-reserved, 1244160K highmem)
[    0.000000] Virtual kernel memory layout:
[    0.000000]     vector  : 0xffff0000 - 0xffff1000   (   4 kB)
[    0.000000]     fixmap  : 0xffc00000 - 0xfff00000   (3072 kB)
[    0.000000]     vmalloc : 0xf0800000 - 0xff800000   ( 240 MB)
[    0.000000]     lowmem  : 0xc0000000 - 0xf0000000   ( 768 MB)
[    0.000000]     pkmap   : 0xbfe00000 - 0xc0000000   (   2 MB)
[    0.000000]     modules : 0xbf000000 - 0xbfe00000   (  14 MB)
[    0.000000]       .text : 0xc0008000 - 0xc0900000   (9184 kB)
[    0.000000]       .init : 0xc0c00000 - 0xc0d00000   (1024 kB)
[    0.000000]       .data : 0xc0d00000 - 0xc0d5d540   ( 374 kB)
[    0.000000]        .bss : 0xc0d5f000 - 0xc0dbab54   ( 367 kB)
[    0.000000] Preemptible hierarchical RCU implementation.
[    0.000000] 	Build-time adjustment of leaf fanout to 32.
[    0.000000] NR_IRQS:16 nr_irqs:16 16
[    0.000000] /interrupt-controller@60004000: 160 interrupts forwarded to /interrupt-controller@50041000
[    0.000000] Tegra clk 127: register failed with -17
[    0.000008] sched_clock: 32 bits at 1000kHz, resolution 1000ns, wraps every 2147483647500ns
[    0.007331] clocksource: timer_us: mask: 0xffffffff max_cycles: 0xffffffff, max_idle_ns: 1911260446275 ns
[    0.016940] Switching to timer-based delay loop, resolution 1000ns
[    0.024466] Architected cp15 timer(s) running at 12.00MHz (virt).
[    0.029335] clocksource: arch_sys_counter: mask: 0xffffffffffffff max_cycles: 0x2c47f4ee7, max_idle_ns: 440795202497 ns
[    0.040170] sched_clock: 56 bits at 12MHz, resolution 83ns, wraps every 4398046511096ns
[    0.048225] Switching to timer-based delay loop, resolution 83ns
[    0.054733] Console: colour dummy device 80x30
[    0.058809] Calibrating delay loop (skipped), value calculated using timer frequency.. 24.00 BogoMIPS (lpj=120000)
[    0.069194] pid_max: default: 32768 minimum: 301
[    0.074445] Mount-cache hash table entries: 2048 (order: 1, 8192 bytes)
[    0.080566] Mountpoint-cache hash table entries: 2048 (order: 1, 8192 bytes)
[    0.089104] CPU: Testing write buffer coherency: ok
[    0.092875] /cpus/cpu@0 missing clock-frequency property
[    0.097999] /cpus/cpu@1 missing clock-frequency property
[    0.103393] /cpus/cpu@2 missing clock-frequency property
[    0.108747] /cpus/cpu@3 missing clock-frequency property
[    0.114104] CPU0: thread -1, cpu 0, socket 0, mpidr 80000000
[    0.119822] Setting up static identity map for 0x80100000 - 0x80100098
[    0.187026] Tegra Revision: A01 SKU: 129 CPU Process: 1 SoC Process: 1
[    0.227028] CPU1: thread -1, cpu 1, socket 0, mpidr 80000001
[    0.277096] CPU2: thread -1, cpu 2, socket 0, mpidr 80000002
[    0.327174] CPU3: thread -1, cpu 3, socket 0, mpidr 80000003
[    0.336759] Brought up 4 CPUs
[    0.355064] SMP: Total of 4 processors activated (96.00 BogoMIPS).
[    0.361302] CPU: All CPU(s) started in SVC mode.
[    0.397509] devtmpfs: initialized
[    0.454031] VFP support v0.3: implementor 41 architecture 4 part 30 variant f rev 0
[    0.460467] clocksource: jiffies: mask: 0xffffffff max_cycles: 0xffffffff, max_idle_ns: 19112604462750000 ns
[    0.530013] pinctrl core: initialized pinctrl subsystem
[    0.620595] NET: Registered protocol family 16
[    0.624459] DMA: preallocated 256 KiB pool for atomic coherent allocations
[    0.660232] cpuidle: using governor menu
[    0.686769] No ATAGs?hw-breakpoint: found 5 (+1 reserved) breakpoint and 4 watchpoint registers.
[    0.693738] hw-breakpoint: maximum watchpoint size is 8 bytes.
[    1.045746] +5V_SYS: supplied by +VDD_MUX
[    1.048508] +3.3V_SYS: supplied by +VDD_MUX
[    1.053374] +USB0_VBUS_SW: Failed to request enable GPIO108: -517
[    1.058362] reg-fixed-voltage regulators:regulator@7: Failed to register regulator: -517
[    1.066600] +5V_USB_HS: Failed to request enable GPIO109: -517
[    1.072395] reg-fixed-voltage regulators:regulator@8: Failed to register regulator: -517
[    1.080748] +1.05V_RUN_AVDD_HDMI_PLL: Failed to request enable GPIO63: -517
[    1.087562] reg-fixed-voltage regulators:regulator@11: Failed to register regulator: -517
[    1.095889] +5V_HDMI_CON: Failed to request enable GPIO86: -517
[    1.101774] reg-fixed-voltage regulators:regulator@12: Failed to register regulator: -517
[    1.110103] +5V_SATA: Failed to request enable GPIO242: -517
[    1.115727] reg-fixed-voltage regulators:regulator@13: Failed to register regulator: -517
[    1.124058] +12V_SATA: Failed to request enable GPIO242: -517
[    1.129767] reg-fixed-voltage regulators:regulator@14: Failed to register regulator: -517
[    1.139930] vgaarb: loaded
[    1.170367] SCSI subsystem initialized
[    1.172587] libata version 3.00 loaded.
[    1.176855] usbcore: registered new interface driver usbfs
[    1.181916] usbcore: registered new interface driver hub
[    1.187269] usbcore: registered new device driver usb
[    1.196548] Linux video capture interface: v2.00
[    1.199454] pps_core: LinuxPPS API ver. 1 registered
[    1.204384] pps_core: Software ver. 5.3.6 - Copyright 2005-2007 Rodolfo Giometti <giometti@linux.it>
[    1.213603] PTP clock support registered
[    1.219317] Advanced Linux Sound Architecture Driver Initialized.
[    1.225320] Bluetooth: Core ver 2.21
[    1.227402] NET: Registered protocol family 31
[    1.231858] Bluetooth: HCI device and connection manager initialized
[    1.238264] Bluetooth: HCI socket layer initialized
[    1.243220] Bluetooth: L2CAP socket layer initialized
[    1.248347] Bluetooth: SCO socket layer initialized
[    1.254806] clocksource: Switched to clocksource arch_sys_counter
[    1.534842] NET: Registered protocol family 2
[    1.774847] TCP established hash table entries: 8192 (order: 3, 32768 bytes)
[    1.780158] TCP bind hash table entries: 8192 (order: 4, 65536 bytes)
[    1.786765] TCP: Hash tables configured (established 8192 bind 8192)
[    1.793410] UDP hash table entries: 512 (order: 2, 16384 bytes)
[    1.799012] UDP-Lite hash table entries: 512 (order: 2, 16384 bytes)
[    1.894842] NET: Registered protocol family 1
[    1.984846] RPC: Registered named UNIX socket transport module.
[    1.988937] RPC: Registered udp transport module.
[    1.993703] RPC: Registered tcp transport module.
[    1.998493] RPC: Registered tcp NFSv4.1 backchannel transport module.
[    2.005010] PCI: CLS 0 bytes, default 64
[    2.011054] hw perfevents: enabled with armv7_cortex_a15 PMU driver, 7 counters available
[    2.047031] futex hash table entries: 1024 (order: 4, 65536 bytes)
[    2.053041] workingset: timestamp_bits=28 max_order=19 bucket_order=0
[    2.654840] squashfs: version 4.0 (2009/01/31) Phillip Lougher
[    2.894899] NFS: Registering the id_resolver key type
[    2.898153] Key type id_resolver registered
[    2.902369] Key type id_legacy registered
[    2.910732] bounce: pool size: 64 pages
[    2.912745] io scheduler noop registered (default)
[    3.077557] usb2-0 supply vbus not found, using dummy regulator
[    3.081881] usb2-1 supply vbus not found, using dummy regulator
[    3.088303] tegra-xusb-padctl 7009f000.padctl: failed to setup XUSB ports: -517
[    3.105576] tegra-pcie 1003000.pcie-controller: 2x1, 1x1 configuration
[    3.110318] tegra-pcie 1003000.pcie-controller: Failed to get supply 'avddio-pex': -517
[    3.129850] tegra-apbdma 60020000.dma: Tegra20 APB DMA driver register 32 channels
[    3.136503] tegra-pmc 7000e400.pmc: emergency thermal reset enabled
[    3.142683] Serial: 8250/16550 driver, 4 ports, IRQ sharing disabled
[    3.152141] console [ttyS0] disabled
[    3.153977] 70006300.serial: ttyS0 at MMIO 0x70006300 (irq = 335, base_baud = 25500000) is a Tegra
[    3.162989] console [ttyS0] enabled
[    3.162989] console [ttyS0] enabled
[    3.169280] bootconsole [earlycon0] disabled
[    3.169280] bootconsole [earlycon0] disabled
[    3.179117] 70006000.serial: ttyTHS1 at MMIO 0x70006000 (irq = 333, base_baud = 0) is a TEGRA_UART
[    3.190120] 70006040.serial: ttyTHS2 at MMIO 0x70006040 (irq = 334, base_baud = 0) is a TEGRA_UART
[    3.201413] [drm] Initialized drm 1.1.0 20060810
[    3.207139] tegra-hdmi 54280000.hdmi: failed to get HDMI regulator
[    3.231862] loop: module loaded
[    3.235838] at24 0-0056: 256 byte 24c02 EEPROM, writable, 8 bytes/write
[    3.243256] as3722 4-0040: AS3722 with revision 0x1 found
[    3.255822] as3722-sd2: supplied by +5V_SYS
[    3.260754] as3722-sd3: supplied by +5V_SYS
[    3.265194] +1.35V_LP0(sd3): Bringing 0uV into 1350000-1350000uV
[    3.271818] as3722-sd4: supplied by +5V_SYS
[    3.276747] as3722-sd5: supplied by +5V_SYS
[    3.283367] as3722-ldo0: supplied by +1.35V_LP0(sd2)
[    3.289770] +1.8V_RUN_CAM: Bringing 0uV into 1800000-1800000uV
[    3.296305] as3722-ldo2: supplied by +1.8V_VDDIO
[    3.302523] as3722-ldo3: supplied by +3.3V_SYS
[    3.307044] +1.05V_LP0_VDD_RTC: Bringing 1100000uV into 1000000-1000000uV
[    3.315136] as3722-ldo4: supplied by +3.3V_SYS
[    3.319811] +2.8V_RUN_CAM: Bringing 0uV into 2800000-2800000uV
[    3.326360] as3722-ldo5: supplied by +1.8V_VDDIO
[    3.331213] +1.2V_RUN_CAM_FRONT: Bringing 0uV into 1200000-1200000uV
[    3.338457] +VDDIO_SDMMC3: bypassed regulator has no supply!
[    3.344109] +VDDIO_SDMMC3: failed to get the current voltage(-517)
[    3.350311] as3722-regulator as3722-regulator: regulator 13 register failed -517
[    3.385629] tegra-ahci 70027000.sata: couldn't get PHY in node sata: -517
[    3.405363] m25p80 spi32765.0: w25q32dw (4096 Kbytes)
[    3.414226] libphy: Fixed MDIO Bus: probed
[    3.418368] CAN device driver interface
[    3.422294] igb: Intel(R) Gigabit Ethernet Network Driver - version 5.3.0-k
[    3.429289] igb: Copyright (c) 2007-2014 Intel Corporation.
[    3.435249] pegasus: v0.9.3 (2013/04/25), Pegasus/Pegasus II USB Ethernet driver
[    3.442757] usbcore: registered new interface driver pegasus
[    3.448625] usbcore: registered new interface driver asix
[    3.454131] usbcore: registered new interface driver ax88179_178a
[    3.460381] usbcore: registered new interface driver cdc_ether
[    3.466401] usbcore: registered new interface driver smsc75xx
[    3.472301] usbcore: registered new interface driver smsc95xx
[    3.478172] usbcore: registered new interface driver net1080
[    3.483939] usbcore: registered new interface driver cdc_subset
[    3.489985] usbcore: registered new interface driver zaurus
[    3.495740] usbcore: registered new interface driver cdc_ncm
[    3.501659] tegra-phy 7d004000.usb-phy: no vbus regulator
[    3.507456] ehci_hcd: USB 2.0 'Enhanced' Host Controller (EHCI) Driver
[    3.513973] ehci-pci: EHCI PCI platform driver
[    3.518549] tegra-ehci: Tegra EHCI driver
[    3.525423] tegra-ehci 7d004000.usb: EHCI Host Controller
[    3.530860] tegra-ehci 7d004000.usb: new USB bus registered, assigned bus number 1
[    3.538745] tegra-ehci 7d004000.usb: irq 354, io mem 0x7d004000
[    3.554840] tegra-ehci 7d004000.usb: USB 2.0 started, EHCI 1.10
[    3.562461] hub 1-0:1.0: USB hub found
[    3.566282] hub 1-0:1.0: 1 port detected
[    3.572047] usbcore: registered new interface driver cdc_acm
[    3.577717] cdc_acm: USB Abstract Control Model driver for USB modems and ISDN adapters
[    3.585860] usbcore: registered new interface driver cdc_wdm
[    3.591692] usbcore: registered new interface driver usb-storage
[    3.598451] mousedev: PS/2 mouse device common for all mice
[    3.607634] as3722-rtc as3722-rtc: rtc core: registered as3722-rtc as rtc0
[    3.614502] as3722-rtc as3722-rtc: RTC interrupt 377
[    3.622599] tegra_rtc 7000e000.rtc: rtc core: registered 7000e000.rtc as rtc1
[    3.629841] tegra_rtc 7000e000.rtc: Tegra internal Real Time Clock
[    3.636427] i2c /dev entries driver
[    3.642147] usbcore: registered new interface driver uvcvideo
[    3.647905] USB Video Class driver (1.1.1)
[    3.651995] gspca_main: v2.14.0 registered
[    3.656918] 0-004c supply vcc not found, using dummy regulator
[    3.666836] tegra-wdt 60005000.timer: initialized (heartbeat = 120 sec, nowayout = 0)
[    3.676055] sdhci: Secure Digital Host Controller Interface driver
[    3.682224] sdhci: Copyright(c) Pierre Ossman
[    3.686595] sdhci-pltfm: SDHCI platform and OF driver helper
[    3.692629] sdhci-tegra 700b0400.sdhci: Got CD GPIO
[    3.697546] sdhci-tegra 700b0400.sdhci: Got WP GPIO
[    3.702477] mmc0: Unknown controller version (3). You may experience problems.
[    3.710023] mmc0: Unknown controller version (3). You may experience problems.
[    3.717327] mmc0: Invalid maximum block size, assuming 512 bytes
[    3.764839] mmc0: SDHCI controller on 700b0600.sdhci [700b0600.sdhci] using ADMA 64-bit
[    3.779093] usbcore: registered new interface driver usbhid
[    3.784753] usbhid: USB HID core driver
[    3.799865] tegra124-dfll 70110000.clock: couldn't get vdd_cpu regulator
[    3.842434] mmc0: new high speed MMC card at address 0001
[    3.849411] mmcblk0: mmc0:0001 SEM16G 14.7 GiB 
[    3.854392] mmcblk0boot0: mmc0:0001 SEM16G partition 1 4.00 MiB
[    3.860777] mmcblk0boot1: mmc0:0001 SEM16G partition 2 4.00 MiB
[    3.867162] mmcblk0rpmb: mmc0:0001 SEM16G partition 3 4.00 MiB
[    3.875093]  mmcblk0: p1
[    4.234734] tegra30-i2s 70301100.i2s: DMA channels sourced from device 70300000.ahub
[    4.253842] rt5640 0-001c: ASoC: no source widget found for DAC L2 Power
[    4.260562] rt5640 0-001c: ASoC: Failed to add route DAC L2 Power -> direct -> IF2 DAC L
[    4.269060] rt5640 0-001c: ASoC: no source widget found for DAC R2 Power
[    4.275787] rt5640 0-001c: ASoC: Failed to add route DAC R2 Power -> direct -> IF2 DAC R
[    4.286038] tegra-snd-rt5640 sound: rt5640-aif1 <-> 70301100.i2s mapping ok
[    4.297720] input: NVIDIA Tegra Jetson TK1 Headphones as /devices/soc0/sound/sound/card1/input1
[    4.308261] input: tegra-hda HDMI/DP,pcm=3 as /devices/soc0/70030000.hda/sound/card0/input0
[    4.564843] NET: Registered protocol family 10
[    4.694883] mip6: Mobile IPv6
[    4.697851] sit: IPv6 over IPv4 tunneling driver
[    4.705513] NET: Registered protocol family 17
[    4.709986] NET: Registered protocol family 15
[    4.714423] can: controller area network core (rev 20120528 abi 9)
[    4.744959] NET: Registered protocol family 29
[    4.749400] can: raw protocol (rev 20120528)
[    4.753664] can: broadcast manager protocol (rev 20160617 t)
[    4.759351] can: netlink gateway (rev 20130117) max_hops=1
[    4.794956] Bluetooth: RFCOMM socket layer initialized
[    4.800106] Bluetooth: RFCOMM ver 1.11
[    4.803859] Bluetooth: BNEP (Ethernet Emulation) ver 1.3
[    4.809263] Bluetooth: BNEP socket layer initialized
[    4.814221] Bluetooth: HIDP (Human Interface Emulation) ver 1.2
[    4.820163] Bluetooth: HIDP socket layer initialized
[    4.825452] Key type dns_resolver registered
[    4.831015] Registering SWP/SWPB emulation handler
[    4.838251] +3.3V_RUN: supplied by +3.3V_SYS
[    4.843208] +3.3V_AVDD_HDMI_AP_GATED: supplied by +3.3V_RUN
[    4.849076] +USB0_VBUS_SW: supplied by +5V_SYS
[    4.854134] +5V_USB_HS: supplied by +5V_SYS
[    4.859514] +3.3V_LP0: supplied by +3.3V_SYS
[    4.865318] +5V_HDMI_CON: supplied by +5V_SYS
[    4.870362] +5V_SATA: supplied by +5V_SYS
[    4.875225] +12V_SATA: supplied by +VDD_MUX
[    4.882532] usb2-0 supply vbus not found, using dummy regulator
[    4.888735] usb2-1 supply vbus not found, using dummy regulator
[    4.895180] usb3-0 supply vbus not found, using dummy regulator
[    4.901854] tegra-pcie 1003000.pcie-controller: 2x1, 1x1 configuration
[    4.908441] tegra-pcie 1003000.pcie-controller: Failed to get supply 'avddio-pex': -517
[    4.917029] tegra-hdmi 54280000.hdmi: failed to get PLL regulator
[    4.925979] as3722-sd2: supplied by +5V_SYS
[    4.930723] as3722-sd3: supplied by +5V_SYS
[    4.935623] as3722-sd4: supplied by +5V_SYS
[    4.940341] +1.05V_RUN_AVDD_HDMI_PLL: supplied by +1.05V_RUN
[    4.946270] as3722-sd5: supplied by +5V_SYS
[    4.952496] as3722-ldo0: supplied by +1.35V_LP0(sd2)
[    4.958384] as3722-ldo1: supplied by +3.3V_RUN
[    4.963400] as3722-ldo2: supplied by +1.8V_VDDIO
[    4.969442] as3722-ldo3: supplied by +3.3V_SYS
[    4.975180] as3722-ldo4: supplied by +3.3V_SYS
[    4.980252] as3722-ldo5: supplied by +1.8V_VDDIO
[    4.985472] as3722-ldo6: supplied by +3.3V_RUN
[    4.990482] as3722-ldo7: supplied by +1.8V_VDDIO
[    4.995860] +1.05V_RUN_CAM_REAR: Bringing 0uV into 1050000-1050000uV
[    5.003182] as3722-ldo9: supplied by +5V_SYS
[    5.008644] +3.3V_RUN_TOUCH: Bringing 0uV into 2800000-2800000uV
[    5.015614] as3722-ldo10: supplied by +5V_SYS
[    5.020707] +2.8V_RUN_CAM_AF: Bringing 0uV into 2800000-2800000uV
[    5.027791] as3722-ldo11: supplied by +3.3V_RUN
[    5.033065] +1.8V_RUN_VPP_FUSE: Bringing 0uV into 1800000-1800000uV
[    5.043015] tegra-ahci 70027000.sata: AHCI 0001.0301 32 slots 2 ports 3 Gbps 0x1 impl platform mode
[    5.052093] tegra-ahci 70027000.sata: flags: 64bit ncq sntf pm led pio slum part sadm sds apst 
[    5.064586] scsi host0: tegra-ahci
[    5.136826] scsi host1: tegra-ahci
[    5.141059] ata1: SATA max UDMA/133 mmio [mem 0x70027000-0x70028fff] port 0x100 irq 345
[    5.149255] ata2: DUMMY
[    5.153060] tegra-ehci 7d008000.usb: EHCI Host Controller
[    5.158569] tegra-ehci 7d008000.usb: new USB bus registered, assigned bus number 2
[    5.166496] tegra-ehci 7d008000.usb: irq 355, io mem 0x7d008000
[    5.184941] tegra-ehci 7d008000.usb: USB 2.0 started, EHCI 1.10
[    5.192828] hub 2-0:1.0: USB hub found
[    5.196695] hub 2-0:1.0: 1 port detected
[    5.255612] tegra-xusb 70090000.usb: Firmware timestamp: 2014-09-16 02:10:07 UTC
[    5.263069] tegra-xusb 70090000.usb: xHCI Host Controller
[    5.268537] tegra-xusb 70090000.usb: new USB bus registered, assigned bus number 3
[    5.278762] tegra-xusb 70090000.usb: hcc params 0x0184f525 hci version 0x100 quirks 0x00010010
[    5.287492] tegra-xusb 70090000.usb: irq 347, io mem 0x70090000
[    5.295480] hub 3-0:1.0: USB hub found
[    5.299297] hub 3-0:1.0: 6 ports detected
[    5.305268] tegra-xusb 70090000.usb: xHCI Host Controller
[    5.310692] tegra-xusb 70090000.usb: new USB bus registered, assigned bus number 4
[    5.318473] usb usb4: We don't know the algorithms for LPM for this host, disabling LPM.
[    5.328468] hub 4-0:1.0: USB hub found
[    5.332265] hub 4-0:1.0: 2 ports detected
[    5.338763] sdhci-tegra 700b0400.sdhci: Got CD GPIO
[    5.343658] sdhci-tegra 700b0400.sdhci: Got WP GPIO
[    5.348672] mmc1: Unknown controller version (3). You may experience problems.
[    5.356328] mmc1: Invalid maximum block size, assuming 512 bytes
[    5.405470] mmc1: SDHCI controller on 700b0400.sdhci [700b0400.sdhci] using ADMA 64-bit
[    5.431458] tegra-pcie 1003000.pcie-controller: 2x1, 1x1 configuration
[    5.440551] tegra-pcie 1003000.pcie-controller: probing port 0, using 2 lanes
[    5.449846] tegra-pcie 1003000.pcie-controller: Slot present pin change, signature: 00000008
[    5.473050] tegra-pcie 1003000.pcie-controller: probing port 1, using 1 lanes
[    5.478462] ata1: SATA link down (SStatus 0 SControl 300)
[    5.487844] tegra-pcie 1003000.pcie-controller: Slot present pin change, signature: 00000000
[    5.503108] tegra-pcie 1003000.pcie-controller: PCI host bridge to bus 0000:00
[    5.510419] pci_bus 0000:00: root bus resource [io  0x0000-0xffff]
[    5.516670] pci_bus 0000:00: root bus resource [mem 0x13000000-0x1fffffff]
[    5.523575] pci_bus 0000:00: root bus resource [mem 0x20000000-0x3fffffff pref]
[    5.530897] pci_bus 0000:00: root bus resource [bus 00-ff]
[    5.536476] pci 0000:00:01.0: [10de:0e12] type 01 class 0x060400
[    5.542629] pci 0000:00:01.0: PME# supported from D0 D1 D2 D3hot D3cold
[    5.549966] pci 0000:00:02.0: [10de:0e13] type 01 class 0x060400
[    5.556084] pci 0000:00:02.0: PME# supported from D0 D1 D2 D3hot D3cold
[    5.563353] PCI: bus0: Fast back to back transfers disabled
[    5.568980] pci 0000:00:01.0: bridge configuration invalid ([bus 00-00]), reconfiguring
[    5.577053] pci 0000:00:02.0: bridge configuration invalid ([bus 00-00]), reconfiguring
[    5.585501] pci 0000:01:00.0: [8086:4232] type 00 class 0x028000
[    5.591542] pci 0000:01:00.0: reg 0x10: [mem 0x00000000-0x00001fff 64bit]
[    5.598535] pci 0000:01:00.0: PME# supported from D0 D3hot D3cold
[    5.625015] PCI: bus1: Fast back to back transfers disabled
[    5.630649] pci_bus 0000:01: busn_res: [bus 01-ff] end is updated to 01
[    5.637759] pci 0000:02:00.0: [10ec:8168] type 00 class 0x020000
[    5.643783] pci 0000:02:00.0: reg 0x10: [io  0x0000-0x00ff]
[    5.649403] pci 0000:02:00.0: reg 0x18: [mem 0x00000000-0x00000fff 64bit]
[    5.656255] pci 0000:02:00.0: reg 0x20: [mem 0x00000000-0x00003fff 64bit pref]
[    5.663663] pci 0000:02:00.0: supports D1 D2
[    5.668001] pci 0000:02:00.0: PME# supported from D0 D1 D2 D3hot D3cold
[    5.687726] mmc1: new high speed SDHC card at address aaaa
[    5.694919] PCI: bus2: Fast back to back transfers disabled
[    5.700498] pci_bus 0000:02: busn_res: [bus 02-ff] end is updated to 02
[    5.707501] pci 0000:00:01.0: BAR 8: assigned [mem 0x13000000-0x130fffff]
[    5.714340] mmcblk1: mmc1:aaaa SD04G 3.69 GiB 
[    5.719437] pci 0000:00:02.0: BAR 8: assigned [mem 0x13100000-0x131fffff]
[    5.726272] pci 0000:00:02.0: BAR 9: assigned [mem 0x20000000-0x200fffff 64bit pref]
[    5.727408]  mmcblk1: p1 p2 p3
[    5.737159] pci 0000:00:02.0: BAR 7: assigned [io  0x1000-0x1fff]
[    5.743275] pci 0000:01:00.0: BAR 0: assigned [mem 0x13000000-0x13001fff 64bit]
[    5.750701] pci 0000:00:01.0: PCI bridge to [bus 01]
[    5.755758] pci 0000:00:01.0:   bridge window [mem 0x13000000-0x130fffff]
[    5.762559] pci 0000:02:00.0: BAR 4: assigned [mem 0x20000000-0x20003fff 64bit pref]
[    5.770332] pci 0000:02:00.0: BAR 2: assigned [mem 0x13100000-0x13100fff 64bit]
[    5.777667] pci 0000:02:00.0: BAR 0: assigned [io  0x1000-0x10ff]
[    5.783761] pci 0000:00:02.0: PCI bridge to [bus 02]
[    5.788736] pci 0000:00:02.0:   bridge window [io  0x1000-0x1fff]
[    5.794840] pci 0000:00:02.0:   bridge window [mem 0x13100000-0x131fffff]
[    5.801620] pci 0000:00:02.0:   bridge window [mem 0x20000000-0x200fffff 64bit pref]
[    5.809401] pci 0000:00:01.0: nv_msi_ht_cap_quirk didn't locate host bridge
[    5.816521] pcieport 0000:00:01.0: enabling device (0140 -> 0142)
[    5.823076] pcieport 0000:00:01.0: Signaling PME through PCIe PME interrupt
[    5.830049] pci 0000:01:00.0: Signaling PME through PCIe PME interrupt
[    5.836587] pcie_pme 0000:00:01.0:pcie001: service driver pcie_pme loaded
[    5.843475] pci 0000:00:02.0: nv_msi_ht_cap_quirk didn't locate host bridge
[    5.850574] pcieport 0000:00:02.0: enabling device (0140 -> 0143)
[    5.857101] pcieport 0000:00:02.0: Signaling PME through PCIe PME interrupt
[    5.864052] pci 0000:02:00.0: Signaling PME through PCIe PME interrupt
[    5.870594] pcie_pme 0000:00:02.0:pcie001: service driver pcie_pme loaded
[    5.877824] r8169 Gigabit Ethernet driver 2.3LK-NAPI loaded
[    5.883431] r8169 0000:02:00.0: enabling device (0140 -> 0143)
[    5.907552] r8169 0000:02:00.0 eth0: RTL8168g/8111g at 0xf09fc000, 00:04:4b:3a:d9:81, XID 0c000800 IRQ 395
[    5.917243] r8169 0000:02:00.0 eth0: jumbo features [frames: 9200 bytes, tx checksumming: ko]
[    5.930438] [drm] Supports vblank timestamp caching Rev 2 (21.10.2013).
[    5.937139] [drm] No driver support for vblank timestamp query.
[    6.071227] tegra-hdmi 54280000.hdmi: cannot set audio to 48000 Hz at 297000000 Hz pixel clock
[    6.239461] Console: switching to colour frame buffer device 512x135
[    6.335071] drm drm: fb0:  frame buffer device
[    6.364949] [drm] Initialized tegra 0.0.0 20120330 on minor 0
[    6.371838] of: dev_pm_opp_of_cpumask_add_table: couldn't find opp table for cpu:0, -19
[    6.379970] cpufreq: cpufreq_online: CPU0: Running at unlisted freq: 696000 KHz
[    6.387385] cpufreq: cpufreq_online: CPU0: Unlisted initial frequency changed to: 714000 KHz
[    6.396992] input: gpio-keys as /devices/soc0/gpio-keys/input/input2
[    6.404398] as3722-rtc as3722-rtc: setting system clock to 2000-01-01 00:02:40 UTC (946684960)
[    6.417820] +USB0_VBUS_SW: disabling
[    6.421397] +1.8V_RUN_CAM: disabling
[    6.425269] +2.8V_RUN_CAM: disabling
[    6.429096] +1.2V_RUN_CAM_FRONT: disabling
[    6.433391] +1.05V_RUN_CAM_REAR: disabling
[    6.437788] +3.3V_RUN_TOUCH: disabling
[    6.441773] +2.8V_RUN_CAM_AF: disabling
[    6.445797] +1.8V_RUN_VPP_FUSE: disabling
[    6.450201] ALSA device list:
[    6.453161]   #0: tegra-hda at 0x70038000 irq 346
[    6.457877]   #1: NVIDIA Tegra Jetson TK1
[    6.462724] EXT4-fs (mmcblk0p1): mounting ext3 file system using the ext4 subsystem
[    6.515222] EXT4-fs (mmcblk0p1): recovery complete
[    6.520009] EXT4-fs (mmcblk0p1): mounted filesystem with ordered data mode. Opts: (null)
[    6.528150] VFS: Mounted root (ext3 filesystem) on device 179:1.
[    6.539206] devtmpfs: mounted
[    6.542560] Freeing unused kernel memory: 1024K (c0c00000 - c0d00000)
bash: cannot set terminal process group (-1): Inappropriate ioctl for device
bash: no job control in this shell
root@(none):/# mount -t sysfs none /sys
root@(none):/# 
root@(none):/# mount -t debugfs none /sys/kernel/debug
root@(none):/# 
root@(none):/# rtcwake -d rtc1 -m mem -s 3
rtcwake: assuming RTC uses UTC ...
rtcwake: wakeup from "mem" using /dev/rtc1 at Thu Jan  1 00:00:22 1970
[    9.281303] PM: Syncing filesystems ... done.
[    9.306960] Freezing user space processes ... (elapsed 0.001 seconds) done.
[    9.307090] Double checking all user space processes after OOM killer disable... (elapsed 0.000 seconds) 
[    9.308749] Freezing remaining freezable tasks ... (elapsed 0.001 seconds) done.
[    9.308756] Suspending console(s) (use no_console_suspend to debug)
[    9.666269] PM: suspend of devices complete after 181.363 msecs
[    9.667403] PM: late suspend of devices complete after 1.128 msecs
[    9.685561] PM: noirq suspend of devices complete after 18.154 msecs
[    9.685564] Disabling non-boot CPUs ...
[    9.715249] CPU1: shutdown
[    9.785146] IRQ17 no longer affine to CPU2
[    9.785360] CPU2: shutdown
[    9.865212] CPU3: shutdown
[    9.895945] Entering suspend state LP1
[    9.895972] Enabling non-boot CPUs ...
[    9.926321] CPU1 is up
[    9.956569] CPU2 is up
[    9.986891] CPU3 is up
[    9.987615] pcieport 0000:00:01.0: nv_msi_ht_cap_quirk didn't locate host bridge
[    9.987617] pcieport 0000:00:02.0: nv_msi_ht_cap_quirk didn't locate host bridge
[   10.004905] PM: noirq resume of devices complete after 18.009 msecs
[   10.006715] PM: early resume of devices complete after 1.295 msecs
[   10.014635] tegra-hdmi 54280000.hdmi: cannot set audio to 48000 Hz at 297000000 Hz pixel clock
[   10.054861] ------------[ cut here ]------------
[   10.054874] WARNING: CPU: 0 PID: 126 at drivers/gpu/drm/drm_atomic_helper.c:1115 drm_atomic_helper_wait_for_vblanks+0x224/0x230
[   10.054876] [CRTC:25] vblank wait timed out
[   10.054879] Modules linked in:
[   10.054884] CPU: 0 PID: 126 Comm: rtcwake Not tainted 4.7.0-rc5-next-20160704-104210-gb2677d1 #1
[   10.054886] Hardware name: NVIDIA Tegra SoC (Flattened Device Tree)
[   10.054900] [<c010f200>] (unwind_backtrace) from [<c010a85c>] (show_stack+0x10/0x14)
[   10.054908] [<c010a85c>] (show_stack) from [<c034273c>] (dump_stack+0x84/0xa4)
[   10.054916] [<c034273c>] (dump_stack) from [<c011f368>] (__warn+0xd4/0x100)
[   10.054922] [<c011f368>] (__warn) from [<c011f434>] (warn_slowpath_fmt+0x38/0x48)
[   10.054927] [<c011f434>] (warn_slowpath_fmt) from [<c0409e70>] (drm_atomic_helper_wait_for_vblanks+0x224/0x230)
[   10.054934] [<c0409e70>] (drm_atomic_helper_wait_for_vblanks) from [<c0430440>] (tegra_atomic_complete+0x3c/0x54)
[   10.054938] [<c0430440>] (tegra_atomic_complete) from [<c04304b4>] (tegra_atomic_commit+0x5c/0x8c)
[   10.054944] [<c04304b4>] (tegra_atomic_commit) from [<c042cb04>] (drm_atomic_commit+0x40/0x64)
[   10.054949] [<c042cb04>] (drm_atomic_commit) from [<c04092e0>] (drm_atomic_helper_resume+0x28/0x3c)
[   10.054954] [<c04092e0>] (drm_atomic_helper_resume) from [<c042fe00>] (host1x_drm_resume+0x18/0x30)
[   10.054960] [<c042fe00>] (host1x_drm_resume) from [<c044fea8>] (pm_generic_resume+0x2c/0x38)
[   10.054967] [<c044fea8>] (pm_generic_resume) from [<c0453074>] (dpm_run_callback+0x1c/0x48)
[   10.054972] [<c0453074>] (dpm_run_callback) from [<c0453158>] (device_resume+0xb8/0x230)
[   10.054977] [<c0453158>] (device_resume) from [<c04547dc>] (dpm_resume+0xe0/0x208)
[   10.054981] [<c04547dc>] (dpm_resume) from [<c0454aa4>] (dpm_resume_end+0xc/0x18)
[   10.054988] [<c0454aa4>] (dpm_resume_end) from [<c0163788>] (suspend_devices_and_enter+0x10c/0x3e8)
[   10.054993] [<c0163788>] (suspend_devices_and_enter) from [<c0163c00>] (pm_suspend+0x19c/0x244)
[   10.054997] [<c0163c00>] (pm_suspend) from [<c0162848>] (state_store+0x68/0xb8)
[   10.055002] [<c0162848>] (state_store) from [<c0344624>] (kobj_attr_store+0x14/0x20)
[   10.055010] [<c0344624>] (kobj_attr_store) from [<c025684c>] (sysfs_kf_write+0x44/0x48)
[   10.055017] [<c025684c>] (sysfs_kf_write) from [<c0255e44>] (kernfs_fop_write+0xc0/0x1e0)
[   10.055023] [<c0255e44>] (kernfs_fop_write) from [<c01f9814>] (__vfs_write+0x2c/0x114)
[   10.055028] [<c01f9814>] (__vfs_write) from [<c01facf4>] (vfs_write+0xa4/0x160)
[   10.055033] [<c01facf4>] (vfs_write) from [<c01faf8c>] (SyS_write+0x40/0x8c)
[   10.055038] [<c01faf8c>] (SyS_write) from [<c0107880>] (ret_fast_syscall+0x0/0x3c)
[   10.055041] ---[ end trace 88432cd5263c5a63 ]---
[   10.327705] ata1: SATA link down (SStatus 0 SControl 300)
[   11.984893] PM: resume of devices complete after 1978.169 msecs
[   12.328691] Restarting tasks ... done.
root@(none):/# 
root@(none):/# rtcwake -d rtc1 -m mem -s 3
rtcwake: assuming RTC uses UTC ...
rtcwake: wakeup from "mem" using /dev/rtc1 at Thu Jan  1 00:00:29 1970
[   13.211518] PM: Syncing filesystems ... done.
[   13.237543] Freezing user space processes ... (elapsed 0.001 seconds) done.
[   13.237764] Double checking all user space processes after OOM killer disable... (elapsed 0.000 seconds) 
[   13.239705] Freezing remaining freezable tasks ... (elapsed 0.001 seconds) done.
[   13.239716] Suspending console(s) (use no_console_suspend to debug)
[   13.706273] PM: suspend of devices complete after 198.024 msecs
[   13.708120] PM: late suspend of devices complete after 1.838 msecs
[   13.725479] PM: noirq suspend of devices complete after 17.353 msecs
[   13.725481] Disabling non-boot CPUs ...
[   13.755189] CPU1: shutdown
[   13.814976] IRQ17 no longer affine to CPU2
[   13.815179] CPU2: shutdown
[   13.885157] CPU3: shutdown
[   13.915788] Entering suspend state LP1
[   13.915815] Enabling non-boot CPUs ...
[   13.946244] CPU1 is up
[   13.976446] CPU2 is up
[   14.006771] CPU3 is up
[   14.007468] pcieport 0000:00:01.0: nv_msi_ht_cap_quirk didn't locate host bridge
[   14.007470] pcieport 0000:00:02.0: nv_msi_ht_cap_quirk didn't locate host bridge
[   14.024878] PM: noirq resume of devices complete after 18.101 msecs
[   14.026790] PM: early resume of devices complete after 1.408 msecs
[   14.033541] tegra-hdmi 54280000.hdmi: cannot set audio to 48000 Hz at 297000000 Hz pixel clock
[   14.074834] ------------[ cut here ]------------
[   14.074846] WARNING: CPU: 0 PID: 139 at drivers/gpu/drm/drm_atomic_helper.c:1115 drm_atomic_helper_wait_for_vblanks+0x224/0x230
[   14.074848] [CRTC:25] vblank wait timed out
[   14.074851] Modules linked in:
[   14.074856] CPU: 0 PID: 139 Comm: rtcwake Tainted: G        W       4.7.0-rc5-next-20160704-104210-gb2677d1 #1
[   14.074858] Hardware name: NVIDIA Tegra SoC (Flattened Device Tree)
[   14.074871] [<c010f200>] (unwind_backtrace) from [<c010a85c>] (show_stack+0x10/0x14)
[   14.074878] [<c010a85c>] (show_stack) from [<c034273c>] (dump_stack+0x84/0xa4)
[   14.074886] [<c034273c>] (dump_stack) from [<c011f368>] (__warn+0xd4/0x100)
[   14.074892] [<c011f368>] (__warn) from [<c011f434>] (warn_slowpath_fmt+0x38/0x48)
[   14.074897] [<c011f434>] (warn_slowpath_fmt) from [<c0409e70>] (drm_atomic_helper_wait_for_vblanks+0x224/0x230)
[   14.074903] [<c0409e70>] (drm_atomic_helper_wait_for_vblanks) from [<c0430440>] (tegra_atomic_complete+0x3c/0x54)
[   14.074908] [<c0430440>] (tegra_atomic_complete) from [<c04304b4>] (tegra_atomic_commit+0x5c/0x8c)
[   14.074913] [<c04304b4>] (tegra_atomic_commit) from [<c042cb04>] (drm_atomic_commit+0x40/0x64)
[   14.074919] [<c042cb04>] (drm_atomic_commit) from [<c04092e0>] (drm_atomic_helper_resume+0x28/0x3c)
[   14.074923] [<c04092e0>] (drm_atomic_helper_resume) from [<c042fe00>] (host1x_drm_resume+0x18/0x30)
[   14.074930] [<c042fe00>] (host1x_drm_resume) from [<c044fea8>] (pm_generic_resume+0x2c/0x38)
[   14.074936] [<c044fea8>] (pm_generic_resume) from [<c0453074>] (dpm_run_callback+0x1c/0x48)
[   14.074940] [<c0453074>] (dpm_run_callback) from [<c0453158>] (device_resume+0xb8/0x230)
[   14.074945] [<c0453158>] (device_resume) from [<c04547dc>] (dpm_resume+0xe0/0x208)
[   14.074950] [<c04547dc>] (dpm_resume) from [<c0454aa4>] (dpm_resume_end+0xc/0x18)
[   14.074956] [<c0454aa4>] (dpm_resume_end) from [<c0163788>] (suspend_devices_and_enter+0x10c/0x3e8)
[   14.074961] [<c0163788>] (suspend_devices_and_enter) from [<c0163c00>] (pm_suspend+0x19c/0x244)
[   14.074965] [<c0163c00>] (pm_suspend) from [<c0162848>] (state_store+0x68/0xb8)
[   14.074971] [<c0162848>] (state_store) from [<c0344624>] (kobj_attr_store+0x14/0x20)
[   14.074978] [<c0344624>] (kobj_attr_store) from [<c025684c>] (sysfs_kf_write+0x44/0x48)
[   14.074985] [<c025684c>] (sysfs_kf_write) from [<c0255e44>] (kernfs_fop_write+0xc0/0x1e0)
[   14.074991] [<c0255e44>] (kernfs_fop_write) from [<c01f9814>] (__vfs_write+0x2c/0x114)
[   14.074997] [<c01f9814>] (__vfs_write) from [<c01facf4>] (vfs_write+0xa4/0x160)
[   14.075002] [<c01facf4>] (vfs_write) from [<c01faf8c>] (SyS_write+0x40/0x8c)
[   14.075007] [<c01faf8c>] (SyS_write) from [<c0107880>] (ret_fast_syscall+0x0/0x3c)
[   14.075009] ---[ end trace 88432cd5263c5a64 ]---
[   14.347670] ata1: SATA link down (SStatus 0 SControl 300)
[   16.014877] PM: resume of devices complete after 1988.078 msecs
[   16.359866] Restarting tasks ... done.
root@(none):/# 
root@(none):/# rtcwake -d rtc1 -m mem -s 3
rtcwake: assuming RTC uses UTC ...
rtcwake: wakeup from "mem" using /dev/rtc1 at Thu Jan  1 00:00:36 1970
[   17.251284] PM: Syncing filesystems ... done.
[   17.277454] Freezing user space processes ... (elapsed 0.001 seconds) done.
[   17.277677] Double checking all user space processes after OOM killer disable... (elapsed 0.000 seconds) 
[   17.279623] Freezing remaining freezable tasks ... (elapsed 0.001 seconds) done.
[   17.279633] Suspending console(s) (use no_console_suspend to debug)
[   17.726203] PM: suspend of devices complete after 184.754 msecs
[   17.727262] PM: late suspend of devices complete after 1.054 msecs
[   17.745452] PM: noirq suspend of devices complete after 18.186 msecs
[   17.745455] Disabling non-boot CPUs ...
[   17.775184] CPU1: shutdown
[   17.835180] CPU2: shutdown
[   17.895125] CPU3: shutdown
[   17.935844] Entering suspend state LP1
[   17.935872] Enabling non-boot CPUs ...
[   17.966288] CPU1 is up
[   17.996528] CPU2 is up
[   18.026855] CPU3 is up
[   18.027579] pcieport 0000:00:01.0: nv_msi_ht_cap_quirk didn't locate host bridge
[   18.027582] pcieport 0000:00:02.0: nv_msi_ht_cap_quirk didn't locate host bridge
[   18.044858] PM: noirq resume of devices complete after 17.998 msecs
[   18.046992] PM: early resume of devices complete after 1.618 msecs
[   18.053736] tegra-hdmi 54280000.hdmi: cannot set audio to 48000 Hz at 297000000 Hz pixel clock
[   18.094860] ------------[ cut here ]------------
[   18.094873] WARNING: CPU: 0 PID: 146 at drivers/gpu/drm/drm_atomic_helper.c:1115 drm_atomic_helper_wait_for_vblanks+0x224/0x230
[   18.094885] [CRTC:25] vblank wait timed out
[   18.094889] Modules linked in:
[   18.094894] CPU: 0 PID: 146 Comm: rtcwake Tainted: G        W       4.7.0-rc5-next-20160704-104210-gb2677d1 #1
[   18.094896] Hardware name: NVIDIA Tegra SoC (Flattened Device Tree)
[   18.094909] [<c010f200>] (unwind_backtrace) from [<c010a85c>] (show_stack+0x10/0x14)
[   18.094917] [<c010a85c>] (show_stack) from [<c034273c>] (dump_stack+0x84/0xa4)
[   18.094924] [<c034273c>] (dump_stack) from [<c011f368>] (__warn+0xd4/0x100)
[   18.094930] [<c011f368>] (__warn) from [<c011f434>] (warn_slowpath_fmt+0x38/0x48)
[   18.094936] [<c011f434>] (warn_slowpath_fmt) from [<c0409e70>] (drm_atomic_helper_wait_for_vblanks+0x224/0x230)
[   18.094942] [<c0409e70>] (drm_atomic_helper_wait_for_vblanks) from [<c0430440>] (tegra_atomic_complete+0x3c/0x54)
[   18.094947] [<c0430440>] (tegra_atomic_complete) from [<c04304b4>] (tegra_atomic_commit+0x5c/0x8c)
[   18.094953] [<c04304b4>] (tegra_atomic_commit) from [<c042cb04>] (drm_atomic_commit+0x40/0x64)
[   18.094958] [<c042cb04>] (drm_atomic_commit) from [<c04092e0>] (drm_atomic_helper_resume+0x28/0x3c)
[   18.094962] [<c04092e0>] (drm_atomic_helper_resume) from [<c042fe00>] (host1x_drm_resume+0x18/0x30)
[   18.094969] [<c042fe00>] (host1x_drm_resume) from [<c044fea8>] (pm_generic_resume+0x2c/0x38)
[   18.094976] [<c044fea8>] (pm_generic_resume) from [<c0453074>] (dpm_run_callback+0x1c/0x48)
[   18.094981] [<c0453074>] (dpm_run_callback) from [<c0453158>] (device_resume+0xb8/0x230)
[   18.094986] [<c0453158>] (device_resume) from [<c04547dc>] (dpm_resume+0xe0/0x208)
[   18.094991] [<c04547dc>] (dpm_resume) from [<c0454aa4>] (dpm_resume_end+0xc/0x18)
[   18.094997] [<c0454aa4>] (dpm_resume_end) from [<c0163788>] (suspend_devices_and_enter+0x10c/0x3e8)
[   18.095002] [<c0163788>] (suspend_devices_and_enter) from [<c0163c00>] (pm_suspend+0x19c/0x244)
[   18.095006] [<c0163c00>] (pm_suspend) from [<c0162848>] (state_store+0x68/0xb8)
[   18.095012] [<c0162848>] (state_store) from [<c0344624>] (kobj_attr_store+0x14/0x20)
[   18.095020] [<c0344624>] (kobj_attr_store) from [<c025684c>] (sysfs_kf_write+0x44/0x48)
[   18.095027] [<c025684c>] (sysfs_kf_write) from [<c0255e44>] (kernfs_fop_write+0xc0/0x1e0)
[   18.095033] [<c0255e44>] (kernfs_fop_write) from [<c01f9814>] (__vfs_write+0x2c/0x114)
[   18.095038] [<c01f9814>] (__vfs_write) from [<c01facf4>] (vfs_write+0xa4/0x160)
[   18.095043] [<c01facf4>] (vfs_write) from [<c01faf8c>] (SyS_write+0x40/0x8c)
[   18.095048] [<c01faf8c>] (SyS_write) from [<c0107880>] (ret_fast_syscall+0x0/0x3c)
[   18.095060] ---[ end trace 88432cd5263c5a65 ]---
[   18.367681] ata1: SATA link down (SStatus 0 SControl 300)
[   20.034852] PM: resume of devices complete after 1987.851 msecs
[   20.376006] Restarting tasks ... done.
root@(none):/# 
root@(none):/# rtcwake -d rtc1 -m mem -s 3
rtcwake: assuming RTC uses UTC ...
rtcwake: wakeup from "mem" using /dev/rtc1 at Thu Jan  1 00:00:43 1970
[   21.271425] PM: Syncing filesystems ... done.
[   21.297528] Freezing user space processes ... (elapsed 0.001 seconds) done.
[   21.297769] Double checking all user space processes after OOM killer disable... (elapsed 0.000 seconds) 
[   21.299771] Freezing remaining freezable tasks ... (elapsed 0.001 seconds) done.
[   21.299782] Suspending console(s) (use no_console_suspend to debug)
[   21.776177] PM: suspend of devices complete after 207.898 msecs
[   21.777214] PM: late suspend of devices complete after 1.032 msecs
[   21.795482] PM: noirq suspend of devices complete after 18.264 msecs
[   21.795484] Disabling non-boot CPUs ...
[   21.835158] CPU1: shutdown
[   21.895133] CPU2: shutdown
[   21.965103] CPU3: shutdown
[   21.995786] Entering suspend state LP1
[   21.995813] Enabling non-boot CPUs ...
[   22.026228] CPU1 is up
[   22.056451] CPU2 is up
[   22.086761] CPU3 is up
[   22.087485] pcieport 0000:00:02.0: nv_msi_ht_cap_quirk didn't locate host bridge
[   22.087487] pcieport 0000:00:01.0: nv_msi_ht_cap_quirk didn't locate host bridge
[   22.104828] PM: noirq resume of devices complete after 18.061 msecs
[   22.106651] PM: early resume of devices complete after 1.302 msecs
[   22.113518] tegra-hdmi 54280000.hdmi: cannot set audio to 48000 Hz at 297000000 Hz pixel clock
[   22.154802] ------------[ cut here ]------------
[   22.154815] WARNING: CPU: 0 PID: 156 at drivers/gpu/drm/drm_atomic_helper.c:1115 drm_atomic_helper_wait_for_vblanks+0x224/0x230
[   22.154817] [CRTC:25] vblank wait timed out
[   22.154821] Modules linked in:
[   22.154825] CPU: 0 PID: 156 Comm: rtcwake Tainted: G        W       4.7.0-rc5-next-20160704-104210-gb2677d1 #1
[   22.154827] Hardware name: NVIDIA Tegra SoC (Flattened Device Tree)
[   22.154841] [<c010f200>] (unwind_backtrace) from [<c010a85c>] (show_stack+0x10/0x14)
[   22.154849] [<c010a85c>] (show_stack) from [<c034273c>] (dump_stack+0x84/0xa4)
[   22.154856] [<c034273c>] (dump_stack) from [<c011f368>] (__warn+0xd4/0x100)
[   22.154862] [<c011f368>] (__warn) from [<c011f434>] (warn_slowpath_fmt+0x38/0x48)
[   22.154868] [<c011f434>] (warn_slowpath_fmt) from [<c0409e70>] (drm_atomic_helper_wait_for_vblanks+0x224/0x230)
[   22.154874] [<c0409e70>] (drm_atomic_helper_wait_for_vblanks) from [<c0430440>] (tegra_atomic_complete+0x3c/0x54)
[   22.154879] [<c0430440>] (tegra_atomic_complete) from [<c04304b4>] (tegra_atomic_commit+0x5c/0x8c)
[   22.154886] [<c04304b4>] (tegra_atomic_commit) from [<c042cb04>] (drm_atomic_commit+0x40/0x64)
[   22.154894] [<c042cb04>] (drm_atomic_commit) from [<c04092e0>] (drm_atomic_helper_resume+0x28/0x3c)
[   22.154902] [<c04092e0>] (drm_atomic_helper_resume) from [<c042fe00>] (host1x_drm_resume+0x18/0x30)
[   22.154913] [<c042fe00>] (host1x_drm_resume) from [<c044fea8>] (pm_generic_resume+0x2c/0x38)
[   22.154923] [<c044fea8>] (pm_generic_resume) from [<c0453074>] (dpm_run_callback+0x1c/0x48)
[   22.154928] [<c0453074>] (dpm_run_callback) from [<c0453158>] (device_resume+0xb8/0x230)
[   22.154933] [<c0453158>] (device_resume) from [<c04547dc>] (dpm_resume+0xe0/0x208)
[   22.154938] [<c04547dc>] (dpm_resume) from [<c0454aa4>] (dpm_resume_end+0xc/0x18)
[   22.154944] [<c0454aa4>] (dpm_resume_end) from [<c0163788>] (suspend_devices_and_enter+0x10c/0x3e8)
[   22.154949] [<c0163788>] (suspend_devices_and_enter) from [<c0163c00>] (pm_suspend+0x19c/0x244)
[   22.154953] [<c0163c00>] (pm_suspend) from [<c0162848>] (state_store+0x68/0xb8)
[   22.154960] [<c0162848>] (state_store) from [<c0344624>] (kobj_attr_store+0x14/0x20)
[   22.154968] [<c0344624>] (kobj_attr_store) from [<c025684c>] (sysfs_kf_write+0x44/0x48)
[   22.154975] [<c025684c>] (sysfs_kf_write) from [<c0255e44>] (kernfs_fop_write+0xc0/0x1e0)
[   22.154981] [<c0255e44>] (kernfs_fop_write) from [<c01f9814>] (__vfs_write+0x2c/0x114)
[   22.154987] [<c01f9814>] (__vfs_write) from [<c01facf4>] (vfs_write+0xa4/0x160)
[   22.154991] [<c01facf4>] (vfs_write) from [<c01faf8c>] (SyS_write+0x40/0x8c)
[   22.154997] [<c01faf8c>] (SyS_write) from [<c0107880>] (ret_fast_syscall+0x0/0x3c)
[   22.155002] ---[ end trace 88432cd5263c5a66 ]---
[   22.427476] ata1: SATA link down (SStatus 0 SControl 300)
[   24.084824] PM: resume of devices complete after 1978.164 msecs
[   24.425674] Restarting tasks ... done.
root@(none):/# 
root@(none):/# rtcwake -d rtc1 -m mem -s 3
rtcwake: assuming RTC uses UTC ...
rtcwake: wakeup from "mem" using /dev/rtc1 at Thu Jan  1 00:00:50 1970
[   25.347981] PM: Syncing filesystems ... done.
[   25.386228] Freezing user space processes ... (elapsed 0.020 seconds) done.
[   25.386476] Double checking all user space processes after OOM killer disable... (elapsed 0.000 seconds) 
[   25.388478] Freezing remaining freezable tasks ... (elapsed 0.001 seconds) done.
[   25.388489] Suspending console(s) (use no_console_suspend to debug)
[   25.836210] PM: suspend of devices complete after 197.406 msecs
[   25.838269] PM: late suspend of devices complete after 2.049 msecs
[   25.855451] PM: noirq suspend of devices complete after 17.176 msecs
[   25.855453] Disabling non-boot CPUs ...
[   25.884940] IRQ17 no longer affine to CPU1
[   25.885146] CPU1: shutdown
[   25.945124] CPU2: shutdown
[   26.005076] CPU3: shutdown
[   26.045792] Entering suspend state LP1
[   26.045820] Enabling non-boot CPUs ...
[   26.076246] CPU1 is up
[   26.106474] CPU2 is up
[   26.136805] CPU3 is up
[   26.137565] pcieport 0000:00:02.0: nv_msi_ht_cap_quirk didn't locate host bridge
[   26.137567] pcieport 0000:00:01.0: nv_msi_ht_cap_quirk didn't locate host bridge
[   26.154819] PM: noirq resume of devices complete after 18.009 msecs
[   26.156837] PM: early resume of devices complete after 1.485 msecs
[   26.163701] tegra-hdmi 54280000.hdmi: cannot set audio to 48000 Hz at 297000000 Hz pixel clock
[   26.204762] ------------[ cut here ]------------
[   26.204775] WARNING: CPU: 0 PID: 165 at drivers/gpu/drm/drm_atomic_helper.c:1115 drm_atomic_helper_wait_for_vblanks+0x224/0x230
[   26.204777] [CRTC:25] vblank wait timed out
[   26.204780] Modules linked in:
[   26.204785] CPU: 0 PID: 165 Comm: rtcwake Tainted: G        W       4.7.0-rc5-next-20160704-104210-gb2677d1 #1
[   26.204787] Hardware name: NVIDIA Tegra SoC (Flattened Device Tree)
[   26.204800] [<c010f200>] (unwind_backtrace) from [<c010a85c>] (show_stack+0x10/0x14)
[   26.204808] [<c010a85c>] (show_stack) from [<c034273c>] (dump_stack+0x84/0xa4)
[   26.204816] [<c034273c>] (dump_stack) from [<c011f368>] (__warn+0xd4/0x100)
[   26.204822] [<c011f368>] (__warn) from [<c011f434>] (warn_slowpath_fmt+0x38/0x48)
[   26.204828] [<c011f434>] (warn_slowpath_fmt) from [<c0409e70>] (drm_atomic_helper_wait_for_vblanks+0x224/0x230)
[   26.204834] [<c0409e70>] (drm_atomic_helper_wait_for_vblanks) from [<c0430440>] (tegra_atomic_complete+0x3c/0x54)
[   26.204839] [<c0430440>] (tegra_atomic_complete) from [<c04304b4>] (tegra_atomic_commit+0x5c/0x8c)
[   26.204844] [<c04304b4>] (tegra_atomic_commit) from [<c042cb04>] (drm_atomic_commit+0x40/0x64)
[   26.204850] [<c042cb04>] (drm_atomic_commit) from [<c04092e0>] (drm_atomic_helper_resume+0x28/0x3c)
[   26.204854] [<c04092e0>] (drm_atomic_helper_resume) from [<c042fe00>] (host1x_drm_resume+0x18/0x30)
[   26.204860] [<c042fe00>] (host1x_drm_resume) from [<c044fea8>] (pm_generic_resume+0x2c/0x38)
[   26.204867] [<c044fea8>] (pm_generic_resume) from [<c0453074>] (dpm_run_callback+0x1c/0x48)
[   26.204872] [<c0453074>] (dpm_run_callback) from [<c0453158>] (device_resume+0xb8/0x230)
[   26.204877] [<c0453158>] (device_resume) from [<c04547dc>] (dpm_resume+0xe0/0x208)
[   26.204882] [<c04547dc>] (dpm_resume) from [<c0454aa4>] (dpm_resume_end+0xc/0x18)
[   26.204888] [<c0454aa4>] (dpm_resume_end) from [<c0163788>] (suspend_devices_and_enter+0x10c/0x3e8)
[   26.204893] [<c0163788>] (suspend_devices_and_enter) from [<c0163c00>] (pm_suspend+0x19c/0x244)
[   26.204897] [<c0163c00>] (pm_suspend) from [<c0162848>] (state_store+0x68/0xb8)
[   26.204903] [<c0162848>] (state_store) from [<c0344624>] (kobj_attr_store+0x14/0x20)
[   26.204910] [<c0344624>] (kobj_attr_store) from [<c025684c>] (sysfs_kf_write+0x44/0x48)
[   26.204917] [<c025684c>] (sysfs_kf_write) from [<c0255e44>] (kernfs_fop_write+0xc0/0x1e0)
[   26.204924] [<c0255e44>] (kernfs_fop_write) from [<c01f9814>] (__vfs_write+0x2c/0x114)
[   26.204929] [<c01f9814>] (__vfs_write) from [<c01facf4>] (vfs_write+0xa4/0x160)
[   26.204934] [<c01facf4>] (vfs_write) from [<c01faf8c>] (SyS_write+0x40/0x8c)
[   26.204939] [<c01faf8c>] (SyS_write) from [<c0107880>] (ret_fast_syscall+0x0/0x3c)
[   26.204942] ---[ end trace 88432cd5263c5a67 ]---
[   26.477622] ata1: SATA link down (SStatus 0 SControl 300)
[   28.134829] PM: resume of devices complete after 1977.984 msecs
[   28.479674] Restarting tasks ... done.
root@(none):/# 
root@(none):/# rtcwake -d rtc1 -m mem -s 3
rtcwake: assuming RTC uses UTC ...
rtcwake: wakeup from "mem" using /dev/rtc1 at Thu Jan  1 00:00:57 1970
[   29.391931] PM: Syncing filesystems ... done.
[   29.417529] Freezing user space processes ... (elapsed 0.001 seconds) done.
[   29.417791] Double checking all user space processes after OOM killer disable... (elapsed 0.000 seconds) 
[   29.419893] Freezing remaining freezable tasks ... (elapsed 0.002 seconds) done.
[   29.419904] Suspending console(s) (use no_console_suspend to debug)
[   29.886164] PM: suspend of devices complete after 196.259 msecs
[   29.887664] PM: late suspend of devices complete after 1.490 msecs
[   29.905369] PM: noirq suspend of devices complete after 17.700 msecs
[   29.905371] Disabling non-boot CPUs ...
[   29.945078] CPU1: shutdown
[   30.004881] IRQ17 no longer affine to CPU2
[   30.005083] CPU2: shutdown
[   30.075040] CPU3: shutdown
[   30.105673] Entering suspend state LP1
[   30.105699] Enabling non-boot CPUs ...
[   30.136092] CPU1 is up
[   30.166304] CPU2 is up
[   30.196600] CPU3 is up
[   30.197305] pcieport 0000:00:02.0: nv_msi_ht_cap_quirk didn't locate host bridge
[   30.197307] pcieport 0000:00:01.0: nv_msi_ht_cap_quirk didn't locate host bridge
[   30.214779] PM: noirq resume of devices complete after 18.175 msecs
[   30.216423] PM: early resume of devices complete after 1.126 msecs
[   30.223390] tegra-hdmi 54280000.hdmi: cannot set audio to 48000 Hz at 297000000 Hz pixel clock
[   30.264740] ------------[ cut here ]------------
[   30.264752] WARNING: CPU: 0 PID: 172 at drivers/gpu/drm/drm_atomic_helper.c:1115 drm_atomic_helper_wait_for_vblanks+0x224/0x230
[   30.264754] [CRTC:25] vblank wait timed out
[   30.264758] Modules linked in:
[   30.264763] CPU: 0 PID: 172 Comm: rtcwake Tainted: G        W       4.7.0-rc5-next-20160704-104210-gb2677d1 #1
[   30.264765] Hardware name: NVIDIA Tegra SoC (Flattened Device Tree)
[   30.264778] [<c010f200>] (unwind_backtrace) from [<c010a85c>] (show_stack+0x10/0x14)
[   30.264785] [<c010a85c>] (show_stack) from [<c034273c>] (dump_stack+0x84/0xa4)
[   30.264793] [<c034273c>] (dump_stack) from [<c011f368>] (__warn+0xd4/0x100)
[   30.264799] [<c011f368>] (__warn) from [<c011f434>] (warn_slowpath_fmt+0x38/0x48)
[   30.264805] [<c011f434>] (warn_slowpath_fmt) from [<c0409e70>] (drm_atomic_helper_wait_for_vblanks+0x224/0x230)
[   30.264811] [<c0409e70>] (drm_atomic_helper_wait_for_vblanks) from [<c0430440>] (tegra_atomic_complete+0x3c/0x54)
[   30.264816] [<c0430440>] (tegra_atomic_complete) from [<c04304b4>] (tegra_atomic_commit+0x5c/0x8c)
[   30.264821] [<c04304b4>] (tegra_atomic_commit) from [<c042cb04>] (drm_atomic_commit+0x40/0x64)
[   30.264826] [<c042cb04>] (drm_atomic_commit) from [<c04092e0>] (drm_atomic_helper_resume+0x28/0x3c)
[   30.264831] [<c04092e0>] (drm_atomic_helper_resume) from [<c042fe00>] (host1x_drm_resume+0x18/0x30)
[   30.264837] [<c042fe00>] (host1x_drm_resume) from [<c044fea8>] (pm_generic_resume+0x2c/0x38)
[   30.264843] [<c044fea8>] (pm_generic_resume) from [<c0453074>] (dpm_run_callback+0x1c/0x48)
[   30.264848] [<c0453074>] (dpm_run_callback) from [<c0453158>] (device_resume+0xb8/0x230)
[   30.264853] [<c0453158>] (device_resume) from [<c04547dc>] (dpm_resume+0xe0/0x208)
[   30.264857] [<c04547dc>] (dpm_resume) from [<c0454aa4>] (dpm_resume_end+0xc/0x18)
[   30.264863] [<c0454aa4>] (dpm_resume_end) from [<c0163788>] (suspend_devices_and_enter+0x10c/0x3e8)
[   30.264868] [<c0163788>] (suspend_devices_and_enter) from [<c0163c00>] (pm_suspend+0x19c/0x244)
[   30.264872] [<c0163c00>] (pm_suspend) from [<c0162848>] (state_store+0x68/0xb8)
[   30.264878] [<c0162848>] (state_store) from [<c0344624>] (kobj_attr_store+0x14/0x20)
[   30.264885] [<c0344624>] (kobj_attr_store) from [<c025684c>] (sysfs_kf_write+0x44/0x48)
[   30.264891] [<c025684c>] (sysfs_kf_write) from [<c0255e44>] (kernfs_fop_write+0xc0/0x1e0)
[   30.264898] [<c0255e44>] (kernfs_fop_write) from [<c01f9814>] (__vfs_write+0x2c/0x114)
[   30.264903] [<c01f9814>] (__vfs_write) from [<c01facf4>] (vfs_write+0xa4/0x160)
[   30.264908] [<c01facf4>] (vfs_write) from [<c01faf8c>] (SyS_write+0x40/0x8c)
[   30.264913] [<c01faf8c>] (SyS_write) from [<c0107880>] (ret_fast_syscall+0x0/0x3c)
[   30.264916] ---[ end trace 88432cd5263c5a68 ]---
[   30.537570] ata1: SATA link down (SStatus 0 SControl 300)
[   32.194800] PM: resume of devices complete after 1978.368 msecs
[   32.539872] Restarting tasks ... done.
root@(none):/# 
root@(none):/# rtcwake -d rtc1 -m mem -s 3
rtcwake: assuming RTC uses UTC ...
rtcwake: wakeup from "mem" using /dev/rtc1 at Thu Jan  1 00:01:04 1970
[   33.441710] PM: Syncing filesystems ... done.
[   33.466955] Freezing user space processes ... (elapsed 0.001 seconds) done.
[   33.467130] Double checking all user space processes after OOM killer disable... (elapsed 0.000 seconds) 
[   33.468868] Freezing remaining freezable tasks ... (elapsed 0.001 seconds) done.
[   33.468876] Suspending console(s) (use no_console_suspend to debug)
[   33.826989] PM: suspend of devices complete after 177.557 msecs
[   33.832921] PM: late suspend of devices complete after 5.907 msecs
[   33.848112] PM: noirq suspend of devices complete after 15.171 msecs
[   33.848120] Disabling non-boot CPUs ...
[   33.886327] CPU1: shutdown
[   33.946302] CPU2: shutdown
[   34.006161] CPU3: shutdown
[   34.039494] Entering suspend state LP1
[   34.039521] Enabling non-boot CPUs ...
[   34.066202] CPU1 is up
[   34.096431] CPU2 is up
[   34.126756] CPU3 is up
[   34.127450] pcieport 0000:00:01.0: nv_msi_ht_cap_quirk didn't locate host bridge
[   34.127460] pcieport 0000:00:02.0: nv_msi_ht_cap_quirk didn't locate host bridge
[   34.144757] PM: noirq resume of devices complete after 17.995 msecs
[   34.146601] PM: early resume of devices complete after 1.330 msecs
[   34.154522] tegra-hdmi 54280000.hdmi: cannot set audio to 48000 Hz at 297000000 Hz pixel clock
[   34.194705] ------------[ cut here ]------------
[   34.194718] WARNING: CPU: 0 PID: 178 at drivers/gpu/drm/drm_atomic_helper.c:1115 drm_atomic_helper_wait_for_vblanks+0x224/0x230
[   34.194720] [CRTC:25] vblank wait timed out
[   34.194723] Modules linked in:
[   34.194728] CPU: 0 PID: 178 Comm: rtcwake Tainted: G        W       4.7.0-rc5-next-20160704-104210-gb2677d1 #1
[   34.194730] Hardware name: NVIDIA Tegra SoC (Flattened Device Tree)
[   34.194743] [<c010f200>] (unwind_backtrace) from [<c010a85c>] (show_stack+0x10/0x14)
[   34.194751] [<c010a85c>] (show_stack) from [<c034273c>] (dump_stack+0x84/0xa4)
[   34.194758] [<c034273c>] (dump_stack) from [<c011f368>] (__warn+0xd4/0x100)
[   34.194764] [<c011f368>] (__warn) from [<c011f434>] (warn_slowpath_fmt+0x38/0x48)
[   34.194770] [<c011f434>] (warn_slowpath_fmt) from [<c0409e70>] (drm_atomic_helper_wait_for_vblanks+0x224/0x230)
[   34.194776] [<c0409e70>] (drm_atomic_helper_wait_for_vblanks) from [<c0430440>] (tegra_atomic_complete+0x3c/0x54)
[   34.194781] [<c0430440>] (tegra_atomic_complete) from [<c04304b4>] (tegra_atomic_commit+0x5c/0x8c)
[   34.194786] [<c04304b4>] (tegra_atomic_commit) from [<c042cb04>] (drm_atomic_commit+0x40/0x64)
[   34.194792] [<c042cb04>] (drm_atomic_commit) from [<c04092e0>] (drm_atomic_helper_resume+0x28/0x3c)
[   34.194796] [<c04092e0>] (drm_atomic_helper_resume) from [<c042fe00>] (host1x_drm_resume+0x18/0x30)
[   34.194803] [<c042fe00>] (host1x_drm_resume) from [<c044fea8>] (pm_generic_resume+0x2c/0x38)
[   34.194810] [<c044fea8>] (pm_generic_resume) from [<c0453074>] (dpm_run_callback+0x1c/0x48)
[   34.194814] [<c0453074>] (dpm_run_callback) from [<c0453158>] (device_resume+0xb8/0x230)
[   34.194819] [<c0453158>] (device_resume) from [<c04547dc>] (dpm_resume+0xe0/0x208)
[   34.194824] [<c04547dc>] (dpm_resume) from [<c0454aa4>] (dpm_resume_end+0xc/0x18)
[   34.194830] [<c0454aa4>] (dpm_resume_end) from [<c0163788>] (suspend_devices_and_enter+0x10c/0x3e8)
[   34.194836] [<c0163788>] (suspend_devices_and_enter) from [<c0163c00>] (pm_suspend+0x19c/0x244)
[   34.194840] [<c0163c00>] (pm_suspend) from [<c0162848>] (state_store+0x68/0xb8)
[   34.194845] [<c0162848>] (state_store) from [<c0344624>] (kobj_attr_store+0x14/0x20)
[   34.194853] [<c0344624>] (kobj_attr_store) from [<c025684c>] (sysfs_kf_write+0x44/0x48)
[   34.194860] [<c025684c>] (sysfs_kf_write) from [<c0255e44>] (kernfs_fop_write+0xc0/0x1e0)
[   34.194866] [<c0255e44>] (kernfs_fop_write) from [<c01f9814>] (__vfs_write+0x2c/0x114)
[   34.194872] [<c01f9814>] (__vfs_write) from [<c01facf4>] (vfs_write+0xa4/0x160)
[   34.194877] [<c01facf4>] (vfs_write) from [<c01faf8c>] (SyS_write+0x40/0x8c)
[   34.194882] [<c01faf8c>] (SyS_write) from [<c0107880>] (ret_fast_syscall+0x0/0x3c)
[   34.194885] ---[ end trace 88432cd5263c5a69 ]---
[   34.467401] ata1: SATA link down (SStatus 0 SControl 300)
[   36.124744] PM: resume of devices complete after 1978.136 msecs
[   36.465648] Restarting tasks ... done.
root@(none):/# 
root@(none):/# rtcwake -d rtc1 -m mem -s 3
rtcwake: assuming RTC uses UTC ...
rtcwake: wakeup from "mem" using /dev/rtc1 at Thu Jan  1 00:01:11 1970
[   37.389077] PM: Syncing filesystems ... done.
[   37.426187] Freezing user space processes ... (elapsed 0.020 seconds) done.
[   37.426456] Double checking all user space processes after OOM killer disable... (elapsed 0.000 seconds) 
[   37.428521] Freezing remaining freezable tasks ... (elapsed 0.002 seconds) done.
[   37.428532] Suspending console(s) (use no_console_suspend to debug)
[   37.876130] PM: suspend of devices complete after 190.604 msecs
[   37.877733] PM: late suspend of devices complete after 1.595 msecs
[   37.895427] PM: noirq suspend of devices complete after 17.688 msecs
[   37.895429] Disabling non-boot CPUs ...
[   37.925070] CPU1: shutdown
[   37.985046] CPU2: shutdown
[   38.044997] CPU3: shutdown
[   38.085712] Entering suspend state LP1
[   38.085739] Enabling non-boot CPUs ...
[   38.116184] CPU1 is up
[   38.146420] CPU2 is up
[   38.176741] CPU3 is up
[   38.177457] pcieport 0000:00:02.0: nv_msi_ht_cap_quirk didn't locate host bridge
[   38.177459] pcieport 0000:00:01.0: nv_msi_ht_cap_quirk didn't locate host bridge
[   38.194737] PM: noirq resume of devices complete after 17.991 msecs
[   38.196929] PM: early resume of devices complete after 1.657 msecs
[   38.203798] tegra-hdmi 54280000.hdmi: cannot set audio to 48000 Hz at 297000000 Hz pixel clock
[   38.244680] ------------[ cut here ]------------
[   38.244693] WARNING: CPU: 0 PID: 182 at drivers/gpu/drm/drm_atomic_helper.c:1115 drm_atomic_helper_wait_for_vblanks+0x224/0x230
[   38.244695] [CRTC:25] vblank wait timed out
[   38.244698] Modules linked in:
[   38.244704] CPU: 0 PID: 182 Comm: rtcwake Tainted: G        W       4.7.0-rc5-next-20160704-104210-gb2677d1 #1
[   38.244705] Hardware name: NVIDIA Tegra SoC (Flattened Device Tree)
[   38.244719] [<c010f200>] (unwind_backtrace) from [<c010a85c>] (show_stack+0x10/0x14)
[   38.244726] [<c010a85c>] (show_stack) from [<c034273c>] (dump_stack+0x84/0xa4)
[   38.244734] [<c034273c>] (dump_stack) from [<c011f368>] (__warn+0xd4/0x100)
[   38.244740] [<c011f368>] (__warn) from [<c011f434>] (warn_slowpath_fmt+0x38/0x48)
[   38.244746] [<c011f434>] (warn_slowpath_fmt) from [<c0409e70>] (drm_atomic_helper_wait_for_vblanks+0x224/0x230)
[   38.244752] [<c0409e70>] (drm_atomic_helper_wait_for_vblanks) from [<c0430440>] (tegra_atomic_complete+0x3c/0x54)
[   38.244757] [<c0430440>] (tegra_atomic_complete) from [<c04304b4>] (tegra_atomic_commit+0x5c/0x8c)
[   38.244763] [<c04304b4>] (tegra_atomic_commit) from [<c042cb04>] (drm_atomic_commit+0x40/0x64)
[   38.244768] [<c042cb04>] (drm_atomic_commit) from [<c04092e0>] (drm_atomic_helper_resume+0x28/0x3c)
[   38.244772] [<c04092e0>] (drm_atomic_helper_resume) from [<c042fe00>] (host1x_drm_resume+0x18/0x30)
[   38.244779] [<c042fe00>] (host1x_drm_resume) from [<c044fea8>] (pm_generic_resume+0x2c/0x38)
[   38.244786] [<c044fea8>] (pm_generic_resume) from [<c0453074>] (dpm_run_callback+0x1c/0x48)
[   38.244790] [<c0453074>] (dpm_run_callback) from [<c0453158>] (device_resume+0xb8/0x230)
[   38.244795] [<c0453158>] (device_resume) from [<c04547dc>] (dpm_resume+0xe0/0x208)
[   38.244800] [<c04547dc>] (dpm_resume) from [<c0454aa4>] (dpm_resume_end+0xc/0x18)
[   38.244806] [<c0454aa4>] (dpm_resume_end) from [<c0163788>] (suspend_devices_and_enter+0x10c/0x3e8)
[   38.244812] [<c0163788>] (suspend_devices_and_enter) from [<c0163c00>] (pm_suspend+0x19c/0x244)
[   38.244816] [<c0163c00>] (pm_suspend) from [<c0162848>] (state_store+0x68/0xb8)
[   38.244821] [<c0162848>] (state_store) from [<c0344624>] (kobj_attr_store+0x14/0x20)
[   38.244829] [<c0344624>] (kobj_attr_store) from [<c025684c>] (sysfs_kf_write+0x44/0x48)
[   38.244836] [<c025684c>] (sysfs_kf_write) from [<c0255e44>] (kernfs_fop_write+0xc0/0x1e0)
[   38.244842] [<c0255e44>] (kernfs_fop_write) from [<c01f9814>] (__vfs_write+0x2c/0x114)
[   38.244848] [<c01f9814>] (__vfs_write) from [<c01facf4>] (vfs_write+0xa4/0x160)
[   38.244853] [<c01facf4>] (vfs_write) from [<c01faf8c>] (SyS_write+0x40/0x8c)
[   38.244858] [<c01faf8c>] (SyS_write) from [<c0107880>] (ret_fast_syscall+0x0/0x3c)
[   38.244861] ---[ end trace 88432cd5263c5a6a ]---
[   38.517539] ata1: SATA link down (SStatus 0 SControl 300)
[   39.125125] random: nonblocking pool is initialized
[   40.174749] PM: resume of devices complete after 1977.812 msecs
[   40.520276] Restarting tasks ... done.
root@(none):/# 
root@(none):/# rtcwake -d rtc1 -m mem -s 3
rtcwake: assuming RTC uses UTC ...
rtcwake: wakeup from "mem" using /dev/rtc1 at Thu Jan  1 00:01:18 1970
[   41.421066] PM: Syncing filesystems ... done.
[   41.447465] Freezing user space processes ... (elapsed 0.001 seconds) done.
[   41.447733] Double checking all user space processes after OOM killer disable... (elapsed 0.000 seconds) 
[   41.449786] Freezing remaining freezable tasks ... (elapsed 0.002 seconds) done.
[   41.449797] Suspending console(s) (use no_console_suspend to debug)
[   41.926082] PM: suspend of devices complete after 207.004 msecs
[   41.927577] PM: late suspend of devices complete after 1.487 msecs
[   41.945243] PM: noirq suspend of devices complete after 17.661 msecs
[   41.945245] Disabling non-boot CPUs ...
[   41.975001] CPU1: shutdown
[   42.044994] CPU2: shutdown
[   42.114967] CPU3: shutdown
[   42.165591] Entering suspend state LP1
[   42.165617] Enabling non-boot CPUs ...
[   42.196021] CPU1 is up
[   42.226219] CPU2 is up
[   42.256526] CPU3 is up
[   42.257177] pcieport 0000:00:01.0: nv_msi_ht_cap_quirk didn't locate host bridge
[   42.257179] pcieport 0000:00:02.0: nv_msi_ht_cap_quirk didn't locate host bridge
[   42.274699] PM: noirq resume of devices complete after 18.168 msecs
[   42.276461] PM: early resume of devices complete after 1.246 msecs
[   42.284211] tegra-hdmi 54280000.hdmi: cannot set audio to 48000 Hz at 297000000 Hz pixel clock
[   42.324654] ------------[ cut here ]------------
[   42.324667] WARNING: CPU: 0 PID: 185 at drivers/gpu/drm/drm_atomic_helper.c:1115 drm_atomic_helper_wait_for_vblanks+0x224/0x230
[   42.324669] [CRTC:25] vblank wait timed out
[   42.324673] Modules linked in:
[   42.324678] CPU: 0 PID: 185 Comm: rtcwake Tainted: G        W       4.7.0-rc5-next-20160704-104210-gb2677d1 #1
[   42.324680] Hardware name: NVIDIA Tegra SoC (Flattened Device Tree)
[   42.324693] [<c010f200>] (unwind_backtrace) from [<c010a85c>] (show_stack+0x10/0x14)
[   42.324700] [<c010a85c>] (show_stack) from [<c034273c>] (dump_stack+0x84/0xa4)
[   42.324708] [<c034273c>] (dump_stack) from [<c011f368>] (__warn+0xd4/0x100)
[   42.324714] [<c011f368>] (__warn) from [<c011f434>] (warn_slowpath_fmt+0x38/0x48)
[   42.324720] [<c011f434>] (warn_slowpath_fmt) from [<c0409e70>] (drm_atomic_helper_wait_for_vblanks+0x224/0x230)
[   42.324726] [<c0409e70>] (drm_atomic_helper_wait_for_vblanks) from [<c0430440>] (tegra_atomic_complete+0x3c/0x54)
[   42.324731] [<c0430440>] (tegra_atomic_complete) from [<c04304b4>] (tegra_atomic_commit+0x5c/0x8c)
[   42.324737] [<c04304b4>] (tegra_atomic_commit) from [<c042cb04>] (drm_atomic_commit+0x40/0x64)
[   42.324742] [<c042cb04>] (drm_atomic_commit) from [<c04092e0>] (drm_atomic_helper_resume+0x28/0x3c)
[   42.324746] [<c04092e0>] (drm_atomic_helper_resume) from [<c042fe00>] (host1x_drm_resume+0x18/0x30)
[   42.324753] [<c042fe00>] (host1x_drm_resume) from [<c044fea8>] (pm_generic_resume+0x2c/0x38)
[   42.324759] [<c044fea8>] (pm_generic_resume) from [<c0453074>] (dpm_run_callback+0x1c/0x48)
[   42.324763] [<c0453074>] (dpm_run_callback) from [<c0453158>] (device_resume+0xb8/0x230)
[   42.324768] [<c0453158>] (device_resume) from [<c04547dc>] (dpm_resume+0xe0/0x208)
[   42.324773] [<c04547dc>] (dpm_resume) from [<c0454aa4>] (dpm_resume_end+0xc/0x18)
[   42.324779] [<c0454aa4>] (dpm_resume_end) from [<c0163788>] (suspend_devices_and_enter+0x10c/0x3e8)
[   42.324784] [<c0163788>] (suspend_devices_and_enter) from [<c0163c00>] (pm_suspend+0x19c/0x244)
[   42.324788] [<c0163c00>] (pm_suspend) from [<c0162848>] (state_store+0x68/0xb8)
[   42.324793] [<c0162848>] (state_store) from [<c0344624>] (kobj_attr_store+0x14/0x20)
[   42.324801] [<c0344624>] (kobj_attr_store) from [<c025684c>] (sysfs_kf_write+0x44/0x48)
[   42.324808] [<c025684c>] (sysfs_kf_write) from [<c0255e44>] (kernfs_fop_write+0xc0/0x1e0)
[   42.324814] [<c0255e44>] (kernfs_fop_write) from [<c01f9814>] (__vfs_write+0x2c/0x114)
[   42.324819] [<c01f9814>] (__vfs_write) from [<c01facf4>] (vfs_write+0xa4/0x160)
[   42.324824] [<c01facf4>] (vfs_write) from [<c01faf8c>] (SyS_write+0x40/0x8c)
[   42.324829] [<c01faf8c>] (SyS_write) from [<c0107880>] (ret_fast_syscall+0x0/0x3c)
[   42.324832] ---[ end trace 88432cd5263c5a6b ]---
[   42.597328] ata1: SATA link down (SStatus 0 SControl 300)
[   44.254720] PM: resume of devices complete after 1978.251 msecs
[   44.595656] Restarting tasks ... done.
root@(none):/# 
root@(none):/# rtcwake -d rtc1 -m mem -s 3
rtcwake: assuming RTC uses UTC ...
rtcwake: wakeup from "mem" using /dev/rtc1 at Thu Jan  1 00:01:25 1970
[   45.520360] PM: Syncing filesystems ... done.
[   45.537799] Freezing user space processes ... (elapsed 0.001 seconds) done.
[   45.538118] Double checking all user space processes after OOM killer disable... (elapsed 0.000 seconds) 
[   45.540308] Freezing remaining freezable tasks ... (elapsed 0.002 seconds) done.
[   45.540319] Suspending console(s) (use no_console_suspend to debug)
[   46.016083] PM: suspend of devices complete after 211.879 msecs
[   46.017688] PM: late suspend of devices complete after 1.597 msecs
[   46.035328] PM: noirq suspend of devices complete after 17.633 msecs
[   46.035330] Disabling non-boot CPUs ...
[   46.065012] CPU1: shutdown
[   46.125003] CPU2: shutdown
[   46.194967] CPU3: shutdown
[   46.245642] Entering suspend state LP1
[   46.245669] Enabling non-boot CPUs ...
[   46.276125] CPU1 is up
[   46.306348] CPU2 is up
[   46.336674] CPU3 is up
[   46.337384] pcieport 0000:00:01.0: nv_msi_ht_cap_quirk didn't locate host bridge
[   46.337386] pcieport 0000:00:02.0: nv_msi_ht_cap_quirk didn't locate host bridge
[   46.354677] PM: noirq resume of devices complete after 17.997 msecs
[   46.356587] PM: early resume of devices complete after 1.385 msecs
[   46.363182] tegra-hdmi 54280000.hdmi: cannot set audio to 48000 Hz at 297000000 Hz pixel clock
[   46.404630] ------------[ cut here ]------------
[   46.404643] WARNING: CPU: 0 PID: 189 at drivers/gpu/drm/drm_atomic_helper.c:1115 drm_atomic_helper_wait_for_vblanks+0x224/0x230
[   46.404645] [CRTC:25] vblank wait timed out
[   46.404648] Modules linked in:
[   46.404653] CPU: 0 PID: 189 Comm: rtcwake Tainted: G        W       4.7.0-rc5-next-20160704-104210-gb2677d1 #1
[   46.404655] Hardware name: NVIDIA Tegra SoC (Flattened Device Tree)
[   46.404668] [<c010f200>] (unwind_backtrace) from [<c010a85c>] (show_stack+0x10/0x14)
[   46.404676] [<c010a85c>] (show_stack) from [<c034273c>] (dump_stack+0x84/0xa4)
[   46.404683] [<c034273c>] (dump_stack) from [<c011f368>] (__warn+0xd4/0x100)
[   46.404689] [<c011f368>] (__warn) from [<c011f434>] (warn_slowpath_fmt+0x38/0x48)
[   46.404695] [<c011f434>] (warn_slowpath_fmt) from [<c0409e70>] (drm_atomic_helper_wait_for_vblanks+0x224/0x230)
[   46.404701] [<c0409e70>] (drm_atomic_helper_wait_for_vblanks) from [<c0430440>] (tegra_atomic_complete+0x3c/0x54)
[   46.404706] [<c0430440>] (tegra_atomic_complete) from [<c04304b4>] (tegra_atomic_commit+0x5c/0x8c)
[   46.404711] [<c04304b4>] (tegra_atomic_commit) from [<c042cb04>] (drm_atomic_commit+0x40/0x64)
[   46.404717] [<c042cb04>] (drm_atomic_commit) from [<c04092e0>] (drm_atomic_helper_resume+0x28/0x3c)
[   46.404721] [<c04092e0>] (drm_atomic_helper_resume) from [<c042fe00>] (host1x_drm_resume+0x18/0x30)
[   46.404727] [<c042fe00>] (host1x_drm_resume) from [<c044fea8>] (pm_generic_resume+0x2c/0x38)
[   46.404734] [<c044fea8>] (pm_generic_resume) from [<c0453074>] (dpm_run_callback+0x1c/0x48)
[   46.404738] [<c0453074>] (dpm_run_callback) from [<c0453158>] (device_resume+0xb8/0x230)
[   46.404743] [<c0453158>] (device_resume) from [<c04547dc>] (dpm_resume+0xe0/0x208)
[   46.404748] [<c04547dc>] (dpm_resume) from [<c0454aa4>] (dpm_resume_end+0xc/0x18)
[   46.404754] [<c0454aa4>] (dpm_resume_end) from [<c0163788>] (suspend_devices_and_enter+0x10c/0x3e8)
[   46.404759] [<c0163788>] (suspend_devices_and_enter) from [<c0163c00>] (pm_suspend+0x19c/0x244)
[   46.404763] [<c0163c00>] (pm_suspend) from [<c0162848>] (state_store+0x68/0xb8)
[   46.404769] [<c0162848>] (state_store) from [<c0344624>] (kobj_attr_store+0x14/0x20)
[   46.404776] [<c0344624>] (kobj_attr_store) from [<c025684c>] (sysfs_kf_write+0x44/0x48)
[   46.404783] [<c025684c>] (sysfs_kf_write) from [<c0255e44>] (kernfs_fop_write+0xc0/0x1e0)
[   46.404790] [<c0255e44>] (kernfs_fop_write) from [<c01f9814>] (__vfs_write+0x2c/0x114)
[   46.404796] [<c01f9814>] (__vfs_write) from [<c01facf4>] (vfs_write+0xa4/0x160)
[   46.404801] [<c01facf4>] (vfs_write) from [<c01faf8c>] (SyS_write+0x40/0x8c)
[   46.404806] [<c01faf8c>] (SyS_write) from [<c0107880>] (ret_fast_syscall+0x0/0x3c)
[   46.404808] ---[ end trace 88432cd5263c5a6c ]---
[   46.677423] ata1: SATA link down (SStatus 0 SControl 300)
[   48.334710] PM: resume of devices complete after 1978.116 msecs
[   48.675705] Restarting tasks ... done.
root@(none):/# 
root@(none):/# NVTB SYSTEM SUSPEND TEST COMPLETE
