
U-Boot SPL 2014.01-00219-gc4d376f (Feb 18 2014 - 19:57:32)


U-Boot 2014.01-00219-gc4d376f (Feb 18 2014 - 19:57:32)

TEGRA114
Board: NVIDIA Dalmore
I2C:   ready
DRAM:  2 GiB
MMC:   Tegra SD/MMC: 0, Tegra SD/MMC: 1
In:    serial
Out:   serial
Err:   serial
Net:   Net Initialization Skipped
No ethernet found.
Hit any key to stop autoboot:  2  1  0 
Tegra114 (Dalmore) # 
Tegra114 (Dalmore) # usb reset
(Re)start USB...
USB0:   USB EHCI 1.10
scanning bus 0 for devices... 2 USB Device(s) found
       scanning usb for storage devices... 0 Storage Device(s) found
       scanning usb for ethernet devices... 
Warning: asx0 using MAC address from net device
1 Ethernet Device(s) found
Tegra114 (Dalmore) # setenv bootargs 'ignore_loglevel console=ttyS0,115200n8 rw root=PARTUUID=7369c667-ff51-ec4a-29cd-baabf2fbe346 rootwait gpt debug earlyprintk init=/bin/bash'
Tegra114 (Dalmore) # setenv ipaddr 192.168.100.100; setenv serverip 192.168.100.1; setenv tftpserverip 192.168.100.1
Tegra114 (Dalmore) # tftpboot 0x81000000 zImage.tegra_defconfig
Using asx0 device
TFTP from server 192.168.100.1; our IP address is 192.168.100.100
Filename 'zImage.tegra_defconfig'.
Load address: 0x81000000
Loading: *#################################################################
	 #################################################################
	 #################################################################
	 #################################################################
	 #################################################################
	 #################################################################
	 #################################
	 3.2 MiB/s
done
Bytes transferred = 6205376 (5eafc0 hex)
Tegra114 (Dalmore) # tftpboot 0x82000000 tegra114-dalmore.dtb
Using asx0 device
TFTP from server 192.168.100.1; our IP address is 192.168.100.100
Filename 'tegra114-dalmore.dtb'.
Load address: 0x82000000
Loading: *###
	 3 MiB/s
done
Bytes transferred = 34502 (86c6 hex)
Tegra114 (Dalmore) # bootz 0x81000000 - 0x82000000
Kernel image @ 0x81000000 [ 0x000000 - 0x5eafc0 ]
## Flattened Device Tree blob at 82000000
   Booting using the fdt blob at 0x82000000
   Loading Device Tree to 8fff4000, end 8ffff6c5 ... OK

Starting kernel ...

[    0.000000] Booting Linux on physical CPU 0x0
[    0.000000] Linux version 4.15.0-rc2-next-20171211-18561-g153e824 (jonathanh@kaivo) (gcc version 4.7.3 20130328 (prerelease) (crosstool-NG linaro-1.13.1-4.7-2013.04-20130415 - Linaro GCC 2013.04)) #1 SMP PREEMPT Mon Dec 11 06:30:54 PST 2017
[    0.000000] CPU: ARMv7 Processor [412fc0f2] revision 2 (ARMv7), cr=10c5387d
[    0.000000] CPU: div instructions available: patching division code
[    0.000000] CPU: PIPT / VIPT nonaliasing data cache, PIPT instruction cache
[    0.000000] OF: fdt: Machine model: NVIDIA Tegra114 Dalmore evaluation board
[    0.000000] debug: ignoring loglevel setting.
[    0.000000] bootconsole [earlycon0] enabled
[    0.000000] Memory policy: Data cache writealloc
[    0.000000] cma: Reserved 64 MiB at 0xfbc00000
[    0.000000] On node 0 totalpages: 524032
[    0.000000]   Normal zone: 1536 pages used for memmap
[    0.000000]   Normal zone: 0 pages reserved
[    0.000000]   Normal zone: 196608 pages, LIFO batch:31
[    0.000000]   HighMem zone: 327424 pages, LIFO batch:31
[    0.000000] random: fast init done
[    0.000000] percpu: Embedded 17 pages/cpu @(ptrval) s39104 r8192 d22336 u69632
[    0.000000] pcpu-alloc: s39104 r8192 d22336 u69632 alloc=17*4096
[    0.000000] pcpu-alloc: [0] 0 [0] 1 [0] 2 [0] 3 
[    0.000000] Built 1 zonelists, mobility grouping on.  Total pages: 522496
[    0.000000] Kernel command line: ignore_loglevel console=ttyS0,115200n8 rw root=PARTUUID=7369c667-ff51-ec4a-29cd-baabf2fbe346 rootwait gpt debug earlyprintk init=/bin/bash
[    0.000000] Dentry cache hash table entries: 131072 (order: 7, 524288 bytes)
[    0.000000] Inode-cache hash table entries: 65536 (order: 6, 262144 bytes)
[    0.000000] Memory: 1998600K/2096128K available (9216K kernel code, 778K rwdata, 2564K rodata, 1024K init, 298K bss, 31992K reserved, 65536K cma-reserved, 1244160K highmem)
[    0.000000] Virtual kernel memory layout:
[    0.000000]     vector  : 0xffff0000 - 0xffff1000   (   4 kB)
[    0.000000]     fixmap  : 0xffc00000 - 0xfff00000   (3072 kB)
[    0.000000]     vmalloc : 0xf0800000 - 0xff800000   ( 240 MB)
[    0.000000]     lowmem  : 0xc0000000 - 0xf0000000   ( 768 MB)
[    0.000000]     pkmap   : 0xbfe00000 - 0xc0000000   (   2 MB)
[    0.000000]     modules : 0xbf000000 - 0xbfe00000   (  14 MB)
[    0.000000]       .text : 0x(ptrval) - 0x(ptrval)   (10208 kB)
[    0.000000]       .init : 0x(ptrval) - 0x(ptrval)   (1024 kB)
[    0.000000]       .data : 0x(ptrval) - 0x(ptrval)   ( 779 kB)
[    0.000000]        .bss : 0x(ptrval) - 0x(ptrval)   ( 299 kB)
[    0.000000] Preemptible hierarchical RCU implementation.
[    0.000000] 	Tasks RCU enabled.
[    0.000000] NR_IRQS: 16, nr_irqs: 16, preallocated irqs: 16
[    0.000000] /interrupt-controller@60004000: 160 interrupts forwarded to /interrupt-controller@50041000
[    0.000000] Tegra clk 127: register failed with -17
[    0.000010] sched_clock: 32 bits at 1000kHz, resolution 1000ns, wraps every 2147483647500ns
[    0.007678] clocksource: timer_us: mask: 0xffffffff max_cycles: 0xffffffff, max_idle_ns: 1911260446275 ns
[    0.017207] Switching to timer-based delay loop, resolution 1000ns
[    0.024045] arch_timer: cp15 timer(s) running at 12.00MHz (virt).
[    0.029431] clocksource: arch_sys_counter: mask: 0xffffffffffffff max_cycles: 0x2c47f4ee7, max_idle_ns: 440795202497 ns
[    0.040177] sched_clock: 56 bits at 12MHz, resolution 83ns, wraps every 4398046511096ns
[    0.048145] Switching to timer-based delay loop, resolution 83ns
[    0.054621] Console: colour dummy device 80x30
[    0.058563] Calibrating delay loop (skipped), value calculated using timer frequency.. 24.00 BogoMIPS (lpj=120000)
[    0.068871] pid_max: default: 32768 minimum: 301
[    0.073955] Mount-cache hash table entries: 2048 (order: 1, 8192 bytes)
[    0.080056] Mountpoint-cache hash table entries: 2048 (order: 1, 8192 bytes)
[    0.087922] CPU: Testing write buffer coherency: ok
[    0.092218] /cpus/cpu@0 missing clock-frequency property
[    0.097215] /cpus/cpu@1 missing clock-frequency property
[    0.102523] /cpus/cpu@2 missing clock-frequency property
[    0.107789] /cpus/cpu@3 missing clock-frequency property
[    0.113073] CPU0: thread -1, cpu 0, socket 0, mpidr 80000000
[    0.153187] Setting up static identity map for 0x80100000 - 0x801000a0
[    0.157948] Hierarchical SRCU implementation.
[    0.173617] Tegra Revision: A01 SKU: 0 CPU Process: 1 SoC Process: 0
[    0.193213] smp: Bringing up secondary CPUs ...
[    0.243785] CPU1: thread -1, cpu 1, socket 0, mpidr 80000001
[    0.313885] CPU2: thread -1, cpu 2, socket 0, mpidr 80000002
[    0.383986] CPU3: thread -1, cpu 3, socket 0, mpidr 80000003
[    0.384101] smp: Brought up 1 node, 4 CPUs
[    0.403190] SMP: Total of 4 processors activated (96.00 BogoMIPS).
[    0.409357] CPU: All CPU(s) started in SVC mode.
[    0.415807] devtmpfs: initialized
[    0.428951] Built 1 zonelists, mobility grouping on.  Total pages: 516034
[    0.434242] VFP support v0.3: implementor 41 architecture 4 part 30 variant f rev 0
[    0.441803] clocksource: jiffies: mask: 0xffffffff max_cycles: 0xffffffff, max_idle_ns: 19112604462750000 ns
[    0.451275] futex hash table entries: 1024 (order: 4, 65536 bytes)
[    0.457665] pinctrl core: initialized pinctrl subsystem
[    0.463859] NET: Registered protocol family 16
[    0.468302] DMA: preallocated 256 KiB pool for atomic coherent allocations
[    0.475349] cpuidle: using governor menu
[    0.497667] No ATAGs?
[    0.497806] hw-breakpoint: found 5 (+1 reserved) breakpoint and 4 watchpoint registers.
[    0.506168] hw-breakpoint: maximum watchpoint size is 8 bytes.
[    0.512924] tegra-mc 70019000.memory-controller: no memory timings for RAM code 3 registered
[    0.520552] iommu: Adding device reg-dummy to group 0
[    0.525419] iommu: Adding device 50000000.host1x to group 1
[    0.530984] iommu: Adding device 54140000.gr2d to group 2
[    0.536344] iommu: Adding device 54180000.gr3d to group 3
[    0.541765] iommu: Adding device 54200000.dc to group 4
[    0.546945] iommu: Adding device 54240000.dc to group 5
[    0.552135] iommu: Adding device 54280000.hdmi to group 6
[    0.557483] iommu: Adding device 54300000.dsi to group 7
[    0.562788] iommu: Adding device 60005000.timer to group 8
[    0.568230] iommu: Adding device 60007000.flow-controller to group 9
[    0.574573] iommu: Adding device 6000a000.dma to group 10
[    0.579931] iommu: Adding device 6000c000.ahb to group 11
[    0.585325] iommu: Adding device 6000d000.gpio to group 12
[    0.590774] iommu: Adding device 70000800.apbmisc to group 13
[    0.596501] iommu: Adding device 70000868.pinmux to group 14
[    0.602114] iommu: Adding device 70006300.serial to group 15
[    0.607767] iommu: Adding device 7000a000.pwm to group 16
[    0.613123] iommu: Adding device 7000c000.i2c to group 17
[    0.618513] iommu: Adding device 7000c700.i2c to group 18
[    0.623870] iommu: Adding device 7000d000.i2c to group 19
[    0.629261] iommu: Adding device 7000da00.spi to group 20
[    0.634621] iommu: Adding device 7000e000.rtc to group 21
[    0.640007] iommu: Adding device 7000e400.pmc to group 22
[    0.645362] iommu: Adding device 7000f800.fuse to group 23
[    0.650848] iommu: Adding device 70019000.memory-controller to group 24
[    0.657417] iommu: Adding device 70080000.ahub to group 25
[    0.662888] iommu: Adding device 700e3000.mipi to group 26
[    0.668337] iommu: Adding device 78000400.sdhci to group 27
[    0.673899] iommu: Adding device 78000600.sdhci to group 28
[    0.679423] iommu: Adding device 7d000000.usb to group 29
[    0.684815] iommu: Adding device 7d000000.usb-phy to group 30
[    0.690518] iommu: Adding device 7d008000.usb to group 31
[    0.695909] iommu: Adding device 7d008000.usb-phy to group 32
[    0.701608] iommu: Adding device timer to group 33
[    0.706401] iommu: Adding device backlight to group 34
[    0.711499] iommu: Adding device clocks to group 35
[    0.716340] iommu: Adding device gpio-keys to group 36
[    0.721476] iommu: Adding device regulators to group 37
[    0.726660] iommu: Adding device regulators:regulator@0 to group 38
[    0.732912] iommu: Adding device regulators:regulator@1 to group 39
[    0.739136] iommu: Adding device regulators:regulator@3 to group 40
[    0.745395] iommu: Adding device regulators:regulator@4 to group 41
[    0.751622] iommu: Adding device regulators:regulator@5 to group 42
[    0.757876] iommu: Adding device regulators:regulator@6 to group 43
[    0.764095] iommu: Adding device regulators:regulator@7 to group 44
[    0.770367] iommu: Adding device sound to group 45
[    0.791875] dvdd_ts: Failed to request enable GPIO61: -517
[    0.795455] reg-fixed-voltage regulators:regulator@1: Failed to register regulator: -517
[    0.803666] usb1_vbus: Failed to request enable GPIO108: -517
[    0.809233] reg-fixed-voltage regulators:regulator@3: Failed to register regulator: -517
[    0.817429] usb2_vbus: Failed to request enable GPIO86: -517
[    0.822927] reg-fixed-voltage regulators:regulator@4: Failed to register regulator: -517
[    0.831553] VDD_5V0_HDMI_CON: Failed to request enable GPIO81: -517
[    0.837227] reg-fixed-voltage regulators:regulator@7: Failed to register regulator: -517
[    0.846484] vgaarb: loaded
[    0.848746] SCSI subsystem initialized
[    0.851954] libata version 3.00 loaded.
[    0.855872] usbcore: registered new interface driver usbfs
[    0.861037] usbcore: registered new interface driver hub
[    0.866379] usbcore: registered new device driver usb
[    0.874436] tps65090 2-0048: No cache defaults, reading back from HW
[    0.879996] iommu: Adding device tps65090-pmic to group 46
[    0.885257] TPS65090_RAILSDCDC1: supplied by vdd_ac_bat
[    0.890705] TPS65090_RAILSDCDC2: supplied by vdd_ac_bat
[    0.895852] TPS65090_RAILSDCDC3: supplied by vdd_ac_bat
[    0.900547] TPS65090_RAILSFET1: supplied by vdd_ac_bat
[    0.905480] TPS65090_RAILSFET2: supplied by vdd_ac_bat
[    0.910594] TPS65090_RAILSFET3: supplied by vdd-sys-3v3
[    0.915966] TPS65090_RAILSFET4: supplied by vdd-sys-3v3
[    0.921166] TPS65090_RAILSFET5: supplied by vdd-sys-3v3
[    0.926339] TPS65090_RAILSFET6: supplied by vdd-sys-3v3
[    0.931886] TPS65090_RAILSFET7: supplied by vdd-sys-3v3
[    0.936745] TPS65090_RAILSLDO1: supplied by vdd_ac_bat
[    0.941554] TPS65090_RAILSLDO2: supplied by vdd_ac_bat
[    0.946825] iommu: Adding device tps65090-charger to group 47
[    0.952541] palmas 2-0058: Irq flag is 0x00000004
[    0.958994] palmas 2-0058: Muxing GPIO ff, PWM 0, LED 0
[    0.962570] iommu: Adding device 7000d000.i2c:tps65913@58:gpio to group 48
[    0.969731] iommu: Adding device 7000d000.i2c:tps65913@58:pmic to group 49
[    0.977703] SMPS12: supplied by vdd-ao
[    0.980781] vdd_hdmi_5v0: supplied by vdd-sys-5v0
[    0.985240] SMPS3: supplied by vdd-ao
[    0.989870] SMPS457: supplied by vdd-sys-3v3
[    0.994008] SMPS6: supplied by regulator-dummy
[    0.998196] SMPS8: supplied by vdd-sys-3v3
[    1.002433] SMPS9: supplied by vdd-sys-3v3
[    1.005396] sdhci-vdd-sd-slot: Bringing 2840000uV into 2800000-2800000uV
[    1.012998] SMPS10_OUT2: supplied by regulator-dummy
[    1.017374] SMPS10_OUT1: supplied by regulator-dummy
[    1.022355] LDO1: supplied by vdd-sys-3v3
[    1.026579] LDO2: supplied by vdd-sys-3v3
[    1.030576] LDO3: supplied by vddio-1v8
[    1.034408] LDO4: supplied by vdd-sys-3v3
[    1.038358] LDO5: supplied by vdd_ac_bat
[    1.041829] LDO6: supplied by vdd-sys-3v3
[    1.045629] vdd-sensor-2v85: Bringing 2900000uV into 2850000-2850000uV
[    1.052966] LDO7: supplied by vdd-sys-3v3
[    1.057291] LDO8: supplied by vdd-ao
[    1.059644] vdd-rtc: Bringing 675000uV into 900000-900000uV
[    1.066268] LDO9: supplied by sdhci-vdd-sd-slot
[    1.076580] LDOLN: supplied by vdd-sys-5v0
[    1.079956] LDOUSB: supplied by vdd-sys-5v0
[    1.088361] iommu: Adding device 7000d000.i2c:tps65913@58:rtc to group 50
[    1.093428] iommu: Adding device 7000d000.i2c:tps65913@58:pinmux to group 51
[    1.100676] Linux video capture interface: v2.00
[    1.104924] pps_core: LinuxPPS API ver. 1 registered
[    1.109787] pps_core: Software ver. 5.3.6 - Copyright 2005-2007 Rodolfo Giometti <giometti@linux.it>
[    1.118953] PTP clock support registered
[    1.123387] Advanced Linux Sound Architecture Driver Initialized.
[    1.129551] Bluetooth: Core ver 2.22
[    1.132461] NET: Registered protocol family 31
[    1.136827] Bluetooth: HCI device and connection manager initialized
[    1.143182] Bluetooth: HCI socket layer initialized
[    1.148012] Bluetooth: L2CAP socket layer initialized
[    1.153069] Bluetooth: SCO socket layer initialized
[    1.158567] clocksource: Switched to clocksource arch_sys_counter
[    1.260165] NET: Registered protocol family 2
[    1.263625] tcp_listen_portaddr_hash hash table entries: 512 (order: 0, 6144 bytes)
[    1.270351] TCP established hash table entries: 8192 (order: 3, 32768 bytes)
[    1.277351] TCP bind hash table entries: 8192 (order: 4, 65536 bytes)
[    1.283876] TCP: Hash tables configured (established 8192 bind 8192)
[    1.290562] UDP hash table entries: 512 (order: 2, 16384 bytes)
[    1.295930] UDP-Lite hash table entries: 512 (order: 2, 16384 bytes)
[    1.302580] NET: Registered protocol family 1
[    1.307289] RPC: Registered named UNIX socket transport module.
[    1.312476] RPC: Registered udp transport module.
[    1.317126] RPC: Registered tcp transport module.
[    1.321828] RPC: Registered tcp NFSv4.1 backchannel transport module.
[    1.328698] iommu: Adding device regulatory.0 to group 52
[    1.333810] PCI: CLS 0 bytes, default 64
[    1.339196] iommu: Adding device alarmtimer to group 53
[    1.343696] Initialise system trusted keyrings
[    1.347309] workingset: timestamp_bits=30 max_order=19 bucket_order=0
[    1.354940] squashfs: version 4.0 (2009/01/31) Phillip Lougher
[    1.360175] NFS: Registering the id_resolver key type
[    1.364379] Key type id_resolver registered
[    1.368520] Key type id_legacy registered
[    1.377687] Key type asymmetric registered
[    1.379903] Asymmetric key parser 'x509' registered
[    1.384871] bounce: pool size: 64 pages
[    1.388625] io scheduler noop registered (default)
[    1.393309] io scheduler mq-deadline registered
[    1.397816] io scheduler kyber registered
[    1.419250] tegra-apbdma 6000a000.dma: Tegra20 APB DMA driver register 32 channels
[    1.426061] tegra-pmc 7000e400.pmc: i2c-thermtrip node not found, emergency thermal reset disabled.
[    1.434526] Serial: 8250/16550 driver, 4 ports, IRQ sharing disabled
[    1.440398] iommu: Adding device serial8250 to group 54
[    1.447340] console [ttyS0] disabled
[    1.449074] 70006300.serial: ttyS0 at MMIO 0x70006300 (irq = 329, base_baud = 25500000) is a Tegra
[    1.457974] console [ttyS0] enabled
[    1.457974] console [ttyS0] enabled
[    1.464199] bootconsole [earlycon0] disabled
[    1.464199] bootconsole [earlycon0] disabled
[    1.491992] tegra-hdmi 54280000.hdmi: failed to get HDMI regulator
[    1.517342] loop: module loaded
[    1.532535] m25p80 spi0.0: w25q32dw (4096 Kbytes)
[    1.539261] iommu: Adding device Fixed MDIO bus.0 to group 55
[    1.545202] libphy: Fixed MDIO Bus: probed
[    1.549323] CAN device driver interface
[    1.553207] igb: Intel(R) Gigabit Ethernet Network Driver - version 5.4.0-k
[    1.560190] igb: Copyright (c) 2007-2014 Intel Corporation.
[    1.565902] pegasus: v0.9.3 (2013/04/25), Pegasus/Pegasus II USB Ethernet driver
[    1.573393] usbcore: registered new interface driver pegasus
[    1.579144] usbcore: registered new interface driver asix
[    1.584589] usbcore: registered new interface driver ax88179_178a
[    1.590753] usbcore: registered new interface driver cdc_ether
[    1.596654] usbcore: registered new interface driver smsc75xx
[    1.602484] usbcore: registered new interface driver smsc95xx
[    1.608274] usbcore: registered new interface driver net1080
[    1.614008] usbcore: registered new interface driver cdc_subset
[    1.619997] usbcore: registered new interface driver zaurus
[    1.625640] usbcore: registered new interface driver cdc_ncm
[    1.631548] tegra-phy 7d000000.usb-phy: no vbus regulator
[    1.637411] ehci_hcd: USB 2.0 'Enhanced' Host Controller (EHCI) Driver
[    1.643952] ehci-pci: EHCI PCI platform driver
[    1.648450] tegra-ehci: Tegra EHCI driver
[    1.653151] usbcore: registered new interface driver cdc_acm
[    1.658826] cdc_acm: USB Abstract Control Model driver for USB modems and ISDN adapters
[    1.666875] usbcore: registered new interface driver cdc_wdm
[    1.672619] usbcore: registered new interface driver usb-storage
[    1.682561] iommu: Adding device ci_hdrc.0 to group 56
[    1.695999] palmas-rtc 7000d000.i2c:tps65913@58:rtc: rtc core: registered 7000d000.i2c:tps65913@58:rtc as rtc0
[    1.707512] tegra_rtc 7000e000.rtc: rtc core: registered 7000e000.rtc as rtc1
[    1.714723] tegra_rtc 7000e000.rtc: Tegra internal Real Time Clock
[    1.721233] i2c /dev entries driver
[    1.725649] usbcore: registered new interface driver uvcvideo
[    1.731412] USB Video Class driver (1.1.1)
[    1.735504] gspca_main: v2.14.0 registered
[    1.740534] sbs-battery 0-000b: sbs_probe: Failed to get device status
[    1.747069] sbs-battery: probe of 0-000b failed with error -121
[    1.758304] tegra-wdt 60005000.timer: initialized (heartbeat = 120 sec, nowayout = 0)
[    1.766840] sdhci: Secure Digital Host Controller Interface driver
[    1.773111] sdhci: Copyright(c) Pierre Ossman
[    1.777463] sdhci-pltfm: SDHCI platform and OF driver helper
[    1.783436] sdhci-tegra 78000400.sdhci: Got CD GPIO
[    1.788325] sdhci-tegra 78000400.sdhci: Got WP GPIO
[    1.801467] mmc0: Invalid maximum block size, assuming 512 bytes
[    1.838803] mmc0: SDHCI controller on 78000400.sdhci [78000400.sdhci] using ADMA
[    1.853644] mmc1: Invalid maximum block size, assuming 512 bytes
[    1.888663] mmc1: SDHCI controller on 78000600.sdhci [78000600.sdhci] using ADMA
[    1.897044] usbcore: registered new interface driver usbhid
[    1.902671] usbhid: USB HID core driver
[    1.908309] iommu: Adding device snd-soc-dummy to group 57
[    1.950762] mmc1: new high speed MMC card at address 0001
[    1.962148] mmcblk1: mmc1:0001 SEM32G 29.1 GiB 
[    1.969607] mmc0: new high speed SDHC card at address aaaa
[    1.980450] mmcblk0: mmc0:aaaa SL16G 14.8 GiB 
[    1.987669] mmcblk1boot0: mmc1:0001 SEM32G partition 1 4.00 MiB
[    1.999233] mmcblk1boot1: mmc1:0001 SEM32G partition 2 4.00 MiB
[    2.005373] mmcblk1rpmb: mmc1:0001 SEM32G partition 3 4.00 MiB, chardev (247:0)
[    2.015988]  mmcblk1: p1 p2 p3 p4 p5 p6 p7 p8
[    2.022982]  mmcblk0: p1 p2 p3
[    2.341453] iommu: Adding device 70080400.i2s to group 58
[    2.347846] tegra30-i2s 70080400.i2s: DMA channels sourced from device 70080000.ahub
[    2.364396] tegra-snd-rt5640 sound: rt5640-aif1 <-> 70080400.i2s mapping ok
[    2.375952] input: NVIDIA Tegra Dalmore Headphones as /devices/soc0/sound/sound/card0/input0
[    2.386812] NET: Registered protocol family 10
[    2.392674] Segment Routing with IPv6
[    2.396509] mip6: Mobile IPv6
[    2.399500] sit: IPv6, IPv4 and MPLS over IPv4 tunneling driver
[    2.406954] NET: Registered protocol family 17
[    2.411434] NET: Registered protocol family 15
[    2.415873] can: controller area network core (rev 20170425 abi 9)
[    2.422277] NET: Registered protocol family 29
[    2.426717] can: raw protocol (rev 20170425)
[    2.431002] can: broadcast manager protocol (rev 20170425 t)
[    2.436662] can: netlink gateway (rev 20170425) max_hops=1
[    2.442371] Bluetooth: RFCOMM socket layer initialized
[    2.447522] Bluetooth: RFCOMM ver 1.11
[    2.451300] Bluetooth: BNEP (Ethernet Emulation) ver 1.3
[    2.456611] Bluetooth: BNEP socket layer initialized
[    2.461589] Bluetooth: HIDP (Human Interface Emulation) ver 1.2
[    2.467507] Bluetooth: HIDP socket layer initialized
[    2.472688] Key type dns_resolver registered
[    2.477457] Registering SWP/SWPB emulation handler
[    2.483087] Loading compiled-in X.509 certificates
[    2.505199] usb1_vbus: supplied by vdd-sys-5v0
[    2.510528] usb2_vbus: supplied by vdd-sys-5v0
[    2.516354] VDD_5V0_HDMI_CON: supplied by vdd-sys-5v0
[    2.525907] [drm] Supports vblank timestamp caching Rev 2 (21.10.2013).
[    2.532586] [drm] No driver support for vblank timestamp query.
[    2.633799] Console: switching to colour frame buffer device 240x75
[    2.672330] drm drm: fb0:  frame buffer device
[    2.676869] [drm] Initialized tegra 0.0.0 20120330 for drm on minor 0
[    2.684475] tegra-ehci 7d008000.usb: EHCI Host Controller
[    2.689932] tegra-ehci 7d008000.usb: new USB bus registered, assigned bus number 1
[    2.697801] alloc_contig_range: [fbc4b, fbc4c) PFNs busy
[    2.703320] alloc_contig_range: [fbc60, fbc61) PFNs busy
[    2.708835] alloc_contig_range: [fbc61, fbc62) PFNs busy
[    2.714337] alloc_contig_range: [fbc62, fbc63) PFNs busy
[    2.719849] alloc_contig_range: [fbc63, fbc64) PFNs busy
[    2.725339] alloc_contig_range: [fbc64, fbc65) PFNs busy
[    2.730860] alloc_contig_range: [fbc65, fbc66) PFNs busy
[    2.736350] alloc_contig_range: [fbc66, fbc67) PFNs busy
[    2.741861] alloc_contig_range: [fbc67, fbc68) PFNs busy
[    2.747362] alloc_contig_range: [fbc68, fbc69) PFNs busy
[    3.256788] tegra-ehci 7d008000.usb: irq 340, io mem 0x7d008000
[    3.288718] tegra-ehci 7d008000.usb: USB 2.0 started, EHCI 1.10
[    3.295958] hub 1-0:1.0: USB hub found
[    3.299848] hub 1-0:1.0: 1 port detected
[    3.305242] input: gpio-keys as /devices/soc0/gpio-keys/input/input1
[    3.314129] palmas-rtc 7000d000.i2c:tps65913@58:rtc: setting system clock to 2000-05-03 21:32:04 UTC (957389524)
[    3.324606] cfg80211: Loading compiled-in X.509 certificates for regulatory database
[    3.336355] cfg80211: Loaded X.509 cert 'sforshee: 00b28ddf47aef9cea7'
[    3.343289] platform regulatory.0: Direct firmware load for regulatory.db failed with error -2
[    3.351962] cfg80211: failed to load regulatory.db
[    3.353111] dvdd_ts: disabling
[    3.353119] usb1_vbus: disabling
[    3.353127] vdd_cam_1v8_reg: disabling
[    3.353136] ALSA device list:
[    3.353142]   #0: NVIDIA Tegra Dalmore
[    3.374759] EXT4-fs (mmcblk1p1): mounting ext3 file system using the ext4 subsystem
[    3.406285] EXT4-fs (mmcblk1p1): recovery complete
[    3.411212] EXT4-fs (mmcblk1p1): mounted filesystem with ordered data mode. Opts: (null)
[    3.419594] VFS: Mounted root (ext3 filesystem) on device 179:1.
[    3.430638] devtmpfs: mounted
[    3.434657] Freeing unused kernel memory: 1024K
bash: cannot set terminal process group (-1): Inappropriate ioctl for device
bash: no job control in this shell
root@(none):/# [    3.688710] usb 1-1: new high-speed USB device number 2 using tegra-ehci
mount -t sysfs none /sys
root@(none):/# 
root@(none):/# [    4.381337] asix 1-1:1.0 eth0: register 'asix' at usb-7d008000.usb-1, ASIX AX88772 USB 2.0 Ethernet, 00:50:b6:0d:b5:16
mount -t debugfs none /sys/kernel/debug
root@(none):/# 
root@(none):/# rtcwake -d rtc1 -m mem -s 3
rtcwake: assuming RTC uses UTC ...
rtcwake: wakeup from "mem" using /dev/rtc1 at Thu Jan  1 00:00:21 1970
[    6.242820] PM: suspend entry (deep)
[    6.246408] PM: Syncing filesystems ... done.
[    6.252965] Freezing user space processes ... (elapsed 0.001 seconds) done.
[    6.254249] OOM killer disabled.
[    6.254253] Freezing remaining freezable tasks ... (elapsed 0.001 seconds) done.
[    6.255554] Suspending console(s) (use no_console_suspend to debug)
[    6.394868] Disabling non-boot CPUs ...
[    6.529017] IRQ17 no longer affine to CPU2
[    6.570226] Entering suspend state LP1
[    6.570273] Enabling non-boot CPUs ...
[    6.571944] CPU1 is up
[    6.573537] CPU2 is up
[    6.575262] CPU3 is up
[    7.214955] OOM killer enabled.
[    7.218089] Restarting tasks ... done.
root@(none):/# 
root@(none):/# [    7.222703] PM: suspend exit
rtcwake -d rtc1 -m mem -s 3
rtcwake: assuming RTC uses UTC ...
rtcwake: wakeup from "mem" using /dev/rtc1 at Thu Jan  1 00:00:30 1970
[    8.274869] PM: suspend entry (deep)
[    8.278446] PM: Syncing filesystems ... done.
[    8.283978] Freezing user space processes ... (elapsed 0.001 seconds) done.
[    8.285271] OOM killer disabled.
[    8.285275] Freezing remaining freezable tasks ... (elapsed 0.001 seconds) done.
[    8.286610] Suspending console(s) (use no_console_suspend to debug)
[    8.434739] Disabling non-boot CPUs ...
[    8.608900] IRQ17 no longer affine to CPU3
[    8.610041] Entering suspend state LP1
[    8.610088] Enabling non-boot CPUs ...
[    8.611767] CPU1 is up
[    8.613366] CPU2 is up
[    8.615109] CPU3 is up
[    9.255038] OOM killer enabled.
[    9.258173] Restarting tasks ... done.
root@(none):/# 
root@(none):/# [    9.262776] PM: suspend exit
rtcwake -d rtc1 -m mem -s 3
rtcwake: assuming RTC uses UTC ...
rtcwake: wakeup from "mem" using /dev/rtc1 at Thu Jan  1 00:00:39 1970
[   10.313796] PM: suspend entry (deep)
[   10.317391] PM: Syncing filesystems ... done.
[   10.322564] Freezing user space processes ... (elapsed 0.001 seconds) done.
[   10.323868] OOM killer disabled.
[   10.323872] Freezing remaining freezable tasks ... (elapsed 0.001 seconds) done.
[   10.325200] Suspending console(s) (use no_console_suspend to debug)
[   10.474110] Disabling non-boot CPUs ...
[   10.608855] IRQ17 no longer affine to CPU3
[   10.609832] Entering suspend state LP1
[   10.609852] Enabling non-boot CPUs ...
[   10.611541] CPU1 is up
[   10.613130] CPU2 is up
[   10.614888] CPU3 is up
[   11.254421] OOM killer enabled.
[   11.257557] Restarting tasks ... done.
root@(none):/# 
root@(none):/# [   11.262239] PM: suspend exit
rtcwake -d rtc1 -m mem -s 3
rtcwake: assuming RTC uses UTC ...
rtcwake: wakeup from "mem" using /dev/rtc1 at Thu Jan  1 00:00:48 1970
[   12.311401] PM: suspend entry (deep)
[   12.314979] PM: Syncing filesystems ... done.
[   12.320184] Freezing user space processes ... (elapsed 0.001 seconds) done.
[   12.321495] OOM killer disabled.
[   12.321499] Freezing remaining freezable tasks ... (elapsed 0.001 seconds) done.
[   12.322830] Suspending console(s) (use no_console_suspend to debug)
[   12.474718] Disabling non-boot CPUs ...
[   12.618821] IRQ17 no longer affine to CPU3
[   12.619802] Entering suspend state LP1
[   12.619823] Enabling non-boot CPUs ...
[   12.621515] CPU1 is up
[   12.623120] CPU2 is up
[   12.624872] CPU3 is up
[   13.264053] OOM killer enabled.
[   13.267187] Restarting tasks ... done.
root@(none):/# 
[   13.271817] PM: suspend exit
root@(none):/# rtcwake -d rtc1 -m mem -s 3
rtcwake: assuming RTC uses UTC ...
rtcwake: wakeup from "mem" using /dev/rtc1 at Thu Jan  1 00:00:57 1970
[   14.334963] PM: suspend entry (deep)
[   14.338602] PM: Syncing filesystems ... done.
[   14.344054] Freezing user space processes ... (elapsed 0.001 seconds) done.
[   14.345366] OOM killer disabled.
[   14.345370] Freezing remaining freezable tasks ... (elapsed 0.001 seconds) done.
[   14.346711] Suspending console(s) (use no_console_suspend to debug)
[   14.494313] Disabling non-boot CPUs ...
[   14.648788] IRQ17 no longer affine to CPU3
[   14.649922] Entering suspend state LP1
[   14.649968] Enabling non-boot CPUs ...
[   14.651674] CPU1 is up
[   14.653263] CPU2 is up
[   14.655013] CPU3 is up
[   15.293937] OOM killer enabled.
[   15.297092] Restarting tasks ... done.
root@(none):/# 
root@(none):/# [   15.301837] PM: suspend exit
rtcwake -d rtc1 -m mem -s 3
rtcwake: assuming RTC uses UTC ...
rtcwake: wakeup from "mem" using /dev/rtc1 at Thu Jan  1 00:01:06 1970
[   16.354259] PM: suspend entry (deep)
[   16.357837] PM: Syncing filesystems ... done.
[   16.363300] Freezing user space processes ... (elapsed 0.001 seconds) done.
[   16.364599] OOM killer disabled.
[   16.364603] Freezing remaining freezable tasks ... (elapsed 0.001 seconds) done.
[   16.365947] Suspending console(s) (use no_console_suspend to debug)
[   16.514775] Disabling non-boot CPUs ...
[   16.568881] IRQ17 no longer affine to CPU1
[   16.689881] Entering suspend state LP1
[   16.689928] Enabling non-boot CPUs ...
[   16.691632] CPU1 is up
[   16.693218] CPU2 is up
[   16.694975] CPU3 is up
[   17.335371] OOM killer enabled.
[   17.338519] Restarting tasks ... done.
root@(none):/# 
[   17.343104] PM: suspend exit
root@(none):/# rtcwake -d rtc1 -m mem -s 3
rtcwake: assuming RTC uses UTC ...
rtcwake: wakeup from "mem" using /dev/rtc1 at Thu Jan  1 00:01:15 1970
[   18.390582] PM: suspend entry (deep)
[   18.394160] PM: Syncing filesystems ... done.
[   18.399524] Freezing user space processes ... (elapsed 0.001 seconds) done.
[   18.400859] OOM killer disabled.
[   18.400863] Freezing remaining freezable tasks ... (elapsed 0.001 seconds) done.
[   18.402196] Suspending console(s) (use no_console_suspend to debug)
[   18.554233] Disabling non-boot CPUs ...
[   18.648778] IRQ17 no longer affine to CPU2
[   18.709667] Entering suspend state LP1
[   18.709715] Enabling non-boot CPUs ...
[   18.711412] CPU1 is up
[   18.713006] CPU2 is up
[   18.714772] CPU3 is up
[   19.354691] OOM killer enabled.
[   19.357826] Restarting tasks ... done.
root@(none):/# 
root@(none):/# [   19.362566] PM: suspend exit
rtcwake -d rtc1 -m mem -s 3
rtcwake: assuming RTC uses UTC ...
rtcwake: wakeup from "mem" using /dev/rtc1 at Thu Jan  1 00:01:24 1970
[   20.412515] PM: suspend entry (deep)
[   20.416096] PM: Syncing filesystems ... done.
[   20.421300] Freezing user space processes ... (elapsed 0.001 seconds) done.
[   20.422616] OOM killer disabled.
[   20.422620] Freezing remaining freezable tasks ... (elapsed 0.001 seconds) done.
[   20.423948] Suspending console(s) (use no_console_suspend to debug)
[   20.574154] Disabling non-boot CPUs ...
[   20.618816] IRQ17 no longer affine to CPU1
[   20.759675] Entering suspend state LP1
[   20.759723] Enabling non-boot CPUs ...
[   20.761421] CPU1 is up
[   20.763015] CPU2 is up
[   20.764780] CPU3 is up
[   21.405844] OOM killer enabled.
[   21.408999] Restarting tasks ... done.
root@(none):/# 
[   21.413592] PM: suspend exit
root@(none):/# rtcwake -d rtc1 -m mem -s 3
rtcwake: assuming RTC uses UTC ...
rtcwake: wakeup from "mem" using /dev/rtc1 at Thu Jan  1 00:01:33 1970
[   22.464198] PM: suspend entry (deep)
[   22.467777] PM: Syncing filesystems ... done.
[   22.473241] Freezing user space processes ... (elapsed 0.001 seconds) done.
[   22.474450] OOM killer disabled.
[   22.474454] Freezing remaining freezable tasks ... (elapsed 0.001 seconds) done.
[   22.475769] Suspending console(s) (use no_console_suspend to debug)
[   22.614243] Disabling non-boot CPUs ...
[   22.788609] IRQ17 no longer affine to CPU3
[   22.789806] Entering suspend state LP1
[   22.789853] Enabling non-boot CPUs ...
[   22.791551] CPU1 is up
[   22.793152] CPU2 is up
[   22.794907] CPU3 is up
[   23.435024] OOM killer enabled.
[   23.438159] Restarting tasks ... done.
[   23.469612] PM: suspend exit
root@(none):/# 
root@(none):/# rtcwake -d rtc1 -m mem -s 3
rtcwake: assuming RTC uses UTC ...
rtcwake: wakeup from "mem" using /dev/rtc1 at Thu Jan  1 00:01:42 1970
[   24.490720] PM: suspend entry (deep)
[   24.494298] PM: Syncing filesystems ... done.
[   24.499420] Freezing user space processes ... (elapsed 0.001 seconds) done.
[   24.500740] OOM killer disabled.
[   24.500744] Freezing remaining freezable tasks ... (elapsed 0.001 seconds) done.
[   24.502003] Suspending console(s) (use no_console_suspend to debug)
[   24.654238] Disabling non-boot CPUs ...
[   24.768649] IRQ17 no longer affine to CPU2
[   24.829557] Entering suspend state LP1
[   24.829604] Enabling non-boot CPUs ...
[   24.831327] CPU1 is up
[   24.832935] CPU2 is up
[   24.834699] CPU3 is up
[   25.474991] OOM killer enabled.
[   25.478126] Restarting tasks ... done.
root@(none):/# 
root@(none):/# [   25.482733] PM: suspend exit
NVTB SYSTEM SUSPEND TEST COMPLETE
