
U-Boot SPL 2015.04-rc3-00209-ga74ef40 (Mar 16 2015 - 14:43:39)


U-Boot 2015.04-rc3-00209-ga74ef40 (Mar 16 2015 - 14:43:39)

TEGRA20
Model: Compulab TrimSlice board
DRAM:  1 GiB
MMC:   Tegra SD/MMC: 0, Tegra SD/MMC: 1
SF: Detected W25Q80BL with page size 256 Bytes, erase size 4 KiB, total 1 MiB
tegra-pcie: PCI regions:
tegra-pcie:   I/O: 0x82000000-0x82010000
tegra-pcie:   non-prefetchable memory: 0xa0000000-0xa8000000
tegra-pcie:   prefetchable memory: 0xa8000000-0xc0000000
tegra-pcie: dual-mode configuration
tegra-pcie: probing port 0, using 2 lanes
In:    serial
Out:   serial
Err:   serial
Net:   RTL8169#0
Hit any key to stop autoboot:  2  0 
Tegra20 (TrimSlice) # 
Tegra20 (TrimSlice) # usb reset
resetting USB...
USB0:   USB EHCI 1.00
scanning bus 0 for devices... 3 USB Device(s) found
USB1:   USB EHCI 1.00
scanning bus 1 for devices... 1 USB Device(s) found
USB2:   lowlevel init failed
       scanning usb for storage devices... 0 Storage Device(s) found
       scanning usb for ethernet devices... 
Warning: asx0 using MAC address from net device
1 Ethernet Device(s) found
Tegra20 (TrimSlice) # setenv bootargs 'ignore_loglevel console=ttyS0,115200n8 rw root=/dev/mmcblk0p1 rootwait gpt debug noinitrd earlyprintk init=/bin/bash'
Tegra20 (TrimSlice) # setenv ipaddr 192.168.100.103; setenv serverip 192.168.100.1; setenv tftpserverip 192.168.100.1
Tegra20 (TrimSlice) # tftpboot 0x00408000 zImage.multi_v7_defconfig
Using RTL8169#0 device
TFTP from server 192.168.100.1; our IP address is 192.168.100.103
Filename 'zImage.multi_v7_defconfig'.
Load address: 0x408000
Loading: *#################################################################
	 #################################################################
	 #################################################################
	 #################################################################
	 #################################################################
	 #################################################################
	 ############################################################
	 4.1 MiB/s
done
Bytes transferred = 6598280 (64ae88 hex)
Tegra20 (TrimSlice) # tftpboot 0x02408000 tegra20-trimslice.dtb
Using RTL8169#0 device
TFTP from server 192.168.100.1; our IP address is 192.168.100.103
Filename 'tegra20-trimslice.dtb'.
Load address: 0x2408000
Loading: *##
	 3.4 MiB/s
done
Bytes transferred = 21130 (528a hex)
Tegra20 (TrimSlice) # bootz 0x00408000 - 0x02408000
Kernel image @ 0x408000 [ 0x000000 - 0x64ae88 ]
## Flattened Device Tree blob at 02408000
   Booting using the fdt blob at 0x2408000
   Using Device Tree in place at 02408000, end 02410289

Starting kernel ...

[    0.000000] Booting Linux on physical CPU 0x0
[    0.000000] Linux version 4.4.0-rc4-next-20151210-60419-g8225f4e (pwalmsley@sellafield) (gcc version 4.7.3 20130328 (prerelease) (crosstool-NG linaro-1.13.1-4.7-2013.04-20130415 - Linaro GCC 2013.04) ) #1 SMP Wed Dec 9 22:18:44 PST 2015
[    0.000000] CPU: ARMv7 Processor [411fc090] revision 0 (ARMv7), cr=10c5387d
[    0.000000] CPU: PIPT / VIPT nonaliasing data cache, VIPT aliasing instruction cache
[    0.000000] Machine model: Compulab TrimSlice board
[    0.000000] debug: ignoring loglevel setting.
[    0.000000] cma: Reserved 64 MiB at 0x3c000000
[    0.000000] Memory policy: Data cache writealloc
[    0.000000] On node 0 totalpages: 262144
[    0.000000] free_area_init_node: node 0, pgdat c0ff8880, node_mem_map ef7f8000
[    0.000000]   DMA zone: 1536 pages used for memmap
[    0.000000]   DMA zone: 0 pages reserved
[    0.000000]   DMA zone: 196608 pages, LIFO batch:31
[    0.000000]   HighMem zone: 65536 pages, LIFO batch:15
[    0.000000] PERCPU: Embedded 12 pages/cpu @ef7cb000 s19136 r8192 d21824 u49152
[    0.000000] pcpu-alloc: s19136 r8192 d21824 u49152 alloc=12*4096
[    0.000000] pcpu-alloc: [0] 0 [0] 1 
[    0.000000] Built 1 zonelists in Zone order, mobility grouping on.  Total pages: 260608
[    0.000000] Kernel command line: ignore_loglevel console=ttyS0,115200n8 rw root=/dev/mmcblk0p1 rootwait gpt debug noinitrd earlyprintk init=/bin/bash
[    0.000000] PID hash table entries: 4096 (order: 2, 16384 bytes)
[    0.000000] Dentry cache hash table entries: 131072 (order: 7, 524288 bytes)
[    0.000000] Inode-cache hash table entries: 65536 (order: 6, 262144 bytes)
[    0.000000] Memory: 959180K/1048576K available (8330K kernel code, 1090K rwdata, 3840K rodata, 1016K init, 344K bss, 23860K reserved, 65536K cma-reserved, 196608K highmem)
[    0.000000] Virtual kernel memory layout:
[    0.000000]     vector  : 0xffff0000 - 0xffff1000   (   4 kB)
[    0.000000]     fixmap  : 0xffc00000 - 0xfff00000   (3072 kB)
[    0.000000]     vmalloc : 0xf0800000 - 0xff800000   ( 240 MB)
[    0.000000]     lowmem  : 0xc0000000 - 0xf0000000   ( 768 MB)
[    0.000000]     pkmap   : 0xbfe00000 - 0xc0000000   (   2 MB)
[    0.000000]     modules : 0xbf000000 - 0xbfe00000   (  14 MB)
[    0.000000]       .text : 0xc0208000 - 0xc0deb814   (12175 kB)
[    0.000000]       .init : 0xc0dec000 - 0xc0eea000   (1016 kB)
[    0.000000]       .data : 0xc0eea000 - 0xc0ffa800   (1090 kB)
[    0.000000]        .bss : 0xc0ffd000 - 0xc10530a8   ( 345 kB)
[    0.000000] SLUB: HWalign=64, Order=0-3, MinObjects=0, CPUs=2, Nodes=1
[    0.000000] Hierarchical RCU implementation.
[    0.000000] 	Build-time adjustment of leaf fanout to 32.
[    0.000000] 	RCU restricting CPUs from NR_CPUS=16 to nr_cpu_ids=2.
[    0.000000] RCU: Adjusting geometry for rcu_fanout_leaf=32, nr_cpu_ids=2
[    0.000000] NR_IRQS:16 nr_irqs:16 16
[    0.000000] /interrupt-controller@60004000: 128 interrupts forwarded to /interrupt-controller@50041000
[    0.000000] L2C: platform modifies aux control register: 0x02080000 -> 0x3e480001
[    0.000000] L2C: DT/platform modifies aux control register: 0x02080000 -> 0x3e480001
[    0.000000] L2C-310 errata 727915 769419 enabled
[    0.000000] L2C-310 enabling early BRESP for Cortex-A9
[    0.000000] L2C-310: enabling full line of zeros but not enabled in Cortex-A9
[    0.000000] L2C-310 ID prefetch enabled, offset 1 lines
[    0.000000] L2C-310 cache controller enabled, 8 ways, 1024 kB
[    0.000000] L2C-310: CACHE_ID 0x410000c4, AUX_CTRL 0x7e480001
[    0.000010] sched_clock: 32 bits at 1000kHz, resolution 1000ns, wraps every 2147483647500ns
[    0.000026] clocksource: timer_us: mask: 0xffffffff max_cycles: 0xffffffff, max_idle_ns: 1911260446275 ns
[    0.000036] Switching to timer-based delay loop, resolution 1000ns
[    0.001549] Console: colour dummy device 80x30
[    0.001570] Calibrating delay loop (skipped), value calculated using timer frequency.. 2.00 BogoMIPS (lpj=5000)
[    0.001580] pid_max: default: 32768 minimum: 301
[    0.001664] Mount-cache hash table entries: 2048 (order: 1, 8192 bytes)
[    0.001673] Mountpoint-cache hash table entries: 2048 (order: 1, 8192 bytes)
[    0.002142] CPU: Testing write buffer coherency: ok
[    0.002322] CPU0: thread -1, cpu 0, socket 0, mpidr 80000000
[    0.002369] Setting up static identity map for 0x209000 - 0x209098
[    0.003749] Tegra Revision: A03 prime SKU: 8 CPU Process: 1 SoC Process: 2
[    0.004700] CPU1: thread -1, cpu 1, socket 0, mpidr 80000001
[    0.004757] Brought up 2 CPUs
[    0.004769] SMP: Total of 2 processors activated (4.00 BogoMIPS).
[    0.004775] CPU: All CPU(s) started in SVC mode.
[    0.005400] devtmpfs: initialized
[    0.009416] VFP support v0.3: implementor 41 architecture 3 part 30 variant 9 rev 1
[    0.009779] clocksource: jiffies: mask: 0xffffffff max_cycles: 0xffffffff, max_idle_ns: 9556302231375000 ns
[    0.012939] pinctrl core: initialized pinctrl subsystem
[    0.014127] NET: Registered protocol family 16
[    0.016294] DMA: preallocated 256 KiB pool for atomic coherent allocations
[    0.029931] cpuidle: using governor ladder
[    0.044929] cpuidle: using governor menu
[    0.055498] No ATAGs?
[    0.055527] hw-breakpoint: found 5 (+1 reserved) breakpoint and 1 watchpoint registers.
[    0.055534] hw-breakpoint: maximum watchpoint size is 4 bytes.
[    0.058857] Serial: AMBA PL011 UART driver
[    0.083421] usb1_vbus: Failed to request enable GPIO170: -517
[    0.083504] reg-fixed-voltage regulators:regulator@2: Failed to register regulator: -517
[    0.087300] vgaarb: loaded
[    0.088011] SCSI subsystem initialized
[    0.088136] libata version 3.00 loaded.
[    0.088358] usbcore: registered new interface driver usbfs
[    0.088405] usbcore: registered new interface driver hub
[    0.088446] usbcore: registered new device driver usb
[    0.090501] pps_core: LinuxPPS API ver. 1 registered
[    0.090508] pps_core: Software ver. 5.3.6 - Copyright 2005-2007 Rodolfo Giometti <giometti@linux.it>
[    0.090529] PTP clock support registered
[    0.090695] EDAC MC: Ver: 3.0.0
[    0.092540] clocksource: Switched to clocksource timer_us
[    0.100553] NET: Registered protocol family 2
[    0.100981] TCP established hash table entries: 8192 (order: 3, 32768 bytes)
[    0.101051] TCP bind hash table entries: 8192 (order: 4, 65536 bytes)
[    0.101165] TCP: Hash tables configured (established 8192 bind 8192)
[    0.101247] UDP hash table entries: 512 (order: 2, 16384 bytes)
[    0.101292] UDP-Lite hash table entries: 512 (order: 2, 16384 bytes)
[    0.101464] NET: Registered protocol family 1
[    0.101709] RPC: Registered named UNIX socket transport module.
[    0.101716] RPC: Registered udp transport module.
[    0.101721] RPC: Registered tcp transport module.
[    0.101726] RPC: Registered tcp NFSv4.1 backchannel transport module.
[    0.101744] PCI: CLS 0 bytes, default 64
[    0.102575] hw perfevents: enabled with armv7_cortex_a9 PMU driver, 7 counters available
[    0.103582] futex hash table entries: 512 (order: 3, 32768 bytes)
[    0.112173] squashfs: version 4.0 (2009/01/31) Phillip Lougher
[    0.112882] NFS: Registering the id_resolver key type
[    0.112916] Key type id_resolver registered
[    0.112922] Key type id_legacy registered
[    0.112972] ntfs: driver 2.1.32 [Flags: R/O].
[    0.114019] bounce: pool size: 64 pages
[    0.114178] Block layer SCSI generic (bsg) driver version 0.4 loaded (major 249)
[    0.114192] io scheduler noop registered
[    0.114203] io scheduler deadline registered
[    0.114232] io scheduler cfq registered (default)
[    0.124293] tegra-pcie 80003000.pcie-controller: dual-mode configuration
[    0.124881] tegra-pcie 80003000.pcie-controller: probing port 0, using 2 lanes
[    0.207044] tegra-pcie 80003000.pcie-controller: PCI host bridge to bus 0000:00
[    0.207057] pci_bus 0000:00: root bus resource [mem 0xa0000000-0xa7ffffff]
[    0.207066] pci_bus 0000:00: root bus resource [mem 0xa8000000-0xbfffffff pref]
[    0.207076] pci_bus 0000:00: root bus resource [bus 00-ff]
[    0.207084] pci_bus 0000:00: root bus resource [io  0x1000-0xffff]
[    0.207115] pci 0000:00:01.0: [10de:0bf0] type 01 class 0x060000
[    0.207174] pci 0000:00:01.0: PME# supported from D0 D1 D2 D3hot D3cold
[    0.207359] PCI: bus0: Fast back to back transfers disabled
[    0.207370] pci 0000:00:01.0: bridge configuration invalid ([bus 00-00]), reconfiguring
[    0.207510] pci 0000:01:00.0: [10ec:8168] type 00 class 0x020000
[    0.207574] pci 0000:01:00.0: reg 0x10: [io  0x0000-0x00ff]
[    0.207597] pci 0000:01:00.0: reg 0x18: [mem 0x00000000-0x00000fff 64bit pref]
[    0.207614] pci 0000:01:00.0: reg 0x20: [mem 0x00000000-0x00003fff 64bit pref]
[    0.207627] pci 0000:01:00.0: reg 0x30: [mem 0x00000000-0x0001ffff pref]
[    0.207689] pci 0000:01:00.0: supports D1 D2
[    0.207697] pci 0000:01:00.0: PME# supported from D0 D1 D2 D3hot D3cold
[    0.217568] PCI: bus1: Fast back to back transfers disabled
[    0.217580] pci_bus 0000:01: busn_res: [bus 01-ff] end is updated to 01
[    0.217592] Disabling cpuidle LP2 state, since PCIe IRQs are in use
[    0.217647] pci 0000:00:01.0: BAR 8: assigned [mem 0xa0000000-0xa00fffff]
[    0.217659] pci 0000:00:01.0: BAR 9: assigned [mem 0xa8000000-0xa80fffff 64bit pref]
[    0.217668] pci 0000:00:01.0: BAR 7: assigned [io  0x1000-0x1fff]
[    0.217680] pci 0000:01:00.0: BAR 6: assigned [mem 0xa0000000-0xa001ffff pref]
[    0.217690] pci 0000:01:00.0: BAR 4: assigned [mem 0xa8000000-0xa8003fff 64bit pref]
[    0.217707] pci 0000:01:00.0: BAR 2: assigned [mem 0xa8004000-0xa8004fff 64bit pref]
[    0.217723] pci 0000:01:00.0: BAR 0: assigned [io  0x1000-0x10ff]
[    0.217734] pci 0000:00:01.0: PCI bridge to [bus 01]
[    0.217743] pci 0000:00:01.0:   bridge window [io  0x1000-0x1fff]
[    0.217751] pci 0000:00:01.0:   bridge window [mem 0xa0000000-0xa00fffff]
[    0.217760] pci 0000:00:01.0:   bridge window [mem 0xa8000000-0xa80fffff 64bit pref]
[    0.217780] pci 0000:00:01.0: nv_msi_ht_cap_quirk didn't locate host bridge
[    0.217846] pcieport 0000:00:01.0: enabling device (0140 -> 0143)
[    0.218006] pcieport 0000:00:01.0: Signaling PME through PCIe PME interrupt
[    0.218015] pci 0000:01:00.0: Signaling PME through PCIe PME interrupt
[    0.218025] pcie_pme 0000:00:01.0:pcie01: service driver pcie_pme loaded
[    0.221844] tegra-apbdma 6000a000.dma: Tegra20 APB DMA driver register 16 channels
[    0.271205] Serial: 8250/16550 driver, 4 ports, IRQ sharing disabled
[    0.273112] SuperH (H)SCI(F) driver initialized
[    0.273788] msm_serial: driver initialized
[    0.274461] console [ttyS0] disabled
[    0.274495] 70006000.serial: ttyS0 at MMIO 0x70006000 (irq = 279, base_baud = 13500000) is a Tegra
[    1.224881] console [ttyS0] enabled
[    1.228943] STMicroelectronics ASC driver initialized
[    1.235621] [drm] Initialized drm 1.1.0 20060810
[    1.241947] 54280000.hdmi supply hdmi not found, using dummy regulator
[    1.251150] [drm] Supports vblank timestamp caching Rev 2 (21.10.2013).
[    1.257770] [drm] No driver support for vblank timestamp query.
[    1.263706] drm drm: No connectors reported connected with modes
[    1.269710] [drm] Cannot find any crtc or sizes - going 1024x768
[    1.291725] Console: switching to colour frame buffer device 128x48
[    1.306425] drm drm: fb0:  frame buffer device
[    1.322558] [drm] Initialized tegra 0.0.0 20120330 on minor 0
[    1.333505] loop: module loaded
[    1.341608] m25p80 spi32766.0: found s25fl008k, expected w25q80bl
[    1.347767] m25p80 spi32766.0: s25fl008k (1024 Kbytes)
[    1.355239] libphy: Fixed MDIO Bus: probed
[    1.359864] CAN device driver interface
[    1.364759] igb: Intel(R) Gigabit Ethernet Network Driver - version 5.3.0-k
[    1.371717] igb: Copyright (c) 2007-2014 Intel Corporation.
[    1.377843] r8169 Gigabit Ethernet driver 2.3LK-NAPI loaded
[    1.383443] r8169 0000:01:00.0: enabling device (0140 -> 0143)
[    1.390013] r8169 0000:01:00.0 eth0: RTL8168d/8111d at 0xf085e000, 00:01:c0:13:7d:63, XID 081000c0 IRQ 296
[    1.399668] r8169 0000:01:00.0 eth0: jumbo features [frames: 9200 bytes, tx checksumming: ko]
[    1.410063] pegasus: v0.9.3 (2013/04/25), Pegasus/Pegasus II USB Ethernet driver
[    1.417520] usbcore: registered new interface driver pegasus
[    1.423230] usbcore: registered new interface driver asix
[    1.428667] usbcore: registered new interface driver ax88179_178a
[    1.434797] usbcore: registered new interface driver cdc_ether
[    1.440678] usbcore: registered new interface driver smsc75xx
[    1.446472] usbcore: registered new interface driver smsc95xx
[    1.452253] usbcore: registered new interface driver net1080
[    1.457960] usbcore: registered new interface driver cdc_subset
[    1.463916] usbcore: registered new interface driver zaurus
[    1.469555] usbcore: registered new interface driver cdc_ncm
[    1.475500] tegra-phy c5004000.usb-phy: no vbus regulator
[    1.481989] tegra-phy c5008000.usb-phy: no vbus regulator
[    1.488615] ehci_hcd: USB 2.0 'Enhanced' Host Controller (EHCI) Driver
[    1.495147] ehci-pci: EHCI PCI platform driver
[    1.499631] ehci-platform: EHCI generic platform driver
[    1.505016] ehci-omap: OMAP-EHCI Host Controller driver
[    1.510346] ehci-orion: EHCI orion driver
[    1.514460] SPEAr-ehci: EHCI SPEAr driver
[    1.518578] ehci-st: EHCI STMicroelectronics driver
[    1.523569] ehci-exynos: EHCI EXYNOS driver
[    1.527878] ehci-atmel: EHCI Atmel driver
[    1.531978] tegra-ehci: Tegra EHCI driver
[    1.553747] ulpi_phy_power_on: ulpi write failed
[    1.558367] tegra-ehci c5004000.usb: Failed to power on the phy
[    1.564295] tegra-ehci: probe of c5004000.usb failed with error -110
[    1.573280] tegra-ehci c5008000.usb: EHCI Host Controller
[    1.578693] tegra-ehci c5008000.usb: new USB bus registered, assigned bus number 1
[    1.586501] tegra-ehci c5008000.usb: irq 290, io mem 0xc5008000
[    1.597557] tegra-ehci c5008000.usb: USB 2.0 started, EHCI 1.00
[    1.604071] hub 1-0:1.0: USB hub found
[    1.607867] hub 1-0:1.0: 1 port detected
[    1.612095] ohci_hcd: USB 1.1 'Open' Host Controller (OHCI) Driver
[    1.618294] ohci-pci: OHCI PCI platform driver
[    1.622788] ohci-platform: OHCI generic platform driver
[    1.628167] ohci-omap3: OHCI OMAP3 driver
[    1.632272] SPEAr-ohci: OHCI SPEAr driver
[    1.636406] ohci-st: OHCI STMicroelectronics driver
[    1.641395] ohci-atmel: OHCI Atmel driver
[    1.645853] usbcore: registered new interface driver usb-storage
[    1.653032] mousedev: PS/2 mouse device common for all mice
[    1.660493] rtc-em3027 2-0056: rtc core: registered rtc-em3027 as rtc0
[    1.668216] tegra_rtc 7000e000.rtc: rtc core: registered 7000e000.rtc as rtc1
[    1.675393] tegra_rtc 7000e000.rtc: Tegra internal Real Time Clock
[    1.682004] i2c /dev entries driver
[    1.692656] sdhci: Secure Digital Host Controller Interface driver
[    1.698833] sdhci: Copyright(c) Pierre Ossman
[    1.704360] Synopsys Designware Multimedia Card Interface Driver
[    1.711222] sdhci-pltfm: SDHCI platform and OF driver helper
[    1.717791] mmc0: Invalid maximum block size, assuming 512 bytes
[    1.752557] mmc0: SDHCI controller on c8000000.sdhci [c8000000.sdhci] using ADMA
[    1.760041] sdhci-tegra c8000600.sdhci: Got CD GPIO
[    1.764927] sdhci-tegra c8000600.sdhci: Got WP GPIO
[    1.769923] mmc1: Invalid maximum block size, assuming 512 bytes
[    1.802632] mmc1: SDHCI controller on c8000600.sdhci [c8000600.sdhci] using ADMA
[    1.811230] ledtrig-cpu: registered to indicate activity on CPUs
[    1.817512] usbcore: registered new interface driver usbhid
[    1.823086] usbhid: USB HID core driver
[    1.830722] NET: Registered protocol family 10
[    1.835889] sit: IPv6 over IPv4 tunneling driver
[    1.841023] NET: Registered protocol family 17
[    1.845482] can: controller area network core (rev 20120528 abi 9)
[    1.851707] NET: Registered protocol family 29
[    1.856162] can: raw protocol (rev 20120528)
[    1.860435] can: broadcast manager protocol (rev 20120528 t)
[    1.866100] can: netlink gateway (rev 20130117) max_hops=1
[    1.871908] Key type dns_resolver registered
[    1.876556] ThumbEE CPU extension supported.
[    1.880843] Registering SWP/SWPB emulation handler
[    1.890316] utmi_phy_clk_enable: timeout waiting for phy to stabilize
[    1.896779] tegra-ehci c5000000.usb: EHCI Host Controller
[    1.902196] tegra-ehci c5000000.usb: new USB bus registered, assigned bus number 2
[    1.910095] tegra-ehci c5000000.usb: irq 288, io mem 0xc5000000
[    1.923240] mmc0: host does not support reading read-only switch, assuming write-enable
[    1.933197] mmc0: new high speed SDHC card at address b368
[    1.939027] mmcblk0: mmc0:b368 NCard 3.70 GiB 
[    1.942563] usb 1-1: new high-speed USB device number 2 using tegra-ehci
[    1.952070]  mmcblk0: p1
[    1.957567] tegra-ehci c5000000.usb: USB 2.0 started, EHCI 1.00
[    1.964072] hub 2-0:1.0: USB hub found
[    1.967853] hub 2-0:1.0: 1 port detected
[    1.972663] input: gpio-keys as /devices/soc0/gpio-keys/input/input0
[    1.979549] rtc-em3027 2-0056: setting system clock to 2014-12-27 02:47:00 UTC (1419648420)
[    1.992734] EXT4-fs (mmcblk0p1): mounting ext3 file system using the ext4 subsystem
[    2.077193] mmc1: new high speed SD card at address b368
[    2.083060] mmcblk1: mmc1:b368 NCard 1.83 GiB (ro)
[    2.088692] EXT4-fs (mmcblk0p1): recovery complete
[    2.090705]  mmcblk1: p1 p2
[    2.096314] EXT4-fs (mmcblk0p1): mounted filesystem with ordered data mode. Opts: (null)
[    2.104433] VFS: Mounted root (ext3 filesystem) on device 179:1.
[    2.111934] hub 1-1:1.0: USB hub found
[    2.115907] hub 1-1:1.0: 4 ports detected
[    2.120742] devtmpfs: mounted
[    2.125408] Freeing unused kernel memory: 1016K (c0dec000 - c0eea000)
bash: cannot set terminal process group (-1): Inappropriate ioctl for device
bash: no job control in this shell
[    2.407632] usb 1-1.2: new high-speed USB device number 3 using tegra-ehci
root@(none):/# 