[0000.761] [TegraBoot] (version 23.00.2015.14-mobile-1ef66670)
[0000.766] Processing in cold boot mode Bootloader 2
[0000.771] A01Q Bootrom Patch rev = 3
[0000.774] Power-up reason: pmu watchdog
[0000.778] No Battery Present
[0000.781] Platform has Ddr4 type ram
[0000.784] max77620 disabling SD1 Remote Sense
[0000.788] Setting Ddr voltage to 1125mv
[0000.793] Serial Number of Pmic Max77663: 0x40daf
[0000.800] Entering ramdump check
[0000.803] Get RamDumpCarveOut = 0x0
[0000.806] RamDumpCarveOut=0x0,  RamDumperFlag=0xe59ff3f8
[0000.812] Last reboot was clean, booting normally!
[0000.816] Sdram initialization is successful 
[0000.820] SecureOs Carveout Base=0xff800000 Size=0x00800000
[0000.826] GSC1 Carveout Base=0xff700000 Size=0x00100000
[0000.852] GSC2 Carveout Base=0xff600000 Size=0x00100000
[0000.879] GSC3 Carveout Base=0xff500000 Size=0x00100000
[0000.884] GSC4 Carveout Base=0xff400000 Size=0x00100000
[0000.889] GSC5 Carveout Base=0xff300000 Size=0x00100000
[0000.894] BpmpFw Carveout Base=0xff2c0000 Size=0x00040000
[0000.899] Lp0 Carveout Base=0xff2bf000 Size=0x00001000
[0000.915] RamDump Carveout Base=0xff23f000 Size=0x00080000
[0000.921] Platform-DebugCarveout: 0
[0000.924] Nck Carveout Base=0xff03f000 Size=0x00200000
[0000.973] Using GPT Primary to query partitions 
[0000.979] Loading Tboot-CPU binary
[0001.028] Verifying bootloader in OdmNonSecureSBK mode
[0001.037] Bootloader load address is 0xa0000000,                            entry address is 0xa0000258
[0001.047] Bootloader downloaded successfully.
[0001.051] Downloaded Tboot-CPU binary to 0xa0000258
[0001.056] MAX77620_GPIO1 Configured.
[0001.060] MAX77620_GPIO5 Configured.
[0001.063] CPU power rail is up
[0001.066] CPU clock enabled
[0001.070] Performing RAM repair
[0001.073] Updating A64 Warmreset Address to 0xa00002e9
[0001.092] Bootloader DTB Load Address: 0x83000000
[0001.109] Kernel DTB Load Address: 0x83080000
[0001.114] Loading cboot binary
[0001.208] Verifying bootloader in OdmNonSecureSBK mode
[0001.296] Bootloader load address is 0x8010fda8,                            entry address is 0x80110000
[0001.305] Bootloader downloaded successfully.
[0001.309] GPT: Partition NOT found ! 
[0001.313] Find Partition via GPT Failed
[0001.316] function NvTbootGetBinaryOffsets: 0x845208 error
[0001.322] Error in NvTbootLoadBinary: 0x845208 !
[0001.326] GPT: Partition NOT found ! 
[0001.330] No FB partition
[0001.332] Next binary entry address: 0x80110000 
[0001.337] BoardId: 2595
[0001.342] dram memory type is 3
[0001.347] WB0 init successful
[0001.374] Bpmp FW successfully loaded
[0001.377] Set NvDecSticky Bits
[0001.381] GSC1 address : ff700000
[0001.384] GSC2 address : ff600000
[0001.388] GSC3 address : ff500000
[0001.392] GSC4 address : ff400000
[0001.395] GSC5 address : ff300000
[0001.399] GSC MC Settings done
[0001.404] TOS old plaintext Image length 61440
[0001.410] *** Secure OS image signature not verified ***
[0001.415] Loading and Validation of Secure OS Successful
[0001.420] NvTbootPackSdramParams: start. 
[0001.425] NvTbootPackSdramParams: done. 
[0001.429] Tegraboot started after 753987 us
[0001.433] Basic modules init took 350422 us
[0001.437] Sec Bootdevice Read Time = 202 ms, Read Size = 8459 KB
[0001.443] Next stage binary read took 14365 us
[0001.447] Carveout took 252721 us
[0001.450] CPU initialization took 92311 us
[0001.454] Total time taken by TegraBoot 709819 us

[0001.459] Starting CPU & Halting co-processor 

64b[0001.594] LPDDR4 Training: Number of tables = 10
[0001.598] EMC Training (SRC-freq: 204000; DST-freq: 408000)
[0001.605] EMC Training Successful
[0001.608] EMC Training (SRC-freq: 204000; DST-freq: 665600)
[0001.614] EMC Training Successful
[0001.617] EMC Training (SRC-freq: 204000; DST-freq: 800000)
[0001.628] EMC Training Successful
[0001.631] EMC Training (SRC-freq: 204000; DST-freq: 1065600)
[0001.654] EMC Training Successful
[0001.657] EMC Training (SRC-freq: 204000; DST-freq: 1331200)
[0001.678] EMC Training Successful
[0001.681] EMC Training (SRC-freq: 204000; DST-freq: 1600000)
[0001.701] EMC Training Successful
[0001.704] Switching to 800000 KHz Success
[0001.737] LPDDR4 Training: Number of tables = 10


U-Boot 2015.07-rc2-g2ac3917 (Nov 09 2015 - 13:12:08 -0800)

TEGRA210
Model: NVIDIA P2371-0000
DRAM:  3 GiB
MC:   Tegra SD/MMC: 0, Tegra SD/MMC: 1
*** Warning - bad CRC, using default environment

In:    serial
Out:   serial
Err:   serial
Net:   Net Initialization Skipped
No ethernet found.
Hit any key to stop autoboot:  2  0 
Tegra210 (P2371-0000) # 
Tegra210 (P2371-0000) # ums 0 mmc 0
UMS: disk start sector: 0x0, count: 0x1d5a000
|/-\|/-\/-\|/-\/-\|/-\/-\|/-\/-\|/-\/-\|/-\/-\|/-\/-\|/-\/-\|/-\/-\|/-\/-\|/-\/-\CTRL+C - Operation aborted
Tegra210 (P2371-0000) # 
Tegra210 (P2371-0000) # env set fdt_copy_node_names /cpus:/psci
Tegra210 (P2371-0000) # setenv rootpart 1
Tegra210 (P2371-0000) # setenv devtype mmc
Tegra210 (P2371-0000) # setenv devnum 0
Tegra210 (P2371-0000) # part uuid ${devtype} ${devnum}:${rootpart} uuid
Tegra210 (P2371-0000) # setenv bootargs ignore_loglevel console=ttyS0,115200n8 earlycon=uart8250,mmio32,0x70006000 rw root=PARTUUID=00000000-0001-0000-788f-a75600000000 rootwait debug earlyprintk init=/bin/bash
Tegra210 (P2371-0000) # load ${devtype} ${devnum}:${rootpart} ${kernel_addr_r} /boot/Image.defconfig
15665664 bytes read in 812 ms (18.4 MiB/s)
Tegra210 (P2371-0000) # load ${devtype} ${devnum}:${rootpart} ${fdt_addr_r} /boot/tegra210-p2371-0000.dtb
45142 bytes read in 461 ms (94.7 KiB/s)
Tegra210 (P2371-0000) # load ${devtype} ${devnum}:${rootpart} ${ramdisk_addr_r} /boot/tegra-ramdisk.img
1627787 bytes read in 495 ms (3.1 MiB/s)
Tegra210 (P2371-0000) # ramdisk_size=${filesize}
Tegra210 (P2371-0000) # booti ${kernel_addr_r} - ${fdt_addr_r}
## Flattened Device Tree blob at 82000000
   Booting using the fdt blob at 0x82000000
   Using Device Tree in place at 0000000082000000, end 000000008200e055

Starting kernel ...

[    0.000000] Booting Linux on physical CPU 0x0
[    0.000000] Linux version 4.11.0-next-20170509-289291-gfd76df3 (jonathanh@tamien) (gcc version 4.9.2 20140904 (prerelease) (crosstool-NG linaro-1.13.1-4.9-2014.09 - Linaro GCC 4.9-2014.09) ) #1 SMP PREEMPT Mon May 8 21:09:11 PDT 2017
[    0.000000] Boot CPU: AArch64 Processor [411fd071]
[    0.000000] Machine model: NVIDIA Tegra210 P2371 (P2530/P2595) reference design
[    0.000000] debug: ignoring loglevel setting.
[    0.000000] earlycon: uart8250 at MMIO32 0x0000000070006000 (options '')
[    0.000000] bootconsole [uart8250] enabled
[    0.000000] efi: Getting EFI parameters from FDT:
[    0.000000] efi: UEFI not found.
[    0.000000] cma: Reserved 16 MiB at 0x00000000fe000000
[    0.000000] NUMA: No NUMA configuration found
[    0.000000] NUMA: Faking a node at [mem 0x0000000000000000-0x000000013fffffff]
[    0.000000] NUMA: Adding memblock [0x80000000 - 0xff1fffff] on node 0
[    0.000000] NUMA: Adding memblock [0x100000000 - 0x13fffffff] on node 0
[    0.000000] NUMA: Initmem setup node 0 [mem 0x80000000-0x13fffffff]
[    0.000000] NUMA: NODE_DATA [mem 0x13ffacb00-0x13ffae5ff]
[    0.000000] Zone ranges:
[    0.000000]   DMA      [mem 0x0000000080000000-0x00000000ffffffff]
[    0.000000]   Normal   [mem 0x0000000100000000-0x000000013fffffff]
[    0.000000] Movable zone start for each node
[    0.000000] Early memory node ranges
[    0.000000]   node   0: [mem 0x0000000080000000-0x00000000ff1fffff]
[    0.000000]   node   0: [mem 0x0000000100000000-0x000000013fffffff]
[    0.000000] Initmem setup node 0 [mem 0x0000000080000000-0x000000013fffffff]
[    0.000000] On node 0 totalpages: 782848
[    0.000000]   DMA zone: 8192 pages used for memmap
[    0.000000]   DMA zone: 0 pages reserved
[    0.000000]   DMA zone: 520704 pages, LIFO batch:31
[    0.000000]   Normal zone: 4096 pages used for memmap
[    0.000000]   Normal zone: 262144 pages, LIFO batch:31
[    0.000000] psci: probing for conduit method from DT.
[    0.000000] psci: PSCIv0.2 detected in firmware.
[    0.000000] psci: Using standard PSCI v0.2 function IDs
[    0.000000] psci: MIGRATE_INFO_TYPE not supported.
[    0.000000] percpu: Embedded 24 pages/cpu @ffff8000bff49000 s59904 r8192 d30208 u98304
[    0.000000] pcpu-alloc: s59904 r8192 d30208 u98304 alloc=24*4096
[    0.000000] pcpu-alloc: [0] 0 [0] 1 [0] 2 [0] 3 
[    0.000000] Detected PIPT I-cache on CPU0
[    0.000000] CPU features: enabling workaround for ARM erratum 832075
[    0.000000] CPU features: enabling workaround for ARM erratum 834220
[    0.000000] Built 1 zonelists in Node order, mobility grouping on.  Total pages: 770560
[    0.000000] Policy zone: Normal
[    0.000000] Kernel command line: ignore_loglevel console=ttyS0,115200n8 earlycon=uart8250,mmio32,0x70006000 rw root=PARTUUID=00000000-0001-0000-788f-a75600000000 rootwait debug earlyprintk init=/bin/bash
[    0.000000] PID hash table entries: 4096 (order: 3, 32768 bytes)
[    0.000000] software IO TLB [mem 0xfa000000-0xfe000000] (64MB) mapped at [ffff80007a000000-ffff80007dffffff]
[    0.000000] Memory: 2983364K/3131392K available (8828K kernel code, 1090K rwdata, 4260K rodata, 1088K init, 408K bss, 131644K reserved, 16384K cma-reserved)
[    0.000000] Virtual kernel memory layout:
[    0.000000]     modules : 0xffff000000000000 - 0xffff000008000000   (   128 MB)
[    0.000000]     vmalloc : 0xffff000008000000 - 0xffff7dffbfff0000   (129022 GB)
[    0.000000]       .text : 0xffff000008080000 - 0xffff000008920000   (  8832 KB)
[    0.000000]     .rodata : 0xffff000008920000 - 0xffff000008d50000   (  4288 KB)
[    0.000000]       .init : 0xffff000008d50000 - 0xffff000008e60000   (  1088 KB)
[    0.000000]       .data : 0xffff000008e60000 - 0xffff000008f70a00   (  1091 KB)
[    0.000000]        .bss : 0xffff000008f70a00 - 0xffff000008fd6bc0   (   409 KB)
[    0.000000]     fixed   : 0xffff7dfffe7fd000 - 0xffff7dfffec00000   (  4108 KB)
[    0.000000]     PCI I/O : 0xffff7dfffee00000 - 0xffff7dffffe00000   (    16 MB)
[    0.000000]     vmemmap : 0xffff7e0000000000 - 0xffff800000000000   (  2048 GB maximum)
[    0.000000]               0xffff7e0000000000 - 0xffff7e0003000000   (    48 MB actual)
[    0.000000]     memory  : 0xffff800000000000 - 0xffff8000c0000000   (  3072 MB)
[    0.000000] SLUB: HWalign=64, Order=0-3, MinObjects=0, CPUs=4, Nodes=1
[    0.000000] Preemptible hierarchical RCU implementation.
[    0.000000] 	RCU restricting CPUs from NR_CPUS=64 to nr_cpu_ids=4.
[    0.000000] RCU: Adjusting geometry for rcu_fanout_leaf=16, nr_cpu_ids=4
[    0.000000] NR_IRQS:64 nr_irqs:64 0
[    0.000000] GIC: Using split EOI/Deactivate mode
[    0.000000] /interrupt-controller@60004000: 192 interrupts forwarded to /interrupt-controller@50041000
[    0.000000] boot misc1 0x0: expected 0x20
[    0.000000]  (comparison mask = 0xffffff)
[    0.000000] PLL_X already enabled. Postponing set full defaults
[    0.000000] arch_timer: cp15 timer(s) running at 19.20MHz (phys).
[    0.000000] clocksource: arch_sys_counter: mask: 0xffffffffffffff max_cycles: 0x46d987e47, max_idle_ns: 440795202767 ns
[    0.000005] sched_clock: 56 bits at 19MHz, resolution 52ns, wraps every 4398046511078ns
[    0.008427] Console: colour dummy device 80x25
[    0.013072] Calibrating delay loop (skipped), value calculated using timer frequency.. 38.40 BogoMIPS (lpj=76800)
[    0.023692] pid_max: default: 32768 minimum: 301
[    0.028543] Security Framework initialized
[    0.035364] Dentry cache hash table entries: 524288 (order: 10, 4194304 bytes)
[    0.044120] Inode-cache hash table entries: 262144 (order: 9, 2097152 bytes)
[    0.051469] Mount-cache hash table entries: 8192 (order: 4, 65536 bytes)
[    0.058439] Mountpoint-cache hash table entries: 8192 (order: 4, 65536 bytes)
[    0.081900] ASID allocator initialised with 65536 entries
[    0.096443] Speedo Revision 4
[    0.099534] Tegra Revision: A01 SKU: 1 CPU Process: -22 SoC Process: -22
[    0.107340] EFI services will not be available.
[    0.128078] smp: Bringing up secondary CPUs ...
[    0.164913] Detected PIPT I-cache on CPU1
[    0.164955] CPU1: Booted secondary processor [411fd071]
[    0.196982] Detected PIPT I-cache on CPU2
[    0.197015] CPU2: Booted secondary processor [411fd071]
[    0.229059] Detected PIPT I-cache on CPU3
[    0.229091] CPU3: Booted secondary processor [411fd071]
[    0.229154] smp: Brought up 1 node, 4 CPUs
[    0.262045] SMP: Total of 4 processors activated.
[    0.266910] CPU features: detected feature: 32-bit EL0 Support
[    0.272985] CPU: All CPU(s) started at EL2
[    0.277240] alternatives: patching kernel code
[    0.285937] devtmpfs: initialized
[    0.296945] DMI not present or invalid.
[    0.301110] clocksource: jiffies: mask: 0xffffffff max_cycles: 0xffffffff, max_idle_ns: 7645041785100000 ns
[    0.311241] futex hash table entries: 1024 (order: 5, 131072 bytes)
[    0.318167] pinctrl core: initialized pinctrl subsystem
[    0.325347] NET: Registered protocol family 16
[    0.334002] cpuidle: using governor menu
[    0.338811] vdso: 2 pages (1 code @ ffff000008927000, 1 data @ ffff000008e65000)
[    0.346525] hw-breakpoint: found 6 breakpoint and 4 watchpoint registers.
[    0.354500] DMA: preallocated 256 KiB pool for atomic allocations
[    0.362240] Serial: AMBA PL011 UART driver
[    0.387191] HugeTLB registered 2 MB page size, pre-allocated 0 pages
[    0.394662] ACPI: Interpreter disabled.
[    0.399163] vgaarb: loaded
[    0.402233] SCSI subsystem initialized
[    0.406506] libata version 3.00 loaded.
[    0.411191] usbcore: registered new interface driver usbfs
[    0.416924] usbcore: registered new interface driver hub
[    0.422486] usbcore: registered new device driver usb
[    0.428633] pps_core: LinuxPPS API ver. 1 registered
[    0.433781] pps_core: Software ver. 5.3.6 - Copyright 2005-2007 Rodolfo Giometti <giometti@linux.it>
[    0.443293] PTP clock support registered
[    0.447546] dmi: Firmware registration failed.
[    0.452307] Advanced Linux Sound Architecture Driver Initialized.
[    0.459232] clocksource: Switched to clocksource arch_sys_counter
[    0.465660] VFS: Disk quotas dquot_6.6.0
[    0.469778] VFS: Dquot-cache hash table entries: 512 (order 0, 4096 bytes)
[    0.477078] pnp: PnP ACPI: disabled
[    0.487553] NET: Registered protocol family 2
[    0.492576] TCP established hash table entries: 32768 (order: 6, 262144 bytes)
[    0.500370] TCP bind hash table entries: 32768 (order: 7, 524288 bytes)
[    0.507503] TCP: Hash tables configured (established 32768 bind 32768)
[    0.514393] UDP hash table entries: 2048 (order: 4, 65536 bytes)
[    0.520671] UDP-Lite hash table entries: 2048 (order: 4, 65536 bytes)
[    0.527498] NET: Registered protocol family 1
[    0.532326] RPC: Registered named UNIX socket transport module.
[    0.538467] RPC: Registered udp transport module.
[    0.543358] RPC: Registered tcp transport module.
[    0.548233] RPC: Registered tcp NFSv4.1 backchannel transport module.
[    0.554902] PCI: CLS 0 bytes, default 128
[    0.559663] kvm [1]: 8-bit VMID
[    0.562908] kvm [1]: IDMAP page: 8090c000
[    0.567067] kvm [1]: HYP VA range: 800000000000:ffffffffffff
[    0.573749] kvm [1]: Hyp mode initialized successfully
[    0.579116] kvm [1]: vgic-v2@50044000
[    0.583015] kvm [1]: vgic interrupt IRQ1
[    0.587086] kvm [1]: virtual timer IRQ4
[    0.593252] audit: initializing netlink subsys (disabled)
[    0.598942] audit: type=2000 audit(0.531:1): state=initialized audit_enabled=0 res=1
[    0.599178] workingset: timestamp_bits=44 max_order=20 bucket_order=0
[    0.605979] squashfs: version 4.0 (2009/01/31) Phillip Lougher
[    0.606624] NFS: Registering the id_resolver key type
[    0.606639] Key type id_resolver registered
[    0.606642] Key type id_legacy registered
[    0.606652] nfs4filelayout_init: NFSv4 File Layout Driver Registering...
[    0.606774] 9p: Installing v9fs 9p2000 file system support
[    0.608992] Block layer SCSI generic (bsg) driver version 0.4 loaded (major 246)
[    0.608998] io scheduler noop registered
[    0.609190] io scheduler cfq registered (default)
[    0.609194] io scheduler mq-deadline registered
[    0.609198] io scheduler kyber registered
[    0.625994] tegra-apbdma 60020000.dma: Tegra20 APB DMA driver register 32 channels
[    0.627164] tegra-pmc 7000e400.pmc: i2c-thermtrip node not found, emergency thermal reset disabled.
[    0.627464] xenfs: not registering filesystem on non-xen platform
[    0.630806] Serial: 8250/16550 driver, 4 ports, IRQ sharing enabled
[    0.632658] console [ttyS0] disabled
[    0.705242] 70006000.serial: ttyS0 at MMIO 0x70006000 (irq = 313, base_baud = 25500000) is a Tegra
[    0.714558] console [ttyS0] enabled
[    0.714558] console [ttyS0] enabled
[    0.721646] bootconsole [uart8250] disabled
[    0.721646] bootconsole [uart8250] disabled
[    0.730515] SuperH (H)SCI(F) driver initialized
[    0.735320] msm_serial: driver initialized
[    0.739902] cacheinfo: Unable to detect cache hierarchy for CPU 0
[    0.752032] loop: module loaded
[    0.755697] hisi_sas: driver version v1.6
[    0.761593] libphy: Fixed MDIO Bus: probed
[    0.766186] tun: Universal TUN/TAP device driver, 1.6
[    0.772014] e1000e: Intel(R) PRO/1000 Network Driver - 3.2.6-k
[    0.777875] e1000e: Copyright(c) 1999 - 2015 Intel Corporation.
[    0.783843] igb: Intel(R) Gigabit Ethernet Network Driver - version 5.4.0-k
[    0.790808] igb: Copyright (c) 2007-2014 Intel Corporation.
[    0.796424] igbvf: Intel(R) Gigabit Virtual Function Network Driver - version 2.4.0-k
[    0.804254] igbvf: Copyright (c) 2009 - 2012 Intel Corporation.
[    0.810418] sky2: driver version 1.30
[    0.814458] VFIO - User Level meta-driver version: 0.3
[    0.820478] ehci_hcd: USB 2.0 'Enhanced' Host Controller (EHCI) Driver
[    0.827010] ehci-pci: EHCI PCI platform driver
[    0.831494] ehci-platform: EHCI generic platform driver
[    0.836800] ehci-orion: EHCI orion driver
[    0.840882] ehci-exynos: EHCI EXYNOS driver
[    0.845143] ehci-msm: Qualcomm On-Chip EHCI Host Controller
[    0.850781] ohci_hcd: USB 1.1 'Open' Host Controller (OHCI) Driver
[    0.856970] ohci-pci: OHCI PCI platform driver
[    0.861450] ohci-platform: OHCI generic platform driver
[    0.866744] ohci-exynos: OHCI EXYNOS driver
[    0.871281] usbcore: registered new interface driver usb-storage
[    0.878803] tegra_rtc 7000e000.rtc: rtc core: registered 7000e000.rtc as rtc1
[    0.885976] tegra_rtc 7000e000.rtc: Tegra internal Real Time Clock
[    0.892265] i2c /dev entries driver
[    0.897782] sdhci: Secure Digital Host Controller Interface driver
[    0.903970] sdhci: Copyright(c) Pierre Ossman
[    0.908536] Synopsys Designware Multimedia Card Interface Driver
[    0.915069] sdhci-pltfm: SDHCI platform and OF driver helper
[    0.929067] mmc0: Unknown controller version (3). You may experience problems.
[    0.983288] mmc0: SDHCI controller on 700b0600.sdhci [700b0600.sdhci] using ADMA 64-bit
[    0.995379] ledtrig-cpu: registered to indicate activity on CPUs
[    1.002687] usbcore: registered new interface driver usbhid
[    1.008353] usbhid: USB HID core driver
[    1.014166] NET: Registered protocol family 17
[    1.019825] 9pnet: Installing 9P2000 support
[    1.026240] Key type dns_resolver registered
[    1.031102] registered taskstats version 1
[    1.043483] hctosys: unable to open rtc device (rtc0)
[    1.049107] ALSA device list:
[    1.052095]   No soundcards found.
[    1.055736] Waiting for root device PARTUUID=00000000-0001-0000-788f-a75600000000...
[    1.075817] mmc0: new high speed MMC card at address 0001
[    1.081633] mmcblk0: mmc0:0001 SDW16G 14.7 GiB 
[    1.086363] mmcblk0boot0: mmc0:0001 SDW16G partition 1 4.00 MiB
[    1.096482] mmcblk0boot1: mmc0:0001 SDW16G partition 2 4.00 MiB
[    1.106589] mmcblk0rpmb: mmc0:0001 SDW16G partition 3 4.00 MiB
[    1.115589]  mmcblk0: p1 p2 p3 p4 p5 p6 p7 p8 p9 p10 p11 p12 p13 p14 p15 p16 p17 p18
[    1.128077] EXT4-fs (mmcblk0p1): couldn't mount as ext3 due to feature incompatibilities
[    1.151725] EXT4-fs (mmcblk0p1): mounted filesystem with ordered data mode. Opts: (null)
[    1.159844] VFS: Mounted root (ext4 filesystem) on device 179:1.
[    1.171064] devtmpfs: mounted
[    1.174687] Freeing unused kernel memory: 1088K
bash: cannot set terminal process group (-1): Inappropriate ioctl for device
bash: no job contr[    1.334880] random: fast init done
ol in this shell
root@(none):/# 