
U-Boot SPL 2015.04-rc3-00209-ga74ef40 (Mar 16 2015 - 14:43:39)


U-Boot 2015.04-rc3-00209-ga74ef40 (Mar 16 2015 - 14:43:39)

TEGRA20
Model: Compulab TrimSlice board
DRAM:  1 GiB
MMC:   Tegra SD/MMC: 0, Tegra SD/MMC: 1
SF: Detected W25Q80BL with page size 256 Bytes, erase size 4 KiB, total 1 MiB
tegra-pcie: PCI regions:
tegra-pcie:   I/O: 0x82000000-0x82010000
tegra-pcie:   non-prefetchable memory: 0xa0000000-0xa8000000
tegra-pcie:   prefetchable memory: 0xa8000000-0xc0000000
tegra-pcie: dual-mode configuration
tegra-pcie: probing port 0, using 2 lanes
In:    serial
Out:   serial
Err:   serial
Net:   RTL8169#0
Hit any key to stop autoboot:  2  1  0 
Tegra20 (TrimSlice) # 
Tegra20 (TrimSlice) # usb reset
resetting USB...
USB0:   USB EHCI 1.00
scanning bus 0 for devices... 3 USB Device(s) found
USB1:   USB EHCI 1.00
scanning bus 1 for devices... 1 USB Device(s) found
USB2:   lowlevel init failed
       scanning usb for storage devices... 0 Storage Device(s) found
       scanning usb for ethernet devices... 
Warning: asx0 using MAC address from net device
1 Ethernet Device(s) found
Tegra20 (TrimSlice) # setenv bootargs 'ignore_loglevel console=ttyS0,115200n8 rw root=PARTUUID=11eb23c1-01 rootwait gpt debug noinitrd earlyprintk init=/bin/bash'
Tegra20 (TrimSlice) # setenv ipaddr 192.168.100.103; setenv serverip 192.168.100.1; setenv tftpserverip 192.168.100.1
Tegra20 (TrimSlice) # tftpboot 0x00408000 zImage.multi_v7_defconfig
Using RTL8169#0 device
TFTP from server 192.168.100.1; our IP address is 192.168.100.103
Filename 'zImage.multi_v7_defconfig'.
Load address: 0x408000
Loading: *#################################################################
	 #################################################################
	 #################################################################
	 #################################################################
	 #################################################################
	 #################################################################
	 #################################################################
	 ###############################################
	 3.3 MiB/s
done
Bytes transferred = 7368616 (706fa8 hex)
Tegra20 (TrimSlice) # tftpboot 0x02408000 tegra20-trimslice.dtb
Using RTL8169#0 device
TFTP from server 192.168.100.1; our IP address is 192.168.100.103
Filename 'tegra20-trimslice.dtb'.
Load address: 0x2408000
Loading: *##
	 2.9 MiB/s
done
Bytes transferred = 21404 (539c hex)
Tegra20 (TrimSlice) # bootz 0x00408000 - 0x02408000
Kernel image @ 0x408000 [ 0x000000 - 0x706fa8 ]
## Flattened Device Tree blob at 02408000
   Booting using the fdt blob at 0x2408000
   Using Device Tree in place at 02408000, end 0241039b

Starting kernel ...

[    0.000000] Booting Linux on physical CPU 0x0
[    0.000000] Linux version 4.9.0-rc7-next-20161129-138000-g4030dda (pwalmsley@sellafield) (gcc version 4.7.3 20130328 (prerelease) (crosstool-NG linaro-1.13.1-4.7-2013.04-20130415 - Linaro GCC 2013.04) ) #1 SMP Mon Nov 28 21:20:35 PST 2016
[    0.000000] CPU: ARMv7 Processor [411fc090] revision 0 (ARMv7), cr=10c5387d
[    0.000000] CPU: PIPT / VIPT nonaliasing data cache, VIPT aliasing instruction cache
[    0.000000] OF: fdt:Machine model: Compulab TrimSlice board
[    0.000000] debug: ignoring loglevel setting.
[    0.000000] efi: Getting EFI parameters from FDT:
[    0.000000] efi: UEFI not found.
[    0.000000] cma: Reserved 64 MiB at 0x3c000000
[    0.000000] Memory policy: Data cache writealloc
[    0.000000] On node 0 totalpages: 262144
[    0.000000] free_area_init_node: node 0, pgdat c1429980, node_mem_map ef7f8000
[    0.000000]   DMA zone: 1536 pages used for memmap
[    0.000000]   DMA zone: 0 pages reserved
[    0.000000]   DMA zone: 196608 pages, LIFO batch:31
[    0.000000]   HighMem zone: 65536 pages, LIFO batch:15
[    0.000000] percpu: Embedded 14 pages/cpu @ef7ca000 s26176 r8192 d22976 u57344
[    0.000000] pcpu-alloc: s26176 r8192 d22976 u57344 alloc=14*4096
[    0.000000] pcpu-alloc: [0] 0 [0] 1 
[    0.000000] Built 1 zonelists in Zone order, mobility grouping on.  Total pages: 260608
[    0.000000] Kernel command line: ignore_loglevel console=ttyS0,115200n8 rw root=PARTUUID=11eb23c1-01 rootwait gpt debug noinitrd earlyprintk init=/bin/bash
[    0.000000] PID hash table entries: 4096 (order: 2, 16384 bytes)
[    0.000000] Dentry cache hash table entries: 131072 (order: 7, 524288 bytes)
[    0.000000] Inode-cache hash table entries: 65536 (order: 6, 262144 bytes)
[    0.000000] Memory: 955752K/1048576K available (9216K kernel code, 1197K rwdata, 4120K rodata, 2048K init, 473K bss, 27288K reserved, 65536K cma-reserved, 196608K highmem)
[    0.000000] Virtual kernel memory layout:
[    0.000000]     vector  : 0xffff0000 - 0xffff1000   (   4 kB)
[    0.000000]     fixmap  : 0xffc00000 - 0xfff00000   (3072 kB)
[    0.000000]     vmalloc : 0xf0800000 - 0xff800000   ( 240 MB)
[    0.000000]     lowmem  : 0xc0000000 - 0xf0000000   ( 768 MB)
[    0.000000]     pkmap   : 0xbfe00000 - 0xc0000000   (   2 MB)
[    0.000000]     modules : 0xbf000000 - 0xbfe00000   (  14 MB)
[    0.000000]       .text : 0xc0208000 - 0xc0c00000   (10208 kB)
[    0.000000]       .init : 0xc1100000 - 0xc1300000   (2048 kB)
[    0.000000]       .data : 0xc1300000 - 0xc142b480   (1198 kB)
[    0.000000]        .bss : 0xc142d000 - 0xc14a34c8   ( 474 kB)
[    0.000000] SLUB: HWalign=64, Order=0-3, MinObjects=0, CPUs=2, Nodes=1
[    0.000000] Hierarchical RCU implementation.
[    0.000000] 	Build-time adjustment of leaf fanout to 32.
[    0.000000] 	RCU restricting CPUs from NR_CPUS=16 to nr_cpu_ids=2.
[    0.000000] RCU: Adjusting geometry for rcu_fanout_leaf=32, nr_cpu_ids=2
[    0.000000] NR_IRQS:16 nr_irqs:16 16
[    0.000000] /interrupt-controller@60004000: 128 interrupts forwarded to /interrupt-controller@50041000
[    0.000000] L2C: platform modifies aux control register: 0x02080000 -> 0x3e480001
[    0.000000] L2C: DT/platform modifies aux control register: 0x02080000 -> 0x3e480001
[    0.000000] L2C-310 errata 727915 769419 enabled
[    0.000000] L2C-310 enabling early BRESP for Cortex-A9
[    0.000000] L2C-310: enabling full line of zeros but not enabled in Cortex-A9
[    0.000000] L2C-310 ID prefetch enabled, offset 1 lines
[    0.000000] L2C-310 cache controller enabled, 8 ways, 1024 kB
[    0.000000] L2C-310: CACHE_ID 0x410000c4, AUX_CTRL 0x7e480001
[    0.000010] sched_clock: 32 bits at 1000kHz, resolution 1000ns, wraps every 2147483647500ns
[    0.000026] clocksource: timer_us: mask: 0xffffffff max_cycles: 0xffffffff, max_idle_ns: 1911260446275 ns
[    0.000036] Switching to timer-based delay loop, resolution 1000ns
[    0.001589] Console: colour dummy device 80x30
[    0.001612] Calibrating delay loop (skipped), value calculated using timer frequency.. 2.00 BogoMIPS (lpj=10000)
[    0.001622] pid_max: default: 32768 minimum: 301
[    0.001704] Mount-cache hash table entries: 2048 (order: 1, 8192 bytes)
[    0.001714] Mountpoint-cache hash table entries: 2048 (order: 1, 8192 bytes)
[    0.002193] CPU: Testing write buffer coherency: ok
[    0.002394] CPU0: thread -1, cpu 0, socket 0, mpidr 80000000
[    0.002569] Setting up static identity map for 0x300000 - 0x300098
[    0.003872] Tegra Revision: A03 prime SKU: 8 CPU Process: 1 SoC Process: 2
[    0.004244] EFI services will not be available.
[    0.004400] smp: Bringing up secondary CPUs ...
[    0.004938] CPU1: thread -1, cpu 1, socket 0, mpidr 80000001
[    0.005004] smp: Brought up 1 node, 2 CPUs
[    0.005015] SMP: Total of 2 processors activated (4.00 BogoMIPS).
[    0.005021] CPU: All CPU(s) started in SVC mode.
[    0.005667] devtmpfs: initialized
[    0.010130] VFP support v0.3: implementor 41 architecture 3 part 30 variant 9 rev 1
[    0.010369] clocksource: jiffies: mask: 0xffffffff max_cycles: 0xffffffff, max_idle_ns: 19112604462750000 ns
[    0.013326] pinctrl core: initialized pinctrl subsystem
[    0.014508] NET: Registered protocol family 16
[    0.016400] DMA: preallocated 256 KiB pool for atomic coherent allocations
[    0.017972] cpuidle: using governor menu
[    0.036583] No ATAGs?
[    0.036653] hw-breakpoint: found 5 (+1 reserved) breakpoint and 1 watchpoint registers.
[    0.036661] hw-breakpoint: maximum watchpoint size is 4 bytes.
[    0.041912] Serial: AMBA PL011 UART driver
[    0.053318] usb1_vbus: Failed to request enable GPIO170: -517
[    0.053333] reg-fixed-voltage regulators:regulator@2: Failed to register regulator: -517
[    0.056875] vgaarb: loaded
[    0.057473] SCSI subsystem initialized
[    0.057599] libata version 3.00 loaded.
[    0.057805] usbcore: registered new interface driver usbfs
[    0.057859] usbcore: registered new interface driver hub
[    0.057899] usbcore: registered new device driver usb
[    0.060033] pps_core: LinuxPPS API ver. 1 registered
[    0.060041] pps_core: Software ver. 5.3.6 - Copyright 2005-2007 Rodolfo Giometti <giometti@linux.it>
[    0.060058] PTP clock support registered
[    0.060201] EDAC MC: Ver: 3.0.0
[    0.062081] clocksource: Switched to clocksource timer_us
[    0.069956] NET: Registered protocol family 2
[    0.070403] TCP established hash table entries: 8192 (order: 3, 32768 bytes)
[    0.070473] TCP bind hash table entries: 8192 (order: 4, 65536 bytes)
[    0.070579] TCP: Hash tables configured (established 8192 bind 8192)
[    0.070664] UDP hash table entries: 512 (order: 2, 16384 bytes)
[    0.070711] UDP-Lite hash table entries: 512 (order: 2, 16384 bytes)
[    0.070866] NET: Registered protocol family 1
[    0.071141] RPC: Registered named UNIX socket transport module.
[    0.071149] RPC: Registered udp transport module.
[    0.071155] RPC: Registered tcp transport module.
[    0.071160] RPC: Registered tcp NFSv4.1 backchannel transport module.
[    0.071169] PCI: CLS 0 bytes, default 64
[    0.071957] hw perfevents: enabled with armv7_cortex_a9 PMU driver, 7 counters available
[    0.073002] futex hash table entries: 512 (order: 3, 32768 bytes)
[    0.073559] workingset: timestamp_bits=30 max_order=18 bucket_order=0
[    0.081254] squashfs: version 4.0 (2009/01/31) Phillip Lougher
[    0.081866] NFS: Registering the id_resolver key type
[    0.081886] Key type id_resolver registered
[    0.081892] Key type id_legacy registered
[    0.081925] ntfs: driver 2.1.32 [Flags: R/O].
[    0.083084] bounce: pool size: 64 pages
[    0.083250] Block layer SCSI generic (bsg) driver version 0.4 loaded (major 248)
[    0.083258] io scheduler noop registered
[    0.083264] io scheduler deadline registered
[    0.083405] io scheduler cfq registered (default)
[    0.094389] tegra-pcie 80003000.pcie-controller: dual-mode configuration
[    0.095090] tegra-pcie 80003000.pcie-controller: probing port 0, using 2 lanes
[    0.177657] tegra-pcie 80003000.pcie-controller: PCI host bridge to bus 0000:00
[    0.177669] pci_bus 0000:00: root bus resource [io  0x0000-0xffff]
[    0.177678] pci_bus 0000:00: root bus resource [mem 0xa0000000-0xa7ffffff]
[    0.177687] pci_bus 0000:00: root bus resource [mem 0xa8000000-0xbfffffff pref]
[    0.177696] pci_bus 0000:00: root bus resource [bus 00-ff]
[    0.177725] pci 0000:00:01.0: [10de:0bf0] type 01 class 0x060000
[    0.177788] pci 0000:00:01.0: PME# supported from D0 D1 D2 D3hot D3cold
[    0.177994] PCI: bus0: Fast back to back transfers disabled
[    0.178005] pci 0000:00:01.0: bridge configuration invalid ([bus 00-00]), reconfiguring
[    0.178140] pci 0000:01:00.0: [10ec:8168] type 00 class 0x020000
[    0.178163] pci 0000:01:00.0: reg 0x10: [io  0x0000-0x00ff]
[    0.178185] pci 0000:01:00.0: reg 0x18: [mem 0x00000000-0x00000fff 64bit pref]
[    0.178202] pci 0000:01:00.0: reg 0x20: [mem 0x00000000-0x00003fff 64bit pref]
[    0.178215] pci 0000:01:00.0: reg 0x30: [mem 0x00000000-0x0001ffff pref]
[    0.178292] pci 0000:01:00.0: supports D1 D2
[    0.178301] pci 0000:01:00.0: PME# supported from D0 D1 D2 D3hot D3cold
[    0.202111] PCI: bus1: Fast back to back transfers disabled
[    0.202124] pci_bus 0000:01: busn_res: [bus 01-ff] end is updated to 01
[    0.202136] Disabling cpuidle LP2 state, since PCIe IRQs are in use
[    0.202192] pci 0000:00:01.0: BAR 8: assigned [mem 0xa0000000-0xa00fffff]
[    0.202205] pci 0000:00:01.0: BAR 9: assigned [mem 0xa8000000-0xa80fffff 64bit pref]
[    0.202214] pci 0000:00:01.0: BAR 7: assigned [io  0x1000-0x1fff]
[    0.202226] pci 0000:01:00.0: BAR 6: assigned [mem 0xa0000000-0xa001ffff pref]
[    0.202236] pci 0000:01:00.0: BAR 4: assigned [mem 0xa8000000-0xa8003fff 64bit pref]
[    0.202253] pci 0000:01:00.0: BAR 2: assigned [mem 0xa8004000-0xa8004fff 64bit pref]
[    0.202269] pci 0000:01:00.0: BAR 0: assigned [io  0x1000-0x10ff]
[    0.202280] pci 0000:00:01.0: PCI bridge to [bus 01]
[    0.202288] pci 0000:00:01.0:   bridge window [io  0x1000-0x1fff]
[    0.202297] pci 0000:00:01.0:   bridge window [mem 0xa0000000-0xa00fffff]
[    0.202305] pci 0000:00:01.0:   bridge window [mem 0xa8000000-0xa80fffff 64bit pref]
[    0.202325] pci 0000:00:01.0: nv_msi_ht_cap_quirk didn't locate host bridge
[    0.202374] pcieport 0000:00:01.0: enabling device (0140 -> 0143)
[    0.202572] pcieport 0000:00:01.0: Signaling PME through PCIe PME interrupt
[    0.202581] pci 0000:01:00.0: Signaling PME through PCIe PME interrupt
[    0.202591] pcie_pme 0000:00:01.0:pcie001: service driver pcie_pme loaded
[    0.208380] tegra-apbdma 6000a000.dma: Tegra20 APB DMA driver register 16 channels
[    0.261997] Serial: 8250/16550 driver, 4 ports, IRQ sharing disabled
[    0.264359] console [ttyS0] disabled
[    0.264393] 70006000.serial: ttyS0 at MMIO 0x70006000 (irq = 279, base_baud = 13500000) is a Tegra
[    1.228005] console [ttyS0] enabled
[    1.232110] SuperH (H)SCI(F) driver initialized
[    1.237350] msm_serial: driver initialized
[    1.241562] STMicroelectronics ASC driver initialized
[    1.249263] [drm] Initialized
[    1.254424] 54280000.hdmi supply hdmi not found, using dummy regulator
[    1.262983] [drm] Supports vblank timestamp caching Rev 2 (21.10.2013).
[    1.269582] [drm] No driver support for vblank timestamp query.
[    1.275552] drm drm: No connectors reported connected with modes
[    1.281599] [drm] Cannot find any crtc or sizes - going 1024x768
[    1.303547] Console: switching to colour frame buffer device 128x48
[    1.318227] drm drm: fb0:  frame buffer device
[    1.322718] [drm] Initialized tegra 0.0.0 20120330 on minor 0
[    1.337862] brd: module loaded
[    1.345664] loop: module loaded
[    1.354510] m25p80 spi32766.0: found s25fl008k, expected w25q80bl
[    1.360596] m25p80 spi32766.0: s25fl008k (1024 Kbytes)
[    1.368012] libphy: Fixed MDIO Bus: probed
[    1.373019] CAN device driver interface
[    1.378368] e1000e: Intel(R) PRO/1000 Network Driver - 3.2.6-k
[    1.384239] e1000e: Copyright(c) 1999 - 2015 Intel Corporation.
[    1.390204] igb: Intel(R) Gigabit Ethernet Network Driver - version 5.4.0-k
[    1.397167] igb: Copyright (c) 2007-2014 Intel Corporation.
[    1.403287] r8169 Gigabit Ethernet driver 2.3LK-NAPI loaded
[    1.408867] r8169 0000:01:00.0: enabling device (0140 -> 0143)
[    1.415521] r8169 0000:01:00.0 eth0: RTL8168d/8111d at 0xf08fc000, 00:01:c0:13:7d:63, XID 081000c0 IRQ 296
[    1.425173] r8169 0000:01:00.0 eth0: jumbo features [frames: 9200 bytes, tx checksumming: ko]
[    1.435769] pegasus: v0.9.3 (2013/04/25), Pegasus/Pegasus II USB Ethernet driver
[    1.443222] usbcore: registered new interface driver pegasus
[    1.448910] usbcore: registered new interface driver asix
[    1.454341] usbcore: registered new interface driver ax88179_178a
[    1.460449] usbcore: registered new interface driver cdc_ether
[    1.466326] usbcore: registered new interface driver smsc75xx
[    1.472117] usbcore: registered new interface driver smsc95xx
[    1.477892] usbcore: registered new interface driver net1080
[    1.483582] usbcore: registered new interface driver cdc_subset
[    1.489517] usbcore: registered new interface driver zaurus
[    1.495137] usbcore: registered new interface driver cdc_ncm
[    1.501051] tegra-phy c5004000.usb-phy: no vbus regulator
[    1.507578] tegra-phy c5008000.usb-phy: no vbus regulator
[    1.514278] ehci_hcd: USB 2.0 'Enhanced' Host Controller (EHCI) Driver
[    1.520789] ehci-pci: EHCI PCI platform driver
[    1.525271] ehci-platform: EHCI generic platform driver
[    1.530627] ehci-orion: EHCI orion driver
[    1.534747] SPEAr-ehci: EHCI SPEAr driver
[    1.538843] ehci-st: EHCI STMicroelectronics driver
[    1.543833] ehci-exynos: EHCI EXYNOS driver
[    1.548117] ehci-atmel: EHCI Atmel driver
[    1.552230] tegra-ehci: Tegra EHCI driver
[    1.613287] ulpi_phy_power_on: ulpi write failed
[    1.617895] tegra-ehci c5004000.usb: Failed to power on the phy
[    1.623827] tegra-ehci: probe of c5004000.usb failed with error -110
[    1.632796] tegra-ehci c5008000.usb: EHCI Host Controller
[    1.638198] tegra-ehci c5008000.usb: new USB bus registered, assigned bus number 1
[    1.646011] tegra-ehci c5008000.usb: irq 290, io mem 0xc5008000
[    1.672100] tegra-ehci c5008000.usb: USB 2.0 started, EHCI 1.00
[    1.678639] hub 1-0:1.0: USB hub found
[    1.682419] hub 1-0:1.0: 1 port detected
[    1.686649] ohci_hcd: USB 1.1 'Open' Host Controller (OHCI) Driver
[    1.692839] ohci-pci: OHCI PCI platform driver
[    1.697314] ohci-platform: OHCI generic platform driver
[    1.702694] ohci-omap3: OHCI OMAP3 driver
[    1.706796] SPEAr-ohci: OHCI SPEAr driver
[    1.710893] ohci-st: OHCI STMicroelectronics driver
[    1.715888] ohci-atmel: OHCI Atmel driver
[    1.720461] usbcore: registered new interface driver usb-storage
[    1.727670] mousedev: PS/2 mouse device common for all mice
[    1.734919] rtc-em3027 2-0056: rtc core: registered rtc-em3027 as rtc0
[    1.742621] tegra_rtc 7000e000.rtc: rtc core: registered 7000e000.rtc as rtc1
[    1.749775] tegra_rtc 7000e000.rtc: Tegra internal Real Time Clock
[    1.756366] i2c /dev entries driver
[    1.768959] sdhci: Secure Digital Host Controller Interface driver
[    1.775156] sdhci: Copyright(c) Pierre Ossman
[    1.780672] Synopsys Designware Multimedia Card Interface Driver
[    1.787504] sdhci-pltfm: SDHCI platform and OF driver helper
[    1.793990] mmc0: Invalid maximum block size, assuming 512 bytes
[    1.852101] mmc0: SDHCI controller on c8000000.sdhci [c8000000.sdhci] using ADMA
[    1.859577] sdhci-tegra c8000600.sdhci: Got CD GPIO
[    1.864474] sdhci-tegra c8000600.sdhci: Got WP GPIO
[    1.869503] mmc1: Invalid maximum block size, assuming 512 bytes
[    1.932174] mmc1: SDHCI controller on c8000600.sdhci [c8000600.sdhci] using ADMA
[    1.940921] ledtrig-cpu: registered to indicate activity on CPUs
[    1.947328] usbcore: registered new interface driver usbhid
[    1.952903] usbhid: USB HID core driver
[    1.962909] NET: Registered protocol family 10
[    1.968249] Segment Routing with IPv6
[    1.971968] sit: IPv6, IPv4 and MPLS over IPv4 tunneling driver
[    1.978488] NET: Registered protocol family 17
[    1.982949] can: controller area network core (rev 20120528 abi 9)
[    1.990214] NET: Registered protocol family 29
[    1.994692] can: raw protocol (rev 20120528)
[    1.998950] can: broadcast manager protocol (rev 20161123 t)
[    2.004611] can: netlink gateway (rev 20130117) max_hops=1
[    2.012363] Key type dns_resolver registered
[    2.016998] ThumbEE CPU extension supported.
[    2.021261] Registering SWP/SWPB emulation handler
[    2.033881] utmi_phy_clk_enable: timeout waiting for phy to stabilize
[    2.040334] tegra-ehci c5000000.usb: EHCI Host Controller
[    2.042122] usb 1-1: new high-speed USB device number 2 using tegra-ehci
[    2.049240] mmc0: host does not support reading read-only switch, assuming write-enable
[    2.051056] mmc0: new high speed SDHC card at address b368
[    2.052609] mmcblk0: mmc0:b368 NCard 3.70 GiB 
[    2.067640]  mmcblk0: p1
[    2.072885] tegra-ehci c5000000.usb: new USB bus registered, assigned bus number 2
[    2.080765] tegra-ehci c5000000.usb: irq 288, io mem 0xc5000000
[    2.090922] mmc1: new high speed SD card at address b368
[    2.096771] mmcblk1: mmc1:b368 NCard 1.83 GiB (ro)
[    2.104329]  mmcblk1: p1 p2
[    2.212123] tegra-ehci c5000000.usb: USB 2.0 started, EHCI 1.00
[    2.219046] hub 2-0:1.0: USB hub found
[    2.222857] hub 2-0:1.0: 1 port detected
[    2.228164] input: gpio-keys as /devices/soc0/gpio-keys/input/input0
[    2.233354] hub 1-1:1.0: USB hub found
[    2.233525] hub 1-1:1.0: 4 ports detected
[    2.243012] rtc-em3027 2-0056: setting system clock to 2015-02-06 00:32:22 UTC (1423182742)
[    2.253328] EXT4-fs (mmcblk0p1): mounting ext3 file system using the ext4 subsystem
[    2.340585] EXT4-fs (mmcblk0p1): recovery complete
[    2.345406] EXT4-fs (mmcblk0p1): mounted filesystem with ordered data mode. Opts: (null)
[    2.353535] VFS: Mounted root (ext3 filesystem) on device 179:1.
[    2.362714] devtmpfs: mounted
[    2.368155] Freeing unused kernel memory: 2048K
[    2.434270] random: fast init done
[    2.562147] usb 1-1.2: new high-speed USB device number 3 using tegra-ehci
bash: cannot set terminal process group (-1): Inappropriate ioctl for device
bash: no job control in this shell
root@(none):/# [    3.203817] asix 1-1.2:1.0 eth1: register 'asix' at usb-c5008000.usb-1.2, ASIX AX88772 USB 2.0 Ethernet, 00:60:6e:60:6c:68
mount -t sysfs none /sys
root@(none):/# 
root@(none):/# mount -t debugfs none /sys/kernel/debug
root@(none):/# 
root@(none):/# rtcwake -d rtc1 -m mem -s 3
rtcwake: assuming RTC uses UTC ...
rtcwake: wakeup from "mem" using /dev/rtc1 at Thu Jan  1 00:00:24 1970
[    7.448779] PM: Syncing filesystems ... done.
[    7.495115] Freezing user space processes ... (elapsed 0.001 seconds) done.
[    7.503615] Freezing remaining freezable tasks ... (elapsed 0.001 seconds) done.
[    7.512665] Suspending console(s) (use no_console_suspend to debug)
[    7.521762] asix 1-1.2:1.0 eth1: Failed to read reg index 0x0000: -19
[    7.521789] asix 1-1.2:1.0 eth1: Error reading Medium Status register: ffffffed
[    7.521819] asix 1-1.2:1.0 eth1: Failed to write reg index 0x0000: -19
[    7.521843] asix 1-1.2:1.0 eth1: Failed to write Medium Mode mode to 0xfeed: ffffffed
[    7.569617] PM: suspend of devices complete after 48.188 msecs
[    7.574191] PM: late suspend of devices complete after 4.544 msecs
[    7.602909] PM: noirq suspend of devices complete after 28.688 msecs
[    7.602921] Disabling non-boot CPUs ...
[    7.604773] CPU1: shutdown
[    7.666651] Entering suspend state LP1
[    7.666651] Suspended for 1.363 seconds
[    7.666696] Enabling non-boot CPUs ...
[    7.696719] CPU1 is up
[    7.697694] pcieport 0000:00:01.0: nv_msi_ht_cap_quirk didn't locate host bridge
[    7.722322] PM: noirq resume of devices complete after 25.572 msecs
[    7.726085] PM: early resume of devices complete after 3.027 msecs
[    8.270330] PM: resume of devices complete after 544.212 msecs
[    8.366305] Restarting tasks ... done.
root@(none):/# 
root@(none):/# rtcwake -d rtc1 -m mem -s 3
rtcwake: assuming RTC uses UTC ...
rtcwake: wakeup from "mem" using /dev/rtc1 at Thu Jan  1 00:00:29 1970
[    9.297854] PM: Syncing filesystems ... done.
[    9.343083] Freezing user space processes ... (elapsed 0.001 seconds) done.
[    9.351551] Freezing remaining freezable tasks ... (elapsed 0.001 seconds) done.
[    9.360665] Suspending console(s) (use no_console_suspend to debug)
[    9.370021] asix 1-1.2:1.0 eth1: Failed to read reg index 0x0000: -19
[    9.370046] asix 1-1.2:1.0 eth1: Error reading Medium Status register: ffffffed
[    9.370074] asix 1-1.2:1.0 eth1: Failed to write reg index 0x0000: -19
[    9.370099] asix 1-1.2:1.0 eth1: Failed to write Medium Mode mode to 0xfeed: ffffffed
[    9.392312] PM: suspend of devices complete after 22.789 msecs
[    9.396619] PM: late suspend of devices complete after 4.278 msecs
[    9.422870] PM: noirq suspend of devices complete after 26.220 msecs
[    9.422881] Disabling non-boot CPUs ...
[    9.424875] CPU1: shutdown
[    9.455674] Entering suspend state LP1
[    9.455674] Suspended for 3.210 seconds
[    9.455717] Enabling non-boot CPUs ...
[    9.486637] CPU1 is up
[    9.487404] pcieport 0000:00:01.0: nv_msi_ht_cap_quirk didn't locate host bridge
[    9.512234] PM: noirq resume of devices complete after 25.566 msecs
[    9.516008] PM: early resume of devices complete after 3.041 msecs
[   10.060735] PM: resume of devices complete after 544.692 msecs
[   10.156702] Restarting tasks ... done.
root@(none):/# 
root@(none):/# rtcwake -d rtc1 -m mem -s 3
rtcwake: assuming RTC uses UTC ...
rtcwake: wakeup from "mem" using /dev/rtc1 at Thu Jan  1 00:00:34 1970
[   11.087739] PM: Syncing filesystems ... done.
[   11.132999] Freezing user space processes ... (elapsed 0.001 seconds) done.
[   11.141475] Freezing remaining freezable tasks ... (elapsed 0.001 seconds) done.
[   11.150593] Suspending console(s) (use no_console_suspend to debug)
[   11.159897] asix 1-1.2:1.0 eth1: Failed to read reg index 0x0000: -19
[   11.159922] asix 1-1.2:1.0 eth1: Error reading Medium Status register: ffffffed
[   11.159949] asix 1-1.2:1.0 eth1: Failed to write reg index 0x0000: -19
[   11.159974] asix 1-1.2:1.0 eth1: Failed to write Medium Mode mode to 0xfeed: ffffffed
[   11.182380] PM: suspend of devices complete after 22.982 msecs
[   11.187025] PM: late suspend of devices complete after 4.614 msecs
[   11.212788] PM: noirq suspend of devices complete after 25.732 msecs
[   11.212799] Disabling non-boot CPUs ...
[   11.214780] CPU1: shutdown
[   11.255589] Entering suspend state LP1
[   11.255589] Suspended for 3.199 seconds
[   11.255633] Enabling non-boot CPUs ...
[   11.286565] CPU1 is up
[   11.287345] pcieport 0000:00:01.0: nv_msi_ht_cap_quirk didn't locate host bridge
[   11.312131] PM: noirq resume of devices complete after 25.535 msecs
[   11.315607] PM: early resume of devices complete after 2.922 msecs
[   11.851027] PM: resume of devices complete after 535.387 msecs
[   11.947004] Restarting tasks ... done.
root@(none):/# 
root@(none):/# rtcwake -d rtc1 -m mem -s 3
rtcwake: assuming RTC uses UTC ...
rtcwake: wakeup from "mem" using /dev/rtc1 at Thu Jan  1 00:00:39 1970
[   12.887617] PM: Syncing filesystems ... done.
[   12.932856] Freezing user space processes ... (elapsed 0.001 seconds) done.
[   12.941334] Freezing remaining freezable tasks ... (elapsed 0.001 seconds) done.
[   12.950450] Suspending console(s) (use no_console_suspend to debug)
[   12.960285] asix 1-1.2:1.0 eth1: Failed to read reg index 0x0000: -19
[   12.960311] asix 1-1.2:1.0 eth1: Error reading Medium Status register: ffffffed
[   12.960337] asix 1-1.2:1.0 eth1: Failed to write reg index 0x0000: -19
[   12.960360] asix 1-1.2:1.0 eth1: Failed to write Medium Mode mode to 0xfeed: ffffffed
[   12.981337] PM: suspend of devices complete after 22.057 msecs
[   12.985754] PM: late suspend of devices complete after 4.385 msecs
[   13.012639] PM: noirq suspend of devices complete after 26.855 msecs
[   13.012650] Disabling non-boot CPUs ...
[   13.014603] CPU1: shutdown
[   13.055444] Entering suspend state LP1
[   13.055444] Suspended for 3.200 seconds
[   13.055487] Enabling non-boot CPUs ...
[   13.086477] CPU1 is up
[   13.087618] pcieport 0000:00:01.0: nv_msi_ht_cap_quirk didn't locate host bridge
[   13.112058] PM: noirq resume of devices complete after 25.549 msecs
[   13.115520] PM: early resume of devices complete after 2.910 msecs
[   13.650242] PM: resume of devices complete after 534.689 msecs
[   13.746186] Restarting tasks ... done.
root@(none):/# 
root@(none):/# rtcwake -d rtc1 -m mem -s 3[   14.689617] random: crng init done

rtcwake: assuming RTC uses UTC ...
rtcwake: wakeup from "mem" using /dev/rtc1 at Thu Jan  1 00:00:44 1970
[   14.746990] PM: Syncing filesystems ... done.
[   14.792155] Freezing user space processes ... (elapsed 0.001 seconds) done.
[   14.800618] Freezing remaining freezable tasks ... (elapsed 0.001 seconds) done.
[   14.809742] Suspending console(s) (use no_console_suspend to debug)
[   14.818867] asix 1-1.2:1.0 eth1: Failed to read reg index 0x0000: -19
[   14.818894] asix 1-1.2:1.0 eth1: Error reading Medium Status register: ffffffed
[   14.818921] asix 1-1.2:1.0 eth1: Failed to write reg index 0x0000: -19
[   14.818945] asix 1-1.2:1.0 eth1: Failed to write Medium Mode mode to 0xfeed: ffffffed
[   14.859846] PM: suspend of devices complete after 41.301 msecs
[   14.864668] PM: late suspend of devices complete after 4.793 msecs
[   14.892510] PM: noirq suspend of devices complete after 27.811 msecs
[   14.892522] Disabling non-boot CPUs ...
[   14.894355] CPU1: shutdown
[   14.955500] Entering suspend state LP1
[   14.955500] Suspended for 3.099 seconds
[   14.955544] Enabling non-boot CPUs ...
[   14.986466] CPU1 is up
[   14.987254] pcieport 0000:00:01.0: nv_msi_ht_cap_quirk didn't locate host bridge
[   15.011984] PM: noirq resume of devices complete after 25.484 msecs
[   15.015774] PM: early resume of devices complete after 3.041 msecs
[   15.559995] PM: resume of devices complete after 544.188 msecs
[   15.656077] Restarting tasks ... done.
root@(none):/# 
root@(none):/# rtcwake -d rtc1 -m mem -s 3
rtcwake: assuming RTC uses UTC ...
rtcwake: wakeup from "mem" using /dev/rtc1 at Thu Jan  1 00:00:49 1970
[   16.587539] PM: Syncing filesystems ... done.
[   16.632708] Freezing user space processes ... (elapsed 0.001 seconds) done.
[   16.641175] Freezing remaining freezable tasks ... (elapsed 0.001 seconds) done.
[   16.650316] Suspending console(s) (use no_console_suspend to debug)
[   16.659469] asix 1-1.2:1.0 eth1: Failed to read reg index 0x0000: -19
[   16.659496] asix 1-1.2:1.0 eth1: Error reading Medium Status register: ffffffed
[   16.659524] asix 1-1.2:1.0 eth1: Failed to write reg index 0x0000: -19
[   16.659547] asix 1-1.2:1.0 eth1: Failed to write Medium Mode mode to 0xfeed: ffffffed
[   16.680903] PM: suspend of devices complete after 21.778 msecs
[   16.685654] PM: late suspend of devices complete after 4.721 msecs
[   16.712506] PM: noirq suspend of devices complete after 26.822 msecs
[   16.712518] Disabling non-boot CPUs ...
[   16.714446] CPU1: shutdown
[   16.775057] Entering suspend state LP1
[   16.775057] Suspended for 3.180 seconds
[   16.775100] Enabling non-boot CPUs ...
[   16.806334] CPU1 is up
[   16.808065] pcieport 0000:00:01.0: nv_msi_ht_cap_quirk didn't locate host bridge
[   16.831887] PM: noirq resume of devices complete after 25.522 msecs
[   16.835596] PM: early resume of devices complete after 2.971 msecs
[   17.380311] PM: resume of devices complete after 544.682 msecs
[   17.476361] Restarting tasks ... done.
root@(none):/# 
root@(none):/# rtcwake -d rtc1 -m mem -s 3
rtcwake: assuming RTC uses UTC ...
rtcwake: wakeup from "mem" using /dev/rtc1 at Thu Jan  1 00:00:54 1970
[   18.407489] PM: Syncing filesystems ... done.
[   18.452655] Freezing user space processes ... (elapsed 0.001 seconds) done.
[   18.461124] Freezing remaining freezable tasks ... (elapsed 0.001 seconds) done.
[   18.470244] Suspending console(s) (use no_console_suspend to debug)
[   18.479399] asix 1-1.2:1.0 eth1: Failed to read reg index 0x0000: -19
[   18.479424] asix 1-1.2:1.0 eth1: Error reading Medium Status register: ffffffed
[   18.479453] asix 1-1.2:1.0 eth1: Failed to write reg index 0x0000: -19
[   18.479478] asix 1-1.2:1.0 eth1: Failed to write Medium Mode mode to 0xfeed: ffffffed
[   18.500725] PM: suspend of devices complete after 21.680 msecs
[   18.505488] PM: late suspend of devices complete after 4.731 msecs
[   18.532447] PM: noirq suspend of devices complete after 26.929 msecs
[   18.532458] Disabling non-boot CPUs ...
[   18.534385] CPU1: shutdown
[   18.595058] Entering suspend state LP1
[   18.595058] Suspended for 3.179 seconds
[   18.595101] Enabling non-boot CPUs ...
[   18.626239] CPU1 is up
[   18.627687] pcieport 0000:00:01.0: nv_msi_ht_cap_quirk didn't locate host bridge
[   18.651802] PM: noirq resume of devices complete after 25.532 msecs
[   18.655481] PM: early resume of devices complete after 2.942 msecs
[   19.200038] PM: resume of devices complete after 544.524 msecs
[   19.296105] Restarting tasks ... done.
root@(none):/# 
root@(none):/# rtcwake -d rtc1 -m mem -s 3
rtcwake: assuming RTC uses UTC ...
rtcwake: wakeup from "mem" using /dev/rtc1 at Thu Jan  1 00:00:59 1970
[   20.227487] PM: Syncing filesystems ... done.
[   20.272693] Freezing user space processes ... (elapsed 0.001 seconds) done.
[   20.281170] Freezing remaining freezable tasks ... (elapsed 0.001 seconds) done.
[   20.290251] Suspending console(s) (use no_console_suspend to debug)
[   20.299541] asix 1-1.2:1.0 eth1: Failed to read reg index 0x0000: -19
[   20.299567] asix 1-1.2:1.0 eth1: Error reading Medium Status register: ffffffed
[   20.299596] asix 1-1.2:1.0 eth1: Failed to write reg index 0x0000: -19
[   20.299619] asix 1-1.2:1.0 eth1: Failed to write Medium Mode mode to 0xfeed: ffffffed
[   20.339419] PM: suspend of devices complete after 40.354 msecs
[   20.344007] PM: late suspend of devices complete after 4.557 msecs
[   20.372294] PM: noirq suspend of devices complete after 28.257 msecs
[   20.372305] Disabling non-boot CPUs ...
[   20.374125] CPU1: shutdown
[   20.424943] Entering suspend state LP1
[   20.424943] Suspended for 3.170 seconds
[   20.424987] Enabling non-boot CPUs ...
[   20.456174] CPU1 is up
[   20.457586] pcieport 0000:00:01.0: nv_msi_ht_cap_quirk didn't locate host bridge
[   20.481718] PM: noirq resume of devices complete after 25.513 msecs
[   20.485420] PM: early resume of devices complete after 2.970 msecs
[   21.029784] PM: resume of devices complete after 544.331 msecs
[   21.125894] Restarting tasks ... done.
root@(none):/# 
root@(none):/# rtcwake -d rtc1 -m mem -s 3
rtcwake: assuming RTC uses UTC ...
rtcwake: wakeup from "mem" using /dev/rtc1 at Thu Jan  1 00:01:04 1970
[   22.057134] PM: Syncing filesystems ... done.
[   22.102321] Freezing user space processes ... (elapsed 0.001 seconds) done.
[   22.110795] Freezing remaining freezable tasks ... (elapsed 0.001 seconds) done.
[   22.119920] Suspending console(s) (use no_console_suspend to debug)
[   22.129093] asix 1-1.2:1.0 eth1: Failed to read reg index 0x0000: -19
[   22.129118] asix 1-1.2:1.0 eth1: Error reading Medium Status register: ffffffed
[   22.129145] asix 1-1.2:1.0 eth1: Failed to write reg index 0x0000: -19
[   22.129171] asix 1-1.2:1.0 eth1: Failed to write Medium Mode mode to 0xfeed: ffffffed
[   22.169733] PM: suspend of devices complete after 40.954 msecs
[   22.174471] PM: late suspend of devices complete after 4.707 msecs
[   22.202195] PM: noirq suspend of devices complete after 27.692 msecs
[   22.202205] Disabling non-boot CPUs ...
[   22.204031] CPU1: shutdown
[   22.264817] Entering suspend state LP1
[   22.264817] Suspended for 3.160 seconds
[   22.264861] Enabling non-boot CPUs ...
[   22.296085] CPU1 is up
[   22.297543] pcieport 0000:00:01.0: nv_msi_ht_cap_quirk didn't locate host bridge
[   22.321642] PM: noirq resume of devices complete after 25.526 msecs
[   22.325345] PM: early resume of devices complete after 2.959 msecs
[   22.869878] PM: resume of devices complete after 544.501 msecs
[   22.965974] Restarting tasks ... done.
root@(none):/# 
root@(none):/# rtcwake -d rtc1 -m mem -s 3
rtcwake: assuming RTC uses UTC ...
rtcwake: wakeup from "mem" using /dev/rtc1 at Thu Jan  1 00:01:09 1970
[   23.897219] PM: Syncing filesystems ... done.
[   23.942388] Freezing user space processes ... (elapsed 0.001 seconds) done.
[   23.950859] Freezing remaining freezable tasks ... (elapsed 0.001 seconds) done.
[   23.959984] Suspending console(s) (use no_console_suspend to debug)
[   23.969138] asix 1-1.2:1.0 eth1: Failed to read reg index 0x0000: -19
[   23.969167] asix 1-1.2:1.0 eth1: Error reading Medium Status register: ffffffed
[   23.969195] asix 1-1.2:1.0 eth1: Failed to write reg index 0x0000: -19
[   23.969220] asix 1-1.2:1.0 eth1: Failed to write Medium Mode mode to 0xfeed: ffffffed
[   24.008978] PM: suspend of devices complete after 40.192 msecs
[   24.013388] PM: late suspend of devices complete after 4.380 msecs
[   24.042132] PM: noirq suspend of devices complete after 28.713 msecs
[   24.042143] Disabling non-boot CPUs ...
[   24.044087] CPU1: shutdown
[   24.104740] Entering suspend state LP1
[   24.104740] Suspended for 3.159 seconds
[   24.104783] Enabling non-boot CPUs ...
[   24.136009] CPU1 is up
[   24.138545] pcieport 0000:00:01.0: nv_msi_ht_cap_quirk didn't locate host bridge
[   24.161613] PM: noirq resume of devices complete after 25.573 msecs
[   24.165505] PM: early resume of devices complete after 3.146 msecs
[   24.709958] PM: resume of devices complete after 544.420 msecs
[   24.806008] Restarting tasks ... done.
root@(none):/# 
root@(none):/# NVTB SYSTEM SUSPEND TEST COMPLETE
