Diff for ./qemu-vexpress64/__internal/defconfig_log.txt
--- /tmp/fooa	2015-09-13 20:24:12.428304365 -0700
+++ /tmp/foob	2015-09-13 20:24:12.432304362 -0700
@@ -1,6 +1,6 @@
 Booting Linux on physical CPU 0x0
 Initializing cgroup subsys cpu
-Linux version 4.2.0-next-20150912+ (pwalmsley@tamien) (gcc version 4.9.2 20140904 (prerelease) (crosstool-NG linaro-1.13.1-4.9-2014.09 - Linaro GCC 4.9-2014.09) ) #1 SMP PREEMPT Fri Sep 11 22:48:55 PDT 2015
+Linux version 4.3.0-rc1-next-20150914+ (pwalmsley@tamien) (gcc version 4.9.2 20140904 (prerelease) (crosstool-NG linaro-1.13.1-4.9-2014.09 - Linaro GCC 4.9-2014.09) ) #1 SMP PREEMPT Sun Sep 13 20:20:06 PDT 2015
 CPU: AArch64 Processor [411fd070] revision 0
 Detected PIPT I-cache on CPU0
 alternatives: enabling workaround for ARM erratum 832075
@@ -20,7 +20,7 @@
 Dentry cache hash table entries: 131072 (order: 8, 1048576 bytes)
 Inode-cache hash table entries: 65536 (order: 7, 524288 bytes)
 software IO TLB [mem 0x79c00000-0x7dc00000] (64MB) mapped at [ffffffc039c00000-ffffffc03dbfffff]
-Memory: 939192K/1048576K available (5365K kernel code, 476K rwdata, 2248K rodata, 512K init, 202K bss, 93000K reserved, 16384K cma-reserved)
+Memory: 939192K/1048576K available (5369K kernel code, 472K rwdata, 2248K rodata, 512K init, 202K bss, 93000K reserved, 16384K cma-reserved)
 Virtual kernel memory layout:
     vmalloc : 0xffffff8000000000 - 0xffffffbdbfff0000   (   246 GB)
     vmemmap : 0xffffffbdc0000000 - 0xffffffbfc0000000   (     8 GB maximum)
@@ -29,9 +29,9 @@
     PCI I/O : 0xffffffbffae00000 - 0xffffffbffbe00000   (    16 MB)
     modules : 0xffffffbffc000000 - 0xffffffc000000000   (    64 MB)
     memory  : 0xffffffc000000000 - 0xffffffc040000000   (  1024 MB)
-      .init : 0xffffffc0007f2000 - 0xffffffc000872000   (   512 KB)
-      .text : 0xffffffc000080000 - 0xffffffc0007f1524   (  7622 KB)
-      .data : 0xffffffc000882000 - 0xffffffc0008f9000   (   476 KB)
+      .init : 0xffffffc0007f3000 - 0xffffffc000873000   (   512 KB)
+      .text : 0xffffffc000080000 - 0xffffffc0007f2524   (  7626 KB)
+      .data : 0xffffffc000883000 - 0xffffffc0008f9000   (   472 KB)
 SLUB: HWalign=64, Order=0-3, MinObjects=0, CPUs=1, Nodes=1
 Preemptible hierarchical RCU implementation.
 	Build-time adjustment of leaf fanout to 64.
@@ -90,7 +90,7 @@
 kvm [1]: HYP mode not available
 futex hash table entries: 256 (order: 2, 16384 bytes)
 audit: initializing netlink subsys (disabled)
-audit: type=2000 audit(0.600:1): initialized
+audit: type=2000 audit(0.590:1): initialized
 HugeTLB registered 2 MB page size, pre-allocated 0 pages
 VFS: Disk quotas dquot_6.6.0
 VFS: Dquot-cache hash table entries: 512 (order 0, 4096 bytes)
@@ -134,8 +134,8 @@
 EXT4-fs (vda2): mounted filesystem with ordered data mode. Opts: (null)
 VFS: Mounted root (ext4 filesystem) on device 254:2.
 devtmpfs: mounted
-Freeing unused kernel memory: 512K (ffffffc0007f2000 - ffffffc000872000)
-Freeing alternatives memory: 44K (ffffffc000872000 - ffffffc00087d000)
+Freeing unused kernel memory: 512K (ffffffc0007f3000 - ffffffc000873000)
+Freeing alternatives memory: 44K (ffffffc000873000 - ffffffc00087e000)
 bash: cannot set terminal process group (-1): Inappropriate ioctl for device
 bash: no job control in this shell
 bash-4.3# 
\ No newline at end of file
Diff for ./tegra114-dalmore-a04/tegra114-dalmore/multi_v7_defconfig_log.txt
--- /tmp/fooa	2015-09-13 20:24:12.460304339 -0700
+++ /tmp/foob	2015-09-13 20:24:12.464304336 -0700
@@ -14,7 +14,7 @@
 Err:   serial
 Net:   Net Initialization Skipped
 No ethernet found.
-Hit any key to stop autoboot:  2  0 
+Hit any key to stop autoboot:  2  1  0 
 Tegra114 (Dalmore) # 
 Tegra114 (Dalmore) # usb reset
 (Re)start USB...
@@ -40,7 +40,7 @@
 	 ################################################
 	 3.3 MiB/s
 done
-Bytes transferred = 6425872 (620d10 hex)
+Bytes transferred = 6426312 (620ec8 hex)
 Tegra114 (Dalmore) # tftpboot 0x82000000 tegra114-dalmore.dtb
 Using asx0 device
 TFTP from server 192.168.100.1; our IP address is 192.168.100.100
@@ -51,7 +51,7 @@
 done
 Bytes transferred = 34966 (8896 hex)
 Tegra114 (Dalmore) # bootz 0x81000000 - 0x82000000
-Kernel image @ 0x81000000 [ 0x000000 - 0x620d10 ]
+Kernel image @ 0x81000000 [ 0x000000 - 0x620ec8 ]
 ## Flattened Device Tree blob at 82000000
    Booting using the fdt blob at 0x82000000
    Loading Device Tree to 8fff4000, end 8ffff895 ... OK
@@ -59,7 +59,7 @@
 Starting kernel ...
 
 Booting Linux on physical CPU 0x0
-Linux version 4.2.0-next-20150912-40912-g851a02c (pwalmsley@sellafield) (gcc version 4.7.3 20130328 (prerelease) (crosstool-NG linaro-1.13.1-4.7-2013.04-20130415 - Linaro GCC 2013.04) ) #1 SMP Fri Sep 11 22:47:41 PDT 2015
+Linux version 4.3.0-rc1-next-20150914-41348-g91ad81b (pwalmsley@sellafield) (gcc version 4.7.3 20130328 (prerelease) (crosstool-NG linaro-1.13.1-4.7-2013.04-20130415 - Linaro GCC 2013.04) ) #1 SMP Sun Sep 13 20:18:12 PDT 2015
 CPU: ARMv7 Processor [412fc0f2] revision 2 (ARMv7), cr=10c5387d
 CPU: PIPT / VIPT nonaliasing data cache, PIPT instruction cache
 Machine model: NVIDIA Tegra114 Dalmore evaluation board
@@ -67,7 +67,7 @@
 cma: Reserved 64 MiB at 0xfb800000
 Memory policy: Data cache writealloc
 On node 0 totalpages: 524032
-free_area_init_node: node 0, pgdat c0f77440, node_mem_map ee7f8000
+free_area_init_node: node 0, pgdat c0f793c0, node_mem_map ee7f8000
   DMA zone: 1520 pages used for memmap
   DMA zone: 0 pages reserved
   DMA zone: 194560 pages, LIFO batch:31
@@ -80,7 +80,7 @@
 PID hash table entries: 4096 (order: 2, 16384 bytes)
 Dentry cache hash table entries: 131072 (order: 7, 524288 bytes)
 Inode-cache hash table entries: 65536 (order: 6, 262144 bytes)
-Memory: 1998892K/2096128K available (8099K kernel code, 1013K rwdata, 3624K rodata, 1024K init, 340K bss, 31700K reserved, 65536K cma-reserved, 1252352K highmem)
+Memory: 1998884K/2096128K available (8103K kernel code, 1012K rwdata, 3624K rodata, 1028K init, 340K bss, 31708K reserved, 65536K cma-reserved, 1252352K highmem)
 Virtual kernel memory layout:
     vector  : 0xffff0000 - 0xffff1000   (   4 kB)
     fixmap  : 0xffc00000 - 0xfff00000   (3072 kB)
@@ -88,10 +88,10 @@
     lowmem  : 0xc0000000 - 0xef800000   ( 760 MB)
     pkmap   : 0xbfe00000 - 0xc0000000   (   2 MB)
     modules : 0xbf000000 - 0xbfe00000   (  14 MB)
-      .text : 0xc0208000 - 0xc0d7bd9c   (11728 kB)
-      .init : 0xc0d7c000 - 0xc0e7c000   (1024 kB)
-      .data : 0xc0e7c000 - 0xc0f79420   (1014 kB)
-       .bss : 0xc0f7c000 - 0xc0fd12e8   ( 341 kB)
+      .text : 0xc0208000 - 0xc0d7cdf0   (11732 kB)
+      .init : 0xc0d7d000 - 0xc0e7e000   (1028 kB)
+      .data : 0xc0e7e000 - 0xc0f7b3a0   (1013 kB)
+       .bss : 0xc0f7e000 - 0xc0fd32e8   ( 341 kB)
 SLUB: HWalign=64, Order=0-3, MinObjects=0, CPUs=4, Nodes=1
 Hierarchical RCU implementation.
 	Build-time adjustment of leaf fanout to 32.
@@ -254,11 +254,14 @@
 ThumbEE CPU extension supported.
 Registering SWP/SWPB emulation handler
 tps65090 2-0048: No cache defaults, reading back from HW
+vdd-lcd-bl: supplied by vdd_ac_bat
 mmc0: MAN_BKOPS_EN bit is not set
 mmc0: new high speed MMC card at address 0001
 mmcblk0: mmc0:0001 SEM32G 29.1 GiB 
 mmcblk0boot0: mmc0:0001 SEM32G partition 1 4.00 MiB
-vdd-lcd-bl: supplied by vdd_ac_bat
+mmcblk0boot1: mmc0:0001 SEM32G partition 2 4.00 MiB
+mmcblk0rpmb: mmc0:0001 SEM32G partition 3 4.00 MiB
+ mmcblk0: p1 p2 p3 p4 p5 p6 p7 p8
 vdd-sys-5v0: supplied by vdd_ac_bat
 VDD_5V0_HDMI_CON: supplied by vdd-sys-5v0
 vdd_hdmi_5v0: supplied by vdd-sys-5v0
@@ -266,9 +269,6 @@
 [drm] No driver support for vblank timestamp query.
 drm drm: No connectors reported connected with modes
 [drm] Cannot find any crtc or sizes - going 1024x768
-mmcblk0boot1: mmc0:0001 SEM32G partition 2 4.00 MiB
-mmcblk0rpmb: mmc0:0001 SEM32G partition 3 4.00 MiB
- mmcblk0: p1 p2 p3 p4 p5 p6 p7 p8
 Console: switching to colour frame buffer device 128x48
 drm drm: fb0:  frame buffer device
 [drm] Initialized tegra 0.0.0 20120330 on minor 0
@@ -289,7 +289,7 @@
 mmc1: Invalid maximum block size, assuming 512 bytes
 mmc1: SDHCI controller on 78000400.sdhci [78000400.sdhci] using ADMA
 input: gpio-keys as /devices/soc0/gpio-keys/input/input0
-palmas-rtc 7000d000.i2c:tps65913@58:rtc: setting system clock to 2000-03-24 14:42:34 UTC (953908954)
+palmas-rtc 7000d000.i2c:tps65913@58:rtc: setting system clock to 2000-03-26 12:13:17 UTC (954072797)
 dvdd_ts: disabling
 usb1_vbus: disabling
 vdd_cam_1v8_reg: disabling
@@ -298,7 +298,7 @@
 EXT4-fs (mmcblk0p1): mounted filesystem with ordered data mode. Opts: (null)
 VFS: Mounted root (ext3 filesystem) on device 179:1.
 devtmpfs: mounted
-Freeing unused kernel memory: 1024K (c0d7c000 - c0e7c000)
+Freeing unused kernel memory: 1028K (c0d7d000 - c0e7e000)
 usb 1-1: new high-speed USB device number 2 using tegra-ehci
 bash: cannot set terminal process group (-1): Inappropriate ioctl for device
 bash: no job control in this shell
Diff for ./tegra114-dalmore-a04/tegra114-dalmore/tegra_defconfig_log.txt
--- /tmp/fooa	2015-09-13 20:24:12.468304333 -0700
+++ /tmp/foob	2015-09-13 20:24:12.472304330 -0700
@@ -39,18 +39,18 @@
 	 ####################
 	 3.3 MiB/s
 done
-Bytes transferred = 5053664 (4d1ce0 hex)
+Bytes transferred = 5054632 (4d20a8 hex)
 Tegra114 (Dalmore) # tftpboot 0x82000000 tegra114-dalmore.dtb
 Using asx0 device
 TFTP from server 192.168.100.1; our IP address is 192.168.100.100
 Filename 'tegra114-dalmore.dtb'.
 Load address: 0x82000000
 Loading: *###
-	 3 MiB/s
+	 2.8 MiB/s
 done
 Bytes transferred = 34966 (8896 hex)
 Tegra114 (Dalmore) # bootz 0x81000000 - 0x82000000
-Kernel image @ 0x81000000 [ 0x000000 - 0x4d1ce0 ]
+Kernel image @ 0x81000000 [ 0x000000 - 0x4d20a8 ]
 ## Flattened Device Tree blob at 82000000
    Booting using the fdt blob at 0x82000000
    Loading Device Tree to 8fff4000, end 8ffff895 ... OK
@@ -61,7 +61,7 @@
 Booting Linux on physical CPU 0x0
 Initializing cgroup subsys cpu
 Initializing cgroup subsys cpuacct
-Linux version 4.2.0-next-20150912-40912-g851a02c (pwalmsley@kaivo) (gcc version 4.7.3 20130328 (prerelease) (crosstool-NG linaro-1.13.1-4.7-2013.04-20130415 - Linaro GCC 2013.04) ) #1 SMP PREEMPT Fri Sep 11 22:47:57 PDT 2015
+Linux version 4.3.0-rc1-next-20150914-41348-g91ad81b (pwalmsley@kaivo) (gcc version 4.7.3 20130328 (prerelease) (crosstool-NG linaro-1.13.1-4.7-2013.04-20130415 - Linaro GCC 2013.04) ) #1 SMP PREEMPT Sun Sep 13 20:18:30 PDT 2015
 CPU: ARMv7 Processor [412fc0f2] revision 2 (ARMv7), cr=10c5387d
 CPU: PIPT / VIPT nonaliasing data cache, PIPT instruction cache
 Machine model: NVIDIA Tegra114 Dalmore evaluation board
@@ -69,7 +69,7 @@
 cma: Reserved 64 MiB at 0xfbc00000
 Memory policy: Data cache writealloc
 On node 0 totalpages: 524032
-free_area_init_node: node 0, pgdat c09c1880, node_mem_map ee7f7000
+free_area_init_node: node 0, pgdat c09c3880, node_mem_map ee7f7000
   Normal zone: 1520 pages used for memmap
   Normal zone: 0 pages reserved
   Normal zone: 194560 pages, LIFO batch:31
@@ -82,7 +82,7 @@
 PID hash table entries: 4096 (order: 2, 16384 bytes)
 Dentry cache hash table entries: 131072 (order: 7, 524288 bytes)
 Inode-cache hash table entries: 65536 (order: 6, 262144 bytes)
-Memory: 2002664K/2096128K available (6912K kernel code, 341K rwdata, 2384K rodata, 324K init, 363K bss, 27928K reserved, 65536K cma-reserved, 1252352K highmem)
+Memory: 2002656K/2096128K available (6916K kernel code, 341K rwdata, 2388K rodata, 324K init, 363K bss, 27936K reserved, 65536K cma-reserved, 1252352K highmem)
 Virtual kernel memory layout:
     vector  : 0xffff0000 - 0xffff1000   (   4 kB)
     fixmap  : 0xffc00000 - 0xfff00000   (3072 kB)
@@ -90,10 +90,10 @@
     lowmem  : 0xc0000000 - 0xef800000   ( 760 MB)
     pkmap   : 0xbfe00000 - 0xc0000000   (   2 MB)
     modules : 0xbf000000 - 0xbfe00000   (  14 MB)
-      .text : 0xc0008000 - 0xc091c5fc   (9298 kB)
-      .init : 0xc091d000 - 0xc096e000   ( 324 kB)
-      .data : 0xc096e000 - 0xc09c3400   ( 341 kB)
-       .bss : 0xc09c6000 - 0xc0a20d20   ( 364 kB)
+      .text : 0xc0008000 - 0xc091e670   (9306 kB)
+      .init : 0xc091f000 - 0xc0970000   ( 324 kB)
+      .data : 0xc0970000 - 0xc09c5400   ( 341 kB)
+       .bss : 0xc09c8000 - 0xc0a22d20   ( 364 kB)
 Preemptible hierarchical RCU implementation.
 	Build-time adjustment of leaf fanout to 32.
 NR_IRQS:16 nr_irqs:16 16
@@ -232,16 +232,16 @@
 tegra30-i2s 70080400.i2s: DMA channels sourced from device 70080000.ahub
 NET: Registered protocol family 10
 mip6: Mobile IPv6
-sit: IPv6 over IPv4 tunneling driver
-NET: Registered protocol family 17
 mmc0: MAN_BKOPS_EN bit is not set
 mmc0: new high speed MMC card at address 0001
-NET: Registered protocol family 15
 mmcblk0: mmc0:0001 SEM32G 29.1 GiB 
 mmcblk0boot0: mmc0:0001 SEM32G partition 1 4.00 MiB
 mmcblk0boot1: mmc0:0001 SEM32G partition 2 4.00 MiB
 mmcblk0rpmb: mmc0:0001 SEM32G partition 3 4.00 MiB
  mmcblk0: p1 p2 p3 p4 p5 p6 p7 p8
+sit: IPv6 over IPv4 tunneling driver
+NET: Registered protocol family 17
+NET: Registered protocol family 15
 can: controller area network core (rev 20120528 abi 9)
 NET: Registered protocol family 29
 can: raw protocol (rev 20120528)
@@ -286,7 +286,7 @@
 tegra-snd-rt5640 sound: rt5640-aif1 <-> 70080400.i2s mapping ok
 input: NVIDIA Tegra Dalmore Headphones as /devices/soc0/sound/sound/card0/input0
 input: gpio-keys as /devices/soc0/gpio-keys/input/input1
-palmas-rtc 7000d000.i2c:tps65913@58:rtc: setting system clock to 2000-03-24 14:43:03 UTC (953908983)
+palmas-rtc 7000d000.i2c:tps65913@58:rtc: setting system clock to 2000-03-26 12:13:47 UTC (954072827)
 dvdd_ts: disabling
 usb1_vbus: disabling
 vdd_cam_1v8_reg: disabling
@@ -299,7 +299,7 @@
 EXT4-fs (mmcblk0p1): mounted filesystem with ordered data mode. Opts: (null)
 VFS: Mounted root (ext3 filesystem) on device 179:1.
 devtmpfs: mounted
-Freeing unused kernel memory: 324K (c091d000 - c096e000)
+Freeing unused kernel memory: 324K (c091f000 - c0970000)
 bash: cannot set terminal process group (-1): Inappropriate ioctl for device
 bash: no job control in this shell
 root@(none):/# 
\ No newline at end of file
Diff for ./tegra124-jetson-tk1/tegra124-jetson-tk1/multi_v7_defconfig_log.txt
--- /tmp/fooa	2015-09-13 20:24:12.476304327 -0700
+++ /tmp/foob	2015-09-13 20:24:12.480304323 -0700
@@ -40,9 +40,9 @@
 	 #################################################################
 	 #################################################################
 	 ################################################
-	 3.1 MiB/s
+	 3.2 MiB/s
 done
-Bytes transferred = 6425872 (620d10 hex)
+Bytes transferred = 6426312 (620ec8 hex)
 Tegra124 (Jetson TK1) # tftpboot 0x82000000 tegra124-jetson-tk1.dtb
 Using asx0 device
 TFTP from server 192.168.100.1; our IP address is 192.168.100.102
@@ -53,7 +53,7 @@
 done
 Bytes transferred = 64210 (fad2 hex)
 Tegra124 (Jetson TK1) # bootz 0x81000000 - 0x82000000
-Kernel image @ 0x81000000 [ 0x000000 - 0x620d10 ]
+Kernel image @ 0x81000000 [ 0x000000 - 0x620ec8 ]
 ## Flattened Device Tree blob at 82000000
    Booting using the fdt blob at 0x82000000
    Using Device Tree in place at 82000000, end 82012ad1
@@ -61,7 +61,7 @@
 Starting kernel ...
 
 Booting Linux on physical CPU 0x0
-Linux version 4.2.0-next-20150912-40912-g851a02c (pwalmsley@sellafield) (gcc version 4.7.3 20130328 (prerelease) (crosstool-NG linaro-1.13.1-4.7-2013.04-20130415 - Linaro GCC 2013.04) ) #1 SMP Fri Sep 11 22:47:41 PDT 2015
+Linux version 4.3.0-rc1-next-20150914-41348-g91ad81b (pwalmsley@sellafield) (gcc version 4.7.3 20130328 (prerelease) (crosstool-NG linaro-1.13.1-4.7-2013.04-20130415 - Linaro GCC 2013.04) ) #1 SMP Sun Sep 13 20:18:12 PDT 2015
 CPU: ARMv7 Processor [413fc0f3] revision 3 (ARMv7), cr=10c5387d
 CPU: PIPT / VIPT nonaliasing data cache, PIPT instruction cache
 Machine model: NVIDIA Tegra124 Jetson TK1
@@ -69,7 +69,7 @@
 cma: Reserved 64 MiB at 0xfb800000
 Memory policy: Data cache writealloc
 On node 0 totalpages: 524032
-free_area_init_node: node 0, pgdat c0f77440, node_mem_map ee7f8000
+free_area_init_node: node 0, pgdat c0f793c0, node_mem_map ee7f8000
   DMA zone: 1520 pages used for memmap
   DMA zone: 0 pages reserved
   DMA zone: 194560 pages, LIFO batch:31
@@ -82,7 +82,7 @@
 PID hash table entries: 4096 (order: 2, 16384 bytes)
 Dentry cache hash table entries: 131072 (order: 7, 524288 bytes)
 Inode-cache hash table entries: 65536 (order: 6, 262144 bytes)
-Memory: 1998784K/2096128K available (8099K kernel code, 1013K rwdata, 3624K rodata, 1024K init, 340K bss, 31808K reserved, 65536K cma-reserved, 1252352K highmem)
+Memory: 1998776K/2096128K available (8103K kernel code, 1012K rwdata, 3624K rodata, 1028K init, 340K bss, 31816K reserved, 65536K cma-reserved, 1252352K highmem)
 Virtual kernel memory layout:
     vector  : 0xffff0000 - 0xffff1000   (   4 kB)
     fixmap  : 0xffc00000 - 0xfff00000   (3072 kB)
@@ -90,10 +90,10 @@
     lowmem  : 0xc0000000 - 0xef800000   ( 760 MB)
     pkmap   : 0xbfe00000 - 0xc0000000   (   2 MB)
     modules : 0xbf000000 - 0xbfe00000   (  14 MB)
-      .text : 0xc0208000 - 0xc0d7bd9c   (11728 kB)
-      .init : 0xc0d7c000 - 0xc0e7c000   (1024 kB)
-      .data : 0xc0e7c000 - 0xc0f79420   (1014 kB)
-       .bss : 0xc0f7c000 - 0xc0fd12e8   ( 341 kB)
+      .text : 0xc0208000 - 0xc0d7cdf0   (11732 kB)
+      .init : 0xc0d7d000 - 0xc0e7e000   (1028 kB)
+      .data : 0xc0e7e000 - 0xc0f7b3a0   (1013 kB)
+       .bss : 0xc0f7e000 - 0xc0fd32e8   ( 341 kB)
 SLUB: HWalign=64, Order=0-3, MinObjects=0, CPUs=4, Nodes=1
 Hierarchical RCU implementation.
 	Build-time adjustment of leaf fanout to 32.
@@ -257,13 +257,6 @@
 NET: Registered protocol family 10
 sit: IPv6 over IPv4 tunneling driver
 mmc0: MAN_BKOPS_EN bit is not set
-mmc0: new high speed MMC card at address 0001
-mmcblk0: mmc0:0001 SEM16G 14.6 GiB 
-mmcblk0boot0: mmc0:0001 SEM16G partition 1 4.00 MiB
-mmcblk0boot1: mmc0:0001 SEM16G partition 2 4.00 MiB
-mmcblk0rpmb: mmc0:0001 SEM16G partition 3 4.00 MiB
-Primary GPT is invalid, using alternate GPT.
- mmcblk0: p1 p2 p3 p4 p5 p6 p7 p8 p9
 NET: Registered protocol family 17
 can: controller area network core (rev 20120528 abi 9)
 NET: Registered protocol family 29
@@ -278,8 +271,15 @@
 +3.3V_LP0: supplied by +3.3V_SYS
 +1.35V_LP0(sd2): supplied by +5V_SYS
 +1.05V_RUN_AVDD: supplied by +1.35V_LP0(sd2)
+mmc0: new high speed MMC card at address 0001
 tegra-pcie 1003000.pcie-controller: probing port 0, using 2 lanes
 tegra-pcie 1003000.pcie-controller: Slot present pin change, signature: 00000008
+mmcblk0: mmc0:0001 SEM16G 14.6 GiB 
+mmcblk0boot0: mmc0:0001 SEM16G partition 1 4.00 MiB
+mmcblk0boot1: mmc0:0001 SEM16G partition 2 4.00 MiB
+mmcblk0rpmb: mmc0:0001 SEM16G partition 3 4.00 MiB
+Primary GPT is invalid, using alternate GPT.
+ mmcblk0: p1 p2 p3 p4 p5 p6 p7 p8 p9
 tegra-pcie 1003000.pcie-controller: link 0 down, retrying
 tegra-pcie 1003000.pcie-controller: link 0 down, retrying
 tegra-pcie 1003000.pcie-controller: link 0 down, retrying
@@ -346,11 +346,11 @@
 EXT4-fs (mmcblk0p1): couldn't mount as ext3 due to feature incompatibilities
 EXT4-fs (mmcblk0p1): couldn't mount as ext2 due to feature incompatibilities
 EXT4-fs (mmcblk0p1): recovery complete
-usb 2-1: new high-speed USB device number 2 using tegra-ehci
 EXT4-fs (mmcblk0p1): mounted filesystem with ordered data mode. Opts: (null)
 VFS: Mounted root (ext4 filesystem) on device 179:1.
+usb 2-1: new high-speed USB device number 2 using tegra-ehci
 devtmpfs: mounted
-Freeing unused kernel memory: 1024K (c0d7c000 - c0e7c000)
+Freeing unused kernel memory: 1028K (c0d7d000 - c0e7e000)
 bash: cannot set terminal process group (-1): Inappropriate ioctl for device
 bash: no job control in this shell
-root@(none):/# 
\ No newline at end of file
+root@(none):/# [    5.985854] asix 2-1:1.0 eth0: register 'asix
\ No newline at end of file
Diff for ./tegra124-jetson-tk1/tegra124-jetson-tk1/tegra_defconfig_log.txt
--- /tmp/fooa	2015-09-13 20:24:12.488304317 -0700
+++ /tmp/foob	2015-09-13 20:24:12.488304317 -0700
@@ -29,6 +29,7 @@
 Tegra124 (Jetson TK1) # setenv bootargs 'ignore_loglevel console=ttyS0,115200n8 rw root=/dev/mmcblk0p1 rootwait gpt debug init=/bin/bash noinitrd'
 Tegra124 (Jetson TK1) # setenv ipaddr 192.168.100.102; setenv serverip 192.168.100.1; setenv tftpserverip 192.168.100.1
 Tegra124 (Jetson TK1) # tftpboot 0x81000000 zImage.tegra_defconfig
+Waiting for Ethernet connection... done.
 Using asx0 device
 TFTP from server 192.168.100.1; our IP address is 192.168.100.102
 Filename 'zImage.tegra_defconfig'.
@@ -39,20 +40,20 @@
 	 #################################################################
 	 #################################################################
 	 ####################
-	 3.1 MiB/s
+	 3.2 MiB/s
 done
-Bytes transferred = 5053664 (4d1ce0 hex)
+Bytes transferred = 5054632 (4d20a8 hex)
 Tegra124 (Jetson TK1) # tftpboot 0x82000000 tegra124-jetson-tk1.dtb
 Using asx0 device
 TFTP from server 192.168.100.1; our IP address is 192.168.100.102
 Filename 'tegra124-jetson-tk1.dtb'.
 Load address: 0x82000000
 Loading: *#####
-	 2.9 MiB/s
+	 3.1 MiB/s
 done
 Bytes transferred = 64210 (fad2 hex)
 Tegra124 (Jetson TK1) # bootz 0x81000000 - 0x82000000
-Kernel image @ 0x81000000 [ 0x000000 - 0x4d1ce0 ]
+Kernel image @ 0x81000000 [ 0x000000 - 0x4d20a8 ]
 ## Flattened Device Tree blob at 82000000
    Booting using the fdt blob at 0x82000000
    Using Device Tree in place at 82000000, end 82012ad1
@@ -63,7 +64,7 @@
 Booting Linux on physical CPU 0x0
 Initializing cgroup subsys cpu
 Initializing cgroup subsys cpuacct
-Linux version 4.2.0-next-20150912-40912-g851a02c (pwalmsley@kaivo) (gcc version 4.7.3 20130328 (prerelease) (crosstool-NG linaro-1.13.1-4.7-2013.04-20130415 - Linaro GCC 2013.04) ) #1 SMP PREEMPT Fri Sep 11 22:47:57 PDT 2015
+Linux version 4.3.0-rc1-next-20150914-41348-g91ad81b (pwalmsley@kaivo) (gcc version 4.7.3 20130328 (prerelease) (crosstool-NG linaro-1.13.1-4.7-2013.04-20130415 - Linaro GCC 2013.04) ) #1 SMP PREEMPT Sun Sep 13 20:18:30 PDT 2015
 CPU: ARMv7 Processor [413fc0f3] revision 3 (ARMv7), cr=10c5387d
 CPU: PIPT / VIPT nonaliasing data cache, PIPT instruction cache
 Machine model: NVIDIA Tegra124 Jetson TK1
@@ -71,7 +72,7 @@
 cma: Reserved 64 MiB at 0xfbc00000
 Memory policy: Data cache writealloc
 On node 0 totalpages: 524032
-free_area_init_node: node 0, pgdat c09c1880, node_mem_map ee7f7000
+free_area_init_node: node 0, pgdat c09c3880, node_mem_map ee7f7000
   Normal zone: 1520 pages used for memmap
   Normal zone: 0 pages reserved
   Normal zone: 194560 pages, LIFO batch:31
@@ -84,7 +85,7 @@
 PID hash table entries: 4096 (order: 2, 16384 bytes)
 Dentry cache hash table entries: 131072 (order: 7, 524288 bytes)
 Inode-cache hash table entries: 65536 (order: 6, 262144 bytes)
-Memory: 2002556K/2096128K available (6912K kernel code, 341K rwdata, 2384K rodata, 324K init, 363K bss, 28036K reserved, 65536K cma-reserved, 1252352K highmem)
+Memory: 2002548K/2096128K available (6916K kernel code, 341K rwdata, 2388K rodata, 324K init, 363K bss, 28044K reserved, 65536K cma-reserved, 1252352K highmem)
 Virtual kernel memory layout:
     vector  : 0xffff0000 - 0xffff1000   (   4 kB)
     fixmap  : 0xffc00000 - 0xfff00000   (3072 kB)
@@ -92,10 +93,10 @@
     lowmem  : 0xc0000000 - 0xef800000   ( 760 MB)
     pkmap   : 0xbfe00000 - 0xc0000000   (   2 MB)
     modules : 0xbf000000 - 0xbfe00000   (  14 MB)
-      .text : 0xc0008000 - 0xc091c5fc   (9298 kB)
-      .init : 0xc091d000 - 0xc096e000   ( 324 kB)
-      .data : 0xc096e000 - 0xc09c3400   ( 341 kB)
-       .bss : 0xc09c6000 - 0xc0a20d20   ( 364 kB)
+      .text : 0xc0008000 - 0xc091e670   (9306 kB)
+      .init : 0xc091f000 - 0xc0970000   ( 324 kB)
+      .data : 0xc0970000 - 0xc09c5400   ( 341 kB)
+       .bss : 0xc09c8000 - 0xc0a22d20   ( 364 kB)
 Preemptible hierarchical RCU implementation.
 	Build-time adjustment of leaf fanout to 32.
 NR_IRQS:16 nr_irqs:16 16
@@ -332,7 +333,7 @@
 tegra-snd-rt5640 sound: rt5640-aif1 <-> 70301100.i2s mapping ok
 input: NVIDIA Tegra Jetson TK1 Headphones as /devices/soc0/sound/sound/card1/input1
 input: gpio-keys as /devices/soc0/gpio-keys/input/input2
-as3722-rtc as3722-rtc: setting system clock to 2000-01-01 00:00:52 UTC (946684852)
+as3722-rtc as3722-rtc: setting system clock to 2000-01-01 00:00:20 UTC (946684820)
 +1.8V_RUN_CAM: disabling
 +2.8V_RUN_CAM: disabling
 +1.2V_RUN_CAM_FRONT: disabling
@@ -351,7 +352,7 @@
 EXT4-fs (mmcblk0p1): mounted filesystem with ordered data mode. Opts: (null)
 VFS: Mounted root (ext4 filesystem) on device 179:1.
 devtmpfs: mounted
-Freeing unused kernel memory: 324K (c091d000 - c096e000)
+Freeing unused kernel memory: 324K (c091f000 - c0970000)
 bash: cannot set terminal process group (-1): Inappropriate ioctl for device
 bash: no job control in this shell
 root@(none):/# 
\ No newline at end of file
Diff for ./tegra20-trimslice/tegra20-trimslice/multi_v7_defconfig_log.txt
--- /tmp/fooa	2015-09-13 20:24:12.496304311 -0700
+++ /tmp/foob	2015-09-13 20:24:12.500304307 -0700
@@ -48,18 +48,18 @@
 	 ################################################
 	 4.1 MiB/s
 done
-Bytes transferred = 6425872 (620d10 hex)
+Bytes transferred = 6426312 (620ec8 hex)
 Tegra20 (TrimSlice) # tftpboot 0x02408000 tegra20-trimslice.dtb
 Using RTL8169#0 device
 TFTP from server 192.168.100.1; our IP address is 192.168.100.103
 Filename 'tegra20-trimslice.dtb'.
 Load address: 0x2408000
 Loading: *##
-	 4 MiB/s
+	 2.9 MiB/s
 done
 Bytes transferred = 21202 (52d2 hex)
 Tegra20 (TrimSlice) # bootz 0x00408000 - 0x02408000
-Kernel image @ 0x408000 [ 0x000000 - 0x620d10 ]
+Kernel image @ 0x408000 [ 0x000000 - 0x620ec8 ]
 ## Flattened Device Tree blob at 02408000
    Booting using the fdt blob at 0x2408000
    Using Device Tree in place at 02408000, end 024102d1
@@ -67,7 +67,7 @@
 Starting kernel ...
 
 Booting Linux on physical CPU 0x0
-Linux version 4.2.0-next-20150912-40912-g851a02c (pwalmsley@sellafield) (gcc version 4.7.3 20130328 (prerelease) (crosstool-NG linaro-1.13.1-4.7-2013.04-20130415 - Linaro GCC 2013.04) ) #1 SMP Fri Sep 11 22:47:41 PDT 2015
+Linux version 4.3.0-rc1-next-20150914-41348-g91ad81b (pwalmsley@sellafield) (gcc version 4.7.3 20130328 (prerelease) (crosstool-NG linaro-1.13.1-4.7-2013.04-20130415 - Linaro GCC 2013.04) ) #1 SMP Sun Sep 13 20:18:12 PDT 2015
 CPU: ARMv7 Processor [411fc090] revision 0 (ARMv7), cr=10c5387d
 CPU: PIPT / VIPT nonaliasing data cache, VIPT aliasing instruction cache
 Machine model: Compulab TrimSlice board
@@ -75,7 +75,7 @@
 cma: Reserved 64 MiB at 0x3c000000
 Memory policy: Data cache writealloc
 On node 0 totalpages: 262144
-free_area_init_node: node 0, pgdat c0f77440, node_mem_map eeff8000
+free_area_init_node: node 0, pgdat c0f793c0, node_mem_map eeff8000
   DMA zone: 1520 pages used for memmap
   DMA zone: 0 pages reserved
   DMA zone: 194560 pages, LIFO batch:31
@@ -88,7 +88,7 @@
 PID hash table entries: 4096 (order: 2, 16384 bytes)
 Dentry cache hash table entries: 131072 (order: 7, 524288 bytes)
 Inode-cache hash table entries: 65536 (order: 6, 262144 bytes)
-Memory: 959700K/1048576K available (8099K kernel code, 1013K rwdata, 3624K rodata, 1024K init, 340K bss, 23340K reserved, 65536K cma-reserved, 204800K highmem)
+Memory: 959692K/1048576K available (8103K kernel code, 1012K rwdata, 3624K rodata, 1028K init, 340K bss, 23348K reserved, 65536K cma-reserved, 204800K highmem)
 Virtual kernel memory layout:
     vector  : 0xffff0000 - 0xffff1000   (   4 kB)
     fixmap  : 0xffc00000 - 0xfff00000   (3072 kB)
@@ -96,10 +96,10 @@
     lowmem  : 0xc0000000 - 0xef800000   ( 760 MB)
     pkmap   : 0xbfe00000 - 0xc0000000   (   2 MB)
     modules : 0xbf000000 - 0xbfe00000   (  14 MB)
-      .text : 0xc0208000 - 0xc0d7bd9c   (11728 kB)
-      .init : 0xc0d7c000 - 0xc0e7c000   (1024 kB)
-      .data : 0xc0e7c000 - 0xc0f79420   (1014 kB)
-       .bss : 0xc0f7c000 - 0xc0fd12e8   ( 341 kB)
+      .text : 0xc0208000 - 0xc0d7cdf0   (11732 kB)
+      .init : 0xc0d7d000 - 0xc0e7e000   (1028 kB)
+      .data : 0xc0e7e000 - 0xc0f7b3a0   (1013 kB)
+       .bss : 0xc0f7e000 - 0xc0fd32e8   ( 341 kB)
 SLUB: HWalign=64, Order=0-3, MinObjects=0, CPUs=2, Nodes=1
 Hierarchical RCU implementation.
 	Build-time adjustment of leaf fanout to 32.
@@ -332,7 +332,7 @@
 mmc1: Invalid maximum block size, assuming 512 bytes
 mmc1: SDHCI controller on c8000600.sdhci [c8000600.sdhci] using ADMA
 input: gpio-keys as /devices/soc0/gpio-keys/input/input0
-rtc-em3027 2-0056: setting system clock to 2014-12-26 22:39:54 UTC (1419633594)
+rtc-em3027 2-0056: setting system clock to 2014-12-26 22:41:06 UTC (1419633666)
 hub 1-1:1.0: USB hub found
 hub 1-1:1.0: 4 ports detected
 EXT4-fs (mmcblk0p1): mounting ext3 file system using the ext4 subsystem
@@ -343,8 +343,8 @@
 VFS: Mounted root (ext3 filesystem) on device 179:1.
  mmcblk1: p1 p2
 devtmpfs: mounted
-Freeing unused kernel memory: 1024K (c0d7c000 - c0e7c000)
+Freeing unused kernel memory: 1028K (c0d7d000 - c0e7e000)
 usb 1-1.2: new high-speed USB device number 3 using tegra-ehci
 bash: cannot set terminal process group (-1): Inappropriate ioctl for device
 bash: no job control in this shell
-root@(none):/# [    3.285382] asix 1-1.2:1.0 eth1: register 'asix' at usb-c5008000.usb-1.2, ASIX AX88772 USB 2.0 Ethernet, 00:60:6e:60:6c:68
+root@(none):/# [    3.290233] asix 1-1.2:1.0 eth1: register 'asix' at usb-c5008
\ No newline at end of file
Diff for ./tegra20-trimslice/tegra20-trimslice/tegra_defconfig_log.txt
--- /tmp/fooa	2015-09-13 20:24:12.504304304 -0700
+++ /tmp/foob	2015-09-13 20:24:12.508304301 -0700
@@ -45,20 +45,20 @@
 	 #################################################################
 	 #################################################################
 	 ####################
-	 4.1 MiB/s
+	 4 MiB/s
 done
-Bytes transferred = 5053664 (4d1ce0 hex)
+Bytes transferred = 5054632 (4d20a8 hex)
 Tegra20 (TrimSlice) # tftpboot 0x02408000 tegra20-trimslice.dtb
 Using RTL8169#0 device
 TFTP from server 192.168.100.1; our IP address is 192.168.100.103
 Filename 'tegra20-trimslice.dtb'.
 Load address: 0x2408000
 Loading: *##
-	 3.4 MiB/s
+	 4 MiB/s
 done
 Bytes transferred = 21202 (52d2 hex)
 Tegra20 (TrimSlice) # bootz 0x00408000 - 0x02408000
-Kernel image @ 0x408000 [ 0x000000 - 0x4d1ce0 ]
+Kernel image @ 0x408000 [ 0x000000 - 0x4d20a8 ]
 ## Flattened Device Tree blob at 02408000
    Booting using the fdt blob at 0x2408000
    Using Device Tree in place at 02408000, end 024102d1
@@ -69,7 +69,7 @@
 Booting Linux on physical CPU 0x0
 Initializing cgroup subsys cpu
 Initializing cgroup subsys cpuacct
-Linux version 4.2.0-next-20150912-40912-g851a02c (pwalmsley@kaivo) (gcc version 4.7.3 20130328 (prerelease) (crosstool-NG linaro-1.13.1-4.7-2013.04-20130415 - Linaro GCC 2013.04) ) #1 SMP PREEMPT Fri Sep 11 22:47:57 PDT 2015
+Linux version 4.3.0-rc1-next-20150914-41348-g91ad81b (pwalmsley@kaivo) (gcc version 4.7.3 20130328 (prerelease) (crosstool-NG linaro-1.13.1-4.7-2013.04-20130415 - Linaro GCC 2013.04) ) #1 SMP PREEMPT Sun Sep 13 20:18:30 PDT 2015
 CPU: ARMv7 Processor [411fc090] revision 0 (ARMv7), cr=10c5387d
 CPU: PIPT / VIPT nonaliasing data cache, VIPT aliasing instruction cache
 Machine model: Compulab TrimSlice board
@@ -78,7 +78,7 @@
 cma: Reserved 64 MiB at 0x3c000000
 Memory policy: Data cache writealloc
 On node 0 totalpages: 262144
-free_area_init_node: node 0, pgdat c09c1880, node_mem_map eeff7000
+free_area_init_node: node 0, pgdat c09c3880, node_mem_map eeff7000
   Normal zone: 1520 pages used for memmap
   Normal zone: 0 pages reserved
   Normal zone: 194560 pages, LIFO batch:31
@@ -91,7 +91,7 @@
 PID hash table entries: 4096 (order: 2, 16384 bytes)
 Dentry cache hash table entries: 131072 (order: 7, 524288 bytes)
 Inode-cache hash table entries: 65536 (order: 6, 262144 bytes)
-Memory: 963472K/1048576K available (6912K kernel code, 341K rwdata, 2384K rodata, 324K init, 363K bss, 19568K reserved, 65536K cma-reserved, 204800K highmem)
+Memory: 963464K/1048576K available (6916K kernel code, 341K rwdata, 2388K rodata, 324K init, 363K bss, 19576K reserved, 65536K cma-reserved, 204800K highmem)
 Virtual kernel memory layout:
     vector  : 0xffff0000 - 0xffff1000   (   4 kB)
     fixmap  : 0xffc00000 - 0xfff00000   (3072 kB)
@@ -99,10 +99,10 @@
     lowmem  : 0xc0000000 - 0xef800000   ( 760 MB)
     pkmap   : 0xbfe00000 - 0xc0000000   (   2 MB)
     modules : 0xbf000000 - 0xbfe00000   (  14 MB)
-      .text : 0xc0008000 - 0xc091c5fc   (9298 kB)
-      .init : 0xc091d000 - 0xc096e000   ( 324 kB)
-      .data : 0xc096e000 - 0xc09c3400   ( 341 kB)
-       .bss : 0xc09c6000 - 0xc0a20d20   ( 364 kB)
+      .text : 0xc0008000 - 0xc091e670   (9306 kB)
+      .init : 0xc091f000 - 0xc0970000   ( 324 kB)
+      .data : 0xc0970000 - 0xc09c5400   ( 341 kB)
+       .bss : 0xc09c8000 - 0xc0a22d20   ( 364 kB)
 Preemptible hierarchical RCU implementation.
 	Build-time adjustment of leaf fanout to 32.
 	RCU restricting CPUs from NR_CPUS=4 to nr_cpu_ids=2.
@@ -306,26 +306,26 @@
 sit: IPv6 over IPv4 tunneling driver
 NET: Registered protocol family 17
 NET: Registered protocol family 15
+mmc0: host does not support reading read-only switch, assuming write-enable
+usb 1-1: new high-speed USB device number 2 using tegra-ehci
 can: controller area network core (rev 20120528 abi 9)
+mmc0: new high speed SDHC card at address b368
 NET: Registered protocol family 29
 can: raw protocol (rev 20120528)
 can: broadcast manager protocol (rev 20120528 t)
-usb 1-1: new high-speed USB device number 2 using tegra-ehci
+mmcblk0: mmc0:b368 NCard 3.70 GiB 
 can: netlink gateway (rev 20130117) max_hops=1
+ mmcblk0: p1
 Bluetooth: RFCOMM socket layer initialized
 Bluetooth: RFCOMM ver 1.11
 Bluetooth: BNEP (Ethernet Emulation) ver 1.3
 Bluetooth: BNEP socket layer initialized
 Bluetooth: HIDP (Human Interface Emulation) ver 1.2
 Bluetooth: HIDP socket layer initialized
-mmc0: host does not support reading read-only switch, assuming write-enable
 Registering SWP/SWPB emulation handler
-mmc0: new high speed SDHC card at address b368
 tegra-phy c5004000.usb-phy: no vbus regulator
 utmi_phy_clk_enable: timeout waiting for phy to stabilize
-mmcblk0: mmc0:b368 NCard 3.70 GiB 
 tegra-ehci c5000000.usb: EHCI Host Controller
- mmcblk0: p1
 tegra-ehci c5000000.usb: new USB bus registered, assigned bus number 2
 tegra-ehci c5000000.usb: irq 64, io mem 0xc5000000
 tegra-ehci c5000000.usb: USB 2.0 started, EHCI 1.00
@@ -343,7 +343,7 @@
 mmc1: Invalid maximum block size, assuming 512 bytes
 mmc1: SDHCI controller on c8000600.sdhci [c8000600.sdhci] using ADMA
 input: gpio-keys as /devices/soc0/gpio-keys/input/input0
-rtc-em3027 2-0056: setting system clock to 2014-12-26 22:40:13 UTC (1419633613)
+rtc-em3027 2-0056: setting system clock to 2014-12-26 22:41:24 UTC (1419633684)
 ALSA device list:
   #0: tegra-trimslice
 EXT2-fs (mmcblk0p1): error: couldn't mount because of unsupported optional features (4)
@@ -352,11 +352,11 @@
 mmcblk1: mmc1:b368 NCard 1.83 GiB (ro)
  mmcblk1: p1 p2
 EXT4-fs (mmcblk0p1): recovery complete
-usb 1-1.2: new high-speed USB device number 3 using tegra-ehci
 EXT4-fs (mmcblk0p1): mounted filesystem with ordered data mode. Opts: (null)
+usb 1-1.2: new high-speed USB device number 3 using tegra-ehci
 VFS: Mounted root (ext3 filesystem) on device 179:1.
 devtmpfs: mounted
-Freeing unused kernel memory: 324K (c091d000 - c096e000)
+Freeing unused kernel memory: 324K (c091f000 - c0970000)
 bash: cannot set terminal process group (-1): Inappropriate ioctl for device
 bash: no job control in this shell
 root@(none):/# 
\ No newline at end of file
Diff for ./tegra30-beaver/tegra30-beaver/multi_v7_defconfig_log.txt
--- /tmp/fooa	2015-09-13 20:24:12.512304298 -0700
+++ /tmp/foob	2015-09-13 20:24:12.516304294 -0700
@@ -38,20 +38,20 @@
 	 #################################################################
 	 #################################################################
 	 ################################################
-	 3.5 MiB/s
+	 3.4 MiB/s
 done
-Bytes transferred = 6425872 (620d10 hex)
+Bytes transferred = 6426312 (620ec8 hex)
 Tegra30 (Beaver) # tftpboot 0x82000000 tegra30-beaver.dtb
 Using asx0 device
 TFTP from server 192.168.100.1; our IP address is 192.168.100.101
 Filename 'tegra30-beaver.dtb'.
 Load address: 0x82000000
 Loading: *####
-	 2.9 MiB/s
+	 3.5 MiB/s
 done
 Bytes transferred = 51539 (c953 hex)
 Tegra30 (Beaver) # bootz 0x81000000 - 0x82000000
-Kernel image @ 0x81000000 [ 0x000000 - 0x620d10 ]
+Kernel image @ 0x81000000 [ 0x000000 - 0x620ec8 ]
 ## Flattened Device Tree blob at 82000000
    Booting using the fdt blob at 0x82000000
    Loading Device Tree to 8fff0000, end 8ffff952 ... OK
@@ -59,7 +59,7 @@
 Starting kernel ...
 
 Booting Linux on physical CPU 0x0
-Linux version 4.2.0-next-20150912-40912-g851a02c (pwalmsley@sellafield) (gcc version 4.7.3 20130328 (prerelease) (crosstool-NG linaro-1.13.1-4.7-2013.04-20130415 - Linaro GCC 2013.04) ) #1 SMP Fri Sep 11 22:47:41 PDT 2015
+Linux version 4.3.0-rc1-next-20150914-41348-g91ad81b (pwalmsley@sellafield) (gcc version 4.7.3 20130328 (prerelease) (crosstool-NG linaro-1.13.1-4.7-2013.04-20130415 - Linaro GCC 2013.04) ) #1 SMP Sun Sep 13 20:18:12 PDT 2015
 CPU: ARMv7 Processor [412fc099] revision 9 (ARMv7), cr=10c5387d
 CPU: PIPT / VIPT nonaliasing data cache, VIPT aliasing instruction cache
 Machine model: NVIDIA Tegra30 Beaver evaluation board
@@ -67,7 +67,7 @@
 cma: Reserved 64 MiB at 0xfb800000
 Memory policy: Data cache writealloc
 On node 0 totalpages: 524032
-free_area_init_node: node 0, pgdat c0f77440, node_mem_map ee7f8000
+free_area_init_node: node 0, pgdat c0f793c0, node_mem_map ee7f8000
   DMA zone: 1520 pages used for memmap
   DMA zone: 0 pages reserved
   DMA zone: 194560 pages, LIFO batch:31
@@ -80,7 +80,7 @@
 PID hash table entries: 4096 (order: 2, 16384 bytes)
 Dentry cache hash table entries: 131072 (order: 7, 524288 bytes)
 Inode-cache hash table entries: 65536 (order: 6, 262144 bytes)
-Memory: 1998812K/2096128K available (8099K kernel code, 1013K rwdata, 3624K rodata, 1024K init, 340K bss, 31780K reserved, 65536K cma-reserved, 1252352K highmem)
+Memory: 1998804K/2096128K available (8103K kernel code, 1012K rwdata, 3624K rodata, 1028K init, 340K bss, 31788K reserved, 65536K cma-reserved, 1252352K highmem)
 Virtual kernel memory layout:
     vector  : 0xffff0000 - 0xffff1000   (   4 kB)
     fixmap  : 0xffc00000 - 0xfff00000   (3072 kB)
@@ -88,10 +88,10 @@
     lowmem  : 0xc0000000 - 0xef800000   ( 760 MB)
     pkmap   : 0xbfe00000 - 0xc0000000   (   2 MB)
     modules : 0xbf000000 - 0xbfe00000   (  14 MB)
-      .text : 0xc0208000 - 0xc0d7bd9c   (11728 kB)
-      .init : 0xc0d7c000 - 0xc0e7c000   (1024 kB)
-      .data : 0xc0e7c000 - 0xc0f79420   (1014 kB)
-       .bss : 0xc0f7c000 - 0xc0fd12e8   ( 341 kB)
+      .text : 0xc0208000 - 0xc0d7cdf0   (11732 kB)
+      .init : 0xc0d7d000 - 0xc0e7e000   (1028 kB)
+      .data : 0xc0e7e000 - 0xc0f7b3a0   (1013 kB)
+       .bss : 0xc0f7e000 - 0xc0fd32e8   ( 341 kB)
 SLUB: HWalign=64, Order=0-3, MinObjects=0, CPUs=4, Nodes=1
 Hierarchical RCU implementation.
 	Build-time adjustment of leaf fanout to 32.
@@ -267,18 +267,18 @@
 Key type dns_resolver registered
 ThumbEE CPU extension supported.
 Registering SWP/SWPB emulation handler
-tegra-pcie 3000.pcie-controller: 2x3 configuration
-sys_3v3,vdd_3v3_alw: supplied by vdd_5v_in
-sys_3v3_pexs: supplied by sys_3v3,vdd_3v3_alw
-tegra-pcie 3000.pcie-controller: probing port 0, using 2 lanes
 mmc0: new high speed MMC card at address 0001
 mmcblk0: mmc0:0001 SEM16G 14.8 GiB 
 mmcblk0boot0: mmc0:0001 SEM16G partition 1 1.00 MiB
 mmcblk0boot1: mmc0:0001 SEM16G partition 2 1.00 MiB
 mmcblk0rpmb: mmc0:0001 SEM16G partition 3 128 KiB
-tegra-pcie 3000.pcie-controller: probing port 2, using 2 lanes
+tegra-pcie 3000.pcie-controller: 2x3 configuration
+sys_3v3,vdd_3v3_alw: supplied by vdd_5v_in
+sys_3v3_pexs: supplied by sys_3v3,vdd_3v3_alw
 Primary GPT is invalid, using alternate GPT.
  mmcblk0: p1 p2 p3 p4 p5
+tegra-pcie 3000.pcie-controller: probing port 0, using 2 lanes
+tegra-pcie 3000.pcie-controller: probing port 2, using 2 lanes
 tegra-pcie 3000.pcie-controller: link 2 down, retrying
 tegra-pcie 3000.pcie-controller: link 2 down, retrying
 tegra-pcie 3000.pcie-controller: link 2 down, retrying
@@ -355,7 +355,7 @@
 EXT4-fs (mmcblk0p1): mounted filesystem with ordered data mode. Opts: (null)
 VFS: Mounted root (ext3 filesystem) on device 179:1.
 devtmpfs: mounted
-Freeing unused kernel memory: 1024K (c0d7c000 - c0e7c000)
+Freeing unused kernel memory: 1028K (c0d7d000 - c0e7e000)
 usb 2-1: new high-speed USB device number 2 using tegra-ehci
 bash: cannot set terminal process group (-1): Inappropriate ioctl for device
 bash: no job control in this shell
Diff for ./tegra30-beaver/tegra30-beaver/tegra_defconfig_log.txt
--- /tmp/fooa	2015-09-13 20:24:12.520304292 -0700
+++ /tmp/foob	2015-09-13 20:24:12.524304288 -0700
@@ -39,18 +39,18 @@
 	 ####################
 	 3.3 MiB/s
 done
-Bytes transferred = 5053664 (4d1ce0 hex)
+Bytes transferred = 5054632 (4d20a8 hex)
 Tegra30 (Beaver) # tftpboot 0x82000000 tegra30-beaver.dtb
 Using asx0 device
 TFTP from server 192.168.100.1; our IP address is 192.168.100.101
 Filename 'tegra30-beaver.dtb'.
 Load address: 0x82000000
 Loading: *####
-	 2.9 MiB/s
+	 3.3 MiB/s
 done
 Bytes transferred = 51539 (c953 hex)
 Tegra30 (Beaver) # bootz 0x81000000 - 0x82000000
-Kernel image @ 0x81000000 [ 0x000000 - 0x4d1ce0 ]
+Kernel image @ 0x81000000 [ 0x000000 - 0x4d20a8 ]
 ## Flattened Device Tree blob at 82000000
    Booting using the fdt blob at 0x82000000
    Loading Device Tree to 8fff0000, end 8ffff952 ... OK
@@ -61,7 +61,7 @@
 Booting Linux on physical CPU 0x0
 Initializing cgroup subsys cpu
 Initializing cgroup subsys cpuacct
-Linux version 4.2.0-next-20150912-40912-g851a02c (pwalmsley@kaivo) (gcc version 4.7.3 20130328 (prerelease) (crosstool-NG linaro-1.13.1-4.7-2013.04-20130415 - Linaro GCC 2013.04) ) #1 SMP PREEMPT Fri Sep 11 22:47:57 PDT 2015
+Linux version 4.3.0-rc1-next-20150914-41348-g91ad81b (pwalmsley@kaivo) (gcc version 4.7.3 20130328 (prerelease) (crosstool-NG linaro-1.13.1-4.7-2013.04-20130415 - Linaro GCC 2013.04) ) #1 SMP PREEMPT Sun Sep 13 20:18:30 PDT 2015
 CPU: ARMv7 Processor [412fc099] revision 9 (ARMv7), cr=10c5387d
 CPU: PIPT / VIPT nonaliasing data cache, VIPT aliasing instruction cache
 Machine model: NVIDIA Tegra30 Beaver evaluation board
@@ -69,7 +69,7 @@
 cma: Reserved 64 MiB at 0xfbc00000
 Memory policy: Data cache writealloc
 On node 0 totalpages: 524032
-free_area_init_node: node 0, pgdat c09c1880, node_mem_map ee7f7000
+free_area_init_node: node 0, pgdat c09c3880, node_mem_map ee7f7000
   Normal zone: 1520 pages used for memmap
   Normal zone: 0 pages reserved
   Normal zone: 194560 pages, LIFO batch:31
@@ -82,7 +82,7 @@
 PID hash table entries: 4096 (order: 2, 16384 bytes)
 Dentry cache hash table entries: 131072 (order: 7, 524288 bytes)
 Inode-cache hash table entries: 65536 (order: 6, 262144 bytes)
-Memory: 2002584K/2096128K available (6912K kernel code, 341K rwdata, 2384K rodata, 324K init, 363K bss, 28008K reserved, 65536K cma-reserved, 1252352K highmem)
+Memory: 2002576K/2096128K available (6916K kernel code, 341K rwdata, 2388K rodata, 324K init, 363K bss, 28016K reserved, 65536K cma-reserved, 1252352K highmem)
 Virtual kernel memory layout:
     vector  : 0xffff0000 - 0xffff1000   (   4 kB)
     fixmap  : 0xffc00000 - 0xfff00000   (3072 kB)
@@ -90,10 +90,10 @@
     lowmem  : 0xc0000000 - 0xef800000   ( 760 MB)
     pkmap   : 0xbfe00000 - 0xc0000000   (   2 MB)
     modules : 0xbf000000 - 0xbfe00000   (  14 MB)
-      .text : 0xc0008000 - 0xc091c5fc   (9298 kB)
-      .init : 0xc091d000 - 0xc096e000   ( 324 kB)
-      .data : 0xc096e000 - 0xc09c3400   ( 341 kB)
-       .bss : 0xc09c6000 - 0xc0a20d20   ( 364 kB)
+      .text : 0xc0008000 - 0xc091e670   (9306 kB)
+      .init : 0xc091f000 - 0xc0970000   ( 324 kB)
+      .data : 0xc0970000 - 0xc09c5400   ( 341 kB)
+       .bss : 0xc09c8000 - 0xc0a22d20   ( 364 kB)
 Preemptible hierarchical RCU implementation.
 	Build-time adjustment of leaf fanout to 32.
 NR_IRQS:16 nr_irqs:16 16
@@ -255,6 +255,13 @@
 can: raw protocol (rev 20120528)
 can: broadcast manager protocol (rev 20120528 t)
 can: netlink gateway (rev 20130117) max_hops=1
+mmc0: new high speed MMC card at address 0001
+mmcblk0: mmc0:0001 SEM16G 14.8 GiB 
+mmcblk0boot0: mmc0:0001 SEM16G partition 1 1.00 MiB
+mmcblk0boot1: mmc0:0001 SEM16G partition 2 1.00 MiB
+mmcblk0rpmb: mmc0:0001 SEM16G partition 3 128 KiB
+Primary GPT is invalid, using alternate GPT.
+ mmcblk0: p1 p2 p3 p4 p5
 Bluetooth: RFCOMM socket layer initialized
 Bluetooth: RFCOMM ver 1.11
 Bluetooth: BNEP (Ethernet Emulation) ver 1.3
@@ -262,17 +269,10 @@
 Bluetooth: HIDP (Human Interface Emulation) ver 1.2
 Bluetooth: HIDP socket layer initialized
 Registering SWP/SWPB emulation handler
-mmc0: new high speed MMC card at address 0001
-mmcblk0: mmc0:0001 SEM16G 14.8 GiB 
 tegra-pcie 3000.pcie-controller: 2x3 configuration
 sys_3v3,vdd_3v3_alw: supplied by vdd_5v_in
 sys_3v3_pexs: supplied by sys_3v3,vdd_3v3_alw
-mmcblk0boot0: mmc0:0001 SEM16G partition 1 1.00 MiB
-mmcblk0boot1: mmc0:0001 SEM16G partition 2 1.00 MiB
-mmcblk0rpmb: mmc0:0001 SEM16G partition 3 128 KiB
-Primary GPT is invalid, using alternate GPT.
 tegra-pcie 3000.pcie-controller: probing port 0, using 2 lanes
- mmcblk0: p1 p2 p3 p4 p5
 tegra-pcie 3000.pcie-controller: probing port 2, using 2 lanes
 tegra-pcie 3000.pcie-controller: link 2 down, retrying
 tegra-pcie 3000.pcie-controller: link 2 down, retrying
@@ -357,7 +357,7 @@
 EXT4-fs (mmcblk0p1): mounted filesystem with ordered data mode. Opts: (null)
 VFS: Mounted root (ext3 filesystem) on device 179:1.
 devtmpfs: mounted
-Freeing unused kernel memory: 324K (c091d000 - c096e000)
+Freeing unused kernel memory: 324K (c091f000 - c0970000)
 bash: cannot set terminal process group (-1): Inappropriate ioctl for device
 bash: no job control in this shell
 root@(none):/# 
\ No newline at end of file
