
U-Boot SPL 2016.05-rc2 (Apr 21 2016 - 16:23:00)
Trying to boot from RAM


U-Boot 2016.05-rc2 (Apr 21 2016 - 16:23:00 -0700)

TEGRA124
Model: NVIDIA Jetson TK1
Board: NVIDIA Jetson TK1
DRAM:  2 GiB
MC:   Tegra SD/MMC: 0, Tegra SD/MMC: 1
In:    serial
Out:   serial
Err:   serial
Net:   No ethernet found.
Hit any key to stop autoboot:  2  0 
Tegra124 (Jetson TK1) # 
Tegra124 (Jetson TK1) # pci enum
Tegra124 (Jetson TK1) # setenv bootargs 'ignore_loglevel console=ttyS0,115200n8 rw root=PARTUUID=b1791faa-84e8-4e27-83a1-9fb0a77e8803 rootwait gpt debug noinitrd earlyprintk init=/bin/bash'
Tegra124 (Jetson TK1) # setenv ipaddr 192.168.100.102; setenv serverip 192.168.100.1; setenv tftpserverip 192.168.100.1
Tegra124 (Jetson TK1) # tftpboot 0x82000000 zImage.multi_v7_defconfig

Warning: eth_rtl8169 using MAC address from ROM
Using eth_rtl8169 device
TFTP from server 192.168.100.1; our IP address is 192.168.100.102
Filename 'zImage.multi_v7_defconfig'.
Load address: 0x82000000
Loading: *#################################################################
	 #################################################################
	 #################################################################
	 #################################################################
	 #################################################################
	 #################################################################
	 #################################################################
	 #################################################################
	 #################################
	 3.9 MiB/s
done
Bytes transferred = 8110592 (7bc200 hex)
Tegra124 (Jetson TK1) # tftpboot 0x83000000 tegra124-jetson-tk1.dtb
Using eth_rtl8169 device
TFTP from server 192.168.100.1; our IP address is 192.168.100.102
Filename 'tegra124-jetson-tk1.dtb'.
Load address: 0x83000000
Loading: *#####
	 3.5 MiB/s
done
Bytes transferred = 66544 (103f0 hex)
Tegra124 (Jetson TK1) # bootz 0x82000000 - 0x83000000
Kernel image @ 0x82000000 [ 0x000000 - 0x7bc200 ]
## Flattened Device Tree blob at 83000000
   Booting using the fdt blob at 0x83000000
   Using Device Tree in place at 83000000, end 830133ef

Starting kernel ...

[    0.000000] Booting Linux on physical CPU 0x0
[    0.000000] Linux version 4.15.0-rc2-next-20171205-336845-g7ceb97a071e8 (jonathanh@tamien) (gcc version 4.7.3 20130328 (prerelease) (crosstool-NG linaro-1.13.1-4.7-2013.04-20130415 - Linaro GCC 2013.04)) #1 SMP Wed Dec 6 08:33:16 PST 2017
[    0.000000] CPU: ARMv7 Processor [413fc0f3] revision 3 (ARMv7), cr=10c5387d
[    0.000000] CPU: div instructions available: patching division code
[    0.000000] CPU: PIPT / VIPT nonaliasing data cache, PIPT instruction cache
[    0.000000] OF: fdt: Machine model: NVIDIA Tegra124 Jetson TK1
[    0.000000] debug: ignoring loglevel setting.
[    0.000000] Memory policy: Data cache writealloc
[    0.000000] efi: Getting EFI parameters from FDT:
[    0.000000] efi: UEFI not found.
[    0.000000] cma: Reserved 64 MiB at 0xfb800000
[    0.000000] On node 0 totalpages: 524032
[    0.000000]   DMA zone: 1536 pages used for memmap
[    0.000000]   DMA zone: 0 pages reserved
[    0.000000]   DMA zone: 196608 pages, LIFO batch:31
[    0.000000]   HighMem zone: 327424 pages, LIFO batch:31
[    0.000000] random: fast init done
[    0.000000] percpu: Embedded 17 pages/cpu @(ptrval) s39232 r8192 d22208 u69632
[    0.000000] pcpu-alloc: s39232 r8192 d22208 u69632 alloc=17*4096
[    0.000000] pcpu-alloc: [0] 0 [0] 1 [0] 2 [0] 3 
[    0.000000] Built 1 zonelists, mobility grouping on.  Total pages: 522496
[    0.000000] Kernel command line: ignore_loglevel console=ttyS0,115200n8 rw root=PARTUUID=b1791faa-84e8-4e27-83a1-9fb0a77e8803 rootwait gpt debug noinitrd earlyprintk init=/bin/bash
[    0.000000] Dentry cache hash table entries: 131072 (order: 7, 524288 bytes)
[    0.000000] Inode-cache hash table entries: 65536 (order: 6, 262144 bytes)
[    0.000000] Memory: 1992440K/2096128K available (11264K kernel code, 1603K rwdata, 4308K rodata, 2048K init, 404K bss, 38152K reserved, 65536K cma-reserved, 1244160K highmem)
[    0.000000] Virtual kernel memory layout:
[    0.000000]     vector  : 0xffff0000 - 0xffff1000   (   4 kB)
[    0.000000]     fixmap  : 0xffc00000 - 0xfff00000   (3072 kB)
[    0.000000]     vmalloc : 0xf0800000 - 0xff800000   ( 240 MB)
[    0.000000]     lowmem  : 0xc0000000 - 0xf0000000   ( 768 MB)
[    0.000000]     pkmap   : 0xbfe00000 - 0xc0000000   (   2 MB)
[    0.000000]     modules : 0xbf000000 - 0xbfe00000   (  14 MB)
[    0.000000]       .text : 0x(ptrval) - 0x(ptrval)   (12256 kB)
[    0.000000]       .init : 0x(ptrval) - 0x(ptrval)   (2048 kB)
[    0.000000]       .data : 0x(ptrval) - 0x(ptrval)   (1604 kB)
[    0.000000]        .bss : 0x(ptrval) - 0x(ptrval)   ( 405 kB)
[    0.000000] SLUB: HWalign=64, Order=0-3, MinObjects=0, CPUs=4, Nodes=1
[    0.000000] Hierarchical RCU implementation.
[    0.000000] 	RCU event tracing is enabled.
[    0.000000] 	RCU restricting CPUs from NR_CPUS=16 to nr_cpu_ids=4.
[    0.000000] RCU: Adjusting geometry for rcu_fanout_leaf=16, nr_cpu_ids=4
[    0.000000] NR_IRQS: 16, nr_irqs: 16, preallocated irqs: 16
[    0.000000] /interrupt-controller@60004000: 160 interrupts forwarded to /interrupt-controller@50041000
[    0.000000] Tegra clk 127: register failed with -17
[    0.000009] sched_clock: 32 bits at 1000kHz, resolution 1000ns, wraps every 2147483647500ns
[    0.000029] clocksource: timer_us: mask: 0xffffffff max_cycles: 0xffffffff, max_idle_ns: 1911260446275 ns
[    0.000044] Switching to timer-based delay loop, resolution 1000ns
[    0.005670] arch_timer: cp15 timer(s) running at 12.00MHz (virt).
[    0.005690] clocksource: arch_sys_counter: mask: 0xffffffffffffff max_cycles: 0x2c47f4ee7, max_idle_ns: 440795202497 ns
[    0.005709] sched_clock: 56 bits at 12MHz, resolution 83ns, wraps every 4398046511096ns
[    0.005723] Switching to timer-based delay loop, resolution 83ns
[    0.006220] Console: colour dummy device 80x30
[    0.006255] Calibrating delay loop (skipped), value calculated using timer frequency.. 24.00 BogoMIPS (lpj=120000)
[    0.006273] pid_max: default: 32768 minimum: 301
[    0.006391] Mount-cache hash table entries: 2048 (order: 1, 8192 bytes)
[    0.006406] Mountpoint-cache hash table entries: 2048 (order: 1, 8192 bytes)
[    0.006903] CPU: Testing write buffer coherency: ok
[    0.007169] /cpus/cpu@0 missing clock-frequency property
[    0.007216] /cpus/cpu@1 missing clock-frequency property
[    0.007260] /cpus/cpu@2 missing clock-frequency property
[    0.007306] /cpus/cpu@3 missing clock-frequency property
[    0.007320] CPU0: thread -1, cpu 0, socket 0, mpidr 80000000
[    0.007618] Setting up static identity map for 0x80300000 - 0x803000a0
[    0.009643] Hierarchical SRCU implementation.
[    0.011606] Tegra Revision: A01 SKU: 129 CPU Process: 1 SoC Process: 1
[    0.012412] EFI services will not be available.
[    0.012575] smp: Bringing up secondary CPUs ...
[    0.013148] CPU1: thread -1, cpu 1, socket 0, mpidr 80000001
[    0.016187] CPU2: thread -1, cpu 2, socket 0, mpidr 80000002
[    0.026209] CPU3: thread -1, cpu 3, socket 0, mpidr 80000003
[    0.035671] smp: Brought up 1 node, 4 CPUs
[    0.035693] SMP: Total of 4 processors activated (96.00 BogoMIPS).
[    0.035701] CPU: All CPU(s) started in SVC mode.
[    0.037231] devtmpfs: initialized
[    0.050713] VFP support v0.3: implementor 41 architecture 4 part 30 variant f rev 0
[    0.051099] clocksource: jiffies: mask: 0xffffffff max_cycles: 0xffffffff, max_idle_ns: 19112604462750000 ns
[    0.051118] futex hash table entries: 1024 (order: 4, 65536 bytes)
[    0.052560] pinctrl core: initialized pinctrl subsystem
[    0.054095] DMI not present or invalid.
[    0.054348] NET: Registered protocol family 16
[    0.056553] DMA: preallocated 256 KiB pool for atomic coherent allocations
[    0.058943] cpuidle: using governor menu
[    0.084180] No ATAGs?
[    0.084307] hw-breakpoint: found 5 (+1 reserved) breakpoint and 4 watchpoint registers.
[    0.084323] hw-breakpoint: maximum watchpoint size is 8 bytes.
[    0.091938] Serial: AMBA PL011 UART driver
[    0.093342] iommu: Adding device reg-dummy to group 0
[    0.093382] iommu: Adding device 1003000.pcie to group 1
[    0.093457] iommu: Adding device 50000000.host1x to group 2
[    0.093527] iommu: Adding device 54200000.dc to group 3
[    0.093595] iommu: Adding device 54240000.dc to group 4
[    0.093627] iommu: Adding device 54280000.hdmi to group 5
[    0.093700] iommu: Adding device 57000000.gpu to group 6
[    0.093736] iommu: Adding device 60005000.timer to group 7
[    0.093767] iommu: Adding device 60007000.flow-controller to group 8
[    0.093797] iommu: Adding device 6000c800.actmon to group 9
[    0.093828] iommu: Adding device 6000d000.gpio to group 10
[    0.093859] iommu: Adding device 60020000.dma to group 11
[    0.093888] iommu: Adding device 70000800.apbmisc to group 12
[    0.093917] iommu: Adding device 70000868.pinmux to group 13
[    0.093947] iommu: Adding device 70006000.serial to group 14
[    0.093977] iommu: Adding device 70006040.serial to group 15
[    0.094012] iommu: Adding device 70006300.serial to group 16
[    0.094046] iommu: Adding device 7000c000.i2c to group 17
[    0.094076] iommu: Adding device 7000c400.i2c to group 18
[    0.094108] iommu: Adding device 7000c500.i2c to group 19
[    0.094138] iommu: Adding device 7000c700.i2c to group 20
[    0.094167] iommu: Adding device 7000d000.i2c to group 21
[    0.094199] iommu: Adding device 7000d400.spi to group 22
[    0.094229] iommu: Adding device 7000da00.spi to group 23
[    0.094263] iommu: Adding device 7000e000.rtc to group 24
[    0.094293] iommu: Adding device 7000e400.pmc to group 25
[    0.094322] iommu: Adding device 7000f800.fuse to group 26
[    0.094358] iommu: Adding device 70019000.memory-controller to group 27
[    0.094388] iommu: Adding device 7001b000.emc to group 28
[    0.094418] iommu: Adding device 70027000.sata to group 29
[    0.094448] iommu: Adding device 70030000.hda to group 30
[    0.094484] iommu: Adding device 70090000.usb to group 31
[    0.094514] iommu: Adding device 7009f000.padctl to group 32
[    0.094548] iommu: Adding device 700b0400.sdhci to group 33
[    0.094577] iommu: Adding device 700b0600.sdhci to group 34
[    0.094607] iommu: Adding device 70015000.cec to group 35
[    0.094638] iommu: Adding device 700e2000.thermal-sensor to group 36
[    0.094669] iommu: Adding device 70110000.clock to group 37
[    0.094704] iommu: Adding device 70300000.ahub to group 38
[    0.094734] iommu: Adding device 7d000000.usb to group 39
[    0.094764] iommu: Adding device 7d000000.usb-phy to group 40
[    0.094799] iommu: Adding device 7d004000.usb to group 41
[    0.094830] iommu: Adding device 7d004000.usb-phy to group 42
[    0.094859] iommu: Adding device 7d008000.usb to group 43
[    0.094889] iommu: Adding device 7d008000.usb-phy to group 44
[    0.094918] iommu: Adding device pmu to group 45
[    0.094948] iommu: Adding device timer to group 46
[    0.094978] iommu: Adding device clocks to group 47
[    0.095008] iommu: Adding device gpio-keys to group 48
[    0.095047] iommu: Adding device regulators to group 49
[    0.095078] iommu: Adding device regulators:regulator@0 to group 50
[    0.095108] iommu: Adding device regulators:regulator@1 to group 51
[    0.095138] iommu: Adding device regulators:regulator@2 to group 52
[    0.095168] iommu: Adding device regulators:regulator@3 to group 53
[    0.095199] iommu: Adding device regulators:regulator@4 to group 54
[    0.095230] iommu: Adding device regulators:regulator@7 to group 55
[    0.095261] iommu: Adding device regulators:regulator@8 to group 56
[    0.095291] iommu: Adding device regulators:regulator@10 to group 57
[    0.095325] iommu: Adding device regulators:regulator@11 to group 58
[    0.095359] iommu: Adding device regulators:regulator@12 to group 59
[    0.095390] iommu: Adding device regulators:regulator@13 to group 60
[    0.095421] iommu: Adding device regulators:regulator@14 to group 61
[    0.095453] iommu: Adding device sound to group 62
[    0.110459] AT91: Could not find identification node
[    0.111022] +5V_SYS: supplied by +VDD_MUX
[    0.111300] +3.3V_SYS: supplied by +VDD_MUX
[    0.111907] +USB0_VBUS_SW: Failed to request enable GPIO108: -517
[    0.111923] reg-fixed-voltage regulators:regulator@7: Failed to register regulator: -517
[    0.112020] +5V_USB_HS: Failed to request enable GPIO109: -517
[    0.112035] reg-fixed-voltage regulators:regulator@8: Failed to register regulator: -517
[    0.112217] +1.05V_RUN_AVDD_HDMI_PLL: Failed to request enable GPIO63: -517
[    0.112231] reg-fixed-voltage regulators:regulator@11: Failed to register regulator: -517
[    0.112328] +5V_HDMI_CON: Failed to request enable GPIO86: -517
[    0.112341] reg-fixed-voltage regulators:regulator@12: Failed to register regulator: -517
[    0.112438] +5V_SATA: Failed to request enable GPIO242: -517
[    0.112451] reg-fixed-voltage regulators:regulator@13: Failed to register regulator: -517
[    0.112546] +12V_SATA: Failed to request enable GPIO242: -517
[    0.112559] reg-fixed-voltage regulators:regulator@14: Failed to register regulator: -517
[    0.115590] vgaarb: loaded
[    0.116347] SCSI subsystem initialized
[    0.116526] libata version 3.00 loaded.
[    0.116717] usbcore: registered new interface driver usbfs
[    0.116770] usbcore: registered new interface driver hub
[    0.116831] usbcore: registered new device driver usb
[    0.120332] pps_core: LinuxPPS API ver. 1 registered
[    0.120343] pps_core: Software ver. 5.3.6 - Copyright 2005-2007 Rodolfo Giometti <giometti@linux.it>
[    0.120365] PTP clock support registered
[    0.120559] EDAC MC: Ver: 3.0.0
[    0.123412] clocksource: Switched to clocksource arch_sys_counter
[    0.171923] NET: Registered protocol family 2
[    0.172437] tcp_listen_portaddr_hash hash table entries: 512 (order: 0, 6144 bytes)
[    0.172469] TCP established hash table entries: 8192 (order: 3, 32768 bytes)
[    0.172567] TCP bind hash table entries: 8192 (order: 4, 65536 bytes)
[    0.172755] TCP: Hash tables configured (established 8192 bind 8192)
[    0.172838] UDP hash table entries: 512 (order: 2, 16384 bytes)
[    0.172882] UDP-Lite hash table entries: 512 (order: 2, 16384 bytes)
[    0.173033] NET: Registered protocol family 1
[    0.173368] RPC: Registered named UNIX socket transport module.
[    0.173379] RPC: Registered udp transport module.
[    0.173431] RPC: Registered tcp transport module.
[    0.173441] RPC: Registered tcp NFSv4.1 backchannel transport module.
[    0.173454] PCI: CLS 0 bytes, default 64
[    0.174935] hw perfevents: enabled with armv7_cortex_a15 PMU driver, 7 counters available
[    0.175683] iommu: Adding device alarmtimer to group 63
[    0.176478] Initialise system trusted keyrings
[    0.176605] workingset: timestamp_bits=30 max_order=19 bucket_order=0
[    0.182958] squashfs: version 4.0 (2009/01/31) Phillip Lougher
[    0.183582] NFS: Registering the id_resolver key type
[    0.183604] Key type id_resolver registered
[    0.183614] Key type id_legacy registered
[    0.183656] ntfs: driver 2.1.32 [Flags: R/O].
[    0.185266] Key type asymmetric registered
[    0.185278] Asymmetric key parser 'x509' registered
[    0.185335] bounce: pool size: 64 pages
[    0.185381] Block layer SCSI generic (bsg) driver version 0.4 loaded (major 246)
[    0.185393] io scheduler noop registered
[    0.185402] io scheduler deadline registered
[    0.185609] io scheduler cfq registered (default)
[    0.185620] io scheduler mq-deadline registered
[    0.185629] io scheduler kyber registered
[    0.189687]  usb2-0: usb2-0 supply vbus not found, using dummy regulator
[    0.189794]  usb2-1: usb2-1 supply vbus not found, using dummy regulator
[    0.190165] tegra-xusb-padctl 7009f000.padctl: failed to setup XUSB ports: -517
[    0.209587] tegra-pcie 1003000.pcie: 2x1, 1x1 configuration
[    0.209643] tegra-pcie 1003000.pcie: Failed to get supply 'avddio-pex': -517
[    0.216097] tegra124-dfll 70110000.clock: couldn't get vdd_cpu regulator
[    0.222547] tegra-apbdma 60020000.dma: Tegra20 APB DMA driver register 32 channels
[    0.225976] tegra-pmc 7000e400.pmc: emergency thermal reset enabled
[    0.274285] Serial: 8250/16550 driver, 4 ports, IRQ sharing disabled
[    0.274381] iommu: Adding device serial8250 to group 64
[    0.276901] console [ttyS0] disabled
[    0.276941] 70006300.serial: ttyS0 at MMIO 0x70006300 (irq = 335, base_baud = 25500000) is a Tegra
[    1.550412] console [ttyS0] enabled
[    1.554822] SuperH (H)SCI(F) driver initialized
[    1.560480] msm_serial: driver initialized
[    1.564789] STMicroelectronics ASC driver initialized
[    1.570520] 70006000.serial: ttyTHS1 at MMIO 0x70006000 (irq = 333, base_baud = 0) is a TEGRA_UART
[    1.579780] 70006040.serial: ttyTHS2 at MMIO 0x70006040 (irq = 334, base_baud = 0) is a TEGRA_UART
[    1.611067] tegra-hdmi 54280000.hdmi: failed to get HDMI regulator
[    1.628132] brd: module loaded
[    1.637437] loop: module loaded
[    1.641842] at24 0-0056: 256 byte 24c02 EEPROM, writable, 8 bytes/write
[    1.650179] as3722 4-0040: AS3722 with revision 0x1 found
[    1.657537] iommu: Adding device as3722-pinctrl to group 65
[    1.664627] iommu: Adding device as3722-regulator to group 66
[    1.673215] as3722-sd2: supplied by +5V_SYS
[    1.677896] as3722-sd3: supplied by +5V_SYS
[    1.682302] +1.35V_LP0(sd3): Bringing 0uV into 1350000-1350000uV
[    1.688640] as3722-sd4: supplied by +5V_SYS
[    1.693213] as3722-sd5: supplied by +5V_SYS
[    1.699200] as3722-ldo0: supplied by +1.35V_LP0(sd2)
[    1.705245] +1.8V_RUN_CAM: Bringing 0uV into 1800000-1800000uV
[    1.711414] as3722-ldo2: supplied by +1.8V_VDDIO
[    1.717302] as3722-ldo3: supplied by +3.3V_SYS
[    1.721777] +1.05V_LP0_VDD_RTC: Bringing 1100000uV into 1000000-1000000uV
[    1.729546] as3722-ldo4: supplied by +3.3V_SYS
[    1.734223] +2.8V_RUN_CAM: Bringing 0uV into 2800000-2800000uV
[    1.740399] as3722-ldo5: supplied by +1.8V_VDDIO
[    1.745262] +1.2V_RUN_CAM_FRONT: Bringing 0uV into 1200000-1200000uV
[    1.752157] +VDDIO_SDMMC3: bypassed regulator has no supply!
[    1.757830] +VDDIO_SDMMC3: failed to get the current voltage(-517)
[    1.764023] as3722-regulator as3722-regulator: regulator 13 register failed -517
[    1.773996] iommu: Adding device as3722-rtc to group 67
[    1.779546] iommu: Adding device as3722-adc to group 68
[    1.785106] iommu: Adding device as3722-power-off to group 69
[    1.791139] iommu: Adding device as3722-wdt to group 70
[    1.798230] tegra-ahci 70027000.sata: couldn't get PHY in node sata: -517
[    1.820763] m25p80 spi1.0: w25q32dw (4096 Kbytes)
[    1.827863] iommu: Adding device Fixed MDIO bus.0 to group 71
[    1.833990] libphy: Fixed MDIO Bus: probed
[    1.838998] CAN device driver interface
[    1.843800] bgmac_bcma: Broadcom 47xx GBit MAC driver loaded
[    1.850877] e1000e: Intel(R) PRO/1000 Network Driver - 3.2.6-k
[    1.856736] e1000e: Copyright(c) 1999 - 2015 Intel Corporation.
[    1.862691] igb: Intel(R) Gigabit Ethernet Network Driver - version 5.4.0-k
[    1.869656] igb: Copyright (c) 2007-2014 Intel Corporation.
[    1.879320] pegasus: v0.9.3 (2013/04/25), Pegasus/Pegasus II USB Ethernet driver
[    1.886763] usbcore: registered new interface driver pegasus
[    1.892450] usbcore: registered new interface driver asix
[    1.897888] usbcore: registered new interface driver ax88179_178a
[    1.904016] usbcore: registered new interface driver cdc_ether
[    1.909883] usbcore: registered new interface driver smsc75xx
[    1.915680] usbcore: registered new interface driver smsc95xx
[    1.921443] usbcore: registered new interface driver net1080
[    1.927136] usbcore: registered new interface driver cdc_subset
[    1.933072] usbcore: registered new interface driver zaurus
[    1.938705] usbcore: registered new interface driver cdc_ncm
[    1.944609] tegra-phy 7d000000.usb-phy: no vbus regulator
[    1.950200] tegra-phy 7d004000.usb-phy: no vbus regulator
[    1.957697] ehci_hcd: USB 2.0 'Enhanced' Host Controller (EHCI) Driver
[    1.964232] ehci-pci: EHCI PCI platform driver
[    1.968701] ehci-platform: EHCI generic platform driver
[    1.974154] ehci-orion: EHCI orion driver
[    1.978319] SPEAr-ehci: EHCI SPEAr driver
[    1.982465] ehci-st: EHCI STMicroelectronics driver
[    1.987495] ehci-exynos: EHCI EXYNOS driver
[    1.991834] ehci-atmel: EHCI Atmel driver
[    1.996004] tegra-ehci: Tegra EHCI driver
[    2.002857] tegra-ehci 7d004000.usb: EHCI Host Controller
[    2.008288] tegra-ehci 7d004000.usb: new USB bus registered, assigned bus number 1
[    2.016037] tegra-ehci 7d004000.usb: irq 356, io mem 0x7d004000
[    2.043439] tegra-ehci 7d004000.usb: USB 2.0 started, EHCI 1.10
[    2.050024] hub 1-0:1.0: USB hub found
[    2.053826] hub 1-0:1.0: 1 port detected
[    2.058314] ohci_hcd: USB 1.1 'Open' Host Controller (OHCI) Driver
[    2.064515] ohci-pci: OHCI PCI platform driver
[    2.068990] ohci-platform: OHCI generic platform driver
[    2.074428] SPEAr-ohci: OHCI SPEAr driver
[    2.078578] ohci-st: OHCI STMicroelectronics driver
[    2.083608] ohci-atmel: OHCI Atmel driver
[    2.088408] usbcore: registered new interface driver usb-storage
[    2.096228] iommu: Adding device ci_hdrc.0 to group 72
[    2.108482] as3722-rtc as3722-rtc: rtc core: registered as3722-rtc as rtc0
[    2.115374] as3722-rtc as3722-rtc: RTC interrupt 379
[    2.123833] tegra_rtc 7000e000.rtc: rtc core: registered 7000e000.rtc as rtc1
[    2.131001] tegra_rtc 7000e000.rtc: Tegra internal Real Time Clock
[    2.137766] i2c /dev entries driver
[    2.148435] lm90 0-004c: 0-004c supply vcc not found, using dummy regulator
[    2.163732] iommu: Adding device cpufreq-tegra124 to group 73
[    2.171954] sdhci: Secure Digital Host Controller Interface driver
[    2.178150] sdhci: Copyright(c) Pierre Ossman
[    2.184326] Synopsys Designware Multimedia Card Interface Driver
[    2.191887] sdhci-pltfm: SDHCI platform and OF driver helper
[    2.198379] sdhci-tegra 700b0400.sdhci: Got CD GPIO
[    2.203267] sdhci-tegra 700b0400.sdhci: Got WP GPIO
[    2.224541] mmc0: Unknown controller version (3). You may experience problems.
[    2.231797] mmc0: Invalid maximum block size, assuming 512 bytes
[    2.268784] mmc0: SDHCI controller on 700b0600.sdhci [700b0600.sdhci] using ADMA
[    2.278405] ledtrig-cpu: registered to indicate activity on CPUs
[    2.284717] usbcore: registered new interface driver usbhid
[    2.290280] usbhid: USB HID core driver
[    2.298384] NET: Registered protocol family 10
[    2.303725] Segment Routing with IPv6
[    2.307444] sit: IPv6, IPv4 and MPLS over IPv4 tunneling driver
[    2.313893] NET: Registered protocol family 17
[    2.318339] can: controller area network core (rev 20170425 abi 9)
[    2.324583] NET: Registered protocol family 29
[    2.329023] can: raw protocol (rev 20170425)
[    2.333287] can: broadcast manager protocol (rev 20170425 t)
[    2.338964] can: netlink gateway (rev 20170425) max_hops=1
[    2.344747] Key type dns_resolver registered
[    2.349516] ThumbEE CPU extension supported.
[    2.353813] Registering SWP/SWPB emulation handler
[    2.359120] Loading compiled-in X.509 certificates
[    2.377737] +3.3V_RUN: supplied by +3.3V_SYS
[    2.383236] +USB0_VBUS_SW: supplied by +5V_SYS
[    2.388027] +3.3V_AVDD_HDMI_AP_GATED: supplied by +3.3V_RUN
[    2.394170] +5V_USB_HS: supplied by +5V_SYS
[    2.400425] +3.3V_LP0: supplied by +3.3V_SYS
[    2.403829] mmc0: new high speed MMC card at address 0001
[    2.404529] mmcblk0: mmc0:0001 SEM16G 14.7 GiB 
[    2.404958] mmcblk0boot0: mmc0:0001 SEM16G partition 1 4.00 MiB
[    2.405374] mmcblk0boot1: mmc0:0001 SEM16G partition 2 4.00 MiB
[    2.413678] mmcblk0rpmb: mmc0:0001 SEM16G partition 3 4.00 MiB, chardev (236:0)
[    2.415868]  mmcblk0: p1
[    2.438310] +5V_HDMI_CON: supplied by +5V_SYS
[    2.443169] +5V_SATA: supplied by +5V_SYS
[    2.447895] +12V_SATA: supplied by +VDD_MUX
[    2.453384]  usb2-0: usb2-0 supply vbus not found, using dummy regulator
[    2.460256]  usb2-1: usb2-1 supply vbus not found, using dummy regulator
[    2.467300]  usb3-0: usb3-0 supply vbus not found, using dummy regulator
[    2.475349] tegra-pcie 1003000.pcie: 2x1, 1x1 configuration
[    2.480982] tegra-pcie 1003000.pcie: Failed to get supply 'avddio-pex': -517
[    2.490817] tegra124-dfll 70110000.clock: couldn't get vdd_cpu regulator
[    2.501044] tegra-hdmi 54280000.hdmi: failed to get PLL regulator
[    2.512079] as3722-sd2: supplied by +5V_SYS
[    2.516672] as3722-sd3: supplied by +5V_SYS
[    2.521183] as3722-sd4: supplied by +5V_SYS
[    2.525709] as3722-sd5: supplied by +5V_SYS
[    2.531561] as3722-ldo0: supplied by +1.35V_LP0(sd2)
[    2.537436] as3722-ldo1: supplied by +3.3V_RUN
[    2.542202] as3722-ldo2: supplied by +1.8V_VDDIO
[    2.547841] as3722-ldo3: supplied by +3.3V_SYS
[    2.553128] as3722-ldo4: supplied by +3.3V_SYS
[    2.557932] as3722-ldo5: supplied by +1.8V_VDDIO
[    2.562795] as3722-ldo6: supplied by +3.3V_RUN
[    2.567488] as3722-ldo7: supplied by +1.8V_VDDIO
[    2.572876] +1.05V_RUN_CAM_REAR: Bringing 0uV into 1050000-1050000uV
[    2.579963] as3722-ldo9: supplied by +5V_SYS
[    2.585580] +3.3V_RUN_TOUCH: Bringing 0uV into 2800000-2800000uV
[    2.592123] as3722-ldo10: supplied by +5V_SYS
[    2.597091] +2.8V_RUN_CAM_AF: Bringing 0uV into 2800000-2800000uV
[    2.603896] as3722-ldo11: supplied by +3.3V_RUN
[    2.609200] +1.8V_RUN_VPP_FUSE: Bringing 0uV into 1800000-1800000uV
[    2.619260] tegra-ahci 70027000.sata: AHCI 0001.0301 32 slots 2 ports 3 Gbps 0x1 impl platform mode
[    2.628336] tegra-ahci 70027000.sata: flags: 64bit ncq sntf pm led pio slum part sadm sds apst 
[    2.639103] scsi host0: tegra-ahci
[    2.643710] scsi host1: tegra-ahci
[    2.647347] ata1: SATA max UDMA/133 mmio [mem 0x70027000-0x70028fff] port 0x100 irq 345
[    2.655388] ata2: DUMMY
[    2.661086] tegra-ehci 7d008000.usb: EHCI Host Controller
[    2.666520] tegra-ehci 7d008000.usb: new USB bus registered, assigned bus number 2
[    2.674272] tegra-ehci 7d008000.usb: irq 357, io mem 0x7d008000
[    2.703532] tegra-ehci 7d008000.usb: USB 2.0 started, EHCI 1.10
[    2.710258] hub 2-0:1.0: USB hub found
[    2.714112] hub 2-0:1.0: 1 port detected
[    2.720651] sdhci-tegra 700b0400.sdhci: Got CD GPIO
[    2.725606] sdhci-tegra 700b0400.sdhci: Got WP GPIO
[    2.737632] mmc1: Unknown controller version (3). You may experience problems.
[    2.744980] mmc1: Invalid maximum block size, assuming 512 bytes
[    2.782986] mmc1: SDHCI controller on 700b0400.sdhci [700b0400.sdhci] using ADMA
[    2.791252] tegra-pcie 1003000.pcie: 2x1, 1x1 configuration
[    2.798869] tegra-pcie 1003000.pcie: probing port 0, using 2 lanes
[    2.806579] tegra-pcie 1003000.pcie: Slot present pin change, signature: 00000008
[    2.832431] tegra-pcie 1003000.pcie: probing port 1, using 1 lanes
[    2.840777] tegra-pcie 1003000.pcie: Slot present pin change, signature: 00000000
[    2.855625] tegra-pcie 1003000.pcie: PCI host bridge to bus 0000:00
[    2.861892] pci_bus 0000:00: root bus resource [io  0x0000-0xffff]
[    2.868109] pci_bus 0000:00: root bus resource [mem 0x13000000-0x1fffffff]
[    2.875024] pci_bus 0000:00: root bus resource [mem 0x20000000-0x3fffffff pref]
[    2.882338] pci_bus 0000:00: root bus resource [bus 00-ff]
[    2.887907] pci 0000:00:01.0: [10de:0e12] type 01 class 0x060400
[    2.893979] pci_bus 0000:00: 2-byte config write to 0000:00:01.0 offset 0x4 may corrupt adjacent RW1C bits
[    2.903678] pci_bus 0000:00: 2-byte config write to 0000:00:01.0 offset 0x4 may corrupt adjacent RW1C bits
[    2.913361] pci 0000:00:01.0: enabling Extended Tags
[    2.918370] pci_bus 0000:00: 2-byte config write to 0000:00:01.0 offset 0x88 may corrupt adjacent RW1C bits
[    2.928177] pci_bus 0000:00: 2-byte config write to 0000:00:01.0 offset 0x52 may corrupt adjacent RW1C bits
[    2.937988] pci 0000:00:01.0: PME# supported from D0 D1 D2 D3hot D3cold
[    2.944647] pci_bus 0000:00: 2-byte config write to 0000:00:01.0 offset 0x4c may corrupt adjacent RW1C bits
[    2.954666] pci 0000:00:02.0: [10de:0e13] type 01 class 0x060400
[    2.960692] pci_bus 0000:00: 2-byte config write to 0000:00:02.0 offset 0x4 may corrupt adjacent RW1C bits
[    2.970385] pci_bus 0000:00: 2-byte config write to 0000:00:02.0 offset 0x4 may corrupt adjacent RW1C bits
[    2.980101] pci 0000:00:02.0: enabling Extended Tags
[    2.985113] pci_bus 0000:00: 2-byte config write to 0000:00:02.0 offset 0x88 may corrupt adjacent RW1C bits
[    2.986997] ata1: SATA link down (SStatus 0 SControl 300)
[    3.000305] pci_bus 0000:00: 2-byte config write to 0000:00:02.0 offset 0x52 may corrupt adjacent RW1C bits
[    3.010090] pci 0000:00:02.0: PME# supported from D0 D1 D2 D3hot D3cold
[    3.016716] pci_bus 0000:00: 2-byte config write to 0000:00:02.0 offset 0x4c may corrupt adjacent RW1C bits
[    3.026711] PCI: bus0: Fast back to back transfers disabled
[    3.032282] pci 0000:00:01.0: bridge configuration invalid ([bus 00-00]), reconfiguring
[    3.040313] pci 0000:00:02.0: bridge configuration invalid ([bus 00-00]), reconfiguring
[    3.048547] pci 0000:01:00.0: [8086:4232] type 00 class 0x028000
[    3.054619] pci 0000:01:00.0: reg 0x10: [mem 0x00000000-0x00001fff 64bit]
[    3.061646] PCI: bus1: Fast back to back transfers disabled
[    3.067236] pci_bus 0000:01: busn_res: [bus 01-ff] end is updated to 01
[    3.074014] pci 0000:02:00.0: [10ec:8168] type 00 class 0x020000
[    3.080042] pci 0000:02:00.0: reg 0x10: [io  0x0000-0x00ff]
[    3.085668] pci 0000:02:00.0: reg 0x18: [mem 0x00000000-0x00000fff 64bit]
[    3.092466] pci 0000:02:00.0: reg 0x20: [mem 0x00000000-0x00003fff 64bit pref]
[    3.099862] PCI: bus2: Fast back to back transfers disabled
[    3.105450] pci_bus 0000:02: busn_res: [bus 02-ff] end is updated to 02
[    3.112092] pci 0000:00:01.0: BAR 8: assigned [mem 0x13000000-0x130fffff]
[    3.118892] pci 0000:00:02.0: BAR 8: assigned [mem 0x13100000-0x131fffff]
[    3.125689] pci 0000:00:02.0: BAR 9: assigned [mem 0x20000000-0x200fffff 64bit pref]
[    3.133438] pci 0000:00:02.0: BAR 7: assigned [io  0x1000-0x1fff]
[    3.139530] pci 0000:01:00.0: BAR 0: assigned [mem 0x13000000-0x13001fff 64bit]
[    3.146866] pci 0000:00:01.0: PCI bridge to [bus 01]
[    3.151831] pci 0000:00:01.0:   bridge window [mem 0x13000000-0x130fffff]
[    3.158640] pci 0000:02:00.0: BAR 4: assigned [mem 0x20000000-0x20003fff 64bit pref]
[    3.166412] pci 0000:02:00.0: BAR 2: assigned [mem 0x13100000-0x13100fff 64bit]
[    3.173778] pci 0000:02:00.0: BAR 0: assigned [io  0x1000-0x10ff]
[    3.179874] pci 0000:00:02.0: PCI bridge to [bus 02]
[    3.184851] pci 0000:00:02.0:   bridge window [io  0x1000-0x1fff]
[    3.190942] pci 0000:00:02.0:   bridge window [mem 0x13100000-0x131fffff]
[    3.197738] pci 0000:00:02.0:   bridge window [mem 0x20000000-0x200fffff 64bit pref]
[    3.205518] pci 0000:00:01.0: nv_msi_ht_cap_quirk didn't locate host bridge
[    3.212611] pcieport 0000:00:01.0: enabling device (0140 -> 0142)
[    3.218961] pcieport 0000:00:01.0: Signaling PME with IRQ 395
[    3.224881] pci 0000:00:02.0: nv_msi_ht_cap_quirk didn't locate host bridge
[    3.231931] pcieport 0000:00:02.0: enabling device (0140 -> 0143)
[    3.238249] pcieport 0000:00:02.0: Signaling PME with IRQ 396
[    3.244327] r8169 Gigabit Ethernet driver 2.3LK-NAPI loaded
[    3.249912] r8169 0000:02:00.0: enabling device (0140 -> 0143)
[    3.255797] r8169 0000:02:00.0 (unnamed net_device) (uninitialized): not PCI Express
[    3.278939] mmc1: new high speed SDHC card at address aaaa
[    3.285098] mmcblk1: mmc1:aaaa SD04G 3.69 GiB 
[    3.295193] r8169 0000:02:00.0 eth0: RTL8168g/8111g at 0x02785dab, 00:04:4b:3a:d9:81, XID 0c000800 IRQ 22
[    3.304817] r8169 0000:02:00.0 eth0: jumbo features [frames: 9200 bytes, tx checksumming: ko]
[    3.317426] +1.05V_RUN_AVDD_HDMI_PLL: supplied by +1.05V_RUN
[    3.326435] [drm] Supports vblank timestamp caching Rev 2 (21.10.2013).
[    3.333051] [drm] No driver support for vblank timestamp query.
[    3.342900]  mmcblk1: p1 p2 p3
[    3.465903] tegra-hdmi 54280000.hdmi: cannot set audio to 48000 Hz at 297000000 Hz pixel clock
[    3.712996] Console: switching to colour frame buffer device 512x135
[    3.811575] drm drm: fb0:  frame buffer device
[    3.816130] [drm] Initialized tegra 0.0.0 20120330 for drm on minor 0
[    3.823867] iommu: Adding device cpufreq-dt.0 to group 74
[    3.829728] cpufreq: cpufreq_online: CPU0: Running at unlisted freq: 696000 KHz
[    3.837073] cpufreq: cpufreq_online: CPU0: Unlisted initial frequency changed to: 714000 KHz
[    3.846362] input: gpio-keys as /devices/soc0/gpio-keys/input/input0
[    3.853642] as3722-rtc as3722-rtc: setting system clock to 2000-01-01 00:05:19 UTC (946685119)
[    3.862580] +USB0_VBUS_SW: disabling
[    3.866209] +1.8V_RUN_CAM: disabling
[    3.869998] +2.8V_RUN_CAM: disabling
[    3.873875] +1.2V_RUN_CAM_FRONT: disabling
[    3.878125] +1.05V_RUN_CAM_REAR: disabling
[    3.882370] +3.3V_RUN_TOUCH: disabling
[    3.886342] +2.8V_RUN_CAM_AF: disabling
[    3.890323] +1.8V_RUN_VPP_FUSE: disabling
[    3.895484] EXT4-fs (mmcblk0p1): mounting ext3 file system using the ext4 subsystem
[    3.920027] EXT4-fs (mmcblk0p1): recovery complete
[    3.924989] EXT4-fs (mmcblk0p1): mounted filesystem with ordered data mode. Opts: (null)
[    3.933163] VFS: Mounted root (ext3 filesystem) on device 179:1.
[    3.943765] devtmpfs: mounted
[    3.947371] Freeing unused kernel memory: 2048K
bash: cannot set terminal process group (-1): Inappropriate ioctl for device
bash: no job control in this shell
root@(none):/# mount -t sysfs none /sys
root@(none):/# 
root@(none):/# mount -t debugfs none /sys/kernel/debug
root@(none):/# 
root@(none):/# rtcwake -d rtc1 -m mem -s 3
rtcwake: assuming RTC uses UTC ...
rtcwake: wakeup from "mem" using /dev/rtc1 at Thu Jan  1 00:00:21 1970
[    7.469347] PM: suspend entry (deep)
[    7.472931] PM: Syncing filesystems ... done.
[    7.525501] Freezing user space processes ... (elapsed 0.001 seconds) done.
[    7.533681] OOM killer disabled.
[    7.536906] Freezing remaining freezable tasks ... (elapsed 0.001 seconds) done.
[    7.545653] Suspending console(s) (use no_console_suspend to debug)
[    7.678283] Disabling non-boot CPUs ...
[    7.783539] IRQ17 no longer affine to CPU2
[    7.844097] Entering suspend state LP1
[    7.844109] Enabling non-boot CPUs ...
[    7.844432] CPU1 is up
[    7.844702] CPU2 is up
[    7.845005] CPU3 is up
[    7.845706] pcieport 0000:00:01.0: nv_msi_ht_cap_quirk didn't locate host bridge
[    7.845778] pcieport 0000:00:02.0: nv_msi_ht_cap_quirk didn't locate host bridge
[    7.883851] tegra-hdmi 54280000.hdmi: cannot set audio to 48000 Hz at 297000000 Hz pixel clock
[    8.043248] OOM killer enabled.
[    8.046385] Restarting tasks ... done.
[    8.080526] PM: suspend exit
root@(none):/# 
root@(none):/# [    8.183955] ata1: SATA link down (SStatus 0 SControl 300)
rtcwake -d rtc1 -m mem -s 3
rtcwake: assuming RTC uses UTC ...
rtcwake: wakeup from "mem" using /dev/rtc1 at Thu Jan  1 00:00:25 1970
[    8.495677] PM: suspend entry (deep)
[    8.499258] PM: Syncing filesystems ... done.
[    8.559318] Freezing user space processes ... (elapsed 0.001 seconds) done.
[    8.567527] OOM killer disabled.
[    8.570750] Freezing remaining freezable tasks ... (elapsed 0.001 seconds) done.
[    8.579530] Suspending console(s) (use no_console_suspend to debug)
[    8.596568] pci_generic_config_write32: 78 callbacks suppressed
[    8.596574] pci_bus 0000:00: 2-byte config write to 0000:00:02.0 offset 0x9c may corrupt adjacent RW1C bits
[    8.596582] pci_bus 0000:00: 2-byte config write to 0000:00:01.0 offset 0x9c may corrupt adjacent RW1C bits
[    8.708202] Disabling non-boot CPUs ...
[    8.813516] IRQ17 no longer affine to CPU2
[    8.873973] Entering suspend state LP1
[    8.873984] Enabling non-boot CPUs ...
[    8.874319] CPU1 is up
[    8.874590] CPU2 is up
[    8.874896] CPU3 is up
[    8.875499] pci_bus 0000:00: 2-byte config write to 0000:00:02.0 offset 0x4c may corrupt adjacent RW1C bits
[    8.875505] pci_bus 0000:00: 2-byte config write to 0000:00:01.0 offset 0x4c may corrupt adjacent RW1C bits
[    8.875515] pci_bus 0000:00: 2-byte config write to 0000:00:02.0 offset 0x88 may corrupt adjacent RW1C bits
[    8.875520] pci_bus 0000:00: 2-byte config write to 0000:00:01.0 offset 0x88 may corrupt adjacent RW1C bits
[    8.875524] pci_bus 0000:00: 2-byte config write to 0000:00:02.0 offset 0x90 may corrupt adjacent RW1C bits
[    8.875528] pci_bus 0000:00: 2-byte config write to 0000:00:01.0 offset 0x90 may corrupt adjacent RW1C bits
[    8.875533] pci_bus 0000:00: 2-byte config write to 0000:00:02.0 offset 0x98 may corrupt adjacent RW1C bits
[    8.875537] pci_bus 0000:00: 2-byte config write to 0000:00:01.0 offset 0x98 may corrupt adjacent RW1C bits
[    8.875630] pcieport 0000:00:02.0: nv_msi_ht_cap_quirk didn't locate host bridge
[    8.875631] pcieport 0000:00:01.0: nv_msi_ht_cap_quirk didn't locate host bridge
[    8.923776] tegra-hdmi 54280000.hdmi: cannot set audio to 48000 Hz at 297000000 Hz pixel clock
[    9.186462] OOM killer enabled.
[    9.189593] Restarting tasks ... done.
[    9.216951] ata1: SATA link down (SStatus 0 SControl 300)
[    9.394235] PM: suspend exit
root@(none):/# 
root@(none):/# rtcwake -d rtc1 -m mem -s 3
rtcwake: assuming RTC uses UTC ...
rtcwake: wakeup from "mem" using /dev/rtc1 at Thu Jan  1 00:00:29 1970
[    9.537897] PM: suspend entry (deep)
[    9.541474] PM: Syncing filesystems ... done.
[    9.583922] Freezing user space processes ... (elapsed 0.001 seconds) done.
[    9.592045] OOM killer disabled.
[    9.595301] Freezing remaining freezable tasks ... (elapsed 0.001 seconds) done.
[    9.603811] Suspending console(s) (use no_console_suspend to debug)
[    9.747442] Disabling non-boot CPUs ...
[    9.823508] IRQ17 no longer affine to CPU2
[    9.883872] Entering suspend state LP1
[    9.883884] Enabling non-boot CPUs ...
[    9.884235] CPU1 is up
[    9.884524] CPU2 is up
[    9.884854] CPU3 is up
[    9.885610] pcieport 0000:00:01.0: nv_msi_ht_cap_quirk didn't locate host bridge
[    9.885612] pcieport 0000:00:02.0: nv_msi_ht_cap_quirk didn't locate host bridge
[    9.933772] tegra-hdmi 54280000.hdmi: cannot set audio to 48000 Hz at 297000000 Hz pixel clock
[   10.094242] OOM killer enabled.
[   10.097375] Restarting tasks ... done.
[   10.130422] PM: suspend exit
root@(none):/# 
root@(none):/#    10.223629] ata1: SATA link down (SStatus 0 SControl 300)
rtcwake -d rtc1 -m mem -s 3
rtcwake: assuming RTC uses UTC ...
rtcwake: wakeup from "mem" using /dev/rtc1 at Thu Jan  1 00:00:33 1970
[   10.516333] PM: suspend entry (deep)
[   10.519910] PM: Syncing filesystems ... done.
[   10.597345] Freezing user space processes ... (elapsed 0.001 seconds) done.
[   10.605525] OOM killer disabled.
[   10.608750] Freezing remaining freezable tasks ... (elapsed 0.001 seconds) done.
[   10.617554] Suspending console(s) (use no_console_suspend to debug)
[   10.757758] Disabling non-boot CPUs ...
[   10.893455] IRQ17 no longer affine to CPU3
[   10.893931] Entering suspend state LP1
[   10.893944] Enabling non-boot CPUs ...
[   10.894354] CPU1 is up
[   10.894703] CPU2 is up
[   10.895100] CPU3 is up
[   10.895977] pcieport 0000:00:02.0: nv_msi_ht_cap_quirk didn't locate host bridge
[   10.896080] pcieport 0000:00:01.0: nv_msi_ht_cap_quirk didn't locate host bridge
[   10.943778] tegra-hdmi 54280000.hdmi: cannot set audio to 48000 Hz at 297000000 Hz pixel clock
[   11.111397] OOM killer enabled.
[   11.114541] Restarting tasks ... done.
[   11.189706] PM: suspend exit
root@(none):/# 
root@(none):/# [   11.248285] ata1: SATA link down (SStatus 0 SControl 300)
rtcwake -d rtc1 -m mem -s 3
rtcwake: assuming RTC uses UTC ...
rtcwake: wakeup from "mem" using /dev/rtc1 at Thu Jan  1 00:00:37 1970
[   11.548331] PM: suspend entry (deep)
[   11.551912] PM: Syncing filesystems ... done.
[   11.605415] Freezing user space processes ... (elapsed 0.001 seconds) done.
[   11.613586] OOM killer disabled.
[   11.616808] Freezing remaining freezable tasks ... (elapsed 0.001 seconds) done.
[   11.625610] Suspending console(s) (use no_console_suspend to debug)
[   11.767700] Disabling non-boot CPUs ...
[   11.803460] IRQ17 no longer affine to CPU1
[   11.903894] Entering suspend state LP1
[   11.903906] Enabling non-boot CPUs ...
[   11.904244] CPU1 is up
[   11.904520] CPU2 is up
[   11.904827] CPU3 is up
[   11.905544] pcieport 0000:00:02.0: nv_msi_ht_cap_quirk didn't locate host bridge
[   11.905546] pcieport 0000:00:01.0: nv_msi_ht_cap_quirk didn't locate host bridge
[   11.953714] tegra-hdmi 54280000.hdmi: cannot set audio to 48000 Hz at 297000000 Hz pixel clock
[   12.113168] OOM killer enabled.
[   12.116310] Restarting tasks ... done.
[   12.150377] PM: suspend exit
root@(none):/# 
root@(none):/# [   12.243586] ata1: SATA link down (SStatus 0 SControl 300)
rtcwake -d rtc1 -m mem -s 3
rtcwake: assuming RTC uses UTC ...
rtcwake: wakeup from "mem" using /dev/rtc1 at Thu Jan  1 00:00:41 1970
[   12.552055] PM: suspend entry (deep)
[   12.555661] PM: Syncing filesystems ... done.
[   12.615394] Freezing user space processes ... (elapsed 0.001 seconds) done.
[   12.623457] OOM killer disabled.
[   12.626678] Freezing remaining freezable tasks ... (elapsed 0.001 seconds) done.
[   12.635291] Suspending console(s) (use no_console_suspend to debug)
[   12.777852] Disabling non-boot CPUs ...
[   12.913792] Entering suspend state LP1
[   12.913804] Enabling non-boot CPUs ...
[   12.914151] CPU1 is up
[   12.914433] CPU2 is up
[   12.914749] CPU3 is up
[   12.915479] pcieport 0000:00:01.0: nv_msi_ht_cap_quirk didn't locate host bridge
[   12.915488] pcieport 0000:00:02.0: nv_msi_ht_cap_quirk didn't locate host bridge
[   12.963690] tegra-hdmi 54280000.hdmi: cannot set audio to 48000 Hz at 297000000 Hz pixel clock
[   13.119306] OOM killer enabled.
[   13.122435] Restarting tasks ... done.
[   13.168807] PM: suspend exit
root@(none):/# 
root@(none):/# [   13.258454] ata1: SATA link down (SStatus 0 SControl 300)
rtcwake -d rtc1 -m mem -s 3
rtcwake: assuming RTC uses UTC ...
rtcwake: wakeup from "mem" using /dev/rtc1 at Thu Jan  1 00:00:45 1970
[   13.562462] PM: suspend entry (deep)
[   13.566094] PM: Syncing filesystems ... done.
[   13.623794] Freezing user space processes ... (elapsed 0.001 seconds) done.
[   13.631929] OOM killer disabled.
[   13.635176] Freezing remaining freezable tasks ... (elapsed 0.001 seconds) done.
[   13.643972] Suspending console(s) (use no_console_suspend to debug)
[   13.675605] pci_generic_config_write32: 130 callbacks suppressed
[   13.675632] pci_bus 0000:00: 2-byte config write to 0000:00:02.0 offset 0x9c may corrupt adjacent RW1C bits
[   13.675716] pci_bus 0000:00: 2-byte config write to 0000:00:01.0 offset 0x9c may corrupt adjacent RW1C bits
[   13.801181] Disabling non-boot CPUs ...
[   13.965417] Entering suspend state LP1
[   13.965431] Enabling non-boot CPUs ...
[   13.965848] CPU1 is up
[   13.966206] CPU2 is up
[   13.966612] CPU3 is up
[   13.967442] pci_bus 0000:00: 2-byte config write to 0000:00:02.0 offset 0x4c may corrupt adjacent RW1C bits
[   13.967453] pci_bus 0000:00: 2-byte config write to 0000:00:01.0 offset 0x4c may corrupt adjacent RW1C bits
[   13.967463] pci_bus 0000:00: 2-byte config write to 0000:00:02.0 offset 0x88 may corrupt adjacent RW1C bits
[   13.967470] pci_bus 0000:00: 2-byte config write to 0000:00:02.0 offset 0x90 may corrupt adjacent RW1C bits
[   13.967476] pci_bus 0000:00: 2-byte config write to 0000:00:01.0 offset 0x88 may corrupt adjacent RW1C bits
[   13.967481] pci_bus 0000:00: 2-byte config write to 0000:00:02.0 offset 0x98 may corrupt adjacent RW1C bits
[   13.967487] pci_bus 0000:00: 2-byte config write to 0000:00:01.0 offset 0x90 may corrupt adjacent RW1C bits
[   13.967492] pci_bus 0000:00: 2-byte config write to 0000:00:02.0 offset 0x9c may corrupt adjacent RW1C bits
[   13.967599] pcieport 0000:00:02.0: nv_msi_ht_cap_quirk didn't locate host bridge
[   13.967601] pcieport 0000:00:01.0: nv_msi_ht_cap_quirk didn't locate host bridge
[   14.023719] tegra-hdmi 54280000.hdmi: cannot set audio to 48000 Hz at 297000000 Hz pixel clock
[   14.291478] OOM killer enabled.
[   14.294617] Restarting tasks ... done.
rtcwake -d rtc1 -m mem -s 3

[   14.316409] ata1: SATA link down (SStatus 0 SControl 300)
[   14.579192] PM: suspend exit
root@(none):/# 
root@(none):/# rtcwake -d rtc1 -m mem -s 3
rtcwake: assuming RTC uses UTC ...
rtcwake: wakeup from "mem" using /dev/rtc1 at Thu Jan  1 00:00:49 1970
[   14.725670] PM: suspend entry (deep)
[   14.729248] PM: Syncing filesystems ... done.
[   14.768947] Freezing user space processes ... (elapsed 0.001 seconds) done.
[   14.777106] OOM killer disabled.
[   14.780332] Freezing remaining freezable tasks ... (elapsed 0.001 seconds) done.
[   14.789034] Suspending console(s) (use no_console_suspend to debug)
[   14.927556] Disabling non-boot CPUs ...
[   15.033386] IRQ17 no longer affine to CPU2
[   15.083765] Entering suspend state LP1
[   15.083777] Enabling non-boot CPUs ...
[   15.084115] CPU1 is up
[   15.084389] CPU2 is up
[   15.084696] CPU3 is up
[   15.085411] pcieport 0000:00:01.0: nv_msi_ht_cap_quirk didn't locate host bridge
[   15.085413] pcieport 0000:00:02.0: nv_msi_ht_cap_quirk didn't locate host bridge
[   15.123689] tegra-hdmi 54280000.hdmi: cannot set audio to 48000 Hz at 297000000 Hz pixel clock
[   15.283108] OOM killer enabled.
[   15.286243] Restarting tasks ... done.
[   15.320305] PM: suspend exit
root@(none):/# 
root@(none):/# [   15.423783] ata1: SATA link down (SStatus 0 SControl 300)
rtcwake -d rtc1 -m mem -s 3
rtcwake: assuming RTC uses UTC ...
rtcwake: wakeup from "mem" using /dev/rtc1 at Thu Jan  1 00:00:53 1970
[   15.732319] PM: suspend entry (deep)
[   15.735933] PM: Syncing filesystems ... done.
[   15.785323] Freezing user space processes ... (elapsed 0.001 seconds) done.
[   15.793501] OOM killer disabled.
[   15.796723] Freezing remaining freezable tasks ... (elapsed 0.001 seconds) done.
[   15.805536] Suspending console(s) (use no_console_suspend to debug)
[   15.947641] Disabling non-boot CPUs ...
[   16.103338] IRQ17 no longer affine to CPU3
[   16.103821] Entering suspend state LP1
[   16.103833] Enabling non-boot CPUs ...
[   16.104208] CPU1 is up
[   16.104487] CPU2 is up
[   16.104798] CPU3 is up
[   16.105469] pcieport 0000:00:02.0: nv_msi_ht_cap_quirk didn't locate host bridge
[   16.105563] pcieport 0000:00:01.0: nv_msi_ht_cap_quirk didn't locate host bridge
[   16.153626] tegra-hdmi 54280000.hdmi: cannot set audio to 48000 Hz at 297000000 Hz pixel clock
[   16.313105] OOM killer enabled.
[   16.316240] Restarting tasks ... done.
[   16.350369] PM: suspend exit
root@(none):/# 
root@(none):/# [   16.443494] ata1: SATA link down (SStatus 0 SControl 300)
rtcwake -d rtc1 -m mem -s 3
rtcwake: assuming RTC uses UTC ...
rtcwake: wakeup from "mem" using /dev/rtc1 at Thu Jan  1 00:00:57 1970
[   16.753705] PM: suspend entry (deep)
[   16.757282] PM: Syncing filesystems ... done.
[   16.819194] Freezing user space processes ... (elapsed 0.001 seconds) done.
[   16.827382] OOM killer disabled.
[   16.830608] Freezing remaining freezable tasks ... (elapsed 0.001 seconds) done.
[   16.839427] Suspending console(s) (use no_console_suspend to debug)
[   16.977686] Disabling non-boot CPUs ...
[   17.113792] Entering suspend state LP1
[   17.113804] Enabling non-boot CPUs ...
[   17.114148] CPU1 is up
[   17.114421] CPU2 is up
[   17.114727] CPU3 is up
[   17.115434] pcieport 0000:00:02.0: nv_msi_ht_cap_quirk didn't locate host bridge
[   17.115436] pcieport 0000:00:01.0: nv_msi_ht_cap_quirk didn't locate host bridge
[   17.153641] tegra-hdmi 54280000.hdmi: cannot set audio to 48000 Hz at 297000000 Hz pixel clock
[   17.308887] OOM killer enabled.
[   17.312015] Restarting tasks ... done.
[   17.350279] PM: suspend exit
root@(none):/# 
root@(none):/# [   17.453808] ata1:NVTB SYSTEM SUSPEND TEST COMPLETE
SATA link down (SStatus 0 SControl 300)
