
U-Boot SPL 2013.04-rc2-06423-gf2e8a87-dirty (May 15 2013 - 09:45:39)


U-Boot 2013.04-rc2-06423-gf2e8a87-dirty (May 15 2013 - 09:45:39)

TEGRA30
Board: NVIDIA Beaver
DRAM:  2 GiB
MMC:   Tegra SD/MMC: 0, Tegra SD/MMC: 1
*** Warning - bad CRC, using default environment

In:    serial
Out:   serial
Err:   serial
Hit any key to stop autoboot:  2  0 
Tegra30 (Beaver) # 
Tegra30 (Beaver) # setenv bootargs 'console=ttyS0,230400n8 noinitrd root=/dev/mmcblk0p1 rw rootwait gpt ignore_loglevel debug'
Tegra30 (Beaver) # loady 0x81000000
## Ready for binary (ymodem) download to 0x81000000 at 230400 bps...
CSending: zImage
Sending: 

Transfer complete
xyzModem - CRC mode, 7(SOH)/4026(STX)/0(CAN) packets, 3 retries
## Total Size      = 0x003eea60 = 4123232 Bytes
Tegra30 (Beaver) # loady 0x82000000
## Ready for binary (ymodem) download to 0x82000000 at 230400 bps...
CSending: tegra30-beaver.dtb
Sending: 

Transfer complete
yzModem - CRC mode, 6(SOH)/20(STX)/0(CAN) packets, 3 retries
## Total Size      = 0x000051b8 = 20920 Bytes
Tegra30 (Beaver) # bootz 0x81000000 - 0x82000000
## Flattened Device Tree blob at 82000000
   Booting using the fdt blob at 0x82000000
   Loading Device Tree to 8fff7000, end 8ffff1b7 ... OK

Starting kernel .ø†ø†æ€˜€æ€˜€fæžÎžæžøÎxÎøÎžøž~8˜†žøžf†ø†ø†8xþžøžf†8àÎžþž`Îžøž~8~€žf8æÎxžfžø†æ€˜€[    0.000000] Booting Linux on physical CPU 0x0
[    0.000000] Initializing cgroup subsys cpu
[    0.000000] Initializing cgroup subsys cpuacct
[    0.000000] Linux version 3.13.0-rc1-next-20131128-26291-gdfa584c (pwalmsley@tamien) (gcc version 4.7.3 20130328 (prerelease) (crosstool-NG linaro-1.13.1-4.7-2013.04-20130415 - Linaro GCC 2013.04) ) #1 SMP PREEMPT Wed Nov 27 18:52:05 PST 2013
[    0.000000] CPU: ARMv7 Processor [412fc099] revision 9 (ARMv7), cr=10c5387d
[    0.000000] CPU: PIPT / VIPT nonaliasing data cache, VIPT aliasing instruction cache
[    0.000000] Machine model: NVIDIA Tegra30 Beaver evaluation board
[    0.000000] debug: ignoring loglevel setting.
[    0.000000] cma: CMA: reserved 16 MiB at ae800000
[    0.000000] Memory policy: Data cache writealloc
[    0.000000] On node 0 totalpages: 524032
[    0.000000] free_area_init_node: node 0, pgdat c07c9440, node_mem_map c0821000
[    0.000000]   Normal zone: 1520 pages used for memmap
[    0.000000]   Normal zone: 0 pages reserved
[    0.000000]   Normal zone: 194560 pages, LIFO batch:31
[    0.000000]   HighMem zone: 2574 pages used for memmap
[    0.000000]   HighMem zone: 329472 pages, LIFO batch:31
[    0.000000] fuse_speedo_calib: ATE prog ver 3.3
[    0.000000] Tegra30: CPU Speedo ID 5, Soc Speedo ID 2
[    0.000000] Tegra Revision: A03 SKU: 128 CPU Process: 4 Core Process: 0
[    0.000000] L310 cache controller enabled
[    0.000000] l2x0: 8 ways, CACHE_ID 0x410000c7, AUX_CTRL 0x7e480001, Cache size: 1024 kB
[    0.000000] PERCPU: Embedded 8 pages/cpu @c1834000 s9024 r8192 d15552 u32768
[    0.000000] pcpu-alloc: s9024 r8192 d15552 u32768 alloc=8*4096
[    0.000000] pcpu-alloc: [0] 0 [0] 1 [0] 2 [0] 3 
[    0.000000] Built 1 zonelists in Zone order, mobility grouping on.  Total pages: 522512
[    0.000000] Kernel command line: console=ttyS0,230400n8 noinitrd root=/dev/mmcblk0p1 rw rootwait gpt ignore_loglevel debug
[    0.000000] PID hash table entries: 4096 (order: 2, 16384 bytes)
[    0.000000] Dentry cache hash table entries: 131072 (order: 7, 524288 bytes)
[    0.000000] Inode-cache hash table entries: 65536 (order: 6, 262144 bytes)
[    0.000000] Memory: 2053960K/2096128K available (5626K kernel code, 282K rwdata, 1800K rodata, 228K init, 344K bss, 42168K reserved, 1317888K highmem)
[    0.000000] Virtual kernel memory layout:
[    0.000000]     vector  : 0xffff0000 - 0xffff1000   (   4 kB)
[    0.000000]     fixmap  : 0xfff00000 - 0xfffe0000   ( 896 kB)
[    0.000000]     vmalloc : 0xf0000000 - 0xff000000   ( 240 MB)
[    0.000000]     lowmem  : 0xc0000000 - 0xef800000   ( 760 MB)
[    0.000000]     pkmap   : 0xbfe00000 - 0xc0000000   (   2 MB)
[    0.000000]     modules : 0xbf000000 - 0xbfe00000   (  14 MB)
[    0.000000]       .text : 0xc0008000 - 0xc0748fc8   (7428 kB)
[    0.000000]       .init : 0xc0749000 - 0xc0782340   ( 229 kB)
[    0.000000]       .data : 0xc0784000 - 0xc07caba0   ( 283 kB)
[    0.000000]        .bss : 0xc07cabac - 0xc0820d30   ( 345 kB)
[    0.000000] Preemptible hierarchical RCU implementation.
[    0.000000] NR_IRQS:16 nr_irqs:16 16
[    0.000000] sched_clock: 32 bits at 1000kHz, resolution 1000ns, wraps every 2147483648000ns
[    0.000000] Console: colour dummy device 80x30
[    0.000576] Calibrating delay loop... 2786.91 BogoMIPS (lpj=13934592)
[    0.059915] pid_max: default: 32768 minimum: 301
[    0.060263] Mount-cache hash table entries: 512
[    0.070500] Initializing cgroup subsys debug
[    0.070518] Initializing cgroup subsys freezer
[    0.070570] CPU: Testing write buffer coherency: ok
[    0.070948] CPU0: thread -1, cpu 0, socket 0, mpidr 80000000
[    0.070997] Setting up static identity map for 0x80555a30 - 0x80555ac8
[    0.131288] CPU1: Booted secondary processor
[    0.189980] CPU1: thread -1, cpu 1, socket 0, mpidr 80000001
[    0.211246] CPU2: Booted secondary processor
[    0.269980] CPU2: thread -1, cpu 2, socket 0, mpidr 80000002
[    0.291250] CPU3: Booted secondary processor
[    0.349980] CPU3: thread -1, cpu 3, socket 0, mpidr 80000003
[    0.350049] Brought up 4 CPUs
[    0.350065] SMP: Total of 4 processors activated.
[    0.350071] CPU: All CPU(s) started in SVC mode.
[    0.350922] devtmpfs: initialized
[    0.361440] VFP support v0.3: implementor 41 architecture 3 part 30 variant 9 rev 4
[    0.361744] pinctrl core: initialized pinctrl subsystem
[    0.362149] regulator-dummy: no parameters
[    0.363290] NET: Registered protocol family 16
[    0.365750] DMA: preallocated 256 KiB pool for atomic coherent allocations
[    0.366385] cpuidle: using governor ladder
[    0.366391] cpuidle: using governor menu
[    0.374697] No ATAGs?
[    0.374716] hw-breakpoint: found 5 (+1 reserved) breakpoint and 1 watchpoint registers.
[    0.374721] hw-breakpoint: maximum watchpoint size is 4 bytes.
[    0.384062] bio: create slab <bio-0> at 0
[    0.385124] vdd_5v_in: 5000 mV 
[    0.385239] platform 1.regulator: Driver reg-fixed-voltage requests probe deferral
[    0.385279] platform 2.regulator: Driver reg-fixed-voltage requests probe deferral
[    0.385428] vdd_5v_sata: 5000 mV 
[    0.385456] vdd_5v_sata: supplied by vdd_5v_in
[    0.385670] usb1_vbus: 5000 mV 
[    0.385708] usb1_vbus: supplied by vdd_5v_in
[    0.385909] usb3_vbus: 5000 mV 
[    0.385930] usb3_vbus: supplied by vdd_5v_in
[    0.386041] platform 6.regulator: Driver reg-fixed-voltage requests probe deferral
[    0.386190] sys_3v3_pexs: 3300 mV 
[    0.386232] reg-fixed-voltage 7.regulator: Failed to find supply vin
[    0.386326] reg-fixed-voltage 7.regulator: Failed to register regulator: -517
[    0.386340] platform 7.regulator: Driver reg-fixed-voltage requests probe deferral
[    0.387129] vgaarb: loaded
[    0.387993] SCSI subsystem initialized
[    0.388285] usbcore: registered new interface driver usbfs
[    0.388365] usbcore: registered new interface driver hub
[    0.388491] usbcore: registered new device driver usb
[    0.392015] tps62361-vout: 500 <--> 1500 mV at 1160 mV 
[    0.397695] vdd_1v8_gen: 1800 mV 
[    0.397739] vdd_1v8_gen: supplied by vdd_5v_in
[    0.400894] vddio_ddr_1v2: 1200 mV 
[    0.401399] vddio_ddr_1v2: supplied by vdd_5v_in
[    0.404761] vdd_1v5_gen: 1500 mV 
[    0.404793] vdd_1v5_gen: supplied by vdd_5v_in
[    0.408173] vdd_cpu,vdd_sys: 1000 mV 
[    0.410622] vdd_pexa,vdd_pexb: 1050 mV 
[    0.410653] vdd_pexa,vdd_pexb: supplied by vdd_1v5_gen
[    0.413444] vdd_sata,avdd_plle: 1050 mV 
[    0.413474] vdd_sata,avdd_plle: supplied by vdd_1v5_gen
[    0.415945] vdd_rtc: 1200 mV 
[    0.415978] vdd_rtc: supplied by vdd_5v_in
[    0.418440] vddio_sdmmc,avdd_vdac: 3300 mV 
[    0.418472] vddio_sdmmc,avdd_vdac: supplied by vdd_5v_in
[    0.421243] avdd_dsi_csi,pwrdet_mipi: 1200 mV 
[    0.421275] avdd_dsi_csi,pwrdet_mipi: supplied by vdd_1v8_gen
[    0.423747] vdd_pllm,x,u,a_p_c_s: 1200 mV 
[    0.423778] vdd_pllm,x,u,a_p_c_s: supplied by vdd_1v8_gen
[    0.426573] vdd_ddr_hs: 1000 mV 
[    0.426604] vdd_ddr_hs: supplied by vdd_1v8_gen
[    0.426967] Linux video capture interface: v2.00
[    0.427449] platform 7000f010.iommu: Driver tegra-smmu requests probe deferral
[    0.427696] Advanced Linux Sound Architecture Driver Initialized.
[    0.428269] Bluetooth: Core ver 2.17
[    0.428326] NET: Registered protocol family 31
[    0.428331] Bluetooth: HCI device and connection manager initialized
[    0.428349] Bluetooth: HCI socket layer initialized
[    0.428365] Bluetooth: L2CAP socket layer initialized
[    0.428395] Bluetooth: SCO socket layer initialized
[    0.428902] cfg80211: Calling CRDA to update world regulatory domain
[    0.429617] Switched to clocksource timer_us
[    0.439318] NET: Registered protocol family 2
[    0.440058] TCP established hash table entries: 8192 (order: 3, 32768 bytes)
[    0.440119] TCP bind hash table entries: 8192 (order: 4, 65536 bytes)
[    0.440201] TCP: Hash tables configured (established 8192 bind 8192)
[    0.440705] TCP: reno registered
[    0.440717] UDP hash table entries: 512 (order: 2, 16384 bytes)
[    0.440783] UDP-Lite hash table entries: 512 (order: 2, 16384 bytes)
[    0.441183] NET: Registered protocol family 1
[    0.441815] RPC: Registered named UNIX socket transport module.
[    0.441821] RPC: Registered udp transport module.
[    0.441825] RPC: Registered tcp transport module.
[    0.441829] RPC: Registered tcp NFSv4.1 backchannel transport module.
[    0.441838] PCI: CLS 0 bytes, default 64
[    0.443553] hw perfevents: enabled with ARMv7 Cortex-A9 PMU driver, 7 counters available
[    0.445820] bounce pool size: 64 pages
[    0.447062] squashfs: version 4.0 (2009/01/31) Phillip Lougher
[    0.447746] msgmni has been set to 1469
[    0.448875] io scheduler noop registered (default)
[    0.449666] platform 3000.pcie-controller: Driver tegra-pcie requests probe deferral
[    0.453540] tegra-apbdma 6000a000.dma: Tegra20 APB DMA driver register 32 channels
[    0.453966] Serial: 8250/16550 driver, 4 ports, IRQ sharing disabled
[    0.455299] 70006000.serial: ttyS0 at MMIO 0x70006000 (irq = 68, base_baud = 25500000) is a Tegra
[    0.857889] console [ttyS0] enabled
[    0.860249] [drm] Initialized drm 1.1.0 20060810
[    0.863144] tegra-hdmi 54280000.hdmi: failed to get VDD regulator
[    0.866211] platform 54280000.hdmi: Driver tegra-hdmi requests probe deferral
[    0.874678] loop: module loaded
[    0.878989] m25p80 spi32766.1: w25q32 (4096 Kbytes)
[    0.882600] pegasus: v0.9.3 (2013/04/25), Pegasus/Pegasus II USB Ethernet driver
[    0.886383] usbcore: registered new interface driver pegasus
[    0.889296] usbcore: registered new interface driver asix
[    0.892081] usbcore: registered new interface driver ax88179_178a
[    0.895187] usbcore: registered new interface driver cdc_ether
[    0.898160] usbcore: registered new interface driver r815x
[    0.900984] usbcore: registered new interface driver smsc75xx
[    0.903936] usbcore: registered new interface driver smsc95xx
[    0.906879] usbcore: registered new interface driver net1080
[    0.909784] usbcore: registered new interface driver cdc_subset
[    0.912802] usbcore: registered new interface driver zaurus
[    0.915668] usbcore: registered new interface driver cdc_ncm
[    0.918547] ehci_hcd: USB 2.0 'Enhanced' Host Controller (EHCI) Driver
[    0.921830] ehci-pci: EHCI PCI platform driver
[    0.924112] tegra-ehci: Tegra EHCI driver
[    0.926284] platform 7d008000.usb: Driver tegra-ehci requests probe deferral
[    0.930050] usbcore: registered new interface driver cdc_acm
[    0.932889] cdc_acm: USB Abstract Control Model driver for USB modems and ISDN adapters
[    0.936952] usbcore: registered new interface driver cdc_wdm
[    0.939867] usbcore: registered new interface driver usb-storage
[    0.944497] mousedev: PS/2 mouse device common for all mice
[    0.948308] tegra_rtc 7000e000.rtc: rtc core: registered 7000e000.rtc as rtc0
[    0.951932] tegra_rtc 7000e000.rtc: Tegra internal Real Time Clock
[    0.967957] tps65910-rtc tps65910-rtc: rtc core: registered tps65910-rtc as rtc1
[    0.972986] sdhci: Secure Digital Host Controller Interface driver
[    0.976086] sdhci: Copyright(c) Pierre Ossman
[    0.978269] sdhci-pltfm: SDHCI platform and OF driver helper
[    0.981490] sdhci-tegra 78000000.sdhci: Got CD GPIO #69.
[    0.984170] sdhci-tegra 78000000.sdhci: Got WP GPIO #155.
[    0.987933] sdhci-tegra 78000000.sdhci: dummy supplies not allowed
[    0.991047] mmc0: no vqmmc regulator found
[    0.993107] sdhci-tegra 78000000.sdhci: dummy supplies not allowed
[    0.996205] mmc0: no vmmc regulator found
[    0.998216] mmc0: Invalid maximum block size, assuming 512 bytes
[    1.039629] mmc0: SDHCI controller on 78000000.sdhci [78000000.sdhci] using ADMA
[    1.044442] sdhci-tegra 78000600.sdhci: dummy supplies not allowed
[    1.047542] mmc1: no vqmmc regulator found
[    1.049599] sdhci-tegra 78000600.sdhci: dummy supplies not allowed
[    1.052708] mmc1: no vmmc regulator found
[    1.054719] mmc1: Invalid maximum block size, assuming 512 bytes
[    1.099625] mmc1: SDHCI controller on 78000600.sdhci [78000600.sdhci] using ADMA
[    1.106129] usbcore: registered new interface driver usbhid
[    1.110962] usbhid: USB HID core driver
[    1.258104] mmc1: new high speed MMC card at address 0001
[    1.261175] isa bounce pool size: 16 pages
[    1.263399] mmcblk0: mmc1:0001 SEM16G 14.8 GiB 
[    1.265954] mmcblk0boot0: mmc1:0001 SEM16G partition 1 1.00 MiB
[    1.269182] mmcblk0boot1: mmc1:0001 SEM16G partition 2 1.00 MiB
[    1.272416] mmcblk0rpmb: mmc1:0001 SEM16G partition 3 128 KiB
[    1.279453] Primary GPT is invalid, using alternate GPT.
[    1.282151]  mmcblk0: p1 p2 p3 p4 p5
[    1.288134]  mmcblk0boot1: unknown partition table
[    1.293536]  mmcblk0boot0: unknown partition table
[    1.538252] tegra-snd-rt5640 sound.4: rt5640-aif1 <-> 70080400.i2s mapping ok
[    1.544835] input: NVIDIA Tegra Beaver Headphones as /devices/soc0/sound.4/sound/card0/input0
[    1.550348] TCP: cubic registered
[    1.552203] NET: Registered protocol family 10
[    1.555546] mip6: Mobile IPv6
[    1.557040] sit: IPv6 over IPv4 tunneling driver
[    1.560631] NET: Registered protocol family 17
[    1.562896] NET: Registered protocol family 15
[    1.565267] Bluetooth: RFCOMM socket layer initialized
[    1.567864] Bluetooth: RFCOMM ver 1.11
[    1.569770] Bluetooth: BNEP (Ethernet Emulation) ver 1.3
[    1.572447] Bluetooth: BNEP socket layer initialized
[    1.574937] Bluetooth: HIDP (Human Interface Emulation) ver 1.2
[    1.577915] Bluetooth: HIDP socket layer initialized
[    1.580870] Registering SWP/SWPB emulation handler
[    1.583805] vdd_sata,avdd_plle: disabling
[    1.587479] chargepump_5v: 5000 mV 
[    1.590764] vdd_ddr: 1500 mV 
[    1.592291] vdd_ddr: supplied by vdd_5v_in
[    1.595565] sys_3v3,vdd_3v3_alw: 3300 mV 
[    1.597597] sys_3v3,vdd_3v3_alw: supplied by vdd_5v_in
[    1.600426] sys_3v3_pexs: 3300 mV 
[    1.602151] sys_3v3_pexs: supplied by sys_3v3,vdd_3v3_alw
[    1.605296] tegra-pcie 3000.pcie-controller: 2x3 configuration
[    1.612778] tegra-pcie 3000.pcie-controller: probing port 0, using 2 lanes
[    1.670530] tegra-pcie 3000.pcie-controller: probing port 2, using 2 lanes
[    2.078178] tegra-pcie 3000.pcie-controller: link 2 down, retrying
[    2.485592] tegra-pcie 3000.pcie-controller: link 2 down, retrying
[    2.892871] tegra-pcie 3000.pcie-controller: link 2 down, retrying
[    2.897986] tegra-pcie 3000.pcie-controller: link 2 down, ignoring
[    2.901277] tegra-pcie 3000.pcie-controller: PCI host bridge to bus 0000:00
[    2.904775] pci_bus 0000:00: root bus resource [mem 0x20000000-0x27ffffff]
[    2.908225] pci_bus 0000:00: root bus resource [mem 0x28000000-0x3fffffff pref]
[    2.911907] pci_bus 0000:00: root bus resource [bus 00-ff]
[    2.914662] pci_bus 0000:00: root bus resource [io  0x1000-0xffff]
[    2.917792] pci 0000:00:01.0: [10de:0e1c] type 01 class 0x060400
[    2.920863] pci 0000:00:01.0: PME# supported from D0 D1 D2 D3hot D3cold
[    2.924376] PCI: bus0: Fast back to back transfers disabled
[    2.927175] pci 0000:00:01.0: bridge configuration invalid ([bus 00-00]), reconfiguring
[    2.931365] pci 0000:01:00.0: [10ec:8168] type 00 class 0x020000
[    2.934396] pci 0000:01:00.0: reg 0x10: [io  0x0000-0x00ff]
[    2.937204] pci 0000:01:00.0: reg 0x18: [mem 0x00000000-0x00000fff 64bit pref]
[    2.940846] pci 0000:01:00.0: reg 0x20: [mem 0x00000000-0x00003fff 64bit pref]
[    2.944516] pci 0000:01:00.0: supports D1 D2
[    2.946658] pci 0000:01:00.0: PME# supported from D0 D1 D2 D3hot D3cold
[    2.969640] PCI: bus1: Fast back to back transfers disabled
[    2.972440] pci_bus 0000:01: busn_res: [bus 01-ff] end is updated to 01
[    2.975790] pci 0000:00:01.0: BAR 9: assigned [mem 0x28000000-0x280fffff 64bit pref]
[    2.979687] pci 0000:00:01.0: BAR 7: assigned [io  0x1000-0x1fff]
[    2.982751] pci 0000:01:00.0: BAR 4: assigned [mem 0x28000000-0x28003fff 64bit pref]
[    2.986644] pci 0000:01:00.0: BAR 2: assigned [mem 0x28004000-0x28004fff 64bit pref]
[    2.990544] pci 0000:01:00.0: BAR 0: assigned [io  0x1000-0x10ff]
[    2.993605] pci 0000:00:01.0: PCI bridge to [bus 01]
[    2.996097] pci 0000:00:01.0:   bridge window [io  0x1000-0x1fff]
[    2.999155] pci 0000:00:01.0:   bridge window [mem 0x28000000-0x280fffff 64bit pref]
[    3.003059] pci 0000:00:01.0: nv_msi_ht_cap_quirk didn't locate host bridge
[    3.006893] pcieport 0000:00:01.0: Signaling PME through PCIe PME interrupt
[    3.010403] pci 0000:01:00.0: Signaling PME through PCIe PME interrupt
[    3.013680] pcie_pme 0000:00:01.0:pcie01: service driver pcie_pme loaded
[    3.017161] r8169 Gigabit Ethernet driver 2.3LK-NAPI loaded
[    3.020017] PCI: enabling device 0000:01:00.0 (0140 -> 0143)
[    3.023697] r8169 0000:01:00.0 eth0: RTL8168evl/8111evl at 0xf0022000, 02:04:4b:01:60:a6, XID 0c900800 IRQ 473
[    3.028716] r8169 0000:01:00.0 eth0: jumbo features [frames: 9200 bytes, tx checksumming: ko]
[    3.035427] [drm] Supports vblank timestamp caching Rev 2 (21.10.2013).
[    3.038747] [drm] No driver support for vblank timestamp query.
[    3.041790] host1x drm: No connectors reported connected with modes
[    3.044960] [drm] Cannot find any crtc or sizes - going 1024x768
[    3.062283] Console: switching to colour frame buffer device 128x48
[    3.071103] host1x drm: fb0:  frame buffer device
[    3.073464] host1x drm: registered panic notifier
[    3.075830] [drm] Initialized tegra 0.0.0 20120330 on minor 0
[    3.081811] utmi_phy_clk_enable: timeout waiting for phy to stabilize
[    3.085046] tegra-ehci 7d008000.usb: EHCI Host Controller
[    3.087772] tegra-ehci 7d008000.usb: new USB bus registered, assigned bus number 1
[    3.091927] tegra-ehci 7d008000.usb: irq 129, io mem 0x7d008000
[    3.109632] tegra-ehci 7d008000.usb: USB 2.0 started, EHCI 1.00
[    3.113605] hub 1-0:1.0: USB hub found
[    3.115516] hub 1-0:1.0: 1 port detected
[    3.118469] tegra_rtc 7000e000.rtc: setting system clock to 1970-01-01 00:03:34 UTC (214)
[    3.130238] ALSA device list:
[    3.131736]   #0: NVIDIA Tegra Beaver
[    3.299479] kjournald starting.  Commit interval 5 seconds
[    3.301217] EXT3-fs (mmcblk0p1): using internal journal
[    3.302705] EXT3-fs (mmcblk0p1): recovery complete
[    3.302708] EXT3-fs (mmcblk0p1): mounted filesystem with writeback data mode
[    3.302785] VFS: Mounted root (ext3 filesystem) on device 179:1.
[    3.305076] devtmpfs: mounted
[    3.305328] Freeing unused kernel memory: 228K (c0749000 - c0782000)
 
INIT: version 2.88 booting
[info] Using makefile-style concurrent boot in runlevel S.
[....] Starting the hotplug events dispatcher: udevd[    4.220534] udevd[178]: starting version 175
[ ok .
[....] Synthesizing the initial hotplug events...[ ok done.
[....] Waiting for /dev to be fully populated...[ ok done.
[....] Activating swap...[ ok done.
[....] Cleaning up temporary files... /tmp[ ok .
[    6.099131] random: nonblocking pool is initialized
[....] Activating lvm and md swap...[ ok done.
[....] Checking file systems...fsck from util-linux 2.20.1
[ ok done.
[....] Mounting local filesystems...[ ok done.
[....] Activating swapfile swap...[ ok done.
[....] Cleaning up temporary files...[ ok .
[....] Setting kernel variables ...[ ok done.
[....] Configuring network interfaces...[ ok done.
[....] Starting rpcbind daemon...[ ok .
[....] Starting NFS common utilities: statd idmapd[FAIL failed!
[....] Cleaning up temporary files...[ ok .
[....] Starting network benchmark server[ ok .
[....] startpar: service(s) returned failure: nfs-common ...[FAIL failed!
INIT: Entering runlevel: 2
[info] Using makefile-style concurrent boot in runlevel 2.
[....] Starting network benchmark server[FAIL failed!
[....] Starting rpcbind daemon...[....] Already running.[ ok .
[....] Starting NFS common utilities: statd idmapd[FAIL failed!
[....] Starting system message bus: dbus[ ok .
[....] startpar: service(s) returned failure: nfs-common ...[FAIL failed!

Debian GNU/Linux wheezy/sid armel ttyS0

armel login: 