
U-Boot SPL 2014.01-00219-gc4d376f (Feb 18 2014 - 19:57:32)


U-Boot 2014.01-00219-gc4d376f (Feb 18 2014 - 19:57:32)

TEGRA114
Board: NVIDIA Dalmore
I2C:   ready
DRAM:  2 GiB
MMC:   Tegra SD/MMC: 0, Tegra SD/MMC: 1
In:    serial
Out:   serial
Err:   serial
Net:   Net Initialization Skipped
No ethernet found.
Hit any key to stop autoboot:  2  1  0 
Tegra114 (Dalmore) # 
Tegra114 (Dalmore) # usb reset
(Re)start USB...
USB0:   USB EHCI 1.10
scanning bus 0 for devices... 2 USB Device(s) found
       scanning usb for storage devices... 0 Storage Device(s) found
       scanning usb for ethernet devices... 
Warning: asx0 using MAC address from net device
1 Ethernet Device(s) found
Tegra114 (Dalmore) # setenv bootargs 'ignore_loglevel console=ttyS0,115200n8 rw root=PARTUUID=7369c667-ff51-ec4a-29cd-baabf2fbe346 rootwait gpt debug earlyprintk init=/bin/bash'
Tegra114 (Dalmore) # setenv ipaddr 192.168.100.100; setenv serverip 192.168.100.1; setenv tftpserverip 192.168.100.1
Tegra114 (Dalmore) # tftpboot 0x81000000 zImage.multi_v7_defconfig
Using asx0 device
TFTP from server 192.168.100.1; our IP address is 192.168.100.100
Filename 'zImage.multi_v7_defconfig'.
Load address: 0x81000000
Loading: *#################################################################
	 #################################################################
	 #################################################################
	 #################################################################
	 #################################################################
	 #################################################################
	 #################################################################
	 #################################################################
	 #######################
	 3.2 MiB/s
done
Bytes transferred = 7965928 (798ce8 hex)
Tegra114 (Dalmore) # tftpboot 0x82000000 tegra114-dalmore.dtb
Using asx0 device
TFTP from server 192.168.100.1; our IP address is 192.168.100.100
Filename 'tegra114-dalmore.dtb'.
Load address: 0x82000000
Loading: *###
	 3 MiB/s
done
Bytes transferred = 35044 (88e4 hex)
Tegra114 (Dalmore) # bootz 0x81000000 - 0x82000000
Kernel image @ 0x81000000 [ 0x000000 - 0x798ce8 ]
## Flattened Device Tree blob at 82000000
   Booting using the fdt blob at 0x82000000
   Loading Device Tree to 8fff4000, end 8ffff8e3 ... OK

Starting kernel ...

[    0.000000] Booting Linux on physical CPU 0x0
[    0.000000] Linux version 4.12.0-rc5-next-20170619-180430-gf08ca51 (jonathanh@sellafield) (gcc version 4.7.3 20130328 (prerelease) (crosstool-NG linaro-1.13.1-4.7-2013.04-20130415 - Linaro GCC 2013.04) ) #1 SMP Tue Jun 27 01:23:14 PDT 2017
[    0.000000] CPU: ARMv7 Processor [412fc0f2] revision 2 (ARMv7), cr=10c5387d
[    0.000000] CPU: div instructions available: patching division code
[    0.000000] CPU: PIPT / VIPT nonaliasing data cache, PIPT instruction cache
[    0.000000] OF: fdt: Machine model: NVIDIA Tegra114 Dalmore evaluation board
[    0.000000] debug: ignoring loglevel setting.
[    0.000000] Memory policy: Data cache writealloc
[    0.000000] efi: Getting EFI parameters from FDT:
[    0.000000] efi: UEFI not found.
[    0.000000] cma: Reserved 64 MiB at 0xfb800000
[    0.000000] On node 0 totalpages: 524032
[    0.000000] free_area_init_node: node 0, pgdat c157e700, node_mem_map eeff8000
[    0.000000]   DMA zone: 1536 pages used for memmap
[    0.000000]   DMA zone: 0 pages reserved
[    0.000000]   DMA zone: 196608 pages, LIFO batch:31
[    0.000000]   HighMem zone: 327424 pages, LIFO batch:31
[    0.000000] percpu: Embedded 17 pages/cpu @eef98000 s39232 r8192 d22208 u69632
[    0.000000] pcpu-alloc: s39232 r8192 d22208 u69632 alloc=17*4096
[    0.000000] pcpu-alloc: [0] 0 [0] 1 [0] 2 [0] 3 
[    0.000000] Built 1 zonelists in Zone order, mobility grouping on.  Total pages: 522496
[    0.000000] Kernel command line: ignore_loglevel console=ttyS0,115200n8 rw root=PARTUUID=7369c667-ff51-ec4a-29cd-baabf2fbe346 rootwait gpt debug earlyprintk init=/bin/bash
[    0.000000] PID hash table entries: 4096 (order: 2, 16384 bytes)
[    0.000000] Dentry cache hash table entries: 131072 (order: 7, 524288 bytes)
[    0.000000] Inode-cache hash table entries: 65536 (order: 6, 262144 bytes)
[    0.000000] Memory: 1993552K/2096128K available (10240K kernel code, 1560K rwdata, 4424K rodata, 2048K init, 401K bss, 37040K reserved, 65536K cma-reserved, 1244160K highmem)
[    0.000000] Virtual kernel memory layout:
[    0.000000]     vector  : 0xffff0000 - 0xffff1000   (   4 kB)
[    0.000000]     fixmap  : 0xffc00000 - 0xfff00000   (3072 kB)
[    0.000000]     vmalloc : 0xf0800000 - 0xff800000   ( 240 MB)
[    0.000000]     lowmem  : 0xc0000000 - 0xf0000000   ( 768 MB)
[    0.000000]     pkmap   : 0xbfe00000 - 0xc0000000   (   2 MB)
[    0.000000]     modules : 0xbf000000 - 0xbfe00000   (  14 MB)
[    0.000000]       .text : 0xc0208000 - 0xc0d00000   (11232 kB)
[    0.000000]       .init : 0xc1200000 - 0xc1400000   (2048 kB)
[    0.000000]       .data : 0xc1400000 - 0xc1586358   (1561 kB)
[    0.000000]        .bss : 0xc158fcf8 - 0xc15f44cc   ( 402 kB)
[    0.000000] SLUB: HWalign=64, Order=0-3, MinObjects=0, CPUs=4, Nodes=1
[    0.000000] Hierarchical RCU implementation.
[    0.000000] 	RCU event tracing is enabled.
[    0.000000] 	RCU restricting CPUs from NR_CPUS=16 to nr_cpu_ids=4.
[    0.000000] RCU: Adjusting geometry for rcu_fanout_leaf=16, nr_cpu_ids=4
[    0.000000] NR_IRQS: 16, nr_irqs: 16, preallocated irqs: 16
[    0.000000] /interrupt-controller@60004000: 160 interrupts forwarded to /interrupt-controller@50041000
[    0.000000] Tegra clk 127: register failed with -17
[    0.000009] sched_clock: 32 bits at 1000kHz, resolution 1000ns, wraps every 2147483647500ns
[    0.000028] clocksource: timer_us: mask: 0xffffffff max_cycles: 0xffffffff, max_idle_ns: 1911260446275 ns
[    0.000043] Switching to timer-based delay loop, resolution 1000ns
[    0.002962] arch_timer: cp15 timer(s) running at 12.00MHz (virt).
[    0.002981] clocksource: arch_sys_counter: mask: 0xffffffffffffff max_cycles: 0x2c47f4ee7, max_idle_ns: 440795202497 ns
[    0.003001] sched_clock: 56 bits at 12MHz, resolution 83ns, wraps every 4398046511096ns
[    0.003015] Switching to timer-based delay loop, resolution 83ns
[    0.003414] Console: colour dummy device 80x30
[    0.003445] Calibrating delay loop (skipped), value calculated using timer frequency.. 24.00 BogoMIPS (lpj=120000)
[    0.003463] pid_max: default: 32768 minimum: 301
[    0.003553] Mount-cache hash table entries: 2048 (order: 1, 8192 bytes)
[    0.003569] Mountpoint-cache hash table entries: 2048 (order: 1, 8192 bytes)
[    0.004050] CPU: Testing write buffer coherency: ok
[    0.004287] /cpus/cpu@0 missing clock-frequency property
[    0.004318] /cpus/cpu@1 missing clock-frequency property
[    0.004349] /cpus/cpu@2 missing clock-frequency property
[    0.004381] /cpus/cpu@3 missing clock-frequency property
[    0.004395] CPU0: thread -1, cpu 0, socket 0, mpidr 80000000
[    0.004690] Setting up static identity map for 0x80300000 - 0x803000a0
[    0.005893] Hierarchical SRCU implementation.
[    0.007185] Tegra Revision: A01 SKU: 0 CPU Process: 1 SoC Process: 0
[    0.007799] EFI services will not be available.
[    0.007952] smp: Bringing up secondary CPUs ...
[    0.008447] CPU1: thread -1, cpu 1, socket 0, mpidr 80000001
[    0.009017] CPU2: thread -1, cpu 2, socket 0, mpidr 80000002
[    0.009584] CPU3: thread -1, cpu 3, socket 0, mpidr 80000003
[    0.009668] smp: Brought up 1 node, 4 CPUs
[    0.009690] SMP: Total of 4 processors activated (96.00 BogoMIPS).
[    0.009699] CPU: All CPU(s) started in SVC mode.
[    0.011178] devtmpfs: initialized
[    0.020169] VFP support v0.3: implementor 41 architecture 4 part 30 variant f rev 0
[    0.020506] clocksource: jiffies: mask: 0xffffffff max_cycles: 0xffffffff, max_idle_ns: 19112604462750000 ns
[    0.020525] futex hash table entries: 1024 (order: 4, 65536 bytes)
[    0.021970] pinctrl core: initialized pinctrl subsystem
[    0.023424] DMI not present or invalid.
[    0.023607] random: bucket_table_alloc+0xe8/0x254 get_random_u32 called with crng_init=0
[    0.023703] NET: Registered protocol family 16
[    0.025869] DMA: preallocated 256 KiB pool for atomic coherent allocations
[    0.027954] cpuidle: using governor menu
[    0.050390] No ATAGs?
[    0.050522] hw-breakpoint: found 5 (+1 reserved) breakpoint and 4 watchpoint registers.
[    0.050539] hw-breakpoint: maximum watchpoint size is 8 bytes.
[    0.055823] Serial: AMBA PL011 UART driver
[    0.056538] tegra-mc 70019000.memory-controller: no memory timings for RAM code 3 registered
[    0.071637] AT91: Could not find identification node
[    0.072121] dvdd_ts: Failed to request enable GPIO61: -517
[    0.072142] reg-fixed-voltage regulators:regulator@1: Failed to register regulator: -517
[    0.072250] usb1_vbus: Failed to request enable GPIO108: -517
[    0.072266] reg-fixed-voltage regulators:regulator@3: Failed to register regulator: -517
[    0.072372] usb2_vbus: Failed to request enable GPIO86: -517
[    0.072387] reg-fixed-voltage regulators:regulator@4: Failed to register regulator: -517
[    0.072825] VDD_5V0_HDMI_CON: Failed to request enable GPIO81: -517
[    0.072842] reg-fixed-voltage regulators:regulator@7: Failed to register regulator: -517
[    0.075242] vgaarb: loaded
[    0.075985] SCSI subsystem initialized
[    0.076161] libata version 3.00 loaded.
[    0.076379] usbcore: registered new interface driver usbfs
[    0.076434] usbcore: registered new interface driver hub
[    0.076504] usbcore: registered new device driver usb
[    0.079673] tps65090 2-0048: No cache defaults, reading back from HW
[    0.081576] TPS65090_RAILSDCDC1: supplied by vdd_ac_bat
[    0.082643] TPS65090_RAILSDCDC2: supplied by vdd_ac_bat
[    0.083739] TPS65090_RAILSDCDC3: supplied by vdd_ac_bat
[    0.084266] TPS65090_RAILSFET1: supplied by vdd_ac_bat
[    0.084645] TPS65090_RAILSFET2: supplied by vdd_ac_bat
[    0.084999] TPS65090_RAILSFET3: supplied by vdd-sys-3v3
[    0.085512] TPS65090_RAILSFET4: supplied by vdd-sys-3v3
[    0.086048] TPS65090_RAILSFET5: supplied by vdd-sys-3v3
[    0.086566] TPS65090_RAILSFET6: supplied by vdd-sys-3v3
[    0.087412] TPS65090_RAILSFET7: supplied by vdd-sys-3v3
[    0.087946] TPS65090_RAILSLDO1: supplied by vdd_ac_bat
[    0.088148] TPS65090_RAILSLDO2: supplied by vdd_ac_bat
[    0.089045] palmas 2-0058: Irq flag is 0x00000004
[    0.091019] palmas 2-0058: Muxing GPIO ff, PWM 0, LED 0
[    0.093520] SMPS12: supplied by vdd-ao
[    0.094545] vdd_hdmi_5v0: supplied by vdd-sys-5v0
[    0.095366] SMPS3: supplied by vdd-ao
[    0.097114] SMPS457: supplied by vdd-sys-3v3
[    0.098768] SMPS6: supplied by regulator-dummy
[    0.100200] SMPS8: supplied by vdd-sys-3v3
[    0.101074] random: fast init done
[    0.101822] SMPS9: supplied by vdd-sys-3v3
[    0.102345] sdhci-vdd-sd-slot: Bringing 2840000uV into 2800000-2800000uV
[    0.103763] SMPS10_OUT2: supplied by regulator-dummy
[    0.104615] SMPS10_OUT1: supplied by regulator-dummy
[    0.105475] LDO1: supplied by vdd-sys-3v3
[    0.106606] LDO2: supplied by vdd-sys-3v3
[    0.107743] LDO3: supplied by vddio-1v8
[    0.108875] LDO4: supplied by vdd-sys-3v3
[    0.110003] LDO5: supplied by vdd_ac_bat
[    0.110700] LDO6: supplied by vdd-sys-3v3
[    0.111215] vdd-sensor-2v85: Bringing 2900000uV into 2850000-2850000uV
[    0.112569] LDO7: supplied by vdd-sys-3v3
[    0.114231] LDO8: supplied by vdd-ao
[    0.114768] vdd-rtc: Bringing 675000uV into 900000-900000uV
[    0.123717] LDO9: supplied by sdhci-vdd-sd-slot
[    0.134032] LDOLN: supplied by vdd-sys-5v0
[    0.135175] LDOUSB: supplied by vdd-sys-5v0
[    0.146329] pps_core: LinuxPPS API ver. 1 registered
[    0.146340] pps_core: Software ver. 5.3.6 - Copyright 2005-2007 Rodolfo Giometti <giometti@linux.it>
[    0.146363] PTP clock support registered
[    0.146543] EDAC MC: Ver: 3.0.0
[    0.146844] dmi: Firmware registration failed.
[    0.148662] clocksource: Switched to clocksource arch_sys_counter
[    0.203717] NET: Registered protocol family 2
[    0.204239] TCP established hash table entries: 8192 (order: 3, 32768 bytes)
[    0.204339] TCP bind hash table entries: 8192 (order: 4, 65536 bytes)
[    0.204527] TCP: Hash tables configured (established 8192 bind 8192)
[    0.204611] UDP hash table entries: 512 (order: 2, 16384 bytes)
[    0.204655] UDP-Lite hash table entries: 512 (order: 2, 16384 bytes)
[    0.204807] NET: Registered protocol family 1
[    0.205136] RPC: Registered named UNIX socket transport module.
[    0.205148] RPC: Registered udp transport module.
[    0.205157] RPC: Registered tcp transport module.
[    0.205166] RPC: Registered tcp NFSv4.1 backchannel transport module.
[    0.205179] PCI: CLS 0 bytes, default 64
[    0.207469] workingset: timestamp_bits=30 max_order=19 bucket_order=0
[    0.216084] squashfs: version 4.0 (2009/01/31) Phillip Lougher
[    0.216808] NFS: Registering the id_resolver key type
[    0.216836] Key type id_resolver registered
[    0.216846] Key type id_legacy registered
[    0.216892] ntfs: driver 2.1.32 [Flags: R/O].
[    0.218578] bounce: pool size: 64 pages
[    0.218629] Block layer SCSI generic (bsg) driver version 0.4 loaded (major 248)
[    0.218672] io scheduler noop registered
[    0.218682] io scheduler deadline registered
[    0.218713] io scheduler cfq registered (default)
[    0.218724] io scheduler mq-deadline registered
[    0.218733] io scheduler kyber registered
[    0.248698] tegra-apbdma 6000a000.dma: Tegra20 APB DMA driver register 32 channels
[    0.250930] tegra-pmc 7000e400.pmc: i2c-thermtrip node not found, emergency thermal reset disabled.
[    0.306220] Serial: 8250/16550 driver, 4 ports, IRQ sharing disabled
[    0.308898] console [ttyS0] disabled
[    0.308939] 70006300.serial: ttyS0 at MMIO 0x70006300 (irq = 329, base_baud = 25500000) is a Tegra
[    1.329949] console [ttyS0] enabled
[    1.334154] SuperH (H)SCI(F) driver initialized
[    1.339563] msm_serial: driver initialized
[    1.343823] STMicroelectronics ASC driver initialized
[    1.354060] tegra-hdmi 54280000.hdmi: failed to get HDMI regulator
[    1.376894] brd: module loaded
[    1.386740] loop: module loaded
[    1.406376] m25p80 spi32766.0: w25q32dw (4096 Kbytes)
[    1.414320] libphy: Fixed MDIO Bus: probed
[    1.419468] CAN device driver interface
[    1.424084] bgmac_bcma: Broadcom 47xx GBit MAC driver loaded
[    1.430907] e1000e: Intel(R) PRO/1000 Network Driver - 3.2.6-k
[    1.436729] e1000e: Copyright(c) 1999 - 2015 Intel Corporation.
[    1.442715] igb: Intel(R) Gigabit Ethernet Network Driver - version 5.4.0-k
[    1.449681] igb: Copyright (c) 2007-2014 Intel Corporation.
[    1.458506] pegasus: v0.9.3 (2013/04/25), Pegasus/Pegasus II USB Ethernet driver
[    1.465956] usbcore: registered new interface driver pegasus
[    1.471672] usbcore: registered new interface driver asix
[    1.477098] usbcore: registered new interface driver ax88179_178a
[    1.483234] usbcore: registered new interface driver cdc_ether
[    1.489124] usbcore: registered new interface driver smsc75xx
[    1.494921] usbcore: registered new interface driver smsc95xx
[    1.500713] usbcore: registered new interface driver net1080
[    1.506396] usbcore: registered new interface driver cdc_subset
[    1.512359] usbcore: registered new interface driver zaurus
[    1.517974] usbcore: registered new interface driver cdc_ncm
[    1.525496] ehci_hcd: USB 2.0 'Enhanced' Host Controller (EHCI) Driver
[    1.532033] ehci-pci: EHCI PCI platform driver
[    1.536509] ehci-platform: EHCI generic platform driver
[    1.541922] ehci-orion: EHCI orion driver
[    1.546063] SPEAr-ehci: EHCI SPEAr driver
[    1.550211] ehci-st: EHCI STMicroelectronics driver
[    1.555210] ehci-exynos: EHCI EXYNOS driver
[    1.559547] ehci-atmel: EHCI Atmel driver
[    1.563670] tegra-ehci: Tegra EHCI driver
[    1.567957] ohci_hcd: USB 1.1 'Open' Host Controller (OHCI) Driver
[    1.574160] ohci-pci: OHCI PCI platform driver
[    1.578654] ohci-platform: OHCI generic platform driver
[    1.584038] SPEAr-ohci: OHCI SPEAr driver
[    1.588168] ohci-st: OHCI STMicroelectronics driver
[    1.593182] ohci-atmel: OHCI Atmel driver
[    1.597841] usbcore: registered new interface driver usb-storage
[    1.609591] palmas-rtc 7000d000.i2c:tps65913@58:rtc: rtc core: registered 7000d000.i2c:tps65913@58:rtc as rtc0
[    1.621383] tegra_rtc 7000e000.rtc: rtc core: registered 7000e000.rtc as rtc1
[    1.628543] tegra_rtc 7000e000.rtc: Tegra internal Real Time Clock
[    1.635216] i2c /dev entries driver
[    1.644955] sbs-battery 0-000b: sbs_probe: Failed to get device status
[    1.651511] sbs-battery: probe of 0-000b failed with error -121
[    1.667473] sdhci: Secure Digital Host Controller Interface driver
[    1.673676] sdhci: Copyright(c) Pierre Ossman
[    1.679423] Synopsys Designware Multimedia Card Interface Driver
[    1.686534] sdhci-pltfm: SDHCI platform and OF driver helper
[    1.692897] sdhci-tegra 78000400.sdhci: Got CD GPIO
[    1.697785] sdhci-tegra 78000400.sdhci: Got WP GPIO
[    1.710921] mmc0: Invalid maximum block size, assuming 512 bytes
[    1.778791] mmc0: SDHCI controller on 78000400.sdhci [78000400.sdhci] using ADMA
[    1.795464] mmc1: Invalid maximum block size, assuming 512 bytes
[    1.858704] mmc1: SDHCI controller on 78000600.sdhci [78000600.sdhci] using ADMA
[    1.867832] ledtrig-cpu: registered to indicate activity on CPUs
[    1.874227] usbcore: registered new interface driver usbhid
[    1.879810] usbhid: USB HID core driver
[    1.887399] NET: Registered protocol family 10
[    1.892778] Segment Routing with IPv6
[    1.896492] sit: IPv6, IPv4 and MPLS over IPv4 tunneling driver
[    1.903040] NET: Registered protocol family 17
[    1.907485] can: controller area network core (rev 20170425 abi 9)
[    1.913732] NET: Registered protocol family 29
[    1.918172] can: raw protocol (rev 20170425)
[    1.922460] can: broadcast manager protocol (rev 20170425 t)
[    1.928119] can: netlink gateway (rev 20170425) max_hops=1
[    1.933933] Key type dns_resolver registered
[    1.938786] ThumbEE CPU extension supported.
[    1.943057] Registering SWP/SWPB emulation handler
[    1.961609] usb1_vbus: supplied by vdd-sys-5v0
[    1.964418] mmc0: new high speed SDHC card at address aaaa
[    1.965187] mmcblk0: mmc0:aaaa SL16G 14.8 GiB 
[    1.977292] usb2_vbus: supplied by vdd-sys-5v0
[    1.985262] VDD_5V0_HDMI_CON: supplied by vdd-sys-5v0
[    1.991321]  mmcblk0: p1 p2 p3
[    2.001591] tegra-ehci 7d008000.usb: EHCI Host Controller
[    2.007033] tegra-ehci 7d008000.usb: new USB bus registered, assigned bus number 1
[    2.014860] tegra-ehci 7d008000.usb: irq 339, io mem 0x7d008000
[    2.015660] mmc1: new high speed MMC card at address 0001
[    2.016167] mmcblk1: mmc1:0001 SEM32G 29.1 GiB 
[    2.016397] mmcblk1boot0: mmc1:0001 SEM32G partition 1 4.00 MiB
[    2.016635] mmcblk1boot1: mmc1:0001 SEM32G partition 2 4.00 MiB
[    2.017000] mmcblk1rpmb: mmc1:0001 SEM32G partition 3 4.00 MiB
[    2.021183]  mmcblk1: p1 p2 p3 p4 p5 p6 p7 p8
[    2.078806] tegra-ehci 7d008000.usb: USB 2.0 started, EHCI 1.10
[    2.085983] hub 1-0:1.0: USB hub found
[    2.089874] hub 1-0:1.0: 1 port detected
[    2.095570] input: gpio-keys as /devices/soc0/gpio-keys/input/input0
[    2.104508] palmas-rtc 7000d000.i2c:tps65913@58:rtc: setting system clock to 2001-04-20 20:01:48 UTC (987796908)
[    2.115298] vdd_hdmi_5v0: disabling
[    2.126058] dvdd_ts: disabling
[    2.129190] usb1_vbus: disabling
[    2.132432] vdd_cam_1v8_reg: disabling
[    2.136181] VDD_5V0_HDMI_CON: disabling
[    2.141729] EXT4-fs (mmcblk1p1): mounting ext3 file system using the ext4 subsystem
[    2.164929] EXT4-fs (mmcblk1p1): recovery complete
[    2.169796] EXT4-fs (mmcblk1p1): mounted filesystem with ordered data mode. Opts: (null)
[    2.177915] VFS: Mounted root (ext3 filesystem) on device 179:17.
[    2.186680] devtmpfs: mounted
[    2.191679] Freeing unused kernel memory: 2048K
bash: cannot set terminal process group (-1): Inappropriate ioctl for device
bash: no job control in this shell
root@(none):/# [    2.448795] usb 1-1: new high-speed USB device number 2 using tegra-ehci
[    3.121767] asix 1-1:1.0 eth0: register 'asix' at usb-7d008000.usb-1, ASIX AX88772 USB 2.0 Ethernet, 00:50:b6:0d:b5:16
mount -t sysfs none /sys
root@(none):/# 
root@(none):/# mount -t debugfs none /sys/kernel/debug
root@(none):/# 
root@(none):/# rtcwake -d rtc1 -m mem -s 3
rtcwake: assuming RTC uses UTC ...
rtcwake: wakeup from "mem" using /dev/rtc1 at Thu Jan  1 00:00:20 1970
[    5.449598] PM: Syncing filesystems ... done.
[    5.455391] Freezing user space processes ... (elapsed 0.001 seconds) done.
[    5.463645] OOM killer disabled.
[    5.466873] Freezing remaining freezable tasks ... (elapsed 0.001 seconds) done.
[    5.475610] Suspending console(s) (use no_console_suspend to debug)
[    5.535792] Disabling non-boot CPUs ...
[    5.778980] IRQ17 no longer affine to CPU3
[    5.803084] Entering suspend state LP1
[    5.803084] Suspended for 6.930 seconds
[    5.803104] Enabling non-boot CPUs ...
[    5.832794] CPU1 is up
[    5.872924] CPU2 is up
[    5.913627] CPU3 is up
[    6.484340] OOM killer enabled.
[    6.487474] Restarting tasks ... done.
root@(none):/# 
root@(none):/# rtcwake -d rtc1 -m mem -s 3
rtcwake: assuming RTC uses UTC ...
rtcwake: wakeup from "mem" using /dev/rtc1 at Thu Jan  1 00:00:29 1970
[    7.521767] PM: Syncing filesystems ... done.
[    7.527366] Freezing user space processes ... (elapsed 0.001 seconds) done.
[    7.535570] OOM killer disabled.
[    7.538818] Freezing remaining freezable tasks ... (elapsed 0.001 seconds) done.
[    7.547535] Suspending console(s) (use no_console_suspend to debug)
[    7.605325] Disabling non-boot CPUs ...
[    7.739133] IRQ17 no longer affine to CPU2
[    7.892320] Entering suspend state LP1
[    7.892320] Suspended for 6.911 seconds
[    7.892340] Enabling non-boot CPUs ...
[    7.922730] CPU1 is up
[    7.962868] CPU2 is up
[    8.003561] CPU3 is up
[    8.584275] OOM killer enabled.
[    8.587410] Restarting tasks ... done.
root@(none):/# 
root@(none):/# rtcwake -d rtc1 -m mem -s 3
rtcwake: assuming RTC uses UTC ...
rtcwake: wakeup from "mem" using /dev/rtc1 at Thu Jan  1 00:00:38 1970
[    9.610796] PM: Syncing filesystems ... done.
[    9.616543] Freezing user space processes ... (elapsed 0.001 seconds) done.
[    9.624818] OOM killer disabled.
[    9.628042] Freezing remaining freezable tasks ... (elapsed 0.001 seconds) done.
[    9.636726] Suspending console(s) (use no_console_suspend to debug)
[    9.695158] Disabling non-boot CPUs ...
[    9.962265] Entering suspend state LP1
[    9.962265] Suspended for 6.930 seconds
[    9.962285] Enabling non-boot CPUs ...
[    9.992702] CPU1 is up
[   10.032828] CPU2 is up
[   10.073507] CPU3 is up
[   10.642498] OOM killer enabled.
[   10.645640] Restarting tasks ... done.
root@(none):/# 
root@(none):/# rtcwake -d rtc1 -m mem -s 3
rtcwake: assuming RTC uses UTC ...
rtcwake: wakeup from "mem" using /dev/rtc1 at Thu Jan  1 00:00:47 1970
[   11.679314] PM: Syncing filesystems ... done.
[   11.685048] Freezing user space processes ... (elapsed 0.001 seconds) done.
[   11.693329] OOM killer disabled.
[   11.696553] Freezing remaining freezable tasks ... (elapsed 0.001 seconds) done.
[   11.705277] Suspending console(s) (use no_console_suspend to debug)
[   11.765514] Disabling non-boot CPUs ...
[   11.798949] IRQ17 no longer affine to CPU1
[   12.042250] Entering suspend state LP1
[   12.042250] Suspended for 6.920 seconds
[   12.042270] Enabling non-boot CPUs ...
[   12.072645] CPU1 is up
[   12.112784] CPU2 is up
[   12.153467] CPU3 is up
[   12.724051] OOM killer enabled.
[   12.727193] Restarting tasks ... done.
root@(none):/# 
root@(none):/# rtcwake -d rtc1 -m mem -s 3
rtcwake: assuming RTC uses UTC ...
rtcwake: wakeup from "mem" using /dev/rtc1 at Thu Jan  1 00:00:56 1970
[   13.772409] PM: Syncing filesystems ... done.
[   13.778154] Freezing user space processes ... (elapsed 0.001 seconds) done.
[   13.786404] OOM killer disabled.
[   13.789658] Freezing remaining freezable tasks ... (elapsed 0.001 seconds) done.
[   13.798345] Suspending console(s) (use no_console_suspend to debug)
[   13.855168] Disabling non-boot CPUs ...
[   14.132183] Entering suspend state LP1
[   14.132183] Suspended for 6.910 seconds
[   14.132205] Enabling non-boot CPUs ...
[   14.162581] CPU1 is up
[   14.202735] CPU2 is up
[   14.243418] CPU3 is up
[   14.811835] OOM killer enabled.
[   14.814975] Restarting tasks ... done.
root@(none):/# 
root@(none):/# rtcwake -d rtc1 -m mem -s 3
rtcwake: assuming RTC uses UTC ...
rtcwake: wakeup from "mem" using /dev/rtc1 at Thu Jan  1 00:01:05 1970
[   15.849742] PM: Syncing filesystems ... done.
[   15.855488] Freezing user space processes ... (elapsed 0.001 seconds) done.
[   15.863763] OOM killer disabled.
[   15.866986] Freezing remaining freezable tasks ... (elapsed 0.001 seconds) done.
[   15.875708] Suspending console(s) (use no_console_suspend to debug)
[   15.935131] Disabling non-boot CPUs ...
[   15.968846] IRQ17 no longer affine to CPU1
[   16.222134] Entering suspend state LP1
[   16.222134] Suspended for 6.910 seconds
[   16.222154] Enabling non-boot CPUs ...
[   16.252573] CPU1 is up
[   16.292696] CPU2 is up
[   16.333382] CPU3 is up
[   16.903323] OOM killer enabled.
[   16.906465] Restarting tasks ... done.
root@(none):/# 
root@(none):/# rtcwake -d rtc1 -m mem -s 3
rtcwake: assuming RTC uses UTC ...
rtcwake: wakeup from "mem" using /dev/rtc1 at Thu Jan  1 00:01:14 1970
[   17.937511] PM: Syncing filesystems ... done.
[   17.943373] Freezing user space processes ... (elapsed 0.001 seconds) done.
[   17.951633] OOM killer disabled.
[   17.954857] Freezing remaining freezable tasks ... (elapsed 0.001 seconds) done.
[   17.963569] Suspending console(s) (use no_console_suspend to debug)
[   18.026042] Disabling non-boot CPUs ...
[   18.312124] Entering suspend state LP1
[   18.312124] Suspended for 6.910 seconds
[   18.312144] Enabling non-boot CPUs ...
[   18.342521] CPU1 is up
[   18.382662] CPU2 is up
[   18.423359] CPU3 is up
[   18.989937] OOM killer enabled.
[   18.993071] Restarting tasks ... done.
root@(none):/# 
root@(none):/# rtcwake -d rtc1 -m mem -s 3
rtcwake: assuming RTC uses UTC ...
rtcwake: wakeup from "mem" using /dev/rtc1 at Thu Jan  1 00:01:23 1970
[   20.030622] PM: Syncing filesystems ... done.
[   20.036431] Freezing user space processes ... (elapsed 0.001 seconds) done.
[   20.044705] OOM killer disabled.
[   20.047928] Freezing remaining freezable tasks ... (elapsed 0.001 seconds) done.
[   20.056616] Suspending console(s) (use no_console_suspend to debug)
[   20.115087] Disabling non-boot CPUs ...
[   20.148748] IRQ17 no longer affine to CPU1
[   20.392071] Entering suspend state LP1
[   20.392071] Suspended for 6.920 seconds
[   20.392091] Enabling non-boot CPUs ...
[   20.422454] CPU1 is up
[   20.462586] CPU2 is up
[   20.503269] CPU3 is up
[   21.076625] OOM killer enabled.
[   21.079773] Restarting tasks ... done.
root@(none):/# 
root@(none):/# rtcwake -d rtc1 -m mem -s 3
rtcwake: assuming RTC uses UTC ...
rtcwake: wakeup from "mem" using /dev/rtc1 at Thu Jan  1 00:01:32 1970
[   22.110061] PM: Syncing filesystems ... done.
[   22.115806] Freezing user space processes ... (elapsed 0.001 seconds) done.
[   22.124086] OOM killer disabled.
[   22.127309] Freezing remaining freezable tasks ... (elapsed 0.001 seconds) done.
[   22.135995] Suspending console(s) (use no_console_suspend to debug)
[   22.195253] Disabling non-boot CPUs ...
[   22.228698] IRQ17 no longer affine to CPU1
[   22.472040] Entering suspend state LP1
[   22.472040] Suspended for 6.920 seconds
[   22.472061] Enabling non-boot CPUs ...
[   22.502409] CPU1 is up
[   22.542565] CPU2 is up
[   22.583258] CPU3 is up
[   23.155864] OOM killer enabled.
[   23.159018] Restarting tasks ... done.
root@(none):/# 
root@(none):/# rtcwake -d rtc1 -m mem -s 3
rtcwake: assuming RTC uses UTC ...
rtcwake: wakeup from "mem" using /dev/rtc1 at Thu Jan  1 00:01:41 1970
[   24.190069] PM: Syncing filesystems ... done.
[   24.195657] Freezing user space processes ... (elapsed 0.001 seconds) done.
[   24.203934] OOM killer disabled.
[   24.207158] Freezing remaining freezable tasks ... (elapsed 0.001 seconds) done.
[   24.215843] Suspending console(s) (use no_console_suspend to debug)
[   24.275468] Disabling non-boot CPUs ...
[   24.318674] IRQ17 no longer affine to CPU1
[   24.591973] Entering suspend state LP1
[   24.591973] Suspended for 8.463 seconds
[   24.591993] Enabling non-boot CPUs ...
[   24.622354] CPU1 is up
[   24.662498] CPU2 is up
[   24.703184] CPU3 is up
[   25.275631] OOM killer enabled.
[   25.278784] Restarting tasks ... done.
root@(none):/# 
root@(none):/# NVTB SYSTEM SUSPEND TEST COMPLETE
