

U-Boot 2015.04-00466-gedec83e90172 (Mar 14 2016 - 10:42:01)

TEGRA124
Model: Acer Chromebook 13 CB5-311
DRAM:  4 GiB
C:   Tegra SD/MMC: 0, Tegra SD/MMC: 1, Tegra SD/MMC: 2
MMC init failed
Using default environment

In:    serial
Out:   serial
Err:   serial
Net:   Net Initialization Skipped
No ethernet found.
Hit any key to stop autoboot:  2  0 
Tegra124 (Nyan-big) # 
Tegra124 (Nyan-big) # usb start
starting USB...
USB0:   USB EHCI 1.10
scanning bus 0 for devices... 2 USB Device(s) found
USB1:   USB EHCI 1.10
scanning bus 1 for devices... 2 USB Device(s) found
       scanning usb for storage devices... 1 Storage Device(s) found
       scanning usb for ethernet devices... 
Warning: asx0 using MAC address from net device
1 Ethernet Device(s) found
Tegra124 (Nyan-big) # mw 0x7000e4a0 0x00080000
Tegra124 (Nyan-big) # setenv bootargs 'ignore_loglevel console=ttyS0,115200n8 rw root=PARTUUID=4d36e82a-b3c0-4b4b-bfcd-afe5217ac023 rootwait gpt debug noinitrd earlyprintk init=/bin/bash'
Tegra124 (Nyan-big) # setenv ipaddr 192.168.100.104; setenv serverip 192.168.100.1; setenv tftpserverip 192.168.100.1
Tegra124 (Nyan-big) # tftpboot 0x82000000 zImage.multi_v7_defconfig
Using asx0 device
TFTP from server 192.168.100.1; our IP address is 192.168.100.104
Filename 'zImage.multi_v7_defconfig'.
Load address: 0x82000000
Loading: *#################################################################
	 #################################################################
	 #################################################################
	 #################################################################
	 #################################################################
	 #################################################################
	 #################################################################
	 #################################################################
	 #################################
	 3.4 MiB/s
done
Bytes transferred = 8114688 (7bd200 hex)
Tegra124 (Nyan-big) # tftpboot 0x83000000 tegra124-nyan-big.dtb
Using asx0 device
TFTP from server 192.168.100.1; our IP address is 192.168.100.104
Filename 'tegra124-nyan-big.dtb'.
Load address: 0x83000000
Loading: *#####
	 2.1 MiB/s
done
Bytes transferred = 67482 (1079a hex)
Tegra124 (Nyan-big) # bootz 0x82000000 - 0x83000000
Kernel image @ 0x82000000 [ 0x000000 - 0x7bd200 ]
## Flattened Device Tree blob at 83000000
   Booting using the fdt blob at 0x83000000
   Using Device Tree in place at 83000000, end 83013799

Starting kernel ...

[    0.000000] Booting Linux on physical CPU 0x0
[    0.000000] Linux version 4.15.0-rc3-next-20171213-339019-g41d8c16909eb (jonathanh@tamien) (gcc version 4.7.3 20130328 (prerelease) (crosstool-NG linaro-1.13.1-4.7-2013.04-20130415 - Linaro GCC 2013.04)) #1 SMP Tue Dec 12 21:47:42 PST 2017
[    0.000000] CPU: ARMv7 Processor [413fc0f3] revision 3 (ARMv7), cr=10c5387d
[    0.000000] CPU: div instructions available: patching division code
[    0.000000] CPU: PIPT / VIPT nonaliasing data cache, PIPT instruction cache
[    0.000000] OF: fdt: Machine model: Acer Chromebook 13 CB5-311
[    0.000000] OF: fdt: Ignoring memory range 0x100000000 - 0x17ffff000
[    0.000000] debug: ignoring loglevel setting.
[    0.000000] Memory policy: Data cache writealloc
[    0.000000] efi: Getting EFI parameters from FDT:
[    0.000000] efi: UEFI not found.
[    0.000000] cma: Reserved 64 MiB at 0xfb800000
[    0.000000] On node 0 totalpages: 524287
[    0.000000]   DMA zone: 1536 pages used for memmap
[    0.000000]   DMA zone: 0 pages reserved
[    0.000000]   DMA zone: 196608 pages, LIFO batch:31
[    0.000000]   HighMem zone: 327679 pages, LIFO batch:31
[    0.000000] random: fast init done
[    0.000000] percpu: Embedded 17 pages/cpu @(ptrval) s39040 r8192 d22400 u69632
[    0.000000] pcpu-alloc: s39040 r8192 d22400 u69632 alloc=17*4096
[    0.000000] pcpu-alloc: [0] 0 [0] 1 [0] 2 [0] 3 
[    0.000000] Built 1 zonelists, mobility grouping on.  Total pages: 522751
[    0.000000] Kernel command line: ignore_loglevel console=ttyS0,115200n8 rw root=PARTUUID=4d36e82a-b3c0-4b4b-bfcd-afe5217ac023 rootwait gpt debug noinitrd earlyprintk init=/bin/bash
[    0.000000] Dentry cache hash table entries: 131072 (order: 7, 524288 bytes)
[    0.000000] Inode-cache hash table entries: 65536 (order: 6, 262144 bytes)
[    0.000000] Memory: 1993476K/2097148K available (11264K kernel code, 1582K rwdata, 4312K rodata, 2048K init, 404K bss, 38136K reserved, 65536K cma-reserved, 1245180K highmem)
[    0.000000] Virtual kernel memory layout:
[    0.000000]     vector  : 0xffff0000 - 0xffff1000   (   4 kB)
[    0.000000]     fixmap  : 0xffc00000 - 0xfff00000   (3072 kB)
[    0.000000]     vmalloc : 0xf0800000 - 0xff800000   ( 240 MB)
[    0.000000]     lowmem  : 0xc0000000 - 0xf0000000   ( 768 MB)
[    0.000000]     pkmap   : 0xbfe00000 - 0xc0000000   (   2 MB)
[    0.000000]     modules : 0xbf000000 - 0xbfe00000   (  14 MB)
[    0.000000]       .text : 0x(ptrval) - 0x(ptrval)   (12256 kB)
[    0.000000]       .init : 0x(ptrval) - 0x(ptrval)   (2048 kB)
[    0.000000]       .data : 0x(ptrval) - 0x(ptrval)   (1583 kB)
[    0.000000]        .bss : 0x(ptrval) - 0x(ptrval)   ( 405 kB)
[    0.000000] SLUB: HWalign=64, Order=0-3, MinObjects=0, CPUs=4, Nodes=1
[    0.000000] Hierarchical RCU implementation.
[    0.000000] 	RCU event tracing is enabled.
[    0.000000] 	RCU restricting CPUs from NR_CPUS=16 to nr_cpu_ids=4.
[    0.000000] RCU: Adjusting geometry for rcu_fanout_leaf=16, nr_cpu_ids=4
[    0.000000] NR_IRQS: 16, nr_irqs: 16, preallocated irqs: 16
[    0.000000] /interrupt-controller@60004000: 160 interrupts forwarded to /interrupt-controller@50041000
[    0.000000] Tegra clk 127: register failed with -17
[    0.000004] sched_clock: 32 bits at 1000kHz, resolution 1000ns, wraps every 2147483647500ns
[    0.000011] clocksource: timer_us: mask: 0xffffffff max_cycles: 0xffffffff, max_idle_ns: 1911260446275 ns
[    0.000018] Switching to timer-based delay loop, resolution 1000ns
[    0.001896] arch_timer: cp15 timer(s) running at 12.00MHz (virt).
[    0.001903] clocksource: arch_sys_counter: mask: 0xffffffffffffff max_cycles: 0x2c47f4ee7, max_idle_ns: 440795202497 ns
[    0.001910] sched_clock: 56 bits at 12MHz, resolution 83ns, wraps every 4398046511096ns
[    0.001914] Switching to timer-based delay loop, resolution 83ns
[    0.002135] Console: colour dummy device 80x30
[    0.002150] Calibrating delay loop (skipped), value calculated using timer frequency.. 24.00 BogoMIPS (lpj=120000)
[    0.002157] pid_max: default: 32768 minimum: 301
[    0.002204] Mount-cache hash table entries: 2048 (order: 1, 8192 bytes)
[    0.002209] Mountpoint-cache hash table entries: 2048 (order: 1, 8192 bytes)
[    0.002413] CPU: Testing write buffer coherency: ok
[    0.002545] /cpus/cpu@0 missing clock-frequency property
[    0.002561] /cpus/cpu@1 missing clock-frequency property
[    0.002575] /cpus/cpu@2 missing clock-frequency property
[    0.002591] /cpus/cpu@3 missing clock-frequency property
[    0.002596] CPU0: thread -1, cpu 0, socket 0, mpidr 80000000
[    0.002714] Setting up static identity map for 0x80300000 - 0x803000a0
[    0.003432] Hierarchical SRCU implementation.
[    0.004136] Tegra Revision: A01 SKU: 131 CPU Process: 1 SoC Process: 1
[    0.004419] EFI services will not be available.
[    0.004482] smp: Bringing up secondary CPUs ...
[    0.004774] CPU1: thread -1, cpu 1, socket 0, mpidr 80000001
[    0.012169] CPU2: thread -1, cpu 2, socket 0, mpidr 80000002
[    0.022174] CPU3: thread -1, cpu 3, socket 0, mpidr 80000003
[    0.031900] smp: Brought up 1 node, 4 CPUs
[    0.031908] SMP: Total of 4 processors activated (96.00 BogoMIPS).
[    0.031911] CPU: All CPU(s) started in SVC mode.
[    0.032467] devtmpfs: initialized
[    0.037674] Built 1 zonelists, mobility grouping on.  Total pages: 514753
[    0.037826] VFP support v0.3: implementor 41 architecture 4 part 30 variant f rev 0
[    0.038047] clocksource: jiffies: mask: 0xffffffff max_cycles: 0xffffffff, max_idle_ns: 19112604462750000 ns
[    0.038056] futex hash table entries: 1024 (order: 4, 65536 bytes)
[    0.038155] pinctrl core: initialized pinctrl subsystem
[    0.038733] DMI not present or invalid.
[    0.038838] NET: Registered protocol family 16
[    0.039530] DMA: preallocated 256 KiB pool for atomic coherent allocations
[    0.040454] cpuidle: using governor menu
[    0.048806] No ATAGs?
[    0.048862] hw-breakpoint: found 5 (+1 reserved) breakpoint and 4 watchpoint registers.
[    0.048867] hw-breakpoint: maximum watchpoint size is 8 bytes.
[    0.051655] Serial: AMBA PL011 UART driver
[    0.052096] tegra-mc 70019000.memory-controller: no memory timings for RAM code 0 registered
[    0.052212] iommu: Adding device reg-dummy to group 0
[    0.052240] iommu: Adding device 50000000.host1x to group 1
[    0.052265] iommu: Adding device 54200000.dc to group 2
[    0.052295] iommu: Adding device 54240000.dc to group 3
[    0.052308] iommu: Adding device 54280000.hdmi to group 4
[    0.052319] iommu: Adding device 54540000.sor to group 5
[    0.052330] iommu: Adding device 545c0000.dpaux to group 6
[    0.052354] iommu: Adding device 57000000.gpu to group 7
[    0.052366] iommu: Adding device 60005000.timer to group 8
[    0.052377] iommu: Adding device 60007000.flow-controller to group 9
[    0.052388] iommu: Adding device 6000c800.actmon to group 10
[    0.052401] iommu: Adding device 6000d000.gpio to group 11
[    0.052413] iommu: Adding device 60020000.dma to group 12
[    0.052423] iommu: Adding device 70000800.apbmisc to group 13
[    0.052436] iommu: Adding device 70000868.pinmux to group 14
[    0.052448] iommu: Adding device 70006000.serial to group 15
[    0.052460] iommu: Adding device 7000a000.pwm to group 16
[    0.052471] iommu: Adding device 7000c000.i2c to group 17
[    0.052482] iommu: Adding device 7000c400.i2c to group 18
[    0.052492] iommu: Adding device 7000c500.i2c to group 19
[    0.052506] iommu: Adding device 7000c700.i2c to group 20
[    0.052517] iommu: Adding device 7000d000.i2c to group 21
[    0.052528] iommu: Adding device 7000d400.spi to group 22
[    0.052539] iommu: Adding device 7000da00.spi to group 23
[    0.052552] iommu: Adding device 7000e000.rtc to group 24
[    0.052563] iommu: Adding device 7000e400.pmc to group 25
[    0.052574] iommu: Adding device 7000f800.fuse to group 26
[    0.052584] iommu: Adding device 70019000.memory-controller to group 27
[    0.052597] iommu: Adding device 7001b000.emc to group 28
[    0.052608] iommu: Adding device 70030000.hda to group 29
[    0.052619] iommu: Adding device 70090000.usb to group 30
[    0.052630] iommu: Adding device 7009f000.padctl to group 31
[    0.052641] iommu: Adding device 700b0000.sdhci to group 32
[    0.052651] iommu: Adding device 700b0400.sdhci to group 33
[    0.052662] iommu: Adding device 700b0600.sdhci to group 34
[    0.052676] iommu: Adding device 700e2000.thermal-sensor to group 35
[    0.052689] iommu: Adding device 70300000.ahub to group 36
[    0.052700] iommu: Adding device pmu to group 37
[    0.052711] iommu: Adding device timer to group 38
[    0.052721] iommu: Adding device sdhci0_pwrseq to group 39
[    0.052732] iommu: Adding device backlight to group 40
[    0.052742] iommu: Adding device clocks to group 41
[    0.052753] iommu: Adding device gpio-keys to group 42
[    0.052763] iommu: Adding device regulators to group 43
[    0.052774] iommu: Adding device regulators:regulator@0 to group 44
[    0.052787] iommu: Adding device regulators:regulator@1 to group 45
[    0.052800] iommu: Adding device regulators:regulator@2 to group 46
[    0.052813] iommu: Adding device regulators:regulator@3 to group 47
[    0.052824] iommu: Adding device regulators:regulator@4 to group 48
[    0.052835] iommu: Adding device regulators:regulator@5 to group 49
[    0.052845] iommu: Adding device regulators:regulator@6 to group 50
[    0.052856] iommu: Adding device regulators:regulator@7 to group 51
[    0.052866] iommu: Adding device regulators:regulator@8 to group 52
[    0.052879] iommu: Adding device regulators:regulator@9 to group 53
[    0.052890] iommu: Adding device regulators:regulator@10 to group 54
[    0.052901] iommu: Adding device regulators:regulator@11 to group 55
[    0.052914] iommu: Adding device regulators:regulator@12 to group 56
[    0.052925] iommu: Adding device sound to group 57
[    0.052936] iommu: Adding device gpio-restart to group 58
[    0.052946] iommu: Adding device panel to group 59
[    0.058080] AT91: Could not find identification node
[    0.058284] +5V_SYS: supplied by +VDD_MUX
[    0.058382] +3.3V_SYS: supplied by +VDD_MUX
[    0.058590] +VDD_LED: Failed to request enable GPIO122: -517
[    0.058596] reg-fixed-voltage regulators:regulator@5: Failed to register regulator: -517
[    0.058630] +5V_VDD_TS_SW: Failed to request enable GPIO81: -517
[    0.058635] reg-fixed-voltage regulators:regulator@6: Failed to register regulator: -517
[    0.058667] +5V_USB_HS: Failed to request enable GPIO108: -517
[    0.058672] reg-fixed-voltage regulators:regulator@7: Failed to register regulator: -517
[    0.058705] +5V_USB_SS: Failed to request enable GPIO109: -517
[    0.058709] reg-fixed-voltage regulators:regulator@8: Failed to register regulator: -517
[    0.058797] +1.05V_RUN_AVDD_HDMI_PLL: Failed to request enable GPIO63: -517
[    0.058801] reg-fixed-voltage regulators:regulator@11: Failed to register regulator: -517
[    0.058833] +5V_HDMI_CON: Failed to request enable GPIO86: -517
[    0.058837] reg-fixed-voltage regulators:regulator@12: Failed to register regulator: -517
[    0.059806] vgaarb: loaded
[    0.060073] SCSI subsystem initialized
[    0.060146] libata version 3.00 loaded.
[    0.060219] usbcore: registered new interface driver usbfs
[    0.060236] usbcore: registered new interface driver hub
[    0.060256] usbcore: registered new device driver usb
[    0.061553] pps_core: LinuxPPS API ver. 1 registered
[    0.061558] pps_core: Software ver. 5.3.6 - Copyright 2005-2007 Rodolfo Giometti <giometti@linux.it>
[    0.061567] PTP clock support registered
[    0.061634] EDAC MC: Ver: 3.0.0
[    0.062053] tegra-emc 7001b000.emc: no memory timings for RAM code 0 found in DT
[    0.062063] tegra-emc: probe of 7001b000.emc failed with error -2
[    0.062488] clocksource: Switched to clocksource arch_sys_counter
[    0.080326] NET: Registered protocol family 2
[    0.080518] tcp_listen_portaddr_hash hash table entries: 512 (order: 0, 6144 bytes)
[    0.080529] TCP established hash table entries: 8192 (order: 3, 32768 bytes)
[    0.080563] TCP bind hash table entries: 8192 (order: 4, 65536 bytes)
[    0.080625] TCP: Hash tables configured (established 8192 bind 8192)
[    0.080662] UDP hash table entries: 512 (order: 2, 16384 bytes)
[    0.080677] UDP-Lite hash table entries: 512 (order: 2, 16384 bytes)
[    0.080735] NET: Registered protocol family 1
[    0.080914] RPC: Registered named UNIX socket transport module.
[    0.080918] RPC: Registered udp transport module.
[    0.080921] RPC: Registered tcp transport module.
[    0.080924] RPC: Registered tcp NFSv4.1 backchannel transport module.
[    0.080930] PCI: CLS 0 bytes, default 64
[    0.081500] hw perfevents: enabled with armv7_cortex_a15 PMU driver, 7 counters available
[    0.081788] iommu: Adding device alarmtimer to group 60
[    0.082107] Initialise system trusted keyrings
[    0.082168] workingset: timestamp_bits=30 max_order=19 bucket_order=0
[    0.084467] squashfs: version 4.0 (2009/01/31) Phillip Lougher
[    0.084691] NFS: Registering the id_resolver key type
[    0.084700] Key type id_resolver registered
[    0.084703] Key type id_legacy registered
[    0.084720] ntfs: driver 2.1.32 [Flags: R/O].
[    0.085264] Key type asymmetric registered
[    0.085268] Asymmetric key parser 'x509' registered
[    0.085288] bounce: pool size: 64 pages
[    0.085306] Block layer SCSI generic (bsg) driver version 0.4 loaded (major 246)
[    0.085310] io scheduler noop registered
[    0.085313] io scheduler deadline registered
[    0.085393] io scheduler cfq registered (default)
[    0.085397] io scheduler mq-deadline registered
[    0.085400] io scheduler kyber registered
[    0.086768] tegra-xusb-padctl 7009f000.padctl: failed to setup XUSB ports: -517
[    0.097421] tegra-apbdma 60020000.dma: Tegra20 APB DMA driver register 32 channels
[    0.098579] tegra-pmc 7000e400.pmc: i2c-thermtrip node not found, emergency thermal reset disabled.
[    0.115380] Serial: 8250/16550 driver, 4 ports, IRQ sharing disabled
[    0.115424] iommu: Adding device serial8250 to group 61
[    0.116449] console [ttyS0] disabled
[    0.116467] 70006000.serial: ttyS0 at MMIO 0x70006000 (irq = 333, base_baud = 25500000) is a Tegra
[    1.375450] console [ttyS0] enabled
[    1.379231] SuperH (H)SCI(F) driver initialized
[    1.384128] msm_serial: driver initialized
[    1.388272] STMicroelectronics ASC driver initialized
[    1.411733] tegra-hdmi 54280000.hdmi: failed to get HDMI regulator
[    1.418285] tegra-dpaux 545c0000.dpaux: failed to get VDD supply: -517
[    1.425744] panel-simple panel: panel supply power not found, using dummy regulator
[    1.436065] brd: module loaded
[    1.441454] loop: module loaded
[    1.445549] as3722 4-0040: AS3722 with revision 0x1 found
[    1.452050] iommu: Adding device as3722-pinctrl to group 62
[    1.458953] iommu: Adding device as3722-regulator to group 63
[    1.466796] as3722-sd2: supplied by +5V_SYS
[    1.471194] as3722-sd3: supplied by +5V_SYS
[    1.475583] +1.35V_LP0(sd3): Bringing 0uV into 1350000-1350000uV
[    1.481747] as3722-sd4: supplied by +5V_SYS
[    1.486084] +1.05V_RUN: Bringing 0uV into 1050000-1050000uV
[    1.491808] as3722-sd5: supplied by +5V_SYS
[    1.497367] as3722-ldo0: supplied by +1.35V_LP0(sd2)
[    1.503083] +1.8V_RUN_CAM: Bringing 0uV into 1800000-1800000uV
[    1.509079] as3722-ldo2: supplied by +1.8V_VDDIO
[    1.514686] as3722-ldo3: supplied by +3.3V_SYS
[    1.519130] +1.00V_LP0_VDD_RTC: Bringing 1100000uV into 1000000-1000000uV
[    1.526691] as3722-ldo4: supplied by +3.3V_SYS
[    1.531280] +3.3V_RUN_CAM: Bringing 0uV into 2800000-2800000uV
[    1.537289] as3722-ldo5: supplied by +1.8V_VDDIO
[    1.542051] +1.2V_RUN_CAM_FRONT: Bringing 0uV into 1200000-1200000uV
[    1.548724] +VDDIO_SDMMC3: Bringing 0uV into 1800000-1800000uV
[    1.554738] as3722-ldo7: supplied by +1.8V_VDDIO
[    1.559502] +1.05V_RUN_CAM_REAR: Bringing 0uV into 1050000-1050000uV
[    1.566037] as3722-ldo9: supplied by +5V_SYS
[    1.570602] +2.8V_RUN_TOUCH: Bringing 0uV into 2800000-2800000uV
[    1.576791] as3722-ldo10: supplied by +5V_SYS
[    1.581294] +2.8V_RUN_CAM_AF: Bringing 0uV into 2800000-2800000uV
[    1.587722] +1.8V_RUN_VPP_FUSE: Bringing 0uV into 1800000-1800000uV
[    1.594211] iommu: Adding device as3722-rtc to group 64
[    1.599564] iommu: Adding device as3722-adc to group 65
[    1.604889] iommu: Adding device as3722-power-off to group 66
[    1.610723] iommu: Adding device as3722-wdt to group 67
[    1.627652] m25p80 spi1.0: w25q32dw (4096 Kbytes)
[    1.633172] iommu: Adding device Fixed MDIO bus.0 to group 68
[    1.639048] libphy: Fixed MDIO Bus: probed
[    1.643480] CAN device driver interface
[    1.647616] bgmac_bcma: Broadcom 47xx GBit MAC driver loaded
[    1.653726] e1000e: Intel(R) PRO/1000 Network Driver - 3.2.6-k
[    1.659542] e1000e: Copyright(c) 1999 - 2015 Intel Corporation.
[    1.665469] igb: Intel(R) Gigabit Ethernet Network Driver - version 5.4.0-k
[    1.672412] igb: Copyright (c) 2007-2014 Intel Corporation.
[    1.679288] pegasus: v0.9.3 (2013/04/25), Pegasus/Pegasus II USB Ethernet driver
[    1.686696] usbcore: registered new interface driver pegasus
[    1.692352] usbcore: registered new interface driver asix
[    1.697753] usbcore: registered new interface driver ax88179_178a
[    1.703846] usbcore: registered new interface driver cdc_ether
[    1.709676] usbcore: registered new interface driver smsc75xx
[    1.715430] usbcore: registered new interface driver smsc95xx
[    1.721169] usbcore: registered new interface driver net1080
[    1.726829] usbcore: registered new interface driver cdc_subset
[    1.732747] usbcore: registered new interface driver zaurus
[    1.738320] usbcore: registered new interface driver cdc_ncm
[    1.744647] ehci_hcd: USB 2.0 'Enhanced' Host Controller (EHCI) Driver
[    1.751157] ehci-pci: EHCI PCI platform driver
[    1.755608] ehci-platform: EHCI generic platform driver
[    1.760889] ehci-orion: EHCI orion driver
[    1.764947] SPEAr-ehci: EHCI SPEAr driver
[    1.768990] ehci-st: EHCI STMicroelectronics driver
[    1.773906] ehci-exynos: EHCI EXYNOS driver
[    1.778128] ehci-atmel: EHCI Atmel driver
[    1.782170] tegra-ehci: Tegra EHCI driver
[    1.786236] ohci_hcd: USB 1.1 'Open' Host Controller (OHCI) Driver
[    1.792405] ohci-pci: OHCI PCI platform driver
[    1.796853] ohci-platform: OHCI generic platform driver
[    1.802126] SPEAr-ohci: OHCI SPEAr driver
[    1.806176] ohci-st: OHCI STMicroelectronics driver
[    1.811086] ohci-atmel: OHCI Atmel driver
[    1.815335] usbcore: registered new interface driver usb-storage
[    1.822623] elan_i2c 1-0015: 1-0015 supply vcc not found, using dummy regulator
[    1.824002] as3722-rtc as3722-rtc: rtc core: registered as3722-rtc as rtc0
[    1.824006] as3722-rtc as3722-rtc: RTC interrupt 372
[    1.826313] tegra_rtc 7000e000.rtc: rtc core: registered 7000e000.rtc as rtc1
[    1.826335] tegra_rtc 7000e000.rtc: Tegra internal Real Time Clock
[    1.826598] i2c /dev entries driver
[    1.829818] lm90 0-004c: 0-004c supply vcc not found, using dummy regulator
[    1.833932] iommu: Adding device cpufreq-tegra124 to group 69
[    1.835233] sdhci: Secure Digital Host Controller Interface driver
[    1.835234] sdhci: Copyright(c) Pierre Ossman
[    1.835958] Synopsys Designware Multimedia Card Interface Driver
[    1.836624] sdhci-pltfm: SDHCI platform and OF driver helper
[    1.837006] sdhci-tegra 700b0000.sdhci: allocated mmc-pwrseq
[    1.845200] sdhci-tegra 700b0400.sdhci: Got CD GPIO
[    1.845210] sdhci-tegra 700b0400.sdhci: Got WP GPIO
[    1.860657] mmc0: Unknown controller version (3). You may experience problems.
[    1.860696] mmc0: Invalid maximum block size, assuming 512 bytes
[    1.891472] mmc0: SDHCI controller on 700b0600.sdhci [700b0600.sdhci] using ADMA
[    1.929280] ledtrig-cpu: registered to indicate activity on CPUs
[    1.935414] usbcore: registered new interface driver usbhid
[    1.940978] usbhid: USB HID core driver
[    1.946262] NET: Registered protocol family 10
[    1.951026] Segment Routing with IPv6
[    1.954735] sit: IPv6, IPv4 and MPLS over IPv4 tunneling driver
[    1.960834] NET: Registered protocol family 17
[    1.965274] can: controller area network core (rev 20170425 abi 9)
[    1.971458] NET: Registered protocol family 29
[    1.975893] can: raw protocol (rev 20170425)
[    1.980150] can: broadcast manager protocol (rev 20170425 t)
[    1.985799] can: netlink gateway (rev 20170425) max_hops=1
[    1.991394] Key type dns_resolver registered
[    1.995856] ThumbEE CPU extension supported.
[    2.000116] Registering SWP/SWPB emulation handler
[    2.005124] Loading compiled-in X.509 certificates
[    2.014609] +3.3V_RUN: supplied by +3.3V_SYS
[    2.019475] +VDD_LED: supplied by +VDD_MUX
[    2.023693] +3.3V_AVDD_HDMI_AP_GATED: supplied by +3.3V_RUN
[    2.029342] +1.8V_RUN_CAM: supplied by +3.3V_RUN
[    2.034086] +VDDIO_SDMMC3: supplied by +3.3V_RUN
[    2.038786] +1.8V_RUN_VPP_FUSE: supplied by +3.3V_RUN
[    2.044092] +5V_VDD_TS_SW: supplied by +5V_SYS
[    2.048714] +5V_USB_HS: supplied by +5V_SYS
[    2.053356] +5V_USB_SS: supplied by +5V_SYS
[    2.058141] +3.3V_PANEL: supplied by +3.3V_RUN
[    2.063484] +3.3V_LP0: supplied by +3.3V_SYS
[    2.068373] +1.05V_RUN_AVDD_HDMI_PLL: supplied by +1.05V_RUN
[    2.074439] +5V_HDMI_CON: supplied by +5V_SYS
[    2.079390]  usb3-0: usb3-0 supply vbus not found, using dummy regulator
[    2.086205]  usb3-1: usb3-1 supply vbus not found, using dummy regulator
[    2.093004] mmc0: new high speed MMC card at address 0001
[    2.098790] mmcblk0: mmc0:0001 MMC16G 14.4 GiB 
[    2.098832] elan_i2c 1-0015: reading cmd (0x0101) fail.
[    2.098836] elan_i2c 1-0015: failed to get product ID: -121
[    2.114333] mmcblk0boot0: mmc0:0001 MMC16G partition 1 2.00 MiB
[    2.120383] mmcblk0boot1: mmc0:0001 MMC16G partition 2 2.00 MiB
[    2.126580] mmcblk0rpmb: mmc0:0001 MMC16G partition 3 128 KiB, chardev (236:0)
[    2.137115] tegra-sor 54540000.sor: failed to probe output: -517
[    2.143988] panel-simple panel: panel supply power not found, using dummy regulator
[    2.153167] sdhci-tegra 700b0000.sdhci: allocated mmc-pwrseq
[    2.160512]  mmcblk0: p1 p2 p3 p4 p5 p6 p7 p8 p9 p10 p11 p12
[    2.170360] mmc1: Unknown controller version (3). You may experience problems.
[    2.177642] mmc1: Invalid maximum block size, assuming 512 bytes
[    2.183979] mmc1: Switching to 3.3V signalling voltage failed
[    2.214940] mmc1: SDHCI controller on 700b0000.sdhci [700b0000.sdhci] using ADMA
[    2.223120] sdhci-tegra 700b0400.sdhci: Got CD GPIO
[    2.227991] sdhci-tegra 700b0400.sdhci: Got WP GPIO
[    2.238087] mmc2: Unknown controller version (3). You may experience problems.
[    2.245438] mmc2: Invalid maximum block size, assuming 512 bytes
[    2.280916] mmc1: new high speed SDIO card at address 0001
[    2.286697] mmc2: SDHCI controller on 700b0400.sdhci [700b0400.sdhci] using ADMA
[    2.294666] tegra-sor 54540000.sor: failed to probe output: -517
[    2.301569] panel-simple panel: panel supply power not found, using dummy regulator
[    2.310818] input: gpio-keys as /devices/soc0/gpio-keys/input/input0
[    2.318384] tegra-sor 54540000.sor: failed to probe output: -517
[    2.324696] as3722-rtc as3722-rtc: setting system clock to 2000-01-01 14:11:09 UTC (946735869)
[    2.325603] panel-simple panel: panel supply power not found, using dummy regulator
[    2.341307] +3.3V_AVDD_HDMI_AP_GATED: disabling
[    2.345861] +1.05V_RUN: disabling
[    2.349191] elan_i2c 1-0015: Elan Touchpad: Module ID: 0x002a, Firmware: 0x0005, Sample: 0x0007, IAP: 0x0009
[    2.359146] +1.8V_RUN_CAM: disabling
[    2.359397] input: Elan Touchpad as /devices/soc0/7000c400.i2c/i2c-1/1-0015/input/input1
[    2.360506] tegra-sor 54540000.sor: failed to probe output: -517
[    2.361312] panel-simple panel: panel supply power not found, using dummy regulator
[    2.384707] +3.3V_RUN_CAM: disabling
[    2.388490] +1.2V_RUN_CAM_FRONT: disabling
[    2.392817] +1.05V_RUN_CAM_REAR: disabling
[    2.397117] +2.8V_RUN_TOUCH: disabling
[    2.401045] +2.8V_RUN_CAM_AF: disabling
[    2.405120] +1.8V_RUN_VPP_FUSE: disabling
[    2.409288] +VDD_LED: disabling
[    2.412425] +5V_VDD_TS_SW: disabling
[    2.416035] +5V_USB_HS: disabling
[    2.419349] +5V_USB_SS: disabling
[    2.422674] +3.3V_PANEL: disabling
[    2.426075] +1.05V_RUN_AVDD_HDMI_PLL: disabling
[    2.430600] +5V_HDMI_CON: disabling
[    2.435067] EXT4-fs (mmcblk0p3): couldn't mount as ext3 due to feature incompatibilities
[    2.443682] EXT4-fs (mmcblk0p3): couldn't mount as ext2 due to feature incompatibilities
[    2.463963] mmc2: new high speed SDHC card at address 0007
[    2.469700] mmcblk2: mmc2:0007 SD08G 7.42 GiB 
[    2.482953] GPT:Primary header alternate_lba != Alt. header my_lba
[    2.489122] GPT:3014591 != 15564799
[    2.492610] GPT:Primary header thinks Alt. header is not at the end of the disk.
[    2.499996] GPT:3014591 != 15564799
[    2.503504] GPT: Use GNU Parted to correct GPT errors.
[    2.508654]  mmcblk2: p1 p2 p3 p4 p5 p6 p7 p8 p9 p10 p11 p12
[    2.517436] tegra-sor 54540000.sor: failed to probe output: -517
[    2.524047] panel-simple panel: panel supply power not found, using dummy regulator
[    2.788095] EXT4-fs (mmcblk0p3): recovery complete
[    2.793621] EXT4-fs (mmcblk0p3): mounted filesystem with ordered data mode. Opts: (null)
[    2.801723] VFS: Mounted root (ext4 filesystem) on device 179:3.
[    2.808733] devtmpfs: mounted
[    2.812383] Freeing unused kernel memory: 2048K
bash: cannot set terminal process group (-1): Inappropriate ioctl for device
bash: no job control in this shell
root@(none):/# mount -t sysfs none /sys
root@(none):/# 
root@(none):/# mount -t debugfs none /sys/kernel/debug
root@(none):/# 
root@(none):/# rtcwake -d rtc1 -m mem -s 3
rtcwake: assuming RTC uses UTC ...
rtcwake: wakeup from "mem" using /dev/rtc1 at Thu Jan  1 00:00:28 1970
[    5.895122] PM: suspend entry (deep)
[    5.898690] PM: Syncing filesystems ... done.
[    5.904562] Freezing user space processes ... (elapsed 0.001 seconds) done.
[    5.912692] OOM killer disabled.
[    5.915912] Freezing remaining freezable tasks ... (elapsed 0.001 seconds) done.
[    5.924494] Suspending console(s) (use no_console_suspend to debug)
[    5.953016] Disabling non-boot CPUs ...
[    6.002653] IRQ17 no longer affine to CPU1
[    6.113031] Entering suspend state LP1
[    6.113044] Enabling non-boot CPUs ...
[    6.113435] CPU1 is up
[    6.113730] CPU2 is up
[    6.114058] CPU3 is up
[    6.282777] mmc1: Switching to 3.3V signalling voltage failed
[    6.345392] tegra-sor 54540000.sor: failed to probe output: -517
[    6.346004] panel-simple panel: panel supply power not found, using dummy regulator
[    6.384474] OOM killer enabled.
[    6.387603] Restarting tasks ... done.
[    6.391632] PM: suspend exit
root@(none):/# 
root@(none):/# rtcwake -d rtc1 -m mem -s 3
rtcwake: assuming RTC uses UTC ...
rtcwake: wakeup from "mem" using /dev/rtc1 at Thu Jan  1 00:00:32 1970
[    6.872434] PM: suspend entry (deep)
[    6.876030] PM: Syncing filesystems ... done.
[    6.881846] Freezing user space processes ... (elapsed 0.001 seconds) done.
[    6.889888] OOM killer disabled.
[    6.893117] Freezing remaining freezable tasks ... (elapsed 0.001 seconds) done.
[    6.901634] Suspending console(s) (use no_console_suspend to debug)
[    6.930331] Disabling non-boot CPUs ...
[    7.012630] IRQ17 no longer affine to CPU2
[    7.073003] Entering suspend state LP1
[    7.073016] Enabling non-boot CPUs ...
[    7.073368] CPU1 is up
[    7.073661] CPU2 is up
[    7.073991] CPU3 is up
[    7.242677] mmc1: Switching to 3.3V signalling voltage failed
[    7.305189] tegra-sor 54540000.sor: failed to probe output: -517
[    7.305754] panel-simple panel: panel supply power not found, using dummy regulator
[    7.344201] OOM killer enabled.
[    7.347330] Restarting tasks ... done.
[    7.351359] PM: suspend exit
root@(none):/# 
root@(none):/# rtcwake -d rtc1 -m mem -s 3
rtcwake: assuming RTC uses UTC ...
rtcwake: wakeup from "mem" using /dev/rtc1 at Thu Jan  1 00:00:36 1970
[    7.831948] PM: suspend entry (deep)
[    7.835532] PM: Syncing filesystems ... done.
[    7.841319] Freezing user space processes ... (elapsed 0.001 seconds) done.
[    7.849429] OOM killer disabled.
[    7.852653] Freezing remaining freezable tasks ... (elapsed 0.001 seconds) done.
[    7.861176] Suspending console(s) (use no_console_suspend to debug)
[    7.889695] Disabling non-boot CPUs ...
[    7.942601] IRQ17 no longer affine to CPU1
[    8.062981] Entering suspend state LP1
[    8.062994] Enabling non-boot CPUs ...
[    8.063351] CPU1 is up
[    8.063647] CPU2 is up
[    8.063971] CPU3 is up
[    8.233295] mmc1: Switching to 3.3V signalling voltage failed
[    8.295717] tegra-sor 54540000.sor: failed to probe output: -517
[    8.296338] panel-simple panel: panel supply power not found, using dummy regulator
[    8.334770] OOM killer enabled.
[    8.337899] Restarting tasks ... done.
[    8.341929] PM: suspend exit
root@(none):/# 
root@(none):/# rtcwake -d rtc1 -m mem -s 3
rtcwake: assuming RTC uses UTC ...
rtcwake: wakeup from "mem" using /dev/rtc1 at Thu Jan  1 00:00:40 1970
[    8.822251] PM: suspend entry (deep)
[    8.825838] PM: Syncing filesystems ... done.
[    8.831595] Freezing user space processes ... (elapsed 0.001 seconds) done.
[    8.839622] OOM killer disabled.
[    8.842852] Freezing remaining freezable tasks ... (elapsed 0.001 seconds) done.
[    8.851368] Suspending console(s) (use no_console_suspend to debug)
[    8.880184] Disabling non-boot CPUs ...
[    9.032566] IRQ17 no longer affine to CPU3
[    9.033050] Entering suspend state LP1
[    9.033064] Enabling non-boot CPUs ...
[    9.033421] CPU1 is up
[    9.033717] CPU2 is up
[    9.034044] CPU3 is up
[    9.203236] mmc1: Switching to 3.3V signalling voltage failed
[    9.265913] tegra-sor 54540000.sor: failed to probe output: -517
[    9.266481] panel-simple panel: panel supply power not found, using dummy regulator
[    9.304896] OOM killer enabled.
[    9.308025] Restarting tasks ... done.
[    9.312035] PM: suspend exit
root@(none):/# 
root@(none):/# rtcwake -d rtc1 -m mem -s 3
rtcwake: assuming RTC uses UTC ...
rtcwake: wakeup from "mem" using /dev/rtc1 at Thu Jan  1 00:00:44 1970
[    9.792069] PM: suspend entry (deep)
[    9.795653] PM: Syncing filesystems ... done.
[    9.801403] Freezing user space processes ... (elapsed 0.001 seconds) done.
[    9.809430] OOM killer disabled.
[    9.812659] Freezing remaining freezable tasks ... (elapsed 0.001 seconds) done.
[    9.821176] Suspending console(s) (use no_console_suspend to debug)
[    9.849950] Disabling non-boot CPUs ...
[   10.002537] IRQ17 no longer affine to CPU3
[   10.003022] Entering suspend state LP1
[   10.003036] Enabling non-boot CPUs ...
[   10.003392] CPU1 is up
[   10.003687] CPU2 is up
[   10.004016] CPU3 is up
[   10.173254] mmc1: Switching to 3.3V signalling voltage failed
[   10.235948] tegra-sor 54540000.sor: failed to probe output: -517
[   10.236567] panel-simple panel: panel supply power not found, using dummy regulator
[   10.275002] OOM killer enabled.
[   10.278131] Restarting tasks ... done.
[   10.282158] PM: suspend exit
root@(none):/# 
root@(none):/# rtcwake -d rtc1 -m mem -s 3
rtcwake: assuming RTC uses UTC ...
rtcwake: wakeup from "mem" using /dev/rtc1 at Thu Jan  1 00:00:48 1970
[   10.761546] PM: suspend entry (deep)
[   10.765131] PM: Syncing filesystems ... done.
[   10.770818] Freezing user space processes ... (elapsed 0.001 seconds) done.
[   10.778857] OOM killer disabled.
[   10.782073] Freezing remaining freezable tasks ... (elapsed 0.001 seconds) done.
[   10.790594] Suspending console(s) (use no_console_suspend to debug)
[   10.819310] Disabling non-boot CPUs ...
[   10.972515] IRQ17 no longer affine to CPU3
[   10.972995] Entering suspend state LP1
[   10.973008] Enabling non-boot CPUs ...
[   10.973366] CPU1 is up
[   10.973659] CPU2 is up
[   10.973988] CPU3 is up
[   11.143542] mmc1: Switching to 3.3V signalling voltage failed
[   11.206156] tegra-sor 54540000.sor: failed to probe output: -517
[   11.206724] panel-simple panel: panel supply power not found, using dummy regulator
[   11.245136] OOM killer enabled.
[   11.248265] Restarting tasks ... done.
[   11.252286] PM: suspend exit
root@(none):/# 
root@(none):/# rtcwake -d rtc1 -m mem -s 3
rtcwake: assuming RTC uses UTC ...
rtcwake: wakeup from "mem" using /dev/rtc1 at Thu Jan  1 00:00:52 1970
[   11.731291] PM: suspend entry (deep)
[   11.734876] PM: Syncing filesystems ... done.
[   11.740590] Freezing user space processes ... (elapsed 0.001 seconds) done.
[   11.748644] OOM killer disabled.
[   11.751860] Freezing remaining freezable tasks ... (elapsed 0.001 seconds) done.
[   11.760378] Suspending console(s) (use no_console_suspend to debug)
[   11.789237] Disabling non-boot CPUs ...
[   11.942495] IRQ17 no longer affine to CPU3
[   11.942977] Entering suspend state LP1
[   11.942990] Enabling non-boot CPUs ...
[   11.943347] CPU1 is up
[   11.943641] CPU2 is up
[   11.943970] CPU3 is up
[   12.113245] mmc1: Switching to 3.3V signalling voltage failed
[   12.175926] tegra-sor 54540000.sor: failed to probe output: -517
[   12.176542] panel-simple panel: panel supply power not found, using dummy regulator
[   12.214972] OOM killer enabled.
[   12.218101] Restarting tasks ... done.
[   12.222136] PM: suspend exit
root@(none):/# 
root@(none):/# rtcwake -d rtc1 -m mem -s 3
rtcwake: assuming RTC uses UTC ...
rtcwake: wakeup from "mem" using /dev/rtc1 at Thu Jan  1 00:00:56 1970
[   12.701214] PM: suspend entry (deep)
[   12.704799] PM: Syncing filesystems ... done.
[   12.710498] Freezing user space processes ... (elapsed 0.001 seconds) done.
[   12.718605] OOM killer disabled.
[   12.721821] Freezing remaining freezable tasks ... (elapsed 0.001 seconds) done.
[   12.730354] Suspending console(s) (use no_console_suspend to debug)
[   12.759181] Disabling non-boot CPUs ...
[   12.852503] IRQ17 no longer affine to CPU2
[   12.892946] Entering suspend state LP1
[   12.892959] Enabling non-boot CPUs ...
[   12.893315] CPU1 is up
[   12.893609] CPU2 is up
[   12.893936] CPU3 is up
[   13.063026] mmc1: Switching to 3.3V signalling voltage failed
[   13.125390] tegra-sor 54540000.sor: failed to probe output: -517
[   13.126010] panel-simple panel: panel supply power not found, using dummy regulator
[   13.164443] OOM killer enabled.
[   13.167571] Restarting tasks ... done.
[   13.171601] PM: suspend exit
root@(none):/# 
root@(none):/# rtcwake -d rtc1 -m mem -s 3
rtcwake: assuming RTC uses UTC ...
rtcwake: wakeup from "mem" using /dev/rtc1 at Thu Jan  1 00:01:00 1970
[   13.651245] PM: suspend entry (deep)
[   13.654830] PM: Syncing filesystems ... done.
[   13.660359] Freezing user space processes ... (elapsed 0.001 seconds) done.
[   13.668416] OOM killer disabled.
[   13.671631] Freezing remaining freezable tasks ... (elapsed 0.001 seconds) done.
[   13.680150] Suspending console(s) (use no_console_suspend to debug)
[   13.708744] Disabling non-boot CPUs ...
[   13.862452] IRQ17 no longer affine to CPU3
[   13.862936] Entering suspend state LP1
[   13.862949] Enabling non-boot CPUs ...
[   13.863306] CPU1 is up
[   13.863601] CPU2 is up
[   13.863929] CPU3 is up
[   14.033194] mmc1: Switching to 3.3V signalling voltage failed
[   14.096136] tegra-sor 54540000.sor: failed to probe output: -517
[   14.096703] panel-simple panel: panel supply power not found, using dummy regulator
[   14.135116] OOM killer enabled.
[   14.138245] Restarting tasks ... done.
[   14.142263] PM: suspend exit
root@(none):/# 
root@(none):/# rtcwake -d rtc1 -m mem -s 3
rtcwake: assuming RTC uses UTC ...
rtcwake: wakeup from "mem" using /dev/rtc1 at Thu Jan  1 00:01:04 1970
[   14.621713] PM: suspend entry (deep)
[   14.625297] PM: Syncing filesystems ... done.
[   14.630830] Freezing user space processes ... (elapsed 0.001 seconds) done.
[   14.638884] OOM killer disabled.
[   14.642100] Freezing remaining freezable tasks ... (elapsed 0.001 seconds) done.
[   14.650624] Suspending console(s) (use no_console_suspend to debug)
[   14.679135] Disabling non-boot CPUs ...
[   14.782452] IRQ17 no longer affine to CPU2
[   14.852906] Entering suspend state LP1
[   14.852920] Enabling non-boot CPUs ...
[   14.853275] CPU1 is up
[   14.853570] CPU2 is up
[   14.853898] CPU3 is up
[   15.023644] mmc1: Switching to 3.3V signalling voltage failed
[   15.086248] tegra-sor 54540000.sor: failed to probe output: -517
[   15.086866] panel-simple panel: panel supply power not found, using dummy regulator
[   15.125357] OOM killer enabled.
[   15.128490] Restarting tasks ... done.
[   15.132556] PM: suspend exit
root@(none):/# 
root@(none):/# NVTB SYSTEM SUSPEND TEST COMPLETE
