
U-Boot SPL 2014.01-00219-gc4d376f (Feb 18 2014 - 19:57:18)


U-Boot 2014.01-00219-gc4d376f (Feb 18 2014 - 19:57:18)

TEGRA30
Board: NVIDIA Beaver
I2C:   ready
DRAM:  2 GiB
MMC:   Tegra SD/MMC: 0, Tegra SD/MMC: 1
In:    serial
Out:   serial
Err:   serial
Net:   Net Initialization Skipped
No ethernet found.
Hit any key to stop autoboot:  2  0 
Tegra30 (Beaver) # 
Tegra30 (Beaver) # usb reset
(Re)start USB...
USB0:   USB EHCI 1.00
scanning bus 0 for devices... 2 USB Device(s) found
       scanning usb for storage devices... 0 Storage Device(s) found
       scanning usb for ethernet devices... 
Warning: asx0 using MAC address from net device
1 Ethernet Device(s) found
Tegra30 (Beaver) # setenv bootargs 'ignore_loglevel console=ttyS0,115200n8 rw root=PARTUUID=edbe1840-3633-c751-7993-b0ac834f81e0 rootwait gpt debug noinitrd earlyprintk init=/bin/bash'
Tegra30 (Beaver) # setenv ipaddr 192.168.100.101; setenv serverip 192.168.100.1; setenv tftpserverip 192.168.100.1
Tegra30 (Beaver) # tftpboot 0x81000000 zImage.multi_v7_defconfig
Using asx0 device
TFTP from server 192.168.100.1; our IP address is 192.168.100.101
Filename 'zImage.multi_v7_defconfig'.
Load address: 0x81000000
Loading: *#################################################################
	 #################################################################
	 #################################################################
	 #################################################################
	 #################################################################
	 #################################################################
	 #################################################################
	 ###########################################
	 3.3 MiB/s
done
Bytes transferred = 7307040 (6f7f20 hex)
Tegra30 (Beaver) # tftpboot 0x82000000 tegra30-beaver.dtb
Using asx0 device
TFTP from server 192.168.100.1; our IP address is 192.168.100.101
Filename 'tegra30-beaver.dtb'.
Load address: 0x82000000
Loading: *####
	 2.9 MiB/s
done
Bytes transferred = 51804 (ca5c hex)
Tegra30 (Beaver) # bootz 0x81000000 - 0x82000000
Kernel image @ 0x81000000 [ 0x000000 - 0x6f7f20 ]
## Flattened Device Tree blob at 82000000
   Booting using the fdt blob at 0x82000000
   Loading Device Tree to 8fff0000, end 8ffffa5b ... OK

Starting kernel ...

[    0.000000] Booting Linux on physical CPU 0x0
[    0.000000] Linux version 4.9.0-rc4-next-20161110-133265-g6e637d6 (pwalmsley@sellafield) (gcc version 4.7.3 20130328 (prerelease) (crosstool-NG linaro-1.13.1-4.7-2013.04-20130415 - Linaro GCC 2013.04) ) #1 SMP Wed Nov 9 20:04:20 PST 2016
[    0.000000] CPU: ARMv7 Processor [412fc099] revision 9 (ARMv7), cr=10c5387d
[    0.000000] CPU: PIPT / VIPT nonaliasing data cache, VIPT aliasing instruction cache
[    0.000000] OF: fdt:Machine model: NVIDIA Tegra30 Beaver evaluation board
[    0.000000] debug: ignoring loglevel setting.
[    0.000000] efi: Getting EFI parameters from FDT:
[    0.000000] efi: UEFI not found.
[    0.000000] cma: Reserved 64 MiB at 0xfb800000
[    0.000000] Memory policy: Data cache writealloc
[    0.000000] On node 0 totalpages: 524032
[    0.000000] free_area_init_node: node 0, pgdat c1429540, node_mem_map eeff8000
[    0.000000]   DMA zone: 1536 pages used for memmap
[    0.000000]   DMA zone: 0 pages reserved
[    0.000000]   DMA zone: 196608 pages, LIFO batch:31
[    0.000000]   HighMem zone: 327424 pages, LIFO batch:31
[    0.000000] percpu: Embedded 14 pages/cpu @eef94000 s26688 r8192 d22464 u57344
[    0.000000] pcpu-alloc: s26688 r8192 d22464 u57344 alloc=14*4096
[    0.000000] pcpu-alloc: [0] 0 [0] 1 [0] 2 [0] 3 
[    0.000000] Built 1 zonelists in Zone order, mobility grouping on.  Total pages: 522496
[    0.000000] Kernel command line: ignore_loglevel console=ttyS0,115200n8 rw root=PARTUUID=edbe1840-3633-c751-7993-b0ac834f81e0 rootwait gpt debug noinitrd earlyprintk init=/bin/bash
[    0.000000] PID hash table entries: 4096 (order: 2, 16384 bytes)
[    0.000000] Dentry cache hash table entries: 131072 (order: 7, 524288 bytes)
[    0.000000] Inode-cache hash table entries: 65536 (order: 6, 262144 bytes)
[    0.000000] Memory: 1995000K/2096128K available (9216K kernel code, 1196K rwdata, 4088K rodata, 2048K init, 343K bss, 35592K reserved, 65536K cma-reserved, 1244160K highmem)
[    0.000000] Virtual kernel memory layout:
[    0.000000]     vector  : 0xffff0000 - 0xffff1000   (   4 kB)
[    0.000000]     fixmap  : 0xffc00000 - 0xfff00000   (3072 kB)
[    0.000000]     vmalloc : 0xf0800000 - 0xff800000   ( 240 MB)
[    0.000000]     lowmem  : 0xc0000000 - 0xf0000000   ( 768 MB)
[    0.000000]     pkmap   : 0xbfe00000 - 0xc0000000   (   2 MB)
[    0.000000]     modules : 0xbf000000 - 0xbfe00000   (  14 MB)
[    0.000000]       .text : 0xc0208000 - 0xc0c00000   (10208 kB)
[    0.000000]       .init : 0xc1100000 - 0xc1300000   (2048 kB)
[    0.000000]       .data : 0xc1300000 - 0xc142b020   (1197 kB)
[    0.000000]        .bss : 0xc142d000 - 0xc1482f08   ( 344 kB)
[    0.000000] SLUB: HWalign=64, Order=0-3, MinObjects=0, CPUs=4, Nodes=1
[    0.000000] Hierarchical RCU implementation.
[    0.000000] 	Build-time adjustment of leaf fanout to 32.
[    0.000000] 	RCU restricting CPUs from NR_CPUS=16 to nr_cpu_ids=4.
[    0.000000] RCU: Adjusting geometry for rcu_fanout_leaf=32, nr_cpu_ids=4
[    0.000000] NR_IRQS:16 nr_irqs:16 16
[    0.000000] /interrupt-controller@60004000: 160 interrupts forwarded to /interrupt-controller@50041000
[    0.000000] L2C: platform modifies aux control register: 0x02080000 -> 0x3e480001
[    0.000000] L2C: DT/platform modifies aux control register: 0x02080000 -> 0x3e480001
[    0.000000] L2C-310 erratum 769419 enabled
[    0.000000] L2C-310 enabling early BRESP for Cortex-A9
[    0.000000] L2C-310: enabling full line of zeros but not enabled in Cortex-A9
[    0.000000] L2C-310 dynamic clock gating enabled, standby mode enabled
[    0.000000] L2C-310 cache controller enabled, 8 ways, 1024 kB
[    0.000000] L2C-310: CACHE_ID 0x410000c7, AUX_CTRL 0x4e480001
[    0.000013] sched_clock: 32 bits at 1000kHz, resolution 1000ns, wraps every 2147483647500ns
[    0.000030] clocksource: timer_us: mask: 0xffffffff max_cycles: 0xffffffff, max_idle_ns: 1911260446275 ns
[    0.000038] Switching to timer-based delay loop, resolution 1000ns
[    0.002836] Console: colour dummy device 80x30
[    0.002863] Calibrating delay loop (skipped), value calculated using timer frequency.. 2.00 BogoMIPS (lpj=5000)
[    0.002873] pid_max: default: 32768 minimum: 301
[    0.002946] Mount-cache hash table entries: 2048 (order: 1, 8192 bytes)
[    0.002953] Mountpoint-cache hash table entries: 2048 (order: 1, 8192 bytes)
[    0.003381] CPU: Testing write buffer coherency: ok
[    0.003676] CPU0: thread -1, cpu 0, socket 0, mpidr 80000000
[    0.003851] Setting up static identity map for 0x80300000 - 0x80300098
[    0.006192] Tegra Revision: A03 SKU: 128 CPU Process: 4 SoC Process: 0
[    0.006688] EFI services will not be available.
[    0.006846] smp: Bringing up secondary CPUs ...
[    0.010355] CPU1: thread -1, cpu 1, socket 0, mpidr 80000001
[    0.015332] CPU2: thread -1, cpu 2, socket 0, mpidr 80000002
[    0.020332] CPU3: thread -1, cpu 3, socket 0, mpidr 80000003
[    0.020377] smp: Brought up 1 node, 4 CPUs
[    0.020389] SMP: Total of 4 processors activated (8.00 BogoMIPS).
[    0.020393] CPU: All CPU(s) started in SVC mode.
[    0.021082] devtmpfs: initialized
[    0.029808] VFP support v0.3: implementor 41 architecture 3 part 30 variant 9 rev 4
[    0.030252] clocksource: jiffies: mask: 0xffffffff max_cycles: 0xffffffff, max_idle_ns: 9556302231375000 ns
[    0.033512] pinctrl core: initialized pinctrl subsystem
[    0.035106] NET: Registered protocol family 16
[    0.037351] DMA: preallocated 256 KiB pool for atomic coherent allocations
[    0.038900] cpuidle: using governor menu
[    0.053061] No ATAGs?
[    0.053088] hw-breakpoint: found 5 (+1 reserved) breakpoint and 1 watchpoint registers.
[    0.053096] hw-breakpoint: maximum watchpoint size is 4 bytes.
[    0.057042] Serial: AMBA PL011 UART driver
[    0.057487] tegra-mc 7000f000.memory-controller: no memory timings for RAM code 3 registered
[    0.066190] vdd_5v_sata: Failed to request enable GPIO30: -517
[    0.066203] reg-fixed-voltage regulators:regulator@3: Failed to register regulator: -517
[    0.066246] usb1_vbus: Failed to request enable GPIO238: -517
[    0.066253] reg-fixed-voltage regulators:regulator@4: Failed to register regulator: -517
[    0.066296] usb3_vbus: Failed to request enable GPIO236: -517
[    0.066303] reg-fixed-voltage regulators:regulator@5: Failed to register regulator: -517
[    0.066390] sys_3v3_pexs: Failed to request enable GPIO95: -517
[    0.066397] reg-fixed-voltage regulators:regulator@7: Failed to register regulator: -517
[    0.068259] vgaarb: loaded
[    0.068742] SCSI subsystem initialized
[    0.068886] libata version 3.00 loaded.
[    0.069037] usbcore: registered new interface driver usbfs
[    0.069072] usbcore: registered new interface driver hub
[    0.069106] usbcore: registered new device driver usb
[    0.076255] vrtc: supplied by vdd_5v_in
[    0.079540] vio: supplied by vdd_5v_in
[    0.086813] vdd1: supplied by vdd_5v_in
[    0.088168] vddio_ddr_1v2: Bringing 600000uV into 1200000-1200000uV
[    0.091833] vdd2: supplied by vdd_5v_in
[    0.101819] ldo1: supplied by vdd_1v5_gen
[    0.104198] ldo2: supplied by vdd_1v5_gen
[    0.104669] vdd_sata,avdd_plle: Bringing 1200000uV into 1050000-1050000uV
[    0.106915] ldo3: supplied by vdd_5v_in
[    0.109276] ldo4: supplied by vdd_5v_in
[    0.111815] ldo5: supplied by vdd_5v_in
[    0.116803] ldo6: supplied by vdd_1v8_gen
[    0.117271] avdd_dsi_csi,pwrdet_mipi: Bringing 1000000uV into 1200000-1200000uV
[    0.119509] ldo7: supplied by vdd_1v8_gen
[    0.126814] ldo8: supplied by vdd_1v8_gen
[    0.131883] pps_core: LinuxPPS API ver. 1 registered
[    0.131889] pps_core: Software ver. 5.3.6 - Copyright 2005-2007 Rodolfo Giometti <giometti@linux.it>
[    0.131905] PTP clock support registered
[    0.132042] EDAC MC: Ver: 3.0.0
[    0.133549] clocksource: Switched to clocksource timer_us
[    0.139317] NET: Registered protocol family 2
[    0.139712] TCP established hash table entries: 8192 (order: 3, 32768 bytes)
[    0.139765] TCP bind hash table entries: 8192 (order: 4, 65536 bytes)
[    0.139848] TCP: Hash tables configured (established 8192 bind 8192)
[    0.139934] UDP hash table entries: 512 (order: 2, 16384 bytes)
[    0.139992] UDP-Lite hash table entries: 512 (order: 2, 16384 bytes)
[    0.140158] NET: Registered protocol family 1
[    0.140419] RPC: Registered named UNIX socket transport module.
[    0.140426] RPC: Registered udp transport module.
[    0.140430] RPC: Registered tcp transport module.
[    0.140434] RPC: Registered tcp NFSv4.1 backchannel transport module.
[    0.140443] PCI: CLS 0 bytes, default 64
[    0.141254] hw perfevents: enabled with armv7_cortex_a9 PMU driver, 7 counters available
[    0.142124] futex hash table entries: 1024 (order: 4, 65536 bytes)
[    0.142589] workingset: timestamp_bits=30 max_order=19 bucket_order=0
[    0.147737] squashfs: version 4.0 (2009/01/31) Phillip Lougher
[    0.148200] NFS: Registering the id_resolver key type
[    0.148226] Key type id_resolver registered
[    0.148230] Key type id_legacy registered
[    0.148260] ntfs: driver 2.1.32 [Flags: R/O].
[    0.149355] bounce: pool size: 64 pages
[    0.149473] Block layer SCSI generic (bsg) driver version 0.4 loaded (major 248)
[    0.149482] io scheduler noop registered
[    0.149486] io scheduler deadline registered
[    0.149575] io scheduler cfq registered (default)
[    0.151628] libphy: mdio_driver_register: phy-bcm-ns2-pci
[    0.155224] tegra30-pinctrl 70000868.pinmux: invalid group "sdmmc3_dat6_pd3" for function "rsvd1"
[    0.155238] tegra30-pinctrl 70000868.pinmux: invalid group "sdmmc3_dat7_pd4" for function "rsvd1"
[    0.155252] tegra30-pinctrl 70000868.pinmux: invalid group "vi_vsync_pd6" for function "rsvd1"
[    0.155262] tegra30-pinctrl 70000868.pinmux: invalid group "vi_hsync_pd7" for function "rsvd1"
[    0.155734] tegra30-pinctrl 70000868.pinmux: invalid group "hdmi_int_pn7" for function "rsvd1"
[    0.155786] tegra30-pinctrl 70000868.pinmux: invalid group "ulpi_data3_po4" for function "rsvd1"
[    0.156133] tegra30-pinctrl 70000868.pinmux: invalid group "vi_d10_pt2" for function "rsvd1"
[    0.156145] tegra30-pinctrl 70000868.pinmux: invalid group "vi_d11_pt3" for function "rsvd1"
[    0.156157] tegra30-pinctrl 70000868.pinmux: invalid group "vi_d0_pt4" for function "rsvd1"
[    0.156199] tegra30-pinctrl 70000868.pinmux: invalid group "pu0" for function "rsvd1"
[    0.156230] tegra30-pinctrl 70000868.pinmux: invalid group "pu3" for function "rsvd1"
[    0.156261] tegra30-pinctrl 70000868.pinmux: invalid group "pu6" for function "rsvd1"
[    0.156302] tegra30-pinctrl 70000868.pinmux: invalid group "pv3" for function "rsvd1"
[    0.156816] tegra30-pinctrl 70000868.pinmux: invalid group "pbb0" for function "rsvd1"
[    0.156942] tegra30-pinctrl 70000868.pinmux: invalid group "pcc1" for function "rsvd1"
[    0.162037] tegra-pcie 3000.pcie-controller: 2x3 configuration
[    0.162192] tegra-pcie 3000.pcie-controller: Failed to get supply 'hvdd-pex': -517
[    0.167558] tegra-apbdma 6000a000.dma: Tegra20 APB DMA driver register 32 channels
[    0.168635] tegra-pmc 7000e400.pmc: i2c-thermtrip node not found, emergency thermal reset disabled.
[    0.188577] ------------[ cut here ]------------
[    0.188617] WARNING: CPU: 3 PID: 0 at kernel/rcu/tree.c:380 rcu_note_context_switch+0x24/0x2c
[    0.188623] Modules linked in:
[    0.188637] CPU: 3 PID: 0 Comm: swapper/3 Not tainted 4.9.0-rc4-next-20161110-133265-g6e637d6 #1
[    0.188642] Hardware name: NVIDIA Tegra SoC (Flattened Device Tree)
[    0.188691] [<c030fab8>] (unwind_backtrace) from [<c030b104>] (show_stack+0x10/0x14)
[    0.188716] [<c030b104>] (show_stack) from [<c0591610>] (dump_stack+0x84/0xa4)
[    0.188738] [<c0591610>] (dump_stack) from [<c0342be0>] (__warn+0xd4/0x100)
[    0.188749] [<c0342be0>] (__warn) from [<c0342c2c>] (warn_slowpath_null+0x20/0x28)
[    0.188758] [<c0342c2c>] (warn_slowpath_null) from [<c0393b00>] (rcu_note_context_switch+0x24/0x2c)
[    0.188784] [<c0393b00>] (rcu_note_context_switch) from [<c0bbd304>] (__schedule+0x64/0x500)
[    0.188794] [<c0bbd304>] (__schedule) from [<c0bbd8c4>] (schedule+0x38/0x9c)
[    0.188804] [<c0bbd8c4>] (schedule) from [<c0bbdb38>] (schedule_preempt_disabled+0xc/0x10)
[    0.188821] [<c0bbdb38>] (schedule_preempt_disabled) from [<c037ad94>] (cpu_startup_entry+0x180/0x1f4)
[    0.188832] [<c037ad94>] (cpu_startup_entry) from [<80301c2c>] (0x80301c2c)
[    0.188844] ---[ end trace 0edbcceb9e440ad9 ]---
[    0.201915] Serial: 8250/16550 driver, 4 ports, IRQ sharing disabled
[    0.204072] console [ttyS0] disabled
[    0.204109] 70006000.serial: ttyS0 at MMIO 0x70006000 (irq = 331, base_baud = 25500000) is a Tegra
[    1.324845] console [ttyS0] enabled
[    1.328834] SuperH (H)SCI(F) driver initialized
[    1.333938] msm_serial: driver initialized
[    1.338122] STMicroelectronics ASC driver initialized
[    1.345325] [drm] Initialized
[    1.350201] tegra-hdmi 54280000.hdmi: failed to get HDMI regulator
[    1.364570] brd: module loaded
[    1.371435] loop: module loaded
[    1.379662] m25p80 spi32766.1: w25q32 (4096 Kbytes)
[    1.386346] libphy: Fixed MDIO Bus: probed
[    1.391049] CAN device driver interface
[    1.396089] e1000e: Intel(R) PRO/1000 Network Driver - 3.2.6-k
[    1.401914] e1000e: Copyright(c) 1999 - 2015 Intel Corporation.
[    1.407863] igb: Intel(R) Gigabit Ethernet Network Driver - version 5.4.0-k
[    1.414815] igb: Copyright (c) 2007-2014 Intel Corporation.
[    1.422245] pegasus: v0.9.3 (2013/04/25), Pegasus/Pegasus II USB Ethernet driver
[    1.429685] usbcore: registered new interface driver pegasus
[    1.435369] usbcore: registered new interface driver asix
[    1.440783] usbcore: registered new interface driver ax88179_178a
[    1.446891] usbcore: registered new interface driver cdc_ether
[    1.452791] usbcore: registered new interface driver smsc75xx
[    1.458571] usbcore: registered new interface driver smsc95xx
[    1.464334] usbcore: registered new interface driver net1080
[    1.470008] usbcore: registered new interface driver cdc_subset
[    1.475941] usbcore: registered new interface driver zaurus
[    1.481543] usbcore: registered new interface driver cdc_ncm
[    1.488596] ehci_hcd: USB 2.0 'Enhanced' Host Controller (EHCI) Driver
[    1.495118] ehci-pci: EHCI PCI platform driver
[    1.499587] ehci-platform: EHCI generic platform driver
[    1.504930] ehci-orion: EHCI orion driver
[    1.509013] SPEAr-ehci: EHCI SPEAr driver
[    1.513085] ehci-st: EHCI STMicroelectronics driver
[    1.518034] ehci-exynos: EHCI EXYNOS driver
[    1.522307] ehci-atmel: EHCI Atmel driver
[    1.526391] tegra-ehci: Tegra EHCI driver
[    1.530685] ohci_hcd: USB 1.1 'Open' Host Controller (OHCI) Driver
[    1.536871] ohci-pci: OHCI PCI platform driver
[    1.541341] ohci-platform: OHCI generic platform driver
[    1.546661] ohci-omap3: OHCI OMAP3 driver
[    1.550745] SPEAr-ohci: OHCI SPEAr driver
[    1.554830] ohci-st: OHCI STMicroelectronics driver
[    1.559787] ohci-atmel: OHCI Atmel driver
[    1.564225] usbcore: registered new interface driver usb-storage
[    1.571239] mousedev: PS/2 mouse device common for all mice
[    1.578510] tegra_rtc 7000e000.rtc: rtc core: registered 7000e000.rtc as rtc1
[    1.585675] tegra_rtc 7000e000.rtc: Tegra internal Real Time Clock
[    1.594528] random: fast init done
[    1.607842] tps65910-rtc tps65910-rtc: rtc core: registered tps65910-rtc as rtc0
[    1.615431] i2c /dev entries driver
[    1.626425] sdhci: Secure Digital Host Controller Interface driver
[    1.632603] sdhci: Copyright(c) Pierre Ossman
[    1.637853] Synopsys Designware Multimedia Card Interface Driver
[    1.644486] sdhci-pltfm: SDHCI platform and OF driver helper
[    1.650647] sdhci-tegra 78000000.sdhci: Got CD GPIO
[    1.655535] sdhci-tegra 78000000.sdhci: Got WP GPIO
[    1.661648] mmc0: Invalid maximum block size, assuming 512 bytes
[    1.713640] mmc0: SDHCI controller on 78000000.sdhci [78000000.sdhci] using ADMA
[    1.722231] mmc1: Invalid maximum block size, assuming 512 bytes
[    1.768557] mmc1: SDHCI controller on 78000600.sdhci [78000600.sdhci] using ADMA
[    1.777282] ledtrig-cpu: registered to indicate activity on CPUs
[    1.785552] usbcore: registered new interface driver usbhid
[    1.791120] usbhid: USB HID core driver
[    1.796973] NET: Registered protocol family 10
[    1.804124] sit: IPv6, IPv4 and MPLS over IPv4 tunneling driver
[    1.810459] NET: Registered protocol family 17
[    1.814910] can: controller area network core (rev 20120528 abi 9)
[    1.821121] NET: Registered protocol family 29
[    1.825561] can: raw protocol (rev 20120528)
[    1.829825] can: broadcast manager protocol (rev 20160617 t)
[    1.835479] can: netlink gateway (rev 20130117) max_hops=1
[    1.841232] Key type dns_resolver registered
[    1.845900] ThumbEE CPU extension supported.
[    1.850174] Registering SWP/SWPB emulation handler
[    1.880569] vdd_ddr: supplied by vdd_5v_in
[    1.886275] vdd_5v_sata: supplied by vdd_5v_in
[    1.891012] usb1_vbus: supplied by vdd_5v_in
[    1.895583] usb3_vbus: supplied by vdd_5v_in
[    1.902710] sys_3v3,vdd_3v3_alw: supplied by vdd_5v_in
[    1.908836] +VDD_5V_HDMI: supplied by sys_3v3,vdd_3v3_alw
[    1.914229] mmc1: new high speed MMC card at address 0001
[    1.916286] mmcblk1: mmc1:0001 SEM16G 14.8 GiB 
[    1.917704] mmcblk1boot0: mmc1:0001 SEM16G partition 1 1.00 MiB
[    1.920945] mmcblk1boot1: mmc1:0001 SEM16G partition 2 1.00 MiB
[    1.921041] mmc0: new ultra high speed DDR50 SDHC card at address aaaa
[    1.921952] mmcblk1rpmb: mmc1:0001 SEM16G partition 3 128 KiB
[    1.922347] mmcblk0: mmc0:aaaa SS04G 3.69 GiB 
[    1.942416] Primary GPT is invalid, using alternate GPT.
[    1.942434]  mmcblk1: p1 p2 p3 p4 p5
[    1.958437]  mmcblk0: p1 p2 p3
[    1.965007] sys_3v3_pexs: supplied by sys_3v3,vdd_3v3_alw
[    1.971130] tegra-pcie 3000.pcie-controller: 2x3 configuration
[    1.980174] tegra-pcie 3000.pcie-controller: probing port 0, using 2 lanes
[    2.045323] tegra-pcie 3000.pcie-controller: probing port 2, using 2 lanes
[    2.456025] tegra-pcie 3000.pcie-controller: link 2 down, retrying
[    2.866027] tegra-pcie 3000.pcie-controller: link 2 down, retrying
[    3.276042] tegra-pcie 3000.pcie-controller: link 2 down, retrying
[    3.284234] tegra-pcie 3000.pcie-controller: link 2 down, ignoring
[    3.290538] tegra-pcie 3000.pcie-controller: PCI host bridge to bus 0000:00
[    3.297499] pci_bus 0000:00: root bus resource [io  0x0000-0xffff]
[    3.303672] pci_bus 0000:00: root bus resource [mem 0x20000000-0x27ffffff]
[    3.310538] pci_bus 0000:00: root bus resource [mem 0x28000000-0x3fffffff pref]
[    3.317836] pci_bus 0000:00: root bus resource [bus 00-ff]
[    3.323336] pci 0000:00:01.0: [10de:0e1c] type 01 class 0x060400
[    3.329402] pci 0000:00:01.0: PME# supported from D0 D1 D2 D3hot D3cold
[    3.336158] PCI: bus0: Fast back to back transfers disabled
[    3.341731] pci 0000:00:01.0: bridge configuration invalid ([bus 00-00]), reconfiguring
[    3.349822] pci 0000:01:00.0: [10ec:8168] type 00 class 0x020000
[    3.355837] pci 0000:01:00.0: reg 0x10: [io  0x0000-0x00ff]
[    3.361416] pci 0000:01:00.0: reg 0x18: [mem 0x00000000-0x00000fff 64bit pref]
[    3.368636] pci 0000:01:00.0: reg 0x20: [mem 0x00000000-0x00003fff 64bit pref]
[    3.375919] pci 0000:01:00.0: supports D1 D2
[    3.380184] pci 0000:01:00.0: PME# supported from D0 D1 D2 D3hot D3cold
[    3.398572] PCI: bus1: Fast back to back transfers disabled
[    3.404144] pci_bus 0000:01: busn_res: [bus 01-ff] end is updated to 01
[    3.410809] pci 0000:00:01.0: BAR 9: assigned [mem 0x28000000-0x280fffff 64bit pref]
[    3.418544] pci 0000:00:01.0: BAR 7: assigned [io  0x1000-0x1fff]
[    3.424633] pci 0000:01:00.0: BAR 4: assigned [mem 0x28000000-0x28003fff 64bit pref]
[    3.432374] pci 0000:01:00.0: BAR 2: assigned [mem 0x28004000-0x28004fff 64bit pref]
[    3.440115] pci 0000:01:00.0: BAR 0: assigned [io  0x1000-0x10ff]
[    3.446204] pci 0000:00:01.0: PCI bridge to [bus 01]
[    3.451163] pci 0000:00:01.0:   bridge window [io  0x1000-0x1fff]
[    3.457248] pci 0000:00:01.0:   bridge window [mem 0x28000000-0x280fffff 64bit pref]
[    3.464996] pci 0000:00:01.0: nv_msi_ht_cap_quirk didn't locate host bridge
[    3.472010] pcieport 0000:00:01.0: enabling device (0140 -> 0143)
[    3.478293] pcieport 0000:00:01.0: Signaling PME through PCIe PME interrupt
[    3.485250] pci 0000:01:00.0: Signaling PME through PCIe PME interrupt
[    3.491770] pcie_pme 0000:00:01.0:pcie001: service driver pcie_pme loaded
[    3.498746] r8169 Gigabit Ethernet driver 2.3LK-NAPI loaded
[    3.504331] r8169 0000:01:00.0: enabling device (0140 -> 0143)
[    3.511131] r8169 0000:01:00.0 eth0: RTL8168evl/8111evl at 0xf0afe000, 02:04:4b:01:60:a6, XID 0c900800 IRQ 375
[    3.521135] r8169 0000:01:00.0 eth0: jumbo features [frames: 9200 bytes, tx checksumming: ko]
[    3.533436] [drm] Supports vblank timestamp caching Rev 2 (21.10.2013).
[    3.540051] [drm] No driver support for vblank timestamp query.
[    3.545991] drm drm: No connectors reported connected with modes
[    3.551996] [drm] Cannot find any crtc or sizes - going 1024x768
[    3.579160] Console: switching to colour frame buffer device 128x48
[    3.591680] drm drm: fb0:  frame buffer device
[    3.596976] [drm] Initialized tegra 0.0.0 20120330 on minor 0
[    3.608092] utmi_phy_clk_enable: timeout waiting for phy to stabilize
[    3.614571] tegra-ehci 7d004000.usb: EHCI Host Controller
[    3.619983] tegra-ehci 7d004000.usb: new USB bus registered, assigned bus number 1
[    3.627811] tegra-ehci 7d004000.usb: irq 343, io mem 0x7d004000
[    3.648953] tegra-ehci 7d004000.usb: USB 2.0 started, EHCI 1.00
[    3.656239] hub 1-0:1.0: USB hub found
[    3.660011] hub 1-0:1.0: 1 port detected
[    3.665081] tegra-ehci 7d008000.usb: EHCI Host Controller
[    3.670500] tegra-ehci 7d008000.usb: new USB bus registered, assigned bus number 2
[    3.678254] tegra-ehci 7d008000.usb: irq 344, io mem 0x7d008000
[    3.698941] tegra-ehci 7d008000.usb: USB 2.0 started, EHCI 1.00
[    3.706103] hub 2-0:1.0: USB hub found
[    3.709870] hub 2-0:1.0: 1 port detected
[    3.719404] tps65910-rtc tps65910-rtc: setting system clock to 2000-01-01 00:00:02 UTC (946684802)
[    3.729024] vdd_sata,avdd_plle: disabling
[    3.733765] usb1_vbus: disabling
[    3.738946] EXT4-fs (mmcblk1p1): mounting ext3 file system using the ext4 subsystem
[    3.755075] EXT4-fs (mmcblk1p1): warning: mounting fs with errors, running e2fsck is recommended
[    3.765282] EXT4-fs (mmcblk1p1): recovery complete
[    3.770083] EXT4-fs (mmcblk1p1): mounted filesystem with ordered data mode. Opts: (null)
[    3.778194] VFS: Mounted root (ext3 filesystem) on device 179:1.
[    3.787595] devtmpfs: mounted
[    3.793157] Freeing unused kernel memory: 2048K
bash: cannot set terminal process group (-1): Inappropriate ioctl for device
bash: no job control in this shell
root@(none):/# mount -t sysfs none /sys
root@(none):/# 
root@(none):/# [    4.654263] asix 2-1:1.0 eth1: register 'asix' at usb-7d008000.usb-1, ASIX AX88772 USB 2.0 Ethernet, 00:50:b6:0f:67:60
mount -t debugfs none /sys/kernel/debug
root@(none):/# 
root@(none):/# rtcwake -d rtc1 -m mem -s 3
rtcwake: wakeup from "mem" using /dev/rtc1 at Thu Jan  1 00:00:21 1970
[    6.496748] PM: Syncing filesystems ... done.
[    6.510930] Freezing user space processes ... (elapsed 0.001 seconds) done.
[    6.519053] Freezing remaining freezable tasks ... (elapsed 0.001 seconds) done.
[    6.527681] Suspending console(s) (use no_console_suspend to debug)
[    6.535267] asix 2-1:1.0 eth1: Failed to read reg index 0x0000: -19
[    6.535273] asix 2-1:1.0 eth1: Error reading Medium Status register: ffffffed
[    6.535277] asix 2-1:1.0 eth1: Failed to write reg index 0x0000: -19
[    6.535281] asix 2-1:1.0 eth1: Failed to write Medium Mode mode to 0xfeed: ffffffed
[    6.582150] PM: suspend of devices complete after 47.344 msecs
[    6.582969] PM: late suspend of devices complete after 0.811 msecs
[    6.599014] PM: noirq suspend of devices complete after 16.039 msecs
[    6.599017] Disabling non-boot CPUs ...
[    6.599688] CPU1: shutdown
[    6.680129] IRQ17 no longer affine to CPU2
[    6.680363] CPU2: shutdown
[    6.699759] CPU3: shutdown
[    6.709220] Entering suspend state LP1
[    6.709220] Suspended for 3.181 seconds
[    6.709232] Enabling non-boot CPUs ...
[    6.719558] CPU1 is up
[    6.734611] CPU2 is up
[    6.754735] CPU3 is up
[    6.755352] pcieport 0000:00:01.0: nv_msi_ht_cap_quirk didn't locate host bridge
[    6.773610] PM: noirq resume of devices complete after 18.868 msecs
[    6.775455] PM: early resume of devices complete after 1.444 msecs
[    7.283320] PM: resume of devices complete after 507.855 msecs
[    7.389924] Restarting tasks ... done.
root@(none):/# 
root@(none):/# rtcwake -d rtc1 -m mem -s 3
rtcwake: wakeup from "mem" using /dev/rtc1 at Thu Jan  1 00:00:26 1970
[    8.371846] PM: Syncing filesystems ... done.
[    8.383759] Freezing user space processes ... (elapsed 0.001 seconds) done.
[    8.391857] Freezing remaining freezable tasks ... (elapsed 0.001 seconds) done.
[    8.400477] Suspending console(s) (use no_console_suspend to debug)
[    8.407975] asix 2-1:1.0 eth1: Failed to read reg index 0x0000: -19
[    8.407980] asix 2-1:1.0 eth1: Error reading Medium Status register: ffffffed
[    8.407985] asix 2-1:1.0 eth1: Failed to write reg index 0x0000: -19
[    8.407989] asix 2-1:1.0 eth1: Failed to write Medium Mode mode to 0xfeed: ffffffed
[    8.458255] PM: suspend of devices complete after 50.736 msecs
[    8.459693] PM: late suspend of devices complete after 1.430 msecs
[    8.478999] PM: noirq suspend of devices complete after 19.299 msecs
[    8.479002] Disabling non-boot CPUs ...
[    8.479649] CPU1: shutdown
[    8.565098] CPU2: shutdown
[    8.584413] IRQ17 no longer affine to CPU3
[    8.584592] CPU3: shutdown
[    8.599160] Entering suspend state LP1
[    8.599160] Suspended for 3.110 seconds
[    8.599175] Enabling non-boot CPUs ...
[    8.609727] CPU1 is up
[    8.624735] CPU2 is up
[    8.644874] CPU3 is up
[    8.645622] pcieport 0000:00:01.0: nv_msi_ht_cap_quirk didn't locate host bridge
[    8.663599] PM: noirq resume of devices complete after 18.717 msecs
[    8.664833] PM: early resume of devices complete after 0.786 msecs
[    9.182218] PM: resume of devices complete after 517.372 msecs
[    9.289133] Restarting tasks ... done.
root@(none):/# 
root@(none):/# rtcwake -d rtc1 -m mem -s 3
rtcwake: wakeup from "mem" using /dev/rtc1 at Thu Jan  1 00:00:31 1970
[   10.272125] PM: Syncing filesystems ... done.
[   10.286231] Freezing user space processes ... (elapsed 0.001 seconds) done.
[   10.294409] Freezing remaining freezable tasks ... (elapsed 0.001 seconds) done.
[   10.303078] Suspending console(s) (use no_console_suspend to debug)
[   10.310965] asix 2-1:1.0 eth1: Failed to read reg index 0x0000: -19
[   10.310972] asix 2-1:1.0 eth1: Error reading Medium Status register: ffffffed
[   10.310979] asix 2-1:1.0 eth1: Failed to write reg index 0x0000: -19
[   10.310985] asix 2-1:1.0 eth1: Failed to write Medium Mode mode to 0xfeed: ffffffed
[   10.363584] PM: suspend of devices complete after 53.219 msecs
[   10.366993] PM: late suspend of devices complete after 3.401 msecs
[   10.384065] PM: noirq suspend of devices complete after 17.063 msecs
[   10.384069] Disabling non-boot CPUs ...
[   10.384901] CPU1: shutdown
[   10.405121] IRQ17 no longer affine to CPU2
[   10.405383] CPU2: shutdown
[   10.429699] CPU3: shutdown
[   10.444212] Entering suspend state LP1
[   10.444212] Suspended for 3.154 seconds
[   10.444227] Enabling non-boot CPUs ...
[   10.454697] CPU1 is up
[   10.469719] CPU2 is up
[   10.539839] CPU3 is up
[   10.540590] pcieport 0000:00:01.0: nv_msi_ht_cap_quirk didn't locate host bridge
[   10.558570] PM: noirq resume of devices complete after 18.720 msecs
[   10.559801] PM: early resume of devices complete after 0.795 msecs
[   11.080956] PM: resume of devices complete after 521.140 msecs
[   11.187830] Restarting tasks ... done.
root@(none):/# 
root@(none):/# rtcwake -d rtc1 -m mem -s 3
rtcwake: wakeup from "mem" using /dev/rtc1 at Thu Jan  1 00:00:36 1970
[   12.109645] PM: Syncing filesystems ... done.
[   12.123747] Freezing user space processes ... (elapsed 0.001 seconds) done.
[   12.131895] Freezing remaining freezable tasks ... (elapsed 0.001 seconds) done.
[   12.140589] Suspending console(s) (use no_console_suspend to debug)
[   12.148496] asix 2-1:1.0 eth1: Failed to read reg index 0x0000: -19
[   12.148503] asix 2-1:1.0 eth1: Error reading Medium Status register: ffffffed
[   12.148508] asix 2-1:1.0 eth1: Failed to write reg index 0x0000: -19
[   12.148512] asix 2-1:1.0 eth1: Failed to write Medium Mode mode to 0xfeed: ffffffed
[   12.199045] PM: suspend of devices complete after 51.175 msecs
[   12.200864] PM: late suspend of devices complete after 1.810 msecs
[   12.219032] PM: noirq suspend of devices complete after 18.158 msecs
[   12.219035] Disabling non-boot CPUs ...
[   12.219882] CPU1: shutdown
[   12.295378] CPU2: shutdown
[   12.314561] IRQ17 no longer affine to CPU3
[   12.314784] CPU3: shutdown
[   12.339160] Entering suspend state LP1
[   12.339160] Suspended for 3.105 seconds
[   12.339175] Enabling non-boot CPUs ...
[   12.349655] CPU1 is up
[   12.364726] CPU2 is up
[   12.384791] CPU3 is up
[   12.385537] pcieport 0000:00:01.0: nv_msi_ht_cap_quirk didn't locate host bridge
[   12.403525] PM: noirq resume of devices complete after 18.725 msecs
[   12.404744] PM: early resume of devices complete after 0.769 msecs
[   12.926000] PM: resume of devices complete after 521.243 msecs
[   13.032888] Restarting tasks ... done.
root@(none):/# 
root@(none):/# rtcwake -d rtc1 -m mem -s 3
rtcwake: wakeup from "mem" using /dev/rtc1 at Thu Jan  1 00:00:41 1970
[   14.009909] PM: Syncing filesystems ... done.
[   14.024518] Freezing user space processes ... (elapsed 0.001 seconds) done.
[   14.032672] Freezing remaining freezable tasks ... (elapsed 0.001 seconds) done.
[   14.041347] Suspending console(s) (use no_console_suspend to debug)
[   14.049265] asix 2-1:1.0 eth1: Failed to read reg index 0x0000: -19
[   14.049272] asix 2-1:1.0 eth1: Error reading Medium Status register: ffffffed
[   14.049277] asix 2-1:1.0 eth1: Failed to write reg index 0x0000: -19
[   14.049281] asix 2-1:1.0 eth1: Failed to write Medium Mode mode to 0xfeed: ffffffed
[   14.083520] PM: suspend of devices complete after 34.883 msecs
[   14.086973] PM: late suspend of devices complete after 3.445 msecs
[   14.104005] PM: noirq suspend of devices complete after 17.023 msecs
[   14.104008] Disabling non-boot CPUs ...
[   14.104847] CPU1: shutdown
[   14.185315] CPU2: shutdown
[   14.204418] IRQ17 no longer affine to CPU3
[   14.204627] CPU3: shutdown
[   14.229142] Entering suspend state LP1
[   14.229142] Suspended for 3.109 seconds
[   14.229157] Enabling non-boot CPUs ...
[   14.239620] CPU1 is up
[   14.254673] CPU2 is up
[   14.324787] CPU3 is up
[   14.325549] pcieport 0000:00:01.0: nv_msi_ht_cap_quirk didn't locate host bridge
[   14.343511] PM: noirq resume of devices complete after 18.716 msecs
[   14.344703] PM: early resume of devices complete after 0.764 msecs
[   14.866679] PM: resume of devices complete after 521.963 msecs
[   14.973592] Restarting tasks ... done.
root@(none):/# 
root@(none):/# rtcwake -d rtc1 -m mem -s 3
rtcwake: wakeup from "mem" using /dev/rtc1 at Thu Jan  1 00:00:46 1970
[   15.894564] PM: Syncing filesystems ... done.
[   15.909159] Freezing user space processes ... (elapsed 0.001 seconds) done.
[   15.917319] Freezing remaining freezable tasks ... (elapsed 0.001 seconds) done.
[   15.926005] Suspending console(s) (use no_console_suspend to debug)
[   15.933883] asix 2-1:1.0 eth1: Failed to read reg index 0x0000: -19
[   15.933888] asix 2-1:1.0 eth1: Error reading Medium Status register: ffffffed
[   15.933894] asix 2-1:1.0 eth1: Failed to write reg index 0x0000: -19
[   15.933898] asix 2-1:1.0 eth1: Failed to write Medium Mode mode to 0xfeed: ffffffed
[   15.982449] PM: suspend of devices complete after 49.163 msecs
[   15.983261] PM: late suspend of devices complete after 0.805 msecs
[   16.009007] PM: noirq suspend of devices complete after 25.735 msecs
[   16.009013] Disabling non-boot CPUs ...
[   16.009449] IRQ17 no longer affine to CPU1
[   16.009850] CPU1: shutdown
[   16.085320] CPU2: shutdown
[   16.104626] CPU3: shutdown
[   16.119093] Entering suspend state LP1
[   16.119093] Suspended for 3.110 seconds
[   16.119108] Enabling non-boot CPUs ...
[   16.129605] CPU1 is up
[   16.144640] CPU2 is up
[   16.214743] CPU3 is up
[   16.215476] pcieport 0000:00:01.0: nv_msi_ht_cap_quirk didn't locate host bridge
[   16.238467] PM: noirq resume of devices complete after 23.716 msecs
[   16.240655] PM: early resume of devices complete after 1.760 msecs
[   16.760926] PM: resume of devices complete after 520.256 msecs
[   16.867814] Restarting tasks ... done.
root@(none):/# 
root@(none):/# rtcwake -d rtc1 -m mem -s 3
rtcwake: wakeup from "mem" using /dev/rtc1 at Thu Jan  1 00:00:51 1970
[   17.783037] PM: Syncing filesystems ... done.
[   17.797628] Freezing user space processes ... (elapsed 0.001 seconds) done.
[   17.805808] Freezing remaining freezable tasks ... (elapsed 0.001 seconds) done.
[   17.814492] Suspending console(s) (use no_console_suspend to debug)
[   17.822378] asix 2-1:1.0 eth1: Failed to read reg index 0x0000: -19
[   17.822385] asix 2-1:1.0 eth1: Error reading Medium Status register: ffffffed
[   17.822391] asix 2-1:1.0 eth1: Failed to write reg index 0x0000: -19
[   17.822395] asix 2-1:1.0 eth1: Failed to write Medium Mode mode to 0xfeed: ffffffed
[   17.877952] PM: suspend of devices complete after 56.172 msecs
[   17.879390] PM: late suspend of devices complete after 1.429 msecs
[   17.898929] PM: noirq suspend of devices complete after 19.528 msecs
[   17.898932] Disabling non-boot CPUs ...
[   17.899767] CPU1: shutdown
[   17.925021] IRQ17 no longer affine to CPU2
[   17.925279] CPU2: shutdown
[   17.994607] CPU3: shutdown
[   18.009055] Entering suspend state LP1
[   18.009055] Suspended for 3.110 seconds
[   18.009066] Enabling non-boot CPUs ...
[   18.019574] CPU1 is up
[   18.034606] CPU2 is up
[   18.104742] CPU3 is up
[   18.105496] pcieport 0000:00:01.0: nv_msi_ht_cap_quirk didn't locate host bridge
[   18.123451] PM: noirq resume of devices complete after 18.701 msecs
[   18.124629] PM: early resume of devices complete after 0.741 msecs
[   18.635991] PM: resume of devices complete after 511.350 msecs
[   18.742897] Restarting tasks ... done.
root@(none):/# 
root@(none):/# rtcwake -d rtc1 -m mem -s 3
rtcwake: wakeup from "mem" using /dev/rtc1 at Thu Jan  1 00:00:56 1970
[   19.671923] PM: Syncing filesystems ... done.
[   19.686539] Freezing user space processes ... (elapsed 0.001 seconds) done.
[   19.694716] Freezing remaining freezable tasks ... (elapsed 0.001 seconds) done.
[   19.703386] Suspending console(s) (use no_console_suspend to debug)
[   19.711250] asix 2-1:1.0 eth1: Failed to read reg index 0x0000: -19
[   19.711257] asix 2-1:1.0 eth1: Error reading Medium Status register: ffffffed
[   19.711262] asix 2-1:1.0 eth1: Failed to write reg index 0x0000: -19
[   19.711268] asix 2-1:1.0 eth1: Failed to write Medium Mode mode to 0xfeed: ffffffed
[   19.762937] PM: suspend of devices complete after 52.280 msecs
[   19.763854] PM: late suspend of devices complete after 0.909 msecs
[   19.783935] PM: noirq suspend of devices complete after 20.073 msecs
[   19.783940] Disabling non-boot CPUs ...
[   19.784375] IRQ17 no longer affine to CPU1
[   19.784770] CPU1: shutdown
[   19.865242] CPU2: shutdown
[   19.884549] CPU3: shutdown
[   19.909064] Entering suspend state LP1
[   19.909064] Suspended for 3.099 seconds
[   19.909078] Enabling non-boot CPUs ...
[   19.919536] CPU1 is up
[   19.934578] CPU2 is up
[   20.004705] CPU3 is up
[   20.005448] pcieport 0000:00:01.0: nv_msi_ht_cap_quirk didn't locate host bridge
[   20.023414] PM: noirq resume of devices complete after 18.702 msecs
[   20.025145] PM: early resume of devices complete after 1.309 msecs
[   20.542040] PM: resume of devices complete after 516.883 msecs
[   20.648990] Restarting tasks ... done.
root@(none):/# 
root@(none):/# rtcwake -d rtc1 -m mem -s 3
rtcwake: wakeup from "mem" using /dev/rtc1 at Thu Jan  1 00:01:01 1970
[   21.571910] PM: Syncing filesystems ... done.
[   21.585520] Freezing user space processes ... (elapsed 0.001 seconds) done.
[   21.593689] Freezing remaining freezable tasks ... (elapsed 0.001 seconds) done.
[   21.602357] Suspending console(s) (use no_console_suspend to debug)
[   21.609738] asix 2-1:1.0 eth1: Failed to read reg index 0x0000: -19
[   21.609745] asix 2-1:1.0 eth1: Error reading Medium Status register: ffffffed
[   21.609749] asix 2-1:1.0 eth1: Failed to write reg index 0x0000: -19
[   21.609754] asix 2-1:1.0 eth1: Failed to write Medium Mode mode to 0xfeed: ffffffed
[   21.656872] PM: suspend of devices complete after 47.232 msecs
[   21.657724] PM: late suspend of devices complete after 0.843 msecs
[   21.678891] PM: noirq suspend of devices complete after 21.158 msecs
[   21.678894] Disabling non-boot CPUs ...
[   21.679735] CPU1: shutdown
[   21.750240] CPU2: shutdown
[   21.769339] IRQ17 no longer affine to CPU3
[   21.769561] CPU3: shutdown
[   21.783998] Entering suspend state LP1
[   21.783998] Suspended for 3.125 seconds
[   21.784012] Enabling non-boot CPUs ...
[   21.794508] CPU1 is up
[   21.809555] CPU2 is up
[   21.879707] CPU3 is up
[   21.880439] pcieport 0000:00:01.0: nv_msi_ht_cap_quirk didn't locate host bridge
[   21.898380] PM: noirq resume of devices complete after 18.665 msecs
[   21.899588] PM: early resume of devices complete after 0.761 msecs
[   22.426336] PM: resume of devices complete after 526.734 msecs
[   22.533216] Restarting tasks ... done.
root@(none):/# 
root@(none):/# rtcwake -d rtc1 -m mem -s 3
rtcwake: wakeup from "mem" using /dev/rtc1 at Thu Jan  1 00:01:06 1970
[   23.446900] PM: Syncing filesystems ... done.
[   23.461519] Freezing user space processes ... (elapsed 0.001 seconds) done.
[   23.469684] Freezing remaining freezable tasks ... (elapsed 0.001 seconds) done.
[   23.478361] Suspending console(s) (use no_console_suspend to debug)
[   23.486247] asix 2-1:1.0 eth1: Failed to read reg index 0x0000: -19
[   23.486253] asix 2-1:1.0 eth1: Error reading Medium Status register: ffffffed
[   23.486260] asix 2-1:1.0 eth1: Failed to write reg index 0x0000: -19
[   23.486264] asix 2-1:1.0 eth1: Failed to write Medium Mode mode to 0xfeed: ffffffed
[   23.538855] PM: suspend of devices complete after 53.205 msecs
[   23.540651] PM: late suspend of devices complete after 1.786 msecs
[   23.558839] PM: noirq suspend of devices complete after 18.179 msecs
[   23.558844] Disabling non-boot CPUs ...
[   23.559681] CPU1: shutdown
[   23.630213] CPU2: shutdown
[   23.649315] IRQ17 no longer affine to CPU3
[   23.649535] CPU3: shutdown
[   23.663996] Entering suspend state LP1
[   23.663996] Suspended for 3.119 seconds
[   23.664011] Enabling non-boot CPUs ...
[   23.674486] CPU1 is up
[   23.689512] CPU2 is up
[   23.759652] CPU3 is up
[   23.760406] pcieport 0000:00:01.0: nv_msi_ht_cap_quirk didn't locate host bridge
[   23.778370] PM: noirq resume of devices complete after 18.709 msecs
[   23.780073] PM: early resume of devices complete after 1.277 msecs
[   24.291494] PM: resume of devices complete after 511.410 msecs
[   24.398390] Restarting tasks ... done.
root@(none):/# 
root@(none):/# NVTB SYSTEM SUSPEND TEST COMPLETE
