
U-Boot SPL 2014.01-00219-gc4d376f (Feb 18 2014 - 19:57:32)


U-Boot 2014.01-00219-gc4d376f (Feb 18 2014 - 19:57:32)

TEGRA114
Board: NVIDIA Dalmore
I2C:   ready
DRAM:  2 GiB
MMC:   Tegra SD/MMC: 0, Tegra SD/MMC: 1
In:    serial
Out:   serial
Err:   serial
Net:   Net Initialization Skipped
No ethernet found.
Hit any key to stop autoboot:  2  0 
Tegra114 (Dalmore) # 
Tegra114 (Dalmore) # usb reset
(Re)start USB...
USB0:   USB EHCI 1.10
scanning bus 0 for devices... 2 USB Device(s) found
       scanning usb for storage devices... 0 Storage Device(s) found
       scanning usb for ethernet devices... 
Warning: asx0 using MAC address from net device
1 Ethernet Device(s) found
Tegra114 (Dalmore) # setenv bootargs 'ignore_loglevel console=ttyS0,115200n8 rw root=/dev/mmcblk0p1 rootwait gpt debug init=/bin/bash'
Tegra114 (Dalmore) # setenv ipaddr 192.168.100.100; setenv serverip 192.168.100.1; setenv tftpserverip 192.168.100.1
Tegra114 (Dalmore) # tftpboot 0x81000000 zImage.multi_v7_defconfig
Using asx0 device
TFTP from server 192.168.100.1; our IP address is 192.168.100.100
Filename 'zImage.multi_v7_defconfig'.
Load address: 0x81000000
Loading: *#################################################################
	 #################################################################
	 #################################################################
	 #################################################################
	 #################################################################
	 #################################################################
	 ##############################################
	 3.5 MiB/s
done
Bytes transferred = 6396448 (619a20 hex)
Tegra114 (Dalmore) # tftpboot 0x82000000 tegra114-dalmore.dtb
Using asx0 device
TFTP from server 192.168.100.1; our IP address is 192.168.100.100
Filename 'tegra114-dalmore.dtb'.
Load address: 0x82000000
Loading: *###
	 3 MiB/s
done
Bytes transferred = 34966 (8896 hex)
Tegra114 (Dalmore) # bootz 0x81000000 - 0x82000000
Kernel image @ 0x81000000 [ 0x000000 - 0x619a20 ]
## Flattened Device Tree blob at 82000000
   Booting using the fdt blob at 0x82000000
   Loading Device Tree to 8fff4000, end 8ffff895 ... OK

Starting kernel ...

[    0.000000] Booting Linux on physical CPU 0x0
[    0.000000] Linux version 4.2.0-rc6-next-20150817-36856-gd1a4e84 (pwalmsley@sellafield) (gcc version 4.7.3 20130328 (prerelease) (crosstool-NG linaro-1.13.1-4.7-2013.04-20130415 - Linaro GCC 2013.04) ) #1 SMP Mon Aug 17 04:17:46 PDT 2015
[    0.000000] CPU: ARMv7 Processor [412fc0f2] revision 2 (ARMv7), cr=10c5387d
[    0.000000] CPU: PIPT / VIPT nonaliasing data cache, PIPT instruction cache
[    0.000000] Machine model: NVIDIA Tegra114 Dalmore evaluation board
[    0.000000] debug: ignoring loglevel setting.
[    0.000000] cma: Reserved 64 MiB at 0xfb800000
[    0.000000] Memory policy: Data cache writealloc
[    0.000000] On node 0 totalpages: 524032
[    0.000000] free_area_init_node: node 0, pgdat c0f64140, node_mem_map ee7f8000
[    0.000000]   DMA zone: 1520 pages used for memmap
[    0.000000]   DMA zone: 0 pages reserved
[    0.000000]   DMA zone: 194560 pages, LIFO batch:31
[    0.000000]   HighMem zone: 329472 pages, LIFO batch:31
[    0.000000] PERCPU: Embedded 12 pages/cpu @ee7a3000 s19200 r8192 d21760 u49152
[    0.000000] pcpu-alloc: s19200 r8192 d21760 u49152 alloc=12*4096
[    0.000000] pcpu-alloc: [0] 0 [0] 1 [0] 2 [0] 3 
[    0.000000] Built 1 zonelists in Zone order, mobility grouping on.  Total pages: 522512
[    0.000000] Kernel command line: ignore_loglevel console=ttyS0,115200n8 rw root=/dev/mmcblk0p1 rootwait gpt debug init=/bin/bash
[    0.000000] PID hash table entries: 4096 (order: 2, 16384 bytes)
[    0.000000] Dentry cache hash table entries: 131072 (order: 7, 524288 bytes)
[    0.000000] Inode-cache hash table entries: 65536 (order: 6, 262144 bytes)
[    0.000000] Memory: 1998968K/2096128K available (8043K kernel code, 1016K rwdata, 3616K rodata, 1008K init, 340K bss, 31624K reserved, 65536K cma-reserved, 1252352K highmem)
[    0.000000] Virtual kernel memory layout:
[    0.000000]     vector  : 0xffff0000 - 0xffff1000   (   4 kB)
[    0.000000]     fixmap  : 0xffc00000 - 0xfff00000   (3072 kB)
[    0.000000]     vmalloc : 0xf0000000 - 0xff000000   ( 240 MB)
[    0.000000]     lowmem  : 0xc0000000 - 0xef800000   ( 760 MB)
[    0.000000]     pkmap   : 0xbfe00000 - 0xc0000000   (   2 MB)
[    0.000000]     modules : 0xbf000000 - 0xbfe00000   (  14 MB)
[    0.000000]       .text : 0xc0208000 - 0xc0d6bce4   (11664 kB)
[    0.000000]       .init : 0xc0d6c000 - 0xc0e68000   (1008 kB)
[    0.000000]       .data : 0xc0e68000 - 0xc0f66100   (1017 kB)
[    0.000000]        .bss : 0xc0f69000 - 0xc0fbe2e8   ( 341 kB)
[    0.000000] SLUB: HWalign=64, Order=0-3, MinObjects=0, CPUs=4, Nodes=1
[    0.000000] Hierarchical RCU implementation.
[    0.000000] 	Build-time adjustment of leaf fanout to 32.
[    0.000000] 	RCU restricting CPUs from NR_CPUS=16 to nr_cpu_ids=4.
[    0.000000] RCU: Adjusting geometry for rcu_fanout_leaf=32, nr_cpu_ids=4
[    0.000000] NR_IRQS:16 nr_irqs:16 16
[    0.000000] /interrupt-controller@60004000: 160 interrupts forwarded to /interrupt-controller@50041000
[    0.000000] L2C: failed to init: -19
[    0.000009] sched_clock: 32 bits at 1000kHz, resolution 1000ns, wraps every 2147483647500ns
[    0.000028] clocksource: timer_us: mask: 0xffffffff max_cycles: 0xffffffff, max_idle_ns: 1911260446275 ns
[    0.000042] Switching to timer-based delay loop, resolution 1000ns
[    0.002873] Architected cp15 timer(s) running at 12.00MHz (virt).
[    0.002891] clocksource: arch_sys_counter: mask: 0xffffffffffffff max_cycles: 0x2c47f4ee7, max_idle_ns: 440795202497 ns
[    0.002909] sched_clock: 56 bits at 12MHz, resolution 83ns, wraps every 4398046511096ns
[    0.002922] Switching to timer-based delay loop, resolution 83ns
[    0.003285] Console: colour dummy device 80x30
[    0.003311] Calibrating delay loop (skipped), value calculated using timer frequency.. 24.00 BogoMIPS (lpj=60000)
[    0.003325] pid_max: default: 32768 minimum: 301
[    0.003441] Mount-cache hash table entries: 2048 (order: 1, 8192 bytes)
[    0.003452] Mountpoint-cache hash table entries: 2048 (order: 1, 8192 bytes)
[    0.004063] CPU: Testing write buffer coherency: ok
[    0.004279] /cpus/cpu@0 missing clock-frequency property
[    0.004307] /cpus/cpu@1 missing clock-frequency property
[    0.004334] /cpus/cpu@2 missing clock-frequency property
[    0.004362] /cpus/cpu@3 missing clock-frequency property
[    0.004375] CPU0: thread -1, cpu 0, socket 0, mpidr 80000000
[    0.004421] Setting up static identity map for 0x80209000 - 0x80209098
[    0.006675] Tegra Revision: A01 SKU: 0 CPU Process: 1 SoC Process: 0
[    0.007953] CPU1: thread -1, cpu 1, socket 0, mpidr 80000001
[    0.008585] CPU2: thread -1, cpu 2, socket 0, mpidr 80000002
[    0.009212] CPU3: thread -1, cpu 3, socket 0, mpidr 80000003
[    0.009290] Brought up 4 CPUs
[    0.009311] SMP: Total of 4 processors activated (96.00 BogoMIPS).
[    0.009319] CPU: All CPU(s) started in SVC mode.
[    0.009886] devtmpfs: initialized
[    0.021139] VFP support v0.3: implementor 41 architecture 4 part 30 variant f rev 0
[    0.021795] clocksource: jiffies: mask: 0xffffffff max_cycles: 0xffffffff, max_idle_ns: 9556302231375000 ns
[    0.023514] pinctrl core: initialized pinctrl subsystem
[    0.025146] NET: Registered protocol family 16
[    0.027221] DMA: preallocated 256 KiB pool for atomic coherent allocations
[    0.042792] cpuidle: using governor ladder
[    0.057811] cpuidle: using governor menu
[    0.063416] gpiochip_add: GPIOs 0..255 (tegra-gpio) failed to register
[    0.070560] No ATAGs?
[    0.070594] hw-breakpoint: found 5 (+1 reserved) breakpoint and 4 watchpoint registers.
[    0.070605] hw-breakpoint: maximum watchpoint size is 8 bytes.
[    0.074630] Serial: AMBA PL011 UART driver
[    0.075784] tegra-mc 70019000.memory-controller: no memory timings for RAM code 3 registered
[    0.105238] vgaarb: loaded
[    0.106073] SCSI subsystem initialized
[    0.106271] libata version 3.00 loaded.
[    0.106609] usbcore: registered new interface driver usbfs
[    0.106680] usbcore: registered new interface driver hub
[    0.106766] usbcore: registered new device driver usb
[    0.110641] palmas 2-0058: Irq flag is 0x00000000
[    0.113893] palmas 2-0058: Muxing GPIO ff, PWM 0, LED 0
[    0.123651] sdhci-vdd-sd-slot: ramp_delay not set
[    0.145922] pps_core: LinuxPPS API ver. 1 registered
[    0.145932] pps_core: Software ver. 5.3.6 - Copyright 2005-2007 Rodolfo Giometti <giometti@linux.it>
[    0.145965] PTP clock support registered
[    0.146198] EDAC MC: Ver: 3.0.0
[    0.148799] clocksource: Switched to clocksource arch_sys_counter
[    0.160087] NET: Registered protocol family 2
[    0.160627] TCP established hash table entries: 8192 (order: 3, 32768 bytes)
[    0.160727] TCP bind hash table entries: 8192 (order: 4, 65536 bytes)
[    0.160913] TCP: Hash tables configured (established 8192 bind 8192)
[    0.160969] UDP hash table entries: 512 (order: 2, 16384 bytes)
[    0.161011] UDP-Lite hash table entries: 512 (order: 2, 16384 bytes)
[    0.161185] NET: Registered protocol family 1
[    0.161439] RPC: Registered named UNIX socket transport module.
[    0.161450] RPC: Registered udp transport module.
[    0.161458] RPC: Registered tcp transport module.
[    0.161466] RPC: Registered tcp NFSv4.1 backchannel transport module.
[    0.161488] PCI: CLS 0 bytes, default 64
[    0.163765] futex hash table entries: 1024 (order: 4, 65536 bytes)
[    0.176544] squashfs: version 4.0 (2009/01/31) Phillip Lougher
[    0.177507] NFS: Registering the id_resolver key type
[    0.177541] Key type id_resolver registered
[    0.177551] Key type id_legacy registered
[    0.177631] ntfs: driver 2.1.32 [Flags: R/O].
[    0.178746] bounce: pool size: 64 pages
[    0.179000] Block layer SCSI generic (bsg) driver version 0.4 loaded (major 249)
[    0.179021] io scheduler noop registered
[    0.179040] io scheduler deadline registered
[    0.179080] io scheduler cfq registered (default)
[    0.203604] tegra-apbdma 6000a000.dma: Tegra20 APB DMA driver register 32 channels
[    0.205166] tegra-pmc 7000e400.pmc: i2c-thermtrip node not found, emergency thermal reset disabled.
[    0.272763] Serial: 8250/16550 driver, 4 ports, IRQ sharing disabled
[    0.275284] SuperH (H)SCI(F) driver initialized
[    0.276196] msm_serial: driver initialized
[    0.277110] console [ttyS0] disabled
[    0.277146] 70006300.serial: ttyS0 at MMIO 0x70006300 (irq = 73, base_baud = 25500000) is a Tegra
[    1.020939] console [ttyS0] enabled
[    1.025186] STMicroelectronics ASC driver initialized
[    1.032477] [drm] Initialized drm 1.1.0 20060810
[    1.039190] vddio-1v8: supplied by regulator-dummy
[    1.044226] avdd-dsi-csi: supplied by vddio-1v8
[    1.050955] tegra-hdmi 54280000.hdmi: failed to get HDMI regulator
[    1.065665] loop: module loaded
[    1.075267] m25p80 spi32766.0: w25q32dw (4096 Kbytes)
[    1.083885] CAN device driver interface
[    1.088931] igb: Intel(R) Gigabit Ethernet Network Driver - version 5.3.0-k
[    1.095897] igb: Copyright (c) 2007-2014 Intel Corporation.
[    1.104278] pegasus: v0.9.3 (2013/04/25), Pegasus/Pegasus II USB Ethernet driver
[    1.111735] usbcore: registered new interface driver pegasus
[    1.117476] usbcore: registered new interface driver asix
[    1.122935] usbcore: registered new interface driver ax88179_178a
[    1.129087] usbcore: registered new interface driver cdc_ether
[    1.134999] usbcore: registered new interface driver smsc75xx
[    1.140825] usbcore: registered new interface driver smsc95xx
[    1.146629] usbcore: registered new interface driver net1080
[    1.152346] usbcore: registered new interface driver cdc_subset
[    1.158332] usbcore: registered new interface driver zaurus
[    1.164003] usbcore: registered new interface driver cdc_ncm
[    1.171772] ehci_hcd: USB 2.0 'Enhanced' Host Controller (EHCI) Driver
[    1.178316] ehci-pci: EHCI PCI platform driver
[    1.182824] ehci-platform: EHCI generic platform driver
[    1.188255] ehci-omap: OMAP-EHCI Host Controller driver
[    1.193626] ehci-orion: EHCI orion driver
[    1.197782] SPEAr-ehci: EHCI SPEAr driver
[    1.201947] ehci-st: EHCI STMicroelectronics driver
[    1.206975] ehci-exynos: EHCI EXYNOS driver
[    1.211327] ehci-atmel: EHCI Atmel driver
[    1.215485] tegra-ehci: Tegra EHCI driver
[    1.219808] ohci_hcd: USB 1.1 'Open' Host Controller (OHCI) Driver
[    1.226014] ohci-pci: OHCI PCI platform driver
[    1.230523] ohci-platform: OHCI generic platform driver
[    1.235916] ohci-omap3: OHCI OMAP3 driver
[    1.240074] SPEAr-ohci: OHCI SPEAr driver
[    1.244234] ohci-st: OHCI STMicroelectronics driver
[    1.249261] ohci-atmel: OHCI Atmel driver
[    1.253483] usbcore: registered new interface driver usb-storage
[    1.260968] mousedev: PS/2 mouse device common for all mice
[    1.271897] palmas-rtc 7000d000.i2c:tps65913@58:rtc: rtc core: registered 7000d000.i2c:tps659 as rtc0
[    1.283056] tegra_rtc 7000e000.rtc: rtc core: registered 7000e000.rtc as rtc1
[    1.290247] tegra_rtc 7000e000.rtc: Tegra internal Real Time Clock
[    1.297002] i2c /dev entries driver
[    1.303957] sbs-battery 0-000b: sbs_probe: Failed to get device status
[    1.310510] sbs-battery: probe of 0-000b failed with error -121
[    1.322274] sdhci: Secure Digital Host Controller Interface driver
[    1.328460] sdhci: Copyright(c) Pierre Ossman
[    1.334386] Synopsys Designware Multimedia Card Interface Driver
[    1.341494] sdhci-pltfm: SDHCI platform and OF driver helper
[    1.348053] sdhci-tegra 78000600.sdhci: No vmmc regulator found
[    1.353996] sdhci-tegra 78000600.sdhci: No vqmmc regulator found
[    1.360012] mmc0: Invalid maximum block size, assuming 512 bytes
[    1.398819] mmc0: SDHCI controller on 78000600.sdhci [78000600.sdhci] using ADMA
[    1.411511] ledtrig-cpu: registered to indicate activity on CPUs
[    1.417917] usbcore: registered new interface driver usbhid
[    1.423511] usbhid: USB HID core driver
[    1.450359] NET: Registered protocol family 10
[    1.457248] sit: IPv6 over IPv4 tunneling driver
[    1.462617] NET: Registered protocol family 17
[    1.467096] can: controller area network core (rev 20120528 abi 9)
[    1.473357] NET: Registered protocol family 29
[    1.477819] can: raw protocol (rev 20120528)
[    1.482107] can: broadcast manager protocol (rev 20120528 t)
[    1.487788] can: netlink gateway (rev 20130117) max_hops=1
[    1.493684] Key type dns_resolver registered
[    1.498613] ThumbEE CPU extension supported.
[    1.502921] Registering SWP/SWPB emulation handler
[    1.515947] tps65090 2-0048: No cache defaults, reading back from HW
[    1.521325] mmc0: MAN_BKOPS_EN bit is not set
[    1.526217] mmc0: new high speed MMC card at address 0001
[    1.526891] mmcblk0: mmc0:0001 SEM32G 29.1 GiB 
[    1.527329] mmcblk0boot0: mmc0:0001 SEM32G partition 1 4.00 MiB
[    1.527652] mmcblk0boot1: mmc0:0001 SEM32G partition 2 4.00 MiB
[    1.528195] mmcblk0rpmb: mmc0:0001 SEM32G partition 3 4.00 MiB
[    1.537241]  mmcblk0: p1 p2 p3 p4 p5 p6 p7 p8
[    1.576360] vdd-lcd-bl: supplied by vdd_ac_bat
[    1.584788] vdd-sys-5v0: supplied by vdd_ac_bat
[    1.589817] VDD_5V0_HDMI_CON: supplied by vdd-sys-5v0
[    1.596471] vdd_hdmi_5v0: supplied by vdd-sys-5v0
[    1.604885] [drm] Supports vblank timestamp caching Rev 2 (21.10.2013).
[    1.611541] [drm] No driver support for vblank timestamp query.
[    1.617541] drm drm: No connectors reported connected with modes
[    1.623589] [drm] Cannot find any crtc or sizes - going 1024x768
[    1.644103] Console: switching to colour frame buffer device 128x48
[    1.657743] drm drm: fb0:  frame buffer device
[    1.673952] [drm] Initialized tegra 0.0.0 20120330 on minor 0
[    1.679929] vdd-sys-3v3: supplied by vdd_ac_bat
[    1.685263] avdd-lcd: supplied by vdd-sys-3v3
[    1.692268] usb2_vbus: supplied by vdd-sys-5v0
[    1.698647] tegra-ehci 7d008000.usb: EHCI Host Controller
[    1.704106] tegra-ehci 7d008000.usb: new USB bus registered, assigned bus number 1
[    1.712372] tegra-ehci 7d008000.usb: irq 83, io mem 0x7d008000
[    1.723954] tegra-ehci 7d008000.usb: USB 2.0 started, EHCI 1.10
[    1.730845] hub 1-0:1.0: USB hub found
[    1.734676] hub 1-0:1.0: 1 port detected
[    1.739484] vdd-sensor-2v85: supplied by vdd-sys-3v3
[    1.751748] sdhci-tegra 78000400.sdhci: Got CD GPIO
[    1.756685] sdhci-tegra 78000400.sdhci: Got WP GPIO
[    1.762705] sdhci-tegra 78000400.sdhci: No vmmc regulator found
[    1.768634] sdhci-tegra 78000400.sdhci: No vqmmc regulator found
[    1.774647] mmc1: Invalid maximum block size, assuming 512 bytes
[    1.814437] mmc1: SDHCI controller on 78000400.sdhci [78000400.sdhci] using ADMA
[    1.823591] input: gpio-keys as /devices/soc0/gpio-keys/input/input0
[    1.832212] palmas-rtc 7000d000.i2c:tps65913@58:rtc: setting system clock to 2000-02-27 20:11:32 UTC (951682292)
[    1.855456] dvdd_ts: disabling
[    1.858514] usb1_vbus: disabling
[    1.861773] vdd_cam_1v8_reg: disabling
[    1.867928] EXT4-fs (mmcblk0p1): mounting ext3 file system using the ext4 subsystem
[    1.897756] EXT4-fs (mmcblk0p1): recovery complete
[    1.902604] EXT4-fs (mmcblk0p1): mounted filesystem with ordered data mode. Opts: (null)
[    1.910732] VFS: Mounted root (ext3 filesystem) on device 179:1.
[    1.920375] devtmpfs: mounted
[    1.924241] Freeing unused kernel memory: 1008K (c0d6c000 - c0e68000)
bash: cannot set terminal process group (-1): Inappropriate ioctl for de[    2.048855] usb 1-1: new high-speed USB device number 2 using tegra-ehci
vice
bash: no job control in this shell
root@(none):/# 