
U-Boot SPL 2015.04-rc3-00209-ga74ef40 (Mar 16 2015 - 14:43:39)


U-Boot 2015.04-rc3-00209-ga74ef40 (Mar 16 2015 - 14:43:39)

TEGRA20
Model: Compulab TrimSlice board
DRAM:  1 GiB
MMC:   Tegra SD/MMC: 0, Tegra SD/MMC: 1
SF: Detected W25Q80BL with page size 256 Bytes, erase size 4 KiB, total 1 MiB
tegra-pcie: PCI regions:
tegra-pcie:   I/O: 0x82000000-0x82010000
tegra-pcie:   non-prefetchable memory: 0xa0000000-0xa8000000
tegra-pcie:   prefetchable memory: 0xa8000000-0xc0000000
tegra-pcie: dual-mode configuration
tegra-pcie: probing port 0, using 2 lanes
In:    serial
Out:   serial
Err:   serial
Net:   RTL8169#0
Hit any key to stop autoboot:  2  0 
Tegra20 (TrimSlice) # 
Tegra20 (TrimSlice) # usb reset
resetting USB...
USB0:   USB EHCI 1.00
scanning bus 0 for devices... 3 USB Device(s) found
USB1:   USB EHCI 1.00
scanning bus 1 for devices... 1 USB Device(s) found
USB2:   lowlevel init failed
       scanning usb for storage devices... 0 Storage Device(s) found
       scanning usb for ethernet devices... 
Warning: asx0 using MAC address from net device
1 Ethernet Device(s) found
Tegra20 (TrimSlice) # setenv bootargs 'ignore_loglevel console=ttyS0,115200n8 rw root=PARTUUID=11eb23c1-01 rootwait gpt debug noinitrd earlyprintk init=/bin/bash'
Tegra20 (TrimSlice) # setenv ipaddr 192.168.100.103; setenv serverip 192.168.100.1; setenv tftpserverip 192.168.100.1
Tegra20 (TrimSlice) # tftpboot 0x00408000 zImage.multi_v7_defconfig
Using RTL8169#0 device
TFTP from server 192.168.100.1; our IP address is 192.168.100.103
Filename 'zImage.multi_v7_defconfig'.
Load address: 0x408000
Loading: *#################################################################
	 #################################################################
	 #################################################################
	 #################################################################
	 #################################################################
	 #################################################################
	 #################################################################
	 ########################################
	 4 MiB/s
done
Bytes transferred = 7264992 (6edae0 hex)
Tegra20 (TrimSlice) # tftpboot 0x02408000 tegra20-trimslice.dtb
Using RTL8169#0 device
TFTP from server 192.168.100.1; our IP address is 192.168.100.103
Filename 'tegra20-trimslice.dtb'.
Load address: 0x2408000
Loading: *##
	 3.4 MiB/s
done
Bytes transferred = 21172 (52b4 hex)
Tegra20 (TrimSlice) # bootz 0x00408000 - 0x02408000
Kernel image @ 0x408000 [ 0x000000 - 0x6edae0 ]
## Flattened Device Tree blob at 02408000
   Booting using the fdt blob at 0x2408000
   Using Device Tree in place at 02408000, end 024102b3

Starting kernel ...

[    0.000000] Booting Linux on physical CPU 0x0
[    0.000000] Linux version 4.7.0-rc3-next-20160616-100112-g649a371 (pwalmsley@sellafield) (gcc version 4.7.3 20130328 (prerelease) (crosstool-NG linaro-1.13.1-4.7-2013.04-20130415 - Linaro GCC 2013.04) ) #1 SMP Wed Jun 15 23:18:47 PDT 2016
[    0.000000] CPU: ARMv7 Processor [411fc090] revision 0 (ARMv7), cr=10c5387d
[    0.000000] CPU: PIPT / VIPT nonaliasing data cache, VIPT aliasing instruction cache
[    0.000000] Machine model: Compulab TrimSlice board
[    0.000000] debug: ignoring loglevel setting.
[    0.000000] cma: Reserved 64 MiB at 0x3c000000
[    0.000000] Memory policy: Data cache writealloc
[    0.000000] On node 0 totalpages: 262144
[    0.000000] free_area_init_node: node 0, pgdat c141bac0, node_mem_map ef7fa000
[    0.000000]   DMA zone: 1536 pages used for memmap
[    0.000000]   DMA zone: 0 pages reserved
[    0.000000]   DMA zone: 196608 pages, LIFO batch:31
[    0.000000]   HighMem zone: 65536 pages, LIFO batch:15
[    0.000000] percpu: Embedded 13 pages/cpu @ef7cb000 s23808 r8192 d21248 u53248
[    0.000000] pcpu-alloc: s23808 r8192 d21248 u53248 alloc=13*4096
[    0.000000] pcpu-alloc: [0] 0 [0] 1 
[    0.000000] Built 1 zonelists in Zone order, mobility grouping on.  Total pages: 260608
[    0.000000] Kernel command line: ignore_loglevel console=ttyS0,115200n8 rw root=PARTUUID=11eb23c1-01 rootwait gpt debug noinitrd earlyprintk init=/bin/bash
[    0.000000] PID hash table entries: 4096 (order: 2, 16384 bytes)
[    0.000000] Dentry cache hash table entries: 131072 (order: 7, 524288 bytes)
[    0.000000] Inode-cache hash table entries: 65536 (order: 6, 262144 bytes)
[    0.000000] Memory: 955940K/1048576K available (9529K kernel code, 1142K rwdata, 4504K rodata, 2048K init, 342K bss, 27100K reserved, 65536K cma-reserved, 196608K highmem)
[    0.000000] Virtual kernel memory layout:
[    0.000000]     vector  : 0xffff0000 - 0xffff1000   (   4 kB)
[    0.000000]     fixmap  : 0xffc00000 - 0xfff00000   (3072 kB)
[    0.000000]     vmalloc : 0xf0800000 - 0xff800000   ( 240 MB)
[    0.000000]     lowmem  : 0xc0000000 - 0xf0000000   ( 768 MB)
[    0.000000]     pkmap   : 0xbfe00000 - 0xc0000000   (   2 MB)
[    0.000000]     modules : 0xbf000000 - 0xbfe00000   (  14 MB)
[    0.000000]       .text : 0xc0208000 - 0xc10b47d4   (15026 kB)
[    0.000000]       .init : 0xc1100000 - 0xc1300000   (2048 kB)
[    0.000000]       .data : 0xc1300000 - 0xc141db20   (1143 kB)
[    0.000000]        .bss : 0xc141f000 - 0xc14748d8   ( 343 kB)
[    0.000000] SLUB: HWalign=64, Order=0-3, MinObjects=0, CPUs=2, Nodes=1
[    0.000000] Hierarchical RCU implementation.
[    0.000000] 	Build-time adjustment of leaf fanout to 32.
[    0.000000] 	RCU restricting CPUs from NR_CPUS=16 to nr_cpu_ids=2.
[    0.000000] RCU: Adjusting geometry for rcu_fanout_leaf=32, nr_cpu_ids=2
[    0.000000] NR_IRQS:16 nr_irqs:16 16
[    0.000000] /interrupt-controller@60004000: 128 interrupts forwarded to /interrupt-controller@50041000
[    0.000000] L2C: platform modifies aux control register: 0x02080000 -> 0x3e480001
[    0.000000] L2C: DT/platform modifies aux control register: 0x02080000 -> 0x3e480001
[    0.000000] L2C-310 errata 727915 769419 enabled
[    0.000000] L2C-310 enabling early BRESP for Cortex-A9
[    0.000000] L2C-310: enabling full line of zeros but not enabled in Cortex-A9
[    0.000000] L2C-310 ID prefetch enabled, offset 1 lines
[    0.000000] L2C-310 cache controller enabled, 8 ways, 1024 kB
[    0.000000] L2C-310: CACHE_ID 0x410000c4, AUX_CTRL 0x7e480001
[    0.000011] sched_clock: 32 bits at 1000kHz, resolution 1000ns, wraps every 2147483647500ns
[    0.000027] clocksource: timer_us: mask: 0xffffffff max_cycles: 0xffffffff, max_idle_ns: 1911260446275 ns
[    0.000038] Switching to timer-based delay loop, resolution 1000ns
[    0.001564] Console: colour dummy device 80x30
[    0.001586] Calibrating delay loop (skipped), value calculated using timer frequency.. 2.00 BogoMIPS (lpj=5000)
[    0.001597] pid_max: default: 32768 minimum: 301
[    0.001671] Mount-cache hash table entries: 2048 (order: 1, 8192 bytes)
[    0.001680] Mountpoint-cache hash table entries: 2048 (order: 1, 8192 bytes)
[    0.002171] CPU: Testing write buffer coherency: ok
[    0.002351] CPU0: thread -1, cpu 0, socket 0, mpidr 80000000
[    0.002375] Setting up static identity map for 0x300000 - 0x300098
[    0.003832] Tegra Revision: A03 prime SKU: 8 CPU Process: 1 SoC Process: 2
[    0.004848] CPU1: thread -1, cpu 1, socket 0, mpidr 80000001
[    0.004935] Brought up 2 CPUs
[    0.004947] SMP: Total of 2 processors activated (4.00 BogoMIPS).
[    0.004953] CPU: All CPU(s) started in SVC mode.
[    0.005588] devtmpfs: initialized
[    0.009552] VFP support v0.3: implementor 41 architecture 3 part 30 variant 9 rev 1
[    0.009789] clocksource: jiffies: mask: 0xffffffff max_cycles: 0xffffffff, max_idle_ns: 9556302231375000 ns
[    0.012723] pinctrl core: initialized pinctrl subsystem
[    0.013941] NET: Registered protocol family 16
[    0.016070] DMA: preallocated 256 KiB pool for atomic coherent allocations
[    0.029930] cpuidle: using governor menu
[    0.041418] No ATAGs?
[    0.041440] hw-breakpoint: found 5 (+1 reserved) breakpoint and 1 watchpoint registers.
[    0.041447] hw-breakpoint: maximum watchpoint size is 4 bytes.
[    0.044928] Serial: AMBA PL011 UART driver
[    0.068234] usb1_vbus: Failed to request enable GPIO170: -517
[    0.068249] reg-fixed-voltage regulators:regulator@2: Failed to register regulator: -517
[    0.071855] vgaarb: loaded
[    0.072436] SCSI subsystem initialized
[    0.072556] libata version 3.00 loaded.
[    0.072760] usbcore: registered new interface driver usbfs
[    0.072806] usbcore: registered new interface driver hub
[    0.072846] usbcore: registered new device driver usb
[    0.074963] pps_core: LinuxPPS API ver. 1 registered
[    0.074970] pps_core: Software ver. 5.3.6 - Copyright 2005-2007 Rodolfo Giometti <giometti@linux.it>
[    0.074986] PTP clock support registered
[    0.075133] EDAC MC: Ver: 3.0.0
[    0.076915] clocksource: Switched to clocksource timer_us
[    0.084568] NET: Registered protocol family 2
[    0.085005] TCP established hash table entries: 8192 (order: 3, 32768 bytes)
[    0.085075] TCP bind hash table entries: 8192 (order: 4, 65536 bytes)
[    0.085181] TCP: Hash tables configured (established 8192 bind 8192)
[    0.085252] UDP hash table entries: 512 (order: 2, 16384 bytes)
[    0.085298] UDP-Lite hash table entries: 512 (order: 2, 16384 bytes)
[    0.085434] NET: Registered protocol family 1
[    0.085741] RPC: Registered named UNIX socket transport module.
[    0.085748] RPC: Registered udp transport module.
[    0.085754] RPC: Registered tcp transport module.
[    0.085758] RPC: Registered tcp NFSv4.1 backchannel transport module.
[    0.085767] PCI: CLS 0 bytes, default 64
[    0.086556] hw perfevents: enabled with armv7_cortex_a9 PMU driver, 7 counters available
[    0.087531] futex hash table entries: 512 (order: 3, 32768 bytes)
[    0.088072] workingset: timestamp_bits=28 max_order=18 bucket_order=0
[    0.095660] squashfs: version 4.0 (2009/01/31) Phillip Lougher
[    0.096269] NFS: Registering the id_resolver key type
[    0.096297] Key type id_resolver registered
[    0.096303] Key type id_legacy registered
[    0.096335] ntfs: driver 2.1.32 [Flags: R/O].
[    0.097288] bounce: pool size: 64 pages
[    0.097442] Block layer SCSI generic (bsg) driver version 0.4 loaded (major 248)
[    0.097451] io scheduler noop registered
[    0.097456] io scheduler deadline registered
[    0.097589] io scheduler cfq registered (default)
[    0.100590] libphy: mdio_driver_register: phy-bcm-ns2-pci
[    0.109231] tegra-pcie 80003000.pcie-controller: dual-mode configuration
[    0.109926] tegra-pcie 80003000.pcie-controller: probing port 0, using 2 lanes
[    0.192376] tegra-pcie 80003000.pcie-controller: PCI host bridge to bus 0000:00
[    0.192388] pci_bus 0000:00: root bus resource [io  0x0000-0xffff]
[    0.192397] pci_bus 0000:00: root bus resource [mem 0xa0000000-0xa7ffffff]
[    0.192406] pci_bus 0000:00: root bus resource [mem 0xa8000000-0xbfffffff pref]
[    0.192414] pci_bus 0000:00: root bus resource [bus 00-ff]
[    0.192447] pci 0000:00:01.0: [10de:0bf0] type 01 class 0x060000
[    0.192505] pci 0000:00:01.0: PME# supported from D0 D1 D2 D3hot D3cold
[    0.192700] PCI: bus0: Fast back to back transfers disabled
[    0.192710] pci 0000:00:01.0: bridge configuration invalid ([bus 00-00]), reconfiguring
[    0.192838] pci 0000:01:00.0: [10ec:8168] type 00 class 0x020000
[    0.192861] pci 0000:01:00.0: reg 0x10: [io  0x0000-0x00ff]
[    0.192883] pci 0000:01:00.0: reg 0x18: [mem 0x00000000-0x00000fff 64bit pref]
[    0.192898] pci 0000:01:00.0: reg 0x20: [mem 0x00000000-0x00003fff 64bit pref]
[    0.192911] pci 0000:01:00.0: reg 0x30: [mem 0x00000000-0x0001ffff pref]
[    0.192986] pci 0000:01:00.0: supports D1 D2
[    0.192993] pci 0000:01:00.0: PME# supported from D0 D1 D2 D3hot D3cold
[    0.201950] PCI: bus1: Fast back to back transfers disabled
[    0.201962] pci_bus 0000:01: busn_res: [bus 01-ff] end is updated to 01
[    0.201974] Disabling cpuidle LP2 state, since PCIe IRQs are in use
[    0.202030] pci 0000:00:01.0: BAR 8: assigned [mem 0xa0000000-0xa00fffff]
[    0.202042] pci 0000:00:01.0: BAR 9: assigned [mem 0xa8000000-0xa80fffff 64bit pref]
[    0.202051] pci 0000:00:01.0: BAR 7: assigned [io  0x1000-0x1fff]
[    0.202063] pci 0000:01:00.0: BAR 6: assigned [mem 0xa0000000-0xa001ffff pref]
[    0.202072] pci 0000:01:00.0: BAR 4: assigned [mem 0xa8000000-0xa8003fff 64bit pref]
[    0.202089] pci 0000:01:00.0: BAR 2: assigned [mem 0xa8004000-0xa8004fff 64bit pref]
[    0.202104] pci 0000:01:00.0: BAR 0: assigned [io  0x1000-0x10ff]
[    0.202114] pci 0000:00:01.0: PCI bridge to [bus 01]
[    0.202122] pci 0000:00:01.0:   bridge window [io  0x1000-0x1fff]
[    0.202130] pci 0000:00:01.0:   bridge window [mem 0xa0000000-0xa00fffff]
[    0.202138] pci 0000:00:01.0:   bridge window [mem 0xa8000000-0xa80fffff 64bit pref]
[    0.202157] pci 0000:00:01.0: nv_msi_ht_cap_quirk didn't locate host bridge
[    0.202224] pcieport 0000:00:01.0: enabling device (0140 -> 0143)
[    0.202372] pcieport 0000:00:01.0: Signaling PME through PCIe PME interrupt
[    0.202381] pci 0000:01:00.0: Signaling PME through PCIe PME interrupt
[    0.202391] pcie_pme 0000:00:01.0:pcie001: service driver pcie_pme loaded
[    0.206101] tegra-apbdma 6000a000.dma: Tegra20 APB DMA driver register 16 channels
[    0.252082] Serial: 8250/16550 driver, 4 ports, IRQ sharing disabled
[    0.254411] console [ttyS0] disabled
[    0.254444] 70006000.serial: ttyS0 at MMIO 0x70006000 (irq = 279, base_baud = 13500000) is a Tegra
[    1.204752] console [ttyS0] enabled
[    1.208836] SuperH (H)SCI(F) driver initialized
[    1.214116] msm_serial: driver initialized
[    1.218368] STMicroelectronics ASC driver initialized
[    1.226200] [drm] Initialized drm 1.1.0 20060810
[    1.233098] 54280000.hdmi supply hdmi not found, using dummy regulator
[    1.242819] [drm] Supports vblank timestamp caching Rev 2 (21.10.2013).
[    1.249432] [drm] No driver support for vblank timestamp query.
[    1.255377] drm drm: No connectors reported connected with modes
[    1.261385] [drm] Cannot find any crtc or sizes - going 1024x768
[    1.283323] Console: switching to colour frame buffer device 128x48
[    1.298008] drm drm: fb0:  frame buffer device
[    1.316926] [drm] Initialized tegra 0.0.0 20120330 on minor 0
[    1.331270] brd: module loaded
[    1.338563] loop: module loaded
[    1.347158] m25p80 spi32766.0: found s25fl008k, expected w25q80bl
[    1.353260] m25p80 spi32766.0: s25fl008k (1024 Kbytes)
[    1.360797] libphy: Fixed MDIO Bus: probed
[    1.365524] CAN device driver interface
[    1.370796] igb: Intel(R) Gigabit Ethernet Network Driver - version 5.3.0-k
[    1.377756] igb: Copyright (c) 2007-2014 Intel Corporation.
[    1.383856] r8169 Gigabit Ethernet driver 2.3LK-NAPI loaded
[    1.389451] r8169 0000:01:00.0: enabling device (0140 -> 0143)
[    1.396050] r8169 0000:01:00.0 eth0: RTL8168d/8111d at 0xf0878000, 00:01:c0:13:7d:63, XID 081000c0 IRQ 296
[    1.405706] r8169 0000:01:00.0 eth0: jumbo features [frames: 9200 bytes, tx checksumming: ko]
[    1.416167] pegasus: v0.9.3 (2013/04/25), Pegasus/Pegasus II USB Ethernet driver
[    1.423619] usbcore: registered new interface driver pegasus
[    1.429322] usbcore: registered new interface driver asix
[    1.434752] usbcore: registered new interface driver ax88179_178a
[    1.440877] usbcore: registered new interface driver cdc_ether
[    1.446753] usbcore: registered new interface driver smsc75xx
[    1.452557] usbcore: registered new interface driver smsc95xx
[    1.458335] usbcore: registered new interface driver net1080
[    1.464025] usbcore: registered new interface driver cdc_subset
[    1.469973] usbcore: registered new interface driver zaurus
[    1.475606] usbcore: registered new interface driver cdc_ncm
[    1.481551] tegra-phy c5004000.usb-phy: no vbus regulator
[    1.488047] tegra-phy c5008000.usb-phy: no vbus regulator
[    1.494865] ehci_hcd: USB 2.0 'Enhanced' Host Controller (EHCI) Driver
[    1.501395] ehci-pci: EHCI PCI platform driver
[    1.505882] ehci-platform: EHCI generic platform driver
[    1.511268] ehci-omap: OMAP-EHCI Host Controller driver
[    1.516601] ehci-orion: EHCI orion driver
[    1.520718] SPEAr-ehci: EHCI SPEAr driver
[    1.524837] ehci-st: EHCI STMicroelectronics driver
[    1.529824] ehci-exynos: EHCI EXYNOS driver
[    1.534132] ehci-atmel: EHCI Atmel driver
[    1.538251] tegra-ehci: Tegra EHCI driver
[    1.563122] ulpi_phy_power_on: ulpi write failed
[    1.567743] tegra-ehci c5004000.usb: Failed to power on the phy
[    1.573673] tegra-ehci: probe of c5004000.usb failed with error -110
[    1.582666] tegra-ehci c5008000.usb: EHCI Host Controller
[    1.588081] tegra-ehci c5008000.usb: new USB bus registered, assigned bus number 1
[    1.595893] tegra-ehci c5008000.usb: irq 290, io mem 0xc5008000
[    1.606933] tegra-ehci c5008000.usb: USB 2.0 started, EHCI 1.00
[    1.613453] hub 1-0:1.0: USB hub found
[    1.617247] hub 1-0:1.0: 1 port detected
[    1.621459] ohci_hcd: USB 1.1 'Open' Host Controller (OHCI) Driver
[    1.627655] ohci-pci: OHCI PCI platform driver
[    1.632145] ohci-platform: OHCI generic platform driver
[    1.637525] ohci-omap3: OHCI OMAP3 driver
[    1.641628] SPEAr-ohci: OHCI SPEAr driver
[    1.645754] ohci-st: OHCI STMicroelectronics driver
[    1.650741] ohci-atmel: OHCI Atmel driver
[    1.655357] usbcore: registered new interface driver usb-storage
[    1.662637] mousedev: PS/2 mouse device common for all mice
[    1.669929] rtc-em3027 2-0056: rtc core: registered rtc-em3027 as rtc0
[    1.677656] tegra_rtc 7000e000.rtc: rtc core: registered 7000e000.rtc as rtc1
[    1.684822] tegra_rtc 7000e000.rtc: Tegra internal Real Time Clock
[    1.691413] i2c /dev entries driver
[    1.703981] sdhci: Secure Digital Host Controller Interface driver
[    1.710175] sdhci: Copyright(c) Pierre Ossman
[    1.715714] Synopsys Designware Multimedia Card Interface Driver
[    1.722571] sdhci-pltfm: SDHCI platform and OF driver helper
[    1.729089] mmc0: Invalid maximum block size, assuming 512 bytes
[    1.761935] mmc0: SDHCI controller on c8000000.sdhci [c8000000.sdhci] using ADMA
[    1.769439] sdhci-tegra c8000600.sdhci: Got CD GPIO
[    1.774333] sdhci-tegra c8000600.sdhci: Got WP GPIO
[    1.779369] mmc1: Invalid maximum block size, assuming 512 bytes
[    1.812012] mmc1: SDHCI controller on c8000600.sdhci [c8000600.sdhci] using ADMA
[    1.820613] ledtrig-cpu: registered to indicate activity on CPUs
[    1.826894] usbcore: registered new interface driver usbhid
[    1.832469] usbhid: USB HID core driver
[    1.840936] NET: Registered protocol family 10
[    1.846128] sit: IPv6 over IPv4 tunneling driver
[    1.851244] NET: Registered protocol family 17
[    1.855703] can: controller area network core (rev 20120528 abi 9)
[    1.861936] NET: Registered protocol family 29
[    1.866367] can: raw protocol (rev 20120528)
[    1.870636] can: broadcast manager protocol (rev 20120528 t)
[    1.876294] can: netlink gateway (rev 20130117) max_hops=1
[    1.882124] Key type dns_resolver registered
[    1.886742] ThumbEE CPU extension supported.
[    1.891025] Registering SWP/SWPB emulation handler
[    1.903822] utmi_phy_clk_enable: timeout waiting for phy to stabilize
[    1.910288] tegra-ehci c5000000.usb: EHCI Host Controller
[    1.915703] tegra-ehci c5000000.usb: new USB bus registered, assigned bus number 2
[    1.923543] tegra-ehci c5000000.usb: irq 288, io mem 0xc5000000
[    1.936947] usb 1-1: new high-speed USB device number 2 using tegra-ehci
[    1.943925] mmc0: host does not support reading read-only switch, assuming write-enable
[    1.951979] tegra-ehci c5000000.usb: USB 2.0 started, EHCI 1.00
[    1.958038] mmc0: new high speed SDHC card at address b368
[    1.963942] mmcblk0: mmc0:b368 NCard 3.70 GiB 
[    1.964126] hub 2-0:1.0: USB hub found
[    1.964154] hub 2-0:1.0: 1 port detected
[    1.969024] input: gpio-keys as /devices/soc0/gpio-keys/input/input0
[    1.976109] rtc-em3027 2-0056: hctosys: unable to read the hardware clock
[    1.991275]  mmcblk0: p1
[    1.994885] EXT4-fs (mmcblk0p1): mounting ext3 file system using the ext4 subsystem
[    2.015980] mmc1: new high speed SD card at address b368
[    2.021734] mmcblk1: mmc1:b368 NCard 1.83 GiB (ro)
[    2.029005]  mmcblk1: p1 p2
[    2.082392] EXT4-fs (mmcblk0p1): recovery complete
[    2.087206] EXT4-fs (mmcblk0p1): mounted filesystem with ordered data mode. Opts: (null)
[    2.095323] VFS: Mounted root (ext3 filesystem) on device 179:1.
[    2.102643] hub 1-1:1.0: USB hub found
[    2.106448] devtmpfs: mounted
[    2.109708] hub 1-1:1.0: 4 ports detected
[    2.115513] Freeing unused kernel memory: 2048K (c1100000 - c1300000)
bash: cannot set terminal process group (-1): Inappropriate ioctl for device
bash: no job control in this shell
[    2.407080] usb 1-1.2: new high-speed USB device number 3 using tegra-ehci
root@(none):/# mount -t sysfs none /sys
root@(none):/# 
root@(none):/# mount -t debugfs none /sys/kernel/debug
root@(none):/# 
root@(none):/# rtcwake -d rtc1 -m mem -s 3
rtcwake: assuming RTC uses UTC ...
rtcwake: wakeup from "mem" using /dev/rtc1 at Thu Jan  1 00:00:22 1970
[    7.472470] PM: Syncing filesystems ... done.
[    7.518924] Freezing user space processes ... (elapsed 0.001 seconds) done.
[    7.527493] Freezing remaining freezable tasks ... (elapsed 0.001 seconds) done.
[    7.536513] Suspending console(s) (use no_console_suspend to debug)
[    7.574941] PM: suspend of devices complete after 29.506 msecs
[    7.578480] PM: late suspend of devices complete after 3.508 msecs
[    7.592543] PM: noirq suspend of devices complete after 14.031 msecs
[    7.592555] Disabling non-boot CPUs ...
[    7.594326] CPU1: shutdown
[    7.610121] Entering suspend state LP1
[    7.610170] Enabling non-boot CPUs ...
[    7.636209] CPU1 is up
[    7.637181] pcieport 0000:00:01.0: nv_msi_ht_cap_quirk didn't locate host bridge
[    7.652206] PM: noirq resume of devices complete after 15.964 msecs
[    7.655630] PM: early resume of devices complete after 2.894 msecs
[    7.720522] PM: resume of devices complete after 64.859 msecs
[    7.784471] Restarting tasks ... done.
root@(none):/# 
root@(none):/# rtcwake -d rtc1 -m mem -s 3
rtcwake: assuming RTC uses UTC ...
rtcwake: wakeup from "mem" using /dev/rtc1 at Thu Jan  1 00:00:26 1970
[    8.476721] PM: Syncing filesystems ... done.
[    8.522226] Freezing user space processes ... (elapsed 0.001 seconds) done.
[    8.530706] Freezing remaining freezable tasks ... (elapsed 0.001 seconds) done.
[    8.539803] Suspending console(s) (use no_console_suspend to debug)
[    8.573345] PM: suspend of devices complete after 24.626 msecs
[    8.577108] PM: late suspend of devices complete after 3.730 msecs
[    8.592539] PM: noirq suspend of devices complete after 15.399 msecs
[    8.592551] Disabling non-boot CPUs ...
[    8.594507] CPU1: shutdown
[    8.610063] Entering suspend state LP1
[    8.610112] Enabling non-boot CPUs ...
[    8.636165] CPU1 is up
[    8.638699] pcieport 0000:00:01.0: nv_msi_ht_cap_quirk didn't locate host bridge
[    8.652097] PM: noirq resume of devices complete after 15.899 msecs
[    8.655859] PM: early resume of devices complete after 3.054 msecs
[    8.720338] PM: resume of devices complete after 64.445 msecs
[    8.784275] Restarting tasks ... done.
root@(none):/# 
root@(none):/# rtcwake -d rtc1 -m mem -s 3
rtcwake: assuming RTC uses UTC ...
rtcwake: wakeup from "mem" using /dev/rtc1 at Thu Jan  1 00:00:30 1970
[    9.476678] PM: Syncing filesystems ... done.
[    9.522186] Freezing user space processes ... (elapsed 0.001 seconds) done.
[    9.530667] Freezing remaining freezable tasks ... (elapsed 0.001 seconds) done.
[    9.539770] Suspending console(s) (use no_console_suspend to debug)
[    9.573644] PM: suspend of devices complete after 24.955 msecs
[    9.577538] PM: late suspend of devices complete after 3.862 msecs
[    9.592464] PM: noirq suspend of devices complete after 14.894 msecs
[    9.592475] Disabling non-boot CPUs ...
[    9.594272] CPU1: shutdown
[    9.610023] Entering suspend state LP1
[    9.610072] Enabling non-boot CPUs ...
[    9.636111] CPU1 is up
[    9.637505] pcieport 0000:00:01.0: nv_msi_ht_cap_quirk didn't locate host bridge
[    9.652086] PM: noirq resume of devices complete after 15.942 msecs
[    9.655456] PM: early resume of devices complete after 2.843 msecs
[    9.720378] PM: resume of devices complete after 64.889 msecs
[    9.784353] Restarting tasks ... done.
root@(none):/# 
root@(none):/# rtcwake -d rtc1 -m mem -s 3
rtcwake: assuming RTC uses UTC ...
rtcwake: wakeup from "mem" using /dev/rtc1 at Thu Jan  1 00:00:34 1970
[   10.481890] PM: Syncing filesystems ... done.
[   10.527359] Freezing user space processes ... (elapsed 0.001 seconds) done.
[   10.535899] Freezing remaining freezable tasks ... (elapsed 0.001 seconds) done.
[   10.544999] Suspending console(s) (use no_console_suspend to debug)
[   10.578888] PM: suspend of devices complete after 24.973 msecs
[   10.582536] PM: late suspend of devices complete after 3.615 msecs
[   10.597390] PM: noirq suspend of devices complete after 14.823 msecs
[   10.597401] Disabling non-boot CPUs ...
[   10.599193] CPU1: shutdown
[   10.614938] Entering suspend state LP1
[   10.614987] Enabling non-boot CPUs ...
[   10.641083] CPU1 is up
[   10.642464] pcieport 0000:00:01.0: nv_msi_ht_cap_quirk didn't locate host bridge
[   10.657019] PM: noirq resume of devices complete after 15.901 msecs
[   10.660711] PM: early resume of devices complete after 2.969 msecs
[   10.727608] PM: resume of devices complete after 66.863 msecs
[   10.790912] Restarting tasks ... done.
root@(none):/# 
root@(none):/# rtcwake -d rtc1 -m mem -s 3
rtcwake: assuming RTC uses UTC ...
rtcwake: wakeup from "mem" using /dev/rtc1 at Thu Jan  1 00:00:38 1970
[   11.486923] PM: Syncing filesystems ... done.
[   11.532357] Freezing user space processes ... (elapsed 0.001 seconds) done.
[   11.540910] Freezing remaining freezable tasks ... (elapsed 0.001 seconds) done.
[   11.550006] Suspending console(s) (use no_console_suspend to debug)
[   11.579054] PM: suspend of devices complete after 20.131 msecs
[   11.582605] PM: late suspend of devices complete after 3.519 msecs
[   11.597294] PM: noirq suspend of devices complete after 14.657 msecs
[   11.597305] Disabling non-boot CPUs ...
[   11.599070] CPU1: shutdown
[   11.624900] Entering suspend state LP1
[   11.624948] Enabling non-boot CPUs ...
[   11.651025] CPU1 is up
[   11.652359] pcieport 0000:00:01.0: nv_msi_ht_cap_quirk didn't locate host bridge
[   11.666951] PM: noirq resume of devices complete after 15.893 msecs
[   11.670647] PM: early resume of devices complete after 2.974 msecs
[   11.734873] PM: resume of devices complete after 64.193 msecs
[   11.798843] Restarting tasks ... done.
root@(none):/# 
root@(none):/# rtcwake -d rtc1 -m mem -s 3
rtcwake: assuming RTC uses UTC ...
rtcwake: wakeup from "mem" using /dev/rtc1 at Thu Jan  1 00:00:42 1970
[   12.496843] PM: Syncing filesystems ... done.
[   12.542316] Freezing user space processes ... (elapsed 0.001 seconds) done.
[   12.550847] Freezing remaining freezable tasks ... (elapsed 0.001 seconds) done.
[   12.559947] Suspending console(s) (use no_console_suspend to debug)
[   12.593559] PM: suspend of devices complete after 24.686 msecs
[   12.597312] PM: late suspend of devices complete after 3.721 msecs
[   12.612217] PM: noirq suspend of devices complete after 14.874 msecs
[   12.612228] Disabling non-boot CPUs ...
[   12.614148] CPU1: shutdown
[   12.639816] Entering suspend state LP1
[   12.639866] Enabling non-boot CPUs ...
[   12.665927] CPU1 is up
[   12.668493] pcieport 0000:00:01.0: nv_msi_ht_cap_quirk didn't locate host bridge
[   12.681854] PM: noirq resume of devices complete after 15.893 msecs
[   12.685580] PM: early resume of devices complete after 3.025 msecs
[   12.755290] PM: resume of devices complete after 69.676 msecs
[   12.819218] Restarting tasks ... done.
root@(none):/# 
root@(none):/# rtcwake -d rtc1 -m mem -s 3
rtcwake: assuming RTC uses UTC ...
rtcwake: wakeup from "mem" using /dev/rtc1 at Thu Jan  1 00:00:46 1970
[   13.511862] PM: Syncing filesystems ... done.
[   13.557321] Freezing user space processes ... (elapsed 0.001 seconds) done.
[   13.565871] Freezing remaining freezable tasks ... (elapsed 0.001 seconds) done.
[   13.574976] Suspending console(s) (use no_console_suspend to debug)
[   13.608694] PM: suspend of devices complete after 24.800 msecs
[   13.612346] PM: late suspend of devices complete after 3.620 msecs
[   13.627164] PM: noirq suspend of devices complete after 14.786 msecs
[   13.627176] Disabling non-boot CPUs ...
[   13.628942] CPU1: shutdown
[   13.644779] Entering suspend state LP1
[   13.644829] Enabling non-boot CPUs ...
[   13.670890] CPU1 is up
[   13.671701] pcieport 0000:00:01.0: nv_msi_ht_cap_quirk didn't locate host bridge
[   13.686863] PM: noirq resume of devices complete after 15.940 msecs
[   13.690539] PM: early resume of devices complete after 2.955 msecs
[   13.754926] PM: resume of devices complete after 64.353 msecs
[   13.818891] Restarting tasks ... done.
root@(none):/# 
root@(none):/# rtcwake -d rtc1 -m mem -s 3
rtcwake: assuming RTC uses UTC ...
rtcwake: wakeup from "mem" using /dev/rtc1 at Thu Jan  1 00:00:50 1970
[   14.516378] PM: Syncing filesystems ... done.
[   14.561962] Freezing user space processes ... (elapsed 0.001 seconds) done.
[   14.570519] Freezing remaining freezable tasks ... (elapsed 0.001 seconds) done.
[   14.579621] Suspending console(s) (use no_console_suspend to debug)
[   14.608926] PM: suspend of devices complete after 20.381 msecs
[   14.612460] PM: late suspend of devices complete after 3.502 msecs
[   14.627102] PM: noirq suspend of devices complete after 14.610 msecs
[   14.627113] Disabling non-boot CPUs ...
[   14.628888] CPU1: shutdown
[   14.654665] Entering suspend state LP1
[   14.654714] Enabling non-boot CPUs ...
[   14.680842] CPU1 is up
[   14.682143] pcieport 0000:00:01.0: nv_msi_ht_cap_quirk didn't locate host bridge
[   14.696771] PM: noirq resume of devices complete after 15.896 msecs
[   14.700426] PM: early resume of devices complete after 2.925 msecs
[   14.764940] PM: resume of devices complete after 64.478 msecs
[   14.828918] Restarting tasks ... done.
root@(none):/# 
root@(none):/# rtcwake -d rtc1 -m mem -s 3
rtcwake: assuming RTC uses UTC ...
rtcwake: wakeup from "mem" using /dev/rtc1 at Thu Jan  1 00:00:54 1970
[   15.526639] PM: Syncing filesystems ... done.
[   15.572117] Freezing user space processes ... (elapsed 0.001 seconds) done.
[   15.580647] Freezing remaining freezable tasks ... (elapsed 0.001 seconds) done.
[   15.589744] Suspending console(s) (use no_console_suspend to debug)
[   15.619033] PM: suspend of devices complete after 20.374 msecs
[   15.622610] PM: late suspend of devices complete after 3.544 msecs
[   15.637043] PM: noirq suspend of devices complete after 14.401 msecs
[   15.637055] Disabling non-boot CPUs ...
[   15.638842] CPU1: shutdown
[   15.664614] Entering suspend state LP1
[   15.664663] Enabling non-boot CPUs ...
[   15.690724] CPU1 is up
[   15.692071] pcieport 0000:00:01.0: nv_msi_ht_cap_quirk didn't locate host bridge
[   15.706705] PM: noirq resume of devices complete after 15.948 msecs
[   15.710337] PM: early resume of devices complete after 2.917 msecs
[   15.774844] PM: resume of devices complete after 64.472 msecs
[   15.838818] Restarting tasks ... done.
root@(none):/# 
root@(none):/# rtcwake -d rtc1 -m mem -s 3
rtcwake: assuming RTC uses UTC ...
rtcwake: wakeup from "mem" using /dev/rtc1 at Thu Jan  1 00:00:58 1970
[   16.532180] PM: Syncing filesystems ... done.
[   16.564951] Freezing user space processes ... (elapsed 0.001 seconds) done.
[   16.573374] Freezing remaining freezable tasks ... (elapsed 0.001 seconds) done.
[   16.582320] Suspending console(s) (use no_console_suspend to debug)
[   16.610288] PM: suspend of devices complete after 19.859 msecs
[   16.613881] PM: late suspend of devices complete after 3.561 msecs
[   16.632000] PM: noirq suspend of devices complete after 18.087 msecs
[   16.632012] Disabling non-boot CPUs ...
[   16.633889] CPU1: shutdown
[   16.659561] Entering suspend state LP1
[   16.659610] Enabling non-boot CPUs ...
[   16.685723] CPU1 is up
[   16.687075] pcieport 0000:00:01.0: nv_msi_ht_cap_quirk didn't locate host bridge
[   16.701636] PM: noirq resume of devices complete after 15.881 msecs
[   16.705045] PM: early resume of devices complete after 2.882 msecs
[   16.774908] PM: resume of devices complete after 69.829 msecs
[   16.838837] Restarting tasks ... done.
root@(none):/# 
root@(none):/# NVTB SYSTEM SUSPEND TEST COMPLETE
