
U-Boot SPL 2014.01-00219-gc4d376f (Feb 18 2014 - 19:57:18)


U-Boot 2014.01-00219-gc4d376f (Feb 18 2014 - 19:57:18)

TEGRA30
Board: NVIDIA Beaver
I2C:   ready
DRAM:  2 GiB
MMC:   Tegra SD/MMC: 0, Tegra SD/MMC: 1
In:    serial
Out:   serial
Err:   serial
Net:   Net Initialization Skipped
No ethernet found.
Hit any key to stop autoboot:  2  0 
Tegra30 (Beaver) # 
Tegra30 (Beaver) # usb reset
(Re)start USB...
USB0:   USB EHCI 1.00
scanning bus 0 for devices... 2 USB Device(s) found
       scanning usb for storage devices... 0 Storage Device(s) found
       scanning usb for ethernet devices... 
Warning: asx0 using MAC address from net device
1 Ethernet Device(s) found
Tegra30 (Beaver) # setenv bootargs 'ignore_loglevel console=ttyS0,115200n8 rw root=/dev/mmcblk0p1 rootwait gpt debug init=/bin/bash noinitrd'
Tegra30 (Beaver) # setenv ipaddr 192.168.100.101; setenv serverip 192.168.100.1; setenv tftpserverip 192.168.100.1
Tegra30 (Beaver) # tftpboot 0x81000000 zImage.tegra_defconfig%tegra30_mergeconfig
Using asx0 device
TFTP from server 192.168.100.1; our IP address is 192.168.100.101
Filename 'zImage.tegra_defconfig%tegra30_mergeconfig'.
Load address: 0x81000000
Loading: *#################################################################
	 #################################################################
	 #################################################################
	 #################################################################
	 ##############################################################
	 2.8 MiB/s
done
Bytes transferred = 4719160 (480238 hex)
Tegra30 (Beaver) # tftpboot 0x82000000 tegra30-beaver.dtb
Using asx0 device
TFTP from server 192.168.100.1; our IP address is 192.168.100.101
Filename 'tegra30-beaver.dtb'.
Load address: 0x82000000
Loading: *##
	 2.4 MiB/s
done
Bytes transferred = 24893 (613d hex)
Tegra30 (Beaver) # bootz 0x81000000 - 0x82000000
Kernel image @ 0x81000000 [ 0x000000 - 0x480238 ]
## Flattened Device Tree blob at 82000000
   Booting using the fdt blob at 0x82000000
   Loading Device Tree to 8fff6000, end 8ffff13c ... OK

Starting kernel ...

Uncompressing Linux... done, booting the kernel.
[    0.000000] Booting Linux on physical CPU 0x0
[    0.000000] Initializing cgroup subsys cpu
[    0.000000] Initializing cgroup subsys cpuacct
[    0.000000] Linux version 3.18.0-rc4-next-20141111-99224-gb0187bd (pwalmsley@tamien) (gcc version 4.7.3 20130328 (prerelease) (crosstool-NG linaro-1.13.1-4.7-2013.04-20130415 - Linaro GCC 2013.04) ) #1 SMP PREEMPT Tue Nov 11 00:21:31 PST 2014
[    0.000000] CPU: ARMv7 Processor [412fc099] revision 9 (ARMv7), cr=10c5387d
[    0.000000] CPU: PIPT / VIPT nonaliasing data cache, VIPT aliasing instruction cache
[    0.000000] Machine model: NVIDIA Tegra30 Beaver evaluation board
[    0.000000] debug: ignoring loglevel setting.
[    0.000000] cma: Reserved 64 MiB at 0xfbc00000
[    0.000000] Memory policy: Data cache writealloc
[    0.000000] On node 0 totalpages: 524032
[    0.000000] free_area_init_node: node 0, pgdat c0945080, node_mem_map ee7f7000
[    0.000000]   Normal zone: 1520 pages used for memmap
[    0.000000]   Normal zone: 0 pages reserved
[    0.000000]   Normal zone: 194560 pages, LIFO batch:31
[    0.000000]   HighMem zone: 2574 pages used for memmap
[    0.000000]   HighMem zone: 329472 pages, LIFO batch:31
[    0.000000] PERCPU: Embedded 10 pages/cpu @ee7b3000 s8896 r8192 d23872 u40960
[    0.000000] pcpu-alloc: s8896 r8192 d23872 u40960 alloc=10*4096
[    0.000000] pcpu-alloc: [0] 0 [0] 1 [0] 2 [0] 3 
[    0.000000] Built 1 zonelists in Zone order, mobility grouping on.  Total pages: 522512
[    0.000000] Kernel command line: ignore_loglevel console=ttyS0,115200n8 rw root=/dev/mmcblk0p1 rootwait gpt debug init=/bin/bash noinitrd
[    0.000000] PID hash table entries: 4096 (order: 2, 16384 bytes)
[    0.000000] Dentry cache hash table entries: 131072 (order: 7, 524288 bytes)
[    0.000000] Inode-cache hash table entries: 65536 (order: 6, 262144 bytes)
[    0.000000] Memory: 2003500K/2096128K available (6475K kernel code, 332K rwdata, 2116K rodata, 284K init, 366K bss, 27092K reserved, 65536K cma-reserved, 1252352K highmem)
[    0.000000] Virtual kernel memory layout:
[    0.000000]     vector  : 0xffff0000 - 0xffff1000   (   4 kB)
[    0.000000]     fixmap  : 0xffc00000 - 0xffe00000   (2048 kB)
[    0.000000]     vmalloc : 0xf0000000 - 0xff000000   ( 240 MB)
[    0.000000]     lowmem  : 0xc0000000 - 0xef800000   ( 760 MB)
[    0.000000]     pkmap   : 0xbfe00000 - 0xc0000000   (   2 MB)
[    0.000000]     modules : 0xbf000000 - 0xbfe00000   (  14 MB)
[    0.000000]       .text : 0xc0008000 - 0xc086c37c   (8593 kB)
[    0.000000]       .init : 0xc086d000 - 0xc08b4000   ( 284 kB)
[    0.000000]       .data : 0xc08b4000 - 0xc0907220   ( 333 kB)
[    0.000000]        .bss : 0xc0907220 - 0xc0962a5c   ( 367 kB)
[    0.000000] Preemptible hierarchical RCU implementation.
[    0.000000] NR_IRQS:16 nr_irqs:16 16
[    0.000000] L2C: platform modifies aux control register: 0x02080000 -> 0x3e480001
[    0.000000] L2C: DT/platform modifies aux control register: 0x02080000 -> 0x3e480001
[    0.000000] L2C-310 erratum 769419 enabled
[    0.000000] L2C-310 enabling early BRESP for Cortex-A9
[    0.000000] L2C-310: enabling full line of zeros but not enabled in Cortex-A9
[    0.000000] L2C-310 ID prefetch enabled, offset 1 lines
[    0.000000] L2C-310 dynamic clock gating enabled, standby mode enabled
[    0.000000] L2C-310 cache controller enabled, 8 ways, 1024 kB
[    0.000000] L2C-310: CACHE_ID 0x410000c7, AUX_CTRL 0x7e480001
[    0.000014] sched_clock: 32 bits at 1000kHz, resolution 1000ns, wraps every 2147483648000ns
[    0.000035] Switching to timer-based delay loop, resolution 1000ns
[    0.000558] Console: colour dummy device 80x30
[    0.000578] Calibrating delay loop (skipped), value calculated using timer frequency.. 2.00 BogoMIPS (lpj=10000)
[    0.000585] pid_max: default: 32768 minimum: 301
[    0.000919] Mount-cache hash table entries: 2048 (order: 1, 8192 bytes)
[    0.000927] Mountpoint-cache hash table entries: 2048 (order: 1, 8192 bytes)
[    0.002090] Initializing cgroup subsys freezer
[    0.002110] Initializing cgroup subsys debug
[    0.002152] CPU: Testing write buffer coherency: ok
[    0.002456] CPU0: thread -1, cpu 0, socket 0, mpidr 80000000
[    0.002522] Setting up static identity map for 0x80624168 - 0x80624200
[    0.040209] Tegra Revision: A03 SKU: 128 CPU Process: 4 Core Process: 0
[    0.061348] CPU1: Booted secondary processor
[    0.061364] CPU1: thread -1, cpu 1, socket 0, mpidr 80000001
[    0.081326] CPU2: Booted secondary processor
[    0.081339] CPU2: thread -1, cpu 2, socket 0, mpidr 80000002
[    0.101321] CPU3: Booted secondary processor
[    0.101335] CPU3: thread -1, cpu 3, socket 0, mpidr 80000003
[    0.101383] Brought up 4 CPUs
[    0.101397] SMP: Total of 4 processors activated.
[    0.101401] CPU: All CPU(s) started in SVC mode.
[    0.102163] devtmpfs: initialized
[    0.113087] VFP support v0.3: implementor 41 architecture 3 part 30 variant 9 rev 4
[    0.116792] pinctrl core: initialized pinctrl subsystem
[    0.117187] Driver 'reg-dummy' needs an owner
[    0.130277] NET: Registered protocol family 16
[    0.132734] DMA: preallocated 256 KiB pool for atomic coherent allocations
[    0.132896] Driver 'tegra-gpio' needs an owner
[    0.133214] Driver 'tegra_fuse' needs an ownerDriver 'dummy' needs an owner
[    0.159993] cpuidle: using governor ladder
[    0.189991] cpuidle: using governor menu
[    0.204136] No ATAGs?
[    0.204164] hw-breakpoint: found 5 (+1 reserved) breakpoint and 1 watchpoint registers.
[    0.204171] hw-breakpoint: maximum watchpoint size is 4 bytes.
[    0.251473] Driver 'pca953x' needs an owner
[    0.251570] Driver 'palmas-gpio' needs an ownerDriver 'tps6586x-gpio' needs an owner
[    0.251878] Driver 'tps65910-gpio' needs an ownerDriver 'reg-fixed-voltage' needs an owner
[    0.252661] platform regulators:regulator@1: Driver reg-fixed-voltage requests probe deferral
[    0.252724] platform regulators:regulator@2: Driver reg-fixed-voltage requests probe deferral
[    0.253021] vdd_5v_sata: Failed to request enable GPIO30: -517
[    0.253117] reg-fixed-voltage regulators:regulator@3: Failed to register regulator: -517
[    0.253130] platform regulators:regulator@3: Driver reg-fixed-voltage requests probe deferral
[    0.253398] usb1_vbus: Failed to request enable GPIO238: -517
[    0.253483] reg-fixed-voltage regulators:regulator@4: Failed to register regulator: -517
[    0.253496] platform regulators:regulator@4: Driver reg-fixed-voltage requests probe deferral
[    0.253761] usb3_vbus: Failed to request enable GPIO236: -517
[    0.253846] reg-fixed-voltage regulators:regulator@5: Failed to register regulator: -517
[    0.253859] platform regulators:regulator@5: Driver reg-fixed-voltage requests probe deferral
[    0.253922] platform regulators:regulator@6: Driver reg-fixed-voltage requests probe deferral
[    0.254188] sys_3v3_pexs: Failed to request enable GPIO95: -517
[    0.254272] reg-fixed-voltage regulators:regulator@7: Failed to register regulator: -517
[    0.254285] platform regulators:regulator@7: Driver reg-fixed-voltage requests probe deferral
[    0.254626] reg-fixed-voltage regulators:regulator@8: Failed to find supply vin
[    0.254719] reg-fixed-voltage regulators:regulator@8: Failed to register regulator: -517
[    0.254735] platform regulators:regulator@8: Driver reg-fixed-voltage requests probe deferral
[    0.254815] Driver 'gpio-regulator' needs an owner
[    0.254950] Driver 'max8907-regulator' needs an ownerDriver 'palmas-pmic' needs an owner
[    0.255292] Driver 'tps51632' needs an ownerDriver 'tps62360' needs an owner
[    0.255464] Driver 'tps65090-pmic' needs an ownerDriver 'tps6586x-regulator' needs an owner
[    0.255662] Driver 'tps65910-pmic' needs an owner[    0.256097] vgaarb: loaded
[    0.256113] Driver 'stmpe-i2c' needs an owner
[    0.256201] Driver 'tps65910' needs an ownerDriver 'max8907' needs an owner
[    0.256384] Driver 'tps6586x' needs an ownerDriver 'tps65090' needs an owner
[    0.256550] Driver 'palmas' needs an owner[    0.257318] SCSI subsystem initialized
[    0.257597] libata version 3.00 loaded.
[    0.257757] Driver 'Generic PHY' needs an owner
[    0.257837] Driver 'Generic 10G PHY' needs an ownerDriver 'usbfs' needs an owner
[    0.258211] usbcore: registered new interface driver usbfs
[    0.258222] Driver 'hub' needs an owner
[    0.258345] usbcore: registered new interface driver hub
[    0.258386] Driver 'usb' needs an owner
[    0.258469] usbcore: registered new device driver usb
[    0.258724] Driver 'tegra-i2c' needs an owner
[    0.267917] vrtc: supplied by vdd_5v_in
[    0.280097] vdd_1v8_gen: supplied by vdd_5v_in
[    0.290109] vddio_ddr_1v2: supplied by vdd_5v_in
[    0.300093] vdd_1v5_gen: supplied by vdd_5v_in
[    0.312668] vdd_pexa,vdd_pexb: supplied by vdd_1v5_gen
[    0.315653] vdd_sata,avdd_plle: supplied by vdd_1v5_gen
[    0.318268] ldo3: supplied by vdd_5v_in
[    0.330092] vdd_rtc: supplied by vdd_5v_in
[    0.340094] vddio_sdmmc,avdd_vdac: supplied by vdd_5v_in
[    0.343063] avdd_dsi_csi,pwrdet_mipi: supplied by vdd_1v8_gen
[    0.350077] vdd_pllm,x,u,a_p_c_s: supplied by vdd_1v8_gen
[    0.360076] vdd_ddr_hs: supplied by vdd_1v8_gen
[    0.362855] Linux video capture interface: v2.00
[    0.362974] pps_core: LinuxPPS API ver. 1 registered
[    0.362979] pps_core: Software ver. 5.3.6 - Copyright 2005-2007 Rodolfo Giometti <giometti@linux.it>
[    0.363033] PTP clock support registered
[    0.363513] Driver 'tegra-smmu' needs an owner
[    0.363686] platform 7000f010.iommu: Driver tegra-smmu requests probe deferral
[    0.364046] Advanced Linux Sound Architecture Driver Initialized.
[    0.365234] Bluetooth: Core ver 2.19
[    0.365303] NET: Registered protocol family 31
[    0.365308] Bluetooth: HCI device and connection manager initialized
[    0.365326] Bluetooth: HCI socket layer initialized
[    0.365342] Bluetooth: L2CAP socket layer initialized
[    0.365385] Bluetooth: SCO socket layer initialized
[    0.366052] cfg80211: Calling CRDA to update world regulatory domain
[    0.366676] Switched to clocksource timer_us
[    0.384472] NET: Registered protocol family 2
[    0.385457] TCP established hash table entries: 8192 (order: 3, 32768 bytes)
[    0.385518] TCP bind hash table entries: 8192 (order: 4, 65536 bytes)
[    0.385599] TCP: Hash tables configured (established 8192 bind 8192)
[    0.386113] TCP: reno registered
[    0.386126] UDP hash table entries: 512 (order: 2, 16384 bytes)
[    0.386190] UDP-Lite hash table entries: 512 (order: 2, 16384 bytes)
[    0.386571] NET: Registered protocol family 1
[    0.387296] RPC: Registered named UNIX socket transport module.
[    0.387304] RPC: Registered udp transport module.
[    0.387308] RPC: Registered tcp transport module.
[    0.387312] RPC: Registered tcp NFSv4.1 backchannel transport module.
[    0.387334] PCI: CLS 0 bytes, default 64
[    0.388871] Driver 'arm-pmu' needs an owner
[    0.389228] hw perfevents: enabled with armv7_cortex_a9 PMU driver, 7 counters available
[    0.389946] Driver 'alarmtimer' needs an owner
[    0.391341] futex hash table entries: 1024 (order: 4, 65536 bytes)
[    0.393840] squashfs: version 4.0 (2009/01/31) Phillip Lougher
[    0.395775] bounce: pool size: 64 pages
[    0.395789] io scheduler noop registered (default)
[    0.395871] Driver 'as3722-pinctrl' needs an owner
[    0.396058] Driver 'palmas-pinctrl' needs an ownerDriver 'tegra30-pinctrl' needs an owner
[    0.397856] Driver 'tegra124-pinctrl' needs an ownerDriver 'tegra-xusb-padctl' needs an owner
[    0.398160] Driver 'tegra-pwm' needs an ownerDriver 'pcieport' needs an owner
[    0.398596] Driver 'aer' needs an ownerDriver 'pcie_pme' needs an owner
[    0.398774] Driver 'tegra-pcie' needs an owner[    0.398931] tegra-pcie 3000.pcie-controller: 2x3 configuration
[    0.399042] tegra-pcie 3000.pcie-controller: Failed to get supply 'hvdd-pex': -517
[    0.399105] platform 3000.pcie-controller: Driver tegra-pcie requests probe deferral
[    0.399496] Driver 'pwm-backlight' needs an owner
[    0.399628] Driver 'tegra-ahb' needs an ownerDriver 'tegra-apbdma' needs an owner
[    0.406787] tegra-apbdma 6000a000.dma: Tegra20 APB DMA driver register 32 channels
[    0.406971] Driver 'tegra-pmc' needs an owner
[    0.407274] Driver 'as3722-regulator' needs an owner[    0.407735] Serial: 8250/16550 driver, 4 ports, IRQ sharing disabled
[    0.409782] Driver 'serial8250' needs an owner
[    0.409935] Driver 'serial' needs an ownerDriver 'of_serial' needs an owner
[    0.410465] console [ttyS0] disabled
[    0.410519] of_serial 70006000.serial: ttyS0 at MMIO 0x70006000 (irq = 68, base_baud = 25500000) is a Tegra
[    1.528608] console [ttyS0] enabled
[    1.532851] Driver 'serial-tegra' needs an owner
[    1.537742] [drm] Initialized drm 1.1.0 20060810
[    1.542533] Driver 'tegra-dc' needs an owner
[    1.547029] Driver 'tegra-dsi' needs an ownerDriver 'tegra-sor' needs an owner
[    1.554498] Driver 'tegra-hdmi' needs an owner[    1.559092] tegra-hdmi 54280000.hdmi: failed to get HDMI regulator
[    1.565268] platform 54280000.hdmi: Driver tegra-hdmi requests probe deferral
[    1.572559] Driver 'tegra-dpaux' needs an owner
[    1.577044] Driver 'tegra-gr2d' needs an ownerDriver 'tegra-gr3d' needs an owner
[    1.585182] Driver 'panel-simple' needs an ownerDriver 'panel-simple-dsi' needs an owner
[    1.593836] Driver 'tegra-host1x' needs an ownerDriver 'tegra-mipi' needs an owner
[    1.602624] error detecting cacheinfo..cpu0
[    1.614229] loop: module loaded
[    1.617399] Driver 'ad_dpot' needs an owner
[    1.621503] Driver 'ics932s401' needs an ownerDriver 'apds9802als' needs an owner
[    1.629169] Driver 'isl29003' needs an ownerDriver 'at24' needs an owner
[    1.636038] Driver 'cros-ec-spi' needs an ownerDriver 'as3722' needs an owner
[    1.643510] Driver 'sd' needs an ownerDriver 'sr' needs an owner
[    1.649711] Driver 'ahci' needs an ownerDriver 'tegra-ahci' needs an owner
[    1.657653] Driver 'm25p80' needs an ownerDriver 'spi-tegra114' needs an owner
[    1.665087] Driver 'spi-tegra-sflash' needs an ownerDriver 'spi-tegra-slink' needs an owner
[    1.675254] m25p80 spi32766.1: w25q32 (4096 Kbytes)
[    1.682402] CAN device driver interface
[    1.686233] Driver 'mcp251x' needs an owner
[    1.690336] igb: Intel(R) Gigabit Ethernet Network Driver - version 5.2.15-k
[    1.697552] igb: Copyright (c) 2007-2014 Intel Corporation.
[    1.703107] Driver 'igb' needs an owner
[    1.706920] Driver 'r8169' needs an owner[    1.711057] pegasus: v0.9.3 (2013/04/25), Pegasus/Pegasus II USB Ethernet driver
[    1.718445] Driver 'pegasus' needs an owner
[    1.722561] usbcore: registered new interface driver pegasus
[    1.728397] Driver 'asix' needs an owner
[    1.732271] usbcore: registered new interface driver asix
[    1.737846] Driver 'ax88179_178a' needs an owner
[    1.742374] usbcore: registered new interface driver ax88179_178a
[    1.748642] Driver 'cdc_ether' needs an owner
[    1.752909] usbcore: registered new interface driver cdc_ether
[    1.758915] Driver 'smsc75xx' needs an owner
[    1.763145] usbcore: registered new interface driver smsc75xx
[    1.769067] Driver 'smsc95xx' needs an owner
[    1.773284] usbcore: registered new interface driver smsc95xx
[    1.779205] Driver 'net1080' needs an owner
[    1.783299] usbcore: registered new interface driver net1080
[    1.789135] Driver 'cdc_subset' needs an owner
[    1.793489] usbcore: registered new interface driver cdc_subset
[    1.799588] Driver 'zaurus' needs an owner
[    1.803596] usbcore: registered new interface driver zaurus
[    1.809354] Driver 'cdc_ncm' needs an owner
[    1.813500] usbcore: registered new interface driver cdc_ncm
[    1.819379] Driver 'xhci_hcd' needs an owner
[    1.823567] ehci_hcd: USB 2.0 'Enhanced' Host Controller (EHCI) Driver
[    1.830269] ehci-pci: EHCI PCI platform driver
[    1.834699] Driver 'ehci-pci' needs an owner
[    1.838893] tegra-ehci: Tegra EHCI driver
[    1.843067] Driver 'tegra-ehci' needs an owner
[    1.847559] platform 7d004000.usb: Driver tegra-ehci requests probe deferral
[    1.854852] platform 7d008000.usb: Driver tegra-ehci requests probe deferral
[    1.862018] Driver 'cdc_acm' needs an owner
[    1.866115] usbcore: registered new interface driver cdc_acm
[    1.871945] cdc_acm: USB Abstract Control Model driver for USB modems and ISDN adapters
[    1.879941] Driver 'cdc_wdm' needs an owner
[    1.884037] usbcore: registered new interface driver cdc_wdm
[    1.889873] Driver 'usb-storage' needs an owner
[    1.894365] usbcore: registered new interface driver usb-storage
[    1.900548] Driver 'tegra-phy' needs an owner
[    1.904907] platform 7d004000.usb-phy: Driver tegra-phy requests probe deferral
[    1.912472] platform 7d008000.usb-phy: Driver tegra-phy requests probe deferral
[    1.920403] mousedev: PS/2 mouse device common for all mice
[    1.925973] Driver 'atkbd' needs an owner
[    1.929953] Driver 'cros-ec-keyb' needs an ownerDriver 'tegra-kbc' needs an owner
[    1.937883] Driver 'psmouse' needs an ownerDriver 'atmel_mxt_ts' needs an owner
[    1.945452] Driver 'stmpe-ts' needs an ownerDriver 'mpu3050' needs an owner
[    1.952614] Driver 'as3722-rtc' needs an ownerDriver 'rtc-ds1307' needs an owner
[    1.960201] Driver 'rtc-em3027' needs an ownerDriver 'max8907-rtc' needs an owner
[    1.967889] Driver 'palmas-rtc' needs an ownerDriver 'tegra_rtc' needs an owner
[    1.975946] tegra_rtc 7000e000.rtc: rtc core: registered 7000e000.rtc as rtc1
[    1.983283] tegra_rtc 7000e000.rtc: Tegra internal Real Time Clock
[    1.989544] Driver 'tps6586x-rtc' needs an owner
[    1.994077] Driver 'tps65910-rtc' needs an owner[    2.011522] tps65910-rtc tps65910-rtc: rtc core: registered tps65910-rtc as rtc0
[    2.018987] i2c /dev entries driver
[    2.023741] Driver 'pca954x' needs an owner
[    2.027861] Driver 'i2c-mux-pinctrl' needs an ownerDriver 'uvcvideo' needs an owner
[    2.035805] usbcore: registered new interface driver uvcvideo
[    2.041725] USB Video Class driver (1.1.1)
[    2.045813] gspca_main: v2.14.0 registered
[    2.049909] Driver 'sbs-battery' needs an owner
[    2.054357] Driver 'tps65090-charger' needs an ownerDriver 'as3722-power-off' needs an owner
[    2.063037] Driver 'poweroff-gpio' needs an ownerDriver 'lm90' needs an owner
[    2.070397] Driver 'lm95245' needs an ownerDriver 'mmcblk' needs an owner
[    2.077345] Driver 'mmcblk' needs updating - please use bus_type methods
[    2.084302] sdhci: Secure Digital Host Controller Interface driver
[    2.090475] sdhci: Copyright(c) Pierre Ossman
[    2.094822] sdhci-pltfm: SDHCI platform and OF driver helper
[    2.100477] Driver 'sdhci-tegra' needs an owner
[    2.105136] sdhci-tegra 78000000.sdhci: Got CD GPIO
[    2.110206] sdhci-tegra 78000000.sdhci: Got WP GPIO
[    2.116205] sdhci-tegra 78000000.sdhci: No vmmc regulator found
[    2.122124] sdhci-tegra 78000000.sdhci: No vqmmc regulator found
[    2.128123] mmc0: Invalid maximum block size, assuming 512 bytes
[    2.176839] mmc0: SDHCI controller on 78000000.sdhci [78000000.sdhci] using ADMA
[    2.185405] sdhci-tegra 78000600.sdhci: No vmmc regulator found
[    2.191325] sdhci-tegra 78000600.sdhci: No vqmmc regulator found
[    2.197323] mmc1: Invalid maximum block size, assuming 512 bytes
[    2.246687] mmc1: SDHCI controller on 78000600.sdhci [78000600.sdhci] using ADMA
[    2.254183] Driver 'leds-gpio' needs an owner
[    2.258995] Driver 'leds_pwm' needs an ownerDriver 'hid-generic' needs an owner
[    2.266709] Driver 'usbhid' needs an owner[    2.270952] usbcore: registered new interface driver usbhid
[    2.276507] usbhid: USB HID core driver
[    2.280353] Driver 'isl29018' needs an owner
[    2.284534] Driver 'isl29028' needs an ownerDriver 'nvec-mouse' needs an owner
[    2.291959] Driver 'nvec' needs an ownerDriver 'nvec-power' needs an owner
[    2.299079] Driver 'nvec-kbd' needs an ownerDriver 'nvec-paz00' needs an owner
[    2.306492] Driver 'tegra30-mc' needs an ownerDriver 'ak8975' needs an owner
[    2.314443] Driver 'snd-soc-dummy' needs an ownerDriver 'soc-audio' needs an owner
[    2.322317] Driver 'alc5632' needs an ownerDriver 'max98090' needs an owner
[    2.329473] Driver 'rt5640' needs an owner[    2.337939] mmc1: new high speed MMC card at address 0001
[    2.343988] mmcblk0: mmc1:0001 SEM16G 14.8 GiB 
[    2.348759] mmcblk0boot0: mmc1:0001 SEM16G partition 1 1.00 MiB
[    2.354875] mmcblk0boot1: mmc1:0001 SEM16G partition 2 1.00 MiB
[    2.360998] mmcblk0rpmb: mmc1:0001 SEM16G partition 3 128 KiB
[    2.370019] Primary GPT is invalid, using alternate GPT.
[    2.375332]  mmcblk0: p1 p2 p3 p4 p5
[    2.746181] Driver 'tlv320aic23-codec' needs an owner
[    2.751170] Driver 'wm8753' needs an ownerDriver 'wm8753' needs an owner
[    2.758065] Driver 'wm8903' needs an ownerDriver 'tegra30-ahub' needs an owner
[    2.766342] Driver 'tegra30-i2s' needs an owner[    2.771269] tegra30-i2s 70080400.i2s: DMA channels sourced from device 70080000.ahub
[    2.779112] Driver 'tegra-snd-rt5640' needs an owner
[    2.792479] tegra-snd-rt5640 sound: rt5640-aif1 <-> 70080400.i2s mapping ok
[    2.803435] input: NVIDIA Tegra Beaver Headphones as /devices/soc0/sound/sound/card0/input0
[    2.812306] Driver 'tegra-snd-wm8753' needs an owner
[    2.817310] Driver 'tegra-snd-wm8903' needs an ownerDriver 'tegra-snd-trimslice' needs an owner
[    2.826280] Driver 'tegra-alc5632' needs an ownerDriver 'tegra-snd-max98090' needs an owner
[    2.835172] TCP: cubic registered
[    2.838907] NET: Registered protocol family 10
[    2.844653] mip6: Mobile IPv6
[    2.847636] sit: IPv6 over IPv4 tunneling driver
[    2.854588] NET: Registered protocol family 17
[    2.859084] NET: Registered protocol family 15
[    2.863519] can: controller area network core (rev 20120528 abi 9)
[    2.869846] NET: Registered protocol family 29
[    2.874285] can: raw protocol (rev 20120528)
[    2.878560] can: broadcast manager protocol (rev 20120528 t)
[    2.884219] can: netlink gateway (rev 20130117) max_hops=1
[    2.889847] Bluetooth: RFCOMM socket layer initialized
[    2.894993] Bluetooth: RFCOMM ver 1.11
[    2.898758] Bluetooth: BNEP (Ethernet Emulation) ver 1.3
[    2.904067] Bluetooth: BNEP socket layer initialized
[    2.909032] Bluetooth: HIDP (Human Interface Emulation) ver 1.2
[    2.914946] Bluetooth: HIDP socket layer initialized
[    2.919912] Driver 'rfkill_gpio' needs an owner
[    2.925406] Registering SWP/SWPB emulation handler
[    2.935494] vdd_ddr: supplied by vdd_5v_in
[    2.940226] vdd_5v_sata: supplied by vdd_5v_in
[    2.945084] usb1_vbus: supplied by vdd_5v_in
[    2.949804] usb3_vbus: supplied by vdd_5v_in
[    2.955903] sys_3v3,vdd_3v3_alw: supplied by vdd_5v_in
[    2.961491] sys_3v3_pexs: supplied by sys_3v3,vdd_3v3_alw
[    2.967289] +VDD_5V_HDMI: supplied by sys_3v3,vdd_3v3_alw
[    2.973087] tegra-pcie 3000.pcie-controller: 2x3 configuration
[    2.981304] tegra-pcie 3000.pcie-controller: probing port 0, using 2 lanes
[    3.046517] tegra-pcie 3000.pcie-controller: probing port 2, using 2 lanes
[    3.457590] tegra-pcie 3000.pcie-controller: link 2 down, retrying
[    3.867908] tegra-pcie 3000.pcie-controller: link 2 down, retrying
[    4.278011] tegra-pcie 3000.pcie-controller: link 2 down, retrying
[    4.286191] tegra-pcie 3000.pcie-controller: link 2 down, ignoring
[    4.292732] tegra-pcie 3000.pcie-controller: PCI host bridge to bus 0000:00
[    4.299698] pci_bus 0000:00: root bus resource [mem 0x20000000-0x27ffffff]
[    4.306557] pci_bus 0000:00: root bus resource [mem 0x28000000-0x3fffffff pref]
[    4.313864] pci_bus 0000:00: root bus resource [bus 00-ff]
[    4.319345] pci_bus 0000:00: root bus resource [io  0x1000-0xffff]
[    4.325542] pci 0000:00:01.0: [10de:0e1c] type 01 class 0x060400
[    4.331599] pci 0000:00:01.0: PME# supported from D0 D1 D2 D3hot D3cold
[    4.338690] PCI: bus0: Fast back to back transfers disabled
[    4.344251] pci 0000:00:01.0: bridge configuration invalid ([bus 00-00]), reconfiguring
[    4.352533] pci 0000:01:00.0: [10ec:8168] type 00 class 0x020000
[    4.358552] pci 0000:01:00.0: reg 0x10: [io  0x0000-0x00ff]
[    4.364124] pci 0000:01:00.0: reg 0x18: [mem 0x00000000-0x00000fff 64bit pref]
[    4.371346] pci 0000:01:00.0: reg 0x20: [mem 0x00000000-0x00003fff 64bit pref]
[    4.378629] pci 0000:01:00.0: supports D1 D2
[    4.382887] pci 0000:01:00.0: PME# supported from D0 D1 D2 D3hot D3cold
[    4.406713] PCI: bus1: Fast back to back transfers disabled
[    4.412275] pci_bus 0000:01: busn_res: [bus 01-ff] end is updated to 01
[    4.418946] pci 0000:00:01.0: BAR 9: assigned [mem 0x28000000-0x280fffff 64bit pref]
[    4.426684] pci 0000:00:01.0: BAR 7: assigned [io  0x1000-0x1fff]
[    4.432767] pci 0000:01:00.0: BAR 4: assigned [mem 0x28000000-0x28003fff 64bit pref]
[    4.440512] pci 0000:01:00.0: BAR 2: assigned [mem 0x28004000-0x28004fff 64bit pref]
[    4.448253] pci 0000:01:00.0: BAR 0: assigned [io  0x1000-0x10ff]
[    4.454334] pci 0000:00:01.0: PCI bridge to [bus 01]
[    4.459294] pci 0000:00:01.0:   bridge window [io  0x1000-0x1fff]
[    4.465373] pci 0000:00:01.0:   bridge window [mem 0x28000000-0x280fffff 64bit pref]
[    4.473117] pci 0000:00:01.0: nv_msi_ht_cap_quirk didn't locate host bridge
[    4.480523] pcieport 0000:00:01.0: Signaling PME through PCIe PME interrupt
[    4.487483] pci 0000:01:00.0: Signaling PME through PCIe PME interrupt
[    4.493995] pcie_pme 0000:00:01.0:pcie01: service driver pcie_pme loaded
[    4.500953] r8169 Gigabit Ethernet driver 2.3LK-NAPI loaded
[    4.506554] r8169 0000:01:00.0: enabling device (0140 -> 0143)
[    4.513998] r8169 0000:01:00.0 eth0: RTL8168evl/8111evl at 0xf00d2000, 02:04:4b:01:60:a6, XID 0c900800 IRQ 473
[    4.524002] r8169 0000:01:00.0 eth0: jumbo features [frames: 9200 bytes, tx checksumming: ko]
[    4.535821] [drm] Supports vblank timestamp caching Rev 2 (21.10.2013).
[    4.542475] [drm] No driver support for vblank timestamp query.
[    4.548424] host1x drm: No connectors reported connected with modes
[    4.554680] [drm] Cannot find any crtc or sizes - going 1024x768
[    4.579197] Console: switching to colour frame buffer device 128x48
[    4.591132] host1x drm: fb0:  frame buffer device
[    4.595823] host1x drm: registered panic notifier
[    4.627089] [drm] Initialized tegra 0.0.0 20120330 on minor 0
[    4.633105] platform 7d004000.usb: Driver tegra-ehci requests probe deferral
[    4.640363] platform 7d008000.usb: Driver tegra-ehci requests probe deferral
[    4.650460] utmi_phy_clk_enable: timeout waiting for phy to stabilize
[    4.656920] tegra-ehci 7d004000.usb: EHCI Host Controller
[    4.662332] tegra-ehci 7d004000.usb: new USB bus registered, assigned bus number 1
[    4.670283] tegra-ehci 7d004000.usb: irq 53, io mem 0x7d004000
[    4.686693] tegra-ehci 7d004000.usb: USB 2.0 started, EHCI 1.00
[    4.693756] hub 1-0:1.0: USB hub found
[    4.697554] hub 1-0:1.0: 1 port detected
[    4.702236] tegra-ehci 7d008000.usb: EHCI Host Controller
[    4.707677] tegra-ehci 7d008000.usb: new USB bus registered, assigned bus number 2
[    4.715532] tegra-ehci 7d008000.usb: irq 129, io mem 0x7d008000
[    4.736691] tegra-ehci 7d008000.usb: USB 2.0 started, EHCI 1.00
[    4.743706] hub 2-0:1.0: USB hub found
[    4.747498] hub 2-0:1.0: 1 port detected
[    4.752017] Driver 'gpio-keys' needs an owner
[    4.759972] tps65910-rtc tps65910-rtc: setting system clock to 2000-01-01 00:00:02 UTC (946684802)
[    4.779103] usb1_vbus: disabling
[    4.782350] vdd_sata,avdd_plle: disabling
[    4.786915] ALSA device list:
[    4.789875]   #0: NVIDIA Tegra Beaver
[    4.798949] kjournald starting.  Commit interval 5 seconds
[    4.798988] EXT3-fs (mmcblk0p1): warning: mounting fs with errors, running e2fsck is recommended
[    4.800134] EXT3-fs (mmcblk0p1): using internal journal
[    4.800142] EXT3-fs (mmcblk0p1): recovery complete
[    4.800145] EXT3-fs (mmcblk0p1): mounted filesystem with writeback data mode
[    4.800201] VFS: Mounted root (ext3 filesystem) on device 179:1.
[    4.801915] devtmpfs: mounted
[    4.802209] Freeing unused kernel memory: 284K (c086d000 - c08b4000)
bash: cannot set terminal process group (-1): Inappropriate ioctl for device
bash: no job control in this shell
root@(none):/# [    5.067113] usb 2-1: new high-speed USB device number 2 using tegra-ehci
