
U-Boot SPL 2014.01-00219-gc4d376f (Feb 18 2014 - 19:57:32)


U-Boot 2014.01-00219-gc4d376f (Feb 18 2014 - 19:57:32)

TEGRA114
Board: NVIDIA Dalmore
I2C:   ready
DRAM:  2 GiB
MMC:   Tegra SD/MMC: 0, Tegra SD/MMC: 1
In:    serial
Out:   serial
Err:   serial
Net:   Net Initialization Skipped
No ethernet found.
Hit any key to stop autoboot:  2  0 
Tegra114 (Dalmore) # 
Tegra114 (Dalmore) # usb reset
(Re)start USB...
USB0:   USB EHCI 1.10
scanning bus 0 for devices... 2 USB Device(s) found
       scanning usb for storage devices... 0 Storage Device(s) found
       scanning usb for ethernet devices... 
Warning: asx0 using MAC address from net device
1 Ethernet Device(s) found
Tegra114 (Dalmore) # setenv bootargs 'ignore_loglevel console=ttyS0,115200n8 rw root=PARTUUID=7369c667-ff51-ec4a-29cd-baabf2fbe346 rootwait gpt debug earlyprintk init=/bin/bash'
Tegra114 (Dalmore) # setenv ipaddr 192.168.100.100; setenv serverip 192.168.100.1; setenv tftpserverip 192.168.100.1
Tegra114 (Dalmore) # tftpboot 0x81000000 zImage.tegra_defconfig
Using asx0 device
TFTP from server 192.168.100.1; our IP address is 192.168.100.100
Filename 'zImage.tegra_defconfig'.
Load address: 0x81000000
Loading: *#################################################################
	 #################################################################
	 #################################################################
	 #################################################################
	 #################################################################
	 ############################################
	 3 MiB/s
done
Bytes transferred = 5406184 (527de8 hex)
Tegra114 (Dalmore) # tftpboot 0x82000000 tegra114-dalmore.dtb
Using asx0 device
TFTP from server 192.168.100.1; our IP address is 192.168.100.100
Filename 'tegra114-dalmore.dtb'.
Load address: 0x82000000
Loading: *###
	 2.8 MiB/s
done
Bytes transferred = 34956 (888c hex)
Tegra114 (Dalmore) # bootz 0x81000000 - 0x82000000
Kernel image @ 0x81000000 [ 0x000000 - 0x527de8 ]
## Flattened Device Tree blob at 82000000
   Booting using the fdt blob at 0x82000000
   Loading Device Tree to 8fff4000, end 8ffff88b ... OK

Starting kernel ...

Uncompressing Linux... done, booting the kernel.
[    0.000000] Booting Linux on physical CPU 0x0
[    0.000000] Linux version 4.7.0-rc7-next-20160720-108392-g25026d1 (pwalmsley@kaivo) (gcc version 4.7.3 20130328 (prerelease) (crosstool-NG linaro-1.13.1-4.7-2013.04-20130415 - Linaro GCC 2013.04) ) #1 SMP PREEMPT Wed Jul 20 01:27:52 PDT 2016
[    0.000000] CPU: ARMv7 Processor [412fc0f2] revision 2 (ARMv7), cr=10c5387d
[    0.000000] CPU: div instructions available: patching division code
[    0.000000] CPU: PIPT / VIPT nonaliasing data cache, PIPT instruction cache
[    0.000000] OF: fdt:Machine model: NVIDIA Tegra114 Dalmore evaluation board
[    0.000000] debug: ignoring loglevel setting.
[    0.000000] bootconsole [earlycon0] enabled
[    0.000000] cma: Reserved 64 MiB at 0xfbc00000
[    0.000000] Memory policy: Data cache writealloc
[    0.000000] On node 0 totalpages: 524032
[    0.000000] free_area_init_node: node 0, pgdat c0d5c240, node_mem_map eeff9000
[    0.000000]   Normal zone: 1536 pages used for memmap
[    0.000000]   Normal zone: 0 pages reserved
[    0.000000]   Normal zone: 196608 pages, LIFO batch:31
[    0.000000]   HighMem zone: 327424 pages, LIFO batch:31
[    0.000000] percpu: Embedded 14 pages/cpu @eef9c000 s26176 r8192 d22976 u57344
[    0.000000] pcpu-alloc: s26176 r8192 d22976 u57344 alloc=14*4096
[    0.000000] pcpu-alloc: [0] 0 [0] 1 [0] 2 [0] 3 
[    0.000000] Built 1 zonelists in Zone order, mobility grouping on.  Total pages: 522496
[    0.000000] Kernel command line: ignore_loglevel console=ttyS0,115200n8 rw root=PARTUUID=7369c667-ff51-ec4a-29cd-baabf2fbe346 rootwait gpt debug earlyprintk init=/bin/bash
[    0.000000] PID hash table entries: 4096 (order: 2, 16384 bytes)
[    0.000000] Dentry cache hash table entries: 131072 (order: 7, 524288 bytes)
[    0.000000] Inode-cache hash table entries: 65536 (order: 6, 262144 bytes)
[    0.000000] Memory: 1999944K/2096128K available (8192K kernel code, 375K rwdata, 2440K rodata, 1024K init, 366K bss, 30648K reserved, 65536K cma-reserved, 1244160K highmem)
[    0.000000] Virtual kernel memory layout:
[    0.000000]     vector  : 0xffff0000 - 0xffff1000   (   4 kB)
[    0.000000]     fixmap  : 0xffc00000 - 0xfff00000   (3072 kB)
[    0.000000]     vmalloc : 0xf0800000 - 0xff800000   ( 240 MB)
[    0.000000]     lowmem  : 0xc0000000 - 0xf0000000   ( 768 MB)
[    0.000000]     pkmap   : 0xbfe00000 - 0xc0000000   (   2 MB)
[    0.000000]     modules : 0xbf000000 - 0xbfe00000   (  14 MB)
[    0.000000]       .text : 0xc0008000 - 0xc0900000   (9184 kB)
[    0.000000]       .init : 0xc0c00000 - 0xc0d00000   (1024 kB)
[    0.000000]       .data : 0xc0d00000 - 0xc0d5dcc0   ( 376 kB)
[    0.000000]        .bss : 0xc0d5f000 - 0xc0dbab20   ( 367 kB)
[    0.000000] Preemptible hierarchical RCU implementation.
[    0.000000] 	Build-time adjustment of leaf fanout to 32.
[    0.000000] NR_IRQS:16 nr_irqs:16 16
[    0.000000] /interrupt-controller@60004000: 160 interrupts forwarded to /interrupt-controller@50041000
[    0.000000] Tegra clk 127: register failed with -17
[    0.000008] sched_clock: 32 bits at 1000kHz, resolution 1000ns, wraps every 2147483647500ns
[    0.007507] clocksource: timer_us: mask: 0xffffffff max_cycles: 0xffffffff, max_idle_ns: 1911260446275 ns
[    0.017124] Switching to timer-based delay loop, resolution 1000ns
[    0.024182] Architected cp15 timer(s) running at 12.00MHz (virt).
[    0.029520] clocksource: arch_sys_counter: mask: 0xffffffffffffff max_cycles: 0x2c47f4ee7, max_idle_ns: 440795202497 ns
[    0.040354] sched_clock: 56 bits at 12MHz, resolution 83ns, wraps every 4398046511096ns
[    0.048409] Switching to timer-based delay loop, resolution 83ns
[    0.054927] Console: colour dummy device 80x30
[    0.058996] Calibrating delay loop (skipped), value calculated using timer frequency.. 24.00 BogoMIPS (lpj=120000)
[    0.069377] pid_max: default: 32768 minimum: 301
[    0.074638] Mount-cache hash table entries: 2048 (order: 1, 8192 bytes)
[    0.080749] Mountpoint-cache hash table entries: 2048 (order: 1, 8192 bytes)
[    0.089313] CPU: Testing write buffer coherency: ok
[    0.093051] /cpus/cpu@0 missing clock-frequency property
[    0.098169] /cpus/cpu@1 missing clock-frequency property
[    0.103564] /cpus/cpu@2 missing clock-frequency property
[    0.108919] /cpus/cpu@3 missing clock-frequency property
[    0.114288] CPU0: thread -1, cpu 0, socket 0, mpidr 80000000
[    0.120007] Setting up static identity map for 0x80100000 - 0x80100098
[    0.187112] Tegra Revision: A01 SKU: 0 CPU Process: 1 SoC Process: 0
[    0.227324] CPU1: thread -1, cpu 1, socket 0, mpidr 80000001
[    0.267372] CPU2: thread -1, cpu 2, socket 0, mpidr 80000002
[    0.307434] CPU3: thread -1, cpu 3, socket 0, mpidr 80000003
[    0.307540] Brought up 4 CPUs
[    0.325848] SMP: Total of 4 processors activated (96.00 BogoMIPS).
[    0.332097] CPU: All CPU(s) started in SVC mode.
[    0.363568] devtmpfs: initialized
[    0.397460] VFP support v0.3: implementor 41 architecture 4 part 30 variant f rev 0
[    0.403931] clocksource: jiffies: mask: 0xffffffff max_cycles: 0xffffffff, max_idle_ns: 19112604462750000 ns
[    0.473431] pinctrl core: initialized pinctrl subsystem
[    0.564032] NET: Registered protocol family 16
[    0.567929] DMA: preallocated 256 KiB pool for atomic coherent allocations
[    0.603654] cpuidle: using governor menu
[    0.625768] No ATAGs?hw-breakpoint: found 5 (+1 reserved) breakpoint and 4 watchpoint registers.
[    0.632718] hw-breakpoint: maximum watchpoint size is 8 bytes.
[    0.669642] tegra-mc 70019000.memory-controller: no memory timings for RAM code 3 registered
[    0.990564] dvdd_ts: Failed to request enable GPIO61: -517
[    0.994229] reg-fixed-voltage regulators:regulator@1: Failed to register regulator: -517
[    1.002553] usb1_vbus: Failed to request enable GPIO108: -517
[    1.008180] reg-fixed-voltage regulators:regulator@3: Failed to register regulator: -517
[    1.016467] usb2_vbus: Failed to request enable GPIO86: -517
[    1.022047] reg-fixed-voltage regulators:regulator@4: Failed to register regulator: -517
[    1.030950] VDD_5V0_HDMI_CON: Failed to request enable GPIO81: -517
[    1.036520] reg-fixed-voltage regulators:regulator@7: Failed to register regulator: -517
[    1.046483] vgaarb: loaded
[    1.085288] SCSI subsystem initialized
[    1.087493] libata version 3.00 loaded.
[    1.091829] usbcore: registered new interface driver usbfs
[    1.096843] usbcore: registered new interface driver hub
[    1.102194] usbcore: registered new device driver usb
[    1.111628] tps65090 2-0048: No cache defaults, reading back from HW
[    1.118340] TPS65090_RAILSDCDC1: supplied by vdd_ac_bat
[    1.122564] vdd_hdmi_5v0: supplied by vdd-sys-5v0
[    1.127341] TPS65090_RAILSDCDC2: supplied by vdd_ac_bat
[    1.133140] TPS65090_RAILSDCDC3: supplied by vdd_ac_bat
[    1.137906] TPS65090_RAILSFET1: supplied by vdd_ac_bat
[    1.142905] TPS65090_RAILSFET2: supplied by vdd_ac_bat
[    1.148135] TPS65090_RAILSFET3: supplied by vdd-sys-3v3
[    1.153557] TPS65090_RAILSFET4: supplied by vdd-sys-3v3
[    1.158882] TPS65090_RAILSFET5: supplied by vdd-sys-3v3
[    1.164128] TPS65090_RAILSFET6: supplied by vdd-sys-3v3
[    1.169781] TPS65090_RAILSFET7: supplied by vdd-sys-3v3
[    1.174699] TPS65090_RAILSLDO1: supplied by vdd_ac_bat
[    1.179624] TPS65090_RAILSLDO2: supplied by vdd_ac_bat
[    1.185480] palmas 2-0058: Irq flag is 0x00000008
[    1.191120] genirq: Setting trigger mode 8 for irq 341 failed (irq_chip_set_type_parent+0x0/0x28)
[    1.198204] dummy 2-0059: Failed to request IRQ 341 for palmas: -22
[    1.205032] palmas: probe of 2-0058 failed with error -22
[    1.210192] Linux video capture interface: v2.00
[    1.214752] pps_core: LinuxPPS API ver. 1 registered
[    1.219651] pps_core: Software ver. 5.3.6 - Copyright 2005-2007 Rodolfo Giometti <giometti@linux.it>
[    1.228936] PTP clock support registered
[    1.233827] Advanced Linux Sound Architecture Driver Initialized.
[    1.240768] Bluetooth: Core ver 2.21
[    1.242691] NET: Registered protocol family 31
[    1.247123] Bluetooth: HCI device and connection manager initialized
[    1.253605] Bluetooth: HCI socket layer initialized
[    1.258491] Bluetooth: L2CAP socket layer initialized
[    1.263680] Bluetooth: SCO socket layer initialized
[    1.270158] clocksource: Switched to clocksource arch_sys_counter
[    1.650180] NET: Registered protocol family 2
[    1.970185] TCP established hash table entries: 8192 (order: 3, 32768 bytes)
[    1.975495] TCP bind hash table entries: 8192 (order: 4, 65536 bytes)
[    1.982129] TCP: Hash tables configured (established 8192 bind 8192)
[    1.988755] UDP hash table entries: 512 (order: 2, 16384 bytes)
[    1.994354] UDP-Lite hash table entries: 512 (order: 2, 16384 bytes)
[    2.140181] NET: Registered protocol family 1
[    2.260184] RPC: Registered named UNIX socket transport module.
[    2.264275] RPC: Registered udp transport module.
[    2.269042] RPC: Registered tcp transport module.
[    2.273855] RPC: Registered tcp NFSv4.1 backchannel transport module.
[    2.280354] PCI: CLS 0 bytes, default 64
[    2.322516] futex hash table entries: 1024 (order: 4, 65536 bytes)
[    2.327901] workingset: timestamp_bits=30 max_order=19 bucket_order=0
[    3.130178] squashfs: version 4.0 (2009/01/31) Phillip Lougher
[    3.460238] NFS: Registering the id_resolver key type
[    3.463493] Key type id_resolver registered
[    3.467708] Key type id_legacy registered
[    3.476214] bounce: pool size: 64 pages
[    3.478228] io scheduler noop registered (default)
[    3.700910] tegra-apbdma 6000a000.dma: Tegra20 APB DMA driver register 32 channels
[    3.707439] tegra-pmc 7000e400.pmc: i2c-thermtrip node not found, emergency thermal reset disabled.
[    3.716512] Serial: 8250/16550 driver, 4 ports, IRQ sharing disabled
[    3.726124] console [ttyS0] disabled
[    3.727966] 70006300.serial: ttyS0 at MMIO 0x70006300 (irq = 329, base_baud = 25500000) is a Tegra
[    3.736977] console [ttyS0] enabled
[    3.736977] console [ttyS0] enabled
[    3.743239] bootconsole [earlycon0] disabled
[    3.743239] bootconsole [earlycon0] disabled
[    3.754319] [drm] Initialized drm 1.1.0 20060810
[    3.760060] tegra-hdmi 54280000.hdmi: failed to get HDMI regulator
[    3.766698] tegra-dsi 54300000.dsi: cannot get VDD supply
[    3.811610] loop: module loaded
[    3.862585] m25p80 spi32766.0: w25q32dw (4096 Kbytes)
[    3.871660] libphy: Fixed MDIO Bus: probed
[    3.875756] CAN device driver interface
[    3.879685] igb: Intel(R) Gigabit Ethernet Network Driver - version 5.3.0-k
[    3.886661] igb: Copyright (c) 2007-2014 Intel Corporation.
[    3.892645] pegasus: v0.9.3 (2013/04/25), Pegasus/Pegasus II USB Ethernet driver
[    3.900192] usbcore: registered new interface driver pegasus
[    3.906019] usbcore: registered new interface driver asix
[    3.911580] usbcore: registered new interface driver ax88179_178a
[    3.917783] usbcore: registered new interface driver cdc_ether
[    3.923812] usbcore: registered new interface driver smsc75xx
[    3.929717] usbcore: registered new interface driver smsc95xx
[    3.935625] usbcore: registered new interface driver net1080
[    3.941422] usbcore: registered new interface driver cdc_subset
[    3.947451] usbcore: registered new interface driver zaurus
[    3.953251] usbcore: registered new interface driver cdc_ncm
[    3.959327] ehci_hcd: USB 2.0 'Enhanced' Host Controller (EHCI) Driver
[    3.965865] ehci-pci: EHCI PCI platform driver
[    3.970444] tegra-ehci: Tegra EHCI driver
[    3.975328] usbcore: registered new interface driver cdc_acm
[    3.980999] cdc_acm: USB Abstract Control Model driver for USB modems and ISDN adapters
[    3.989115] usbcore: registered new interface driver cdc_wdm
[    3.994967] usbcore: registered new interface driver usb-storage
[    4.001781] mousedev: PS/2 mouse device common for all mice
[    4.010255] tegra_rtc 7000e000.rtc: rtc core: registered 7000e000.rtc as rtc1
[    4.017484] tegra_rtc 7000e000.rtc: Tegra internal Real Time Clock
[    4.024047] i2c /dev entries driver
[    4.029122] usbcore: registered new interface driver uvcvideo
[    4.034908] USB Video Class driver (1.1.1)
[    4.038998] gspca_main: v2.14.0 registered
[    4.043808] sbs-battery 0-000b: sbs_probe: Failed to get device status
[    4.050394] sbs-battery: probe of 0-000b failed with error -121
[    4.059418] tegra-wdt 60005000.timer: initialized (heartbeat = 120 sec, nowayout = 0)
[    4.068043] sdhci: Secure Digital Host Controller Interface driver
[    4.074311] sdhci: Copyright(c) Pierre Ossman
[    4.078661] sdhci-pltfm: SDHCI platform and OF driver helper
[    4.084705] sdhci-tegra 78000400.sdhci: Got CD GPIO
[    4.089595] sdhci-tegra 78000400.sdhci: Got WP GPIO
[    4.095594] mmc0: Invalid maximum block size, assuming 512 bytes
[    4.160395] mmc0: SDHCI controller on 78000400.sdhci [78000400.sdhci] using ADMA
[    4.170074] mmc1: Invalid maximum block size, assuming 512 bytes
[    4.250215] mmc1: SDHCI controller on 78000600.sdhci [78000600.sdhci] using ADMA
[    4.265575] usbcore: registered new interface driver usbhid
[    4.273122] usbhid: USB HID core driver
[    4.321525] mmc0: new high speed SDHC card at address aaaa
[    4.328085] mmcblk0: mmc0:aaaa SL16G 14.8 GiB 
[    4.345860] mmc1: new high speed MMC card at address 0001
[    4.352382] mmcblk1: mmc1:0001 SEM32G 29.1 GiB 
[    4.357542] mmcblk1boot0: mmc1:0001 SEM32G partition 1 4.00 MiB
[    4.365853]  mmcblk0: p1 p2 p3
[    4.374123] mmcblk1boot1: mmc1:0001 SEM32G partition 2 4.00 MiB
[    4.390509] mmcblk1rpmb: mmc1:0001 SEM32G partition 3 4.00 MiB
[    4.399444]  mmcblk1: p1 p2 p3 p4 p5 p6 p7 p8
[    4.733231] tegra30-i2s 70080400.i2s: DMA channels sourced from device 70080000.ahub
[    4.750684] tegra-snd-rt5640 sound: rt5640-aif1 <-> 70080400.i2s mapping ok
[    4.763169] input: NVIDIA Tegra Dalmore Headphones as /devices/soc0/sound/sound/card0/input0
[    5.050182] NET: Registered protocol family 10
[    5.220214] mip6: Mobile IPv6
[    5.223182] sit: IPv6, IPv4 and MPLS over IPv4 tunneling driver
[    5.232427] NET: Registered protocol family 17
[    5.236901] NET: Registered protocol family 15
[    5.241363] can: controller area network core (rev 20120528 abi 9)
[    5.280301] NET: Registered protocol family 29
[    5.284742] can: raw protocol (rev 20120528)
[    5.289007] can: broadcast manager protocol (rev 20160617 t)
[    5.294724] can: netlink gateway (rev 20130117) max_hops=1
[    5.340295] Bluetooth: RFCOMM socket layer initialized
[    5.345443] Bluetooth: RFCOMM ver 1.11
[    5.349204] Bluetooth: BNEP (Ethernet Emulation) ver 1.3
[    5.354624] Bluetooth: BNEP socket layer initialized
[    5.359582] Bluetooth: HIDP (Human Interface Emulation) ver 1.2
[    5.365528] Bluetooth: HIDP socket layer initialized
[    5.370810] Key type dns_resolver registered
[    5.376422] Registering SWP/SWPB emulation handler
[    5.384107] usb1_vbus: supplied by vdd-sys-5v0
[    5.389522] usb2_vbus: supplied by vdd-sys-5v0
[    5.395221] VDD_5V0_HDMI_CON: supplied by vdd-sys-5v0
[    5.401320] tegra-hdmi 54280000.hdmi: failed to get PLL regulator
[    5.407867] tegra-dsi 54300000.dsi: cannot get VDD supply
[    5.416857] tegra-ehci 7d008000.usb: EHCI Host Controller
[    5.422328] tegra-ehci 7d008000.usb: new USB bus registered, assigned bus number 1
[    5.430286] tegra-ehci 7d008000.usb: irq 339, io mem 0x7d008000
[    5.460183] tegra-ehci 7d008000.usb: USB 2.0 started, EHCI 1.10
[    5.468213] hub 1-0:1.0: USB hub found
[    5.472139] hub 1-0:1.0: 1 port detected
[    5.478008] tegra-hdmi 54280000.hdmi: failed to get PLL regulator
[    5.484750] tegra-dsi 54300000.dsi: cannot get VDD supply
[    5.491754] input: gpio-keys as /devices/soc0/gpio-keys/input/input1
[    5.499112] hctosys: unable to open rtc device (rtc0)
[    5.505321] tegra-hdmi 54280000.hdmi: failed to get PLL regulator
[    5.505784] tegra-dsi 54300000.dsi: cannot get VDD supply
[    5.533017] vdd_hdmi_5v0: disabling
[    5.538155] dvdd_ts: disabling
[    5.541306] usb1_vbus: disabling
[    5.544535] VDD_5V0_HDMI_CON: disabling
[    5.548638] ALSA device list:
[    5.551636]   #0: NVIDIA Tegra Dalmore
[    5.556725] EXT4-fs (mmcblk1p1): mounting ext3 file system using the ext4 subsystem
[    5.630893] EXT4-fs (mmcblk1p1): recovery complete
[    5.635696] EXT4-fs (mmcblk1p1): mounted filesystem with ordered data mode. Opts: (null)
[    5.643891] VFS: Mounted root (ext3 filesystem) on device 179:17.
[    5.655546] devtmpfs: mounted
[    5.659557] Freeing unused kernel memory: 1024K (c0c00000 - c0d00000)
bash: cannot set terminal process group (-1): Inappropriate ioctl for device
bash: no job control in this shell
root@(none):/# [    5.830315] usb 1-1: new high-speed USB device number 2 using tegra-ehci
[    6.928516] asix 1-1:1.0 eth0: register 'asix' at usb-7d008000.usb-1, ASIX AX88772 USB 2.0 Ethernet, 00:50:b6:0d:b5:16
[    6.940364] tegra-hdmi 54280000.hdmi: failed to get PLL regulator
[    6.947058] tegra-dsi 54300000.dsi: cannot get VDD supply
[    6.954193] tegra-hdmi 54280000.hdmi: failed to get PLL regulator
[    6.960914] tegra-dsi 54300000.dsi: cannot get VDD supply
mount -t sysfs none /sys
root@(none):/# 
root@(none):/# mount -t debugfs none /sys/kernel/debug
root@(none):/# 
root@(none):/# rtcwake -d rtc1 -m mem -s 3
rtcwake: assuming RTC uses UTC ...
rtcwake: wakeup from "mem" using /dev/rtc1 at Thu Jan  1 00:00:23 1970
[    9.202400] PM: Syncing filesystems ... done.
[    9.209029] Freezing user space processes ... (elapsed 0.001 seconds) done.
[    9.217339] Double checking all user space processes after OOM killer disable... (elapsed 0.000 seconds) 
[    9.227003] Freezing remaining freezable tasks ... (elapsed 0.001 seconds) done.
[    9.235919] Suspending console(s) (use no_console_suspend to debug)
[    9.292717] PM: suspend of devices complete after 49.359 msecs
[    9.294563] PM: late suspend of devices complete after 1.829 msecs
[    9.296046] PM: noirq suspend of devices complete after 1.472 msecs
[    9.296051] Disabling non-boot CPUs ...
[    9.331048] CPU1: shutdown
[    9.430784] IRQ17 no longer affine to CPU2
[    9.431152] CPU2: shutdown
[    9.530878] CPU3: shutdown
[    9.582664] Entering suspend state LP1
[    9.582712] Enabling non-boot CPUs ...
[    9.613615] CPU1 is up
[    9.654216] CPU2 is up
[    9.694988] CPU3 is up
[    9.695925] PM: noirq resume of devices complete after 0.926 msecs
[    9.697931] PM: early resume of devices complete after 1.366 msecs
[    9.772545] PM: resume of devices complete after 74.595 msecs
[    9.774897] tegra-hdmi 54280000.hdmi: failed to get PLL regulator
[    9.775409] tegra-dsi 54300000.dsi: cannot get VDD supply
[    9.852585] Restarting tasks ... done.
root@(none):/# 
root@(none):/# rtcwake -d rtc1 -m mem -s 3
rtcwake: assuming RTC uses UTC ...
rtcwake: wakeup from "mem" using /dev/rtc1 at Thu Jan  1 00:00:32 1970
[   10.708106] PM: Syncing filesystems ... done.
[   10.713715] Freezing user space processes ... (elapsed 0.001 seconds) done.
[   10.722043] Double checking all user space processes after OOM killer disable... (elapsed 0.000 seconds) 
[   10.731693] Freezing remaining freezable tasks ... (elapsed 0.001 seconds) done.
[   10.740531] Suspending console(s) (use no_console_suspend to debug)
[   10.792571] PM: suspend of devices complete after 44.638 msecs
[   10.794391] PM: late suspend of devices complete after 1.804 msecs
[   10.795886] PM: noirq suspend of devices complete after 1.483 msecs
[   10.795891] Disabling non-boot CPUs ...
[   10.850973] CPU1: shutdown
[   10.930582] IRQ17 no longer affine to CPU2
[   10.930948] CPU2: shutdown
[   11.030842] CPU3: shutdown
[   11.082582] Entering suspend state LP1
[   11.082629] Enabling non-boot CPUs ...
[   11.113565] CPU1 is up
[   11.154168] CPU2 is up
[   11.194940] CPU3 is up
[   11.195946] PM: noirq resume of devices complete after 0.996 msecs
[   11.197906] PM: early resume of devices complete after 1.298 msecs
[   11.272047] PM: resume of devices complete after 74.123 msecs
[   11.274440] tegra-hdmi 54280000.hdmi: failed to get PLL regulator
[   11.274952] tegra-dsi 54300000.dsi: cannot get VDD supply
[   11.351809] Restarting tasks ... done.
root@(none):/# 
root@(none):/# rtcwake -d rtc1 -m mem -s 3
rtcwake: assuming RTC uses UTC ...
rtcwake: wakeup from "mem" using /dev/rtc1 at Thu Jan  1 00:00:41 1970
[   12.208090] PM: Syncing filesystems ... done.
[   12.213467] Freezing user space processes ... (elapsed 0.001 seconds) done.
[   12.221804] Double checking all user space processes after OOM killer disable... (elapsed 0.000 seconds) 
[   12.231455] Freezing remaining freezable tasks ... (elapsed 0.001 seconds) done.
[   12.240298] Suspending console(s) (use no_console_suspend to debug)
[   12.301835] PM: suspend of devices complete after 54.132 msecs
[   12.303595] PM: late suspend of devices complete after 1.743 msecs
[   12.305087] PM: noirq suspend of devices complete after 1.481 msecs
[   12.305092] Disabling non-boot CPUs ...
[   12.340915] CPU1: shutdown
[   12.440540] IRQ17 no longer affine to CPU2
[   12.440911] CPU2: shutdown
[   12.540797] CPU3: shutdown
[   12.592537] Entering suspend state LP1
[   12.592584] Enabling non-boot CPUs ...
[   12.623532] CPU1 is up
[   12.664144] CPU2 is up
[   12.704902] CPU3 is up
[   12.705923] PM: noirq resume of devices complete after 1.010 msecs
[   12.707957] PM: early resume of devices complete after 1.393 msecs
[   12.782175] PM: resume of devices complete after 74.200 msecs
[   12.784540] tegra-hdmi 54280000.hdmi: failed to get PLL regulator
[   12.785052] tegra-dsi 54300000.dsi: cannot get VDD supply
[   12.862116] Restarting tasks ... done.
root@(none):/# 
root@(none):/# rtcwake -d rtc1 -m mem -s 3
rtcwake: assuming RTC uses UTC ...
rtcwake: wakeup from "mem" using /dev/rtc1 at Thu Jan  1 00:00:50 1970
[   13.715061] PM: Syncing filesystems ... done.
[   13.720147] Freezing user space processes ... (elapsed 0.001 seconds) done.
[   13.728436] Double checking all user space processes after OOM killer disable... (elapsed 0.000 seconds) 
[   13.738109] Freezing remaining freezable tasks ... (elapsed 0.001 seconds) done.
[   13.746940] Suspending console(s) (use no_console_suspend to debug)
[   13.802075] PM: suspend of devices complete after 47.697 msecs
[   13.803596] PM: late suspend of devices complete after 1.505 msecs
[   13.805135] PM: noirq suspend of devices complete after 1.528 msecs
[   13.805139] Disabling non-boot CPUs ...
[   13.840550] IRQ17 no longer affine to CPU1
[   13.840912] CPU1: shutdown
[   13.940852] CPU2: shutdown
[   14.040754] CPU3: shutdown
[   14.092500] Entering suspend state LP1
[   14.092548] Enabling non-boot CPUs ...
[   14.123491] CPU1 is up
[   14.164095] CPU2 is up
[   14.204872] CPU3 is up
[   14.205859] PM: noirq resume of devices complete after 0.976 msecs
[   14.207902] PM: early resume of devices complete after 1.378 msecs
[   14.282095] PM: resume of devices complete after 74.173 msecs
[   14.284459] tegra-hdmi 54280000.hdmi: failed to get PLL regulator
[   14.284972] tegra-dsi 54300000.dsi: cannot get VDD supply
[   14.362153] Restarting tasks ... done.
root@(none):/# 
root@(none):/# rtcwake -d rtc1 -m mem -s 3
rtcwake: assuming RTC uses UTC ...
rtcwake: wakeup from "mem" using /dev/rtc1 at Thu Jan  1 00:00:59 1970
[   15.217401] PM: Syncing filesystems ... done.
[   15.222767] Freezing user space processes ... (elapsed 0.001 seconds) done.
[   15.231171] Double checking all user space processes after OOM killer disable... (elapsed 0.000 seconds) 
[   15.240900] Freezing remaining freezable tasks ... (elapsed 0.001 seconds) done.
[   15.249720] Suspending console(s) (use no_console_suspend to debug)
[   15.301690] PM: suspend of devices complete after 44.545 msecs
[   15.303152] PM: late suspend of devices complete after 1.452 msecs
[   15.304652] PM: noirq suspend of devices complete after 1.492 msecs
[   15.304657] Disabling non-boot CPUs ...
[   15.360474] IRQ17 no longer affine to CPU1
[   15.360831] CPU1: shutdown
[   15.510813] CPU2: shutdown
[   15.610708] CPU3: shutdown
[   15.642476] Entering suspend state LP1
[   15.642524] Enabling non-boot CPUs ...
[   15.673471] CPU1 is up
[   15.714089] CPU2 is up
[   15.754835] CPU3 is up
[   15.755754] PM: noirq resume of devices complete after 0.909 msecs
[   15.758121] PM: early resume of devices complete after 1.713 msecs
[   15.832087] PM: resume of devices complete after 73.948 msecs
[   15.834455] tegra-hdmi 54280000.hdmi: failed to get PLL regulator
[   15.834963] tegra-dsi 54300000.dsi: cannot get VDD supply
[   15.912133] Restarting tasks ... done.
root@(none):/# 
root@(none):/# rtcwake -d rtc1 -m mem -s 3
rtcwake: assuming RTC uses UTC ...
rtcwake: wakeup from "mem" using /dev/rtc1 at Thu Jan  1 00:01:08 1970
[   16.766637] PM: Syncing filesystems ... done.
[   16.772020] Freezing user space processes ... (elapsed 0.001 seconds) done.
[   16.780362] Double checking all user space processes after OOM killer disable... (elapsed 0.000 seconds) 
[   16.790013] Freezing remaining freezable tasks ... (elapsed 0.001 seconds) done.
[   16.798820] Suspending console(s) (use no_console_suspend to debug)
[   16.851599] PM: suspend of devices complete after 45.343 msecs
[   16.853052] PM: late suspend of devices complete after 1.443 msecs
[   16.854549] PM: noirq suspend of devices complete after 1.488 msecs
[   16.854553] Disabling non-boot CPUs ...
[   16.910452] IRQ17 no longer affine to CPU1
[   16.910809] CPU1: shutdown
[   16.990750] CPU2: shutdown
[   17.090677] CPU3: shutdown
[   17.142409] Entering suspend state LP1
[   17.142456] Enabling non-boot CPUs ...
[   17.173402] CPU1 is up
[   17.214031] CPU2 is up
[   17.254823] CPU3 is up
[   17.255728] PM: noirq resume of devices complete after 0.895 msecs
[   17.258125] PM: early resume of devices complete after 1.752 msecs
[   17.332145] PM: resume of devices complete after 74.001 msecs
[   17.334520] tegra-hdmi 54280000.hdmi: failed to get PLL regulator
[   17.335036] tegra-dsi 54300000.dsi: cannot get VDD supply
[   17.412093] Restarting tasks ... done.
root@(none):/# 
root@(none):/# rtcwake -d rtc1 -m mem -s 3
rtcwake: assuming RTC uses UTC ...
rtcwake: wakeup from "mem" using /dev/rtc1 at Thu Jan  1 00:01:17 1970
[   18.264533] PM: Syncing filesystems ... done.
[   18.269854] Freezing user space processes ... (elapsed 0.001 seconds) done.
[   18.278206] Double checking all user space processes after OOM killer disable... (elapsed 0.000 seconds) 
[   18.287878] Freezing remaining freezable tasks ... (elapsed 0.001 seconds) done.
[   18.296706] Suspending console(s) (use no_console_suspend to debug)
[   18.351748] PM: suspend of devices complete after 47.602 msecs
[   18.353229] PM: late suspend of devices complete after 1.471 msecs
[   18.354731] PM: noirq suspend of devices complete after 1.493 msecs
[   18.354736] Disabling non-boot CPUs ...
[   18.410742] CPU1: shutdown
[   18.560374] IRQ17 no longer affine to CPU2
[   18.560746] CPU2: shutdown
[   18.650623] CPU3: shutdown
[   18.682387] Entering suspend state LP1
[   18.682435] Enabling non-boot CPUs ...
[   18.713371] CPU1 is up
[   18.753995] CPU2 is up
[   18.794727] CPU3 is up
[   18.795616] PM: noirq resume of devices complete after 0.878 msecs
[   18.797604] PM: early resume of devices complete after 1.332 msecs
[   18.872144] PM: resume of devices complete after 74.523 msecs
[   18.874468] tegra-hdmi 54280000.hdmi: failed to get PLL regulator
[   18.874982] tegra-dsi 54300000.dsi: cannot get VDD supply
[   18.952201] Restarting tasks ... done.
root@(none):/# 
root@(none):/# rtcwake -d rtc1 -m mem -s 3
rtcwake: assuming RTC uses UTC ...
rtcwake: wakeup from "mem" using /dev/rtc1 at Thu Jan  1 00:01:26 1970
[   19.806449] PM: Syncing filesystems ... done.
[   19.811425] Freezing user space processes ... (elapsed 0.001 seconds) done.
[   19.819730] Double checking all user space processes after OOM killer disable... (elapsed 0.000 seconds) 
[   19.829404] Freezing remaining freezable tasks ... (elapsed 0.001 seconds) done.
[   19.838258] Suspending console(s) (use no_console_suspend to debug)
[   19.892291] PM: suspend of devices complete after 46.606 msecs
[   19.894056] PM: late suspend of devices complete after 1.746 msecs
[   19.895523] PM: noirq suspend of devices complete after 1.456 msecs
[   19.895527] Disabling non-boot CPUs ...
[   19.930739] CPU1: shutdown
[   20.030677] CPU2: shutdown
[   20.130248] IRQ17 no longer affine to CPU3
[   20.130608] CPU3: shutdown
[   20.182320] Entering suspend state LP1
[   20.182368] Enabling non-boot CPUs ...
[   20.213373] CPU1 is up
[   20.253943] CPU2 is up
[   20.294695] CPU3 is up
[   20.295564] PM: noirq resume of devices complete after 0.858 msecs
[   20.297585] PM: early resume of devices complete after 1.373 msecs
[   20.371944] PM: resume of devices complete after 74.338 msecs
[   20.374267] tegra-hdmi 54280000.hdmi: failed to get PLL regulator
[   20.374782] tegra-dsi 54300000.dsi: cannot get VDD supply
[   20.452003] Restarting tasks ... done.
root@(none):/# 
root@(none):/# rtcwake -d rtc1 -m mem -s 3
rtcwake: assuming RTC uses UTC ...
rtcwake: wakeup from "mem" using /dev/rtc1 at Thu Jan  1 00:01:35 1970
[   21.306478] PM: Syncing filesystems ... done.
[   21.311859] Freezing user space processes ... (elapsed 0.001 seconds) done.
[   21.320199] Double checking all user space processes after OOM killer disable... (elapsed 0.000 seconds) 
[   21.329851] Freezing remaining freezable tasks ... (elapsed 0.001 seconds) done.
[   21.338664] Suspending console(s) (use no_console_suspend to debug)
[   21.392211] PM: suspend of devices complete after 46.109 msecs
[   21.393969] PM: late suspend of devices complete after 1.742 msecs
[   21.395487] PM: noirq suspend of devices complete after 1.507 msecs
[   21.395492] Disabling non-boot CPUs ...
[   21.430348] IRQ17 no longer affine to CPU1
[   21.430709] CPU1: shutdown
[   21.540633] CPU2: shutdown
[   21.640546] CPU3: shutdown
[   21.692286] Entering suspend state LP1
[   21.692334] Enabling non-boot CPUs ...
[   21.723306] CPU1 is up
[   21.763918] CPU2 is up
[   21.804662] CPU3 is up
[   21.805522] PM: noirq resume of devices complete after 0.849 msecs
[   21.807787] PM: early resume of devices complete after 1.631 msecs
[   21.882221] PM: resume of devices complete after 74.415 msecs
[   21.884584] tegra-hdmi 54280000.hdmi: failed to get PLL regulator
[   21.885094] tegra-dsi 54300000.dsi: cannot get VDD supply
[   21.962259] Restarting tasks ... done.
root@(none):/# 
root@(none):/# rtcwake -d rtc1 -m mem -s 3
rtcwake: assuming RTC uses UTC ...
rtcwake: wakeup from "mem" using /dev/rtc1 at Thu Jan  1 00:01:44 1970
[   22.816481] PM: Syncing filesystems ... done.
[   22.821865] Freezing user space processes ... (elapsed 0.001 seconds) done.
[   22.830207] Double checking all user space processes after OOM killer disable... (elapsed 0.000 seconds) 
[   22.839858] Freezing remaining freezable tasks ... (elapsed 0.001 seconds) done.
[   22.848671] Suspending console(s) (use no_console_suspend to debug)
[   22.901525] PM: suspend of devices complete after 45.413 msecs
[   22.903079] PM: late suspend of devices complete after 1.538 msecs
[   22.904622] PM: noirq suspend of devices complete after 1.533 msecs
[   22.904627] Disabling non-boot CPUs ...
[   22.940284] IRQ17 no longer affine to CPU1
[   22.940642] CPU1: shutdown
[   23.040596] CPU2: shutdown
[   23.140497] CPU3: shutdown
[   23.192239] Entering suspend state LP1
[   23.192288] Enabling non-boot CPUs ...
[   23.223236] CPU1 is up
[   23.263880] CPU2 is up
[   23.304600] CPU3 is up
[   23.305488] PM: noirq resume of devices complete after 0.877 msecs
[   23.307533] PM: early resume of devices complete after 1.394 msecs
[   23.381921] PM: resume of devices complete after 74.368 msecs
[   23.384276] tegra-hdmi 54280000.hdmi: failed to get PLL regulator
[   23.384796] tegra-dsi 54300000.dsi: cannot get VDD supply
[   23.461870] Restarting tasks ... done.
root@(none):/# 
root@(none):/# NVTB SYSTEM SUSPEND TEST COMPLETE
