
U-Boot SPL 2014.01-00219-gc4d376f (Feb 18 2014 - 19:57:18)


U-Boot 2014.01-00219-gc4d376f (Feb 18 2014 - 19:57:18)

TEGRA30
Board: NVIDIA Beaver
I2C:   ready
DRAM:  2 GiB
MMC:   Tegra SD/MMC: 0, Tegra SD/MMC: 1
In:    serial
Out:   serial
Err:   serial
Net:   Net Initialization Skipped
No ethernet found.
Hit any key to stop autoboot:  2  0 
Tegra30 (Beaver) # 
Tegra30 (Beaver) # usb reset
(Re)start USB...
USB0:   USB EHCI 1.00
scanning bus 0 for devices... 2 USB Device(s) found
       scanning usb for storage devices... 0 Storage Device(s) found
       scanning usb for ethernet devices... 
Warning: asx0 using MAC address from net device
1 Ethernet Device(s) found
Tegra30 (Beaver) # setenv bootargs 'ignore_loglevel console=ttyS0,115200n8 rw root=PARTUUID=edbe1840-3633-c751-7993-b0ac834f81e0 rootwait gpt debug noinitrd earlyprintk init=/bin/bash'
Tegra30 (Beaver) # setenv ipaddr 192.168.100.101; setenv serverip 192.168.100.1; setenv tftpserverip 192.168.100.1
Tegra30 (Beaver) # tftpboot 0x81000000 zImage.tegra_defconfig
Using asx0 device
TFTP from server 192.168.100.1; our IP address is 192.168.100.101
Filename 'zImage.tegra_defconfig'.
Load address: 0x81000000
Loading: *#################################################################
	 #################################################################
	 #################################################################
	 #################################################################
	 #################################################################
	 #################################################################
	 ########################
	 3.2 MiB/s
done
Bytes transferred = 6072080 (5ca710 hex)
Tegra30 (Beaver) # tftpboot 0x82000000 tegra30-beaver.dtb
Using asx0 device
TFTP from server 192.168.100.1; our IP address is 192.168.100.101
Filename 'tegra30-beaver.dtb'.
Load address: 0x82000000
Loading: *####
	 2.9 MiB/s
done
Bytes transferred = 51804 (ca5c hex)
Tegra30 (Beaver) # bootz 0x81000000 - 0x82000000
Kernel image @ 0x81000000 [ 0x000000 - 0x5ca710 ]
## Flattened Device Tree blob at 82000000
   Booting using the fdt blob at 0x82000000
   Loading Device Tree to 8fff0000, end 8ffffa5b ... OK

Starting kernel ...

Uncompressing Linux... done, booting the kernel.
[    0.000000] Booting Linux on physical CPU 0x0
[    0.000000] Linux version 4.11.0-rc7-next-20170418-167227-g495ff9e (jonathanh@kaivo) (gcc version 4.7.3 20130328 (prerelease) (crosstool-NG linaro-1.13.1-4.7-2013.04-20130415 - Linaro GCC 2013.04) ) #1 SMP PREEMPT Tue Apr 18 01:50:23 PDT 2017
[    0.000000] CPU: ARMv7 Processor [412fc099] revision 9 (ARMv7), cr=10c5387d
[    0.000000] CPU: PIPT / VIPT nonaliasing data cache, VIPT aliasing instruction cache
[    0.000000] OF: fdt: Machine model: NVIDIA Tegra30 Beaver evaluation board
[    0.000000] debug: ignoring loglevel setting.
[    0.000000] bootconsole [earlycon0] enabled
[    0.000000] cma: Reserved 64 MiB at 0xfbc00000
[    0.000000] Memory policy: Data cache writealloc
[    0.000000] On node 0 totalpages: 524032
[    0.000000] free_area_init_node: node 0, pgdat c0eae180, node_mem_map eeff7000
[    0.000000]   Normal zone: 1536 pages used for memmap
[    0.000000]   Normal zone: 0 pages reserved
[    0.000000]   Normal zone: 196608 pages, LIFO batch:31
[    0.000000]   HighMem zone: 327424 pages, LIFO batch:31
[    0.000000] percpu: Embedded 17 pages/cpu @eef87000 s38912 r8192 d22528 u69632
[    0.000000] pcpu-alloc: s38912 r8192 d22528 u69632 alloc=17*4096
[    0.000000] pcpu-alloc: [0] 0 [0] 1 [0] 2 [0] 3 
[    0.000000] Built 1 zonelists in Zone order, mobility grouping on.  Total pages: 522496
[    0.000000] Kernel command line: ignore_loglevel console=ttyS0,115200n8 rw root=PARTUUID=edbe1840-3633-c751-7993-b0ac834f81e0 rootwait gpt debug noinitrd earlyprintk init=/bin/bash
[    0.000000] PID hash table entries: 4096 (order: 2, 16384 bytes)
[    0.000000] Dentry cache hash table entries: 131072 (order: 7, 524288 bytes)
[    0.000000] Inode-cache hash table entries: 65536 (order: 6, 262144 bytes)
[    0.000000] Memory: 1998480K/2096128K available (9216K kernel code, 737K rwdata, 2688K rodata, 1024K init, 307K bss, 32112K reserved, 65536K cma-reserved, 1244160K highmem)
[    0.000000] Virtual kernel memory layout:
[    0.000000]     vector  : 0xffff0000 - 0xffff1000   (   4 kB)
[    0.000000]     fixmap  : 0xffc00000 - 0xfff00000   (3072 kB)
[    0.000000]     vmalloc : 0xf0800000 - 0xff800000   ( 240 MB)
[    0.000000]     lowmem  : 0xc0000000 - 0xf0000000   ( 768 MB)
[    0.000000]     pkmap   : 0xbfe00000 - 0xc0000000   (   2 MB)
[    0.000000]     modules : 0xbf000000 - 0xbfe00000   (  14 MB)
[    0.000000]       .text : 0xc0008000 - 0xc0a00000   (10208 kB)
[    0.000000]       .init : 0xc0d00000 - 0xc0e00000   (1024 kB)
[    0.000000]       .data : 0xc0e00000 - 0xc0eb86b0   ( 738 kB)
[    0.000000]        .bss : 0xc0ec267c - 0xc0f0f434   ( 308 kB)
[    0.000000] Preemptible hierarchical RCU implementation.
[    0.000000] NR_IRQS:16 nr_irqs:16 16
[    0.000000] /interrupt-controller@60004000: 160 interrupts forwarded to /interrupt-controller@50041000
[    0.000000] L2C: platform modifies aux control register: 0x02080000 -> 0x3e480001
[    0.000000] L2C: DT/platform modifies aux control register: 0x02080000 -> 0x3e480001
[    0.000000] L2C-310 erratum 769419 enabled
[    0.000000] L2C-310 enabling early BRESP for Cortex-A9
[    0.000000] L2C-310: enabling full line of zeros but not enabled in Cortex-A9
[    0.000000] L2C-310 dynamic clock gating enabled, standby mode enabled
[    0.000000] L2C-310 cache controller enabled, 8 ways, 1024 kB
[    0.000000] L2C-310: CACHE_ID 0x410000c7, AUX_CTRL 0x4e480001
[    0.000013] sched_clock: 32 bits at 1000kHz, resolution 1000ns, wraps every 2147483647500ns
[    0.006538] clocksource: timer_us: mask: 0xffffffff max_cycles: 0xffffffff, max_idle_ns: 1911260446275 ns
[    0.016153] Switching to timer-based delay loop, resolution 1000ns
[    0.023181] Console: colour dummy device 80x30
[    0.026912] Calibrating delay loop (skipped), value calculated using timer frequency.. 2.00 BogoMIPS (lpj=10000)
[    0.037132] pid_max: default: 32768 minimum: 301
[    0.042151] Mount-cache hash table entries: 2048 (order: 1, 8192 bytes)
[    0.048481] Mountpoint-cache hash table entries: 2048 (order: 1, 8192 bytes)
[    0.056243] CPU: Testing write buffer coherency: ok
[    0.060886] CPU0: thread -1, cpu 0, socket 0, mpidr 80000000
[    0.100016] Setting up static identity map for 0x80100000 - 0x801000a0
[    0.120407] Tegra Revision: A03 SKU: 128 CPU Process: 4 SoC Process: 0
[    0.139973] smp: Bringing up secondary CPUs ...
[    0.200398] CPU1: thread -1, cpu 1, socket 0, mpidr 80000001
[    0.280384] CPU2: thread -1, cpu 2, socket 0, mpidr 80000002
[    0.360385] CPU3: thread -1, cpu 3, socket 0, mpidr 80000003
[    0.360433] smp: Brought up 1 node, 4 CPUs
[    0.379861] SMP: Total of 4 processors activated (8.00 BogoMIPS).
[    0.386019] CPU: All CPU(s) started in SVC mode.
[    0.391738] devtmpfs: initialized
[    0.407065] VFP support v0.3: implementor 41 architecture 3 part 30 variant 9 rev 4
[    0.413204] clocksource: jiffies: mask: 0xffffffff max_cycles: 0xffffffff, max_idle_ns: 19112604462750000 ns
[    0.422814] futex hash table entries: 1024 (order: 4, 65536 bytes)
[    0.432279] pinctrl core: initialized pinctrl subsystem
[    0.436929] NET: Registered protocol family 16
[    0.442883] DMA: preallocated 256 KiB pool for atomic coherent allocations
[    0.449155] cpuidle: using governor menu
[    0.468151] No ATAGs?
[    0.468272] hw-breakpoint: found 5 (+1 reserved) breakpoint and 1 watchpoint registers.
[    0.476801] hw-breakpoint: maximum watchpoint size is 4 bytes.
[    0.484371] tegra-mc 7000f000.memory-controller: no memory timings for RAM code 3 registered
[    0.504763] vdd_5v_sata: Failed to request enable GPIO30: -517
[    0.508771] reg-fixed-voltage regulators:regulator@3: Failed to register regulator: -517
[    0.516994] usb1_vbus: Failed to request enable GPIO238: -517
[    0.522731] reg-fixed-voltage regulators:regulator@4: Failed to register regulator: -517
[    0.530929] usb3_vbus: Failed to request enable GPIO236: -517
[    0.536674] reg-fixed-voltage regulators:regulator@5: Failed to register regulator: -517
[    0.544941] sys_3v3_pexs: Failed to request enable GPIO95: -517
[    0.550811] reg-fixed-voltage regulators:regulator@7: Failed to register regulator: -517
[    0.560090] vgaarb: loaded
[    0.562375] SCSI subsystem initialized
[    0.565749] libata version 3.00 loaded.
[    0.569762] usbcore: registered new interface driver usbfs
[    0.575053] usbcore: registered new interface driver hub
[    0.580435] usbcore: registered new device driver usb
[    0.593126] vrtc: supplied by vdd_5v_in
[    0.598477] vio: supplied by vdd_5v_in
[    0.611948] vdd1: supplied by vdd_5v_in
[    0.615330] vddio_ddr_1v2: Bringing 600000uV into 1200000-1200000uV
[    0.631928] vdd2: supplied by vdd_5v_in
[    0.651945] ldo1: supplied by vdd_1v5_gen
[    0.656564] ldo2: supplied by vdd_1v5_gen
[    0.659230] vdd_sata,avdd_plle: Bringing 1200000uV into 1050000-1050000uV
[    0.667904] ldo3: supplied by vdd_5v_in
[    0.672358] ldo4: supplied by vdd_5v_in
[    0.681946] ldo5: supplied by vdd_5v_in
[    0.691940] ldo6: supplied by vdd_1v8_gen
[    0.694614] avdd_dsi_csi,pwrdet_mipi: Bringing 1000000uV into 1200000-1200000uV
[    0.703786] ldo7: supplied by vdd_1v8_gen
[    0.711943] ldo8: supplied by vdd_1v8_gen
[    0.722171] Linux video capture interface: v2.00
[    0.725046] pps_core: LinuxPPS API ver. 1 registered
[    0.729996] pps_core: Software ver. 5.3.6 - Copyright 2005-2007 Rodolfo Giometti <giometti@linux.it>
[    0.739204] PTP clock support registered
[    0.743683] Advanced Linux Sound Architecture Driver Initialized.
[    0.749990] Bluetooth: Core ver 2.22
[    0.752997] NET: Registered protocol family 31
[    0.757456] Bluetooth: HCI device and connection manager initialized
[    0.763883] Bluetooth: HCI socket layer initialized
[    0.768813] Bluetooth: L2CAP socket layer initialized
[    0.773960] Bluetooth: SCO socket layer initialized
[    0.780006] clocksource: Switched to clocksource timer_us
[    0.847576] NET: Registered protocol family 2
[    0.851132] TCP established hash table entries: 8192 (order: 3, 32768 bytes)
[    0.857270] TCP bind hash table entries: 8192 (order: 4, 65536 bytes)
[    0.863823] TCP: Hash tables configured (established 8192 bind 8192)
[    0.870743] UDP hash table entries: 512 (order: 2, 16384 bytes)
[    0.876175] UDP-Lite hash table entries: 512 (order: 2, 16384 bytes)
[    0.882863] NET: Registered protocol family 1
[    0.887627] RPC: Registered named UNIX socket transport module.
[    0.892939] RPC: Registered udp transport module.
[    0.897689] RPC: Registered tcp transport module.
[    0.902465] RPC: Registered tcp NFSv4.1 backchannel transport module.
[    0.908962] PCI: CLS 0 bytes, default 64
[    0.914797] hw perfevents: no interrupt-affinity property for /pmu, guessing.
[    0.920439] hw perfevents: enabled with armv7_cortex_a9 PMU driver, 7 counters available
[    0.930045] workingset: timestamp_bits=30 max_order=19 bucket_order=0
[    0.935790] squashfs: version 4.0 (2009/01/31) Phillip Lougher
[    0.941279] NFS: Registering the id_resolver key type
[    0.945833] Key type id_resolver registered
[    0.950056] Key type id_legacy registered
[    0.957882] bounce: pool size: 64 pages
[    0.959899] io scheduler noop registered (default)
[    0.964809] io scheduler mq-deadline registered
[    0.969340] io scheduler kyber registered
[    0.977906] tegra30-pinctrl 70000868.pinmux: invalid group "sdmmc3_dat6_pd3" for function "rsvd1"
[    0.985010] tegra30-pinctrl 70000868.pinmux: invalid group "sdmmc3_dat7_pd4" for function "rsvd1"
[    0.993892] tegra30-pinctrl 70000868.pinmux: invalid group "vi_vsync_pd6" for function "rsvd1"
[    1.002568] tegra30-pinctrl 70000868.pinmux: invalid group "vi_hsync_pd7" for function "rsvd1"
[    1.011723] tegra30-pinctrl 70000868.pinmux: invalid group "hdmi_int_pn7" for function "rsvd1"
[    1.019911] tegra30-pinctrl 70000868.pinmux: invalid group "ulpi_data3_po4" for function "rsvd1"
[    1.029090] tegra30-pinctrl 70000868.pinmux: invalid group "vi_d10_pt2" for function "rsvd1"
[    1.037225] tegra30-pinctrl 70000868.pinmux: invalid group "vi_d11_pt3" for function "rsvd1"
[    1.045732] tegra30-pinctrl 70000868.pinmux: invalid group "vi_d0_pt4" for function "rsvd1"
[    1.054158] tegra30-pinctrl 70000868.pinmux: invalid group "pu0" for function "rsvd1"
[    1.062046] tegra30-pinctrl 70000868.pinmux: invalid group "pu3" for function "rsvd1"
[    1.069903] tegra30-pinctrl 70000868.pinmux: invalid group "pu6" for function "rsvd1"
[    1.077814] tegra30-pinctrl 70000868.pinmux: invalid group "pv3" for function "rsvd1"
[    1.086177] tegra30-pinctrl 70000868.pinmux: invalid group "pbb0" for function "rsvd1"
[    1.093751] tegra30-pinctrl 70000868.pinmux: invalid group "pcc1" for function "rsvd1"
[    1.103312] tegra-pcie 3000.pcie-controller: 2x3 configuration
[    1.107662] tegra-pcie 3000.pcie-controller: Failed to get supply 'hvdd-pex': -517
[    1.154197] tegra-apbdma 6000a000.dma: Tegra20 APB DMA driver register 32 channels
[    1.160687] tegra-pmc 7000e400.pmc: i2c-thermtrip node not found, emergency thermal reset disabled.
[    1.169460] Serial: 8250/16550 driver, 4 ports, IRQ sharing disabled
[    1.177038] console [ttyS0] disabled
[    1.179120] 70006000.serial: ttyS0 at MMIO 0x70006000 (irq = 331, base_baud = 25500000) is a Tegra
[    1.188159] console [ttyS0] enabled
[    1.188159] console [ttyS0] enabled
[    1.194437] bootconsole [earlycon0] disabled
[    1.194437] bootconsole [earlycon0] disabled
[    1.204848] tegra-hdmi 54280000.hdmi: failed to get HDMI regulator
[    1.223629] loop: module loaded
[    1.229573] m25p80 spi32766.1: w25q32 (4096 Kbytes)
[    1.236057] libphy: Fixed MDIO Bus: probed
[    1.240195] CAN device driver interface
[    1.244072] igb: Intel(R) Gigabit Ethernet Network Driver - version 5.4.0-k
[    1.251028] igb: Copyright (c) 2007-2014 Intel Corporation.
[    1.256711] pegasus: v0.9.3 (2013/04/25), Pegasus/Pegasus II USB Ethernet driver
[    1.264195] usbcore: registered new interface driver pegasus
[    1.269897] usbcore: registered new interface driver asix
[    1.275372] usbcore: registered new interface driver ax88179_178a
[    1.281527] usbcore: registered new interface driver cdc_ether
[    1.287404] usbcore: registered new interface driver smsc75xx
[    1.293209] usbcore: registered new interface driver smsc95xx
[    1.298987] usbcore: registered new interface driver net1080
[    1.304718] usbcore: registered new interface driver cdc_subset
[    1.310683] usbcore: registered new interface driver zaurus
[    1.316303] usbcore: registered new interface driver cdc_ncm
[    1.322457] ehci_hcd: USB 2.0 'Enhanced' Host Controller (EHCI) Driver
[    1.328969] ehci-pci: EHCI PCI platform driver
[    1.333474] tegra-ehci: Tegra EHCI driver
[    1.338071] usbcore: registered new interface driver cdc_acm
[    1.343731] cdc_acm: USB Abstract Control Model driver for USB modems and ISDN adapters
[    1.351775] usbcore: registered new interface driver cdc_wdm
[    1.357483] usbcore: registered new interface driver usb-storage
[    1.364740] tegra_rtc 7000e000.rtc: rtc core: registered 7000e000.rtc as rtc1
[    1.371906] tegra_rtc 7000e000.rtc: Tegra internal Real Time Clock
[    1.380851] random: fast init done
[    1.394536] tps65910-rtc tps65910-rtc: rtc core: registered tps65910-rtc as rtc0
[    1.401971] i2c /dev entries driver
[    1.406498] usbcore: registered new interface driver uvcvideo
[    1.412246] USB Video Class driver (1.1.1)
[    1.416328] gspca_main: v2.14.0 registered
[    1.421186] tegra-wdt 60005000.timer: initialized (heartbeat = 120 sec, nowayout = 0)
[    1.429461] sdhci: Secure Digital Host Controller Interface driver
[    1.435638] sdhci: Copyright(c) Pierre Ossman
[    1.439981] sdhci-pltfm: SDHCI platform and OF driver helper
[    1.445870] sdhci-tegra 78000000.sdhci: Got CD GPIO
[    1.450760] sdhci-tegra 78000000.sdhci: Got WP GPIO
[    1.463954] mmc0: Invalid maximum block size, assuming 512 bytes
[    1.530180] mmc0: SDHCI controller on 78000000.sdhci [78000000.sdhci] using ADMA
[    1.547100] mmc1: Invalid maximum block size, assuming 512 bytes
[    1.610096] mmc1: SDHCI controller on 78000600.sdhci [78000600.sdhci] using ADMA
[    1.621625] usbcore: registered new interface driver usbhid
[    1.627243] usbhid: USB HID core driver
[    1.669831] mmc1: new high speed MMC card at address 0001
[    1.675872] mmcblk1: mmc1:0001 SEM16G 14.8 GiB 
[    1.681850] mmcblk1boot0: mmc1:0001 SEM16G partition 1 1.00 MiB
[    1.688071] mmcblk1boot1: mmc1:0001 SEM16G partition 2 1.00 MiB
[    1.694235] mmcblk1rpmb: mmc1:0001 SEM16G partition 3 128 KiB
[    1.702882] Primary GPT is invalid, using alternate GPT.
[    1.708196]  mmcblk1: p1 p2 p3 p4 p5
[    1.728888] mmc0: new ultra high speed DDR50 SDHC card at address aaaa
[    1.735958] mmcblk0: mmc0:aaaa SS04G 3.69 GiB 
[    1.761900]  mmcblk0: p1 p2 p3
[    2.062145] tegra30-i2s 70080400.i2s: DMA channels sourced from device 70080000.ahub
[    2.077762] tegra-snd-rt5640 sound: rt5640-aif1 <-> 70080400.i2s mapping ok
[    2.087963] input: NVIDIA Tegra Beaver Headphones as /devices/soc0/sound/sound/card0/input0
[    2.097947] NET: Registered protocol family 10
[    2.103528] Segment Routing with IPv6
[    2.107306] mip6: Mobile IPv6
[    2.110280] sit: IPv6, IPv4 and MPLS over IPv4 tunneling driver
[    2.117445] NET: Registered protocol family 17
[    2.121936] NET: Registered protocol family 15
[    2.126366] can: controller area network core (rev 20120528 abi 9)
[    2.132707] NET: Registered protocol family 29
[    2.137139] can: raw protocol (rev 20120528)
[    2.141423] can: broadcast manager protocol (rev 20161123 t)
[    2.147072] can: netlink gateway (rev 20130117) max_hops=1
[    2.152692] Bluetooth: RFCOMM socket layer initialized
[    2.157836] Bluetooth: RFCOMM ver 1.11
[    2.161594] Bluetooth: BNEP (Ethernet Emulation) ver 1.3
[    2.166895] Bluetooth: BNEP socket layer initialized
[    2.171856] Bluetooth: HIDP (Human Interface Emulation) ver 1.2
[    2.177764] Bluetooth: HIDP socket layer initialized
[    2.182916] Key type dns_resolver registered
[    2.187611] Registering SWP/SWPB emulation handler
[    2.205653] vdd_ddr: supplied by vdd_5v_in
[    2.210552] vdd_5v_sata: supplied by vdd_5v_in
[    2.215286] usb1_vbus: supplied by vdd_5v_in
[    2.219844] usb3_vbus: supplied by vdd_5v_in
[    2.225337] sys_3v3,vdd_3v3_alw: supplied by vdd_5v_in
[    2.231289] sys_3v3_pexs: supplied by sys_3v3,vdd_3v3_alw
[    2.236865] +VDD_5V_HDMI: supplied by sys_3v3,vdd_3v3_alw
[    2.242575] tegra-pcie 3000.pcie-controller: 2x3 configuration
[    2.251984] tegra-pcie 3000.pcie-controller: probing port 0, using 2 lanes
[    2.317130] tegra-pcie 3000.pcie-controller: probing port 2, using 2 lanes
[    2.727947] tegra-pcie 3000.pcie-controller: link 2 down, retrying
[    3.138073] tegra-pcie 3000.pcie-controller: link 2 down, retrying
[    3.548186] tegra-pcie 3000.pcie-controller: link 2 down, retrying
[    3.556376] tegra-pcie 3000.pcie-controller: link 2 down, ignoring
[    3.562724] tegra-pcie 3000.pcie-controller: PCI host bridge to bus 0000:00
[    3.569673] pci_bus 0000:00: root bus resource [io  0x0000-0xffff]
[    3.575869] pci_bus 0000:00: root bus resource [mem 0x20000000-0x27ffffff]
[    3.582738] pci_bus 0000:00: root bus resource [mem 0x28000000-0x3fffffff pref]
[    3.590040] pci_bus 0000:00: root bus resource [bus 00-ff]
[    3.595545] pci 0000:00:01.0: [10de:0e1c] type 01 class 0x060400
[    3.601572] pci_bus 0000:00: 2-byte config write to 0000:00:01.0 offset 0x88 may corrupt adjacent RW1C bits
[    3.611328] pci_bus 0000:00: 2-byte config write to 0000:00:01.0 offset 0x52 may corrupt adjacent RW1C bits
[    3.621076] pci 0000:00:01.0: PME# supported from D0 D1 D2 D3hot D3cold
[    3.627677] pci_bus 0000:00: 2-byte config write to 0000:00:01.0 offset 0x4c may corrupt adjacent RW1C bits
[    3.637603] pci_bus 0000:00: 2-byte config write to 0000:00:01.0 offset 0x3e may corrupt adjacent RW1C bits
[    3.647337] pci_bus 0000:00: 2-byte config write to 0000:00:01.0 offset 0x4 may corrupt adjacent RW1C bits
[    3.656979] pci_bus 0000:00: 1-byte config write to 0000:00:01.0 offset 0xc may corrupt adjacent RW1C bits
[    3.666617] PCI: bus0: Fast back to back transfers disabled
[    3.672186] pci 0000:00:01.0: bridge configuration invalid ([bus 00-00]), reconfiguring
[    3.680181] pci_bus 0000:00: 2-byte config write to 0000:00:01.0 offset 0x3e may corrupt adjacent RW1C bits
[    3.689901] pci_bus 0000:00: 2-byte config write to 0000:00:01.0 offset 0x3e may corrupt adjacent RW1C bits
[    3.699629] pci_bus 0000:00: 2-byte config write to 0000:00:01.0 offset 0x3e may corrupt adjacent RW1C bits
[    3.709357] pci_bus 0000:00: 2-byte config write to 0000:00:01.0 offset 0x6 may corrupt adjacent RW1C bits
[    3.719156] pci 0000:01:00.0: [10ec:8168] type 00 class 0x020000
[    3.725179] pci 0000:01:00.0: reg 0x10: [io  0x0000-0x00ff]
[    3.730762] pci 0000:01:00.0: reg 0x18: [mem 0x00000000-0x00000fff 64bit pref]
[    3.737977] pci 0000:01:00.0: reg 0x20: [mem 0x00000000-0x00003fff 64bit pref]
[    3.745266] pci 0000:01:00.0: supports D1 D2
[    3.749524] pci 0000:01:00.0: PME# supported from D0 D1 D2 D3hot D3cold
[    3.780041] PCI: bus1: Fast back to back transfers disabled
[    3.785603] pci_bus 0000:01: busn_res: [bus 01-ff] end is updated to 01
[    3.792274] pci 0000:00:01.0: BAR 9: assigned [mem 0x28000000-0x280fffff 64bit pref]
[    3.800013] pci 0000:00:01.0: BAR 7: assigned [io  0x1000-0x1fff]
[    3.806097] pci 0000:01:00.0: BAR 4: assigned [mem 0x28000000-0x28003fff 64bit pref]
[    3.813844] pci 0000:01:00.0: BAR 2: assigned [mem 0x28004000-0x28004fff 64bit pref]
[    3.821588] pci 0000:01:00.0: BAR 0: assigned [io  0x1000-0x10ff]
[    3.827671] pci 0000:00:01.0: PCI bridge to [bus 01]
[    3.832631] pci 0000:00:01.0:   bridge window [io  0x1000-0x1fff]
[    3.838711] pci 0000:00:01.0:   bridge window [mem 0x28000000-0x280fffff 64bit pref]
[    3.846464] pci 0000:00:01.0: nv_msi_ht_cap_quirk didn't locate host bridge
[    3.853486] pcieport 0000:00:01.0: enabling device (0140 -> 0143)
[    3.859845] pcieport 0000:00:01.0: Signaling PME with IRQ 374
[    3.865829] r8169 Gigabit Ethernet driver 2.3LK-NAPI loaded
[    3.871445] r8169 0000:01:00.0: enabling device (0140 -> 0143)
[    3.878471] r8169 0000:01:00.0 eth0: RTL8168evl/8111evl at 0xf0a10000, 02:04:4b:01:60:a6, XID 0c900800 IRQ 375
[    3.888476] r8169 0000:01:00.0 eth0: jumbo features [frames: 9200 bytes, tx checksumming: ko]
[    3.901452] utmi_phy_clk_enable: timeout waiting for phy to stabilize
[    3.907897] tegra-ehci 7d004000.usb: EHCI Host Controller
[    3.913329] tegra-ehci 7d004000.usb: new USB bus registered, assigned bus number 1
[    3.921160] tegra-ehci 7d004000.usb: irq 343, io mem 0x7d004000
[    3.950028] tegra-ehci 7d004000.usb: USB 2.0 started, EHCI 1.00
[    3.957220] hub 1-0:1.0: USB hub found
[    3.961015] hub 1-0:1.0: 1 port detected
[    3.965476] tegra-ehci 7d008000.usb: EHCI Host Controller
[    3.970916] tegra-ehci 7d008000.usb: new USB bus registered, assigned bus number 2
[    3.978726] tegra-ehci 7d008000.usb: irq 344, io mem 0x7d008000
[    4.010026] tegra-ehci 7d008000.usb: USB 2.0 started, EHCI 1.00
[    4.017068] hub 2-0:1.0: USB hub found
[    4.020858] hub 2-0:1.0: 1 port detected
[    4.028784] tps65910-rtc tps65910-rtc: setting system clock to 2000-01-01 00:00:02 UTC (946684802)
[    4.038319] vdd_sata,avdd_plle: disabling
[    4.042727] usb1_vbus: disabling
[    4.045946] ALSA device list:
[    4.048902]   #0: NVIDIA Tegra Beaver
[    4.054470] EXT4-fs (mmcblk1p1): mounting ext3 file system using the ext4 subsystem
[    4.069637] EXT4-fs (mmcblk1p1): warning: mounting fs with errors, running e2fsck is recommended
[    4.080460] EXT4-fs (mmcblk1p1): recovery complete
[    4.085247] EXT4-fs (mmcblk1p1): mounted filesystem with ordered data mode. Opts: (null)
[    4.093388] VFS: Mounted root (ext3 filesystem) on device 179:1.
[    4.110570] devtmpfs: mounted
[    4.115087] Freeing unused kernel memory: 1024K
bash: cannot set terminal process group (-1): Inappropriate ioctl for device
bash: no job control in this shell
root@(none):/# [    4.380033] usb 2-1: new high-speed USB device number 2 using tegra-ehci
mount -t sysfs none /sys
root@(none):/# 
root@(none):/# mount -t debugfs none /sys/kernel/debug
root@(none):/# 
root@(none):/# rtcwake -d rtc1 -m mem -s 3
rtcwake: wakeup from "mem" using /dev/rtc1 at Thu Jan  1 00:00:22 1970
[    7.389340] PM: Syncing filesystems ... done.
[    7.396122] Freezing user space processes ... (elapsed 0.001 seconds) done.
[    7.404203] OOM killer disabled.
[    7.407419] Freezing remaining freezable tasks ... (elapsed 0.001 seconds) done.
[    7.415974] Suspending console(s) (use no_console_suspend to debug)
[    7.502199] PM: suspend of devices complete after 79.597 msecs
[    7.504950] PM: late suspend of devices complete after 2.743 msecs
[    7.530393] PM: noirq suspend of devices complete after 25.434 msecs
[    7.530396] Disabling non-boot CPUs ...
[    7.580403] IRQ17 no longer affine to CPU1
[    7.580559] IRQ346 no longer affine to CPU1
[    8.020603] IRQ347 no longer affine to CPU2
[    8.100362] IRQ348 no longer affine to CPU3
[    8.150634] Entering suspend state LP1
[    8.150634] Suspended for 2.823 seconds
[    8.150646] Enabling non-boot CPUs ...
[    8.181042] CPU1 is up
[    8.220978] CPU2 is up
[    8.261069] CPU3 is up
[    8.261506] pcieport 0000:00:01.0: nv_msi_ht_cap_quirk didn't locate host bridge
[    8.290088] PM: noirq resume of devices complete after 29.011 msecs
[    8.291629] PM: early resume of devices complete after 0.944 msecs
[    8.839728] PM: resume of devices complete after 548.089 msecs
[    8.922844] OOM killer enabled.
[    8.925973] Restarting tasks ... done.
root@(none):/# 
root@(none):/# rtcwake -d rtc1 -m mem -s 3
rtcwake: wakeup from "mem" using /dev/rtc1 at Thu Jan  1 00:00:27 1970
[    9.633679] PM: Syncing filesystems ... done.
[    9.639952] Freezing user space processes ... (elapsed 0.001 seconds) done.
[    9.648031] OOM killer disabled.
[    9.651260] Freezing remaining freezable tasks ... (elapsed 0.001 seconds) done.
[    9.659805] Suspending console(s) (use no_console_suspend to debug)
[    9.701230] pci_generic_config_write32: 63 callbacks suppressed
[    9.701241] pci_bus 0000:00: 2-byte config write to 0000:00:01.0 offset 0x9c may corrupt adjacent RW1C bits
[    9.741766] PM: suspend of devices complete after 75.360 msecs
[    9.742376] PM: late suspend of devices complete after 0.603 msecs
[    9.742876] pci_bus 0000:01: 2-byte config write to 0000:01:00.0 offset 0x44 may corrupt adjacent RW1C bits
[    9.742891] pci_bus 0000:01: 2-byte config write to 0000:01:00.0 offset 0x44 may corrupt adjacent RW1C bits
[    9.770346] PM: noirq suspend of devices complete after 27.964 msecs
[    9.770349] Disabling non-boot CPUs ...
[    9.820492] IRQ346 no longer affine to CPU1
[    9.900261] IRQ17 no longer affine to CPU2
[    9.900381] IRQ347 no longer affine to CPU2
[   10.000338] IRQ348 no longer affine to CPU3
[   10.030646] Entering suspend state LP1
[   10.030646] Suspended for 3.119 seconds
[   10.030679] Enabling non-boot CPUs ...
[   10.061183] CPU1 is up
[   10.101201] CPU2 is up
[   10.141225] CPU3 is up
[   10.141725] pci_bus 0000:00: 2-byte config write to 0000:00:01.0 offset 0x4c may corrupt adjacent RW1C bits
[   10.141738] pci_bus 0000:00: 2-byte config write to 0000:00:01.0 offset 0x88 may corrupt adjacent RW1C bits
[   10.141746] pci_bus 0000:00: 2-byte config write to 0000:00:01.0 offset 0x90 may corrupt adjacent RW1C bits
[   10.141753] pci_bus 0000:00: 2-byte config write to 0000:00:01.0 offset 0x98 may corrupt adjacent RW1C bits
[   10.141759] pci_bus 0000:00: 2-byte config write to 0000:00:01.0 offset 0x9c may corrupt adjacent RW1C bits
[   10.141782] pci_bus 0000:00: 2-byte config write to 0000:00:01.0 offset 0x52 may corrupt adjacent RW1C bits
[   10.141790] pci_bus 0000:00: 2-byte config write to 0000:00:01.0 offset 0x52 may corrupt adjacent RW1C bits
[   10.141815] pcieport 0000:00:01.0: nv_msi_ht_cap_quirk didn't locate host bridge
[   10.170053] PM: noirq resume of devices complete after 28.819 msecs
[   10.172003] PM: early resume of devices complete after 1.291 msecs
[   10.725260] PM: resume of devices complete after 553.250 msecs
[   10.911614] OOM killer enabled.
[   10.914744] Restarting tasks ... done.
root@(none):/# 
root@(none):/# rtcwake -d rtc1 -m mem -s 3
rtcwake: wakeup from "mem" using /dev/rtc1 at Thu Jan  1 00:00:32 1970
[   11.517526] PM: Syncing filesystems ... done.
[   11.524410] Freezing user space processes ... (elapsed 0.001 seconds) done.
[   11.532523] OOM killer disabled.
[   11.535740] Freezing remaining freezable tasks ... (elapsed 0.001 seconds) done.
[   11.544323] Suspending console(s) (use no_console_suspend to debug)
[   11.631979] PM: suspend of devices complete after 80.964 msecs
[   11.634383] PM: late suspend of devices complete after 2.395 msecs
[   11.660365] PM: noirq suspend of devices complete after 25.972 msecs
[   11.660369] Disabling non-boot CPUs ...
[   11.700579] IRQ346 no longer affine to CPU1
[   11.800263] IRQ17 no longer affine to CPU2
[   11.960418] Entering suspend state LP1
[   11.960418] Suspended for 3.070 seconds
[   11.960448] Enabling non-boot CPUs ...
[   11.991151] CPU1 is up
[   12.031133] CPU2 is up
[   12.071181] CPU3 is up
[   12.071699] pcieport 0000:00:01.0: nv_msi_ht_cap_quirk didn't locate host bridge
[   12.100035] PM: noirq resume of devices complete after 28.844 msecs
[   12.101401] PM: early resume of devices complete after 0.700 msecs
[   12.652287] PM: resume of devices complete after 550.875 msecs
[   12.727196] OOM killer enabled.
[   12.730332] Restarting tasks ... done.
root@(none):/# 
root@(none):/# rtcwake -d rtc1 -m mem -s 3
rtcwake: wakeup from "mem" using /dev/rtc1 at Thu Jan  1 00:00:37 1970
[   13.447347] PM: Syncing filesystems ... done.
[   13.454228] Freezing user space processes ... (elapsed 0.001 seconds) done.
[   13.462345] OOM killer disabled.
[   13.465562] Freezing remaining freezable tasks ... (elapsed 0.001 seconds) done.
[   13.474146] Suspending console(s) (use no_console_suspend to debug)
[   13.562407] PM: suspend of devices complete after 81.565 msecs
[   13.563073] PM: late suspend of devices complete after 0.656 msecs
[   13.590341] PM: noirq suspend of devices complete after 27.260 msecs
[   13.590345] Disabling non-boot CPUs ...
[   13.630549] migrate_irqs: 2 callbacks suppressed
[   13.630552] IRQ346 no longer affine to CPU1
[   13.730370] IRQ347 no longer affine to CPU2
[   13.830164] IRQ17 no longer affine to CPU3
[   13.830297] IRQ348 no longer affine to CPU3
[   13.880426] Entering suspend state LP1
[   13.880426] Suspended for 3.079 seconds
[   13.880461] Enabling non-boot CPUs ...
[   13.911138] CPU1 is up
[   13.951092] CPU2 is up
[   13.991142] CPU3 is up
[   13.991606] pcieport 0000:00:01.0: nv_msi_ht_cap_quirk didn't locate host bridge
[   14.019994] PM: noirq resume of devices complete after 28.840 msecs
[   14.022125] PM: early resume of devices complete after 1.479 msecs
[   14.570102] PM: resume of devices complete after 547.962 msecs
[   14.657948] OOM killer enabled.
[   14.661085] Restarting tasks ... done.
root@(none):/# 
root@(none):/# rtcwake -d rtc1 -m mem -s 3
rtcwake: wakeup from "mem" using /dev/rtc1 at Thu Jan  1 00:00:42 1970
[   15.366946] PM: Syncing filesystems ... done.
[   15.373310] Freezing user space processes ... (elapsed 0.001 seconds) done.
[   15.381432] OOM killer disabled.
[   15.384650] Freezing remaining freezable tasks ... (elapsed 0.001 seconds) done.
[   15.393232] Suspending console(s) (use no_console_suspend to debug)
[   15.441509] pci_generic_config_write32: 65 callbacks suppressed
[   15.441524] pci_bus 0000:00: 2-byte config write to 0000:00:01.0 offset 0x9c may corrupt adjacent RW1C bits
[   15.482400] PM: suspend of devices complete after 82.467 msecs
[   15.484594] PM: late suspend of devices complete after 2.187 msecs
[   15.485195] pci_bus 0000:01: 2-byte config write to 0000:01:00.0 offset 0x44 may corrupt adjacent RW1C bits
[   15.485213] pci_bus 0000:01: 2-byte config write to 0000:01:00.0 offset 0x44 may corrupt adjacent RW1C bits
[   15.510306] PM: noirq suspend of devices complete after 25.703 msecs
[   15.510312] Disabling non-boot CPUs ...
[   15.560524] IRQ346 no longer affine to CPU1
[   15.640361] IRQ347 no longer affine to CPU2
[   15.740143] IRQ17 no longer affine to CPU3
[   15.740270] IRQ348 no longer affine to CPU3
[   15.790367] Entering suspend state LP1
[   15.790367] Suspended for 3.090 seconds
[   15.790402] Enabling non-boot CPUs ...
[   15.821096] CPU1 is up
[   15.861066] CPU2 is up
[   15.901130] CPU3 is up
[   15.901548] pci_bus 0000:00: 2-byte config write to 0000:00:01.0 offset 0x4c may corrupt adjacent RW1C bits
[   15.901560] pci_bus 0000:00: 2-byte config write to 0000:00:01.0 offset 0x88 may corrupt adjacent RW1C bits
[   15.901567] pci_bus 0000:00: 2-byte config write to 0000:00:01.0 offset 0x90 may corrupt adjacent RW1C bits
[   15.901572] pci_bus 0000:00: 2-byte config write to 0000:00:01.0 offset 0x98 may corrupt adjacent RW1C bits
[   15.901579] pci_bus 0000:00: 2-byte config write to 0000:00:01.0 offset 0x9c may corrupt adjacent RW1C bits
[   15.901600] pci_bus 0000:00: 2-byte config write to 0000:00:01.0 offset 0x52 may corrupt adjacent RW1C bits
[   15.901607] pci_bus 0000:00: 2-byte config write to 0000:00:01.0 offset 0x52 may corrupt adjacent RW1C bits
[   15.901632] pcieport 0000:00:01.0: nv_msi_ht_cap_quirk didn't locate host bridge
[   15.929967] PM: noirq resume of devices complete after 28.827 msecs
[   15.932178] PM: early resume of devices complete after 1.558 msecs
[   16.481592] PM: resume of devices complete after 549.401 msecs
[   16.667934] OOM killer enabled.
[   16.671070] Restarting tasks ... done.
root@(none):/# 
root@(none):/# rtcwake -d rtc1 -m mem -s 3
rtcwake: wakeup from "mem" using /dev/rtc1 at Thu Jan  1 00:00:47 1970
[   17.277365] PM: Syncing filesystems ... done.
[   17.282740] Freezing user space processes ... (elapsed 0.001 seconds) done.
[   17.290857] OOM killer disabled.
[   17.294073] Freezing remaining freezable tasks ... (elapsed 0.001 seconds) done.
[   17.302656] Suspending console(s) (use no_console_suspend to debug)
[   17.391855] PM: suspend of devices complete after 82.515 msecs
[   17.393490] PM: late suspend of devices complete after 1.626 msecs
[   17.420269] PM: noirq suspend of devices complete after 26.770 msecs
[   17.420274] Disabling non-boot CPUs ...
[   17.470494] IRQ346 no longer affine to CPU1
[   17.550170] IRQ17 no longer affine to CPU2
[   17.700380] Entering suspend state LP1
[   17.700380] Suspended for 3.089 seconds
[   17.700415] Enabling non-boot CPUs ...
[   17.731066] CPU1 is up
[   17.771033] CPU2 is up
[   17.811097] CPU3 is up
[   17.811616] pcieport 0000:00:01.0: nv_msi_ht_cap_quirk didn't locate host bridge
[   17.839933] PM: noirq resume of devices complete after 28.826 msecs
[   17.841961] PM: early resume of devices complete after 1.385 msecs
[   18.386085] PM: resume of devices complete after 544.112 msecs
[   18.461017] OOM killer enabled.
[   18.464145] Restarting tasks ... done.
root@(none):/# 
root@(none):/# rtcwake -d rtc1 -m mem -s 3
rtcwake: wakeup from "mem" using /dev/rtc1 at Thu Jan  1 00:00:52 1970
[   19.186986] PM: Syncing filesystems ... done.
[   19.193875] Freezing user space processes ... (elapsed 0.001 seconds) done.
[   19.201996] OOM killer disabled.
[   19.205212] Freezing remaining freezable tasks ... (elapsed 0.001 seconds) done.
[   19.213813] Suspending console(s) (use no_console_suspend to debug)
[   19.303852] PM: suspend of devices complete after 83.347 msecs
[   19.307504] PM: late suspend of devices complete after 3.645 msecs
[   19.330237] PM: noirq suspend of devices complete after 22.723 msecs
[   19.330242] Disabling non-boot CPUs ...
[   19.380456] migrate_irqs: 2 callbacks suppressed
[   19.380461] IRQ346 no longer affine to CPU1
[   19.460154] IRQ17 no longer affine to CPU2
[   19.460308] IRQ347 no longer affine to CPU2
[   19.560165] IRQ348 no longer affine to CPU3
[   19.610590] Entering suspend state LP1
[   19.610590] Suspended for 3.089 seconds
[   19.610623] Enabling non-boot CPUs ...
[   19.641046] CPU1 is up
[   19.681000] CPU2 is up
[   19.721051] CPU3 is up
[   19.721522] pcieport 0000:00:01.0: nv_msi_ht_cap_quirk didn't locate host bridge
[   19.749899] PM: noirq resume of devices complete after 28.838 msecs
[   19.751442] PM: early resume of devices complete after 0.879 msecs
[   20.295581] PM: resume of devices complete after 544.128 msecs
[   20.383454] OOM killer enabled.
[   20.386584] Restarting tasks ... done.
root@(none):/# 
root@(none):/# rtcwake -d rtc1 -m mem -s 3
rtcwake: wakeup from "mem" using /dev/rtc1 at Thu Jan  1 00:00:57 1970
[   21.097280] PM: Syncing filesystems ... done.
[   21.103736] Freezing user space processes ... (elapsed 0.001 seconds) done.
[   21.111856] OOM killer disabled.
[   21.115073] Freezing remaining freezable tasks ... (elapsed 0.001 seconds) done.
[   21.123663] Suspending console(s) (use no_console_suspend to debug)
[   21.170407] pci_generic_config_write32: 65 callbacks suppressed
[   21.170422] pci_bus 0000:00: 2-byte config write to 0000:00:01.0 offset 0x9c may corrupt adjacent RW1C bits
[   21.211802] PM: suspend of devices complete after 81.449 msecs
[   21.214235] PM: late suspend of devices complete after 2.422 msecs
[   21.214747] pci_bus 0000:01: 2-byte config write to 0000:01:00.0 offset 0x44 may corrupt adjacent RW1C bits
[   21.214767] pci_bus 0000:01: 2-byte config write to 0000:01:00.0 offset 0x44 may corrupt adjacent RW1C bits
[   21.240190] PM: noirq suspend of devices complete after 25.946 msecs
[   21.240194] Disabling non-boot CPUs ...
[   21.300425] IRQ346 no longer affine to CPU1
[   21.380091] IRQ17 no longer affine to CPU2
[   21.380246] IRQ347 no longer affine to CPU2
[   21.490170] IRQ348 no longer affine to CPU3
[   21.540260] Entering suspend state LP1
[   21.540260] Suspended for 3.070 seconds
[   21.540292] Enabling non-boot CPUs ...
[   21.571009] CPU1 is up
[   21.610963] CPU2 is up
[   21.651043] CPU3 is up
[   21.651482] pci_bus 0000:00: 2-byte config write to 0000:00:01.0 offset 0x4c may corrupt adjacent RW1C bits
[   21.651496] pci_bus 0000:00: 2-byte config write to 0000:00:01.0 offset 0x88 may corrupt adjacent RW1C bits
[   21.651504] pci_bus 0000:00: 2-byte config write to 0000:00:01.0 offset 0x90 may corrupt adjacent RW1C bits
[   21.651509] pci_bus 0000:00: 2-byte config write to 0000:00:01.0 offset 0x98 may corrupt adjacent RW1C bits
[   21.651516] pci_bus 0000:00: 2-byte config write to 0000:00:01.0 offset 0x9c may corrupt adjacent RW1C bits
[   21.651537] pci_bus 0000:00: 2-byte config write to 0000:00:01.0 offset 0x52 may corrupt adjacent RW1C bits
[   21.651543] pci_bus 0000:00: 2-byte config write to 0000:00:01.0 offset 0x52 may corrupt adjacent RW1C bits
[   21.651569] pcieport 0000:00:01.0: nv_msi_ht_cap_quirk didn't locate host bridge
[   21.679861] PM: noirq resume of devices complete after 28.810 msecs
[   21.681752] PM: early resume of devices complete after 1.245 msecs
[   22.236606] PM: resume of devices complete after 554.842 msecs
[   22.422974] OOM killer enabled.
[   22.426104] Restarting tasks ... done.
root@(none):/# 
root@(none):/# rtcwake -d rtc1 -m mem -s 3
rtcwake: wakeup from "mem" using /dev/rtc1 at Thu Jan  1 00:01:02 1970
[   23.040806] PM: Syncing filesystems ... done.
[   23.046155] Freezing user space processes ... (elapsed 0.001 seconds) done.
[   23.054407] OOM killer disabled.
[   23.057626] Freezing remaining freezable tasks ... (elapsed 0.001 seconds) done.
[   23.066231] Suspending console(s) (use no_console_suspend to debug)
[   23.162307] PM: suspend of devices complete after 89.383 msecs
[   23.163472] PM: late suspend of devices complete after 1.156 msecs
[   23.190142] PM: noirq suspend of devices complete after 26.664 msecs
[   23.190147] Disabling non-boot CPUs ...
[   23.250207] IRQ17 no longer affine to CPU1
[   23.250403] IRQ346 no longer affine to CPU1
[   23.510254] Entering suspend state LP1
[   23.510254] Suspended for 3.029 seconds
[   23.510286] Enabling non-boot CPUs ...
[   23.540987] CPU1 is up
[   23.580933] CPU2 is up
[   23.621013] CPU3 is up
[   23.621500] pcieport 0000:00:01.0: nv_msi_ht_cap_quirk didn't locate host bridge
[   23.649835] PM: noirq resume of devices complete after 28.812 msecs
[   23.651703] PM: early resume of devices complete after 1.224 msecs
[   24.204529] PM: resume of devices complete after 552.815 msecs
[   24.279450] OOM killer enabled.
[   24.282589] Restarting tasks ... done.
root@(none):/# 
root@(none):/# rtcwake -d rtc1 -m mem -s 3
rtcwake: wakeup from "mem" using /dev/rtc1 at Thu Jan  1 00:01:07 1970
[   24.996642] PM: Syncing filesystems ... done.
[   25.001500] Freezing user space processes ... (elapsed 0.001 seconds) done.
[   25.009613] OOM killer disabled.
[   25.012846] Freezing remaining freezable tasks ... (elapsed 0.001 seconds) done.
[   25.021440] Suspending console(s) (use no_console_suspend to debug)
[   25.101727] PM: suspend of devices complete after 73.598 msecs
[   25.102421] PM: late suspend of devices complete after 0.687 msecs
[   25.130147] PM: noirq suspend of devices complete after 27.714 msecs
[   25.130153] Disabling non-boot CPUs ...
[   25.180355] migrate_irqs: 2 callbacks suppressed
[   25.180361] IRQ346 no longer affine to CPU1
[   25.280049] IRQ17 no longer affine to CPU2
[   25.280198] IRQ347 no longer affine to CPU2
[   25.390087] IRQ348 no longer affine to CPU3
[   25.440182] Entering suspend state LP1
[   25.440182] Suspended for 3.070 seconds
[   25.440214] Enabling non-boot CPUs ...
[   25.470952] CPU1 is up
[   25.510907] CPU2 is up
[   25.550994] CPU3 is up
[   25.551468] pcieport 0000:00:01.0: nv_msi_ht_cap_quirk didn't locate host bridge
[   25.579804] PM: noirq resume of devices complete after 28.800 msecs
[   25.581146] PM: early resume of devices complete after 0.678 msecs
[   26.136049] PM: resume of devices complete after 554.890 msecs
[   26.223946] OOM killer enabled.
[   26.227076] Restarting tasks ... done.
root@(none):/# 
root@(none):/# NVTB SYSTEM SUSPEND TEST COMPLETE
