
U-Boot SPL 2015.04-rc3-00209-ga74ef40 (Mar 16 2015 - 14:43:39)


U-Boot 2015.04-rc3-00209-ga74ef40 (Mar 16 2015 - 14:43:39)

TEGRA20
Model: Compulab TrimSlice board
DRAM:  1 GiB
MMC:   Tegra SD/MMC: 0, Tegra SD/MMC: 1
SF: Detected W25Q80BL with page size 256 Bytes, erase size 4 KiB, total 1 MiB
tegra-pcie: PCI regions:
tegra-pcie:   I/O: 0x82000000-0x82010000
tegra-pcie:   non-prefetchable memory: 0xa0000000-0xa8000000
tegra-pcie:   prefetchable memory: 0xa8000000-0xc0000000
tegra-pcie: dual-mode configuration
tegra-pcie: probing port 0, using 2 lanes
In:    serial
Out:   serial
Err:   serial
Net:   RTL8169#0
Hit any key to stop autoboot:  2  0 
Tegra20 (TrimSlice) # 
Tegra20 (TrimSlice) # usb reset
resetting USB...
USB0:   USB EHCI 1.00
scanning bus 0 for devices... 3 USB Device(s) found
USB1:   USB EHCI 1.00
scanning bus 1 for devices... 1 USB Device(s) found
USB2:   lowlevel init failed
       scanning usb for storage devices... 0 Storage Device(s) found
       scanning usb for ethernet devices... 
Warning: asx0 using MAC address from net device
1 Ethernet Device(s) found
Tegra20 (TrimSlice) # setenv bootargs 'ignore_loglevel console=ttyS0,115200n8 rw root=PARTUUID=11eb23c1-01 rootwait gpt debug noinitrd earlyprintk init=/bin/bash'
Tegra20 (TrimSlice) # setenv ipaddr 192.168.100.103; setenv serverip 192.168.100.1; setenv tftpserverip 192.168.100.1
Tegra20 (TrimSlice) # tftpboot 0x00408000 zImage.multi_v7_defconfig
Using RTL8169#0 device
TFTP from server 192.168.100.1; our IP address is 192.168.100.103
Filename 'zImage.multi_v7_defconfig'.
Load address: 0x408000
Loading: *#################################################################
	 #################################################################
	 #################################################################
	 #################################################################
	 #################################################################
	 #################################################################
	 #################################################################
	 #################################################################
	 #####################################
	 4 MiB/s
done
Bytes transferred = 8163848 (7c9208 hex)
Tegra20 (TrimSlice) # tftpboot 0x02408000 tegra20-trimslice.dtb
Using RTL8169#0 device
TFTP from server 192.168.100.1; our IP address is 192.168.100.103
Filename 'tegra20-trimslice.dtb'.
Load address: 0x2408000
Loading: *##
	 3.4 MiB/s
done
Bytes transferred = 21454 (53ce hex)
Tegra20 (TrimSlice) # bootz 0x00408000 - 0x02408000
Kernel image @ 0x408000 [ 0x000000 - 0x7c9200 ]
## Flattened Device Tree blob at 02408000
   Booting using the fdt blob at 0x2408000
   Using Device Tree in place at 02408000, end 024103cd

Starting kernel ...

[    0.000000] Booting Linux on physical CPU 0x0
[    0.000000] Linux version 4.13.0-next-20170913-199818-g6f20b7a (jonathanh@sellafield) (gcc version 4.7.3 20130328 (prerelease) (crosstool-NG linaro-1.13.1-4.7-2013.04-20130415 - Linaro GCC 2013.04)) #1 SMP Tue Sep 12 21:35:43 PDT 2017
[    0.000000] CPU: ARMv7 Processor [411fc090] revision 0 (ARMv7), cr=10c5387d
[    0.000000] CPU: PIPT / VIPT nonaliasing data cache, VIPT aliasing instruction cache
[    0.000000] OF: fdt: Machine model: Compulab TrimSlice board
[    0.000000] debug: ignoring loglevel setting.
[    0.000000] Memory policy: Data cache writealloc
[    0.000000] efi: Getting EFI parameters from FDT:
[    0.000000] efi: UEFI not found.
[    0.000000] cma: Reserved 64 MiB at 0x3c000000
[    0.000000] On node 0 totalpages: 262144
[    0.000000] free_area_init_node: node 0, pgdat c158eb80, node_mem_map ef7f8000
[    0.000000]   DMA zone: 1536 pages used for memmap
[    0.000000]   DMA zone: 0 pages reserved
[    0.000000]   DMA zone: 196608 pages, LIFO batch:31
[    0.000000]   HighMem zone: 65536 pages, LIFO batch:15
[    0.000000] random: fast init done
[    0.000000] percpu: Embedded 17 pages/cpu @ef7c4000 s39424 r8192 d22016 u69632
[    0.000000] pcpu-alloc: s39424 r8192 d22016 u69632 alloc=17*4096
[    0.000000] pcpu-alloc: [0] 0 [0] 1 
[    0.000000] Built 1 zonelists, mobility grouping on.  Total pages: 260608
[    0.000000] Kernel command line: ignore_loglevel console=ttyS0,115200n8 rw root=PARTUUID=11eb23c1-01 rootwait gpt debug noinitrd earlyprintk init=/bin/bash
[    0.000000] PID hash table entries: 4096 (order: 2, 16384 bytes)
[    0.000000] Dentry cache hash table entries: 131072 (order: 7, 524288 bytes)
[    0.000000] Inode-cache hash table entries: 65536 (order: 6, 262144 bytes)
[    0.000000] Memory: 954304K/1048576K available (10240K kernel code, 1628K rwdata, 4508K rodata, 2048K init, 405K bss, 28736K reserved, 65536K cma-reserved, 196608K highmem)
[    0.000000] Virtual kernel memory layout:
[    0.000000]     vector  : 0xffff0000 - 0xffff1000   (   4 kB)
[    0.000000]     fixmap  : 0xffc00000 - 0xfff00000   (3072 kB)
[    0.000000]     vmalloc : 0xf0800000 - 0xff800000   ( 240 MB)
[    0.000000]     lowmem  : 0xc0000000 - 0xf0000000   ( 768 MB)
[    0.000000]     pkmap   : 0xbfe00000 - 0xc0000000   (   2 MB)
[    0.000000]     modules : 0xbf000000 - 0xbfe00000   (  14 MB)
[    0.000000]       .text : 0xc0208000 - 0xc0d00000   (11232 kB)
[    0.000000]       .init : 0xc1200000 - 0xc1400000   (2048 kB)
[    0.000000]       .data : 0xc1400000 - 0xc1597028   (1629 kB)
[    0.000000]        .bss : 0xc15a0bc0 - 0xc160637c   ( 406 kB)
[    0.000000] SLUB: HWalign=64, Order=0-3, MinObjects=0, CPUs=2, Nodes=1
[    0.000000] Hierarchical RCU implementation.
[    0.000000] 	RCU event tracing is enabled.
[    0.000000] 	RCU restricting CPUs from NR_CPUS=16 to nr_cpu_ids=2.
[    0.000000] RCU: Adjusting geometry for rcu_fanout_leaf=16, nr_cpu_ids=2
[    0.000000] NR_IRQS: 16, nr_irqs: 16, preallocated irqs: 16
[    0.000000] /interrupt-controller@60004000: 128 interrupts forwarded to /interrupt-controller@50041000
[    0.000000] L2C: platform modifies aux control register: 0x02080000 -> 0x3e480001
[    0.000000] L2C: DT/platform modifies aux control register: 0x02080000 -> 0x3e480001
[    0.000000] L2C-310 errata 727915 769419 enabled
[    0.000000] L2C-310 enabling early BRESP for Cortex-A9
[    0.000000] L2C-310: enabling full line of zeros but not enabled in Cortex-A9
[    0.000000] L2C-310 ID prefetch enabled, offset 1 lines
[    0.000000] L2C-310 cache controller enabled, 8 ways, 1024 kB
[    0.000000] L2C-310: CACHE_ID 0x410000c4, AUX_CTRL 0x7e480001
[    0.000008] sched_clock: 32 bits at 1000kHz, resolution 1000ns, wraps every 2147483647500ns
[    0.000024] clocksource: timer_us: mask: 0xffffffff max_cycles: 0xffffffff, max_idle_ns: 1911260446275 ns
[    0.000035] Switching to timer-based delay loop, resolution 1000ns
[    0.001668] Console: colour dummy device 80x30
[    0.001697] Calibrating delay loop (skipped), value calculated using timer frequency.. 2.00 BogoMIPS (lpj=10000)
[    0.001709] pid_max: default: 32768 minimum: 301
[    0.001798] Mount-cache hash table entries: 2048 (order: 1, 8192 bytes)
[    0.001810] Mountpoint-cache hash table entries: 2048 (order: 1, 8192 bytes)
[    0.002248] CPU: Testing write buffer coherency: ok
[    0.002459] CPU0: thread -1, cpu 0, socket 0, mpidr 80000000
[    0.002695] Setting up static identity map for 0x300000 - 0x3000a0
[    0.003327] Hierarchical SRCU implementation.
[    0.004167] Tegra Revision: A03 prime SKU: 8 CPU Process: 1 SoC Process: 2
[    0.004618] EFI services will not be available.
[    0.004709] smp: Bringing up secondary CPUs ...
[    0.005228] CPU1: thread -1, cpu 1, socket 0, mpidr 80000001
[    0.005300] smp: Brought up 1 node, 2 CPUs
[    0.005312] SMP: Total of 2 processors activated (4.00 BogoMIPS).
[    0.005317] CPU: All CPU(s) started in SVC mode.
[    0.005968] devtmpfs: initialized
[    0.012448] Built 1 zonelists, mobility grouping on.  Total pages: 254960
[    0.012811] VFP support v0.3: implementor 41 architecture 3 part 30 variant 9 rev 1
[    0.013064] clocksource: jiffies: mask: 0xffffffff max_cycles: 0xffffffff, max_idle_ns: 19112604462750000 ns
[    0.013086] futex hash table entries: 512 (order: 3, 32768 bytes)
[    0.013260] pinctrl core: initialized pinctrl subsystem
[    0.014133] DMI not present or invalid.
[    0.014349] NET: Registered protocol family 16
[    0.016350] DMA: preallocated 256 KiB pool for atomic coherent allocations
[    0.017737] cpuidle: using governor menu
[    0.033282] No ATAGs?
[    0.033345] hw-breakpoint: found 5 (+1 reserved) breakpoint and 1 watchpoint registers.
[    0.033356] hw-breakpoint: maximum watchpoint size is 4 bytes.
[    0.038090] Serial: AMBA PL011 UART driver
[    0.048269] AT91: Could not find identification node
[    0.048767] usb1_vbus: Failed to request enable GPIO170: -517
[    0.048783] reg-fixed-voltage regulators:regulator@2: Failed to register regulator: -517
[    0.052228] vgaarb: loaded
[    0.052777] SCSI subsystem initialized
[    0.052906] libata version 3.00 loaded.
[    0.053078] usbcore: registered new interface driver usbfs
[    0.053115] usbcore: registered new interface driver hub
[    0.053155] usbcore: registered new device driver usb
[    0.055116] pps_core: LinuxPPS API ver. 1 registered
[    0.055124] pps_core: Software ver. 5.3.6 - Copyright 2005-2007 Rodolfo Giometti <giometti@linux.it>
[    0.055140] PTP clock support registered
[    0.055289] EDAC MC: Ver: 3.0.0
[    0.055532] dmi: Firmware registration failed.
[    0.056946] clocksource: Switched to clocksource timer_us
[    0.094780] NET: Registered protocol family 2
[    0.095215] TCP established hash table entries: 8192 (order: 3, 32768 bytes)
[    0.095290] TCP bind hash table entries: 8192 (order: 4, 65536 bytes)
[    0.095404] TCP: Hash tables configured (established 8192 bind 8192)
[    0.095529] UDP hash table entries: 512 (order: 2, 16384 bytes)
[    0.095583] UDP-Lite hash table entries: 512 (order: 2, 16384 bytes)
[    0.095742] NET: Registered protocol family 1
[    0.096048] RPC: Registered named UNIX socket transport module.
[    0.096056] RPC: Registered udp transport module.
[    0.096061] RPC: Registered tcp transport module.
[    0.096066] RPC: Registered tcp NFSv4.1 backchannel transport module.
[    0.096076] PCI: CLS 0 bytes, default 64
[    0.096874] hw perfevents: no interrupt-affinity property for /pmu, guessing.
[    0.097090] hw perfevents: enabled with armv7_cortex_a9 PMU driver, 7 counters available
[    0.098225] workingset: timestamp_bits=30 max_order=18 bucket_order=0
[    0.102447] squashfs: version 4.0 (2009/01/31) Phillip Lougher
[    0.102909] NFS: Registering the id_resolver key type
[    0.102934] Key type id_resolver registered
[    0.102940] Key type id_legacy registered
[    0.102971] ntfs: driver 2.1.32 [Flags: R/O].
[    0.104079] bounce: pool size: 64 pages
[    0.104126] Block layer SCSI generic (bsg) driver version 0.4 loaded (major 248)
[    0.104135] io scheduler noop registered
[    0.104140] io scheduler deadline registered
[    0.104315] io scheduler cfq registered (default)
[    0.104323] io scheduler mq-deadline registered
[    0.104329] io scheduler kyber registered
[    0.115868] tegra-pcie 80003000.pcie: dual-mode configuration
[    0.116579] tegra-pcie 80003000.pcie: probing port 0, using 2 lanes
[    0.199063] tegra-pcie 80003000.pcie: PCI host bridge to bus 0000:00
[    0.199075] pci_bus 0000:00: root bus resource [io  0x0000-0xffff]
[    0.199084] pci_bus 0000:00: root bus resource [mem 0xa0000000-0xa7ffffff]
[    0.199092] pci_bus 0000:00: root bus resource [mem 0xa8000000-0xbfffffff pref]
[    0.199101] pci_bus 0000:00: root bus resource [bus 00-ff]
[    0.199130] pci 0000:00:01.0: [10de:0bf0] type 01 class 0x060000
[    0.199149] pci_bus 0000:00: 2-byte config write to 0000:00:01.0 offset 0x4 may corrupt adjacent RW1C bits
[    0.199160] pci_bus 0000:00: 2-byte config write to 0000:00:01.0 offset 0x4 may corrupt adjacent RW1C bits
[    0.199178] pci 0000:00:01.0: enabling Extended Tags
[    0.199188] pci_bus 0000:00: 2-byte config write to 0000:00:01.0 offset 0x88 may corrupt adjacent RW1C bits
[    0.199213] pci_bus 0000:00: 2-byte config write to 0000:00:01.0 offset 0x52 may corrupt adjacent RW1C bits
[    0.199237] pci 0000:00:01.0: PME# supported from D0 D1 D2 D3hot D3cold
[    0.199248] pci_bus 0000:00: 2-byte config write to 0000:00:01.0 offset 0x4c may corrupt adjacent RW1C bits
[    0.199400] pci_bus 0000:00: 2-byte config write to 0000:00:01.0 offset 0x3e may corrupt adjacent RW1C bits
[    0.199412] pci_bus 0000:00: 2-byte config write to 0000:00:01.0 offset 0x4 may corrupt adjacent RW1C bits
[    0.199422] pci_bus 0000:00: 1-byte config write to 0000:00:01.0 offset 0xc may corrupt adjacent RW1C bits
[    0.199429] PCI: bus0: Fast back to back transfers disabled
[    0.199438] pci 0000:00:01.0: bridge configuration invalid ([bus 00-00]), reconfiguring
[    0.199448] pci_bus 0000:00: 2-byte config write to 0000:00:01.0 offset 0x3e may corrupt adjacent RW1C bits
[    0.199458] pci_bus 0000:00: 2-byte config write to 0000:00:01.0 offset 0x3e may corrupt adjacent RW1C bits
[    0.199568] pci 0000:01:00.0: [10ec:8168] type 00 class 0x020000
[    0.199602] pci 0000:01:00.0: reg 0x10: [io  0x0000-0x00ff]
[    0.199627] pci 0000:01:00.0: reg 0x18: [mem 0x00000000-0x00000fff 64bit pref]
[    0.199645] pci 0000:01:00.0: reg 0x20: [mem 0x00000000-0x00003fff 64bit pref]
[    0.199659] pci 0000:01:00.0: reg 0x30: [mem 0x00000000-0x0001ffff pref]
[    0.199734] pci 0000:01:00.0: supports D1 D2
[    0.199743] pci 0000:01:00.0: PME# supported from D0 D1 D2 D3hot D3cold
[    0.226998] PCI: bus1: Fast back to back transfers disabled
[    0.227011] pci_bus 0000:01: busn_res: [bus 01-ff] end is updated to 01
[    0.227038] pci 0000:00:01.0: BAR 8: assigned [mem 0xa0000000-0xa00fffff]
[    0.227050] pci 0000:00:01.0: BAR 9: assigned [mem 0xa8000000-0xa80fffff 64bit pref]
[    0.227060] pci 0000:00:01.0: BAR 7: assigned [io  0x1000-0x1fff]
[    0.227072] pci 0000:01:00.0: BAR 6: assigned [mem 0xa0000000-0xa001ffff pref]
[    0.227082] pci 0000:01:00.0: BAR 4: assigned [mem 0xa8000000-0xa8003fff 64bit pref]
[    0.227102] pci 0000:01:00.0: BAR 2: assigned [mem 0xa8004000-0xa8004fff 64bit pref]
[    0.227121] pci 0000:01:00.0: BAR 0: assigned [io  0x1000-0x10ff]
[    0.227132] pci 0000:00:01.0: PCI bridge to [bus 01]
[    0.227140] pci 0000:00:01.0:   bridge window [io  0x1000-0x1fff]
[    0.227150] pci 0000:00:01.0:   bridge window [mem 0xa0000000-0xa00fffff]
[    0.227159] pci 0000:00:01.0:   bridge window [mem 0xa8000000-0xa80fffff 64bit pref]
[    0.227182] pci 0000:00:01.0: nv_msi_ht_cap_quirk didn't locate host bridge
[    0.227233] Disabling cpuidle LP2 state, since PCIe IRQs are in use
[    0.227269] pcieport 0000:00:01.0: enabling device (0140 -> 0143)
[    0.227445] pcieport 0000:00:01.0: Signaling PME with IRQ 295
[    0.233373] tegra-apbdma 6000a000.dma: Tegra20 APB DMA driver register 16 channels
[    0.276975] Serial: 8250/16550 driver, 4 ports, IRQ sharing disabled
[    0.279157] console [ttyS0] disabled
[    0.279195] 70006000.serial: ttyS0 at MMIO 0x70006000 (irq = 279, base_baud = 13500000) is a Tegra
[    1.369854] console [ttyS0] enabled
[    1.373922] SuperH (H)SCI(F) driver initialized
[    1.379202] msm_serial: driver initialized
[    1.383423] STMicroelectronics ASC driver initialized
[    1.392844] tegra-hdmi 54280000.hdmi: 54280000.hdmi supply hdmi not found, using dummy regulator
[    1.403868] [drm] Supports vblank timestamp caching Rev 2 (21.10.2013).
[    1.410484] [drm] No driver support for vblank timestamp query.
[    1.416419] [drm] Cannot find any crtc or sizes
[    1.420973] [drm] Initialized tegra 0.0.0 20120330 for drm on minor 0
[    1.428944] [drm] Cannot find any crtc or sizes
[    1.439087] brd: module loaded
[    1.447159] loop: module loaded
[    1.456253] m25p80 spi0.0: found s25fl008k, expected w25q80bl
[    1.462077] m25p80 spi0.0: s25fl008k (1024 Kbytes)
[    1.468819] libphy: Fixed MDIO Bus: probed
[    1.473612] CAN device driver interface
[    1.478119] bgmac_bcma: Broadcom 47xx GBit MAC driver loaded
[    1.484687] e1000e: Intel(R) PRO/1000 Network Driver - 3.2.6-k
[    1.490553] e1000e: Copyright(c) 1999 - 2015 Intel Corporation.
[    1.496504] igb: Intel(R) Gigabit Ethernet Network Driver - version 5.4.0-k
[    1.503459] igb: Copyright (c) 2007-2014 Intel Corporation.
[    1.509594] r8169 Gigabit Ethernet driver 2.3LK-NAPI loaded
[    1.515176] r8169 0000:01:00.0: enabling device (0140 -> 0143)
[    1.521613] r8169 0000:01:00.0 eth0: RTL8168d/8111d at 0xf0a5c000, 00:01:c0:13:7d:63, XID 081000c0 IRQ 296
[    1.531270] r8169 0000:01:00.0 eth0: jumbo features [frames: 9200 bytes, tx checksumming: ko]
[    1.541976] pegasus: v0.9.3 (2013/04/25), Pegasus/Pegasus II USB Ethernet driver
[    1.549432] usbcore: registered new interface driver pegasus
[    1.555106] usbcore: registered new interface driver asix
[    1.560531] usbcore: registered new interface driver ax88179_178a
[    1.566630] usbcore: registered new interface driver cdc_ether
[    1.572503] usbcore: registered new interface driver smsc75xx
[    1.578282] usbcore: registered new interface driver smsc95xx
[    1.584036] usbcore: registered new interface driver net1080
[    1.589719] usbcore: registered new interface driver cdc_subset
[    1.595644] usbcore: registered new interface driver zaurus
[    1.601251] usbcore: registered new interface driver cdc_ncm
[    1.607190] tegra-phy c5004000.usb-phy: no vbus regulator
[    1.613682] tegra-phy c5008000.usb-phy: no vbus regulator
[    1.620390] ehci_hcd: USB 2.0 'Enhanced' Host Controller (EHCI) Driver
[    1.626901] ehci-pci: EHCI PCI platform driver
[    1.631381] ehci-platform: EHCI generic platform driver
[    1.636744] ehci-orion: EHCI orion driver
[    1.640872] SPEAr-ehci: EHCI SPEAr driver
[    1.644967] ehci-st: EHCI STMicroelectronics driver
[    1.649947] ehci-exynos: EHCI EXYNOS driver
[    1.654229] ehci-atmel: EHCI Atmel driver
[    1.658349] tegra-ehci: Tegra EHCI driver
[    1.718152] ulpi_phy_power_on: ulpi write failed
[    1.722760] tegra-ehci c5004000.usb: Failed to power on the phy
[    1.728696] tegra-ehci: probe of c5004000.usb failed with error -110
[    1.737672] tegra-ehci c5008000.usb: EHCI Host Controller
[    1.743074] tegra-ehci c5008000.usb: new USB bus registered, assigned bus number 1
[    1.750807] tegra-ehci c5008000.usb: irq 290, io mem 0xc5008000
[    1.776965] tegra-ehci c5008000.usb: USB 2.0 started, EHCI 1.00
[    1.783393] hub 1-0:1.0: USB hub found
[    1.787176] hub 1-0:1.0: 1 port detected
[    1.791399] ohci_hcd: USB 1.1 'Open' Host Controller (OHCI) Driver
[    1.797591] ohci-pci: OHCI PCI platform driver
[    1.802063] ohci-platform: OHCI generic platform driver
[    1.807449] SPEAr-ohci: OHCI SPEAr driver
[    1.811548] ohci-st: OHCI STMicroelectronics driver
[    1.816509] ohci-atmel: OHCI Atmel driver
[    1.821090] usbcore: registered new interface driver usb-storage
[    1.830121] rtc-em3027 2-0056: rtc core: registered rtc-em3027 as rtc0
[    1.837759] tegra_rtc 7000e000.rtc: rtc core: registered 7000e000.rtc as rtc1
[    1.844910] tegra_rtc 7000e000.rtc: Tegra internal Real Time Clock
[    1.851503] i2c /dev entries driver
[    1.857599] IR NEC protocol handler initialized
[    1.862117] IR RC5(x/sz) protocol handler initialized
[    1.867170] IR RC6 protocol handler initialized
[    1.871685] IR JVC protocol handler initialized
[    1.876200] IR Sony protocol handler initialized
[    1.880812] IR SANYO protocol handler initialized
[    1.885500] IR Sharp protocol handler initialized
[    1.890197] IR MCE Keyboard/mouse protocol handler initialized
[    1.896012] IR XMP protocol handler initialized
[    1.907465] sdhci: Secure Digital Host Controller Interface driver
[    1.913630] sdhci: Copyright(c) Pierre Ossman
[    1.919152] Synopsys Designware Multimedia Card Interface Driver
[    1.926077] sdhci-pltfm: SDHCI platform and OF driver helper
[    1.940513] mmc0: Invalid maximum block size, assuming 512 bytes
[    2.007127] mmc0: SDHCI controller on c8000000.sdhci [c8000000.sdhci] using ADMA
[    2.015008] sdhci-tegra c8000600.sdhci: Got CD GPIO
[    2.020087] sdhci-tegra c8000600.sdhci: Got WP GPIO
[    2.033801] mmc1: Invalid maximum block size, assuming 512 bytes
[    2.097552] mmc1: SDHCI controller on c8000600.sdhci [c8000600.sdhci] using ADMA
[    2.113607] ledtrig-cpu: registered to indicate activity on CPUs
[    2.119910] usbcore: registered new interface driver usbhid
[    2.125469] usbhid: USB HID core driver
[    2.132862] NET: Registered protocol family 10
[    2.140585] Segment Routing with IPv6
[    2.144284] sit: IPv6, IPv4 and MPLS over IPv4 tunneling driver
[    2.150632] NET: Registered protocol family 17
[    2.155070] can: controller area network core (rev 20170425 abi 9)
[    2.161307] NET: Registered protocol family 29
[    2.165739] can: raw protocol (rev 20170425)
[    2.170015] can: broadcast manager protocol (rev 20170425 t)
[    2.175663] can: netlink gateway (rev 20170425) max_hops=1
[    2.181423] Key type dns_resolver registered
[    2.186042] ThumbEE CPU extension supported.
[    2.190329] Registering SWP/SWPB emulation handler
[    2.203424] utmi_phy_clk_enable: timeout waiting for phy to stabilize
[    2.209907] tegra-ehci c5000000.usb: EHCI Host Controller
[    2.215310] tegra-ehci c5000000.usb: new USB bus registered, assigned bus number 2
[    2.216963] usb 1-1: new high-speed USB device number 2 using tegra-ehci
[    2.229756] tegra-ehci c5000000.usb: irq 288, io mem 0xc5000000
[    2.246819] mmc1: new high speed SD card at address b368
[    2.252895] mmcblk1: mmc1:b368 NCard 1.83 GiB (ro)
[    2.260903]  mmcblk1: p1 p2
[    2.387112] tegra-ehci c5000000.usb: USB 2.0 started, EHCI 1.00
[    2.395299] hub 2-0:1.0: USB hub found
[    2.399330] hub 2-0:1.0: 1 port detected
[    2.406531] input: gpio-keys as /devices/soc0/gpio-keys/input/input0
[    2.414802] rtc-em3027 2-0056: hctosys: unable to read the hardware clock
[   2.421916] hub 1-1:1.0: USB hub found
[    2.425692] hub 1-1:1.0: 4 ports detected
[    2.430763] Waiting for root device PARTUUID=11eb23c1-01...
[    2.747098] usb 1-1.2: new high-speed USB device number 3 using tegra-ehci
[    3.274883] mmc0: host does not support reading read-only switch, assuming write-enable
[    3.284824] mmc0: new high speed SDHC card at address b368
[    3.290654] mmcblk0: mmc0:b368 NCard 3.70 GiB 
[    3.297032]  mmcblk0: p1
[    3.370617] asix 1-1.2:1.0 eth1: register 'asix' at usb-c5008000.usb-1.2, ASIX AX88772 USB 2.0 Ethernet, 00:60:6e:60:6c:68
[    3.387701] EXT4-fs (mmcblk0p1): mounting ext3 file system using the ext4 subsystem
[    3.426802] EXT4-fs (mmcblk0p1): recovery complete
[    3.435771] EXT4-fs (mmcblk0p1): mounted filesystem with ordered data mode. Opts: (null)
[    3.443924] VFS: Mounted root (ext3 filesystem) on device 179:17.
[    3.453757] devtmpfs: mounted
[    3.459272] Freeing unused kernel memory: 2048K
bash: cannot set terminal process group (-1): Inappropriate ioctl for device
bash: no job control in this shell
root@(none):/#  
root@(none):/# mount -t sysfs none /sys
root@(none):/# 
root@(none):/# mount -t debugfs none /sys/kernel/de[   12.715153] random: crng init done
bug
root@(none):/# 
root@(none):/# rtcwake -d rtc1 -m m[   14.658550] irq 279: nobody cared (try booting with the "irqpoll" option)
[   14.665374] CPU: 0 PID: 1 Comm: bash Not tainted 4.13.0-next-20170913-199818-g6f20b7a #1
[   14.673471] Hardware name: NVIDIA Tegra SoC (Flattened Device Tree)
[   14.679811] [<c0311820>] (unwind_backtrace) from [<c030c944>] (show_stack+0x10/0x14)
[   14.687597] [<c030c944>] (show_stack) from [<c0ce0738>] (dump_stack+0x84/0xa4)
[   14.694862] [<c0ce0738>] (dump_stack) from [<c038f018>] (__report_bad_irq+0x24/0xc0)
[   14.702636] [<c038f018>] (__report_bad_irq) from [<c038f3fc>] (note_interrupt+0x260/0x2bc)
[   14.710930] [<c038f3fc>] (note_interrupt) from [<c038c980>] (handle_irq_event_percpu+0x48/0x58)
[   14.719652] [<c038c980>] (handle_irq_event_percpu) from [<c038c9d4>] (handle_irq_event+0x44/0x68)
[   14.728550] [<c038c9d4>] (handle_irq_event) from [<c039007c>] (handle_fasteoi_irq+0x90/0x130)
[   14.737099] [<c039007c>] (handle_fasteoi_irq) from [<c038bf64>] (generic_handle_irq+0x18/0x28)
[   14.745732] [<c038bf64>] (generic_handle_irq) from [<c038c060>] (__handle_domain_irq+0x54/0xb4)
[   14.754453] [<c038c060>] (__handle_domain_irq) from [<c0301754>] (gic_handle_irq+0x54/0xa0)
[   14.762824] [<c0301754>] (gic_handle_irq) from [<c030d4cc>] (__irq_svc+0x6c/0x90)
[   14.770311] Exception stack(0xee8a7d18 to 0xee8a7d60)
[   14.775375] 7d00:                                                       c15a3480 c15a3480
[   14.783574] 7d20: 00000000 00000000 00000010 c134eb94 00000082 c1593508 ee820000 fe441100
[   14.791770] 7d40: ee8a7de8 00000000 c0310948 ee8a7d68 c03485e8 c0301c14 60070113 ffffffff
[   14.799970] [<c030d4cc>] (__irq_svc) from [<c0301c14>] (__do_softirq+0x7c/0x348)
[   14.807398] [<c0301c14>] (__do_softirq) from [<c03485e8>] (irq_exit+0xd4/0x13c)
[   14.814736] [<c03485e8>] (irq_exit) from [<c038c064>] (__handle_domain_irq+0x58/0xb4)
[   14.822589] [<c038c064>] (__handle_domain_irq) from [<c0301754>] (gic_handle_irq+0x54/0xa0)
[   14.830959] [<c0301754>] (gic_handle_irq) from [<c030d4cc>] (__irq_svc+0x6c/0x90)
[   14.838446] Exception stack(0xee8a7de8 to 0xee8a7e30)
[   14.843518] 7de0:                   c15e1d00 a0070013 00000000 0000038d 00000000 eeac6800
[   14.851712] 7e00: 00000001 eef77800 c15e1d00 eefc7001 a0070013 00000000 00000000 ee8a7e38
[   14.859896] 7e20: c079e830 c0cf9bc0 20070013 ffffffff
[   14.864991] [<c030d4cc>] (__irq_svc) from [<c0cf9bc0>] (_raw_spin_unlock_irqrestore+0x1c/0x20)
[   14.873633] [<c0cf9bc0>] (_raw_spin_unlock_irqrestore) from [<c079e830>] (uart_write+0xf0/0x170)
[   14.882443] [<c079e830>] (uart_write) from [<c0785354>] (n_tty_write+0x194/0x468)
[   14.889968] [<c0785354>] (n_tty_write) from [<c078268c>] (tty_write+0x184/0x284)
[   14.897398] [<c078268c>] (tty_write) from [<c045aa68>] (__vfs_write+0x2c/0x124)
[   14.904732] [<c045aa68>] (__vfs_write) from [<c045ad04>] (vfs_write+0xa4/0x164)
[   14.912064] [<c045ad04>] (vfs_write) from [<c045af04>] (SyS_write+0x40/0x8c)
[   14.919149] [<c045af04>] (SyS_write) from [<c03081e0>] (ret_fast_syscall+0x0/0x44)
[   14.926719] handlers:
[   14.929013] [<c07a0ce4>] serial8250_interrupt
[   14.933387] Disabling IRQ #279
em -s 3
rtcwake: assuming RTC uses UTC ...
rtcwake: wak[   15.856534] PM: suspend entry (deep)
[   15.860218] PM: Syncing filesystems ... done.
[   15.866841] Freezing user space processes ... (elapsed 0.001 seconds) done.
[   15.875023] OOM killer disabled.
[   15.878263] Freezing remaining freezable tasks ... (elapsed 0.001 seconds) done.
[   15.886740] Suspending console(s) (use no_console_suspend to debug)
eup from "mem" using /dev/rtc1 at Thu Jan  1 00:00:34 1970
[   15.923188] pci_generic_config_write32: 43 callbacks suppressed
[   15.923233] pci_bus 0000:00: 2-byte config write to 0000:00:01.0 offset 0x9c may corrupt adjacent RW1C bits
[   15.966246] pci_bus 0000:01: 2-byte config write to 0000:01:00.0 offset 0x44 may corrupt adjacent RW1C bits
[   15.966305] pci_bus 0000:01: 2-byte config write to 0000:01:00.0 offset 0x44 may corrupt adjacent RW1C bits
[   15.987600] Disabling non-boot CPUs ...
[   16.040760] Entering suspend state LP1
[   16.040810] Enabling non-boot CPUs ...
[   16.042474] CPU1 is up
[   16.043327] pci_bus 0000:00: 2-byte config write to 0000:00:01.0 offset 0x4c may corrupt adjacent RW1C bits
[   16.043374] pci_bus 0000:00: 2-byte config write to 0000:00:01.0 offset 0x88 may corrupt adjacent RW1C bits
[   16.043405] pci_bus 0000:00: 2-byte config write to 0000:00:01.0 offset 0x90 may corrupt adjacent RW1C bits
[   16.043434] pci_bus 0000:00: 2-byte config write to 0000:00:01.0 offset 0x98 may corrupt adjacent RW1C bits
[   16.043463] pci_bus 0000:00: 2-byte config write to 0000:00:01.0 offset 0x9c may corrupt adjacent RW1C bits
[   16.043544] pci_bus 0000:00: 2-byte config write to 0000:00:01.0 offset 0x52 may corrupt adjacent RW1C bits
[   16.043576] pci_bus 0000:00: 2-byte config write to 0000:00:01.0 offset 0x52 may corrupt adjacent RW1C bits
[   16.043654] pcieport 0000:00:01.0: nv_msi_ht_cap_quirk didn't locate host bridge
[   16.754164] OOM killer enabled.
[   16.757303] Restarting tasks ... done.
[   16.761768] PM: suspend exit
root@(none):/# 
root@(none):/# rtcwake -d rtc1 -m mem -s 3
rtcwake: assuming RTC uses UTC ...
rtcwake: wakeup from "mem" using /dev/rtc1 at Thu Jan  1 00:00:39 1970
[   17.548224] PM: suspend entry (deep)
[   17.551825] PM: Syncing filesystems ... done.
[   17.557801] Freezing user space processes ... (elapsed 0.001 seconds) done.
[   17.565948] OOM killer disabled.
[   17.569189] Freezing remaining freezable tasks ... (elapsed 0.001 seconds) done.
[   17.577748] Suspending console(s) (use no_console_suspend to debug)
[   17.657565] Disabling non-boot CPUs ...
[   17.699607] Entering suspend state LP1
[   17.699656] Enabling non-boot CPUs ...
[   17.701413] CPU1 is up
[   17.703910] pcieport 0000:00:01.0: nv_msi_ht_cap_quirk didn't locate host bridge
[   18.300572] OOM killer enabled.
[   18.303705] Restarting tasks ... done.
[   18.307964] PM: suspend exit
root@(none):/# 
root@(none):/# rtcwake -d rtc1 -m mem -s 3
rtcwake: assuming RTC uses UTC ...
rtcwake: wakeup from "mem" using /dev/rtc1 at Thu Jan  1 00:00:44 1970
[   19.208082] PM: suspend entry (deep)
[   19.211681] PM: Syncing filesystems ... done.
[   19.217655] Freezing user space processes ... (elapsed 0.001 seconds) done.
[   19.225815] OOM killer disabled.
[   19.229096] Freezing remaining freezable tasks ... (elapsed 0.001 seconds) done.
[   19.237607] Suspending console(s) (use no_console_suspend to debug)
[   19.317491] Disabling non-boot CPUs ...
[   19.359539] Entering suspend state LP1
[   19.359588] Enabling non-boot CPUs ...
[   19.361287] CPU1 is up
[   19.362160] pcieport 0000:00:01.0: nv_msi_ht_cap_quirk didn't locate host bridge
[   19.970713] OOM killer enabled.
[   19.973847] Restarting tasks ... done.
[   19.978353] PM: suspend exit
root@(none):/# 
root@(none):/# rtcwake -d rtc1 -m mem -s 3
rtcwake: assuming RTC uses UTC ...
rtcwake: wakeup from "mem" using /dev/rtc1 at Thu Jan  1 00:00:49 1970
[   20.868138] PM: suspend entry (deep)
[   20.871739] PM: Syncing filesystems ... done.
[   20.877862] Freezing user space processes ... (elapsed 0.001 seconds) done.
[   20.886013] OOM killer disabled.
[   20.889255] Freezing remaining freezable tasks ... (elapsed 0.001 seconds) done.
[   20.897770] Suspending console(s) (use no_console_suspend to debug)
[   20.933268] pci_generic_config_write32: 71 callbacks suppressed
[   20.933313] pci_bus 0000:00: 2-byte config write to 0000:00:01.0 offset 0x9c may corrupt adjacent RW1C bits
[   20.954685] pci_bus 0000:01: 2-byte config write to 0000:01:00.0 offset 0x44 may corrupt adjacent RW1C bits
[   20.954742] pci_bus 0000:01: 2-byte config write to 0000:01:00.0 offset 0x44 may corrupt adjacent RW1C bits
[   20.977439] Disabling non-boot CPUs ...
[   21.029468] Entering suspend state LP1
[   21.029515] Enabling non-boot CPUs ...
[   21.031232] CPU1 is up
[   21.032413] pci_bus 0000:00: 2-byte config write to 0000:00:01.0 offset 0x4c may corrupt adjacent RW1C bits
[   21.032460] pci_bus 0000:00: 2-byte config write to 0000:00:01.0 offset 0x88 may corrupt adjacent RW1C bits
[   21.032494] pci_bus 0000:00: 2-byte config write to 0000:00:01.0 offset 0x90 may corrupt adjacent RW1C bits
[   21.032523] pci_bus 0000:00: 2-byte config write to 0000:00:01.0 offset 0x98 may corrupt adjacent RW1C bits
[   21.032551] pci_bus 0000:00: 2-byte config write to 0000:00:01.0 offset 0x9c may corrupt adjacent RW1C bits
[   21.032631] pci_bus 0000:00: 2-byte config write to 0000:00:01.0 offset 0x52 may corrupt adjacent RW1C bits
[   21.032662] pci_bus 0000:00: 2-byte config write to 0000:00:01.0 offset 0x52 may corrupt adjacent RW1C bits
[   21.032741] pcieport 0000:00:01.0: nv_msi_ht_cap_quirk didn't locate host bridge
[   21.743809] OOM killer enabled.
[   21.746948] Restarting tasks ... done.
[   21.751614] PM: suspend exit
root@(none):/# 
root@(none):/# rtcwake -d rtc1 -m mem -s 3
rtcwake: assuming RTC uses UTC ...
rtcwake: wakeup from "mem" using /dev/rtc1 at Thu Jan  1 00:00:54 1970
[   22.539778] PM: suspend entry (deep)
[   22.543366] PM: Syncing filesystems ... done.
[   22.548872] Freezing user space processes ... (elapsed 0.001 seconds) done.
[   22.557011] OOM killer disabled.
[   22.560227] Freezing remaining freezable tasks ... (elapsed 0.001 seconds) done.
[   22.568737] Suspending console(s) (use no_console_suspend to debug)
[   22.657403] Disabling non-boot CPUs ...
[   22.709446] Entering suspend state LP1
[   22.709495] Enabling non-boot CPUs ...
[   22.711212] CPU1 is up
[   22.712472] pcieport 0000:00:01.0: nv_msi_ht_cap_quirk didn't locate host bridge
[   23.310614] OOM killer enabled.
[   23.313748] Restarting tasks ... done.
[   23.318035] PM: suspend exit
root@(none):/# 
root@(none):/# rtcwake -d rtc1 -m mem -s 3
rtcwake: assuming RTC uses UTC ...
rtcwake: wakeup from "mem" using /dev/rtc1 at Thu Jan  1 00:00:59 1970
[   24.218471] PM: suspend entry (deep)
[   24.222059] PM: Syncing filesystems ... done.
[   24.227569] Freezing user space processes ... (elapsed 0.001 seconds) done.
[   24.235711] OOM killer disabled.
[   24.238961] Freezing remaining freezable tasks ... (elapsed 0.001 seconds) done.
[   24.247473] Suspending console(s) (use no_console_suspend to debug)
[   24.327328] Disabling non-boot CPUs ...
[   24.399380] Entering suspend state LP1
[   24.399428] Enabling non-boot CPUs ...
[   24.401156] CPU1 is up
[   24.402489] pcieport 0000:00:01.0: nv_msi_ht_cap_quirk didn't locate host bridge
[   25.010255] OOM killer enabled.
[   25.013389] Restarting tasks ... done.
[   25.017400] PM: suspend exit
root@(none):/# 
root@(none):/# rtcwake -d rtc1 -m mem -s 3
rtcwake: assuming RTC uses UTC ...
rtcwake: wakeup from "mem" using /dev/rtc1 at Thu Jan  1 00:01:04 1970
[   25.907283] PM: suspend entry (deep)
[   25.910884] PM: Syncing filesystems ... done.
[   25.916860] Freezing user space processes ... (elapsed 0.001 seconds) done.
[   25.925544] OOM killer disabled.
[   25.928797] Freezing remaining freezable tasks ... (elapsed 0.001 seconds) done.
[   25.937350] Suspending console(s) (use no_console_suspend to debug)
[   25.972898] pci_generic_config_write32: 71 callbacks suppressed
[   25.972943] pci_bus 0000:00: 2-byte config write to 0000:00:01.0 offset 0x9c may corrupt adjacent RW1C bits
[   25.994283] pci_bus 0000:01: 2-byte config write to 0000:01:00.0 offset 0x44 may corrupt adjacent RW1C bits
[   25.994342] pci_bus 0000:01: 2-byte config write to 0000:01:00.0 offset 0x44 may corrupt adjacent RW1C bits
[   26.017210] Disabling non-boot CPUs ...
[   26.069206] Entering suspend state LP1
[   26.069254] Enabling non-boot CPUs ...
[   26.070970] CPU1 is up
[   26.072237] pci_bus 0000:00: 2-byte config write to 0000:00:01.0 offset 0x4c may corrupt adjacent RW1C bits
[   26.072286] pci_bus 0000:00: 2-byte config write to 0000:00:01.0 offset 0x88 may corrupt adjacent RW1C bits
[   26.072318] pci_bus 0000:00: 2-byte config write to 0000:00:01.0 offset 0x90 may corrupt adjacent RW1C bits
[   26.072347] pci_bus 0000:00: 2-byte config write to 0000:00:01.0 offset 0x98 may corrupt adjacent RW1C bits
[   26.072375] pci_bus 0000:00: 2-byte config write to 0000:00:01.0 offset 0x9c may corrupt adjacent RW1C bits
[   26.072456] pci_bus 0000:00: 2-byte config write to 0000:00:01.0 offset 0x52 may corrupt adjacent RW1C bits
[   26.072489] pci_bus 0000:00: 2-byte config write to 0000:00:01.0 offset 0x52 may corrupt adjacent RW1C bits
[   26.072566] pcieport 0000:00:01.0: nv_msi_ht_cap_quirk didn't locate host bridge
[   26.783834] OOM killer enabled.
[   26.786974] Restarting tasks ... done.
[   26.791518] PM: suspend exit
root@(none):/# 
root@(none):/# rtcwake -d rtc1 -m mem -s 3
rtcwake: assuming RTC uses UTC ...
rtcwake: wakeup from "mem" using /dev/rtc1 at Thu Jan  1 00:01:09 1970
[   27.579404] PM: suspend entry (deep)
[   27.582992] PM: Syncing filesystems ... done.
[   27.588608] Freezing user space processes ... (elapsed 0.001 seconds) done.
[   27.596746] OOM killer disabled.
[   27.599962] Freezing remaining freezable tasks ... (elapsed 0.001 seconds) done.
[   27.608471] Suspending console(s) (use no_console_suspend to debug)
[   27.667136] Disabling non-boot CPUs ...
[   27.709288] Entering suspend state LP1
[   27.709336] Enabling non-boot CPUs ...
[   27.711048] CPU1 is up
[   27.713543] pcieport 0000:00:01.0: nv_msi_ht_cap_quirk didn't locate host bridge
[   28.320046] OOM killer enabled.
[   28.323182] Restarting tasks ... done.
[   28.327962] PM: suspend exit
root@(none):/# 
root@(none):/# rtcwake -d rtc1 -m mem -s 3
rtcwake: assuming RTC uses UTC ...
rtcwake: wakeup from "mem" using /dev/rtc1 at Thu Jan  1 00:01:14 1970
[   29.218283] PM: suspend entry (deep)
[   29.221872] PM: Syncing filesystems ... done.
[   29.227380] Freezing user space processes ... (elapsed 0.001 seconds) done.
[   29.235510] OOM killer disabled.
[   29.238801] Freezing remaining freezable tasks ... (elapsed 0.001 seconds) done.
[   29.247317] Suspending console(s) (use no_console_suspend to debug)
[   29.327129] Disabling non-boot CPUs ...
[   29.379140] Entering suspend state LP1
[   29.379189] Enabling non-boot CPUs ...
[   29.380904] CPU1 is up
[   29.381961] pcieport 0000:00:01.0: nv_msi_ht_cap_quirk didn't locate host bridge
[   29.980217] OOM killer enabled.
[   29.983351] Restarting tasks ... done.
[   29.988221] PM: suspend exit
root@(none):/# 
root@(none):/# rtcwake -d rtc1 -m mem -s 3
rtcwake: assuming RTC uses UTC ...
rtcwake: wakeup from "mem" using /dev/rtc1 at Thu Jan  1 00:01:19 1970
[   30.891697] PM: suspend entry (deep)
[   30.895296] PM: Syncing filesystems ... done.
[   30.901285] Freezing user space processes ... (elapsed 0.000 seconds) done.
[   30.909215] OOM killer disabled.
[   30.912431] Freezing remaining freezable tasks ... (elapsed 0.001 seconds) done.
[   30.920933] Suspending console(s) (use no_console_suspend to debug)
[   30.982812] pci_generic_config_write32: 72 callbacks suppressed
[   30.982857] pci_bus 0000:01: 2-byte config write to 0000:01:00.0 offset 0x44 may corrupt adjacent RW1C bits
[   30.982912] pci_bus 0000:01: 2-byte config write to 0000:01:00.0 offset 0x44 may corrupt adjacent RW1C bits
[   31.007050] Disabling non-boot CPUs ...
[   31.059140] Entering suspend state LP1
[   31.059188] Enabling non-boot CPUs ...
[   31.060928] CPU1 is up
[   31.061837] pci_bus 0000:00: 2-byte config write to 0000:00:01.0 offset 0x4c may corrupt adjacent RW1C bits
[   31.061884] pci_bus 0000:00: 2-byte config write to 0000:00:01.0 offset 0x88 may corrupt adjacent RW1C bits
[   31.061915] pci_bus 0000:00: 2-byte config write to 0000:00:01.0 offset 0x90 may corrupt adjacent RW1C bits
[   31.061944] pci_bus 0000:00: 2-byte config write to 0000:00:01.0 offset 0x98 may corrupt adjacent RW1C bits
[   31.061971] pci_bus 0000:00: 2-byte config write to 0000:00:01.0 offset 0x9c may corrupt adjacent RW1C bits
[   31.062050] pci_bus 0000:00: 2-byte config write to 0000:00:01.0 offset 0x52 may corrupt adjacent RW1C bits
[   31.062082] pci_bus 0000:00: 2-byte config write to 0000:00:01.0 offset 0x52 may corrupt adjacent RW1C bits
[   31.062114] pci_bus 0000:00: 2-byte config write to 0000:00:01.0 offset 0x5c may corrupt adjacent RW1C bits
[   31.062185] pcieport 0000:00:01.0: nv_msi_ht_cap_quirk didn't locate host bridge
[   31.773906] OOM killer enabled.
[   31.777051] Restarting tasks ... done.
[   31.781598] PM: suspend exit
root@(none):/# 
root@(none):/# NVTB SYSTEM SUSPEND TEST COMPLETE
