
U-Boot SPL 2014.01-00219-gc4d376f (Feb 18 2014 - 19:57:18)


U-Boot 2014.01-00219-gc4d376f (Feb 18 2014 - 19:57:18)

TEGRA30
Board: NVIDIA Beaver
I2C:   ready
DRAM:  2 GiB
MMC:   Tegra SD/MMC: 0, Tegra SD/MMC: 1
In:    serial
Out:   serial
Err:   serial
Net:   Net Initialization Skipped
No ethernet found.
Hit any key to stop autoboot:  2  0 
Tegra30 (Beaver) # 
Tegra30 (Beaver) # usb reset
(Re)start USB...
USB0:   USB EHCI 1.00
scanning bus 0 for devices... 2 USB Device(s) found
       scanning usb for storage devices... 0 Storage Device(s) found
       scanning usb for ethernet devices... 
Warning: asx0 using MAC address from net device
1 Ethernet Device(s) found
Tegra30 (Beaver) # setenv bootargs 'ignore_loglevel console=ttyS0,115200n8 rw root=PARTUUID=edbe1840-3633-c751-7993-b0ac834f81e0 rootwait gpt debug noinitrd earlyprintk init=/bin/bash'
Tegra30 (Beaver) # setenv ipaddr 192.168.100.101; setenv serverip 192.168.100.1; setenv tftpserverip 192.168.100.1
Tegra30 (Beaver) # tftpboot 0x81000000 zImage.multi_v7_defconfig
Using asx0 device
TFTP from server 192.168.100.1; our IP address is 192.168.100.101
Filename 'zImage.multi_v7_defconfig'.
Load address: 0x81000000
Loading: *#################################################################
	 #################################################################
	 #################################################################
	 #################################################################
	 #################################################################
	 #################################################################
	 #################################################################
	 #################################################################
	 ################
	 3.2 MiB/s
done
Bytes transferred = 7861072 (77f350 hex)
Tegra30 (Beaver) # tftpboot 0x82000000 tegra30-beaver.dtb
Using asx0 device
TFTP from server 192.168.100.1; our IP address is 192.168.100.101
Filename 'tegra30-beaver.dtb'.
Load address: 0x82000000
Loading: *####
	 3.1 MiB/s
done
Bytes transferred = 51804 (ca5c hex)
Tegra30 (Beaver) # bootz 0x81000000 - 0x82000000
Kernel image @ 0x81000000 [ 0x000000 - 0x77f350 ]
## Flattened Device Tree blob at 82000000
   Booting using the fdt blob at 0x82000000
   Loading Device Tree to 8fff0000, end 8ffffa5b ... OK

Starting kernel ...

[    0.000000] Booting Linux on physical CPU 0x0
[    0.000000] Linux version 4.11.0-rc4-next-20170328-161800-g576190b (jonathanh@sellafield) (gcc version 4.7.3 20130328 (prerelease) (crosstool-NG linaro-1.13.1-4.7-2013.04-20130415 - Linaro GCC 2013.04) ) #1 SMP Mon Mar 27 22:51:36 PDT 2017
[    0.000000] CPU: ARMv7 Processor [412fc099] revision 9 (ARMv7), cr=10c5387d
[    0.000000] CPU: PIPT / VIPT nonaliasing data cache, VIPT aliasing instruction cache
[    0.000000] OF: fdt: Machine model: NVIDIA Tegra30 Beaver evaluation board
[    0.000000] debug: ignoring loglevel setting.
[    0.000000] efi: Getting EFI parameters from FDT:
[    0.000000] efi: UEFI not found.
[    0.000000] cma: Reserved 64 MiB at 0xfb800000
[    0.000000] Memory policy: Data cache writealloc
[    0.000000] On node 0 totalpages: 524032
[    0.000000] free_area_init_node: node 0, pgdat c157cc00, node_mem_map eeff8000
[    0.000000]   DMA zone: 1536 pages used for memmap
[    0.000000]   DMA zone: 0 pages reserved
[    0.000000]   DMA zone: 196608 pages, LIFO batch:31
[    0.000000]   HighMem zone: 327424 pages, LIFO batch:31
[    0.000000] percpu: Embedded 17 pages/cpu @eef88000 s38528 r8192 d22912 u69632
[    0.000000] pcpu-alloc: s38528 r8192 d22912 u69632 alloc=17*4096
[    0.000000] pcpu-alloc: [0] 0 [0] 1 [0] 2 [0] 3 
[    0.000000] Built 1 zonelists in Zone order, mobility grouping on.  Total pages: 522496
[    0.000000] Kernel command line: ignore_loglevel console=ttyS0,115200n8 rw root=PARTUUID=edbe1840-3633-c751-7993-b0ac834f81e0 rootwait gpt debug noinitrd earlyprintk init=/bin/bash
[    0.000000] PID hash table entries: 4096 (order: 2, 16384 bytes)
[    0.000000] Dentry cache hash table entries: 131072 (order: 7, 524288 bytes)
[    0.000000] Inode-cache hash table entries: 65536 (order: 6, 262144 bytes)
[    0.000000] Memory: 1993496K/2096128K available (10240K kernel code, 1553K rwdata, 4388K rodata, 2048K init, 417K bss, 37096K reserved, 65536K cma-reserved, 1244160K highmem)
[    0.000000] Virtual kernel memory layout:
[    0.000000]     vector  : 0xffff0000 - 0xffff1000   (   4 kB)
[    0.000000]     fixmap  : 0xffc00000 - 0xfff00000   (3072 kB)
[    0.000000]     vmalloc : 0xf0800000 - 0xff800000   ( 240 MB)
[    0.000000]     lowmem  : 0xc0000000 - 0xf0000000   ( 768 MB)
[    0.000000]     pkmap   : 0xbfe00000 - 0xc0000000   (   2 MB)
[    0.000000]     modules : 0xbf000000 - 0xbfe00000   (  14 MB)
[    0.000000]       .text : 0xc0208000 - 0xc0d00000   (11232 kB)
[    0.000000]       .init : 0xc1200000 - 0xc1400000   (2048 kB)
[    0.000000]       .data : 0xc1400000 - 0xc1584650   (1554 kB)
[    0.000000]        .bss : 0xc1586000 - 0xc15ee5c8   ( 418 kB)
[    0.000000] SLUB: HWalign=64, Order=0-3, MinObjects=0, CPUs=4, Nodes=1
[    0.000000] Hierarchical RCU implementation.
[    0.000000] 	RCU debugfs-based tracing is enabled.
[    0.000000] 	RCU restricting CPUs from NR_CPUS=16 to nr_cpu_ids=4.
[    0.000000] RCU: Adjusting geometry for rcu_fanout_leaf=16, nr_cpu_ids=4
[    0.000000] NR_IRQS:16 nr_irqs:16 16
[    0.000000] /interrupt-controller@60004000: 160 interrupts forwarded to /interrupt-controller@50041000
[    0.000000] L2C: platform modifies aux control register: 0x02080000 -> 0x3e480001
[    0.000000] L2C: DT/platform modifies aux control register: 0x02080000 -> 0x3e480001
[    0.000000] L2C-310 erratum 769419 enabled
[    0.000000] L2C-310 enabling early BRESP for Cortex-A9
[    0.000000] L2C-310: enabling full line of zeros but not enabled in Cortex-A9
[    0.000000] L2C-310 dynamic clock gating enabled, standby mode enabled
[    0.000000] L2C-310 cache controller enabled, 8 ways, 1024 kB
[    0.000000] L2C-310: CACHE_ID 0x410000c7, AUX_CTRL 0x4e480001
[    0.000012] sched_clock: 32 bits at 1000kHz, resolution 1000ns, wraps every 2147483647500ns
[    0.000031] clocksource: timer_us: mask: 0xffffffff max_cycles: 0xffffffff, max_idle_ns: 1911260446275 ns
[    0.000040] Switching to timer-based delay loop, resolution 1000ns
[    0.002719] Console: colour dummy device 80x30
[    0.002746] Calibrating delay loop (skipped), value calculated using timer frequency.. 2.00 BogoMIPS (lpj=10000)
[    0.002756] pid_max: default: 32768 minimum: 301
[    0.002830] Mount-cache hash table entries: 2048 (order: 1, 8192 bytes)
[    0.002838] Mountpoint-cache hash table entries: 2048 (order: 1, 8192 bytes)
[    0.003220] CPU: Testing write buffer coherency: ok
[    0.003539] CPU0: thread -1, cpu 0, socket 0, mpidr 80000000
[    0.003752] Setting up static identity map for 0x80300000 - 0x80300098
[    0.006292] Tegra Revision: A03 SKU: 128 CPU Process: 4 SoC Process: 0
[    0.006779] EFI services will not be available.
[    0.006935] smp: Bringing up secondary CPUs ...
[    0.010383] CPU1: thread -1, cpu 1, socket 0, mpidr 80000001
[    0.020340] CPU2: thread -1, cpu 2, socket 0, mpidr 80000002
[    0.030339] CPU3: thread -1, cpu 3, socket 0, mpidr 80000003
[    0.030384] smp: Brought up 1 node, 4 CPUs
[    0.030397] SMP: Total of 4 processors activated (8.00 BogoMIPS).
[    0.030401] CPU: All CPU(s) started in SVC mode.
[    0.031087] devtmpfs: initialized
[    0.039357] VFP support v0.3: implementor 41 architecture 3 part 30 variant 9 rev 4
[    0.039784] clocksource: jiffies: mask: 0xffffffff max_cycles: 0xffffffff, max_idle_ns: 19112604462750000 ns
[    0.039804] futex hash table entries: 1024 (order: 4, 65536 bytes)
[    0.043186] pinctrl core: initialized pinctrl subsystem
[    0.044939] NET: Registered protocol family 16
[    0.047798] DMA: preallocated 256 KiB pool for atomic coherent allocations
[    0.049499] cpuidle: using governor menu
[    0.063907] No ATAGs?
[    0.064009] hw-breakpoint: found 5 (+1 reserved) breakpoint and 1 watchpoint registers.
[    0.064019] hw-breakpoint: maximum watchpoint size is 4 bytes.
[    0.067845] Serial: AMBA PL011 UART driver
[    0.068296] tegra-mc 7000f000.memory-controller: no memory timings for RAM code 3 registered
[    0.077354] AT91: Could not find identification node
[    0.077807] vdd_5v_sata: Failed to request enable GPIO30: -517
[    0.077820] reg-fixed-voltage regulators:regulator@3: Failed to register regulator: -517
[    0.077864] usb1_vbus: Failed to request enable GPIO238: -517
[    0.077871] reg-fixed-voltage regulators:regulator@4: Failed to register regulator: -517
[    0.077913] usb3_vbus: Failed to request enable GPIO236: -517
[    0.077920] reg-fixed-voltage regulators:regulator@5: Failed to register regulator: -517
[    0.078006] sys_3v3_pexs: Failed to request enable GPIO95: -517
[    0.078013] reg-fixed-voltage regulators:regulator@7: Failed to register regulator: -517
[    0.079887] vgaarb: loaded
[    0.080394] SCSI subsystem initialized
[    0.080508] libata version 3.00 loaded.
[    0.080659] usbcore: registered new interface driver usbfs
[    0.080693] usbcore: registered new interface driver hub
[    0.080725] usbcore: registered new device driver usb
[    0.087759] vrtc: supplied by vdd_5v_in
[    0.091074] vio: supplied by vdd_5v_in
[    0.101834] vdd1: supplied by vdd_5v_in
[    0.103192] vddio_ddr_1v2: Bringing 600000uV into 1200000-1200000uV
[    0.111836] vdd2: supplied by vdd_5v_in
[    0.131823] ldo1: supplied by vdd_1v5_gen
[    0.134220] ldo2: supplied by vdd_1v5_gen
[    0.134692] vdd_sata,avdd_plle: Bringing 1200000uV into 1050000-1050000uV
[    0.136927] ldo3: supplied by vdd_5v_in
[    0.139294] ldo4: supplied by vdd_5v_in
[    0.141829] ldo5: supplied by vdd_5v_in
[    0.151827] ldo6: supplied by vdd_1v8_gen
[    0.152298] avdd_dsi_csi,pwrdet_mipi: Bringing 1000000uV into 1200000-1200000uV
[    0.154556] ldo7: supplied by vdd_1v8_gen
[    0.161824] ldo8: supplied by vdd_1v8_gen
[    0.171927] pps_core: LinuxPPS API ver. 1 registered
[    0.171933] pps_core: Software ver. 5.3.6 - Copyright 2005-2007 Rodolfo Giometti <giometti@linux.it>
[    0.171947] PTP clock support registered
[    0.172080] EDAC MC: Ver: 3.0.0
[    0.173668] clocksource: Switched to clocksource timer_us
[    0.206920] NET: Registered protocol family 2
[    0.207350] TCP established hash table entries: 8192 (order: 3, 32768 bytes)
[    0.207406] TCP bind hash table entries: 8192 (order: 4, 65536 bytes)
[    0.207490] TCP: Hash tables configured (established 8192 bind 8192)
[    0.207639] UDP hash table entries: 512 (order: 2, 16384 bytes)
[    0.207707] UDP-Lite hash table entries: 512 (order: 2, 16384 bytes)
[    0.207871] NET: Registered protocol family 1
[    0.208197] RPC: Registered named UNIX socket transport module.
[    0.208206] RPC: Registered udp transport module.
[    0.208210] RPC: Registered tcp transport module.
[    0.208214] RPC: Registered tcp NFSv4.1 backchannel transport module.
[    0.208226] PCI: CLS 0 bytes, default 64
[    0.209066] hw perfevents: enabled with armv7_cortex_a9 PMU driver, 7 counters available
[    0.210334] workingset: timestamp_bits=30 max_order=19 bucket_order=0
[    0.215333] squashfs: version 4.0 (2009/01/31) Phillip Lougher
[    0.215766] NFS: Registering the id_resolver key type
[    0.215792] Key type id_resolver registered
[    0.215797] Key type id_legacy registered
[    0.215826] ntfs: driver 2.1.32 [Flags: R/O].
[    0.216877] bounce: pool size: 64 pages
[    0.216912] Block layer SCSI generic (bsg) driver version 0.4 loaded (major 248)
[    0.216919] io scheduler noop registered
[    0.216924] io scheduler deadline registered
[    0.217028] io scheduler cfq registered (default)
[    0.217033] io scheduler mq-deadline registered
[    0.222975] tegra30-pinctrl 70000868.pinmux: invalid group "sdmmc3_dat6_pd3" for function "rsvd1"
[    0.222990] tegra30-pinctrl 70000868.pinmux: invalid group "sdmmc3_dat7_pd4" for function "rsvd1"
[    0.223004] tegra30-pinctrl 70000868.pinmux: invalid group "vi_vsync_pd6" for function "rsvd1"
[    0.223013] tegra30-pinctrl 70000868.pinmux: invalid group "vi_hsync_pd7" for function "rsvd1"
[    0.223436] tegra30-pinctrl 70000868.pinmux: invalid group "hdmi_int_pn7" for function "rsvd1"
[    0.223478] tegra30-pinctrl 70000868.pinmux: invalid group "ulpi_data3_po4" for function "rsvd1"
[    0.223839] tegra30-pinctrl 70000868.pinmux: invalid group "vi_d10_pt2" for function "rsvd1"
[    0.223854] tegra30-pinctrl 70000868.pinmux: invalid group "vi_d11_pt3" for function "rsvd1"
[    0.223881] tegra30-pinctrl 70000868.pinmux: invalid group "vi_d0_pt4" for function "rsvd1"
[    0.223922] tegra30-pinctrl 70000868.pinmux: invalid group "pu0" for function "rsvd1"
[    0.223951] tegra30-pinctrl 70000868.pinmux: invalid group "pu3" for function "rsvd1"
[    0.223978] tegra30-pinctrl 70000868.pinmux: invalid group "pu6" for function "rsvd1"
[    0.224016] tegra30-pinctrl 70000868.pinmux: invalid group "pv3" for function "rsvd1"
[    0.224477] tegra30-pinctrl 70000868.pinmux: invalid group "pbb0" for function "rsvd1"
[    0.224585] tegra30-pinctrl 70000868.pinmux: invalid group "pcc1" for function "rsvd1"
[    0.229641] tegra-pcie 3000.pcie-controller: 2x3 configuration
[    0.229788] tegra-pcie 3000.pcie-controller: Failed to get supply 'hvdd-pex': -517
[    0.235257] tegra-apbdma 6000a000.dma: Tegra20 APB DMA driver register 32 channels
[    0.236522] tegra-pmc 7000e400.pmc: i2c-thermtrip node not found, emergency thermal reset disabled.
[    0.268941] Serial: 8250/16550 driver, 4 ports, IRQ sharing disabled
[    0.270977] console [ttyS0] disabled
[    0.271014] 70006000.serial: ttyS0 at MMIO 0x70006000 (irq = 331, base_baud = 25500000) is a Tegra
[    1.281437] console [ttyS0] enabled
[    1.285464] SuperH (H)SCI(F) driver initialized
[    1.290547] msm_serial: driver initialized
[    1.294755] STMicroelectronics ASC driver initialized
[    1.303385] tegra-hdmi 54280000.hdmi: failed to get HDMI regulator
[    1.317811] brd: module loaded
[    1.326634] loop: module loaded
[    1.335027] m25p80 spi32766.1: w25q32 (4096 Kbytes)
[    1.341764] libphy: Fixed MDIO Bus: probed
[    1.346574] CAN device driver interface
[    1.350936] bgmac_bcma: Broadcom 47xx GBit MAC driver loaded
[    1.357332] e1000e: Intel(R) PRO/1000 Network Driver - 3.2.6-k
[    1.363148] e1000e: Copyright(c) 1999 - 2015 Intel Corporation.
[    1.369096] igb: Intel(R) Gigabit Ethernet Network Driver - version 5.4.0-k
[    1.376046] igb: Copyright (c) 2007-2014 Intel Corporation.
[    1.383505] pegasus: v0.9.3 (2013/04/25), Pegasus/Pegasus II USB Ethernet driver
[    1.390948] usbcore: registered new interface driver pegasus
[    1.396630] usbcore: registered new interface driver asix
[    1.402034] usbcore: registered new interface driver ax88179_178a
[    1.408142] usbcore: registered new interface driver cdc_ether
[    1.413993] usbcore: registered new interface driver smsc75xx
[    1.419755] usbcore: registered new interface driver smsc95xx
[    1.425516] usbcore: registered new interface driver net1080
[    1.431179] usbcore: registered new interface driver cdc_subset
[    1.437107] usbcore: registered new interface driver zaurus
[    1.442698] usbcore: registered new interface driver cdc_ncm
[    1.449696] ehci_hcd: USB 2.0 'Enhanced' Host Controller (EHCI) Driver
[    1.456221] ehci-pci: EHCI PCI platform driver
[    1.460677] ehci-platform: EHCI generic platform driver
[    1.466016] ehci-orion: EHCI orion driver
[    1.470100] SPEAr-ehci: EHCI SPEAr driver
[    1.474181] ehci-st: EHCI STMicroelectronics driver
[    1.479123] ehci-exynos: EHCI EXYNOS driver
[    1.483380] ehci-atmel: EHCI Atmel driver
[    1.487463] tegra-ehci: Tegra EHCI driver
[    1.491750] ohci_hcd: USB 1.1 'Open' Host Controller (OHCI) Driver
[    1.497933] ohci-pci: OHCI PCI platform driver
[    1.502393] ohci-platform: OHCI generic platform driver
[    1.507720] ohci-omap3: OHCI OMAP3 driver
[    1.511791] SPEAr-ohci: OHCI SPEAr driver
[    1.515873] ohci-st: OHCI STMicroelectronics driver
[    1.520809] ohci-atmel: OHCI Atmel driver
[    1.525250] usbcore: registered new interface driver usb-storage
[    1.533735] tegra_rtc 7000e000.rtc: rtc core: registered 7000e000.rtc as rtc1
[    1.540885] tegra_rtc 7000e000.rtc: Tegra internal Real Time Clock
[    1.549813] random: fast init done
[    1.563121] tps65910-rtc tps65910-rtc: rtc core: registered tps65910-rtc as rtc0
[    1.570708] i2c /dev entries driver
[    1.582158] sdhci: Secure Digital Host Controller Interface driver
[    1.588352] sdhci: Copyright(c) Pierre Ossman
[    1.593591] Synopsys Designware Multimedia Card Interface Driver
[    1.600318] sdhci-pltfm: SDHCI platform and OF driver helper
[    1.606494] sdhci-tegra 78000000.sdhci: Got CD GPIO
[    1.611368] sdhci-tegra 78000000.sdhci: Got WP GPIO
[    1.624551] mmc0: Invalid maximum block size, assuming 512 bytes
[    1.693766] mmc0: SDHCI controller on 78000000.sdhci [78000000.sdhci] using ADMA
[    1.710134] mmc1: Invalid maximum block size, assuming 512 bytes
[    1.773689] mmc1: SDHCI controller on 78000600.sdhci [78000600.sdhci] using ADMA
[    1.782349] ledtrig-cpu: registered to indicate activity on CPUs
[    1.788698] usbcore: registered new interface driver usbhid
[    1.794278] usbhid: USB HID core driver
[    1.800985] NET: Registered protocol family 10
[    1.806123] Segment Routing with IPv6
[    1.809844] sit: IPv6, IPv4 and MPLS over IPv4 tunneling driver
[    1.816193] NET: Registered protocol family 17
[    1.820630] can: controller area network core (rev 20120528 abi 9)
[    1.826847] NET: Registered protocol family 29
[    1.831278] can: raw protocol (rev 20120528)
[    1.835553] can: broadcast manager protocol (rev 20161123 t)
[    1.841200] can: netlink gateway (rev 20130117) max_hops=1
[    1.846945] Key type dns_resolver registered
[    1.851611] ThumbEE CPU extension supported.
[    1.855892] Registering SWP/SWPB emulation handler
[    1.870103] vdd_ddr: supplied by vdd_5v_in
[    1.875076] vdd_5v_sata: supplied by vdd_5v_in
[    1.879855] usb1_vbus: supplied by vdd_5v_in
[    1.884470] usb3_vbus: supplied by vdd_5v_in
[    1.889962] sys_3v3,vdd_3v3_alw: supplied by vdd_5v_in
[    1.895921] sys_3v3_pexs: supplied by sys_3v3,vdd_3v3_alw
[    1.895987] mmc1: new high speed MMC card at address 0001
[    1.897960] mmcblk1: mmc1:0001 SEM16G 14.8 GiB 
[    1.898860] mmcblk1boot0: mmc1:0001 SEM16G partition 1 1.00 MiB
[    1.899366] mmcblk1boot1: mmc1:0001 SEM16G partition 2 1.00 MiB
[    1.900244] mmcblk1rpmb: mmc1:0001 SEM16G partition 3 128 KiB
[    1.929016] +VDD_5V_HDMI: supplied by sys_3v3,vdd_3v3_alw
[    1.935105] tegra-pcie 3000.pcie-controller: 2x3 configuration
[    1.943404] tegra-pcie 3000.pcie-controller: probing port 0, using 2 lanes
[    1.952810] Primary GPT is invalid, using alternate GPT.
[    1.958134]  mmcblk1: p1 p2 p3 p4 p5
[    1.974351] mmc0: new ultra high speed DDR50 SDHC card at address aaaa
[    1.981528] mmcblk0: mmc0:aaaa SS04G 3.69 GiB 
[    2.008613] tegra-pcie 3000.pcie-controller: probing port 2, using 2 lanes
[    2.018299]  mmcblk0: p1 p2 p3
[    2.419287] tegra-pcie 3000.pcie-controller: link 2 down, retrying
[    2.829230] tegra-pcie 3000.pcie-controller: link 2 down, retrying
[    3.239156] tegra-pcie 3000.pcie-controller: link 2 down, retrying
[    3.247343] tegra-pcie 3000.pcie-controller: link 2 down, ignoring
[    3.253625] tegra-pcie 3000.pcie-controller: PCI host bridge to bus 0000:00
[    3.260588] pci_bus 0000:00: root bus resource [io  0x0000-0xffff]
[    3.266762] pci_bus 0000:00: root bus resource [mem 0x20000000-0x27ffffff]
[    3.273619] pci_bus 0000:00: root bus resource [mem 0x28000000-0x3fffffff pref]
[    3.280920] pci_bus 0000:00: root bus resource [bus 00-ff]
[    3.286423] pci 0000:00:01.0: [10de:0e1c] type 01 class 0x060400
[    3.292439] pci_bus 0000:00: 2-byte config write to 0000:00:01.0 offset 0x88 may corrupt adjacent RW1C bits
[    3.302199] pci_bus 0000:00: 2-byte config write to 0000:00:01.0 offset 0x52 may corrupt adjacent RW1C bits
[    3.311944] pci 0000:00:01.0: PME# supported from D0 D1 D2 D3hot D3cold
[    3.318553] pci_bus 0000:00: 2-byte config write to 0000:00:01.0 offset 0x4c may corrupt adjacent RW1C bits
[    3.328431] pci_bus 0000:00: 2-byte config write to 0000:00:01.0 offset 0x3e may corrupt adjacent RW1C bits
[    3.338165] pci_bus 0000:00: 2-byte config write to 0000:00:01.0 offset 0x4 may corrupt adjacent RW1C bits
[    3.347806] pci_bus 0000:00: 1-byte config write to 0000:00:01.0 offset 0xc may corrupt adjacent RW1C bits
[    3.357443] PCI: bus0: Fast back to back transfers disabled
[    3.363003] pci 0000:00:01.0: bridge configuration invalid ([bus 00-00]), reconfiguring
[    3.370996] pci_bus 0000:00: 2-byte config write to 0000:00:01.0 offset 0x3e may corrupt adjacent RW1C bits
[    3.380724] pci_bus 0000:00: 2-byte config write to 0000:00:01.0 offset 0x3e may corrupt adjacent RW1C bits
[    3.390455] pci_bus 0000:00: 2-byte config write to 0000:00:01.0 offset 0x3e may corrupt adjacent RW1C bits
[    3.400182] pci_bus 0000:00: 2-byte config write to 0000:00:01.0 offset 0x6 may corrupt adjacent RW1C bits
[    3.409917] pci 0000:01:00.0: [10ec:8168] type 00 class 0x020000
[    3.415933] pci 0000:01:00.0: reg 0x10: [io  0x0000-0x00ff]
[    3.421506] pci 0000:01:00.0: reg 0x18: [mem 0x00000000-0x00000fff 64bit pref]
[    3.428730] pci 0000:01:00.0: reg 0x20: [mem 0x00000000-0x00003fff 64bit pref]
[    3.436016] pci 0000:01:00.0: supports D1 D2
[    3.440274] pci 0000:01:00.0: PME# supported from D0 D1 D2 D3hot D3cold
[    3.473699] PCI: bus1: Fast back to back transfers disabled
[    3.479261] pci_bus 0000:01: busn_res: [bus 01-ff] end is updated to 01
[    3.485937] pci 0000:00:01.0: BAR 9: assigned [mem 0x28000000-0x280fffff 64bit pref]
[    3.493674] pci 0000:00:01.0: BAR 7: assigned [io  0x1000-0x1fff]
[    3.499756] pci 0000:01:00.0: BAR 4: assigned [mem 0x28000000-0x28003fff 64bit pref]
[    3.507500] pci 0000:01:00.0: BAR 2: assigned [mem 0x28004000-0x28004fff 64bit pref]
[    3.515243] pci 0000:01:00.0: BAR 0: assigned [io  0x1000-0x10ff]
[    3.521324] pci 0000:00:01.0: PCI bridge to [bus 01]
[    3.526283] pci 0000:00:01.0:   bridge window [io  0x1000-0x1fff]
[    3.532363] pci 0000:00:01.0:   bridge window [mem 0x28000000-0x280fffff 64bit pref]
[    3.540113] pci 0000:00:01.0: nv_msi_ht_cap_quirk didn't locate host bridge
[    3.547125] pcieport 0000:00:01.0: enabling device (0140 -> 0143)
[    3.553409] pcieport 0000:00:01.0: Signaling PME with IRQ 374
[    3.559364] r8169 Gigabit Ethernet driver 2.3LK-NAPI loaded
[    3.564953] r8169 0000:01:00.0: enabling device (0140 -> 0143)
[    3.571719] r8169 0000:01:00.0 eth0: RTL8168evl/8111evl at 0xf0afe000, 02:04:4b:01:60:a6, XID 0c900800 IRQ 375
[    3.581721] r8169 0000:01:00.0 eth0: jumbo features [frames: 9200 bytes, tx checksumming: ko]
[    3.592955] [drm] Supports vblank timestamp caching Rev 2 (21.10.2013).
[    3.599575] [drm] No driver support for vblank timestamp query.
[    3.605525] [drm] Cannot find any crtc or sizes - going 1024x768
[    3.630381] Console: switching to colour frame buffer device 128x48
[    3.642899] drm drm: fb0:  frame buffer device
[    3.647400] [drm] Initialized tegra 0.0.0 20120330 for drm on minor 0
[    3.659213] utmi_phy_clk_enable: timeout waiting for phy to stabilize
[    3.665706] tegra-ehci 7d004000.usb: EHCI Host Controller
[    3.671110] tegra-ehci 7d004000.usb: new USB bus registered, assigned bus number 1
[    3.678922] tegra-ehci 7d004000.usb: irq 343, io mem 0x7d004000
[    3.713689] tegra-ehci 7d004000.usb: USB 2.0 started, EHCI 1.00
[    3.720623] hub 1-0:1.0: USB hub found
[    3.724398] hub 1-0:1.0: 1 port detected
[    3.729485] tegra-ehci 7d008000.usb: EHCI Host Controller
[    3.734902] tegra-ehci 7d008000.usb: new USB bus registered, assigned bus number 2
[    3.742642] tegra-ehci 7d008000.usb: irq 344, io mem 0x7d008000
[    3.773680] tegra-ehci 7d008000.usb: USB 2.0 started, EHCI 1.00
[    3.780475] hub 2-0:1.0: USB hub found
[    3.784252] hub 2-0:1.0: 1 port detected
[    3.792733] tps65910-rtc tps65910-rtc: setting system clock to 2000-01-01 00:00:02 UTC (946684802)
[    3.802238] vdd_sata,avdd_plle: disabling
[    3.806611] usb1_vbus: disabling
[    3.811705] EXT4-fs (mmcblk1p1): mounting ext3 file system using the ext4 subsystem
[    3.826663] EXT4-fs (mmcblk1p1): warning: mounting fs with errors, running e2fsck is recommended
[    3.836898] EXT4-fs (mmcblk1p1): recovery complete
[    3.841685] EXT4-fs (mmcblk1p1): mounted filesystem with ordered data mode. Opts: (null)
[    3.849803] VFS: Mounted root (ext3 filesystem) on device 179:1.
[    3.866231] devtmpfs: mounted
[    3.871666] Freeing unused kernel memory: 2048K
bash: cannot set terminal process group (-1): Inappropriate ioctl for device
bash: no job control in this shell
root@(none):/# [    4.143695] usb 2-1: new high-speed USB device number 2 using tegra-ehci
[    4.803374] asix 2-1:1.0 eth1: register 'asix' at usb-7d008000.usb-1, ASIX AX88772 USB 2.0 Ethernet, 00:50:b6:0f:67:60
mount -t sysfs none /sys
root@(none):/# 
root@(none):/# mount -t debugfs none /sys/kernel/debug
root@(none):/# 
root@(none):/# rtcwake -d rtc1 -m mem -s 3
rtcwake: wakeup from "mem" using /dev/rtc1 at Thu Jan  1 00:00:22 1970
[    7.538204] PM: Syncing filesystems ... done.
[    7.550005] Freezing user space processes ... (elapsed 0.001 seconds) done.
[    7.558113] Freezing remaining freezable tasks ... (elapsed 0.001 seconds) done.
[    7.566739] Suspending console(s) (use no_console_suspend to debug)
[    7.645882] PM: suspend of devices complete after 72.044 msecs
[    7.647277] PM: late suspend of devices complete after 1.386 msecs
[    7.674394] PM: noirq suspend of devices complete after 27.109 msecs
[    7.674398] Disabling non-boot CPUs ...
[    7.674764] IRQ17 no longer affine to CPU1
[    7.855456] Entering suspend state LP1
[    7.855456] Suspended for 3.045 seconds
[    7.855470] Enabling non-boot CPUs ...
[    7.885656] CPU1 is up
[    7.925807] CPU2 is up
[    7.966056] CPU3 is up
[    7.966801] pcieport 0000:00:01.0: nv_msi_ht_cap_quirk didn't locate host bridge
[    7.993740] PM: noirq resume of devices complete after 27.675 msecs
[    7.995714] PM: early resume of devices complete after 1.529 msecs
[    8.551271] PM: resume of devices complete after 555.545 msecs
[    8.622501] Restarting tasks ... done.
root@(none):/# 
root@(none):/# rtcwake -d rtc1 -m mem -s 3
rtcwake: wakeup from "mem" using /dev/rtc1 at Thu Jan  1 00:00:27 1970
[    9.616520] PM: Syncing filesystems ... done.
[    9.629200] Freezing user space processes ... (elapsed 0.001 seconds) done.
[    9.637308] Freezing remaining freezable tasks ... (elapsed 0.001 seconds) done.
[    9.645917] Suspending console(s) (use no_console_suspend to debug)
[    9.684955] pci_generic_config_write32: 63 callbacks suppressed
[    9.684968] pci_bus 0000:00: 2-byte config write to 0000:00:01.0 offset 0x9c may corrupt adjacent RW1C bits
[    9.727001] PM: suspend of devices complete after 74.042 msecs
[    9.728760] PM: late suspend of devices complete after 1.751 msecs
[    9.729178] pci_bus 0000:01: 2-byte config write to 0000:01:00.0 offset 0x44 may corrupt adjacent RW1C bits
[    9.729193] pci_bus 0000:01: 2-byte config write to 0000:01:00.0 offset 0x44 may corrupt adjacent RW1C bits
[    9.754372] PM: noirq suspend of devices complete after 25.605 msecs
[    9.754376] Disabling non-boot CPUs ...
[    9.754710] IRQ17 no longer affine to CPU1
[    9.935307] Entering suspend state LP1
[    9.935307] Suspended for 2.920 seconds
[    9.935327] Enabling non-boot CPUs ...
[    9.965996] CPU1 is up
[   10.006200] CPU2 is up
[   10.046481] CPU3 is up
[   10.047366] pci_bus 0000:00: 2-byte config write to 0000:00:01.0 offset 0x4c may corrupt adjacent RW1C bits
[   10.047384] pci_bus 0000:00: 2-byte config write to 0000:00:01.0 offset 0x88 may corrupt adjacent RW1C bits
[   10.047390] pci_bus 0000:00: 2-byte config write to 0000:00:01.0 offset 0x90 may corrupt adjacent RW1C bits
[   10.047396] pci_bus 0000:00: 2-byte config write to 0000:00:01.0 offset 0x98 may corrupt adjacent RW1C bits
[   10.047401] pci_bus 0000:00: 2-byte config write to 0000:00:01.0 offset 0x9c may corrupt adjacent RW1C bits
[   10.047423] pci_bus 0000:00: 2-byte config write to 0000:00:01.0 offset 0x52 may corrupt adjacent RW1C bits
[   10.047430] pci_bus 0000:00: 2-byte config write to 0000:00:01.0 offset 0x52 may corrupt adjacent RW1C bits
[   10.047457] pcieport 0000:00:01.0: nv_msi_ht_cap_quirk didn't locate host bridge
[   10.073718] PM: noirq resume of devices complete after 27.225 msecs
[   10.075745] PM: early resume of devices complete after 1.507 msecs
[   10.636570] PM: resume of devices complete after 560.811 msecs
[   10.811208] Restarting tasks ... done.
root@(none):/# 
root@(none):/# rtcwake -d rtc1 -m mem -s 3
rtcwake: wakeup from "mem" using /dev/rtc1 at Thu Jan  1 00:00:32 1970
[   11.640633] PM: Syncing filesystems ... done.
[   11.654741] Freezing user space processes ... (elapsed 0.001 seconds) done.
[   11.662879] Freezing remaining freezable tasks ... (elapsed 0.001 seconds) done.
[   11.671538] Suspending console(s) (use no_console_suspend to debug)
[   11.756668] PM: suspend of devices complete after 77.847 msecs
[   11.758884] PM: late suspend of devices complete after 2.204 msecs
[   11.784458] PM: noirq suspend of devices complete after 25.564 msecs
[   11.784462] Disabling non-boot CPUs ...
[   11.784909] IRQ17 no longer affine to CPU1
[   11.965578] Entering suspend state LP1
[   11.965578] Suspended for 2.969 seconds
[   11.965599] Enabling non-boot CPUs ...
[   11.996002] CPU1 is up
[   12.036184] CPU2 is up
[   12.076424] CPU3 is up
[   12.077334] pcieport 0000:00:01.0: nv_msi_ht_cap_quirk didn't locate host bridge
[   12.113783] PM: noirq resume of devices complete after 37.346 msecs
[   12.116339] PM: early resume of devices complete after 2.029 msecs
[   12.675065] PM: resume of devices complete after 558.712 msecs
[   12.746570] Restarting tasks ... done.
root@(none):/# 
root@(none):/# rtcwake -d rtc1 -m mem -s 3
rtcwake: wakeup from "mem" using /dev/rtc1 at Thu Jan  1 00:00:37 1970
[   13.670534] PM: Syncing filesystems ... done.
[   13.684662] Freezing user space processes ... (elapsed 0.001 seconds) done.
[   13.692795] Freezing remaining freezable tasks ... (elapsed 0.001 seconds) done.
[   13.701458] Suspending console(s) (use no_console_suspend to debug)
[   13.786141] PM: suspend of devices complete after 77.393 msecs
[   13.787387] PM: late suspend of devices complete after 1.234 msecs
[   13.814451] PM: noirq suspend of devices complete after 27.054 msecs
[   13.814456] Disabling non-boot CPUs ...
[   13.814904] IRQ17 no longer affine to CPU1
[   13.995538] Entering suspend state LP1
[   13.995538] Suspended for 2.970 seconds
[   13.995556] Enabling non-boot CPUs ...
[   14.026026] CPU1 is up
[   14.066153] CPU2 is up
[   14.106385] CPU3 is up
[   14.107337] pcieport 0000:00:01.0: nv_msi_ht_cap_quirk didn't locate host bridge
[   14.133656] PM: noirq resume of devices complete after 27.259 msecs
[   14.135548] PM: early resume of devices complete after 1.380 msecs
[   14.696095] PM: resume of devices complete after 560.531 msecs
[   14.767655] Restarting tasks ... done.
root@(none):/# 
root@(none):/# rtcwake -d rtc1 -m mem -s 3
rtcwake: wakeup from "mem" using /dev/rtc1 at Thu Jan  1 00:00:42 1970
[   15.713729] PM: Syncing filesystems ... done.
[   15.727820] Freezing user space processes ... (elapsed 0.001 seconds) done.
[   15.735971] Freezing remaining freezable tasks ... (elapsed 0.001 seconds) done.
[   15.744639] Suspending console(s) (use no_console_suspend to debug)
[   15.784761] pci_generic_config_write32: 65 callbacks suppressed
[   15.784779] pci_bus 0000:00: 2-byte config write to 0000:00:01.0 offset 0x9c may corrupt adjacent RW1C bits
[   15.826596] PM: suspend of devices complete after 74.708 msecs
[   15.828305] PM: late suspend of devices complete after 1.697 msecs
[   15.829086] pci_bus 0000:01: 2-byte config write to 0000:01:00.0 offset 0x44 may corrupt adjacent RW1C bits
[   15.829106] pci_bus 0000:01: 2-byte config write to 0000:01:00.0 offset 0x44 may corrupt adjacent RW1C bits
[   15.854417] PM: noirq suspend of devices complete after 26.106 msecs
[   15.854423] Disabling non-boot CPUs ...
[   15.854857] IRQ17 no longer affine to CPU1
[   16.015596] Entering suspend state LP1
[   16.015596] Suspended for 2.979 seconds
[   16.015612] Enabling non-boot CPUs ...
[   16.045930] CPU1 is up
[   16.086128] CPU2 is up
[   16.126360] CPU3 is up
[   16.127229] pci_bus 0000:00: 2-byte config write to 0000:00:01.0 offset 0x4c may corrupt adjacent RW1C bits
[   16.127251] pci_bus 0000:00: 2-byte config write to 0000:00:01.0 offset 0x88 may corrupt adjacent RW1C bits
[   16.127256] pci_bus 0000:00: 2-byte config write to 0000:00:01.0 offset 0x90 may corrupt adjacent RW1C bits
[   16.127261] pci_bus 0000:00: 2-byte config write to 0000:00:01.0 offset 0x98 may corrupt adjacent RW1C bits
[   16.127266] pci_bus 0000:00: 2-byte config write to 0000:00:01.0 offset 0x9c may corrupt adjacent RW1C bits
[   16.127286] pci_bus 0000:00: 2-byte config write to 0000:00:01.0 offset 0x52 may corrupt adjacent RW1C bits
[   16.127295] pci_bus 0000:00: 2-byte config write to 0000:00:01.0 offset 0x52 may corrupt adjacent RW1C bits
[   16.127324] pcieport 0000:00:01.0: nv_msi_ht_cap_quirk didn't locate host bridge
[   16.153619] PM: noirq resume of devices complete after 27.247 msecs
[   16.155975] PM: early resume of devices complete after 1.853 msecs
[   16.715351] PM: resume of devices complete after 559.362 msecs
[   16.890022] Restarting tasks ... done.
root@(none):/# 
root@(none):/# rtcwake -d rtc1 -m mem -s 3
rtcwake: wakeup from "mem" using /dev/rtc1 at Thu Jan  1 00:00:47 1970
[   17.720522] PM: Syncing filesystems ... done.
[   17.734888] Freezing user space processes ... (elapsed 0.001 seconds) done.
[   17.743029] Freezing remaining freezable tasks ... (elapsed 0.001 seconds) done.
[   17.751692] Suspending console(s) (use no_console_suspend to debug)
[   17.836063] PM: suspend of devices complete after 77.094 msecs
[   17.837335] PM: late suspend of devices complete after 1.262 msecs
[   17.864392] PM: noirq suspend of devices complete after 27.049 msecs
[   17.864396] Disabling non-boot CPUs ...
[   17.864842] IRQ17 no longer affine to CPU1
[   18.045455] Entering suspend state LP1
[   18.045455] Suspended for 2.970 seconds
[   18.045475] Enabling non-boot CPUs ...
[   18.075915] CPU1 is up
[   18.116114] CPU2 is up
[   18.156371] CPU3 is up
[   18.157251] pcieport 0000:00:01.0: nv_msi_ht_cap_quirk didn't locate host bridge
[   18.183593] PM: noirq resume of devices complete after 27.210 msecs
[   18.184958] PM: early resume of devices complete after 0.846 msecs
[   18.745128] PM: resume of devices complete after 560.156 msecs
[   18.816682] Restarting tasks ... done.
root@(none):/# 
root@(none):/# rtcwake -d rtc1 -m mem -s 3
rtcwake: wakeup from "mem" using /dev/rtc1 at Thu Jan  1 00:00:52 1970
[   19.750536] PM: Syncing filesystems ... done.
[   19.764669] Freezing user space processes ... (elapsed 0.001 seconds) done.
[   19.772807] Freezing remaining freezable tasks ... (elapsed 0.001 seconds) done.
[   19.781459] Suspending console(s) (use no_console_suspend to debug)
[   19.865540] PM: suspend of devices complete after 76.812 msecs
[   19.866767] PM: late suspend of devices complete after 1.217 msecs
[   19.894353] PM: noirq suspend of devices complete after 27.577 msecs
[   19.894358] Disabling non-boot CPUs ...
[   19.894822] IRQ17 no longer affine to CPU1
[   20.075487] Entering suspend state LP1
[   20.075487] Suspended for 2.969 seconds
[   20.075505] Enabling non-boot CPUs ...
[   20.105907] CPU1 is up
[   20.146022] CPU2 is up
[   20.186307] CPU3 is up
[   20.187210] pcieport 0000:00:01.0: nv_msi_ht_cap_quirk didn't locate host bridge
[   20.213566] PM: noirq resume of devices complete after 27.244 msecs
[   20.214913] PM: early resume of devices complete after 0.834 msecs
[   20.776528] PM: resume of devices complete after 561.597 msecs
[   20.848047] Restarting tasks ... done.
root@(none):/# 
root@(none):/# rtcwake -d rtc1 -m mem -s 3
rtcwake: wakeup from "mem" using /dev/rtc1 at Thu Jan  1 00:00:57 1970
[   21.780451] PM: Syncing filesystems ... done.
[   21.794581] Freezing user space processes ... (elapsed 0.001 seconds) done.
[   21.802717] Freezing remaining freezable tasks ... (elapsed 0.001 seconds) done.
[   21.811377] Suspending console(s) (use no_console_suspend to debug)
[   21.854661] pci_generic_config_write32: 65 callbacks suppressed
[   21.854676] pci_bus 0000:00: 2-byte config write to 0000:00:01.0 offset 0x9c may corrupt adjacent RW1C bits
[   21.895455] PM: suspend of devices complete after 76.802 msecs
[   21.897093] PM: late suspend of devices complete after 1.625 msecs
[   21.897838] pci_bus 0000:01: 2-byte config write to 0000:01:00.0 offset 0x44 may corrupt adjacent RW1C bits
[   21.897855] pci_bus 0000:01: 2-byte config write to 0000:01:00.0 offset 0x44 may corrupt adjacent RW1C bits
[   21.924324] PM: noirq suspend of devices complete after 27.223 msecs
[   21.924328] Disabling non-boot CPUs ...
[   21.924776] IRQ17 no longer affine to CPU1
[   22.085464] Entering suspend state LP1
[   22.085464] Suspended for 2.989 seconds
[   22.085481] Enabling non-boot CPUs ...
[   22.115840] CPU1 is up
[   22.155988] CPU2 is up
[   22.196245] CPU3 is up
[   22.197103] pci_bus 0000:00: 2-byte config write to 0000:00:01.0 offset 0x4c may corrupt adjacent RW1C bits
[   22.197120] pci_bus 0000:00: 2-byte config write to 0000:00:01.0 offset 0x88 may corrupt adjacent RW1C bits
[   22.197126] pci_bus 0000:00: 2-byte config write to 0000:00:01.0 offset 0x90 may corrupt adjacent RW1C bits
[   22.197130] pci_bus 0000:00: 2-byte config write to 0000:00:01.0 offset 0x98 may corrupt adjacent RW1C bits
[   22.197137] pci_bus 0000:00: 2-byte config write to 0000:00:01.0 offset 0x9c may corrupt adjacent RW1C bits
[   22.197162] pci_bus 0000:00: 2-byte config write to 0000:00:01.0 offset 0x52 may corrupt adjacent RW1C bits
[   22.197170] pci_bus 0000:00: 2-byte config write to 0000:00:01.0 offset 0x52 may corrupt adjacent RW1C bits
[   22.197200] pcieport 0000:00:01.0: nv_msi_ht_cap_quirk didn't locate host bridge
[   22.223521] PM: noirq resume of devices complete after 27.265 msecs
[   22.225502] PM: early resume of devices complete after 1.470 msecs
[   22.785820] PM: resume of devices complete after 560.303 msecs
[   22.960481] Restarting tasks ... done.
root@(none):/# 
root@(none):/# rtcwake -d rtc1 -m mem -s 3
rtcwake: wakeup from "mem" using /dev/rtc1 at Thu Jan  1 00:01:02 1970
[   23.790359] PM: Syncing filesystems ... done.
[   23.804462] Freezing user space processes ... (elapsed 0.001 seconds) done.
[   23.812604] Freezing remaining freezable tasks ... (elapsed 0.001 seconds) done.
[   23.821259] Suspending console(s) (use no_console_suspend to debug)
[   23.906468] PM: suspend of devices complete after 77.939 msecs
[   23.908690] PM: late suspend of devices complete after 2.211 msecs
[   23.934299] PM: noirq suspend of devices complete after 25.600 msecs
[   23.934302] Disabling non-boot CPUs ...
[   23.934751] IRQ17 no longer affine to CPU1
[   24.095378] Entering suspend state LP1
[   24.095378] Suspended for 2.990 seconds
[   24.095398] Enabling non-boot CPUs ...
[   24.125850] CPU1 is up
[   24.165986] CPU2 is up
[   24.206263] CPU3 is up
[   24.207160] pcieport 0000:00:01.0: nv_msi_ht_cap_quirk didn't locate host bridge
[   24.233493] PM: noirq resume of devices complete after 27.218 msecs
[   24.236395] PM: early resume of devices complete after 2.390 msecs
[   24.790029] PM: resume of devices complete after 553.619 msecs
[   24.861544] Restarting tasks ... done.
root@(none):/# 
root@(none):/# rtcwake -d rtc1 -m mem -s 3
rtcwake: wakeup from "mem" using /dev/rtc1 at Thu Jan  1 00:01:07 1970
[   25.800877] PM: Syncing filesystems ... done.
[   25.815515] Freezing user space processes ... (elapsed 0.001 seconds) done.
[   25.823671] Freezing remaining freezable tasks ... (elapsed 0.001 seconds) done.
[   25.832325] Suspending console(s) (use no_console_suspend to debug)
[   25.917442] PM: suspend of devices complete after 77.841 msecs
[   25.920659] PM: late suspend of devices complete after 3.205 msecs
[   25.944253] PM: noirq suspend of devices complete after 23.584 msecs
[   25.944259] Disabling non-boot CPUs ...
[   26.017766] IRQ17 no longer affine to CPU2
[   26.125345] Entering suspend state LP1
[   26.125345] Suspended for 2.970 seconds
[   26.125363] Enabling non-boot CPUs ...
[   26.155818] CPU1 is up
[   26.195905] CPU2 is up
[   26.236194] CPU3 is up
[   26.237121] pcieport 0000:00:01.0: nv_msi_ht_cap_quirk didn't locate host bridge
[   26.263468] PM: noirq resume of devices complete after 27.262 msecs
[   26.265396] PM: early resume of devices complete after 1.387 msecs
[   26.818944] PM: resume of devices complete after 553.532 msecs
[   26.890491] Restarting tasks ... done.
root@(none):/# 
root@(none):/# NVTB SYSTEM SUSPEND TEST COMPLETE
