Diff for ./tegra114-dalmore-a04/tegra114-dalmore/multi_v7_defconfig_log.txt
--- /tmp/fooa	2015-05-11 00:56:59.769979523 -0700
+++ /tmp/foob	2015-05-11 00:56:59.773979519 -0700
@@ -37,10 +37,10 @@
 	 #################################################################
 	 #################################################################
 	 #################################################################
-	 ######################################
+	 #######################################
 	 3.2 MiB/s
 done
-Bytes transferred = 6270960 (5faff0 hex)
+Bytes transferred = 6291304 (5fff68 hex)
 Tegra114 (Dalmore) # tftpboot 0x82000000 tegra114-dalmore.dtb
 Using asx0 device
 TFTP from server 192.168.100.1; our IP address is 192.168.100.100
@@ -51,7 +51,7 @@
 done
 Bytes transferred = 34894 (884e hex)
 Tegra114 (Dalmore) # bootz 0x81000000 - 0x82000000
-Kernel image @ 0x81000000 [ 0x000000 - 0x5faff0 ]
+Kernel image @ 0x81000000 [ 0x000000 - 0x5fff68 ]
 ## Flattened Device Tree blob at 82000000
    Booting using the fdt blob at 0x82000000
    Loading Device Tree to 8fff4000, end 8ffff84d ... OK
@@ -59,16 +59,15 @@
 Starting kernel ...
 
 Booting Linux on physical CPU 0x0
-Linux version 4.1.0-rc2-next-20150508-15554-g675b3fb (pwalmsley@sellafield) (gcc version 4.7.3 20130328 (prerelease) (crosstool-NG linaro-1.13.1-4.7-2013.04-20130415 - Linaro GCC 2013.04) ) #1 SMP Fri May 8 10:12:30 PDT 2015
+Linux version 4.1.0-rc3-next-20150511-16424-gf17107c (pwalmsley@sellafield) (gcc version 4.7.3 20130328 (prerelease) (crosstool-NG linaro-1.13.1-4.7-2013.04-20130415 - Linaro GCC 2013.04) ) #1 SMP Mon May 11 00:47:57 PDT 2015
 CPU: ARMv7 Processor [412fc0f2] revision 2 (ARMv7), cr=10c5387d
 CPU: PIPT / VIPT nonaliasing data cache, PIPT instruction cache
 Machine model: NVIDIA Tegra114 Dalmore evaluation board
 debug: ignoring loglevel setting.
-earlycon: no match for ttyS0,115200n8
 cma: Reserved 64 MiB at 0xfb800000
 Memory policy: Data cache writealloc
 On node 0 totalpages: 524032
-free_area_init_node: node 0, pgdat c0f390c0, node_mem_map ee7f8000
+free_area_init_node: node 0, pgdat c0f4d940, node_mem_map ee7f8000
   DMA zone: 1520 pages used for memmap
   DMA zone: 0 pages reserved
   DMA zone: 194560 pages, LIFO batch:31
@@ -81,7 +80,7 @@
 PID hash table entries: 4096 (order: 2, 16384 bytes)
 Dentry cache hash table entries: 131072 (order: 7, 524288 bytes)
 Inode-cache hash table entries: 65536 (order: 6, 262144 bytes)
-Memory: 1999164K/2096128K available (8020K kernel code, 1028K rwdata, 3612K rodata, 848K init, 318K bss, 31428K reserved, 65536K cma-reserved, 1252352K highmem)
+Memory: 1999084K/2096128K available (8024K kernel code, 1030K rwdata, 3636K rodata, 900K init, 318K bss, 31508K reserved, 65536K cma-reserved, 1252352K highmem)
 Virtual kernel memory layout:
     vector  : 0xffff0000 - 0xffff1000   (   4 kB)
     fixmap  : 0xffc00000 - 0xfff00000   (3072 kB)
@@ -89,10 +88,10 @@
     lowmem  : 0xc0000000 - 0xef800000   ( 760 MB)
     pkmap   : 0xbfe00000 - 0xc0000000   (   2 MB)
     modules : 0xbf000000 - 0xbfe00000   (  14 MB)
-      .text : 0xc0208000 - 0xc0d65258   (11637 kB)
-      .init : 0xc0d66000 - 0xc0e3a000   ( 848 kB)
-      .data : 0xc0e3a000 - 0xc0f3b0a0   (1029 kB)
-       .bss : 0xc0f3e000 - 0xc0f8da68   ( 319 kB)
+      .text : 0xc0208000 - 0xc0d6c30c   (11665 kB)
+      .init : 0xc0d6d000 - 0xc0e4e000   ( 900 kB)
+      .data : 0xc0e4e000 - 0xc0f4f920   (1031 kB)
+       .bss : 0xc0f52000 - 0xc0fa1b28   ( 319 kB)
 SLUB: HWalign=64, Order=0-3, MinObjects=0, CPUs=4, Nodes=1
 Hierarchical RCU implementation.
 	Additional per-CPU info printed with stalls.
@@ -293,7 +292,6 @@
 vdd_hdmi_5v0: supplied by vdd-sys-5v0
 [drm] Supports vblank timestamp caching Rev 2 (21.10.2013).
 [drm] No driver support for vblank timestamp query.
-[drm] Setting vblank_disable_immediate to false because get_vblank_timestamp == NULL
 Console: switching to colour frame buffer device 240x75
 drm drm: fb0:  frame buffer device
 drm drm: registered panic notifier
@@ -306,7 +304,7 @@
 hub 1-0:1.0: USB hub found
 hub 1-0:1.0: 1 port detected
 input: gpio-keys as /devices/soc0/gpio-keys/input/input1
-palmas-rtc 7000d000.i2c:tps65913@58:rtc: setting system clock to 2000-10-13 12:37:56 UTC (971440676)
+palmas-rtc 7000d000.i2c:tps65913@58:rtc: setting system clock to 2000-10-16 03:14:11 UTC (971666051)
 vdd_cam_1v8_reg: disabling
 usb1_vbus: disabling
 dvdd_ts: disabling
@@ -317,7 +315,7 @@
 EXT4-fs (mmcblk0p1): mounted filesystem with ordered data mode. Opts: (null)
 VFS: Mounted root (ext3 filesystem) on device 179:1.
 devtmpfs: mounted
-Freeing unused kernel memory: 848K (c0d66000 - c0e3a000)
+Freeing unused kernel memory: 900K (c0d6d000 - c0e4e000)
 bash: cannot set terminal process group (-1): Inappropriate ioctl for device
 bash: no job control in this shell
-root@(none):/# [    2.653915] usb 1-1: new high-speed USB device number 2 using tegra-ehci
+root@(none):/# [    2.633866] usb 1-1: new high-speed USB device number 2 using tegra-ehci
Diff for ./tegra114-dalmore-a04/tegra114-dalmore/tegra_defconfig_log.txt
--- /tmp/fooa	2015-05-11 00:56:59.777979516 -0700
+++ /tmp/foob	2015-05-11 00:56:59.777979516 -0700
@@ -14,7 +14,7 @@
 Err:   serial
 Net:   Net Initialization Skipped
 No ethernet found.
-Hit any key to stop autoboot:  2  1  0 
+Hit any key to stop autoboot:  2  0 
 Tegra114 (Dalmore) # 
 Tegra114 (Dalmore) # usb reset
 (Re)start USB...
@@ -36,21 +36,21 @@
 	 #################################################################
 	 #################################################################
 	 #################################################################
-	 #################
-	 3.3 MiB/s
+	 ##################
+	 3 MiB/s
 done
-Bytes transferred = 5018936 (4c9538 hex)
+Bytes transferred = 5024424 (4caaa8 hex)
 Tegra114 (Dalmore) # tftpboot 0x82000000 tegra114-dalmore.dtb
 Using asx0 device
 TFTP from server 192.168.100.1; our IP address is 192.168.100.100
 Filename 'tegra114-dalmore.dtb'.
 Load address: 0x82000000
 Loading: *###
-	 3 MiB/s
+	 2.6 MiB/s
 done
 Bytes transferred = 34894 (884e hex)
 Tegra114 (Dalmore) # bootz 0x81000000 - 0x82000000
-Kernel image @ 0x81000000 [ 0x000000 - 0x4c9538 ]
+Kernel image @ 0x81000000 [ 0x000000 - 0x4caaa8 ]
 ## Flattened Device Tree blob at 82000000
    Booting using the fdt blob at 0x82000000
    Loading Device Tree to 8fff4000, end 8ffff84d ... OK
@@ -61,16 +61,15 @@
 Booting Linux on physical CPU 0x0
 Initializing cgroup subsys cpu
 Initializing cgroup subsys cpuacct
-Linux version 4.1.0-rc2-next-20150508-15554-g675b3fb (pwalmsley@kaivo) (gcc version 4.7.3 20130328 (prerelease) (crosstool-NG linaro-1.13.1-4.7-2013.04-20130415 - Linaro GCC 2013.04) ) #1 SMP PREEMPT Fri May 8 10:14:03 PDT 2015
+Linux version 4.1.0-rc3-next-20150511-16424-gf17107c (pwalmsley@kaivo) (gcc version 4.7.3 20130328 (prerelease) (crosstool-NG linaro-1.13.1-4.7-2013.04-20130415 - Linaro GCC 2013.04) ) #1 SMP PREEMPT Mon May 11 00:48:13 PDT 2015
 CPU: ARMv7 Processor [412fc0f2] revision 2 (ARMv7), cr=10c5387d
 CPU: PIPT / VIPT nonaliasing data cache, PIPT instruction cache
 Machine model: NVIDIA Tegra114 Dalmore evaluation board
 debug: ignoring loglevel setting.
-earlycon: no match for ttyS0,115200n8
 cma: Reserved 64 MiB at 0xfbc00000
 Memory policy: Data cache writealloc
 On node 0 totalpages: 524032
-free_area_init_node: node 0, pgdat c09a8340, node_mem_map ee7f7000
+free_area_init_node: node 0, pgdat c09aa400, node_mem_map ee7f7000
   Normal zone: 1520 pages used for memmap
   Normal zone: 0 pages reserved
   Normal zone: 194560 pages, LIFO batch:31
@@ -83,7 +82,7 @@
 PID hash table entries: 4096 (order: 2, 16384 bytes)
 Dentry cache hash table entries: 131072 (order: 7, 524288 bytes)
 Inode-cache hash table entries: 65536 (order: 6, 262144 bytes)
-Memory: 2002780K/2096128K available (6886K kernel code, 327K rwdata, 2336K rodata, 312K init, 351K bss, 27812K reserved, 65536K cma-reserved, 1252352K highmem)
+Memory: 2002772K/2096128K available (6894K kernel code, 327K rwdata, 2336K rodata, 312K init, 351K bss, 27820K reserved, 65536K cma-reserved, 1252352K highmem)
 Virtual kernel memory layout:
     vector  : 0xffff0000 - 0xffff1000   (   4 kB)
     fixmap  : 0xffc00000 - 0xfff00000   (3072 kB)
@@ -91,10 +90,10 @@
     lowmem  : 0xc0000000 - 0xef800000   ( 760 MB)
     pkmap   : 0xbfe00000 - 0xc0000000   (   2 MB)
     modules : 0xbf000000 - 0xbfe00000   (  14 MB)
-      .text : 0xc0008000 - 0xc0909d54   (9224 kB)
-      .init : 0xc090a000 - 0xc0958000   ( 312 kB)
-      .data : 0xc0958000 - 0xc09a9ee0   ( 328 kB)
-       .bss : 0xc09ac000 - 0xc0a03e94   ( 352 kB)
+      .text : 0xc0008000 - 0xc090bea8   (9232 kB)
+      .init : 0xc090c000 - 0xc095a000   ( 312 kB)
+      .data : 0xc095a000 - 0xc09abfa0   ( 328 kB)
+       .bss : 0xc09ae000 - 0xc0a05ed4   ( 352 kB)
 Preemptible hierarchical RCU implementation.
 	Additional per-CPU info printed with stalls.
 	Build-time adjustment of leaf fanout to 32.
@@ -284,7 +283,6 @@
 vdd_hdmi_5v0: supplied by vdd-sys-5v0
 [drm] Supports vblank timestamp caching Rev 2 (21.10.2013).
 [drm] No driver support for vblank timestamp query.
-[drm] Setting vblank_disable_immediate to false because get_vblank_timestamp == NULL
 Console: switching to colour frame buffer device 240x75
 drm drm: fb0:  frame buffer device
 drm drm: registered panic notifier
@@ -297,7 +295,7 @@
 hub 1-0:1.0: USB hub found
 hub 1-0:1.0: 1 port detected
 input: gpio-keys as /devices/soc0/gpio-keys/input/input1
-palmas-rtc 7000d000.i2c:tps65913@58:rtc: setting system clock to 2000-10-13 12:39:02 UTC (971440742)
+palmas-rtc 7000d000.i2c:tps65913@58:rtc: setting system clock to 2000-10-16 03:13:36 UTC (971666016)
 vdd_cam_1v8_reg: disabling
 usb1_vbus: disabling
 dvdd_ts: disabling
@@ -309,7 +307,7 @@
 EXT3-fs (mmcblk0p1): mounted filesystem with writeback data mode
 VFS: Mounted root (ext3 filesystem) on device 179:1.
 devtmpfs: mounted
-Freeing unused kernel memory: 312K (c090a000 - c0958000)
+Freeing unused kernel memory: 312K (c090c000 - c095a000)
 bash: cannot set terminal process group (-1): Inappropriate ioctl for device
 bash: no job control in this shell
-root@(none):/# [    2.760135] usb 1-1: new high-speed USB device number 2 using tegra-ehci
+root@(none):/# [    2.760005] usb 1-1: new high-speed USB device number 2 using tegra-ehci
Diff for ./tegra114-dalmore-a04/tegra114-dalmore/tegra_defconfig%tegra114_mergeconfig_log.txt
--- /tmp/fooa	2015-05-11 00:56:59.785979510 -0700
+++ /tmp/foob	2015-05-11 00:56:59.785979510 -0700
@@ -36,10 +36,10 @@
 	 #################################################################
 	 #################################################################
 	 #################################################################
-	 ###############
-	 3.2 MiB/s
+	 ################
+	 3.3 MiB/s
 done
-Bytes transferred = 4987696 (4c1b30 hex)
+Bytes transferred = 4993336 (4c3138 hex)
 Tegra114 (Dalmore) # tftpboot 0x82000000 tegra114-dalmore.dtb
 Using asx0 device
 TFTP from server 192.168.100.1; our IP address is 192.168.100.100
@@ -50,7 +50,7 @@
 done
 Bytes transferred = 34894 (884e hex)
 Tegra114 (Dalmore) # bootz 0x81000000 - 0x82000000
-Kernel image @ 0x81000000 [ 0x000000 - 0x4c1b30 ]
+Kernel image @ 0x81000000 [ 0x000000 - 0x4c3138 ]
 ## Flattened Device Tree blob at 82000000
    Booting using the fdt blob at 0x82000000
    Loading Device Tree to 8fff4000, end 8ffff84d ... OK
@@ -61,16 +61,15 @@
 Booting Linux on physical CPU 0x0
 Initializing cgroup subsys cpu
 Initializing cgroup subsys cpuacct
-Linux version 4.1.0-rc2-next-20150508-133795-g675b3fb (pwalmsley@tamien) (gcc version 4.7.3 20130328 (prerelease) (crosstool-NG linaro-1.13.1-4.7-2013.04-20130415 - Linaro GCC 2013.04) ) #1 SMP PREEMPT Fri May 8 10:16:36 PDT 2015
+Linux version 4.1.0-rc3-next-20150511-16424-gf17107c (pwalmsley@sellafield) (gcc version 4.7.3 20130328 (prerelease) (crosstool-NG linaro-1.13.1-4.7-2013.04-20130415 - Linaro GCC 2013.04) ) #1 SMP PREEMPT Mon May 11 00:50:41 PDT 2015
 CPU: ARMv7 Processor [412fc0f2] revision 2 (ARMv7), cr=10c5387d
 CPU: PIPT / VIPT nonaliasing data cache, PIPT instruction cache
 Machine model: NVIDIA Tegra114 Dalmore evaluation board
 debug: ignoring loglevel setting.
-earlycon: no match for ttyS0,115200n8
 cma: Reserved 64 MiB at 0xfbc00000
 Memory policy: Data cache writealloc
 On node 0 totalpages: 524032
-free_area_init_node: node 0, pgdat c098c680, node_mem_map ee7f7000
+free_area_init_node: node 0, pgdat c098e740, node_mem_map ee7f7000
   Normal zone: 1520 pages used for memmap
   Normal zone: 0 pages reserved
   Normal zone: 194560 pages, LIFO batch:31
@@ -83,7 +82,7 @@
 PID hash table entries: 4096 (order: 2, 16384 bytes)
 Dentry cache hash table entries: 131072 (order: 7, 524288 bytes)
 Inode-cache hash table entries: 65536 (order: 6, 262144 bytes)
-Memory: 2002888K/2096128K available (6865K kernel code, 312K rwdata, 2276K rodata, 296K init, 351K bss, 27704K reserved, 65536K cma-reserved, 1252352K highmem)
+Memory: 2002880K/2096128K available (6873K kernel code, 312K rwdata, 2280K rodata, 292K init, 351K bss, 27712K reserved, 65536K cma-reserved, 1252352K highmem)
 Virtual kernel memory layout:
     vector  : 0xffff0000 - 0xffff1000   (   4 kB)
     fixmap  : 0xffc00000 - 0xfff00000   (3072 kB)
@@ -91,10 +90,10 @@
     lowmem  : 0xc0000000 - 0xef800000   ( 760 MB)
     pkmap   : 0xbfe00000 - 0xc0000000   (   2 MB)
     modules : 0xbf000000 - 0xbfe00000   (  14 MB)
-      .text : 0xc0008000 - 0xc08f59ec   (9143 kB)
-      .init : 0xc08f6000 - 0xc0940000   ( 296 kB)
-      .data : 0xc0940000 - 0xc098e220   ( 313 kB)
-       .bss : 0xc0991000 - 0xc09e8e14   ( 352 kB)
+      .text : 0xc0008000 - 0xc08f8b40   (9155 kB)
+      .init : 0xc08f9000 - 0xc0942000   ( 292 kB)
+      .data : 0xc0942000 - 0xc09902e0   ( 313 kB)
+       .bss : 0xc0993000 - 0xc09eae14   ( 352 kB)
 Preemptible hierarchical RCU implementation.
 	Additional per-CPU info printed with stalls.
 	Build-time adjustment of leaf fanout to 32.
@@ -283,7 +282,6 @@
 vdd_hdmi_5v0: supplied by vdd-sys-5v0
 [drm] Supports vblank timestamp caching Rev 2 (21.10.2013).
 [drm] No driver support for vblank timestamp query.
-[drm] Setting vblank_disable_immediate to false because get_vblank_timestamp == NULL
 Console: switching to colour frame buffer device 240x75
 drm drm: fb0:  frame buffer device
 drm drm: registered panic notifier
@@ -299,8 +297,8 @@
 tegra-snd-rt5640 sound: snd_soc_register_card failed (-517)
 input: gpio-keys as /devices/soc0/gpio-keys/input/input0
 tegra-snd-rt5640 sound: ASoC: CPU DAI (null) not registered
+palmas-rtc 7000d000.i2c:tps65913@58:rtc: setting system clock to 2000-10-16 03:15:40 UTC (971666140)
 tegra-snd-rt5640 sound: snd_soc_register_card failed (-517)
-palmas-rtc 7000d000.i2c:tps65913@58:rtc: setting system clock to 2000-10-13 12:41:31 UTC (971440891)
 vdd_cam_1v8_reg: disabling
 usb1_vbus: disabling
 dvdd_ts: disabling
@@ -312,7 +310,7 @@
 EXT3-fs (mmcblk0p1): mounted filesystem with writeback data mode
 VFS: Mounted root (ext3 filesystem) on device 179:1.
 devtmpfs: mounted
-Freeing unused kernel memory: 296K (c08f6000 - c0940000)
+Freeing unused kernel memory: 292K (c08f9000 - c0942000)
 bash: cannot set terminal process group (-1): Inappropriate ioctl for device
 bash: no job control in this shell
-root@(none):/# [    2.730128] usb 1-1: new high-speed USB device number 2 using tegra-ehci
+root@(none):/# [    2.740085] usb 1-1: new high-speed USB device number 2 using tegra-ehci
Diff for ./tegra114-dalmore-a04/tegra114-dalmore/tegra_defconfig%tegra20,114_mergeconfig_log.txt
--- /tmp/fooa	2015-05-11 00:56:59.793979503 -0700
+++ /tmp/foob	2015-05-11 00:56:59.793979503 -0700
@@ -36,10 +36,10 @@
 	 #################################################################
 	 #################################################################
 	 #################################################################
-	 ################
-	 3.3 MiB/s
+	 #################
+	 3.4 MiB/s
 done
-Bytes transferred = 5004256 (4c5be0 hex)
+Bytes transferred = 5009048 (4c6e98 hex)
 Tegra114 (Dalmore) # tftpboot 0x82000000 tegra114-dalmore.dtb
 Using asx0 device
 TFTP from server 192.168.100.1; our IP address is 192.168.100.100
@@ -50,7 +50,7 @@
 done
 Bytes transferred = 34894 (884e hex)
 Tegra114 (Dalmore) # bootz 0x81000000 - 0x82000000
-Kernel image @ 0x81000000 [ 0x000000 - 0x4c5be0 ]
+Kernel image @ 0x81000000 [ 0x000000 - 0x4c6e98 ]
 ## Flattened Device Tree blob at 82000000
    Booting using the fdt blob at 0x82000000
    Loading Device Tree to 8fff4000, end 8ffff84d ... OK
@@ -61,16 +61,15 @@
 Booting Linux on physical CPU 0x0
 Initializing cgroup subsys cpu
 Initializing cgroup subsys cpuacct
-Linux version 4.1.0-rc2-next-20150508-15554-g675b3fb (pwalmsley@kaivo) (gcc version 4.7.3 20130328 (prerelease) (crosstool-NG linaro-1.13.1-4.7-2013.04-20130415 - Linaro GCC 2013.04) ) #1 SMP PREEMPT Fri May 8 10:18:12 PDT 2015
+Linux version 4.1.0-rc3-next-20150511-134665-gf17107c (pwalmsley@tamien) (gcc version 4.7.3 20130328 (prerelease) (crosstool-NG linaro-1.13.1-4.7-2013.04-20130415 - Linaro GCC 2013.04) ) #1 SMP PREEMPT Mon May 11 00:52:01 PDT 2015
 CPU: ARMv7 Processor [412fc0f2] revision 2 (ARMv7), cr=10c5387d
 CPU: PIPT / VIPT nonaliasing data cache, PIPT instruction cache
 Machine model: NVIDIA Tegra114 Dalmore evaluation board
 debug: ignoring loglevel setting.
-earlycon: no match for ttyS0,115200n8
 cma: Reserved 64 MiB at 0xfbc00000
 Memory policy: Data cache writealloc
 On node 0 totalpages: 524032
-free_area_init_node: node 0, pgdat c099a680, node_mem_map ee7f7000
+free_area_init_node: node 0, pgdat c099c740, node_mem_map ee7f7000
   Normal zone: 1520 pages used for memmap
   Normal zone: 0 pages reserved
   Normal zone: 194560 pages, LIFO batch:31
@@ -83,7 +82,7 @@
 PID hash table entries: 4096 (order: 2, 16384 bytes)
 Dentry cache hash table entries: 131072 (order: 7, 524288 bytes)
 Inode-cache hash table entries: 65536 (order: 6, 262144 bytes)
-Memory: 2002832K/2096128K available (6877K kernel code, 320K rwdata, 2304K rodata, 304K init, 351K bss, 27760K reserved, 65536K cma-reserved, 1252352K highmem)
+Memory: 2002824K/2096128K available (6886K kernel code, 320K rwdata, 2304K rodata, 304K init, 351K bss, 27768K reserved, 65536K cma-reserved, 1252352K highmem)
 Virtual kernel memory layout:
     vector  : 0xffff0000 - 0xffff1000   (   4 kB)
     fixmap  : 0xffc00000 - 0xfff00000   (3072 kB)
@@ -91,10 +90,10 @@
     lowmem  : 0xc0000000 - 0xef800000   ( 760 MB)
     pkmap   : 0xbfe00000 - 0xc0000000   (   2 MB)
     modules : 0xbf000000 - 0xbfe00000   (  14 MB)
-      .text : 0xc0008000 - 0xc08ffc34   (9184 kB)
-      .init : 0xc0900000 - 0xc094c000   ( 304 kB)
-      .data : 0xc094c000 - 0xc099c220   ( 321 kB)
-       .bss : 0xc099f000 - 0xc09f6e94   ( 352 kB)
+      .text : 0xc0008000 - 0xc0901d88   (9192 kB)
+      .init : 0xc0902000 - 0xc094e000   ( 304 kB)
+      .data : 0xc094e000 - 0xc099e2e0   ( 321 kB)
+       .bss : 0xc09a1000 - 0xc09f8e94   ( 352 kB)
 Preemptible hierarchical RCU implementation.
 	Additional per-CPU info printed with stalls.
 	Build-time adjustment of leaf fanout to 32.
@@ -283,7 +282,6 @@
 vdd_hdmi_5v0: supplied by vdd-sys-5v0
 [drm] Supports vblank timestamp caching Rev 2 (21.10.2013).
 [drm] No driver support for vblank timestamp query.
-[drm] Setting vblank_disable_immediate to false because get_vblank_timestamp == NULL
 Console: switching to colour frame buffer device 240x75
 drm drm: fb0:  frame buffer device
 drm drm: registered panic notifier
@@ -299,8 +297,8 @@
 tegra-snd-rt5640 sound: snd_soc_register_card failed (-517)
 input: gpio-keys as /devices/soc0/gpio-keys/input/input0
 tegra-snd-rt5640 sound: ASoC: CPU DAI (null) not registered
+palmas-rtc 7000d000.i2c:tps65913@58:rtc: setting system clock to 2000-10-16 03:16:59 UTC (971666219)
 tegra-snd-rt5640 sound: snd_soc_register_card failed (-517)
-palmas-rtc 7000d000.i2c:tps65913@58:rtc: setting system clock to 2000-10-13 12:43:01 UTC (971440981)
 vdd_cam_1v8_reg: disabling
 usb1_vbus: disabling
 dvdd_ts: disabling
@@ -312,7 +310,7 @@
 EXT3-fs (mmcblk0p1): mounted filesystem with writeback data mode
 VFS: Mounted root (ext3 filesystem) on device 179:1.
 devtmpfs: mounted
-Freeing unused kernel memory: 304K (c0900000 - c094c000)
+Freeing unused kernel memory: 304K (c0902000 - c094e000)
 bash: cannot set terminal process group (-1): Inappropriate ioctl for device
 bash: no job control in this shell
-root@(none):/# [    2.730129] usb 1-1: new high-speed USB device number 2 using tegra-ehci
+root@(none):/# [    2.730039] usb 1-1: new high-speed USB device number 2 using tegra-ehci
Diff for ./tegra114-dalmore-a04/tegra114-dalmore/tegra_defconfig%tegra30,114_mergeconfig_log.txt
--- /tmp/fooa	2015-05-11 00:56:59.801979496 -0700
+++ /tmp/foob	2015-05-11 00:56:59.801979496 -0700
@@ -36,21 +36,21 @@
 	 #################################################################
 	 #################################################################
 	 #################################################################
-	 ################
-	 2.9 MiB/s
+	 #################
+	 2.8 MiB/s
 done
-Bytes transferred = 5002912 (4c56a0 hex)
+Bytes transferred = 5008976 (4c6e50 hex)
 Tegra114 (Dalmore) # tftpboot 0x82000000 tegra114-dalmore.dtb
 Using asx0 device
 TFTP from server 192.168.100.1; our IP address is 192.168.100.100
 Filename 'tegra114-dalmore.dtb'.
 Load address: 0x82000000
 Loading: *###
-	 2.6 MiB/s
+	 2.8 MiB/s
 done
 Bytes transferred = 34894 (884e hex)
 Tegra114 (Dalmore) # bootz 0x81000000 - 0x82000000
-Kernel image @ 0x81000000 [ 0x000000 - 0x4c56a0 ]
+Kernel image @ 0x81000000 [ 0x000000 - 0x4c6e50 ]
 ## Flattened Device Tree blob at 82000000
    Booting using the fdt blob at 0x82000000
    Loading Device Tree to 8fff4000, end 8ffff84d ... OK
@@ -61,16 +61,15 @@
 Booting Linux on physical CPU 0x0
 Initializing cgroup subsys cpu
 Initializing cgroup subsys cpuacct
-Linux version 4.1.0-rc2-next-20150508-133795-g675b3fb (pwalmsley@tamien) (gcc version 4.7.3 20130328 (prerelease) (crosstool-NG linaro-1.13.1-4.7-2013.04-20130415 - Linaro GCC 2013.04) ) #1 SMP PREEMPT Fri May 8 10:19:49 PDT 2015
+Linux version 4.1.0-rc3-next-20150511-16424-gf17107c (pwalmsley@kaivo) (gcc version 4.7.3 20130328 (prerelease) (crosstool-NG linaro-1.13.1-4.7-2013.04-20130415 - Linaro GCC 2013.04) ) #1 SMP PREEMPT Mon May 11 00:55:17 PDT 2015
 CPU: ARMv7 Processor [412fc0f2] revision 2 (ARMv7), cr=10c5387d
 CPU: PIPT / VIPT nonaliasing data cache, PIPT instruction cache
 Machine model: NVIDIA Tegra114 Dalmore evaluation board
 debug: ignoring loglevel setting.
-earlycon: no match for ttyS0,115200n8
 cma: Reserved 64 MiB at 0xfbc00000
 Memory policy: Data cache writealloc
 On node 0 totalpages: 524032
-free_area_init_node: node 0, pgdat c099a300, node_mem_map ee7f7000
+free_area_init_node: node 0, pgdat c099c400, node_mem_map ee7f7000
   Normal zone: 1520 pages used for memmap
   Normal zone: 0 pages reserved
   Normal zone: 194560 pages, LIFO batch:31
@@ -83,7 +82,7 @@
 PID hash table entries: 4096 (order: 2, 16384 bytes)
 Dentry cache hash table entries: 131072 (order: 7, 524288 bytes)
 Inode-cache hash table entries: 65536 (order: 6, 262144 bytes)
-Memory: 2002836K/2096128K available (6873K kernel code, 319K rwdata, 2312K rodata, 300K init, 351K bss, 27756K reserved, 65536K cma-reserved, 1252352K highmem)
+Memory: 2002828K/2096128K available (6882K kernel code, 319K rwdata, 2312K rodata, 300K init, 351K bss, 27764K reserved, 65536K cma-reserved, 1252352K highmem)
 Virtual kernel memory layout:
     vector  : 0xffff0000 - 0xffff1000   (   4 kB)
     fixmap  : 0xffc00000 - 0xfff00000   (3072 kB)
@@ -91,10 +90,10 @@
     lowmem  : 0xc0000000 - 0xef800000   ( 760 MB)
     pkmap   : 0xbfe00000 - 0xc0000000   (   2 MB)
     modules : 0xbf000000 - 0xbfe00000   (  14 MB)
-      .text : 0xc0008000 - 0xc0900b24   (9187 kB)
-      .init : 0xc0901000 - 0xc094c000   ( 300 kB)
-      .data : 0xc094c000 - 0xc099bea0   ( 320 kB)
-       .bss : 0xc099e000 - 0xc09f5e54   ( 352 kB)
+      .text : 0xc0008000 - 0xc0902c78   (9196 kB)
+      .init : 0xc0903000 - 0xc094e000   ( 300 kB)
+      .data : 0xc094e000 - 0xc099dfa0   ( 320 kB)
+       .bss : 0xc09a0000 - 0xc09f7e54   ( 352 kB)
 Preemptible hierarchical RCU implementation.
 	Additional per-CPU info printed with stalls.
 	Build-time adjustment of leaf fanout to 32.
@@ -284,7 +283,6 @@
 vdd_hdmi_5v0: supplied by vdd-sys-5v0
 [drm] Supports vblank timestamp caching Rev 2 (21.10.2013).
 [drm] No driver support for vblank timestamp query.
-[drm] Setting vblank_disable_immediate to false because get_vblank_timestamp == NULL
 Console: switching to colour frame buffer device 240x75
 drm drm: fb0:  frame buffer device
 drm drm: registered panic notifier
@@ -297,7 +295,7 @@
 hub 1-0:1.0: USB hub found
 hub 1-0:1.0: 1 port detected
 input: gpio-keys as /devices/soc0/gpio-keys/input/input1
-palmas-rtc 7000d000.i2c:tps65913@58:rtc: setting system clock to 2000-10-13 12:44:42 UTC (971441082)
+palmas-rtc 7000d000.i2c:tps65913@58:rtc: setting system clock to 2000-10-16 03:20:14 UTC (971666414)
 vdd_cam_1v8_reg: disabling
 usb1_vbus: disabling
 dvdd_ts: disabling
@@ -309,7 +307,7 @@
 EXT3-fs (mmcblk0p1): mounted filesystem with writeback data mode
 VFS: Mounted root (ext3 filesystem) on device 179:1.
 devtmpfs: mounted
-Freeing unused kernel memory: 300K (c0901000 - c094c000)
+Freeing unused kernel memory: 300K (c0903000 - c094e000)
 bash: cannot set terminal process group (-1): Inappropriate ioctl for device
 bash: no job control in this shell
-root@(none):/# [    2.760140] usb 1-1: new high-speed USB device number 2 using tegra-ehci
+root@(none):/# [    2.740143] usb 1-1: new high-speed USB device number 2 using tegra-ehci
Diff for ./tegra124-jetson-tk1/tegra124-jetson-tk1/multi_v7_defconfig_log.txt
--- /tmp/fooa	2015-05-11 00:56:59.809979491 -0700
+++ /tmp/foob	2015-05-11 00:56:59.809979491 -0700
@@ -39,21 +39,21 @@
 	 #################################################################
 	 #################################################################
 	 #################################################################
-	 ######################################
-	 2.9 MiB/s
+	 #######################################
+	 3.3 MiB/s
 done
-Bytes transferred = 6270960 (5faff0 hex)
+Bytes transferred = 6291304 (5fff68 hex)
 Tegra124 (Jetson TK1) # tftpboot 0x82000000 tegra124-jetson-tk1.dtb
 Using asx0 device
 TFTP from server 192.168.100.1; our IP address is 192.168.100.102
 Filename 'tegra124-jetson-tk1.dtb'.
 Load address: 0x82000000
 Loading: *#####
-	 2.7 MiB/s
+	 3 MiB/s
 done
 Bytes transferred = 62999 (f617 hex)
 Tegra124 (Jetson TK1) # bootz 0x81000000 - 0x82000000
-Kernel image @ 0x81000000 [ 0x000000 - 0x5faff0 ]
+Kernel image @ 0x81000000 [ 0x000000 - 0x5fff68 ]
 ## Flattened Device Tree blob at 82000000
    Booting using the fdt blob at 0x82000000
    Using Device Tree in place at 82000000, end 82012616
@@ -61,16 +61,15 @@
 Starting kernel ...
 
 Booting Linux on physical CPU 0x0
-Linux version 4.1.0-rc2-next-20150508-15554-g675b3fb (pwalmsley@sellafield) (gcc version 4.7.3 20130328 (prerelease) (crosstool-NG linaro-1.13.1-4.7-2013.04-20130415 - Linaro GCC 2013.04) ) #1 SMP Fri May 8 10:12:30 PDT 2015
+Linux version 4.1.0-rc3-next-20150511-16424-gf17107c (pwalmsley@sellafield) (gcc version 4.7.3 20130328 (prerelease) (crosstool-NG linaro-1.13.1-4.7-2013.04-20130415 - Linaro GCC 2013.04) ) #1 SMP Mon May 11 00:47:57 PDT 2015
 CPU: ARMv7 Processor [413fc0f3] revision 3 (ARMv7), cr=10c5387d
 CPU: PIPT / VIPT nonaliasing data cache, PIPT instruction cache
 Machine model: NVIDIA Tegra124 Jetson TK1
 debug: ignoring loglevel setting.
-earlycon: no match for ttyS0,115200n8
 cma: Reserved 64 MiB at 0xfb800000
 Memory policy: Data cache writealloc
 On node 0 totalpages: 524032
-free_area_init_node: node 0, pgdat c0f390c0, node_mem_map ee7f8000
+free_area_init_node: node 0, pgdat c0f4d940, node_mem_map ee7f8000
   DMA zone: 1520 pages used for memmap
   DMA zone: 0 pages reserved
   DMA zone: 194560 pages, LIFO batch:31
@@ -83,7 +82,7 @@
 PID hash table entries: 4096 (order: 2, 16384 bytes)
 Dentry cache hash table entries: 131072 (order: 7, 524288 bytes)
 Inode-cache hash table entries: 65536 (order: 6, 262144 bytes)
-Memory: 1999060K/2096128K available (8020K kernel code, 1028K rwdata, 3612K rodata, 848K init, 318K bss, 31532K reserved, 65536K cma-reserved, 1252352K highmem)
+Memory: 1998980K/2096128K available (8024K kernel code, 1030K rwdata, 3636K rodata, 900K init, 318K bss, 31612K reserved, 65536K cma-reserved, 1252352K highmem)
 Virtual kernel memory layout:
     vector  : 0xffff0000 - 0xffff1000   (   4 kB)
     fixmap  : 0xffc00000 - 0xfff00000   (3072 kB)
@@ -91,10 +90,10 @@
     lowmem  : 0xc0000000 - 0xef800000   ( 760 MB)
     pkmap   : 0xbfe00000 - 0xc0000000   (   2 MB)
     modules : 0xbf000000 - 0xbfe00000   (  14 MB)
-      .text : 0xc0208000 - 0xc0d65258   (11637 kB)
-      .init : 0xc0d66000 - 0xc0e3a000   ( 848 kB)
-      .data : 0xc0e3a000 - 0xc0f3b0a0   (1029 kB)
-       .bss : 0xc0f3e000 - 0xc0f8da68   ( 319 kB)
+      .text : 0xc0208000 - 0xc0d6c30c   (11665 kB)
+      .init : 0xc0d6d000 - 0xc0e4e000   ( 900 kB)
+      .data : 0xc0e4e000 - 0xc0f4f920   (1031 kB)
+       .bss : 0xc0f52000 - 0xc0fa1b28   ( 319 kB)
 SLUB: HWalign=64, Order=0-3, MinObjects=0, CPUs=4, Nodes=1
 Hierarchical RCU implementation.
 	Additional per-CPU info printed with stalls.
@@ -310,23 +309,50 @@
 tegra-pcie 1003000.pcie-controller: link 0 down, ignoring
 tegra-pcie 1003000.pcie-controller: probing port 1, using 1 lanes
 tegra-pcie 1003000.pcie-controller: Slot present pin change, signature: 00000000
-tegra-pcie 1003000.pcie-controller: link 1 down, retrying
-tegra-pcie 1003000.pcie-controller: link 1 down, retrying
-tegra-pcie 1003000.pcie-controller: link 1 down, retrying
-tegra-pcie 1003000.pcie-controller: link 1 down, ignoring
 tegra-pcie 1003000.pcie-controller: PCI host bridge to bus 0000:00
 pci_bus 0000:00: root bus resource [mem 0x13000000-0x1fffffff]
 pci_bus 0000:00: root bus resource [mem 0x20000000-0x3fffffff pref]
 pci_bus 0000:00: root bus resource [bus 00-ff]
 pci_bus 0000:00: root bus resource [io  0x1000-0xffff]
-PCI: bus0: Fast back to back transfers enabled
+pci 0000:00:02.0: [10de:0e13] type 01 class 0x060400
+pci 0000:00:02.0: IOMMU is currently not supported for PCI
+pci 0000:00:02.0: PME# supported from D0 D1 D2 D3hot D3cold
+PCI: bus0: Fast back to back transfers disabled
+pci 0000:00:02.0: bridge configuration invalid ([bus 00-00]), reconfiguring
+pci 0000:01:00.0: [10ec:8168] type 00 class 0x020000
+pci 0000:01:00.0: reg 0x10: [io  0x0000-0x00ff]
+pci 0000:01:00.0: reg 0x18: [mem 0x00000000-0x00000fff 64bit]
+pci 0000:01:00.0: reg 0x20: [mem 0x00000000-0x00003fff 64bit pref]
+pci 0000:01:00.0: IOMMU is currently not supported for PCI
+pci 0000:01:00.0: supports D1 D2
+pci 0000:01:00.0: PME# supported from D0 D1 D2 D3hot D3cold
+PCI: bus1: Fast back to back transfers disabled
+pci_bus 0000:01: busn_res: [bus 01-ff] end is updated to 01
+pci 0000:00:02.0: BAR 8: assigned [mem 0x13000000-0x130fffff]
+pci 0000:00:02.0: BAR 9: assigned [mem 0x20000000-0x200fffff 64bit pref]
+pci 0000:00:02.0: BAR 7: assigned [io  0x1000-0x1fff]
+pci 0000:01:00.0: BAR 4: assigned [mem 0x20000000-0x20003fff 64bit pref]
+pci 0000:01:00.0: BAR 2: assigned [mem 0x13000000-0x13000fff 64bit]
+pci 0000:01:00.0: BAR 0: assigned [io  0x1000-0x10ff]
+pci 0000:00:02.0: PCI bridge to [bus 01]
+pci 0000:00:02.0:   bridge window [io  0x1000-0x1fff]
+pci 0000:00:02.0:   bridge window [mem 0x13000000-0x130fffff]
+pci 0000:00:02.0:   bridge window [mem 0x20000000-0x200fffff 64bit pref]
+pci 0000:00:02.0: nv_msi_ht_cap_quirk didn't locate host bridge
+pcieport 0000:00:02.0: enabling device (0140 -> 0143)
+pcieport 0000:00:02.0: Signaling PME through PCIe PME interrupt
+pci 0000:01:00.0: Signaling PME through PCIe PME interrupt
+pcie_pme 0000:00:02.0:pcie01: service driver pcie_pme loaded
+r8169 Gigabit Ethernet driver 2.3LK-NAPI loaded
+r8169 0000:01:00.0: enabling device (0140 -> 0143)
+r8169 0000:01:00.0 eth0: RTL8168g/8111g at 0xf0154000, 00:04:4b:25:b3:b4, XID 0c000800 IRQ 383
+r8169 0000:01:00.0 eth0: jumbo features [frames: 9200 bytes, tx checksumming: ko]
 +5V_HDMI_CON: supplied by +5V_SYS
 +1.05V_RUN_AVDD_HDMI_PLL: supplied by +1.05V_RUN
 +3.3V_RUN: supplied by +3.3V_SYS
 +3.3V_AVDD_HDMI_AP_GATED: supplied by +3.3V_RUN
 [drm] Supports vblank timestamp caching Rev 2 (21.10.2013).
 [drm] No driver support for vblank timestamp query.
-[drm] Setting vblank_disable_immediate to false because get_vblank_timestamp == NULL
 Console: switching to colour frame buffer device 512x135
 drm drm: fb0:  frame buffer device
 drm drm: registered panic notifier
@@ -354,7 +380,7 @@
 mmc1: Invalid maximum block size, assuming 512 bytes
 mmc1: SDHCI controller on 700b0400.sdhci [700b0400.sdhci] using ADMA 64-bit
 input: gpio-keys as /devices/soc0/gpio-keys/input/input1
-as3722-rtc as3722-rtc: setting system clock to 2000-02-01 00:00:18 UTC (949363218)
+as3722-rtc as3722-rtc: setting system clock to 2000-02-01 00:01:45 UTC (949363305)
 +USB0_VBUS_SW: disabling
 +1.8V_RUN_VPP_FUSE: disabling
 +2.8V_RUN_CAM_AF: disabling
@@ -368,12 +394,12 @@
 ata1: SATA link down (SStatus 0 SControl 300)
 EXT4-fs (mmcblk0p1): couldn't mount as ext3 due to feature incompatibilities
 EXT4-fs (mmcblk0p1): couldn't mount as ext2 due to feature incompatibilities
-usb 2-1: new high-speed USB device number 2 using tegra-ehci
 EXT4-fs (mmcblk0p1): recovery complete
 EXT4-fs (mmcblk0p1): mounted filesystem with ordered data mode. Opts: (null)
 VFS: Mounted root (ext4 filesystem) on device 179:1.
+usb 2-1: new high-speed USB device number 2 using tegra-ehci
 devtmpfs: mounted
-Freeing unused kernel memory: 848K (c0d66000 - c0e3a000)
+Freeing unused kernel memory: 900K (c0d6d000 - c0e4e000)
 bash: cannot set terminal process group (-1): Inappropriate ioctl for device
 bash: no job control in this shell
 root@(none):/# 
\ No newline at end of file
Diff for ./tegra124-jetson-tk1/tegra124-jetson-tk1/tegra_defconfig_log.txt
--- /tmp/fooa	2015-05-11 00:56:59.817979484 -0700
+++ /tmp/foob	2015-05-11 00:56:59.817979484 -0700
@@ -38,21 +38,21 @@
 	 #################################################################
 	 #################################################################
 	 #################################################################
-	 #################
-	 3.2 MiB/s
+	 ##################
+	 3 MiB/s
 done
-Bytes transferred = 5018936 (4c9538 hex)
+Bytes transferred = 5024424 (4caaa8 hex)
 Tegra124 (Jetson TK1) # tftpboot 0x82000000 tegra124-jetson-tk1.dtb
 Using asx0 device
 TFTP from server 192.168.100.1; our IP address is 192.168.100.102
 Filename 'tegra124-jetson-tk1.dtb'.
 Load address: 0x82000000
 Loading: *#####
-	 3 MiB/s
+	 3.2 MiB/s
 done
 Bytes transferred = 62999 (f617 hex)
 Tegra124 (Jetson TK1) # bootz 0x81000000 - 0x82000000
-Kernel image @ 0x81000000 [ 0x000000 - 0x4c9538 ]
+Kernel image @ 0x81000000 [ 0x000000 - 0x4caaa8 ]
 ## Flattened Device Tree blob at 82000000
    Booting using the fdt blob at 0x82000000
    Using Device Tree in place at 82000000, end 82012616
@@ -63,16 +63,15 @@
 Booting Linux on physical CPU 0x0
 Initializing cgroup subsys cpu
 Initializing cgroup subsys cpuacct
-Linux version 4.1.0-rc2-next-20150508-15554-g675b3fb (pwalmsley@kaivo) (gcc version 4.7.3 20130328 (prerelease) (crosstool-NG linaro-1.13.1-4.7-2013.04-20130415 - Linaro GCC 2013.04) ) #1 SMP PREEMPT Fri May 8 10:14:03 PDT 2015
+Linux version 4.1.0-rc3-next-20150511-16424-gf17107c (pwalmsley@kaivo) (gcc version 4.7.3 20130328 (prerelease) (crosstool-NG linaro-1.13.1-4.7-2013.04-20130415 - Linaro GCC 2013.04) ) #1 SMP PREEMPT Mon May 11 00:48:13 PDT 2015
 CPU: ARMv7 Processor [413fc0f3] revision 3 (ARMv7), cr=10c5387d
 CPU: PIPT / VIPT nonaliasing data cache, PIPT instruction cache
 Machine model: NVIDIA Tegra124 Jetson TK1
 debug: ignoring loglevel setting.
-earlycon: no match for ttyS0,115200n8
 cma: Reserved 64 MiB at 0xfbc00000
 Memory policy: Data cache writealloc
 On node 0 totalpages: 524032
-free_area_init_node: node 0, pgdat c09a8340, node_mem_map ee7f7000
+free_area_init_node: node 0, pgdat c09aa400, node_mem_map ee7f7000
   Normal zone: 1520 pages used for memmap
   Normal zone: 0 pages reserved
   Normal zone: 194560 pages, LIFO batch:31
@@ -85,7 +84,7 @@
 PID hash table entries: 4096 (order: 2, 16384 bytes)
 Dentry cache hash table entries: 131072 (order: 7, 524288 bytes)
 Inode-cache hash table entries: 65536 (order: 6, 262144 bytes)
-Memory: 2002676K/2096128K available (6886K kernel code, 327K rwdata, 2336K rodata, 312K init, 351K bss, 27916K reserved, 65536K cma-reserved, 1252352K highmem)
+Memory: 2002668K/2096128K available (6894K kernel code, 327K rwdata, 2336K rodata, 312K init, 351K bss, 27924K reserved, 65536K cma-reserved, 1252352K highmem)
 Virtual kernel memory layout:
     vector  : 0xffff0000 - 0xffff1000   (   4 kB)
     fixmap  : 0xffc00000 - 0xfff00000   (3072 kB)
@@ -93,10 +92,10 @@
     lowmem  : 0xc0000000 - 0xef800000   ( 760 MB)
     pkmap   : 0xbfe00000 - 0xc0000000   (   2 MB)
     modules : 0xbf000000 - 0xbfe00000   (  14 MB)
-      .text : 0xc0008000 - 0xc0909d54   (9224 kB)
-      .init : 0xc090a000 - 0xc0958000   ( 312 kB)
-      .data : 0xc0958000 - 0xc09a9ee0   ( 328 kB)
-       .bss : 0xc09ac000 - 0xc0a03e94   ( 352 kB)
+      .text : 0xc0008000 - 0xc090bea8   (9232 kB)
+      .init : 0xc090c000 - 0xc095a000   ( 312 kB)
+      .data : 0xc095a000 - 0xc09abfa0   ( 328 kB)
+       .bss : 0xc09ae000 - 0xc0a05ed4   ( 352 kB)
 Preemptible hierarchical RCU implementation.
 	Additional per-CPU info printed with stalls.
 	Build-time adjustment of leaf fanout to 32.
@@ -320,4 +319,3 @@
 +3.3V_AVDD_HDMI_AP_GATED: supplied by +3.3V_RUN
 [drm] Supports vblank timestamp caching Rev 2 (21.10.2013).
 [drm] No driver support for vblank timestamp query.
-[drm] Setting vblank_disable_immediate to false because get_vblank_timestamp == NULL
Diff for ./tegra124-jetson-tk1/tegra124-jetson-tk1/tegra_defconfig%tegra124_mergeconfig_log.txt
--- /tmp/fooa	2015-05-11 00:56:59.825979476 -0700
+++ /tmp/foob	2015-05-11 00:56:59.825979476 -0700
@@ -38,21 +38,21 @@
 	 #################################################################
 	 #################################################################
 	 #################################################################
-	 ###############
-	 3.2 MiB/s
+	 ################
+	 2.8 MiB/s
 done
-Bytes transferred = 4986808 (4c17b8 hex)
+Bytes transferred = 4993336 (4c3138 hex)
 Tegra124 (Jetson TK1) # tftpboot 0x82000000 tegra124-jetson-tk1.dtb
 Using asx0 device
 TFTP from server 192.168.100.1; our IP address is 192.168.100.102
 Filename 'tegra124-jetson-tk1.dtb'.
 Load address: 0x82000000
 Loading: *#####
-	 3.2 MiB/s
+	 2.6 MiB/s
 done
 Bytes transferred = 62999 (f617 hex)
 Tegra124 (Jetson TK1) # bootz 0x81000000 - 0x82000000
-Kernel image @ 0x81000000 [ 0x000000 - 0x4c17b8 ]
+Kernel image @ 0x81000000 [ 0x000000 - 0x4c3138 ]
 ## Flattened Device Tree blob at 82000000
    Booting using the fdt blob at 0x82000000
    Using Device Tree in place at 82000000, end 82012616
@@ -63,16 +63,15 @@
 Booting Linux on physical CPU 0x0
 Initializing cgroup subsys cpu
 Initializing cgroup subsys cpuacct
-Linux version 4.1.0-rc2-next-20150508-15554-g675b3fb (pwalmsley@sellafield) (gcc version 4.7.3 20130328 (prerelease) (crosstool-NG linaro-1.13.1-4.7-2013.04-20130415 - Linaro GCC 2013.04) ) #1 SMP PREEMPT Fri May 8 10:19:12 PDT 2015
+Linux version 4.1.0-rc3-next-20150511-134665-gf17107c (pwalmsley@tamien) (gcc version 4.7.3 20130328 (prerelease) (crosstool-NG linaro-1.13.1-4.7-2013.04-20130415 - Linaro GCC 2013.04) ) #1 SMP PREEMPT Mon May 11 00:55:09 PDT 2015
 CPU: ARMv7 Processor [413fc0f3] revision 3 (ARMv7), cr=10c5387d
 CPU: PIPT / VIPT nonaliasing data cache, PIPT instruction cache
 Machine model: NVIDIA Tegra124 Jetson TK1
 debug: ignoring loglevel setting.
-earlycon: no match for ttyS0,115200n8
 cma: Reserved 64 MiB at 0xfbc00000
 Memory policy: Data cache writealloc
 On node 0 totalpages: 524032
-free_area_init_node: node 0, pgdat c098c680, node_mem_map ee7f7000
+free_area_init_node: node 0, pgdat c098e740, node_mem_map ee7f7000
   Normal zone: 1520 pages used for memmap
   Normal zone: 0 pages reserved
   Normal zone: 194560 pages, LIFO batch:31
@@ -85,7 +84,7 @@
 PID hash table entries: 4096 (order: 2, 16384 bytes)
 Dentry cache hash table entries: 131072 (order: 7, 524288 bytes)
 Inode-cache hash table entries: 65536 (order: 6, 262144 bytes)
-Memory: 2002784K/2096128K available (6865K kernel code, 312K rwdata, 2276K rodata, 296K init, 351K bss, 27808K reserved, 65536K cma-reserved, 1252352K highmem)
+Memory: 2002776K/2096128K available (6873K kernel code, 312K rwdata, 2280K rodata, 292K init, 351K bss, 27816K reserved, 65536K cma-reserved, 1252352K highmem)
 Virtual kernel memory layout:
     vector  : 0xffff0000 - 0xffff1000   (   4 kB)
     fixmap  : 0xffc00000 - 0xfff00000   (3072 kB)
@@ -93,10 +92,10 @@
     lowmem  : 0xc0000000 - 0xef800000   ( 760 MB)
     pkmap   : 0xbfe00000 - 0xc0000000   (   2 MB)
     modules : 0xbf000000 - 0xbfe00000   (  14 MB)
-      .text : 0xc0008000 - 0xc08f59ec   (9143 kB)
-      .init : 0xc08f6000 - 0xc0940000   ( 296 kB)
-      .data : 0xc0940000 - 0xc098e220   ( 313 kB)
-       .bss : 0xc0991000 - 0xc09e8e14   ( 352 kB)
+      .text : 0xc0008000 - 0xc08f8b40   (9155 kB)
+      .init : 0xc08f9000 - 0xc0942000   ( 292 kB)
+      .data : 0xc0942000 - 0xc09902e0   ( 313 kB)
+       .bss : 0xc0993000 - 0xc09eae14   ( 352 kB)
 Preemptible hierarchical RCU implementation.
 	Additional per-CPU info printed with stalls.
 	Build-time adjustment of leaf fanout to 32.
@@ -319,4 +318,3 @@
 +3.3V_AVDD_HDMI_AP_GATED: supplied by +3.3V_RUN
 [drm] Supports vblank timestamp caching Rev 2 (21.10.2013).
 [drm] No driver support for vblank timestamp query.
-[drm] Setting vblank_disable_immediate to false because get_vblank_timestamp == NULL
Diff for ./tegra20-trimslice/tegra20-trimslice/multi_v7_defconfig_log.txt
--- /tmp/fooa	2015-05-11 00:56:59.833979470 -0700
+++ /tmp/foob	2015-05-11 00:56:59.833979470 -0700
@@ -43,21 +43,21 @@
 	 #################################################################
 	 #################################################################
 	 #################################################################
-	 ######################################
-	 3.4 MiB/s
+	 #######################################
+	 4.1 MiB/s
 done
-Bytes transferred = 6270960 (5faff0 hex)
+Bytes transferred = 6291304 (5fff68 hex)
 Tegra20 (TrimSlice) # tftpboot 0x02408000 tegra20-trimslice.dtb
 Using RTL8169#0 device
 TFTP from server 192.168.100.1; our IP address is 192.168.100.103
 Filename 'tegra20-trimslice.dtb'.
 Load address: 0x2408000
 Loading: *##
-	 2.9 MiB/s
+	 4 MiB/s
 done
 Bytes transferred = 21130 (528a hex)
 Tegra20 (TrimSlice) # bootz 0x00408000 - 0x02408000
-Kernel image @ 0x408000 [ 0x000000 - 0x5faff0 ]
+Kernel image @ 0x408000 [ 0x000000 - 0x5fff68 ]
 ## Flattened Device Tree blob at 02408000
    Booting using the fdt blob at 0x2408000
    Using Device Tree in place at 02408000, end 02410289
@@ -65,16 +65,15 @@
 Starting kernel ...
 
 Booting Linux on physical CPU 0x0
-Linux version 4.1.0-rc2-next-20150508-15554-g675b3fb (pwalmsley@sellafield) (gcc version 4.7.3 20130328 (prerelease) (crosstool-NG linaro-1.13.1-4.7-2013.04-20130415 - Linaro GCC 2013.04) ) #1 SMP Fri May 8 10:12:30 PDT 2015
+Linux version 4.1.0-rc3-next-20150511-16424-gf17107c (pwalmsley@sellafield) (gcc version 4.7.3 20130328 (prerelease) (crosstool-NG linaro-1.13.1-4.7-2013.04-20130415 - Linaro GCC 2013.04) ) #1 SMP Mon May 11 00:47:57 PDT 2015
 CPU: ARMv7 Processor [411fc090] revision 0 (ARMv7), cr=10c5387d
 CPU: PIPT / VIPT nonaliasing data cache, VIPT aliasing instruction cache
 Machine model: Compulab TrimSlice board
 debug: ignoring loglevel setting.
-earlycon: no match for ttyS0,115200n8
 cma: Reserved 64 MiB at 0x3c000000
 Memory policy: Data cache writealloc
 On node 0 totalpages: 262144
-free_area_init_node: node 0, pgdat c0f390c0, node_mem_map eeff8000
+free_area_init_node: node 0, pgdat c0f4d940, node_mem_map eeff8000
   DMA zone: 1520 pages used for memmap
   DMA zone: 0 pages reserved
   DMA zone: 194560 pages, LIFO batch:31
@@ -87,7 +86,7 @@
 PID hash table entries: 4096 (order: 2, 16384 bytes)
 Dentry cache hash table entries: 131072 (order: 7, 524288 bytes)
 Inode-cache hash table entries: 65536 (order: 6, 262144 bytes)
-Memory: 959972K/1048576K available (8020K kernel code, 1028K rwdata, 3612K rodata, 848K init, 318K bss, 23068K reserved, 65536K cma-reserved, 204800K highmem)
+Memory: 959892K/1048576K available (8024K kernel code, 1030K rwdata, 3636K rodata, 900K init, 318K bss, 23148K reserved, 65536K cma-reserved, 204800K highmem)
 Virtual kernel memory layout:
     vector  : 0xffff0000 - 0xffff1000   (   4 kB)
     fixmap  : 0xffc00000 - 0xfff00000   (3072 kB)
@@ -95,10 +94,10 @@
     lowmem  : 0xc0000000 - 0xef800000   ( 760 MB)
     pkmap   : 0xbfe00000 - 0xc0000000   (   2 MB)
     modules : 0xbf000000 - 0xbfe00000   (  14 MB)
-      .text : 0xc0208000 - 0xc0d65258   (11637 kB)
-      .init : 0xc0d66000 - 0xc0e3a000   ( 848 kB)
-      .data : 0xc0e3a000 - 0xc0f3b0a0   (1029 kB)
-       .bss : 0xc0f3e000 - 0xc0f8da68   ( 319 kB)
+      .text : 0xc0208000 - 0xc0d6c30c   (11665 kB)
+      .init : 0xc0d6d000 - 0xc0e4e000   ( 900 kB)
+      .data : 0xc0e4e000 - 0xc0f4f920   (1031 kB)
+       .bss : 0xc0f52000 - 0xc0fa1b28   ( 319 kB)
 SLUB: HWalign=64, Order=0-3, MinObjects=0, CPUs=2, Nodes=1
 Hierarchical RCU implementation.
 	Additional per-CPU info printed with stalls.
@@ -236,7 +235,6 @@
 54280000.hdmi supply hdmi not found, using dummy regulator
 [drm] Supports vblank timestamp caching Rev 2 (21.10.2013).
 [drm] No driver support for vblank timestamp query.
-[drm] Setting vblank_disable_immediate to false because get_vblank_timestamp == NULL
 drm drm: No connectors reported connected with modes
 [drm] Cannot find any crtc or sizes - going 1024x768
 Console: switching to colour frame buffer device 128x48
@@ -322,6 +320,7 @@
 tlv320aic23-codec 2-001a: ASoC: Failed to add route LLINEIN -> NULL -> Line Input
 tlv320aic23-codec 2-001a: Control not supported for path RLINEIN -> [NULL] -> Line Input
 tlv320aic23-codec 2-001a: ASoC: no dapm match for RLINEIN --> NULL --> Line Input
+usb 1-1: new high-speed USB device number 2 using tegra-ehci
 tlv320aic23-codec 2-001a: ASoC: Failed to add route RLINEIN -> NULL -> Line Input
 tlv320aic23-codec 2-001a: Control not supported for path MICIN -> [NULL] -> Mic Input
 tlv320aic23-codec 2-001a: ASoC: no dapm match for MICIN --> NULL --> Mic Input
@@ -335,34 +334,33 @@
 can: netlink gateway (rev 20130117) max_hops=1
 Key type dns_resolver registered
 ThumbEE CPU extension supported.
-Registering SWP/SWPB emulation handler
 mmc0: host does not support reading read-only switch, assuming write-enable
-usb 1-1: new high-speed USB device number 2 using tegra-ehci
 mmc0: new high speed SDHC card at address b368
+mmcblk0: mmc0:b368 NCard 3.70 GiB 
+ mmcblk0: p1
+Registering SWP/SWPB emulation handler
 utmi_phy_clk_enable: timeout waiting for phy to stabilize
 tegra-ehci c5000000.usb: EHCI Host Controller
 tegra-ehci c5000000.usb: new USB bus registered, assigned bus number 2
 tegra-ehci c5000000.usb: irq 288, io mem 0xc5000000
-mmcblk0: mmc0:b368 NCard 3.70 GiB 
- mmcblk0: p1
 tegra-ehci c5000000.usb: USB 2.0 started, EHCI 1.00
 hub 2-0:1.0: USB hub found
 hub 2-0:1.0: 1 port detected
-hub 1-1:1.0: USB hub found
 input: gpio-keys as /devices/soc0/gpio-keys/input/input0
-rtc-em3027 2-0056: setting system clock to 2014-12-25 20:12:48 UTC (1419538368)
+hub 1-1:1.0: USB hub found
 hub 1-1:1.0: 4 ports detected
+rtc-em3027 2-0056: setting system clock to 2014-12-25 20:14:13 UTC (1419538453)
 ALSA device list:
   #0: tegra-trimslice
+EXT4-fs (mmcblk0p1): mounting ext3 file system using the ext4 subsystem
 mmc1: new high speed SD card at address b368
 mmcblk1: mmc1:b368 NCard 1.83 GiB (ro)
-EXT4-fs (mmcblk0p1): mounting ext3 file system using the ext4 subsystem
  mmcblk1: p1 p2
 EXT4-fs (mmcblk0p1): recovery complete
 EXT4-fs (mmcblk0p1): mounted filesystem with ordered data mode. Opts: (null)
 VFS: Mounted root (ext3 filesystem) on device 179:1.
 devtmpfs: mounted
-Freeing unused kernel memory: 848K (c0d66000 - c0e3a000)
+Freeing unused kernel memory: 900K (c0d6d000 - c0e4e000)
 bash: cannot set terminal process group (-1): Inappropriate ioctl for device
 bash: no job control in this shell
 root@(none):/# 
\ No newline at end of file
Diff for ./tegra20-trimslice/tegra20-trimslice/tegra_defconfig_log.txt
--- /tmp/fooa	2015-05-11 00:56:59.841979463 -0700
+++ /tmp/foob	2015-05-11 00:56:59.845979460 -0700
@@ -42,21 +42,21 @@
 	 #################################################################
 	 #################################################################
 	 #################################################################
-	 #################
-	 3.9 MiB/s
+	 ##################
+	 3.3 MiB/s
 done
-Bytes transferred = 5018936 (4c9538 hex)
+Bytes transferred = 5024424 (4caaa8 hex)
 Tegra20 (TrimSlice) # tftpboot 0x02408000 tegra20-trimslice.dtb
 Using RTL8169#0 device
 TFTP from server 192.168.100.1; our IP address is 192.168.100.103
 Filename 'tegra20-trimslice.dtb'.
 Load address: 0x2408000
 Loading: *##
-	 3.4 MiB/s
+	 2.9 MiB/s
 done
 Bytes transferred = 21130 (528a hex)
 Tegra20 (TrimSlice) # bootz 0x00408000 - 0x02408000
-Kernel image @ 0x408000 [ 0x000000 - 0x4c9538 ]
+Kernel image @ 0x408000 [ 0x000000 - 0x4caaa8 ]
 ## Flattened Device Tree blob at 02408000
    Booting using the fdt blob at 0x2408000
    Using Device Tree in place at 02408000, end 02410289
@@ -67,17 +67,16 @@
 Booting Linux on physical CPU 0x0
 Initializing cgroup subsys cpu
 Initializing cgroup subsys cpuacct
-Linux version 4.1.0-rc2-next-20150508-15554-g675b3fb (pwalmsley@kaivo) (gcc version 4.7.3 20130328 (prerelease) (crosstool-NG linaro-1.13.1-4.7-2013.04-20130415 - Linaro GCC 2013.04) ) #1 SMP PREEMPT Fri May 8 10:14:03 PDT 2015
+Linux version 4.1.0-rc3-next-20150511-16424-gf17107c (pwalmsley@kaivo) (gcc version 4.7.3 20130328 (prerelease) (crosstool-NG linaro-1.13.1-4.7-2013.04-20130415 - Linaro GCC 2013.04) ) #1 SMP PREEMPT Mon May 11 00:48:13 PDT 2015
 CPU: ARMv7 Processor [411fc090] revision 0 (ARMv7), cr=10c5387d
 CPU: PIPT / VIPT nonaliasing data cache, VIPT aliasing instruction cache
 Machine model: Compulab TrimSlice board
 debug: ignoring loglevel setting.
-earlycon: no match for ttyS0,115200n8
 bootconsole [earlycon0] enabled
 cma: Reserved 64 MiB at 0x3c000000
 Memory policy: Data cache writealloc
 On node 0 totalpages: 262144
-free_area_init_node: node 0, pgdat c09a8340, node_mem_map eeff7000
+free_area_init_node: node 0, pgdat c09aa400, node_mem_map eeff7000
   Normal zone: 1520 pages used for memmap
   Normal zone: 0 pages reserved
   Normal zone: 194560 pages, LIFO batch:31
@@ -90,7 +89,7 @@
 PID hash table entries: 4096 (order: 2, 16384 bytes)
 Dentry cache hash table entries: 131072 (order: 7, 524288 bytes)
 Inode-cache hash table entries: 65536 (order: 6, 262144 bytes)
-Memory: 963588K/1048576K available (6886K kernel code, 327K rwdata, 2336K rodata, 312K init, 351K bss, 19452K reserved, 65536K cma-reserved, 204800K highmem)
+Memory: 963580K/1048576K available (6894K kernel code, 327K rwdata, 2336K rodata, 312K init, 351K bss, 19460K reserved, 65536K cma-reserved, 204800K highmem)
 Virtual kernel memory layout:
     vector  : 0xffff0000 - 0xffff1000   (   4 kB)
     fixmap  : 0xffc00000 - 0xfff00000   (3072 kB)
@@ -98,10 +97,10 @@
     lowmem  : 0xc0000000 - 0xef800000   ( 760 MB)
     pkmap   : 0xbfe00000 - 0xc0000000   (   2 MB)
     modules : 0xbf000000 - 0xbfe00000   (  14 MB)
-      .text : 0xc0008000 - 0xc0909d54   (9224 kB)
-      .init : 0xc090a000 - 0xc0958000   ( 312 kB)
-      .data : 0xc0958000 - 0xc09a9ee0   ( 328 kB)
-       .bss : 0xc09ac000 - 0xc0a03e94   ( 352 kB)
+      .text : 0xc0008000 - 0xc090bea8   (9232 kB)
+      .init : 0xc090c000 - 0xc095a000   ( 312 kB)
+      .data : 0xc095a000 - 0xc09abfa0   ( 328 kB)
+       .bss : 0xc09ae000 - 0xc0a05ed4   ( 352 kB)
 Preemptible hierarchical RCU implementation.
 	Additional per-CPU info printed with stalls.
 	Build-time adjustment of leaf fanout to 32.
@@ -237,7 +236,6 @@
 54280000.hdmi supply hdmi not found, using dummy regulator
 [drm] Supports vblank timestamp caching Rev 2 (21.10.2013).
 [drm] No driver support for vblank timestamp query.
-[drm] Setting vblank_disable_immediate to false because get_vblank_timestamp == NULL
 drm drm: No connectors reported connected with modes
 [drm] Cannot find any crtc or sizes - going 1024x768
 Console: switching to colour frame buffer device 128x48
@@ -342,25 +340,25 @@
 tegra-ehci c5000000.usb: EHCI Host Controller
 tegra-ehci c5000000.usb: new USB bus registered, assigned bus number 2
 tegra-ehci c5000000.usb: irq 288, io mem 0xc5000000
-hub 1-1:1.0: USB hub found
-hub 1-1:1.0: 4 ports detected
 mmc1: new high speed SD card at address b368
 mmcblk1: mmc1:b368 NCard 1.83 GiB (ro)
- mmcblk1: p1 p2
 tegra-ehci c5000000.usb: USB 2.0 started, EHCI 1.00
+hub 1-1:1.0: USB hub found
 hub 2-0:1.0: USB hub found
 hub 2-0:1.0: 1 port detected
 input: gpio-keys as /devices/soc0/gpio-keys/input/input0
-rtc-em3027 2-0056: setting system clock to 2014-12-25 20:13:06 UTC (1419538386)
+hub 1-1:1.0: 4 ports detected
+rtc-em3027 2-0056: setting system clock to 2014-12-25 20:13:56 UTC (1419538436)
 ALSA device list:
   #0: tegra-trimslice
+ mmcblk1: p1 p2
 kjournald starting.  Commit interval 5 seconds
 EXT3-fs (mmcblk0p1): using internal journal
 EXT3-fs (mmcblk0p1): recovery complete
 EXT3-fs (mmcblk0p1): mounted filesystem with writeback data mode
 VFS: Mounted root (ext3 filesystem) on device 179:1.
 devtmpfs: mounted
-Freeing unused kernel memory: 312K (c090a000 - c0958000)
+Freeing unused kernel memory: 312K (c090c000 - c095a000)
 bash: cannot set terminal process group (-1): Inappropriate ioctl for device
 bash: no job control in this shell
 root@(none):/# 
\ No newline at end of file
Diff for ./tegra30-beaver/tegra30-beaver/multi_v7_defconfig_log.txt
--- /tmp/fooa	2015-05-11 00:56:59.849979458 -0700
+++ /tmp/foob	2015-05-11 00:56:59.849979458 -0700
@@ -37,21 +37,21 @@
 	 #################################################################
 	 #################################################################
 	 #################################################################
-	 ######################################
-	 3 MiB/s
+	 #######################################
+	 3.4 MiB/s
 done
-Bytes transferred = 6270960 (5faff0 hex)
+Bytes transferred = 6291304 (5fff68 hex)
 Tegra30 (Beaver) # tftpboot 0x82000000 tegra30-beaver.dtb
 Using asx0 device
 TFTP from server 192.168.100.1; our IP address is 192.168.100.101
 Filename 'tegra30-beaver.dtb'.
 Load address: 0x82000000
 Loading: *####
-	 2.6 MiB/s
+	 3.1 MiB/s
 done
 Bytes transferred = 51467 (c90b hex)
 Tegra30 (Beaver) # bootz 0x81000000 - 0x82000000
-Kernel image @ 0x81000000 [ 0x000000 - 0x5faff0 ]
+Kernel image @ 0x81000000 [ 0x000000 - 0x5fff68 ]
 ## Flattened Device Tree blob at 82000000
    Booting using the fdt blob at 0x82000000
    Loading Device Tree to 8fff0000, end 8ffff90a ... OK
@@ -59,16 +59,15 @@
 Starting kernel ...
 
 Booting Linux on physical CPU 0x0
-Linux version 4.1.0-rc2-next-20150508-15554-g675b3fb (pwalmsley@sellafield) (gcc version 4.7.3 20130328 (prerelease) (crosstool-NG linaro-1.13.1-4.7-2013.04-20130415 - Linaro GCC 2013.04) ) #1 SMP Fri May 8 10:12:30 PDT 2015
+Linux version 4.1.0-rc3-next-20150511-16424-gf17107c (pwalmsley@sellafield) (gcc version 4.7.3 20130328 (prerelease) (crosstool-NG linaro-1.13.1-4.7-2013.04-20130415 - Linaro GCC 2013.04) ) #1 SMP Mon May 11 00:47:57 PDT 2015
 CPU: ARMv7 Processor [412fc099] revision 9 (ARMv7), cr=10c5387d
 CPU: PIPT / VIPT nonaliasing data cache, VIPT aliasing instruction cache
 Machine model: NVIDIA Tegra30 Beaver evaluation board
 debug: ignoring loglevel setting.
-earlycon: no match for ttyS0,115200n8
 cma: Reserved 64 MiB at 0xfb800000
 Memory policy: Data cache writealloc
 On node 0 totalpages: 524032
-free_area_init_node: node 0, pgdat c0f390c0, node_mem_map ee7f8000
+free_area_init_node: node 0, pgdat c0f4d940, node_mem_map ee7f8000
   DMA zone: 1520 pages used for memmap
   DMA zone: 0 pages reserved
   DMA zone: 194560 pages, LIFO batch:31
@@ -81,7 +80,7 @@
 PID hash table entries: 4096 (order: 2, 16384 bytes)
 Dentry cache hash table entries: 131072 (order: 7, 524288 bytes)
 Inode-cache hash table entries: 65536 (order: 6, 262144 bytes)
-Memory: 1999084K/2096128K available (8020K kernel code, 1028K rwdata, 3612K rodata, 848K init, 318K bss, 31508K reserved, 65536K cma-reserved, 1252352K highmem)
+Memory: 1999004K/2096128K available (8024K kernel code, 1030K rwdata, 3636K rodata, 900K init, 318K bss, 31588K reserved, 65536K cma-reserved, 1252352K highmem)
 Virtual kernel memory layout:
     vector  : 0xffff0000 - 0xffff1000   (   4 kB)
     fixmap  : 0xffc00000 - 0xfff00000   (3072 kB)
@@ -89,10 +88,10 @@
     lowmem  : 0xc0000000 - 0xef800000   ( 760 MB)
     pkmap   : 0xbfe00000 - 0xc0000000   (   2 MB)
     modules : 0xbf000000 - 0xbfe00000   (  14 MB)
-      .text : 0xc0208000 - 0xc0d65258   (11637 kB)
-      .init : 0xc0d66000 - 0xc0e3a000   ( 848 kB)
-      .data : 0xc0e3a000 - 0xc0f3b0a0   (1029 kB)
-       .bss : 0xc0f3e000 - 0xc0f8da68   ( 319 kB)
+      .text : 0xc0208000 - 0xc0d6c30c   (11665 kB)
+      .init : 0xc0d6d000 - 0xc0e4e000   ( 900 kB)
+      .data : 0xc0e4e000 - 0xc0f4f920   (1031 kB)
+       .bss : 0xc0f52000 - 0xc0fa1b28   ( 319 kB)
 SLUB: HWalign=64, Order=0-3, MinObjects=0, CPUs=4, Nodes=1
 Hierarchical RCU implementation.
 	Additional per-CPU info printed with stalls.
@@ -346,7 +345,6 @@
 vdd_1v8_gen: supplied by vdd_5v_in
 [drm] Supports vblank timestamp caching Rev 2 (21.10.2013).
 [drm] No driver support for vblank timestamp query.
-[drm] Setting vblank_disable_immediate to false because get_vblank_timestamp == NULL
 drm drm: No connectors reported connected with modes
 [drm] Cannot find any crtc or sizes - going 1024x768
 Console: switching to colour frame buffer device 128x48
@@ -378,7 +376,7 @@
 EXT4-fs (mmcblk0p1): mounted filesystem with ordered data mode. Opts: (null)
 VFS: Mounted root (ext3 filesystem) on device 179:1.
 devtmpfs: mounted
-Freeing unused kernel memory: 848K (c0d66000 - c0e3a000)
+Freeing unused kernel memory: 900K (c0d6d000 - c0e4e000)
 bash: cannot set terminal process group (-1): Inappropriate ioctl for device
 bash: no job control in this shell
-root@(none):/# [    4.233968] usb 2-1: new high-speed USB device number 2 using tegra-ehci
+root@(none):/# [    4.223959] usb 2-1: new high-speed USB device number 2 using tegra-ehci
Diff for ./tegra30-beaver/tegra30-beaver/tegra_defconfig_log.txt
--- /tmp/fooa	2015-05-11 00:56:59.857979451 -0700
+++ /tmp/foob	2015-05-11 00:56:59.857979451 -0700
@@ -36,21 +36,21 @@
 	 #################################################################
 	 #################################################################
 	 #################################################################
-	 #################
-	 3.3 MiB/s
+	 ##################
+	 2.8 MiB/s
 done
-Bytes transferred = 5018936 (4c9538 hex)
+Bytes transferred = 5024424 (4caaa8 hex)
 Tegra30 (Beaver) # tftpboot 0x82000000 tegra30-beaver.dtb
 Using asx0 device
 TFTP from server 192.168.100.1; our IP address is 192.168.100.101
 Filename 'tegra30-beaver.dtb'.
 Load address: 0x82000000
 Loading: *####
-	 2.9 MiB/s
+	 2.6 MiB/s
 done
 Bytes transferred = 51467 (c90b hex)
 Tegra30 (Beaver) # bootz 0x81000000 - 0x82000000
-Kernel image @ 0x81000000 [ 0x000000 - 0x4c9538 ]
+Kernel image @ 0x81000000 [ 0x000000 - 0x4caaa8 ]
 ## Flattened Device Tree blob at 82000000
    Booting using the fdt blob at 0x82000000
    Loading Device Tree to 8fff0000, end 8ffff90a ... OK
@@ -61,16 +61,15 @@
 Booting Linux on physical CPU 0x0
 Initializing cgroup subsys cpu
 Initializing cgroup subsys cpuacct
-Linux version 4.1.0-rc2-next-20150508-15554-g675b3fb (pwalmsley@kaivo) (gcc version 4.7.3 20130328 (prerelease) (crosstool-NG linaro-1.13.1-4.7-2013.04-20130415 - Linaro GCC 2013.04) ) #1 SMP PREEMPT Fri May 8 10:14:03 PDT 2015
+Linux version 4.1.0-rc3-next-20150511-16424-gf17107c (pwalmsley@kaivo) (gcc version 4.7.3 20130328 (prerelease) (crosstool-NG linaro-1.13.1-4.7-2013.04-20130415 - Linaro GCC 2013.04) ) #1 SMP PREEMPT Mon May 11 00:48:13 PDT 2015
 CPU: ARMv7 Processor [412fc099] revision 9 (ARMv7), cr=10c5387d
 CPU: PIPT / VIPT nonaliasing data cache, VIPT aliasing instruction cache
 Machine model: NVIDIA Tegra30 Beaver evaluation board
 debug: ignoring loglevel setting.
-earlycon: no match for ttyS0,115200n8
 cma: Reserved 64 MiB at 0xfbc00000
 Memory policy: Data cache writealloc
 On node 0 totalpages: 524032
-free_area_init_node: node 0, pgdat c09a8340, node_mem_map ee7f7000
+free_area_init_node: node 0, pgdat c09aa400, node_mem_map ee7f7000
   Normal zone: 1520 pages used for memmap
   Normal zone: 0 pages reserved
   Normal zone: 194560 pages, LIFO batch:31
@@ -83,7 +82,7 @@
 PID hash table entries: 4096 (order: 2, 16384 bytes)
 Dentry cache hash table entries: 131072 (order: 7, 524288 bytes)
 Inode-cache hash table entries: 65536 (order: 6, 262144 bytes)
-Memory: 2002700K/2096128K available (6886K kernel code, 327K rwdata, 2336K rodata, 312K init, 351K bss, 27892K reserved, 65536K cma-reserved, 1252352K highmem)
+Memory: 2002692K/2096128K available (6894K kernel code, 327K rwdata, 2336K rodata, 312K init, 351K bss, 27900K reserved, 65536K cma-reserved, 1252352K highmem)
 Virtual kernel memory layout:
     vector  : 0xffff0000 - 0xffff1000   (   4 kB)
     fixmap  : 0xffc00000 - 0xfff00000   (3072 kB)
@@ -91,10 +90,10 @@
     lowmem  : 0xc0000000 - 0xef800000   ( 760 MB)
     pkmap   : 0xbfe00000 - 0xc0000000   (   2 MB)
     modules : 0xbf000000 - 0xbfe00000   (  14 MB)
-      .text : 0xc0008000 - 0xc0909d54   (9224 kB)
-      .init : 0xc090a000 - 0xc0958000   ( 312 kB)
-      .data : 0xc0958000 - 0xc09a9ee0   ( 328 kB)
-       .bss : 0xc09ac000 - 0xc0a03e94   ( 352 kB)
+      .text : 0xc0008000 - 0xc090bea8   (9232 kB)
+      .init : 0xc090c000 - 0xc095a000   ( 312 kB)
+      .data : 0xc095a000 - 0xc09abfa0   ( 328 kB)
+       .bss : 0xc09ae000 - 0xc0a05ed4   ( 352 kB)
 Preemptible hierarchical RCU implementation.
 	Additional per-CPU info printed with stalls.
 	Build-time adjustment of leaf fanout to 32.
@@ -339,7 +338,6 @@
 vdd_1v8_gen: supplied by vdd_5v_in
 [drm] Supports vblank timestamp caching Rev 2 (21.10.2013).
 [drm] No driver support for vblank timestamp query.
-[drm] Setting vblank_disable_immediate to false because get_vblank_timestamp == NULL
 drm drm: No connectors reported connected with modes
 [drm] Cannot find any crtc or sizes - going 1024x768
 Console: switching to colour frame buffer device 128x48
@@ -365,14 +363,14 @@
 vdd_sata,avdd_plle: disabling
 ALSA device list:
   #0: NVIDIA Tegra Beaver
-kjournald starting.  Commit interval 5 seconds
 EXT3-fs (mmcblk0p1): warning: mounting fs with errors, running e2fsck is recommended
+kjournald starting.  Commit interval 5 seconds
 EXT3-fs (mmcblk0p1): using internal journal
 EXT3-fs (mmcblk0p1): recovery complete
 EXT3-fs (mmcblk0p1): mounted filesystem with writeback data mode
 VFS: Mounted root (ext3 filesystem) on device 179:1.
 devtmpfs: mounted
-Freeing unused kernel memory: 312K (c090a000 - c0958000)
+Freeing unused kernel memory: 312K (c090c000 - c095a000)
 bash: cannot set terminal process group (-1): Inappropriate ioctl for device
 bash: no job control in this shell
-root@(none):/# [    4.456535] usb 2-1: new high-speed USB device number 2 using tegra-ehci
+root@(none):/# [    4.426533] usb 2-1: new high-speed USB device number 2 using tegra-ehci
Diff for ./tegra30-beaver/tegra30-beaver/tegra_defconfig%tegra20,30_mergeconfig_log.txt
--- /tmp/fooa	2015-05-11 00:56:59.865979444 -0700
+++ /tmp/foob	2015-05-11 00:56:59.865979444 -0700
@@ -37,20 +37,20 @@
 	 #################################################################
 	 #################################################################
 	 #################
-	 3.5 MiB/s
+	 3.4 MiB/s
 done
-Bytes transferred = 5013976 (4c81d8 hex)
+Bytes transferred = 5017720 (4c9078 hex)
 Tegra30 (Beaver) # tftpboot 0x82000000 tegra30-beaver.dtb
 Using asx0 device
 TFTP from server 192.168.100.1; our IP address is 192.168.100.101
 Filename 'tegra30-beaver.dtb'.
 Load address: 0x82000000
 Loading: *####
-	 3.1 MiB/s
+	 3.3 MiB/s
 done
 Bytes transferred = 51467 (c90b hex)
 Tegra30 (Beaver) # bootz 0x81000000 - 0x82000000
-Kernel image @ 0x81000000 [ 0x000000 - 0x4c81d8 ]
+Kernel image @ 0x81000000 [ 0x000000 - 0x4c9078 ]
 ## Flattened Device Tree blob at 82000000
    Booting using the fdt blob at 0x82000000
    Loading Device Tree to 8fff0000, end 8ffff90a ... OK
@@ -61,16 +61,15 @@
 Booting Linux on physical CPU 0x0
 Initializing cgroup subsys cpu
 Initializing cgroup subsys cpuacct
-Linux version 4.1.0-rc2-next-20150508-15554-g675b3fb (pwalmsley@sellafield) (gcc version 4.7.3 20130328 (prerelease) (crosstool-NG linaro-1.13.1-4.7-2013.04-20130415 - Linaro GCC 2013.04) ) #1 SMP PREEMPT Fri May 8 10:17:09 PDT 2015
+Linux version 4.1.0-rc3-next-20150511-16424-gf17107c (pwalmsley@sellafield) (gcc version 4.7.3 20130328 (prerelease) (crosstool-NG linaro-1.13.1-4.7-2013.04-20130415 - Linaro GCC 2013.04) ) #1 SMP PREEMPT Mon May 11 00:52:47 PDT 2015
 CPU: ARMv7 Processor [412fc099] revision 9 (ARMv7), cr=10c5387d
 CPU: PIPT / VIPT nonaliasing data cache, VIPT aliasing instruction cache
 Machine model: NVIDIA Tegra30 Beaver evaluation board
 debug: ignoring loglevel setting.
-earlycon: no match for ttyS0,115200n8
 cma: Reserved 64 MiB at 0xfbc00000
 Memory policy: Data cache writealloc
 On node 0 totalpages: 524032
-free_area_init_node: node 0, pgdat c099f440, node_mem_map ee7f7000
+free_area_init_node: node 0, pgdat c09a1500, node_mem_map ee7f7000
   Normal zone: 1520 pages used for memmap
   Normal zone: 0 pages reserved
   Normal zone: 194560 pages, LIFO batch:31
@@ -83,7 +82,7 @@
 PID hash table entries: 4096 (order: 2, 16384 bytes)
 Dentry cache hash table entries: 131072 (order: 7, 524288 bytes)
 Inode-cache hash table entries: 65536 (order: 6, 262144 bytes)
-Memory: 2002736K/2096128K available (6882K kernel code, 323K rwdata, 2316K rodata, 304K init, 351K bss, 27856K reserved, 65536K cma-reserved, 1252352K highmem)
+Memory: 2002724K/2096128K available (6890K kernel code, 324K rwdata, 2316K rodata, 304K init, 351K bss, 27868K reserved, 65536K cma-reserved, 1252352K highmem)
 Virtual kernel memory layout:
     vector  : 0xffff0000 - 0xffff1000   (   4 kB)
     fixmap  : 0xffc00000 - 0xfff00000   (3072 kB)
@@ -91,10 +90,10 @@
     lowmem  : 0xc0000000 - 0xef800000   ( 760 MB)
     pkmap   : 0xbfe00000 - 0xc0000000   (   2 MB)
     modules : 0xbf000000 - 0xbfe00000   (  14 MB)
-      .text : 0xc0008000 - 0xc0903ce4   (9200 kB)
-      .init : 0xc0904000 - 0xc0950000   ( 304 kB)
-      .data : 0xc0950000 - 0xc09a0fe0   ( 324 kB)
-       .bss : 0xc09a3000 - 0xc09fae94   ( 352 kB)
+      .text : 0xc0008000 - 0xc0905e38   (9208 kB)
+      .init : 0xc0906000 - 0xc0952000   ( 304 kB)
+      .data : 0xc0952000 - 0xc09a30a0   ( 325 kB)
+       .bss : 0xc09a6000 - 0xc09fde94   ( 352 kB)
 Preemptible hierarchical RCU implementation.
 	Additional per-CPU info printed with stalls.
 	Build-time adjustment of leaf fanout to 32.
@@ -339,7 +338,6 @@
 vdd_1v8_gen: supplied by vdd_5v_in
 [drm] Supports vblank timestamp caching Rev 2 (21.10.2013).
 [drm] No driver support for vblank timestamp query.
-[drm] Setting vblank_disable_immediate to false because get_vblank_timestamp == NULL
 drm drm: No connectors reported connected with modes
 [drm] Cannot find any crtc or sizes - going 1024x768
 Console: switching to colour frame buffer device 128x48
@@ -372,7 +370,7 @@
 EXT3-fs (mmcblk0p1): mounted filesystem with writeback data mode
 VFS: Mounted root (ext3 filesystem) on device 179:1.
 devtmpfs: mounted
-Freeing unused kernel memory: 304K (c0904000 - c0950000)
+Freeing unused kernel memory: 304K (c0906000 - c0952000)
 bash: cannot set terminal process group (-1): Inappropriate ioctl for device
 bash: no job control in this shell
-root@(none):/# [    4.476836] usb 2-1: new high-speed USB device number 2 using tegra-ehci
+root@(none):/# [    4.466881] usb 2-1: new high-speed USB device number 2 using tegra-ehci
Diff for ./tegra30-beaver/tegra30-beaver/tegra_defconfig%tegra30,114_mergeconfig_log.txt
--- /tmp/fooa	2015-05-11 00:56:59.873979437 -0700
+++ /tmp/foob	2015-05-11 00:56:59.873979437 -0700
@@ -36,21 +36,21 @@
 	 #################################################################
 	 #################################################################
 	 #################################################################
-	 ################
+	 #################
 	 2.8 MiB/s
 done
-Bytes transferred = 5002912 (4c56a0 hex)
+Bytes transferred = 5008976 (4c6e50 hex)
 Tegra30 (Beaver) # tftpboot 0x82000000 tegra30-beaver.dtb
 Using asx0 device
 TFTP from server 192.168.100.1; our IP address is 192.168.100.101
 Filename 'tegra30-beaver.dtb'.
 Load address: 0x82000000
 Loading: *####
-	 2.9 MiB/s
+	 2.6 MiB/s
 done
 Bytes transferred = 51467 (c90b hex)
 Tegra30 (Beaver) # bootz 0x81000000 - 0x82000000
-Kernel image @ 0x81000000 [ 0x000000 - 0x4c56a0 ]
+Kernel image @ 0x81000000 [ 0x000000 - 0x4c6e50 ]
 ## Flattened Device Tree blob at 82000000
    Booting using the fdt blob at 0x82000000
    Loading Device Tree to 8fff0000, end 8ffff90a ... OK
@@ -61,16 +61,15 @@
 Booting Linux on physical CPU 0x0
 Initializing cgroup subsys cpu
 Initializing cgroup subsys cpuacct
-Linux version 4.1.0-rc2-next-20150508-133795-g675b3fb (pwalmsley@tamien) (gcc version 4.7.3 20130328 (prerelease) (crosstool-NG linaro-1.13.1-4.7-2013.04-20130415 - Linaro GCC 2013.04) ) #1 SMP PREEMPT Fri May 8 10:19:49 PDT 2015
+Linux version 4.1.0-rc3-next-20150511-16424-gf17107c (pwalmsley@kaivo) (gcc version 4.7.3 20130328 (prerelease) (crosstool-NG linaro-1.13.1-4.7-2013.04-20130415 - Linaro GCC 2013.04) ) #1 SMP PREEMPT Mon May 11 00:55:17 PDT 2015
 CPU: ARMv7 Processor [412fc099] revision 9 (ARMv7), cr=10c5387d
 CPU: PIPT / VIPT nonaliasing data cache, VIPT aliasing instruction cache
 Machine model: NVIDIA Tegra30 Beaver evaluation board
 debug: ignoring loglevel setting.
-earlycon: no match for ttyS0,115200n8
 cma: Reserved 64 MiB at 0xfbc00000
 Memory policy: Data cache writealloc
 On node 0 totalpages: 524032
-free_area_init_node: node 0, pgdat c099a300, node_mem_map ee7f7000
+free_area_init_node: node 0, pgdat c099c400, node_mem_map ee7f7000
   Normal zone: 1520 pages used for memmap
   Normal zone: 0 pages reserved
   Normal zone: 194560 pages, LIFO batch:31
@@ -83,7 +82,7 @@
 PID hash table entries: 4096 (order: 2, 16384 bytes)
 Dentry cache hash table entries: 131072 (order: 7, 524288 bytes)
 Inode-cache hash table entries: 65536 (order: 6, 262144 bytes)
-Memory: 2002756K/2096128K available (6873K kernel code, 319K rwdata, 2312K rodata, 300K init, 351K bss, 27836K reserved, 65536K cma-reserved, 1252352K highmem)
+Memory: 2002748K/2096128K available (6882K kernel code, 319K rwdata, 2312K rodata, 300K init, 351K bss, 27844K reserved, 65536K cma-reserved, 1252352K highmem)
 Virtual kernel memory layout:
     vector  : 0xffff0000 - 0xffff1000   (   4 kB)
     fixmap  : 0xffc00000 - 0xfff00000   (3072 kB)
@@ -91,10 +90,10 @@
     lowmem  : 0xc0000000 - 0xef800000   ( 760 MB)
     pkmap   : 0xbfe00000 - 0xc0000000   (   2 MB)
     modules : 0xbf000000 - 0xbfe00000   (  14 MB)
-      .text : 0xc0008000 - 0xc0900b24   (9187 kB)
-      .init : 0xc0901000 - 0xc094c000   ( 300 kB)
-      .data : 0xc094c000 - 0xc099bea0   ( 320 kB)
-       .bss : 0xc099e000 - 0xc09f5e54   ( 352 kB)
+      .text : 0xc0008000 - 0xc0902c78   (9196 kB)
+      .init : 0xc0903000 - 0xc094e000   ( 300 kB)
+      .data : 0xc094e000 - 0xc099dfa0   ( 320 kB)
+       .bss : 0xc09a0000 - 0xc09f7e54   ( 352 kB)
 Preemptible hierarchical RCU implementation.
 	Additional per-CPU info printed with stalls.
 	Build-time adjustment of leaf fanout to 32.
@@ -339,7 +338,6 @@
 vdd_1v8_gen: supplied by vdd_5v_in
 [drm] Supports vblank timestamp caching Rev 2 (21.10.2013).
 [drm] No driver support for vblank timestamp query.
-[drm] Setting vblank_disable_immediate to false because get_vblank_timestamp == NULL
 drm drm: No connectors reported connected with modes
 [drm] Cannot find any crtc or sizes - going 1024x768
 Console: switching to colour frame buffer device 128x48
@@ -365,14 +363,14 @@
 vdd_sata,avdd_plle: disabling
 ALSA device list:
   #0: NVIDIA Tegra Beaver
-kjournald starting.  Commit interval 5 seconds
 EXT3-fs (mmcblk0p1): warning: mounting fs with errors, running e2fsck is recommended
+kjournald starting.  Commit interval 5 seconds
 EXT3-fs (mmcblk0p1): using internal journal
 EXT3-fs (mmcblk0p1): recovery complete
 EXT3-fs (mmcblk0p1): mounted filesystem with writeback data mode
 VFS: Mounted root (ext3 filesystem) on device 179:1.
 devtmpfs: mounted
-Freeing unused kernel memory: 300K (c0901000 - c094c000)
+Freeing unused kernel memory: 300K (c0903000 - c094e000)
 bash: cannot set terminal process group (-1): Inappropriate ioctl for device
 bash: no job control in this shell
-root@(none):/# [    4.456492] usb 2-1: new high-speed USB device number 2 using tegra-ehci
+root@(none):/# [    4.436514] usb 2-1: new high-speed USB device number 2 using tegra-ehci
Diff for ./tegra30-beaver/tegra30-beaver/tegra_defconfig%tegra30_mergeconfig_log.txt
--- /tmp/fooa	2015-05-11 00:56:59.881979431 -0700
+++ /tmp/foob	2015-05-11 00:56:59.881979431 -0700
@@ -39,18 +39,18 @@
 	 ################
 	 3.2 MiB/s
 done
-Bytes transferred = 5000704 (4c4e00 hex)
+Bytes transferred = 5005312 (4c6000 hex)
 Tegra30 (Beaver) # tftpboot 0x82000000 tegra30-beaver.dtb
 Using asx0 device
 TFTP from server 192.168.100.1; our IP address is 192.168.100.101
 Filename 'tegra30-beaver.dtb'.
 Load address: 0x82000000
 Loading: *####
-	 3.3 MiB/s
+	 2.7 MiB/s
 done
 Bytes transferred = 51467 (c90b hex)
 Tegra30 (Beaver) # bootz 0x81000000 - 0x82000000
-Kernel image @ 0x81000000 [ 0x000000 - 0x4c4e00 ]
+Kernel image @ 0x81000000 [ 0x000000 - 0x4c6000 ]
 ## Flattened Device Tree blob at 82000000
    Booting using the fdt blob at 0x82000000
    Loading Device Tree to 8fff0000, end 8ffff90a ... OK
@@ -61,16 +61,15 @@
 Booting Linux on physical CPU 0x0
 Initializing cgroup subsys cpu
 Initializing cgroup subsys cpuacct
-Linux version 4.1.0-rc2-next-20150508-15554-g675b3fb (pwalmsley@sellafield) (gcc version 4.7.3 20130328 (prerelease) (crosstool-NG linaro-1.13.1-4.7-2013.04-20130415 - Linaro GCC 2013.04) ) #1 SMP PREEMPT Fri May 8 10:15:06 PDT 2015
+Linux version 4.1.0-rc3-next-20150511-16424-gf17107c (pwalmsley@kaivo) (gcc version 4.7.3 20130328 (prerelease) (crosstool-NG linaro-1.13.1-4.7-2013.04-20130415 - Linaro GCC 2013.04) ) #1 SMP PREEMPT Mon May 11 00:51:29 PDT 2015
 CPU: ARMv7 Processor [412fc099] revision 9 (ARMv7), cr=10c5387d
 CPU: PIPT / VIPT nonaliasing data cache, VIPT aliasing instruction cache
 Machine model: NVIDIA Tegra30 Beaver evaluation board
 debug: ignoring loglevel setting.
-earlycon: no match for ttyS0,115200n8
 cma: Reserved 64 MiB at 0xfbc00000
 Memory policy: Data cache writealloc
 On node 0 totalpages: 524032
-free_area_init_node: node 0, pgdat c09933c0, node_mem_map ee7f7000
+free_area_init_node: node 0, pgdat c09954c0, node_mem_map ee7f7000
   Normal zone: 1520 pages used for memmap
   Normal zone: 0 pages reserved
   Normal zone: 194560 pages, LIFO batch:31
@@ -83,7 +82,7 @@
 PID hash table entries: 4096 (order: 2, 16384 bytes)
 Dentry cache hash table entries: 131072 (order: 7, 524288 bytes)
 Inode-cache hash table entries: 65536 (order: 6, 262144 bytes)
-Memory: 2002784K/2096128K available (6873K kernel code, 315K rwdata, 2292K rodata, 296K init, 351K bss, 27808K reserved, 65536K cma-reserved, 1252352K highmem)
+Memory: 2002772K/2096128K available (6881K kernel code, 316K rwdata, 2292K rodata, 296K init, 351K bss, 27820K reserved, 65536K cma-reserved, 1252352K highmem)
 Virtual kernel memory layout:
     vector  : 0xffff0000 - 0xffff1000   (   4 kB)
     fixmap  : 0xffc00000 - 0xfff00000   (3072 kB)
@@ -91,10 +90,10 @@
     lowmem  : 0xc0000000 - 0xef800000   ( 760 MB)
     pkmap   : 0xbfe00000 - 0xc0000000   (   2 MB)
     modules : 0xbf000000 - 0xbfe00000   (  14 MB)
-      .text : 0xc0008000 - 0xc08fbab4   (9167 kB)
-      .init : 0xc08fc000 - 0xc0946000   ( 296 kB)
-      .data : 0xc0946000 - 0xc0994f60   ( 316 kB)
-       .bss : 0xc0997000 - 0xc09eee14   ( 352 kB)
+      .text : 0xc0008000 - 0xc08fdc08   (9176 kB)
+      .init : 0xc08fe000 - 0xc0948000   ( 296 kB)
+      .data : 0xc0948000 - 0xc0997060   ( 317 kB)
+       .bss : 0xc099a000 - 0xc09f1e14   ( 352 kB)
 Preemptible hierarchical RCU implementation.
 	Additional per-CPU info printed with stalls.
 	Build-time adjustment of leaf fanout to 32.
@@ -339,7 +338,6 @@
 vdd_1v8_gen: supplied by vdd_5v_in
 [drm] Supports vblank timestamp caching Rev 2 (21.10.2013).
 [drm] No driver support for vblank timestamp query.
-[drm] Setting vblank_disable_immediate to false because get_vblank_timestamp == NULL
 drm drm: No connectors reported connected with modes
 [drm] Cannot find any crtc or sizes - going 1024x768
 Console: switching to colour frame buffer device 128x48
@@ -372,7 +370,7 @@
 EXT3-fs (mmcblk0p1): mounted filesystem with writeback data mode
 VFS: Mounted root (ext3 filesystem) on device 179:1.
 devtmpfs: mounted
-Freeing unused kernel memory: 296K (c08fc000 - c0946000)
+Freeing unused kernel memory: 296K (c08fe000 - c0948000)
 bash: cannot set terminal process group (-1): Inappropriate ioctl for device
 bash: no job control in this shell
-root@(none):/# [    4.456497] usb 2-1: new high-speed USB device number 2 using tegra-ehci
+root@(none):/# [    4.436488] usb 2-1: new high-speed USB device number 2 using tegra-ehci
