

U-Boot 2011.03 (Jun 11 2013 - 06:07:37)

T114
Board: NVIDIA Dalmore
DRAM:  2 GiB
MMC:   Tegra2 SD/MMC: 0, Tegra2 SD/MMC: 1
In:    serial
Out:   serial
Err:   serial
Net:   Net Initialization Skipped
No ethernet found.
Hit any key to stop autoboot:  2  1  0 
Dalmore #
Dalmore #usb reset
(Re)start USB...
USB:   Register 10011 NbrPorts 1
USB EHCI 1.10
scanning bus for devices... 2 USB Device(s) found
       scanning bus for storage devices... 0 Storage Device(s) found
       scanning bus for ethernet devices... 1 Ethernet Device(s) found
Dalmore #setenv bootargs 'ignore_loglevel console=ttyS0,115200n8 rw root=/dev/mmcblk0p1 rootwait gpt init=/bin/bash'
Dalmore #setenv ipaddr 192.168.100.100; setenv serverip 192.168.100.1; setenv tftpserverip 192.168.100.1
Dalmore #tftpboot 0x81000000 zImage.tegra_defconfig%tegra114_mergeconfig
Waiting for Ethernet connection... done.
Using asx0 device
TFTP from server 192.168.100.1; our IP address is 192.168.100.100
Filename 'zImage.tegra_defconfig%tegra114_mergeconfig'.
Load address: 0x81000000
Loading: *#################################################  2.8 MiB/s
done
Bytes transferred = 4105472 (3ea500 hex)
Dalmore #tftpboot 0x82000000 tegra114-dalmore.dtb
Using asx0 device
TFTP from server 192.168.100.1; our IP address is 192.168.100.100
Filename 'tegra114-dalmore.dtb'.
Load address: 0x82000000
Loading: *#################################################  2.6 MiB/s
done
Bytes transferred = 29436 (72fc hex)
Dalmore #bootz 0x81000000 - 0x82000000
## Flattened Device Tree blob at 82000000
   Booting using the fdt blob at 0x82000000
   Loading Device Tree to 81ff5000, end 81fff2fb ... OK

Starting kernel ...

Timer summary in microseconds:
       Mark    Elapsed  Stage
          0          0  awake
  3,040,609  3,040,609  usb_start
  7,045,478  4,004,869  eth_start
  7,045,475         -3  tftp start
 10,880,230  3,834,755  tftp done
 13,059,319  2,179,089  start_kernel
Uncompressing Linux... done, booting the kernel.
[    0.000000] Booting Linux on physical CPU 0x0
[    0.000000] Initializing cgroup subsys cpu
[    0.000000] Initializing cgroup subsys cpuacct
[    0.000000] Linux version 3.12.0-next-20131115-24688-g6a703281 (pwalmsley@kaivo) (gcc version 4.7.3 20130328 (prerelease) (crosstool-NG linaro-1.13.1-4.7-2013.04-20130415 - Linaro GCC 2013.04) ) #1 SMP PREEMPT Thu Nov 14 21:51:01 PST 2013
[    0.000000] CPU: ARMv7 Processor [412fc0f2] revision 2 (ARMv7), cr=10c5387d
[    0.000000] CPU: PIPT / VIPT nonaliasing data cache, PIPT instruction cache
[    0.000000] Machine model: NVIDIA Tegra114 Dalmore evaluation board
[    0.000000] debug: ignoring loglevel setting.
[    0.000000] cma: CMA: reserved 16 MiB at ae800000
[    0.000000] Memory policy: ECC disabled, Data cache writealloc
[    0.000000] On node 0 totalpages: 524032
[    0.000000] free_area_init_node: node 0, pgdat c07bf700, node_mem_map c0818000
[    0.000000]   Normal zone: 1520 pages used for memmap
[    0.000000]   Normal zone: 0 pages reserved
[    0.000000]   Normal zone: 194560 pages, LIFO batch:31
[    0.000000]   HighMem zone: 2574 pages used for memmap
[    0.000000]   HighMem zone: 329472 pages, LIFO batch:31
[    0.000000] Tegra Revision: A01 SKU: 0 CPU Process: 1 Core Process: 1
[    0.000000] PERCPU: Embedded 8 pages/cpu @c1830000 s8960 r8192 d15616 u32768
[    0.000000] pcpu-alloc: s8960 r8192 d15616 u32768 alloc=8*4096
[    0.000000] pcpu-alloc: [0] 0 [0] 1 [0] 2 [0] 3 
[    0.000000] Built 1 zonelists in Zone order, mobility grouping on.  Total pages: 522512
[    0.000000] Kernel command line: ignore_loglevel console=ttyS0,115200n8 rw root=/dev/mmcblk0p1 rootwait gpt init=/bin/bash
[    0.000000] PID hash table entries: 4096 (order: 2, 16384 bytes)
[    0.000000] Dentry cache hash table entries: 131072 (order: 7, 524288 bytes)
[    0.000000] Inode-cache hash table entries: 65536 (order: 6, 262144 bytes)
[    0.000000] Memory: 2053968K/2096128K available (5606K kernel code, 283K rwdata, 1780K rodata, 228K init, 344K bss, 42160K reserved, 1317888K highmem)
[    0.000000] Virtual kernel memory layout:
[    0.000000]     vector  : 0xffff0000 - 0xffff1000   (   4 kB)
[    0.000000]     fixmap  : 0xfff00000 - 0xfffe0000   ( 896 kB)
[    0.000000]     vmalloc : 0xf0000000 - 0xff000000   ( 240 MB)
[    0.000000]     lowmem  : 0xc0000000 - 0xef800000   ( 760 MB)
[    0.000000]     pkmap   : 0xbfe00000 - 0xc0000000   (   2 MB)
[    0.000000]     modules : 0xbf000000 - 0xbfe00000   (  14 MB)
[    0.000000]       .text : 0xc0008000 - 0xc073ef24   (7388 kB)
[    0.000000]       .init : 0xc073f000 - 0xc0778300   ( 229 kB)
[    0.000000]       .data : 0xc077a000 - 0xc07c0e40   ( 284 kB)
[    0.000000]        .bss : 0xc07c0e4c - 0xc08170b0   ( 345 kB)
[    0.000000] Preemptible hierarchical RCU implementation.
[    0.000000] NR_IRQS:16 nr_irqs:16 16
[    0.000000] sched_clock: 32 bits at 1000kHz, resolution 1000ns, wraps every 2147483648000ns
[    0.000000] Architected cp15 timer(s) running at 12.00MHz (virt).
[    0.000000] sched_clock: 56 bits at 12MHz, resolution 83ns, wraps every 2863311536128ns
[    0.000000] Switching to timer-based delay loop
[    0.000000] Console: colour dummy device 80x30
[    0.000473] Calibrating delay loop (skipped), value calculated using timer frequency.. 24.00 BogoMIPS (lpj=120000)
[    0.000489] pid_max: default: 32768 minimum: 301
[    0.000915] Mount-cache hash table entries: 512
[    0.019362] Initializing cgroup subsys debug
[    0.019381] Initializing cgroup subsys freezer
[    0.019446] CPU: Testing write buffer coherency: ok
[    0.019778] /cpus/cpu@0 missing clock-frequency property
[    0.019801] /cpus/cpu@1 missing clock-frequency property
[    0.019846] /cpus/cpu@2 missing clock-frequency property
[    0.019871] /cpus/cpu@3 missing clock-frequency property
[    0.019884] CPU0: thread -1, cpu 0, socket 0, mpidr 80000000
[    0.019910] Setting up static identity map for 0x80550990 - 0x80550a28
[    0.080733] CPU1: Booted secondary processor
[    0.080762] CPU1: thread -1, cpu 1, socket 0, mpidr 80000001
[    0.100746] CPU2: Booted secondary processor
[    0.100771] CPU2: thread -1, cpu 2, socket 0, mpidr 80000002
[    0.120777] CPU3: Booted secondary processor
[    0.120802] CPU3: thread -1, cpu 3, socket 0, mpidr 80000003
[    0.120930] Brought up 4 CPUs
[    0.120955] SMP: Total of 4 processors activated.
[    0.120964] CPU: All CPU(s) started in SVC mode.
[    0.121982] devtmpfs: initialized
[    0.134767] VFP support v0.3: implementor 41 architecture 4 part 30 variant f rev 0
[    0.135144] pinctrl core: initialized pinctrl subsystem
[    0.135655] regulator-dummy: no parameters
[    0.136432] NET: Registered protocol family 16
[    0.137753] DMA: preallocated 256 KiB pool for atomic coherent allocations
[    0.138510] cpuidle: using governor ladder
[    0.138522] cpuidle: using governor menu
[    0.150033] No ATAGs?
[    0.150060] hw-breakpoint: found 5 (+1 reserved) breakpoint and 4 watchpoint registers.
[    0.150070] hw-breakpoint: maximum watchpoint size is 8 bytes.
[    0.160915] bio: create slab <bio-0> at 0
[    0.162277] vdd_ac_bat: 5000 mV 
[    0.162657] dvdd_ts: Failed to request enable GPIO61: -517
[    0.162819] reg-fixed-voltage 1.regulator: Failed to register regulator: -517
[    0.162844] platform 1.regulator: Driver reg-fixed-voltage requests probe deferral
[    0.163044] lcd_bl_en: Failed to request enable GPIO58: -517
[    0.163190] reg-fixed-voltage 2.regulator: Failed to register regulator: -517
[    0.163213] platform 2.regulator: Driver reg-fixed-voltage requests probe deferral
[    0.163413] usb1_vbus: Failed to request enable GPIO108: -517
[    0.163557] reg-fixed-voltage 3.regulator: Failed to register regulator: -517
[    0.163579] platform 3.regulator: Driver reg-fixed-voltage requests probe deferral
[    0.163778] usb2_vbus: Failed to request enable GPIO86: -517
[    0.163921] reg-fixed-voltage 4.regulator: Failed to register regulator: -517
[    0.163944] platform 4.regulator: Driver reg-fixed-voltage requests probe deferral
[    0.164144] vdd_hdmi_5v0: Failed to request enable GPIO81: -517
[    0.164287] reg-fixed-voltage 5.regulator: Failed to register regulator: -517
[    0.164310] platform 5.regulator: Driver reg-fixed-voltage requests probe deferral
[    0.164389] platform 6.regulator: Driver reg-fixed-voltage requests probe deferral
[    0.165402] vgaarb: loaded
[    0.166457] SCSI subsystem initialized
[    0.166825] usbcore: registered new interface driver usbfs
[    0.166915] usbcore: registered new interface driver hub
[    0.167068] usbcore: registered new device driver usb
[    0.171315] vdd-cpu: 500 <--> 1520 mV at 1100 mV 
[    0.171926] tps65090 1-0048: No cache defaults, reading back from HW
[    0.178299] vdd-sys-5v0: no parameters
[    0.178348] vdd-sys-5v0: supplied by vdd_ac_bat
[    0.179792] vdd-sys-3v3: no parameters
[    0.179831] vdd-sys-3v3: supplied by vdd_ac_bat
[    0.181264] vdd-ao: no parameters
[    0.181304] vdd-ao: supplied by vdd_ac_bat
[    0.181557] vdd-lcd-bl: no parameters
[    0.181593] vdd-lcd-bl: supplied by vdd_ac_bat
[    0.181847] TPS65090_RAILSFET2: no parameters
[    0.181883] TPS65090_RAILSFET2: supplied by vdd_ac_bat
[    0.182135] vdd-modem-3v3: no parameters
[    0.182169] vdd-modem-3v3: supplied by vdd-sys-3v3
[    0.182422] avdd-lcd: no parameters
[    0.182456] avdd-lcd: supplied by vdd-sys-3v3
[    0.182698] vdd-lvds: no parameters
[    0.182731] vdd-lvds: supplied by vdd-sys-3v3
[    0.182983] vdd-sd-slot: no parameters
[    0.183018] vdd-sd-slot: supplied by vdd-sys-3v3
[    0.183279] vdd-com-3v3: no parameters
[    0.183315] vdd-com-3v3: supplied by vdd-sys-3v3
[    0.183548] vdd-sby-5v0: no parameters
[    0.183582] vdd-sby-5v0: supplied by vdd_ac_bat
[    0.183839] vdd-sby-3v3: no parameters
[    0.183874] vdd-sby-3v3: supplied by vdd_ac_bat
[    0.184238] genirq: Setting trigger mode 8 for irq 118 failed (gic_set_type+0x0/0xf0)
[    0.184646] palmas 1-0058: Irq flag is 0x00000000
[    0.198967] palmas 1-0058: Muxing GPIO ff, PWM 0, LED 0
[    0.207964] vddio-ddr: 1350 mV 
[    0.208808] vddio-ddr: supplied by vdd-ao
[    0.215783] vddio-1v8: 1800 mV 
[    0.216636] vddio-1v8: supplied by vdd-ao
[    0.223597] vdd-core: 900 <--> 1400 mV at 1100 mV 
[    0.224440] vdd-core: supplied by vdd-sys-3v3
[    0.228636] SMPS6: no parameters
[    0.236383] avdd-pll: 1050 mV 
[    0.237228] avdd-pll: supplied by vdd-sys-3v3
[    0.245542] sdhci-vdd-sd-slot: 2800 mV 
[    0.246398] sdhci-vdd-sd-slot: supplied by vdd-sys-3v3
[    0.248234] SMPS10_OUT2: at 5000 mV 
[    0.250058] SMPS10_OUT1: at 5000 mV 
[    0.252688] avdd-cam1: 2800 mV 
[    0.253529] avdd-cam1: supplied by vdd-sys-3v3
[    0.257551] avdd-cam2: 2800 mV 
[    0.258390] avdd-cam2: supplied by vdd-sys-3v3
[    0.263173] avdd-dsi-csi: 1200 mV 
[    0.264015] avdd-dsi-csi: supplied by vddio-1v8
[    0.268824] vpp-fuse: 1800 mV 
[    0.269666] vpp-fuse: supplied by vdd-sys-3v3
[    0.272898] LDO5: at 1200 mV 
[    0.273742] LDO5: supplied by vdd_ac_bat
[    0.276371] vdd-sensor-2v85: 2850 mV 
[    0.277212] vdd-sensor-2v85: supplied by vdd-sys-3v3
[    0.281239] vdd-af-cam1: 2800 mV 
[    0.282082] vdd-af-cam1: supplied by vdd-sys-3v3
[    0.290216] vdd-rtc: 900 mV 
[    0.291059] vdd-rtc: supplied by vdd-ao
[    0.295081] vddio-sdmmc-2: 1800 <--> 3300 mV at 3300 mV 
[    0.295924] vddio-sdmmc-2: supplied by sdhci-vdd-sd-slot
[    0.300728] hvdd-usb: 3300 mV 
[    0.301571] hvdd-usb: supplied by vdd-sys-5v0
[    0.306363] avdd-usb: 3300 mV 
[    0.307206] avdd-usb: supplied by vdd-sys-5v0
[    0.310429] rail-3v3: no parameters
[    0.312881] rail-5v0: no parameters
[    0.314468] REGEN3: no parameters
[    0.314674] SYSEN1: no parameters
[    0.314861] SYSEN2: no parameters
[    0.315481] Linux video capture interface: v2.00
[    0.316042] platform 70019010.iommu: Driver tegra-smmu requests probe deferral
[    0.316345] Advanced Linux Sound Architecture Driver Initialized.
[    0.317068] Bluetooth: Core ver 2.17
[    0.317136] NET: Registered protocol family 31
[    0.317145] Bluetooth: HCI device and connection manager initialized
[    0.317170] Bluetooth: HCI socket layer initialized
[    0.317191] Bluetooth: L2CAP socket layer initialized
[    0.317227] Bluetooth: SCO socket layer initialized
[    0.317795] cfg80211: Calling CRDA to update world regulatory domain
[    0.318815] Switched to clocksource arch_sys_counter
[    0.332929] NET: Registered protocol family 2
[    0.333851] TCP established hash table entries: 8192 (order: 3, 32768 bytes)
[    0.333956] TCP bind hash table entries: 8192 (order: 4, 65536 bytes)
[    0.334143] TCP: Hash tables configured (established 8192 bind 8192)
[    0.334556] TCP: reno registered
[    0.334574] UDP hash table entries: 512 (order: 2, 16384 bytes)
[    0.334616] UDP-Lite hash table entries: 512 (order: 2, 16384 bytes)
[    0.335044] NET: Registered protocol family 1
[    0.335762] RPC: Registered named UNIX socket transport module.
[    0.335772] RPC: Registered udp transport module.
[    0.335780] RPC: Registered tcp transport module.
[    0.335787] RPC: Registered tcp NFSv4.1 backchannel transport module.
[    0.335799] PCI: CLS 0 bytes, default 64
[    0.339980] bounce pool size: 64 pages
[    0.341698] squashfs: version 4.0 (2009/01/31) Phillip Lougher
[    0.342490] msgmni has been set to 1469
[    0.344122] io scheduler noop registered (default)
[    0.367568] tegra-apbdma 6000a000.dma: Tegra20 APB DMA driver register 32 channels
[    0.368119] Serial: 8250/16550 driver, 4 ports, IRQ sharing disabled
[    0.370252] 70006300.serial: ttyS0 at MMIO 0x70006300 (irq = 122, base_baud = 25500000) is a Tegra
[    1.405287] console [ttyS0] enabled
[    1.409612] [drm] Initialized drm 1.1.0 20060810
[    1.420500] loop: module loaded
[    1.426504] m25p80 spi32766.0: w25q32dw (4096 Kbytes)
[    1.433368] pegasus: v0.9.3 (2013/04/25), Pegasus/Pegasus II USB Ethernet driver
[    1.440856] usbcore: registered new interface driver pegasus
[    1.446594] usbcore: registered new interface driver asix
[    1.452077] usbcore: registered new interface driver ax88179_178a
[    1.458223] usbcore: registered new interface driver cdc_ether
[    1.464133] usbcore: registered new interface driver r815x
[    1.469724] usbcore: registered new interface driver smsc75xx
[    1.475545] usbcore: registered new interface driver smsc95xx
[    1.481370] usbcore: registered new interface driver net1080
[    1.487092] usbcore: registered new interface driver cdc_subset
[    1.493091] usbcore: registered new interface driver zaurus
[    1.498751] usbcore: registered new interface driver cdc_ncm
[    1.504461] ehci_hcd: USB 2.0 'Enhanced' Host Controller (EHCI) Driver
[    1.510991] ehci-pci: EHCI PCI platform driver
[    1.515497] tegra-ehci: Tegra EHCI driver
[    1.519723] platform 7d008000.usb: Driver tegra-ehci requests probe deferral
[    1.527030] usbcore: registered new interface driver cdc_acm
[    1.532696] cdc_acm: USB Abstract Control Model driver for USB modems and ISDN adapters
[    1.540774] usbcore: registered new interface driver cdc_wdm
[    1.546511] usbcore: registered new interface driver usb-storage
[    1.552761] platform 7d008000.usb-phy: Driver tegra-phy requests probe deferral
[    1.560646] mousedev: PS/2 mouse device common for all mice
[    1.578312] palmas-rtc rtc.7: rtc core: registered rtc.7 as rtc0
[    1.588711] tegra_rtc 7000e000.rtc: rtc core: registered 7000e000.rtc as rtc1
[    1.595880] tegra_rtc 7000e000.rtc: Tegra internal Real Time Clock
[    1.603472] sbs-battery 0-000b: sbs_probe: Failed to get device status
[    1.610023] sbs-battery: probe of 0-000b failed with error -121
[    1.634216] sdhci: Secure Digital Host Controller Interface driver
[    1.640419] sdhci: Copyright(c) Pierre Ossman
[    1.644781] sdhci-pltfm: SDHCI platform and OF driver helper
[    1.650912] sdhci-tegra 78000400.sdhci: Got CD GPIO #170.
[    1.657395] sdhci-tegra 78000400.sdhci: dummy supplies not allowed
[    1.663595] mmc0: no vqmmc regulator found
[    1.667707] sdhci-tegra 78000400.sdhci: dummy supplies not allowed
[    1.673902] mmc0: no vmmc regulator found
[    1.677916] mmc0: Invalid maximum block size, assuming 512 bytes
[    1.728844] mmc0: SDHCI controller on 78000400.sdhci [78000400.sdhci] using ADMA
[    1.738463] sdhci-tegra 78000600.sdhci: dummy supplies not allowed
[    1.744665] mmc1: no vqmmc regulator found
[    1.748777] sdhci-tegra 78000600.sdhci: dummy supplies not allowed
[    1.754972] mmc1: no vmmc regulator found
[    1.759000] mmc1: Invalid maximum block size, assuming 512 bytes
[    1.808837] mmc1: SDHCI controller on 78000600.sdhci [78000600.sdhci] using ADMA
[    1.816977] usbcore: registered new interface driver usbhid
[    1.824634] usbhid: USB HID core driver
[    1.941161] mmc1: BKOPS_EN bit is not set
[    1.971813] mmc1: new HS200 MMC card at address 0001
[    1.977290] isa bounce pool size: 16 pages
[    1.981612] mmcblk0: mmc1:0001 SEM32G 29.1 GiB 
[    1.986518] mmcblk0boot0: mmc1:0001 SEM32G partition 1 4.00 MiB
[    1.992820] mmcblk0boot1: mmc1:0001 SEM32G partition 2 4.00 MiB
[    1.999067] mmcblk0rpmb: mmc1:0001 SEM32G partition 3 4.00 MiB
[    2.007494] Primary GPT is invalid, using alternate GPT.
[    2.012879]  mmcblk0: p1 p2 p3 p4 p5
[    2.020189]  mmcblk0boot1: unknown partition table
[    2.026729]  mmcblk0boot0: unknown partition table
[    2.272646] tegra-snd-rt5640 sound.4: ASoC: CPU DAI (null) not registered
[    2.279591] tegra-snd-rt5640 sound.4: snd_soc_register_card failed (-517)
[    2.286417] platform sound.4: Driver tegra-snd-rt5640 requests probe deferral
[    2.294585] TCP: cubic registered
[    2.298194] NET: Registered protocol family 10
[    2.304167] mip6: Mobile IPv6
[    2.307147] sit: IPv6 over IPv4 tunneling driver
[    2.313545] NET: Registered protocol family 17
[    2.318038] NET: Registered protocol family 15
[    2.322682] Bluetooth: RFCOMM socket layer initialized
[    2.327849] Bluetooth: RFCOMM ver 1.11
[    2.331634] Bluetooth: BNEP (Ethernet Emulation) ver 1.3
[    2.336965] Bluetooth: BNEP socket layer initialized
[    2.341949] Bluetooth: HIDP (Human Interface Emulation) ver 1.2
[    2.347885] Bluetooth: HIDP socket layer initialized
[    2.353538] Registering SWP/SWPB emulation handler
[    2.363417] hvdd-usb: disabling
[    2.369632] vdd-af-cam1: disabling
[    2.375864] LDO5: disabling
[    2.381845] vpp-fuse: disabling
[    2.387870] avdd-cam2: disabling
[    2.393528] avdd-cam1: disabling
[    2.400581] vdd-com-3v3: disabling
[    2.404588] vdd-lvds: disabling
[    2.408332] avdd-lcd: disabling
[    2.412143] vdd-lcd-bl: disabling
[    2.417526] dvdd_ts: 1800 mV 
[    2.421249] lcd_bl_en: 5000 mV 
[    2.424970] usb1_vbus: 5000 mV 
[    2.428287] usb1_vbus: supplied by vdd-sys-5v0
[    2.433512] usb2_vbus: 5000 mV 
[    2.436799] usb2_vbus: supplied by vdd-sys-5v0
[    2.442001] vdd_hdmi_5v0: 5000 mV 
[    2.445548] vdd_hdmi_5v0: supplied by vdd-sys-5v0
[    2.453179] vdd_cam_1v8_reg: 1800 mV 
[    2.457543] platform 7d008000.usb: Driver tegra-ehci requests probe deferral
[    2.465790] tegra-snd-rt5640 sound.4: ASoC: CPU DAI (null) not registered
[    2.472677] tegra-snd-rt5640 sound.4: snd_soc_register_card failed (-517)
[    2.479594] platform sound.4: Driver tegra-snd-rt5640 requests probe deferral
[    2.487241] tegra-ehci 7d008000.usb: EHCI Host Controller
[    2.492770] tegra-ehci 7d008000.usb: new USB bus registered, assigned bus number 1
[    2.501435] tegra-ehci 7d008000.usb: irq 129, io mem 0x7d008000
[    2.518897] tegra-ehci 7d008000.usb: USB 2.0 started, EHCI 1.10
[    2.526500] hub 1-0:1.0: USB hub found
[    2.530413] hub 1-0:1.0: 1 port detected
[    2.535694] tegra-snd-rt5640 sound.4: ASoC: CPU DAI (null) not registered
[    2.542638] tegra-snd-rt5640 sound.4: snd_soc_register_card failed (-517)
[    2.549563] platform sound.4: Driver tegra-snd-rt5640 requests probe deferral
[    2.558113] input: gpio-keys.2 as /devices/soc0/gpio-keys.2/input/input0
[    2.566453] tegra-snd-rt5640 sound.4: ASoC: CPU DAI (null) not registered
[    2.573294] palmas-rtc rtc.7: setting system clock to 2000-02-09 08:16:18 UTC (950084178)
[    2.573481] tegra-snd-rt5640 sound.4: snd_soc_register_card failed (-517)
[    2.573521] platform sound.4: Driver tegra-snd-rt5640 requests probe deferral
[    2.610475] ALSA device list:
[    2.613485]   No soundcards found.
[    2.627934] kjournald starting.  Commit interval 5 seconds
[    2.629539] EXT3-fs (mmcblk0p1): using internal journal
[    2.629553] EXT3-fs (mmcblk0p1): recovery complete
[    2.629558] EXT3-fs (mmcblk0p1): mounted filesystem with writeback data mode
[    2.629628] VFS: Mounted root (ext3 filesystem) on device 179:1.
[    2.630793] devtmpfs: mounted
[    2.631109] Freeing unused kernel memory: 228K (c073f000 - c0778000)
bash: cannot set terminal process group (-1): Inappropriate ioctl for device
bash: no job control in this shell
I have no name!@(none):/# [    2.848984] usb 1-1: new high-speed USB device number 2 using tegra-ehci
