
U-Boot SPL 2014.01-00219-gc4d376f (Feb 18 2014 - 19:57:32)


U-Boot 2014.01-00219-gc4d376f (Feb 18 2014 - 19:57:32)

TEGRA114
Board: NVIDIA Dalmore
I2C:   ready
DRAM:  2 GiB
MMC:   Tegra SD/MMC: 0, Tegra SD/MMC: 1
In:    serial
Out:   serial
Err:   serial
Net:   Net Initialization Skipped
No ethernet found.
Hit any key to stop autoboot:  2  0 
Tegra114 (Dalmore) # 
Tegra114 (Dalmore) # usb reset
(Re)start USB...
USB0:   USB EHCI 1.10
scanning bus 0 for devices... 2 USB Device(s) found
       scanning usb for storage devices... 0 Storage Device(s) found
       scanning usb for ethernet devices... 
Warning: asx0 using MAC address from net device
1 Ethernet Device(s) found
Tegra114 (Dalmore) # setenv bootargs 'ignore_loglevel console=ttyS0,115200n8 rw root=PARTUUID=7369c667-ff51-ec4a-29cd-baabf2fbe346 rootwait gpt debug earlyprintk init=/bin/bash'
Tegra114 (Dalmore) # setenv ipaddr 192.168.100.100; setenv serverip 192.168.100.1; setenv tftpserverip 192.168.100.1
Tegra114 (Dalmore) # tftpboot 0x81000000 zImage.multi_v7_defconfig
Using asx0 device
TFTP from server 192.168.100.1; our IP address is 192.168.100.100
Filename 'zImage.multi_v7_defconfig'.
Load address: 0x81000000
Loading: *#################################################################
	 #################################################################
	 #################################################################
	 #################################################################
	 #################################################################
	 #################################################################
	 #################################################################
	 ###############################
	 3 MiB/s
done
Bytes transferred = 7123168 (6cb0e0 hex)
Tegra114 (Dalmore) # tftpboot 0x82000000 tegra114-dalmore.dtb
Using asx0 device
TFTP from server 192.168.100.1; our IP address is 192.168.100.100
Filename 'tegra114-dalmore.dtb'.
Load address: 0x82000000
Loading: *###
	 3 MiB/s
done
Bytes transferred = 35044 (88e4 hex)
Tegra114 (Dalmore) # bootz 0x81000000 - 0x82000000
Kernel image @ 0x81000000 [ 0x000000 - 0x6cb0e0 ]
## Flattened Device Tree blob at 82000000
   Booting using the fdt blob at 0x82000000
   Loading Device Tree to 8fff4000, end 8ffff8e3 ... OK

Starting kernel ...

[    0.000000] Booting Linux on physical CPU 0x0
[    0.000000] Linux version 4.8.0-rc3-next-20160822-113229-gd18b09e (pwalmsley@sellafield) (gcc version 4.7.3 20130328 (prerelease) (crosstool-NG linaro-1.13.1-4.7-2013.04-20130415 - Linaro GCC 2013.04) ) #1 SMP Sun Aug 21 22:48:49 PDT 2016
[    0.000000] CPU: ARMv7 Processor [412fc0f2] revision 2 (ARMv7), cr=10c5387d
[    0.000000] CPU: div instructions available: patching division code
[    0.000000] CPU: PIPT / VIPT nonaliasing data cache, PIPT instruction cache
[    0.000000] OF: fdt:Machine model: NVIDIA Tegra114 Dalmore evaluation board
[    0.000000] debug: ignoring loglevel setting.
[    0.000000] cma: Reserved 64 MiB at 0xfb800000
[    0.000000] Memory policy: Data cache writealloc
[    0.000000] On node 0 totalpages: 524032
[    0.000000] free_area_init_node: node 0, pgdat c141bc40, node_mem_map eeff8000
[    0.000000]   DMA zone: 1536 pages used for memmap
[    0.000000]   DMA zone: 0 pages reserved
[    0.000000]   DMA zone: 196608 pages, LIFO batch:31
[    0.000000]   HighMem zone: 327424 pages, LIFO batch:31
[    0.000000] percpu: Embedded 14 pages/cpu @eef9b000 s26112 r8192 d23040 u57344
[    0.000000] pcpu-alloc: s26112 r8192 d23040 u57344 alloc=14*4096
[    0.000000] pcpu-alloc: [0] 0 [0] 1 [0] 2 [0] 3 
[    0.000000] Built 1 zonelists in Zone order, mobility grouping on.  Total pages: 522496
[    0.000000] Kernel command line: ignore_loglevel console=ttyS0,115200n8 rw root=PARTUUID=7369c667-ff51-ec4a-29cd-baabf2fbe346 rootwait gpt debug earlyprintk init=/bin/bash
[    0.000000] PID hash table entries: 4096 (order: 2, 16384 bytes)
[    0.000000] Dentry cache hash table entries: 131072 (order: 7, 524288 bytes)
[    0.000000] Inode-cache hash table entries: 65536 (order: 6, 262144 bytes)
[    0.000000] Memory: 1995100K/2096128K available (9216K kernel code, 1142K rwdata, 3988K rodata, 2048K init, 342K bss, 35492K reserved, 65536K cma-reserved, 1244160K highmem)
[    0.000000] Virtual kernel memory layout:
[    0.000000]     vector  : 0xffff0000 - 0xffff1000   (   4 kB)
[    0.000000]     fixmap  : 0xffc00000 - 0xfff00000   (3072 kB)
[    0.000000]     vmalloc : 0xf0800000 - 0xff800000   ( 240 MB)
[    0.000000]     lowmem  : 0xc0000000 - 0xf0000000   ( 768 MB)
[    0.000000]     pkmap   : 0xbfe00000 - 0xc0000000   (   2 MB)
[    0.000000]     modules : 0xbf000000 - 0xbfe00000   (  14 MB)
[    0.000000]       .text : 0xc0208000 - 0xc0c00000   (10208 kB)
[    0.000000]       .init : 0xc1100000 - 0xc1300000   (2048 kB)
[    0.000000]       .data : 0xc1300000 - 0xc141dae0   (1143 kB)
[    0.000000]        .bss : 0xc141f000 - 0xc1474b08   ( 343 kB)
[    0.000000] SLUB: HWalign=64, Order=0-3, MinObjects=0, CPUs=4, Nodes=1
[    0.000000] Hierarchical RCU implementation.
[    0.000000] 	Build-time adjustment of leaf fanout to 32.
[    0.000000] 	RCU restricting CPUs from NR_CPUS=16 to nr_cpu_ids=4.
[    0.000000] RCU: Adjusting geometry for rcu_fanout_leaf=32, nr_cpu_ids=4
[    0.000000] NR_IRQS:16 nr_irqs:16 16
[    0.000000] /interrupt-controller@60004000: 160 interrupts forwarded to /interrupt-controller@50041000
[    0.000000] Tegra clk 127: register failed with -17
[    0.000008] sched_clock: 32 bits at 1000kHz, resolution 1000ns, wraps every 2147483647500ns
[    0.000027] clocksource: timer_us: mask: 0xffffffff max_cycles: 0xffffffff, max_idle_ns: 1911260446275 ns
[    0.000041] Switching to timer-based delay loop, resolution 1000ns
[    0.003210] arm_arch_timer: Architected cp15 timer(s) running at 12.00MHz (virt).
[    0.003228] clocksource: arch_sys_counter: mask: 0xffffffffffffff max_cycles: 0x2c47f4ee7, max_idle_ns: 440795202497 ns
[    0.003246] sched_clock: 56 bits at 12MHz, resolution 83ns, wraps every 4398046511096ns
[    0.003258] Switching to timer-based delay loop, resolution 83ns
[    0.003653] Console: colour dummy device 80x30
[    0.003681] Calibrating delay loop (skipped), value calculated using timer frequency.. 24.00 BogoMIPS (lpj=60000)
[    0.003696] pid_max: default: 32768 minimum: 301
[    0.003792] Mount-cache hash table entries: 2048 (order: 1, 8192 bytes)
[    0.003805] Mountpoint-cache hash table entries: 2048 (order: 1, 8192 bytes)
[    0.004427] CPU: Testing write buffer coherency: ok
[    0.004647] /cpus/cpu@0 missing clock-frequency property
[    0.004675] /cpus/cpu@1 missing clock-frequency property
[    0.004704] /cpus/cpu@2 missing clock-frequency property
[    0.004734] /cpus/cpu@3 missing clock-frequency property
[    0.004747] CPU0: thread -1, cpu 0, socket 0, mpidr 80000000
[    0.004771] Setting up static identity map for 0x80300000 - 0x80300098
[    0.007371] Tegra Revision: A01 SKU: 0 CPU Process: 1 SoC Process: 0
[    0.008819] CPU1: thread -1, cpu 1, socket 0, mpidr 80000001
[    0.009532] CPU2: thread -1, cpu 2, socket 0, mpidr 80000002
[    0.010234] CPU3: thread -1, cpu 3, socket 0, mpidr 80000003
[    0.010318] Brought up 4 CPUs
[    0.010340] SMP: Total of 4 processors activated (96.00 BogoMIPS).
[    0.010348] CPU: All CPU(s) started in SVC mode.
[    0.010411] span: 0-3 (max cpu_capacity = 1024)
[    0.011815] devtmpfs: initialized
[    0.023679] VFP support v0.3: implementor 41 architecture 4 part 30 variant f rev 0
[    0.024051] clocksource: jiffies: mask: 0xffffffff max_cycles: 0xffffffff, max_idle_ns: 9556302231375000 ns
[    0.025450] pinctrl core: initialized pinctrl subsystem
[    0.027051] NET: Registered protocol family 16
[    0.029080] DMA: preallocated 256 KiB pool for atomic coherent allocations
[    0.043123] cpuidle: using governor menu
[    0.057873] No ATAGs?
[    0.057900] hw-breakpoint: found 5 (+1 reserved) breakpoint and 4 watchpoint registers.
[    0.057910] hw-breakpoint: maximum watchpoint size is 8 bytes.
[    0.062954] Serial: AMBA PL011 UART driver
[    0.064313] tegra-mc 70019000.memory-controller: no memory timings for RAM code 3 registered
[    0.097633] dvdd_ts: Failed to request enable GPIO61: -517
[    0.097651] reg-fixed-voltage regulators:regulator@1: Failed to register regulator: -517
[    0.097743] usb1_vbus: Failed to request enable GPIO108: -517
[    0.097756] reg-fixed-voltage regulators:regulator@3: Failed to register regulator: -517
[    0.097846] usb2_vbus: Failed to request enable GPIO86: -517
[    0.097860] reg-fixed-voltage regulators:regulator@4: Failed to register regulator: -517
[    0.098279] VDD_5V0_HDMI_CON: Failed to request enable GPIO81: -517
[    0.098292] reg-fixed-voltage regulators:regulator@7: Failed to register regulator: -517
[    0.101004] vgaarb: loaded
[    0.101845] SCSI subsystem initialized
[    0.102012] libata version 3.00 loaded.
[    0.102333] usbcore: registered new interface driver usbfs
[    0.102406] usbcore: registered new interface driver hub
[    0.102485] usbcore: registered new device driver usb
[    0.105994] tps65090 2-0048: No cache defaults, reading back from HW
[    0.107907] TPS65090_RAILSDCDC1: supplied by vdd_ac_bat
[    0.108476] vdd_hdmi_5v0: supplied by vdd-sys-5v0
[    0.109250] TPS65090_RAILSDCDC2: supplied by vdd_ac_bat
[    0.110322] TPS65090_RAILSDCDC3: supplied by vdd_ac_bat
[    0.110865] TPS65090_RAILSFET1: supplied by vdd_ac_bat
[    0.111249] TPS65090_RAILSFET2: supplied by vdd_ac_bat
[    0.111624] TPS65090_RAILSFET3: supplied by vdd-sys-3v3
[    0.112164] TPS65090_RAILSFET4: supplied by vdd-sys-3v3
[    0.112696] TPS65090_RAILSFET5: supplied by vdd-sys-3v3
[    0.113223] TPS65090_RAILSFET6: supplied by vdd-sys-3v3
[    0.114085] TPS65090_RAILSFET7: supplied by vdd-sys-3v3
[    0.114627] TPS65090_RAILSLDO1: supplied by vdd_ac_bat
[    0.114853] TPS65090_RAILSLDO2: supplied by vdd_ac_bat
[    0.115704] palmas 2-0058: Irq flag is 0x00000004
[    0.117703] palmas 2-0058: Muxing GPIO ff, PWM 0, LED 0
[    0.120301] SMPS12: supplied by vdd-ao
[    0.121923] SMPS3: supplied by vdd-ao
[    0.123700] SMPS457: supplied by vdd-sys-3v3
[    0.126613] SMPS8: supplied by vdd-sys-3v3
[    0.127484] random: fast init done
[    0.128243] SMPS9: supplied by vdd-sys-3v3
[    0.128783] sdhci-vdd-sd-slot: Bringing 2840000uV into 2800000-2800000uV
[    0.129517] sdhci-vdd-sd-slot: ramp_delay not set
[    0.131510] LDO1: supplied by vdd-sys-3v3
[    0.132717] LDO2: supplied by vdd-sys-3v3
[    0.133954] LDO3: supplied by vddio-1v8
[    0.135160] LDO4: supplied by vdd-sys-3v3
[    0.136377] LDO5: supplied by vdd_ac_bat
[    0.137149] LDO6: supplied by vdd-sys-3v3
[    0.137656] vdd-sensor-2v85: Bringing 2900000uV into 2850000-2850000uV
[    0.138969] LDO7: supplied by vdd-sys-3v3
[    0.140716] LDO8: supplied by vdd-ao
[    0.141224] vdd-rtc: Bringing 675000uV into 900000-900000uV
[    0.144242] LDO9: supplied by sdhci-vdd-sd-slot
[    0.149562] LDOLN: supplied by vdd-sys-5v0
[    0.150782] LDOUSB: supplied by vdd-sys-5v0
[    0.157485] pps_core: LinuxPPS API ver. 1 registered
[    0.157495] pps_core: Software ver. 5.3.6 - Copyright 2005-2007 Rodolfo Giometti <giometti@linux.it>
[    0.157520] PTP clock support registered
[    0.157715] EDAC MC: Ver: 3.0.0
[    0.160170] clocksource: Switched to clocksource arch_sys_counter
[    0.170850] NET: Registered protocol family 2
[    0.171360] TCP established hash table entries: 8192 (order: 3, 32768 bytes)
[    0.171459] TCP bind hash table entries: 8192 (order: 4, 65536 bytes)
[    0.171646] TCP: Hash tables configured (established 8192 bind 8192)
[    0.171700] UDP hash table entries: 512 (order: 2, 16384 bytes)
[    0.171742] UDP-Lite hash table entries: 512 (order: 2, 16384 bytes)
[    0.171908] NET: Registered protocol family 1
[    0.172252] RPC: Registered named UNIX socket transport module.
[    0.172262] RPC: Registered udp transport module.
[    0.172270] RPC: Registered tcp transport module.
[    0.172277] RPC: Registered tcp NFSv4.1 backchannel transport module.
[    0.172288] PCI: CLS 0 bytes, default 64
[    0.174420] futex hash table entries: 1024 (order: 4, 65536 bytes)
[    0.174927] workingset: timestamp_bits=30 max_order=19 bucket_order=0
[    0.186997] squashfs: version 4.0 (2009/01/31) Phillip Lougher
[    0.187894] NFS: Registering the id_resolver key type
[    0.187920] Key type id_resolver registered
[    0.187928] Key type id_legacy registered
[    0.187975] ntfs: driver 2.1.32 [Flags: R/O].
[    0.189276] bounce: pool size: 64 pages
[    0.189495] Block layer SCSI generic (bsg) driver version 0.4 loaded (major 248)
[    0.189506] io scheduler noop registered
[    0.189514] io scheduler deadline registered
[    0.189713] io scheduler cfq registered (default)
[    0.193963] libphy: mdio_driver_register: phy-bcm-ns2-pci
[    0.217960] tegra-apbdma 6000a000.dma: Tegra20 APB DMA driver register 32 channels
[    0.219566] tegra-pmc 7000e400.pmc: i2c-thermtrip node not found, emergency thermal reset disabled.
[    0.286918] Serial: 8250/16550 driver, 4 ports, IRQ sharing disabled
[    0.289934] console [ttyS0] disabled
[    0.290000] 70006300.serial: ttyS0 at MMIO 0x70006300 (irq = 329, base_baud = 25500000) is a Tegra
[    1.260103] console [ttyS0] enabled
[    1.264406] SuperH (H)SCI(F) driver initialized
[    1.269884] msm_serial: driver initialized
[    1.274176] STMicroelectronics ASC driver initialized
[    1.282745] [drm:drm_core_init] Initialized drm 1.1.0 20060810
[    1.291578] tegra-hdmi 54280000.hdmi: failed to get HDMI regulator
