Diff for ./qemu-vexpress64/__internal/defconfig_log.txt
--- /tmp/fooa	2016-09-20 23:43:07.206799555 -0700
+++ /tmp/foob	2016-09-20 23:43:07.206799555 -0700
@@ -1,5 +1,5 @@
 Booting Linux on physical CPU 0x0
-Linux version 4.8.0-rc7-next-20160920-145175-g6b7f746 (pwalmsley@tamien) (gcc version 4.9.2 20140904 (prerelease) (crosstool-NG linaro-1.13.1-4.9-2014.09 - Linaro GCC 4.9-2014.09) ) #1 SMP PREEMPT Tue Sep 20 01:38:14 PDT 2016
+Linux version 4.8.0-rc7-next-20160921-147805-g4fbbc83 (pwalmsley@tamien) (gcc version 4.9.2 20140904 (prerelease) (crosstool-NG linaro-1.13.1-4.9-2014.09 - Linaro GCC 4.9-2014.09) ) #1 SMP PREEMPT Tue Sep 20 23:38:56 PDT 2016
 Boot CPU: AArch64 Processor [411fd070]
 Memory limited to 1024MB
 efi: Getting EFI parameters from FDT:
@@ -18,7 +18,7 @@
 PID hash table entries: 4096 (order: 3, 32768 bytes)
 Dentry cache hash table entries: 131072 (order: 8, 1048576 bytes)
 Inode-cache hash table entries: 65536 (order: 7, 524288 bytes)
-Memory: 999648K/1048576K available (8188K kernel code, 850K rwdata, 3900K rodata, 1024K init, 273K bss, 32544K reserved, 16384K cma-reserved)
+Memory: 999648K/1048576K available (8188K kernel code, 850K rwdata, 3896K rodata, 1024K init, 273K bss, 32544K reserved, 16384K cma-reserved)
 Virtual kernel memory layout:
     modules : 0xffff000000000000 - 0xffff000008000000   (   128 MB)
     vmalloc : 0xffff000008000000 - 0xffff7dffbfff0000   (129022 GB)
@@ -101,7 +101,7 @@
 kvm [1]: HYP mode not available
 futex hash table entries: 256 (order: 3, 32768 bytes)
 audit: initializing netlink subsys (disabled)
-audit: type=2000 audit(0.652:1): initialized
+audit: type=2000 audit(0.732:1): initialized
 workingset: timestamp_bits=46 max_order=18 bucket_order=0
 squashfs: version 4.0 (2009/01/31) Phillip Lougher
 NFS: Registering the id_resolver key type
@@ -168,7 +168,7 @@
 Key type dns_resolver registered
 registered taskstats version 1
 input: gpio-keys as /devices/platform/gpio-keys/input/input0
-rtc-pl031 9010000.pl031: setting system clock to 2016-09-20 08:38:51 UTC (1474360731)
+rtc-pl031 9010000.pl031: setting system clock to 2016-09-21 06:39:34 UTC (1474439974)
 ALSA device list:
   No soundcards found.
 uart-pl011 9000000.pl011: no DMA platform data
Diff for ./tegra114-dalmore-a04/tegra114-dalmore/tegra_defconfig_log.txt
--- /tmp/fooa	2016-09-20 23:43:07.238799611 -0700
+++ /tmp/foob	2016-09-20 23:43:07.242799620 -0700
@@ -37,9 +37,9 @@
 	 #################################################################
 	 #################################################################
 	 ##############################################
-	 3.2 MiB/s
+	 3.3 MiB/s
 done
-Bytes transferred = 5439376 (52ff90 hex)
+Bytes transferred = 5440536 (530418 hex)
 Tegra114 (Dalmore) # tftpboot 0x82000000 tegra114-dalmore.dtb
 Using asx0 device
 TFTP from server 192.168.100.1; our IP address is 192.168.100.100
@@ -50,7 +50,7 @@
 done
 Bytes transferred = 35044 (88e4 hex)
 Tegra114 (Dalmore) # bootz 0x81000000 - 0x82000000
-Kernel image @ 0x81000000 [ 0x000000 - 0x52ff90 ]
+Kernel image @ 0x81000000 [ 0x000000 - 0x530418 ]
 ## Flattened Device Tree blob at 82000000
    Booting using the fdt blob at 0x82000000
    Loading Device Tree to 8fff4000, end 8ffff8e3 ... OK
@@ -59,7 +59,7 @@
 
 Uncompressing Linux... done, booting the kernel.
 Booting Linux on physical CPU 0x0
-Linux version 4.8.0-rc7-next-20160920-120742-g6b7f746 (pwalmsley@kaivo) (gcc version 4.7.3 20130328 (prerelease) (crosstool-NG linaro-1.13.1-4.7-2013.04-20130415 - Linaro GCC 2013.04) ) #1 SMP PREEMPT Tue Sep 20 01:35:10 PDT 2016
+Linux version 4.8.0-rc7-next-20160921-123372-g4fbbc83 (pwalmsley@kaivo) (gcc version 4.7.3 20130328 (prerelease) (crosstool-NG linaro-1.13.1-4.7-2013.04-20130415 - Linaro GCC 2013.04) ) #1 SMP PREEMPT Tue Sep 20 23:35:18 PDT 2016
 CPU: ARMv7 Processor [412fc0f2] revision 2 (ARMv7), cr=10c5387d
 CPU: div instructions available: patching division code
 CPU: PIPT / VIPT nonaliasing data cache, PIPT instruction cache
@@ -69,7 +69,7 @@
 cma: Reserved 64 MiB at 0xfbc00000
 Memory policy: Data cache writealloc
 On node 0 totalpages: 524032
-free_area_init_node: node 0, pgdat c0d5c680, node_mem_map eeff7000
+free_area_init_node: node 0, pgdat c0d5c840, node_mem_map eeff7000
   Normal zone: 1536 pages used for memmap
   Normal zone: 0 pages reserved
   Normal zone: 196608 pages, LIFO batch:31
@@ -92,7 +92,7 @@
     modules : 0xbf000000 - 0xbfe00000   (  14 MB)
       .text : 0xc0008000 - 0xc0900000   (9184 kB)
       .init : 0xc0c00000 - 0xc0d00000   (1024 kB)
-      .data : 0xc0d00000 - 0xc0d5dd40   ( 376 kB)
+      .data : 0xc0d00000 - 0xc0d5dee0   ( 376 kB)
        .bss : 0xc0d5f000 - 0xc0dbaa80   ( 367 kB)
 Preemptible hierarchical RCU implementation.
 	Build-time adjustment of leaf fanout to 32.
@@ -281,10 +281,10 @@
 usbhid: USB HID core driver
 mmc0: new high speed SDHC card at address aaaa
 mmcblk0: mmc0:aaaa SL16G 14.8 GiB 
- mmcblk0: p1 p2 p3
 mmc1: new high speed MMC card at address 0001
 mmcblk1: mmc1:0001 SEM32G 29.1 GiB 
 mmcblk1boot0: mmc1:0001 SEM32G partition 1 4.00 MiB
+ mmcblk0: p1 p2 p3
 mmcblk1boot1: mmc1:0001 SEM32G partition 2 4.00 MiB
 mmcblk1rpmb: mmc1:0001 SEM32G partition 3 4.00 MiB
  mmcblk1: p1 p2 p3 p4 p5 p6 p7 p8
@@ -324,7 +324,7 @@
 hub 1-0:1.0: USB hub found
 hub 1-0:1.0: 1 port detected
 input: gpio-keys as /devices/soc0/gpio-keys/input/input1
-palmas-rtc 7000d000.i2c:tps65913@58:rtc: setting system clock to 2000-07-14 20:00:26 UTC (963604826)
+palmas-rtc 7000d000.i2c:tps65913@58:rtc: setting system clock to 2000-07-15 18:00:36 UTC (963684036)
 dvdd_ts: disabling
 usb1_vbus: disabling
 vdd_cam_1v8_reg: disabling
@@ -338,5 +338,5 @@
 Freeing unused kernel memory: 1024K (c0c00000 - c0d00000)
 bash: cannot set terminal process group (-1): Inappropriate ioctl for device
 bash: no job control in this shell
-root@(none):/# [    6.048125] usb 1-1: new high-speed USB device number 2 using tegra-ehci
-asix 1-1:1.0 eth0: register 'asix' at usb-7d008000.usb-1, ASIX AX88772 USB 2.0 Ethernet, 00:50:b6:0d:b5:16
+usb 1-1: new high-speed USB device number 2 using tegra-ehci
+root@(none):/# [    6.764250] asix 1-1:1.0 eth0: register 'asix' at usb-7d008000.usb-1, ASIX AX88772 USB 2.0 Ethernet, 00:50:b6:0d:b5:16
Diff for ./tegra124-jetson-tk1/tegra124-jetson-tk1/tegra_defconfig_log.txt
--- /tmp/fooa	2016-09-20 23:43:07.246799628 -0700
+++ /tmp/foob	2016-09-20 23:43:07.250799635 -0700
@@ -34,18 +34,18 @@
 	 ##############################################
 	 4 MiB/s
 done
-Bytes transferred = 5439376 (52ff90 hex)
+Bytes transferred = 5440536 (530418 hex)
 Tegra124 (Jetson TK1) # tftpboot 0x83000000 tegra124-jetson-tk1.dtb
 Using eth_rtl8169 device
 TFTP from server 192.168.100.1; our IP address is 192.168.100.102
 Filename 'tegra124-jetson-tk1.dtb'.
 Load address: 0x83000000
 Loading: *#####
-	 4 MiB/s
+	 3.7 MiB/s
 done
 Bytes transferred = 66405 (10365 hex)
 Tegra124 (Jetson TK1) # bootz 0x82000000 - 0x83000000
-Kernel image @ 0x82000000 [ 0x000000 - 0x52ff90 ]
+Kernel image @ 0x82000000 [ 0x000000 - 0x530418 ]
 ## Flattened Device Tree blob at 83000000
    Booting using the fdt blob at 0x83000000
    Using Device Tree in place at 83000000, end 83013364
@@ -54,7 +54,7 @@
 
 Uncompressing Linux... done, booting the kernel.
 Booting Linux on physical CPU 0x0
-Linux version 4.8.0-rc7-next-20160920-120742-g6b7f746 (pwalmsley@kaivo) (gcc version 4.7.3 20130328 (prerelease) (crosstool-NG linaro-1.13.1-4.7-2013.04-20130415 - Linaro GCC 2013.04) ) #1 SMP PREEMPT Tue Sep 20 01:35:10 PDT 2016
+Linux version 4.8.0-rc7-next-20160921-123372-g4fbbc83 (pwalmsley@kaivo) (gcc version 4.7.3 20130328 (prerelease) (crosstool-NG linaro-1.13.1-4.7-2013.04-20130415 - Linaro GCC 2013.04) ) #1 SMP PREEMPT Tue Sep 20 23:35:18 PDT 2016
 CPU: ARMv7 Processor [413fc0f3] revision 3 (ARMv7), cr=10c5387d
 CPU: div instructions available: patching division code
 CPU: PIPT / VIPT nonaliasing data cache, PIPT instruction cache
@@ -64,7 +64,7 @@
 cma: Reserved 64 MiB at 0xfbc00000
 Memory policy: Data cache writealloc
 On node 0 totalpages: 524032
-free_area_init_node: node 0, pgdat c0d5c680, node_mem_map eeff7000
+free_area_init_node: node 0, pgdat c0d5c840, node_mem_map eeff7000
   Normal zone: 1536 pages used for memmap
   Normal zone: 0 pages reserved
   Normal zone: 196608 pages, LIFO batch:31
@@ -87,7 +87,7 @@
     modules : 0xbf000000 - 0xbfe00000   (  14 MB)
       .text : 0xc0008000 - 0xc0900000   (9184 kB)
       .init : 0xc0c00000 - 0xc0d00000   (1024 kB)
-      .data : 0xc0d00000 - 0xc0d5dd40   ( 376 kB)
+      .data : 0xc0d00000 - 0xc0d5dee0   ( 376 kB)
        .bss : 0xc0d5f000 - 0xc0dbaa80   ( 367 kB)
 Preemptible hierarchical RCU implementation.
 	Build-time adjustment of leaf fanout to 32.
@@ -228,6 +228,7 @@
 +VDDIO_SDMMC3: failed to get the current voltage(-517)
 as3722-regulator as3722-regulator: regulator 13 register failed -517
 tegra-ahci 70027000.sata: couldn't get PHY in node sata: -517
+random: fast init done
 m25p80 spi32765.0: w25q32dw (4096 Kbytes)
 libphy: Fixed MDIO Bus: probed
 CAN device driver interface
@@ -259,7 +260,6 @@
 usbcore: registered new interface driver cdc_wdm
 usbcore: registered new interface driver usb-storage
 mousedev: PS/2 mouse device common for all mice
-random: fast init done
 as3722-rtc as3722-rtc: rtc core: registered as3722-rtc as rtc0
 as3722-rtc as3722-rtc: RTC interrupt 377
 tegra_rtc 7000e000.rtc: rtc core: registered 7000e000.rtc as rtc1
@@ -420,6 +420,7 @@
 pci 0000:01:00.0: BAR 0: assigned [mem 0x13000000-0x13001fff 64bit]
 pci 0000:00:01.0: PCI bridge to [bus 01]
 pci 0000:00:01.0:   bridge window [mem 0x13000000-0x130fffff]
+ mmcblk1: p1 p2 p3
 pci 0000:02:00.0: BAR 4: assigned [mem 0x20000000-0x20003fff 64bit pref]
 pci 0000:02:00.0: BAR 2: assigned [mem 0x13100000-0x13100fff 64bit]
 pci 0000:02:00.0: BAR 0: assigned [io  0x1000-0x10ff]
@@ -427,7 +428,6 @@
 pci 0000:00:02.0:   bridge window [io  0x1000-0x1fff]
 pci 0000:00:02.0:   bridge window [mem 0x13100000-0x131fffff]
 pci 0000:00:02.0:   bridge window [mem 0x20000000-0x200fffff 64bit pref]
- mmcblk1: p1 p2 p3
 pci 0000:00:01.0: nv_msi_ht_cap_quirk didn't locate host bridge
 pcieport 0000:00:01.0: enabling device (0140 -> 0142)
 pcieport 0000:00:01.0: Signaling PME through PCIe PME interrupt
@@ -452,7 +452,7 @@
 cpufreq: cpufreq_online: CPU0: Running at unlisted freq: 696000 KHz
 cpufreq: cpufreq_online: CPU0: Unlisted initial frequency changed to: 714000 KHz
 input: gpio-keys as /devices/soc0/gpio-keys/input/input2
-as3722-rtc as3722-rtc: setting system clock to 2000-01-01 00:00:16 UTC (946684816)
+as3722-rtc as3722-rtc: setting system clock to 2000-01-01 00:00:17 UTC (946684817)
 +USB0_VBUS_SW: disabling
 +1.8V_RUN_CAM: disabling
 +2.8V_RUN_CAM: disabling
Diff for ./tegra124-nyan-big/tegra124-nyan-big/tegra_defconfig_log.txt
--- /tmp/fooa	2016-09-20 23:43:07.266799659 -0700
+++ /tmp/foob	2016-09-20 23:43:07.270799668 -0700
@@ -5,7 +5,7 @@
 TEGRA124
 Model: Acer Chromebook 13 CB5-311
 DRAM:  4 GiB
-C:   Tegra SD/MMC: 0, Tegra SD/MMC: 1, Tegra SD/MMC: 2
+:   Tegra SD/MMC: 0, Tegra SD/MMC: 1, Tegra SD/MMC: 2
 MMC init failed
 Using default environment
 
@@ -14,7 +14,7 @@
 Err:   serial
 Net:   Net Initialization Skipped
 No ethernet found.
-Hit any key to stop autoboot:  2  1  0 
+Hit any key to stop autoboot:  2  0 
 Tegra124 (Nyan-big) # 
 Tegra124 (Nyan-big) # usb start
 starting USB...
@@ -35,14 +35,13 @@
 Load address: 0x82000000
 Loading: *#################################################################
 	 #################################################################
-	 #T EHCI timed out on TD - token=0x88008d80
-T ################################################################
+	 #################################################################
 	 #################################################################
 	 #################################################################
 	 ##############################################
-	 415 KiB/s
+	 3.4 MiB/s
 done
-Bytes transferred = 5439376 (52ff90 hex)
+Bytes transferred = 5440536 (530418 hex)
 Tegra124 (Nyan-big) # tftpboot 0x83000000 tegra124-nyan-big.dtb
 Using asx0 device
 TFTP from server 192.168.100.1; our IP address is 192.168.100.102
@@ -53,7 +52,7 @@
 done
 Bytes transferred = 66821 (10505 hex)
 Tegra124 (Nyan-big) # bootz 0x82000000 - 0x83000000
-Kernel image @ 0x82000000 [ 0x000000 - 0x52ff90 ]
+Kernel image @ 0x82000000 [ 0x000000 - 0x530418 ]
 ## Flattened Device Tree blob at 83000000
    Booting using the fdt blob at 0x83000000
    Using Device Tree in place at 83000000, end 83013504
@@ -164,6 +163,7 @@
  mmcblk0: p1 p2 p3 p4 p5 p6 p7 p8 p9 p10 p11 p12
 NET: Registered protocol family 10
 mip6: Mobile IPv6
+input: tegra-hda HDMI/DP,pcm=3 as /devices/soc0/70030000.hda/sound/card0/input3
 sit: IPv6, IPv4 and MPLS over IPv4 tunneling driver
 NET: Registered protocol family 17
 NET: Registered protocol family 15
@@ -179,7 +179,6 @@
 Bluetooth: HIDP (Human Interface Emulation) ver 1.2
 Bluetooth: HIDP socket layer initialized
 Key type dns_resolver registered
-input: tegra-hda HDMI/DP,pcm=3 as /devices/soc0/70030000.hda/sound/card0/input3
 Registering SWP/SWPB emulation handler
 +3.3V_RUN: supplied by +3.3V_SYS
 +3.3V_AVDD_HDMI_AP_GATED: supplied by +3.3V_RUN
@@ -227,17 +226,17 @@
 usb 1-2: new high-speed USB device number 2 using tegra-xusb
 mmc2: new high speed SDHC card at address 0007
 mmcblk2: mmc2:0007 SD08G 7.42 GiB 
+Console: switching to colour frame buffer device 170x48
 GPT:Primary header alternate_lba != Alt. header my_lba
 GPT:3014591 != 15564799
 GPT:Primary header thinks Alt. header is not at the end of the disk.
 GPT:3014591 != 15564799
 GPT: Use GNU Parted to correct GPT errors.
  mmcblk2: p1 p2 p3 p4 p5 p6 p7 p8 p9 p10 p11 p12
-Console: switching to colour frame buffer device 170x48
 drm drm: fb0:  frame buffer device
 [drm] Initialized tegra 0.0.0 20120330 on minor 0
 input: gpio-keys as /devices/soc0/gpio-keys/input/input4
-as3722-rtc as3722-rtc: setting system clock to 2000-01-01 00:00:37 UTC (946684837)
+as3722-rtc as3722-rtc: setting system clock to 2000-01-01 00:00:24 UTC (946684824)
 +1.8V_RUN_CAM: disabling
 +1.2V_RUN_CAM_FRONT: disabling
 +1.05V_RUN_CAM_REAR: disabling
@@ -256,10 +255,10 @@
 VFS: Mounted root (ext4 filesystem) on device 179:3.
 devtmpfs: mounted
 Freeing unused kernel memory: 1024K (c0c00000 - c0d00000)
+usb 1-3: new high-speed USB device number 3 using tegra-xusb
 bash: cannot set terminal process group (-1): Inappropriate ioctl for device
 bash: no job control in this shell
-root@(none):/# [    5.824880] usb 1-3: new high-speed USB device number 3 using tegra-xusb
-asix 1-3:1.0 eth0: register 'asix' at usb-70090000.usb-3, ASIX AX88772 USB 2.0 Ethernet, c8:d7:19:90:fa:65
+root@(none):/# [    6.613590] asix 1-3:1.0 eth0: register 'asix' at usb-70090000.usb-3, ASIX AX88772 USB 2.0 Ethernet, c8:d7:19:90:fa:65
 usb 1-1: new high-speed USB device number 4 using tegra-xusb
 usb-storage 1-1:1.0: USB Mass Storage device detected
 scsi host0: usb-storage 1-1:1.0
Diff for ./tegra132-norrin/tegra132-norrin/defconfig_log.txt
--- /tmp/fooa	2016-09-20 23:43:07.274799676 -0700
+++ /tmp/foob	2016-09-20 23:43:07.278799684 -0700
@@ -31,7 +31,7 @@
 MSENC clock is set to  79200 KHz
 Vde clock is set to 204000 KHz
 
-Bootloader-Cpu Init at (time stamp): 1801070 us
+Bootloader-Cpu Init at (time stamp): 1801058 us
 
 Pinmux changes applied in kernel way
 
@@ -62,20 +62,20 @@
 Board Id Read Time: 3 us
 Power Rail enable Time: 1 us
 
-Miscellaneous avp time: 1801044  us
-Bootloader (AosInit) time: 734238 us
-Bootloader Main Init time: 180091 us
-BlockDevMgrInit time: 157521 us
+Miscellaneous avp time: 1801032  us
+Bootloader (AosInit) time: 734232 us
+Bootloader Main Init time: 180088 us
+BlockDevMgrInit time: 157526 us
 PartMgrInit time: 8 us
 StorMgrInit time: 30 us
 FsMgrInit time: 2 us
-Partition Table load: 76664 us 
-Display init time: 574703 us
+Partition Table load: 76651 us 
+Display init time: 574948 us
 Kernel read time: 374 msec
 Load Kernel Size:   16218112 Bytes
 Bl Kernel ReadSpeed: 43363000 Bytes/sec
-Pre-Kernel Jump time: 1728949 us
-Clearing 32 Bit State and Warm resetting to 64bit mode: 5874086 us
+Pre-Kernel Jump time: 1730899 us
+Clearing 32 Bit State and Warm resetting to 64bit mode: 5873838 us
 Booting Linux on physical CPU 0x0
 Linux version 4.8.0-rc7-135754-g3be7988 (pwalmsley@tamien) (gcc version 4.9.2 20140904 (prerelease) (crosstool-NG linaro-1.13.1-4.9-2014.09 - Linaro GCC 4.9-2014.09) ) #1 SMP PREEMPT Mon Sep 19 07:38:29 PDT 2016
 Boot CPU: AArch64 Processor [4e0f0000]
@@ -184,7 +184,7 @@
 kvm [1]: HYP mode not available
 futex hash table entries: 256 (order: 3, 32768 bytes)
 audit: initializing netlink subsys (disabled)
-audit: type=2000 audit(1.103:1): initialized
+audit: type=2000 audit(1.115:1): initialized
 workingset: timestamp_bits=46 max_order=19 bucket_order=0
 squashfs: version 4.0 (2009/01/31) Phillip Lougher
 NFS: Registering the id_resolver key type
@@ -247,10 +247,9 @@
 NET: Registered protocol family 17
 9pnet: Installing 9P2000 support
 Key type dns_resolver registered
+mmc0: new high speed MMC card at address 0001
 registered taskstats version 1
 +VDD_LED: supplied by +VDD_MUX
-mmc0: new high speed MMC card at address 0001
-mmcblk0: mmc0:0001 SEM16G 14.7 GiB 
 +5V_USB_HS: supplied by +5V_SYS
 +5V_USB_SS: supplied by +5V_SYS
 +5V_HDMI_CON: supplied by +5V_SYS
@@ -269,6 +268,7 @@
 ALSA device list:
   No soundcards found.
 Freeing unused kernel memory: 960K (ffff800000bf0000 - ffff800000ce0000)
+mmcblk0: mmc0:0001 SEM16G 14.7 GiB 
 mmcblk0boot0: mmc0:0001 SEM16G partition 1 4.00 MiB
 mmcblk0boot1: mmc0:0001 SEM16G partition 2 4.00 MiB
 mmcblk0rpmb: mmc0:0001 SEM16G partition 3 4.00 MiB
Diff for ./tegra20-trimslice/tegra20-trimslice/tegra_defconfig_log.txt
--- /tmp/fooa	2016-09-20 23:43:07.294799708 -0700
+++ /tmp/foob	2016-09-20 23:43:07.298799715 -0700
@@ -45,20 +45,20 @@
 	 #################################################################
 	 #################################################################
 	 ##############################################
-	 911.1 KiB/s
+	 4.1 MiB/s
 done
-Bytes transferred = 5439376 (52ff90 hex)
+Bytes transferred = 5440536 (530418 hex)
 Tegra20 (TrimSlice) # tftpboot 0x02408000 tegra20-trimslice.dtb
 Using RTL8169#0 device
 TFTP from server 192.168.100.1; our IP address is 192.168.100.103
 Filename 'tegra20-trimslice.dtb'.
 Load address: 0x2408000
 Loading: *##
-	 861.3 KiB/s
+	 3.4 MiB/s
 done
 Bytes transferred = 21172 (52b4 hex)
 Tegra20 (TrimSlice) # bootz 0x00408000 - 0x02408000
-Kernel image @ 0x408000 [ 0x000000 - 0x52ff90 ]
+Kernel image @ 0x408000 [ 0x000000 - 0x530418 ]
 ## Flattened Device Tree blob at 02408000
    Booting using the fdt blob at 0x2408000
    Using Device Tree in place at 02408000, end 024102b3
@@ -67,7 +67,7 @@
 
 Uncompressing Linux... done, booting the kernel.
 Booting Linux on physical CPU 0x0
-Linux version 4.8.0-rc7-next-20160920-120742-g6b7f746 (pwalmsley@kaivo) (gcc version 4.7.3 20130328 (prerelease) (crosstool-NG linaro-1.13.1-4.7-2013.04-20130415 - Linaro GCC 2013.04) ) #1 SMP PREEMPT Tue Sep 20 01:35:10 PDT 2016
+Linux version 4.8.0-rc7-next-20160921-123372-g4fbbc83 (pwalmsley@kaivo) (gcc version 4.7.3 20130328 (prerelease) (crosstool-NG linaro-1.13.1-4.7-2013.04-20130415 - Linaro GCC 2013.04) ) #1 SMP PREEMPT Tue Sep 20 23:35:18 PDT 2016
 CPU: ARMv7 Processor [411fc090] revision 0 (ARMv7), cr=10c5387d
 CPU: PIPT / VIPT nonaliasing data cache, VIPT aliasing instruction cache
 OF: fdt:Machine model: Compulab TrimSlice board
@@ -76,7 +76,7 @@
 cma: Reserved 64 MiB at 0x3c000000
 Memory policy: Data cache writealloc
 On node 0 totalpages: 262144
-free_area_init_node: node 0, pgdat c0d5c680, node_mem_map ef7f7000
+free_area_init_node: node 0, pgdat c0d5c840, node_mem_map ef7f7000
   Normal zone: 1536 pages used for memmap
   Normal zone: 0 pages reserved
   Normal zone: 196608 pages, LIFO batch:31
@@ -99,7 +99,7 @@
     modules : 0xbf000000 - 0xbfe00000   (  14 MB)
       .text : 0xc0008000 - 0xc0900000   (9184 kB)
       .init : 0xc0c00000 - 0xc0d00000   (1024 kB)
-      .data : 0xc0d00000 - 0xc0d5dd40   ( 376 kB)
+      .data : 0xc0d00000 - 0xc0d5dee0   ( 376 kB)
        .bss : 0xc0d5f000 - 0xc0dbaa80   ( 367 kB)
 Preemptible hierarchical RCU implementation.
 	Build-time adjustment of leaf fanout to 32.
@@ -306,12 +306,12 @@
 tlv320aic23-codec 2-001a: ASoC: no dapm match for MICIN --> NULL --> Mic Input
 tlv320aic23-codec 2-001a: ASoC: Failed to add route MICIN -> NULL -> Mic Input
 tegra-snd-trimslice sound: tlv320aic23-hifi <-> 70002800.i2s mapping ok
-usb 1-1: new high-speed USB device number 2 using tegra-ehci
 mmc0: host does not support reading read-only switch, assuming write-enable
+usb 1-1: new high-speed USB device number 2 using tegra-ehci
 mmc0: new high speed SDHC card at address b368
+mmc1: new high speed SD card at address b368
 mmcblk0: mmc0:b368 NCard 3.70 GiB 
  mmcblk0: p1
-mmc1: new high speed SD card at address b368
 mmcblk1: mmc1:b368 NCard 1.83 GiB (ro)
  mmcblk1: p1 p2
 hub 1-1:1.0: USB hub found
@@ -322,10 +322,10 @@
 NET: Registered protocol family 17
 NET: Registered protocol family 15
 can: controller area network core (rev 20120528 abi 9)
+usb 1-1.2: new high-speed USB device number 3 using tegra-ehci
 NET: Registered protocol family 29
 can: raw protocol (rev 20120528)
 can: broadcast manager protocol (rev 20160617 t)
-usb 1-1.2: new high-speed USB device number 3 using tegra-ehci
 can: netlink gateway (rev 20130117) max_hops=1
 Bluetooth: RFCOMM socket layer initialized
 Bluetooth: RFCOMM ver 1.11
@@ -335,6 +335,7 @@
 Bluetooth: HIDP socket layer initialized
 Key type dns_resolver registered
 Registering SWP/SWPB emulation handler
+utmi_phy_clk_enable: timeout waiting for phy to stabilize
 tegra-ehci c5000000.usb: EHCI Host Controller
 tegra-ehci c5000000.usb: new USB bus registered, assigned bus number 2
 tegra-ehci c5000000.usb: irq 288, io mem 0xc5000000
@@ -342,7 +343,7 @@
 hub 2-0:1.0: USB hub found
 hub 2-0:1.0: 1 port detected
 input: gpio-keys as /devices/soc0/gpio-keys/input/input0
-rtc-em3027 2-0056: setting system clock to 2015-02-05 18:08:30 UTC (1423159710)
+rtc-em3027 2-0056: setting system clock to 2015-02-05 18:13:28 UTC (1423160008)
 ALSA device list:
   #0: tegra-trimslice
 asix 1-1.2:1.0 eth1: register 'asix' at usb-c5008000.usb-1.2, ASIX AX88772 USB 2.0 Ethernet, 00:60:6e:60:6c:68
Diff for ./tegra210-p2371-0000/tegra210-p2371-0000/defconfig_log.txt
--- /tmp/fooa	2016-09-20 23:43:07.322799758 -0700
+++ /tmp/foob	2016-09-20 23:43:07.326799764 -0700
@@ -64,17 +64,17 @@
 Loading and Validation of Secure OS Successful
 NvTbootPackSdramParams: start. 
 NvTbootPackSdramParams: done. 
-Tegraboot started after 730480 us
-Basic modules init took 348688 us
+Tegraboot started after 753904 us
+Basic modules init took 350052 us
 Sec Bootdevice Read Time = 202 ms, Read Size = 8459 KB
-Next stage binary read took 14368 us
-Carveout took 252720 us
-CPU initialization took 92300 us
-Total time taken by TegraBoot 708076 us
+Next stage binary read took 14365 us
+Carveout took 252724 us
+CPU initialization took 92325 us
+Total time taken by TegraBoot 709466 us
 
 Starting CPU & Halting co-processor 
 
-64b[0001.569] LPDDR4 Training: Number of tables = 10
+64b[0001.594] LPDDR4 Training: Number of tables = 10
 EMC Training (SRC-freq: 204000; DST-freq: 408000)
 EMC Training Successful
 EMC Training (SRC-freq: 204000; DST-freq: 665600)
@@ -108,7 +108,7 @@
 Tegra210 (P2371-0000) # 
 Tegra210 (P2371-0000) # ums 0 mmc 0
 UMS: disk start sector: 0x0, count: 0x1d5a000
-|/-\|/-\/-\|/-\/-\|/-\/-\|/-\/-\|/-\/-\|/-\/-\|/-\/-\|/-\/-\CTRL+C - Operation aborted
+|/-\|/-\/-\|/-\/-\|/-\/-\|/-\/-\|/-\/-\|/-\/-\|/-\/-\|/-\/-CTRL+C - Operation aborted
 Tegra210 (P2371-0000) # 
 Tegra210 (P2371-0000) # env set fdt_copy_node_names /cpus:/psci
 Tegra210 (P2371-0000) # setenv rootpart 1
@@ -121,7 +121,7 @@
 Tegra210 (P2371-0000) # load ${devtype} ${devnum}:${rootpart} ${fdt_addr_r} /boot/tegra210-p2371-0000.dtb
 42034 bytes read in 454 ms (89.8 KiB/s)
 Tegra210 (P2371-0000) # load ${devtype} ${devnum}:${rootpart} ${ramdisk_addr_r} /boot/tegra-ramdisk.img
-1627787 bytes read in 503 ms (3.1 MiB/s)
+1627787 bytes read in 501 ms (3.1 MiB/s)
 Tegra210 (P2371-0000) # ramdisk_size=${filesize}
 Tegra210 (P2371-0000) # booti ${kernel_addr_r} - ${fdt_addr_r}
 ## Flattened Device Tree blob at 82000000
@@ -131,7 +131,7 @@
 Starting kernel ...
 
 Booting Linux on physical CPU 0x0
-Linux version 4.8.0-rc7-next-20160920-145175-g6b7f746 (pwalmsley@tamien) (gcc version 4.9.2 20140904 (prerelease) (crosstool-NG linaro-1.13.1-4.9-2014.09 - Linaro GCC 4.9-2014.09) ) #1 SMP PREEMPT Tue Sep 20 01:38:14 PDT 2016
+Linux version 4.8.0-rc7-next-20160921-147805-g4fbbc83 (pwalmsley@tamien) (gcc version 4.9.2 20140904 (prerelease) (crosstool-NG linaro-1.13.1-4.9-2014.09 - Linaro GCC 4.9-2014.09) ) #1 SMP PREEMPT Tue Sep 20 23:38:56 PDT 2016
 Boot CPU: AArch64 Processor [411fd071]
 debug: ignoring loglevel setting.
 earlycon: uart8250 at MMIO32 0x0000000070006000 (options '')
@@ -166,7 +166,7 @@
 Dentry cache hash table entries: 524288 (order: 10, 4194304 bytes)
 Inode-cache hash table entries: 262144 (order: 9, 2097152 bytes)
 software IO TLB [mem 0xfa000000-0xfe000000] (64MB) mapped at [ffff80007a000000-ffff80007dffffff]
-Memory: 2978596K/3131392K available (8188K kernel code, 850K rwdata, 3900K rodata, 1024K init, 273K bss, 136412K reserved, 16384K cma-reserved)
+Memory: 2978596K/3131392K available (8188K kernel code, 850K rwdata, 3896K rodata, 1024K init, 273K bss, 136412K reserved, 16384K cma-reserved)
 Virtual kernel memory layout:
     modules : 0xffff000000000000 - 0xffff000008000000   (   128 MB)
     vmalloc : 0xffff000008000000 - 0xffff7dffbfff0000   (129022 GB)
@@ -258,7 +258,7 @@
 RPC: Registered tcp transport module.
 RPC: Registered tcp NFSv4.1 backchannel transport module.
 PCI: CLS 0 bytes, default 128
-kvm [1]: IDMAP page: 80876000
+kvm [1]: IDMAP page: 80875000
 kvm [1]: HYP VA range: 800000000000:ffffffffffff
 kvm [1]: 8-bit VMID
 kvm [1]: Hyp mode initialized successfully
@@ -267,7 +267,7 @@
 kvm [1]: virtual timer IRQ4
 futex hash table entries: 1024 (order: 5, 131072 bytes)
 audit: initializing netlink subsys (disabled)
-audit: type=2000 audit(0.479:1): initialized
+audit: type=2000 audit(0.483:1): initialized
 workingset: timestamp_bits=46 max_order=20 bucket_order=0
 squashfs: version 4.0 (2009/01/31) Phillip Lougher
 NFS: Registering the id_resolver key type
@@ -348,6 +348,6 @@
 devtmpfs: mounted
 Freeing unused kernel memory: 1024K (ffff800000c60000 - ffff800000d60000)
 bash: cannot set terminal process group (-1): Inappropriate ioctl for device
-bash: no job contr[    1.347413] random: fast init done
+bash: no job contr[    1.294278] random: fast init done
 ol in this shell
 root@(none):/# 
\ No newline at end of file
Diff for ./tegra210-smaug/tegra210-smaug/defconfig_log.txt
--- /tmp/fooa	2016-09-20 23:43:07.334799780 -0700
+++ /tmp/foob	2016-09-20 23:43:07.338799789 -0700
@@ -1,4 +1,4 @@
-   0.000000] bootconsole [uart0] enabled
+nabled
 efi: Getting EFI parameters from FDT:
 efi: UEFI not found.
 cma: Reserved 16 MiB at 0x00000000f5400000
@@ -21,7 +21,7 @@
 Dentry cache hash table entries: 524288 (order: 10, 4194304 bytes)
 Inode-cache hash table entries: 262144 (order: 9, 2097152 bytes)
 software IO TLB [mem 0xf1400000-0xf5400000] (64MB) mapped at [ffff800071400000-ffff8000753fffff]
-Memory: 2832784K/2988032K available (8188K kernel code, 850K rwdata, 3900K rodata, 1024K init, 273K bss, 138864K reserved, 16384K cma-reserved)
+Memory: 2832784K/2988032K available (8188K kernel code, 850K rwdata, 3896K rodata, 1024K init, 273K bss, 138864K reserved, 16384K cma-reserved)
 Virtual kernel memory layout:
     modules : 0xffff000000000000 - 0xffff000008000000   (   128 MB)
     vmalloc : 0xffff000008000000 - 0xffff7dffbfff0000   (129022 GB)
@@ -58,7 +58,7 @@
  (comparison mask = 0xf8000000)
 boot misc2 0x0: expected 0xf400f0da
  (comparison mask = 0xffffffff)
-boot misc3 0x1448: expected 0x2004f400
+boot misc3 0xa38: expected 0x2004f400
  (comparison mask = 0xffffffff)
 PLL_P already enabled. Postponing set full defaults
 PLL_X already enabled. Postponing set full defaults
@@ -135,7 +135,7 @@
 RPC: Registered tcp NFSv4.1 backchannel transport module.
 Unpacking initramfs...
 Freeing initrd memory: 2360K (ffff80000a05e000 - ffff80000a2ac000)
-kvm [1]: IDMAP page: 80876000
+kvm [1]: IDMAP page: 80875000
 kvm [1]: HYP VA range: 800000000000:ffffffffffff
 kvm [1]: 8-bit VMID
 kvm [1]: Hyp mode initialized successfully
@@ -144,7 +144,7 @@
 kvm [1]: virtual timer IRQ4
 futex hash table entries: 1024 (order: 5, 131072 bytes)
 audit: initializing netlink subsys (disabled)
-audit: type=2000 audit(0.651:1): initialized
+audit: type=2000 audit(0.659:1): initialized
 workingset: timestamp_bits=46 max_order=20 bucket_order=0
 squashfs: version 4.0 (2009/01/31) Phillip Lougher
 NFS: Registering the id_resolver key type
@@ -237,9 +237,9 @@
 mmc0: new high speed MMC card at address 0001
 mmcblk0: mmc0:0001 BGND3R 29.1 GiB 
 mmcblk0boot0: mmc0:0001 BGND3R partition 1 4.00 MiB
+max77686-rtc max77620-rtc: setting system clock to 2000-07-02 12:08:33 UTC (962539713)
 mmcblk0boot1: mmc0:0001 BGND3R partition 2 4.00 MiB
 mmcblk0rpmb: mmc0:0001 BGND3R partition 3 4.00 MiB
-max77686-rtc max77620-rtc: setting system clock to 2000-07-01 14:07:51 UTC (962460471)
  mmcblk0: p1 p2 p3 p4 p5 p6 p7 p8 p9 p10 p11
 tegra-i2c 7000d100.i2c: could not find pctldev for node /host1x@50000000/dpaux@545c0000/pinmux-i2c, deferring probe
 PP1200_AVDD: disabling
Diff for ./tegra30-beaver/tegra30-beaver/tegra_defconfig_log.txt
--- /tmp/fooa	2016-09-20 23:43:07.342799797 -0700
+++ /tmp/foob	2016-09-20 23:43:07.346799804 -0700
@@ -39,18 +39,18 @@
 	 ##############################################
 	 3.2 MiB/s
 done
-Bytes transferred = 5439376 (52ff90 hex)
+Bytes transferred = 5440536 (530418 hex)
 Tegra30 (Beaver) # tftpboot 0x82000000 tegra30-beaver.dtb
 Using asx0 device
 TFTP from server 192.168.100.1; our IP address is 192.168.100.101
 Filename 'tegra30-beaver.dtb'.
 Load address: 0x82000000
 Loading: *####
-	 3.1 MiB/s
+	 2.7 MiB/s
 done
 Bytes transferred = 51572 (c974 hex)
 Tegra30 (Beaver) # bootz 0x81000000 - 0x82000000
-Kernel image @ 0x81000000 [ 0x000000 - 0x52ff90 ]
+Kernel image @ 0x81000000 [ 0x000000 - 0x530418 ]
 ## Flattened Device Tree blob at 82000000
    Booting using the fdt blob at 0x82000000
    Loading Device Tree to 8fff0000, end 8ffff973 ... OK
@@ -59,7 +59,7 @@
 
 Uncompressing Linux... done, booting the kernel.
 Booting Linux on physical CPU 0x0
-Linux version 4.8.0-rc7-next-20160920-120742-g6b7f746 (pwalmsley@kaivo) (gcc version 4.7.3 20130328 (prerelease) (crosstool-NG linaro-1.13.1-4.7-2013.04-20130415 - Linaro GCC 2013.04) ) #1 SMP PREEMPT Tue Sep 20 01:35:10 PDT 2016
+Linux version 4.8.0-rc7-next-20160921-123372-g4fbbc83 (pwalmsley@kaivo) (gcc version 4.7.3 20130328 (prerelease) (crosstool-NG linaro-1.13.1-4.7-2013.04-20130415 - Linaro GCC 2013.04) ) #1 SMP PREEMPT Tue Sep 20 23:35:18 PDT 2016
 CPU: ARMv7 Processor [412fc099] revision 9 (ARMv7), cr=10c5387d
 CPU: PIPT / VIPT nonaliasing data cache, VIPT aliasing instruction cache
 OF: fdt:Machine model: NVIDIA Tegra30 Beaver evaluation board
@@ -68,7 +68,7 @@
 cma: Reserved 64 MiB at 0xfbc00000
 Memory policy: Data cache writealloc
 On node 0 totalpages: 524032
-free_area_init_node: node 0, pgdat c0d5c680, node_mem_map eeff7000
+free_area_init_node: node 0, pgdat c0d5c840, node_mem_map eeff7000
   Normal zone: 1536 pages used for memmap
   Normal zone: 0 pages reserved
   Normal zone: 196608 pages, LIFO batch:31
@@ -91,7 +91,7 @@
     modules : 0xbf000000 - 0xbfe00000   (  14 MB)
       .text : 0xc0008000 - 0xc0900000   (9184 kB)
       .init : 0xc0c00000 - 0xc0d00000   (1024 kB)
-      .data : 0xc0d00000 - 0xc0d5dd40   ( 376 kB)
+      .data : 0xc0d00000 - 0xc0d5dee0   ( 376 kB)
        .bss : 0xc0d5f000 - 0xc0dbaa80   ( 367 kB)
 Preemptible hierarchical RCU implementation.
 	Build-time adjustment of leaf fanout to 32.
@@ -272,8 +272,8 @@
 mmc1: SDHCI controller on 78000600.sdhci [78000600.sdhci] using ADMA
 usbcore: registered new interface driver usbhid
 usbhid: USB HID core driver
-vddio_sdmmc,avdd_vdac: ramp_delay not set
 mmc1: new high speed MMC card at address 0001
+vddio_sdmmc,avdd_vdac: ramp_delay not set
 mmcblk1: mmc1:0001 SEM16G 14.8 GiB 
 mmcblk1boot0: mmc1:0001 SEM16G partition 1 1.00 MiB
 mmcblk1boot1: mmc1:0001 SEM16G partition 2 1.00 MiB
@@ -385,5 +385,6 @@
 devtmpfs: mounted
 Freeing unused kernel memory: 1024K (c0c00000 - c0d00000)
 bash: cannot set terminal process group (-1): Inappropriate ioctl for device
-bash: no job control in this shell
-root@(none):/# [    7.600835] usb 2-1: new high-speed USB device number 2 using tegra-ehci
+bash: no j[    7.841379] usb 2-1: new high-speed USB device number 2 using tegra-ehci
+ob control in this shell
+root@(none):/# [    8.528192] asix 2-1:1.0 eth1: register 'asix' at usb-7d008000.usb-1, ASIX AX88772 USB 2.0 Ethernet, 00:50:b6:0f:67:60
