

FAILED: Linux Boot Test 1
	Test Owner(s): N/A
	Execution Time 175.26 sec
	Test TIMEOUT reached. Test did not report results in 120 secs
	Percent passed so far: 0.0
	


FAILED: Linux Boot Test 2
	Test Owner(s): N/A
	Execution Time 175.28 sec
	Test TIMEOUT reached. Test did not report results in 120 secs
	Percent passed so far: 0.0
	


FAILED: Linux Boot Test 3
	Test Owner(s): N/A
	Execution Time 175.2 sec
	Test TIMEOUT reached. Test did not report results in 120 secs
	Percent passed so far: 0.0
	

Final Score: 0.0

Sanity Failed! 
[0004.143] I> Welcome to MB1 recovery(prd-version : 10.02.161215-t186-M-00.00-f24525c4)
[0004.151] I> rst_source : 0x0
[0004.153] I> rst_level : 0x0
[0004.156] I> Boot-device: eMMC
[0004.212] I> sdmmc ddr50 mode
[0004.215] I> Entering into 3p server..
[0004.219] I> Transport interface is USB
[0004.545] I> transport_usbf_priv_open USB configuration success
[0010.153] I> Populate eeprom info for module cvm
[0045.252] I> bit @ 0xd480000
[0045.255] I> Downloading bct_bootrom at 0x000000004004e800
[0045.262] I> downloaded image bct_bootrom successfully
[0045.271] I> Downloading bct_mb1 at 0x0000000040041000
[0045.281] I> MB1-BCT relocated to 0xd48bc00 from 0x40041000
[0045.286] I> Supported mb1-bct versions 9-12
[0045.291] I> Version of mb1 bct binary 12
[0045.294] W> MB1 BCT does not have controller prod config data
[0045.300] I> Bootrom patch version : 31 (correctly patched)
[0045.306] I> ATE fuse revision : 0x30880
[0045.309] I> chip revision : A02P
[0045.313] I> disabled_core_mask: 0xffffff0c
[0045.317] I> Enabled Cores: 0xf3
[0045.320] I> TPC disable fuse status: 0
[0045.323] I> Booting Parker Sku
[0045.326] I> Ram repair fuse : 0x0
[0045.330] I> allocated(CO:30) base:0xf8000000 size:0x8000000 align: 0x8000000
[0045.337] I> allocated(CO:23) base:0xf7ff0000 size:0x10000 align: 0x10000
[0045.344] I> allocated(CO:31) base:0x0 size:0x0 align: 0x0
[0045.349] I> allocated(CO:1) base:0xf7e00000 size:0x100000 align: 0x100000
[0045.356] I> allocated(CO:2) base:0xf7d00000 size:0x100000 align: 0x100000
[0045.362] I> allocated(CO:3) base:0xf7c00000 size:0x100000 align: 0x100000
[0045.369] I> allocated(CO:4) base:0xf7b00000 size:0x100000 align: 0x100000
[0045.376] I> allocated(CO:5) base:0xf7a00000 size:0x100000 align: 0x100000
[0045.383] I> allocated(CO:8) base:0xf7900000 size:0x100000 align: 0x100000
[0045.390] I> allocated(CO:27) base:0x0 size:0x0 align: 0x0
[0045.395] I> allocated(CO:6) base:0xf7600000 size:0x200000 align: 0x200000
[0045.402] I> allocated(CO:7) base:0xf7000000 size:0x400000 align: 0x400000
[0045.409] I> allocated(CO:9) base:0xf7800000 size:0x100000 align: 0x100000
[0045.415] I> allocated(CO:10) base:0xf6800000 size:0x800000 align: 0x800000
[0045.422] I> allocated(CO:11) base:0x30000000 size:0x40000 align: 0x0
[0045.429] I> allocated(CO:12) base:0xf7500000 size:0x100000 align: 0x100000
[0045.436] I> allocated(CO:13) base:0x30040000 size:0x1000 align: 0x0
[0045.442] I> allocated(CO:14) base:0x30048000 size:0x1000 align: 0x0
[0045.448] I> allocated(CO:15) base:0x30049000 size:0x1000 align: 0x0
[0045.454] I> allocated(CO:16) base:0x3004a000 size:0x1000 align: 0x0
[0045.461] I> allocated(CO:17) base:0x3004b000 size:0x1000 align: 0x0
[0045.467] I> allocated(CO:19) base:0x3004d000 size:0x1000 align: 0x0
[0045.473] I> allocated(CO:18) base:0x3004c000 size:0x1000 align: 0x0
[0045.479] I> allocated(CO:20) base:0x3004e000 size:0x1000 align: 0x0
[0045.486] I> allocated(CO:21) base:0x3004f000 size:0x1000 align: 0x0
[0045.492] I> allocated(CO:22) base:0x0 size:0x0 align: 0x0
[0045.497] I> allocated(CO:32) base:0xf6000000 size:0x600000 align: 0x400000
[0045.504] I> allocated(CO:24) base:0x0 size:0x0 align: 0x0
[0045.509] I> allocated(CO:25) base:0x0 size:0x0 align: 0x0
[0045.515] I> allocated(CO:26) base:0x0 size:0x0 align: 0x0
[0045.520] I> allocated(CO:39) base:0x96000000 size:0x2000000 align: 0x2000000
[0045.527] I> allocated(CO:38) base:0x84000000 size:0x400000 align: 0x400000
[0045.534] I> allocated(CO:37) base:0xf7fc0000 size:0x20000 align: 0x20000
[0045.541] I> allocated(CO:40) base:0x84800000 size:0xb00000 align: 0x800000
[0045.548] I> allocated(CO:41) base:0xf7f00000 size:0x80000 align: 0x80000
[0045.554] I> allocated(CO:28) base:0x84400000 size:0x400000 align: 0x400000
[0045.562] I> Boot-device: eMMC
[0045.565] I> sdmmc bdev is already initialized
[0045.569] W> MB1 PMIC CFG is version 1.2
[0045.573] W> Rail ID 7 is not found on MB1 BCT
[0045.577] W> MB1 PMIC CFG is version 1.2
[0045.584] W> MB1 PMIC CFG is version 1.2
[0045.591] W> MB1 PMIC CFG is version 1.2
[0045.595] I> sdram slot : 1
[0045.598] I> Initializing SDRAM
[0045.604] I> mss encrypt status check successful
[0045.609] I> downloaded image bct_mb1 successfully
[0045.832] I> Downloading blob at 0x0000000085300000
[0046.235] I> downloaded image blob successfully
[0046.250] I> exiting nv3p server
[0046.253] I> disabled_core_mask: 0xffffff0c
[0046.257] I> Enabled Cores: 0xf3
[0046.260] I> TPC disable fuse status: 0
[0046.264] I> Booting Parker Sku
[0046.267] I> Setup temp. GSC#29 (base:0x30000000, size:0x00010000)
[0046.273] I> Loading preboot
[0046.278] I> Binary(1) of size 59024 is loaded @ 0x40000000
[0046.283] I> Restrict GSC#29 access to DPMU only
[0046.288] I> Updated LSR_DVCOMP_PARAMS: 0xc0780f05c
[0046.292] I> Updated LSR_DVCOMP_PARAMS: 0xc07c0f85c
[0046.297] I> WP0 triggered
[0046.300] I> Waypoint-0 ACK received :)
[0046.304] I> WP0.5 triggered
[0046.307] I> Initialized SCRs
[0046.310] W> MB1 PMIC CFG is version 1.2
[0046.317] W> MB1 PMIC CFG is version 1.2
[0046.368] I> Waypoint-0.5 ACK received :)
[0046.372] I> Setup temp. GSC#28 (base:0x84400000, size:0x00400000)
[0046.378] I> Loading MTS-DMCE
[0046.392] I> Binary(2) of size 266624 is loaded @ 0x84400000
[0046.397] I> disabled_core_mask: 0xffffff0c
[0046.402] I> Loading MTS-PROPER
[0046.405] I> Binary(3) of size 1809872 is loaded @ 0x0
[0046.410] I> Restrict GSC#28 access to DPMU only
[0046.414] I> disabled_core_mask: 0xffffff0c
[0046.418] I> WP1 triggered
[0046.421] I> Loading MB2
[0046.424] I> Binary(8) of size 59696 is loaded @ 0x84000000
[0046.429] W> MB1 PMIC CFG is version 1.2
[0046.434] I> Configure DMCE carveout GSC#13
[0046.438] I> CPU reset vector: 0x96000000
[0046.442] I> MB2-params @ 0xf7f00000
[0046.446] I> Waypoint-1 ACK received :)
[0046.450] I> Configure SC7 carveout GSC#23
[0046.454] I> MB1 recovery done

[0046.460] I> Welcome to MB2(TBoot-BPMP) Recovery(version: 01.00.160913-t186-M-00.00-mobile-597f2c10)
[0046.469] I> Default Heap @ [0xd486400 - 0xd488400]
[0046.473] I> DMA Heap @ [0x84900000 - 0x85300000]
[0046.478] I> bit @ 0xd480000
[0046.481] I> BR-BCT relocated to 0xf7f20000
[0046.485] I> Boot-device: eMMC
[0046.489] I> pmic: reset reason (nverc)	: 0x10
[0046.493] I> Reading GPT from 512 for device 00000003
[0046.499] I> Reading GPT from 8388096 for device 00000003
[0046.507] I> Found 14 partitions in 00000003 device
[0046.511] I> Reading GPT from 512 for device 00010003
[0046.518] I> Found 49 partitions in 00010003 device
[0046.526] I> Binary(16) of size 524480 is loaded @ 0xf7600000
[0046.534] I> Binary(17) of size 326672 is loaded @ 0xf77b03e0
[0046.661] I> BPMP-FW load address = 0xf7600000
[0046.665] I> BPMP-FW DTB load address = 0x501b03e0
[0046.670] I> Copy BTCM section
[0046.673] I> Binary(13) of size 143872 is loaded @ 0x96000000
[0046.679] I> MB2-params @ 0xf7f00000
[0046.683] I> CPUBL-params @ 0xf7f00000
[0046.686] I> CPU-BL loaded at : 0x96000000
[0046.690] I> Loading TOS ...
[0046.694] I> Binary(14) of size 54384 is loaded @ 0x8490f400
[0046.699] I> Copying Monitor (length: 0xd270) from 0x8490f600 to 0x40000000
[0046.706] I> Erasing Monitor @ 0x8490f600
[0046.711] I> Unhalting SCE
[0046.715] I> Waypoint2-ACK: 0x5200b694
[0046.718] I> MB2(TBoot-BPMP) Recovery done

NOTICE:  BL31: v1.2(release):ff7a644
NOTICE:  BL31: Built : 21:06:35, Mar  1 2017
NOTICE:  Trusty image missing.
ERROR:   Error initializing runtime service trusty_fast
[0047.082] I> Welcome to TBoot-CPU Recovery(version: 01.00.160913-t186-M-00.00-mobile-e9641362)
[0047.090] I> gpio framework initialized
[0047.094] I> tegrabl_gpio_driver_register: register 'tegra_gpio_main_driver' driver
[0047.101] I> tegrabl_gpio_driver_register: register 'tegra_gpio_aon_driver' driver
[0047.109] I> tegrabl_tca9539_init: i2c bus: 0, slave addr: 0xee
[0047.117] I> tegrabl_gpio_driver_register: register 'tca9539_gpio_driver' driver
[0047.124] I> tegrabl_tca9539_init: i2c bus: 0, slave addr: 0xe8
[0047.132] I> tegrabl_gpio_driver_register: register 'tca9539_gpio_driver' driver
[0047.140] I> CPU: ARM Cortex A57
[0047.143] I> CPU: MIDR: 0x411fd073, MPIDR: 0x80000100
[0047.148] I> L2 ECC enabled : yes
[0047.151] I> CPU-BL Params @ 0xf7f00000
[0047.154] I>  0) Base:0x00000000 Size:0x00000000
[0047.159] I>  1) Base:0xf7e00000 Size:0x00100000
[0047.163] I>  2) Base:0xf7d00000 Size:0x00100000
[0047.168] I>  3) Base:0xf7c00000 Size:0x00100000
[0047.172] I>  4) Base:0xf7b00000 Size:0x00100000
[0047.177] I>  5) Base:0xf7a00000 Size:0x00100000
[0047.181] I>  6) Base:0xf7600000 Size:0x00200000
[0047.185] I>  7) Base:0xf7000000 Size:0x00400000
[0047.190] I>  8) Base:0xf7900000 Size:0x00100000
[0047.194] I>  9) Base:0xf7800000 Size:0x00100000
[0047.199] I> 10) Base:0xf6800000 Size:0x00800000
[0047.203] I> 11) Base:0x30000000 Size:0x00040000
[0047.208] I> 12) Base:0xf7500000 Size:0x00100000
[0047.212] I> 13) Base:0x30040000 Size:0x00001000
[0047.216] I> 14) Base:0x30048000 Size:0x00001000
[0047.221] I> 15) Base:0x30049000 Size:0x00001000
[0047.225] I> 16) Base:0x3004a000 Size:0x00001000
[0047.230] I> 17) Base:0x3004b000 Size:0x00001000
[0047.234] I> 18) Base:0x3004c000 Size:0x00001000
[0047.239] I> 19) Base:0x3004d000 Size:0x00001000
[0047.243] I> 20) Base:0x3004e000 Size:0x00001000
[0047.247] I> 21) Base:0x3004f000 Size:0x00001000
[0047.252] I> 22) Base:0x00000000 Size:0x00000000
[0047.256] I> 23) Base:0xf7ff0000 Size:0x00010000
[0047.261] I> 24) Base:0x00000000 Size:0x00000000
[0047.265] I> 25) Base:0x00000000 Size:0x00000000
[0047.270] I> 26) Base:0x00000000 Size:0x00000000
[0047.274] I> 27) Base:0x00000000 Size:0x00000000
[0047.278] I> 28) Base:0x84400000 Size:0x00400000
[0047.283] I> 29) Base:0x30000000 Size:0x00010000
[0047.287] I> 30) Base:0xf8000000 Size:0x08000000
[0047.292] I> 31) Base:0x00000000 Size:0x00000000
[0047.296] I> 32) Base:0xf6000000 Size:0x00600000
[0047.301] I> 33) Base:0x80000000 Size:0x76000000
[0047.305] I> 34) Base:0x100000000 Size:0x180000000
[0047.310] I> 35) Base:0x00000000 Size:0x00000000
[0047.314] I> 36) Base:0x00000000 Size:0x00000000
[0047.319] I> 37) Base:0xf7fc0000 Size:0x00020000
[0047.323] I> 38) Base:0x84000000 Size:0x00400000
[0047.327] I> 39) Base:0x96000000 Size:0x02000000
[0047.332] I> 40) Base:0x84800000 Size:0x00b00000
[0047.336] I> 41) Base:0xf7f00000 Size:0x00080000
[0047.341] I> 42) Base:0x00000000 Size:0x00000000
[0047.345] I> 43) Base:0x00000000 Size:0x00000000
[0047.350] I> Boot-device: eMMC
[0047.385] I> sdmmc ddr50 mode
[0047.389] I> sdmmc bdev is already initialized
[0047.393] I> Reading GPT from 512 for device 00000003
[0047.399] I> Reading GPT from 8388096 for device 00000003
[0047.405] I> Found 14 partitions in 00000003 device
[0047.410] I> Reading GPT from 512 for device 00010003
[0047.416] I> Found 49 partitions in 00010003 device
[0047.421] I> Recovery boot_type: 0
[0047.424] I> Entering 3p server
[0047.427] I> Entering into 3p server..
[0047.430] I> Transport interface is USB
[0047.809] I> transport_usbf_priv_open USB configuration success
[0051.296] I> Populate storage info
[0051.313] I> Erasing device 0: 3
[0051.317] I> Erasing device 16384 blocks from block 0
[0051.348] I> Erase successful.
[0051.353] I> Writing device 0: 3
[0051.356] I> Total write size is 16896 bytes
[0051.405] I> Reading GPT from 512 for device 00000003
[0051.410] I> Reading GPT from 8388096 for device 00000003
[0051.417] I> Found 6 partitions in 00000003 device
[0051.421] I> Write successful.
[0051.427] I> Erasing device 1: 3
[0051.430] I> Erasing device 61071360 blocks from block 0
[0052.699] I> Erase successful.
[0052.704] I> Writing device 1: 3
[0052.707] I> Total write size is 512 bytes
[0052.714] I> Write successful.
[0052.719] I> Writing device 1: 3
[0052.722] I> Total write size is 2688 bytes
[0052.729] I> Reading GPT from 512 for device 00010003
[0052.735] I> Found 17 partitions in 00010003 device
[0052.740] I> Write successful.
[0052.745] I> Writing device 1: 3
[0052.748] I> Total write size is 16896 bytes
[0052.756] I> Reading GPT from 512 for device 00010003
[0052.762] I> Found 17 partitions in 00010003 device
[0052.766] I> Write successful.
[0052.772] I> Writing mb1 partition
[0052.775] I> Total write size is 88368 bytes
[0052.813] I> Write successful.
[0052.818] I> Writing spe-fw partition
[0052.822] I> Total write size is 57184 bytes
[0052.857] I> Write successful.
[0052.862] I> Writing mb2 partition
[0052.865] I> Total write size is 60720 bytes
[0052.905] I> Write successful.
[0052.910] I> Writing mts-preboot partition
[0052.914] I> Total write size is 59824 bytes
[0052.959] I> Write successful.
[0052.964] I> Writing device 1: 3
[0052.968] I> Total write size is 512 bytes
[0052.974] I> Write successful.
[0052.979] I> Writing APP partition
[0052.982] I> Total write size is 28054780 bytes
[0054.330] I> Write successful.
[0054.336] I> Writing mts-bootpack partition
[0054.340] I> Total write size is 2077344 bytes
[0054.445] I> Write successful.
[0054.450] I> Writing cpu-bootloader partition
[0054.454] I> Total write size is 196176 bytes
[0054.471] I> Write successful.
[0054.476] I> Writing bootloader-dtb partition
[0054.480] I> Total write size is 248528 bytes
[0054.500] I> Write successful.
[0054.505] I> Writing secure-os partition
[0054.509] I> Total write size is 54784 bytes
[0054.519] I> Write successful.
[0054.524] I> Writing eks partition
[0054.527] I> Total write size is 1488 bytes
[0054.534] I> Write successful.
[0054.540] I> Writing bpmp-fw partition
[0054.543] I> Total write size is 524880 bytes
[0054.576] I> Write successful.
[0054.581] I> Writing bpmp-fw-dtb partition
[0054.585] I> Total write size is 327072 bytes
[0054.608] I> Write successful.
[0054.614] I> Writing sce-fw partition
[0054.617] I> Total write size is 65488 bytes
[0054.628] I> Write successful.
[0054.633] I> Writing sc7 partition
[0054.637] I> Total write size is 20848 bytes
[0054.645] I> Write successful.
[0054.650] I> Writing kernel partition
[0054.654] I> Total write size is 6733824 bytes
[0055.007] I> Write successful.
[0055.012] I> Writing kernel-dtb partition
[0055.016] I> Total write size is 248128 bytes
[0055.035] I> Write successful.
[0055.047] I> Writing BCT partition
[0055.050] I> Total write size is 3584 bytes
[0055.101] I> Write successful.
[0055.119] I> Writing MB1_BCT partition
[0055.123] I> Total write size is 49968 bytes
[0055.169] I> Write successful.
[0055.181] I> Rebooting : reset-coldboot


[0000.180] I> Welcome to MB2(TBoot-BPMP)(version: 01.00.160913-t186-M-00.00-mobile-f4c42291)
[0000.188] I> Default Heap @ [0xd486400 - 0xd488400]
[0000.193] I> DMA Heap @ [0x84900000 - 0x85300000]
[0000.198] I> bit @ 0xd480000
[0000.201] I> BR-BCT relocated to 0xf7f20000
[0000.205] I> Boot-device: eMMC
[0000.209] I> pmic: reset reason (nverc)	: 0x0
[0000.213] I> Reading GPT from 512 for device 00000003
[0000.219] I> Reading GPT from 8388096 for device 00000003
[0000.226] I> Found 6 partitions in 00000003 device
[0000.231] I> Reading GPT from 512 for device 00010003
[0000.237] I> Found 17 partitions in 00010003 device
[0000.243] W> No valid slot number is found in scratch register
[0000.248] W> Return default slot: _a
[0000.252] I> A/B: bin_type (16) slot 0
[0000.255] I> Select partition: bpmp-fw
[0000.259] I> Loading partition bpmp-fw at 0xf7600000
[0000.264] I> Reading two headers - addr:0xf7600000 blocks:1
[0000.269] I> Addr: 0xf7600000, start-block: 58739717, num_blocks: 1
[0000.284] I> Binary(16) of size 524480 is loaded @ 0xf7600000
[0000.290] W> No valid slot number is found in scratch register
[0000.295] W> Return default slot: _a
[0000.299] I> A/B: bin_type (17) slot 0
[0000.302] I> Select partition: bpmp-fw-dtb
[0000.306] I> Loading partition bpmp-fw-dtb at 0xf77f0000
[0000.311] I> Reading two headers - addr:0xf77f0000 blocks:1
[0000.317] I> Addr: 0xf77f0000, start-block: 58740925, num_blocks: 1
[0000.329] I> Binary(17) of size 326672 is loaded @ 0xf77b0200
[0000.456] I> BPMP-FW load address = 0xf7600000
[0000.461] I> BPMP-FW DTB load address = 0x501b0200
[0000.466] I> Loading SCE-FW ...
[0000.468] W> No valid slot number is found in scratch register
[0000.474] W> Return default slot: _a
[0000.478] I> A/B: bin_type (12) slot 0
[0000.481] I> Select partition: sce-fw
[0000.485] I> Loading partition sce-fw at 0xf7800000
[0000.489] I> Reading two headers - addr:0xf7800000 blocks:1
[0000.495] I> Addr: 0xf7800000, start-block: 58741925, num_blocks: 1
[0000.503] I> Binary(12) of size 65088 is loaded @ 0xf7800000
[0000.509] I> Init SCE
[0000.511] I> Copy BTCM section
[0000.514] W> No valid slot number is found in scratch register
[0000.520] W> Return default slot: _a
[0000.523] I> A/B: bin_type (13) slot 0
[0000.527] I> Select partition: cpu-bootloader
[0000.531] I> Loading partition cpu-bootloader at 0x96000000
[0000.536] I> Reading two headers - addr:0x96000000 blocks:1
[0000.542] I> Addr: 0x96000000, start-block: 58732545, num_blocks: 1
[0000.552] I> Binary(13) of size 195776 is loaded @ 0x96000000
[0000.558] W> No valid slot number is found in scratch register
[0000.563] W> Return default slot: _a
[0000.567] I> A/B: bin_type (20) slot 0
[0000.571] I> Select partition: bootloader-dtb
[0000.575] I> Loading partition bootloader-dtb at 0x85300000
[0000.580] I> Reading two headers - addr:0x85300000 blocks:1
[0000.586] I> Addr: 0x85300000, start-block: 58733057, num_blocks: 1
[0000.596] I> Binary(20) of size 248128 is loaded @ 0x85300000
[0000.602] I> MB2-params @ 0xf7f00000
[0000.606] I> CPUBL-params @ 0xf7f00000
[0000.609] I> CPU-BL loaded at : 0x96000000
[0000.613] I> Loading TOS ...
[0000.616] W> No valid slot number is found in scratch register
[0000.622] W> Return default slot: _a
[0000.625] I> A/B: bin_type (14) slot 0
[0000.629] I> Select partition: secure-os
[0000.632] I> Loading partition secure-os at 0x8490f400
[0000.637] I> Reading two headers - addr:0x8490f400 blocks:1
[0000.643] I> Addr: 0x8490f400, start-block: 58733569, num_blocks: 1
[0000.651] I> Binary(14) of size 54384 is loaded @ 0x8490f400
[0000.657] I> Copying Monitor (length: 0xd270) from 0x8490f600 to 0x40000000
[0000.664] I> Erasing Monitor @ 0x8490f600
[0000.668] I> Unhalting SCE
[0000.672] I> Waypoint2-ACK: 0x5200b8d0
[0000.676] I> MB2(TBoot-BPMP) done

NOTICE:  BL31: v1.2(release):ff7a644
NOTICE:  BL31: Built : 21:06:35, Mar  1 2017
NOTICE:  Trusty image missing.
ERROR:   Error initializing runtime service trusty_fast
[0001.039] I> Welcome to Cboot
[0001.041] I> Cboot Version: 00.00.2014.50-t186-fabbc56c
[0001.046] I> CPU-BL Params @ 0xf7f00000
[0001.050] I>  0) Base:0x00000000 Size:0x00000000
[0001.055] I>  1) Base:0xf7e00000 Size:0x00100000
[0001.059] I>  2) Base:0xf7d00000 Size:0x00100000
[0001.063] I>  3) Base:0xf7c00000 Size:0x00100000
[0001.068] I>  4) Base:0xf7b00000 Size:0x00100000
[0001.072] I>  5) Base:0xf7a00000 Size:0x00100000
[0001.077] I>  6) Base:0xf7600000 Size:0x00200000
[0001.081] I>  7) Base:0xf7000000 Size:0x00400000
[0001.086] I>  8) Base:0xf7900000 Size:0x00100000
[0001.090] I>  9) Base:0xf7800000 Size:0x00100000
[0001.094] I> 10) Base:0xf6800000 Size:0x00800000
[0001.099] I> 11) Base:0x30000000 Size:0x00040000
[0001.103] I> 12) Base:0xf7500000 Size:0x00100000
[0001.108] I> 13) Base:0x30040000 Size:0x00001000
[0001.112] I> 14) Base:0x30048000 Size:0x00001000
[0001.117] I> 15) Base:0x30049000 Size:0x00001000
[0001.121] I> 16) Base:0x3004a000 Size:0x00001000
[0001.125] I> 17) Base:0x3004b000 Size:0x00001000
[0001.130] I> 18) Base:0x3004c000 Size:0x00001000
[0001.134] I> 19) Base:0x3004d000 Size:0x00001000
[0001.139] I> 20) Base:0x3004e000 Size:0x00001000
[0001.143] I> 21) Base:0x3004f000 Size:0x00001000
[0001.148] I> 22) Base:0x00000000 Size:0x00000000
[0001.152] I> 23) Base:0xf7ff0000 Size:0x00010000
[0001.156] I> 24) Base:0x00000000 Size:0x00000000
[0001.161] I> 25) Base:0x00000000 Size:0x00000000
[0001.165] I> 26) Base:0x00000000 Size:0x00000000
[0001.170] I> 27) Base:0x00000000 Size:0x00000000
[0001.174] I> 28) Base:0x84400000 Size:0x00400000
[0001.179] I> 29) Base:0x30000000 Size:0x00010000
[0001.183] I> 30) Base:0xf8000000 Size:0x08000000
[0001.187] I> 31) Base:0x00000000 Size:0x00000000
[0001.192] I> 32) Base:0xf6000000 Size:0x00600000
[0001.196] I> 33) Base:0x80000000 Size:0x76000000
[0001.201] I> 34) Base:0x100000000 Size:0x180000000
[0001.205] I> 35) Base:0x00000000 Size:0x00000000
[0001.210] I> 36) Base:0x00000000 Size:0x00000000
[0001.214] I> 37) Base:0xf7fc0000 Size:0x00020000
[0001.219] I> 38) Base:0x84000000 Size:0x00400000
[0001.223] I> 39) Base:0x96000000 Size:0x02000000
[0001.227] I> 40) Base:0x84800000 Size:0x00b00000
[0001.232] I> 41) Base:0xf7f00000 Size:0x00080000
[0001.236] I> 42) Base:0x00000000 Size:0x00000000
[0001.241] I> 43) Base:0x00000000 Size:0x00000000
[0001.245] platform_init_interrupts-121, 1*
[0001.249] Interrupts Init done
[0001.253] calling constructors
[0001.256] initializing heap
[0001.258] initializing threads
[0001.262] initializing timers
[0001.265] creating bootstrap completion thread
[0001.269] top of bootstrap2()
[0001.272] CPU: ARM Cortex A57
[0001.275] CPU: MIDR: 0x411FD073, MPIDR: 0x80000100
[0001.280] initializing platform
[0001.284] I> Boot-device: eMMC
[0001.287] I> odm data is 1090000
[0001.290] I> Reading GPT from 512 for device 00000003
[0001.296] I> Reading GPT from 8388096 for device 00000003
[0001.303] I> Found 6 partitions in 00000003 device
[0001.307] I> Reading GPT from 512 for device 00010003
[0001.313] I> Found 17 partitions in 00010003 device
[0001.318] W> No valid slot number is found in scratch register
[0001.323] W> Return default slot: _a
[0001.327] I> A/B: bin_type (1) slot 0
[0001.330] I> Select partition: kernel-dtb
[0001.334] I> Loading partition kernel-dtb at 0x92000000
[0001.343] I> Kernel_dtb @0x92000000
[0001.346] I> Bl_dtb @0x85300000
[0001.349] I> gpio framework initialized
[0001.353] I> tegrabl_gpio_driver_register: register 'tegra_gpio_main_driver' driver
[0001.360] I> tegrabl_gpio_driver_register: register 'tegra_gpio_aon_driver' driver
[0001.368] I> tegrabl_tca9539_init: i2c bus: 0, slave addr: 0xee
[0001.376] I> tegrabl_gpio_driver_register: register 'tca9539_gpio_driver' driver
[0001.383] I> tegrabl_tca9539_init: i2c bus: 0, slave addr: 0xe8
[0001.392] I> tegrabl_gpio_driver_register: register 'tca9539_gpio_driver' driver
[0001.400] E> tegrabl_blob_init: BMP partition does not have valid Blob
[0001.406] E> tegrabl_load_bmp_blob: BMP blob initialization failed
[0001.412] W> Loading bmp blob to memory failed
[0001.420] I> Find /i2c@c250000's alias i2c7
[0001.424] I> Reading eeprom i2c=7 address=0x50
[0001.454] I> Device at /i2c@c250000:0x50
[0001.457] I> Reading eeprom i2c=7 address=0x57
[0001.486] I> Device at /i2c@c250000:0x57
[0001.491] I> Find /i2c@c240000's alias i2c1
[0001.495] I> Reading eeprom i2c=1 address=0x51
[0001.501] I> Eeprom read failed 0x1a800027
[0001.505] I> Find /i2c@3160000's alias i2c0
[0001.509] I> Reading eeprom i2c=0 address=0x50
[0001.514] I> Eeprom read failed 0x1a800027
[0001.519] I> Find /i2c@3180000's alias i2c2
[0001.523] I> Reading eeprom i2c=2 address=0x54
[0001.528] I> Enabling gpio chip_id = 2, gpio pin = 9
[0001.558] I> Disabling gpio chip_id = 2, gpio pin = 9
[0001.563] I> Device at /i2c@3180000:0x54
[0001.567] I> create_pm_ids: id: 3310-1000-B00-E, len: 15
[0001.572] I> config: mem-type:00,power-config:00,misc-config:00,modem-config:00,touch-config:00,display-config:00,, len: 93
[0001.583] I> create_pm_ids: id: 2597-0000-501-B, len: 15
[0001.588] I> config: mem-type:00,power-config:00,misc-config:00,modem-config:00,touch-config:00,display-config:00,, len: 93
[0001.599] I> create_pm_ids: id: 3326-1000-100-M, len: 15
[0001.604] I> config: mem-type:ff,power-config:ff,misc-config:ff,modem-config:ff,touch-config:ff,display-config:ff,, len: 93
[0001.615] initializing target
[0001.618] calling apps_init()
[0001.621] starting app android_boot_app
[0001.625] I> Gpio keyboard init success
[0001.629] I> Kernel type = Normal
[0001.632] I> Loading kernel/boot.img ...
[0001.636] W> No valid slot number is found in scratch register
[0001.642] W> Return default slot: _a
[0001.645] I> A/B: bin_type (0) slot 0
[0001.648] I> Select partition: kernel
[0001.652] I> Loading partition kernel at 0xa8000000
[0001.733] W> No valid slot number is found in scratch register
[0001.739] W> Return default slot: _a
[0001.742] I> A/B: bin_type (1) slot 0
[0001.746] I> Select partition: kernel-dtb
[0001.750] I> Loading partition kernel-dtb at 0x92000000
[0001.758] I> Kernel DTB @ 0x92000000
[0001.762] I> Verified boot state = Orange
[0001.766] E> tegrabl_display_clear: display is not initialized
[0001.771] I> Checking boot.img header magic ... [0001.775] I> [OK]
[0001.777] I> Valid boot.img @ 0xa8000000
[0001.781] I> decompressor handler not found
[0001.785] I> Copying kernel image (465664 bytes) from 0xa8000800 to 0x80080000 ... [0001.792] I> Done
[0001.794] I> Move ramdisk (len: 6264526) from 0xa8072800 to 0x98000000
[0001.804] I> Updated bpmp info to DTB
[0001.809] I> Ramdisk: Base: 0x98000000; Size: 0x5f96ce
[0001.814] I> Updated initrd info to DTB
[0001.818] I> disabled_core_mask: 0xffffff0c
[0001.822] I> Kernel type = Normal
[0001.825] I> add_serialno: Serial Num = 0320817136352
[0001.830] W> No valid slot number is found in scratch register
[0001.836] W> Return default slot: _a
[0001.839] I> Linux Cmdline: root=/dev/nfs rw netdevwait ip=192.168.99.2:192.168.99.1:192.168.99.1:255.255.255.0::eth0:off nfsroot=192.168.99.1:/home/ausvrl2686/nfsroot fbcon=map:0 net.ifnames=0 console=tty0 OS=l4t console=ttyS0,115200n8 memtype=0 video=tegrafb no_console_suspend=1 earlycon=uart8250,mmio32,0x03100000 nvdumper_reserved=0xf7fc0000 gpt androidboot.secureos=none tegraid=18.1.2.0.0 tegra_keep_boot_clocks maxcpus=6 android.kerneltype=normal androidboot.serialno=0320817136352 androidboot.security=non-secure sdhci_tegra.en_boot_part_access=1 
[0001.887] I> Updated bootarg info to DTB
[0001.893] I> eeprom_get_mac_addr: MAC (type: 0): 00:04:4b:8c:56:9d
[0001.899] I> eeprom_get_mac_addr: MAC (type: 1): 00:04:4b:8c:56:9e
[0001.905] I> eeprom_get_mac_addr: MAC (type: 2): 00:04:4b:8c:56:9f
[0001.911] E> "ids" doesn't exist, creating 
[0001.915] E> "connection" doesn't exist, creating 
[0001.920] E> "configs" doesn't exist, creating 
[0001.924] I> create_pm_ids: id: 3310-1000-B00-E, len: 15
[0001.929] I> config: mem-type:00,power-config:00,misc-config:00,modem-config:00,touch-config:00,display-config:00,, len: 93
[0001.940] I> create_pm_ids: id: 2597-0000-501-B, len: 15
[0001.945] I> config: mem-type:00,power-config:00,misc-config:00,modem-config:00,touch-config:00,display-config:00,, len: 93
[0001.956] I> create_pm_ids: id: 3326-1000-100-M, len: 15
[0001.961] I> config: mem-type:ff,power-config:ff,misc-config:ff,modem-config:ff,touch-config:ff,display-config:ff,, len: 93
[0001.972] I> Adding plugin-manager/ids/3310-1000-B00=/i2c@c250000:module@0x50
[0001.979] E> "i2c@c250000" doesn't exist, creating 
[0001.984] E> "module@0x50" doesn't exist, creating 
[0001.989] I> Adding plugin-manager/ids/2597-0000-501=/i2c@c250000:module@0x57
[0001.996] E> "module@0x57" doesn't exist, creating 
[0002.000] I> Adding plugin-manager/ids/3326-1000-100=/i2c@3180000:module@0x54
[0002.007] E> "i2c@3180000" doesn't exist, creating 
[0002.012] E> "module@0x54" doesn't exist, creating 
[0002.019] I> Adding plugin-manager/ids/3310-1000-B00-E
[0002.026] I> Adding plugin-manager/configs/3310-mem-type 00
[0002.031] I> Adding plugin-manager/configs/3310-power-config 00
[0002.037] I> Adding plugin-manager/configs/3310-misc-config 00
[0002.043] I> Adding plugin-manager/configs/3310-modem-config 00
[0002.049] I> Adding plugin-manager/configs/3310-touch-config 00
[0002.055] I> Adding plugin-manager/configs/3310-display-config 00
[0002.061] E> "chip-id" doesn't exist, creating 
[0002.065] I> Adding plugin-manager/chip-id/A02P
[0002.071] I> Updated memory info to DTB
[0002.077] E> "reset" doesn't exist, creating 
[0002.081] E> "pmc-reset-reason" doesn't exist, creating 
[0002.086] E> "pmic-reset-reason" doesn't exist, creating 
[0002.092] I> disabled_core_mask: 0xffffff0c
[0002.102] I> tegrabl_load_kernel_and_dtb: Done


U-Boot 2017.03-g8537ddd769f4 (Oct 04 2017 - 08:46:37 -0700)

TEGRA186
Model: NVIDIA P2771-0000-500
DRAM:  7.8 GiB
MMC:   Tegra SD/MMC: 0, Tegra SD/MMC: 1
*** Warning - bad CRC, using default environment

In:    serial
Out:   serial
Err:   serial
Net:   eth0: ethernet@2490000
Hit any key to stop autoboot:  2 [0000.183] I> Welcome to MB2(TBoot-BPMP)(version: 01.00.160913-t186-M-00.00-mobile-f4c42291)
[0000.191] I> Default Heap @ [0xd486400 - 0xd488400]
[0000.196] I> DMA Heap @ [0x84900000 - 0x85300000]
[0000.200] I> bit @ 0xd480000
[0000.203] I> BR-BCT relocated to 0xf7f20000
[0000.207] I> Boot-device: eMMC
[0000.211] I> pmic: reset reason (nverc)	: 0x10
[0000.216] I> Reading GPT from 512 for device 00000003
[0000.222] I> Reading GPT from 8388096 for device 00000003
[0000.229] I> Found 6 partitions in 00000003 device
[0000.233] I> Reading GPT from 512 for device 00010003
[0000.240] I> Found 17 partitions in 00010003 device
[0000.245] W> No valid slot number is found in scratch register
[0000.251] W> Return default slot: _a
[0000.254] I> A/B: bin_type (16) slot 0
[0000.258] I> Select partition: bpmp-fw
[0000.261] I> Loading partition bpmp-fw at 0xf7600000
[0000.266] I> Reading two headers - addr:0xf7600000 blocks:1
[0000.272] I> Addr: 0xf7600000, start-block: 58739717, num_blocks: 1
[0000.286] I> Binary(16) of size 524480 is loaded @ 0xf7600000
[0000.292] W> No valid slot number is found in scratch register
[0000.298] W> Return default slot: _a
[0000.301] I> A/B: bin_type (17) slot 0
[0000.305] I> Select partition: bpmp-fw-dtb
[0000.309] I> Loading partition bpmp-fw-dtb at 0xf77f0000
[0000.314] I> Reading two headers - addr:0xf77f0000 blocks:1
[0000.319] I> Addr: 0xf77f0000, start-block: 58740925, num_blocks: 1
[0000.331] I> Binary(17) of size 326672 is loaded @ 0xf77b0200
[0000.459] I> BPMP-FW load address = 0xf7600000
[0000.463] I> BPMP-FW DTB load address = 0x501b0200
[0000.468] I> Loading SCE-FW ...
[0000.471] W> No valid slot number is found in scratch register
[0000.477] W> Return default slot: _a
[0000.480] I> A/B: bin_type (12) slot 0
[0000.484] I> Select partition: sce-fw
[0000.487] I> Loading partition sce-fw at 0xf7800000
[0000.492] I> Reading two headers - addr:0xf7800000 blocks:1
[0000.497] I> Addr: 0xf7800000, start-block: 58741925, num_blocks: 1
[0000.506] I> Binary(12) of size 65088 is loaded @ 0xf7800000
[0000.511] I> Init SCE
[0000.514] I> Copy BTCM section
[0000.517] W> No valid slot number is found in scratch register
[0000.522] W> Return default slot: _a
[0000.526] I> A/B: bin_type (13) slot 0
[0000.529] I> Select partition: cpu-bootloader
[0000.534] I> Loading partition cpu-bootloader at 0x96000000
[0000.539] I> Reading two headers - addr:0x96000000 blocks:1
[0000.544] I> Addr: 0x96000000, start-block: 58732545, num_blocks: 1
[0000.555] I> Binary(13) of size 195776 is loaded @ 0x96000000
[0000.560] W> No valid slot number is found in scratch register
[0000.566] W> Return default slot: _a
[0000.569] I> A/B: bin_type (20) slot 0
[0000.573] I> Select partition: bootloader-dtb
[0000.577] I> Loading partition bootloader-dtb at 0x85300000
[0000.583] I> Reading two headers - addr:0x85300000 blocks:1
[0000.588] I> Addr: 0x85300000, start-block: 58733057, num_blocks: 1
[0000.599] I> Binary(20) of size 248128 is loaded @ 0x85300000
[0000.605] I> MB2-params @ 0xf7f00000
[0000.608] I> CPUBL-params @ 0xf7f00000
[0000.612] I> CPU-BL loaded at : 0x96000000
[0000.616] I> Loading TOS ...
[0000.619] W> No valid slot number is found in scratch register
[0000.624] W> Return default slot: _a
[0000.628] I> A/B: bin_type (14) slot 0
[0000.631] I> Select partition: secure-os
[0000.635] I> Loading partition secure-os at 0x8490f400
[0000.640] I> Reading two headers - addr:0x8490f400 blocks:1
[0000.645] I> Addr: 0x8490f400, start-block: 58733569, num_blocks: 1
[0000.654] I> Binary(14) of size 54384 is loaded @ 0x8490f400
[0000.659] I> Copying Monitor (length: 0xd270) from 0x8490f600 to 0x40000000
[0000.667] I> Erasing Monitor @ 0x8490f600
[0000.671] I> Unhalting SCE
[0000.675] I> Waypoint2-ACK: 0x5200b8d0
[0000.678] I> MB2(TBoot-BPMP) done

NOTICE:  BL31: v1.2(release):ff7a644
NOTICE:  BL31: Built : 21:06:35, Mar  1 2017
NOTICE:  Trusty image missing.
ERROR:   Error initializing runtime service trusty_fast
[0001.041] I> Welcome to Cboot
[0001.044] I> Cboot Version: 00.00.2014.50-t186-fabbc56c
[0001.049] I> CPU-BL Params @ 0xf7f00000
[0001.053] I>  0) Base:0x00000000 Size:0x00000000
[0001.057] I>  1) Base:0xf7e00000 Size:0x00100000
[0001.062] I>  2) Base:0xf7d00000 Size:0x00100000
[0001.066] I>  3) Base:0xf7c00000 Size:0x00100000
[0001.070] I>  4) Base:0xf7b00000 Size:0x00100000
[0001.075] I>  5) Base:0xf7a00000 Size:0x00100000
[0001.079] I>  6) Base:0xf7600000 Size:0x00200000
[0001.084] I>  7) Base:0xf7000000 Size:0x00400000
[0001.088] I>  8) Base:0xf7900000 Size:0x00100000
[0001.093] I>  9) Base:0xf7800000 Size:0x00100000
[0001.097] I> 10) Base:0xf6800000 Size:0x00800000
[0001.101] I> 11) Base:0x30000000 Size:0x00040000
[0001.106] I> 12) Base:0xf7500000 Size:0x00100000
[0001.110] I> 13) Base:0x30040000 Size:0x00001000
[0001.115] I> 14) Base:0x30048000 Size:0x00001000
[0001.119] I> 15) Base:0x30049000 Size:0x00001000
[0001.124] I> 16) Base:0x3004a000 Size:0x00001000
[0001.128] I> 17) Base:0x3004b000 Size:0x00001000
[0001.132] I> 18) Base:0x3004c000 Size:0x00001000
[0001.137] I> 19) Base:0x3004d000 Size:0x00001000
[0001.141] I> 20) Base:0x3004e000 Size:0x00001000
[0001.146] I> 21) Base:0x3004f000 Size:0x00001000
[0001.150] I> 22) Base:0x00000000 Size:0x00000000
[0001.155] I> 23) Base:0xf7ff0000 Size:0x00010000
[0001.159] I> 24) Base:0x00000000 Size:0x00000000
[0001.163] I> 25) Base:0x00000000 Size:0x00000000
[0001.168] I> 26) Base:0x00000000 Size:0x00000000
[0001.172] I> 27) Base:0x00000000 Size:0x00000000
[0001.177] I> 28) Base:0x84400000 Size:0x00400000
[0001.181] I> 29) Base:0x30000000 Size:0x00010000
[0001.186] I> 30) Base:0xf8000000 Size:0x08000000
[0001.190] I> 31) Base:0x00000000 Size:0x00000000
[0001.194] I> 32) Base:0xf6000000 Size:0x00600000
[0001.199] I> 33) Base:0x80000000 Size:0x76000000
[0001.203] I> 34) Base:0x100000000 Size:0x180000000
[0001.208] I> 35) Base:0x00000000 Size:0x00000000
[0001.212] I> 36) Base:0x00000000 Size:0x00000000
[0001.217] I> 37) Base:0xf7fc0000 Size:0x00020000
[0001.221] I> 38) Base:0x84000000 Size:0x00400000
[0001.226] I> 39) Base:0x96000000 Size:0x02000000
[0001.230] I> 40) Base:0x84800000 Size:0x00b00000
[0001.234] I> 41) Base:0xf7f00000 Size:0x00080000
[0001.239] I> 42) Base:0x00000000 Size:0x00000000
[0001.243] I> 43) Base:0x00000000 Size:0x00000000
[0001.248] platform_init_interrupts-121, 1*
[0001.252] Interrupts Init done
[0001.255] calling constructors
[0001.258] initializing heap
[0001.261] initializing threads
[0001.264] initializing timers
[0001.267] creating bootstrap completion thread
[0001.272] top of bootstrap2()
[0001.275] CPU: ARM Cortex A57
[0001.278] CPU: MIDR: 0x411FD073, MPIDR: 0x80000100
[0001.283] initializing platform
[0001.286] I> Boot-device: eMMC
[0001.290] I> odm data is 1090000
[0001.293] I> Reading GPT from 512 for device 00000003
[0001.299] I> Reading GPT from 8388096 for device 00000003
[0001.305] I> Found 6 partitions in 00000003 device
[0001.310] I> Reading GPT from 512 for device 00010003
[0001.316] I> Found 17 partitions in 00010003 device
[0001.320] W> No valid slot number is found in scratch register
[0001.326] W> Return default slot: _a
[0001.329] I> A/B: bin_type (1) slot 0
[0001.333] I> Select partition: kernel-dtb
[0001.337] I> Loading partition kernel-dtb at 0x92000000
[0001.345] I> Kernel_dtb @0x92000000
[0001.349] I> Bl_dtb @0x85300000
[0001.352] I> gpio framework initialized
[0001.355] I> tegrabl_gpio_driver_register: register 'tegra_gpio_main_driver' driver
[0001.363] I> tegrabl_gpio_driver_register: register 'tegra_gpio_aon_driver' driver
[0001.370] I> tegrabl_tca9539_init: i2c bus: 0, slave addr: 0xee
[0001.379] I> tegrabl_gpio_driver_register: register 'tca9539_gpio_driver' driver
[0001.386] I> tegrabl_tca9539_init: i2c bus: 0, slave addr: 0xe8
[0001.394] I> tegrabl_gpio_driver_register: register 'tca9539_gpio_driver' driver
[0001.402] E> tegrabl_blob_init: BMP partition does not have valid Blob
[0001.408] E> tegrabl_load_bmp_blob: BMP blob initialization failed
[0001.414] W> Loading bmp blob to memory failed
[0001.423] I> Find /i2c@c250000's alias i2c7
[0001.427] I> Reading eeprom i2c=7 address=0x50
[0001.456] I> Device at /i2c@c250000:0x50
[0001.460] I> Reading eeprom i2c=7 address=0x57
[0001.489] I> Device at /i2c@c250000:0x57
[0001.493] I> Find /i2c@c240000's alias i2c1
[0001.497] I> Reading eeprom i2c=1 address=0x51
[0001.503] I> Eeprom read failed 0x1a800027
[0001.508] I> Find /i2c@3160000's alias i2c0
[0001.512] I> Reading eeprom i2c=0 address=0x50
[0001.517] I> Eeprom read failed 0x1a800027
[0001.522] I> Find /i2c@3180000's alias i2c2
[0001.526] I> Reading eeprom i2c=2 address=0x54
[0001.530] I> Enabling gpio chip_id = 2, gpio pin = 9
[0001.561] I> Disabling gpio chip_id = 2, gpio pin = 9
[0001.566] I> Device at /i2c@3180000:0x54
[0001.570] I> create_pm_ids: id: 3310-1000-B00-E, len: 15
[0001.575] I> config: mem-type:00,power-config:00,misc-config:00,modem-config:00,touch-config:00,display-config:00,, len: 93
[0001.586] I> create_pm_ids: id: 2597-0000-501-B, len: 15
[0001.591] I> config: mem-type:00,power-config:00,misc-config:00,modem-config:00,touch-config:00,display-config:00,, len: 93
[0001.602] I> create_pm_ids: id: 3326-1000-100-M, len: 15
[0001.607] I> config: mem-type:ff,power-config:ff,misc-config:ff,modem-config:ff,touch-config:ff,display-config:ff,, len: 93
[0001.618] initializing target
[0001.621] calling apps_init()
[0001.624] starting app android_boot_app
[0001.628] I> Gpio keyboard init success
[0001.632] I> Kernel type = Normal
[0001.635] I> Loading kernel/boot.img ...
[0001.639] W> No valid slot number is found in scratch register
[0001.644] W> Return default slot: _a
[0001.648] I> A/B: bin_type (0) slot 0
[0001.651] I> Select partition: kernel
[0001.655] I> Loading partition kernel at 0xa8000000
[0001.736] W> No valid slot number is found in scratch register
[0001.741] W> Return default slot: _a
[0001.745] I> A/B: bin_type (1) slot 0
[0001.748] I> Select partition: kernel-dtb
[0001.752] I> Loading partition kernel-dtb at 0x92000000
[0001.761] I> Kernel DTB @ 0x92000000
[0001.764] I> Verified boot state = Orange
[0001.768] E> tegrabl_display_clear: display is not initialized
[0001.774] I> Checking boot.img header magic ... [0001.778] I> [OK]
[0001.780] I> Valid boot.img @ 0xa8000000
[0001.784] I> decompressor handler not found
[0001.788] I> Copying kernel image (465664 bytes) from 0xa8000800 to 0x80080000 ... [0001.795] I> Done
[0001.797] I> Move ramdisk (len: 6264526) from 0xa8072800 to 0x98000000
[0001.806] I> Updated bpmp info to DTB
[0001.812] I> Ramdisk: Base: 0x98000000; Size: 0x5f96ce
[0001.817] I> Updated initrd info to DTB
[0001.820] I> disabled_core_mask: 0xffffff0c
[0001.824] I> Kernel type = Normal
[0001.828] I> add_serialno: Serial Num = 0320817136352
[0001.832] W> No valid slot number is found in scratch register
[0001.838] W> Return default slot: _a
[0001.842] I> Linux Cmdline: root=/dev/nfs rw netdevwait ip=192.168.99.2:192.168.99.1:192.168.99.1:255.255.255.0::eth0:off nfsroot=192.168.99.1:/home/ausvrl2686/nfsroot fbcon=map:0 net.ifnames=0 console=tty0 OS=l4t console=ttyS0,115200n8 memtype=0 video=tegrafb no_console_suspend=1 earlycon=uart8250,mmio32,0x03100000 nvdumper_reserved=0xf7fc0000 gpt androidboot.secureos=none tegraid=18.1.2.0.0 tegra_keep_boot_clocks maxcpus=6 android.kerneltype=normal androidboot.serialno=0320817136352 androidboot.security=non-secure sdhci_tegra.en_boot_part_access=1 
[0001.890] I> Updated bootarg info to DTB
[0001.895] I> eeprom_get_mac_addr: MAC (type: 0): 00:04:4b:8c:56:9d
[0001.901] I> eeprom_get_mac_addr: MAC (type: 1): 00:04:4b:8c:56:9e
[0001.907] I> eeprom_get_mac_addr: MAC (type: 2): 00:04:4b:8c:56:9f
[0001.913] E> "ids" doesn't exist, creating 
[0001.918] E> "connection" doesn't exist, creating 
[0001.922] E> "configs" doesn't exist, creating 
[0001.927] I> create_pm_ids: id: 3310-1000-B00-E, len: 15
[0001.932] I> config: mem-type:00,power-config:00,misc-config:00,modem-config:00,touch-config:00,display-config:00,, len: 93
[0001.943] I> create_pm_ids: id: 2597-0000-501-B, len: 15
[0001.948] I> config: mem-type:00,power-config:00,misc-config:00,modem-config:00,touch-config:00,display-config:00,, len: 93
[0001.959] I> create_pm_ids: id: 3326-1000-100-M, len: 15
[0001.964] I> config: mem-type:ff,power-config:ff,misc-config:ff,modem-config:ff,touch-config:ff,display-config:ff,, len: 93
[0001.975] I> Adding plugin-manager/ids/3310-1000-B00=/i2c@c250000:module@0x50
[0001.982] E> "i2c@c250000" doesn't exist, creating 
[0001.986] E> "module@0x50" doesn't exist, creating 
[0001.991] I> Adding plugin-manager/ids/2597-0000-501=/i2c@c250000:module@0x57
[0001.998] E> "module@0x57" doesn't exist, creating 
[0002.003] I> Adding plugin-manager/ids/3326-1000-100=/i2c@3180000:module@0x54
[0002.010] E> "i2c@3180000" doesn't exist, creating 
[0002.015] E> "module@0x54" doesn't exist, creating 
[0002.022] I> Adding plugin-manager/ids/3310-1000-B00-E
[0002.029] I> Adding plugin-manager/configs/3310-mem-type 00
[0002.034] I> Adding plugin-manager/configs/3310-power-config 00
[0002.040] I> Adding plugin-manager/configs/3310-misc-config 00
[0002.046] I> Adding plugin-manager/configs/3310-modem-config 00
[0002.051] I> Adding plugin-manager/configs/3310-touch-config 00
[0002.057] I> Adding plugin-manager/configs/3310-display-config 00
[0002.063] E> "chip-id" doesn't exist, creating 
[0002.068] I> Adding plugin-manager/chip-id/A02P
[0002.074] I> Updated memory info to DTB
[0002.079] E> "reset" doesn't exist, creating 
[0002.084] E> "pmc-reset-reason" doesn't exist, creating 
[0002.089] E> "pmic-reset-reason" doesn't exist, creating 
[0002.095] I> disabled_core_mask: 0xffffff0c
[0002.105] I> tegrabl_load_kernel_and_dtb: Done


U-Boot 2017.03-g8537ddd769f4 (Oct 04 2017 - 08:46:37 -0700)

TEGRA186
Model: NVIDIA P2771-0000-500
DRAM:  7.8 GiB
MMC:   Tegra SD/MMC: 0, Tegra SD/MMC: 1
*** Warning - bad CRC, using default environment

In:    serial
Out:   serial
Err:   serial
Net:   eth0: ethernet@2490000
Hit any key to stop autoboot:  2  1  0 
MMC: no card present
mmc_init: -123, time 1
switch to partitions #0, OK
mmc0(part 0) is current device
Scanning mmc 0:1...
Found /boot/extlinux/extlinux.conf
Retrieving file: /boot/extlinux/extlinux.conf
431 bytes read in 70 ms (5.9 KiB/s)
p2771-0000 NFS boot options
1:	primary kernel
Enter choice: 1:	primary kernel
Retrieving file: /boot/initrd
6264526 bytes read in 201 ms (29.7 MiB/s)
Retrieving file: /boot/Image
17123840 bytes read in 456 ms (35.8 MiB/s)
append: console=ttyS0,115200n8 earlycon ignore_loglevel root=/dev/nfs rw netdevwait ip=192.168.99.2:192.168.99.1:192.168.99.1:255.255.255.0::eth0:off nfsroot=192.168.99.1:/home/ausvrl2686/nfsroot,nolock,nfsvers=2 rootwait
Retrieving file: /boot/tegra186-p2771-0000.dtb
23528 bytes read in 61 ms (376 KiB/s)
## Flattened Device Tree blob at 82000000
   Booting using the fdt blob at 0x82000000
   Using Device Tree in place at 0000000082000000, end 0000000082008be7

Starting kernel ...

[    1.569720] console [ttyS0] enabled
[    1.569720] console [ttyS0] enabled
[    1.576874] bootconsole [uart0] disabled
[    1.576874] bootconsole [uart0] disabled
[    1.585678] SuperH (H)SCI(F) driver initialized
[    1.590431] msm_serial: driver initialized
[    1.594999] arm-smmu 12000000.iommu: probing hardware configuration...
[    1.601526] arm-smmu 12000000.iommu: SMMUv2 with:
[    1.606242] arm-smmu 12000000.iommu: 	stage 1 translation
[    1.611635] arm-smmu 12000000.iommu: 	stage 2 translation
[    1.617073] arm-smmu 12000000.iommu: 	nested translation
[    1.622380] arm-smmu 12000000.iommu: 	stream matching with 128 register groups
[    1.629595] arm-smmu 12000000.iommu: 	64 context banks (0 stage-2 only)
[    1.636204] arm-smmu 12000000.iommu: 	Supported page sizes: 0x61311000
[    1.642725] arm-smmu 12000000.iommu: 	Stage-1: 48-bit VA -> 48-bit IPA
[    1.649247] arm-smmu 12000000.iommu: 	Stage-2: 48-bit IPA -> 48-bit PA
[    1.656186] cacheinfo: Unable to detect cache hierarchy for CPU 0
[    1.665952] loop: module loaded
[    1.671056] libphy: Fixed MDIO Bus: probed
[    1.675522] tun: Universal TUN/TAP device driver, 1.6
[    1.681038] thunder-xcv, ver 1.0
[    1.684292] thunder-BGX, ver 1.0
[    1.687530] thunder-nic, ver 1.0
[    1.690936] e1000e: Intel(R) PRO/1000 Network Driver - 3.2.6-k
[    1.696763] e1000e: Copyright(c) 1999 - 2015 Intel Corporation.
[    1.702696] igb: Intel(R) Gigabit Ethernet Network Driver - version 5.4.0-k
[    1.709650] igb: Copyright (c) 2007-2014 Intel Corporation.
[    1.715237] igbvf: Intel(R) Gigabit Virtual Function Network Driver - version 2.4.0-k
[    1.723057] igbvf: Copyright (c) 2009 - 2012 Intel Corporation.
[    1.729147] sky2: driver version 1.30
[    1.733381] dwc-eth-dwmac 2490000.ethernet: Cannot get CSR clock
[    1.739414] dwc-eth-dwmac 2490000.ethernet: no reset control found
[    1.758712] stmmac - user ID: 0x10, Synopsys ID: 0x41
[    1.763768] dwc-eth-dwmac 2490000.ethernet: DMA HW capability register supported
[    1.771154] dwc-eth-dwmac 2490000.ethernet: RX Checksum Offload Engine supported
[    1.778541] dwc-eth-dwmac 2490000.ethernet: TX Checksum insertion supported
[    1.785496] dwc-eth-dwmac 2490000.ethernet: Wake-Up On Lan supported
[    1.791855] dwc-eth-dwmac 2490000.ethernet: TSO supported
[    1.797250] dwc-eth-dwmac 2490000.ethernet: TSO feature enabled
[    1.803160] dwc-eth-dwmac 2490000.ethernet: Enable RX Mitigation via HW Watchdog Timer
[    1.811112] libphy: stmmac: probed
[    1.815453] VFIO - User Level meta-driver version: 0.3
[    1.821188] ehci_hcd: USB 2.0 'Enhanced' Host Controller (EHCI) Driver
[    1.827728] ehci-pci: EHCI PCI platform driver
[    1.832193] ehci-platform: EHCI generic platform driver
[    1.837475] ehci-orion: EHCI orion driver
[    1.841528] ehci-exynos: EHCI EXYNOS driver
[    1.845755] ohci_hcd: USB 1.1 'Open' Host Controller (OHCI) Driver
[    1.851936] ohci-pci: OHCI PCI platform driver
[    1.856397] ohci-platform: OHCI generic platform driver
[    1.861670] ohci-exynos: OHCI EXYNOS driver
[    1.866100] usbcore: registered new interface driver usb-storage
[    1.873458] i2c /dev entries driver
[    1.879136] max77620 0-003c: PMIC Version OTP:0x45 and ES:0x8
[    1.889752] max77620-sd0: supplied by regulator-dummy
[    1.894957] VDD_DDR_1V1_PMIC: Bringing 1125000uV into 1100000-1100000uV
[    1.903552] max77620-sd1: supplied by regulator-dummy
[    1.909972] max77620-sd2: supplied by regulator-dummy
[    1.916431] max77620-sd3: supplied by regulator-dummy
[    1.923012] max77620-ldo0: supplied by regulator-dummy
[    1.928975] max77620-ldo1: supplied by regulator-dummy
[    1.934896] max77620-ldo2: supplied by regulator-dummy
[    1.941149] max77620-ldo3: supplied by regulator-dummy
[    1.946945] max77620-ldo4: supplied by regulator-dummy
[    1.952095] VDD_RTC: Bringing 800000uV into 1000000-1000000uV
[    1.958608] max77620-ldo5: supplied by regulator-dummy
[    1.963759] VDDIO_SDMMC3_AP: Bringing 1800000uV into 2800000-2800000uV
[    1.970900] max77620-ldo6: supplied by regulator-dummy
[    1.976695] max77620-ldo7: supplied by regulator-dummy
[    1.981842] VDD_HDMI_1V05: Bringing 1000000uV into 1050000-1050000uV
[    1.989446] max77620-ldo8: supplied by regulator-dummy
[    1.994597] VDD_PEX_1V05: Bringing 1000000uV into 1050000-1050000uV
[    3.175684] max77686-rtc max77620-rtc: rtc core: registered max77620-rtc as rtc0
[    3.185218] sdhci: Secure Digital Host Controller Interface driver
[    3.191393] sdhci: Copyright(c) Pierre Ossman
[    3.195869] Synopsys Designware Multimedia Card Interface Driver
[    3.202297] sdhci-pltfm: SDHCI platform and OF driver helper
[    3.208102] sdhci-tegra 3400000.sdhci: Got CD GPIO
[    3.212899] sdhci-tegra 3400000.sdhci: Got WP GPIO
[    3.234608] mmc0: Unknown controller version (4). You may experience problems.
[    3.271910] mmc0: SDHCI controller on 3440000.sdhci [3440000.sdhci] using ADMA
[    3.288243] ledtrig-cpu: registered to indicate activity on CPUs
[    3.294823] usbcore: registered new interface driver usbhid
[    3.300394] usbhid: USB HID core driver
[    3.305303] NET: Registered protocol family 17
[    3.309791] 9pnet: Installing 9P2000 support
[    3.314069] Key type dns_resolver registered
[    3.318683] registered taskstats version 1
[    3.322777] Loading compiled-in X.509 certificates
[    3.335764] VDD_1V8_AP: supplied by VDD_1V8
[    3.340356] SD_CARD_SW_PWR: supplied by VDD_3V3_SYS
[    3.345921] pca953x 1-0074: 1-0074 supply vcc not found, using dummy regulator
[    3.355537] pca953x 1-0077: 1-0077 supply vcc not found, using dummy regulator
[    3.365376] tegra-pcie 10003000.pcie: 4x1, 1x1 configuration
[    3.371941] tegra-pcie 10003000.pcie: probing port 0, using 4 lanes
[    3.380270] tegra-pcie 10003000.pcie: Slot present pin change, signature: 00000018
[    3.781675] tegra-pcie 10003000.pcie: link 0 down, retrying
[    4.190371] tegra-pcie 10003000.pcie: link 0 down, retrying
[    4.599052] tegra-pcie 10003000.pcie: link 0 down, retrying
[    4.606627] tegra-pcie 10003000.pcie: link 0 down, ignoring
[    4.612263] tegra-pcie 10003000.pcie: PCI host bridge to bus 0000:00
[    4.618617] pci_bus 0000:00: root bus resource [io  0x0000-0xffff]
[    4.624791] pci_bus 0000:00: root bus resource [mem 0x50100000-0x57ffffff]
[    4.631658] pci_bus 0000:00: root bus resource [mem 0x58000000-0x7fffffff pref]
[    4.638957] pci_bus 0000:00: root bus resource [bus 00-ff]
[    4.644893] sdhci-tegra 3400000.sdhci: Got CD GPIO
[    4.649698] sdhci-tegra 3400000.sdhci: Got WP GPIO
[    4.662788] mmc1: Unknown controller version (4). You may experience problems.
[    4.701615] mmc1: SDHCI controller on 3400000.sdhci [3400000.sdhci] using ADMA
[    4.717866] mmc2: Unknown controller version (4). You may experience problems.
[    4.725586] mmc2: Switching to 3.3V signalling voltage failed
[    4.756832] mmc2: SDHCI controller on 3460000.sdhci [3460000.sdhci] using ADMA
[    4.765335] VDD_HDMI_5V0: supplied by VDD_5V0_SYS
[    4.770810] input: gpio-keys as /devices/platform/gpio-keys/input/input0
[    4.808013] max77686-rtc max77620-rtc: setting system clock to 2016-11-12 15:22:13 UTC (1478964133)
[    4.817264] dwc-eth-dwmac 2490000.ethernet eth0: device MAC address a6:d7:95:ea:a4:99
[    4.825607] Generic PHY stmmac-0:00: attached PHY driver [Generic PHY] (mii_bus:phy_addr=stmmac-0:00, irq=POLL)
[    4.836437] dwmac4: Master AXI performs any burst length
[    4.841923] dwc-eth-dwmac 2490000.ethernet eth0: IEEE 1588-2008 Advanced Timestamp supported
[    4.850476] dwc-eth-dwmac 2490000.ethernet eth0: registered PTP clock
[    4.857702] mmc2: new high speed MMC card at address 0001
[    4.863516] mmcblk2: mmc2:0001 032G34 29.1 GiB 
[    4.868376] mmcblk2boot0: mmc2:0001 032G34 partition 1 4.00 MiB
[    4.874623] mmcblk2boot1: mmc2:0001 032G34 partition 2 4.00 MiB
[    4.880631] mmcblk2rpmb: mmc2:0001 032G34 partition 3 4.00 MiB, chardev (240:0)
[    4.889981]  mmcblk2: p1 p2 p3 p4 p5 p6 p7 p8 p9 p10 p11 p12 p13 p14 p15 p16 p17
[    8.960639] WARNING: CPU: 5 PID: 40 at drivers/firmware/tegra/bpmp.c:360 tegra_bpmp_transfer+0x2dc/0x368
[    8.970101] Modules linked in:
[    8.973151] CPU: 5 PID: 40 Comm: kworker/u12:1 Tainted: G S               4.15.0-rc6-next-20180102-224118-ge0e9981 #1
[    8.983736] Hardware name: NVIDIA Tegra186 P2771-0000 Development Board (DT)
[    8.983799] IP-Config: Complete:
[    8.983803]      device=eth0, hwaddr=a6:d7:95:ea:a4:99, ipaddr=192.168.99.2, mask=255.255.255.0, gw=192.168.99.1
[    8.983806]      host=192.168.99.2, domain=, nis-domain=(none)
[    8.983808]      bootserver=192.168.99.1, rootserver=192.168.99.1, rootpath=
[    9.016979] Workqueue: events_power_efficient phy_state_machine
[    9.022887] pstate: 80000085 (Nzcv daIf -PAN -UAO)
[    9.027667] pc : tegra_bpmp_transfer+0x2dc/0x368
[    9.032275] lr : tegra_bpmp_clk_transfer+0x94/0xd0
[    9.037051] sp : ffff000009efbab0
[    9.040355] x29: ffff000009efbab0 x28: ffff8001f7808070 
[    9.045657] x27: ffff8001f7808020 x26: ffff000008fcfc58 
[    9.050959] x25: 0000000000000000 x24: 0000000000000001 
[    9.056260] x23: ffff8001f5dd8878 x22: 0000000000000080 
[    9.061561] x21: ffff000009efbb58 x20: ffff000008fb9000 
[    9.066861] x19: ffff000009efbbd8 x18: 0000000000000007 
[    9.072161] x17: 000000000000000e x16: 0000000000000001 
[    9.077461] x15: 0000000000000019 x14: 0000000000000033 
[    9.082761] x13: 000000000000004c x12: 0000000000000068 
[    9.088060] x11: ffff00000cd33d88 x10: 0000000000000000 
[    9.093360] x9 : 00000000ffffffff x8 : ffff8001fff54be0 
[    9.098660] x7 : ffff00000bf50000 x6 : ffff000009efbb68 
[    9.103961] x5 : ffffffffffffffd0 x4 : 0000000000000010 
[    9.109261] x3 : ffff000009efbbc0 x2 : 0000000000000080 
[    9.114561] x1 : ffff000009efbb68 x0 : ffff8001f6569a18 
[    9.119861] Call trace:
[    9.122301]  tegra_bpmp_transfer+0x2dc/0x368
[    9.126560]  tegra_bpmp_clk_transfer+0x94/0xd0
[    9.130991]  tegra_bpmp_clk_round_rate+0x70/0xa4
[    9.135598]  clk_core_determine_round_nolock+0x58/0xa0
[    9.140723]  clk_core_round_rate_nolock+0x34/0x90
[    9.145415]  clk_core_set_rate_nolock+0x5c/0x1c0
[    9.150019]  clk_set_rate+0x30/0x8c
[    9.153500]  tegra_eqos_fix_speed+0x1ac/0x250
[    9.157848]  stmmac_adjust_link+0x1fc/0x230
[    9.162019]  phy_link_change+0x54/0x60
[    9.165758]  phy_state_machine+0x300/0x430
[    9.169847]  process_one_work+0x124/0x290
[    9.173845]  worker_thread+0x13c/0x3f8
[    9.177586]  kthread+0xfc/0x128
[    9.180719]  ret_from_fork+0x10/0x18
[    9.184282] ---[ end trace cf87a57e81938244 ]---
[    9.188905] WARNING: CPU: 5 PID: 40 at drivers/firmware/tegra/bpmp.c:360 tegra_bpmp_transfer+0x2dc/0x368
[    9.198362] Modules linked in:
[    9.201408] CPU: 5 PID: 40 Comm: kworker/u12:1 Tainted: G S      W        4.15.0-rc6-next-20180102-224118-ge0e9981 #1
[    9.211993] Hardware name: NVIDIA Tegra186 P2771-0000 Development Board (DT)
[    9.219025] Workqueue: events_power_efficient phy_state_machine
[    9.224931] pstate: 80000085 (Nzcv daIf -PAN -UAO)
[    9.229710] pc : tegra_bpmp_transfer+0x2dc/0x368
[    9.234314] lr : tegra_bpmp_clk_transfer+0x94/0xd0
[    9.239092] sp : ffff000009efba40
[    9.242394] x29: ffff000009efba40 x28: ffff8001f7808070 
[    9.247695] x27: ffff8001f7808020 x26: ffff000008fcfc58 
[    9.252995] x25: 0000000000000000 x24: 0000000000000001 
[    9.258296] x23: 00000000ffffffff x22: 0000000000000080 
[    9.263596] x21: ffff000009efbae8 x20: ffff000008fb9000 
[    9.268896] x19: ffff000009efbb68 x18: 0000000000000007 
[    9.274196] x17: 000000000000000e x16: 0000000000000001 
[    9.279495] x15: 0000000000000019 x14: 0000000000000033 
[    9.284794] x13: 000000000000004c x12: 0000000000000068 
[    9.290094] x11: ffff00000cd33d88 x10: 0000000000000000 
[    9.295394] x9 : 00000000ffffffff x8 : ffff8001fff54be0 
[    9.300694] x7 : ffff00000bf50000 x6 : ffff000009efbaf8 
[    9.305994] x5 : ffffffffffffffd0 x4 : 0000000000000010 
[    9.311294] x3 : ffff000009efbb50 x2 : 0000000000000080 
[    9.316593] x1 : ffff000009efbaf8 x0 : ffff8001f6569a18 
[    9.321893] Call trace:
[    9.324331]  tegra_bpmp_transfer+0x2dc/0x368
[    9.328589]  tegra_bpmp_clk_transfer+0x94/0xd0
[    9.333020]  tegra_bpmp_clk_round_rate+0x70/0xa4
[    9.337624]  clk_core_determine_round_nolock+0x58/0xa0
[    9.342748]  clk_calc_new_rates+0x88/0x1d8
[    9.346832]  clk_core_set_rate_nolock+0xac/0x1c0
[    9.351437]  clk_set_rate+0x30/0x8c
[    9.354916]  tegra_eqos_fix_speed+0x1ac/0x250
[    9.359260]  stmmac_adjust_link+0x1fc/0x230
[    9.363430]  phy_link_change+0x54/0x60
[    9.367169]  phy_state_machine+0x300/0x430
[    9.371253]  process_one_work+0x124/0x290
[    9.375251]  worker_thread+0x13c/0x3f8
[    9.378988]  kthread+0xfc/0x128
[    9.382120]  ret_from_fork+0x10/0x18
[    9.385683] ---[ end trace cf87a57e81938245 ]---
[    9.390292] dwc-eth-dwmac 2490000.ethernet: failed to set TX rate: -22
[    9.396807] dwc-eth-dwmac 2490000.ethernet eth0: Link is Up - 1Gbps/Full - flow control rx/tx
[    9.403556] VDD_RTC: disabling
[    9.403561] VDDIO_SDMMC3_AP: disabling
[    9.403706] SD_CARD_SW_PWR: disabling
[    9.403708] VDD_HDMI_5V0: disabling
[    9.403710] ALSA device list:
[    9.403712]   No soundcards found.
[    9.426097] Freeing unused kernel memory: 1152K
/init: line 58: chmod: command not found
[ 15:22:18 ] L4T-INITRD Build DATE: Sat Nov 12 15:22:18 UTC 2016
[ 15:22:18 ] Root device found: nfs
[ 15:22:18 ] Ethernet interfaces: eth0
[ 15:22:18 ] IP Address: 192.168.99.2
[ 15:22:18 ] Rootfs mounted over nfs
[ 15:22:18 ] Switching from initrd to actual rootfs
[   10.262049] systemd[1]: systemd 229 running in system mode. (+PAM +AUDIT +SELINUX +IMA +APPARMOR +SMACK +SYSVINIT +UTMP +LIBCRYPTSETUP +GCRYPT +GNUTLS +ACL +XZ -LZ4 +SECCOMP +BLKID +ELFUTILS +KMOD -IDN)
[   10.280889] systemd[1]: Detected architecture arm64.

Welcome to [1mUbuntu 16.04 LTS[0m!

[   10.314337] systemd[1]: Set hostname to <tegra-ubuntu>.
[   11.666903] systemd[1]: Listening on udev Kernel Socket.
[[0;32m  OK  [0m] Listening on udev Kernel Socket.
[   11.683939] systemd[1]: Listening on udev Control Socket.
[[0;32m  OK  [0m] Listening on udev Control Socket.
[   11.699840] systemd[1]: Reached target Swap.
[[0;32m  OK  [0m] Reached target Swap.
[   11.715934] systemd[1]: Started Forward Password Requests to Wall Directory Watch.
[[0;32m  OK  [0m] Started Forward Password Requests to Wall Directory Watch.
[   11.735921] systemd[1]: Started Dispatch Password Requests to Console Directory Watch.
[[0;32m  OK  [0m] Started Dispatch Password Requests to Console Directory Watch.
[   11.759834] systemd[1]: Reached target Paths.
[[0;32m  OK  [0m] Reached target Paths.
[   11.775890] systemd[1]: Listening on /dev/initctl Compatibility Named Pipe.
[[0;32m  OK  [0m] Listening on /dev/initctl Compatibility Named Pipe.
[[0;32m  OK  [0m] Created slice User and Session Slice.
[[0;32m  OK  [0m] Listening on Journal Socket (/dev/log).
[[0;32m  OK  [0m] Reached target Encrypted Volumes.
[[0;32m  OK  [0m] Listening on Journal Socket.
[[0;32m  OK  [0m] Listening on Syslog Socket.
[[0;32m  OK  [0m] Listening on Journal Audit Socket.
[[0;32m  OK  [0m] Created slice System Slice.
[[0;32m  OK  [0m] Created slice system-serial\x2dgetty.slice.
         Mounting RPC Pipe File System...
         Starting Load Kernel Modules...
         Starting Create Static Device Nodes in /dev...
         Mounting Debug File System...
         Mounting Huge Pages File System...
         Mounting POSIX Message Queue File System...
         Starting Journal Service...
[[0;32m  OK  [0m] Created slice system-getty.slice.
         Starting Remount Root and Kernel File Systems...
[[0;32m  OK  [0m] Reached target Slices.
[[0;32m  OK  [0m] Mounted RPC Pipe File System.
[[0;32m  OK  [0m] Mounted Debug File System.
[[0;32m  OK  [0m] Mounted POSIX Message Queue File System.
[[0;32m  OK  [0m] Mounted Huge Pages File System.
[[0;32m  OK  [0m] Started Remount Root and Kernel File Systems.
         Starting udev Coldplug all Devices...
         Starting Load/Save Random Seed...
[[0;32m  OK  [0m] Started Journal Service.
[[0;32m  OK  [0m] Started Load Kernel Modules.
         Mounting Configuration File System...
         Starting Apply Kernel Variables...
         Starting Flush Journal to Persi[   12.518134] mount[1512]: unhandled level 2 translation fault (11) at 0x00000031, esr 0x92000006, in ld-2.23.so[ffffaff54000+1c000]
stent Storage...
[   12.532634] CPU: 5 PID: 1512 Comm: mount Tainted: G S      W        4.15.0-rc6-next-20180102-224118-ge0e9981 #1
[   12.544244] Hardware name: NVIDIA Tegra186 P2771-0000 Development Board (DT)
[   12.551289] pstate: 00000000 (nzcv daif -PAN -UAO)
[   12.556088] pc : 0xffffaff6b814
[   12.559219] lr : 0xffffaff62b64
[   12.562371] sp : 0000ffffd5c36580
[   12.565690] x29: 0000ffffd5c36580 x28: 0000ffffd5c36be0 
[   12.571014] x27: 0000000000000000 x26: 916c3aef15838000 
[   12.576327] x25: 0000000000401c6c x24: 0000000000000000 
[   12.581645] x23: 916c3aef15838000 x22: 0000000000000000 
[[   12.586960] x21: 0000ffffaff82190 x20: 0000000000401c6c 
[0;32m [   12.592342] x19: 0000ffffaff82190 x18: 0000000000000a03 
 OK  [0m] Start[   12.598341] x17: 0000ffffaff68f98 x16: 0000ffffaff81000 
ed Load/Save Random Seed[   12.605024] x15: 7fffffffffffffff x14: 000000006ffffeff 
.
[   12.612395] x13: 000000037ffff000 x12: 000000006ffffdff 
[   12.618004] x11: 0000ffffd5c366c0 x10: 0101010101010101 
[   12.623556] x9 : 0000000000000004 x8 : 0000000000000000 
[   12.628912] x7 : 0000ffffafb83b74 x6 : 0000ffffd5c36d40 
[   12.634286] x5 : 0000000000000000 x4 : 0000000000000000 
[   12.639662] x3 : 0000000000000000 x2 : 0000000000000001 
[   12.645035] x1 : 0000000000000041 x0 : 000000000000ffff 
[[0;1;31mFAILED[0m] Failed to mount Configuration File System.
See 'systemctl status sys-kernel-config.mount' for details.
[   12.755558] systemd-journald[1502]: Received request to flush runtime journal from PID 1
[[0;32m  OK  [0m] Started Create Static Device Nodes in /dev.
         Starting udev Kernel Device Manager...
[[0;32m  OK  [0m] Reached target Local File Systems (Pre).
[[0;32m  OK  [0m] Reached target Local File Systems.
         Starting Set console keymap...
         Starting Preprocess NFS configuration...
[[0;32m  OK  [0m] Started Apply Kernel Variables.
[[0;32m  OK  [0m] Started Flush Journal to Persistent Storage.
[[0;1;31mFAILED[0m] Failed to start Set console keymap.
See 'systemctl status console-setup.service' for details.
         Starting Create Volatile Files and Directories...
         Starting Raise network interfaces...
[[0;32m  OK  [0m] Started Preprocess NFS configuration.
[[0;32m  OK  [0m] Started udev Coldplug all Devices.
[[0;32m  OK  [0m] Reached target NFS client services.
[[0;32m  OK  [0m] Reached target Remote File Systems (Pre).
[[0;32m  OK  [0m] Reached target Remote File Systems.
[[0;32m  OK  [0m] Started udev Kernel Device Manager.
[[0;32m  OK  [0m] Started Create Volatile Files and Directories.
[0000.193] I> Welcome to MB2(TBoot-BPMP)(version: 01.00.160913-t186-M-00.00-mobile-f4c42291)
[0000.201] I> Default Heap @ [0xd486400 - 0xd488400]
[0000.206] I> DMA Heap @ [0x84900000 - 0x85300000]
[0000.211] I> bit @ 0xd480000
[0000.214] I> BR-BCT relocated to 0xf7f20000
[0000.218] I> Boot-device: eMMC
[0000.222] I> pmic: reset reason (nverc)	: 0x10
[0000.226] I> Reading GPT from 512 for device 00000003
[0000.232] I> Reading GPT from 8388096 for device 00000003
[0000.239] I> Found 6 partitions in 00000003 device
[0000.244] I> Reading GPT from 512 for device 00010003
[0000.250] I> Found 17 partitions in 00010003 device
[0000.255] W> No valid slot number is found in scratch register
[0000.261] W> Return default slot: _a
[0000.265] I> A/B: bin_type (16) slot 0
[0000.268] I> Select partition: bpmp-fw
[0000.272] I> Loading partition bpmp-fw at 0xf7600000
[0000.277] I> Reading two headers - addr:0xf7600000 blocks:1
[0000.282] I> Addr: 0xf7600000, start-block: 58739717, num_blocks: 1
[0000.297] I> Binary(16) of size 524480 is loaded @ 0xf7600000
[0000.302] W> No valid slot number is found in scratch register
[0000.308] W> Return default slot: _a
[0000.312] I> A/B: bin_type (17) slot 0
[0000.315] I> Select partition: bpmp-fw-dtb
[0000.319] I> Loading partition bpmp-fw-dtb at 0xf77f0000
[0000.324] I> Reading two headers - addr:0xf77f0000 blocks:1
[0000.330] I> Addr: 0xf77f0000, start-block: 58740925, num_blocks: 1
[0000.342] I> Binary(17) of size 326672 is loaded @ 0xf77b0200
[0000.469] I> BPMP-FW load address = 0xf7600000
[0000.474] I> BPMP-FW DTB load address = 0x501b0200
[0000.478] I> Loading SCE-FW ...
[0000.481] W> No valid slot number is found in scratch register
[0000.487] W> Return default slot: _a
[0000.490] I> A/B: bin_type (12) slot 0
[0000.494] I> Select partition: sce-fw
[0000.497] I> Loading partition sce-fw at 0xf7800000
[0000.502] I> Reading two headers - addr:0xf7800000 blocks:1
[0000.508] I> Addr: 0xf7800000, start-block: 58741925, num_blocks: 1
[0000.516] I> Binary(12) of size 65088 is loaded @ 0xf7800000
[0000.522] I> Init SCE
[0000.524] I> Copy BTCM section
[0000.527] W> No valid slot number is found in scratch register
[0000.533] W> Return default slot: _a
[0000.536] I> A/B: bin_type (13) slot 0
[0000.540] I> Select partition: cpu-bootloader
[0000.544] I> Loading partition cpu-bootloader at 0x96000000
[0000.549] I> Reading two headers - addr:0x96000000 blocks:1
[0000.555] I> Addr: 0x96000000, start-block: 58732545, num_blocks: 1
[0000.565] I> Binary(13) of size 195776 is loaded @ 0x96000000
[0000.571] W> No valid slot number is found in scratch register
[0000.576] W> Return default slot: _a
[0000.580] I> A/B: bin_type (20) slot 0
[0000.583] I> Select partition: bootloader-dtb
[0000.588] I> Loading partition bootloader-dtb at 0x85300000
[0000.593] I> Reading two headers - addr:0x85300000 blocks:1
[0000.598] I> Addr: 0x85300000, start-block: 58733057, num_blocks: 1
[0000.609] I> Binary(20) of size 248128 is loaded @ 0x85300000
[0000.615] I> MB2-params @ 0xf7f00000
[0000.618] I> CPUBL-params @ 0xf7f00000
[0000.622] I> CPU-BL loaded at : 0x96000000
[0000.626] I> Loading TOS ...
[0000.629] W> No valid slot number is found in scratch register
[0000.635] W> Return default slot: _a
[0000.638] I> A/B: bin_type (14) slot 0
[0000.642] I> Select partition: secure-os
[0000.645] I> Loading partition secure-os at 0x8490f400
[0000.650] I> Reading two headers - addr:0x8490f400 blocks:1
[0000.656] I> Addr: 0x8490f400, start-block: 58733569, num_blocks: 1
[0000.664] I> Binary(14) of size 54384 is loaded @ 0x8490f400
[0000.670] I> Copying Monitor (length: 0xd270) from 0x8490f600 to 0x40000000
[0000.677] I> Erasing Monitor @ 0x8490f600
[0000.681] I> Unhalting SCE
[0000.685] I> Waypoint2-ACK: 0x5200b8d0
[0000.689] I> MB2(TBoot-BPMP) done

NOTICE:  BL31: v1.2(release):ff7a644
NOTICE:  BL31: Built : 21:06:35, Mar  1 2017
NOTICE:  Trusty image missing.
ERROR:   Error initializing runtime service trusty_fast
[0001.051] I> Welcome to Cboot
[0001.054] I> Cboot Version: 00.00.2014.50-t186-fabbc56c
[0001.059] I> CPU-BL Params @ 0xf7f00000
[0001.063] I>  0) Base:0x00000000 Size:0x00000000
[0001.067] I>  1) Base:0xf7e00000 Size:0x00100000
[0001.072] I>  2) Base:0xf7d00000 Size:0x00100000
[0001.076] I>  3) Base:0xf7c00000 Size:0x00100000
[0001.080] I>  4) Base:0xf7b00000 Size:0x00100000
[0001.085] I>  5) Base:0xf7a00000 Size:0x00100000
[0001.089] I>  6) Base:0xf7600000 Size:0x00200000
[0001.094] I>  7) Base:0xf7000000 Size:0x00400000
[0001.098] I>  8) Base:0xf7900000 Size:0x00100000
[0001.103] I>  9) Base:0xf7800000 Size:0x00100000
[0001.107] I> 10) Base:0xf6800000 Size:0x00800000
[0001.111] I> 11) Base:0x30000000 Size:0x00040000
[0001.116] I> 12) Base:0xf7500000 Size:0x00100000
[0001.120] I> 13) Base:0x30040000 Size:0x00001000
[0001.125] I> 14) Base:0x30048000 Size:0x00001000
[0001.129] I> 15) Base:0x30049000 Size:0x00001000
[0001.134] I> 16) Base:0x3004a000 Size:0x00001000
[0001.138] I> 17) Base:0x3004b000 Size:0x00001000
[0001.142] I> 18) Base:0x3004c000 Size:0x00001000
[0001.147] I> 19) Base:0x3004d000 Size:0x00001000
[0001.151] I> 20) Base:0x3004e000 Size:0x00001000
[0001.156] I> 21) Base:0x3004f000 Size:0x00001000
[0001.160] I> 22) Base:0x00000000 Size:0x00000000
[0001.165] I> 23) Base:0xf7ff0000 Size:0x00010000
[0001.169] I> 24) Base:0x00000000 Size:0x00000000
[0001.173] I> 25) Base:0x00000000 Size:0x00000000
[0001.178] I> 26) Base:0x00000000 Size:0x00000000
[0001.182] I> 27) Base:0x00000000 Size:0x00000000
[0001.187] I> 28) Base:0x84400000 Size:0x00400000
[0001.191] I> 29) Base:0x30000000 Size:0x00010000
[0001.196] I> 30) Base:0xf8000000 Size:0x08000000
[0001.200] I> 31) Base:0x00000000 Size:0x00000000
[0001.204] I> 32) Base:0xf6000000 Size:0x00600000
[0001.209] I> 33) Base:0x80000000 Size:0x76000000
[0001.213] I> 34) Base:0x100000000 Size:0x180000000
[0001.218] I> 35) Base:0x00000000 Size:0x00000000
[0001.222] I> 36) Base:0x00000000 Size:0x00000000
[0001.227] I> 37) Base:0xf7fc0000 Size:0x00020000
[0001.231] I> 38) Base:0x84000000 Size:0x00400000
[0001.236] I> 39) Base:0x96000000 Size:0x02000000
[0001.240] I> 40) Base:0x84800000 Size:0x00b00000
[0001.244] I> 41) Base:0xf7f00000 Size:0x00080000
[0001.249] I> 42) Base:0x00000000 Size:0x00000000
[0001.253] I> 43) Base:0x00000000 Size:0x00000000
[0001.258] platform_init_interrupts-121, 1*
[0001.262] Interrupts Init done
[0001.265] calling constructors
[0001.268] initializing heap
[0001.271] initializing threads
[0001.274] initializing timers
[0001.277] creating bootstrap completion thread
[0001.282] top of bootstrap2()
[0001.285] CPU: ARM Cortex A57
[0001.288] CPU: MIDR: 0x411FD073, MPIDR: 0x80000100
[0001.293] initializing platform
[0001.296] I> Boot-device: eMMC
[0001.300] I> odm data is 1090000
[0001.303] I> Reading GPT from 512 for device 00000003
[0001.309] I> Reading GPT from 8388096 for device 00000003
[0001.315] I> Found 6 partitions in 00000003 device
[0001.320] I> Reading GPT from 512 for device 00010003
[0001.326] I> Found 17 partitions in 00010003 device
[0001.330] W> No valid slot number is found in scratch register
[0001.336] W> Return default slot: _a
[0001.339] I> A/B: bin_type (1) slot 0
[0001.343] I> Select partition: kernel-dtb
[0001.347] I> Loading partition kernel-dtb at 0x92000000
[0001.355] I> Kernel_dtb @0x92000000
[0001.359] I> Bl_dtb @0x85300000
[0001.362] I> gpio framework initialized
[0001.365] I> tegrabl_gpio_driver_register: register 'tegra_gpio_main_driver' driver
[0001.373] I> tegrabl_gpio_driver_register: register 'tegra_gpio_aon_driver' driver
[0001.380] I> tegrabl_tca9539_init: i2c bus: 0, slave addr: 0xee
[0001.389] I> tegrabl_gpio_driver_register: register 'tca9539_gpio_driver' driver
[0001.396] I> tegrabl_tca9539_init: i2c bus: 0, slave addr: 0xe8
[0001.404] I> tegrabl_gpio_driver_register: register 'tca9539_gpio_driver' driver
[0001.412] E> tegrabl_blob_init: BMP partition does not have valid Blob
[0001.418] E> tegrabl_load_bmp_blob: BMP blob initialization failed
[0001.424] W> Loading bmp blob to memory failed
[0001.433] I> Find /i2c@c250000's alias i2c7
[0001.437] I> Reading eeprom i2c=7 address=0x50
[0001.466] I> Device at /i2c@c250000:0x50
[0001.470] I> Reading eeprom i2c=7 address=0x57
[0001.499] I> Device at /i2c@c250000:0x57
[0001.503] I> Find /i2c@c240000's alias i2c1
[0001.507] I> Reading eeprom i2c=1 address=0x51
[0001.513] I> Eeprom read failed 0x1a800027
[0001.518] I> Find /i2c@3160000's alias i2c0
[0001.522] I> Reading eeprom i2c=0 address=0x50
[0001.527] I> Eeprom read failed 0x1a800027
[0001.532] I> Find /i2c@3180000's alias i2c2
[0001.536] I> Reading eeprom i2c=2 address=0x54
[0001.540] I> Enabling gpio chip_id = 2, gpio pin = 9
[0001.571] I> Disabling gpio chip_id = 2, gpio pin = 9
[0001.576] I> Device at /i2c@3180000:0x54
[0001.580] I> create_pm_ids: id: 3310-1000-B00-E, len: 15
[0001.585] I> config: mem-type:00,power-config:00,misc-config:00,modem-config:00,touch-config:00,display-config:00,, len: 93
[0001.596] I> create_pm_ids: id: 2597-0000-501-B, len: 15
[0001.601] I> config: mem-type:00,power-config:00,misc-config:00,modem-config:00,touch-config:00,display-config:00,, len: 93
[0001.612] I> create_pm_ids: id: 3326-1000-100-M, len: 15
[0001.617] I> config: mem-type:ff,power-config:ff,misc-config:ff,modem-config:ff,touch-config:ff,display-config:ff,, len: 93
[0001.628] initializing target
[0001.631] calling apps_init()
[0001.634] starting app android_boot_app
[0001.638] I> Gpio keyboard init success
[0001.642] I> Kernel type = Normal
[0001.645] I> Loading kernel/boot.img ...
[0001.648] W> No valid slot number is found in scratch register
[0001.654] W> Return default slot: _a
[0001.658] I> A/B: bin_type (0) slot 0
[0001.661] I> Select partition: kernel
[0001.664] I> Loading partition kernel at 0xa8000000
[0001.746] W> No valid slot number is found in scratch register
[0001.751] W> Return default slot: _a
[0001.755] I> A/B: bin_type (1) slot 0
[0001.758] I> Select partition: kernel-dtb
[0001.762] I> Loading partition kernel-dtb at 0x92000000
[0001.771] I> Kernel DTB @ 0x92000000
[0001.774] I> Verified boot state = Orange
[0001.778] E> tegrabl_display_clear: display is not initialized
[0001.784] I> Checking boot.img header magic ... [0001.788] I> [OK]
[0001.790] I> Valid boot.img @ 0xa8000000
[0001.794] I> decompressor handler not found
[0001.798] I> Copying kernel image (465664 bytes) from 0xa8000800 to 0x80080000 ... [0001.805] I> Done
[0001.807] I> Move ramdisk (len: 6264526) from 0xa8072800 to 0x98000000
[0001.816] I> Updated bpmp info to DTB
[0001.822] I> Ramdisk: Base: 0x98000000; Size: 0x5f96ce
[0001.827] I> Updated initrd info to DTB
[0001.830] I> disabled_core_mask: 0xffffff0c
[0001.834] I> Kernel type = Normal
[0001.838] I> add_serialno: Serial Num = 0320817136352
[0001.842] W> No valid slot number is found in scratch register
[0001.848] W> Return default slot: _a
[0001.851] I> Linux Cmdline: root=/dev/nfs rw netdevwait ip=192.168.99.2:192.168.99.1:192.168.99.1:255.255.255.0::eth0:off nfsroot=192.168.99.1:/home/ausvrl2686/nfsroot fbcon=map:0 net.ifnames=0 console=tty0 OS=l4t console=ttyS0,115200n8 memtype=0 video=tegrafb no_console_suspend=1 earlycon=uart8250,mmio32,0x03100000 nvdumper_reserved=0xf7fc0000 gpt androidboot.secureos=none tegraid=18.1.2.0.0 tegra_keep_boot_clocks maxcpus=6 android.kerneltype=normal androidboot.serialno=0320817136352 androidboot.security=non-secure sdhci_tegra.en_boot_part_access=1 
[0001.900] I> Updated bootarg info to DTB
[0001.905] I> eeprom_get_mac_addr: MAC (type: 0): 00:04:4b:8c:56:9d
[0001.911] I> eeprom_get_mac_addr: MAC (type: 1): 00:04:4b:8c:56:9e
[0001.917] I> eeprom_get_mac_addr: MAC (type: 2): 00:04:4b:8c:56:9f
[0001.923] E> "ids" doesn't exist, creating 
[0001.927] E> "connection" doesn't exist, creating 
[0001.932] E> "configs" doesn't exist, creating 
[0001.936] I> create_pm_ids: id: 3310-1000-B00-E, len: 15
[0001.942] I> config: mem-type:00,power-config:00,misc-config:00,modem-config:00,touch-config:00,display-config:00,, len: 93
[0001.952] I> create_pm_ids: id: 2597-0000-501-B, len: 15
[0001.958] I> config: mem-type:00,power-config:00,misc-config:00,modem-config:00,touch-config:00,display-config:00,, len: 93
[0001.969] I> create_pm_ids: id: 3326-1000-100-M, len: 15
[0001.974] I> config: mem-type:ff,power-config:ff,misc-config:ff,modem-config:ff,touch-config:ff,display-config:ff,, len: 93
[0001.985] I> Adding plugin-manager/ids/3310-1000-B00=/i2c@c250000:module@0x50
[0001.992] E> "i2c@c250000" doesn't exist, creating 
[0001.996] E> "module@0x50" doesn't exist, creating 
[0002.001] I> Adding plugin-manager/ids/2597-0000-501=/i2c@c250000:module@0x57
[0002.008] E> "module@0x57" doesn't exist, creating 
[0002.013] I> Adding plugin-manager/ids/3326-1000-100=/i2c@3180000:module@0x54
[0002.020] E> "i2c@3180000" doesn't exist, creating 
[0002.025] E> "module@0x54" doesn't exist, creating 
[0002.032] I> Adding plugin-manager/ids/3310-1000-B00-E
[0002.038] I> Adding plugin-manager/configs/3310-mem-type 00
[0002.044] I> Adding plugin-manager/configs/3310-power-config 00
[0002.050] I> Adding plugin-manager/configs/3310-misc-config 00
[0002.055] I> Adding plugin-manager/configs/3310-modem-config 00
[0002.061] I> Adding plugin-manager/configs/3310-touch-config 00
[0002.067] I> Adding plugin-manager/configs/3310-display-config 00
[0002.073] E> "chip-id" doesn't exist, creating 
[0002.077] I> Adding plugin-manager/chip-id/A02P
[0002.084] I> Updated memory info to DTB
[0002.089] E> "reset" doesn't exist, creating 
[0002.094] E> "pmc-reset-reason" doesn't exist, creating 
[0002.099] E> "pmic-reset-reason" doesn't exist, creating 
[0002.104] I> disabled_core_mask: 0xffffff0c
[0002.115] I> tegrabl_load_kernel_and_dtb: Done


U-Boot 2017.03-g8537ddd769f4 (Oct 04 2017 - 08:46:37 -0700)

TEGRA186
Model: NVIDIA P2771-0000-500
DRAM:  7.8 GiB
MMC:   Tegra SD/MMC: 0, Tegra SD/MMC: 1
*** Warning - bad CRC, using default environment

In:    serial
Out:   serial
Err:   serial
Net:   eth0: ethernet@2490000
Hit any key to stop autoboot:  2  1  0 
MMC: no card present
mmc_init: -123, time 1
switch to partitions #0, OK
mmc0(part 0) is current device
Scanning mmc 0:1...
Found /boot/extlinux/extlinux.conf
Retrieving file: /boot/extlinux/extlinux.conf
431 bytes read in 70 ms (5.9 KiB/s)
p2771-0000 NFS boot options
1:	primary kernel
Enter choice: 1:	primary kernel
Retrieving file: /boot/initrd
6264526 bytes read in 201 ms (29.7 MiB/s)
Retrieving file: /boot/Image
17123840 bytes read in 456 ms (35.8 MiB/s)
append: console=ttyS0,115200n8 earlycon ignore_loglevel root=/dev/nfs rw netdevwait ip=192.168.99.2:192.168.99.1:192.168.99.1:255.255.255.0::eth0:off nfsroot=192.168.99.1:/home/ausvrl2686/nfsroot,nolock,nfsvers=2 rootwait
Retrieving file: /boot/tegra186-p2771-0000.dtb
23528 bytes read in 61 ms (376 KiB/s)
## Flattened Device Tree blob at 82000000
   Booting using the fdt blob at 0x82000000
   Using Device Tree in place at 0000000082000000, end 0000000082008be7

Starting kernel ...

[    1.542526] console [ttyS0] enabled
[    1.542526] console [ttyS0] enabled
[    1.549759] bootconsole [uart0] disabled
[    1.549759] bootconsole [uart0] disabled
[    1.558150] SuperH (H)SCI(F) driver initialized
[    1.563132] msm_serial: driver initialized
[    1.567676] arm-smmu 12000000.iommu: probing hardware configuration...
[    1.574200] arm-smmu 12000000.iommu: SMMUv2 with:
[    1.578908] arm-smmu 12000000.iommu: 	stage 1 translation
[    1.584301] arm-smmu 12000000.iommu: 	stage 2 translation
[    1.589708] arm-smmu 12000000.iommu: 	nested translation
[    1.595015] arm-smmu 12000000.iommu: 	stream matching with 128 register groups
[    1.602230] arm-smmu 12000000.iommu: 	64 context banks (0 stage-2 only)
[    1.608839] arm-smmu 12000000.iommu: 	Supported page sizes: 0x61311000
[    1.615358] arm-smmu 12000000.iommu: 	Stage-1: 48-bit VA -> 48-bit IPA
[    1.621880] arm-smmu 12000000.iommu: 	Stage-2: 48-bit IPA -> 48-bit PA
[    1.628815] cacheinfo: Unable to detect cache hierarchy for CPU 0
[    1.638296] loop: module loaded
[    1.643373] libphy: Fixed MDIO Bus: probed
[    1.647780] tun: Universal TUN/TAP device driver, 1.6
[    1.653201] thunder-xcv, ver 1.0
[    1.656451] thunder-BGX, ver 1.0
[    1.659694] thunder-nic, ver 1.0
[    1.663085] e1000e: Intel(R) PRO/1000 Network Driver - 3.2.6-k
[    1.668911] e1000e: Copyright(c) 1999 - 2015 Intel Corporation.
[    1.674851] igb: Intel(R) Gigabit Ethernet Network Driver - version 5.4.0-k
[    1.681802] igb: Copyright (c) 2007-2014 Intel Corporation.
[    1.687389] igbvf: Intel(R) Gigabit Virtual Function Network Driver - version 2.4.0-k
[    1.695207] igbvf: Copyright (c) 2009 - 2012 Intel Corporation.
[    1.701291] sky2: driver version 1.30
[    1.705506] dwc-eth-dwmac 2490000.ethernet: Cannot get CSR clock
[    1.711536] dwc-eth-dwmac 2490000.ethernet: no reset control found
[    1.730884] stmmac - user ID: 0x10, Synopsys ID: 0x41
[    1.735937] dwc-eth-dwmac 2490000.ethernet: DMA HW capability register supported
[    1.743326] dwc-eth-dwmac 2490000.ethernet: RX Checksum Offload Engine supported
[    1.750710] dwc-eth-dwmac 2490000.ethernet: TX Checksum insertion supported
[    1.757663] dwc-eth-dwmac 2490000.ethernet: Wake-Up On Lan supported
[    1.764021] dwc-eth-dwmac 2490000.ethernet: TSO supported
[    1.769416] dwc-eth-dwmac 2490000.ethernet: TSO feature enabled
[    1.775328] dwc-eth-dwmac 2490000.ethernet: Enable RX Mitigation via HW Watchdog Timer
[    1.783276] libphy: stmmac: probed
[    1.787577] VFIO - User Level meta-driver version: 0.3
[    1.793289] ehci_hcd: USB 2.0 'Enhanced' Host Controller (EHCI) Driver
[    1.799812] ehci-pci: EHCI PCI platform driver
[    1.804272] ehci-platform: EHCI generic platform driver
[    1.809555] ehci-orion: EHCI orion driver
[    1.813612] ehci-exynos: EHCI EXYNOS driver
[    1.817841] ohci_hcd: USB 1.1 'Open' Host Controller (OHCI) Driver
[    1.824039] ohci-pci: OHCI PCI platform driver
[    1.828500] ohci-platform: OHCI generic platform driver
[    1.833777] ohci-exynos: OHCI EXYNOS driver
[    1.838202] usbcore: registered new interface driver usb-storage
[    1.845525] i2c /dev entries driver
[    1.850991] max77620 0-003c: PMIC Version OTP:0x45 and ES:0x8
[    1.861394] max77620-sd0: supplied by regulator-dummy
[    1.866609] VDD_DDR_1V1_PMIC: Bringing 1125000uV into 1100000-1100000uV
[    1.875171] max77620-sd1: supplied by regulator-dummy
[    1.881589] max77620-sd2: supplied by regulator-dummy
[    1.888023] max77620-sd3: supplied by regulator-dummy
[    1.894589] max77620-ldo0: supplied by regulator-dummy
[    1.900552] max77620-ldo1: supplied by regulator-dummy
[    1.906448] max77620-ldo2: supplied by regulator-dummy
[    1.912685] max77620-ldo3: supplied by regulator-dummy
[    1.918484] max77620-ldo4: supplied by regulator-dummy
[    1.923634] VDD_RTC: Bringing 800000uV into 1000000-1000000uV
[    1.930147] max77620-ldo5: supplied by regulator-dummy
[    1.935299] VDDIO_SDMMC3_AP: Bringing 1800000uV into 2800000-2800000uV
[    1.942328] max77620-ldo6: supplied by regulator-dummy
[    1.948122] max77620-ldo7: supplied by regulator-dummy
[    1.953269] VDD_HDMI_1V05: Bringing 1000000uV into 1050000-1050000uV
[    1.960850] max77620-ldo8: supplied by regulator-dummy
[    1.966000] VDD_PEX_1V05: Bringing 1000000uV into 1050000-1050000uV
[    3.147418] max77686-rtc max77620-rtc: rtc core: registered max77620-rtc as rtc0
[    3.156752] sdhci: Secure Digital Host Controller Interface driver
[    3.162928] sdhci: Copyright(c) Pierre Ossman
[    3.167388] Synopsys Designware Multimedia Card Interface Driver
[    3.173805] sdhci-pltfm: SDHCI platform and OF driver helper
[    3.179619] sdhci-tegra 3400000.sdhci: Got CD GPIO
[    3.184417] sdhci-tegra 3400000.sdhci: Got WP GPIO
[    3.206131] mmc0: Unknown controller version (4). You may experience problems.
[    3.243930] mmc0: SDHCI controller on 3440000.sdhci [3440000.sdhci] using ADMA
[    3.260251] ledtrig-cpu: registered to indicate activity on CPUs
[    3.266783] usbcore: registered new interface driver usbhid
[    3.272352] usbhid: USB HID core driver
[    3.277288] NET: Registered protocol family 17
[    3.281774] 9pnet: Installing 9P2000 support
[    3.286053] Key type dns_resolver registered
[    3.290653] registered taskstats version 1
[    3.294748] Loading compiled-in X.509 certificates
[    3.307768] VDD_1V8_AP: supplied by VDD_1V8
[    3.312402] SD_CARD_SW_PWR: supplied by VDD_3V3_SYS
[    3.317946] pca953x 1-0074: 1-0074 supply vcc not found, using dummy regulator
[    3.327559] pca953x 1-0077: 1-0077 supply vcc not found, using dummy regulator
[    3.337385] tegra-pcie 10003000.pcie: 4x1, 1x1 configuration
[    3.343863] tegra-pcie 10003000.pcie: probing port 0, using 4 lanes
[    3.352140] tegra-pcie 10003000.pcie: Slot present pin change, signature: 00000018
[    3.753422] tegra-pcie 10003000.pcie: link 0 down, retrying
[    4.162109] tegra-pcie 10003000.pcie: link 0 down, retrying
[    4.570786] tegra-pcie 10003000.pcie: link 0 down, retrying
[    4.578360] tegra-pcie 10003000.pcie: link 0 down, ignoring
[    4.583996] tegra-pcie 10003000.pcie: PCI host bridge to bus 0000:00
[    4.590351] pci_bus 0000:00: root bus resource [io  0x0000-0xffff]
[    4.596524] pci_bus 0000:00: root bus resource [mem 0x50100000-0x57ffffff]
[    4.603390] pci_bus 0000:00: root bus resource [mem 0x58000000-0x7fffffff pref]
[    4.610689] pci_bus 0000:00: root bus resource [bus 00-ff]
[    4.616621] sdhci-tegra 3400000.sdhci: Got CD GPIO
[    4.621424] sdhci-tegra 3400000.sdhci: Got WP GPIO
[    4.634521] mmc1: Unknown controller version (4). You may experience problems.
[    4.673359] mmc1: SDHCI controller on 3400000.sdhci [3400000.sdhci] using ADMA
[    4.689597] mmc2: Unknown controller version (4). You may experience problems.
[    4.697312] mmc2: Switching to 3.3V signalling voltage failed
[    4.728545] mmc2: SDHCI controller on 3460000.sdhci [3460000.sdhci] using ADMA
[    4.737051] VDD_HDMI_5V0: supplied by VDD_5V0_SYS
[    4.742541] input: gpio-keys as /devices/platform/gpio-keys/input/input0
[    4.781834] mmc2: new high speed MMC card at address 0001
[    4.787240] max77686-rtc max77620-rtc: setting system clock to 2016-11-12 15:25:12 UTC (1478964312)
[    4.787633] mmcblk2: mmc2:0001 032G34 29.1 GiB 
[    4.787963] mmcblk2boot0: mmc2:0001 032G34 partition 1 4.00 MiB
[    4.788283] mmcblk2boot1: mmc2:0001 032G34 partition 2 4.00 MiB
[    4.788374] mmcblk2rpmb: mmc2:0001 032G34 partition 3 4.00 MiB, chardev (240:0)
[    4.794905]  mmcblk2: p1 p2 p3 p4 p5 p6 p7 p8 p9 p10 p11 p12 p13 p14 p15 p16 p17
[    4.827529] dwc-eth-dwmac 2490000.ethernet eth0: device MAC address c2:78:50:2d:1d:d7
[    4.835813] Generic PHY stmmac-0:00: attached PHY driver [Generic PHY] (mii_bus:phy_addr=stmmac-0:00, irq=POLL)
[    4.846524] dwmac4: Master AXI performs any burst length
[    4.851942] dwc-eth-dwmac 2490000.ethernet eth0: IEEE 1588-2008 Advanced Timestamp supported
[    4.860460] dwc-eth-dwmac 2490000.ethernet eth0: registered PTP clock
[    8.960651] WARNING: CPU: 4 PID: 5 at drivers/firmware/tegra/bpmp.c:360 tegra_bpmp_transfer+0x2dc/0x368
[    8.970025] Modules linked in:
[    8.973075] CPU: 4 PID: 5 Comm: kworker/u12:0 Tainted: G S               4.15.0-rc6-next-20180102-224118-ge0e9981 #1
[    8.983573] Hardware name: NVIDIA Tegra186 P2771-0000 Development Board (DT)
[    8.987812] IP-Config: Complete:
[    8.987816]      device=eth0, hwaddr=c2:78:50:2d:1d:d7, ipaddr=192.168.99.2, mask=255.255.255.0, gw=192.168.99.1
[    8.987819]      host=192.168.99.2, domain=, nis-domain=(none)
[    8.987821]      bootserver=192.168.99.1, rootserver=192.168.99.1, rootpath=
[    9.016816] Workqueue: events_power_efficient phy_state_machine
[    9.022724] pstate: 80000085 (Nzcv daIf -PAN -UAO)
[    9.027503] pc : tegra_bpmp_transfer+0x2dc/0x368
[    9.032111] lr : tegra_bpmp_clk_transfer+0x94/0xd0
[    9.036887] sp : ffff000009d63ab0
[    9.040191] x29: ffff000009d63ab0 x28: ffff8001f7808070 
[    9.045492] x27: ffff8001f7808020 x26: ffff000008fcfc58 
[    9.050793] x25: 0000000000000000 x24: 0000000000000001 
[    9.056093] x23: ffff8001f4e60878 x22: 0000000000000080 
[    9.061394] x21: ffff000009d63b58 x20: ffff000008fb9000 
[    9.066694] x19: ffff000009d63bd8 x18: 0000000000000000 
[    9.071994] x17: 0000000065f0ea68 x16: 000000004e1902be 
[    9.077294] x15: 00000000849fa2cd x14: 00000000000c8000 
[    9.082594] x13: 00000000000079e0 x12: 00000000000079e0 
[    9.087894] x11: ffffffffffffffff x10: 0000000000000005 
[    9.093193] x9 : 00000000ffffffff x8 : ffff8001fffc7be0 
[    9.098493] x7 : ffff00000bce0000 x6 : ffff000009d63b68 
[    9.103792] x5 : ffffffffffffffd0 x4 : 0000000000000010 
[    9.109091] x3 : ffff000009d63bc0 x2 : 0000000000000080 
[    9.114391] x1 : ffff000009d63b68 x0 : ffff8001f6589a18 
[    9.119690] Call trace:
[    9.122130]  tegra_bpmp_transfer+0x2dc/0x368
[    9.126389]  tegra_bpmp_clk_transfer+0x94/0xd0
[    9.130820]  tegra_bpmp_clk_round_rate+0x70/0xa4
[    9.135427]  clk_core_determine_round_nolock+0x58/0xa0
[    9.140551]  clk_core_round_rate_nolock+0x34/0x90
[    9.145244]  clk_core_set_rate_nolock+0x5c/0x1c0
[    9.149849]  clk_set_rate+0x30/0x8c
[    9.153330]  tegra_eqos_fix_speed+0x1ac/0x250
[    9.157678]  stmmac_adjust_link+0x1fc/0x230
[    9.161851]  phy_link_change+0x54/0x60
[    9.165589]  phy_state_machine+0x300/0x430
[    9.169676]  process_one_work+0x124/0x290
[    9.173674]  worker_thread+0x13c/0x3f8
[    9.177414]  kthread+0xfc/0x128
[    9.180548]  ret_from_fork+0x10/0x18
[    9.184111] ---[ end trace 9c921ee2b432f480 ]---
[    9.188734] WARNING: CPU: 4 PID: 5 at drivers/firmware/tegra/bpmp.c:360 tegra_bpmp_transfer+0x2dc/0x368
[    9.198103] Modules linked in:
[    9.201150] CPU: 4 PID: 5 Comm: kworker/u12:0 Tainted: G S      W        4.15.0-rc6-next-20180102-224118-ge0e9981 #1
[    9.211647] Hardware name: NVIDIA Tegra186 P2771-0000 Development Board (DT)
[    9.218680] Workqueue: events_power_efficient phy_state_machine
[    9.224587] pstate: 80000085 (Nzcv daIf -PAN -UAO)
[    9.229364] pc : tegra_bpmp_transfer+0x2dc/0x368
[    9.233968] lr : tegra_bpmp_clk_transfer+0x94/0xd0
[    9.238745] sp : ffff000009d63a40
[    9.242049] x29: ffff000009d63a40 x28: ffff8001f7808070 
[    9.247349] x27: ffff8001f7808020 x26: ffff000008fcfc58 
[    9.252650] x25: 0000000000000000 x24: 0000000000000001 
[    9.257950] x23: 00000000ffffffff x22: 0000000000000080 
[    9.263250] x21: ffff000009d63ae8 x20: ffff000008fb9000 
[    9.268550] x19: ffff000009d63b68 x18: 0000000000000000 
[    9.273851] x17: 0000000065f0ea68 x16: 000000004e1902be 
[    9.279151] x15: 00000000849fa2cd x14: 00000000000c8000 
[    9.284451] x13: 00000000000079e0 x12: 00000000000079e0 
[    9.289751] x11: ffffffffffffffff x10: 0000000000000005 
[    9.295051] x9 : 00000000ffffffff x8 : ffff8001fffc7be0 
[    9.300352] x7 : ffff00000bce0000 x6 : ffff000009d63af8 
[    9.305652] x5 : ffffffffffffffd0 x4 : 0000000000000010 
[    9.310951] x3 : ffff000009d63b50 x2 : 0000000000000080 
[    9.316250] x1 : ffff000009d63af8 x0 : ffff8001f6589a18 
[    9.321549] Call trace:
[    9.323987]  tegra_bpmp_transfer+0x2dc/0x368
[    9.328245]  tegra_bpmp_clk_transfer+0x94/0xd0
[    9.332676]  tegra_bpmp_clk_round_rate+0x70/0xa4
[    9.337281]  clk_core_determine_round_nolock+0x58/0xa0
[    9.342405]  clk_calc_new_rates+0x88/0x1d8
[    9.346490]  clk_core_set_rate_nolock+0xac/0x1c0
[    9.351094]  clk_set_rate+0x30/0x8c
[    9.354573]  tegra_eqos_fix_speed+0x1ac/0x250
[    9.358917]  stmmac_adjust_link+0x1fc/0x230
[    9.363088]  phy_link_change+0x54/0x60
[    9.366826]  phy_state_machine+0x300/0x430
[    9.370910]  process_one_work+0x124/0x290
[    9.374907]  worker_thread+0x13c/0x3f8
[    9.378644]  kthread+0xfc/0x128
[    9.381774]  ret_from_fork+0x10/0x18
[    9.385338] ---[ end trace 9c921ee2b432f481 ]---
[    9.389947] dwc-eth-dwmac 2490000.ethernet: failed to set TX rate: -22
[    9.396462] dwc-eth-dwmac 2490000.ethernet eth0: Link is Up - 1Gbps/Full - flow control rx/tx
[    9.408431] VDD_RTC: disabling
[    9.411480] VDDIO_SDMMC3_AP: disabling
[    9.415385] SD_CARD_SW_PWR: disabling
[    9.419048] VDD_HDMI_5V0: disabling
[    9.422536] ALSA device list:
[    9.425501]   No soundcards found.
[    9.429442] Freeing unused kernel memory: 1152K
/init: line 58: chmod: command not found
[ 15:25:17 ] L4T-INITRD Build DATE: Sat Nov 12 15:25:17 UTC 2016
[ 15:25:17 ] Root device found: nfs
[ 15:25:17 ] Ethernet interfaces: eth0
[ 15:25:17 ] IP Address: 192.168.99.2
[ 15:25:17 ] Rootfs mounted over nfs
[ 15:25:17 ] Switching from initrd to actual rootfs
[    9.749037] systemd[1]: systemd 229 running in system mode. (+PAM +AUDIT +SELINUX +IMA +APPARMOR +SMACK +SYSVINIT +UTMP +LIBCRYPTSETUP +GCRYPT +GNUTLS +ACL +XZ -LZ4 +SECCOMP +BLKID +ELFUTILS +KMOD -IDN)
[    9.767328] systemd[1]: Detected architecture arm64.

Welcome to [1mUbuntu 16.04 LTS[0m!

[    9.789294] systemd[1]: Set hostname to <tegra-ubuntu>.
[   10.918880] systemd[1]: Started Dispatch Password Requests to Console Directory Watch.
[[0;32m  OK  [0m] Started Dispatch Password Requests to Console Directory Watch.
[   10.940210] systemd[1]: Created slice System Slice.
[[0;32m  OK  [0m] Created slice System Slice.
[   10.955956] systemd[1]: Listening on Syslog Socket.
[[0;32m  OK  [0m] Listening on Syslog Socket.
[   10.972046] systemd[1]: Created slice system-serial\x2dgetty.slice.
[[0;32m  OK  [0m] Created slice system-serial\x2dgetty.slice.
[   10.991984] systemd[1]: Listening on Journal Audit Socket.
[[0;32m  OK  [0m] Listening on Journal Audit Socket.
[   11.007900] systemd[1]: Listening on udev Kernel Socket.
[[0;32m  OK  [0m] Listening on udev Kernel Socket.
[   11.023911] systemd[1]: Listening on udev Control Socket.
[[0;32m  OK  [0m] Listening on udev Control Socket.
[[0;32m  OK  [0m] Listening on Journal Socket (/dev/log).
[[0;32m  OK  [0m] Reached target Swap.
[[0;32m  OK  [0m] Reached target Encrypted Volumes.
[[0;32m  OK  [0m] Created slice User and Session Slice.
[[0;32m  OK  [0m] Reached target Slices.
[[0;32m  OK  [0m] Listening on Journal Socket.
         Starting Load Kernel Modules...
         Starting Journal Service...
         Mounting RPC Pipe File System...
         Starting Remount Root and Kernel File Systems...
         Mounting Huge Pages File System...
         Starting Create Static Device Nodes in /dev...
         Mounting Debug File System...
         Mounting POSIX Message Queue File System...
[[0;32m  OK  [0m] Created slice system-getty.slice.
[[0;32m  OK  [0m] Listening on /dev/initctl Compatibility Named Pipe.
[[0;32m  OK  [0m] Started Forward Password Requests to Wall Directory Watch.
[[0;32m  OK  [0m] Reached target Paths.
[[0;32m  OK  [0m] Mounted Debug File System.
[[0;32m  OK  [0m] Mounted POSIX Message Queue File System.
[[0;32m  OK  [0m] Mounted Huge Pages File System.
[[0;32m  OK  [0m] Mounted RPC Pipe File System.
[[0;32m  OK  [0m] Started Load Kernel Modules.
[[0;32m  OK  [0m] Started Remount Root and Kernel File Systems.
[[0;32m  OK  [0m] Started Journal Service.
         Starting Load/Save Random Seed...
         Starting udev Coldplug all Devices...
         Starting Flush Journal to Persistent Storage...
         Starting Apply Kernel Variables...
         Mounting Configuration File System...
[[0;32m  OK  [0m] Started Create Static Device Nodes in /dev.
[[0;32m  OK  [0m] Reached target Local File Systems (Pre).
[[0;32m  OK  [0m] Reached target Local File Systems.
         Starting Preprocess NFS configuration...
         Starting Set console keymap...
         Starting udev Kernel Device Manager...
[[0;32m  OK  [0m] Mounted Configuration File System.
[[0;32m  OK  [0m] Started Load/Save Random Seed.
[[0;32m  OK  [0m] Started Apply Kernel Variables.
[[0;1;31mFAILED[0m] Failed to start Set console keymap.
See 'systemctl status console-setup.service' for details.
[[0;32m  OK  [0m] Started Preprocess NFS configuration.
[   12.202155] systemd-journald[1496]: Received request to flush runtime journal from PID 1
[[0;32m  OK  [0m] Reached target NFS client services.
[[0;32m  OK  [0m] Reached target Remote File Systems (Pre).
[[0;32m  OK  [0m] Reached target Remote File Systems.
         Starting Raise network interfaces...
[[0;32m  OK  [0m] Started Flush Journal to Persistent Storage.
         Starting Create Volatile Files and Directories...
[[0;32m  OK  [0m] Started udev Coldplug all Devices.
[[0;32m  OK  [0m] Started udev Kernel Device Manager.
[   12.980769] systemd-udevd[2476]: unhandled level 0 translation fault (11) at 0x00000000, esr 0x92000044, in libc-2.23.so[ffffa2c60000+12d000]
[   12.993480] CPU: 5 PID: 2476 Comm: systemd-udevd Tainted: G S      W        4.15.0-rc6-next-20180102-224118-ge0e9981 #1
[   13.004299] Hardware name: NVIDIA Tegra186 P2771-0000 Development Board (DT)
[   13.011355] pstate: 80000000 (Nzcv daif -PAN -UAO)
[   13.016153] pc : 0xffffa2ca3904
[   13.019286] lr : 0xffffa2ccabe8
[   13.022432] sp : 0000ffffd4864ed0
[   13.025751] x29: 0000ffffd4864ed0 x28: 000000000000000e 
[   13.031069] x27: 0000aaaaf7473960 x26: 0000ffffd48650e0 
[   13.036388] x25: 0000ffffd48650f0 x24: 0000aaaae423d000 
[   13.041703] x23: 0000aaaae423e000 x22: 0000000000000001 
[   13.047017] x21: 0000aaaaf744e430 x20: 0000aaaae4204d80 
[   13.052330] x19: 0000aaaaf744e430 x18: 0000ffffd485ff48 
[   13.057644] x17: 0000ffffa2cd2268 x16: 0000ffffa2da0008 
[   13.062958] x15: 0000000000000008 x14: 0000aa00010100ff 
[   13.068271] x13: ffffffff00000000 x12: 0101010101010101 
[   13.073669] x11: 7f7f7f7f7f7f7f7f x10: fefefefefeff0310 
[   13.078992] x9 : 7f7f7f7f7f7f7f7f x8 : 0000000000000038 
[   13.084308] x7 : 0000aaaae4204d86 x6 : 0000aaaae4204d82 
[   13.089621] x5 : 0000000000080000 x4 : 0000000000000008 
[   13.094938] x3 : 0000000000000000 x2 : 0000ffffa2eb46f0 
[   13.100255] x1 : 0000000000000030 x0 : 0000000000000000 
[[0;32m  OK  [0m] Started Create Volatile Files and Directories.
         Starting Update UTMP about System Boot/Shutdown...
[[0;32m  OK  [0m] Reached target System Time Synchronized.
[[0;32m  OK  [0m] Started Update UTMP about System Boot/Shutdown.
[[0;32m  OK  [0m] Reached target System Initialization.
[[0;32m  OK  [0m] Listening on RPCbind Server Activation Socket.
[[0;32m  OK  [0m] Started Daily apt activities.
[[0;32m  OK  [0m] Listening on D-Bus System Message Bus Socket.
[[0;32m  OK  [0m] Reached target Sockets.
[[0;32m  OK  [0m] Reached target Basic System.
         Starting System Logging Service...
         Starting Login Service...
[[0;32m  OK  [0m] Started Regular background program processing daemon.
[[0;32m  OK  [0m] Started Daily Cleanup of Temporary Directories.
[[0;32m  OK  [0m] Reached target Timers.
         Starting LSB: Set the CPU Frequency Scaling governor to "ondemand"...
         Starting Permit User Sessions...
[[0;32m  OK  [0m] Started D-Bus System Message Bus.
