
U-Boot SPL 2014.01-00219-gc4d376f (Feb 18 2014 - 19:57:32)


U-Boot 2014.01-00219-gc4d376f (Feb 18 2014 - 19:57:32)

TEGRA114
Board: NVIDIA Dalmore
I2C:   ready
DRAM:  2 GiB
MMC:   Tegra SD/MMC: 0, Tegra SD/MMC: 1
In:    serial
Out:   serial
Err:   serial
Net:   Net Initialization Skipped
No ethernet found.
Hit any key to stop autoboot:  2  0 
Tegra114 (Dalmore) # 
Tegra114 (Dalmore) # usb reset
(Re)start USB...
USB0:   USB EHCI 1.10
scanning bus 0 for devices... 2 USB Device(s) found
       scanning usb for storage devices... 0 Storage Device(s) found
       scanning usb for ethernet devices... 
Warning: asx0 using MAC address from net device
1 Ethernet Device(s) found
Tegra114 (Dalmore) # setenv bootargs 'ignore_loglevel console=ttyS0,115200n8 rw root=PARTUUID=7369c667-ff51-ec4a-29cd-baabf2fbe346 rootwait gpt debug earlyprintk init=/bin/bash'
Tegra114 (Dalmore) # setenv ipaddr 192.168.100.100; setenv serverip 192.168.100.1; setenv tftpserverip 192.168.100.1
Tegra114 (Dalmore) # tftpboot 0x81000000 zImage.multi_v7_defconfig
Using asx0 device
TFTP from server 192.168.100.1; our IP address is 192.168.100.100
Filename 'zImage.multi_v7_defconfig'.
Load address: 0x81000000
Loading: *#################################################################
	 #################################################################
	 #################################################################
	 #################################################################
	 #################################################################
	 #################################################################
	 #################################################################
	 ########################################
	 3.2 MiB/s
done
Bytes transferred = 7258552 (6ec1b8 hex)
Tegra114 (Dalmore) # tftpboot 0x82000000 tegra114-dalmore.dtb
Using asx0 device
TFTP from server 192.168.100.1; our IP address is 192.168.100.100
Filename 'tegra114-dalmore.dtb'.
Load address: 0x82000000
Loading: *###
	 3 MiB/s
done
Bytes transferred = 34956 (888c hex)
Tegra114 (Dalmore) # bootz 0x81000000 - 0x82000000
Kernel image @ 0x81000000 [ 0x000000 - 0x6ec1b8 ]
## Flattened Device Tree blob at 82000000
   Booting using the fdt blob at 0x82000000
   Loading Device Tree to 8fff4000, end 8ffff88b ... OK

Starting kernel ...

[    0.000000] Booting Linux on physical CPU 0x0
[    0.000000] Linux version 4.7.0-rc3-next-20160614-99479-g81e615f (pwalmsley@sellafield) (gcc version 4.7.3 20130328 (prerelease) (crosstool-NG linaro-1.13.1-4.7-2013.04-20130415 - Linaro GCC 2013.04) ) #1 SMP Tue Jun 14 00:34:33 PDT 2016
[    0.000000] CPU: ARMv7 Processor [412fc0f2] revision 2 (ARMv7), cr=10c5387d
[    0.000000] CPU: div instructions available: patching division code
[    0.000000] CPU: PIPT / VIPT nonaliasing data cache, PIPT instruction cache
[    0.000000] Machine model: NVIDIA Tegra114 Dalmore evaluation board
[    0.000000] debug: ignoring loglevel setting.
[    0.000000] cma: Reserved 64 MiB at 0xfb800000
[    0.000000] Memory policy: Data cache writealloc
[    0.000000] On node 0 totalpages: 524032
[    0.000000] free_area_init_node: node 0, pgdat c141ba00, node_mem_map eeffa000
[    0.000000]   DMA zone: 1536 pages used for memmap
[    0.000000]   DMA zone: 0 pages reserved
[    0.000000]   DMA zone: 196608 pages, LIFO batch:31
[    0.000000]   HighMem zone: 327424 pages, LIFO batch:31
[    0.000000] percpu: Embedded 13 pages/cpu @eefa1000 s23808 r8192 d21248 u53248
[    0.000000] pcpu-alloc: s23808 r8192 d21248 u53248 alloc=13*4096
[    0.000000] pcpu-alloc: [0] 0 [0] 1 [0] 2 [0] 3 
[    0.000000] Built 1 zonelists in Zone order, mobility grouping on.  Total pages: 522496
[    0.000000] Kernel command line: ignore_loglevel console=ttyS0,115200n8 rw root=PARTUUID=7369c667-ff51-ec4a-29cd-baabf2fbe346 rootwait gpt debug earlyprintk init=/bin/bash
[    0.000000] PID hash table entries: 4096 (order: 2, 16384 bytes)
[    0.000000] Dentry cache hash table entries: 131072 (order: 7, 524288 bytes)
[    0.000000] Inode-cache hash table entries: 65536 (order: 6, 262144 bytes)
[    0.000000] Memory: 1995124K/2096128K available (9529K kernel code, 1142K rwdata, 4500K rodata, 2048K init, 342K bss, 35468K reserved, 65536K cma-reserved, 1244160K highmem)
[    0.000000] Virtual kernel memory layout:
[    0.000000]     vector  : 0xffff0000 - 0xffff1000   (   4 kB)
[    0.000000]     fixmap  : 0xffc00000 - 0xfff00000   (3072 kB)
[    0.000000]     vmalloc : 0xf0800000 - 0xff800000   ( 240 MB)
[    0.000000]     lowmem  : 0xc0000000 - 0xf0000000   ( 768 MB)
[    0.000000]     pkmap   : 0xbfe00000 - 0xc0000000   (   2 MB)
[    0.000000]     modules : 0xbf000000 - 0xbfe00000   (  14 MB)
[    0.000000]       .text : 0xc0208000 - 0xc10b36e0   (15022 kB)
[    0.000000]       .init : 0xc1100000 - 0xc1300000   (2048 kB)
[    0.000000]       .data : 0xc1300000 - 0xc141da60   (1143 kB)
[    0.000000]        .bss : 0xc141f000 - 0xc14748e0   ( 343 kB)
[    0.000000] SLUB: HWalign=64, Order=0-3, MinObjects=0, CPUs=4, Nodes=1
[    0.000000] Hierarchical RCU implementation.
[    0.000000] 	Build-time adjustment of leaf fanout to 32.
[    0.000000] 	RCU restricting CPUs from NR_CPUS=16 to nr_cpu_ids=4.
[    0.000000] RCU: Adjusting geometry for rcu_fanout_leaf=32, nr_cpu_ids=4
[    0.000000] NR_IRQS:16 nr_irqs:16 16
[    0.000000] /interrupt-controller@60004000: 160 interrupts forwarded to /interrupt-controller@50041000
[    0.000000] Tegra clk 127: register failed with -17
[    0.000008] sched_clock: 32 bits at 1000kHz, resolution 1000ns, wraps every 2147483647500ns
[    0.000029] clocksource: timer_us: mask: 0xffffffff max_cycles: 0xffffffff, max_idle_ns: 1911260446275 ns
[    0.000043] Switching to timer-based delay loop, resolution 1000ns
[    0.003148] Architected cp15 timer(s) running at 12.00MHz (virt).
[    0.003166] clocksource: arch_sys_counter: mask: 0xffffffffffffff max_cycles: 0x2c47f4ee7, max_idle_ns: 440795202497 ns
[    0.003183] sched_clock: 56 bits at 12MHz, resolution 83ns, wraps every 4398046511096ns
[    0.003197] Switching to timer-based delay loop, resolution 83ns
[    0.003631] Console: colour dummy device 80x30
[    0.003658] Calibrating delay loop (skipped), value calculated using timer frequency.. 24.00 BogoMIPS (lpj=60000)
[    0.003672] pid_max: default: 32768 minimum: 301
[    0.004064] Mount-cache hash table entries: 2048 (order: 1, 8192 bytes)
[    0.004076] Mountpoint-cache hash table entries: 2048 (order: 1, 8192 bytes)
[    0.005689] CPU: Testing write buffer coherency: ok
[    0.006126] /cpus/cpu@0 missing clock-frequency property
[    0.006155] /cpus/cpu@1 missing clock-frequency property
[    0.006184] /cpus/cpu@2 missing clock-frequency property
[    0.006214] /cpus/cpu@3 missing clock-frequency property
[    0.006226] CPU0: thread -1, cpu 0, socket 0, mpidr 80000000
[    0.006256] Setting up static identity map for 0x80300000 - 0x80300098
[    0.009497] Tegra Revision: A01 SKU: 0 CPU Process: 1 SoC Process: 0
[    0.011220] CPU1: thread -1, cpu 1, socket 0, mpidr 80000001
[    0.012177] CPU2: thread -1, cpu 2, socket 0, mpidr 80000002
[    0.013084] CPU3: thread -1, cpu 3, socket 0, mpidr 80000003
[    0.013169] Brought up 4 CPUs
[    0.013189] SMP: Total of 4 processors activated (96.00 BogoMIPS).
[    0.013197] CPU: All CPU(s) started in SVC mode.
[    0.015077] devtmpfs: initialized
[    0.048928] VFP support v0.3: implementor 41 architecture 4 part 30 variant f rev 0
[    0.049615] clocksource: jiffies: mask: 0xffffffff max_cycles: 0xffffffff, max_idle_ns: 9556302231375000 ns
[    0.051110] pinctrl core: initialized pinctrl subsystem
[    0.054645] NET: Registered protocol family 16
[    0.056716] DMA: preallocated 256 KiB pool for atomic coherent allocations
[    0.073248] cpuidle: using governor menu
[    0.100949] No ATAGs?
[    0.100978] hw-breakpoint: found 5 (+1 reserved) breakpoint and 4 watchpoint registers.
[    0.100988] hw-breakpoint: maximum watchpoint size is 8 bytes.
[    0.108642] Serial: AMBA PL011 UART driver
[    0.110470] tegra-mc 70019000.memory-controller: no memory timings for RAM code 3 registered
[    0.160644] dvdd_ts: Failed to request enable GPIO61: -517
[    0.160664] reg-fixed-voltage regulators:regulator@1: Failed to register regulator: -517
[    0.160842] usb1_vbus: Failed to request enable GPIO108: -517
[    0.160859] reg-fixed-voltage regulators:regulator@3: Failed to register regulator: -517
[    0.161035] usb2_vbus: Failed to request enable GPIO86: -517
[    0.161051] reg-fixed-voltage regulators:regulator@4: Failed to register regulator: -517
[    0.161995] VDD_5V0_HDMI_CON: Failed to request enable GPIO81: -517
[    0.162013] reg-fixed-voltage regulators:regulator@7: Failed to register regulator: -517
[    0.166314] vgaarb: loaded
[    0.169253] SCSI subsystem initialized
[    0.169514] libata version 3.00 loaded.
[    0.170398] usbcore: registered new interface driver usbfs
[    0.170588] usbcore: registered new interface driver hub
[    0.170723] usbcore: registered new device driver usb
[    0.177924] tps65090 2-0048: No cache defaults, reading back from HW
[    0.180429] TPS65090_RAILSDCDC1: supplied by vdd_ac_bat
[    0.181349] vdd_hdmi_5v0: supplied by vdd-sys-5v0
[    0.182215] TPS65090_RAILSDCDC2: supplied by vdd_ac_bat
[    0.183642] TPS65090_RAILSDCDC3: supplied by vdd_ac_bat
[    0.184532] TPS65090_RAILSFET1: supplied by vdd_ac_bat
[    0.185328] TPS65090_RAILSFET2: supplied by vdd_ac_bat
[    0.186010] TPS65090_RAILSFET3: supplied by vdd-sys-3v3
[    0.186941] TPS65090_RAILSFET4: supplied by vdd-sys-3v3
[    0.187796] TPS65090_RAILSFET5: supplied by vdd-sys-3v3
[    0.188697] TPS65090_RAILSFET6: supplied by vdd-sys-3v3
[    0.189928] TPS65090_RAILSFET7: supplied by vdd-sys-3v3
[    0.190855] TPS65090_RAILSLDO1: supplied by vdd_ac_bat
[    0.191411] TPS65090_RAILSLDO2: supplied by vdd_ac_bat
[    0.193043] genirq: Setting trigger mode 8 for irq 341 failed (irq_chip_set_type_parent+0x0/0x28)
[    0.193068] palmas 2-0058: Irq flag is 0x00000000
[    0.197007] palmas 2-0058: Muxing GPIO ff, PWM 0, LED 0
[    0.200780] SMPS12: supplied by vdd-ao
[    0.202846] SMPS3: supplied by vdd-ao
[    0.204998] SMPS457: supplied by vdd-sys-3v3
[    0.208711] SMPS8: supplied by vdd-sys-3v3
[    0.210703] SMPS9: supplied by vdd-sys-3v3
[    0.211261] sdhci-vdd-sd-slot: Bringing 2840000uV into 2800000-2800000uV
[    0.211993] sdhci-vdd-sd-slot: ramp_delay not set
[    0.215107] LDO1: supplied by vdd-sys-3v3
[    0.216709] LDO2: supplied by vdd-sys-3v3
[    0.218266] LDO3: supplied by vddio-1v8
[    0.219915] LDO4: supplied by vdd-sys-3v3
[    0.221483] LDO5: supplied by vdd_ac_bat
[    0.222667] LDO6: supplied by vdd-sys-3v3
[    0.223244] vdd-sensor-2v85: Bringing 2900000uV into 2850000-2850000uV
[    0.224900] LDO7: supplied by vdd-sys-3v3
[    0.226967] LDO8: supplied by vdd-ao
[    0.227553] vdd-rtc: Bringing 675000uV into 900000-900000uV
[    0.229819] LDO9: supplied by sdhci-vdd-sd-slot
[    0.235096] LDOLN: supplied by vdd-sys-5v0
[    0.236760] LDOUSB: supplied by vdd-sys-5v0
[    0.245030] pps_core: LinuxPPS API ver. 1 registered
[    0.245039] pps_core: Software ver. 5.3.6 - Copyright 2005-2007 Rodolfo Giometti <giometti@linux.it>
[    0.245092] PTP clock support registered
[    0.245382] EDAC MC: Ver: 3.0.0
[    0.250615] clocksource: Switched to clocksource arch_sys_counter
[    0.278358] NET: Registered protocol family 2
[    0.279419] TCP established hash table entries: 8192 (order: 3, 32768 bytes)
[    0.279521] TCP bind hash table entries: 8192 (order: 4, 65536 bytes)
[    0.279708] TCP: Hash tables configured (established 8192 bind 8192)
[    0.279780] UDP hash table entries: 512 (order: 2, 16384 bytes)
[    0.279822] UDP-Lite hash table entries: 512 (order: 2, 16384 bytes)
[    0.280201] NET: Registered protocol family 1
[    0.280830] RPC: Registered named UNIX socket transport module.
[    0.280840] RPC: Registered udp transport module.
[    0.280848] RPC: Registered tcp transport module.
[    0.280855] RPC: Registered tcp NFSv4.1 backchannel transport module.
[    0.280867] PCI: CLS 0 bytes, default 64
[    0.285052] futex hash table entries: 1024 (order: 4, 65536 bytes)
[    0.286165] workingset: timestamp_bits=28 max_order=19 bucket_order=0
[    0.337518] squashfs: version 4.0 (2009/01/31) Phillip Lougher
[    0.342054] NFS: Registering the id_resolver key type
[    0.342113] Key type id_resolver registered
[    0.342122] Key type id_legacy registered
[    0.342200] ntfs: driver 2.1.32 [Flags: R/O].
[    0.346279] bounce: pool size: 64 pages
[    0.346852] Block layer SCSI generic (bsg) driver version 0.4 loaded (major 248)
[    0.346863] io scheduler noop registered
[    0.346872] io scheduler deadline registered
[    0.347914] io scheduler cfq registered (default)
[    0.356047] libphy: mdio_driver_register: phy-bcm-ns2-pci
[    0.399119] tegra-apbdma 6000a000.dma: Tegra20 APB DMA driver register 32 channels
[    0.401652] tegra-pmc 7000e400.pmc: i2c-thermtrip node not found, emergency thermal reset disabled.
[    0.558264] Serial: 8250/16550 driver, 4 ports, IRQ sharing disabled
[    0.563839] console [ttyS0] disabled
[    0.563883] 70006300.serial: ttyS0 at MMIO 0x70006300 (irq = 329, base_baud = 25500000) is a Tegra
[    1.532562] console [ttyS0] enabled
[    1.537512] SuperH (H)SCI(F) driver initialized
[    1.543627] msm_serial: driver initialized
[    1.548072] STMicroelectronics ASC driver initialized
[    1.559763] [drm] Initialized drm 1.1.0 20060810
[    1.569381] tegra-hdmi 54280000.hdmi: failed to get HDMI regulator
[    1.612436] brd: module loaded
[    1.634648] loop: module loaded
[    1.660181] m25p80 spi32766.0: w25q32dw (4096 Kbytes)
[    1.673832] libphy: Fixed MDIO Bus: probed
[    1.680010] CAN device driver interface
[    1.686512] igb: Intel(R) Gigabit Ethernet Network Driver - version 5.3.0-k
[    1.693480] igb: Copyright (c) 2007-2014 Intel Corporation.
[    1.703761] pegasus: v0.9.3 (2013/04/25), Pegasus/Pegasus II USB Ethernet driver
[    1.711298] usbcore: registered new interface driver pegasus
[    1.717206] usbcore: registered new interface driver asix
[    1.722760] usbcore: registered new interface driver ax88179_178a
[    1.728997] usbcore: registered new interface driver cdc_ether
[    1.735036] usbcore: registered new interface driver smsc75xx
[    1.740981] usbcore: registered new interface driver smsc95xx
[    1.746885] usbcore: registered new interface driver net1080
[    1.752692] usbcore: registered new interface driver cdc_subset
[    1.758748] usbcore: registered new interface driver zaurus
[    1.764521] usbcore: registered new interface driver cdc_ncm
[    1.774971] ehci_hcd: USB 2.0 'Enhanced' Host Controller (EHCI) Driver
[    1.781508] ehci-pci: EHCI PCI platform driver
[    1.786115] ehci-platform: EHCI generic platform driver
[    1.791618] ehci-omap: OMAP-EHCI Host Controller driver
[    1.797058] ehci-orion: EHCI orion driver
[    1.801279] SPEAr-ehci: EHCI SPEAr driver
[    1.805478] ehci-st: EHCI STMicroelectronics driver
[    1.810557] ehci-exynos: EHCI EXYNOS driver
[    1.814957] ehci-atmel: EHCI Atmel driver
[    1.819160] tegra-ehci: Tegra EHCI driver
[    1.823672] ohci_hcd: USB 1.1 'Open' Host Controller (OHCI) Driver
[    1.829881] ohci-pci: OHCI PCI platform driver
[    1.834482] ohci-platform: OHCI generic platform driver
[    1.839944] ohci-omap3: OHCI OMAP3 driver
[    1.844164] SPEAr-ohci: OHCI SPEAr driver
[    1.848382] ohci-st: OHCI STMicroelectronics driver
[    1.853462] ohci-atmel: OHCI Atmel driver
[    1.858640] usbcore: registered new interface driver usb-storage
[    1.867273] mousedev: PS/2 mouse device common for all mice
[    1.879333] palmas-rtc 7000d000.i2c:tps65913@58:rtc: rtc core: registered 7000d000.i2c:tps659 as rtc0
[    1.891188] tegra_rtc 7000e000.rtc: rtc core: registered 7000e000.rtc as rtc1
[    1.898419] tegra_rtc 7000e000.rtc: Tegra internal Real Time Clock
[    1.905329] i2c /dev entries driver
[    1.914677] sbs-battery 0-000b: sbs_probe: Failed to get device status
[    1.921242] sbs-battery: probe of 0-000b failed with error -121
[    1.943850] sdhci: Secure Digital Host Controller Interface driver
[    1.950044] sdhci: Copyright(c) Pierre Ossman
[    1.956536] Synopsys Designware Multimedia Card Interface Driver
[    1.964099] sdhci-pltfm: SDHCI platform and OF driver helper
[    1.970877] sdhci-tegra 78000400.sdhci: Got CD GPIO
[    1.975800] sdhci-tegra 78000400.sdhci: Got WP GPIO
[    1.981966] mmc0: Invalid maximum block size, assuming 512 bytes
[    2.020862] mmc0: SDHCI controller on 78000400.sdhci [78000400.sdhci] using ADMA
[    2.028776] mmc1: Invalid maximum block size, assuming 512 bytes
[    2.070636] mmc1: SDHCI controller on 78000600.sdhci [78000600.sdhci] using ADMA
[    2.080184] ledtrig-cpu: registered to indicate activity on CPUs
[    2.086859] usbcore: registered new interface driver usbhid
[    2.092443] usbhid: USB HID core driver
[    2.106886] NET: Registered protocol family 10
[    2.114388] sit: IPv6 over IPv4 tunneling driver
[    2.120742] NET: Registered protocol family 17
[    2.125198] can: controller area network core (rev 20120528 abi 9)
[    2.132101] NET: Registered protocol family 29
[    2.136560] can: raw protocol (rev 20120528)
[    2.140844] can: broadcast manager protocol (rev 20120528 t)
[    2.146531] can: netlink gateway (rev 20130117) max_hops=1
[    2.152984] Key type dns_resolver registered
[    2.158937] ThumbEE CPU extension supported.
[    2.163241] Registering SWP/SWPB emulation handler
[    2.172648] usb1_vbus: supplied by vdd-sys-5v0
[    2.179217] usb2_vbus: supplied by vdd-sys-5v0
[    2.192640] VDD_5V0_HDMI_CON: supplied by vdd-sys-5v0
[    2.193667] mmc0: new high speed SDHC card at address aaaa
[    2.196094] mmcblk0: mmc0:aaaa SL16G 14.8 GiB 
[    2.218955]  mmcblk0: p1 p2 p3
[    2.219674] [drm] Supports vblank timestamp caching Rev 2 (21.10.2013).
[    2.219677] [drm] No driver support for vblank timestamp query.
[    2.254924] mmc1: new high speed MMC card at address 0001
[    2.256791] mmcblk1: mmc1:0001 SEM32G 29.1 GiB 
[    2.257612] mmcblk1boot0: mmc1:0001 SEM32G partition 1 4.00 MiB
[    2.258582] mmcblk1boot1: mmc1:0001 SEM32G partition 2 4.00 MiB
[    2.259348] mmcblk1rpmb: mmc1:0001 SEM32G partition 3 4.00 MiB
[    2.264856]  mmcblk1: p1 p2 p3 p4 p5 p6 p7 p8
[    2.283019] Console: switching to colour frame buffer device 240x75
[    2.342770] drm drm: fb0:  frame buffer device
[    2.360763] [drm] Initialized tegra 0.0.0 20120330 on minor 0
[    2.372195] tegra-ehci 7d008000.usb: EHCI Host Controller
[    2.377704] tegra-ehci 7d008000.usb: new USB bus registered, assigned bus number 1
[    2.385865] tegra-ehci 7d008000.usb: irq 339, io mem 0x7d008000
[    2.400744] tegra-ehci 7d008000.usb: USB 2.0 started, EHCI 1.10
[    2.409184] hub 1-0:1.0: USB hub found
[    2.413112] hub 1-0:1.0: 1 port detected
[    2.421325] input: gpio-keys as /devices/soc0/gpio-keys/input/input0
[    2.430885] palmas-rtc 7000d000.i2c:tps65913@58:rtc: setting system clock to 2000-04-07 18:55:22 UTC (955133722)
[    2.469672] dvdd_ts: disabling
[    2.472775] usb1_vbus: disabling
[    2.476015] vdd_cam_1v8_reg: disabling
[    2.482064] EXT4-fs (mmcblk1p1): mounting ext3 file system using the ext4 subsystem
[    2.567506] EXT4-fs (mmcblk1p1): recovery complete
[    2.573790] EXT4-fs (mmcblk1p1): mounted filesystem with ordered data mode. Opts: (null)
[    2.581994] VFS: Mounted root (ext3 filesystem) on device 179:17.
[    2.591330] devtmpfs: mounted
[    2.596234] Freeing unused kernel memory: 2048K (c1100000 - c1300000)
bash: cannot set terminal process group (-1): Inappropriate ioctl for device
bash: no job control in this shell[    2.725728] usb 1-1: new high-speed USB device number 2 using tegra-ehci

root@(none):/# 