
U-Boot SPL 2016.05-rc2 (Apr 21 2016 - 16:23:00)
Trying to boot from RAM


U-Boot 2016.05-rc2 (Apr 21 2016 - 16:23:00 -0700)

TEGRA124
Model: NVIDIA Jetson TK1
Board: NVIDIA Jetson TK1
DRAM:  2 GiB
MC:   Tegra SD/MMC: 0, Tegra SD/MMC: 1
In:    serial
Out:   serial
Err:   serial
Net:   No ethernet found.
Hit any key to stop autoboot:  2  0 
Tegra124 (Jetson TK1) # 
Tegra124 (Jetson TK1) # pci enum
Tegra124 (Jetson TK1) # setenv bootargs 'ignore_loglevel console=ttyS0,115200n8 rw root=PARTUUID=b1791faa-84e8-4e27-83a1-9fb0a77e8803 rootwait gpt debug noinitrd earlyprintk init=/bin/bash'
Tegra124 (Jetson TK1) # setenv ipaddr 192.168.100.102; setenv serverip 192.168.100.1; setenv tftpserverip 192.168.100.1
Tegra124 (Jetson TK1) # tftpboot 0x82000000 zImage.multi_v7_defconfig

Warning: eth_rtl8169 using MAC address from ROM
Using eth_rtl8169 device
TFTP from server 192.168.100.1; our IP address is 192.168.100.102
Filename 'zImage.multi_v7_defconfig'.
Load address: 0x82000000
Loading: *#################################################################
	 #################################################################
	 #################################################################
	 #################################################################
	 #################################################################
	 #################################################################
	 #################################################################
	 ############################
	 4 MiB/s
done
Bytes transferred = 7089088 (6c2bc0 hex)
Tegra124 (Jetson TK1) # tftpboot 0x83000000 tegra124-jetson-tk1.dtb
Using eth_rtl8169 device
TFTP from server 192.168.100.1; our IP address is 192.168.100.102
Filename 'tegra124-jetson-tk1.dtb'.
Load address: 0x83000000
Loading: *#####
	 4 MiB/s
done
Bytes transferred = 66621 (1043d hex)
Tegra124 (Jetson TK1) # bootz 0x82000000 - 0x83000000
Kernel image @ 0x82000000 [ 0x000000 - 0x6c2bc0 ]
## Flattened Device Tree blob at 83000000
   Booting using the fdt blob at 0x83000000
   Using Device Tree in place at 83000000, end 8301343c

Starting kernel ...

[    0.000000] Booting Linux on physical CPU 0x0
[    0.000000] Linux version 4.7.0-next-20160727-109474-gd9c4432 (pwalmsley@sellafield) (gcc version 4.7.3 20130328 (prerelease) (crosstool-NG linaro-1.13.1-4.7-2013.04-20130415 - Linaro GCC 2013.04) ) #1 SMP Wed Jul 27 00:20:22 PDT 2016
[    0.000000] CPU: ARMv7 Processor [413fc0f3] revision 3 (ARMv7), cr=10c5387d
[    0.000000] CPU: div instructions available: patching division code
[    0.000000] CPU: PIPT / VIPT nonaliasing data cache, PIPT instruction cache
[    0.000000] OF: fdt:Machine model: NVIDIA Tegra124 Jetson TK1
[    0.000000] debug: ignoring loglevel setting.
[    0.000000] cma: Reserved 64 MiB at 0xfb800000
[    0.000000] Memory policy: Data cache writealloc
[    0.000000] On node 0 totalpages: 524032
[    0.000000] free_area_init_node: node 0, pgdat c141cf00, node_mem_map eeffa000
[    0.000000]   DMA zone: 1536 pages used for memmap
[    0.000000]   DMA zone: 0 pages reserved
[    0.000000]   DMA zone: 196608 pages, LIFO batch:31
[    0.000000]   HighMem zone: 327424 pages, LIFO batch:31
[    0.000000] percpu: Embedded 14 pages/cpu @eef87000 s26624 r8192 d22528 u57344
[    0.000000] pcpu-alloc: s26624 r8192 d22528 u57344 alloc=14*4096
[    0.000000] pcpu-alloc: [0] 0 [0] 1 [0] 2 [0] 3 
[    0.000000] Built 1 zonelists in Zone order, mobility grouping on.  Total pages: 522496
[    0.000000] Kernel command line: ignore_loglevel console=ttyS0,115200n8 rw root=PARTUUID=b1791faa-84e8-4e27-83a1-9fb0a77e8803 rootwait gpt debug noinitrd earlyprintk init=/bin/bash
[    0.000000] PID hash table entries: 4096 (order: 2, 16384 bytes)
[    0.000000] Dentry cache hash table entries: 131072 (order: 7, 524288 bytes)
[    0.000000] Inode-cache hash table entries: 65536 (order: 6, 262144 bytes)
[    0.000000] Memory: 1994984K/2096128K available (9216K kernel code, 1147K rwdata, 3976K rodata, 2048K init, 343K bss, 35608K reserved, 65536K cma-reserved, 1244160K highmem)
[    0.000000] Virtual kernel memory layout:
[    0.000000]     vector  : 0xffff0000 - 0xffff1000   (   4 kB)
[    0.000000]     fixmap  : 0xffc00000 - 0xfff00000   (3072 kB)
[    0.000000]     vmalloc : 0xf0800000 - 0xff800000   ( 240 MB)
[    0.000000]     lowmem  : 0xc0000000 - 0xf0000000   ( 768 MB)
[    0.000000]     pkmap   : 0xbfe00000 - 0xc0000000   (   2 MB)
[    0.000000]     modules : 0xbf000000 - 0xbfe00000   (  14 MB)
[    0.000000]       .text : 0xc0208000 - 0xc0c00000   (10208 kB)
[    0.000000]       .init : 0xc1100000 - 0xc1300000   (2048 kB)
[    0.000000]       .data : 0xc1300000 - 0xc141ed80   (1148 kB)
[    0.000000]        .bss : 0xc1420000 - 0xc1475c08   ( 344 kB)
[    0.000000] SLUB: HWalign=64, Order=0-3, MinObjects=0, CPUs=4, Nodes=1
[    0.000000] Hierarchical RCU implementation.
[    0.000000] 	Build-time adjustment of leaf fanout to 32.
[    0.000000] 	RCU restricting CPUs from NR_CPUS=16 to nr_cpu_ids=4.
[    0.000000] RCU: Adjusting geometry for rcu_fanout_leaf=32, nr_cpu_ids=4
[    0.000000] NR_IRQS:16 nr_irqs:16 16
[    0.000000] /interrupt-controller@60004000: 160 interrupts forwarded to /interrupt-controller@50041000
[    0.000000] Tegra clk 127: register failed with -17
[    0.000008] sched_clock: 32 bits at 1000kHz, resolution 1000ns, wraps every 2147483647500ns
[    0.000031] clocksource: timer_us: mask: 0xffffffff max_cycles: 0xffffffff, max_idle_ns: 1911260446275 ns
[    0.000045] Switching to timer-based delay loop, resolution 1000ns
[    0.005263] Architected cp15 timer(s) running at 12.00MHz (virt).
[    0.005281] clocksource: arch_sys_counter: mask: 0xffffffffffffff max_cycles: 0x2c47f4ee7, max_idle_ns: 440795202497 ns
[    0.005298] sched_clock: 56 bits at 12MHz, resolution 83ns, wraps every 4398046511096ns
[    0.005311] Switching to timer-based delay loop, resolution 83ns
[    0.005820] Console: colour dummy device 80x30
[    0.005846] Calibrating delay loop (skipped), value calculated using timer frequency.. 24.00 BogoMIPS (lpj=60000)
[    0.005860] pid_max: default: 32768 minimum: 301
[    0.005957] Mount-cache hash table entries: 2048 (order: 1, 8192 bytes)
[    0.005969] Mountpoint-cache hash table entries: 2048 (order: 1, 8192 bytes)
[    0.006572] CPU: Testing write buffer coherency: ok
[    0.006791] /cpus/cpu@0 missing clock-frequency property
[    0.006833] /cpus/cpu@1 missing clock-frequency property
[    0.006874] /cpus/cpu@2 missing clock-frequency property
[    0.006917] /cpus/cpu@3 missing clock-frequency property
[    0.006929] CPU0: thread -1, cpu 0, socket 0, mpidr 80000000
[    0.006950] Setting up static identity map for 0x80300000 - 0x80300098
[    0.010625] Tegra Revision: A01 SKU: 129 CPU Process: 1 SoC Process: 1
[    0.012067] CPU1: thread -1, cpu 1, socket 0, mpidr 80000001
[    0.015762] CPU2: thread -1, cpu 2, socket 0, mpidr 80000002
[    0.020759] CPU3: thread -1, cpu 3, socket 0, mpidr 80000003
[    0.025217] Brought up 4 CPUs
[    0.025237] SMP: Total of 4 processors activated (96.00 BogoMIPS).
[    0.025244] CPU: All CPU(s) started in SVC mode.
[    0.026717] devtmpfs: initialized
[    0.047220] VFP support v0.3: implementor 41 architecture 4 part 30 variant f rev 0
[    0.047655] clocksource: jiffies: mask: 0xffffffff max_cycles: 0xffffffff, max_idle_ns: 9556302231375000 ns
[    0.049039] pinctrl core: initialized pinctrl subsystem
[    0.050809] NET: Registered protocol family 16
[    0.052738] DMA: preallocated 256 KiB pool for atomic coherent allocations
[    0.065338] cpuidle: using governor menu
[    0.084337] No ATAGs?hw-breakpoint: found 5 (+1 reserved) breakpoint and 4 watchpoint registers.
[    0.084370] hw-breakpoint: maximum watchpoint size is 8 bytes.
[    0.090733] Serial: AMBA PL011 UART driver
[    0.130518] +5V_SYS: supplied by +VDD_MUX
[    0.130823] +3.3V_SYS: supplied by +VDD_MUX
[    0.131487] +USB0_VBUS_SW: Failed to request enable GPIO108: -517
[    0.131502] reg-fixed-voltage regulators:regulator@7: Failed to register regulator: -517
[    0.131588] +5V_USB_HS: Failed to request enable GPIO109: -517
[    0.131601] reg-fixed-voltage regulators:regulator@8: Failed to register regulator: -517
[    0.131764] +1.05V_RUN_AVDD_HDMI_PLL: Failed to request enable GPIO63: -517
[    0.131777] reg-fixed-voltage regulators:regulator@11: Failed to register regulator: -517
[    0.131862] +5V_HDMI_CON: Failed to request enable GPIO86: -517
[    0.131874] reg-fixed-voltage regulators:regulator@12: Failed to register regulator: -517
[    0.131959] +5V_SATA: Failed to request enable GPIO242: -517
[    0.131970] reg-fixed-voltage regulators:regulator@13: Failed to register regulator: -517
[    0.132055] +12V_SATA: Failed to request enable GPIO242: -517
[    0.132068] reg-fixed-voltage regulators:regulator@14: Failed to register regulator: -517
[    0.135374] vgaarb: loaded
[    0.136246] SCSI subsystem initialized
[    0.136411] libata version 3.00 loaded.
[    0.136709] usbcore: registered new interface driver usbfs
[    0.136780] usbcore: registered new interface driver hub
[    0.136844] usbcore: registered new device driver usb
[    0.140449] pps_core: LinuxPPS API ver. 1 registered
[    0.140458] pps_core: Software ver. 5.3.6 - Copyright 2005-2007 Rodolfo Giometti <giometti@linux.it>
[    0.140480] PTP clock support registered
[    0.140705] EDAC MC: Ver: 3.0.0
[    0.143868] clocksource: Switched to clocksource arch_sys_counter
[    0.155023] NET: Registered protocol family 2
[    0.155530] TCP established hash table entries: 8192 (order: 3, 32768 bytes)
[    0.155629] TCP bind hash table entries: 8192 (order: 4, 65536 bytes)
[    0.155815] TCP: Hash tables configured (established 8192 bind 8192)
[    0.155866] UDP hash table entries: 512 (order: 2, 16384 bytes)
[    0.155908] UDP-Lite hash table entries: 512 (order: 2, 16384 bytes)
[    0.156072] NET: Registered protocol family 1
[    0.156391] RPC: Registered named UNIX socket transport module.
[    0.156401] RPC: Registered udp transport module.
[    0.156409] RPC: Registered tcp transport module.
[    0.156416] RPC: Registered tcp NFSv4.1 backchannel transport module.
[    0.156428] PCI: CLS 0 bytes, default 64
[    0.157610] hw perfevents: enabled with armv7_cortex_a15 PMU driver, 7 counters available
[    0.159135] futex hash table entries: 1024 (order: 4, 65536 bytes)
[    0.159852] workingset: timestamp_bits=30 max_order=19 bucket_order=0
[    0.171417] squashfs: version 4.0 (2009/01/31) Phillip Lougher
[    0.172269] NFS: Registering the id_resolver key type
[    0.172291] Key type id_resolver registered
[    0.172299] Key type id_legacy registered
[    0.172341] ntfs: driver 2.1.32 [Flags: R/O].
[    0.173611] bounce: pool size: 64 pages
[    0.173817] Block layer SCSI generic (bsg) driver version 0.4 loaded (major 248)
[    0.173827] io scheduler noop registered
[    0.173836] io scheduler deadline registered
[    0.174071] io scheduler cfq registered (default)
[    0.179766] usb2-0 supply vbus not found, using dummy regulator
[    0.179890] usb2-1 supply vbus not found, using dummy regulator
[    0.180289] tegra-xusb-padctl 7009f000.padctl: failed to setup XUSB ports: -517
[    0.180976] libphy: mdio_driver_register: phy-bcm-ns2-pci
[    0.197148] tegra-pcie 1003000.pcie-controller: 2x1, 1x1 configuration
[    0.197201] tegra-pcie 1003000.pcie-controller: Failed to get supply 'avddio-pex': -517
[    0.204447] tegra-apbdma 60020000.dma: Tegra20 APB DMA driver register 32 channels
[    0.206237] tegra-pmc 7000e400.pmc: emergency thermal reset enabled
[    0.271774] Serial: 8250/16550 driver, 4 ports, IRQ sharing disabled
[    0.274719] console [ttyS0] disabled
[    0.274783] 70006300.serial: ttyS0 at MMIO 0x70006300 (irq = 333, base_baud = 25500000) is a Tegra
[    1.130907] console [ttyS0] enabled
[    1.135311] SuperH (H)SCI(F) driver initialized
[    1.140889] msm_serial: driver initialized
[    1.145191] STMicroelectronics ASC driver initialized
[    1.151133] serial-tegra serial@0,70006000: failed to get alias id, errno -19
[    1.158320] serial-tegra serial@0,70006040: failed to get alias id, errno -19
[    1.168551] [drm] Initialized drm 1.1.0 20060810
[    1.176426] tegra-hdmi 54280000.hdmi: failed to get HDMI regulator
[    1.196221] brd: module loaded
[    1.205420] loop: module loaded
[    1.209010] at24 0-0056: 256 byte 24c02 EEPROM, writable, 8 bytes/write
[    1.217295] as3722 4-0040: AS3722 with revision 0x1 found
[    1.228507] as3722-sd2: supplied by +5V_SYS
[    1.233160] as3722-sd3: supplied by +5V_SYS
[    1.237563] +1.35V_LP0(sd3): Bringing 0uV into 1350000-1350000uV
[    1.243969] as3722-sd4: supplied by +5V_SYS
[    1.248588] as3722-sd5: supplied by +5V_SYS
[    1.254657] as3722-ldo0: supplied by +1.35V_LP0(sd2)
[    1.260734] +1.8V_RUN_CAM: Bringing 0uV into 1800000-1800000uV
[    1.266987] as3722-ldo2: supplied by +1.8V_VDDIO
[    1.272906] as3722-ldo3: supplied by +3.3V_SYS
[    1.277405] +1.05V_LP0_VDD_RTC: Bringing 1100000uV into 1000000-1000000uV
[    1.285229] as3722-ldo4: supplied by +3.3V_SYS
[    1.289886] +2.8V_RUN_CAM: Bringing 0uV into 2800000-2800000uV
[    1.296139] as3722-ldo5: supplied by +1.8V_VDDIO
[    1.300973] +1.2V_RUN_CAM_FRONT: Bringing 0uV into 1200000-1200000uV
[    1.307937] +VDDIO_SDMMC3: bypassed regulator has no supply!
[    1.313603] +VDDIO_SDMMC3: failed to get the current voltage(-517)
[    1.319790] as3722-regulator as3722-regulator: regulator 13 register failed -517
[    1.332253] tegra-ahci 70027000.sata: couldn't get PHY in node sata: -517
[    1.353714] random: fast init done
[    1.357294] m25p80 spi32765.0: w25q32dw (4096 Kbytes)
[    1.365819] libphy: Fixed MDIO Bus: probed
[    1.370787] CAN device driver interface
[    1.376918] igb: Intel(R) Gigabit Ethernet Network Driver - version 5.3.0-k
[    1.383882] igb: Copyright (c) 2007-2014 Intel Corporation.
[    1.392934] pegasus: v0.9.3 (2013/04/25), Pegasus/Pegasus II USB Ethernet driver
[    1.400390] usbcore: registered new interface driver pegasus
[    1.406109] usbcore: registered new interface driver asix
[    1.411559] usbcore: registered new interface driver ax88179_178a
[    1.417698] usbcore: registered new interface driver cdc_ether
[    1.423602] usbcore: registered new interface driver smsc75xx
[    1.429418] usbcore: registered new interface driver smsc95xx
[    1.435209] usbcore: registered new interface driver net1080
[    1.440918] usbcore: registered new interface driver cdc_subset
[    1.446881] usbcore: registered new interface driver zaurus
[    1.452525] usbcore: registered new interface driver cdc_ncm
[    1.458407] tegra-phy 7d004000.usb-phy: no vbus regulator
[    1.465852] ehci_hcd: USB 2.0 'Enhanced' Host Controller (EHCI) Driver
[    1.472391] ehci-pci: EHCI PCI platform driver
[    1.476888] ehci-platform: EHCI generic platform driver
[    1.482348] ehci-orion: EHCI orion driver
[    1.486510] SPEAr-ehci: EHCI SPEAr driver
[    1.490685] ehci-st: EHCI STMicroelectronics driver
[    1.495719] ehci-exynos: EHCI EXYNOS driver
[    1.500085] ehci-atmel: EHCI Atmel driver
[    1.504251] tegra-ehci: Tegra EHCI driver
[    1.511083] tegra-ehci 7d004000.usb: EHCI Host Controller
[    1.516509] tegra-ehci 7d004000.usb: new USB bus registered, assigned bus number 1
[    1.524255] tegra-ehci 7d004000.usb: irq 352, io mem 0x7d004000
[    1.543894] tegra-ehci 7d004000.usb: USB 2.0 started, EHCI 1.10
[    1.550653] hub 1-0:1.0: USB hub found
[    1.554453] hub 1-0:1.0: 1 port detected
[    1.558994] ohci_hcd: USB 1.1 'Open' Host Controller (OHCI) Driver
[    1.565190] ohci-pci: OHCI PCI platform driver
[    1.569699] ohci-platform: OHCI generic platform driver
[    1.575119] ohci-omap3: OHCI OMAP3 driver
[    1.579299] SPEAr-ohci: OHCI SPEAr driver
[    1.583455] ohci-st: OHCI STMicroelectronics driver
[    1.588493] ohci-atmel: OHCI Atmel driver
[    1.593329] usbcore: registered new interface driver usb-storage
[    1.601129] mousedev: PS/2 mouse device common for all mice
[    1.610125] as3722-rtc as3722-rtc: rtc core: registered as3722-rtc as rtc0
[    1.617014] as3722-rtc as3722-rtc: RTC interrupt 375
[    1.625322] tegra_rtc 7000e000.rtc: rtc core: registered 7000e000.rtc as rtc1
[    1.632517] tegra_rtc 7000e000.rtc: Tegra internal Real Time Clock
[    1.639323] i2c /dev entries driver
[    1.650149] 0-004c supply vcc not found, using dummy regulator
[    1.665824] sdhci: Secure Digital Host Controller Interface driver
[    1.672017] sdhci: Copyright(c) Pierre Ossman
[    1.678064] Synopsys Designware Multimedia Card Interface Driver
[    1.685268] sdhci-pltfm: SDHCI platform and OF driver helper
[    1.691728] sdhci-tegra 700b0400.sdhci: Got CD GPIO
[    1.696637] sdhci-tegra 700b0400.sdhci: Got WP GPIO
[    1.701775] mmc0: Unknown controller version (3). You may experience problems.
[    1.709093] mmc0: Invalid maximum block size, assuming 512 bytes
[    1.758892] mmc0: SDHCI controller on 700b0600.sdhci [700b0600.sdhci] using ADMA 64-bit
[    1.768984] ledtrig-cpu: registered to indicate activity on CPUs
[    1.775351] usbcore: registered new interface driver usbhid
[    1.780934] usbhid: USB HID core driver
[    1.789627] tegra124-dfll 70110000.clock: couldn't get vdd_cpu regulator
[    1.807266] NET: Registered protocol family 10
[    1.812622] sit: IPv6, IPv4 and MPLS over IPv4 tunneling driver
[    1.819327] NET: Registered protocol family 17
[    1.823772] can: controller area network core (rev 20120528 abi 9)
[    1.830027] NET: Registered protocol family 29
[    1.834480] can: raw protocol (rev 20120528)
[    1.838743] can: broadcast manager protocol (rev 20160617 t)
[    1.844410] can: netlink gateway (rev 20130117) max_hops=1
[    1.850264] Key type dns_resolver registered
[    1.855165] ThumbEE CPU extension supported.
[    1.859456] Registering SWP/SWPB emulation handler
[    1.867344] +3.3V_RUN: supplied by +3.3V_SYS
[    1.872748] +3.3V_AVDD_HDMI_AP_GATED: supplied by +3.3V_RUN
[    1.879004] +USB0_VBUS_SW: supplied by +5V_SYS
[    1.884191] +5V_USB_HS: supplied by +5V_SYS
[    1.889911] +3.3V_LP0: supplied by +3.3V_SYS
[    1.896376] +5V_HDMI_CON: supplied by +5V_SYS
[    1.901688] +5V_SATA: supplied by +5V_SYS
[    1.906425] +12V_SATA: supplied by +VDD_MUX
[    1.912261] usb2-0 supply vbus not found, using dummy regulator
[    1.918381] usb2-1 supply vbus not found, using dummy regulator
[    1.924872] usb3-0 supply vbus not found, using dummy regulator
[    1.932151] tegra-pcie 1003000.pcie-controller: 2x1, 1x1 configuration
[    1.938849] tegra-pcie 1003000.pcie-controller: Failed to get supply 'avddio-pex': -517
[    1.949369] tegra-hdmi 54280000.hdmi: failed to get PLL regulator
[    1.955593] mmc0: new high speed MMC card at address 0001
[    1.961248] as3722-sd2: supplied by +5V_SYS
[    1.962561] mmcblk0: mmc0:0001 SEM16G 14.7 GiB 
[    1.963680] mmcblk0boot0: mmc0:0001 SEM16G partition 1 4.00 MiB
[    1.964866] mmcblk0boot1: mmc0:0001 SEM16G partition 2 4.00 MiB
[    1.965911] mmcblk0rpmb: mmc0:0001 SEM16G partition 3 4.00 MiB
[    1.988123]  mmcblk0: p1
[    1.988446] as3722-sd3: supplied by +5V_SYS
[    1.988830] as3722-sd4: supplied by +5V_SYS
[    1.989247] +1.05V_RUN_AVDD_HDMI_PLL: supplied by +1.05V_RUN
[    1.989417] as3722-sd5: supplied by +5V_SYS
[    1.991328] as3722-ldo0: supplied by +1.35V_LP0(sd2)
[    1.991862] as3722-ldo1: supplied by +3.3V_RUN
[    1.992219] as3722-ldo2: supplied by +1.8V_VDDIO
[    1.993187] as3722-ldo3: supplied by +3.3V_SYS
[    1.994212] as3722-ldo4: supplied by +3.3V_SYS
[    1.994644] as3722-ldo5: supplied by +1.8V_VDDIO
[    1.995024] as3722-ldo6: supplied by +3.3V_RUN
[    1.995364] as3722-ldo7: supplied by +1.8V_VDDIO
[    1.995912] +1.05V_RUN_CAM_REAR: Bringing 0uV into 1050000-1050000uV
[    1.996455] as3722-ldo9: supplied by +5V_SYS
[    1.996853] +3.3V_RUN_TOUCH: Bringing 0uV into 2800000-2800000uV
[    1.997255] as3722-ldo10: supplied by +5V_SYS
[    1.997482] +2.8V_RUN_CAM_AF: Bringing 0uV into 2800000-2800000uV
[    1.997890] as3722-ldo11: supplied by +3.3V_RUN
[    1.998128] +1.8V_RUN_VPP_FUSE: Bringing 0uV into 1800000-1800000uV
[    2.002305] tegra-ahci 70027000.sata: AHCI 0001.0301 32 slots 2 ports 3 Gbps 0x1 impl platform mode
[    2.002317] tegra-ahci 70027000.sata: flags: 64bit ncq sntf pm led pio slum part sadm sds apst 
[    2.104074] scsi host0: tegra-ahci
[    2.108715] scsi host1: tegra-ahci
[    2.112506] ata1: SATA max UDMA/133 mmio [mem 0x70027000-0x70028fff] port 0x100 irq 343
[    2.120546] ata2: DUMMY
[    2.126218] tegra-ehci 7d008000.usb: EHCI Host Controller
[    2.131694] tegra-ehci 7d008000.usb: new USB bus registered, assigned bus number 2
[    2.139575] tegra-ehci 7d008000.usb: irq 353, io mem 0x7d008000
[    2.158999] tegra-ehci 7d008000.usb: USB 2.0 started, EHCI 1.10
[    2.165939] hub 2-0:1.0: USB hub found
[    2.169795] hub 2-0:1.0: 1 port detected
[    2.176278] sdhci-tegra 700b0400.sdhci: Got CD GPIO
[    2.181237] sdhci-tegra 700b0400.sdhci: Got WP GPIO
[    2.186377] mmc1: Unknown controller version (3). You may experience problems.
[    2.193713] mmc1: Invalid maximum block size, assuming 512 bytes
[    2.244429] mmc1: SDHCI controller on 700b0400.sdhci [700b0400.sdhci] using ADMA 64-bit
[    2.257018] tegra-pcie 1003000.pcie-controller: 2x1, 1x1 configuration
[    2.270908] tegra-pcie 1003000.pcie-controller: probing port 0, using 2 lanes
[    2.280148] tegra-pcie 1003000.pcie-controller: Slot present pin change, signature: 00000008
[    2.304520] tegra-pcie 1003000.pcie-controller: probing port 1, using 1 lanes
[    2.313842] tegra-pcie 1003000.pcie-controller: Slot present pin change, signature: 00000000
[    2.328999] tegra-pcie 1003000.pcie-controller: PCI host bridge to bus 0000:00
[    2.336262] pci_bus 0000:00: root bus resource [io  0x0000-0xffff]
[    2.342475] pci_bus 0000:00: root bus resource [mem 0x13000000-0x1fffffff]
[    2.349394] pci_bus 0000:00: root bus resource [mem 0x20000000-0x3fffffff pref]
[    2.356734] pci_bus 0000:00: root bus resource [bus 00-ff]
[    2.362293] pci 0000:00:01.0: [10de:0e12] type 01 class 0x060400
[    2.368438] pci 0000:00:01.0: PME# supported from D0 D1 D2 D3hot D3cold
[    2.375451] pci 0000:00:02.0: [10de:0e13] type 01 class 0x060400
[    2.381597] pci 0000:00:02.0: PME# supported from D0 D1 D2 D3hot D3cold
[    2.388571] PCI: bus0: Fast back to back transfers disabled
[    2.394188] pci 0000:00:01.0: bridge configuration invalid ([bus 00-00]), reconfiguring
[    2.402229] pci 0000:00:02.0: bridge configuration invalid ([bus 00-00]), reconfiguring
[    2.410512] pci 0000:01:00.0: [8086:4232] type 00 class 0x028000
[    2.416599] pci 0000:01:00.0: reg 0x10: [mem 0x00000000-0x00001fff 64bit]
[    2.423624] pci 0000:01:00.0: PME# supported from D0 D3hot D3cold
[    2.442359] ata1: SATA link down (SStatus 0 SControl 300)
[    2.444004] PCI: bus1: Fast back to back transfers disabled
[    2.444017] pci_bus 0000:01: busn_res: [bus 01-ff] end is updated to 01
[    2.444298] pci 0000:02:00.0: [10ec:8168] type 00 class 0x020000
[    2.444334] pci 0000:02:00.0: reg 0x10: [io  0x0000-0x00ff]
[    2.444376] pci 0000:02:00.0: reg 0x18: [mem 0x00000000-0x00000fff 64bit]
[    2.444406] pci 0000:02:00.0: reg 0x20: [mem 0x00000000-0x00003fff 64bit pref]
[    2.444581] pci 0000:02:00.0: supports D1 D2
[    2.444587] pci 0000:02:00.0: PME# supported from D0 D1 D2 D3hot D3cold
[    2.459019] PCI: bus2: Fast back to back transfers disabled
[    2.459034] pci_bus 0000:02: busn_res: [bus 02-ff] end is updated to 02
[    2.459232] pci 0000:00:01.0: BAR 8: assigned [mem 0x13000000-0x130fffff]
[    2.459245] pci 0000:00:02.0: BAR 8: assigned [mem 0x13100000-0x131fffff]
[    2.459258] pci 0000:00:02.0: BAR 9: assigned [mem 0x20000000-0x200fffff 64bit pref]
[    2.459270] pci 0000:00:02.0: BAR 7: assigned [io  0x1000-0x1fff]
[    2.459289] pci 0000:01:00.0: BAR 0: assigned [mem 0x13000000-0x13001fff 64bit]
[    2.459333] pci 0000:00:01.0: PCI bridge to [bus 01]
[    2.459349] pci 0000:00:01.0:   bridge window [mem 0x13000000-0x130fffff]
[    2.459381] pci 0000:02:00.0: BAR 4: assigned [mem 0x20000000-0x20003fff 64bit pref]
[    2.459417] pci 0000:02:00.0: BAR 2: assigned [mem 0x13100000-0x13100fff 64bit]
[    2.459447] pci 0000:02:00.0: BAR 0: assigned [io  0x1000-0x10ff]
[    2.459462] pci 0000:00:02.0: PCI bridge to [bus 02]
[    2.459477] pci 0000:00:02.0:   bridge window [io  0x1000-0x1fff]
[    2.459495] pci 0000:00:02.0:   bridge window [mem 0x13100000-0x131fffff]
[    2.459505] pci 0000:00:02.0:   bridge window [mem 0x20000000-0x200fffff 64bit pref]
[    2.459566] pci 0000:00:01.0: nv_msi_ht_cap_quirk didn't locate host bridge
[    2.459688] pcieport 0000:00:01.0: enabling device (0140 -> 0142)
[    2.460067] pcieport 0000:00:01.0: Signaling PME through PCIe PME interrupt
[    2.460074] pci 0000:01:00.0: Signaling PME through PCIe PME interrupt
[    2.460085] pcie_pme 0000:00:01.0:pcie001: service driver pcie_pme loaded
[    2.460212] pci 0000:00:02.0: nv_msi_ht_cap_quirk didn't locate host bridge
[    2.460303] pcieport 0000:00:02.0: enabling device (0140 -> 0143)
[    2.460552] pcieport 0000:00:02.0: Signaling PME through PCIe PME interrupt
[    2.460559] pci 0000:02:00.0: Signaling PME through PCIe PME interrupt
[    2.460569] pcie_pme 0000:00:02.0:pcie001: service driver pcie_pme loaded
[    2.460908] r8169 Gigabit Ethernet driver 2.3LK-NAPI loaded
[    2.460935] r8169 0000:02:00.0: enabling device (0140 -> 0143)
[    2.475690] r8169 0000:02:00.0 eth0: RTL8168g/8111g at 0xf0a50000, 00:04:4b:3a:d9:81, XID 0c000800 IRQ 393
[    2.475699] r8169 0000:02:00.0 eth0: jumbo features [frames: 9200 bytes, tx checksumming: ko]
[    2.480622] [drm] Supports vblank timestamp caching Rev 2 (21.10.2013).
[    2.480626] [drm] No driver support for vblank timestamp query.
[    2.480670] drm drm: No connectors reported connected with modes
[    2.480688] [drm] Cannot find any crtc or sizes - going 1024x768
[    2.542822] mmc1: new high speed SDHC card at address aaaa
[    2.544147] mmcblk1: mmc1:aaaa SD04G 3.69 GiB 
[    2.555188]  mmcblk1: p1 p2 p3
[    2.744504] Console: switching to colour frame buffer device 128x48
[    2.758216] drm drm: fb0:  frame buffer device
[    2.779012] [drm] Initialized tegra 0.0.0 20120330 on minor 0
[    2.786370] of: dev_pm_opp_of_cpumask_add_table: couldn't find opp table for cpu:0, -19
[    2.794452] cpufreq: cpufreq_online: CPU0: Running at unlisted freq: 696000 KHz
[    2.801812] cpufreq: cpufreq_online: CPU0: Unlisted initial frequency changed to: 714000 KHz
[    2.811403] input: gpio-keys as /devices/soc0/gpio-keys/input/input0
[    2.818821] as3722-rtc as3722-rtc: setting system clock to 2000-01-01 00:00:12 UTC (946684812)
[    2.830695] +USB0_VBUS_SW: disabling
[    2.834296] +1.8V_RUN_CAM: disabling
[    2.838079] +2.8V_RUN_CAM: disabling
[    2.841957] +1.2V_RUN_CAM_FRONT: disabling
[    2.846299] +1.05V_RUN_CAM_REAR: disabling
[    2.850590] +3.3V_RUN_TOUCH: disabling
[    2.854596] +2.8V_RUN_CAM_AF: disabling
[    2.858635] +1.8V_RUN_VPP_FUSE: disabling
[    2.863908] EXT4-fs (mmcblk0p1): mounting ext3 file system using the ext4 subsystem
[    2.903825] EXT4-fs (mmcblk0p1): recovery complete
[    2.909445] EXT4-fs (mmcblk0p1): mounted filesystem with ordered data mode. Opts: (null)
[    2.917568] VFS: Mounted root (ext3 filesystem) on device 179:1.
[    2.927651] devtmpfs: mounted
[    2.931240] Freeing unused kernel memory: 2048K (c1100000 - c1300000)
bash: cannot set terminal process group (-1): Inappropriate ioctl for device
bash: no job control in this shell
root@(none):/# 