
U-Boot SPL 2014.01-00219-gc4d376f (Feb 18 2014 - 19:57:32)


U-Boot 2014.01-00219-gc4d376f (Feb 18 2014 - 19:57:32)

TEGRA114
Board: NVIDIA Dalmore
I2C:   ready
DRAM:  2 GiB
MMC:   Tegra SD/MMC: 0, Tegra SD/MMC: 1
In:    serial
Out:   serial
Err:   serial
Net:   Net Initialization Skipped
No ethernet found.
Hit any key to stop autoboot:  2  1  0 
Tegra114 (Dalmore) # 
Tegra114 (Dalmore) # usb reset
(Re)start USB...
USB0:   USB EHCI 1.10
scanning bus 0 for devices... 2 USB Device(s) found
       scanning usb for storage devices... 0 Storage Device(s) found
       scanning usb for ethernet devices... 
Warning: asx0 using MAC address from net device
1 Ethernet Device(s) found
Tegra114 (Dalmore) # setenv bootargs 'ignore_loglevel console=ttyS0,115200n8 rw root=PARTUUID=7369c667-ff51-ec4a-29cd-baabf2fbe346 rootwait gpt debug earlyprintk init=/bin/bash'
Tegra114 (Dalmore) # setenv ipaddr 192.168.100.100; setenv serverip 192.168.100.1; setenv tftpserverip 192.168.100.1
Tegra114 (Dalmore) # tftpboot 0x81000000 zImage.multi_v7_defconfig
Using asx0 device
TFTP from server 192.168.100.1; our IP address is 192.168.100.100
Filename 'zImage.multi_v7_defconfig'.
Load address: 0x81000000
Loading: *#################################################################
	 #################################################################
	 #################################################################
	 #################################################################
	 #################################################################
	 #################################################################
	 #################################################################
	 ###############################
	 3 MiB/s
done
Bytes transferred = 7131176 (6cd028 hex)
Tegra114 (Dalmore) # tftpboot 0x82000000 tegra114-dalmore.dtb
Using asx0 device
TFTP from server 192.168.100.1; our IP address is 192.168.100.100
Filename 'tegra114-dalmore.dtb'.
Load address: 0x82000000
Loading: *###
	 2.6 MiB/s
done
Bytes transferred = 35044 (88e4 hex)
Tegra114 (Dalmore) # bootz 0x81000000 - 0x82000000
Kernel image @ 0x81000000 [ 0x000000 - 0x6cd028 ]
## Flattened Device Tree blob at 82000000
   Booting using the fdt blob at 0x82000000
   Loading Device Tree to 8fff4000, end 8ffff8e3 ... OK

Starting kernel ...

[    0.000000] Booting Linux on physical CPU 0x0
[    0.000000] Linux version 4.8.0-rc3-next-20160824-114055-g0e055ad (pwalmsley@sellafield) (gcc version 4.7.3 20130328 (prerelease) (crosstool-NG linaro-1.13.1-4.7-2013.04-20130415 - Linaro GCC 2013.04) ) #1 SMP Tue Aug 23 21:50:16 PDT 2016
[    0.000000] CPU: ARMv7 Processor [412fc0f2] revision 2 (ARMv7), cr=10c5387d
[    0.000000] CPU: div instructions available: patching division code
[    0.000000] CPU: PIPT / VIPT nonaliasing data cache, PIPT instruction cache
[    0.000000] OF: fdt:Machine model: NVIDIA Tegra114 Dalmore evaluation board
[    0.000000] debug: ignoring loglevel setting.
[    0.000000] cma: Reserved 64 MiB at 0xfb800000
[    0.000000] Memory policy: Data cache writealloc
[    0.000000] On node 0 totalpages: 524032
[    0.000000] free_area_init_node: node 0, pgdat c141c8c0, node_mem_map eeff8000
[    0.000000]   DMA zone: 1536 pages used for memmap
[    0.000000]   DMA zone: 0 pages reserved
[    0.000000]   DMA zone: 196608 pages, LIFO batch:31
[    0.000000]   HighMem zone: 327424 pages, LIFO batch:31
[    0.000000] percpu: Embedded 14 pages/cpu @eef9b000 s26112 r8192 d23040 u57344
[    0.000000] pcpu-alloc: s26112 r8192 d23040 u57344 alloc=14*4096
[    0.000000] pcpu-alloc: [0] 0 [0] 1 [0] 2 [0] 3 
[    0.000000] Built 1 zonelists in Zone order, mobility grouping on.  Total pages: 522496
[    0.000000] Kernel command line: ignore_loglevel console=ttyS0,115200n8 rw root=PARTUUID=7369c667-ff51-ec4a-29cd-baabf2fbe346 rootwait gpt debug earlyprintk init=/bin/bash
[    0.000000] PID hash table entries: 4096 (order: 2, 16384 bytes)
[    0.000000] Dentry cache hash table entries: 131072 (order: 7, 524288 bytes)
[    0.000000] Inode-cache hash table entries: 65536 (order: 6, 262144 bytes)
[    0.000000] Memory: 1995096K/2096128K available (9216K kernel code, 1145K rwdata, 4000K rodata, 2048K init, 342K bss, 35496K reserved, 65536K cma-reserved, 1244160K highmem)
[    0.000000] Virtual kernel memory layout:
[    0.000000]     vector  : 0xffff0000 - 0xffff1000   (   4 kB)
[    0.000000]     fixmap  : 0xffc00000 - 0xfff00000   (3072 kB)
[    0.000000]     vmalloc : 0xf0800000 - 0xff800000   ( 240 MB)
[    0.000000]     lowmem  : 0xc0000000 - 0xf0000000   ( 768 MB)
[    0.000000]     pkmap   : 0xbfe00000 - 0xc0000000   (   2 MB)
[    0.000000]     modules : 0xbf000000 - 0xbfe00000   (  14 MB)
[    0.000000]       .text : 0xc0208000 - 0xc0c00000   (10208 kB)
[    0.000000]       .init : 0xc1100000 - 0xc1300000   (2048 kB)
[    0.000000]       .data : 0xc1300000 - 0xc141e760   (1146 kB)
[    0.000000]        .bss : 0xc1420000 - 0xc1475b08   ( 343 kB)
[    0.000000] SLUB: HWalign=64, Order=0-3, MinObjects=0, CPUs=4, Nodes=1
[    0.000000] Hierarchical RCU implementation.
[    0.000000] 	Build-time adjustment of leaf fanout to 32.
[    0.000000] 	RCU restricting CPUs from NR_CPUS=16 to nr_cpu_ids=4.
[    0.000000] RCU: Adjusting geometry for rcu_fanout_leaf=32, nr_cpu_ids=4
[    0.000000] NR_IRQS:16 nr_irqs:16 16
[    0.000000] /interrupt-controller@60004000: 160 interrupts forwarded to /interrupt-controller@50041000
[    0.000000] Tegra clk 127: register failed with -17
[    0.000008] sched_clock: 32 bits at 1000kHz, resolution 1000ns, wraps every 2147483647500ns
[    0.000025] clocksource: timer_us: mask: 0xffffffff max_cycles: 0xffffffff, max_idle_ns: 1911260446275 ns
[    0.000039] Switching to timer-based delay loop, resolution 1000ns
[    0.003185] arm_arch_timer: Architected cp15 timer(s) running at 12.00MHz (virt).
[    0.003203] clocksource: arch_sys_counter: mask: 0xffffffffffffff max_cycles: 0x2c47f4ee7, max_idle_ns: 440795202497 ns
[    0.003221] sched_clock: 56 bits at 12MHz, resolution 83ns, wraps every 4398046511096ns
[    0.003234] Switching to timer-based delay loop, resolution 83ns
[    0.003626] Console: colour dummy device 80x30
[    0.003655] Calibrating delay loop (skipped), value calculated using timer frequency.. 24.00 BogoMIPS (lpj=60000)
[    0.003670] pid_max: default: 32768 minimum: 301
[    0.003767] Mount-cache hash table entries: 2048 (order: 1, 8192 bytes)
[    0.003780] Mountpoint-cache hash table entries: 2048 (order: 1, 8192 bytes)
[    0.004408] CPU: Testing write buffer coherency: ok
[    0.004624] /cpus/cpu@0 missing clock-frequency property
[    0.004653] /cpus/cpu@1 missing clock-frequency property
[    0.004681] /cpus/cpu@2 missing clock-frequency property
[    0.004712] /cpus/cpu@3 missing clock-frequency property
[    0.004724] CPU0: thread -1, cpu 0, socket 0, mpidr 80000000
[    0.004748] Setting up static identity map for 0x80300000 - 0x80300098
[    0.007352] Tegra Revision: A01 SKU: 0 CPU Process: 1 SoC Process: 0
[    0.008794] CPU1: thread -1, cpu 1, socket 0, mpidr 80000001
[    0.009519] CPU2: thread -1, cpu 2, socket 0, mpidr 80000002
[    0.010215] CPU3: thread -1, cpu 3, socket 0, mpidr 80000003
[    0.010302] Brought up 4 CPUs
[    0.010323] SMP: Total of 4 processors activated (96.00 BogoMIPS).
[    0.010331] CPU: All CPU(s) started in SVC mode.
[    0.010393] span: 0-3 (max cpu_capacity = 1024)
[    0.011816] devtmpfs: initialized
[    0.024042] VFP support v0.3: implementor 41 architecture 4 part 30 variant f rev 0
[    0.024416] clocksource: jiffies: mask: 0xffffffff max_cycles: 0xffffffff, max_idle_ns: 9556302231375000 ns
[    0.025794] pinctrl core: initialized pinctrl subsystem
[    0.027402] NET: Registered protocol family 16
[    0.029449] DMA: preallocated 256 KiB pool for atomic coherent allocations
[    0.043090] cpuidle: using governor menu
[    0.058350] No ATAGs?
[    0.058378] hw-breakpoint: found 5 (+1 reserved) breakpoint and 4 watchpoint registers.
[    0.058389] hw-breakpoint: maximum watchpoint size is 8 bytes.
[    0.063407] Serial: AMBA PL011 UART driver
[    0.064765] tegra-mc 70019000.memory-controller: no memory timings for RAM code 3 registered
[    0.097519] dvdd_ts: Failed to request enable GPIO61: -517
[    0.097536] reg-fixed-voltage regulators:regulator@1: Failed to register regulator: -517
[    0.097631] usb1_vbus: Failed to request enable GPIO108: -517
[    0.097644] reg-fixed-voltage regulators:regulator@3: Failed to register regulator: -517
[    0.097735] usb2_vbus: Failed to request enable GPIO86: -517
[    0.097747] reg-fixed-voltage regulators:regulator@4: Failed to register regulator: -517
[    0.098189] VDD_5V0_HDMI_CON: Failed to request enable GPIO81: -517
[    0.098202] reg-fixed-voltage regulators:regulator@7: Failed to register regulator: -517
[    0.100929] vgaarb: loaded
[    0.101781] SCSI subsystem initialized
[    0.101951] libata version 3.00 loaded.
[    0.102277] usbcore: registered new interface driver usbfs
[    0.102354] usbcore: registered new interface driver hub
[    0.102432] usbcore: registered new device driver usb
[    0.105926] tps65090 2-0048: No cache defaults, reading back from HW
[    0.107842] TPS65090_RAILSDCDC1: supplied by vdd_ac_bat
[    0.108410] vdd_hdmi_5v0: supplied by vdd-sys-5v0
[    0.109174] TPS65090_RAILSDCDC2: supplied by vdd_ac_bat
[    0.110243] TPS65090_RAILSDCDC3: supplied by vdd_ac_bat
[    0.110787] TPS65090_RAILSFET1: supplied by vdd_ac_bat
[    0.111173] TPS65090_RAILSFET2: supplied by vdd_ac_bat
[    0.111548] TPS65090_RAILSFET3: supplied by vdd-sys-3v3
[    0.112086] TPS65090_RAILSFET4: supplied by vdd-sys-3v3
[    0.112617] TPS65090_RAILSFET5: supplied by vdd-sys-3v3
[    0.113141] TPS65090_RAILSFET6: supplied by vdd-sys-3v3
[    0.114009] TPS65090_RAILSFET7: supplied by vdd-sys-3v3
[    0.114551] TPS65090_RAILSLDO1: supplied by vdd_ac_bat
[    0.114778] TPS65090_RAILSLDO2: supplied by vdd_ac_bat
[    0.115632] palmas 2-0058: Irq flag is 0x00000004
[    0.117625] palmas 2-0058: Muxing GPIO ff, PWM 0, LED 0
[    0.120210] SMPS12: supplied by vdd-ao
[    0.121817] SMPS3: supplied by vdd-ao
[    0.123588] SMPS457: supplied by vdd-sys-3v3
[    0.126484] SMPS8: supplied by vdd-sys-3v3
[    0.127354] random: fast init done
[    0.128112] SMPS9: supplied by vdd-sys-3v3
[    0.128645] sdhci-vdd-sd-slot: Bringing 2840000uV into 2800000-2800000uV
[    0.129373] sdhci-vdd-sd-slot: ramp_delay not set
[    0.131358] LDO1: supplied by vdd-sys-3v3
[    0.132557] LDO2: supplied by vdd-sys-3v3
[    0.133789] LDO3: supplied by vddio-1v8
[    0.134989] LDO4: supplied by vdd-sys-3v3
[    0.136201] LDO5: supplied by vdd_ac_bat
[    0.136972] LDO6: supplied by vdd-sys-3v3
[    0.137478] vdd-sensor-2v85: Bringing 2900000uV into 2850000-2850000uV
[    0.138780] LDO7: supplied by vdd-sys-3v3
[    0.140520] LDO8: supplied by vdd-ao
[    0.141025] vdd-rtc: Bringing 675000uV into 900000-900000uV
[    0.144102] LDO9: supplied by sdhci-vdd-sd-slot
[    0.149425] LDOLN: supplied by vdd-sys-5v0
[    0.150645] LDOUSB: supplied by vdd-sys-5v0
[    0.157340] pps_core: LinuxPPS API ver. 1 registered
[    0.157350] pps_core: Software ver. 5.3.6 - Copyright 2005-2007 Rodolfo Giometti <giometti@linux.it>
[    0.157374] PTP clock support registered
[    0.157573] EDAC MC: Ver: 3.0.0
[    0.160022] clocksource: Switched to clocksource arch_sys_counter
[    0.170892] NET: Registered protocol family 2
[    0.171408] TCP established hash table entries: 8192 (order: 3, 32768 bytes)
[    0.171507] TCP bind hash table entries: 8192 (order: 4, 65536 bytes)
[    0.171695] TCP: Hash tables configured (established 8192 bind 8192)
[    0.171750] UDP hash table entries: 512 (order: 2, 16384 bytes)
[    0.171792] UDP-Lite hash table entries: 512 (order: 2, 16384 bytes)
[    0.171960] NET: Registered protocol family 1
[    0.172311] RPC: Registered named UNIX socket transport module.
[    0.172321] RPC: Registered udp transport module.
[    0.172330] RPC: Registered tcp transport module.
[    0.172338] RPC: Registered tcp NFSv4.1 backchannel transport module.
[    0.172349] PCI: CLS 0 bytes, default 64
[    0.174502] futex hash table entries: 1024 (order: 4, 65536 bytes)
[    0.175044] workingset: timestamp_bits=30 max_order=19 bucket_order=0
[    0.186998] squashfs: version 4.0 (2009/01/31) Phillip Lougher
[    0.187883] NFS: Registering the id_resolver key type
[    0.187908] Key type id_resolver registered
[    0.187917] Key type id_legacy registered
[    0.187966] ntfs: driver 2.1.32 [Flags: R/O].
[    0.189270] bounce: pool size: 64 pages
[    0.189488] Block layer SCSI generic (bsg) driver version 0.4 loaded (major 248)
[    0.189498] io scheduler noop registered
[    0.189507] io scheduler deadline registered
[    0.189704] io scheduler cfq registered (default)
[    0.193939] libphy: mdio_driver_register: phy-bcm-ns2-pci
[    0.217916] tegra-apbdma 6000a000.dma: Tegra20 APB DMA driver register 32 channels
[    0.219514] tegra-pmc 7000e400.pmc: i2c-thermtrip node not found, emergency thermal reset disabled.
[    0.287801] Serial: 8250/16550 driver, 4 ports, IRQ sharing disabled
[    0.290844] console [ttyS0] disabled
[    0.290911] 70006300.serial: ttyS0 at MMIO 0x70006300 (irq = 329, base_baud = 25500000) is a Tegra
[    1.260922] console [ttyS0] enabled
[    1.265296] SuperH (H)SCI(F) driver initialized
[    1.270768] msm_serial: driver initialized
[    1.275063] STMicroelectronics ASC driver initialized
[    1.283624] [drm:drm_core_init] Initialized drm 1.1.0 20060810
[    1.292447] tegra-hdmi 54280000.hdmi: failed to get HDMI regulator
