

U-Boot 2015.04-00466-gedec83e90172 (Mar 14 2016 - 10:42:01)

TEGRA124
Model: Acer Chromebook 13 CB5-311
DRAM:  4 GiB
C:   Tegra SD/MMC: 0, Tegra SD/MMC: 1, Tegra SD/MMC: 2
MMC init failed
Using default environment

In:    serial
Out:   serial
Err:   serial
Net:   Net Initialization Skipped
No ethernet found.
Hit any key to stop autoboot:  2  1  0 
Tegra124 (Nyan-big) # 
Tegra124 (Nyan-big) # usb start
starting USB...
USB0:   USB EHCI 1.10
scanning bus 0 for devices... 2 USB Device(s) found
USB1:   USB EHCI 1.10
scanning bus 1 for devices... 2 USB Device(s) found
       scanning usb for storage devices... 1 Storage Device(s) found
       scanning usb for ethernet devices... 
Warning: asx0 using MAC address from net device
1 Ethernet Device(s) found
Tegra124 (Nyan-big) # mw 0x7000e4a0 0x00080000
Tegra124 (Nyan-big) # setenv bootargs 'ignore_loglevel console=ttyS0,115200n8 rw root=PARTUUID=4d36e82a-b3c0-4b4b-bfcd-afe5217ac023 rootwait gpt debug noinitrd earlyprintk init=/bin/bash'
Tegra124 (Nyan-big) # setenv ipaddr 192.168.100.104; setenv serverip 192.168.100.1; setenv tftpserverip 192.168.100.1
Tegra124 (Nyan-big) # tftpboot 0x82000000 zImage.multi_v7_defconfig
Using asx0 device
TFTP from server 192.168.100.1; our IP address is 192.168.100.104
Filename 'zImage.multi_v7_defconfig'.
Load address: 0x82000000
Loading: *#################################################################
	 #################################################################
	 #################################################################
	 #################################################################
	 #################################################################
	 #################################################################
	 #################################################################
	 #################################################################
	 #################################
	 3.6 MiB/s
done
Bytes transferred = 8110592 (7bc200 hex)
Tegra124 (Nyan-big) # tftpboot 0x83000000 tegra124-nyan-big.dtb
Using asx0 device
TFTP from server 192.168.100.1; our IP address is 192.168.100.104
Filename 'tegra124-nyan-big.dtb'.
Load address: 0x83000000
Loading: *#####
	 3.6 MiB/s
done
Bytes transferred = 67482 (1079a hex)
Tegra124 (Nyan-big) # bootz 0x82000000 - 0x83000000
Kernel image @ 0x82000000 [ 0x000000 - 0x7bc200 ]
## Flattened Device Tree blob at 83000000
   Booting using the fdt blob at 0x83000000
   Using Device Tree in place at 83000000, end 83013799

Starting kernel ...

[    0.000000] Booting Linux on physical CPU 0x0
[    0.000000] Linux version 4.15.0-rc2-next-20171204-336733-g7cc61a0a562c (jonathanh@tamien) (gcc version 4.7.3 20130328 (prerelease) (crosstool-NG linaro-1.13.1-4.7-2013.04-20130415 - Linaro GCC 2013.04)) #1 SMP Wed Dec 6 08:14:21 PST 2017
[    0.000000] CPU: ARMv7 Processor [413fc0f3] revision 3 (ARMv7), cr=10c5387d
[    0.000000] CPU: div instructions available: patching division code
[    0.000000] CPU: PIPT / VIPT nonaliasing data cache, PIPT instruction cache
[    0.000000] OF: fdt: Machine model: Acer Chromebook 13 CB5-311
[    0.000000] OF: fdt: Ignoring memory range 0x100000000 - 0x17ffff000
[    0.000000] debug: ignoring loglevel setting.
[    0.000000] Memory policy: Data cache writealloc
[    0.000000] efi: Getting EFI parameters from FDT:
[    0.000000] efi: UEFI not found.
[    0.000000] cma: Reserved 64 MiB at 0xfb800000
[    0.000000] On node 0 totalpages: 524287
[    0.000000]   DMA zone: 1536 pages used for memmap
[    0.000000]   DMA zone: 0 pages reserved
[    0.000000]   DMA zone: 196608 pages, LIFO batch:31
[    0.000000]   HighMem zone: 327679 pages, LIFO batch:31
[    0.000000] random: fast init done
[    0.000000] percpu: Embedded 17 pages/cpu @(ptrval) s39232 r8192 d22208 u69632
[    0.000000] pcpu-alloc: s39232 r8192 d22208 u69632 alloc=17*4096
[    0.000000] pcpu-alloc: [0] 0 [0] 1 [0] 2 [0] 3 
[    0.000000] Built 1 zonelists, mobility grouping on.  Total pages: 522751
[    0.000000] Kernel command line: ignore_loglevel console=ttyS0,115200n8 rw root=PARTUUID=4d36e82a-b3c0-4b4b-bfcd-afe5217ac023 rootwait gpt debug noinitrd earlyprintk init=/bin/bash
[    0.000000] Dentry cache hash table entries: 131072 (order: 7, 524288 bytes)
[    0.000000] Inode-cache hash table entries: 65536 (order: 6, 262144 bytes)
[    0.000000] Memory: 1993456K/2097148K available (11264K kernel code, 1603K rwdata, 4304K rodata, 2048K init, 404K bss, 38156K reserved, 65536K cma-reserved, 1245180K highmem)
[    0.000000] Virtual kernel memory layout:
[    0.000000]     vector  : 0xffff0000 - 0xffff1000   (   4 kB)
[    0.000000]     fixmap  : 0xffc00000 - 0xfff00000   (3072 kB)
[    0.000000]     vmalloc : 0xf0800000 - 0xff800000   ( 240 MB)
[    0.000000]     lowmem  : 0xc0000000 - 0xf0000000   ( 768 MB)
[    0.000000]     pkmap   : 0xbfe00000 - 0xc0000000   (   2 MB)
[    0.000000]     modules : 0xbf000000 - 0xbfe00000   (  14 MB)
[    0.000000]       .text : 0x(ptrval) - 0x(ptrval)   (12256 kB)
[    0.000000]       .init : 0x(ptrval) - 0x(ptrval)   (2048 kB)
[    0.000000]       .data : 0x(ptrval) - 0x(ptrval)   (1604 kB)
[    0.000000]        .bss : 0x(ptrval) - 0x(ptrval)   ( 405 kB)
[    0.000000] SLUB: HWalign=64, Order=0-3, MinObjects=0, CPUs=4, Nodes=1
[    0.000000] Hierarchical RCU implementation.
[    0.000000] 	RCU event tracing is enabled.
[    0.000000] 	RCU restricting CPUs from NR_CPUS=16 to nr_cpu_ids=4.
[    0.000000] RCU: Adjusting geometry for rcu_fanout_leaf=16, nr_cpu_ids=4
[    0.000000] NR_IRQS: 16, nr_irqs: 16, preallocated irqs: 16
[    0.000000] /interrupt-controller@60004000: 160 interrupts forwarded to /interrupt-controller@50041000
[    0.000000] Tegra clk 127: register failed with -17
[    0.000004] sched_clock: 32 bits at 1000kHz, resolution 1000ns, wraps every 2147483647500ns
[    0.000012] clocksource: timer_us: mask: 0xffffffff max_cycles: 0xffffffff, max_idle_ns: 1911260446275 ns
[    0.000018] Switching to timer-based delay loop, resolution 1000ns
[    0.001912] arch_timer: cp15 timer(s) running at 12.00MHz (virt).
[    0.001919] clocksource: arch_sys_counter: mask: 0xffffffffffffff max_cycles: 0x2c47f4ee7, max_idle_ns: 440795202497 ns
[    0.001926] sched_clock: 56 bits at 12MHz, resolution 83ns, wraps every 4398046511096ns
[    0.001931] Switching to timer-based delay loop, resolution 83ns
[    0.002155] Console: colour dummy device 80x30
[    0.002170] Calibrating delay loop (skipped), value calculated using timer frequency.. 24.00 BogoMIPS (lpj=120000)
[    0.002177] pid_max: default: 32768 minimum: 301
[    0.002222] Mount-cache hash table entries: 2048 (order: 1, 8192 bytes)
[    0.002227] Mountpoint-cache hash table entries: 2048 (order: 1, 8192 bytes)
[    0.002432] CPU: Testing write buffer coherency: ok
[    0.002564] /cpus/cpu@0 missing clock-frequency property
[    0.002580] /cpus/cpu@1 missing clock-frequency property
[    0.002595] /cpus/cpu@2 missing clock-frequency property
[    0.002611] /cpus/cpu@3 missing clock-frequency property
[    0.002616] CPU0: thread -1, cpu 0, socket 0, mpidr 80000000
[    0.002732] Setting up static identity map for 0x80300000 - 0x803000a0
[    0.003450] Hierarchical SRCU implementation.
[    0.004158] Tegra Revision: A01 SKU: 131 CPU Process: 1 SoC Process: 1
[    0.004440] EFI services will not be available.
[    0.004504] smp: Bringing up secondary CPUs ...
[    0.004794] CPU1: thread -1, cpu 1, socket 0, mpidr 80000001
[    0.012183] CPU2: thread -1, cpu 2, socket 0, mpidr 80000002
[    0.022189] CPU3: thread -1, cpu 3, socket 0, mpidr 80000003
[    0.031915] smp: Brought up 1 node, 4 CPUs
[    0.031922] SMP: Total of 4 processors activated (96.00 BogoMIPS).
[    0.031926] CPU: All CPU(s) started in SVC mode.
[    0.032480] devtmpfs: initialized
[    0.037321] VFP support v0.3: implementor 41 architecture 4 part 30 variant f rev 0
[    0.037505] clocksource: jiffies: mask: 0xffffffff max_cycles: 0xffffffff, max_idle_ns: 19112604462750000 ns
[    0.037514] futex hash table entries: 1024 (order: 4, 65536 bytes)
[    0.038096] pinctrl core: initialized pinctrl subsystem
[    0.038724] DMI not present or invalid.
[    0.038832] NET: Registered protocol family 16
[    0.039586] DMA: preallocated 256 KiB pool for atomic coherent allocations
[    0.040465] cpuidle: using governor menu
[    0.048853] No ATAGs?
[    0.048908] hw-breakpoint: found 5 (+1 reserved) breakpoint and 4 watchpoint registers.
[    0.048915] hw-breakpoint: maximum watchpoint size is 8 bytes.
[    0.051728] Serial: AMBA PL011 UART driver
[    0.052163] tegra-mc 70019000.memory-controller: no memory timings for RAM code 0 registered
[    0.052275] iommu: Adding device reg-dummy to group 0
[    0.052303] iommu: Adding device 50000000.host1x to group 1
[    0.052327] iommu: Adding device 54200000.dc to group 2
[    0.052354] iommu: Adding device 54240000.dc to group 3
[    0.052365] iommu: Adding device 54280000.hdmi to group 4
[    0.052376] iommu: Adding device 54540000.sor to group 5
[    0.052390] iommu: Adding device 545c0000.dpaux to group 6
[    0.052414] iommu: Adding device 57000000.gpu to group 7
[    0.052425] iommu: Adding device 60005000.timer to group 8
[    0.052436] iommu: Adding device 60007000.flow-controller to group 9
[    0.052447] iommu: Adding device 6000c800.actmon to group 10
[    0.052460] iommu: Adding device 6000d000.gpio to group 11
[    0.052471] iommu: Adding device 60020000.dma to group 12
[    0.052481] iommu: Adding device 70000800.apbmisc to group 13
[    0.052492] iommu: Adding device 70000868.pinmux to group 14
[    0.052502] iommu: Adding device 70006000.serial to group 15
[    0.052516] iommu: Adding device 7000a000.pwm to group 16
[    0.052527] iommu: Adding device 7000c000.i2c to group 17
[    0.052538] iommu: Adding device 7000c400.i2c to group 18
[    0.052549] iommu: Adding device 7000c500.i2c to group 19
[    0.052561] iommu: Adding device 7000c700.i2c to group 20
[    0.052571] iommu: Adding device 7000d000.i2c to group 21
[    0.052583] iommu: Adding device 7000d400.spi to group 22
[    0.052593] iommu: Adding device 7000da00.spi to group 23
[    0.052603] iommu: Adding device 7000e000.rtc to group 24
[    0.052614] iommu: Adding device 7000e400.pmc to group 25
[    0.052624] iommu: Adding device 7000f800.fuse to group 26
[    0.052637] iommu: Adding device 70019000.memory-controller to group 27
[    0.052650] iommu: Adding device 7001b000.emc to group 28
[    0.052660] iommu: Adding device 70030000.hda to group 29
[    0.052671] iommu: Adding device 70090000.usb to group 30
[    0.052682] iommu: Adding device 7009f000.padctl to group 31
[    0.052692] iommu: Adding device 700b0000.sdhci to group 32
[    0.052703] iommu: Adding device 700b0400.sdhci to group 33
[    0.052714] iommu: Adding device 700b0600.sdhci to group 34
[    0.052725] iommu: Adding device 700e2000.thermal-sensor to group 35
[    0.052738] iommu: Adding device 70300000.ahub to group 36
[    0.052749] iommu: Adding device pmu to group 37
[    0.052762] iommu: Adding device timer to group 38
[    0.052772] iommu: Adding device sdhci0_pwrseq to group 39
[    0.052782] iommu: Adding device backlight to group 40
[    0.052793] iommu: Adding device clocks to group 41
[    0.052803] iommu: Adding device gpio-keys to group 42
[    0.052813] iommu: Adding device regulators to group 43
[    0.052824] iommu: Adding device regulators:regulator@0 to group 44
[    0.052836] iommu: Adding device regulators:regulator@1 to group 45
[    0.052847] iommu: Adding device regulators:regulator@2 to group 46
[    0.052860] iommu: Adding device regulators:regulator@3 to group 47
[    0.052873] iommu: Adding device regulators:regulator@4 to group 48
[    0.052884] iommu: Adding device regulators:regulator@5 to group 49
[    0.052895] iommu: Adding device regulators:regulator@6 to group 50
[    0.052905] iommu: Adding device regulators:regulator@7 to group 51
[    0.052916] iommu: Adding device regulators:regulator@8 to group 52
[    0.052929] iommu: Adding device regulators:regulator@9 to group 53
[    0.052939] iommu: Adding device regulators:regulator@10 to group 54
[    0.052950] iommu: Adding device regulators:regulator@11 to group 55
[    0.052960] iommu: Adding device regulators:regulator@12 to group 56
[    0.052971] iommu: Adding device sound to group 57
[    0.052981] iommu: Adding device gpio-restart to group 58
[    0.052993] iommu: Adding device panel to group 59
[    0.058209] AT91: Could not find identification node
[    0.058420] +5V_SYS: supplied by +VDD_MUX
[    0.058517] +3.3V_SYS: supplied by +VDD_MUX
[    0.058728] +VDD_LED: Failed to request enable GPIO122: -517
[    0.058734] reg-fixed-voltage regulators:regulator@5: Failed to register regulator: -517
[    0.058767] +5V_VDD_TS_SW: Failed to request enable GPIO81: -517
[    0.058772] reg-fixed-voltage regulators:regulator@6: Failed to register regulator: -517
[    0.058804] +5V_USB_HS: Failed to request enable GPIO108: -517
[    0.058809] reg-fixed-voltage regulators:regulator@7: Failed to register regulator: -517
[    0.058841] +5V_USB_SS: Failed to request enable GPIO109: -517
[    0.058846] reg-fixed-voltage regulators:regulator@8: Failed to register regulator: -517
[    0.058932] +1.05V_RUN_AVDD_HDMI_PLL: Failed to request enable GPIO63: -517
[    0.058936] reg-fixed-voltage regulators:regulator@11: Failed to register regulator: -517
[    0.058968] +5V_HDMI_CON: Failed to request enable GPIO86: -517
[    0.058973] reg-fixed-voltage regulators:regulator@12: Failed to register regulator: -517
[    0.059963] vgaarb: loaded
[    0.060225] SCSI subsystem initialized
[    0.060297] libata version 3.00 loaded.
[    0.060373] usbcore: registered new interface driver usbfs
[    0.060390] usbcore: registered new interface driver hub
[    0.060415] usbcore: registered new device driver usb
[    0.061711] pps_core: LinuxPPS API ver. 1 registered
[    0.061715] pps_core: Software ver. 5.3.6 - Copyright 2005-2007 Rodolfo Giometti <giometti@linux.it>
[    0.061724] PTP clock support registered
[    0.061791] EDAC MC: Ver: 3.0.0
[    0.062205] tegra-emc 7001b000.emc: no memory timings for RAM code 0 found in DT
[    0.062215] tegra-emc: probe of 7001b000.emc failed with error -2
[    0.062644] clocksource: Switched to clocksource arch_sys_counter
[    0.080917] NET: Registered protocol family 2
[    0.081106] tcp_listen_portaddr_hash hash table entries: 512 (order: 0, 6144 bytes)
[    0.081118] TCP established hash table entries: 8192 (order: 3, 32768 bytes)
[    0.081152] TCP bind hash table entries: 8192 (order: 4, 65536 bytes)
[    0.081214] TCP: Hash tables configured (established 8192 bind 8192)
[    0.081250] UDP hash table entries: 512 (order: 2, 16384 bytes)
[    0.081265] UDP-Lite hash table entries: 512 (order: 2, 16384 bytes)
[    0.081324] NET: Registered protocol family 1
[    0.081493] RPC: Registered named UNIX socket transport module.
[    0.081497] RPC: Registered udp transport module.
[    0.081501] RPC: Registered tcp transport module.
[    0.081504] RPC: Registered tcp NFSv4.1 backchannel transport module.
[    0.081509] PCI: CLS 0 bytes, default 64
[    0.082078] hw perfevents: enabled with armv7_cortex_a15 PMU driver, 7 counters available
[    0.082371] iommu: Adding device alarmtimer to group 60
[    0.082718] Initialise system trusted keyrings
[    0.082779] workingset: timestamp_bits=30 max_order=19 bucket_order=0
[    0.085154] squashfs: version 4.0 (2009/01/31) Phillip Lougher
[    0.085383] NFS: Registering the id_resolver key type
[    0.085391] Key type id_resolver registered
[    0.085394] Key type id_legacy registered
[    0.085410] ntfs: driver 2.1.32 [Flags: R/O].
[    0.086015] Key type asymmetric registered
[    0.086019] Asymmetric key parser 'x509' registered
[    0.086038] bounce: pool size: 64 pages
[    0.086056] Block layer SCSI generic (bsg) driver version 0.4 loaded (major 246)
[    0.086060] io scheduler noop registered
[    0.086064] io scheduler deadline registered
[    0.086142] io scheduler cfq registered (default)
[    0.086146] io scheduler mq-deadline registered
[    0.086149] io scheduler kyber registered
[    0.087523] tegra-xusb-padctl 7009f000.padctl: failed to setup XUSB ports: -517
[    0.098293] tegra-apbdma 60020000.dma: Tegra20 APB DMA driver register 32 channels
[    0.099447] tegra-pmc 7000e400.pmc: i2c-thermtrip node not found, emergency thermal reset disabled.
[    0.116840] Serial: 8250/16550 driver, 4 ports, IRQ sharing disabled
[    0.116883] iommu: Adding device serial8250 to group 61
[    0.117912] console [ttyS0] disabled
[    0.117931] 70006000.serial: ttyS0 at MMIO 0x70006000 (irq = 333, base_baud = 25500000) is a Tegra
[    1.370109] console [ttyS0] enabled
[    1.373901] SuperH (H)SCI(F) driver initialized
[    1.378789] msm_serial: driver initialized
[    1.382946] STMicroelectronics ASC driver initialized
[    1.406411] tegra-hdmi 54280000.hdmi: failed to get HDMI regulator
[    1.412964] tegra-dpaux 545c0000.dpaux: failed to get VDD supply: -517
[    1.420423] panel-simple panel: panel supply power not found, using dummy regulator
[    1.430751] brd: module loaded
[    1.436191] loop: module loaded
[    1.440251] as3722 4-0040: AS3722 with revision 0x1 found
[    1.446774] iommu: Adding device as3722-pinctrl to group 62
[    1.453680] iommu: Adding device as3722-regulator to group 63
[    1.461521] as3722-sd2: supplied by +5V_SYS
[    1.465983] as3722-sd3: supplied by +5V_SYS
[    1.470315] +1.35V_LP0(sd3): Bringing 0uV into 1350000-1350000uV
[    1.476480] as3722-sd4: supplied by +5V_SYS
[    1.480815] +1.05V_RUN: Bringing 0uV into 1050000-1050000uV
[    1.486547] as3722-sd5: supplied by +5V_SYS
[    1.492096] as3722-ldo0: supplied by +1.35V_LP0(sd2)
[    1.497824] +1.8V_RUN_CAM: Bringing 0uV into 1800000-1800000uV
[    1.503825] as3722-ldo2: supplied by +1.8V_VDDIO
[    1.509421] as3722-ldo3: supplied by +3.3V_SYS
[    1.513880] +1.00V_LP0_VDD_RTC: Bringing 1100000uV into 1000000-1000000uV
[    1.521435] as3722-ldo4: supplied by +3.3V_SYS
[    1.526032] +3.3V_RUN_CAM: Bringing 0uV into 2800000-2800000uV
[    1.532029] as3722-ldo5: supplied by +1.8V_VDDIO
[    1.536800] +1.2V_RUN_CAM_FRONT: Bringing 0uV into 1200000-1200000uV
[    1.543485] +VDDIO_SDMMC3: Bringing 0uV into 1800000-1800000uV
[    1.549494] as3722-ldo7: supplied by +1.8V_VDDIO
[    1.554266] +1.05V_RUN_CAM_REAR: Bringing 0uV into 1050000-1050000uV
[    1.560798] as3722-ldo9: supplied by +5V_SYS
[    1.565366] +2.8V_RUN_TOUCH: Bringing 0uV into 2800000-2800000uV
[    1.571556] as3722-ldo10: supplied by +5V_SYS
[    1.576067] +2.8V_RUN_CAM_AF: Bringing 0uV into 2800000-2800000uV
[    1.582491] +1.8V_RUN_VPP_FUSE: Bringing 0uV into 1800000-1800000uV
[    1.588981] iommu: Adding device as3722-rtc to group 64
[    1.594343] iommu: Adding device as3722-adc to group 65
[    1.599658] iommu: Adding device as3722-power-off to group 66
[    1.605497] iommu: Adding device as3722-wdt to group 67
[    1.622569] m25p80 spi1.0: w25q32dw (4096 Kbytes)
[    1.628086] iommu: Adding device Fixed MDIO bus.0 to group 68
[    1.633973] libphy: Fixed MDIO Bus: probed
[    1.638396] CAN device driver interface
[    1.642534] bgmac_bcma: Broadcom 47xx GBit MAC driver loaded
[    1.648647] e1000e: Intel(R) PRO/1000 Network Driver - 3.2.6-k
[    1.654469] e1000e: Copyright(c) 1999 - 2015 Intel Corporation.
[    1.660391] igb: Intel(R) Gigabit Ethernet Network Driver - version 5.4.0-k
[    1.667340] igb: Copyright (c) 2007-2014 Intel Corporation.
[    1.674235] pegasus: v0.9.3 (2013/04/25), Pegasus/Pegasus II USB Ethernet driver
[    1.681632] usbcore: registered new interface driver pegasus
[    1.687296] usbcore: registered new interface driver asix
[    1.692697] usbcore: registered new interface driver ax88179_178a
[    1.698784] usbcore: registered new interface driver cdc_ether
[    1.704621] usbcore: registered new interface driver smsc75xx
[    1.710364] usbcore: registered new interface driver smsc95xx
[    1.716110] usbcore: registered new interface driver net1080
[    1.721763] usbcore: registered new interface driver cdc_subset
[    1.727681] usbcore: registered new interface driver zaurus
[    1.733262] usbcore: registered new interface driver cdc_ncm
[    1.739583] ehci_hcd: USB 2.0 'Enhanced' Host Controller (EHCI) Driver
[    1.746102] ehci-pci: EHCI PCI platform driver
[    1.750543] ehci-platform: EHCI generic platform driver
[    1.755831] ehci-orion: EHCI orion driver
[    1.759882] SPEAr-ehci: EHCI SPEAr driver
[    1.763934] ehci-st: EHCI STMicroelectronics driver
[    1.768844] ehci-exynos: EHCI EXYNOS driver
[    1.773075] ehci-atmel: EHCI Atmel driver
[    1.777118] tegra-ehci: Tegra EHCI driver
[    1.781177] ohci_hcd: USB 1.1 'Open' Host Controller (OHCI) Driver
[    1.787352] ohci-pci: OHCI PCI platform driver
[    1.791794] ohci-platform: OHCI generic platform driver
[    1.797073] SPEAr-ohci: OHCI SPEAr driver
[    1.801116] ohci-st: OHCI STMicroelectronics driver
[    1.806033] ohci-atmel: OHCI Atmel driver
[    1.810288] usbcore: registered new interface driver usb-storage
[    1.817643] elan_i2c 1-0015: 1-0015 supply vcc not found, using dummy regulator
[    1.826307] as3722-rtc as3722-rtc: rtc core: registered as3722-rtc as rtc0
[    1.833176] as3722-rtc as3722-rtc: RTC interrupt 372
[    1.840122] tegra_rtc 7000e000.rtc: rtc core: registered 7000e000.rtc as rtc1
[    1.847265] tegra_rtc 7000e000.rtc: Tegra internal Real Time Clock
[    1.853622] i2c /dev entries driver
[    1.859511] lm90 0-004c: 0-004c supply vcc not found, using dummy regulator
[    1.869865] iommu: Adding device cpufreq-tegra124 to group 69
[    1.876691] sdhci: Secure Digital Host Controller Interface driver
[    1.882869] sdhci: Copyright(c) Pierre Ossman
[    1.887793] Synopsys Designware Multimedia Card Interface Driver
[    1.894301] sdhci-pltfm: SDHCI platform and OF driver helper
[    1.900235] sdhci-tegra 700b0000.sdhci: allocated mmc-pwrseq
[    1.912761] sdhci-tegra 700b0400.sdhci: Got CD GPIO
[    1.917632] sdhci-tegra 700b0400.sdhci: Got WP GPIO
[    1.936671] mmc0: Unknown controller version (3). You may experience problems.
[    1.943911] mmc0: Invalid maximum block size, assuming 512 bytes
[    1.980619] mmc0: SDHCI controller on 700b0600.sdhci [700b0600.sdhci] using ADMA
[    1.988768] ledtrig-cpu: registered to indicate activity on CPUs
[    1.994832] elan_i2c 1-0015: Elan Touchpad: Module ID: 0x002a, Firmware: 0x0005, Sample: 0x0007, IAP: 0x0009
[    1.994905] usbcore: registered new interface driver usbhid
[    1.994906] usbhid: USB HID core driver
[    1.996869] NET: Registered protocol family 10
[    1.997292] Segment Routing with IPv6
[    1.997319] sit: IPv6, IPv4 and MPLS over IPv4 tunneling driver
[    1.997568] NET: Registered protocol family 17
[    1.997574] can: controller area network core (rev 20170425 abi 9)
[    1.997603] NET: Registered protocol family 29
[    1.997606] can: raw protocol (rev 20170425)
[    1.997609] can: broadcast manager protocol (rev 20170425 t)
[    1.997614] can: netlink gateway (rev 20170425) max_hops=1
[    1.997774] Key type dns_resolver registered
[    2.004787] ThumbEE CPU extension supported.
[    2.004793] Registering SWP/SWPB emulation handler
[    2.005070] Loading compiled-in X.509 certificates
[    2.022275] +3.3V_RUN: supplied by +3.3V_SYS
[    2.033163] +VDD_LED: supplied by +VDD_MUX
[    2.033262] +3.3V_AVDD_HDMI_AP_GATED: supplied by +3.3V_RUN
[    2.033301] +1.8V_RUN_CAM: supplied by +3.3V_RUN
[    2.033340] +VDDIO_SDMMC3: supplied by +3.3V_RUN
[    2.033378] +1.8V_RUN_VPP_FUSE: supplied by +3.3V_RUN
[    2.033568] +5V_VDD_TS_SW: supplied by +5V_SYS
[    2.033813] +5V_USB_HS: supplied by +5V_SYS
[    2.034053] +5V_USB_SS: supplied by +5V_SYS
[    2.053326] +3.3V_PANEL: supplied by +3.3V_RUN
[    2.072187] +3.3V_LP0: supplied by +3.3V_SYS
[    2.085823] +1.05V_RUN_AVDD_HDMI_PLL: supplied by +1.05V_RUN
[    2.086122] +5V_HDMI_CON: supplied by +5V_SYS
[    2.086929]  usb3-0: usb3-0 supply vbus not found, using dummy regulator
[    2.086984]  usb3-1: usb3-1 supply vbus not found, using dummy regulator
[    2.090819] tegra-sor 54540000.sor: failed to probe output: -517
[    2.091602] panel-simple panel: panel supply power not found, using dummy regulator
[    2.092845] sdhci-tegra 700b0000.sdhci: allocated mmc-pwrseq
[    2.101183] mmc1: Unknown controller version (3). You may experience problems.
[    2.101251] mmc1: Invalid maximum block size, assuming 512 bytes
[    2.101595] mmc1: Switching to 3.3V signalling voltage failed
[    2.125408] mmc1: SDHCI controller on 700b0000.sdhci [700b0000.sdhci] using ADMA
[    2.126466] sdhci-tegra 700b0400.sdhci: Got CD GPIO
[    2.126476] sdhci-tegra 700b0400.sdhci: Got WP GPIO
[    2.132858] mmc2: Unknown controller version (3). You may experience problems.
[    2.132914] mmc2: Invalid maximum block size, assuming 512 bytes
[    2.165714] mmc2: SDHCI controller on 700b0400.sdhci [700b0400.sdhci] using ADMA
[    2.166469] tegra-sor 54540000.sor: failed to probe output: -517
[    2.167297] panel-simple panel: panel supply power not found, using dummy regulator
[    2.168309] input: gpio-keys as /devices/soc0/gpio-keys/input/input0
[    2.168862] tegra-sor 54540000.sor: failed to probe output: -517
[    2.169476] panel-simple panel: panel supply power not found, using dummy regulator
[    2.182734] as3722-rtc as3722-rtc: setting system clock to 2000-01-01 00:00:24 UTC (946684824)
[    2.183156] +3.3V_AVDD_HDMI_AP_GATED: disabling
[    2.183165] +1.05V_RUN: disabling
[    2.188575] +1.8V_RUN_CAM: disabling
[    2.195997] +3.3V_RUN_CAM: disabling
[    2.200878] +1.2V_RUN_CAM_FRONT: disabling
[    2.205789] +1.05V_RUN_CAM_REAR: disabling
[    2.213041] +2.8V_RUN_TOUCH: disabling
[    2.219047] +2.8V_RUN_CAM_AF: disabling
[    2.226471] +1.8V_RUN_VPP_FUSE: disabling
[    2.232480] +VDD_LED: disabling
[    2.232484] +5V_VDD_TS_SW: disabling
[    2.232488] +5V_USB_HS: disabling
[    2.232491] +5V_USB_SS: disabling
[    2.232494] +3.3V_PANEL: disabling
[    2.232497] +1.05V_RUN_AVDD_HDMI_PLL: disabling
[    2.232500] +5V_HDMI_CON: disabling
[ pad as /devices/soc0/7000c400.i2c/i2c-1/1-0015/input/input1
[    2.335268] tegra-sor 54540000.sor: failed to probe output: -517
[    2.342461] panel-simple panel: panel supply power not found, using dummy regulator
[    2.352005] Waiting for root device PARTUUID=4d36e82a-b3c0-4b4b-bfcd-afe5217ac023...
[    2.376262] elan_i2c 1-0015: invalid report id data (ff)
[    2.393265] mmc1: new high speed SDIO card at address 0001
[    2.402050] mmc0: new high speed MMC card at address 0001
[    2.407743] mmcblk0: mmc0:0001 MMC16G 14.4 GiB 
[    2.412486] mmcblk0boot0: mmc0:0001 MMC16G partition 1 2.00 MiB
[    2.418614] mmcblk0boot1: mmc0:0001 MMC16G partition 2 2.00 MiB
[    2.424794] mmcblk0rpmb: mmc0:0001 MMC16G partition 3 128 KiB, chardev (236:0)
[    2.436518]  mmcblk0: p1 p2 p3 p4 p5 p6 p7 p8 p9 p10 p11 p12
[    2.444057] tegra-sor 54540000.sor: failed to probe output: -517
[    2.450929] panel-simple panel: panel supply power not found, using dummy regulator
[    2.473276] EXT4-fs (mmcblk0p3): couldn't mount as ext3 due to feature incompatibilities
[    2.481858] EXT4-fs (mmcblk0p3): couldn't mount as ext2 due to feature incompatibilities
[    2.500654] mmc2: new high speed SDHC card at address 0007
[    2.506449] mmcblk2: mmc2:0007 SD08G 7.42 GiB 
[    2.519644] GPT:Primary header alternate_lba != Alt. header my_lba
[    2.525852] GPT:3014591 != 15564799
[    2.529331] GPT:Primary header thinks Alt. header is not at the end of the disk.
[    2.536716] GPT:3014591 != 15564799
[    2.540197] GPT: Use GNU Parted to correct GPT errors.
[    2.545376]  mmcblk2: p1 p2 p3 p4 p5 p6 p7 p8 p9 p10 p11 p12
[    2.552396] tegra-sor 54540000.sor: failed to probe output: -517
[    2.558983] panel-simple panel: panel supply power not found, using dummy regulator
[    2.883856] EXT4-fs (mmcblk0p3): recovery complete
[    2.888644] EXT4-fs (mmcblk0p3): mounted filesystem with ordered data mode. Opts: (null)
[    2.896767] VFS: Mounted root (ext4 filesystem) on device 179:3.
[    2.903759] devtmpfs: mounted
[    2.907428] Freeing unused kernel memory: 2048K
bash: cannot set terminal process group (-1): Inappropriate ioctl for device
bash: no job control in this shell
root@(none):/# mount -t sysfs none /sys
root@(none):/# 
root@(none):/# mount -t debugfs none /sys/kernel/debug
root@(none):/# 
root@(none):/# rtcwake -d rtc1 -m mem -s 3
rtcwake: assuming RTC uses UTC ...
rtcwake: wakeup from "mem" using /dev/rtc1 at Thu Jan  1 00:00:29 1970
[    5.835770] PM: suspend entry (deep)
[    5.839341] PM: Syncing filesystems ... done.
[    5.845593] Freezing user space processes ... (elapsed 0.001 seconds) done.
[    5.853710] OOM killer disabled.
[    5.856936] Freezing remaining freezable tasks ... (elapsed 0.001 seconds) done.
[    5.865504] Suspending console(s) (use no_console_suspend to debug)
[    5.892051] Disabling non-boot CPUs ...
[    5.992816] IRQ17 no longer affine to CPU2
[    6.043225] Entering suspend state LP1
[    6.043239] Enabling non-boot CPUs ...
[    6.043628] CPU1 is up
[    6.043927] CPU2 is up
[    6.044257] CPU3 is up
[    6.213494] mmc1: Switching to 3.3V signalling voltage failed
[    6.275858] tegra-sor 54540000.sor: failed to probe output: -517
[    6.276468] panel-simple panel: panel supply power not found, using dummy regulator
[    6.314934] OOM killer enabled.
[    6.318064] Restarting tasks ... done.
[    6.322096] PM: suspend exit
root@(none):/# 
root@(none):/# rtcwake -d rtc1 -m mem -s 3
rtcwake: assuming RTC uses UTC ...
rtcwake: wakeup from "mem" using /dev/rtc1 at Thu Jan  1 00:00:34 1970
[    7.502287] PM: suspend entry (deep)
[    7.505875] PM: Syncing filesystems ... done.
[    7.511659] Freezing user space processes ... (elapsed 0.001 seconds) done.
[    7.519761] OOM killer disabled.
[    7.522994] Freezing remaining freezable tasks ... (elapsed 0.001 seconds) done.
[    7.531513] Suspending console(s) (use no_console_suspend to debug)
[    7.557843] Disabling non-boot CPUs ...
[    7.652800] IRQ17 no longer affine to CPU2
[    7.703173] Entering suspend state LP1
[    7.703187] Enabling non-boot CPUs ...
[    7.703577] CPU1 is up
[    7.703877] CPU2 is up
[    7.704210] CPU3 is up
[    7.872925] mmc1: Switching to 3.3V signalling voltage failed
[    7.931505] tegra-sor 54540000.sor: failed to probe output: -517
[    7.932062] panel-simple panel: panel supply power not found, using dummy regulator
[    7.970489] OOM killer enabled.
[    7.973625] Restarting tasks ... done.
[    7.977652] PM: suspend exit
root@(none):/# 
root@(none):/# rtcwake -d rtc1 -m mem -s 3
rtcwake: assuming RTC uses UTC ...
rtcwake: wakeup from "mem" using /dev/rtc1 at Thu Jan  1 00:00:39 1970
[    9.162549] PM: suspend entry (deep)
[    9.166144] PM: Syncing filesystems ... done.
[    9.171956] Freezing user space processes ... (elapsed 0.001 seconds) done.
[    9.180055] OOM killer disabled.
[    9.183289] Freezing remaining freezable tasks ... (elapsed 0.001 seconds) done.
[    9.191818] Suspending console(s) (use no_console_suspend to debug)
[    9.218326] Disabling non-boot CPUs ...
[    9.252782] IRQ17 no longer affine to CPU1
[    9.373231] Entering suspend state LP1
[    9.373245] Enabling non-boot CPUs ...
[    9.373608] CPU1 is up
[    9.373908] CPU2 is up
[    9.374240] CPU3 is up
[    9.543436] mmc1: Switching to 3.3V signalling voltage failed
[    9.606085] tegra-sor 54540000.sor: failed to probe output: -517
[    9.606700] panel-simple panel: panel supply power not found, using dummy regulator
[    9.645137] OOM killer enabled.
[    9.648266] Restarting tasks ... done.
[    9.652294] PM: suspend exit
root@(none):/# 
root@(none):/# rtcwake -d rtc1 -m mem -s 3
rtcwake: assuming RTC uses UTC ...
rtcwake: wakeup from "mem" using /dev/rtc1 at Thu Jan  1 00:00:44 1970
[   10.831475] PM: suspend entry (deep)
[   10.835060] PM: Syncing filesystems ... done.
[   10.840668] Freezing user space processes ... (elapsed 0.001 seconds) done.
[   10.848783] OOM killer disabled.
[   10.851999] Freezing remaining freezable tasks ... (elapsed 0.001 seconds) done.
[   10.860543] Suspending console(s) (use no_console_suspend to debug)
[   10.887166] Disabling non-boot CPUs ...
[   10.982759] IRQ17 no longer affine to CPU2
[   11.053147] Entering suspend state LP1
[   11.053161] Enabling non-boot CPUs ...
[   11.053523] CPU1 is up
[   11.053822] CPU2 is up
[   11.054154] CPU3 is up
[   11.223832] mmc1: Switching to 3.3V signalling voltage failed
[   11.286452] tegra-sor 54540000.sor: failed to probe output: -517
[   11.287054] panel-simple panel: panel supply power not found, using dummy regulator
[   11.325527] OOM killer enabled.
[   11.328656] Restarting tasks ... done.
[   11.332729] PM: suspend exit
root@(none):/# 
root@(none):/# rtcwake -d rtc1 -m mem -s 3
rtcwake: assuming RTC uses UTC ...
rtcwake: wakeup from "mem" using /dev/rtc1 at Thu Jan  1 00:00:49 1970
[   12.511376] PM: suspend entry (deep)
[   12.514961] PM: Syncing filesystems ... done.
[   12.520572] Freezing user space processes ... (elapsed 0.001 seconds) done.
[   12.528616] OOM killer disabled.
[   12.531831] Freezing remaining freezable tasks ... (elapsed 0.001 seconds) done.
[   12.540372] Suspending console(s) (use no_console_suspend to debug)
[   12.567036] Disabling non-boot CPUs ...
[   12.682738] IRQ17 no longer affine to CPU2
[   12.733149] Entering suspend state LP1
[   12.733162] Enabling non-boot CPUs ...
[   12.733523] CPU1 is up
[   12.733823] CPU2 is up
[   12.734152] CPU3 is up
[   12.903364] mmc1: Switching to 3.3V signalling voltage failed
[   12.965966] tegra-sor 54540000.sor: failed to probe output: -517
[   12.966578] panel-simple panel: panel supply power not found, using dummy regulator
[   13.005049] OOM killer enabled.
[   13.008179] Restarting tasks ... done.
[   13.012211] PM: suspend exit
root@(none):/# 
root@(none):/# rtcwake -d rtc1 -m mem -s 3
rtcwake: assuming RTC uses UTC ...
rtcwake: wakeup from "mem" using /dev/rtc1 at Thu Jan  1 00:00:54 1970
[   14.190995] PM: suspend entry (deep)
[   14.194579] PM: Syncing filesystems ... done.
[   14.200113] Freezing user space processes ... (elapsed 0.001 seconds) done.
[   14.208155] OOM killer disabled.
[   14.211371] Freezing remaining freezable tasks ... (elapsed 0.001 seconds) done.
[   14.219921] Suspending console(s) (use no_console_suspend to debug)
[   14.246242] Disabling non-boot CPUs ...
[   14.342719] IRQ17 no longer affine to CPU2
[   14.393086] Entering suspend state LP1
[   14.393099] Enabling non-boot CPUs ...
[   14.393463] CPU1 is up
[   14.393763] CPU2 is up
[   14.394096] CPU3 is up
[   14.563916] mmc1: Switching to 3.3V signalling voltage failed
[   14.626370] tegra-sor 54540000.sor: failed to probe output: -517
[   14.626935] panel-simple panel: panel supply power not found, using dummy regulator
[   14.665379] OOM killer enabled.
[   14.668509] Restarting tasks ... done.
[   14.672595] PM: suspend exit
root@(none):/# 
root@(none):/# rtcwake -d rtc1 -m mem -s 3
rtcwake: assuming RTC uses UTC ...
rtcwake: wakeup from "mem" using /dev/rtc1 at Thu Jan  1 00:00:59 1970
[   15.852249] PM: suspend entry (deep)
[   15.855836] PM: Syncing filesystems ... done.
[   15.861621] Freezing user space processes ... (elapsed 0.001 seconds) done.
[   15.869723] OOM killer disabled.
[   15.872956] Freezing remaining freezable tasks ... (elapsed 0.001 seconds) done.
[   15.881482] Suspending console(s) (use no_console_suspend to debug)
[   15.908044] Disabling non-boot CPUs ...
[   16.073166] Entering suspend state LP1
[   16.073180] Enabling non-boot CPUs ...
[   16.073576] CPU1 is up
[   16.073876] CPU2 is up
[   16.074206] CPU3 is up
[   16.244473] mmc1: Switching to 3.3V signalling voltage failed
[   16.307189] tegra-sor 54540000.sor: failed to probe output: -517
[   16.307746] panel-simple panel: panel supply power not found, using dummy regulator
[   16.342110] OOM killer enabled.
[   16.345248] Restarting tasks ... done.
[   16.349282] PM: suspend exit
root@(none):/# 
root@(none):/# rtcwake -d rtc1 -m mem -s 3
rtcwake: assuming RTC uses UTC ...
rtcwake: wakeup from "mem" using /dev/rtc1 at Thu Jan  1 00:01:04 1970
[   17.531570] PM: suspend entry (deep)
[   17.535155] PM: Syncing filesystems ... done.
[   17.540871] Freezing user space processes ... (elapsed 0.001 seconds) done.
[   17.548988] OOM killer disabled.
[   17.552205] Freezing remaining freezable tasks ... (elapsed 0.001 seconds) done.
[   17.560738] Suspending console(s) (use no_console_suspend to debug)
[   17.587295] Disabling non-boot CPUs ...
[   17.742654] IRQ17 no longer affine to CPU3
[   17.743143] Entering suspend state LP1
[   17.743157] Enabling non-boot CPUs ...
[   17.743521] CPU1 is up
[   17.743819] CPU2 is up
[   17.744154] CPU3 is up
[   17.913302] mmc1: Switching to 3.3V signalling voltage failed
[   17.975971] tegra-sor 54540000.sor: failed to probe output: -517
[   17.976582] panel-simple panel: panel supply power not found, using dummy regulator
[   18.015032] OOM killer enabled.
[   18.018161] Restarting tasks ... done.
[   18.022193] PM: suspend exit
root@(none):/# 
root@(none):/# rtcwake -d rtc1 -m mem -s 3
rtcwake: assuming RTC uses UTC ...
rtcwake: wakeup from "mem" using /dev/rtc1 at Thu Jan  1 00:01:09 1970
[   19.200377] PM: suspend entry (deep)
[   19.203957] PM: Syncing filesystems ... done.
[   19.209485] Freezing user space processes ... (elapsed 0.001 seconds) done.
[   19.217590] OOM killer disabled.
[   19.220807] Freezing remaining freezable tasks ... (elapsed 0.001 seconds) done.
[   19.229361] Suspending console(s) (use no_console_suspend to debug)
[   19.255853] Disabling non-boot CPUs ...
[   19.413069] Entering suspend state LP1
[   19.413083] Enabling non-boot CPUs ...
[   19.413446] CPU1 is up
[   19.413745] CPU2 is up
[   19.414075] CPU3 is up
[   19.583463] mmc1: Switching to 3.3V signalling voltage failed
[   19.645953] tegra-sor 54540000.sor: failed to probe output: -517
[   19.646562] panel-simple panel: panel supply power not found, using dummy regulator
[   19.680948] OOM killer enabled.
[   19.684086] Restarting tasks ... done.
[   19.688115] PM: suspend exit
root@(none):/# 
root@(none):/# rtcwake -d rtc1 -m mem -s 3
rtcwake: assuming RTC uses UTC ...
rtcwake: wakeup from "mem" using /dev/rtc1 at Thu Jan  1 00:01:14 1970
[   20.871294] PM: suspend entry (deep)
[   20.874878] PM: Syncing filesystems ... done.
[   20.880492] Freezing user space processes ... (elapsed 0.001 seconds) done.
[   20.888534] OOM killer disabled.
[   20.891750] Freezing remaining freezable tasks ... (elapsed 0.001 seconds) done.
[   20.900274] Suspending console(s) (use no_console_suspend to debug)
[   20.926657] Disabling non-boot CPUs ...
[   21.092616] IRQ17 no longer affine to CPU3
[   21.093047] Entering suspend state LP1
[   21.093060] Enabling non-boot CPUs ...
[   21.093422] CPU1 is up
[   21.093722] CPU2 is up
[   21.094056] CPU3 is up
[   21.264262] mmc1: Switching to 3.3V signalling voltage failed
[   21.326822] tegra-sor 54540000.sor: failed to probe output: -517
[   21.327380] panel-simple panel: panel supply power not found, using dummy regulator
[   21.365830] OOM killer enabled.
[   21.368960] Restarting tasks ... done.
[   21.373035] PM: suspend exit
root@(none):/# 
root@(none):/# NVTB SYSTEM SUSPEND TEST COMPLETE
