
U-Boot SPL 2014.01-00219-gc4d376f (Feb 18 2014 - 19:57:18)


U-Boot 2014.01-00219-gc4d376f (Feb 18 2014 - 19:57:18)

TEGRA30
Board: NVIDIA Beaver
I2C:   ready
DRAM:  2 GiB
MMC:   Tegra SD/MMC: 0, Tegra SD/MMC: 1
In:    serial
Out:   serial
Err:   serial
Net:   Net Initialization Skipped
No ethernet found.
Hit any key to stop autoboot:  2  0 
Tegra30 (Beaver) # 
Tegra30 (Beaver) # usb reset
(Re)start USB...
USB0:   USB EHCI 1.00
scanning bus 0 for devices... 2 USB Device(s) found
       scanning usb for storage devices... 0 Storage Device(s) found
       scanning usb for ethernet devices... 
Warning: asx0 using MAC address from net device
1 Ethernet Device(s) found
Tegra30 (Beaver) # setenv bootargs 'ignore_loglevel console=ttyS0,115200n8 rw root=PARTUUID=edbe1840-3633-c751-7993-b0ac834f81e0 rootwait gpt debug noinitrd earlyprintk init=/bin/bash'
Tegra30 (Beaver) # setenv ipaddr 192.168.100.101; setenv serverip 192.168.100.1; setenv tftpserverip 192.168.100.1
Tegra30 (Beaver) # tftpboot 0x81000000 zImage.multi_v7_defconfig
Using asx0 device
TFTP from server 192.168.100.1; our IP address is 192.168.100.101
Filename 'zImage.multi_v7_defconfig'.
Load address: 0x81000000
Loading: *#################################################################
	 #################################################################
	 #################################################################
	 #################################################################
	 #################################################################
	 #################################################################
	 #################################################################
	 #######################################
	 3.2 MiB/s
done
Bytes transferred = 7248848 (6e9bd0 hex)
Tegra30 (Beaver) # tftpboot 0x82000000 tegra30-beaver.dtb
Using asx0 device
TFTP from server 192.168.100.1; our IP address is 192.168.100.101
Filename 'tegra30-beaver.dtb'.
Load address: 0x82000000
Loading: *####
	 3.1 MiB/s
done
Bytes transferred = 51627 (c9ab hex)
Tegra30 (Beaver) # bootz 0x81000000 - 0x82000000
Kernel image @ 0x81000000 [ 0x000000 - 0x6e9bd0 ]
## Flattened Device Tree blob at 82000000
   Booting using the fdt blob at 0x82000000
   Loading Device Tree to 8fff0000, end 8ffff9aa ... OK

Starting kernel ...

[    0.000000] Booting Linux on physical CPU 0x0
[    0.000000] Linux version 4.7.0-rc2-next-20160607-97824-g7b95734 (pwalmsley@sellafield) (gcc version 4.7.3 20130328 (prerelease) (crosstool-NG linaro-1.13.1-4.7-2013.04-20130415 - Linaro GCC 2013.04) ) #1 SMP Mon Jun 6 22:19:22 PDT 2016
[    0.000000] CPU: ARMv7 Processor [412fc099] revision 9 (ARMv7), cr=10c5387d
[    0.000000] CPU: PIPT / VIPT nonaliasing data cache, VIPT aliasing instruction cache
[    0.000000] Machine model: NVIDIA Tegra30 Beaver evaluation board
[    0.000000] debug: ignoring loglevel setting.
[    0.000000] cma: Reserved 64 MiB at 0xfb800000
[    0.000000] Memory policy: Data cache writealloc
[    0.000000] On node 0 totalpages: 524032
[    0.000000] free_area_init_node: node 0, pgdat c141c100, node_mem_map eeff8000
[    0.000000]   DMA zone: 1536 pages used for memmap
[    0.000000]   DMA zone: 0 pages reserved
[    0.000000]   DMA zone: 196608 pages, LIFO batch:31
[    0.000000]   HighMem zone: 327424 pages, LIFO batch:31
[    0.000000] percpu: Embedded 13 pages/cpu @eef8f000 s23808 r8192 d21248 u53248
[    0.000000] pcpu-alloc: s23808 r8192 d21248 u53248 alloc=13*4096
[    0.000000] pcpu-alloc: [0] 0 [0] 1 [0] 2 [0] 3 
[    0.000000] Built 1 zonelists in Zone order, mobility grouping on.  Total pages: 522496
[    0.000000] Kernel command line: ignore_loglevel console=ttyS0,115200n8 rw root=PARTUUID=edbe1840-3633-c751-7993-b0ac834f81e0 rootwait gpt debug noinitrd earlyprintk init=/bin/bash
[    0.000000] PID hash table entries: 4096 (order: 2, 16384 bytes)
[    0.000000] Dentry cache hash table entries: 131072 (order: 7, 524288 bytes)
[    0.000000] Inode-cache hash table entries: 65536 (order: 6, 262144 bytes)
[    0.000000] Memory: 1995032K/2096128K available (9529K kernel code, 1144K rwdata, 4480K rodata, 2048K init, 342K bss, 35560K reserved, 65536K cma-reserved, 1244160K highmem)
[    0.000000] Virtual kernel memory layout:
[    0.000000]     vector  : 0xffff0000 - 0xffff1000   (   4 kB)
[    0.000000]     fixmap  : 0xffc00000 - 0xfff00000   (3072 kB)
[    0.000000]     vmalloc : 0xf0800000 - 0xff800000   ( 240 MB)
[    0.000000]     lowmem  : 0xc0000000 - 0xf0000000   ( 768 MB)
[    0.000000]     pkmap   : 0xbfe00000 - 0xc0000000   (   2 MB)
[    0.000000]     modules : 0xbf000000 - 0xbfe00000   (  14 MB)
[    0.000000]       .text : 0xc0208000 - 0xc10ae60c   (15002 kB)
[    0.000000]       .init : 0xc1100000 - 0xc1300000   (2048 kB)
[    0.000000]       .data : 0xc1300000 - 0xc141e160   (1145 kB)
[    0.000000]        .bss : 0xc1420000 - 0xc1475920   ( 343 kB)
[    0.000000] SLUB: HWalign=64, Order=0-3, MinObjects=0, CPUs=4, Nodes=1
[    0.000000] Hierarchical RCU implementation.
[    0.000000] 	Build-time adjustment of leaf fanout to 32.
[    0.000000] 	RCU restricting CPUs from NR_CPUS=16 to nr_cpu_ids=4.
[    0.000000] RCU: Adjusting geometry for rcu_fanout_leaf=32, nr_cpu_ids=4
[    0.000000] NR_IRQS:16 nr_irqs:16 16
[    0.000000] /interrupt-controller@60004000: 160 interrupts forwarded to /interrupt-controller@50041000
[    0.000000] L2C: platform modifies aux control register: 0x02080000 -> 0x3e480001
[    0.000000] L2C: DT/platform modifies aux control register: 0x02080000 -> 0x3e480001
[    0.000000] L2C-310 erratum 769419 enabled
[    0.000000] L2C-310 enabling early BRESP for Cortex-A9
[    0.000000] L2C-310: enabling full line of zeros but not enabled in Cortex-A9
[    0.000000] L2C-310 dynamic clock gating enabled, standby mode enabled
[    0.000000] L2C-310 cache controller enabled, 8 ways, 1024 kB
[    0.000000] L2C-310: CACHE_ID 0x410000c7, AUX_CTRL 0x4e480001
[    0.000013] sched_clock: 32 bits at 1000kHz, resolution 1000ns, wraps every 2147483647500ns
[    0.000031] clocksource: timer_us: mask: 0xffffffff max_cycles: 0xffffffff, max_idle_ns: 1911260446275 ns
[    0.000040] Switching to timer-based delay loop, resolution 1000ns
[    0.002789] Console: colour dummy device 80x30
[    0.002814] Calibrating delay loop (skipped), value calculated using timer frequency.. 2.00 BogoMIPS (lpj=5000)
[    0.002823] pid_max: default: 32768 minimum: 301
[    0.002911] Mount-cache hash table entries: 2048 (order: 1, 8192 bytes)
[    0.002918] Mountpoint-cache hash table entries: 2048 (order: 1, 8192 bytes)
[    0.003352] CPU: Testing write buffer coherency: ok
[    0.003638] CPU0: thread -1, cpu 0, socket 0, mpidr 80000000
[    0.003683] Setting up static identity map for 0x80300000 - 0x80300098
[    0.006171] Tegra Revision: A03 SKU: 128 CPU Process: 4 SoC Process: 0
[    0.010348] CPU1: thread -1, cpu 1, socket 0, mpidr 80000001
[    0.015329] CPU2: thread -1, cpu 2, socket 0, mpidr 80000002
[    0.020329] CPU3: thread -1, cpu 3, socket 0, mpidr 80000003
[    0.020374] Brought up 4 CPUs
[    0.020388] SMP: Total of 4 processors activated (8.00 BogoMIPS).
[    0.020393] CPU: All CPU(s) started in SVC mode.
[    0.021093] devtmpfs: initialized
[    0.029174] VFP support v0.3: implementor 41 architecture 3 part 30 variant 9 rev 4
[    0.029585] clocksource: jiffies: mask: 0xffffffff max_cycles: 0xffffffff, max_idle_ns: 9556302231375000 ns
[    0.032870] pinctrl core: initialized pinctrl subsystem
[    0.034493] NET: Registered protocol family 16
[    0.037203] DMA: preallocated 256 KiB pool for atomic coherent allocations
[    0.049924] cpuidle: using governor menu
[    0.058911] No ATAGs?
[    0.058934] hw-breakpoint: found 5 (+1 reserved) breakpoint and 1 watchpoint registers.
[    0.058941] hw-breakpoint: maximum watchpoint size is 4 bytes.
[    0.062205] Serial: AMBA PL011 UART driver
[    0.063797] tegra-mc 7000f000.memory-controller: no memory timings for RAM code 3 registered
[    0.082843] vdd_5v_sata: Failed to request enable GPIO30: -517
[    0.082856] reg-fixed-voltage regulators:regulator@3: Failed to register regulator: -517
[    0.082901] usb1_vbus: Failed to request enable GPIO238: -517
[    0.082909] reg-fixed-voltage regulators:regulator@4: Failed to register regulator: -517
[    0.082951] usb3_vbus: Failed to request enable GPIO236: -517
[    0.082958] reg-fixed-voltage regulators:regulator@5: Failed to register regulator: -517
[    0.083047] sys_3v3_pexs: Failed to request enable GPIO95: -517
[    0.083054] reg-fixed-voltage regulators:regulator@7: Failed to register regulator: -517
[    0.085098] vgaarb: loaded
[    0.085598] SCSI subsystem initialized
[    0.085708] libata version 3.00 loaded.
[    0.085882] usbcore: registered new interface driver usbfs
[    0.085921] usbcore: registered new interface driver hub
[    0.085955] usbcore: registered new device driver usb
[    0.092700] vrtc: supplied by vdd_5v_in
[    0.096007] vio: supplied by vdd_5v_in
[    0.101818] vdd1: supplied by vdd_5v_in
[    0.103183] vddio_ddr_1v2: Bringing 600000uV into 1200000-1200000uV
[    0.106818] vdd2: supplied by vdd_5v_in
[    0.116832] ldo1: supplied by vdd_1v5_gen
[    0.119199] ldo2: supplied by vdd_1v5_gen
[    0.119684] vdd_sata,avdd_plle: Bringing 1200000uV into 1050000-1050000uV
[    0.121933] ldo3: supplied by vdd_5v_in
[    0.124305] ldo4: supplied by vdd_5v_in
[    0.126831] ldo5: supplied by vdd_5v_in
[    0.131823] ldo6: supplied by vdd_1v8_gen
[    0.132297] avdd_dsi_csi,pwrdet_mipi: Bringing 1000000uV into 1200000-1200000uV
[    0.134533] ldo7: supplied by vdd_1v8_gen
[    0.141838] ldo8: supplied by vdd_1v8_gen
[    0.146888] pps_core: LinuxPPS API ver. 1 registered
[    0.146895] pps_core: Software ver. 5.3.6 - Copyright 2005-2007 Rodolfo Giometti <giometti@linux.it>
[    0.146908] PTP clock support registered
[    0.147045] EDAC MC: Ver: 3.0.0
[    0.148569] clocksource: Switched to clocksource timer_us
[    0.154413] NET: Registered protocol family 2
[    0.154818] TCP established hash table entries: 8192 (order: 3, 32768 bytes)
[    0.154874] TCP bind hash table entries: 8192 (order: 4, 65536 bytes)
[    0.154957] TCP: Hash tables configured (established 8192 bind 8192)
[    0.155042] UDP hash table entries: 512 (order: 2, 16384 bytes)
[    0.155101] UDP-Lite hash table entries: 512 (order: 2, 16384 bytes)
[    0.155266] NET: Registered protocol family 1
[    0.155494] RPC: Registered named UNIX socket transport module.
[    0.155501] RPC: Registered udp transport module.
[    0.155505] RPC: Registered tcp transport module.
[    0.155510] RPC: Registered tcp NFSv4.1 backchannel transport module.
[    0.155518] PCI: CLS 0 bytes, default 64
[    0.156275] hw perfevents: enabled with armv7_cortex_a9 PMU driver, 7 counters available
[    0.157181] futex hash table entries: 1024 (order: 4, 65536 bytes)
[    0.157722] workingset: timestamp_bits=28 max_order=19 bucket_order=0
[    0.163010] squashfs: version 4.0 (2009/01/31) Phillip Lougher
[    0.163475] NFS: Registering the id_resolver key type
[    0.163510] Key type id_resolver registered
[    0.163515] Key type id_legacy registered
[    0.163546] ntfs: driver 2.1.32 [Flags: R/O].
[    0.164420] bounce: pool size: 64 pages
[    0.164542] Block layer SCSI generic (bsg) driver version 0.4 loaded (major 248)
[    0.164552] io scheduler noop registered
[    0.164557] io scheduler deadline registered
[    0.164584] io scheduler cfq registered (default)
[    0.177499] tegra-pcie 3000.pcie-controller: 2x3 configuration
[    0.177645] tegra-pcie 3000.pcie-controller: Failed to get supply 'hvdd-pex': -517
[    0.181498] tegra-apbdma 6000a000.dma: Tegra20 APB DMA driver register 32 channels
[    0.182686] tegra-pmc 7000e400.pmc: i2c-thermtrip node not found, emergency thermal reset disabled.
[    0.214688] Serial: 8250/16550 driver, 4 ports, IRQ sharing disabled
[    0.216763] console [ttyS0] disabled
[    0.216803] 70006000.serial: ttyS0 at MMIO 0x70006000 (irq = 331, base_baud = 25500000) is a Tegra
[    1.074635] console [ttyS0] enabled
[    1.078637] SuperH (H)SCI(F) driver initialized
[    1.083783] msm_serial: driver initialized
[    1.087985] STMicroelectronics ASC driver initialized
[    1.095299] [drm] Initialized drm 1.1.0 20060810
[    1.101926] tegra-hdmi 54280000.hdmi: failed to get HDMI regulator
[    1.116079] brd: module loaded
[    1.123059] loop: module loaded
[    1.131305] m25p80 spi32766.1: w25q32 (4096 Kbytes)
[    1.138174] libphy: Fixed MDIO Bus: probed
[    1.142683] CAN device driver interface
[    1.147655] igb: Intel(R) Gigabit Ethernet Network Driver - version 5.3.0-k
[    1.154610] igb: Copyright (c) 2007-2014 Intel Corporation.
[    1.162005] pegasus: v0.9.3 (2013/04/25), Pegasus/Pegasus II USB Ethernet driver
[    1.169447] usbcore: registered new interface driver pegasus
[    1.175132] usbcore: registered new interface driver asix
[    1.180548] usbcore: registered new interface driver ax88179_178a
[    1.186661] usbcore: registered new interface driver cdc_ether
[    1.192520] usbcore: registered new interface driver smsc75xx
[    1.198292] usbcore: registered new interface driver smsc95xx
[    1.204053] usbcore: registered new interface driver net1080
[    1.209727] usbcore: registered new interface driver cdc_subset
[    1.215659] usbcore: registered new interface driver zaurus
[    1.221279] usbcore: registered new interface driver cdc_ncm
[    1.228415] ehci_hcd: USB 2.0 'Enhanced' Host Controller (EHCI) Driver
[    1.234943] ehci-pci: EHCI PCI platform driver
[    1.239407] ehci-platform: EHCI generic platform driver
[    1.244757] ehci-omap: OMAP-EHCI Host Controller driver
[    1.250055] ehci-orion: EHCI orion driver
[    1.254138] SPEAr-ehci: EHCI SPEAr driver
[    1.258212] ehci-st: EHCI STMicroelectronics driver
[    1.263164] ehci-exynos: EHCI EXYNOS driver
[    1.267435] ehci-atmel: EHCI Atmel driver
[    1.271519] tegra-ehci: Tegra EHCI driver
[    1.275715] ------------[ cut here ]------------
[    1.280348] WARNING: CPU: 1 PID: 1 at drivers/reset/core.c:224 __of_reset_control_get+0x1bc/0x228
[    1.289206] Modules linked in:
[    1.292259] CPU: 1 PID: 1 Comm: swapper/0 Not tainted 4.7.0-rc2-next-20160607-97824-g7b95734 #1
[    1.300934] Hardware name: NVIDIA Tegra SoC (Flattened Device Tree)
[    1.307222] [<c030f9a8>] (unwind_backtrace) from [<c030b088>] (show_stack+0x10/0x14)
[    1.314954] [<c030b088>] (show_stack) from [<c0587468>] (dump_stack+0x84/0xa4)
[    1.322170] [<c0587468>] (dump_stack) from [<c0341b8c>] (__warn+0xd4/0x100)
[    1.329118] [<c0341b8c>] (__warn) from [<c0341bd8>] (warn_slowpath_null+0x20/0x28)
[    1.336671] [<c0341bd8>] (warn_slowpath_null) from [<c06a1e20>] (__of_reset_control_get+0x1bc/0x228)
[    1.345797] [<c06a1e20>] (__of_reset_control_get) from [<c09144cc>] (tegra_ehci_probe+0x2d0/0x51c)
[    1.354742] [<c09144cc>] (tegra_ehci_probe) from [<c077af40>] (platform_drv_probe+0x50/0xb0)
[    1.363172] [<c077af40>] (platform_drv_probe) from [<c07798a4>] (driver_probe_device+0x1f4/0x2b0)
[    1.372026] [<c07798a4>] (driver_probe_device) from [<c0779a0c>] (__driver_attach+0xac/0xb0)
[    1.380445] [<c0779a0c>] (__driver_attach) from [<c0777eb8>] (bus_for_each_dev+0x54/0x88)
[    1.388605] [<c0777eb8>] (bus_for_each_dev) from [<c0778e98>] (bus_add_driver+0xe8/0x1f4)
[    1.396765] [<c0778e98>] (bus_add_driver) from [<c077a228>] (driver_register+0x78/0xf4)
[    1.404752] [<c077a228>] (driver_register) from [<c0301e5c>] (do_one_initcall+0x3c/0x16c)
[    1.412919] [<c0301e5c>] (do_one_initcall) from [<c1100d80>] (kernel_init_freeable+0x120/0x1ec)
[    1.421604] [<c1100d80>] (kernel_init_freeable) from [<c0b5e5a4>] (kernel_init+0x8/0x118)
[    1.429765] [<c0b5e5a4>] (kernel_init) from [<c0307f78>] (ret_from_fork+0x14/0x3c)
[    1.437339] ---[ end trace 86e3e58eaa3c2f7d ]---
[    1.441954] tegra-ehci 7d004000.usb: can't get utmi-pads reset from the PHY
[    1.448905] tegra-ehci 7d004000.usb: continuing, but please update your DT
[    1.455945] ohci_hcd: USB 1.1 'Open' Host Controller (OHCI) Driver
[    1.462132] ohci-pci: OHCI PCI platform driver
[    1.466613] ohci-platform: OHCI generic platform driver
[    1.471947] ohci-omap3: OHCI OMAP3 driver
[    1.476034] SPEAr-ohci: OHCI SPEAr driver
[    1.480121] ohci-st: OHCI STMicroelectronics driver
[    1.485074] ohci-atmel: OHCI Atmel driver
[    1.489520] usbcore: registered new interface driver usb-storage
[    1.496510] mousedev: PS/2 mouse device common for all mice
[    1.504019] tegra_rtc 7000e000.rtc: rtc core: registered 7000e000.rtc as rtc1
[    1.511194] tegra_rtc 7000e000.rtc: Tegra internal Real Time Clock
[    1.529921] tps65910-rtc tps65910-rtc: rtc core: registered tps65910-rtc as rtc0
[    1.537519] i2c /dev entries driver
[    1.548572] sdhci: Secure Digital Host Controller Interface driver
[    1.554747] sdhci: Copyright(c) Pierre Ossman
[    1.560029] Synopsys Designware Multimedia Card Interface Driver
[    1.566673] sdhci-pltfm: SDHCI platform and OF driver helper
[    1.572891] sdhci-tegra 78000000.sdhci: Got CD GPIO
[    1.577779] sdhci-tegra 78000000.sdhci: Got WP GPIO
[    1.583812] mmc0: Invalid maximum block size, assuming 512 bytes
[    1.623655] mmc0: SDHCI controller on 78000000.sdhci [78000000.sdhci] using ADMA
[    1.632290] mmc1: Invalid maximum block size, assuming 512 bytes
[    1.673578] mmc1: SDHCI controller on 78000600.sdhci [78000600.sdhci] using ADMA
[    1.682118] ledtrig-cpu: registered to indicate activity on CPUs
[    1.688332] usbcore: registered new interface driver usbhid
[    1.693900] usbhid: USB HID core driver
[    1.701033] NET: Registered protocol family 10
[    1.706011] sit: IPv6 over IPv4 tunneling driver
[    1.711056] NET: Registered protocol family 17
[    1.715513] can: controller area network core (rev 20120528 abi 9)
[    1.721729] NET: Registered protocol family 29
[    1.726171] can: raw protocol (rev 20120528)
[    1.730436] can: broadcast manager protocol (rev 20120528 t)
[    1.736090] can: netlink gateway (rev 20130117) max_hops=1
[    1.741857] Key type dns_resolver registered
[    1.746525] ThumbEE CPU extension supported.
[    1.750801] Registering SWP/SWPB emulation handler
[    1.763652] vdd_ddr: supplied by vdd_5v_in
[    1.772685] vdd_5v_sata: supplied by vdd_5v_in
[    1.777474] usb1_vbus: supplied by vdd_5v_in
[    1.784099] usb3_vbus: supplied by vdd_5v_in
[    1.791669] sys_3v3,vdd_3v3_alw: supplied by vdd_5v_in
[    1.799424] +VDD_5V_HDMI: supplied by sys_3v3,vdd_3v3_alw
[    1.807056] sys_3v3_pexs: supplied by sys_3v3,vdd_3v3_alw
[    1.815193] tegra-pcie 3000.pcie-controller: 2x3 configuration
[    1.828244] tegra-pcie 3000.pcie-controller: probing port 0, using 2 lanes
[    1.862503] mmc0: error -110 whilst initialising SD card
[    1.893341] tegra-pcie 3000.pcie-controller: probing port 2, using 2 lanes
[    1.901068] mmc1: new high speed MMC card at address 0001
[    1.907991] mmcblk1: mmc1:0001 SEM16G 14.8 GiB 
[    1.924615] mmcblk1boot0: mmc1:0001 SEM16G partition 1 1.00 MiB
[    1.932600] mmcblk1boot1: mmc1:0001 SEM16G partition 2 1.00 MiB
[    1.949606] mmcblk1rpmb: mmc1:0001 SEM16G partition 3 128 KiB
[    1.972763] Primary GPT is invalid, using alternate GPT.
[    1.978084]  mmcblk1: p1 p2 p3 p4 p5
[    2.303637] tegra-pcie 3000.pcie-controller: link 2 down, retrying
[    2.713582] tegra-pcie 3000.pcie-controller: link 2 down, retrying
[    3.132747] tegra-pcie 3000.pcie-controller: link 2 down, retrying
[    3.140931] tegra-pcie 3000.pcie-controller: link 2 down, ignoring
[    3.147230] tegra-pcie 3000.pcie-controller: PCI host bridge to bus 0000:00
[    3.154189] pci_bus 0000:00: root bus resource [io  0x0000-0xffff]
[    3.160359] pci_bus 0000:00: root bus resource [mem 0x20000000-0x27ffffff]
[    3.167223] pci_bus 0000:00: root bus resource [mem 0x28000000-0x3fffffff pref]
[    3.174520] pci_bus 0000:00: root bus resource [bus 00-ff]
[    3.180023] pci 0000:00:01.0: [10de:0e1c] type 01 class 0x060400
[    3.186087] pci 0000:00:01.0: PME# supported from D0 D1 D2 D3hot D3cold
[    3.192845] PCI: bus0: Fast back to back transfers disabled
[    3.198415] pci 0000:00:01.0: bridge configuration invalid ([bus 00-00]), reconfiguring
[    3.206504] pci 0000:01:00.0: [10ec:8168] type 00 class 0x020000
[    3.212517] pci 0000:01:00.0: reg 0x10: [io  0x0000-0x00ff]
[    3.218096] pci 0000:01:00.0: reg 0x18: [mem 0x00000000-0x00000fff 64bit pref]
[    3.225319] pci 0000:01:00.0: reg 0x20: [mem 0x00000000-0x00003fff 64bit pref]
[    3.232607] pci 0000:01:00.0: supports D1 D2
[    3.236872] pci 0000:01:00.0: PME# supported from D0 D1 D2 D3hot D3cold
[    3.253591] PCI: bus1: Fast back to back transfers disabled
[    3.259160] pci_bus 0000:01: busn_res: [bus 01-ff] end is updated to 01
[    3.265826] pci 0000:00:01.0: BAR 9: assigned [mem 0x28000000-0x280fffff 64bit pref]
[    3.273563] pci 0000:00:01.0: BAR 7: assigned [io  0x1000-0x1fff]
[    3.279650] pci 0000:01:00.0: BAR 4: assigned [mem 0x28000000-0x28003fff 64bit pref]
[    3.287391] pci 0000:01:00.0: BAR 2: assigned [mem 0x28004000-0x28004fff 64bit pref]
[    3.295129] pci 0000:01:00.0: BAR 0: assigned [io  0x1000-0x10ff]
[    3.301215] pci 0000:00:01.0: PCI bridge to [bus 01]
[    3.306173] pci 0000:00:01.0:   bridge window [io  0x1000-0x1fff]
[    3.312257] pci 0000:00:01.0:   bridge window [mem 0x28000000-0x280fffff 64bit pref]
[    3.320003] pci 0000:00:01.0: nv_msi_ht_cap_quirk didn't locate host bridge
[    3.327045] pcieport 0000:00:01.0: enabling device (0140 -> 0143)
[    3.333272] pcieport 0000:00:01.0: Signaling PME through PCIe PME interrupt
[    3.340226] pci 0000:01:00.0: Signaling PME through PCIe PME interrupt
[    3.346744] pcie_pme 0000:00:01.0:pcie001: service driver pcie_pme loaded
[    3.353715] r8169 Gigabit Ethernet driver 2.3LK-NAPI loaded
[    3.359299] r8169 0000:01:00.0: enabling device (0140 -> 0143)
[    3.366026] r8169 0000:01:00.0 eth0: RTL8168evl/8111evl at 0xf09f2000, 02:04:4b:01:60:a6, XID 0c900800 IRQ 375
[    3.376021] r8169 0000:01:00.0 eth0: jumbo features [frames: 9200 bytes, tx checksumming: ko]
[    3.387806] [drm] Supports vblank timestamp caching Rev 2 (21.10.2013).
[    3.394424] [drm] No driver support for vblank timestamp query.
[    3.400367] drm drm: No connectors reported connected with modes
[    3.406373] [drm] Cannot find any crtc or sizes - going 1024x768
[    3.442517] Console: switching to colour frame buffer device 128x48
[    3.455130] drm drm: fb0:  frame buffer device
[    3.563959] [drm] Initialized tegra 0.0.0 20120330 on minor 0
[    3.575027] utmi_phy_clk_enable: timeout waiting for phy to stabilize
[    3.581491] tegra-ehci 7d004000.usb: EHCI Host Controller
[    3.586902] tegra-ehci 7d004000.usb: new USB bus registered, assigned bus number 1
[    3.595202] tegra-ehci 7d004000.usb: irq 343, io mem 0x7d004000
[    3.608963] tegra-ehci 7d004000.usb: USB 2.0 started, EHCI 1.00
[    3.615429] hub 1-0:1.0: USB hub found
[    3.619203] hub 1-0:1.0: 1 port detected
[    3.624247] tegra-ehci 7d008000.usb: EHCI Host Controller
[    3.629658] tegra-ehci 7d008000.usb: new USB bus registered, assigned bus number 2
[    3.637457] tegra-ehci 7d008000.usb: irq 344, io mem 0x7d008000
[    3.648956] tegra-ehci 7d008000.usb: USB 2.0 started, EHCI 1.00
[    3.655326] hub 2-0:1.0: USB hub found
[    3.659093] hub 2-0:1.0: 1 port detected
[    3.667872] tps65910-rtc tps65910-rtc: setting system clock to 2000-01-01 00:00:02 UTC (946684802)
[    3.681593] vdd_sata,avdd_plle: disabling
[    3.685990] usb1_vbus: disabling
[    3.691511] EXT4-fs (mmcblk1p1): mounting ext3 file system using the ext4 subsystem
[    3.705762] EXT4-fs (mmcblk1p1): warning: mounting fs with errors, running e2fsck is recommended
[    3.716053] EXT4-fs (mmcblk1p1): recovery complete
[    3.720857] EXT4-fs (mmcblk1p1): mounted filesystem with ordered data mode. Opts: (null)
[    3.728969] VFS: Mounted root (ext3 filesystem) on device 179:1.
[    3.739982] devtmpfs: mounted
[    3.745671] Freeing unused kernel memory: 2048K (c1100000 - c1300000)
bash: cannot set terminal process group (-1): Inappropriate ioctl for device
bash: no job control in this shell
root@(none):/# [    3.968974] usb 2-1: new high-speed USB device number 2 using tegra-ehci
mount -t sysfs none /sys
root@(none):/# 
root@(none):/# [    4.922835] asix 2-1:1.0 eth1: register 'asix' at usb-7d008000.usb-1, ASIX AX88772 USB 2.0 Ethernet, 00:50:b6:0f:67:60
mount -t debugfs none /sys/kernel/debug
root@(none):/# 
root@(none):/# rtcwake -d rtc1 -m mem -s 3
rtcwake: wakeup from "mem" using /dev/rtc1 at Thu Jan  1 00:00:21 1970
[    6.500578] PM: Syncing filesystems ... done.
[    6.515068] Freezing user space processes ... (elapsed 0.001 seconds) done.
[    6.523185] Freezing remaining freezable tasks ... (elapsed 0.001 seconds) done.
[    6.531824] Suspending console(s) (use no_console_suspend to debug)
[    6.572914] PM: suspend of devices complete after 33.804 msecs
[    6.573617] PM: late suspend of devices complete after 0.694 msecs
[    6.589041] PM: noirq suspend of devices complete after 15.416 msecs
[    6.589044] Disabling non-boot CPUs ...
[    6.589481] IRQ17 no longer affine to CPU1
[    6.589803] CPU1: shutdown
[    6.604953] CPU2: shutdown
[    6.619689] CPU3: shutdown
[    6.634075] Entering suspend state LP1
[    6.634089] Enabling non-boot CPUs ...
[    6.659587] CPU1 is up
[    6.684693] CPU2 is up
[    6.709806] CPU3 is up
[    6.710437] pcieport 0000:00:01.0: nv_msi_ht_cap_quirk didn't locate host bridge
[    6.723636] PM: noirq resume of devices complete after 13.822 msecs
[    6.725781] PM: early resume of devices complete after 1.763 msecs
[    6.791465] PM: resume of devices complete after 65.673 msecs
[    6.866675] Restarting tasks ... done.
root@(none):/# 
root@(none):/# rtcwake -d rtc1 -m mem -s 3
rtcwake: wakeup from "mem" using /dev/rtc1 at Thu Jan  1 00:00:25 1970
[    7.371608] PM: Syncing filesystems ... done.
[   11.133638] Freezing user space processes ... (elapsed 0.001 seconds) done.
[   11.141731] Freezing remaining freezable tasks ... (elapsed 0.001 seconds) done.
[   11.150367] Suspending console(s) (use no_console_suspend to debug)
