

U-Boot 2011.03 (Jun 11 2013 - 06:07:37)

T114
Board: NVIDIA Dalmore
DRAM:  2 GiB
MMC:   Tegra2 SD/MMC: 0, Tegra2 SD/MMC: 1
In:    serial
Out:   serial
Err:   serial
Net:   Net Initialization Skipped
No ethernet found.
Hit any key to stop autoboot:  2  0 
Dalmore #
Dalmore #usb reset
(Re)start USB...
USB:   Register 10011 NbrPorts 1
USB EHCI 1.10
scanning bus for devices... 2 USB Device(s) found
       scanning bus for storage devices... 0 Storage Device(s) found
       scanning bus for ethernet devices... 1 Ethernet Device(s) found
Dalmore #setenv bootargs 'ignore_loglevel console=ttyS0,115200n8 rw root=/dev/mmcblk0p1 rootwait gpt init=/bin/bash'
Dalmore #setenv ipaddr 192.168.100.100; setenv serverip 192.168.100.1; setenv tftpserverip 192.168.100.1
Dalmore #tftpboot 0x81000000 zImage.tegra_defconfig
Waiting for Ethernet connection... done.
Using asx0 device
TFTP from server 192.168.100.1; our IP address is 192.168.100.100
Filename 'zImage.tegra_defconfig'.
Load address: 0x81000000
Loading: *#################################################  2.8 MiB/s
done
Bytes transferred = 4485032 (446fa8 hex)
Dalmore #tftpboot 0x82000000 tegra114-dalmore.dtb
Using asx0 device
TFTP from server 192.168.100.1; our IP address is 192.168.100.100
Filename 'tegra114-dalmore.dtb'.
Load address: 0x82000000
Loading: *#################################################  2.5 MiB/s
done
Bytes transferred = 29073 (7191 hex)
Dalmore #bootz 0x81000000 - 0x82000000
## Flattened Device Tree blob at 82000000
   Booting using the fdt blob at 0x82000000
   Loading Device Tree to 81ff5000, end 81fff190 ... OK

Starting kernel ...

Timer summary in microseconds:
       Mark    Elapsed  Stage
          0          0  awake
  2,405,555  2,405,555  usb_start
  6,408,608  4,003,053  eth_start
  6,408,605         -3  tftp start
 10,377,182  3,968,577  tftp done
 12,420,680  2,043,498  start_kernel
Uncompressing Linux... done, booting the kernel.
[    0.000000] Booting Linux on physical CPU 0x0
[    0.000000] Initializing cgroup subsys cpu
[    0.000000] Initializing cgroup subsys cpuacct
[    0.000000] Linux version 3.11.0-next-20130905-11174-g44aff68 (pwalmsley@tamien) (gcc version 4.5.1 (Sourcery G++ Lite 2010.09-50) ) #1 SMP PREEMPT Thu Sep 5 03:18:03 PDT 2013
[    0.000000] CPU: ARMv7 Processor [412fc0f2] revision 2 (ARMv7), cr=10c5387d
[    0.000000] CPU: PIPT / VIPT nonaliasing data cache, PIPT instruction cache
[    0.000000] Machine: NVIDIA Tegra SoC (Flattened Device Tree), model: NVIDIA Tegra114 Dalmore evaluation board
[    0.000000] debug: ignoring loglevel setting.
[    0.000000] Memory policy: ECC disabled, Data cache writealloc
[    0.000000] On node 0 totalpages: 524032
[    0.000000] free_area_init_node: node 0, pgdat c084f000, node_mem_map c08a7000
[    0.000000]   Normal zone: 1520 pages used for memmap
[    0.000000]   Normal zone: 0 pages reserved
[    0.000000]   Normal zone: 194560 pages, LIFO batch:31
[    0.000000]   HighMem zone: 2574 pages used for memmap
[    0.000000]   HighMem zone: 329472 pages, LIFO batch:31
[    0.000000] Tegra Revision: A01 SKU: 0 CPU Process: 1 Core Process: 1
[    0.000000] PERCPU: Embedded 8 pages/cpu @c18bf000 s9088 r8192 d15488 u32768
[    0.000000] pcpu-alloc: s9088 r8192 d15488 u32768 alloc=8*4096
[    0.000000] pcpu-alloc: [0] 0 [0] 1 [0] 2 [0] 3 
[    0.000000] Built 1 zonelists in Zone order, mobility grouping on.  Total pages: 522512
[    0.000000] Kernel command line: ignore_loglevel console=ttyS0,115200n8 rw root=/dev/mmcblk0p1 rootwait gpt init=/bin/bash
[    0.000000] PID hash table entries: 4096 (order: 2, 16384 bytes)
[    0.000000] Dentry cache hash table entries: 131072 (order: 7, 524288 bytes)
[    0.000000] Inode-cache hash table entries: 65536 (order: 6, 262144 bytes)
[    0.000000] Memory: 2069812K/2096128K available (6112K kernel code, 305K rwdata, 1816K rodata, 236K init, 343K bss, 26316K reserved, 1317888K highmem)
[    0.000000] Virtual kernel memory layout:
[    0.000000]     vector  : 0xffff0000 - 0xffff1000   (   4 kB)
[    0.000000]     fixmap  : 0xfff00000 - 0xfffe0000   ( 896 kB)
[    0.000000]     vmalloc : 0xf0000000 - 0xff000000   ( 240 MB)
[    0.000000]     lowmem  : 0xc0000000 - 0xef800000   ( 760 MB)
[    0.000000]     pkmap   : 0xbfe00000 - 0xc0000000   (   2 MB)
[    0.000000]     modules : 0xbf000000 - 0xbfe00000   (  14 MB)
[    0.000000]       .text : 0xc0008000 - 0xc07c6414   (7930 kB)
[    0.000000]       .init : 0xc07c7000 - 0xc0802380   ( 237 kB)
[    0.000000]       .data : 0xc0804000 - 0xc0850640   ( 306 kB)
[    0.000000]        .bss : 0xc085064c - 0xc08a63bc   ( 344 kB)
[    0.000000] Preemptible hierarchical RCU implementation.
[    0.000000] NR_IRQS:16 nr_irqs:16 16
[    0.000000] sched_clock: 32 bits at 1MHz, resolution 1000ns, wraps every 4294967ms
[    0.000000] Architected cp15 timer(s) running at 12.00MHz (virt).
[    0.000000] Switching to timer-based delay loop
[    0.000000] sched_clock: ARM arch timer >56 bits at 12000kHz, resolution 83ns
[    0.000000] Console: colour dummy device 80x30
[   12.436435] Calibrating delay loop (skipped), value calculated using timer frequency.. 24.00 BogoMIPS (lpj=120000)
[   12.436452] pid_max: default: 32768 minimum: 301
[   12.436887] Mount-cache hash table entries: 512
[   12.455554] Initializing cgroup subsys debug
[   12.455580] Initializing cgroup subsys freezer
[   12.455639] CPU: Testing write buffer coherency: ok
[   12.456006] /cpus/cpu@0 missing clock-frequency property
[   12.456034] /cpus/cpu@1 missing clock-frequency property
[   12.456059] /cpus/cpu@2 missing clock-frequency property
[   12.456085] /cpus/cpu@3 missing clock-frequency property
[   12.456098] CPU0: thread -1, cpu 0, socket 0, mpidr 80000000
[   12.456126] Setting up static identity map for 0xc05d02e0 - 0xc05d0378
[   12.516474] CPU1: Booted secondary processor
[   12.516503] CPU1: thread -1, cpu 1, socket 0, mpidr 80000001
[   12.536408] CPU2: Booted secondary processor
[   12.536433] CPU2: thread -1, cpu 2, socket 0, mpidr 80000002
[   12.556339] CPU3: Booted secondary processor
[   12.556363] CPU3: thread -1, cpu 3, socket 0, mpidr 80000003
[   12.556467] Brought up 4 CPUs
[   12.556493] SMP: Total of 4 processors activated.
[   12.556501] CPU: All CPU(s) started in SVC mode.
[   12.557513] devtmpfs: initialized
[   12.570394] VFP support v0.3: implementor 41 architecture 4 part 30 variant f rev 0
[   12.570765] pinctrl core: initialized pinctrl subsystem
[   12.571293] regulator-dummy: no parameters
[   12.573988] NET: Registered protocol family 16
[   12.574251] DMA: preallocated 256 KiB pool for atomic coherent allocations
[   12.575012] cpuidle: using governor ladder
[   12.575023] cpuidle: using governor menu
[   12.585849] No ATAGs?
[   12.585880] hw-breakpoint: found 5 (+1 reserved) breakpoint and 4 watchpoint registers.
[   12.585891] hw-breakpoint: maximum watchpoint size is 8 bytes.
[   12.597057] bio: create slab <bio-0> at 0
[   12.598538] vdd_ac_bat: 5000 mV 
[   12.598860] dvdd_ts: Failed to request enable GPIO61: -517
[   12.599020] reg-fixed-voltage 1.regulator: Failed to register regulator: -517
[   12.599042] platform 1.regulator: Driver reg-fixed-voltage requests probe deferral
[   12.599239] lcd_bl_en: Failed to request enable GPIO58: -517
[   12.599381] reg-fixed-voltage 2.regulator: Failed to register regulator: -517
[   12.599403] platform 2.regulator: Driver reg-fixed-voltage requests probe deferral
[   12.599599] usb1_vbus: Failed to request enable GPIO108: -517
[   12.599740] reg-fixed-voltage 3.regulator: Failed to register regulator: -517
[   12.599762] platform 3.regulator: Driver reg-fixed-voltage requests probe deferral
[   12.599958] usb2_vbus: Failed to request enable GPIO86: -517
[   12.600097] reg-fixed-voltage 4.regulator: Failed to register regulator: -517
[   12.600119] platform 4.regulator: Driver reg-fixed-voltage requests probe deferral
[   12.600312] vdd_hdmi_5v0: Failed to request enable GPIO81: -517
[   12.600452] reg-fixed-voltage 5.regulator: Failed to register regulator: -517
[   12.600472] platform 5.regulator: Driver reg-fixed-voltage requests probe deferral
[   12.600547] platform 6.regulator: Driver reg-fixed-voltage requests probe deferral
[   12.601559] vgaarb: loaded
[   12.602652] SCSI subsystem initialized
[   12.603029] usbcore: registered new interface driver usbfs
[   12.603130] usbcore: registered new interface driver hub
[   12.603292] usbcore: registered new device driver usb
[   12.607197] vdd-cpu: 500 <--> 1520 mV at 1100 mV 
[   12.607824] tps65090 1-0048: No cache defaults, reading back from HW
[   12.614216] vdd-sys-5v0: no parameters
[   12.614265] vdd-sys-5v0: supplied by vdd_ac_bat
[   12.615704] vdd-sys-3v3: no parameters
[   12.615753] vdd-sys-3v3: supplied by vdd_ac_bat
[   12.617178] vdd-ao: no parameters
[   12.617215] vdd-ao: supplied by vdd_ac_bat
[   12.617465] vdd-lcd-bl: no parameters
[   12.617501] vdd-lcd-bl: supplied by vdd_ac_bat
[   12.617748] TPS65090_RAILSFET2: no parameters
[   12.617785] TPS65090_RAILSFET2: supplied by vdd_ac_bat
[   12.618027] vdd-modem-3v3: no parameters
[   12.618062] vdd-modem-3v3: supplied by vdd-sys-3v3
[   12.618329] avdd-lcd: no parameters
[   12.618363] avdd-lcd: supplied by vdd-sys-3v3
[   12.618615] vdd-lvds: no parameters
[   12.618647] vdd-lvds: supplied by vdd-sys-3v3
[   12.618894] vdd-sd-slot: no parameters
[   12.618938] vdd-sd-slot: supplied by vdd-sys-3v3
[   12.619194] vdd-com-3v3: no parameters
[   12.619227] vdd-com-3v3: supplied by vdd-sys-3v3
[   12.619462] vdd-sby-5v0: no parameters
[   12.619495] vdd-sby-5v0: supplied by vdd_ac_bat
[   12.619742] vdd-sby-3v3: no parameters
[   12.619776] vdd-sby-3v3: supplied by vdd_ac_bat
[   12.620134] genirq: Setting trigger mode 8 for irq 118 failed (gic_set_type+0x0/0xf0)
[   12.620564] palmas 1-0058: Irq flag is 0x00000000
[   12.634839] palmas 1-0058: Muxing GPIO ff, PWM 0, LED 0
[   12.643783] vddio-ddr: 1350 mV 
[   12.644626] vddio-ddr: supplied by vdd-ao
[   12.651584] vddio-1v8: 1800 mV 
[   12.652425] vddio-1v8: supplied by vdd-ao
[   12.659361] vdd-core: 900 <--> 1400 mV at 1100 mV 
[   12.660201] vdd-core: supplied by vdd-sys-3v3
[   12.664397] SMPS6: no parameters
[   12.672105] avdd-pll: 1050 mV 
[   12.672948] avdd-pll: supplied by vdd-sys-3v3
[   12.681276] sdhci-vdd-sd-slot: 2800 mV 
[   12.682116] sdhci-vdd-sd-slot: supplied by vdd-sys-3v3
[   12.683955] SMPS10_OUT2: at 5000 mV 
[   12.685766] SMPS10_OUT1: at 5000 mV 
[   12.688380] avdd-cam1: 2800 mV 
[   12.689219] avdd-cam1: supplied by vdd-sys-3v3
[   12.693226] avdd-cam2: 2800 mV 
[   12.694063] avdd-cam2: supplied by vdd-sys-3v3
[   12.698831] avdd-dsi-csi: 1200 mV 
[   12.699670] avdd-dsi-csi: supplied by vddio-1v8
[   12.704460] vpp-fuse: 1800 mV 
[   12.705300] vpp-fuse: supplied by vdd-sys-3v3
[   12.708500] LDO5: at 1200 mV 
[   12.709343] LDO5: supplied by vdd_ac_bat
[   12.712006] vdd-sensor-2v85: 2850 mV 
[   12.712845] vdd-sensor-2v85: supplied by vdd-sys-3v3
[   12.716845] vdd-af-cam1: 2800 mV 
[   12.717684] vdd-af-cam1: supplied by vdd-sys-3v3
[   12.725776] vdd-rtc: 900 mV 
[   12.726615] vdd-rtc: supplied by vdd-ao
[   12.730609] vddio-sdmmc-2: 1800 <--> 3300 mV at 3300 mV 
[   12.731449] vddio-sdmmc-2: supplied by sdhci-vdd-sd-slot
[   12.736246] hvdd-usb: 3300 mV 
[   12.737084] hvdd-usb: supplied by vdd-sys-5v0
[   12.741863] avdd-usb: 3300 mV 
[   12.742703] avdd-usb: supplied by vdd-sys-5v0
[   12.745999] rail-3v3: no parameters
[   12.748364] rail-5v0: no parameters
[   12.749948] REGEN3: no parameters
[   12.750155] SYSEN1: no parameters
[   12.750342] SYSEN2: no parameters
[   12.750810] Linux video capture interface: v2.00
[   12.751517] platform 7000f010.iommu: Driver tegra-smmu requests probe deferral
[   12.751817] Advanced Linux Sound Architecture Driver Initialized.
[   12.752593] Bluetooth: Core ver 2.16
[   12.752663] NET: Registered protocol family 31
[   12.752672] Bluetooth: HCI device and connection manager initialized
[   12.752697] Bluetooth: HCI socket layer initialized
[   12.752719] Bluetooth: L2CAP socket layer initialized
[   12.752766] Bluetooth: SCO socket layer initialized
[   12.753489] cfg80211: Calling CRDA to update world regulatory domain
[   12.754607] Switched to clocksource arch_sys_counter
[   12.768856] NET: Registered protocol family 2
[   12.769785] TCP established hash table entries: 8192 (order: 4, 65536 bytes)
[   12.769982] TCP bind hash table entries: 8192 (order: 4, 65536 bytes)
[   12.770158] TCP: Hash tables configured (established 8192 bind 8192)
[   12.770604] TCP: reno registered
[   12.770620] UDP hash table entries: 512 (order: 2, 16384 bytes)
[   12.770661] UDP-Lite hash table entries: 512 (order: 2, 16384 bytes)
[   12.771075] NET: Registered protocol family 1
[   12.771788] RPC: Registered named UNIX socket transport module.
[   12.771799] RPC: Registered udp transport module.
[   12.771807] RPC: Registered tcp transport module.
[   12.771814] RPC: Registered tcp NFSv4.1 backchannel transport module.
[   12.771827] PCI: CLS 0 bytes, default 64
[   12.775587] bounce pool size: 64 pages
[   12.777263] squashfs: version 4.0 (2009/01/31) Phillip Lougher
[   12.778070] msgmni has been set to 1468
[   12.779751] io scheduler noop registered (default)
[   12.791439] tegra-apbdma 6000a000.dma: Tegra20 APB DMA driver register 32 channels
[   12.791987] Serial: 8250/16550 driver, 4 ports, IRQ sharing disabled
[   12.794072] 70006300.serial: ttyS0 at MMIO 0x70006300 (irq = 122, base_baud = 25500000) is a Tegra
[   13.817128] console [ttyS0] enabled
[   13.821481] [drm] Initialized drm 1.1.0 20060810
[   13.831841] loop: module loaded
[   13.837579] m25p80 spi32766.0: w25q32dw (4096 Kbytes)
[   13.844478] pegasus: v0.9.3 (2013/04/25), Pegasus/Pegasus II USB Ethernet driver
[   13.851933] usbcore: registered new interface driver pegasus
[   13.857649] usbcore: registered new interface driver asix
[   13.863107] usbcore: registered new interface driver ax88179_178a
[   13.869253] usbcore: registered new interface driver cdc_ether
[   13.875138] usbcore: registered new interface driver r815x
[   13.880695] usbcore: registered new interface driver smsc75xx
[   13.886495] usbcore: registered new interface driver smsc95xx
[   13.892290] usbcore: registered new interface driver net1080
[   13.897984] usbcore: registered new interface driver cdc_subset
[   13.903965] usbcore: registered new interface driver zaurus
[   13.909615] usbcore: registered new interface driver cdc_ncm
[   13.915299] ehci_hcd: USB 2.0 'Enhanced' Host Controller (EHCI) Driver
[   13.921803] ehci-pci: EHCI PCI platform driver
[   13.926290] tegra-ehci: Tegra EHCI driver
[   13.930495] platform 7d008000.usb: Driver tegra-ehci requests probe deferral
[   13.937788] usbcore: registered new interface driver cdc_acm
[   13.943431] cdc_acm: USB Abstract Control Model driver for USB modems and ISDN adapters
[   13.951468] usbcore: registered new interface driver cdc_wdm
[   13.957194] usbcore: registered new interface driver usb-storage
[   13.963408] platform 7d008000.usb-phy: Driver tegra-phy requests probe deferral
[   13.971255] mousedev: PS/2 mouse device common for all mice
[   13.988899] palmas-rtc rtc.7: rtc core: registered rtc.7 as rtc0
[   13.999262] tegra_rtc 7000e000.rtc: rtc core: registered 7000e000.rtc as rtc1
[   14.006418] tegra_rtc 7000e000.rtc: Tegra internal Real Time Clock
[   14.013985] sbs-battery 0-000b: sbs_probe: Failed to get device status
[   14.020508] sbs-battery: probe of 0-000b failed with error -121
[   14.030122] sdhci: Secure Digital Host Controller Interface driver
[   14.036267] sdhci: Copyright(c) Pierre Ossman
[   14.040614] sdhci-pltfm: SDHCI platform and OF driver helper
[   14.046661] sdhci-tegra 78000400.sdhci: Got CD GPIO #170.
[   14.053104] mmc0: no vqmmc regulator found
[   14.057184] mmc0: no vmmc regulator found
[   14.061185] mmc0: Invalid maximum block size, assuming 512 bytes
[   14.109189] mmc0: SDHCI controller on 78000400.sdhci [78000400.sdhci] using ADMA
[   14.118740] mmc1: no vqmmc regulator found
[   14.122836] mmc1: no vmmc regulator found
[   14.126823] mmc1: Invalid maximum block size, assuming 512 bytes
[   14.168946] mmc1: SDHCI controller on 78000600.sdhci [78000600.sdhci] using ADMA
[   14.176996] usbcore: registered new interface driver usbhid
[   14.184598] usbhid: USB HID core driver
[   14.300665] mmc1: BKOPS_EN bit is not set
[   14.331068] mmc1: new HS200 MMC card at address 0001
[   14.336592] mmcblk0: mmc1:0001 SEM32G 29.1 GiB 
[   14.341445] mmcblk0boot0: mmc1:0001 SEM32G partition 1 4.00 MiB
[   14.347637] mmcblk0boot1: mmc1:0001 SEM32G partition 2 4.00 MiB
[   14.353812] mmcblk0rpmb: mmc1:0001 SEM32G partition 3 4.00 MiB
[   14.362127] Primary GPT is invalid, using alternate GPT.
[   14.367433]  mmcblk0: p1 p2 p3 p4 p5
[   14.374340]  mmcblk0boot1: unknown partition table
[   14.380783]  mmcblk0boot0: unknown partition table
[   14.628467] tegra-snd-rt5640 sound.4:  rt5640-aif1 <-> 70080400.i2s mapping ok
[   14.640453] input: NVIDIA Tegra Dalmore Headphones as /devices/soc0/sound.4/sound/card0/input0
[   14.650647] TCP: cubic registered
[   14.654222] NET: Registered protocol family 10
[   14.660055] mip6: Mobile IPv6
[   14.663007] sit: IPv6 over IPv4 tunneling driver
[   14.669421] NET: Registered protocol family 17
[   14.673884] NET: Registered protocol family 15
[   14.678498] Bluetooth: RFCOMM socket layer initialized
[   14.683612] Bluetooth: RFCOMM ver 1.11
[   14.687358] Bluetooth: BNEP (Ethernet Emulation) ver 1.3
[   14.692656] Bluetooth: BNEP socket layer initialized
[   14.697605] Bluetooth: HIDP (Human Interface Emulation) ver 1.2
[   14.703507] Bluetooth: HIDP socket layer initialized
[   14.709069] Registering SWP/SWPB emulation handler
[   14.718500] hvdd-usb: disabling
[   14.724025] vdd-af-cam1: disabling
[   14.730134] vdd-sensor-2v85: disabling
[   14.736376] LDO5: disabling
[   14.741877] vpp-fuse: disabling
[   14.747525] avdd-cam2: disabling
[   14.753432] avdd-cam1: disabling
[   14.760473] vdd-com-3v3: disabling
[   14.764452] vdd-lvds: disabling
[   14.768185] avdd-lcd: disabling
[   14.771908] vdd-lcd-bl: disabling
[   14.776461] dvdd_ts: 1800 mV 
[   14.780051] lcd_bl_en: 5000 mV 
[   14.783641] usb1_vbus: 5000 mV 
[   14.786865] usb1_vbus: supplied by vdd-sys-5v0
[   14.791647] usb2_vbus: 5000 mV 
[   14.794801] usb2_vbus: supplied by vdd-sys-5v0
[   14.799610] vdd_hdmi_5v0: 5000 mV 
[   14.803023] vdd_hdmi_5v0: supplied by vdd-sys-5v0
[   14.810079] vdd_cam_1v8_reg: 1800 mV 
[   14.814264] platform 7d008000.usb: Driver tegra-ehci requests probe deferral
[   14.822038] tegra-ehci 7d008000.usb: EHCI Host Controller
[   14.827455] tegra-ehci 7d008000.usb: new USB bus registered, assigned bus number 1
[   14.835163] tegra-ehci 7d008000.usb: irq 129, io mem 0x7d008000
[   14.856311] tegra-ehci 7d008000.usb: USB 2.0 started, EHCI 1.10
[   14.863484] hub 1-0:1.0: USB hub found
[   14.867318] hub 1-0:1.0: 1 port detected
[   14.872022] gpiod_set_debounce: missing set() or set_debounce() operations
[   14.879099] gpiod_set_debounce: missing set() or set_debounce() operations
[   14.886217] gpiod_set_debounce: missing set() or set_debounce() operations
[   14.893237] gpiod_set_debounce: missing set() or set_debounce() operations
[   14.900673] input: gpio-keys.2 as /devices/soc0/gpio-keys.2/input/input1
[   14.911999] palmas-rtc rtc.7: setting system clock to 2000-01-30 17:26:02 UTC (949253162)
[   14.920612] ALSA device list:
[   14.923571]   #0: NVIDIA Tegra Dalmore
[   14.956487] kjournald starting.  Commit interval 5 seconds
[   14.962664] EXT3-fs (mmcblk0p1): using internal journal
[   14.968084] EXT3-fs (mmcblk0p1): recovery complete
[   14.972854] EXT3-fs (mmcblk0p1): mounted filesystem with writeback data mode
[   14.979954] VFS: Mounted root (ext3 filesystem) on device 179:1.
[   14.987928] devtmpfs: mounted
[   14.991184] Freeing unused kernel memory: 236K (c07c7000 - c0802000)
bash: cannot set terminal process group (-1): Inappropriate ioctl for device
bash: no job control in this shell
I have no name!@(none):/# [   15.185036] usb 1-1: new high-speed USB device number 2 using tegra-ehci
