

U-Boot 2015.04-00466-gedec83e90172 (Mar 14 2016 - 10:42:01)

TEGRA124
Model: Acer Chromebook 13 CB5-311
DRAM:  4 GiB
C:   Tegra SD/MMC: 0, Tegra SD/MMC: 1, Tegra SD/MMC: 2
MMC init failed
Using default environment

In:    serial
Out:   serial
Err:   serial
Net:   Net Initialization Skipped
No ethernet found.
Hit any key to stop autoboot:  2  0 
Tegra124 (Nyan-big) # 
Tegra124 (Nyan-big) # usb start
starting USB...
USB0:   USB EHCI 1.10
scanning bus 0 for devices... 2 USB Device(s) found
USB1:   USB EHCI 1.10
scanning bus 1 for devices... 2 USB Device(s) found
       scanning usb for storage devices... 1 Storage Device(s) found
       scanning usb for ethernet devices... 
Warning: asx0 using MAC address from net device
1 Ethernet Device(s) found
Tegra124 (Nyan-big) # setenv bootargs 'ignore_loglevel console=ttyS0,115200n8 rw root=PARTUUID=4d36e82a-b3c0-4b4b-bfcd-afe5217ac023 rootwait gpt debug noinitrd earlyprintk init=/bin/bash'
Tegra124 (Nyan-big) # setenv ipaddr 192.168.100.102; setenv serverip 192.168.100.1; setenv tftpserverip 192.168.100.1
Tegra124 (Nyan-big) # tftpboot 0x82000000 zImage.tegra_defconfig
Using asx0 device
TFTP from server 192.168.100.1; our IP address is 192.168.100.102
Filename 'zImage.tegra_defconfig'.
Load address: 0x82000000
Loading: *#################################################################
	 #################################################################
	 #################################################################
	 #################################################################
	 #################################################################
	 ##############################################
	 3.3 MiB/s
done
Bytes transferred = 5434048 (52eac0 hex)
Tegra124 (Nyan-big) # tftpboot 0x83000000 tegra124-nyan-big.dtb
Using asx0 device
TFTP from server 192.168.100.1; our IP address is 192.168.100.102
Filename 'tegra124-nyan-big.dtb'.
Load address: 0x83000000
Loading: *#####
	 3.4 MiB/s
done
Bytes transferred = 66821 (10505 hex)
Tegra124 (Nyan-big) # bootz 0x82000000 - 0x83000000
Kernel image @ 0x82000000 [ 0x000000 - 0x52eac0 ]
## Flattened Device Tree blob at 83000000
   Booting using the fdt blob at 0x83000000
   Using Device Tree in place at 83000000, end 83013504

Starting kernel ...

[    3.235635] console [ttyS0] enabled
[    3.239111] bootconsole [earlycon0] disabled
[    3.244354] [drm] Initialized drm 1.1.0 20060810
[    3.249379] tegra-hdmi 54280000.hdmi: failed to get HDMI regulator
[    3.255965] tegra-dpaux 545c0000.dpaux: failed to get VDD supply: -517
[    3.263263] panel supply power not found, using dummy regulator
[    3.274669] loop: module loaded
[    3.278455] as3722 4-0040: AS3722 with revision 0x1 found
[    3.288569] as3722-sd2: supplied by +5V_SYS
[    3.293076] as3722-sd3: supplied by +5V_SYS
[    3.297433] +1.35V_LP0(sd3): Bringing 0uV into 1350000-1350000uV
[    3.303687] as3722-sd4: supplied by +5V_SYS
[    3.308033] +1.05V_RUN: Bringing 0uV into 1050000-1050000uV
[    3.313858] as3722-sd5: supplied by +5V_SYS
[    3.319655] as3722-ldo0: supplied by +1.35V_LP0(sd2)
[    3.325493] +1.8V_RUN_CAM: Bringing 0uV into 1800000-1800000uV
[    3.331600] as3722-ldo2: supplied by +1.8V_VDDIO
[    3.337335] as3722-ldo3: supplied by +3.3V_SYS
[    3.341784] +1.00V_LP0_VDD_RTC: Bringing 1100000uV into 1000000-1000000uV
[    3.349455] as3722-ldo4: supplied by +3.3V_SYS
[    3.354055] +3.3V_RUN_CAM: Bringing 0uV into 2800000-2800000uV
[    3.360168] as3722-ldo5: supplied by +1.8V_VDDIO
[    3.364943] +1.2V_RUN_CAM_FRONT: Bringing 0uV into 1200000-1200000uV
[    3.371724] +VDDIO_SDMMC3: Bringing 0uV into 1800000-1800000uV
[    3.377859] as3722-ldo7: supplied by +1.8V_VDDIO
[    3.382633] +1.05V_RUN_CAM_REAR: Bringing 0uV into 1050000-1050000uV
[    3.389280] as3722-ldo9: supplied by +5V_SYS
[    3.393852] +2.8V_RUN_TOUCH: Bringing 0uV into 2800000-2800000uV
[    3.400156] as3722-ldo10: supplied by +5V_SYS
[    3.404668] +2.8V_RUN_CAM_AF: Bringing 0uV into 2800000-2800000uV
[    3.411215] +1.8V_RUN_VPP_FUSE: Bringing 0uV into 1800000-1800000uV
[    3.464863] cros-ec-spi spi32766.0: Chrome EC device registered
[    3.474775] random: fast init done
[    3.480283] m25p80 spi32765.0: w25q32dw (4096 Kbytes)
[    3.486674] libphy: Fixed MDIO Bus: probed
[    3.490758] CAN device driver interface
[    3.494620] igb: Intel(R) Gigabit Ethernet Network Driver - version 5.3.0-k
[    3.501581] igb: Copyright (c) 2007-2014 Intel Corporation.
[    3.507256] pegasus: v0.9.3 (2013/04/25), Pegasus/Pegasus II USB Ethernet driver
[    3.514679] usbcore: registered new interface driver pegasus
[    3.520392] usbcore: registered new interface driver asix
[    3.525829] usbcore: registered new interface driver ax88179_178a
[    3.531946] usbcore: registered new interface driver cdc_ether
[    3.537836] usbcore: registered new interface driver smsc75xx
[    3.543620] usbcore: registered new interface driver smsc95xx
[    3.549397] usbcore: registered new interface driver net1080
[    3.555095] usbcore: registered new interface driver cdc_subset
[    3.561040] usbcore: registered new interface driver zaurus
[    3.566661] usbcore: registered new interface driver cdc_ncm
[    3.572403] ehci_hcd: USB 2.0 'Enhanced' Host Controller (EHCI) Driver
[    3.578927] ehci-pci: EHCI PCI platform driver
[    3.583397] tegra-ehci: Tegra EHCI driver
[    3.587733] usbcore: registered new interface driver cdc_acm
[    3.593377] cdc_acm: USB Abstract Control Model driver for USB modems and ISDN adapters
[    3.601407] usbcore: registered new interface driver cdc_wdm
[    3.607114] usbcore: registered new interface driver usb-storage
[    3.613374] mousedev: PS/2 mouse device common for all mice
[    3.619250] input: cros_ec as /devices/soc0/7000d400.spi/spi_master/spi32766/spi32766.0/7000d400.spi:cros-ec@0:keyboard-controller/input/input0
[    3.634142] as3722-rtc as3722-rtc: rtc core: registered as3722-rtc as rtc0
[    3.641009] as3722-rtc as3722-rtc: RTC interrupt 370
[    3.647944] tegra_rtc 7000e000.rtc: rtc core: registered 7000e000.rtc as rtc1
[    3.655102] tegra_rtc 7000e000.rtc: Tegra internal Real Time Clock
[    3.661401] i2c /dev entries driver
[    3.665667] usbcore: registered new interface driver uvcvideo
[    3.671397] USB Video Class driver (1.1.1)
[    3.675488] gspca_main: v2.14.0 registered
[    3.679863] 0-004c supply vcc not found, using dummy regulator
[    3.687691] tegra-wdt 60005000.timer: initialized (heartbeat = 120 sec, nowayout = 0)
[    3.696109] sdhci: Secure Digital Host Controller Interface driver
[    3.702272] sdhci: Copyright(c) Pierre Ossman
[    3.706625] sdhci-pltfm: SDHCI platform and OF driver helper
[    3.712410] sdhci-tegra 700b0000.sdhci: allocated mmc-pwrseq
[    3.718210] sdhci-tegra 700b0400.sdhci: Got CD GPIO
[    3.723081] sdhci-tegra 700b0400.sdhci: Got WP GPIO
[    3.728103] mmc0: Unknown controller version (3). You may experience problems.
[    3.735350] mmc0: Invalid maximum block size, assuming 512 bytes
[    3.804844] mmc0: SDHCI controller on 700b0600.sdhci [700b0600.sdhci] using ADMA
[    3.814680] usbcore: registered new interface driver usbhid
[    3.823171] usbhid: USB HID core driver
[    3.837714] tegra30-i2s 70301100.i2s: DMA channels sourced from device 70300000.ahub
[    3.885313] max98090 0-0010: MAX98090 REVID=0x43
[    3.892591] max98090 0-0010: use default 2.8v micbias
[    3.900315] tegra-snd-max98090 sound: HiFi <-> 70301100.i2s mapping ok
[    3.906870] mmc0: new high speed MMC card at address 0001
[    3.912654] mmcblk0: mmc0:0001 MMC16G 14.4 GiB 
[    3.917454] mmcblk0boot0: mmc0:0001 MMC16G partition 1 2.00 MiB
[    3.924619] input: GoogleNyanBig Headphones as /devices/soc0/sound/sound/card1/input1
[    3.932728] input: GoogleNyanBig Mic Jack as /devices/soc0/sound/sound/card1/input2
[    3.940388] mmcblk0boot1: mmc0:0001 MMC16G partition 2 2.00 MiB
[    3.946439] mmcblk0rpmb: mmc0:0001 MMC16G partition 3 128 KiB
[    3.955183]  mmcblk0: p1 p2 p3 p4 p5 p6 p7 p8 p9 p10 p11 p12
[    4.264814] NET: Registered protocol family 10
[    4.434826] mip6: Mobile IPv6
[    4.437786] sit: IPv6, IPv4 and MPLS over IPv4 tunneling driver
[    4.444749] NET: Registered protocol family 17
[    4.449213] NET: Registered protocol family 15
[    4.453644] can: controller area network core (rev 20120528 abi 9)
[    4.494851] NET: Registered protocol family 29
[    4.499282] can: raw protocol (rev 20120528)
[    4.503539] can: broadcast manager protocol (rev 20160617 t)
[    4.509204] can: netlink gateway (rev 20130117) max_hops=1
[    4.544877] Bluetooth: RFCOMM socket layer initialized
[    4.550015] Bluetooth: RFCOMM ver 1.11
[    4.553755] Bluetooth: BNEP (Ethernet Emulation) ver 1.3
[    4.559098] Bluetooth: BNEP socket layer initialized
[    4.564048] Bluetooth: HIDP (Human Interface Emulation) ver 1.2
[    4.569962] Bluetooth: HIDP socket layer initialized
[    4.575558] input: tegra-hda HDMI/DP,pcm=3 as /devices/soc0/70030000.hda/sound/card0/input3
[    4.584076] Key type dns_resolver registered
[    4.588806] Registering SWP/SWPB emulation handler
[    4.594630] +3.3V_RUN: supplied by +3.3V_SYS
[    4.599400] +3.3V_AVDD_HDMI_AP_GATED: supplied by +3.3V_RUN
[    4.605034] +1.8V_RUN_CAM: supplied by +3.3V_RUN
[    4.609677] +VDDIO_SDMMC3: supplied by +3.3V_RUN
[    4.614328] +1.8V_RUN_VPP_FUSE: supplied by +3.3V_RUN
[    4.619482] +VDD_LED: supplied by +VDD_MUX
[    4.623777] +5V_VDD_TS_SW: supplied by +5V_SYS
[    4.628432] +5V_USB_HS: supplied by +5V_SYS
[    4.632817] +5V_USB_SS: supplied by +5V_SYS
[    4.637794] +3.3V_PANEL: supplied by +3.3V_RUN
[    4.642818] +3.3V_LP0: supplied by +3.3V_SYS
[    4.647689] +1.05V_RUN_AVDD_HDMI_PLL: supplied by +1.05V_RUN
[    4.653565] +5V_HDMI_CON: supplied by +5V_SYS
[    4.659039] usb3-0 supply vbus not found, using dummy regulator
[    4.665038] usb3-1 supply vbus not found, using dummy regulator
[    4.673501] tegra-sor 54540000.sor: failed to probe output: -517
[    4.679680] panel supply power not found, using dummy regulator
[    4.755565] tegra-xusb 70090000.usb: Firmware timestamp: 2014-09-16 02:10:07 UTC
[    4.762976] tegra-xusb 70090000.usb: xHCI Host Controller
[    4.768395] tegra-xusb 70090000.usb: new USB bus registered, assigned bus number 1
[    4.777974] tegra-xusb 70090000.usb: hcc params 0x0184f525 hci version 0x100 quirks 0x00010010
[    4.786626] tegra-xusb 70090000.usb: irq 342, io mem 0x70090000
[    4.793370] hub 1-0:1.0: USB hub found
[    4.797189] hub 1-0:1.0: 6 ports detected
[    4.801854] tegra-xusb 70090000.usb: xHCI Host Controller
[    4.807286] tegra-xusb 70090000.usb: new USB bus registered, assigned bus number 2
[    4.815039] usb usb2: We don't know the algorithms for LPM for this host, disabling LPM.
[    4.823944] hub 2-0:1.0: USB hub found
[    4.827763] hub 2-0:1.0: 2 ports detected
[    4.832957] sdhci-tegra 700b0000.sdhci: allocated mmc-pwrseq
[    4.838853] mmc1: Unknown controller version (3). You may experience problems.
[    4.846175] mmc1: Invalid maximum block size, assuming 512 bytes
[    4.852744] mmc1: Switching to 3.3V signalling voltage failed
[    4.914898] mmc1: SDHCI controller on 700b0000.sdhci [700b0000.sdhci] using ADMA
[    4.922484] sdhci-tegra 700b0400.sdhci: Got CD GPIO
[    4.927369] sdhci-tegra 700b0400.sdhci: Got WP GPIO
[    4.932349] mmc2: Unknown controller version (3). You may experience problems.
[    4.939624] mmc2: Invalid maximum block size, assuming 512 bytes
[    4.983982] mmc1: new high speed SDIO card at address 0001
[    5.004989] mmc2: SDHCI controller on 700b0400.sdhci [700b0400.sdhci] using ADMA
[    5.112416] [drm] Supports vblank timestamp caching Rev 2 (21.10.2013).
[    5.119041] [drm] No driver support for vblank timestamp query.
[    5.154867] usb 1-2: new high-speed USB device number 2 using tegra-xusb
[    5.166216] mmc2: new high speed SDHC card at address 0007
[    5.176822] mmcblk2: mmc2:0007 SD08G 7.42 GiB 
[    5.181351] Console: switching to colour frame buffer device 170x48
[    5.208951] drm drm: fb0:  frame buffer device
[    5.213526] GPT:Primary header alternate_lba != Alt. header my_lba
[    5.219735] GPT:3014591 != 15564799
[    5.223240] GPT:Primary header thinks Alt. header is not at the end of the disk.
[    5.230713] GPT:3014591 != 15564799
[    5.234188] GPT: Use GNU Parted to correct GPT errors.
[    5.239387]  mmcblk2: p1 p2 p3 p4 p5 p6 p7 p8 p9 p10 p11 p12
[    5.245090] [drm] Initialized tegra 0.0.0 20120330 on minor 0
[    5.245763] input: gpio-keys as /devices/soc0/gpio-keys/input/input4
[    5.258518] as3722-rtc as3722-rtc: setting system clock to 2000-01-01 00:02:06 UTC (946684926)
[    5.272775] +1.8V_RUN_CAM: disabling
[    5.276713] +1.2V_RUN_CAM_FRONT: disabling
[    5.281015] +1.05V_RUN_CAM_REAR: disabling
[    5.285369] +2.8V_RUN_TOUCH: disabling
[    5.289346] +2.8V_RUN_CAM_AF: disabling
[    5.293375] +1.8V_RUN_VPP_FUSE: disabling
[    5.297608] +5V_VDD_TS_SW: disabling
[    5.301363] ALSA device list:
[    5.304321]   #0: tegra-hda at 0x70038000 irq 341
[    5.309041]   #1: GoogleNyanBig
[    5.312906] EXT4-fs (mmcblk0p3): couldn't mount as ext3 due to feature incompatibilities
[    5.465146] uvcvideo: Found UVC 1.00 device HD WebCam (1bcf:2c67)
[    5.480122] input: HD WebCam as /devices/soc0/70090000.usb/usb1/1-2/1-2:1.0/input/input5
[    5.488610] EXT4-fs (mmcblk0p3): recovery complete
[    5.494171] EXT4-fs (mmcblk0p3): mounted filesystem with ordered data mode. Opts: (null)
[    5.502341] VFS: Mounted root (ext4 filesystem) on device 179:3.
[    5.509437] devtmpfs: mounted
[    5.512837] Freeing unused kernel memory: 1024K (c0c00000 - c0d00000)
bash: cannot set terminal process group (-1): Inappropriate ioctl for device
bash: no job control in this shell
root@(none):/# [    5.824896] usb 1-3: new high-speed USB device number 3 using tegra-xusb
[    6.473772] asix 1-3:1.0 eth0: register 'asix' at usb-70090000.usb-3, ASIX AX88772 USB 2.0 Ethernet, c8:d7:19:90:fa:65
[    6.814904] usb 1-1: new high-speed USB device number 4 using tegra-xusb
[    6.993533] usb-storage 1-1:1.0: USB Mass Storage device detected
[    7.010474] scsi host0: usb-storage 1-1:1.0
[    8.176878] scsi 0:0:0:0: Direct-Access     SanDisk  SDDR-113         9412 PQ: 0 ANSI: 0
[    8.349649] sd 0:0:0:0: [sda] 15523840 512-byte logical blocks: (7.95 GB/7.40 GiB)
[    8.358488] sd 0:0:0:0: [sda] Write Protect is off
[    8.363271] sd 0:0:0:0: [sda] Mode Sense: 03 00 00 00
[    8.369396] sd 0:0:0:0: [sda] No Caching mode page found
[    8.374697] sd 0:0:0:0: [sda] Assuming drive cache: write through
[    8.399561]  sda: sda1 sda2 sda3 sda4 sda5 sda6 sda7 sda8 sda9 sda10 sda11 sda12 sda13
[    8.412932] sd 0:0:0:0: [sda] Attached SCSI removable disk
mount -t sysfs none /sys
root@(none):/# 
root@(none):/# mount -t debugfs none /sys/kernel/debug
root@(none):/# 
root@(none):/# rtcwake -d rtc1 -m mem -s 3
rtcwake: assuming RTC uses UTC ...
rtcwake: wakeup from "mem" using /dev/rtc1 at Thu Jan  1 00:00:52 1970
[   31.895413] PM: Syncing filesystems ... done.
[   31.905010] Freezing user space processes ... (elapsed 0.001 seconds) done.
[   31.913164] Freezing remaining freezable tasks ... (elapsed 0.001 seconds) done.
[   31.921826] Suspending console(s) (use no_console_suspend to debug)
[   31.928902] asix 1-3:1.0 eth0: Failed to read reg index 0x0000: -19
[   31.928905] asix 1-3:1.0 eth0: Error reading Medium Status register: ffffffed
[   31.928908] asix 1-3:1.0 eth0: Failed to write reg index 0x0000: -19
[   31.928910] asix 1-3:1.0 eth0: Failed to write Medium Mode mode to 0xfeed: ffffffed
[   32.136212] PM: suspend of devices complete after 207.501 msecs
[   32.137112] PM: late suspend of devices complete after 0.895 msecs
[   32.137951] PM: noirq suspend of devices complete after 0.836 msecs
[   32.137954] Disabling non-boot CPUs ...
[   32.194864] span: 0,2-3 (max cpu_capacity = 1024)
[   32.195161] CPU1: shutdown
[   32.304859] span: 0,3 (max cpu_capacity = 1024)
[   32.305225] CPU2: shutdown
[   32.414854] span: 0 (max cpu_capacity = 1024)
[   32.425203] CPU3: shutdown
[   32.485747] Entering suspend state LP1
[   32.485747] Suspended for 2.827 seconds
[   32.485772] Enabling non-boot CPUs ...
[   32.515965] span: 0-1 (max cpu_capacity = 1024)
[   32.516032] CPU1 is up
[   32.556107] span: 0-2 (max cpu_capacity = 1024)
[   32.556165] CPU2 is up
[   32.596332] span: 0-3 (max cpu_capacity = 1024)
[   32.596397] CPU3 is up
[   32.596950] PM: noirq resume of devices complete after 0.549 msecs
[   32.598567] PM: early resume of devices complete after 1.124 msecs
[   32.650184] mmc1: Switching to 3.3V signalling voltage failed
[   32.904865] tegra-sor 54540000.sor: failed to attach SOR: -110
[   33.158950] PM: resume of devices complete after 560.374 msecs
[   33.292653] Restarting tasks ... done.
root@(none):/# 
root@(none):/# rtcwake -d rtc1 -m mem -s 3
rtcwake: assuming RTC uses UTC ...
rtcwake: wakeup from "mem" using /dev/rtc1 at Thu Jan  1 00:00:57 1970
[   34.144565] PM: Syncing filesystems ... done.
[   34.154009] Freezing user space processes ... (elapsed 0.001 seconds) done.
[   34.162211] Freezing remaining freezable tasks ... (elapsed 0.001 seconds) done.
[   34.170906] Suspending console(s) (use no_console_suspend to debug)
[   34.177947] asix 1-3:1.0 eth0: Failed to read reg index 0x0000: -19
[   34.177949] asix 1-3:1.0 eth0: Error reading Medium Status register: ffffffed
[   34.177952] asix 1-3:1.0 eth0: Failed to write reg index 0x0000: -19
[   34.177955] asix 1-3:1.0 eth0: Failed to write Medium Mode mode to 0xfeed: ffffffed
[   34.386180] PM: suspend of devices complete after 208.415 msecs
[   34.387076] PM: late suspend of devices complete after 0.891 msecs
[   34.387905] PM: noirq suspend of devices complete after 0.826 msecs
[   34.387907] Disabling non-boot CPUs ...
[   34.424835] span: 0,2-3 (max cpu_capacity = 1024)
[   34.425138] CPU1: shutdown
[   34.524828] span: 0,3 (max cpu_capacity = 1024)
[   34.525135] CPU2: shutdown
[   34.624821] span: 0 (max cpu_capacity = 1024)
[   34.625101] CPU3: shutdown
[   34.675708] Entering suspend state LP1
[   34.675708] Suspended for 2.809 seconds
[   34.675732] Enabling non-boot CPUs ...
[   34.705950] span: 0-1 (max cpu_capacity = 1024)
[   34.706014] CPU1 is up
[   34.746087] span: 0-2 (max cpu_capacity = 1024)
[   34.746147] CPU2 is up
[   34.786309] span: 0-3 (max cpu_capacity = 1024)
[   34.786376] CPU3 is up
[   34.786952] PM: noirq resume of devices complete after 0.572 msecs
[   34.788770] PM: early resume of devices complete after 1.331 msecs
[   34.829614] mmc1: Switching to 3.3V signalling voltage failed
[   35.015128] usb 1-1: reset high-speed USB device number 4 using tegra-xusb
[   35.084786] tegra-sor 54540000.sor: failed to attach SOR: -110
[   35.338766] PM: resume of devices complete after 549.986 msecs
[   35.479322] Restarting tasks ... done.
root@(none):/# 
root@(none):/# rtcwake -d rtc1 -m mem -s 3
rtcwake: assuming RTC uses UTC ...
rtcwake: wakeup from "mem" using /dev/rtc1 at Thu Jan  1 00:01:02 1970
[   36.335490] PM: Syncing filesystems ... done.
[   36.345061] Freezing user space processes ... (elapsed 0.001 seconds) done.
[   36.353260] Freezing remaining freezable tasks ... (elapsed 0.001 seconds) done.
[   36.361971] Suspending console(s) (use no_console_suspend to debug)
[   36.369035] asix 1-3:1.0 eth0: Failed to read reg index 0x0000: -19
[   36.369038] asix 1-3:1.0 eth0: Error reading Medium Status register: ffffffed
[   36.369042] asix 1-3:1.0 eth0: Failed to write reg index 0x0000: -19
[   36.369044] asix 1-3:1.0 eth0: Failed to write Medium Mode mode to 0xfeed: ffffffed
[   36.586148] PM: suspend of devices complete after 217.303 msecs
[   36.587045] PM: late suspend of devices complete after 0.893 msecs
[   36.587877] PM: noirq suspend of devices complete after 0.828 msecs
[   36.587879] Disabling non-boot CPUs ...
[   36.624802] span: 0,2-3 (max cpu_capacity = 1024)
[   36.625108] CPU1: shutdown
[   36.724797] span: 0,3 (max cpu_capacity = 1024)
[   36.725105] CPU2: shutdown
[   36.824792] span: 0 (max cpu_capacity = 1024)
[   36.825076] CPU3: shutdown
[   36.875662] Entering suspend state LP1
[   36.875662] Suspended for 2.799 seconds
[   36.875686] Enabling non-boot CPUs ...
[   36.905921] span: 0-1 (max cpu_capacity = 1024)
[   36.905985] CPU1 is up
[   36.946054] span: 0-2 (max cpu_capacity = 1024)
[   36.946110] CPU2 is up
[   36.986277] span: 0-3 (max cpu_capacity = 1024)
[   36.986342] CPU3 is up
[   36.986956] PM: noirq resume of devices complete after 0.609 msecs
[   36.988944] PM: early resume of devices complete after 1.490 msecs
[   37.029920] mmc1: Switching to 3.3V signalling voltage failed
[   37.284743] tegra-sor 54540000.sor: failed to attach SOR: -110
[   37.538837] PM: resume of devices complete after 549.884 msecs
[   37.672522] Restarting tasks ... done.
root@(none):/# 
root@(none):/# rtcwake -d rtc1 -m mem -s 3
rtcwake: assuming RTC uses UTC ...
rtcwake: wakeup from "mem" using /dev/rtc1 at Thu Jan  1 00:01:07 1970
[   38.535448] PM: Syncing filesystems ... done.
[   38.545021] Freezing user space processes ... (elapsed 0.001 seconds) done.
[   38.553227] Freezing remaining freezable tasks ... (elapsed 0.001 seconds) done.
[   38.561942] Suspending console(s) (use no_console_suspend to debug)
[   38.569006] asix 1-3:1.0 eth0: Failed to read reg index 0x0000: -19
[   38.569009] asix 1-3:1.0 eth0: Error reading Medium Status register: ffffffed
[   38.569012] asix 1-3:1.0 eth0: Failed to write reg index 0x0000: -19
[   38.569014] asix 1-3:1.0 eth0: Failed to write Medium Mode mode to 0xfeed: ffffffed
[   38.786114] PM: suspend of devices complete after 217.299 msecs
[   38.787011] PM: late suspend of devices complete after 0.892 msecs
[   38.787842] PM: noirq suspend of devices complete after 0.828 msecs
[   38.787844] Disabling non-boot CPUs ...
[   38.824772] span: 0,2-3 (max cpu_capacity = 1024)
[   38.825079] CPU1: shutdown
[   38.924765] span: 0,3 (max cpu_capacity = 1024)
[   38.925077] CPU2: shutdown
[   39.034759] span: 0 (max cpu_capacity = 1024)
[   39.035036] CPU3: shutdown
[   39.085620] Entering suspend state LP1
[   39.085620] Suspended for 2.789 seconds
[   39.085645] Enabling non-boot CPUs ...
[   39.115897] span: 0-1 (max cpu_capacity = 1024)
[   39.115961] CPU1 is up
[   39.156017] span: 0-2 (max cpu_capacity = 1024)
[   39.156086] CPU2 is up
[   39.196247] span: 0-3 (max cpu_capacity = 1024)
[   39.196309] CPU3 is up
[   39.196838] PM: noirq resume of devices complete after 0.525 msecs
[   39.198956] PM: early resume of devices complete after 1.605 msecs
[   39.239770] mmc1: Switching to 3.3V signalling voltage failed
[   39.425057] usb 1-1: reset high-speed USB device number 4 using tegra-xusb
[   39.494713] tegra-sor 54540000.sor: failed to attach SOR: -110
[   39.749078] PM: resume of devices complete after 550.113 msecs
[   39.889647] Restarting tasks ... done.
root@(none):/# 
root@(none):/# rtcwake -d rtc1 -m mem -s 3
rtcwake: assuming RTC uses UTC ...
rtcwake: wakeup from "mem" using /dev/rtc1 at Thu Jan  1 00:01:12 1970
[   40.745405] PM: Syncing filesystems ... done.
[   40.755064] Freezing user space processes ... (elapsed 0.001 seconds) done.
[   40.763269] Freezing remaining freezable tasks ... (elapsed 0.001 seconds) done.
[   40.771922] Suspending console(s) (use no_console_suspend to debug)
[   40.778963] asix 1-3:1.0 eth0: Failed to read reg index 0x0000: -19
[   40.778966] asix 1-3:1.0 eth0: Error reading Medium Status register: ffffffed
[   40.778969] asix 1-3:1.0 eth0: Failed to write reg index 0x0000: -19
[   40.778972] asix 1-3:1.0 eth0: Failed to write Medium Mode mode to 0xfeed: ffffffed
[   40.996138] PM: suspend of devices complete after 217.345 msecs
[   40.997389] PM: late suspend of devices complete after 1.242 msecs
[   40.998279] PM: noirq suspend of devices complete after 0.885 msecs
[   40.998281] Disabling non-boot CPUs ...
[   41.034741] span: 0,2-3 (max cpu_capacity = 1024)
[   41.035068] CPU1: shutdown
[   41.134741] span: 0,3 (max cpu_capacity = 1024)
[   41.135048] CPU2: shutdown
[   41.244727] span: 0 (max cpu_capacity = 1024)
[   41.245012] CPU3: shutdown
[   41.295594] Entering suspend state LP1
[   41.295594] Suspended for 2.789 seconds
[   41.295618] Enabling non-boot CPUs ...
[   41.325865] span: 0-1 (max cpu_capacity = 1024)
[   41.325931] CPU1 is up
[   41.365977] span: 0-2 (max cpu_capacity = 1024)
[   41.366044] CPU2 is up
[   41.406217] span: 0-3 (max cpu_capacity = 1024)
[   41.406279] CPU3 is up
[   41.406810] PM: noirq resume of devices complete after 0.526 msecs
[   41.408524] PM: early resume of devices complete after 1.198 msecs
[   41.450324] mmc1: Switching to 3.3V signalling voltage failed
[   41.635038] usb 1-1: reset high-speed USB device number 4 using tegra-xusb
[   41.704691] tegra-sor 54540000.sor: failed to attach SOR: -110
[   41.958659] PM: resume of devices complete after 550.125 msecs
[   42.099210] Restarting tasks ... done.
root@(none):/# 
root@(none):/# rtcwake -d rtc1 -m mem -s 3
rtcwake: assuming RTC uses UTC ...
rtcwake: wakeup from "mem" using /dev/rtc1 at Thu Jan  1 00:01:17 1970
[   42.955418] PM: Syncing filesystems ... done.
[   42.964960] Freezing user space processes ... (elapsed 0.001 seconds) done.
[   42.973154] Freezing remaining freezable tasks ... (elapsed 0.001 seconds) done.
[   42.981867] Suspending console(s) (use no_console_suspend to debug)
[   42.988930] asix 1-3:1.0 eth0: Failed to read reg index 0x0000: -19
[   42.988933] asix 1-3:1.0 eth0: Error reading Medium Status register: ffffffed
[   42.988936] asix 1-3:1.0 eth0: Failed to write reg index 0x0000: -19
[   42.988939] asix 1-3:1.0 eth0: Failed to write Medium Mode mode to 0xfeed: ffffffed
[   43.206054] PM: suspend of devices complete after 217.315 msecs
[   43.206955] PM: late suspend of devices complete after 0.896 msecs
[   43.207789] PM: noirq suspend of devices complete after 0.832 msecs
[   43.207792] Disabling non-boot CPUs ...
[   43.244710] span: 0,2-3 (max cpu_capacity = 1024)
[   43.245021] CPU1: shutdown
[   43.344703] span: 0,3 (max cpu_capacity = 1024)
[   43.345016] CPU2: shutdown
[   43.454697] span: 0 (max cpu_capacity = 1024)
[   43.454976] CPU3: shutdown
[   43.505576] Entering suspend state LP1
[   43.505576] Suspended for 2.789 seconds
[   43.505601] Enabling non-boot CPUs ...
[   43.535835] span: 0-1 (max cpu_capacity = 1024)
[   43.535900] CPU1 is up
[   43.575964] span: 0-2 (max cpu_capacity = 1024)
[   43.576024] CPU2 is up
[   43.616184] span: 0-3 (max cpu_capacity = 1024)
[   43.616248] CPU3 is up
[   43.616762] PM: noirq resume of devices complete after 0.510 msecs
[   43.618470] PM: early resume of devices complete after 1.218 msecs
[   43.659558] mmc1: Switching to 3.3V signalling voltage failed
[   43.914626] tegra-sor 54540000.sor: failed to attach SOR: -110
[   44.168961] PM: resume of devices complete after 550.481 msecs
[   44.302661] Restarting tasks ... done.
root@(none):/# 
root@(none):/# rtcwake -d rtc1 -m mem -s 3
rtcwake: assuming RTC uses UTC ...
rtcwake: wakeup from "mem" using /dev/rtc1 at Thu Jan  1 00:01:22 1970
[   45.165461] PM: Syncing filesystems ... done.
[   45.175038] Freezing user space processes ... (elapsed 0.001 seconds) done.
[   45.183230] Freezing remaining freezable tasks ... (elapsed 0.001 seconds) done.
[   45.191945] Suspending console(s) (use no_console_suspend to debug)
[   45.199008] asix 1-3:1.0 eth0: Failed to read reg index 0x0000: -19
[   45.199011] asix 1-3:1.0 eth0: Error reading Medium Status register: ffffffed
[   45.199014] asix 1-3:1.0 eth0: Failed to write reg index 0x0000: -19
[   45.199016] asix 1-3:1.0 eth0: Failed to write Medium Mode mode to 0xfeed: ffffffed
[   45.416022] PM: suspend of devices complete after 217.206 msecs
[   45.416922] PM: late suspend of devices complete after 0.896 msecs
[   45.417753] PM: noirq suspend of devices complete after 0.827 msecs
[   45.417755] Disabling non-boot CPUs ...
[   45.474678] span: 0,2-3 (max cpu_capacity = 1024)
[   45.474987] CPU1: shutdown
[   45.554669] span: 0,3 (max cpu_capacity = 1024)
[   45.554980] CPU2: shutdown
[   45.654664] span: 0 (max cpu_capacity = 1024)
[   45.654953] CPU3: shutdown
[   45.705534] Entering suspend state LP1
[   45.705534] Suspended for 2.799 seconds
[   45.705558] Enabling non-boot CPUs ...
[   45.735823] span: 0-1 (max cpu_capacity = 1024)
[   45.735888] CPU1 is up
[   45.775927] span: 0-2 (max cpu_capacity = 1024)
[   45.775989] CPU2 is up
[   45.816152] span: 0-3 (max cpu_capacity = 1024)
[   45.816218] CPU3 is up
[   45.816750] PM: noirq resume of devices complete after 0.527 msecs
[   45.818918] PM: early resume of devices complete after 1.652 msecs
[   45.859648] mmc1: Switching to 3.3V signalling voltage failed
[   46.114678] tegra-sor 54540000.sor: failed to attach SOR: -110
[   46.369134] PM: resume of devices complete after 550.206 msecs
[   46.502835] Restarting tasks ... done.
root@(none):/# 
root@(none):/# rtcwake -d rtc1 -m mem -s 3
rtcwake: assuming RTC uses UTC ...
rtcwake: wakeup from "mem" using /dev/rtc1 at Thu Jan  1 00:01:27 1970
[   47.365309] PM: Syncing filesystems ... done.
[   47.375043] Freezing user space processes ... (elapsed 0.001 seconds) done.
[   47.383244] Freezing remaining freezable tasks ... (elapsed 0.001 seconds) done.
[   47.391957] Suspending console(s) (use no_console_suspend to debug)
[   47.399011] asix 1-3:1.0 eth0: Failed to read reg index 0x0000: -19
[   47.399014] asix 1-3:1.0 eth0: Error reading Medium Status register: ffffffed
[   47.399018] asix 1-3:1.0 eth0: Failed to write reg index 0x0000: -19
[   47.399021] asix 1-3:1.0 eth0: Failed to write Medium Mode mode to 0xfeed: ffffffed
[   47.615989] PM: suspend of devices complete after 217.159 msecs
[   47.616887] PM: late suspend of devices complete after 0.894 msecs
[   47.617718] PM: noirq suspend of devices complete after 0.828 msecs
[   47.617721] Disabling non-boot CPUs ...
[   47.654645] span: 0,2-3 (max cpu_capacity = 1024)
[   47.654956] CPU1: shutdown
[   47.754641] span: 0,3 (max cpu_capacity = 1024)
[   47.754950] CPU2: shutdown
[   47.854633] span: 0 (max cpu_capacity = 1024)
[   47.854924] CPU3: shutdown
[   47.905502] Entering suspend state LP1
[   47.905502] Suspended for 2.799 seconds
[   47.905527] Enabling non-boot CPUs ...
[   47.935770] span: 0-1 (max cpu_capacity = 1024)
[   47.935836] CPU1 is up
[   47.975894] span: 0-2 (max cpu_capacity = 1024)
[   47.975955] CPU2 is up
[   48.016121] span: 0-3 (max cpu_capacity = 1024)
[   48.016183] CPU3 is up
[   48.016714] PM: noirq resume of devices complete after 0.527 msecs
[   48.018518] PM: early resume of devices complete after 1.311 msecs
[   48.059831] mmc1: Switching to 3.3V signalling voltage failed
[   48.244932] usb 1-1: reset high-speed USB device number 4 using tegra-xusb
[   48.314592] tegra-sor 54540000.sor: failed to attach SOR: -110
[   48.567614] PM: resume of devices complete after 549.086 msecs
[   48.708165] Restarting tasks ... done.
root@(none):/# 
root@(none):/# rtcwake -d rtc1 -m mem -s 3
rtcwake: assuming RTC uses UTC ...
rtcwake: wakeup from "mem" using /dev/rtc1 at Thu Jan  1 00:01:32 1970
[   49.565411] PM: Syncing filesystems ... done.
[   49.575134] Freezing user space processes ... (elapsed 0.001 seconds) done.
[   49.583340] Freezing remaining freezable tasks ... (elapsed 0.001 seconds) done.
[   49.592053] Suspending console(s) (use no_console_suspend to debug)
[   49.599136] asix 1-3:1.0 eth0: Failed to read reg index 0x0000: -19
[   49.599139] asix 1-3:1.0 eth0: Error reading Medium Status register: ffffffed
[   49.599142] asix 1-3:1.0 eth0: Failed to write reg index 0x0000: -19
[   49.599145] asix 1-3:1.0 eth0: Failed to write Medium Mode mode to 0xfeed: ffffffed
[   49.815956] PM: suspend of devices complete after 217.033 msecs
[   49.816854] PM: late suspend of devices complete after 0.894 msecs
[   49.817689] PM: noirq suspend of devices complete after 0.831 msecs
[   49.817691] Disabling non-boot CPUs ...
[   49.854615] span: 0,2-3 (max cpu_capacity = 1024)
[   49.854926] CPU1: shutdown
[   49.954609] span: 0,3 (max cpu_capacity = 1024)
[   49.954915] CPU2: shutdown
[   50.064601] span: 0 (max cpu_capacity = 1024)
[   50.064885] CPU3: shutdown
[   50.115474] Entering suspend state LP1
[   50.115474] Suspended for 2.789 seconds
[   50.115499] Enabling non-boot CPUs ...
[   50.145739] span: 0-1 (max cpu_capacity = 1024)
[   50.145801] CPU1 is up
[   50.185863] span: 0-2 (max cpu_capacity = 1024)
[   50.185925] CPU2 is up
[   50.226088] span: 0-3 (max cpu_capacity = 1024)
[   50.226156] CPU3 is up
[   50.226689] PM: noirq resume of devices complete after 0.528 msecs
[   50.228453] PM: early resume of devices complete after 1.251 msecs
[   50.269681] mmc1: Switching to 3.3V signalling voltage failed
[   50.454919] usb 1-1: reset high-speed USB device number 4 using tegra-xusb
[   50.524624] tegra-sor 54540000.sor: failed to attach SOR: -110
[   50.778685] PM: resume of devices complete after 550.222 msecs
[   50.919238] Restarting tasks ... done.
root@(none):/# 
root@(none):/# rtcwake -d rtc1 -m mem -s 3
rtcwake: assuming RTC uses UTC ...
rtcwake: wakeup from "mem" using /dev/rtc1 at Thu Jan  1 00:01:37 1970
[   51.775173] PM: Syncing filesystems ... done.
[   51.784897] Freezing user space processes ... (elapsed 0.001 seconds) done.
[   51.793100] Freezing remaining freezable tasks ... (elapsed 0.001 seconds) done.
[   51.801813] Suspending console(s) (use no_console_suspend to debug)
[   51.808857] asix 1-3:1.0 eth0: Failed to read reg index 0x0000: -19
[   51.808862] asix 1-3:1.0 eth0: Error reading Medium Status register: ffffffed
[   51.808866] asix 1-3:1.0 eth0: Failed to write reg index 0x0000: -19
[   51.808870] asix 1-3:1.0 eth0: Failed to write Medium Mode mode to 0xfeed: ffffffed
[   52.025926] PM: suspend of devices complete after 217.242 msecs
[   52.026825] PM: late suspend of devices complete after 0.894 msecs
[   52.027662] PM: noirq suspend of devices complete after 0.833 msecs
[   52.027664] Disabling non-boot CPUs ...
[   52.064583] span: 0,2-3 (max cpu_capacity = 1024)
[   52.064894] CPU1: shutdown
[   52.174576] span: 0,3 (max cpu_capacity = 1024)
[   52.174882] CPU2: shutdown
[   52.284572] span: 0 (max cpu_capacity = 1024)
[   52.284854] CPU3: shutdown
[   52.335450] Entering suspend state LP1
[   52.335450] Suspended for 2.779 seconds
[   52.335475] Enabling non-boot CPUs ...
[   52.365709] span: 0-1 (max cpu_capacity = 1024)
[   52.365773] CPU1 is up
[   52.405844] span: 0-2 (max cpu_capacity = 1024)
[   52.405905] CPU2 is up
[   52.446058] span: 0-3 (max cpu_capacity = 1024)
[   52.446121] CPU3 is up
[   52.446650] PM: noirq resume of devices complete after 0.524 msecs
[   52.448475] PM: early resume of devices complete after 1.330 msecs
[   52.489719] mmc1: Switching to 3.3V signalling voltage failed
[   52.674878] usb 1-1: reset high-speed USB device number 4 using tegra-xusb
[   52.744550] tegra-sor 54540000.sor: failed to attach SOR: -110
[   52.998754] PM: resume of devices complete after 550.268 msecs
[   53.139451] Restarting tasks ... done.
root@(none):/# 
root@(none):/# NVTB SYSTEM SUSPEND TEST COMPLETE
