
U-Boot SPL 2016.05-rc2 (Apr 21 2016 - 16:23:00)
Trying to boot from RAM


U-Boot 2016.05-rc2 (Apr 21 2016 - 16:23:00 -0700)

TEGRA124
Model: NVIDIA Jetson TK1
Board: NVIDIA Jetson TK1
DRAM:  2 GiB
MMC:   Tegra SD/MMC: 0, Tegra SD/MMC: 1
In:    serial
Out:   serial
Err:   serial
Net:   No ethernet found.
Hit any key to stop autoboot:  2  1  0 
Tegra124 (Jetson TK1) # 
Tegra124 (Jetson TK1) # pci enum
Tegra124 (Jetson TK1) # setenv bootargs 'ignore_loglevel console=ttyS0,115200n8 rw root=PARTUUID=b1791faa-84e8-4e27-83a1-9fb0a77e8803 rootwait gpt debug noinitrd earlyprintk init=/bin/bash'
Tegra124 (Jetson TK1) # setenv ipaddr 192.168.100.102; setenv serverip 192.168.100.1; setenv tftpserverip 192.168.100.1
Tegra124 (Jetson TK1) # tftpboot 0x82000000 zImage.tegra_defconfig%tegra-fw

Warning: eth_rtl8169 using MAC address from ROM
Using eth_rtl8169 device
TFTP from server 192.168.100.1; our IP address is 192.168.100.102
Filename 'zImage.tegra_defconfig%tegra-fw'.
Load address: 0x82000000
Loading: *#################################################################
	 #################################################################
	 #################################################################
	 #################################################################
	 #################################################################
	 #################################################################
	 ############################################
	 3.9 MiB/s
done
Bytes transferred = 6369032 (612f08 hex)
Tegra124 (Jetson TK1) # tftpboot 0x83000000 tegra124-jetson-tk1.dtb
Using eth_rtl8169 device
TFTP from server 192.168.100.1; our IP address is 192.168.100.102
Filename 'tegra124-jetson-tk1.dtb'.
Load address: 0x83000000
Loading: *#####
	 3.7 MiB/s
done
Bytes transferred = 66544 (103f0 hex)
Tegra124 (Jetson TK1) # bootz 0x82000000 - 0x83000000
Kernel image @ 0x82000000 [ 0x000000 - 0x612f08 ]
## Flattened Device Tree blob at 83000000
   Booting using the fdt blob at 0x83000000
   Using Device Tree in place at 83000000, end 830133ef

Starting kernel ...

[    0.000000] Booting Linux on physical CPU 0x0
[    0.000000] Linux version 4.15.0-rc2-next-20171206-218956-gd5c5286 (jonathanh@sellafield) (gcc version 4.7.3 20130328 (prerelease) (crosstool-NG linaro-1.13.1-4.7-2013.04-20130415 - Linaro GCC 2013.04)) #1 SMP PREEMPT Wed Dec 6 08:57:08 PST 2017
[    0.000000] CPU: ARMv7 Processor [413fc0f3] revision 3 (ARMv7), cr=10c5387d
[    0.000000] CPU: div instructions available: patching division code
[    0.000000] CPU: PIPT / VIPT nonaliasing data cache, PIPT instruction cache
[    0.000000] OF: fdt: Machine model: NVIDIA Tegra124 Jetson TK1
[    0.000000] debug: ignoring loglevel setting.
[    0.000000] bootconsole [earlycon0] enabled
[    0.000000] Memory policy: Data cache writealloc
[    0.000000] cma: Reserved 64 MiB at 0xfbc00000
[    0.000000] On node 0 totalpages: 524032
[    0.000000]   Normal zone: 1536 pages used for memmap
[    0.000000]   Normal zone: 0 pages reserved
[    0.000000]   Normal zone: 196608 pages, LIFO batch:31
[    0.000000]   HighMem zone: 327424 pages, LIFO batch:31
[    0.000000] random: fast init done
[    0.000000] percpu: Embedded 17 pages/cpu @(ptrval) s39296 r8192 d22144 u69632
[    0.000000] pcpu-alloc: s39296 r8192 d22144 u69632 alloc=17*4096
[    0.000000] pcpu-alloc: [0] 0 [0] 1 [0] 2 [0] 3 
[    0.000000] Built 1 zonelists, mobility grouping on.  Total pages: 522496
[    0.000000] Kernel command line: ignore_loglevel console=ttyS0,115200n8 rw root=PARTUUID=b1791faa-84e8-4e27-83a1-9fb0a77e8803 rootwait gpt debug noinitrd earlyprintk init=/bin/bash
[    0.000000] Dentry cache hash table entries: 131072 (order: 7, 524288 bytes)
[    0.000000] Inode-cache hash table entries: 65536 (order: 6, 262144 bytes)
[    0.000000] Memory: 1997468K/2096128K available (9216K kernel code, 778K rwdata, 2824K rodata, 1024K init, 298K bss, 33124K reserved, 65536K cma-reserved, 1244160K highmem)
[    0.000000] Virtual kernel memory layout:
[    0.000000]     vector  : 0xffff0000 - 0xffff1000   (   4 kB)
[    0.000000]     fixmap  : 0xffc00000 - 0xfff00000   (3072 kB)
[    0.000000]     vmalloc : 0xf0800000 - 0xff800000   ( 240 MB)
[    0.000000]     lowmem  : 0xc0000000 - 0xf0000000   ( 768 MB)
[    0.000000]     pkmap   : 0xbfe00000 - 0xc0000000   (   2 MB)
[    0.000000]     modules : 0xbf000000 - 0xbfe00000   (  14 MB)
[    0.000000]       .text : 0x(ptrval) - 0x(ptrval)   (10208 kB)
[    0.000000]       .init : 0x(ptrval) - 0x(ptrval)   (1024 kB)
[    0.000000]       .data : 0x(ptrval) - 0x(ptrval)   ( 779 kB)
[    0.000000]        .bss : 0x(ptrval) - 0x(ptrval)   ( 299 kB)
[    0.000000] Preemptible hierarchical RCU implementation.
[    0.000000] 	Tasks RCU enabled.
[    0.000000] NR_IRQS: 16, nr_irqs: 16, preallocated irqs: 16
[    0.000000] /interrupt-controller@60004000: 160 interrupts forwarded to /interrupt-controller@50041000
[    0.000000] Tegra clk 127: register failed with -17
[    0.000010] sched_clock: 32 bits at 1000kHz, resolution 1000ns, wraps every 2147483647500ns
[    0.007480] clocksource: timer_us: mask: 0xffffffff max_cycles: 0xffffffff, max_idle_ns: 1911260446275 ns
[    0.017008] Switching to timer-based delay loop, resolution 1000ns
[    0.024187] arch_timer: cp15 timer(s) running at 12.00MHz (virt).
[    0.029231] clocksource: arch_sys_counter: mask: 0xffffffffffffff max_cycles: 0x2c47f4ee7, max_idle_ns: 440795202497 ns
[    0.039978] sched_clock: 56 bits at 12MHz, resolution 83ns, wraps every 4398046511096ns
[    0.047946] Switching to timer-based delay loop, resolution 83ns
[    0.054422] Console: colour dummy device 80x30
[    0.058362] Calibrating delay loop (skipped), value calculated using timer frequency.. 24.00 BogoMIPS (lpj=120000)
[    0.068671] pid_max: default: 32768 minimum: 301
[    0.073756] Mount-cache hash table entries: 2048 (order: 1, 8192 bytes)
[    0.079856] Mountpoint-cache hash table entries: 2048 (order: 1, 8192 bytes)
[    0.087699] CPU: Testing write buffer coherency: ok
[    0.092024] /cpus/cpu@0 missing clock-frequency property
[    0.097029] /cpus/cpu@1 missing clock-frequency property
[    0.102339] /cpus/cpu@2 missing clock-frequency property
[    0.107603] /cpus/cpu@3 missing clock-frequency property
[    0.112873] CPU0: thread -1, cpu 0, socket 0, mpidr 80000000
[    0.152988] Setting up static identity map for 0x80100000 - 0x801000a0
[    0.157740] Hierarchical SRCU implementation.
[    0.173504] Tegra Revision: A01 SKU: 129 CPU Process: 1 SoC Process: 1
[    0.193012] smp: Bringing up secondary CPUs ...
[    0.243564] CPU1: thread -1, cpu 1, socket 0, mpidr 80000001
[    0.323684] CPU2: thread -1, cpu 2, socket 0, mpidr 80000002
[    0.403803] CPU3: thread -1, cpu 3, socket 0, mpidr 80000003
[    0.413455] smp: Brought up 1 node, 4 CPUs
[    0.432543] SMP: Total of 4 processors activated (96.00 BogoMIPS).
[    0.438710] CPU: All CPU(s) started in SVC mode.
[    0.445133] devtmpfs: initialized
[    0.465090] VFP support v0.3: implementor 41 architecture 4 part 30 variant f rev 0
[    0.471189] clocksource: jiffies: mask: 0xffffffff max_cycles: 0xffffffff, max_idle_ns: 19112604462750000 ns
[    0.480646] futex hash table entries: 1024 (order: 4, 65536 bytes)
[    0.488153] pinctrl core: initialized pinctrl subsystem
[    0.493190] NET: Registered protocol family 16
[    0.497890] DMA: preallocated 256 KiB pool for atomic coherent allocations
[    0.504564] cpuidle: using governor menu
[    0.530385] No ATAGs?
[    0.530516] hw-breakpoint: found 5 (+1 reserved) breakpoint and 4 watchpoint registers.
[    0.538877] hw-breakpoint: maximum watchpoint size is 8 bytes.
[    0.546541] iommu: Adding device reg-dummy to group 0
[    0.549756] iommu: Adding device 1003000.pcie to group 1
[    0.555051] iommu: Adding device 50000000.host1x to group 2
[    0.560610] iommu: Adding device 54200000.dc to group 3
[    0.565791] iommu: Adding device 54240000.dc to group 4
[    0.570977] iommu: Adding device 54280000.hdmi to group 5
[    0.576366] iommu: Adding device 57000000.gpu to group 6
[    0.581636] iommu: Adding device 60005000.timer to group 7
[    0.587071] iommu: Adding device 60007000.flow-controller to group 8
[    0.593423] iommu: Adding device 6000c800.actmon to group 9
[    0.598947] iommu: Adding device 6000d000.gpio to group 10
[    0.604423] iommu: Adding device 60020000.dma to group 11
[    0.609782] iommu: Adding device 70000800.apbmisc to group 12
[    0.615515] iommu: Adding device 70000868.pinmux to group 13
[    0.621144] iommu: Adding device 70006000.serial to group 14
[    0.626783] iommu: Adding device 70006040.serial to group 15
[    0.632397] iommu: Adding device 70006300.serial to group 16
[    0.638049] iommu: Adding device 7000c000.i2c to group 17
[    0.643403] iommu: Adding device 7000c400.i2c to group 18
[    0.648794] iommu: Adding device 7000c500.i2c to group 19
[    0.654157] iommu: Adding device 7000c700.i2c to group 20
[    0.659549] iommu: Adding device 7000d000.i2c to group 21
[    0.664897] iommu: Adding device 7000d400.spi to group 22
[    0.670290] iommu: Adding device 7000da00.spi to group 23
[    0.675646] iommu: Adding device 7000e000.rtc to group 24
[    0.681037] iommu: Adding device 7000e400.pmc to group 25
[    0.686390] iommu: Adding device 7000f800.fuse to group 26
[    0.691868] iommu: Adding device 70019000.memory-controller to group 27
[    0.698439] iommu: Adding device 7001b000.emc to group 28
[    0.703833] iommu: Adding device 70027000.sata to group 29
[    0.709271] iommu: Adding device 70030000.hda to group 30
[    0.714671] iommu: Adding device 70090000.usb to group 31
[    0.720019] iommu: Adding device 7009f000.padctl to group 32
[    0.725678] iommu: Adding device 700b0400.sdhci to group 33
[    0.731198] iommu: Adding device 700b0600.sdhci to group 34
[    0.736762] iommu: Adding device 70015000.cec to group 35
[    0.742130] iommu: Adding device 700e2000.thermal-sensor to group 36
[    0.748465] iommu: Adding device 70110000.clock to group 37
[    0.753991] iommu: Adding device 70300000.ahub to group 38
[    0.759469] iommu: Adding device 7d000000.usb to group 39
[    0.764824] iommu: Adding device 7d000000.usb-phy to group 40
[    0.770568] iommu: Adding device 7d004000.usb to group 41
[    0.775919] iommu: Adding device 7d004000.usb-phy to group 42
[    0.781661] iommu: Adding device 7d008000.usb to group 43
[    0.787012] iommu: Adding device 7d008000.usb-phy to group 44
[    0.792747] iommu: Adding device pmu to group 45
[    0.797323] iommu: Adding device timer to group 46
[    0.802091] iommu: Adding device clocks to group 47
[    0.806959] iommu: Adding device gpio-keys to group 48
[    0.812058] iommu: Adding device regulators to group 49
[    0.817282] iommu: Adding device regulators:regulator@0 to group 50
[    0.823497] iommu: Adding device regulators:regulator@1 to group 51
[    0.829763] iommu: Adding device regulators:regulator@2 to group 52
[    0.835978] iommu: Adding device regulators:regulator@3 to group 53
[    0.842234] iommu: Adding device regulators:regulator@4 to group 54
[    0.848458] iommu: Adding device regulators:regulator@7 to group 55
[    0.854714] iommu: Adding device regulators:regulator@8 to group 56
[    0.860945] iommu: Adding device regulators:regulator@10 to group 57
[    0.867281] iommu: Adding device regulators:regulator@11 to group 58
[    0.873591] iommu: Adding device regulators:regulator@12 to group 59
[    0.879935] iommu: Adding device regulators:regulator@13 to group 60
[    0.886246] iommu: Adding device regulators:regulator@14 to group 61
[    0.892585] iommu: Adding device sound to group 62
[    0.914274] +5V_SYS: supplied by +VDD_MUX
[    0.916760] +3.3V_SYS: supplied by +VDD_MUX
[    0.921328] +USB0_VBUS_SW: Failed to request enable GPIO108: -517
[    0.926647] reg-fixed-voltage regulators:regulator@7: Failed to register regulator: -517
[    0.934769] +5V_USB_HS: Failed to request enable GPIO109: -517
[    0.940494] reg-fixed-voltage regulators:regulator@8: Failed to register regulator: -517
[    0.948724] +1.05V_RUN_AVDD_HDMI_PLL: Failed to request enable GPIO63: -517
[    0.955514] reg-fixed-voltage regulators:regulator@11: Failed to register regulator: -517
[    0.963714] +5V_HDMI_CON: Failed to request enable GPIO86: -517
[    0.969525] reg-fixed-voltage regulators:regulator@12: Failed to register regulator: -517
[    0.977751] +5V_SATA: Failed to request enable GPIO242: -517
[    0.983304] reg-fixed-voltage regulators:regulator@13: Failed to register regulator: -517
[    0.991531] +12V_SATA: Failed to request enable GPIO242: -517
[    0.997169] reg-fixed-voltage regulators:regulator@14: Failed to register regulator: -517
[    1.006603] vgaarb: loaded
[    1.008766] SCSI subsystem initialized
[    1.011952] libata version 3.00 loaded.
[    1.015844] usbcore: registered new interface driver usbfs
[    1.021072] usbcore: registered new interface driver hub
[    1.026366] usbcore: registered new device driver usb
[    1.034557] Linux video capture interface: v2.00
[    1.037338] pps_core: LinuxPPS API ver. 1 registered
[    1.042228] pps_core: Software ver. 5.3.6 - Copyright 2005-2007 Rodolfo Giometti <giometti@linux.it>
[    1.051341] PTP clock support registered
[    1.056647] Advanced Linux Sound Architecture Driver Initialized.
[    1.061933] Bluetooth: Core ver 2.22
[    1.064874] NET: Registered protocol family 31
[    1.069264] Bluetooth: HCI device and connection manager initialized
[    1.075575] Bluetooth: HCI socket layer initialized
[    1.080441] Bluetooth: L2CAP socket layer initialized
[    1.085482] Bluetooth: SCO socket layer initialized
[    1.090945] clocksource: Switched to clocksource arch_sys_counter
[    1.186792] NET: Registered protocol family 2
[    1.190222] tcp_listen_portaddr_hash hash table entries: 512 (order: 0, 6144 bytes)
[    1.196972] TCP established hash table entries: 8192 (order: 3, 32768 bytes)
[    1.204002] TCP bind hash table entries: 8192 (order: 4, 65536 bytes)
[    1.210477] TCP: Hash tables configured (established 8192 bind 8192)
[    1.217136] UDP hash table entries: 512 (order: 2, 16384 bytes)
[    1.222584] UDP-Lite hash table entries: 512 (order: 2, 16384 bytes)
[    1.229167] NET: Registered protocol family 1
[    1.243908] RPC: Registered named UNIX socket transport module.
[    1.247914] RPC: Registered udp transport module.
[    1.252646] RPC: Registered tcp transport module.
[    1.257273] RPC: Registered tcp NFSv4.1 backchannel transport module.
[    1.264182] iommu: Adding device regulatory.0 to group 63
[    1.269265] PCI: CLS 0 bytes, default 64
[    1.274783] hw perfevents: enabled with armv7_cortex_a15 PMU driver, 7 counters available
[    1.281802] iommu: Adding device alarmtimer to group 64
[    1.287443] Initialise system trusted keyrings
[    1.290904] workingset: timestamp_bits=30 max_order=19 bucket_order=0
[    1.298535] squashfs: version 4.0 (2009/01/31) Phillip Lougher
[    1.313770] NFS: Registering the id_resolver key type
[    1.316921] Key type id_resolver registered
[    1.321103] Key type id_legacy registered
[    1.329752] Key type asymmetric registered
[    1.331967] Asymmetric key parser 'x509' registered
[    1.336923] bounce: pool size: 64 pages
[    1.340662] io scheduler noop registered (default)
[    1.345392] io scheduler mq-deadline registered
[    1.349879] io scheduler kyber registered
[    1.355717]  usb2-0: usb2-0 supply vbus not found, using dummy regulator
[    1.360661]  usb2-1: usb2-1 supply vbus not found, using dummy regulator
[    1.367869] tegra-xusb-padctl 7009f000.padctl: failed to setup XUSB ports: -517
[    1.383593] tegra-pcie 1003000.pcie: 2x1, 1x1 configuration
[    1.387296] tegra-pcie 1003000.pcie: Failed to get supply 'avddio-pex': -517
[    1.397211] tegra124-dfll 70110000.clock: couldn't get vdd_cpu regulator
[    1.407952] tegra-apbdma 60020000.dma: Tegra20 APB DMA driver register 32 channels
[    1.414930] tegra-pmc 7000e400.pmc: emergency thermal reset enabled
[    1.420443] Serial: 8250/16550 driver, 4 ports, IRQ sharing disabled
[    1.426322] iommu: Adding device serial8250 to group 65
[    1.433207] console [ttyS0] disabled
[    1.434969] 70006300.serial: ttyS0 at MMIO 0x70006300 (irq = 335, base_baud = 25500000) is a Tegra
[    1.444290] console [ttyS0] enabled
[    1.444290] console [ttyS0] enabled
[    1.450096] bootconsole [earlycon0] disabled
[    1.450096] bootconsole [earlycon0] disabled
[    1.459482] 70006000.serial: ttyTHS1 at MMIO 0x70006000 (irq = 333, base_baud = 0) is a TEGRA_UART
[    1.470531] 70006040.serial: ttyTHS2 at MMIO 0x70006040 (irq = 334, base_baud = 0) is a TEGRA_UART
[    1.499141] tegra-hdmi 54280000.hdmi: failed to get HDMI regulator
[    1.518674] loop: module loaded
[    1.523271] at24 0-0056: 256 byte 24c02 EEPROM, writable, 8 bytes/write
[    1.530703] as3722 4-0040: AS3722 with revision 0x1 found
[    1.538358] iommu: Adding device as3722-pinctrl to group 66
[    1.545668] iommu: Adding device as3722-regulator to group 67
[    1.554356] as3722-sd2: supplied by +5V_SYS
[    1.559039] as3722-sd3: supplied by +5V_SYS
[    1.563479] +1.35V_LP0(sd3): Bringing 0uV into 1350000-1350000uV
[    1.569842] as3722-sd4: supplied by +5V_SYS
[    1.574538] as3722-sd5: supplied by +5V_SYS
[    1.580616] as3722-ldo0: supplied by +1.35V_LP0(sd2)
[    1.586745] +1.8V_RUN_CAM: Bringing 0uV into 1800000-1800000uV
[    1.593016] as3722-ldo2: supplied by +1.8V_VDDIO
[    1.598955] as3722-ldo3: supplied by +3.3V_SYS
[    1.603486] +1.05V_LP0_VDD_RTC: Bringing 1100000uV into 1000000-1000000uV
[    1.611303] as3722-ldo4: supplied by +3.3V_SYS
[    1.615985] +2.8V_RUN_CAM: Bringing 0uV into 2800000-2800000uV
[    1.622240] as3722-ldo5: supplied by +1.8V_VDDIO
[    1.627095] +1.2V_RUN_CAM_FRONT: Bringing 0uV into 1200000-1200000uV
[    1.634076] +VDDIO_SDMMC3: bypassed regulator has no supply!
[    1.639729] +VDDIO_SDMMC3: failed to get the current voltage(-517)
[    1.645930] as3722-regulator as3722-regulator: regulator 13 register failed -517
[    1.656167] iommu: Adding device as3722-rtc to group 68
[    1.661578] iommu: Adding device as3722-adc to group 69
[    1.666951] iommu: Adding device as3722-power-off to group 70
[    1.672867] iommu: Adding device as3722-wdt to group 71
[    1.678837] tegra-ahci 70027000.sata: couldn't get PHY in node sata: -517
[    1.697235] m25p80 spi1.0: w25q32dw (4096 Kbytes)
[    1.714000] iommu: Adding device Fixed MDIO bus.0 to group 72
[    1.719924] libphy: Fixed MDIO Bus: probed
[    1.724041] CAN device driver interface
[    1.727925] igb: Intel(R) Gigabit Ethernet Network Driver - version 5.4.0-k
[    1.734893] igb: Copyright (c) 2007-2014 Intel Corporation.
[    1.740600] pegasus: v0.9.3 (2013/04/25), Pegasus/Pegasus II USB Ethernet driver
[    1.748074] usbcore: registered new interface driver pegasus
[    1.753812] usbcore: registered new interface driver asix
[    1.759256] usbcore: registered new interface driver ax88179_178a
[    1.765424] usbcore: registered new interface driver cdc_ether
[    1.771353] usbcore: registered new interface driver smsc75xx
[    1.777157] usbcore: registered new interface driver smsc95xx
[    1.782967] usbcore: registered new interface driver net1080
[    1.788670] usbcore: registered new interface driver cdc_subset
[    1.794656] usbcore: registered new interface driver zaurus
[    1.800298] usbcore: registered new interface driver cdc_ncm
[    1.806217] tegra-phy 7d000000.usb-phy: no vbus regulator
[    1.811864] tegra-phy 7d004000.usb-phy: no vbus regulator
[    1.817562] ehci_hcd: USB 2.0 'Enhanced' Host Controller (EHCI) Driver
[    1.824100] ehci-pci: EHCI PCI platform driver
[    1.828603] tegra-ehci: Tegra EHCI driver
[    1.835472] tegra-ehci 7d004000.usb: EHCI Host Controller
[    1.840891] tegra-ehci 7d004000.usb: new USB bus registered, assigned bus number 1
[    1.848714] tegra-ehci 7d004000.usb: irq 356, io mem 0x7d004000
[    1.880975] tegra-ehci 7d004000.usb: USB 2.0 started, EHCI 1.10
[    1.887795] hub 1-0:1.0: USB hub found
[    1.891607] hub 1-0:1.0: 1 port detected
[    1.896779] usbcore: registered new interface driver cdc_acm
[    1.902452] cdc_acm: USB Abstract Control Model driver for USB modems and ISDN adapters
[    1.910510] usbcore: registered new interface driver cdc_wdm
[    1.916274] usbcore: registered new interface driver usb-storage
[    1.923908] iommu: Adding device ci_hdrc.0 to group 73
[    1.935707] as3722-rtc as3722-rtc: rtc core: registered as3722-rtc as rtc0
[    1.942606] as3722-rtc as3722-rtc: RTC interrupt 379
[    1.950379] tegra_rtc 7000e000.rtc: rtc core: registered 7000e000.rtc as rtc1
[    1.957581] tegra_rtc 7000e000.rtc: Tegra internal Real Time Clock
[    1.964127] i2c /dev entries driver
[    1.968862] usbcore: registered new interface driver uvcvideo
[    1.974625] USB Video Class driver (1.1.1)
[    1.978716] gspca_main: v2.14.0 registered
[    1.983466] lm90 0-004c: 0-004c supply vcc not found, using dummy regulator
[    1.993738] tegra-wdt 60005000.timer: initialized (heartbeat = 120 sec, nowayout = 0)
[    2.002245] iommu: Adding device cpufreq-tegra124 to group 74
[    2.008549] sdhci: Secure Digital Host Controller Interface driver
[    2.014743] sdhci: Copyright(c) Pierre Ossman
[    2.019094] sdhci-pltfm: SDHCI platform and OF driver helper
[    2.025083] sdhci-tegra 700b0400.sdhci: Got CD GPIO
[    2.029972] sdhci-tegra 700b0400.sdhci: Got WP GPIO
[    2.051277] mmc0: Unknown controller version (3). You may experience problems.
[    2.058534] mmc0: Invalid maximum block size, assuming 512 bytes
[    2.095659] mmc0: SDHCI controller on 700b0600.sdhci [700b0600.sdhci] using ADMA
[    2.103800] usbcore: registered new interface driver usbhid
[    2.109365] usbhid: USB HID core driver
[    2.115873] iommu: Adding device snd-soc-dummy to group 75
[    2.160151] mmc0: new high speed MMC card at address 0001
[    2.170834] mmcblk0: mmc0:0001 SEM16G 14.7 GiB 
[    2.180496] mmcblk0boot0: mmc0:0001 SEM16G partition 1 4.00 MiB
[    2.191616] mmcblk0boot1: mmc0:0001 SEM16G partition 2 4.00 MiB
[    2.197762] mmcblk0rpmb: mmc0:0001 SEM16G partition 3 4.00 MiB, chardev (247:0)
[    2.206888]  mmcblk0: p1
[    2.561456] iommu: Adding device 70301100.i2s to group 76
[    2.567747] tegra30-i2s 70301100.i2s: DMA channels sourced from device 70300000.ahub
[    2.588096] tegra-snd-rt5640 sound: rt5640-aif1 <-> 70301100.i2s mapping ok
[    2.598923] input: NVIDIA Tegra Jetson TK1 Headphones as /devices/soc0/sound/sound/card1/input0
[    2.610134] NET: Registered protocol family 10
[    2.616023] Segment Routing with IPv6
[    2.619858] mip6: Mobile IPv6
[    2.622849] sit: IPv6, IPv4 and MPLS over IPv4 tunneling driver
[    2.630251] NET: Registered protocol family 17
[    2.634771] NET: Registered protocol family 15
[    2.639224] can: controller area network core (rev 20170425 abi 9)
[    2.645637] NET: Registered protocol family 29
[    2.650076] can: raw protocol (rev 20170425)
[    2.654361] can: broadcast manager protocol (rev 20170425 t)
[    2.660020] can: netlink gateway (rev 20170425) max_hops=1
[    2.665751] Bluetooth: RFCOMM socket layer initialized
[    2.670902] Bluetooth: RFCOMM ver 1.11
[    2.674680] Bluetooth: BNEP (Ethernet Emulation) ver 1.3
[    2.679991] Bluetooth: BNEP socket layer initialized
[    2.684969] Bluetooth: HIDP (Human Interface Emulation) ver 1.2
[    2.690886] Bluetooth: HIDP socket layer initialized
[    2.696117] Key type dns_resolver registered
[    2.700874] Registering SWP/SWPB emulation handler
[    2.706499] Loading compiled-in X.509 certificates
[    2.728889] +3.3V_RUN: supplied by +3.3V_SYS
[    2.734104] +USB0_VBUS_SW: supplied by +5V_SYS
[    2.738800] +3.3V_AVDD_HDMI_AP_GATED: supplied by +3.3V_RUN
[    2.744839] +5V_USB_HS: supplied by +5V_SYS
[    2.749949] +3.3V_LP0: supplied by +3.3V_SYS
[    2.755298] +5V_HDMI_CON: supplied by +5V_SYS
[    2.760084] +5V_SATA: supplied by +5V_SYS
[    2.764767] +12V_SATA: supplied by +VDD_MUX
[    2.770387]  usb2-0: usb2-0 supply vbus not found, using dummy regulator
[    2.777260]  usb2-1: usb2-1 supply vbus not found, using dummy regulator
[    2.784461]  usb3-0: usb3-0 supply vbus not found, using dummy regulator
[    2.791981] tegra-pcie 1003000.pcie: 2x1, 1x1 configuration
[    2.797595] tegra-pcie 1003000.pcie: Failed to get supply 'avddio-pex': -517
[    2.806727] tegra124-dfll 70110000.clock: couldn't get vdd_cpu regulator
[    2.815572] tegra-hdmi 54280000.hdmi: failed to get PLL regulator
[    2.824272] as3722-sd2: supplied by +5V_SYS
[    2.828779] as3722-sd3: supplied by +5V_SYS
[    2.833300] as3722-sd4: supplied by +5V_SYS
[    2.837773] as3722-sd5: supplied by +5V_SYS
[    2.843640] as3722-ldo0: supplied by +1.35V_LP0(sd2)
[    2.849117] as3722-ldo1: supplied by +3.3V_RUN
[    2.854401] as3722-ldo2: supplied by +1.8V_VDDIO
[    2.859934] as3722-ldo3: supplied by +3.3V_SYS
[    2.865478] as3722-ldo4: supplied by +3.3V_SYS
[    2.870223] as3722-ldo5: supplied by +1.8V_VDDIO
[    2.875180] as3722-ldo6: supplied by +3.3V_RUN
[    2.879939] as3722-ldo7: supplied by +1.8V_VDDIO
[    2.885969] input: tegra-hda HDMI/DP,pcm=3 as /devices/soc0/70030000.hda/sound/card0/input1
[    2.894519] +1.05V_RUN_CAM_REAR: Bringing 0uV into 1050000-1050000uV
[    2.901658] as3722-ldo9: supplied by +5V_SYS
[    2.907128] +3.3V_RUN_TOUCH: Bringing 0uV into 2800000-2800000uV
[    2.913896] as3722-ldo10: supplied by +5V_SYS
[    2.918767] +2.8V_RUN_CAM_AF: Bringing 0uV into 2800000-2800000uV
[    2.925611] as3722-ldo11: supplied by +3.3V_RUN
[    2.930890] +1.8V_RUN_VPP_FUSE: Bringing 0uV into 1800000-1800000uV
[    2.940140] tegra-ahci 70027000.sata: AHCI 0001.0301 32 slots 2 ports 3 Gbps 0x1 impl platform mode
[    2.949218] tegra-ahci 70027000.sata: flags: 64bit ncq sntf pm led pio slum part sadm sds apst 
[    2.959373] scsi host0: tegra-ahci
[    2.964085] scsi host1: tegra-ahci
[    2.967788] ata1: SATA max UDMA/133 mmio [mem 0x70027000-0x70028fff] port 0x100 irq 345
[    2.975834] ata2: DUMMY
[    2.979671] tegra-ehci 7d008000.usb: EHCI Host Controller
[    2.985128] tegra-ehci 7d008000.usb: new USB bus registered, assigned bus number 2
[    2.992963] tegra-ehci 7d008000.usb: irq 357, io mem 0x7d008000
[    3.021077] tegra-ehci 7d008000.usb: USB 2.0 started, EHCI 1.10
[    3.028051] hub 2-0:1.0: USB hub found
[    3.031980] hub 2-0:1.0: 1 port detected
[    3.111734] tegra-xusb 70090000.usb: Firmware timestamp: 2014-09-16 02:10:07 UTC
[    3.119159] tegra-xusb 70090000.usb: xHCI Host Controller
[    3.124698] tegra-xusb 70090000.usb: new USB bus registered, assigned bus number 3
[    3.134873] tegra-xusb 70090000.usb: hcc params 0x0184f525 hci version 0x100 quirks 0x00010010
[    3.143563] tegra-xusb 70090000.usb: irq 347, io mem 0x70090000
[    3.150681] hub 3-0:1.0: USB hub found
[    3.154601] hub 3-0:1.0: 6 ports detected
[    3.159481] tegra-xusb 70090000.usb: xHCI Host Controller
[    3.164958] tegra-xusb 70090000.usb: new USB bus registered, assigned bus number 4
[    3.172723] usb usb4: We don't know the algorithms for LPM for this host, disabling LPM.
[    3.182140] hub 4-0:1.0: USB hub found
[    3.185946] hub 4-0:1.0: 2 ports detected
[    3.192071] sdhci-tegra 700b0400.sdhci: Got CD GPIO
[    3.196998] sdhci-tegra 700b0400.sdhci: Got WP GPIO
[    3.210353] mmc1: Unknown controller version (3). You may experience problems.
[    3.217732] mmc1: Invalid maximum block size, assuming 512 bytes
[    3.254263] mmc1: SDHCI controller on 700b0400.sdhci [700b0400.sdhci] using ADMA
[    3.262023] tegra-pcie 1003000.pcie: 2x1, 1x1 configuration
[    3.269767] tegra-pcie 1003000.pcie: probing port 0, using 2 lanes
[    3.277614] tegra-pcie 1003000.pcie: Slot present pin change, signature: 00000008
[    3.302352] tegra-pcie 1003000.pcie: probing port 1, using 1 lanes
[    3.304550] ata1: SATA link down (SStatus 0 SControl 300)
[    3.316185] tegra-pcie 1003000.pcie: Slot present pin change, signature: 00000000
[    3.330179] tegra-pcie 1003000.pcie: PCI host bridge to bus 0000:00
[    3.336490] pci_bus 0000:00: root bus resource [io  0x0000-0xffff]
[    3.342742] pci_bus 0000:00: root bus resource [mem 0x13000000-0x1fffffff]
[    3.349720] pci_bus 0000:00: root bus resource [mem 0x20000000-0x3fffffff pref]
[    3.357108] pci_bus 0000:00: root bus resource [bus 00-ff]
[    3.362665] pci 0000:00:01.0: [10de:0e12] type 01 class 0x060400
[    3.368680] pci_bus 0000:00: 2-byte config write to 0000:00:01.0 offset 0x4 may corrupt adjacent RW1C bits
[    3.378392] pci_bus 0000:00: 2-byte config write to 0000:00:01.0 offset 0x4 may corrupt adjacent RW1C bits
[    3.388209] pci 0000:00:01.0: enabling Extended Tags
[    3.393243] pci_bus 0000:00: 2-byte config write to 0000:00:01.0 offset 0x88 may corrupt adjacent RW1C bits
[    3.403018] pci_bus 0000:00: 2-byte config write to 0000:00:01.0 offset 0x52 may corrupt adjacent RW1C bits
[    3.412855] pci 0000:00:01.0: PME# supported from D0 D1 D2 D3hot D3cold
[    3.419579] pci_bus 0000:00: 2-byte config write to 0000:00:01.0 offset 0x4c may corrupt adjacent RW1C bits
[    3.429684] pci 0000:00:02.0: [10de:0e13] type 01 class 0x060400
[    3.435721] pci_bus 0000:00: 2-byte config write to 0000:00:02.0 offset 0x4 may corrupt adjacent RW1C bits
[    3.445424] pci_bus 0000:00: 2-byte config write to 0000:00:02.0 offset 0x4 may corrupt adjacent RW1C bits
[    3.455169] pci 0000:00:02.0: enabling Extended Tags
[    3.460174] pci_bus 0000:00: 2-byte config write to 0000:00:02.0 offset 0x88 may corrupt adjacent RW1C bits
[    3.469949] pci_bus 0000:00: 2-byte config write to 0000:00:02.0 offset 0x52 may corrupt adjacent RW1C bits
[    3.479768] pci 0000:00:02.0: PME# supported from D0 D1 D2 D3hot D3cold
[    3.486454] pci_bus 0000:00: 2-byte config write to 0000:00:02.0 offset 0x4c may corrupt adjacent RW1C bits
[    3.496517] PCI: bus0: Fast back to back transfers disabled
[    3.502192] pci 0000:00:01.0: bridge configuration invalid ([bus 00-00]), reconfiguring
[    3.510250] pci 0000:00:02.0: bridge configuration invalid ([bus 00-00]), reconfiguring
[    3.518541] pci 0000:01:00.0: [8086:4232] type 00 class 0x028000
[    3.524669] pci 0000:01:00.0: reg 0x10: [mem 0x00000000-0x00001fff 64bit]
[    3.531807] PCI: bus1: Fast back to back transfers disabled
[    3.537440] pci_bus 0000:01: busn_res: [bus 01-ff] end is updated to 01
[    3.544461] pci 0000:02:00.0: [10ec:8168] type 00 class 0x020000
[    3.550564] pci 0000:02:00.0: reg 0x10: [io  0x0000-0x00ff]
[    3.556263] pci 0000:02:00.0: reg 0x18: [mem 0x00000000-0x00000fff 64bit]
[    3.563260] mmc1: new high speed SDHC card at address aaaa
[    3.568544] mmcblk1: mmc1:aaaa SD04G 3.69 GiB 
[    3.579411] pci 0000:02:00.0: reg 0x20: [mem 0x00000000-0x00003fff 64bit pref]
[    3.587060] PCI: bus2: Fast back to back transfers disabled
[    3.592809] pci_bus 0000:02: busn_res: [bus 02-ff] end is updated to 02
[    3.599600] pci 0000:00:01.0: BAR 8: assigned [mem 0x13000000-0x130fffff]
[    3.606643] pci 0000:00:02.0: BAR 8: assigned [mem 0x13100000-0x131fffff]
[    3.613687] pci 0000:00:02.0: BAR 9: assigned [mem 0x20000000-0x200fffff 64bit pref]
[    3.621581] pci 0000:00:02.0: BAR 7: assigned [io  0x1000-0x1fff]
[    3.627825] pci 0000:01:00.0: BAR 0: assigned [mem 0x13000000-0x13001fff 64bit]
[    3.635321] pci 0000:00:01.0: PCI bridge to [bus 01]
[    3.640466]  mmcblk1: p1 p2 p3
[    3.643712] pci 0000:00:01.0:   bridge window [mem 0x13000000-0x130fffff]
[    3.650728] pci 0000:02:00.0: BAR 4: assigned [mem 0x20000000-0x20003fff 64bit pref]
[    3.658755] pci 0000:02:00.0: BAR 2: assigned [mem 0x13100000-0x13100fff 64bit]
[    3.667233] pci 0000:02:00.0: BAR 0: assigned [io  0x1000-0x10ff]
[    3.673405] pci 0000:00:02.0: PCI bridge to [bus 02]
[    3.678386] pci 0000:00:02.0:   bridge window [io  0x1000-0x1fff]
[    3.684539] pci 0000:00:02.0:   bridge window [mem 0x13100000-0x131fffff]
[    3.691394] pci 0000:00:02.0:   bridge window [mem 0x20000000-0x200fffff 64bit pref]
[    3.699183] pci 0000:00:01.0: nv_msi_ht_cap_quirk didn't locate host bridge
[    3.706351] pcieport 0000:00:01.0: enabling device (0140 -> 0142)
[    3.712877] pcieport 0000:00:01.0: Signaling PME with IRQ 395
[    3.718866] pci 0000:00:02.0: nv_msi_ht_cap_quirk didn't locate host bridge
[    3.725997] pcieport 0000:00:02.0: enabling device (0140 -> 0143)
[    3.732482] pcieport 0000:00:02.0: Signaling PME with IRQ 396
[    3.738622] r8169 Gigabit Ethernet driver 2.3LK-NAPI loaded
[    3.744258] r8169 0000:02:00.0: enabling device (0140 -> 0143)
[    3.750117] r8169 0000:02:00.0 (unnamed net_device) (uninitialized): not PCI Express
[    3.782771] r8169 0000:02:00.0 eth0: RTL8168g/8111g at 0xbf487844, 00:04:4b:3a:d9:81, XID 0c000800 IRQ 22
[    3.792359] r8169 0000:02:00.0 eth0: jumbo features [frames: 9200 bytes, tx checksumming: ko]
[    3.804514] +1.05V_RUN_AVDD_HDMI_PLL: supplied by +1.05V_RUN
[    3.813855] [drm] Supports vblank timestamp caching Rev 2 (21.10.2013).
[    3.820484] [drm] No driver support for vblank timestamp query.
[    3.957035] tegra-hdmi 54280000.hdmi: cannot set audio to 48000 Hz at 297000000 Hz pixel clock
[    4.204851] Console: switching to colour frame buffer device 512x135
[    4.300792] drm drm: fb0:  frame buffer device
[    4.305469] [drm] Initialized tegra 0.0.0 20120330 for drm on minor 0
[    4.312868] iommu: Adding device cpufreq-dt.0 to group 77
[    4.318522] cpufreq: cpufreq_online: CPU0: Running at unlisted freq: 696000 KHz
[    4.325866] cpufreq: cpufreq_online: CPU0: Unlisted initial frequency changed to: 714000 KHz
[    4.334917] input: gpio-keys as /devices/soc0/gpio-keys/input/input2
[    4.342413] as3722-rtc as3722-rtc: setting system clock to 2000-01-01 00:02:28 UTC (946684948)
[    4.351168] cfg80211: Loading compiled-in X.509 certificates for regulatory database
[    4.360407] cfg80211: Loaded X.509 cert 'sforshee: 00b28ddf47aef9cea7'
[    4.367062] platform regulatory.0: Direct firmware load for regulatory.db failed with error -2
[    4.375752] cfg80211: failed to load regulatory.db
[    4.376025] +USB0_VBUS_SW: disabling
[    4.376041] +1.8V_RUN_CAM: disabling
[    4.380651] +2.8V_RUN_CAM: disabling
[    4.384260] +1.2V_RUN_CAM_FRONT: disabling
[    4.387850] +1.05V_RUN_CAM_REAR: disabling
[ mount -t sysfs none /sys
root@(none):/# 
root@(none):/# mount -t debugfs none /sys/kernel/debug
root@(none):/# 
root@(none):/# rtcwake -d rtc1 -m mem -s 3
rtcwake: assuming RTC uses UTC ...
rtcwake: wakeup from "mem" using /dev/rtc1 at Thu Jan  1 00:00:22 1970
[    9.104543] PM: suspend entry (deep)
[    9.108116] PM: Syncing filesystems ... done.
[    9.114355] Freezing user space processes ... (elapsed 0.001 seconds) done.
[    9.115526] OOM killer disabled.
[    9.115528] Freezing remaining freezable tasks ... (elapsed 0.001 seconds) done.
[    9.116696] Suspending console(s) (use no_console_suspend to debug)
[    9.223603] pci_generic_config_write32: 50 callbacks suppressed
[    9.223611] pci_bus 0000:00: 2-byte config write to 0000:00:02.0 offset 0x9c may corrupt adjacent RW1C bits
[    9.223631] pci_bus 0000:00: 2-byte config write to 0000:00:01.0 offset 0x9c may corrupt adjacent RW1C bits
[    9.434216] Disabling non-boot CPUs ...
[    9.491142] IRQ17 no longer affine to CPU1
[    9.601698] Entering suspend state LP1
[    9.601709] Enabling non-boot CPUs ...
[    9.602408] CPU1 is up
[    9.603036] CPU2 is up
[    9.603715] CPU3 is up
[    9.604193] pci_bus 0000:00: 2-byte config write to 0000:00:01.0 offset 0x4c may corrupt adjacent RW1C bits
[    9.604199] pci_bus 0000:00: 2-byte config write to 0000:00:02.0 offset 0x4c may corrupt adjacent RW1C bits
[    9.604210] pci_bus 0000:00: 2-byte config write to 0000:00:01.0 offset 0x88 may corrupt adjacent RW1C bits
[    9.604215] pci_bus 0000:00: 2-byte config write to 0000:00:02.0 offset 0x88 may corrupt adjacent RW1C bits
[    9.604220] pci_bus 0000:00: 2-byte config write to 0000:00:01.0 offset 0x90 may corrupt adjacent RW1C bits
[    9.604225] pci_bus 0000:00: 2-byte config write to 0000:00:02.0 offset 0x90 may corrupt adjacent RW1C bits
[    9.604230] pci_bus 0000:00: 2-byte config write to 0000:00:01.0 offset 0x98 may corrupt adjacent RW1C bits
[    9.604235] pci_bus 0000:00: 2-byte config write to 0000:00:02.0 offset 0x98 may corrupt adjacent RW1C bits
[    9.604333] pcieport 0000:00:01.0: nv_msi_ht_cap_quirk didn't locate host bridge
[    9.604335] pcieport 0000:00:02.0: nv_msi_ht_cap_quirk didn't locate host bridge
[    9.651416] tegra-hdmi 54280000.hdmi: cannot set audio to 48000 Hz at 297000000 Hz pixel clock
[    9.953682] ata1: SATA link down (SStatus 0 SControl 300)
[   12.736040] OOM killer enabled.
[   12.739169] Restarting tasks ... done.
[   12.774943] PM: suspend exit
root@(none):/# 
root@(none):/# rtcwake -d rtc1 -m mem -s 3
rtcwake: assuming RTC uses UTC ...
rtcwake: wakeup from "mem" using /dev/rtc1 at Thu Jan  1 00:00:29 1970
[   13.387433] PM: suspend entry (deep)
[   13.391049] PM: Syncing filesystems ... done.
[   13.396330] Freezing user space processes ... (elapsed 0.001 seconds) done.
[   13.397570] OOM killer disabled.
[   13.397572] Freezing remaining freezable tasks ... (elapsed 0.001 seconds) done.
[   13.398823] Suspending console(s) (use no_console_suspend to debug)
[   13.716178] Disabling non-boot CPUs ...
[   13.801160] IRQ17 no longer affine to CPU2
[   13.861792] Entering suspend state LP1
[   13.861805] Enabling non-boot CPUs ...
[   13.862706] CPU1 is up
[   13.863489] CPU2 is up
[   13.864352] CPU3 is up
[   13.865079] pcieport 0000:00:01.0: nv_msi_ht_cap_quirk didn't locate host bridge
[   13.865081] pcieport 0000:00:02.0: nv_msi_ht_cap_quirk didn't locate host bridge
[   13.911400] tegra-hdmi 54280000.hdmi: cannot set audio to 48000 Hz at 297000000 Hz pixel clock
[   14.213800] ata1: SATA link down (SStatus 0 SControl 300)
[   16.882865] OOM killer enabled.
[   16.885996] Restarting tasks ... done.
root@(none):/# 
root@(none):/# [   16.890272] PM: suspend exit
rtcwake -d rtc1 -m mem -s 3
rtcwake: assuming RTC uses UTC ...
rtcwake: wakeup from "mem" using /dev/rtc1 at Thu Jan  1 00:00:36 1970
[   17.642867] PM: suspend entry (deep)
[   17.646446] PM: Syncing filesystems ... done.
[   17.651769] Freezing user space processes ... (elapsed 0.001 seconds) done.
[   17.652986] OOM killer disabled.
[   17.652988] Freezing remaining freezable tasks ... (elapsed 0.001 seconds) done.
[   17.654219] Suspending console(s) (use no_console_suspend to debug)
[   17.759811] pci_generic_config_write32: 46 callbacks suppressed
[   17.759820] pci_bus 0000:00: 2-byte config write to 0000:00:01.0 offset 0x9c may corrupt adjacent RW1C bits
[   17.759871] pci_bus 0000:00: 2-byte config write to 0000:00:02.0 offset 0x9c may corrupt adjacent RW1C bits
[   17.975617] Disabling non-boot CPUs ...
[   18.091089] IRQ17 no longer affine to CPU2
[   18.151682] Entering suspend state LP1
[   18.151708] Enabling non-boot CPUs ...
[   18.152578] CPU1 is up
[   18.153326] CPU2 is up
[   18.154149] CPU3 is up
[   18.154754] pci_bus 0000:00: 2-byte config write to 0000:00:02.0 offset 0x4c may corrupt adjacent RW1C bits
[   18.154762] pci_bus 0000:00: 2-byte config write to 0000:00:01.0 offset 0x4c may corrupt adjacent RW1C bits
[   18.154774] pci_bus 0000:00: 2-byte config write to 0000:00:02.0 offset 0x88 may corrupt adjacent RW1C bits
[   18.154780] pci_bus 0000:00: 2-byte config write to 0000:00:01.0 offset 0x88 may corrupt adjacent RW1C bits
[   18.154786] pci_bus 0000:00: 2-byte config write to 0000:00:02.0 offset 0x90 may corrupt adjacent RW1C bits
[   18.154791] pci_bus 0000:00: 2-byte config write to 0000:00:01.0 offset 0x90 may corrupt adjacent RW1C bits
[   18.154796] pci_bus 0000:00: 2-byte config write to 0000:00:02.0 offset 0x98 may corrupt adjacent RW1C bits
[   18.154802] pci_bus 0000:00: 2-byte config write to 0000:00:01.0 offset 0x98 may corrupt adjacent RW1C bits
[   18.154907] pcieport 0000:00:02.0: nv_msi_ht_cap_quirk didn't locate host bridge
[   18.154909] pcieport 0000:00:01.0: nv_msi_ht_cap_quirk didn't locate host bridge
[   18.201372] tegra-hdmi 54280000.hdmi: cannot set audio to 48000 Hz at 297000000 Hz pixel clock
[   18.503612] ata1: SATA link down (SStatus 0 SControl 300)
[   21.285943] OOM killer enabled.
[   21.289071] Restarting tasks ... done.
root@(none):/# 
root@(none):/# [   21.293583] PM: suspend exit
rtcwake -d rtc1 -m mem -s 3
rtcwake: assuming RTC uses UTC ...
rtcwake: wakeup from "mem" using /dev/rtc1 at Thu Jan  1 00:00:43 1970
[   21.947693] PM: suspend entry (deep)
[   21.951384] PM: Syncing filesystems ... done.
[   21.956408] Freezing user space processes ... (elapsed 0.001 seconds) done.
[   21.957656] OOM killer disabled.
[   21.957659] Freezing remaining freezable tasks ... (elapsed 0.001 seconds) done.
[   21.958917] Suspending console(s) (use no_console_suspend to debug)
[   22.276044] Disabling non-boot CPUs ...
[   22.381114] IRQ17 no longer affine to CPU2
[   22.431770] Entering suspend state LP1
[   22.431782] Enabling non-boot CPUs ...
[   22.432690] CPU1 is up
[   22.433479] CPU2 is up
[   22.434344] CPU3 is up
[   22.435102] pcieport 0000:00:01.0: nv_msi_ht_cap_quirk didn't locate host bridge
[   22.435105] pcieport 0000:00:02.0: nv_msi_ht_cap_quirk didn't locate host bridge
[   22.481330] tegra-hdmi 54280000.hdmi: cannot set audio to 48000 Hz at 297000000 Hz pixel clock
[   22.783616] ata1: SATA link down (SStatus 0 SControl 300)
[   25.462720] OOM killer enabled.
[   25.465850] Restarting tasks ... done.
[   25.750515] PM: suspend exit
root@(none):/# 
root@(none):/# rtcwake -d rtc1 -m mem -s 3
rtcwake: assuming RTC uses UTC ...
rtcwake: wakeup from "mem" using /dev/rtc1 at Thu Jan  1 00:00:50 1970
[   26.233359] PM: suspend entry (deep)
[   26.236944] PM: Syncing filesystems ... done.
[   26.242666] Freezing user space processes ... (elapsed 0.001 seconds) done.
[   26.243863] OOM killer disabled.
[   26.243865] Freezing remaining freezable tasks ... (elapsed 0.001 seconds) done.
[   26.245068] Suspending console(s) (use no_console_suspend to debug)
[   26.327961] pci_generic_config_write32: 46 callbacks suppressed
[   26.327967] pci_bus 0000:00: 2-byte config write to 0000:00:02.0 offset 0x9c may corrupt adjacent RW1C bits
[   26.327983] pci_bus 0000:00: 2-byte config write to 0000:00:01.0 offset 0x9c may corrupt adjacent RW1C bits
[   26.544504] Disabling non-boot CPUs ...
[   26.581034] IRQ17 no longer affine to CPU1
[   26.691517] Entering suspend state LP1
[   26.691528] Enabling non-boot CPUs ...
[   26.692268] CPU1 is up
[   26.692890] CPU2 is up
[   26.693562] CPU3 is up
[   26.694039] pci_bus 0000:00: 2-byte config write to 0000:00:01.0 offset 0x4c may corrupt adjacent RW1C bits
[   26.694051] pci_bus 0000:00: 2-byte config write to 0000:00:01.0 offset 0x88 may corrupt adjacent RW1C bits
[   26.694058] pci_bus 0000:00: 2-byte config write to 0000:00:01.0 offset 0x90 may corrupt adjacent RW1C bits
[   26.694063] pci_bus 0000:00: 2-byte config write to 0000:00:01.0 offset 0x98 may corrupt adjacent RW1C bits
[   26.694068] pci_bus 0000:00: 2-byte config write to 0000:00:01.0 offset 0x9c may corrupt adjacent RW1C bits
[   26.694075] pci_bus 0000:00: 2-byte config write to 0000:00:02.0 offset 0x4c may corrupt adjacent RW1C bits
[   26.694079] pci_bus 0000:00: 2-byte config write to 0000:00:01.0 offset 0xa8 may corrupt adjacent RW1C bits
[   26.694084] pci_bus 0000:00: 2-byte config write to 0000:00:01.0 offset 0xb0 may corrupt adjacent RW1C bits
[   26.694181] pcieport 0000:00:01.0: nv_msi_ht_cap_quirk didn't locate host bridge
[   26.694182] pcieport 0000:00:02.0: nv_msi_ht_cap_quirk didn't locate host bridge
[   26.751272] tegra-hdmi 54280000.hdmi: cannot set audio to 48000 Hz at 297000000 Hz pixel clock
[   27.043477] ata1: SATA link down (SStatus 0 SControl 300)
[   29.825878] OOM killer enabled.
[   29.829007] Restarting tasks ... done.
root@(none):/# 
root@(none):/# [   29.833574] PM: suspend exit
rtcwake -d rtc1 -m mem -s 3
rtcwake: assuming RTC uses UTC ...
rtcwake: wakeup from "mem" using /dev/rtc1 at Thu Jan  1 00:00:57 1970
[   30.484708] PM: suspend entry (deep)
[   30.488283] PM: Syncing filesystems ... done.
[   30.493869] Freezing user space processes ... (elapsed 0.001 seconds) done.
[   30.495124] OOM killer disabled.
[   30.495126] Freezing remaining freezable tasks ... (elapsed 0.001 seconds) done.
[   30.496395] Suspending console(s) (use no_console_suspend to debug)
[   30.816251] Disabling non-boot CPUs ...
[   30.851106] IRQ17 no longer affine to CPU1
[   30.971834] Entering suspend state LP1
[   30.971861] Enabling non-boot CPUs ...
[   30.972763] CPU1 is up
[   30.973549] CPU2 is up
[   30.974402] CPU3 is up
[   30.975093] pcieport 0000:00:01.0: nv_msi_ht_cap_quirk didn't locate host bridge
[   30.975095] pcieport 0000:00:02.0: nv_msi_ht_cap_quirk didn't locate host bridge
[   31.021245] tegra-hdmi 54280000.hdmi: cannot set audio to 48000 Hz at 297000000 Hz pixel clock
[   31.323685] ata1: SATA link down (SStatus 0 SControl 300)
[   34.012839] OOM killer enabled.
[   34.015968] Restarting tasks ... done.
root@(none):/# 
root@(none):/# [   34.020535] PM: suspend exit
rtcwake -d rtc1 -m mem -s 3
rtcwake: assuming RTC uses UTC ...
rtcwake: wakeup from "mem" using /dev/rtc1 at Thu Jan  1 00:01:04 1970
[   34.764960] PM: suspend entry (deep)
[   34.768536] PM: Syncing filesystems ... done.
[   34.773951] Freezing user space processes ... (elapsed 0.001 seconds) done.
[   34.775173] OOM killer disabled.
[   34.775175] Freezing remaining freezable tasks ... (elapsed 0.001 seconds) done.
[   34.776409] Suspending console(s) (use no_console_suspend to debug)
[   34.869553] pci_generic_config_write32: 46 callbacks suppressed
[   34.869560] pci_bus 0000:00: 2-byte config write to 0000:00:02.0 offset 0x9c may corrupt adjacent RW1C bits
[   34.869578] pci_bus 0000:00: 2-byte config write to 0000:00:01.0 offset 0x9c may corrupt adjacent RW1C bits
[   35.085370] Disabling non-boot CPUs ...
[   35.121025] IRQ17 no longer affine to CPU1
[   35.231578] Entering suspend state LP1
[   35.231590] Enabling non-boot CPUs ...
[   35.232459] CPU1 is up
[   35.233220] CPU2 is up
[   35.234028] CPU3 is up
[   35.234638] pci_bus 0000:00: 2-byte config write to 0000:00:02.0 offset 0x4c may corrupt adjacent RW1C bits
[   35.234646] pci_bus 0000:00: 2-byte config write to 0000:00:01.0 offset 0x4c may corrupt adjacent RW1C bits
[   35.234658] pci_bus 0000:00: 2-byte config write to 0000:00:02.0 offset 0x88 may corrupt adjacent RW1C bits
[   35.234664] pci_bus 0000:00: 2-byte config write to 0000:00:01.0 offset 0x88 may corrupt adjacent RW1C bits
[   35.234670] pci_bus 0000:00: 2-byte config write to 0000:00:02.0 offset 0x90 may corrupt adjacent RW1C bits
[   35.234675] pci_bus 0000:00: 2-byte config write to 0000:00:01.0 offset 0x90 may corrupt adjacent RW1C bits
[   35.234681] pci_bus 0000:00: 2-byte config write to 0000:00:02.0 offset 0x98 may corrupt adjacent RW1C bits
[   35.234686] pci_bus 0000:00: 2-byte config write to 0000:00:01.0 offset 0x98 may corrupt adjacent RW1C bits
[   35.234792] pcieport 0000:00:02.0: nv_msi_ht_cap_quirk didn't locate host bridge
[   35.234793] pcieport 0000:00:01.0: nv_msi_ht_cap_quirk didn't locate host bridge
[   35.281253] tegra-hdmi 54280000.hdmi: cannot set audio to 48000 Hz at 297000000 Hz pixel clock
[   35.583485] ata1: SATA link down (SStatus 0 SControl 300)
[   39.355887] OOM killer enabled.
[   39.359016] Restarting tasks ... done.
root@(none):/# 
root@(none):/# [   39.363342] PM: suspend exit
rtcwake -d rtc1 -m mem -s 3
rtcwake: assuming RTC uses UTC ...
rtcwake: wakeup from "mem" using /dev/rtc1 at Thu Jan  1 00:01:12 1970
[   40.023217] PM: suspend entry (deep)
[   40.026795] PM: Syncing filesystems ... done.
[   40.032202] Freezing user space processes ... (elapsed 0.001 seconds) done.
[   40.033413] OOM killer disabled.
[   40.033414] Freezing remaining freezable tasks ... (elapsed 0.001 seconds) done.
[   40.034634] Suspending console(s) (use no_console_suspend to debug)
[   40.131482] pci_generic_config_write32: 18 callbacks suppressed
[   40.131490] pci_bus 0000:00: 2-byte config write to 0000:00:02.0 offset 0x9c may corrupt adjacent RW1C bits
[   40.131514] pci_bus 0000:00: 2-byte config write to 0000:00:01.0 offset 0x9c may corrupt adjacent RW1C bits
[   40.344520] Disabling non-boot CPUs ...
[   40.460956] IRQ17 no longer affine to CPU2
[   40.511503] Entering suspend state LP1
[   40.511515] Enabling non-boot CPUs ...
[   40.512304] CPU1 is up
[   40.512979] CPU2 is up
[   40.513703] CPU3 is up
[   40.514249] pci_bus 0000:00: 2-byte config write to 0000:00:01.0 offset 0x4c may corrupt adjacent RW1C bits
[   40.514257] pci_bus 0000:00: 2-byte config write to 0000:00:02.0 offset 0x4c may corrupt adjacent RW1C bits
[   40.514268] pci_bus 0000:00: 2-byte config write to 0000:00:01.0 offset 0x88 may corrupt adjacent RW1C bits
[   40.514274] pci_bus 0000:00: 2-byte config write to 0000:00:02.0 offset 0x88 may corrupt adjacent RW1C bits
[   40.514279] pci_bus 0000:00: 2-byte config write to 0000:00:01.0 offset 0x90 may corrupt adjacent RW1C bits
[   40.514284] pci_bus 0000:00: 2-byte config write to 0000:00:02.0 offset 0x90 may corrupt adjacent RW1C bits
[   40.514288] pci_bus 0000:00: 2-byte config write to 0000:00:01.0 offset 0x98 may corrupt adjacent RW1C bits
[   40.514293] pci_bus 0000:00: 2-byte config write to 0000:00:02.0 offset 0x98 may corrupt adjacent RW1C bits
[   40.514394] pcieport 0000:00:01.0: nv_msi_ht_cap_quirk didn't locate host bridge
[   40.514396] pcieport 0000:00:02.0: nv_msi_ht_cap_quirk didn't locate host bridge
[   40.561210] tegra-hdmi 54280000.hdmi: cannot set audio to 48000 Hz at 297000000 Hz pixel clock
[   40.863494] ata1: SATA link down (SStatus 0 SControl 300)
[   43.635923] OOM killer enabled.
[   43.639051] Restarting tasks ... done.
[   43.694065] PM: suspend exit
root@(none):/# 
root@(none):/# rtcwake -d rtc1 -m mem -s 3
rtcwake: assuming RTC uses UTC ...
rtcwake: wakeup from "mem" using /dev/rtc1 at Thu Jan  1 00:01:19 1970
[   44.304552] PM: suspend entry (deep)
[   44.308129] PM: Syncing filesystems ... done.
[   44.313724] Freezing user space processes ... (elapsed 0.001 seconds) done.
[   44.314989] OOM killer disabled.
[   44.314992] Freezing remaining freezable tasks ... (elapsed 0.001 seconds) done.
[   44.316247] Suspending console(s) (use no_console_suspend to debug)
[   44.626191] Disabling non-boot CPUs ...
[   44.661014] IRQ17 no longer affine to CPU1
[   44.771669] Entering suspend state LP1
[   44.771696] Enabling non-boot CPUs ...
[   44.772608] CPU1 is up
[   44.773402] CPU2 is up
[   44.774251] CPU3 is up
[   44.775001] pcieport 0000:00:02.0: nv_msi_ht_cap_quirk didn't locate host bridge
[   44.775003] pcieport 0000:00:01.0: nv_msi_ht_cap_quirk didn't locate host bridge
[   44.821166] tegra-hdmi 54280000.hdmi: cannot set audio to 48000 Hz at 297000000 Hz pixel clock
[   45.123593] ata1: SATA link down (SStatus 0 SControl 300)
[   47.802639] OOM killer enabled.
[   47.805768] Restarting tasks ... done.
root@(none):/# 
root@(none):/# [   47.810242] PM: suspend exit
rtcwake -d rtc1 -m mem -s 3
rtcwake: assuming RTC uses UTC ...
rtcwake: wakeup from "mem" using /dev/rtc1 at Thu Jan  1 00:01:26 1970
[   48.565380] PM: suspend entry (deep)
[   48.568957] PM: Syncing filesystems ... done.
[   48.574636] Freezing user space processes ... (elapsed 0.001 seconds) done.
[   48.575860] OOM killer disabled.
[   48.575862] Freezing remaining freezable tasks ... (elapsed 0.001 seconds) done.
[   48.577081] Suspending console(s) (use no_console_suspend to debug)
[   48.669679] pci_generic_config_write32: 46 callbacks suppressed
[   48.669687] pci_bus 0000:00: 2-byte config write to 0000:00:02.0 offset 0x9c may corrupt adjacent RW1C bits
[   48.669727] pci_bus 0000:00: 2-byte config write to 0000:00:01.0 offset 0x9c may corrupt adjacent RW1C bits
[   48.885091] Disabling non-boot CPUs ...
[   49.041596] Entering suspend state LP1
[   49.041622] Enabling non-boot CPUs ...
[   49.042492] CPU1 is up
[   49.043253] CPU2 is up
[   49.044071] CPU3 is up
[   49.044695] pci_bus 0000:00: 2-byte config write to 0000:00:02.0 offset 0x4c may corrupt adjacent RW1C bits
[   49.044702] pci_bus 0000:00: 2-byte config write to 0000:00:01.0 offset 0x4c may corrupt adjacent RW1C bits
[   49.044714] pci_bus 0000:00: 2-byte config write to 0000:00:02.0 offset 0x88 may corrupt adjacent RW1C bits
[   49.044720] pci_bus 0000:00: 2-byte config write to 0000:00:01.0 offset 0x88 may corrupt adjacent RW1C bits
[   49.044726] pci_bus 0000:00: 2-byte config write to 0000:00:02.0 offset 0x90 may corrupt adjacent RW1C bits
[   49.044731] pci_bus 0000:00: 2-byte config write to 0000:00:01.0 offset 0x90 may corrupt adjacent RW1C bits
[   49.044737] pci_bus 0000:00: 2-byte config write to 0000:00:02.0 offset 0x98 may corrupt adjacent RW1C bits
[   49.044742] pci_bus 0000:00: 2-byte config write to 0000:00:01.0 offset 0x98 may corrupt adjacent RW1C bits
[   49.044849] pcieport 0000:00:02.0: nv_msi_ht_cap_quirk didn't locate host bridge
[   49.044850] pcieport 0000:00:01.0: nv_msi_ht_cap_quirk didn't locate host bridge
[   49.091161] tegra-hdmi 54280000.hdmi: cannot set audio to 48000 Hz at 297000000 Hz pixel clock
[   49.393558] ata1: SATA link down (SStatus 0 SControl 300)
[   52.171703] OOM killer enabled.
[   52.174832] Restarting tasks ... done.
root@(none):/# 
root@(none):/# [   52.179150] PM: suspend exit
NVTB SYSTEM SUSPEND TEST COMPLETE
