
U-Boot SPL 2014.07-00097-g772e173 (Jul 25 2014 - 20:02:52)


U-Boot 2014.07-00097-g772e173 (Jul 25 2014 - 20:02:52)

TEGRA124
Board: NVIDIA Jetson TK1
I2C:   ready
DRAM:  2 GiB
MMC:   Tegra SD/MMC: 0, Tegra SD/MMC: 1
In:    serial
Out:   serial
Err:   serial
Net:   Net Initialization Skipped
No ethernet found.
Hit any key to stop autoboot:  2  0 
Tegra124 (Jetson TK1) # 
Tegra124 (Jetson TK1) # usb reset
(Re)start USB...
USB0:   USB EHCI 1.10
scanning bus 0 for devices... 1 USB Device(s) found
USB1:   USB EHCI 1.10
scanning bus 1 for devices... 2 USB Device(s) found
       scanning usb for storage devices... 0 Storage Device(s) found
       scanning usb for ethernet devices... 
Warning: asx0 using MAC address from net device
1 Ethernet Device(s) found
Tegra124 (Jetson TK1) # setenv bootargs 'ignore_loglevel console=ttyS0,115200n8 rw root=/dev/mmcblk0p1 rootwait gpt debug init=/bin/bash noinitrd'
Tegra124 (Jetson TK1) # setenv ipaddr 192.168.100.102; setenv serverip 192.168.100.1; setenv tftpserverip 192.168.100.1
Tegra124 (Jetson TK1) # tftpboot 0x81000000 zImage.multi_v7_defconfig
Using asx0 device
TFTP from server 192.168.100.1; our IP address is 192.168.100.102
Filename 'zImage.multi_v7_defconfig'.
Load address: 0x81000000
Loading: *EHCI timed out on TD - token=0x8008d80
T EHCI timed out on TD - token=0x8008d80
T #################################################################
	 #################################################################
	 #################################################################
	 #################################################################
	 #################################################################
	 #################################################################
	 ##############################################
	 524.4 KiB/s
done
Bytes transferred = 6397816 (619f78 hex)
Tegra124 (Jetson TK1) # tftpboot 0x82000000 tegra124-jetson-tk1.dtb
Waiting for Ethernet connection... done.
Using asx0 device
TFTP from server 192.168.100.1; our IP address is 192.168.100.102
Filename 'tegra124-jetson-tk1.dtb'.
Load address: 0x82000000
Loading: *#####
	 3.1 MiB/s
done
Bytes transferred = 64210 (fad2 hex)
Tegra124 (Jetson TK1) # bootz 0x81000000 - 0x82000000
Kernel image @ 0x81000000 [ 0x000000 - 0x619f78 ]
## Flattened Device Tree blob at 82000000
   Booting using the fdt blob at 0x82000000
   Using Device Tree in place at 82000000, end 82012ad1

Starting kernel ...

[    0.000000] Booting Linux on physical CPU 0x0
[    0.000000] Linux version 4.2.0-rc7-next-20150818-37731-gebe9653 (pwalmsley@sellafield) (gcc version 4.7.3 20130328 (prerelease) (crosstool-NG linaro-1.13.1-4.7-2013.04-20130415 - Linaro GCC 2013.04) ) #1 SMP Tue Aug 18 05:17:49 PDT 2015
[    0.000000] CPU: ARMv7 Processor [413fc0f3] revision 3 (ARMv7), cr=10c5387d
[    0.000000] CPU: PIPT / VIPT nonaliasing data cache, PIPT instruction cache
[    0.000000] Machine model: NVIDIA Tegra124 Jetson TK1
[    0.000000] debug: ignoring loglevel setting.
[    0.000000] cma: Reserved 64 MiB at 0xfb800000
[    0.000000] Memory policy: Data cache writealloc
[    0.000000] On node 0 totalpages: 524032
[    0.000000] free_area_init_node: node 0, pgdat c0f64600, node_mem_map ee7f8000
[    0.000000]   DMA zone: 1520 pages used for memmap
[    0.000000]   DMA zone: 0 pages reserved
[    0.000000]   DMA zone: 194560 pages, LIFO batch:31
[    0.000000]   HighMem zone: 329472 pages, LIFO batch:31
[    0.000000] PERCPU: Embedded 12 pages/cpu @ee78f000 s19200 r8192 d21760 u49152
[    0.000000] pcpu-alloc: s19200 r8192 d21760 u49152 alloc=12*4096
[    0.000000] pcpu-alloc: [0] 0 [0] 1 [0] 2 [0] 3 
[    0.000000] Built 1 zonelists in Zone order, mobility grouping on.  Total pages: 522512
[    0.000000] Kernel command line: ignore_loglevel console=ttyS0,115200n8 rw root=/dev/mmcblk0p1 rootwait gpt debug init=/bin/bash noinitrd
[    0.000000] PID hash table entries: 4096 (order: 2, 16384 bytes)
[    0.000000] Dentry cache hash table entries: 131072 (order: 7, 524288 bytes)
[    0.000000] Inode-cache hash table entries: 65536 (order: 6, 262144 bytes)
[    0.000000] Memory: 1998860K/2096128K available (8043K kernel code, 1017K rwdata, 3616K rodata, 1008K init, 340K bss, 31732K reserved, 65536K cma-reserved, 1252352K highmem)
[    0.000000] Virtual kernel memory layout:
[    0.000000]     vector  : 0xffff0000 - 0xffff1000   (   4 kB)
[    0.000000]     fixmap  : 0xffc00000 - 0xfff00000   (3072 kB)
[    0.000000]     vmalloc : 0xf0000000 - 0xff000000   ( 240 MB)
[    0.000000]     lowmem  : 0xc0000000 - 0xef800000   ( 760 MB)
[    0.000000]     pkmap   : 0xbfe00000 - 0xc0000000   (   2 MB)
[    0.000000]     modules : 0xbf000000 - 0xbfe00000   (  14 MB)
[    0.000000]       .text : 0xc0208000 - 0xc0d6bd3c   (11664 kB)
[    0.000000]       .init : 0xc0d6c000 - 0xc0e68000   (1008 kB)
[    0.000000]       .data : 0xc0e68000 - 0xc0f665e0   (1018 kB)
[    0.000000]        .bss : 0xc0f69000 - 0xc0fbe2e8   ( 341 kB)
[    0.000000] SLUB: HWalign=64, Order=0-3, MinObjects=0, CPUs=4, Nodes=1
[    0.000000] Hierarchical RCU implementation.
[    0.000000] 	Build-time adjustment of leaf fanout to 32.
[    0.000000] 	RCU restricting CPUs from NR_CPUS=16 to nr_cpu_ids=4.
[    0.000000] RCU: Adjusting geometry for rcu_fanout_leaf=32, nr_cpu_ids=4
[    0.000000] NR_IRQS:16 nr_irqs:16 16
[    0.000000] /interrupt-controller@60004000: 160 interrupts forwarded to /interrupt-controller@0,50041000
[    0.000000] L2C: failed to init: -19
[    0.000008] sched_clock: 32 bits at 1000kHz, resolution 1000ns, wraps every 2147483647500ns
[    0.000027] clocksource: timer_us: mask: 0xffffffff max_cycles: 0xffffffff, max_idle_ns: 1911260446275 ns
[    0.000040] Switching to timer-based delay loop, resolution 1000ns
[    0.004303] Architected cp15 timer(s) running at 12.00MHz (virt).
[    0.004321] clocksource: arch_sys_counter: mask: 0xffffffffffffff max_cycles: 0x2c47f4ee7, max_idle_ns: 440795202497 ns
[    0.004339] sched_clock: 56 bits at 12MHz, resolution 83ns, wraps every 4398046511096ns
[    0.004351] Switching to timer-based delay loop, resolution 83ns
[    0.004764] Console: colour dummy device 80x30
[    0.004788] Calibrating delay loop (skipped), value calculated using timer frequency.. 24.00 BogoMIPS (lpj=60000)
[    0.004802] pid_max: default: 32768 minimum: 301
[    0.004915] Mount-cache hash table entries: 2048 (order: 1, 8192 bytes)
[    0.004927] Mountpoint-cache hash table entries: 2048 (order: 1, 8192 bytes)
[    0.005521] CPU: Testing write buffer coherency: ok
[    0.005737] /cpus/cpu@0 missing clock-frequency property
[    0.005776] /cpus/cpu@1 missing clock-frequency property
[    0.005815] /cpus/cpu@2 missing clock-frequency property
[    0.005855] /cpus/cpu@3 missing clock-frequency property
[    0.005867] CPU0: thread -1, cpu 0, socket 0, mpidr 80000000
[    0.005911] Setting up static identity map for 0x80209000 - 0x80209098
[    0.008803] Tegra Revision: A01 SKU: 129 CPU Process: 1 SoC Process: 1
[    0.010138] CPU1: thread -1, cpu 1, socket 0, mpidr 80000001
[    0.010720] CPU2: thread -1, cpu 2, socket 0, mpidr 80000002
[    0.011301] CPU3: thread -1, cpu 3, socket 0, mpidr 80000003
[    0.011367] Brought up 4 CPUs
[    0.011388] SMP: Total of 4 processors activated (96.00 BogoMIPS).
[    0.011395] CPU: All CPU(s) started in SVC mode.
[    0.011855] devtmpfs: initialized
[    0.031282] VFP support v0.3: implementor 41 architecture 4 part 30 variant f rev 0
[    0.032077] clocksource: jiffies: mask: 0xffffffff max_cycles: 0xffffffff, max_idle_ns: 9556302231375000 ns
[    0.033736] pinctrl core: initialized pinctrl subsystem
[    0.035479] NET: Registered protocol family 16
[    0.037459] DMA: preallocated 256 KiB pool for atomic coherent allocations
[    0.054427] cpuidle: using governor ladder
[    0.069445] cpuidle: using governor menu
[    0.073356] gpiochip_add: GPIOs 0..255 (tegra-gpio) failed to register
[    0.084868] No ATAGs?
[    0.084903] hw-breakpoint: found 5 (+1 reserved) breakpoint and 4 watchpoint registers.
[    0.084913] hw-breakpoint: maximum watchpoint size is 8 bytes.
[    0.089610] Serial: AMBA PL011 UART driver
[    0.123341] vgaarb: loaded
[    0.124159] SCSI subsystem initialized
[    0.124347] libata version 3.00 loaded.
[    0.124682] usbcore: registered new interface driver usbfs
[    0.124750] usbcore: registered new interface driver hub
[    0.124825] usbcore: registered new device driver usb
[    0.128486] pps_core: LinuxPPS API ver. 1 registered
[    0.128495] pps_core: Software ver. 5.3.6 - Copyright 2005-2007 Rodolfo Giometti <giometti@linux.it>
[    0.128527] PTP clock support registered
[    0.128767] EDAC MC: Ver: 3.0.0
[    0.132111] clocksource: Switched to clocksource arch_sys_counter
[    0.144007] NET: Registered protocol family 2
[    0.144531] TCP established hash table entries: 8192 (order: 3, 32768 bytes)
[    0.144630] TCP bind hash table entries: 8192 (order: 4, 65536 bytes)
[    0.144817] TCP: Hash tables configured (established 8192 bind 8192)
[    0.144868] UDP hash table entries: 512 (order: 2, 16384 bytes)
[    0.144909] UDP-Lite hash table entries: 512 (order: 2, 16384 bytes)
[    0.145080] NET: Registered protocol family 1
[    0.145329] RPC: Registered named UNIX socket transport module.
[    0.145339] RPC: Registered udp transport module.
[    0.145347] RPC: Registered tcp transport module.
[    0.145354] RPC: Registered tcp NFSv4.1 backchannel transport module.
[    0.145376] PCI: CLS 0 bytes, default 64
[    0.146340] hw perfevents: enabled with armv7_cortex_a15 PMU driver, 7 counters available
[    0.147998] futex hash table entries: 1024 (order: 4, 65536 bytes)
[    0.160709] squashfs: version 4.0 (2009/01/31) Phillip Lougher
[    0.161662] NFS: Registering the id_resolver key type
[    0.161690] Key type id_resolver registered
[    0.161699] Key type id_legacy registered
[    0.161784] ntfs: driver 2.1.32 [Flags: R/O].
[    0.163263] bounce: pool size: 64 pages
[    0.163494] Block layer SCSI generic (bsg) driver version 0.4 loaded (major 249)
[    0.163515] io scheduler noop registered
[    0.163533] io scheduler deadline registered
[    0.163577] io scheduler cfq registered (default)
[    0.181063] tegra-pcie 1003000.pcie-controller: 2x1, 1x1 configuration
[    0.181112] tegra-pcie 1003000.pcie-controller: Failed to get supply 'avddio-pex': -517
[    0.188180] tegra-apbdma 60020000.dma: Tegra20 APB DMA driver register 32 channels
[    0.189762] tegra-pmc 7000e400.pmc: emergency thermal reset enabled
[    0.252935] Serial: 8250/16550 driver, 4 ports, IRQ sharing disabled
[    0.255400] SuperH (H)SCI(F) driver initialized
[    0.256363] msm_serial: driver initialized
[    0.257204] console [ttyS0] disabled
[    0.257238] 70006300.serial: ttyS0 at MMIO 0x70006300 (irq = 75, base_baud = 25500000) is a Tegra
[    0.997929] console [ttyS0] enabled
[    1.002265] STMicroelectronics ASC driver initialized
[    1.009776] [drm] Initialized drm 1.1.0 20060810
[    1.016789] tegra-hdmi 54280000.hdmi: failed to get HDMI regulator
[    1.031125] loop: module loaded
[    1.034607] at24 0-0056: 256 byte 24c02 EEPROM, writable, 8 bytes/write
[    1.042541] as3722 4-0040: AS3722 with revision 0x1 found
[    1.065980] +5V_SYS: supplied by +VDD_MUX
[    1.070051] +1.05V_RUN: supplied by +5V_SYS
[    1.074348] tegra-ahci 70027000.sata: Failed to get supply 'hvdd': -517
[    1.081021] tegra-ahci 70027000.sata: Failed to get regulators
[    1.091992] m25p80 spi32765.0: w25q32dw (4096 Kbytes)
[    1.100561] CAN device driver interface
[    1.105768] igb: Intel(R) Gigabit Ethernet Network Driver - version 5.3.0-k
[    1.112737] igb: Copyright (c) 2007-2014 Intel Corporation.
[    1.121428] pegasus: v0.9.3 (2013/04/25), Pegasus/Pegasus II USB Ethernet driver
[    1.128886] usbcore: registered new interface driver pegasus
[    1.134625] usbcore: registered new interface driver asix
[    1.140084] usbcore: registered new interface driver ax88179_178a
[    1.146235] usbcore: registered new interface driver cdc_ether
[    1.152164] usbcore: registered new interface driver smsc75xx
[    1.157991] usbcore: registered new interface driver smsc95xx
[    1.163802] usbcore: registered new interface driver net1080
[    1.169522] usbcore: registered new interface driver cdc_subset
[    1.175500] usbcore: registered new interface driver zaurus
[    1.181167] usbcore: registered new interface driver cdc_ncm
[    1.187112] tegra-phy 7d004000.usb-phy: no vbus regulator
[    1.194808] ehci_hcd: USB 2.0 'Enhanced' Host Controller (EHCI) Driver
[    1.201352] ehci-pci: EHCI PCI platform driver
[    1.205858] ehci-platform: EHCI generic platform driver
[    1.211318] ehci-omap: OMAP-EHCI Host Controller driver
[    1.216704] ehci-orion: EHCI orion driver
[    1.220875] SPEAr-ehci: EHCI SPEAr driver
[    1.225051] ehci-st: EHCI STMicroelectronics driver
[    1.230095] ehci-exynos: EHCI EXYNOS driver
[    1.234462] ehci-atmel: EHCI Atmel driver
[    1.238635] tegra-ehci: Tegra EHCI driver
[    1.242986] tegra-ehci 7d004000.usb: EHCI Host Controller
[    1.248419] tegra-ehci 7d004000.usb: new USB bus registered, assigned bus number 1
[    1.256163] tegra-ehci 7d004000.usb: irq 92, io mem 0x7d004000
[    1.267134] tegra-ehci 7d004000.usb: USB 2.0 started, EHCI 1.10
[    1.273926] hub 1-0:1.0: USB hub found
[    1.277722] hub 1-0:1.0: 1 port detected
[    1.282287] ohci_hcd: USB 1.1 'Open' Host Controller (OHCI) Driver
[    1.288493] ohci-pci: OHCI PCI platform driver
[    1.293004] ohci-platform: OHCI generic platform driver
[    1.298421] ohci-omap3: OHCI OMAP3 driver
[    1.302593] SPEAr-ohci: OHCI SPEAr driver
[    1.306750] ohci-st: OHCI STMicroelectronics driver
[    1.311790] ohci-atmel: OHCI Atmel driver
[    1.316056] usbcore: registered new interface driver usb-storage
[    1.323645] mousedev: PS/2 mouse device common for all mice
[    1.333148] as3722-rtc as3722-rtc: rtc core: registered as3722-rtc as rtc0
[    1.340034] as3722-rtc as3722-rtc: RTC interrupt 115
[    1.348448] tegra_rtc 7000e000.rtc: rtc core: registered 7000e000.rtc as rtc1
[    1.355636] tegra_rtc 7000e000.rtc: Tegra internal Real Time Clock
[    1.362446] i2c /dev entries driver
[    1.376164] sdhci: Secure Digital Host Controller Interface driver
[    1.382370] sdhci: Copyright(c) Pierre Ossman
[    1.388386] Synopsys Designware Multimedia Card Interface Driver
[    1.395547] sdhci-pltfm: SDHCI platform and OF driver helper
[    1.402086] mmc0: Unknown controller version (3). You may experience problems.
[    1.409442] sdhci-tegra 700b0600.sdhci: No vmmc regulator found
[    1.415376] sdhci-tegra 700b0600.sdhci: No vqmmc regulator found
[    1.421386] mmc0: Invalid maximum block size, assuming 512 bytes
[    1.462132] mmc0: SDHCI controller on 700b0600.sdhci [700b0600.sdhci] using ADMA 64-bit
[    1.471650] ledtrig-cpu: registered to indicate activity on CPUs
[    1.478058] usbcore: registered new interface driver usbhid
[    1.483638] usbhid: USB HID core driver
[    1.496360] NET: Registered protocol family 10
[    1.501493] sit: IPv6 over IPv4 tunneling driver
[    1.506099] mmc0: MAN_BKOPS_EN bit is not set
[    1.509420] mmc0: new high speed MMC card at address 0001
[    1.509955] mmcblk0: mmc0:0001 SEM16G 14.6 GiB 
[    1.510187] mmcblk0boot0: mmc0:0001 SEM16G partition 1 4.00 MiB
[    1.510417] mmcblk0boot1: mmc0:0001 SEM16G partition 2 4.00 MiB
[    1.510654] mmcblk0rpmb: mmc0:0001 SEM16G partition 3 4.00 MiB
[    1.512654] Primary GPT is invalid, using alternate GPT.
[    1.512683]  mmcblk0: p1 p2 p3 p4 p5 p6 p7 p8 p9
[    1.548704] NET: Registered protocol family 17
[    1.553177] can: controller area network core (rev 20120528 abi 9)
[    1.559426] NET: Registered protocol family 29
[    1.563888] can: raw protocol (rev 20120528)
[    1.568173] can: broadcast manager protocol (rev 20120528 t)
[    1.573852] can: netlink gateway (rev 20130117) max_hops=1
[    1.579758] Key type dns_resolver registered
[    1.584695] ThumbEE CPU extension supported.
[    1.588994] Registering SWP/SWPB emulation handler
[    1.603827] tegra-pcie 1003000.pcie-controller: 2x1, 1x1 configuration
[    1.610739] +3.3V_SYS: supplied by +VDD_MUX
[    1.615046] +3.3V_LP0: supplied by +3.3V_SYS
[    1.619713] +1.35V_LP0(sd2): supplied by +5V_SYS
[    1.624469] +1.05V_RUN_AVDD: supplied by +1.35V_LP0(sd2)
[    1.631878] tegra-pcie 1003000.pcie-controller: probing port 0, using 2 lanes
[    1.641144] tegra-pcie 1003000.pcie-controller: Slot present pin change, signature: 00000008
[    2.069264] tegra-pcie 1003000.pcie-controller: link 0 down, retrying
[    2.497757] tegra-pcie 1003000.pcie-controller: link 0 down, retrying
[    2.926238] tegra-pcie 1003000.pcie-controller: link 0 down, retrying
[    2.934816] tegra-pcie 1003000.pcie-controller: link 0 down, ignoring
[    2.941312] tegra-pcie 1003000.pcie-controller: probing port 1, using 1 lanes
[    2.950566] tegra-pcie 1003000.pcie-controller: Slot present pin change, signature: 00000000
[    3.379030] tegra-pcie 1003000.pcie-controller: link 1 down, retrying
[    3.807458] tegra-pcie 1003000.pcie-controller: link 1 down, retrying
[    4.235924] tegra-pcie 1003000.pcie-controller: link 1 down, retrying
[    4.244502] tegra-pcie 1003000.pcie-controller: link 1 down, ignoring
[    4.251218] tegra-pcie 1003000.pcie-controller: PCI host bridge to bus 0000:00
[    4.258455] pci_bus 0000:00: root bus resource [mem 0x13000000-0x1fffffff]
[    4.265337] pci_bus 0000:00: root bus resource [mem 0x20000000-0x3fffffff pref]
[    4.272651] pci_bus 0000:00: root bus resource [bus 00-ff]
[    4.278144] pci_bus 0000:00: root bus resource [io  0x1000-0xffff]
[    4.284356] PCI: bus0: Fast back to back transfers enabled
[    4.290631] +5V_HDMI_CON: supplied by +5V_SYS
[    4.295105] +1.05V_RUN_AVDD_HDMI_PLL: supplied by +1.05V_RUN
[    4.300915] +3.3V_RUN: supplied by +3.3V_SYS
[    4.305229] +3.3V_AVDD_HDMI_AP_GATED: supplied by +3.3V_RUN
[    4.313495] [drm] Supports vblank timestamp caching Rev 2 (21.10.2013).
[    4.320158] [drm] No driver support for vblank timestamp query.
[    4.423632] tegra-hdmi 54280000.hdmi: cannot set audio to 44100 at 297000000 pclk
[    4.534910] Console: switching to colour frame buffer device 512x135
[    4.630413] drm drm: fb0:  frame buffer device
[    4.647267] [drm] Initialized tegra 0.0.0 20120330 on minor 0
[    4.654230] +5V_SATA: supplied by +5V_SYS
[    4.658461] +12V_SATA: supplied by +VDD_MUX
[    4.663412] tegra-ahci 70027000.sata: AHCI 0001.0301 32 slots 2 ports 3 Gbps 0x1 impl platform mode
[    4.672491] tegra-ahci 70027000.sata: flags: 64bit ncq sntf pm led pio slum part sadm sds apst 
[    4.683876] scsi host0: tegra-ahci
[    4.688501] scsi host1: tegra-ahci
[    4.692298] ata1: SATA max UDMA/133 mmio [mem 0x70027000-0x70028fff] port 0x100 irq 85
[    4.700221] ata2: DUMMY
[    4.704100] +5V_USB_HS: supplied by +5V_SYS
[    4.709729] tegra-ehci 7d008000.usb: EHCI Host Controller
[    4.715191] tegra-ehci 7d008000.usb: new USB bus registered, assigned bus number 2
[    4.722991] tegra-ehci 7d008000.usb: irq 93, io mem 0x7d008000
[    4.737270] tegra-ehci 7d008000.usb: USB 2.0 started, EHCI 1.10
[    4.744466] hub 2-0:1.0: USB hub found
[    4.748320] hub 2-0:1.0: 1 port detected
[    4.753002] 0-004c supply vcc not found, using dummy regulator
[    4.762400] of_cpumask_init_opp_table: couldn't find opp table for cpu:0, -19
[    4.769599] cpufreq: cpufreq_online: CPU0: Running at unlisted freq: 696000 KHz
[    4.776946] cpufreq: cpufreq_online: CPU0: Unlisted initial frequency changed to: 714000 KHz
[    4.786177] sdhci-tegra 700b0400.sdhci: Got CD GPIO
[    4.791069] sdhci-tegra 700b0400.sdhci: Got WP GPIO
[    4.795963] mmc1: Unknown controller version (3). You may experience problems.
[    4.803282] +VDDIO_SDMMC3: supplied by +3.3V_RUN
[    4.807939] sdhci-tegra 700b0400.sdhci: No vmmc regulator found
[    4.813858] mmc1: Invalid maximum block size, assuming 512 bytes
[    4.852497] mmc1: SDHCI controller on 700b0400.sdhci [700b0400.sdhci] using ADMA 64-bit
[    4.861096] input: gpio-keys as /devices/soc0/gpio-keys/input/input0
[    4.868134] as3722-rtc as3722-rtc: setting system clock to 2000-02-01 00:00:28 UTC (949363228)
[    4.880880] +1.8V_RUN_CAM: disabling
[    4.884656] +2.8V_RUN_CAM: disabling
[    4.888507] +1.2V_RUN_CAM_FRONT: disabling
[    4.892814] +1.05V_RUN_CAM_REAR: disabling
[    4.897057] +3.3V_RUN_TOUCH: disabling
[    4.901019] +2.8V_RUN_CAM_AF: disabling
[    4.905069] +1.8V_RUN_VPP_FUSE: disabling
[    4.909249] +USB0_VBUS_SW: disabling
[    5.027278] ata1: SATA link down (SStatus 0 SControl 300)
[    5.034068] EXT4-fs (mmcblk0p1): couldn't mount as ext3 due to feature incompatibilities
[    5.043032] EXT4-fs (mmcblk0p1): couldn't mount as ext2 due to feature incompatibilities
[    5.062269] usb 2-1: new high-speed USB device number 2 using tegra-ehci
[    5.064522] EXT4-fs (mmcblk0p1): recovery complete
[    5.064539] EXT4-fs (mmcblk0p1): mounted filesystem with ordered data mode. Opts: (null)
[    5.064584] VFS: Mounted root (ext4 filesystem) on device 179:1.
[    5.069240] devtmpfs: mounted
[    5.070174] Freeing unused kernel memory: 1008K (c0d6c000 - c0e68000)
bash: cannot set terminal process group (-1): Inappropriate ioctl for device
bash: no job control in this shell
root@(none):/# 