

U-Boot 2011.03 (Jun 11 2013 - 06:07:37)

T114
Board: NVIDIA Dalmore
DRAM:  2 GiB
MMC:   Tegra2 SD/MMC: 0, Tegra2 SD/MMC: 1
In:    serial
Out:   serial
Err:   serial
Net:   Net Initialization Skipped
No ethernet found.
Hit any key to stop autoboot:  2  1  0 
Dalmore #
Dalmore #usb reset
(Re)start USB...
USB:   Register 10011 NbrPorts 1
USB EHCI 1.10
scanning bus for devices... 2 USB Device(s) found
       scanning bus for storage devices... 0 Storage Device(s) found
       scanning bus for ethernet devices... 1 Ethernet Device(s) found
Dalmore #setenv bootargs 'ignore_loglevel console=ttyS0,115200n8 rw root=/dev/mmcblk0p1 rootwait gpt init=/bin/bash'
Dalmore #setenv ipaddr 192.168.100.100; setenv serverip 192.168.100.1; setenv tftpserverip 192.168.100.1
Dalmore #tftpboot 0x81000000 zImage.tegra_defconfig%tegra30,114_mergeconfig
Waiting for Ethernet connection... done.
Using asx0 device
TFTP from server 192.168.100.1; our IP address is 192.168.100.100
Filename 'zImage.tegra_defconfig%tegra30,114_mergeconfig'.
Load address: 0x81000000
Loading: *#################################################  2.8 MiB/s
done
Bytes transferred = 4426656 (438ba0 hex)
Dalmore #tftpboot 0x82000000 tegra114-dalmore.dtb
Using asx0 device
TFTP from server 192.168.100.1; our IP address is 192.168.100.100
Filename 'tegra114-dalmore.dtb'.
Load address: 0x82000000
Loading: *#################################################  2.4 MiB/s
done
Bytes transferred = 27540 (6b94 hex)
Dalmore #bootz 0x81000000 - 0x82000000
## Flattened Device Tree blob at 82000000
   Booting using the fdt blob at 0x82000000
   Loading Device Tree to 81ff6000, end 81fffb93 ... OK

Starting kernel ...

Timer summary in microseconds:
       Mark    Elapsed  Stage
          0          0  awake
  3,101,239  3,101,239  usb_start
  7,106,644  4,005,405  eth_start
  7,106,642         -2  tftp start
 11,062,363  3,955,721  tftp done
 13,116,764  2,054,401  start_kernel
[    0.000000] Booting Linux on physical CPU 0x0
[    0.000000] Initializing cgroup subsys cpu
[    0.000000] Initializing cgroup subsys cpuacct
[    0.000000] Linux version 3.11.0-rc5-next-20130813-05747-g28ef21b (pwalmsley@tamien) (gcc version 4.5.1 (Sourcery G++ Lite 2010.09-50) ) #1 SMP PREEMPT Tue Aug 13 02:35:03 PDT 2013
[    0.000000] CPU: ARMv7 Processor [412fc0f2] revision 2 (ARMv7), cr=10c5387d
[    0.000000] CPU: PIPT / VIPT nonaliasing data cache, PIPT instruction cache
[    0.000000] Machine: NVIDIA Tegra SoC (Flattened Device Tree), model: NVIDIA Tegra114 Dalmore evaluation board
[    0.000000] debug: ignoring loglevel setting.
[    0.000000] Memory policy: ECC disabled, Data cache writealloc
[    0.000000] On node 0 totalpages: 524032
[    0.000000] free_area_init_node: node 0, pgdat c0827a40, node_mem_map c087f000
[    0.000000]   Normal zone: 1520 pages used for memmap
[    0.000000]   Normal zone: 0 pages reserved
[    0.000000]   Normal zone: 194560 pages, LIFO batch:31
[    0.000000]   HighMem zone: 2574 pages used for memmap
[    0.000000]   HighMem zone: 329472 pages, LIFO batch:31
[    0.000000] Tegra Revision: A01 SKU: 0 CPU Process: 1 Core Process: 1
[    0.000000] PERCPU: Embedded 8 pages/cpu @c1896000 s9088 r8192 d15488 u32768
[    0.000000] pcpu-alloc: s9088 r8192 d15488 u32768 alloc=8*4096
[    0.000000] pcpu-alloc: [0] 0 [0] 1 [0] 2 [0] 3 
[    0.000000] Built 1 zonelists in Zone order, mobility grouping on.  Total pages: 522512
[    0.000000] Kernel command line: ignore_loglevel console=ttyS0,115200n8 rw root=/dev/mmcblk0p1 rootwait gpt init=/bin/bash
[    0.000000] PID hash table entries: 4096 (order: 2, 16384 bytes)
[    0.000000] Dentry cache hash table entries: 131072 (order: 7, 524288 bytes)
[    0.000000] Inode-cache hash table entries: 65536 (order: 6, 262144 bytes)
[    0.000000] Memory: 2069980K/2096128K available (6046K kernel code, 292K rwdata, 1752K rodata, 224K init, 341K bss, 26148K reserved, 1317888K highmem)
[    0.000000] Virtual kernel memory layout:
[    0.000000]     vector  : 0xffff0000 - 0xffff1000   (   4 kB)
[    0.000000]     fixmap  : 0xfff00000 - 0xfffe0000   ( 896 kB)
[    0.000000]     vmalloc : 0xf0000000 - 0xff000000   ( 240 MB)
[    0.000000]     lowmem  : 0xc0000000 - 0xef800000   ( 760 MB)
[    0.000000]     pkmap   : 0xbfe00000 - 0xc0000000   (   2 MB)
[    0.000000]     modules : 0xbf000000 - 0xbfe00000   (  14 MB)
[    0.000000]       .text : 0xc0008000 - 0xc07a5c04   (7800 kB)
[    0.000000]       .init : 0xc07a6000 - 0xc07de380   ( 225 kB)
[    0.000000]       .data : 0xc07e0000 - 0xc0829140   ( 293 kB)
[    0.000000]        .bss : 0xc0829140 - 0xc087e838   ( 342 kB)
[    0.000000] Preemptible hierarchical RCU implementation.
[    0.000000] NR_IRQS:16 nr_irqs:16 16
[    0.000000] sched_clock: 32 bits at 1000kHz, resolution 1000ns, wraps every 4294967ms
[    0.000000] Architected local timer running at 12.00MHz (virt).
[    0.000000] Switching to timer-based delay loop
[    0.000000] sched_clock: ARM arch timer >56 bits at 12000kHz, resolution 83ns
[    0.000000] Console: colour dummy device 80x30
[   13.119918] Calibrating delay loop (skipped), value calculated using timer frequency.. 24.00 BogoMIPS (lpj=120000)
[   13.119934] pid_max: default: 32768 minimum: 301
[   13.120369] Mount-cache hash table entries: 512
[   13.137891] Initializing cgroup subsys debug
[   13.137909] Initializing cgroup subsys freezer
[   13.137970] CPU: Testing write buffer coherency: ok
[   13.138300] /cpus/cpu@0 missing clock-frequency property
[   13.138312] /cpus/cpu@1 missing clock-frequency property
[   13.138321] /cpus/cpu@2 missing clock-frequency property
[   13.138329] /cpus/cpu@3 missing clock-frequency property
[   13.138343] CPU0: thread -1, cpu 0, socket 0, mpidr 80000000
[   13.138378] Setting up static identity map for 0xc05c0318 - 0xc05c03b0
[   13.190163] CPU1: Booted secondary processor
[   13.190190] CPU1: thread -1, cpu 1, socket 0, mpidr 80000001
[   13.210099] CPU2: Booted secondary processor
[   13.210124] CPU2: thread -1, cpu 2, socket 0, mpidr 80000002
[   13.230047] CPU3: Booted secondary processor
[   13.230072] CPU3: thread -1, cpu 3, socket 0, mpidr 80000003
[   13.230179] Brought up 4 CPUs
[   13.230207] SMP: Total of 4 processors activated (96.00 BogoMIPS).
[   13.230216] CPU: All CPU(s) started in SVC mode.
[   13.231207] devtmpfs: initialized
[   13.243866] VFP support v0.3: implementor 41 architecture 4 part 30 variant f rev 0
[   13.244246] pinctrl core: initialized pinctrl subsystem
[   13.244773] regulator-dummy: no parameters
[   13.245259] NET: Registered protocol family 16
[   13.245514] DMA: preallocated 256 KiB pool for atomic coherent allocations
[   13.246264] cpuidle: using governor ladder
[   13.246275] cpuidle: using governor menu
[   13.256593] No ATAGs?
[   13.256622] hw-breakpoint: found 5 (+1 reserved) breakpoint and 4 watchpoint registers.
[   13.256632] hw-breakpoint: maximum watchpoint size is 8 bytes.
[   13.267414] bio: create slab <bio-0> at 0
[   13.268739] vdd_ac_bat: 5000 mV 
[   13.269055] dvdd_ts: Failed to request enable GPIO61: -517
[   13.269212] reg-fixed-voltage 1.regulator: Failed to register regulator: -517
[   13.269236] platform 1.regulator: Driver reg-fixed-voltage requests probe deferral
[   13.269429] lcd_bl_en: Failed to request enable GPIO58: -517
[   13.269571] reg-fixed-voltage 2.regulator: Failed to register regulator: -517
[   13.269592] platform 2.regulator: Driver reg-fixed-voltage requests probe deferral
[   13.269784] usb1_vbus: Failed to request enable GPIO108: -517
[   13.269925] reg-fixed-voltage 3.regulator: Failed to register regulator: -517
[   13.269947] platform 3.regulator: Driver reg-fixed-voltage requests probe deferral
[   13.270137] usb2_vbus: Failed to request enable GPIO86: -517
[   13.270277] reg-fixed-voltage 4.regulator: Failed to register regulator: -517
[   13.270298] platform 4.regulator: Driver reg-fixed-voltage requests probe deferral
[   13.270487] vdd_hdmi_5v0: Failed to request enable GPIO81: -517
[   13.270627] reg-fixed-voltage 5.regulator: Failed to register regulator: -517
[   13.270648] platform 5.regulator: Driver reg-fixed-voltage requests probe deferral
[   13.270730] platform 6.regulator: Driver reg-fixed-voltage requests probe deferral
[   13.271805] vgaarb: loaded
[   13.272902] SCSI subsystem initialized
[   13.273287] usbcore: registered new interface driver usbfs
[   13.273376] usbcore: registered new interface driver hub
[   13.273538] usbcore: registered new device driver usb
[   13.277420] vdd-cpu: 500 <--> 1520 mV at 1100 mV 
[   13.278052] tps65090 1-0048: No cache defaults, reading back from HW
[   13.284399] vdd-sys-5v0: no parameters
[   13.284445] vdd-sys-5v0: supplied by vdd_ac_bat
[   13.285906] vdd-sys-3v3: no parameters
[   13.285943] vdd-sys-3v3: supplied by vdd_ac_bat
[   13.287366] vdd-ao: no parameters
[   13.287404] vdd-ao: supplied by vdd_ac_bat
[   13.287668] vdd-lcd-bl: no parameters
[   13.287704] vdd-lcd-bl: supplied by vdd_ac_bat
[   13.287943] TPS65090_RAILSFET2: no parameters
[   13.287977] TPS65090_RAILSFET2: supplied by vdd_ac_bat
[   13.288228] vdd-modem-3v3: no parameters
[   13.288272] vdd-modem-3v3: supplied by vdd-sys-3v3
[   13.288531] avdd-lcd: no parameters
[   13.288563] avdd-lcd: supplied by vdd-sys-3v3
[   13.288807] vdd-lvds: no parameters
[   13.288838] vdd-lvds: supplied by vdd-sys-3v3
[   13.289118] vdd-sd-slot: no parameters
[   13.289152] vdd-sd-slot: supplied by vdd-sys-3v3
[   13.289409] vdd-com-3v3: no parameters
[   13.289443] vdd-com-3v3: supplied by vdd-sys-3v3
[   13.289687] vdd-sby-5v0: no parameters
[   13.289720] vdd-sby-5v0: supplied by vdd_ac_bat
[   13.289970] vdd-sby-3v3: no parameters
[   13.290002] vdd-sby-3v3: supplied by vdd_ac_bat
[   13.290375] genirq: Setting trigger mode 8 for irq 118 failed (gic_set_type+0x0/0xf0)
[   13.290798] palmas 1-0058: Irq flag is 0x00000000
[   13.305056] palmas 1-0058: Muxing GPIO ff, PWM 0, LED 0
[   13.313984] vddio-ddr: 1350 mV 
[   13.314826] vddio-ddr: supplied by vdd-ao
[   13.321778] vddio-1v8: 1800 mV 
[   13.322622] vddio-1v8: supplied by vdd-ao
[   13.329552] vdd-core: 900 <--> 1400 mV at 1100 mV 
[   13.330405] vdd-core: supplied by vdd-sys-3v3
[   13.334586] SMPS6: no parameters
[   13.342302] avdd-pll: 1050 mV 
[   13.343154] avdd-pll: supplied by vdd-sys-3v3
[   13.351473] sdhci-vdd-sd-slot: 2800 mV 
[   13.352313] sdhci-vdd-sd-slot: supplied by vdd-sys-3v3
[   13.354145] SMPS10_OUT2: at 5000 mV 
[   13.355959] SMPS10_OUT1: at 5000 mV 
[   13.358565] avdd-cam1: 2800 mV 
[   13.359414] avdd-cam1: supplied by vdd-sys-3v3
[   13.363414] avdd-cam2: 2800 mV 
[   13.364251] avdd-cam2: supplied by vdd-sys-3v3
[   13.369020] avdd-dsi-csi: 1200 mV 
[   13.369869] avdd-dsi-csi: supplied by vddio-1v8
[   13.374650] vpp-fuse: 1800 mV 
[   13.375487] vpp-fuse: supplied by vdd-sys-3v3
[   13.378708] LDO5: at 1200 mV 
[   13.379561] LDO5: supplied by vdd_ac_bat
[   13.382190] vdd-sensor-2v85: 2850 mV 
[   13.383027] vdd-sensor-2v85: supplied by vdd-sys-3v3
[   13.387027] vdd-af-cam1: 2800 mV 
[   13.387887] vdd-af-cam1: supplied by vdd-sys-3v3
[   13.395966] vdd-rtc: 900 mV 
[   13.396802] vdd-rtc: supplied by vdd-ao
[   13.400801] vddio-sdmmc-2: 1800 <--> 3300 mV at 3300 mV 
[   13.401649] vddio-sdmmc-2: supplied by sdhci-vdd-sd-slot
[   13.406439] hvdd-usb: 3300 mV 
[   13.407275] hvdd-usb: supplied by vdd-sys-5v0
[   13.412074] avdd-usb: 3300 mV 
[   13.412922] avdd-usb: supplied by vdd-sys-5v0
[   13.416133] rail-3v3: no parameters
[   13.418499] rail-5v0: no parameters
[   13.420187] REGEN3: no parameters
[   13.420384] SYSEN1: no parameters
[   13.420582] SYSEN2: no parameters
[   13.421023] Linux video capture interface: v2.00
[   13.421593] platform 7000f010.iommu: Driver tegra-smmu requests probe deferral
[   13.421896] Advanced Linux Sound Architecture Driver Initialized.
[   13.422663] Bluetooth: Core ver 2.16
[   13.422734] NET: Registered protocol family 31
[   13.422742] Bluetooth: HCI device and connection manager initialized
[   13.422767] Bluetooth: HCI socket layer initialized
[   13.422788] Bluetooth: L2CAP socket layer initialized
[   13.422837] Bluetooth: SCO socket layer initialized
[   13.423572] cfg80211: Calling CRDA to update world regulatory domain
[   13.424681] Switched to clocksource arch_sys_counter
[   13.438634] NET: Registered protocol family 2
[   13.439561] TCP established hash table entries: 8192 (order: 4, 65536 bytes)
[   13.439764] TCP bind hash table entries: 8192 (order: 4, 65536 bytes)
[   13.439941] TCP: Hash tables configured (established 8192 bind 8192)
[   13.440385] TCP: reno registered
[   13.440401] UDP hash table entries: 512 (order: 2, 16384 bytes)
[   13.440443] UDP-Lite hash table entries: 512 (order: 2, 16384 bytes)
[   13.440858] NET: Registered protocol family 1
[   13.441552] RPC: Registered named UNIX socket transport module.
[   13.441563] RPC: Registered udp transport module.
[   13.441570] RPC: Registered tcp transport module.
[   13.441578] RPC: Registered tcp NFSv4.1 backchannel transport module.
[   13.441589] PCI: CLS 0 bytes, default 64
[   13.445235] bounce pool size: 64 pages
[   13.446899] squashfs: version 4.0 (2009/01/31) Phillip Lougher
[   13.447704] msgmni has been set to 1468
[   13.449353] io scheduler noop registered (default)
[   13.460813] tegra-apbdma 6000a000.dma: Tegra20 APB DMA driver register 32 channels
[   13.461330] Serial: 8250/16550 driver, 4 ports, IRQ sharing disabled
[   13.463330] 70006300.serial: ttyS0 at MMIO 0x70006300 (irq = 122, base_baud = 25500000) is a Tegra
[   14.488315] console [ttyS0] enabled
[   14.492755] [drm] Initialized drm 1.1.0 20060810
[   14.503066] loop: module loaded
[   14.508793] m25p80 spi32766.0: w25q32dw (4096 Kbytes)
[   14.515664] pegasus: v0.9.3 (2013/04/25), Pegasus/Pegasus II USB Ethernet driver
[   14.523119] usbcore: registered new interface driver pegasus
[   14.528844] usbcore: registered new interface driver asix
[   14.534305] usbcore: registered new interface driver ax88179_178a
[   14.540447] usbcore: registered new interface driver cdc_ether
[   14.546311] usbcore: registered new interface driver r815x
[   14.551866] usbcore: registered new interface driver smsc75xx
[   14.557665] usbcore: registered new interface driver smsc95xx
[   14.563471] usbcore: registered new interface driver net1080
[   14.569163] usbcore: registered new interface driver cdc_subset
[   14.575157] usbcore: registered new interface driver zaurus
[   14.580816] usbcore: registered new interface driver cdc_ncm
[   14.586483] ehci_hcd: USB 2.0 'Enhanced' Host Controller (EHCI) Driver
[   14.592989] ehci-pci: EHCI PCI platform driver
[   14.597475] tegra-ehci: Tegra EHCI driver
[   14.601804] usbcore: registered new interface driver cdc_acm
[   14.607429] cdc_acm: USB Abstract Control Model driver for USB modems and ISDN adapters
[   14.615468] usbcore: registered new interface driver cdc_wdm
[   14.621200] usbcore: registered new interface driver usb-storage
[   14.627772] mousedev: PS/2 mouse device common for all mice
[   14.645397] palmas-rtc rtc.7: rtc core: registered rtc.7 as rtc0
[   14.655755] tegra_rtc 7000e000.rtc: rtc core: registered 7000e000.rtc as rtc1
[   14.662898] tegra_rtc 7000e000.rtc: Tegra internal Real Time Clock
[   14.670447] sbs-battery 0-000b: sbs_probe: Failed to get device status
[   14.676953] sbs-battery: probe of 0-000b failed with error -121
[   14.686498] sdhci: Secure Digital Host Controller Interface driver
[   14.692663] sdhci: Copyright(c) Pierre Ossman
[   14.696994] sdhci-pltfm: SDHCI platform and OF driver helper
[   14.703051] sdhci-tegra 78000400.sdhci: Got CD GPIO #170.
[   14.709486] mmc0: no vqmmc regulator found
[   14.713586] mmc0: no vmmc regulator found
[   14.717574] mmc0: Invalid maximum block size, assuming 512 bytes
[   14.769305] mmc0: SDHCI controller on 78000400.sdhci [78000400.sdhci] using ADMA
[   14.778850] mmc1: no vqmmc regulator found
[   14.782950] mmc1: no vmmc regulator found
[   14.786937] mmc1: Invalid maximum block size, assuming 512 bytes
[   14.829061] mmc1: SDHCI controller on 78000600.sdhci [78000600.sdhci] using ADMA
[   14.837096] usbcore: registered new interface driver usbhid
[   14.844699] usbhid: USB HID core driver
[   14.960780] mmc1: BKOPS_EN bit is not set
[   14.991187] mmc1: new HS200 MMC card at address 0001
[   14.996725] mmcblk0: mmc1:0001 SEM32G 29.1 GiB 
[   15.001574] mmcblk0boot0: mmc1:0001 SEM32G partition 1 4.00 MiB
[   15.007773] mmcblk0boot1: mmc1:0001 SEM32G partition 2 4.00 MiB
[   15.013939] mmcblk0rpmb: mmc1:0001 SEM32G partition 3 4.00 MiB
[   15.022258] Primary GPT is invalid, using alternate GPT.
[   15.027563]  mmcblk0: p1 p2 p3 p4 p5
[   15.034477]  mmcblk0boot1: unknown partition table
[   15.040922]  mmcblk0boot0: unknown partition table
[   15.297958] tegra-snd-rt5640 sound.4:  rt5640-aif1 <-> 70080400.i2s mapping ok
[   15.306472] input: NVIDIA Tegra Dalmore Headphones as /devices/soc0/sound.4/sound/card0/input0
[   15.316649] TCP: cubic registered
[   15.320247] NET: Registered protocol family 10
[   15.326036] mip6: Mobile IPv6
[   15.329012] sit: IPv6 over IPv4 tunneling driver
[   15.335296] NET: Registered protocol family 17
[   15.339786] NET: Registered protocol family 15
[   15.344398] Bluetooth: RFCOMM socket layer initialized
[   15.349530] Bluetooth: RFCOMM ver 1.11
[   15.353258] Bluetooth: BNEP (Ethernet Emulation) ver 1.3
[   15.358569] Bluetooth: BNEP socket layer initialized
[   15.363505] Bluetooth: HIDP (Human Interface Emulation) ver 1.2
[   15.369418] Bluetooth: HIDP socket layer initialized
[   15.375059] Registering SWP/SWPB emulation handler
[   15.384465] hvdd-usb: disabling
[   15.390015] vdd-af-cam1: disabling
[   15.396077] vdd-sensor-2v85: disabling
[   15.402339] LDO5: disabling
[   15.407805] vpp-fuse: disabling
[   15.413431] avdd-cam2: disabling
[   15.419026] avdd-cam1: disabling
[   15.426023] vdd-com-3v3: disabling
[   15.430034] vdd-lvds: disabling
[   15.433752] avdd-lcd: disabling
[   15.437492] vdd-lcd-bl: disabling
[   15.442008] dvdd_ts: 1800 mV 
[   15.445474] lcd_bl_en: 5000 mV 
[   15.449194] usb1_vbus: 5000 mV 
[   15.452379] usb1_vbus: supplied by vdd-sys-5v0
[   15.457277] usb2_vbus: 5000 mV 
[   15.460431] usb2_vbus: supplied by vdd-sys-5v0
[   15.465186] vdd_hdmi_5v0: 5000 mV 
[   15.468620] vdd_hdmi_5v0: supplied by vdd-sys-5v0
[   15.475655] vdd_cam_1v8_reg: 1800 mV 
[   15.480759] input: gpio-keys.2 as /devices/soc0/gpio-keys.2/input/input1
[   15.491224] palmas-rtc rtc.7: setting system clock to 2000-01-07 16:40:45 UTC (947263245)
[   15.499861] ALSA device list:
[   15.502818]   #0: NVIDIA Tegra Dalmore
[   15.529945] kjournald starting.  Commit interval 5 seconds
[   15.536459] EXT3-fs (mmcblk0p1): using internal journal
[   15.541679] EXT3-fs (mmcblk0p1): recovery complete
[   15.546473] EXT3-fs (mmcblk0p1): mounted filesystem with writeback data mode
[   15.553555] VFS: Mounted root (ext3 filesystem) on device 179:1.
[   15.561034] devtmpfs: mounted
[   15.564262] Freeing unused kernel memory: 224K (c07a6000 - c07de000)
bash: cannot set terminal process group (-1): Inappropriate ioctl for device
bash: no job control in this shell
I have no name!@(none):/# 