Diff for ./qemu-vexpress64/__internal/defconfig_log.txt
--- /tmp/fooa	2017-06-27 06:54:32.548405138 -0700
+++ /tmp/foob	2017-06-27 06:54:32.552405154 -0700
@@ -1,5 +1,5 @@
 Booting Linux on physical CPU 0x0
-Linux version 4.12.0-rc6-next-20170623-300410-ga734687 (jonathanh@tamien) (gcc version 4.9.2 20140904 (prerelease) (crosstool-NG linaro-1.13.1-4.9-2014.09 - Linaro GCC 4.9-2014.09)) #1 SMP PREEMPT Tue Jun 27 05:07:04 PDT 2017
+Linux version 4.12.0-rc6-next-20170626-300861-g875cf09 (jonathanh@tamien) (gcc version 4.9.2 20140904 (prerelease) (crosstool-NG linaro-1.13.1-4.9-2014.09 - Linaro GCC 4.9-2014.09)) #1 SMP PREEMPT Tue Jun 27 06:52:39 PDT 2017
 Boot CPU: AArch64 Processor [411fd070]
 Machine model: linux,dummy-virt
 Memory limited to 1024MB
@@ -30,15 +30,15 @@
 Policy zone: DMA
 Kernel command line: root=/dev/vda2 rw rootwait mem=1024M console=ttyAMA0,38400n8 init=/bin/bash
 PID hash table entries: 4096 (order: 3, 32768 bytes)
-Memory: 999524K/1048576K available (8956K kernel code, 1110K rwdata, 4348K rodata, 1088K init, 396K bss, 32668K reserved, 16384K cma-reserved)
+Memory: 999444K/1048576K available (9020K kernel code, 1118K rwdata, 4388K rodata, 1088K init, 401K bss, 32748K reserved, 16384K cma-reserved)
 Virtual kernel memory layout:
     modules : 0xffff000000000000 - 0xffff000008000000   (   128 MB)
     vmalloc : 0xffff000008000000 - 0xffff7dffbfff0000   (129022 GB)
-      .text : 0xffff000008080000 - 0xffff000008940000   (  8960 KB)
-    .rodata : 0xffff000008940000 - 0xffff000008d90000   (  4416 KB)
-      .init : 0xffff000008d90000 - 0xffff000008ea0000   (  1088 KB)
-      .data : 0xffff000008ea0000 - 0xffff000008fb5a00   (  1111 KB)
-       .bss : 0xffff000008fb5a00 - 0xffff000009018a70   (   397 KB)
+      .text : 0xffff000008080000 - 0xffff000008950000   (  9024 KB)
+    .rodata : 0xffff000008950000 - 0xffff000008da0000   (  4416 KB)
+      .init : 0xffff000008da0000 - 0xffff000008eb0000   (  1088 KB)
+      .data : 0xffff000008eb0000 - 0xffff000008fc7a00   (  1119 KB)
+       .bss : 0xffff000008fc7a00 - 0xffff00000902c070   (   402 KB)
     fixed   : 0xffff7dfffe7fd000 - 0xffff7dfffec00000   (  4108 KB)
     PCI I/O : 0xffff7dfffee00000 - 0xffff7dffffe00000   (    16 MB)
     vmemmap : 0xffff7e0000000000 - 0xffff800000000000   (  2048 GB maximum)
@@ -81,7 +81,7 @@
 DMI not present or invalid.
 NET: Registered protocol family 16
 cpuidle: using governor menu
-vdso: 2 pages (1 code @ ffff000008946000, 1 data @ ffff000008ea5000)
+vdso: 2 pages (1 code @ ffff000008956000, 1 data @ ffff000008eb5000)
 hw-breakpoint: found 6 breakpoint and 4 watchpoint registers.
 DMA: preallocated 256 KiB pool for atomic allocations
 Serial: AMBA PL011 UART driver
@@ -98,6 +98,7 @@
 pps_core: LinuxPPS API ver. 1 registered
 pps_core: Software ver. 5.3.6 - Copyright 2005-2007 Rodolfo Giometti <giometti@linux.it>
 PTP clock support registered
+EDAC MC: Ver: 3.0.0
 dmi: Firmware registration failed.
 Advanced Linux Sound Architecture Driver Initialized.
 clocksource: Switched to clocksource arch_sys_counter
@@ -117,7 +118,7 @@
 RPC: Registered tcp NFSv4.1 backchannel transport module.
 kvm [1]: HYP mode not available
 audit: initializing netlink subsys (disabled)
-audit: type=2000 audit(0.802:1): state=initialized audit_enabled=0 res=1
+audit: type=2000 audit(0.716:1): state=initialized audit_enabled=0 res=1
 workingset: timestamp_bits=44 max_order=18 bucket_order=0
 squashfs: version 4.0 (2009/01/31) Phillip Lougher
 NFS: Registering the id_resolver key type
@@ -184,7 +185,7 @@
 Key type dns_resolver registered
 registered taskstats version 1
 input: gpio-keys as /devices/platform/gpio-keys/input/input0
-rtc-pl031 9010000.pl031: setting system clock to 2017-06-27 12:08:28 UTC (1498565308)
+rtc-pl031 9010000.pl031: setting system clock to 2017-06-27 13:53:31 UTC (1498571611)
 ALSA device list:
   No soundcards found.
 uart-pl011 9000000.pl011: no DMA platform data
Diff for ./tegra114-dalmore-a04/tegra114-dalmore/multi_v7_defconfig_log.txt
--- /tmp/fooa	2017-06-27 06:54:32.572405237 -0700
+++ /tmp/foob	2017-06-27 06:54:32.572405237 -0700
@@ -14,7 +14,7 @@
 Err:   serial
 Net:   Net Initialization Skipped
 No ethernet found.
-Hit any key to stop autoboot:  2  0 
+Hit any key to stop autoboot:  2  1  0 
 Tegra114 (Dalmore) # 
 Tegra114 (Dalmore) # usb reset
 (Re)start USB...
@@ -40,20 +40,20 @@
 	 #################################################################
 	 #################################################################
 	 ########################
-	 3.4 MiB/s
+	 3 MiB/s
 done
-Bytes transferred = 7983016 (79cfa8 hex)
+Bytes transferred = 7985008 (79d770 hex)
 Tegra114 (Dalmore) # tftpboot 0x82000000 tegra114-dalmore.dtb
 Using asx0 device
 TFTP from server 192.168.100.1; our IP address is 192.168.100.100
 Filename 'tegra114-dalmore.dtb'.
 Load address: 0x82000000
 Loading: *###
-	 3.3 MiB/s
+	 2.8 MiB/s
 done
 Bytes transferred = 35044 (88e4 hex)
 Tegra114 (Dalmore) # bootz 0x81000000 - 0x82000000
-Kernel image @ 0x81000000 [ 0x000000 - 0x79cfa8 ]
+Kernel image @ 0x81000000 [ 0x000000 - 0x79d770 ]
 ## Flattened Device Tree blob at 82000000
    Booting using the fdt blob at 0x82000000
    Loading Device Tree to 8fff4000, end 8ffff8e3 ... OK
@@ -61,7 +61,7 @@
 Starting kernel ...
 
 Booting Linux on physical CPU 0x0
-Linux version 4.12.0-rc6-next-20170623-182169-ga734687 (jonathanh@sellafield) (gcc version 4.7.3 20130328 (prerelease) (crosstool-NG linaro-1.13.1-4.7-2013.04-20130415 - Linaro GCC 2013.04)) #1 SMP Tue Jun 27 04:58:28 PDT 2017
+Linux version 4.12.0-rc6-next-20170626-182620-g875cf09 (jonathanh@sellafield) (gcc version 4.7.3 20130328 (prerelease) (crosstool-NG linaro-1.13.1-4.7-2013.04-20130415 - Linaro GCC 2013.04)) #1 SMP Tue Jun 27 06:48:25 PDT 2017
 CPU: ARMv7 Processor [412fc0f2] revision 2 (ARMv7), cr=10c5387d
 CPU: div instructions available: patching division code
 CPU: PIPT / VIPT nonaliasing data cache, PIPT instruction cache
@@ -85,7 +85,7 @@
 PID hash table entries: 4096 (order: 2, 16384 bytes)
 Dentry cache hash table entries: 131072 (order: 7, 524288 bytes)
 Inode-cache hash table entries: 65536 (order: 6, 262144 bytes)
-Memory: 1993552K/2096128K available (10240K kernel code, 1560K rwdata, 4436K rodata, 2048K init, 401K bss, 37040K reserved, 65536K cma-reserved, 1244160K highmem)
+Memory: 1993552K/2096128K available (10240K kernel code, 1560K rwdata, 4440K rodata, 2048K init, 401K bss, 37040K reserved, 65536K cma-reserved, 1244160K highmem)
 Virtual kernel memory layout:
     vector  : 0xffff0000 - 0xffff1000   (   4 kB)
     fixmap  : 0xffc00000 - 0xfff00000   (3072 kB)
@@ -95,8 +95,8 @@
     modules : 0xbf000000 - 0xbfe00000   (  14 MB)
       .text : 0xc0208000 - 0xc0d00000   (11232 kB)
       .init : 0xc1200000 - 0xc1400000   (2048 kB)
-      .data : 0xc1400000 - 0xc15861e8   (1561 kB)
-       .bss : 0xc158fcd4 - 0xc15f433c   ( 402 kB)
+      .data : 0xc1400000 - 0xc1586248   (1561 kB)
+       .bss : 0xc158fce0 - 0xc15f443c   ( 402 kB)
 SLUB: HWalign=64, Order=0-3, MinObjects=0, CPUs=4, Nodes=1
 Hierarchical RCU implementation.
 	RCU event tracing is enabled.
@@ -320,18 +320,18 @@
  mmcblk0: p1 p2 p3
 tegra-ehci 7d008000.usb: EHCI Host Controller
 tegra-ehci 7d008000.usb: new USB bus registered, assigned bus number 1
+tegra-ehci 7d008000.usb: irq 339, io mem 0x7d008000
 mmc1: new high speed MMC card at address 0001
 mmcblk1: mmc1:0001 SEM32G 29.1 GiB 
 mmcblk1boot0: mmc1:0001 SEM32G partition 1 4.00 MiB
 mmcblk1boot1: mmc1:0001 SEM32G partition 2 4.00 MiB
 mmcblk1rpmb: mmc1:0001 SEM32G partition 3 4.00 MiB
  mmcblk1: p1 p2 p3 p4 p5 p6 p7 p8
-tegra-ehci 7d008000.usb: irq 339, io mem 0x7d008000
 tegra-ehci 7d008000.usb: USB 2.0 started, EHCI 1.10
 hub 1-0:1.0: USB hub found
 hub 1-0:1.0: 1 port detected
 input: gpio-keys as /devices/soc0/gpio-keys/input/input0
-palmas-rtc 7000d000.i2c:tps65913@58:rtc: setting system clock to 2001-04-20 23:36:38 UTC (987809798)
+palmas-rtc 7000d000.i2c:tps65913@58:rtc: setting system clock to 2001-04-21 01:26:35 UTC (987816395)
 vdd_hdmi_5v0: disabling
 dvdd_ts: disabling
 usb1_vbus: disabling
@@ -345,4 +345,4 @@
 Freeing unused kernel memory: 2048K
 bash: cannot set terminal process group (-1): Inappropriate ioctl for device
 bash: no job control in this shell
-root@(none):/# [    2.449365] usb 1-1: new high-speed USB device number 2 using tegra-ehci
+root@(none):/# [    2.449266] usb 1-1: new high-speed USB device number 2 using tegra-ehci
Diff for ./tegra114-dalmore-a04/tegra114-dalmore/tegra_defconfig_log.txt
--- /tmp/fooa	2017-06-27 06:54:32.580405270 -0700
+++ /tmp/foob	2017-06-27 06:54:32.580405270 -0700
@@ -40,18 +40,18 @@
 	 #############################
 	 3.1 MiB/s
 done
-Bytes transferred = 6142976 (5dbc00 hex)
+Bytes transferred = 6143240 (5dbd08 hex)
 Tegra114 (Dalmore) # tftpboot 0x82000000 tegra114-dalmore.dtb
 Using asx0 device
 TFTP from server 192.168.100.1; our IP address is 192.168.100.100
 Filename 'tegra114-dalmore.dtb'.
 Load address: 0x82000000
 Loading: *###
-	 2.8 MiB/s
+	 3 MiB/s
 done
 Bytes transferred = 35044 (88e4 hex)
 Tegra114 (Dalmore) # bootz 0x81000000 - 0x82000000
-Kernel image @ 0x81000000 [ 0x000000 - 0x5dbc00 ]
+Kernel image @ 0x81000000 [ 0x000000 - 0x5dbd08 ]
 ## Flattened Device Tree blob at 82000000
    Booting using the fdt blob at 0x82000000
    Loading Device Tree to 8fff4000, end 8ffff8e3 ... OK
@@ -60,7 +60,7 @@
 
 Uncompressing Linux... done, booting the kernel.
 Booting Linux on physical CPU 0x0
-Linux version 4.12.0-rc6-next-20170623-182169-ga734687 (jonathanh@kaivo) (gcc version 4.7.3 20130328 (prerelease) (crosstool-NG linaro-1.13.1-4.7-2013.04-20130415 - Linaro GCC 2013.04)) #1 SMP PREEMPT Tue Jun 27 04:58:47 PDT 2017
+Linux version 4.12.0-rc6-next-20170626-182620-g875cf09 (jonathanh@kaivo) (gcc version 4.7.3 20130328 (prerelease) (crosstool-NG linaro-1.13.1-4.7-2013.04-20130415 - Linaro GCC 2013.04)) #1 SMP PREEMPT Tue Jun 27 06:48:43 PDT 2017
 CPU: ARMv7 Processor [412fc0f2] revision 2 (ARMv7), cr=10c5387d
 CPU: div instructions available: patching division code
 CPU: PIPT / VIPT nonaliasing data cache, PIPT instruction cache
@@ -70,7 +70,7 @@
 Memory policy: Data cache writealloc
 cma: Reserved 64 MiB at 0xfbc00000
 On node 0 totalpages: 524032
-free_area_init_node: node 0, pgdat c0eae4c0, node_mem_map eeff7000
+free_area_init_node: node 0, pgdat c0eae800, node_mem_map eeff7000
   Normal zone: 1536 pages used for memmap
   Normal zone: 0 pages reserved
   Normal zone: 196608 pages, LIFO batch:31
@@ -83,7 +83,7 @@
 PID hash table entries: 4096 (order: 2, 16384 bytes)
 Dentry cache hash table entries: 131072 (order: 7, 524288 bytes)
 Inode-cache hash table entries: 65536 (order: 6, 262144 bytes)
-Memory: 1998568K/2096128K available (9216K kernel code, 738K rwdata, 2720K rodata, 1024K init, 299K bss, 32024K reserved, 65536K cma-reserved, 1244160K highmem)
+Memory: 1998568K/2096128K available (9216K kernel code, 739K rwdata, 2720K rodata, 1024K init, 299K bss, 32024K reserved, 65536K cma-reserved, 1244160K highmem)
 Virtual kernel memory layout:
     vector  : 0xffff0000 - 0xffff1000   (   4 kB)
     fixmap  : 0xffc00000 - 0xfff00000   (3072 kB)
@@ -93,8 +93,8 @@
     modules : 0xbf000000 - 0xbfe00000   (  14 MB)
       .text : 0xc0008000 - 0xc0a00000   (10208 kB)
       .init : 0xc0d00000 - 0xc0e00000   (1024 kB)
-      .data : 0xc0e00000 - 0xc0eb8ba8   ( 739 kB)
-       .bss : 0xc0ec264c - 0xc0f0d43c   ( 300 kB)
+      .data : 0xc0e00000 - 0xc0eb8f50   ( 740 kB)
+       .bss : 0xc0ec2658 - 0xc0f0d43c   ( 300 kB)
 Preemptible hierarchical RCU implementation.
 	Tasks RCU enabled.
 NR_IRQS: 16, nr_irqs: 16, preallocated irqs: 16
@@ -323,7 +323,7 @@
 hub 1-0:1.0: USB hub found
 hub 1-0:1.0: 1 port detected
 input: gpio-keys as /devices/soc0/gpio-keys/input/input1
-palmas-rtc 7000d000.i2c:tps65913@58:rtc: setting system clock to 2001-04-20 23:39:11 UTC (987809951)
+palmas-rtc 7000d000.i2c:tps65913@58:rtc: setting system clock to 2001-04-21 01:29:09 UTC (987816549)
 vdd_hdmi_5v0: disabling
 dvdd_ts: disabling
 usb1_vbus: disabling
@@ -339,4 +339,4 @@
 Freeing unused kernel memory: 1024K
 bash: cannot set terminal process group (-1): Inappropriate ioctl for device
 bash: no job control in this shell
-root@(none):/# [    2.657984] usb 1-1: new high-speed USB device number 2 using tegra-ehci
+root@(none):/# [    2.666863] usb 1-1: new high-speed USB device number 2 using tegra-ehci
Diff for ./tegra124-jetson-tk1/tegra124-jetson-tk1/multi_v7_defconfig_log.txt
--- /tmp/fooa	2017-06-27 06:54:32.584405287 -0700
+++ /tmp/foob	2017-06-27 06:54:32.588405304 -0700
@@ -37,18 +37,18 @@
 	 ########################
 	 4 MiB/s
 done
-Bytes transferred = 7983016 (79cfa8 hex)
+Bytes transferred = 7985008 (79d770 hex)
 Tegra124 (Jetson TK1) # tftpboot 0x83000000 tegra124-jetson-tk1.dtb
 Using eth_rtl8169 device
 TFTP from server 192.168.100.1; our IP address is 192.168.100.102
 Filename 'tegra124-jetson-tk1.dtb'.
 Load address: 0x83000000
 Loading: *#####
-	 3.8 MiB/s
+	 3.6 MiB/s
 done
 Bytes transferred = 67161 (10659 hex)
 Tegra124 (Jetson TK1) # bootz 0x82000000 - 0x83000000
-Kernel image @ 0x82000000 [ 0x000000 - 0x79cfa8 ]
+Kernel image @ 0x82000000 [ 0x000000 - 0x79d770 ]
 ## Flattened Device Tree blob at 83000000
    Booting using the fdt blob at 0x83000000
    Using Device Tree in place at 83000000, end 83013658
@@ -56,7 +56,7 @@
 Starting kernel ...
 
 Booting Linux on physical CPU 0x0
-Linux version 4.12.0-rc6-next-20170623-182169-ga734687 (jonathanh@sellafield) (gcc version 4.7.3 20130328 (prerelease) (crosstool-NG linaro-1.13.1-4.7-2013.04-20130415 - Linaro GCC 2013.04)) #1 SMP Tue Jun 27 04:58:28 PDT 2017
+Linux version 4.12.0-rc6-next-20170626-182620-g875cf09 (jonathanh@sellafield) (gcc version 4.7.3 20130328 (prerelease) (crosstool-NG linaro-1.13.1-4.7-2013.04-20130415 - Linaro GCC 2013.04)) #1 SMP Tue Jun 27 06:48:25 PDT 2017
 CPU: ARMv7 Processor [413fc0f3] revision 3 (ARMv7), cr=10c5387d
 CPU: div instructions available: patching division code
 CPU: PIPT / VIPT nonaliasing data cache, PIPT instruction cache
@@ -80,7 +80,7 @@
 PID hash table entries: 4096 (order: 2, 16384 bytes)
 Dentry cache hash table entries: 131072 (order: 7, 524288 bytes)
 Inode-cache hash table entries: 65536 (order: 6, 262144 bytes)
-Memory: 1993428K/2096128K available (10240K kernel code, 1560K rwdata, 4436K rodata, 2048K init, 401K bss, 37164K reserved, 65536K cma-reserved, 1244160K highmem)
+Memory: 1993428K/2096128K available (10240K kernel code, 1560K rwdata, 4440K rodata, 2048K init, 401K bss, 37164K reserved, 65536K cma-reserved, 1244160K highmem)
 Virtual kernel memory layout:
     vector  : 0xffff0000 - 0xffff1000   (   4 kB)
     fixmap  : 0xffc00000 - 0xfff00000   (3072 kB)
@@ -90,8 +90,8 @@
     modules : 0xbf000000 - 0xbfe00000   (  14 MB)
       .text : 0xc0208000 - 0xc0d00000   (11232 kB)
       .init : 0xc1200000 - 0xc1400000   (2048 kB)
-      .data : 0xc1400000 - 0xc15861e8   (1561 kB)
-       .bss : 0xc158fcd4 - 0xc15f433c   ( 402 kB)
+      .data : 0xc1400000 - 0xc1586248   (1561 kB)
+       .bss : 0xc158fce0 - 0xc15f443c   ( 402 kB)
 SLUB: HWalign=64, Order=0-3, MinObjects=0, CPUs=4, Nodes=1
 Hierarchical RCU implementation.
 	RCU event tracing is enabled.
@@ -318,11 +318,16 @@
 +5V_SATA: supplied by +5V_SYS
 +12V_SATA: supplied by +VDD_MUX
  usb2-0: usb2-0 supply vbus not found, using dummy regulator
+mmc0: new high speed MMC card at address 0001
+mmcblk0: mmc0:0001 SEM16G 14.7 GiB 
+mmcblk0boot0: mmc0:0001 SEM16G partition 1 4.00 MiB
+mmcblk0boot1: mmc0:0001 SEM16G partition 2 4.00 MiB
+mmcblk0rpmb: mmc0:0001 SEM16G partition 3 4.00 MiB
+ mmcblk0: p1
  usb2-1: usb2-1 supply vbus not found, using dummy regulator
  usb3-0: usb3-0 supply vbus not found, using dummy regulator
 tegra-pcie 1003000.pcie: 2x1, 1x1 configuration
 tegra-pcie 1003000.pcie: Failed to get supply 'avddio-pex': -517
-mmc0: new high speed MMC card at address 0001
 tegra124-dfll 70110000.clock: couldn't get vdd_cpu regulator
 tegra-hdmi 54280000.hdmi: failed to get PLL regulator
 as3722-sd2: supplied by +5V_SYS
@@ -380,6 +385,7 @@
 pci_bus 0000:00: 2-byte config write to 0000:00:01.0 offset 0x4c may corrupt adjacent RW1C bits
 pci 0000:00:02.0: [10de:0e13] type 01 class 0x060400
 pci_bus 0000:00: 2-byte config write to 0000:00:02.0 offset 0x4 may corrupt adjacent RW1C bits
+ata1: SATA link down (SStatus 0 SControl 300)
 pci_bus 0000:00: 2-byte config write to 0000:00:02.0 offset 0x4 may corrupt adjacent RW1C bits
 pci_bus 0000:00: 2-byte config write to 0000:00:02.0 offset 0x88 may corrupt adjacent RW1C bits
 pci_bus 0000:00: 2-byte config write to 0000:00:02.0 offset 0x52 may corrupt adjacent RW1C bits
@@ -391,6 +397,8 @@
 pci 0000:01:00.0: [8086:4232] type 00 class 0x028000
 pci 0000:01:00.0: reg 0x10: [mem 0x00000000-0x00001fff 64bit]
 pci 0000:01:00.0: PME# supported from D0 D3hot D3cold
+mmc1: new high speed SDHC card at address aaaa
+mmcblk1: mmc1:aaaa SD04G 3.69 GiB 
 PCI: bus1: Fast back to back transfers disabled
 pci_bus 0000:01: busn_res: [bus 01-ff] end is updated to 01
 pci 0000:02:00.0: [10ec:8168] type 00 class 0x020000
@@ -399,6 +407,8 @@
 pci 0000:02:00.0: reg 0x20: [mem 0x00000000-0x00003fff 64bit pref]
 pci 0000:02:00.0: supports D1 D2
 pci 0000:02:00.0: PME# supported from D0 D1 D2 D3hot D3cold
+mmcblk1: error -5 sending stop command, original cmd response 0x900, card status 0x900
+mmcblk1: error -5 transferring data, sector 7744504, nr 8, cmd response 0x900, card status 0x80000b00
 PCI: bus2: Fast back to back transfers disabled
 pci_bus 0000:02: busn_res: [bus 02-ff] end is updated to 02
 pci 0000:00:01.0: BAR 8: assigned [mem 0x13000000-0x130fffff]
@@ -415,6 +425,9 @@
 pci 0000:00:02.0:   bridge window [io  0x1000-0x1fff]
 pci 0000:00:02.0:   bridge window [mem 0x13100000-0x131fffff]
 pci 0000:00:02.0:   bridge window [mem 0x20000000-0x200fffff 64bit pref]
+mmcblk1: error -5 sending stop command, original cmd response 0x900, card status 0x900
+mmcblk1: error -5 transferring data, sector 7744504, nr 8, cmd response 0x900, card status 0x80000b00
+mmcblk1: retrying using single block read
 pci 0000:00:01.0: nv_msi_ht_cap_quirk didn't locate host bridge
 pcieport 0000:00:01.0: enabling device (0140 -> 0142)
 pcieport 0000:00:01.0: Signaling PME with IRQ 393
@@ -423,14 +436,15 @@
 pcieport 0000:00:02.0: Signaling PME with IRQ 394
 r8169 Gigabit Ethernet driver 2.3LK-NAPI loaded
 r8169 0000:02:00.0: enabling device (0140 -> 0143)
-r8169 0000:02:00.0 eth0: RTL8168g/8111g at 0xf0b5f000, 00:04:4b:3a:d9:81, XID 0c000800 IRQ 395
+ mmcblk1: p1 p2 p3
+r8169 0000:02:00.0 eth0: RTL8168g/8111g at 0xf0b72000, 00:04:4b:3a:d9:81, XID 0c000800 IRQ 395
 r8169 0000:02:00.0 eth0: jumbo features [frames: 9200 bytes, tx checksumming: ko]
 +1.05V_RUN_AVDD_HDMI_PLL: supplied by +1.05V_RUN
 of: dev_pm_opp_of_cpumask_add_table: couldn't find opp table for cpu:0, -19
 cpufreq: cpufreq_online: CPU0: Running at unlisted freq: 696000 KHz
 cpufreq: cpufreq_online: CPU0: Unlisted initial frequency changed to: 714000 KHz
 input: gpio-keys as /devices/soc0/gpio-keys/input/input0
-as3722-rtc as3722-rtc: setting system clock to 2000-01-01 00:00:13 UTC (946684813)
+as3722-rtc as3722-rtc: setting system clock to 2000-01-01 00:01:59 UTC (946684919)
 +3.3V_AVDD_HDMI_AP_GATED: disabling
 +USB0_VBUS_SW: disabling
 +1.05V_RUN_AVDD_HDMI_PLL: disabling
@@ -442,21 +456,10 @@
 +3.3V_RUN_TOUCH: disabling
 +2.8V_RUN_CAM_AF: disabling
 +1.8V_RUN_VPP_FUSE: disabling
-ata1: SATA link down (SStatus 0 SControl 300)
-mmc1: new high speed SDHC card at address aaaa
-mmcblk1: mmc1:aaaa SD04G 3.69 GiB 
-mmcblk1: error -5 sending stop command, original cmd response 0x900, card status 0x900
-mmcblk1: error -5 transferring data, sector 7744504, nr 8, cmd response 0x900, card status 0x80000b00
- mmcblk1: p1 p2 p3
-[01 SEM16G 14.7 GiB 
-mmcblk0boot0: mmc0:0001 SEM16G partition 1 4.00 MiB
-mmcblk0boot1: mmc0:0001 SEM16G partition 2 4.00 MiB
-mmcblk0rpmb: mmc0:0001 SEM16G partition 3 4.00 MiB
- mmcblk0: p1
 EXT4-fs (mmcblk0p1): mounting ext3 file system using the ext4 subsystem
 EXT4-fs (mmcblk0p1): recovery complete
 EXT4-fs (mmcblk0p1): mounted filesystem with ordered data mode. Opts: (null)
-VFS: Mounted root (ext3 filesystem) on device 179:17.
+VFS: Mounted root (ext3 filesystem) on device 179:1.
 devtmpfs: mounted
 Freeing unused kernel memory: 2048K
 bash: cannot set terminal process group (-1): Inappropriate ioctl for device
Diff for ./tegra124-jetson-tk1/tegra124-jetson-tk1/tegra_defconfig_log.txt
--- /tmp/fooa	2017-06-27 06:54:32.596405336 -0700
+++ /tmp/foob	2017-06-27 06:54:32.600405354 -0700
@@ -33,20 +33,20 @@
 	 #################################################################
 	 #################################################################
 	 #############################
-	 945.3 KiB/s
+	 4 MiB/s
 done
-Bytes transferred = 6142976 (5dbc00 hex)
+Bytes transferred = 6143240 (5dbd08 hex)
 Tegra124 (Jetson TK1) # tftpboot 0x83000000 tegra124-jetson-tk1.dtb
 Using eth_rtl8169 device
 TFTP from server 192.168.100.1; our IP address is 192.168.100.102
 Filename 'tegra124-jetson-tk1.dtb'.
 Load address: 0x83000000
 Loading: *#####
-	 936.5 KiB/s
+	 3.8 MiB/s
 done
 Bytes transferred = 67161 (10659 hex)
 Tegra124 (Jetson TK1) # bootz 0x82000000 - 0x83000000
-Kernel image @ 0x82000000 [ 0x000000 - 0x5dbc00 ]
+Kernel image @ 0x82000000 [ 0x000000 - 0x5dbd08 ]
 ## Flattened Device Tree blob at 83000000
    Booting using the fdt blob at 0x83000000
    Using Device Tree in place at 83000000, end 83013658
@@ -55,7 +55,7 @@
 
 Uncompressing Linux... done, booting the kernel.
 Booting Linux on physical CPU 0x0
-Linux version 4.12.0-rc6-next-20170623-182169-ga734687 (jonathanh@kaivo) (gcc version 4.7.3 20130328 (prerelease) (crosstool-NG linaro-1.13.1-4.7-2013.04-20130415 - Linaro GCC 2013.04)) #1 SMP PREEMPT Tue Jun 27 04:58:47 PDT 2017
+Linux version 4.12.0-rc6-next-20170626-182620-g875cf09 (jonathanh@kaivo) (gcc version 4.7.3 20130328 (prerelease) (crosstool-NG linaro-1.13.1-4.7-2013.04-20130415 - Linaro GCC 2013.04)) #1 SMP PREEMPT Tue Jun 27 06:48:43 PDT 2017
 CPU: ARMv7 Processor [413fc0f3] revision 3 (ARMv7), cr=10c5387d
 CPU: div instructions available: patching division code
 CPU: PIPT / VIPT nonaliasing data cache, PIPT instruction cache
@@ -65,7 +65,7 @@
 Memory policy: Data cache writealloc
 cma: Reserved 64 MiB at 0xfbc00000
 On node 0 totalpages: 524032
-free_area_init_node: node 0, pgdat c0eae4c0, node_mem_map eeff7000
+free_area_init_node: node 0, pgdat c0eae800, node_mem_map eeff7000
   Normal zone: 1536 pages used for memmap
   Normal zone: 0 pages reserved
   Normal zone: 196608 pages, LIFO batch:31
@@ -78,7 +78,7 @@
 PID hash table entries: 4096 (order: 2, 16384 bytes)
 Dentry cache hash table entries: 131072 (order: 7, 524288 bytes)
 Inode-cache hash table entries: 65536 (order: 6, 262144 bytes)
-Memory: 1998444K/2096128K available (9216K kernel code, 738K rwdata, 2720K rodata, 1024K init, 299K bss, 32148K reserved, 65536K cma-reserved, 1244160K highmem)
+Memory: 1998444K/2096128K available (9216K kernel code, 739K rwdata, 2720K rodata, 1024K init, 299K bss, 32148K reserved, 65536K cma-reserved, 1244160K highmem)
 Virtual kernel memory layout:
     vector  : 0xffff0000 - 0xffff1000   (   4 kB)
     fixmap  : 0xffc00000 - 0xfff00000   (3072 kB)
@@ -88,8 +88,8 @@
     modules : 0xbf000000 - 0xbfe00000   (  14 MB)
       .text : 0xc0008000 - 0xc0a00000   (10208 kB)
       .init : 0xc0d00000 - 0xc0e00000   (1024 kB)
-      .data : 0xc0e00000 - 0xc0eb8ba8   ( 739 kB)
-       .bss : 0xc0ec264c - 0xc0f0d43c   ( 300 kB)
+      .data : 0xc0e00000 - 0xc0eb8f50   ( 740 kB)
+       .bss : 0xc0ec2658 - 0xc0f0d43c   ( 300 kB)
 Preemptible hierarchical RCU implementation.
 	Tasks RCU enabled.
 NR_IRQS: 16, nr_irqs: 16, preallocated irqs: 16
@@ -443,12 +443,14 @@
 mmcblk1: retrying using single block read
 r8169 0000:02:00.0 eth0: RTL8168g/8111g at 0xf0c01000, 00:04:4b:3a:d9:81, XID 0c000800 IRQ 395
 r8169 0000:02:00.0 eth0: jumbo features [frames: 9200 bytes, tx checksumming: ko]
+mmcblk1: error -5 sending stop command, original cmd response 0x900, card status 0x900
+mmcblk1: error -5 transferring data, sector 7744480, nr 8, cmd response 0x900, card status 0x80000b00
 +1.05V_RUN_AVDD_HDMI_PLL: supplied by +1.05V_RUN
 of: dev_pm_opp_of_cpumask_add_table: couldn't find opp table for cpu:0, -19
 cpufreq: cpufreq_online: CPU0: Running at unlisted freq: 696000 KHz
 cpufreq: cpufreq_online: CPU0: Unlisted initial frequency changed to: 714000 KHz
 input: gpio-keys as /devices/soc0/gpio-keys/input/input2
-as3722-rtc as3722-rtc: setting system clock to 2000-01-01 00:01:30 UTC (946684890)
+as3722-rtc as3722-rtc: setting system clock to 2000-01-01 00:00:13 UTC (946684813)
 +3.3V_AVDD_HDMI_AP_GATED: disabling
 +USB0_VBUS_SW: disabling
 +1.05V_RUN_AVDD_HDMI_PLL: disabling
Diff for ./tegra124-nyan-big/tegra124-nyan-big/multi_v7_defconfig_log.txt
--- /tmp/fooa	2017-06-27 06:54:32.604405370 -0700
+++ /tmp/foob	2017-06-27 06:54:32.608405387 -0700
@@ -5,7 +5,7 @@
 TEGRA124
 Model: Acer Chromebook 13 CB5-311
 DRAM:  4 GiB
-C:   Tegra SD/MMC: 0, Tegra SD/MMC: 1, Tegra SD/MMC: 2
+:   Tegra SD/MMC: 0, Tegra SD/MMC: 1, Tegra SD/MMC: 2
 MMC init failed
 Using default environment
 
@@ -14,7 +14,7 @@
 Err:   serial
 Net:   Net Initialization Skipped
 No ethernet found.
-Hit any key to stop autoboot:  2  0 
+Hit any key to stop autoboot:  2  1  0 
 Tegra124 (Nyan-big) # 
 Tegra124 (Nyan-big) # usb start
 starting USB...
@@ -45,7 +45,7 @@
 	 ########################
 	 3.5 MiB/s
 done
-Bytes transferred = 7983016 (79cfa8 hex)
+Bytes transferred = 7985008 (79d770 hex)
 Tegra124 (Nyan-big) # tftpboot 0x83000000 tegra124-nyan-big.dtb
 Using asx0 device
 TFTP from server 192.168.100.1; our IP address is 192.168.100.102
@@ -56,7 +56,7 @@
 done
 Bytes transferred = 68183 (10a57 hex)
 Tegra124 (Nyan-big) # bootz 0x82000000 - 0x83000000
-Kernel image @ 0x82000000 [ 0x000000 - 0x79cfa8 ]
+Kernel image @ 0x82000000 [ 0x000000 - 0x79d770 ]
 ## Flattened Device Tree blob at 83000000
    Booting using the fdt blob at 0x83000000
    Using Device Tree in place at 83000000, end 83013a56
@@ -64,7 +64,7 @@
 Starting kernel ...
 
 Booting Linux on physical CPU 0x0
-Linux version 4.12.0-rc6-next-20170623-182169-ga734687 (jonathanh@sellafield) (gcc version 4.7.3 20130328 (prerelease) (crosstool-NG linaro-1.13.1-4.7-2013.04-20130415 - Linaro GCC 2013.04)) #1 SMP Tue Jun 27 04:58:28 PDT 2017
+Linux version 4.12.0-rc6-next-20170626-182620-g875cf09 (jonathanh@sellafield) (gcc version 4.7.3 20130328 (prerelease) (crosstool-NG linaro-1.13.1-4.7-2013.04-20130415 - Linaro GCC 2013.04)) #1 SMP Tue Jun 27 06:48:25 PDT 2017
 CPU: ARMv7 Processor [413fc0f3] revision 3 (ARMv7), cr=10c5387d
 CPU: div instructions available: patching division code
 CPU: PIPT / VIPT nonaliasing data cache, PIPT instruction cache
@@ -89,7 +89,7 @@
 PID hash table entries: 4096 (order: 2, 16384 bytes)
 Dentry cache hash table entries: 131072 (order: 7, 524288 bytes)
 Inode-cache hash table entries: 65536 (order: 6, 262144 bytes)
-Memory: 1994448K/2097148K available (10240K kernel code, 1560K rwdata, 4436K rodata, 2048K init, 401K bss, 37164K reserved, 65536K cma-reserved, 1245180K highmem)
+Memory: 1994448K/2097148K available (10240K kernel code, 1560K rwdata, 4440K rodata, 2048K init, 401K bss, 37164K reserved, 65536K cma-reserved, 1245180K highmem)
 Virtual kernel memory layout:
     vector  : 0xffff0000 - 0xffff1000   (   4 kB)
     fixmap  : 0xffc00000 - 0xfff00000   (3072 kB)
@@ -99,8 +99,8 @@
     modules : 0xbf000000 - 0xbfe00000   (  14 MB)
       .text : 0xc0208000 - 0xc0d00000   (11232 kB)
       .init : 0xc1200000 - 0xc1400000   (2048 kB)
-      .data : 0xc1400000 - 0xc15861e8   (1561 kB)
-       .bss : 0xc158fcd4 - 0xc15f433c   ( 402 kB)
+      .data : 0xc1400000 - 0xc1586248   (1561 kB)
+       .bss : 0xc158fce0 - 0xc15f443c   ( 402 kB)
 SLUB: HWalign=64, Order=0-3, MinObjects=0, CPUs=4, Nodes=1
 Hierarchical RCU implementation.
 	RCU event tracing is enabled.
@@ -299,8 +299,6 @@
 sdhci-tegra 700b0400.sdhci: Got WP GPIO
 mmc0: Unknown controller version (3). You may experience problems.
 mmc0: Invalid maximum block size, assuming 512 bytes
-elan_i2c 1-0015: Elan Touchpad: Module ID: 0x002a, Firmware: 0x0005, Sample: 0x0007, IAP: 0x0009
-input: Elan Touchpad as /devices/soc0/7000c400.i2c/i2c-1/1-0015/input/input0
 mmc0: SDHCI controller on 700b0600.sdhci [700b0600.sdhci] using ADMA
 ledtrig-cpu: registered to indicate activity on CPUs
 usbcore: registered new interface driver usbhid
@@ -319,26 +317,28 @@
 Registering SWP/SWPB emulation handler
 +3.3V_RUN: supplied by +3.3V_SYS
 +VDD_LED: supplied by +VDD_MUX
+elan_i2c 1-0015: Elan Touchpad: Module ID: 0x002a, Firmware: 0x0005, Sample: 0x0007, IAP: 0x0009
+input: Elan Touchpad as /devices/soc0/7000c400.i2c/i2c-1/1-0015/input/input0
 +3.3V_AVDD_HDMI_AP_GATED: supplied by +3.3V_RUN
 +1.8V_RUN_CAM: supplied by +3.3V_RUN
 +VDDIO_SDMMC3: supplied by +3.3V_RUN
 +1.8V_RUN_VPP_FUSE: supplied by +3.3V_RUN
 +5V_VDD_TS_SW: supplied by +5V_SYS
-+5V_USB_HS: supplied by +5V_SYS
-+5V_USB_SS: supplied by +5V_SYS
-+3.3V_PANEL: supplied by +3.3V_RUN
-+3.3V_LP0: supplied by +3.3V_SYS
 mmc0: new high speed MMC card at address 0001
 mmcblk0: mmc0:0001 MMC16G 14.4 GiB 
 mmcblk0boot0: mmc0:0001 MMC16G partition 1 2.00 MiB
 mmcblk0boot1: mmc0:0001 MMC16G partition 2 2.00 MiB
 mmcblk0rpmb: mmc0:0001 MMC16G partition 3 128 KiB
  mmcblk0: p1 p2 p3 p4 p5 p6 p7 p8 p9 p10 p11 p12
++5V_USB_HS: supplied by +5V_SYS
++5V_USB_SS: supplied by +5V_SYS
++3.3V_PANEL: supplied by +3.3V_RUN
++3.3V_LP0: supplied by +3.3V_SYS
 +1.05V_RUN_AVDD_HDMI_PLL: supplied by +1.05V_RUN
+elan_i2c 1-0015: failed to read report data: -121
 +5V_HDMI_CON: supplied by +5V_SYS
  usb3-0: usb3-0 supply vbus not found, using dummy regulator
  usb3-1: usb3-1 supply vbus not found, using dummy regulator
-elan_i2c 1-0015: failed to read report data: -121
 tegra-sor 54540000.sor: failed to probe output: -517
 panel-simple panel: panel supply power not found, using dummy regulator
 sdhci-tegra 700b0000.sdhci: allocated mmc-pwrseq
@@ -346,15 +346,15 @@
 mmc1: Invalid maximum block size, assuming 512 bytes
 mmc1: Switching to 3.3V signalling voltage failed
 mmc1: SDHCI controller on 700b0000.sdhci [700b0000.sdhci] using ADMA
+elan_i2c 1-0015: invalid report id data (ff)
 sdhci-tegra 700b0400.sdhci: Got CD GPIO
 sdhci-tegra 700b0400.sdhci: Got WP GPIO
 mmc2: Unknown controller version (3). You may experience problems.
-elan_i2c 1-0015: invalid report id data (ff)
 mmc2: Invalid maximum block size, assuming 512 bytes
 mmc1: new high speed SDIO card at address 0001
 mmc2: SDHCI controller on 700b0400.sdhci [700b0400.sdhci] using ADMA
 input: gpio-keys as /devices/soc0/gpio-keys/input/input1
-as3722-rtc as3722-rtc: setting system clock to 2000-01-01 03:27:01 UTC (946697221)
+as3722-rtc as3722-rtc: setting system clock to 2000-01-01 05:18:21 UTC (946703901)
 +3.3V_AVDD_HDMI_AP_GATED: disabling
 +1.05V_RUN: disabling
 +1.8V_RUN_CAM: disabling
Diff for ./tegra124-nyan-big/tegra124-nyan-big/tegra_defconfig_log.txt
--- /tmp/fooa	2017-06-27 06:54:32.616405420 -0700
+++ /tmp/foob	2017-06-27 06:54:32.616405420 -0700
@@ -14,7 +14,7 @@
 Err:   serial
 Net:   Net Initialization Skipped
 No ethernet found.
-Hit any key to stop autoboot:  2  0 
+Hit any key to stop autoboot:  2  1  0 
 Tegra124 (Nyan-big) # 
 Tegra124 (Nyan-big) # usb start
 starting USB...
@@ -37,25 +37,24 @@
 Loading: *#################################################################
 	 #################################################################
 	 #################################################################
-	 #############EHCI timed out on TD - token=0x8008d80
-T T ####################################################
+	 #################################################################
 	 #################################################################
 	 #################################################################
 	 #############################
-	 512.7 KiB/s
+	 3.6 MiB/s
 done
-Bytes transferred = 6142976 (5dbc00 hex)
+Bytes transferred = 6143240 (5dbd08 hex)
 Tegra124 (Nyan-big) # tftpboot 0x83000000 tegra124-nyan-big.dtb
 Using asx0 device
 TFTP from server 192.168.100.1; our IP address is 192.168.100.102
 Filename 'tegra124-nyan-big.dtb'.
 Load address: 0x83000000
 Loading: *#####
-	 2.8 MiB/s
+	 3.4 MiB/s
 done
 Bytes transferred = 68183 (10a57 hex)
 Tegra124 (Nyan-big) # bootz 0x82000000 - 0x83000000
-Kernel image @ 0x82000000 [ 0x000000 - 0x5dbc00 ]
+Kernel image @ 0x82000000 [ 0x000000 - 0x5dbd08 ]
 ## Flattened Device Tree blob at 83000000
    Booting using the fdt blob at 0x83000000
    Using Device Tree in place at 83000000, end 83013a56
@@ -64,7 +63,7 @@
 
 Uncompressing Linux... done, booting the kernel.
 Booting Linux on physical CPU 0x0
-Linux version 4.12.0-rc6-next-20170623-182169-ga734687 (jonathanh@kaivo) (gcc version 4.7.3 20130328 (prerelease) (crosstool-NG linaro-1.13.1-4.7-2013.04-20130415 - Linaro GCC 2013.04)) #1 SMP PREEMPT Tue Jun 27 04:58:47 PDT 2017
+Linux version 4.12.0-rc6-next-20170626-182620-g875cf09 (jonathanh@kaivo) (gcc version 4.7.3 20130328 (prerelease) (crosstool-NG linaro-1.13.1-4.7-2013.04-20130415 - Linaro GCC 2013.04)) #1 SMP PREEMPT Tue Jun 27 06:48:43 PDT 2017
 CPU: ARMv7 Processor [413fc0f3] revision 3 (ARMv7), cr=10c5387d
 CPU: div instructions available: patching division code
 CPU: PIPT / VIPT nonaliasing data cache, PIPT instruction cache
@@ -75,7 +74,7 @@
 Memory policy: Data cache writealloc
 cma: Reserved 64 MiB at 0xfbc00000
 On node 0 totalpages: 524287
-free_area_init_node: node 0, pgdat c0eae4c0, node_mem_map eeff7000
+free_area_init_node: node 0, pgdat c0eae800, node_mem_map eeff7000
   Normal zone: 1536 pages used for memmap
   Normal zone: 0 pages reserved
   Normal zone: 196608 pages, LIFO batch:31
@@ -88,7 +87,7 @@
 PID hash table entries: 4096 (order: 2, 16384 bytes)
 Dentry cache hash table entries: 131072 (order: 7, 524288 bytes)
 Inode-cache hash table entries: 65536 (order: 6, 262144 bytes)
-Memory: 1999464K/2097148K available (9216K kernel code, 738K rwdata, 2720K rodata, 1024K init, 299K bss, 32148K reserved, 65536K cma-reserved, 1245180K highmem)
+Memory: 1999464K/2097148K available (9216K kernel code, 739K rwdata, 2720K rodata, 1024K init, 299K bss, 32148K reserved, 65536K cma-reserved, 1245180K highmem)
 Virtual kernel memory layout:
     vector  : 0xffff0000 - 0xffff1000   (   4 kB)
     fixmap  : 0xffc00000 - 0xfff00000   (3072 kB)
@@ -98,8 +97,8 @@
     modules : 0xbf000000 - 0xbfe00000   (  14 MB)
       .text : 0xc0008000 - 0xc0a00000   (10208 kB)
       .init : 0xc0d00000 - 0xc0e00000   (1024 kB)
-      .data : 0xc0e00000 - 0xc0eb8ba8   ( 739 kB)
-       .bss : 0xc0ec264c - 0xc0f0d43c   ( 300 kB)
+      .data : 0xc0e00000 - 0xc0eb8f50   ( 740 kB)
+       .bss : 0xc0ec2658 - 0xc0f0d43c   ( 300 kB)
 Preemptible hierarchical RCU implementation.
 	Tasks RCU enabled.
 NR_IRQS: 16, nr_irqs: 16, preallocated irqs: 16
@@ -360,7 +359,7 @@
 mmc1: new high speed SDIO card at address 0001
 mmc2: SDHCI controller on 700b0400.sdhci [700b0400.sdhci] using ADMA
 input: gpio-keys as /devices/soc0/gpio-keys/input/input3
-as3722-rtc as3722-rtc: setting system clock to 2000-01-01 03:26:22 UTC (946697182)
+as3722-rtc as3722-rtc: setting system clock to 2000-01-01 05:16:13 UTC (946703773)
 +3.3V_AVDD_HDMI_AP_GATED: disabling
 +1.8V_RUN_CAM: disabling
 +1.2V_RUN_CAM_FRONT: disabling
@@ -375,9 +374,9 @@
 +5V_HDMI_CON: disabling
 ALSA device list:
   #1: GoogleNyanBig
-usb 1-2: new high-speed USB device number 2 using tegra-xusb
-input: tegra-hda HDMI/DP,pcm=3 as /devices/soc0/70030000.hda/sound/card0/input4
 EXT4-fs (mmcblk0p3): couldn't mount as ext3 due to feature incompatibilities
+input: tegra-hda HDMI/DP,pcm=3 as /devices/soc0/70030000.hda/sound/card0/input4
+usb 1-2: new high-speed USB device number 2 using tegra-xusb
 mmc2: new high speed SDHC card at address 0007
 mmcblk2: mmc2:0007 SD08G 7.42 GiB 
 GPT:Primary header alternate_lba != Alt. header my_lba
@@ -387,12 +386,12 @@
 GPT: Use GNU Parted to correct GPT errors.
  mmcblk2: p1 p2 p3 p4 p5 p6 p7 p8 p9 p10 p11 p12
 uvcvideo: Found UVC 1.00 device HD WebCam (1bcf:2c67)
+input: HD WebCam: HD WebCam as /devices/soc0/70090000.usb/usb1/1-2/1-2:1.0/input/input5
 EXT4-fs (mmcblk0p3): recovery complete
 EXT4-fs (mmcblk0p3): mounted filesystem with ordered data mode. Opts: (null)
 VFS: Mounted root (ext4 filesystem) on device 179:3.
-input: HD WebCam: HD WebCam as /devices/soc0/70090000.usb/usb1/1-2/1-2:1.0/input/input5
 devtmpfs: mounted
 Freeing unused kernel memory: 1024K
 bash: cannot set terminal process group (-1): Inappropriate ioctl for device
 bash: no job control in this shell
-root@(none):/# [    3.008000] usb 1-3: new high-speed USB device number 3 using tegra-xusb
+root@(none):/# [    2.997547] usb 1-3: new high-speed USB device number 3 using tegra-xusb
Diff for ./tegra132-norrin/tegra132-norrin/defconfig_log.txt
--- /tmp/fooa	2017-06-27 06:54:32.624405453 -0700
+++ /tmp/foob	2017-06-27 06:54:32.624405453 -0700
@@ -31,7 +31,7 @@
 MSENC clock is set to  79200 KHz
 Vde clock is set to 204000 KHz
 
-Bootloader-Cpu Init at (time stamp): 1801713 us
+Bootloader-Cpu Init at (time stamp): 1801584 us
 
 Pinmux changes applied in kernel way
 
@@ -62,22 +62,22 @@
 Board Id Read Time: 3 us
 Power Rail enable Time: 1 us
 
-Miscellaneous avp time: 1801687  us
-Bootloader (AosInit) time: 733451 us
-Bootloader Main Init time: 180278 us
-BlockDevMgrInit time: 157521 us
+Miscellaneous avp time: 1801558  us
+Bootloader (AosInit) time: 733469 us
+Bootloader Main Init time: 180208 us
+BlockDevMgrInit time: 157523 us
 PartMgrInit time: 8 us
 StorMgrInit time: 31 us
 FsMgrInit time: 2 us
-Partition Table load: 77109 us 
-Display init time: 574601 us
-Kernel read time: 397 msec
-Load Kernel Size:   17268736 Bytes
-Bl Kernel ReadSpeed: 43498000 Bytes/sec
-Pre-Kernel Jump time: 1813455 us
-Clearing 32 Bit State and Warm resetting to 64bit mode: 5942353 us
+Partition Table load: 77163 us 
+Display init time: 574595 us
+Kernel read time: 1308 msec
+Load Kernel Size:   17342464 Bytes
+Bl Kernel ReadSpeed: 13258000 Bytes/sec
+Pre-Kernel Jump time: 3749048 us
+Clearing 32 Bit State and Warm resetting to 64bit mode: 8675980 us
 Booting Linux on physical CPU 0x0
-Linux version 4.12.0-rc6-next-20170623-300410-ga734687 (jonathanh@tamien) (gcc version 4.9.2 20140904 (prerelease) (crosstool-NG linaro-1.13.1-4.9-2014.09 - Linaro GCC 4.9-2014.09)) #1 SMP PREEMPT Tue Jun 27 05:07:04 PDT 2017
+Linux version 4.12.0-rc6-next-20170626-300861-g875cf09 (jonathanh@tamien) (gcc version 4.9.2 20140904 (prerelease) (crosstool-NG linaro-1.13.1-4.9-2014.09 - Linaro GCC 4.9-2014.09)) #1 SMP PREEMPT Tue Jun 27 06:52:39 PDT 2017
 Boot CPU: AArch64 Processor [4e0f0000]
 Machine model: NVIDIA Tegra132 Norrin
 Memory limited to 1734MB
@@ -103,15 +103,15 @@
 Policy zone: DMA
 Kernel command line: tegraid=13.1.3.0.0 mem=1734M@2048M memtype=255 vpr=151M@3817M ddr_die=2048M@2048M section=256M commchip_id=0 usb_port_owner_info=0 lane_owner_info=0 emc_max_dvfs=0 touch_id=0@0 video=tegrafb no_console_suspend=1 console=ttyS0,115200n8 debug_uartport=lsport,0 earlyprintk=uart8250-32bit,0x70006000 usbcore.old_scheme_first=1 lp0_vec=0@0x0 tegra_fbmem=32899072@0xad012000 core_edp_mv=1150 core_edp_ma=4000 pmuboard=0x0176:0x0001:0x01:0x43:0x00 displayboard=0x0162:0x0001:0x00:0x42:0x00 power_supply=Adapter audio_codec=rt5640 board_info=0x0176:0x0001:0x01:0x43:0x00 tegraboot=sdmmc gpt gpt_sector=192511 modem_id=0 android.kerneltype=normal
 PID hash table entries: 4096 (order: 3, 32768 bytes)
-Memory: 1708740K/1775616K available (8956K kernel code, 1110K rwdata, 4348K rodata, 1088K init, 396K bss, 50492K reserved, 16384K cma-reserved)
+Memory: 1708660K/1775616K available (9020K kernel code, 1118K rwdata, 4388K rodata, 1088K init, 401K bss, 50572K reserved, 16384K cma-reserved)
 Virtual kernel memory layout:
     modules : 0xffff000000000000 - 0xffff000008000000   (   128 MB)
     vmalloc : 0xffff000008000000 - 0xffff7dffbfff0000   (129022 GB)
-      .text : 0xffff000008080000 - 0xffff000008940000   (  8960 KB)
-    .rodata : 0xffff000008940000 - 0xffff000008d90000   (  4416 KB)
-      .init : 0xffff000008d90000 - 0xffff000008ea0000   (  1088 KB)
-      .data : 0xffff000008ea0000 - 0xffff000008fb5a00   (  1111 KB)
-       .bss : 0xffff000008fb5a00 - 0xffff000009018a70   (   397 KB)
+      .text : 0xffff000008080000 - 0xffff000008950000   (  9024 KB)
+    .rodata : 0xffff000008950000 - 0xffff000008da0000   (  4416 KB)
+      .init : 0xffff000008da0000 - 0xffff000008eb0000   (  1088 KB)
+      .data : 0xffff000008eb0000 - 0xffff000008fc7a00   (  1119 KB)
+       .bss : 0xffff000008fc7a00 - 0xffff00000902c070   (   402 KB)
     fixed   : 0xffff7dfffe7fd000 - 0xffff7dfffec00000   (  4108 KB)
     PCI I/O : 0xffff7dfffee00000 - 0xffff7dffffe00000   (    16 MB)
     vmemmap : 0xffff7e0000000000 - 0xffff800000000000   (  2048 GB maximum)
@@ -152,7 +152,7 @@
 DMI not present or invalid.
 NET: Registered protocol family 16
 cpuidle: using governor menu
-vdso: 2 pages (1 code @ ffff000008946000, 1 data @ ffff000008ea5000)
+vdso: 2 pages (1 code @ ffff000008956000, 1 data @ ffff000008eb5000)
 hw-breakpoint: found 6 breakpoint and 4 watchpoint registers.
 DMA: preallocated 256 KiB pool for atomic allocations
 Serial: AMBA PL011 UART driver
@@ -180,6 +180,7 @@
 pps_core: LinuxPPS API ver. 1 registered
 pps_core: Software ver. 5.3.6 - Copyright 2005-2007 Rodolfo Giometti <giometti@linux.it>
 PTP clock support registered
+EDAC MC: Ver: 3.0.0
 dmi: Firmware registration failed.
 Advanced Linux Sound Architecture Driver Initialized.
 clocksource: Switched to clocksource arch_sys_counter
@@ -201,7 +202,7 @@
 Freeing initrd memory: 1284K
 kvm [1]: HYP mode not available
 audit: initializing netlink subsys (disabled)
-audit: type=2000 audit(0.918:1): state=initialized audit_enabled=0 res=1
+audit: type=2000 audit(0.922:1): state=initialized audit_enabled=0 res=1
 workingset: timestamp_bits=44 max_order=19 bucket_order=0
 squashfs: version 4.0 (2009/01/31) Phillip Lougher
 NFS: Registering the id_resolver key type
@@ -267,15 +268,15 @@
 usbhid: USB HID core driver
 mmc0: new high speed MMC card at address 0001
 NET: Registered protocol family 17
-9pnet: Installing 9P2000 support
-Key type dns_resolver registered
-registered taskstats version 1
 mmcblk0: mmc0:0001 SEM16G 14.7 GiB 
 mmcblk0boot0: mmc0:0001 SEM16G partition 1 4.00 MiB
 mmcblk0boot1: mmc0:0001 SEM16G partition 2 4.00 MiB
 mmcblk0rpmb: mmc0:0001 SEM16G partition 3 4.00 MiB
-+VDD_LED: supplied by +VDD_MUX
  mmcblk0: p1 p2 p3 p4 p5 p6 p7 p8
+9pnet: Installing 9P2000 support
+Key type dns_resolver registered
+registered taskstats version 1
++VDD_LED: supplied by +VDD_MUX
 +5V_USB_HS: supplied by +5V_SYS
 +5V_USB_SS: supplied by +5V_SYS
 +5V_HDMI_CON: supplied by +5V_SYS
Diff for ./tegra20-trimslice/tegra20-trimslice/multi_v7_defconfig_log.txt
--- /tmp/fooa	2017-06-27 06:54:32.632405487 -0700
+++ /tmp/foob	2017-06-27 06:54:32.632405487 -0700
@@ -19,7 +19,7 @@
 Out:   serial
 Err:   serial
 Net:   RTL8169#0
-Hit any key to stop autoboot:  2  0 
+Hit any key to stop autoboot:  2  1  0 
 Tegra20 (TrimSlice) # 
 Tegra20 (TrimSlice) # usb reset
 resetting USB...
@@ -48,9 +48,9 @@
 	 #################################################################
 	 #################################################################
 	 ########################
-	 4 MiB/s
+	 4.1 MiB/s
 done
-Bytes transferred = 7983016 (79cfa8 hex)
+Bytes transferred = 7985008 (79d770 hex)
 Tegra20 (TrimSlice) # tftpboot 0x02408000 tegra20-trimslice.dtb
 Using RTL8169#0 device
 TFTP from server 192.168.100.1; our IP address is 192.168.100.103
@@ -61,7 +61,7 @@
 done
 Bytes transferred = 21454 (53ce hex)
 Tegra20 (TrimSlice) # bootz 0x00408000 - 0x02408000
-Kernel image @ 0x408000 [ 0x000000 - 0x79cfa8 ]
+Kernel image @ 0x408000 [ 0x000000 - 0x79d770 ]
 ## Flattened Device Tree blob at 02408000
    Booting using the fdt blob at 0x2408000
    Using Device Tree in place at 02408000, end 024103cd
@@ -69,7 +69,7 @@
 Starting kernel ...
 
 Booting Linux on physical CPU 0x0
-Linux version 4.12.0-rc6-next-20170623-182169-ga734687 (jonathanh@sellafield) (gcc version 4.7.3 20130328 (prerelease) (crosstool-NG linaro-1.13.1-4.7-2013.04-20130415 - Linaro GCC 2013.04)) #1 SMP Tue Jun 27 04:58:28 PDT 2017
+Linux version 4.12.0-rc6-next-20170626-182620-g875cf09 (jonathanh@sellafield) (gcc version 4.7.3 20130328 (prerelease) (crosstool-NG linaro-1.13.1-4.7-2013.04-20130415 - Linaro GCC 2013.04)) #1 SMP Tue Jun 27 06:48:25 PDT 2017
 CPU: ARMv7 Processor [411fc090] revision 0 (ARMv7), cr=10c5387d
 CPU: PIPT / VIPT nonaliasing data cache, VIPT aliasing instruction cache
 OF: fdt: Machine model: Compulab TrimSlice board
@@ -92,7 +92,7 @@
 PID hash table entries: 4096 (order: 2, 16384 bytes)
 Dentry cache hash table entries: 131072 (order: 7, 524288 bytes)
 Inode-cache hash table entries: 65536 (order: 6, 262144 bytes)
-Memory: 954380K/1048576K available (10240K kernel code, 1560K rwdata, 4436K rodata, 2048K init, 401K bss, 28660K reserved, 65536K cma-reserved, 196608K highmem)
+Memory: 954380K/1048576K available (10240K kernel code, 1560K rwdata, 4440K rodata, 2048K init, 401K bss, 28660K reserved, 65536K cma-reserved, 196608K highmem)
 Virtual kernel memory layout:
     vector  : 0xffff0000 - 0xffff1000   (   4 kB)
     fixmap  : 0xffc00000 - 0xfff00000   (3072 kB)
@@ -102,8 +102,8 @@
     modules : 0xbf000000 - 0xbfe00000   (  14 MB)
       .text : 0xc0208000 - 0xc0d00000   (11232 kB)
       .init : 0xc1200000 - 0xc1400000   (2048 kB)
-      .data : 0xc1400000 - 0xc15861e8   (1561 kB)
-       .bss : 0xc158fcd4 - 0xc15f433c   ( 402 kB)
+      .data : 0xc1400000 - 0xc1586248   (1561 kB)
+       .bss : 0xc158fce0 - 0xc15f443c   ( 402 kB)
 SLUB: HWalign=64, Order=0-3, MinObjects=0, CPUs=2, Nodes=1
 Hierarchical RCU implementation.
 	RCU event tracing is enabled.
Diff for ./tegra20-trimslice/tegra20-trimslice/tegra_defconfig_log.txt
--- /tmp/fooa	2017-06-27 06:54:32.636405503 -0700
+++ /tmp/foob	2017-06-27 06:54:32.640405520 -0700
@@ -46,20 +46,20 @@
 	 #################################################################
 	 #################################################################
 	 #############################
-	 4.1 MiB/s
+	 4 MiB/s
 done
-Bytes transferred = 6142976 (5dbc00 hex)
+Bytes transferred = 6143240 (5dbd08 hex)
 Tegra20 (TrimSlice) # tftpboot 0x02408000 tegra20-trimslice.dtb
 Using RTL8169#0 device
 TFTP from server 192.168.100.1; our IP address is 192.168.100.103
 Filename 'tegra20-trimslice.dtb'.
 Load address: 0x2408000
 Loading: *##
-	 2.3 MiB/s
+	 3.4 MiB/s
 done
 Bytes transferred = 21454 (53ce hex)
 Tegra20 (TrimSlice) # bootz 0x00408000 - 0x02408000
-Kernel image @ 0x408000 [ 0x000000 - 0x5dbc00 ]
+Kernel image @ 0x408000 [ 0x000000 - 0x5dbd08 ]
 ## Flattened Device Tree blob at 02408000
    Booting using the fdt blob at 0x2408000
    Using Device Tree in place at 02408000, end 024103cd
@@ -68,7 +68,7 @@
 
 Uncompressing Linux... done, booting the kernel.
 Booting Linux on physical CPU 0x0
-Linux version 4.12.0-rc6-next-20170623-182169-ga734687 (jonathanh@kaivo) (gcc version 4.7.3 20130328 (prerelease) (crosstool-NG linaro-1.13.1-4.7-2013.04-20130415 - Linaro GCC 2013.04)) #1 SMP PREEMPT Tue Jun 27 04:58:47 PDT 2017
+Linux version 4.12.0-rc6-next-20170626-182620-g875cf09 (jonathanh@kaivo) (gcc version 4.7.3 20130328 (prerelease) (crosstool-NG linaro-1.13.1-4.7-2013.04-20130415 - Linaro GCC 2013.04)) #1 SMP PREEMPT Tue Jun 27 06:48:43 PDT 2017
 CPU: ARMv7 Processor [411fc090] revision 0 (ARMv7), cr=10c5387d
 CPU: PIPT / VIPT nonaliasing data cache, VIPT aliasing instruction cache
 OF: fdt: Machine model: Compulab TrimSlice board
@@ -77,7 +77,7 @@
 Memory policy: Data cache writealloc
 cma: Reserved 64 MiB at 0x3c000000
 On node 0 totalpages: 262144
-free_area_init_node: node 0, pgdat c0eae4c0, node_mem_map ef7f7000
+free_area_init_node: node 0, pgdat c0eae800, node_mem_map ef7f7000
   Normal zone: 1536 pages used for memmap
   Normal zone: 0 pages reserved
   Normal zone: 196608 pages, LIFO batch:31
@@ -90,7 +90,7 @@
 PID hash table entries: 4096 (order: 2, 16384 bytes)
 Dentry cache hash table entries: 131072 (order: 7, 524288 bytes)
 Inode-cache hash table entries: 65536 (order: 6, 262144 bytes)
-Memory: 959396K/1048576K available (9216K kernel code, 738K rwdata, 2720K rodata, 1024K init, 299K bss, 23644K reserved, 65536K cma-reserved, 196608K highmem)
+Memory: 959396K/1048576K available (9216K kernel code, 739K rwdata, 2720K rodata, 1024K init, 299K bss, 23644K reserved, 65536K cma-reserved, 196608K highmem)
 Virtual kernel memory layout:
     vector  : 0xffff0000 - 0xffff1000   (   4 kB)
     fixmap  : 0xffc00000 - 0xfff00000   (3072 kB)
@@ -100,8 +100,8 @@
     modules : 0xbf000000 - 0xbfe00000   (  14 MB)
       .text : 0xc0008000 - 0xc0a00000   (10208 kB)
       .init : 0xc0d00000 - 0xc0e00000   (1024 kB)
-      .data : 0xc0e00000 - 0xc0eb8ba8   ( 739 kB)
-       .bss : 0xc0ec264c - 0xc0f0d43c   ( 300 kB)
+      .data : 0xc0e00000 - 0xc0eb8f50   ( 740 kB)
+       .bss : 0xc0ec2658 - 0xc0f0d43c   ( 300 kB)
 Preemptible hierarchical RCU implementation.
 	RCU restricting CPUs from NR_CPUS=4 to nr_cpu_ids=2.
 	Tasks RCU enabled.
@@ -356,9 +356,9 @@
 mmcblk0: mmc0:b368 NCard 3.70 GiB 
 mmcblk0: error -5 sending stop command, original cmd response 0x900, card status 0x900
 mmcblk0: error -5 transferring data, sector 7759864, nr 8, cmd response 0x900, card status 0x80000b00
+asix 1-1.2:1.0 eth1: register 'asix' at usb-c5008000.usb-1.2, ASIX AX88772 USB 2.0 Ethernet, 00:60:6e:60:6c:68
 random: fast init done
 mmcblk0: error -5 sending stop command, original cmd response 0x900, card status 0x900
-asix 1-1.2:1.0 eth1: register 'asix' at usb-c5008000.usb-1.2, ASIX AX88772 USB 2.0 Ethernet, 00:60:6e:60:6c:68
 mmcblk0: error -5 transferring data, sector 7759864, nr 8, cmd response 0x900, card status 0x80000b00
 mmcblk0: retrying using single block read
  mmcblk0: p1
Diff for ./tegra210-p2371-0000/tegra210-p2371-0000/defconfig_log.txt
--- /tmp/fooa	2017-06-27 06:54:32.644405536 -0700
+++ /tmp/foob	2017-06-27 06:54:32.648405553 -0700
@@ -64,13 +64,13 @@
 Loading and Validation of Secure OS Successful
 NvTbootPackSdramParams: start. 
 NvTbootPackSdramParams: done. 
-Tegraboot started after 746072 us
-Basic modules init took 350092 us
+Tegraboot started after 747581 us
+Basic modules init took 348499 us
 Sec Bootdevice Read Time = 202 ms, Read Size = 8459 KB
-Next stage binary read took 14395 us
-Carveout took 252727 us
-CPU initialization took 92324 us
-Total time taken by TegraBoot 709538 us
+Next stage binary read took 14388 us
+Carveout took 252722 us
+CPU initialization took 92316 us
+Total time taken by TegraBoot 707925 us
 
 Starting CPU & Halting co-processor 
 
@@ -117,11 +117,11 @@
 Tegra210 (P2371-0000) # part uuid ${devtype} ${devnum}:${rootpart} uuid
 Tegra210 (P2371-0000) # setenv bootargs ignore_loglevel console=ttyS0,115200n8 earlycon=uart8250,mmio32,0x70006000 rw root=PARTUUID=00000000-0001-0000-788f-a75600000000 rootwait debug earlyprintk init=/bin/bash
 Tegra210 (P2371-0000) # load ${devtype} ${devnum}:${rootpart} ${kernel_addr_r} /boot/Image.defconfig
-15948288 bytes read in 817 ms (18.6 MiB/s)
+16022016 bytes read in 820 ms (18.6 MiB/s)
 Tegra210 (P2371-0000) # load ${devtype} ${devnum}:${rootpart} ${fdt_addr_r} /boot/tegra210-p2371-0000.dtb
 45170 bytes read in 460 ms (95.7 KiB/s)
 Tegra210 (P2371-0000) # load ${devtype} ${devnum}:${rootpart} ${ramdisk_addr_r} /boot/tegra-ramdisk.img
-1627787 bytes read in 493 ms (3.1 MiB/s)
+1627787 bytes read in 494 ms (3.1 MiB/s)
 Tegra210 (P2371-0000) # ramdisk_size=${filesize}
 Tegra210 (P2371-0000) # booti ${kernel_addr_r} - ${fdt_addr_r}
 ## Flattened Device Tree blob at 82000000
@@ -131,7 +131,7 @@
 Starting kernel ...
 
 Booting Linux on physical CPU 0x0
-Linux version 4.12.0-rc6-next-20170623-300410-ga734687 (jonathanh@tamien) (gcc version 4.9.2 20140904 (prerelease) (crosstool-NG linaro-1.13.1-4.9-2014.09 - Linaro GCC 4.9-2014.09)) #1 SMP PREEMPT Tue Jun 27 05:07:04 PDT 2017
+Linux version 4.12.0-rc6-next-20170626-300861-g875cf09 (jonathanh@tamien) (gcc version 4.9.2 20140904 (prerelease) (crosstool-NG linaro-1.13.1-4.9-2014.09 - Linaro GCC 4.9-2014.09)) #1 SMP PREEMPT Tue Jun 27 06:52:39 PDT 2017
 Boot CPU: AArch64 Processor [411fd071]
 Machine model: NVIDIA Tegra210 P2371 (P2530/P2595) reference design
 debug: ignoring loglevel setting.
@@ -175,15 +175,15 @@
 Kernel command line: ignore_loglevel console=ttyS0,115200n8 earlycon=uart8250,mmio32,0x70006000 rw root=PARTUUID=00000000-0001-0000-788f-a75600000000 rootwait debug earlyprintk init=/bin/bash
 PID hash table entries: 4096 (order: 3, 32768 bytes)
 software IO TLB [mem 0xfa000000-0xfe000000] (64MB) mapped at [ffff80007a000000-ffff80007dffffff]
-Memory: 2983096K/3131392K available (8956K kernel code, 1110K rwdata, 4348K rodata, 1088K init, 396K bss, 131912K reserved, 16384K cma-reserved)
+Memory: 2983016K/3131392K available (9020K kernel code, 1118K rwdata, 4388K rodata, 1088K init, 401K bss, 131992K reserved, 16384K cma-reserved)
 Virtual kernel memory layout:
     modules : 0xffff000000000000 - 0xffff000008000000   (   128 MB)
     vmalloc : 0xffff000008000000 - 0xffff7dffbfff0000   (129022 GB)
-      .text : 0xffff000008080000 - 0xffff000008940000   (  8960 KB)
-    .rodata : 0xffff000008940000 - 0xffff000008d90000   (  4416 KB)
-      .init : 0xffff000008d90000 - 0xffff000008ea0000   (  1088 KB)
-      .data : 0xffff000008ea0000 - 0xffff000008fb5a00   (  1111 KB)
-       .bss : 0xffff000008fb5a00 - 0xffff000009018a70   (   397 KB)
+      .text : 0xffff000008080000 - 0xffff000008950000   (  9024 KB)
+    .rodata : 0xffff000008950000 - 0xffff000008da0000   (  4416 KB)
+      .init : 0xffff000008da0000 - 0xffff000008eb0000   (  1088 KB)
+      .data : 0xffff000008eb0000 - 0xffff000008fc7a00   (  1119 KB)
+       .bss : 0xffff000008fc7a00 - 0xffff00000902c070   (   402 KB)
     fixed   : 0xffff7dfffe7fd000 - 0xffff7dfffec00000   (  4108 KB)
     PCI I/O : 0xffff7dfffee00000 - 0xffff7dffffe00000   (    16 MB)
     vmemmap : 0xffff7e0000000000 - 0xffff800000000000   (  2048 GB maximum)
@@ -236,7 +236,7 @@
 DMI not present or invalid.
 NET: Registered protocol family 16
 cpuidle: using governor menu
-vdso: 2 pages (1 code @ ffff000008946000, 1 data @ ffff000008ea5000)
+vdso: 2 pages (1 code @ ffff000008956000, 1 data @ ffff000008eb5000)
 hw-breakpoint: found 6 breakpoint and 4 watchpoint registers.
 DMA: preallocated 256 KiB pool for atomic allocations
 Serial: AMBA PL011 UART driver
@@ -251,6 +251,7 @@
 pps_core: LinuxPPS API ver. 1 registered
 pps_core: Software ver. 5.3.6 - Copyright 2005-2007 Rodolfo Giometti <giometti@linux.it>
 PTP clock support registered
+EDAC MC: Ver: 3.0.0
 dmi: Firmware registration failed.
 Advanced Linux Sound Architecture Driver Initialized.
 clocksource: Switched to clocksource arch_sys_counter
@@ -270,14 +271,14 @@
 RPC: Registered tcp NFSv4.1 backchannel transport module.
 PCI: CLS 0 bytes, default 128
 kvm [1]: 8-bit VMID
-kvm [1]: IDMAP page: 80929000
+kvm [1]: IDMAP page: 80942000
 kvm [1]: HYP VA range: 800000000000:ffffffffffff
 kvm [1]: Hyp mode initialized successfully
 kvm [1]: vgic-v2@50044000
 kvm [1]: vgic interrupt IRQ1
 kvm [1]: virtual timer IRQ4
 audit: initializing netlink subsys (disabled)
-audit: type=2000 audit(0.523:1): state=initialized audit_enabled=0 res=1
+audit: type=2000 audit(0.527:1): state=initialized audit_enabled=0 res=1
 workingset: timestamp_bits=44 max_order=20 bucket_order=0
 squashfs: version 4.0 (2009/01/31) Phillip Lougher
 NFS: Registering the id_resolver key type
@@ -358,6 +359,6 @@
 devtmpfs: mounted
 Freeing unused kernel memory: 1088K
 bash: cannot set terminal process group (-1): Inappropriate ioctl for device
-bash: no job contr[    1.305844] random: fast init done
-ol in this shell
+bash: no j[    1.335138] random: fast init done
+ob control in this shell
 root@(none):/# 
\ No newline at end of file
Diff for ./tegra210-smaug/tegra210-smaug/defconfig_log.txt
--- /tmp/fooa	2017-06-27 06:54:32.652405569 -0700
+++ /tmp/foob	2017-06-27 06:54:32.656405586 -0700
@@ -1,4 +1,5 @@
-FDT:
+e Pixel C
+efi: Getting EFI parameters from FDT:
 efi: UEFI not found.
 cma: Reserved 16 MiB at 0x00000000f5400000
 earlycon: uart0 at MMIO 0x0000000070006000 (options '115200n8')
@@ -30,15 +31,15 @@
 Kernel command line: cros_secure vpr=0x08000000@0xf6800000 earlycon
 PID hash table entries: 4096 (order: 3, 32768 bytes)
 software IO TLB [mem 0xf1400000-0xf5400000] (64MB) mapped at [ffff800071400000-ffff8000753fffff]
-Memory: 2838360K/2988032K available (8956K kernel code, 1110K rwdata, 4348K rodata, 1088K init, 396K bss, 133288K reserved, 16384K cma-reserved)
+Memory: 2838280K/2988032K available (9020K kernel code, 1118K rwdata, 4388K rodata, 1088K init, 401K bss, 133368K reserved, 16384K cma-reserved)
 Virtual kernel memory layout:
     modules : 0xffff000000000000 - 0xffff000008000000   (   128 MB)
     vmalloc : 0xffff000008000000 - 0xffff7dffbfff0000   (129022 GB)
-      .text : 0xffff000008080000 - 0xffff000008940000   (  8960 KB)
-    .rodata : 0xffff000008940000 - 0xffff000008d90000   (  4416 KB)
-      .init : 0xffff000008d90000 - 0xffff000008ea0000   (  1088 KB)
-      .data : 0xffff000008ea0000 - 0xffff000008fb5a00   (  1111 KB)
-       .bss : 0xffff000008fb5a00 - 0xffff000009018a70   (   397 KB)
+      .text : 0xffff000008080000 - 0xffff000008950000   (  9024 KB)
+    .rodata : 0xffff000008950000 - 0xffff000008da0000   (  4416 KB)
+      .init : 0xffff000008da0000 - 0xffff000008eb0000   (  1088 KB)
+      .data : 0xffff000008eb0000 - 0xffff000008fc7a00   (  1119 KB)
+       .bss : 0xffff000008fc7a00 - 0xffff00000902c070   (   402 KB)
     fixed   : 0xffff7dfffe7fd000 - 0xffff7dfffec00000   (  4108 KB)
     PCI I/O : 0xffff7dfffee00000 - 0xffff7dffffe00000   (    16 MB)
     vmemmap : 0xffff7e0000000000 - 0xffff800000000000   (  2048 GB maximum)
@@ -64,7 +65,7 @@
  (comparison mask = 0xf8000000)
 boot misc2 0x0: expected 0xf400f0da
  (comparison mask = 0xffffffff)
-boot misc3 0x8cb: expected 0x2004f400
+boot misc3 0x8cd: expected 0x2004f400
  (comparison mask = 0xffffffff)
 boot misc1 0x0: expected 0x20
  (comparison mask = 0xffffff)
@@ -76,7 +77,7 @@
 console [tty0] enabled
 bootconsole [uart0] disabled
 Booting Linux on physical CPU 0x0
-Linux version 4.12.0-rc6-next-20170623-300410-ga734687 (jonathanh@tamien) (gcc version 4.9.2 20140904 (prerelease) (crosstool-NG linaro-1.13.1-4.9-2014.09 - Linaro GCC 4.9-2014.09)) #1 SMP PREEMPT Tue Jun 27 05:07:04 PDT 2017
+Linux version 4.12.0-rc6-next-20170626-300861-g875cf09 (jonathanh@tamien) (gcc version 4.9.2 20140904 (prerelease) (crosstool-NG linaro-1.13.1-4.9-2014.09 - Linaro GCC 4.9-2014.09)) #1 SMP PREEMPT Tue Jun 27 06:52:39 PDT 2017
 Boot CPU: AArch64 Processor [411fd071]
 Machine model: Google Pixel C
 efi: Getting EFI parameters from FDT:
@@ -111,15 +112,15 @@
 Kernel command line: cros_secure vpr=0x08000000@0xf6800000 earlycon
 PID hash table entries: 4096 (order: 3, 32768 bytes)
 software IO TLB [mem 0xf1400000-0xf5400000] (64MB) mapped at [ffff800071400000-ffff8000753fffff]
-Memory: 2838360K/2988032K available (8956K kernel code, 1110K rwdata, 4348K rodata, 1088K init, 396K bss, 133288K reserved, 16384K cma-reserved)
+Memory: 2838280K/2988032K available (9020K kernel code, 1118K rwdata, 4388K rodata, 1088K init, 401K bss, 133368K reserved, 16384K cma-reserved)
 Virtual kernel memory layout:
     modules : 0xffff000000000000 - 0xffff000008000000   (   128 MB)
     vmalloc : 0xffff000008000000 - 0xffff7dffbfff0000   (129022 GB)
-      .text : 0xffff000008080000 - 0xffff000008940000   (  8960 KB)
-    .rodata : 0xffff000008940000 - 0xffff000008d90000   (  4416 KB)
-      .init : 0xffff000008d90000 - 0xffff000008ea0000   (  1088 KB)
-      .data : 0xffff000008ea0000 - 0xffff000008fb5a00   (  1111 KB)
-       .bss : 0xffff000008fb5a00 - 0xffff000009018a70   (   397 KB)
+      .text : 0xffff000008080000 - 0xffff000008950000   (  9024 KB)
+    .rodata : 0xffff000008950000 - 0xffff000008da0000   (  4416 KB)
+      .init : 0xffff000008da0000 - 0xffff000008eb0000   (  1088 KB)
+      .data : 0xffff000008eb0000 - 0xffff000008fc7a00   (  1119 KB)
+       .bss : 0xffff000008fc7a00 - 0xffff00000902c070   (   402 KB)
     fixed   : 0xffff7dfffe7fd000 - 0xffff7dfffec00000   (  4108 KB)
     PCI I/O : 0xffff7dfffee00000 - 0xffff7dffffe00000   (    16 MB)
     vmemmap : 0xffff7e0000000000 - 0xffff800000000000   (  2048 GB maximum)
@@ -145,7 +146,7 @@
  (comparison mask = 0xf8000000)
 boot misc2 0x0: expected 0xf400f0da
  (comparison mask = 0xffffffff)
-boot misc3 0x8cb: expected 0x2004f400
+boot misc3 0x8cd: expected 0x2004f400
  (comparison mask = 0xffffffff)
 boot misc1 0x0: expected 0x20
  (comparison mask = 0xffffff)
@@ -188,7 +189,7 @@
 DMI not present or invalid.
 NET: Registered protocol family 16
 cpuidle: using governor menu
-vdso: 2 pages (1 code @ ffff000008946000, 1 data @ ffff000008ea5000)
+vdso: 2 pages (1 code @ ffff000008956000, 1 data @ ffff000008eb5000)
 hw-breakpoint: found 6 breakpoint and 4 watchpoint registers.
 DMA: preallocated 256 KiB pool for atomic allocations
 Serial: AMBA PL011 UART driver
@@ -209,6 +210,7 @@
 pps_core: LinuxPPS API ver. 1 registered
 pps_core: Software ver. 5.3.6 - Copyright 2005-2007 Rodolfo Giometti <giometti@linux.it>
 PTP clock support registered
+EDAC MC: Ver: 3.0.0
 dmi: Firmware registration failed.
 Advanced Linux Sound Architecture Driver Initialized.
 clocksource: Switched to clocksource arch_sys_counter
@@ -229,14 +231,14 @@
 Unpacking initramfs...
 Freeing initrd memory: 1284K
 kvm [1]: 8-bit VMID
-kvm [1]: IDMAP page: 80929000
+kvm [1]: IDMAP page: 80942000
 kvm [1]: HYP VA range: 800000000000:ffffffffffff
 kvm [1]: Hyp mode initialized successfully
 kvm [1]: vgic-v2@50044000
 kvm [1]: vgic interrupt IRQ1
 kvm [1]: virtual timer IRQ4
 audit: initializing netlink subsys (disabled)
-audit: type=2000 audit(0.266:1): state=initialized audit_enabled=0 res=1
+audit: type=2000 audit(0.267:1): state=initialized audit_enabled=0 res=1
 workingset: timestamp_bits=44 max_order=20 bucket_order=0
 squashfs: version 4.0 (2009/01/31) Phillip Lougher
 NFS: Registering the id_resolver key type
@@ -334,16 +336,18 @@
 9pnet: Installing 9P2000 support
 Key type dns_resolver registered
 registered taskstats version 1
-mmc0: new high speed MMC card at address 0001
-tegra-i2c 7000d100.i2c: could not find pctldev for node /host1x@50000000/dpaux@545c0000/pinmux-i2c, deferring probe
-input: gpio-keys as /devices/platform/gpio-keys/input/input0
 tegra-i2c 7000d100.i2c: could not find pctldev for node /host1x@50000000/dpaux@545c0000/pinmux-i2c, deferring probe
-max77686-rtc max77620-rtc: setting system clock to 2001-04-07 17:33:26 UTC (986664806)
+mmc0: new high speed MMC card at address 0001
 mmcblk0: mmc0:0001 BGND3R 29.1 GiB 
 mmcblk0boot0: mmc0:0001 BGND3R partition 1 4.00 MiB
 mmcblk0boot1: mmc0:0001 BGND3R partition 2 4.00 MiB
-PP1200_AVDD: disabling
 mmcblk0rpmb: mmc0:0001 BGND3R partition 3 4.00 MiB
+ mmcblk0: p1 p2 p3 p4 p5 p6 p7 p8 p9 p10 p11
+tegra-i2c 7000d100.i2c: could not find pctldev for node /host1x@50000000/dpaux@545c0000/pinmux-i2c, deferring probe
+input: gpio-keys as /devices/platform/gpio-keys/input/input0
+tegra-i2c 7000d100.i2c: could not find pctldev for node /host1x@50000000/dpaux@545c0000/pinmux-i2c, deferring probe
+max77686-rtc max77620-rtc: setting system clock to 2001-04-07 19:18:29 UTC (986671109)
+PP1200_AVDD: disabling
 PP1200_RCAM: disabling
 PP2800L_RCAM: disabling
 PP2800L_FCAM: disabling
@@ -353,8 +357,6 @@
 PP1800_CAM: disabling
 ALSA device list:
   No soundcards found.
- mmcblk0: p1 p2 p3 p4 p5 p6 p7 p8 p9 p10 p11
-tegra-i2c 7000d100.i2c: could not find pctldev for node /host1x@50000000/dpaux@545c0000/pinmux-i2c, deferring probe
 Freeing unused kernel memory: 1088K
 
 System initialization...
Diff for ./tegra30-beaver/tegra30-beaver/multi_v7_defconfig_log.txt
--- /tmp/fooa	2017-06-27 06:54:32.660405603 -0700
+++ /tmp/foob	2017-06-27 06:54:32.664405620 -0700
@@ -40,20 +40,20 @@
 	 #################################################################
 	 #################################################################
 	 ########################
-	 3 MiB/s
+	 3.3 MiB/s
 done
-Bytes transferred = 7983016 (79cfa8 hex)
+Bytes transferred = 7985008 (79d770 hex)
 Tegra30 (Beaver) # tftpboot 0x82000000 tegra30-beaver.dtb
 Using asx0 device
 TFTP from server 192.168.100.1; our IP address is 192.168.100.101
 Filename 'tegra30-beaver.dtb'.
 Load address: 0x82000000
 Loading: *####
-	 2.9 MiB/s
+	 3.1 MiB/s
 done
 Bytes transferred = 51848 (ca88 hex)
 Tegra30 (Beaver) # bootz 0x81000000 - 0x82000000
-Kernel image @ 0x81000000 [ 0x000000 - 0x79cfa8 ]
+Kernel image @ 0x81000000 [ 0x000000 - 0x79d770 ]
 ## Flattened Device Tree blob at 82000000
    Booting using the fdt blob at 0x82000000
    Loading Device Tree to 8fff0000, end 8ffffa87 ... OK
@@ -61,7 +61,7 @@
 Starting kernel ...
 
 Booting Linux on physical CPU 0x0
-Linux version 4.12.0-rc6-next-20170623-182169-ga734687 (jonathanh@sellafield) (gcc version 4.7.3 20130328 (prerelease) (crosstool-NG linaro-1.13.1-4.7-2013.04-20130415 - Linaro GCC 2013.04)) #1 SMP Tue Jun 27 04:58:28 PDT 2017
+Linux version 4.12.0-rc6-next-20170626-182620-g875cf09 (jonathanh@sellafield) (gcc version 4.7.3 20130328 (prerelease) (crosstool-NG linaro-1.13.1-4.7-2013.04-20130415 - Linaro GCC 2013.04)) #1 SMP Tue Jun 27 06:48:25 PDT 2017
 CPU: ARMv7 Processor [412fc099] revision 9 (ARMv7), cr=10c5387d
 CPU: PIPT / VIPT nonaliasing data cache, VIPT aliasing instruction cache
 OF: fdt: Machine model: NVIDIA Tegra30 Beaver evaluation board
@@ -84,7 +84,7 @@
 PID hash table entries: 4096 (order: 2, 16384 bytes)
 Dentry cache hash table entries: 131072 (order: 7, 524288 bytes)
 Inode-cache hash table entries: 65536 (order: 6, 262144 bytes)
-Memory: 1993468K/2096128K available (10240K kernel code, 1560K rwdata, 4436K rodata, 2048K init, 401K bss, 37124K reserved, 65536K cma-reserved, 1244160K highmem)
+Memory: 1993468K/2096128K available (10240K kernel code, 1560K rwdata, 4440K rodata, 2048K init, 401K bss, 37124K reserved, 65536K cma-reserved, 1244160K highmem)
 Virtual kernel memory layout:
     vector  : 0xffff0000 - 0xffff1000   (   4 kB)
     fixmap  : 0xffc00000 - 0xfff00000   (3072 kB)
@@ -94,8 +94,8 @@
     modules : 0xbf000000 - 0xbfe00000   (  14 MB)
       .text : 0xc0208000 - 0xc0d00000   (11232 kB)
       .init : 0xc1200000 - 0xc1400000   (2048 kB)
-      .data : 0xc1400000 - 0xc15861e8   (1561 kB)
-       .bss : 0xc158fcd4 - 0xc15f433c   ( 402 kB)
+      .data : 0xc1400000 - 0xc1586248   (1561 kB)
+       .bss : 0xc158fce0 - 0xc15f443c   ( 402 kB)
 SLUB: HWalign=64, Order=0-3, MinObjects=0, CPUs=4, Nodes=1
 Hierarchical RCU implementation.
 	RCU event tracing is enabled.
@@ -311,6 +311,8 @@
 sys_3v3,vdd_3v3_alw: supplied by vdd_5v_in
 sys_3v3_pexs: supplied by sys_3v3,vdd_3v3_alw
 +VDD_5V_HDMI: supplied by sys_3v3,vdd_3v3_alw
+tegra-pcie 3000.pcie: 2x3 configuration
+tegra-pcie 3000.pcie: probing port 0, using 2 lanes
 mmc1: new high speed MMC card at address 0001
 mmcblk1: mmc1:0001 SEM16G 14.8 GiB 
 mmcblk1boot0: mmc1:0001 SEM16G partition 1 1.00 MiB
@@ -321,8 +323,6 @@
 Primary GPT is invalid, using alternate GPT.
  mmcblk1: p1 p2 p3 p4 p5
  mmcblk0: p1 p2 p3
-tegra-pcie 3000.pcie: 2x3 configuration
-tegra-pcie 3000.pcie: probing port 0, using 2 lanes
 tegra-pcie 3000.pcie: probing port 2, using 2 lanes
 tegra-pcie 3000.pcie: link 2 down, retrying
 tegra-pcie 3000.pcie: link 2 down, retrying
@@ -395,5 +395,5 @@
 Freeing unused kernel memory: 2048K
 bash: cannot set terminal process group (-1): Inappropriate ioctl for device
 bash: no job control in this shell
-root@(none):/# [    4.114103] usb 2-1: new high-speed USB device number 2 using tegra-ehci
+root@(none):/# [    4.074533] usb 2-1: new high-speed USB device number 2 using tegra-ehci
 asix 2-1:1.0 eth1: register 'asix' at usb-7d008000.usb-1, ASIX AX88772 USB 2.0 Ethernet, 00:50:b6:0f:67:60
Diff for ./tegra30-beaver/tegra30-beaver/tegra_defconfig_log.txt
--- /tmp/fooa	2017-06-27 06:54:32.668405636 -0700
+++ /tmp/foob	2017-06-27 06:54:32.672405653 -0700
@@ -38,9 +38,9 @@
 	 #################################################################
 	 #################################################################
 	 #############################
-	 3.2 MiB/s
+	 3.3 MiB/s
 done
-Bytes transferred = 6142976 (5dbc00 hex)
+Bytes transferred = 6143240 (5dbd08 hex)
 Tegra30 (Beaver) # tftpboot 0x82000000 tegra30-beaver.dtb
 Using asx0 device
 TFTP from server 192.168.100.1; our IP address is 192.168.100.101
@@ -51,7 +51,7 @@
 done
 Bytes transferred = 51848 (ca88 hex)
 Tegra30 (Beaver) # bootz 0x81000000 - 0x82000000
-Kernel image @ 0x81000000 [ 0x000000 - 0x5dbc00 ]
+Kernel image @ 0x81000000 [ 0x000000 - 0x5dbd08 ]
 ## Flattened Device Tree blob at 82000000
    Booting using the fdt blob at 0x82000000
    Loading Device Tree to 8fff0000, end 8ffffa87 ... OK
@@ -60,7 +60,7 @@
 
 Uncompressing Linux... done, booting the kernel.
 Booting Linux on physical CPU 0x0
-Linux version 4.12.0-rc6-next-20170623-182169-ga734687 (jonathanh@kaivo) (gcc version 4.7.3 20130328 (prerelease) (crosstool-NG linaro-1.13.1-4.7-2013.04-20130415 - Linaro GCC 2013.04)) #1 SMP PREEMPT Tue Jun 27 04:58:47 PDT 2017
+Linux version 4.12.0-rc6-next-20170626-182620-g875cf09 (jonathanh@kaivo) (gcc version 4.7.3 20130328 (prerelease) (crosstool-NG linaro-1.13.1-4.7-2013.04-20130415 - Linaro GCC 2013.04)) #1 SMP PREEMPT Tue Jun 27 06:48:43 PDT 2017
 CPU: ARMv7 Processor [412fc099] revision 9 (ARMv7), cr=10c5387d
 CPU: PIPT / VIPT nonaliasing data cache, VIPT aliasing instruction cache
 OF: fdt: Machine model: NVIDIA Tegra30 Beaver evaluation board
@@ -69,7 +69,7 @@
 Memory policy: Data cache writealloc
 cma: Reserved 64 MiB at 0xfbc00000
 On node 0 totalpages: 524032
-free_area_init_node: node 0, pgdat c0eae4c0, node_mem_map eeff7000
+free_area_init_node: node 0, pgdat c0eae800, node_mem_map eeff7000
   Normal zone: 1536 pages used for memmap
   Normal zone: 0 pages reserved
   Normal zone: 196608 pages, LIFO batch:31
@@ -82,7 +82,7 @@
 PID hash table entries: 4096 (order: 2, 16384 bytes)
 Dentry cache hash table entries: 131072 (order: 7, 524288 bytes)
 Inode-cache hash table entries: 65536 (order: 6, 262144 bytes)
-Memory: 1998484K/2096128K available (9216K kernel code, 738K rwdata, 2720K rodata, 1024K init, 299K bss, 32108K reserved, 65536K cma-reserved, 1244160K highmem)
+Memory: 1998484K/2096128K available (9216K kernel code, 739K rwdata, 2720K rodata, 1024K init, 299K bss, 32108K reserved, 65536K cma-reserved, 1244160K highmem)
 Virtual kernel memory layout:
     vector  : 0xffff0000 - 0xffff1000   (   4 kB)
     fixmap  : 0xffc00000 - 0xfff00000   (3072 kB)
@@ -92,8 +92,8 @@
     modules : 0xbf000000 - 0xbfe00000   (  14 MB)
       .text : 0xc0008000 - 0xc0a00000   (10208 kB)
       .init : 0xc0d00000 - 0xc0e00000   (1024 kB)
-      .data : 0xc0e00000 - 0xc0eb8ba8   ( 739 kB)
-       .bss : 0xc0ec264c - 0xc0f0d43c   ( 300 kB)
+      .data : 0xc0e00000 - 0xc0eb8f50   ( 740 kB)
+       .bss : 0xc0ec2658 - 0xc0f0d43c   ( 300 kB)
 Preemptible hierarchical RCU implementation.
 	Tasks RCU enabled.
 NR_IRQS: 16, nr_irqs: 16, preallocated irqs: 16
@@ -389,4 +389,4 @@
 Freeing unused kernel memory: 1024K
 bash: cannot set terminal process group (-1): Inappropriate ioctl for device
 bash: no job control in this shell
-root@(none):/# [    4.360171] usb 2-1: new high-speed USB device number 2 using tegra-ehci
+root@(none):/# [    4.350171] usb 2-1: new high-speed USB device number 2 using tegra-ehci
