
U-Boot SPL 2015.04-rc3-00209-ga74ef40 (Mar 16 2015 - 14:43:39)


U-Boot 2015.04-rc3-00209-ga74ef40 (Mar 16 2015 - 14:43:39)

TEGRA20
Model: Compulab TrimSlice board
DRAM:  1 GiB
MMC:   Tegra SD/MMC: 0, Tegra SD/MMC: 1
SF: Detected W25Q80BL with page size 256 Bytes, erase size 4 KiB, total 1 MiB
tegra-pcie: PCI regions:
tegra-pcie:   I/O: 0x82000000-0x82010000
tegra-pcie:   non-prefetchable memory: 0xa0000000-0xa8000000
tegra-pcie:   prefetchable memory: 0xa8000000-0xc0000000
tegra-pcie: dual-mode configuration
tegra-pcie: probing port 0, using 2 lanes
In:    serial
Out:   serial
Err:   serial
Net:   RTL8169#0
Hit any key to stop autoboot:  2  1  0 
Tegra20 (TrimSlice) # 
Tegra20 (TrimSlice) # usb reset
resetting USB...
USB0:   USB EHCI 1.00
scanning bus 0 for devices... 3 USB Device(s) found
USB1:   USB EHCI 1.00
scanning bus 1 for devices... 1 USB Device(s) found
USB2:   lowlevel init failed
       scanning usb for storage devices... 0 Storage Device(s) found
       scanning usb for ethernet devices... 
Warning: asx0 using MAC address from net device
1 Ethernet Device(s) found
Tegra20 (TrimSlice) # setenv bootargs 'ignore_loglevel console=ttyS0,115200n8 rw root=PARTUUID=11eb23c1-01 rootwait gpt debug noinitrd earlyprintk init=/bin/bash'
Tegra20 (TrimSlice) # setenv ipaddr 192.168.100.103; setenv serverip 192.168.100.1; setenv tftpserverip 192.168.100.1
Tegra20 (TrimSlice) # tftpboot 0x00408000 zImage.multi_v7_defconfig
Using RTL8169#0 device
TFTP from server 192.168.100.1; our IP address is 192.168.100.103
Filename 'zImage.multi_v7_defconfig'.
Load address: 0x408000
Loading: *#################################################################
	 #################################################################
	 #################################################################
	 #################################################################
	 #################################################################
	 #################################################################
	 #################################################################
	 #################################
	 4.1 MiB/s
done
Bytes transferred = 7158744 (6d3bd8 hex)
Tegra20 (TrimSlice) # tftpboot 0x02408000 tegra20-trimslice.dtb
Using RTL8169#0 device
TFTP from server 192.168.100.1; our IP address is 192.168.100.103
Filename 'tegra20-trimslice.dtb'.
Load address: 0x2408000
Loading: *##
	 3.4 MiB/s
done
Bytes transferred = 21172 (52b4 hex)
Tegra20 (TrimSlice) # bootz 0x00408000 - 0x02408000
Kernel image @ 0x408000 [ 0x000000 - 0x6d3bd8 ]
## Flattened Device Tree blob at 02408000
   Booting using the fdt blob at 0x2408000
   Using Device Tree in place at 02408000, end 024102b3

Starting kernel ...

[    0.000000] Booting Linux on physical CPU 0x0
[    0.000000] Linux version 4.8.0-rc6-next-20160913-118392-g562d4a2 (pwalmsley@sellafield) (gcc version 4.7.3 20130328 (prerelease) (crosstool-NG linaro-1.13.1-4.7-2013.04-20130415 - Linaro GCC 2013.04) ) #1 SMP Mon Sep 12 21:35:11 PDT 2016
[    0.000000] CPU: ARMv7 Processor [411fc090] revision 0 (ARMv7), cr=10c5387d
[    0.000000] CPU: PIPT / VIPT nonaliasing data cache, VIPT aliasing instruction cache
[    0.000000] OF: fdt:Machine model: Compulab TrimSlice board
[    0.000000] debug: ignoring loglevel setting.
[    0.000000] cma: Reserved 64 MiB at 0x3c000000
[    0.000000] Memory policy: Data cache writealloc
[    0.000000] On node 0 totalpages: 262144
[    0.000000] free_area_init_node: node 0, pgdat c1425980, node_mem_map ef7f8000
[    0.000000]   DMA zone: 1536 pages used for memmap
[    0.000000]   DMA zone: 0 pages reserved
[    0.000000]   DMA zone: 196608 pages, LIFO batch:31
[    0.000000]   HighMem zone: 65536 pages, LIFO batch:15
[    0.000000] percpu: Embedded 14 pages/cpu @ef7c7000 s26624 r8192 d22528 u57344
[    0.000000] pcpu-alloc: s26624 r8192 d22528 u57344 alloc=14*4096
[    0.000000] pcpu-alloc: [0] 0 [0] 1 
[    0.000000] Built 1 zonelists in Zone order, mobility grouping on.  Total pages: 260608
[    0.000000] Kernel command line: ignore_loglevel console=ttyS0,115200n8 rw root=PARTUUID=11eb23c1-01 rootwait gpt debug noinitrd earlyprintk init=/bin/bash
[    0.000000] PID hash table entries: 4096 (order: 2, 16384 bytes)
[    0.000000] Dentry cache hash table entries: 131072 (order: 7, 524288 bytes)
[    0.000000] Inode-cache hash table entries: 65536 (order: 6, 262144 bytes)
[    0.000000] Memory: 955884K/1048576K available (9216K kernel code, 1181K rwdata, 4032K rodata, 2048K init, 342K bss, 27156K reserved, 65536K cma-reserved, 196608K highmem)
[    0.000000] Virtual kernel memory layout:
[    0.000000]     vector  : 0xffff0000 - 0xffff1000   (   4 kB)
[    0.000000]     fixmap  : 0xffc00000 - 0xfff00000   (3072 kB)
[    0.000000]     vmalloc : 0xf0800000 - 0xff800000   ( 240 MB)
[    0.000000]     lowmem  : 0xc0000000 - 0xf0000000   ( 768 MB)
[    0.000000]     pkmap   : 0xbfe00000 - 0xc0000000   (   2 MB)
[    0.000000]     modules : 0xbf000000 - 0xbfe00000   (  14 MB)
[    0.000000]       .text : 0xc0208000 - 0xc0c00000   (10208 kB)
[    0.000000]       .init : 0xc1100000 - 0xc1300000   (2048 kB)
[    0.000000]       .data : 0xc1300000 - 0xc1427480   (1182 kB)
[    0.000000]        .bss : 0xc1429000 - 0xc147eac8   ( 343 kB)
[    0.000000] SLUB: HWalign=64, Order=0-3, MinObjects=0, CPUs=2, Nodes=1
[    0.000000] Hierarchical RCU implementation.
[    0.000000] 	Build-time adjustment of leaf fanout to 32.
[    0.000000] 	RCU restricting CPUs from NR_CPUS=16 to nr_cpu_ids=2.
[    0.000000] RCU: Adjusting geometry for rcu_fanout_leaf=32, nr_cpu_ids=2
[    0.000000] NR_IRQS:16 nr_irqs:16 16
[    0.000000] /interrupt-controller@60004000: 128 interrupts forwarded to /interrupt-controller@50041000
[    0.000000] L2C: platform modifies aux control register: 0x02080000 -> 0x3e480001
[    0.000000] L2C: DT/platform modifies aux control register: 0x02080000 -> 0x3e480001
[    0.000000] L2C-310 errata 727915 769419 enabled
[    0.000000] L2C-310 enabling early BRESP for Cortex-A9
[    0.000000] L2C-310: enabling full line of zeros but not enabled in Cortex-A9
[    0.000000] L2C-310 ID prefetch enabled, offset 1 lines
[    0.000000] L2C-310 cache controller enabled, 8 ways, 1024 kB
[    0.000000] L2C-310: CACHE_ID 0x410000c4, AUX_CTRL 0x7e480001
[    0.000010] sched_clock: 32 bits at 1000kHz, resolution 1000ns, wraps every 2147483647500ns
[    0.000025] clocksource: timer_us: mask: 0xffffffff max_cycles: 0xffffffff, max_idle_ns: 1911260446275 ns
[    0.000035] Switching to timer-based delay loop, resolution 1000ns
[    0.001666] Console: colour dummy device 80x30
[    0.001690] Calibrating delay loop (skipped), value calculated using timer frequency.. 2.00 BogoMIPS (lpj=5000)
[    0.001700] pid_max: default: 32768 minimum: 301
[    0.001776] Mount-cache hash table entries: 2048 (order: 1, 8192 bytes)
[    0.001784] Mountpoint-cache hash table entries: 2048 (order: 1, 8192 bytes)
[    0.002273] CPU: Testing write buffer coherency: ok
[    0.002454] CPU0: thread -1, cpu 0, socket 0, mpidr 80000000
[    0.002477] Setting up static identity map for 0x300000 - 0x300098
[    0.003999] Tegra Revision: A03 prime SKU: 8 CPU Process: 1 SoC Process: 2
[    0.005061] CPU1: thread -1, cpu 1, socket 0, mpidr 80000001
[    0.005127] Brought up 2 CPUs
[    0.005139] SMP: Total of 2 processors activated (4.00 BogoMIPS).
[    0.005145] CPU: All CPU(s) started in SVC mode.
[    0.005184] span: 0-1 (max cpu_capacity = 1024)
[    0.005807] devtmpfs: initialized
[    0.010065] VFP support v0.3: implementor 41 architecture 3 part 30 variant 9 rev 1
[    0.010317] clocksource: jiffies: mask: 0xffffffff max_cycles: 0xffffffff, max_idle_ns: 9556302231375000 ns
[    0.013227] pinctrl core: initialized pinctrl subsystem
[    0.014360] NET: Registered protocol family 16
[    0.016274] DMA: preallocated 256 KiB pool for atomic coherent allocations
[    0.029908] cpuidle: using governor menu
[    0.040754] No ATAGs?
[    0.040776] hw-breakpoint: found 5 (+1 reserved) breakpoint and 1 watchpoint registers.
[    0.040783] hw-breakpoint: maximum watchpoint size is 4 bytes.
[    0.044167] Serial: AMBA PL011 UART driver
[    0.073340] usb1_vbus: Failed to request enable GPIO170: -517
[    0.073354] reg-fixed-voltage regulators:regulator@2: Failed to register regulator: -517
[    0.076946] vgaarb: loaded
[    0.077538] SCSI subsystem initialized
[    0.077659] libata version 3.00 loaded.
[    0.077861] usbcore: registered new interface driver usbfs
[    0.077905] usbcore: registered new interface driver hub
[    0.077944] usbcore: registered new device driver usb
[    0.079958] pps_core: LinuxPPS API ver. 1 registered
[    0.079966] pps_core: Software ver. 5.3.6 - Copyright 2005-2007 Rodolfo Giometti <giometti@linux.it>
[    0.079984] PTP clock support registered
[    0.080128] EDAC MC: Ver: 3.0.0
[    0.081970] clocksource: Switched to clocksource timer_us
[    0.089557] NET: Registered protocol family 2
[    0.089981] TCP established hash table entries: 8192 (order: 3, 32768 bytes)
[    0.090052] TCP bind hash table entries: 8192 (order: 4, 65536 bytes)
[    0.090165] TCP: Hash tables configured (established 8192 bind 8192)
[    0.090235] UDP hash table entries: 512 (order: 2, 16384 bytes)
[    0.090280] UDP-Lite hash table entries: 512 (order: 2, 16384 bytes)
[    0.090426] NET: Registered protocol family 1
[    0.090705] RPC: Registered named UNIX socket transport module.
[    0.090713] RPC: Registered udp transport module.
[    0.090718] RPC: Registered tcp transport module.
[    0.090723] RPC: Registered tcp NFSv4.1 backchannel transport module.
[    0.090732] PCI: CLS 0 bytes, default 64
[    0.091530] hw perfevents: enabled with armv7_cortex_a9 PMU driver, 7 counters available
[    0.092487] futex hash table entries: 512 (order: 3, 32768 bytes)
[    0.093010] workingset: timestamp_bits=30 max_order=18 bucket_order=0
[    0.100241] squashfs: version 4.0 (2009/01/31) Phillip Lougher
[    0.100859] NFS: Registering the id_resolver key type
[    0.100880] Key type id_resolver registered
[    0.100886] Key type id_legacy registered
[    0.100918] ntfs: driver 2.1.32 [Flags: R/O].
[    0.101800] bounce: pool size: 64 pages
[    0.101948] Block layer SCSI generic (bsg) driver version 0.4 loaded (major 248)
[    0.101984] io scheduler noop registered
[    0.101992] io scheduler deadline registered
[    0.102117] io scheduler cfq registered (default)
[    0.105013] libphy: mdio_driver_register: phy-bcm-ns2-pci
[    0.113551] tegra-pcie 80003000.pcie-controller: dual-mode configuration
[    0.114283] tegra-pcie 80003000.pcie-controller: probing port 0, using 2 lanes
[    0.196908] tegra-pcie 80003000.pcie-controller: PCI host bridge to bus 0000:00
[    0.196919] pci_bus 0000:00: root bus resource [io  0x0000-0xffff]
[    0.196928] pci_bus 0000:00: root bus resource [mem 0xa0000000-0xa7ffffff]
[    0.196937] pci_bus 0000:00: root bus resource [mem 0xa8000000-0xbfffffff pref]
[    0.196945] pci_bus 0000:00: root bus resource [bus 00-ff]
[    0.197007] pci 0000:00:01.0: [10de:0bf0] type 01 class 0x060000
[    0.197070] pci 0000:00:01.0: PME# supported from D0 D1 D2 D3hot D3cold
[    0.197263] PCI: bus0: Fast back to back transfers disabled
[    0.197274] pci 0000:00:01.0: bridge configuration invalid ([bus 00-00]), reconfiguring
[    0.197410] pci 0000:01:00.0: [10ec:8168] type 00 class 0x020000
[    0.197432] pci 0000:01:00.0: reg 0x10: [io  0x0000-0x00ff]
[    0.197454] pci 0000:01:00.0: reg 0x18: [mem 0x00000000-0x00000fff 64bit pref]
[    0.197471] pci 0000:01:00.0: reg 0x20: [mem 0x00000000-0x00003fff 64bit pref]
[    0.197483] pci 0000:01:00.0: reg 0x30: [mem 0x00000000-0x0001ffff pref]
[    0.197560] pci 0000:01:00.0: supports D1 D2
[    0.197569] pci 0000:01:00.0: PME# supported from D0 D1 D2 D3hot D3cold
[    0.212002] PCI: bus1: Fast back to back transfers disabled
[    0.212014] pci_bus 0000:01: busn_res: [bus 01-ff] end is updated to 01
[    0.212026] Disabling cpuidle LP2 state, since PCIe IRQs are in use
[    0.212084] pci 0000:00:01.0: BAR 8: assigned [mem 0xa0000000-0xa00fffff]
[    0.212096] pci 0000:00:01.0: BAR 9: assigned [mem 0xa8000000-0xa80fffff 64bit pref]
[    0.212105] pci 0000:00:01.0: BAR 7: assigned [io  0x1000-0x1fff]
[    0.212118] pci 0000:01:00.0: BAR 6: assigned [mem 0xa0000000-0xa001ffff pref]
[    0.212128] pci 0000:01:00.0: BAR 4: assigned [mem 0xa8000000-0xa8003fff 64bit pref]
[    0.212145] pci 0000:01:00.0: BAR 2: assigned [mem 0xa8004000-0xa8004fff 64bit pref]
[    0.212161] pci 0000:01:00.0: BAR 0: assigned [io  0x1000-0x10ff]
[    0.212172] pci 0000:00:01.0: PCI bridge to [bus 01]
[    0.212179] pci 0000:00:01.0:   bridge window [io  0x1000-0x1fff]
[    0.212187] pci 0000:00:01.0:   bridge window [mem 0xa0000000-0xa00fffff]
[    0.212195] pci 0000:00:01.0:   bridge window [mem 0xa8000000-0xa80fffff 64bit pref]
[    0.212215] pci 0000:00:01.0: nv_msi_ht_cap_quirk didn't locate host bridge
[    0.212266] pcieport 0000:00:01.0: enabling device (0140 -> 0143)
[    0.212440] pcieport 0000:00:01.0: Signaling PME through PCIe PME interrupt
[    0.212449] pci 0000:01:00.0: Signaling PME through PCIe PME interrupt
[    0.212459] pcie_pme 0000:00:01.0:pcie001: service driver pcie_pme loaded
[    0.216071] tegra-apbdma 6000a000.dma: Tegra20 APB DMA driver register 16 channels
[    0.266108] Serial: 8250/16550 driver, 4 ports, IRQ sharing disabled
[    0.268461] console [ttyS0] disabled
[    0.268496] 70006000.serial: ttyS0 at MMIO 0x70006000 (irq = 279, base_baud = 13500000) is a Tegra
[    1.224104] console [ttyS0] enabled
[    1.228203] SuperH (H)SCI(F) driver initialized
[    1.233469] msm_serial: driver initialized
[    1.237708] STMicroelectronics ASC driver initialized
[    1.245339] [drm] Initialized drm 1.1.0 20060810
[    1.252216] 54280000.hdmi supply hdmi not found, using dummy regulator
[    1.260884] [drm] Supports vblank timestamp caching Rev 2 (21.10.2013).
[    1.267500] [drm] No driver support for vblank timestamp query.
[    1.273449] drm drm: No connectors reported connected with modes
[    1.279460] [drm] Cannot find any crtc or sizes - going 1024x768
[    1.301542] Console: switching to colour frame buffer device 128x48
[    1.316237] drm drm: fb0:  frame buffer device
[    1.336980] [drm] Initialized tegra 0.0.0 20120330 on minor 0
[    1.351573] brd: module loaded
[    1.358927] loop: module loaded
[    1.367555] m25p80 spi32766.0: found s25fl008k, expected w25q80bl
[    1.373666] m25p80 spi32766.0: s25fl008k (1024 Kbytes)
[    1.380932] libphy: Fixed MDIO Bus: probed
[    1.385889] CAN device driver interface
[    1.391271] igb: Intel(R) Gigabit Ethernet Network Driver - version 5.3.0-k
[    1.398231] igb: Copyright (c) 2007-2014 Intel Corporation.
[    1.404310] r8169 Gigabit Ethernet driver 2.3LK-NAPI loaded
[    1.409907] r8169 0000:01:00.0: enabling device (0140 -> 0143)
[    1.416507] r8169 0000:01:00.0 eth0: RTL8168d/8111d at 0xf0878000, 00:01:c0:13:7d:63, XID 081000c0 IRQ 296
[    1.426163] r8169 0000:01:00.0 eth0: jumbo features [frames: 9200 bytes, tx checksumming: ko]
[    1.436623] pegasus: v0.9.3 (2013/04/25), Pegasus/Pegasus II USB Ethernet driver
[    1.444077] usbcore: registered new interface driver pegasus
[    1.449779] usbcore: registered new interface driver asix
[    1.455209] usbcore: registered new interface driver ax88179_178a
[    1.461341] usbcore: registered new interface driver cdc_ether
[    1.467222] usbcore: registered new interface driver smsc75xx
[    1.473011] usbcore: registered new interface driver smsc95xx
[    1.478786] usbcore: registered new interface driver net1080
[    1.484475] usbcore: registered new interface driver cdc_subset
[    1.490422] usbcore: registered new interface driver zaurus
[    1.496042] usbcore: registered new interface driver cdc_ncm
[    1.501987] tegra-phy c5004000.usb-phy: no vbus regulator
[    1.508426] tegra-phy c5008000.usb-phy: no vbus regulator
[    1.515106] ehci_hcd: USB 2.0 'Enhanced' Host Controller (EHCI) Driver
[    1.521635] ehci-pci: EHCI PCI platform driver
[    1.526115] ehci-platform: EHCI generic platform driver
[    1.531498] ehci-orion: EHCI orion driver
[    1.535613] SPEAr-ehci: EHCI SPEAr driver
[    1.539729] ehci-st: EHCI STMicroelectronics driver
[    1.544710] ehci-exynos: EHCI EXYNOS driver
[    1.549014] ehci-atmel: EHCI Atmel driver
[    1.553132] tegra-ehci: Tegra EHCI driver
[    1.588178] ulpi_phy_power_on: ulpi write failed
[    1.592799] tegra-ehci c5004000.usb: Failed to power on the phy
[    1.598729] tegra-ehci: probe of c5004000.usb failed with error -110
[    1.607714] tegra-ehci c5008000.usb: EHCI Host Controller
[    1.613129] tegra-ehci c5008000.usb: new USB bus registered, assigned bus number 1
[    1.620955] tegra-ehci c5008000.usb: irq 290, io mem 0xc5008000
[    1.636988] tegra-ehci c5008000.usb: USB 2.0 started, EHCI 1.00
[    1.643537] hub 1-0:1.0: USB hub found
[    1.647317] hub 1-0:1.0: 1 port detected
[    1.651524] ohci_hcd: USB 1.1 'Open' Host Controller (OHCI) Driver
[    1.657715] ohci-pci: OHCI PCI platform driver
[    1.662200] ohci-platform: OHCI generic platform driver
[    1.667574] ohci-omap3: OHCI OMAP3 driver
[    1.671674] SPEAr-ohci: OHCI SPEAr driver
[    1.675791] ohci-st: OHCI STMicroelectronics driver
[    1.680768] ohci-atmel: OHCI Atmel driver
[    1.685365] usbcore: registered new interface driver usb-storage
[    1.692575] mousedev: PS/2 mouse device common for all mice
[    1.699702] rtc-em3027 2-0056: rtc core: registered rtc-em3027 as rtc0
[    1.707383] tegra_rtc 7000e000.rtc: rtc core: registered 7000e000.rtc as rtc1
[    1.714548] tegra_rtc 7000e000.rtc: Tegra internal Real Time Clock
[    1.721125] i2c /dev entries driver
[    1.733808] sdhci: Secure Digital Host Controller Interface driver
[    1.740001] sdhci: Copyright(c) Pierre Ossman
[    1.745520] Synopsys Designware Multimedia Card Interface Driver
[    1.752389] sdhci-pltfm: SDHCI platform and OF driver helper
[    1.758860] mmc0: Invalid maximum block size, assuming 512 bytes
[    1.801991] mmc0: SDHCI controller on c8000000.sdhci [c8000000.sdhci] using ADMA
[    1.809490] sdhci-tegra c8000600.sdhci: Got CD GPIO
[    1.814384] sdhci-tegra c8000600.sdhci: Got WP GPIO
[    1.819424] mmc1: Invalid maximum block size, assuming 512 bytes
[    1.862073] mmc1: SDHCI controller on c8000600.sdhci [c8000600.sdhci] using ADMA
[    1.870840] ledtrig-cpu: registered to indicate activity on CPUs
[    1.877196] usbcore: registered new interface driver usbhid
[    1.882802] usbhid: USB HID core driver
[    1.891657] NET: Registered protocol family 10
[    1.896937] sit: IPv6, IPv4 and MPLS over IPv4 tunneling driver
[    1.903363] NET: Registered protocol family 17
[    1.907836] can: controller area network core (rev 20120528 abi 9)
[    1.914080] NET: Registered protocol family 29
[    1.918550] can: raw protocol (rev 20120528)
[    1.922832] can: broadcast manager protocol (rev 20160617 t)
[    1.928493] can: netlink gateway (rev 20130117) max_hops=1
[    1.934301] Key type dns_resolver registered
[    1.938961] ThumbEE CPU extension supported.
[    1.943251] Registering SWP/SWPB emulation handler
[    1.952865] utmi_phy_clk_enable: timeout waiting for phy to stabilize
[    1.959336] tegra-ehci c5000000.usb: EHCI Host Controller
[    1.964755] tegra-ehci c5000000.usb: new USB bus registered, assigned bus number 2
[    1.972667] tegra-ehci c5000000.usb: irq 288, io mem 0xc5000000
[    1.987129] mmc1: new high speed SD card at address b368
[    1.992802] mmcblk1: mmc1:b368 NCard 1.83 GiB (ro)
[    2.000135]  mmcblk1: p1 p2
[    2.006998] usb 1-1: new high-speed USB device number 2 using tegra-ehci
[    2.013720] mmc0: host does not support reading read-only switch, assuming write-enable
[    2.021992] tegra-ehci c5000000.usb: USB 2.0 started, EHCI 1.00
[    2.028452] mmc0: new high speed SDHC card at address b368
[    2.034244] hub 2-0:1.0: USB hub found
[    2.038038] hub 2-0:1.0: 1 port detected
[    2.042130] mmcblk0: mmc0:b368 NCard 3.70 GiB 
[    2.047551] input: gpio-keys as /devices/soc0/gpio-keys/input/input0
[    2.055120] rtc-em3027 2-0056: setting system clock to 2015-02-05 17:43:07 UTC (1423158187)
[    2.069842]  mmcblk0: p1
[    2.073863] EXT4-fs (mmcblk0p1): mounting ext3 file system using the ext4 subsystem
[    2.162241] EXT4-fs (mmcblk0p1): recovery complete
[    2.167060] EXT4-fs (mmcblk0p1): mounted filesystem with ordered data mode. Opts: (null)
[    2.175190] VFS: Mounted root (ext3 filesystem) on device 179:17.
[    2.181929] hub 1-1:1.0: USB hub found
[    2.185849] hub 1-1:1.0: 4 ports detected
[    2.197142] devtmpfs: mounted
[    2.202663] Freeing unused kernel memory: 2048K (c1100000 - c1300000)
[    2.277057] random: fast init done
bash: cannot set terminal process group (-1): Inappropriate ioctl for device
bash: no job control in this shell
[    2.477035] usb 1-1.2: new high-speed USB device number 3 using tegra-ehci
root@(none):/# [    3.047199] asix 1-1.2:1.0 eth1: register 'asix' at usb-c5008000.usb-1.2, ASIX AX88772 USB 2.0 Ethernet, 00:60:6e:60:6c:68
mount -t sysfs none /sys
root@(none):/# 
root@(none):/# mount -t debugfs none /sys/kernel/debug
root@(none):/# 
root@(none):/# rtcwake -d rtc1 -m mem -s 3
rtcwake: assuming RTC uses UTC ...
rtcwake: wakeup from "mem" using /dev/rtc1 at Thu Jan  1 00:00:23 1970
[    7.530101] PM: Syncing filesystems ... done.
[    7.576593] Freezing user space processes ... (elapsed 0.001 seconds) done.
[    7.585103] Freezing remaining freezable tasks ... (elapsed 0.001 seconds) done.
[    7.594192] Suspending console(s) (use no_console_suspend to debug)
[    7.603605] asix 1-1.2:1.0 eth1: Failed to read reg index 0x0000: -19
[    7.603633] asix 1-1.2:1.0 eth1: Error reading Medium Status register: ffffffed
[    7.603662] asix 1-1.2:1.0 eth1: Failed to write reg index 0x0000: -19
[    7.603687] asix 1-1.2:1.0 eth1: Failed to write Medium Mode mode to 0xfeed: ffffffed
[    7.634101] PM: suspend of devices complete after 30.999 msecs
[    7.637681] PM: late suspend of devices complete after 3.549 msecs
[    7.657668] PM: noirq suspend of devices complete after 19.956 msecs
[    7.657680] Disabling non-boot CPUs ...
[    7.657994] span: 0 (max cpu_capacity = 1024)
[    7.659509] CPU1: shutdown
[    7.685989] Entering suspend state LP1
[    7.685989] Suspended for 1.345 seconds
[    7.686038] Enabling non-boot CPUs ...
[    7.701062] span: 0-1 (max cpu_capacity = 1024)
[    7.701328] CPU1 is up
[    7.703868] pcieport 0000:00:01.0: nv_msi_ht_cap_quirk didn't locate host bridge
[    7.722211] PM: noirq resume of devices complete after 20.851 msecs
[    7.725783] PM: early resume of devices complete after 2.851 msecs
[    8.225570] PM: resume of devices complete after 499.753 msecs
[    8.330409] Restarting tasks ... done.
root@(none):/# 
root@(none):/# rtcwake -d rtc1 -m mem -s 3
rtcwake: assuming RTC uses UTC ...
rtcwake: wakeup from "mem" using /dev/rtc1 at Thu Jan  1 00:00:28 1970
[    9.347311] PM: Syncing filesystems ... done.
[    9.392798] Freezing user space processes ... (elapsed 0.001 seconds) done.
[    9.401325] Freezing remaining freezable tasks ... (elapsed 0.001 seconds) done.
[    9.410438] Suspending console(s) (use no_console_suspend to debug)
[    9.419655] asix 1-1.2:1.0 eth1: Failed to read reg index 0x0000: -19
[    9.419680] asix 1-1.2:1.0 eth1: Error reading Medium Status register: ffffffed
[    9.419708] asix 1-1.2:1.0 eth1: Failed to write reg index 0x0000: -19
[    9.419732] asix 1-1.2:1.0 eth1: Failed to write Medium Mode mode to 0xfeed: ffffffed
[    9.449848] PM: suspend of devices complete after 30.519 msecs
[    9.453744] PM: late suspend of devices complete after 3.866 msecs
[    9.477489] PM: noirq suspend of devices complete after 23.714 msecs
[    9.477500] Disabling non-boot CPUs ...
[    9.477818] span: 0 (max cpu_capacity = 1024)
[    9.479454] CPU1: shutdown
[    9.510295] Entering suspend state LP1
[    9.510295] Suspended for 3.175 seconds
[    9.510344] Enabling non-boot CPUs ...
[    9.526017] span: 0-1 (max cpu_capacity = 1024)
[    9.526282] CPU1 is up
[    9.527273] pcieport 0000:00:01.0: nv_msi_ht_cap_quirk didn't locate host bridge
[    9.547170] PM: noirq resume of devices complete after 20.855 msecs
[    9.550789] PM: early resume of devices complete after 2.908 msecs
[   10.050353] PM: resume of devices complete after 499.530 msecs
[   10.155168] Restarting tasks ... done.
root@(none):/# 
root@(none):/# rtcwake -d rtc1 -m mem -s 3
rtcwake: assuming RTC uses UTC ...
rtcwake: wakeup from "mem" using /dev/rtc1 at Thu Jan  1 00:00:33 1970
[   11.167048] PM: Syncing filesystems ... done.
[   11.212392] Freezing user space processes ... (elapsed 0.001 seconds) done.
[   11.220915] Freezing remaining freezable tasks ... (elapsed 0.001 seconds) done.
[   11.229998] Suspending console(s) (use no_console_suspend to debug)
[   11.239748] asix 1-1.2:1.0 eth1: Failed to read reg index 0x0000: -19
[   11.239776] asix 1-1.2:1.0 eth1: Error reading Medium Status register: ffffffed
[   11.239804] asix 1-1.2:1.0 eth1: Failed to write reg index 0x0000: -19
[   11.239827] asix 1-1.2:1.0 eth1: Failed to write Medium Mode mode to 0xfeed: ffffffed
[   11.269047] PM: suspend of devices complete after 30.103 msecs
[   11.272588] PM: late suspend of devices complete after 3.512 msecs
[   11.292441] PM: noirq suspend of devices complete after 19.821 msecs
[   11.292452] Disabling non-boot CPUs ...
[   11.292755] span: 0 (max cpu_capacity = 1024)
[   11.294290] CPU1: shutdown
[   11.320166] Entering suspend state LP1
[   11.320166] Suspended for 3.190 seconds
[   11.320214] Enabling non-boot CPUs ...
[   11.335925] span: 0-1 (max cpu_capacity = 1024)
[   11.336193] CPU1 is up
[   11.337582] pcieport 0000:00:01.0: nv_msi_ht_cap_quirk didn't locate host bridge
[   11.357088] PM: noirq resume of devices complete after 20.862 msecs
[   11.360720] PM: early resume of devices complete after 2.905 msecs
[   11.865541] PM: resume of devices complete after 504.789 msecs
[   11.970347] Restarting tasks ... done.
root@(none):/# 
root@(none):/# rtcwake -d rtc1 -m mem -s 3
rtcwake: assuming RTC uses UTC ...
rtcwake: wakeup from "mem" using /dev/rtc1 at Thu Jan  1 00:00:38 1970
[   12.976871] PM: Syncing filesystems ... done.
[   13.022228] Freezing user space processes ... (elapsed 0.001 seconds) done.
[   13.030769] Freezing remaining freezable tasks ... (elapsed 0.001 seconds) done.
[   13.039856] Suspending console(s) (use no_console_suspend to debug)
[   13.049077] asix 1-1.2:1.0 eth1: Failed to read reg index 0x0000: -19
[   13.049103] asix 1-1.2:1.0 eth1: Error reading Medium Status register: ffffffed
[   13.049129] asix 1-1.2:1.0 eth1: Failed to write reg index 0x0000: -19
[   13.049152] asix 1-1.2:1.0 eth1: Failed to write Medium Mode mode to 0xfeed: ffffffed
[   13.078654] PM: suspend of devices complete after 29.895 msecs
[   13.082381] PM: late suspend of devices complete after 3.696 msecs
[   13.102368] PM: noirq suspend of devices complete after 19.955 msecs
[   13.102379] Disabling non-boot CPUs ...
[   13.102695] span: 0 (max cpu_capacity = 1024)
[   13.104325] CPU1: shutdown
[   13.130126] Entering suspend state LP1
[   13.130126] Suspended for 3.189 seconds
[   13.130176] Enabling non-boot CPUs ...
[   13.145859] span: 0-1 (max cpu_capacity = 1024)
[   13.146126] CPU1 is up
[   13.147497] pcieport 0000:00:01.0: nv_msi_ht_cap_quirk didn't locate host bridge
[   13.166996] PM: noirq resume of devices complete after 20.837 msecs
[   13.170622] PM: early resume of devices complete after 2.913 msecs
[   13.669841] PM: resume of devices complete after 499.185 msecs
[   13.774588] Restarting tasks ... done.
root@(none):/# 
root@(none):/# rtcwake -d rtc1 -m mem -s 3
rtcwake: assuming RTC uses UTC ...
rtcwake: wakeup from "mem" using /dev/rtc1 at Thu Jan  1 00:00:43 1970
[   14.786768] PM: Syncing filesystems ... done.
[   14.832143] Freezing user space processes ... (elapsed 0.001 seconds) done.
[   14.840680] Freezing remaining freezable tasks ... (elapsed 0.001 seconds) done.
[   14.849767] Suspending console(s) (use no_console_suspend to debug)
[   14.859038] asix 1-1.2:1.0 eth1: Failed to read reg index 0x0000: -19
[   14.859064] asix 1-1.2:1.0 eth1: Error reading Medium Status register: ffffffed
[   14.859091] asix 1-1.2:1.0 eth1: Failed to write reg index 0x0000: -19
[   14.859134] asix 1-1.2:1.0 eth1: Failed to write Medium Mode mode to 0xfeed: ffffffed
[   14.881416] PM: suspend of devices complete after 22.729 msecs
[   14.884940] PM: late suspend of devices complete after 3.493 msecs
[   14.907279] PM: noirq suspend of devices complete after 22.310 msecs
[   14.907290] Disabling non-boot CPUs ...
[   14.907601] span: 0 (max cpu_capacity = 1024)
[   14.909236] CPU1: shutdown
[   14.939985] Entering suspend state LP1
[   14.939985] Suspended for 3.190 seconds
[   14.940034] Enabling non-boot CPUs ...
[   14.955780] span: 0-1 (max cpu_capacity = 1024)
[   14.956046] CPU1 is up
[   14.957336] pcieport 0000:00:01.0: nv_msi_ht_cap_quirk didn't locate host bridge
[   14.976910] PM: noirq resume of devices complete after 20.831 msecs
[   14.980554] PM: early resume of devices complete after 2.921 msecs
[   15.479738] PM: resume of devices complete after 499.151 msecs
[   15.584517] Restarting tasks ... done.
root@(none):/# 
root@(none):/# rtcwake -d rtc1 -m mem -s 3
rtcwake: assuming RTC uses UTC ...
rtcwake: wakeup from "mem" using /dev/rtc1 at Thu Jan  1 00:00:48 1970
[   16.596833] PM: Syncing filesystems ... done.
[   16.642177] Freezing user space processes ... (elapsed 0.001 seconds) done.
[   16.650718] Freezing remaining freezable tasks ... (elapsed 0.001 seconds) done.
[   16.659808] Suspending console(s) (use no_console_suspend to debug)
[   16.669043] asix 1-1.2:1.0 eth1: Failed to read reg index 0x0000: -19
[   16.669069] asix 1-1.2:1.0 eth1: Error reading Medium Status register: ffffffed
[   16.669096] asix 1-1.2:1.0 eth1: Failed to write reg index 0x0000: -19
[   16.669138] asix 1-1.2:1.0 eth1: Failed to write Medium Mode mode to 0xfeed: ffffffed
[   16.699351] PM: suspend of devices complete after 30.625 msecs
[   16.702876] PM: late suspend of devices complete after 3.494 msecs
[   16.722162] PM: noirq suspend of devices complete after 19.255 msecs
[   16.722173] Disabling non-boot CPUs ...
[   16.722487] span: 0 (max cpu_capacity = 1024)
[   16.724118] CPU1: shutdown
[   16.739950] Entering suspend state LP1
[   16.739950] Suspended for 3.199 seconds
[   16.739998] Enabling non-boot CPUs ...
[   16.755668] span: 0-1 (max cpu_capacity = 1024)
[   16.755937] CPU1 is up
[   16.758466] pcieport 0000:00:01.0: nv_msi_ht_cap_quirk didn't locate host bridge
[   16.776827] PM: noirq resume of devices complete after 20.858 msecs
[   16.780791] PM: early resume of devices complete after 3.256 msecs
[   17.279895] PM: resume of devices complete after 499.071 msecs
[   17.384613] Restarting tasks ... done.
root@(none):/# 
root@(none):/# rtcwake -d rtc1 -m mem -s 3
rtcwake: assuming RTC uses UTC ...
rtcwake: wakeup from "mem" using /dev/rtc1 at Thu Jan  1 00:00:53 1970
[   18.401574] PM: Syncing filesystems ... done.
[   18.446981] Freezing user space processes ... (elapsed 0.001 seconds) done.
[   18.455458] Freezing remaining freezable tasks ... (elapsed 0.001 seconds) done.
[   18.464339] Suspending console(s) (use no_console_suspend to debug)
[   18.473014] asix 1-1.2:1.0 eth1: Failed to read reg index 0x0000: -19
[   18.473040] asix 1-1.2:1.0 eth1: Error reading Medium Status register: ffffffed
[   18.473067] asix 1-1.2:1.0 eth1: Failed to write reg index 0x0000: -19
[   18.473091] asix 1-1.2:1.0 eth1: Failed to write Medium Mode mode to 0xfeed: ffffffed
[   18.503274] PM: suspend of devices complete after 30.798 msecs
[   18.506791] PM: late suspend of devices complete after 3.486 msecs
[   18.527074] PM: noirq suspend of devices complete after 20.253 msecs
[   18.527085] Disabling non-boot CPUs ...
[   18.527380] span: 0 (max cpu_capacity = 1024)
[   18.529000] CPU1: shutdown
[   18.554843] Entering suspend state LP1
[   18.554843] Suspended for 3.185 seconds
[   18.554890] Enabling non-boot CPUs ...
[   18.570641] span: 0-1 (max cpu_capacity = 1024)
[   18.570923] CPU1 is up
[   18.572554] pcieport 0000:00:01.0: nv_msi_ht_cap_quirk didn't locate host bridge
[   18.591743] PM: noirq resume of devices complete after 20.788 msecs
[   18.595370] PM: early resume of devices complete after 2.911 msecs
[   19.100638] PM: resume of devices complete after 505.237 msecs
[   19.205445] Restarting tasks ... done.
root@(none):/# 
root@(none):/# rtcwake -d rtc1 -m mem -s 3
rtcwake: assuming RTC uses UTC ...
rtcwake: wakeup from "mem" using /dev/rtc1 at Thu Jan  1 00:00:58 1970
[   20.216627] PM: Syncing filesystems ... done.
[   20.258909] Freezing user space processes ... (elapsed 0.001 seconds) done.
[   20.267335] Freezing remaining freezable tasks ... (elapsed 0.001 seconds) done.
[   20.276199] Suspending console(s) (use no_console_suspend to debug)
[   20.284698] asix 1-1.2:1.0 eth1: Failed to read reg index 0x0000: -19
[   20.284724] asix 1-1.2:1.0 eth1: Error reading Medium Status register: ffffffed
[   20.284752] asix 1-1.2:1.0 eth1: Failed to write reg index 0x0000: -19
[   20.284775] asix 1-1.2:1.0 eth1: Failed to write Medium Mode mode to 0xfeed: ffffffed
[   20.306677] PM: suspend of devices complete after 22.349 msecs
[   20.310182] PM: late suspend of devices complete after 3.473 msecs
[   20.331994] PM: noirq suspend of devices complete after 21.781 msecs
[   20.332005] Disabling non-boot CPUs ...
[   20.332298] span: 0 (max cpu_capacity = 1024)
[   20.333843] CPU1: shutdown
[   20.364838] Entering suspend state LP1
[   20.364838] Suspended for 3.189 seconds
[   20.364886] Enabling non-boot CPUs ...
[   20.380521] span: 0-1 (max cpu_capacity = 1024)
[   20.380788] CPU1 is up
[   20.381631] pcieport 0000:00:01.0: nv_msi_ht_cap_quirk didn't locate host bridge
[   20.401638] PM: noirq resume of devices complete after 20.817 msecs
[   20.405067] PM: early resume of devices complete after 2.895 msecs
[   20.900473] PM: resume of devices complete after 495.374 msecs
[   21.005197] Restarting tasks ... done.
root@(none):/# 
root@(none):/# rtcwake -d rtc1 -m mem -s 3
rtcwake: assuming RTC uses UTC ...
rtcwake: wakeup from "mem" using /dev/rtc1 at Thu Jan  1 00:01:03 1970
[   22.026367] PM: Syncing filesystems ... done.
[   22.071647] Freezing user space processes ... (elapsed 0.001 seconds) done.
[   22.080142] Freezing remaining freezable tasks ... (elapsed 0.001 seconds) done.
[   22.089241] Suspending console(s) (use no_console_suspend to debug)
[   22.098592] asix 1-1.2:1.0 eth1: Failed to read reg index 0x0000: -19
[   22.098618] asix 1-1.2:1.0 eth1: Error reading Medium Status register: ffffffed
[   22.098645] asix 1-1.2:1.0 eth1: Failed to write reg index 0x0000: -19
[   22.098670] asix 1-1.2:1.0 eth1: Failed to write Medium Mode mode to 0xfeed: ffffffed
[   22.129218] PM: suspend of devices complete after 31.086 msecs
[   22.132801] PM: late suspend of devices complete after 3.551 msecs
[   22.151960] PM: noirq suspend of devices complete after 19.129 msecs
[   22.151971] Disabling non-boot CPUs ...
[   22.152279] span: 0 (max cpu_capacity = 1024)
[   22.153839] CPU1: shutdown
[   22.169677] Entering suspend state LP1
[   22.169677] Suspended for 3.195 seconds
[   22.169726] Enabling non-boot CPUs ...
[   22.185499] span: 0-1 (max cpu_capacity = 1024)
[   22.185768] CPU1 is up
[   22.186992] pcieport 0000:00:01.0: nv_msi_ht_cap_quirk didn't locate host bridge
[   22.206564] PM: noirq resume of devices complete after 20.762 msecs
[   22.210250] PM: early resume of devices complete after 2.959 msecs
[   22.710445] PM: resume of devices complete after 500.161 msecs
[   22.815238] Restarting tasks ... done.
root@(none):/# 
root@(none):/# rtcwake -d rtc1 -m mem -s 3
rtcwake: assuming RTC uses UTC ...
rtcwake: wakeup from "mem" using /dev/rtc1 at Thu Jan  1 00:01:08 1970
[   23.831342] PM: Syncing filesystems ... done.
[   23.876714] Freezing user space processes ... (elapsed 0.001 seconds) done.
[   23.885254] Freezing remaining freezable tasks ... (elapsed 0.001 seconds) done.
[   23.894366] Suspending console(s) (use no_console_suspend to debug)
[   23.903575] asix 1-1.2:1.0 eth1: Failed to read reg index 0x0000: -19
[   23.903602] asix 1-1.2:1.0 eth1: Error reading Medium Status register: ffffffed
[   23.903630] asix 1-1.2:1.0 eth1: Failed to write reg index 0x0000: -19
[   23.903653] asix 1-1.2:1.0 eth1: Failed to write Medium Mode mode to 0xfeed: ffffffed
[   23.925829] PM: suspend of devices complete after 22.573 msecs
[   23.929312] PM: late suspend of devices complete after 3.453 msecs
[   23.951875] PM: noirq suspend of devices complete after 22.531 msecs
[   23.951886] Disabling non-boot CPUs ...
[   23.952215] span: 0 (max cpu_capacity = 1024)
[   23.953844] CPU1: shutdown
[   23.984625] Entering suspend state LP1
[   23.984625] Suspended for 3.184 seconds
[   23.984674] Enabling non-boot CPUs ...
[   24.000311] span: 0-1 (max cpu_capacity = 1024)
[   24.000573] CPU1 is up
[   24.001625] pcieport 0000:00:01.0: nv_msi_ht_cap_quirk didn't locate host bridge
[   24.021488] PM: noirq resume of devices complete after 20.882 msecs
[   24.025125] PM: early resume of devices complete after 2.914 msecs
[   24.529769] PM: resume of devices complete after 504.613 msecs
[   24.634578] Restarting tasks ... done.
root@(none):/# 
root@(none):/# NVTB SYSTEM SUSPEND TEST COMPLETE
