[    0.000000] Booting Linux on physical CPU 0x0
[    0.000000] Linux version 4.7.0-rc6-next-20160708+ (pwalmsley@tamien) (gcc version 4.9.2 20140904 (prerelease) (crosstool-NG linaro-1.13.1-4.9-2014.09 - Linaro GCC 4.9-2014.09) ) #1 SMP PREEMPT Tue Jul 12 05:05:48 PDT 2016
[    0.000000] Boot CPU: AArch64 Processor [411fd070]
[    0.000000] Memory limited to 1024MB
[    0.000000] efi: Getting EFI parameters from FDT:
[    0.000000] efi: UEFI not found.
[    0.000000] cma: Reserved 16 MiB at 0x000000007f000000
[    0.000000] psci: probing for conduit method from DT.
[    0.000000] psci: PSCIv0.2 detected in firmware.
[    0.000000] psci: Using standard PSCI v0.2 function IDs
[    0.000000] psci: Trusted OS migration not required
[    0.000000] percpu: Embedded 21 pages/cpu @ffff80003efd0000 s48128 r8192 d29696 u86016
[    0.000000] Detected PIPT I-cache on CPU0
[    0.000000] CPU features: enabling workaround for ARM erratum 832075
[    0.000000] CPU features: enabling workaround for ARM erratum 834220
[    0.000000] Built 1 zonelists in Zone order, mobility grouping on.  Total pages: 258048
[    0.000000] Kernel command line: root=/dev/vda2 rw rootwait mem=1024M console=ttyAMA0,38400n8 init=/bin/bash
[    0.000000] PID hash table entries: 4096 (order: 3, 32768 bytes)
[    0.000000] Dentry cache hash table entries: 131072 (order: 8, 1048576 bytes)
[    0.000000] Inode-cache hash table entries: 65536 (order: 7, 524288 bytes)
[    0.000000] Memory: 1000636K/1048576K available (7676K kernel code, 765K rwdata, 3608K rodata, 960K init, 270K bss, 31556K reserved, 16384K cma-reserved)
[    0.000000] Virtual kernel memory layout:
[    0.000000]     modules : 0xffff000000000000 - 0xffff000008000000   (   128 MB)
[    0.000000]     vmalloc : 0xffff000008000000 - 0xffff7dffbfff0000   (129022 GB)
[    0.000000]       .text : 0xffff000008080000 - 0xffff000008800000   (  7680 KB)
[    0.000000]     .rodata : 0xffff000008800000 - 0xffff000008b90000   (  3648 KB)
[    0.000000]       .init : 0xffff000008b90000 - 0xffff000008c80000   (   960 KB)
[    0.000000]       .data : 0xffff000008c80000 - 0xffff000008d3f600   (   766 KB)
[    0.000000]        .bss : 0xffff000008d3f600 - 0xffff000008d82eb8   (   271 KB)
[    0.000000]     fixed   : 0xffff7dfffe7fd000 - 0xffff7dfffec00000   (  4108 KB)
[    0.000000]     PCI I/O : 0xffff7dfffee00000 - 0xffff7dffffe00000   (    16 MB)
[    0.000000]     vmemmap : 0xffff7e0000000000 - 0xffff800000000000   (  2048 GB maximum)
[    0.000000]               0xffff7e0000000000 - 0xffff7e0001000000   (    16 MB actual)
[    0.000000]     memory  : 0xffff800000000000 - 0xffff800040000000   (  1024 MB)
[    0.000000] SLUB: HWalign=64, Order=0-3, MinObjects=0, CPUs=1, Nodes=1
[    0.000000] Preemptible hierarchical RCU implementation.
[    0.000000] 	Build-time adjustment of leaf fanout to 64.
[    0.000000] 	RCU restricting CPUs from NR_CPUS=64 to nr_cpu_ids=1.
[    0.000000] RCU: Adjusting geometry for rcu_fanout_leaf=64, nr_cpu_ids=1
[    0.000000] NR_IRQS:64 nr_irqs:64 0
[    0.000000] GICv2m: range[mem 0x08020000-0x08020fff], SPI[80:143]
[    0.000000] Architected cp15 timer(s) running at 62.50MHz (virt).
[    0.000000] clocksource: arch_sys_counter: mask: 0xffffffffffffff max_cycles: 0x1cd42e208c, max_idle_ns: 881590405314 ns
[    0.000172] sched_clock: 56 bits at 62MHz, resolution 16ns, wraps every 4398046511096ns
[    0.007219] Console: colour dummy device 80x25
[    0.007973] Calibrating delay loop (skipped), value calculated using timer frequency.. 125.00 BogoMIPS (lpj=250000)
[    0.008522] pid_max: default: 32768 minimum: 301
[    0.009733] Security Framework initialized
[    0.010270] Mount-cache hash table entries: 2048 (order: 2, 16384 bytes)
[    0.010327] Mountpoint-cache hash table entries: 2048 (order: 2, 16384 bytes)
[    0.036029] ASID allocator initialised with 65536 entries
[    0.062850] EFI services will not be available.
[    0.070260] Brought up 1 CPUs
[    0.070320] SMP: Total of 1 processors activated.
[    0.070435] CPU features: detected feature: 32-bit EL0 Support
[    0.070728] CPU: All CPU(s) started at EL1
[    0.071470] alternatives: patching kernel code
[    0.086685] devtmpfs: initialized
[    0.098825] DMI not present or invalid.
[    0.101205] clocksource: jiffies: mask: 0xffffffff max_cycles: 0xffffffff, max_idle_ns: 7645041785100000 ns
[    0.104376] pinctrl core: initialized pinctrl subsystem
[    0.136490] NET: Registered protocol family 16
[    0.164180] cpuidle: using governor menu
[    0.165333] vdso: 2 pages (1 code @ ffff000008806000, 1 data @ ffff000008c84000)
[    0.165627] hw-breakpoint: found 6 breakpoint and 4 watchpoint registers.
[    0.172711] DMA: preallocated 256 KiB pool for atomic allocations
[    0.176149] Serial: AMBA PL011 UART driver
[    0.240132] 9000000.pl011: ttyAMA0 at MMIO 0x9000000 (irq = 39, base_baud = 0) is a PL011 rev1
[    0.262892] console [ttyAMA0] enabled
[    0.432623] HugeTLB registered 2 MB page size, pre-allocated 0 pages
[    0.448696] ACPI: Interpreter disabled.
[    0.456440] vgaarb: loaded
[    0.459196] SCSI subsystem initialized
[    0.469418] usbcore: registered new interface driver usbfs
[    0.472755] usbcore: registered new interface driver hub
[    0.473743] usbcore: registered new device driver usb
[    0.480217] pps_core: LinuxPPS API ver. 1 registered
[    0.480985] pps_core: Software ver. 5.3.6 - Copyright 2005-2007 Rodolfo Giometti <giometti@linux.it>
[    0.482141] PTP clock support registered
[    0.484585] dmi: Firmware registration failed.
[    0.490448] Advanced Linux Sound Architecture Driver Initialized.
[    0.503270] clocksource: Switched to clocksource arch_sys_counter
[    0.504530] VFS: Disk quotas dquot_6.6.0
[    0.505023] VFS: Dquot-cache hash table entries: 512 (order 0, 4096 bytes)
[    0.510254] pnp: PnP ACPI: disabled
[    0.598726] NET: Registered protocol family 2
[    0.605931] TCP established hash table entries: 8192 (order: 4, 65536 bytes)
[    0.606620] TCP bind hash table entries: 8192 (order: 5, 131072 bytes)
[    0.607691] TCP: Hash tables configured (established 8192 bind 8192)
[    0.608823] UDP hash table entries: 512 (order: 2, 16384 bytes)
[    0.609346] UDP-Lite hash table entries: 512 (order: 2, 16384 bytes)
[    0.612087] NET: Registered protocol family 1
[    0.624192] RPC: Registered named UNIX socket transport module.
[    0.624670] RPC: Registered udp transport module.
[    0.624928] RPC: Registered tcp transport module.
[    0.625172] RPC: Registered tcp NFSv4.1 backchannel transport module.
[    0.632092] kvm [1]: HYP mode not available
[    0.649461] futex hash table entries: 256 (order: 3, 32768 bytes)
[    0.650650] audit: initializing netlink subsys (disabled)
[    0.652517] audit: type=2000 audit(0.624:1): initialized
[    0.662056] workingset: timestamp_bits=44 max_order=18 bucket_order=0
[    0.757387] squashfs: version 4.0 (2009/01/31) Phillip Lougher
[    0.769641] NFS: Registering the id_resolver key type
[    0.770815] Key type id_resolver registered
[    0.771086] Key type id_legacy registered
[    0.772445] nfs4filelayout_init: NFSv4 File Layout Driver Registering...
[    0.774261] fuse init (API version 7.25)
[    0.779686] 9p: Installing v9fs 9p2000 file system support
[    0.796595] io scheduler noop registered
[    0.797976] io scheduler cfq registered (default)
[    0.810385] libphy: mdio_driver_register: phy-bcm-ns2-pci
[    0.829249] pl061_gpio 9030000.pl061: PL061 GPIO chip @0x0000000009030000 registered
[    0.836336] PCI host bridge /pcie@10000000 ranges:
[    0.837071]    IO 0x3eff0000..0x3effffff -> 0x00000000
[    0.837690]   MEM 0x10000000..0x3efeffff -> 0x10000000
[    0.838013]   MEM 0x8000000000..0xffffffffff -> 0x8000000000
[    0.839074] pci-host-generic 3f000000.pcie: ECAM at [mem 0x3f000000-0x3fffffff] for [bus 00-0f]
[    0.843672] pci-host-generic 3f000000.pcie: PCI host bridge to bus 0000:00
[    0.844339] pci_bus 0000:00: root bus resource [bus 00-0f]
[    0.844772] pci_bus 0000:00: root bus resource [io  0x0000-0xffff]
[    0.845120] pci_bus 0000:00: root bus resource [mem 0x10000000-0x3efeffff]
[    0.845525] pci_bus 0000:00: root bus resource [mem 0x8000000000-0xffffffffff]
[    0.889383] xenfs: not registering filesystem on non-xen platform
[    0.932690] Serial: 8250/16550 driver, 4 ports, IRQ sharing disabled
[    0.948336] SuperH (H)SCI(F) driver initialized
[    0.952361] msm_serial: driver initialized
[    0.957557] Unable to detect cache hierarchy from DT for CPU 0
[    1.029902] loop: module loaded
[    1.064347]  vda: vda1 vda2
[    1.097713] libphy: Fixed MDIO Bus: probed
[    1.107490] tun: Universal TUN/TAP device driver, 1.6
[    1.107844] tun: (C) 1999-2004 Max Krasnyansky <maxk@qualcomm.com>
[    1.121518] e1000e: Intel(R) PRO/1000 Network Driver - 3.2.6-k
[    1.121875] e1000e: Copyright(c) 1999 - 2015 Intel Corporation.
[    1.122938] igb: Intel(R) Gigabit Ethernet Network Driver - version 5.3.0-k
[    1.124002] igb: Copyright (c) 2007-2014 Intel Corporation.
[    1.125090] igbvf: Intel(R) Gigabit Virtual Function Network Driver - version 2.0.2-k
[    1.125500] igbvf: Copyright (c) 2009 - 2012 Intel Corporation.
[    1.126525] sky2: driver version 1.30
[    1.132186] VFIO - User Level meta-driver version: 0.3
[    1.146656] ehci_hcd: USB 2.0 'Enhanced' Host Controller (EHCI) Driver
[    1.147624] ehci-pci: EHCI PCI platform driver
[    1.148501] ehci-platform: EHCI generic platform driver
[    1.149939] ehci-msm: Qualcomm On-Chip EHCI Host Controller
[    1.151713] ohci_hcd: USB 1.1 'Open' Host Controller (OHCI) Driver
[    1.152213] ohci-pci: OHCI PCI platform driver
[    1.153298] ohci-platform: OHCI generic platform driver
[    1.157974] usbcore: registered new interface driver usb-storage
[    1.171035] mousedev: PS/2 mouse device common for all mice
[    1.187823] rtc-pl031 9010000.pl031: rtc core: registered pl031 as rtc0
[    1.194187] i2c /dev entries driver
[    1.218221] sdhci: Secure Digital Host Controller Interface driver
[    1.218761] sdhci: Copyright(c) Pierre Ossman
[    1.220607] Synopsys Designware Multimedia Card Interface Driver
[    1.224846] sdhci-pltfm: SDHCI platform and OF driver helper
[    1.231045] ledtrig-cpu: registered to indicate activity on CPUs
[    1.244200] usbcore: registered new interface driver usbhid
[    1.244536] usbhid: USB HID core driver
[    1.266271] NET: Registered protocol family 17
[    1.269179] 9pnet: Installing 9P2000 support
[    1.270177] Key type dns_resolver registered
[    1.275849] registered taskstats version 1
[    1.289937] input: gpio-keys as /devices/platform/gpio-keys/input/input0
[    1.294475] rtc-pl031 9010000.pl031: setting system clock to 2016-07-12 12:06:24 UTC (1468325184)
[    1.297251] ALSA device list:
[    1.297484]   No soundcards found.
[    1.302424] uart-pl011 9000000.pl011: no DMA platform data
[    1.309262] EXT4-fs (vda2): couldn't mount as ext3 due to feature incompatibilities
[    1.360746] EXT4-fs (vda2): recovery complete
[    1.361716] EXT4-fs (vda2): mounted filesystem with ordered data mode. Opts: (null)
[    1.362679] VFS: Mounted root (ext4 filesystem) on device 254:2.
[    1.366155] devtmpfs: mounted
[    1.408969] Freeing unused kernel memory: 960K (ffff800000b90000 - ffff800000c80000)
bash: cannot set terminal process group (-1): Inappropriate ioctl for device
bash: no job control in this shell
bash-4.3# 