

U-Boot 2015.04-00466-gedec83e90172 (Mar 14 2016 - 10:42:01)

TEGRA124
Model: Acer Chromebook 13 CB5-311
DRAM:  4 GiB
C:   Tegra SD/MMC: 0, Tegra SD/MMC: 1, Tegra SD/MMC: 2
MMC init failed
Using default environment

In:    serial
Out:   serial
Err:   serial
Net:   Net Initialization Skipped
No ethernet found.
Hit any key to stop autoboot:  2  0 
Tegra124 (Nyan-big) # 
Tegra124 (Nyan-big) # usb start
starting USB...
USB0:   USB EHCI 1.10
scanning bus 0 for devices... 2 USB Device(s) found
USB1:   USB EHCI 1.10
scanning bus 1 for devices... 2 USB Device(s) found
       scanning usb for storage devices... 1 Storage Device(s) found
       scanning usb for ethernet devices... 
Warning: asx0 using MAC address from net device
1 Ethernet Device(s) found
Tegra124 (Nyan-big) # setenv bootargs 'ignore_loglevel console=ttyS0,115200n8 rw root=PARTUUID=4d36e82a-b3c0-4b4b-bfcd-afe5217ac023 rootwait gpt debug noinitrd earlyprintk init=/bin/bash'
Tegra124 (Nyan-big) # setenv ipaddr 192.168.100.102; setenv serverip 192.168.100.1; setenv tftpserverip 192.168.100.1
Tegra124 (Nyan-big) # tftpboot 0x82000000 zImage.multi_v7_defconfig
Using asx0 device
TFTP from server 192.168.100.1; our IP address is 192.168.100.102
Filename 'zImage.multi_v7_defconfig'.
Load address: 0x82000000
Loading: *#################################################################
	 #################################################################
	 #################################################################
	 #################################################################
	 #################################################################
	 #################################################################
	 #################################################################
	 ##########################################
	 3.5 MiB/s
done
Bytes transferred = 7281296 (6f1a90 hex)
Tegra124 (Nyan-big) # tftpboot 0x83000000 tegra124-nyan-big.dtb
Using asx0 device
TFTP from server 192.168.100.1; our IP address is 192.168.100.102
Filename 'tegra124-nyan-big.dtb'.
Load address: 0x83000000
Loading: *#####
	 3.5 MiB/s
done
Bytes transferred = 66901 (10555 hex)
Tegra124 (Nyan-big) # bootz 0x82000000 - 0x83000000
Kernel image @ 0x82000000 [ 0x000000 - 0x6f1a90 ]
## Flattened Device Tree blob at 83000000
   Booting using the fdt blob at 0x83000000
   Using Device Tree in place at 83000000, end 83013554

Starting kernel ...

[    0.000000] Booting Linux on physical CPU 0x0
[    0.000000] Linux version 4.7.0-rc4-next-20160622-101798-ga37b237 (pwalmsley@sellafield) (gcc version 4.7.3 20130328 (prerelease) (crosstool-NG linaro-1.13.1-4.7-2013.04-20130415 - Linaro GCC 2013.04) ) #1 SMP Tue Jun 21 23:19:19 PDT 2016
[    0.000000] CPU: ARMv7 Processor [413fc0f3] revision 3 (ARMv7), cr=10c5387d
[    0.000000] CPU: div instructions available: patching division code
[    0.000000] CPU: PIPT / VIPT nonaliasing data cache, PIPT instruction cache
[    0.000000] Machine model: Acer Chromebook 13 CB5-311
[    0.000000] Ignoring memory range 0x100000000 - 0x17ffff000
[    0.000000] debug: ignoring loglevel setting.
[    0.000000] cma: Reserved 64 MiB at 0xfb800000
[    0.000000] Memory policy: Data cache writealloc
[    0.000000] On node 0 totalpages: 524287
[    0.000000] free_area_init_node: node 0, pgdat c141b4c0, node_mem_map eeffa000
[    0.000000]   DMA zone: 1536 pages used for memmap
[    0.000000]   DMA zone: 0 pages reserved
[    0.000000]   DMA zone: 196608 pages, LIFO batch:31
[    0.000000]   HighMem zone: 327679 pages, LIFO batch:31
[    0.000000] percpu: Embedded 14 pages/cpu @eef87000 s26048 r8192 d23104 u57344
[    0.000000] pcpu-alloc: s26048 r8192 d23104 u57344 alloc=14*4096
[    0.000000] pcpu-alloc: [0] 0 [0] 1 [0] 2 [0] 3 
[    0.000000] Built 1 zonelists in Zone order, mobility grouping on.  Total pages: 522751
[    0.000000] Kernel command line: ignore_loglevel console=ttyS0,115200n8 rw root=PARTUUID=4d36e82a-b3c0-4b4b-bfcd-afe5217ac023 rootwait gpt debug noinitrd earlyprintk init=/bin/bash
[    0.000000] PID hash table entries: 4096 (order: 2, 16384 bytes)
[    0.000000] Dentry cache hash table entries: 131072 (order: 7, 524288 bytes)
[    0.000000] Inode-cache hash table entries: 65536 (order: 6, 262144 bytes)
[    0.000000] Memory: 1996008K/2097148K available (9531K kernel code, 1141K rwdata, 4516K rodata, 2048K init, 342K bss, 35604K reserved, 65536K cma-reserved, 1245180K highmem)
[    0.000000] Virtual kernel memory layout:
[    0.000000]     vector  : 0xffff0000 - 0xffff1000   (   4 kB)
[    0.000000]     fixmap  : 0xffc00000 - 0xfff00000   (3072 kB)
[    0.000000]     vmalloc : 0xf0800000 - 0xff800000   ( 240 MB)
[    0.000000]     lowmem  : 0xc0000000 - 0xf0000000   ( 768 MB)
[    0.000000]     pkmap   : 0xbfe00000 - 0xc0000000   (   2 MB)
[    0.000000]     modules : 0xbf000000 - 0xbfe00000   (  14 MB)
[    0.000000]       .text : 0xc0208000 - 0xc10b7c58   (15040 kB)
[    0.000000]       .init : 0xc1100000 - 0xc1300000   (2048 kB)
[    0.000000]       .data : 0xc1300000 - 0xc141d520   (1142 kB)
[    0.000000]        .bss : 0xc141f000 - 0xc1474b48   ( 343 kB)
[    0.000000] SLUB: HWalign=64, Order=0-3, MinObjects=0, CPUs=4, Nodes=1
[    0.000000] Hierarchical RCU implementation.
[    0.000000] 	Build-time adjustment of leaf fanout to 32.
[    0.000000] 	RCU restricting CPUs from NR_CPUS=16 to nr_cpu_ids=4.
[    0.000000] RCU: Adjusting geometry for rcu_fanout_leaf=32, nr_cpu_ids=4
[    0.000000] NR_IRQS:16 nr_irqs:16 16
[    0.000000] /interrupt-controller@60004000: 160 interrupts forwarded to /interrupt-controller@0,50041000
[    0.000000] Tegra clk 127: register failed with -17
[    0.000003] sched_clock: 32 bits at 1000kHz, resolution 1000ns, wraps every 2147483647500ns
[    0.000012] clocksource: timer_us: mask: 0xffffffff max_cycles: 0xffffffff, max_idle_ns: 1911260446275 ns
[    0.000018] Switching to timer-based delay loop, resolution 1000ns
[    0.001823] Architected cp15 timer(s) running at 12.00MHz (virt).
[    0.001830] clocksource: arch_sys_counter: mask: 0xffffffffffffff max_cycles: 0x2c47f4ee7, max_idle_ns: 440795202497 ns
[    0.001837] sched_clock: 56 bits at 12MHz, resolution 83ns, wraps every 4398046511096ns
[    0.001841] Switching to timer-based delay loop, resolution 83ns
[    0.002050] Console: colour dummy device 80x30
[    0.002062] Calibrating delay loop (skipped), value calculated using timer frequency.. 24.00 BogoMIPS (lpj=60000)
[    0.002068] pid_max: default: 32768 minimum: 301
[    0.002105] Mount-cache hash table entries: 2048 (order: 1, 8192 bytes)
[    0.002109] Mountpoint-cache hash table entries: 2048 (order: 1, 8192 bytes)
[    0.002352] CPU: Testing write buffer coherency: ok
[    0.002463] /cpus/cpu@0 missing clock-frequency property
[    0.002478] /cpus/cpu@1 missing clock-frequency property
[    0.002492] /cpus/cpu@2 missing clock-frequency property
[    0.002507] /cpus/cpu@3 missing clock-frequency property
[    0.002511] CPU0: thread -1, cpu 0, socket 0, mpidr 80000000
[    0.002521] Setting up static identity map for 0x80300000 - 0x80300098
[    0.003826] Tegra Revision: A01 SKU: 131 CPU Process: 1 SoC Process: 1
[    0.004370] CPU1: thread -1, cpu 1, socket 0, mpidr 80000001
[    0.006945] CPU2: thread -1, cpu 2, socket 0, mpidr 80000002
[    0.011942] CPU3: thread -1, cpu 3, socket 0, mpidr 80000003
[    0.016722] Brought up 4 CPUs
[    0.016729] SMP: Total of 4 processors activated (96.00 BogoMIPS).
[    0.016732] CPU: All CPU(s) started in SVC mode.
[    0.017271] devtmpfs: initialized
[    0.023511] VFP support v0.3: implementor 41 architecture 4 part 30 variant f rev 0
[    0.023699] clocksource: jiffies: mask: 0xffffffff max_cycles: 0xffffffff, max_idle_ns: 9556302231375000 ns
[    0.024221] pinctrl core: initialized pinctrl subsystem
[    0.024950] NET: Registered protocol family 16
[    0.025613] DMA: preallocated 256 KiB pool for atomic coherent allocations
[    0.036750] cpuidle: using governor menu
[    0.043117] No ATAGs?
[    0.043129] hw-breakpoint: found 5 (+1 reserved) breakpoint and 4 watchpoint registers.
[    0.043133] hw-breakpoint: maximum watchpoint size is 8 bytes.
[    0.045235] Serial: AMBA PL011 UART driver
[    0.046203] tegra-mc 70019000.memory-controller: no memory timings for RAM code 0 registered
[    0.063487] +5V_SYS: supplied by +VDD_MUX
[    0.063595] +3.3V_SYS: supplied by +VDD_MUX
[    0.063812] +VDD_LED: Failed to request enable GPIO122: -517
[    0.063818] reg-fixed-voltage regulators:regulator@5: Failed to register regulator: -517
[    0.063849] +5V_VDD_TS_SW: Failed to request enable GPIO81: -517
[    0.063854] reg-fixed-voltage regulators:regulator@6: Failed to register regulator: -517
[    0.063884] +5V_USB_HS: Failed to request enable GPIO108: -517
[    0.063888] reg-fixed-voltage regulators:regulator@7: Failed to register regulator: -517
[    0.063917] +5V_USB_SS: Failed to request enable GPIO109: -517
[    0.063921] reg-fixed-voltage regulators:regulator@8: Failed to register regulator: -517
[    0.064001] +1.05V_RUN_AVDD_HDMI_PLL: Failed to request enable GPIO63: -517
[    0.064005] reg-fixed-voltage regulators:regulator@11: Failed to register regulator: -517
[    0.064034] +5V_HDMI_CON: Failed to request enable GPIO86: -517
[    0.064038] reg-fixed-voltage regulators:regulator@12: Failed to register regulator: -517
[    0.065164] vgaarb: loaded
[    0.065447] SCSI subsystem initialized
[    0.065510] libata version 3.00 loaded.
[    0.065614] usbcore: registered new interface driver usbfs
[    0.065639] usbcore: registered new interface driver hub
[    0.065666] usbcore: registered new device driver usb
[    0.067023] pps_core: LinuxPPS API ver. 1 registered
[    0.067028] pps_core: Software ver. 5.3.6 - Copyright 2005-2007 Rodolfo Giometti <giometti@linux.it>
[    0.067036] PTP clock support registered
[    0.067105] EDAC MC: Ver: 3.0.0
[    0.067534] tegra-emc 7001b000.emc: no memory timings for RAM code 0 found in DT
[    0.067544] tegra-emc: probe of 7001b000.emc failed with error -2
[    0.068025] clocksource: Switched to clocksource arch_sys_counter
[    0.071621] NET: Registered protocol family 2
[    0.071835] TCP established hash table entries: 8192 (order: 3, 32768 bytes)
[    0.071868] TCP bind hash table entries: 8192 (order: 4, 65536 bytes)
[    0.071930] TCP: Hash tables configured (established 8192 bind 8192)
[    0.071953] UDP hash table entries: 512 (order: 2, 16384 bytes)
[    0.071967] UDP-Lite hash table entries: 512 (order: 2, 16384 bytes)
[    0.072027] NET: Registered protocol family 1
[    0.072159] RPC: Registered named UNIX socket transport module.
[    0.072163] RPC: Registered udp transport module.
[    0.072166] RPC: Registered tcp transport module.
[    0.072169] RPC: Registered tcp NFSv4.1 backchannel transport module.
[    0.072173] PCI: CLS 0 bytes, default 64
[    0.072613] hw perfevents: enabled with armv7_cortex_a15 PMU driver, 7 counters available
[    0.073164] futex hash table entries: 1024 (order: 4, 65536 bytes)
[    0.073437] workingset: timestamp_bits=28 max_order=19 bucket_order=0
[    0.077238] squashfs: version 4.0 (2009/01/31) Phillip Lougher
[    0.077541] NFS: Registering the id_resolver key type
[    0.077559] Key type id_resolver registered
[    0.077563] Key type id_legacy registered
[    0.077580] ntfs: driver 2.1.32 [Flags: R/O].
[    0.078051] bounce: pool size: 64 pages
[    0.078121] Block layer SCSI generic (bsg) driver version 0.4 loaded (major 248)
[    0.078125] io scheduler noop registered
[    0.078128] io scheduler deadline registered
[    0.078194] io scheduler cfq registered (default)
[    0.080100] tegra-xusb-padctl 7009f000.padctl: failed to setup XUSB ports: -517
[    0.080271] libphy: mdio_driver_register: phy-bcm-ns2-pci
[    0.088991] tegra-apbdma 60020000.dma: Tegra20 APB DMA driver register 32 channels
[    0.089686] tegra-pmc 7000e400.pmc: i2c-thermtrip node not found, emergency thermal reset disabled.
[    0.110468] Serial: 8250/16550 driver, 4 ports, IRQ sharing disabled
[    0.111611] console [ttyS0] disabled
[    0.111627] 70006000.serial: ttyS0 at MMIO 0x70006000 (irq = 331, base_baud = 25500000) is a Tegra
[    0.971125] console [ttyS0] enabled
[    0.974917] SuperH (H)SCI(F) driver initialized
[    0.979792] msm_serial: driver initialized
[    0.983949] STMicroelectronics ASC driver initialized
[    0.990474] [drm] Initialized drm 1.1.0 20060810
[    0.996493] tegra-hdmi 54280000.hdmi: failed to get HDMI regulator
[    1.003038] tegra-dpaux 545c0000.dpaux: failed to get VDD supply: -517
[    1.010250] panel supply power not found, using dummy regulator
[    1.019931] brd: module loaded
[    1.025038] loop: module loaded
[    1.029079] as3722 4-0040: AS3722 with revision 0x1 found
[    1.038788] as3722-sd2: supplied by +5V_SYS
[    1.043208] as3722-sd3: supplied by +5V_SYS
[    1.047538] +1.35V_LP0(sd3): Bringing 0uV into 1350000-1350000uV
[    1.053721] as3722-sd4: supplied by +5V_SYS
[    1.058050] +1.05V_RUN: Bringing 0uV into 1050000-1050000uV
[    1.063794] as3722-sd5: supplied by +5V_SYS
[    1.069382] as3722-ldo0: supplied by +1.35V_LP0(sd2)
[    1.075117] +1.8V_RUN_CAM: Bringing 0uV into 1800000-1800000uV
[    1.081141] as3722-ldo2: supplied by +1.8V_VDDIO
[    1.086760] as3722-ldo3: supplied by +3.3V_SYS
[    1.091210] +1.00V_LP0_VDD_RTC: Bringing 1100000uV into 1000000-1000000uV
[    1.098785] as3722-ldo4: supplied by +3.3V_SYS
[    1.103380] +3.3V_RUN_CAM: Bringing 0uV into 2800000-2800000uV
[    1.109403] as3722-ldo5: supplied by +1.8V_VDDIO
[    1.114169] +1.2V_RUN_CAM_FRONT: Bringing 0uV into 1200000-1200000uV
[    1.120861] +VDDIO_SDMMC3: Bringing 0uV into 1800000-1800000uV
[    1.126892] as3722-ldo7: supplied by +1.8V_VDDIO
[    1.131660] +1.05V_RUN_CAM_REAR: Bringing 0uV into 1050000-1050000uV
[    1.138220] as3722-ldo9: supplied by +5V_SYS
[    1.142778] +2.8V_RUN_TOUCH: Bringing 0uV into 2800000-2800000uV
[    1.148986] as3722-ldo10: supplied by +5V_SYS
[    1.153492] +2.8V_RUN_CAM_AF: Bringing 0uV into 2800000-2800000uV
[    1.159943] +1.8V_RUN_VPP_FUSE: Bringing 0uV into 1800000-1800000uV
[    1.178274] m25p80 spi32765.0: w25q32dw (4096 Kbytes)
[    1.184538] libphy: Fixed MDIO Bus: probed
[    1.188922] CAN device driver interface
[    1.193468] igb: Intel(R) Gigabit Ethernet Network Driver - version 5.3.0-k
[    1.200415] igb: Copyright (c) 2007-2014 Intel Corporation.
[    1.207144] pegasus: v0.9.3 (2013/04/25), Pegasus/Pegasus II USB Ethernet driver
[    1.214549] usbcore: registered new interface driver pegasus
[    1.220215] usbcore: registered new interface driver asix
[    1.225616] usbcore: registered new interface driver ax88179_178a
[    1.231713] usbcore: registered new interface driver cdc_ether
[    1.237557] usbcore: registered new interface driver smsc75xx
[    1.243312] usbcore: registered new interface driver smsc95xx
[    1.249060] usbcore: registered new interface driver net1080
[    1.254721] usbcore: registered new interface driver cdc_subset
[    1.260642] usbcore: registered new interface driver zaurus
[    1.266229] usbcore: registered new interface driver cdc_ncm
[    1.272547] ehci_hcd: USB 2.0 'Enhanced' Host Controller (EHCI) Driver
[    1.279063] ehci-pci: EHCI PCI platform driver
[    1.283513] ehci-platform: EHCI generic platform driver
[    1.288802] ehci-orion: EHCI orion driver
[    1.292847] SPEAr-ehci: EHCI SPEAr driver
[    1.296899] ehci-st: EHCI STMicroelectronics driver
[    1.301821] ehci-exynos: EHCI EXYNOS driver
[    1.306053] ehci-atmel: EHCI Atmel driver
[    1.310104] tegra-ehci: Tegra EHCI driver
[    1.314171] ohci_hcd: USB 1.1 'Open' Host Controller (OHCI) Driver
[    1.320342] ohci-pci: OHCI PCI platform driver
[    1.324791] ohci-platform: OHCI generic platform driver
[    1.330064] ohci-omap3: OHCI OMAP3 driver
[    1.334115] SPEAr-ohci: OHCI SPEAr driver
[    1.338170] ohci-st: OHCI STMicroelectronics driver
[    1.343090] ohci-atmel: OHCI Atmel driver
[    1.347353] usbcore: registered new interface driver usb-storage
[    1.353930] mousedev: PS/2 mouse device common for all mice
[    1.360160] 1-0015 supply vcc not found, using dummy regulator
[    1.367360] as3722-rtc as3722-rtc: rtc core: registered as3722-rtc as rtc0
[    1.374226] as3722-rtc as3722-rtc: RTC interrupt 370
[    1.381133] tegra_rtc 7000e000.rtc: rtc core: registered 7000e000.rtc as rtc1
[    1.388273] tegra_rtc 7000e000.rtc: Tegra internal Real Time Clock
[    1.394634] i2c /dev entries driver
[    1.400559] 0-004c supply vcc not found, using dummy regulator
[    1.410490] sdhci: Secure Digital Host Controller Interface driver
[    1.416664] sdhci: Copyright(c) Pierre Ossman
[    1.421583] Synopsys Designware Multimedia Card Interface Driver
[    1.427976] sdhci-pltfm: SDHCI platform and OF driver helper
[    1.433924] sdhci-tegra 700b0000.sdhci: allocated mmc-pwrseq
[    1.439586] mmc0: Unknown controller version (3). You may experience problems.
[    1.446947] sdhci-tegra 700b0400.sdhci: Got CD GPIO
[    1.451823] sdhci-tegra 700b0400.sdhci: Got WP GPIO
[    1.456710] mmc0: Unknown controller version (3). You may experience problems.
[    1.464036] mmc0: Unknown controller version (3). You may experience problems.
[    1.471278] mmc0: Invalid maximum block size, assuming 512 bytes
[    1.518031] mmc0: SDHCI controller on 700b0600.sdhci [700b0600.sdhci] using ADMA 64-bit
[    1.526610] ledtrig-cpu: registered to indicate activity on CPUs
[    1.532722] usbcore: registered new interface driver usbhid
[    1.538283] usbhid: USB HID core driver
[    1.544351] NET: Registered protocol family 10
[    1.549153] sit: IPv6 over IPv4 tunneling driver
[    1.554111] NET: Registered protocol family 17
[    1.558563] can: controller area network core (rev 20120528 abi 9)
[    1.564769] NET: Registered protocol family 29
[    1.569210] can: raw protocol (rev 20120528)
[    1.573477] can: broadcast manager protocol (rev 20160617 t)
[    1.579131] can: netlink gateway (rev 20130117) max_hops=1
[    1.584773] Key type dns_resolver registered
[    1.589298] ThumbEE CPU extension supported.
[    1.593571] Registering SWP/SWPB emulation handler
[    1.593797] input: Elan Touchpad as /devices/soc0/7000c400.i2c/i2c-1/1-0015/input/input0
[    1.608430] +3.3V_RUN: supplied by +3.3V_SYS
[    1.613447] +3.3V_AVDD_HDMI_AP_GATED: supplied by +3.3V_RUN
[    1.619158] +1.8V_RUN_CAM: supplied by +3.3V_RUN
[    1.623880] +VDDIO_SDMMC3: supplied by +3.3V_RUN
[    1.628598] +1.8V_RUN_VPP_FUSE: supplied by +3.3V_RUN
[    1.633932] +VDD_LED: supplied by +VDD_MUX
[    1.638417] +5V_VDD_TS_SW: supplied by +5V_SYS
[    1.643106] +5V_USB_HS: supplied by +5V_SYS
[    1.647620] +5V_USB_SS: supplied by +5V_SYS
[    1.652899] +3.3V_PANEL: supplied by +3.3V_RUN
[    1.658361] +3.3V_LP0: supplied by +3.3V_SYS
[    1.663552] +1.05V_RUN_AVDD_HDMI_PLL: supplied by +1.05V_RUN
[    1.663735] elan_i2c 1-0015: failed to read report data: -121
[    1.669678] mmc0: new high speed MMC card at address 0001
[    1.670421] mmcblk0: mmc0:0001 MMC16G 14.4 GiB 
[    1.671080] mmcblk0boot0: mmc0:0001 MMC16G partition 1 2.00 MiB
[    1.671293] mmcblk0boot1: mmc0:0001 MMC16G partition 2 2.00 MiB
[    1.671706] mmcblk0rpmb: mmc0:0001 MMC16G partition 3 128 KiB
[    1.678811]  mmcblk0: p1 p2 p3 p4 p5 p6 p7 p8 p9 p10 p11 p12
[    1.708620] +5V_HDMI_CON: supplied by +5V_SYS
[    1.713899] usb3-0 supply vbus not found, using dummy regulator
[    1.719947] usb3-1 supply vbus not found, using dummy regulator
[    1.729397] tegra-sor 54540000.sor: failed to probe output: -517
[    1.736147] panel supply power not found, using dummy regulator
[    1.743216] sdhci-tegra 700b0000.sdhci: allocated mmc-pwrseq
[    1.748917] mmc1: Unknown controller version (3). You may experience problems.
[    1.756362] mmc1: Invalid maximum block size, assuming 512 bytes
[    1.762729] +1.8V_VDDIO: voltage operation not allowed
[    1.767891] mmc1: Switching to 3.3V signalling voltage failed
[    1.801114] elan_i2c 1-0015: invalid report id data (ff)
[    1.813127] mmc1: SDHCI controller on 700b0000.sdhci [700b0000.sdhci] using ADMA 64-bit
[    1.821892] sdhci-tegra 700b0400.sdhci: Got CD GPIO
[    1.826812] sdhci-tegra 700b0400.sdhci: Got WP GPIO
[    1.831765] mmc2: Unknown controller version (3). You may experience problems.
[    1.839180] mmc2: Invalid maximum block size, assuming 512 bytes
[    1.884386] mmc1: new high speed SDIO card at address 0001
[    1.898171] mmc2: SDHCI controller on 700b0400.sdhci [700b0400.sdhci] using ADMA 64-bit
[    1.997429] [drm] Supports vblank timestamp caching Rev 2 (21.10.2013).
[    2.004060] [drm] No driver support for vblank timestamp query.
[    2.050467] mmc2: new high speed SDHC card at address 0007
[    2.051040] mmcblk2: mmc2:0007 SD08G 7.42 GiB 
[    2.059451] GPT:Primary header alternate_lba != Alt. header my_lba
[    2.059454] GPT:3014591 != 15564799
[    2.059456] GPT:Primary header thinks Alt. header is not at the end of the disk.
[    2.059456] GPT:3014591 != 15564799
[    2.059458] GPT: Use GNU Parted to correct GPT errors.
[    2.059482]  mmcblk2: p1 p2 p3 p4 p5 p6 p7 p8 p9 p10 p11 p12
[    2.065761] Console: switching to colour frame buffer device 170x48
[    2.117291] drm drm: fb0:  frame buffer device
[    2.143114] [drm] Initialized tegra 0.0.0 20120330 on minor 0
[    2.150089] input: gpio-keys as /devices/soc0/gpio-keys/input/input1
[    2.157531] as3722-rtc as3722-rtc: setting system clock to 2000-01-01 00:00:22 UTC (946684822)
[    2.170120] +1.8V_RUN_CAM: disabling
[    2.173917] +3.3V_RUN_CAM: disabling
[    2.177693] +1.2V_RUN_CAM_FRONT: disabling
[    2.181963] +1.05V_RUN_CAM_REAR: disabling
[    2.186234] +2.8V_RUN_TOUCH: disabling
[    2.190180] +2.8V_RUN_CAM_AF: disabling
[    2.194192] +1.8V_RUN_VPP_FUSE: disabling
[    2.198375] +5V_VDD_TS_SW: disabling
[    2.201946] +5V_USB_HS: disabling
[    2.205279] +5V_USB_SS: disabling
[    2.209601] EXT4-fs (mmcblk0p3): couldn't mount as ext3 due to feature incompatibilities
[    2.218225] EXT4-fs (mmcblk0p3): couldn't mount as ext2 due to feature incompatibilities
[    2.504460] EXT4-fs (mmcblk0p3): recovery complete
[    2.510011] EXT4-fs (mmcblk0p3): mounted filesystem with ordered data mode. Opts: (null)
[    2.518140] VFS: Mounted root (ext4 filesystem) on device 179:3.
[    2.525390] devtmpfs: mounted
[    2.529081] Freeing unused kernel memory: 2048K (c1100000 - c1300000)
bash: cannot set terminal process group (-1): Inappropriate ioctl for device
bash: no job control in this shell
root@(none):/# 