
U-Boot SPL 2014.01-00219-gc4d376f (Feb 18 2014 - 19:57:32)


U-Boot 2014.01-00219-gc4d376f (Feb 18 2014 - 19:57:32)

TEGRA114
Board: NVIDIA Dalmore
I2C:   ready
DRAM:  2 GiB
MMC:   Tegra SD/MMC: 0, Tegra SD/MMC: 1
In:    serial
Out:   serial
Err:   serial
Net:   Net Initialization Skipped
No ethernet found.
Hit any key to stop autoboot:  2  0 
Tegra114 (Dalmore) # 
Tegra114 (Dalmore) # usb reset
(Re)start USB...
USB0:   USB EHCI 1.10
scanning bus 0 for devices... 2 USB Device(s) found
       scanning usb for storage devices... 0 Storage Device(s) found
       scanning usb for ethernet devices... 
Warning: asx0 using MAC address from net device
1 Ethernet Device(s) found
Tegra114 (Dalmore) # setenv bootargs 'ignore_loglevel console=ttyS0,115200n8 rw root=PARTUUID=7369c667-ff51-ec4a-29cd-baabf2fbe346 rootwait gpt debug earlyprintk init=/bin/bash'
Tegra114 (Dalmore) # setenv ipaddr 192.168.100.100; setenv serverip 192.168.100.1; setenv tftpserverip 192.168.100.1
Tegra114 (Dalmore) # tftpboot 0x81000000 zImage.multi_v7_defconfig
Using asx0 device
TFTP from server 192.168.100.1; our IP address is 192.168.100.100
Filename 'zImage.multi_v7_defconfig'.
Load address: 0x81000000
Loading: *#################################################################
	 #################################################################
	 #################################################################
	 #################################################################
	 #################################################################
	 #################################################################
	 #################################################################
	 #################################
	 3.3 MiB/s
done
Bytes transferred = 7149224 (6d16a8 hex)
Tegra114 (Dalmore) # tftpboot 0x82000000 tegra114-dalmore.dtb
Using asx0 device
TFTP from server 192.168.100.1; our IP address is 192.168.100.100
Filename 'tegra114-dalmore.dtb'.
Load address: 0x82000000
Loading: *###
	 2.8 MiB/s
done
Bytes transferred = 35044 (88e4 hex)
Tegra114 (Dalmore) # bootz 0x81000000 - 0x82000000
Kernel image @ 0x81000000 [ 0x000000 - 0x6d16a8 ]
## Flattened Device Tree blob at 82000000
   Booting using the fdt blob at 0x82000000
   Loading Device Tree to 8fff4000, end 8ffff8e3 ... OK

Starting kernel ...

[    0.000000] Booting Linux on physical CPU 0x0
[    0.000000] Linux version 4.8.0-rc5-next-20160906-116643-geb94d14 (pwalmsley@sellafield) (gcc version 4.7.3 20130328 (prerelease) (crosstool-NG linaro-1.13.1-4.7-2013.04-20130415 - Linaro GCC 2013.04) ) #1 SMP Mon Sep 5 22:48:37 PDT 2016
[    0.000000] CPU: ARMv7 Processor [412fc0f2] revision 2 (ARMv7), cr=10c5387d
[    0.000000] CPU: div instructions available: patching division code
[    0.000000] CPU: PIPT / VIPT nonaliasing data cache, PIPT instruction cache
[    0.000000] OF: fdt:Machine model: NVIDIA Tegra114 Dalmore evaluation board
[    0.000000] debug: ignoring loglevel setting.
[    0.000000] cma: Reserved 64 MiB at 0xfb800000
[    0.000000] Memory policy: Data cache writealloc
[    0.000000] On node 0 totalpages: 524032
[    0.000000] free_area_init_node: node 0, pgdat c1420c80, node_mem_map eeff8000
[    0.000000]   DMA zone: 1536 pages used for memmap
[    0.000000]   DMA zone: 0 pages reserved
[    0.000000]   DMA zone: 196608 pages, LIFO batch:31
[    0.000000]   HighMem zone: 327424 pages, LIFO batch:31
[    0.000000] percpu: Embedded 14 pages/cpu @eef9b000 s26112 r8192 d23040 u57344
[    0.000000] pcpu-alloc: s26112 r8192 d23040 u57344 alloc=14*4096
[    0.000000] pcpu-alloc: [0] 0 [0] 1 [0] 2 [0] 3 
[    0.000000] Built 1 zonelists in Zone order, mobility grouping on.  Total pages: 522496
[    0.000000] Kernel command line: ignore_loglevel console=ttyS0,115200n8 rw root=PARTUUID=7369c667-ff51-ec4a-29cd-baabf2fbe346 rootwait gpt debug earlyprintk init=/bin/bash
[    0.000000] PID hash table entries: 4096 (order: 2, 16384 bytes)
[    0.000000] Dentry cache hash table entries: 131072 (order: 7, 524288 bytes)
[    0.000000] Inode-cache hash table entries: 65536 (order: 6, 262144 bytes)
[    0.000000] Memory: 1995080K/2096128K available (9216K kernel code, 1162K rwdata, 4028K rodata, 2048K init, 342K bss, 35512K reserved, 65536K cma-reserved, 1244160K highmem)
[    0.000000] Virtual kernel memory layout:
[    0.000000]     vector  : 0xffff0000 - 0xffff1000   (   4 kB)
[    0.000000]     fixmap  : 0xffc00000 - 0xfff00000   (3072 kB)
[    0.000000]     vmalloc : 0xf0800000 - 0xff800000   ( 240 MB)
[    0.000000]     lowmem  : 0xc0000000 - 0xf0000000   ( 768 MB)
[    0.000000]     pkmap   : 0xbfe00000 - 0xc0000000   (   2 MB)
[    0.000000]     modules : 0xbf000000 - 0xbfe00000   (  14 MB)
[    0.000000]       .text : 0xc0208000 - 0xc0c00000   (10208 kB)
[    0.000000]       .init : 0xc1100000 - 0xc1300000   (2048 kB)
[    0.000000]       .data : 0xc1300000 - 0xc1422a60   (1163 kB)
[    0.000000]        .bss : 0xc1424000 - 0xc1479ac8   ( 343 kB)
[    0.000000] SLUB: HWalign=64, Order=0-3, MinObjects=0, CPUs=4, Nodes=1
[    0.000000] Hierarchical RCU implementation.
[    0.000000] 	Build-time adjustment of leaf fanout to 32.
[    0.000000] 	RCU restricting CPUs from NR_CPUS=16 to nr_cpu_ids=4.
[    0.000000] RCU: Adjusting geometry for rcu_fanout_leaf=32, nr_cpu_ids=4
[    0.000000] NR_IRQS:16 nr_irqs:16 16
[    0.000000] /interrupt-controller@60004000: 160 interrupts forwarded to /interrupt-controller@50041000
[    0.000000] Tegra clk 127: register failed with -17
[    0.000008] sched_clock: 32 bits at 1000kHz, resolution 1000ns, wraps every 2147483647500ns
[    0.000026] clocksource: timer_us: mask: 0xffffffff max_cycles: 0xffffffff, max_idle_ns: 1911260446275 ns
[    0.000040] Switching to timer-based delay loop, resolution 1000ns
[    0.003232] arm_arch_timer: Architected cp15 timer(s) running at 12.00MHz (virt).
[    0.003250] clocksource: arch_sys_counter: mask: 0xffffffffffffff max_cycles: 0x2c47f4ee7, max_idle_ns: 440795202497 ns
[    0.003267] sched_clock: 56 bits at 12MHz, resolution 83ns, wraps every 4398046511096ns
[    0.003281] Switching to timer-based delay loop, resolution 83ns
[    0.003641] Console: colour dummy device 80x30
[    0.003669] Calibrating delay loop (skipped), value calculated using timer frequency.. 24.00 BogoMIPS (lpj=60000)
[    0.003684] pid_max: default: 32768 minimum: 301
[    0.003781] Mount-cache hash table entries: 2048 (order: 1, 8192 bytes)
[    0.003793] Mountpoint-cache hash table entries: 2048 (order: 1, 8192 bytes)
[    0.004412] CPU: Testing write buffer coherency: ok
[    0.004627] /cpus/cpu@0 missing clock-frequency property
[    0.004657] /cpus/cpu@1 missing clock-frequency property
[    0.004686] /cpus/cpu@2 missing clock-frequency property
[    0.004717] /cpus/cpu@3 missing clock-frequency property
[    0.004729] CPU0: thread -1, cpu 0, socket 0, mpidr 80000000
[    0.004752] Setting up static identity map for 0x80300000 - 0x80300098
[    0.007341] Tegra Revision: A01 SKU: 0 CPU Process: 1 SoC Process: 0
[    0.008776] CPU1: thread -1, cpu 1, socket 0, mpidr 80000001
[    0.009485] CPU2: thread -1, cpu 2, socket 0, mpidr 80000002
[    0.010178] CPU3: thread -1, cpu 3, socket 0, mpidr 80000003
[    0.010266] Brought up 4 CPUs
[    0.010287] SMP: Total of 4 processors activated (96.00 BogoMIPS).
[    0.010296] CPU: All CPU(s) started in SVC mode.
[    0.010360] span: 0-3 (max cpu_capacity = 1024)
[    0.011785] devtmpfs: initialized
[    0.023909] VFP support v0.3: implementor 41 architecture 4 part 30 variant f rev 0
[    0.024279] clocksource: jiffies: mask: 0xffffffff max_cycles: 0xffffffff, max_idle_ns: 9556302231375000 ns
[    0.025641] pinctrl core: initialized pinctrl subsystem
[    0.027249] NET: Registered protocol family 16
[    0.029282] DMA: preallocated 256 KiB pool for atomic coherent allocations
[    0.043141] cpuidle: using governor menu
[    0.057991] No ATAGs?
[    0.058019] hw-breakpoint: found 5 (+1 reserved) breakpoint and 4 watchpoint registers.
[    0.058030] hw-breakpoint: maximum watchpoint size is 8 bytes.
[    0.062927] Serial: AMBA PL011 UART driver
[    0.064299] tegra-mc 70019000.memory-controller: no memory timings for RAM code 3 registered
[    0.097670] dvdd_ts: Failed to request enable GPIO61: -517
[    0.097686] reg-fixed-voltage regulators:regulator@1: Failed to register regulator: -517
[    0.097781] usb1_vbus: Failed to request enable GPIO108: -517
[    0.097795] reg-fixed-voltage regulators:regulator@3: Failed to register regulator: -517
[    0.097887] usb2_vbus: Failed to request enable GPIO86: -517
[    0.097901] reg-fixed-voltage regulators:regulator@4: Failed to register regulator: -517
[    0.098324] VDD_5V0_HDMI_CON: Failed to request enable GPIO81: -517
[    0.098338] reg-fixed-voltage regulators:regulator@7: Failed to register regulator: -517
[    0.100982] vgaarb: loaded
[    0.101805] SCSI subsystem initialized
[    0.101980] libata version 3.00 loaded.
[    0.102279] usbcore: registered new interface driver usbfs
[    0.102348] usbcore: registered new interface driver hub
[    0.102429] usbcore: registered new device driver usb
[    0.105961] tps65090 2-0048: No cache defaults, reading back from HW
[    0.107848] TPS65090_RAILSDCDC1: supplied by vdd_ac_bat
[    0.108385] vdd_hdmi_5v0: supplied by vdd-sys-5v0
[    0.109151] TPS65090_RAILSDCDC2: supplied by vdd_ac_bat
[    0.110195] TPS65090_RAILSDCDC3: supplied by vdd_ac_bat
[    0.110735] TPS65090_RAILSFET1: supplied by vdd_ac_bat
[    0.111122] TPS65090_RAILSFET2: supplied by vdd_ac_bat
[    0.111487] TPS65090_RAILSFET3: supplied by vdd-sys-3v3
[    0.112017] TPS65090_RAILSFET4: supplied by vdd-sys-3v3
[    0.112539] TPS65090_RAILSFET5: supplied by vdd-sys-3v3
[    0.113056] TPS65090_RAILSFET6: supplied by vdd-sys-3v3
[    0.113892] TPS65090_RAILSFET7: supplied by vdd-sys-3v3
[    0.114423] TPS65090_RAILSLDO1: supplied by vdd_ac_bat
[    0.114651] TPS65090_RAILSLDO2: supplied by vdd_ac_bat
[    0.115503] palmas 2-0058: Irq flag is 0x00000004
[    0.117450] palmas 2-0058: Muxing GPIO ff, PWM 0, LED 0
[    0.120013] SMPS12: supplied by vdd-ao
[    0.121594] SMPS3: supplied by vdd-ao
[    0.123305] SMPS457: supplied by vdd-sys-3v3
[    0.126156] SMPS8: supplied by vdd-sys-3v3
[    0.127003] random: fast init done
[    0.127742] SMPS9: supplied by vdd-sys-3v3
[    0.128245] sdhci-vdd-sd-slot: Bringing 2840000uV into 2800000-2800000uV
[    0.128973] sdhci-vdd-sd-slot: ramp_delay not set
[    0.130928] LDO1: supplied by vdd-sys-3v3
[    0.132104] LDO2: supplied by vdd-sys-3v3
[    0.133289] LDO3: supplied by vddio-1v8
[    0.134473] LDO4: supplied by vdd-sys-3v3
[    0.135667] LDO5: supplied by vdd_ac_bat
[    0.136431] LDO6: supplied by vdd-sys-3v3
[    0.136926] vdd-sensor-2v85: Bringing 2900000uV into 2850000-2850000uV
[    0.138181] LDO7: supplied by vdd-sys-3v3
[    0.139883] LDO8: supplied by vdd-ao
[    0.140377] vdd-rtc: Bringing 675000uV into 900000-900000uV
[    0.144335] LDO9: supplied by sdhci-vdd-sd-slot
[    0.149652] LDOLN: supplied by vdd-sys-5v0
[    0.150844] LDOUSB: supplied by vdd-sys-5v0
[    0.157562] pps_core: LinuxPPS API ver. 1 registered
[    0.157572] pps_core: Software ver. 5.3.6 - Copyright 2005-2007 Rodolfo Giometti <giometti@linux.it>
[    0.157596] PTP clock support registered
[    0.157801] EDAC MC: Ver: 3.0.0
[    0.160280] clocksource: Switched to clocksource arch_sys_counter
[    0.171203] NET: Registered protocol family 2
[    0.171728] TCP established hash table entries: 8192 (order: 3, 32768 bytes)
[    0.171826] TCP bind hash table entries: 8192 (order: 4, 65536 bytes)
[    0.172013] TCP: Hash tables configured (established 8192 bind 8192)
[    0.172066] UDP hash table entries: 512 (order: 2, 16384 bytes)
[    0.172108] UDP-Lite hash table entries: 512 (order: 2, 16384 bytes)
[    0.172270] NET: Registered protocol family 1
[    0.172602] RPC: Registered named UNIX socket transport module.
[    0.172612] RPC: Registered udp transport module.
[    0.172620] RPC: Registered tcp transport module.
[    0.172627] RPC: Registered tcp NFSv4.1 backchannel transport module.
[    0.172638] PCI: CLS 0 bytes, default 64
[    0.174815] futex hash table entries: 1024 (order: 4, 65536 bytes)
[    0.175349] workingset: timestamp_bits=30 max_order=19 bucket_order=0
[    0.186874] squashfs: version 4.0 (2009/01/31) Phillip Lougher
[    0.187759] NFS: Registering the id_resolver key type
[    0.187784] Key type id_resolver registered
[    0.187792] Key type id_legacy registered
[    0.187841] ntfs: driver 2.1.32 [Flags: R/O].
[    0.189141] bounce: pool size: 64 pages
[    0.189358] Block layer SCSI generic (bsg) driver version 0.4 loaded (major 248)
[    0.189369] io scheduler noop registered
[    0.189377] io scheduler deadline registered
[    0.189576] io scheduler cfq registered (default)
[    0.193778] libphy: mdio_driver_register: phy-bcm-ns2-pci
[    0.217979] tegra-apbdma 6000a000.dma: Tegra20 APB DMA driver register 32 channels
[    0.219740] tegra-pmc 7000e400.pmc: i2c-thermtrip node not found, emergency thermal reset disabled.
[    0.288228] Serial: 8250/16550 driver, 4 ports, IRQ sharing disabled
[    0.291289] console [ttyS0] disabled
[    0.291328] 70006300.serial: ttyS0 at MMIO 0x70006300 (irq = 329, base_baud = 25500000) is a Tegra
[    1.261112] console [ttyS0] enabled
[    1.265417] SuperH (H)SCI(F) driver initialized
[    1.270895] msm_serial: driver initialized
[    1.275163] STMicroelectronics ASC driver initialized
[    1.283720] [drm:drm_core_init] Initialized drm 1.1.0 20060810
[    1.292547] tegra-hdmi 54280000.hdmi: failed to get HDMI regulator
[    1.317466] brd: module loaded
[    1.326849] loop: module loaded
[    1.346424] m25p80 spi32766.0: w25q32dw (4096 Kbytes)
[    1.354609] libphy: Fixed MDIO Bus: probed
[    1.359940] CAN device driver interface
[    1.365749] igb: Intel(R) Gigabit Ethernet Network Driver - version 5.3.0-k
[    1.372718] igb: Copyright (c) 2007-2014 Intel Corporation.
[    1.381354] pegasus: v0.9.3 (2013/04/25), Pegasus/Pegasus II USB Ethernet driver
[    1.388811] usbcore: registered new interface driver pegasus
[    1.394540] usbcore: registered new interface driver asix
[    1.399997] usbcore: registered new interface driver ax88179_178a
[    1.406145] usbcore: registered new interface driver cdc_ether
[    1.412049] usbcore: registered new interface driver smsc75xx
[    1.417867] usbcore: registered new interface driver smsc95xx
[    1.423663] usbcore: registered new interface driver net1080
[    1.429375] usbcore: registered new interface driver cdc_subset
[    1.435345] usbcore: registered new interface driver zaurus
[    1.440998] usbcore: registered new interface driver cdc_ncm
[    1.448545] ehci_hcd: USB 2.0 'Enhanced' Host Controller (EHCI) Driver
[    1.455084] ehci-pci: EHCI PCI platform driver
[    1.459585] ehci-platform: EHCI generic platform driver
[    1.465009] ehci-orion: EHCI orion driver
[    1.469161] SPEAr-ehci: EHCI SPEAr driver
[    1.473318] ehci-st: EHCI STMicroelectronics driver
[    1.478341] ehci-exynos: EHCI EXYNOS driver
[    1.482685] ehci-atmel: EHCI Atmel driver
[    1.486836] tegra-ehci: Tegra EHCI driver
[    1.491148] ohci_hcd: USB 1.1 'Open' Host Controller (OHCI) Driver
[    1.497353] ohci-pci: OHCI PCI platform driver
[    1.501854] ohci-platform: OHCI generic platform driver
[    1.507245] ohci-omap3: OHCI OMAP3 driver
[    1.511400] SPEAr-ohci: OHCI SPEAr driver
[    1.515558] ohci-st: OHCI STMicroelectronics driver
[    1.520579] ohci-atmel: OHCI Atmel driver
[    1.525289] usbcore: registered new interface driver usb-storage
[    1.532820] mousedev: PS/2 mouse device common for all mice
[    1.542968] palmas-rtc 7000d000.i2c:tps65913@58:rtc: rtc core: registered 7000d000.i2c:tps659 as rtc0
[    1.554079] tegra_rtc 7000e000.rtc: rtc core: registered 7000e000.rtc as rtc1
[    1.561280] tegra_rtc 7000e000.rtc: Tegra internal Real Time Clock
[    1.567998] i2c /dev entries driver
[    1.578063] sbs-battery 0-000b: sbs_probe: Failed to get device status
[    1.584618] sbs-battery: probe of 0-000b failed with error -121
[    1.600409] sdhci: Secure Digital Host Controller Interface driver
[    1.606604] sdhci: Copyright(c) Pierre Ossman
[    1.612393] Synopsys Designware Multimedia Card Interface Driver
[    1.619446] sdhci-pltfm: SDHCI platform and OF driver helper
[    1.625833] sdhci-tegra 78000400.sdhci: Got CD GPIO
[    1.630743] sdhci-tegra 78000400.sdhci: Got WP GPIO
[    1.636804] mmc0: Invalid maximum block size, assuming 512 bytes
[    1.685421] mmc0: SDHCI controller on 78000400.sdhci [78000400.sdhci] using ADMA
[    1.693109] mmc1: Invalid maximum block size, assuming 512 bytes
[    1.745292] mmc1: SDHCI controller on 78000600.sdhci [78000600.sdhci] using ADMA
[    1.754519] ledtrig-cpu: registered to indicate activity on CPUs
[    1.760883] usbcore: registered new interface driver usbhid
[    1.766468] usbhid: USB HID core driver
[    1.776557] NET: Registered protocol family 10
[    1.781912] sit: IPv6, IPv4 and MPLS over IPv4 tunneling driver
[    1.788537] NET: Registered protocol family 17
[    1.793009] can: controller area network core (rev 20120528 abi 9)
[    1.799267] NET: Registered protocol family 29
[    1.803725] can: raw protocol (rev 20120528)
[    1.808007] can: broadcast manager protocol (rev 20160617 t)
[    1.813679] can: netlink gateway (rev 20130117) max_hops=1
[    1.819548] Key type dns_resolver registered
[    1.824485] ThumbEE CPU extension supported.
[    1.828776] Registering SWP/SWPB emulation handler
[    1.837846] usb1_vbus: supplied by vdd-sys-5v0
[    1.845353] usb2_vbus: supplied by vdd-sys-5v0
[    1.854961] mmc0: new high speed SDHC card at address aaaa
[    1.857804] VDD_5V0_HDMI_CON: supplied by vdd-sys-5v0
[    1.863768] [drm:drm_vblank_init] Supports vblank timestamp caching Rev 2 (21.10.2013).
[    1.863774] [drm:drm_vblank_init] No driver support for vblank timestamp query.
[    1.884069] mmcblk0: mmc0:aaaa SL16G 14.8 GiB 
[    1.910322]  mmcblk0: p1 p2 p3
[    1.927916] Console: switching to colour frame buffer device 240x75
[    1.933431] mmc1: new high speed MMC card at address 0001
[    1.934771] mmcblk1: mmc1:0001 SEM32G 29.1 GiB 
[    1.935832] mmcblk1boot0: mmc1:0001 SEM32G partition 1 4.00 MiB
[    1.936653] mmcblk1boot1: mmc1:0001 SEM32G partition 2 4.00 MiB
[    1.937237] mmcblk1rpmb: mmc1:0001 SEM32G partition 3 4.00 MiB
[    1.941688]  mmcblk1: p1 p2 p3 p4 p5 p6 p7 p8
[    1.991786] drm drm: fb0:  frame buffer device
[    2.015420] [drm:host1x_drm_probe] Initialized tegra 0.0.0 20120330 on minor 0
[    2.028412] tegra-ehci 7d008000.usb: EHCI Host Controller
[    2.033887] tegra-ehci 7d008000.usb: new USB bus registered, assigned bus number 1
[    2.041862] tegra-ehci 7d008000.usb: irq 339, io mem 0x7d008000
[    2.060409] tegra-ehci 7d008000.usb: USB 2.0 started, EHCI 1.10
[    2.067592] hub 1-0:1.0: USB hub found
[    2.071453] hub 1-0:1.0: 1 port detected
[    2.077369] input: gpio-keys as /devices/soc0/gpio-keys/input/input0
[    2.086386] palmas-rtc 7000d000.i2c:tps65913@58:rtc: setting system clock to 2000-06-30 17:13:37 UTC (962385217)
[    2.112284] dvdd_ts: disabling
[    2.115387] usb1_vbus: disabling
[    2.118613] vdd_cam_1v8_reg: disabling
[    2.124234] EXT4-fs (mmcblk1p1): mounting ext3 file system using the ext4 subsystem
[    2.146009] EXT4-fs (mmcblk1p1): recovery complete
[    2.150871] EXT4-fs (mmcblk1p1): mounted filesystem with ordered data mode. Opts: (null)
[    2.159045] VFS: Mounted root (ext3 filesystem) on device 179:17.
[    2.169553] devtmpfs: mounted
[    2.174421] Freeing unused kernel memory: 2048K (c1100000 - c1300000)
bash: cannot set terminal process group (-1): Inappropriate ioctl for device
bash: no job control in this shell
root@(none):/# [    2.405418] usb 1-1: new high-speed USB device number 2 using tegra-ehci
mount -t sysfs none /sys
root@(none):/# 
root@(none):/# mount -t debugfs none /sys/kernel/debug
root@(none):/# 
root@(none):/# rtcwake -d rtc1 -m mem -s 3
rtcwake: assuming RTC uses UTC ...
rtcwake: wakeup from "mem" using /dev/rtc1 at Thu Jan  1 00:00:19 1970
[    5.352361] PM: Syncing filesystems ... done.
[    5.380833] Freezing user space processes ... (elapsed 0.001 seconds) done.
[    5.389190] Freezing remaining freezable tasks ... (elapsed 0.001 seconds) done.
[    5.398126] Suspending console(s) (use no_console_suspend to debug)
[    5.405981] asix 1-1:1.0 eth0: Failed to read reg index 0x0000: -19
[    5.405989] asix 1-1:1.0 eth0: Error reading Medium Status register: ffffffed
[    5.405998] asix 1-1:1.0 eth0: Failed to write reg index 0x0000: -19
[    5.406005] asix 1-1:1.0 eth0: Failed to write Medium Mode mode to 0xfeed: ffffffed
[    5.452575] PM: suspend of devices complete after 46.773 msecs
[    5.455263] PM: late suspend of devices complete after 2.672 msecs
[    5.457224] PM: noirq suspend of devices complete after 1.913 msecs
[    5.457228] Disabling non-boot CPUs ...
[    5.457393] span: 0,2-3 (max cpu_capacity = 1024)
[    5.458204] CPU1: shutdown
[    5.497232] span: 0,3 (max cpu_capacity = 1024)
[    5.497917] CPU2: shutdown
[    5.526938] span: 0 (max cpu_capacity = 1024)
[    5.527544] CPU3: shutdown
[    5.541494] Entering suspend state LP1
[    5.541494] Suspended for 7.096 seconds
[    5.541515] Enabling non-boot CPUs ...
[    5.556927] span: 0-1 (max cpu_capacity = 1024)
[    5.557035] CPU1 is up
[    5.577075] span: 0-2 (max cpu_capacity = 1024)
[    5.577182] CPU2 is up
[    5.597376] span: 0-3 (max cpu_capacity = 1024)
[    5.597503] CPU3 is up
[    5.598786] PM: noirq resume of devices complete after 1.273 msecs
[    5.601848] PM: early resume of devices complete after 2.622 msecs
[    6.133508] PM: resume of devices complete after 531.643 msecs
[    6.256606] Restarting tasks ... done.
root@(none):/# 
root@(none):/# rtcwake -d rtc1 -m mem -s 3
rtcwake: assuming RTC uses UTC ...
rtcwake: wakeup from "mem" using /dev/rtc1 at Thu Jan  1 00:00:28 1970
[    7.237830] PM: Syncing filesystems ... done.
[    7.264525] Freezing user space processes ... (elapsed 0.001 seconds) done.
[    7.272898] Freezing remaining freezable tasks ... (elapsed 0.001 seconds) done.
[    7.281827] Suspending console(s) (use no_console_suspend to debug)
[    7.289723] asix 1-1:1.0 eth0: Failed to read reg index 0x0000: -19
[    7.289739] asix 1-1:1.0 eth0: Error reading Medium Status register: ffffffed
[    7.289749] asix 1-1:1.0 eth0: Failed to write reg index 0x0000: -19
[    7.289757] asix 1-1:1.0 eth0: Failed to write Medium Mode mode to 0xfeed: ffffffed
[    7.337127] PM: suspend of devices complete after 47.583 msecs
[    7.339527] PM: late suspend of devices complete after 2.385 msecs
[    7.341543] PM: noirq suspend of devices complete after 2.007 msecs
[    7.341547] Disabling non-boot CPUs ...
[    7.341714] span: 0,2-3 (max cpu_capacity = 1024)
[    7.342047] IRQ17 no longer affine to CPU1
[    7.342421] CPU1: shutdown
[    7.377186] span: 0,3 (max cpu_capacity = 1024)
[    7.377866] CPU2: shutdown
[    7.406886] span: 0 (max cpu_capacity = 1024)
[    7.407508] CPU3: shutdown
[    7.421454] Entering suspend state LP1
[    7.421454] Suspended for 7.120 seconds
[    7.421474] Enabling non-boot CPUs ...
[    7.436880] span: 0-1 (max cpu_capacity = 1024)
[    7.436991] CPU1 is up
[    7.457031] span: 0-2 (max cpu_capacity = 1024)
[    7.457139] CPU2 is up
[    7.477328] span: 0-3 (max cpu_capacity = 1024)
[    7.477455] CPU3 is up
[    7.478756] PM: noirq resume of devices complete after 1.290 msecs
[    7.481368] PM: early resume of devices complete after 2.154 msecs
[    8.016438] PM: resume of devices complete after 535.052 msecs
[    8.143644] Restarting tasks ... done.
root@(none):/# 
root@(none):/# rtcwake -d rtc1 -m mem -s 3
rtcwake: assuming RTC uses UTC ...
rtcwake: wakeup from "mem" using /dev/rtc1 at Thu Jan  1 00:00:37 1970
[    9.133869] PM: Syncing filesystems ... done.
[    9.160865] Freezing user space processes ... (elapsed 0.001 seconds) done.
[    9.169214] Freezing remaining freezable tasks ... (elapsed 0.001 seconds) done.
[    9.178146] Suspending console(s) (use no_console_suspend to debug)
[    9.186095] asix 1-1:1.0 eth0: Failed to read reg index 0x0000: -19
[    9.186103] asix 1-1:1.0 eth0: Error reading Medium Status register: ffffffed
[    9.186114] asix 1-1:1.0 eth0: Failed to write reg index 0x0000: -19
[    9.186124] asix 1-1:1.0 eth0: Failed to write Medium Mode mode to 0xfeed: ffffffed
[    9.232678] PM: suspend of devices complete after 46.822 msecs
[    9.235106] PM: late suspend of devices complete after 2.413 msecs
[    9.237340] PM: noirq suspend of devices complete after 2.221 msecs
[    9.237344] Disabling non-boot CPUs ...
[    9.237511] span: 0,2-3 (max cpu_capacity = 1024)
[    9.238243] CPU1: shutdown
[    9.272167] span: 0,3 (max cpu_capacity = 1024)
[    9.272472] IRQ17 no longer affine to CPU2
[    9.272864] CPU2: shutdown
[    9.301848] span: 0 (max cpu_capacity = 1024)
[    9.302463] CPU3: shutdown
[    9.316392] Entering suspend state LP1
[    9.316392] Suspended for 7.105 seconds
[    9.316413] Enabling non-boot CPUs ...
[    9.331809] span: 0-1 (max cpu_capacity = 1024)
[    9.331918] CPU1 is up
[    9.351963] span: 0-2 (max cpu_capacity = 1024)
[    9.352074] CPU2 is up
[    9.372285] span: 0-3 (max cpu_capacity = 1024)
[    9.372410] CPU3 is up
[    9.373682] PM: noirq resume of devices complete after 1.261 msecs
[    9.376669] PM: early resume of devices complete after 2.542 msecs
[    9.912004] PM: resume of devices complete after 535.319 msecs
[   10.039181] Restarting tasks ... done.
root@(none):/# 
root@(none):/# rtcwake -d rtc1 -m mem -s 3
rtcwake: assuming RTC uses UTC ...
rtcwake: wakeup from "mem" using /dev/rtc1 at Thu Jan  1 00:00:46 1970
[   11.030528] PM: Syncing filesystems ... done.
[   11.057304] Freezing user space processes ... (elapsed 0.001 seconds) done.
[   11.065704] Freezing remaining freezable tasks ... (elapsed 0.001 seconds) done.
[   11.074615] Suspending console(s) (use no_console_suspend to debug)
[   11.082463] asix 1-1:1.0 eth0: Failed to read reg index 0x0000: -19
[   11.082472] asix 1-1:1.0 eth0: Error reading Medium Status register: ffffffed
[   11.082481] asix 1-1:1.0 eth0: Failed to write reg index 0x0000: -19
[   11.082487] asix 1-1:1.0 eth0: Failed to write Medium Mode mode to 0xfeed: ffffffed
[   11.127435] PM: suspend of devices complete after 45.152 msecs
[   11.129881] PM: late suspend of devices complete after 2.430 msecs
[   11.132087] PM: noirq suspend of devices complete after 2.194 msecs
[   11.132091] Disabling non-boot CPUs ...
[   11.132261] span: 0,2-3 (max cpu_capacity = 1024)
[   11.132602] IRQ17 no longer affine to CPU1
[   11.133001] CPU1: shutdown
[   11.167102] span: 0,3 (max cpu_capacity = 1024)
[   11.167799] CPU2: shutdown
[   11.196801] span: 0 (max cpu_capacity = 1024)
[   11.197424] CPU3: shutdown
[   11.211350] Entering suspend state LP1
[   11.211350] Suspended for 7.105 seconds
[   11.211371] Enabling non-boot CPUs ...
[   11.226771] span: 0-1 (max cpu_capacity = 1024)
[   11.226881] CPU1 is up
[   11.246927] span: 0-2 (max cpu_capacity = 1024)
[   11.247036] CPU2 is up
[   11.267234] span: 0-3 (max cpu_capacity = 1024)
[   11.267358] CPU3 is up
[   11.268639] PM: noirq resume of devices complete after 1.270 msecs
[   11.271299] PM: early resume of devices complete after 2.211 msecs
[   11.805352] PM: resume of devices complete after 534.036 msecs
[   11.932450] Restarting tasks ... done.
root@(none):/# 
root@(none):/# rtcwake -d rtc1 -m mem -s 3
rtcwake: assuming RTC uses UTC ...
rtcwake: wakeup from "mem" using /dev/rtc1 at Thu Jan  1 00:00:55 1970
[   12.938387] PM: Syncing filesystems ... done.
[   12.965573] Freezing user space processes ... (elapsed 0.001 seconds) done.
[   12.973933] Freezing remaining freezable tasks ... (elapsed 0.001 seconds) done.
[   12.982900] Suspending console(s) (use no_console_suspend to debug)
[   12.990725] asix 1-1:1.0 eth0: Failed to read reg index 0x0000: -19
[   12.990733] asix 1-1:1.0 eth0: Error reading Medium Status register: ffffffed
[   12.990742] asix 1-1:1.0 eth0: Failed to write reg index 0x0000: -19
[   12.990749] asix 1-1:1.0 eth0: Failed to write Medium Mode mode to 0xfeed: ffffffed
[   13.037458] PM: suspend of devices complete after 46.908 msecs
[   13.040217] PM: late suspend of devices complete after 2.742 msecs
[   13.042376] PM: noirq suspend of devices complete after 2.144 msecs
[   13.042380] Disabling non-boot CPUs ...
[   13.042551] span: 0,2-3 (max cpu_capacity = 1024)
[   13.043308] CPU1: shutdown
[   13.087068] span: 0,3 (max cpu_capacity = 1024)
[   13.087744] CPU2: shutdown
[   13.121744] span: 0 (max cpu_capacity = 1024)
[   13.122364] CPU3: shutdown
[   13.136295] Entering suspend state LP1
[   13.136295] Suspended for 7.075 seconds
[   13.136316] Enabling non-boot CPUs ...
[   13.151707] span: 0-1 (max cpu_capacity = 1024)
[   13.151815] CPU1 is up
[   13.171895] span: 0-2 (max cpu_capacity = 1024)
[   13.172004] CPU2 is up
[   13.192168] span: 0-3 (max cpu_capacity = 1024)
[   13.192293] CPU3 is up
[   13.193552] PM: noirq resume of devices complete after 1.247 msecs
[   13.196648] PM: early resume of devices complete after 2.647 msecs
[   13.731610] PM: resume of devices complete after 534.945 msecs
[   13.854675] Restarting tasks ... done.
root@(none):/# 
root@(none):/# rtcwake -d rtc1 -m mem -s 3
rtcwake: assuming RTC uses UTC ...
rtcwake: wakeup from "mem" using /dev/rtc1 at Thu Jan  1 00:01:04 1970
[   14.849792] PM: Syncing filesystems ... done.
[   14.876862] Freezing user space processes ... (elapsed 0.001 seconds) done.
[   14.885272] Freezing remaining freezable tasks ... (elapsed 0.001 seconds) done.
[   14.894174] Suspending console(s) (use no_console_suspend to debug)
[   14.902512] asix 1-1:1.0 eth0: Failed to read reg index 0x0000: -19
[   14.902520] asix 1-1:1.0 eth0: Error reading Medium Status register: ffffffed
[   14.902529] asix 1-1:1.0 eth0: Failed to write reg index 0x0000: -19
[   14.902536] asix 1-1:1.0 eth0: Failed to write Medium Mode mode to 0xfeed: ffffffed
[   14.947251] PM: suspend of devices complete after 45.355 msecs
[   14.949659] PM: late suspend of devices complete after 2.392 msecs
[   14.951741] PM: noirq suspend of devices complete after 2.072 msecs
[   14.951745] Disabling non-boot CPUs ...
[   14.951908] span: 0,2-3 (max cpu_capacity = 1024)
[   14.952638] CPU1: shutdown
[   15.002011] span: 0,3 (max cpu_capacity = 1024)
[   15.002694] CPU2: shutdown
[   15.036686] span: 0 (max cpu_capacity = 1024)
[   15.037305] CPU3: shutdown
[   15.051247] Entering suspend state LP1
[   15.051247] Suspended for 7.085 seconds
[   15.051268] Enabling non-boot CPUs ...
[   15.066661] span: 0-1 (max cpu_capacity = 1024)
[   15.066768] CPU1 is up
[   15.086812] span: 0-2 (max cpu_capacity = 1024)
[   15.086920] CPU2 is up
[   15.107113] span: 0-3 (max cpu_capacity = 1024)
[   15.107239] CPU3 is up
[   15.108525] PM: noirq resume of devices complete after 1.275 msecs
[   15.111210] PM: early resume of devices complete after 2.232 msecs
[   15.645278] PM: resume of devices complete after 534.051 msecs
[   15.768331] Restarting tasks ... done.
root@(none):/# 
root@(none):/# rtcwake -d rtc1 -m mem -s 3
rtcwake: assuming RTC uses UTC ...
rtcwake: wakeup from "mem" using /dev/rtc1 at Thu Jan  1 00:01:13 1970
[   16.761745] PM: Syncing filesystems ... done.
[   16.788873] Freezing user space processes ... (elapsed 0.001 seconds) done.
[   16.797263] Freezing remaining freezable tasks ... (elapsed 0.001 seconds) done.
[   16.806224] Suspending console(s) (use no_console_suspend to debug)
[   16.814026] asix 1-1:1.0 eth0: Failed to read reg index 0x0000: -19
[   16.814034] asix 1-1:1.0 eth0: Error reading Medium Status register: ffffffed
[   16.814043] asix 1-1:1.0 eth0: Failed to write reg index 0x0000: -19
[   16.814050] asix 1-1:1.0 eth0: Failed to write Medium Mode mode to 0xfeed: ffffffed
[   16.862252] PM: suspend of devices complete after 48.386 msecs
[   16.864934] PM: late suspend of devices complete after 2.666 msecs
[   16.866987] PM: noirq suspend of devices complete after 2.043 msecs
[   16.866991] Disabling non-boot CPUs ...
[   16.867150] span: 0,2-3 (max cpu_capacity = 1024)
[   16.867483] IRQ17 no longer affine to CPU1
[   16.867885] CPU1: shutdown
[   16.901943] span: 0,3 (max cpu_capacity = 1024)
[   16.902638] CPU2: shutdown
[   16.931647] span: 0 (max cpu_capacity = 1024)
[   16.932265] CPU3: shutdown
[   16.946199] Entering suspend state LP1
[   16.946199] Suspended for 7.105 seconds
[   16.946220] Enabling non-boot CPUs ...
[   16.961612] span: 0-1 (max cpu_capacity = 1024)
[   16.961722] CPU1 is up
[   16.981774] span: 0-2 (max cpu_capacity = 1024)
[   16.981883] CPU2 is up
[   17.002078] span: 0-3 (max cpu_capacity = 1024)
[   17.002202] CPU3 is up
[   17.003470] PM: noirq resume of devices complete after 1.257 msecs
[   17.006464] PM: early resume of devices complete after 2.534 msecs
[   17.538313] PM: resume of devices complete after 531.832 msecs
[   17.665578] Restarting tasks ... done.
root@(none):/# 
root@(none):/# rtcwake -d rtc1 -m mem -s 3
rtcwake: assuming RTC uses UTC ...
rtcwake: wakeup from "mem" using /dev/rtc1 at Thu Jan  1 00:01:22 1970
[   18.660584] PM: Syncing filesystems ... done.
[   18.687677] Freezing user space processes ... (elapsed 0.001 seconds) done.
[   18.696100] Freezing remaining freezable tasks ... (elapsed 0.001 seconds) done.
[   18.705032] Suspending console(s) (use no_console_suspend to debug)
[   18.712919] asix 1-1:1.0 eth0: Failed to read reg index 0x0000: -19
[   18.712928] asix 1-1:1.0 eth0: Error reading Medium Status register: ffffffed
[   18.712938] asix 1-1:1.0 eth0: Failed to write reg index 0x0000: -19
[   18.712945] asix 1-1:1.0 eth0: Failed to write Medium Mode mode to 0xfeed: ffffffed
[   18.757254] PM: suspend of devices complete after 44.559 msecs
[   18.759983] PM: late suspend of devices complete after 2.713 msecs
[   18.761943] PM: noirq suspend of devices complete after 1.950 msecs
[   18.761947] Disabling non-boot CPUs ...
[   18.762112] span: 0,2-3 (max cpu_capacity = 1024)
[   18.762835] CPU1: shutdown
[   18.806911] span: 0,3 (max cpu_capacity = 1024)
[   18.807606] CPU2: shutdown
[   18.841589] span: 0 (max cpu_capacity = 1024)
[   18.842210] CPU3: shutdown
[   18.856153] Entering suspend state LP1
[   18.856153] Suspended for 7.090 seconds
[   18.856174] Enabling non-boot CPUs ...
[   18.871567] span: 0-1 (max cpu_capacity = 1024)
[   18.871674] CPU1 is up
[   18.891724] span: 0-2 (max cpu_capacity = 1024)
[   18.891836] CPU2 is up
[   18.912029] span: 0-3 (max cpu_capacity = 1024)
[   18.912159] CPU3 is up
[   18.913429] PM: noirq resume of devices complete after 1.259 msecs
[   18.916084] PM: early resume of devices complete after 2.206 msecs
[   19.456487] PM: resume of devices complete after 540.385 msecs
[   19.579816] Restarting tasks ... done.
root@(none):/# 
root@(none):/# rtcwake -d rtc1 -m mem -s 3
rtcwake: assuming RTC uses UTC ...
rtcwake: wakeup from "mem" using /dev/rtc1 at Thu Jan  1 00:01:31 1970
[   20.567318] PM: Syncing filesystems ... done.
[   20.594379] Freezing user space processes ... (elapsed 0.001 seconds) done.
[   20.602630] Freezing remaining freezable tasks ... (elapsed 0.001 seconds) done.
[   20.611448] Suspending console(s) (use no_console_suspend to debug)
[   20.619209] asix 1-1:1.0 eth0: Failed to read reg index 0x0000: -19
[   20.619217] asix 1-1:1.0 eth0: Error reading Medium Status register: ffffffed
[   20.619227] asix 1-1:1.0 eth0: Failed to write reg index 0x0000: -19
[   20.619234] asix 1-1:1.0 eth0: Failed to write Medium Mode mode to 0xfeed: ffffffed
[   20.667073] PM: suspend of devices complete after 47.987 msecs
[   20.669316] PM: late suspend of devices complete after 2.233 msecs
[   20.671259] PM: noirq suspend of devices complete after 1.935 msecs
[   20.671263] Disabling non-boot CPUs ...
[   20.671440] span: 0,2-3 (max cpu_capacity = 1024)
[   20.672156] CPU1: shutdown
[   20.706855] span: 0,3 (max cpu_capacity = 1024)
[   20.707514] CPU2: shutdown
[   20.736559] span: 0 (max cpu_capacity = 1024)
[   20.737210] CPU3: shutdown
[   20.761137] Entering suspend state LP1
[   20.761137] Suspended for 7.095 seconds
[   20.761158] Enabling non-boot CPUs ...
[   20.776504] span: 0-1 (max cpu_capacity = 1024)
[   20.776613] CPU1 is up
[   20.796689] span: 0-2 (max cpu_capacity = 1024)
[   20.796795] CPU2 is up
[   20.816993] span: 0-3 (max cpu_capacity = 1024)
[   20.817125] CPU3 is up
[   20.818392] PM: noirq resume of devices complete after 1.257 msecs
[   20.821354] PM: early resume of devices complete after 2.513 msecs
[   21.354420] PM: resume of devices complete after 533.050 msecs
[   21.477467] Restarting tasks ... done.
root@(none):/# 
root@(none):/# rtcwake -d rtc1 -m mem -s 3
rtcwake: assuming RTC uses UTC ...
rtcwake: wakeup from "mem" using /dev/rtc1 at Thu Jan  1 00:01:40 1970
[   22.460006] PM: Syncing filesystems ... done.
[   22.487303] Freezing user space processes ... (elapsed 0.001 seconds) done.
[   22.495708] Freezing remaining freezable tasks ... (elapsed 0.001 seconds) done.
[   22.504542] Suspending console(s) (use no_console_suspend to debug)
[   22.512400] asix 1-1:1.0 eth0: Failed to read reg index 0x0000: -19
[   22.512409] asix 1-1:1.0 eth0: Error reading Medium Status register: ffffffed
[   22.512418] asix 1-1:1.0 eth0: Failed to write reg index 0x0000: -19
[   22.512425] asix 1-1:1.0 eth0: Failed to write Medium Mode mode to 0xfeed: ffffffed
[   22.557200] PM: suspend of devices complete after 44.988 msecs
[   22.560100] PM: late suspend of devices complete after 2.884 msecs
[   22.562300] PM: noirq suspend of devices complete after 2.186 msecs
[   22.562305] Disabling non-boot CPUs ...
[   22.562474] span: 0,2-3 (max cpu_capacity = 1024)
[   22.563205] CPU1: shutdown
[   22.596802] span: 0,3 (max cpu_capacity = 1024)
[   22.597106] IRQ17 no longer affine to CPU2
[   22.597496] CPU2: shutdown
[   22.626483] span: 0 (max cpu_capacity = 1024)
[   22.627101] CPU3: shutdown
[   22.641058] Entering suspend state LP1
[   22.641058] Suspended for 7.120 seconds
[   22.641079] Enabling non-boot CPUs ...
[   22.656467] span: 0-1 (max cpu_capacity = 1024)
[   22.656576] CPU1 is up
[   22.676619] span: 0-2 (max cpu_capacity = 1024)
[   22.676727] CPU2 is up
[   22.696920] span: 0-3 (max cpu_capacity = 1024)
[   22.697036] CPU3 is up
[   22.698301] PM: noirq resume of devices complete after 1.253 msecs
[   22.701307] PM: early resume of devices complete after 2.544 msecs
[   23.239281] PM: resume of devices complete after 537.957 msecs
[   23.366368] Restarting tasks ... done.
root@(none):/# 
root@(none):/# NVTB SYSTEM SUSPEND TEST COMPLETE
