
U-Boot SPL 2013.04-rc2-06423-gf2e8a87-dirty (May 15 2013 - 09:45:39)


U-Boot 2013.04-rc2-06423-gf2e8a87-dirty (May 15 2013 - 09:45:39)

TEGRA30
Board: NVIDIA Beaver
DRAM:  2 GiB
MMC:   Tegra SD/MMC: 0, Tegra SD/MMC: 1
*** Warning - bad CRC, using default environment

In:    serial
Out:   serial
Err:   serial
Hit any key to stop autoboot:  2  0 
Tegra30 (Beaver) # 
Tegra30 (Beaver) # setenv bootargs 'console=ttyS0,230400n8 noinitrd root=/dev/mmcblk0p1 rw rootwait gpt ignore_loglevel debug'
Tegra30 (Beaver) # loady 0x81000000
## Ready for binary (ymodem) download to 0x81000000 at 230400 bps...
CSending: zImage
Sending: 

Transfer complete
yzModem - CRC mode, 6(SOH)/4015(STX)/0(CAN) packets, 3 retries
## Total Size      = 0x003ebdc0 = 4111808 Bytes
Tegra30 (Beaver) # loady 0x82000000
## Ready for binary (ymodem) download to 0x82000000 at 230400 bps...
CSending: tegra30-beaver.dtb
Sending: 

Transfer complete
yzModem - CRC mode, 6(SOH)/20(STX)/0(CAN) packets, 3 retries
## Total Size      = 0x000051b8 = 20920 Bytes
Tegra30 (Beaver) # bootz 0x81000000 - 0x82000000
## Flattened Device Tree blob at 82000000
   Booting using the fdt blob at 0x82000000
   Loading Device Tree to 8fff7000, end 8ffff1b7 ... OK

Starting kernel .ø†ø†æ€˜€æ€˜€fæžÎžæžøÎxÎøÎžøž~8˜†žøžf†ø†ø†8xþžøžf†8àÎžþž`Îžøž~8~€žf8æÎxžfžø†æ€˜€[    0.000000] Booting Linux on physical CPU 0x0
[    0.000000] Initializing cgroup subsys cpu
[    0.000000] Initializing cgroup subsys cpuacct
[    0.000000] Linux version 3.12.0-next-20131111-23895-gedea089 (pwalmsley@tamien) (gcc version 4.7.3 20130328 (prerelease) (crosstool-NG linaro-1.13.1-4.7-2013.04-20130415 - Linaro GCC 2013.04) ) #1 SMP PREEMPT Sun Nov 10 23:21:38 PST 2013
[    0.000000] CPU: ARMv7 Processor [412fc099] revision 9 (ARMv7), cr=10c5387d
[    0.000000] CPU: PIPT / VIPT nonaliasing data cache, VIPT aliasing instruction cache
[    0.000000] Machine model: NVIDIA Tegra30 Beaver evaluation board
[    0.000000] debug: ignoring loglevel setting.
[    0.000000] cma: CMA: reserved 16 MiB at ae800000
[    0.000000] Memory policy: ECC disabled, Data cache writealloc
[    0.000000] On node 0 totalpages: 524032
[    0.000000] free_area_init_node: node 0, pgdat c07c62c0, node_mem_map c081e000
[    0.000000]   Normal zone: 1520 pages used for memmap
[    0.000000]   Normal zone: 0 pages reserved
[    0.000000]   Normal zone: 194560 pages, LIFO batch:31
[    0.000000]   HighMem zone: 2574 pages used for memmap
[    0.000000]   HighMem zone: 329472 pages, LIFO batch:31
[    0.000000] fuse_speedo_calib: ATE prog ver 3.3
[    0.000000] Tegra30: CPU Speedo ID 5, Soc Speedo ID 2
[    0.000000] Tegra Revision: A03 SKU: 128 CPU Process: 4 Core Process: 0
[    0.000000] L310 cache controller enabled
[    0.000000] l2x0: 8 ways, CACHE_ID 0x410000c7, AUX_CTRL 0x7e480001, Cache size: 1024 kB
[    0.000000] PERCPU: Embedded 8 pages/cpu @c1831000 s8896 r8192 d15680 u32768
[    0.000000] pcpu-alloc: s8896 r8192 d15680 u32768 alloc=8*4096
[    0.000000] pcpu-alloc: [0] 0 [0] 1 [0] 2 [0] 3 
[    0.000000] Built 1 zonelists in Zone order, mobility grouping on.  Total pages: 522512
[    0.000000] Kernel command line: console=ttyS0,230400n8 noinitrd root=/dev/mmcblk0p1 rw rootwait gpt ignore_loglevel debug
[    0.000000] PID hash table entries: 4096 (order: 2, 16384 bytes)
[    0.000000] Dentry cache hash table entries: 131072 (order: 7, 524288 bytes)
[    0.000000] Inode-cache hash table entries: 65536 (order: 6, 262144 bytes)
[    0.000000] Memory: 2053972K/2096128K available (5610K kernel code, 286K rwdata, 1800K rodata, 228K init, 344K bss, 42156K reserved, 1317888K highmem)
[    0.000000] Virtual kernel memory layout:
[    0.000000]     vector  : 0xffff0000 - 0xffff1000   (   4 kB)
[    0.000000]     fixmap  : 0xfff00000 - 0xfffe0000   ( 896 kB)
[    0.000000]     vmalloc : 0xf0000000 - 0xff000000   ( 240 MB)
[    0.000000]     lowmem  : 0xc0000000 - 0xef800000   ( 760 MB)
[    0.000000]     pkmap   : 0xbfe00000 - 0xc0000000   (   2 MB)
[    0.000000]     modules : 0xbf000000 - 0xbfe00000   (  14 MB)
[    0.000000]       .text : 0xc0008000 - 0xc0744f54   (7412 kB)
[    0.000000]       .init : 0xc0745000 - 0xc077e2c0   ( 229 kB)
[    0.000000]       .data : 0xc0780000 - 0xc07c7a00   ( 287 kB)
[    0.000000]        .bss : 0xc07c7a0c - 0xc081dbf0   ( 345 kB)
[    0.000000] Preemptible hierarchical RCU implementation.
[    0.000000] NR_IRQS:16 nr_irqs:16 16
[    0.000000] sched_clock: 32 bits at 1000kHz, resolution 1000ns, wraps every 2147483648000ns
[    0.000000] Console: colour dummy device 80x30
[    0.000590] Calibrating delay loop... 2786.91 BogoMIPS (lpj=13934592)
[    0.059913] pid_max: default: 32768 minimum: 301
[    0.060261] Mount-cache hash table entries: 512
[    0.070526] Initializing cgroup subsys debug
[    0.070544] Initializing cgroup subsys freezer
[    0.070595] CPU: Testing write buffer coherency: ok
[    0.070977] CPU0: thread -1, cpu 0, socket 0, mpidr 80000000
[    0.071023] Setting up static identity map for 0x80551b68 - 0x80551c00
[    0.131294] CPU1: Booted secondary processor
[    0.189978] CPU1: thread -1, cpu 1, socket 0, mpidr 80000001
[    0.211256] CPU2: Booted secondary processor
[    0.269978] CPU2: thread -1, cpu 2, socket 0, mpidr 80000002
[    0.291247] CPU3: Booted secondary processor
[    0.349978] CPU3: thread -1, cpu 3, socket 0, mpidr 80000003
[    0.350049] Brought up 4 CPUs
[    0.350065] SMP: Total of 4 processors activated.
[    0.350071] CPU: All CPU(s) started in SVC mode.
[    0.350924] devtmpfs: initialized
[    0.361402] VFP support v0.3: implementor 41 architecture 3 part 30 variant 9 rev 4
[    0.361683] pinctrl core: initialized pinctrl subsystem
[    0.362081] regulator-dummy: no parameters
[    0.363217] NET: Registered protocol family 16
[    0.365681] DMA: preallocated 256 KiB pool for atomic coherent allocations
[    0.366318] cpuidle: using governor ladder
[    0.366324] cpuidle: using governor menu
[    0.374586] No ATAGs?
[    0.374607] hw-breakpoint: found 5 (+1 reserved) breakpoint and 1 watchpoint registers.
[    0.374613] hw-breakpoint: maximum watchpoint size is 4 bytes.
[    0.383928] bio: create slab <bio-0> at 0
[    0.384999] vdd_5v_in: 5000 mV 
[    0.385121] platform 1.regulator: Driver reg-fixed-voltage requests probe deferral
[    0.385163] platform 2.regulator: Driver reg-fixed-voltage requests probe deferral
[    0.385315] vdd_5v_sata: 5000 mV 
[    0.385340] vdd_5v_sata: supplied by vdd_5v_in
[    0.385557] usb1_vbus: 5000 mV 
[    0.385595] usb1_vbus: supplied by vdd_5v_in
[    0.385797] usb3_vbus: 5000 mV 
[    0.385819] usb3_vbus: supplied by vdd_5v_in
[    0.385929] platform 6.regulator: Driver reg-fixed-voltage requests probe deferral
[    0.386070] sys_3v3_pexs: 3300 mV 
[    0.386112] reg-fixed-voltage 7.regulator: Failed to find supply vin
[    0.386206] reg-fixed-voltage 7.regulator: Failed to register regulator: -517
[    0.386219] platform 7.regulator: Driver reg-fixed-voltage requests probe deferral
[    0.387008] vgaarb: loaded
[    0.387858] SCSI subsystem initialized
[    0.388166] usbcore: registered new interface driver usbfs
[    0.388247] usbcore: registered new interface driver hub
[    0.388374] usbcore: registered new device driver usb
[    0.391911] tps62361-vout: 500 <--> 1500 mV at 1160 mV 
[    0.397600] vdd_1v8_gen: 1800 mV 
[    0.397644] vdd_1v8_gen: supplied by vdd_5v_in
[    0.400783] vddio_ddr_1v2: 1200 mV 
[    0.401290] vddio_ddr_1v2: supplied by vdd_5v_in
[    0.404644] vdd_1v5_gen: 1500 mV 
[    0.404675] vdd_1v5_gen: supplied by vdd_5v_in
[    0.408057] vdd_cpu,vdd_sys: 1000 mV 
[    0.410513] vdd_pexa,vdd_pexb: 1050 mV 
[    0.410544] vdd_pexa,vdd_pexb: supplied by vdd_1v5_gen
[    0.413344] vdd_sata,avdd_plle: 1050 mV 
[    0.413375] vdd_sata,avdd_plle: supplied by vdd_1v5_gen
[    0.415838] vdd_rtc: 1200 mV 
[    0.415870] vdd_rtc: supplied by vdd_5v_in
[    0.418332] vddio_sdmmc,avdd_vdac: 3300 mV 
[    0.418364] vddio_sdmmc,avdd_vdac: supplied by vdd_5v_in
[    0.421137] avdd_dsi_csi,pwrdet_mipi: 1200 mV 
[    0.421168] avdd_dsi_csi,pwrdet_mipi: supplied by vdd_1v8_gen
[    0.423637] vdd_pllm,x,u,a_p_c_s: 1200 mV 
[    0.423668] vdd_pllm,x,u,a_p_c_s: supplied by vdd_1v8_gen
[    0.426458] vdd_ddr_hs: 1000 mV 
[    0.426491] vdd_ddr_hs: supplied by vdd_1v8_gen
[    0.426858] Linux video capture interface: v2.00
[    0.427344] platform 7000f010.iommu: Driver tegra-smmu requests probe deferral
[    0.427582] Advanced Linux Sound Architecture Driver Initialized.
[    0.428155] Bluetooth: Core ver 2.17
[    0.428214] NET: Registered protocol family 31
[    0.428219] Bluetooth: HCI device and connection manager initialized
[    0.428238] Bluetooth: HCI socket layer initialized
[    0.428253] Bluetooth: L2CAP socket layer initialized
[    0.428284] Bluetooth: SCO socket layer initialized
[    0.428793] cfg80211: Calling CRDA to update world regulatory domain
[    0.429499] Switched to clocksource timer_us
[    0.439268] NET: Registered protocol family 2
[    0.440019] TCP established hash table entries: 8192 (order: 3, 32768 bytes)
[    0.440079] TCP bind hash table entries: 8192 (order: 4, 65536 bytes)
[    0.440162] TCP: Hash tables configured (established 8192 bind 8192)
[    0.440665] TCP: reno registered
[    0.440679] UDP hash table entries: 512 (order: 2, 16384 bytes)
[    0.440740] UDP-Lite hash table entries: 512 (order: 2, 16384 bytes)
[    0.441124] NET: Registered protocol family 1
[    0.441742] RPC: Registered named UNIX socket transport module.
[    0.441748] RPC: Registered udp transport module.
[    0.441752] RPC: Registered tcp transport module.
[    0.441756] RPC: Registered tcp NFSv4.1 backchannel transport module.
[    0.441765] PCI: CLS 0 bytes, default 64
[    0.443480] hw perfevents: enabled with ARMv7 Cortex-A9 PMU driver, 7 counters available
[    0.445863] bounce pool size: 64 pages
[    0.447115] squashfs: version 4.0 (2009/01/31) Phillip Lougher
[    0.447791] msgmni has been set to 1469
[    0.448914] io scheduler noop registered (default)
[    0.449720] platform 3000.pcie-controller: Driver tegra-pcie requests probe deferral
[    0.453556] tegra-apbdma 6000a000.dma: Tegra20 APB DMA driver register 32 channels
[    0.453988] Serial: 8250/16550 driver, 4 ports, IRQ sharing disabled
[    0.455320] 70006000.serial: ttyS0 at MMIO 0x70006000 (irq = 68, base_baud = 25500000) is a Tegra
[    0.858372] console [ttyS0] enabled
[    0.860734] [drm] Initialized drm 1.1.0 20060810
[    0.863672] tegra-hdmi 54280000.hdmi: failed to get VDD regulator
[    0.866739] platform 54280000.hdmi: Driver tegra-hdmi requests probe deferral
[    0.875175] loop: module loaded
[    0.879457] m25p80 spi32766.1: w25q32 (4096 Kbytes)
[    0.883046] pegasus: v0.9.3 (2013/04/25), Pegasus/Pegasus II USB Ethernet driver
[    0.886828] usbcore: registered new interface driver pegasus
[    0.889748] usbcore: registered new interface driver asix
[    0.892512] usbcore: registered new interface driver ax88179_178a
[    0.895617] usbcore: registered new interface driver cdc_ether
[    0.898603] usbcore: registered new interface driver r815x
[    0.901429] usbcore: registered new interface driver smsc75xx
[    0.904372] usbcore: registered new interface driver smsc95xx
[    0.907301] usbcore: registered new interface driver net1080
[    0.910205] usbcore: registered new interface driver cdc_subset
[    0.913222] usbcore: registered new interface driver zaurus
[    0.916099] usbcore: registered new interface driver cdc_ncm
[    0.918976] ehci_hcd: USB 2.0 'Enhanced' Host Controller (EHCI) Driver
[    0.922261] ehci-pci: EHCI PCI platform driver
[    0.924542] tegra-ehci: Tegra EHCI driver
[    0.926724] platform 7d008000.usb: Driver tegra-ehci requests probe deferral
[    0.930478] usbcore: registered new interface driver cdc_acm
[    0.933316] cdc_acm: USB Abstract Control Model driver for USB modems and ISDN adapters
[    0.937378] usbcore: registered new interface driver cdc_wdm
[    0.940305] usbcore: registered new interface driver usb-storage
[    0.944929] mousedev: PS/2 mouse device common for all mice
[    0.948758] tegra_rtc 7000e000.rtc: rtc core: registered 7000e000.rtc as rtc0
[    0.952384] tegra_rtc 7000e000.rtc: Tegra internal Real Time Clock
[    0.968361] tps65910-rtc tps65910-rtc: rtc core: registered tps65910-rtc as rtc1
[    0.973404] sdhci: Secure Digital Host Controller Interface driver
[    0.976503] sdhci: Copyright(c) Pierre Ossman
[    0.978687] sdhci-pltfm: SDHCI platform and OF driver helper
[    0.981874] sdhci-tegra 78000000.sdhci: Got CD GPIO #69.
[    0.984554] sdhci-tegra 78000000.sdhci: Got WP GPIO #155.
[    0.988316] sdhci-tegra 78000000.sdhci: dummy supplies not allowed
[    0.991427] mmc0: no vqmmc regulator found
[    0.993487] sdhci-tegra 78000000.sdhci: dummy supplies not allowed
[    0.996584] mmc0: no vmmc regulator found
[    0.998595] mmc0: Invalid maximum block size, assuming 512 bytes
[    1.039512] mmc0: SDHCI controller on 78000000.sdhci [78000000.sdhci] using ADMA
[    1.044321] sdhci-tegra 78000600.sdhci: dummy supplies not allowed
[    1.047421] mmc1: no vqmmc regulator found
[    1.049478] sdhci-tegra 78000600.sdhci: dummy supplies not allowed
[    1.052589] mmc1: no vmmc regulator found
[    1.054600] mmc1: Invalid maximum block size, assuming 512 bytes
[    1.099510] mmc1: SDHCI controller on 78000600.sdhci [78000600.sdhci] using ADMA
[    1.106036] usbcore: registered new interface driver usbhid
[    1.110874] usbhid: USB HID core driver
[    1.258004] mmc1: new high speed MMC card at address 0001
[    1.261060] isa bounce pool size: 16 pages
[    1.263294] mmcblk0: mmc1:0001 SEM16G 14.8 GiB 
[    1.265855] mmcblk0boot0: mmc1:0001 SEM16G partition 1 1.00 MiB
[    1.269093] mmcblk0boot1: mmc1:0001 SEM16G partition 2 1.00 MiB
[    1.272323] mmcblk0rpmb: mmc1:0001 SEM16G partition 3 128 KiB
[    1.279346] Primary GPT is invalid, using alternate GPT.
[    1.282047]  mmcblk0: p1 p2 p3 p4 p5
[    1.288014]  mmcblk0boot1: unknown partition table
[    1.293426]  mmcblk0boot0: unknown partition table
[    1.538181] tegra-snd-rt5640 sound.4: rt5640-aif1 <-> 70080400.i2s mapping ok
[    1.544753] input: NVIDIA Tegra Beaver Headphones as /devices/soc0/sound.4/sound/card0/input0
[    1.550285] TCP: cubic registered
[    1.552144] NET: Registered protocol family 10
[    1.555486] mip6: Mobile IPv6
[    1.556978] sit: IPv6 over IPv4 tunneling driver
[    1.560468] NET: Registered protocol family 17
[    1.562730] NET: Registered protocol family 15
[    1.565105] Bluetooth: RFCOMM socket layer initialized
[    1.567700] Bluetooth: RFCOMM ver 1.11
[    1.569608] Bluetooth: BNEP (Ethernet Emulation) ver 1.3
[    1.572285] Bluetooth: BNEP socket layer initialized
[    1.574774] Bluetooth: HIDP (Human Interface Emulation) ver 1.2
[    1.577752] Bluetooth: HIDP socket layer initialized
[    1.580683] Registering SWP/SWPB emulation handler
[    1.583587] vdd_sata,avdd_plle: disabling
[    1.587245] chargepump_5v: 5000 mV 
[    1.590503] vdd_ddr: 1500 mV 
[    1.592029] vdd_ddr: supplied by vdd_5v_in
[    1.595271] sys_3v3,vdd_3v3_alw: 3300 mV 
[    1.597305] sys_3v3,vdd_3v3_alw: supplied by vdd_5v_in
[    1.600197] sys_3v3_pexs: 3300 mV 
[    1.601923] sys_3v3_pexs: supplied by sys_3v3,vdd_3v3_alw
[    1.605058] tegra-pcie 3000.pcie-controller: 2x3 configuration
[    1.612553] tegra-pcie 3000.pcie-controller: probing port 0, using 2 lanes
[    1.670307] tegra-pcie 3000.pcie-controller: probing port 2, using 2 lanes
[    2.077926] tegra-pcie 3000.pcie-controller: link 2 down, retrying
[    2.485332] tegra-pcie 3000.pcie-controller: link 2 down, retrying
[    2.892587] tegra-pcie 3000.pcie-controller: link 2 down, retrying
[    2.897702] tegra-pcie 3000.pcie-controller: link 2 down, ignoring
[    2.900987] tegra-pcie 3000.pcie-controller: PCI host bridge to bus 0000:00
[    2.904484] pci_bus 0000:00: root bus resource [mem 0x20000000-0x27ffffff]
[    2.907935] pci_bus 0000:00: root bus resource [mem 0x28000000-0x3fffffff pref]
[    2.911618] pci_bus 0000:00: root bus resource [bus 00-ff]
[    2.914372] pci_bus 0000:00: root bus resource [io  0x1000-0xffff]
[    2.917502] pci 0000:00:01.0: [10de:0e1c] type 01 class 0x060400
[    2.920575] pci 0000:00:01.0: PME# supported from D0 D1 D2 D3hot D3cold
[    2.924083] PCI: bus0: Fast back to back transfers disabled
[    2.926881] pci 0000:00:01.0: bridge configuration invalid ([bus 00-00]), reconfiguring
[    2.931060] pci 0000:01:00.0: [10ec:8168] type 00 class 0x020000
[    2.934092] pci 0000:01:00.0: reg 0x10: [io  0x0000-0x00ff]
[    2.936899] pci 0000:01:00.0: reg 0x18: [mem 0x00000000-0x00000fff 64bit pref]
[    2.940541] pci 0000:01:00.0: reg 0x20: [mem 0x00000000-0x00003fff 64bit pref]
[    2.944208] pci 0000:01:00.0: supports D1 D2
[    2.946351] pci 0000:01:00.0: PME# supported from D0 D1 D2 D3hot D3cold
[    2.969526] PCI: bus1: Fast back to back transfers disabled
[    2.972327] pci_bus 0000:01: busn_res: [bus 01-ff] end is updated to 01
[    2.975676] pci 0000:00:01.0: BAR 9: assigned [mem 0x28000000-0x280fffff 64bit pref]
[    2.979575] pci 0000:00:01.0: BAR 7: assigned [io  0x1000-0x1fff]
[    2.982645] pci 0000:01:00.0: BAR 4: assigned [mem 0x28000000-0x28003fff 64bit pref]
[    2.986538] pci 0000:01:00.0: BAR 2: assigned [mem 0x28004000-0x28004fff 64bit pref]
[    2.990439] pci 0000:01:00.0: BAR 0: assigned [io  0x1000-0x10ff]
[    2.993499] pci 0000:00:01.0: PCI bridge to [bus 01]
[    2.995991] pci 0000:00:01.0:   bridge window [io  0x1000-0x1fff]
[    2.999049] pci 0000:00:01.0:   bridge window [mem 0x28000000-0x280fffff 64bit pref]
[    3.002954] pci 0000:00:01.0: nv_msi_ht_cap_quirk didn't locate host bridge
[    3.006774] pcieport 0000:00:01.0: Signaling PME through PCIe PME interrupt
[    3.010283] pci 0000:01:00.0: Signaling PME through PCIe PME interrupt
[    3.013560] pcie_pme 0000:00:01.0:pcie01: service driver pcie_pme loaded
[    3.017054] r8169 Gigabit Ethernet driver 2.3LK-NAPI loaded
[    3.019910] PCI: enabling device 0000:01:00.0 (0140 -> 0143)
[    3.023525] r8169 0000:01:00.0 eth0: RTL8168evl/8111evl at 0xf0022000, 02:04:4b:01:60:a6, XID 0c900800 IRQ 473
[    3.028544] r8169 0000:01:00.0 eth0: jumbo features [frames: 9200 bytes, tx checksumming: ko]
[    3.034883] [drm] Supports vblank timestamp caching Rev 2 (21.10.2013).
[    3.038203] [drm] No driver support for vblank timestamp query.
[    3.041231] host1x drm: No connectors reported connected with modes
[    3.044384] [drm] Cannot find any crtc or sizes - going 1024x768
[    3.061651] Console: switching to colour frame buffer device 128x48
[    3.070483] host1x drm: fb0:  frame buffer device
[    3.072846] host1x drm: registered panic notifier
[    3.075214] [drm] Initialized tegra 0.0.0 20120330 on minor 0
[    3.081197] utmi_phy_clk_enable: timeout waiting for phy to stabilize
[    3.084433] tegra-ehci 7d008000.usb: EHCI Host Controller
[    3.087159] tegra-ehci 7d008000.usb: new USB bus registered, assigned bus number 1
[    3.091318] tegra-ehci 7d008000.usb: irq 129, io mem 0x7d008000
[    3.109516] tegra-ehci 7d008000.usb: USB 2.0 started, EHCI 1.00
[    3.113481] hub 1-0:1.0: USB hub found
[    3.115392] hub 1-0:1.0: 1 port detected
[    3.118302] tegra_rtc 7000e000.rtc: setting system clock to 1970-01-01 00:03:34 UTC (214)
[    3.130109] ALSA device list:
[    3.131607]   #0: NVIDIA Tegra Beaver
[    3.294976] kjournald starting.  Commit interval 5 seconds
[    3.296753] EXT3-fs (mmcblk0p1): using internal journal
[    3.298246] EXT3-fs (mmcblk0p1): recovery complete
[    3.298248] EXT3-fs (mmcblk0p1): mounted filesystem with writeback data mode
[    3.298324] VFS: Mounted root (ext3 filesystem) on device 179:1.
[    3.300622] devtmpfs: mounted
[    3.300867] Freeing unused kernel memory: 228K (c0745000 - c077e000)
 
INIT: version 2.88 booting
[info] Using makefile-style concurrent boot in runlevel S.
[....] Starting the hotplug events dispatcher: udevd[    4.201824] udevd[178]: starting version 175
[ ok .
[....] Synthesizing the initial hotplug events...[ ok done.
[....] Waiting for /dev to be fully populated...[ ok done.
[....] Activating swap...[ ok done.
[....] Cleaning up temporary files... /tmp[ ok .
[....] Activating lvm and md swap...[ ok done.
[....] Checking file systems...[    6.689894] random: nonblocking pool is initialized
fsck from util-linux 2.20.1
[ ok done.
[....] Mounting local filesystems...[ ok done.
[....] Activating swapfile swap...[ ok done.
[....] Cleaning up temporary files...[ ok .
[....] Setting kernel variables ...[ ok done.
[....] Configuring network interfaces...[ ok done.
[....] Starting rpcbind daemon...[ ok .
[....] Starting NFS common utilities: statd idmapd[FAIL failed!
[....] Cleaning up temporary files...[ ok .
[....] Starting network benchmark server[ ok .
[....] startpar: service(s) returned failure: nfs-common ...[FAIL failed!
INIT: Entering runlevel: 2
[info] Using makefile-style concurrent boot in runlevel 2.
[....] Starting network benchmark server[FAIL failed!
[....] Starting rpcbind daemon...[....] Already running.[ ok .
[....] Starting NFS common utilities: statd idmapd[FAIL failed!
[....] Starting system message bus: dbus[ ok .
[....] startpar: service(s) returned failure: nfs-common ...[FAIL failed!

Debian GNU/Linux wheezy/sid armel ttyS0

armel login: 