
U-Boot SPL 2014.01-00219-gc4d376f (Feb 18 2014 - 19:57:18)


U-Boot 2014.01-00219-gc4d376f (Feb 18 2014 - 19:57:18)

TEGRA30
Board: NVIDIA Beaver
I2C:   ready
DRAM:  2 GiB
MMC:   Tegra SD/MMC: 0, Tegra SD/MMC: 1
In:    serial
Out:   serial
Err:   serial
Net:   Net Initialization Skipped
No ethernet found.
Hit any key to stop autoboot:  2  0 
Tegra30 (Beaver) # 
Tegra30 (Beaver) # usb reset
(Re)start USB...
USB0:   USB EHCI 1.00
scanning bus 0 for devices... 2 USB Device(s) found
       scanning usb for storage devices... 0 Storage Device(s) found
       scanning usb for ethernet devices... 
Warning: asx0 using MAC address from net device
1 Ethernet Device(s) found
Tegra30 (Beaver) # setenv bootargs 'ignore_loglevel console=ttyS0,115200n8 rw root=/dev/mmcblk0p1 rootwait gpt debug noinitrd earlyprintk init=/bin/bash'
Tegra30 (Beaver) # setenv ipaddr 192.168.100.101; setenv serverip 192.168.100.1; setenv tftpserverip 192.168.100.1
Tegra30 (Beaver) # tftpboot 0x81000000 zImage.multi_v7_defconfig
Using asx0 device
TFTP from server 192.168.100.1; our IP address is 192.168.100.101
Filename 'zImage.multi_v7_defconfig'.
Load address: 0x81000000
Loading: *#################################################################
	 #################################################################
	 #################################################################
	 #################################################################
	 #################################################################
	 #################################################################
	 #################################################################
	 #################
	 3.3 MiB/s
done
Bytes transferred = 6921720 (699df8 hex)
Tegra30 (Beaver) # tftpboot 0x82000000 tegra30-beaver.dtb
Using asx0 device
TFTP from server 192.168.100.1; our IP address is 192.168.100.101
Filename 'tegra30-beaver.dtb'.
Load address: 0x82000000
Loading: *####
	 3.1 MiB/s
done
Bytes transferred = 51467 (c90b hex)
Tegra30 (Beaver) # bootz 0x81000000 - 0x82000000
Kernel image @ 0x81000000 [ 0x000000 - 0x699df8 ]
## Flattened Device Tree blob at 82000000
   Booting using the fdt blob at 0x82000000
   Loading Device Tree to 8fff0000, end 8ffff90a ... OK

Starting kernel ...

[    0.000000] Booting Linux on physical CPU 0x0
[    0.000000] Linux version 4.5.0-rc7-next-20160309-80100-g7811b4f (pwalmsley@sellafield) (gcc version 4.7.3 20130328 (prerelease) (crosstool-NG linaro-1.13.1-4.7-2013.04-20130415 - Linaro GCC 2013.04) ) #1 SMP Tue Mar 8 22:20:00 PST 2016
[    0.000000] CPU: ARMv7 Processor [412fc099] revision 9 (ARMv7), cr=10c5387d
[    0.000000] CPU: PIPT / VIPT nonaliasing data cache, VIPT aliasing instruction cache
[    0.000000] Machine model: NVIDIA Tegra30 Beaver evaluation board
[    0.000000] debug: ignoring loglevel setting.
[    0.000000] cma: Reserved 64 MiB at 0xfb800000
[    0.000000] Memory policy: Data cache writealloc
[    0.000000] On node 0 totalpages: 524032
[    0.000000] free_area_init_node: node 0, pgdat c141ba40, node_mem_map eeff8000
[    0.000000]   DMA zone: 1536 pages used for memmap
[    0.000000]   DMA zone: 0 pages reserved
[    0.000000]   DMA zone: 196608 pages, LIFO batch:31
[    0.000000]   HighMem zone: 327424 pages, LIFO batch:31
[    0.000000] percpu: Embedded 13 pages/cpu @eef8f000 s23744 r8192 d21312 u53248
[    0.000000] pcpu-alloc: s23744 r8192 d21312 u53248 alloc=13*4096
[    0.000000] pcpu-alloc: [0] 0 [0] 1 [0] 2 [0] 3 
[    0.000000] Built 1 zonelists in Zone order, mobility grouping on.  Total pages: 522496
[    0.000000] Kernel command line: ignore_loglevel console=ttyS0,115200n8 rw root=/dev/mmcblk0p1 rootwait gpt debug noinitrd earlyprintk init=/bin/bash
[    0.000000] PID hash table entries: 4096 (order: 2, 16384 bytes)
[    0.000000] Dentry cache hash table entries: 131072 (order: 7, 524288 bytes)
[    0.000000] Inode-cache hash table entries: 65536 (order: 6, 262144 bytes)
[    0.000000] Memory: 1995036K/2096128K available (9522K kernel code, 1142K rwdata, 4128K rodata, 2048K init, 342K bss, 35556K reserved, 65536K cma-reserved, 1244160K highmem)
[    0.000000] Virtual kernel memory layout:
[    0.000000]     vector  : 0xffff0000 - 0xffff1000   (   4 kB)
[    0.000000]     fixmap  : 0xffc00000 - 0xfff00000   (3072 kB)
[    0.000000]     vmalloc : 0xf0800000 - 0xff800000   ( 240 MB)
[    0.000000]     lowmem  : 0xc0000000 - 0xf0000000   ( 768 MB)
[    0.000000]     pkmap   : 0xbfe00000 - 0xc0000000   (   2 MB)
[    0.000000]     modules : 0xbf000000 - 0xbfe00000   (  14 MB)
[    0.000000]       .text : 0xc0208000 - 0xc10548f4   (14643 kB)
[    0.000000]       .init : 0xc1100000 - 0xc1300000   (2048 kB)
[    0.000000]       .data : 0xc1300000 - 0xc141da80   (1143 kB)
[    0.000000]        .bss : 0xc141f000 - 0xc1474910   ( 343 kB)
[    0.000000] SLUB: HWalign=64, Order=0-3, MinObjects=0, CPUs=4, Nodes=1
[    0.000000] Hierarchical RCU implementation.
[    0.000000] 	Build-time adjustment of leaf fanout to 32.
[    0.000000] 	RCU restricting CPUs from NR_CPUS=16 to nr_cpu_ids=4.
[    0.000000] RCU: Adjusting geometry for rcu_fanout_leaf=32, nr_cpu_ids=4
[    0.000000] NR_IRQS:16 nr_irqs:16 16
[    0.000000] /interrupt-controller@60004000: 160 interrupts forwarded to /interrupt-controller@50041000
[    0.000000] L2C: platform modifies aux control register: 0x02080000 -> 0x3e480001
[    0.000000] L2C: DT/platform modifies aux control register: 0x02080000 -> 0x3e480001
[    0.000000] L2C-310 erratum 769419 enabled
[    0.000000] L2C-310 enabling early BRESP for Cortex-A9
[    0.000000] L2C-310: enabling full line of zeros but not enabled in Cortex-A9
[    0.000000] L2C-310 dynamic clock gating enabled, standby mode enabled
[    0.000000] L2C-310 cache controller enabled, 8 ways, 1024 kB
[    0.000000] L2C-310: CACHE_ID 0x410000c7, AUX_CTRL 0x4e480001
[    0.000013] sched_clock: 32 bits at 1000kHz, resolution 1000ns, wraps every 2147483647500ns
[    0.000031] clocksource: timer_us: mask: 0xffffffff max_cycles: 0xffffffff, max_idle_ns: 1911260446275 ns
[    0.000040] Switching to timer-based delay loop, resolution 1000ns
[    0.002760] Console: colour dummy device 80x30
[    0.002784] Calibrating delay loop (skipped), value calculated using timer frequency.. 2.00 BogoMIPS (lpj=5000)
[    0.002793] pid_max: default: 32768 minimum: 301
[    0.002881] Mount-cache hash table entries: 2048 (order: 1, 8192 bytes)
[    0.002888] Mountpoint-cache hash table entries: 2048 (order: 1, 8192 bytes)
[    0.003312] CPU: Testing write buffer coherency: ok
[    0.003590] CPU0: thread -1, cpu 0, socket 0, mpidr 80000000
[    0.003655] Setting up static identity map for 0x80300000 - 0x80300098
[    0.005938] Tegra Revision: A03 SKU: 128 CPU Process: 4 SoC Process: 0
[    0.010348] CPU1: thread -1, cpu 1, socket 0, mpidr 80000001
[    0.015335] CPU2: thread -1, cpu 2, socket 0, mpidr 80000002
[    0.020333] CPU3: thread -1, cpu 3, socket 0, mpidr 80000003
[    0.020377] Brought up 4 CPUs
[    0.020391] SMP: Total of 4 processors activated (8.00 BogoMIPS).
[    0.020396] CPU: All CPU(s) started in SVC mode.
[    0.021077] devtmpfs: initialized
[    0.029390] VFP support v0.3: implementor 41 architecture 3 part 30 variant 9 rev 4
[    0.030096] clocksource: jiffies: mask: 0xffffffff max_cycles: 0xffffffff, max_idle_ns: 9556302231375000 ns
[    0.033483] pinctrl core: initialized pinctrl subsystem
[    0.035195] NET: Registered protocol family 16
[    0.037408] DMA: preallocated 256 KiB pool for atomic coherent allocations
[    0.049929] cpuidle: using governor menu
[    0.058522] No ATAGs?
[    0.058552] hw-breakpoint: found 5 (+1 reserved) breakpoint and 1 watchpoint registers.
[    0.058559] hw-breakpoint: maximum watchpoint size is 4 bytes.
[    0.061776] Serial: AMBA PL011 UART driver
[    0.063031] tegra-mc 7000f000.memory-controller: no memory timings for RAM code 3 registered
[    0.083095] vdd_5v_sata: Failed to request enable GPIO30: -517
[    0.083108] reg-fixed-voltage regulators:regulator@3: Failed to register regulator: -517
[    0.083150] usb1_vbus: Failed to request enable GPIO238: -517
[    0.083158] reg-fixed-voltage regulators:regulator@4: Failed to register regulator: -517
[    0.083199] usb3_vbus: Failed to request enable GPIO236: -517
[    0.083207] reg-fixed-voltage regulators:regulator@5: Failed to register regulator: -517
[    0.083295] sys_3v3_pexs: Failed to request enable GPIO95: -517
[    0.083302] reg-fixed-voltage regulators:regulator@7: Failed to register regulator: -517
[    0.085411] vgaarb: loaded
[    0.086059] SCSI subsystem initialized
[    0.086172] libata version 3.00 loaded.
[    0.086358] usbcore: registered new interface driver usbfs
[    0.086397] usbcore: registered new interface driver hub
[    0.086432] usbcore: registered new device driver usb
[    0.141728] pps_core: LinuxPPS API ver. 1 registered
[    0.141737] pps_core: Software ver. 5.3.6 - Copyright 2005-2007 Rodolfo Giometti <giometti@linux.it>
[    0.141754] PTP clock support registered
[    0.141908] EDAC MC: Ver: 3.0.0
[    0.143576] clocksource: Switched to clocksource timer_us
[    0.149633] NET: Registered protocol family 2
[    0.150031] TCP established hash table entries: 8192 (order: 3, 32768 bytes)
[    0.150086] TCP bind hash table entries: 8192 (order: 4, 65536 bytes)
[    0.150169] TCP: Hash tables configured (established 8192 bind 8192)
[    0.150257] UDP hash table entries: 512 (order: 2, 16384 bytes)
[    0.150317] UDP-Lite hash table entries: 512 (order: 2, 16384 bytes)
[    0.150496] NET: Registered protocol family 1
[    0.150773] RPC: Registered named UNIX socket transport module.
[    0.150779] RPC: Registered udp transport module.
[    0.150784] RPC: Registered tcp transport module.
[    0.150788] RPC: Registered tcp NFSv4.1 backchannel transport module.
[    0.150810] PCI: CLS 0 bytes, default 64
[    0.151574] hw perfevents: enabled with armv7_cortex_a9 PMU driver, 7 counters available
[    0.152568] futex hash table entries: 1024 (order: 4, 65536 bytes)
[    0.153167] workingset: timestamp_bits=28 max_order=19 bucket_order=0
[    0.158721] squashfs: version 4.0 (2009/01/31) Phillip Lougher
[    0.159221] NFS: Registering the id_resolver key type
[    0.159263] Key type id_resolver registered
[    0.159268] Key type id_legacy registered
[    0.159318] ntfs: driver 2.1.32 [Flags: R/O].
[    0.160205] bounce: pool size: 64 pages
[    0.160337] Block layer SCSI generic (bsg) driver version 0.4 loaded (major 248)
[    0.160352] io scheduler noop registered
[    0.160360] io scheduler deadline registered
[    0.160380] io scheduler cfq registered (default)
[    0.165744] tegra30-pinctrl 70000868.pinmux: invalid group "sdmmc3_dat6_pd3" for function "rsvd1"
[    0.165758] tegra30-pinctrl 70000868.pinmux: invalid group "sdmmc3_dat7_pd4" for function "rsvd1"
[    0.165773] tegra30-pinctrl 70000868.pinmux: invalid group "vi_vsync_pd6" for function "rsvd1"
[    0.165782] tegra30-pinctrl 70000868.pinmux: invalid group "vi_hsync_pd7" for function "rsvd1"
[    0.166243] tegra30-pinctrl 70000868.pinmux: invalid group "hdmi_int_pn7" for function "rsvd1"
[    0.166287] tegra30-pinctrl 70000868.pinmux: invalid group "ulpi_data3_po4" for function "rsvd1"
[    0.166611] tegra30-pinctrl 70000868.pinmux: invalid group "vi_d10_pt2" for function "rsvd1"
[    0.166623] tegra30-pinctrl 70000868.pinmux: invalid group "vi_d11_pt3" for function "rsvd1"
[    0.166635] tegra30-pinctrl 70000868.pinmux: invalid group "vi_d0_pt4" for function "rsvd1"
[    0.166675] tegra30-pinctrl 70000868.pinmux: invalid group "pu0" for function "rsvd1"
[    0.166705] tegra30-pinctrl 70000868.pinmux: invalid group "pu3" for function "rsvd1"
[    0.166735] tegra30-pinctrl 70000868.pinmux: invalid group "pu6" for function "rsvd1"
[    0.166774] tegra30-pinctrl 70000868.pinmux: invalid group "pv3" for function "rsvd1"
[    0.167264] tegra30-pinctrl 70000868.pinmux: invalid group "pbb0" for function "rsvd1"
[    0.167376] tegra30-pinctrl 70000868.pinmux: invalid group "pcc1" for function "rsvd1"
[    0.172761] tegra-pcie 3000.pcie-controller: 2x3 configuration
[    0.172874] vdd_1v5_gen: supplied by vdd_5v_in
[    0.172920] vdd_pexa,vdd_pexb: supplied by vdd_1v5_gen
[    0.173015] tegra-pcie 3000.pcie-controller: Failed to get supply 'hvdd-pex': -517
[    0.177072] tegra-apbdma 6000a000.dma: Tegra20 APB DMA driver register 32 channels
[    0.178141] tegra-pmc 7000e400.pmc: i2c-thermtrip node not found, emergency thermal reset disabled.
[    0.210926] Serial: 8250/16550 driver, 4 ports, IRQ sharing disabled
[    0.213052] console [ttyS0] disabled
[    0.213089] 70006000.serial: ttyS0 at MMIO 0x70006000 (irq = 331, base_baud = 25500000) is a Tegra
[    1.135182] console [ttyS0] enabled
[    1.139183] SuperH (H)SCI(F) driver initialized
[    1.144314] msm_serial: driver initialized
[    1.148521] STMicroelectronics ASC driver initialized
[    1.155194] [drm] Initialized drm 1.1.0 20060810
[    1.161667] tegra-hdmi 54280000.hdmi: failed to get HDMI regulator
[    1.175581] brd: module loaded
[    1.182503] loop: module loaded
[    1.190763] m25p80 spi32766.1: w25q32 (4096 Kbytes)
[    1.197632] libphy: Fixed MDIO Bus: probed
[    1.202146] CAN device driver interface
[    1.207118] igb: Intel(R) Gigabit Ethernet Network Driver - version 5.3.0-k
[    1.214072] igb: Copyright (c) 2007-2014 Intel Corporation.
[    1.221480] pegasus: v0.9.3 (2013/04/25), Pegasus/Pegasus II USB Ethernet driver
[    1.228921] usbcore: registered new interface driver pegasus
[    1.234619] usbcore: registered new interface driver asix
[    1.240041] usbcore: registered new interface driver ax88179_178a
[    1.246159] usbcore: registered new interface driver cdc_ether
[    1.252028] usbcore: registered new interface driver smsc75xx
[    1.257805] usbcore: registered new interface driver smsc95xx
[    1.263579] usbcore: registered new interface driver net1080
[    1.269257] usbcore: registered new interface driver cdc_subset
[    1.275197] usbcore: registered new interface driver zaurus
[    1.280826] usbcore: registered new interface driver cdc_ncm
[    1.287848] ehci_hcd: USB 2.0 'Enhanced' Host Controller (EHCI) Driver
[    1.294381] ehci-pci: EHCI PCI platform driver
[    1.298858] ehci-platform: EHCI generic platform driver
[    1.304204] ehci-omap: OMAP-EHCI Host Controller driver
[    1.309504] ehci-orion: EHCI orion driver
[    1.313590] SPEAr-ehci: EHCI SPEAr driver
[    1.317667] ehci-st: EHCI STMicroelectronics driver
[    1.322623] ehci-exynos: EHCI EXYNOS driver
[    1.326897] ehci-atmel: EHCI Atmel driver
[    1.330985] tegra-ehci: Tegra EHCI driver
[    1.335313] ohci_hcd: USB 1.1 'Open' Host Controller (OHCI) Driver
[    1.341504] ohci-pci: OHCI PCI platform driver
[    1.345978] ohci-platform: OHCI generic platform driver
[    1.351303] ohci-omap3: OHCI OMAP3 driver
[    1.355393] SPEAr-ohci: OHCI SPEAr driver
[    1.359488] ohci-st: OHCI STMicroelectronics driver
[    1.364445] ohci-atmel: OHCI Atmel driver
[    1.368905] usbcore: registered new interface driver usb-storage
[    1.375956] mousedev: PS/2 mouse device common for all mice
[    1.383589] tegra_rtc 7000e000.rtc: rtc core: registered 7000e000.rtc as rtc1
[    1.390757] tegra_rtc 7000e000.rtc: Tegra internal Real Time Clock
[    1.409482] tps65910-rtc tps65910-rtc: rtc core: registered tps65910-rtc as rtc0
[    1.417083] i2c /dev entries driver
[    1.427460] sdhci: Secure Digital Host Controller Interface driver
[    1.433645] sdhci: Copyright(c) Pierre Ossman
[    1.438930] Synopsys Designware Multimedia Card Interface Driver
[    1.445574] sdhci-pltfm: SDHCI platform and OF driver helper
[    1.451771] sdhci-tegra 78000000.sdhci: Got CD GPIO
[    1.456657] sdhci-tegra 78000000.sdhci: Got WP GPIO
[    1.461682] mmc0: Invalid maximum block size, assuming 512 bytes
[    1.503665] mmc0: SDHCI controller on 78000000.sdhci [78000000.sdhci] using ADMA
[    1.514304] mmc1: Invalid maximum block size, assuming 512 bytes
[    1.553582] mmc1: SDHCI controller on 78000600.sdhci [78000600.sdhci] using ADMA
[    1.562219] ledtrig-cpu: registered to indicate activity on CPUs
[    1.568545] usbcore: registered new interface driver usbhid
[    1.574115] usbhid: USB HID core driver
[    1.581299] NET: Registered protocol family 10
[    1.586290] sit: IPv6 over IPv4 tunneling driver
[    1.591348] NET: Registered protocol family 17
[    1.595808] can: controller area network core (rev 20120528 abi 9)
[    1.602025] NET: Registered protocol family 29
[    1.606472] can: raw protocol (rev 20120528)
[    1.610741] can: broadcast manager protocol (rev 20120528 t)
[    1.616400] can: netlink gateway (rev 20130117) max_hops=1
[    1.622167] Key type dns_resolver registered
[    1.626857] ThumbEE CPU extension supported.
[    1.631144] Registering SWP/SWPB emulation handler
[    1.653606] tegra-pcie 3000.pcie-controller: 2x3 configuration
[    1.661596] sys_3v3,vdd_3v3_alw: supplied by vdd_5v_in
[    1.668783] sys_3v3_pexs: supplied by sys_3v3,vdd_3v3_alw
[    1.681895] tegra-pcie 3000.pcie-controller: probing port 0, using 2 lanes
[    1.747077] tegra-pcie 3000.pcie-controller: probing port 2, using 2 lanes
[    1.754803] mmc1: new high speed MMC card at address 0001
[    1.761790] mmcblk0: mmc1:0001 SEM16G 14.8 GiB 
[    1.767620] mmcblk0boot0: mmc1:0001 SEM16G partition 1 1.00 MiB
[    1.774374] mmcblk0boot1: mmc1:0001 SEM16G partition 2 1.00 MiB
[    1.781666] mmcblk0rpmb: mmc1:0001 SEM16G partition 3 128 KiB
[    1.794386] Primary GPT is invalid, using alternate GPT.
[    1.799712]  mmcblk0: p1 p2 p3 p4 p5
[    2.156238] tegra-pcie 3000.pcie-controller: link 2 down, retrying
[    2.566278] tegra-pcie 3000.pcie-controller: link 2 down, retrying
[    2.976311] tegra-pcie 3000.pcie-controller: link 2 down, retrying
[    2.984501] tegra-pcie 3000.pcie-controller: link 2 down, ignoring
[    2.990809] tegra-pcie 3000.pcie-controller: PCI host bridge to bus 0000:00
[    2.997773] pci_bus 0000:00: root bus resource [mem 0x20000000-0x27ffffff]
[    3.004641] pci_bus 0000:00: root bus resource [mem 0x28000000-0x3fffffff pref]
[    3.011940] pci_bus 0000:00: root bus resource [bus 00-ff]
[    3.017417] pci_bus 0000:00: root bus resource [io  0x1000-0xffff]
[    3.023611] pci 0000:00:01.0: [10de:0e1c] type 01 class 0x060400
[    3.029680] pci 0000:00:01.0: PME# supported from D0 D1 D2 D3hot D3cold
[    3.036443] PCI: bus0: Fast back to back transfers disabled
[    3.042014] pci 0000:00:01.0: bridge configuration invalid ([bus 00-00]), reconfiguring
[    3.050099] pci 0000:01:00.0: [10ec:8168] type 00 class 0x020000
[    3.056114] pci 0000:01:00.0: reg 0x10: [io  0x0000-0x00ff]
[    3.061694] pci 0000:01:00.0: reg 0x18: [mem 0x00000000-0x00000fff 64bit pref]
[    3.068914] pci 0000:01:00.0: reg 0x20: [mem 0x00000000-0x00003fff 64bit pref]
[    3.076197] pci 0000:01:00.0: supports D1 D2
[    3.080463] pci 0000:01:00.0: PME# supported from D0 D1 D2 D3hot D3cold
[    3.093602] PCI: bus1: Fast back to back transfers disabled
[    3.099172] pci_bus 0000:01: busn_res: [bus 01-ff] end is updated to 01
[    3.105840] pci 0000:00:01.0: BAR 9: assigned [mem 0x28000000-0x280fffff 64bit pref]
[    3.113576] pci 0000:00:01.0: BAR 7: assigned [io  0x1000-0x1fff]
[    3.119665] pci 0000:01:00.0: BAR 4: assigned [mem 0x28000000-0x28003fff 64bit pref]
[    3.127406] pci 0000:01:00.0: BAR 2: assigned [mem 0x28004000-0x28004fff 64bit pref]
[    3.135145] pci 0000:01:00.0: BAR 0: assigned [io  0x1000-0x10ff]
[    3.141233] pci 0000:00:01.0: PCI bridge to [bus 01]
[    3.146191] pci 0000:00:01.0:   bridge window [io  0x1000-0x1fff]
[    3.152276] pci 0000:00:01.0:   bridge window [mem 0x28000000-0x280fffff 64bit pref]
[    3.160021] pci 0000:00:01.0: nv_msi_ht_cap_quirk didn't locate host bridge
[    3.167070] pcieport 0000:00:01.0: enabling device (0140 -> 0143)
[    3.173295] pcieport 0000:00:01.0: Signaling PME through PCIe PME interrupt
[    3.180253] pci 0000:01:00.0: Signaling PME through PCIe PME interrupt
[    3.186773] pcie_pme 0000:00:01.0:pcie01: service driver pcie_pme loaded
[    3.193646] r8169 Gigabit Ethernet driver 2.3LK-NAPI loaded
[    3.199230] r8169 0000:01:00.0: enabling device (0140 -> 0143)
[    3.206350] r8169 0000:01:00.0 eth0: RTL8168evl/8111evl at 0xf09f2000, 02:04:4b:01:60:a6, XID 0c900800 IRQ 375
[    3.216351] r8169 0000:01:00.0 eth0: jumbo features [frames: 9200 bytes, tx checksumming: ko]
[    3.225803] +VDD_5V_HDMI: supplied by sys_3v3,vdd_3v3_alw
[    3.231319] vdd_1v8_gen: supplied by vdd_5v_in
[    3.237548] [drm] Supports vblank timestamp caching Rev 2 (21.10.2013).
[    3.244168] [drm] No driver support for vblank timestamp query.
[    3.250109] drm drm: No connectors reported connected with modes
[    3.256115] [drm] Cannot find any crtc or sizes - going 1024x768
[    3.282505] Console: switching to colour frame buffer device 128x48
[    3.295428] drm drm: fb0:  frame buffer device
[    3.313584] [drm] Initialized tegra 0.0.0 20120330 on minor 0
[    3.322269] usb3_vbus: supplied by vdd_5v_in
[    3.328760] utmi_phy_clk_enable: timeout waiting for phy to stabilize
[    3.335219] tegra-ehci 7d004000.usb: EHCI Host Controller
[    3.340630] tegra-ehci 7d004000.usb: new USB bus registered, assigned bus number 1
[    3.348467] tegra-ehci 7d004000.usb: irq 343, io mem 0x7d004000
[    3.363596] tegra-ehci 7d004000.usb: USB 2.0 started, EHCI 1.00
[    3.370467] hub 1-0:1.0: USB hub found
[    3.374247] hub 1-0:1.0: 1 port detected
[    3.379203] tegra-ehci 7d008000.usb: EHCI Host Controller
[    3.384616] tegra-ehci 7d008000.usb: new USB bus registered, assigned bus number 2
[    3.392351] tegra-ehci 7d008000.usb: irq 344, io mem 0x7d008000
[    3.403589] tegra-ehci 7d008000.usb: USB 2.0 started, EHCI 1.00
[    3.410362] hub 2-0:1.0: USB hub found
[    3.414130] hub 2-0:1.0: 1 port detected
[    3.425127] tps65910-rtc tps65910-rtc: setting system clock to 2000-01-01 00:00:02 UTC (946684802)
[    3.439087] vdd_sata,avdd_plle: disabling
[    3.443888] usb1_vbus: disabling
[    3.449841] EXT4-fs (mmcblk0p1): mounting ext3 file system using the ext4 subsystem
[    3.467381] EXT4-fs (mmcblk0p1): warning: mounting fs with errors, running e2fsck is recommended
[    3.478860] EXT4-fs (mmcblk0p1): recovery complete
[    3.483660] EXT4-fs (mmcblk0p1): mounted filesystem with ordered data mode. Opts: (null)
[    3.491767] VFS: Mounted root (ext3 filesystem) on device 179:1.
[    3.510118] devtmpfs: mounted
[    3.515770] Freeing unused kernel memory: 2048K (c1100000 - c1300000)
bash: cannot set terminal process group (-1): Inappropriate ioctl for device
bash: no job control in this shell
root@(none):/# [    3.723605] usb 2-1: new high-speed USB device number 2 using tegra-ehci
mount -t sysfs none /sys
root@(none):/# 
root@(none):/# [    4.662258] asix 2-1:1.0 eth1: register 'asix' at usb-7d008000.usb-1, ASIX AX88772 USB 2.0 Ethernet, 00:50:b6:0f:67:60
mount -t debugfs none /sys/kernel/debug
root@(none):/# 
root@(none):/# rtcwake -d rtc1 -m mem -s 3
rtcwake: wakeup from "mem" using /dev/rtc1 at Thu Jan  1 00:00:21 1970
[    6.548530] PM: Syncing filesystems ... done.
[    6.560913] Freezing user space processes ... (elapsed 0.001 seconds) done.
[    6.569046] Freezing remaining freezable tasks ... (elapsed 0.001 seconds) done.
[    6.577673] Suspending console(s) (use no_console_suspend to debug)
[    6.616372] PM: suspend of devices complete after 31.411 msecs
[    6.617044] PM: late suspend of devices complete after 0.665 msecs
[    6.629039] PM: noirq suspend of devices complete after 11.988 msecs
[    6.629043] Disabling non-boot CPUs ...
[    6.629412] IRQ17 no longer affine to CPU1
[    6.629729] CPU1: shutdown
[    6.645064] CPU2: shutdown
[    6.669567] CPU3: shutdown
[    6.684064] Entering suspend state LP1
[    6.684077] Enabling non-boot CPUs ...
[    6.709581] CPU1 is up
[    6.734690] CPU2 is up
[    6.759833] CPU3 is up
[    6.760439] pcieport 0000:00:01.0: nv_msi_ht_cap_quirk didn't locate host bridge
[    6.773639] PM: noirq resume of devices complete after 13.797 msecs
[    6.774616] PM: early resume of devices complete after 0.615 msecs
[    6.841005] PM: resume of devices complete after 66.379 msecs
[    6.916232] Restarting tasks ... done.
root@(none):/# 
root@(none):/# rtcwake -d rtc1 -m mem -s 3
rtcwake: wakeup from "mem" using /dev/rtc1 at Thu Jan  1 00:00:25 1970
[    7.300167] PM: Syncing filesystems ... done.
[    7.312195] Freezing user space processes ... (elapsed 0.001 seconds) done.
[    7.320321] Freezing remaining freezable tasks ... (elapsed 0.001 seconds) done.
[    7.328939] Suspending console(s) (use no_console_suspend to debug)
[    7.367501] PM: suspend of devices complete after 31.375 msecs
[    7.368159] PM: late suspend of devices complete after 0.651 msecs
[    7.379036] PM: noirq suspend of devices complete after 10.869 msecs
[    7.379039] Disabling non-boot CPUs ...
[    7.379390] IRQ17 no longer affine to CPU1
[    7.379700] CPU1: shutdown
[    7.394931] CPU2: shutdown
[    7.409535] CPU3: shutdown
[    7.424033] Entering suspend state LP1
[    7.424047] Enabling non-boot CPUs ...
[    7.449733] CPU1 is up
[    7.474827] CPU2 is up
[    7.499971] CPU3 is up
[    7.500725] pcieport 0000:00:01.0: nv_msi_ht_cap_quirk didn't locate host bridge
[    7.513623] PM: noirq resume of devices complete after 13.643 msecs
[    7.514655] PM: early resume of devices complete after 0.771 msecs
[    7.582512] PM: resume of devices complete after 67.845 msecs
[    7.657943] Restarting tasks ... done.
root@(none):/# 
root@(none):/# rtcwake -d rtc1 -m mem -s 3
rtcwake: wakeup from "mem" using /dev/rtc1 at Thu Jan  1 00:00:29 1970
[    8.042923] PM: Syncing filesystems ... done.
[    8.057184] Freezing user space processes ... (elapsed 0.001 seconds) done.
[    8.065371] Freezing remaining freezable tasks ... (elapsed 0.001 seconds) done.
[    8.074057] Suspending console(s) (use no_console_suspend to debug)
[    8.112547] PM: suspend of devices complete after 31.030 msecs
[    8.114396] PM: late suspend of devices complete after 1.837 msecs
[    8.129084] PM: noirq suspend of devices complete after 14.679 msecs
[    8.129087] Disabling non-boot CPUs ...
[    8.129527] IRQ17 no longer affine to CPU1
[    8.129932] CPU1: shutdown
[    8.145133] CPU2: shutdown
[    8.159648] CPU3: shutdown
[    8.174034] Entering suspend state LP1
[    8.174050] Enabling non-boot CPUs ...
[    8.199709] CPU1 is up
[    8.224789] CPU2 is up
[    8.249921] CPU3 is up
[    8.250649] pcieport 0000:00:01.0: nv_msi_ht_cap_quirk didn't locate host bridge
[    8.263588] PM: noirq resume of devices complete after 13.656 msecs
[    8.265288] PM: early resume of devices complete after 1.258 msecs
[    8.336145] PM: resume of devices complete after 70.845 msecs
[    8.411567] Restarting tasks ... done.
root@(none):/# 
root@(none):/# rtcwake -d rtc1 -m mem -s 3
rtcwake: wakeup from "mem" using /dev/rtc1 at Thu Jan  1 00:00:33 1970
[    8.794313] PM: Syncing filesystems ... done.
[    8.809070] Freezing user space processes ... (elapsed 0.001 seconds) done.
[    8.817213] Freezing remaining freezable tasks ... (elapsed 0.001 seconds) done.
[    8.825901] Suspending console(s) (use no_console_suspend to debug)
[    8.867043] PM: suspend of devices complete after 33.676 msecs
[    8.869945] PM: late suspend of devices complete after 2.893 msecs
[    8.884068] PM: noirq suspend of devices complete after 14.115 msecs
[    8.884071] Disabling non-boot CPUs ...
[    8.884478] IRQ17 no longer affine to CPU1
[    8.884894] CPU1: shutdown
[    8.910155] CPU2: shutdown
[    8.924614] CPU3: shutdown
[    8.939020] Entering suspend state LP1
[    8.939037] Enabling non-boot CPUs ...
[    8.964686] CPU1 is up
[    8.989762] CPU2 is up
[    9.014908] CPU3 is up
[    9.015638] pcieport 0000:00:01.0: nv_msi_ht_cap_quirk didn't locate host bridge
[    9.028569] PM: noirq resume of devices complete after 13.652 msecs
[    9.030760] PM: early resume of devices complete after 1.749 msecs
[    9.101888] PM: resume of devices complete after 71.114 msecs
[    9.177332] Restarting tasks ... done.
root@(none):/# 
root@(none):/# rtcwake -d rtc1 -m mem -s 3
rtcwake: wakeup from "mem" using /dev/rtc1 at Thu Jan  1 00:00:37 1970
[    9.561079] PM: Syncing filesystems ... done.
[    9.575856] Freezing user space processes ... (elapsed 0.001 seconds) done.
[    9.584030] Freezing remaining freezable tasks ... (elapsed 0.001 seconds) done.
[    9.592699] Suspending console(s) (use no_console_suspend to debug)
[    9.632517] PM: suspend of devices complete after 32.352 msecs
[    9.634897] PM: late suspend of devices complete after 2.370 msecs
[    9.649041] PM: noirq suspend of devices complete after 14.136 msecs
[    9.649044] Disabling non-boot CPUs ...
[    9.649862] CPU1: shutdown
[    9.675122] CPU2: shutdown
[    9.689373] IRQ17 no longer affine to CPU3
[    9.689580] CPU3: shutdown
[    9.703997] Entering suspend state LP1
[    9.704011] Enabling non-boot CPUs ...
[    9.729663] CPU1 is up
[    9.754741] CPU2 is up
[    9.779872] CPU3 is up
[    9.780597] pcieport 0000:00:01.0: nv_msi_ht_cap_quirk didn't locate host bridge
[    9.793543] PM: noirq resume of devices complete after 13.662 msecs
[    9.795747] PM: early resume of devices complete after 1.762 msecs
[    9.865883] PM: resume of devices complete after 70.124 msecs
[    9.941332] Restarting tasks ... done.
root@(none):/# 
root@(none):/# rtcwake -d rtc1 -m mem -s 3
rtcwake: wakeup from "mem" using /dev/rtc1 at Thu Jan  1 00:00:41 1970
[   10.336138] PM: Syncing filesystems ... done.
[   10.350404] Freezing user space processes ... (elapsed 0.001 seconds) done.
[   10.358575] Freezing remaining freezable tasks ... (elapsed 0.001 seconds) done.
[   10.367248] Suspending console(s) (use no_console_suspend to debug)
[   10.407473] PM: suspend of devices complete after 32.757 msecs
[   10.408235] PM: late suspend of devices complete after 0.754 msecs
[   10.424020] PM: noirq suspend of devices complete after 15.773 msecs
[   10.424023] Disabling non-boot CPUs ...
[   10.424472] IRQ17 no longer affine to CPU1
[   10.424873] CPU1: shutdown
[   10.450078] CPU2: shutdown
[   10.464566] CPU3: shutdown
[   10.478996] Entering suspend state LP1
[   10.479011] Enabling non-boot CPUs ...
[   10.504641] CPU1 is up
[   10.529721] CPU2 is up
[   10.554865] CPU3 is up
[   10.555582] pcieport 0000:00:01.0: nv_msi_ht_cap_quirk didn't locate host bridge
[   10.568531] PM: noirq resume of devices complete after 13.655 msecs
[   10.570748] PM: early resume of devices complete after 1.791 msecs
[   10.641088] PM: resume of devices complete after 70.329 msecs
[   10.716536] Restarting tasks ... done.
root@(none):/# 
root@(none):/# rtcwake -d rtc1 -m mem -s 3
rtcwake: wakeup from "mem" using /dev/rtc1 at Thu Jan  1 00:00:45 1970
[   11.098973] PM: Syncing filesystems ... done.
[   11.113213] Freezing user space processes ... (elapsed 0.001 seconds) done.
[   11.121384] Freezing remaining freezable tasks ... (elapsed 0.001 seconds) done.
[   11.130069] Suspending console(s) (use no_console_suspend to debug)
[   11.172963] PM: suspend of devices complete after 35.412 msecs
[   11.174795] PM: late suspend of devices complete after 1.822 msecs
[   11.188991] PM: noirq suspend of devices complete after 14.183 msecs
[   11.188994] Disabling non-boot CPUs ...
[   11.189824] CPU1: shutdown
[   11.220080] CPU2: shutdown
[   11.234343] IRQ17 no longer affine to CPU3
[   11.234571] CPU3: shutdown
[   11.248958] Entering suspend state LP1
[   11.248974] Enabling non-boot CPUs ...
[   11.274620] CPU1 is up
[   11.299699] CPU2 is up
[   11.324850] CPU3 is up
[   11.325583] pcieport 0000:00:01.0: nv_msi_ht_cap_quirk didn't locate host bridge
[   11.338499] PM: noirq resume of devices complete after 13.641 msecs
[   11.341163] PM: early resume of devices complete after 2.240 msecs
[   11.411572] PM: resume of devices complete after 70.398 msecs
[   11.487016] Restarting tasks ... done.
root@(none):/# 
root@(none):/# rtcwake -d rtc1 -m mem -s 3
rtcwake: wakeup from "mem" using /dev/rtc1 at Thu Jan  1 00:00:49 1970
[   11.868937] PM: Syncing filesystems ... done.
[   11.883190] Freezing user space processes ... (elapsed 0.001 seconds) done.
[   11.891358] Freezing remaining freezable tasks ... (elapsed 0.001 seconds) done.
[   11.900051] Suspending console(s) (use no_console_suspend to debug)
[   11.942437] PM: suspend of devices complete after 34.921 msecs
[   11.944296] PM: late suspend of devices complete after 1.849 msecs
[   11.958969] PM: noirq suspend of devices complete after 14.661 msecs
[   11.958972] Disabling non-boot CPUs ...
[   11.959798] CPU1: shutdown
[   11.975040] CPU2: shutdown
[   11.999321] IRQ17 no longer affine to CPU3
[   11.999534] CPU3: shutdown
[   12.013922] Entering suspend state LP1
[   12.013936] Enabling non-boot CPUs ...
[   12.039594] CPU1 is up
[   12.064674] CPU2 is up
[   12.089813] CPU3 is up
[   12.090527] pcieport 0000:00:01.0: nv_msi_ht_cap_quirk didn't locate host bridge
[   12.103488] PM: noirq resume of devices complete after 13.663 msecs
[   12.106703] PM: early resume of devices complete after 2.787 msecs
[   12.177286] PM: resume of devices complete after 70.574 msecs
[   12.252691] Restarting tasks ... done.
root@(none):/# 
root@(none):/# rtcwake -d rtc1 -m mem -s 3
rtcwake: wakeup from "mem" using /dev/rtc1 at Thu Jan  1 00:00:53 1970
[   12.633880] PM: Syncing filesystems ... done.
[   12.648151] Freezing user space processes ... (elapsed 0.001 seconds) done.
[   12.656318] Freezing remaining freezable tasks ... (elapsed 0.001 seconds) done.
[   12.664997] Suspending console(s) (use no_console_suspend to debug)
[   12.706940] PM: suspend of devices complete after 34.480 msecs
[   12.708822] PM: late suspend of devices complete after 1.873 msecs
[   12.723944] PM: noirq suspend of devices complete after 15.111 msecs
[   12.723949] Disabling non-boot CPUs ...
[   12.724781] CPU1: shutdown
[   12.755027] CPU2: shutdown
[   12.769305] IRQ17 no longer affine to CPU3
[   12.769523] CPU3: shutdown
[   12.783906] Entering suspend state LP1
[   12.783920] Enabling non-boot CPUs ...
[   12.809576] CPU1 is up
[   12.834637] CPU2 is up
[   12.859784] CPU3 is up
[   12.860504] pcieport 0000:00:01.0: nv_msi_ht_cap_quirk didn't locate host bridge
[   12.873456] PM: noirq resume of devices complete after 13.661 msecs
[   12.875615] PM: early resume of devices complete after 1.716 msecs
[   12.945785] PM: resume of devices complete after 70.159 msecs
[   13.021224] Restarting tasks ... done.
root@(none):/# 
root@(none):/# rtcwake -d rtc1 -m mem -s 3
rtcwake: wakeup from "mem" using /dev/rtc1 at Thu Jan  1 00:00:57 1970
[   13.404813] PM: Syncing filesystems ... done.
[   13.419081] Freezing user space processes ... (elapsed 0.001 seconds) done.
[   13.427246] Freezing remaining freezable tasks ... (elapsed 0.001 seconds) done.
[   13.435938] Suspending console(s) (use no_console_suspend to debug)
[   13.476894] PM: suspend of devices complete after 33.466 msecs
[   13.478786] PM: late suspend of devices complete after 1.882 msecs
[   13.493921] PM: noirq suspend of devices complete after 15.125 msecs
[   13.493924] Disabling non-boot CPUs ...
[   13.494763] CPU1: shutdown
[   13.524999] CPU2: shutdown
[   13.539276] IRQ17 no longer affine to CPU3
[   13.539489] CPU3: shutdown
[   13.553891] Entering suspend state LP1
[   13.553904] Enabling non-boot CPUs ...
[   13.579555] CPU1 is up
[   13.604628] CPU2 is up
[   13.629759] CPU3 is up
[   13.630475] pcieport 0000:00:01.0: nv_msi_ht_cap_quirk didn't locate host bridge
[   13.643434] PM: noirq resume of devices complete after 13.666 msecs
[   13.646126] PM: early resume of devices complete after 2.268 msecs
[   13.716750] PM: resume of devices complete after 70.613 msecs
[   13.792201] Restarting tasks ... done.
root@(none):/# 
root@(none):/# NVTB SYSTEM SUSPEND TEST COMPLETE
