Diff for ./tegra30-beaver/tegra30-beaver/tegra_defconfig%tegra30,114_mergeconfig_log.txt
--- /tmp/fooa	2013-12-16 23:08:32.361174185 -0800
+++ /tmp/foob	2013-12-16 23:08:32.365174138 -0800
@@ -23,7 +23,7 @@
 
 Transfer complete
 yzModem - CRC mode, 3(SOH)/4082(STX)/0(CAN) packets, 3 retries
-## Total Size      = 0x003fc870 = 4180080 Bytes
+## Total Size      = 0x003fc828 = 4180008 Bytes
 Tegra30 (Beaver) # loady 0x82000000
 ## Ready for binary (ymodem) download to 0x82000000 at 230400 bps...
 CSending: tegra30-beaver.dtb
@@ -43,7 +43,7 @@
 Booting Linux on physical CPU 0x0
 Initializing cgroup subsys cpu
 Initializing cgroup subsys cpuacct
-Linux version 3.13.0-rc4-next-20131216-29859-g6a5bdec (pwalmsley@kaivo) (gcc version 4.7.3 20130328 (prerelease) (crosstool-NG linaro-1.13.1-4.7-2013.04-20130415 - Linaro GCC 2013.04) ) #1 SMP PREEMPT Sun Dec 15 22:25:09 PST 2013
+Linux version 3.13.0-rc4-next-20131217-30091-g26b7da5 (pwalmsley@kaivo) (gcc version 4.7.3 20130328 (prerelease) (crosstool-NG linaro-1.13.1-4.7-2013.04-20130415 - Linaro GCC 2013.04) ) #1 SMP PREEMPT Mon Dec 16 22:55:04 PST 2013
 CPU: ARMv7 Processor [412fc099] revision 9 (ARMv7), cr=10c5387d
 CPU: PIPT / VIPT nonaliasing data cache, VIPT aliasing instruction cache
 Machine model: NVIDIA Tegra30 Beaver evaluation board
@@ -70,7 +70,7 @@
 PID hash table entries: 4096 (order: 2, 16384 bytes)
 Dentry cache hash table entries: 131072 (order: 7, 524288 bytes)
 Inode-cache hash table entries: 65536 (order: 6, 262144 bytes)
-Memory: 2053776K/2096128K available (5677K kernel code, 311K rwdata, 1888K rodata, 240K init, 342K bss, 42352K reserved, 1317888K highmem)
+Memory: 2053776K/2096128K available (5677K kernel code, 311K rwdata, 1888K rodata, 240K init, 343K bss, 42352K reserved, 1317888K highmem)
 Virtual kernel memory layout:
     vector  : 0xffff0000 - 0xffff1000   (   4 kB)
     fixmap  : 0xfff00000 - 0xfffe0000   ( 896 kB)
@@ -78,10 +78,10 @@
     lowmem  : 0xc0000000 - 0xef800000   ( 760 MB)
     pkmap   : 0xbfe00000 - 0xc0000000   (   2 MB)
     modules : 0xbf000000 - 0xbfe00000   (  14 MB)
-      .text : 0xc0008000 - 0xc076b880   (7567 kB)
+      .text : 0xc0008000 - 0xc076b894   (7567 kB)
       .init : 0xc076c000 - 0xc07a8340   ( 241 kB)
       .data : 0xc07aa000 - 0xc07f7e60   ( 312 kB)
-       .bss : 0xc07f7e6c - 0xc084d980   ( 343 kB)
+       .bss : 0xc07f7e6c - 0xc084dd80   ( 344 kB)
 Preemptible hierarchical RCU implementation.
 NR_IRQS:16 nr_irqs:16 16
 sched_clock: 32 bits at 1000kHz, resolution 1000ns, wraps every 2147483648000ns
@@ -93,7 +93,7 @@
 Initializing cgroup subsys freezer
 CPU: Testing write buffer coherency: ok
 CPU0: thread -1, cpu 0, socket 0, mpidr 80000000
-Setting up static identity map for 0x80561d18 - 0x80561db0
+Setting up static identity map for 0x80561c10 - 0x80561ca8
 CPU1: Booted secondary processor
 CPU1: thread -1, cpu 1, socket 0, mpidr 80000001
 CPU2: Booted secondary processor
@@ -340,18 +340,18 @@
  
 INIT: version 2.88 booting
 Using makefile-style concurrent boot in runlevel S.
-Starting the hotplug events dispatcher: udevd[    4.247269] udevd[178]: starting version 175
+Starting the hotplug events dispatcher: udevd[    4.224679] udevd[178]: starting version 175
 [ ok .
 Synthesizing the initial hotplug events...[ ok done.
 Waiting for /dev to be fully populated...[ ok done.
 Activating swap...[ ok done.
 Cleaning up temporary files... /tmp[ ok .
-random: nonblocking pool is initialized
 Activating lvm and md swap...[ ok done.
 Checking file systems...fsck from util-linux 2.20.1
 [ ok done.
 Mounting local filesystems...[ ok done.
 Activating swapfile swap...[ ok done.
+random: nonblocking pool is initialized
 Cleaning up temporary files...[ ok .
 Setting kernel variables ...[ ok done.
 Configuring network interfaces...[ ok done.
@@ -364,8 +364,8 @@
 Using makefile-style concurrent boot in runlevel 2.
 Starting network benchmark server[FAIL failed!
 Starting rpcbind daemon...[....] Already running.[ ok .
-Starting system message bus: dbus[ ok .
 Starting NFS common utilities: statd idmapd[FAIL failed!
+Starting system message bus: dbus[ ok .
 startpar: service(s) returned failure: nfs-common ...[FAIL failed!
 
 Debian GNU/Linux wheezy/sid armel ttyS0
Diff for ./tegra30-beaver/tegra30-beaver/tegra_defconfig_log.txt
--- /tmp/fooa	2013-12-16 23:08:32.393174103 -0800
+++ /tmp/foob	2013-12-16 23:08:32.393174103 -0800
@@ -22,8 +22,8 @@
 Sending: 
 
 Transfer complete
-yzModem - CRC mode, 5(SOH)/4098(STX)/0(CAN) packets, 3 retries
-## Total Size      = 0x00400928 = 4196648 Bytes
+yzModem - CRC mode, 2(SOH)/4099(STX)/0(CAN) packets, 3 retries
+## Total Size      = 0x00400be0 = 4197344 Bytes
 Tegra30 (Beaver) # loady 0x82000000
 ## Ready for binary (ymodem) download to 0x82000000 at 230400 bps...
 CSending: tegra30-beaver.dtb
@@ -43,7 +43,7 @@
 Booting Linux on physical CPU 0x0
 Initializing cgroup subsys cpu
 Initializing cgroup subsys cpuacct
-Linux version 3.13.0-rc4-next-20131216-29859-g6a5bdec (pwalmsley@tamien) (gcc version 4.7.3 20130328 (prerelease) (crosstool-NG linaro-1.13.1-4.7-2013.04-20130415 - Linaro GCC 2013.04) ) #1 SMP PREEMPT Sun Dec 15 22:18:07 PST 2013
+Linux version 3.13.0-rc4-next-20131217-30091-g26b7da5 (pwalmsley@tamien) (gcc version 4.7.3 20130328 (prerelease) (crosstool-NG linaro-1.13.1-4.7-2013.04-20130415 - Linaro GCC 2013.04) ) #1 SMP PREEMPT Mon Dec 16 22:48:09 PST 2013
 CPU: ARMv7 Processor [412fc099] revision 9 (ARMv7), cr=10c5387d
 CPU: PIPT / VIPT nonaliasing data cache, VIPT aliasing instruction cache
 Machine model: NVIDIA Tegra30 Beaver evaluation board
@@ -70,7 +70,7 @@
 PID hash table entries: 4096 (order: 2, 16384 bytes)
 Dentry cache hash table entries: 131072 (order: 7, 524288 bytes)
 Inode-cache hash table entries: 65536 (order: 6, 262144 bytes)
-Memory: 2053720K/2096128K available (5689K kernel code, 319K rwdata, 1920K rodata, 248K init, 342K bss, 42408K reserved, 1317888K highmem)
+Memory: 2053720K/2096128K available (5689K kernel code, 319K rwdata, 1920K rodata, 248K init, 343K bss, 42408K reserved, 1317888K highmem)
 Virtual kernel memory layout:
     vector  : 0xffff0000 - 0xffff1000   (   4 kB)
     fixmap  : 0xfff00000 - 0xfffe0000   ( 896 kB)
@@ -78,10 +78,10 @@
     lowmem  : 0xc0000000 - 0xef800000   ( 760 MB)
     pkmap   : 0xbfe00000 - 0xc0000000   (   2 MB)
     modules : 0xbf000000 - 0xbfe00000   (  14 MB)
-      .text : 0xc0008000 - 0xc0776aa0   (7611 kB)
+      .text : 0xc0008000 - 0xc0776ab4   (7611 kB)
       .init : 0xc0777000 - 0xc07b5380   ( 249 kB)
       .data : 0xc07b6000 - 0xc0805ee0   ( 320 kB)
-       .bss : 0xc0805eec - 0xc085ba40   ( 343 kB)
+       .bss : 0xc0805eec - 0xc085be40   ( 344 kB)
 Preemptible hierarchical RCU implementation.
 NR_IRQS:16 nr_irqs:16 16
 sched_clock: 32 bits at 1000kHz, resolution 1000ns, wraps every 2147483648000ns
@@ -93,7 +93,7 @@
 Initializing cgroup subsys freezer
 CPU: Testing write buffer coherency: ok
 CPU0: thread -1, cpu 0, socket 0, mpidr 80000000
-Setting up static identity map for 0x80564f30 - 0x80564fc8
+Setting up static identity map for 0x80564e30 - 0x80564ec8
 CPU1: Booted secondary processor
 CPU1: thread -1, cpu 1, socket 0, mpidr 80000001
 CPU2: Booted secondary processor
@@ -327,7 +327,7 @@
 tegra-ehci 7d008000.usb: USB 2.0 started, EHCI 1.00
 hub 1-0:1.0: USB hub found
 hub 1-0:1.0: 1 port detected
-tegra_rtc 7000e000.rtc: setting system clock to 1970-01-01 00:03:38 UTC (218)
+tegra_rtc 7000e000.rtc: setting system clock to 1970-01-01 00:03:37 UTC (217)
 ALSA device list:
   #0: NVIDIA Tegra Beaver
 kjournald starting.  Commit interval 5 seconds
@@ -340,17 +340,17 @@
  
 INIT: version 2.88 booting
 Using makefile-style concurrent boot in runlevel S.
-Starting the hotplug events dispatcher: udevd[    4.220961] udevd[178]: starting version 175
+Starting the hotplug events dispatcher: udevd[    4.208605] udevd[178]: starting version 175
 [ ok .
 Synthesizing the initial hotplug events...[ ok done.
 Waiting for /dev to be fully populated...[ ok done.
 Activating swap...[ ok done.
 Cleaning up temporary files... /tmp[ ok .
-random: nonblocking pool is initialized
 Activating lvm and md swap...[ ok done.
 Checking file systems...fsck from util-linux 2.20.1
 [ ok done.
 Mounting local filesystems...[ ok done.
+random: nonblocking pool is initialized
 Activating swapfile swap...[ ok done.
 Cleaning up temporary files...[ ok .
 Setting kernel variables ...[ ok done.
Diff for ./tegra30-beaver/tegra30-beaver/tegra_defconfig%tegra30_mergeconfig_log.txt
--- /tmp/fooa	2013-12-16 23:08:32.401174098 -0800
+++ /tmp/foob	2013-12-16 23:08:32.405174096 -0800
@@ -22,15 +22,15 @@
 Sending: 
 
 Transfer complete
-yzModem - CRC mode, 6(SOH)/4076(STX)/0(CAN) packets, 3 retries
-## Total Size      = 0x003fb190 = 4174224 Bytes
+yzModem - CRC mode, 5(SOH)/4076(STX)/0(CAN) packets, 3 retries
+## Total Size      = 0x003fb178 = 4174200 Bytes
 Tegra30 (Beaver) # loady 0x82000000
 ## Ready for binary (ymodem) download to 0x82000000 at 230400 bps...
 CSending: tegra30-beaver.dtb
 Sending: 
 
 Transfer complete
-zModem - CRC mode, 2(SOH)/23(STX)/0(CAN) packets, 3 retries
+yzModem - CRC mode, 2(SOH)/23(STX)/0(CAN) packets, 3 retries
 ## Total Size      = 0x00005bf6 = 23542 Bytes
 Tegra30 (Beaver) # bootz 0x81000000 - 0x82000000
 ## Flattened Device Tree blob at 82000000
@@ -43,7 +43,7 @@
 Booting Linux on physical CPU 0x0
 Initializing cgroup subsys cpu
 Initializing cgroup subsys cpuacct
-Linux version 3.13.0-rc4-next-20131216-29859-g6a5bdec (pwalmsley@tamien) (gcc version 4.7.3 20130328 (prerelease) (crosstool-NG linaro-1.13.1-4.7-2013.04-20130415 - Linaro GCC 2013.04) ) #1 SMP PREEMPT Sun Dec 15 22:20:48 PST 2013
+Linux version 3.13.0-rc4-next-20131217-30091-g26b7da5 (pwalmsley@tamien) (gcc version 4.7.3 20130328 (prerelease) (crosstool-NG linaro-1.13.1-4.7-2013.04-20130415 - Linaro GCC 2013.04) ) #1 SMP PREEMPT Mon Dec 16 22:50:49 PST 2013
 CPU: ARMv7 Processor [412fc099] revision 9 (ARMv7), cr=10c5387d
 CPU: PIPT / VIPT nonaliasing data cache, VIPT aliasing instruction cache
 Machine model: NVIDIA Tegra30 Beaver evaluation board
@@ -51,7 +51,7 @@
 cma: CMA: reserved 16 MiB at ae800000
 Memory policy: Data cache writealloc
 On node 0 totalpages: 524032
-free_area_init_node: node 0, pgdat c07edb40, node_mem_map c0845000
+free_area_init_node: node 0, pgdat c07edb40, node_mem_map c0846000
   Normal zone: 1520 pages used for memmap
   Normal zone: 0 pages reserved
   Normal zone: 194560 pages, LIFO batch:31
@@ -62,7 +62,7 @@
 Tegra Revision: A03 SKU: 128 CPU Process: 4 Core Process: 0
 L310 cache controller enabled
 l2x0: 8 ways, CACHE_ID 0x410000c7, AUX_CTRL 0x7e480001, Cache size: 1024 kB
-PERCPU: Embedded 8 pages/cpu @c1859000 s9024 r8192 d15552 u32768
+PERCPU: Embedded 8 pages/cpu @c185a000 s9024 r8192 d15552 u32768
 pcpu-alloc: s9024 r8192 d15552 u32768 alloc=8*4096
 pcpu-alloc: [0] 0 [0] 1 [0] 2 [0] 3 
 Built 1 zonelists in Zone order, mobility grouping on.  Total pages: 522512
@@ -70,7 +70,7 @@
 PID hash table entries: 4096 (order: 2, 16384 bytes)
 Dentry cache hash table entries: 131072 (order: 7, 524288 bytes)
 Inode-cache hash table entries: 65536 (order: 6, 262144 bytes)
-Memory: 2053812K/2096128K available (5677K kernel code, 308K rwdata, 1864K rodata, 236K init, 342K bss, 42316K reserved, 1317888K highmem)
+Memory: 2053808K/2096128K available (5677K kernel code, 308K rwdata, 1864K rodata, 236K init, 343K bss, 42320K reserved, 1317888K highmem)
 Virtual kernel memory layout:
     vector  : 0xffff0000 - 0xffff1000   (   4 kB)
     fixmap  : 0xfff00000 - 0xfffe0000   ( 896 kB)
@@ -78,10 +78,10 @@
     lowmem  : 0xc0000000 - 0xef800000   ( 760 MB)
     pkmap   : 0xbfe00000 - 0xc0000000   (   2 MB)
     modules : 0xbf000000 - 0xbfe00000   (  14 MB)
-      .text : 0xc0008000 - 0xc07657f0   (7542 kB)
+      .text : 0xc0008000 - 0xc0765804   (7543 kB)
       .init : 0xc0766000 - 0xc07a1340   ( 237 kB)
       .data : 0xc07a2000 - 0xc07ef2a0   ( 309 kB)
-       .bss : 0xc07ef2ac - 0xc0844d80   ( 343 kB)
+       .bss : 0xc07ef2ac - 0xc0845180   ( 344 kB)
 Preemptible hierarchical RCU implementation.
 NR_IRQS:16 nr_irqs:16 16
 sched_clock: 32 bits at 1000kHz, resolution 1000ns, wraps every 2147483648000ns
@@ -93,7 +93,7 @@
 Initializing cgroup subsys freezer
 CPU: Testing write buffer coherency: ok
 CPU0: thread -1, cpu 0, socket 0, mpidr 80000000
-Setting up static identity map for 0x80561798 - 0x80561830
+Setting up static identity map for 0x80561698 - 0x80561730
 CPU1: Booted secondary processor
 CPU1: thread -1, cpu 1, socket 0, mpidr 80000001
 CPU2: Booted secondary processor
@@ -340,18 +340,18 @@
  
 INIT: version 2.88 booting
 Using makefile-style concurrent boot in runlevel S.
-Starting the hotplug events dispatcher: udevd[    4.200527] udevd[178]: starting version 175
+Starting the hotplug events dispatcher: udevd[    4.183785] udevd[178]: starting version 175
 [ ok .
 Synthesizing the initial hotplug events...[ ok done.
 Waiting for /dev to be fully populated...[ ok done.
 Activating swap...[ ok done.
 Cleaning up temporary files... /tmp[ ok .
+random: nonblocking pool is initialized
 Activating lvm and md swap...[ ok done.
 Checking file systems...fsck from util-linux 2.20.1
 [ ok done.
 Mounting local filesystems...[ ok done.
 Activating swapfile swap...[ ok done.
-random: nonblocking pool is initialized
 Cleaning up temporary files...[ ok .
 Setting kernel variables ...[ ok done.
 Configuring network interfaces...[ ok done.
Diff for ./tegra30-beaver/tegra30-beaver/multi_v7_defconfig_log.txt
--- /tmp/fooa	2013-12-16 23:08:32.409174096 -0800
+++ /tmp/foob	2013-12-16 23:08:32.413174100 -0800
@@ -22,8 +22,8 @@
 Sending: 
 
 Transfer complete
-yzModem - CRC mode, 8(SOH)/3586(STX)/0(CAN) packets, 3 retries
-## Total Size      = 0x00380ad0 = 3672784 Bytes
+yzModem - CRC mode, 7(SOH)/3586(STX)/0(CAN) packets, 3 retries
+## Total Size      = 0x00380a80 = 3672704 Bytes
 Tegra30 (Beaver) # loady 0x82000000
 ## Ready for binary (ymodem) download to 0x82000000 at 230400 bps...
 CSending: tegra30-beaver.dtb
@@ -40,7 +40,7 @@
 Starting kernel ...
 
 Booting Linux on physical CPU 0x0
-Linux version 3.13.0-rc4-next-20131216-29859-g6a5bdec (pwalmsley@kaivo) (gcc version 4.7.3 20130328 (prerelease) (crosstool-NG linaro-1.13.1-4.7-2013.04-20130415 - Linaro GCC 2013.04) ) #1 SMP Sun Dec 15 22:17:05 PST 2013
+Linux version 3.13.0-rc4-next-20131217-30091-g26b7da5 (pwalmsley@kaivo) (gcc version 4.7.3 20130328 (prerelease) (crosstool-NG linaro-1.13.1-4.7-2013.04-20130415 - Linaro GCC 2013.04) ) #1 SMP Mon Dec 16 22:47:07 PST 2013
 CPU: ARMv7 Processor [412fc099] revision 9 (ARMv7), cr=10c5387d
 CPU: PIPT / VIPT nonaliasing data cache, VIPT aliasing instruction cache
 Machine model: NVIDIA Tegra30 Beaver evaluation board
@@ -66,17 +66,17 @@
 PID hash table entries: 4096 (order: 2, 16384 bytes)
 Dentry cache hash table entries: 131072 (order: 7, 524288 bytes)
 Inode-cache hash table entries: 65536 (order: 6, 262144 bytes)
-Memory: 2070956K/2096128K available (4986K kernel code, 587K rwdata, 1432K rodata, 462K init, 281K bss, 25172K reserved, 1317888K highmem)
+Memory: 2070956K/2096128K available (4986K kernel code, 587K rwdata, 1432K rodata, 462K init, 282K bss, 25172K reserved, 1317888K highmem)
 Virtual kernel memory layout:
     vector  : 0xffff0000 - 0xffff1000   (   4 kB)
     fixmap  : 0xfff00000 - 0xfffe0000   ( 896 kB)
     vmalloc : 0xf0000000 - 0xff000000   ( 240 MB)
     lowmem  : 0xc0000000 - 0xef800000   ( 760 MB)
     pkmap   : 0xbfe00000 - 0xc0000000   (   2 MB)
-      .text : 0xc0008000 - 0xc064cb4c   (6419 kB)
+      .text : 0xc0008000 - 0xc064cb98   (6419 kB)
       .init : 0xc064d000 - 0xc06c0b40   ( 463 kB)
       .data : 0xc06c2000 - 0xc0754ec0   ( 588 kB)
-       .bss : 0xc0754ec8 - 0xc079b494   ( 282 kB)
+       .bss : 0xc0754ec8 - 0xc079b894   ( 283 kB)
 SLUB: HWalign=64, Order=0-3, MinObjects=0, CPUs=4, Nodes=1
 Hierarchical RCU implementation.
 NR_IRQS:16 nr_irqs:16 16
@@ -87,7 +87,7 @@
 Mount-cache hash table entries: 512
 CPU: Testing write buffer coherency: ok
 CPU0: thread -1, cpu 0, socket 0, mpidr 80000000
-Setting up static identity map for 0x804b77f8 - 0x804b7890
+Setting up static identity map for 0x804b7738 - 0x804b77d0
 unable to find compatible sirf rstc node in dtb
 CPU1: Booted secondary processor
 CPU1: thread -1, cpu 1, socket 0, mpidr 80000001
@@ -253,7 +253,7 @@
  
 INIT: version 2.88 booting
 Using makefile-style concurrent boot in runlevel S.
-Starting the hotplug events dispatcher: udevd[    2.137842] udevd[158]: starting version 175
+Starting the hotplug events dispatcher: udevd[    2.126436] udevd[158]: starting version 175
 [ ok .
 Synthesizing the initial hotplug events...[ ok done.
 Waiting for /dev to be fully populated...[ ok done.
@@ -267,9 +267,8 @@
 Activating swapfile swap...[ ok done.
 Cleaning up temporary files...[ ok .
 Setting kernel variables ...[ ok done.
-random: dd urandom read with 128 bits of entropy available
-Configuring network interfaces...[    4.816908] random: nonblocking pool is initialized
-[ ok done.
+random: nonblocking pool is initialized
+Configuring network interfaces...[ ok done.
 Starting rpcbind daemon...[ ok .
 Starting NFS common utilities: statd idmapd[ ok .
 Cleaning up temporary files...[ ok .
Diff for ./tegra30-beaver/tegra30-beaver/tegra_defconfig%tegra20,30_mergeconfig_log.txt
--- /tmp/fooa	2013-12-16 23:08:32.421174110 -0800
+++ /tmp/foob	2013-12-16 23:08:32.425174113 -0800
@@ -22,8 +22,8 @@
 Sending: 
 
 Transfer complete
-yzModem - CRC mode, 4(SOH)/4093(STX)/0(CAN) packets, 3 retries
-## Total Size      = 0x003ff4a8 = 4191400 Bytes
+yzModem - CRC mode, 6(SOH)/4093(STX)/0(CAN) packets, 3 retries
+## Total Size      = 0x003ff5a0 = 4191648 Bytes
 Tegra30 (Beaver) # loady 0x82000000
 ## Ready for binary (ymodem) download to 0x82000000 at 230400 bps...
 CSending: tegra30-beaver.dtb
@@ -43,7 +43,7 @@
 Booting Linux on physical CPU 0x0
 Initializing cgroup subsys cpu
 Initializing cgroup subsys cpuacct
-Linux version 3.13.0-rc4-next-20131216-29859-g6a5bdec (pwalmsley@kaivo) (gcc version 4.7.3 20130328 (prerelease) (crosstool-NG linaro-1.13.1-4.7-2013.04-20130415 - Linaro GCC 2013.04) ) #1 SMP PREEMPT Sun Dec 15 22:23:13 PST 2013
+Linux version 3.13.0-rc4-next-20131217-30091-g26b7da5 (pwalmsley@kaivo) (gcc version 4.7.3 20130328 (prerelease) (crosstool-NG linaro-1.13.1-4.7-2013.04-20130415 - Linaro GCC 2013.04) ) #1 SMP PREEMPT Mon Dec 16 22:53:11 PST 2013
 CPU: ARMv7 Processor [412fc099] revision 9 (ARMv7), cr=10c5387d
 CPU: PIPT / VIPT nonaliasing data cache, VIPT aliasing instruction cache
 Machine model: NVIDIA Tegra30 Beaver evaluation board
@@ -51,7 +51,7 @@
 cma: CMA: reserved 16 MiB at ae800000
 Memory policy: Data cache writealloc
 On node 0 totalpages: 524032
-free_area_init_node: node 0, pgdat c07fbb80, node_mem_map c0853000
+free_area_init_node: node 0, pgdat c07fbb80, node_mem_map c0854000
   Normal zone: 1520 pages used for memmap
   Normal zone: 0 pages reserved
   Normal zone: 194560 pages, LIFO batch:31
@@ -62,7 +62,7 @@
 Tegra Revision: A03 SKU: 128 CPU Process: 4 Core Process: 0
 L310 cache controller enabled
 l2x0: 8 ways, CACHE_ID 0x410000c7, AUX_CTRL 0x7e480001, Cache size: 1024 kB
-PERCPU: Embedded 8 pages/cpu @c1867000 s9088 r8192 d15488 u32768
+PERCPU: Embedded 8 pages/cpu @c1868000 s9088 r8192 d15488 u32768
 pcpu-alloc: s9088 r8192 d15488 u32768 alloc=8*4096
 pcpu-alloc: [0] 0 [0] 1 [0] 2 [0] 3 
 Built 1 zonelists in Zone order, mobility grouping on.  Total pages: 522512
@@ -70,7 +70,7 @@
 PID hash table entries: 4096 (order: 2, 16384 bytes)
 Dentry cache hash table entries: 131072 (order: 7, 524288 bytes)
 Inode-cache hash table entries: 65536 (order: 6, 262144 bytes)
-Memory: 2053756K/2096128K available (5689K kernel code, 316K rwdata, 1892K rodata, 244K init, 342K bss, 42372K reserved, 1317888K highmem)
+Memory: 2053752K/2096128K available (5689K kernel code, 316K rwdata, 1892K rodata, 240K init, 343K bss, 42376K reserved, 1317888K highmem)
 Virtual kernel memory layout:
     vector  : 0xffff0000 - 0xffff1000   (   4 kB)
     fixmap  : 0xfff00000 - 0xfffe0000   ( 896 kB)
@@ -78,22 +78,22 @@
     lowmem  : 0xc0000000 - 0xef800000   ( 760 MB)
     pkmap   : 0xbfe00000 - 0xc0000000   (   2 MB)
     modules : 0xbf000000 - 0xbfe00000   (  14 MB)
-      .text : 0xc0008000 - 0xc076fa18   (7583 kB)
-      .init : 0xc0770000 - 0xc07ad380   ( 245 kB)
+      .text : 0xc0008000 - 0xc076fa2c   (7583 kB)
+      .init : 0xc0770000 - 0xc07ac380   ( 241 kB)
       .data : 0xc07ae000 - 0xc07fd2e0   ( 317 kB)
-       .bss : 0xc07fd2ec - 0xc0852e00   ( 343 kB)
+       .bss : 0xc07fd2ec - 0xc0853200   ( 344 kB)
 Preemptible hierarchical RCU implementation.
 NR_IRQS:16 nr_irqs:16 16
 sched_clock: 32 bits at 1000kHz, resolution 1000ns, wraps every 2147483648000ns
 Console: colour dummy device 80x30
-Calibrating delay loop... 2793.47 BogoMIPS (lpj=13967360)
+Calibrating delay loop... 2786.91 BogoMIPS (lpj=13934592)
 pid_max: default: 32768 minimum: 301
 Mount-cache hash table entries: 512
 Initializing cgroup subsys debug
 Initializing cgroup subsys freezer
 CPU: Testing write buffer coherency: ok
 CPU0: thread -1, cpu 0, socket 0, mpidr 80000000
-Setting up static identity map for 0x805649b0 - 0x80564a48
+Setting up static identity map for 0x805648b0 - 0x80564948
 CPU1: Booted secondary processor
 CPU1: thread -1, cpu 1, socket 0, mpidr 80000001
 CPU2: Booted secondary processor
@@ -336,19 +336,19 @@
 EXT3-fs (mmcblk0p1): mounted filesystem with writeback data mode
 VFS: Mounted root (ext3 filesystem) on device 179:1.
 devtmpfs: mounted
-Freeing unused kernel memory: 244K (c0770000 - c07ad000)
+Freeing unused kernel memory: 240K (c0770000 - c07ac000)
  
 INIT: version 2.88 booting
 Using makefile-style concurrent boot in runlevel S.
-Starting the hotplug events dispatcher: udevd[    4.232000] udevd[178]: starting version 175
+Starting the hotplug events dispatcher: udevd[    4.203254] udevd[178]: starting version 175
 [ ok .
 Synthesizing the initial hotplug events...[ ok done.
 Waiting for /dev to be fully populated...[ ok done.
 Activating swap...[ ok done.
 Cleaning up temporary files... /tmp[ ok .
-random: nonblocking pool is initialized
 Activating lvm and md swap...[ ok done.
-Checking file systems...fsck from util-linux 2.20.1
+Checking file systems...[    6.656357] random: nonblocking pool is initialized
+fsck from util-linux 2.20.1
 [ ok done.
 Mounting local filesystems...[ ok done.
 Activating swapfile swap...[ ok done.
Diff for ./tegra114-dalmore-headless/tegra114-dalmore/tegra_defconfig%tegra30,114_mergeconfig_log.txt
--- /tmp/fooa	2013-12-16 23:08:32.429174115 -0800
+++ /tmp/foob	2013-12-16 23:08:32.433174116 -0800
@@ -30,13 +30,13 @@
 Load address: 0x81000000
 Loading: *#################################################  2.8 MiB/s
 done
-Bytes transferred = 4180080 (3fc870 hex)
+Bytes transferred = 4180008 (3fc828 hex)
 Dalmore #tftpboot 0x82000000 tegra114-dalmore.dtb
 Using asx0 device
 TFTP from server 192.168.100.1; our IP address is 192.168.100.100
 Filename 'tegra114-dalmore.dtb'.
 Load address: 0x82000000
-Loading: *#################################################  2.7 MiB/s
+Loading: *#################################################  2.5 MiB/s
 done
 Bytes transferred = 31442 (7ad2 hex)
 Dalmore #bootz 0x81000000 - 0x82000000
@@ -49,16 +49,16 @@
 Timer summary in microseconds:
        Mark    Elapsed  Stage
           0          0  awake
-  3,028,746  3,028,746  usb_start
-  7,033,884  4,005,138  eth_start
-  7,033,882         -2  tftp start
- 10,868,867  3,834,985  tftp done
- 13,043,854  2,174,987  start_kernel
+  3,064,565  3,064,565  usb_start
+  7,069,737  4,005,172  eth_start
+  7,069,735         -2  tftp start
+ 10,935,936  3,866,201  tftp done
+ 13,079,715  2,143,779  start_kernel
 Uncompressing Linux... done, booting the kernel.
 Booting Linux on physical CPU 0x0
 Initializing cgroup subsys cpu
 Initializing cgroup subsys cpuacct
-Linux version 3.13.0-rc4-next-20131216-29859-g6a5bdec (pwalmsley@kaivo) (gcc version 4.7.3 20130328 (prerelease) (crosstool-NG linaro-1.13.1-4.7-2013.04-20130415 - Linaro GCC 2013.04) ) #1 SMP PREEMPT Sun Dec 15 22:25:09 PST 2013
+Linux version 3.13.0-rc4-next-20131217-30091-g26b7da5 (pwalmsley@kaivo) (gcc version 4.7.3 20130328 (prerelease) (crosstool-NG linaro-1.13.1-4.7-2013.04-20130415 - Linaro GCC 2013.04) ) #1 SMP PREEMPT Mon Dec 16 22:55:04 PST 2013
 CPU: ARMv7 Processor [412fc0f2] revision 2 (ARMv7), cr=10c5387d
 CPU: PIPT / VIPT nonaliasing data cache, PIPT instruction cache
 Machine model: NVIDIA Tegra114 Dalmore evaluation board
@@ -81,7 +81,7 @@
 PID hash table entries: 4096 (order: 2, 16384 bytes)
 Dentry cache hash table entries: 131072 (order: 7, 524288 bytes)
 Inode-cache hash table entries: 65536 (order: 6, 262144 bytes)
-Memory: 2053748K/2096128K available (5677K kernel code, 311K rwdata, 1888K rodata, 240K init, 342K bss, 42380K reserved, 1317888K highmem)
+Memory: 2053748K/2096128K available (5677K kernel code, 311K rwdata, 1888K rodata, 240K init, 343K bss, 42380K reserved, 1317888K highmem)
 Virtual kernel memory layout:
     vector  : 0xffff0000 - 0xffff1000   (   4 kB)
     fixmap  : 0xfff00000 - 0xfffe0000   ( 896 kB)
@@ -89,10 +89,10 @@
     lowmem  : 0xc0000000 - 0xef800000   ( 760 MB)
     pkmap   : 0xbfe00000 - 0xc0000000   (   2 MB)
     modules : 0xbf000000 - 0xbfe00000   (  14 MB)
-      .text : 0xc0008000 - 0xc076b880   (7567 kB)
+      .text : 0xc0008000 - 0xc076b894   (7567 kB)
       .init : 0xc076c000 - 0xc07a8340   ( 241 kB)
       .data : 0xc07aa000 - 0xc07f7e60   ( 312 kB)
-       .bss : 0xc07f7e6c - 0xc084d980   ( 343 kB)
+       .bss : 0xc07f7e6c - 0xc084dd80   ( 344 kB)
 Preemptible hierarchical RCU implementation.
 NR_IRQS:16 nr_irqs:16 16
 sched_clock: 32 bits at 1000kHz, resolution 1000ns, wraps every 2147483648000ns
@@ -111,7 +111,7 @@
 /cpus/cpu@2 missing clock-frequency property
 /cpus/cpu@3 missing clock-frequency property
 CPU0: thread -1, cpu 0, socket 0, mpidr 80000000
-Setting up static identity map for 0x80561d18 - 0x80561db0
+Setting up static identity map for 0x80561c10 - 0x80561ca8
 CPU1: Booted secondary processor
 CPU1: thread -1, cpu 1, socket 0, mpidr 80000001
 CPU2: Booted secondary processor
@@ -358,7 +358,7 @@
 hub 1-0:1.0: USB hub found
 hub 1-0:1.0: 1 port detected
 input: gpio-keys.2 as /devices/soc0/gpio-keys.2/input/input1
-palmas-rtc rtc.7: setting system clock to 2000-03-11 08:51:17 UTC (952764677)
+palmas-rtc rtc.7: setting system clock to 2000-03-12 09:21:16 UTC (952852876)
 ALSA device list:
   #0: NVIDIA Tegra Dalmore
 kjournald starting.  Commit interval 5 seconds
@@ -370,4 +370,4 @@
 Freeing unused kernel memory: 240K (c076c000 - c07a8000)
 bash: cannot set terminal process group (-1): Inappropriate ioctl for device
 bash: no job control in this shell
-I have no name!@(none):/# [    2.920702] usb 1-1: new high-speed USB device number 2 using tegra-ehci
+I have no name!@(none):/# [    2.920590] usb 1-1: new high-speed USB device number 2 using tegra-ehci
Diff for ./tegra114-dalmore-headless/tegra114-dalmore/tegra_defconfig%tegra20,114_mergeconfig_log.txt
--- /tmp/fooa	2013-12-16 23:08:32.437174116 -0800
+++ /tmp/foob	2013-12-16 23:08:32.441174118 -0800
@@ -30,13 +30,13 @@
 Load address: 0x81000000
 Loading: *#################################################  2.8 MiB/s
 done
-Bytes transferred = 4179936 (3fc7e0 hex)
+Bytes transferred = 4179400 (3fc5c8 hex)
 Dalmore #tftpboot 0x82000000 tegra114-dalmore.dtb
 Using asx0 device
 TFTP from server 192.168.100.1; our IP address is 192.168.100.100
 Filename 'tegra114-dalmore.dtb'.
 Load address: 0x82000000
-Loading: *#################################################  2.7 MiB/s
+Loading: *#################################################  2.5 MiB/s
 done
 Bytes transferred = 31442 (7ad2 hex)
 Dalmore #bootz 0x81000000 - 0x82000000
@@ -49,16 +49,16 @@
 Timer summary in microseconds:
        Mark    Elapsed  Stage
           0          0  awake
-  2,137,597  2,137,597  usb_start
-  6,142,899  4,005,302  eth_start
-  6,142,896         -3  tftp start
-  9,981,342  3,838,446  tftp done
- 12,152,904  2,171,562  start_kernel
+  2,143,298  2,143,298  usb_start
+  6,148,549  4,005,251  eth_start
+  6,148,546         -3  tftp start
+ 10,015,421  3,866,875  tftp done
+ 12,158,537  2,143,116  start_kernel
 Uncompressing Linux... done, booting the kernel.
 Booting Linux on physical CPU 0x0
 Initializing cgroup subsys cpu
 Initializing cgroup subsys cpuacct
-Linux version 3.13.0-rc4-next-20131216-29859-g6a5bdec (pwalmsley@tamien) (gcc version 4.7.3 20130328 (prerelease) (crosstool-NG linaro-1.13.1-4.7-2013.04-20130415 - Linaro GCC 2013.04) ) #1 SMP PREEMPT Sun Dec 15 22:23:29 PST 2013
+Linux version 3.13.0-rc4-next-20131217-30091-g26b7da5 (pwalmsley@tamien) (gcc version 4.7.3 20130328 (prerelease) (crosstool-NG linaro-1.13.1-4.7-2013.04-20130415 - Linaro GCC 2013.04) ) #1 SMP PREEMPT Mon Dec 16 22:53:33 PST 2013
 CPU: ARMv7 Processor [412fc0f2] revision 2 (ARMv7), cr=10c5387d
 CPU: PIPT / VIPT nonaliasing data cache, PIPT instruction cache
 Machine model: NVIDIA Tegra114 Dalmore evaluation board
@@ -66,14 +66,14 @@
 cma: CMA: reserved 16 MiB at ae800000
 Memory policy: Data cache writealloc
 On node 0 totalpages: 524032
-free_area_init_node: node 0, pgdat c07f4d80, node_mem_map c084c000
+free_area_init_node: node 0, pgdat c07f4dc0, node_mem_map c084d000
   Normal zone: 1520 pages used for memmap
   Normal zone: 0 pages reserved
   Normal zone: 194560 pages, LIFO batch:31
   HighMem zone: 2574 pages used for memmap
   HighMem zone: 329472 pages, LIFO batch:31
 Tegra Revision: A01 SKU: 0 CPU Process: 1 Core Process: 1
-PERCPU: Embedded 8 pages/cpu @c1865000 s9088 r8192 d15488 u32768
+PERCPU: Embedded 8 pages/cpu @c1866000 s9088 r8192 d15488 u32768
 pcpu-alloc: s9088 r8192 d15488 u32768 alloc=8*4096
 pcpu-alloc: [0] 0 [0] 1 [0] 2 [0] 3 
 Built 1 zonelists in Zone order, mobility grouping on.  Total pages: 522512
@@ -81,7 +81,7 @@
 PID hash table entries: 4096 (order: 2, 16384 bytes)
 Dentry cache hash table entries: 131072 (order: 7, 524288 bytes)
 Inode-cache hash table entries: 65536 (order: 6, 262144 bytes)
-Memory: 2053756K/2096128K available (5681K kernel code, 313K rwdata, 1876K rodata, 240K init, 342K bss, 42372K reserved, 1317888K highmem)
+Memory: 2053752K/2096128K available (5681K kernel code, 313K rwdata, 1876K rodata, 240K init, 343K bss, 42376K reserved, 1317888K highmem)
 Virtual kernel memory layout:
     vector  : 0xffff0000 - 0xffff1000   (   4 kB)
     fixmap  : 0xfff00000 - 0xfffe0000   ( 896 kB)
@@ -89,10 +89,10 @@
     lowmem  : 0xc0000000 - 0xef800000   ( 760 MB)
     pkmap   : 0xbfe00000 - 0xc0000000   (   2 MB)
     modules : 0xbf000000 - 0xbfe00000   (  14 MB)
-      .text : 0xc0008000 - 0xc0769954   (7559 kB)
+      .text : 0xc0008000 - 0xc0769968   (7559 kB)
       .init : 0xc076a000 - 0xc07a6380   ( 241 kB)
-      .data : 0xc07a8000 - 0xc07f64e0   ( 314 kB)
-       .bss : 0xc07f64ec - 0xc084c000   ( 343 kB)
+      .data : 0xc07a8000 - 0xc07f6520   ( 314 kB)
+       .bss : 0xc07f652c - 0xc084c440   ( 344 kB)
 Preemptible hierarchical RCU implementation.
 NR_IRQS:16 nr_irqs:16 16
 sched_clock: 32 bits at 1000kHz, resolution 1000ns, wraps every 2147483648000ns
@@ -111,7 +111,7 @@
 /cpus/cpu@2 missing clock-frequency property
 /cpus/cpu@3 missing clock-frequency property
 CPU0: thread -1, cpu 0, socket 0, mpidr 80000000
-Setting up static identity map for 0x80562408 - 0x805624a0
+Setting up static identity map for 0x80562300 - 0x80562398
 CPU1: Booted secondary processor
 CPU1: thread -1, cpu 1, socket 0, mpidr 80000001
 CPU2: Booted secondary processor
@@ -365,7 +365,7 @@
 platform sound.4: Driver tegra-snd-rt5640 requests probe deferral
 input: gpio-keys.2 as /devices/soc0/gpio-keys.2/input/input0
 tegra-snd-rt5640 sound.4: ASoC: CPU DAI (null) not registered
-palmas-rtc rtc.7: setting system clock to 2000-03-11 08:49:40 UTC (952764580)
+palmas-rtc rtc.7: setting system clock to 2000-03-12 09:19:46 UTC (952852786)
 tegra-snd-rt5640 sound.4: snd_soc_register_card failed (-517)
 platform sound.4: Driver tegra-snd-rt5640 requests probe deferral
 ALSA device list:
@@ -379,4 +379,4 @@
 Freeing unused kernel memory: 240K (c076a000 - c07a6000)
 bash: cannot set terminal process group (-1): Inappropriate ioctl for device
 bash: no job control in this shell
-I have no name!@(none):/# [    2.910904] usb 1-1: new high-speed USB device number 2 using tegra-ehci
+I have no name!@(none):/# [    2.911375] usb 1-1: new high-speed USB device number 2 using tegra-ehci
Diff for ./tegra114-dalmore-headless/tegra114-dalmore/tegra_defconfig_log.txt
--- /tmp/fooa	2013-12-16 23:08:32.449174125 -0800
+++ /tmp/foob	2013-12-16 23:08:32.453174128 -0800
@@ -30,13 +30,13 @@
 Load address: 0x81000000
 Loading: *#################################################  2.8 MiB/s
 done
-Bytes transferred = 4196648 (400928 hex)
+Bytes transferred = 4197344 (400be0 hex)
 Dalmore #tftpboot 0x82000000 tegra114-dalmore.dtb
 Using asx0 device
 TFTP from server 192.168.100.1; our IP address is 192.168.100.100
 Filename 'tegra114-dalmore.dtb'.
 Load address: 0x82000000
-Loading: *#################################################  2.7 MiB/s
+Loading: *#################################################  2.5 MiB/s
 done
 Bytes transferred = 31442 (7ad2 hex)
 Dalmore #bootz 0x81000000 - 0x82000000
@@ -49,16 +49,16 @@
 Timer summary in microseconds:
        Mark    Elapsed  Stage
           0          0  awake
-  2,947,798  2,947,798  usb_start
-  6,950,851  4,003,053  eth_start
-  6,950,848         -3  tftp start
- 10,873,046  3,922,198  tftp done
- 12,962,916  2,089,870  start_kernel
+  3,080,137  3,080,137  usb_start
+  7,083,190  4,003,053  eth_start
+  7,083,187         -3  tftp start
+ 10,955,135  3,871,948  tftp done
+ 13,095,271  2,140,136  start_kernel
 Uncompressing Linux... done, booting the kernel.
 Booting Linux on physical CPU 0x0
 Initializing cgroup subsys cpu
 Initializing cgroup subsys cpuacct
-Linux version 3.13.0-rc4-next-20131216-29859-g6a5bdec (pwalmsley@tamien) (gcc version 4.7.3 20130328 (prerelease) (crosstool-NG linaro-1.13.1-4.7-2013.04-20130415 - Linaro GCC 2013.04) ) #1 SMP PREEMPT Sun Dec 15 22:18:07 PST 2013
+Linux version 3.13.0-rc4-next-20131217-30091-g26b7da5 (pwalmsley@tamien) (gcc version 4.7.3 20130328 (prerelease) (crosstool-NG linaro-1.13.1-4.7-2013.04-20130415 - Linaro GCC 2013.04) ) #1 SMP PREEMPT Mon Dec 16 22:48:09 PST 2013
 CPU: ARMv7 Processor [412fc0f2] revision 2 (ARMv7), cr=10c5387d
 CPU: PIPT / VIPT nonaliasing data cache, PIPT instruction cache
 Machine model: NVIDIA Tegra114 Dalmore evaluation board
@@ -81,7 +81,7 @@
 PID hash table entries: 4096 (order: 2, 16384 bytes)
 Dentry cache hash table entries: 131072 (order: 7, 524288 bytes)
 Inode-cache hash table entries: 65536 (order: 6, 262144 bytes)
-Memory: 2053692K/2096128K available (5689K kernel code, 319K rwdata, 1920K rodata, 248K init, 342K bss, 42436K reserved, 1317888K highmem)
+Memory: 2053692K/2096128K available (5689K kernel code, 319K rwdata, 1920K rodata, 248K init, 343K bss, 42436K reserved, 1317888K highmem)
 Virtual kernel memory layout:
     vector  : 0xffff0000 - 0xffff1000   (   4 kB)
     fixmap  : 0xfff00000 - 0xfffe0000   ( 896 kB)
@@ -89,10 +89,10 @@
     lowmem  : 0xc0000000 - 0xef800000   ( 760 MB)
     pkmap   : 0xbfe00000 - 0xc0000000   (   2 MB)
     modules : 0xbf000000 - 0xbfe00000   (  14 MB)
-      .text : 0xc0008000 - 0xc0776aa0   (7611 kB)
+      .text : 0xc0008000 - 0xc0776ab4   (7611 kB)
       .init : 0xc0777000 - 0xc07b5380   ( 249 kB)
       .data : 0xc07b6000 - 0xc0805ee0   ( 320 kB)
-       .bss : 0xc0805eec - 0xc085ba40   ( 343 kB)
+       .bss : 0xc0805eec - 0xc085be40   ( 344 kB)
 Preemptible hierarchical RCU implementation.
 NR_IRQS:16 nr_irqs:16 16
 sched_clock: 32 bits at 1000kHz, resolution 1000ns, wraps every 2147483648000ns
@@ -111,7 +111,7 @@
 /cpus/cpu@2 missing clock-frequency property
 /cpus/cpu@3 missing clock-frequency property
 CPU0: thread -1, cpu 0, socket 0, mpidr 80000000
-Setting up static identity map for 0x80564f30 - 0x80564fc8
+Setting up static identity map for 0x80564e30 - 0x80564ec8
 CPU1: Booted secondary processor
 CPU1: thread -1, cpu 1, socket 0, mpidr 80000001
 CPU2: Booted secondary processor
@@ -358,7 +358,7 @@
 hub 1-0:1.0: USB hub found
 hub 1-0:1.0: 1 port detected
 input: gpio-keys.2 as /devices/soc0/gpio-keys.2/input/input1
-palmas-rtc rtc.7: setting system clock to 2000-03-11 08:44:29 UTC (952764269)
+palmas-rtc rtc.7: setting system clock to 2000-03-12 09:14:30 UTC (952852470)
 ALSA device list:
   #0: NVIDIA Tegra Dalmore
 kjournald starting.  Commit interval 5 seconds
@@ -370,4 +370,4 @@
 Freeing unused kernel memory: 248K (c0777000 - c07b5000)
 bash: cannot set terminal process group (-1): Inappropriate ioctl for device
 bash: no job control in this shell
-I have no name!@(none):/# [    2.930799] usb 1-1: new high-speed USB device number 2 using tegra-ehci
+I have no name!@(none):/# [    2.921387] usb 1-1: new high-speed USB device number 2 using tegra-ehci
Diff for ./tegra114-dalmore-headless/tegra114-dalmore/multi_v7_defconfig_log.txt
--- /tmp/fooa	2013-12-16 23:08:32.457174130 -0800
+++ /tmp/foob	2013-12-16 23:08:32.461174131 -0800
@@ -30,7 +30,7 @@
 Load address: 0x81000000
 Loading: *#################################################  2.8 MiB/s
 done
-Bytes transferred = 3672784 (380ad0 hex)
+Bytes transferred = 3672704 (380a80 hex)
 Dalmore #tftpboot 0x82000000 tegra114-dalmore.dtb
 Using asx0 device
 TFTP from server 192.168.100.1; our IP address is 192.168.100.100
@@ -49,13 +49,13 @@
 Timer summary in microseconds:
        Mark    Elapsed  Stage
           0          0  awake
-  3,096,405  3,096,405  usb_start
-  7,099,701  4,003,296  eth_start
-  7,099,698         -3  tftp start
- 10,854,142  3,754,444  tftp done
- 12,111,471  1,257,329  start_kernel
+  3,038,365  3,038,365  usb_start
+  7,041,678  4,003,313  eth_start
+  7,041,675         -3  tftp start
+ 10,784,230  3,742,555  tftp done
+ 12,053,430  1,269,200  start_kernel
 Booting Linux on physical CPU 0x0
-Linux version 3.13.0-rc4-next-20131216-29859-g6a5bdec (pwalmsley@kaivo) (gcc version 4.7.3 20130328 (prerelease) (crosstool-NG linaro-1.13.1-4.7-2013.04-20130415 - Linaro GCC 2013.04) ) #1 SMP Sun Dec 15 22:17:05 PST 2013
+Linux version 3.13.0-rc4-next-20131217-30091-g26b7da5 (pwalmsley@kaivo) (gcc version 4.7.3 20130328 (prerelease) (crosstool-NG linaro-1.13.1-4.7-2013.04-20130415 - Linaro GCC 2013.04) ) #1 SMP Mon Dec 16 22:47:07 PST 2013
 CPU: ARMv7 Processor [412fc0f2] revision 2 (ARMv7), cr=10c5387d
 CPU: PIPT / VIPT nonaliasing data cache, PIPT instruction cache
 Machine model: NVIDIA Tegra114 Dalmore evaluation board
@@ -77,17 +77,17 @@
 PID hash table entries: 4096 (order: 2, 16384 bytes)
 Dentry cache hash table entries: 131072 (order: 7, 524288 bytes)
 Inode-cache hash table entries: 65536 (order: 6, 262144 bytes)
-Memory: 2070928K/2096128K available (4986K kernel code, 587K rwdata, 1432K rodata, 462K init, 281K bss, 25200K reserved, 1317888K highmem)
+Memory: 2070928K/2096128K available (4986K kernel code, 587K rwdata, 1432K rodata, 462K init, 282K bss, 25200K reserved, 1317888K highmem)
 Virtual kernel memory layout:
     vector  : 0xffff0000 - 0xffff1000   (   4 kB)
     fixmap  : 0xfff00000 - 0xfffe0000   ( 896 kB)
     vmalloc : 0xf0000000 - 0xff000000   ( 240 MB)
     lowmem  : 0xc0000000 - 0xef800000   ( 760 MB)
     pkmap   : 0xbfe00000 - 0xc0000000   (   2 MB)
-      .text : 0xc0008000 - 0xc064cb4c   (6419 kB)
+      .text : 0xc0008000 - 0xc064cb98   (6419 kB)
       .init : 0xc064d000 - 0xc06c0b40   ( 463 kB)
       .data : 0xc06c2000 - 0xc0754ec0   ( 588 kB)
-       .bss : 0xc0754ec8 - 0xc079b494   ( 282 kB)
+       .bss : 0xc0754ec8 - 0xc079b894   ( 283 kB)
 SLUB: HWalign=64, Order=0-3, MinObjects=0, CPUs=4, Nodes=1
 Hierarchical RCU implementation.
 NR_IRQS:16 nr_irqs:16 16
@@ -105,7 +105,7 @@
 /cpus/cpu@2 missing clock-frequency property
 /cpus/cpu@3 missing clock-frequency property
 CPU0: thread -1, cpu 0, socket 0, mpidr 80000000
-Setting up static identity map for 0x804b77f8 - 0x804b7890
+Setting up static identity map for 0x804b7738 - 0x804b77d0
 unable to find compatible sirf rstc node in dtb
 CPU1: Booted secondary processor
 CPU1: thread -1, cpu 1, socket 0, mpidr 80000001
Diff for ./tegra114-dalmore-headless/tegra114-dalmore/tegra_defconfig%tegra114_mergeconfig_log.txt
--- /tmp/fooa	2013-12-16 23:08:32.465174133 -0800
+++ /tmp/foob	2013-12-16 23:08:32.469174136 -0800
@@ -30,7 +30,7 @@
 Load address: 0x81000000
 Loading: *#################################################  2.8 MiB/s
 done
-Bytes transferred = 4159320 (3f7758 hex)
+Bytes transferred = 4159256 (3f7718 hex)
 Dalmore #tftpboot 0x82000000 tegra114-dalmore.dtb
 Using asx0 device
 TFTP from server 192.168.100.1; our IP address is 192.168.100.100
@@ -49,16 +49,16 @@
 Timer summary in microseconds:
        Mark    Elapsed  Stage
           0          0  awake
-  3,060,525  3,060,525  usb_start
-  7,065,419  4,004,894  eth_start
-  7,065,417         -2  tftp start
- 10,925,397  3,859,980  tftp done
- 13,075,651  2,150,254  start_kernel
+  3,064,410  3,064,410  usb_start
+  7,069,287  4,004,877  eth_start
+  7,069,285         -2  tftp start
+ 10,971,158  3,901,873  tftp done
+ 13,079,528  2,108,370  start_kernel
 Uncompressing Linux... done, booting the kernel.
 Booting Linux on physical CPU 0x0
 Initializing cgroup subsys cpu
 Initializing cgroup subsys cpuacct
-Linux version 3.13.0-rc4-next-20131216-29859-g6a5bdec (pwalmsley@kaivo) (gcc version 4.7.3 20130328 (prerelease) (crosstool-NG linaro-1.13.1-4.7-2013.04-20130415 - Linaro GCC 2013.04) ) #1 SMP PREEMPT Sun Dec 15 22:21:16 PST 2013
+Linux version 3.13.0-rc4-next-20131217-30091-g26b7da5 (pwalmsley@kaivo) (gcc version 4.7.3 20130328 (prerelease) (crosstool-NG linaro-1.13.1-4.7-2013.04-20130415 - Linaro GCC 2013.04) ) #1 SMP PREEMPT Mon Dec 16 22:51:16 PST 2013
 CPU: ARMv7 Processor [412fc0f2] revision 2 (ARMv7), cr=10c5387d
 CPU: PIPT / VIPT nonaliasing data cache, PIPT instruction cache
 Machine model: NVIDIA Tegra114 Dalmore evaluation board
@@ -66,14 +66,14 @@
 cma: CMA: reserved 16 MiB at ae800000
 Memory policy: Data cache writealloc
 On node 0 totalpages: 524032
-free_area_init_node: node 0, pgdat c07e2d40, node_mem_map c083a000
+free_area_init_node: node 0, pgdat c07e2d80, node_mem_map c083b000
   Normal zone: 1520 pages used for memmap
   Normal zone: 0 pages reserved
   Normal zone: 194560 pages, LIFO batch:31
   HighMem zone: 2574 pages used for memmap
   HighMem zone: 329472 pages, LIFO batch:31
 Tegra Revision: A01 SKU: 0 CPU Process: 1 Core Process: 1
-PERCPU: Embedded 8 pages/cpu @c1853000 s9024 r8192 d15552 u32768
+PERCPU: Embedded 8 pages/cpu @c1854000 s9024 r8192 d15552 u32768
 pcpu-alloc: s9024 r8192 d15552 u32768 alloc=8*4096
 pcpu-alloc: [0] 0 [0] 1 [0] 2 [0] 3 
 Built 1 zonelists in Zone order, mobility grouping on.  Total pages: 522512
@@ -81,7 +81,7 @@
 PID hash table entries: 4096 (order: 2, 16384 bytes)
 Dentry cache hash table entries: 131072 (order: 7, 524288 bytes)
 Inode-cache hash table entries: 65536 (order: 6, 262144 bytes)
-Memory: 2053828K/2096128K available (5664K kernel code, 305K rwdata, 1840K rodata, 232K init, 342K bss, 42300K reserved, 1317888K highmem)
+Memory: 2053824K/2096128K available (5664K kernel code, 305K rwdata, 1840K rodata, 232K init, 343K bss, 42304K reserved, 1317888K highmem)
 Virtual kernel memory layout:
     vector  : 0xffff0000 - 0xffff1000   (   4 kB)
     fixmap  : 0xfff00000 - 0xfffe0000   ( 896 kB)
@@ -89,10 +89,10 @@
     lowmem  : 0xc0000000 - 0xef800000   ( 760 MB)
     pkmap   : 0xbfe00000 - 0xc0000000   (   2 MB)
     modules : 0xbf000000 - 0xbfe00000   (  14 MB)
-      .text : 0xc0008000 - 0xc075c710   (7506 kB)
+      .text : 0xc0008000 - 0xc075c724   (7506 kB)
       .init : 0xc075d000 - 0xc0797340   ( 233 kB)
-      .data : 0xc0798000 - 0xc07e44a0   ( 306 kB)
-       .bss : 0xc07e44ac - 0xc0839f40   ( 343 kB)
+      .data : 0xc0798000 - 0xc07e44e0   ( 306 kB)
+       .bss : 0xc07e44ec - 0xc083a380   ( 344 kB)
 Preemptible hierarchical RCU implementation.
 NR_IRQS:16 nr_irqs:16 16
 sched_clock: 32 bits at 1000kHz, resolution 1000ns, wraps every 2147483648000ns
@@ -111,7 +111,7 @@
 /cpus/cpu@2 missing clock-frequency property
 /cpus/cpu@3 missing clock-frequency property
 CPU0: thread -1, cpu 0, socket 0, mpidr 80000000
-Setting up static identity map for 0x8055f110 - 0x8055f1a8
+Setting up static identity map for 0x8055f008 - 0x8055f0a0
 CPU1: Booted secondary processor
 CPU1: thread -1, cpu 1, socket 0, mpidr 80000001
 CPU2: Booted secondary processor
@@ -365,7 +365,7 @@
 platform sound.4: Driver tegra-snd-rt5640 requests probe deferral
 input: gpio-keys.2 as /devices/soc0/gpio-keys.2/input/input0
 tegra-snd-rt5640 sound.4: ASoC: CPU DAI (null) not registered
-palmas-rtc rtc.7: setting system clock to 2000-03-11 08:48:20 UTC (952764500)
+palmas-rtc rtc.7: setting system clock to 2000-03-12 09:18:21 UTC (952852701)
 tegra-snd-rt5640 sound.4: snd_soc_register_card failed (-517)
 platform sound.4: Driver tegra-snd-rt5640 requests probe deferral
 ALSA device list:
@@ -379,4 +379,4 @@
 Freeing unused kernel memory: 232K (c075d000 - c0797000)
 bash: cannot set terminal process group (-1): Inappropriate ioctl for device
 bash: no job control in this shell
-I have no name!@(none):/# [    2.910303] usb 1-1: new high-speed USB device number 2 using tegra-ehci
+I have no name!@(none):/# [    2.909966] usb 1-1: new high-speed USB device number 2 using tegra-ehci
