
U-Boot SPL 2013.04-rc2-06423-gf2e8a87-dirty (May 15 2013 - 09:45:39)


U-Boot 2013.04-rc2-06423-gf2e8a87-dirty (May 15 2013 - 09:45:39)

TEGRA30
Board: NVIDIA Beaver
DRAM:  2 GiB
MMC:   Tegra SD/MMC: 0, Tegra SD/MMC: 1
*** Warning - bad CRC, using default environment

In:    serial
Out:   serial
Err:   serial
Hit any key to stop autoboot:  2  0 
Tegra30 (Beaver) # 
Tegra30 (Beaver) # setenv bootargs 'console=ttyS0,230400n8 noinitrd root=/dev/mmcblk0p1 rw rootwait gpt ignore_loglevel debug'
Tegra30 (Beaver) # loady 0x81000000
## Ready for binary (ymodem) download to 0x81000000 at 230400 bps...
CSending: zImage
Sending: 

Transfer complete
yzModem - CRC mode, 7(SOH)/3569(STX)/0(CAN) packets, 3 retries
## Total Size      = 0x0037c638 = 3655224 Bytes
Tegra30 (Beaver) # loady 0x82000000
## Ready for binary (ymodem) download to 0x82000000 at 230400 bps...
CSending: tegra30-beaver.dtb
Sending: 

Transfer complete
yzModem - CRC mode, 6(SOH)/20(STX)/0(CAN) packets, 3 retries
## Total Size      = 0x000051b8 = 20920 Bytes
Tegra30 (Beaver) # bootz 0x81000000 - 0x82000000
## Flattened Device Tree blob at 82000000
   Booting using the fdt blob at 0x82000000
   Loading Device Tree to 8fff7000, end 8ffff1b7 ... OK

Starting kernel ...

[    0.000000] Booting Linux on physical CPU 0x0
[    0.000000] Linux version 3.13.0-rc2-next-20131202-26873-g4740c30 (pwalmsley@kaivo) (gcc version 4.7.3 20130328 (prerelease) (crosstool-NG linaro-1.13.1-4.7-2013.04-20130415 - Linaro GCC 2013.04) ) #1 SMP Sun Dec 1 21:47:08 PST 2013
[    0.000000] CPU: ARMv7 Processor [412fc099] revision 9 (ARMv7), cr=10c5387d
[    0.000000] CPU: PIPT / VIPT nonaliasing data cache, VIPT aliasing instruction cache
[    0.000000] Machine model: NVIDIA Tegra30 Beaver evaluation board
[    0.000000] debug: ignoring loglevel setting.
[    0.000000] Memory policy: Data cache writealloc
[    0.000000] On node 0 totalpages: 524032
[    0.000000] free_area_init_node: node 0, pgdat c0749dc0, node_mem_map c0792000
[    0.000000]   DMA zone: 1520 pages used for memmap
[    0.000000]   DMA zone: 0 pages reserved
[    0.000000]   DMA zone: 194560 pages, LIFO batch:31
[    0.000000]   HighMem zone: 2574 pages used for memmap
[    0.000000]   HighMem zone: 329472 pages, LIFO batch:31
[    0.000000] fuse_speedo_calib: ATE prog ver 3.3
[    0.000000] Tegra30: CPU Speedo ID 5, Soc Speedo ID 2
[    0.000000] Tegra Revision: A03 SKU: 128 CPU Process: 4 Core Process: 0
[    0.000000] L310 cache controller enabled
[    0.000000] l2x0: 8 ways, CACHE_ID 0x410000c7, AUX_CTRL 0x7e480001, Cache size: 1024 kB
[    0.000000] PERCPU: Embedded 5 pages/cpu @c17a5000 s6912 r0 d13568 u32768
[    0.000000] pcpu-alloc: s6912 r0 d13568 u32768 alloc=8*4096
[    0.000000] pcpu-alloc: [0] 0 [0] 1 [0] 2 [0] 3 
[    0.000000] Built 1 zonelists in Zone order, mobility grouping on.  Total pages: 522512
[    0.000000] Kernel command line: console=ttyS0,230400n8 noinitrd root=/dev/mmcblk0p1 rw rootwait gpt ignore_loglevel debug
[    0.000000] PID hash table entries: 4096 (order: 2, 16384 bytes)
[    0.000000] Dentry cache hash table entries: 131072 (order: 7, 524288 bytes)
[    0.000000] Inode-cache hash table entries: 65536 (order: 6, 262144 bytes)
[    0.000000] Memory: 2070996K/2096128K available (4949K kernel code, 586K rwdata, 1420K rodata, 474K init, 284K bss, 25132K reserved, 1317888K highmem)
[    0.000000] Virtual kernel memory layout:
[    0.000000]     vector  : 0xffff0000 - 0xffff1000   (   4 kB)
[    0.000000]     fixmap  : 0xfff00000 - 0xfffe0000   ( 896 kB)
[    0.000000]     vmalloc : 0xf0000000 - 0xff000000   ( 240 MB)
[    0.000000]     lowmem  : 0xc0000000 - 0xef800000   ( 760 MB)
[    0.000000]     pkmap   : 0xbfe00000 - 0xc0000000   (   2 MB)
[    0.000000]       .text : 0xc0008000 - 0xc0640688   (6370 kB)
[    0.000000]       .init : 0xc0641000 - 0xc06b7b00   ( 475 kB)
[    0.000000]       .data : 0xc06b8000 - 0xc074abc0   ( 587 kB)
[    0.000000]        .bss : 0xc074abc8 - 0xc0791ed4   ( 285 kB)
[    0.000000] SLUB: HWalign=64, Order=0-3, MinObjects=0, CPUs=4, Nodes=1
[    0.000000] Hierarchical RCU implementation.
[    0.000000] NR_IRQS:16 nr_irqs:16 16
[    0.000000] sched_clock: 32 bits at 1000kHz, resolution 1000ns, wraps every 2147483648000ns
[    0.000000] Console: colour dummy device 80x30
[    0.000609] Calibrating delay loop... 2793.47 BogoMIPS (lpj=13967360)
[    0.059932] pid_max: default: 32768 minimum: 301
[    0.060044] Mount-cache hash table entries: 512
[    0.062358] CPU: Testing write buffer coherency: ok
[    0.062654] CPU0: thread -1, cpu 0, socket 0, mpidr 80000000
[    0.062699] Setting up static identity map for 0x804af0f0 - 0x804af188
[    0.062826] unable to find compatible sirf rstc node in dtb
[    0.064242] CPU1: Booted secondary processor
[    0.119973] CPU1: thread -1, cpu 1, socket 0, mpidr 80000001
[    0.120842] CPU2: Booted secondary processor
[    0.179973] CPU2: thread -1, cpu 2, socket 0, mpidr 80000002
[    0.180820] CPU3: Booted secondary processor
[    0.239973] CPU3: thread -1, cpu 3, socket 0, mpidr 80000003
[    0.240033] Brought up 4 CPUs
[    0.240050] SMP: Total of 4 processors activated.
[    0.240056] CPU: All CPU(s) started in SVC mode.
[    0.240630] devtmpfs: initialized
[    0.243039] VFP support v0.3: implementor 41 architecture 3 part 30 variant 9 rev 4
[    0.243220] pinctrl core: initialized pinctrl subsystem
[    0.243466] regulator-dummy: no parameters
[    0.243738] NET: Registered protocol family 16
[    0.245202] DMA: preallocated 256 KiB pool for atomic coherent allocations
[    0.253300] Serial: AMBA PL011 UART driver
[    0.256739] bio: create slab <bio-0> at 0
[    0.257676] edma-dma-engine edma-dma-engine.0: Can't allocate PaRAM dummy slot
[    0.257693] edma-dma-engine: probe of edma-dma-engine.0 failed with error -5
[    0.257959] vdd_5v_in: 5000 mV 
[    0.258025] platform 1.regulator: Driver reg-fixed-voltage requests probe deferral
[    0.258056] platform 2.regulator: Driver reg-fixed-voltage requests probe deferral
[    0.258144] vdd_5v_sata: 5000 mV 
[    0.258178] vdd_5v_sata: supplied by vdd_5v_in
[    0.258306] usb1_vbus: 5000 mV 
[    0.258326] usb1_vbus: supplied by vdd_5v_in
[    0.258455] usb3_vbus: 5000 mV 
[    0.258475] usb3_vbus: supplied by vdd_5v_in
[    0.258544] platform 6.regulator: Driver reg-fixed-voltage requests probe deferral
[    0.258636] sys_3v3_pexs: 3300 mV 
[    0.258660] reg-fixed-voltage 7.regulator: Failed to find supply vin
[    0.258714] reg-fixed-voltage 7.regulator: Failed to register regulator: -517
[    0.258725] platform 7.regulator: Driver reg-fixed-voltage requests probe deferral
[    0.259690] SCSI subsystem initialized
[    0.259819] libata version 3.00 loaded.
[    0.259972] usbcore: registered new interface driver usbfs
[    0.260001] usbcore: registered new interface driver hub
[    0.260061] usbcore: registered new device driver usb
[    0.262634] tps62361-vout: 500 <--> 1500 mV at 1160 mV 
[    0.262830] pps_core: LinuxPPS API ver. 1 registered
[    0.262835] pps_core: Software ver. 5.3.6 - Copyright 2005-2007 Rodolfo Giometti <giometti@linux.it>
[    0.262848] PTP clock support registered
[    0.262867] EDAC MC: Ver: 3.0.0
[    0.263580] Switched to clocksource timer_us
[    0.269067] NET: Registered protocol family 2
[    0.269437] TCP established hash table entries: 8192 (order: 3, 32768 bytes)
[    0.269485] TCP bind hash table entries: 8192 (order: 4, 65536 bytes)
[    0.269567] TCP: Hash tables configured (established 8192 bind 8192)
[    0.269652] TCP: reno registered
[    0.269664] UDP hash table entries: 512 (order: 2, 16384 bytes)
[    0.269725] UDP-Lite hash table entries: 512 (order: 2, 16384 bytes)
[    0.269986] NET: Registered protocol family 1
[    0.270209] RPC: Registered named UNIX socket transport module.
[    0.270214] RPC: Registered udp transport module.
[    0.270218] RPC: Registered tcp transport module.
[    0.270222] RPC: Registered tcp NFSv4.1 backchannel transport module.
[    0.272056] bounce pool size: 64 pages
[    0.277391] NFS: Registering the id_resolver key type
[    0.277431] Key type id_resolver registered
[    0.277436] Key type id_legacy registered
[    0.277600] Block layer SCSI generic (bsg) driver version 0.4 loaded (major 251)
[    0.277608] io scheduler noop registered
[    0.277613] io scheduler deadline registered
[    0.277699] io scheduler cfq registered (default)
[    0.280610] tegra-apbdma 6000a000.dma: Tegra20 APB DMA driver register 32 channels
[    0.314002] Serial: 8250/16550 driver, 4 ports, IRQ sharing disabled
[    0.314870] Serial: IMX driver
[    0.315435] 70006000.serial: ttyS0 at MMIO 0x70006000 (irq = 68, base_baud = 25500000) is a Tegra
[    0.646432] console [ttyS0] enabled
[    0.648861] serial: Freescale lpuart driver
[    0.651154] [drm] Initialized drm 1.1.0 20060810
[    0.654021] tegra-hdmi 54280000.hdmi: failed to get VDD regulator
[    0.657086] platform 54280000.hdmi: Driver tegra-hdmi requests probe deferral
[    0.663264] ehci_hcd: USB 2.0 'Enhanced' Host Controller (EHCI) Driver
[    0.666552] ehci-platform: EHCI generic platform driver
[    0.669239] ehci-omap: OMAP-EHCI Host Controller driver
[    0.671908] ehci-orion: EHCI orion driver
[    0.673980] SPEAr-ehci: EHCI SPEAr driver
[    0.676038] tegra-ehci: Tegra EHCI driver
[    0.678159] platform 7d008000.usb: Driver tegra-ehci requests probe deferral
[    0.681855] usbcore: registered new interface driver usb-storage
[    0.686734] mousedev: PS/2 mouse device common for all mice
[    0.689990] tegra_rtc 7000e000.rtc: rtc core: registered 7000e000.rtc as rtc0
[    0.693600] tegra_rtc 7000e000.rtc: Tegra internal Real Time Clock
[    0.697157] sdhci: Secure Digital Host Controller Interface driver
[    0.700256] sdhci: Copyright(c) Pierre Ossman
[    0.702666] sdhci-pltfm: SDHCI platform and OF driver helper
[    0.705893] sdhci-tegra 78000000.sdhci: Got CD GPIO #69.
[    0.708568] sdhci-tegra 78000000.sdhci: Got WP GPIO #155.
[    0.712308] sdhci-tegra 78000000.sdhci: dummy supplies not allowed
[    0.715417] mmc0: no vqmmc regulator found
[    0.717476] sdhci-tegra 78000000.sdhci: dummy supplies not allowed
[    0.720574] mmc0: no vmmc regulator found
[    0.722584] mmc0: Invalid maximum block size, assuming 512 bytes
[    0.763588] mmc0: SDHCI controller on 78000000.sdhci [78000000.sdhci] using ADMA
[    0.768370] sdhci-tegra 78000600.sdhci: dummy supplies not allowed
[    0.771470] mmc1: no vqmmc regulator found
[    0.773527] sdhci-tegra 78000600.sdhci: dummy supplies not allowed
[    0.776636] mmc1: no vmmc regulator found
[    0.778646] mmc1: Invalid maximum block size, assuming 512 bytes
[    0.823583] mmc1: SDHCI controller on 78000600.sdhci [78000600.sdhci] using ADMA
[    0.827570] usbcore: registered new interface driver usbhid
[    0.830364] usbhid: USB HID core driver
[    0.832481] TCP: cubic registered
[    0.834548] NET: Registered protocol family 10
[    0.837247] sit: IPv6 over IPv4 tunneling driver
[    0.840028] Key type dns_resolver registered
[    0.842288] Registering SWP/SWPB emulation handler
[    0.846463] platform 1.regulator: Driver reg-fixed-voltage requests probe deferral
[    0.850535] platform 2.regulator: Driver reg-fixed-voltage requests probe deferral
[    0.854511] platform 6.regulator: Driver reg-fixed-voltage requests probe deferral
[    0.858534] sys_3v3_pexs: 3300 mV 
[    0.860273] reg-fixed-voltage 7.regulator: Failed to find supply vin
[    0.863507] reg-fixed-voltage 7.regulator: Failed to register regulator: -517
[    0.867102] platform 7.regulator: Driver reg-fixed-voltage requests probe deferral
[    0.871115] tegra-hdmi 54280000.hdmi: failed to get VDD regulator
[    0.874186] platform 54280000.hdmi: Driver tegra-hdmi requests probe deferral
[    0.880863] utmi_phy_clk_enable: timeout waiting for phy to stabilize
[    0.884107] tegra-ehci 7d008000.usb: EHCI Host Controller
[    0.886831] tegra-ehci 7d008000.usb: new USB bus registered, assigned bus number 1
[    0.890752] tegra-ehci 7d008000.usb: irq 129, io mem 0x7d008000
[    0.913590] tegra-ehci 7d008000.usb: USB 2.0 started, EHCI 1.00
[    0.917020] hub 1-0:1.0: USB hub found
[    0.918924] hub 1-0:1.0: 1 port detected
[    0.921242] platform 1.regulator: Driver reg-fixed-voltage requests probe deferral
[    0.925235] platform 2.regulator: Driver reg-fixed-voltage requests probe deferral
[    0.929176] platform 6.regulator: Driver reg-fixed-voltage requests probe deferral
[    0.933171] sys_3v3_pexs: 3300 mV 
[    0.934916] reg-fixed-voltage 7.regulator: Failed to find supply vin
[    0.938146] reg-fixed-voltage 7.regulator: Failed to register regulator: -517
[    0.941729] platform 7.regulator: Driver reg-fixed-voltage requests probe deferral
[    0.945741] tegra-hdmi 54280000.hdmi: failed to get VDD regulator
[    0.948802] platform 54280000.hdmi: Driver tegra-hdmi requests probe deferral
[    0.952468] tegra_rtc 7000e000.rtc: setting system clock to 1970-01-01 00:03:10 UTC (190)
[    0.957131] Waiting for root device /dev/mmcblk0p1...
[    0.961935] mmc1: new high speed MMC card at address 0001
[    0.964908] isa bounce pool size: 16 pages
[    0.967037] mmcblk0: mmc1:0001 SEM16G 14.8 GiB 
[    0.969428] mmcblk0boot0: mmc1:0001 SEM16G partition 1 1.00 MiB
[    0.972523] mmcblk0boot1: mmc1:0001 SEM16G partition 2 1.00 MiB
[    0.975622] mmcblk0rpmb: mmc1:0001 SEM16G partition 3 128 KiB
[    0.982419] Primary GPT is invalid, using alternate GPT.
[    0.985112]  mmcblk0: p1 p2 p3 p4 p5
[    0.990588]  mmcblk0boot1: unknown partition table
[    0.995809]  mmcblk0boot0: unknown partition table
[    0.998473] platform 1.regulator: Driver reg-fixed-voltage requests probe deferral
[    1.002509] platform 2.regulator: Driver reg-fixed-voltage requests probe deferral
[    1.006479] platform 6.regulator: Driver reg-fixed-voltage requests probe deferral
[    1.010481] sys_3v3_pexs: 3300 mV 
[    1.012218] reg-fixed-voltage 7.regulator: Failed to find supply vin
[    1.015469] reg-fixed-voltage 7.regulator: Failed to register regulator: -517
[    1.019052] platform 7.regulator: Driver reg-fixed-voltage requests probe deferral
[    1.023063] tegra-hdmi 54280000.hdmi: failed to get VDD regulator
[    1.026135] platform 54280000.hdmi: Driver tegra-hdmi requests probe deferral
[    1.065445] EXT4-fs (mmcblk0p1): mounting ext3 file system using the ext4 subsystem
[    1.239587] EXT4-fs (mmcblk0p1): recovery complete
[    1.243534] EXT4-fs (mmcblk0p1): mounted filesystem with ordered data mode. Opts: (null)
[    1.247657] VFS: Mounted root (ext3 filesystem) on device 179:1.
[    1.255568] devtmpfs: mounted
[    1.257376] Freeing unused kernel memory: 472K (c0641000 - c06b7000)
 
INIT: version 2.88 booting
[info] Using makefile-style concurrent boot in runlevel S.
[....] Starting the hotplug events dispatcher: udevd[    2.147657] udevd[158]: starting version 175
[ ok .
[....] Synthesizing the initial hotplug events...[ ok done.
[....] Waiting for /dev to be fully populated...[ ok done.
[....] Activating swap...[ ok done.
[    3.180060] EXT4-fs (mmcblk0p1): re-mounted. Opts: (null)
[....] Cleaning up temporary files... /tmp[ ok .
[....] Activating lvm and md swap...[ ok done.
[....] Checking file systems...fsck from util-linux 2.20.1
[ ok done.
[....] Mounting local filesystems...[ ok done.
[....] Activating swapfile swap...[ ok done.
[....] Cleaning up temporary files...[ ok .
[....] Setting kernel variables ...[ ok done.
[    4.806457] random: dd urandom read with 126 bits of entropy available
[....] Configuring network interfaces...[    4.885309] random: nonblocking pool is initialized
[ ok done.
[....] Starting rpcbind daemon...[ ok .
[....] Starting NFS common utilities: statd idmapd[ ok .
[....] Cleaning up temporary files...[ ok .
[....] Starting network benchmark server[ ok .
INIT: Entering runlevel: 2
[info] Using makefile-style concurrent boot in runlevel 2.
[....] Starting network benchmark server[FAIL failed!
[....] Starting rpcbind daemon...[....] Already running.[ ok .
[....] Starting NFS common utilities: statd idmapd[ ok .
[....] Starting system message bus: dbus[ ok .

Debian GNU/Linux wheezy/sid armel ttyS0

armel login: 