
U-Boot SPL 2013.04-rc2-06423-gf2e8a87-dirty (May 15 2013 - 09:45:39)


U-Boot 2013.04-rc2-06423-gf2e8a87-dirty (May 15 2013 - 09:45:39)

TEGRA30
Board: NVIDIA Beaver
DRAM:  2 GiB
MMC:   Tegra SD/MMC: 0, Tegra SD/MMC: 1
*** Warning - bad CRC, using default environment

In:    serial
Out:   serial
Err:   serial
Hit any key to stop autoboot:  2  0 
Tegra30 (Beaver) # 
Tegra30 (Beaver) # setenv bootargs 'console=ttyS0,230400n8 noinitrd root=/dev/mmcblk0p1 rw rootwait gpt ignore_loglevel debug'
Tegra30 (Beaver) # loady 0x81000000
## Ready for binary (ymodem) download to 0x81000000 at 230400 bps...
CSending: zImage
Sending: 

Transfer complete
yzModem - CRC mode, 5(SOH)/4026(STX)/0(CAN) packets, 3 retries
## Total Size      = 0x003ee908 = 4122888 Bytes
Tegra30 (Beaver) # loady 0x82000000
## Ready for binary (ymodem) download to 0x82000000 at 230400 bps...
CSending: tegra30-beaver.dtb
Sending: 

Transfer complete
yzModem - CRC mode, 6(SOH)/20(STX)/0(CAN) packets, 3 retries
## Total Size      = 0x000051b8 = 20920 Bytes
Tegra30 (Beaver) # bootz 0x81000000 - 0x82000000
## Flattened Device Tree blob at 82000000
   Booting using the fdt blob at 0x82000000
   Loading Device Tree to 8fff7000, end 8ffff1b7 ... OK

Starting kernel .ø†ø†æ€˜€æ€˜€fæžÎžæžøÎxÎøÎžøž~8˜†žøžf†ø†ø†8xþžøžf†8àÎžþž`Îžøž~8~€žf8æÎxžfžø†æ€˜€[    0.000000] Booting Linux on physical CPU 0x0
[    0.000000] Initializing cgroup subsys cpu
[    0.000000] Initializing cgroup subsys cpuacct
[    0.000000] Linux version 3.13.0-rc2-next-20131202-26873-g4740c30 (pwalmsley@tamien) (gcc version 4.7.3 20130328 (prerelease) (crosstool-NG linaro-1.13.1-4.7-2013.04-20130415 - Linaro GCC 2013.04) ) #1 SMP PREEMPT Sun Dec 1 21:52:00 PST 2013
[    0.000000] CPU: ARMv7 Processor [412fc099] revision 9 (ARMv7), cr=10c5387d
[    0.000000] CPU: PIPT / VIPT nonaliasing data cache, VIPT aliasing instruction cache
[    0.000000] Machine model: NVIDIA Tegra30 Beaver evaluation board
[    0.000000] debug: ignoring loglevel setting.
[    0.000000] cma: CMA: reserved 16 MiB at ae800000
[    0.000000] Memory policy: Data cache writealloc
[    0.000000] On node 0 totalpages: 524032
[    0.000000] free_area_init_node: node 0, pgdat c07c93c0, node_mem_map c0821000
[    0.000000]   Normal zone: 1520 pages used for memmap
[    0.000000]   Normal zone: 0 pages reserved
[    0.000000]   Normal zone: 194560 pages, LIFO batch:31
[    0.000000]   HighMem zone: 2574 pages used for memmap
[    0.000000]   HighMem zone: 329472 pages, LIFO batch:31
[    0.000000] fuse_speedo_calib: ATE prog ver 3.3
[    0.000000] Tegra30: CPU Speedo ID 5, Soc Speedo ID 2
[    0.000000] Tegra Revision: A03 SKU: 128 CPU Process: 4 Core Process: 0
[    0.000000] L310 cache controller enabled
[    0.000000] l2x0: 8 ways, CACHE_ID 0x410000c7, AUX_CTRL 0x7e480001, Cache size: 1024 kB
[    0.000000] PERCPU: Embedded 8 pages/cpu @c1834000 s9024 r8192 d15552 u32768
[    0.000000] pcpu-alloc: s9024 r8192 d15552 u32768 alloc=8*4096
[    0.000000] pcpu-alloc: [0] 0 [0] 1 [0] 2 [0] 3 
[    0.000000] Built 1 zonelists in Zone order, mobility grouping on.  Total pages: 522512
[    0.000000] Kernel command line: console=ttyS0,230400n8 noinitrd root=/dev/mmcblk0p1 rw rootwait gpt ignore_loglevel debug
[    0.000000] PID hash table entries: 4096 (order: 2, 16384 bytes)
[    0.000000] Dentry cache hash table entries: 131072 (order: 7, 524288 bytes)
[    0.000000] Inode-cache hash table entries: 65536 (order: 6, 262144 bytes)
[    0.000000] Memory: 2053960K/2096128K available (5627K kernel code, 282K rwdata, 1800K rodata, 228K init, 344K bss, 42168K reserved, 1317888K highmem)
[    0.000000] Virtual kernel memory layout:
[    0.000000]     vector  : 0xffff0000 - 0xffff1000   (   4 kB)
[    0.000000]     fixmap  : 0xfff00000 - 0xfffe0000   ( 896 kB)
[    0.000000]     vmalloc : 0xf0000000 - 0xff000000   ( 240 MB)
[    0.000000]     lowmem  : 0xc0000000 - 0xef800000   ( 760 MB)
[    0.000000]     pkmap   : 0xbfe00000 - 0xc0000000   (   2 MB)
[    0.000000]     modules : 0xbf000000 - 0xbfe00000   (  14 MB)
[    0.000000]       .text : 0xc0008000 - 0xc07490a0   (7429 kB)
[    0.000000]       .init : 0xc074a000 - 0xc0783340   ( 229 kB)
[    0.000000]       .data : 0xc0784000 - 0xc07cab20   ( 283 kB)
[    0.000000]        .bss : 0xc07cab2c - 0xc0820cb0   ( 345 kB)
[    0.000000] Preemptible hierarchical RCU implementation.
[    0.000000] NR_IRQS:16 nr_irqs:16 16
[    0.000000] sched_clock: 32 bits at 1000kHz, resolution 1000ns, wraps every 2147483648000ns
[    0.000000] Console: colour dummy device 80x30
[    0.000566] Calibrating delay loop... 2786.91 BogoMIPS (lpj=13934592)
[    0.059915] pid_max: default: 32768 minimum: 301
[    0.060234] Mount-cache hash table entries: 512
[    0.069476] Initializing cgroup subsys debug
[    0.069493] Initializing cgroup subsys freezer
[    0.069548] CPU: Testing write buffer coherency: ok
[    0.069933] CPU0: thread -1, cpu 0, socket 0, mpidr 80000000
[    0.070011] Setting up static identity map for 0x80555c48 - 0x80555ce0
[    0.131251] CPU1: Booted secondary processor
[    0.189980] CPU1: thread -1, cpu 1, socket 0, mpidr 80000001
[    0.211215] CPU2: Booted secondary processor
[    0.269979] CPU2: thread -1, cpu 2, socket 0, mpidr 80000002
[    0.291197] CPU3: Booted secondary processor
[    0.349979] CPU3: thread -1, cpu 3, socket 0, mpidr 80000003
[    0.350051] Brought up 4 CPUs
[    0.350067] SMP: Total of 4 processors activated.
[    0.350073] CPU: All CPU(s) started in SVC mode.
[    0.350907] devtmpfs: initialized
[    0.360789] VFP support v0.3: implementor 41 architecture 3 part 30 variant 9 rev 4
[    0.361308] pinctrl core: initialized pinctrl subsystem
[    0.361877] regulator-dummy: no parameters
[    0.363083] NET: Registered protocol family 16
[    0.365569] DMA: preallocated 256 KiB pool for atomic coherent allocations
[    0.366467] cpuidle: using governor ladder
[    0.366474] cpuidle: using governor menu
[    0.378254] No ATAGs?
[    0.378276] hw-breakpoint: found 5 (+1 reserved) breakpoint and 1 watchpoint registers.
[    0.378282] hw-breakpoint: maximum watchpoint size is 4 bytes.
[    0.392278] bio: create slab <bio-0> at 0
[    0.393566] vdd_5v_in: 5000 mV 
[    0.393709] platform 1.regulator: Driver reg-fixed-voltage requests probe deferral
[    0.393763] platform 2.regulator: Driver reg-fixed-voltage requests probe deferral
[    0.394041] vdd_5v_sata: 5000 mV 
[    0.394102] vdd_5v_sata: supplied by vdd_5v_in
[    0.394433] usb1_vbus: 5000 mV 
[    0.394488] usb1_vbus: supplied by vdd_5v_in
[    0.394817] usb3_vbus: 5000 mV 
[    0.394872] usb3_vbus: supplied by vdd_5v_in
[    0.395001] platform 6.regulator: Driver reg-fixed-voltage requests probe deferral
[    0.395248] sys_3v3_pexs: 3300 mV 
[    0.395323] reg-fixed-voltage 7.regulator: Failed to find supply vin
[    0.395418] reg-fixed-voltage 7.regulator: Failed to register regulator: -517
[    0.395430] platform 7.regulator: Driver reg-fixed-voltage requests probe deferral
[    0.396509] vgaarb: loaded
[    0.397503] SCSI subsystem initialized
[    0.397977] usbcore: registered new interface driver usbfs
[    0.398094] usbcore: registered new interface driver hub
[    0.398249] usbcore: registered new device driver usb
[    0.402548] tps62361-vout: 500 <--> 1500 mV at 1160 mV 
[    0.408637] vdd_1v8_gen: 1800 mV 
[    0.408734] vdd_1v8_gen: supplied by vdd_5v_in
[    0.411980] vddio_ddr_1v2: 1200 mV 
[    0.412522] vddio_ddr_1v2: supplied by vdd_5v_in
[    0.415985] vdd_1v5_gen: 1500 mV 
[    0.416069] vdd_1v5_gen: supplied by vdd_5v_in
[    0.419530] vdd_cpu,vdd_sys: 1000 mV 
[    0.422113] vdd_pexa,vdd_pexb: 1050 mV 
[    0.422197] vdd_pexa,vdd_pexb: supplied by vdd_1v5_gen
[    0.425083] vdd_sata,avdd_plle: 1050 mV 
[    0.425186] vdd_sata,avdd_plle: supplied by vdd_1v5_gen
[    0.427736] vdd_rtc: 1200 mV 
[    0.427822] vdd_rtc: supplied by vdd_5v_in
[    0.430380] vddio_sdmmc,avdd_vdac: 3300 mV 
[    0.430466] vddio_sdmmc,avdd_vdac: supplied by vdd_5v_in
[    0.433332] avdd_dsi_csi,pwrdet_mipi: 1200 mV 
[    0.433417] avdd_dsi_csi,pwrdet_mipi: supplied by vdd_1v8_gen
[    0.435983] vdd_pllm,x,u,a_p_c_s: 1200 mV 
[    0.436066] vdd_pllm,x,u,a_p_c_s: supplied by vdd_1v8_gen
[    0.438945] vdd_ddr_hs: 1000 mV 
[    0.439029] vdd_ddr_hs: supplied by vdd_1v8_gen
[    0.439556] Linux video capture interface: v2.00
[    0.440177] platform 7000f010.iommu: Driver tegra-smmu requests probe deferral
[    0.440467] Advanced Linux Sound Architecture Driver Initialized.
[    0.441483] Bluetooth: Core ver 2.17
[    0.441549] NET: Registered protocol family 31
[    0.441554] Bluetooth: HCI device and connection manager initialized
[    0.441571] Bluetooth: HCI socket layer initialized
[    0.441593] Bluetooth: L2CAP socket layer initialized
[    0.441615] Bluetooth: SCO socket layer initialized
[    0.442153] cfg80211: Calling CRDA to update world regulatory domain
[    0.442923] Switched to clocksource timer_us
[    0.458485] NET: Registered protocol family 2
[    0.459172] TCP established hash table entries: 8192 (order: 3, 32768 bytes)
[    0.459232] TCP bind hash table entries: 8192 (order: 4, 65536 bytes)
[    0.459309] TCP: Hash tables configured (established 8192 bind 8192)
[    0.459761] TCP: reno registered
[    0.459774] UDP hash table entries: 512 (order: 2, 16384 bytes)
[    0.459837] UDP-Lite hash table entries: 512 (order: 2, 16384 bytes)
[    0.460225] NET: Registered protocol family 1
[    0.460831] RPC: Registered named UNIX socket transport module.
[    0.460837] RPC: Registered udp transport module.
[    0.460841] RPC: Registered tcp transport module.
[    0.460845] RPC: Registered tcp NFSv4.1 backchannel transport module.
[    0.460855] PCI: CLS 0 bytes, default 64
[    0.462464] hw perfevents: enabled with ARMv7 Cortex-A9 PMU driver, 7 counters available
[    0.465700] bounce pool size: 64 pages
[    0.466913] squashfs: version 4.0 (2009/01/31) Phillip Lougher
[    0.467568] msgmni has been set to 1469
[    0.468670] io scheduler noop registered (default)
[    0.469614] platform 3000.pcie-controller: Driver tegra-pcie requests probe deferral
[    0.476502] tegra-apbdma 6000a000.dma: Tegra20 APB DMA driver register 32 channels
[    0.477037] Serial: 8250/16550 driver, 4 ports, IRQ sharing disabled
[    0.479450] 70006000.serial: ttyS0 at MMIO 0x70006000 (irq = 68, base_baud = 25500000) is a Tegra
[    0.882001] console [ttyS0] enabled
[    0.884657] [drm] Initialized drm 1.1.0 20060810
[    0.887609] tegra-hdmi 54280000.hdmi: failed to get VDD regulator
[    0.890676] platform 54280000.hdmi: Driver tegra-hdmi requests probe deferral
[    0.902819] loop: module loaded
[    0.907846] m25p80 spi32766.1: w25q32 (4096 Kbytes)
[    0.912189] pegasus: v0.9.3 (2013/04/25), Pegasus/Pegasus II USB Ethernet driver
[    0.916033] usbcore: registered new interface driver pegasus
[    0.918989] usbcore: registered new interface driver asix
[    0.921789] usbcore: registered new interface driver ax88179_178a
[    0.924949] usbcore: registered new interface driver cdc_ether
[    0.927978] usbcore: registered new interface driver r815x
[    0.930847] usbcore: registered new interface driver smsc75xx
[    0.933860] usbcore: registered new interface driver smsc95xx
[    0.936827] usbcore: registered new interface driver net1080
[    0.939750] usbcore: registered new interface driver cdc_subset
[    0.942817] usbcore: registered new interface driver zaurus
[    0.945753] usbcore: registered new interface driver cdc_ncm
[    0.948627] ehci_hcd: USB 2.0 'Enhanced' Host Controller (EHCI) Driver
[    0.951900] ehci-pci: EHCI PCI platform driver
[    0.954234] tegra-ehci: Tegra EHCI driver
[    0.956431] platform 7d008000.usb: Driver tegra-ehci requests probe deferral
[    0.960277] usbcore: registered new interface driver cdc_acm
[    0.963127] cdc_acm: USB Abstract Control Model driver for USB modems and ISDN adapters
[    0.967247] usbcore: registered new interface driver cdc_wdm
[    0.970205] usbcore: registered new interface driver usb-storage
[    0.975046] mousedev: PS/2 mouse device common for all mice
[    0.979284] tegra_rtc 7000e000.rtc: rtc core: registered 7000e000.rtc as rtc0
[    0.982889] tegra_rtc 7000e000.rtc: Tegra internal Real Time Clock
[    0.999198] tps65910-rtc tps65910-rtc: rtc core: registered tps65910-rtc as rtc1
[    1.004379] sdhci: Secure Digital Host Controller Interface driver
[    1.007479] sdhci: Copyright(c) Pierre Ossman
[    1.009663] sdhci-pltfm: SDHCI platform and OF driver helper
[    1.012882] sdhci-tegra 78000000.sdhci: Got CD GPIO #69.
[    1.015576] sdhci-tegra 78000000.sdhci: Got WP GPIO #155.
[    1.019338] sdhci-tegra 78000000.sdhci: dummy supplies not allowed
[    1.022437] mmc0: no vqmmc regulator found
[    1.024508] sdhci-tegra 78000000.sdhci: dummy supplies not allowed
[    1.027606] mmc0: no vmmc regulator found
[    1.029617] mmc0: Invalid maximum block size, assuming 512 bytes
[    1.072937] mmc0: SDHCI controller on 78000000.sdhci [78000000.sdhci] using ADMA
[    1.077756] sdhci-tegra 78000600.sdhci: dummy supplies not allowed
[    1.080855] mmc1: no vqmmc regulator found
[    1.082925] sdhci-tegra 78000600.sdhci: dummy supplies not allowed
[    1.086024] mmc1: no vmmc regulator found
[    1.088034] mmc1: Invalid maximum block size, assuming 512 bytes
[    1.132934] mmc1: SDHCI controller on 78000600.sdhci [78000600.sdhci] using ADMA
[    1.139751] usbcore: registered new interface driver usbhid
[    1.144585] usbhid: USB HID core driver
[    1.291351] mmc1: new high speed MMC card at address 0001
[    1.294599] isa bounce pool size: 16 pages
[    1.296809] mmcblk0: mmc1:0001 SEM16G 14.8 GiB 
[    1.299349] mmcblk0boot0: mmc1:0001 SEM16G partition 1 1.00 MiB
[    1.302574] mmcblk0boot1: mmc1:0001 SEM16G partition 2 1.00 MiB
[    1.305791] mmcblk0rpmb: mmc1:0001 SEM16G partition 3 128 KiB
[    1.313062] Primary GPT is invalid, using alternate GPT.
[    1.315745]  mmcblk0: p1 p2 p3 p4 p5
[    1.323275]  mmcblk0boot1: unknown partition table
[    1.329115]  mmcblk0boot0: unknown partition table
[    1.571880] tegra-snd-rt5640 sound.4: rt5640-aif1 <-> 70080400.i2s mapping ok
[    1.578886] input: NVIDIA Tegra Beaver Headphones as /devices/soc0/sound.4/sound/card0/input0
[    1.584693] TCP: cubic registered
[    1.586541] NET: Registered protocol family 10
[    1.589821] mip6: Mobile IPv6
[    1.591314] sit: IPv6 over IPv4 tunneling driver
[    1.595732] NET: Registered protocol family 17
[    1.597993] NET: Registered protocol family 15
[    1.600365] Bluetooth: RFCOMM socket layer initialized
[    1.602986] Bluetooth: RFCOMM ver 1.11
[    1.604877] Bluetooth: BNEP (Ethernet Emulation) ver 1.3
[    1.607553] Bluetooth: BNEP socket layer initialized
[    1.610042] Bluetooth: HIDP (Human Interface Emulation) ver 1.2
[    1.613031] Bluetooth: HIDP socket layer initialized
[    1.616441] Registering SWP/SWPB emulation handler
[    1.619561] vdd_sata,avdd_plle: disabling
[    1.623331] chargepump_5v: 5000 mV 
[    1.626742] vdd_ddr: 1500 mV 
[    1.628300] vdd_ddr: supplied by vdd_5v_in
[    1.631652] sys_3v3,vdd_3v3_alw: 3300 mV 
[    1.633737] sys_3v3,vdd_3v3_alw: supplied by vdd_5v_in
[    1.636630] sys_3v3_pexs: 3300 mV 
[    1.638386] sys_3v3_pexs: supplied by sys_3v3,vdd_3v3_alw
[    1.641582] tegra-pcie 3000.pcie-controller: 2x3 configuration
[    1.649074] tegra-pcie 3000.pcie-controller: probing port 0, using 2 lanes
[    1.706832] tegra-pcie 3000.pcie-controller: probing port 2, using 2 lanes
[    2.114476] tegra-pcie 3000.pcie-controller: link 2 down, retrying
[    2.521785] tegra-pcie 3000.pcie-controller: link 2 down, retrying
[    2.929209] tegra-pcie 3000.pcie-controller: link 2 down, retrying
[    2.934327] tegra-pcie 3000.pcie-controller: link 2 down, ignoring
[    2.937749] tegra-pcie 3000.pcie-controller: PCI host bridge to bus 0000:00
[    2.941247] pci_bus 0000:00: root bus resource [mem 0x20000000-0x27ffffff]
[    2.944712] pci_bus 0000:00: root bus resource [mem 0x28000000-0x3fffffff pref]
[    2.948382] pci_bus 0000:00: root bus resource [bus 00-ff]
[    2.951134] pci_bus 0000:00: root bus resource [io  0x1000-0xffff]
[    2.954271] pci 0000:00:01.0: [10de:0e1c] type 01 class 0x060400
[    2.957334] pci 0000:00:01.0: PME# supported from D0 D1 D2 D3hot D3cold
[    2.961079] PCI: bus0: Fast back to back transfers disabled
[    2.963891] pci 0000:00:01.0: bridge configuration invalid ([bus 00-00]), reconfiguring
[    2.968149] pci 0000:01:00.0: [10ec:8168] type 00 class 0x020000
[    2.971181] pci 0000:01:00.0: reg 0x10: [io  0x0000-0x00ff]
[    2.974001] pci 0000:01:00.0: reg 0x18: [mem 0x00000000-0x00000fff 64bit pref]
[    2.977632] pci 0000:01:00.0: reg 0x20: [mem 0x00000000-0x00003fff 64bit pref]
[    2.981299] pci 0000:01:00.0: supports D1 D2
[    2.983451] pci 0000:01:00.0: PME# supported from D0 D1 D2 D3hot D3cold
[    3.002947] PCI: bus1: Fast back to back transfers disabled
[    3.005749] pci_bus 0000:01: busn_res: [bus 01-ff] end is updated to 01
[    3.009098] pci 0000:00:01.0: BAR 9: assigned [mem 0x28000000-0x280fffff 64bit pref]
[    3.012997] pci 0000:00:01.0: BAR 7: assigned [io  0x1000-0x1fff]
[    3.016060] pci 0000:01:00.0: BAR 4: assigned [mem 0x28000000-0x28003fff 64bit pref]
[    3.019952] pci 0000:01:00.0: BAR 2: assigned [mem 0x28004000-0x28004fff 64bit pref]
[    3.023852] pci 0000:01:00.0: BAR 0: assigned [io  0x1000-0x10ff]
[    3.026913] pci 0000:00:01.0: PCI bridge to [bus 01]
[    3.029404] pci 0000:00:01.0:   bridge window [io  0x1000-0x1fff]
[    3.032462] pci 0000:00:01.0:   bridge window [mem 0x28000000-0x280fffff 64bit pref]
[    3.036368] pci 0000:00:01.0: nv_msi_ht_cap_quirk didn't locate host bridge
[    3.040310] pcieport 0000:00:01.0: Signaling PME through PCIe PME interrupt
[    3.043818] pci 0000:01:00.0: Signaling PME through PCIe PME interrupt
[    3.047095] pcie_pme 0000:00:01.0:pcie01: service driver pcie_pme loaded
[    3.050642] r8169 Gigabit Ethernet driver 2.3LK-NAPI loaded
[    3.053497] PCI: enabling device 0000:01:00.0 (0140 -> 0143)
[    3.057639] r8169 0000:01:00.0 eth0: RTL8168evl/8111evl at 0xf0022000, 02:04:4b:01:60:a6, XID 0c900800 IRQ 473
[    3.062658] r8169 0000:01:00.0 eth0: jumbo features [frames: 9200 bytes, tx checksumming: ko]
[    3.068819] [drm] Supports vblank timestamp caching Rev 2 (21.10.2013).
[    3.072139] [drm] No driver support for vblank timestamp query.
[    3.075306] host1x drm: No connectors reported connected with modes
[    3.078458] [drm] Cannot find any crtc or sizes - going 1024x768
[    3.097172] Console: switching to colour frame buffer device 128x48
[    3.105999] host1x drm: fb0:  frame buffer device
[    3.108360] host1x drm: registered panic notifier
[    3.110727] [drm] Initialized tegra 0.0.0 20120330 on minor 0
[    3.116717] utmi_phy_clk_enable: timeout waiting for phy to stabilize
[    3.119953] tegra-ehci 7d008000.usb: EHCI Host Controller
[    3.122690] tegra-ehci 7d008000.usb: new USB bus registered, assigned bus number 1
[    3.126830] tegra-ehci 7d008000.usb: irq 129, io mem 0x7d008000
[    3.142940] tegra-ehci 7d008000.usb: USB 2.0 started, EHCI 1.00
[    3.146969] hub 1-0:1.0: USB hub found
[    3.148879] hub 1-0:1.0: 1 port detected
[    3.151757] tegra_rtc 7000e000.rtc: setting system clock to 1970-01-01 00:03:34 UTC (214)
[    3.163059] ALSA device list:
[    3.164561]   #0: NVIDIA Tegra Beaver
[    3.330098] kjournald starting.  Commit interval 5 seconds
[    3.331804] EXT3-fs (mmcblk0p1): using internal journal
[    3.333381] EXT3-fs (mmcblk0p1): recovery complete
[    3.333383] EXT3-fs (mmcblk0p1): mounted filesystem with writeback data mode
[    3.333456] VFS: Mounted root (ext3 filesystem) on device 179:1.
[    3.335746] devtmpfs: mounted
[    3.335984] Freeing unused kernel memory: 228K (c074a000 - c0783000)
 
INIT: version 2.88 booting
[info] Using makefile-style concurrent boot in runlevel S.
[....] Starting the hotplug events dispatcher: udevd[    4.249816] udevd[178]: starting version 175
[ ok .
[....] Synthesizing the initial hotplug events...[ ok done.
[....] Waiting for /dev to be fully populated...[ ok done.
[....] Activating swap...[ ok done.
[....] Cleaning up temporary files... /tmp[ ok .
[....] Activating lvm and md swap...[ ok done.
[....] Checking file systems...fsck from util-linux 2.20.1
[ ok done.
[....] Mounting local filesystems...[ ok done.
[....] Activating swapfile swap...[ ok done.
[    7.131674] random: nonblocking pool is initialized
[....] Cleaning up temporary files...[ ok .
[....] Setting kernel variables ...[ ok done.
[....] Configuring network interfaces...[ ok done.
[....] Starting rpcbind daemon...[ ok .
[....] Starting NFS common utilities: statd idmapd[FAIL failed!
[....] Cleaning up temporary files...[ ok .
[....] Starting network benchmark server[ ok .
[....] startpar: service(s) returned failure: nfs-common ...[FAIL failed!
INIT: Entering runlevel: 2
[info] Using makefile-style concurrent boot in runlevel 2.
[....] Starting network benchmark server[FAIL failed!
[....] Starting rpcbind daemon...[....] Already running.[ ok .
[....] Starting NFS common utilities: statd idmapd[FAIL failed!
[....] Starting system message bus: dbus[ ok .
[....] startpar: service(s) returned failure: nfs-common ...[FAIL failed!

Debian GNU/Linux wheezy/sid armel ttyS0

armel login: 