
U-Boot SPL 2016.05-rc2 (Apr 21 2016 - 16:23:00)
Trying to boot from RAM


U-Boot 2016.05-rc2 (Apr 21 2016 - 16:23:00 -0700)

TEGRA124
Model: NVIDIA Jetson TK1
Board: NVIDIA Jetson TK1
DRAM:  2 GiB
MMC:   Tegra SD/MMC: 0, Tegra SD/MMC: 1
In:    serial
Out:   serial
Err:   serial
Net:   No ethernet found.
Hit any key to stop autoboot:  2  0 
Tegra124 (Jetson TK1) # 
Tegra124 (Jetson TK1) # pci enum
Tegra124 (Jetson TK1) # setenv bootargs 'ignore_loglevel console=ttyS0,115200n8 rw root=PARTUUID=b1791faa-84e8-4e27-83a1-9fb0a77e8803 rootwait gpt debug noinitrd earlyprintk init=/bin/bash'
Tegra124 (Jetson TK1) # setenv ipaddr 192.168.100.102; setenv serverip 192.168.100.1; setenv tftpserverip 192.168.100.1
Tegra124 (Jetson TK1) # tftpboot 0x82000000 zImage.tegra_defconfig

Warning: eth_rtl8169 using MAC address from ROM
Using eth_rtl8169 device
TFTP from server 192.168.100.1; our IP address is 192.168.100.102
Filename 'zImage.tegra_defconfig'.
Load address: 0x82000000
Loading: *#################################################################
	 #################################################################
	 #################################################################
	 #################################################################
	 #################################################################
	 ########################################################
	 3.5 MiB/s
done
Bytes transferred = 5580456 (5526a8 hex)
Tegra124 (Jetson TK1) # tftpboot 0x83000000 tegra124-jetson-tk1.dtb
Using eth_rtl8169 device
TFTP from server 192.168.100.1; our IP address is 192.168.100.102
Filename 'tegra124-jetson-tk1.dtb'.
Load address: 0x83000000
Loading: *#####
	 3.5 MiB/s
done
Bytes transferred = 66693 (10485 hex)
Tegra124 (Jetson TK1) # bootz 0x82000000 - 0x83000000
Kernel image @ 0x82000000 [ 0x000000 - 0x5526a8 ]
## Flattened Device Tree blob at 83000000
   Booting using the fdt blob at 0x83000000
   Using Device Tree in place at 83000000, end 83013484

Starting kernel ...

Uncompressing Linux... done, booting the kernel.
[    0.000000] Booting Linux on physical CPU 0x0
[    0.000000] Linux version 4.7.0-rc5-next-20160629-103198-gb07695e (pwalmsley@kaivo) (gcc version 4.7.3 20130328 (prerelease) (crosstool-NG linaro-1.13.1-4.7-2013.04-20130415 - Linaro GCC 2013.04) ) #1 SMP PREEMPT Wed Jun 29 00:34:09 PDT 2016
[    0.000000] CPU: ARMv7 Processor [413fc0f3] revision 3 (ARMv7), cr=10c5387d
[    0.000000] CPU: div instructions available: patching division code
[    0.000000] CPU: PIPT / VIPT nonaliasing data cache, PIPT instruction cache
[    0.000000] Machine model: NVIDIA Tegra124 Jetson TK1
[    0.000000] debug: ignoring loglevel setting.
[    0.000000] bootconsole [earlycon0] enabled
[    0.000000] cma: Reserved 64 MiB at 0xfbc00000
[    0.000000] Memory policy: Data cache writealloc
[    0.000000] On node 0 totalpages: 524032
[    0.000000] free_area_init_node: node 0, pgdat c0e5b980, node_mem_map eeff9000
[    0.000000]   Normal zone: 1536 pages used for memmap
[    0.000000]   Normal zone: 0 pages reserved
[    0.000000]   Normal zone: 196608 pages, LIFO batch:31
[    0.000000]   HighMem zone: 327424 pages, LIFO batch:31
[    0.000000] percpu: Embedded 13 pages/cpu @eef8a000 s23936 r8192 d21120 u53248
[    0.000000] pcpu-alloc: s23936 r8192 d21120 u53248 alloc=13*4096
[    0.000000] pcpu-alloc: [0] 0 [0] 1 [0] 2 [0] 3 
[    0.000000] Built 1 zonelists in Zone order, mobility grouping on.  Total pages: 522496
[    0.000000] Kernel command line: ignore_loglevel console=ttyS0,115200n8 rw root=PARTUUID=b1791faa-84e8-4e27-83a1-9fb0a77e8803 rootwait gpt debug noinitrd earlyprintk init=/bin/bash
[    0.000000] PID hash table entries: 4096 (order: 2, 16384 bytes)
[    0.000000] Dentry cache hash table entries: 131072 (order: 7, 524288 bytes)
[    0.000000] Inode-cache hash table entries: 65536 (order: 6, 262144 bytes)
[    0.000000] Memory: 1998816K/2096128K available (8441K kernel code, 373K rwdata, 2848K rodata, 1024K init, 366K bss, 31776K reserved, 65536K cma-reserved, 1244160K highmem)
[    0.000000] Virtual kernel memory layout:
[    0.000000]     vector  : 0xffff0000 - 0xffff1000   (   4 kB)
[    0.000000]     fixmap  : 0xffc00000 - 0xfff00000   (3072 kB)
[    0.000000]     vmalloc : 0xf0800000 - 0xff800000   ( 240 MB)
[    0.000000]     lowmem  : 0xc0000000 - 0xf0000000   ( 768 MB)
[    0.000000]     pkmap   : 0xbfe00000 - 0xc0000000   (   2 MB)
[    0.000000]     modules : 0xbf000000 - 0xbfe00000   (  14 MB)
[    0.000000]       .text : 0xc0008000 - 0xc0c06788   (12282 kB)
[    0.000000]       .init : 0xc0d00000 - 0xc0e00000   (1024 kB)
[    0.000000]       .data : 0xc0e00000 - 0xc0e5d540   ( 374 kB)
[    0.000000]        .bss : 0xc0e5f000 - 0xc0ebab54   ( 367 kB)
[    0.000000] Preemptible hierarchical RCU implementation.
[    0.000000] 	Build-time adjustment of leaf fanout to 32.
[    0.000000] NR_IRQS:16 nr_irqs:16 16
[    0.000000] /interrupt-controller@60004000: 160 interrupts forwarded to /interrupt-controller@0,50041000
[    0.000000] Tegra clk 127: register failed with -17
[    0.000008] sched_clock: 32 bits at 1000kHz, resolution 1000ns, wraps every 2147483647500ns
[    0.007324] clocksource: timer_us: mask: 0xffffffff max_cycles: 0xffffffff, max_idle_ns: 1911260446275 ns
[    0.016935] Switching to timer-based delay loop, resolution 1000ns
[    0.024461] Architected cp15 timer(s) running at 12.00MHz (virt).
[    0.029330] clocksource: arch_sys_counter: mask: 0xffffffffffffff max_cycles: 0x2c47f4ee7, max_idle_ns: 440795202497 ns
[    0.040165] sched_clock: 56 bits at 12MHz, resolution 83ns, wraps every 4398046511096ns
[    0.048219] Switching to timer-based delay loop, resolution 83ns
[    0.054743] Console: colour dummy device 80x30
[    0.058804] Calibrating delay loop (skipped), value calculated using timer frequency.. 24.00 BogoMIPS (lpj=120000)
[    0.069188] pid_max: default: 32768 minimum: 301
[    0.074437] Mount-cache hash table entries: 2048 (order: 1, 8192 bytes)
[    0.080559] Mountpoint-cache hash table entries: 2048 (order: 1, 8192 bytes)
[    0.089093] CPU: Testing write buffer coherency: ok
[    0.092870] /cpus/cpu@0 missing clock-frequency property
[    0.097992] /cpus/cpu@1 missing clock-frequency property
[    0.103386] /cpus/cpu@2 missing clock-frequency property
[    0.108741] /cpus/cpu@3 missing clock-frequency property
[    0.114097] CPU0: thread -1, cpu 0, socket 0, mpidr 80000000
[    0.119817] Setting up static identity map for 0x80100000 - 0x80100098
[    0.187021] Tegra Revision: A01 SKU: 129 CPU Process: 1 SoC Process: 1
[    0.227017] CPU1: thread -1, cpu 1, socket 0, mpidr 80000001
[    0.277086] CPU2: thread -1, cpu 2, socket 0, mpidr 80000002
[    0.327164] CPU3: thread -1, cpu 3, socket 0, mpidr 80000003
[    0.336751] Brought up 4 CPUs
[    0.355057] SMP: Total of 4 processors activated (96.00 BogoMIPS).
[    0.361294] CPU: All CPU(s) started in SVC mode.
[    0.397511] devtmpfs: initialized
[    0.454327] VFP support v0.3: implementor 41 architecture 4 part 30 variant f rev 0
[    0.460772] clocksource: jiffies: mask: 0xffffffff max_cycles: 0xffffffff, max_idle_ns: 19112604462750000 ns
[    0.530307] pinctrl core: initialized pinctrl subsystem
[    0.620898] NET: Registered protocol family 16
[    0.624732] DMA: preallocated 256 KiB pool for atomic coherent allocations
[    0.660532] cpuidle: using governor menu
[    0.686970] No ATAGs?hw-breakpoint: found 5 (+1 reserved) breakpoint and 4 watchpoint registers.
[    0.693938] hw-breakpoint: maximum watchpoint size is 8 bytes.
[    1.045944] +5V_SYS: supplied by +VDD_MUX
[    1.048710] +3.3V_SYS: supplied by +VDD_MUX
[    1.053573] +USB0_VBUS_SW: Failed to request enable GPIO108: -517
[    1.058559] reg-fixed-voltage regulators:regulator@7: Failed to register regulator: -517
[    1.066800] +5V_USB_HS: Failed to request enable GPIO109: -517
[    1.072592] reg-fixed-voltage regulators:regulator@8: Failed to register regulator: -517
[    1.080946] +1.05V_RUN_AVDD_HDMI_PLL: Failed to request enable GPIO63: -517
[    1.087760] reg-fixed-voltage regulators:regulator@11: Failed to register regulator: -517
[    1.096088] +5V_HDMI_CON: Failed to request enable GPIO86: -517
[    1.101970] reg-fixed-voltage regulators:regulator@12: Failed to register regulator: -517
[    1.110303] +5V_SATA: Failed to request enable GPIO242: -517
[    1.115924] reg-fixed-voltage regulators:regulator@13: Failed to register regulator: -517
[    1.124254] +12V_SATA: Failed to request enable GPIO242: -517
[    1.129963] reg-fixed-voltage regulators:regulator@14: Failed to register regulator: -517
[    1.140154] vgaarb: loaded
[    1.170558] SCSI subsystem initialized
[    1.172783] libata version 3.00 loaded.
[    1.177038] usbcore: registered new interface driver usbfs
[    1.182108] usbcore: registered new interface driver hub
[    1.187474] usbcore: registered new device driver usb
[    1.196770] Linux video capture interface: v2.00
[    1.199664] pps_core: LinuxPPS API ver. 1 registered
[    1.204607] pps_core: Software ver. 5.3.6 - Copyright 2005-2007 Rodolfo Giometti <giometti@linux.it>
[    1.213825] PTP clock support registered
[    1.219553] Advanced Linux Sound Architecture Driver Initialized.
[    1.225550] Bluetooth: Core ver 2.21
[    1.227624] NET: Registered protocol family 31
[    1.232080] Bluetooth: HCI device and connection manager initialized
[    1.238487] Bluetooth: HCI socket layer initialized
[    1.243441] Bluetooth: L2CAP socket layer initialized
[    1.248568] Bluetooth: SCO socket layer initialized
[    1.255023] clocksource: Switched to clocksource arch_sys_counter
[    1.535058] NET: Registered protocol family 2
[    1.775063] TCP established hash table entries: 8192 (order: 3, 32768 bytes)
[    1.780373] TCP bind hash table entries: 8192 (order: 4, 65536 bytes)
[    1.786981] TCP: Hash tables configured (established 8192 bind 8192)
[    1.793618] UDP hash table entries: 512 (order: 2, 16384 bytes)
[    1.799229] UDP-Lite hash table entries: 512 (order: 2, 16384 bytes)
[    1.895058] NET: Registered protocol family 1
[    1.985063] RPC: Registered named UNIX socket transport module.
[    1.989153] RPC: Registered udp transport module.
[    1.993919] RPC: Registered tcp transport module.
[    1.998707] RPC: Registered tcp NFSv4.1 backchannel transport module.
[    2.005225] PCI: CLS 0 bytes, default 64
[    2.011249] hw perfevents: enabled with armv7_cortex_a15 PMU driver, 7 counters available
[    2.047275] futex hash table entries: 1024 (order: 4, 65536 bytes)
[    2.053294] workingset: timestamp_bits=28 max_order=19 bucket_order=0
[    2.655056] squashfs: version 4.0 (2009/01/31) Phillip Lougher
[    2.895113] NFS: Registering the id_resolver key type
[    2.898371] Key type id_resolver registered
[    2.902584] Key type id_legacy registered
[    2.910994] bounce: pool size: 64 pages
[    2.913006] io scheduler noop registered (default)
[    3.077759] usb2-0 supply vbus not found, using dummy regulator
[    3.082084] usb2-1 supply vbus not found, using dummy regulator
[    3.088523] tegra-xusb-padctl 7009f000.padctl: failed to setup XUSB ports: -517
[    3.105787] tegra-pcie 1003000.pcie-controller: 2x1, 1x1 configuration
[    3.110527] tegra-pcie 1003000.pcie-controller: Failed to get supply 'avddio-pex': -517
[    3.130141] tegra-apbdma 60020000.dma: Tegra20 APB DMA driver register 32 channels
[    3.136794] tegra-pmc 7000e400.pmc: emergency thermal reset enabled
[    3.142997] Serial: 8250/16550 driver, 4 ports, IRQ sharing disabled
[    3.152421] console [ttyS0] disabled
[    3.154256] 70006300.serial: ttyS0 at MMIO 0x70006300 (irq = 333, base_baud = 25500000) is a Tegra
[    3.163266] console [ttyS0] enabled
[    3.163266] console [ttyS0] enabled
[    3.169557] bootconsole [earlycon0] disabled
[    3.169557] bootconsole [earlycon0] disabled
[    3.179436] serial-tegra serial@70006000: failed to get alias id, errno -19
[    3.187733] serial-tegra serial@70006040: failed to get alias id, errno -19
[    3.196319] [drm] Initialized drm 1.1.0 20060810
[    3.202368] tegra-hdmi 54280000.hdmi: failed to get HDMI regulator
[    3.227304] loop: module loaded
[    3.231262] at24 0-0056: 256 byte 24c02 EEPROM, writable, 8 bytes/write
[    3.238711] as3722 4-0040: AS3722 with revision 0x1 found
[    3.251281] as3722-sd2: supplied by +5V_SYS
[    3.256231] as3722-sd3: supplied by +5V_SYS
[    3.260648] +1.35V_LP0(sd3): Bringing 0uV into 1350000-1350000uV
[    3.267296] as3722-sd4: supplied by +5V_SYS
[    3.272191] as3722-sd5: supplied by +5V_SYS
[    3.278848] as3722-ldo0: supplied by +1.35V_LP0(sd2)
[    3.285238] +1.8V_RUN_CAM: Bringing 0uV into 1800000-1800000uV
[    3.291749] as3722-ldo2: supplied by +1.8V_VDDIO
[    3.298004] as3722-ldo3: supplied by +3.3V_SYS
[    3.302499] +1.05V_LP0_VDD_RTC: Bringing 1100000uV into 1000000-1000000uV
[    3.310578] as3722-ldo4: supplied by +3.3V_SYS
[    3.315276] +2.8V_RUN_CAM: Bringing 0uV into 2800000-2800000uV
[    3.321796] as3722-ldo5: supplied by +1.8V_VDDIO
[    3.326683] +1.2V_RUN_CAM_FRONT: Bringing 0uV into 1200000-1200000uV
[    3.333902] +VDDIO_SDMMC3: bypassed regulator has no supply!
[    3.339583] +VDDIO_SDMMC3: failed to get the current voltage(-517)
[    3.345779] as3722-regulator as3722-regulator: regulator 13 register failed -517
[    3.385754] tegra-ahci 70027000.sata: couldn't get PHY in node sata: -517
[    3.405548] m25p80 spi32765.0: w25q32dw (4096 Kbytes)
[    3.414385] libphy: Fixed MDIO Bus: probed
[    3.418527] CAN device driver interface
[    3.422454] igb: Intel(R) Gigabit Ethernet Network Driver - version 5.3.0-k
[    3.429447] igb: Copyright (c) 2007-2014 Intel Corporation.
[    3.435408] pegasus: v0.9.3 (2013/04/25), Pegasus/Pegasus II USB Ethernet driver
[    3.442918] usbcore: registered new interface driver pegasus
[    3.448783] usbcore: registered new interface driver asix
[    3.454291] usbcore: registered new interface driver ax88179_178a
[    3.460553] usbcore: registered new interface driver cdc_ether
[    3.466561] usbcore: registered new interface driver smsc75xx
[    3.472459] usbcore: registered new interface driver smsc95xx
[    3.478331] usbcore: registered new interface driver net1080
[    3.484097] usbcore: registered new interface driver cdc_subset
[    3.490144] usbcore: registered new interface driver zaurus
[    3.495917] usbcore: registered new interface driver cdc_ncm
[    3.501826] tegra-phy 7d004000.usb-phy: no vbus regulator
[    3.507614] ehci_hcd: USB 2.0 'Enhanced' Host Controller (EHCI) Driver
[    3.514131] ehci-pci: EHCI PCI platform driver
[    3.518709] tegra-ehci: Tegra EHCI driver
[    3.525569] tegra-ehci 7d004000.usb: EHCI Host Controller
[    3.531005] tegra-ehci 7d004000.usb: new USB bus registered, assigned bus number 1
[    3.538891] tegra-ehci 7d004000.usb: irq 352, io mem 0x7d004000
[    3.555057] tegra-ehci 7d004000.usb: USB 2.0 started, EHCI 1.10
[    3.562681] hub 1-0:1.0: USB hub found
[    3.566503] hub 1-0:1.0: 1 port detected
[    3.572271] usbcore: registered new interface driver cdc_acm
[    3.577939] cdc_acm: USB Abstract Control Model driver for USB modems and ISDN adapters
[    3.586071] usbcore: registered new interface driver cdc_wdm
[    3.591907] usbcore: registered new interface driver usb-storage
[    3.598690] mousedev: PS/2 mouse device common for all mice
[    3.607969] as3722-rtc as3722-rtc: rtc core: registered as3722-rtc as rtc0
[    3.614836] as3722-rtc as3722-rtc: RTC interrupt 375
[    3.622934] tegra_rtc 7000e000.rtc: rtc core: registered 7000e000.rtc as rtc1
[    3.630176] tegra_rtc 7000e000.rtc: Tegra internal Real Time Clock
[    3.636777] i2c /dev entries driver
[    3.642521] usbcore: registered new interface driver uvcvideo
[    3.648278] USB Video Class driver (1.1.1)
[    3.652367] gspca_main: v2.14.0 registered
[    3.657299] 0-004c supply vcc not found, using dummy regulator
[    3.667222] tegra-wdt 60005000.timer: initialized (heartbeat = 120 sec, nowayout = 0)
[    3.676442] sdhci: Secure Digital Host Controller Interface driver
[    3.682612] sdhci: Copyright(c) Pierre Ossman
[    3.686983] sdhci-pltfm: SDHCI platform and OF driver helper
[    3.693009] sdhci-tegra 700b0400.sdhci: Got CD GPIO
[    3.697922] sdhci-tegra 700b0400.sdhci: Got WP GPIO
[    3.702861] mmc0: Unknown controller version (3). You may experience problems.
[    3.710415] mmc0: Unknown controller version (3). You may experience problems.
[    3.717717] mmc0: Invalid maximum block size, assuming 512 bytes
[    3.765057] mmc0: SDHCI controller on 700b0600.sdhci [700b0600.sdhci] using ADMA 64-bit
[    3.779322] usbcore: registered new interface driver usbhid
[    3.784978] usbhid: USB HID core driver
[    3.800103] tegra124-dfll 70110000.clock: couldn't get vdd_cpu regulator
[    3.842644] mmc0: new high speed MMC card at address 0001
[    3.849620] mmcblk0: mmc0:0001 SEM16G 14.7 GiB 
[    3.854586] mmcblk0boot0: mmc0:0001 SEM16G partition 1 4.00 MiB
[    3.860951] mmcblk0boot1: mmc0:0001 SEM16G partition 2 4.00 MiB
[    3.867354] mmcblk0rpmb: mmc0:0001 SEM16G partition 3 4.00 MiB
[    3.875279]  mmcblk0: p1
[    4.234988] tegra30-i2s 70301100.i2s: DMA channels sourced from device 70300000.ahub
[    4.254108] rt5640 0-001c: ASoC: no source widget found for DAC L2 Power
[    4.260827] rt5640 0-001c: ASoC: Failed to add route DAC L2 Power -> direct -> IF2 DAC L
[    4.269323] rt5640 0-001c: ASoC: no source widget found for DAC R2 Power
[    4.276048] rt5640 0-001c: ASoC: Failed to add route DAC R2 Power -> direct -> IF2 DAC R
[    4.286308] tegra-snd-rt5640 sound: rt5640-aif1 <-> 70301100.i2s mapping ok
[    4.298091] input: NVIDIA Tegra Jetson TK1 Headphones as /devices/soc0/sound/sound/card1/input1
[    4.308611] input: tegra-hda HDMI/DP,pcm=3 as /devices/soc0/70030000.hda/sound/card0/input0
[    4.565061] NET: Registered protocol family 10
[    4.695099] mip6: Mobile IPv6
[    4.698066] sit: IPv6 over IPv4 tunneling driver
[    4.705751] NET: Registered protocol family 17
[    4.710223] NET: Registered protocol family 15
[    4.714660] can: controller area network core (rev 20120528 abi 9)
[    4.745176] NET: Registered protocol family 29
[    4.749617] can: raw protocol (rev 20120528)
[    4.753881] can: broadcast manager protocol (rev 20160617 t)
[    4.759568] can: netlink gateway (rev 20130117) max_hops=1
[    4.795180] Bluetooth: RFCOMM socket layer initialized
[    4.800330] Bluetooth: RFCOMM ver 1.11
[    4.804083] Bluetooth: BNEP (Ethernet Emulation) ver 1.3
[    4.809430] Bluetooth: BNEP socket layer initialized
[    4.814387] Bluetooth: HIDP (Human Interface Emulation) ver 1.2
[    4.820328] Bluetooth: HIDP socket layer initialized
[    4.825620] Key type dns_resolver registered
[    4.831181] Registering SWP/SWPB emulation handler
[    4.848465] +3.3V_RUN: supplied by +3.3V_SYS
[    4.853443] +3.3V_AVDD_HDMI_AP_GATED: supplied by +3.3V_RUN
[    4.859434] +USB0_VBUS_SW: supplied by +5V_SYS
[    4.864507] +5V_USB_HS: supplied by +5V_SYS
[    4.869887] +3.3V_LP0: supplied by +3.3V_SYS
[    4.875875] +5V_HDMI_CON: supplied by +5V_SYS
[    4.880890] +5V_SATA: supplied by +5V_SYS
[    4.885713] +12V_SATA: supplied by +VDD_MUX
[    4.892944] usb2-0 supply vbus not found, using dummy regulator
[    4.899147] usb2-1 supply vbus not found, using dummy regulator
[    4.905599] usb3-0 supply vbus not found, using dummy regulator
[    4.912264] tegra-pcie 1003000.pcie-controller: 2x1, 1x1 configuration
[    4.918853] tegra-pcie 1003000.pcie-controller: Failed to get supply 'avddio-pex': -517
[    4.927441] tegra-hdmi 54280000.hdmi: failed to get PLL regulator
[    4.936443] as3722-sd2: supplied by +5V_SYS
[    4.941206] as3722-sd3: supplied by +5V_SYS
[    4.946117] as3722-sd4: supplied by +5V_SYS
[    4.950825] +1.05V_RUN_AVDD_HDMI_PLL: supplied by +1.05V_RUN
[    4.956745] as3722-sd5: supplied by +5V_SYS
[    4.962995] as3722-ldo0: supplied by +1.35V_LP0(sd2)
[    4.968884] as3722-ldo1: supplied by +3.3V_RUN
[    4.973896] as3722-ldo2: supplied by +1.8V_VDDIO
[    4.979941] as3722-ldo3: supplied by +3.3V_SYS
[    4.985682] as3722-ldo4: supplied by +3.3V_SYS
[    4.990713] as3722-ldo5: supplied by +1.8V_VDDIO
[    4.995956] as3722-ldo6: supplied by +3.3V_RUN
[    5.000991] as3722-ldo7: supplied by +1.8V_VDDIO
[    5.006374] +1.05V_RUN_CAM_REAR: Bringing 0uV into 1050000-1050000uV
[    5.013702] as3722-ldo9: supplied by +5V_SYS
[    5.019170] +3.3V_RUN_TOUCH: Bringing 0uV into 2800000-2800000uV
[    5.026177] as3722-ldo10: supplied by +5V_SYS
[    5.031275] +2.8V_RUN_CAM_AF: Bringing 0uV into 2800000-2800000uV
[    5.038382] as3722-ldo11: supplied by +3.3V_RUN
[    5.043658] +1.8V_RUN_VPP_FUSE: Bringing 0uV into 1800000-1800000uV
[    5.053602] tegra-ahci 70027000.sata: AHCI 0001.0301 32 slots 2 ports 3 Gbps 0x1 impl platform mode
[    5.062680] tegra-ahci 70027000.sata: flags: 64bit ncq sntf pm led pio slum part sadm sds apst 
[    5.075190] scsi host0: tegra-ahci
[    5.147005] scsi host1: tegra-ahci
[    5.151244] ata1: SATA max UDMA/133 mmio [mem 0x70027000-0x70028fff] port 0x100 irq 343
[    5.159341] ata2: DUMMY
[    5.163069] tegra-ehci 7d008000.usb: EHCI Host Controller
[    5.168562] tegra-ehci 7d008000.usb: new USB bus registered, assigned bus number 2
[    5.176484] tegra-ehci 7d008000.usb: irq 353, io mem 0x7d008000
[    5.195153] tegra-ehci 7d008000.usb: USB 2.0 started, EHCI 1.10
[    5.203060] hub 2-0:1.0: USB hub found
[    5.206958] hub 2-0:1.0: 1 port detected
[    5.275823] tegra-xusb 70090000.usb: Firmware timestamp: 2014-09-16 02:10:07 UTC
[    5.283281] tegra-xusb 70090000.usb: xHCI Host Controller
[    5.288749] tegra-xusb 70090000.usb: new USB bus registered, assigned bus number 3
[    5.298988] tegra-xusb 70090000.usb: hcc params 0x0184f525 hci version 0x100 quirks 0x00010010
[    5.307856] tegra-xusb 70090000.usb: irq 345, io mem 0x70090000
[    5.315815] hub 3-0:1.0: USB hub found
[    5.319615] hub 3-0:1.0: 6 ports detected
[    5.325527] tegra-xusb 70090000.usb: xHCI Host Controller
[    5.330950] tegra-xusb 70090000.usb: new USB bus registered, assigned bus number 4
[    5.338715] usb usb4: We don't know the algorithms for LPM for this host, disabling LPM.
[    5.348824] hub 4-0:1.0: USB hub found
[    5.352618] hub 4-0:1.0: 2 ports detected
[    5.359267] sdhci-tegra 700b0400.sdhci: Got CD GPIO
[    5.364162] sdhci-tegra 700b0400.sdhci: Got WP GPIO
[    5.369210] mmc1: Unknown controller version (3). You may experience problems.
[    5.376854] mmc1: Invalid maximum block size, assuming 512 bytes
[    5.425711] mmc1: SDHCI controller on 700b0400.sdhci [700b0400.sdhci] using ADMA 64-bit
[    5.451953] tegra-pcie 1003000.pcie-controller: 2x1, 1x1 configuration
[    5.461559] tegra-pcie 1003000.pcie-controller: probing port 0, using 2 lanes
[    5.470893] tegra-pcie 1003000.pcie-controller: Slot present pin change, signature: 00000008
[    5.478637] ata1: SATA link down (SStatus 0 SControl 300)
[    5.494050] tegra-pcie 1003000.pcie-controller: probing port 1, using 1 lanes
[    5.503377] tegra-pcie 1003000.pcie-controller: Slot present pin change, signature: 00000000
[    5.518305] tegra-pcie 1003000.pcie-controller: PCI host bridge to bus 0000:00
[    5.525613] pci_bus 0000:00: root bus resource [io  0x0000-0xffff]
[    5.531857] pci_bus 0000:00: root bus resource [mem 0x13000000-0x1fffffff]
[    5.538816] pci_bus 0000:00: root bus resource [mem 0x20000000-0x3fffffff pref]
[    5.546180] pci_bus 0000:00: root bus resource [bus 00-ff]
[    5.551715] pci 0000:00:01.0: [10de:0e12] type 01 class 0x060400
[    5.557886] pci 0000:00:01.0: PME# supported from D0 D1 D2 D3hot D3cold
[    5.565373] pci 0000:00:02.0: [10de:0e13] type 01 class 0x060400
[    5.571479] pci 0000:00:02.0: PME# supported from D0 D1 D2 D3hot D3cold
[    5.579017] PCI: bus0: Fast back to back transfers disabled
[    5.584598] pci 0000:00:01.0: bridge configuration invalid ([bus 00-00]), reconfiguring
[    5.592647] pci 0000:00:02.0: bridge configuration invalid ([bus 00-00]), reconfiguring
[    5.601204] pci 0000:01:00.0: [8086:4232] type 00 class 0x028000
[    5.607343] pci 0000:01:00.0: reg 0x10: [mem 0x00000000-0x00001fff 64bit]
[    5.614344] pci 0000:01:00.0: PME# supported from D0 D3hot D3cold
[    5.635183] PCI: bus1: Fast back to back transfers disabled
[    5.640761] pci_bus 0000:01: busn_res: [bus 01-ff] end is updated to 01
[    5.647927] pci 0000:02:00.0: [10ec:8168] type 00 class 0x020000
[    5.654002] pci 0000:02:00.0: reg 0x10: [io  0x0000-0x00ff]
[    5.659637] pci 0000:02:00.0: reg 0x18: [mem 0x00000000-0x00000fff 64bit]
[    5.666492] pci 0000:02:00.0: reg 0x20: [mem 0x00000000-0x00003fff 64bit pref]
[    5.673924] pci 0000:02:00.0: supports D1 D2
[    5.678300] pci 0000:02:00.0: PME# supported from D0 D1 D2 D3hot D3cold
[    5.698702] mmc1: new high speed SDHC card at address aaaa
[    5.705110] PCI: bus2: Fast back to back transfers disabled
[    5.710883] pci_bus 0000:02: busn_res: [bus 02-ff] end is updated to 02
[    5.717577] mmcblk1: mmc1:aaaa SD04G 3.69 GiB 
[    5.723273] pci 0000:00:01.0: BAR 8: assigned [mem 0x13000000-0x130fffff]
[    5.730305] pci 0000:00:02.0: BAR 8: assigned [mem 0x13100000-0x131fffff]
[    5.737233] pci 0000:00:02.0: BAR 9: assigned [mem 0x20000000-0x200fffff 64bit pref]
[    5.745115] pci 0000:00:02.0: BAR 7: assigned [io  0x1000-0x1fff]
[    5.751317] pci 0000:01:00.0: BAR 0: assigned [mem 0x13000000-0x13001fff 64bit]
[    5.758855] pci 0000:00:01.0: PCI bridge to [bus 01]
[    5.763839] pci 0000:00:01.0:   bridge window [mem 0x13000000-0x130fffff]
[    5.765692]  mmcblk1: p1 p2 p3
[    5.773963] pci 0000:02:00.0: BAR 4: assigned [mem 0x20000000-0x20003fff 64bit pref]
[    5.781891] pci 0000:02:00.0: BAR 2: assigned [mem 0x13100000-0x13100fff 64bit]
[    5.789284] pci 0000:02:00.0: BAR 0: assigned [io  0x1000-0x10ff]
[    5.795437] pci 0000:00:02.0: PCI bridge to [bus 02]
[    5.800400] pci 0000:00:02.0:   bridge window [io  0x1000-0x1fff]
[    5.806555] pci 0000:00:02.0:   bridge window [mem 0x13100000-0x131fffff]
[    5.813353] pci 0000:00:02.0:   bridge window [mem 0x20000000-0x200fffff 64bit pref]
[    5.821173] pci 0000:00:01.0: nv_msi_ht_cap_quirk didn't locate host bridge
[    5.828370] pcieport 0000:00:01.0: enabling device (0140 -> 0142)
[    5.834966] pcieport 0000:00:01.0: Signaling PME through PCIe PME interrupt
[    5.841966] pci 0000:01:00.0: Signaling PME through PCIe PME interrupt
[    5.848514] pcie_pme 0000:00:01.0:pcie001: service driver pcie_pme loaded
[    5.855436] pci 0000:00:02.0: nv_msi_ht_cap_quirk didn't locate host bridge
[    5.862518] pcieport 0000:00:02.0: enabling device (0140 -> 0143)
[    5.869071] pcieport 0000:00:02.0: Signaling PME through PCIe PME interrupt
[    5.876043] pci 0000:02:00.0: Signaling PME through PCIe PME interrupt
[    5.882565] pcie_pme 0000:00:02.0:pcie001: service driver pcie_pme loaded
[    5.889803] r8169 Gigabit Ethernet driver 2.3LK-NAPI loaded
[    5.895431] r8169 0000:02:00.0: enabling device (0140 -> 0143)
[    5.917774] r8169 0000:02:00.0 eth0: RTL8168g/8111g at 0xf09fc000, 00:04:4b:3a:d9:81, XID 0c000800 IRQ 393
[    5.927466] r8169 0000:02:00.0 eth0: jumbo features [frames: 9200 bytes, tx checksumming: ko]
[    5.940022] [drm] Supports vblank timestamp caching Rev 2 (21.10.2013).
[    5.946685] [drm] No driver support for vblank timestamp query.
[    6.078167] tegra-hdmi 54280000.hdmi: cannot set audio to 44100 at 297000000 pclk
[    6.248559] Console: switching to colour frame buffer device 512x135
[    6.343055] drm drm: fb0:  frame buffer device
[    6.375167] [drm] Initialized tegra 0.0.0 20120330 on minor 0
[    6.382063] of: dev_pm_opp_of_cpumask_add_table: couldn't find opp table for cpu:0, -19
[    6.390190] cpufreq: cpufreq_online: CPU0: Running at unlisted freq: 696000 KHz
[    6.397557] cpufreq: cpufreq_online: CPU0: Unlisted initial frequency changed to: 714000 KHz
[    6.406855] input: gpio-keys as /devices/soc0/gpio-keys/input/input2
[    6.414265] as3722-rtc as3722-rtc: setting system clock to 2000-01-01 00:02:08 UTC (946684928)
[    6.427757] +USB0_VBUS_SW: disabling
[    6.431334] +1.8V_RUN_CAM: disabling
[    6.435138] +2.8V_RUN_CAM: disabling
[    6.438994] +1.2V_RUN_CAM_FRONT: disabling
[    6.443361] +1.05V_RUN_CAM_REAR: disabling
[    6.447729] +3.3V_RUN_TOUCH: disabling
[    6.451642] +2.8V_RUN_CAM_AF: disabling
[    6.455727] +1.8V_RUN_VPP_FUSE: disabling
[    6.460112] ALSA device list:
[    6.463075]   #0: tegra-hda at 0x70038000 irq 344
[    6.467798]   #1: NVIDIA Tegra Jetson TK1
[    6.472754] EXT4-fs (mmcblk0p1): mounting ext3 file system using the ext4 subsystem
[    6.525454] EXT4-fs (mmcblk0p1): recovery complete
[    6.530242] EXT4-fs (mmcblk0p1): mounted filesystem with ordered data mode. Opts: (null)
[    6.538356] VFS: Mounted root (ext3 filesystem) on device 179:1.
[    6.549535] devtmpfs: mounted
[    6.553049] Freeing unused kernel memory: 1024K (c0d00000 - c0e00000)
bash: cannot set terminal process group (-1): Inappropriate ioctl for device
bash: no job control in this shell
root@(none):/# mount -t sysfs none /sys
root@(none):/# 
root@(none):/# mount -t debugfs none /sys/kernel/debug
root@(none):/# 
root@(none):/# rtcwake -d rtc1 -m mem -s 3
rtcwake: assuming RTC uses UTC ...
rtcwake: wakeup from "mem" using /dev/rtc1 at Thu Jan  1 00:00:22 1970
[    9.287449] PM: Syncing filesystems ... done.
[    9.308008] Freezing user space processes ... (elapsed 0.001 seconds) done.
[    9.308255] Double checking all user space processes after OOM killer disable... (elapsed 0.000 seconds) 
[    9.310324] Freezing remaining freezable tasks ... (elapsed 0.002 seconds) done.
[    9.310336] Suspending console(s) (use no_console_suspend to debug)
[    9.756515] PM: suspend of devices complete after 170.202 msecs
[    9.758525] PM: late suspend of devices complete after 2.001 msecs
[    9.775894] PM: noirq suspend of devices complete after 17.363 msecs
[    9.775896] Disabling non-boot CPUs ...
[    9.805261] IRQ17 no longer affine to CPU1
[    9.805448] CPU1: shutdown
[    9.865531] CPU2: shutdown
[    9.945399] CPU3: shutdown
[    9.976092] Entering suspend state LP1
[    9.976120] Enabling non-boot CPUs ...
[   10.026516] CPU1 is up
[   10.076771] CPU2 is up
[   10.127110] CPU3 is up
[   10.127802] pcieport 0000:00:02.0: nv_msi_ht_cap_quirk didn't locate host bridge
[   10.127805] pcieport 0000:00:01.0: nv_msi_ht_cap_quirk didn't locate host bridge
[   10.145117] PM: noirq resume of devices complete after 18.001 msecs
[   10.146957] PM: early resume of devices complete after 1.312 msecs
[   10.153817] tegra-hdmi 54280000.hdmi: cannot set audio to 44100 at 297000000 pclk
[   10.195076] ------------[ cut here ]------------
[   10.195089] WARNING: CPU: 0 PID: 128 at drivers/gpu/drm/drm_atomic_helper.c:1115 drm_atomic_helper_wait_for_vblanks+0x224/0x230
[   10.195091] [CRTC:25] vblank wait timed out
[   10.195094] Modules linked in:
[   10.195099] CPU: 0 PID: 128 Comm: rtcwake Not tainted 4.7.0-rc5-next-20160629-103198-gb07695e #1
[   10.195101] Hardware name: NVIDIA Tegra SoC (Flattened Device Tree)
[   10.195115] [<c010f200>] (unwind_backtrace) from [<c010a85c>] (show_stack+0x10/0x14)
[   10.195123] [<c010a85c>] (show_stack) from [<c034245c>] (dump_stack+0x84/0xa4)
[   10.195131] [<c034245c>] (dump_stack) from [<c011f368>] (__warn+0xd4/0x100)
[   10.195137] [<c011f368>] (__warn) from [<c011f434>] (warn_slowpath_fmt+0x38/0x48)
[   10.195143] [<c011f434>] (warn_slowpath_fmt) from [<c0409ef8>] (drm_atomic_helper_wait_for_vblanks+0x224/0x230)
[   10.195150] [<c0409ef8>] (drm_atomic_helper_wait_for_vblanks) from [<c04304cc>] (tegra_atomic_complete+0x3c/0x54)
[   10.195154] [<c04304cc>] (tegra_atomic_complete) from [<c0430540>] (tegra_atomic_commit+0x5c/0x8c)
[   10.195160] [<c0430540>] (tegra_atomic_commit) from [<c042cb90>] (drm_atomic_commit+0x40/0x64)
[   10.195165] [<c042cb90>] (drm_atomic_commit) from [<c0409368>] (drm_atomic_helper_resume+0x28/0x3c)
[   10.195169] [<c0409368>] (drm_atomic_helper_resume) from [<c042fe8c>] (host1x_drm_resume+0x18/0x30)
[   10.195175] [<c042fe8c>] (host1x_drm_resume) from [<c044f40c>] (pm_generic_resume+0x2c/0x38)
[   10.195182] [<c044f40c>] (pm_generic_resume) from [<c04525d8>] (dpm_run_callback+0x1c/0x48)
[   10.195186] [<c04525d8>] (dpm_run_callback) from [<c04526bc>] (device_resume+0xb8/0x230)
[   10.195191] [<c04526bc>] (device_resume) from [<c0453d40>] (dpm_resume+0xe0/0x208)
[   10.195195] [<c0453d40>] (dpm_resume) from [<c0454008>] (dpm_resume_end+0xc/0x18)
[   10.195201] [<c0454008>] (dpm_resume_end) from [<c0163758>] (suspend_devices_and_enter+0x10c/0x3e8)
[   10.195206] [<c0163758>] (suspend_devices_and_enter) from [<c0163bd0>] (pm_suspend+0x19c/0x244)
[   10.195210] [<c0163bd0>] (pm_suspend) from [<c0162818>] (state_store+0x68/0xb8)
[   10.195216] [<c0162818>] (state_store) from [<c0344344>] (kobj_attr_store+0x14/0x20)
[   10.195224] [<c0344344>] (kobj_attr_store) from [<c025659c>] (sysfs_kf_write+0x44/0x48)
[   10.195230] [<c025659c>] (sysfs_kf_write) from [<c0255b94>] (kernfs_fop_write+0xc0/0x1e0)
[   10.195236] [<c0255b94>] (kernfs_fop_write) from [<c01f9654>] (__vfs_write+0x2c/0x114)
[   10.195242] [<c01f9654>] (__vfs_write) from [<c01fab34>] (vfs_write+0xa4/0x160)
[   10.195247] [<c01fab34>] (vfs_write) from [<c01fadcc>] (SyS_write+0x40/0x8c)
[   10.195252] [<c01fadcc>] (SyS_write) from [<c0107880>] (ret_fast_syscall+0x0/0x3c)
[   10.195255] ---[ end trace adaa83f5b5190cb3 ]---
[   10.232128] PM: resume of devices complete after 85.161 msecs
[   10.468070] ata1: SATA link down (SStatus 0 SControl 300)
[   10.574911] Restarting tasks ... done.
root@(none):/# 
root@(none):/# rtcwake -d rtc1 -m mem -s 3
rtcwake: assuming RTC uses UTC ...
rtcwake: wakeup from "mem" using /dev/rtc1 at Thu Jan  1 00:00:27 1970
[   11.522448] PM: Syncing filesystems ... done.
[   11.547709] Freezing user space processes ... (elapsed 0.001 seconds) done.
[   11.547925] Double checking all user space processes after OOM killer disable... (elapsed 0.000 seconds) 
[   11.549901] Freezing remaining freezable tasks ... (elapsed 0.001 seconds) done.
[   11.549911] Suspending console(s) (use no_console_suspend to debug)
[   11.997596] PM: suspend of devices complete after 177.813 msecs
[   12.004076] PM: late suspend of devices complete after 6.453 msecs
[   12.030366] PM: noirq suspend of devices complete after 26.263 msecs
[   12.030378] Disabling non-boot CPUs ...
[   12.067534] CPU1: shutdown
[   12.157335] CPU2: shutdown
[   12.237166] CPU3: shutdown
[   12.272051] Entering suspend state LP1
[   12.272079] Enabling non-boot CPUs ...
[   12.316490] CPU1 is up
[   12.366763] CPU2 is up
[   12.417066] CPU3 is up
[   12.417733] pcieport 0000:00:01.0: nv_msi_ht_cap_quirk didn't locate host bridge
[   12.417736] pcieport 0000:00:02.0: nv_msi_ht_cap_quirk didn't locate host bridge
[   12.435084] PM: noirq resume of devices complete after 18.012 msecs
[   12.437049] PM: early resume of devices complete after 1.426 msecs
[   12.443907] tegra-hdmi 54280000.hdmi: cannot set audio to 44100 at 297000000 pclk
[   12.485058] ------------[ cut here ]------------
[   12.485070] WARNING: CPU: 0 PID: 137 at drivers/gpu/drm/drm_atomic_helper.c:1115 drm_atomic_helper_wait_for_vblanks+0x224/0x230
[   12.485072] [CRTC:25] vblank wait timed out
[   12.485075] Modules linked in:
[   12.485080] CPU: 0 PID: 137 Comm: rtcwake Tainted: G        W       4.7.0-rc5-next-20160629-103198-gb07695e #1
[   12.485082] Hardware name: NVIDIA Tegra SoC (Flattened Device Tree)
[   12.485094] [<c010f200>] (unwind_backtrace) from [<c010a85c>] (show_stack+0x10/0x14)
[   12.485102] [<c010a85c>] (show_stack) from [<c034245c>] (dump_stack+0x84/0xa4)
[   12.485109] [<c034245c>] (dump_stack) from [<c011f368>] (__warn+0xd4/0x100)
[   12.485116] [<c011f368>] (__warn) from [<c011f434>] (warn_slowpath_fmt+0x38/0x48)
[   12.485122] [<c011f434>] (warn_slowpath_fmt) from [<c0409ef8>] (drm_atomic_helper_wait_for_vblanks+0x224/0x230)
[   12.485128] [<c0409ef8>] (drm_atomic_helper_wait_for_vblanks) from [<c04304cc>] (tegra_atomic_complete+0x3c/0x54)
[   12.485133] [<c04304cc>] (tegra_atomic_complete) from [<c0430540>] (tegra_atomic_commit+0x5c/0x8c)
[   12.485138] [<c0430540>] (tegra_atomic_commit) from [<c042cb90>] (drm_atomic_commit+0x40/0x64)
[   12.485143] [<c042cb90>] (drm_atomic_commit) from [<c0409368>] (drm_atomic_helper_resume+0x28/0x3c)
[   12.485148] [<c0409368>] (drm_atomic_helper_resume) from [<c042fe8c>] (host1x_drm_resume+0x18/0x30)
[   12.485154] [<c042fe8c>] (host1x_drm_resume) from [<c044f40c>] (pm_generic_resume+0x2c/0x38)
[   12.485160] [<c044f40c>] (pm_generic_resume) from [<c04525d8>] (dpm_run_callback+0x1c/0x48)
[   12.485165] [<c04525d8>] (dpm_run_callback) from [<c04526bc>] (device_resume+0xb8/0x230)
[   12.485169] [<c04526bc>] (device_resume) from [<c0453d40>] (dpm_resume+0xe0/0x208)
[   12.485173] [<c0453d40>] (dpm_resume) from [<c0454008>] (dpm_resume_end+0xc/0x18)
[   12.485178] [<c0454008>] (dpm_resume_end) from [<c0163758>] (suspend_devices_and_enter+0x10c/0x3e8)
[   12.485184] [<c0163758>] (suspend_devices_and_enter) from [<c0163bd0>] (pm_suspend+0x19c/0x244)
[   12.485188] [<c0163bd0>] (pm_suspend) from [<c0162818>] (state_store+0x68/0xb8)
[   12.485194] [<c0162818>] (state_store) from [<c0344344>] (kobj_attr_store+0x14/0x20)
[   12.485201] [<c0344344>] (kobj_attr_store) from [<c025659c>] (sysfs_kf_write+0x44/0x48)
[   12.485208] [<c025659c>] (sysfs_kf_write) from [<c0255b94>] (kernfs_fop_write+0xc0/0x1e0)
[   12.485214] [<c0255b94>] (kernfs_fop_write) from [<c01f9654>] (__vfs_write+0x2c/0x114)
[   12.485219] [<c01f9654>] (__vfs_write) from [<c01fab34>] (vfs_write+0xa4/0x160)
[   12.485224] [<c01fab34>] (vfs_write) from [<c01fadcc>] (SyS_write+0x40/0x8c)
[   12.485229] [<c01fadcc>] (SyS_write) from [<c0107880>] (ret_fast_syscall+0x0/0x3c)
[   12.485232] ---[ end trace adaa83f5b5190cb4 ]---
[   12.522157] PM: resume of devices complete after 85.098 msecs
[   12.758032] ata1: SATA link down (SStatus 0 SControl 300)
[   12.862039] Restarting tasks ... done.
root@(none):/# 
root@(none):/# rtcwake -d rtc1 -m mem -s 3
rtcwake: assuming RTC uses UTC ...
rtcwake: wakeup from "mem" using /dev/rtc1 at Thu Jan  1 00:00:32 1970
[   13.816481] PM: Syncing filesystems ... done.
[   13.845290] Freezing user space processes ... (elapsed 0.009 seconds) done.
[   13.845454] Double checking all user space processes after OOM killer disable... (elapsed 0.000 seconds) 
[   13.847315] Freezing remaining freezable tasks ... (elapsed 0.001 seconds) done.
[   13.847323] Suspending console(s) (use no_console_suspend to debug)
[   14.207172] PM: suspend of devices complete after 178.384 msecs
[   14.211562] PM: late suspend of devices complete after 4.372 msecs
[   14.228537] PM: noirq suspend of devices complete after 16.956 msecs
[   14.228545] Disabling non-boot CPUs ...
[   14.266614] CPU1: shutdown
[   14.326572] CPU2: shutdown
[   14.386431] CPU3: shutdown
[   14.419716] Entering suspend state LP1
[   14.419744] Enabling non-boot CPUs ...
[   14.466467] CPU1 is up
[   14.516729] CPU2 is up
[   14.567041] CPU3 is up
[   14.567743] pcieport 0000:00:01.0: nv_msi_ht_cap_quirk didn't locate host bridge
[   14.567746] pcieport 0000:00:02.0: nv_msi_ht_cap_quirk didn't locate host bridge
[   14.585053] PM: noirq resume of devices complete after 18.006 msecs
[   14.587076] PM: early resume of devices complete after 1.499 msecs
[   14.593950] tegra-hdmi 54280000.hdmi: cannot set audio to 44100 at 297000000 pclk
[   14.635027] ------------[ cut here ]------------
[   14.635048] WARNING: CPU: 0 PID: 147 at drivers/gpu/drm/drm_atomic_helper.c:1115 drm_atomic_helper_wait_for_vblanks+0x224/0x230
[   14.635051] [CRTC:25] vblank wait timed out
[   14.635058] Modules linked in:
[   14.635064] CPU: 0 PID: 147 Comm: rtcwake Tainted: G        W       4.7.0-rc5-next-20160629-103198-gb07695e #1
[   14.635066] Hardware name: NVIDIA Tegra SoC (Flattened Device Tree)
[   14.635080] [<c010f200>] (unwind_backtrace) from [<c010a85c>] (show_stack+0x10/0x14)
[   14.635091] [<c010a85c>] (show_stack) from [<c034245c>] (dump_stack+0x84/0xa4)
[   14.635099] [<c034245c>] (dump_stack) from [<c011f368>] (__warn+0xd4/0x100)
[   14.635105] [<c011f368>] (__warn) from [<c011f434>] (warn_slowpath_fmt+0x38/0x48)
[   14.635112] [<c011f434>] (warn_slowpath_fmt) from [<c0409ef8>] (drm_atomic_helper_wait_for_vblanks+0x224/0x230)
[   14.635118] [<c0409ef8>] (drm_atomic_helper_wait_for_vblanks) from [<c04304cc>] (tegra_atomic_complete+0x3c/0x54)
[   14.635123] [<c04304cc>] (tegra_atomic_complete) from [<c0430540>] (tegra_atomic_commit+0x5c/0x8c)
[   14.635128] [<c0430540>] (tegra_atomic_commit) from [<c042cb90>] (drm_atomic_commit+0x40/0x64)
[   14.635133] [<c042cb90>] (drm_atomic_commit) from [<c0409368>] (drm_atomic_helper_resume+0x28/0x3c)
[   14.635138] [<c0409368>] (drm_atomic_helper_resume) from [<c042fe8c>] (host1x_drm_resume+0x18/0x30)
[   14.635144] [<c042fe8c>] (host1x_drm_resume) from [<c044f40c>] (pm_generic_resume+0x2c/0x38)
[   14.635150] [<c044f40c>] (pm_generic_resume) from [<c04525d8>] (dpm_run_callback+0x1c/0x48)
[   14.635154] [<c04525d8>] (dpm_run_callback) from [<c04526bc>] (device_resume+0xb8/0x230)
[   14.635158] [<c04526bc>] (device_resume) from [<c0453d40>] (dpm_resume+0xe0/0x208)
[   14.635163] [<c0453d40>] (dpm_resume) from [<c0454008>] (dpm_resume_end+0xc/0x18)
[   14.635170] [<c0454008>] (dpm_resume_end) from [<c0163758>] (suspend_devices_and_enter+0x10c/0x3e8)
[   14.635177] [<c0163758>] (suspend_devices_and_enter) from [<c0163bd0>] (pm_suspend+0x19c/0x244)
[   14.635184] [<c0163bd0>] (pm_suspend) from [<c0162818>] (state_store+0x68/0xb8)
[   14.635193] [<c0162818>] (state_store) from [<c0344344>] (kobj_attr_store+0x14/0x20)
[   14.635202] [<c0344344>] (kobj_attr_store) from [<c025659c>] (sysfs_kf_write+0x44/0x48)
[   14.635209] [<c025659c>] (sysfs_kf_write) from [<c0255b94>] (kernfs_fop_write+0xc0/0x1e0)
[   14.635215] [<c0255b94>] (kernfs_fop_write) from [<c01f9654>] (__vfs_write+0x2c/0x114)
[   14.635220] [<c01f9654>] (__vfs_write) from [<c01fab34>] (vfs_write+0xa4/0x160)
[   14.635226] [<c01fab34>] (vfs_write) from [<c01fadcc>] (SyS_write+0x40/0x8c)
[   14.635232] [<c01fadcc>] (SyS_write) from [<c0107880>] (ret_fast_syscall+0x0/0x3c)
[   14.635256] ---[ end trace adaa83f5b5190cb5 ]---
[   14.672178] PM: resume of devices complete after 85.092 msecs
[   14.907990] ata1: SATA link down (SStatus 0 SControl 300)
[   15.012082] Restarting tasks ... done.
root@(none):/# 
root@(none):/# rtcwake -d rtc1 -m mem -s 3
rtcwake: assuming RTC uses UTC ...
rtcwake: wakeup from "mem" using /dev/rtc1 at Thu Jan  1 00:00:37 1970
[   15.971348] PM: Syncing filesystems ... done.
[   15.987653] Freezing user space processes ... (elapsed 0.001 seconds) done.
[   15.987855] Double checking all user space processes after OOM killer disable... (elapsed 0.000 seconds) 
[   15.989644] Freezing remaining freezable tasks ... (elapsed 0.001 seconds) done.
[   15.989652] Suspending console(s) (use no_console_suspend to debug)
[   16.397229] PM: suspend of devices complete after 212.722 msecs
[   16.403089] PM: late suspend of devices complete after 5.835 msecs
[   16.418385] PM: noirq suspend of devices complete after 15.276 msecs
[   16.418393] Disabling non-boot CPUs ...
[   16.446621] CPU1: shutdown
[   16.506550] CPU2: shutdown
[   16.565690] IRQ17 no longer affine to CPU3
[   16.566410] CPU3: shutdown
[   16.599688] Entering suspend state LP1
[   16.599716] Enabling non-boot CPUs ...
[   16.646451] CPU1 is up
[   16.696706] CPU2 is up
[   16.747016] CPU3 is up
[   16.747744] pcieport 0000:00:01.0: nv_msi_ht_cap_quirk didn't locate host bridge
[   16.747747] pcieport 0000:00:02.0: nv_msi_ht_cap_quirk didn't locate host bridge
[   16.765025] PM: noirq resume of devices complete after 18.004 msecs
[   16.766773] PM: early resume of devices complete after 1.221 msecs
[   16.773822] tegra-hdmi 54280000.hdmi: cannot set audio to 44100 at 297000000 pclk
[   16.814977] ------------[ cut here ]------------
[   16.814990] WARNING: CPU: 0 PID: 156 at drivers/gpu/drm/drm_atomic_helper.c:1115 drm_atomic_helper_wait_for_vblanks+0x224/0x230
[   16.814992] [CRTC:25] vblank wait timed out
[   16.814995] Modules linked in:
[   16.815000] CPU: 0 PID: 156 Comm: rtcwake Tainted: G        W       4.7.0-rc5-next-20160629-103198-gb07695e #1
[   16.815002] Hardware name: NVIDIA Tegra SoC (Flattened Device Tree)
[   16.815015] [<c010f200>] (unwind_backtrace) from [<c010a85c>] (show_stack+0x10/0x14)
[   16.815022] [<c010a85c>] (show_stack) from [<c034245c>] (dump_stack+0x84/0xa4)
[   16.815029] [<c034245c>] (dump_stack) from [<c011f368>] (__warn+0xd4/0x100)
[   16.815035] [<c011f368>] (__warn) from [<c011f434>] (warn_slowpath_fmt+0x38/0x48)
[   16.815042] [<c011f434>] (warn_slowpath_fmt) from [<c0409ef8>] (drm_atomic_helper_wait_for_vblanks+0x224/0x230)
[   16.815048] [<c0409ef8>] (drm_atomic_helper_wait_for_vblanks) from [<c04304cc>] (tegra_atomic_complete+0x3c/0x54)
[   16.815053] [<c04304cc>] (tegra_atomic_complete) from [<c0430540>] (tegra_atomic_commit+0x5c/0x8c)
[   16.815059] [<c0430540>] (tegra_atomic_commit) from [<c042cb90>] (drm_atomic_commit+0x40/0x64)
[   16.815064] [<c042cb90>] (drm_atomic_commit) from [<c0409368>] (drm_atomic_helper_resume+0x28/0x3c)
[   16.815068] [<c0409368>] (drm_atomic_helper_resume) from [<c042fe8c>] (host1x_drm_resume+0x18/0x30)
[   16.815074] [<c042fe8c>] (host1x_drm_resume) from [<c044f40c>] (pm_generic_resume+0x2c/0x38)
[   16.815081] [<c044f40c>] (pm_generic_resume) from [<c04525d8>] (dpm_run_callback+0x1c/0x48)
[   16.815085] [<c04525d8>] (dpm_run_callback) from [<c04526bc>] (device_resume+0xb8/0x230)
[   16.815089] [<c04526bc>] (device_resume) from [<c0453d40>] (dpm_resume+0xe0/0x208)
[   16.815094] [<c0453d40>] (dpm_resume) from [<c0454008>] (dpm_resume_end+0xc/0x18)
[   16.815099] [<c0454008>] (dpm_resume_end) from [<c0163758>] (suspend_devices_and_enter+0x10c/0x3e8)
[   16.815104] [<c0163758>] (suspend_devices_and_enter) from [<c0163bd0>] (pm_suspend+0x19c/0x244)
[   16.815109] [<c0163bd0>] (pm_suspend) from [<c0162818>] (state_store+0x68/0xb8)
[   16.815115] [<c0162818>] (state_store) from [<c0344344>] (kobj_attr_store+0x14/0x20)
[   16.815122] [<c0344344>] (kobj_attr_store) from [<c025659c>] (sysfs_kf_write+0x44/0x48)
[   16.815128] [<c025659c>] (sysfs_kf_write) from [<c0255b94>] (kernfs_fop_write+0xc0/0x1e0)
[   16.815135] [<c0255b94>] (kernfs_fop_write) from [<c01f9654>] (__vfs_write+0x2c/0x114)
[   16.815140] [<c01f9654>] (__vfs_write) from [<c01fab34>] (vfs_write+0xa4/0x160)
[   16.815145] [<c01fab34>] (vfs_write) from [<c01fadcc>] (SyS_write+0x40/0x8c)
[   16.815150] [<c01fadcc>] (SyS_write) from [<c0107880>] (ret_fast_syscall+0x0/0x3c)
[   16.815153] ---[ end trace adaa83f5b5190cb6 ]---
[   16.852007] PM: resume of devices complete after 85.227 msecs
[   17.087890] ata1: SATA link down (SStatus 0 SControl 300)
[   17.196230] Restarting tasks ... done.
root@(none):/# 
root@(none):/# rtcwake -d rtc1 -m mem -s 3
rtcwake: assuming RTC uses UTC ...
rtcwake: wakeup from "mem" using /dev/rtc1 at Thu Jan  1 00:00:42 1970
[   18.156176] PM: Syncing filesystems ... done.
[   18.185368] Freezing user space processes ... (elapsed 0.009 seconds) done.
[   18.185489] Double checking all user space processes after OOM killer disable... (elapsed 0.000 seconds) 
[   18.187081] Freezing remaining freezable tasks ... (elapsed 0.001 seconds) done.
[   18.187086] Suspending console(s) (use no_console_suspend to debug)
[   18.496771] PM: suspend of devices complete after 184.617 msecs
[   18.499524] PM: late suspend of devices complete after 2.737 msecs
[   18.517110] PM: noirq suspend of devices complete after 17.574 msecs
[   18.517115] Disabling non-boot CPUs ...
[   18.555937] CPU1: shutdown
[   18.625937] CPU2: shutdown
[   18.685812] CPU3: shutdown
[   18.717798] Entering suspend state LP1
[   18.717826] Enabling non-boot CPUs ...
[   18.766433] CPU1 is up
[   18.816668] CPU2 is up
[   18.866987] CPU3 is up
[   18.867694] pcieport 0000:00:01.0: nv_msi_ht_cap_quirk didn't locate host bridge
[   18.867763] pcieport 0000:00:02.0: nv_msi_ht_cap_quirk didn't locate host bridge
[   18.884993] PM: noirq resume of devices complete after 18.000 msecs
[   18.887160] PM: early resume of devices complete after 1.637 msecs
[   18.893894] tegra-hdmi 54280000.hdmi: cannot set audio to 44100 at 297000000 pclk
[   18.934951] ------------[ cut here ]------------
[   18.934964] WARNING: CPU: 0 PID: 164 at drivers/gpu/drm/drm_atomic_helper.c:1115 drm_atomic_helper_wait_for_vblanks+0x224/0x230
[   18.934966] [CRTC:25] vblank wait timed out
[   18.934969] Modules linked in:
[   18.934974] CPU: 0 PID: 164 Comm: rtcwake Tainted: G        W       4.7.0-rc5-next-20160629-103198-gb07695e #1
[   18.934976] Hardware name: NVIDIA Tegra SoC (Flattened Device Tree)
[   18.934989] [<c010f200>] (unwind_backtrace) from [<c010a85c>] (show_stack+0x10/0x14)
[   18.934996] [<c010a85c>] (show_stack) from [<c034245c>] (dump_stack+0x84/0xa4)
[   18.935004] [<c034245c>] (dump_stack) from [<c011f368>] (__warn+0xd4/0x100)
[   18.935010] [<c011f368>] (__warn) from [<c011f434>] (warn_slowpath_fmt+0x38/0x48)
[   18.935016] [<c011f434>] (warn_slowpath_fmt) from [<c0409ef8>] (drm_atomic_helper_wait_for_vblanks+0x224/0x230)
[   18.935023] [<c0409ef8>] (drm_atomic_helper_wait_for_vblanks) from [<c04304cc>] (tegra_atomic_complete+0x3c/0x54)
[   18.935027] [<c04304cc>] (tegra_atomic_complete) from [<c0430540>] (tegra_atomic_commit+0x5c/0x8c)
[   18.935033] [<c0430540>] (tegra_atomic_commit) from [<c042cb90>] (drm_atomic_commit+0x40/0x64)
[   18.935038] [<c042cb90>] (drm_atomic_commit) from [<c0409368>] (drm_atomic_helper_resume+0x28/0x3c)
[   18.935043] [<c0409368>] (drm_atomic_helper_resume) from [<c042fe8c>] (host1x_drm_resume+0x18/0x30)
[   18.935049] [<c042fe8c>] (host1x_drm_resume) from [<c044f40c>] (pm_generic_resume+0x2c/0x38)
[   18.935055] [<c044f40c>] (pm_generic_resume) from [<c04525d8>] (dpm_run_callback+0x1c/0x48)
[   18.935060] [<c04525d8>] (dpm_run_callback) from [<c04526bc>] (device_resume+0xb8/0x230)
[   18.935064] [<c04526bc>] (device_resume) from [<c0453d40>] (dpm_resume+0xe0/0x208)
[   18.935068] [<c0453d40>] (dpm_resume) from [<c0454008>] (dpm_resume_end+0xc/0x18)
[   18.935074] [<c0454008>] (dpm_resume_end) from [<c0163758>] (suspend_devices_and_enter+0x10c/0x3e8)
[   18.935079] [<c0163758>] (suspend_devices_and_enter) from [<c0163bd0>] (pm_suspend+0x19c/0x244)
[   18.935084] [<c0163bd0>] (pm_suspend) from [<c0162818>] (state_store+0x68/0xb8)
[   18.935090] [<c0162818>] (state_store) from [<c0344344>] (kobj_attr_store+0x14/0x20)
[   18.935097] [<c0344344>] (kobj_attr_store) from [<c025659c>] (sysfs_kf_write+0x44/0x48)
[   18.935104] [<c025659c>] (sysfs_kf_write) from [<c0255b94>] (kernfs_fop_write+0xc0/0x1e0)
[   18.935110] [<c0255b94>] (kernfs_fop_write) from [<c01f9654>] (__vfs_write+0x2c/0x114)
[   18.935115] [<c01f9654>] (__vfs_write) from [<c01fab34>] (vfs_write+0xa4/0x160)
[   18.935120] [<c01fab34>] (vfs_write) from [<c01fadcc>] (SyS_write+0x40/0x8c)
[   18.935125] [<c01fadcc>] (SyS_write) from [<c0107880>] (ret_fast_syscall+0x0/0x3c)
[   18.935128] ---[ end trace adaa83f5b5190cb7 ]---
[   18.972001] PM: resume of devices complete after 84.832 msecs
[   19.207910] ata1: SATA link down (SStatus 0 SControl 300)
[   19.311923] Restarting tasks ... done.
root@(none):/# 
root@(none):/# rtcwake -d rtc1 -m mem -s 3
rtcwake: assuming RTC uses UTC ...
rtcwake: wakeup from "mem" using /dev/rtc1 at Thu Jan  1 00:00:47 1970
[   20.242694] PM: Syncing filesystems ... done.
[   20.258204] Freezing user space processes ... (elapsed 0.001 seconds) done.
[   20.258517] Double checking all user space processes after OOM killer disable... (elapsed 0.000 seconds) 
[   20.260549] Freezing remaining freezable tasks ... (elapsed 0.001 seconds) done.
[   20.260561] Suspending console(s) (use no_console_suspend to debug)
[   20.736345] PM: suspend of devices complete after 201.777 msecs
[   20.738235] PM: late suspend of devices complete after 1.881 msecs
[   20.755671] PM: noirq suspend of devices complete after 17.430 msecs
[   20.755673] Disabling non-boot CPUs ...
[   20.795279] CPU1: shutdown
[   20.855265] CPU2: shutdown
[   20.915225] CPU3: shutdown
[   20.945848] Entering suspend state LP1
[   20.945875] Enabling non-boot CPUs ...
[   20.996277] CPU1 is up
[   21.046484] CPU2 is up
[   21.096779] CPU3 is up
[   21.097446] pcieport 0000:00:02.0: nv_msi_ht_cap_quirk didn't locate host bridge
[   21.097449] pcieport 0000:00:01.0: nv_msi_ht_cap_quirk didn't locate host bridge
[   21.114963] PM: noirq resume of devices complete after 18.179 msecs
[   21.116798] PM: early resume of devices complete after 1.303 msecs
[   21.123545] tegra-hdmi 54280000.hdmi: cannot set audio to 44100 at 297000000 pclk
[   21.164924] ------------[ cut here ]------------
[   21.164937] WARNING: CPU: 0 PID: 172 at drivers/gpu/drm/drm_atomic_helper.c:1115 drm_atomic_helper_wait_for_vblanks+0x224/0x230
[   21.164939] [CRTC:25] vblank wait timed out
[   21.164942] Modules linked in:
[   21.164947] CPU: 0 PID: 172 Comm: rtcwake Tainted: G        W       4.7.0-rc5-next-20160629-103198-gb07695e #1
[   21.164949] Hardware name: NVIDIA Tegra SoC (Flattened Device Tree)
[   21.164961] [<c010f200>] (unwind_backtrace) from [<c010a85c>] (show_stack+0x10/0x14)
[   21.164969] [<c010a85c>] (show_stack) from [<c034245c>] (dump_stack+0x84/0xa4)
[   21.164976] [<c034245c>] (dump_stack) from [<c011f368>] (__warn+0xd4/0x100)
[   21.164982] [<c011f368>] (__warn) from [<c011f434>] (warn_slowpath_fmt+0x38/0x48)
[   21.164988] [<c011f434>] (warn_slowpath_fmt) from [<c0409ef8>] (drm_atomic_helper_wait_for_vblanks+0x224/0x230)
[   21.164994] [<c0409ef8>] (drm_atomic_helper_wait_for_vblanks) from [<c04304cc>] (tegra_atomic_complete+0x3c/0x54)
[   21.164999] [<c04304cc>] (tegra_atomic_complete) from [<c0430540>] (tegra_atomic_commit+0x5c/0x8c)
[   21.165004] [<c0430540>] (tegra_atomic_commit) from [<c042cb90>] (drm_atomic_commit+0x40/0x64)
[   21.165009] [<c042cb90>] (drm_atomic_commit) from [<c0409368>] (drm_atomic_helper_resume+0x28/0x3c)
[   21.165013] [<c0409368>] (drm_atomic_helper_resume) from [<c042fe8c>] (host1x_drm_resume+0x18/0x30)
[   21.165019] [<c042fe8c>] (host1x_drm_resume) from [<c044f40c>] (pm_generic_resume+0x2c/0x38)
[   21.165026] [<c044f40c>] (pm_generic_resume) from [<c04525d8>] (dpm_run_callback+0x1c/0x48)
[   21.165030] [<c04525d8>] (dpm_run_callback) from [<c04526bc>] (device_resume+0xb8/0x230)
[   21.165034] [<c04526bc>] (device_resume) from [<c0453d40>] (dpm_resume+0xe0/0x208)
[   21.165038] [<c0453d40>] (dpm_resume) from [<c0454008>] (dpm_resume_end+0xc/0x18)
[   21.165043] [<c0454008>] (dpm_resume_end) from [<c0163758>] (suspend_devices_and_enter+0x10c/0x3e8)
[   21.165048] [<c0163758>] (suspend_devices_and_enter) from [<c0163bd0>] (pm_suspend+0x19c/0x244)
[   21.165052] [<c0163bd0>] (pm_suspend) from [<c0162818>] (state_store+0x68/0xb8)
[   21.165058] [<c0162818>] (state_store) from [<c0344344>] (kobj_attr_store+0x14/0x20)
[   21.165066] [<c0344344>] (kobj_attr_store) from [<c025659c>] (sysfs_kf_write+0x44/0x48)
[   21.165072] [<c025659c>] (sysfs_kf_write) from [<c0255b94>] (kernfs_fop_write+0xc0/0x1e0)
[   21.165078] [<c0255b94>] (kernfs_fop_write) from [<c01f9654>] (__vfs_write+0x2c/0x114)
[   21.165083] [<c01f9654>] (__vfs_write) from [<c01fab34>] (vfs_write+0xa4/0x160)
[   21.165088] [<c01fab34>] (vfs_write) from [<c01fadcc>] (SyS_write+0x40/0x8c)
[   21.165093] [<c01fadcc>] (SyS_write) from [<c0107880>] (ret_fast_syscall+0x0/0x3c)
[   21.165096] ---[ end trace adaa83f5b5190cb8 ]---
[   21.201160] PM: resume of devices complete after 84.352 msecs
[   21.437853] ata1: SATA link down (SStatus 0 SControl 300)
[   21.541020] Restarting tasks ... done.
root@(none):/# 
root@(none):/# rtcwake -d rtc1 -m mem -s 3
rtcwake: assuming RTC uses UTC ...
rtcwake: wakeup from "mem" using /dev/rtc1 at Thu Jan  1 00:00:52 1970
[   22.477033] PM: Syncing filesystems ... done.
[   22.515334] Freezing user space processes ... (elapsed 0.019 seconds) done.
[   22.515605] Double checking all user space processes after OOM killer disable... (elapsed 0.000 seconds) 
[   22.517646] Freezing remaining freezable tasks ... (elapsed 0.002 seconds) done.
[   22.517657] Suspending console(s) (use no_console_suspend to debug)
[   22.967622] PM: suspend of devices complete after 198.278 msecs
[   22.976978] PM: late suspend of devices complete after 9.319 msecs
[   23.000405] PM: noirq suspend of devices complete after 23.399 msecs
[   23.000417] Disabling non-boot CPUs ...
[   23.027290] CPU1: shutdown
[   23.117296] CPU2: shutdown
[   23.207068] CPU3: shutdown
[   23.261800] Entering suspend state LP1
[   23.261829] Enabling non-boot CPUs ...
[   23.306383] CPU1 is up
[   23.356612] CPU2 is up
[   23.406929] CPU3 is up
[   23.407638] pcieport 0000:00:02.0: nv_msi_ht_cap_quirk didn't locate host bridge
[   23.407642] pcieport 0000:00:01.0: nv_msi_ht_cap_quirk didn't locate host bridge
[   23.424933] PM: noirq resume of devices complete after 17.998 msecs
[   23.426877] PM: early resume of devices complete after 1.410 msecs
[   23.433871] tegra-hdmi 54280000.hdmi: cannot set audio to 44100 at 297000000 pclk
[   23.474891] ------------[ cut here ]------------
[   23.474904] WARNING: CPU: 0 PID: 178 at drivers/gpu/drm/drm_atomic_helper.c:1115 drm_atomic_helper_wait_for_vblanks+0x224/0x230
[   23.474906] [CRTC:25] vblank wait timed out
[   23.474909] Modules linked in:
[   23.474914] CPU: 0 PID: 178 Comm: rtcwake Tainted: G        W       4.7.0-rc5-next-20160629-103198-gb07695e #1
[   23.474916] Hardware name: NVIDIA Tegra SoC (Flattened Device Tree)
[   23.474929] [<c010f200>] (unwind_backtrace) from [<c010a85c>] (show_stack+0x10/0x14)
[   23.474937] [<c010a85c>] (show_stack) from [<c034245c>] (dump_stack+0x84/0xa4)
[   23.474944] [<c034245c>] (dump_stack) from [<c011f368>] (__warn+0xd4/0x100)
[   23.474951] [<c011f368>] (__warn) from [<c011f434>] (warn_slowpath_fmt+0x38/0x48)
[   23.474957] [<c011f434>] (warn_slowpath_fmt) from [<c0409ef8>] (drm_atomic_helper_wait_for_vblanks+0x224/0x230)
[   23.474963] [<c0409ef8>] (drm_atomic_helper_wait_for_vblanks) from [<c04304cc>] (tegra_atomic_complete+0x3c/0x54)
[   23.474968] [<c04304cc>] (tegra_atomic_complete) from [<c0430540>] (tegra_atomic_commit+0x5c/0x8c)
[   23.474974] [<c0430540>] (tegra_atomic_commit) from [<c042cb90>] (drm_atomic_commit+0x40/0x64)
[   23.474979] [<c042cb90>] (drm_atomic_commit) from [<c0409368>] (drm_atomic_helper_resume+0x28/0x3c)
[   23.474983] [<c0409368>] (drm_atomic_helper_resume) from [<c042fe8c>] (host1x_drm_resume+0x18/0x30)
[   23.474989] [<c042fe8c>] (host1x_drm_resume) from [<c044f40c>] (pm_generic_resume+0x2c/0x38)
[   23.474996] [<c044f40c>] (pm_generic_resume) from [<c04525d8>] (dpm_run_callback+0x1c/0x48)
[   23.475000] [<c04525d8>] (dpm_run_callback) from [<c04526bc>] (device_resume+0xb8/0x230)
[   23.475004] [<c04526bc>] (device_resume) from [<c0453d40>] (dpm_resume+0xe0/0x208)
[   23.475008] [<c0453d40>] (dpm_resume) from [<c0454008>] (dpm_resume_end+0xc/0x18)
[   23.475014] [<c0454008>] (dpm_resume_end) from [<c0163758>] (suspend_devices_and_enter+0x10c/0x3e8)
[   23.475019] [<c0163758>] (suspend_devices_and_enter) from [<c0163bd0>] (pm_suspend+0x19c/0x244)
[   23.475023] [<c0163bd0>] (pm_suspend) from [<c0162818>] (state_store+0x68/0xb8)
[   23.475029] [<c0162818>] (state_store) from [<c0344344>] (kobj_attr_store+0x14/0x20)
[   23.475037] [<c0344344>] (kobj_attr_store) from [<c025659c>] (sysfs_kf_write+0x44/0x48)
[   23.475043] [<c025659c>] (sysfs_kf_write) from [<c0255b94>] (kernfs_fop_write+0xc0/0x1e0)
[   23.475049] [<c0255b94>] (kernfs_fop_write) from [<c01f9654>] (__vfs_write+0x2c/0x114)
[   23.475054] [<c01f9654>] (__vfs_write) from [<c01fab34>] (vfs_write+0xa4/0x160)
[   23.475060] [<c01fab34>] (vfs_write) from [<c01fadcc>] (SyS_write+0x40/0x8c)
[   23.475065] [<c01fadcc>] (SyS_write) from [<c0107880>] (ret_fast_syscall+0x0/0x3c)
[   23.475068] ---[ end trace adaa83f5b5190cb9 ]---
[   23.511927] PM: resume of devices complete after 85.039 msecs
[   23.747844] ata1: SATA link down (SStatus 0 SControl 300)
[   23.851804] Restarting tasks ... done.
root@(none):/# 
root@(none):/# rtcwake -d rtc1 -m mem -s 3
rtcwake: assuming RTC uses UTC ...
rtcwake: wakeup from "mem" using /dev/rtc1 at Thu Jan  1 00:00:57 1970
[   24.804169] PM: Syncing filesystems ... done.
[   24.827137] Freezing user space processes ... (elapsed 0.001 seconds) done.
[   24.827318] Double checking all user space processes after OOM killer disable... (elapsed 0.000 seconds) 
[   24.829066] Freezing remaining freezable tasks ... (elapsed 0.001 seconds) done.
[   24.829074] Suspending console(s) (use no_console_suspend to debug)
[   25.196977] PM: suspend of devices complete after 181.193 msecs
[   25.201368] PM: late suspend of devices complete after 4.373 msecs
[   25.217916] PM: noirq suspend of devices complete after 16.531 msecs
[   25.217924] Disabling non-boot CPUs ...
[   25.246535] CPU1: shutdown
[   25.305724] IRQ17 no longer affine to CPU2
[   25.306469] CPU2: shutdown
[   25.366297] CPU3: shutdown
[   25.399568] Entering suspend state LP1
[   25.399596] Enabling non-boot CPUs ...
[   25.446352] CPU1 is up
[   25.496587] CPU2 is up
[   25.546910] CPU3 is up
[   25.547626] pcieport 0000:00:01.0: nv_msi_ht_cap_quirk didn't locate host bridge
[   25.547629] pcieport 0000:00:02.0: nv_msi_ht_cap_quirk didn't locate host bridge
[   25.564905] PM: noirq resume of devices complete after 17.990 msecs
[   25.566587] PM: early resume of devices complete after 1.157 msecs
[   25.573430] tegra-hdmi 54280000.hdmi: cannot set audio to 44100 at 297000000 pclk
[   25.614857] ------------[ cut here ]------------
[   25.614869] WARNING: CPU: 0 PID: 183 at drivers/gpu/drm/drm_atomic_helper.c:1115 drm_atomic_helper_wait_for_vblanks+0x224/0x230
[   25.614871] [CRTC:25] vblank wait timed out
[   25.614874] Modules linked in:
[   25.614879] CPU: 0 PID: 183 Comm: rtcwake Tainted: G        W       4.7.0-rc5-next-20160629-103198-gb07695e #1
[   25.614881] Hardware name: NVIDIA Tegra SoC (Flattened Device Tree)
[   25.614894] [<c010f200>] (unwind_backtrace) from [<c010a85c>] (show_stack+0x10/0x14)
[   25.614901] [<c010a85c>] (show_stack) from [<c034245c>] (dump_stack+0x84/0xa4)
[   25.614909] [<c034245c>] (dump_stack) from [<c011f368>] (__warn+0xd4/0x100)
[   25.614915] [<c011f368>] (__warn) from [<c011f434>] (warn_slowpath_fmt+0x38/0x48)
[   25.614921] [<c011f434>] (warn_slowpath_fmt) from [<c0409ef8>] (drm_atomic_helper_wait_for_vblanks+0x224/0x230)
[   25.614927] [<c0409ef8>] (drm_atomic_helper_wait_for_vblanks) from [<c04304cc>] (tegra_atomic_complete+0x3c/0x54)
[   25.614932] [<c04304cc>] (tegra_atomic_complete) from [<c0430540>] (tegra_atomic_commit+0x5c/0x8c)
[   25.614937] [<c0430540>] (tegra_atomic_commit) from [<c042cb90>] (drm_atomic_commit+0x40/0x64)
[   25.614942] [<c042cb90>] (drm_atomic_commit) from [<c0409368>] (drm_atomic_helper_resume+0x28/0x3c)
[   25.614947] [<c0409368>] (drm_atomic_helper_resume) from [<c042fe8c>] (host1x_drm_resume+0x18/0x30)
[   25.614953] [<c042fe8c>] (host1x_drm_resume) from [<c044f40c>] (pm_generic_resume+0x2c/0x38)
[   25.614959] [<c044f40c>] (pm_generic_resume) from [<c04525d8>] (dpm_run_callback+0x1c/0x48)
[   25.614964] [<c04525d8>] (dpm_run_callback) from [<c04526bc>] (device_resume+0xb8/0x230)
[   25.614968] [<c04526bc>] (device_resume) from [<c0453d40>] (dpm_resume+0xe0/0x208)
[   25.614972] [<c0453d40>] (dpm_resume) from [<c0454008>] (dpm_resume_end+0xc/0x18)
[   25.614977] [<c0454008>] (dpm_resume_end) from [<c0163758>] (suspend_devices_and_enter+0x10c/0x3e8)
[   25.614983] [<c0163758>] (suspend_devices_and_enter) from [<c0163bd0>] (pm_suspend+0x19c/0x244)
[   25.614987] [<c0163bd0>] (pm_suspend) from [<c0162818>] (state_store+0x68/0xb8)
[   25.614993] [<c0162818>] (state_store) from [<c0344344>] (kobj_attr_store+0x14/0x20)
[   25.615000] [<c0344344>] (kobj_attr_store) from [<c025659c>] (sysfs_kf_write+0x44/0x48)
[   25.615007] [<c025659c>] (sysfs_kf_write) from [<c0255b94>] (kernfs_fop_write+0xc0/0x1e0)
[   25.615013] [<c0255b94>] (kernfs_fop_write) from [<c01f9654>] (__vfs_write+0x2c/0x114)
[   25.615018] [<c01f9654>] (__vfs_write) from [<c01fab34>] (vfs_write+0xa4/0x160)
[   25.615023] [<c01fab34>] (vfs_write) from [<c01fadcc>] (SyS_write+0x40/0x8c)
[   25.615028] [<c01fadcc>] (SyS_write) from [<c0107880>] (ret_fast_syscall+0x0/0x3c)
[   25.615031] ---[ end trace adaa83f5b5190cba ]---
[   25.651891] PM: resume of devices complete after 85.298 msecs
[   25.887739] ata1: SATA link down (SStatus 0 SControl 300)
[   25.995843] Restarting tasks ... done.
root@(none):/# 
root@(none):/# rtcwake -d rtc1 -m mem -s 3
rtcwake: assuming RTC uses UTC ...
rtcwake: wakeup from "mem" using /dev/rtc1 at Thu Jan  1 00:01:02 1970
[   26.949577] PM: Syncing filesystems ... done.
[   26.977650] Freezing user space processes ... (elapsed 0.001 seconds) done.
[   26.977921] Double checking all user space processes after OOM killer disable... (elapsed 0.000 seconds) 
[   26.979849] Freezing remaining freezable tasks ... (elapsed 0.001 seconds) done.
[   26.979860] Suspending console(s) (use no_console_suspend to debug)
[   27.467556] PM: suspend of devices complete after 219.235 msecs
[   27.475455] PM: late suspend of devices complete after 7.864 msecs
[   27.500160] PM: noirq suspend of devices complete after 24.676 msecs
[   27.500172] Disabling non-boot CPUs ...
[   27.527233] CPU1: shutdown
[   27.607158] CPU2: shutdown
[   27.666960] CPU3: shutdown
[   27.701842] Entering suspend state LP1
[   27.701870] Enabling non-boot CPUs ...
[   27.746317] CPU1 is up
[   27.796541] CPU2 is up
[   27.846869] CPU3 is up
[   27.847623] pcieport 0000:00:02.0: nv_msi_ht_cap_quirk didn't locate host bridge
[   27.847625] pcieport 0000:00:01.0: nv_msi_ht_cap_quirk didn't locate host bridge
[   27.864870] PM: noirq resume of devices complete after 17.995 msecs
[   27.866557] PM: early resume of devices complete after 1.167 msecs
[   27.873569] tegra-hdmi 54280000.hdmi: cannot set audio to 44100 at 297000000 pclk
[   27.914821] ------------[ cut here ]------------
[   27.914834] WARNING: CPU: 0 PID: 188 at drivers/gpu/drm/drm_atomic_helper.c:1115 drm_atomic_helper_wait_for_vblanks+0x224/0x230
[   27.914836] [CRTC:25] vblank wait timed out
[   27.914839] Modules linked in:
[   27.914844] CPU: 0 PID: 188 Comm: rtcwake Tainted: G        W       4.7.0-rc5-next-20160629-103198-gb07695e #1
[   27.914846] Hardware name: NVIDIA Tegra SoC (Flattened Device Tree)
[   27.914859] [<c010f200>] (unwind_backtrace) from [<c010a85c>] (show_stack+0x10/0x14)
[   27.914867] [<c010a85c>] (show_stack) from [<c034245c>] (dump_stack+0x84/0xa4)
[   27.914874] [<c034245c>] (dump_stack) from [<c011f368>] (__warn+0xd4/0x100)
[   27.914880] [<c011f368>] (__warn) from [<c011f434>] (warn_slowpath_fmt+0x38/0x48)
[   27.914886] [<c011f434>] (warn_slowpath_fmt) from [<c0409ef8>] (drm_atomic_helper_wait_for_vblanks+0x224/0x230)
[   27.914892] [<c0409ef8>] (drm_atomic_helper_wait_for_vblanks) from [<c04304cc>] (tegra_atomic_complete+0x3c/0x54)
[   27.914897] [<c04304cc>] (tegra_atomic_complete) from [<c0430540>] (tegra_atomic_commit+0x5c/0x8c)
[   27.914903] [<c0430540>] (tegra_atomic_commit) from [<c042cb90>] (drm_atomic_commit+0x40/0x64)
[   27.914908] [<c042cb90>] (drm_atomic_commit) from [<c0409368>] (drm_atomic_helper_resume+0x28/0x3c)
[   27.914912] [<c0409368>] (drm_atomic_helper_resume) from [<c042fe8c>] (host1x_drm_resume+0x18/0x30)
[   27.914919] [<c042fe8c>] (host1x_drm_resume) from [<c044f40c>] (pm_generic_resume+0x2c/0x38)
[   27.914925] [<c044f40c>] (pm_generic_resume) from [<c04525d8>] (dpm_run_callback+0x1c/0x48)
[   27.914929] [<c04525d8>] (dpm_run_callback) from [<c04526bc>] (device_resume+0xb8/0x230)
[   27.914933] [<c04526bc>] (device_resume) from [<c0453d40>] (dpm_resume+0xe0/0x208)
[   27.914938] [<c0453d40>] (dpm_resume) from [<c0454008>] (dpm_resume_end+0xc/0x18)
[   27.914943] [<c0454008>] (dpm_resume_end) from [<c0163758>] (suspend_devices_and_enter+0x10c/0x3e8)
[   27.914948] [<c0163758>] (suspend_devices_and_enter) from [<c0163bd0>] (pm_suspend+0x19c/0x244)
[   27.914952] [<c0163bd0>] (pm_suspend) from [<c0162818>] (state_store+0x68/0xb8)
[   27.914958] [<c0162818>] (state_store) from [<c0344344>] (kobj_attr_store+0x14/0x20)
[   27.914966] [<c0344344>] (kobj_attr_store) from [<c025659c>] (sysfs_kf_write+0x44/0x48)
[   27.914972] [<c025659c>] (sysfs_kf_write) from [<c0255b94>] (kernfs_fop_write+0xc0/0x1e0)
[   27.914978] [<c0255b94>] (kernfs_fop_write) from [<c01f9654>] (__vfs_write+0x2c/0x114)
[   27.914984] [<c01f9654>] (__vfs_write) from [<c01fab34>] (vfs_write+0xa4/0x160)
[   27.914989] [<c01fab34>] (vfs_write) from [<c01fadcc>] (SyS_write+0x40/0x8c)
[   27.914994] [<c01fadcc>] (SyS_write) from [<c0107880>] (ret_fast_syscall+0x0/0x3c)
[   27.914997] ---[ end trace adaa83f5b5190cbb ]---
[   27.951840] PM: resume of devices complete after 85.277 msecs
[   28.187762] ata1: SATA link down (SStatus 0 SControl 300)
[   28.291783] Restarting tasks ... done.
root@(none):/# 
root@(none):/# rtcwake -d rtc1 -m mem -s 3
rtcwake: assuming RTC uses UTC ...
rtcwake: wakeup from "mem" using /dev/rtc1 at Thu Jan  1 00:01:07 1970
[   29.246852] PM: Syncing filesystems ... done.
[   29.275261] Freezing user space processes ... (elapsed 0.009 seconds) done.
[   29.275555] Double checking all user space processes after OOM killer disable... (elapsed 0.000 seconds) 
[   29.277743] Freezing remaining freezable tasks ... (elapsed 0.002 seconds) done.
[   29.277754] Suspending console(s) (use no_console_suspend to debug)
[   29.717429] PM: suspend of devices complete after 173.770 msecs
[   29.723917] PM: late suspend of devices complete after 6.461 msecs
[   29.749279] PM: noirq suspend of devices complete after 25.336 msecs
[   29.749291] Disabling non-boot CPUs ...
[   29.777316] CPU1: shutdown
[   29.847066] CPU2: shutdown
[   29.916914] CPU3: shutdown
[   29.951822] Entering suspend state LP1
[   29.951850] Enabling non-boot CPUs ...
[   29.996289] CPU1 is up
[   30.046509] CPU2 is up
[   30.096854] CPU3 is up
[   30.097598] pcieport 0000:00:02.0: nv_msi_ht_cap_quirk didn't locate host bridge
[   30.097601] pcieport 0000:00:01.0: nv_msi_ht_cap_quirk didn't locate host bridge
[   30.114848] PM: noirq resume of devices complete after 17.988 msecs
[   30.117019] PM: early resume of devices complete after 1.649 msecs
[   30.123892] tegra-hdmi 54280000.hdmi: cannot set audio to 44100 at 297000000 pclk
[   30.164791] ------------[ cut here ]------------
[   30.164804] WARNING: CPU: 0 PID: 192 at drivers/gpu/drm/drm_atomic_helper.c:1115 drm_atomic_helper_wait_for_vblanks+0x224/0x230
[   30.164806] [CRTC:25] vblank wait timed out
[   30.164809] Modules linked in:
[   30.164814] CPU: 0 PID: 192 Comm: rtcwake Tainted: G        W       4.7.0-rc5-next-20160629-103198-gb07695e #1
[   30.164816] Hardware name: NVIDIA Tegra SoC (Flattened Device Tree)
[   30.164829] [<c010f200>] (unwind_backtrace) from [<c010a85c>] (show_stack+0x10/0x14)
[   30.164837] [<c010a85c>] (show_stack) from [<c034245c>] (dump_stack+0x84/0xa4)
[   30.164844] [<c034245c>] (dump_stack) from [<c011f368>] (__warn+0xd4/0x100)
[   30.164850] [<c011f368>] (__warn) from [<c011f434>] (warn_slowpath_fmt+0x38/0x48)
[   30.164856] [<c011f434>] (warn_slowpath_fmt) from [<c0409ef8>] (drm_atomic_helper_wait_for_vblanks+0x224/0x230)
[   30.164863] [<c0409ef8>] (drm_atomic_helper_wait_for_vblanks) from [<c04304cc>] (tegra_atomic_complete+0x3c/0x54)
[   30.164867] [<c04304cc>] (tegra_atomic_complete) from [<c0430540>] (tegra_atomic_commit+0x5c/0x8c)
[   30.164873] [<c0430540>] (tegra_atomic_commit) from [<c042cb90>] (drm_atomic_commit+0x40/0x64)
[   30.164878] [<c042cb90>] (drm_atomic_commit) from [<c0409368>] (drm_atomic_helper_resume+0x28/0x3c)
[   30.164883] [<c0409368>] (drm_atomic_helper_resume) from [<c042fe8c>] (host1x_drm_resume+0x18/0x30)
[   30.164889] [<c042fe8c>] (host1x_drm_resume) from [<c044f40c>] (pm_generic_resume+0x2c/0x38)
[   30.164896] [<c044f40c>] (pm_generic_resume) from [<c04525d8>] (dpm_run_callback+0x1c/0x48)
[   30.164900] [<c04525d8>] (dpm_run_callback) from [<c04526bc>] (device_resume+0xb8/0x230)
[   30.164904] [<c04526bc>] (device_resume) from [<c0453d40>] (dpm_resume+0xe0/0x208)
[   30.164908] [<c0453d40>] (dpm_resume) from [<c0454008>] (dpm_resume_end+0xc/0x18)
[   30.164914] [<c0454008>] (dpm_resume_end) from [<c0163758>] (suspend_devices_and_enter+0x10c/0x3e8)
[   30.164919] [<c0163758>] (suspend_devices_and_enter) from [<c0163bd0>] (pm_suspend+0x19c/0x244)
[   30.164923] [<c0163bd0>] (pm_suspend) from [<c0162818>] (state_store+0x68/0xb8)
[   30.164929] [<c0162818>] (state_store) from [<c0344344>] (kobj_attr_store+0x14/0x20)
[   30.164936] [<c0344344>] (kobj_attr_store) from [<c025659c>] (sysfs_kf_write+0x44/0x48)
[   30.164943] [<c025659c>] (sysfs_kf_write) from [<c0255b94>] (kernfs_fop_write+0xc0/0x1e0)
[   30.164949] [<c0255b94>] (kernfs_fop_write) from [<c01f9654>] (__vfs_write+0x2c/0x114)
[   30.164954] [<c01f9654>] (__vfs_write) from [<c01fab34>] (vfs_write+0xa4/0x160)
[   30.164960] [<c01fab34>] (vfs_write) from [<c01fadcc>] (SyS_write+0x40/0x8c)
[   30.164965] [<c01fadcc>] (SyS_write) from [<c0107880>] (ret_fast_syscall+0x0/0x3c)
[   30.164968] ---[ end trace adaa83f5b5190cbc ]---
[   30.201819] PM: resume of devices complete after 84.791 msecs
[   30.437803] ata1: SATA link down (SStatus 0 SControl 300)
[   30.541729] Restarting tasks ... done.
root@(none):/# 
root@(none):/# NVTB SYSTEM SUSPEND TEST COMPLETE
