

U-Boot 2015.04-00466-gedec83e90172 (Mar 14 2016 - 10:42:01)

TEGRA124
Model: Acer Chromebook 13 CB5-311
DRAM:  4 GiB
:   Tegra SD/MMC: 0, Tegra SD/MMC: 1, Tegra SD/MMC: 2
MMC init failed
Using default environment

In:    serial
Out:   serial
Err:   serial
Net:   Net Initialization Skipped
No ethernet found.
Hit any key to stop autoboot:  2  1  0 
Tegra124 (Nyan-big) # 
Tegra124 (Nyan-big) # usb start
starting USB...
USB0:   USB EHCI 1.10
scanning bus 0 for devices... 2 USB Device(s) found
USB1:   USB EHCI 1.10
scanning bus 1 for devices... 2 USB Device(s) found
       scanning usb for storage devices... 1 Storage Device(s) found
       scanning usb for ethernet devices... 
Warning: asx0 using MAC address from net device
1 Ethernet Device(s) found
Tegra124 (Nyan-big) # setenv bootargs 'ignore_loglevel console=ttyS0,115200n8 rw root=PARTUUID=4d36e82a-b3c0-4b4b-bfcd-afe5217ac023 rootwait gpt debug noinitrd earlyprintk init=/bin/bash'
Tegra124 (Nyan-big) # setenv ipaddr 192.168.100.102; setenv serverip 192.168.100.1; setenv tftpserverip 192.168.100.1
Tegra124 (Nyan-big) # tftpboot 0x82000000 zImage.tegra_defconfig
Using asx0 device
TFTP from server 192.168.100.1; our IP address is 192.168.100.102
Filename 'zImage.tegra_defconfig'.
Load address: 0x82000000
Loading: *#################################################################
	 #################################################################
	 #################################################################
	 #################################################################
	 #################################################################
	 ############################################
	 2.9 MiB/s
done
Bytes transferred = 5408248 (5285f8 hex)
Tegra124 (Nyan-big) # tftpboot 0x83000000 tegra124-nyan-big.dtb
Using asx0 device
TFTP from server 192.168.100.1; our IP address is 192.168.100.102
Filename 'tegra124-nyan-big.dtb'.
Load address: 0x83000000
Loading: *#####
	 3.4 MiB/s
done
Bytes transferred = 66821 (10505 hex)
Tegra124 (Nyan-big) # bootz 0x82000000 - 0x83000000
Kernel image @ 0x82000000 [ 0x000000 - 0x5285f8 ]
## Flattened Device Tree blob at 83000000
   Booting using the fdt blob at 0x83000000
   Using Device Tree in place at 83000000, end 83013504

Starting kernel ...

[    3.115519] console [ttyS0] enabled
[    3.118995] bootconsole [earlycon0] disabled
[    3.124271] [drm] Initialized drm 1.1.0 20060810
[    3.129341] tegra-hdmi 54280000.hdmi: failed to get HDMI regulator
[    3.135936] tegra-dpaux 545c0000.dpaux: failed to get VDD supply: -517
[    3.143244] panel supply power not found, using dummy regulator
[    3.154617] loop: module loaded
[    3.158394] as3722 4-0040: AS3722 with revision 0x1 found
[    3.168493] as3722-sd2: supplied by +5V_SYS
[    3.172999] as3722-sd3: supplied by +5V_SYS
[    3.177355] +1.35V_LP0(sd3): Bringing 0uV into 1350000-1350000uV
[    3.183614] as3722-sd4: supplied by +5V_SYS
[    3.187960] +1.05V_RUN: Bringing 0uV into 1050000-1050000uV
[    3.193789] as3722-sd5: supplied by +5V_SYS
[    3.199588] as3722-ldo0: supplied by +1.35V_LP0(sd2)
[    3.205416] +1.8V_RUN_CAM: Bringing 0uV into 1800000-1800000uV
[    3.211532] as3722-ldo2: supplied by +1.8V_VDDIO
[    3.217263] as3722-ldo3: supplied by +3.3V_SYS
[    3.221714] +1.00V_LP0_VDD_RTC: Bringing 1100000uV into 1000000-1000000uV
[    3.229380] as3722-ldo4: supplied by +3.3V_SYS
[    3.233978] +3.3V_RUN_CAM: Bringing 0uV into 2800000-2800000uV
[    3.240096] as3722-ldo5: supplied by +1.8V_VDDIO
[    3.244877] +1.2V_RUN_CAM_FRONT: Bringing 0uV into 1200000-1200000uV
[    3.251658] +VDDIO_SDMMC3: Bringing 0uV into 1800000-1800000uV
[    3.257790] as3722-ldo7: supplied by +1.8V_VDDIO
[    3.262563] +1.05V_RUN_CAM_REAR: Bringing 0uV into 1050000-1050000uV
[    3.269214] as3722-ldo9: supplied by +5V_SYS
[    3.273784] +2.8V_RUN_TOUCH: Bringing 0uV into 2800000-2800000uV
[    3.280089] as3722-ldo10: supplied by +5V_SYS
[    3.284596] +2.8V_RUN_CAM_AF: Bringing 0uV into 2800000-2800000uV
[    3.291138] +1.8V_RUN_VPP_FUSE: Bringing 0uV into 1800000-1800000uV
[    3.341682] cros-ec-spi spi32766.0: Chrome EC device registered
[    3.357145] m25p80 spi32765.0: w25q32dw (4096 Kbytes)
[    3.363545] libphy: Fixed MDIO Bus: probed
[    3.367649] CAN device driver interface
[    3.371508] igb: Intel(R) Gigabit Ethernet Network Driver - version 5.3.0-k
[    3.378458] igb: Copyright (c) 2007-2014 Intel Corporation.
[    3.384129] pegasus: v0.9.3 (2013/04/25), Pegasus/Pegasus II USB Ethernet driver
[    3.391570] usbcore: registered new interface driver pegasus
[    3.397281] usbcore: registered new interface driver asix
[    3.402704] usbcore: registered new interface driver ax88179_178a
[    3.408834] usbcore: registered new interface driver cdc_ether
[    3.414714] usbcore: registered new interface driver smsc75xx
[    3.420498] usbcore: registered new interface driver smsc95xx
[    3.426282] usbcore: registered new interface driver net1080
[    3.431963] usbcore: registered new interface driver cdc_subset
[    3.437912] usbcore: registered new interface driver zaurus
[    3.443527] usbcore: registered new interface driver cdc_ncm
[    3.449289] ehci_hcd: USB 2.0 'Enhanced' Host Controller (EHCI) Driver
[    3.455804] ehci-pci: EHCI PCI platform driver
[    3.460273] tegra-ehci: Tegra EHCI driver
[    3.464604] usbcore: registered new interface driver cdc_acm
[    3.470252] cdc_acm: USB Abstract Control Model driver for USB modems and ISDN adapters
[    3.478280] usbcore: registered new interface driver cdc_wdm
[    3.483981] usbcore: registered new interface driver usb-storage
[    3.490244] mousedev: PS/2 mouse device common for all mice
[    3.496124] input: cros_ec as /devices/soc0/7000d400.spi/spi_master/spi32766/spi32766.0/7000d400.spi:cros-ec@0:keyboard-controller/input/input0
[    3.511136] as3722-rtc as3722-rtc: rtc core: registered as3722-rtc as rtc0
[    3.518011] as3722-rtc as3722-rtc: RTC interrupt 370
[    3.524837] tegra_rtc 7000e000.rtc: rtc core: registered 7000e000.rtc as rtc1
[    3.531986] tegra_rtc 7000e000.rtc: Tegra internal Real Time Clock
[    3.538300] i2c /dev entries driver
[    3.542545] usbcore: registered new interface driver uvcvideo
[    3.548281] USB Video Class driver (1.1.1)
[    3.552364] gspca_main: v2.14.0 registered
[    3.556744] 0-004c supply vcc not found, using dummy regulator
[    3.564516] tegra-wdt 60005000.timer: initialized (heartbeat = 120 sec, nowayout = 0)
[    3.572936] sdhci: Secure Digital Host Controller Interface driver
[    3.579117] sdhci: Copyright(c) Pierre Ossman
[    3.583460] sdhci-pltfm: SDHCI platform and OF driver helper
[    3.589252] sdhci-tegra 700b0000.sdhci: allocated mmc-pwrseq
[    3.594930] mmc0: Unknown controller version (3). You may experience problems.
[    3.602304] sdhci-tegra 700b0400.sdhci: Got CD GPIO
[    3.607185] sdhci-tegra 700b0400.sdhci: Got WP GPIO
[    3.612073] mmc0: Unknown controller version (3). You may experience problems.
[    3.619429] mmc0: Unknown controller version (3). You may experience problems.
[    3.626671] mmc0: Invalid maximum block size, assuming 512 bytes
[    3.694641] mmc0: SDHCI controller on 700b0600.sdhci [700b0600.sdhci] using ADMA 64-bit
[    3.705113] usbcore: registered new interface driver usbhid
[    3.713595] usbhid: USB HID core driver
[    3.724979] tegra30-i2s 70301100.i2s: DMA channels sourced from device 70300000.ahub
[    3.775107] max98090 0-0010: MAX98090 REVID=0x43
[    3.782366] max98090 0-0010: use default 2.8v micbias
[    3.790035] tegra-snd-max98090 sound: HiFi <-> 70301100.i2s mapping ok
[    3.796587] mmc0: new high speed MMC card at address 0001
[    3.802352] mmcblk0: mmc0:0001 MMC16G 14.4 GiB 
[    3.807210] mmcblk0boot0: mmc0:0001 MMC16G partition 1 2.00 MiB
[    3.813290] mmcblk0boot1: mmc0:0001 MMC16G partition 2 2.00 MiB
[    3.820424] input: GoogleNyanBig Headphones as /devices/soc0/sound/sound/card1/input1
[    3.828582] input: GoogleNyanBig Mic Jack as /devices/soc0/sound/sound/card1/input2
[    3.836313] mmcblk0rpmb: mmc0:0001 MMC16G partition 3 128 KiB
[    3.845040]  mmcblk0: p1 p2 p3 p4 p5 p6 p7 p8 p9 p10 p11 p12
[    4.134636] NET: Registered protocol family 10
[    4.294657] mip6: Mobile IPv6
[    4.297625] sit: IPv6, IPv4 and MPLS over IPv4 tunneling driver
[    4.304582] NET: Registered protocol family 17
[    4.309047] NET: Registered protocol family 15
[    4.313479] can: controller area network core (rev 20120528 abi 9)
[    4.354684] NET: Registered protocol family 29
[    4.359122] can: raw protocol (rev 20120528)
[    4.363379] can: broadcast manager protocol (rev 20160617 t)
[    4.369043] can: netlink gateway (rev 20130117) max_hops=1
[    4.404684] Bluetooth: RFCOMM socket layer initialized
[    4.409815] Bluetooth: RFCOMM ver 1.11
[    4.413555] Bluetooth: BNEP (Ethernet Emulation) ver 1.3
[    4.419019] Bluetooth: BNEP socket layer initialized
[    4.423979] Bluetooth: HIDP (Human Interface Emulation) ver 1.2
[    4.429893] Bluetooth: HIDP socket layer initialized
[    4.434989] Key type dns_resolver registered
[    4.439721] Registering SWP/SWPB emulation handler
[    4.445765] +3.3V_RUN: supplied by +3.3V_SYS
[    4.450388] +3.3V_AVDD_HDMI_AP_GATED: supplied by +3.3V_RUN
[    4.456025] +1.8V_RUN_CAM: supplied by +3.3V_RUN
[    4.460668] +VDDIO_SDMMC3: supplied by +3.3V_RUN
[    4.465321] +1.8V_RUN_VPP_FUSE: supplied by +3.3V_RUN
[    4.470477] +VDD_LED: supplied by +VDD_MUX
[    4.475498] input: tegra-hda HDMI/DP,pcm=3 as /devices/soc0/70030000.hda/sound/card0/input3
[    4.484151] +5V_VDD_TS_SW: supplied by +5V_SYS
[    4.489006] +5V_USB_HS: supplied by +5V_SYS
[    4.493410] +5V_USB_SS: supplied by +5V_SYS
[    4.498502] +3.3V_PANEL: supplied by +3.3V_RUN
[    4.503975] +3.3V_LP0: supplied by +3.3V_SYS
[    4.509109] +1.05V_RUN_AVDD_HDMI_PLL: supplied by +1.05V_RUN
[    4.515022] +5V_HDMI_CON: supplied by +5V_SYS
[    4.520498] usb3-0 supply vbus not found, using dummy regulator
[    4.526494] usb3-1 supply vbus not found, using dummy regulator
[    4.535098] tegra-sor 54540000.sor: failed to probe output: -517
[    4.541247] panel supply power not found, using dummy regulator
[    4.615353] tegra-xusb 70090000.usb: Firmware timestamp: 2014-09-16 02:10:07 UTC
[    4.622763] tegra-xusb 70090000.usb: xHCI Host Controller
[    4.628208] tegra-xusb 70090000.usb: new USB bus registered, assigned bus number 1
[    4.637803] tegra-xusb 70090000.usb: hcc params 0x0184f525 hci version 0x100 quirks 0x00010010
[    4.646444] tegra-xusb 70090000.usb: irq 342, io mem 0x70090000
[    4.653205] hub 1-0:1.0: USB hub found
[    4.657022] hub 1-0:1.0: 6 ports detected
[    4.661730] tegra-xusb 70090000.usb: xHCI Host Controller
[    4.667167] tegra-xusb 70090000.usb: new USB bus registered, assigned bus number 2
[    4.674803] usb usb2: We don't know the algorithms for LPM for this host, disabling LPM.
[    4.683717] hub 2-0:1.0: USB hub found
[    4.687530] hub 2-0:1.0: 2 ports detected
[    4.692758] sdhci-tegra 700b0000.sdhci: allocated mmc-pwrseq
[    4.698474] mmc1: Unknown controller version (3). You may experience problems.
[    4.705896] mmc1: Invalid maximum block size, assuming 512 bytes
[    4.712458] +1.8V_VDDIO: voltage operation not allowed
[    4.717619] mmc1: Switching to 3.3V signalling voltage failed
[    4.774742] mmc1: SDHCI controller on 700b0000.sdhci [700b0000.sdhci] using ADMA 64-bit
[    4.783020] sdhci-tegra 700b0400.sdhci: Got CD GPIO
[    4.789951] sdhci-tegra 700b0400.sdhci: Got WP GPIO
[    4.797895] mmc2: Unknown controller version (3). You may experience problems.
[    4.805609] mmc2: Invalid maximum block size, assuming 512 bytes
[    4.846887] mmc1: new high speed SDIO card at address 0001
[    4.874779] mmc2: SDHCI controller on 700b0400.sdhci [700b0400.sdhci] using ADMA 64-bit
[    4.982273] [drm] Supports vblank timestamp caching Rev 2 (21.10.2013).
[    4.988897] [drm] No driver support for vblank timestamp query.
[    5.024688] usb 1-2: new high-speed USB device number 2 using tegra-xusb
[    5.036057] mmc2: new high speed SDHC card at address 0007
[    5.036700] mmcblk2: mmc2:0007 SD08G 7.42 GiB 
[    5.045597] GPT:Primary header alternate_lba != Alt. header my_lba
[    5.045601] GPT:3014591 != 15564799
[    5.045602] GPT:Primary header thinks Alt. header is not at the end of the disk.
[    5.045603] GPT:3014591 != 15564799
[    5.045604] GPT: Use GNU Parted to correct GPT errors.
[    5.045637]  mmcblk2: p1 p2 p3 p4 p5 p6 p7 p8 p9 p10 p11 p12
[    5.052999] Console: switching to colour frame buffer device 170x48
[    5.111158] drm drm: fb0:  frame buffer device
[    5.154723] [drm] Initialized tegra 0.0.0 20120330 on minor 0
[    5.161244] input: gpio-keys as /devices/soc0/gpio-keys/input/input4
[    5.168713] as3722-rtc as3722-rtc: setting system clock to 2000-01-01 00:00:26 UTC (946684826)
[    5.182996] +1.8V_RUN_CAM: disabling
[    5.186784] +1.2V_RUN_CAM_FRONT: disabling
[    5.191059] +1.05V_RUN_CAM_REAR: disabling
[    5.195400] +2.8V_RUN_TOUCH: disabling
[    5.199282] +2.8V_RUN_CAM_AF: disabling
[    5.203262] +1.8V_RUN_VPP_FUSE: disabling
[    5.207419] +5V_VDD_TS_SW: disabling
[    5.211179] ALSA device list:
[    5.214135]   #0: tegra-hda at 0x70038000 irq 341
[    5.218883]   #1: GoogleNyanBig
[    5.222645] EXT4-fs (mmcblk0p3): couldn't mount as ext3 due to feature incompatibilities
[    5.294956] EXT4-fs (mmcblk0p3): recovery complete
[    5.300382] EXT4-fs (mmcblk0p3): mounted filesystem with ordered data mode. Opts: (null)
[    5.308551] VFS: Mounted root (ext4 filesystem) on device 179:3.
[    5.315487] devtmpfs: mounted
[    5.318868] Freeing unused kernel memory: 1024K (c0c00000 - c0d00000)
[    5.339449] uvcvideo: Found UVC 1.00 device HD WebCam (1bcf:2c67)
[    5.354456] input: HD WebCam as /devices/soc0/70090000.usb/usb1/1-2/1-2:1.0/input/input5
bash: cannot set terminal process group (-1): Inappropriate ioctl for device
bash: no job control in this shell
root@(none):/# [    5.694720] usb 1-3: new high-speed USB device number 3 using tegra-xusb
[    6.768867] asix 1-3:1.0 eth0: register 'asix' at usb-70090000.usb-3, ASIX AX88772 USB 2.0 Ethernet, c8:d7:19:90:fa:65
[    7.114720] usb 1-1: new high-speed USB device number 4 using tegra-xusb
[    7.293545] usb-storage 1-1:1.0: USB Mass Storage device detected
[    7.300484] scsi host0: usb-storage 1-1:1.0
[    7.384826] scsi host0: runtime PM trying to activate child device host0 but parent (1-1:1.0) is not active
[    8.406636] scsi 0:0:0:0: Direct-Access     SanDisk  SDDR-113         9412 PQ: 0 ANSI: 0
[    8.579384] sd 0:0:0:0: [sda] 15523840 512-byte logical blocks: (7.95 GB/7.40 GiB)
[    8.588244] sd 0:0:0:0: [sda] Write Protect is off
[    8.593027] sd 0:0:0:0: [sda] Mode Sense: 03 00 00 00
[    8.599429] sd 0:0:0:0: [sda] No Caching mode page found
[    8.604743] sd 0:0:0:0: [sda] Assuming drive cache: write through
[    8.630493]  sda: sda1 sda2 sda3 sda4 sda5 sda6 sda7 sda8 sda9 sda10 sda11 sda12 sda13
[    8.643813] sd 0:0:0:0: [sda] Attached SCSI removable disk
mount -t sysfs none /sys
root@(none):/# 
root@(none):/# mount -t debugfs none /sys/kernel/debug
root@(none):/# 
root@(none):/# rtcwake -d rtc1 -m mem -s 3
rtcwake: assuming RTC uses UTC ...
rtcwake: wakeup from "mem" using /dev/rtc1 at Thu Jan  1 00:00:54 1970
[   31.835564] PM: Syncing filesystems ... done.
[   31.845097] Freezing user space processes ... [   31.846369] Double checking all user space processes after OOM killer disable... (elapsed 0.000 seconds) 
[   31.846404] Freezing remaining freezable tasks ... (elapsed 0.001 seconds) done.
[   31.847704] Suspending console(s) (use no_console_suspend to debug)
(elapsed 0.001 seconds) done.
[   32.086235] PM: suspend of devices complete after 212.542 msecs
[   32.087924] PM: late suspend of devices complete after 1.679 msecs
[   32.088748] PM: noirq suspend of devices complete after 0.819 msecs
[   32.088750] Disabling non-boot CPUs ...
[   32.125049] CPU1: shutdown
[   32.224823] IRQ17 no longer affine to CPU2
[   32.224997] CPU2: shutdown
[   32.324948] CPU3: shutdown
[   32.375452] Entering suspend state LP1
[   32.375478] Enabling non-boot CPUs ...
[   32.405859] CPU1 is up
[   32.446009] CPU2 is up
[   32.486245] CPU3 is up
[   32.486728] PM: noirq resume of devices complete after 0.478 msecs
[   32.488214] PM: early resume of devices complete after 0.993 msecs
[   32.540892] +1.8V_VDDIO: voltage operation not allowed
[   32.540894] mmc1: Switching to 3.3V signalling voltage failed
[   32.794641] tegra-sor 54540000.sor: failed to attach SOR: -110
[   32.812085] PM: resume of devices complete after 323.865 msecs
[   32.899512] Restarting tasks ... done.
root@(none):/# 
root@(none):/# rtcwake -d rtc1 -m mem -s 3
rtcwake: assuming RTC uses UTC ...
rtcwake: wakeup from "mem" using /dev/rtc1 at Thu Jan  1 00:00:59 1970
[   33.944434] PM: Syncing filesystems ... done.
[   33.953779] Freezing user space processes ... (elapsed 0.001 seconds) done.
[   33.961971] Double checking all user space processes after OOM killer disable... (elapsed 0.000 seconds) 
[   33.971574] Freezing remaining freezable tasks ... (elapsed 0.001 seconds) done.
[   33.980281] Suspending console(s) (use no_console_suspend to debug)
[   34.196010] PM: suspend of devices complete after 208.869 msecs
[   34.196906] PM: late suspend of devices complete after 0.892 msecs
[   34.197743] PM: noirq suspend of devices complete after 0.833 msecs
[   34.197745] Disabling non-boot CPUs ...
[   34.234972] CPU1: shutdown
[   34.334957] CPU2: shutdown
[   34.434927] CPU3: shutdown
[   34.485424] Entering suspend state LP1
[   34.485450] Enabling non-boot CPUs ...
[   34.515841] CPU1 is up
[   34.555989] CPU2 is up
[   34.596206] CPU3 is up
[   34.596817] PM: noirq resume of devices complete after 0.607 msecs
[   34.598655] PM: early resume of devices complete after 1.335 msecs
[   34.650258] +1.8V_VDDIO: voltage operation not allowed
[   34.650261] mmc1: Switching to 3.3V signalling voltage failed
[   34.834959] usb 1-1: reset high-speed USB device number 4 using tegra-xusb
[   34.904661] tegra-sor 54540000.sor: failed to attach SOR: -110
[   35.010859] PM: resume of devices complete after 412.194 msecs
[   35.098240] Restarting tasks ... done.
root@(none):/# 
root@(none):/# rtcwake -d rtc1 -m mem -s 3
rtcwake: assuming RTC uses UTC ...
rtcwake: wakeup from "mem" using /dev/rtc1 at Thu Jan  1 00:01:04 1970
[   36.053677] PM: Syncing filesystems ... done.
[   36.063097] Freezing user space processes ... (elapsed 0.001 seconds) done.
[   36.071210] Double checking all user space processes after OOM killer disable... (elapsed 0.000 seconds) 
[   36.080799] Freezing remaining freezable tasks ... (elapsed 0.001 seconds) done.
[   36.089456] Suspending console(s) (use no_console_suspend to debug)
[   36.154655] random: nonblocking pool is initialized
[   36.306052] PM: suspend of devices complete after 209.735 msecs
[   36.307495] PM: late suspend of devices complete after 1.434 msecs
[   36.308395] PM: noirq suspend of devices complete after 0.895 msecs
[   36.308397] Disabling non-boot CPUs ...
[   36.344946] CPU1: shutdown
[   36.444935] CPU2: shutdown
[   36.544730] IRQ17 no longer affine to CPU3
[   36.544905] CPU3: shutdown
[   36.595396] Entering suspend state LP1
[   36.595421] Enabling non-boot CPUs ...
[   36.625825] CPU1 is up
[   36.665961] CPU2 is up
[   36.706186] CPU3 is up
[   36.706751] PM: noirq resume of devices complete after 0.560 msecs
[   36.708641] PM: early resume of devices complete after 1.380 msecs
[   36.749879] +1.8V_VDDIO: voltage operation not allowed
[   36.749882] mmc1: Switching to 3.3V signalling voltage failed
[   36.934946] usb 1-1: reset high-speed USB device number 4 using tegra-xusb
[   37.004578] tegra-sor 54540000.sor: failed to attach SOR: -110
[   37.111367] PM: resume of devices complete after 402.714 msecs
[   37.207992] Restarting tasks ... done.
root@(none):/# 
root@(none):/# rtcwake -d rtc1 -m mem -s 3
rtcwake: assuming RTC uses UTC ...
rtcwake: wakeup from "mem" using /dev/rtc1 at Thu Jan  1 00:01:09 1970
[   38.164383] PM: Syncing filesystems ... done.
[   38.173727] Freezing user space processes ... (elapsed 0.001 seconds) done.
[   38.181926] Double checking all user space processes after OOM killer disable... (elapsed 0.000 seconds) 
[   38.191599] Freezing remaining freezable tasks ... (elapsed 0.001 seconds) done.
[   38.200245] Suspending console(s) (use no_console_suspend to debug)
[   38.415961] PM: suspend of devices complete after 208.845 msecs
[   38.416855] PM: late suspend of devices complete after 0.888 msecs
[   38.417691] PM: noirq suspend of devices complete after 0.833 msecs
[   38.417693] Disabling non-boot CPUs ...
[   38.454930] CPU1: shutdown
[   38.554911] CPU2: shutdown
[   38.654871] CPU3: shutdown
[   38.705377] Entering suspend state LP1
[   38.705403] Enabling non-boot CPUs ...
[   38.735796] CPU1 is up
[   38.775937] CPU2 is up
[   38.816164] CPU3 is up
[   38.816705] PM: noirq resume of devices complete after 0.536 msecs
[   38.818472] PM: early resume of devices complete after 1.273 msecs
[   38.859844] +1.8V_VDDIO: voltage operation not allowed
[   38.859847] mmc1: Switching to 3.3V signalling voltage failed
[   39.114589] tegra-sor 54540000.sor: failed to attach SOR: -110
[   39.131089] PM: resume of devices complete after 312.608 msecs
[   39.211560] Restarting tasks ... done.
root@(none):/# 
root@(none):/# rtcwake -d rtc1 -m mem -s 3
rtcwake: assuming RTC uses UTC ...
rtcwake: wakeup from "mem" using /dev/rtc1 at Thu Jan  1 00:01:14 1970
[   40.274366] PM: Syncing filesystems ... done.
[   40.283890] Freezing user space processes ... (elapsed 0.001 seconds) done.
[   40.292103] Double checking all user space processes after OOM killer disable... (elapsed 0.000 seconds) 
[   40.301772] Freezing remaining freezable tasks ... (elapsed 0.001 seconds) done.
[   40.310426] Suspending console(s) (use no_console_suspend to debug)
[   40.526003] PM: suspend of devices complete after 208.705 msecs
[   40.527466] PM: late suspend of devices complete after 1.454 msecs
[   40.528272] PM: noirq suspend of devices complete after 0.801 msecs
[   40.528274] Disabling non-boot CPUs ...
[   40.564896] CPU1: shutdown
[   40.664710] IRQ17 no longer affine to CPU2
[   40.664895] CPU2: shutdown
[   40.764849] CPU3: shutdown
[   40.815353] Entering suspend state LP1
[   40.815379] Enabling non-boot CPUs ...
[   40.845772] CPU1 is up
[   40.885911] CPU2 is up
[   40.926140] CPU3 is up
[   40.926715] PM: noirq resume of devices complete after 0.571 msecs
[   40.928446] PM: early resume of devices complete after 1.228 msecs
[   40.969683] +1.8V_VDDIO: voltage operation not allowed
[   40.969687] mmc1: Switching to 3.3V signalling voltage failed
[   41.224566] tegra-sor 54540000.sor: failed to attach SOR: -110
[   41.240803] PM: resume of devices complete after 312.351 msecs
[   41.325490] Restarting tasks ... done.
root@(none):/# 
root@(none):/# rtcwake -d rtc1 -m mem -s 3
rtcwake: assuming RTC uses UTC ...
rtcwake: wakeup from "mem" using /dev/rtc1 at Thu Jan  1 00:01:19 1970
[   42.385305] PM: Syncing filesystems ... done.
[   42.394774] Freezing user space processes ... (elapsed 0.001 seconds) done.
[   42.402975] Double checking all user space processes after OOM killer disable... (elapsed 0.000 seconds) 
[   42.412645] Freezing remaining freezable tasks ... (elapsed 0.001 seconds) done.
[   42.421374] Suspending console(s) (use no_console_suspend to debug)
[   42.635909] PM: suspend of devices complete after 207.662 msecs
[   42.636804] PM: late suspend of devices complete after 0.890 msecs
[   42.637643] PM: noirq suspend of devices complete after 0.836 msecs
[   42.637645] Disabling non-boot CPUs ...
[   42.674879] CPU1: shutdown
[   42.774857] CPU2: shutdown
[   42.874820] CPU3: shutdown
[   42.925324] Entering suspend state LP1
[   42.925336] Enabling non-boot CPUs ...
[   42.955751] CPU1 is up
[   42.995878] CPU2 is up
[   43.036117] CPU3 is up
[   43.036658] PM: noirq resume of devices complete after 0.536 msecs
[   43.038395] PM: early resume of devices complete after 1.238 msecs
[   43.079674] +1.8V_VDDIO: voltage operation not allowed
[   43.079679] mmc1: Switching to 3.3V signalling voltage failed
[   43.264857] usb 1-1: reset high-speed USB device number 4 using tegra-xusb
[   43.334496] tegra-sor 54540000.sor: failed to attach SOR: -110
[   43.441320] PM: resume of devices complete after 402.914 msecs
[   43.528820] Restarting tasks ... done.
root@(none):/# 
root@(none):/# rtcwake -d rtc1 -m mem -s 3
rtcwake: assuming RTC uses UTC ...
rtcwake: wakeup from "mem" using /dev/rtc1 at Thu Jan  1 00:01:24 1970
[   44.495224] PM: Syncing filesystems ... done.
[   44.504449] Freezing user space processes ... (elapsed 0.001 seconds) done.
[   44.512642] Double checking all user space processes after OOM killer disable... (elapsed 0.000 seconds) 
[   44.522306] Freezing remaining freezable tasks ... (elapsed 0.001 seconds) done.
[   44.530966] Suspending console(s) (use no_console_suspend to debug)
[   44.745884] PM: suspend of devices complete after 208.047 msecs
[   44.746781] PM: late suspend of devices complete after 0.893 msecs
[   44.747618] PM: noirq suspend of devices complete after 0.834 msecs
[   44.747620] Disabling non-boot CPUs ...
[   44.784852] CPU1: shutdown
[   44.894656] IRQ17 no longer affine to CPU2
[   44.894835] CPU2: shutdown
[   44.994795] CPU3: shutdown
[   45.045302] Entering suspend state LP1
[   45.045314] Enabling non-boot CPUs ...
[   45.075724] CPU1 is up
[   45.115861] CPU2 is up
[   45.156097] CPU3 is up
[   45.156649] PM: noirq resume of devices complete after 0.547 msecs
[   45.158623] PM: early resume of devices complete after 1.457 msecs
[   45.199517] +1.8V_VDDIO: voltage operation not allowed
[   45.199520] mmc1: Switching to 3.3V signalling voltage failed
[   45.454546] tegra-sor 54540000.sor: failed to attach SOR: -110
[   45.470672] PM: resume of devices complete after 312.043 msecs
[   45.555231] Restarting tasks ... done.
root@(none):/# 
root@(none):/# rtcwake -d rtc1 -m mem -s 3
rtcwake: assuming RTC uses UTC ...
rtcwake: wakeup from "mem" using /dev/rtc1 at Thu Jan  1 00:01:29 1970
[   46.614190] PM: Syncing filesystems ... done.
[   46.623751] Freezing user space processes ... (elapsed 0.001 seconds) done.
[   46.631969] Double checking all user space processes after OOM killer disable... (elapsed 0.000 seconds) 
[   46.641639] Freezing remaining freezable tasks ... (elapsed 0.001 seconds) done.
[   46.650295] Suspending console(s) (use no_console_suspend to debug)
[   46.865858] PM: suspend of devices complete after 208.690 msecs
[   46.866756] PM: late suspend of devices complete after 0.894 msecs
[   46.867589] PM: noirq suspend of devices complete after 0.830 msecs
[   46.867591] Disabling non-boot CPUs ...
[   46.904830] CPU1: shutdown
[   47.004635] IRQ17 no longer affine to CPU2
[   47.004817] CPU2: shutdown
[   47.104774] CPU3: shutdown
[   47.155278] Entering suspend state LP1
[   47.155290] Enabling non-boot CPUs ...
[   47.185723] CPU1 is up
[   47.225848] CPU2 is up
[   47.266075] CPU3 is up
[   47.266618] PM: noirq resume of devices complete after 0.538 msecs
[   47.268189] PM: early resume of devices complete after 1.068 msecs
[   47.309669] +1.8V_VDDIO: voltage operation not allowed
[   47.309672] mmc1: Switching to 3.3V signalling voltage failed
[   47.564523] tegra-sor 54540000.sor: failed to attach SOR: -110
[   47.580725] PM: resume of devices complete after 312.531 msecs
[   47.665410] Restarting tasks ... done.
root@(none):/# 
root@(none):/# rtcwake -d rtc1 -m mem -s 3
rtcwake: assuming RTC uses UTC ...
rtcwake: wakeup from "mem" using /dev/rtc1 at Thu Jan  1 00:01:34 1970
[   48.724178] PM: Syncing filesystems ... done.
[   48.733577] Freezing user space processes ... (elapsed 0.001 seconds) done.
[   48.741693] Double checking all user space processes after OOM killer disable... (elapsed 0.000 seconds) 
[   48.751364] Freezing remaining freezable tasks ... (elapsed 0.001 seconds) done.
[   48.760025] Suspending console(s) (use no_console_suspend to debug)
[   48.975876] PM: suspend of devices complete after 208.976 msecs
[   48.976771] PM: late suspend of devices complete after 0.890 msecs
[   48.977611] PM: noirq suspend of devices complete after 0.837 msecs
[   48.977613] Disabling non-boot CPUs ...
[   49.014811] CPU1: shutdown
[   49.124797] CPU2: shutdown
[   49.224756] CPU3: shutdown
[   49.275263] Entering suspend state LP1
[   49.275275] Enabling non-boot CPUs ...
[   49.305718] CPU1 is up
[   49.345828] CPU2 is up
[   49.386054] CPU3 is up
[   49.386574] PM: noirq resume of devices complete after 0.516 msecs
[   49.388463] PM: early resume of devices complete after 1.393 msecs
[   49.439673] +1.8V_VDDIO: voltage operation not allowed
[   49.439679] mmc1: Switching to 3.3V signalling voltage failed
[   49.694442] tegra-sor 54540000.sor: failed to attach SOR: -110
[   49.710753] PM: resume of devices complete after 322.284 msecs
[   49.791348] Restarting tasks ... done.
root@(none):/# 
root@(none):/# rtcwake -d rtc1 -m mem -s 3
rtcwake: assuming RTC uses UTC ...
rtcwake: wakeup from "mem" using /dev/rtc1 at Thu Jan  1 00:01:39 1970
[   50.844611] PM: Syncing filesystems ... done.
[   50.853918] Freezing user space processes ... (elapsed 0.001 seconds) done.
[   50.862140] Double checking all user space processes after OOM killer disable... (elapsed 0.000 seconds) 
[   50.871745] Freezing remaining freezable tasks ... (elapsed 0.001 seconds) done.
[   50.880472] Suspending console(s) (use no_console_suspend to debug)
[   51.095827] PM: suspend of devices complete after 208.493 msecs
[   51.096726] PM: late suspend of devices complete after 0.895 msecs
[   51.097563] PM: noirq suspend of devices complete after 0.834 msecs
[   51.097566] Disabling non-boot CPUs ...
[   51.134790] CPU1: shutdown
[   51.244775] CPU2: shutdown
[   51.344743] CPU3: shutdown
[   51.395249] Entering suspend state LP1
[   51.395261] Enabling non-boot CPUs ...
[   51.425694] CPU1 is up
[   51.465820] CPU2 is up
[   51.506035] CPU3 is up
[   51.506544] PM: noirq resume of devices complete after 0.504 msecs
[   51.508343] PM: early resume of devices complete after 1.284 msecs
[   51.549466] +1.8V_VDDIO: voltage operation not allowed
[   51.549470] mmc1: Switching to 3.3V signalling voltage failed
[   51.744816] usb 1-1: reset high-speed USB device number 4 using tegra-xusb
[   51.804421] tegra-sor 54540000.sor: failed to attach SOR: -110
[   51.921268] PM: resume of devices complete after 412.915 msecs
[   52.008698] Restarting tasks ... done.
root@(none):/# 
root@(none):/# NVTB SYSTEM SUSPEND TEST COMPLETE
