
U-Boot SPL 2014.01-00219-gc4d376f (Feb 18 2014 - 19:57:18)


U-Boot 2014.01-00219-gc4d376f (Feb 18 2014 - 19:57:18)

TEGRA30
Board: NVIDIA Beaver
I2C:   ready
DRAM:  2 GiB
MMC:   Tegra SD/MMC: 0, Tegra SD/MMC: 1
In:    serial
Out:   serial
Err:   serial
Net:   Net Initialization Skipped
No ethernet found.
Hit any key to stop autoboot:  2  0 
Tegra30 (Beaver) # 
Tegra30 (Beaver) # usb reset
(Re)start USB...
USB0:   USB EHCI 1.00
scanning bus 0 for devices... 2 USB Device(s) found
       scanning usb for storage devices... 0 Storage Device(s) found
       scanning usb for ethernet devices... 
Warning: asx0 using MAC address from net device
1 Ethernet Device(s) found
Tegra30 (Beaver) # setenv bootargs 'ignore_loglevel console=ttyS0,115200n8 rw root=PARTUUID=edbe1840-3633-c751-7993-b0ac834f81e0 rootwait gpt debug noinitrd earlyprintk init=/bin/bash'
Tegra30 (Beaver) # setenv ipaddr 192.168.100.101; setenv serverip 192.168.100.1; setenv tftpserverip 192.168.100.1
Tegra30 (Beaver) # tftpboot 0x81000000 zImage.multi_v7_defconfig
Using asx0 device
TFTP from server 192.168.100.1; our IP address is 192.168.100.101
Filename 'zImage.multi_v7_defconfig'.
Load address: 0x81000000
Loading: *#################################################################
	 #################################################################
	 #################################################################
	 #################################################################
	 #################################################################
	 #################################################################
	 #################################################################
	 ########################################
	 2.8 MiB/s
done
Bytes transferred = 7264992 (6edae0 hex)
Tegra30 (Beaver) # tftpboot 0x82000000 tegra30-beaver.dtb
Using asx0 device
TFTP from server 192.168.100.1; our IP address is 192.168.100.101
Filename 'tegra30-beaver.dtb'.
Load address: 0x82000000
Loading: *####
	 2.7 MiB/s
done
Bytes transferred = 51511 (c937 hex)
Tegra30 (Beaver) # bootz 0x81000000 - 0x82000000
Kernel image @ 0x81000000 [ 0x000000 - 0x6edae0 ]
## Flattened Device Tree blob at 82000000
   Booting using the fdt blob at 0x82000000
   Loading Device Tree to 8fff0000, end 8ffff936 ... OK

Starting kernel ...

[    0.000000] Booting Linux on physical CPU 0x0
[    0.000000] Linux version 4.7.0-rc3-next-20160616-100112-g649a371 (pwalmsley@sellafield) (gcc version 4.7.3 20130328 (prerelease) (crosstool-NG linaro-1.13.1-4.7-2013.04-20130415 - Linaro GCC 2013.04) ) #1 SMP Wed Jun 15 23:18:47 PDT 2016
[    0.000000] CPU: ARMv7 Processor [412fc099] revision 9 (ARMv7), cr=10c5387d
[    0.000000] CPU: PIPT / VIPT nonaliasing data cache, VIPT aliasing instruction cache
[    0.000000] Machine model: NVIDIA Tegra30 Beaver evaluation board
[    0.000000] debug: ignoring loglevel setting.
[    0.000000] cma: Reserved 64 MiB at 0xfb800000
[    0.000000] Memory policy: Data cache writealloc
[    0.000000] On node 0 totalpages: 524032
[    0.000000] free_area_init_node: node 0, pgdat c141bac0, node_mem_map eeffa000
[    0.000000]   DMA zone: 1536 pages used for memmap
[    0.000000]   DMA zone: 0 pages reserved
[    0.000000]   DMA zone: 196608 pages, LIFO batch:31
[    0.000000]   HighMem zone: 327424 pages, LIFO batch:31
[    0.000000] percpu: Embedded 13 pages/cpu @eef91000 s23808 r8192 d21248 u53248
[    0.000000] pcpu-alloc: s23808 r8192 d21248 u53248 alloc=13*4096
[    0.000000] pcpu-alloc: [0] 0 [0] 1 [0] 2 [0] 3 
[    0.000000] Built 1 zonelists in Zone order, mobility grouping on.  Total pages: 522496
[    0.000000] Kernel command line: ignore_loglevel console=ttyS0,115200n8 rw root=PARTUUID=edbe1840-3633-c751-7993-b0ac834f81e0 rootwait gpt debug noinitrd earlyprintk init=/bin/bash
[    0.000000] PID hash table entries: 4096 (order: 2, 16384 bytes)
[    0.000000] Dentry cache hash table entries: 131072 (order: 7, 524288 bytes)
[    0.000000] Inode-cache hash table entries: 65536 (order: 6, 262144 bytes)
[    0.000000] Memory: 1995044K/2096128K available (9529K kernel code, 1142K rwdata, 4504K rodata, 2048K init, 342K bss, 35548K reserved, 65536K cma-reserved, 1244160K highmem)
[    0.000000] Virtual kernel memory layout:
[    0.000000]     vector  : 0xffff0000 - 0xffff1000   (   4 kB)
[    0.000000]     fixmap  : 0xffc00000 - 0xfff00000   (3072 kB)
[    0.000000]     vmalloc : 0xf0800000 - 0xff800000   ( 240 MB)
[    0.000000]     lowmem  : 0xc0000000 - 0xf0000000   ( 768 MB)
[    0.000000]     pkmap   : 0xbfe00000 - 0xc0000000   (   2 MB)
[    0.000000]     modules : 0xbf000000 - 0xbfe00000   (  14 MB)
[    0.000000]       .text : 0xc0208000 - 0xc10b47d4   (15026 kB)
[    0.000000]       .init : 0xc1100000 - 0xc1300000   (2048 kB)
[    0.000000]       .data : 0xc1300000 - 0xc141db20   (1143 kB)
[    0.000000]        .bss : 0xc141f000 - 0xc14748d8   ( 343 kB)
[    0.000000] SLUB: HWalign=64, Order=0-3, MinObjects=0, CPUs=4, Nodes=1
[    0.000000] Hierarchical RCU implementation.
[    0.000000] 	Build-time adjustment of leaf fanout to 32.
[    0.000000] 	RCU restricting CPUs from NR_CPUS=16 to nr_cpu_ids=4.
[    0.000000] RCU: Adjusting geometry for rcu_fanout_leaf=32, nr_cpu_ids=4
[    0.000000] NR_IRQS:16 nr_irqs:16 16
[    0.000000] /interrupt-controller@60004000: 160 interrupts forwarded to /interrupt-controller@50041000
[    0.000000] L2C: platform modifies aux control register: 0x02080000 -> 0x3e480001
[    0.000000] L2C: DT/platform modifies aux control register: 0x02080000 -> 0x3e480001
[    0.000000] L2C-310 erratum 769419 enabled
[    0.000000] L2C-310 enabling early BRESP for Cortex-A9
[    0.000000] L2C-310: enabling full line of zeros but not enabled in Cortex-A9
[    0.000000] L2C-310 dynamic clock gating enabled, standby mode enabled
[    0.000000] L2C-310 cache controller enabled, 8 ways, 1024 kB
[    0.000000] L2C-310: CACHE_ID 0x410000c7, AUX_CTRL 0x4e480001
[    0.000014] sched_clock: 32 bits at 1000kHz, resolution 1000ns, wraps every 2147483647500ns
[    0.000031] clocksource: timer_us: mask: 0xffffffff max_cycles: 0xffffffff, max_idle_ns: 1911260446275 ns
[    0.000040] Switching to timer-based delay loop, resolution 1000ns
[    0.002752] Console: colour dummy device 80x30
[    0.002777] Calibrating delay loop (skipped), value calculated using timer frequency.. 2.00 BogoMIPS (lpj=5000)
[    0.002786] pid_max: default: 32768 minimum: 301
[    0.002872] Mount-cache hash table entries: 2048 (order: 1, 8192 bytes)
[    0.002879] Mountpoint-cache hash table entries: 2048 (order: 1, 8192 bytes)
[    0.003310] CPU: Testing write buffer coherency: ok
[    0.003594] CPU0: thread -1, cpu 0, socket 0, mpidr 80000000
[    0.003639] Setting up static identity map for 0x80300000 - 0x80300098
[    0.006097] Tegra Revision: A03 SKU: 128 CPU Process: 4 SoC Process: 0
[    0.010359] CPU1: thread -1, cpu 1, socket 0, mpidr 80000001
[    0.015339] CPU2: thread -1, cpu 2, socket 0, mpidr 80000002
[    0.020340] CPU3: thread -1, cpu 3, socket 0, mpidr 80000003
[    0.020385] Brought up 4 CPUs
[    0.020399] SMP: Total of 4 processors activated (8.00 BogoMIPS).
[    0.020403] CPU: All CPU(s) started in SVC mode.
[    0.021082] devtmpfs: initialized
[    0.029265] VFP support v0.3: implementor 41 architecture 3 part 30 variant 9 rev 4
[    0.029669] clocksource: jiffies: mask: 0xffffffff max_cycles: 0xffffffff, max_idle_ns: 9556302231375000 ns
[    0.032944] pinctrl core: initialized pinctrl subsystem
[    0.034587] NET: Registered protocol family 16
[    0.037301] DMA: preallocated 256 KiB pool for atomic coherent allocations
[    0.049936] cpuidle: using governor menu
[    0.058849] No ATAGs?
[    0.058874] hw-breakpoint: found 5 (+1 reserved) breakpoint and 1 watchpoint registers.
[    0.058880] hw-breakpoint: maximum watchpoint size is 4 bytes.
[    0.062029] Serial: AMBA PL011 UART driver
[    0.063403] tegra-mc 7000f000.memory-controller: no memory timings for RAM code 3 registered
[    0.082788] vdd_5v_sata: Failed to request enable GPIO30: -517
[    0.082800] reg-fixed-voltage regulators:regulator@3: Failed to register regulator: -517
[    0.082846] usb1_vbus: Failed to request enable GPIO238: -517
[    0.082853] reg-fixed-voltage regulators:regulator@4: Failed to register regulator: -517
[    0.082898] usb3_vbus: Failed to request enable GPIO236: -517
[    0.082905] reg-fixed-voltage regulators:regulator@5: Failed to register regulator: -517
[    0.082993] sys_3v3_pexs: Failed to request enable GPIO95: -517
[    0.083000] reg-fixed-voltage regulators:regulator@7: Failed to register regulator: -517
[    0.084952] vgaarb: loaded
[    0.085449] SCSI subsystem initialized
[    0.085591] libata version 3.00 loaded.
[    0.085765] usbcore: registered new interface driver usbfs
[    0.085802] usbcore: registered new interface driver hub
[    0.085843] usbcore: registered new device driver usb
[    0.092570] vrtc: supplied by vdd_5v_in
[    0.095873] vio: supplied by vdd_5v_in
[    0.101834] vdd1: supplied by vdd_5v_in
[    0.103195] vddio_ddr_1v2: Bringing 600000uV into 1200000-1200000uV
[    0.106831] vdd2: supplied by vdd_5v_in
[    0.116832] ldo1: supplied by vdd_1v5_gen
[    0.119197] ldo2: supplied by vdd_1v5_gen
[    0.119695] vdd_sata,avdd_plle: Bringing 1200000uV into 1050000-1050000uV
[    0.121940] ldo3: supplied by vdd_5v_in
[    0.124311] ldo4: supplied by vdd_5v_in
[    0.126850] ldo5: supplied by vdd_5v_in
[    0.131839] ldo6: supplied by vdd_1v8_gen
[    0.132311] avdd_dsi_csi,pwrdet_mipi: Bringing 1000000uV into 1200000-1200000uV
[    0.134548] ldo7: supplied by vdd_1v8_gen
[    0.141856] ldo8: supplied by vdd_1v8_gen
[    0.146868] pps_core: LinuxPPS API ver. 1 registered
[    0.146875] pps_core: Software ver. 5.3.6 - Copyright 2005-2007 Rodolfo Giometti <giometti@linux.it>
[    0.146901] PTP clock support registered
[    0.147035] EDAC MC: Ver: 3.0.0
[    0.148503] clocksource: Switched to clocksource timer_us
[    0.154334] NET: Registered protocol family 2
[    0.154735] TCP established hash table entries: 8192 (order: 3, 32768 bytes)
[    0.154790] TCP bind hash table entries: 8192 (order: 4, 65536 bytes)
[    0.154867] TCP: Hash tables configured (established 8192 bind 8192)
[    0.154953] UDP hash table entries: 512 (order: 2, 16384 bytes)
[    0.155014] UDP-Lite hash table entries: 512 (order: 2, 16384 bytes)
[    0.155171] NET: Registered protocol family 1
[    0.155449] RPC: Registered named UNIX socket transport module.
[    0.155456] RPC: Registered udp transport module.
[    0.155460] RPC: Registered tcp transport module.
[    0.155464] RPC: Registered tcp NFSv4.1 backchannel transport module.
[    0.155473] PCI: CLS 0 bytes, default 64
[    0.156230] hw perfevents: enabled with armv7_cortex_a9 PMU driver, 7 counters available
[    0.157128] futex hash table entries: 1024 (order: 4, 65536 bytes)
[    0.157614] workingset: timestamp_bits=28 max_order=19 bucket_order=0
[    0.162959] squashfs: version 4.0 (2009/01/31) Phillip Lougher
[    0.163427] NFS: Registering the id_resolver key type
[    0.163473] Key type id_resolver registered
[    0.163477] Key type id_legacy registered
[    0.163539] ntfs: driver 2.1.32 [Flags: R/O].
[    0.164364] bounce: pool size: 64 pages
[    0.164485] Block layer SCSI generic (bsg) driver version 0.4 loaded (major 248)
[    0.164494] io scheduler noop registered
[    0.164498] io scheduler deadline registered
[    0.164588] io scheduler cfq registered (default)
[    0.166891] libphy: mdio_driver_register: phy-bcm-ns2-pci
[    0.170397] tegra30-pinctrl 70000868.pinmux: invalid group "sdmmc3_dat6_pd3" for function "rsvd1"
[    0.170412] tegra30-pinctrl 70000868.pinmux: invalid group "sdmmc3_dat7_pd4" for function "rsvd1"
[    0.170426] tegra30-pinctrl 70000868.pinmux: invalid group "vi_vsync_pd6" for function "rsvd1"
[    0.170435] tegra30-pinctrl 70000868.pinmux: invalid group "vi_hsync_pd7" for function "rsvd1"
[    0.170934] tegra30-pinctrl 70000868.pinmux: invalid group "hdmi_int_pn7" for function "rsvd1"
[    0.170982] tegra30-pinctrl 70000868.pinmux: invalid group "ulpi_data3_po4" for function "rsvd1"
[    0.171345] tegra30-pinctrl 70000868.pinmux: invalid group "vi_d10_pt2" for function "rsvd1"
[    0.171357] tegra30-pinctrl 70000868.pinmux: invalid group "vi_d11_pt3" for function "rsvd1"
[    0.171370] tegra30-pinctrl 70000868.pinmux: invalid group "vi_d0_pt4" for function "rsvd1"
[    0.171414] tegra30-pinctrl 70000868.pinmux: invalid group "pu0" for function "rsvd1"
[    0.171446] tegra30-pinctrl 70000868.pinmux: invalid group "pu3" for function "rsvd1"
[    0.171477] tegra30-pinctrl 70000868.pinmux: invalid group "pu6" for function "rsvd1"
[    0.171520] tegra30-pinctrl 70000868.pinmux: invalid group "pv3" for function "rsvd1"
[    0.172039] tegra30-pinctrl 70000868.pinmux: invalid group "pbb0" for function "rsvd1"
[    0.172166] tegra30-pinctrl 70000868.pinmux: invalid group "pcc1" for function "rsvd1"
[    0.177462] tegra-pcie 3000.pcie-controller: 2x3 configuration
[    0.177623] tegra-pcie 3000.pcie-controller: Failed to get supply 'hvdd-pex': -517
[    0.181425] tegra-apbdma 6000a000.dma: Tegra20 APB DMA driver register 32 channels
[    0.182574] tegra-pmc 7000e400.pmc: i2c-thermtrip node not found, emergency thermal reset disabled.
[    0.215128] Serial: 8250/16550 driver, 4 ports, IRQ sharing disabled
[    0.217246] console [ttyS0] disabled
[    0.217285] 70006000.serial: ttyS0 at MMIO 0x70006000 (irq = 331, base_baud = 25500000) is a Tegra
[    1.205027] console [ttyS0] enabled
[    1.209009] SuperH (H)SCI(F) driver initialized
[    1.214124] msm_serial: driver initialized
[    1.218317] STMicroelectronics ASC driver initialized
[    1.225680] [drm] Initialized drm 1.1.0 20060810
[    1.232228] tegra-hdmi 54280000.hdmi: failed to get HDMI regulator
[    1.246426] brd: module loaded
[    1.253337] loop: module loaded
[    1.261475] m25p80 spi32766.1: w25q32 (4096 Kbytes)
[    1.268372] libphy: Fixed MDIO Bus: probed
[    1.272982] CAN device driver interface
[    1.277914] igb: Intel(R) Gigabit Ethernet Network Driver - version 5.3.0-k
[    1.284871] igb: Copyright (c) 2007-2014 Intel Corporation.
[    1.292215] pegasus: v0.9.3 (2013/04/25), Pegasus/Pegasus II USB Ethernet driver
[    1.299659] usbcore: registered new interface driver pegasus
[    1.305353] usbcore: registered new interface driver asix
[    1.310770] usbcore: registered new interface driver ax88179_178a
[    1.316876] usbcore: registered new interface driver cdc_ether
[    1.322738] usbcore: registered new interface driver smsc75xx
[    1.328516] usbcore: registered new interface driver smsc95xx
[    1.334275] usbcore: registered new interface driver net1080
[    1.339948] usbcore: registered new interface driver cdc_subset
[    1.345880] usbcore: registered new interface driver zaurus
[    1.351512] usbcore: registered new interface driver cdc_ncm
[    1.358636] ehci_hcd: USB 2.0 'Enhanced' Host Controller (EHCI) Driver
[    1.365158] ehci-pci: EHCI PCI platform driver
[    1.369620] ehci-platform: EHCI generic platform driver
[    1.374960] ehci-omap: OMAP-EHCI Host Controller driver
[    1.380257] ehci-orion: EHCI orion driver
[    1.384339] SPEAr-ehci: EHCI SPEAr driver
[    1.388412] ehci-st: EHCI STMicroelectronics driver
[    1.393362] ehci-exynos: EHCI EXYNOS driver
[    1.397630] ehci-atmel: EHCI Atmel driver
[    1.401720] tegra-ehci: Tegra EHCI driver
[    1.406064] ohci_hcd: USB 1.1 'Open' Host Controller (OHCI) Driver
[    1.412250] ohci-pci: OHCI PCI platform driver
[    1.416719] ohci-platform: OHCI generic platform driver
[    1.422042] ohci-omap3: OHCI OMAP3 driver
[    1.426126] SPEAr-ohci: OHCI SPEAr driver
[    1.430217] ohci-st: OHCI STMicroelectronics driver
[    1.435167] ohci-atmel: OHCI Atmel driver
[    1.439619] usbcore: registered new interface driver usb-storage
[    1.446593] mousedev: PS/2 mouse device common for all mice
[    1.454028] tegra_rtc 7000e000.rtc: rtc core: registered 7000e000.rtc as rtc1
[    1.461191] tegra_rtc 7000e000.rtc: Tegra internal Real Time Clock
[    1.479882] tps65910-rtc tps65910-rtc: rtc core: registered tps65910-rtc as rtc0
[    1.487463] i2c /dev entries driver
[    1.498314] sdhci: Secure Digital Host Controller Interface driver
[    1.504507] sdhci: Copyright(c) Pierre Ossman
[    1.509756] Synopsys Designware Multimedia Card Interface Driver
[    1.516383] sdhci-pltfm: SDHCI platform and OF driver helper
[    1.522581] sdhci-tegra 78000000.sdhci: Got CD GPIO
[    1.527471] sdhci-tegra 78000000.sdhci: Got WP GPIO
[    1.533603] mmc0: Invalid maximum block size, assuming 512 bytes
[    1.573582] mmc0: SDHCI controller on 78000000.sdhci [78000000.sdhci] using ADMA
[    1.582214] mmc1: Invalid maximum block size, assuming 512 bytes
[    1.623512] mmc1: SDHCI controller on 78000600.sdhci [78000600.sdhci] using ADMA
[    1.632064] ledtrig-cpu: registered to indicate activity on CPUs
[    1.638274] usbcore: registered new interface driver usbhid
[    1.643842] usbhid: USB HID core driver
[    1.651072] NET: Registered protocol family 10
[    1.656079] sit: IPv6 over IPv4 tunneling driver
[    1.661148] NET: Registered protocol family 17
[    1.665604] can: controller area network core (rev 20120528 abi 9)
[    1.671829] NET: Registered protocol family 29
[    1.676271] can: raw protocol (rev 20120528)
[    1.680536] can: broadcast manager protocol (rev 20120528 t)
[    1.686190] can: netlink gateway (rev 20130117) max_hops=1
[    1.691957] Key type dns_resolver registered
[    1.696626] ThumbEE CPU extension supported.
[    1.700904] Registering SWP/SWPB emulation handler
[    1.724712] vdd_ddr: supplied by vdd_5v_in
[    1.733112] vdd_5v_sata: supplied by vdd_5v_in
[    1.737874] usb1_vbus: supplied by vdd_5v_in
[    1.742486] usb3_vbus: supplied by vdd_5v_in
[    1.750424] sys_3v3,vdd_3v3_alw: supplied by vdd_5v_in
[    1.756939] +VDD_5V_HDMI: supplied by sys_3v3,vdd_3v3_alw
[    1.762556] sys_3v3_pexs: supplied by sys_3v3,vdd_3v3_alw
[    1.768656] tegra-pcie 3000.pcie-controller: 2x3 configuration
[    1.777282] tegra-pcie 3000.pcie-controller: probing port 0, using 2 lanes
[    1.780888] mmc1: new high speed MMC card at address 0001
[    1.781616] mmcblk1: mmc1:0001 SEM16G 14.8 GiB 
[    1.782513] mmcblk1boot0: mmc1:0001 SEM16G partition 1 1.00 MiB
[    1.783419] mmcblk1boot1: mmc1:0001 SEM16G partition 2 1.00 MiB
[    1.787796] mmcblk1rpmb: mmc1:0001 SEM16G partition 3 128 KiB
[    1.800190] Primary GPT is invalid, using alternate GPT.
[    1.800205]  mmcblk1: p1 p2 p3 p4 p5
[    1.800315] mmc0: error -110 whilst initialising SD card
[    1.845933] tegra-pcie 3000.pcie-controller: probing port 2, using 2 lanes
[    2.256470] tegra-pcie 3000.pcie-controller: link 2 down, retrying
[    2.666258] tegra-pcie 3000.pcie-controller: link 2 down, retrying
[    3.076055] tegra-pcie 3000.pcie-controller: link 2 down, retrying
[    3.084243] tegra-pcie 3000.pcie-controller: link 2 down, ignoring
[    3.090549] tegra-pcie 3000.pcie-controller: PCI host bridge to bus 0000:00
[    3.097506] pci_bus 0000:00: root bus resource [io  0x0000-0xffff]
[    3.103676] pci_bus 0000:00: root bus resource [mem 0x20000000-0x27ffffff]
[    3.110540] pci_bus 0000:00: root bus resource [mem 0x28000000-0x3fffffff pref]
[    3.117836] pci_bus 0000:00: root bus resource [bus 00-ff]
[    3.123344] pci 0000:00:01.0: [10de:0e1c] type 01 class 0x060400
[    3.129409] pci 0000:00:01.0: PME# supported from D0 D1 D2 D3hot D3cold
[    3.136170] PCI: bus0: Fast back to back transfers disabled
[    3.141740] pci 0000:00:01.0: bridge configuration invalid ([bus 00-00]), reconfiguring
[    3.149831] pci 0000:01:00.0: [10ec:8168] type 00 class 0x020000
[    3.155847] pci 0000:01:00.0: reg 0x10: [io  0x0000-0x00ff]
[    3.161425] pci 0000:01:00.0: reg 0x18: [mem 0x00000000-0x00000fff 64bit pref]
[    3.168644] pci 0000:01:00.0: reg 0x20: [mem 0x00000000-0x00003fff 64bit pref]
[    3.175929] pci 0000:01:00.0: supports D1 D2
[    3.180193] pci 0000:01:00.0: PME# supported from D0 D1 D2 D3hot D3cold
[    3.193528] PCI: bus1: Fast back to back transfers disabled
[    3.199098] pci_bus 0000:01: busn_res: [bus 01-ff] end is updated to 01
[    3.205769] pci 0000:00:01.0: BAR 9: assigned [mem 0x28000000-0x280fffff 64bit pref]
[    3.213504] pci 0000:00:01.0: BAR 7: assigned [io  0x1000-0x1fff]
[    3.219591] pci 0000:01:00.0: BAR 4: assigned [mem 0x28000000-0x28003fff 64bit pref]
[    3.227330] pci 0000:01:00.0: BAR 2: assigned [mem 0x28004000-0x28004fff 64bit pref]
[    3.235068] pci 0000:01:00.0: BAR 0: assigned [io  0x1000-0x10ff]
[    3.241154] pci 0000:00:01.0: PCI bridge to [bus 01]
[    3.246111] pci 0000:00:01.0:   bridge window [io  0x1000-0x1fff]
[    3.252194] pci 0000:00:01.0:   bridge window [mem 0x28000000-0x280fffff 64bit pref]
[    3.259938] pci 0000:00:01.0: nv_msi_ht_cap_quirk didn't locate host bridge
[    3.266987] pcieport 0000:00:01.0: enabling device (0140 -> 0143)
[    3.273224] pcieport 0000:00:01.0: Signaling PME through PCIe PME interrupt
[    3.280180] pci 0000:01:00.0: Signaling PME through PCIe PME interrupt
[    3.286698] pcie_pme 0000:00:01.0:pcie001: service driver pcie_pme loaded
[    3.293654] r8169 Gigabit Ethernet driver 2.3LK-NAPI loaded
[    3.299238] r8169 0000:01:00.0: enabling device (0140 -> 0143)
[    3.306382] r8169 0000:01:00.0 eth0: RTL8168evl/8111evl at 0xf09f2000, 02:04:4b:01:60:a6, XID 0c900800 IRQ 375
[    3.316374] r8169 0000:01:00.0 eth0: jumbo features [frames: 9200 bytes, tx checksumming: ko]
[    3.328970] [drm] Supports vblank timestamp caching Rev 2 (21.10.2013).
[    3.335582] [drm] No driver support for vblank timestamp query.
[    3.341531] drm drm: No connectors reported connected with modes
[    3.347537] [drm] Cannot find any crtc or sizes - going 1024x768
[    3.384579] Console: switching to colour frame buffer device 128x48
[    3.397305] drm drm: fb0:  frame buffer device
[    3.499273] [drm] Initialized tegra 0.0.0 20120330 on minor 0
[    3.510272] utmi_phy_clk_enable: timeout waiting for phy to stabilize
[    3.516740] tegra-ehci 7d004000.usb: EHCI Host Controller
[    3.522151] tegra-ehci 7d004000.usb: new USB bus registered, assigned bus number 1
[    3.529992] tegra-ehci 7d004000.usb: irq 343, io mem 0x7d004000
[    3.543898] tegra-ehci 7d004000.usb: USB 2.0 started, EHCI 1.00
[    3.551148] hub 1-0:1.0: USB hub found
[    3.554918] hub 1-0:1.0: 1 port detected
[    3.559942] tegra-ehci 7d008000.usb: EHCI Host Controller
[    3.565353] tegra-ehci 7d008000.usb: new USB bus registered, assigned bus number 2
[    3.573121] tegra-ehci 7d008000.usb: irq 344, io mem 0x7d008000
[    3.588897] tegra-ehci 7d008000.usb: USB 2.0 started, EHCI 1.00
[    3.596039] hub 2-0:1.0: USB hub found
[    3.599805] hub 2-0:1.0: 1 port detected
[    3.608176] tps65910-rtc tps65910-rtc: setting system clock to 2000-01-01 00:00:02 UTC (946684802)
[    3.621854] vdd_sata,avdd_plle: disabling
[    3.626249] usb1_vbus: disabling
[    3.631429] EXT4-fs (mmcblk1p1): mounting ext3 file system using the ext4 subsystem
[    3.647229] EXT4-fs (mmcblk1p1): warning: mounting fs with errors, running e2fsck is recommended
[    3.657450] EXT4-fs (mmcblk1p1): recovery complete
[    3.662249] EXT4-fs (mmcblk1p1): mounted filesystem with ordered data mode. Opts: (null)
[    3.670358] VFS: Mounted root (ext3 filesystem) on device 179:1.
[    3.687407] devtmpfs: mounted
[    3.693017] Freeing unused kernel memory: 2048K (c1100000 - c1300000)
bash: cannot set terminal process group (-1): Inappropriate ioctl for device
bash: no job control in this shell
root@(none):/# [    3.913925] usb 2-1: new high-speed USB device number 2 using tegra-ehci
mount -t sysfs none /sys
root@(none):/# 
root@(none):/# [    4.857756] asix 2-1:1.0 eth1: register 'asix' at usb-7d008000.usb-1, ASIX AX88772 USB 2.0 Ethernet, 00:50:b6:0f:67:60
mount -t debugfs none /sys/kernel/debug
root@(none):/# 
root@(none):/# rtcwake -d rtc1 -m mem -s 3
rtcwake: wakeup from "mem" using /dev/rtc1 at Thu Jan  1 00:00:21 1970
[    6.471739] PM: Syncing filesystems ... done.
[    6.485254] Freezing user space processes ... (elapsed 0.001 seconds) done.
[    6.493364] Freezing remaining freezable tasks ... (elapsed 0.001 seconds) done.
[    6.502000] Suspending console(s) (use no_console_suspend to debug)
[    6.542847] PM: suspend of devices complete after 33.561 msecs
[    6.543548] PM: late suspend of devices complete after 0.693 msecs
[    6.558973] PM: noirq suspend of devices complete after 15.417 msecs
[    6.558976] Disabling non-boot CPUs ...
[    6.559620] CPU1: shutdown
[    6.589708] IRQ17 no longer affine to CPU2
[    6.589917] CPU2: shutdown
[    6.604605] CPU3: shutdown
[    6.619003] Entering suspend state LP1
[    6.619014] Enabling non-boot CPUs ...
[    6.644535] CPU1 is up
[    6.669638] CPU2 is up
[    6.694765] CPU3 is up
[    6.695398] pcieport 0000:00:01.0: nv_msi_ht_cap_quirk didn't locate host bridge
[    6.708581] PM: noirq resume of devices complete after 13.808 msecs
[    6.710369] PM: early resume of devices complete after 1.392 msecs
[    6.776399] PM: resume of devices complete after 66.019 msecs
[    6.851589] Restarting tasks ... done.
root@(none):/# 
root@(none):/# rtcwake -d rtc1 -m mem -s 3
rtcwake: wakeup from "mem" using /dev/rtc1 at Thu Jan  1 00:00:26 1970
[    8.156477] PM: Syncing filesystems ... done.
[   11.118599] Freezing user space processes ... (elapsed 0.001 seconds) done.
[   11.126691] Freezing remaining freezable tasks ... (elapsed 0.001 seconds) done.
[   11.135327] Suspending console(s) (use no_console_suspend to debug)
[   11.177865] PM: suspend of devices complete after 35.342 msecs
[   11.180912] PM: late suspend of devices complete after 3.038 msecs
[   11.193958] PM: noirq suspend of devices complete after 13.039 msecs
[   11.193962] Disabling non-boot CPUs ...
[   11.194303] IRQ17 no longer affine to CPU1
[   11.194608] CPU1: shutdown
[   11.209872] CPU2: shutdown
[   11.224503] CPU3: shutdown
[   11.238966] Entering suspend state LP1
[   11.238980] Enabling non-boot CPUs ...
[   11.264678] CPU1 is up
[   11.289766] CPU2 is up
[   11.314891] CPU3 is up
[   11.315608] pcieport 0000:00:01.0: nv_msi_ht_cap_quirk didn't locate host bridge
[   11.328556] PM: noirq resume of devices complete after 13.656 msecs
[   11.331769] PM: early resume of devices complete after 2.780 msecs
[   11.401116] PM: resume of devices complete after 69.334 msecs
[   11.476526] Restarting tasks ... done.
root@(none):/# 
root@(none):/# rtcwake -d rtc1 -m mem -s 3
rtcwake: wakeup from "mem" using /dev/rtc1 at Thu Jan  1 00:00:31 1970
[   12.790072] PM: Syncing filesystems ... done.
[   15.767833] Freezing user space processes ... (elapsed 0.001 seconds) done.
[   15.775999] Freezing remaining freezable tasks ... (elapsed 0.001 seconds) done.
[   15.784677] Suspending console(s) (use no_console_suspend to debug)
[   15.822472] PM: suspend of devices complete after 30.314 msecs
[   15.823292] PM: late suspend of devices complete after 0.810 msecs
[   15.839029] PM: noirq suspend of devices complete after 15.729 msecs
[   15.839032] Disabling non-boot CPUs ...
[   15.839464] IRQ17 no longer affine to CPU1
[   15.839848] CPU1: shutdown
[   15.865145] CPU2: shutdown
[   15.879587] CPU3: shutdown
[   15.893982] Entering suspend state LP1
[   15.893995] Enabling non-boot CPUs ...
[   15.919645] CPU1 is up
[   15.944741] CPU2 is up
[   15.969864] CPU3 is up
[   15.970613] pcieport 0000:00:01.0: nv_msi_ht_cap_quirk didn't locate host bridge
[   15.983546] PM: noirq resume of devices complete after 13.673 msecs
[   15.985729] PM: early resume of devices complete after 1.755 msecs
[   16.055911] PM: resume of devices complete after 70.169 msecs
[   16.131333] Restarting tasks ... done.
root@(none):/# 
root@(none):/# rtcwake -d rtc1 -m mem -s 3
rtcwake: wakeup from "mem" using /dev/rtc1 at Thu Jan  1 00:00:36 1970
[   17.424783] PM: Syncing filesystems ... done.
[   20.398718] Freezing user space processes ... (elapsed 0.001 seconds) done.
[   20.406839] Freezing remaining freezable tasks ... (elapsed 0.001 seconds) done.
[   20.415542] Suspending console(s) (use no_console_suspend to debug)
[   20.456973] PM: suspend of devices complete after 33.936 msecs
[   20.457822] PM: late suspend of devices complete after 0.839 msecs
[   20.469013] PM: noirq suspend of devices complete after 11.182 msecs
[   20.469018] Disabling non-boot CPUs ...
[   20.469429] IRQ17 no longer affine to CPU1
[   20.469821] CPU1: shutdown
[   20.485066] CPU2: shutdown
[   20.499585] CPU3: shutdown
[   20.513962] Entering suspend state LP1
[   20.513974] Enabling non-boot CPUs ...
[   20.539635] CPU1 is up
[   20.564730] CPU2 is up
[   20.589834] CPU3 is up
[   20.590573] pcieport 0000:00:01.0: nv_msi_ht_cap_quirk didn't locate host bridge
[   20.603515] PM: noirq resume of devices complete after 13.671 msecs
[   20.606509] PM: early resume of devices complete after 2.744 msecs
[   20.676058] PM: resume of devices complete after 69.535 msecs
[   20.751462] Restarting tasks ... done.
root@(none):/# 
root@(none):/# rtcwake -d rtc1 -m mem -s 3
rtcwake: wakeup from "mem" using /dev/rtc1 at Thu Jan  1 00:00:41 1970
[   22.058504] PM: Syncing filesystems ... done.
[   25.042275] Freezing user space processes ... (elapsed 0.001 seconds) done.
[   25.050432] Freezing remaining freezable tasks ... (elapsed 0.001 seconds) done.
[   25.059123] Suspending console(s) (use no_console_suspend to debug)
[   25.096947] PM: suspend of devices complete after 30.335 msecs
[   25.097751] PM: late suspend of devices complete after 0.794 msecs
[   25.109003] PM: noirq suspend of devices complete after 11.243 msecs
[   25.109009] Disabling non-boot CPUs ...
[   25.109835] CPU1: shutdown
[   25.124811] IRQ17 no longer affine to CPU2
[   25.125071] CPU2: shutdown
[   25.139515] CPU3: shutdown
[   25.153925] Entering suspend state LP1
[   25.153938] Enabling non-boot CPUs ...
[   25.179603] CPU1 is up
[   25.204692] CPU2 is up
[   25.229802] CPU3 is up
[   25.230509] pcieport 0000:00:01.0: nv_msi_ht_cap_quirk didn't locate host bridge
[   25.243487] PM: noirq resume of devices complete after 13.679 msecs
[   25.245199] PM: early resume of devices complete after 1.283 msecs
[   25.316554] PM: resume of devices complete after 71.339 msecs
[   25.391999] Restarting tasks ... done.
root@(none):/# 
root@(none):/# rtcwake -d rtc1 -m mem -s 3
rtcwake: wakeup from "mem" using /dev/rtc1 at Thu Jan  1 00:00:46 1970
[   26.699600] PM: Syncing filesystems ... done.
[   29.662641] Freezing user space processes ... (elapsed 0.001 seconds) done.
[   29.670802] Freezing remaining freezable tasks ... (elapsed 0.001 seconds) done.
[   29.679486] Suspending console(s) (use no_console_suspend to debug)
[   29.718966] PM: suspend of devices complete after 31.994 msecs
[   29.720779] PM: late suspend of devices complete after 1.803 msecs
[   29.733940] PM: noirq suspend of devices complete after 13.153 msecs
[   29.733945] Disabling non-boot CPUs ...
[   29.734732] CPU1: shutdown
[   29.764814] IRQ17 no longer affine to CPU2
[   29.765068] CPU2: shutdown
[   29.779515] CPU3: shutdown
[   29.793901] Entering suspend state LP1
[   29.793915] Enabling non-boot CPUs ...
[   29.819576] CPU1 is up
[   29.844653] CPU2 is up
[   29.869776] CPU3 is up
[   29.870515] pcieport 0000:00:01.0: nv_msi_ht_cap_quirk didn't locate host bridge
[   29.883467] PM: noirq resume of devices complete after 13.681 msecs
[   29.886196] PM: early resume of devices complete after 2.297 msecs
[   29.956820] PM: resume of devices complete after 70.612 msecs
[   30.032273] Restarting tasks ... done.
root@(none):/# 
root@(none):/# rtcwake -d rtc1 -m mem -s 3
rtcwake: wakeup from "mem" using /dev/rtc1 at Thu Jan  1 00:00:51 1970
[   31.337750] PM: Syncing filesystems ... done.
[   34.303620] Freezing user space processes ... (elapsed 0.001 seconds) done.
[   34.311750] Freezing remaining freezable tasks ... (elapsed 0.001 seconds) done.
[   34.320452] Suspending console(s) (use no_console_suspend to debug)
[   34.361884] PM: suspend of devices complete after 33.932 msecs
[   34.362740] PM: late suspend of devices complete after 0.846 msecs
[   34.373949] PM: noirq suspend of devices complete after 11.200 msecs
[   34.373954] Disabling non-boot CPUs ...
[   34.374757] CPU1: shutdown
[   34.399797] IRQ17 no longer affine to CPU2
[   34.400052] CPU2: shutdown
[   34.424493] CPU3: shutdown
[   34.438881] Entering suspend state LP1
[   34.438896] Enabling non-boot CPUs ...
[   34.464550] CPU1 is up
[   34.489641] CPU2 is up
[   34.514766] CPU3 is up
[   34.515497] pcieport 0000:00:01.0: nv_msi_ht_cap_quirk didn't locate host bridge
[   34.528443] PM: noirq resume of devices complete after 13.669 msecs
[   34.530674] PM: early resume of devices complete after 1.804 msecs
[   34.601014] PM: resume of devices complete after 70.323 msecs
[   34.676436] Restarting tasks ... done.
root@(none):/# 
root@(none):/# rtcwake -d rtc1 -m mem -s 3
rtcwake: wakeup from "mem" using /dev/rtc1 at Thu Jan  1 00:00:56 1970
[   35.983568] PM: Syncing filesystems ... done.
[   38.941629] Freezing user space processes ... (elapsed 0.001 seconds) done.
[   38.949793] Freezing remaining freezable tasks ... (elapsed 0.001 seconds) done.
[   38.958481] Suspending console(s) (use no_console_suspend to debug)
[   38.999163] PM: suspend of devices complete after 33.197 msecs
[   38.999927] PM: late suspend of devices complete after 0.754 msecs
[   39.013915] PM: noirq suspend of devices complete after 13.978 msecs
[   39.013920] Disabling non-boot CPUs ...
[   39.014708] CPU1: shutdown
[   39.035005] CPU2: shutdown
[   39.059256] IRQ17 no longer affine to CPU3
[   39.059459] CPU3: shutdown
[   39.073860] Entering suspend state LP1
[   39.073873] Enabling non-boot CPUs ...
[   39.099540] CPU1 is up
[   39.124615] CPU2 is up
[   39.149737] CPU3 is up
[   39.150460] pcieport 0000:00:01.0: nv_msi_ht_cap_quirk didn't locate host bridge
[   39.163426] PM: noirq resume of devices complete after 13.680 msecs
[   39.165569] PM: early resume of devices complete after 1.716 msecs
[   39.236796] PM: resume of devices complete after 71.215 msecs
[   39.312211] Restarting tasks ... done.
root@(none):/# 
root@(none):/# rtcwake -d rtc1 -m mem -s 3
rtcwake: wakeup from "mem" using /dev/rtc1 at Thu Jan  1 00:01:01 1970
[   40.617721] PM: Syncing filesystems ... done.
[   43.583564] Freezing user space processes ... (elapsed 0.001 seconds) done.
[   43.591692] Freezing remaining freezable tasks ... (elapsed 0.001 seconds) done.
[   43.600407] Suspending console(s) (use no_console_suspend to debug)
[   43.632856] PM: suspend of devices complete after 24.936 msecs
[   43.633699] PM: late suspend of devices complete after 0.834 msecs
[   43.648901] PM: noirq suspend of devices complete after 15.194 msecs
[   43.648904] Disabling non-boot CPUs ...
[   43.649713] CPU1: shutdown
[   43.675018] CPU2: shutdown
[   43.689195] IRQ17 no longer affine to CPU3
[   43.689405] CPU3: shutdown
[   43.703860] Entering suspend state LP1
[   43.703875] Enabling non-boot CPUs ...
[   43.729513] CPU1 is up
[   43.754629] CPU2 is up
[   43.779737] CPU3 is up
[   43.780482] pcieport 0000:00:01.0: nv_msi_ht_cap_quirk didn't locate host bridge
[   43.793394] PM: noirq resume of devices complete after 13.646 msecs
[   43.795601] PM: early resume of devices complete after 1.779 msecs
[   43.866742] PM: resume of devices complete after 71.129 msecs
[   43.942168] Restarting tasks ... done.
root@(none):/# 
root@(none):/# rtcwake -d rtc1 -m mem -s 3
rtcwake: wakeup from "mem" using /dev/rtc1 at Thu Jan  1 00:01:06 1970
[   45.233695] PM: Syncing filesystems ... done.
[   48.211568] Freezing user space processes ... (elapsed 0.001 seconds) done.
[   48.219738] Freezing remaining freezable tasks ... (elapsed 0.001 seconds) done.
[   48.228417] Suspending console(s) (use no_console_suspend to debug)
[   48.268324] PM: suspend of devices complete after 32.401 msecs
[   48.269183] PM: late suspend of devices complete after 0.847 msecs
[   48.283860] PM: noirq suspend of devices complete after 14.668 msecs
[   48.283863] Disabling non-boot CPUs ...
[   48.284647] CPU1: shutdown
[   48.299941] CPU2: shutdown
[   48.314225] IRQ17 no longer affine to CPU3
[   48.314432] CPU3: shutdown
[   48.328821] Entering suspend state LP1
[   48.328835] Enabling non-boot CPUs ...
[   48.354482] CPU1 is up
[   48.379582] CPU2 is up
[   48.404692] CPU3 is up
[   48.405425] pcieport 0000:00:01.0: nv_msi_ht_cap_quirk didn't locate host bridge
[   48.423368] PM: noirq resume of devices complete after 18.667 msecs
[   48.426055] PM: early resume of devices complete after 2.264 msecs
[   48.496658] PM: resume of devices complete after 70.591 msecs
[   48.572134] Restarting tasks ... done.
root@(none):/# 
root@(none):/# NVTB SYSTEM SUSPEND TEST COMPLETE
