

U-Boot 2015.04-00466-gedec83e90172 (Mar 14 2016 - 10:42:01)

TEGRA124
Model: Acer Chromebook 13 CB5-311
DRAM:  4 GiB
C:   Tegra SD/MMC: 0, Tegra SD/MMC: 1, Tegra SD/MMC: 2
MMC init failed
Using default environment

In:    serial
Out:   serial
Err:   serial
Net:   Net Initialization Skipped
No ethernet found.
Hit any key to stop autoboot:  2  0 
Tegra124 (Nyan-big) # 
Tegra124 (Nyan-big) # usb start
starting USB...
USB0:   USB EHCI 1.10
scanning bus 0 for devices... 2 USB Device(s) found
USB1:   USB EHCI 1.10
scanning bus 1 for devices... 2 USB Device(s) found
       scanning usb for storage devices... 1 Storage Device(s) found
       scanning usb for ethernet devices... 
Warning: asx0 using MAC address from net device
1 Ethernet Device(s) found
Tegra124 (Nyan-big) # mw 0x7000e4a0 0x00080000
Tegra124 (Nyan-big) # setenv bootargs 'ignore_loglevel console=ttyS0,115200n8 rw root=PARTUUID=4d36e82a-b3c0-4b4b-bfcd-afe5217ac023 rootwait gpt debug noinitrd earlyprintk init=/bin/bash'
Tegra124 (Nyan-big) # setenv ipaddr 192.168.100.102; setenv serverip 192.168.100.1; setenv tftpserverip 192.168.100.1
Tegra124 (Nyan-big) # tftpboot 0x82000000 zImage.multi_v7_defconfig
Using asx0 device
TFTP from server 192.168.100.1; our IP address is 192.168.100.102
Filename 'zImage.multi_v7_defconfig'.
Load address: 0x82000000
Loading: *#################################################################
	 #################################################################
	 #################################################################
	 #################################################################
	 #################################################################
	 #################################################################
	 #################################################################
	 #################################################################
	 ####################################
	 2.8 MiB/s
done
Bytes transferred = 8159752 (7c8208 hex)
Tegra124 (Nyan-big) # tftpboot 0x83000000 tegra124-nyan-big.dtb
Using asx0 device
TFTP from server 192.168.100.1; our IP address is 192.168.100.102
Filename 'tegra124-nyan-big.dtb'.
Load address: 0x83000000
Loading: *#####
	 2.7 MiB/s
done
Bytes transferred = 68203 (10a6b hex)
Tegra124 (Nyan-big) # bootz 0x82000000 - 0x83000000
Kernel image @ 0x82000000 [ 0x000000 - 0x7c8200 ]
## Flattened Device Tree blob at 83000000
   Booting using the fdt blob at 0x83000000
   Using Device Tree in place at 83000000, end 83013a6a

Starting kernel ...

[    0.000000] Booting Linux on physical CPU 0x0
[    0.000000] Linux version 4.13.0-next-20170907-199554-gc6be5a0 (jonathanh@sellafield) (gcc version 4.7.3 20130328 (prerelease) (crosstool-NG linaro-1.13.1-4.7-2013.04-20130415 - Linaro GCC 2013.04)) #1 SMP Wed Sep 6 23:51:23 PDT 2017
[    0.000000] CPU: ARMv7 Processor [413fc0f3] revision 3 (ARMv7), cr=10c5387d
[    0.000000] CPU: div instructions available: patching division code
[    0.000000] CPU: PIPT / VIPT nonaliasing data cache, PIPT instruction cache
[    0.000000] OF: fdt: Machine model: Acer Chromebook 13 CB5-311
[    0.000000] OF: fdt: Ignoring memory range 0x100000000 - 0x17ffff000
[    0.000000] debug: ignoring loglevel setting.
[    0.000000] Memory policy: Data cache writealloc
[    0.000000] efi: Getting EFI parameters from FDT:
[    0.000000] efi: UEFI not found.
[    0.000000] cma: Reserved 64 MiB at 0xfb800000
[    0.000000] On node 0 totalpages: 524287
[    0.000000] free_area_init_node: node 0, pgdat c158e5c0, node_mem_map eeff8000
[    0.000000]   DMA zone: 1536 pages used for memmap
[    0.000000]   DMA zone: 0 pages reserved
[    0.000000]   DMA zone: 196608 pages, LIFO batch:31
[    0.000000]   HighMem zone: 327679 pages, LIFO batch:31
[    0.000000] random: fast init done
[    0.000000] percpu: Embedded 17 pages/cpu @eef81000 s39424 r8192 d22016 u69632
[    0.000000] pcpu-alloc: s39424 r8192 d22016 u69632 alloc=17*4096
[    0.000000] pcpu-alloc: [0] 0 [0] 1 [0] 2 [0] 3 
[    0.000000] Built 1 zonelists, mobility grouping on.  Total pages: 522751
[    0.000000] Kernel command line: ignore_loglevel console=ttyS0,115200n8 rw root=PARTUUID=4d36e82a-b3c0-4b4b-bfcd-afe5217ac023 rootwait gpt debug noinitrd earlyprintk init=/bin/bash
[    0.000000] PID hash table entries: 4096 (order: 2, 16384 bytes)
[    0.000000] Dentry cache hash table entries: 131072 (order: 7, 524288 bytes)
[    0.000000] Inode-cache hash table entries: 65536 (order: 6, 262144 bytes)
[    0.000000] Memory: 1994376K/2097148K available (10240K kernel code, 1626K rwdata, 4508K rodata, 2048K init, 405K bss, 37236K reserved, 65536K cma-reserved, 1245180K highmem)
[    0.000000] Virtual kernel memory layout:
[    0.000000]     vector  : 0xffff0000 - 0xffff1000   (   4 kB)
[    0.000000]     fixmap  : 0xffc00000 - 0xfff00000   (3072 kB)
[    0.000000]     vmalloc : 0xf0800000 - 0xff800000   ( 240 MB)
[    0.000000]     lowmem  : 0xc0000000 - 0xf0000000   ( 768 MB)
[    0.000000]     pkmap   : 0xbfe00000 - 0xc0000000   (   2 MB)
[    0.000000]     modules : 0xbf000000 - 0xbfe00000   (  14 MB)
[    0.000000]       .text : 0xc0208000 - 0xc0d00000   (11232 kB)
[    0.000000]       .init : 0xc1200000 - 0xc1400000   (2048 kB)
[    0.000000]       .data : 0xc1400000 - 0xc1596910   (1627 kB)
[    0.000000]        .bss : 0xc159fbcc - 0xc16053bc   ( 406 kB)
[    0.000000] SLUB: HWalign=64, Order=0-3, MinObjects=0, CPUs=4, Nodes=1
[    0.000000] Hierarchical RCU implementation.
[    0.000000] 	RCU event tracing is enabled.
[    0.000000] 	RCU restricting CPUs from NR_CPUS=16 to nr_cpu_ids=4.
[    0.000000] RCU: Adjusting geometry for rcu_fanout_leaf=16, nr_cpu_ids=4
[    0.000000] NR_IRQS: 16, nr_irqs: 16, preallocated irqs: 16
[    0.000000] /interrupt-controller@60004000: 160 interrupts forwarded to /interrupt-controller@50041000
[    0.000000] Tegra clk 127: register failed with -17
[    0.000003] sched_clock: 32 bits at 1000kHz, resolution 1000ns, wraps every 2147483647500ns
[    0.000010] clocksource: timer_us: mask: 0xffffffff max_cycles: 0xffffffff, max_idle_ns: 1911260446275 ns
[    0.000016] Switching to timer-based delay loop, resolution 1000ns
[    0.001789] arch_timer: cp15 timer(s) running at 12.00MHz (virt).
[    0.001796] clocksource: arch_sys_counter: mask: 0xffffffffffffff max_cycles: 0x2c47f4ee7, max_idle_ns: 440795202497 ns
[    0.001803] sched_clock: 56 bits at 12MHz, resolution 83ns, wraps every 4398046511096ns
[    0.001808] Switching to timer-based delay loop, resolution 83ns
[    0.002022] Console: colour dummy device 80x30
[    0.002038] Calibrating delay loop (skipped), value calculated using timer frequency.. 24.00 BogoMIPS (lpj=120000)
[    0.002045] pid_max: default: 32768 minimum: 301
[    0.002084] Mount-cache hash table entries: 2048 (order: 1, 8192 bytes)
[    0.002090] Mountpoint-cache hash table entries: 2048 (order: 1, 8192 bytes)
[    0.002292] CPU: Testing write buffer coherency: ok
[    0.002416] /cpus/cpu@0 missing clock-frequency property
[    0.002431] /cpus/cpu@1 missing clock-frequency property
[    0.002446] /cpus/cpu@2 missing clock-frequency property
[    0.002461] /cpus/cpu@3 missing clock-frequency property
[    0.002467] CPU0: thread -1, cpu 0, socket 0, mpidr 80000000
[    0.002588] Setting up static identity map for 0x80300000 - 0x803000a0
[    0.003289] Hierarchical SRCU implementation.
[    0.003968] Tegra Revision: A01 SKU: 131 CPU Process: 1 SoC Process: 1
[    0.004240] EFI services will not be available.
[    0.004300] smp: Bringing up secondary CPUs ...
[    0.004530] CPU1: thread -1, cpu 1, socket 0, mpidr 80000001
[    0.011999] CPU2: thread -1, cpu 2, socket 0, mpidr 80000002
[    0.022011] CPU3: thread -1, cpu 3, socket 0, mpidr 80000003
[    0.031785] smp: Brought up 1 node, 4 CPUs
[    0.031793] SMP: Total of 4 processors activated (96.00 BogoMIPS).
[    0.031796] CPU: All CPU(s) started in SVC mode.
[    0.032349] devtmpfs: initialized
[    0.037598] Built 1 zonelists, mobility grouping on.  Total pages: 514978
[    0.037755] VFP support v0.3: implementor 41 architecture 4 part 30 variant f rev 0
[    0.037984] clocksource: jiffies: mask: 0xffffffff max_cycles: 0xffffffff, max_idle_ns: 19112604462750000 ns
[    0.037993] futex hash table entries: 1024 (order: 4, 65536 bytes)
[    0.038086] pinctrl core: initialized pinctrl subsystem
[    0.038658] DMI not present or invalid.
[    0.038758] NET: Registered protocol family 16
[    0.039427] DMA: preallocated 256 KiB pool for atomic coherent allocations
[    0.040339] cpuidle: using governor menu
[    0.048601] No ATAGs?
[    0.048654] hw-breakpoint: found 5 (+1 reserved) breakpoint and 4 watchpoint registers.
[    0.048660] hw-breakpoint: maximum watchpoint size is 8 bytes.
[    0.051426] Serial: AMBA PL011 UART driver
[    0.051789] tegra-mc 70019000.memory-controller: no memory timings for RAM code 0 registered
[    0.051899] iommu: Adding device reg-dummy to group 0
[    0.051927] iommu: Adding device 50000000.host1x to group 1
[    0.051952] iommu: Adding device 54200000.dc to group 2
[    0.051975] iommu: Adding device 54240000.dc to group 3
[    0.051989] iommu: Adding device 54280000.hdmi to group 4
[    0.052000] iommu: Adding device 54540000.sor to group 5
[    0.052014] iommu: Adding device 545c0000.dpaux to group 6
[    0.052043] iommu: Adding device 57000000.gpu to group 7
[    0.052054] iommu: Adding device 60005000.timer to group 8
[    0.052065] iommu: Adding device 60007000.flow-controller to group 9
[    0.052075] iommu: Adding device 6000c800.actmon to group 10
[    0.052086] iommu: Adding device 6000d000.gpio to group 11
[    0.052099] iommu: Adding device 60020000.dma to group 12
[    0.052109] iommu: Adding device 70000800.apbmisc to group 13
[    0.052120] iommu: Adding device 70000868.pinmux to group 14
[    0.052131] iommu: Adding device 70006000.serial to group 15
[    0.052144] iommu: Adding device 7000a000.pwm to group 16
[    0.052154] iommu: Adding device 7000c000.i2c to group 17
[    0.052165] iommu: Adding device 7000c400.i2c to group 18
[    0.052175] iommu: Adding device 7000c500.i2c to group 19
[    0.052187] iommu: Adding device 7000c700.i2c to group 20
[    0.052198] iommu: Adding device 7000d000.i2c to group 21
[    0.052210] iommu: Adding device 7000d400.spi to group 22
[    0.052220] iommu: Adding device 7000da00.spi to group 23
[    0.052230] iommu: Adding device 7000e000.rtc to group 24
[    0.052241] iommu: Adding device 7000e400.pmc to group 25
[    0.052251] iommu: Adding device 7000f800.fuse to group 26
[    0.052264] iommu: Adding device 70019000.memory-controller to group 27
[    0.052275] iommu: Adding device 7001b000.emc to group 28
[    0.052287] iommu: Adding device 70030000.hda to group 29
[    0.052298] iommu: Adding device 70090000.usb to group 30
[    0.052309] iommu: Adding device 7009f000.padctl to group 31
[    0.052319] iommu: Adding device 700b0000.sdhci to group 32
[    0.052329] iommu: Adding device 700b0400.sdhci to group 33
[    0.052340] iommu: Adding device 700b0600.sdhci to group 34
[    0.052351] iommu: Adding device 700e2000.thermal-sensor to group 35
[    0.052361] iommu: Adding device 70300000.ahub to group 36
[    0.052373] iommu: Adding device pmu to group 37
[    0.052386] iommu: Adding device timer to group 38
[    0.052396] iommu: Adding device sdhci0_pwrseq to group 39
[    0.052407] iommu: Adding device backlight to group 40
[    0.052417] iommu: Adding device clocks to group 41
[    0.052427] iommu: Adding device gpio-keys to group 42
[    0.052438] iommu: Adding device regulators to group 43
[    0.052449] iommu: Adding device regulators:regulator@0 to group 44
[    0.052460] iommu: Adding device regulators:regulator@1 to group 45
[    0.052472] iommu: Adding device regulators:regulator@2 to group 46
[    0.052484] iommu: Adding device regulators:regulator@3 to group 47
[    0.052497] iommu: Adding device regulators:regulator@4 to group 48
[    0.052508] iommu: Adding device regulators:regulator@5 to group 49
[    0.052518] iommu: Adding device regulators:regulator@6 to group 50
[    0.052529] iommu: Adding device regulators:regulator@7 to group 51
[    0.052540] iommu: Adding device regulators:regulator@8 to group 52
[    0.052552] iommu: Adding device regulators:regulator@9 to group 53
[    0.052565] iommu: Adding device regulators:regulator@10 to group 54
[    0.052576] iommu: Adding device regulators:regulator@11 to group 55
[    0.052587] iommu: Adding device regulators:regulator@12 to group 56
[    0.052597] iommu: Adding device sound to group 57
[    0.052608] iommu: Adding device gpio-restart to group 58
[    0.052620] iommu: Adding device panel to group 59
[    0.057569] AT91: Could not find identification node
[    0.057775] +5V_SYS: supplied by +VDD_MUX
[    0.057874] +3.3V_SYS: supplied by +VDD_MUX
[    0.058088] +VDD_LED: Failed to request enable GPIO122: -517
[    0.058093] reg-fixed-voltage regulators:regulator@5: Failed to register regulator: -517
[    0.058126] +5V_VDD_TS_SW: Failed to request enable GPIO81: -517
[    0.058131] reg-fixed-voltage regulators:regulator@6: Failed to register regulator: -517
[    0.058163] +5V_USB_HS: Failed to request enable GPIO108: -517
[    0.058168] reg-fixed-voltage regulators:regulator@7: Failed to register regulator: -517
[    0.058199] +5V_USB_SS: Failed to request enable GPIO109: -517
[    0.058204] reg-fixed-voltage regulators:regulator@8: Failed to register regulator: -517
[    0.058292] +1.05V_RUN_AVDD_HDMI_PLL: Failed to request enable GPIO63: -517
[    0.058297] reg-fixed-voltage regulators:regulator@11: Failed to register regulator: -517
[    0.058329] +5V_HDMI_CON: Failed to request enable GPIO86: -517
[    0.058333] reg-fixed-voltage regulators:regulator@12: Failed to register regulator: -517
[    0.059310] vgaarb: loaded
[    0.059566] SCSI subsystem initialized
[    0.059633] libata version 3.00 loaded.
[    0.059707] usbcore: registered new interface driver usbfs
[    0.059724] usbcore: registered new interface driver hub
[    0.059745] usbcore: registered new device driver usb
[    0.061019] pps_core: LinuxPPS API ver. 1 registered
[    0.061022] pps_core: Software ver. 5.3.6 - Copyright 2005-2007 Rodolfo Giometti <giometti@linux.it>
[    0.061030] PTP clock support registered
[    0.061093] EDAC MC: Ver: 3.0.0
[    0.061193] dmi: Firmware registration failed.
[    0.061491] tegra-emc 7001b000.emc: no memory timings for RAM code 0 found in DT
[    0.061501] tegra-emc: probe of 7001b000.emc failed with error -2
[    0.061930] clocksource: Switched to clocksource arch_sys_counter
[    0.081503] NET: Registered protocol family 2
[    0.081697] TCP established hash table entries: 8192 (order: 3, 32768 bytes)
[    0.081730] TCP bind hash table entries: 8192 (order: 4, 65536 bytes)
[    0.081793] TCP: Hash tables configured (established 8192 bind 8192)
[    0.081827] UDP hash table entries: 512 (order: 2, 16384 bytes)
[    0.081843] UDP-Lite hash table entries: 512 (order: 2, 16384 bytes)
[    0.081899] NET: Registered protocol family 1
[    0.082066] RPC: Registered named UNIX socket transport module.
[    0.082071] RPC: Registered udp transport module.
[    0.082073] RPC: Registered tcp transport module.
[    0.082076] RPC: Registered tcp NFSv4.1 backchannel transport module.
[    0.082082] PCI: CLS 0 bytes, default 64
[    0.082647] hw perfevents: enabled with armv7_cortex_a15 PMU driver, 7 counters available
[    0.082922] iommu: Adding device alarmtimer to group 60
[    0.083280] workingset: timestamp_bits=30 max_order=19 bucket_order=0
[    0.085244] squashfs: version 4.0 (2009/01/31) Phillip Lougher
[    0.085454] NFS: Registering the id_resolver key type
[    0.085470] Key type id_resolver registered
[    0.085474] Key type id_legacy registered
[    0.085490] ntfs: driver 2.1.32 [Flags: R/O].
[    0.086012] bounce: pool size: 64 pages
[    0.086029] Block layer SCSI generic (bsg) driver version 0.4 loaded (major 248)
[    0.086033] io scheduler noop registered
[    0.086037] io scheduler deadline registered
[    0.086109] io scheduler cfq registered (default)
[    0.086113] io scheduler mq-deadline registered
[    0.086116] io scheduler kyber registered
[    0.087372] tegra-xusb-padctl 7009f000.padctl: failed to setup XUSB ports: -517
[    0.097764] tegra-apbdma 60020000.dma: Tegra20 APB DMA driver register 32 channels
[    0.098815] tegra-pmc 7000e400.pmc: i2c-thermtrip node not found, emergency thermal reset disabled.
[    0.115249] Serial: 8250/16550 driver, 4 ports, IRQ sharing disabled
[    0.115292] iommu: Adding device serial8250 to group 61
[    0.116305] console [ttyS0] disabled
[    0.116324] 70006000.serial: ttyS0 at MMIO 0x70006000 (irq = 333, base_baud = 25500000) is a Tegra
[    1.371467] console [ttyS0] enabled
[    1.375250] SuperH (H)SCI(F) driver initialized
[    1.380127] msm_serial: driver initialized
[    1.384283] STMicroelectronics ASC driver initialized
[    1.391653] tegra-hdmi 54280000.hdmi: failed to get HDMI regulator
[    1.398200] tegra-dpaux 545c0000.dpaux: failed to get VDD supply: -517
[    1.405619] panel-simple panel: panel supply power not found, using dummy regulator
[    1.415894] brd: module loaded
[    1.421152] loop: module loaded
[    1.425211] as3722 4-0040: AS3722 with revision 0x1 found
[    1.431716] iommu: Adding device as3722-pinctrl to group 62
[    1.438618] iommu: Adding device as3722-regulator to group 63
[    1.446466] as3722-sd2: supplied by +5V_SYS
[    1.450858] as3722-sd3: supplied by +5V_SYS
[    1.455247] +1.35V_LP0(sd3): Bringing 0uV into 1350000-1350000uV
[    1.461412] as3722-sd4: supplied by +5V_SYS
[    1.465751] +1.05V_RUN: Bringing 0uV into 1050000-1050000uV
[    1.471473] as3722-sd5: supplied by +5V_SYS
[    1.477031] as3722-ldo0: supplied by +1.35V_LP0(sd2)
[    1.482751] +1.8V_RUN_CAM: Bringing 0uV into 1800000-1800000uV
[    1.488746] as3722-ldo2: supplied by +1.8V_VDDIO
[    1.494350] as3722-ldo3: supplied by +3.3V_SYS
[    1.498793] +1.00V_LP0_VDD_RTC: Bringing 1100000uV into 1000000-1000000uV
[    1.506354] as3722-ldo4: supplied by +3.3V_SYS
[    1.510944] +3.3V_RUN_CAM: Bringing 0uV into 2800000-2800000uV
[    1.516944] as3722-ldo5: supplied by +1.8V_VDDIO
[    1.521714] +1.2V_RUN_CAM_FRONT: Bringing 0uV into 1200000-1200000uV
[    1.528391] +VDDIO_SDMMC3: Bringing 0uV into 1800000-1800000uV
[    1.534406] as3722-ldo7: supplied by +1.8V_VDDIO
[    1.539170] +1.05V_RUN_CAM_REAR: Bringing 0uV into 1050000-1050000uV
[    1.545702] as3722-ldo9: supplied by +5V_SYS
[    1.550267] +2.8V_RUN_TOUCH: Bringing 0uV into 2800000-2800000uV
[    1.556460] as3722-ldo10: supplied by +5V_SYS
[    1.560963] +2.8V_RUN_CAM_AF: Bringing 0uV into 2800000-2800000uV
[    1.567391] +1.8V_RUN_VPP_FUSE: Bringing 0uV into 1800000-1800000uV
[    1.573879] iommu: Adding device as3722-rtc to group 64
[    1.579234] iommu: Adding device as3722-adc to group 65
[    1.584558] iommu: Adding device as3722-power-off to group 66
[    1.590391] iommu: Adding device as3722-wdt to group 67
[    1.607356] m25p80 spi1.0: w25q32dw (4096 Kbytes)
[    1.612858] iommu: Adding device Fixed MDIO bus.0 to group 68
[    1.618736] libphy: Fixed MDIO Bus: probed
[    1.623147] CAN device driver interface
[    1.627283] bgmac_bcma: Broadcom 47xx GBit MAC driver loaded
[    1.633386] e1000e: Intel(R) PRO/1000 Network Driver - 3.2.6-k
[    1.639203] e1000e: Copyright(c) 1999 - 2015 Intel Corporation.
[    1.645130] igb: Intel(R) Gigabit Ethernet Network Driver - version 5.4.0-k
[    1.652079] igb: Copyright (c) 2007-2014 Intel Corporation.
[    1.658889] pegasus: v0.9.3 (2013/04/25), Pegasus/Pegasus II USB Ethernet driver
[    1.666296] usbcore: registered new interface driver pegasus
[    1.671958] usbcore: registered new interface driver asix
[    1.677354] usbcore: registered new interface driver ax88179_178a
[    1.683446] usbcore: registered new interface driver cdc_ether
[    1.689276] usbcore: registered new interface driver smsc75xx
[    1.695026] usbcore: registered new interface driver smsc95xx
[    1.700765] usbcore: registered new interface driver net1080
[    1.706424] usbcore: registered new interface driver cdc_subset
[    1.712344] usbcore: registered new interface driver zaurus
[    1.717917] usbcore: registered new interface driver cdc_ncm
[    1.724224] ehci_hcd: USB 2.0 'Enhanced' Host Controller (EHCI) Driver
[    1.730735] ehci-pci: EHCI PCI platform driver
[    1.735181] ehci-platform: EHCI generic platform driver
[    1.740460] ehci-orion: EHCI orion driver
[    1.744515] SPEAr-ehci: EHCI SPEAr driver
[    1.748558] ehci-st: EHCI STMicroelectronics driver
[    1.753475] ehci-exynos: EHCI EXYNOS driver
[    1.757698] ehci-atmel: EHCI Atmel driver
[    1.761740] tegra-ehci: Tegra EHCI driver
[    1.765807] ohci_hcd: USB 1.1 'Open' Host Controller (OHCI) Driver
[    1.771981] ohci-pci: OHCI PCI platform driver
[    1.776424] ohci-platform: OHCI generic platform driver
[    1.781695] SPEAr-ohci: OHCI SPEAr driver
[    1.785745] ohci-st: OHCI STMicroelectronics driver
[    1.790654] ohci-atmel: OHCI Atmel driver
[    1.794907] usbcore: registered new interface driver usb-storage
[    1.801904] elan_i2c 1-0015: 1-0015 supply vcc not found, using dummy regulator
[    1.803661] as3722-rtc as3722-rtc: rtc core: registered as3722-rtc as rtc0
[    1.803664] as3722-rtc as3722-rtc: RTC interrupt 372
[    1.805960] tegra_rtc 7000e000.rtc: rtc core: registered 7000e000.rtc as rtc1
[    1.805983] tegra_rtc 7000e000.rtc: Tegra internal Real Time Clock
[    1.806242] i2c /dev entries driver
[    1.808000] IR NEC protocol handler initialized
[    1.808001] IR RC5(x/sz) protocol handler initialized
[    1.808004] IR RC6 protocol handler initialized
[    1.808005] IR JVC protocol handler initialized
[    1.808007] IR Sony protocol handler initialized
[    1.808009] IR SANYO protocol handler initialized
[    1.808011] IR Sharp protocol handler initialized
[    1.808013] IR MCE Keyboard/mouse protocol handler initialized
[    1.808015] IR XMP protocol handler initialized
[    1.809521] lm90 0-004c: 0-004c supply vcc not found, using dummy regulator
[    1.813548] iommu: Adding device cpufreq-tegra124 to group 69
[    1.814827] sdhci: Secure Digital Host Controller Interface driver
[    1.814829] sdhci: Copyright(c) Pierre Ossman
[    1.815532] Synopsys Designware Multimedia Card Interface Driver
[    1.816147] sdhci-pltfm: SDHCI platform and OF driver helper
[    1.816505] sdhci-tegra 700b0000.sdhci: allocated mmc-pwrseq
[    1.824716] sdhci-tegra 700b0400.sdhci: Got CD GPIO
[    1.824726] sdhci-tegra 700b0400.sdhci: Got WP GPIO
[    1.840093] mmc0: Unknown controller version (3). You may experience problems.
[    1.840131] mmc0: Invalid maximum block size, assuming 512 bytes
[    1.921938] mmc0: SDHCI controller on 700b0600.sdhci [700b0600.sdhci] using ADMA
[    1.951475] ledtrig-cpu: registered to indicate activity on CPUs
[    1.957598] usbcore: registered new interface driver usbhid
[    1.963172] usbhid: USB HID core driver
[    1.968396] NET: Registered protocol family 10
[    1.973157] Segment Routing with IPv6
[    1.976848] sit: IPv6, IPv4 and MPLS over IPv4 tunneling driver
[    1.982954] NET: Registered protocol family 17
[    1.987387] can: controller area network core (rev 20170425 abi 9)
[    1.993581] NET: Registered protocol family 29
[    1.998013] can: raw protocol (rev 20170425)
[    2.002276] can: broadcast manager protocol (rev 20170425 t)
[    2.007923] can: netlink gateway (rev 20170425) max_hops=1
[    2.013514] Key type dns_resolver registered
[    2.017966] ThumbEE CPU extension supported.
[    2.022232] Registering SWP/SWPB emulation handler
[    2.032500] +3.3V_RUN: supplied by +3.3V_SYS
[    2.037563] +VDD_LED: supplied by +VDD_MUX
[    2.041868] +3.3V_AVDD_HDMI_AP_GATED: supplied by +3.3V_RUN
[    2.047539] mmc0: new high speed MMC card at address 0001
[    2.047592] +1.8V_RUN_CAM: supplied by +3.3V_RUN
[    2.047634] +VDDIO_SDMMC3: supplied by +3.3V_RUN
[    2.047673] +1.8V_RUN_VPP_FUSE: supplied by +3.3V_RUN
[    2.047984] +5V_VDD_TS_SW: supplied by +5V_SYS
[    2.048246] +5V_USB_HS: supplied by +5V_SYS
[    2.048482] +5V_USB_SS: supplied by +5V_SYS
[    2.067443] +3.3V_PANEL: supplied by +3.3V_RUN
[    2.084754] +3.3V_LP0: supplied by +3.3V_SYS
[    2.089356] mmcblk0: mmc0:0001 MMC16G 14.4 GiB 
[    2.094194] mmcblk0boot0: mmc0:0001 MMC16G partition 1 2.00 MiB
[    2.094632] +1.05V_RUN_AVDD_HDMI_PLL: supplied by +1.05V_RUN
[    2.094900] +5V_HDMI_CON: supplied by +5V_SYS
[    2.095704]  usb3-0: usb3-0 supply vbus not found, using dummy regulator
[    2.095757]  usb3-1: usb3-1 supply vbus not found, using dummy regulator
[    2.099516] tegra-sor 54540000.sor: failed to probe output: -517
[    2.100245] elan_i2c 1-0015: failed to read reset response: -121
[    2.100248] elan_i2c 1-0015: device initialize failed: -121
[    2.100375] panel-simple panel: panel supply power not found, using dummy regulator
[    2.101892] sdhci-tegra 700b0000.sdhci: allocated mmc-pwrseq
[    2.110283] mmc1: Unknown controller version (3). You may experience problems.
[    2.110325] mmc1: Invalid maximum block size, assuming 512 bytes
[    2.110658] mmc1: Switching to 3.3V signalling voltage failed
[    2.148904] elan_i2c 1-0015: writing cmd (0x0005) failed: -121
[    2.148908] elan_i2c 1-0015: device reset failed: -121
[    2.148911] elan_i2c 1-0015: device initialize failed: -121
[    2.162013] mmc1: SDHCI controller on 700b0000.sdhci [700b0000.sdhci] using ADMA
[    2.163037] sdhci-tegra 700b0400.sdhci: Got CD GPIO
[    2.163047] sdhci-tegra 700b0400.sdhci: Got WP GPIO
[    2.171357] mmc2: Unknown controller version (3). You may experience problems.
[    2.171414] mmc2: Invalid maximum block size, assuming 512 bytes
[    2.221092] mmcblk0boot1: mmc0:0001 MMC16G partition 2 2.00 MiB
[    2.227347] mmcblk0rpmb: mmc0:0001 MMC16G partition 3 128 KiB
[    2.233352] mmc2: SDHCI controller on 700b0400.sdhci [700b0400.sdhci] using ADMA
[    2.239521]  mmcblk0: p1 p2 p3 p4 p5 p6 p7 p8 p9 p10 p11 p12
[    2.279914] mmc1: new high speed SDIO card at address 0001
[    2.341992] [drm] Supports vblank timestamp caching Rev 2 (21.10.2013).
[    2.348596] [drm] No driver support for vblank timestamp query.
[    2.375624] elan_i2c 1-0015: Elan Touchpad: Module ID: 0x002a, Firmware: 0x0005, Sample: 0x0007, IAP: 0x0009
[    2.375922] input: Elan Touchpad as /devices/soc0/7000c400.i2c/i2c-1/1-0015/input/input0
[    2.392933] mmc2: new high speed SDHC card at address 0007
[    2.393143] mmcblk2: mmc2:0007 SD08G 7.42 GiB 
[    2.402238] GPT:Primary header alternate_lba != Alt. header my_lba
[    2.402242] GPT:3014591 != 15564799
[    2.402244] GPT:Primary header thinks Alt. header is not at the end of the disk.
[    2.402245] GPT:3014591 != 15564799
[    2.402246] GPT: Use GNU Parted to correct GPT errors.
[    2.402271]  mmcblk2: p1 p2 p3 p4 p5 p6 p7 p8 p9 p10 p11 p12
[    2.437456] Console: switching to colour frame buffer device 170x48
[    2.519556] drm drm: fb0:  frame buffer device
[    2.524066] [drm] Initialized tegra 0.0.0 20120330 for drm on minor 0
[    2.531296] input: gpio-keys as /devices/soc0/gpio-keys/input/input1
[    2.538892] as3722-rtc as3722-rtc: setting system clock to 2000-01-01 00:00:24 UTC (946684824)
[    2.547887] +1.8V_RUN_CAM: disabling
[    2.551619] +3.3V_RUN_CAM: disabling
[    2.555468] +1.2V_RUN_CAM_FRONT: disabling
[    2.559723] +1.05V_RUN_CAM_REAR: disabling
[    2.564092] +2.8V_RUN_TOUCH: disabling
[    2.568045] +2.8V_RUN_CAM_AF: disabling
[    2.572158] +1.8V_RUN_VPP_FUSE: disabling
[    2.576362] +5V_VDD_TS_SW: disabling
[    2.579935] +5V_USB_HS: disabling
[    2.583294] +5V_USB_SS: disabling
[    2.587484] EXT4-fs (mmcblk0p3): couldn't mount as ext3 due to feature incompatibilities
[    2.596135] EXT4-fs (mmcblk0p3): couldn't mount as ext2 due to feature incompatibilities
[    2.848481] EXT4-fs (mmcblk0p3): recovery complete
[    2.854183] EXT4-fs (mmcblk0p3): mounted filesystem with ordered data mode. Opts: (null)
[    2.862317] VFS: Mounted root (ext4 filesystem) on device 179:3.
[    2.869068] devtmpfs: mounted
[    2.872757] Freeing unused kernel memory: 2048K
bash: cannot set terminal process group (-1): Inappropriate ioctl for device
bash: no job control in this shell
root@(none):/# mount -t sysfs none /sys
root@(none):/# 
root@(none):/# mount -t debugfs none /sys/kernel/debug
root@(none):/# 
root@(none):/# rtcwake -d rtc1 -m mem -s 3
rtcwake: assuming RTC uses UTC ...
rtcwake: wakeup from "mem" using /dev/rtc1 at Thu Jan  1 00:00:29 1970
[    5.796944] PM: suspend entry (deep)
[    5.800515] PM: Syncing filesystems ... done.
[    5.820509] Freezing user space processes ... (elapsed 0.001 seconds) done.
[    5.828632] OOM killer disabled.
[    5.831848] Freezing remaining freezable tasks ... (elapsed 0.001 seconds) done.
[    5.840371] Suspending console(s) (use no_console_suspend to debug)
[    5.885999] Disabling non-boot CPUs ...
[    6.042106] IRQ17 no longer affine to CPU3
[    6.042567] Entering suspend state LP1
[    6.042580] Enabling non-boot CPUs ...
[    6.042880] CPU1 is up
[    6.043122] CPU2 is up
[    6.043364] CPU3 is up
[    6.203446] mmc1: Switching to 3.3V signalling voltage failed
[    6.461938] tegra-sor 54540000.sor: failed to attach SOR: -110
[    6.526367] OOM killer enabled.
[    6.529496] Restarting tasks ... done.
[    6.541047] PM: suspend exit
root@(none):/# 
root@(none):/# rtcwake -d rtc1 -m mem -s 3
rtcwake: assuming RTC uses UTC ...
rtcwake: wakeup from "mem" using /dev/rtc1 at Thu Jan  1 00:00:33 1970
[    7.032233] PM: suspend entry (deep)
[    7.035802] PM: Syncing filesystems ... done.
[    7.057973] Freezing user space processes ... (elapsed 0.001 seconds) done.
[    7.066121] OOM killer disabled.
[    7.069337] Freezing remaining freezable tasks ... (elapsed 0.001 seconds) done.
[    7.077933] Suspending console(s) (use no_console_suspend to debug)
[    7.123475] Disabling non-boot CPUs ...
[    7.302501] Entering suspend state LP1
[    7.302515] Enabling non-boot CPUs ...
[    7.302820] CPU1 is up
[    7.303062] CPU2 is up
[    7.303307] CPU3 is up
[    7.463399] mmc1: Switching to 3.3V signalling voltage failed
[    7.721920] tegra-sor 54540000.sor: failed to attach SOR: -110
[    7.782375] OOM killer enabled.
[    7.785504] Restarting tasks ... done.
[    7.801107] PM: suspend exit
root@(none):/# 
root@(none):/# rtcwake -d rtc1 -m mem -s 3
rtcwake: assuming RTC uses UTC ...
rtcwake: wakeup from "mem" using /dev/rtc1 at Thu Jan  1 00:00:37 1970
[    8.292046] PM: suspend entry (deep)
[    8.295615] PM: Syncing filesystems ... done.
[    8.318010] Freezing user space processes ... (elapsed 0.001 seconds) done.
[    8.326081] OOM killer disabled.
[    8.329297] Freezing remaining freezable tasks ... (elapsed 0.001 seconds) done.
[    8.337859] Suspending console(s) (use no_console_suspend to debug)
[    8.382664] Disabling non-boot CPUs ...
[    8.572023] IRQ17 no longer affine to CPU3
[    8.572495] Entering suspend state LP1
[    8.572509] Enabling non-boot CPUs ...
[    8.572815] CPU1 is up
[    8.573056] CPU2 is up
[    8.573304] CPU3 is up
[    8.733284] mmc1: Switching to 3.3V signalling voltage failed
[    8.991949] tegra-sor 54540000.sor: failed to attach SOR: -110
[    9.056423] OOM killer enabled.
[    9.059552] Restarting tasks ... done.
[    9.071062] PM: suspend exit
root@(none):/# 
root@(none):/# rtcwake -d rtc1 -m mem -s 3
rtcwake: assuming RTC uses UTC ...
rtcwake: wakeup from "mem" using /dev/rtc1 at Thu Jan  1 00:00:41 1970
[    9.562187] PM: suspend entry (deep)
[    9.565755] PM: Syncing filesystems ... done.
[    9.588032] Freezing user space processes ... (elapsed 0.001 seconds) done.
[    9.596166] OOM killer disabled.
[    9.599382] Freezing remaining freezable tasks ... (elapsed 0.001 seconds) done.
[    9.607952] Suspending console(s) (use no_console_suspend to debug)
[    9.653291] Disabling non-boot CPUs ...
[    9.782032] IRQ17 no longer affine to CPU2
[    9.842464] Entering suspend state LP1
[    9.842477] Enabling non-boot CPUs ...
[    9.842785] CPU1 is up
[    9.843025] CPU2 is up
[    9.843270] CPU3 is up
[   10.003262] mmc1: Switching to 3.3V signalling voltage failed
[   10.261849] tegra-sor 54540000.sor: failed to attach SOR: -110
[   10.326365] OOM killer enabled.
[   10.329494] Restarting tasks ... done.
[   10.341112] PM: suspend exit
root@(none):/# 
root@(none):/# rtcwake -d rtc1 -m mem -s 3
rtcwake: assuming RTC uses UTC ...
rtcwake: wakeup from "mem" using /dev/rtc1 at Thu Jan  1 00:00:45 1970
[   10.832150] PM: suspend entry (deep)
[   10.835719] PM: Syncing filesystems ... done.
[   10.858086] Freezing user space processes ... (elapsed 0.001 seconds) done.
[   10.866228] OOM killer disabled.
[   10.869456] Freezing remaining freezable tasks ... (elapsed 0.001 seconds) done.
[   10.878039] Suspending console(s) (use no_console_suspend to debug)
[   10.923211] Disabling non-boot CPUs ...
[   11.052009] IRQ17 no longer affine to CPU2
[   11.112457] Entering suspend state LP1
[   11.112470] Enabling non-boot CPUs ...
[   11.112813] CPU1 is up
[   11.113054] CPU2 is up
[   11.113300] CPU3 is up
[   11.273359] mmc1: Switching to 3.3V signalling voltage failed
[   11.531943] tegra-sor 54540000.sor: failed to attach SOR: -110
[   11.596313] OOM killer enabled.
[   11.599442] Restarting tasks ... done.
[   11.610952] PM: suspend exit
root@(none):/# 
root@(none):/# rtcwake -d rtc1 -m mem -s 3
rtcwake: assuming RTC uses UTC ...
rtcwake: wakeup from "mem" using /dev/rtc1 at Thu Jan  1 00:00:49 1970
[   12.102056] PM: suspend entry (deep)
[   12.105624] PM: Syncing filesystems ... done.
[   12.127897] Freezing user space processes ... (elapsed 0.001 seconds) done.
[   12.136046] OOM killer disabled.
[   12.139262] Freezing remaining freezable tasks ... (elapsed 0.001 seconds) done.
[   12.147836] Suspending console(s) (use no_console_suspend to debug)
[   12.193186] Disabling non-boot CPUs ...
[   12.392379] Entering suspend state LP1
[   12.392392] Enabling non-boot CPUs ...
[   12.392698] CPU1 is up
[   12.392942] CPU2 is up
[   12.393190] CPU3 is up
[   12.553622] mmc1: Switching to 3.3V signalling voltage failed
[   12.811831] tegra-sor 54540000.sor: failed to attach SOR: -110
[   12.872646] OOM killer enabled.
[   12.875775] Restarting tasks ... done.
[   12.891531] PM: suspend exit
root@(none):/# 
root@(none):/# rtcwake -d rtc1 -m mem -s 3
rtcwake: assuming RTC uses UTC ...
rtcwake: wakeup from "mem" using /dev/rtc1 at Thu Jan  1 00:00:53 1970
[   13.381983] PM: suspend entry (deep)
[   13.385551] PM: Syncing filesystems ... done.
[   13.408407] Freezing user space processes ... (elapsed 0.001 seconds) done.
[   13.416475] OOM killer disabled.
[   13.419691] Freezing remaining freezable tasks ... (elapsed 0.001 seconds) done.
[   13.428250] Suspending console(s) (use no_console_suspend to debug)
[   13.473914] Disabling non-boot CPUs ...
[   13.661950] IRQ17 no longer affine to CPU3
[   13.662367] Entering suspend state LP1
[   13.662380] Enabling non-boot CPUs ...
[   13.662685] CPU1 is up
[   13.662927] CPU2 is up
[   13.663176] CPU3 is up
[   13.823205] mmc1: Switching to 3.3V signalling voltage failed
[   14.081912] tegra-sor 54540000.sor: failed to attach SOR: -110
[   14.146333] OOM killer enabled.
[   14.149462] Restarting tasks ... done.
[   14.160962] PM: suspend exit
root@(none):/# 
root@(none):/# rtcwake -d rtc1 -m mem -s 3
rtcwake: assuming RTC uses UTC ...
rtcwake: wakeup from "mem" using /dev/rtc1 at Thu Jan  1 00:00:57 1970
[   14.661616] PM: suspend entry (deep)
[   14.665212] PM: Syncing filesystems ... done.
[   14.677930] Freezing user space processes ... (elapsed 0.001 seconds) done.
[   14.686068] OOM killer disabled.
[   14.689285] Freezing remaining freezable tasks ... (elapsed 0.001 seconds) done.
[   14.697861] Suspending console(s) (use no_console_suspend to debug)
[   14.743619] Disabling non-boot CPUs ...
[   14.922332] Entering suspend state LP1
[   14.922345] Enabling non-boot CPUs ...
[   14.922652] CPU1 is up
[   14.922893] CPU2 is up
[   14.923142] CPU3 is up
[   15.083139] mmc1: Switching to 3.3V signalling voltage failed
[   15.341775] tegra-sor 54540000.sor: failed to attach SOR: -110
[   15.402211] OOM killer enabled.
[   15.405340] Restarting tasks ... done.
[   15.420987] PM: suspend exit
root@(none):/# 
root@(none):/# rtcwake -d rtc1 -m mem -s 3
rtcwake: assuming RTC uses UTC ...
rtcwake: wakeup from "mem" using /dev/rtc1 at Thu Jan  1 00:01:01 1970
[   15.921732] PM: suspend entry (deep)
[   15.925328] PM: Syncing filesystems ... done.
[   15.937893] Freezing user space processes ... (elapsed 0.001 seconds) done.
[   15.946032] OOM killer disabled.
[   15.949248] Freezing remaining freezable tasks ... (elapsed 0.001 seconds) done.
[   15.957828] Suspending console(s) (use no_console_suspend to debug)
[   16.003586] Disabling non-boot CPUs ...
[   16.182313] Entering suspend state LP1
[   16.182326] Enabling non-boot CPUs ...
[   16.182633] CPU1 is up
[   16.182875] CPU2 is up
[   16.183124] CPU3 is up
[   16.344175] mmc1: Switching to 3.3V signalling voltage failed
[   16.601784] tegra-sor 54540000.sor: failed to attach SOR: -110
[   16.663060] OOM killer enabled.
[   16.666189] Restarting tasks ... done.
[   16.681990] PM: suspend exit
root@(none):/# 
root@(none):/# rtcwake -d rtc1 -m mem -s 3
rtcwake: assuming RTC uses UTC ...
rtcwake: wakeup from "mem" using /dev/rtc1 at Thu Jan  1 00:01:05 1970
[   17.181917] PM: suspend entry (deep)
[   17.185487] PM: Syncing filesystems ... done.
[   17.198852] Freezing user space processes ... (elapsed 0.001 seconds) done.
[   17.206987] OOM killer disabled.
[   17.210203] Freezing remaining freezable tasks ... (elapsed 0.001 seconds) done.
[   17.218776] Suspending console(s) (use no_console_suspend to debug)
[   17.264409] Disabling non-boot CPUs ...
[   17.472343] Entering suspend state LP1
[   17.472357] Enabling non-boot CPUs ...
[   17.472661] CPU1 is up
[   17.472906] CPU2 is up
[   17.473153] CPU3 is up
[   17.633156] mmc1: Switching to 3.3V signalling voltage failed
[   17.891790] tegra-sor 54540000.sor: failed to attach SOR: -110
[   17.952212] OOM killer enabled.
[   17.955341] Restarting tasks ... done.
[   17.971032] PM: suspend exit
root@(none):/# 
root@(none):/# NVTB SYSTEM SUSPEND TEST COMPLETE
