
U-Boot SPL 2016.05-rc2 (Apr 21 2016 - 16:23:00)
Trying to boot from RAM


U-Boot 2016.05-rc2 (Apr 21 2016 - 16:23:00 -0700)

TEGRA124
Model: NVIDIA Jetson TK1
Board: NVIDIA Jetson TK1
DRAM:  2 GiB
MMC:   Tegra SD/MMC: 0, Tegra SD/MMC: 1
In:    serial
Out:   serial
Err:   serial
Net:   No ethernet found.
Hit any key to stop autoboot:  2  1  0 
Tegra124 (Jetson TK1) # 
Tegra124 (Jetson TK1) # pci enum
Tegra124 (Jetson TK1) # setenv bootargs 'ignore_loglevel console=ttyS0,115200n8 rw root=PARTUUID=b1791faa-84e8-4e27-83a1-9fb0a77e8803 rootwait gpt debug noinitrd earlyprintk init=/bin/bash'
Tegra124 (Jetson TK1) # setenv ipaddr 192.168.100.102; setenv serverip 192.168.100.1; setenv tftpserverip 192.168.100.1
Tegra124 (Jetson TK1) # tftpboot 0x82000000 zImage.tegra_defconfig

Warning: eth_rtl8169 using MAC address from ROM
Using eth_rtl8169 device
TFTP from server 192.168.100.1; our IP address is 192.168.100.102
Filename 'zImage.tegra_defconfig'.
Load address: 0x82000000
Loading: *#################################################################
	 #################################################################
	 #################################################################
	 #################################################################
	 #################################################################
	 ####################################################
	 3.9 MiB/s
done
Bytes transferred = 5524728 (544cf8 hex)
Tegra124 (Jetson TK1) # tftpboot 0x83000000 tegra124-jetson-tk1.dtb
Using eth_rtl8169 device
TFTP from server 192.168.100.1; our IP address is 192.168.100.102
Filename 'tegra124-jetson-tk1.dtb'.
Load address: 0x83000000
Loading: *#####
	 3.8 MiB/s
done
Bytes transferred = 67133 (1063d hex)
Tegra124 (Jetson TK1) # bootz 0x82000000 - 0x83000000
Kernel image @ 0x82000000 [ 0x000000 - 0x544cf8 ]
## Flattened Device Tree blob at 83000000
   Booting using the fdt blob at 0x83000000
   Using Device Tree in place at 83000000, end 8301363c

Starting kernel ...

Uncompressing Linux... done, booting the kernel.
[    0.000000] Booting Linux on physical CPU 0x0
[    0.000000] Linux version 4.10.0-rc3-next-20170116-145877-g38e4a8f (pwalmsley@kaivo) (gcc version 4.7.3 20130328 (prerelease) (crosstool-NG linaro-1.13.1-4.7-2013.04-20130415 - Linaro GCC 2013.04) ) #1 SMP PREEMPT Sun Jan 15 20:49:03 PST 2017
[    0.000000] CPU: ARMv7 Processor [413fc0f3] revision 3 (ARMv7), cr=10c5387d
[    0.000000] CPU: div instructions available: patching division code
[    0.000000] CPU: PIPT / VIPT nonaliasing data cache, PIPT instruction cache
[    0.000000] OF: fdt:Machine model: NVIDIA Tegra124 Jetson TK1
[    0.000000] debug: ignoring loglevel setting.
[    0.000000] bootconsole [earlycon0] enabled
[    0.000000] cma: Reserved 64 MiB at 0xfbc00000
[    0.000000] Memory policy: Data cache writealloc
[    0.000000] On node 0 totalpages: 524032
[    0.000000] free_area_init_node: node 0, pgdat c0d5e9c0, node_mem_map eeff7000
[    0.000000]   Normal zone: 1536 pages used for memmap
[    0.000000]   Normal zone: 0 pages reserved
[    0.000000]   Normal zone: 196608 pages, LIFO batch:31
[    0.000000]   HighMem zone: 327424 pages, LIFO batch:31
[    0.000000] percpu: Embedded 16 pages/cpu @eef85000 s34496 r8192 d22848 u65536
[    0.000000] pcpu-alloc: s34496 r8192 d22848 u65536 alloc=16*4096
[    0.000000] pcpu-alloc: [0] 0 [0] 1 [0] 2 [0] 3 
[    0.000000] Built 1 zonelists in Zone order, mobility grouping on.  Total pages: 522496
[    0.000000] Kernel command line: ignore_loglevel console=ttyS0,115200n8 rw root=PARTUUID=b1791faa-84e8-4e27-83a1-9fb0a77e8803 rootwait gpt debug noinitrd earlyprintk init=/bin/bash
[    0.000000] PID hash table entries: 4096 (order: 2, 16384 bytes)
[    0.000000] Dentry cache hash table entries: 131072 (order: 7, 524288 bytes)
[    0.000000] Inode-cache hash table entries: 65536 (order: 6, 262144 bytes)
[    0.000000] Memory: 1999808K/2096128K available (8192K kernel code, 384K rwdata, 2480K rodata, 1024K init, 364K bss, 30784K reserved, 65536K cma-reserved, 1244160K highmem)
[    0.000000] Virtual kernel memory layout:
[    0.000000]     vector  : 0xffff0000 - 0xffff1000   (   4 kB)
[    0.000000]     fixmap  : 0xffc00000 - 0xfff00000   (3072 kB)
[    0.000000]     vmalloc : 0xf0800000 - 0xff800000   ( 240 MB)
[    0.000000]     lowmem  : 0xc0000000 - 0xf0000000   ( 768 MB)
[    0.000000]     pkmap   : 0xbfe00000 - 0xc0000000   (   2 MB)
[    0.000000]     modules : 0xbf000000 - 0xbfe00000   (  14 MB)
[    0.000000]       .text : 0xc0008000 - 0xc0900000   (9184 kB)
[    0.000000]       .init : 0xc0c00000 - 0xc0d00000   (1024 kB)
[    0.000000]       .data : 0xc0d00000 - 0xc0d60080   ( 385 kB)
[    0.000000]        .bss : 0xc0d62000 - 0xc0dbd34c   ( 365 kB)
[    0.000000] Preemptible hierarchical RCU implementation.
[    0.000000] 	Build-time adjustment of leaf fanout to 32.
[    0.000000] NR_IRQS:16 nr_irqs:16 16
[    0.000000] /interrupt-controller@60004000: 160 interrupts forwarded to /interrupt-controller@50041000
[    0.000000] Tegra clk 127: register failed with -17
[    0.000008] sched_clock: 32 bits at 1000kHz, resolution 1000ns, wraps every 2147483647500ns
[    0.007556] clocksource: timer_us: mask: 0xffffffff max_cycles: 0xffffffff, max_idle_ns: 1911260446275 ns
[    0.017165] Switching to timer-based delay loop, resolution 1000ns
[    0.024614] arm_arch_timer: Architected cp15 timer(s) running at 12.00MHz (virt).
[    0.030948] clocksource: arch_sys_counter: mask: 0xffffffffffffff max_cycles: 0x2c47f4ee7, max_idle_ns: 440795202497 ns
[    0.041782] sched_clock: 56 bits at 12MHz, resolution 83ns, wraps every 4398046511096ns
[    0.049837] Switching to timer-based delay loop, resolution 83ns
[    0.056330] Console: colour dummy device 80x30
[    0.060422] Calibrating delay loop (skipped), value calculated using timer frequency.. 24.00 BogoMIPS (lpj=120000)
[    0.070821] pid_max: default: 32768 minimum: 301
[    0.075989] Mount-cache hash table entries: 2048 (order: 1, 8192 bytes)
[    0.082177] Mountpoint-cache hash table entries: 2048 (order: 1, 8192 bytes)
[    0.090070] CPU: Testing write buffer coherency: ok
[    0.094508] /cpus/cpu@0 missing clock-frequency property
[    0.099611] /cpus/cpu@1 missing clock-frequency property
[    0.105007] /cpus/cpu@2 missing clock-frequency property
[    0.110360] /cpus/cpu@3 missing clock-frequency property
[    0.115717] CPU0: thread -1, cpu 0, socket 0, mpidr 80000000
[    0.145792] Setting up static identity map for 0x80100000 - 0x80100098
[    0.176295] Tegra Revision: A01 SKU: 129 CPU Process: 1 SoC Process: 1
[    0.181874] smp: Bringing up secondary CPUs ...
[    0.246459] CPU1: thread -1, cpu 1, socket 0, mpidr 80000001
[    0.326560] CPU2: thread -1, cpu 2, socket 0, mpidr 80000002
[    0.406685] CPU3: thread -1, cpu 3, socket 0, mpidr 80000003
[    0.416203] smp: Brought up 1 node, 4 CPUs
[    0.435637] SMP: Total of 4 processors activated (96.00 BogoMIPS).
[    0.441886] CPU: All CPU(s) started in SVC mode.
[    0.448369] devtmpfs: initialized
[    0.473660] VFP support v0.3: implementor 41 architecture 4 part 30 variant f rev 0
[    0.479777] clocksource: jiffies: mask: 0xffffffff max_cycles: 0xffffffff, max_idle_ns: 19112604462750000 ns
[    0.490622] pinctrl core: initialized pinctrl subsystem
[    0.495949] NET: Registered protocol family 16
[    0.500410] DMA: preallocated 256 KiB pool for atomic coherent allocations
[    0.507882] cpuidle: using governor menu
[    0.536741] No ATAGs?
[    0.536880] hw-breakpoint: found 5 (+1 reserved) breakpoint and 4 watchpoint registers.
[    0.545414] hw-breakpoint: maximum watchpoint size is 8 bytes.
[    0.571062] +5V_SYS: supplied by +VDD_MUX
[    0.573605] +3.3V_SYS: supplied by +VDD_MUX
[    0.578264] +USB0_VBUS_SW: Failed to request enable GPIO108: -517
[    0.583655] reg-fixed-voltage regulators:regulator@7: Failed to register regulator: -517
[    0.591912] +5V_USB_HS: Failed to request enable GPIO109: -517
[    0.597693] reg-fixed-voltage regulators:regulator@8: Failed to register regulator: -517
[    0.606037] +1.05V_RUN_AVDD_HDMI_PLL: Failed to request enable GPIO63: -517
[    0.612860] reg-fixed-voltage regulators:regulator@11: Failed to register regulator: -517
[    0.621202] +5V_HDMI_CON: Failed to request enable GPIO86: -517
[    0.627073] reg-fixed-voltage regulators:regulator@12: Failed to register regulator: -517
[    0.635415] +5V_SATA: Failed to request enable GPIO242: -517
[    0.641026] reg-fixed-voltage regulators:regulator@13: Failed to register regulator: -517
[    0.649369] +12V_SATA: Failed to request enable GPIO242: -517
[    0.655066] reg-fixed-voltage regulators:regulator@14: Failed to register regulator: -517
[    0.664688] vgaarb: loaded
[    0.666848] SCSI subsystem initialized
[    0.670134] libata version 3.00 loaded.
[    0.674168] usbcore: registered new interface driver usbfs
[    0.679414] usbcore: registered new interface driver hub
[    0.684822] usbcore: registered new device driver usb
[    0.692874] Linux video capture interface: v2.00
[    0.695767] pps_core: LinuxPPS API ver. 1 registered
[    0.700693] pps_core: Software ver. 5.3.6 - Copyright 2005-2007 Rodolfo Giometti <giometti@linux.it>
[    0.709935] PTP clock support registered
[    0.715325] Advanced Linux Sound Architecture Driver Initialized.
[    0.720819] Bluetooth: Core ver 2.22
[    0.723722] NET: Registered protocol family 31
[    0.728166] Bluetooth: HCI device and connection manager initialized
[    0.734605] Bluetooth: HCI socket layer initialized
[    0.739524] Bluetooth: L2CAP socket layer initialized
[    0.744681] Bluetooth: SCO socket layer initialized
[    0.750875] clocksource: Switched to clocksource arch_sys_counter
[    0.770720] NET: Registered protocol family 2
[    0.774437] TCP established hash table entries: 8192 (order: 3, 32768 bytes)
[    0.780451] TCP bind hash table entries: 8192 (order: 4, 65536 bytes)
[    0.787060] TCP: Hash tables configured (established 8192 bind 8192)
[    0.793774] UDP hash table entries: 512 (order: 2, 16384 bytes)
[    0.799290] UDP-Lite hash table entries: 512 (order: 2, 16384 bytes)
[    0.806003] NET: Registered protocol family 1
[    0.810756] RPC: Registered named UNIX socket transport module.
[    0.816091] RPC: Registered udp transport module.
[    0.820833] RPC: Registered tcp transport module.
[    0.825615] RPC: Registered tcp NFSv4.1 backchannel transport module.
[    0.832118] PCI: CLS 0 bytes, default 64
[    0.838144] hw perfevents: enabled with armv7_cortex_a15 PMU driver, 7 counters available
[    0.845936] futex hash table entries: 1024 (order: 4, 65536 bytes)
[    0.851696] workingset: timestamp_bits=30 max_order=19 bucket_order=0
[    0.858798] squashfs: version 4.0 (2009/01/31) Phillip Lougher
[    0.863974] NFS: Registering the id_resolver key type
[    0.868264] Key type id_resolver registered
[    0.872515] Key type id_legacy registered
[    0.881212] bounce: pool size: 64 pages
[    0.883226] io scheduler noop registered (default)
[    0.890153] usb2-0 supply vbus not found, using dummy regulator
[    0.894425] usb2-1 supply vbus not found, using dummy regulator
[    0.900677] tegra-xusb-padctl 7009f000.padctl: failed to setup XUSB ports: -517
[    0.911754] tegra-pcie 1003000.pcie-controller: 2x1, 1x1 configuration
[    0.916500] tegra-pcie 1003000.pcie-controller: Failed to get supply 'avddio-pex': -517
[    0.928269] tegra124-dfll 70110000.clock: couldn't get vdd_cpu regulator
[    0.940208] tegra-apbdma 60020000.dma: Tegra20 APB DMA driver register 32 channels
[    0.946782] tegra-pmc 7000e400.pmc: emergency thermal reset enabled
[    0.952867] Serial: 8250/16550 driver, 4 ports, IRQ sharing disabled
[    0.960658] console [ttyS0] disabled
[    0.962511] 70006300.serial: ttyS0 at MMIO 0x70006300 (irq = 335, base_baud = 25500000) is a Tegra
[    0.971486] console [ttyS0] enabled
[    0.971486] console [ttyS0] enabled
[    0.977754] bootconsole [earlycon0] disabled
[    0.977754] bootconsole [earlycon0] disabled
[    0.987850] 70006000.serial: ttyTHS1 at MMIO 0x70006000 (irq = 333, base_baud = 0) is a TEGRA_UART
[    0.998279] 70006040.serial: ttyTHS2 at MMIO 0x70006040 (irq = 334, base_baud = 0) is a TEGRA_UART
[    1.009893] tegra-hdmi 54280000.hdmi: failed to get HDMI regulator
[    1.047336] loop: module loaded
[    1.051780] at24 0-0056: 256 byte 24c02 EEPROM, writable, 8 bytes/write
[    1.059176] as3722 4-0040: AS3722 with revision 0x1 found
[    1.067967] gpio gpiochip1: (as3722-gpio): could not create pin range
[    1.074459] as3722-pinctrl as3722-pinctrl: Couldn't add pin range, -517
[    1.084755] as3722-sd2: supplied by +5V_SYS
[    1.089457] as3722-sd3: supplied by +5V_SYS
[    1.093902] +1.35V_LP0(sd3): Bringing 0uV into 1350000-1350000uV
[    1.100312] as3722-sd4: supplied by +5V_SYS
[    1.105030] as3722-sd5: supplied by +5V_SYS
[    1.111185] as3722-ldo0: supplied by +1.35V_LP0(sd2)
[    1.117313] +1.8V_RUN_CAM: Bringing 0uV into 1800000-1800000uV
[    1.123647] as3722-ldo2: supplied by +1.8V_VDDIO
[    1.129639] as3722-ldo3: supplied by +3.3V_SYS
[    1.134163] +1.05V_LP0_VDD_RTC: Bringing 1100000uV into 1000000-1000000uV
[    1.142037] as3722-ldo4: supplied by +3.3V_SYS
[    1.146715] +2.8V_RUN_CAM: Bringing 0uV into 2800000-2800000uV
[    1.153035] as3722-ldo5: supplied by +1.8V_VDDIO
[    1.157885] +1.2V_RUN_CAM_FRONT: Bringing 0uV into 1200000-1200000uV
[    1.164893] +VDDIO_SDMMC3: bypassed regulator has no supply!
[    1.170547] +VDDIO_SDMMC3: failed to get the current voltage(-517)
[    1.176747] as3722-regulator as3722-regulator: regulator 13 register failed -517
[    1.188239] tegra-ahci 70027000.sata: couldn't get PHY in node sata: -517
[    1.205089] random: fast init done
[    1.208694] m25p80 spi32765.0: w25q32dw (4096 Kbytes)
[    1.216025] libphy: Fixed MDIO Bus: probed
[    1.220120] CAN device driver interface
[    1.224229] igb: Intel(R) Gigabit Ethernet Network Driver - version 5.4.0-k
[    1.231201] igb: Copyright (c) 2007-2014 Intel Corporation.
[    1.236933] pegasus: v0.9.3 (2013/04/25), Pegasus/Pegasus II USB Ethernet driver
[    1.244408] usbcore: registered new interface driver pegasus
[    1.250135] usbcore: registered new interface driver asix
[    1.255609] usbcore: registered new interface driver ax88179_178a
[    1.261775] usbcore: registered new interface driver cdc_ether
[    1.267676] usbcore: registered new interface driver smsc75xx
[    1.273522] usbcore: registered new interface driver smsc95xx
[    1.279319] usbcore: registered new interface driver net1080
[    1.285054] usbcore: registered new interface driver cdc_subset
[    1.291044] usbcore: registered new interface driver zaurus
[    1.296690] usbcore: registered new interface driver cdc_ncm
[    1.302592] tegra-phy 7d004000.usb-phy: no vbus regulator
[    1.308328] ehci_hcd: USB 2.0 'Enhanced' Host Controller (EHCI) Driver
[    1.314867] ehci-pci: EHCI PCI platform driver
[    1.319369] tegra-ehci: Tegra EHCI driver
[    1.326221] tegra-ehci 7d004000.usb: EHCI Host Controller
[    1.331660] tegra-ehci 7d004000.usb: new USB bus registered, assigned bus number 1
[    1.339461] tegra-ehci 7d004000.usb: irq 354, io mem 0x7d004000
[    1.370907] tegra-ehci 7d004000.usb: USB 2.0 started, EHCI 1.10
[    1.377825] hub 1-0:1.0: USB hub found
[    1.381646] hub 1-0:1.0: 1 port detected
[    1.386723] usbcore: registered new interface driver cdc_acm
[    1.392400] cdc_acm: USB Abstract Control Model driver for USB modems and ISDN adapters
[    1.400470] usbcore: registered new interface driver cdc_wdm
[    1.406245] usbcore: registered new interface driver usb-storage
[    1.412693] mousedev: PS/2 mouse device common for all mice
[    1.421161] as3722-rtc as3722-rtc: rtc core: registered as3722-rtc as rtc0
[    1.428031] as3722-rtc as3722-rtc: RTC interrupt 377
[    1.435778] tegra_rtc 7000e000.rtc: rtc core: registered 7000e000.rtc as rtc1
[    1.442972] tegra_rtc 7000e000.rtc: Tegra internal Real Time Clock
[    1.449472] i2c /dev entries driver
[    1.454348] usbcore: registered new interface driver uvcvideo
[    1.460086] USB Video Class driver (1.1.1)
[    1.464197] gspca_main: v2.14.0 registered
[    1.468919] 0-004c supply vcc not found, using dummy regulator
[    1.478111] tegra-wdt 60005000.timer: initialized (heartbeat = 120 sec, nowayout = 0)
[    1.486983] sdhci: Secure Digital Host Controller Interface driver
[    1.493303] sdhci: Copyright(c) Pierre Ossman
[    1.497655] sdhci-pltfm: SDHCI platform and OF driver helper
[    1.503618] sdhci-tegra 700b0400.sdhci: Got CD GPIO
[    1.508507] sdhci-tegra 700b0400.sdhci: Got WP GPIO
[    1.513673] mmc0: Unknown controller version (3). You may experience problems.
[    1.520947] mmc0: Invalid maximum block size, assuming 512 bytes
[    1.590946] mmc0: SDHCI controller on 700b0600.sdhci [700b0600.sdhci] using ADMA
[    1.604319] usbcore: registered new interface driver usbhid
[    1.609920] usbhid: USB HID core driver
[    1.668767] mmc0: new high speed MMC card at address 0001
[    1.674878] mmcblk0: mmc0:0001 SEM16G 14.7 GiB 
[    1.679841] mmcblk0boot0: mmc0:0001 SEM16G partition 1 4.00 MiB
[    1.686235] mmcblk0boot1: mmc0:0001 SEM16G partition 2 4.00 MiB
[    1.702593] mmcblk0rpmb: mmc0:0001 SEM16G partition 3 4.00 MiB
[    1.710153]  mmcblk0: p1
[    2.062084] tegra30-i2s 70301100.i2s: DMA channels sourced from device 70300000.ahub
[    2.081948] tegra-snd-rt5640 sound: rt5640-aif1 <-> 70301100.i2s mapping ok
[    2.092812] input: NVIDIA Tegra Jetson TK1 Headphones as /devices/soc0/sound/sound/card1/input0
[    2.103921] NET: Registered protocol family 10
[    2.109668] Segment Routing with IPv6
[    2.113526] mip6: Mobile IPv6
[    2.116493] sit: IPv6, IPv4 and MPLS over IPv4 tunneling driver
[    2.124178] NET: Registered protocol family 17
[    2.128634] NET: Registered protocol family 15
[    2.133138] can: controller area network core (rev 20120528 abi 9)
[    2.139422] NET: Registered protocol family 29
[    2.143885] can: raw protocol (rev 20120528)
[    2.148150] can: broadcast manager protocol (rev 20161123 t)
[    2.153824] can: netlink gateway (rev 20130117) max_hops=1
[    2.159479] Bluetooth: RFCOMM socket layer initialized
[    2.164683] Bluetooth: RFCOMM ver 1.11
[    2.168439] Bluetooth: BNEP (Ethernet Emulation) ver 1.3
[    2.173770] Bluetooth: BNEP socket layer initialized
[    2.178728] Bluetooth: HIDP (Human Interface Emulation) ver 1.2
[    2.184662] Bluetooth: HIDP socket layer initialized
[    2.189842] Key type dns_resolver registered
[    2.194790] Registering SWP/SWPB emulation handler
[    2.216791] +USB0_VBUS_SW: supplied by +5V_SYS
[    2.221983] +5V_USB_HS: supplied by +5V_SYS
[    2.227343] +5V_HDMI_CON: supplied by +5V_SYS
[    2.232187] +5V_SATA: supplied by +5V_SYS
[    2.236634] +12V_SATA: supplied by +VDD_MUX
[    2.242598] usb2-0 supply vbus not found, using dummy regulator
[    2.248683] usb2-1 supply vbus not found, using dummy regulator
[    2.255088] usb3-0 supply vbus not found, using dummy regulator
[    2.261894] tegra-pcie 1003000.pcie-controller: 2x1, 1x1 configuration
[    2.268502] tegra-pcie 1003000.pcie-controller: Failed to get supply 'avddio-pex': -517
[    2.279555] tegra124-dfll 70110000.clock: couldn't get vdd_cpu regulator
[    2.289429] tegra-hdmi 54280000.hdmi: failed to get PLL regulator
[    2.296306] gpio gpiochip1: (as3722-gpio): could not create pin range
[    2.302786] as3722-pinctrl as3722-pinctrl: Couldn't add pin range, -517
[    2.314535] as3722-sd2: supplied by +5V_SYS
[    2.319138] as3722-sd3: supplied by +5V_SYS
[    2.324427] as3722-sd4: supplied by +5V_SYS
[    2.328955] as3722-sd5: supplied by +5V_SYS
[    2.335333] as3722-ldo0: supplied by +1.35V_LP0(sd2)
[    2.341873] as3722-ldo2: supplied by +1.8V_VDDIO
[    2.347530] as3722-ldo3: supplied by +3.3V_SYS
[    2.353147] as3722-ldo4: supplied by +3.3V_SYS
[    2.357998] as3722-ldo5: supplied by +1.8V_VDDIO
[    2.363063] +VDDIO_SDMMC3: bypassed regulator has no supply!
[    2.368715] +VDDIO_SDMMC3: failed to get the current voltage(-517)
[    2.375903] input: tegra-hda HDMI/DP,pcm=3 as /devices/soc0/70030000.hda/sound/card0/input1
[    2.384526] as3722-regulator as3722-regulator: regulator 13 register failed -517
[    2.395492] tegra-ahci 70027000.sata: Failed to get supply 'avdd': -517
[    2.402128] tegra-ahci 70027000.sata: Failed to get regulators
[    2.408893] tegra-ehci 7d008000.usb: EHCI Host Controller
[    2.414365] tegra-ehci 7d008000.usb: new USB bus registered, assigned bus number 2
[    2.422209] tegra-ehci 7d008000.usb: irq 355, io mem 0x7d008000
[    2.451027] tegra-ehci 7d008000.usb: USB 2.0 started, EHCI 1.10
[    2.457964] hub 2-0:1.0: USB hub found
[    2.461809] hub 2-0:1.0: 1 port detected
[    2.466732] tegra-xusb 70090000.usb: Failed to get supply 'avddio-pex': -517
[    2.473816] tegra-xusb 70090000.usb: failed to get regulators: -517
[    2.480656] sdhci-tegra 700b0400.sdhci: Got CD GPIO
[    2.485620] sdhci-tegra 700b0400.sdhci: Got WP GPIO
[    2.491574] tegra-pcie 1003000.pcie-controller: 2x1, 1x1 configuration
[    2.498141] tegra-pcie 1003000.pcie-controller: Failed to get supply 'avddio-pex': -517
[    2.509074] tegra124-dfll 70110000.clock: couldn't get vdd_cpu regulator
[    2.518519] tegra-hdmi 54280000.hdmi: failed to get PLL regulator
[    2.525460] gpio gpiochip1: (as3722-gpio): could not create pin range
[    2.531941] as3722-pinctrl as3722-pinctrl: Couldn't add pin range, -517
[    2.542761] as3722-sd2: supplied by +5V_SYS
[    2.547365] as3722-sd3: supplied by +5V_SYS
[    2.552717] as3722-sd4: supplied by +5V_SYS
[    2.557243] as3722-sd5: supplied by +5V_SYS
[    2.563678] as3722-ldo0: supplied by +1.35V_LP0(sd2)
[    2.569620] as3722-ldo2: supplied by +1.8V_VDDIO
[    2.575440] as3722-ldo3: supplied by +3.3V_SYS
[    2.580943] as3722-ldo4: supplied by +3.3V_SYS
[    2.585808] as3722-ldo5: supplied by +1.8V_VDDIO
[    2.590845] +VDDIO_SDMMC3: bypassed regulator has no supply!
[    2.596544] +VDDIO_SDMMC3: failed to get the current voltage(-517)
[    2.602755] as3722-regulator as3722-regulator: regulator 13 register failed -517
[    2.613786] tegra-ahci 70027000.sata: Failed to get supply 'avdd': -517
[    2.620398] tegra-ahci 70027000.sata: Failed to get regulators
[    2.626994] input: gpio-keys as /devices/soc0/gpio-keys/input/input2
[    2.634700] tegra-xusb 70090000.usb: Failed to get supply 'avddio-pex': -517
[    2.641816] tegra-xusb 70090000.usb: failed to get regulators: -517
[    2.648110] as3722-rtc as3722-rtc: setting system clock to 2000-01-01 00:00:13 UTC (946684813)
[    2.648916] sdhci-tegra 700b0400.sdhci: Got CD GPIO
[    2.648939] sdhci-tegra 700b0400.sdhci: Got WP GPIO
[    2.650040] tegra-pcie 1003000.pcie-controller: 2x1, 1x1 configuration
[    2.650098] tegra-pcie 1003000.pcie-controller: Failed to get supply 'avddio-pex': -517
[    2.653495] tegra124-dfll 70110000.clock: couldn't get vdd_cpu regulator
[    2.657214] tegra-hdmi 54280000.hdmi: failed to get PLL regulator
[    2.658250] gpio gpiochip1: (as3722-gpio): could not create pin range
[    2.658261] as3722-pinctrl as3722-pinctrl: Couldn't add pin range, -517
[    2.708004] +3.3V_AVDD_HDMI_AP_GATED: disabling
[    2.712605] +USB0_VBUS_SW: disabling
[    2.712773] as3722-sd2: supplied by +5V_SYS
[    2.713243] as3722-sd3: supplied by +5V_SYS
[    2.713658] as3722-sd4: supplied by +5V_SYS
[    2.714077] as3722-sd5: supplied by +5V_SYS
[    2.721717] as3722-ldo0: supplied by +1.35V_LP0(sd2)
[    2.729607] as3722-ldo2: supplied by +1.8V_VDDIO
[    2.730749] as3722-ldo3: supplied by +3.3V_SYS
[    2.731848] as3722-ldo4: supplied by +3.3V_SYS
[    2.732349] as3722-ldo5: supplied by +1.8V_VDDIO
[    2.732865] +VDDIO_SDMMC3: bypassed regulator has no supply!
[    2.732870] +VDDIO_SDMMC3: failed to get the current voltage(-517)
[    2.732884] as3722-regulator as3722-regulator: regulator 13 register failed -517
[    2.737125] tegra-ahci 70027000.sata: Failed to get supply 'avdd': -517
[    2.737131] tegra-ahci 70027000.sata: Failed to get regulators
[    2.788142] +1.05V_RUN_AVDD_HDMI_PLL: disabling
[    2.792688] +5V_HDMI_CON: disabling
[    2.796172] +5V_SATA: disabling
[    2.799310] +12V_SATA: disabling
[    2.802549] ALSA device list:
[    2.805513]   #0: tegra-hda at 0x70038000 irq 346
[    2.810210]   #1: NVIDIA Tegra Jetson TK1
[    2.815392] EXT4-fs (mmcblk0p1): mounting ext3 file system using the ext4 subsystem
[    2.860628] EXT4-fs (mmcblk0p1): recovery complete
[    2.866458] EXT4-fs (mmcblk0p1): mounted filesystem with ordered data mode. Opts: (null)
[    2.874636] VFS: Mounted root (ext3 filesystem) on device 179:1.
[    2.886142] devtmpfs: mounted
[    2.890137] Freeing unused kernel memory: 1024K
bash: cannot set terminal process group (-1): Inappropriate ioctl for device
bash: no job control in this shell
root@(none):/# 