
U-Boot SPL 2014.07-00097-g772e173 (Jul 25 2014 - 20:02:52)


U-Boot 2014.07-00097-g772e173 (Jul 25 2014 - 20:02:52)

TEGRA124
Board: NVIDIA Jetson TK1
I2C:   ready
DRAM:  2 GiB
MMC:   Tegra SD/MMC: 0, Tegra SD/MMC: 1
In:    serial
Out:   serial
Err:   serial
Net:   Net Initialization Skipped
No ethernet found.
Hit any key to stop autoboot:  2  0 
Tegra124 (Jetson TK1) # 
Tegra124 (Jetson TK1) # usb reset
(Re)start USB...
USB0:   USB EHCI 1.10
scanning bus 0 for devices... 1 USB Device(s) found
USB1:   USB EHCI 1.10
scanning bus 1 for devices... 2 USB Device(s) found
       scanning usb for storage devices... 0 Storage Device(s) found
       scanning usb for ethernet devices... 
Warning: asx0 using MAC address from net device
1 Ethernet Device(s) found
Tegra124 (Jetson TK1) # setenv bootargs 'ignore_loglevel console=ttyS0,115200n8 rw root=/dev/mmcblk0p1 rootwait gpt debug noinitrd earlyprintk init=/bin/bash'
Tegra124 (Jetson TK1) # setenv ipaddr 192.168.100.102; setenv serverip 192.168.100.1; setenv tftpserverip 192.168.100.1
Tegra124 (Jetson TK1) # tftpboot 0x82000000 zImage.multi_v7_defconfig
Waiting for Ethernet connection... done.
Using asx0 device
TFTP from server 192.168.100.1; our IP address is 192.168.100.102
Filename 'zImage.multi_v7_defconfig'.
Load address: 0x82000000
Loading: *#################################################################
	 #################################################################
	 #################################################################
	 #################################################################
	 #################################################################
	 #################################################################
	 #################################################################
	 #################
	 3.1 MiB/s
done
Bytes transferred = 6918552 (699198 hex)
Tegra124 (Jetson TK1) # tftpboot 0x83000000 tegra124-jetson-tk1.dtb
Using asx0 device
TFTP from server 192.168.100.1; our IP address is 192.168.100.102
Filename 'tegra124-jetson-tk1.dtb'.
Load address: 0x83000000
Loading: *#####
	 2.9 MiB/s
done
Bytes transferred = 64236 (faec hex)
Tegra124 (Jetson TK1) # bootz 0x82000000 - 0x83000000
Kernel image @ 0x82000000 [ 0x000000 - 0x699198 ]
## Flattened Device Tree blob at 83000000
   Booting using the fdt blob at 0x83000000
   Using Device Tree in place at 83000000, end 83012aeb

Starting kernel ...

[    0.000000] Booting Linux on physical CPU 0x0
[    0.000000] Linux version 4.5.0-next-20160321-82072-gb01a51b (pwalmsley@sellafield) (gcc version 4.7.3 20130328 (prerelease) (crosstool-NG linaro-1.13.1-4.7-2013.04-20130415 - Linaro GCC 2013.04) ) #1 SMP Sun Mar 20 21:49:03 PDT 2016
[    0.000000] CPU: ARMv7 Processor [413fc0f3] revision 3 (ARMv7), cr=10c5387d
[    0.000000] CPU: div instructions available: patching division code
[    0.000000] CPU: PIPT / VIPT nonaliasing data cache, PIPT instruction cache
[    0.000000] Machine model: NVIDIA Tegra124 Jetson TK1
[    0.000000] debug: ignoring loglevel setting.
[    0.000000] cma: Reserved 64 MiB at 0xfb800000
[    0.000000] Memory policy: Data cache writealloc
[    0.000000] On node 0 totalpages: 524032
[    0.000000] free_area_init_node: node 0, pgdat c141b480, node_mem_map eeff8000
[    0.000000]   DMA zone: 1536 pages used for memmap
[    0.000000]   DMA zone: 0 pages reserved
[    0.000000]   DMA zone: 196608 pages, LIFO batch:31
[    0.000000]   HighMem zone: 327424 pages, LIFO batch:31
[    0.000000] percpu: Embedded 13 pages/cpu @eef8b000 s23808 r8192 d21248 u53248
[    0.000000] pcpu-alloc: s23808 r8192 d21248 u53248 alloc=13*4096
[    0.000000] pcpu-alloc: [0] 0 [0] 1 [0] 2 [0] 3 
[    0.000000] Built 1 zonelists in Zone order, mobility grouping on.  Total pages: 522496
[    0.000000] Kernel command line: ignore_loglevel console=ttyS0,115200n8 rw root=/dev/mmcblk0p1 rootwait gpt debug noinitrd earlyprintk init=/bin/bash
[    0.000000] PID hash table entries: 4096 (order: 2, 16384 bytes)
[    0.000000] Dentry cache hash table entries: 131072 (order: 7, 524288 bytes)
[    0.000000] Inode-cache hash table entries: 65536 (order: 6, 262144 bytes)
[    0.000000] Memory: 1995008K/2096128K available (9522K kernel code, 1141K rwdata, 4108K rodata, 2048K init, 341K bss, 35584K reserved, 65536K cma-reserved, 1244160K highmem)
[    0.000000] Virtual kernel memory layout:
[    0.000000]     vector  : 0xffff0000 - 0xffff1000   (   4 kB)
[    0.000000]     fixmap  : 0xffc00000 - 0xfff00000   (3072 kB)
[    0.000000]     vmalloc : 0xf0800000 - 0xff800000   ( 240 MB)
[    0.000000]     lowmem  : 0xc0000000 - 0xf0000000   ( 768 MB)
[    0.000000]     pkmap   : 0xbfe00000 - 0xc0000000   (   2 MB)
[    0.000000]     modules : 0xbf000000 - 0xbfe00000   (  14 MB)
[    0.000000]       .text : 0xc0208000 - 0xc104fa7c   (14623 kB)
[    0.000000]       .init : 0xc1100000 - 0xc1300000   (2048 kB)
[    0.000000]       .data : 0xc1300000 - 0xc141d4c0   (1142 kB)
[    0.000000]        .bss : 0xc141f000 - 0xc1474558   ( 342 kB)
[    0.000000] SLUB: HWalign=64, Order=0-3, MinObjects=0, CPUs=4, Nodes=1
[    0.000000] Hierarchical RCU implementation.
[    0.000000] 	Build-time adjustment of leaf fanout to 32.
[    0.000000] 	RCU restricting CPUs from NR_CPUS=16 to nr_cpu_ids=4.
[    0.000000] RCU: Adjusting geometry for rcu_fanout_leaf=32, nr_cpu_ids=4
[    0.000000] NR_IRQS:16 nr_irqs:16 16
[    0.000000] /interrupt-controller@60004000: 160 interrupts forwarded to /interrupt-controller@0,50041000
[    0.000000] Tegra clk 127: register failed with -17
[    0.000009] sched_clock: 32 bits at 1000kHz, resolution 1000ns, wraps every 2147483647500ns
[    0.000034] clocksource: timer_us: mask: 0xffffffff max_cycles: 0xffffffff, max_idle_ns: 1911260446275 ns
[    0.000048] Switching to timer-based delay loop, resolution 1000ns
[    0.004589] Architected cp15 timer(s) running at 12.00MHz (virt).
[    0.004607] clocksource: arch_sys_counter: mask: 0xffffffffffffff max_cycles: 0x2c47f4ee7, max_idle_ns: 440795202497 ns
[    0.004625] sched_clock: 56 bits at 12MHz, resolution 83ns, wraps every 4398046511096ns
[    0.004638] Switching to timer-based delay loop, resolution 83ns
[    0.005080] Console: colour dummy device 80x30
[    0.005106] Calibrating delay loop (skipped), value calculated using timer frequency.. 24.00 BogoMIPS (lpj=60000)
[    0.005120] pid_max: default: 32768 minimum: 301
[    0.005215] Mount-cache hash table entries: 2048 (order: 1, 8192 bytes)
[    0.005226] Mountpoint-cache hash table entries: 2048 (order: 1, 8192 bytes)
[    0.005821] CPU: Testing write buffer coherency: ok
[    0.006037] /cpus/cpu@0 missing clock-frequency property
[    0.006076] /cpus/cpu@1 missing clock-frequency property
[    0.006114] /cpus/cpu@2 missing clock-frequency property
[    0.006153] /cpus/cpu@3 missing clock-frequency property
[    0.006165] CPU0: thread -1, cpu 0, socket 0, mpidr 80000000
[    0.006208] Setting up static identity map for 0x80300000 - 0x80300098
[    0.009146] Tegra Revision: A01 SKU: 129 CPU Process: 1 SoC Process: 1
[    0.010537] CPU1: thread -1, cpu 1, socket 0, mpidr 80000001
[    0.015171] CPU2: thread -1, cpu 2, socket 0, mpidr 80000002
[    0.020164] CPU3: thread -1, cpu 3, socket 0, mpidr 80000003
[    0.024690] Brought up 4 CPUs
[    0.024709] SMP: Total of 4 processors activated (96.00 BogoMIPS).
[    0.024716] CPU: All CPU(s) started in SVC mode.
[    0.026209] devtmpfs: initialized
[    0.044110] VFP support v0.3: implementor 41 architecture 4 part 30 variant f rev 0
[    0.044887] clocksource: jiffies: mask: 0xffffffff max_cycles: 0xffffffff, max_idle_ns: 9556302231375000 ns
[    0.046442] pinctrl core: initialized pinctrl subsystem
[    0.048266] NET: Registered protocol family 16
[    0.050366] DMA: preallocated 256 KiB pool for atomic coherent allocations
[    0.064825] cpuidle: using governor menu
[    0.082890] No ATAGs?
[    0.082925] hw-breakpoint: found 5 (+1 reserved) breakpoint and 4 watchpoint registers.
[    0.082935] hw-breakpoint: maximum watchpoint size is 8 bytes.
[    0.089068] Serial: AMBA PL011 UART driver
[    0.121038] +USB0_VBUS_SW: Failed to request enable GPIO108: -517
[    0.121055] reg-fixed-voltage regulators:regulator@7: Failed to register regulator: -517
[    0.121151] +5V_USB_HS: Failed to request enable GPIO109: -517
[    0.121165] reg-fixed-voltage regulators:regulator@8: Failed to register regulator: -517
[    0.121338] +1.05V_RUN_AVDD_HDMI_PLL: Failed to request enable GPIO63: -517
[    0.121351] reg-fixed-voltage regulators:regulator@11: Failed to register regulator: -517
[    0.121444] +5V_HDMI_CON: Failed to request enable GPIO86: -517
[    0.121457] reg-fixed-voltage regulators:regulator@12: Failed to register regulator: -517
[    0.121547] +5V_SATA: Failed to request enable GPIO242: -517
[    0.121560] reg-fixed-voltage regulators:regulator@13: Failed to register regulator: -517
[    0.121651] +12V_SATA: Failed to request enable GPIO242: -517
[    0.121663] reg-fixed-voltage regulators:regulator@14: Failed to register regulator: -517
[    0.125351] vgaarb: loaded
[    0.126401] SCSI subsystem initialized
[    0.126576] libata version 3.00 loaded.
[    0.126882] usbcore: registered new interface driver usbfs
[    0.126949] usbcore: registered new interface driver hub
[    0.127016] usbcore: registered new device driver usb
[    0.130806] pps_core: LinuxPPS API ver. 1 registered
[    0.130815] pps_core: Software ver. 5.3.6 - Copyright 2005-2007 Rodolfo Giometti <giometti@linux.it>
[    0.130845] PTP clock support registered
[    0.131082] EDAC MC: Ver: 3.0.0
[    0.134433] clocksource: Switched to clocksource arch_sys_counter
[    0.145894] NET: Registered protocol family 2
[    0.146420] TCP established hash table entries: 8192 (order: 3, 32768 bytes)
[    0.146518] TCP bind hash table entries: 8192 (order: 4, 65536 bytes)
[    0.146705] TCP: Hash tables configured (established 8192 bind 8192)
[    0.146754] UDP hash table entries: 512 (order: 2, 16384 bytes)
[    0.146795] UDP-Lite hash table entries: 512 (order: 2, 16384 bytes)
[    0.146964] NET: Registered protocol family 1
[    0.147210] RPC: Registered named UNIX socket transport module.
[    0.147219] RPC: Registered udp transport module.
[    0.147226] RPC: Registered tcp transport module.
[    0.147233] RPC: Registered tcp NFSv4.1 backchannel transport module.
[    0.147252] PCI: CLS 0 bytes, default 64
[    0.148298] hw perfevents: enabled with armv7_cortex_a15 PMU driver, 7 counters available
[    0.149988] futex hash table entries: 1024 (order: 4, 65536 bytes)
[    0.150801] workingset: timestamp_bits=28 max_order=19 bucket_order=0
[    0.162709] squashfs: version 4.0 (2009/01/31) Phillip Lougher
[    0.163586] NFS: Registering the id_resolver key type
[    0.163622] Key type id_resolver registered
[    0.163631] Key type id_legacy registered
[    0.163702] ntfs: driver 2.1.32 [Flags: R/O].
[    0.165188] bounce: pool size: 64 pages
[    0.165420] Block layer SCSI generic (bsg) driver version 0.4 loaded (major 248)
[    0.165438] io scheduler noop registered
[    0.165454] io scheduler deadline registered
[    0.165492] io scheduler cfq registered (default)
[    0.186398] tegra-pcie 1003000.pcie-controller: 2x1, 1x1 configuration
[    0.186452] tegra-pcie 1003000.pcie-controller: Failed to get supply 'avddio-pex': -517
[    0.193975] tegra-apbdma 60020000.dma: Tegra20 APB DMA driver register 32 channels
[    0.196075] tegra-pmc 7000e400.pmc: emergency thermal reset enabled
[    0.254963] Serial: 8250/16550 driver, 4 ports, IRQ sharing disabled
[    0.257993] console [ttyS0] disabled
[    0.258030] 70006300.serial: ttyS0 at MMIO 0x70006300 (irq = 333, base_baud = 25500000) is a Tegra
[    1.079611] console [ttyS0] enabled
[    1.084021] SuperH (H)SCI(F) driver initialized
[    1.089671] msm_serial: driver initialized
[    1.093974] STMicroelectronics ASC driver initialized
[    1.099979] 70006000.serial: ttyTHS1 at MMIO 0x70006000 (irq = 331, base_baud = 0) is a TEGRA_UART
[    1.109280] 70006040.serial: ttyTHS2 at MMIO 0x70006040 (irq = 332, base_baud = 0) is a TEGRA_UART
[    1.120297] [drm] Initialized drm 1.1.0 20060810
[    1.128045] tegra-hdmi 54280000.hdmi: failed to get HDMI regulator
[    1.147445] brd: module loaded
[    1.156503] loop: module loaded
[    1.160181] at24 0-0056: 256 byte 24c02 EEPROM, writable, 8 bytes/write
[    1.168500] as3722 4-0040: AS3722 with revision 0x1 found
[    1.192289] +5V_SYS: supplied by +VDD_MUX
[    1.196355] +1.05V_RUN: supplied by +5V_SYS
[    1.200655] tegra-ahci 70027000.sata: Failed to get supply 'hvdd': -517
[    1.207325] tegra-ahci 70027000.sata: Failed to get regulators
[    1.227959] m25p80 spi32765.0: w25q32dw (4096 Kbytes)
[    1.236569] libphy: Fixed MDIO Bus: probed
[    1.241430] CAN device driver interface
[    1.247477] igb: Intel(R) Gigabit Ethernet Network Driver - version 5.3.0-k
[    1.254445] igb: Copyright (c) 2007-2014 Intel Corporation.
[    1.263629] pegasus: v0.9.3 (2013/04/25), Pegasus/Pegasus II USB Ethernet driver
[    1.271084] usbcore: registered new interface driver pegasus
[    1.276817] usbcore: registered new interface driver asix
[    1.282274] usbcore: registered new interface driver ax88179_178a
[    1.288431] usbcore: registered new interface driver cdc_ether
[    1.294345] usbcore: registered new interface driver smsc75xx
[    1.300168] usbcore: registered new interface driver smsc95xx
[    1.305971] usbcore: registered new interface driver net1080
[    1.311686] usbcore: registered new interface driver cdc_subset
[    1.317660] usbcore: registered new interface driver zaurus
[    1.323324] usbcore: registered new interface driver cdc_ncm
[    1.329260] tegra-phy 7d004000.usb-phy: no vbus regulator
[    1.336729] ehci_hcd: USB 2.0 'Enhanced' Host Controller (EHCI) Driver
[    1.343273] ehci-pci: EHCI PCI platform driver
[    1.347785] ehci-platform: EHCI generic platform driver
[    1.353255] ehci-omap: OMAP-EHCI Host Controller driver
[    1.358651] ehci-orion: EHCI orion driver
[    1.362831] SPEAr-ehci: EHCI SPEAr driver
[    1.367013] ehci-st: EHCI STMicroelectronics driver
[    1.372063] ehci-exynos: EHCI EXYNOS driver
[    1.376443] ehci-atmel: EHCI Atmel driver
[    1.380623] tegra-ehci: Tegra EHCI driver
[    1.384962] tegra-ehci 7d004000.usb: EHCI Host Controller
[    1.390396] tegra-ehci 7d004000.usb: new USB bus registered, assigned bus number 1
[    1.398137] tegra-ehci 7d004000.usb: irq 350, io mem 0x7d004000
[    1.409458] tegra-ehci 7d004000.usb: USB 2.0 started, EHCI 1.10
[    1.416231] hub 1-0:1.0: USB hub found
[    1.420041] hub 1-0:1.0: 1 port detected
[    1.424584] ohci_hcd: USB 1.1 'Open' Host Controller (OHCI) Driver
[    1.430789] ohci-pci: OHCI PCI platform driver
[    1.435298] ohci-platform: OHCI generic platform driver
[    1.440725] ohci-omap3: OHCI OMAP3 driver
[    1.444908] SPEAr-ohci: OHCI SPEAr driver
[    1.449071] ohci-st: OHCI STMicroelectronics driver
[    1.454119] ohci-atmel: OHCI Atmel driver
[    1.459003] usbcore: registered new interface driver usb-storage
[    1.466833] mousedev: PS/2 mouse device common for all mice
[    1.476038] as3722-rtc as3722-rtc: rtc core: registered as3722-rtc as rtc0
[    1.482931] as3722-rtc as3722-rtc: RTC interrupt 373
[    1.491366] tegra_rtc 7000e000.rtc: rtc core: registered 7000e000.rtc as rtc1
[    1.498561] tegra_rtc 7000e000.rtc: Tegra internal Real Time Clock
[    1.505370] i2c /dev entries driver
[    1.515490] 0-004c supply vcc not found, using dummy regulator
[    1.529846] sdhci: Secure Digital Host Controller Interface driver
[    1.536038] sdhci: Copyright(c) Pierre Ossman
[    1.542204] Synopsys Designware Multimedia Card Interface Driver
[    1.549479] sdhci-pltfm: SDHCI platform and OF driver helper
[    1.555968] sdhci-tegra 700b0400.sdhci: Got CD GPIO
[    1.560873] sdhci-tegra 700b0400.sdhci: Got WP GPIO
[    1.565810] mmc0: Unknown controller version (3). You may experience problems.
[    1.573326] mmc0: Unknown controller version (3). You may experience problems.
[    1.580632] mmc0: Invalid maximum block size, assuming 512 bytes
[    1.619455] mmc0: SDHCI controller on 700b0600.sdhci [700b0600.sdhci] using ADMA 64-bit
[    1.629391] ledtrig-cpu: registered to indicate activity on CPUs
[    1.635938] usbcore: registered new interface driver usbhid
[    1.641520] usbhid: USB HID core driver
[    1.654621] NET: Registered protocol family 10
[    1.659800] sit: IPv6 over IPv4 tunneling driver
[    1.665108] NET: Registered protocol family 17
[    1.669587] can: controller area network core (rev 20120528 abi 9)
[    1.675838] NET: Registered protocol family 29
[    1.680304] can: raw protocol (rev 20120528)
[    1.684590] can: broadcast manager protocol (rev 20120528 t)
[    1.690269] can: netlink gateway (rev 20130117) max_hops=1
[    1.696159] Key type dns_resolver registered
[    1.701095] ThumbEE CPU extension supported.
[    1.705396] Registering SWP/SWPB emulation handler
[    1.724687] tegra-pcie 1003000.pcie-controller: 2x1, 1x1 configuration
[    1.731615] +3.3V_SYS: supplied by +VDD_MUX
[    1.735941] +3.3V_LP0: supplied by +3.3V_SYS
[    1.740606] +1.35V_LP0(sd2): supplied by +5V_SYS
[    1.745326] +1.05V_RUN_AVDD: supplied by +1.35V_LP0(sd2)
[    1.752936] tegra-pcie 1003000.pcie-controller: probing port 0, using 2 lanes
[    1.762237] tegra-pcie 1003000.pcie-controller: Slot present pin change, signature: 00000008
[    1.790803] mmc0: new HS200 MMC card at address 0001
[    1.796347] mmcblk0: mmc0:0001 SEM16G 14.7 GiB 
[    1.801213] mmcblk0boot0: mmc0:0001 SEM16G partition 1 4.00 MiB
[    1.807855] mmcblk0boot1: mmc0:0001 SEM16G partition 2 4.00 MiB
[    1.814525] mmcblk0rpmb: mmc0:0001 SEM16G partition 3 4.00 MiB
[    1.822914] Primary GPT is invalid, using alternate GPT.
[    1.828291]  mmcblk0: p1 p2 p3 p4 p5 p6 p7 p8 p9
[    2.190393] tegra-pcie 1003000.pcie-controller: link 0 down, retrying
[    2.620144] tegra-pcie 1003000.pcie-controller: link 0 down, retrying
[    3.049938] tegra-pcie 1003000.pcie-controller: link 0 down, retrying
[    3.058527] tegra-pcie 1003000.pcie-controller: link 0 down, ignoring
[    3.065023] tegra-pcie 1003000.pcie-controller: probing port 1, using 1 lanes
[    3.074281] tegra-pcie 1003000.pcie-controller: Slot present pin change, signature: 00000000
[    3.503936] tegra-pcie 1003000.pcie-controller: link 1 down, retrying
[    3.933617] tegra-pcie 1003000.pcie-controller: link 1 down, retrying
[    4.363318] tegra-pcie 1003000.pcie-controller: link 1 down, retrying
[    4.371910] tegra-pcie 1003000.pcie-controller: link 1 down, ignoring
[    4.378612] tegra-pcie 1003000.pcie-controller: PCI host bridge to bus 0000:00
[    4.385849] pci_bus 0000:00: root bus resource [io  0x0000-0xffff]
[    4.392038] pci_bus 0000:00: root bus resource [mem 0x13000000-0x1fffffff]
[    4.398918] pci_bus 0000:00: root bus resource [mem 0x20000000-0x3fffffff pref]
[    4.406233] pci_bus 0000:00: root bus resource [bus 00-ff]
[    4.411751] PCI: bus0: Fast back to back transfers enabled
[    4.418173] +5V_HDMI_CON: supplied by +5V_SYS
[    4.422686] +1.05V_RUN_AVDD_HDMI_PLL: supplied by +1.05V_RUN
[    4.428495] +3.3V_RUN: supplied by +3.3V_SYS
[    4.432806] +3.3V_AVDD_HDMI_AP_GATED: supplied by +3.3V_RUN
[    4.440877] [drm] Supports vblank timestamp caching Rev 2 (21.10.2013).
[    4.447548] [drm] No driver support for vblank timestamp query.
[    4.552796] tegra-hdmi 54280000.hdmi: cannot set audio to 44100 at 297000000 pclk
[    4.704425] Console: switching to colour frame buffer device 512x135
[    4.799824] drm drm: fb0:  frame buffer device
[    4.814557] [drm] Initialized tegra 0.0.0 20120330 on minor 0
[    4.821737] +5V_SATA: supplied by +5V_SYS
[    4.825977] +12V_SATA: supplied by +VDD_MUX
[    4.830891] tegra-ahci 70027000.sata: AHCI 0001.0301 32 slots 2 ports 3 Gbps 0x1 impl platform mode
[    4.839969] tegra-ahci 70027000.sata: flags: 64bit ncq sntf pm led pio slum part sadm sds apst 
[    4.851398] scsi host0: tegra-ahci
[    4.856149] scsi host1: tegra-ahci
[    4.859939] ata1: SATA max UDMA/133 mmio [mem 0x70027000-0x70028fff] port 0x100 irq 343
[    4.867951] ata2: DUMMY
[    4.871969] +5V_USB_HS: supplied by +5V_SYS
[    4.877786] tegra-ehci 7d008000.usb: EHCI Host Controller
[    4.883249] tegra-ehci 7d008000.usb: new USB bus registered, assigned bus number 2
[    4.891057] tegra-ehci 7d008000.usb: irq 351, io mem 0x7d008000
[    4.904553] tegra-ehci 7d008000.usb: USB 2.0 started, EHCI 1.10
[    4.911386] hub 2-0:1.0: USB hub found
[    4.915202] hub 2-0:1.0: 1 port detected
[    4.921129] cpu: dev_pm_opp_of_cpumask_add_table: couldn't find opp table for cpu:0, -19
[    4.929300] cpu cpu0: dev_pm_opp_get_max_volt_latency: Invalid regulator (-6)
[    4.936478] cpufreq: cpufreq_online: CPU0: Running at unlisted freq: 696000 KHz
[    4.943856] cpufreq: cpufreq_online: CPU0: Unlisted initial frequency changed to: 714000 KHz
[    4.953801] sdhci-tegra 700b0400.sdhci: Got CD GPIO
[    4.958764] sdhci-tegra 700b0400.sdhci: Got WP GPIO
[    4.963763] mmc1: Unknown controller version (3). You may experience problems.
[    4.971225] +VDDIO_SDMMC3: supplied by +3.3V_RUN
[    4.975953] mmc1: Invalid maximum block size, assuming 512 bytes
[    5.014752] mmc1: SDHCI controller on 700b0400.sdhci [700b0400.sdhci] using ADMA 64-bit
[    5.024514] input: gpio-keys as /devices/soc0/gpio-keys/input/input0
[    5.031803] as3722-rtc as3722-rtc: setting system clock to 2000-01-03 12:14:03 UTC (946901643)
[    5.043815] +1.8V_RUN_CAM: disabling
[    5.047603] +2.8V_RUN_CAM: disabling
[    5.051392] +1.2V_RUN_CAM_FRONT: disabling
[    5.055702] +1.05V_RUN_CAM_REAR: disabling
[    5.059968] +3.3V_RUN_TOUCH: disabling
[    5.063862] +2.8V_RUN_CAM_AF: disabling
[    5.067866] +1.8V_RUN_VPP_FUSE: disabling
[    5.072043] +USB0_VBUS_SW: disabling
[    5.182026] ata1: SATA link down (SStatus 0 SControl 300)
[    5.188114] EXT4-fs (mmcblk0p1): couldn't mount as ext3 due to feature incompatibilities
[    5.196681] EXT4-fs (mmcblk0p1): couldn't mount as ext2 due to feature incompatibilities
[    5.224479] usb 2-1: new high-speed USB device number 2 using tegra-ehci
[    5.231279] EXT4-fs (mmcblk0p1): warning: mounting fs with errors, running e2fsck is recommended
[    5.241633] EXT4-fs (mmcblk0p1): recovery complete
[    5.247241] EXT4-fs (mmcblk0p1): mounted filesystem with ordered data mode. Opts: (null)
[    5.255369] VFS: Mounted root (ext4 filesystem) on device 179:1.
[    5.265360] devtmpfs: mounted
[    5.269696] Freeing unused kernel memory: 2048K (c1100000 - c1300000)
bash: cannot set terminal process group (-1): Inappropriate ioctl for device
bash: no job control in this shell
root@(none):/# 