
U-Boot SPL 2016.05-rc2 (Apr 21 2016 - 16:23:00)
Trying to boot from RAM


U-Boot 2016.05-rc2 (Apr 21 2016 - 16:23:00 -0700)

TEGRA124
Model: NVIDIA Jetson TK1
Board: NVIDIA Jetson TK1
DRAM:  2 GiB
MC:   Tegra SD/MMC: 0, Tegra SD/MMC: 1
In:    serial
Out:   serial
Err:   serial
Net:   No ethernet found.
Hit any key to stop autoboot:  2  0 
Tegra124 (Jetson TK1) # 
Tegra124 (Jetson TK1) # pci enum
Tegra124 (Jetson TK1) # setenv bootargs 'ignore_loglevel console=ttyS0,115200n8 rw root=PARTUUID=b1791faa-84e8-4e27-83a1-9fb0a77e8803 rootwait gpt debug noinitrd earlyprintk init=/bin/bash'
Tegra124 (Jetson TK1) # setenv ipaddr 192.168.100.102; setenv serverip 192.168.100.1; setenv tftpserverip 192.168.100.1
Tegra124 (Jetson TK1) # tftpboot 0x82000000 zImage.multi_v7_defconfig

Warning: eth_rtl8169 using MAC address from ROM
Using eth_rtl8169 device
TFTP from server 192.168.100.1; our IP address is 192.168.100.102
Filename 'zImage.multi_v7_defconfig'.
Load address: 0x82000000
Loading: *#################################################################
	 #################################################################
	 #################################################################
	 #################################################################
	 #################################################################
	 #################################################################
	 #################################################################
	 ###############################################
	 3.9 MiB/s
done
Bytes transferred = 7357464 (704418 hex)
Tegra124 (Jetson TK1) # tftpboot 0x83000000 tegra124-jetson-tk1.dtb
Using eth_rtl8169 device
TFTP from server 192.168.100.1; our IP address is 192.168.100.102
Filename 'tegra124-jetson-tk1.dtb'.
Load address: 0x83000000
Loading: *#####
	 3.8 MiB/s
done
Bytes transferred = 67133 (1063d hex)
Tegra124 (Jetson TK1) # bootz 0x82000000 - 0x83000000
Kernel image @ 0x82000000 [ 0x000000 - 0x704418 ]
## Flattened Device Tree blob at 83000000
   Booting using the fdt blob at 0x83000000
   Using Device Tree in place at 83000000, end 8301363c

Starting kernel ...

[    0.000000] Booting Linux on physical CPU 0x0
[    0.000000] Linux version 4.9.0-rc6-next-20161123-136740-g272da04 (pwalmsley@sellafield) (gcc version 4.7.3 20130328 (prerelease) (crosstool-NG linaro-1.13.1-4.7-2013.04-20130415 - Linaro GCC 2013.04) ) #1 SMP Wed Nov 23 07:18:30 PST 2016
[    0.000000] CPU: ARMv7 Processor [413fc0f3] revision 3 (ARMv7), cr=10c5387d
[    0.000000] CPU: div instructions available: patching division code
[    0.000000] CPU: PIPT / VIPT nonaliasing data cache, PIPT instruction cache
[    0.000000] OF: fdt:Machine model: NVIDIA Tegra124 Jetson TK1
[    0.000000] debug: ignoring loglevel setting.
[    0.000000] efi: Getting EFI parameters from FDT:
[    0.000000] efi: UEFI not found.
[    0.000000] cma: Reserved 64 MiB at 0xfb800000
[    0.000000] Memory policy: Data cache writealloc
[    0.000000] On node 0 totalpages: 524032
[    0.000000] free_area_init_node: node 0, pgdat c1429680, node_mem_map eeff8000
[    0.000000]   DMA zone: 1536 pages used for memmap
[    0.000000]   DMA zone: 0 pages reserved
[    0.000000]   DMA zone: 196608 pages, LIFO batch:31
[    0.000000]   HighMem zone: 327424 pages, LIFO batch:31
[    0.000000] percpu: Embedded 14 pages/cpu @eef8e000 s26688 r8192 d22464 u57344
[    0.000000] pcpu-alloc: s26688 r8192 d22464 u57344 alloc=14*4096
[    0.000000] pcpu-alloc: [0] 0 [0] 1 [0] 2 [0] 3 
[    0.000000] Built 1 zonelists in Zone order, mobility grouping on.  Total pages: 522496
[    0.000000] Kernel command line: ignore_loglevel console=ttyS0,115200n8 rw root=PARTUUID=b1791faa-84e8-4e27-83a1-9fb0a77e8803 rootwait gpt debug noinitrd earlyprintk init=/bin/bash
[    0.000000] PID hash table entries: 4096 (order: 2, 16384 bytes)
[    0.000000] Dentry cache hash table entries: 131072 (order: 7, 524288 bytes)
[    0.000000] Inode-cache hash table entries: 65536 (order: 6, 262144 bytes)
[    0.000000] Memory: 1994828K/2096128K available (9216K kernel code, 1196K rwdata, 4112K rodata, 2048K init, 473K bss, 35764K reserved, 65536K cma-reserved, 1244160K highmem)
[    0.000000] Virtual kernel memory layout:
[    0.000000]     vector  : 0xffff0000 - 0xffff1000   (   4 kB)
[    0.000000]     fixmap  : 0xffc00000 - 0xfff00000   (3072 kB)
[    0.000000]     vmalloc : 0xf0800000 - 0xff800000   ( 240 MB)
[    0.000000]     lowmem  : 0xc0000000 - 0xf0000000   ( 768 MB)
[    0.000000]     pkmap   : 0xbfe00000 - 0xc0000000   (   2 MB)
[    0.000000]     modules : 0xbf000000 - 0xbfe00000   (  14 MB)
[    0.000000]       .text : 0xc0208000 - 0xc0c00000   (10208 kB)
[    0.000000]       .init : 0xc1100000 - 0xc1300000   (2048 kB)
[    0.000000]       .data : 0xc1300000 - 0xc142b180   (1197 kB)
[    0.000000]        .bss : 0xc142d000 - 0xc14a34c8   ( 474 kB)
[    0.000000] SLUB: HWalign=64, Order=0-3, MinObjects=0, CPUs=4, Nodes=1
[    0.000000] Hierarchical RCU implementation.
[    0.000000] 	Build-time adjustment of leaf fanout to 32.
[    0.000000] 	RCU restricting CPUs from NR_CPUS=16 to nr_cpu_ids=4.
[    0.000000] RCU: Adjusting geometry for rcu_fanout_leaf=32, nr_cpu_ids=4
[    0.000000] NR_IRQS:16 nr_irqs:16 16
[    0.000000] /interrupt-controller@60004000: 160 interrupts forwarded to /interrupt-controller@50041000
[    0.000000] Tegra clk 127: register failed with -17
[    0.000008] sched_clock: 32 bits at 1000kHz, resolution 1000ns, wraps every 2147483647500ns
[    0.000030] clocksource: timer_us: mask: 0xffffffff max_cycles: 0xffffffff, max_idle_ns: 1911260446275 ns
[    0.000044] Switching to timer-based delay loop, resolution 1000ns
[    0.004913] arm_arch_timer: Architected cp15 timer(s) running at 12.00MHz (virt).
[    0.004930] clocksource: arch_sys_counter: mask: 0xffffffffffffff max_cycles: 0x2c47f4ee7, max_idle_ns: 440795202497 ns
[    0.004948] sched_clock: 56 bits at 12MHz, resolution 83ns, wraps every 4398046511096ns
[    0.004961] Switching to timer-based delay loop, resolution 83ns
[    0.005405] Console: colour dummy device 80x30
[    0.005436] Calibrating delay loop (skipped), value calculated using timer frequency.. 24.00 BogoMIPS (lpj=60000)
[    0.005451] pid_max: default: 32768 minimum: 301
[    0.005550] Mount-cache hash table entries: 2048 (order: 1, 8192 bytes)
[    0.005561] Mountpoint-cache hash table entries: 2048 (order: 1, 8192 bytes)
[    0.006147] CPU: Testing write buffer coherency: ok
[    0.006368] /cpus/cpu@0 missing clock-frequency property
[    0.006410] /cpus/cpu@1 missing clock-frequency property
[    0.006451] /cpus/cpu@2 missing clock-frequency property
[    0.006493] /cpus/cpu@3 missing clock-frequency property
[    0.006505] CPU0: thread -1, cpu 0, socket 0, mpidr 80000000
[    0.006745] Setting up static identity map for 0x80300000 - 0x80300098
[    0.009981] Tegra Revision: A01 SKU: 129 CPU Process: 1 SoC Process: 1
[    0.010616] EFI services will not be available.
[    0.010848] smp: Bringing up secondary CPUs ...
[    0.011373] CPU1: thread -1, cpu 1, socket 0, mpidr 80000001
[    0.015118] CPU2: thread -1, cpu 2, socket 0, mpidr 80000002
[    0.020111] CPU3: thread -1, cpu 3, socket 0, mpidr 80000003
[    0.024625] smp: Brought up 1 node, 4 CPUs
[    0.024645] SMP: Total of 4 processors activated (96.00 BogoMIPS).
[    0.024652] CPU: All CPU(s) started in SVC mode.
[    0.026135] devtmpfs: initialized
[    0.047330] VFP support v0.3: implementor 41 architecture 4 part 30 variant f rev 0
[    0.047779] clocksource: jiffies: mask: 0xffffffff max_cycles: 0xffffffff, max_idle_ns: 9556302231375000 ns
[    0.049164] pinctrl core: initialized pinctrl subsystem
[    0.051040] NET: Registered protocol family 16
[    0.052988] DMA: preallocated 256 KiB pool for atomic coherent allocations
[    0.055610] cpuidle: using governor menu
[    0.087291] No ATAGs?
[    0.087318] hw-breakpoint: found 5 (+1 reserved) breakpoint and 4 watchpoint registers.
[    0.087328] hw-breakpoint: maximum watchpoint size is 8 bytes.
[    0.094138] Serial: AMBA PL011 UART driver
[    0.112593] +5V_SYS: supplied by +VDD_MUX
[    0.112899] +3.3V_SYS: supplied by +VDD_MUX
[    0.113565] +USB0_VBUS_SW: Failed to request enable GPIO108: -517
[    0.113580] reg-fixed-voltage regulators:regulator@7: Failed to register regulator: -517
[    0.113669] +5V_USB_HS: Failed to request enable GPIO109: -517
[    0.113681] reg-fixed-voltage regulators:regulator@8: Failed to register regulator: -517
[    0.113848] +1.05V_RUN_AVDD_HDMI_PLL: Failed to request enable GPIO63: -517
[    0.113860] reg-fixed-voltage regulators:regulator@11: Failed to register regulator: -517
[    0.113947] +5V_HDMI_CON: Failed to request enable GPIO86: -517
[    0.113958] reg-fixed-voltage regulators:regulator@12: Failed to register regulator: -517
[    0.114044] +5V_SATA: Failed to request enable GPIO242: -517
[    0.114056] reg-fixed-voltage regulators:regulator@13: Failed to register regulator: -517
[    0.114142] +12V_SATA: Failed to request enable GPIO242: -517
[    0.114154] reg-fixed-voltage regulators:regulator@14: Failed to register regulator: -517
[    0.117545] vgaarb: loaded
[    0.118372] SCSI subsystem initialized
[    0.118535] libata version 3.00 loaded.
[    0.118815] usbcore: registered new interface driver usbfs
[    0.118879] usbcore: registered new interface driver hub
[    0.118952] usbcore: registered new device driver usb
[    0.122662] pps_core: LinuxPPS API ver. 1 registered
[    0.122672] pps_core: Software ver. 5.3.6 - Copyright 2005-2007 Rodolfo Giometti <giometti@linux.it>
[    0.122696] PTP clock support registered
[    0.122893] EDAC MC: Ver: 3.0.0
[    0.126148] clocksource: Switched to clocksource arch_sys_counter
[    0.137742] NET: Registered protocol family 2
[    0.138255] TCP established hash table entries: 8192 (order: 3, 32768 bytes)
[    0.138354] TCP bind hash table entries: 8192 (order: 4, 65536 bytes)
[    0.138540] TCP: Hash tables configured (established 8192 bind 8192)
[    0.138599] UDP hash table entries: 512 (order: 2, 16384 bytes)
[    0.138640] UDP-Lite hash table entries: 512 (order: 2, 16384 bytes)
[    0.138793] NET: Registered protocol family 1
[    0.139109] RPC: Registered named UNIX socket transport module.
[    0.139118] RPC: Registered udp transport module.
[    0.139125] RPC: Registered tcp transport module.
[    0.139132] RPC: Registered tcp NFSv4.1 backchannel transport module.
[    0.139142] PCI: CLS 0 bytes, default 64
[    0.140365] hw perfevents: enabled with armv7_cortex_a15 PMU driver, 7 counters available
[    0.141925] futex hash table entries: 1024 (order: 4, 65536 bytes)
[    0.142692] workingset: timestamp_bits=30 max_order=19 bucket_order=0
[    0.154135] squashfs: version 4.0 (2009/01/31) Phillip Lougher
[    0.154979] NFS: Registering the id_resolver key type
[    0.155008] Key type id_resolver registered
[    0.155016] Key type id_legacy registered
[    0.155062] ntfs: driver 2.1.32 [Flags: R/O].
[    0.156669] bounce: pool size: 64 pages
[    0.156876] Block layer SCSI generic (bsg) driver version 0.4 loaded (major 248)
[    0.156885] io scheduler noop registered
[    0.156893] io scheduler deadline registered
[    0.157088] io scheduler cfq registered (default)
[    0.162429] usb2-0 supply vbus not found, using dummy regulator
[    0.162559] usb2-1 supply vbus not found, using dummy regulator
[    0.162976] tegra-xusb-padctl 7009f000.padctl: failed to setup XUSB ports: -517
[    0.179859] tegra-pcie 1003000.pcie-controller: 2x1, 1x1 configuration
[    0.179910] tegra-pcie 1003000.pcie-controller: Failed to get supply 'avddio-pex': -517
[    0.186009] tegra124-dfll 70110000.clock: couldn't get vdd_cpu regulator
[    0.194424] tegra-apbdma 60020000.dma: Tegra20 APB DMA driver register 32 channels
[    0.196551] tegra-pmc 7000e400.pmc: emergency thermal reset enabled
[    0.263797] Serial: 8250/16550 driver, 4 ports, IRQ sharing disabled
[    0.266882] console [ttyS0] disabled
[    0.266918] 70006300.serial: ttyS0 at MMIO 0x70006300 (irq = 335, base_baud = 25500000) is a Tegra
[    1.145752] console [ttyS0] enabled
[    1.150149] SuperH (H)SCI(F) driver initialized
[    1.155756] msm_serial: driver initialized
[    1.160064] STMicroelectronics ASC driver initialized
[    1.166022] 70006000.serial: ttyTHS1 at MMIO 0x70006000 (irq = 333, base_baud = 0) is a TEGRA_UART
[    1.175351] 70006040.serial: ttyTHS2 at MMIO 0x70006040 (irq = 334, base_baud = 0) is a TEGRA_UART
[    1.187811] [drm] Initialized
[    1.194037] tegra-hdmi 54280000.hdmi: failed to get HDMI regulator
[    1.214381] brd: module loaded
[    1.223941] loop: module loaded
[    1.228364] at24 0-0056: 256 byte 24c02 EEPROM, writable, 8 bytes/write
[    1.236793] as3722 4-0040: AS3722 with revision 0x1 found
[    1.249171] as3722-sd2: supplied by +5V_SYS
[    1.253828] as3722-sd3: supplied by +5V_SYS
[    1.258243] +1.35V_LP0(sd3): Bringing 0uV into 1350000-1350000uV
[    1.264632] as3722-sd4: supplied by +5V_SYS
[    1.269280] as3722-sd5: supplied by +5V_SYS
[    1.275349] as3722-ldo0: supplied by +1.35V_LP0(sd2)
[    1.281479] +1.8V_RUN_CAM: Bringing 0uV into 1800000-1800000uV
[    1.287737] as3722-ldo2: supplied by +1.8V_VDDIO
[    1.293663] as3722-ldo3: supplied by +3.3V_SYS
[    1.298160] +1.05V_LP0_VDD_RTC: Bringing 1100000uV into 1000000-1000000uV
[    1.305974] as3722-ldo4: supplied by +3.3V_SYS
[    1.310641] +2.8V_RUN_CAM: Bringing 0uV into 2800000-2800000uV
[    1.316908] as3722-ldo5: supplied by +1.8V_VDDIO
[    1.321749] +1.2V_RUN_CAM_FRONT: Bringing 0uV into 1200000-1200000uV
[    1.328725] +VDDIO_SDMMC3: bypassed regulator has no supply!
[    1.334396] +VDDIO_SDMMC3: failed to get the current voltage(-517)
[    1.340589] as3722-regulator as3722-regulator: regulator 13 register failed -517
[    1.353389] tegra-ahci 70027000.sata: couldn't get PHY in node sata: -517
[    1.374510] random: fast init done
[    1.378100] m25p80 spi32765.0: w25q32dw (4096 Kbytes)
[    1.386454] libphy: Fixed MDIO Bus: probed
[    1.391742] CAN device driver interface
[    1.397889] e1000e: Intel(R) PRO/1000 Network Driver - 3.2.6-k
[    1.403730] e1000e: Copyright(c) 1999 - 2015 Intel Corporation.
[    1.409722] igb: Intel(R) Gigabit Ethernet Network Driver - version 5.4.0-k
[    1.416689] igb: Copyright (c) 2007-2014 Intel Corporation.
[    1.425953] pegasus: v0.9.3 (2013/04/25), Pegasus/Pegasus II USB Ethernet driver
[    1.433415] usbcore: registered new interface driver pegasus
[    1.439141] usbcore: registered new interface driver asix
[    1.444591] usbcore: registered new interface driver ax88179_178a
[    1.450732] usbcore: registered new interface driver cdc_ether
[    1.456632] usbcore: registered new interface driver smsc75xx
[    1.462446] usbcore: registered new interface driver smsc95xx
[    1.468241] usbcore: registered new interface driver net1080
[    1.473953] usbcore: registered new interface driver cdc_subset
[    1.479921] usbcore: registered new interface driver zaurus
[    1.485565] usbcore: registered new interface driver cdc_ncm
[    1.491452] tegra-phy 7d004000.usb-phy: no vbus regulator
[    1.498939] ehci_hcd: USB 2.0 'Enhanced' Host Controller (EHCI) Driver
[    1.505477] ehci-pci: EHCI PCI platform driver
[    1.509973] ehci-platform: EHCI generic platform driver
[    1.515426] ehci-orion: EHCI orion driver
[    1.519592] SPEAr-ehci: EHCI SPEAr driver
[    1.523763] ehci-st: EHCI STMicroelectronics driver
[    1.528801] ehci-exynos: EHCI EXYNOS driver
[    1.533165] ehci-atmel: EHCI Atmel driver
[    1.537337] tegra-ehci: Tegra EHCI driver
[    1.544190] tegra-ehci 7d004000.usb: EHCI Host Controller
[    1.549635] tegra-ehci 7d004000.usb: new USB bus registered, assigned bus number 1
[    1.557387] tegra-ehci 7d004000.usb: irq 354, io mem 0x7d004000
[    1.576172] tegra-ehci 7d004000.usb: USB 2.0 started, EHCI 1.10
[    1.582950] hub 1-0:1.0: USB hub found
[    1.586752] hub 1-0:1.0: 1 port detected
[    1.591307] ohci_hcd: USB 1.1 'Open' Host Controller (OHCI) Driver
[    1.597503] ohci-pci: OHCI PCI platform driver
[    1.602002] ohci-platform: OHCI generic platform driver
[    1.607416] ohci-omap3: OHCI OMAP3 driver
[    1.611588] SPEAr-ohci: OHCI SPEAr driver
[    1.615743] ohci-st: OHCI STMicroelectronics driver
[    1.620781] ohci-atmel: OHCI Atmel driver
[    1.625629] usbcore: registered new interface driver usb-storage
[    1.633348] mousedev: PS/2 mouse device common for all mice
[    1.642274] as3722-rtc as3722-rtc: rtc core: registered as3722-rtc as rtc0
[    1.649163] as3722-rtc as3722-rtc: RTC interrupt 377
[    1.657565] tegra_rtc 7000e000.rtc: rtc core: registered 7000e000.rtc as rtc1
[    1.664753] tegra_rtc 7000e000.rtc: Tegra internal Real Time Clock
[    1.671552] i2c /dev entries driver
[    1.682314] 0-004c supply vcc not found, using dummy regulator
[    1.698386] sdhci: Secure Digital Host Controller Interface driver
[    1.704582] sdhci: Copyright(c) Pierre Ossman
[    1.710648] Synopsys Designware Multimedia Card Interface Driver
[    1.717879] sdhci-pltfm: SDHCI platform and OF driver helper
[    1.724339] sdhci-tegra 700b0400.sdhci: Got CD GPIO
[    1.729250] sdhci-tegra 700b0400.sdhci: Got WP GPIO
[    1.734388] mmc0: Unknown controller version (3). You may experience problems.
[    1.741707] mmc0: Invalid maximum block size, assuming 512 bytes
[    1.791175] mmc0: SDHCI controller on 700b0600.sdhci [700b0600.sdhci] using ADMA
[    1.800607] ledtrig-cpu: registered to indicate activity on CPUs
[    1.806974] usbcore: registered new interface driver usbhid
[    1.812557] usbhid: USB HID core driver
[    1.820387] NET: Registered protocol family 10
[    1.825772] Segment Routing with IPv6
[    1.829508] sit: IPv6, IPv4 and MPLS over IPv4 tunneling driver
[    1.836148] NET: Registered protocol family 17
[    1.840593] can: controller area network core (rev 20120528 abi 9)
[    1.846842] NET: Registered protocol family 29
[    1.851298] can: raw protocol (rev 20120528)
[    1.855562] can: broadcast manager protocol (rev 20160617 t)
[    1.861233] can: netlink gateway (rev 20130117) max_hops=1
[    1.867107] Key type dns_resolver registered
[    1.872059] ThumbEE CPU extension supported.
[    1.876349] Registering SWP/SWPB emulation handler
[    1.897882] +3.3V_RUN: supplied by +3.3V_SYS
[    1.903286] +3.3V_AVDD_HDMI_AP_GATED: supplied by +3.3V_RUN
[    1.909338] +USB0_VBUS_SW: supplied by +5V_SYS
[    1.914317] +5V_USB_HS: supplied by +5V_SYS
[    1.920281] +3.3V_LP0: supplied by +3.3V_SYS
[    1.926459] +5V_HDMI_CON: supplied by +5V_SYS
[    1.931671] +5V_SATA: supplied by +5V_SYS
[    1.936557] +12V_SATA: supplied by +VDD_MUX
[    1.937423] mmc0: new high speed MMC card at address 0001
[    1.938950] mmcblk0: mmc0:0001 SEM16G 14.7 GiB 
[    1.939679] mmcblk0boot0: mmc0:0001 SEM16G partition 1 4.00 MiB
[    1.940436] mmcblk0boot1: mmc0:0001 SEM16G partition 2 4.00 MiB
[    1.941592] mmcblk0rpmb: mmc0:0001 SEM16G partition 3 4.00 MiB
[    1.948580]  mmcblk0: p1
[    1.973033] usb2-0 supply vbus not found, using dummy regulator
[    1.979162] usb2-1 supply vbus not found, using dummy regulator
[    1.985548] usb3-0 supply vbus not found, using dummy regulator
[    1.992808] tegra-pcie 1003000.pcie-controller: 2x1, 1x1 configuration
[    1.999470] tegra-pcie 1003000.pcie-controller: Failed to get supply 'avddio-pex': -517
[    2.010535] tegra124-dfll 70110000.clock: couldn't get vdd_cpu regulator
[    2.021095] tegra-hdmi 54280000.hdmi: failed to get PLL regulator
[    2.032786] as3722-sd2: supplied by +5V_SYS
[    2.037414] as3722-sd3: supplied by +5V_SYS
[    2.042023] as3722-sd4: supplied by +5V_SYS
[    2.046476] +1.05V_RUN_AVDD_HDMI_PLL: supplied by +1.05V_RUN
[    2.052320] as3722-sd5: supplied by +5V_SYS
[    2.058305] as3722-ldo0: supplied by +1.35V_LP0(sd2)
[    2.064352] as3722-ldo1: supplied by +3.3V_RUN
[    2.069182] as3722-ldo2: supplied by +1.8V_VDDIO
[    2.074827] as3722-ldo3: supplied by +3.3V_SYS
[    2.080169] as3722-ldo4: supplied by +3.3V_SYS
[    2.085004] as3722-ldo5: supplied by +1.8V_VDDIO
[    2.089926] as3722-ldo6: supplied by +3.3V_RUN
[    2.094757] as3722-ldo7: supplied by +1.8V_VDDIO
[    2.099894] +1.05V_RUN_CAM_REAR: Bringing 0uV into 1050000-1050000uV
[    2.107018] as3722-ldo9: supplied by +5V_SYS
[    2.112853] +3.3V_RUN_TOUCH: Bringing 0uV into 2800000-2800000uV
[    2.119454] as3722-ldo10: supplied by +5V_SYS
[    2.124412] +2.8V_RUN_CAM_AF: Bringing 0uV into 2800000-2800000uV
[    2.131318] as3722-ldo11: supplied by +3.3V_RUN
[    2.136625] +1.8V_RUN_VPP_FUSE: Bringing 0uV into 1800000-1800000uV
[    2.146656] tegra-ahci 70027000.sata: AHCI 0001.0301 32 slots 2 ports 3 Gbps 0x1 impl platform mode
[    2.155727] tegra-ahci 70027000.sata: flags: 64bit ncq sntf pm led pio slum part sadm sds apst 
[    2.166603] scsi host0: tegra-ahci
[    2.171211] scsi host1: tegra-ahci
[    2.174979] ata1: SATA max UDMA/133 mmio [mem 0x70027000-0x70028fff] port 0x100 irq 345
[    2.183020] ata2: DUMMY
[    2.188830] tegra-ehci 7d008000.usb: EHCI Host Controller
[    2.194290] tegra-ehci 7d008000.usb: new USB bus registered, assigned bus number 2
[    2.202049] tegra-ehci 7d008000.usb: irq 355, io mem 0x7d008000
[    2.221268] tegra-ehci 7d008000.usb: USB 2.0 started, EHCI 1.10
[    2.228417] hub 2-0:1.0: USB hub found
[    2.232276] hub 2-0:1.0: 1 port detected
[    2.238839] sdhci-tegra 700b0400.sdhci: Got CD GPIO
[    2.243794] sdhci-tegra 700b0400.sdhci: Got WP GPIO
[    2.248924] mmc1: Unknown controller version (3). You may experience problems.
[    2.256262] mmc1: Invalid maximum block size, assuming 512 bytes
[    2.306713] mmc1: SDHCI controller on 700b0400.sdhci [700b0400.sdhci] using ADMA
[    2.314877] tegra-pcie 1003000.pcie-controller: 2x1, 1x1 configuration
[    2.323433] tegra-pcie 1003000.pcie-controller: probing port 0, using 2 lanes
[    2.332829] tegra-pcie 1003000.pcie-controller: Slot present pin change, signature: 00000008
[    2.357445] tegra-pcie 1003000.pcie-controller: probing port 1, using 1 lanes
[    2.366684] tegra-pcie 1003000.pcie-controller: Slot present pin change, signature: 00000000
[    2.381414] tegra-pcie 1003000.pcie-controller: PCI host bridge to bus 0000:00
[    2.388656] pci_bus 0000:00: root bus resource [io  0x0000-0xffff]
[    2.394853] pci_bus 0000:00: root bus resource [mem 0x13000000-0x1fffffff]
[    2.401766] pci_bus 0000:00: root bus resource [mem 0x20000000-0x3fffffff pref]
[    2.409113] pci_bus 0000:00: root bus resource [bus 00-ff]
[    2.414679] pci 0000:00:01.0: [10de:0e12] type 01 class 0x060400
[    2.420827] pci 0000:00:01.0: PME# supported from D0 D1 D2 D3hot D3cold
[    2.427815] pci 0000:00:02.0: [10de:0e13] type 01 class 0x060400
[    2.433988] pci 0000:00:02.0: PME# supported from D0 D1 D2 D3hot D3cold
[    2.440973] PCI: bus0: Fast back to back transfers disabled
[    2.446593] pci 0000:00:01.0: bridge configuration invalid ([bus 00-00]), reconfiguring
[    2.454636] pci 0000:00:02.0: bridge configuration invalid ([bus 00-00]), reconfiguring
[    2.462944] pci 0000:01:00.0: [8086:4232] type 00 class 0x028000
[    2.469038] pci 0000:01:00.0: reg 0x10: [mem 0x00000000-0x00001fff 64bit]
[    2.476066] pci 0000:01:00.0: PME# supported from D0 D3hot D3cold
[    2.496301] PCI: bus1: Fast back to back transfers disabled
[    2.501937] pci_bus 0000:01: busn_res: [bus 01-ff] end is updated to 01
[    2.504814] ata1: SATA link down (SStatus 0 SControl 300)
[    2.514270] pci 0000:02:00.0: [10ec:8168] type 00 class 0x020000
[    2.520316] pci 0000:02:00.0: reg 0x10: [io  0x0000-0x00ff]
[    2.525931] pci 0000:02:00.0: reg 0x18: [mem 0x00000000-0x00000fff 64bit]
[    2.532752] pci 0000:02:00.0: reg 0x20: [mem 0x00000000-0x00003fff 64bit pref]
[    2.540161] pci 0000:02:00.0: supports D1 D2
[    2.544446] pci 0000:02:00.0: PME# supported from D0 D1 D2 D3hot D3cold
[    2.566295] PCI: bus2: Fast back to back transfers disabled
[    2.571901] pci_bus 0000:02: busn_res: [bus 02-ff] end is updated to 02
[    2.578696] pci 0000:00:01.0: BAR 8: assigned [mem 0x13000000-0x130fffff]
[    2.585525] pci 0000:00:02.0: BAR 8: assigned [mem 0x13100000-0x131fffff]
[    2.592326] pci 0000:00:02.0: BAR 9: assigned [mem 0x20000000-0x200fffff 64bit pref]
[    2.600074] pci 0000:00:02.0: BAR 7: assigned [io  0x1000-0x1fff]
[    2.606185] pci 0000:01:00.0: BAR 0: assigned [mem 0x13000000-0x13001fff 64bit]
[    2.613527] pci 0000:00:01.0: PCI bridge to [bus 01]
[    2.618505] pci 0000:00:01.0:   bridge window [mem 0x13000000-0x130fffff]
[    2.625310] pci 0000:02:00.0: BAR 4: assigned [mem 0x20000000-0x20003fff 64bit pref]
[    2.633079] pci 0000:02:00.0: BAR 2: assigned [mem 0x13100000-0x13100fff 64bit]
[    2.640412] pci 0000:02:00.0: BAR 0: assigned [io  0x1000-0x10ff]
[    2.646519] pci 0000:00:02.0: PCI bridge to [bus 02]
[    2.651493] pci 0000:00:02.0:   bridge window [io  0x1000-0x1fff]
[    2.657596] pci 0000:00:02.0:   bridge window [mem 0x13100000-0x131fffff]
[    2.664396] pci 0000:00:02.0:   bridge window [mem 0x20000000-0x200fffff 64bit pref]
[    2.672210] pci 0000:00:01.0: nv_msi_ht_cap_quirk didn't locate host bridge
[    2.679283] pcieport 0000:00:01.0: enabling device (0140 -> 0142)
[    2.685672] pcieport 0000:00:01.0: Signaling PME through PCIe PME interrupt
[    2.692644] pci 0000:01:00.0: Signaling PME through PCIe PME interrupt
[    2.699183] pcie_pme 0000:00:01.0:pcie001: service driver pcie_pme loaded
[    2.706066] pci 0000:00:02.0: nv_msi_ht_cap_quirk didn't locate host bridge
[    2.713122] pcieport 0000:00:02.0: enabling device (0140 -> 0143)
[    2.719561] pcieport 0000:00:02.0: Signaling PME through PCIe PME interrupt
[    2.726538] pci 0000:02:00.0: Signaling PME through PCIe PME interrupt
[    2.733110] pcie_pme 0000:00:02.0:pcie001: service driver pcie_pme loaded
[    2.740230] r8169 Gigabit Ethernet driver 2.3LK-NAPI loaded
[    2.745835] r8169 0000:02:00.0: enabling device (0140 -> 0143)
[    2.768507] r8169 0000:02:00.0 eth0: RTL8168g/8111g at 0xf0b4b000, 00:04:4b:3a:d9:81, XID 0c000800 IRQ 395
[    2.778196] r8169 0000:02:00.0 eth0: jumbo features [frames: 9200 bytes, tx checksumming: ko]
[    2.791109] mmc1: new high speed SDHC card at address aaaa
[    2.797783] mmcblk1: mmc1:aaaa SD04G 3.69 GiB 
[    2.803282] [drm] Supports vblank timestamp caching Rev 2 (21.10.2013).
[    2.809944] [drm] No driver support for vblank timestamp query.
[    2.829449]  mmcblk1: p1 p2 p3
[    2.939260] tegra-hdmi 54280000.hdmi: cannot set audio to 48000 Hz at 297000000 Hz pixel clock
[    3.107155] Console: switching to colour frame buffer device 512x135
[    3.202681] drm drm: fb0:  frame buffer device
[    3.207245] [drm] Initialized tegra 0.0.0 20120330 on minor 0
[    3.214574] of: dev_pm_opp_of_cpumask_add_table: couldn't find opp table for cpu:0, -19
[    3.222623] cpufreq: cpufreq_online: CPU0: Running at unlisted freq: 696000 KHz
[    3.229946] cpufreq: cpufreq_online: CPU0: Unlisted initial frequency changed to: 714000 KHz
[    3.239230] input: gpio-keys as /devices/soc0/gpio-keys/input/input0
[    3.246532] as3722-rtc as3722-rtc: setting system clock to 2000-01-01 00:00:13 UTC (946684813)
[    3.255653] +USB0_VBUS_SW: disabling
[    3.259268] +1.8V_RUN_CAM: disabling
[    3.263110] +2.8V_RUN_CAM: disabling
[    3.266918] +1.2V_RUN_CAM_FRONT: disabling
[    3.271174] +1.05V_RUN_CAM_REAR: disabling
[    3.275428] +3.3V_RUN_TOUCH: disabling
[    3.279418] +2.8V_RUN_CAM_AF: disabling
[    3.283433] +1.8V_RUN_VPP_FUSE: disabling
[    3.288660] EXT4-fs (mmcblk0p1): mounting ext3 file system using the ext4 subsystem
[    3.310417] EXT4-fs (mmcblk0p1): recovery complete
[    3.315248] EXT4-fs (mmcblk0p1): mounted filesystem with ordered data mode. Opts: (null)
[    3.323373] VFS: Mounted root (ext3 filesystem) on device 179:1.
[    3.333706] devtmpfs: mounted
[    3.337437] Freeing unused kernel memory: 2048K
bash: cannot set terminal process group (-1): Inappropriate ioctl for device
bash: no job control in this shell
root@(none):/# mount -t sysfs none /sys
root@(none):/# 
root@(none):/# mount -t debugfs none /sys/kernel/debug
root@(none):/# 
root@(none):/# rtcwake -d rtc1 -m mem -s 3
rtcwake: assuming RTC uses UTC ...
rtcwake: wakeup from "mem" using /dev/rtc1 at Thu Jan  1 00:00:20 1970
[    6.495692] PM: Syncing filesystems ... done.
[    6.707793] Freezing user space processes ... (elapsed 0.001 seconds) done.
[    6.716234] Freezing remaining freezable tasks ... (elapsed 0.001 seconds) done.
[    6.724862] Suspending console(s) (use no_console_suspend to debug)
[    6.822782] PM: suspend of devices complete after 90.984 msecs
[    6.824346] PM: late suspend of devices complete after 1.558 msecs
[    6.842273] PM: noirq suspend of devices complete after 17.921 msecs
[    6.842275] Disabling non-boot CPUs ...
[    6.842801] CPU1: shutdown
[    6.872668] IRQ17 no longer affine to CPU2
[    6.872901] CPU2: shutdown
[    6.902594] CPU3: shutdown
[    6.917124] Entering suspend state LP1
[    6.917124] Suspended for 3.223 seconds
[    6.917135] Enabling non-boot CPUs ...
[    6.931981] CPU1 is up
[    6.952003] CPU2 is up
[    6.972151] CPU3 is up
[    6.972863] pcieport 0000:00:01.0: nv_msi_ht_cap_quirk didn't locate host bridge
[    6.973029] pcieport 0000:00:02.0: nv_msi_ht_cap_quirk didn't locate host bridge
[    6.991251] PM: noirq resume of devices complete after 19.095 msecs
[    6.992632] PM: early resume of devices complete after 1.044 msecs
[    6.995609] tegra-hdmi 54280000.hdmi: cannot set audio to 48000 Hz at 297000000 Hz pixel clock
[    7.075784] PM: resume of devices complete after 83.142 msecs
[    7.170920] Restarting tasks ... done.
root@(none):/# 
root@(none):/# [    7.313697] ata1: SATA link down (SStatus 0 SControl 300)
rtcwake -d rtc1 -m mem -s 3
rtcwake: assuming RTC uses UTC ...
rtcwake: wakeup from "mem" using /dev/rtc1 at Thu Jan  1 00:00:25 1970
[    8.286560] PM: Syncing filesystems ... done.
[    8.461556] Freezing user space processes ... (elapsed 0.001 seconds) done.
[    8.469640] Freezing remaining freezable tasks ... (elapsed 0.001 seconds) done.
[    8.478322] Suspending console(s) (use no_console_suspend to debug)
[    8.582591] PM: suspend of devices complete after 97.504 msecs
[    8.584144] PM: late suspend of devices complete after 1.544 msecs
[    8.602107] PM: noirq suspend of devices complete after 17.958 msecs
[    8.602109] Disabling non-boot CPUs ...
[    8.602519] CPU1: shutdown
[    8.632557] CPU2: shutdown
[    8.662314] CPU3: shutdown
[    8.686752] Entering suspend state LP1
[    8.686752] Suspended for 3.230 seconds
[    8.686763] Enabling non-boot CPUs ...
[    8.701944] CPU1 is up
[    8.721981] CPU2 is up
[    8.742132] CPU3 is up
[    8.742882] pcieport 0000:00:02.0: nv_msi_ht_cap_quirk didn't locate host bridge
[    8.742884] pcieport 0000:00:01.0: nv_msi_ht_cap_quirk didn't locate host bridge
[    8.761213] PM: noirq resume of devices complete after 19.075 msecs
[    8.762796] PM: early resume of devices complete after 1.248 msecs
[    8.765633] tegra-hdmi 54280000.hdmi: cannot set audio to 48000 Hz at 297000000 Hz pixel clock
[    8.845805] PM: resume of devices complete after 83.000 msecs
[    8.936855] Restarting tasks ... done.
root@(none):/# 
root@(none):/# [    9.083710] ata1: SATA link down (SStatus 0 SControl 300)
rtcwake -d rtc1 -m mem -s 3
rtcwake: assuming RTC uses UTC ...
rtcwake: wakeup from "mem" using /dev/rtc1 at Thu Jan  1 00:00:30 1970
[   10.056307] PM: Syncing filesystems ... done.
[   10.232275] Freezing user space processes ... (elapsed 0.001 seconds) done.
[   10.240697] Freezing remaining freezable tasks ... (elapsed 0.001 seconds) done.
[   10.249321] Suspending console(s) (use no_console_suspend to debug)
[   10.352680] PM: suspend of devices complete after 96.578 msecs
[   10.354229] PM: late suspend of devices complete after 1.540 msecs
[   10.372144] PM: noirq suspend of devices complete after 17.910 msecs
[   10.372146] Disabling non-boot CPUs ...
[   10.372551] CPU1: shutdown
[   10.402524] CPU2: shutdown
[   10.432270] CPU3: shutdown
[   10.456707] Entering suspend state LP1
[   10.456707] Suspended for 3.229 seconds
[   10.456718] Enabling non-boot CPUs ...
[   10.471915] CPU1 is up
[   10.491950] CPU2 is up
[   10.512099] CPU3 is up
[   10.512863] pcieport 0000:00:02.0: nv_msi_ht_cap_quirk didn't locate host bridge
[   10.512865] pcieport 0000:00:01.0: nv_msi_ht_cap_quirk didn't locate host bridge
[   10.531185] PM: noirq resume of devices complete after 19.080 msecs
[   10.532934] PM: early resume of devices complete after 1.402 msecs
[   10.535769] tegra-hdmi 54280000.hdmi: cannot set audio to 48000 Hz at 297000000 Hz pixel clock
[   10.615946] PM: resume of devices complete after 83.002 msecs
[   10.706977] Restarting tasks ... done.
root@(none):/# 
root@(none):/# [   10.853618] ata1: SATA link down (SStatus 0 SControl 300)
rtcwake -d rtc1 -m mem -s 3
rtcwake: assuming RTC uses UTC ...
rtcwake: wakeup from "mem" using /dev/rtc1 at Thu Jan  1 00:00:35 1970
[   11.823620] PM: Syncing filesystems ... done.
[   11.998225] Freezing user space processes ... (elapsed 0.001 seconds) done.
[   12.006685] Freezing remaining freezable tasks ... (elapsed 0.001 seconds) done.
[   12.015262] Suspending console(s) (use no_console_suspend to debug)
[   12.122669] PM: suspend of devices complete after 100.634 msecs
[   12.124504] PM: late suspend of devices complete after 1.826 msecs
[   12.142020] PM: noirq suspend of devices complete after 17.511 msecs
[   12.142022] Disabling non-boot CPUs ...
[   12.142253] IRQ17 no longer affine to CPU1
[   12.142452] CPU1: shutdown
[   12.172323] CPU2: shutdown
[   12.202271] CPU3: shutdown
[   12.226666] Entering suspend state LP1
[   12.226666] Suspended for 3.229 seconds
[   12.226676] Enabling non-boot CPUs ...
[   12.241834] CPU1 is up
[   12.261859] CPU2 is up
[   12.282006] CPU3 is up
[   12.282706] pcieport 0000:00:01.0: nv_msi_ht_cap_quirk didn't locate host bridge
[   12.282708] pcieport 0000:00:02.0: nv_msi_ht_cap_quirk didn't locate host bridge
[   12.301154] PM: noirq resume of devices complete after 19.142 msecs
[   12.302838] PM: early resume of devices complete after 1.376 msecs
[   12.305596] tegra-hdmi 54280000.hdmi: cannot set audio to 48000 Hz at 297000000 Hz pixel clock
[   12.383439] PM: resume of devices complete after 80.591 msecs
[   12.478528] Restarting tasks ... done.
root@(none):/# 
root@(none):/# [   12.623561] ata1: SATA link down (SStatus 0 SControl 300)
rtcwake -d rtc1 -m mem -s 3
rtcwake: assuming RTC uses UTC ...
rtcwake: wakeup from "mem" using /dev/rtc1 at Thu Jan  1 00:00:40 1970
[   13.598694] PM: Syncing filesystems ... done.
[   13.774703] Freezing user space processes ... (elapsed 0.001 seconds) done.
[   13.783114] Freezing remaining freezable tasks ... (elapsed 0.001 seconds) done.
[   13.791734] Suspending console(s) (use no_console_suspend to debug)
[   13.892444] PM: suspend of devices complete after 93.944 msecs
[   13.893796] PM: late suspend of devices complete after 1.346 msecs
[   13.911965] PM: noirq suspend of devices complete after 18.165 msecs
[   13.911967] Disabling non-boot CPUs ...
[   13.912378] CPU1: shutdown
[   13.942485] CPU2: shutdown
[   13.972021] IRQ17 no longer affine to CPU3
[   13.972226] CPU3: shutdown
[   13.996661] Entering suspend state LP1
[   13.996661] Suspended for 3.229 seconds
[   13.996672] Enabling non-boot CPUs ...
[   14.011867] CPU1 is up
[   14.031894] CPU2 is up
[   14.052041] CPU3 is up
[   14.052786] pcieport 0000:00:01.0: nv_msi_ht_cap_quirk didn't locate host bridge
[   14.052788] pcieport 0000:00:02.0: nv_msi_ht_cap_quirk didn't locate host bridge
[   14.071126] PM: noirq resume of devices complete after 19.079 msecs
[   14.072968] PM: early resume of devices complete after 1.508 msecs
[   14.075769] tegra-hdmi 54280000.hdmi: cannot set audio to 48000 Hz at 297000000 Hz pixel clock
[   14.155925] PM: resume of devices complete after 82.948 msecs
[   14.251044] Restarting tasks ... done.
root@(none):/# 
root@(none):/# [   14.393601] ata1: SATA link down (SStatus 0 SControl 300)
rtcwake -d rtc1 -m mem -s 3
rtcwake: assuming RTC uses UTC ...
rtcwake: wakeup from "mem" using /dev/rtc1 at Thu Jan  1 00:00:45 1970
[   15.364819] PM: Syncing filesystems ... done.
[   15.540136] Freezing user space processes ... (elapsed 0.001 seconds) done.
[   15.548598] Freezing remaining freezable tasks ... (elapsed 0.001 seconds) done.
[   15.557116] Suspending console(s) (use no_console_suspend to debug)
[   15.662570] PM: suspend of devices complete after 98.676 msecs
[   15.664730] PM: late suspend of devices complete after 2.151 msecs
[   15.682003] PM: noirq suspend of devices complete after 17.268 msecs
[   15.682005] Disabling non-boot CPUs ...
[   15.682233] IRQ17 no longer affine to CPU1
[   15.682425] CPU1: shutdown
[   15.712258] CPU2: shutdown
[   15.742219] CPU3: shutdown
[   15.766616] Entering suspend state LP1
[   15.766616] Suspended for 3.229 seconds
[   15.766627] Enabling non-boot CPUs ...
[   15.781811] CPU1 is up
[   15.801843] CPU2 is up
[   15.821979] CPU3 is up
[   15.822709] pcieport 0000:00:01.0: nv_msi_ht_cap_quirk didn't locate host bridge
[   15.822711] pcieport 0000:00:02.0: nv_msi_ht_cap_quirk didn't locate host bridge
[   15.841094] PM: noirq resume of devices complete after 19.110 msecs
[   15.842822] PM: early resume of devices complete after 1.381 msecs
[   15.845662] tegra-hdmi 54280000.hdmi: cannot set audio to 48000 Hz at 297000000 Hz pixel clock
[   15.925112] PM: resume of devices complete after 82.280 msecs
[   16.020183] Restarting tasks ... done.
root@(none):/# 
root@(none):/# [   16.163537] ata1: SATA link down (SStatus 0 SControl 300)
rtcwake -d rtc1 -m mem -s 3
rtcwake: assuming RTC uses UTC ...
rtcwake: wakeup from "mem" using /dev/rtc1 at Thu Jan  1 00:00:50 1970
[   17.135769] PM: Syncing filesystems ... done.
[   17.312721] Freezing user space processes ... (elapsed 0.001 seconds) done.
[   17.321137] Freezing remaining freezable tasks ... (elapsed 0.001 seconds) done.
[   17.329743] Suspending console(s) (use no_console_suspend to debug)
[   17.432521] PM: suspend of devices complete after 96.007 msecs
[   17.434630] PM: late suspend of devices complete after 2.100 msecs
[   17.451976] PM: noirq suspend of devices complete after 17.341 msecs
[   17.451979] Disabling non-boot CPUs ...
[   17.452196] IRQ17 no longer affine to CPU1
[   17.452394] CPU1: shutdown
[   17.482419] CPU2: shutdown
[   17.512165] CPU3: shutdown
[   17.536592] Entering suspend state LP1
[   17.536592] Suspended for 3.229 seconds
[   17.536603] Enabling non-boot CPUs ...
[   17.551804] CPU1 is up
[   17.571843] CPU2 is up
[   17.591991] CPU3 is up
[   17.592735] pcieport 0000:00:01.0: nv_msi_ht_cap_quirk didn't locate host bridge
[   17.592737] pcieport 0000:00:02.0: nv_msi_ht_cap_quirk didn't locate host bridge
[   17.611064] PM: noirq resume of devices complete after 19.068 msecs
[   17.612625] PM: early resume of devices complete after 1.239 msecs
[   17.615360] tegra-hdmi 54280000.hdmi: cannot set audio to 48000 Hz at 297000000 Hz pixel clock
[   17.695530] PM: resume of devices complete after 82.896 msecs
[   17.790664] Restarting tasks ... done.
root@(none):/# 
root@(none):/# [   17.933125] ata1: SATA link down (SStatus 0 SControl 300)
rtcwake -d rtc1 -m mem -s 3
rtcwake: assuming RTC uses UTC ...
rtcwake: wakeup from "mem" using /dev/rtc1 at Thu Jan  1 00:00:55 1970
[   18.908016] PM: Syncing filesystems ... done.
[   19.082655] Freezing user space processes ... (elapsed 0.001 seconds) done.
[   19.091074] Freezing remaining freezable tasks ... (elapsed 0.001 seconds) done.
[   19.099586] Suspending console(s) (use no_console_suspend to debug)
[   19.202551] PM: suspend of devices complete after 96.194 msecs
[   19.204390] PM: late suspend of devices complete after 1.830 msecs
[   19.221877] PM: noirq suspend of devices complete after 17.482 msecs
[   19.221879] Disabling non-boot CPUs ...
[   19.222110] IRQ17 no longer affine to CPU1
[   19.222305] CPU1: shutdown
[   19.252202] CPU2: shutdown
[   19.282162] CPU3: shutdown
[   19.306552] Entering suspend state LP1
[   19.306552] Suspended for 3.229 seconds
[   19.306563] Enabling non-boot CPUs ...
[   19.321725] CPU1 is up
[   19.341753] CPU2 is up
[   19.361872] CPU3 is up
[   19.362598] pcieport 0000:00:02.0: nv_msi_ht_cap_quirk didn't locate host bridge
[   19.362600] pcieport 0000:00:01.0: nv_msi_ht_cap_quirk didn't locate host bridge
[   19.381030] PM: noirq resume of devices complete after 19.153 msecs
[   19.382705] PM: early resume of devices complete after 1.352 msecs
[   19.385182] tegra-hdmi 54280000.hdmi: cannot set audio to 48000 Hz at 297000000 Hz pixel clock
[   19.462960] PM: resume of devices complete after 80.246 msecs
[   19.558002] Restarting tasks ... done.
root@(none):/# 
root@(none):/# [   19.703446] ata1: SATA link down (SStatus 0 SControl 300)
rtcwake -d rtc1 -m mem -s 3
rtcwake: assuming RTC uses UTC ...
rtcwake: wakeup from "mem" using /dev/rtc1 at Thu Jan  1 00:01:00 1970
[   20.678068] PM: Syncing filesystems ... done.
[   20.797691] Freezing user space processes ... (elapsed 0.001 seconds) done.
[   20.806177] Freezing remaining freezable tasks ... (elapsed 0.001 seconds) done.
[   20.815196] Suspending console(s) (use no_console_suspend to debug)
[   20.933635] PM: suspend of devices complete after 110.314 msecs
[   20.941273] PM: late suspend of devices complete after 7.612 msecs
[   20.965598] PM: noirq suspend of devices complete after 24.304 msecs
[   20.965605] Disabling non-boot CPUs ...
[   20.967156] CPU1: shutdown
[   21.006713] CPU2: shutdown
[   21.035651] CPU3: shutdown
[   21.058519] Entering suspend state LP1
[   21.058519] Suspended for 3.247 seconds
[   21.058530] Enabling non-boot CPUs ...
[   21.071742] CPU1 is up
[   21.091775] CPU2 is up
[   21.111919] CPU3 is up
[   21.112638] pcieport 0000:00:01.0: nv_msi_ht_cap_quirk didn't locate host bridge
[   21.112665] pcieport 0000:00:02.0: nv_msi_ht_cap_quirk didn't locate host bridge
[   21.131000] PM: noirq resume of devices complete after 19.076 msecs
[   21.132875] PM: early resume of devices complete after 1.544 msecs
[   21.135698] tegra-hdmi 54280000.hdmi: cannot set audio to 48000 Hz at 297000000 Hz pixel clock
[   21.215929] PM: resume of devices complete after 83.045 msecs
[   21.307069] Restarting tasks ... done.
root@(none):/# 
root@(none):/# [   21.451884] ata1: SATA link down (SStatus 0 SControl 300)
rtcwake -d rtc1 -m mem -s 3
rtcwake: assuming RTC uses UTC ...
rtcwake: wakeup from "mem" using /dev/rtc1 at Thu Jan  1 00:01:05 1970
[   22.432725] PM: Syncing filesystems ... done.
[   22.608671] Freezing user space processes ... (elapsed 0.001 seconds) done.
[   22.617106] Freezing remaining freezable tasks ... (elapsed 0.001 seconds) done.
[   22.625620] Suspending console(s) (use no_console_suspend to debug)
[   22.722503] PM: suspend of devices complete after 90.093 msecs
[   22.724432] PM: late suspend of devices complete after 1.919 msecs
[   22.741828] PM: noirq suspend of devices complete after 17.391 msecs
[   22.741830] Disabling non-boot CPUs ...
[   22.742067] IRQ17 no longer affine to CPU1
[   22.742269] CPU1: shutdown
[   22.772196] CPU2: shutdown
[   22.802157] CPU3: shutdown
[   22.826524] Entering suspend state LP1
[   22.826524] Suspended for 3.231 seconds
[   22.826534] Enabling non-boot CPUs ...
[   22.841709] CPU1 is up
[   22.861745] CPU2 is up
[   22.881891] CPU3 is up
[   22.882573] pcieport 0000:00:02.0: nv_msi_ht_cap_quirk didn't locate host bridge
[   22.882677] pcieport 0000:00:01.0: nv_msi_ht_cap_quirk didn't locate host bridge
[   22.900970] PM: noirq resume of devices complete after 19.073 msecs
[   22.902637] PM: early resume of devices complete after 1.350 msecs
[   22.905452] tegra-hdmi 54280000.hdmi: cannot set audio to 48000 Hz at 297000000 Hz pixel clock
[   22.985583] PM: resume of devices complete after 82.936 msecs
[   23.080718] Restarting tasks ... done.
root@(none):/# 
root@(none):/# [   23.223436] ata1: SATA link down (SStatus 0 SControl 300)
NVTB SYSTEM SUSPEND TEST COMPLETE
