

U-Boot 2015.04-00466-gedec83e90172 (Mar 14 2016 - 10:42:01)

TEGRA124
Model: Acer Chromebook 13 CB5-311
DRAM:  4 GiB
:   Tegra SD/MMC: 0, Tegra SD/MMC: 1, Tegra SD/MMC: 2
MMC init failed
Using default environment

In:    serial
Out:   serial
Err:   serial
Net:   Net Initialization Skipped
No ethernet found.
Hit any key to stop autoboot:  2  1  0 
Tegra124 (Nyan-big) # 
Tegra124 (Nyan-big) # usb start
starting USB...
USB0:   USB EHCI 1.10
scanning bus 0 for devices... 2 USB Device(s) found
USB1:   USB EHCI 1.10
scanning bus 1 for devices... 2 USB Device(s) found
       scanning usb for storage devices... 1 Storage Device(s) found
       scanning usb for ethernet devices... 
Warning: asx0 using MAC address from net device
1 Ethernet Device(s) found
Tegra124 (Nyan-big) # mw 0x7000e4a0 0x00080000
Tegra124 (Nyan-big) # setenv bootargs 'ignore_loglevel console=ttyS0,115200n8 rw root=PARTUUID=4d36e82a-b3c0-4b4b-bfcd-afe5217ac023 rootwait gpt debug noinitrd earlyprintk init=/bin/bash'
Tegra124 (Nyan-big) # setenv ipaddr 192.168.100.104; setenv serverip 192.168.100.1; setenv tftpserverip 192.168.100.1
Tegra124 (Nyan-big) # tftpboot 0x82000000 zImage.tegra_defconfig%tegra-fw
Using asx0 device
TFTP from server 192.168.100.1; our IP address is 192.168.100.104
Filename 'zImage.tegra_defconfig%tegra-fw'.
Load address: 0x82000000
Loading: *#################################################################
	 #################################################################
	 #################################################################
	 #################################################################
	 #################################################################
	 #################################################################
	 ############################################
	 3.6 MiB/s
done
Bytes transferred = 6357856 (610360 hex)
Tegra124 (Nyan-big) # tftpboot 0x83000000 tegra124-nyan-big.dtb
Using asx0 device
TFTP from server 192.168.100.1; our IP address is 192.168.100.104
Filename 'tegra124-nyan-big.dtb'.
Load address: 0x83000000
Loading: *#####
	 3.4 MiB/s
done
Bytes transferred = 67482 (1079a hex)
Tegra124 (Nyan-big) # bootz 0x82000000 - 0x83000000
Kernel image @ 0x82000000 [ 0x000000 - 0x610360 ]
## Flattened Device Tree blob at 83000000
   Booting using the fdt blob at 0x83000000
   Using Device Tree in place at 83000000, end 83013799

Starting kernel ...

[    0.000000] Booting Linux on physical CPU 0x0
[    0.000000] Linux version 4.15.0-rc4-next-20171220-222321-g7dc9f64 (jonathanh@sellafield) (gcc version 4.7.3 20130328 (prerelease) (crosstool-NG linaro-1.13.1-4.7-2013.04-20130415 - Linaro GCC 2013.04)) #1 SMP PREEMPT Tue Dec 19 21:04:01 PST 2017
[    0.000000] CPU: ARMv7 Processor [413fc0f3] revision 3 (ARMv7), cr=10c5387d
[    0.000000] CPU: div instructions available: patching division code
[    0.000000] CPU: PIPT / VIPT nonaliasing data cache, PIPT instruction cache
[    0.000000] OF: fdt: Machine model: Acer Chromebook 13 CB5-311
[    0.000000] OF: fdt: Ignoring memory range 0x100000000 - 0x17ffff000
[    0.000000] debug: ignoring loglevel setting.
[    0.000000] bootconsole [earlycon0] enabled
[    0.000000] Memory policy: Data cache writealloc
[    0.000000] cma: Reserved 64 MiB at 0xfbc00000
[    0.000000] On node 0 totalpages: 524287
[    0.000000]   Normal zone: 1536 pages used for memmap
[    0.000000]   Normal zone: 0 pages reserved
[    0.000000]   Normal zone: 196608 pages, LIFO batch:31
[    0.000000]   HighMem zone: 327679 pages, LIFO batch:31
[    0.000000] random: fast init done
[    0.000000] percpu: Embedded 17 pages/cpu @(ptrval) s39104 r8192 d22336 u69632
[    0.000000] pcpu-alloc: s39104 r8192 d22336 u69632 alloc=17*4096
[    0.000000] pcpu-alloc: [0] 0 [0] 1 [0] 2 [0] 3 
[    0.000000] Built 1 zonelists, mobility grouping on.  Total pages: 522751
[    0.000000] Kernel command line: ignore_loglevel console=ttyS0,115200n8 rw root=PARTUUID=4d36e82a-b3c0-4b4b-bfcd-afe5217ac023 rootwait gpt debug noinitrd earlyprintk init=/bin/bash
[    0.000000] Dentry cache hash table entries: 131072 (order: 7, 524288 bytes)
[    0.000000] Inode-cache hash table entries: 65536 (order: 6, 262144 bytes)
[    0.000000] Memory: 1998488K/2097148K available (9216K kernel code, 778K rwdata, 2836K rodata, 1024K init, 298K bss, 33124K reserved, 65536K cma-reserved, 1245180K highmem)
[    0.000000] Virtual kernel memory layout:
[    0.000000]     vector  : 0xffff0000 - 0xffff1000   (   4 kB)
[    0.000000]     fixmap  : 0xffc00000 - 0xfff00000   (3072 kB)
[    0.000000]     vmalloc : 0xf0800000 - 0xff800000   ( 240 MB)
[    0.000000]     lowmem  : 0xc0000000 - 0xf0000000   ( 768 MB)
[    0.000000]     pkmap   : 0xbfe00000 - 0xc0000000   (   2 MB)
[    0.000000]     modules : 0xbf000000 - 0xbfe00000   (  14 MB)
[    0.000000]       .text : 0x(ptrval) - 0x(ptrval)   (10208 kB)
[    0.000000]       .init : 0x(ptrval) - 0x(ptrval)   (1024 kB)
[    0.000000]       .data : 0x(ptrval) - 0x(ptrval)   ( 779 kB)
[    0.000000]        .bss : 0x(ptrval) - 0x(ptrval)   ( 299 kB)
[    0.000000] Preemptible hierarchical RCU implementation.
[    0.000000] 	Tasks RCU enabled.
[    0.000000] NR_IRQS: 16, nr_irqs: 16, preallocated irqs: 16
[    0.000000] /interrupt-controller@60004000: 160 interrupts forwarded to /interrupt-controller@50041000
[    0.000000] Tegra clk 127: register failed with -17
[    0.000004] sched_clock: 32 bits at 1000kHz, resolution 1000ns, wraps every 2147483647500ns
[    0.008019] clocksource: timer_us: mask: 0xffffffff max_cycles: 0xffffffff, max_idle_ns: 1911260446275 ns
[    0.017551] Switching to timer-based delay loop, resolution 1000ns
[    0.024072] arch_timer: cp15 timer(s) running at 12.00MHz (virt).
[    0.029772] clocksource: arch_sys_counter: mask: 0xffffffffffffff max_cycles: 0x2c47f4ee7, max_idle_ns: 440795202497 ns
[    0.040519] sched_clock: 56 bits at 12MHz, resolution 83ns, wraps every 4398046511096ns
[    0.048490] Switching to timer-based delay loop, resolution 83ns
[    0.054673] Console: colour dummy device 80x30
[    0.058898] Calibrating delay loop (skipped), value calculated using timer frequency.. 24.00 BogoMIPS (lpj=120000)
[    0.069208] pid_max: default: 32768 minimum: 301
[    0.073978] Mount-cache hash table entries: 2048 (order: 1, 8192 bytes)
[    0.080390] Mountpoint-cache hash table entries: 2048 (order: 1, 8192 bytes)
[    0.087730] CPU: Testing write buffer coherency: ok
[    0.092401] /cpus/cpu@0 missing clock-frequency property
[    0.097553] /cpus/cpu@1 missing clock-frequency property
[    0.102849] /cpus/cpu@2 missing clock-frequency property
[    0.108127] /cpus/cpu@3 missing clock-frequency property
[    0.113409] CPU0: thread -1, cpu 0, socket 0, mpidr 80000000
[    0.153452] Setting up static identity map for 0x80100000 - 0x801000a0
[    0.158108] Hierarchical SRCU implementation.
[    0.173667] Tegra Revision: A01 SKU: 131 CPU Process: 1 SoC Process: 1
[    0.193457] smp: Bringing up secondary CPUs ...
[    0.243758] CPU1: thread -1, cpu 1, socket 0, mpidr 80000001
[    0.323789] CPU2: thread -1, cpu 2, socket 0, mpidr 80000002
[    0.403827] CPU3: thread -1, cpu 3, socket 0, mpidr 80000003
[    0.413605] smp: Brought up 1 node, 4 CPUs
[    0.432683] SMP: Total of 4 processors activated (96.00 BogoMIPS).
[    0.438841] CPU: All CPU(s) started in SVC mode.
[    0.444128] devtmpfs: initialized
[    0.453473] Built 1 zonelists, mobility grouping on.  Total pages: 516006
[    0.458517] VFP support v0.3: implementor 41 architecture 4 part 30 variant f rev 0
[    0.466131] clocksource: jiffies: mask: 0xffffffff max_cycles: 0xffffffff, max_idle_ns: 19112604462750000 ns
[    0.475762] futex hash table entries: 1024 (order: 4, 65536 bytes)
[    0.482051] pinctrl core: initialized pinctrl subsystem
[    0.487579] NET: Registered protocol family 16
[    0.491978] DMA: preallocated 256 KiB pool for atomic coherent allocations
[    0.498887] cpuidle: using governor menu
[    0.509979] No ATAGs?
[    0.510040] hw-breakpoint: found 5 (+1 reserved) breakpoint and 4 watchpoint registers.
[    0.518382] hw-breakpoint: maximum watchpoint size is 8 bytes.
[    0.525057] tegra-mc 70019000.memory-controller: no memory timings for RAM code 0 registered
[    0.532744] iommu: Adding device 50000000.host1x to group 0
[    0.538156] iommu: Adding device 54200000.dc to group 1
[    0.543355] iommu: Adding device 54240000.dc to group 1
[    0.548557] iommu: Adding device 57000000.gpu to group 2
[    0.559569] +5V_SYS: supplied by +VDD_MUX
[    0.561795] +3.3V_SYS: supplied by +VDD_MUX
[    0.566116] +VDD_LED: Failed to request enable GPIO122: -517
[    0.571456] reg-fixed-voltage regulators:regulator@5: Failed to register regulator: -517
[    0.579558] +5V_VDD_TS_SW: Failed to request enable GPIO81: -517
[    0.585495] reg-fixed-voltage regulators:regulator@6: Failed to register regulator: -517
[    0.593608] +5V_USB_HS: Failed to request enable GPIO108: -517
[    0.599362] reg-fixed-voltage regulators:regulator@7: Failed to register regulator: -517
[    0.607489] +5V_USB_SS: Failed to request enable GPIO109: -517
[    0.613229] reg-fixed-voltage regulators:regulator@8: Failed to register regulator: -517
[    0.621399] +1.05V_RUN_AVDD_HDMI_PLL: Failed to request enable GPIO63: -517
[    0.628222] reg-fixed-voltage regulators:regulator@11: Failed to register regulator: -517
[    0.636420] +5V_HDMI_CON: Failed to request enable GPIO86: -517
[    0.642262] reg-fixed-voltage regulators:regulator@12: Failed to register regulator: -517
[    0.650851] vgaarb: loaded
[    0.653364] SCSI subsystem initialized
[    0.656915] libata version 3.00 loaded.
[    0.660769] usbcore: registered new interface driver usbfs
[    0.666117] usbcore: registered new interface driver hub
[    0.671427] usbcore: registered new device driver usb
[    0.677643] Linux video capture interface: v2.00
[    0.681026] pps_core: LinuxPPS API ver. 1 registered
[    0.685950] pps_core: Software ver. 5.3.6 - Copyright 2005-2007 Rodolfo Giometti <giometti@linux.it>
[    0.695053] PTP clock support registered
[    0.699091] tegra-emc 7001b000.emc: no memory timings for RAM code 0 found in DT
[    0.706314] tegra-emc: probe of 7001b000.emc failed with error -2
[    0.712482] Advanced Linux Sound Architecture Driver Initialized.
[    0.718688] Bluetooth: Core ver 2.22
[    0.722012] NET: Registered protocol family 31
[    0.726421] Bluetooth: HCI device and connection manager initialized
[    0.732744] Bluetooth: HCI socket layer initialized
[    0.737603] Bluetooth: L2CAP socket layer initialized
[    0.742638] Bluetooth: SCO socket layer initialized
[    0.747735] clocksource: Switched to clocksource arch_sys_counter
[    0.784848] NET: Registered protocol family 2
[    0.787656] tcp_listen_portaddr_hash hash table entries: 512 (order: 0, 6144 bytes)
[    0.794960] TCP established hash table entries: 8192 (order: 3, 32768 bytes)
[    0.801974] TCP bind hash table entries: 8192 (order: 4, 65536 bytes)
[    0.808414] TCP: Hash tables configured (established 8192 bind 8192)
[    0.814853] UDP hash table entries: 512 (order: 2, 16384 bytes)
[    0.820592] UDP-Lite hash table entries: 512 (order: 2, 16384 bytes)
[    0.827017] NET: Registered protocol family 1
[    0.831530] RPC: Registered named UNIX socket transport module.
[    0.837122] RPC: Registered udp transport module.
[    0.841811] RPC: Registered tcp transport module.
[    0.846480] RPC: Registered tcp NFSv4.1 backchannel transport module.
[    0.853142] PCI: CLS 0 bytes, default 64
[    0.857491] hw perfevents: enabled with armv7_cortex_a15 PMU driver, 7 counters available
[    0.865606] Initialise system trusted keyrings
[    0.869447] workingset: timestamp_bits=30 max_order=19 bucket_order=0
[    0.876254] squashfs: version 4.0 (2009/01/31) Phillip Lougher
[    0.881870] NFS: Registering the id_resolver key type
[    0.886615] Key type id_resolver registered
[    0.890789] Key type id_legacy registered
[    0.896546] Key type asymmetric registered
[    0.898838] Asymmetric key parser 'x509' registered
[    0.903734] bounce: pool size: 64 pages
[    0.907515] io scheduler noop registered (default)
[    0.912268] io scheduler mq-deadline registered
[    0.916768] io scheduler kyber registered
[    0.921406] tegra-xusb-padctl 7009f000.padctl: failed to setup XUSB ports: -517
[    0.933846] tegra-apbdma 60020000.dma: Tegra20 APB DMA driver register 32 channels
[    0.939940] tegra-pmc 7000e400.pmc: i2c-thermtrip node not found, emergency thermal reset disabled.
[    0.948738] Serial: 8250/16550 driver, 4 ports, IRQ sharing disabled
[    0.955498] console [ttyS0] disabled
[    0.958414] 70006000.serial: ttyS0 at MMIO 0x70006000 (irq = 333, base_baud = 25500000) is a Tegra
[    0.967329] console [ttyS0] enabled
[    0.967329] console [ttyS0] enabled
[    0.973562] bootconsole [earlycon0] disabled
[    0.973562] bootconsole [earlycon0] disabled
[    0.999677] tegra-hdmi 54280000.hdmi: failed to get HDMI regulator
[    1.006146] tegra-dpaux 545c0000.dpaux: failed to get VDD supply: -517
[    1.013653] panel-simple panel: panel supply power not found, using dummy regulator
[    1.024948] loop: module loaded
[    1.028669] as3722 4-0040: AS3722 with revision 0x1 found
[    1.038711] as3722-sd2: supplied by +5V_SYS
[    1.043137] as3722-sd3: supplied by +5V_SYS
[    1.047473] +1.35V_LP0(sd3): Bringing 0uV into 1350000-1350000uV
[    1.053658] as3722-sd4: supplied by +5V_SYS
[    1.058007] +1.05V_RUN: Bringing 0uV into 1050000-1050000uV
[    1.063751] as3722-sd5: supplied by +5V_SYS
[    1.069367] as3722-ldo0: supplied by +1.35V_LP0(sd2)
[    1.075110] +1.8V_RUN_CAM: Bringing 0uV into 1800000-1800000uV
[    1.081139] as3722-ldo2: supplied by +1.8V_VDDIO
[    1.086765] as3722-ldo3: supplied by +3.3V_SYS
[    1.091224] +1.00V_LP0_VDD_RTC: Bringing 1100000uV into 1000000-1000000uV
[    1.098803] as3722-ldo4: supplied by +3.3V_SYS
[    1.103402] +3.3V_RUN_CAM: Bringing 0uV into 2800000-2800000uV
[    1.109433] as3722-ldo5: supplied by +1.8V_VDDIO
[    1.114208] +1.2V_RUN_CAM_FRONT: Bringing 0uV into 1200000-1200000uV
[    1.120904] +VDDIO_SDMMC3: Bringing 0uV into 1800000-1800000uV
[    1.126934] as3722-ldo7: supplied by +1.8V_VDDIO
[    1.131716] +1.05V_RUN_CAM_REAR: Bringing 0uV into 1050000-1050000uV
[    1.138275] as3722-ldo9: supplied by +5V_SYS
[    1.142844] +2.8V_RUN_TOUCH: Bringing 0uV into 2800000-2800000uV
[    1.149054] as3722-ldo10: supplied by +5V_SYS
[    1.153565] +2.8V_RUN_CAM_AF: Bringing 0uV into 2800000-2800000uV
[    1.160016] +1.8V_RUN_VPP_FUSE: Bringing 0uV into 1800000-1800000uV
[    1.182444] cros-ec-spi spi0.0: Chrome EC device registered
[    1.197306] m25p80 spi1.0: w25q32dw (4096 Kbytes)
[    1.212887] libphy: Fixed MDIO Bus: probed
[    1.216971] CAN device driver interface
[    1.220822] igb: Intel(R) Gigabit Ethernet Network Driver - version 5.4.0-k
[    1.227771] igb: Copyright (c) 2007-2014 Intel Corporation.
[    1.233378] pegasus: v0.9.3 (2013/04/25), Pegasus/Pegasus II USB Ethernet driver
[    1.240814] usbcore: registered new interface driver pegasus
[    1.246484] usbcore: registered new interface driver asix
[    1.251892] usbcore: registered new interface driver ax88179_178a
[    1.257994] usbcore: registered new interface driver cdc_ether
[    1.263834] usbcore: registered new interface driver smsc75xx
[    1.269594] usbcore: registered new interface driver smsc95xx
[    1.275341] usbcore: registered new interface driver net1080
[    1.281009] usbcore: registered new interface driver cdc_subset
[    1.286929] usbcore: registered new interface driver zaurus
[    1.292519] usbcore: registered new interface driver cdc_ncm
[    1.298265] ehci_hcd: USB 2.0 'Enhanced' Host Controller (EHCI) Driver
[    1.304775] ehci-pci: EHCI PCI platform driver
[    1.309232] tegra-ehci: Tegra EHCI driver
[    1.313491] usbcore: registered new interface driver cdc_acm
[    1.319143] cdc_acm: USB Abstract Control Model driver for USB modems and ISDN adapters
[    1.327146] usbcore: registered new interface driver cdc_wdm
[    1.332821] usbcore: registered new interface driver usb-storage
[    1.339484] input: cros_ec as /devices/soc0/7000d400.spi/spi_master/spi0/spi0.0/7000d400.spi:cros-ec@0:keyboard-controller/input/input0
[    1.359283] as3722-rtc as3722-rtc: rtc core: registered as3722-rtc as rtc0
[    1.366141] as3722-rtc as3722-rtc: RTC interrupt 372
[    1.372899] tegra_rtc 7000e000.rtc: rtc core: registered 7000e000.rtc as rtc1
[    1.380047] tegra_rtc 7000e000.rtc: Tegra internal Real Time Clock
[    1.386325] i2c /dev entries driver
[    1.390226] usbcore: registered new interface driver uvcvideo
[    1.395957] USB Video Class driver (1.1.1)
[    1.400048] gspca_main: v2.14.0 registered
[    1.404366] lm90 0-004c: 0-004c supply vcc not found, using dummy regulator
[    1.413026] tegra-wdt 60005000.timer: initialized (heartbeat = 120 sec, nowayout = 0)
[    1.421368] sdhci: Secure Digital Host Controller Interface driver
[    1.427532] sdhci: Copyright(c) Pierre Ossman
[    1.431886] sdhci-pltfm: SDHCI platform and OF driver helper
[    1.437654] sdhci-tegra 700b0000.sdhci: allocated mmc-pwrseq
[    1.451450] sdhci-tegra 700b0400.sdhci: Got CD GPIO
[    1.456321] sdhci-tegra 700b0400.sdhci: Got WP GPIO
[    1.475865] mmc0: Unknown controller version (3). You may experience problems.
[    1.483106] mmc0: Invalid maximum block size, assuming 512 bytes
[    1.519886] mmc0: SDHCI controller on 700b0600.sdhci [700b0600.sdhci] using ADMA
[    1.527595] usbcore: registered new interface driver usbhid
[    1.533277] usbhid: USB HID core driver
[    1.539377] tegra30-i2s 70301100.i2s: DMA channels sourced from device 70300000.ahub
[    1.587639] mmc0: new high speed MMC card at address 0001
[    1.593560] max98090 0-0010: MAX98090 REVID=0x43
[    1.594979] mmcblk0: mmc0:0001 MMC16G 14.4 GiB 
[    1.596835] mmcblk0boot0: mmc0:0001 MMC16G partition 1 2.00 MiB
[    1.598753] mmcblk0boot1: mmc0:0001 MMC16G partition 2 2.00 MiB
[    1.602765] mmcblk0rpmb: mmc0:0001 MMC16G partition 3 128 KiB, chardev (247:0)
[    1.611759]  mmcblk0: p1 p2 p3 p4 p5 p6 p7 p8 p9 p10 p11 p12
[    1.629440] max98090 0-0010: use default 2.8v micbias
[    1.636879] tegra-snd-max98090 sound: HiFi <-> 70301100.i2s mapping ok
[    1.644385] input: GoogleNyanBig Headphones as /devices/soc0/sound/sound/card1/input1
[    1.652323] input: GoogleNyanBig Mic Jack as /devices/soc0/sound/sound/card1/input2
[    1.660628] NET: Registered protocol family 10
[    1.665579] Segment Routing with IPv6
[    1.669306] mip6: Mobile IPv6
[    1.672265] sit: IPv6, IPv4 and MPLS over IPv4 tunneling driver
[    1.678714] NET: Registered protocol family 17
[    1.683152] NET: Registered protocol family 15
[    1.687584] can: controller area network core (rev 20170425 abi 9)
[    1.693829] NET: Registered protocol family 29
[    1.698268] can: raw protocol (rev 20170425)
[    1.702525] can: broadcast manager protocol (rev 20170425 t)
[    1.708181] can: netlink gateway (rev 20170425) max_hops=1
[    1.713721] Bluetooth: RFCOMM socket layer initialized
[    1.718866] Bluetooth: RFCOMM ver 1.11
[    1.722607] Bluetooth: BNEP (Ethernet Emulation) ver 1.3
[    1.727913] Bluetooth: BNEP socket layer initialized
[    1.732863] Bluetooth: HIDP (Human Interface Emulation) ver 1.2
[    1.738773] Bluetooth: HIDP socket layer initialized
[    1.743813] Key type dns_resolver registered
[    1.748267] Registering SWP/SWPB emulation handler
[    1.753307] Loading compiled-in X.509 certificates
[    1.764405] +3.3V_RUN: supplied by +3.3V_SYS
[    1.769403] +VDD_LED: supplied by +VDD_MUX
[    1.773598] +3.3V_AVDD_HDMI_AP_GATED: supplied by +3.3V_RUN
[    1.779267] +1.8V_RUN_CAM: supplied by +3.3V_RUN
[    1.783961] +VDDIO_SDMMC3: supplied by +3.3V_RUN
[    1.788720] +1.8V_RUN_VPP_FUSE: supplied by +3.3V_RUN
[    1.793954] +5V_VDD_TS_SW: supplied by +5V_SYS
[    1.798590] +5V_USB_HS: supplied by +5V_SYS
[    1.802900] +5V_USB_SS: supplied by +5V_SYS
[    1.807887] +3.3V_PANEL: supplied by +3.3V_RUN
[    1.813252] +3.3V_LP0: supplied by +3.3V_SYS
[    1.818234] +1.05V_RUN_AVDD_HDMI_PLL: supplied by +1.05V_RUN
[    1.824072] +5V_HDMI_CON: supplied by +5V_SYS
[    1.829048]  usb3-0: usb3-0 supply vbus not found, using dummy regulator
[    1.835782]  usb3-1: usb3-1 supply vbus not found, using dummy regulator
[    1.848870] tegra-sor 54540000.sor: failed to probe output: -517
[    1.855083] panel-simple panel: panel supply power not found, using dummy regulator
[    1.928454] tegra-xusb 70090000.usb: Firmware timestamp: 2014-09-16 02:10:07 UTC
[    1.935852] tegra-xusb 70090000.usb: xHCI Host Controller
[    1.941262] tegra-xusb 70090000.usb: new USB bus registered, assigned bus number 1
[    1.950817] tegra-xusb 70090000.usb: hcc params 0x0184f525 hci version 0x100 quirks 0x00010010
[    1.959451] tegra-xusb 70090000.usb: irq 344, io mem 0x70090000
[    1.965829] hub 1-0:1.0: USB hub found
[    1.969613] hub 1-0:1.0: 6 ports detected
[    1.974019] tegra-xusb 70090000.usb: xHCI Host Controller
[    1.979452] tegra-xusb 70090000.usb: new USB bus registered, assigned bus number 2
[    1.987129] usb usb2: We don't know the algorithms for LPM for this host, disabling LPM.
[    1.995604] hub 2-0:1.0: USB hub found
[    1.999418] hub 2-0:1.0: 2 ports detected
[    2.004445] sdhci-tegra 700b0000.sdhci: allocated mmc-pwrseq
[    2.017990] mmc1: Unknown controller version (3). You may experience problems.
[    2.025245] mmc1: Invalid maximum block size, assuming 512 bytes
[    2.031718] mmc1: Switching to 3.3V signalling voltage failed
[    2.060494] mmc1: SDHCI controller on 700b0000.sdhci [700b0000.sdhci] using ADMA
[    2.068129] sdhci-tegra 700b0400.sdhci: Got CD GPIO
[    2.073000] sdhci-tegra 700b0400.sdhci: Got WP GPIO
[    2.083274] mmc2: Unknown controller version (3). You may experience problems.
[    2.090613] mmc2: Invalid maximum block size, assuming 512 bytes
[    2.126211] mmc1: new high speed SDIO card at address 0001
[    2.131998] mmc2: SDHCI controller on 700b0400.sdhci [700b0400.sdhci] using ADMA
[    2.139554] tegra-sor 54540000.sor: failed to probe output: -517
[    2.145712] panel-simple panel: panel supply power not found, using dummy regulator
[    2.153791] input: gpio-keys as /devices/soc0/gpio-keys/input/input3
[    2.160575] tegra-sor 54540000.sor: failed to probe output: -517
[    2.166735] panel-simple panel: panel supply power not found, using dummy regulator
[    2.174397] as3722-rtc as3722-rtc: setting system clock to 2000-01-01 00:00:23 UTC (946684823)
[    2.174588] cfg80211: Loading compiled-in X.509 certificates for regulatory database
[    2.192538] cfg80211: Loaded X.509 cert 'sforshee: 00b28ddf47aef9cea7'
[    2.199377] platform regulatory.0: Direct firmware load for regulatory.db failed with error -2
[    2.208044] cfg80211: failed to load regulatory.db
[    2.208401] +3.3V_AVDD_HDMI_AP_GATED: disabling
[    2.208414] +1.8V_RUN_CAM: disabling
[    2.212945] +1.2V_RUN_CAM_FRONT: disabling
[    2.217555] +1.05V_RUN_CAM_REAR: disabling
[    2.221228] +2.8V_RUN_TOUCH: disabling
[    2.225409] +2.8V_RUN_CAM_AF: disabling
[    2.229632] +1.8V_RUN_VPP_FUSE: disabling
[    2.233460] +VDD_LED: disabling
[    2.233463] +5V_VDD_TS_SW: disabling
[    2.233469] +3.3V_PANEL: disabling
[    2.233473] +1.05V_RUN_AVDD_HDMI_PLL: disabling
[    2.233476] +5V_HDMI_CON: disabling
[    2.233479] ALSA device list:
[    2.233482]   #1: GoogleNyanBig
[    2.328276] input: tegra-hda HDMI/DP,pcm=3 as /devices/soc0/70030000.hda/sound/card0/input4
[    2.336722] EXT4-fs (mmcblk0p3): couldn't mount as ext3 due to feature incompatibilities
[    2.336927] tegra-sor 54540000.sor: failed to probe output: -517
[    2.337177] panel-simple panel: panel supply power not found, using dummy regulator
[    2.344908] usb 1-2: new high-speed USB device number 2 using tegra-xusb
[    2.376039] mmc2: new high speed SDHC card at address 0007
[    2.383412] mmcblk2: mmc2:0007 SD08G 7.42 GiB 
[    2.396452] GPT:Primary header alternate_lba != Alt. header my_lba
[    2.402643] GPT:3014591 != 15564799
[    2.406119] GPT:Primary header thinks Alt. header is not at the end of the disk.
[    2.413548] GPT:3014591 != 15564799
[    2.417025] GPT: Use GNU Parted to correct GPT errors.
[    2.422202]  mmcblk2: p1 p2 p3 p4 p5 p6 p7 p8 p9 p10 p11 p12
[    2.429194] tegra-sor 54540000.sor: failed to probe output: -517
[    2.435356] panel-simple panel: panel supply power not found, using dummy regulator
[    2.566627] EXT4-fs (mmcblk0p3): recovery complete
[    2.572160] EXT4-fs (mmcblk0p3): mounted filesystem with ordered data mode. Opts: (null)
[    2.580302] VFS: Mounted root (ext4 filesystem) on device 179:3.
[    2.586919] devtmpfs: mounted
[    2.590351] Freeing unused kernel memory: 1024K
[    2.606450] alloc_contig_range: [fbc77, fbc78) PFNs busy
[    2.611838] alloc_contig_range: [fbc78, fbc79) PFNs busy
[    2.617160] alloc_contig_range: [fbc79, fbc7a) PFNs busy
[    2.622751] alloc_contig_range: [fbc7a, fbc7b) PFNs busy
[    2.628513] alloc_contig_range: [fbc7b, fbc7c) PFNs busy
[    2.633835] alloc_contig_range: [fbc7c, fbc7d) PFNs busy
[    2.639918] alloc_contig_range: [fbc7d, fbc7e) PFNs busy
[    2.645418] alloc_contig_range: [fbc7e, fbc7f) PFNs busy
[    2.651081] alloc_contig_range: [fbc7f, fbc80) PFNs busy
[    2.656660] alloc_contig_range: [fbca1, fbca2) PFNs busy
bash: cannot set terminal process group (-1): Inappropriate ioctl for device
bash: no job control in this shell
root@(none):/# [    2.736546] uvcvideo: Found UVC 1.00 device HD WebCam (1bcf:2c67)
[    2.751303] input: HD WebCam: HD WebCam as /devices/soc0/70090000.usb/usb1/1-2/1-2:1.0/input/input5
[    2.760815] tegra-sor 54540000.sor: failed to probe output: -517
[    2.766973] panel-simple panel: panel supply power not found, using dummy regulator
[    3.107824] usb 1-3: new high-speed USB device number 3 using tegra-xusb
mount -t sysfs none /sys
root@(none):/# 
root@(none):/# [    3.777899] asix 1-3:1.0 eth0: register 'asix' at usb-70090000.usb-3, ASIX AX88772 USB 2.0 Ethernet, c8:d7:19:90:fa:65
[    3.788867] tegra-sor 54540000.sor: failed to probe output: -517
[    3.795028] panel-simple panel: panel supply power not found, using dummy regulator
[    4.137828] usb 1-1: new high-speed USB device number 4 using tegra-xusb
[    4.326121] usb-storage 1-1:1.0: USB Mass Storage device detected
[    4.333037] scsi host0: usb-storage 1-1:1.0
[    4.337648] tegra-sor 54540000.sor: failed to probe output: -517
[    4.343841] panel-simple panel: panel supply power not found, using dummy regulator
mount -t debugfs none /sys/kernel/debug
root@(none):/# 
root@(none):/# [    5.399402] scsi 0:0:0:0: Direct-Access     SanDisk  SDDR-113         9412 PQ: 0 ANSI: 0
[    5.408134] tegra-sor 54540000.sor: failed to probe output: -517
[    5.414354] panel-simple panel: panel supply power not found, using dummy regulator
rtcwake -d rtc1 -m mem -s 3
rtcwake: assuming RTC uses UTC ...
rtcwake: wakeup from "mem" using /dev/rtc1 at Thu Jan  1 00:00:28 1970
[    5.578655] PM: suspend entry (deep)
[    5.582222] PM: Syncing filesystems ... done.
[    5.587802] Freezing user space processes ... (elapsed 0.001 seconds) done.
[    5.595822] OOM killer disabled.
[    5.599047] Freezing remaining freezable tasks ... 
[    5.604864] sd 0:0:0:0: [sda] 15523840 512-byte logical blocks: (7.95 GB/7.40 GiB)
[    5.606250] (elapsed 0.007 seconds) done.
[    5.606255] Suspending console(s) (use no_console_suspend to debug)
[    5.628747] sd 0:0:0:0: [sda] Write Protect is off
[    5.628754] sd 0:0:0:0: [sda] Mode Sense: 03 00 00 00
[    5.629858] sd 0:0:0:0: [sda] No Caching mode page found
[    5.629863] sd 0:0:0:0: [sda] Assuming drive cache: write through
[    5.651397]  sda: sda1 sda2 sda3 sda4 sda5 sda6 sda7 sda8 sda9 sda10 sda11 sda12 sda13
[    5.655747] sd 0:0:0:0: [sda] Attached SCSI removable disk
[    5.841189] Disabling non-boot CPUs ...
[    5.877937] IRQ17 no longer affine to CPU1
[    5.988479] Entering suspend state LP1
[    5.988504] Enabling non-boot CPUs ...
[    5.989273] CPU1 is up
[    5.989921] CPU2 is up
[    5.990611] CPU3 is up
[    6.031573] cros-ec-spi spi0.0: spi transfer failed: -121
[    6.043814] mmc1: Switching to 3.3V signalling voltage failed
[    6.571096] tegra-sor 54540000.sor: failed to probe output: -517
[    6.571266] panel-simple panel: panel supply power not found, using dummy regulator
[    6.653273] OOM killer enabled.
[    6.656402] Restarting tasks ... done.
[    6.661024] PM: suspend exit
root@(none):/# 
root@(none):/# rtcwake -d rtc1 -m mem -s 3
rtcwake: assuming RTC uses UTC ...
rtcwake: wakeup from "mem" using /dev/rtc1 at Thu Jan  1 00:00:33 1970
[    7.417568] PM: suspend entry (deep)
[    7.421157] PM: Syncing filesystems ... done.
[    7.426850] Freezing user space processes ... (elapsed 0.001 seconds) done.
[    7.435018] OOM killer disabled.
[    7.438255] Freezing remaining freezable tasks ... (elapsed 0.001 seconds) done.
[    7.446829] Suspending console(s) (use no_console_suspend to debug)
[    7.630983] Disabling non-boot CPUs ...
[    7.677907] IRQ17 no longer affine to CPU1
[    7.798454] Entering suspend state LP1
[    7.798479] Enabling non-boot CPUs ...
[    7.799292] CPU1 is up
[    7.799952] CPU2 is up
[    7.800660] CPU3 is up
[    7.841812] cros-ec-spi spi0.0: spi transfer failed: -121
[    7.854032] mmc1: Switching to 3.3V signalling voltage failed
[    8.068209] usb 1-1: reset high-speed USB device number 4 using tegra-xusb
[    8.383243] tegra-sor 54540000.sor: failed to probe output: -517
[    8.383409] panel-simple panel: panel supply power not found, using dummy regulator
[    8.437862] OOM killer enabled.
[    8.440994] Restarting tasks ... done.
[    8.445217] PM: suspend exit
root@(none):/# 
root@(none):/# rtcwake -d rtc1 -m mem -s 3
rtcwake: assuming RTC uses UTC ...
rtcwake: wakeup from "mem" using /dev/rtc1 at Thu Jan  1 00:00:38 1970
[    9.235701] PM: suspend entry (deep)
[    9.239365] PM: Syncing filesystems ... done.
[    9.244902] Freezing user space processes ... (elapsed 0.001 seconds) done.
[    9.253070] OOM killer disabled.
[    9.256286] Freezing remaining freezable tasks ... (elapsed 0.001 seconds) done.
[    9.264886] Suspending console(s) (use no_console_suspend to debug)
[    9.451103] Disabling non-boot CPUs ...
[    9.617845] IRQ17 no longer affine to CPU3
[    9.618356] Entering suspend state LP1
[    9.618381] Enabling non-boot CPUs ...
[    9.619190] CPU1 is up
[    9.619851] CPU2 is up
[    9.620562] CPU3 is up
[    9.661900] cros-ec-spi spi0.0: spi transfer failed: -121
[    9.674265] mmc1: Switching to 3.3V signalling voltage failed
[    9.888146] usb 1-1: reset high-speed USB device number 4 using tegra-xusb
[   10.202019] tegra-sor 54540000.sor: failed to probe output: -517
[   10.202185] panel-simple panel: panel supply power not found, using dummy regulator
[   10.256494] OOM killer enabled.
[   10.259628] Restarting tasks ... done.
[   10.263849] PM: suspend exit
root@(none):/# 
root@(none):/# rtcwake -d rtc1 -m mem -s 3
rtcwake: assuming RTC uses UTC ...
rtcwake: wakeup from "mem" using /dev/rtc1 at Thu Jan  1 00:00:43 1970
[   11.057187] PM: suspend entry (deep)
[   11.060776] PM: Syncing filesystems ... done.
[   11.066304] Freezing user space processes ... (elapsed 0.001 seconds) done.
[   11.074385] OOM killer disabled.
[   11.077600] Freezing remaining freezable tasks ... (elapsed 0.001 seconds) done.
[   11.086175] Suspending console(s) (use no_console_suspend to debug)
[   11.270966] Disabling non-boot CPUs ...
[   11.437820] IRQ17 no longer affine to CPU3
[   11.438341] Entering suspend state LP1
[   11.438366] Enabling non-boot CPUs ...
[   11.439179] CPU1 is up
[   11.439825] CPU2 is up
[   11.440533] CPU3 is up
[   11.481680] cros-ec-spi spi0.0: spi transfer failed: -121
[   11.493723] mmc1: Switching to 3.3V signalling voltage failed
[   11.708155] usb 1-1: reset high-speed USB device number 4 using tegra-xusb
[   12.021025] tegra-sor 54540000.sor: failed to probe output: -517
[   12.021194] panel-simple panel: panel supply power not found, using dummy regulator
[   12.075506] OOM killer enabled.
[   12.078642] Restarting tasks ... done.
[   12.082918] PM: suspend exit
root@(none):/# 
root@(none):/# rtcwake -d rtc1 -m mem -s 3
rtcwake: assuming RTC uses UTC ...
rtcwake: wakeup from "mem" using /dev/rtc1 at Thu Jan  1 00:00:48 1970
[   12.877426] PM: suspend entry (deep)
[   12.881016] PM: Syncing filesystems ... done.
[   12.886717] Freezing user space processes ... (elapsed 0.001 seconds) done.
[   12.894802] OOM killer disabled.
[   12.898033] Freezing remaining freezable tasks ... (elapsed 0.001 seconds) done.
[   12.906604] Suspending console(s) (use no_console_suspend to debug)
[   13.091074] Disabling non-boot CPUs ...
[   13.278408] Entering suspend state LP1
[   13.278433] Enabling non-boot CPUs ...
[   13.279246] CPU1 is up
[   13.279910] CPU2 is up
[   13.280624] CPU3 is up
[   13.322013] cros-ec-spi spi0.0: spi transfer failed: -121
[   13.334178] mmc1: Switching to 3.3V signalling voltage failed
[   13.548131] usb 1-1: reset high-speed USB device number 4 using tegra-xusb
[   13.862636] tegra-sor 54540000.sor: failed to probe output: -517
[   13.862805] panel-simple panel: panel supply power not found, using dummy regulator
[   13.913134] OOM killer enabled.
[   13.916274] Restarting tasks ... done.
[   13.920735] PM: suspend exit
root@(none):/# 
root@(none):/# rtcwake -d rtc1 -m mem -s 3
rtcwake: assuming RTC uses UTC ...
rtcwake: wakeup from "mem" using /dev/rtc1 at Thu Jan  1 00:00:53 1970
[   14.716378] PM: suspend entry (deep)
[   14.719965] PM: Syncing filesystems ... done.
[   14.725494] Freezing user space processes ... (elapsed 0.001 seconds) done.
[   14.733665] OOM killer disabled.
[   14.736881] Freezing remaining freezable tasks ... (elapsed 0.001 seconds) done.
[   14.745475] Suspending console(s) (use no_console_suspend to debug)
[   14.931579] Disabling non-boot CPUs ...
[   15.098274] Entering suspend state LP1
[   15.098298] Enabling non-boot CPUs ...
[   15.099109] CPU1 is up
[   15.099780] CPU2 is up
[   15.100489] CPU3 is up
[   15.141957] cros-ec-spi spi0.0: spi transfer failed: -121
[   15.153973] mmc1: Switching to 3.3V signalling voltage failed
[   15.683277] tegra-sor 54540000.sor: failed to probe output: -517
[   15.683446] panel-simple panel: panel supply power not found, using dummy regulator
[   15.726885] OOM killer enabled.
[   15.730045] Restarting tasks ... done.
[   15.734601] PM: suspend exit
root@(none):/# 
root@(none):/# rtcwake -d rtc1 -m mem -s 3
rtcwake: assuming RTC uses UTC ...
rtcwake: wakeup from "mem" using /dev/rtc1 at Thu Jan  1 00:00:58 1970
[   16.536937] PM: suspend entry (deep)
[   16.540525] PM: Syncing filesystems ... done.
[   16.546150] Freezing user space processes ... (elapsed 0.001 seconds) done.
[   16.554328] OOM killer disabled.
[   16.557544] Freezing remaining freezable tasks ... (elapsed 0.001 seconds) done.
[   16.566127] Suspending console(s) (use no_console_suspend to debug)
[   16.751108] Disabling non-boot CPUs ...
[   16.807792] IRQ17 no longer affine to CPU1
[   16.928339] Entering suspend state LP1
[   16.928364] Enabling non-boot CPUs ...
[   16.929177] CPU1 is up
[   16.929841] CPU2 is up
[   16.930556] CPU3 is up
[   16.971969] cros-ec-spi spi0.0: spi transfer failed: -121
[   16.983977] mmc1: Switching to 3.3V signalling voltage failed
[   17.198090] usb 1-1: reset high-speed USB device number 4 using tegra-xusb
[   17.513646] tegra-sor 54540000.sor: failed to probe output: -517
[   17.513815] panel-simple panel: panel supply power not found, using dummy regulator
[   17.568131] OOM killer enabled.
[   17.571260] Restarting tasks ... done.
[   17.575844] PM: suspend exit
root@(none):/# 
root@(none):/# rtcwake -d rtc1 -m mem -s 3
rtcwake: assuming RTC uses UTC ...
rtcwake: wakeup from "mem" using /dev/rtc1 at Thu Jan  1 00:01:03 1970
[   18.367435] PM: suspend entry (deep)
[   18.371034] PM: Syncing filesystems ... done.
[   18.376716] Freezing user space processes ... (elapsed 0.001 seconds) done.
[   18.384887] OOM killer disabled.
[   18.388125] Freezing remaining freezable tasks ... (elapsed 0.001 seconds) done.
[   18.396616] Suspending console(s) (use no_console_suspend to debug)
[   18.580812] Disabling non-boot CPUs ...
[   18.758225] Entering suspend state LP1
[   18.758250] Enabling non-boot CPUs ...
[   18.759062] CPU1 is up
[   18.759712] CPU2 is up
[   18.760430] CPU3 is up
[   18.802100] cros-ec-spi spi0.0: spi transfer failed: -121
[   18.814127] mmc1: Switching to 3.3V signalling voltage failed
[   19.343830] tegra-sor 54540000.sor: failed to probe output: -517
[   19.343998] panel-simple panel: panel supply power not found, using dummy regulator
[   19.387434] OOM killer enabled.
[   19.390593] Restarting tasks ... done.
[   19.395000] PM: suspend exit
root@(none):/# 
root@(none):/# rtcwake -d rtc1 -m mem -s 3
rtcwake: assuming RTC uses UTC ...
rtcwake: wakeup from "mem" using /dev/rtc1 at Thu Jan  1 00:01:08 1970
[   20.197083] PM: suspend entry (deep)
[   20.200715] PM: Syncing filesystems ... done.
[   20.206435] Freezing user space processes ... (elapsed 0.001 seconds) done.
[   20.214600] OOM killer disabled.
[   20.217835] Freezing remaining freezable tasks ... (elapsed 0.001 seconds) done.
[   20.226327] Suspending console(s) (use no_console_suspend to debug)
[   20.410793] Disabling non-boot CPUs ...
[   20.608255] Entering suspend state LP1
[   20.608280] Enabling non-boot CPUs ...
[   20.609093] CPU1 is up
[   20.609743] CPU2 is up
[   20.610463] CPU3 is up
[   20.651606] cros-ec-spi spi0.0: spi transfer failed: -121
[   20.664130] mmc1: Switching to 3.3V signalling voltage failed
[   20.878004] usb 1-1: reset high-speed USB device number 4 using tegra-xusb
[   21.192616] tegra-sor 54540000.sor: failed to probe output: -517
[   21.192783] panel-simple panel: panel supply power not found, using dummy regulator
[   21.243216] OOM killer enabled.
[   21.246352] Restarting tasks ... done.
[   21.250615] PM: suspend exit
root@(none):/# 
root@(none):/# rtcwake -d rtc1 -m mem -s 3
rtcwake: assuming RTC uses UTC ...
rtcwake: wakeup from "mem" using /dev/rtc1 at Thu Jan  1 00:01:13 1970
[   22.046092] PM: suspend entry (deep)
[   22.049677] PM: Syncing filesystems ... done.
[   22.055134] Freezing user space processes ... (elapsed 0.001 seconds) done.
[   22.063219] OOM killer disabled.
[   22.066435] Freezing remaining freezable tasks ... (elapsed 0.001 seconds) done.
[   22.075010] Suspending console(s) (use no_console_suspend to debug)
[   22.261212] Disabling non-boot CPUs ...
[   22.428172] Entering suspend state LP1
[   22.428197] Enabling non-boot CPUs ...
[   22.429009] CPU1 is up
[   22.429675] CPU2 is up
[   22.430396] CPU3 is up
[   22.471366] cros-ec-spi spi0.0: spi transfer failed: -121
[   22.483546] mmc1: Switching to 3.3V signalling voltage failed
[   22.697945] usb 1-1: reset high-speed USB device number 4 using tegra-xusb
[   23.013322] tegra-sor 54540000.sor: failed to probe output: -517
[   23.013489] panel-simple panel: panel supply power not found, using dummy regulator
[   23.063796] OOM killer enabled.
[   23.066937] Restarting tasks ... done.
[   23.071298] PM: suspend exit
root@(none):/# 
root@(none):/# NVTB SYSTEM SUSPEND TEST COMPLETE
