
U-Boot SPL 2014.01-00219-gc4d376f (Feb 18 2014 - 19:57:32)


U-Boot 2014.01-00219-gc4d376f (Feb 18 2014 - 19:57:32)

TEGRA114
Board: NVIDIA Dalmore
I2C:   ready
DRAM:  2 GiB
MMC:   Tegra SD/MMC: 0, Tegra SD/MMC: 1
In:    serial
Out:   serial
Err:   serial
Net:   Net Initialization Skipped
No ethernet found.
Hit any key to stop autoboot:  2  1  0 
Tegra114 (Dalmore) # 
Tegra114 (Dalmore) # usb reset
(Re)start USB...
USB0:   USB EHCI 1.10
scanning bus 0 for devices... 2 USB Device(s) found
       scanning usb for storage devices... 0 Storage Device(s) found
       scanning usb for ethernet devices... 
Warning: asx0 using MAC address from net device
1 Ethernet Device(s) found
Tegra114 (Dalmore) # setenv bootargs 'ignore_loglevel console=ttyS0,115200n8 rw root=PARTUUID=7369c667-ff51-ec4a-29cd-baabf2fbe346 rootwait gpt debug earlyprintk init=/bin/bash'
Tegra114 (Dalmore) # setenv ipaddr 192.168.100.100; setenv serverip 192.168.100.1; setenv tftpserverip 192.168.100.1
Tegra114 (Dalmore) # tftpboot 0x81000000 zImage.multi_v7_defconfig
Using asx0 device
TFTP from server 192.168.100.1; our IP address is 192.168.100.100
Filename 'zImage.multi_v7_defconfig'.
Load address: 0x81000000
Loading: *#################################################################
	 #################################################################
	 #################################################################
	 #################################################################
	 #################################################################
	 #################################################################
	 #################################################################
	 ##########################
	 3.2 MiB/s
done
Bytes transferred = 7049616 (6b9190 hex)
Tegra114 (Dalmore) # tftpboot 0x82000000 tegra114-dalmore.dtb
Using asx0 device
TFTP from server 192.168.100.1; our IP address is 192.168.100.100
Filename 'tegra114-dalmore.dtb'.
Load address: 0x82000000
Loading: *###
	 2.8 MiB/s
done
Bytes transferred = 34956 (888c hex)
Tegra114 (Dalmore) # bootz 0x81000000 - 0x82000000
Kernel image @ 0x81000000 [ 0x000000 - 0x6b9190 ]
## Flattened Device Tree blob at 82000000
   Booting using the fdt blob at 0x82000000
   Loading Device Tree to 8fff4000, end 8ffff88b ... OK

Starting kernel ...

[    0.000000] Booting Linux on physical CPU 0x0
[    0.000000] Linux version 4.6.0-rc6-next-20160502-91640-g48a5736 (pwalmsley@sellafield) (gcc version 4.7.3 20130328 (prerelease) (crosstool-NG linaro-1.13.1-4.7-2013.04-20130415 - Linaro GCC 2013.04) ) #1 SMP Mon May 2 02:19:36 PDT 2016
[    0.000000] CPU: ARMv7 Processor [412fc0f2] revision 2 (ARMv7), cr=10c5387d
[    0.000000] CPU: div instructions available: patching division code
[    0.000000] CPU: PIPT / VIPT nonaliasing data cache, PIPT instruction cache
[    0.000000] Machine model: NVIDIA Tegra114 Dalmore evaluation board
[    0.000000] debug: ignoring loglevel setting.
[    0.000000] cma: Reserved 64 MiB at 0xfb800000
[    0.000000] Memory policy: Data cache writealloc
[    0.000000] On node 0 totalpages: 524032
[    0.000000] free_area_init_node: node 0, pgdat c1417d00, node_mem_map eeff8000
[    0.000000]   DMA zone: 1536 pages used for memmap
[    0.000000]   DMA zone: 0 pages reserved
[    0.000000]   DMA zone: 196608 pages, LIFO batch:31
[    0.000000]   HighMem zone: 327424 pages, LIFO batch:31
[    0.000000] percpu: Embedded 13 pages/cpu @eef9f000 s23808 r8192 d21248 u53248
[    0.000000] pcpu-alloc: s23808 r8192 d21248 u53248 alloc=13*4096
[    0.000000] pcpu-alloc: [0] 0 [0] 1 [0] 2 [0] 3 
[    0.000000] Built 1 zonelists in Zone order, mobility grouping on.  Total pages: 522496
[    0.000000] Kernel command line: ignore_loglevel console=ttyS0,115200n8 rw root=PARTUUID=7369c667-ff51-ec4a-29cd-baabf2fbe346 rootwait gpt debug earlyprintk init=/bin/bash
[    0.000000] PID hash table entries: 4096 (order: 2, 16384 bytes)
[    0.000000] Dentry cache hash table entries: 131072 (order: 7, 524288 bytes)
[    0.000000] Inode-cache hash table entries: 65536 (order: 6, 262144 bytes)
[    0.000000] Memory: 1995132K/2096128K available (9528K kernel code, 1127K rwdata, 4184K rodata, 2048K init, 342K bss, 35460K reserved, 65536K cma-reserved, 1244160K highmem)
[    0.000000] Virtual kernel memory layout:
[    0.000000]     vector  : 0xffff0000 - 0xffff1000   (   4 kB)
[    0.000000]     fixmap  : 0xffc00000 - 0xfff00000   (3072 kB)
[    0.000000]     vmalloc : 0xf0800000 - 0xff800000   ( 240 MB)
[    0.000000]     lowmem  : 0xc0000000 - 0xf0000000   ( 768 MB)
[    0.000000]     pkmap   : 0xbfe00000 - 0xc0000000   (   2 MB)
[    0.000000]     modules : 0xbf000000 - 0xbfe00000   (  14 MB)
[    0.000000]       .text : 0xc0208000 - 0xc10640b4   (14705 kB)
[    0.000000]       .init : 0xc1100000 - 0xc1300000   (2048 kB)
[    0.000000]       .data : 0xc1300000 - 0xc1419d60   (1128 kB)
[    0.000000]        .bss : 0xc141b000 - 0xc1470b18   ( 343 kB)
[    0.000000] SLUB: HWalign=64, Order=0-3, MinObjects=0, CPUs=4, Nodes=1
[    0.000000] Hierarchical RCU implementation.
[    0.000000] 	Build-time adjustment of leaf fanout to 32.
[    0.000000] 	RCU restricting CPUs from NR_CPUS=16 to nr_cpu_ids=4.
[    0.000000] RCU: Adjusting geometry for rcu_fanout_leaf=32, nr_cpu_ids=4
[    0.000000] NR_IRQS:16 nr_irqs:16 16
[    0.000000] /interrupt-controller@60004000: 160 interrupts forwarded to /interrupt-controller@50041000
[    0.000000] Tegra clk 127: register failed with -17
[    0.000008] sched_clock: 32 bits at 1000kHz, resolution 1000ns, wraps every 2147483647500ns
[    0.000027] clocksource: timer_us: mask: 0xffffffff max_cycles: 0xffffffff, max_idle_ns: 1911260446275 ns
[    0.000042] Switching to timer-based delay loop, resolution 1000ns
[    0.003093] Architected cp15 timer(s) running at 12.00MHz (virt).
[    0.003113] clocksource: arch_sys_counter: mask: 0xffffffffffffff max_cycles: 0x2c47f4ee7, max_idle_ns: 440795202497 ns
[    0.003132] sched_clock: 56 bits at 12MHz, resolution 83ns, wraps every 4398046511096ns
[    0.003147] Switching to timer-based delay loop, resolution 83ns
[    0.003530] Console: colour dummy device 80x30
[    0.003557] Calibrating delay loop (skipped), value calculated using timer frequency.. 24.00 BogoMIPS (lpj=60000)
[    0.003572] pid_max: default: 32768 minimum: 301
[    0.003669] Mount-cache hash table entries: 2048 (order: 1, 8192 bytes)
[    0.003682] Mountpoint-cache hash table entries: 2048 (order: 1, 8192 bytes)
[    0.004310] CPU: Testing write buffer coherency: ok
[    0.004523] /cpus/cpu@0 missing clock-frequency property
[    0.004553] /cpus/cpu@1 missing clock-frequency property
[    0.004582] /cpus/cpu@2 missing clock-frequency property
[    0.004612] /cpus/cpu@3 missing clock-frequency property
[    0.004624] CPU0: thread -1, cpu 0, socket 0, mpidr 80000000
[    0.004647] Setting up static identity map for 0x80300000 - 0x80300098
[    0.007114] Tegra Revision: A01 SKU: 0 CPU Process: 1 SoC Process: 0
[    0.008529] CPU1: thread -1, cpu 1, socket 0, mpidr 80000001
[    0.009245] CPU2: thread -1, cpu 2, socket 0, mpidr 80000002
[    0.009937] CPU3: thread -1, cpu 3, socket 0, mpidr 80000003
[    0.010025] Brought up 4 CPUs
[    0.010048] SMP: Total of 4 processors activated (96.00 BogoMIPS).
[    0.010057] CPU: All CPU(s) started in SVC mode.
[    0.011519] devtmpfs: initialized
[    0.022294] VFP support v0.3: implementor 41 architecture 4 part 30 variant f rev 0
[    0.022822] clocksource: jiffies: mask: 0xffffffff max_cycles: 0xffffffff, max_idle_ns: 9556302231375000 ns
[    0.024225] pinctrl core: initialized pinctrl subsystem
[    0.025796] NET: Registered protocol family 16
[    0.027816] DMA: preallocated 256 KiB pool for atomic coherent allocations
[    0.043130] cpuidle: using governor menu
[    0.058769] No ATAGs?
[    0.058797] hw-breakpoint: found 5 (+1 reserved) breakpoint and 4 watchpoint registers.
[    0.058808] hw-breakpoint: maximum watchpoint size is 8 bytes.
[    0.063759] Serial: AMBA PL011 UART driver
[    0.065131] tegra-mc 70019000.memory-controller: no memory timings for RAM code 3 registered
[    0.092584] dvdd_ts: Failed to request enable GPIO61: -517
[    0.092602] reg-fixed-voltage regulators:regulator@1: Failed to register regulator: -517
[    0.092698] usb1_vbus: Failed to request enable GPIO108: -517
[    0.092712] reg-fixed-voltage regulators:regulator@3: Failed to register regulator: -517
[    0.092804] usb2_vbus: Failed to request enable GPIO86: -517
[    0.092818] reg-fixed-voltage regulators:regulator@4: Failed to register regulator: -517
[    0.093263] VDD_5V0_HDMI_CON: Failed to request enable GPIO81: -517
[    0.093277] reg-fixed-voltage regulators:regulator@7: Failed to register regulator: -517
[    0.096027] vgaarb: loaded
[    0.096845] SCSI subsystem initialized
[    0.097014] libata version 3.00 loaded.
[    0.097321] usbcore: registered new interface driver usbfs
[    0.097392] usbcore: registered new interface driver hub
[    0.097471] usbcore: registered new device driver usb
[    0.101129] tps65090 2-0048: No cache defaults, reading back from HW
[    0.103042] TPS65090_RAILSDCDC1: supplied by vdd_ac_bat
[    0.103585] vdd_hdmi_5v0: supplied by vdd-sys-5v0
[    0.104351] TPS65090_RAILSDCDC2: supplied by vdd_ac_bat
[    0.105429] TPS65090_RAILSDCDC3: supplied by vdd_ac_bat
[    0.105972] TPS65090_RAILSFET1: supplied by vdd_ac_bat
[    0.106362] TPS65090_RAILSFET2: supplied by vdd_ac_bat
[    0.106736] TPS65090_RAILSFET3: supplied by vdd-sys-3v3
[    0.107268] TPS65090_RAILSFET4: supplied by vdd-sys-3v3
[    0.107810] TPS65090_RAILSFET5: supplied by vdd-sys-3v3
[    0.108368] TPS65090_RAILSFET6: supplied by vdd-sys-3v3
[    0.109207] TPS65090_RAILSFET7: supplied by vdd-sys-3v3
[    0.109757] TPS65090_RAILSLDO1: supplied by vdd_ac_bat
[    0.109981] TPS65090_RAILSLDO2: supplied by vdd_ac_bat
[    0.110833] genirq: Setting trigger mode 8 for irq 341 failed (irq_chip_set_type_parent+0x0/0x28)
[    0.110857] palmas 2-0058: Irq flag is 0x00000000
[    0.114054] palmas 2-0058: Muxing GPIO ff, PWM 0, LED 0
[    0.116622] SMPS12: supplied by vdd-ao
[    0.118257] SMPS3: supplied by vdd-ao
[    0.120016] SMPS457: supplied by vdd-sys-3v3
[    0.122945] SMPS8: supplied by vdd-sys-3v3
[    0.124579] SMPS9: supplied by vdd-sys-3v3
[    0.125088] sdhci-vdd-sd-slot: Bringing 2840000uV into 2800000-2800000uV
[    0.125824] sdhci-vdd-sd-slot: ramp_delay not set
[    0.127840] LDO1: supplied by vdd-sys-3v3
[    0.129060] LDO2: supplied by vdd-sys-3v3
[    0.130279] LDO3: supplied by vddio-1v8
[    0.131495] LDO4: supplied by vdd-sys-3v3
[    0.132707] LDO5: supplied by vdd_ac_bat
[    0.133501] LDO6: supplied by vdd-sys-3v3
[    0.134025] vdd-sensor-2v85: Bringing 2900000uV into 2850000-2850000uV
[    0.135318] LDO7: supplied by vdd-sys-3v3
[    0.137053] LDO8: supplied by vdd-ao
[    0.137562] vdd-rtc: Bringing 675000uV into 900000-900000uV
[    0.139134] LDO9: supplied by sdhci-vdd-sd-slot
[    0.144446] LDOLN: supplied by vdd-sys-5v0
[    0.145675] LDOUSB: supplied by vdd-sys-5v0
[    0.152381] pps_core: LinuxPPS API ver. 1 registered
[    0.152391] pps_core: Software ver. 5.3.6 - Copyright 2005-2007 Rodolfo Giometti <giometti@linux.it>
[    0.152415] PTP clock support registered
[    0.152615] EDAC MC: Ver: 3.0.0
[    0.155042] clocksource: Switched to clocksource arch_sys_counter
[    0.165757] NET: Registered protocol family 2
[    0.166288] TCP established hash table entries: 8192 (order: 3, 32768 bytes)
[    0.166387] TCP bind hash table entries: 8192 (order: 4, 65536 bytes)
[    0.166574] TCP: Hash tables configured (established 8192 bind 8192)
[    0.166631] UDP hash table entries: 512 (order: 2, 16384 bytes)
[    0.166673] UDP-Lite hash table entries: 512 (order: 2, 16384 bytes)
[    0.166830] NET: Registered protocol family 1
[    0.167073] RPC: Registered named UNIX socket transport module.
[    0.167083] RPC: Registered udp transport module.
[    0.167091] RPC: Registered tcp transport module.
[    0.167100] RPC: Registered tcp NFSv4.1 backchannel transport module.
[    0.167112] PCI: CLS 0 bytes, default 64
[    0.167316] ------------[ cut here ]------------
[    0.167338] WARNING: CPU: 0 PID: 1 at fs/dcache.c:1688 d_set_d_op+0x12c/0x138
[    0.167346] Modules linked in:
[    0.167363] CPU: 0 PID: 1 Comm: swapper/0 Not tainted 4.6.0-rc6-next-20160502-91640-g48a5736 #1
[    0.167372] Hardware name: NVIDIA Tegra SoC (Flattened Device Tree)
[    0.167403] [<c030f9a0>] (unwind_backtrace) from [<c030b088>] (show_stack+0x10/0x14)
[    0.167423] [<c030b088>] (show_stack) from [<c0585988>] (dump_stack+0x84/0xa4)
[    0.167442] [<c0585988>] (dump_stack) from [<c0341b64>] (__warn+0xd4/0x100)
[    0.167459] [<c0341b64>] (__warn) from [<c0341bb0>] (warn_slowpath_null+0x20/0x28)
[    0.167475] [<c0341bb0>] (warn_slowpath_null) from [<c0422de8>] (d_set_d_op+0x12c/0x138)
[    0.167494] [<c0422de8>] (d_set_d_op) from [<c0433c90>] (simple_lookup+0x4c/0x54)
[    0.167513] [<c0433c90>] (simple_lookup) from [<c0417750>] (lookup_slow+0x88/0x144)
[    0.167529] [<c0417750>] (lookup_slow) from [<c041a3bc>] (walk_component+0x1a0/0x274)
[    0.167542] [<c041a3bc>] (walk_component) from [<c041a9b4>] (path_lookupat+0x4c/0x100)
[    0.167555] [<c041a9b4>] (path_lookupat) from [<c041c200>] (filename_lookup+0x8c/0xe8)
[    0.167570] [<c041c200>] (filename_lookup) from [<c04132ac>] (vfs_fstatat+0x50/0x9c)
[    0.167585] [<c04132ac>] (vfs_fstatat) from [<c0413364>] (SyS_newlstat+0x14/0x30)
[    0.167603] [<c0413364>] (SyS_newlstat) from [<c11023ac>] (clean_path+0x18/0x54)
[    0.167619] [<c11023ac>] (clean_path) from [<c110304c>] (do_name+0x70/0x234)
[    0.167634] [<c110304c>] (do_name) from [<c11022bc>] (write_buffer+0x2c/0x44)
[    0.167648] [<c11022bc>] (write_buffer) from [<c110234c>] (flush_buffer+0x78/0x9c)
[    0.167665] [<c110234c>] (flush_buffer) from [<c112b440>] (__gunzip+0x2a4/0x380)
[    0.167680] [<c112b440>] (__gunzip) from [<c112b548>] (gunzip+0x2c/0x34)
[    0.167696] [<c112b548>] (gunzip) from [<c1102604>] (unpack_to_rootfs+0x154/0x294)
[    0.167711] [<c1102604>] (unpack_to_rootfs) from [<c1102da8>] (populate_rootfs+0x18/0x24c)
[    0.167726] [<c1102da8>] (populate_rootfs) from [<c0301e5c>] (do_one_initcall+0x3c/0x16c)
[    0.167741] [<c0301e5c>] (do_one_initcall) from [<c1100d80>] (kernel_init_freeable+0x120/0x1ec)
[    0.167759] [<c1100d80>] (kernel_init_freeable) from [<c0b55e78>] (kernel_init+0x8/0x118)
[    0.167776] [<c0b55e78>] (kernel_init) from [<c0307f78>] (ret_from_fork+0x14/0x3c)
[    0.167796] ---[ end trace 5ebcd05423593dc8 ]---
[    0.169751] futex hash table entries: 1024 (order: 4, 65536 bytes)
[    0.170314] workingset: timestamp_bits=28 max_order=19 bucket_order=0
[    0.182089] squashfs: version 4.0 (2009/01/31) Phillip Lougher
[    0.182981] NFS: Registering the id_resolver key type
[    0.183014] Key type id_resolver registered
[    0.183023] Key type id_legacy registered
[    0.183068] ntfs: driver 2.1.32 [Flags: R/O].
[    0.184429] bounce: pool size: 64 pages
[    0.184651] Block layer SCSI generic (bsg) driver version 0.4 loaded (major 248)
[    0.184662] io scheduler noop registered
[    0.184671] io scheduler deadline registered
[    0.184704] io scheduler cfq registered (default)
[    0.212936] tegra-apbdma 6000a000.dma: Tegra20 APB DMA driver register 32 channels
[    0.214779] tegra-pmc 7000e400.pmc: i2c-thermtrip node not found, emergency thermal reset disabled.
[    0.281294] Serial: 8250/16550 driver, 4 ports, IRQ sharing disabled
[    0.284354] console [ttyS0] disabled
[    0.284392] 70006300.serial: ttyS0 at MMIO 0x70006300 (irq = 329, base_baud = 25500000) is a Tegra
[    1.465251] console [ttyS0] enabled
[    1.469539] SuperH (H)SCI(F) driver initialized
[    1.475083] msm_serial: driver initialized
[    1.479359] STMicroelectronics ASC driver initialized
[    1.488092] [drm] Initialized drm 1.1.0 20060810
[    1.496121] tegra-hdmi 54280000.hdmi: failed to get HDMI regulator
[    1.517982] brd: module loaded
[    1.527421] loop: module loaded
[    1.546947] m25p80 spi32766.0: w25q32dw (4096 Kbytes)
[    1.555567] libphy: Fixed MDIO Bus: probed
[    1.560385] CAN device driver interface
[    1.566095] igb: Intel(R) Gigabit Ethernet Network Driver - version 5.3.0-k
[    1.573062] igb: Copyright (c) 2007-2014 Intel Corporation.
[    1.581764] pegasus: v0.9.3 (2013/04/25), Pegasus/Pegasus II USB Ethernet driver
[    1.589222] usbcore: registered new interface driver pegasus
[    1.594954] usbcore: registered new interface driver asix
[    1.600407] usbcore: registered new interface driver ax88179_178a
[    1.606550] usbcore: registered new interface driver cdc_ether
[    1.612455] usbcore: registered new interface driver smsc75xx
[    1.618271] usbcore: registered new interface driver smsc95xx
[    1.624068] usbcore: registered new interface driver net1080
[    1.629778] usbcore: registered new interface driver cdc_subset
[    1.635752] usbcore: registered new interface driver zaurus
[    1.641406] usbcore: registered new interface driver cdc_ncm
[    1.649173] ehci_hcd: USB 2.0 'Enhanced' Host Controller (EHCI) Driver
[    1.655712] ehci-pci: EHCI PCI platform driver
[    1.660211] ehci-platform: EHCI generic platform driver
[    1.665642] ehci-omap: OMAP-EHCI Host Controller driver
[    1.671013] ehci-orion: EHCI orion driver
[    1.675169] SPEAr-ehci: EHCI SPEAr driver
[    1.679311] ehci-st: EHCI STMicroelectronics driver
[    1.684338] ehci-exynos: EHCI EXYNOS driver
[    1.688691] ehci-atmel: EHCI Atmel driver
[    1.692852] tegra-ehci: Tegra EHCI driver
[    1.697097] ------------[ cut here ]------------
[    1.701745] WARNING: CPU: 0 PID: 1 at drivers/reset/core.c:187 __of_reset_control_get+0x1bc/0x228
[    1.710614] Modules linked in:
[    1.713679] CPU: 0 PID: 1 Comm: swapper/0 Tainted: G        W       4.6.0-rc6-next-20160502-91640-g48a5736 #1
[    1.723576] Hardware name: NVIDIA Tegra SoC (Flattened Device Tree)
[    1.729853] [<c030f9a0>] (unwind_backtrace) from [<c030b088>] (show_stack+0x10/0x14)
[    1.737592] [<c030b088>] (show_stack) from [<c0585988>] (dump_stack+0x84/0xa4)
[    1.744812] [<c0585988>] (dump_stack) from [<c0341b64>] (__warn+0xd4/0x100)
[    1.751771] [<c0341b64>] (__warn) from [<c0341bb0>] (warn_slowpath_null+0x20/0x28)
[    1.759336] [<c0341bb0>] (warn_slowpath_null) from [<c069c784>] (__of_reset_control_get+0x1bc/0x228)
[    1.768465] [<c069c784>] (__of_reset_control_get) from [<c090e204>] (tegra_ehci_probe+0x2d0/0x51c)
[    1.777419] [<c090e204>] (tegra_ehci_probe) from [<c0775fcc>] (platform_drv_probe+0x50/0xb0)
[    1.785851] [<c0775fcc>] (platform_drv_probe) from [<c0774930>] (driver_probe_device+0x1fc/0x2b8)
[    1.794716] [<c0774930>] (driver_probe_device) from [<c0774a98>] (__driver_attach+0xac/0xb0)
[    1.803145] [<c0774a98>] (__driver_attach) from [<c0772f3c>] (bus_for_each_dev+0x54/0x88)
[    1.811313] [<c0772f3c>] (bus_for_each_dev) from [<c0773f1c>] (bus_add_driver+0xe8/0x1f4)
[    1.819482] [<c0773f1c>] (bus_add_driver) from [<c07752b4>] (driver_register+0x78/0xf4)
[    1.827478] [<c07752b4>] (driver_register) from [<c0301e5c>] (do_one_initcall+0x3c/0x16c)
[    1.835650] [<c0301e5c>] (do_one_initcall) from [<c1100d80>] (kernel_init_freeable+0x120/0x1ec)
[    1.844344] [<c1100d80>] (kernel_init_freeable) from [<c0b55e78>] (kernel_init+0x8/0x118)
[    1.852516] [<c0b55e78>] (kernel_init) from [<c0307f78>] (ret_from_fork+0x14/0x3c)
[    1.860101] ---[ end trace 5ebcd05423593dc9 ]---
[    1.864714] tegra-ehci 7d008000.usb: can't get utmi-pads reset from the PHY
[    1.871681] tegra-ehci 7d008000.usb: continuing, but please update your DT
[    1.878673] ohci_hcd: USB 1.1 'Open' Host Controller (OHCI) Driver
[    1.884873] ohci-pci: OHCI PCI platform driver
[    1.889377] ohci-platform: OHCI generic platform driver
[    1.894775] ohci-omap3: OHCI OMAP3 driver
[    1.898935] SPEAr-ohci: OHCI SPEAr driver
[    1.903098] ohci-st: OHCI STMicroelectronics driver
[    1.908127] ohci-atmel: OHCI Atmel driver
[    1.912870] usbcore: registered new interface driver usb-storage
[    1.920528] mousedev: PS/2 mouse device common for all mice
[    1.931095] palmas-rtc 7000d000.i2c:tps65913@58:rtc: rtc core: registered 7000d000.i2c:tps659 as rtc0
[    1.942212] tegra_rtc 7000e000.rtc: rtc core: registered 7000e000.rtc as rtc1
[    1.949401] tegra_rtc 7000e000.rtc: Tegra internal Real Time Clock
[    1.956133] i2c /dev entries driver
[    1.963869] sbs-battery 0-000b: sbs_probe: Failed to get device status
[    1.970423] sbs-battery: probe of 0-000b failed with error -121
[    1.988127] sdhci: Secure Digital Host Controller Interface driver
[    1.994323] sdhci: Copyright(c) Pierre Ossman
[    2.000202] Synopsys Designware Multimedia Card Interface Driver
[    2.007273] sdhci-pltfm: SDHCI platform and OF driver helper
[    2.013715] sdhci-tegra 78000400.sdhci: Got CD GPIO
[    2.018624] sdhci-tegra 78000400.sdhci: Got WP GPIO
[    2.024737] mmc0: Invalid maximum block size, assuming 512 bytes
[    2.065179] mmc0: SDHCI controller on 78000400.sdhci [78000400.sdhci] using ADMA
[    2.072910] mmc1: Invalid maximum block size, assuming 512 bytes
[    2.115058] mmc1: SDHCI controller on 78000600.sdhci [78000600.sdhci] using ADMA
[    2.123993] ledtrig-cpu: registered to indicate activity on CPUs
[    2.130492] usbcore: registered new interface driver usbhid
[    2.136075] usbhid: USB HID core driver
[    2.145652] NET: Registered protocol family 10
[    2.150800] sit: IPv6 over IPv4 tunneling driver
[    2.156128] NET: Registered protocol family 17
[    2.160599] can: controller area network core (rev 20120528 abi 9)
[    2.166850] NET: Registered protocol family 29
[    2.171305] can: raw protocol (rev 20120528)
[    2.175587] can: broadcast manager protocol (rev 20120528 t)
[    2.181260] can: netlink gateway (rev 20130117) max_hops=1
[    2.187144] Key type dns_resolver registered
[    2.192070] ThumbEE CPU extension supported.
[    2.196361] Registering SWP/SWPB emulation handler
[    2.207127] usb1_vbus: supplied by vdd-sys-5v0
[    2.212662] usb2_vbus: supplied by vdd-sys-5v0
[    2.234481] VDD_5V0_HDMI_CON: supplied by vdd-sys-5v0
[    2.248777] [drm] Supports vblank timestamp caching Rev 2 (21.10.2013).
[    2.255500] [drm] No driver support for vblank timestamp query.
[    2.261642] mmc0: new high speed SDHC card at address aaaa
[    2.268595] mmcblk0: mmc0:aaaa SL16G 14.8 GiB 
[    2.291708] mmc1: new high speed MMC card at address 0001
[    2.293289] mmcblk1: mmc1:0001 SEM32G 29.1 GiB 
[    2.294414] mmcblk1boot0: mmc1:0001 SEM32G partition 1 4.00 MiB
[    2.295208]  mmcblk0: p1 p2 p3
[    2.295797] mmcblk1boot1: mmc1:0001 SEM32G partition 2 4.00 MiB
[    2.297226] mmcblk1rpmb: mmc1:0001 SEM32G partition 3 4.00 MiB
[    2.300072]  mmcblk1: p1 p2 p3 p4 p5 p6 p7 p8
[    2.321390] Console: switching to colour frame buffer device 240x75
[    2.384507] drm drm: fb0:  frame buffer device
[    2.400098] [drm] Initialized tegra 0.0.0 20120330 on minor 0
[    2.408620] tegra-ehci 7d008000.usb: EHCI Host Controller
[    2.414104] tegra-ehci 7d008000.usb: new USB bus registered, assigned bus number 1
[    2.422074] tegra-ehci 7d008000.usb: irq 339, io mem 0x7d008000
[    2.435166] tegra-ehci 7d008000.usb: USB 2.0 started, EHCI 1.10
[    2.442159] hub 1-0:1.0: USB hub found
[    2.446028] hub 1-0:1.0: 1 port detected
[    2.451659] input: gpio-keys as /devices/soc0/gpio-keys/input/input0
[    2.460172] palmas-rtc 7000d000.i2c:tps65913@58:rtc: setting system clock to 2000-02-24 20:39:04 UTC (951424744)
[    2.485148] dvdd_ts: disabling
[    2.488211] usb1_vbus: disabling
[    2.491493] vdd_cam_1v8_reg: disabling
[    2.497119] EXT4-fs (mmcblk1p1): mounting ext3 file system using the ext4 subsystem
[    2.519446] EXT4-fs (mmcblk1p1): recovery complete
[    2.524317] EXT4-fs (mmcblk1p1): mounted filesystem with ordered data mode. Opts: (null)
[    2.532491] VFS: Mounted root (ext3 filesystem) on device 179:17.
[    2.541194] devtmpfs: mounted
[    2.546100] Freeing unused kernel memory: 2048K (c1100000 - c1300000)
bash: cannot set terminal process group (-1): Inappropriate ioctl for device
bash: no job control in this shell
root@(none):/# [    2.760168] usb 1-1: new high-speed USB device number 2 using tegra-ehci
mount -t sysfs none /sys
root@(none):/# 
root@(none):/# [    3.705342] asix 1-1:1.0 eth0: register 'asix' at usb-7d008000.usb-1, ASIX AX88772 USB 2.0 Ethernet, 00:50:b6:0d:b5:16
mount -t debugfs none /sys/kernel/debug
root@(none):/# 
root@(none):/# rtcwake -d rtc1 -m mem -s 3
rtcwake: assuming RTC uses UTC ...
rtcwake: wakeup from "mem" using /dev/rtc1 at Thu Jan  1 00:00:20 1970
[    5.331026] PM: Syncing filesystems ... done.
[    5.358767] Freezing user space processes ... (elapsed 0.001 seconds) done.
[    5.367174] Freezing remaining freezable tasks ... (elapsed 0.001 seconds) done.
[    5.376088] Suspending console(s) (use no_console_suspend to debug)
[    5.422461] PM: suspend of devices complete after 38.695 msecs
[    5.425301] PM: late suspend of devices complete after 2.821 msecs
[    5.427435] PM: noirq suspend of devices complete after 2.120 msecs
[    5.427440] Disabling non-boot CPUs ...
[    5.428303] CPU1: shutdown
[    5.452680] CPU2: shutdown
[    5.467091] IRQ16 no longer affine to CPU3
[    5.467464] CPU3: shutdown
[    5.481271] Entering suspend state LP1
[    5.481296] Enabling non-boot CPUs ...
[    5.506732] CPU1 is up
[    5.531985] CPU2 is up
[    5.557291] CPU3 is up
[    5.558588] PM: noirq resume of devices complete after 1.285 msecs
[    5.561587] PM: early resume of devices complete after 2.718 msecs
[    5.657085] PM: resume of devices complete after 95.481 msecs
[    5.725902] Restarting tasks ... done.
root@(none):/# 
root@(none):/# rtcwake -d rtc1 -m mem -s 3
rtcwake: assuming RTC uses UTC ...
rtcwake: wakeup from "mem" using /dev/rtc1 at Thu Jan  1 00:00:28 1970
[    6.146681] PM: Syncing filesystems ... done.
[    6.173817] Freezing user space processes ... (elapsed 0.001 seconds) done.
[    6.182223] Freezing remaining freezable tasks ... (elapsed 0.001 seconds) done.
[    6.191106] Suspending console(s) (use no_console_suspend to debug)
[    6.238199] PM: suspend of devices complete after 39.430 msecs
[    6.240621] PM: late suspend of devices complete after 2.405 msecs
[    6.242640] PM: noirq suspend of devices complete after 2.009 msecs
[    6.242644] Disabling non-boot CPUs ...
[    6.243540] CPU1: shutdown
[    6.267308] IRQ16 no longer affine to CPU2
[    6.267697] CPU2: shutdown
[    6.292354] CPU3: shutdown
[    6.306224] Entering suspend state LP1
[    6.306248] Enabling non-boot CPUs ...
[    6.331697] CPU1 is up
[    6.356930] CPU2 is up
[    6.382246] CPU3 is up
[    6.383539] PM: noirq resume of devices complete after 1.283 msecs
[    6.386574] PM: early resume of devices complete after 2.584 msecs
[    6.482030] PM: resume of devices complete after 95.437 msecs
[    6.550902] Restarting tasks ... done.
root@(none):/# 
root@(none):/# rtcwake -d rtc1 -m mem -s 3
rtcwake: assuming RTC uses UTC ...
rtcwake: wakeup from "mem" using /dev/rtc1 at Thu Jan  1 00:00:36 1970
[    6.957019] PM: Syncing filesystems ... done.
[    6.983687] Freezing user space processes ... (elapsed 0.001 seconds) done.
[    6.992092] Freezing remaining freezable tasks ... (elapsed 0.001 seconds) done.
[    7.001025] Suspending console(s) (use no_console_suspend to debug)
[    7.047198] PM: suspend of devices complete after 38.524 msecs
[    7.049822] PM: late suspend of devices complete after 2.609 msecs
[    7.051753] PM: noirq suspend of devices complete after 1.920 msecs
[    7.051757] Disabling non-boot CPUs ...
[    7.052630] CPU1: shutdown
[    7.077642] CPU2: shutdown
[    7.092313] CPU3: shutdown
[    7.106193] Entering suspend state LP1
[    7.106218] Enabling non-boot CPUs ...
[    7.131678] CPU1 is up
[    7.156911] CPU2 is up
[    7.182224] CPU3 is up
[    7.183537] PM: noirq resume of devices complete after 1.302 msecs
[    7.186461] PM: early resume of devices complete after 2.469 msecs
[    7.287088] PM: resume of devices complete after 100.607 msecs
[    7.351840] Restarting tasks ... done.
root@(none):/# 
root@(none):/# rtcwake -d rtc1 -m mem -s 3
rtcwake: assuming RTC uses UTC ...
rtcwake: wakeup from "mem" using /dev/rtc1 at Thu Jan  1 00:00:44 1970
[    7.752882] PM: Syncing filesystems ... done.
[    7.780371] Freezing user space processes ... (elapsed 0.001 seconds) done.
[    7.788733] Freezing remaining freezable tasks ... (elapsed 0.001 seconds) done.
[    7.797672] Suspending console(s) (use no_console_suspend to debug)
[    7.842213] PM: suspend of devices complete after 36.874 msecs
[    7.844684] PM: late suspend of devices complete after 2.454 msecs
[    7.846710] PM: noirq suspend of devices complete after 2.017 msecs
[    7.846715] Disabling non-boot CPUs ...
[    7.847570] CPU1: shutdown
[    7.872613] CPU2: shutdown
[    7.901777] IRQ16 no longer affine to CPU3
[    7.902178] CPU3: shutdown
[    7.916180] Entering suspend state LP1
[    7.916204] Enabling non-boot CPUs ...
[    7.941630] CPU1 is up
[    7.966855] CPU2 is up
[    7.992177] CPU3 is up
[    7.993468] PM: noirq resume of devices complete after 1.280 msecs
[    7.996435] PM: early resume of devices complete after 2.521 msecs
[    8.092043] PM: resume of devices complete after 95.591 msecs
[    8.160783] Restarting tasks ... done.
root@(none):/# 
root@(none):/# rtcwake -d rtc1 -m mem -s 3
rtcwake: assuming RTC uses UTC ...
rtcwake: wakeup from "mem" using /dev/rtc1 at Thu Jan  1 00:00:52 1970
[    8.571737] PM: Syncing filesystems ... done.
[    8.598784] Freezing user space processes ... (elapsed 0.001 seconds) done.
[    8.607208] Freezing remaining freezable tasks ... (elapsed 0.001 seconds) done.
[    8.616070] Suspending console(s) (use no_console_suspend to debug)
[    8.662214] PM: suspend of devices complete after 38.466 msecs
[    8.664618] PM: late suspend of devices complete after 2.388 msecs
[    8.666562] PM: noirq suspend of devices complete after 1.934 msecs
[    8.666566] Disabling non-boot CPUs ...
[    8.667069] IRQ16 no longer affine to CPU1
[    8.667464] CPU1: shutdown
[    8.692546] CPU2: shutdown
[    8.717201] CPU3: shutdown
[    8.731104] Entering suspend state LP1
[    8.731129] Enabling non-boot CPUs ...
[    8.756571] CPU1 is up
[    8.781799] CPU2 is up
[    8.807126] CPU3 is up
[    8.808411] PM: noirq resume of devices complete after 1.274 msecs
[    8.811428] PM: early resume of devices complete after 2.560 msecs
[    8.906667] PM: resume of devices complete after 95.221 msecs
[    8.975446] Restarting tasks ... done.
root@(none):/# 
root@(none):/# rtcwake -d rtc1 -m mem -s 3
rtcwake: assuming RTC uses UTC ...
rtcwake: wakeup from "mem" using /dev/rtc1 at Thu Jan  1 00:01:00 1970
[    9.385901] PM: Syncing filesystems ... done.
[    9.413248] Freezing user space processes ... (elapsed 0.001 seconds) done.
[    9.421673] Freezing remaining freezable tasks ... (elapsed 0.001 seconds) done.
[    9.430529] Suspending console(s) (use no_console_suspend to debug)
[    9.477249] PM: suspend of devices complete after 39.040 msecs
[    9.480078] PM: late suspend of devices complete after 2.812 msecs
[    9.482256] PM: noirq suspend of devices complete after 2.164 msecs
[    9.482262] Disabling non-boot CPUs ...
[    9.483172] CPU1: shutdown
[    9.512145] IRQ16 no longer affine to CPU2
[    9.512542] CPU2: shutdown
[    9.537098] CPU3: shutdown
[    9.551092] Entering suspend state LP1
[    9.551117] Enabling non-boot CPUs ...
[    9.576552] CPU1 is up
[    9.601788] CPU2 is up
[    9.627114] CPU3 is up
[    9.628391] PM: noirq resume of devices complete after 1.265 msecs
[    9.630919] PM: early resume of devices complete after 2.249 msecs
[    9.731667] PM: resume of devices complete after 100.729 msecs
[    9.800533] Restarting tasks ... done.
root@(none):/# 
root@(none):/# rtcwake -d rtc1 -m mem -s 3
rtcwake: assuming RTC uses UTC ...
rtcwake: wakeup from "mem" using /dev/rtc1 at Thu Jan  1 00:01:08 1970
[   10.205835] PM: Syncing filesystems ... done.
[   10.233154] Freezing user space processes ... (elapsed 0.001 seconds) done.
[   10.241571] Freezing remaining freezable tasks ... (elapsed 0.001 seconds) done.
[   10.250435] Suspending console(s) (use no_console_suspend to debug)
[   10.294525] PM: suspend of devices complete after 36.412 msecs
[   10.297409] PM: late suspend of devices complete after 2.867 msecs
[   10.299364] PM: noirq suspend of devices complete after 1.945 msecs
[   10.299368] Disabling non-boot CPUs ...
[   10.299908] IRQ16 no longer affine to CPU1
[   10.300299] CPU1: shutdown
[   10.317507] CPU2: shutdown
[   10.342074] CPU3: shutdown
[   10.356070] Entering suspend state LP1
[   10.356095] Enabling non-boot CPUs ...
[   10.381522] CPU1 is up
[   10.406748] CPU2 is up
[   10.432039] CPU3 is up
[   10.433308] PM: noirq resume of devices complete after 1.258 msecs
[   10.435691] PM: early resume of devices complete after 1.920 msecs
[   10.531945] PM: resume of devices complete after 96.236 msecs
[   10.600700] Restarting tasks ... done.
root@(none):/# 
root@(none):/# rtcwake -d rtc1 -m mem -s 3
rtcwake: assuming RTC uses UTC ...
rtcwake: wakeup from "mem" using /dev/rtc1 at Thu Jan  1 00:01:16 1970
[   11.007907] PM: Syncing filesystems ... done.
[   11.035362] Freezing user space processes ... (elapsed 0.001 seconds) done.
[   11.043740] Freezing remaining freezable tasks ... (elapsed 0.001 seconds) done.
[   11.052620] Suspending console(s) (use no_console_suspend to debug)
[   11.096972] PM: suspend of devices complete after 36.661 msecs
[   11.099701] PM: late suspend of devices complete after 2.713 msecs
[   11.101648] PM: noirq suspend of devices complete after 1.937 msecs
[   11.101652] Disabling non-boot CPUs ...
[   11.102517] CPU1: shutdown
[   11.127441] CPU2: shutdown
[   11.151629] IRQ16 no longer affine to CPU3
[   11.152033] CPU3: shutdown
[   11.166021] Entering suspend state LP1
[   11.166046] Enabling non-boot CPUs ...
[   11.191464] CPU1 is up
[   11.216696] CPU2 is up
[   11.242004] CPU3 is up
[   11.243295] PM: noirq resume of devices complete after 1.280 msecs
[   11.245885] PM: early resume of devices complete after 2.136 msecs
[   11.341798] PM: resume of devices complete after 95.895 msecs
[   11.410535] Restarting tasks ... done.
root@(none):/# 
root@(none):/# rtcwake -d rtc1 -m mem -s 3
rtcwake: assuming RTC uses UTC ...
rtcwake: wakeup from "mem" using /dev/rtc1 at Thu Jan  1 00:01:24 1970
[   11.820531] PM: Syncing filesystems ... done.
[   11.847222] Freezing user space processes ... (elapsed 0.001 seconds) done.
[   11.855650] Freezing remaining freezable tasks ... (elapsed 0.001 seconds) done.
[   11.864487] Suspending console(s) (use no_console_suspend to debug)
[   11.908067] PM: suspend of devices complete after 35.895 msecs
[   11.910494] PM: late suspend of devices complete after 2.410 msecs
[   11.912492] PM: noirq suspend of devices complete after 1.989 msecs
[   11.912497] Disabling non-boot CPUs ...
[   11.913385] CPU1: shutdown
[   11.937378] CPU2: shutdown
[   11.961724] IRQ16 no longer affine to CPU3
[   11.962098] CPU3: shutdown
[   11.975972] Entering suspend state LP1
[   11.975996] Enabling non-boot CPUs ...
[   12.001442] CPU1 is up
[   12.026682] CPU2 is up
[   12.051992] CPU3 is up
[   12.053270] PM: noirq resume of devices complete after 1.267 msecs
[   12.055582] PM: early resume of devices complete after 1.877 msecs
[   12.151592] PM: resume of devices complete after 95.992 msecs
[   12.220352] Restarting tasks ... done.
root@(none):/# 
root@(none):/# rtcwake -d rtc1 -m mem -s 3
rtcwake: assuming RTC uses UTC ...
rtcwake: wakeup from "mem" using /dev/rtc1 at Thu Jan  1 00:01:32 1970
[   12.630140] PM: Syncing filesystems ... done.
[   12.657166] Freezing user space processes ... (elapsed 0.001 seconds) done.
[   12.665599] Freezing remaining freezable tasks ... (elapsed 0.001 seconds) done.
[   12.674436] Suspending console(s) (use no_console_suspend to debug)
[   12.717239] PM: suspend of devices complete after 35.129 msecs
[   12.719673] PM: late suspend of devices complete after 2.418 msecs
[   12.721904] PM: noirq suspend of devices complete after 2.218 msecs
[   12.721908] Disabling non-boot CPUs ...
[   12.722390] IRQ16 no longer affine to CPU1
[   12.722785] CPU1: shutdown
[   12.747354] CPU2: shutdown
[   12.772061] CPU3: shutdown
[   12.785941] Entering suspend state LP1
[   12.785966] Enabling non-boot CPUs ...
[   12.811409] CPU1 is up
[   12.836640] CPU2 is up
[   12.861948] CPU3 is up
[   12.863229] PM: noirq resume of devices complete after 1.271 msecs
[   12.866205] PM: early resume of devices complete after 2.509 msecs
[   12.961806] PM: resume of devices complete after 95.582 msecs
[   13.030557] Restarting tasks ... done.
root@(none):/# 
root@(none):/# NVTB SYSTEM SUSPEND TEST COMPLETE
