[0000.739] [TegraBoot] (version 23.00.2015.14-mobile-1ef66670)
[0000.745] Processing in cold boot mode Bootloader 2
[0000.750] A01Q Bootrom Patch rev = 3
[0000.753] Power-up reason: on button
[0000.756] No Battery Present
[0000.759] Platform has Ddr4 type ram
[0000.763] max77620 disabling SD1 Remote Sense
[0000.767] Setting Ddr voltage to 1125mv
[0000.771] Serial Number of Pmic Max77663: 0x40daf
[0000.779] Entering ramdump check
[0000.782] Get RamDumpCarveOut = 0x0
[0000.785] RamDumpCarveOut=0x0,  RamDumperFlag=0xe59ff3f8
[0000.790] Last reboot was clean, booting normally!
[0000.795] Sdram initialization is successful 
[0000.799] SecureOs Carveout Base=0xff800000 Size=0x00800000
[0000.804] GSC1 Carveout Base=0xff700000 Size=0x00100000
[0000.830] GSC2 Carveout Base=0xff600000 Size=0x00100000
[0000.856] GSC3 Carveout Base=0xff500000 Size=0x00100000
[0000.861] GSC4 Carveout Base=0xff400000 Size=0x00100000
[0000.866] GSC5 Carveout Base=0xff300000 Size=0x00100000
[0000.871] BpmpFw Carveout Base=0xff2c0000 Size=0x00040000
[0000.877] Lp0 Carveout Base=0xff2bf000 Size=0x00001000
[0000.892] RamDump Carveout Base=0xff23f000 Size=0x00080000
[0000.897] Platform-DebugCarveout: 0
[0000.901] Nck Carveout Base=0xff03f000 Size=0x00200000
[0000.950] Using GPT Primary to query partitions 
[0000.956] Loading Tboot-CPU binary
[0001.005] Verifying bootloader in OdmNonSecureSBK mode
[0001.014] Bootloader load address is 0xa0000000,                            entry address is 0xa0000258
[0001.024] Bootloader downloaded successfully.
[0001.028] Downloaded Tboot-CPU binary to 0xa0000258
[0001.033] MAX77620_GPIO1 Configured.
[0001.037] MAX77620_GPIO5 Configured.
[0001.040] CPU power rail is up
[0001.043] CPU clock enabled
[0001.047] Performing RAM repair
[0001.050] Updating A64 Warmreset Address to 0xa00002e9
[0001.069] Bootloader DTB Load Address: 0x83000000
[0001.086] Kernel DTB Load Address: 0x83080000
[0001.091] Loading cboot binary
[0001.185] Verifying bootloader in OdmNonSecureSBK mode
[0001.273] Bootloader load address is 0x8010fda8,                            entry address is 0x80110000
[0001.282] Bootloader downloaded successfully.
[0001.286] GPT: Partition NOT found ! 
[0001.290] Find Partition via GPT Failed
[0001.293] function NvTbootGetBinaryOffsets: 0x845208 error
[0001.299] Error in NvTbootLoadBinary: 0x845208 !
[0001.303] GPT: Partition NOT found ! 
[0001.307] No FB partition
[0001.309] Next binary entry address: 0x80110000 
[0001.313] BoardId: 2595
[0001.319] dram memory type is 3
[0001.324] WB0 init successful
[0001.351] Bpmp FW successfully loaded
[0001.354] Set NvDecSticky Bits
[0001.357] GSC1 address : ff700000
[0001.361] GSC2 address : ff600000
[0001.365] GSC3 address : ff500000
[0001.369] GSC4 address : ff400000
[0001.372] GSC5 address : ff300000
[0001.376] GSC MC Settings done
[0001.381] TOS old plaintext Image length 61440
[0001.387] *** Secure OS image signature not verified ***
[0001.392] Loading and Validation of Secure OS Successful
[0001.397] NvTbootPackSdramParams: start. 
[0001.402] NvTbootPackSdramParams: done. 
[0001.406] Tegraboot started after 732241 us
[0001.410] Basic modules init took 348583 us
[0001.414] Sec Bootdevice Read Time = 202 ms, Read Size = 8459 KB
[0001.420] Next stage binary read took 14370 us
[0001.424] Carveout took 252666 us
[0001.427] CPU initialization took 92450 us
[0001.431] Total time taken by TegraBoot 708069 us

[0001.436] Starting CPU & Halting co-processor 

64b[0001.571] LPDDR4 Training: Number of tables = 10
[0001.576] EMC Training (SRC-freq: 204000; DST-freq: 408000)
[0001.582] EMC Training Successful
[0001.585] EMC Training (SRC-freq: 204000; DST-freq: 665600)
[0001.591] EMC Training Successful
[0001.594] EMC Training (SRC-freq: 204000; DST-freq: 800000)
[0001.605] EMC Training Successful
[0001.608] EMC Training (SRC-freq: 204000; DST-freq: 1065600)
[0001.631] EMC Training Successful
[0001.634] EMC Training (SRC-freq: 204000; DST-freq: 1331200)
[0001.655] EMC Training Successful
[0001.658] EMC Training (SRC-freq: 204000; DST-freq: 1600000)
[0001.678] EMC Training Successful
[0001.681] Switching to 800000 KHz Success
[0001.714] LPDDR4 Training: Number of tables = 10


U-Boot 2015.07-rc2-g2ac3917 (Nov 09 2015 - 13:12:08 -0800)

TEGRA210
Model: NVIDIA P2371-0000
DRAM:  3 GiB
MC:   Tegra SD/MMC: 0, Tegra SD/MMC: 1
*** Warning - bad CRC, using default environment

In:    serial
Out:   serial
Err:   serial
Net:   Net Initialization Skipped
No ethernet found.
Hit any key to stop autoboot:  2  0 
Tegra210 (P2371-0000) # 
Tegra210 (P2371-0000) # ums 0 mmc 0
UMS: disk start sector: 0x0, count: 0x1d5a000
|/-\|/-\/-\|/-\/-\|/-\/-\|/-\/-\|/-\/-\|/-\/-\|/-\/-\|/-\/-\|/-\/-\|/-\/-\|/-\/-CTRL+C - Operation aborted
Tegra210 (P2371-0000) # 
Tegra210 (P2371-0000) # env set fdt_copy_node_names /cpus:/psci
Tegra210 (P2371-0000) # setenv rootpart 1
Tegra210 (P2371-0000) # setenv devtype mmc
Tegra210 (P2371-0000) # setenv devnum 0
Tegra210 (P2371-0000) # part uuid ${devtype} ${devnum}:${rootpart} uuid
Tegra210 (P2371-0000) # setenv bootargs ignore_loglevel console=ttyS0,115200n8 earlycon=uart8250,mmio32,0x70006000 rw root=PARTUUID=00000000-0001-0000-788f-a75600000000 rootwait debug earlyprintk init=/bin/bash
Tegra210 (P2371-0000) # load ${devtype} ${devnum}:${rootpart} ${kernel_addr_r} /boot/Image.defconfig
16982528 bytes read in 845 ms (19.2 MiB/s)
Tegra210 (P2371-0000) # load ${devtype} ${devnum}:${rootpart} ${fdt_addr_r} /boot/tegra210-p2371-0000.dtb
44918 bytes read in 453 ms (96.7 KiB/s)
Tegra210 (P2371-0000) # load ${devtype} ${devnum}:${rootpart} ${ramdisk_addr_r} /boot/tegra-ramdisk.img
1627787 bytes read in 494 ms (3.1 MiB/s)
Tegra210 (P2371-0000) # ramdisk_size=${filesize}
Tegra210 (P2371-0000) # booti ${kernel_addr_r} - ${fdt_addr_r}
## Flattened Device Tree blob at 82000000
   Booting using the fdt blob at 0x82000000
   Using Device Tree in place at 0000000082000000, end 000000008200df75

Starting kernel ...

[    0.000000] Booting Linux on physical CPU 0x0000000000 [0x411fd071]
[    0.000000] Linux version 4.15.0-rc3-next-20171215-339619-g0c1f9d81ac36 (jonathanh@tamien) (gcc version 4.9.2 20140904 (prerelease) (crosstool-NG linaro-1.13.1-4.9-2014.09 - Linaro GCC 4.9-2014.09)) #1 SMP PREEMPT Mon Dec 18 02:39:37 PST 2017
[    0.000000] Machine model: NVIDIA Tegra210 P2371 (P2530/P2595) reference design
[    0.000000] debug: ignoring loglevel setting.
[    0.000000] earlycon: uart8250 at MMIO32 0x0000000070006000 (options '')
[    0.000000] bootconsole [uart8250] enabled
[    0.000000] efi: Getting EFI parameters from FDT:
[    0.000000] efi: UEFI not found.
[    0.000000] cma: Reserved 16 MiB at 0x00000000fe000000
[    0.000000] NUMA: No NUMA configuration found
[    0.000000] NUMA: Faking a node at [mem 0x0000000000000000-0x000000013fffffff]
[    0.000000] NUMA: NODE_DATA [mem 0x13ffb7e00-0x13ffb98ff]
[    0.000000] Zone ranges:
[    0.000000]   DMA      [mem 0x0000000080000000-0x00000000ffffffff]
[    0.000000]   Normal   [mem 0x0000000100000000-0x000000013fffffff]
[    0.000000] Movable zone start for each node
[    0.000000] Early memory node ranges
[    0.000000]   node   0: [mem 0x0000000080000000-0x00000000ff1fffff]
[    0.000000]   node   0: [mem 0x0000000100000000-0x000000013fffffff]
[    0.000000] Initmem setup node 0 [mem 0x0000000080000000-0x000000013fffffff]
[    0.000000] On node 0 totalpages: 782848
[    0.000000]   DMA zone: 8192 pages used for memmap
[    0.000000]   DMA zone: 0 pages reserved
[    0.000000]   DMA zone: 520704 pages, LIFO batch:31
[    0.000000]   Normal zone: 4096 pages used for memmap
[    0.000000]   Normal zone: 262144 pages, LIFO batch:31
[    0.000000] psci: probing for conduit method from DT.
[    0.000000] psci: PSCIv0.2 detected in firmware.
[    0.000000] psci: Using standard PSCI v0.2 function IDs
[    0.000000] psci: MIGRATE_INFO_TYPE not supported.
[    0.000000] random: fast init done
[    0.000000] percpu: Embedded 23 pages/cpu @        (ptrval) s55168 r8192 d30848 u94208
[    0.000000] pcpu-alloc: s55168 r8192 d30848 u94208 alloc=23*4096
[    0.000000] pcpu-alloc: [0] 0 [0] 1 [0] 2 [0] 3 
[    0.000000] Detected PIPT I-cache on CPU0
[    0.000000] CPU features: enabling workaround for ARM erratum 832075
[    0.000000] CPU features: enabling workaround for ARM erratum 834220
[    0.000000] Built 1 zonelists, mobility grouping on.  Total pages: 770560
[    0.000000] Policy zone: Normal
[    0.000000] Kernel command line: ignore_loglevel console=ttyS0,115200n8 earlycon=uart8250,mmio32,0x70006000 rw root=PARTUUID=00000000-0001-0000-788f-a75600000000 rootwait debug earlyprintk init=/bin/bash
[    0.000000] software IO TLB [mem 0xfa000000-0xfe000000] (64MB) mapped at [        (ptrval)-        (ptrval)]
[    0.000000] Memory: 2982160K/3131392K available (9724K kernel code, 1160K rwdata, 4492K rodata, 1152K init, 396K bss, 132848K reserved, 16384K cma-reserved)
[    0.000000] Virtual kernel memory layout:
[    0.000000]     modules : 0xffff000000000000 - 0xffff000008000000   (   128 MB)
[    0.000000]     vmalloc : 0xffff000008000000 - 0xffff7dffbfff0000   (129022 GB)
[    0.000000]       .text : 0x        (ptrval) - 0x        (ptrval)   (  9728 KB)
[    0.000000]     .rodata : 0x        (ptrval) - 0x        (ptrval)   (  4544 KB)
[    0.000000]       .init : 0x        (ptrval) - 0x        (ptrval)   (  1152 KB)
[    0.000000]       .data : 0x        (ptrval) - 0x        (ptrval)   (  1161 KB)
[    0.000000]        .bss : 0x        (ptrval) - 0x        (ptrval)   (   397 KB)
[    0.000000]     fixed   : 0xffff7dfffe7f9000 - 0xffff7dfffec00000   (  4124 KB)
[    0.000000]     PCI I/O : 0xffff7dfffee00000 - 0xffff7dffffe00000   (    16 MB)
[    0.000000]     vmemmap : 0xffff7e0000000000 - 0xffff800000000000   (  2048 GB maximum)
[    0.000000]               0xffff7e0000000000 - 0xffff7e0003000000   (    48 MB actual)
[    0.000000]     memory  : 0xffff800000000000 - 0xffff8000c0000000   (  3072 MB)
[    0.000000] SLUB: HWalign=64, Order=0-3, MinObjects=0, CPUs=4, Nodes=1
[    0.000000] Preemptible hierarchical RCU implementation.
[    0.000000] 	RCU restricting CPUs from NR_CPUS=64 to nr_cpu_ids=4.
[    0.000000] 	Tasks RCU enabled.
[    0.000000] RCU: Adjusting geometry for rcu_fanout_leaf=16, nr_cpu_ids=4
[    0.000000] NR_IRQS: 64, nr_irqs: 64, preallocated irqs: 0
[    0.000000] GIC: Using split EOI/Deactivate mode
[    0.000000] /interrupt-controller@60004000: 192 interrupts forwarded to /interrupt-controller@50041000
[    0.000000] boot misc1 0x0: expected 0x20
[    0.000000]  (comparison mask = 0xffffff)
[    0.000000] PLL_X already enabled. Postponing set full defaults
[    0.000000] arch_timer: cp15 timer(s) running at 19.20MHz (phys).
[    0.000000] clocksource: arch_sys_counter: mask: 0xffffffffffffff max_cycles: 0x46d987e47, max_idle_ns: 440795202767 ns
[    0.000006] sched_clock: 56 bits at 19MHz, resolution 52ns, wraps every 4398046511078ns
[    0.008446] Console: colour dummy device 80x25
[    0.013091] Calibrating delay loop (skipped), value calculated using timer frequency.. 38.40 BogoMIPS (lpj=76800)
[    0.023707] pid_max: default: 32768 minimum: 301
[    0.028551] Security Framework initialized
[    0.034960] Dentry cache hash table entries: 524288 (order: 10, 4194304 bytes)
[    0.043523] Inode-cache hash table entries: 262144 (order: 9, 2097152 bytes)
[    0.050884] Mount-cache hash table entries: 8192 (order: 4, 65536 bytes)
[    0.057853] Mountpoint-cache hash table entries: 8192 (order: 4, 65536 bytes)
[    0.081320] ASID allocator initialised with 32768 entries
[    0.086991] Hierarchical SRCU implementation.
[    0.100610] Speedo Revision 4
[    0.103701] Tegra Revision: A01 SKU: 1 CPU Process: -22 SoC Process: -22
[    0.111679] EFI services will not be available.
[    0.124393] smp: Bringing up secondary CPUs ...
[    0.157222] Detected PIPT I-cache on CPU1
[    0.157267] CPU1: Booted secondary processor 0x0000000001 [0x411fd071]
[    0.185286] Detected PIPT I-cache on CPU2
[    0.185319] CPU2: Booted secondary processor 0x0000000002 [0x411fd071]
[    0.213349] Detected PIPT I-cache on CPU3
[    0.213383] CPU3: Booted secondary processor 0x0000000003 [0x411fd071]
[    0.213462] smp: Brought up 1 node, 4 CPUs
[    0.250405] SMP: Total of 4 processors activated.
[    0.255266] CPU features: detected feature: 32-bit EL0 Support
[    0.261792] CPU: All CPU(s) started at EL2
[    0.266044] alternatives: patching kernel code
[    0.275020] devtmpfs: initialized
[    0.285595] Built 1 zonelists, mobility grouping on.  Total pages: 749636
[    0.292632] Policy zone: Normal
[    0.297038] clocksource: jiffies: mask: 0xffffffff max_cycles: 0xffffffff, max_idle_ns: 7645041785100000 ns
[    0.307172] futex hash table entries: 1024 (order: 5, 131072 bytes)
[    0.313830] pinctrl core: initialized pinctrl subsystem
[    0.320657] DMI not present or invalid.
[    0.324983] NET: Registered protocol family 16
[    0.329922] audit: initializing netlink subsys (disabled)
[    0.335617] audit: type=2000 audit(0.280:1): state=initialized audit_enabled=0 res=1
[    0.343637] cpuidle: using governor menu
[    0.344554] vdso: 2 pages (1 code @ 00000000081e43dc, 1 data @ 000000003eef8289)
[    0.344567] hw-breakpoint: found 6 breakpoint and 4 watchpoint registers.
[    0.348737] DMA: preallocated 256 KiB pool for atomic allocations
[    0.351195] Serial: AMBA PL011 UART driver
[    0.375743] HugeTLB registered 2.00 MiB page size, pre-allocated 0 pages
[    0.383359] cryptd: max_cpu_qlen set to 1000
[    0.389399] ACPI: Interpreter disabled.
[    0.394179] vgaarb: loaded
[    0.397218] SCSI subsystem initialized
[    0.401267] libata version 3.00 loaded.
[    0.405492] usbcore: registered new interface driver usbfs
[    0.411265] usbcore: registered new interface driver hub
[    0.416838] usbcore: registered new device driver usb
[    0.423042] pps_core: LinuxPPS API ver. 1 registered
[    0.428186] pps_core: Software ver. 5.3.6 - Copyright 2005-2007 Rodolfo Giometti <giometti@linux.it>
[    0.437646] PTP clock support registered
[    0.441838] EDAC MC: Ver: 3.0.0
[    0.445608] Advanced Linux Sound Architecture Driver Initialized.
[    0.452570] clocksource: Switched to clocksource arch_sys_counter
[    0.459014] VFS: Disk quotas dquot_6.6.0
[    0.463148] VFS: Dquot-cache hash table entries: 512 (order 0, 4096 bytes)
[    0.470411] pnp: PnP ACPI: disabled
[    0.480683] NET: Registered protocol family 2
[    0.485717] tcp_listen_portaddr_hash hash table entries: 2048 (order: 3, 32768 bytes)
[    0.493919] TCP established hash table entries: 32768 (order: 6, 262144 bytes)
[    0.501685] TCP bind hash table entries: 32768 (order: 7, 524288 bytes)
[    0.508807] TCP: Hash tables configured (established 32768 bind 32768)
[    0.515693] UDP hash table entries: 2048 (order: 4, 65536 bytes)
[    0.521970] UDP-Lite hash table entries: 2048 (order: 4, 65536 bytes)
[    0.528799] NET: Registered protocol family 1
[    0.533602] RPC: Registered named UNIX socket transport module.
[    0.539743] RPC: Registered udp transport module.
[    0.544615] RPC: Registered tcp transport module.
[    0.549481] RPC: Registered tcp NFSv4.1 backchannel transport module.
[    0.556148] PCI: CLS 0 bytes, default 128
[    0.560954] kvm [1]: 8-bit VMID
[    0.564197] kvm [1]: IDMAP page: 809e8000
[    0.568356] kvm [1]: HYP VA range: 800000000000:ffffffffffff
[    0.575170] kvm [1]: vgic-v2@50044000
[    0.579081] kvm [1]: vgic interrupt IRQ1
[    0.583165] kvm [1]: virtual timer IRQ4
[    0.587236] kvm [1]: Hyp mode initialized successfully
[    0.595461] Initialise system trusted keyrings
[    0.600189] workingset: timestamp_bits=44 max_order=20 bucket_order=0
[    0.613742] squashfs: version 4.0 (2009/01/31) Phillip Lougher
[    0.620397] NFS: Registering the id_resolver key type
[    0.625652] Key type id_resolver registered
[    0.629983] Key type id_legacy registered
[    0.634147] nfs4filelayout_init: NFSv4 File Layout Driver Registering...
[    0.641231] 9p: Installing v9fs 9p2000 file system support
[    0.649630] Key type asymmetric registered
[    0.653882] Asymmetric key parser 'x509' registered
[    0.659084] Block layer SCSI generic (bsg) driver version 0.4 loaded (major 245)
[    0.666747] io scheduler noop registered
[    0.670992] io scheduler cfq registered (default)
[    0.675867] io scheduler mq-deadline registered
[    0.680569] io scheduler kyber registered
[    0.698754] tegra-apbdma 60020000.dma: Tegra20 APB DMA driver register 32 channels
[    0.708508] tegra-pmc 7000e400.pmc: i2c-thermtrip node not found, emergency thermal reset disabled.
[    0.721460] Serial: 8250/16550 driver, 4 ports, IRQ sharing enabled
[    0.729949] console [ttyS0] disabled
[    0.733706] 70006000.serial: ttyS0 at MMIO 0x70006000 (irq = 313, base_baud = 25500000) is a Tegra
[    0.743021] console [ttyS0] enabled
[    0.743021] console [ttyS0] enabled
[    0.750109] bootconsole [uart8250] disabled
[    0.750109] bootconsole [uart8250] disabled
[    0.759215] SuperH (H)SCI(F) driver initialized
[    0.764030] msm_serial: driver initialized
[    0.768584] cacheinfo: Unable to detect cache hierarchy for CPU 0
[    0.780525] loop: module loaded
[    0.786595] libphy: Fixed MDIO Bus: probed
[    0.791181] tun: Universal TUN/TAP device driver, 1.6
[    0.796804] thunder-xcv, ver 1.0
[    0.800064] thunder-BGX, ver 1.0
[    0.803346] thunder-nic, ver 1.0
[    0.806814] e1000e: Intel(R) PRO/1000 Network Driver - 3.2.6-k
[    0.812650] e1000e: Copyright(c) 1999 - 2015 Intel Corporation.
[    0.818618] igb: Intel(R) Gigabit Ethernet Network Driver - version 5.4.0-k
[    0.825581] igb: Copyright (c) 2007-2014 Intel Corporation.
[    0.831195] igbvf: Intel(R) Gigabit Virtual Function Network Driver - version 2.4.0-k
[    0.839023] igbvf: Copyright (c) 2009 - 2012 Intel Corporation.
[    0.845190] sky2: driver version 1.30
[    0.849243] VFIO - User Level meta-driver version: 0.3
[    0.855272] ehci_hcd: USB 2.0 'Enhanced' Host Controller (EHCI) Driver
[    0.861806] ehci-pci: EHCI PCI platform driver
[    0.866297] ehci-platform: EHCI generic platform driver
[    0.871609] ehci-orion: EHCI orion driver
[    0.875692] ehci-exynos: EHCI EXYNOS driver
[    0.879946] ohci_hcd: USB 1.1 'Open' Host Controller (OHCI) Driver
[    0.886184] ohci-pci: OHCI PCI platform driver
[    0.890672] ohci-platform: OHCI generic platform driver
[    0.895976] ohci-exynos: OHCI EXYNOS driver
[    0.900514] usbcore: registered new interface driver usb-storage
[    0.908711] tegra_rtc 7000e000.rtc: rtc core: registered 7000e000.rtc as rtc1
[    0.915894] tegra_rtc 7000e000.rtc: Tegra internal Real Time Clock
[    0.922234] i2c /dev entries driver
[    0.928312] sdhci: Secure Digital Host Controller Interface driver
[    0.934505] sdhci: Copyright(c) Pierre Ossman
[    0.939031] Synopsys Designware Multimedia Card Interface Driver
[    0.945570] sdhci-pltfm: SDHCI platform and OF driver helper
[    0.959595] mmc0: Unknown controller version (3). You may experience problems.
[    0.996587] mmc0: SDHCI controller on 700b0600.sdhci [700b0600.sdhci] using ADMA 64-bit
[    1.005452] ledtrig-cpu: registered to indicate activity on CPUs
[    1.012735] usbcore: registered new interface driver usbhid
[    1.018347] usbhid: USB HID core driver
[    1.023864] NET: Registered protocol family 17
[    1.028424] 9pnet: Installing 9P2000 support
[    1.032827] Key type dns_resolver registered
[    1.037856] registered taskstats version 1
[    1.042053] Loading compiled-in X.509 certificates
[    1.056887] hctosys: unable to open rtc device (rtc0)
[    1.062482] ALSA device list:
[    1.065459]   No soundcards found.
[    1.069238] Waiting for root device PARTUUID=00000000-0001-0000-788f-a75600000000...
[    1.103170] mmc0: new high speed MMC card at address 0001
[    1.109324] mmcblk0: mmc0:0001 SDW16G 14.7 GiB 
[    1.114455] mmcblk0boot0: mmc0:0001 SDW16G partition 1 4.00 MiB
[    1.120964] mmcblk0boot1: mmc0:0001 SDW16G partition 2 4.00 MiB
[    1.127038] mmcblk0rpmb: mmc0:0001 SDW16G partition 3 4.00 MiB, chardev (240:0)
[    1.136499]  mmcblk0: p1 p2 p3 p4 p5 p6 p7 p8 p9 p10 p11 p12 p13 p14 p15 p16 p17 p18
[    1.161607] EXT4-fs (mmcblk0p1): couldn't mount as ext3 due to feature incompatibilities
[    1.182861] EXT4-fs (mmcblk0p1): mounted filesystem with ordered data mode. Opts: (null)
[    1.191003] VFS: Mounted root (ext4 filesystem) on device 179:1.
[    1.204777] devtmpfs: mounted
[    1.208440] Freeing unused kernel memory: 1152K
[    1.237340] 1 (bash): Uhuuh, elf segment at 000000002a413f7d requested but the memory is mapped already
[    1.246759] Kernel panic - not syncing: Requested init /bin/bash failed (error -95).
[    1.254496] CPU: 3 PID: 1 Comm: bash Not tainted 4.15.0-rc3-next-20171215-339619-g0c1f9d81ac36 #1
[    1.263352] Hardware name: NVIDIA Tegra210 P2371 (P2530/P2595) reference design (DT)
[    1.271080] Call trace:
[    1.273532]  dump_backtrace+0x0/0x18c
[    1.277191]  show_stack+0x14/0x1c
[    1.280503]  dump_stack+0x90/0xb0
[    1.283816]  panic+0x140/0x2a8
[    1.286868]  kernel_init+0xa0/0xfc
[    1.290265]  ret_from_fork+0x10/0x18
[    1.293838] SMP: stopping secondary CPUs
[    1.297756] Kernel Offset: disabled
[    1.301239] CPU features: 0x002082
[    1.304633] Memory Limit: none
[    1.307688] ---[ end Kernel panic - not syncing: Requested init /bin/bash failed (error -95).
