
U-Boot SPL 2014.01-00219-gc4d376f (Feb 18 2014 - 19:57:18)


U-Boot 2014.01-00219-gc4d376f (Feb 18 2014 - 19:57:18)

TEGRA30
Board: NVIDIA Beaver
I2C:   ready
DRAM:  2 GiB
MMC:   Tegra SD/MMC: 0, Tegra SD/MMC: 1
In:    serial
Out:   serial
Err:   serial
Net:   Net Initialization Skipped
No ethernet found.
Hit any key to stop autoboot:  2  0 
Tegra30 (Beaver) # 
Tegra30 (Beaver) # usb reset
(Re)start USB...
USB0:   USB EHCI 1.00
scanning bus 0 for devices... 2 USB Device(s) found
       scanning usb for storage devices... 0 Storage Device(s) found
       scanning usb for ethernet devices... 
Warning: asx0 using MAC address from net device
1 Ethernet Device(s) found
Tegra30 (Beaver) # setenv bootargs 'ignore_loglevel console=ttyS0,115200n8 rw root=/dev/mmcblk0p1 rootwait gpt debug noinitrd earlyprintk init=/bin/bash'
Tegra30 (Beaver) # setenv ipaddr 192.168.100.101; setenv serverip 192.168.100.1; setenv tftpserverip 192.168.100.1
Tegra30 (Beaver) # tftpboot 0x81000000 zImage.multi_v7_defconfig
Waiting for Ethernet connection... done.
Using asx0 device
TFTP from server 192.168.100.1; our IP address is 192.168.100.101
Filename 'zImage.multi_v7_defconfig'.
Load address: 0x81000000
Loading: *#################################################################
	 #################################################################
	 #################################################################
	 #################################################################
	 #################################################################
	 #################################################################
	 #################################################################
	 ########
	 3.3 MiB/s
done
Bytes transferred = 6788072 (6793e8 hex)
Tegra30 (Beaver) # tftpboot 0x82000000 tegra30-beaver.dtb
Using asx0 device
TFTP from server 192.168.100.1; our IP address is 192.168.100.101
Filename 'tegra30-beaver.dtb'.
Load address: 0x82000000
Loading: *####
	 2.9 MiB/s
done
Bytes transferred = 51467 (c90b hex)
Tegra30 (Beaver) # bootz 0x81000000 - 0x82000000
Kernel image @ 0x81000000 [ 0x000000 - 0x6793e8 ]
## Flattened Device Tree blob at 82000000
   Booting using the fdt blob at 0x82000000
   Loading Device Tree to 8fff0000, end 8ffff90a ... OK

Starting kernel ...

[    0.000000] Booting Linux on physical CPU 0x0
[    0.000000] Linux version 4.5.0-rc2-next-20160203-69937-g8babd99 (pwalmsley@sellafield) (gcc version 4.7.3 20130328 (prerelease) (crosstool-NG linaro-1.13.1-4.7-2013.04-20130415 - Linaro GCC 2013.04) ) #1 SMP Tue Feb 2 21:47:50 PST 2016
[    0.000000] CPU: ARMv7 Processor [412fc099] revision 9 (ARMv7), cr=10c5387d
[    0.000000] CPU: PIPT / VIPT nonaliasing data cache, VIPT aliasing instruction cache
[    0.000000] Machine model: NVIDIA Tegra30 Beaver evaluation board
[    0.000000] debug: ignoring loglevel setting.
[    0.000000] cma: Reserved 64 MiB at 0xfb800000
[    0.000000] Memory policy: Data cache writealloc
[    0.000000] On node 0 totalpages: 524032
[    0.000000] free_area_init_node: node 0, pgdat c1074600, node_mem_map eeff8000
[    0.000000]   DMA zone: 1536 pages used for memmap
[    0.000000]   DMA zone: 0 pages reserved
[    0.000000]   DMA zone: 196608 pages, LIFO batch:31
[    0.000000]   HighMem zone: 327424 pages, LIFO batch:31
[    0.000000] PERCPU: Embedded 13 pages/cpu @eef8f000 s22976 r8192 d22080 u53248
[    0.000000] pcpu-alloc: s22976 r8192 d22080 u53248 alloc=13*4096
[    0.000000] pcpu-alloc: [0] 0 [0] 1 [0] 2 [0] 3 
[    0.000000] Built 1 zonelists in Zone order, mobility grouping on.  Total pages: 522496
[    0.000000] Kernel command line: ignore_loglevel console=ttyS0,115200n8 rw root=/dev/mmcblk0p1 rootwait gpt debug noinitrd earlyprintk init=/bin/bash
[    0.000000] PID hash table entries: 4096 (order: 2, 16384 bytes)
[    0.000000] Dentry cache hash table entries: 131072 (order: 7, 524288 bytes)
[    0.000000] Inode-cache hash table entries: 65536 (order: 6, 262144 bytes)
[    0.000000] Memory: 1997780K/2096128K available (8507K kernel code, 1113K rwdata, 4052K rodata, 1100K init, 345K bss, 32812K reserved, 65536K cma-reserved, 1244160K highmem)
[    0.000000] Virtual kernel memory layout:
[    0.000000]     vector  : 0xffff0000 - 0xffff1000   (   4 kB)
[    0.000000]     fixmap  : 0xffc00000 - 0xfff00000   (3072 kB)
[    0.000000]     vmalloc : 0xf0800000 - 0xff800000   ( 240 MB)
[    0.000000]     lowmem  : 0xc0000000 - 0xf0000000   ( 768 MB)
[    0.000000]     pkmap   : 0xbfe00000 - 0xc0000000   (   2 MB)
[    0.000000]     modules : 0xbf000000 - 0xbfe00000   (  14 MB)
[    0.000000]       .text : 0xc0208000 - 0xc0e4cefc   (12564 kB)
[    0.000000]       .init : 0xc0e4d000 - 0xc0f60000   (1100 kB)
[    0.000000]       .data : 0xc0f60000 - 0xc10765c0   (1114 kB)
[    0.000000]        .bss : 0xc1079000 - 0xc10cf620   ( 346 kB)
[    0.000000] SLUB: HWalign=64, Order=0-3, MinObjects=0, CPUs=4, Nodes=1
[    0.000000] Hierarchical RCU implementation.
[    0.000000] 	Build-time adjustment of leaf fanout to 32.
[    0.000000] 	RCU restricting CPUs from NR_CPUS=16 to nr_cpu_ids=4.
[    0.000000] RCU: Adjusting geometry for rcu_fanout_leaf=32, nr_cpu_ids=4
[    0.000000] NR_IRQS:16 nr_irqs:16 16
[    0.000000] /interrupt-controller@60004000: 160 interrupts forwarded to /interrupt-controller@50041000
[    0.000000] L2C: platform modifies aux control register: 0x02080000 -> 0x3e480001
[    0.000000] L2C: DT/platform modifies aux control register: 0x02080000 -> 0x3e480001
[    0.000000] L2C-310 erratum 769419 enabled
[    0.000000] L2C-310 enabling early BRESP for Cortex-A9
[    0.000000] L2C-310: enabling full line of zeros but not enabled in Cortex-A9
[    0.000000] L2C-310 dynamic clock gating enabled, standby mode enabled
[    0.000000] L2C-310 cache controller enabled, 8 ways, 1024 kB
[    0.000000] L2C-310: CACHE_ID 0x410000c7, AUX_CTRL 0x4e480001
[    0.000015] sched_clock: 32 bits at 1000kHz, resolution 1000ns, wraps every 2147483647500ns
[    0.000033] clocksource: timer_us: mask: 0xffffffff max_cycles: 0xffffffff, max_idle_ns: 1911260446275 ns
[    0.000043] Switching to timer-based delay loop, resolution 1000ns
[    0.002703] Console: colour dummy device 80x30
[    0.002729] Calibrating delay loop (skipped), value calculated using timer frequency.. 2.00 BogoMIPS (lpj=5000)
[    0.002738] pid_max: default: 32768 minimum: 301
[    0.002830] Mount-cache hash table entries: 2048 (order: 1, 8192 bytes)
[    0.002837] Mountpoint-cache hash table entries: 2048 (order: 1, 8192 bytes)
[    0.003262] CPU: Testing write buffer coherency: ok
[    0.003544] CPU0: thread -1, cpu 0, socket 0, mpidr 80000000
[    0.003612] Setting up static identity map for 0x80209000 - 0x80209098
[    0.005890] Tegra Revision: A03 SKU: 128 CPU Process: 4 SoC Process: 0
[    0.007115] CPU1: thread -1, cpu 1, socket 0, mpidr 80000001
[    0.007755] CPU2: thread -1, cpu 2, socket 0, mpidr 80000002
[    0.008394] CPU3: thread -1, cpu 3, socket 0, mpidr 80000003
[    0.008433] Brought up 4 CPUs
[    0.008446] SMP: Total of 4 processors activated (8.00 BogoMIPS).
[    0.008451] CPU: All CPU(s) started in SVC mode.
[    0.009036] devtmpfs: initialized
[    0.017441] VFP support v0.3: implementor 41 architecture 3 part 30 variant 9 rev 4
[    0.018129] clocksource: jiffies: mask: 0xffffffff max_cycles: 0xffffffff, max_idle_ns: 9556302231375000 ns
[    0.021558] pinctrl core: initialized pinctrl subsystem
[    0.023177] NET: Registered protocol family 16
[    0.025393] DMA: preallocated 256 KiB pool for atomic coherent allocations
[    0.039935] cpuidle: using governor menu
[    0.048347] No ATAGs?
[    0.048382] hw-breakpoint: found 5 (+1 reserved) breakpoint and 1 watchpoint registers.
[    0.048389] hw-breakpoint: maximum watchpoint size is 4 bytes.
[    0.051558] Serial: AMBA PL011 UART driver
[    0.052720] tegra-mc 7000f000.memory-controller: no memory timings for RAM code 3 registered
[    0.073056] vdd_5v_sata: Failed to request enable GPIO30: -517
[    0.073125] reg-fixed-voltage regulators:regulator@3: Failed to register regulator: -517
[    0.073237] usb1_vbus: Failed to request enable GPIO238: -517
[    0.073286] reg-fixed-voltage regulators:regulator@4: Failed to register regulator: -517
[    0.073393] usb3_vbus: Failed to request enable GPIO236: -517
[    0.073441] reg-fixed-voltage regulators:regulator@5: Failed to register regulator: -517
[    0.073600] sys_3v3_pexs: Failed to request enable GPIO95: -517
[    0.073649] reg-fixed-voltage regulators:regulator@7: Failed to register regulator: -517
[    0.075763] vgaarb: loaded
[    0.076375] SCSI subsystem initialized
[    0.076494] libata version 3.00 loaded.
[    0.076676] usbcore: registered new interface driver usbfs
[    0.076715] usbcore: registered new interface driver hub
[    0.076754] usbcore: registered new device driver usb
[    0.131736] pps_core: LinuxPPS API ver. 1 registered
[    0.131744] pps_core: Software ver. 5.3.6 - Copyright 2005-2007 Rodolfo Giometti <giometti@linux.it>
[    0.131759] PTP clock support registered
[    0.131914] EDAC MC: Ver: 3.0.0
[    0.133500] clocksource: Switched to clocksource timer_us
[    0.139557] NET: Registered protocol family 2
[    0.139938] TCP established hash table entries: 8192 (order: 3, 32768 bytes)
[    0.139990] TCP bind hash table entries: 8192 (order: 4, 65536 bytes)
[    0.140073] TCP: Hash tables configured (established 8192 bind 8192)
[    0.140155] UDP hash table entries: 512 (order: 2, 16384 bytes)
[    0.140214] UDP-Lite hash table entries: 512 (order: 2, 16384 bytes)
[    0.140395] NET: Registered protocol family 1
[    0.140676] RPC: Registered named UNIX socket transport module.
[    0.140683] RPC: Registered udp transport module.
[    0.140687] RPC: Registered tcp transport module.
[    0.140691] RPC: Registered tcp NFSv4.1 backchannel transport module.
[    0.140715] PCI: CLS 0 bytes, default 64
[    0.141477] hw perfevents: enabled with armv7_cortex_a9 PMU driver, 7 counters available
[    0.142457] futex hash table entries: 1024 (order: 4, 65536 bytes)
[    0.143026] workingset: timestamp_bits=28 max_order=19 bucket_order=0
[    0.148857] squashfs: version 4.0 (2009/01/31) Phillip Lougher
[    0.149366] NFS: Registering the id_resolver key type
[    0.149405] Key type id_resolver registered
[    0.149410] Key type id_legacy registered
[    0.149465] ntfs: driver 2.1.32 [Flags: R/O].
[    0.150317] bounce: pool size: 64 pages
[    0.150446] Block layer SCSI generic (bsg) driver version 0.4 loaded (major 249)
[    0.150460] io scheduler noop registered
[    0.150470] io scheduler deadline registered
[    0.150492] io scheduler cfq registered (default)
[    0.155890] tegra30-pinctrl 70000868.pinmux: invalid group "sdmmc3_dat6_pd3" for function "rsvd1"
[    0.155906] tegra30-pinctrl 70000868.pinmux: invalid group "sdmmc3_dat7_pd4" for function "rsvd1"
[    0.155920] tegra30-pinctrl 70000868.pinmux: invalid group "vi_vsync_pd6" for function "rsvd1"
[    0.155929] tegra30-pinctrl 70000868.pinmux: invalid group "vi_hsync_pd7" for function "rsvd1"
[    0.156381] tegra30-pinctrl 70000868.pinmux: invalid group "hdmi_int_pn7" for function "rsvd1"
[    0.156425] tegra30-pinctrl 70000868.pinmux: invalid group "ulpi_data3_po4" for function "rsvd1"
[    0.156742] tegra30-pinctrl 70000868.pinmux: invalid group "vi_d10_pt2" for function "rsvd1"
[    0.156755] tegra30-pinctrl 70000868.pinmux: invalid group "vi_d11_pt3" for function "rsvd1"
[    0.156767] tegra30-pinctrl 70000868.pinmux: invalid group "vi_d0_pt4" for function "rsvd1"
[    0.156813] tegra30-pinctrl 70000868.pinmux: invalid group "pu0" for function "rsvd1"
[    0.156843] tegra30-pinctrl 70000868.pinmux: invalid group "pu3" for function "rsvd1"
[    0.156872] tegra30-pinctrl 70000868.pinmux: invalid group "pu6" for function "rsvd1"
[    0.156912] tegra30-pinctrl 70000868.pinmux: invalid group "pv3" for function "rsvd1"
[    0.157387] tegra30-pinctrl 70000868.pinmux: invalid group "pbb0" for function "rsvd1"
[    0.157498] tegra30-pinctrl 70000868.pinmux: invalid group "pcc1" for function "rsvd1"
[    0.162699] tegra-pcie 3000.pcie-controller: 2x3 configuration
[    0.162808] vdd_1v5_gen: supplied by vdd_5v_in
[    0.162852] vdd_pexa,vdd_pexb: supplied by vdd_1v5_gen
[    0.162952] tegra-pcie 3000.pcie-controller: Failed to get supply 'hvdd-pex': -517
[    0.166924] tegra-apbdma 6000a000.dma: Tegra20 APB DMA driver register 32 channels
[    0.167972] tegra-pmc 7000e400.pmc: i2c-thermtrip node not found, emergency thermal reset disabled.
[    0.201369] Serial: 8250/16550 driver, 4 ports, IRQ sharing disabled
[    0.203516] console [ttyS0] disabled
[    0.203554] 70006000.serial: ttyS0 at MMIO 0x70006000 (irq = 331, base_baud = 25500000) is a Tegra
[    1.125643] console [ttyS0] enabled
[    1.129641] SuperH (H)SCI(F) driver initialized
[    1.134777] msm_serial: driver initialized
[    1.138996] STMicroelectronics ASC driver initialized
[    1.145674] [drm] Initialized drm 1.1.0 20060810
[    1.151623] tegra-hdmi 54280000.hdmi: failed to get HDMI regulator
[    1.165642] brd: module loaded
[    1.172632] loop: module loaded
[    1.180638] m25p80 spi32766.1: w25q32 (4096 Kbytes)
[    1.187486] libphy: Fixed MDIO Bus: probed
[    1.192030] CAN device driver interface
[    1.196984] igb: Intel(R) Gigabit Ethernet Network Driver - version 5.3.0-k
[    1.203938] igb: Copyright (c) 2007-2014 Intel Corporation.
[    1.211256] pegasus: v0.9.3 (2013/04/25), Pegasus/Pegasus II USB Ethernet driver
[    1.218696] usbcore: registered new interface driver pegasus
[    1.224385] usbcore: registered new interface driver asix
[    1.229807] usbcore: registered new interface driver ax88179_178a
[    1.235919] usbcore: registered new interface driver cdc_ether
[    1.241790] usbcore: registered new interface driver smsc75xx
[    1.247568] usbcore: registered new interface driver smsc95xx
[    1.253334] usbcore: registered new interface driver net1080
[    1.259014] usbcore: registered new interface driver cdc_subset
[    1.264954] usbcore: registered new interface driver zaurus
[    1.270582] usbcore: registered new interface driver cdc_ncm
[    1.277606] ehci_hcd: USB 2.0 'Enhanced' Host Controller (EHCI) Driver
[    1.284136] ehci-pci: EHCI PCI platform driver
[    1.288607] ehci-platform: EHCI generic platform driver
[    1.293954] ehci-omap: OMAP-EHCI Host Controller driver
[    1.299255] ehci-orion: EHCI orion driver
[    1.303328] SPEAr-ehci: EHCI SPEAr driver
[    1.307416] ehci-st: EHCI STMicroelectronics driver
[    1.312371] ehci-exynos: EHCI EXYNOS driver
[    1.316645] ehci-atmel: EHCI Atmel driver
[    1.320731] tegra-ehci: Tegra EHCI driver
[    1.325072] ohci_hcd: USB 1.1 'Open' Host Controller (OHCI) Driver
[    1.331261] ohci-pci: OHCI PCI platform driver
[    1.335737] ohci-platform: OHCI generic platform driver
[    1.341062] ohci-omap3: OHCI OMAP3 driver
[    1.345157] SPEAr-ohci: OHCI SPEAr driver
[    1.349246] ohci-st: OHCI STMicroelectronics driver
[    1.354200] ohci-atmel: OHCI Atmel driver
[    1.358541] usbcore: registered new interface driver usb-storage
[    1.365538] mousedev: PS/2 mouse device common for all mice
[    1.373205] tegra_rtc 7000e000.rtc: rtc core: registered 7000e000.rtc as rtc1
[    1.380375] tegra_rtc 7000e000.rtc: Tegra internal Real Time Clock
[    1.399097] tps65910-rtc tps65910-rtc: rtc core: registered tps65910-rtc as rtc0
[    1.406693] i2c /dev entries driver
[    1.416541] sdhci: Secure Digital Host Controller Interface driver
[    1.422726] sdhci: Copyright(c) Pierre Ossman
[    1.427979] Synopsys Designware Multimedia Card Interface Driver
[    1.434625] sdhci-pltfm: SDHCI platform and OF driver helper
[    1.440806] sdhci-tegra 78000000.sdhci: Got CD GPIO
[    1.445693] sdhci-tegra 78000000.sdhci: Got WP GPIO
[    1.451712] mmc0: Invalid maximum block size, assuming 512 bytes
[    1.493580] mmc0: SDHCI controller on 78000000.sdhci [78000000.sdhci] using ADMA
[    1.504217] mmc1: Invalid maximum block size, assuming 512 bytes
[    1.543510] mmc1: SDHCI controller on 78000600.sdhci [78000600.sdhci] using ADMA
[    1.552067] ledtrig-cpu: registered to indicate activity on CPUs
[    1.558301] usbcore: registered new interface driver usbhid
[    1.563869] usbhid: USB HID core driver
[    1.570668] NET: Registered protocol family 10
[    1.575732] sit: IPv6 over IPv4 tunneling driver
[    1.582828] NET: Registered protocol family 17
[    1.587288] can: controller area network core (rev 20120528 abi 9)
[    1.593511] NET: Registered protocol family 29
[    1.597948] can: raw protocol (rev 20120528)
[    1.602217] can: broadcast manager protocol (rev 20120528 t)
[    1.607877] can: netlink gateway (rev 20130117) max_hops=1
[    1.613658] Key type dns_resolver registered
[    1.618335] ThumbEE CPU extension supported.
[    1.622619] Registering SWP/SWPB emulation handler
[    1.663886] tegra-pcie 3000.pcie-controller: 2x3 configuration
[    1.669867] sys_3v3,vdd_3v3_alw: supplied by vdd_5v_in
[    1.675024] sys_3v3_pexs: supplied by sys_3v3,vdd_3v3_alw
[    1.685076] tegra-pcie 3000.pcie-controller: probing port 0, using 2 lanes
[    1.706874] mmc1: new high speed MMC card at address 0001
[    1.712935] mmcblk0: mmc1:0001 SEM16G 14.8 GiB 
[    1.718372] mmcblk0boot0: mmc1:0001 SEM16G partition 1 1.00 MiB
[    1.724732] mmcblk0boot1: mmc1:0001 SEM16G partition 2 1.00 MiB
[    1.731157] mmcblk0rpmb: mmc1:0001 SEM16G partition 3 128 KiB
[    1.743216] Primary GPT is invalid, using alternate GPT.
[    1.748542]  mmcblk0: p1 p2 p3 p4 p5
[    1.750256] tegra-pcie 3000.pcie-controller: probing port 2, using 2 lanes
[    2.154059] tegra-pcie 3000.pcie-controller: link 2 down, retrying
[    2.563989] tegra-pcie 3000.pcie-controller: link 2 down, retrying
[    2.973925] tegra-pcie 3000.pcie-controller: link 2 down, retrying
[    2.982113] tegra-pcie 3000.pcie-controller: link 2 down, ignoring
[    2.988428] tegra-pcie 3000.pcie-controller: PCI host bridge to bus 0000:00
[    2.995390] pci_bus 0000:00: root bus resource [mem 0x20000000-0x27ffffff]
[    3.002256] pci_bus 0000:00: root bus resource [mem 0x28000000-0x3fffffff pref]
[    3.009555] pci_bus 0000:00: root bus resource [bus 00-ff]
[    3.015033] pci_bus 0000:00: root bus resource [io  0x1000-0xffff]
[    3.021224] pci 0000:00:01.0: [10de:0e1c] type 01 class 0x060400
[    3.027285] pci 0000:00:01.0: PME# supported from D0 D1 D2 D3hot D3cold
[    3.034061] PCI: bus0: Fast back to back transfers disabled
[    3.039632] pci 0000:00:01.0: bridge configuration invalid ([bus 00-00]), reconfiguring
[    3.047732] pci 0000:01:00.0: [10ec:8168] type 00 class 0x020000
[    3.053749] pci 0000:01:00.0: reg 0x10: [io  0x0000-0x00ff]
[    3.059328] pci 0000:01:00.0: reg 0x18: [mem 0x00000000-0x00000fff 64bit pref]
[    3.066548] pci 0000:01:00.0: reg 0x20: [mem 0x00000000-0x00003fff 64bit pref]
[    3.073828] pci 0000:01:00.0: supports D1 D2
[    3.078086] pci 0000:01:00.0: PME# supported from D0 D1 D2 D3hot D3cold
[    3.093524] PCI: bus1: Fast back to back transfers disabled
[    3.099094] pci_bus 0000:01: busn_res: [bus 01-ff] end is updated to 01
[    3.105761] pci 0000:00:01.0: BAR 9: assigned [mem 0x28000000-0x280fffff 64bit pref]
[    3.113499] pci 0000:00:01.0: BAR 7: assigned [io  0x1000-0x1fff]
[    3.119588] pci 0000:01:00.0: BAR 4: assigned [mem 0x28000000-0x28003fff 64bit pref]
[    3.127330] pci 0000:01:00.0: BAR 2: assigned [mem 0x28004000-0x28004fff 64bit pref]
[    3.135070] pci 0000:01:00.0: BAR 0: assigned [io  0x1000-0x10ff]
[    3.141157] pci 0000:00:01.0: PCI bridge to [bus 01]
[    3.146115] pci 0000:00:01.0:   bridge window [io  0x1000-0x1fff]
[    3.152200] pci 0000:00:01.0:   bridge window [mem 0x28000000-0x280fffff 64bit pref]
[    3.159944] pci 0000:00:01.0: nv_msi_ht_cap_quirk didn't locate host bridge
[    3.166999] pcieport 0000:00:01.0: enabling device (0140 -> 0143)
[    3.173234] pcieport 0000:00:01.0: Signaling PME through PCIe PME interrupt
[    3.180190] pci 0000:01:00.0: Signaling PME through PCIe PME interrupt
[    3.186710] pcie_pme 0000:00:01.0:pcie01: service driver pcie_pme loaded
[    3.193573] r8169 Gigabit Ethernet driver 2.3LK-NAPI loaded
[    3.199157] r8169 0000:01:00.0: enabling device (0140 -> 0143)
[    3.206273] r8169 0000:01:00.0 eth0: RTL8168evl/8111evl at 0xf09f2000, 02:04:4b:01:60:a6, XID 0c900800 IRQ 375
[    3.216274] r8169 0000:01:00.0 eth0: jumbo features [frames: 9200 bytes, tx checksumming: ko]
[    3.225688] +VDD_5V_HDMI: supplied by sys_3v3,vdd_3v3_alw
[    3.231201] vdd_1v8_gen: supplied by vdd_5v_in
[    3.238405] [drm] Supports vblank timestamp caching Rev 2 (21.10.2013).
[    3.245020] [drm] No driver support for vblank timestamp query.
[    3.250964] drm drm: No connectors reported connected with modes
[    3.256970] [drm] Cannot find any crtc or sizes - going 1024x768
[    3.285309] Console: switching to colour frame buffer device 128x48
[    3.297848] drm drm: fb0:  frame buffer device
[    3.313894] [drm] Initialized tegra 0.0.0 20120330 on minor 0
[    3.322512] usb3_vbus: supplied by vdd_5v_in
[    3.328968] utmi_phy_clk_enable: timeout waiting for phy to stabilize
[    3.335426] tegra-ehci 7d004000.usb: EHCI Host Controller
[    3.340834] tegra-ehci 7d004000.usb: new USB bus registered, assigned bus number 1
[    3.348676] tegra-ehci 7d004000.usb: irq 343, io mem 0x7d004000
[    3.363902] tegra-ehci 7d004000.usb: USB 2.0 started, EHCI 1.00
[    3.370746] hub 1-0:1.0: USB hub found
[    3.374519] hub 1-0:1.0: 1 port detected
[    3.379416] tegra-ehci 7d008000.usb: EHCI Host Controller
[    3.384826] tegra-ehci 7d008000.usb: new USB bus registered, assigned bus number 2
[    3.392559] tegra-ehci 7d008000.usb: irq 344, io mem 0x7d008000
[    3.403897] tegra-ehci 7d008000.usb: USB 2.0 started, EHCI 1.00
[    3.411049] hub 2-0:1.0: USB hub found
[    3.414815] hub 2-0:1.0: 1 port detected
[    3.423593] tps65910-rtc tps65910-rtc: setting system clock to 2000-01-01 00:00:02 UTC (946684802)
[    3.437369] vdd_sata,avdd_plle: disabling
[    3.442178] usb1_vbus: disabling
[    3.448139] EXT4-fs (mmcblk0p1): mounting ext3 file system using the ext4 subsystem
[    3.462712] EXT4-fs (mmcblk0p1): warning: mounting fs with errors, running e2fsck is recommended
[    3.472929] EXT4-fs (mmcblk0p1): recovery complete
[    3.477729] EXT4-fs (mmcblk0p1): mounted filesystem with ordered data mode. Opts: (null)
[    3.485837] VFS: Mounted root (ext3 filesystem) on device 179:1.
[    3.495839] devtmpfs: mounted
[    3.499887] Freeing unused kernel memory: 1100K (c0e4d000 - c0f60000)
bash: cannot set terminal process group (-1): Inappropriate ioctl for device
bash: no job control in this shell
root@(none):/# [    3.728913] usb 2-1: new high-speed USB device number 2 using tegra-ehci
mount -t sysfs none /sys
root@(none):/# 
root@(none):/# [    4.676098] asix 2-1:1.0 eth1: register 'asix' at usb-7d008000.usb-1, ASIX AX88772 USB 2.0 Ethernet, 00:50:b6:0f:67:60
mount -t debugfs none /sys/kernel/debug
root@(none):/# 
root@(none):/# rtcwake -d rtc1 -m mem -s 3
rtcwake: wakeup from "mem" using /dev/rtc1 at Thu Jan  1 00:00:22 1970
[    6.537967] PM: Syncing filesystems ... done.
[    6.551849] Freezing user space processes ... (elapsed 0.001 seconds) done.
[    6.559965] Freezing remaining freezable tasks ... (elapsed 0.001 seconds) done.
[    6.568589] Suspending console(s) (use no_console_suspend to debug)
[    6.606662] PM: suspend of devices complete after 30.799 msecs
[    6.607684] PM: late suspend of devices complete after 1.015 msecs
[    6.618979] PM: noirq suspend of devices complete after 11.288 msecs
[    6.618983] Disabling non-boot CPUs ...
[    6.619601] CPU1: shutdown
[    6.634633] IRQ17 no longer affine to CPU2
[    6.634858] CPU2: shutdown
[    6.649498] CPU3: shutdown
[    6.663987] Entering suspend state LP1
[    6.664000] Enabling non-boot CPUs ...
[    6.689525] CPU1 is up
[    6.714629] CPU2 is up
[    6.739770] CPU3 is up
[    6.740408] pcieport 0000:00:01.0: nv_msi_ht_cap_quirk didn't locate host bridge
[    6.753569] PM: noirq resume of devices complete after 13.791 msecs
[    6.755744] PM: early resume of devices complete after 1.789 msecs
[    6.821140] PM: resume of devices complete after 65.387 msecs
[    6.896344] Restarting tasks ... done.
root@(none):/# 
root@(none):/# rtcwake -d rtc1 -m mem -s 3
rtcwake: wakeup from "mem" using /dev/rtc1 at Thu Jan  1 00:00:26 1970
[    7.238268] PM: Syncing filesystems ... done.
[    7.249530] Freezing user space processes ... (elapsed 0.001 seconds) done.
[    7.257631] Freezing remaining freezable tasks ... (elapsed 0.001 seconds) done.
[    7.266236] Suspending console(s) (use no_console_suspend to debug)
[    7.307003] PM: suspend of devices complete after 33.591 msecs
[    7.308441] PM: late suspend of devices complete after 1.430 msecs
[    7.323963] PM: noirq suspend of devices complete after 15.516 msecs
[    7.323966] Disabling non-boot CPUs ...
[    7.324273] IRQ17 no longer affine to CPU1
[    7.324576] CPU1: shutdown
[    7.344864] CPU2: shutdown
[    7.359450] CPU3: shutdown
[    7.373967] Entering suspend state LP1
[    7.373984] Enabling non-boot CPUs ...
[    7.399647] CPU1 is up
[    7.424748] CPU2 is up
[    7.449881] CPU3 is up
[    7.450605] pcieport 0000:00:01.0: nv_msi_ht_cap_quirk didn't locate host bridge
[    7.463553] PM: noirq resume of devices complete after 13.662 msecs
[    7.465736] PM: early resume of devices complete after 1.746 msecs
[    7.537381] PM: resume of devices complete after 71.633 msecs
[    7.612758] Restarting tasks ... done.
root@(none):/# 
root@(none):/# rtcwake -d rtc1 -m mem -s 3
rtcwake: wakeup from "mem" using /dev/rtc1 at Thu Jan  1 00:00:30 1970
[    7.935518] PM: Syncing filesystems ... done.
[    7.948766] Freezing user space processes ... (elapsed 0.001 seconds) done.
[    7.956899] Freezing remaining freezable tasks ... (elapsed 0.001 seconds) done.
[    7.965569] Suspending console(s) (use no_console_suspend to debug)
[    8.002965] PM: suspend of devices complete after 29.957 msecs
[    8.004774] PM: late suspend of devices complete after 1.799 msecs
[    8.019031] PM: noirq suspend of devices complete after 14.248 msecs
[    8.019034] Disabling non-boot CPUs ...
[    8.019780] CPU1: shutdown
[    8.034805] IRQ17 no longer affine to CPU2
[    8.035067] CPU2: shutdown
[    8.054521] CPU3: shutdown
[    8.069004] Entering suspend state LP1
[    8.069020] Enabling non-boot CPUs ...
[    8.094649] CPU1 is up
[    8.119761] CPU2 is up
[    8.144875] CPU3 is up
[    8.145599] pcieport 0000:00:01.0: nv_msi_ht_cap_quirk didn't locate host bridge
[    8.158528] PM: noirq resume of devices complete after 13.644 msecs
[    8.160207] PM: early resume of devices complete after 1.254 msecs
[    8.231841] PM: resume of devices complete after 71.623 msecs
[    8.307273] Restarting tasks ... done.
root@(none):/# 
root@(none):/# rtcwake -d rtc1 -m mem -s 3
rtcwake: wakeup from "mem" using /dev/rtc1 at Thu Jan  1 00:00:34 1970
[    8.632431] PM: Syncing filesystems ... done.
[    8.645666] Freezing user space processes ... (elapsed 0.001 seconds) done.
[    8.653831] Freezing remaining freezable tasks ... (elapsed 0.001 seconds) done.
[    8.662484] Suspending console(s) (use no_console_suspend to debug)
[    8.701908] PM: suspend of devices complete after 31.971 msecs
[    8.702724] PM: late suspend of devices complete after 0.809 msecs
[    8.714009] PM: noirq suspend of devices complete after 11.276 msecs
[    8.714012] Disabling non-boot CPUs ...
[    8.714389] IRQ17 no longer affine to CPU1
[    8.714777] CPU1: shutdown
[    8.730031] CPU2: shutdown
[    8.749490] CPU3: shutdown
[    8.763985] Entering suspend state LP1
[    8.764002] Enabling non-boot CPUs ...
[    8.789598] CPU1 is up
[    8.814729] CPU2 is up
[    8.839835] CPU3 is up
[    8.840556] pcieport 0000:00:01.0: nv_msi_ht_cap_quirk didn't locate host bridge
[    8.853501] PM: noirq resume of devices complete after 13.655 msecs
[    8.855182] PM: early resume of devices complete after 1.240 msecs
[    8.926878] PM: resume of devices complete after 71.685 msecs
[    9.002277] Restarting tasks ... done.
root@(none):/# 
root@(none):/# rtcwake -d rtc1 -m mem -s 3
rtcwake: wakeup from "mem" using /dev/rtc1 at Thu Jan  1 00:00:38 1970
[    9.322479] PM: Syncing filesystems ... done.
[    9.336727] Freezing user space processes ... (elapsed 0.001 seconds) done.
[    9.344893] Freezing remaining freezable tasks ... (elapsed 0.001 seconds) done.
[    9.353559] Suspending console(s) (use no_console_suspend to debug)
[    9.392918] PM: suspend of devices complete after 31.897 msecs
[    9.394720] PM: late suspend of devices complete after 1.794 msecs
[    9.408967] PM: noirq suspend of devices complete after 14.236 msecs
[    9.408972] Disabling non-boot CPUs ...
[    9.409733] CPU1: shutdown
[    9.439760] IRQ17 no longer affine to CPU2
[    9.440021] CPU2: shutdown
[    9.454480] CPU3: shutdown
[    9.468951] Entering suspend state LP1
[    9.468964] Enabling non-boot CPUs ...
[    9.494581] CPU1 is up
[    9.519679] CPU2 is up
[    9.544818] CPU3 is up
[    9.545541] pcieport 0000:00:01.0: nv_msi_ht_cap_quirk didn't locate host bridge
[    9.558477] PM: noirq resume of devices complete after 13.648 msecs
[    9.560641] PM: early resume of devices complete after 1.733 msecs
[    9.630800] PM: resume of devices complete after 70.149 msecs
[    9.706211] Restarting tasks ... done.
NVTB SYSTEM SUSPEND TEST COMPLETE
root@(none):/# 
root@(none):/# 