
U-Boot SPL 2014.01-00219-gc4d376f (Feb 18 2014 - 19:57:18)


U-Boot 2014.01-00219-gc4d376f (Feb 18 2014 - 19:57:18)

TEGRA30
Board: NVIDIA Beaver
I2C:   ready
DRAM:  2 GiB
MMC:   Tegra SD/MMC: 0, Tegra SD/MMC: 1
In:    serial
Out:   serial
Err:   serial
Net:   Net Initialization Skipped
No ethernet found.
Hit any key to stop autoboot:  2  0 
Tegra30 (Beaver) # 
Tegra30 (Beaver) # usb reset
(Re)start USB...
USB0:   USB EHCI 1.00
scanning bus 0 for devices... 2 USB Device(s) found
       scanning usb for storage devices... 0 Storage Device(s) found
       scanning usb for ethernet devices... 
Warning: asx0 using MAC address from net device
1 Ethernet Device(s) found
Tegra30 (Beaver) # setenv bootargs 'ignore_loglevel console=ttyS0,115200n8 rw root=/dev/mmcblk0p1 rootwait gpt debug noinitrd earlyprintk init=/bin/bash'
Tegra30 (Beaver) # setenv ipaddr 192.168.100.101; setenv serverip 192.168.100.1; setenv tftpserverip 192.168.100.1
Tegra30 (Beaver) # tftpboot 0x81000000 zImage.multi_v7_defconfig
Using asx0 device
TFTP from server 192.168.100.1; our IP address is 192.168.100.101
Filename 'zImage.multi_v7_defconfig'.
Load address: 0x81000000
Loading: *#################################################################
	 #################################################################
	 #################################################################
	 #################################################################
	 #################################################################
	 #################################################################
	 #################################################################
	 #################
	 3.3 MiB/s
done
Bytes transferred = 6919784 (699668 hex)
Tegra30 (Beaver) # tftpboot 0x82000000 tegra30-beaver.dtb
Using asx0 device
TFTP from server 192.168.100.1; our IP address is 192.168.100.101
Filename 'tegra30-beaver.dtb'.
Load address: 0x82000000
Loading: *####
	 3.3 MiB/s
done
Bytes transferred = 51467 (c90b hex)
Tegra30 (Beaver) # bootz 0x81000000 - 0x82000000
Kernel image @ 0x81000000 [ 0x000000 - 0x699668 ]
## Flattened Device Tree blob at 82000000
   Booting using the fdt blob at 0x82000000
   Loading Device Tree to 8fff0000, end 8ffff90a ... OK

Starting kernel ...

[    0.000000] Booting Linux on physical CPU 0x0
[    0.000000] Linux version 4.5.0-next-20160323-82618-g288a3fc (pwalmsley@sellafield) (gcc version 4.7.3 20130328 (prerelease) (crosstool-NG linaro-1.13.1-4.7-2013.04-20130415 - Linaro GCC 2013.04) ) #1 SMP Tue Mar 22 19:48:11 PDT 2016
[    0.000000] CPU: ARMv7 Processor [412fc099] revision 9 (ARMv7), cr=10c5387d
[    0.000000] CPU: PIPT / VIPT nonaliasing data cache, VIPT aliasing instruction cache
[    0.000000] Machine model: NVIDIA Tegra30 Beaver evaluation board
[    0.000000] debug: ignoring loglevel setting.
[    0.000000] cma: Reserved 64 MiB at 0xfb800000
[    0.000000] Memory policy: Data cache writealloc
[    0.000000] On node 0 totalpages: 524032
[    0.000000] free_area_init_node: node 0, pgdat c141b480, node_mem_map eeff8000
[    0.000000]   DMA zone: 1536 pages used for memmap
[    0.000000]   DMA zone: 0 pages reserved
[    0.000000]   DMA zone: 196608 pages, LIFO batch:31
[    0.000000]   HighMem zone: 327424 pages, LIFO batch:31
[    0.000000] percpu: Embedded 12 pages/cpu @eef93000 s19776 r8192 d21184 u49152
[    0.000000] pcpu-alloc: s19776 r8192 d21184 u49152 alloc=12*4096
[    0.000000] pcpu-alloc: [0] 0 [0] 1 [0] 2 [0] 3 
[    0.000000] Built 1 zonelists in Zone order, mobility grouping on.  Total pages: 522496
[    0.000000] Kernel command line: ignore_loglevel console=ttyS0,115200n8 rw root=/dev/mmcblk0p1 rootwait gpt debug noinitrd earlyprintk init=/bin/bash
[    0.000000] PID hash table entries: 4096 (order: 2, 16384 bytes)
[    0.000000] Dentry cache hash table entries: 131072 (order: 7, 524288 bytes)
[    0.000000] Inode-cache hash table entries: 65536 (order: 6, 262144 bytes)
[    0.000000] Memory: 1995052K/2096128K available (9522K kernel code, 1141K rwdata, 4108K rodata, 2048K init, 341K bss, 35540K reserved, 65536K cma-reserved, 1244160K highmem)
[    0.000000] Virtual kernel memory layout:
[    0.000000]     vector  : 0xffff0000 - 0xffff1000   (   4 kB)
[    0.000000]     fixmap  : 0xffc00000 - 0xfff00000   (3072 kB)
[    0.000000]     vmalloc : 0xf0800000 - 0xff800000   ( 240 MB)
[    0.000000]     lowmem  : 0xc0000000 - 0xf0000000   ( 768 MB)
[    0.000000]     pkmap   : 0xbfe00000 - 0xc0000000   (   2 MB)
[    0.000000]     modules : 0xbf000000 - 0xbfe00000   (  14 MB)
[    0.000000]       .text : 0xc0208000 - 0xc104fad0   (14623 kB)
[    0.000000]       .init : 0xc1100000 - 0xc1300000   (2048 kB)
[    0.000000]       .data : 0xc1300000 - 0xc141d4c0   (1142 kB)
[    0.000000]        .bss : 0xc141f000 - 0xc1474558   ( 342 kB)
[    0.000000] SLUB: HWalign=64, Order=0-3, MinObjects=0, CPUs=4, Nodes=1
[    0.000000] Hierarchical RCU implementation.
[    0.000000] 	Build-time adjustment of leaf fanout to 32.
[    0.000000] 	RCU restricting CPUs from NR_CPUS=16 to nr_cpu_ids=4.
[    0.000000] RCU: Adjusting geometry for rcu_fanout_leaf=32, nr_cpu_ids=4
[    0.000000] NR_IRQS:16 nr_irqs:16 16
[    0.000000] /interrupt-controller@60004000: 160 interrupts forwarded to /interrupt-controller@50041000
[    0.000000] L2C: platform modifies aux control register: 0x02080000 -> 0x3e480001
[    0.000000] L2C: DT/platform modifies aux control register: 0x02080000 -> 0x3e480001
[    0.000000] L2C-310 erratum 769419 enabled
[    0.000000] L2C-310 enabling early BRESP for Cortex-A9
[    0.000000] L2C-310: enabling full line of zeros but not enabled in Cortex-A9
[    0.000000] L2C-310 dynamic clock gating enabled, standby mode enabled
[    0.000000] L2C-310 cache controller enabled, 8 ways, 1024 kB
[    0.000000] L2C-310: CACHE_ID 0x410000c7, AUX_CTRL 0x4e480001
[    0.000015] sched_clock: 32 bits at 1000kHz, resolution 1000ns, wraps every 2147483647500ns
[    0.000032] clocksource: timer_us: mask: 0xffffffff max_cycles: 0xffffffff, max_idle_ns: 1911260446275 ns
[    0.000041] Switching to timer-based delay loop, resolution 1000ns
[    0.002743] Console: colour dummy device 80x30
[    0.002767] Calibrating delay loop (skipped), value calculated using timer frequency.. 2.00 BogoMIPS (lpj=5000)
[    0.002776] pid_max: default: 32768 minimum: 301
[    0.002863] Mount-cache hash table entries: 2048 (order: 1, 8192 bytes)
[    0.002870] Mountpoint-cache hash table entries: 2048 (order: 1, 8192 bytes)
[    0.003302] CPU: Testing write buffer coherency: ok
[    0.003584] CPU0: thread -1, cpu 0, socket 0, mpidr 80000000
[    0.003656] Setting up static identity map for 0x80300000 - 0x80300098
[    0.005939] Tegra Revision: A03 SKU: 128 CPU Process: 4 SoC Process: 0
[    0.010354] CPU1: thread -1, cpu 1, socket 0, mpidr 80000001
[    0.015338] CPU2: thread -1, cpu 2, socket 0, mpidr 80000002
[    0.020335] CPU3: thread -1, cpu 3, socket 0, mpidr 80000003
[    0.020380] Brought up 4 CPUs
[    0.020393] SMP: Total of 4 processors activated (8.00 BogoMIPS).
[    0.020398] CPU: All CPU(s) started in SVC mode.
[    0.021090] devtmpfs: initialized
[    0.028961] VFP support v0.3: implementor 41 architecture 3 part 30 variant 9 rev 4
[    0.029642] clocksource: jiffies: mask: 0xffffffff max_cycles: 0xffffffff, max_idle_ns: 9556302231375000 ns
[    0.033071] pinctrl core: initialized pinctrl subsystem
[    0.034700] NET: Registered protocol family 16
[    0.036954] DMA: preallocated 256 KiB pool for atomic coherent allocations
[    0.049931] cpuidle: using governor menu
[    0.058591] No ATAGs?
[    0.058621] hw-breakpoint: found 5 (+1 reserved) breakpoint and 1 watchpoint registers.
[    0.058628] hw-breakpoint: maximum watchpoint size is 4 bytes.
[    0.061887] Serial: AMBA PL011 UART driver
[    0.063139] tegra-mc 7000f000.memory-controller: no memory timings for RAM code 3 registered
[    0.083087] vdd_5v_sata: Failed to request enable GPIO30: -517
[    0.083100] reg-fixed-voltage regulators:regulator@3: Failed to register regulator: -517
[    0.083142] usb1_vbus: Failed to request enable GPIO238: -517
[    0.083149] reg-fixed-voltage regulators:regulator@4: Failed to register regulator: -517
[    0.083189] usb3_vbus: Failed to request enable GPIO236: -517
[    0.083196] reg-fixed-voltage regulators:regulator@5: Failed to register regulator: -517
[    0.083280] sys_3v3_pexs: Failed to request enable GPIO95: -517
[    0.083288] reg-fixed-voltage regulators:regulator@7: Failed to register regulator: -517
[    0.085406] vgaarb: loaded
[    0.086026] SCSI subsystem initialized
[    0.086139] libata version 3.00 loaded.
[    0.086329] usbcore: registered new interface driver usbfs
[    0.086365] usbcore: registered new interface driver hub
[    0.086401] usbcore: registered new device driver usb
[    0.141736] pps_core: LinuxPPS API ver. 1 registered
[    0.141744] pps_core: Software ver. 5.3.6 - Copyright 2005-2007 Rodolfo Giometti <giometti@linux.it>
[    0.141760] PTP clock support registered
[    0.141910] EDAC MC: Ver: 3.0.0
[    0.143547] clocksource: Switched to clocksource timer_us
[    0.149497] NET: Registered protocol family 2
[    0.149906] TCP established hash table entries: 8192 (order: 3, 32768 bytes)
[    0.149958] TCP bind hash table entries: 8192 (order: 4, 65536 bytes)
[    0.150041] TCP: Hash tables configured (established 8192 bind 8192)
[    0.150136] UDP hash table entries: 512 (order: 2, 16384 bytes)
[    0.150197] UDP-Lite hash table entries: 512 (order: 2, 16384 bytes)
[    0.150399] NET: Registered protocol family 1
[    0.150671] RPC: Registered named UNIX socket transport module.
[    0.150678] RPC: Registered udp transport module.
[    0.150682] RPC: Registered tcp transport module.
[    0.150686] RPC: Registered tcp NFSv4.1 backchannel transport module.
[    0.150706] PCI: CLS 0 bytes, default 64
[    0.151465] hw perfevents: enabled with armv7_cortex_a9 PMU driver, 7 counters available
[    0.152447] futex hash table entries: 1024 (order: 4, 65536 bytes)
[    0.153014] workingset: timestamp_bits=28 max_order=19 bucket_order=0
[    0.158486] squashfs: version 4.0 (2009/01/31) Phillip Lougher
[    0.158996] NFS: Registering the id_resolver key type
[    0.159038] Key type id_resolver registered
[    0.159042] Key type id_legacy registered
[    0.159087] ntfs: driver 2.1.32 [Flags: R/O].
[    0.159950] bounce: pool size: 64 pages
[    0.160079] Block layer SCSI generic (bsg) driver version 0.4 loaded (major 248)
[    0.160092] io scheduler noop registered
[    0.160100] io scheduler deadline registered
[    0.160121] io scheduler cfq registered (default)
[    0.165558] tegra30-pinctrl 70000868.pinmux: invalid group "sdmmc3_dat6_pd3" for function "rsvd1"
[    0.165573] tegra30-pinctrl 70000868.pinmux: invalid group "sdmmc3_dat7_pd4" for function "rsvd1"
[    0.165586] tegra30-pinctrl 70000868.pinmux: invalid group "vi_vsync_pd6" for function "rsvd1"
[    0.165596] tegra30-pinctrl 70000868.pinmux: invalid group "vi_hsync_pd7" for function "rsvd1"
[    0.166059] tegra30-pinctrl 70000868.pinmux: invalid group "hdmi_int_pn7" for function "rsvd1"
[    0.166103] tegra30-pinctrl 70000868.pinmux: invalid group "ulpi_data3_po4" for function "rsvd1"
[    0.166434] tegra30-pinctrl 70000868.pinmux: invalid group "vi_d10_pt2" for function "rsvd1"
[    0.166447] tegra30-pinctrl 70000868.pinmux: invalid group "vi_d11_pt3" for function "rsvd1"
[    0.166459] tegra30-pinctrl 70000868.pinmux: invalid group "vi_d0_pt4" for function "rsvd1"
[    0.166500] tegra30-pinctrl 70000868.pinmux: invalid group "pu0" for function "rsvd1"
[    0.166529] tegra30-pinctrl 70000868.pinmux: invalid group "pu3" for function "rsvd1"
[    0.166558] tegra30-pinctrl 70000868.pinmux: invalid group "pu6" for function "rsvd1"
[    0.166599] tegra30-pinctrl 70000868.pinmux: invalid group "pv3" for function "rsvd1"
[    0.167095] tegra30-pinctrl 70000868.pinmux: invalid group "pbb0" for function "rsvd1"
[    0.167209] tegra30-pinctrl 70000868.pinmux: invalid group "pcc1" for function "rsvd1"
[    0.172645] tegra-pcie 3000.pcie-controller: 2x3 configuration
[    0.172756] vdd_1v5_gen: supplied by vdd_5v_in
[    0.172802] vdd_pexa,vdd_pexb: supplied by vdd_1v5_gen
[    0.172898] tegra-pcie 3000.pcie-controller: Failed to get supply 'hvdd-pex': -517
[    0.176777] tegra-apbdma 6000a000.dma: Tegra20 APB DMA driver register 32 channels
[    0.177948] tegra-pmc 7000e400.pmc: i2c-thermtrip node not found, emergency thermal reset disabled.
[    0.210144] Serial: 8250/16550 driver, 4 ports, IRQ sharing disabled
[    0.212294] console [ttyS0] disabled
[    0.212333] 70006000.serial: ttyS0 at MMIO 0x70006000 (irq = 331, base_baud = 25500000) is a Tegra
[    1.134169] console [ttyS0] enabled
[    1.138155] SuperH (H)SCI(F) driver initialized
[    1.143290] msm_serial: driver initialized
[    1.147508] STMicroelectronics ASC driver initialized
[    1.154208] [drm] Initialized drm 1.1.0 20060810
[    1.160685] tegra-hdmi 54280000.hdmi: failed to get HDMI regulator
[    1.174594] brd: module loaded
[    1.181465] loop: module loaded
[    1.189723] m25p80 spi32766.1: w25q32 (4096 Kbytes)
[    1.196546] libphy: Fixed MDIO Bus: probed
[    1.201065] CAN device driver interface
[    1.206025] igb: Intel(R) Gigabit Ethernet Network Driver - version 5.3.0-k
[    1.212978] igb: Copyright (c) 2007-2014 Intel Corporation.
[    1.220388] pegasus: v0.9.3 (2013/04/25), Pegasus/Pegasus II USB Ethernet driver
[    1.227829] usbcore: registered new interface driver pegasus
[    1.233515] usbcore: registered new interface driver asix
[    1.238936] usbcore: registered new interface driver ax88179_178a
[    1.245048] usbcore: registered new interface driver cdc_ether
[    1.250915] usbcore: registered new interface driver smsc75xx
[    1.256689] usbcore: registered new interface driver smsc95xx
[    1.262453] usbcore: registered new interface driver net1080
[    1.268130] usbcore: registered new interface driver cdc_subset
[    1.274067] usbcore: registered new interface driver zaurus
[    1.279692] usbcore: registered new interface driver cdc_ncm
[    1.286721] ehci_hcd: USB 2.0 'Enhanced' Host Controller (EHCI) Driver
[    1.293249] ehci-pci: EHCI PCI platform driver
[    1.297724] ehci-platform: EHCI generic platform driver
[    1.303073] ehci-omap: OMAP-EHCI Host Controller driver
[    1.308374] ehci-orion: EHCI orion driver
[    1.312465] SPEAr-ehci: EHCI SPEAr driver
[    1.316554] ehci-st: EHCI STMicroelectronics driver
[    1.321509] ehci-exynos: EHCI EXYNOS driver
[    1.325783] ehci-atmel: EHCI Atmel driver
[    1.329872] tegra-ehci: Tegra EHCI driver
[    1.334208] ohci_hcd: USB 1.1 'Open' Host Controller (OHCI) Driver
[    1.340397] ohci-pci: OHCI PCI platform driver
[    1.344871] ohci-platform: OHCI generic platform driver
[    1.350196] ohci-omap3: OHCI OMAP3 driver
[    1.354285] SPEAr-ohci: OHCI SPEAr driver
[    1.358370] ohci-st: OHCI STMicroelectronics driver
[    1.363325] ohci-atmel: OHCI Atmel driver
[    1.367772] usbcore: registered new interface driver usb-storage
[    1.374801] mousedev: PS/2 mouse device common for all mice
[    1.382442] tegra_rtc 7000e000.rtc: rtc core: registered 7000e000.rtc as rtc1
[    1.389612] tegra_rtc 7000e000.rtc: Tegra internal Real Time Clock
[    1.408325] tps65910-rtc tps65910-rtc: rtc core: registered tps65910-rtc as rtc0
[    1.415924] i2c /dev entries driver
[    1.426374] sdhci: Secure Digital Host Controller Interface driver
[    1.432556] sdhci: Copyright(c) Pierre Ossman
[    1.437830] Synopsys Designware Multimedia Card Interface Driver
[    1.444485] sdhci-pltfm: SDHCI platform and OF driver helper
[    1.450666] sdhci-tegra 78000000.sdhci: Got CD GPIO
[    1.455552] sdhci-tegra 78000000.sdhci: Got WP GPIO
[    1.461575] mmc0: Invalid maximum block size, assuming 512 bytes
[    1.503630] mmc0: SDHCI controller on 78000000.sdhci [78000000.sdhci] using ADMA
[    1.514249] mmc1: Invalid maximum block size, assuming 512 bytes
[    1.553557] mmc1: SDHCI controller on 78000600.sdhci [78000600.sdhci] using ADMA
[    1.562199] ledtrig-cpu: registered to indicate activity on CPUs
[    1.568523] usbcore: registered new interface driver usbhid
[    1.574092] usbhid: USB HID core driver
[    1.581230] NET: Registered protocol family 10
[    1.586265] sit: IPv6 over IPv4 tunneling driver
[    1.593366] NET: Registered protocol family 17
[    1.597823] can: controller area network core (rev 20120528 abi 9)
[    1.604039] NET: Registered protocol family 29
[    1.608474] can: raw protocol (rev 20120528)
[    1.612743] can: broadcast manager protocol (rev 20120528 t)
[    1.618401] can: netlink gateway (rev 20130117) max_hops=1
[    1.624172] Key type dns_resolver registered
[    1.628851] ThumbEE CPU extension supported.
[    1.633118] Registering SWP/SWPB emulation handler
[    1.669526] tegra-pcie 3000.pcie-controller: 2x3 configuration
[    1.675509] sys_3v3,vdd_3v3_alw: supplied by vdd_5v_in
[    1.680667] sys_3v3_pexs: supplied by sys_3v3,vdd_3v3_alw
[    1.689735] tegra-pcie 3000.pcie-controller: probing port 0, using 2 lanes
[    1.716935] mmc1: new high speed MMC card at address 0001
[    1.722678] mmcblk0: mmc1:0001 SEM16G 14.8 GiB 
[    1.728108] mmcblk0boot0: mmc1:0001 SEM16G partition 1 1.00 MiB
[    1.734522] mmcblk0boot1: mmc1:0001 SEM16G partition 2 1.00 MiB
[    1.740573] mmcblk0rpmb: mmc1:0001 SEM16G partition 3 128 KiB
[    1.749405] Primary GPT is invalid, using alternate GPT.
[    1.754732]  mmcblk0: p1 p2 p3 p4 p5
[    1.754914] tegra-pcie 3000.pcie-controller: probing port 2, using 2 lanes
[    2.158185] tegra-pcie 3000.pcie-controller: link 2 down, retrying
[    2.568173] tegra-pcie 3000.pcie-controller: link 2 down, retrying
[    2.978164] tegra-pcie 3000.pcie-controller: link 2 down, retrying
[    2.986353] tegra-pcie 3000.pcie-controller: link 2 down, ignoring
[    2.992659] tegra-pcie 3000.pcie-controller: PCI host bridge to bus 0000:00
[    2.999621] pci_bus 0000:00: root bus resource [io  0x0000-0xffff]
[    3.005793] pci_bus 0000:00: root bus resource [mem 0x20000000-0x27ffffff]
[    3.012659] pci_bus 0000:00: root bus resource [mem 0x28000000-0x3fffffff pref]
[    3.019957] pci_bus 0000:00: root bus resource [bus 00-ff]
[    3.025457] pci 0000:00:01.0: [10de:0e1c] type 01 class 0x060400
[    3.031514] pci 0000:00:01.0: PME# supported from D0 D1 D2 D3hot D3cold
[    3.038272] PCI: bus0: Fast back to back transfers disabled
[    3.043844] pci 0000:00:01.0: bridge configuration invalid ([bus 00-00]), reconfiguring
[    3.051928] pci 0000:01:00.0: [10ec:8168] type 00 class 0x020000
[    3.057944] pci 0000:01:00.0: reg 0x10: [io  0x0000-0x00ff]
[    3.063523] pci 0000:01:00.0: reg 0x18: [mem 0x00000000-0x00000fff 64bit pref]
[    3.070742] pci 0000:01:00.0: reg 0x20: [mem 0x00000000-0x00003fff 64bit pref]
[    3.078022] pci 0000:01:00.0: supports D1 D2
[    3.082287] pci 0000:01:00.0: PME# supported from D0 D1 D2 D3hot D3cold
[    3.098572] PCI: bus1: Fast back to back transfers disabled
[    3.104143] pci_bus 0000:01: busn_res: [bus 01-ff] end is updated to 01
[    3.110811] pci 0000:00:01.0: BAR 9: assigned [mem 0x28000000-0x280fffff 64bit pref]
[    3.118547] pci 0000:00:01.0: BAR 7: assigned [io  0x1000-0x1fff]
[    3.124635] pci 0000:01:00.0: BAR 4: assigned [mem 0x28000000-0x28003fff 64bit pref]
[    3.132376] pci 0000:01:00.0: BAR 2: assigned [mem 0x28004000-0x28004fff 64bit pref]
[    3.140116] pci 0000:01:00.0: BAR 0: assigned [io  0x1000-0x10ff]
[    3.146203] pci 0000:00:01.0: PCI bridge to [bus 01]
[    3.151161] pci 0000:00:01.0:   bridge window [io  0x1000-0x1fff]
[    3.157246] pci 0000:00:01.0:   bridge window [mem 0x28000000-0x280fffff 64bit pref]
[    3.164990] pci 0000:00:01.0: nv_msi_ht_cap_quirk didn't locate host bridge
[    3.172033] pcieport 0000:00:01.0: enabling device (0140 -> 0143)
[    3.178254] pcieport 0000:00:01.0: Signaling PME through PCIe PME interrupt
[    3.185209] pci 0000:01:00.0: Signaling PME through PCIe PME interrupt
[    3.191728] pcie_pme 0000:00:01.0:pcie01: service driver pcie_pme loaded
[    3.198606] r8169 Gigabit Ethernet driver 2.3LK-NAPI loaded
[    3.204191] r8169 0000:01:00.0: enabling device (0140 -> 0143)
[    3.211301] r8169 0000:01:00.0 eth0: RTL8168evl/8111evl at 0xf09f2000, 02:04:4b:01:60:a6, XID 0c900800 IRQ 375
[    3.221301] r8169 0000:01:00.0 eth0: jumbo features [frames: 9200 bytes, tx checksumming: ko]
[    3.230764] +VDD_5V_HDMI: supplied by sys_3v3,vdd_3v3_alw
[    3.236272] vdd_1v8_gen: supplied by vdd_5v_in
[    3.243483] [drm] Supports vblank timestamp caching Rev 2 (21.10.2013).
[    3.250103] [drm] No driver support for vblank timestamp query.
[    3.256048] drm drm: No connectors reported connected with modes
[    3.262055] [drm] Cannot find any crtc or sizes - going 1024x768
[    3.290400] Console: switching to colour frame buffer device 128x48
[    3.302901] drm drm: fb0:  frame buffer device
[    3.318940] [drm] Initialized tegra 0.0.0 20120330 on minor 0
[    3.327672] usb3_vbus: supplied by vdd_5v_in
[    3.334190] utmi_phy_clk_enable: timeout waiting for phy to stabilize
[    3.340648] tegra-ehci 7d004000.usb: EHCI Host Controller
[    3.346060] tegra-ehci 7d004000.usb: new USB bus registered, assigned bus number 1
[    3.353892] tegra-ehci 7d004000.usb: irq 343, io mem 0x7d004000
[    3.368951] tegra-ehci 7d004000.usb: USB 2.0 started, EHCI 1.00
[    3.376196] hub 1-0:1.0: USB hub found
[    3.379971] hub 1-0:1.0: 1 port detected
[    3.384952] tegra-ehci 7d008000.usb: EHCI Host Controller
[    3.390365] tegra-ehci 7d008000.usb: new USB bus registered, assigned bus number 2
[    3.398108] tegra-ehci 7d008000.usb: irq 344, io mem 0x7d008000
[    3.413945] tegra-ehci 7d008000.usb: USB 2.0 started, EHCI 1.00
[    3.421090] hub 2-0:1.0: USB hub found
[    3.424857] hub 2-0:1.0: 1 port detected
[    3.433658] tps65910-rtc tps65910-rtc: setting system clock to 2000-01-01 00:00:02 UTC (946684802)
[    3.447398] vdd_sata,avdd_plle: disabling
[    3.452209] usb1_vbus: disabling
[    3.458185] EXT4-fs (mmcblk0p1): mounting ext3 file system using the ext4 subsystem
[    3.477239] EXT4-fs (mmcblk0p1): warning: mounting fs with errors, running e2fsck is recommended
[    3.489062] EXT4-fs (mmcblk0p1): recovery complete
[    3.493864] EXT4-fs (mmcblk0p1): mounted filesystem with ordered data mode. Opts: (null)
[    3.501971] VFS: Mounted root (ext3 filesystem) on device 179:1.
[    3.520324] devtmpfs: mounted
[    3.525946] Freeing unused kernel memory: 2048K (c1100000 - c1300000)
bash: cannot set terminal process group (-1): Inappropriate ioctl for device
bash: no job control in this shell
root@(none):/# [    3.743577] usb 2-1: new high-speed USB device number 2 using tegra-ehci
mount -t sysfs none /sys
root@(none):/# 
root@(none):/# [    4.695632] asix 2-1:1.0 eth1: register 'asix' at usb-7d008000.usb-1, ASIX AX88772 USB 2.0 Ethernet, 00:50:b6:0f:67:60
mount -t debugfs none /sys/kernel/debug
root@(none):/# 
root@(none):/# rtcwake -d rtc1 -m mem -s 3
rtcwake: wakeup from "mem" using /dev/rtc1 at Thu Jan  1 00:00:21 1970
[    6.463570] PM: Syncing filesystems ... done.
[    6.477538] Freezing user space processes ... (elapsed 0.001 seconds) done.
[    6.485657] Freezing remaining freezable tasks ... (elapsed 0.001 seconds) done.
[    6.494299] Suspending console(s) (use no_console_suspend to debug)
[    6.531738] PM: suspend of devices complete after 30.159 msecs
[    6.533233] PM: late suspend of devices complete after 1.486 msecs
[    6.549014] PM: noirq suspend of devices complete after 15.775 msecs
[    6.549017] Disabling non-boot CPUs ...
[    6.549676] CPU1: shutdown
[    6.564950] CPU2: shutdown
[    6.579407] IRQ17 no longer affine to CPU3
[    6.579617] CPU3: shutdown
[    6.594042] Entering suspend state LP1
[    6.594054] Enabling non-boot CPUs ...
[    6.619567] CPU1 is up
[    6.644661] CPU2 is up
[    6.669797] CPU3 is up
[    6.670408] pcieport 0000:00:01.0: nv_msi_ht_cap_quirk didn't locate host bridge
[    6.683625] PM: noirq resume of devices complete after 13.820 msecs
[    6.684641] PM: early resume of devices complete after 0.633 msecs
[    6.751378] PM: resume of devices complete after 66.728 msecs
[    6.826594] Restarting tasks ... done.
root@(none):/# 
root@(none):/# rtcwake -d rtc1 -m mem -s 3
rtcwake: wakeup from "mem" using /dev/rtc1 at Thu Jan  1 00:00:25 1970
[    7.180387] PM: Syncing filesystems ... done.
[    7.192421] Freezing user space processes ... (elapsed 0.001 seconds) done.
[    7.200540] Freezing remaining freezable tasks ... (elapsed 0.001 seconds) done.
[    7.209159] Suspending console(s) (use no_console_suspend to debug)
[    7.247474] PM: suspend of devices complete after 31.139 msecs
[    7.248539] PM: late suspend of devices complete after 1.056 msecs
[    7.263998] PM: noirq suspend of devices complete after 15.453 msecs
[    7.264002] Disabling non-boot CPUs ...
[    7.264355] IRQ17 no longer affine to CPU1
[    7.264657] CPU1: shutdown
[    7.279922] CPU2: shutdown
[    7.294559] CPU3: shutdown
[    7.309007] Entering suspend state LP1
[    7.309023] Enabling non-boot CPUs ...
[    7.334706] CPU1 is up
[    7.359786] CPU2 is up
[    7.384952] CPU3 is up
[    7.385701] pcieport 0000:00:01.0: nv_msi_ht_cap_quirk didn't locate host bridge
[    7.398590] PM: noirq resume of devices complete after 13.631 msecs
[    7.400277] PM: early resume of devices complete after 1.250 msecs
[    7.471941] PM: resume of devices complete after 71.654 msecs
[    7.547473] Restarting tasks ... done.
root@(none):/# 
root@(none):/# rtcwake -d rtc1 -m mem -s 3
rtcwake: wakeup from "mem" using /dev/rtc1 at Thu Jan  1 00:00:29 1970
[    7.909656] PM: Syncing filesystems ... done.
[    7.924386] Freezing user space processes ... (elapsed 0.001 seconds) done.
[    7.932527] Freezing remaining freezable tasks ... (elapsed 0.001 seconds) done.
[    7.941204] Suspending console(s) (use no_console_suspend to debug)
[    7.983544] PM: suspend of devices complete after 34.855 msecs
[    7.985357] PM: late suspend of devices complete after 1.804 msecs
[    7.999063] PM: noirq suspend of devices complete after 13.698 msecs
[    7.999068] Disabling non-boot CPUs ...
[    7.999901] CPU1: shutdown
[    8.025141] CPU2: shutdown
[    8.039417] IRQ17 no longer affine to CPU3
[    8.039654] CPU3: shutdown
[    8.054047] Entering suspend state LP1
[    8.054061] Enabling non-boot CPUs ...
[    8.079688] CPU1 is up
[    8.104782] CPU2 is up
[    8.129918] CPU3 is up
[    8.130661] pcieport 0000:00:01.0: nv_msi_ht_cap_quirk didn't locate host bridge
[    8.143566] PM: noirq resume of devices complete after 13.640 msecs
[    8.145752] PM: early resume of devices complete after 1.748 msecs
[    8.216136] PM: resume of devices complete after 70.374 msecs
[    8.291585] Restarting tasks ... done.
root@(none):/# 
root@(none):/# rtcwake -d rtc1 -m mem -s 3
rtcwake: wakeup from "mem" using /dev/rtc1 at Thu Jan  1 00:00:33 1970
[    8.654979] PM: Syncing filesystems ... done.
[    8.668212] Freezing user space processes ... (elapsed 0.001 seconds) done.
[    8.676361] Freezing remaining freezable tasks ... (elapsed 0.001 seconds) done.
[    8.685030] Suspending console(s) (use no_console_suspend to debug)
[    8.720983] PM: suspend of devices complete after 28.470 msecs
[    8.721806] PM: late suspend of devices complete after 0.812 msecs
[    8.734048] PM: noirq suspend of devices complete after 12.235 msecs
[    8.734052] Disabling non-boot CPUs ...
[    8.734485] IRQ17 no longer affine to CPU1
[    8.734867] CPU1: shutdown
[    8.750144] CPU2: shutdown
[    8.769578] CPU3: shutdown
[    8.784029] Entering suspend state LP1
[    8.784044] Enabling non-boot CPUs ...
[    8.809654] CPU1 is up
[    8.834744] CPU2 is up
[    8.859881] CPU3 is up
[    8.860634] pcieport 0000:00:01.0: nv_msi_ht_cap_quirk didn't locate host bridge
[    8.873541] PM: noirq resume of devices complete after 13.654 msecs
[    8.875233] PM: early resume of devices complete after 1.247 msecs
[    8.946814] PM: resume of devices complete after 71.570 msecs
[    9.022276] Restarting tasks ... done.
root@(none):/# 
root@(none):/# rtcwake -d rtc1 -m mem -s 3
rtcwake: wakeup from "mem" using /dev/rtc1 at Thu Jan  1 00:00:37 1970
[    9.381790] PM: Syncing filesystems ... done.
[    9.396029] Freezing user space processes ... (elapsed 0.001 seconds) done.
[    9.404196] Freezing remaining freezable tasks ... (elapsed 0.001 seconds) done.
[    9.412857] Suspending console(s) (use no_console_suspend to debug)
[    9.452472] PM: suspend of devices complete after 32.154 msecs
[    9.453283] PM: late suspend of devices complete after 0.801 msecs
[    9.469014] PM: noirq suspend of devices complete after 15.725 msecs
[    9.469019] Disabling non-boot CPUs ...
[    9.469827] CPU1: shutdown
[    9.494846] IRQ17 no longer affine to CPU2
[    9.495118] CPU2: shutdown
[    9.509580] CPU3: shutdown
[    9.523992] Entering suspend state LP1
[    9.524006] Enabling non-boot CPUs ...
[    9.549637] CPU1 is up
[    9.574720] CPU2 is up
[    9.599868] CPU3 is up
[    9.600598] pcieport 0000:00:01.0: nv_msi_ht_cap_quirk didn't locate host bridge
[    9.613540] PM: noirq resume of devices complete after 13.664 msecs
[    9.615698] PM: early resume of devices complete after 1.738 msecs
[    9.686848] PM: resume of devices complete after 71.137 msecs
[    9.762291] Restarting tasks ... done.
root@(none):/# 
root@(none):/# rtcwake -d rtc1 -m mem -s 3
rtcwake: wakeup from "mem" using /dev/rtc1 at Thu Jan  1 00:00:41 1970
[   10.106486] PM: Syncing filesystems ... done.
[   10.119709] Freezing user space processes ... (elapsed 0.001 seconds) done.
[   10.127862] Freezing remaining freezable tasks ... (elapsed 0.001 seconds) done.
[   10.136539] Suspending console(s) (use no_console_suspend to debug)
[   10.177441] PM: suspend of devices complete after 33.421 msecs
[   10.178279] PM: late suspend of devices complete after 0.828 msecs
[   10.194014] PM: noirq suspend of devices complete after 15.727 msecs
[   10.194019] Disabling non-boot CPUs ...
[   10.194458] IRQ17 no longer affine to CPU1
[   10.194845] CPU1: shutdown
[   10.220060] CPU2: shutdown
[   10.234634] CPU3: shutdown
[   10.248953] Entering suspend state LP1
[   10.248968] Enabling non-boot CPUs ...
[   10.274614] CPU1 is up
[   10.299719] CPU2 is up
[   10.324848] CPU3 is up
[   10.325617] pcieport 0000:00:01.0: nv_msi_ht_cap_quirk didn't locate host bridge
[   10.338515] PM: noirq resume of devices complete after 13.657 msecs
[   10.341196] PM: early resume of devices complete after 2.250 msecs
[   10.411859] PM: resume of devices complete after 70.653 msecs
[   10.487336] Restarting tasks ... done.
root@(none):/# 
root@(none):/# rtcwake -d rtc1 -m mem -s 3
rtcwake: wakeup from "mem" using /dev/rtc1 at Thu Jan  1 00:00:45 1970
[   10.825494] PM: Syncing filesystems ... done.
[   10.839749] Freezing user space processes ... (elapsed 0.001 seconds) done.
[   10.847902] Freezing remaining freezable tasks ... (elapsed 0.001 seconds) done.
[   10.856573] Suspending console(s) (use no_console_suspend to debug)
[   10.896936] PM: suspend of devices complete after 32.871 msecs
[   10.898806] PM: late suspend of devices complete after 1.858 msecs
[   10.913979] PM: noirq suspend of devices complete after 15.162 msecs
[   10.913984] Disabling non-boot CPUs ...
[   10.914426] IRQ17 no longer affine to CPU1
[   10.914818] CPU1: shutdown
[   10.940078] CPU2: shutdown
[   10.954568] CPU3: shutdown
[   10.968933] Entering suspend state LP1
[   10.968946] Enabling non-boot CPUs ...
[   10.994597] CPU1 is up
[   11.019692] CPU2 is up
[   11.044819] CPU3 is up
[   11.045559] pcieport 0000:00:01.0: nv_msi_ht_cap_quirk didn't locate host bridge
[   11.058473] PM: noirq resume of devices complete after 13.645 msecs
[   11.060681] PM: early resume of devices complete after 1.790 msecs
[   11.130843] PM: resume of devices complete after 70.153 msecs
[   11.206268] Restarting tasks ... done.
root@(none):/# 
root@(none):/# rtcwake -d rtc1 -m mem -s 3
rtcwake: wakeup from "mem" using /dev/rtc1 at Thu Jan  1 00:00:49 1970
[   11.552392] PM: Syncing filesystems ... done.
[   11.566643] Freezing user space processes ... (elapsed 0.001 seconds) done.
[   11.574806] Freezing remaining freezable tasks ... (elapsed 0.001 seconds) done.
[   11.583476] Suspending console(s) (use no_console_suspend to debug)
[   11.621404] PM: suspend of devices complete after 30.459 msecs
[   11.623265] PM: late suspend of devices complete after 1.852 msecs
[   11.638942] PM: noirq suspend of devices complete after 15.670 msecs
[   11.638947] Disabling non-boot CPUs ...
[   11.639374] IRQ17 no longer affine to CPU1
[   11.639765] CPU1: shutdown
[   11.665057] CPU2: shutdown
[   11.679525] CPU3: shutdown
[   11.693911] Entering suspend state LP1
[   11.693926] Enabling non-boot CPUs ...
[   11.719564] CPU1 is up
[   11.744639] CPU2 is up
[   11.769780] CPU3 is up
[   11.770532] pcieport 0000:00:01.0: nv_msi_ht_cap_quirk didn't locate host bridge
[   11.783449] PM: noirq resume of devices complete after 13.661 msecs
[   11.784627] PM: early resume of devices complete after 0.758 msecs
[   11.856807] PM: resume of devices complete after 72.167 msecs
[   11.932281] Restarting tasks ... done.
root@(none):/# 
root@(none):/# rtcwake -d rtc1 -m mem -s 3
rtcwake: wakeup from "mem" using /dev/rtc1 at Thu Jan  1 00:00:53 1970
[   12.276406] PM: Syncing filesystems ... done.
[   12.289657] Freezing user space processes ... (elapsed 0.001 seconds) done.
[   12.297807] Freezing remaining freezable tasks ... (elapsed 0.001 seconds) done.
[   12.306484] Suspending console(s) (use no_console_suspend to debug)
[   12.346357] PM: suspend of devices complete after 32.393 msecs
[   12.347160] PM: late suspend of devices complete after 0.793 msecs
[   12.358936] PM: noirq suspend of devices complete after 11.769 msecs
[   12.358941] Disabling non-boot CPUs ...
[   12.359381] IRQ17 no longer affine to CPU1
[   12.359771] CPU1: shutdown
[   12.375013] CPU2: shutdown
[   12.389518] CPU3: shutdown
[   12.403907] Entering suspend state LP1
[   12.403922] Enabling non-boot CPUs ...
[   12.429561] CPU1 is up
[   12.454631] CPU2 is up
[   12.479777] CPU3 is up
[   12.480505] pcieport 0000:00:01.0: nv_msi_ht_cap_quirk didn't locate host bridge
[   12.493442] PM: noirq resume of devices complete after 13.656 msecs
[   12.495109] PM: early resume of devices complete after 1.240 msecs
[   12.561508] PM: resume of devices complete after 66.388 msecs
[   12.636968] Restarting tasks ... done.
root@(none):/# 
root@(none):/# rtcwake -d rtc1 -m mem -s 3
rtcwake: wakeup from "mem" using /dev/rtc1 at Thu Jan  1 00:00:57 1970
[   12.996397] PM: Syncing filesystems ... done.
[   13.011164] Freezing user space processes ... (elapsed 0.001 seconds) done.
[   13.019322] Freezing remaining freezable tasks ... (elapsed 0.001 seconds) done.
[   13.027984] Suspending console(s) (use no_console_suspend to debug)
[   13.068929] PM: suspend of devices complete after 33.477 msecs
[   13.072320] PM: late suspend of devices complete after 3.379 msecs
[   13.083908] PM: noirq suspend of devices complete after 11.579 msecs
[   13.083912] Disabling non-boot CPUs ...
[   13.084752] CPU1: shutdown
[   13.109751] IRQ17 no longer affine to CPU2
[   13.110022] CPU2: shutdown
[   13.124476] CPU3: shutdown
[   13.138878] Entering suspend state LP1
[   13.138892] Enabling non-boot CPUs ...
[   13.164521] CPU1 is up
[   13.189610] CPU2 is up
[   13.214744] CPU3 is up
[   13.215470] pcieport 0000:00:01.0: nv_msi_ht_cap_quirk didn't locate host bridge
[   13.228408] PM: noirq resume of devices complete after 13.658 msecs
[   13.230604] PM: early resume of devices complete after 1.765 msecs
[   13.300752] PM: resume of devices complete after 70.139 msecs
[   13.376212] Restarting tasks ... done.
root@(none):/# 
root@(none):/# NVTB SYSTEM SUSPEND TEST COMPLETE
