
U-Boot SPL 2014.01-00219-gc4d376f (Feb 18 2014 - 19:57:18)


U-Boot 2014.01-00219-gc4d376f (Feb 18 2014 - 19:57:18)

TEGRA30
Board: NVIDIA Beaver
I2C:   ready
DRAM:  2 GiB
MMC:   Tegra SD/MMC: 0, Tegra SD/MMC: 1
In:    serial
Out:   serial
Err:   serial
Net:   Net Initialization Skipped
No ethernet found.
Hit any key to stop autoboot:  2  0 
Tegra30 (Beaver) # 
Tegra30 (Beaver) # usb reset
(Re)start USB...
USB0:   USB EHCI 1.00
scanning bus 0 for devices... 2 USB Device(s) found
       scanning usb for storage devices... 0 Storage Device(s) found
       scanning usb for ethernet devices... 
Warning: asx0 using MAC address from net device
1 Ethernet Device(s) found
Tegra30 (Beaver) # setenv bootargs 'ignore_loglevel console=ttyS0,115200n8 rw root=PARTUUID=edbe1840-3633-c751-7993-b0ac834f81e0 rootwait gpt debug noinitrd earlyprintk init=/bin/bash'
Tegra30 (Beaver) # setenv ipaddr 192.168.100.101; setenv serverip 192.168.100.1; setenv tftpserverip 192.168.100.1
Tegra30 (Beaver) # tftpboot 0x81000000 zImage.multi_v7_defconfig
Using asx0 device
TFTP from server 192.168.100.1; our IP address is 192.168.100.101
Filename 'zImage.multi_v7_defconfig'.
Load address: 0x81000000
Loading: *#################################################################
	 #################################################################
	 #################################################################
	 #################################################################
	 #################################################################
	 #################################################################
	 #################################################################
	 #################################################################
	 ################
	 3.2 MiB/s
done
Bytes transferred = 7859720 (77ee08 hex)
Tegra30 (Beaver) # tftpboot 0x82000000 tegra30-beaver.dtb
Using asx0 device
TFTP from server 192.168.100.1; our IP address is 192.168.100.101
Filename 'tegra30-beaver.dtb'.
Load address: 0x82000000
Loading: *####
	 3.1 MiB/s
done
Bytes transferred = 51804 (ca5c hex)
Tegra30 (Beaver) # bootz 0x81000000 - 0x82000000
Kernel image @ 0x81000000 [ 0x000000 - 0x77ee08 ]
## Flattened Device Tree blob at 82000000
   Booting using the fdt blob at 0x82000000
   Loading Device Tree to 8fff0000, end 8ffffa5b ... OK

Starting kernel ...

[    0.000000] Booting Linux on physical CPU 0x0
[    0.000000] Linux version 4.11.0-rc5-next-20170403-163516-g58e756c (jonathanh@sellafield) (gcc version 4.7.3 20130328 (prerelease) (crosstool-NG linaro-1.13.1-4.7-2013.04-20130415 - Linaro GCC 2013.04) ) #1 SMP Mon Apr 3 01:24:17 PDT 2017
[    0.000000] CPU: ARMv7 Processor [412fc099] revision 9 (ARMv7), cr=10c5387d
[    0.000000] CPU: PIPT / VIPT nonaliasing data cache, VIPT aliasing instruction cache
[    0.000000] OF: fdt: Machine model: NVIDIA Tegra30 Beaver evaluation board
[    0.000000] debug: ignoring loglevel setting.
[    0.000000] Memory policy: Data cache writealloc
[    0.000000] efi: Getting EFI parameters from FDT:
[    0.000000] efi: UEFI not found.
[    0.000000] cma: Reserved 64 MiB at 0xfb800000
[    0.000000] On node 0 totalpages: 524032
[    0.000000] free_area_init_node: node 0, pgdat c157d1c0, node_mem_map eeff8000
[    0.000000]   DMA zone: 1536 pages used for memmap
[    0.000000]   DMA zone: 0 pages reserved
[    0.000000]   DMA zone: 196608 pages, LIFO batch:31
[    0.000000]   HighMem zone: 327424 pages, LIFO batch:31
[    0.000000] percpu: Embedded 17 pages/cpu @eef88000 s38528 r8192 d22912 u69632
[    0.000000] pcpu-alloc: s38528 r8192 d22912 u69632 alloc=17*4096
[    0.000000] pcpu-alloc: [0] 0 [0] 1 [0] 2 [0] 3 
[    0.000000] Built 1 zonelists in Zone order, mobility grouping on.  Total pages: 522496
[    0.000000] Kernel command line: ignore_loglevel console=ttyS0,115200n8 rw root=PARTUUID=edbe1840-3633-c751-7993-b0ac834f81e0 rootwait gpt debug noinitrd earlyprintk init=/bin/bash
[    0.000000] PID hash table entries: 4096 (order: 2, 16384 bytes)
[    0.000000] Dentry cache hash table entries: 131072 (order: 7, 524288 bytes)
[    0.000000] Inode-cache hash table entries: 65536 (order: 6, 262144 bytes)
[    0.000000] Memory: 1993496K/2096128K available (10240K kernel code, 1555K rwdata, 4384K rodata, 2048K init, 417K bss, 37096K reserved, 65536K cma-reserved, 1244160K highmem)
[    0.000000] Virtual kernel memory layout:
[    0.000000]     vector  : 0xffff0000 - 0xffff1000   (   4 kB)
[    0.000000]     fixmap  : 0xffc00000 - 0xfff00000   (3072 kB)
[    0.000000]     vmalloc : 0xf0800000 - 0xff800000   ( 240 MB)
[    0.000000]     lowmem  : 0xc0000000 - 0xf0000000   ( 768 MB)
[    0.000000]     pkmap   : 0xbfe00000 - 0xc0000000   (   2 MB)
[    0.000000]     modules : 0xbf000000 - 0xbfe00000   (  14 MB)
[    0.000000]       .text : 0xc0208000 - 0xc0d00000   (11232 kB)
[    0.000000]       .init : 0xc1200000 - 0xc1400000   (2048 kB)
[    0.000000]       .data : 0xc1400000 - 0xc1584c10   (1556 kB)
[    0.000000]        .bss : 0xc1586000 - 0xc15ee648   ( 418 kB)
[    0.000000] SLUB: HWalign=64, Order=0-3, MinObjects=0, CPUs=4, Nodes=1
[    0.000000] Hierarchical RCU implementation.
[    0.000000] 	RCU debugfs-based tracing is enabled.
[    0.000000] 	RCU restricting CPUs from NR_CPUS=16 to nr_cpu_ids=4.
[    0.000000] RCU: Adjusting geometry for rcu_fanout_leaf=16, nr_cpu_ids=4
[    0.000000] NR_IRQS:16 nr_irqs:16 16
[    0.000000] /interrupt-controller@60004000: 160 interrupts forwarded to /interrupt-controller@50041000
[    0.000000] L2C: platform modifies aux control register: 0x02080000 -> 0x3e480001
[    0.000000] L2C: DT/platform modifies aux control register: 0x02080000 -> 0x3e480001
[    0.000000] L2C-310 erratum 769419 enabled
[    0.000000] L2C-310 enabling early BRESP for Cortex-A9
[    0.000000] L2C-310: enabling full line of zeros but not enabled in Cortex-A9
[    0.000000] L2C-310 dynamic clock gating enabled, standby mode enabled
[    0.000000] L2C-310 cache controller enabled, 8 ways, 1024 kB
[    0.000000] L2C-310: CACHE_ID 0x410000c7, AUX_CTRL 0x4e480001
[    0.000013] sched_clock: 32 bits at 1000kHz, resolution 1000ns, wraps every 2147483647500ns
[    0.000031] clocksource: timer_us: mask: 0xffffffff max_cycles: 0xffffffff, max_idle_ns: 1911260446275 ns
[    0.000040] Switching to timer-based delay loop, resolution 1000ns
[    0.002807] Console: colour dummy device 80x30
[    0.002835] Calibrating delay loop (skipped), value calculated using timer frequency.. 2.00 BogoMIPS (lpj=10000)
[    0.002845] pid_max: default: 32768 minimum: 301
[    0.002920] Mount-cache hash table entries: 2048 (order: 1, 8192 bytes)
[    0.002929] Mountpoint-cache hash table entries: 2048 (order: 1, 8192 bytes)
[    0.003312] CPU: Testing write buffer coherency: ok
[    0.003630] CPU0: thread -1, cpu 0, socket 0, mpidr 80000000
[    0.003851] Setting up static identity map for 0x80300000 - 0x80300098
[    0.006422] Tegra Revision: A03 SKU: 128 CPU Process: 4 SoC Process: 0
[    0.006915] EFI services will not be available.
[    0.007071] smp: Bringing up secondary CPUs ...
[    0.010379] CPU1: thread -1, cpu 1, socket 0, mpidr 80000001
[    0.020334] CPU2: thread -1, cpu 2, socket 0, mpidr 80000002
[    0.030334] CPU3: thread -1, cpu 3, socket 0, mpidr 80000003
[    0.030380] smp: Brought up 1 node, 4 CPUs
[    0.030393] SMP: Total of 4 processors activated (8.00 BogoMIPS).
[    0.030398] CPU: All CPU(s) started in SVC mode.
[    0.031093] devtmpfs: initialized
[    0.039608] VFP support v0.3: implementor 41 architecture 3 part 30 variant 9 rev 4
[    0.040071] clocksource: jiffies: mask: 0xffffffff max_cycles: 0xffffffff, max_idle_ns: 19112604462750000 ns
[    0.040089] futex hash table entries: 1024 (order: 4, 65536 bytes)
[    0.043441] pinctrl core: initialized pinctrl subsystem
[    0.045196] NET: Registered protocol family 16
[    0.047607] DMA: preallocated 256 KiB pool for atomic coherent allocations
[    0.049292] cpuidle: using governor menu
[    0.064079] No ATAGs?
[    0.064183] hw-breakpoint: found 5 (+1 reserved) breakpoint and 1 watchpoint registers.
[    0.064194] hw-breakpoint: maximum watchpoint size is 4 bytes.
[    0.068639] Serial: AMBA PL011 UART driver
[    0.069127] tegra-mc 7000f000.memory-controller: no memory timings for RAM code 3 registered
[    0.078314] AT91: Could not find identification node
[    0.078770] vdd_5v_sata: Failed to request enable GPIO30: -517
[    0.078786] reg-fixed-voltage regulators:regulator@3: Failed to register regulator: -517
[    0.078830] usb1_vbus: Failed to request enable GPIO238: -517
[    0.078837] reg-fixed-voltage regulators:regulator@4: Failed to register regulator: -517
[    0.078880] usb3_vbus: Failed to request enable GPIO236: -517
[    0.078888] reg-fixed-voltage regulators:regulator@5: Failed to register regulator: -517
[    0.078973] sys_3v3_pexs: Failed to request enable GPIO95: -517
[    0.078981] reg-fixed-voltage regulators:regulator@7: Failed to register regulator: -517
[    0.080850] vgaarb: loaded
[    0.081326] SCSI subsystem initialized
[    0.081465] libata version 3.00 loaded.
[    0.081616] usbcore: registered new interface driver usbfs
[    0.081655] usbcore: registered new interface driver hub
[    0.081688] usbcore: registered new device driver usb
[    0.088785] vrtc: supplied by vdd_5v_in
[    0.092087] vio: supplied by vdd_5v_in
[    0.101827] vdd1: supplied by vdd_5v_in
[    0.103184] vddio_ddr_1v2: Bringing 600000uV into 1200000-1200000uV
[    0.111837] vdd2: supplied by vdd_5v_in
[    0.131826] ldo1: supplied by vdd_1v5_gen
[    0.134217] ldo2: supplied by vdd_1v5_gen
[    0.134689] vdd_sata,avdd_plle: Bringing 1200000uV into 1050000-1050000uV
[    0.136933] ldo3: supplied by vdd_5v_in
[    0.139294] ldo4: supplied by vdd_5v_in
[    0.141832] ldo5: supplied by vdd_5v_in
[    0.151823] ldo6: supplied by vdd_1v8_gen
[    0.152294] avdd_dsi_csi,pwrdet_mipi: Bringing 1000000uV into 1200000-1200000uV
[    0.154558] ldo7: supplied by vdd_1v8_gen
[    0.161828] ldo8: supplied by vdd_1v8_gen
[    0.171948] pps_core: LinuxPPS API ver. 1 registered
[    0.171955] pps_core: Software ver. 5.3.6 - Copyright 2005-2007 Rodolfo Giometti <giometti@linux.it>
[    0.171969] PTP clock support registered
[    0.172110] EDAC MC: Ver: 3.0.0
[    0.173662] clocksource: Switched to clocksource timer_us
[    0.206410] NET: Registered protocol family 2
[    0.206848] TCP established hash table entries: 8192 (order: 3, 32768 bytes)
[    0.206906] TCP bind hash table entries: 8192 (order: 4, 65536 bytes)
[    0.206989] TCP: Hash tables configured (established 8192 bind 8192)
[    0.207128] UDP hash table entries: 512 (order: 2, 16384 bytes)
[    0.207192] UDP-Lite hash table entries: 512 (order: 2, 16384 bytes)
[    0.207366] NET: Registered protocol family 1
[    0.207695] RPC: Registered named UNIX socket transport module.
[    0.207703] RPC: Registered udp transport module.
[    0.207708] RPC: Registered tcp transport module.
[    0.207712] RPC: Registered tcp NFSv4.1 backchannel transport module.
[    0.207722] PCI: CLS 0 bytes, default 64
[    0.208539] hw perfevents: no interrupt-affinity property for /pmu, guessing.
[    0.208746] hw perfevents: enabled with armv7_cortex_a9 PMU driver, 7 counters available
[    0.210024] workingset: timestamp_bits=30 max_order=19 bucket_order=0
[    0.215063] squashfs: version 4.0 (2009/01/31) Phillip Lougher
[    0.215502] NFS: Registering the id_resolver key type
[    0.215528] Key type id_resolver registered
[    0.215532] Key type id_legacy registered
[    0.215566] ntfs: driver 2.1.32 [Flags: R/O].
[    0.216617] bounce: pool size: 64 pages
[    0.216652] Block layer SCSI generic (bsg) driver version 0.4 loaded (major 248)
[    0.216660] io scheduler noop registered
[    0.216664] io scheduler deadline registered
[    0.216773] io scheduler cfq registered (default)
[    0.216779] io scheduler mq-deadline registered
[    0.222896] tegra30-pinctrl 70000868.pinmux: invalid group "sdmmc3_dat6_pd3" for function "rsvd1"
[    0.222912] tegra30-pinctrl 70000868.pinmux: invalid group "sdmmc3_dat7_pd4" for function "rsvd1"
[    0.222925] tegra30-pinctrl 70000868.pinmux: invalid group "vi_vsync_pd6" for function "rsvd1"
[    0.222934] tegra30-pinctrl 70000868.pinmux: invalid group "vi_hsync_pd7" for function "rsvd1"
[    0.223370] tegra30-pinctrl 70000868.pinmux: invalid group "hdmi_int_pn7" for function "rsvd1"
[    0.223412] tegra30-pinctrl 70000868.pinmux: invalid group "ulpi_data3_po4" for function "rsvd1"
[    0.223790] tegra30-pinctrl 70000868.pinmux: invalid group "vi_d10_pt2" for function "rsvd1"
[    0.223805] tegra30-pinctrl 70000868.pinmux: invalid group "vi_d11_pt3" for function "rsvd1"
[    0.223818] tegra30-pinctrl 70000868.pinmux: invalid group "vi_d0_pt4" for function "rsvd1"
[    0.223867] tegra30-pinctrl 70000868.pinmux: invalid group "pu0" for function "rsvd1"
[    0.223897] tegra30-pinctrl 70000868.pinmux: invalid group "pu3" for function "rsvd1"
[    0.223927] tegra30-pinctrl 70000868.pinmux: invalid group "pu6" for function "rsvd1"
[    0.223967] tegra30-pinctrl 70000868.pinmux: invalid group "pv3" for function "rsvd1"
[    0.224437] tegra30-pinctrl 70000868.pinmux: invalid group "pbb0" for function "rsvd1"
[    0.224546] tegra30-pinctrl 70000868.pinmux: invalid group "pcc1" for function "rsvd1"
[    0.229878] tegra-pcie 3000.pcie-controller: 2x3 configuration
[    0.230022] tegra-pcie 3000.pcie-controller: Failed to get supply 'hvdd-pex': -517
[    0.235707] tegra-apbdma 6000a000.dma: Tegra20 APB DMA driver register 32 channels
[    0.237030] tegra-pmc 7000e400.pmc: i2c-thermtrip node not found, emergency thermal reset disabled.
[    0.269570] Serial: 8250/16550 driver, 4 ports, IRQ sharing disabled
[    0.271639] console [ttyS0] disabled
[    0.271677] 70006000.serial: ttyS0 at MMIO 0x70006000 (irq = 331, base_baud = 25500000) is a Tegra
[    1.289128] console [ttyS0] enabled
[    1.293168] SuperH (H)SCI(F) driver initialized
[    1.298299] msm_serial: driver initialized
[    1.302490] STMicroelectronics ASC driver initialized
[    1.311261] tegra-hdmi 54280000.hdmi: failed to get HDMI regulator
[    1.325775] brd: module loaded
[    1.334726] loop: module loaded
[    1.343450] m25p80 spi32766.1: w25q32 (4096 Kbytes)
[    1.350219] libphy: Fixed MDIO Bus: probed
[    1.355050] CAN device driver interface
[    1.359446] bgmac_bcma: Broadcom 47xx GBit MAC driver loaded
[    1.365874] e1000e: Intel(R) PRO/1000 Network Driver - 3.2.6-k
[    1.371690] e1000e: Copyright(c) 1999 - 2015 Intel Corporation.
[    1.377641] igb: Intel(R) Gigabit Ethernet Network Driver - version 5.4.0-k
[    1.384591] igb: Copyright (c) 2007-2014 Intel Corporation.
[    1.392154] pegasus: v0.9.3 (2013/04/25), Pegasus/Pegasus II USB Ethernet driver
[    1.399603] usbcore: registered new interface driver pegasus
[    1.405289] usbcore: registered new interface driver asix
[    1.410692] usbcore: registered new interface driver ax88179_178a
[    1.416799] usbcore: registered new interface driver cdc_ether
[    1.422641] usbcore: registered new interface driver smsc75xx
[    1.428406] usbcore: registered new interface driver smsc95xx
[    1.434166] usbcore: registered new interface driver net1080
[    1.439827] usbcore: registered new interface driver cdc_subset
[    1.445762] usbcore: registered new interface driver zaurus
[    1.451357] usbcore: registered new interface driver cdc_ncm
[    1.458412] ehci_hcd: USB 2.0 'Enhanced' Host Controller (EHCI) Driver
[    1.464935] ehci-pci: EHCI PCI platform driver
[    1.469389] ehci-platform: EHCI generic platform driver
[    1.474732] ehci-orion: EHCI orion driver
[    1.478819] SPEAr-ehci: EHCI SPEAr driver
[    1.482895] ehci-st: EHCI STMicroelectronics driver
[    1.487845] ehci-exynos: EHCI EXYNOS driver
[    1.492105] ehci-atmel: EHCI Atmel driver
[    1.496191] tegra-ehci: Tegra EHCI driver
[    1.500480] ohci_hcd: USB 1.1 'Open' Host Controller (OHCI) Driver
[    1.506663] ohci-pci: OHCI PCI platform driver
[    1.511128] ohci-platform: OHCI generic platform driver
[    1.516453] ohci-omap3: OHCI OMAP3 driver
[    1.520528] SPEAr-ohci: OHCI SPEAr driver
[    1.524613] ohci-st: OHCI STMicroelectronics driver
[    1.529555] ohci-atmel: OHCI Atmel driver
[    1.534008] usbcore: registered new interface driver usb-storage
[    1.542578] tegra_rtc 7000e000.rtc: rtc core: registered 7000e000.rtc as rtc1
[    1.549745] tegra_rtc 7000e000.rtc: Tegra internal Real Time Clock
[    1.558671] random: fast init done
[    1.572001] tps65910-rtc tps65910-rtc: rtc core: registered tps65910-rtc as rtc0
[    1.579595] i2c /dev entries driver
[    1.591357] sdhci: Secure Digital Host Controller Interface driver
[    1.597547] sdhci: Copyright(c) Pierre Ossman
[    1.602826] Synopsys Designware Multimedia Card Interface Driver
[    1.609592] sdhci-pltfm: SDHCI platform and OF driver helper
[    1.615778] sdhci-tegra 78000000.sdhci: Got CD GPIO
[    1.620652] sdhci-tegra 78000000.sdhci: Got WP GPIO
[    1.633846] mmc0: Invalid maximum block size, assuming 512 bytes
[    1.703753] mmc0: SDHCI controller on 78000000.sdhci [78000000.sdhci] using ADMA
[    1.720118] mmc1: Invalid maximum block size, assuming 512 bytes
[    1.783680] mmc1: SDHCI controller on 78000600.sdhci [78000600.sdhci] using ADMA
[    1.792390] ledtrig-cpu: registered to indicate activity on CPUs
[    1.798731] usbcore: registered new interface driver usbhid
[    1.804311] usbhid: USB HID core driver
[    1.811069] NET: Registered protocol family 10
[    1.816192] Segment Routing with IPv6
[    1.819911] sit: IPv6, IPv4 and MPLS over IPv4 tunneling driver
[    1.826248] NET: Registered protocol family 17
[    1.830686] can: controller area network core (rev 20120528 abi 9)
[    1.836904] NET: Registered protocol family 29
[    1.841336] can: raw protocol (rev 20120528)
[    1.845609] can: broadcast manager protocol (rev 20161123 t)
[    1.851256] can: netlink gateway (rev 20130117) max_hops=1
[    1.857000] Key type dns_resolver registered
[    1.861669] ThumbEE CPU extension supported.
[    1.865950] Registering SWP/SWPB emulation handler
[    1.880205] vdd_ddr: supplied by vdd_5v_in
[    1.885181] vdd_5v_sata: supplied by vdd_5v_in
[    1.889957] usb1_vbus: supplied by vdd_5v_in
[    1.894603] usb3_vbus: supplied by vdd_5v_in
[    1.900105] sys_3v3,vdd_3v3_alw: supplied by vdd_5v_in
[    1.906080] sys_3v3_pexs: supplied by sys_3v3,vdd_3v3_alw
[    1.911620] +VDD_5V_HDMI: supplied by sys_3v3,vdd_3v3_alw
[    1.911905] mmc1: new high speed MMC card at address 0001
[    1.913894] mmcblk1: mmc1:0001 SEM16G 14.8 GiB 
[    1.914810] mmcblk1boot0: mmc1:0001 SEM16G partition 1 1.00 MiB
[    1.915711] mmcblk1boot1: mmc1:0001 SEM16G partition 2 1.00 MiB
[    1.917447] mmcblk1rpmb: mmc1:0001 SEM16G partition 3 128 KiB
[    1.945251] tegra-pcie 3000.pcie-controller: 2x3 configuration
[    1.953645] tegra-pcie 3000.pcie-controller: probing port 0, using 2 lanes
[    1.962340] Primary GPT is invalid, using alternate GPT.
[    1.967669]  mmcblk1: p1 p2 p3 p4 p5
[    1.984701] mmc0: new ultra high speed DDR50 SDHC card at address aaaa
[    1.992323] mmcblk0: mmc0:aaaa SS04G 3.69 GiB 
[    2.018881] tegra-pcie 3000.pcie-controller: probing port 2, using 2 lanes
[    2.028702]  mmcblk0: p1 p2 p3
[    2.429665] tegra-pcie 3000.pcie-controller: link 2 down, retrying
[    2.839723] tegra-pcie 3000.pcie-controller: link 2 down, retrying
[    3.249771] tegra-pcie 3000.pcie-controller: link 2 down, retrying
[    3.257957] tegra-pcie 3000.pcie-controller: link 2 down, ignoring
[    3.264246] tegra-pcie 3000.pcie-controller: PCI host bridge to bus 0000:00
[    3.271196] pci_bus 0000:00: root bus resource [io  0x0000-0xffff]
[    3.277374] pci_bus 0000:00: root bus resource [mem 0x20000000-0x27ffffff]
[    3.284241] pci_bus 0000:00: root bus resource [mem 0x28000000-0x3fffffff pref]
[    3.291533] pci_bus 0000:00: root bus resource [bus 00-ff]
[    3.297037] pci 0000:00:01.0: [10de:0e1c] type 01 class 0x060400
[    3.303053] pci_bus 0000:00: 2-byte config write to 0000:00:01.0 offset 0x88 may corrupt adjacent RW1C bits
[    3.312813] pci_bus 0000:00: 2-byte config write to 0000:00:01.0 offset 0x52 may corrupt adjacent RW1C bits
[    3.322556] pci 0000:00:01.0: PME# supported from D0 D1 D2 D3hot D3cold
[    3.329165] pci_bus 0000:00: 2-byte config write to 0000:00:01.0 offset 0x4c may corrupt adjacent RW1C bits
[    3.339052] pci_bus 0000:00: 2-byte config write to 0000:00:01.0 offset 0x3e may corrupt adjacent RW1C bits
[    3.348787] pci_bus 0000:00: 2-byte config write to 0000:00:01.0 offset 0x4 may corrupt adjacent RW1C bits
[    3.358428] pci_bus 0000:00: 1-byte config write to 0000:00:01.0 offset 0xc may corrupt adjacent RW1C bits
[    3.368066] PCI: bus0: Fast back to back transfers disabled
[    3.373625] pci 0000:00:01.0: bridge configuration invalid ([bus 00-00]), reconfiguring
[    3.381617] pci_bus 0000:00: 2-byte config write to 0000:00:01.0 offset 0x3e may corrupt adjacent RW1C bits
[    3.391344] pci_bus 0000:00: 2-byte config write to 0000:00:01.0 offset 0x3e may corrupt adjacent RW1C bits
[    3.401072] pci_bus 0000:00: 2-byte config write to 0000:00:01.0 offset 0x3e may corrupt adjacent RW1C bits
[    3.410799] pci_bus 0000:00: 2-byte config write to 0000:00:01.0 offset 0x6 may corrupt adjacent RW1C bits
[    3.420532] pci 0000:01:00.0: [10ec:8168] type 00 class 0x020000
[    3.426554] pci 0000:01:00.0: reg 0x10: [io  0x0000-0x00ff]
[    3.432126] pci 0000:01:00.0: reg 0x18: [mem 0x00000000-0x00000fff 64bit pref]
[    3.439348] pci 0000:01:00.0: reg 0x20: [mem 0x00000000-0x00003fff 64bit pref]
[    3.446636] pci 0000:01:00.0: supports D1 D2
[    3.450894] pci 0000:01:00.0: PME# supported from D0 D1 D2 D3hot D3cold
[    3.483688] PCI: bus1: Fast back to back transfers disabled
[    3.489249] pci_bus 0000:01: busn_res: [bus 01-ff] end is updated to 01
[    3.495927] pci 0000:00:01.0: BAR 9: assigned [mem 0x28000000-0x280fffff 64bit pref]
[    3.503664] pci 0000:00:01.0: BAR 7: assigned [io  0x1000-0x1fff]
[    3.509745] pci 0000:01:00.0: BAR 4: assigned [mem 0x28000000-0x28003fff 64bit pref]
[    3.517491] pci 0000:01:00.0: BAR 2: assigned [mem 0x28004000-0x28004fff 64bit pref]
[    3.525235] pci 0000:01:00.0: BAR 0: assigned [io  0x1000-0x10ff]
[    3.531316] pci 0000:00:01.0: PCI bridge to [bus 01]
[    3.536275] pci 0000:00:01.0:   bridge window [io  0x1000-0x1fff]
[    3.542354] pci 0000:00:01.0:   bridge window [mem 0x28000000-0x280fffff 64bit pref]
[    3.550103] pci 0000:00:01.0: nv_msi_ht_cap_quirk didn't locate host bridge
[    3.557116] pcieport 0000:00:01.0: enabling device (0140 -> 0143)
[    3.563382] pcieport 0000:00:01.0: Signaling PME with IRQ 374
[    3.569338] r8169 Gigabit Ethernet driver 2.3LK-NAPI loaded
[    3.574932] r8169 0000:01:00.0: enabling device (0140 -> 0143)
[    3.581706] r8169 0000:01:00.0 eth0: RTL8168evl/8111evl at 0xf0afe000, 02:04:4b:01:60:a6, XID 0c900800 IRQ 375
[    3.591710] r8169 0000:01:00.0 eth0: jumbo features [frames: 9200 bytes, tx checksumming: ko]
[    3.603201] [drm] Supports vblank timestamp caching Rev 2 (21.10.2013).
[    3.609817] [drm] No driver support for vblank timestamp query.
[    3.615776] [drm] Cannot find any crtc or sizes - going 1024x768
[    3.640612] Console: switching to colour frame buffer device 128x48
[    3.653340] drm drm: fb0:  frame buffer device
[    3.657844] [drm] Initialized tegra 0.0.0 20120330 for drm on minor 0
[    3.669813] utmi_phy_clk_enable: timeout waiting for phy to stabilize
[    3.676305] tegra-ehci 7d004000.usb: EHCI Host Controller
[    3.681708] tegra-ehci 7d004000.usb: new USB bus registered, assigned bus number 1
[    3.689531] tegra-ehci 7d004000.usb: irq 343, io mem 0x7d004000
[    3.723677] tegra-ehci 7d004000.usb: USB 2.0 started, EHCI 1.00
[    3.730618] hub 1-0:1.0: USB hub found
[    3.734393] hub 1-0:1.0: 1 port detected
[    3.739506] tegra-ehci 7d008000.usb: EHCI Host Controller
[    3.744923] tegra-ehci 7d008000.usb: new USB bus registered, assigned bus number 2
[    3.752671] tegra-ehci 7d008000.usb: irq 344, io mem 0x7d008000
[    3.783670] tegra-ehci 7d008000.usb: USB 2.0 started, EHCI 1.00
[    3.790477] hub 2-0:1.0: USB hub found
[    3.794256] hub 2-0:1.0: 1 port detected
[    3.802762] tps65910-rtc tps65910-rtc: setting system clock to 2000-01-01 00:00:02 UTC (946684802)
[    3.812257] vdd_sata,avdd_plle: disabling
[    3.816626] usb1_vbus: disabling
[    3.821330] EXT4-fs (mmcblk1p1): mounting ext3 file system using the ext4 subsystem
[    3.836655] EXT4-fs (mmcblk1p1): warning: mounting fs with errors, running e2fsck is recommended
[    3.846900] EXT4-fs (mmcblk1p1): recovery complete
[    3.851688] EXT4-fs (mmcblk1p1): mounted filesystem with ordered data mode. Opts: (null)
[    3.859807] VFS: Mounted root (ext3 filesystem) on device 179:1.
[    3.876162] devtmpfs: mounted
[    3.881656] Freeing unused kernel memory: 2048K
bash: cannot set terminal process group (-1): Inappropriate ioctl for device
bash: no job control in this shell
root@(none):/# [    4.163686] usb 2-1: new high-speed USB device number 2 using tegra-ehci
[    4.823395] asix 2-1:1.0 eth1: register 'asix' at usb-7d008000.usb-1, ASIX AX88772 USB 2.0 Ethernet, 00:50:b6:0f:67:60
mount -t sysfs none /sys
root@(none):/# 
root@(none):/# mount -t debugfs none /sys/kernel/debug
root@(none):/# 
root@(none):/# rtcwake -d rtc1 -m mem -s 3
rtcwake: wakeup from "mem" using /dev/rtc1 at Thu Jan  1 00:00:22 1970
[    7.481628] PM: Syncing filesystems ... done.
[    7.493409] Freezing user space processes ... (elapsed 0.001 seconds) done.
[    7.501503] Freezing remaining freezable tasks ... (elapsed 0.001 seconds) done.
[    7.510131] Suspending console(s) (use no_console_suspend to debug)
[    7.596647] PM: suspend of devices complete after 79.389 msecs
[    7.598829] PM: late suspend of devices complete after 2.173 msecs
[    7.624379] PM: noirq suspend of devices complete after 25.542 msecs
[    7.624383] Disabling non-boot CPUs ...
[    7.624743] IRQ17 no longer affine to CPU1
[    7.624898] IRQ346 no longer affine to CPU1
[    7.677257] IRQ347 no longer affine to CPU2
[    7.736365] IRQ348 no longer affine to CPU3
[    7.775524] Entering suspend state LP1
[    7.775524] Suspended for 3.053 seconds
[    7.775539] Enabling non-boot CPUs ...
[    7.805980] CPU1 is up
[    7.845857] CPU2 is up
[    7.886059] CPU3 is up
[    7.886792] pcieport 0000:00:01.0: nv_msi_ht_cap_quirk didn't locate host bridge
[    7.913731] PM: noirq resume of devices complete after 27.663 msecs
[    7.915376] PM: early resume of devices complete after 1.370 msecs
[    8.458176] PM: resume of devices complete after 542.786 msecs
[    8.541899] Restarting tasks ... done.
root@(none):/# 
root@(none):/# rtcwake -d rtc1 -m mem -s 3
rtcwake: wakeup from "mem" using /dev/rtc1 at Thu Jan  1 00:00:27 1970
[    9.494378] PM: Syncing filesystems ... done.
[    9.505907] Freezing user space processes ... (elapsed 0.001 seconds) done.
[    9.514005] Freezing remaining freezable tasks ... (elapsed 0.001 seconds) done.
[    9.522610] Suspending console(s) (use no_console_suspend to debug)
[    9.564175] pci_generic_config_write32: 63 callbacks suppressed
[    9.564189] pci_bus 0000:00: 2-byte config write to 0000:00:01.0 offset 0x9c may corrupt adjacent RW1C bits
[    9.606990] PM: suspend of devices complete after 77.317 msecs
[    9.610278] PM: late suspend of devices complete after 3.280 msecs
[    9.610690] pci_bus 0000:01: 2-byte config write to 0000:01:00.0 offset 0x44 may corrupt adjacent RW1C bits
[    9.610706] pci_bus 0000:01: 2-byte config write to 0000:01:00.0 offset 0x44 may corrupt adjacent RW1C bits
[    9.644345] PM: noirq suspend of devices complete after 34.060 msecs
[    9.644349] Disabling non-boot CPUs ...
[    9.644712] IRQ17 no longer affine to CPU1
[    9.644866] IRQ346 no longer affine to CPU1
[    9.707128] IRQ347 no longer affine to CPU2
[    9.766078] IRQ348 no longer affine to CPU3
[    9.795407] Entering suspend state LP1
[    9.795407] Suspended for 2.980 seconds
[    9.795425] Enabling non-boot CPUs ...
[    9.826492] CPU1 is up
[    9.866260] CPU2 is up
[    9.906479] CPU3 is up
[    9.907361] pci_bus 0000:00: 2-byte config write to 0000:00:01.0 offset 0x4c may corrupt adjacent RW1C bits
[    9.907380] pci_bus 0000:00: 2-byte config write to 0000:00:01.0 offset 0x88 may corrupt adjacent RW1C bits
[    9.907387] pci_bus 0000:00: 2-byte config write to 0000:00:01.0 offset 0x90 may corrupt adjacent RW1C bits
[    9.907392] pci_bus 0000:00: 2-byte config write to 0000:00:01.0 offset 0x98 may corrupt adjacent RW1C bits
[    9.907398] pci_bus 0000:00: 2-byte config write to 0000:00:01.0 offset 0x9c may corrupt adjacent RW1C bits
[    9.907430] pci_bus 0000:00: 2-byte config write to 0000:00:01.0 offset 0x52 may corrupt adjacent RW1C bits
[    9.907438] pci_bus 0000:00: 2-byte config write to 0000:00:01.0 offset 0x52 may corrupt adjacent RW1C bits
[    9.907465] pcieport 0000:00:01.0: nv_msi_ht_cap_quirk didn't locate host bridge
[    9.933700] PM: noirq resume of devices complete after 27.210 msecs
[    9.935926] PM: early resume of devices complete after 1.875 msecs
[   10.496591] PM: resume of devices complete after 560.650 msecs
[   10.683730] Restarting tasks ... done.
root@(none):/# 
root@(none):/# rtcwake -d rtc1 -m mem -s 3
rtcwake: wakeup from "mem" using /dev/rtc1 at Thu Jan  1 00:00:32 1970
[   11.529610] PM: Syncing filesystems ... done.
[   11.544249] Freezing user space processes ... (elapsed 0.001 seconds) done.
[   11.552385] Freezing remaining freezable tasks ... (elapsed 0.001 seconds) done.
[   11.561039] Suspending console(s) (use no_console_suspend to debug)
[   11.647186] PM: suspend of devices complete after 78.959 msecs
[   11.651443] PM: late suspend of devices complete after 4.247 msecs
[   11.674459] PM: noirq suspend of devices complete after 23.005 msecs
[   11.674464] Disabling non-boot CPUs ...
[   11.674930] IRQ17 no longer affine to CPU1
[   11.675124] IRQ346 no longer affine to CPU1
[   11.815788] Entering suspend state LP1
[   11.815788] Suspended for 2.979 seconds
[   11.815809] Enabling non-boot CPUs ...
[   11.846448] CPU1 is up
[   11.886204] CPU2 is up
[   11.926373] CPU3 is up
[   11.927306] pcieport 0000:00:01.0: nv_msi_ht_cap_quirk didn't locate host bridge
[   11.953669] PM: noirq resume of devices complete after 27.285 msecs
[   11.956158] PM: early resume of devices complete after 1.963 msecs
[   12.516571] PM: resume of devices complete after 560.397 msecs
[   12.592284] Restarting tasks ... done.
root@(none):/# 
root@(none):/# rtcwake -d rtc1 -m mem -s 3
rtcwake: wakeup from "mem" using /dev/rtc1 at Thu Jan  1 00:00:37 1970
[   13.614180] PM: Syncing filesystems ... done.
[   13.628796] Freezing user space processes ... (elapsed 0.001 seconds) done.
[   13.636953] Freezing remaining freezable tasks ... (elapsed 0.001 seconds) done.
[   13.645621] Suspending console(s) (use no_console_suspend to debug)
[   13.738123] PM: suspend of devices complete after 85.226 msecs
[   13.742366] PM: late suspend of devices complete after 4.230 msecs
[   13.764398] PM: noirq suspend of devices complete after 22.024 msecs
[   13.764404] Disabling non-boot CPUs ...
[   13.764851] migrate_irqs: 2 callbacks suppressed
[   13.764854] IRQ17 no longer affine to CPU1
[   13.765055] IRQ346 no longer affine to CPU1
[   13.817999] IRQ347 no longer affine to CPU2
[   13.876590] IRQ348 no longer affine to CPU3
[   13.905770] Entering suspend state LP1
[   13.905770] Suspended for 2.909 seconds
[   13.905790] Enabling non-boot CPUs ...
[   13.936499] CPU1 is up
[   13.976210] CPU2 is up
[   14.016385] CPU3 is up
[   14.017319] pcieport 0000:00:01.0: nv_msi_ht_cap_quirk didn't locate host bridge
[   14.043639] PM: noirq resume of devices complete after 27.244 msecs
[   14.045555] PM: early resume of devices complete after 1.380 msecs
[   14.600842] PM: resume of devices complete after 555.272 msecs
[   14.689496] Restarting tasks ... done.
root@(none):/# 
root@(none):/# rtcwake -d rtc1 -m mem -s 3
rtcwake: wakeup from "mem" using /dev/rtc1 at Thu Jan  1 00:00:42 1970
[   15.622697] PM: Syncing filesystems ... done.
[   15.635776] Freezing user space processes ... (elapsed 0.001 seconds) done.
[   15.643931] Freezing remaining freezable tasks ... (elapsed 0.001 seconds) done.
[   15.652591] Suspending console(s) (use no_console_suspend to debug)
[   15.694257] pci_generic_config_write32: 65 callbacks suppressed
[   15.694276] pci_bus 0000:00: 2-byte config write to 0000:00:01.0 offset 0x9c may corrupt adjacent RW1C bits
[   15.737078] PM: suspend of devices complete after 77.183 msecs
[   15.738333] PM: late suspend of devices complete after 1.243 msecs
[   15.738874] pci_bus 0000:01: 2-byte config write to 0000:01:00.0 offset 0x44 may corrupt adjacent RW1C bits
[   15.738896] pci_bus 0000:01: 2-byte config write to 0000:01:00.0 offset 0x44 may corrupt adjacent RW1C bits
[   15.764414] PM: noirq suspend of devices complete after 26.073 msecs
[   15.764419] Disabling non-boot CPUs ...
[   15.764873] IRQ17 no longer affine to CPU1
[   15.765072] IRQ346 no longer affine to CPU1
[   15.807895] IRQ347 no longer affine to CPU2
[   15.866807] IRQ348 no longer affine to CPU3
[   15.915967] Entering suspend state LP1
[   15.915967] Suspended for 2.989 seconds
[   15.915984] Enabling non-boot CPUs ...
[   15.946078] CPU1 is up
[   15.986132] CPU2 is up
[   16.026318] CPU3 is up
[   16.027198] pci_bus 0000:00: 2-byte config write to 0000:00:01.0 offset 0x4c may corrupt adjacent RW1C bits
[   16.027219] pci_bus 0000:00: 2-byte config write to 0000:00:01.0 offset 0x88 may corrupt adjacent RW1C bits
[   16.027225] pci_bus 0000:00: 2-byte config write to 0000:00:01.0 offset 0x90 may corrupt adjacent RW1C bits
[   16.027230] pci_bus 0000:00: 2-byte config write to 0000:00:01.0 offset 0x98 may corrupt adjacent RW1C bits
[   16.027235] pci_bus 0000:00: 2-byte config write to 0000:00:01.0 offset 0x9c may corrupt adjacent RW1C bits
[   16.027257] pci_bus 0000:00: 2-byte config write to 0000:00:01.0 offset 0x52 may corrupt adjacent RW1C bits
[   16.027264] pci_bus 0000:00: 2-byte config write to 0000:00:01.0 offset 0x52 may corrupt adjacent RW1C bits
[   16.027295] pcieport 0000:00:01.0: nv_msi_ht_cap_quirk didn't locate host bridge
[   16.053600] PM: noirq resume of devices complete after 27.271 msecs
[   16.056112] PM: early resume of devices complete after 1.988 msecs
[   16.616137] PM: resume of devices complete after 560.010 msecs
[   16.803249] Restarting tasks ... done.
root@(none):/# 
root@(none):/# rtcwake -d rtc1 -m mem -s 3
rtcwake: wakeup from "mem" using /dev/rtc1 at Thu Jan  1 00:00:47 1970
[   17.642616] PM: Syncing filesystems ... done.
[   17.657257] Freezing user space processes ... (elapsed 0.001 seconds) done.
[   17.665426] Freezing remaining freezable tasks ... (elapsed 0.001 seconds) done.
[   17.674094] Suspending console(s) (use no_console_suspend to debug)
[   17.755000] PM: suspend of devices complete after 73.724 msecs
[   17.756226] PM: late suspend of devices complete after 1.217 msecs
[   17.784365] PM: noirq suspend of devices complete after 28.127 msecs
[   17.784370] Disabling non-boot CPUs ...
[   17.784993] IRQ346 no longer affine to CPU1
[   17.857862] IRQ17 no longer affine to CPU2
[   17.965350] Entering suspend state LP1
[   17.965350] Suspended for 2.950 seconds
[   17.965368] Enabling non-boot CPUs ...
[   17.995830] CPU1 is up
[   18.035989] CPU2 is up
[   18.076307] CPU3 is up
[   18.077217] pcieport 0000:00:01.0: nv_msi_ht_cap_quirk didn't locate host bridge
[   18.103559] PM: noirq resume of devices complete after 27.239 msecs
[   18.104910] PM: early resume of devices complete after 0.845 msecs
[   18.665332] PM: resume of devices complete after 560.407 msecs
[   18.741006] Restarting tasks ... done.
root@(none):/# 
root@(none):/# rtcwake -d rtc1 -m mem -s 3
rtcwake: wakeup from "mem" using /dev/rtc1 at Thu Jan  1 00:00:52 1970
[   19.692638] PM: Syncing filesystems ... done.
[   19.707267] Freezing user space processes ... (elapsed 0.001 seconds) done.
[   19.715434] Freezing remaining freezable tasks ... (elapsed 0.001 seconds) done.
[   19.724110] Suspending console(s) (use no_console_suspend to debug)
[   19.807065] PM: suspend of devices complete after 75.659 msecs
[   19.811318] PM: late suspend of devices complete after 4.241 msecs
[   19.834304] PM: noirq suspend of devices complete after 22.978 msecs
[   19.834308] Disabling non-boot CPUs ...
[   19.834737] migrate_irqs: 2 callbacks suppressed
[   19.834740] IRQ17 no longer affine to CPU1
[   19.834941] IRQ346 no longer affine to CPU1
[   19.888005] IRQ347 no longer affine to CPU2
[   19.946473] IRQ348 no longer affine to CPU3
[   19.995430] Entering suspend state LP1
[   19.995430] Suspended for 2.969 seconds
[   19.995447] Enabling non-boot CPUs ...
[   20.025978] CPU1 is up
[   20.066012] CPU2 is up
[   20.106331] CPU3 is up
[   20.107253] pcieport 0000:00:01.0: nv_msi_ht_cap_quirk didn't locate host bridge
[   20.133530] PM: noirq resume of devices complete after 27.185 msecs
[   20.135419] PM: early resume of devices complete after 1.368 msecs
[   20.690106] PM: resume of devices complete after 554.671 msecs
[   20.778771] Restarting tasks ... done.
root@(none):/# 
root@(none):/# rtcwake -d rtc1 -m mem -s 3
rtcwake: wakeup from "mem" using /dev/rtc1 at Thu Jan  1 00:00:57 1970
[   21.721981] PM: Syncing filesystems ... done.
[   21.736579] Freezing user space processes ... (elapsed 0.001 seconds) done.
[   21.744747] Freezing remaining freezable tasks ... (elapsed 0.001 seconds) done.
[   21.753426] Suspending console(s) (use no_console_suspend to debug)
[   21.795130] pci_generic_config_write32: 65 callbacks suppressed
[   21.795149] pci_bus 0000:00: 2-byte config write to 0000:00:01.0 offset 0x9c may corrupt adjacent RW1C bits
[   21.835966] PM: suspend of devices complete after 75.250 msecs
[   21.840204] PM: late suspend of devices complete after 4.226 msecs
[   21.840947] pci_bus 0000:01: 2-byte config write to 0000:01:00.0 offset 0x44 may corrupt adjacent RW1C bits
[   21.840963] pci_bus 0000:01: 2-byte config write to 0000:01:00.0 offset 0x44 may corrupt adjacent RW1C bits
[   21.864272] PM: noirq suspend of devices complete after 24.058 msecs
[   21.864275] Disabling non-boot CPUs ...
[   21.864703] IRQ17 no longer affine to CPU1
[   21.864901] IRQ346 no longer affine to CPU1
[   21.917992] IRQ347 no longer affine to CPU2
[   21.976490] IRQ348 no longer affine to CPU3
[   22.025284] Entering suspend state LP1
[   22.025284] Suspended for 2.970 seconds
[   22.025302] Enabling non-boot CPUs ...
[   22.055849] CPU1 is up
[   22.095997] CPU2 is up
[   22.136287] CPU3 is up
[   22.137137] pci_bus 0000:00: 2-byte config write to 0000:00:01.0 offset 0x4c may corrupt adjacent RW1C bits
[   22.137158] pci_bus 0000:00: 2-byte config write to 0000:00:01.0 offset 0x88 may corrupt adjacent RW1C bits
[   22.137166] pci_bus 0000:00: 2-byte config write to 0000:00:01.0 offset 0x90 may corrupt adjacent RW1C bits
[   22.137171] pci_bus 0000:00: 2-byte config write to 0000:00:01.0 offset 0x98 may corrupt adjacent RW1C bits
[   22.137175] pci_bus 0000:00: 2-byte config write to 0000:00:01.0 offset 0x9c may corrupt adjacent RW1C bits
[   22.137198] pci_bus 0000:00: 2-byte config write to 0000:00:01.0 offset 0x52 may corrupt adjacent RW1C bits
[   22.137206] pci_bus 0000:00: 2-byte config write to 0000:00:01.0 offset 0x52 may corrupt adjacent RW1C bits
[   22.137233] pcieport 0000:00:01.0: nv_msi_ht_cap_quirk didn't locate host bridge
[   22.163492] PM: noirq resume of devices complete after 27.198 msecs
[   22.165344] PM: early resume of devices complete after 1.345 msecs
[   22.726532] PM: resume of devices complete after 561.171 msecs
[   22.913738] Restarting tasks ... done.
root@(none):/# 
root@(none):/# rtcwake -d rtc1 -m mem -s 3
rtcwake: wakeup from "mem" using /dev/rtc1 at Thu Jan  1 00:01:02 1970
[   23.752004] PM: Syncing filesystems ... done.
[   23.766620] Freezing user space processes ... (elapsed 0.001 seconds) done.
[   23.774788] Freezing remaining freezable tasks ... (elapsed 0.001 seconds) done.
[   23.783463] Suspending console(s) (use no_console_suspend to debug)
[   23.866942] PM: suspend of devices complete after 76.307 msecs
[   23.870678] PM: late suspend of devices complete after 3.724 msecs
[   23.894242] PM: noirq suspend of devices complete after 23.553 msecs
[   23.894245] Disabling non-boot CPUs ...
[   23.894862] IRQ346 no longer affine to CPU1
[   23.977979] IRQ347 no longer affine to CPU2
[   24.085337] Entering suspend state LP1
[   24.085337] Suspended for 2.939 seconds
[   24.085355] Enabling non-boot CPUs ...
[   24.115865] CPU1 is up
[   24.155971] CPU2 is up
[   24.196263] CPU3 is up
[   24.197148] pcieport 0000:00:01.0: nv_msi_ht_cap_quirk didn't locate host bridge
[   24.223470] PM: noirq resume of devices complete after 27.193 msecs
[   24.225237] PM: early resume of devices complete after 1.272 msecs
[   24.785418] PM: resume of devices complete after 560.168 msecs
[   24.861217] Restarting tasks ... done.
root@(none):/# 
root@(none):/# rtcwake -d rtc1 -m mem -s 3
rtcwake: wakeup from "mem" using /dev/rtc1 at Thu Jan  1 00:01:07 1970
[   25.824123] PM: Syncing filesystems ... done.
[   25.838729] Freezing user space processes ... (elapsed 0.001 seconds) done.
[   25.846892] Freezing remaining freezable tasks ... (elapsed 0.001 seconds) done.
[   25.855578] Suspending console(s) (use no_console_suspend to debug)
[   25.937418] PM: suspend of devices complete after 74.642 msecs
[   25.941687] PM: late suspend of devices complete after 4.261 msecs
[   25.964224] PM: noirq suspend of devices complete after 22.528 msecs
[   25.964230] Disabling non-boot CPUs ...
[   25.964687] migrate_irqs: 2 callbacks suppressed
[   25.964692] IRQ17 no longer affine to CPU1
[   25.964891] IRQ346 no longer affine to CPU1
[   26.037727] IRQ347 no longer affine to CPU2
[   26.096450] IRQ348 no longer affine to CPU3
[   26.125479] Entering suspend state LP1
[   26.125479] Suspended for 2.959 seconds
[   26.125502] Enabling non-boot CPUs ...
[   26.156232] CPU1 is up
[   26.196064] CPU2 is up
[   26.236294] CPU3 is up
[   26.237221] pcieport 0000:00:01.0: nv_msi_ht_cap_quirk didn't locate host bridge
[   26.263432] PM: noirq resume of devices complete after 27.128 msecs
[   26.265875] PM: early resume of devices complete after 1.927 msecs
[   26.818904] PM: resume of devices complete after 553.015 msecs
[   26.907567] Restarting tasks ... done.
root@(none):/# 
root@(none):/# NVTB SYSTEM SUSPEND TEST COMPLETE
