Diff for ./qemu-vexpress64/__internal/defconfig_log.txt
--- /tmp/fooa	2017-10-09 14:43:36.380113133 -0700
+++ /tmp/foob	2017-10-09 14:43:36.380113133 -0700
@@ -1,6 +1,5 @@
-Booting Linux on physical CPU 0x0
-Linux version 4.14.0-rc2-next-20170929-203152-g1418b85 (jonathanh@kaivo) (gcc version 4.9.2 20140904 (prerelease) (crosstool-NG linaro-1.13.1-4.9-2014.09 - Linaro GCC 4.9-2014.09)) #1 SMP PREEMPT Thu Sep 28 23:26:03 PDT 2017
-Boot CPU: AArch64 Processor [411fd070]
+Booting Linux on physical CPU 0x0000000000 [0x411fd070]
+Linux version 4.14.0-rc4-next-20171009-323181-g49827b977a2e (jonathanh@tamien) (gcc version 4.9.2 20140904 (prerelease) (crosstool-NG linaro-1.13.1-4.9-2014.09 - Linaro GCC 4.9-2014.09)) #1 SMP PREEMPT Mon Oct 9 14:40:54 PDT 2017
 Machine model: linux,dummy-virt
 Memory limited to 1024MB
 efi: Getting EFI parameters from FDT:
@@ -21,7 +20,7 @@
 psci: Using standard PSCI v0.2 function IDs
 psci: Trusted OS migration not required
 random: fast init done
-percpu: Embedded 23 pages/cpu @ffff80003efcf000 s56064 r8192 d29952 u94208
+percpu: Embedded 23 pages/cpu @ffff80003efcf000 s55936 r8192 d30080 u94208
 Detected PIPT I-cache on CPU0
 CPU features: enabling workaround for ARM erratum 832075
 CPU features: enabling workaround for ARM erratum 834220
@@ -29,15 +28,15 @@
 Policy zone: DMA
 Kernel command line: root=/dev/vda2 rw rootwait mem=1024M console=ttyAMA0,38400n8 init=/bin/bash
 PID hash table entries: 4096 (order: 3, 32768 bytes)
-Memory: 998904K/1048576K available (9276K kernel code, 1148K rwdata, 4596K rodata, 1152K init, 400K bss, 33288K reserved, 16384K cma-reserved)
+Memory: 998588K/1048576K available (9532K kernel code, 1150K rwdata, 4632K rodata, 1152K init, 400K bss, 33604K reserved, 16384K cma-reserved)
 Virtual kernel memory layout:
     modules : 0xffff000000000000 - 0xffff000008000000   (   128 MB)
     vmalloc : 0xffff000008000000 - 0xffff7dffbfff0000   (129022 GB)
-      .text : 0xffff000008080000 - 0xffff000008990000   (  9280 KB)
-    .rodata : 0xffff000008990000 - 0xffff000008e10000   (  4608 KB)
-      .init : 0xffff000008e10000 - 0xffff000008f30000   (  1152 KB)
-      .data : 0xffff000008f30000 - 0xffff00000904f200   (  1149 KB)
-       .bss : 0xffff00000904f200 - 0xffff0000090b3208   (   401 KB)
+      .text : 0xffff000008080000 - 0xffff0000089d0000   (  9536 KB)
+    .rodata : 0xffff0000089d0000 - 0xffff000008e60000   (  4672 KB)
+      .init : 0xffff000008e60000 - 0xffff000008f80000   (  1152 KB)
+      .data : 0xffff000008f80000 - 0xffff00000909fa00   (  1151 KB)
+       .bss : 0xffff00000909fa00 - 0xffff000009103a70   (   401 KB)
     fixed   : 0xffff7dfffe7fd000 - 0xffff7dfffec00000   (  4108 KB)
     PCI I/O : 0xffff7dfffee00000 - 0xffff7dffffe00000   (    16 MB)
     vmemmap : 0xffff7e0000000000 - 0xffff800000000000   (  2048 GB maximum)
@@ -78,9 +77,9 @@
 DMI not present or invalid.
 NET: Registered protocol family 16
 audit: initializing netlink subsys (disabled)
-audit: type=2000 audit(0.184:1): state=initialized audit_enabled=0 res=1
+audit: type=2000 audit(0.192:1): state=initialized audit_enabled=0 res=1
 cpuidle: using governor menu
-vdso: 2 pages (1 code @ ffff000008996000, 1 data @ ffff000008f35000)
+vdso: 2 pages (1 code @ ffff0000089d6000, 1 data @ ffff000008f85000)
 hw-breakpoint: found 6 breakpoint and 4 watchpoint registers.
 DMA: preallocated 256 KiB pool for atomic allocations
 Serial: AMBA PL011 UART driver
@@ -123,7 +122,7 @@
 Key type id_legacy registered
 nfs4filelayout_init: NFSv4 File Layout Driver Registering...
 9p: Installing v9fs 9p2000 file system support
-Block layer SCSI generic (bsg) driver version 0.4 loaded (major 246)
+Block layer SCSI generic (bsg) driver version 0.4 loaded (major 245)
 io scheduler noop registered
 io scheduler cfq registered (default)
 io scheduler mq-deadline registered
@@ -180,7 +179,7 @@
 Key type dns_resolver registered
 registered taskstats version 1
 input: gpio-keys as /devices/platform/gpio-keys/input/input0
-rtc-pl031 9010000.pl031: setting system clock to 2017-09-29 06:26:42 UTC (1506666402)
+rtc-pl031 9010000.pl031: setting system clock to 2017-10-09 21:42:01 UTC (1507585321)
 ALSA device list:
   No soundcards found.
 uart-pl011 9000000.pl011: no DMA platform data
Diff for ./tegra114-dalmore-a04/tegra114-dalmore/multi_v7_defconfig_log.txt
--- /tmp/fooa	2017-10-09 14:43:36.424113322 -0700
+++ /tmp/foob	2017-10-09 14:43:36.428113339 -0700
@@ -39,10 +39,10 @@
 	 #################################################################
 	 #################################################################
 	 #################################################################
-	 #####################################
-	 2.8 MiB/s
+	 ######################################
+	 3.3 MiB/s
 done
-Bytes transferred = 8172040 (7cb208 hex)
+Bytes transferred = 8180232 (7cd208 hex)
 Tegra114 (Dalmore) # tftpboot 0x82000000 tegra114-dalmore.dtb
 Using asx0 device
 TFTP from server 192.168.100.1; our IP address is 192.168.100.100
@@ -53,7 +53,7 @@
 done
 Bytes transferred = 35036 (88dc hex)
 Tegra114 (Dalmore) # bootz 0x81000000 - 0x82000000
-Kernel image @ 0x81000000 [ 0x000000 - 0x7cb200 ]
+Kernel image @ 0x81000000 [ 0x000000 - 0x7cd200 ]
 ## Flattened Device Tree blob at 82000000
    Booting using the fdt blob at 0x82000000
    Loading Device Tree to 8fff4000, end 8ffff8db ... OK
@@ -61,7 +61,7 @@
 Starting kernel ...
 
 Booting Linux on physical CPU 0x0
-Linux version 4.14.0-rc2-next-20170929-203152-g1418b85 (jonathanh@sellafield) (gcc version 4.7.3 20130328 (prerelease) (crosstool-NG linaro-1.13.1-4.7-2013.04-20130415 - Linaro GCC 2013.04)) #1 SMP Thu Sep 28 23:22:07 PDT 2017
+Linux version 4.14.0-rc4-next-20171009-204940-g49827b9 (jonathanh@sellafield) (gcc version 4.7.3 20130328 (prerelease) (crosstool-NG linaro-1.13.1-4.7-2013.04-20130415 - Linaro GCC 2013.04)) #1 SMP Mon Oct 9 14:36:36 PDT 2017
 CPU: ARMv7 Processor [412fc0f2] revision 2 (ARMv7), cr=10c5387d
 CPU: div instructions available: patching division code
 CPU: PIPT / VIPT nonaliasing data cache, PIPT instruction cache
@@ -72,7 +72,7 @@
 efi: UEFI not found.
 cma: Reserved 64 MiB at 0xfb800000
 On node 0 totalpages: 524032
-free_area_init_node: node 0, pgdat c1590400, node_mem_map eeff8000
+free_area_init_node: node 0, pgdat c1687780, node_mem_map eeff8000
   DMA zone: 1536 pages used for memmap
   DMA zone: 0 pages reserved
   DMA zone: 196608 pages, LIFO batch:31
@@ -86,7 +86,7 @@
 PID hash table entries: 4096 (order: 2, 16384 bytes)
 Dentry cache hash table entries: 131072 (order: 7, 524288 bytes)
 Inode-cache hash table entries: 65536 (order: 6, 262144 bytes)
-Memory: 1993480K/2096128K available (10240K kernel code, 1634K rwdata, 4512K rodata, 2048K init, 401K bss, 37112K reserved, 65536K cma-reserved, 1244160K highmem)
+Memory: 1992496K/2096128K available (11264K kernel code, 1630K rwdata, 4508K rodata, 2048K init, 403K bss, 38096K reserved, 65536K cma-reserved, 1244160K highmem)
 Virtual kernel memory layout:
     vector  : 0xffff0000 - 0xffff1000   (   4 kB)
     fixmap  : 0xffc00000 - 0xfff00000   (3072 kB)
@@ -94,10 +94,10 @@
     lowmem  : 0xc0000000 - 0xf0000000   ( 768 MB)
     pkmap   : 0xbfe00000 - 0xc0000000   (   2 MB)
     modules : 0xbf000000 - 0xbfe00000   (  14 MB)
-      .text : 0xc0208000 - 0xc0d00000   (11232 kB)
-      .init : 0xc1200000 - 0xc1400000   (2048 kB)
-      .data : 0xc1400000 - 0xc15988a8   (1635 kB)
-       .bss : 0xc15a1ba8 - 0xc16061bc   ( 402 kB)
+      .text : 0xc0208000 - 0xc0e00000   (12256 kB)
+      .init : 0xc1300000 - 0xc1500000   (2048 kB)
+      .data : 0xc1500000 - 0xc1697814   (1631 kB)
+       .bss : 0xc1697814 - 0xc16fc5fc   ( 404 kB)
 SLUB: HWalign=64, Order=0-3, MinObjects=0, CPUs=4, Nodes=1
 Hierarchical RCU implementation.
 	RCU event tracing is enabled.
@@ -280,7 +280,7 @@
 Key type id_legacy registered
 ntfs: driver 2.1.32 [Flags: R/O].
 bounce: pool size: 64 pages
-Block layer SCSI generic (bsg) driver version 0.4 loaded (major 248)
+Block layer SCSI generic (bsg) driver version 0.4 loaded (major 247)
 io scheduler noop registered
 io scheduler deadline registered
 io scheduler cfq registered (default)
@@ -341,15 +341,6 @@
 tegra_rtc 7000e000.rtc: rtc core: registered 7000e000.rtc as rtc1
 tegra_rtc 7000e000.rtc: Tegra internal Real Time Clock
 i2c /dev entries driver
-IR NEC protocol handler initialized
-IR RC5(x/sz) protocol handler initialized
-IR RC6 protocol handler initialized
-IR JVC protocol handler initialized
-IR Sony protocol handler initialized
-IR SANYO protocol handler initialized
-IR Sharp protocol handler initialized
-IR MCE Keyboard/mouse protocol handler initialized
-IR XMP protocol handler initialized
 sbs-battery 0-000b: sbs_probe: Failed to get device status
 sbs-battery: probe of 0-000b failed with error -121
 sdhci: Secure Digital Host Controller Interface driver
@@ -401,7 +392,7 @@
 hub 1-0:1.0: USB hub found
 hub 1-0:1.0: 1 port detected
 input: gpio-keys as /devices/soc0/gpio-keys/input/input0
-palmas-rtc 7000d000.i2c:tps65913@58:rtc: setting system clock to 2000-02-20 13:17:58 UTC (951052678)
+palmas-rtc 7000d000.i2c:tps65913@58:rtc: setting system clock to 2000-03-02 04:33:14 UTC (951971594)
 dvdd_ts: disabling
 usb1_vbus: disabling
 vdd_cam_1v8_reg: disabling
@@ -413,5 +404,4 @@
 Freeing unused kernel memory: 2048K
 bash: cannot set terminal process group (-1): Inappropriate ioctl for device
 bash: no job control in this shell
-root@(none):/# [    2.959155] usb 1-1: new high-speed USB device number 2 using tegra-ehci
-asix 1-1:1.0 eth0: register 'asix' at usb-7d008000.usb-1, ASIX AX88772 USB 2.0 Ethernet, 00:50:b6:0d:b5:16
+root@(none):/# 
\ No newline at end of file
Diff for ./tegra114-dalmore-a04/tegra114-dalmore/tegra_defconfig_log.txt
--- /tmp/fooa	2017-10-09 14:43:36.456113459 -0700
+++ /tmp/foob	2017-10-09 14:43:36.456113459 -0700
@@ -38,20 +38,20 @@
 	 #################################################################
 	 #################################################################
 	 ########################################
-	 2.9 MiB/s
+	 3.2 MiB/s
 done
-Bytes transferred = 6301592 (602798 hex)
+Bytes transferred = 6302664 (602bc8 hex)
 Tegra114 (Dalmore) # tftpboot 0x82000000 tegra114-dalmore.dtb
 Using asx0 device
 TFTP from server 192.168.100.1; our IP address is 192.168.100.100
 Filename 'tegra114-dalmore.dtb'.
 Load address: 0x82000000
 Loading: *###
-	 2.6 MiB/s
+	 3 MiB/s
 done
 Bytes transferred = 35036 (88dc hex)
 Tegra114 (Dalmore) # bootz 0x81000000 - 0x82000000
-Kernel image @ 0x81000000 [ 0x000000 - 0x602798 ]
+Kernel image @ 0x81000000 [ 0x000000 - 0x602bc8 ]
 ## Flattened Device Tree blob at 82000000
    Booting using the fdt blob at 0x82000000
    Loading Device Tree to 8fff4000, end 8ffff8db ... OK
@@ -60,7 +60,7 @@
 
 Uncompressing Linux... done, booting the kernel.
 Booting Linux on physical CPU 0x0
-Linux version 4.14.0-rc2-next-20170929-203152-g1418b85 (jonathanh@kaivo) (gcc version 4.7.3 20130328 (prerelease) (crosstool-NG linaro-1.13.1-4.7-2013.04-20130415 - Linaro GCC 2013.04)) #1 SMP PREEMPT Thu Sep 28 23:21:16 PDT 2017
+Linux version 4.14.0-rc4-next-20171009-204940-g49827b9 (jonathanh@kaivo) (gcc version 4.7.3 20130328 (prerelease) (crosstool-NG linaro-1.13.1-4.7-2013.04-20130415 - Linaro GCC 2013.04)) #1 SMP PREEMPT Mon Oct 9 14:36:12 PDT 2017
 CPU: ARMv7 Processor [412fc0f2] revision 2 (ARMv7), cr=10c5387d
 CPU: div instructions available: patching division code
 CPU: PIPT / VIPT nonaliasing data cache, PIPT instruction cache
@@ -70,21 +70,21 @@
 Memory policy: Data cache writealloc
 cma: Reserved 64 MiB at 0xfbc00000
 On node 0 totalpages: 524032
-free_area_init_node: node 0, pgdat c0fbaa40, node_mem_map eeff7000
+free_area_init_node: node 0, pgdat c0fb1480, node_mem_map eeff7000
   Normal zone: 1536 pages used for memmap
   Normal zone: 0 pages reserved
   Normal zone: 196608 pages, LIFO batch:31
   HighMem zone: 327424 pages, LIFO batch:31
 random: fast init done
-percpu: Embedded 17 pages/cpu @eef98000 s39808 r8192 d21632 u69632
-pcpu-alloc: s39808 r8192 d21632 u69632 alloc=17*4096
+percpu: Embedded 17 pages/cpu @eef98000 s39680 r8192 d21760 u69632
+pcpu-alloc: s39680 r8192 d21760 u69632 alloc=17*4096
 pcpu-alloc: [0] 0 [0] 1 [0] 2 [0] 3 
 Built 1 zonelists, mobility grouping on.  Total pages: 522496
 Kernel command line: ignore_loglevel console=ttyS0,115200n8 rw root=PARTUUID=7369c667-ff51-ec4a-29cd-baabf2fbe346 rootwait gpt debug earlyprintk init=/bin/bash
 PID hash table entries: 4096 (order: 2, 16384 bytes)
 Dentry cache hash table entries: 131072 (order: 7, 524288 bytes)
 Inode-cache hash table entries: 65536 (order: 6, 262144 bytes)
-Memory: 1997496K/2096128K available (9216K kernel code, 790K rwdata, 2800K rodata, 1024K init, 295K bss, 33096K reserved, 65536K cma-reserved, 1244160K highmem)
+Memory: 1997536K/2096128K available (9216K kernel code, 786K rwdata, 2792K rodata, 1024K init, 297K bss, 33056K reserved, 65536K cma-reserved, 1244160K highmem)
 Virtual kernel memory layout:
     vector  : 0xffff0000 - 0xffff1000   (   4 kB)
     fixmap  : 0xffc00000 - 0xfff00000   (3072 kB)
@@ -94,8 +94,8 @@
     modules : 0xbf000000 - 0xbfe00000   (  14 MB)
       .text : 0xc0008000 - 0xc0a00000   (10208 kB)
       .init : 0xc0e00000 - 0xc0f00000   (1024 kB)
-      .data : 0xc0f00000 - 0xc0fc5b60   ( 791 kB)
-       .bss : 0xc0fcf4fc - 0xc101943c   ( 296 kB)
+      .data : 0xc0f00000 - 0xc0fc4ad4   ( 787 kB)
+       .bss : 0xc0fc4ad4 - 0xc100f274   ( 298 kB)
 Preemptible hierarchical RCU implementation.
 	Tasks RCU enabled.
 NR_IRQS: 16, nr_irqs: 16, preallocated irqs: 16
@@ -322,15 +322,6 @@
 tegra_rtc 7000e000.rtc: rtc core: registered 7000e000.rtc as rtc1
 tegra_rtc 7000e000.rtc: Tegra internal Real Time Clock
 i2c /dev entries driver
-IR NEC protocol handler initialized
-IR RC5(x/sz) protocol handler initialized
-IR RC6 protocol handler initialized
-IR JVC protocol handler initialized
-IR Sony protocol handler initialized
-IR SANYO protocol handler initialized
-IR Sharp protocol handler initialized
-IR MCE Keyboard/mouse protocol handler initialized
-IR XMP protocol handler initialized
 usbcore: registered new interface driver uvcvideo
 USB Video Class driver (1.1.1)
 gspca_main: v2.14.0 registered
@@ -396,7 +387,7 @@
 hub 1-0:1.0: USB hub found
 hub 1-0:1.0: 1 port detected
 input: gpio-keys as /devices/soc0/gpio-keys/input/input1
-palmas-rtc 7000d000.i2c:tps65913@58:rtc: setting system clock to 2000-02-20 13:15:20 UTC (951052520)
+palmas-rtc 7000d000.i2c:tps65913@58:rtc: setting system clock to 2000-03-02 04:30:43 UTC (951971443)
 dvdd_ts: disabling
 usb1_vbus: disabling
 vdd_cam_1v8_reg: disabling
@@ -410,4 +401,4 @@
 Freeing unused kernel memory: 1024K
 bash: cannot set terminal process group (-1): Inappropriate ioctl for device
 bash: no job control in this shell
-root@(none):/# [    3.200030] usb 1-1: new high-speed USB device number 2 using tegra-ehci
+root@(none):/# [    3.150178] usb 1-1: new high-speed USB device number 2 using tegra-ehci
Diff for ./tegra124-jetson-tk1/tegra124-jetson-tk1/multi_v7_defconfig_log.txt
--- /tmp/fooa	2017-10-09 14:43:36.480113563 -0700
+++ /tmp/foob	2017-10-09 14:43:36.480113563 -0700
@@ -9,7 +9,7 @@
 Model: NVIDIA Jetson TK1
 Board: NVIDIA Jetson TK1
 DRAM:  2 GiB
-MC:   Tegra SD/MMC: 0, Tegra SD/MMC: 1
+MMC:   Tegra SD/MMC: 0, Tegra SD/MMC: 1
 In:    serial
 Out:   serial
 Err:   serial
@@ -34,21 +34,21 @@
 	 #################################################################
 	 #################################################################
 	 #################################################################
-	 #####################################
-	 3.8 MiB/s
+	 ######################################
+	 3.9 MiB/s
 done
-Bytes transferred = 8172040 (7cb208 hex)
+Bytes transferred = 8180232 (7cd208 hex)
 Tegra124 (Jetson TK1) # tftpboot 0x83000000 tegra124-jetson-tk1.dtb
 Using eth_rtl8169 device
 TFTP from server 192.168.100.1; our IP address is 192.168.100.102
 Filename 'tegra124-jetson-tk1.dtb'.
 Load address: 0x83000000
 Loading: *#####
-	 2.9 MiB/s
+	 3.8 MiB/s
 done
 Bytes transferred = 67173 (10665 hex)
 Tegra124 (Jetson TK1) # bootz 0x82000000 - 0x83000000
-Kernel image @ 0x82000000 [ 0x000000 - 0x7cb200 ]
+Kernel image @ 0x82000000 [ 0x000000 - 0x7cd200 ]
 ## Flattened Device Tree blob at 83000000
    Booting using the fdt blob at 0x83000000
    Using Device Tree in place at 83000000, end 83013664
@@ -56,7 +56,7 @@
 Starting kernel ...
 
 Booting Linux on physical CPU 0x0
-Linux version 4.14.0-rc2-next-20170929-203152-g1418b85 (jonathanh@sellafield) (gcc version 4.7.3 20130328 (prerelease) (crosstool-NG linaro-1.13.1-4.7-2013.04-20130415 - Linaro GCC 2013.04)) #1 SMP Thu Sep 28 23:22:07 PDT 2017
+Linux version 4.14.0-rc4-next-20171009-204940-g49827b9 (jonathanh@sellafield) (gcc version 4.7.3 20130328 (prerelease) (crosstool-NG linaro-1.13.1-4.7-2013.04-20130415 - Linaro GCC 2013.04)) #1 SMP Mon Oct 9 14:36:36 PDT 2017
 CPU: ARMv7 Processor [413fc0f3] revision 3 (ARMv7), cr=10c5387d
 CPU: div instructions available: patching division code
 CPU: PIPT / VIPT nonaliasing data cache, PIPT instruction cache
@@ -67,7 +67,7 @@
 efi: UEFI not found.
 cma: Reserved 64 MiB at 0xfb800000
 On node 0 totalpages: 524032
-free_area_init_node: node 0, pgdat c1590400, node_mem_map eeff8000
+free_area_init_node: node 0, pgdat c1687780, node_mem_map eeff8000
   DMA zone: 1536 pages used for memmap
   DMA zone: 0 pages reserved
   DMA zone: 196608 pages, LIFO batch:31
@@ -81,7 +81,7 @@
 PID hash table entries: 4096 (order: 2, 16384 bytes)
 Dentry cache hash table entries: 131072 (order: 7, 524288 bytes)
 Inode-cache hash table entries: 65536 (order: 6, 262144 bytes)
-Memory: 1993364K/2096128K available (10240K kernel code, 1634K rwdata, 4512K rodata, 2048K init, 401K bss, 37228K reserved, 65536K cma-reserved, 1244160K highmem)
+Memory: 1992380K/2096128K available (11264K kernel code, 1630K rwdata, 4508K rodata, 2048K init, 403K bss, 38212K reserved, 65536K cma-reserved, 1244160K highmem)
 Virtual kernel memory layout:
     vector  : 0xffff0000 - 0xffff1000   (   4 kB)
     fixmap  : 0xffc00000 - 0xfff00000   (3072 kB)
@@ -89,10 +89,10 @@
     lowmem  : 0xc0000000 - 0xf0000000   ( 768 MB)
     pkmap   : 0xbfe00000 - 0xc0000000   (   2 MB)
     modules : 0xbf000000 - 0xbfe00000   (  14 MB)
-      .text : 0xc0208000 - 0xc0d00000   (11232 kB)
-      .init : 0xc1200000 - 0xc1400000   (2048 kB)
-      .data : 0xc1400000 - 0xc15988a8   (1635 kB)
-       .bss : 0xc15a1ba8 - 0xc16061bc   ( 402 kB)
+      .text : 0xc0208000 - 0xc0e00000   (12256 kB)
+      .init : 0xc1300000 - 0xc1500000   (2048 kB)
+      .data : 0xc1500000 - 0xc1697814   (1631 kB)
+       .bss : 0xc1697814 - 0xc16fc5fc   ( 404 kB)
 SLUB: HWalign=64, Order=0-3, MinObjects=0, CPUs=4, Nodes=1
 Hierarchical RCU implementation.
 	RCU event tracing is enabled.
@@ -253,7 +253,7 @@
 Key type id_legacy registered
 ntfs: driver 2.1.32 [Flags: R/O].
 bounce: pool size: 64 pages
-Block layer SCSI generic (bsg) driver version 0.4 loaded (major 248)
+Block layer SCSI generic (bsg) driver version 0.4 loaded (major 247)
 io scheduler noop registered
 io scheduler deadline registered
 io scheduler cfq registered (default)
@@ -356,15 +356,6 @@
 tegra_rtc 7000e000.rtc: rtc core: registered 7000e000.rtc as rtc1
 tegra_rtc 7000e000.rtc: Tegra internal Real Time Clock
 i2c /dev entries driver
-IR NEC protocol handler initialized
-IR RC5(x/sz) protocol handler initialized
-IR RC6 protocol handler initialized
-IR JVC protocol handler initialized
-IR Sony protocol handler initialized
-IR SANYO protocol handler initialized
-IR Sharp protocol handler initialized
-IR MCE Keyboard/mouse protocol handler initialized
-IR XMP protocol handler initialized
 lm90 0-004c: 0-004c supply vcc not found, using dummy regulator
 iommu: Adding device cpufreq-tegra124 to group 72
 sdhci: Secure Digital Host Controller Interface driver
@@ -400,17 +391,17 @@
 +5V_SATA: supplied by +5V_SYS
 +12V_SATA: supplied by +VDD_MUX
  usb2-0: usb2-0 supply vbus not found, using dummy regulator
+ usb2-1: usb2-1 supply vbus not found, using dummy regulator
+ usb3-0: usb3-0 supply vbus not found, using dummy regulator
+tegra-pcie 1003000.pcie: 2x1, 1x1 configuration
+tegra-pcie 1003000.pcie: Failed to get supply 'avddio-pex': -517
+tegra124-dfll 70110000.clock: couldn't get vdd_cpu regulator
 mmc0: new high speed MMC card at address 0001
 mmcblk0: mmc0:0001 SEM16G 14.7 GiB 
 mmcblk0boot0: mmc0:0001 SEM16G partition 1 4.00 MiB
 mmcblk0boot1: mmc0:0001 SEM16G partition 2 4.00 MiB
 mmcblk0rpmb: mmc0:0001 SEM16G partition 3 4.00 MiB, chardev (237:0)
  mmcblk0: p1
- usb2-1: usb2-1 supply vbus not found, using dummy regulator
- usb3-0: usb3-0 supply vbus not found, using dummy regulator
-tegra-pcie 1003000.pcie: 2x1, 1x1 configuration
-tegra-pcie 1003000.pcie: Failed to get supply 'avddio-pex': -517
-tegra124-dfll 70110000.clock: couldn't get vdd_cpu regulator
 tegra-hdmi 54280000.hdmi: failed to get PLL regulator
 as3722-sd2: supplied by +5V_SYS
 as3722-sd3: supplied by +5V_SYS
@@ -466,8 +457,8 @@
 pci_bus 0000:00: 2-byte config write to 0000:00:01.0 offset 0x52 may corrupt adjacent RW1C bits
 pci 0000:00:01.0: PME# supported from D0 D1 D2 D3hot D3cold
 pci_bus 0000:00: 2-byte config write to 0000:00:01.0 offset 0x4c may corrupt adjacent RW1C bits
-pci 0000:00:02.0: [10de:0e13] type 01 class 0x060400
 ata1: SATA link down (SStatus 0 SControl 300)
+pci 0000:00:02.0: [10de:0e13] type 01 class 0x060400
 pci_bus 0000:00: 2-byte config write to 0000:00:02.0 offset 0x4 may corrupt adjacent RW1C bits
 pci_bus 0000:00: 2-byte config write to 0000:00:02.0 offset 0x4 may corrupt adjacent RW1C bits
 pci 0000:00:02.0: enabling Extended Tags
@@ -529,7 +520,7 @@
 cpufreq: cpufreq_online: CPU0: Running at unlisted freq: 696000 KHz
 cpufreq: cpufreq_online: CPU0: Unlisted initial frequency changed to: 714000 KHz
 input: gpio-keys as /devices/soc0/gpio-keys/input/input0
-as3722-rtc as3722-rtc: setting system clock to 2000-01-01 00:02:07 UTC (946684927)
+as3722-rtc as3722-rtc: setting system clock to 2000-01-01 00:02:43 UTC (946684963)
 +USB0_VBUS_SW: disabling
 +1.8V_RUN_CAM: disabling
 +2.8V_RUN_CAM: disabling
Diff for ./tegra124-jetson-tk1/tegra124-jetson-tk1/tegra_defconfig_log.txt
--- /tmp/fooa	2017-10-09 14:43:36.504113666 -0700
+++ /tmp/foob	2017-10-09 14:43:36.508113684 -0700
@@ -33,20 +33,20 @@
 	 #################################################################
 	 #################################################################
 	 ########################################
-	 3.4 MiB/s
+	 4 MiB/s
 done
-Bytes transferred = 6301592 (602798 hex)
+Bytes transferred = 6302664 (602bc8 hex)
 Tegra124 (Jetson TK1) # tftpboot 0x83000000 tegra124-jetson-tk1.dtb
 Using eth_rtl8169 device
 TFTP from server 192.168.100.1; our IP address is 192.168.100.102
 Filename 'tegra124-jetson-tk1.dtb'.
 Load address: 0x83000000
 Loading: *#####
-	 3.6 MiB/s
+	 3.8 MiB/s
 done
 Bytes transferred = 67173 (10665 hex)
 Tegra124 (Jetson TK1) # bootz 0x82000000 - 0x83000000
-Kernel image @ 0x82000000 [ 0x000000 - 0x602798 ]
+Kernel image @ 0x82000000 [ 0x000000 - 0x602bc8 ]
 ## Flattened Device Tree blob at 83000000
    Booting using the fdt blob at 0x83000000
    Using Device Tree in place at 83000000, end 83013664
@@ -55,7 +55,7 @@
 
 Uncompressing Linux... done, booting the kernel.
 Booting Linux on physical CPU 0x0
-Linux version 4.14.0-rc2-next-20170929-203152-g1418b85 (jonathanh@kaivo) (gcc version 4.7.3 20130328 (prerelease) (crosstool-NG linaro-1.13.1-4.7-2013.04-20130415 - Linaro GCC 2013.04)) #1 SMP PREEMPT Thu Sep 28 23:21:16 PDT 2017
+Linux version 4.14.0-rc4-next-20171009-204940-g49827b9 (jonathanh@kaivo) (gcc version 4.7.3 20130328 (prerelease) (crosstool-NG linaro-1.13.1-4.7-2013.04-20130415 - Linaro GCC 2013.04)) #1 SMP PREEMPT Mon Oct 9 14:36:12 PDT 2017
 CPU: ARMv7 Processor [413fc0f3] revision 3 (ARMv7), cr=10c5387d
 CPU: div instructions available: patching division code
 CPU: PIPT / VIPT nonaliasing data cache, PIPT instruction cache
@@ -65,21 +65,21 @@
 Memory policy: Data cache writealloc
 cma: Reserved 64 MiB at 0xfbc00000
 On node 0 totalpages: 524032
-free_area_init_node: node 0, pgdat c0fbaa40, node_mem_map eeff7000
+free_area_init_node: node 0, pgdat c0fb1480, node_mem_map eeff7000
   Normal zone: 1536 pages used for memmap
   Normal zone: 0 pages reserved
   Normal zone: 196608 pages, LIFO batch:31
   HighMem zone: 327424 pages, LIFO batch:31
 random: fast init done
-percpu: Embedded 17 pages/cpu @eef83000 s39808 r8192 d21632 u69632
-pcpu-alloc: s39808 r8192 d21632 u69632 alloc=17*4096
+percpu: Embedded 17 pages/cpu @eef83000 s39680 r8192 d21760 u69632
+pcpu-alloc: s39680 r8192 d21760 u69632 alloc=17*4096
 pcpu-alloc: [0] 0 [0] 1 [0] 2 [0] 3 
 Built 1 zonelists, mobility grouping on.  Total pages: 522496
 Kernel command line: ignore_loglevel console=ttyS0,115200n8 rw root=PARTUUID=b1791faa-84e8-4e27-83a1-9fb0a77e8803 rootwait gpt debug noinitrd earlyprintk init=/bin/bash
 PID hash table entries: 4096 (order: 2, 16384 bytes)
 Dentry cache hash table entries: 131072 (order: 7, 524288 bytes)
 Inode-cache hash table entries: 65536 (order: 6, 262144 bytes)
-Memory: 1997380K/2096128K available (9216K kernel code, 790K rwdata, 2800K rodata, 1024K init, 295K bss, 33212K reserved, 65536K cma-reserved, 1244160K highmem)
+Memory: 1997420K/2096128K available (9216K kernel code, 786K rwdata, 2792K rodata, 1024K init, 297K bss, 33172K reserved, 65536K cma-reserved, 1244160K highmem)
 Virtual kernel memory layout:
     vector  : 0xffff0000 - 0xffff1000   (   4 kB)
     fixmap  : 0xffc00000 - 0xfff00000   (3072 kB)
@@ -89,8 +89,8 @@
     modules : 0xbf000000 - 0xbfe00000   (  14 MB)
       .text : 0xc0008000 - 0xc0a00000   (10208 kB)
       .init : 0xc0e00000 - 0xc0f00000   (1024 kB)
-      .data : 0xc0f00000 - 0xc0fc5b60   ( 791 kB)
-       .bss : 0xc0fcf4fc - 0xc101943c   ( 296 kB)
+      .data : 0xc0f00000 - 0xc0fc4ad4   ( 787 kB)
+       .bss : 0xc0fc4ad4 - 0xc100f274   ( 298 kB)
 Preemptible hierarchical RCU implementation.
 	Tasks RCU enabled.
 NR_IRQS: 16, nr_irqs: 16, preallocated irqs: 16
@@ -337,15 +337,6 @@
 tegra_rtc 7000e000.rtc: rtc core: registered 7000e000.rtc as rtc1
 tegra_rtc 7000e000.rtc: Tegra internal Real Time Clock
 i2c /dev entries driver
-IR NEC protocol handler initialized
-IR RC5(x/sz) protocol handler initialized
-IR RC6 protocol handler initialized
-IR JVC protocol handler initialized
-IR Sony protocol handler initialized
-IR SANYO protocol handler initialized
-IR Sharp protocol handler initialized
-IR MCE Keyboard/mouse protocol handler initialized
-IR XMP protocol handler initialized
 usbcore: registered new interface driver uvcvideo
 USB Video Class driver (1.1.1)
 gspca_main: v2.14.0 registered
@@ -458,8 +449,8 @@
 mmc1: SDHCI controller on 700b0400.sdhci [700b0400.sdhci] using ADMA
 tegra-pcie 1003000.pcie: 2x1, 1x1 configuration
 tegra-pcie 1003000.pcie: probing port 0, using 2 lanes
-tegra-pcie 1003000.pcie: Slot present pin change, signature: 00000008
 ata1: SATA link down (SStatus 0 SControl 300)
+tegra-pcie 1003000.pcie: Slot present pin change, signature: 00000008
 tegra-pcie 1003000.pcie: probing port 1, using 1 lanes
 tegra-pcie 1003000.pcie: Slot present pin change, signature: 00000000
 tegra-pcie 1003000.pcie: PCI host bridge to bus 0000:00
@@ -537,7 +528,7 @@
 cpufreq: cpufreq_online: CPU0: Running at unlisted freq: 696000 KHz
 cpufreq: cpufreq_online: CPU0: Unlisted initial frequency changed to: 714000 KHz
 input: gpio-keys as /devices/soc0/gpio-keys/input/input2
-as3722-rtc as3722-rtc: setting system clock to 2000-01-01 00:00:15 UTC (946684815)
+as3722-rtc as3722-rtc: setting system clock to 2000-01-01 00:00:14 UTC (946684814)
 +USB0_VBUS_SW: disabling
 +1.8V_RUN_CAM: disabling
 +2.8V_RUN_CAM: disabling
Diff for ./tegra124-nyan-big/tegra124-nyan-big/multi_v7_defconfig_log.txt
--- /tmp/fooa	2017-10-09 14:43:36.544113838 -0700
+++ /tmp/foob	2017-10-09 14:43:36.548113855 -0700
@@ -5,7 +5,7 @@
 TEGRA124
 Model: Acer Chromebook 13 CB5-311
 DRAM:  4 GiB
-C:   Tegra SD/MMC: 0, Tegra SD/MMC: 1, Tegra SD/MMC: 2
+:   Tegra SD/MMC: 0, Tegra SD/MMC: 1, Tegra SD/MMC: 2
 MMC init failed
 Using default environment
 
@@ -42,21 +42,21 @@
 	 #################################################################
 	 #################################################################
 	 #################################################################
-	 #####################################
-	 2.9 MiB/s
+	 ######################################
+	 3.5 MiB/s
 done
-Bytes transferred = 8172040 (7cb208 hex)
+Bytes transferred = 8180232 (7cd208 hex)
 Tegra124 (Nyan-big) # tftpboot 0x83000000 tegra124-nyan-big.dtb
 Using asx0 device
 TFTP from server 192.168.100.1; our IP address is 192.168.100.102
 Filename 'tegra124-nyan-big.dtb'.
 Load address: 0x83000000
 Loading: *#####
-	 3 MiB/s
+	 3.3 MiB/s
 done
 Bytes transferred = 68203 (10a6b hex)
 Tegra124 (Nyan-big) # bootz 0x82000000 - 0x83000000
-Kernel image @ 0x82000000 [ 0x000000 - 0x7cb200 ]
+Kernel image @ 0x82000000 [ 0x000000 - 0x7cd200 ]
 ## Flattened Device Tree blob at 83000000
    Booting using the fdt blob at 0x83000000
    Using Device Tree in place at 83000000, end 83013a6a
@@ -64,7 +64,7 @@
 Starting kernel ...
 
 Booting Linux on physical CPU 0x0
-Linux version 4.14.0-rc2-next-20170929-203152-g1418b85 (jonathanh@sellafield) (gcc version 4.7.3 20130328 (prerelease) (crosstool-NG linaro-1.13.1-4.7-2013.04-20130415 - Linaro GCC 2013.04)) #1 SMP Thu Sep 28 23:22:07 PDT 2017
+Linux version 4.14.0-rc4-next-20171009-204940-g49827b9 (jonathanh@sellafield) (gcc version 4.7.3 20130328 (prerelease) (crosstool-NG linaro-1.13.1-4.7-2013.04-20130415 - Linaro GCC 2013.04)) #1 SMP Mon Oct 9 14:36:36 PDT 2017
 CPU: ARMv7 Processor [413fc0f3] revision 3 (ARMv7), cr=10c5387d
 CPU: div instructions available: patching division code
 CPU: PIPT / VIPT nonaliasing data cache, PIPT instruction cache
@@ -76,7 +76,7 @@
 efi: UEFI not found.
 cma: Reserved 64 MiB at 0xfb800000
 On node 0 totalpages: 524287
-free_area_init_node: node 0, pgdat c1590400, node_mem_map eeff8000
+free_area_init_node: node 0, pgdat c1687780, node_mem_map eeff8000
   DMA zone: 1536 pages used for memmap
   DMA zone: 0 pages reserved
   DMA zone: 196608 pages, LIFO batch:31
@@ -90,7 +90,7 @@
 PID hash table entries: 4096 (order: 2, 16384 bytes)
 Dentry cache hash table entries: 131072 (order: 7, 524288 bytes)
 Inode-cache hash table entries: 65536 (order: 6, 262144 bytes)
-Memory: 1994380K/2097148K available (10240K kernel code, 1634K rwdata, 4512K rodata, 2048K init, 401K bss, 37232K reserved, 65536K cma-reserved, 1245180K highmem)
+Memory: 1993400K/2097148K available (11264K kernel code, 1630K rwdata, 4508K rodata, 2048K init, 403K bss, 38212K reserved, 65536K cma-reserved, 1245180K highmem)
 Virtual kernel memory layout:
     vector  : 0xffff0000 - 0xffff1000   (   4 kB)
     fixmap  : 0xffc00000 - 0xfff00000   (3072 kB)
@@ -98,10 +98,10 @@
     lowmem  : 0xc0000000 - 0xf0000000   ( 768 MB)
     pkmap   : 0xbfe00000 - 0xc0000000   (   2 MB)
     modules : 0xbf000000 - 0xbfe00000   (  14 MB)
-      .text : 0xc0208000 - 0xc0d00000   (11232 kB)
-      .init : 0xc1200000 - 0xc1400000   (2048 kB)
-      .data : 0xc1400000 - 0xc15988a8   (1635 kB)
-       .bss : 0xc15a1ba8 - 0xc16061bc   ( 402 kB)
+      .text : 0xc0208000 - 0xc0e00000   (12256 kB)
+      .init : 0xc1300000 - 0xc1500000   (2048 kB)
+      .data : 0xc1500000 - 0xc1697814   (1631 kB)
+       .bss : 0xc1697814 - 0xc16fc5fc   ( 404 kB)
 SLUB: HWalign=64, Order=0-3, MinObjects=0, CPUs=4, Nodes=1
 Hierarchical RCU implementation.
 	RCU event tracing is enabled.
@@ -263,7 +263,7 @@
 Key type id_legacy registered
 ntfs: driver 2.1.32 [Flags: R/O].
 bounce: pool size: 64 pages
-Block layer SCSI generic (bsg) driver version 0.4 loaded (major 248)
+Block layer SCSI generic (bsg) driver version 0.4 loaded (major 247)
 io scheduler noop registered
 io scheduler deadline registered
 io scheduler cfq registered (default)
@@ -357,15 +357,6 @@
 tegra_rtc 7000e000.rtc: rtc core: registered 7000e000.rtc as rtc1
 tegra_rtc 7000e000.rtc: Tegra internal Real Time Clock
 i2c /dev entries driver
-IR NEC protocol handler initialized
-IR RC5(x/sz) protocol handler initialized
-IR RC6 protocol handler initialized
-IR JVC protocol handler initialized
-IR Sony protocol handler initialized
-IR SANYO protocol handler initialized
-IR Sharp protocol handler initialized
-IR MCE Keyboard/mouse protocol handler initialized
-IR XMP protocol handler initialized
 lm90 0-004c: 0-004c supply vcc not found, using dummy regulator
 iommu: Adding device cpufreq-tegra124 to group 69
 sdhci: Secure Digital Host Controller Interface driver
@@ -378,9 +369,9 @@
 mmc0: Unknown controller version (3). You may experience problems.
 mmc0: Invalid maximum block size, assuming 512 bytes
 elan_i2c 1-0015: Elan Touchpad: Module ID: 0x002a, Firmware: 0x0005, Sample: 0x0007, IAP: 0x0009
-input: Elan Touchpad as /devices/soc0/7000c400.i2c/i2c-1/1-0015/input/input0
 mmc0: SDHCI controller on 700b0600.sdhci [700b0600.sdhci] using ADMA
 ledtrig-cpu: registered to indicate activity on CPUs
+input: Elan Touchpad as /devices/soc0/7000c400.i2c/i2c-1/1-0015/input/input0
 usbcore: registered new interface driver usbhid
 usbhid: USB HID core driver
 NET: Registered protocol family 10
@@ -389,6 +380,12 @@
 NET: Registered protocol family 17
 can: controller area network core (rev 20170425 abi 9)
 NET: Registered protocol family 29
+mmc0: new high speed MMC card at address 0001
+mmcblk0: mmc0:0001 MMC16G 14.4 GiB 
+mmcblk0boot0: mmc0:0001 MMC16G partition 1 2.00 MiB
+mmcblk0boot1: mmc0:0001 MMC16G partition 2 2.00 MiB
+mmcblk0rpmb: mmc0:0001 MMC16G partition 3 128 KiB, chardev (237:0)
+ mmcblk0: p1 p2 p3 p4 p5 p6 p7 p8 p9 p10 p11 p12
 can: raw protocol (rev 20170425)
 can: broadcast manager protocol (rev 20170425 t)
 can: netlink gateway (rev 20170425) max_hops=1
@@ -406,15 +403,8 @@
 +5V_USB_SS: supplied by +5V_SYS
 +3.3V_PANEL: supplied by +3.3V_RUN
 +3.3V_LP0: supplied by +3.3V_SYS
-mmc0: new high speed MMC card at address 0001
-mmcblk0: mmc0:0001 MMC16G 14.4 GiB 
-mmcblk0boot0: mmc0:0001 MMC16G partition 1 2.00 MiB
-mmcblk0boot1: mmc0:0001 MMC16G partition 2 2.00 MiB
-mmcblk0rpmb: mmc0:0001 MMC16G partition 3 128 KiB, chardev (237:0)
- mmcblk0: p1 p2 p3 p4 p5 p6 p7 p8 p9 p10 p11 p12
 +1.05V_RUN_AVDD_HDMI_PLL: supplied by +1.05V_RUN
 elan_i2c 1-0015: failed to read report data: -121
-elan_i2c 1-0015: failed to read report data: -121
 +5V_HDMI_CON: supplied by +5V_SYS
  usb3-0: usb3-0 supply vbus not found, using dummy regulator
  usb3-1: usb3-1 supply vbus not found, using dummy regulator
@@ -425,9 +415,9 @@
 mmc1: Invalid maximum block size, assuming 512 bytes
 mmc1: Switching to 3.3V signalling voltage failed
 mmc1: SDHCI controller on 700b0000.sdhci [700b0000.sdhci] using ADMA
+elan_i2c 1-0015: invalid report id data (ff)
 sdhci-tegra 700b0400.sdhci: Got CD GPIO
 sdhci-tegra 700b0400.sdhci: Got WP GPIO
-elan_i2c 1-0015: invalid report id data (ff)
 mmc2: Unknown controller version (3). You may experience problems.
 mmc2: Invalid maximum block size, assuming 512 bytes
 mmc1: new high speed SDIO card at address 0001
@@ -446,7 +436,7 @@
 drm drm: fb0:  frame buffer device
 [drm] Initialized tegra 0.0.0 20120330 for drm on minor 0
 input: gpio-keys as /devices/soc0/gpio-keys/input/input1
-as3722-rtc as3722-rtc: setting system clock to 2000-01-04 15:16:51 UTC (946999011)
+as3722-rtc as3722-rtc: setting system clock to 2000-01-01 00:00:23 UTC (946684823)
 +1.8V_RUN_CAM: disabling
 +3.3V_RUN_CAM: disabling
 +1.2V_RUN_CAM_FRONT: disabling
Diff for ./tegra124-nyan-big/tegra124-nyan-big/tegra_defconfig_log.txt
--- /tmp/fooa	2017-10-09 14:43:36.564113925 -0700
+++ /tmp/foob	2017-10-09 14:43:36.568113941 -0700
@@ -14,7 +14,7 @@
 Err:   serial
 Net:   Net Initialization Skipped
 No ethernet found.
-Hit any key to stop autoboot:  2  0 
+Hit any key to stop autoboot:  2  1  0 
 Tegra124 (Nyan-big) # 
 Tegra124 (Nyan-big) # usb start
 starting USB...
@@ -41,20 +41,20 @@
 	 #################################################################
 	 #################################################################
 	 ########################################
-	 3.1 MiB/s
+	 3.5 MiB/s
 done
-Bytes transferred = 6301592 (602798 hex)
+Bytes transferred = 6302664 (602bc8 hex)
 Tegra124 (Nyan-big) # tftpboot 0x83000000 tegra124-nyan-big.dtb
 Using asx0 device
 TFTP from server 192.168.100.1; our IP address is 192.168.100.102
 Filename 'tegra124-nyan-big.dtb'.
 Load address: 0x83000000
 Loading: *#####
-	 3.3 MiB/s
+	 3.4 MiB/s
 done
 Bytes transferred = 68203 (10a6b hex)
 Tegra124 (Nyan-big) # bootz 0x82000000 - 0x83000000
-Kernel image @ 0x82000000 [ 0x000000 - 0x602798 ]
+Kernel image @ 0x82000000 [ 0x000000 - 0x602bc8 ]
 ## Flattened Device Tree blob at 83000000
    Booting using the fdt blob at 0x83000000
    Using Device Tree in place at 83000000, end 83013a6a
@@ -63,7 +63,7 @@
 
 Uncompressing Linux... done, booting the kernel.
 Booting Linux on physical CPU 0x0
-Linux version 4.14.0-rc2-next-20170929-203152-g1418b85 (jonathanh@kaivo) (gcc version 4.7.3 20130328 (prerelease) (crosstool-NG linaro-1.13.1-4.7-2013.04-20130415 - Linaro GCC 2013.04)) #1 SMP PREEMPT Thu Sep 28 23:21:16 PDT 2017
+Linux version 4.14.0-rc4-next-20171009-204940-g49827b9 (jonathanh@kaivo) (gcc version 4.7.3 20130328 (prerelease) (crosstool-NG linaro-1.13.1-4.7-2013.04-20130415 - Linaro GCC 2013.04)) #1 SMP PREEMPT Mon Oct 9 14:36:12 PDT 2017
 CPU: ARMv7 Processor [413fc0f3] revision 3 (ARMv7), cr=10c5387d
 CPU: div instructions available: patching division code
 CPU: PIPT / VIPT nonaliasing data cache, PIPT instruction cache
@@ -74,21 +74,21 @@
 Memory policy: Data cache writealloc
 cma: Reserved 64 MiB at 0xfbc00000
 On node 0 totalpages: 524287
-free_area_init_node: node 0, pgdat c0fbaa40, node_mem_map eeff7000
+free_area_init_node: node 0, pgdat c0fb1480, node_mem_map eeff7000
   Normal zone: 1536 pages used for memmap
   Normal zone: 0 pages reserved
   Normal zone: 196608 pages, LIFO batch:31
   HighMem zone: 327679 pages, LIFO batch:31
 random: fast init done
-percpu: Embedded 17 pages/cpu @eef82000 s39808 r8192 d21632 u69632
-pcpu-alloc: s39808 r8192 d21632 u69632 alloc=17*4096
+percpu: Embedded 17 pages/cpu @eef82000 s39680 r8192 d21760 u69632
+pcpu-alloc: s39680 r8192 d21760 u69632 alloc=17*4096
 pcpu-alloc: [0] 0 [0] 1 [0] 2 [0] 3 
 Built 1 zonelists, mobility grouping on.  Total pages: 522751
 Kernel command line: ignore_loglevel console=ttyS0,115200n8 rw root=PARTUUID=4d36e82a-b3c0-4b4b-bfcd-afe5217ac023 rootwait gpt debug noinitrd earlyprintk init=/bin/bash
 PID hash table entries: 4096 (order: 2, 16384 bytes)
 Dentry cache hash table entries: 131072 (order: 7, 524288 bytes)
 Inode-cache hash table entries: 65536 (order: 6, 262144 bytes)
-Memory: 1998396K/2097148K available (9216K kernel code, 790K rwdata, 2800K rodata, 1024K init, 295K bss, 33216K reserved, 65536K cma-reserved, 1245180K highmem)
+Memory: 1998440K/2097148K available (9216K kernel code, 786K rwdata, 2792K rodata, 1024K init, 297K bss, 33172K reserved, 65536K cma-reserved, 1245180K highmem)
 Virtual kernel memory layout:
     vector  : 0xffff0000 - 0xffff1000   (   4 kB)
     fixmap  : 0xffc00000 - 0xfff00000   (3072 kB)
@@ -98,8 +98,8 @@
     modules : 0xbf000000 - 0xbfe00000   (  14 MB)
       .text : 0xc0008000 - 0xc0a00000   (10208 kB)
       .init : 0xc0e00000 - 0xc0f00000   (1024 kB)
-      .data : 0xc0f00000 - 0xc0fc5b60   ( 791 kB)
-       .bss : 0xc0fcf4fc - 0xc101943c   ( 296 kB)
+      .data : 0xc0f00000 - 0xc0fc4ad4   ( 787 kB)
+       .bss : 0xc0fc4ad4 - 0xc100f274   ( 298 kB)
 Preemptible hierarchical RCU implementation.
 	Tasks RCU enabled.
 NR_IRQS: 16, nr_irqs: 16, preallocated irqs: 16
@@ -312,146 +312,131 @@
 kernel BUG at drivers/platform/chrome/cros_ec_proto.c:34!
 Internal error: Oops - BUG: 0 [#1] PREEMPT SMP ARM
 Modules linked in:
-CPU: 0 PID: 1 Comm: swapper/0 Not tainted 4.14.0-rc2-next-20170929-203152-g1418b85 #1
+CPU: 0 PID: 1 Comm: swapper/0 Not tainted 4.14.0-rc4-next-20171009-204940-g49827b9 #1
 Hardware name: NVIDIA Tegra SoC (Flattened Device Tree)
-task: ee891780 task.stack: ee8a6000
+task: ee891740 task.stack: ee8a6000
 PC is at cros_ec_prepare_tx+0x168/0x16c
 LR is at cros_ec_pkt_xfer_spi+0x18/0x474
-pc : [<c06d9f60>]    lr : [<c054743c>]    psr: 20000013
-sp : ee8a7bd8  ip : 00000000  fp : 00000000
-r10: c0547424  r9 : 00000000  r8 : eefe59f8
-r7 : ee295200  r6 : ee295200  r5 : ee295200  r4 : ee25bd90
-r3 : 0000ffff  r2 : 00000000  r1 : 0000ffff  r0 : ee25bd90
+pc : [<c06dbe44>]    lr : [<c054a50c>]    psr: 20000013
+sp : ee8a7bb8  ip : 00000000  fp : 00000000
+r10: c054a4f4  r9 : 00000000  r8 : eefe59f8
+r7 : ee28f140  r6 : ee28f140  r5 : ee28f140  r4 : ee270d90
+r3 : 0000ffff  r2 : 00000000  r1 : 0000ffff  r0 : ee270d90
 Flags: nzCv  IRQs on  FIQs on  Mode SVC_32  ISA ARM  Segment none
 Control: 10c5387d  Table: 8000406a  DAC: 00000051
 Process swapper/0 (pid: 1, stack limit = 0xee8a6210)
-Stack: (0xee8a7bd8 to 0xee8a8000)
-7bc0:                                                       ee25bd90 ee295200
-7be0: ee295290 c054743c c0979fbc 00000004 ee8a7c5c ee8a7c5c ee291800 00000000
-7c00: c0593898 00000000 00000008 00000008 00000000 ee8a7c14 ee8a7c14 00000000
-7c20: ee8a7c20 ee8a7c20 ee295250 ee295180 00000008 00000000 00000000 00000000
-7c40: c0e91d90 c023a4b8 40002800 000000e0 eef8ed90 c023c928 002dc6c0 ee8a7bf0
-7c60: ee8a7bf0 00000000 c06d9d90 005c52a0 3b9aca00 000f4240 00000000 ee8a7ca8
-7c80: 00000001 00000501 c0547424 c097e88c 00000000 ee2951c0 a0000013 c06d9d90
-7ca0: ee295200 ee25bd90 ee295200 ee291800 ee295200 eefe59f8 00000000 c0547424
-7cc0: 00000000 c06d9cec 0000400b ee25bd90 ee295200 ee291800 0000000c eefe59f8
-7ce0: c0ff9b7c c06da108 00000000 ee25bd90 ee291800 00000000 00000000 eefe59f8
-7d00: c0f6d4b8 c0546ec8 ee8a7d14 ee291800 00000000 00000001 ee291800 ee25bd90
-7d20: ee295290 c0547278 00000000 00000000 00000000 000007d0 ee291800 00000000
-7d40: c0f6d4a8 00000000 00000000 c05942dc ee291800 c100af14 c100af18 c05201cc
-7d60: 00000000 ee8a7d98 c052035c 00000001 c100aef0 00000000 00000000 c051e7ec
-7d80: ee9f6170 ee15e1b8 ee291800 ee291834 c0f7418c c051ff0c ee291800 00000001
-7da0: 00000000 ee291800 ee291800 c0f7418c ee106000 c051f550 ee291800 00000000
-7dc0: ee291808 c051db94 ee291800 c05971f0 00000000 ee291800 ee291800 ee106000
-7de0: 00000000 eea8fe10 eefe5a48 00000001 00000000 c0594130 002dc6c0 ee106000
-7e00: eefe59f8 00000000 ee291800 c05960dc 00000000 014000c0 00000000 c0595ac8
-7e20: 00000063 002dc6c0 ee106000 ee28ed50 eea8fe00 eea8fe10 40000000 00000153
-7e40: 00000000 c059659c eefe56e8 ee106350 ee106000 eea8fe00 eea8fe10 c0597128
-7e60: 00000000 ee106350 ffffffed eea8fe10 fffffdfb c0f74b00 00000000 00000000
-7e80: c0f74b00 c0521ac0 c0521a70 eea8fe10 c100af14 c100af18 00000000 c05201cc
-7ea0: eea8fe10 c0f74b00 eea8fe44 00000000 00000111 c0e6b83c c0e005a4 c0520324
-7ec0: 00000000 c0f74b00 c0520278 c051e888 ee8c955c eea18934 c0f74b00 ee289a80
-7ee0: c0f6ba30 c051f724 c0c1d4b0 c0f74b00 00000006 c0f74b00 00000006 c0e38940
-7f00: 00000000 c0520e9c c0521714 c0e84468 00000006 c0101b8c 00000000 c0cbb470
-7f20: 00000100 efffcc45 c0cbb470 00000111 efffcc53 c013eb34 c0cb9f1c 00000000
-7f40: 00000006 00000006 efffcc45 efffcc4a 00000000 efffcbc0 00000006 c0e6b82c
-7f60: c0e84468 00000006 c0e6b830 c0fcf500 00000111 c0e00da8 00000006 00000006
-7f80: 00000000 c0e005a4 00000000 c0977c30 00000000 00000000 00000000 00000000
-7fa0: 00000000 c0977c38 00000000 c0107cf0 00000000 00000000 00000000 00000000
+Stack: (0xee8a7bb8 to 0xee8a8000)
+7ba0:                                                       ee270d90 ee28f140
+7bc0: ee28f1d0 c054a50c c0981db4 00000004 ee8a7c3c ee8a7c3c ee29dc00 00000000
+7be0: c0597184 00000000 00000008 00000008 00000000 ee8a7bf4 ee8a7bf4 00000000
+7c00: ee8a7c00 ee8a7c00 ee28f190 ee28f0c0 00000008 00000000 00000000 00000000
+7c20: c0e90d08 c023bd98 40002800 00000080 eef8ed08 c023e208 002dc6c0 ee8a7bd0
+7c40: ee8a7bd0 00000000 c06dbc74 005c51e0 3b9aca00 000f4240 00000000 ee8a7c88
+7c60: 00000001 00000501 c054a4f4 c098668c 00000000 ee28f100 a0000013 c06dbc74
+7c80: ee28f140 ee270d90 ee28f140 ee29dc00 ee28f140 eefe59f8 00000000 c054a4f4
+7ca0: 00000000 c06dbbd0 0000400b ee270d90 ee28f140 ee29dc00 0000000c eefe59f8
+7cc0: c0fef17c c06dbfec 00000000 ee270d90 ee29dc00 00000000 00000000 eefe59f8
+7ce0: c0f6e5d0 c0549f98 ee8a7cf4 ee29dc00 00000000 00000001 ee29dc00 ee270d90
+7d00: ee28f1d0 c054a348 00000000 00000000 00000000 000007d0 ee29dc00 00000000
+7d20: c0f6e5c0 00000000 00000000 c0597bc8 ee29dc00 c1000504 c1000508 c0525ef8
+7d40: 00000000 ee8a7d78 c0526088 00000001 ee034000 00000000 c10004e0 c0524518
+7d60: ee9f6170 ee161db8 ee29dc00 ee29dc34 c0f7528c c0525c38 ee29dc00 00000001
+7d80: 00000000 ee29dc00 ee29dc00 c0f7528c c0f04c48 c052527c ee29dc00 ee29dc08
+7da0: 00000000 c05238b8 40400000 00000000 ee034350 c059ab5c ee29dc00 e416bf4f
+7dc0: 00000000 ee29dc00 ee034000 00000000 eea8be10 eefe5a48 00000001 00000000
+7de0: 00000000 c0597a1c 002dc6c0 ee034000 eefe59f8 00000000 ee29dc00 c05999b8
+7e00: 00000000 014000c0 00000000 c05993a4 00000063 002dc6c0 ee034000 ee289c90
+7e20: eea8be00 eea8be10 40000000 00000153 00000000 c0599e78 eefe56e8 ee034348
+7e40: ee034000 eea8be00 eea8be10 c059aa04 00000000 ee034348 ffffffed eea8be10
+7e60: fffffdfb c0f75c00 00000000 00000000 c0f75c00 c05277ec c052779c eea8be10
+7e80: c1000504 c1000508 00000000 c0525ef8 eea8be10 c0f75c00 eea8be44 00000000
+7ea0: 00000000 c0e6a83c c0e00590 c0526050 00000000 c0f75c00 c0525fa4 c05245b4
+7ec0: ee8c955c eea37934 c0f75c00 ee28d680 c0f6cb80 c0525450 c0c1c320 c0f75c00
+7ee0: 00000006 c0f75c00 00000006 c0f04c48 c0e389fc c0526bc8 c0527440 c0e833a0
+7f00: 00000006 c0101bbc 00000000 ee8a7f24 00000000 c0161e00 00000000 c0cb93ac
+7f20: 00000110 efffcc45 c0cb93ac 00000110 efffcc53 c013edf4 c0cb7e6c 00000000
+7f40: 00000006 00000006 efffcc45 efffcc4a 00000000 e416bf4f 00000006 c0e833a0
+7f60: 00000006 c0e6a830 c0fc4b00 00000110 c0e00590 c0e00dd0 00000006 00000006
+7f80: 00000000 c0e00590 00000000 c097f9c4 00000000 00000000 00000000 00000000
+7fa0: 00000000 c097f9cc 00000000 c0107d70 00000000 00000000 00000000 00000000
 7fc0: 00000000 00000000 00000000 00000000 00000000 00000000 00000000 00000000
 7fe0: 00000000 00000000 00000000 00000000 00000013 00000000 00000000 00000000
-[<c06d9f60>] (cros_ec_prepare_tx) from [<c054743c>] (cros_ec_pkt_xfer_spi+0x18/0x474)
-[<c054743c>] (cros_ec_pkt_xfer_spi) from [<c06d9cec>] (send_command+0x20/0xd8)
-[<c06d9cec>] (send_command) from [<c06da108>] (cros_ec_query_all+0x1a4/0x398)
-[<c06da108>] (cros_ec_query_all) from [<c0546ec8>] (cros_ec_register+0x94/0x21c)
-[<c0546ec8>] (cros_ec_register) from [<c0547278>] (cros_ec_spi_probe+0x108/0x150)
-[<c0547278>] (cros_ec_spi_probe) from [<c05942dc>] (spi_drv_probe+0x7c/0xa8)
-[<c05942dc>] (spi_drv_probe) from [<c05201cc>] (driver_probe_device+0x238/0x2e4)
-[<c05201cc>] (driver_probe_device) from [<c051e7ec>] (bus_for_each_drv+0x44/0x8c)
-[<c051e7ec>] (bus_for_each_drv) from [<c051ff0c>] (__device_attach+0x9c/0x100)
-[<c051ff0c>] (__device_attach) from [<c051f550>] (bus_probe_device+0x84/0x8c)
-[<c051f550>] (bus_probe_device) from [<c051db94>] (device_add+0x380/0x528)
-[<c051db94>] (device_add) from [<c0594130>] (spi_add_device+0x88/0x130)
-[<c0594130>] (spi_add_device) from [<c05960dc>] (spi_register_controller+0x428/0x8b4)
-[<c05960dc>] (spi_register_controller) from [<c059659c>] (devm_spi_register_controller+0x34/0x70)
-[<c059659c>] (devm_spi_register_controller) from [<c0597128>] (tegra_spi_probe+0x298/0x35c)
-[<c0597128>] (tegra_spi_probe) from [<c0521ac0>] (platform_drv_probe+0x50/0xb0)
-[<c0521ac0>] (platform_drv_probe) from [<c05201cc>] (driver_probe_device+0x238/0x2e4)
-[<c05201cc>] (driver_probe_device) from [<c0520324>] (__driver_attach+0xac/0xb0)
-[<c0520324>] (__driver_attach) from [<c051e888>] (bus_for_each_dev+0x54/0x88)
-[<c051e888>] (bus_for_each_dev) from [<c051f724>] (bus_add_driver+0xe4/0x1f0)
-[<c051f724>] (bus_add_driver) from [<c0520e9c>] (driver_register+0x78/0xf4)
-[<c0520e9c>] (driver_register) from [<c0101b8c>] (do_one_initcall+0x3c/0x168)
-[<c0101b8c>] (do_one_initcall) from [<c0e00da8>] (kernel_init_freeable+0x10c/0x1d0)
-[<c0e00da8>] (kernel_init_freeable) from [<c0977c38>] (kernel_init+0x8/0x114)
-[<c0977c38>] (kernel_init) from [<c0107cf0>] (ret_from_fork+0x14/0x24)
+[<c06dbe44>] (cros_ec_prepare_tx) from [<c054a50c>] (cros_ec_pkt_xfer_spi+0x18/0x474)
+[<c054a50c>] (cros_ec_pkt_xfer_spi) from [<c06dbbd0>] (send_command+0x20/0xd8)
+[<c06dbbd0>] (send_command) from [<c06dbfec>] (cros_ec_query_all+0x1a4/0x398)
+[<c06dbfec>] (cros_ec_query_all) from [<c0549f98>] (cros_ec_register+0x94/0x21c)
+[<c0549f98>] (cros_ec_register) from [<c054a348>] (cros_ec_spi_probe+0x108/0x150)
+[<c054a348>] (cros_ec_spi_probe) from [<c0597bc8>] (spi_drv_probe+0x7c/0xa8)
+[<c0597bc8>] (spi_drv_probe) from [<c0525ef8>] (driver_probe_device+0x238/0x2e4)
+[<c0525ef8>] (driver_probe_device) from [<c0524518>] (bus_for_each_drv+0x44/0x8c)
+[<c0524518>] (bus_for_each_drv) from [<c0525c38>] (__device_attach+0x9c/0x100)
+[<c0525c38>] (__device_attach) from [<c052527c>] (bus_probe_device+0x84/0x8c)
+[<c052527c>] (bus_probe_device) from [<c05238b8>] (device_add+0x39c/0x54c)
+[<c05238b8>] (device_add) from [<c0597a1c>] (spi_add_device+0x88/0x130)
+[<c0597a1c>] (spi_add_device) from [<c05999b8>] (spi_register_controller+0x428/0x8b4)
+[<c05999b8>] (spi_register_controller) from [<c0599e78>] (devm_spi_register_controller+0x34/0x70)
+[<c0599e78>] (devm_spi_register_controller) from [<c059aa04>] (tegra_spi_probe+0x298/0x35c)
+[<c059aa04>] (tegra_spi_probe) from [<c05277ec>] (platform_drv_probe+0x50/0xb0)
+[<c05277ec>] (platform_drv_probe) from [<c0525ef8>] (driver_probe_device+0x238/0x2e4)
+[<c0525ef8>] (driver_probe_device) from [<c0526050>] (__driver_attach+0xac/0xb0)
+[<c0526050>] (__driver_attach) from [<c05245b4>] (bus_for_each_dev+0x54/0x88)
+[<c05245b4>] (bus_for_each_dev) from [<c0525450>] (bus_add_driver+0xe4/0x1f0)
+[<c0525450>] (bus_add_driver) from [<c0526bc8>] (driver_register+0x78/0xf4)
+[<c0526bc8>] (driver_register) from [<c0101bbc>] (do_one_initcall+0x48/0x18c)
+[<c0101bbc>] (do_one_initcall) from [<c0e00dd0>] (kernel_init_freeable+0x10c/0x1d0)
+[<c0e00dd0>] (kernel_init_freeable) from [<c097f9cc>] (kernel_init+0x8/0x114)
+[<c097f9cc>] (kernel_init) from [<c0107d70>] (ret_from_fork+0x14/0x24)
 Code: e2800008 e8bd8070 e7f001f2 e7f001f2 (e7f001f2) 
----[ end trace f6895e7e6d64c1c5 ]---
+---[ end trace 2eb1bec0dba14569 ]---
 Kernel panic - not syncing: Attempted to kill init! exitcode=0x0000000b
 
-CPU3: stopping
-CPU: 3 PID: 0 Comm: swapper/3 Tainted: G      D         4.14.0-rc2-next-20170929-203152-g1418b85 #1
-Hardware name: NVIDIA Tegra SoC (Flattened Device Tree)
-[<c01110d0>] (unwind_backtrace) from [<c010c08c>] (show_stack+0x10/0x14)
-[<c010c08c>] (show_stack) from [<c09644c0>] (dump_stack+0x84/0xa4)
-[<c09644c0>] (dump_stack) from [<c010f61c>] (handle_IPI+0x18c/0x39c)
-[<c010f61c>] (handle_IPI) from [<c0101430>] (gic_handle_irq+0x88/0x94)
-[<c0101430>] (gic_handle_irq) from [<c010cc4c>] (__irq_svc+0x6c/0xa8)
-Exception stack(0xee8e3f70 to 0xee8e3fb8)
-3f60:                                     00000001 00000000 ee8e3fc8 c011a3c0
-3f80: c0f03ccc c0f03c68 c0e8d3f8 c0f03cd8 c0fc0848 00000000 00000001 00000000
-3fa0: 2e130000 ee8e3fc0 c0108758 c010875c 60000013 ffffffff
-[<c010cc4c>] (__irq_svc) from [<c010875c>] (arch_cpu_idle+0x30/0x3c)
-[<c010875c>] (arch_cpu_idle) from [<c0161484>] (do_idle+0x148/0x204)
-[<c0161484>] (do_idle) from [<c01617c8>] (cpu_startup_entry+0x18/0x1c)
-[<c01617c8>] (cpu_startup_entry) from [<801018ac>] (0x801018ac)
 CPU2: stopping
-CPU: 2 PID: 0 Comm: swapper/2 Tainted: G      D         4.14.0-rc2-next-20170929-203152-g1418b85 #1
+CPU: 2 PID: 0 Comm: swapper/2 Tainted: G      D          4.14.0-rc4-next-20171009-204940-g49827b9 #1
 Hardware name: NVIDIA Tegra SoC (Flattened Device Tree)
-[<c01110d0>] (unwind_backtrace) from [<c010c08c>] (show_stack+0x10/0x14)
-[<c010c08c>] (show_stack) from [<c09644c0>] (dump_stack+0x84/0xa4)
-[<c09644c0>] (dump_stack) from [<c010f61c>] (handle_IPI+0x18c/0x39c)
-[<c010f61c>] (handle_IPI) from [<c0101430>] (gic_handle_irq+0x88/0x94)
-[<c0101430>] (gic_handle_irq) from [<c010cc4c>] (__irq_svc+0x6c/0xa8)
+[<c01111d0>] (unwind_backtrace) from [<c010c168>] (show_stack+0x10/0x14)
+[<c010c168>] (show_stack) from [<c096c060>] (dump_stack+0x84/0xa4)
+[<c096c060>] (dump_stack) from [<c010f71c>] (handle_IPI+0x18c/0x39c)
+[<c010f71c>] (handle_IPI) from [<c0101430>] (gic_handle_irq+0x88/0x94)
+[<c0101430>] (gic_handle_irq) from [<c010cd4c>] (__irq_svc+0x6c/0xa8)
 Exception stack(0xee8e1f70 to 0xee8e1fb8)
-1f60:                                     00000001 00000000 ee8e1fc8 c011a3c0
-1f80: c0f03ccc c0f03c68 c0e8d3f8 c0f03cd8 c0fc0848 00000000 00000001 00000000
-1fa0: 2e11f000 ee8e1fc0 c0108758 c010875c 60000013 ffffffff
-[<c010cc4c>] (__irq_svc) from [<c010875c>] (arch_cpu_idle+0x30/0x3c)
-[<c010875c>] (arch_cpu_idle) from [<c0161484>] (do_idle+0x148/0x204)
-[<c0161484>] (do_idle) from [<c01617c8>] (cpu_startup_entry+0x18/0x1c)
-[<c01617c8>] (cpu_startup_entry) from [<801018ac>] (0x801018ac)
+1f60:                                     00000001 00000000 ee8e1fc8 c011a480
+1f80: c0f04cd0 c0f04c6c c0e8c3b8 c0f04cdc c0fb7288 00000000 00000001 00000000
+1fa0: 2e120000 ee8e1fc0 c01087d8 c01087dc 60000013 ffffffff
+[<c010cd4c>] (__irq_svc) from [<c01087dc>] (arch_cpu_idle+0x30/0x3c)
+[<c01087dc>] (arch_cpu_idle) from [<c016296c>] (do_idle+0x148/0x204)
+[<c016296c>] (do_idle) from [<c0162cb0>] (cpu_startup_entry+0x18/0x1c)
+[<c0162cb0>] (cpu_startup_entry) from [<801018ac>] (0x801018ac)
+CPU3: stopping
+CPU: 3 PID: 0 Comm: swapper/3 Tainted: G      D          4.14.0-rc4-next-20171009-204940-g49827b9 #1
+Hardware name: NVIDIA Tegra SoC (Flattened Device Tree)
+[<c01111d0>] (unwind_backtrace) from [<c010c168>] (show_stack+0x10/0x14)
+[<c010c168>] (show_stack) from [<c096c060>] (dump_stack+0x84/0xa4)
+[<c096c060>] (dump_stack) from [<c010f71c>] (handle_IPI+0x18c/0x39c)
+[<c010f71c>] (handle_IPI) from [<c0101430>] (gic_handle_irq+0x88/0x94)
+[<c0101430>] (gic_handle_irq) from [<c010cd4c>] (__irq_svc+0x6c/0xa8)
+Exception stack(0xee8e3f70 to 0xee8e3fb8)
+3f60:                                     00000001 00000000 ee8e3fc8 c011a480
+3f80: c0f04cd0 c0f04c6c c0e8c3b8 c0f04cdc c0fb7288 00000000 00000001 00000000
+3fa0: 2e131000 ee8e3fc0 c01087d8 c01087dc 60000013 ffffffff
+[<c010cd4c>] (__irq_svc) from [<c01087dc>] (arch_cpu_idle+0x30/0x3c)
+[<c01087dc>] (arch_cpu_idle) from [<c016296c>] (do_idle+0x148/0x204)
+[<c016296c>] (do_idle) from [<c0162cb0>] (cpu_startup_entry+0x18/0x1c)
+[<c0162cb0>] (cpu_startup_entry) from [<801018ac>] (0x801018ac)
 CPU1: stopping
-CPU: 1 PID: 0 Comm: swapper/1 Tainted: G      D         4.14.0-rc2-next-20170929-203152-g1418b85 #1
+CPU: 1 PID: 0 Comm: swapper/1 Tainted: G      D          4.14.0-rc4-next-20171009-204940-g49827b9 #1
 Hardware name: NVIDIA Tegra SoC (Flattened Device Tree)
-[<c01110d0>] (unwind_backtrace) from [<c010c08c>] (show_stack+0x10/0x14)
-[<c010c08c>] (show_stack) from [<c09644c0>] (dump_stack+0x84/0xa4)
-[<c09644c0>] (dump_stack) from [<c010f61c>] (handle_IPI+0x18c/0x39c)
-[<c010f61c>] (handle_IPI) from [<c0101430>] (gic_handle_irq+0x88/0x94)
-[<c0101430>] (gic_handle_irq) from [<c010cc4c>] (__irq_svc+0x6c/0xa8)
+[<c01111d0>] (unwind_backtrace) from [<c010c168>] (show_stack+0x10/0x14)
+[<c010c168>] (show_stack) from [<c096c060>] (dump_stack+0x84/0xa4)
+[<c096c060>] (dump_stack) from [<c010f71c>] (handle_IPI+0x18c/0x39c)
+[<c010f71c>] (handle_IPI) from [<c0101430>] (gic_handle_irq+0x88/0x94)
+[<c0101430>] (gic_handle_irq) from [<c010cd4c>] (__irq_svc+0x6c/0xa8)
 Exception stack(0xee8dff70 to 0xee8dffb8)
-ff60:                                     00000001 00000000 ee8dffc8 c011a3c0
-ff80: c0f03ccc c0f03c68 c0e8d3f8 c0f03cd8 c0fc0848 00000000 00000001 00000000
-ffa0: 2e10e000 ee8dffc0 c0108758 c010875c 60000013 ffffffff
-[<c010cc4c>] (__irq_svc) from [<c010875c>] (arch_cpu_idle+0x30/0x3c)
-[<c010875c>] (arch_cpu_idle) from [<c0161484>] (do_idle+0x148/0x204)
-[<c0161484>] (do_idle) from [<c01617c8>] (cpu_startup_entry+0x18/0x1c)
-[<c01617c8>] (cpu_startup_entry) from [<801018ac>] (0x801018ac)
+ff60:                                     00000001 00000000 ee8dffc8 c011a480
+ff80: c0f04cd0 c0f04c6c c0e8c3b8 c0f04cdc c0fb7288 00000000 00000001 00000000
+ffa0: 2e10f000 ee8dffc0 c01087d8 c01087dc 60000013 ffffffff
+[<c010cd4c>] (__irq_svc) from [<c01087dc>] (arch_cpu_idle+0x30/0x3c)
+[<c01087dc>] (arch_cpu_idle) from [<c016296c>] (do_idle+0x148/0x204)
+[<c016296c>] (do_idle) from [<c0162cb0>] (cpu_startup_entry+0x18/0x1c)
+[<c0162cb0>] (cpu_startup_entry) from [<801018ac>] (0x801018ac)
 ---[ end Kernel panic - not syncing: Attempted to kill init! exitcode=0x0000000b
 
-------------[ cut here ]------------
-WARNING: CPU: 0 PID: 8 at kernel/irq_work.c:68 irq_work_queue_on+0xbc/0xfc
-Modules linked in:
-CPU: 0 PID: 8 Comm: rcu_preempt Tainted: G      D         4.14.0-rc2-next-20170929-203152-g1418b85 #1
-Hardware name: NVIDIA Tegra SoC (Flattened Device Tree)
-[<c01110d0>] (unwind_backtrace) from [<c010c08c>] (show_stack+0x10/0x14)
-[<c010c08c>] (show_stack) from [<c09644c0>] (dump_stack+0x84/0xa4)
-[<c09644c0>] (dump_stack) from [<c0121a5c>] (__warn+0xd8/0x104)
-[<c0121a5c>] (__warn) from [<c0121aa8>] (warn_slowpath_null+0x20/0x28)
-[<c0121aa8>] (warn_slowpath_null) from [<c01d5588>] (irq_work_queue_on+0xbc/0xfc)
-[<c01d5588>] (irq_work_queue_on) from [<c0182bb4>] (rcu_implicit_dynticks_qs+0x280/0x2a0)
-[<c0182bb4>] (rcu_implicit_dynticks_qs) from [<c0181d54>] (force_qs_rnp+0x140/0x1e0)
-[<c0181d54>] (force_qs_rnp) from [<c018232c>] (rcu_gp_kthread+0x538/0xa6c)
-[<c018232c>] (rcu_gp_kthread) from [<c013f3e4>] (kthread+0x120/0x158)
-[<c013f3e4>] (kthread) from [<c0107cf0>] (ret_from_fork+0x14/0x24)
----[ end trace f6895e7e6d64c1c6 ]---
Diff for ./tegra132-norrin/tegra132-norrin/defconfig_log.txt
--- /tmp/fooa	2017-10-09 14:43:36.588114027 -0700
+++ /tmp/foob	2017-10-09 14:43:36.592114044 -0700
@@ -31,7 +31,7 @@
 MSENC clock is set to  79200 KHz
 Vde clock is set to 204000 KHz
 
-Bootloader-Cpu Init at (time stamp): 1801313 us
+Bootloader-Cpu Init at (time stamp): 1801098 us
 
 Pinmux changes applied in kernel way
 
@@ -59,26 +59,25 @@
 The proc BoardInfo: 0x0176:0x0001:0x01:0x43:0x00
 FastbootAddAtag: setting ATAG (0)
 
-Board Id Read Time: 3 us
+Board Id Read Time: 4 us
 Power Rail enable Time: 1 us
 
-Miscellaneous avp time: 1801287  us
-Bootloader (AosInit) time: 733454 us
-Bootloader Main Init time: 180211 us
-BlockDevMgrInit time: 157530 us
+Miscellaneous avp time: 1801071  us
+Bootloader (AosInit) time: 734216 us
+Bootloader Main Init time: 180473 us
+BlockDevMgrInit time: 157597 us
 PartMgrInit time: 8 us
 StorMgrInit time: 30 us
-FsMgrInit time: 2 us
-Partition Table load: 77091 us 
-Display init time: 574526 us
-Kernel read time: 1351 msec
-Load Kernel Size:   17897472 Bytes
-Bl Kernel ReadSpeed: 13247000 Bytes/sec
-Pre-Kernel Jump time: 3853171 us
-Clearing 32 Bit State and Warm resetting to 64bit mode: 8822143 us
-Booting Linux on physical CPU 0x0
-Linux version 4.14.0-rc2-next-20170929-203152-g1418b85 (jonathanh@kaivo) (gcc version 4.9.2 20140904 (prerelease) (crosstool-NG linaro-1.13.1-4.9-2014.09 - Linaro GCC 4.9-2014.09)) #1 SMP PREEMPT Thu Sep 28 23:26:03 PDT 2017
-Boot CPU: AArch64 Processor [4e0f0000]
+FsMgrInit time: 3 us
+Partition Table load: 76681 us 
+Display init time: 574712 us
+Kernel read time: 1375 msec
+Load Kernel Size:   18227200 Bytes
+Bl Kernel ReadSpeed: 13256000 Bytes/sec
+Pre-Kernel Jump time: 3914373 us
+Clearing 32 Bit State and Warm resetting to 64bit mode: 8910619 us
+Booting Linux on physical CPU 0x0000000000 [0x4e0f0000]
+Linux version 4.14.0-rc4-next-20171009-323181-g49827b977a2e (jonathanh@tamien) (gcc version 4.9.2 20140904 (prerelease) (crosstool-NG linaro-1.13.1-4.9-2014.09 - Linaro GCC 4.9-2014.09)) #1 SMP PREEMPT Mon Oct 9 14:40:54 PDT 2017
 Machine model: NVIDIA Tegra132 Norrin
 Memory limited to 1734MB
 efi: Getting EFI parameters from FDT:
@@ -96,21 +95,21 @@
 Initmem setup node 0 [mem 0x0000000080000000-0x00000000ec5fffff]
 /cpus/cpu@1: missing enable-method property
 random: fast init done
-percpu: Embedded 23 pages/cpu @ffff80006c5a4000 s56064 r8192 d29952 u94208
+percpu: Embedded 23 pages/cpu @ffff80006c5a4000 s55936 r8192 d30080 u94208
 Detected PIPT I-cache on CPU0
 Built 1 zonelists, mobility grouping on.  Total pages: 436968
 Policy zone: DMA
 Kernel command line: tegraid=13.1.3.0.0 mem=1734M@2048M memtype=255 vpr=151M@3817M ddr_die=2048M@2048M section=256M commchip_id=0 usb_port_owner_info=0 lane_owner_info=0 emc_max_dvfs=0 touch_id=0@0 video=tegrafb no_console_suspend=1 console=ttyS0,115200n8 debug_uartport=lsport,0 earlyprintk=uart8250-32bit,0x70006000 usbcore.old_scheme_first=1 lp0_vec=0@0x0 tegra_fbmem=32899072@0xad012000 core_edp_mv=1150 core_edp_ma=4000 pmuboard=0x0176:0x0001:0x01:0x43:0x00 displayboard=0x0162:0x0001:0x00:0x42:0x00 power_supply=Adapter audio_codec=rt5640 board_info=0x0176:0x0001:0x01:0x43:0x00 tegraboot=sdmmc gpt gpt_sector=192511 modem_id=0 android.kerneltype=normal
 PID hash table entries: 4096 (order: 3, 32768 bytes)
-Memory: 1708128K/1775616K available (9276K kernel code, 1148K rwdata, 4596K rodata, 1152K init, 400K bss, 51104K reserved, 16384K cma-reserved)
+Memory: 1707808K/1775616K available (9532K kernel code, 1150K rwdata, 4632K rodata, 1152K init, 400K bss, 51424K reserved, 16384K cma-reserved)
 Virtual kernel memory layout:
     modules : 0xffff000000000000 - 0xffff000008000000   (   128 MB)
     vmalloc : 0xffff000008000000 - 0xffff7dffbfff0000   (129022 GB)
-      .text : 0xffff000008080000 - 0xffff000008990000   (  9280 KB)
-    .rodata : 0xffff000008990000 - 0xffff000008e10000   (  4608 KB)
-      .init : 0xffff000008e10000 - 0xffff000008f30000   (  1152 KB)
-      .data : 0xffff000008f30000 - 0xffff00000904f200   (  1149 KB)
-       .bss : 0xffff00000904f200 - 0xffff0000090b3208   (   401 KB)
+      .text : 0xffff000008080000 - 0xffff0000089d0000   (  9536 KB)
+    .rodata : 0xffff0000089d0000 - 0xffff000008e60000   (  4672 KB)
+      .init : 0xffff000008e60000 - 0xffff000008f80000   (  1152 KB)
+      .data : 0xffff000008f80000 - 0xffff00000909fa00   (  1151 KB)
+       .bss : 0xffff00000909fa00 - 0xffff000009103a70   (   401 KB)
     fixed   : 0xffff7dfffe7fd000 - 0xffff7dfffec00000   (  4108 KB)
     PCI I/O : 0xffff7dfffee00000 - 0xffff7dffffe00000   (    16 MB)
     vmemmap : 0xffff7e0000000000 - 0xffff800000000000   (  2048 GB maximum)
@@ -151,9 +150,9 @@
 DMI not present or invalid.
 NET: Registered protocol family 16
 audit: initializing netlink subsys (disabled)
-audit: type=2000 audit(0.136:1): state=initialized audit_enabled=0 res=1
+audit: type=2000 audit(0.132:1): state=initialized audit_enabled=0 res=1
 cpuidle: using governor menu
-vdso: 2 pages (1 code @ ffff000008996000, 1 data @ ffff000008f35000)
+vdso: 2 pages (1 code @ ffff0000089d6000, 1 data @ ffff000008f85000)
 hw-breakpoint: found 6 breakpoint and 4 watchpoint registers.
 DMA: preallocated 256 KiB pool for atomic allocations
 Serial: AMBA PL011 UART driver
@@ -209,7 +208,7 @@
 Key type id_legacy registered
 nfs4filelayout_init: NFSv4 File Layout Driver Registering...
 9p: Installing v9fs 9p2000 file system support
-Block layer SCSI generic (bsg) driver version 0.4 loaded (major 246)
+Block layer SCSI generic (bsg) driver version 0.4 loaded (major 245)
 io scheduler noop registered
 io scheduler cfq registered (default)
 io scheduler mq-deadline registered
@@ -281,8 +280,6 @@
 sdhci-tegra 700b0400.sdhci: Got WP GPIO
 input: gpio-keys as /devices/platform/gpio-keys/input/input0
 hctosys: unable to open rtc device (rtc0)
-sdhci-tegra 700b0400.sdhci: Got CD GPIO
-sdhci-tegra 700b0400.sdhci: Got WP GPIO
 +3.3V_AVDD_HDMI_AP_GATED: disabling
 +VDD_LED: disabling
 +5V_USB_HS: disabling
@@ -292,6 +289,8 @@
 ALSA device list:
   No soundcards found.
 Freeing unused kernel memory: 1152K
+sdhci-tegra 700b0400.sdhci: Got CD GPIO
+sdhci-tegra 700b0400.sdhci: Got WP GPIO
 
 System initialization...
 
Diff for ./tegra20-trimslice/tegra20-trimslice/multi_v7_defconfig_log.txt
--- /tmp/fooa	2017-10-09 14:43:36.624114181 -0700
+++ /tmp/foob	2017-10-09 14:43:36.624114181 -0700
@@ -47,21 +47,21 @@
 	 #################################################################
 	 #################################################################
 	 #################################################################
-	 #####################################
-	 3.3 MiB/s
+	 ######################################
+	 4.1 MiB/s
 done
-Bytes transferred = 8172040 (7cb208 hex)
+Bytes transferred = 8180232 (7cd208 hex)
 Tegra20 (TrimSlice) # tftpboot 0x02408000 tegra20-trimslice.dtb
 Using RTL8169#0 device
 TFTP from server 192.168.100.1; our IP address is 192.168.100.103
 Filename 'tegra20-trimslice.dtb'.
 Load address: 0x2408000
 Loading: *##
-	 2.6 MiB/s
+	 3.4 MiB/s
 done
 Bytes transferred = 21454 (53ce hex)
 Tegra20 (TrimSlice) # bootz 0x00408000 - 0x02408000
-Kernel image @ 0x408000 [ 0x000000 - 0x7cb200 ]
+Kernel image @ 0x408000 [ 0x000000 - 0x7cd200 ]
 ## Flattened Device Tree blob at 02408000
    Booting using the fdt blob at 0x2408000
    Using Device Tree in place at 02408000, end 024103cd
@@ -69,7 +69,7 @@
 Starting kernel ...
 
 Booting Linux on physical CPU 0x0
-Linux version 4.14.0-rc2-next-20170929-203152-g1418b85 (jonathanh@sellafield) (gcc version 4.7.3 20130328 (prerelease) (crosstool-NG linaro-1.13.1-4.7-2013.04-20130415 - Linaro GCC 2013.04)) #1 SMP Thu Sep 28 23:22:07 PDT 2017
+Linux version 4.14.0-rc4-next-20171009-204940-g49827b9 (jonathanh@sellafield) (gcc version 4.7.3 20130328 (prerelease) (crosstool-NG linaro-1.13.1-4.7-2013.04-20130415 - Linaro GCC 2013.04)) #1 SMP Mon Oct 9 14:36:36 PDT 2017
 CPU: ARMv7 Processor [411fc090] revision 0 (ARMv7), cr=10c5387d
 CPU: PIPT / VIPT nonaliasing data cache, VIPT aliasing instruction cache
 OF: fdt: Machine model: Compulab TrimSlice board
@@ -79,7 +79,7 @@
 efi: UEFI not found.
 cma: Reserved 64 MiB at 0x3c000000
 On node 0 totalpages: 262144
-free_area_init_node: node 0, pgdat c1590400, node_mem_map ef7f8000
+free_area_init_node: node 0, pgdat c1687780, node_mem_map ef7f8000
   DMA zone: 1536 pages used for memmap
   DMA zone: 0 pages reserved
   DMA zone: 196608 pages, LIFO batch:31
@@ -93,7 +93,7 @@
 PID hash table entries: 4096 (order: 2, 16384 bytes)
 Dentry cache hash table entries: 131072 (order: 7, 524288 bytes)
 Inode-cache hash table entries: 65536 (order: 6, 262144 bytes)
-Memory: 954312K/1048576K available (10240K kernel code, 1634K rwdata, 4512K rodata, 2048K init, 401K bss, 28728K reserved, 65536K cma-reserved, 196608K highmem)
+Memory: 953328K/1048576K available (11264K kernel code, 1630K rwdata, 4508K rodata, 2048K init, 403K bss, 29712K reserved, 65536K cma-reserved, 196608K highmem)
 Virtual kernel memory layout:
     vector  : 0xffff0000 - 0xffff1000   (   4 kB)
     fixmap  : 0xffc00000 - 0xfff00000   (3072 kB)
@@ -101,10 +101,10 @@
     lowmem  : 0xc0000000 - 0xf0000000   ( 768 MB)
     pkmap   : 0xbfe00000 - 0xc0000000   (   2 MB)
     modules : 0xbf000000 - 0xbfe00000   (  14 MB)
-      .text : 0xc0208000 - 0xc0d00000   (11232 kB)
-      .init : 0xc1200000 - 0xc1400000   (2048 kB)
-      .data : 0xc1400000 - 0xc15988a8   (1635 kB)
-       .bss : 0xc15a1ba8 - 0xc16061bc   ( 402 kB)
+      .text : 0xc0208000 - 0xc0e00000   (12256 kB)
+      .init : 0xc1300000 - 0xc1500000   (2048 kB)
+      .data : 0xc1500000 - 0xc1697814   (1631 kB)
+       .bss : 0xc1697814 - 0xc16fc5fc   ( 404 kB)
 SLUB: HWalign=64, Order=0-3, MinObjects=0, CPUs=2, Nodes=1
 Hierarchical RCU implementation.
 	RCU event tracing is enabled.
@@ -188,7 +188,7 @@
 Key type id_legacy registered
 ntfs: driver 2.1.32 [Flags: R/O].
 bounce: pool size: 64 pages
-Block layer SCSI generic (bsg) driver version 0.4 loaded (major 248)
+Block layer SCSI generic (bsg) driver version 0.4 loaded (major 247)
 io scheduler noop registered
 io scheduler deadline registered
 io scheduler cfq registered (default)
@@ -311,15 +311,6 @@
 tegra_rtc 7000e000.rtc: rtc core: registered 7000e000.rtc as rtc1
 tegra_rtc 7000e000.rtc: Tegra internal Real Time Clock
 i2c /dev entries driver
-IR NEC protocol handler initialized
-IR RC5(x/sz) protocol handler initialized
-IR RC6 protocol handler initialized
-IR JVC protocol handler initialized
-IR Sony protocol handler initialized
-IR SANYO protocol handler initialized
-IR Sharp protocol handler initialized
-IR MCE Keyboard/mouse protocol handler initialized
-IR XMP protocol handler initialized
 sdhci: Secure Digital Host Controller Interface driver
 sdhci: Copyright(c) Pierre Ossman
 Synopsys Designware Multimedia Card Interface Driver
@@ -348,9 +339,9 @@
 utmi_phy_clk_enable: timeout waiting for phy to stabilize
 tegra-ehci c5000000.usb: EHCI Host Controller
 tegra-ehci c5000000.usb: new USB bus registered, assigned bus number 2
-usb 1-1: new high-speed USB device number 2 using tegra-ehci
 tegra-ehci c5000000.usb: irq 288, io mem 0xc5000000
 mmc1: new high speed SD card at address b368
+usb 1-1: new high-speed USB device number 2 using tegra-ehci
 mmcblk1: mmc1:b368 NCard 1.83 GiB (ro)
  mmcblk1: p1 p2
 tegra-ehci c5000000.usb: USB 2.0 started, EHCI 1.00
@@ -358,9 +349,9 @@
 hub 2-0:1.0: 1 port detected
 input: gpio-keys as /devices/soc0/gpio-keys/input/input0
 rtc-em3027 2-0056: hctosys: unable to read the hardware clock
+Waiting for root device PARTUUID=11eb23c1-01...
 hub 1-1:1.0: USB hub found
 hub 1-1:1.0: 4 ports detected
-Waiting for root device PARTUUID=11eb23c1-01...
 usb 1-1.2: new high-speed USB device number 3 using tegra-ehci
 mmc0: host does not support reading read-only switch, assuming write-enable
 mmc0: new high speed SDHC card at address b368
Diff for ./tegra20-trimslice/tegra20-trimslice/tegra_defconfig_log.txt
--- /tmp/fooa	2017-10-09 14:43:36.640114252 -0700
+++ /tmp/foob	2017-10-09 14:43:36.644114268 -0700
@@ -19,7 +19,7 @@
 Out:   serial
 Err:   serial
 Net:   RTL8169#0
-Hit any key to stop autoboot:  2  0 
+Hit any key to stop autoboot:  2  1  0 
 Tegra20 (TrimSlice) # 
 Tegra20 (TrimSlice) # usb reset
 resetting USB...
@@ -46,20 +46,20 @@
 	 #################################################################
 	 #################################################################
 	 ########################################
-	 3.5 MiB/s
+	 4.1 MiB/s
 done
-Bytes transferred = 6301592 (602798 hex)
+Bytes transferred = 6302664 (602bc8 hex)
 Tegra20 (TrimSlice) # tftpboot 0x02408000 tegra20-trimslice.dtb
 Using RTL8169#0 device
 TFTP from server 192.168.100.1; our IP address is 192.168.100.103
 Filename 'tegra20-trimslice.dtb'.
 Load address: 0x2408000
 Loading: *##
-	 3.4 MiB/s
+	 4.1 MiB/s
 done
 Bytes transferred = 21454 (53ce hex)
 Tegra20 (TrimSlice) # bootz 0x00408000 - 0x02408000
-Kernel image @ 0x408000 [ 0x000000 - 0x602798 ]
+Kernel image @ 0x408000 [ 0x000000 - 0x602bc8 ]
 ## Flattened Device Tree blob at 02408000
    Booting using the fdt blob at 0x2408000
    Using Device Tree in place at 02408000, end 024103cd
@@ -68,7 +68,7 @@
 
 Uncompressing Linux... done, booting the kernel.
 Booting Linux on physical CPU 0x0
-Linux version 4.14.0-rc2-next-20170929-203152-g1418b85 (jonathanh@kaivo) (gcc version 4.7.3 20130328 (prerelease) (crosstool-NG linaro-1.13.1-4.7-2013.04-20130415 - Linaro GCC 2013.04)) #1 SMP PREEMPT Thu Sep 28 23:21:16 PDT 2017
+Linux version 4.14.0-rc4-next-20171009-204940-g49827b9 (jonathanh@kaivo) (gcc version 4.7.3 20130328 (prerelease) (crosstool-NG linaro-1.13.1-4.7-2013.04-20130415 - Linaro GCC 2013.04)) #1 SMP PREEMPT Mon Oct 9 14:36:12 PDT 2017
 CPU: ARMv7 Processor [411fc090] revision 0 (ARMv7), cr=10c5387d
 CPU: PIPT / VIPT nonaliasing data cache, VIPT aliasing instruction cache
 OF: fdt: Machine model: Compulab TrimSlice board
@@ -77,21 +77,21 @@
 Memory policy: Data cache writealloc
 cma: Reserved 64 MiB at 0x3c000000
 On node 0 totalpages: 262144
-free_area_init_node: node 0, pgdat c0fbaa40, node_mem_map ef7f7000
+free_area_init_node: node 0, pgdat c0fb1480, node_mem_map ef7f7000
   Normal zone: 1536 pages used for memmap
   Normal zone: 0 pages reserved
   Normal zone: 196608 pages, LIFO batch:31
   HighMem zone: 65536 pages, LIFO batch:15
 random: fast init done
-percpu: Embedded 17 pages/cpu @ef7c4000 s39808 r8192 d21632 u69632
-pcpu-alloc: s39808 r8192 d21632 u69632 alloc=17*4096
+percpu: Embedded 17 pages/cpu @ef7c4000 s39680 r8192 d21760 u69632
+pcpu-alloc: s39680 r8192 d21760 u69632 alloc=17*4096
 pcpu-alloc: [0] 0 [0] 1 
 Built 1 zonelists, mobility grouping on.  Total pages: 260608
 Kernel command line: ignore_loglevel console=ttyS0,115200n8 rw root=PARTUUID=11eb23c1-01 rootwait gpt debug noinitrd earlyprintk init=/bin/bash
 PID hash table entries: 4096 (order: 2, 16384 bytes)
 Dentry cache hash table entries: 131072 (order: 7, 524288 bytes)
 Inode-cache hash table entries: 65536 (order: 6, 262144 bytes)
-Memory: 958324K/1048576K available (9216K kernel code, 790K rwdata, 2800K rodata, 1024K init, 295K bss, 24716K reserved, 65536K cma-reserved, 196608K highmem)
+Memory: 958368K/1048576K available (9216K kernel code, 786K rwdata, 2792K rodata, 1024K init, 297K bss, 24672K reserved, 65536K cma-reserved, 196608K highmem)
 Virtual kernel memory layout:
     vector  : 0xffff0000 - 0xffff1000   (   4 kB)
     fixmap  : 0xffc00000 - 0xfff00000   (3072 kB)
@@ -101,8 +101,8 @@
     modules : 0xbf000000 - 0xbfe00000   (  14 MB)
       .text : 0xc0008000 - 0xc0a00000   (10208 kB)
       .init : 0xc0e00000 - 0xc0f00000   (1024 kB)
-      .data : 0xc0f00000 - 0xc0fc5b60   ( 791 kB)
-       .bss : 0xc0fcf4fc - 0xc101943c   ( 296 kB)
+      .data : 0xc0f00000 - 0xc0fc4ad4   ( 787 kB)
+       .bss : 0xc0fc4ad4 - 0xc100f274   ( 298 kB)
 Preemptible hierarchical RCU implementation.
 	RCU restricting CPUs from NR_CPUS=4 to nr_cpu_ids=2.
 	Tasks RCU enabled.
@@ -293,15 +293,6 @@
 tegra_rtc 7000e000.rtc: rtc core: registered 7000e000.rtc as rtc1
 tegra_rtc 7000e000.rtc: Tegra internal Real Time Clock
 i2c /dev entries driver
-IR NEC protocol handler initialized
-IR RC5(x/sz) protocol handler initialized
-IR RC6 protocol handler initialized
-IR JVC protocol handler initialized
-IR Sony protocol handler initialized
-IR SANYO protocol handler initialized
-IR Sharp protocol handler initialized
-IR MCE Keyboard/mouse protocol handler initialized
-IR XMP protocol handler initialized
 usbcore: registered new interface driver uvcvideo
 USB Video Class driver (1.1.1)
 gspca_main: v2.14.0 registered
@@ -326,7 +317,6 @@
 can: controller area network core (rev 20170425 abi 9)
 NET: Registered protocol family 29
 can: raw protocol (rev 20170425)
-usb 1-1: new high-speed USB device number 2 using tegra-ehci
 can: broadcast manager protocol (rev 20170425 t)
 can: netlink gateway (rev 20170425) max_hops=1
 Bluetooth: RFCOMM socket layer initialized
@@ -334,25 +324,26 @@
 Bluetooth: BNEP (Ethernet Emulation) ver 1.3
 Bluetooth: BNEP socket layer initialized
 Bluetooth: HIDP (Human Interface Emulation) ver 1.2
+usb 1-1: new high-speed USB device number 2 using tegra-ehci
 Bluetooth: HIDP socket layer initialized
 Key type dns_resolver registered
 Registering SWP/SWPB emulation handler
 mmc1: new high speed SD card at address b368
+mmcblk1: mmc1:b368 NCard 1.83 GiB (ro)
 utmi_phy_clk_enable: timeout waiting for phy to stabilize
 tegra-ehci c5000000.usb: EHCI Host Controller
+ mmcblk1: p1 p2
 tegra-ehci c5000000.usb: new USB bus registered, assigned bus number 2
 tegra-ehci c5000000.usb: irq 288, io mem 0xc5000000
-mmcblk1: mmc1:b368 NCard 1.83 GiB (ro)
- mmcblk1: p1 p2
 tegra-ehci c5000000.usb: USB 2.0 started, EHCI 1.00
 hub 2-0:1.0: USB hub found
 hub 2-0:1.0: 1 port detected
 input: gpio-keys as /devices/soc0/gpio-keys/input/input0
-hub 1-1:1.0: USB hub found
-hub 1-1:1.0: 4 ports detected
 rtc-em3027 2-0056: hctosys: unable to read the hardware clock
+hub 1-1:1.0: USB hub found
 ALSA device list:
   #0: tegra-trimslice
+hub 1-1:1.0: 4 ports detected
 Waiting for root device PARTUUID=11eb23c1-01...
 usb 1-1.2: new high-speed USB device number 3 using tegra-ehci
 mmc0: host does not support reading read-only switch, assuming write-enable
Diff for ./tegra210-p2371-0000/tegra210-p2371-0000/defconfig_log.txt
--- /tmp/fooa	2017-10-09 14:43:36.660114337 -0700
+++ /tmp/foob	2017-10-09 14:43:36.660114337 -0700
@@ -64,17 +64,17 @@
 Loading and Validation of Secure OS Successful
 NvTbootPackSdramParams: start. 
 NvTbootPackSdramParams: done. 
-Tegraboot started after 727351 us
-Basic modules init took 349096 us
-Sec Bootdevice Read Time = 202 ms, Read Size = 8459 KB
-Next stage binary read took 14370 us
-Carveout took 252671 us
-CPU initialization took 92427 us
-Total time taken by TegraBoot 708564 us
+Tegraboot started after 732942 us
+Basic modules init took 348701 us
+Sec Bootdevice Read Time = 203 ms, Read Size = 8459 KB
+Next stage binary read took 15485 us
+Carveout took 252664 us
+CPU initialization took 92452 us
+Total time taken by TegraBoot 709302 us
 
 Starting CPU & Halting co-processor 
 
-64b[0001.567] LPDDR4 Training: Number of tables = 10
+64b[0001.573] LPDDR4 Training: Number of tables = 10
 EMC Training (SRC-freq: 204000; DST-freq: 408000)
 EMC Training Successful
 EMC Training (SRC-freq: 204000; DST-freq: 665600)
@@ -108,7 +108,7 @@
 Tegra210 (P2371-0000) # 
 Tegra210 (P2371-0000) # ums 0 mmc 0
 UMS: disk start sector: 0x0, count: 0x1d5a000
-|/-\|/-\/-\|/-\/-\|/-\/-\|/-\/-\|/-\/-\|/-\/-\|/-\/-\|/-\/-\|/-\/-\|/-\CTRL+C - Operation aborted
+|/-\|/-\/-\|/-\/-\|/-\/-\|/-\/-\|/-\/-\|/-\/-\|/-\/-\|/-\/-\|/-\/-\|/-\/-\|/-\/-CTRL+C - Operation aborted
 Tegra210 (P2371-0000) # 
 Tegra210 (P2371-0000) # env set fdt_copy_node_names /cpus:/psci
 Tegra210 (P2371-0000) # setenv rootpart 1
@@ -117,11 +117,11 @@
 Tegra210 (P2371-0000) # part uuid ${devtype} ${devnum}:${rootpart} uuid
 Tegra210 (P2371-0000) # setenv bootargs ignore_loglevel console=ttyS0,115200n8 earlycon=uart8250,mmio32,0x70006000 rw root=PARTUUID=00000000-0001-0000-788f-a75600000000 rootwait debug earlyprintk init=/bin/bash
 Tegra210 (P2371-0000) # load ${devtype} ${devnum}:${rootpart} ${kernel_addr_r} /boot/Image.defconfig
-16577024 bytes read in 837 ms (18.9 MiB/s)
+16906752 bytes read in 843 ms (19.1 MiB/s)
 Tegra210 (P2371-0000) # load ${devtype} ${devnum}:${rootpart} ${fdt_addr_r} /boot/tegra210-p2371-0000.dtb
 45170 bytes read in 454 ms (96.7 KiB/s)
 Tegra210 (P2371-0000) # load ${devtype} ${devnum}:${rootpart} ${ramdisk_addr_r} /boot/tegra-ramdisk.img
-1627787 bytes read in 495 ms (3.1 MiB/s)
+1627787 bytes read in 494 ms (3.1 MiB/s)
 Tegra210 (P2371-0000) # ramdisk_size=${filesize}
 Tegra210 (P2371-0000) # booti ${kernel_addr_r} - ${fdt_addr_r}
 ## Flattened Device Tree blob at 82000000
@@ -130,9 +130,8 @@
 
 Starting kernel ...
 
-Booting Linux on physical CPU 0x0
-Linux version 4.14.0-rc2-next-20170929-203152-g1418b85 (jonathanh@kaivo) (gcc version 4.9.2 20140904 (prerelease) (crosstool-NG linaro-1.13.1-4.9-2014.09 - Linaro GCC 4.9-2014.09)) #1 SMP PREEMPT Thu Sep 28 23:26:03 PDT 2017
-Boot CPU: AArch64 Processor [411fd071]
+Booting Linux on physical CPU 0x0000000000 [0x411fd071]
+Linux version 4.14.0-rc4-next-20171009-323181-g49827b977a2e (jonathanh@tamien) (gcc version 4.9.2 20140904 (prerelease) (crosstool-NG linaro-1.13.1-4.9-2014.09 - Linaro GCC 4.9-2014.09)) #1 SMP PREEMPT Mon Oct 9 14:40:54 PDT 2017
 Machine model: NVIDIA Tegra210 P2371 (P2530/P2595) reference design
 debug: ignoring loglevel setting.
 earlycon: uart8250 at MMIO32 0x0000000070006000 (options '')
@@ -162,8 +161,8 @@
 psci: Using standard PSCI v0.2 function IDs
 psci: MIGRATE_INFO_TYPE not supported.
 random: fast init done
-percpu: Embedded 23 pages/cpu @ffff8000bff4f000 s56064 r8192 d29952 u94208
-pcpu-alloc: s56064 r8192 d29952 u94208 alloc=23*4096
+percpu: Embedded 23 pages/cpu @ffff8000bff4f000 s55936 r8192 d30080 u94208
+pcpu-alloc: s55936 r8192 d30080 u94208 alloc=23*4096
 pcpu-alloc: [0] 0 [0] 1 [0] 2 [0] 3 
 Detected PIPT I-cache on CPU0
 CPU features: enabling workaround for ARM erratum 832075
@@ -173,15 +172,15 @@
 Kernel command line: ignore_loglevel console=ttyS0,115200n8 earlycon=uart8250,mmio32,0x70006000 rw root=PARTUUID=00000000-0001-0000-788f-a75600000000 rootwait debug earlyprintk init=/bin/bash
 PID hash table entries: 4096 (order: 3, 32768 bytes)
 software IO TLB [mem 0xfa000000-0xfe000000] (64MB) mapped at [ffff80007a000000-ffff80007dffffff]
-Memory: 2982500K/3131392K available (9276K kernel code, 1148K rwdata, 4596K rodata, 1152K init, 400K bss, 132508K reserved, 16384K cma-reserved)
+Memory: 2982180K/3131392K available (9532K kernel code, 1150K rwdata, 4632K rodata, 1152K init, 400K bss, 132828K reserved, 16384K cma-reserved)
 Virtual kernel memory layout:
     modules : 0xffff000000000000 - 0xffff000008000000   (   128 MB)
     vmalloc : 0xffff000008000000 - 0xffff7dffbfff0000   (129022 GB)
-      .text : 0xffff000008080000 - 0xffff000008990000   (  9280 KB)
-    .rodata : 0xffff000008990000 - 0xffff000008e10000   (  4608 KB)
-      .init : 0xffff000008e10000 - 0xffff000008f30000   (  1152 KB)
-      .data : 0xffff000008f30000 - 0xffff00000904f200   (  1149 KB)
-       .bss : 0xffff00000904f200 - 0xffff0000090b3208   (   401 KB)
+      .text : 0xffff000008080000 - 0xffff0000089d0000   (  9536 KB)
+    .rodata : 0xffff0000089d0000 - 0xffff000008e60000   (  4672 KB)
+      .init : 0xffff000008e60000 - 0xffff000008f80000   (  1152 KB)
+      .data : 0xffff000008f80000 - 0xffff00000909fa00   (  1151 KB)
+       .bss : 0xffff00000909fa00 - 0xffff000009103a70   (   401 KB)
     fixed   : 0xffff7dfffe7fd000 - 0xffff7dfffec00000   (  4108 KB)
     PCI I/O : 0xffff7dfffee00000 - 0xffff7dffffe00000   (    16 MB)
     vmemmap : 0xffff7e0000000000 - 0xffff800000000000   (  2048 GB maximum)
@@ -217,11 +216,11 @@
 EFI services will not be available.
 smp: Bringing up secondary CPUs ...
 Detected PIPT I-cache on CPU1
-CPU1: Booted secondary processor [411fd071]
+CPU1: Booted secondary processor 0x0000000001 [0x411fd071]
 Detected PIPT I-cache on CPU2
-CPU2: Booted secondary processor [411fd071]
+CPU2: Booted secondary processor 0x0000000002 [0x411fd071]
 Detected PIPT I-cache on CPU3
-CPU3: Booted secondary processor [411fd071]
+CPU3: Booted secondary processor 0x0000000003 [0x411fd071]
 smp: Brought up 1 node, 4 CPUs
 SMP: Total of 4 processors activated.
 CPU features: detected feature: 32-bit EL0 Support
@@ -236,7 +235,7 @@
 audit: initializing netlink subsys (disabled)
 audit: type=2000 audit(0.268:1): state=initialized audit_enabled=0 res=1
 cpuidle: using governor menu
-vdso: 2 pages (1 code @ ffff000008996000, 1 data @ ffff000008f35000)
+vdso: 2 pages (1 code @ ffff0000089d6000, 1 data @ ffff000008f85000)
 hw-breakpoint: found 6 breakpoint and 4 watchpoint registers.
 DMA: preallocated 256 KiB pool for atomic allocations
 Serial: AMBA PL011 UART driver
@@ -271,7 +270,7 @@
 RPC: Registered tcp NFSv4.1 backchannel transport module.
 PCI: CLS 0 bytes, default 128
 kvm [1]: 8-bit VMID
-kvm [1]: IDMAP page: 80979000
+kvm [1]: IDMAP page: 809c4000
 kvm [1]: HYP VA range: 800000000000:ffffffffffff
 kvm [1]: Hyp mode initialized successfully
 kvm [1]: vgic-v2@50044000
@@ -284,7 +283,7 @@
 Key type id_legacy registered
 nfs4filelayout_init: NFSv4 File Layout Driver Registering...
 9p: Installing v9fs 9p2000 file system support
-Block layer SCSI generic (bsg) driver version 0.4 loaded (major 246)
+Block layer SCSI generic (bsg) driver version 0.4 loaded (major 245)
 io scheduler noop registered
 io scheduler cfq registered (default)
 io scheduler mq-deadline registered
Diff for ./tegra210-smaug/tegra210-smaug/defconfig_log.txt
--- /tmp/fooa	2017-10-09 14:43:36.684114440 -0700
+++ /tmp/foob	2017-10-09 14:43:36.688114457 -0700
@@ -1,6 +1,5 @@
-Booting Linux on physical CPU 0x0
-Linux version 4.14.0-rc2-next-20170929-203152-g1418b85 (jonathanh@kaivo) (gcc version 4.9.2 20140904 (prerelease) (crosstool-NG linaro-1.13.1-4.9-2014.09 - Linaro GCC 4.9-2014.09)) #1 SMP PREEMPT Thu Sep 28 23:26:03 PDT 2017
-Boot CPU: AArch64 Processor [411fd071]
+Booting Linux on physical CPU 0x0000000000 [0x411fd071]
+Linux version 4.14.0-rc4-next-20171009-323181-g49827b977a2e (jonathanh@tamien) (gcc version 4.9.2 20140904 (prerelease) (crosstool-NG linaro-1.13.1-4.9-2014.09 - Linaro GCC 4.9-2014.09)) #1 SMP PREEMPT Mon Oct 9 14:40:54 PDT 2017
 Machine model: Google Pixel C
 efi: Getting EFI parameters from FDT:
 efi: UEFI not found.
@@ -22,7 +21,8 @@
 psci: PSCIv1.0 detected in firmware.
 psci: Using standard PSCI v0.2 function IDs
 psci: MIGRATE_INFO_UP_CPU reported invalid physical ID (0x80000000)
-percpu: Embedded 23 pages/cpu @ffff8000bff43000 s56064 r8192 d29952 u94208
+random: get_random_bytes called from start_kernel+0xb0/0x420 with crng_init=0
+percpu: Embedded 23 pages/cpu @ffff8000bff43000 s55936 r8192 d30080 u94208
 Detected PIPT I-cache on CPU0
 CPU features: enabling workaround for ARM erratum 832075
 CPU features: enabling workaround for ARM erratum 834220
@@ -31,15 +31,15 @@
 Kernel command line: cros_secure vpr=0x08000000@0xf6800000 earlycon
 PID hash table entries: 4096 (order: 3, 32768 bytes)
 software IO TLB [mem 0xf1400000-0xf5400000] (64MB) mapped at [ffff800071400000-ffff8000753fffff]
-Memory: 2837768K/2988032K available (9276K kernel code, 1148K rwdata, 4596K rodata, 1152K init, 400K bss, 133880K reserved, 16384K cma-reserved)
+Memory: 2837448K/2988032K available (9532K kernel code, 1150K rwdata, 4632K rodata, 1152K init, 400K bss, 134200K reserved, 16384K cma-reserved)
 Virtual kernel memory layout:
     modules : 0xffff000000000000 - 0xffff000008000000   (   128 MB)
     vmalloc : 0xffff000008000000 - 0xffff7dffbfff0000   (129022 GB)
-      .text : 0xffff000008080000 - 0xffff000008990000   (  9280 KB)
-    .rodata : 0xffff000008990000 - 0xffff000008e10000   (  4608 KB)
-      .init : 0xffff000008e10000 - 0xffff000008f30000   (  1152 KB)
-      .data : 0xffff000008f30000 - 0xffff00000904f200   (  1149 KB)
-       .bss : 0xffff00000904f200 - 0xffff0000090b3208   (   401 KB)
+      .text : 0xffff000008080000 - 0xffff0000089d0000   (  9536 KB)
+    .rodata : 0xffff0000089d0000 - 0xffff000008e60000   (  4672 KB)
+      .init : 0xffff000008e60000 - 0xffff000008f80000   (  1152 KB)
+      .data : 0xffff000008f80000 - 0xffff00000909fa00   (  1151 KB)
+       .bss : 0xffff00000909fa00 - 0xffff000009103a70   (   401 KB)
     fixed   : 0xffff7dfffe7fd000 - 0xffff7dfffec00000   (  4108 KB)
     PCI I/O : 0xffff7dfffee00000 - 0xffff7dffffe00000   (    16 MB)
     vmemmap : 0xffff7e0000000000 - 0xffff800000000000   (  2048 GB maximum)
@@ -92,11 +92,11 @@
 EFI services will not be available.
 smp: Bringing up secondary CPUs ...
 Detected PIPT I-cache on CPU1
-CPU1: Booted secondary processor [411fd071]
+CPU1: Booted secondary processor 0x0000000001 [0x411fd071]
 Detected PIPT I-cache on CPU2
-CPU2: Booted secondary processor [411fd071]
+CPU2: Booted secondary processor 0x0000000002 [0x411fd071]
 Detected PIPT I-cache on CPU3
-CPU3: Booted secondary processor [411fd071]
+CPU3: Booted secondary processor 0x0000000003 [0x411fd071]
 smp: Brought up 1 node, 4 CPUs
 SMP: Total of 4 processors activated.
 CPU features: detected feature: 32-bit EL0 Support
@@ -111,7 +111,7 @@
 audit: initializing netlink subsys (disabled)
 audit: type=2000 audit(0.180:1): state=initialized audit_enabled=0 res=1
 cpuidle: using governor menu
-vdso: 2 pages (1 code @ ffff000008996000, 1 data @ ffff000008f35000)
+vdso: 2 pages (1 code @ ffff0000089d6000, 1 data @ ffff000008f85000)
 hw-breakpoint: found 6 breakpoint and 4 watchpoint registers.
 DMA: preallocated 256 KiB pool for atomic allocations
 Serial: AMBA PL011 UART driver
@@ -151,9 +151,9 @@
 RPC: Registered tcp transport module.
 RPC: Registered tcp NFSv4.1 backchannel transport module.
 Unpacking initramfs...
-Freeing initrd memory: 1280K
+Freeing initrd memory: 1284K
 kvm [1]: 8-bit VMID
-kvm [1]: IDMAP page: 80979000
+kvm [1]: IDMAP page: 809c4000
 kvm [1]: HYP VA range: 800000000000:ffffffffffff
 kvm [1]: Hyp mode initialized successfully
 kvm [1]: vgic-v2@50044000
@@ -166,7 +166,7 @@
 Key type id_legacy registered
 nfs4filelayout_init: NFSv4 File Layout Driver Registering...
 9p: Installing v9fs 9p2000 file system support
-Block layer SCSI generic (bsg) driver version 0.4 loaded (major 246)
+Block layer SCSI generic (bsg) driver version 0.4 loaded (major 245)
 io scheduler noop registered
 io scheduler cfq registered (default)
 io scheduler mq-deadline registered
@@ -253,15 +253,16 @@
 Key type dns_resolver registered
 registered taskstats version 1
 tegra-i2c 7000d100.i2c: could not find pctldev for node /host1x@50000000/dpaux@545c0000/pinmux-i2c, deferring probe
-input: gpio-keys as /devices/platform/gpio-keys/input/input0
-tegra-i2c 7000d100.i2c: could not find pctldev for node /host1x@50000000/dpaux@545c0000/pinmux-i2c, deferring probe
 mmc0: new high speed MMC card at address 0001
 mmcblk0: mmc0:0001 BGND3R 29.1 GiB 
 mmcblk0boot0: mmc0:0001 BGND3R partition 1 4.00 MiB
 mmcblk0boot1: mmc0:0001 BGND3R partition 2 4.00 MiB
 mmcblk0rpmb: mmc0:0001 BGND3R partition 3 4.00 MiB, chardev (240:0)
  mmcblk0: p1 p2 p3 p4 p5 p6 p7 p8 p9 p10 p11
-max77686-rtc max77620-rtc: setting system clock to 2001-07-10 11:50:01 UTC (994765801)
+tegra-i2c 7000d100.i2c: could not find pctldev for node /host1x@50000000/dpaux@545c0000/pinmux-i2c, deferring probe
+input: gpio-keys as /devices/platform/gpio-keys/input/input0
+tegra-i2c 7000d100.i2c: could not find pctldev for node /host1x@50000000/dpaux@545c0000/pinmux-i2c, deferring probe
+max77686-rtc max77620-rtc: setting system clock to 2001-07-21 03:05:13 UTC (995684713)
 PP1200_AVDD: disabling
 PP1200_RCAM: disabling
 PP2800L_RCAM: disabling
@@ -273,7 +274,6 @@
 ALSA device list:
   No soundcards found.
 Freeing unused kernel memory: 1152K
-tegra-i2c 7000d100.i2c: could not find pctldev for node /host1x@50000000/dpaux@545c0000/pinmux-i2c, deferring probe
 
 System initialization...
 
Diff for ./tegra30-beaver/tegra30-beaver/multi_v7_defconfig_log.txt
--- /tmp/fooa	2017-10-09 14:43:36.704114526 -0700
+++ /tmp/foob	2017-10-09 14:43:36.708114543 -0700
@@ -39,21 +39,21 @@
 	 #################################################################
 	 #################################################################
 	 #################################################################
-	 #####################################
-	 3 MiB/s
+	 ######################################
+	 3.3 MiB/s
 done
-Bytes transferred = 8172040 (7cb208 hex)
+Bytes transferred = 8180232 (7cd208 hex)
 Tegra30 (Beaver) # tftpboot 0x82000000 tegra30-beaver.dtb
 Using asx0 device
 TFTP from server 192.168.100.1; our IP address is 192.168.100.101
 Filename 'tegra30-beaver.dtb'.
 Load address: 0x82000000
 Loading: *####
-	 2.7 MiB/s
+	 3.1 MiB/s
 done
 Bytes transferred = 51860 (ca94 hex)
 Tegra30 (Beaver) # bootz 0x81000000 - 0x82000000
-Kernel image @ 0x81000000 [ 0x000000 - 0x7cb200 ]
+Kernel image @ 0x81000000 [ 0x000000 - 0x7cd200 ]
 ## Flattened Device Tree blob at 82000000
    Booting using the fdt blob at 0x82000000
    Loading Device Tree to 8fff0000, end 8ffffa93 ... OK
@@ -61,7 +61,7 @@
 Starting kernel ...
 
 Booting Linux on physical CPU 0x0
-Linux version 4.14.0-rc2-next-20170929-203152-g1418b85 (jonathanh@sellafield) (gcc version 4.7.3 20130328 (prerelease) (crosstool-NG linaro-1.13.1-4.7-2013.04-20130415 - Linaro GCC 2013.04)) #1 SMP Thu Sep 28 23:22:07 PDT 2017
+Linux version 4.14.0-rc4-next-20171009-204940-g49827b9 (jonathanh@sellafield) (gcc version 4.7.3 20130328 (prerelease) (crosstool-NG linaro-1.13.1-4.7-2013.04-20130415 - Linaro GCC 2013.04)) #1 SMP Mon Oct 9 14:36:36 PDT 2017
 CPU: ARMv7 Processor [412fc099] revision 9 (ARMv7), cr=10c5387d
 CPU: PIPT / VIPT nonaliasing data cache, VIPT aliasing instruction cache
 OF: fdt: Machine model: NVIDIA Tegra30 Beaver evaluation board
@@ -71,7 +71,7 @@
 efi: UEFI not found.
 cma: Reserved 64 MiB at 0xfb800000
 On node 0 totalpages: 524032
-free_area_init_node: node 0, pgdat c1590400, node_mem_map eeff8000
+free_area_init_node: node 0, pgdat c1687780, node_mem_map eeff8000
   DMA zone: 1536 pages used for memmap
   DMA zone: 0 pages reserved
   DMA zone: 196608 pages, LIFO batch:31
@@ -85,7 +85,7 @@
 PID hash table entries: 4096 (order: 2, 16384 bytes)
 Dentry cache hash table entries: 131072 (order: 7, 524288 bytes)
 Inode-cache hash table entries: 65536 (order: 6, 262144 bytes)
-Memory: 1993400K/2096128K available (10240K kernel code, 1634K rwdata, 4512K rodata, 2048K init, 401K bss, 37192K reserved, 65536K cma-reserved, 1244160K highmem)
+Memory: 1992420K/2096128K available (11264K kernel code, 1630K rwdata, 4508K rodata, 2048K init, 403K bss, 38172K reserved, 65536K cma-reserved, 1244160K highmem)
 Virtual kernel memory layout:
     vector  : 0xffff0000 - 0xffff1000   (   4 kB)
     fixmap  : 0xffc00000 - 0xfff00000   (3072 kB)
@@ -93,10 +93,10 @@
     lowmem  : 0xc0000000 - 0xf0000000   ( 768 MB)
     pkmap   : 0xbfe00000 - 0xc0000000   (   2 MB)
     modules : 0xbf000000 - 0xbfe00000   (  14 MB)
-      .text : 0xc0208000 - 0xc0d00000   (11232 kB)
-      .init : 0xc1200000 - 0xc1400000   (2048 kB)
-      .data : 0xc1400000 - 0xc15988a8   (1635 kB)
-       .bss : 0xc15a1ba8 - 0xc16061bc   ( 402 kB)
+      .text : 0xc0208000 - 0xc0e00000   (12256 kB)
+      .init : 0xc1300000 - 0xc1500000   (2048 kB)
+      .data : 0xc1500000 - 0xc1697814   (1631 kB)
+       .bss : 0xc1697814 - 0xc16fc5fc   ( 404 kB)
 SLUB: HWalign=64, Order=0-3, MinObjects=0, CPUs=4, Nodes=1
 Hierarchical RCU implementation.
 	RCU event tracing is enabled.
@@ -264,7 +264,7 @@
 Key type id_legacy registered
 ntfs: driver 2.1.32 [Flags: R/O].
 bounce: pool size: 64 pages
-Block layer SCSI generic (bsg) driver version 0.4 loaded (major 248)
+Block layer SCSI generic (bsg) driver version 0.4 loaded (major 247)
 io scheduler noop registered
 io scheduler deadline registered
 io scheduler cfq registered (default)
@@ -343,15 +343,6 @@
 tegra_rtc 7000e000.rtc: Tegra internal Real Time Clock
 tps65910-rtc tps65910-rtc: rtc core: registered tps65910-rtc as rtc0
 i2c /dev entries driver
-IR NEC protocol handler initialized
-IR RC5(x/sz) protocol handler initialized
-IR RC6 protocol handler initialized
-IR JVC protocol handler initialized
-IR Sony protocol handler initialized
-IR SANYO protocol handler initialized
-IR Sharp protocol handler initialized
-IR MCE Keyboard/mouse protocol handler initialized
-IR XMP protocol handler initialized
 sdhci: Secure Digital Host Controller Interface driver
 sdhci: Copyright(c) Pierre Ossman
 Synopsys Designware Multimedia Card Interface Driver
@@ -473,4 +464,4 @@
 Freeing unused kernel memory: 2048K
 bash: cannot set terminal process group (-1): Inappropriate ioctl for device
 bash: no job control in this shell
-root@(none):/# [    4.544045] usb 2-1: new high-speed USB device number 2 using tegra-ehci
+root@(none):/# [    4.504421] usb 2-1: new high-speed USB device number 2 using tegra-ehci
Diff for ./tegra30-beaver/tegra30-beaver/tegra_defconfig_log.txt
--- /tmp/fooa	2017-10-09 14:43:36.716114577 -0700
+++ /tmp/foob	2017-10-09 14:43:36.716114577 -0700
@@ -38,20 +38,20 @@
 	 #################################################################
 	 #################################################################
 	 ########################################
-	 2.8 MiB/s
+	 3.2 MiB/s
 done
-Bytes transferred = 6301592 (602798 hex)
+Bytes transferred = 6302664 (602bc8 hex)
 Tegra30 (Beaver) # tftpboot 0x82000000 tegra30-beaver.dtb
 Using asx0 device
 TFTP from server 192.168.100.1; our IP address is 192.168.100.101
 Filename 'tegra30-beaver.dtb'.
 Load address: 0x82000000
 Loading: *####
-	 2.7 MiB/s
+	 3.1 MiB/s
 done
 Bytes transferred = 51860 (ca94 hex)
 Tegra30 (Beaver) # bootz 0x81000000 - 0x82000000
-Kernel image @ 0x81000000 [ 0x000000 - 0x602798 ]
+Kernel image @ 0x81000000 [ 0x000000 - 0x602bc8 ]
 ## Flattened Device Tree blob at 82000000
    Booting using the fdt blob at 0x82000000
    Loading Device Tree to 8fff0000, end 8ffffa93 ... OK
@@ -60,7 +60,7 @@
 
 Uncompressing Linux... done, booting the kernel.
 Booting Linux on physical CPU 0x0
-Linux version 4.14.0-rc2-next-20170929-203152-g1418b85 (jonathanh@kaivo) (gcc version 4.7.3 20130328 (prerelease) (crosstool-NG linaro-1.13.1-4.7-2013.04-20130415 - Linaro GCC 2013.04)) #1 SMP PREEMPT Thu Sep 28 23:21:16 PDT 2017
+Linux version 4.14.0-rc4-next-20171009-204940-g49827b9 (jonathanh@kaivo) (gcc version 4.7.3 20130328 (prerelease) (crosstool-NG linaro-1.13.1-4.7-2013.04-20130415 - Linaro GCC 2013.04)) #1 SMP PREEMPT Mon Oct 9 14:36:12 PDT 2017
 CPU: ARMv7 Processor [412fc099] revision 9 (ARMv7), cr=10c5387d
 CPU: PIPT / VIPT nonaliasing data cache, VIPT aliasing instruction cache
 OF: fdt: Machine model: NVIDIA Tegra30 Beaver evaluation board
@@ -69,21 +69,21 @@
 Memory policy: Data cache writealloc
 cma: Reserved 64 MiB at 0xfbc00000
 On node 0 totalpages: 524032
-free_area_init_node: node 0, pgdat c0fbaa40, node_mem_map eeff7000
+free_area_init_node: node 0, pgdat c0fb1480, node_mem_map eeff7000
   Normal zone: 1536 pages used for memmap
   Normal zone: 0 pages reserved
   Normal zone: 196608 pages, LIFO batch:31
   HighMem zone: 327424 pages, LIFO batch:31
 random: fast init done
-percpu: Embedded 17 pages/cpu @eef88000 s39808 r8192 d21632 u69632
-pcpu-alloc: s39808 r8192 d21632 u69632 alloc=17*4096
+percpu: Embedded 17 pages/cpu @eef88000 s39680 r8192 d21760 u69632
+pcpu-alloc: s39680 r8192 d21760 u69632 alloc=17*4096
 pcpu-alloc: [0] 0 [0] 1 [0] 2 [0] 3 
 Built 1 zonelists, mobility grouping on.  Total pages: 522496
 Kernel command line: ignore_loglevel console=ttyS0,115200n8 rw root=PARTUUID=edbe1840-3633-c751-7993-b0ac834f81e0 rootwait gpt debug noinitrd earlyprintk init=/bin/bash
 PID hash table entries: 4096 (order: 2, 16384 bytes)
 Dentry cache hash table entries: 131072 (order: 7, 524288 bytes)
 Inode-cache hash table entries: 65536 (order: 6, 262144 bytes)
-Memory: 1997416K/2096128K available (9216K kernel code, 790K rwdata, 2800K rodata, 1024K init, 295K bss, 33176K reserved, 65536K cma-reserved, 1244160K highmem)
+Memory: 1997460K/2096128K available (9216K kernel code, 786K rwdata, 2792K rodata, 1024K init, 297K bss, 33132K reserved, 65536K cma-reserved, 1244160K highmem)
 Virtual kernel memory layout:
     vector  : 0xffff0000 - 0xffff1000   (   4 kB)
     fixmap  : 0xffc00000 - 0xfff00000   (3072 kB)
@@ -93,8 +93,8 @@
     modules : 0xbf000000 - 0xbfe00000   (  14 MB)
       .text : 0xc0008000 - 0xc0a00000   (10208 kB)
       .init : 0xc0e00000 - 0xc0f00000   (1024 kB)
-      .data : 0xc0f00000 - 0xc0fc5b60   ( 791 kB)
-       .bss : 0xc0fcf4fc - 0xc101943c   ( 296 kB)
+      .data : 0xc0f00000 - 0xc0fc4ad4   ( 787 kB)
+       .bss : 0xc0fc4ad4 - 0xc100f274   ( 298 kB)
 Preemptible hierarchical RCU implementation.
 	Tasks RCU enabled.
 NR_IRQS: 16, nr_irqs: 16, preallocated irqs: 16
@@ -324,15 +324,6 @@
 tegra_rtc 7000e000.rtc: Tegra internal Real Time Clock
 tps65910-rtc tps65910-rtc: rtc core: registered tps65910-rtc as rtc0
 i2c /dev entries driver
-IR NEC protocol handler initialized
-IR RC5(x/sz) protocol handler initialized
-IR RC6 protocol handler initialized
-IR JVC protocol handler initialized
-IR Sony protocol handler initialized
-IR SANYO protocol handler initialized
-IR Sharp protocol handler initialized
-IR MCE Keyboard/mouse protocol handler initialized
-IR XMP protocol handler initialized
 usbcore: registered new interface driver uvcvideo
 USB Video Class driver (1.1.1)
