
U-Boot SPL 2015.04-rc3-00209-ga74ef40 (Mar 16 2015 - 14:43:39)


U-Boot 2015.04-rc3-00209-ga74ef40 (Mar 16 2015 - 14:43:39)

TEGRA20
Model: Compulab TrimSlice board
DRAM:  1 GiB
MMC:   Tegra SD/MMC: 0, Tegra SD/MMC: 1
SF: Detected W25Q80BL with page size 256 Bytes, erase size 4 KiB, total 1 MiB
tegra-pcie: PCI regions:
tegra-pcie:   I/O: 0x82000000-0x82010000
tegra-pcie:   non-prefetchable memory: 0xa0000000-0xa8000000
tegra-pcie:   prefetchable memory: 0xa8000000-0xc0000000
tegra-pcie: dual-mode configuration
tegra-pcie: probing port 0, using 2 lanes
In:    serial
Out:   serial
Err:   serial
Net:   RTL8169#0
Hit any key to stop autoboot:  2  0 
Tegra20 (TrimSlice) # 
Tegra20 (TrimSlice) # usb reset
resetting USB...
USB0:   USB EHCI 1.00
scanning bus 0 for devices... 3 USB Device(s) found
USB1:   USB EHCI 1.00
scanning bus 1 for devices... 1 USB Device(s) found
USB2:   lowlevel init failed
       scanning usb for storage devices... 0 Storage Device(s) found
       scanning usb for ethernet devices... 
Warning: asx0 using MAC address from net device
1 Ethernet Device(s) found
Tegra20 (TrimSlice) # setenv bootargs 'ignore_loglevel console=ttyS0,115200n8 rw root=PARTUUID=11eb23c1-01 rootwait gpt debug noinitrd earlyprintk init=/bin/bash'
Tegra20 (TrimSlice) # setenv ipaddr 192.168.100.103; setenv serverip 192.168.100.1; setenv tftpserverip 192.168.100.1
Tegra20 (TrimSlice) # tftpboot 0x00408000 zImage.multi_v7_defconfig
Using RTL8169#0 device
TFTP from server 192.168.100.1; our IP address is 192.168.100.103
Filename 'zImage.multi_v7_defconfig'.
Load address: 0x408000
Loading: *#################################################################
	 #################################################################
	 #################################################################
	 #################################################################
	 #################################################################
	 #################################################################
	 #################################################################
	 #################################################
	 4.1 MiB/s
done
Bytes transferred = 7390200 (70c3f8 hex)
Tegra20 (TrimSlice) # tftpboot 0x02408000 tegra20-trimslice.dtb
Using RTL8169#0 device
TFTP from server 192.168.100.1; our IP address is 192.168.100.103
Filename 'tegra20-trimslice.dtb'.
Load address: 0x2408000
Loading: *##
	 3.4 MiB/s
done
Bytes transferred = 21404 (539c hex)
Tegra20 (TrimSlice) # bootz 0x00408000 - 0x02408000
Kernel image @ 0x408000 [ 0x000000 - 0x70c3f8 ]
## Flattened Device Tree blob at 02408000
   Booting using the fdt blob at 0x2408000
   Using Device Tree in place at 02408000, end 0241039b

Starting kernel ...

[    0.000000] Booting Linux on physical CPU 0x0
[    0.000000] Linux version 4.9.0-rc8-next-20161206-139584-gefe90db (pwalmsley@sellafield) (gcc version 4.7.3 20130328 (prerelease) (crosstool-NG linaro-1.13.1-4.7-2013.04-20130415 - Linaro GCC 2013.04) ) #1 SMP Tue Dec 6 04:33:23 PST 2016
[    0.000000] CPU: ARMv7 Processor [411fc090] revision 0 (ARMv7), cr=10c5387d
[    0.000000] CPU: PIPT / VIPT nonaliasing data cache, VIPT aliasing instruction cache
[    0.000000] OF: fdt:Machine model: Compulab TrimSlice board
[    0.000000] debug: ignoring loglevel setting.
[    0.000000] efi: Getting EFI parameters from FDT:
[    0.000000] efi: UEFI not found.
[    0.000000] cma: Reserved 64 MiB at 0x3c000000
[    0.000000] Memory policy: Data cache writealloc
[    0.000000] On node 0 totalpages: 262144
[    0.000000] free_area_init_node: node 0, pgdat c142a480, node_mem_map ef7f8000
[    0.000000]   DMA zone: 1536 pages used for memmap
[    0.000000]   DMA zone: 0 pages reserved
[    0.000000]   DMA zone: 196608 pages, LIFO batch:31
[    0.000000]   HighMem zone: 65536 pages, LIFO batch:15
[    0.000000] percpu: Embedded 14 pages/cpu @ef7ca000 s26176 r8192 d22976 u57344
[    0.000000] pcpu-alloc: s26176 r8192 d22976 u57344 alloc=14*4096
[    0.000000] pcpu-alloc: [0] 0 [0] 1 
[    0.000000] Built 1 zonelists in Zone order, mobility grouping on.  Total pages: 260608
[    0.000000] Kernel command line: ignore_loglevel console=ttyS0,115200n8 rw root=PARTUUID=11eb23c1-01 rootwait gpt debug noinitrd earlyprintk init=/bin/bash
[    0.000000] PID hash table entries: 4096 (order: 2, 16384 bytes)
[    0.000000] Dentry cache hash table entries: 131072 (order: 7, 524288 bytes)
[    0.000000] Inode-cache hash table entries: 65536 (order: 6, 262144 bytes)
[    0.000000] Memory: 955720K/1048576K available (9216K kernel code, 1199K rwdata, 4132K rodata, 2048K init, 504K bss, 27320K reserved, 65536K cma-reserved, 196608K highmem)
[    0.000000] Virtual kernel memory layout:
[    0.000000]     vector  : 0xffff0000 - 0xffff1000   (   4 kB)
[    0.000000]     fixmap  : 0xffc00000 - 0xfff00000   (3072 kB)
[    0.000000]     vmalloc : 0xf0800000 - 0xff800000   ( 240 MB)
[    0.000000]     lowmem  : 0xc0000000 - 0xf0000000   ( 768 MB)
[    0.000000]     pkmap   : 0xbfe00000 - 0xc0000000   (   2 MB)
[    0.000000]     modules : 0xbf000000 - 0xbfe00000   (  14 MB)
[    0.000000]       .text : 0xc0208000 - 0xc0c00000   (10208 kB)
[    0.000000]       .init : 0xc1100000 - 0xc1300000   (2048 kB)
[    0.000000]       .data : 0xc1300000 - 0xc142bf80   (1200 kB)
[    0.000000]        .bss : 0xc142d000 - 0xc14ab2d0   ( 505 kB)
[    0.000000] SLUB: HWalign=64, Order=0-3, MinObjects=0, CPUs=2, Nodes=1
[    0.000000] Hierarchical RCU implementation.
[    0.000000] 	Build-time adjustment of leaf fanout to 32.
[    0.000000] 	RCU restricting CPUs from NR_CPUS=16 to nr_cpu_ids=2.
[    0.000000] RCU: Adjusting geometry for rcu_fanout_leaf=32, nr_cpu_ids=2
[    0.000000] NR_IRQS:16 nr_irqs:16 16
[    0.000000] /interrupt-controller@60004000: 128 interrupts forwarded to /interrupt-controller@50041000
[    0.000000] L2C: platform modifies aux control register: 0x02080000 -> 0x3e480001
[    0.000000] L2C: DT/platform modifies aux control register: 0x02080000 -> 0x3e480001
[    0.000000] L2C-310 errata 727915 769419 enabled
[    0.000000] L2C-310 enabling early BRESP for Cortex-A9
[    0.000000] L2C-310: enabling full line of zeros but not enabled in Cortex-A9
[    0.000000] L2C-310 ID prefetch enabled, offset 1 lines
[    0.000000] L2C-310 cache controller enabled, 8 ways, 1024 kB
[    0.000000] L2C-310: CACHE_ID 0x410000c4, AUX_CTRL 0x7e480001
[    0.000010] sched_clock: 32 bits at 1000kHz, resolution 1000ns, wraps every 2147483647500ns
[    0.000027] clocksource: timer_us: mask: 0xffffffff max_cycles: 0xffffffff, max_idle_ns: 1911260446275 ns
[    0.000037] Switching to timer-based delay loop, resolution 1000ns
[    0.001621] Console: colour dummy device 80x30
[    0.001645] Calibrating delay loop (skipped), value calculated using timer frequency.. 2.00 BogoMIPS (lpj=10000)
[    0.001656] pid_max: default: 32768 minimum: 301
[    0.001739] Mount-cache hash table entries: 2048 (order: 1, 8192 bytes)
[    0.001747] Mountpoint-cache hash table entries: 2048 (order: 1, 8192 bytes)
[    0.002222] CPU: Testing write buffer coherency: ok
[    0.002423] CPU0: thread -1, cpu 0, socket 0, mpidr 80000000
[    0.002592] Setting up static identity map for 0x300000 - 0x300098
[    0.003976] Tegra Revision: A03 prime SKU: 8 CPU Process: 1 SoC Process: 2
[    0.004348] EFI services will not be available.
[    0.004503] smp: Bringing up secondary CPUs ...
[    0.005034] CPU1: thread -1, cpu 1, socket 0, mpidr 80000001
[    0.005100] smp: Brought up 1 node, 2 CPUs
[    0.005111] SMP: Total of 2 processors activated (4.00 BogoMIPS).
[    0.005117] CPU: All CPU(s) started in SVC mode.
[    0.005759] devtmpfs: initialized
[    0.010136] VFP support v0.3: implementor 41 architecture 3 part 30 variant 9 rev 1
[    0.010374] clocksource: jiffies: mask: 0xffffffff max_cycles: 0xffffffff, max_idle_ns: 19112604462750000 ns
[    0.013263] pinctrl core: initialized pinctrl subsystem
[    0.014465] NET: Registered protocol family 16
[    0.016369] DMA: preallocated 256 KiB pool for atomic coherent allocations
[    0.017876] cpuidle: using governor menu
[    0.036159] No ATAGs?
[    0.036229] hw-breakpoint: found 5 (+1 reserved) breakpoint and 1 watchpoint registers.
[    0.036237] hw-breakpoint: maximum watchpoint size is 4 bytes.
[    0.041486] Serial: AMBA PL011 UART driver
[    0.052834] usb1_vbus: Failed to request enable GPIO170: -517
[    0.052847] reg-fixed-voltage regulators:regulator@2: Failed to register regulator: -517
[    0.056380] vgaarb: loaded
[    0.056971] SCSI subsystem initialized
[    0.057093] libata version 3.00 loaded.
[    0.057281] usbcore: registered new interface driver usbfs
[    0.057334] usbcore: registered new interface driver hub
[    0.057378] usbcore: registered new device driver usb
[    0.059363] pps_core: LinuxPPS API ver. 1 registered
[    0.059371] pps_core: Software ver. 5.3.6 - Copyright 2005-2007 Rodolfo Giometti <giometti@linux.it>
[    0.059387] PTP clock support registered
[    0.059522] EDAC MC: Ver: 3.0.0
[    0.061387] clocksource: Switched to clocksource timer_us
[    0.069008] NET: Registered protocol family 2
[    0.069432] TCP established hash table entries: 8192 (order: 3, 32768 bytes)
[    0.069502] TCP bind hash table entries: 8192 (order: 4, 65536 bytes)
[    0.069607] TCP: Hash tables configured (established 8192 bind 8192)
[    0.069673] UDP hash table entries: 512 (order: 2, 16384 bytes)
[    0.069719] UDP-Lite hash table entries: 512 (order: 2, 16384 bytes)
[    0.069874] NET: Registered protocol family 1
[    0.070178] RPC: Registered named UNIX socket transport module.
[    0.070186] RPC: Registered udp transport module.
[    0.070191] RPC: Registered tcp transport module.
[    0.070196] RPC: Registered tcp NFSv4.1 backchannel transport module.
[    0.070205] PCI: CLS 0 bytes, default 64
[    0.070988] hw perfevents: enabled with armv7_cortex_a9 PMU driver, 7 counters available
[    0.071992] futex hash table entries: 512 (order: 3, 32768 bytes)
[    0.072547] workingset: timestamp_bits=30 max_order=18 bucket_order=0
[    0.079784] squashfs: version 4.0 (2009/01/31) Phillip Lougher
[    0.080353] NFS: Registering the id_resolver key type
[    0.080376] Key type id_resolver registered
[    0.080382] Key type id_legacy registered
[    0.080413] ntfs: driver 2.1.32 [Flags: R/O].
[    0.081606] bounce: pool size: 64 pages
[    0.081761] Block layer SCSI generic (bsg) driver version 0.4 loaded (major 248)
[    0.081769] io scheduler noop registered
[    0.081775] io scheduler deadline registered
[    0.081899] io scheduler cfq registered (default)
[    0.092843] tegra-pcie 80003000.pcie-controller: dual-mode configuration
[    0.093553] tegra-pcie 80003000.pcie-controller: probing port 0, using 2 lanes
[    0.177579] tegra-pcie 80003000.pcie-controller: PCI host bridge to bus 0000:00
[    0.177591] pci_bus 0000:00: root bus resource [io  0x0000-0xffff]
[    0.177600] pci_bus 0000:00: root bus resource [mem 0xa0000000-0xa7ffffff]
[    0.177608] pci_bus 0000:00: root bus resource [mem 0xa8000000-0xbfffffff pref]
[    0.177616] pci_bus 0000:00: root bus resource [bus 00-ff]
[    0.177643] pci 0000:00:01.0: [10de:0bf0] type 01 class 0x060000
[    0.177705] pci 0000:00:01.0: PME# supported from D0 D1 D2 D3hot D3cold
[    0.177901] PCI: bus0: Fast back to back transfers disabled
[    0.177912] pci 0000:00:01.0: bridge configuration invalid ([bus 00-00]), reconfiguring
[    0.178044] pci 0000:01:00.0: [10ec:8168] type 00 class 0x020000
[    0.178067] pci 0000:01:00.0: reg 0x10: [io  0x0000-0x00ff]
[    0.178089] pci 0000:01:00.0: reg 0x18: [mem 0x00000000-0x00000fff 64bit pref]
[    0.178105] pci 0000:01:00.0: reg 0x20: [mem 0x00000000-0x00003fff 64bit pref]
[    0.178117] pci 0000:01:00.0: reg 0x30: [mem 0x00000000-0x0001ffff pref]
[    0.178194] pci 0000:01:00.0: supports D1 D2
[    0.178202] pci 0000:01:00.0: PME# supported from D0 D1 D2 D3hot D3cold
[    0.201423] PCI: bus1: Fast back to back transfers disabled
[    0.201435] pci_bus 0000:01: busn_res: [bus 01-ff] end is updated to 01
[    0.201447] Disabling cpuidle LP2 state, since PCIe IRQs are in use
[    0.201505] pci 0000:00:01.0: BAR 8: assigned [mem 0xa0000000-0xa00fffff]
[    0.201517] pci 0000:00:01.0: BAR 9: assigned [mem 0xa8000000-0xa80fffff 64bit pref]
[    0.201526] pci 0000:00:01.0: BAR 7: assigned [io  0x1000-0x1fff]
[    0.201538] pci 0000:01:00.0: BAR 6: assigned [mem 0xa0000000-0xa001ffff pref]
[    0.201548] pci 0000:01:00.0: BAR 4: assigned [mem 0xa8000000-0xa8003fff 64bit pref]
[    0.201566] pci 0000:01:00.0: BAR 2: assigned [mem 0xa8004000-0xa8004fff 64bit pref]
[    0.201582] pci 0000:01:00.0: BAR 0: assigned [io  0x1000-0x10ff]
[    0.201592] pci 0000:00:01.0: PCI bridge to [bus 01]
[    0.201600] pci 0000:00:01.0:   bridge window [io  0x1000-0x1fff]
[    0.201608] pci 0000:00:01.0:   bridge window [mem 0xa0000000-0xa00fffff]
[    0.201616] pci 0000:00:01.0:   bridge window [mem 0xa8000000-0xa80fffff 64bit pref]
[    0.201636] pci 0000:00:01.0: nv_msi_ht_cap_quirk didn't locate host bridge
[    0.201687] pcieport 0000:00:01.0: enabling device (0140 -> 0143)
[    0.201872] pcieport 0000:00:01.0: Signaling PME through PCIe PME interrupt
[    0.201881] pci 0000:01:00.0: Signaling PME through PCIe PME interrupt
[    0.201890] pcie_pme 0000:00:01.0:pcie001: service driver pcie_pme loaded
[    0.207596] tegra-apbdma 6000a000.dma: Tegra20 APB DMA driver register 16 channels
[    0.259412] Serial: 8250/16550 driver, 4 ports, IRQ sharing disabled
[    0.261746] console [ttyS0] disabled
[    0.261781] 70006000.serial: ttyS0 at MMIO 0x70006000 (irq = 279, base_baud = 13500000) is a Tegra
[    1.225304] console [ttyS0] enabled
[    1.229374] SuperH (H)SCI(F) driver initialized
[    1.234630] msm_serial: driver initialized
[    1.238847] STMicroelectronics ASC driver initialized
[    1.246518] [drm] Initialized
[    1.251690] 54280000.hdmi supply hdmi not found, using dummy regulator
[    1.260208] [drm] Supports vblank timestamp caching Rev 2 (21.10.2013).
[    1.266828] [drm] No driver support for vblank timestamp query.
[    1.272771] [drm] Cannot find any crtc or sizes - going 1024x768
[    1.294794] Console: switching to colour frame buffer device 128x48
[    1.309461] drm drm: fb0:  frame buffer device
[    1.313951] [drm] Initialized tegra 0.0.0 20120330 on minor 0
[    1.328876] brd: module loaded
[    1.336511] loop: module loaded
[    1.345256] m25p80 spi32766.0: found s25fl008k, expected w25q80bl
[    1.351341] m25p80 spi32766.0: s25fl008k (1024 Kbytes)
[    1.358676] libphy: Fixed MDIO Bus: probed
[    1.363645] CAN device driver interface
[    1.368141] bgmac_bcma: Broadcom 47xx GBit MAC driver loaded
[    1.374690] e1000e: Intel(R) PRO/1000 Network Driver - 3.2.6-k
[    1.380506] e1000e: Copyright(c) 1999 - 2015 Intel Corporation.
[    1.386492] igb: Intel(R) Gigabit Ethernet Network Driver - version 5.4.0-k
[    1.393447] igb: Copyright (c) 2007-2014 Intel Corporation.
[    1.399544] r8169 Gigabit Ethernet driver 2.3LK-NAPI loaded
[    1.405145] r8169 0000:01:00.0: enabling device (0140 -> 0143)
[    1.411784] r8169 0000:01:00.0 eth0: RTL8168d/8111d at 0xf08fc000, 00:01:c0:13:7d:63, XID 081000c0 IRQ 296
[    1.421435] r8169 0000:01:00.0 eth0: jumbo features [frames: 9200 bytes, tx checksumming: ko]
[    1.432028] pegasus: v0.9.3 (2013/04/25), Pegasus/Pegasus II USB Ethernet driver
[    1.439460] usbcore: registered new interface driver pegasus
[    1.445166] usbcore: registered new interface driver asix
[    1.450581] usbcore: registered new interface driver ax88179_178a
[    1.456704] usbcore: registered new interface driver cdc_ether
[    1.462593] usbcore: registered new interface driver smsc75xx
[    1.468367] usbcore: registered new interface driver smsc95xx
[    1.474144] usbcore: registered new interface driver net1080
[    1.479817] usbcore: registered new interface driver cdc_subset
[    1.485765] usbcore: registered new interface driver zaurus
[    1.491369] usbcore: registered new interface driver cdc_ncm
[    1.497297] tegra-phy c5004000.usb-phy: no vbus regulator
[    1.503797] tegra-phy c5008000.usb-phy: no vbus regulator
[    1.510464] ehci_hcd: USB 2.0 'Enhanced' Host Controller (EHCI) Driver
[    1.516994] ehci-pci: EHCI PCI platform driver
[    1.521472] ehci-platform: EHCI generic platform driver
[    1.526842] ehci-orion: EHCI orion driver
[    1.530938] SPEAr-ehci: EHCI SPEAr driver
[    1.535064] ehci-st: EHCI STMicroelectronics driver
[    1.540028] ehci-exynos: EHCI EXYNOS driver
[    1.544331] ehci-atmel: EHCI Atmel driver
[    1.548425] tegra-ehci: Tegra EHCI driver
[    1.612594] ulpi_phy_power_on: ulpi write failed
[    1.617201] tegra-ehci c5004000.usb: Failed to power on the phy
[    1.623136] tegra-ehci: probe of c5004000.usb failed with error -110
[    1.632107] tegra-ehci c5008000.usb: EHCI Host Controller
[    1.637510] tegra-ehci c5008000.usb: new USB bus registered, assigned bus number 1
[    1.645330] tegra-ehci c5008000.usb: irq 290, io mem 0xc5008000
[    1.671409] tegra-ehci c5008000.usb: USB 2.0 started, EHCI 1.00
[    1.677920] hub 1-0:1.0: USB hub found
[    1.681700] hub 1-0:1.0: 1 port detected
[    1.685916] ohci_hcd: USB 1.1 'Open' Host Controller (OHCI) Driver
[    1.692106] ohci-pci: OHCI PCI platform driver
[    1.696581] ohci-platform: OHCI generic platform driver
[    1.701965] ohci-omap3: OHCI OMAP3 driver
[    1.706065] SPEAr-ohci: OHCI SPEAr driver
[    1.710161] ohci-st: OHCI STMicroelectronics driver
[    1.715148] ohci-atmel: OHCI Atmel driver
[    1.719721] usbcore: registered new interface driver usb-storage
[    1.726910] mousedev: PS/2 mouse device common for all mice
[    1.734048] rtc-em3027 2-0056: rtc core: registered rtc-em3027 as rtc0
[    1.741727] tegra_rtc 7000e000.rtc: rtc core: registered 7000e000.rtc as rtc1
[    1.748875] tegra_rtc 7000e000.rtc: Tegra internal Real Time Clock
[    1.755455] i2c /dev entries driver
[    1.767992] sdhci: Secure Digital Host Controller Interface driver
[    1.774188] sdhci: Copyright(c) Pierre Ossman
[    1.779686] Synopsys Designware Multimedia Card Interface Driver
[    1.786518] sdhci-pltfm: SDHCI platform and OF driver helper
[    1.793031] mmc0: Invalid maximum block size, assuming 512 bytes
[    1.851407] mmc0: SDHCI controller on c8000000.sdhci [c8000000.sdhci] using ADMA
[    1.858881] sdhci-tegra c8000600.sdhci: Got CD GPIO
[    1.863778] sdhci-tegra c8000600.sdhci: Got WP GPIO
[    1.868805] mmc1: Invalid maximum block size, assuming 512 bytes
[    1.931480] mmc1: SDHCI controller on c8000600.sdhci [c8000600.sdhci] using ADMA
[    1.940249] ledtrig-cpu: registered to indicate activity on CPUs
[    1.946524] usbcore: registered new interface driver usbhid
[    1.952097] usbhid: USB HID core driver
[    1.958891] NET: Registered protocol family 10
[    1.964217] Segment Routing with IPv6
[    1.967912] sit: IPv6, IPv4 and MPLS over IPv4 tunneling driver
[    1.974330] NET: Registered protocol family 17
[    1.978767] can: controller area network core (rev 20120528 abi 9)
[    1.984997] NET: Registered protocol family 29
[    1.989428] can: raw protocol (rev 20120528)
[    1.993700] can: broadcast manager protocol (rev 20161123 t)
[    1.999348] can: netlink gateway (rev 20130117) max_hops=1
[    2.005138] Key type dns_resolver registered
[    2.009764] ThumbEE CPU extension supported.
[    2.014051] Registering SWP/SWPB emulation handler
[    2.026688] utmi_phy_clk_enable: timeout waiting for phy to stabilize
[    2.033170] tegra-ehci c5000000.usb: EHCI Host Controller
[    2.038574] tegra-ehci c5000000.usb: new USB bus registered, assigned bus number 2
[    2.046441] tegra-ehci c5000000.usb: irq 288, io mem 0xc5000000
[    2.048413] mmc0: host does not support reading read-only switch, assuming write-enable
[    2.050220] mmc0: new high speed SDHC card at address b368
[    2.052526] mmcblk0: mmc0:b368 NCard 3.70 GiB 
[    2.067606]  mmcblk0: p1
[    2.081455] usb 1-1: new high-speed USB device number 2 using tegra-ehci
[    2.111436] tegra-ehci c5000000.usb: USB 2.0 started, EHCI 1.00
[    2.118311] hub 2-0:1.0: USB hub found
[    2.122122] hub 2-0:1.0: 1 port detected
[    2.127424] input: gpio-keys as /devices/soc0/gpio-keys/input/input0
[    2.134525] rtc-em3027 2-0056: setting system clock to 2015-02-06 01:30:10 UTC (1423186210)
[    2.144862] EXT4-fs (mmcblk0p1): mounting ext3 file system using the ext4 subsystem
[    2.150523] mmc1: new high speed SD card at address b368
[    2.151059] mmcblk1: mmc1:b368 NCard 1.83 GiB (ro)
[    2.153854]  mmcblk1: p1 p2
[    2.312563] hub 1-1:1.0: USB hub found
[    2.316481] hub 1-1:1.0: 4 ports detected
[    2.641475] usb 1-1.2: new high-speed USB device number 3 using tegra-ehci
[    3.257601] random: fast init done
[    3.269952] asix 1-1.2:1.0 eth1: register 'asix' at usb-c5008000.usb-1.2, ASIX AX88772 USB 2.0 Ethernet, 00:60:6e:60:6c:68
[    3.820802] EXT4-fs (mmcblk0p1): recovery complete
[    4.062197] EXT4-fs (mmcblk0p1): mounted filesystem with ordered data mode. Opts: (null)
[    4.070371] VFS: Mounted root (ext3 filesystem) on device 179:1.
[    4.081144] devtmpfs: mounted
[    4.092334] Freeing unused kernel memory: 2048K
bash: cannot set terminal process group (-1): Inappropriate ioctl for device
bash: no job control in this shell
root@(none):/# 