

U-Boot 2015.04-00466-gedec83e90172 (Mar 14 2016 - 10:42:01)

TEGRA124
Model: Acer Chromebook 13 CB5-311
DRAM:  4 GiB
:   Tegra SD/MMC: 0, Tegra SD/MMC: 1, Tegra SD/MMC: 2
MMC init failed
Using default environment

In:    serial
Out:   serial
Err:   serial
Net:   Net Initialization Skipped
No ethernet found.
Hit any key to stop autoboot:  2  0 
Tegra124 (Nyan-big) # 
Tegra124 (Nyan-big) # usb start
starting USB...
USB0:   USB EHCI 1.10
scanning bus 0 for devices... 2 USB Device(s) found
USB1:   USB EHCI 1.10
scanning bus 1 for devices... 2 USB Device(s) found
       scanning usb for storage devices... 1 Storage Device(s) found
       scanning usb for ethernet devices... 
Warning: asx0 using MAC address from net device
1 Ethernet Device(s) found
Tegra124 (Nyan-big) # mw 0x7000e4a0 0x00080000
Tegra124 (Nyan-big) # setenv bootargs 'ignore_loglevel console=ttyS0,115200n8 rw root=PARTUUID=4d36e82a-b3c0-4b4b-bfcd-afe5217ac023 rootwait gpt debug noinitrd earlyprintk init=/bin/bash'
Tegra124 (Nyan-big) # setenv ipaddr 192.168.100.102; setenv serverip 192.168.100.1; setenv tftpserverip 192.168.100.1
Tegra124 (Nyan-big) # tftpboot 0x82000000 zImage.tegra_defconfig%tegra-fw
Using asx0 device
TFTP from server 192.168.100.1; our IP address is 192.168.100.102
Filename 'zImage.tegra_defconfig%tegra-fw'.
Load address: 0x82000000
Loading: *#################################################################
	 #################################################################
	 #################################################################
	 #################################################################
	 #################################################################
	 #################################################################
	 ##########################################
	 3.6 MiB/s
done
Bytes transferred = 6331560 (609ca8 hex)
Tegra124 (Nyan-big) # tftpboot 0x83000000 tegra124-nyan-big.dtb
Using asx0 device
TFTP from server 192.168.100.1; our IP address is 192.168.100.102
Filename 'tegra124-nyan-big.dtb'.
Load address: 0x83000000
Loading: *#####
	 3.4 MiB/s
done
Bytes transferred = 67482 (1079a hex)
Tegra124 (Nyan-big) # bootz 0x82000000 - 0x83000000
Kernel image @ 0x82000000 [ 0x000000 - 0x609ca8 ]
## Flattened Device Tree blob at 83000000
   Booting using the fdt blob at 0x83000000
   Using Device Tree in place at 83000000, end 83013799

Starting kernel ...

Uncompressing Linux... done, booting the kernel.
[    0.000000] Booting Linux on physical CPU 0x0
[    0.000000] Linux version 4.14.0-next-20171120-215730-ge6016f9 (jonathanh@sellafield) (gcc version 4.7.3 20130328 (prerelease) (crosstool-NG linaro-1.13.1-4.7-2013.04-20130415 - Linaro GCC 2013.04)) #1 SMP PREEMPT Sun Nov 19 20:03:46 PST 2017
[    0.000000] CPU: ARMv7 Processor [413fc0f3] revision 3 (ARMv7), cr=10c5387d
[    0.000000] CPU: div instructions available: patching division code
[    0.000000] CPU: PIPT / VIPT nonaliasing data cache, PIPT instruction cache
[    0.000000] OF: fdt: Machine model: Acer Chromebook 13 CB5-311
[    0.000000] OF: fdt: Ignoring memory range 0x100000000 - 0x17ffff000
[    0.000000] debug: ignoring loglevel setting.
[    0.000000] bootconsole [earlycon0] enabled
[    0.000000] Memory policy: Data cache writealloc
[    0.000000] cma: Reserved 64 MiB at 0xfbc00000
[    0.000000] On node 0 totalpages: 524287
[    0.000000]   Normal zone: 1536 pages used for memmap
[    0.000000]   Normal zone: 0 pages reserved
[    0.000000]   Normal zone: 196608 pages, LIFO batch:31
[    0.000000]   HighMem zone: 327679 pages, LIFO batch:31
[    0.000000] random: fast init done
[    0.000000] percpu: Embedded 17 pages/cpu @eef88000 s39360 r8192 d22080 u69632
[    0.000000] pcpu-alloc: s39360 r8192 d22080 u69632 alloc=17*4096
[    0.000000] pcpu-alloc: [0] 0 [0] 1 [0] 2 [0] 3 
[    0.000000] Built 1 zonelists, mobility grouping on.  Total pages: 522751
[    0.000000] Kernel command line: ignore_loglevel console=ttyS0,115200n8 rw root=PARTUUID=4d36e82a-b3c0-4b4b-bfcd-afe5217ac023 rootwait gpt debug noinitrd earlyprintk init=/bin/bash
[    0.000000] Dentry cache hash table entries: 131072 (order: 7, 524288 bytes)
[    0.000000] Inode-cache hash table entries: 65536 (order: 6, 262144 bytes)
[    0.000000] Memory: 1998488K/2097148K available (9216K kernel code, 778K rwdata, 2820K rodata, 1024K init, 299K bss, 33124K reserved, 65536K cma-reserved, 1245180K highmem)
[    0.000000] Virtual kernel memory layout:
[    0.000000]     vector  : 0xffff0000 - 0xffff1000   (   4 kB)
[    0.000000]     fixmap  : 0xffc00000 - 0xfff00000   (3072 kB)
[    0.000000]     vmalloc : 0xf0800000 - 0xff800000   ( 240 MB)
[    0.000000]     lowmem  : 0xc0000000 - 0xf0000000   ( 768 MB)
[    0.000000]     pkmap   : 0xbfe00000 - 0xc0000000   (   2 MB)
[    0.000000]     modules : 0xbf000000 - 0xbfe00000   (  14 MB)
[    0.000000]       .text : 0xc0008000 - 0xc0a00000   (10208 kB)
[    0.000000]       .init : 0xc0e00000 - 0xc0f00000   (1024 kB)
[    0.000000]       .data : 0xc0f00000 - 0xc0fc2820   ( 779 kB)
[    0.000000]        .bss : 0xc0fc2820 - 0xc100d4b4   ( 300 kB)
[    0.000000] Preemptible hierarchical RCU implementation.
[    0.000000] 	Tasks RCU enabled.
[    0.000000] NR_IRQS: 16, nr_irqs: 16, preallocated irqs: 16
[    0.000000] /interrupt-controller@60004000: 160 interrupts forwarded to /interrupt-controller@50041000
[    0.000000] Tegra clk 127: register failed with -17
[    0.000004] sched_clock: 32 bits at 1000kHz, resolution 1000ns, wraps every 2147483647500ns
[    0.008021] clocksource: timer_us: mask: 0xffffffff max_cycles: 0xffffffff, max_idle_ns: 1911260446275 ns
[    0.017553] Switching to timer-based delay loop, resolution 1000ns
[    0.024072] arch_timer: cp15 timer(s) running at 12.00MHz (virt).
[    0.029774] clocksource: arch_sys_counter: mask: 0xffffffffffffff max_cycles: 0x2c47f4ee7, max_idle_ns: 440795202497 ns
[    0.040521] sched_clock: 56 bits at 12MHz, resolution 83ns, wraps every 4398046511096ns
[    0.048492] Switching to timer-based delay loop, resolution 83ns
[    0.054676] Console: colour dummy device 80x30
[    0.058900] Calibrating delay loop (skipped), value calculated using timer frequency.. 24.00 BogoMIPS (lpj=120000)
[    0.069209] pid_max: default: 32768 minimum: 301
[    0.073975] Mount-cache hash table entries: 2048 (order: 1, 8192 bytes)
[    0.080392] Mountpoint-cache hash table entries: 2048 (order: 1, 8192 bytes)
[    0.087733] CPU: Testing write buffer coherency: ok
[    0.092401] /cpus/cpu@0 missing clock-frequency property
[    0.097555] /cpus/cpu@1 missing clock-frequency property
[    0.102850] /cpus/cpu@2 missing clock-frequency property
[    0.108129] /cpus/cpu@3 missing clock-frequency property
[    0.113411] CPU0: thread -1, cpu 0, socket 0, mpidr 80000000
[    0.153453] Setting up static identity map for 0x80100000 - 0x801000a0
[    0.158106] Hierarchical SRCU implementation.
[    0.173659] Tegra Revision: A01 SKU: 131 CPU Process: 1 SoC Process: 1
[    0.193456] smp: Bringing up secondary CPUs ...
[    0.243757] CPU1: thread -1, cpu 1, socket 0, mpidr 80000001
[    0.323782] CPU2: thread -1, cpu 2, socket 0, mpidr 80000002
[    0.403819] CPU3: thread -1, cpu 3, socket 0, mpidr 80000003
[    0.413597] smp: Brought up 1 node, 4 CPUs
[    0.432674] SMP: Total of 4 processors activated (96.00 BogoMIPS).
[    0.438833] CPU: All CPU(s) started in SVC mode.
[    0.444126] devtmpfs: initialized
[    0.453102] VFP support v0.3: implementor 41 architecture 4 part 30 variant f rev 0
[    0.459001] clocksource: jiffies: mask: 0xffffffff max_cycles: 0xffffffff, max_idle_ns: 19112604462750000 ns
[    0.468638] futex hash table entries: 1024 (order: 4, 65536 bytes)
[    0.475309] pinctrl core: initialized pinctrl subsystem
[    0.480471] NET: Registered protocol family 16
[    0.484958] DMA: preallocated 256 KiB pool for atomic coherent allocations
[    0.491708] cpuidle: using governor menu
[    0.502783] No ATAGs?
[    0.502843] hw-breakpoint: found 5 (+1 reserved) breakpoint and 4 watchpoint registers.
[    0.511184] hw-breakpoint: maximum watchpoint size is 8 bytes.
[    0.517847] tegra-mc 70019000.memory-controller: no memory timings for RAM code 0 registered
[    0.525530] iommu: Adding device reg-dummy to group 0
[    0.530439] iommu: Adding device 50000000.host1x to group 1
[    0.535992] iommu: Adding device 54200000.dc to group 2
[    0.541183] iommu: Adding device 54240000.dc to group 3
[    0.546377] iommu: Adding device 54280000.hdmi to group 4
[    0.551746] iommu: Adding device 54540000.sor to group 5
[    0.557037] iommu: Adding device 545c0000.dpaux to group 6
[    0.562504] iommu: Adding device 57000000.gpu to group 7
[    0.567783] iommu: Adding device 60005000.timer to group 8
[    0.573240] iommu: Adding device 60007000.flow-controller to group 9
[    0.579570] iommu: Adding device 6000c800.actmon to group 10
[    0.585198] iommu: Adding device 6000d000.gpio to group 11
[    0.590665] iommu: Adding device 60020000.dma to group 12
[    0.596029] iommu: Adding device 70000800.apbmisc to group 13
[    0.601756] iommu: Adding device 70000868.pinmux to group 14
[    0.607383] iommu: Adding device 70006000.serial to group 15
[    0.613022] iommu: Adding device 7000a000.pwm to group 16
[    0.618390] iommu: Adding device 7000c000.i2c to group 17
[    0.623769] iommu: Adding device 7000c400.i2c to group 18
[    0.629138] iommu: Adding device 7000c500.i2c to group 19
[    0.634518] iommu: Adding device 7000c700.i2c to group 20
[    0.639883] iommu: Adding device 7000d000.i2c to group 21
[    0.645266] iommu: Adding device 7000d400.spi to group 22
[    0.650630] iommu: Adding device 7000da00.spi to group 23
[    0.656011] iommu: Adding device 7000e000.rtc to group 24
[    0.661376] iommu: Adding device 7000e400.pmc to group 25
[    0.666758] iommu: Adding device 7000f800.fuse to group 26
[    0.672210] iommu: Adding device 70019000.memory-controller to group 27
[    0.678802] iommu: Adding device 7001b000.emc to group 28
[    0.684169] iommu: Adding device 70030000.hda to group 29
[    0.689553] iommu: Adding device 70090000.usb to group 30
[    0.694917] iommu: Adding device 7009f000.padctl to group 31
[    0.700556] iommu: Adding device 700b0000.sdhci to group 32
[    0.706097] iommu: Adding device 700b0400.sdhci to group 33
[    0.711654] iommu: Adding device 700b0600.sdhci to group 34
[    0.717189] iommu: Adding device 700e2000.thermal-sensor to group 35
[    0.723523] iommu: Adding device 70300000.ahub to group 36
[    0.728978] iommu: Adding device pmu to group 37
[    0.733579] iommu: Adding device timer to group 38
[    0.738337] iommu: Adding device sdhci0_pwrseq to group 39
[    0.743802] iommu: Adding device backlight to group 40
[    0.748914] iommu: Adding device clocks to group 41
[    0.753763] iommu: Adding device gpio-keys to group 42
[    0.758882] iommu: Adding device regulators to group 43
[    0.764077] iommu: Adding device regulators:regulator@0 to group 44
[    0.770322] iommu: Adding device regulators:regulator@1 to group 45
[    0.776556] iommu: Adding device regulators:regulator@2 to group 46
[    0.782802] iommu: Adding device regulators:regulator@3 to group 47
[    0.789039] iommu: Adding device regulators:regulator@4 to group 48
[    0.795284] iommu: Adding device regulators:regulator@5 to group 49
[    0.801516] iommu: Adding device regulators:regulator@6 to group 50
[    0.807763] iommu: Adding device regulators:regulator@7 to group 51
[    0.813999] iommu: Adding device regulators:regulator@8 to group 52
[    0.820245] iommu: Adding device regulators:regulator@9 to group 53
[    0.826477] iommu: Adding device regulators:regulator@10 to group 54
[    0.832811] iommu: Adding device regulators:regulator@11 to group 55
[    0.839131] iommu: Adding device regulators:regulator@12 to group 56
[    0.845462] iommu: Adding device sound to group 57
[    0.850223] iommu: Adding device gpio-restart to group 58
[    0.855603] iommu: Adding device panel to group 59
[    0.866107] +5V_SYS: supplied by +VDD_MUX
[    0.868336] +3.3V_SYS: supplied by +VDD_MUX
[    0.872631] +VDD_LED: Failed to request enable GPIO122: -517
[    0.878002] reg-fixed-voltage regulators:regulator@5: Failed to register regulator: -517
[    0.886087] +5V_VDD_TS_SW: Failed to request enable GPIO81: -517
[    0.892051] reg-fixed-voltage regulators:regulator@6: Failed to register regulator: -517
[    0.900127] +5V_USB_HS: Failed to request enable GPIO108: -517
[    0.905930] reg-fixed-voltage regulators:regulator@7: Failed to register regulator: -517
[    0.913994] +5V_USB_SS: Failed to request enable GPIO109: -517
[    0.919771] reg-fixed-voltage regulators:regulator@8: Failed to register regulator: -517
[    0.927919] +1.05V_RUN_AVDD_HDMI_PLL: Failed to request enable GPIO63: -517
[    0.934765] reg-fixed-voltage regulators:regulator@11: Failed to register regulator: -517
[    0.942939] +5V_HDMI_CON: Failed to request enable GPIO86: -517
[    0.948805] reg-fixed-voltage regulators:regulator@12: Failed to register regulator: -517
[    0.957382] vgaarb: loaded
[    0.959900] SCSI subsystem initialized
[    0.963449] libata version 3.00 loaded.
[    0.967285] usbcore: registered new interface driver usbfs
[    0.972662] usbcore: registered new interface driver hub
[    0.977951] usbcore: registered new device driver usb
[    0.984194] Linux video capture interface: v2.00
[    0.987563] pps_core: LinuxPPS API ver. 1 registered
[    0.992477] pps_core: Software ver. 5.3.6 - Copyright 2005-2007 Rodolfo Giometti <giometti@linux.it>
[    1.001608] PTP clock support registered
[    1.005622] tegra-emc 7001b000.emc: no memory timings for RAM code 0 found in DT
[    1.012858] tegra-emc: probe of 7001b000.emc failed with error -2
[    1.019015] Advanced Linux Sound Architecture Driver Initialized.
[    1.025226] Bluetooth: Core ver 2.22
[    1.028549] NET: Registered protocol family 31
[    1.032950] Bluetooth: HCI device and connection manager initialized
[    1.039290] Bluetooth: HCI socket layer initialized
[    1.044133] Bluetooth: L2CAP socket layer initialized
[    1.049173] Bluetooth: SCO socket layer initialized
[    1.054266] clocksource: Switched to clocksource arch_sys_counter
[    1.091390] NET: Registered protocol family 2
[    1.094213] TCP established hash table entries: 8192 (order: 3, 32768 bytes)
[    1.100897] TCP bind hash table entries: 8192 (order: 4, 65536 bytes)
[    1.107327] TCP: Hash tables configured (established 8192 bind 8192)
[    1.113764] UDP hash table entries: 512 (order: 2, 16384 bytes)
[    1.119504] UDP-Lite hash table entries: 512 (order: 2, 16384 bytes)
[    1.125933] NET: Registered protocol family 1
[    1.130433] RPC: Registered named UNIX socket transport module.
[    1.136045] RPC: Registered udp transport module.
[    1.140715] RPC: Registered tcp transport module.
[    1.145400] RPC: Registered tcp NFSv4.1 backchannel transport module.
[    1.151984] iommu: Adding device regulatory.0 to group 60
[    1.157273] PCI: CLS 0 bytes, default 64
[    1.161775] hw perfevents: enabled with armv7_cortex_a15 PMU driver, 7 counters available
[    1.169506] iommu: Adding device alarmtimer to group 61
[    1.174842] Initialise system trusted keyrings
[    1.178926] workingset: timestamp_bits=30 max_order=19 bucket_order=0
[    1.185764] squashfs: version 4.0 (2009/01/31) Phillip Lougher
[    1.191340] NFS: Registering the id_resolver key type
[    1.196115] Key type id_resolver registered
[    1.200256] Key type id_legacy registered
[    1.205977] Key type asymmetric registered
[    1.208316] Asymmetric key parser 'x509' registered
[    1.213223] bounce: pool size: 64 pages
[    1.217012] io scheduler noop registered (default)
[    1.221750] io scheduler mq-deadline registered
[    1.226262] io scheduler kyber registered
[    1.230888] tegra-xusb-padctl 7009f000.padctl: failed to setup XUSB ports: -517
[    1.243305] tegra-apbdma 60020000.dma: Tegra20 APB DMA driver register 32 channels
[    1.249387] tegra-pmc 7000e400.pmc: i2c-thermtrip node not found, emergency thermal reset disabled.
[    1.258187] Serial: 8250/16550 driver, 4 ports, IRQ sharing disabled
[    1.264341] iommu: Adding device serial8250 to group 62
[    1.270145] console [ttyS0] disabled
[    1.273061] 70006000.serial: ttyS0 at MMIO 0x70006000 (irq = 333, base_baud = 25500000) is a Tegra
[    1.282016] console [ttyS0] enabled
[    1.282016] console [ttyS0] enabled
[    1.288220] bootconsole [earlycon0] disabled
[    1.288220] bootconsole [earlycon0] disabled
[    1.314255] tegra-hdmi 54280000.hdmi: failed to get HDMI regulator
[    1.320806] tegra-dpaux 545c0000.dpaux: failed to get VDD supply: -517
[    1.328263] panel-simple panel: panel supply power not found, using dummy regulator
[    1.339583] loop: module loaded
[    1.343279] as3722 4-0040: AS3722 with revision 0x1 found
[    1.349901] iommu: Adding device as3722-pinctrl to group 63
[    1.356843] iommu: Adding device as3722-regulator to group 64
[    1.364677] as3722-sd2: supplied by +5V_SYS
[    1.369103] as3722-sd3: supplied by +5V_SYS
[    1.373438] +1.35V_LP0(sd3): Bringing 0uV into 1350000-1350000uV
[    1.379630] as3722-sd4: supplied by +5V_SYS
[    1.383966] +1.05V_RUN: Bringing 0uV into 1050000-1050000uV
[    1.389722] as3722-sd5: supplied by +5V_SYS
[    1.395324] as3722-ldo0: supplied by +1.35V_LP0(sd2)
[    1.401064] +1.8V_RUN_CAM: Bringing 0uV into 1800000-1800000uV
[    1.407088] as3722-ldo2: supplied by +1.8V_VDDIO
[    1.412714] as3722-ldo3: supplied by +3.3V_SYS
[    1.417174] +1.00V_LP0_VDD_RTC: Bringing 1100000uV into 1000000-1000000uV
[    1.424751] as3722-ldo4: supplied by +3.3V_SYS
[    1.429350] +3.3V_RUN_CAM: Bringing 0uV into 2800000-2800000uV
[    1.435373] as3722-ldo5: supplied by +1.8V_VDDIO
[    1.440145] +1.2V_RUN_CAM_FRONT: Bringing 0uV into 1200000-1200000uV
[    1.446842] +VDDIO_SDMMC3: Bringing 0uV into 1800000-1800000uV
[    1.452871] as3722-ldo7: supplied by +1.8V_VDDIO
[    1.457653] +1.05V_RUN_CAM_REAR: Bringing 0uV into 1050000-1050000uV
[    1.464199] as3722-ldo9: supplied by +5V_SYS
[    1.468776] +2.8V_RUN_TOUCH: Bringing 0uV into 2800000-2800000uV
[    1.474988] as3722-ldo10: supplied by +5V_SYS
[    1.479503] +2.8V_RUN_CAM_AF: Bringing 0uV into 2800000-2800000uV
[    1.485951] +1.8V_RUN_VPP_FUSE: Bringing 0uV into 1800000-1800000uV
[    1.492465] iommu: Adding device as3722-rtc to group 65
[    1.497748] iommu: Adding device as3722-adc to group 66
[    1.503010] iommu: Adding device as3722-power-off to group 67
[    1.508802] iommu: Adding device as3722-wdt to group 68
[    1.530574] ------------[ cut here ]------------
[    1.535178] kernel BUG at drivers/platform/chrome/cros_ec_proto.c:34!
[    1.541601] Internal error: Oops - BUG: 0 [#1] PREEMPT SMP ARM
[    1.547418] Modules linked in:
[    1.550465] CPU: 0 PID: 1 Comm: swapper/0 Not tainted 4.14.0-next-20171120-215730-ge6016f9 #1
[    1.558968] Hardware name: NVIDIA Tegra SoC (Flattened Device Tree)
[    1.565218] task: ee890740 task.stack: ee8a6000
[    1.569738] PC is at cros_ec_prepare_tx+0x168/0x16c
[    1.574604] LR is at cros_ec_pkt_xfer_spi+0x18/0x474
[    1.579554] pc : [<c06e76b4>]    lr : [<c0556054>]    psr: 20000013
[    1.585804] sp : ee8a7bd8  ip : 00000000  fp : 00000000
[    1.591013] r10: c055603c  r9 : 00000000  r8 : eefe7fb4
[    1.596222] r7 : ee2aaac0  r6 : ee2aaac0  r5 : ee2aaac0  r4 : ee28ee50
[    1.602731] r3 : 0000ffff  r2 : 00000000  r1 : 0000ffff  r0 : ee28ee50
[    1.609242] Flags: nzCv  IRQs on  FIQs on  Mode SVC_32  ISA ARM  Segment none
[    1.616360] Control: 10c5387d  Table: 8000406a  DAC: 00000051
[    1.622089] Process swapper/0 (pid: 1, stack limit = 0xee8a6210)
[    1.628080] Stack: (0xee8a7bd8 to 0xee8a8000)
[    1.632423] 7bc0:                                                       ee28ee50 ee2aaac0
[    1.640581] 7be0: ee2aab50 c0556054 c098c2f4 00000004 ee8a7c5c ee8a7c5c ee2a9800 00000000
[    1.648738] 7c00: c05a25e4 00000000 00000008 00000008 00000000 ee8a7c14 ee8a7c14 00000000
[    1.656896] 7c20: ee8a7c20 ee8a7c20 ee2aab10 ee2aaa40 00000008 00000000 00000000 00000000
[    1.665054] 7c40: c0e91bd0 c023b654 40002800 00000540 eef94bd0 c023dab8 002dc6c0 ee8a7bf0
[    1.673212] 7c60: ee8a7bf0 00000000 c06e74e4 005c5540 3b9aca00 000f4240 00000000 ee8a7ca8
[    1.681369] 7c80: 00000001 00000501 c055603c c0990c90 00000000 ee2aaa80 a0000013 c06e74e4
[    1.689526] 7ca0: ee2aaac0 ee28ee50 ee2aaac0 ee2a9800 ee2aaac0 eefe7fb4 00000000 c055603c
[    1.697683] 7cc0: 00000000 c06e7440 0000400b ee28ee50 ee2aaac0 ee2a9800 0000000c eefe7fb4
[    1.705840] 7ce0: c0fecebc c06e785c 00000000 ee28ee50 ee2a9800 00000000 00000000 eefe7fb4
[    1.713997] 7d00: c0f6c3c8 c0555ae0 ee8a7d14 ee2a9800 00000000 00000001 ee2a9800 ee28ee50
[    1.722154] 7d20: ee2aab50 c0555e90 00000000 00000000 00000000 000007d0 ee2a9800 00000000
[    1.730311] 7d40: c0f6c3b8 c0ffe168 00000000 c05a3028 ee2a9800 c0ffe164 00000000 c053186c
[    1.738469] 7d60: 00000000 ee8a7d98 c0531a18 00000001 c0ffe140 00000000 00000000 c052fe74
[    1.746626] 7d80: ee9f1170 ee22e5b8 ee2a9800 ee2a9834 c0f72ef4 c0531594 ee2a9800 00000001
[    1.754784] 7da0: 00000000 ee2a9800 ee2a9800 c0f72ef4 ee034000 c0530bd8 ee2a9800 00000000
[    1.762942] 7dc0: ee2a9808 c052f21c ee2a9800 c05a5f94 00000000 ee2a9800 ee2a9800 ee034000
[    1.771099] 7de0: 00000000 eea8be10 eefe8004 00000001 00000000 c05a2e7c 002dc6c0 ee034000
[    1.779257] 7e00: eefe7fb4 00000000 ee2a9800 c05a4e1c 00000000 014000c0 00000000 c05a4808
[    1.787415] 7e20: 00000063 002dc6c0 ee034000 ee2aa610 eea8be00 eea8be10 40000000 00000153
[    1.795572] 7e40: 00000000 c05a5340 eefe7d0c ee034350 ee034000 eea8be00 eea8be10 c05a5ecc
[    1.803730] 7e60: 00000000 ee034350 ffffffed eea8be10 fffffdfb c0f73850 00000000 00000000
[    1.811888] 7e80: c0f73850 c0533184 c0533134 eea8be10 c0ffe164 00000000 c0ffe168 c053186c
[    1.820045] 7ea0: eea8be10 c0f73850 eea8be44 00000000 0000010e c0e6b83c c0e00594 c05319e0
[    1.828202] 7ec0: 00000000 c0f73850 c0531934 c052ff10 ee8cc55c eea14934 c0f73850 ee2a5e80
[    1.836359] 7ee0: c0f6a9b8 c0530dac c0c21d54 c0f73850 00000006 c0f73850 00000006 c0e38678
[    1.844517] 7f00: 00000000 c0532560 c0532dd8 c0e8434c 00000006 c0101b8c 00000000 c0cc0234
[    1.852674] 7f20: 00000100 efffcc45 c0cc0234 0000010e efffcc53 c013e920 c0cbed1c 00000000
[    1.860831] 7f40: 00000006 00000006 efffcc45 efffcc4a 00000000 efffcbc0 00000006 c0e6b82c
[    1.868988] 7f60: c0e8434c 00000006 c0e6b830 c0fc2840 0000010e c0e00d94 00000006 00000006
[    1.877146] 7f80: 00000000 c0e00594 00000000 c0989cc8 00000000 00000000 00000000 00000000
[    1.885302] 7fa0: 00000000 c0989cd0 00000000 c0107cf0 00000000 00000000 00000000 00000000
[    1.893460] 7fc0: 00000000 00000000 00000000 00000000 00000000 00000000 00000000 00000000
[    1.901617] 7fe0: 00000000 00000000 00000000 00000000 00000013 00000000 00000000 00000000
[    1.909780] [<c06e76b4>] (cros_ec_prepare_tx) from [<c0556054>] (cros_ec_pkt_xfer_spi+0x18/0x474)
[    1.918635] [<c0556054>] (cros_ec_pkt_xfer_spi) from [<c06e7440>] (send_command+0x20/0xd8)
[    1.926880] [<c06e7440>] (send_command) from [<c06e785c>] (cros_ec_query_all+0x1a4/0x398)
[    1.935039] [<c06e785c>] (cros_ec_query_all) from [<c0555ae0>] (cros_ec_register+0x94/0x21c)
[    1.943457] [<c0555ae0>] (cros_ec_register) from [<c0555e90>] (cros_ec_spi_probe+0x108/0x150)
[    1.951964] [<c0555e90>] (cros_ec_spi_probe) from [<c05a3028>] (spi_drv_probe+0x7c/0xa8)
[    1.960039] [<c05a3028>] (spi_drv_probe) from [<c053186c>] (driver_probe_device+0x250/0x318)
[    1.968459] [<c053186c>] (driver_probe_device) from [<c052fe74>] (bus_for_each_drv+0x44/0x8c)
[    1.976964] [<c052fe74>] (bus_for_each_drv) from [<c0531594>] (__device_attach+0x9c/0x100)
[    1.985210] [<c0531594>] (__device_attach) from [<c0530bd8>] (bus_probe_device+0x84/0x8c)
[    1.993369] [<c0530bd8>] (bus_probe_device) from [<c052f21c>] (device_add+0x380/0x528)
[    2.001268] [<c052f21c>] (device_add) from [<c05a2e7c>] (spi_add_device+0x88/0x130)
[    2.008906] [<c05a2e7c>] (spi_add_device) from [<c05a4e1c>] (spi_register_controller+0x428/0x918)
[    2.017759] [<c05a4e1c>] (spi_register_controller) from [<c05a5340>] (devm_spi_register_controller+0x34/0x70)
[    2.027651] [<c05a5340>] (devm_spi_register_controller) from [<c05a5ecc>] (tegra_spi_probe+0x298/0x35c)
[    2.037024] [<c05a5ecc>] (tegra_spi_probe) from [<c0533184>] (platform_drv_probe+0x50/0xb0)
[    2.045356] [<c0533184>] (platform_drv_probe) from [<c053186c>] (driver_probe_device+0x250/0x318)
[    2.054209] [<c053186c>] (driver_probe_device) from [<c05319e0>] (__driver_attach+0xac/0xb0)
[    2.062626] [<c05319e0>] (__driver_attach) from [<c052ff10>] (bus_for_each_dev+0x54/0x88)
[    2.070784] [<c052ff10>] (bus_for_each_dev) from [<c0530dac>] (bus_add_driver+0xe4/0x1f0)
[    2.078943] [<c0530dac>] (bus_add_driver) from [<c0532560>] (driver_register+0x78/0xf4)
[    2.086931] [<c0532560>] (driver_register) from [<c0101b8c>] (do_one_initcall+0x3c/0x168)
[    2.095093] [<c0101b8c>] (do_one_initcall) from [<c0e00d94>] (kernel_init_freeable+0x10c/0x1d0)
[    2.103774] [<c0e00d94>] (kernel_init_freeable) from [<c0989cd0>] (kernel_init+0x8/0x114)
[    2.111934] [<c0989cd0>] (kernel_init) from [<c0107cf0>] (ret_from_fork+0x14/0x24)
[    2.119486] Code: e2800008 e8bd8070 e7f001f2 e7f001f2 (e7f001f2) 
[    2.125574] ---[ end trace ca7d51013fd3e2f7 ]---
[    2.130202] Kernel panic - not syncing: Attempted to kill init! exitcode=0x0000000b
[    2.130202] 
[    2.139317] CPU1: stopping
[    2.142016] CPU: 1 PID: 0 Comm: swapper/1 Tainted: G      D          4.14.0-next-20171120-215730-ge6016f9 #1
[    2.151819] Hardware name: NVIDIA Tegra SoC (Flattened Device Tree)
[    2.158077] [<c0111130>] (unwind_backtrace) from [<c010c074>] (show_stack+0x10/0x14)
[    2.165804] [<c010c074>] (show_stack) from [<c097639c>] (dump_stack+0x84/0xa4)
[    2.173011] [<c097639c>] (dump_stack) from [<c010f61c>] (handle_IPI+0x18c/0x39c)
[    2.180389] [<c010f61c>] (handle_IPI) from [<c0101430>] (gic_handle_irq+0x88/0x94)
[    2.187940] [<c0101430>] (gic_handle_irq) from [<c010cc4c>] (__irq_svc+0x6c/0xa8)
[    2.195403] Exception stack(0xee8c1f70 to 0xee8c1fb8)
[    2.200440] 1f60:                                     00000001 00000000 ee8c1fc8 c011a420
[    2.208598] 1f80: 00000002 c0f04cdc 00000000 c0f04c68 00000000 c0e8d2b8 00000000 c0f04cec
[    2.216755] 1fa0: 2e114000 ee8c1fc0 c0108758 c010875c 60000013 ffffffff
[    2.223354] [<c010cc4c>] (__irq_svc) from [<c010875c>] (arch_cpu_idle+0x30/0x3c)
[    2.230735] [<c010875c>] (arch_cpu_idle) from [<c0162508>] (do_idle+0x140/0x204)
[    2.238114] [<c0162508>] (do_idle) from [<c0162854>] (cpu_startup_entry+0x18/0x1c)
[    2.245666] [<c0162854>] (cpu_startup_entry) from [<801018ac>] (0x801018ac)
[    2.252610] CPU2: stopping
[    2.255309] CPU: 2 PID: 0 Comm: swapper/2 Tainted: G      D          4.14.0-next-20171120-215730-ge6016f9 #1
[    2.265112] Hardware name: NVIDIA Tegra SoC (Flattened Device Tree)
[    2.271366] [<c0111130>] (unwind_backtrace) from [<c010c074>] (show_stack+0x10/0x14)
[    2.279092] [<c010c074>] (show_stack) from [<c097639c>] (dump_stack+0x84/0xa4)
[    2.286298] [<c097639c>] (dump_stack) from [<c010f61c>] (handle_IPI+0x18c/0x39c)
[    2.293675] [<c010f61c>] (handle_IPI) from [<c0101430>] (gic_handle_irq+0x88/0x94)
[    2.301226] [<c0101430>] (gic_handle_irq) from [<c010cc4c>] (__irq_svc+0x6c/0xa8)
[    2.308688] Exception stack(0xee8e1f70 to 0xee8e1fb8)
[    2.313725] 1f60:                                     00000001 00000000 ee8e1fc8 c011a420
[    2.321883] 1f80: 00000004 c0f04cdc 00000000 c0f04c68 00000000 c0e8d2b8 00000000 c0f04cec
[    2.330040] 1fa0: 2e125000 ee8e1fc0 c0108758 c010875c 60000013 ffffffff
[    2.336638] [<c010cc4c>] (__irq_svc) from [<c010875c>] (arch_cpu_idle+0x30/0x3c)
[    2.344017] [<c010875c>] (arch_cpu_idle) from [<c0162508>] (do_idle+0x140/0x204)
[    2.351396] [<c0162508>] (do_idle) from [<c0162854>] (cpu_startup_entry+0x18/0x1c)
[    2.358946] [<c0162854>] (cpu_startup_entry) from [<801018ac>] (0x801018ac)
[    2.365888] CPU3: stopping
[    2.368587] CPU: 3 PID: 0 Comm: swapper/3 Tainted: G      D          4.14.0-next-20171120-215730-ge6016f9 #1
[    2.378390] Hardware name: NVIDIA Tegra SoC (Flattened Device Tree)
[    2.384644] [<c0111130>] (unwind_backtrace) from [<c010c074>] (show_stack+0x10/0x14)
[    2.392371] [<c010c074>] (show_stack) from [<c097639c>] (dump_stack+0x84/0xa4)
[    2.399577] [<c097639c>] (dump_stack) from [<c010f61c>] (handle_IPI+0x18c/0x39c)
[    2.406955] [<c010f61c>] (handle_IPI) from [<c0101430>] (gic_handle_irq+0x88/0x94)
[    2.414506] [<c0101430>] (gic_handle_irq) from [<c010cc4c>] (__irq_svc+0x6c/0xa8)
[    2.421968] Exception stack(0xee8e3f70 to 0xee8e3fb8)
[    2.427005] 3f60:                                     00000001 00000000 ee8e3fc8 c011a420
[    2.435163] 3f80: 00000008 c0f04cdc 00000000 c0f04c68 00000000 c0e8d2b8 00000000 c0f04cec
[    2.443319] 3fa0: 2e136000 ee8e3fc0 c0108758 c010875c 60000013 ffffffff
[    2.449917] [<c010cc4c>] (__irq_svc) from [<c010875c>] (arch_cpu_idle+0x30/0x3c)
[    2.457296] [<c010875c>] (arch_cpu_idle) from [<c0162508>] (do_idle+0x140/0x204)
[    2.464675] [<c0162508>] (do_idle) from [<c0162854>] (cpu_startup_entry+0x18/0x1c)
[    2.472226] [<c0162854>] (cpu_startup_entry) from [<801018ac>] (0x801018ac)
[    2.479176] ---[ end Kernel panic - not syncing: Attempted to kill init! exitcode=0x0000000b
[    2.479176] 
[   19.804267] ------------[ cut here ]------------
[   19.808877] WARNING: CPU: 0 PID: 8 at kernel/irq_work.c:68 irq_work_queue_on+0xbc/0xfc
[   19.816774] Modules linked in:
[   19.819820] CPU: 0 PID: 8 Comm: rcu_preempt Tainted: G      D          4.14.0-next-20171120-215730-ge6016f9 #1
[   19.829796] Hardware name: NVIDIA Tegra SoC (Flattened Device Tree)
[   19.836049] [<c0111130>] (unwind_backtrace) from [<c010c074>] (show_stack+0x10/0x14)
[   19.843776] [<c010c074>] (show_stack) from [<c097639c>] (dump_stack+0x84/0xa4)
[   19.850982] [<c097639c>] (dump_stack) from [<c0121ab0>] (__warn+0xe4/0x110)
[   19.857928] [<c0121ab0>] (__warn) from [<c0121b20>] (warn_slowpath_null+0x44/0x4c)
[   19.865479] [<c0121b20>] (warn_slowpath_null) from [<c01d6b74>] (irq_work_queue_on+0xbc/0xfc)
[   19.873987] [<c01d6b74>] (irq_work_queue_on) from [<c0183c80>] (rcu_implicit_dynticks_qs+0x280/0x2a0)
[   19.883185] [<c0183c80>] (rcu_implicit_dynticks_qs) from [<c0182e34>] (force_qs_rnp+0x13c/0x1dc)
[   19.891950] [<c0182e34>] (force_qs_rnp) from [<c0183408>] (rcu_gp_kthread+0x534/0xa58)
[   19.899852] [<c0183408>] (rcu_gp_kthread) from [<c013f1c8>] (kthread+0x11c/0x154)
[   19.907318] [<c013f1c8>] (kthread) from [<c0107cf0>] (ret_from_fork+0x14/0x24)
[   19.914520] ---[ end trace ca7d51013fd3e2f8 ]---
