

U-Boot 2011.03 (Jun 11 2013 - 06:07:37)

T114
Board: NVIDIA Dalmore
DRAM:  2 GiB
MMC:   Tegra2 SD/MMC: 0, Tegra2 SD/MMC: 1
In:    serial
Out:   serial
Err:   serial
Net:   Net Initialization Skipped
No ethernet found.
Hit any key to stop autoboot:  2  1  0 
Dalmore #
Dalmore #usb reset
(Re)start USB...
USB:   Register 10011 NbrPorts 1
USB EHCI 1.10
scanning bus for devices... 2 USB Device(s) found
       scanning bus for storage devices... 0 Storage Device(s) found
       scanning bus for ethernet devices... 1 Ethernet Device(s) found
Dalmore #setenv bootargs 'ignore_loglevel console=ttyS0,115200n8 rw root=/dev/mmcblk0p1 rootwait gpt debug init=/bin/bash'
Dalmore #setenv ipaddr 192.168.100.100; setenv serverip 192.168.100.1; setenv tftpserverip 192.168.100.1
Dalmore #tftpboot 0x81000000 zImage.tegra_defconfig%tegra114_mergeconfig
Waiting for Ethernet connection... done.
Using asx0 device
TFTP from server 192.168.100.1; our IP address is 192.168.100.100
Filename 'zImage.tegra_defconfig%tegra114_mergeconfig'.
Load address: 0x81000000
Loading: *#################################################  2.8 MiB/s
done
Bytes transferred = 4159256 (3f7718 hex)
Dalmore #tftpboot 0x82000000 tegra114-dalmore.dtb
Using asx0 device
TFTP from server 192.168.100.1; our IP address is 192.168.100.100
Filename 'tegra114-dalmore.dtb'.
Load address: 0x82000000
Loading: *#################################################  2.5 MiB/s
done
Bytes transferred = 31442 (7ad2 hex)
Dalmore #bootz 0x81000000 - 0x82000000
## Flattened Device Tree blob at 82000000
   Booting using the fdt blob at 0x82000000
   Loading Device Tree to 81ff5000, end 81fffad1 ... OK

Starting kernel ...

Timer summary in microseconds:
       Mark    Elapsed  Stage
          0          0  awake
  3,064,410  3,064,410  usb_start
  7,069,287  4,004,877  eth_start
  7,069,285         -2  tftp start
 10,971,158  3,901,873  tftp done
 13,079,528  2,108,370  start_kernel
Uncompressing Linux... done, booting the kernel.
[    0.000000] Booting Linux on physical CPU 0x0
[    0.000000] Initializing cgroup subsys cpu
[    0.000000] Initializing cgroup subsys cpuacct
[    0.000000] Linux version 3.13.0-rc4-next-20131217-30091-g26b7da5 (pwalmsley@kaivo) (gcc version 4.7.3 20130328 (prerelease) (crosstool-NG linaro-1.13.1-4.7-2013.04-20130415 - Linaro GCC 2013.04) ) #1 SMP PREEMPT Mon Dec 16 22:51:16 PST 2013
[    0.000000] CPU: ARMv7 Processor [412fc0f2] revision 2 (ARMv7), cr=10c5387d
[    0.000000] CPU: PIPT / VIPT nonaliasing data cache, PIPT instruction cache
[    0.000000] Machine model: NVIDIA Tegra114 Dalmore evaluation board
[    0.000000] debug: ignoring loglevel setting.
[    0.000000] cma: CMA: reserved 16 MiB at ae800000
[    0.000000] Memory policy: Data cache writealloc
[    0.000000] On node 0 totalpages: 524032
[    0.000000] free_area_init_node: node 0, pgdat c07e2d80, node_mem_map c083b000
[    0.000000]   Normal zone: 1520 pages used for memmap
[    0.000000]   Normal zone: 0 pages reserved
[    0.000000]   Normal zone: 194560 pages, LIFO batch:31
[    0.000000]   HighMem zone: 2574 pages used for memmap
[    0.000000]   HighMem zone: 329472 pages, LIFO batch:31
[    0.000000] Tegra Revision: A01 SKU: 0 CPU Process: 1 Core Process: 1
[    0.000000] PERCPU: Embedded 8 pages/cpu @c1854000 s9024 r8192 d15552 u32768
[    0.000000] pcpu-alloc: s9024 r8192 d15552 u32768 alloc=8*4096
[    0.000000] pcpu-alloc: [0] 0 [0] 1 [0] 2 [0] 3 
[    0.000000] Built 1 zonelists in Zone order, mobility grouping on.  Total pages: 522512
[    0.000000] Kernel command line: ignore_loglevel console=ttyS0,115200n8 rw root=/dev/mmcblk0p1 rootwait gpt debug init=/bin/bash
[    0.000000] PID hash table entries: 4096 (order: 2, 16384 bytes)
[    0.000000] Dentry cache hash table entries: 131072 (order: 7, 524288 bytes)
[    0.000000] Inode-cache hash table entries: 65536 (order: 6, 262144 bytes)
[    0.000000] Memory: 2053824K/2096128K available (5664K kernel code, 305K rwdata, 1840K rodata, 232K init, 343K bss, 42304K reserved, 1317888K highmem)
[    0.000000] Virtual kernel memory layout:
[    0.000000]     vector  : 0xffff0000 - 0xffff1000   (   4 kB)
[    0.000000]     fixmap  : 0xfff00000 - 0xfffe0000   ( 896 kB)
[    0.000000]     vmalloc : 0xf0000000 - 0xff000000   ( 240 MB)
[    0.000000]     lowmem  : 0xc0000000 - 0xef800000   ( 760 MB)
[    0.000000]     pkmap   : 0xbfe00000 - 0xc0000000   (   2 MB)
[    0.000000]     modules : 0xbf000000 - 0xbfe00000   (  14 MB)
[    0.000000]       .text : 0xc0008000 - 0xc075c724   (7506 kB)
[    0.000000]       .init : 0xc075d000 - 0xc0797340   ( 233 kB)
[    0.000000]       .data : 0xc0798000 - 0xc07e44e0   ( 306 kB)
[    0.000000]        .bss : 0xc07e44ec - 0xc083a380   ( 344 kB)
[    0.000000] Preemptible hierarchical RCU implementation.
[    0.000000] NR_IRQS:16 nr_irqs:16 16
[    0.000000] sched_clock: 32 bits at 1000kHz, resolution 1000ns, wraps every 2147483648000ns
[    0.000000] Architected cp15 timer(s) running at 12.00MHz (virt).
[    0.000000] sched_clock: 56 bits at 12MHz, resolution 83ns, wraps every 2863311536128ns
[    0.000000] Switching to timer-based delay loop
[    0.000000] Console: colour dummy device 80x30
[    0.000472] Calibrating delay loop (skipped), value calculated using timer frequency.. 24.00 BogoMIPS (lpj=120000)
[    0.000487] pid_max: default: 32768 minimum: 301
[    0.000905] Mount-cache hash table entries: 512
[    0.020279] Initializing cgroup subsys debug
[    0.020295] Initializing cgroup subsys freezer
[    0.020360] CPU: Testing write buffer coherency: ok
[    0.020693] /cpus/cpu@0 missing clock-frequency property
[    0.020716] /cpus/cpu@1 missing clock-frequency property
[    0.020738] /cpus/cpu@2 missing clock-frequency property
[    0.020762] /cpus/cpu@3 missing clock-frequency property
[    0.020775] CPU0: thread -1, cpu 0, socket 0, mpidr 80000000
[    0.020801] Setting up static identity map for 0x8055f008 - 0x8055f0a0
[    0.080925] CPU1: Booted secondary processor
[    0.080954] CPU1: thread -1, cpu 1, socket 0, mpidr 80000001
[    0.100912] CPU2: Booted secondary processor
[    0.100937] CPU2: thread -1, cpu 2, socket 0, mpidr 80000002
[    0.120914] CPU3: Booted secondary processor
[    0.120939] CPU3: thread -1, cpu 3, socket 0, mpidr 80000003
[    0.121109] Brought up 4 CPUs
[    0.121136] SMP: Total of 4 processors activated.
[    0.121144] CPU: All CPU(s) started in SVC mode.
[    0.122172] devtmpfs: initialized
[    0.135191] VFP support v0.3: implementor 41 architecture 4 part 30 variant f rev 0
[    0.135917] pinctrl core: initialized pinctrl subsystem
[    0.136666] regulator-dummy: no parameters
[    0.137569] NET: Registered protocol family 16
[    0.138893] DMA: preallocated 256 KiB pool for atomic coherent allocations
[    0.140058] cpuidle: using governor ladder
[    0.140070] cpuidle: using governor menu
[    0.154530] No ATAGs?
[    0.154560] hw-breakpoint: found 5 (+1 reserved) breakpoint and 4 watchpoint registers.
[    0.154571] hw-breakpoint: maximum watchpoint size is 8 bytes.
[    0.171840] bio: create slab <bio-0> at 0
[    0.173392] vdd_ac_bat: 5000 mV 
[    0.173869] dvdd_ts: Failed to request enable GPIO61: -517
[    0.174034] reg-fixed-voltage 1.regulator: Failed to register regulator: -517
[    0.174059] platform 1.regulator: Driver reg-fixed-voltage requests probe deferral
[    0.174394] lcd_bl_en: Failed to request enable GPIO58: -517
[    0.174544] reg-fixed-voltage 2.regulator: Failed to register regulator: -517
[    0.174566] platform 2.regulator: Driver reg-fixed-voltage requests probe deferral
[    0.174902] usb1_vbus: Failed to request enable GPIO108: -517
[    0.175050] reg-fixed-voltage 3.regulator: Failed to register regulator: -517
[    0.175073] platform 3.regulator: Driver reg-fixed-voltage requests probe deferral
[    0.175408] usb2_vbus: Failed to request enable GPIO86: -517
[    0.175555] reg-fixed-voltage 4.regulator: Failed to register regulator: -517
[    0.175578] platform 4.regulator: Driver reg-fixed-voltage requests probe deferral
[    0.175911] vdd_hdmi_5v0: Failed to request enable GPIO81: -517
[    0.176059] reg-fixed-voltage 5.regulator: Failed to register regulator: -517
[    0.176080] platform 5.regulator: Driver reg-fixed-voltage requests probe deferral
[    0.176178] platform 6.regulator: Driver reg-fixed-voltage requests probe deferral
[    0.177520] vgaarb: loaded
[    0.178796] SCSI subsystem initialized
[    0.179375] usbcore: registered new interface driver usbfs
[    0.179528] usbcore: registered new interface driver hub
[    0.179711] usbcore: registered new device driver usb
[    0.184802] vdd-cpu: 500 <--> 1520 mV at 1100 mV 
[    0.185556] tps65090 1-0048: No cache defaults, reading back from HW
[    0.192191] vdd-sys-5v0: no parameters
[    0.192270] vdd-sys-5v0: supplied by vdd_ac_bat
[    0.193836] vdd-sys-3v3: no parameters
[    0.193905] vdd-sys-3v3: supplied by vdd_ac_bat
[    0.195464] vdd-ao: no parameters
[    0.195535] vdd-ao: supplied by vdd_ac_bat
[    0.195906] vdd-lcd-bl: no parameters
[    0.195976] vdd-lcd-bl: supplied by vdd_ac_bat
[    0.196353] TPS65090_RAILSFET2: no parameters
[    0.196423] TPS65090_RAILSFET2: supplied by vdd_ac_bat
[    0.196793] vdd-modem-3v3: no parameters
[    0.196861] vdd-modem-3v3: supplied by vdd-sys-3v3
[    0.197234] avdd-lcd: no parameters
[    0.197300] avdd-lcd: supplied by vdd-sys-3v3
[    0.197669] vdd-lvds: no parameters
[    0.197734] vdd-lvds: supplied by vdd-sys-3v3
[    0.198112] vdd-sd-slot: no parameters
[    0.198178] vdd-sd-slot: supplied by vdd-sys-3v3
[    0.198543] vdd-com-3v3: no parameters
[    0.198609] vdd-com-3v3: supplied by vdd-sys-3v3
[    0.198998] vdd-sby-5v0: no parameters
[    0.199055] vdd-sby-5v0: supplied by vdd_ac_bat
[    0.199416] vdd-sby-3v3: no parameters
[    0.199473] vdd-sby-3v3: supplied by vdd_ac_bat
[    0.199918] genirq: Setting trigger mode 8 for irq 118 failed (gic_set_type+0x0/0xf0)
[    0.200457] palmas 1-0058: Irq flag is 0x00000000
[    0.215010] palmas 1-0058: Muxing GPIO ff, PWM 0, LED 0
[    0.224306] vddio-ddr: 1350 mV 
[    0.225215] vddio-ddr: supplied by vdd-ao
[    0.232315] vddio-1v8: 1800 mV 
[    0.233220] vddio-1v8: supplied by vdd-ao
[    0.240314] vdd-core: 900 <--> 1400 mV at 1100 mV 
[    0.241221] vdd-core: supplied by vdd-sys-3v3
[    0.245532] SMPS6: no parameters
[    0.253455] avdd-pll: 1050 mV 
[    0.254365] avdd-pll: supplied by vdd-sys-3v3
[    0.262802] sdhci-vdd-sd-slot: 2800 mV 
[    0.263721] sdhci-vdd-sd-slot: supplied by vdd-sys-3v3
[    0.265683] SMPS10_OUT2: at 5000 mV 
[    0.267660] SMPS10_OUT1: at 5000 mV 
[    0.270466] avdd-cam1: 2800 mV 
[    0.271360] avdd-cam1: supplied by vdd-sys-3v3
[    0.275496] avdd-cam2: 2800 mV 
[    0.276390] avdd-cam2: supplied by vdd-sys-3v3
[    0.281301] avdd-dsi-csi: 1200 mV 
[    0.282197] avdd-dsi-csi: supplied by vddio-1v8
[    0.287114] vpp-fuse: 1800 mV 
[    0.288007] vpp-fuse: supplied by vdd-sys-3v3
[    0.291346] LDO5: at 1200 mV 
[    0.292246] LDO5: supplied by vdd_ac_bat
[    0.294996] vdd-sensor-2v85: 2850 mV 
[    0.295892] vdd-sensor-2v85: supplied by vdd-sys-3v3
[    0.300035] vdd-af-cam1: 2800 mV 
[    0.300942] vdd-af-cam1: supplied by vdd-sys-3v3
[    0.309182] vdd-rtc: 900 mV 
[    0.310079] vdd-rtc: supplied by vdd-ao
[    0.314204] vddio-sdmmc-2: 1800 <--> 3300 mV at 3300 mV 
[    0.315112] vddio-sdmmc-2: supplied by sdhci-vdd-sd-slot
[    0.320009] hvdd-usb: 3300 mV 
[    0.320905] hvdd-usb: supplied by vdd-sys-5v0
[    0.325845] avdd-usb: 3300 mV 
[    0.326741] avdd-usb: supplied by vdd-sys-5v0
[    0.330074] rail-3v3: no parameters
[    0.332615] rail-5v0: no parameters
[    0.334326] REGEN3: no parameters
[    0.334676] SYSEN1: no parameters
[    0.335027] SYSEN2: no parameters
[    0.335848] Linux video capture interface: v2.00
[    0.336574] platform 70019010.iommu: Driver tegra-smmu requests probe deferral
[    0.336949] Advanced Linux Sound Architecture Driver Initialized.
[    0.338214] Bluetooth: Core ver 2.18
[    0.338293] NET: Registered protocol family 31
[    0.338301] Bluetooth: HCI device and connection manager initialized
[    0.338325] Bluetooth: HCI socket layer initialized
[    0.338347] Bluetooth: L2CAP socket layer initialized
[    0.338406] Bluetooth: SCO socket layer initialized
[    0.339090] cfg80211: Calling CRDA to update world regulatory domain
[    0.339786] Switched to clocksource arch_sys_counter
[    0.361404] NET: Registered protocol family 2
[    0.362315] TCP established hash table entries: 8192 (order: 3, 32768 bytes)
[    0.362424] TCP bind hash table entries: 8192 (order: 4, 65536 bytes)
[    0.362611] TCP: Hash tables configured (established 8192 bind 8192)
[    0.363026] TCP: reno registered
[    0.363042] UDP hash table entries: 512 (order: 2, 16384 bytes)
[    0.363085] UDP-Lite hash table entries: 512 (order: 2, 16384 bytes)
[    0.363523] NET: Registered protocol family 1
[    0.364244] RPC: Registered named UNIX socket transport module.
[    0.364254] RPC: Registered udp transport module.
[    0.364262] RPC: Registered tcp transport module.
[    0.364270] RPC: Registered tcp NFSv4.1 backchannel transport module.
[    0.364282] PCI: CLS 0 bytes, default 64
[    0.369416] bounce pool size: 64 pages
[    0.371136] squashfs: version 4.0 (2009/01/31) Phillip Lougher
[    0.371922] msgmni has been set to 1469
[    0.373533] io scheduler noop registered (default)
[    0.401336] tegra-apbdma 6000a000.dma: Tegra20 APB DMA driver register 32 channels
[    0.402177] Serial: 8250/16550 driver, 4 ports, IRQ sharing disabled
[    0.405504] 70006300.serial: ttyS0 at MMIO 0x70006300 (irq = 122, base_baud = 25500000) is a Tegra
[    1.440149] console [ttyS0] enabled
[    1.444724] [drm] Initialized drm 1.1.0 20060810
[    1.460169] loop: module loaded
[    1.467249] m25p80 spi32766.0: w25q32dw (4096 Kbytes)
[    1.475134] pegasus: v0.9.3 (2013/04/25), Pegasus/Pegasus II USB Ethernet driver
[    1.482673] usbcore: registered new interface driver pegasus
[    1.488492] usbcore: registered new interface driver asix
[    1.494014] usbcore: registered new interface driver ax88179_178a
[    1.500234] usbcore: registered new interface driver cdc_ether
[    1.506167] usbcore: registered new interface driver r815x
[    1.511819] usbcore: registered new interface driver smsc75xx
[    1.517727] usbcore: registered new interface driver smsc95xx
[    1.523607] usbcore: registered new interface driver net1080
[    1.529367] usbcore: registered new interface driver cdc_subset
[    1.535405] usbcore: registered new interface driver zaurus
[    1.541157] usbcore: registered new interface driver cdc_ncm
[    1.546846] ehci_hcd: USB 2.0 'Enhanced' Host Controller (EHCI) Driver
[    1.553377] ehci-pci: EHCI PCI platform driver
[    1.557931] tegra-ehci: Tegra EHCI driver
[    1.562158] platform 7d008000.usb: Driver tegra-ehci requests probe deferral
[    1.569619] usbcore: registered new interface driver cdc_acm
[    1.575286] cdc_acm: USB Abstract Control Model driver for USB modems and ISDN adapters
[    1.583404] usbcore: registered new interface driver cdc_wdm
[    1.589213] usbcore: registered new interface driver usb-storage
[    1.595461] platform 7d008000.usb-phy: Driver tegra-phy requests probe deferral
[    1.603569] mousedev: PS/2 mouse device common for all mice
[    1.621887] palmas-rtc rtc.7: rtc core: registered rtc.7 as rtc0
[    1.632550] tegra_rtc 7000e000.rtc: rtc core: registered 7000e000.rtc as rtc1
[    1.639700] tegra_rtc 7000e000.rtc: Tegra internal Real Time Clock
[    1.647422] sbs-battery 0-000b: sbs_probe: Failed to get device status
[    1.653973] sbs-battery: probe of 0-000b failed with error -121
[    1.679606] sdhci: Secure Digital Host Controller Interface driver
[    1.685807] sdhci: Copyright(c) Pierre Ossman
[    1.690184] sdhci-pltfm: SDHCI platform and OF driver helper
[    1.696289] sdhci-tegra 78000400.sdhci: Got CD GPIO #170.
[    1.702793] sdhci-tegra 78000400.sdhci: dummy supplies not allowed
[    1.708975] mmc0: no vqmmc regulator found
[    1.713102] sdhci-tegra 78000400.sdhci: dummy supplies not allowed
[    1.719282] mmc0: no vmmc regulator found
[    1.723309] mmc0: Invalid maximum block size, assuming 512 bytes
[    1.769807] mmc0: SDHCI controller on 78000400.sdhci [78000400.sdhci] using ADMA
[    1.779418] sdhci-tegra 78000600.sdhci: dummy supplies not allowed
[    1.785619] mmc1: no vqmmc regulator found
[    1.789728] sdhci-tegra 78000600.sdhci: dummy supplies not allowed
[    1.795921] mmc1: no vmmc regulator found
[    1.799947] mmc1: Invalid maximum block size, assuming 512 bytes
[    1.849805] mmc1: SDHCI controller on 78000600.sdhci [78000600.sdhci] using ADMA
[    1.858207] usbcore: registered new interface driver usbhid
[    1.865882] usbhid: USB HID core driver
[    1.982144] mmc1: BKOPS_EN bit is not set
[    2.012777] mmc1: new HS200 MMC card at address 0001
[    2.018494] isa bounce pool size: 16 pages
[    2.022825] mmcblk0: mmc1:0001 SEM32G 29.1 GiB 
[    2.027704] mmcblk0boot0: mmc1:0001 SEM32G partition 1 4.00 MiB
[    2.034009] mmcblk0boot1: mmc1:0001 SEM32G partition 2 4.00 MiB
[    2.040249] mmcblk0rpmb: mmc1:0001 SEM32G partition 3 4.00 MiB
[    2.049056] Primary GPT is invalid, using alternate GPT.
[    2.054490]  mmcblk0: p1 p2 p3 p4 p5
[    2.063860]  mmcblk0boot1: unknown partition table
[    2.071082]  mmcblk0boot0: unknown partition table
[    2.323836] tegra-snd-rt5640 sound.4: ASoC: CPU DAI (null) not registered
[    2.330685] tegra-snd-rt5640 sound.4: snd_soc_register_card failed (-517)
[    2.337510] platform sound.4: Driver tegra-snd-rt5640 requests probe deferral
[    2.346035] TCP: cubic registered
[    2.349623] NET: Registered protocol family 10
[    2.355576] mip6: Mobile IPv6
[    2.358556] sit: IPv6 over IPv4 tunneling driver
[    2.366130] NET: Registered protocol family 17
[    2.370672] NET: Registered protocol family 15
[    2.375274] Bluetooth: RFCOMM socket layer initialized
[    2.380456] Bluetooth: RFCOMM ver 1.11
[    2.384226] Bluetooth: BNEP (Ethernet Emulation) ver 1.3
[    2.389560] Bluetooth: BNEP socket layer initialized
[    2.394540] Bluetooth: HIDP (Human Interface Emulation) ver 1.2
[    2.400492] Bluetooth: HIDP socket layer initialized
[    2.406747] Registering SWP/SWPB emulation handler
[    2.416763] hvdd-usb: disabling
[    2.422832] vdd-af-cam1: disabling
[    2.429255] LDO5: disabling
[    2.435159] vpp-fuse: disabling
[    2.441283] avdd-cam2: disabling
[    2.447271] avdd-cam1: disabling
[    2.454400] vdd-com-3v3: disabling
[    2.458406] vdd-lvds: disabling
[    2.462164] avdd-lcd: disabling
[    2.465946] vdd-lcd-bl: disabling
[    2.471346] dvdd_ts: 1800 mV 
[    2.475157] lcd_bl_en: 5000 mV 
[    2.479188] usb1_vbus: 5000 mV 
[    2.482656] usb1_vbus: supplied by vdd-sys-5v0
[    2.487968] usb2_vbus: 5000 mV 
[    2.491341] usb2_vbus: supplied by vdd-sys-5v0
[    2.496712] vdd_hdmi_5v0: 5000 mV 
[    2.500398] vdd_hdmi_5v0: supplied by vdd-sys-5v0
[    2.508174] vdd_cam_1v8_reg: 1800 mV 
[    2.512597] platform 7d008000.usb: Driver tegra-ehci requests probe deferral
[    2.520538] tegra-snd-rt5640 sound.4: ASoC: CPU DAI (null) not registered
[    2.527388] tegra-snd-rt5640 sound.4: snd_soc_register_card failed (-517)
[    2.534303] platform sound.4: Driver tegra-snd-rt5640 requests probe deferral
[    2.541991] tegra-ehci 7d008000.usb: EHCI Host Controller
[    2.547517] tegra-ehci 7d008000.usb: new USB bus registered, assigned bus number 1
[    2.555838] tegra-ehci 7d008000.usb: irq 129, io mem 0x7d008000
[    2.579854] tegra-ehci 7d008000.usb: USB 2.0 started, EHCI 1.10
[    2.588059] hub 1-0:1.0: USB hub found
[    2.592094] hub 1-0:1.0: 1 port detected
[    2.597428] tegra-snd-rt5640 sound.4: ASoC: CPU DAI (null) not registered
[    2.604386] tegra-snd-rt5640 sound.4: snd_soc_register_card failed (-517)
[    2.611399] platform sound.4: Driver tegra-snd-rt5640 requests probe deferral
[    2.620202] input: gpio-keys.2 as /devices/soc0/gpio-keys.2/input/input0
[    2.628478] tegra-snd-rt5640 sound.4: ASoC: CPU DAI (null) not registered
[    2.635286] palmas-rtc rtc.7: setting system clock to 2000-03-12 09:18:21 UTC (952852701)
[    2.635401] tegra-snd-rt5640 sound.4: snd_soc_register_card failed (-517)
[    2.635427] platform sound.4: Driver tegra-snd-rt5640 requests probe deferral
[    2.672395] ALSA device list:
[    2.675407]   No soundcards found.
[    2.690047] kjournald starting.  Commit interval 5 seconds
[    2.692122] EXT3-fs (mmcblk0p1): using internal journal
[    2.692141] EXT3-fs (mmcblk0p1): recovery complete
[    2.692146] EXT3-fs (mmcblk0p1): mounted filesystem with writeback data mode
[    2.692220] VFS: Mounted root (ext3 filesystem) on device 179:1.
[    2.693377] devtmpfs: mounted
[    2.693652] Freeing unused kernel memory: 232K (c075d000 - c0797000)
bash: cannot set terminal process group (-1): Inappropriate ioctl for device
bash: no job control in this shell
I have no name!@(none):/# [    2.909966] usb 1-1: new high-speed USB device number 2 using tegra-ehci
