
U-Boot SPL 2014.01-00219-gc4d376f (Feb 18 2014 - 19:57:32)


U-Boot 2014.01-00219-gc4d376f (Feb 18 2014 - 19:57:32)

TEGRA114
Board: NVIDIA Dalmore
I2C:   ready
DRAM:  2 GiB
MMC:   Tegra SD/MMC: 0, Tegra SD/MMC: 1
In:    serial
Out:   serial
Err:   serial
Net:   Net Initialization Skipped
No ethernet found.
Hit any key to stop autoboot:  2  0 
Tegra114 (Dalmore) # 
Tegra114 (Dalmore) # usb reset
(Re)start USB...
USB0:   USB EHCI 1.10
scanning bus 0 for devices... 2 USB Device(s) found
       scanning usb for storage devices... 0 Storage Device(s) found
       scanning usb for ethernet devices... 
Warning: asx0 using MAC address from net device
1 Ethernet Device(s) found
Tegra114 (Dalmore) # setenv bootargs 'ignore_loglevel console=ttyS0,115200n8 rw root=PARTUUID=7369c667-ff51-ec4a-29cd-baabf2fbe346 rootwait gpt debug earlyprintk init=/bin/bash'
Tegra114 (Dalmore) # setenv ipaddr 192.168.100.100; setenv serverip 192.168.100.1; setenv tftpserverip 192.168.100.1
Tegra114 (Dalmore) # tftpboot 0x81000000 zImage.tegra_defconfig
Using asx0 device
TFTP from server 192.168.100.1; our IP address is 192.168.100.100
Filename 'zImage.tegra_defconfig'.
Load address: 0x81000000
Loading: *#################################################################
	 #################################################################
	 #################################################################
	 #################################################################
	 #################################################################
	 #################################################################
	 ##################################
	 3 MiB/s
done
Bytes transferred = 6216672 (5edbe0 hex)
Tegra114 (Dalmore) # tftpboot 0x82000000 tegra114-dalmore.dtb
Using asx0 device
TFTP from server 192.168.100.1; our IP address is 192.168.100.100
Filename 'tegra114-dalmore.dtb'.
Load address: 0x82000000
Loading: *###
	 3 MiB/s
done
Bytes transferred = 34502 (86c6 hex)
Tegra114 (Dalmore) # bootz 0x81000000 - 0x82000000
Kernel image @ 0x81000000 [ 0x000000 - 0x5edbe0 ]
## Flattened Device Tree blob at 82000000
   Booting using the fdt blob at 0x82000000
   Loading Device Tree to 8fff4000, end 8ffff6c5 ... OK

Starting kernel ...

[    0.000000] Booting Linux on physical CPU 0x0
[    0.000000] Linux version 4.15.0-rc9-next-20180129-28407-g5f746ff (jonathanh@kaivo) (gcc version 4.7.3 20130328 (prerelease) (crosstool-NG linaro-1.13.1-4.7-2013.04-20130415 - Linaro GCC 2013.04)) #1 SMP PREEMPT Mon Jan 29 01:20:19 PST 2018
[    0.000000] CPU: ARMv7 Processor [412fc0f2] revision 2 (ARMv7), cr=10c5387d
[    0.000000] CPU: div instructions available: patching division code
[    0.000000] CPU: PIPT / VIPT nonaliasing data cache, PIPT instruction cache
[    0.000000] OF: fdt: Machine model: NVIDIA Tegra114 Dalmore evaluation board
[    0.000000] debug: ignoring loglevel setting.
[    0.000000] bootconsole [earlycon0] enabled
[    0.000000] Memory policy: Data cache writealloc
[    0.000000] cma: Reserved 64 MiB at 0xfbc00000
[    0.000000] On node 0 totalpages: 524032
[    0.000000]   Normal zone: 1536 pages used for memmap
[    0.000000]   Normal zone: 0 pages reserved
[    0.000000]   Normal zone: 196608 pages, LIFO batch:31
[    0.000000]   HighMem zone: 327424 pages, LIFO batch:31
[    0.000000] random: fast init done
[    0.000000] percpu: Embedded 17 pages/cpu @(ptrval) s39296 r8192 d22144 u69632
[    0.000000] pcpu-alloc: s39296 r8192 d22144 u69632 alloc=17*4096
[    0.000000] pcpu-alloc: [0] 0 [0] 1 [0] 2 [0] 3 
[    0.000000] Built 1 zonelists, mobility grouping on.  Total pages: 522496
[    0.000000] Kernel command line: ignore_loglevel console=ttyS0,115200n8 rw root=PARTUUID=7369c667-ff51-ec4a-29cd-baabf2fbe346 rootwait gpt debug earlyprintk init=/bin/bash
[    0.000000] Dentry cache hash table entries: 131072 (order: 7, 524288 bytes)
[    0.000000] Inode-cache hash table entries: 65536 (order: 6, 262144 bytes)
[    0.000000] Memory: 1998596K/2096128K available (9216K kernel code, 783K rwdata, 2584K rodata, 1024K init, 298K bss, 31996K reserved, 65536K cma-reserved, 1244160K highmem)
[    0.000000] Virtual kernel memory layout:
[    0.000000]     vector  : 0xffff0000 - 0xffff1000   (   4 kB)
[    0.000000]     fixmap  : 0xffc00000 - 0xfff00000   (3072 kB)
[    0.000000]     vmalloc : 0xf0800000 - 0xff800000   ( 240 MB)
[    0.000000]     lowmem  : 0xc0000000 - 0xf0000000   ( 768 MB)
[    0.000000]     pkmap   : 0xbfe00000 - 0xc0000000   (   2 MB)
[    0.000000]     modules : 0xbf000000 - 0xbfe00000   (  14 MB)
[    0.000000]       .text : 0x(ptrval) - 0x(ptrval)   (10208 kB)
[    0.000000]       .init : 0x(ptrval) - 0x(ptrval)   (1024 kB)
[    0.000000]       .data : 0x(ptrval) - 0x(ptrval)   ( 784 kB)
[    0.000000]        .bss : 0x(ptrval) - 0x(ptrval)   ( 299 kB)
[    0.000000] Preemptible hierarchical RCU implementation.
[    0.000000] 	Tasks RCU enabled.
[    0.000000] NR_IRQS: 16, nr_irqs: 16, preallocated irqs: 16
[    0.000000] /interrupt-controller@60004000: 160 interrupts forwarded to /interrupt-controller@50041000
[    0.000000] Tegra clk 127: register failed with -17
[    0.000009] sched_clock: 32 bits at 1000kHz, resolution 1000ns, wraps every 2147483647500ns
[    0.007648] clocksource: timer_us: mask: 0xffffffff max_cycles: 0xffffffff, max_idle_ns: 1911260446275 ns
[    0.017176] Switching to timer-based delay loop, resolution 1000ns
[    0.024042] arch_timer: cp15 timer(s) running at 12.00MHz (virt).
[    0.029400] clocksource: arch_sys_counter: mask: 0xffffffffffffff max_cycles: 0x2c47f4ee7, max_idle_ns: 440795202497 ns
[    0.040147] sched_clock: 56 bits at 12MHz, resolution 83ns, wraps every 4398046511096ns
[    0.048115] Switching to timer-based delay loop, resolution 83ns
[    0.054590] Console: colour dummy device 80x30
[    0.058532] Calibrating delay loop (skipped), value calculated using timer frequency.. 24.00 BogoMIPS (lpj=120000)
[    0.068841] pid_max: default: 32768 minimum: 301
[    0.073923] Mount-cache hash table entries: 2048 (order: 1, 8192 bytes)
[    0.080026] Mountpoint-cache hash table entries: 2048 (order: 1, 8192 bytes)
[    0.087892] CPU: Testing write buffer coherency: ok
[    0.092188] /cpus/cpu@0 missing clock-frequency property
[    0.097185] /cpus/cpu@1 missing clock-frequency property
[    0.102496] /cpus/cpu@2 missing clock-frequency property
[    0.107760] /cpus/cpu@3 missing clock-frequency property
[    0.113045] CPU0: thread -1, cpu 0, socket 0, mpidr 80000000
[    0.153159] Setting up static identity map for 0x80100000 - 0x801000a0
[    0.157916] Hierarchical SRCU implementation.
[    0.173628] Tegra Revision: A01 SKU: 0 CPU Process: 1 SoC Process: 0
[    0.193188] smp: Bringing up secondary CPUs ...
[    0.243761] CPU1: thread -1, cpu 1, socket 0, mpidr 80000001
[    0.313859] CPU2: thread -1, cpu 2, socket 0, mpidr 80000002
[    0.383959] CPU3: thread -1, cpu 3, socket 0, mpidr 80000003
[    0.384075] smp: Brought up 1 node, 4 CPUs
[    0.403181] SMP: Total of 4 processors activated (96.00 BogoMIPS).
[    0.409332] CPU: All CPU(s) started in SVC mode.
[    0.415797] devtmpfs: initialized
[    0.428928] Built 1 zonelists, mobility grouping on.  Total pages: 516033
[    0.434210] VFP support v0.3: implementor 41 architecture 4 part 30 variant f rev 0
[    0.441808] clocksource: jiffies: mask: 0xffffffff max_cycles: 0xffffffff, max_idle_ns: 19112604462750000 ns
[    0.451255] futex hash table entries: 1024 (order: 4, 65536 bytes)
[    0.457639] pinctrl core: initialized pinctrl subsystem
[    0.463868] NET: Registered protocol family 16
[    0.468293] DMA: preallocated 256 KiB pool for atomic coherent allocations
[    0.475318] cpuidle: using governor menu
[    0.497827] No ATAGs?
[    0.497968] hw-breakpoint: found 5 (+1 reserved) breakpoint and 4 watchpoint registers.
[    0.506330] hw-breakpoint: maximum watchpoint size is 8 bytes.
[    0.513120] tegra-mc 70019000.memory-controller: no memory timings for RAM code 3 registered
[    0.520760] iommu: Adding device 54200000.dc to group 0
[    0.525773] iommu: Adding device 54240000.dc to group 0
[    0.547815] dvdd_ts: Failed to request enable GPIO61: -517
[    0.551426] reg-fixed-voltage regulators:regulator@1: Failed to register regulator: -517
[    0.559563] usb1_vbus: Failed to request enable GPIO108: -517
[    0.565228] reg-fixed-voltage regulators:regulator@3: Failed to register regulator: -517
[    0.573343] usb2_vbus: Failed to request enable GPIO86: -517
[    0.578890] reg-fixed-voltage regulators:regulator@4: Failed to register regulator: -517
[    0.587460] VDD_5V0_HDMI_CON: Failed to request enable GPIO81: -517
[    0.593202] reg-fixed-voltage regulators:regulator@7: Failed to register regulator: -517
[    0.602409] vgaarb: loaded
[    0.604707] SCSI subsystem initialized
[    0.607903] libata version 3.00 loaded.
[    0.611782] usbcore: registered new interface driver usbfs
[    0.617007] usbcore: registered new interface driver hub
[    0.622298] usbcore: registered new device driver usb
[    0.630438] tps65090 2-0048: No cache defaults, reading back from HW
[    0.636838] TPS65090_RAILSDCDC1: supplied by vdd_ac_bat
[    0.641320] TPS65090_RAILSDCDC2: supplied by vdd_ac_bat
[    0.646465] TPS65090_RAILSDCDC3: supplied by vdd_ac_bat
[    0.651158] TPS65090_RAILSFET1: supplied by vdd_ac_bat
[    0.656088] TPS65090_RAILSFET2: supplied by vdd_ac_bat
[    0.661221] TPS65090_RAILSFET3: supplied by vdd-sys-3v3
[    0.666572] TPS65090_RAILSFET4: supplied by vdd-sys-3v3
[    0.671785] TPS65090_RAILSFET5: supplied by vdd-sys-3v3
[    0.676960] TPS65090_RAILSFET6: supplied by vdd-sys-3v3
[    0.682508] TPS65090_RAILSFET7: supplied by vdd-sys-3v3
[    0.687368] TPS65090_RAILSLDO1: supplied by vdd_ac_bat
[    0.692186] TPS65090_RAILSLDO2: supplied by vdd_ac_bat
[    0.697834] palmas 2-0058: Irq flag is 0x00000004
[    0.703912] palmas 2-0058: Muxing GPIO ff, PWM 0, LED 0
[    0.709662] SMPS12: supplied by vdd-ao
[    0.712572] vdd_hdmi_5v0: supplied by vdd-sys-5v0
[    0.717017] SMPS3: supplied by vdd-ao
[    0.721618] SMPS457: supplied by vdd-sys-3v3
[    0.725812] SMPS6: supplied by regulator-dummy
[    0.729964] SMPS8: supplied by vdd-sys-3v3
[    0.734232] SMPS9: supplied by vdd-sys-3v3
[    0.737172] sdhci-vdd-sd-slot: Bringing 2840000uV into 2800000-2800000uV
[    0.744741] SMPS10_OUT2: supplied by regulator-dummy
[    0.749153] SMPS10_OUT1: supplied by regulator-dummy
[    0.754091] LDO1: supplied by vdd-sys-3v3
[    0.758383] LDO2: supplied by vdd-sys-3v3
[    0.762347] LDO3: supplied by vddio-1v8
[    0.766165] LDO4: supplied by vdd-sys-3v3
[    0.770156] LDO5: supplied by vdd_ac_bat
[    0.773605] LDO6: supplied by vdd-sys-3v3
[    0.777383] vdd-sensor-2v85: Bringing 2900000uV into 2850000-2850000uV
[    0.784761] LDO7: supplied by vdd-sys-3v3
[    0.789042] LDO8: supplied by vdd-ao
[    0.791417] vdd-rtc: Bringing 675000uV into 900000-900000uV
[    0.807140] LDO9: supplied by sdhci-vdd-sd-slot
[    0.817464] LDOLN: supplied by vdd-sys-5v0
[    0.820830] LDOUSB: supplied by vdd-sys-5v0
[    0.829791] Linux video capture interface: v2.00
[    0.832581] pps_core: LinuxPPS API ver. 1 registered
[    0.837462] pps_core: Software ver. 5.3.6 - Copyright 2005-2007 Rodolfo Giometti <giometti@linux.it>
[    0.846579] PTP clock support registered
[    0.851063] Advanced Linux Sound Architecture Driver Initialized.
[    0.857177] Bluetooth: Core ver 2.22
[    0.860113] NET: Registered protocol family 31
[    0.864499] Bluetooth: HCI device and connection manager initialized
[    0.870812] Bluetooth: HCI socket layer initialized
[    0.875677] Bluetooth: L2CAP socket layer initialized
[    0.880734] Bluetooth: SCO socket layer initialized
[    0.886190] clocksource: Switched to clocksource arch_sys_counter
[    0.989315] NET: Registered protocol family 2
[    0.992775] tcp_listen_portaddr_hash hash table entries: 512 (order: 0, 6144 bytes)
[    0.999502] TCP established hash table entries: 8192 (order: 3, 32768 bytes)
[    1.006537] TCP bind hash table entries: 8192 (order: 4, 65536 bytes)
[    1.013001] TCP: Hash tables configured (established 8192 bind 8192)
[    1.019676] UDP hash table entries: 512 (order: 2, 16384 bytes)
[    1.025086] UDP-Lite hash table entries: 512 (order: 2, 16384 bytes)
[    1.031723] NET: Registered protocol family 1
[    1.036456] RPC: Registered named UNIX socket transport module.
[    1.041598] RPC: Registered udp transport module.
[    1.046302] RPC: Registered tcp transport module.
[    1.050957] RPC: Registered tcp NFSv4.1 backchannel transport module.
[    1.058041] PCI: CLS 0 bytes, default 64
[    1.063891] Initialise system trusted keyrings
[    1.066634] workingset: timestamp_bits=30 max_order=19 bucket_order=0
[    1.074235] squashfs: version 4.0 (2009/01/31) Phillip Lougher
[    1.089470] NFS: Registering the id_resolver key type
[    1.092630] Key type id_resolver registered
[    1.096839] Key type id_legacy registered
[    1.105781] Key type asymmetric registered
[    1.107999] Asymmetric key parser 'x509' registered
[    1.112958] bounce: pool size: 64 pages
[    1.116725] io scheduler noop registered (default)
[    1.121403] io scheduler mq-deadline registered
[    1.125909] io scheduler kyber registered
[    1.147437] tegra-apbdma 6000a000.dma: Tegra20 APB DMA driver register 32 channels
[    1.154282] tegra-pmc 7000e400.pmc: i2c-thermtrip node not found, emergency thermal reset disabled.
[    1.162723] Serial: 8250/16550 driver, 4 ports, IRQ sharing disabled
[    1.170424] console [ttyS0] disabled
[    1.172139] 70006300.serial: ttyS0 at MMIO 0x70006300 (irq = 329, base_baud = 25500000) is a Tegra
[    1.181166] console [ttyS0] enabled
[    1.181166] console [ttyS0] enabled
[    1.187285] bootconsole [earlycon0] disabled
[    1.187285] bootconsole [earlycon0] disabled
[    1.215219] tegra-hdmi 54280000.hdmi: failed to get HDMI regulator
[    1.240887] loop: module loaded
[    1.255561] m25p80 spi0.0: w25q32dw (4096 Kbytes)
[    1.262474] libphy: Fixed MDIO Bus: probed
[    1.266608] CAN device driver interface
[    1.270494] igb: Intel(R) Gigabit Ethernet Network Driver - version 5.4.0-k
[    1.277469] igb: Copyright (c) 2007-2014 Intel Corporation.
[    1.283174] pegasus: v0.9.3 (2013/04/25), Pegasus/Pegasus II USB Ethernet driver
[    1.290648] usbcore: registered new interface driver pegasus
[    1.296417] usbcore: registered new interface driver asix
[    1.301865] usbcore: registered new interface driver ax88179_178a
[    1.308032] usbcore: registered new interface driver cdc_ether
[    1.313924] usbcore: registered new interface driver smsc75xx
[    1.319757] usbcore: registered new interface driver smsc95xx
[    1.325560] usbcore: registered new interface driver net1080
[    1.331292] usbcore: registered new interface driver cdc_subset
[    1.337285] usbcore: registered new interface driver zaurus
[    1.342921] usbcore: registered new interface driver cdc_ncm
[    1.348838] tegra-phy 7d000000.usb-phy: no vbus regulator
[    1.354701] ehci_hcd: USB 2.0 'Enhanced' Host Controller (EHCI) Driver
[    1.361248] ehci-pci: EHCI PCI platform driver
[    1.365755] tegra-ehci: Tegra EHCI driver
[    1.370449] usbcore: registered new interface driver cdc_acm
[    1.376101] cdc_acm: USB Abstract Control Model driver for USB modems and ISDN adapters
[    1.384171] usbcore: registered new interface driver cdc_wdm
[    1.389920] usbcore: registered new interface driver usb-storage
[    1.408074] palmas-rtc 7000d000.i2c:tps65913@58:rtc: rtc core: registered 7000d000.i2c:tps65913@58:rtc as rtc0
[    1.419619] tegra_rtc 7000e000.rtc: rtc core: registered 7000e000.rtc as rtc1
[    1.426831] tegra_rtc 7000e000.rtc: Tegra internal Real Time Clock
[    1.433323] i2c /dev entries driver
[    1.437783] usbcore: registered new interface driver uvcvideo
[    1.443522] USB Video Class driver (1.1.1)
[    1.447638] gspca_main: v2.14.0 registered
[    1.452659] sbs-battery 0-000b: sbs_probe: Failed to get device status
[    1.459218] sbs-battery: probe of 0-000b failed with error -121
[    1.470378] tegra-wdt 60005000.timer: initialized (heartbeat = 120 sec, nowayout = 0)
[    1.478988] sdhci: Secure Digital Host Controller Interface driver
[    1.485159] sdhci: Copyright(c) Pierre Ossman
[    1.489532] sdhci-pltfm: SDHCI platform and OF driver helper
[    1.495489] sdhci-tegra 78000400.sdhci: Got CD GPIO
[    1.500406] sdhci-tegra 78000400.sdhci: Got WP GPIO
[    1.513534] mmc0: Invalid maximum block size, assuming 512 bytes
[    1.550870] mmc0: SDHCI controller on 78000400.sdhci [78000400.sdhci] using ADMA
[    1.565725] mmc1: Invalid maximum block size, assuming 512 bytes
[    1.600739] mmc1: SDHCI controller on 78000600.sdhci [78000600.sdhci] using ADMA
[    1.609130] usbcore: registered new interface driver usbhid
[    1.614733] usbhid: USB HID core driver
[    1.658063] mmc1: new high speed MMC card at address 0001
[    1.669446] mmcblk1: mmc1:0001 SEM32G 29.1 GiB 
[    1.677132] mmc0: new high speed SDHC card at address aaaa
[    1.688541] mmcblk1boot0: mmc1:0001 SEM32G partition 1 4.00 MiB
[    1.698010] mmcblk0: mmc0:aaaa SL16G 14.8 GiB 
[    1.706577] mmcblk1boot1: mmc1:0001 SEM32G partition 2 4.00 MiB
[    1.712721] mmcblk1rpmb: mmc1:0001 SEM32G partition 3 4.00 MiB, chardev (247:0)
[    1.723234]  mmcblk1: p1 p2 p3 p4 p5 p6 p7 p8
[    1.730230]  mmcblk0: p1 p2 p3
[    2.049981] tegra30-i2s 70080400.i2s: DMA channels sourced from device 70080000.ahub
[    2.066610] tegra-snd-rt5640 sound: rt5640-aif1 <-> 70080400.i2s mapping ok
[    2.078342] input: NVIDIA Tegra Dalmore Headphones as /devices/soc0/sound/sound/card0/input0
[    2.089193] NET: Registered protocol family 10
[    2.095037] Segment Routing with IPv6
[    2.098905] mip6: Mobile IPv6
[    2.101873] sit: IPv6, IPv4 and MPLS over IPv4 tunneling driver
[    2.109357] NET: Registered protocol family 17
[    2.113815] NET: Registered protocol family 15
[    2.118278] can: controller area network core (rev 20170425 abi 9)
[    2.124663] NET: Registered protocol family 29
[    2.129122] can: raw protocol (rev 20170425)
[    2.133388] can: broadcast manager protocol (rev 20170425 t)
[    2.139064] can: netlink gateway (rev 20170425) max_hops=1
[    2.144738] Bluetooth: RFCOMM socket layer initialized
[    2.149917] Bluetooth: RFCOMM ver 1.11
[    2.153675] Bluetooth: BNEP (Ethernet Emulation) ver 1.3
[    2.159005] Bluetooth: BNEP socket layer initialized
[    2.163963] Bluetooth: HIDP (Human Interface Emulation) ver 1.2
[    2.169899] Bluetooth: HIDP socket layer initialized
[    2.175074] Key type dns_resolver registered
[    2.179862] Registering SWP/SWPB emulation handler
[    2.185462] Loading compiled-in X.509 certificates
[    2.209772] usb1_vbus: supplied by vdd-sys-5v0
[    2.214863] usb2_vbus: supplied by vdd-sys-5v0
[    2.221057] VDD_5V0_HDMI_CON: supplied by vdd-sys-5v0
[    2.230361] [drm] Supports vblank timestamp caching Rev 2 (21.10.2013).
[    2.237044] [drm] No driver support for vblank timestamp query.
[    2.338726] Console: switching to colour frame buffer device 240x75
[    2.377242] drm drm: fb0:  frame buffer device
[    2.381857] [drm] Initialized tegra 0.0.0 20120330 for drm on minor 0
[    2.389498] tegra-ehci 7d008000.usb: EHCI Host Controller
[    2.394919] tegra-ehci 7d008000.usb: new USB bus registered, assigned bus number 1
[    2.402783] alloc_contig_range: [fbc4b, fbc4c) PFNs busy
[    2.408301] alloc_contig_range: [fbc60, fbc61) PFNs busy
[    2.413788] alloc_contig_range: [fbc61, fbc62) PFNs busy
[    2.419309] alloc_contig_range: [fbc62, fbc63) PFNs busy
[    2.424796] alloc_contig_range: [fbc63, fbc64) PFNs busy
[    2.430308] alloc_contig_range: [fbc64, fbc65) PFNs busy
[    2.435805] alloc_contig_range: [fbc65, fbc66) PFNs busy
[    2.441317] alloc_contig_range: [fbc66, fbc67) PFNs busy
[    2.446826] alloc_contig_range: [fbc67, fbc68) PFNs busy
[    2.452322] alloc_contig_range: [fbc68, fbc69) PFNs busy
[    2.947929] tegra-ehci 7d008000.usb: irq 340, io mem 0x7d008000
[    2.976330] tegra-ehci 7d008000.usb: USB 2.0 started, EHCI 1.10
[    2.983522] hub 1-0:1.0: USB hub found
[    2.987432] hub 1-0:1.0: 1 port detected
[    2.992718] input: gpio-keys as /devices/soc0/gpio-keys/input/input1
[    3.001595] palmas-rtc 7000d000.i2c:tps65913@58:rtc: setting system clock to 2000-06-21 16:24:06 UTC (961604646)
[    3.012099] cfg80211: Loading compiled-in X.509 certificates for regulatory database
[    3.023587] cfg80211: Loaded X.509 cert 'sforshee: 00b28ddf47aef9cea7'
[    3.030439] platform regulatory.0: Direct firmware load for regulatory.db failed with error -2
[    3.039148] cfg80211: failed to load regulatory.db
[    3.045751] dvdd_ts: disabling
[    3.048883] usb1_vbus: disabling
[    3.052124] vdd_cam_1v8_reg: disabling
[    3.055875] ALSA device list:
[    3.058957]   #0: NVIDIA Tegra Dalmore
[    3.064244] EXT4-fs (mmcblk1p1): mounting ext3 file system using the ext4 subsystem
[    3.095882] EXT4-fs (mmcblk1p1): recovery complete
[    3.100766] EXT4-fs (mmcblk1p1): mounted filesystem with ordered data mode. Opts: (null)
[    3.108977] VFS: Mounted root (ext3 filesystem) on device 179:1.
[    3.121049] devtmpfs: mounted
[    3.125060] Freeing unused kernel memory: 1024K
bash: cannot set terminal process group (-1): Inappropriate ioctl for device
bash: no job control in this shell
root@(none):/# [    3.366358] usb 1-1: new high-speed USB device number 2 using tegra-ehci
[    4.051872] asix 1-1:1.0 eth0: register 'asix' at usb-7d008000.usb-1, ASIX AX88772 USB 2.0 Ethernet, 00:50:b6:0d:b5:16
mount -t sysfs none /sys
root@(none):/# 
root@(none):/# mount -t debugfs none /sys/kernel/debug
root@(none):/# 
root@(none):/# rtcwake -d rtc1 -m mem -s 3
rtcwake: assuming RTC uses UTC ...
rtcwake: wakeup from "mem" using /dev/rtc1 at Thu Jan  1 00:00:21 1970
[    6.258669] PM: suspend entry (deep)
[    6.262248] PM: Syncing filesystems ... done.
[    6.268894] Freezing user space processes ... (elapsed 0.001 seconds) done.
[    6.270103] OOM killer disabled.
[    6.270108] Freezing remaining freezable tasks ... (elapsed 0.001 seconds) done.
[    6.271431] Suspending console(s) (use no_console_suspend to debug)
[    6.424673] Disabling non-boot CPUs ...
[    6.536637] IRQ17 no longer affine to CPU2
[    6.597707] Entering suspend state LP1
[    6.597754] Enabling non-boot CPUs ...
[    6.599423] CPU1 is up
[    6.600993] CPU2 is up
[    6.602728] CPU3 is up
[    7.242904] OOM killer enabled.
[    7.246041] Restarting tasks ... done.
root@(none):/# 
root@(none):/# [    7.250781] PM: suspend exit
rtcwake -d rtc1 -m mem -s 3
rtcwake: assuming RTC uses UTC ...
rtcwake: wakeup from "mem" using /dev/rtc1 at Thu Jan  1 00:00:30 1970
[    7.660870] PM: suspend entry (deep)
[    7.664448] PM: Syncing filesystems ... done.
[    7.669710] Freezing user space processes ... (elapsed 0.001 seconds) done.
[    7.671027] OOM killer disabled.
[    7.671032] Freezing remaining freezable tasks ... (elapsed 0.001 seconds) done.
[    7.672384] Suspending console(s) (use no_console_suspend to debug)
[    7.813642] Disabling non-boot CPUs ...
[    7.846637] IRQ17 no longer affine to CPU1
[    7.957491] Entering suspend state LP1
[    7.957538] Enabling non-boot CPUs ...
[    7.959233] CPU1 is up
[    7.960808] CPU2 is up
[    7.962558] CPU3 is up
[    8.601238] OOM killer enabled.
[    8.604375] Restarting tasks ... done.
root@(none):/# 
root@(none):/# [    8.609055] PM: suspend exit
rtcwake -d rtc1 -m mem -s 3
rtcwake: assuming RTC uses UTC ...
rtcwake: wakeup from "mem" using /dev/rtc1 at Thu Jan  1 00:00:39 1970
[    9.020797] PM: suspend entry (deep)
[    9.024375] PM: Syncing filesystems ... done.
[    9.029867] Freezing user space processes ... (elapsed 0.001 seconds) done.
[    9.031165] OOM killer disabled.
[    9.031170] Freezing remaining freezable tasks ... (elapsed 0.001 seconds) done.
[    9.032527] Suspending console(s) (use no_console_suspend to debug)
[    9.174411] Disabling non-boot CPUs ...
[    9.286560] IRQ17 no longer affine to CPU2
[    9.327482] Entering suspend state LP1
[    9.327528] Enabling non-boot CPUs ...
[    9.329218] CPU1 is up
[    9.330792] CPU2 is up
[    9.332544] CPU3 is up
[    9.971527] OOM killer enabled.
[    9.974663] Restarting tasks ... done.
root@(none):/# 
root@(none):/# [    9.979328] PM: suspend exit
rtcwake -d rtc1 -m mem -s 3
rtcwake: assuming RTC uses UTC ...
rtcwake: wakeup from "mem" using /dev/rtc1 at Thu Jan  1 00:00:48 1970
[   10.388031] PM: suspend entry (deep)
[   10.391611] PM: Syncing filesystems ... done.
[   10.397101] Freezing user space processes ... (elapsed 0.001 seconds) done.
[   10.398401] OOM killer disabled.
[   10.398406] Freezing remaining freezable tasks ... (elapsed 0.001 seconds) done.
[   10.399763] Suspending console(s) (use no_console_suspend to debug)
[   10.544188] Disabling non-boot CPUs ...
[   10.626506] IRQ17 no longer affine to CPU2
[   10.687424] Entering suspend state LP1
[   10.687471] Enabling non-boot CPUs ...
[   10.689166] CPU1 is up
[   10.690744] CPU2 is up
[   10.692496] CPU3 is up
[   11.332808] OOM killer enabled.
[   11.335945] Restarting tasks ... done.
root@(none):/# 
root@(none):/# [   11.340672] PM: suspend exit
rtcwake -d rtc1 -m mem -s 3
rtcwake: assuming RTC uses UTC ...
rtcwake: wakeup from "mem" using /dev/rtc1 at Thu Jan  1 00:00:57 1970
[   11.762604] PM: suspend entry (deep)
[   11.766223] PM: Syncing filesystems ... done.
[   11.771320] Freezing user space processes ... (elapsed 0.001 seconds) done.
[   11.772611] OOM killer disabled.
[   11.772616] Freezing remaining freezable tasks ... (elapsed 0.001 seconds) done.
[   11.773974] Suspending console(s) (use no_console_suspend to debug)
[   11.914274] Disabling non-boot CPUs ...
[   12.026468] IRQ17 no longer affine to CPU2
[   12.087355] Entering suspend state LP1
[   12.087401] Enabling non-boot CPUs ...
[   12.089093] CPU1 is up
[   12.090665] CPU2 is up
[   12.092410] CPU3 is up
[   12.731407] OOM killer enabled.
[   12.734543] Restarting tasks ... done.
root@(none):/# 
root@(none):/# [   12.739215] PM: suspend exit
rtcwake -d rtc1 -m mem -s 3
rtcwake: assuming RTC uses UTC ...
rtcwake: wakeup from "mem" using /dev/rtc1 at Thu Jan  1 00:01:06 1970
[   13.149517] PM: suspend entry (deep)
[   13.153097] PM: Syncing filesystems ... done.
[   13.158643] Freezing user space processes ... (elapsed 0.001 seconds) done.
[   13.159949] OOM killer disabled.
[   13.159954] Freezing remaining freezable tasks ... (elapsed 0.001 seconds) done.
[   13.161313] Suspending console(s) (use no_console_suspend to debug)
[   13.304382] Disabling non-boot CPUs ...
[   13.386417] IRQ17 no longer affine to CPU2
[   13.447313] Entering suspend state LP1
[   13.447360] Enabling non-boot CPUs ...
[   13.449053] CPU1 is up
[   13.450626] CPU2 is up
[   13.452374] CPU3 is up
[   14.091570] OOM killer enabled.
[   14.094707] Restarting tasks ... done.
root@(none):/# 
root@(none):/# [   14.099389] PM: suspend exit
rtcwake -d rtc1 -m mem -s 3
rtcwake: assuming RTC uses UTC ...
rtcwake: wakeup from "mem" using /dev/rtc1 at Thu Jan  1 00:01:15 1970
[   14.518596] PM: suspend entry (deep)
[   14.522175] PM: Syncing filesystems ... done.
[   14.527518] Freezing user space processes ... (elapsed 0.001 seconds) done.
[   14.528798] OOM killer disabled.
[   14.528803] Freezing remaining freezable tasks ... (elapsed 0.001 seconds) done.
[   14.530131] Suspending console(s) (use no_console_suspend to debug)
[   14.674047] Disabling non-boot CPUs ...
[   14.706461] IRQ17 no longer affine to CPU1
[   14.827476] Entering suspend state LP1
[   14.827523] Enabling non-boot CPUs ...
[   14.829223] CPU1 is up
[   14.830798] CPU2 is up
[   14.832557] CPU3 is up
[   15.471566] OOM killer enabled.
[   15.474703] Restarting tasks ... done.
root@(none):/# 
root@(none):/# [   15.479375] PM: suspend exit
rtcwake -d rtc1 -m mem -s 3
rtcwake: assuming RTC uses UTC ...
rtcwake: wakeup from "mem" using /dev/rtc1 at Thu Jan  1 00:01:24 1970
[   15.901341] PM: suspend entry (deep)
[   15.904921] PM: Syncing filesystems ... done.
[   15.910143] Freezing user space processes ... (elapsed 0.001 seconds) done.
[   15.911461] OOM killer disabled.
[   15.911466] Freezing remaining freezable tasks ... (elapsed 0.001 seconds) done.
[   15.912801] Suspending console(s) (use no_console_suspend to debug)
[   16.054170] Disabling non-boot CPUs ...
[   16.166337] IRQ17 no longer affine to CPU2
[   16.227547] Entering suspend state LP1
[   16.227594] Enabling non-boot CPUs ...
[   16.229295] CPU1 is up
[   16.230876] CPU2 is up
[   16.232632] CPU3 is up
[   16.872871] OOM killer enabled.
[   16.876025] Restarting tasks ... done.
root@(none):/# 
root@(none):/# [   16.880613] PM: suspend exit
rtcwake -d rtc1 -m mem -s 3
rtcwake: assuming RTC uses UTC ...
rtcwake: wakeup from "mem" using /dev/rtc1 at Thu Jan  1 00:01:33 1970
[   17.299871] PM: suspend entry (deep)
[   17.303459] PM: Syncing filesystems ... done.
[   17.308976] Freezing user space processes ... (elapsed 0.001 seconds) done.
[   17.310288] OOM killer disabled.
[   17.310293] Freezing remaining freezable tasks ... (elapsed 0.001 seconds) done.
[   17.311643] Suspending console(s) (use no_console_suspend to debug)
[   17.454301] Disabling non-boot CPUs ...
[   17.536297] IRQ17 no longer affine to CPU2
[   17.597190] Entering suspend state LP1
[   17.597237] Enabling non-boot CPUs ...
[   17.598935] CPU1 is up
[   17.600508] CPU2 is up
[   17.602263] CPU3 is up
[   18.242843] OOM killer enabled.
[   18.245998] Restarting tasks ... done.
root@(none):/# 
root@(none):/# [   18.250601] PM: suspend exit
rtcwake -d rtc1 -m mem -s 3
rtcwake: assuming RTC uses UTC ...
rtcwake: wakeup from "mem" using /dev/rtc1 at Thu Jan  1 00:01:42 1970
[   18.669904] PM: suspend entry (deep)
[   18.673491] PM: Syncing filesystems ... done.
[   18.679003] Freezing user space processes ... (elapsed 0.001 seconds) done.
[   18.680315] OOM killer disabled.
[   18.680320] Freezing remaining freezable tasks ... (elapsed 0.001 seconds) done.
[   18.681653] Suspending console(s) (use no_console_suspend to debug)
[   18.833815] Disabling non-boot CPUs ...
[   18.946256] IRQ17 no longer affine to CPU2
[   19.007342] Entering suspend state LP1
[   19.007389] Enabling non-boot CPUs ...
[   19.009087] CPU1 is up
[   19.010664] CPU2 is up
[   19.012415] CPU3 is up
[   19.652124] OOM killer enabled.
[   19.655260] Restarting tasks ... done.
root@(none):/# 
root@(none):/# [   19.659909] PM: suspend exit
NVTB SYSTEM SUSPEND TEST COMPLETE
