
U-Boot SPL 2014.01-00219-gc4d376f (Feb 18 2014 - 19:57:32)


U-Boot 2014.01-00219-gc4d376f (Feb 18 2014 - 19:57:32)

TEGRA114
Board: NVIDIA Dalmore
I2C:   ready
DRAM:  2 GiB
MMC:   Tegra SD/MMC: 0, Tegra SD/MMC: 1
In:    serial
Out:   serial
Err:   serial
Net:   Net Initialization Skipped
No ethernet found.
Hit any key to stop autoboot:  2  0 
Tegra114 (Dalmore) # 
Tegra114 (Dalmore) # usb reset
(Re)start USB...
USB0:   USB EHCI 1.10
scanning bus 0 for devices... 2 USB Device(s) found
       scanning usb for storage devices... 0 Storage Device(s) found
       scanning usb for ethernet devices... 
Warning: asx0 using MAC address from net device
1 Ethernet Device(s) found
Tegra114 (Dalmore) # setenv bootargs 'ignore_loglevel console=ttyS0,115200n8 rw root=/dev/mmcblk0p1 rootwait gpt debug init=/bin/bash'
Tegra114 (Dalmore) # setenv ipaddr 192.168.100.100; setenv serverip 192.168.100.1; setenv tftpserverip 192.168.100.1
Tegra114 (Dalmore) # tftpboot 0x81000000 zImage.multi_v7_defconfig
Using asx0 device
TFTP from server 192.168.100.1; our IP address is 192.168.100.100
Filename 'zImage.multi_v7_defconfig'.
Load address: 0x81000000
Loading: *#################################################################
	 #################################################################
	 #################################################################
	 #################################################################
	 ###########################################################
	 3.5 MiB/s
done
Bytes transferred = 4672680 (474ca8 hex)
Tegra114 (Dalmore) # tftpboot 0x82000000 tegra114-dalmore.dtb
Using asx0 device
TFTP from server 192.168.100.1; our IP address is 192.168.100.100
Filename 'tegra114-dalmore.dtb'.
Load address: 0x82000000
Loading: *###
	 3.2 MiB/s
done
Bytes transferred = 33963 (84ab hex)
Tegra114 (Dalmore) # bootz 0x81000000 - 0x82000000
Kernel image @ 0x81000000 [ 0x000000 - 0x474ca8 ]
## Flattened Device Tree blob at 82000000
   Booting using the fdt blob at 0x82000000
   Loading Device Tree to 8fff4000, end 8ffff4aa ... OK

Starting kernel ...

[    0.000000] Booting Linux on physical CPU 0x0
[    0.000000] Linux version 3.14.0-next-20140402-52395-gfe362c0 (pwalmsley@tamien) (gcc version 4.7.3 20130328 (prerelease) (crosstool-NG linaro-1.13.1-4.7-2013.04-20130415 - Linaro GCC 2013.04) ) #1 SMP Wed Apr 2 00:21:49 PDT 2014
[    0.000000] CPU: ARMv7 Processor [412fc0f2] revision 2 (ARMv7), cr=10c5387d
[    0.000000] CPU: PIPT / VIPT nonaliasing data cache, PIPT instruction cache
[    0.000000] Machine model: NVIDIA Tegra114 Dalmore evaluation board
[    0.000000] debug: ignoring loglevel setting.
[    0.000000] cma: CMA: reserved 64 MiB at ab800000
[    0.000000] Memory policy: Data cache writealloc
[    0.000000] On node 0 totalpages: 524032
[    0.000000] free_area_init_node: node 0, pgdat c0b989c0, node_mem_map ea7d9000
[    0.000000]   DMA zone: 1520 pages used for memmap
[    0.000000]   DMA zone: 0 pages reserved
[    0.000000]   DMA zone: 194560 pages, LIFO batch:31
[    0.000000]   HighMem zone: 2574 pages used for memmap
[    0.000000]   HighMem zone: 329472 pages, LIFO batch:31
[    0.000000] Tegra Revision: A01 SKU: 0 CPU Process: 1 Core Process: 1
[    0.000000] PERCPU: Embedded 7 pages/cpu @ea794000 s8192 r8192 d12288 u32768
[    0.000000] pcpu-alloc: s8192 r8192 d12288 u32768 alloc=8*4096
[    0.000000] pcpu-alloc: [0] 0 [0] 1 [0] 2 [0] 3 
[    0.000000] Built 1 zonelists in Zone order, mobility grouping on.  Total pages: 522512
[    0.000000] Kernel command line: ignore_loglevel console=ttyS0,115200n8 rw root=/dev/mmcblk0p1 rootwait gpt debug init=/bin/bash
[    0.000000] PID hash table entries: 4096 (order: 2, 16384 bytes)
[    0.000000] Dentry cache hash table entries: 131072 (order: 7, 524288 bytes)
[    0.000000] Inode-cache hash table entries: 65536 (order: 6, 262144 bytes)
[    0.000000] Memory: 2002872K/2096128K available (6038K kernel code, 793K rwdata, 2424K rodata, 544K init, 289K bss, 93256K reserved, 1317888K highmem)
[    0.000000] Virtual kernel memory layout:
[    0.000000]     vector  : 0xffff0000 - 0xffff1000   (   4 kB)
[    0.000000]     fixmap  : 0xfff00000 - 0xfffe0000   ( 896 kB)
[    0.000000]     vmalloc : 0xf0000000 - 0xff000000   ( 240 MB)
[    0.000000]     lowmem  : 0xc0000000 - 0xef800000   ( 760 MB)
[    0.000000]     pkmap   : 0xbfe00000 - 0xc0000000   (   2 MB)
[    0.000000]     modules : 0xbf000000 - 0xbfe00000   (  14 MB)
[    0.000000]       .text : 0xc0208000 - 0xc0a4bb2c   (8463 kB)
[    0.000000]       .init : 0xc0a4c000 - 0xc0ad4000   ( 544 kB)
[    0.000000]       .data : 0xc0ad4000 - 0xc0b9a660   ( 794 kB)
[    0.000000]        .bss : 0xc0b9a668 - 0xc0be2e20   ( 290 kB)
[    0.000000] SLUB: HWalign=64, Order=0-3, MinObjects=0, CPUs=4, Nodes=1
[    0.000000] Hierarchical RCU implementation.
[    0.000000] NR_IRQS:16 nr_irqs:16 16
[    0.000009] sched_clock: 32 bits at 1000kHz, resolution 1000ns, wraps every 2147483648000ns
[    0.001683] Architected cp15 timer(s) running at 12.00MHz (virt).
[    0.001706] sched_clock: 56 bits at 12MHz, resolution 83ns, wraps every 2863311536128ns
[    0.001714] Switching to timer-based delay loop
[    0.001925] Console: colour dummy device 80x30
[    0.001948] Calibrating delay loop (skipped), value calculated using timer frequency.. 24.00 BogoMIPS (lpj=120000)
[    0.001963] pid_max: default: 32768 minimum: 301
[    0.002095] Mount-cache hash table entries: 2048 (order: 1, 8192 bytes)
[    0.002107] Mountpoint-cache hash table entries: 2048 (order: 1, 8192 bytes)
[    0.002634] CPU: Testing write buffer coherency: ok
[    0.002825] /cpus/cpu@0 missing clock-frequency property
[    0.002848] /cpus/cpu@1 missing clock-frequency property
[    0.002871] /cpus/cpu@2 missing clock-frequency property
[    0.002896] /cpus/cpu@3 missing clock-frequency property
[    0.002908] CPU0: thread -1, cpu 0, socket 0, mpidr 80000000
[    0.002931] Setting up static identity map for 0x807b4f20 - 0x807b4fb8
[    0.004421] CPU1: Booted secondary processor
[    0.004447] CPU1: thread -1, cpu 1, socket 0, mpidr 80000001
[    0.004939] CPU2: Booted secondary processor
[    0.004964] CPU2: thread -1, cpu 2, socket 0, mpidr 80000002
[    0.005455] CPU3: Booted secondary processor
[    0.005479] CPU3: thread -1, cpu 3, socket 0, mpidr 80000003
[    0.005577] Brought up 4 CPUs
[    0.005604] SMP: Total of 4 processors activated.
[    0.005611] CPU: All CPU(s) started in SVC mode.
[    0.006163] devtmpfs: initialized
[    0.011643] VFP support v0.3: implementor 41 architecture 4 part 30 variant f rev 0
[    0.012148] pinctrl core: initialized pinctrl subsystem
[    0.012565] regulator-dummy: no parameters
[    0.023771] NET: Registered protocol family 16
[    0.026075] DMA: preallocated 256 KiB pool for atomic coherent allocations
[    0.027108] cpuidle: using governor ladder
[    0.027118] cpuidle: using governor menu
[    0.038075] No ATAGs?
[    0.040081] Serial: AMBA PL011 UART driver
[    0.052370] edma-dma-engine edma-dma-engine.0: Can't allocate PaRAM dummy slot
[    0.052394] edma-dma-engine: probe of edma-dma-engine.0 failed with error -5
[    0.052924] vdd_ac_bat: 5000 mV 
[    0.053151] dvdd_ts: Failed to request enable GPIO61: -517
[    0.053252] reg-fixed-voltage 1.regulator: Failed to register regulator: -517
[    0.053273] platform 1.regulator: Driver reg-fixed-voltage requests probe deferral
[    0.053446] usb1_vbus: Failed to request enable GPIO108: -517
[    0.053537] reg-fixed-voltage 3.regulator: Failed to register regulator: -517
[    0.053558] platform 3.regulator: Driver reg-fixed-voltage requests probe deferral
[    0.053726] usb2_vbus: Failed to request enable GPIO86: -517
[    0.053816] reg-fixed-voltage 4.regulator: Failed to register regulator: -517
[    0.053837] platform 4.regulator: Driver reg-fixed-voltage requests probe deferral
[    0.054004] vdd_hdmi_5v0: Failed to request enable GPIO81: -517
[    0.054092] reg-fixed-voltage 5.regulator: Failed to register regulator: -517
[    0.054113] platform 5.regulator: Driver reg-fixed-voltage requests probe deferral
[    0.054184] platform 6.regulator: Driver reg-fixed-voltage requests probe deferral
[    0.055991] vgaarb: loaded
[    0.056534] SCSI subsystem initialized
[    0.056706] libata version 3.00 loaded.
[    0.057042] usbcore: registered new interface driver usbfs
[    0.057120] usbcore: registered new interface driver hub
[    0.057220] usbcore: registered new device driver usb
[    0.060277] vdd-cpu: 500 <--> 1520 mV at 1100 mV 
[    0.060663] tps65090 2-0048: No cache defaults, reading back from HW
[    0.062231] vdd-sys-5v0: no parameters
[    0.062279] vdd-sys-5v0: supplied by vdd_ac_bat
[    0.062697] vdd-sys-3v3: no parameters
[    0.062738] vdd-sys-3v3: supplied by vdd_ac_bat
[    0.063155] vdd-ao: no parameters
[    0.063198] vdd-ao: supplied by vdd_ac_bat
[    0.063381] vdd-lcd-bl: no parameters
[    0.063422] vdd-lcd-bl: supplied by vdd_ac_bat
[    0.063589] TPS65090_RAILSFET2: no parameters
[    0.063636] TPS65090_RAILSFET2: supplied by vdd_ac_bat
[    0.063811] vdd-modem-3v3: no parameters
[    0.063849] vdd-modem-3v3: supplied by vdd-sys-3v3
[    0.064032] avdd-lcd: no parameters
[    0.064070] avdd-lcd: supplied by vdd-sys-3v3
[    0.064246] vdd-lvds: no parameters
[    0.064289] vdd-lvds: supplied by vdd-sys-3v3
[    0.064461] vdd-sd-slot: no parameters
[    0.064499] vdd-sd-slot: supplied by vdd-sys-3v3
[    0.064685] vdd-com-3v3: no parameters
[    0.064723] vdd-com-3v3: supplied by vdd-sys-3v3
[    0.064892] vdd-sby-5v0: no parameters
[    0.064934] vdd-sby-5v0: supplied by vdd_ac_bat
[    0.065108] vdd-sby-3v3: no parameters
[    0.065144] vdd-sby-3v3: supplied by vdd_ac_bat
[    0.065521] genirq: Setting trigger mode 8 for irq 118 failed (gic_set_type+0x0/0xfc)
[    0.065824] palmas 2-0058: Irq flag is 0x00000000
[    0.069001] palmas 2-0058: Muxing GPIO ff, PWM 0, LED 0
[    0.071600] vddio-ddr: 1350 mV 
[    0.071820] vddio-ddr: supplied by vdd-ao
[    0.073326] vddio-1v8: 1800 mV 
[    0.073543] vddio-1v8: supplied by vdd-ao
[    0.075049] vdd-core: 900 <--> 1400 mV at 1100 mV 
[    0.075265] vdd-core: supplied by vdd-sys-3v3
[    0.076223] SMPS6: no parameters
[    0.077886] avdd-pll: 1050 mV 
[    0.078111] avdd-pll: supplied by vdd-sys-3v3
[    0.079860] sdhci-vdd-sd-slot: 2800 mV 
[    0.080077] sdhci-vdd-sd-slot: supplied by vdd-sys-3v3
[    0.080587] SMPS10_OUT2: at 5000 mV 
[    0.081100] SMPS10_OUT1: at 5000 mV 
[    0.081778] avdd-cam1: 2800 mV 
[    0.081991] avdd-cam1: supplied by vdd-sys-3v3
[    0.082908] avdd-cam2: 2800 mV 
[    0.083126] avdd-cam2: supplied by vdd-sys-3v3
[    0.091593] avdd-dsi-csi: 1200 mV 
[    0.091810] avdd-dsi-csi: supplied by vddio-1v8
[    0.092895] vpp-fuse: 1800 mV 
[    0.093109] vpp-fuse: supplied by vdd-sys-3v3
[    0.093872] LDO5: no parameters
[    0.094084] LDO5: supplied by vdd_ac_bat
[    0.094847] vdd-sensor-2v85: 2850 mV 
[    0.095059] vdd-sensor-2v85: supplied by vdd-sys-3v3
[    0.095984] vdd-af-cam1: 2800 mV 
[    0.096201] vdd-af-cam1: supplied by vdd-sys-3v3
[    0.101609] vdd-rtc: 900 mV 
[    0.101821] vdd-rtc: supplied by vdd-ao
[    0.111777] vddio-sdmmc-2: 1800 <--> 3300 mV at 3300 mV 
[    0.111989] vddio-sdmmc-2: supplied by sdhci-vdd-sd-slot
[    0.113084] hvdd-usb: 3300 mV 
[    0.113294] hvdd-usb: supplied by vdd-sys-5v0
[    0.121630] avdd-usb: 3300 mV 
[    0.121842] avdd-usb: supplied by vdd-sys-5v0
[    0.122604] rail-3v3: no parameters
[    0.123211] rail-5v0: no parameters
[    0.123634] REGEN3: no parameters
[    0.123790] SYSEN1: no parameters
[    0.123943] SYSEN2: no parameters
[    0.124655] Linux video capture interface: v2.00
[    0.124706] pps_core: LinuxPPS API ver. 1 registered
[    0.124714] pps_core: Software ver. 5.3.6 - Copyright 2005-2007 Rodolfo Giometti <giometti@linux.it>
[    0.124738] PTP clock support registered
[    0.124795] EDAC MC: Ver: 3.0.0
[    0.125472] platform 70019010.iommu: Driver tegra-smmu requests probe deferral
[    0.125661] Advanced Linux Sound Architecture Driver Initialized.
[    0.126633] Switched to clocksource arch_sys_counter
[    0.136926] NET: Registered protocol family 2
[    0.137342] TCP established hash table entries: 8192 (order: 3, 32768 bytes)
[    0.137431] TCP bind hash table entries: 8192 (order: 4, 65536 bytes)
[    0.137619] TCP: Hash tables configured (established 8192 bind 8192)
[    0.137667] TCP: reno registered
[    0.137682] UDP hash table entries: 512 (order: 2, 16384 bytes)
[    0.137723] UDP-Lite hash table entries: 512 (order: 2, 16384 bytes)
[    0.137884] NET: Registered protocol family 1
[    0.138156] RPC: Registered named UNIX socket transport module.
[    0.138165] RPC: Registered udp transport module.
[    0.138174] RPC: Registered tcp transport module.
[    0.138182] RPC: Registered tcp NFSv4.1 backchannel transport module.
[    0.138194] PCI: CLS 0 bytes, default 64
[    0.139866] futex hash table entries: 1024 (order: 4, 65536 bytes)
[    0.140270] bounce pool size: 64 pages
[    0.151897] squashfs: version 4.0 (2009/01/31) Phillip Lougher
[    0.152646] NFS: Registering the id_resolver key type
[    0.152681] Key type id_resolver registered
[    0.152690] Key type id_legacy registered
[    0.152736] msgmni has been set to 1465
[    0.153274] Block layer SCSI generic (bsg) driver version 0.4 loaded (major 249)
[    0.153285] io scheduler noop registered
[    0.153294] io scheduler deadline registered
[    0.153507] io scheduler cfq registered (default)
[    0.169080] tegra-apbdma 6000a000.dma: Tegra20 APB DMA driver register 32 channels
[    0.235260] Serial: 8250/16550 driver, 4 ports, IRQ sharing disabled
[    0.236920] Serial: IMX driver
[    0.237276] msm_serial: driver initialized
[    0.238146] console [ttyS0] disabled
[    0.238175] 70006300.serial: ttyS0 at MMIO 0x70006300 (irq = 122, base_baud = 25500000) is a Tegra
[    1.283473] console [ttyS0] enabled
[    1.287668] STMicroelectronics ASC driver initialized
[    1.293439] serial: Freescale lpuart driver
[    1.297840] [drm] Initialized drm 1.1.0 20060810
[    1.303132] platform 54300000.dsi: Driver tegra-dsi requests probe deferral
[    1.310684] tegra-hdmi 54280000.hdmi: failed to get VDD regulator
[    1.316804] platform 54280000.hdmi: Driver tegra-hdmi requests probe deferral
[    1.329900] loop: module loaded
[    1.336263] m25p80 spi32766.0: w25q32dw (4096 Kbytes)
[    1.344299] pegasus: v0.9.3 (2013/04/25), Pegasus/Pegasus II USB Ethernet driver
[    1.351765] usbcore: registered new interface driver pegasus
[    1.357499] usbcore: registered new interface driver asix
[    1.362934] usbcore: registered new interface driver ax88179_178a
[    1.369072] usbcore: registered new interface driver cdc_ether
[    1.374962] usbcore: registered new interface driver smsc75xx
[    1.380776] usbcore: registered new interface driver smsc95xx
[    1.386555] usbcore: registered new interface driver net1080
[    1.392266] usbcore: registered new interface driver cdc_subset
[    1.398231] usbcore: registered new interface driver zaurus
[    1.403873] usbcore: registered new interface driver cdc_ncm
[    1.409546] ehci_hcd: USB 2.0 'Enhanced' Host Controller (EHCI) Driver
[    1.416062] ehci-pci: EHCI PCI platform driver
[    1.420556] ehci-platform: EHCI generic platform driver
[    1.425932] ehci-omap: OMAP-EHCI Host Controller driver
[    1.431277] ehci-orion: EHCI orion driver
[    1.435395] SPEAr-ehci: EHCI SPEAr driver
[    1.439528] tegra-ehci: Tegra EHCI driver
[    1.443720] platform 7d008000.usb: Driver tegra-ehci requests probe deferral
[    1.451288] usbcore: registered new interface driver usb-storage
[    1.457802] platform 7d008000.usb-phy: Driver tegra-phy requests probe deferral
[    1.466298] mousedev: PS/2 mouse device common for all mice
[    1.475696] palmas-rtc rtc.8: rtc core: registered rtc.8 as rtc0
[    1.483092] tegra_rtc 7000e000.rtc: rtc core: registered 7000e000.rtc as rtc1
[    1.490254] tegra_rtc 7000e000.rtc: Tegra internal Real Time Clock
[    1.496916] i2c /dev entries driver
[    1.501563] usbcore: registered new interface driver uvcvideo
[    1.507314] USB Video Class driver (1.1.1)
[    1.511402] gspca_main: v2.14.0 registered
[    1.516164] sbs-battery 0-000b: sbs_probe: Failed to get device status
[    1.522709] sbs-battery: probe of 0-000b failed with error -121
[    1.534492] sdhci: Secure Digital Host Controller Interface driver
[    1.540679] sdhci: Copyright(c) Pierre Ossman
[    1.545689] sdhci-pltfm: SDHCI platform and OF driver helper
[    1.551902] sdhci-tegra 78000400.sdhci: Got CD GPIO #170.
[    1.558353] mmc0: no vqmmc regulator found
[    1.562448] mmc0: no vmmc regulator found
[    1.566450] mmc0: Invalid maximum block size, assuming 512 bytes
[    1.616647] mmc0: SDHCI controller on 78000400.sdhci [78000400.sdhci] using ADMA
[    1.624139] mmc1: no vqmmc regulator found
[    1.628250] mmc1: no vmmc regulator found
[    1.632251] mmc1: Invalid maximum block size, assuming 512 bytes
[    1.676646] mmc1: SDHCI controller on 78000600.sdhci [78000600.sdhci] using ADMA
[    1.686472] usbcore: registered new interface driver usbhid
[    1.694070] usbhid: USB HID core driver
[    1.812066] mmc1: BKOPS_EN bit is not set
[    1.843467] mmc1: new HS200 MMC card at address 0001
[    1.848813] mmcblk0: mmc1:0001 SEM32G 29.1 GiB 
[    1.853451] mmcblk0boot0: mmc1:0001 SEM32G partition 1 4.00 MiB
[    1.859486] mmcblk0boot1: mmc1:0001 SEM32G partition 2 4.00 MiB
[    1.865492] mmcblk0rpmb: mmc1:0001 SEM32G partition 3 4.00 MiB
[    1.874335]  mmcblk0: p1 p2 p3 p4 p5 p6 p7 p8
[    1.882275]  mmcblk0boot1: unknown partition table
[    1.888697]  mmcblk0boot0: unknown partition table
[    2.118738] tegra30-i2s 70080400.i2s: DMA channels sourced from device 70080000.ahub
[    2.134589] tegra-snd-rt5640 sound.5: rt5640-aif1 <-> 70080400.i2s mapping ok
[    2.145537] input: NVIDIA Tegra Dalmore Headphones as /devices/soc0/sound.5/sound/card0/input0
[    2.155315] TCP: cubic registered
[    2.158646] NET: Registered protocol family 17
[    2.163247] Key type dns_resolver registered
[    2.168071] Registering SWP/SWPB emulation handler
[    2.179473] dvdd_ts: 1800 mV 
[    2.182877] usb1_vbus: 5000 mV 
[    2.186064] usb1_vbus: supplied by vdd-sys-5v0
[    2.191005] usb2_vbus: 5000 mV 
[    2.194193] usb2_vbus: supplied by vdd-sys-5v0
[    2.199163] vdd_hdmi_5v0: 5000 mV 
[    2.202619] vdd_hdmi_5v0: supplied by vdd-sys-5v0
[    2.209040] vdd_cam_1v8_reg: 1800 mV 
[    2.218231] [drm] Supports vblank timestamp caching Rev 2 (21.10.2013).
[    2.224838] [drm] No driver support for vblank timestamp query.
[    2.278792] Console: switching to colour frame buffer device 240x75
[    2.306048] host1x drm: fb0:  frame buffer device
[    2.310800] host1x drm: registered panic notifier
[    2.315519] [drm] Initialized tegra 0.0.0 20120330 on minor 0
[    2.321948] platform 7d008000.usb: Driver tegra-ehci requests probe deferral
[    2.330506] tegra-ehci 7d008000.usb: EHCI Host Controller
[    2.335926] tegra-ehci 7d008000.usb: new USB bus registered, assigned bus number 1
[    2.344650] tegra-ehci 7d008000.usb: irq 129, io mem 0x7d008000
[    2.366767] tegra-ehci 7d008000.usb: USB 2.0 started, EHCI 1.10
[    2.373610] hub 1-0:1.0: USB hub found
[    2.377481] hub 1-0:1.0: 1 port detected
[    2.382798] input: gpio-keys.3 as /devices/soc0/gpio-keys.3/input/input1
[    2.391528] palmas-rtc rtc.8: setting system clock to 2000-02-15 22:34:29 UTC (950654069)
[    2.409572] ALSA device list:
[    2.412544]   #0: NVIDIA Tegra Dalmore
[    2.418077] EXT4-fs (mmcblk0p1): mounting ext3 file system using the ext4 subsystem
[    2.442667] EXT4-fs (mmcblk0p1): recovery complete
[    2.447512] EXT4-fs (mmcblk0p1): mounted filesystem with ordered data mode. Opts: (null)
[    2.455620] VFS: Mounted root (ext3 filesystem) on device 179:1.
[    2.469478] devtmpfs: mounted
[    2.472886] Freeing unused kernel memory: 544K (c0a4c000 - c0ad4000)
bash: cannot set terminal process group (-1): Inappropriate ioctl for device
bash: no job control in this shell
[    2.696840] usb 1-1: new high-speed USB device number 2 using tegra-ehci
root@(none):/# 