
U-Boot SPL 2014.01-00219-gc4d376f (Feb 18 2014 - 19:57:32)


U-Boot 2014.01-00219-gc4d376f (Feb 18 2014 - 19:57:32)

TEGRA114
Board: NVIDIA Dalmore
I2C:   ready
DRAM:  2 GiB
MMC:   Tegra SD/MMC: 0, Tegra SD/MMC: 1
In:    serial
Out:   serial
Err:   serial
Net:   Net Initialization Skipped
No ethernet found.
Hit any key to stop autoboot:  2  0 
Tegra114 (Dalmore) # 
Tegra114 (Dalmore) # usb reset
(Re)start USB...
USB0:   USB EHCI 1.10
scanning bus 0 for devices... 2 USB Device(s) found
       scanning usb for storage devices... 0 Storage Device(s) found
       scanning usb for ethernet devices... 
Warning: asx0 using MAC address from net device
1 Ethernet Device(s) found
Tegra114 (Dalmore) # setenv bootargs 'ignore_loglevel console=ttyS0,115200n8 rw root=/dev/mmcblk0p1 rootwait gpt debug init=/bin/bash'
Tegra114 (Dalmore) # setenv ipaddr 192.168.100.100; setenv serverip 192.168.100.1; setenv tftpserverip 192.168.100.1
Tegra114 (Dalmore) # tftpboot 0x81000000 zImage.tegra_defconfig%tegra30,114_mergeconfig
Using asx0 device
TFTP from server 192.168.100.1; our IP address is 192.168.100.100
Filename 'zImage.tegra_defconfig%tegra30,114_mergeconfig'.
Load address: 0x81000000
Loading: *#################################################################
	 #################################################################
	 #################################################################
	 #################################################################
	 ###################################
	 3.3 MiB/s
done
Bytes transferred = 4326120 (4202e8 hex)
Tegra114 (Dalmore) # tftpboot 0x82000000 tegra114-dalmore.dtb
Using asx0 device
TFTP from server 192.168.100.1; our IP address is 192.168.100.100
Filename 'tegra114-dalmore.dtb'.
Load address: 0x82000000
Loading: *###
	 2.7 MiB/s
done
Bytes transferred = 33963 (84ab hex)
Tegra114 (Dalmore) # bootz 0x81000000 - 0x82000000
Kernel image @ 0x81000000 [ 0x000000 - 0x4202e8 ]
## Flattened Device Tree blob at 82000000
   Booting using the fdt blob at 0x82000000
   Loading Device Tree to 8fff4000, end 8ffff4aa ... OK

Starting kernel ...

Uncompressing Linux... done, booting the kernel.
[    0.000000] Booting Linux on physical CPU 0x0
[    0.000000] Initializing cgroup subsys cpu
[    0.000000] Initializing cgroup subsys cpuacct
[    0.000000] Linux version 3.14.0-next-20140402-52395-gfe362c0 (pwalmsley@tamien) (gcc version 4.7.3 20130328 (prerelease) (crosstool-NG linaro-1.13.1-4.7-2013.04-20130415 - Linaro GCC 2013.04) ) #1 SMP PREEMPT Wed Apr 2 00:39:03 PDT 2014
[    0.000000] CPU: ARMv7 Processor [412fc0f2] revision 2 (ARMv7), cr=10c5387d
[    0.000000] CPU: PIPT / VIPT nonaliasing data cache, PIPT instruction cache
[    0.000000] Machine model: NVIDIA Tegra114 Dalmore evaluation board
[    0.000000] debug: ignoring loglevel setting.
[    0.000000] cma: CMA: reserved 64 MiB at ab800000
[    0.000000] Memory policy: Data cache writealloc
[    0.000000] On node 0 totalpages: 524032
[    0.000000] free_area_init_node: node 0, pgdat c08440c0, node_mem_map ea7d8000
[    0.000000]   Normal zone: 1520 pages used for memmap
[    0.000000]   Normal zone: 0 pages reserved
[    0.000000]   Normal zone: 194560 pages, LIFO batch:31
[    0.000000]   HighMem zone: 2574 pages used for memmap
[    0.000000]   HighMem zone: 329472 pages, LIFO batch:31
[    0.000000] Tegra Revision: A01 SKU: 0 CPU Process: 1 Core Process: 1
[    0.000000] PERCPU: Embedded 8 pages/cpu @ea793000 s9152 r8192 d15424 u32768
[    0.000000] pcpu-alloc: s9152 r8192 d15424 u32768 alloc=8*4096
[    0.000000] pcpu-alloc: [0] 0 [0] 1 [0] 2 [0] 3 
[    0.000000] Built 1 zonelists in Zone order, mobility grouping on.  Total pages: 522512
[    0.000000] Kernel command line: ignore_loglevel console=ttyS0,115200n8 rw root=/dev/mmcblk0p1 rootwait gpt debug init=/bin/bash
[    0.000000] PID hash table entries: 4096 (order: 2, 16384 bytes)
[    0.000000] Dentry cache hash table entries: 131072 (order: 7, 524288 bytes)
[    0.000000] Inode-cache hash table entries: 65536 (order: 6, 262144 bytes)
[    0.000000] Memory: 2004160K/2096128K available (5907K kernel code, 326K rwdata, 1944K rodata, 252K init, 345K bss, 91968K reserved, 1317888K highmem)
[    0.000000] Virtual kernel memory layout:
[    0.000000]     vector  : 0xffff0000 - 0xffff1000   (   4 kB)
[    0.000000]     fixmap  : 0xfff00000 - 0xfffe0000   ( 896 kB)
[    0.000000]     vmalloc : 0xf0000000 - 0xff000000   ( 240 MB)
[    0.000000]     lowmem  : 0xc0000000 - 0xef800000   ( 760 MB)
[    0.000000]     pkmap   : 0xbfe00000 - 0xc0000000   (   2 MB)
[    0.000000]     modules : 0xbf000000 - 0xbfe00000   (  14 MB)
[    0.000000]       .text : 0xc0008000 - 0xc07b323c   (7853 kB)
[    0.000000]       .init : 0xc07b4000 - 0xc07f33c0   ( 253 kB)
[    0.000000]       .data : 0xc07f4000 - 0xc0845900   ( 327 kB)
[    0.000000]        .bss : 0xc084590c - 0xc089be50   ( 346 kB)
[    0.000000] Preemptible hierarchical RCU implementation.
[    0.000000] NR_IRQS:16 nr_irqs:16 16
[    0.000009] sched_clock: 32 bits at 1000kHz, resolution 1000ns, wraps every 2147483648000ns
[    0.000749] Architected cp15 timer(s) running at 12.00MHz (virt).
[    0.000773] sched_clock: 56 bits at 12MHz, resolution 83ns, wraps every 2863311536128ns
[    0.000782] Switching to timer-based delay loop
[    0.001182] Console: colour dummy device 80x30
[    0.001206] Calibrating delay loop (skipped), value calculated using timer frequency.. 24.00 BogoMIPS (lpj=120000)
[    0.001220] pid_max: default: 32768 minimum: 301
[    0.001646] Mount-cache hash table entries: 2048 (order: 1, 8192 bytes)
[    0.001660] Mountpoint-cache hash table entries: 2048 (order: 1, 8192 bytes)
[    0.002951] Initializing cgroup subsys debug
[    0.002971] Initializing cgroup subsys freezer
[    0.003018] CPU: Testing write buffer coherency: ok
[    0.003310] /cpus/cpu@0 missing clock-frequency property
[    0.003334] /cpus/cpu@1 missing clock-frequency property
[    0.003356] /cpus/cpu@2 missing clock-frequency property
[    0.003381] /cpus/cpu@3 missing clock-frequency property
[    0.003394] CPU0: thread -1, cpu 0, socket 0, mpidr 80000000
[    0.003418] Setting up static identity map for 0x80599a88 - 0x80599b20
[    0.061403] CPU1: Booted secondary processor
[    0.061429] CPU1: thread -1, cpu 1, socket 0, mpidr 80000001
[    0.081416] CPU2: Booted secondary processor
[    0.081441] CPU2: thread -1, cpu 2, socket 0, mpidr 80000002
[    0.101406] CPU3: Booted secondary processor
[    0.101429] CPU3: thread -1, cpu 3, socket 0, mpidr 80000003
[    0.101539] Brought up 4 CPUs
[    0.101565] SMP: Total of 4 processors activated.
[    0.101574] CPU: All CPU(s) started in SVC mode.
[    0.102530] devtmpfs: initialized
[    0.115868] VFP support v0.3: implementor 41 architecture 4 part 30 variant f rev 0
[    0.116623] pinctrl core: initialized pinctrl subsystem
[    0.117370] regulator-dummy: no parameters
[    0.145282] NET: Registered protocol family 16
[    0.146609] DMA: preallocated 256 KiB pool for atomic coherent allocations
[    0.148023] cpuidle: using governor ladder
[    0.148034] cpuidle: using governor menu
[    0.164841] No ATAGs?
[    0.164869] hw-breakpoint: found 5 (+1 reserved) breakpoint and 4 watchpoint registers.
[    0.164880] hw-breakpoint: maximum watchpoint size is 8 bytes.
[    0.187172] vdd_ac_bat: 5000 mV 
[    0.187708] dvdd_ts: Failed to request enable GPIO61: -517
[    0.187897] reg-fixed-voltage 1.regulator: Failed to register regulator: -517
[    0.187925] platform 1.regulator: Driver reg-fixed-voltage requests probe deferral
[    0.188302] usb1_vbus: Failed to request enable GPIO108: -517
[    0.188477] reg-fixed-voltage 3.regulator: Failed to register regulator: -517
[    0.188505] platform 3.regulator: Driver reg-fixed-voltage requests probe deferral
[    0.188882] usb2_vbus: Failed to request enable GPIO86: -517
[    0.189054] reg-fixed-voltage 4.regulator: Failed to register regulator: -517
[    0.189081] platform 4.regulator: Driver reg-fixed-voltage requests probe deferral
[    0.189457] vdd_hdmi_5v0: Failed to request enable GPIO81: -517
[    0.189629] reg-fixed-voltage 5.regulator: Failed to register regulator: -517
[    0.189655] platform 5.regulator: Driver reg-fixed-voltage requests probe deferral
[    0.189763] platform 6.regulator: Driver reg-fixed-voltage requests probe deferral
[    0.191386] vgaarb: loaded
[    0.192729] SCSI subsystem initialized
[    0.193457] usbcore: registered new interface driver usbfs
[    0.193627] usbcore: registered new interface driver hub
[    0.193818] usbcore: registered new device driver usb
[    0.198546] vdd-cpu: 500 <--> 1520 mV at 1100 mV 
[    0.199268] tps65090 2-0048: No cache defaults, reading back from HW
[    0.201295] vdd-sys-5v0: no parameters
[    0.201381] vdd-sys-5v0: supplied by vdd_ac_bat
[    0.202035] vdd-sys-3v3: no parameters
[    0.202125] vdd-sys-3v3: supplied by vdd_ac_bat
[    0.202751] vdd-ao: no parameters
[    0.202827] vdd-ao: supplied by vdd_ac_bat
[    0.203215] vdd-lcd-bl: no parameters
[    0.203291] vdd-lcd-bl: supplied by vdd_ac_bat
[    0.203709] TPS65090_RAILSFET2: no parameters
[    0.203787] TPS65090_RAILSFET2: supplied by vdd_ac_bat
[    0.204175] vdd-modem-3v3: no parameters
[    0.204248] vdd-modem-3v3: supplied by vdd-sys-3v3
[    0.204644] avdd-lcd: no parameters
[    0.204715] avdd-lcd: supplied by vdd-sys-3v3
[    0.205108] vdd-lvds: no parameters
[    0.205180] vdd-lvds: supplied by vdd-sys-3v3
[    0.205585] vdd-sd-slot: no parameters
[    0.205658] vdd-sd-slot: supplied by vdd-sys-3v3
[    0.206038] vdd-com-3v3: no parameters
[    0.206110] vdd-com-3v3: supplied by vdd-sys-3v3
[    0.206519] vdd-sby-5v0: no parameters
[    0.206581] vdd-sby-5v0: supplied by vdd_ac_bat
[    0.206970] vdd-sby-3v3: no parameters
[    0.207034] vdd-sby-3v3: supplied by vdd_ac_bat
[    0.207498] genirq: Setting trigger mode 8 for irq 118 failed (gic_set_type+0x0/0xf0)
[    0.208101] palmas 2-0058: Irq flag is 0x00000000
[    0.211882] palmas 2-0058: Muxing GPIO ff, PWM 0, LED 0
[    0.214857] vddio-ddr: 1350 mV 
[    0.215154] vddio-ddr: supplied by vdd-ao
[    0.216953] vddio-1v8: 1800 mV 
[    0.217248] vddio-1v8: supplied by vdd-ao
[    0.219023] vdd-core: 900 <--> 1400 mV at 1100 mV 
[    0.219327] vdd-core: supplied by vdd-sys-3v3
[    0.220547] SMPS6: no parameters
[    0.222584] avdd-pll: 1050 mV 
[    0.222902] avdd-pll: supplied by vdd-sys-3v3
[    0.224955] sdhci-vdd-sd-slot: 2800 mV 
[    0.225248] sdhci-vdd-sd-slot: supplied by vdd-sys-3v3
[    0.225998] SMPS10_OUT2: at 5000 mV 
[    0.226759] SMPS10_OUT1: at 5000 mV 
[    0.227719] avdd-cam1: 2800 mV 
[    0.228000] avdd-cam1: supplied by vdd-sys-3v3
[    0.229171] avdd-cam2: 2800 mV 
[    0.229450] avdd-cam2: supplied by vdd-sys-3v3
[    0.240870] avdd-dsi-csi: 1200 mV 
[    0.241156] avdd-dsi-csi: supplied by vddio-1v8
[    0.242518] vpp-fuse: 1800 mV 
[    0.242801] vpp-fuse: supplied by vdd-sys-3v3
[    0.243832] LDO5: no parameters
[    0.244116] LDO5: supplied by vdd_ac_bat
[    0.245118] vdd-sensor-2v85: 2850 mV 
[    0.245400] vdd-sensor-2v85: supplied by vdd-sys-3v3
[    0.246607] vdd-af-cam1: 2800 mV 
[    0.246890] vdd-af-cam1: supplied by vdd-sys-3v3
[    0.250886] vdd-rtc: 900 mV 
[    0.251169] vdd-rtc: supplied by vdd-ao
[    0.261076] vddio-sdmmc-2: 1800 <--> 3300 mV at 3300 mV 
[    0.261361] vddio-sdmmc-2: supplied by sdhci-vdd-sd-slot
[    0.262720] hvdd-usb: 3300 mV 
[    0.263002] hvdd-usb: supplied by vdd-sys-5v0
[    0.270916] avdd-usb: 3300 mV 
[    0.271201] avdd-usb: supplied by vdd-sys-5v0
[    0.272216] rail-3v3: no parameters
[    0.273080] rail-5v0: no parameters
[    0.273735] REGEN3: no parameters
[    0.274124] SYSEN1: no parameters
[    0.274490] SYSEN2: no parameters
[    0.275403] Linux video capture interface: v2.00
[    0.276167] platform 70019010.iommu: Driver tegra-smmu requests probe deferral
[    0.276583] Advanced Linux Sound Architecture Driver Initialized.
[    0.277976] Bluetooth: Core ver 2.19
[    0.278054] NET: Registered protocol family 31
[    0.278062] Bluetooth: HCI device and connection manager initialized
[    0.278085] Bluetooth: HCI socket layer initialized
[    0.278106] Bluetooth: L2CAP socket layer initialized
[    0.278164] Bluetooth: SCO socket layer initialized
[    0.278863] cfg80211: Calling CRDA to update world regulatory domain
[    0.279592] Switched to clocksource arch_sys_counter
[    0.302952] NET: Registered protocol family 2
[    0.303929] TCP established hash table entries: 8192 (order: 3, 32768 bytes)
[    0.304032] TCP bind hash table entries: 8192 (order: 4, 65536 bytes)
[    0.304219] TCP: Hash tables configured (established 8192 bind 8192)
[    0.304651] TCP: reno registered
[    0.304667] UDP hash table entries: 512 (order: 2, 16384 bytes)
[    0.304709] UDP-Lite hash table entries: 512 (order: 2, 16384 bytes)
[    0.305055] NET: Registered protocol family 1
[    0.305743] RPC: Registered named UNIX socket transport module.
[    0.305753] RPC: Registered udp transport module.
[    0.305761] RPC: Registered tcp transport module.
[    0.305769] RPC: Registered tcp NFSv4.1 backchannel transport module.
[    0.305780] PCI: CLS 0 bytes, default 64
[    0.309882] futex hash table entries: 1024 (order: 4, 65536 bytes)
[    0.311009] bounce pool size: 64 pages
[    0.312410] squashfs: version 4.0 (2009/01/31) Phillip Lougher
[    0.313173] msgmni has been set to 1468
[    0.314767] io scheduler noop registered (default)
[    0.335948] tegra-apbdma 6000a000.dma: Tegra20 APB DMA driver register 32 channels
[    0.336880] Serial: 8250/16550 driver, 4 ports, IRQ sharing disabled
[    0.340659] console [ttyS0] disabled
[    0.340688] 70006300.serial: ttyS0 at MMIO 0x70006300 (irq = 122, base_baud = 25500000) is a Tegra
[    1.369634] console [ttyS0] enabled
[    1.374437] [drm] Initialized drm 1.1.0 20060810
[    1.380190] platform 54300000.dsi: Driver tegra-dsi requests probe deferral
[    1.387895] tegra-hdmi 54280000.hdmi: failed to get VDD regulator
[    1.394037] platform 54280000.hdmi: Driver tegra-hdmi requests probe deferral
[    1.414094] loop: module loaded
[    1.421262] m25p80 spi32766.0: w25q32dw (4096 Kbytes)
[    1.429422] pegasus: v0.9.3 (2013/04/25), Pegasus/Pegasus II USB Ethernet driver
[    1.436962] usbcore: registered new interface driver pegasus
[    1.442812] usbcore: registered new interface driver asix
[    1.448337] usbcore: registered new interface driver ax88179_178a
[    1.454558] usbcore: registered new interface driver cdc_ether
[    1.460573] usbcore: registered new interface driver smsc75xx
[    1.466483] usbcore: registered new interface driver smsc95xx
[    1.472362] usbcore: registered new interface driver net1080
[    1.478135] usbcore: registered new interface driver cdc_subset
[    1.484200] usbcore: registered new interface driver zaurus
[    1.489964] usbcore: registered new interface driver cdc_ncm
[    1.495652] ehci_hcd: USB 2.0 'Enhanced' Host Controller (EHCI) Driver
[    1.502184] ehci-pci: EHCI PCI platform driver
[    1.506745] tegra-ehci: Tegra EHCI driver
[    1.511017] platform 7d008000.usb: Driver tegra-ehci requests probe deferral
[    1.518503] usbcore: registered new interface driver cdc_acm
[    1.524168] cdc_acm: USB Abstract Control Model driver for USB modems and ISDN adapters
[    1.532293] usbcore: registered new interface driver cdc_wdm
[    1.538127] usbcore: registered new interface driver usb-storage
[    1.544394] platform 7d008000.usb-phy: Driver tegra-phy requests probe deferral
[    1.552520] mousedev: PS/2 mouse device common for all mice
[    1.562715] palmas-rtc rtc.8: rtc core: registered rtc.8 as rtc0
[    1.570488] tegra_rtc 7000e000.rtc: rtc core: registered 7000e000.rtc as rtc1
[    1.577639] tegra_rtc 7000e000.rtc: Tegra internal Real Time Clock
[    1.584669] usbcore: registered new interface driver uvcvideo
[    1.590422] USB Video Class driver (1.1.1)
[    1.594510] gspca_main: v2.14.0 registered
[    1.599349] sbs-battery 0-000b: sbs_probe: Failed to get device status
[    1.605902] sbs-battery: probe of 0-000b failed with error -121
[    1.617835] sdhci: Secure Digital Host Controller Interface driver
[    1.624022] sdhci: Copyright(c) Pierre Ossman
[    1.628371] sdhci-pltfm: SDHCI platform and OF driver helper
[    1.634507] sdhci-tegra 78000400.sdhci: Got CD GPIO #170.
[    1.640984] mmc0: no vqmmc regulator found
[    1.645079] mmc0: no vmmc regulator found
[    1.649081] mmc0: Invalid maximum block size, assuming 512 bytes
[    1.699621] mmc0: SDHCI controller on 78000400.sdhci [78000400.sdhci] using ADMA
[    1.709222] mmc1: no vqmmc regulator found
[    1.713340] mmc1: no vmmc regulator found
[    1.717342] mmc1: Invalid maximum block size, assuming 512 bytes
[    1.759614] mmc1: SDHCI controller on 78000600.sdhci [78000600.sdhci] using ADMA
[    1.767823] usbcore: registered new interface driver usbhid
[    1.775454] usbhid: USB HID core driver
[    1.895088] mmc1: BKOPS_EN bit is not set
[    1.926616] mmc1: new HS200 MMC card at address 0001
[    1.932392] mmcblk0: mmc1:0001 SEM32G 29.1 GiB 
[    1.937180] mmcblk0boot0: mmc1:0001 SEM32G partition 1 4.00 MiB
[    1.943359] mmcblk0boot1: mmc1:0001 SEM32G partition 2 4.00 MiB
[    1.949490] mmcblk0rpmb: mmc1:0001 SEM32G partition 3 4.00 MiB
[    1.958960]  mmcblk0: p1 p2 p3 p4 p5 p6 p7 p8
[    1.970173]  mmcblk0boot1: unknown partition table
[    1.977263]  mmcblk0boot0: unknown partition table
[    2.202127] tegra30-i2s 70080400.i2s: DMA channels sourced from device 70080000.ahub
[    2.219182] tegra-snd-rt5640 sound.5: rt5640-aif1 <-> 70080400.i2s mapping ok
[    2.232223] input: NVIDIA Tegra Dalmore Headphones as /devices/soc0/sound.5/sound/card0/input0
[    2.242625] TCP: cubic registered
[    2.246233] NET: Registered protocol family 10
[    2.252089] mip6: Mobile IPv6
[    2.255057] sit: IPv6 over IPv4 tunneling driver
[    2.262568] NET: Registered protocol family 17
[    2.267043] NET: Registered protocol family 15
[    2.271617] Bluetooth: RFCOMM socket layer initialized
[    2.276766] Bluetooth: RFCOMM ver 1.11
[    2.280537] Bluetooth: BNEP (Ethernet Emulation) ver 1.3
[    2.285856] Bluetooth: BNEP socket layer initialized
[    2.290826] Bluetooth: HIDP (Human Interface Emulation) ver 1.2
[    2.296750] Bluetooth: HIDP socket layer initialized
[    2.303001] Registering SWP/SWPB emulation handler
[    2.311561] dvdd_ts: 1800 mV 
[    2.315095] usb1_vbus: 5000 mV 
[    2.318320] usb1_vbus: supplied by vdd-sys-5v0
[    2.323547] usb2_vbus: 5000 mV 
[    2.326765] usb2_vbus: supplied by vdd-sys-5v0
[    2.331936] vdd_hdmi_5v0: 5000 mV 
[    2.335437] vdd_hdmi_5v0: supplied by vdd-sys-5v0
[    2.341970] vdd_cam_1v8_reg: 1800 mV 
[    2.352710] [drm] Supports vblank timestamp caching Rev 2 (21.10.2013).
[    2.359319] [drm] No driver support for vblank timestamp query.
[    2.414044] Console: switching to colour frame buffer device 240x75
[    2.440500] host1x drm: fb0:  frame buffer device
[    2.445209] host1x drm: registered panic notifier
[    2.449956] [drm] Initialized tegra 0.0.0 20120330 on minor 0
[    2.456047] platform 7d008000.usb: Driver tegra-ehci requests probe deferral
[    2.464064] tegra-ehci 7d008000.usb: EHCI Host Controller
[    2.469508] tegra-ehci 7d008000.usb: new USB bus registered, assigned bus number 1
[    2.477768] tegra-ehci 7d008000.usb: irq 129, io mem 0x7d008000
[    2.499744] tegra-ehci 7d008000.usb: USB 2.0 started, EHCI 1.10
[    2.507540] hub 1-0:1.0: USB hub found
[    2.511460] hub 1-0:1.0: 1 port detected
[    2.517723] input: gpio-keys.3 as /devices/soc0/gpio-keys.3/input/input1
[    2.527402] palmas-rtc rtc.8: setting system clock to 2000-02-15 22:51:32 UTC (950655092)
[    2.552209] ALSA device list:
[    2.555180]   #0: NVIDIA Tegra Dalmore
[    2.568300] kjournald starting.  Commit interval 5 seconds
[    2.570148] EXT3-fs (mmcblk0p1): using internal journal
[    2.570165] EXT3-fs (mmcblk0p1): recovery complete
[    2.570169] EXT3-fs (mmcblk0p1): mounted filesystem with writeback data mode
[    2.570236] VFS: Mounted root (ext3 filesystem) on device 179:1.
[    2.571533] devtmpfs: mounted
[    2.571809] Freeing unused kernel memory: 252K (c07b4000 - c07f3000)
bash: cannot set terminal process group (-1): Inappropriate ioctl for device
bash: no job control in this shell
root@(none):/# [    2.829821] usb 1-1: new high-speed USB device number 2 using tegra-ehci
