[    0.000000] Booting Linux on physical CPU 0x0
[    0.000000] Linux version 4.6.0-rc4-next-20160422+ (pwalmsley@tamien) (gcc version 4.9.2 20140904 (prerelease) (crosstool-NG linaro-1.13.1-4.9-2014.09 - Linaro GCC 4.9-2014.09) ) #1 SMP PREEMPT Fri Apr 22 11:51:48 PDT 2016
[    0.000000] Boot CPU: AArch64 Processor [411fd070]
[    0.000000] Memory limited to 1024MB
[    0.000000] efi: Getting EFI parameters from FDT:
[    0.000000] efi: UEFI not found.
[    0.000000] cma: Reserved 16 MiB at 0x000000007f000000
[    0.000000] psci: probing for conduit method from DT.
[    0.000000] psci: PSCIv0.2 detected in firmware.
[    0.000000] psci: Using standard PSCI v0.2 function IDs
[    0.000000] psci: Trusted OS migration not required
[    0.000000] percpu: Embedded 20 pages/cpu @ffffffc03efd2000 s42752 r8192 d30976 u81920
[    0.000000] Detected PIPT I-cache on CPU0
[    0.000000] CPU features: enabling workaround for ARM erratum 832075
[    0.000000] CPU features: enabling workaround for ARM erratum 834220
[    0.000000] Built 1 zonelists in Zone order, mobility grouping on.  Total pages: 258048
[    0.000000] Kernel command line: root=/dev/vda2 rw rootwait mem=1024M console=ttyAMA0,38400n8 init=/bin/bash
[    0.000000] PID hash table entries: 4096 (order: 3, 32768 bytes)
[    0.000000] Dentry cache hash table entries: 131072 (order: 8, 1048576 bytes)
[    0.000000] Inode-cache hash table entries: 65536 (order: 7, 524288 bytes)
[    0.000000] software IO TLB [mem 0x79c00000-0x7dc00000] (64MB) mapped at [ffffffc039c00000-ffffffc03dbfffff]
[    0.000000] Memory: 936204K/1048576K available (7056K kernel code, 625K rwdata, 2988K rodata, 896K init, 244K bss, 95988K reserved, 16384K cma-reserved)
[    0.000000] Virtual kernel memory layout:
[    0.000000]     modules : 0xffffff8000000000 - 0xffffff8008000000   (   128 MB)
[    0.000000]     vmalloc : 0xffffff8008000000 - 0xffffffbebfff0000   (   250 GB)
[    0.000000]       .text : 0xffffff8008080000 - 0xffffff8008760000   (  7040 KB)
[    0.000000]     .rodata : 0xffffff8008760000 - 0xffffff8008a50000   (  3008 KB)
[    0.000000]       .init : 0xffffff8008a50000 - 0xffffff8008b30000   (   896 KB)
[    0.000000]       .data : 0xffffff8008b30000 - 0xffffff8008bcc600   (   626 KB)
[    0.000000]        .bss : 0xffffff8008bcc600 - 0xffffff8008c098b0   (   245 KB)
[    0.000000]     fixed   : 0xffffffbefe7fd000 - 0xffffffbefec00000   (  4108 KB)
[    0.000000]     PCI I/O : 0xffffffbefee00000 - 0xffffffbeffe00000   (    16 MB)
[    0.000000]     vmemmap : 0xffffffbf00000000 - 0xffffffc000000000   (     4 GB maximum)
[    0.000000]               0xffffffbf00000000 - 0xffffffbf01000000   (    16 MB actual)
[    0.000000]     memory  : 0xffffffc000000000 - 0xffffffc040000000   (  1024 MB)
[    0.000000] SLUB: HWalign=64, Order=0-3, MinObjects=0, CPUs=1, Nodes=1
[    0.000000] Preemptible hierarchical RCU implementation.
[    0.000000] 	Build-time adjustment of leaf fanout to 64.
[    0.000000] 	RCU restricting CPUs from NR_CPUS=64 to nr_cpu_ids=1.
[    0.000000] RCU: Adjusting geometry for rcu_fanout_leaf=64, nr_cpu_ids=1
[    0.000000] NR_IRQS:64 nr_irqs:64 0
[    0.000000] GICv2m: range[mem 0x08020000-0x08020fff], SPI[80:143]
[    0.000000] Architected cp15 timer(s) running at 62.50MHz (virt).
[    0.000000] clocksource: arch_sys_counter: mask: 0xffffffffffffff max_cycles: 0x1cd42e208c, max_idle_ns: 881590405314 ns
[    0.000450] sched_clock: 56 bits at 62MHz, resolution 16ns, wraps every 4398046511096ns
[    0.007053] Console: colour dummy device 80x25
[    0.007773] Calibrating delay loop (skipped), value calculated using timer frequency.. 125.00 BogoMIPS (lpj=250000)
[    0.007956] pid_max: default: 32768 minimum: 301
[    0.008922] Security Framework initialized
[    0.009574] Mount-cache hash table entries: 2048 (order: 2, 16384 bytes)
[    0.009622] Mountpoint-cache hash table entries: 2048 (order: 2, 16384 bytes)
[    0.034437] ASID allocator initialised with 65536 entries
[    0.045460] EFI services will not be available.
[    0.048201] Brought up 1 CPUs
[    0.048256] SMP: Total of 1 processors activated.
[    0.048943] CPU features: detected feature: 32-bit EL0 Support
[    0.049162] CPU: All CPU(s) started at EL1
[    0.050058] alternatives: patching kernel code
[    0.063775] devtmpfs: initialized
[    0.075215] DMI not present or invalid.
[    0.076989] clocksource: jiffies: mask: 0xffffffff max_cycles: 0xffffffff, max_idle_ns: 7645041785100000 ns
[    0.079968] pinctrl core: initialized pinctrl subsystem
[    0.107476] NET: Registered protocol family 16
[    0.130180] cpuidle: using governor menu
[    0.131394] vdso: 2 pages (1 code @ ffffff8008766000, 1 data @ ffffff8008b34000)
[    0.131672] hw-breakpoint: found 6 breakpoint and 4 watchpoint registers.
[    0.139595] DMA: preallocated 256 KiB pool for atomic allocations
[    0.142852] Serial: AMBA PL011 UART driver
[    0.211499] 9000000.pl011: ttyAMA0 at MMIO 0x9000000 (irq = 39, base_baud = 0) is a PL011 rev1
[    0.234429] console [ttyAMA0] enabled
[    0.391404] HugeTLB registered 2 MB page size, pre-allocated 0 pages
[    0.414136] vgaarb: loaded
[    0.417951] SCSI subsystem initialized
[    0.427008] usbcore: registered new interface driver usbfs
[    0.429337] usbcore: registered new interface driver hub
[    0.430310] usbcore: registered new device driver usb
[    0.434498] pps_core: LinuxPPS API ver. 1 registered
[    0.434798] pps_core: Software ver. 5.3.6 - Copyright 2005-2007 Rodolfo Giometti <giometti@linux.it>
[    0.438195] PTP clock support registered
[    0.440507] dmi: Firmware registration failed.
[    0.446488] Advanced Linux Sound Architecture Driver Initialized.
[    0.459500] clocksource: Switched to clocksource arch_sys_counter
[    0.461630] VFS: Disk quotas dquot_6.6.0
[    0.464156] VFS: Dquot-cache hash table entries: 512 (order 0, 4096 bytes)
[    0.569795] NET: Registered protocol family 2
[    0.578233] TCP established hash table entries: 8192 (order: 4, 65536 bytes)
[    0.579065] TCP bind hash table entries: 8192 (order: 5, 131072 bytes)
[    0.580445] TCP: Hash tables configured (established 8192 bind 8192)
[    0.581743] UDP hash table entries: 512 (order: 2, 16384 bytes)
[    0.582300] UDP-Lite hash table entries: 512 (order: 2, 16384 bytes)
[    0.585554] NET: Registered protocol family 1
[    0.589570] RPC: Registered named UNIX socket transport module.
[    0.589992] RPC: Registered udp transport module.
[    0.590210] RPC: Registered tcp transport module.
[    0.590464] RPC: Registered tcp NFSv4.1 backchannel transport module.
[    0.598149] kvm [1]: HYP mode not available
[    0.629636] futex hash table entries: 256 (order: 3, 32768 bytes)
[    0.630638] audit: initializing netlink subsys (disabled)
[    0.633254] audit: type=2000 audit(0.600:1): initialized
[    0.644007] workingset: timestamp_bits=44 max_order=18 bucket_order=0
[    0.750143] squashfs: version 4.0 (2009/01/31) Phillip Lougher
[    0.763870] NFS: Registering the id_resolver key type
[    0.765301] Key type id_resolver registered
[    0.765743] Key type id_legacy registered
[    0.768989] fuse init (API version 7.24)
[    0.774758] 9p: Installing v9fs 9p2000 file system support
[    0.792873] io scheduler noop registered
[    0.794660] io scheduler cfq registered (default)
[    0.825197] pl061_gpio 9030000.pl061: PL061 GPIO chip @0x0000000009030000 registered
[    0.836235] PCI host bridge /pcie@10000000 ranges:
[    0.837359]    IO 0x3eff0000..0x3effffff -> 0x00000000
[    0.838358]   MEM 0x10000000..0x3efeffff -> 0x10000000
[    0.838932]   MEM 0x8000000000..0xffffffffff -> 0x8000000000
[    0.843174] pci-host-generic 3f000000.pcie: PCI host bridge to bus 0000:00
[    0.845090] pci_bus 0000:00: root bus resource [bus 00-0f]
[    0.845727] pci_bus 0000:00: root bus resource [io  0x0000-0xffff]
[    0.846326] pci_bus 0000:00: root bus resource [mem 0x10000000-0x3efeffff]
[    0.846934] pci_bus 0000:00: root bus resource [mem 0x8000000000-0xffffffffff]
[    0.886449] xenfs: not registering filesystem on non-xen platform
[    0.932329] Serial: 8250/16550 driver, 4 ports, IRQ sharing disabled
[    0.950419] SuperH (H)SCI(F) driver initialized
[    0.955107] msm_serial: driver initialized
[    0.962524] Unable to detect cache hierarchy from DT for CPU 0
[    1.019275] loop: module loaded
[    1.052166]  vda: vda1 vda2
[    1.082599] tun: Universal TUN/TAP device driver, 1.6
[    1.083111] tun: (C) 1999-2004 Max Krasnyansky <maxk@qualcomm.com>
[    1.102296] e1000e: Intel(R) PRO/1000 Network Driver - 3.2.6-k
[    1.102851] e1000e: Copyright(c) 1999 - 2015 Intel Corporation.
[    1.105697] igb: Intel(R) Gigabit Ethernet Network Driver - version 5.3.0-k
[    1.106360] igb: Copyright (c) 2007-2014 Intel Corporation.
[    1.108426] igbvf: Intel(R) Gigabit Virtual Function Network Driver - version 2.0.2-k
[    1.109114] igbvf: Copyright (c) 2009 - 2012 Intel Corporation.
[    1.110740] sky2: driver version 1.30
[    1.118580] VFIO - User Level meta-driver version: 0.3
[    1.131119] ehci_hcd: USB 2.0 'Enhanced' Host Controller (EHCI) Driver
[    1.131804] ehci-pci: EHCI PCI platform driver
[    1.134520] ehci-platform: EHCI generic platform driver
[    1.136626] ehci-msm: Qualcomm On-Chip EHCI Host Controller
[    1.138129] ohci_hcd: USB 1.1 'Open' Host Controller (OHCI) Driver
[    1.138887] ohci-pci: OHCI PCI platform driver
[    1.141530] ohci-platform: OHCI generic platform driver
[    1.146670] usbcore: registered new interface driver usb-storage
[    1.160309] mousedev: PS/2 mouse device common for all mice
[    1.170178] rtc-pl031 9010000.pl031: rtc core: registered pl031 as rtc0
[    1.174887] i2c /dev entries driver
[    1.197761] sdhci: Secure Digital Host Controller Interface driver
[    1.198401] sdhci: Copyright(c) Pierre Ossman
[    1.201064] Synopsys Designware Multimedia Card Interface Driver
[    1.206174] sdhci-pltfm: SDHCI platform and OF driver helper
[    1.213508] ledtrig-cpu: registered to indicate activity on CPUs
[    1.226725] usbcore: registered new interface driver usbhid
[    1.227256] usbhid: USB HID core driver
[    1.248924] NET: Registered protocol family 17
[    1.250783] 9pnet: Installing 9P2000 support
[    1.252973] Key type dns_resolver registered
[    1.258829] registered taskstats version 1
[    1.268887] input: gpio-keys as /devices/platform/gpio-keys/input/input0
[    1.273646] rtc-pl031 9010000.pl031: setting system clock to 2016-04-22 18:52:20 UTC (1461351140)
[    1.276846] ALSA device list:
[    1.277193]   No soundcards found.
[    1.281319] uart-pl011 9000000.pl011: no DMA platform data
[    1.288862] EXT4-fs (vda2): couldn't mount as ext3 due to feature incompatibilities
[    1.353864] EXT4-fs (vda2): recovery complete
[    1.354733] EXT4-fs (vda2): mounted filesystem with ordered data mode. Opts: (null)
[    1.356063] VFS: Mounted root (ext4 filesystem) on device 254:2.
[    1.358701] devtmpfs: mounted
[    1.399145] Freeing unused kernel memory: 896K (ffffffc000a50000 - ffffffc000b30000)
bash: cannot set terminal process group (-1): Inappropriate ioctl for device
bash: no job control in this shell
bash-4.3# 