

U-Boot 2011.03 (Jun 11 2013 - 06:07:37)

T114
Board: NVIDIA Dalmore
DRAM:  2 GiB
MMC:   Tegra2 SD/MMC: 0, Tegra2 SD/MMC: 1
In:    serial
Out:   serial
Err:   serial
Net:   Net Initialization Skipped
No ethernet found.
Hit any key to stop autoboot:  2  1  0 
Dalmore #
Dalmore #usb reset
(Re)start USB...
USB:   Register 10011 NbrPorts 1
USB EHCI 1.10
scanning bus for devices... 2 USB Device(s) found
       scanning bus for storage devices... 0 Storage Device(s) found
       scanning bus for ethernet devices... 1 Ethernet Device(s) found
Dalmore #setenv bootargs 'ignore_loglevel console=ttyS0,115200n8 rw root=/dev/mmcblk0p1 rootwait gpt debug init=/bin/bash'
Dalmore #setenv ipaddr 192.168.100.100; setenv serverip 192.168.100.1; setenv tftpserverip 192.168.100.1
Dalmore #tftpboot 0x81000000 zImage.multi_v7_defconfig
Waiting for Ethernet connection... done.
Using asx0 device
TFTP from server 192.168.100.1; our IP address is 192.168.100.100
Filename 'zImage.multi_v7_defconfig'.
Load address: 0x81000000
Loading: *#################################################  2.8 MiB/s
done
Bytes transferred = 3654992 (37c550 hex)
Dalmore #tftpboot 0x82000000 tegra114-dalmore.dtb
Using asx0 device
TFTP from server 192.168.100.1; our IP address is 192.168.100.100
Filename 'tegra114-dalmore.dtb'.
Load address: 0x82000000
Loading: *#################################################  2.6 MiB/s
done
Bytes transferred = 29436 (72fc hex)
Dalmore #bootz 0x81000000 - 0x82000000
## Flattened Device Tree blob at 82000000
   Booting using the fdt blob at 0x82000000
   Loading Device Tree to 81ff5000, end 81fff2fb ... OK

Starting kernel ...

Timer summary in microseconds:
       Mark    Elapsed  Stage
          0          0  awake
  3,090,748  3,090,748  usb_start
  7,094,061  4,003,313  eth_start
  7,094,059         -2  tftp start
 10,933,235  3,839,176  tftp done
 13,105,874  2,172,639  start_kernel
[    0.000000] Booting Linux on physical CPU 0x0
[    0.000000] Linux version 3.13.0-rc1-next-20131127-26138-gc6ce46f (pwalmsley@kaivo) (gcc version 4.7.3 20130328 (prerelease) (crosstool-NG linaro-1.13.1-4.7-2013.04-20130415 - Linaro GCC 2013.04) ) #1 SMP Tue Nov 26 19:47:03 PST 2013
[    0.000000] CPU: ARMv7 Processor [412fc0f2] revision 2 (ARMv7), cr=10c5387d
[    0.000000] CPU: PIPT / VIPT nonaliasing data cache, PIPT instruction cache
[    0.000000] Machine model: NVIDIA Tegra114 Dalmore evaluation board
[    0.000000] debug: ignoring loglevel setting.
[    0.000000] Memory policy: Data cache writealloc
[    0.000000] On node 0 totalpages: 524032
[    0.000000] free_area_init_node: node 0, pgdat c074be00, node_mem_map c0794000
[    0.000000]   DMA zone: 1520 pages used for memmap
[    0.000000]   DMA zone: 0 pages reserved
[    0.000000]   DMA zone: 194560 pages, LIFO batch:31
[    0.000000]   HighMem zone: 2574 pages used for memmap
[    0.000000]   HighMem zone: 329472 pages, LIFO batch:31
[    0.000000] Tegra Revision: A01 SKU: 0 CPU Process: 1 Core Process: 1
[    0.000000] PERCPU: Embedded 5 pages/cpu @c17ac000 s6912 r0 d13568 u32768
[    0.000000] pcpu-alloc: s6912 r0 d13568 u32768 alloc=8*4096
[    0.000000] pcpu-alloc: [0] 0 [0] 1 [0] 2 [0] 3 
[    0.000000] Built 1 zonelists in Zone order, mobility grouping on.  Total pages: 522512
[    0.000000] Kernel command line: ignore_loglevel console=ttyS0,115200n8 rw root=/dev/mmcblk0p1 rootwait gpt debug init=/bin/bash
[    0.000000] PID hash table entries: 4096 (order: 2, 16384 bytes)
[    0.000000] Dentry cache hash table entries: 131072 (order: 7, 524288 bytes)
[    0.000000] Inode-cache hash table entries: 65536 (order: 6, 262144 bytes)
[    0.000000] Memory: 2070960K/2096128K available (4952K kernel code, 587K rwdata, 1420K rodata, 474K init, 284K bss, 25168K reserved, 1317888K highmem)
[    0.000000] Virtual kernel memory layout:
[    0.000000]     vector  : 0xffff0000 - 0xffff1000   (   4 kB)
[    0.000000]     fixmap  : 0xfff00000 - 0xfffe0000   ( 896 kB)
[    0.000000]     vmalloc : 0xf0000000 - 0xff000000   ( 240 MB)
[    0.000000]     lowmem  : 0xc0000000 - 0xef800000   ( 760 MB)
[    0.000000]     pkmap   : 0xbfe00000 - 0xc0000000   (   2 MB)
[    0.000000]       .text : 0xc0008000 - 0xc06415f0   (6374 kB)
[    0.000000]       .init : 0xc0642000 - 0xc06b8b00   ( 475 kB)
[    0.000000]       .data : 0xc06ba000 - 0xc074cc00   ( 587 kB)
[    0.000000]        .bss : 0xc074cc08 - 0xc0793f14   ( 285 kB)
[    0.000000] SLUB: HWalign=64, Order=0-3, MinObjects=0, CPUs=4, Nodes=1
[    0.000000] Hierarchical RCU implementation.
[    0.000000] NR_IRQS:16 nr_irqs:16 16
[    0.000000] sched_clock: 32 bits at 1000kHz, resolution 1000ns, wraps every 2147483648000ns
[    0.000000] Architected cp15 timer(s) running at 12.00MHz (virt).
[    0.000000] sched_clock: 56 bits at 12MHz, resolution 83ns, wraps every 2863311536128ns
[    0.000000] Switching to timer-based delay loop
[    0.000000] Console: colour dummy device 80x30
[    0.000224] Calibrating delay loop (skipped), value calculated using timer frequency.. 24.00 BogoMIPS (lpj=120000)
[    0.000240] pid_max: default: 32768 minimum: 301
[    0.000401] Mount-cache hash table entries: 512
[    0.008333] CPU: Testing write buffer coherency: ok
[    0.008570] /cpus/cpu@0 missing clock-frequency property
[    0.008592] /cpus/cpu@1 missing clock-frequency property
[    0.008613] /cpus/cpu@2 missing clock-frequency property
[    0.008636] /cpus/cpu@3 missing clock-frequency property
[    0.008650] CPU0: thread -1, cpu 0, socket 0, mpidr 80000000
[    0.008676] Setting up static identity map for 0x804af2c0 - 0x804af358
[    0.008891] unable to find compatible sirf rstc node in dtb
[    0.010410] CPU1: Booted secondary processor
[    0.010437] CPU1: thread -1, cpu 1, socket 0, mpidr 80000001
[    0.010995] CPU2: Booted secondary processor
[    0.011019] CPU2: thread -1, cpu 2, socket 0, mpidr 80000002
[    0.011562] CPU3: Booted secondary processor
[    0.011586] CPU3: thread -1, cpu 3, socket 0, mpidr 80000003
[    0.011686] Brought up 4 CPUs
[    0.011715] SMP: Total of 4 processors activated.
[    0.011723] CPU: All CPU(s) started in SVC mode.
[    0.012375] devtmpfs: initialized
[    0.017883] VFP support v0.3: implementor 41 architecture 4 part 30 variant f rev 0
[    0.018086] pinctrl core: initialized pinctrl subsystem
[    0.018436] regulator-dummy: no parameters
[    0.018808] NET: Registered protocol family 16
[    0.019050] DMA: preallocated 256 KiB pool for atomic coherent allocations
[    0.029942] Serial: AMBA PL011 UART driver
[    0.035275] bio: create slab <bio-0> at 0
[    0.036674] edma-dma-engine edma-dma-engine.0: Can't allocate PaRAM dummy slot
[    0.036697] edma-dma-engine: probe of edma-dma-engine.0 failed with error -5
[    0.037090] vdd_ac_bat: 5000 mV 
[    0.037275] dvdd_ts: Failed to request enable GPIO61: -517
[    0.037367] reg-fixed-voltage 1.regulator: Failed to register regulator: -517
[    0.037387] platform 1.regulator: Driver reg-fixed-voltage requests probe deferral
[    0.037504] lcd_bl_en: Failed to request enable GPIO58: -517
[    0.037583] reg-fixed-voltage 2.regulator: Failed to register regulator: -517
[    0.037602] platform 2.regulator: Driver reg-fixed-voltage requests probe deferral
[    0.037718] usb1_vbus: Failed to request enable GPIO108: -517
[    0.037799] reg-fixed-voltage 3.regulator: Failed to register regulator: -517
[    0.037819] platform 3.regulator: Driver reg-fixed-voltage requests probe deferral
[    0.037934] usb2_vbus: Failed to request enable GPIO86: -517
[    0.038013] reg-fixed-voltage 4.regulator: Failed to register regulator: -517
[    0.038031] platform 4.regulator: Driver reg-fixed-voltage requests probe deferral
[    0.038145] vdd_hdmi_5v0: Failed to request enable GPIO81: -517
[    0.038223] reg-fixed-voltage 5.regulator: Failed to register regulator: -517
[    0.038241] platform 5.regulator: Driver reg-fixed-voltage requests probe deferral
[    0.038301] platform 6.regulator: Driver reg-fixed-voltage requests probe deferral
[    0.039483] SCSI subsystem initialized
[    0.039650] libata version 3.00 loaded.
[    0.039833] usbcore: registered new interface driver usbfs
[    0.039872] usbcore: registered new interface driver hub
[    0.039980] usbcore: registered new device driver usb
[    0.042818] vdd-cpu: 500 <--> 1520 mV at 1100 mV 
[    0.043012] genirq: Setting trigger mode 8 for irq 118 failed (gic_set_type+0x0/0xfc)
[    0.043221] pps_core: LinuxPPS API ver. 1 registered
[    0.043230] pps_core: Software ver. 5.3.6 - Copyright 2005-2007 Rodolfo Giometti <giometti@linux.it>
[    0.043253] PTP clock support registered
[    0.043289] EDAC MC: Ver: 3.0.0
[    0.044206] Switched to clocksource arch_sys_counter
[    0.051724] NET: Registered protocol family 2
[    0.052235] TCP established hash table entries: 8192 (order: 3, 32768 bytes)
[    0.052325] TCP bind hash table entries: 8192 (order: 4, 65536 bytes)
[    0.052513] TCP: Hash tables configured (established 8192 bind 8192)
[    0.052570] TCP: reno registered
[    0.052585] UDP hash table entries: 512 (order: 2, 16384 bytes)
[    0.052628] UDP-Lite hash table entries: 512 (order: 2, 16384 bytes)
[    0.052898] NET: Registered protocol family 1
[    0.053188] RPC: Registered named UNIX socket transport module.
[    0.053198] RPC: Registered udp transport module.
[    0.053206] RPC: Registered tcp transport module.
[    0.053215] RPC: Registered tcp NFSv4.1 backchannel transport module.
[    0.055106] bounce pool size: 64 pages
[    0.062267] NFS: Registering the id_resolver key type
[    0.062304] Key type id_resolver registered
[    0.062314] Key type id_legacy registered
[    0.062548] Block layer SCSI generic (bsg) driver version 0.4 loaded (major 251)
[    0.062560] io scheduler noop registered
[    0.062570] io scheduler deadline registered
[    0.062710] io scheduler cfq registered (default)
[    0.071361] tegra-apbdma 6000a000.dma: Tegra20 APB DMA driver register 32 channels
[    0.118148] Serial: 8250/16550 driver, 4 ports, IRQ sharing disabled
[    0.119251] Serial: IMX driver
[    0.120245] 70006300.serial: ttyS0 at MMIO 0x70006300 (irq = 122, base_baud = 25500000) is a Tegra
[    0.849384] console [ttyS0] enabled
[    0.853762] serial: Freescale lpuart driver
[    0.858242] [drm] Initialized drm 1.1.0 20060810
[    0.865581] ehci_hcd: USB 2.0 'Enhanced' Host Controller (EHCI) Driver
[    0.872100] ehci-platform: EHCI generic platform driver
[    0.877433] ehci-omap: OMAP-EHCI Host Controller driver
[    0.882736] ehci-orion: EHCI orion driver
[    0.886841] SPEAr-ehci: EHCI SPEAr driver
[    0.890925] tegra-ehci: Tegra EHCI driver
[    0.895117] platform 7d008000.usb: Driver tegra-ehci requests probe deferral
[    0.902409] usbcore: registered new interface driver usb-storage
[    0.908911] platform 7d008000.usb-phy: Driver tegra-phy requests probe deferral
[    0.916960] mousedev: PS/2 mouse device common for all mice
[    0.923203] tegra_rtc 7000e000.rtc: rtc core: registered 7000e000.rtc as rtc0
[    0.930362] tegra_rtc 7000e000.rtc: Tegra internal Real Time Clock
[    0.937250] sdhci: Secure Digital Host Controller Interface driver
[    0.943420] sdhci: Copyright(c) Pierre Ossman
[    0.948105] sdhci-pltfm: SDHCI platform and OF driver helper
[    0.954241] sdhci-tegra 78000400.sdhci: Got CD GPIO #170.
[    0.960668] sdhci-tegra 78000400.sdhci: dummy supplies not allowed
[    0.966852] mmc0: no vqmmc regulator found
[    0.970950] sdhci-tegra 78000400.sdhci: dummy supplies not allowed
[    0.977132] mmc0: no vmmc regulator found
[    0.981136] mmc0: Invalid maximum block size, assuming 512 bytes
[    1.024219] mmc0: SDHCI controller on 78000400.sdhci [78000400.sdhci] using ADMA
[    1.031719] sdhci-tegra 78000600.sdhci: dummy supplies not allowed
[    1.037908] mmc1: no vqmmc regulator found
[    1.042003] sdhci-tegra 78000600.sdhci: dummy supplies not allowed
[    1.048184] mmc1: no vmmc regulator found
[    1.052187] mmc1: Invalid maximum block size, assuming 512 bytes
[    1.094219] mmc1: SDHCI controller on 78000600.sdhci [78000600.sdhci] using ADMA
[    1.102014] usbcore: registered new interface driver usbhid
[    1.107590] usbhid: USB HID core driver
[    1.111650] TCP: cubic registered
[    1.115455] NET: Registered protocol family 10
[    1.120566] sit: IPv6 over IPv4 tunneling driver
[    1.125792] Key type dns_resolver registered
[    1.130205] Registering SWP/SWPB emulation handler
[    1.138022] dvdd_ts: 1800 mV 
[    1.141277] lcd_bl_en: 5000 mV 
[    1.144696] usb1_vbus: 5000 mV 
[    1.147865] reg-fixed-voltage 3.regulator: Failed to find supply vin
[    1.154319] reg-fixed-voltage 3.regulator: Failed to register regulator: -517
[    1.161454] platform 3.regulator: Driver reg-fixed-voltage requests probe deferral
[    1.169481] usb2_vbus: 5000 mV 
[    1.172643] reg-fixed-voltage 4.regulator: Failed to find supply vin
[    1.179090] reg-fixed-voltage 4.regulator: Failed to register regulator: -517
[    1.186237] platform 4.regulator: Driver reg-fixed-voltage requests probe deferral
[    1.194177] vdd_hdmi_5v0: 5000 mV 
[    1.197614] reg-fixed-voltage 5.regulator: Failed to find supply vin
[    1.204040] reg-fixed-voltage 5.regulator: Failed to register regulator: -517
[    1.211187] platform 5.regulator: Driver reg-fixed-voltage requests probe deferral
[    1.216522] mmc1: BKOPS_EN bit is not set
[    1.223057] platform 6.regulator: Driver reg-fixed-voltage requests probe deferral
[    1.231138] platform 7d008000.usb: Driver tegra-ehci requests probe deferral
[    1.238588] platform 7d008000.usb-phy: Driver tegra-phy requests probe deferral
[    1.243087] mmc1: new HS200 MMC card at address 0001
[    1.243453] isa bounce pool size: 16 pages
[    1.243544] mmcblk0: mmc1:0001 SEM32G 29.1 GiB 
[    1.243748] mmcblk0boot0: mmc1:0001 SEM32G partition 1 4.00 MiB
[    1.243946] mmcblk0boot1: mmc1:0001 SEM32G partition 2 4.00 MiB
[    1.244152] mmcblk0rpmb: mmc1:0001 SEM32G partition 3 4.00 MiB
[    1.246547] Primary GPT is invalid, using alternate GPT.
[    1.246569]  mmcblk0: p1 p2 p3 p4 p5
[    1.249383]  mmcblk0boot1: unknown partition table
[    1.250973]  mmcblk0boot0: unknown partition table
[    1.295755] usb1_vbus: 5000 mV 
[    1.298920] reg-fixed-voltage 3.regulator: Failed to find supply vin
[    1.305362] reg-fixed-voltage 3.regulator: Failed to register regulator: -517
[    1.312496] platform 3.regulator: Driver reg-fixed-voltage requests probe deferral
[    1.320470] usb2_vbus: 5000 mV 
[    1.323633] reg-fixed-voltage 4.regulator: Failed to find supply vin
[    1.330071] reg-fixed-voltage 4.regulator: Failed to register regulator: -517
[    1.337217] platform 4.regulator: Driver reg-fixed-voltage requests probe deferral
[    1.345159] vdd_hdmi_5v0: 5000 mV 
[    1.348580] reg-fixed-voltage 5.regulator: Failed to find supply vin
[    1.355017] reg-fixed-voltage 5.regulator: Failed to register regulator: -517
[    1.362150] platform 5.regulator: Driver reg-fixed-voltage requests probe deferral
[    1.370020] platform 6.regulator: Driver reg-fixed-voltage requests probe deferral
[    1.378091] platform 7d008000.usb: Driver tegra-ehci requests probe deferral
[    1.385273] tegra_rtc 7000e000.rtc: setting system clock to 1970-01-01 00:00:15 UTC (15)
[    1.398208] EXT4-fs (mmcblk0p1): mounting ext3 file system using the ext4 subsystem
[    1.419915] EXT4-fs (mmcblk0p1): recovery complete
[    1.424728] EXT4-fs (mmcblk0p1): mounted filesystem with ordered data mode. Opts: (null)
[    1.432833] VFS: Mounted root (ext3 filesystem) on device 179:1.
[    1.440723] devtmpfs: mounted
[    1.444067] Freeing unused kernel memory: 472K (c0642000 - c06b8000)
bash: cannot set terminal process group (-1): Inappropriate ioctl for device
bash: no job control in this shell
I have no name!@(none):/# 