

U-Boot 2011.03 (Jun 11 2013 - 06:07:37)

T114
Board: NVIDIA Dalmore
DRAM:  2 GiB
MMC:   Tegra2 SD/MMC: 0, Tegra2 SD/MMC: 1
In:    serial
Out:   serial
Err:   serial
Net:   Net Initialization Skipped
No ethernet found.
Hit any key to stop autoboot:  2  0 
Dalmore #
Dalmore #usb reset
(Re)start USB...
USB:   Register 10011 NbrPorts 1
USB EHCI 1.10
scanning bus for devices... 2 USB Device(s) found
       scanning bus for storage devices... 0 Storage Device(s) found
       scanning bus for ethernet devices... 1 Ethernet Device(s) found
Dalmore #setenv bootargs 'ignore_loglevel console=ttyS0,115200n8 rw root=/dev/mmcblk0p1 rootwait gpt debug init=/bin/bash'
Dalmore #setenv ipaddr 192.168.100.100; setenv serverip 192.168.100.1; setenv tftpserverip 192.168.100.1
Dalmore #tftpboot 0x81000000 zImage.tegra_defconfig%tegra20,114_mergeconfig
Waiting for Ethernet connection... done.
Using asx0 device
TFTP from server 192.168.100.1; our IP address is 192.168.100.100
Filename 'zImage.tegra_defconfig%tegra20,114_mergeconfig'.
Load address: 0x81000000
Loading: *#################################################  2.8 MiB/s
done
Bytes transferred = 4170192 (3fa1d0 hex)
Dalmore #tftpboot 0x82000000 tegra114-dalmore.dtb
Using asx0 device
TFTP from server 192.168.100.1; our IP address is 192.168.100.100
Filename 'tegra114-dalmore.dtb'.
Load address: 0x82000000
Loading: *#################################################  2.5 MiB/s
done
Bytes transferred = 34015 (84df hex)
Dalmore #bootz 0x81000000 - 0x82000000
## Flattened Device Tree blob at 82000000
   Booting using the fdt blob at 0x82000000
   Loading Device Tree to 81ff4000, end 81fff4de ... OK

Starting kernel ...

Timer summary in microseconds:
       Mark    Elapsed  Stage
          0          0  awake
  2,132,327  2,132,327  usb_start
  6,137,516  4,005,189  eth_start
  6,137,514         -2  tftp start
 10,048,950  3,911,436  tftp done
 12,147,625  2,098,675  start_kernel
Uncompressing Linux... done, booting the kernel.
[    0.000000] Booting Linux on physical CPU 0x0
[    0.000000] Initializing cgroup subsys cpu
[    0.000000] Initializing cgroup subsys cpuacct
[    0.000000] Linux version 3.13.0-next-20140122-37269-gc70b3a9 (pwalmsley@tamien) (gcc version 4.7.3 20130328 (prerelease) (crosstool-NG linaro-1.13.1-4.7-2013.04-20130415 - Linaro GCC 2013.04) ) #1 SMP PREEMPT Tue Jan 21 23:53:44 PST 2014
[    0.000000] CPU: ARMv7 Processor [412fc0f2] revision 2 (ARMv7), cr=10c5387d
[    0.000000] CPU: PIPT / VIPT nonaliasing data cache, PIPT instruction cache
[    0.000000] Machine model: NVIDIA Tegra114 Dalmore evaluation board
[    0.000000] debug: ignoring loglevel setting.
[    0.000000] cma: CMA: reserved 16 MiB at ae800000
[    0.000000] Memory policy: Data cache writealloc
[    0.000000] On node 0 totalpages: 524032
[    0.000000] free_area_init_node: node 0, pgdat c07ec380, node_mem_map ed7f0000
[    0.000000]   Normal zone: 1520 pages used for memmap
[    0.000000]   Normal zone: 0 pages reserved
[    0.000000]   Normal zone: 194560 pages, LIFO batch:31
[    0.000000]   HighMem zone: 2574 pages used for memmap
[    0.000000]   HighMem zone: 329472 pages, LIFO batch:31
[    0.000000] Tegra Revision: A01 SKU: 0 CPU Process: 1 Core Process: 1
[    0.000000] PERCPU: Embedded 8 pages/cpu @ed7b7000 s9152 r8192 d15424 u32768
[    0.000000] pcpu-alloc: s9152 r8192 d15424 u32768 alloc=8*4096
[    0.000000] pcpu-alloc: [0] 0 [0] 1 [0] 2 [0] 3 
[    0.000000] Built 1 zonelists in Zone order, mobility grouping on.  Total pages: 522512
[    0.000000] Kernel command line: ignore_loglevel console=ttyS0,115200n8 rw root=/dev/mmcblk0p1 rootwait gpt debug init=/bin/bash
[    0.000000] PID hash table entries: 4096 (order: 2, 16384 bytes)
[    0.000000] Dentry cache hash table entries: 131072 (order: 7, 524288 bytes)
[    0.000000] Inode-cache hash table entries: 65536 (order: 6, 262144 bytes)
[    0.000000] Memory: 2053804K/2096128K available (5689K kernel code, 310K rwdata, 1844K rodata, 236K init, 336K bss, 42324K reserved, 1317888K highmem)
[    0.000000] Virtual kernel memory layout:
[    0.000000]     vector  : 0xffff0000 - 0xffff1000   (   4 kB)
[    0.000000]     fixmap  : 0xfff00000 - 0xfffe0000   ( 896 kB)
[    0.000000]     vmalloc : 0xf0000000 - 0xff000000   ( 240 MB)
[    0.000000]     lowmem  : 0xc0000000 - 0xef800000   ( 760 MB)
[    0.000000]     pkmap   : 0xbfe00000 - 0xc0000000   (   2 MB)
[    0.000000]     modules : 0xbf000000 - 0xbfe00000   (  14 MB)
[    0.000000]       .text : 0xc0008000 - 0xc0763ac4   (7535 kB)
[    0.000000]       .init : 0xc0764000 - 0xc079f3c0   ( 237 kB)
[    0.000000]       .data : 0xc07a0000 - 0xc07edae0   ( 311 kB)
[    0.000000]        .bss : 0xc07edaec - 0xc0841d58   ( 337 kB)
[    0.000000] Preemptible hierarchical RCU implementation.
[    0.000000] NR_IRQS:16 nr_irqs:16 16
[   12.931215] sched_clock: 32 bits at 1000kHz, resolution 1000ns, wraps every 2147483648000ns
[    0.000399] Architected cp15 timer(s) running at 12.00MHz (virt).
[   11.037738] sched_clock: 56 bits at 12MHz, resolution 83ns, wraps every 2863311536128ns
[    0.000003] Switching to timer-based delay loop
[    0.000444] Console: colour dummy device 80x30
[    0.000478] Calibrating delay loop (skipped), value calculated using timer frequency.. 24.00 BogoMIPS (lpj=120000)
[    0.000493] pid_max: default: 32768 minimum: 301
[    0.000919] Mount-cache hash table entries: 512
[    0.021875] Initializing cgroup subsys debug
[    0.021894] Initializing cgroup subsys freezer
[    0.021959] CPU: Testing write buffer coherency: ok
[    0.022299] /cpus/cpu@0 missing clock-frequency property
[    0.022323] /cpus/cpu@1 missing clock-frequency property
[    0.022346] /cpus/cpu@2 missing clock-frequency property
[    0.022370] /cpus/cpu@3 missing clock-frequency property
[    0.022384] CPU0: thread -1, cpu 0, socket 0, mpidr 80000000
[    0.022412] Setting up static identity map for 0x80564bd0 - 0x80564c68
[    0.080898] CPU1: Booted secondary processor
[    0.080926] CPU1: thread -1, cpu 1, socket 0, mpidr 80000001
[    0.100914] CPU2: Booted secondary processor
[    0.100938] CPU2: thread -1, cpu 2, socket 0, mpidr 80000002
[    0.120900] CPU3: Booted secondary processor
[    0.120924] CPU3: thread -1, cpu 3, socket 0, mpidr 80000003
[    0.121105] Brought up 4 CPUs
[    0.121135] SMP: Total of 4 processors activated.
[    0.121143] CPU: All CPU(s) started in SVC mode.
[    0.122185] devtmpfs: initialized
[    0.135499] VFP support v0.3: implementor 41 architecture 4 part 30 variant f rev 0
[    0.136202] pinctrl core: initialized pinctrl subsystem
[    0.136782] regulator-dummy: no parameters
[    0.137635] NET: Registered protocol family 16
[    0.138961] DMA: preallocated 256 KiB pool for atomic coherent allocations
[    0.140203] cpuidle: using governor ladder
[    0.140215] cpuidle: using governor menu
[    0.157338] No ATAGs?
[    0.157366] hw-breakpoint: found 5 (+1 reserved) breakpoint and 4 watchpoint registers.
[    0.157378] hw-breakpoint: maximum watchpoint size is 8 bytes.
[    0.175673] bio: create slab <bio-0> at 0
[    0.177246] vdd_ac_bat: 5000 mV 
[    0.177655] dvdd_ts: Failed to request enable GPIO61: -517
[    0.177821] reg-fixed-voltage 1.regulator: Failed to register regulator: -517
[    0.177847] platform 1.regulator: Driver reg-fixed-voltage requests probe deferral
[    0.178187] usb1_vbus: Failed to request enable GPIO108: -517
[    0.178337] reg-fixed-voltage 3.regulator: Failed to register regulator: -517
[    0.178361] platform 3.regulator: Driver reg-fixed-voltage requests probe deferral
[    0.178701] usb2_vbus: Failed to request enable GPIO86: -517
[    0.178850] reg-fixed-voltage 4.regulator: Failed to register regulator: -517
[    0.178874] platform 4.regulator: Driver reg-fixed-voltage requests probe deferral
[    0.179211] vdd_hdmi_5v0: Failed to request enable GPIO81: -517
[    0.179358] reg-fixed-voltage 5.regulator: Failed to register regulator: -517
[    0.179382] platform 5.regulator: Driver reg-fixed-voltage requests probe deferral
[    0.179479] platform 6.regulator: Driver reg-fixed-voltage requests probe deferral
[    0.180945] vgaarb: loaded
[    0.182209] SCSI subsystem initialized
[    0.182840] usbcore: registered new interface driver usbfs
[    0.183011] usbcore: registered new interface driver hub
[    0.183203] usbcore: registered new device driver usb
[    0.188623] vdd-cpu: 500 <--> 1520 mV at 1100 mV 
[    0.189236] tps65090 2-0048: No cache defaults, reading back from HW
[    0.195859] vdd-sys-5v0: no parameters
[    0.195943] vdd-sys-5v0: supplied by vdd_ac_bat
[    0.197413] vdd-sys-3v3: no parameters
[    0.197486] vdd-sys-3v3: supplied by vdd_ac_bat
[    0.198962] vdd-ao: no parameters
[    0.199033] vdd-ao: supplied by vdd_ac_bat
[    0.199304] vdd-lcd-bl: no parameters
[    0.199375] vdd-lcd-bl: supplied by vdd_ac_bat
[    0.199653] TPS65090_RAILSFET2: no parameters
[    0.199724] TPS65090_RAILSFET2: supplied by vdd_ac_bat
[    0.200010] vdd-modem-3v3: no parameters
[    0.200078] vdd-modem-3v3: supplied by vdd-sys-3v3
[    0.200388] avdd-lcd: no parameters
[    0.200456] avdd-lcd: supplied by vdd-sys-3v3
[    0.200728] vdd-lvds: no parameters
[    0.200794] vdd-lvds: supplied by vdd-sys-3v3
[    0.201083] vdd-sd-slot: no parameters
[    0.201150] vdd-sd-slot: supplied by vdd-sys-3v3
[    0.201429] vdd-com-3v3: no parameters
[    0.201495] vdd-com-3v3: supplied by vdd-sys-3v3
[    0.201781] vdd-sby-5v0: no parameters
[    0.201839] vdd-sby-5v0: supplied by vdd_ac_bat
[    0.202115] vdd-sby-3v3: no parameters
[    0.202173] vdd-sby-3v3: supplied by vdd_ac_bat
[    0.202532] genirq: Setting trigger mode 8 for irq 118 failed (gic_set_type+0x0/0xf0)
[    0.203091] palmas 2-0058: Irq flag is 0x00000000
[    0.217494] palmas 2-0058: Muxing GPIO ff, PWM 0, LED 0
[    0.226825] vddio-ddr: 1350 mV 
[    0.227752] vddio-ddr: supplied by vdd-ao
[    0.234764] vddio-1v8: 1800 mV 
[    0.235675] vddio-1v8: supplied by vdd-ao
[    0.242680] vdd-core: 900 <--> 1400 mV at 1100 mV 
[    0.243589] vdd-core: supplied by vdd-sys-3v3
[    0.247816] SMPS6: no parameters
[    0.255681] avdd-pll: 1050 mV 
[    0.256593] avdd-pll: supplied by vdd-sys-3v3
[    0.264956] sdhci-vdd-sd-slot: 2800 mV 
[    0.265878] sdhci-vdd-sd-slot: supplied by vdd-sys-3v3
[    0.267738] SMPS10_OUT2: at 5000 mV 
[    0.269681] SMPS10_OUT1: at 5000 mV 
[    0.272430] avdd-cam1: 2800 mV 
[    0.273329] avdd-cam1: supplied by vdd-sys-3v3
[    0.277379] avdd-cam2: 2800 mV 
[    0.278276] avdd-cam2: supplied by vdd-sys-3v3
[    0.283101] avdd-dsi-csi: 1200 mV 
[    0.283998] avdd-dsi-csi: supplied by vddio-1v8
[    0.288821] vpp-fuse: 1800 mV 
[    0.289717] vpp-fuse: supplied by vdd-sys-3v3
[    0.292952] LDO5: at 1200 mV 
[    0.293853] LDO5: supplied by vdd_ac_bat
[    0.296518] vdd-sensor-2v85: 2850 mV 
[    0.297414] vdd-sensor-2v85: supplied by vdd-sys-3v3
[    0.301432] vdd-af-cam1: 2800 mV 
[    0.302330] vdd-af-cam1: supplied by vdd-sys-3v3
[    0.310480] vdd-rtc: 900 mV 
[    0.311377] vdd-rtc: supplied by vdd-ao
[    0.315417] vddio-sdmmc-2: 1800 <--> 3300 mV at 3300 mV 
[    0.316324] vddio-sdmmc-2: supplied by sdhci-vdd-sd-slot
[    0.321138] hvdd-usb: 3300 mV 
[    0.322034] hvdd-usb: supplied by vdd-sys-5v0
[    0.326839] avdd-usb: 3300 mV 
[    0.327746] avdd-usb: supplied by vdd-sys-5v0
[    0.330976] rail-3v3: no parameters
[    0.333443] rail-5v0: no parameters
[    0.335134] REGEN3: no parameters
[    0.335434] SYSEN1: no parameters
[    0.335734] SYSEN2: no parameters
[    0.336518] Linux video capture interface: v2.00
[    0.337447] platform 70019010.iommu: Driver tegra-smmu requests probe deferral
[    0.337813] Advanced Linux Sound Architecture Driver Initialized.
[    0.339111] Bluetooth: Core ver 2.18
[    0.339176] NET: Registered protocol family 31
[    0.339184] Bluetooth: HCI device and connection manager initialized
[    0.339208] Bluetooth: HCI socket layer initialized
[    0.339230] Bluetooth: L2CAP socket layer initialized
[    0.339251] Bluetooth: SCO socket layer initialized
[    0.339906] cfg80211: Calling CRDA to update world regulatory domain
[    0.340623] Switched to clocksource arch_sys_counter
[    0.362485] NET: Registered protocol family 2
[    0.363409] TCP established hash table entries: 8192 (order: 3, 32768 bytes)
[    0.363520] TCP bind hash table entries: 8192 (order: 4, 65536 bytes)
[    0.363707] TCP: Hash tables configured (established 8192 bind 8192)
[    0.364123] TCP: reno registered
[    0.364141] UDP hash table entries: 512 (order: 2, 16384 bytes)
[    0.364183] UDP-Lite hash table entries: 512 (order: 2, 16384 bytes)
[    0.364602] NET: Registered protocol family 1
[    0.365319] RPC: Registered named UNIX socket transport module.
[    0.365331] RPC: Registered udp transport module.
[    0.365339] RPC: Registered tcp transport module.
[    0.365348] RPC: Registered tcp NFSv4.1 backchannel transport module.
[    0.365360] PCI: CLS 0 bytes, default 64
[    0.369391] futex hash table entries: 1024 (order: 4, 65536 bytes)
[    0.370491] bounce pool size: 64 pages
[    0.372077] squashfs: version 4.0 (2009/01/31) Phillip Lougher
[    0.372869] msgmni has been set to 1469
[    0.374643] io scheduler noop registered (default)
[    0.403611] tegra-apbdma 6000a000.dma: Tegra20 APB DMA driver register 32 channels
[    0.404501] Serial: 8250/16550 driver, 4 ports, IRQ sharing disabled
[    0.407865] 70006300.serial: ttyS0 at MMIO 0x70006300 (irq = 122, base_baud = 25500000) is a Tegra
[    1.428224] console [ttyS0] enabled
[    1.432823] [drm] Initialized drm 1.1.0 20060810
[    1.438291] platform 54300000.dsi: Driver tegra-dsi requests probe deferral
[    1.446109] tegra-hdmi 54280000.hdmi: failed to get VDD regulator
[    1.452238] platform 54280000.hdmi: Driver tegra-hdmi requests probe deferral
[    1.471361] loop: module loaded
[    1.478479] m25p80 spi32766.0: w25q32dw (4096 Kbytes)
[    1.486426] pegasus: v0.9.3 (2013/04/25), Pegasus/Pegasus II USB Ethernet driver
[    1.493963] usbcore: registered new interface driver pegasus
[    1.499782] usbcore: registered new interface driver asix
[    1.505306] usbcore: registered new interface driver ax88179_178a
[    1.511526] usbcore: registered new interface driver cdc_ether
[    1.517459] usbcore: registered new interface driver r815x
[    1.523113] usbcore: registered new interface driver smsc75xx
[    1.529026] usbcore: registered new interface driver smsc95xx
[    1.534899] usbcore: registered new interface driver net1080
[    1.540680] usbcore: registered new interface driver cdc_subset
[    1.546702] usbcore: registered new interface driver zaurus
[    1.552455] usbcore: registered new interface driver cdc_ncm
[    1.558145] ehci_hcd: USB 2.0 'Enhanced' Host Controller (EHCI) Driver
[    1.564677] ehci-pci: EHCI PCI platform driver
[    1.569230] tegra-ehci: Tegra EHCI driver
[    1.573512] platform 7d008000.usb: Driver tegra-ehci requests probe deferral
[    1.580990] usbcore: registered new interface driver cdc_acm
[    1.586640] cdc_acm: USB Abstract Control Model driver for USB modems and ISDN adapters
[    1.594761] usbcore: registered new interface driver cdc_wdm
[    1.600570] usbcore: registered new interface driver usb-storage
[    1.606855] platform 7d008000.usb-phy: Driver tegra-phy requests probe deferral
[    1.614960] mousedev: PS/2 mouse device common for all mice
[    1.633468] palmas-rtc rtc.8: rtc core: registered rtc.8 as rtc0
[    1.644180] tegra_rtc 7000e000.rtc: rtc core: registered 7000e000.rtc as rtc1
[    1.651358] tegra_rtc 7000e000.rtc: Tegra internal Real Time Clock
[    1.659117] sbs-battery 0-000b: sbs_probe: Failed to get device status
[    1.665668] sbs-battery: probe of 0-000b failed with error -121
[    1.690712] sdhci: Secure Digital Host Controller Interface driver
[    1.696894] sdhci: Copyright(c) Pierre Ossman
[    1.701268] sdhci-pltfm: SDHCI platform and OF driver helper
[    1.707482] sdhci-tegra 78000400.sdhci: Got CD GPIO #170.
[    1.713965] mmc0: no vqmmc regulator found
[    1.718073] mmc0: no vmmc regulator found
[    1.722104] mmc0: Invalid maximum block size, assuming 512 bytes
[    1.770664] mmc0: SDHCI controller on 78000400.sdhci [78000400.sdhci] using ADMA
[    1.780308] mmc1: no vqmmc regulator found
[    1.784441] mmc1: no vmmc regulator found
[    1.788456] mmc1: Invalid maximum block size, assuming 512 bytes
[    1.830662] mmc1: SDHCI controller on 78000600.sdhci [78000600.sdhci] using ADMA
[    1.839089] usbcore: registered new interface driver usbhid
[    1.846743] usbhid: USB HID core driver
[    1.962947] mmc1: BKOPS_EN bit is not set
[    1.993585] mmc1: new HS200 MMC card at address 0001
[    1.999237] isa bounce pool size: 16 pages
[    2.003553] mmcblk0: mmc1:0001 SEM32G 29.1 GiB 
[    2.008436] mmcblk0boot0: mmc1:0001 SEM32G partition 1 4.00 MiB
[    2.014748] mmcblk0boot1: mmc1:0001 SEM32G partition 2 4.00 MiB
[    2.021007] mmcblk0rpmb: mmc1:0001 SEM32G partition 3 4.00 MiB
[    2.029822] Primary GPT is invalid, using alternate GPT.
[    2.035257]  mmcblk0: p1 p2 p3 p4 p5
[    2.044664]  mmcblk0boot1: unknown partition table
[    2.051855]  mmcblk0boot0: unknown partition table
[    2.305413] tegra-snd-rt5640 sound.5: ASoC: CPU DAI (null) not registered
[    2.312230] tegra-snd-rt5640 sound.5: snd_soc_register_card failed (-517)
[    2.319045] platform sound.5: Driver tegra-snd-rt5640 requests probe deferral
[    2.327648] TCP: cubic registered
[    2.331268] NET: Registered protocol family 10
[    2.337247] mip6: Mobile IPv6
[    2.340226] sit: IPv6 over IPv4 tunneling driver
[    2.347803] NET: Registered protocol family 17
[    2.352333] NET: Registered protocol family 15
[    2.356936] Bluetooth: RFCOMM socket layer initialized
[    2.362097] Bluetooth: RFCOMM ver 1.11
[    2.365852] Bluetooth: BNEP (Ethernet Emulation) ver 1.3
[    2.371198] Bluetooth: BNEP socket layer initialized
[    2.376165] Bluetooth: HIDP (Human Interface Emulation) ver 1.2
[    2.382115] Bluetooth: HIDP socket layer initialized
[    2.388393] Registering SWP/SWPB emulation handler
[    2.398437] hvdd-usb: disabling
[    2.404535] vdd-af-cam1: disabling
[    2.410999] LDO5: disabling
[    2.416748] vpp-fuse: disabling
[    2.422528] avdd-cam2: disabling
[    2.428657] avdd-cam1: disabling
[    2.436050] vdd-com-3v3: disabling
[    2.440066] vdd-lvds: disabling
[    2.443839] avdd-lcd: disabling
[    2.449042] dvdd_ts: 1800 mV 
[    2.452911] usb1_vbus: 5000 mV 
[    2.456308] usb1_vbus: supplied by vdd-sys-5v0
[    2.461569] usb2_vbus: 5000 mV 
[    2.464913] usb2_vbus: supplied by vdd-sys-5v0
[    2.470003] vdd_hdmi_5v0: 5000 mV 
[    2.473671] vdd_hdmi_5v0: supplied by vdd-sys-5v0
[    2.481184] vdd_cam_1v8_reg: 1800 mV 
[    2.491700] [drm] Supports vblank timestamp caching Rev 2 (21.10.2013).
[    2.498343] [drm] No driver support for vblank timestamp query.
[    2.556218] Console: switching to colour frame buffer device 240x75
[    2.584364] host1x drm: fb0:  frame buffer device
[    2.589074] host1x drm: registered panic notifier
[    2.593807] [drm] Initialized tegra 0.0.0 20120330 on minor 0
[    2.600143] platform 7d008000.usb: Driver tegra-ehci requests probe deferral
[    2.608773] tegra-snd-rt5640 sound.5: ASoC: CPU DAI (null) not registered
[    2.615666] tegra-snd-rt5640 sound.5: snd_soc_register_card failed (-517)
[    2.622588] platform sound.5: Driver tegra-snd-rt5640 requests probe deferral
[    2.630359] tegra-ehci 7d008000.usb: EHCI Host Controller
[    2.635942] tegra-ehci 7d008000.usb: new USB bus registered, assigned bus number 1
[    2.644424] tegra-ehci 7d008000.usb: irq 129, io mem 0x7d008000
[    2.660681] tegra-ehci 7d008000.usb: USB 2.0 started, EHCI 1.10
[    2.668791] hub 1-0:1.0: USB hub found
[    2.672720] hub 1-0:1.0: 1 port detected
[    2.678085] tegra-snd-rt5640 sound.5: ASoC: CPU DAI (null) not registered
[    2.685010] tegra-snd-rt5640 sound.5: snd_soc_register_card failed (-517)
[    2.692036] platform sound.5: Driver tegra-snd-rt5640 requests probe deferral
[    2.700848] input: gpio-keys.3 as /devices/soc0/gpio-keys.3/input/input0
[    2.709399] tegra-snd-rt5640 sound.5: ASoC: CPU DAI (null) not registered
[    2.716250] palmas-rtc rtc.8: setting system clock to 2000-04-17 10:21:22 UTC (955966882)
[    2.716342] tegra-snd-rt5640 sound.5: snd_soc_register_card failed (-517)
[    2.716396] platform sound.5: Driver tegra-snd-rt5640 requests probe deferral
[    2.738947] ALSA device list:
[    2.742005]   No soundcards found.
[    2.756366] kjournald starting.  Commit interval 5 seconds
[    2.758036] EXT3-fs (mmcblk0p1): using internal journal
[    2.758053] EXT3-fs (mmcblk0p1): recovery complete
[    2.758060] EXT3-fs (mmcblk0p1): mounted filesystem with writeback data mode
[    2.758138] VFS: Mounted root (ext3 filesystem) on device 179:1.
[    2.759296] devtmpfs: mounted
[    2.759577] Freeing unused kernel memory: 236K (c0764000 - c079f000)
bash: cannot set terminal process group (-1): Inappropriate ioctl for device
bash: no job control in this shell
I have no name!@(none):/# 