[    0.000000] Booting Linux on physical CPU 0x0000000000 [0x411fd071]
[    0.000000] Linux version 4.15.0-next-20180208-349377-g957f77188c8b (jonathanh@tamien) (gcc version 4.9.2 20140904 (prerelease) (crosstool-NG linaro-1.13.1-4.9-2014.09 - Linaro GCC 4.9-2014.09)) #1 SMP PREEMPT Wed Feb 7 19:23:46 PST 2018
[    0.000000] Machine model: Google Pixel C
[    0.000000] efi: Getting EFI parameters from FDT:
[    0.000000] efi: UEFI not found.
[    0.000000] cma: Reserved 16 MiB at 0x00000000f5400000
[    0.000000] earlycon: uart0 at MMIO 0x0000000070006000 (options '115200n8')
[    0.000000] bootconsole [uart0] enabled
[    0.000000] NUMA: No NUMA configuration found
[    0.000000] NUMA: Faking a node at [mem 0x0000000000000000-0x000000013fffffff]
[    0.000000] NUMA: NODE_DATA [mem 0x13fface80-0x13ffae97f]
[    0.000000] Zone ranges:
[    0.000000]   DMA32    [mem 0x0000000080000000-0x00000000ffffffff]
[    0.000000]   Normal   [mem 0x0000000100000000-0x000000013fffffff]
[    0.000000] Movable zone start for each node
[    0.000000] Early memory node ranges
[    0.000000]   node   0: [mem 0x0000000080000000-0x00000000f65fffff]
[    0.000000]   node   0: [mem 0x0000000100000000-0x000000013fffffff]
[    0.000000] Initmem setup node 0 [mem 0x0000000080000000-0x000000013fffffff]
[    0.000000] psci: probing for conduit method from DT.
[    0.000000] psci: PSCIv1.0 detected in firmware.
[    0.000000] psci: Using standard PSCI v0.2 function IDs
[    0.000000] psci: MIGRATE_INFO_UP_CPU reported invalid physical ID (0x80000000)
[    0.000000] psci: SMC Calling Convention v1.0
[    0.000000] random: get_random_bytes called from start_kernel+0xb0/0x414 with crng_init=0
[    0.000000] percpu: Embedded 24 pages/cpu @        (ptrval) s57984 r8192 d32128 u98304
[    0.000000] Detected PIPT I-cache on CPU0
[    0.000000] CPU features: enabling workaround for ARM erratum 832075
[    0.000000] CPU features: enabling workaround for ARM erratum 834220
[    0.000000] Built 1 zonelists, mobility grouping on.  Total pages: 735336
[    0.000000] Policy zone: Normal
[    0.000000] Kernel command line: cros_secure vpr=0x08000000@0xf6800000 earlycon
[    0.000000] software IO TLB [mem 0xf1400000-0xf5400000] (64MB) mapped at [        (ptrval)-        (ptrval)]
[    0.000000] Memory: 2834812K/2988032K available (9980K kernel code, 1252K rwdata, 4628K rodata, 1152K init, 404K bss, 136836K reserved, 16384K cma-reserved)
[    0.000000] SLUB: HWalign=64, Order=0-3, MinObjects=0, CPUs=4, Nodes=1
[    0.000000] Preemptible hierarchical RCU implementation.
[    0.000000] 	RCU restricting CPUs from NR_CPUS=64 to nr_cpu_ids=4.
[    0.000000] 	Tasks RCU enabled.
[    0.000000] RCU: Adjusting geometry for rcu_fanout_leaf=16, nr_cpu_ids=4
[    0.000000] NR_IRQS: 64, nr_irqs: 64, preallocated irqs: 0
[    0.000000] GIC: Using split EOI/Deactivate mode
[    0.000000] /interrupt-controller@60004000: 192 interrupts forwarded to /interrupt-controller@50041000
[    0.000000] boot misc0 0x0: expected 0x80000
[    0.000000]  (comparison mask = 0x400ffffb)
[    0.000000] boot misc2 0x1f720005: expected 0x1f720f05
[    0.000000]  (comparison mask = 0xffffff17)
[    0.000000] PLL_C already enabled. Postponing set full defaults
[    0.000000] boot misc0 0x0: expected 0x20
[    0.000000]  (comparison mask = 0x7ffffff)
[    0.000000] boot misc1 0x10000000: expected 0xc0000000
[    0.000000]  (comparison mask = 0xf8000000)
[    0.000000] boot misc2 0x0: expected 0xf400f0da
[    0.000000]  (comparison mask = 0xffffffff)
[    0.000000] boot misc3 0x0: expected 0x2004f400
[    0.000000]  (comparison mask = 0xffffffff)
[    0.000000] PLL_DP already enabled. Postponing set full defaults
[    0.000000] boot misc1 0x0: expected 0x20
[    0.000000]  (comparison mask = 0xffffff)
[    0.000000] PLL_X already enabled. Postponing set full defaults
[    0.000000] arch_timer: cp15 timer(s) running at 19.20MHz (phys).
[    0.000000] clocksource: arch_sys_counter: mask: 0xffffffffffffff max_cycles: 0x46d987e47, max_idle_ns: 440795202767 ns
[    0.000003] sched_clock: 56 bits at 19MHz, resolution 52ns, wraps every 4398046511078ns
[    0.000234] Console: colour dummy device 80x25
[    0.000308] console [tty0] enabled
[    0.000369] bootconsole [uart0] disabled
[    0.000465] Calibrating delay loop (skipped), value calculated using timer frequency.. 38.40 BogoMIPS (lpj=76800)
[    0.000480] pid_max: default: 32768 minimum: 301
[    0.000526] Security Framework initialized
[    0.001929] Dentry cache hash table entries: 524288 (order: 10, 4194304 bytes)
[    0.002638] Inode-cache hash table entries: 262144 (order: 9, 2097152 bytes)
[    0.002685] Mount-cache hash table entries: 8192 (order: 4, 65536 bytes)
[    0.002715] Mountpoint-cache hash table entries: 8192 (order: 4, 65536 bytes)
[    0.015685] ASID allocator initialised with 32768 entries
[    0.023682] Hierarchical SRCU implementation.
[    0.033092] Speedo Revision 4
[    0.033109] random: fast init done
[    0.033117] Tegra Revision: A02 SKU: 19 CPU Process: 0 SoC Process: 0
[    0.079833] EFI services will not be available.
[    0.087759] smp: Bringing up secondary CPUs ...
[    0.115890] Detected PIPT I-cache on CPU1
[    0.115921] CPU1: Booted secondary processor 0x0000000001 [0x411fd071]
[    0.143918] Detected PIPT I-cache on CPU2
[    0.143937] CPU2: Booted secondary processor 0x0000000002 [0x411fd071]
[    0.171954] Detected PIPT I-cache on CPU3
[    0.171974] CPU3: Booted secondary processor 0x0000000003 [0x411fd071]
[    0.172017] smp: Brought up 1 node, 4 CPUs
[    0.172051] SMP: Total of 4 processors activated.
[    0.172060] CPU features: detected feature: 32-bit EL0 Support
[    0.172068] CPU features: detected feature: Kernel page table isolation (KPTI)
[    0.176635] CPU: All CPU(s) started at EL2
[    0.176652] alternatives: patching kernel code
[    0.179596] devtmpfs: initialized
[    0.184340] Built 1 zonelists, mobility grouping on.  Total pages: 712799
[    0.184353] Policy zone: Normal
[    0.185131] clocksource: jiffies: mask: 0xffffffff max_cycles: 0xffffffff, max_idle_ns: 7645041785100000 ns
[    0.185183] futex hash table entries: 1024 (order: 5, 131072 bytes)
[    0.185308] pinctrl core: initialized pinctrl subsystem
[    0.186369] DMI not present or invalid.
[    0.186593] NET: Registered protocol family 16
[    0.186772] audit: initializing netlink subsys (disabled)
[    0.186866] audit: type=2000 audit(0.184:1): state=initialized audit_enabled=0 res=1
[    0.187884] cpuidle: using governor menu
[    0.188025] vdso: 2 pages (1 code @ 00000000cbebe8c2, 1 data @ 000000001d739148)
[    0.188044] hw-breakpoint: found 6 breakpoint and 4 watchpoint registers.
[    0.188609] DMA: preallocated 256 KiB pool for atomic allocations
[    0.190357] Serial: AMBA PL011 UART driver
[    0.205264] HugeTLB registered 2.00 MiB page size, pre-allocated 0 pages
[    0.205508] cryptd: max_cpu_qlen set to 1000
[    0.205929] ACPI: Interpreter disabled.
[    0.206369] PPLCD_VDD: Failed to request enable GPIO172: -517
[    0.206385] reg-fixed-voltage regulators:regulator@1: Failed to register regulator: -517
[    0.206750] PP1800_LCDIO: Failed to request enable GPIO171: -517
[    0.206763] reg-fixed-voltage regulators:regulator@5: Failed to register regulator: -517
[    0.206813] PP1800_CAM: Failed to request enable GPIO83: -517
[    0.206823] reg-fixed-voltage regulators:regulator@6: Failed to register regulator: -517
[    0.207328] vgaarb: loaded
[    0.207501] SCSI subsystem initialized
[    0.207763] usbcore: registered new interface driver usbfs
[    0.207795] usbcore: registered new interface driver hub
[    0.207831] usbcore: registered new device driver usb
[    0.208789] tegra-i2c 7000d100.i2c: could not find pctldev for node /host1x@50000000/dpaux@545c0000/pinmux-i2c, deferring probe
[    0.208877] pps_core: LinuxPPS API ver. 1 registered
[    0.208886] pps_core: Software ver. 5.3.6 - Copyright 2005-2007 Rodolfo Giometti <giometti@linux.it>
[    0.208905] PTP clock support registered
[    0.209008] EDAC MC: Ver: 3.0.0
[    0.209397] Advanced Linux Sound Architecture Driver Initialized.
[    0.209777] clocksource: Switched to clocksource arch_sys_counter
[    0.209872] VFS: Disk quotas dquot_6.6.0
[    0.209910] VFS: Dquot-cache hash table entries: 512 (order 0, 4096 bytes)
[    0.210005] pnp: PnP ACPI: disabled
[    0.214031] NET: Registered protocol family 2
[    0.214372] tcp_listen_portaddr_hash hash table entries: 2048 (order: 3, 32768 bytes)
[    0.214432] TCP established hash table entries: 32768 (order: 6, 262144 bytes)
[    0.214606] TCP bind hash table entries: 32768 (order: 7, 524288 bytes)
[    0.214803] TCP: Hash tables configured (established 32768 bind 32768)
[    0.214895] UDP hash table entries: 2048 (order: 4, 65536 bytes)
[    0.214934] UDP-Lite hash table entries: 2048 (order: 4, 65536 bytes)
[    0.215047] NET: Registered protocol family 1
[    0.215240] RPC: Registered named UNIX socket transport module.
[    0.215251] RPC: Registered udp transport module.
[    0.215258] RPC: Registered tcp transport module.
[    0.215264] RPC: Registered tcp NFSv4.1 backchannel transport module.
[    0.215365] Unpacking initramfs...
[    0.226762] Freeing initrd memory: 3408K
[    0.227149] kvm [1]: 8-bit VMID
[    0.227160] kvm [1]: IDMAP page: 80a28000
[    0.227167] kvm [1]: HYP VA range: 800000000000:ffffffffffff
[    0.227921] kvm [1]: vgic-v2@50044000
[    0.227987] kvm [1]: vgic interrupt IRQ1
[    0.228003] kvm [1]: virtual timer IRQ4
[    0.228059] kvm [1]: Hyp mode initialized successfully
[    0.229749] Initialise system trusted keyrings
[    0.230574] workingset: timestamp_bits=44 max_order=20 bucket_order=0
[    0.234059] squashfs: version 4.0 (2009/01/31) Phillip Lougher
[    0.234411] NFS: Registering the id_resolver key type
[    0.234434] Key type id_resolver registered
[    0.234441] Key type id_legacy registered
[    0.234453] nfs4filelayout_init: NFSv4 File Layout Driver Registering...
[    0.234551] 9p: Installing v9fs 9p2000 file system support
[    0.235947] Key type asymmetric registered
[    0.235958] Asymmetric key parser 'x509' registered
[    0.236054] Block layer SCSI generic (bsg) driver version 0.4 loaded (major 245)
[    0.236067] io scheduler noop registered
[    0.236174] io scheduler cfq registered (default)
[    0.236183] io scheduler mq-deadline registered
[    0.236190] io scheduler kyber registered
[    0.237748]  usb3-0: usb3-0 supply vbus not found, using dummy regulator
[    0.244417] EINJ: ACPI disabled.
[    0.247573] tegra-apbdma 60020000.dma: Tegra20 APB DMA driver register 32 channels
[    0.249116] tegra-pmc 7000e400.pmc: i2c-thermtrip node not found, emergency thermal reset disabled.
[    0.251457] Serial: 8250/16550 driver, 4 ports, IRQ sharing enabled
[    0.252781] 70006000.serial: ttyS0 at MMIO 0x70006000 (irq = 314, base_baud = 25500000) is a Tegra
[    1.215878] console [ttyS0] enabled
[    1.219833] SuperH (H)SCI(F) driver initialized
[    1.224632] msm_serial: driver initialized
[    1.229175] cacheinfo: Unable to detect cache hierarchy for CPU 0
[    1.238936] loop: module loaded
[    1.246584] cros-ec-i2c 0-001e: Chrome EC device registered
[    1.252837] max77620 1-003c: PMIC Version OTP:0x35 and ES:0x8
[    1.261207] max77620-sd0: supplied by regulator-dummy
[    1.267405] max77620-sd1: supplied by regulator-dummy
[    1.273553] max77620-sd2: supplied by regulator-dummy
[    1.279662] max77620-sd3: supplied by regulator-dummy
[    1.285789] max77620-ldo0: supplied by regulator-dummy
[    1.291429] max77620-ldo1: supplied by regulator-dummy
[    1.296588] PP1200_RCAM: Bringing 1050000uV into 1200000-1200000uV
[    1.303179] max77620-ldo2: supplied by regulator-dummy
[    1.308851] max77620-ldo3: supplied by regulator-dummy
[    1.314004] PP2800L_RCAM: Bringing 3100000uV into 2800000-2800000uV
[    1.320670] max77620-ldo4: supplied by regulator-dummy
[    1.325821] PP1100_SOC_RTC: Bringing 1000000uV into 850000-850000uV
[    1.332627] max77620-ldo5: supplied by regulator-dummy
[    1.337788] PP2800L_FCAM: Bringing 3100000uV into 2800000-2800000uV
[    1.344461] max77620-ldo6: supplied by regulator-dummy
[    1.349619] PP_LDO6: Bringing 2800000uV into 1800000-1800000uV
[    1.355863] max77620-ldo7: supplied by regulator-dummy
[    1.361607] max77620-ldo8: supplied by regulator-dummy
[    1.370780] libphy: Fixed MDIO Bus: probed
[    1.375202] tun: Universal TUN/TAP device driver, 1.6
[    1.380749] thunder_xcv, ver 1.0
[    1.384010] thunder_bgx, ver 1.0
[    1.387261] nicpf, ver 1.0
[    1.390180] e1000e: Intel(R) PRO/1000 Network Driver - 3.2.6-k
[    1.396011] e1000e: Copyright(c) 1999 - 2015 Intel Corporation.
[    1.401947] igb: Intel(R) Gigabit Ethernet Network Driver - version 5.4.0-k
[    1.408903] igb: Copyright (c) 2007-2014 Intel Corporation.
[    1.414491] igbvf: Intel(R) Gigabit Virtual Function Network Driver - version 2.4.0-k
[    1.422316] igbvf: Copyright (c) 2009 - 2012 Intel Corporation.
[    1.428440] sky2: driver version 1.30
[    1.432396] VFIO - User Level meta-driver version: 0.3
[    1.438200] ehci_hcd: USB 2.0 'Enhanced' Host Controller (EHCI) Driver
[    1.444725] ehci-pci: EHCI PCI platform driver
[    1.449187] ehci-platform: EHCI generic platform driver
[    1.454489] ehci-orion: EHCI orion driver
[    1.458558] ehci-exynos: EHCI EXYNOS driver
[    1.462797] ohci_hcd: USB 1.1 'Open' Host Controller (OHCI) Driver
[    1.468979] ohci-pci: OHCI PCI platform driver
[    1.473440] ohci-platform: OHCI generic platform driver
[    1.478731] ohci-exynos: OHCI EXYNOS driver
[    1.542420] tegra-xusb 70090000.usb: Firmware timestamp: 2015-08-10 09:47:54 UTC
[    1.549825] tegra-xusb 70090000.usb: xHCI Host Controller
[    1.555234] tegra-xusb 70090000.usb: new USB bus registered, assigned bus number 1
[    1.564019] tegra-xusb 70090000.usb: hcc params 0x0184f525 hci version 0x100 quirks 0x00010010
[    1.572653] tegra-xusb 70090000.usb: irq 320, io mem 0x70090000
[    1.578995] hub 1-0:1.0: USB hub found
[    1.582768] hub 1-0:1.0: 5 ports detected
[    1.587073] tegra-xusb 70090000.usb: xHCI Host Controller
[    1.592475] tegra-xusb 70090000.usb: new USB bus registered, assigned bus number 2
[    1.600089] usb usb2: We don't know the algorithms for LPM for this host, disabling LPM.
[    1.608420] hub 2-0:1.0: USB hub found
[    1.612189] hub 2-0:1.0: 4 ports detected
[    1.616684] usbcore: registered new interface driver usb-storage
[    1.750356] max77686-rtc max77620-rtc: rtc core: registered max77620-rtc as rtc0
[    1.758403] tegra_rtc 7000e000.rtc: rtc core: registered 7000e000.rtc as rtc1
[    1.765556] tegra_rtc 7000e000.rtc: Tegra internal Real Time Clock
[    1.771840] i2c /dev entries driver
[    1.777008] (NULL device *): hwmon: 'bq27742-0' is not a valid name attribute, please fix
[    1.802317] sdhci: Secure Digital Host Controller Interface driver
[    1.808533] sdhci: Copyright(c) Pierre Ossman
[    1.813035] Synopsys Designware Multimedia Card Interface Driver
[    1.819594] sdhci-pltfm: SDHCI platform and OF driver helper
[    1.833591] mmc0: Unknown controller version (3). You may experience problems.
[    1.871759] mmc0: SDHCI controller on 700b0600.sdhci [700b0600.sdhci] using ADMA 64-bit
[    1.880665] ledtrig-cpu: registered to indicate activity on CPUs
[    1.887389] usbcore: registered new interface driver usbhid
[    1.893012] usbhid: USB HID core driver
[    1.898635] NET: Registered protocol family 17
[    1.903220] 9pnet: Installing 9P2000 support
[    1.907612] Key type dns_resolver registered
[    1.912264] registered taskstats version 1
[    1.916455] Loading compiled-in X.509 certificates
[    1.928069] tegra-i2c 7000d100.i2c: could not find pctldev for node /host1x@50000000/dpaux@545c0000/pinmux-i2c, deferring probe
[    1.940911] input: gpio-keys as /devices/platform/gpio-keys/input/input0
[    1.947880] tegra-i2c 7000d100.i2c: could not find pctldev for node /host1x@50000000/dpaux@545c0000/pinmux-i2c, deferring probe
[    1.954757] mmc0: new high speed MMC card at address 0001
[    1.965246] mmcblk0: mmc0:0001 BGND3R 29.1 GiB 
[    1.970180] mmcblk0boot0: mmc0:0001 BGND3R partition 1 4.00 MiB
[    1.976496] mmcblk0boot1: mmc0:0001 BGND3R partition 2 4.00 MiB
[    1.982545] max77686-rtc max77620-rtc: setting system clock to 2001-11-19 08:52:36 UTC (1006159956)
[    1.982548] mmcblk0rpmb: mmc0:0001 BGND3R partition 3 4.00 MiB, chardev (240:0)
[    1.985298]  mmcblk0: p1 p2 p3 p4 p5 p6 p7 p8 p9 p10 p11
[    1.992217] PP1200_AVDD: disabling
[    2.000649] tegra-i2c 7000d100.i2c: could not find pctldev for node /host1x@50000000/dpaux@545c0000/pinmux-i2c, deferring probe
[    2.007633] PP1200_RCAM: disabling
[    2.022561] PP2800L_RCAM: disabling
[    2.026119] PP2800L_FCAM: disabling
[    2.029659] PP_LDO6: disabling
[    2.032776] PPLCD_VDD: disabling
[    2.036008] PP1800_LCDIO: disabling
[    2.039497] PP1800_CAM: disabling
[    2.042812] ALSA device list:
[    2.045780]   No soundcards found.
[    2.049861] Freeing unused kernel memory: 1152K

System initialization...

Mounting /proc :[SUCCESS]
Mounting /sys :[SUCCESS]
Mounting /dev :[SUCCESS]
Mounting /dev/pts :[SUCCESS]
Mounting /sys/kernel/debug :[SUCCESS]
Mounting other filesystems :[SUCCESS]
Enabling hot-plug :[SUCCESS]
Populating /dev :[SUCCESS]
Starting syslogd :[SUCCESS]
Starting telnetd :[SUCCESS]

System initialization complete.

Please press Enter to activate this console. 