
U-Boot SPL 2014.01-00219-gc4d376f (Feb 18 2014 - 19:57:18)


U-Boot 2014.01-00219-gc4d376f (Feb 18 2014 - 19:57:18)

TEGRA30
Board: NVIDIA Beaver
I2C:   ready
DRAM:  2 GiB
MMC:   Tegra SD/MMC: 0, Tegra SD/MMC: 1
In:    serial
Out:   serial
Err:   serial
Net:   Net Initialization Skipped
No ethernet found.
Hit any key to stop autoboot:  2  0 
Tegra30 (Beaver) # 
Tegra30 (Beaver) # usb reset
(Re)start USB...
USB0:   USB EHCI 1.00
scanning bus 0 for devices... 2 USB Device(s) found
       scanning usb for storage devices... 0 Storage Device(s) found
       scanning usb for ethernet devices... 
Warning: asx0 using MAC address from net device
1 Ethernet Device(s) found
Tegra30 (Beaver) # setenv bootargs 'ignore_loglevel console=ttyS0,115200n8 rw root=/dev/mmcblk0p1 rootwait gpt debug init=/bin/bash noinitrd'
Tegra30 (Beaver) # setenv ipaddr 192.168.100.101; setenv serverip 192.168.100.1; setenv tftpserverip 192.168.100.1
Tegra30 (Beaver) # tftpboot 0x81000000 zImage.multi_v7_defconfig
Using asx0 device
TFTP from server 192.168.100.1; our IP address is 192.168.100.101
Filename 'zImage.multi_v7_defconfig'.
Load address: 0x81000000
Loading: *#################################################################
	 #################################################################
	 #################################################################
	 #################################################################
	 #################################################################
	 ##################
	 2.9 MiB/s
done
Bytes transferred = 5022648 (4ca3b8 hex)
Tegra30 (Beaver) # tftpboot 0x82000000 tegra30-beaver.dtb
Using asx0 device
TFTP from server 192.168.100.1; our IP address is 192.168.100.101
Filename 'tegra30-beaver.dtb'.
Load address: 0x82000000
Loading: *##
	 2.6 MiB/s
done
Bytes transferred = 24591 (600f hex)
Tegra30 (Beaver) # bootz 0x81000000 - 0x82000000
Kernel image @ 0x81000000 [ 0x000000 - 0x4ca3b8 ]
## Flattened Device Tree blob at 82000000
   Booting using the fdt blob at 0x82000000
   Loading Device Tree to 8fff6000, end 8ffff00e ... OK

Starting kernel ...

[    0.000000] Booting Linux on physical CPU 0x0
[    0.000000] Linux version 3.16.0-rc4-next-20140708-33084-gb306947 (pwalmsley@kaivo) (gcc version 4.7.3 20130328 (prerelease) (crosstool-NG linaro-1.13.1-4.7-2013.04-20130415 - Linaro GCC 2013.04) ) #1 SMP Mon Jul 14 23:48:17 PDT 2014
[    0.000000] CPU: ARMv7 Processor [412fc099] revision 9 (ARMv7), cr=10c5387d
[    0.000000] CPU: PIPT / VIPT nonaliasing data cache, VIPT aliasing instruction cache
[    0.000000] Machine model: NVIDIA Tegra30 Beaver evaluation board
[    0.000000] debug: ignoring loglevel setting.
[    0.000000] cma: Reserved 64 MiB at ab800000
[    0.000000] Memory policy: Data cache writealloc
[    0.000000] On node 0 totalpages: 524032
[    0.000000] free_area_init_node: node 0, pgdat c0c74c40, node_mem_map ea7d8000
[    0.000000]   DMA zone: 1520 pages used for memmap
[    0.000000]   DMA zone: 0 pages reserved
[    0.000000]   DMA zone: 194560 pages, LIFO batch:31
[    0.000000]   HighMem zone: 2574 pages used for memmap
[    0.000000]   HighMem zone: 329472 pages, LIFO batch:31
[    0.000000] Tegra Revision: A03 SKU: 128 CPU Process: 4 Core Process: 0
[    0.000000] PERCPU: Embedded 8 pages/cpu @ea79c000 s8448 r8192 d16128 u32768
[    0.000000] pcpu-alloc: s8448 r8192 d16128 u32768 alloc=8*4096
[    0.000000] pcpu-alloc: [0] 0 [0] 1 [0] 2 [0] 3 
[    0.000000] Built 1 zonelists in Zone order, mobility grouping on.  Total pages: 522512
[    0.000000] Kernel command line: ignore_loglevel console=ttyS0,115200n8 rw root=/dev/mmcblk0p1 rootwait gpt debug init=/bin/bash noinitrd
[    0.000000] PID hash table entries: 4096 (order: 2, 16384 bytes)
[    0.000000] Dentry cache hash table entries: 131072 (order: 7, 524288 bytes)
[    0.000000] Inode-cache hash table entries: 65536 (order: 6, 262144 bytes)
[    0.000000] Memory: 2002000K/2096128K available (6497K kernel code, 914K rwdata, 2600K rodata, 660K init, 304K bss, 94128K reserved, 1317888K highmem)
[    0.000000] Virtual kernel memory layout:
[    0.000000]     vector  : 0xffff0000 - 0xffff1000   (   4 kB)
[    0.000000]     fixmap  : 0xffc00000 - 0xffe00000   (2048 kB)
[    0.000000]     vmalloc : 0xf0000000 - 0xff000000   ( 240 MB)
[    0.000000]     lowmem  : 0xc0000000 - 0xef800000   ( 760 MB)
[    0.000000]     pkmap   : 0xbfe00000 - 0xc0000000   (   2 MB)
[    0.000000]     modules : 0xbf000000 - 0xbfe00000   (  14 MB)
[    0.000000]       .text : 0xc0208000 - 0xc0aeaa10   (9099 kB)
[    0.000000]       .init : 0xc0aeb000 - 0xc0b90100   ( 661 kB)
[    0.000000]       .data : 0xc0b92000 - 0xc0c76940   ( 915 kB)
[    0.000000]        .bss : 0xc0c76948 - 0xc0cc2ad8   ( 305 kB)
[    0.000000] SLUB: HWalign=64, Order=0-3, MinObjects=0, CPUs=4, Nodes=1
[    0.000000] Hierarchical RCU implementation.
[    0.000000] 	RCU restricting CPUs from NR_CPUS=8 to nr_cpu_ids=4.
[    0.000000] RCU: Adjusting geometry for rcu_fanout_leaf=16, nr_cpu_ids=4
[    0.000000] NR_IRQS:16 nr_irqs:16 16
[    0.000000] L2C: platform modifies aux control register: 0x02080000 -> 0x3e480001
[    0.000000] L2C: DT/platform modifies aux control register: 0x02080000 -> 0x3e480001
[    0.000000] L2C-310 erratum 769419 enabled
[    0.000000] L2C-310 enabling early BRESP for Cortex-A9
[    0.000000] L2C-310: enabling full line of zeros but not enabled in Cortex-A9
[    0.000000] L2C-310 ID prefetch enabled, offset 1 lines
[    0.000000] L2C-310 dynamic clock gating enabled, standby mode enabled
[    0.000000] L2C-310 cache controller enabled, 8 ways, 1024 kB
[    0.000000] L2C-310: CACHE_ID 0x410000c7, AUX_CTRL 0x7e480001
[    0.000013] sched_clock: 32 bits at 1000kHz, resolution 1000ns, wraps every 2147483648000ns
[    0.000030] Switching to timer-based delay loop, resolution 1000ns
[    0.000941] Console: colour dummy device 80x30
[    0.000961] Calibrating delay loop (skipped), value calculated using timer frequency.. 2.00 BogoMIPS (lpj=5000)
[    0.000969] pid_max: default: 32768 minimum: 301
[    0.001062] Mount-cache hash table entries: 2048 (order: 1, 8192 bytes)
[    0.001068] Mountpoint-cache hash table entries: 2048 (order: 1, 8192 bytes)
[    0.001427] CPU: Testing write buffer coherency: ok
[    0.001633] CPU0: thread -1, cpu 0, socket 0, mpidr 80000000
[    0.001696] Setting up static identity map for 0x808232d0 - 0x80823368
[    0.003457] CPU1: Booted secondary processor
[    0.003472] CPU1: thread -1, cpu 1, socket 0, mpidr 80000001
[    0.004299] CPU2: Booted secondary processor
[    0.004312] CPU2: thread -1, cpu 2, socket 0, mpidr 80000002
[    0.005172] CPU3: Booted secondary processor
[    0.005186] CPU3: thread -1, cpu 3, socket 0, mpidr 80000003
[    0.005227] Brought up 4 CPUs
[    0.005242] SMP: Total of 4 processors activated.
[    0.005246] CPU: All CPU(s) started in SVC mode.
[    0.005677] devtmpfs: initialized
[    0.008043] VFP support v0.3: implementor 41 architecture 3 part 30 variant 9 rev 4
[    0.011497] pinctrl core: initialized pinctrl subsystem
[    0.011835] regulator-dummy: no parameters
[    0.015072] NET: Registered protocol family 16
[    0.017897] DMA: preallocated 256 KiB pool for atomic coherent allocations
[    0.018777] cpuidle: using governor ladder
[    0.018786] cpuidle: using governor menu
[    0.025716] No ATAGs?
[    0.025743] hw-breakpoint: found 5 (+1 reserved) breakpoint and 1 watchpoint registers.
[    0.025750] hw-breakpoint: maximum watchpoint size is 4 bytes.
[    0.025866] EXYNOS: PMU not supported
[    0.027116] Serial: AMBA PL011 UART driver
[    0.046872] edma-dma-engine edma-dma-engine.0: Can't allocate PaRAM dummy slot
[    0.046893] edma-dma-engine: probe of edma-dma-engine.0 failed with error -5
[    0.047244] vdd_5v_in: 5000 mV 
[    0.047320] platform regulators:regulator@1: Driver reg-fixed-voltage requests probe deferral
[    0.047353] platform regulators:regulator@2: Driver reg-fixed-voltage requests probe deferral
[    0.047457] vdd_5v_sata: Failed to request enable GPIO30: -517
[    0.047510] reg-fixed-voltage regulators:regulator@3: Failed to register regulator: -517
[    0.047521] platform regulators:regulator@3: Driver reg-fixed-voltage requests probe deferral
[    0.047605] usb1_vbus: Failed to request enable GPIO238: -517
[    0.047647] reg-fixed-voltage regulators:regulator@4: Failed to register regulator: -517
[    0.047657] platform regulators:regulator@4: Driver reg-fixed-voltage requests probe deferral
[    0.047740] usb3_vbus: Failed to request enable GPIO236: -517
[    0.047781] reg-fixed-voltage regulators:regulator@5: Failed to register regulator: -517
[    0.047791] platform regulators:regulator@5: Driver reg-fixed-voltage requests probe deferral
[    0.047826] platform regulators:regulator@6: Driver reg-fixed-voltage requests probe deferral
[    0.047907] sys_3v3_pexs: Failed to request enable GPIO95: -517
[    0.047948] reg-fixed-voltage regulators:regulator@7: Failed to register regulator: -517
[    0.047958] platform regulators:regulator@7: Driver reg-fixed-voltage requests probe deferral
[    0.048038] +VDD_5V_HDMI: 5000 mV 
[    0.048064] reg-fixed-voltage regulators:regulator@8: Failed to find supply vin
[    0.048109] reg-fixed-voltage regulators:regulator@8: Failed to register regulator: -517
[    0.048120] platform regulators:regulator@8: Driver reg-fixed-voltage requests probe deferral
[    0.049508] vgaarb: loaded
[    0.049886] SCSI subsystem initialized
[    0.050029] libata version 3.00 loaded.
[    0.050223] usbcore: registered new interface driver usbfs
[    0.050260] usbcore: registered new interface driver hub
[    0.050320] usbcore: registered new device driver usb
[    0.059965] vdd_1v8_gen: 1800 mV 
[    0.060012] vdd_1v8_gen: supplied by vdd_5v_in
[    0.064963] vddio_ddr_1v2: 1200 mV 
[    0.064994] vddio_ddr_1v2: supplied by vdd_5v_in
[    0.069963] vdd_1v5_gen: 1500 mV 
[    0.069994] vdd_1v5_gen: supplied by vdd_5v_in
[    0.074963] vdd_cpu,vdd_sys: 1000 mV 
[    0.077290] vdd_pexa,vdd_pexb: 1050 mV 
[    0.077318] vdd_pexa,vdd_pexb: supplied by vdd_1v5_gen
[    0.079986] vdd_sata,avdd_plle: 1050 mV 
[    0.080026] vdd_sata,avdd_plle: supplied by vdd_1v5_gen
[    0.084968] vdd_rtc: 1200 mV 
[    0.084998] vdd_rtc: supplied by vdd_5v_in
[    0.089962] vddio_sdmmc,avdd_vdac: 3300 mV 
[    0.089993] vddio_sdmmc,avdd_vdac: supplied by vdd_5v_in
[    0.092668] avdd_dsi_csi,pwrdet_mipi: 1200 mV 
[    0.092697] avdd_dsi_csi,pwrdet_mipi: supplied by vdd_1v8_gen
[    0.099961] vdd_pllm,x,u,a_p_c_s: 1200 mV 
[    0.099991] vdd_pllm,x,u,a_p_c_s: supplied by vdd_1v8_gen
[    0.104962] vdd_ddr_hs: 1000 mV 
[    0.104991] vdd_ddr_hs: supplied by vdd_1v8_gen
[    0.106744] tps62361-vout: 500 <--> 1500 mV at 1160 mV 
[    0.106886] Linux video capture interface: v2.00
[    0.106924] pps_core: LinuxPPS API ver. 1 registered
[    0.106929] pps_core: Software ver. 5.3.6 - Copyright 2005-2007 Rodolfo Giometti <giometti@linux.it>
[    0.106945] PTP clock support registered
[    0.107003] EDAC MC: Ver: 3.0.0
[    0.107424] platform 7000f010.iommu: Driver tegra-smmu requests probe deferral
[    0.107550] Advanced Linux Sound Architecture Driver Initialized.
[    0.108260] Switched to clocksource timer_us
[    0.113946] NET: Registered protocol family 2
[    0.114332] TCP established hash table entries: 8192 (order: 3, 32768 bytes)
[    0.114381] TCP bind hash table entries: 8192 (order: 4, 65536 bytes)
[    0.114463] TCP: Hash tables configured (established 8192 bind 8192)
[    0.114542] TCP: reno registered
[    0.114554] UDP hash table entries: 512 (order: 2, 16384 bytes)
[    0.114610] UDP-Lite hash table entries: 512 (order: 2, 16384 bytes)
[    0.114776] NET: Registered protocol family 1
[    0.115004] RPC: Registered named UNIX socket transport module.
[    0.115010] RPC: Registered udp transport module.
[    0.115013] RPC: Registered tcp transport module.
[    0.115017] RPC: Registered tcp NFSv4.1 backchannel transport module.
[    0.115031] PCI: CLS 0 bytes, default 64
[    0.115693] hw perfevents: enabled with armv7_cortex_a9 PMU driver, 7 counters available
[    0.116570] futex hash table entries: 1024 (order: 4, 65536 bytes)
[    0.122955] squashfs: version 4.0 (2009/01/31) Phillip Lougher
[    0.123413] NFS: Registering the id_resolver key type
[    0.123453] Key type id_resolver registered
[    0.123457] Key type id_legacy registered
[    0.123496] msgmni has been set to 1464
[    0.123785] bounce: pool size: 64 pages
[    0.123928] Block layer SCSI generic (bsg) driver version 0.4 loaded (major 249)
[    0.123941] io scheduler noop registered
[    0.123950] io scheduler deadline registered
[    0.124049] io scheduler cfq registered (default)
[    0.127963] tegra-pcie 3000.pcie-controller: 2x3 configuration
[    0.128036] tegra-pcie 3000.pcie-controller: Failed to get supply 'hvdd-pex': -517
[    0.128092] platform 3000.pcie-controller: Driver tegra-pcie requests probe deferral
[    0.130591] tegra-apbdma 6000a000.dma: Tegra20 APB DMA driver register 32 channels
[    0.164024] Serial: 8250/16550 driver, 4 ports, IRQ sharing disabled
[    0.165233] Serial: IMX driver
[    0.165432] msm_serial: driver initialized
[    0.165994] console [ttyS0] disabled
[    0.166029] 70006000.serial: ttyS0 at MMIO 0x70006000 (irq = 68, base_baud = 25500000) is a Tegra
[    1.158617] console [ttyS0] enabled
[    1.162625] STMicroelectronics ASC driver initialized
[    1.168145] serial: Freescale lpuart driver
[    1.172472] [drm] Initialized drm 1.1.0 20060810
[    1.177616] tegra-hdmi 54280000.hdmi: failed to get HDMI regulator
[    1.183805] platform 54280000.hdmi: Driver tegra-hdmi requests probe deferral
[    1.194397] loop: module loaded
[    1.200914] CAN device driver interface
[    1.205181] igb: Intel(R) Gigabit Ethernet Network Driver - version 5.0.5-k
[    1.212134] igb: Copyright (c) 2007-2014 Intel Corporation.
[    1.218447] pegasus: v0.9.3 (2013/04/25), Pegasus/Pegasus II USB Ethernet driver
[    1.225884] usbcore: registered new interface driver pegasus
[    1.231581] usbcore: registered new interface driver asix
[    1.236997] usbcore: registered new interface driver ax88179_178a
[    1.243105] usbcore: registered new interface driver cdc_ether
[    1.248962] usbcore: registered new interface driver smsc75xx
[    1.254731] usbcore: registered new interface driver smsc95xx
[    1.260492] usbcore: registered new interface driver net1080
[    1.266175] usbcore: registered new interface driver cdc_subset
[    1.272110] usbcore: registered new interface driver zaurus
[    1.277729] usbcore: registered new interface driver cdc_ncm
[    1.283403] ehci_hcd: USB 2.0 'Enhanced' Host Controller (EHCI) Driver
[    1.289921] ehci-pci: EHCI PCI platform driver
[    1.294385] ehci-platform: EHCI generic platform driver
[    1.299707] ehci-omap: OMAP-EHCI Host Controller driver
[    1.304999] ehci-orion: EHCI orion driver
[    1.309069] SPEAr-ehci: EHCI SPEAr driver
[    1.313128] tegra-ehci: Tegra EHCI driver
[    1.317270] platform 7d004000.usb: Driver tegra-ehci requests probe deferral
[    1.324352] platform 7d008000.usb: Driver tegra-ehci requests probe deferral
[    1.331424] ohci_hcd: USB 1.1 'Open' Host Controller (OHCI) Driver
[    1.337609] ohci-pci: OHCI PCI platform driver
[    1.342078] ohci-platform: OHCI generic platform driver
[    1.347379] ohci-omap3: OHCI OMAP3 driver
[    1.351452] SPEAr-ohci: OHCI SPEAr driver
[    1.355870] usbcore: registered new interface driver usb-storage
[    1.362203] platform 7d004000.usb-phy: Driver tegra-phy requests probe deferral
[    1.369556] platform 7d008000.usb-phy: Driver tegra-phy requests probe deferral
[    1.377652] mousedev: PS/2 mouse device common for all mice
[    1.384563] tegra_rtc 7000e000.rtc: rtc core: registered 7000e000.rtc as rtc1
[    1.391708] tegra_rtc 7000e000.rtc: Tegra internal Real Time Clock
[    1.410495] tps65910-rtc tps65910-rtc: rtc core: registered tps65910-rtc as rtc0
[    1.418010] i2c /dev entries driver
[    1.422620] usbcore: registered new interface driver uvcvideo
[    1.428365] USB Video Class driver (1.1.1)
[    1.432452] gspca_main: v2.14.0 registered
[    1.438609] sdhci: Secure Digital Host Controller Interface driver
[    1.444783] sdhci: Copyright(c) Pierre Ossman
[    1.449654] Synopsys Designware Multimedia Card Interface Driver
[    1.456032] sdhci-pltfm: SDHCI platform and OF driver helper
[    1.462221] sdhci-tegra 78000000.sdhci: Got CD GPIO #69.
[    1.467542] sdhci-tegra 78000000.sdhci: Got WP GPIO #155.
[    1.474061] sdhci-tegra 78000000.sdhci: No vmmc regulator found
[    1.479976] sdhci-tegra 78000000.sdhci: No vqmmc regulator found
[    1.485973] mmc0: Invalid maximum block size, assuming 512 bytes
[    1.528317] mmc0: SDHCI controller on 78000000.sdhci [78000000.sdhci] using ADMA
[    1.538890] sdhci-tegra 78000600.sdhci: No vmmc regulator found
[    1.544806] sdhci-tegra 78000600.sdhci: No vqmmc regulator found
[    1.550803] mmc1: Invalid maximum block size, assuming 512 bytes
[    1.593270] mmc1: SDHCI controller on 78000600.sdhci [78000600.sdhci] using ADMA
[    1.605130] usbcore: registered new interface driver usbhid
[    1.610702] usbhid: USB HID core driver
[    1.696355] mmc1: new high speed MMC card at address 0001
[    1.702000] mmcblk0: mmc1:0001 SEM16G 14.8 GiB 
[    1.706605] mmcblk0boot0: mmc1:0001 SEM16G partition 1 1.00 MiB
[    1.712579] mmcblk0boot1: mmc1:0001 SEM16G partition 2 1.00 MiB
[    1.718551] mmcblk0rpmb: mmc1:0001 SEM16G partition 3 128 KiB
[    1.727014] Primary GPT is invalid, using alternate GPT.
[    1.732339]  mmcblk0: p1 p2 p3 p4 p5
[    1.739117]  mmcblk0boot1: unknown partition table
[    1.746184]  mmcblk0boot0: unknown partition table
[    2.029240] tegra30-i2s 70080400.i2s: DMA channels sourced from device 70080000.ahub
[    2.044783] tegra-snd-rt5640 sound: rt5640-aif1 <-> 70080400.i2s mapping ok
[    2.053853] input: NVIDIA Tegra Beaver Headphones as /devices/soc0/sound/sound/card0/input0
[    2.063090] TCP: cubic registered
[    2.066421] NET: Registered protocol family 17
[    2.070879] can: controller area network core (rev 20120528 abi 9)
[    2.077097] NET: Registered protocol family 29
[    2.081543] can: raw protocol (rev 20120528)
[    2.085811] can: broadcast manager protocol (rev 20120528 t)
[    2.091468] can: netlink gateway (rev 20130117) max_hops=1
[    2.097201] Key type dns_resolver registered
[    2.101840] ThumbEE CPU extension supported.
[    2.106133] Registering SWP/SWPB emulation handler
[    2.114259] chargepump_5v: 5000 mV 
[    2.122008] vdd_ddr: 1500 mV 
[    2.125016] vdd_ddr: supplied by vdd_5v_in
[    2.129319] vdd_5v_sata: 5000 mV 
[    2.132652] vdd_5v_sata: supplied by vdd_5v_in
[    2.137285] usb1_vbus: 5000 mV 
[    2.140446] usb1_vbus: supplied by vdd_5v_in
[    2.144893] usb3_vbus: 5000 mV 
[    2.148043] usb3_vbus: supplied by vdd_5v_in
[    2.156214] sys_3v3,vdd_3v3_alw: 3300 mV 
[    2.160246] sys_3v3,vdd_3v3_alw: supplied by vdd_5v_in
[    2.165554] sys_3v3_pexs: 3300 mV 
[    2.168973] sys_3v3_pexs: supplied by sys_3v3,vdd_3v3_alw
[    2.174540] +VDD_5V_HDMI: 5000 mV 
[    2.177946] +VDD_5V_HDMI: supplied by sys_3v3,vdd_3v3_alw
[    2.183806] tegra-pcie 3000.pcie-controller: 2x3 configuration
[    2.193523] tegra-pcie 3000.pcie-controller: probing port 0, using 2 lanes
[    2.258661] tegra-pcie 3000.pcie-controller: probing port 2, using 2 lanes
[    2.669255] tegra-pcie 3000.pcie-controller: link 2 down, retrying
[    3.079172] tegra-pcie 3000.pcie-controller: link 2 down, retrying
[    3.489089] tegra-pcie 3000.pcie-controller: link 2 down, retrying
[    3.497281] tegra-pcie 3000.pcie-controller: link 2 down, ignoring
[    3.503595] tegra-pcie 3000.pcie-controller: PCI host bridge to bus 0000:00
[    3.510557] pci_bus 0000:00: root bus resource [mem 0x20000000-0x27ffffff]
[    3.517424] pci_bus 0000:00: root bus resource [mem 0x28000000-0x3fffffff pref]
[    3.524724] pci_bus 0000:00: root bus resource [bus 00-ff]
[    3.530202] pci_bus 0000:00: root bus resource [io  0x1000-0xffff]
[    3.536395] pci 0000:00:01.0: [10de:0e1c] type 01 class 0x060400
[    3.542447] pci 0000:00:01.0: PME# supported from D0 D1 D2 D3hot D3cold
[    3.549190] PCI: bus0: Fast back to back transfers disabled
[    3.554761] pci 0000:00:01.0: bridge configuration invalid ([bus 00-00]), reconfiguring
[    3.562862] pci 0000:01:00.0: [10ec:8168] type 00 class 0x020000
[    3.568880] pci 0000:01:00.0: reg 0x10: [io  0x0000-0x00ff]
[    3.574460] pci 0000:01:00.0: reg 0x18: [mem 0x00000000-0x00000fff 64bit pref]
[    3.581679] pci 0000:01:00.0: reg 0x20: [mem 0x00000000-0x00003fff 64bit pref]
[    3.588945] pci 0000:01:00.0: supports D1 D2
[    3.593202] pci 0000:01:00.0: PME# supported from D0 D1 D2 D3hot D3cold
[    3.599928] PCI: bus1: Fast back to back transfers disabled
[    3.605499] pci_bus 0000:01: busn_res: [bus 01-ff] end is updated to 01
[    3.612158] pci 0000:00:01.0: BAR 9: assigned [mem 0x28000000-0x280fffff 64bit pref]
[    3.619895] pci 0000:00:01.0: BAR 7: assigned [io  0x1000-0x1fff]
[    3.625984] pci 0000:01:00.0: BAR 4: assigned [mem 0x28000000-0x28003fff 64bit pref]
[    3.633726] pci 0000:01:00.0: BAR 2: assigned [mem 0x28004000-0x28004fff 64bit pref]
[    3.641465] pci 0000:01:00.0: BAR 0: assigned [io  0x1000-0x10ff]
[    3.647553] pci 0000:00:01.0: PCI bridge to [bus 01]
[    3.652512] pci 0000:00:01.0:   bridge window [io  0x1000-0x1fff]
[    3.658598] pci 0000:00:01.0:   bridge window [mem 0x28000000-0x280fffff 64bit pref]
[    3.666341] pci 0000:00:01.0: nv_msi_ht_cap_quirk didn't locate host bridge
[    3.673469] r8169 Gigabit Ethernet driver 2.3LK-NAPI loaded
[    3.679064] r8169 0000:01:00.0: enabling device (0140 -> 0143)
[    3.685427] r8169 0000:01:00.0 eth0: RTL8168evl/8111evl at 0xf0032000, 02:04:4b:01:60:a6, XID 0c900800 IRQ 472
[    3.695422] r8169 0000:01:00.0 eth0: jumbo features [frames: 9200 bytes, tx checksumming: ko]
[    3.705563] [drm] Supports vblank timestamp caching Rev 2 (21.10.2013).
[    3.712193] [drm] No driver support for vblank timestamp query.
[    3.718144] host1x drm: No connectors reported connected with modes
[    3.724408] [drm] Cannot find any crtc or sizes - going 1024x768
[    3.748370] Console: switching to colour frame buffer device 128x48
[    3.760661] host1x drm: fb0:  frame buffer device
[    3.765357] host1x drm: registered panic notifier
[    3.783667] [drm] Initialized tegra 0.0.0 20120330 on minor 0
[    3.789946] platform 7d004000.usb: Driver tegra-ehci requests probe deferral
[    3.797422] platform 7d008000.usb: Driver tegra-ehci requests probe deferral
[    3.807843] utmi_phy_clk_enable: timeout waiting for phy to stabilize
[    3.814298] tegra-ehci 7d004000.usb: EHCI Host Controller
[    3.819701] tegra-ehci 7d004000.usb: new USB bus registered, assigned bus number 1
[    3.827501] tegra-ehci 7d004000.usb: irq 53, io mem 0x7d004000
[    3.843274] tegra-ehci 7d004000.usb: USB 2.0 started, EHCI 1.00
[    3.849622] hub 1-0:1.0: USB hub found
[    3.853399] hub 1-0:1.0: 1 port detected
[    3.857813] tegra-ehci 7d008000.usb: EHCI Host Controller
[    3.863227] tegra-ehci 7d008000.usb: new USB bus registered, assigned bus number 2
[    3.870964] tegra-ehci 7d008000.usb: irq 129, io mem 0x7d008000
[    3.883656] tegra-ehci 7d008000.usb: USB 2.0 started, EHCI 1.00
[    3.889944] hub 2-0:1.0: USB hub found
[    3.893716] hub 2-0:1.0: 1 port detected
[    3.901629] tps65910-rtc tps65910-rtc: setting system clock to 2000-01-01 00:00:02 UTC (946684802)
[    3.914462] usb1_vbus: disabling
[    3.917705] vdd_sata,avdd_plle: disabling
[    3.922266] ALSA device list:
[    3.925239]   #0: NVIDIA Tegra Beaver
[    3.931380] EXT4-fs (mmcblk0p1): mounting ext3 file system using the ext4 subsystem
[    3.946479] EXT4-fs (mmcblk0p1): warning: mounting fs with errors, running e2fsck is recommended
[    3.956568] EXT4-fs (mmcblk0p1): recovery complete
[    3.961366] EXT4-fs (mmcblk0p1): mounted filesystem with ordered data mode. Opts: (null)
[    3.969471] VFS: Mounted root (ext3 filesystem) on device 179:1.
[    3.984921] devtmpfs: mounted
[    3.988482] Freeing unused kernel memory: 660K (c0aeb000 - c0b90000)
bash: cannot set terminal process group (-1): Inappropriate ioctl for device
bash: no job control in this shell
root@(none):/# [    4.203720] usb 2-1: new high-speed USB device number 2 using tegra-ehci
[    4.672836] asix 2-1:1.0 eth1: register 'asix' at usb-7d008000.usb-1, ASIX AX88772 USB 2.0 Ethernet, 00:50:b6:0f:68:6d
