
U-Boot SPL 2013.04-rc2-06423-gf2e8a87-dirty (May 15 2013 - 09:45:39)


U-Boot 2013.04-rc2-06423-gf2e8a87-dirty (May 15 2013 - 09:45:39)

TEGRA30
Board: NVIDIA Beaver
DRAM:  2 GiB
MMC:   Tegra SD/MMC: 0, Tegra SD/MMC: 1
*** Warning - bad CRC, using default environment

In:    serial
Out:   serial
Err:   serial
Hit any key to stop autoboot:  2  0 
Tegra30 (Beaver) # 
Tegra30 (Beaver) # setenv bootargs 'console=ttyS0,230400n8 noinitrd root=/dev/mmcblk0p1 rw rootwait gpt ignore_loglevel debug'
Tegra30 (Beaver) # loady 0x81000000
## Ready for binary (ymodem) download to 0x81000000 at 230400 bps...
CSending: zImage
Sending: 

Transfer complete
xyzModem - CRC mode, 2(SOH)/4346(STX)/0(CAN) packets, 3 retries
## Total Size      = 0x0043e7c0 = 4450240 Bytes
Tegra30 (Beaver) # loady 0x82000000
## Ready for binary (ymodem) download to 0x82000000 at 230400 bps...
CSending: tegra30-beaver.dtb
Sending: 

Transfer complete
zModem - CRC mode, 6(SOH)/20(STX)/0(CAN) packets, 3 retries
## Total Size      = 0x000051a8 = 20904 Bytes
Tegra30 (Beaver) # bootz 0x81000000 - 0x82000000
## Flattened Device Tree blob at 82000000
   Booting using the fdt blob at 0x82000000
   Loading Device Tree to 8fff7000, end 8ffff1a7 ... OK

Starting kernel .ø†ø†æ€˜€æ€˜€fæžÎžæžøÎxÎøÎžøž~8˜†žøžf†ø†ø†8xþžøžf†8àÎžþž`Îžøž~8~€žf8æÎxžfžø†æ€˜€[    0.000000] Booting Linux on physical CPU 0x0
[    0.000000] Initializing cgroup subsys cpu
[    0.000000] Initializing cgroup subsys cpuacct
[    0.000000] Linux version 3.11.0-next-20130912-12063-gc2bbc01 (pwalmsley@tamien) (gcc version 4.5.1 (Sourcery G++ Lite 2010.09-50) ) #1 SMP PREEMPT Wed Sep 11 21:55:19 PDT 2013
[    0.000000] CPU: ARMv7 Processor [412fc099] revision 9 (ARMv7), cr=10c5387d
[    0.000000] CPU: PIPT / VIPT nonaliasing data cache, VIPT aliasing instruction cache
[    0.000000] Machine: NVIDIA Tegra SoC (Flattened Device Tree), model: NVIDIA Tegra30 Beaver evaluation board
[    0.000000] debug: ignoring loglevel setting.
[    0.000000] cma: CMA: reserved 16 MiB at ae800000
[    0.000000] Memory policy: ECC disabled, Data cache writealloc
[    0.000000] On node 0 totalpages: 524032
[    0.000000] free_area_init_node: node 0, pgdat c0830580, node_mem_map c0887000
[    0.000000]   Normal zone: 1520 pages used for memmap
[    0.000000]   Normal zone: 0 pages reserved
[    0.000000]   Normal zone: 194560 pages, LIFO batch:31
[    0.000000]   HighMem zone: 2574 pages used for memmap
[    0.000000]   HighMem zone: 329472 pages, LIFO batch:31
[    0.000000] fuse_speedo_calib: ATE prog ver 3.3
[    0.000000] Tegra30: CPU Speedo ID 5, Soc Speedo ID 2
[    0.000000] Tegra Revision: A03 SKU: 128 CPU Process: 4 Core Process: 0
[    0.000000] L310 cache controller enabled
[    0.000000] l2x0: 8 ways, CACHE_ID 0x410000c7, AUX_CTRL 0x7e480001, Cache size: 1024 kB
[    0.000000] PERCPU: Embedded 8 pages/cpu @c189a000 s9024 r8192 d15552 u32768
[    0.000000] pcpu-alloc: s9024 r8192 d15552 u32768 alloc=8*4096
[    0.000000] pcpu-alloc: [0] 0 [0] 1 [0] 2 [0] 3 
[    0.000000] Built 1 zonelists in Zone order, mobility grouping on.  Total pages: 522512
[    0.000000] Kernel command line: console=ttyS0,230400n8 noinitrd root=/dev/mmcblk0p1 rw rootwait gpt ignore_loglevel debug
[    0.000000] PID hash table entries: 4096 (order: 2, 16384 bytes)
[    0.000000] Dentry cache hash table entries: 131072 (order: 7, 524288 bytes)
[    0.000000] Inode-cache hash table entries: 65536 (order: 6, 262144 bytes)
[    0.000000] Memory: 2053552K/2096128K available (6091K kernel code, 278K rwdata, 1760K rodata, 216K init, 340K bss, 42576K reserved, 1317888K highmem)
[    0.000000] Virtual kernel memory layout:
[    0.000000]     vector  : 0xffff0000 - 0xffff1000   (   4 kB)
[    0.000000]     fixmap  : 0xfff00000 - 0xfffe0000   ( 896 kB)
[    0.000000]     vmalloc : 0xf0000000 - 0xff000000   ( 240 MB)
[    0.000000]     lowmem  : 0xc0000000 - 0xef800000   ( 760 MB)
[    0.000000]     pkmap   : 0xbfe00000 - 0xc0000000   (   2 MB)
[    0.000000]     modules : 0xbf000000 - 0xbfe00000   (  14 MB)
[    0.000000]       .text : 0xc0008000 - 0xc07b30fc   (7853 kB)
[    0.000000]       .init : 0xc07b4000 - 0xc07ea340   ( 217 kB)
[    0.000000]       .data : 0xc07ec000 - 0xc0831bc0   ( 279 kB)
[    0.000000]        .bss : 0xc0831bcc - 0xc0886d9c   ( 341 kB)
[    0.000000] Preemptible hierarchical RCU implementation.
[    0.000000] NR_IRQS:16 nr_irqs:16 16
[    0.000000] sched_clock: 32 bits at 1MHz, resolution 1000ns, wraps every 4294967ms
[    0.000000] Console: colour dummy device 80x30
[    0.000511] Calibrating delay loop... 2793.47 BogoMIPS (lpj=13967360)
[    0.059942] pid_max: default: 32768 minimum: 301
[    0.060271] Mount-cache hash table entries: 512
[    0.069741] Initializing cgroup subsys debug
[    0.069758] Initializing cgroup subsys freezer
[    0.069819] CPU: Testing write buffer coherency: ok
[    0.070230] CPU0: thread -1, cpu 0, socket 0, mpidr 80000000
[    0.070279] Setting up static identity map for 0xc05cb2a8 - 0xc05cb340
[    0.131257] CPU1: Booted secondary processor
[    0.189982] CPU1: thread -1, cpu 1, socket 0, mpidr 80000001
[    0.211208] CPU2: Booted secondary processor
[    0.269982] CPU2: thread -1, cpu 2, socket 0, mpidr 80000002
[    0.291226] CPU3: Booted secondary processor
[    0.349982] CPU3: thread -1, cpu 3, socket 0, mpidr 80000003
[    0.350050] Brought up 4 CPUs
[    0.350066] SMP: Total of 4 processors activated.
[    0.350072] CPU: All CPU(s) started in SVC mode.
[    0.350850] devtmpfs: initialized
[    0.360702] VFP support v0.3: implementor 41 architecture 3 part 30 variant 9 rev 4
[    0.360981] pinctrl core: initialized pinctrl subsystem
[    0.361375] regulator-dummy: no parameters
[    0.364146] NET: Registered protocol family 16
[    0.366617] DMA: preallocated 256 KiB pool for atomic coherent allocations
[    0.367224] cpuidle: using governor ladder
[    0.367230] cpuidle: using governor menu
[    0.374772] No ATAGs?
[    0.374794] hw-breakpoint: found 5 (+1 reserved) breakpoint and 1 watchpoint registers.
[    0.374800] hw-breakpoint: maximum watchpoint size is 4 bytes.
[    0.383494] bio: create slab <bio-0> at 0
[    0.384536] vdd_5v_in: 5000 mV 
[    0.384650] platform 1.regulator: Driver reg-fixed-voltage requests probe deferral
[    0.384690] platform 2.regulator: Driver reg-fixed-voltage requests probe deferral
[    0.384831] vdd_5v_sata: 5000 mV 
[    0.384857] vdd_5v_sata: supplied by vdd_5v_in
[    0.385088] usb1_vbus: 5000 mV 
[    0.385110] usb1_vbus: supplied by vdd_5v_in
[    0.385293] usb3_vbus: 5000 mV 
[    0.385313] usb3_vbus: supplied by vdd_5v_in
[    0.385418] platform 6.regulator: Driver reg-fixed-voltage requests probe deferral
[    0.385561] sys_3v3_pexs: 3300 mV 
[    0.385585] reg-fixed-voltage 7.regulator: Failed to find supply vin
[    0.385675] reg-fixed-voltage 7.regulator: Failed to register regulator: -517
[    0.385687] platform 7.regulator: Driver reg-fixed-voltage requests probe deferral
[    0.386436] vgaarb: loaded
[    0.387245] SCSI subsystem initialized
[    0.387550] usbcore: registered new interface driver usbfs
[    0.387613] usbcore: registered new interface driver hub
[    0.387752] usbcore: registered new device driver usb
[    0.391178] tps62361-vout: 500 <--> 1500 mV at 1160 mV 
[    0.391530] tps65910 4-002d: VMBCH-Threshold not specified
[    0.391539] tps65910 4-002d: VMBCH2-Threshold not specified
[    0.396805] vdd_1v8_gen: 1800 mV 
[    0.396847] vdd_1v8_gen: supplied by vdd_5v_in
[    0.399995] vddio_ddr_1v2: 1200 mV 
[    0.400485] vddio_ddr_1v2: supplied by vdd_5v_in
[    0.403834] vdd_1v5_gen: 1500 mV 
[    0.403866] vdd_1v5_gen: supplied by vdd_5v_in
[    0.407239] vdd_cpu,vdd_sys: 1000 mV 
[    0.409662] vdd_pexa,vdd_pexb: 1050 mV 
[    0.409693] vdd_pexa,vdd_pexb: supplied by vdd_1v5_gen
[    0.412490] vdd_sata,avdd_plle: 1050 mV 
[    0.412520] vdd_sata,avdd_plle: supplied by vdd_1v5_gen
[    0.414974] vdd_rtc: 1200 mV 
[    0.415010] vdd_rtc: supplied by vdd_5v_in
[    0.417470] vddio_sdmmc,avdd_vdac: 3300 mV 
[    0.417502] vddio_sdmmc,avdd_vdac: supplied by vdd_5v_in
[    0.420277] avdd_dsi_csi,pwrdet_mipi: 1200 mV 
[    0.420309] avdd_dsi_csi,pwrdet_mipi: supplied by vdd_1v8_gen
[    0.422767] vdd_pllm,x,u,a_p_c_s: 1200 mV 
[    0.422798] vdd_pllm,x,u,a_p_c_s: supplied by vdd_1v8_gen
[    0.425567] vdd_ddr_hs: 1000 mV 
[    0.425596] vdd_ddr_hs: supplied by vdd_1v8_gen
[    0.425944] Linux video capture interface: v2.00
[    0.426404] platform 7000f010.iommu: Driver tegra-smmu requests probe deferral
[    0.426634] Advanced Linux Sound Architecture Driver Initialized.
[    0.427218] Bluetooth: Core ver 2.16
[    0.427280] NET: Registered protocol family 31
[    0.427285] Bluetooth: HCI device and connection manager initialized
[    0.427304] Bluetooth: HCI socket layer initialized
[    0.427319] Bluetooth: L2CAP socket layer initialized
[    0.427357] Bluetooth: SCO socket layer initialized
[    0.427852] cfg80211: Calling CRDA to update world regulatory domain
[    0.428579] Switched to clocksource timer_us
[    0.437852] NET: Registered protocol family 2
[    0.438527] TCP established hash table entries: 8192 (order: 4, 65536 bytes)
[    0.438649] TCP bind hash table entries: 8192 (order: 4, 65536 bytes)
[    0.438728] TCP: Hash tables configured (established 8192 bind 8192)
[    0.439191] TCP: reno registered
[    0.439205] UDP hash table entries: 512 (order: 2, 16384 bytes)
[    0.439266] UDP-Lite hash table entries: 512 (order: 2, 16384 bytes)
[    0.439624] NET: Registered protocol family 1
[    0.440222] RPC: Registered named UNIX socket transport module.
[    0.440229] RPC: Registered udp transport module.
[    0.440232] RPC: Registered tcp transport module.
[    0.440236] RPC: Registered tcp NFSv4.1 backchannel transport module.
[    0.440245] PCI: CLS 0 bytes, default 64
[    0.441174] hw perfevents: enabled with ARMv7 Cortex-A9 PMU driver, 7 counters available
[    0.443416] bounce pool size: 64 pages
[    0.444522] squashfs: version 4.0 (2009/01/31) Phillip Lougher
[    0.445181] msgmni has been set to 1468
[    0.446283] io scheduler noop registered (default)
[    0.446906] platform 3000.pcie-controller: Driver tegra-pcie requests probe deferral
[    0.450531] tegra-apbdma 6000a000.dma: Tegra20 APB DMA driver register 32 channels
[    0.450941] Serial: 8250/16550 driver, 4 ports, IRQ sharing disabled
[    0.452229] 70006000.serial: ttyS0 at MMIO 0x70006000 (irq = 68, base_baud = 25500000) is a Tegra
[    0.859593] console [ttyS0] enabled
[    0.861958] [drm] Initialized drm 1.1.0 20060810
[    0.865435] tegra-hdmi 54280000.hdmi: failed to get VDD regulator
[    0.868502] platform 54280000.hdmi: Driver tegra-hdmi requests probe deferral
[    0.875591] loop: module loaded
[    0.879816] m25p80 spi32766.1: w25q32 (4096 Kbytes)
[    0.883342] pegasus: v0.9.3 (2013/04/25), Pegasus/Pegasus II USB Ethernet driver
[    0.887139] usbcore: registered new interface driver pegasus
[    0.890059] usbcore: registered new interface driver asix
[    0.892816] usbcore: registered new interface driver ax88179_178a
[    0.895917] usbcore: registered new interface driver cdc_ether
[    0.898903] usbcore: registered new interface driver r815x
[    0.901713] usbcore: registered new interface driver smsc75xx
[    0.904668] usbcore: registered new interface driver smsc95xx
[    0.907597] usbcore: registered new interface driver net1080
[    0.910496] usbcore: registered new interface driver cdc_subset
[    0.913510] usbcore: registered new interface driver zaurus
[    0.916374] usbcore: registered new interface driver cdc_ncm
[    0.919260] ehci_hcd: USB 2.0 'Enhanced' Host Controller (EHCI) Driver
[    0.922534] ehci-pci: EHCI PCI platform driver
[    0.924812] tegra-ehci: Tegra EHCI driver
[    0.926973] platform 7d008000.usb: Driver tegra-ehci requests probe deferral
[    0.930733] usbcore: registered new interface driver cdc_acm
[    0.933571] cdc_acm: USB Abstract Control Model driver for USB modems and ISDN adapters
[    0.937631] usbcore: registered new interface driver cdc_wdm
[    0.940547] usbcore: registered new interface driver usb-storage
[    0.945163] mousedev: PS/2 mouse device common for all mice
[    0.948978] tegra_rtc 7000e000.rtc: rtc core: registered 7000e000.rtc as rtc0
[    0.952581] tegra_rtc 7000e000.rtc: Tegra internal Real Time Clock
[    0.968553] tps65910-rtc tps65910-rtc: rtc core: registered tps65910-rtc as rtc1
[    0.973561] sdhci: Secure Digital Host Controller Interface driver
[    0.976660] sdhci: Copyright(c) Pierre Ossman
[    0.978856] sdhci-pltfm: SDHCI platform and OF driver helper
[    0.982036] sdhci-tegra 78000000.sdhci: Got CD GPIO #69.
[    0.984714] sdhci-tegra 78000000.sdhci: Got WP GPIO #155.
[    0.987478] mmc0: no vqmmc regulator found
[    0.989549] mmc0: no vmmc regulator found
[    0.991562] mmc0: Invalid maximum block size, assuming 512 bytes
[    1.038592] mmc0: SDHCI controller on 78000000.sdhci [78000000.sdhci] using ADMA
[    1.043419] mmc1: no vqmmc regulator found
[    1.045475] mmc1: no vmmc regulator found
[    1.047485] mmc1: Invalid maximum block size, assuming 512 bytes
[    1.088589] mmc1: SDHCI controller on 78000600.sdhci [78000600.sdhci] using ADMA
[    1.095072] usbcore: registered new interface driver usbhid
[    1.099913] usbhid: USB HID core driver
[    1.247028] mmc1: new high speed MMC card at address 0001
[    1.250180] mmcblk0: mmc1:0001 SEM16G 14.8 GiB 
[    1.252697] mmcblk0boot0: mmc1:0001 SEM16G partition 1 1.00 MiB
[    1.255903] mmcblk0boot1: mmc1:0001 SEM16G partition 2 1.00 MiB
[    1.259094] mmcblk0rpmb: mmc1:0001 SEM16G partition 3 128 KiB
[    1.266133] Primary GPT is invalid, using alternate GPT.
[    1.268834]  mmcblk0: p1 p2 p3 p4 p5
[    1.274735]  mmcblk0boot1: unknown partition table
[    1.280129]  mmcblk0boot0: unknown partition table
[    1.527235] tegra-snd-rt5640 sound.4:  rt5640-aif1 <-> 70080400.i2s mapping ok
[    1.533853] input: NVIDIA Tegra Beaver Headphones as /devices/soc0/sound.4/sound/card0/input0
[    1.539338] TCP: cubic registered
[    1.541193] NET: Registered protocol family 10
[    1.544426] mip6: Mobile IPv6
[    1.545919] sit: IPv6 over IPv4 tunneling driver
[    1.549430] NET: Registered protocol family 17
[    1.551691] NET: Registered protocol family 15
[    1.554078] Bluetooth: RFCOMM socket layer initialized
[    1.556657] Bluetooth: RFCOMM ver 1.11
[    1.558537] Bluetooth: BNEP (Ethernet Emulation) ver 1.3
[    1.561228] Bluetooth: BNEP socket layer initialized
[    1.563718] Bluetooth: HIDP (Human Interface Emulation) ver 1.2
[    1.566697] Bluetooth: HIDP socket layer initialized
[    1.569685] Registering SWP/SWPB emulation handler
[    1.572555] vdd_sata,avdd_plle: disabling
[    1.576230] chargepump_5v: 5000 mV 
[    1.579505] vdd_ddr: 1500 mV 
[    1.581029] vdd_ddr: supplied by vdd_5v_in
[    1.584239] sys_3v3,vdd_3v3_alw: 3300 mV 
[    1.586272] sys_3v3,vdd_3v3_alw: supplied by vdd_5v_in
[    1.589094] sys_3v3_pexs: 3300 mV 
[    1.590821] sys_3v3_pexs: supplied by sys_3v3,vdd_3v3_alw
[    1.594026] tegra-pcie 3000.pcie-controller: 2x3 configuration
[    1.601288] tegra-pcie 3000.pcie-controller: probing port 0, using 2 lanes
[    1.659039] tegra-pcie 3000.pcie-controller: probing port 2, using 2 lanes
[    2.066638] tegra-pcie 3000.pcie-controller: link 2 down, retrying
[    2.473999] tegra-pcie 3000.pcie-controller: link 2 down, retrying
[    2.881244] tegra-pcie 3000.pcie-controller: link 2 down, retrying
[    2.886359] tegra-pcie 3000.pcie-controller: link 2 down, ignoring
[    2.889620] tegra-pcie 3000.pcie-controller: PCI host bridge to bus 0000:00
[    2.893117] pci_bus 0000:00: root bus resource [mem 0x20000000-0x27ffffff]
[    2.896568] pci_bus 0000:00: root bus resource [mem 0x28000000-0x3fffffff pref]
[    2.900249] pci_bus 0000:00: root bus resource [bus 00-ff]
[    2.903002] pci_bus 0000:00: root bus resource [io  0x1000-0xffff]
[    2.906135] pci 0000:00:01.0: [10de:0e1c] type 01 class 0x060400
[    2.909209] pci 0000:00:01.0: PME# supported from D0 D1 D2 D3hot D3cold
[    2.912717] PCI: bus0: Fast back to back transfers disabled
[    2.915517] pci 0000:00:01.0: bridge configuration invalid ([bus 00-00]), reconfiguring
[    2.919699] pci 0000:01:00.0: [10ec:8168] type 00 class 0x020000
[    2.922731] pci 0000:01:00.0: reg 0x10: [io  0x0000-0x00ff]
[    2.925539] pci 0000:01:00.0: reg 0x18: [mem 0x00000000-0x00000fff 64bit pref]
[    2.929182] pci 0000:01:00.0: reg 0x20: [mem 0x00000000-0x00003fff 64bit pref]
[    2.932850] pci 0000:01:00.0: supports D1 D2
[    2.934993] pci 0000:01:00.0: PME# supported from D0 D1 D2 D3hot D3cold
[    2.948606] PCI: bus1: Fast back to back transfers disabled
[    2.951407] pci_bus 0000:01: busn_res: [bus 01-ff] end is updated to 01
[    2.954762] pci 0000:00:01.0: BAR 9: assigned [mem 0x28000000-0x280fffff 64bit pref]
[    2.958661] pci 0000:00:01.0: BAR 7: assigned [io  0x1000-0x1fff]
[    2.961724] pci 0000:01:00.0: BAR 4: assigned [mem 0x28000000-0x28003fff 64bit pref]
[    2.965618] pci 0000:01:00.0: BAR 2: assigned [mem 0x28004000-0x28004fff 64bit pref]
[    2.969518] pci 0000:01:00.0: BAR 0: assigned [io  0x1000-0x10ff]
[    2.972579] pci 0000:00:01.0: PCI bridge to [bus 01]
[    2.975070] pci 0000:00:01.0:   bridge window [io  0x1000-0x1fff]
[    2.978128] pci 0000:00:01.0:   bridge window [mem 0x28000000-0x280fffff 64bit pref]
[    2.982033] pci 0000:00:01.0: nv_msi_ht_cap_quirk didn't locate host bridge
[    2.985703] r8169 Gigabit Ethernet driver 2.3LK-NAPI loaded
[    2.988548] PCI: enabling device 0000:01:00.0 (0140 -> 0143)
[    2.992227] r8169 0000:01:00.0 eth0: RTL8168evl/8111evl at 0xf0022000, 02:04:4b:01:60:a6, XID 0c900800 IRQ 472
[    2.997246] r8169 0000:01:00.0 eth0: jumbo features [frames: 9200 bytes, tx checksumming: ko]
[    3.003366] [drm] Supports vblank timestamp caching Rev 1 (10.10.2010).
[    3.006687] [drm] No driver support for vblank timestamp query.
[    3.009710] tegra-host1x 50000000.host1x: No connectors reported connected with modes
[    3.013644] [drm] Cannot find any crtc or sizes - going 1024x768
[    3.032865] Console: switching to colour frame buffer device 128x48
[    3.042071] tegra-host1x 50000000.host1x: fb0:  frame buffer device
[    3.045215] tegra-host1x 50000000.host1x: registered panic notifier
[    3.048365] [drm] Initialized tegra 0.0.0 20120330 on minor 0
[    3.054334] utmi_phy_clk_enable: timeout waiting for phy to stabilize
[    3.057569] tegra-ehci 7d008000.usb: EHCI Host Controller
[    3.060312] tegra-ehci 7d008000.usb: new USB bus registered, assigned bus number 1
[    3.064463] tegra-ehci 7d008000.usb: irq 129, io mem 0x7d008000
[    3.078595] tegra-ehci 7d008000.usb: USB 2.0 started, EHCI 1.00
[    3.082137] hub 1-0:1.0: USB hub found
[    3.084051] hub 1-0:1.0: 1 port detected
[    3.086538] tegra_rtc 7000e000.rtc: setting system clock to 1970-01-01 00:03:49 UTC (229)
[    3.090932] ALSA device list:
[    3.092423]   #0: NVIDIA Tegra Beaver
[    3.188448] kjournald starting.  Commit interval 5 seconds
[    3.190204] EXT3-fs (mmcblk0p1): using internal journal
[    3.191687] EXT3-fs (mmcblk0p1): recovery complete
[    3.191690] EXT3-fs (mmcblk0p1): mounted filesystem with writeback data mode
[    3.191761] VFS: Mounted root (ext3 filesystem) on device 179:1.
[    3.194051] devtmpfs: mounted
[    3.194257] Freeing unused kernel memory: 216K (c07b4000 - c07ea000)
 
INIT: version 2.88 booting
[info] Using makefile-style concurrent boot in runlevel S.
[....] Starting the hotplug events dispatcher: udevd[    4.082338] udevd[178]: starting version 175
[ ok .
[....] Synthesizing the initial hotplug events...[ ok done.
[....] Waiting for /dev to be fully populated...[ ok done.
[....] Activating swap...[ ok done.
[....] Cleaning up temporary files... /tmp[ ok .
[....] Activating lvm and md swap...[ ok done.
[....] Checking file systems...fsck from util-linux 2.20.1
[ ok done.
[....] Mounting local filesystems...[ ok done.
[....] Activating swapfile swap...[ ok done.
[....] Cleaning up temporary files...[ ok .
[....] Setting kernel variables ...[ ok done.
[....] Configuring network interfaces...[ ok done.
[....] Starting rpcbind daemon...[ ok .
[....] Starting NFS common utilities: statd idmapd[FAIL failed!
[....] Cleaning up temporary files...[ ok .
[....] Starting network benchmark server[ ok .
[....] startpar: service(s) returned failure: nfs-common ...[FAIL failed!
INIT: Entering runlevel: 2
[info] Using makefile-style concurrent boot in runlevel 2.
[....] Starting network benchmark server[FAIL failed!
[....] Starting rpcbind daemon...[....] Already running.[ ok .
[....] Starting NFS common utilities: statd idmapd[FAIL failed!
[....] Starting system message bus: dbus[ ok .
[....] startpar: service(s) returned failure: nfs-common ...[FAIL failed!

Debian GNU/Linux wheezy/sid armel ttyS0

armel login: 