
U-Boot SPL 2014.01-00219-gc4d376f (Feb 18 2014 - 19:57:18)


U-Boot 2014.01-00219-gc4d376f (Feb 18 2014 - 19:57:18)

TEGRA30
Board: NVIDIA Beaver
I2C:   ready
DRAM:  2 GiB
MMC:   Tegra SD/MMC: 0, Tegra SD/MMC: 1
In:    serial
Out:   serial
Err:   serial
Net:   Net Initialization Skipped
No ethernet found.
Hit any key to stop autoboot:  2  0 
Tegra30 (Beaver) # 
Tegra30 (Beaver) # usb reset
(Re)start USB...
USB0:   USB EHCI 1.00
scanning bus 0 for devices... 2 USB Device(s) found
       scanning usb for storage devices... 0 Storage Device(s) found
       scanning usb for ethernet devices... 
Warning: asx0 using MAC address from net device
1 Ethernet Device(s) found
Tegra30 (Beaver) # setenv bootargs 'ignore_loglevel console=ttyS0,115200n8 rw root=PARTUUID=edbe1840-3633-c751-7993-b0ac834f81e0 rootwait gpt debug noinitrd earlyprintk init=/bin/bash'
Tegra30 (Beaver) # setenv ipaddr 192.168.100.101; setenv serverip 192.168.100.1; setenv tftpserverip 192.168.100.1
Tegra30 (Beaver) # tftpboot 0x81000000 zImage.multi_v7_defconfig
Using asx0 device
TFTP from server 192.168.100.1; our IP address is 192.168.100.101
Filename 'zImage.multi_v7_defconfig'.
Load address: 0x81000000
Loading: *#################################################################
	 #################################################################
	 #################################################################
	 #################################################################
	 #################################################################
	 #################################################################
	 #################################################################
	 #################################################################
	 ###########################
	 3.2 MiB/s
done
Bytes transferred = 8022000 (7a67f0 hex)
Tegra30 (Beaver) # tftpboot 0x82000000 tegra30-beaver.dtb
Using asx0 device
TFTP from server 192.168.100.1; our IP address is 192.168.100.101
Filename 'tegra30-beaver.dtb'.
Load address: 0x82000000
Loading: *####
	 2.9 MiB/s
done
Bytes transferred = 51848 (ca88 hex)
Tegra30 (Beaver) # bootz 0x81000000 - 0x82000000
Kernel image @ 0x81000000 [ 0x000000 - 0x7a67f0 ]
## Flattened Device Tree blob at 82000000
   Booting using the fdt blob at 0x82000000
   Loading Device Tree to 8fff0000, end 8ffffa87 ... OK

Starting kernel ...

[    0.000000] Booting Linux on physical CPU 0x0
[    0.000000] Linux version 4.13.0-rc1-next-20170717-185807-g964bcc1 (jonathanh@sellafield) (gcc version 4.7.3 20130328 (prerelease) (crosstool-NG linaro-1.13.1-4.7-2013.04-20130415 - Linaro GCC 2013.04)) #1 SMP Mon Jul 17 13:33:20 PDT 2017
[    0.000000] CPU: ARMv7 Processor [412fc099] revision 9 (ARMv7), cr=10c5387d
[    0.000000] CPU: PIPT / VIPT nonaliasing data cache, VIPT aliasing instruction cache
[    0.000000] OF: fdt: Machine model: NVIDIA Tegra30 Beaver evaluation board
[    0.000000] debug: ignoring loglevel setting.
[    0.000000] Memory policy: Data cache writealloc
[    0.000000] efi: Getting EFI parameters from FDT:
[    0.000000] efi: UEFI not found.
[    0.000000] cma: Reserved 64 MiB at 0xfb800000
[    0.000000] On node 0 totalpages: 524032
[    0.000000] free_area_init_node: node 0, pgdat c157f100, node_mem_map eeff8000
[    0.000000]   DMA zone: 1536 pages used for memmap
[    0.000000]   DMA zone: 0 pages reserved
[    0.000000]   DMA zone: 196608 pages, LIFO batch:31
[    0.000000]   HighMem zone: 327424 pages, LIFO batch:31
[    0.000000] percpu: Embedded 17 pages/cpu @eef87000 s39488 r8192 d21952 u69632
[    0.000000] pcpu-alloc: s39488 r8192 d21952 u69632 alloc=17*4096
[    0.000000] pcpu-alloc: [0] 0 [0] 1 [0] 2 [0] 3 
[    0.000000] Built 1 zonelists in Zone order, mobility grouping on.  Total pages: 522496
[    0.000000] Kernel command line: ignore_loglevel console=ttyS0,115200n8 rw root=PARTUUID=edbe1840-3633-c751-7993-b0ac834f81e0 rootwait gpt debug noinitrd earlyprintk init=/bin/bash
[    0.000000] PID hash table entries: 4096 (order: 2, 16384 bytes)
[    0.000000] Dentry cache hash table entries: 131072 (order: 7, 524288 bytes)
[    0.000000] Inode-cache hash table entries: 65536 (order: 6, 262144 bytes)
[    0.000000] Memory: 1993468K/2096128K available (10240K kernel code, 1563K rwdata, 4456K rodata, 2048K init, 402K bss, 37124K reserved, 65536K cma-reserved, 1244160K highmem)
[    0.000000] Virtual kernel memory layout:
[    0.000000]     vector  : 0xffff0000 - 0xffff1000   (   4 kB)
[    0.000000]     fixmap  : 0xffc00000 - 0xfff00000   (3072 kB)
[    0.000000]     vmalloc : 0xf0800000 - 0xff800000   ( 240 MB)
[    0.000000]     lowmem  : 0xc0000000 - 0xf0000000   ( 768 MB)
[    0.000000]     pkmap   : 0xbfe00000 - 0xc0000000   (   2 MB)
[    0.000000]     modules : 0xbf000000 - 0xbfe00000   (  14 MB)
[    0.000000]       .text : 0xc0208000 - 0xc0d00000   (11232 kB)
[    0.000000]       .init : 0xc1200000 - 0xc1400000   (2048 kB)
[    0.000000]       .data : 0xc1400000 - 0xc1586ee8   (1564 kB)
[    0.000000]        .bss : 0xc158fcbc - 0xc15f47fc   ( 403 kB)
[    0.000000] SLUB: HWalign=64, Order=0-3, MinObjects=0, CPUs=4, Nodes=1
[    0.000000] Hierarchical RCU implementation.
[    0.000000] 	RCU event tracing is enabled.
[    0.000000] 	RCU restricting CPUs from NR_CPUS=16 to nr_cpu_ids=4.
[    0.000000] RCU: Adjusting geometry for rcu_fanout_leaf=16, nr_cpu_ids=4
[    0.000000] NR_IRQS: 16, nr_irqs: 16, preallocated irqs: 16
[    0.000000] /interrupt-controller@60004000: 160 interrupts forwarded to /interrupt-controller@50041000
[    0.000000] L2C: platform modifies aux control register: 0x02080000 -> 0x3e480001
[    0.000000] L2C: DT/platform modifies aux control register: 0x02080000 -> 0x3e480001
[    0.000000] L2C-310 erratum 769419 enabled
[    0.000000] L2C-310 enabling early BRESP for Cortex-A9
[    0.000000] L2C-310: enabling full line of zeros but not enabled in Cortex-A9
[    0.000000] L2C-310 dynamic clock gating enabled, standby mode enabled
[    0.000000] L2C-310 cache controller enabled, 8 ways, 1024 kB
[    0.000000] L2C-310: CACHE_ID 0x410000c7, AUX_CTRL 0x4e480001
[    0.000012] sched_clock: 32 bits at 1000kHz, resolution 1000ns, wraps every 2147483647500ns
[    0.000030] clocksource: timer_us: mask: 0xffffffff max_cycles: 0xffffffff, max_idle_ns: 1911260446275 ns
[    0.000039] Switching to timer-based delay loop, resolution 1000ns
[    0.003010] Console: colour dummy device 80x30
[    0.003041] Calibrating delay loop (skipped), value calculated using timer frequency.. 2.00 BogoMIPS (lpj=10000)
[    0.003050] pid_max: default: 32768 minimum: 301
[    0.003123] Mount-cache hash table entries: 2048 (order: 1, 8192 bytes)
[    0.003132] Mountpoint-cache hash table entries: 2048 (order: 1, 8192 bytes)
[    0.003496] CPU: Testing write buffer coherency: ok
[    0.003823] CPU0: thread -1, cpu 0, socket 0, mpidr 80000000
[    0.004047] Setting up static identity map for 0x80300000 - 0x803000a0
[    0.005389] Hierarchical SRCU implementation.
[    0.006721] Tegra Revision: A03 SKU: 128 CPU Process: 4 SoC Process: 0
[    0.007307] EFI services will not be available.
[    0.007406] smp: Bringing up secondary CPUs ...
[    0.010382] CPU1: thread -1, cpu 1, socket 0, mpidr 80000001
[    0.020356] CPU2: thread -1, cpu 2, socket 0, mpidr 80000002
[    0.030340] CPU3: thread -1, cpu 3, socket 0, mpidr 80000003
[    0.030394] smp: Brought up 1 node, 4 CPUs
[    0.030406] SMP: Total of 4 processors activated (8.00 BogoMIPS).
[    0.030410] CPU: All CPU(s) started in SVC mode.
[    0.031113] devtmpfs: initialized
[    0.039743] VFP support v0.3: implementor 41 architecture 3 part 30 variant 9 rev 4
[    0.040213] clocksource: jiffies: mask: 0xffffffff max_cycles: 0xffffffff, max_idle_ns: 19112604462750000 ns
[    0.040232] futex hash table entries: 1024 (order: 4, 65536 bytes)
[    0.043580] pinctrl core: initialized pinctrl subsystem
[    0.045085] DMI not present or invalid.
[    0.045299] random: get_random_u32 called from bucket_table_alloc+0xe8/0x254 with crng_init=0
[    0.045358] NET: Registered protocol family 16
[    0.047767] DMA: preallocated 256 KiB pool for atomic coherent allocations
[    0.049611] cpuidle: using governor menu
[    0.063807] No ATAGs?
[    0.063911] hw-breakpoint: found 5 (+1 reserved) breakpoint and 1 watchpoint registers.
[    0.063922] hw-breakpoint: maximum watchpoint size is 4 bytes.
[    0.068243] Serial: AMBA PL011 UART driver
[    0.068720] tegra-mc 7000f000.memory-controller: no memory timings for RAM code 3 registered
[    0.078367] AT91: Could not find identification node
[    0.078869] vdd_5v_sata: Failed to request enable GPIO30: -517
[    0.078883] reg-fixed-voltage regulators:regulator@3: Failed to register regulator: -517
[    0.078935] usb1_vbus: Failed to request enable GPIO238: -517
[    0.078942] reg-fixed-voltage regulators:regulator@4: Failed to register regulator: -517
[    0.078992] usb3_vbus: Failed to request enable GPIO236: -517
[    0.078999] reg-fixed-voltage regulators:regulator@5: Failed to register regulator: -517
[    0.079105] sys_3v3_pexs: Failed to request enable GPIO95: -517
[    0.079113] reg-fixed-voltage regulators:regulator@7: Failed to register regulator: -517
[    0.080960] vgaarb: loaded
[    0.081437] SCSI subsystem initialized
[    0.081550] libata version 3.00 loaded.
[    0.081703] usbcore: registered new interface driver usbfs
[    0.081735] usbcore: registered new interface driver hub
[    0.081767] usbcore: registered new device driver usb
[    0.088918] vrtc: supplied by vdd_5v_in
[    0.092226] vio: supplied by vdd_5v_in
[    0.101836] vdd1: supplied by vdd_5v_in
[    0.102288] random: fast init done
[    0.103194] vddio_ddr_1v2: Bringing 600000uV into 1200000-1200000uV
[    0.111845] vdd2: supplied by vdd_5v_in
[    0.131826] ldo1: supplied by vdd_1v5_gen
[    0.134227] ldo2: supplied by vdd_1v5_gen
[    0.134698] vdd_sata,avdd_plle: Bringing 1200000uV into 1050000-1050000uV
[    0.136937] ldo3: supplied by vdd_5v_in
[    0.139303] ldo4: supplied by vdd_5v_in
[    0.141829] ldo5: supplied by vdd_5v_in
[    0.151840] ldo6: supplied by vdd_1v8_gen
[    0.152309] avdd_dsi_csi,pwrdet_mipi: Bringing 1000000uV into 1200000-1200000uV
[    0.154565] ldo7: supplied by vdd_1v8_gen
[    0.161829] ldo8: supplied by vdd_1v8_gen
[    0.171948] pps_core: LinuxPPS API ver. 1 registered
[    0.171954] pps_core: Software ver. 5.3.6 - Copyright 2005-2007 Rodolfo Giometti <giometti@linux.it>
[    0.171968] PTP clock support registered
[    0.172107] EDAC MC: Ver: 3.0.0
[    0.172350] dmi: Firmware registration failed.
[    0.173700] clocksource: Switched to clocksource timer_us
[    0.206623] NET: Registered protocol family 2
[    0.207047] TCP established hash table entries: 8192 (order: 3, 32768 bytes)
[    0.207102] TCP bind hash table entries: 8192 (order: 4, 65536 bytes)
[    0.207188] TCP: Hash tables configured (established 8192 bind 8192)
[    0.207330] UDP hash table entries: 512 (order: 2, 16384 bytes)
[    0.207392] UDP-Lite hash table entries: 512 (order: 2, 16384 bytes)
[    0.207553] NET: Registered protocol family 1
[    0.207913] RPC: Registered named UNIX socket transport module.
[    0.207921] RPC: Registered udp transport module.
[    0.207926] RPC: Registered tcp transport module.
[    0.207929] RPC: Registered tcp NFSv4.1 backchannel transport module.
[    0.207940] PCI: CLS 0 bytes, default 64
[    0.208740] hw perfevents: no interrupt-affinity property for /pmu, guessing.
[    0.208944] hw perfevents: enabled with armv7_cortex_a9 PMU driver, 7 counters available
[    0.210133] workingset: timestamp_bits=30 max_order=19 bucket_order=0
[    0.215132] squashfs: version 4.0 (2009/01/31) Phillip Lougher
[    0.215605] NFS: Registering the id_resolver key type
[    0.215638] Key type id_resolver registered
[    0.215643] Key type id_legacy registered
[    0.215671] ntfs: driver 2.1.32 [Flags: R/O].
[    0.216768] bounce: pool size: 64 pages
[    0.216806] Block layer SCSI generic (bsg) driver version 0.4 loaded (major 248)
[    0.216814] io scheduler noop registered
[    0.216819] io scheduler deadline registered
[    0.216919] io scheduler cfq registered (default)
[    0.216925] io scheduler mq-deadline registered
[    0.216929] io scheduler kyber registered
[    0.223672] tegra30-pinctrl 70000868.pinmux: invalid group "sdmmc3_dat6_pd3" for function "rsvd1"
[    0.223734] tegra30-pinctrl 70000868.pinmux: invalid group "sdmmc3_dat7_pd4" for function "rsvd1"
[    0.223750] tegra30-pinctrl 70000868.pinmux: invalid group "vi_vsync_pd6" for function "rsvd1"
[    0.223759] tegra30-pinctrl 70000868.pinmux: invalid group "vi_hsync_pd7" for function "rsvd1"
[    0.224218] tegra30-pinctrl 70000868.pinmux: invalid group "hdmi_int_pn7" for function "rsvd1"
[    0.224261] tegra30-pinctrl 70000868.pinmux: invalid group "ulpi_data3_po4" for function "rsvd1"
[    0.224589] tegra30-pinctrl 70000868.pinmux: invalid group "vi_d10_pt2" for function "rsvd1"
[    0.224603] tegra30-pinctrl 70000868.pinmux: invalid group "vi_d11_pt3" for function "rsvd1"
[    0.224615] tegra30-pinctrl 70000868.pinmux: invalid group "vi_d0_pt4" for function "rsvd1"
[    0.224656] tegra30-pinctrl 70000868.pinmux: invalid group "pu0" for function "rsvd1"
[    0.224686] tegra30-pinctrl 70000868.pinmux: invalid group "pu3" for function "rsvd1"
[    0.224716] tegra30-pinctrl 70000868.pinmux: invalid group "pu6" for function "rsvd1"
[    0.224757] tegra30-pinctrl 70000868.pinmux: invalid group "pv3" for function "rsvd1"
[    0.225252] tegra30-pinctrl 70000868.pinmux: invalid group "pbb0" for function "rsvd1"
[    0.225368] tegra30-pinctrl 70000868.pinmux: invalid group "pcc1" for function "rsvd1"
[    0.230498] tegra-pcie 3000.pcie: 2x3 configuration
[    0.230656] tegra-pcie 3000.pcie: Failed to get supply 'hvdd-pex': -517
[    0.236427] tegra-apbdma 6000a000.dma: Tegra20 APB DMA driver register 32 channels
[    0.237885] tegra-pmc 7000e400.pmc: i2c-thermtrip node not found, emergency thermal reset disabled.
[    0.271563] Serial: 8250/16550 driver, 4 ports, IRQ sharing disabled
[    0.273727] console [ttyS0] disabled
[    0.273767] 70006000.serial: ttyS0 at MMIO 0x70006000 (irq = 331, base_baud = 25500000) is a Tegra
[    1.319178] console [ttyS0] enabled
[    1.323196] SuperH (H)SCI(F) driver initialized
[    1.328338] msm_serial: driver initialized
[    1.332525] STMicroelectronics ASC driver initialized
[    1.341034] tegra-hdmi 54280000.hdmi: failed to get HDMI regulator
[    1.354821] brd: module loaded
[    1.363142] loop: module loaded
[    1.372158] m25p80 spi32766.1: w25q32 (4096 Kbytes)
[    1.378829] libphy: Fixed MDIO Bus: probed
[    1.383644] CAN device driver interface
[    1.388034] bgmac_bcma: Broadcom 47xx GBit MAC driver loaded
[    1.394430] e1000e: Intel(R) PRO/1000 Network Driver - 3.2.6-k
[    1.400246] e1000e: Copyright(c) 1999 - 2015 Intel Corporation.
[    1.406216] igb: Intel(R) Gigabit Ethernet Network Driver - version 5.4.0-k
[    1.413158] igb: Copyright (c) 2007-2014 Intel Corporation.
[    1.420818] pegasus: v0.9.3 (2013/04/25), Pegasus/Pegasus II USB Ethernet driver
[    1.428260] usbcore: registered new interface driver pegasus
[    1.433942] usbcore: registered new interface driver asix
[    1.439352] usbcore: registered new interface driver ax88179_178a
[    1.445458] usbcore: registered new interface driver cdc_ether
[    1.451302] usbcore: registered new interface driver smsc75xx
[    1.457072] usbcore: registered new interface driver smsc95xx
[    1.462821] usbcore: registered new interface driver net1080
[    1.468491] usbcore: registered new interface driver cdc_subset
[    1.474424] usbcore: registered new interface driver zaurus
[    1.480022] usbcore: registered new interface driver cdc_ncm
[    1.487105] ehci_hcd: USB 2.0 'Enhanced' Host Controller (EHCI) Driver
[    1.493617] ehci-pci: EHCI PCI platform driver
[    1.498088] ehci-platform: EHCI generic platform driver
[    1.503417] ehci-orion: EHCI orion driver
[    1.507512] SPEAr-ehci: EHCI SPEAr driver
[    1.511585] ehci-st: EHCI STMicroelectronics driver
[    1.516535] ehci-exynos: EHCI EXYNOS driver
[    1.520792] ehci-atmel: EHCI Atmel driver
[    1.524873] tegra-ehci: Tegra EHCI driver
[    1.529182] ohci_hcd: USB 1.1 'Open' Host Controller (OHCI) Driver
[    1.535370] ohci-pci: OHCI PCI platform driver
[    1.539831] ohci-platform: OHCI generic platform driver
[    1.545167] SPEAr-ohci: OHCI SPEAr driver
[    1.549247] ohci-st: OHCI STMicroelectronics driver
[    1.554200] ohci-atmel: OHCI Atmel driver
[    1.558624] usbcore: registered new interface driver usb-storage
[    1.567366] tegra_rtc 7000e000.rtc: rtc core: registered 7000e000.rtc as rtc1
[    1.574554] tegra_rtc 7000e000.rtc: Tegra internal Real Time Clock
[    1.593327] tps65910-rtc tps65910-rtc: rtc core: registered tps65910-rtc as rtc0
[    1.600918] i2c /dev entries driver
[    1.612743] sdhci: Secure Digital Host Controller Interface driver
[    1.618931] sdhci: Copyright(c) Pierre Ossman
[    1.624207] Synopsys Designware Multimedia Card Interface Driver
[    1.630929] sdhci-pltfm: SDHCI platform and OF driver helper
[    1.637111] sdhci-tegra 78000000.sdhci: Got CD GPIO
[    1.641985] sdhci-tegra 78000000.sdhci: Got WP GPIO
[    1.655170] mmc0: Invalid maximum block size, assuming 512 bytes
[    1.723787] mmc0: SDHCI controller on 78000000.sdhci [78000000.sdhci] using ADMA
[    1.740150] mmc1: Invalid maximum block size, assuming 512 bytes
[    1.803719] mmc1: SDHCI controller on 78000600.sdhci [78000600.sdhci] using ADMA
[    1.812479] ledtrig-cpu: registered to indicate activity on CPUs
[    1.818768] usbcore: registered new interface driver usbhid
[    1.824337] usbhid: USB HID core driver
[    1.830656] NET: Registered protocol family 10
[    1.835804] Segment Routing with IPv6
[    1.839495] sit: IPv6, IPv4 and MPLS over IPv4 tunneling driver
[    1.845845] NET: Registered protocol family 17
[    1.850291] can: controller area network core (rev 20170425 abi 9)
[    1.856520] NET: Registered protocol family 29
[    1.860952] can: raw protocol (rev 20170425)
[    1.865225] can: broadcast manager protocol (rev 20170425 t)
[    1.870872] can: netlink gateway (rev 20170425) max_hops=1
[    1.876643] Key type dns_resolver registered
[    1.881351] ThumbEE CPU extension supported.
[    1.885633] Registering SWP/SWPB emulation handler
[    1.901042] vdd_ddr: supplied by vdd_5v_in
[    1.906002] vdd_5v_sata: supplied by vdd_5v_in
[    1.910777] usb1_vbus: supplied by vdd_5v_in
[    1.915374] usb3_vbus: supplied by vdd_5v_in
[    1.920881] sys_3v3,vdd_3v3_alw: supplied by vdd_5v_in
[    1.926807] sys_3v3_pexs: supplied by sys_3v3,vdd_3v3_alw
[    1.932327] +VDD_5V_HDMI: supplied by sys_3v3,vdd_3v3_alw
[    1.938380] tegra-pcie 3000.pcie: 2x3 configuration
[    1.946403] tegra-pcie 3000.pcie: probing port 0, using 2 lanes
[    1.947411] mmc1: new high speed MMC card at address 0001
[    1.948199] mmcblk1: mmc1:0001 SEM16G 14.8 GiB 
[    1.948760] mmcblk1boot0: mmc1:0001 SEM16G partition 1 1.00 MiB
[    1.949268] mmcblk1boot1: mmc1:0001 SEM16G partition 2 1.00 MiB
[    1.949797] mmcblk1rpmb: mmc1:0001 SEM16G partition 3 128 KiB
[    1.951274] mmc0: new ultra high speed DDR50 SDHC card at address aaaa
[    1.951939] mmcblk0: mmc0:aaaa SS04G 3.69 GiB 
[    1.961003] Primary GPT is invalid, using alternate GPT.
[    1.961021]  mmcblk1: p1 p2 p3 p4 p5
[    1.979767]  mmcblk0: p1 p2 p3
[    2.014683] tegra-pcie 3000.pcie: probing port 2, using 2 lanes
[    2.424457] tegra-pcie 3000.pcie: link 2 down, retrying
[    2.833517] tegra-pcie 3000.pcie: link 2 down, retrying
[    3.242598] tegra-pcie 3000.pcie: link 2 down, retrying
[    3.249834] tegra-pcie 3000.pcie: link 2 down, ignoring
[    3.255191] tegra-pcie 3000.pcie: PCI host bridge to bus 0000:00
[    3.261187] pci_bus 0000:00: root bus resource [io  0x0000-0xffff]
[    3.267365] pci_bus 0000:00: root bus resource [mem 0x20000000-0x27ffffff]
[    3.274232] pci_bus 0000:00: root bus resource [mem 0x28000000-0x3fffffff pref]
[    3.281525] pci_bus 0000:00: root bus resource [bus 00-ff]
[    3.287028] pci 0000:00:01.0: [10de:0e1c] type 01 class 0x060400
[    3.293031] pci_bus 0000:00: 2-byte config write to 0000:00:01.0 offset 0x4 may corrupt adjacent RW1C bits
[    3.302673] pci_bus 0000:00: 2-byte config write to 0000:00:01.0 offset 0x4 may corrupt adjacent RW1C bits
[    3.312328] pci_bus 0000:00: 2-byte config write to 0000:00:01.0 offset 0x88 may corrupt adjacent RW1C bits
[    3.322073] pci_bus 0000:00: 2-byte config write to 0000:00:01.0 offset 0x52 may corrupt adjacent RW1C bits
[    3.331816] pci 0000:00:01.0: PME# supported from D0 D1 D2 D3hot D3cold
[    3.338425] pci_bus 0000:00: 2-byte config write to 0000:00:01.0 offset 0x4c may corrupt adjacent RW1C bits
[    3.348321] pci_bus 0000:00: 2-byte config write to 0000:00:01.0 offset 0x3e may corrupt adjacent RW1C bits
[    3.358054] pci_bus 0000:00: 2-byte config write to 0000:00:01.0 offset 0x4 may corrupt adjacent RW1C bits
[    3.367696] pci_bus 0000:00: 1-byte config write to 0000:00:01.0 offset 0xc may corrupt adjacent RW1C bits
[    3.377333] PCI: bus0: Fast back to back transfers disabled
[    3.382892] pci 0000:00:01.0: bridge configuration invalid ([bus 00-00]), reconfiguring
[    3.390885] pci_bus 0000:00: 2-byte config write to 0000:00:01.0 offset 0x3e may corrupt adjacent RW1C bits
[    3.400613] pci_bus 0000:00: 2-byte config write to 0000:00:01.0 offset 0x3e may corrupt adjacent RW1C bits
[    3.410437] pci 0000:01:00.0: [10ec:8168] type 00 class 0x020000
[    3.416464] pci 0000:01:00.0: reg 0x10: [io  0x0000-0x00ff]
[    3.422037] pci 0000:01:00.0: reg 0x18: [mem 0x00000000-0x00000fff 64bit pref]
[    3.429260] pci 0000:01:00.0: reg 0x20: [mem 0x00000000-0x00003fff 64bit pref]
[    3.436541] pci 0000:01:00.0: supports D1 D2
[    3.440799] pci 0000:01:00.0: PME# supported from D0 D1 D2 D3hot D3cold
[    3.473728] PCI: bus1: Fast back to back transfers disabled
[    3.479290] pci_bus 0000:01: busn_res: [bus 01-ff] end is updated to 01
[    3.485923] pci 0000:00:01.0: BAR 9: assigned [mem 0x28000000-0x280fffff 64bit pref]
[    3.493650] pci 0000:00:01.0: BAR 7: assigned [io  0x1000-0x1fff]
[    3.499741] pci 0000:01:00.0: BAR 4: assigned [mem 0x28000000-0x28003fff 64bit pref]
[    3.507487] pci 0000:01:00.0: BAR 2: assigned [mem 0x28004000-0x28004fff 64bit pref]
[    3.515230] pci 0000:01:00.0: BAR 0: assigned [io  0x1000-0x10ff]
[    3.521311] pci 0000:00:01.0: PCI bridge to [bus 01]
[    3.526270] pci 0000:00:01.0:   bridge window [io  0x1000-0x1fff]
[    3.532349] pci 0000:00:01.0:   bridge window [mem 0x28000000-0x280fffff 64bit pref]
[    3.540099] pci 0000:00:01.0: nv_msi_ht_cap_quirk didn't locate host bridge
[    3.547158] pcieport 0000:00:01.0: enabling device (0140 -> 0143)
[    3.553444] pcieport 0000:00:01.0: Signaling PME with IRQ 374
[    3.559430] r8169 Gigabit Ethernet driver 2.3LK-NAPI loaded
[    3.565021] r8169 0000:01:00.0: enabling device (0140 -> 0143)
[    3.571804] r8169 0000:01:00.0 eth0: RTL8168evl/8111evl at 0xf0b1c000, 02:04:4b:01:60:a6, XID 0c900800 IRQ 375
[    3.581808] r8169 0000:01:00.0 eth0: jumbo features [frames: 9200 bytes, tx checksumming: ko]
[    3.596862] utmi_phy_clk_enable: timeout waiting for phy to stabilize
[    3.603312] tegra-ehci 7d004000.usb: EHCI Host Controller
[    3.608736] tegra-ehci 7d004000.usb: new USB bus registered, assigned bus number 1
[    3.616503] tegra-ehci 7d004000.usb: irq 343, io mem 0x7d004000
[    3.643719] tegra-ehci 7d004000.usb: USB 2.0 started, EHCI 1.00
[    3.650616] hub 1-0:1.0: USB hub found
[    3.654392] hub 1-0:1.0: 1 port detected
[    3.659514] tegra-ehci 7d008000.usb: EHCI Host Controller
[    3.664930] tegra-ehci 7d008000.usb: new USB bus registered, assigned bus number 2
[    3.672659] tegra-ehci 7d008000.usb: irq 344, io mem 0x7d008000
[    3.704095] tegra-ehci 7d008000.usb: USB 2.0 started, EHCI 1.00
[    3.711265] hub 2-0:1.0: USB hub found
[    3.715044] hub 2-0:1.0: 1 port detected
[    3.725326] tps65910-rtc tps65910-rtc: setting system clock to 2000-01-01 00:00:02 UTC (946684802)
[    3.734835] vdd_sata,avdd_plle: disabling
[    3.739578] usb1_vbus: disabling
[    3.744315] EXT4-fs (mmcblk1p1): mounting ext3 file system using the ext4 subsystem
[    3.759296] EXT4-fs (mmcblk1p1): warning: mounting fs with errors, running e2fsck is recommended
[    3.769545] EXT4-fs (mmcblk1p1): recovery complete
[    3.774352] EXT4-fs (mmcblk1p1): mounted filesystem with ordered data mode. Opts: (null)
[    3.782453] VFS: Mounted root (ext3 filesystem) on device 179:1.
[    3.791845] devtmpfs: mounted
[    3.797338] Freeing unused kernel memory: 2048K
bash: cannot set terminal process group (-1): Inappropriate ioctl for device
bash: no job control in this shell
root@(none):/# [    4.074111] usb 2-1: new high-speed USB device number 2 using tegra-ehci
[    4.754161] asix 2-1:1.0 eth1: register 'asix' at usb-7d008000.usb-1, ASIX AX88772 USB 2.0 Ethernet, 00:50:b6:0f:67:60
mount -t sysfs none /sys
root@(none):/# 
root@(none):/# mount -t debugfs none /sys/kernel/debug
root@(none):/# 
root@(none):/# rtcwake -d rtc1 -m mem -s 3
rtcwake: wakeup from "mem" using /dev/rtc1 at Thu Jan  1 00:00:22 1970
[    7.439820] PM: Syncing filesystems ... done.
[    7.446236] Freezing user space processes ... (elapsed 0.001 seconds) done.
[    7.454297] OOM killer disabled.
[    7.457514] Freezing remaining freezable tasks ... (elapsed 0.001 seconds) done.
[    7.466031] Suspending console(s) (use no_console_suspend to debug)
[    7.574298] Disabling non-boot CPUs ...
[    7.624067] IRQ17 no longer affine to CPU1
[    7.624230] IRQ346 no longer affine to CPU1
[    7.684011] IRQ347 no longer affine to CPU2
[    7.723950] IRQ348 no longer affine to CPU3
[    7.724479] Entering suspend state LP1
[    7.724479] Suspended for 3.272 seconds
[    7.724491] Enabling non-boot CPUs ...
[    7.725137] CPU1 is up
[    7.725741] CPU2 is up
[    7.726361] CPU3 is up
[    7.726945] pcieport 0000:00:01.0: nv_msi_ht_cap_quirk didn't locate host bridge
[    8.352937] OOM killer enabled.
[    8.356071] Restarting tasks ... done.
root@(none):/# 
root@(none):/# rtcwake -d rtc1 -m mem -s 3
rtcwake: wakeup from "mem" using /dev/rtc1 at Thu Jan  1 00:00:27 1970
[    9.249150] PM: Syncing filesystems ... done.
[    9.254902] Freezing user space processes ... (elapsed 0.001 seconds) done.
[    9.262949] OOM killer disabled.
[    9.266180] Freezing remaining freezable tasks ... (elapsed 0.001 seconds) done.
[    9.274686] Suspending console(s) (use no_console_suspend to debug)
[    9.314567] pci_generic_config_write32: 70 callbacks suppressed
[    9.314579] pci_bus 0000:00: 2-byte config write to 0000:00:01.0 offset 0x9c may corrupt adjacent RW1C bits
[    9.357508] pci_bus 0000:01: 2-byte config write to 0000:01:00.0 offset 0x44 may corrupt adjacent RW1C bits
[    9.357522] pci_bus 0000:01: 2-byte config write to 0000:01:00.0 offset 0x44 may corrupt adjacent RW1C bits
[    9.384288] Disabling non-boot CPUs ...
[    9.434102] IRQ346 no longer affine to CPU1
[    9.493970] IRQ347 no longer affine to CPU2
[    9.553815] IRQ17 no longer affine to CPU3
[    9.553908] IRQ348 no longer affine to CPU3
[    9.554257] Entering suspend state LP1
[    9.554257] Suspended for 3.170 seconds
[    9.554273] Enabling non-boot CPUs ...
[    9.555102] CPU1 is up
[    9.555863] CPU2 is up
[    9.556637] CPU3 is up
[    9.557285] pci_bus 0000:00: 2-byte config write to 0000:00:01.0 offset 0x4c may corrupt adjacent RW1C bits
[    9.557297] pci_bus 0000:00: 2-byte config write to 0000:00:01.0 offset 0x88 may corrupt adjacent RW1C bits
[    9.557304] pci_bus 0000:00: 2-byte config write to 0000:00:01.0 offset 0x90 may corrupt adjacent RW1C bits
[    9.557308] pci_bus 0000:00: 2-byte config write to 0000:00:01.0 offset 0x98 may corrupt adjacent RW1C bits
[    9.557313] pci_bus 0000:00: 2-byte config write to 0000:00:01.0 offset 0x9c may corrupt adjacent RW1C bits
[    9.557331] pci_bus 0000:00: 2-byte config write to 0000:00:01.0 offset 0x52 may corrupt adjacent RW1C bits
[    9.557339] pci_bus 0000:00: 2-byte config write to 0000:00:01.0 offset 0x52 may corrupt adjacent RW1C bits
[    9.557365] pcieport 0000:00:01.0: nv_msi_ht_cap_quirk didn't locate host bridge
[   10.296694] OOM killer enabled.
[   10.299823] Restarting tasks ... done.
root@(none):/# 
root@(none):/# rtcwake -d rtc1 -m mem -s 3
rtcwake: wakeup from "mem" using /dev/rtc1 at Thu Jan  1 00:00:32 1970
[   11.143988] PM: Syncing filesystems ... done.
[   11.151137] Freezing user space processes ... (elapsed 0.001 seconds) done.
[   11.159241] OOM killer disabled.
[   11.162458] Freezing remaining freezable tasks ... (elapsed 0.001 seconds) done.
[   11.170995] Suspending console(s) (use no_console_suspend to debug)
[   11.284382] Disabling non-boot CPUs ...
[   11.334212] IRQ346 no longer affine to CPU1
[   11.393889] IRQ17 no longer affine to CPU2
[   11.454424] Entering suspend state LP1
[   11.454424] Suspended for 3.099 seconds
[   11.454438] Enabling non-boot CPUs ...
[   11.455257] CPU1 is up
[   11.456016] CPU2 is up
[   11.456792] CPU3 is up
[   11.457524] pcieport 0000:00:01.0: nv_msi_ht_cap_quirk didn't locate host bridge
[   12.071269] OOM killer enabled.
[   12.074404] Restarting tasks ... done.
root@(none):/# 
root@(none):/# rtcwake -d rtc1 -m mem -s 3
rtcwake: wakeup from "mem" using /dev/rtc1 at Thu Jan  1 00:00:37 1970
[   12.983910] PM: Syncing filesystems ... done.
[   12.990552] Freezing user space processes ... (elapsed 0.001 seconds) done.
[   12.998665] OOM killer disabled.
[   13.001882] Freezing remaining freezable tasks ... (elapsed 0.001 seconds) done.
[   13.010423] Suspending console(s) (use no_console_suspend to debug)
[   13.124363] Disabling non-boot CPUs ...
[   13.173958] migrate_irqs: 2 callbacks suppressed
[   13.173961] IRQ17 no longer affine to CPU1
[   13.174165] IRQ346 no longer affine to CPU1
[   13.233975] IRQ347 no longer affine to CPU2
[   13.293874] IRQ348 no longer affine to CPU3
[   13.294379] Entering suspend state LP1
[   13.294379] Suspended for 3.160 seconds
[   13.294394] Enabling non-boot CPUs ...
[   13.295227] CPU1 is up
[   13.295985] CPU2 is up
[   13.296742] CPU3 is up
[   13.297424] pcieport 0000:00:01.0: nv_msi_ht_cap_quirk didn't locate host bridge
[   13.924196] OOM killer enabled.
[   13.927325] Restarting tasks ... done.
root@(none):/# 
root@(none):/# rtcwake -d rtc1 -m mem -s 3
rtcwake: wakeup from "mem" using /dev/rtc1 at Thu Jan  1 00:00:42 1970
[   14.837107] PM: Syncing filesystems ... done.
[   14.844309] Freezing user space processes ... (elapsed 0.001 seconds) done.
[   14.852391] OOM killer disabled.
[   14.855625] Freezing remaining freezable tasks ... (elapsed 0.001 seconds) done.
[   14.864159] Suspending console(s) (use no_console_suspend to debug)
[   14.905197] pci_generic_config_write32: 71 callbacks suppressed
[   14.905212] pci_bus 0000:00: 2-byte config write to 0000:00:01.0 offset 0x9c may corrupt adjacent RW1C bits
[   14.951993] pci_bus 0000:01: 2-byte config write to 0000:01:00.0 offset 0x44 may corrupt adjacent RW1C bits
[   14.952009] pci_bus 0000:01: 2-byte config write to 0000:01:00.0 offset 0x44 may corrupt adjacent RW1C bits
[   14.974313] Disabling non-boot CPUs ...
[   15.024119] IRQ346 no longer affine to CPU1
[   15.083800] IRQ17 no longer affine to CPU2
[   15.083933] IRQ347 no longer affine to CPU2
[   15.143842] IRQ348 no longer affine to CPU3
[   15.144349] Entering suspend state LP1
[   15.144349] Suspended for 3.149 seconds
[   15.144364] Enabling non-boot CPUs ...
[   15.145242] CPU1 is up
[   15.146005] CPU2 is up
[   15.146781] CPU3 is up
[   15.147470] pci_bus 0000:00: 2-byte config write to 0000:00:01.0 offset 0x4c may corrupt adjacent RW1C bits
[   15.147482] pci_bus 0000:00: 2-byte config write to 0000:00:01.0 offset 0x88 may corrupt adjacent RW1C bits
[   15.147488] pci_bus 0000:00: 2-byte config write to 0000:00:01.0 offset 0x90 may corrupt adjacent RW1C bits
[   15.147493] pci_bus 0000:00: 2-byte config write to 0000:00:01.0 offset 0x98 may corrupt adjacent RW1C bits
[   15.147497] pci_bus 0000:00: 2-byte config write to 0000:00:01.0 offset 0x9c may corrupt adjacent RW1C bits
[   15.147517] pci_bus 0000:00: 2-byte config write to 0000:00:01.0 offset 0x52 may corrupt adjacent RW1C bits
[   15.147524] pci_bus 0000:00: 2-byte config write to 0000:00:01.0 offset 0x52 may corrupt adjacent RW1C bits
[   15.147550] pcieport 0000:00:01.0: nv_msi_ht_cap_quirk didn't locate host bridge
[   15.882245] OOM killer enabled.
[   15.885379] Restarting tasks ... done.
root@(none):/# 
root@(none):/# rtcwake -d rtc1 -m mem -s 3
rtcwake: wakeup from "mem" using /dev/rtc1 at Thu Jan  1 00:00:47 1970
[   16.673868] PM: Syncing filesystems ... done.
[   16.680514] Freezing user space processes ... (elapsed 0.001 seconds) done.
[   16.688617] OOM killer disabled.
[   16.691833] Freezing remaining freezable tasks ... (elapsed 0.001 seconds) done.
[   16.700365] Suspending console(s) (use no_console_suspend to debug)
[   16.814277] Disabling non-boot CPUs ...
[   16.863928] IRQ17 no longer affine to CPU1
[   16.864126] IRQ346 no longer affine to CPU1
[   16.984330] Entering suspend state LP1
[   16.984330] Suspended for 3.159 seconds
[   16.984346] Enabling non-boot CPUs ...
[   16.985177] CPU1 is up
[   16.985938] CPU2 is up
[   16.986700] CPU3 is up
[   16.987416] pcieport 0000:00:01.0: nv_msi_ht_cap_quirk didn't locate host bridge
[   17.601254] OOM killer enabled.
[   17.604392] Restarting tasks ... done.
root@(none):/# 
root@(none):/# rtcwake -d rtc1 -m mem -s 3
rtcwake: wakeup from "mem" using /dev/rtc1 at Thu Jan  1 00:00:52 1970
[   18.583885] PM: Syncing filesystems ... done.
[   18.590544] Freezing user space processes ... (elapsed 0.001 seconds) done.
[   18.598650] OOM killer disabled.
[   18.601866] Freezing remaining freezable tasks ... (elapsed 0.001 seconds) done.
[   18.610400] Suspending console(s) (use no_console_suspend to debug)
[   18.724238] Disabling non-boot CPUs ...
[   18.774068] migrate_irqs: 2 callbacks suppressed
[   18.774071] IRQ346 no longer affine to CPU1
[   18.833757] IRQ17 no longer affine to CPU2
[   18.833897] IRQ347 no longer affine to CPU2
[   18.893789] IRQ348 no longer affine to CPU3
[   18.894275] Entering suspend state LP1
[   18.894275] Suspended for 3.090 seconds
[   18.894291] Enabling non-boot CPUs ...
[   18.895131] CPU1 is up
[   18.895891] CPU2 is up
[   18.896660] CPU3 is up
[   18.897368] pcieport 0000:00:01.0: nv_msi_ht_cap_quirk didn't locate host bridge
[   19.510101] OOM killer enabled.
[   19.513232] Restarting tasks ... done.
root@(none):/# 
root@(none):/# rtcwake -d rtc1 -m mem -s 3
rtcwake: wakeup from "mem" using /dev/rtc1 at Thu Jan  1 00:00:57 1970
[   20.423827] PM: Syncing filesystems ... done.
[   20.429976] Freezing user space processes ... (elapsed 0.001 seconds) done.
[   20.438089] OOM killer disabled.
[   20.441305] Freezing remaining freezable tasks ... (elapsed 0.001 seconds) done.
[   20.449841] Suspending console(s) (use no_console_suspend to debug)
[   20.484133] pci_generic_config_write32: 71 callbacks suppressed
[   20.484149] pci_bus 0000:00: 2-byte config write to 0000:00:01.0 offset 0x9c may corrupt adjacent RW1C bits
[   20.531415] pci_bus 0000:01: 2-byte config write to 0000:01:00.0 offset 0x44 may corrupt adjacent RW1C bits
[   20.531433] pci_bus 0000:01: 2-byte config write to 0000:01:00.0 offset 0x44 may corrupt adjacent RW1C bits
[   20.554212] Disabling non-boot CPUs ...
[   20.594026] IRQ346 no longer affine to CPU1
[   20.643730] IRQ17 no longer affine to CPU2
[   20.643869] IRQ347 no longer affine to CPU2
[   20.703758] IRQ348 no longer affine to CPU3
[   20.704247] Entering suspend state LP1
[   20.704247] Suspended for 3.189 seconds
[   20.704261] Enabling non-boot CPUs ...
[   20.705107] CPU1 is up
[   20.705854] CPU2 is up
[   20.706615] CPU3 is up
[   20.707265] pci_bus 0000:00: 2-byte config write to 0000:00:01.0 offset 0x4c may corrupt adjacent RW1C bits
[   20.707277] pci_bus 0000:00: 2-byte config write to 0000:00:01.0 offset 0x88 may corrupt adjacent RW1C bits
[   20.707283] pci_bus 0000:00: 2-byte config write to 0000:00:01.0 offset 0x90 may corrupt adjacent RW1C bits
[   20.707288] pci_bus 0000:00: 2-byte config write to 0000:00:01.0 offset 0x98 may corrupt adjacent RW1C bits
[   20.707292] pci_bus 0000:00: 2-byte config write to 0000:00:01.0 offset 0x9c may corrupt adjacent RW1C bits
[   20.707314] pci_bus 0000:00: 2-byte config write to 0000:00:01.0 offset 0x52 may corrupt adjacent RW1C bits
[   20.707322] pci_bus 0000:00: 2-byte config write to 0000:00:01.0 offset 0x52 may corrupt adjacent RW1C bits
[   20.707350] pcieport 0000:00:01.0: nv_msi_ht_cap_quirk didn't locate host bridge
[   21.436261] OOM killer enabled.
[   21.439389] Restarting tasks ... done.
root@(none):/# 
root@(none):/# rtcwake -d rtc1 -m mem -s 3
rtcwake: wakeup from "mem" using /dev/rtc1 at Thu Jan  1 00:01:02 1970
[   22.233709] PM: Syncing filesystems ... done.
[   22.240358] Freezing user space processes ... (elapsed 0.001 seconds) done.
[   22.248464] OOM killer disabled.
[   22.251680] Freezing remaining freezable tasks ... (elapsed 0.001 seconds) done.
[   22.260210] Suspending console(s) (use no_console_suspend to debug)
[   22.374164] Disabling non-boot CPUs ...
[   22.423994] IRQ346 no longer affine to CPU1
[   22.483704] IRQ17 no longer affine to CPU2
[   22.544205] Entering suspend state LP1
[   22.544205] Suspended for 3.160 seconds
[   22.544221] Enabling non-boot CPUs ...
[   22.545064] CPU1 is up
[   22.545809] CPU2 is up
[   22.546553] CPU3 is up
[   22.547284] pcieport 0000:00:01.0: nv_msi_ht_cap_quirk didn't locate host bridge
[   23.164477] OOM killer enabled.
[   23.167605] Restarting tasks ... done.
root@(none):/# 
root@(none):/# rtcwake -d rtc1 -m mem -s 3
rtcwake: wakeup from "mem" using /dev/rtc1 at Thu Jan  1 00:01:07 1970
[   24.073749] PM: Syncing filesystems ... done.
[   24.080425] Freezing user space processes ... (elapsed 0.001 seconds) done.
[   24.088534] OOM killer disabled.
[   24.091752] Freezing remaining freezable tasks ... (elapsed 0.001 seconds) done.
[   24.100288] Suspending console(s) (use no_console_suspend to debug)
[   24.214125] Disabling non-boot CPUs ...
[   24.253961] migrate_irqs: 2 callbacks suppressed
[   24.253964] IRQ346 no longer affine to CPU1
[   24.303653] IRQ17 no longer affine to CPU2
[   24.303776] IRQ347 no longer affine to CPU2
[   24.363682] IRQ348 no longer affine to CPU3
[   24.364186] Entering suspend state LP1
[   24.364186] Suspended for 3.179 seconds
[   24.364202] Enabling non-boot CPUs ...
[   24.365049] CPU1 is up
[   24.365806] CPU2 is up
[   24.366589] CPU3 is up
[   24.367309] pcieport 0000:00:01.0: nv_msi_ht_cap_quirk didn't locate host bridge
[   24.997718] OOM killer enabled.
[   25.000846] Restarting tasks ... done.
root@(none):/# 
root@(none):/# NVTB SYSTEM SUSPEND TEST COMPLETE
