Diff for ./qemu-vexpress64/__internal/defconfig_log.txt
--- /tmp/fooa	2016-07-12 05:11:13.253344062 -0700
+++ /tmp/foob	2016-07-12 05:11:13.257344063 -0700
@@ -1,5 +1,5 @@
 Booting Linux on physical CPU 0x0
-Linux version 4.7.0-rc6-next-20160707+ (pwalmsley@tamien) (gcc version 4.9.2 20140904 (prerelease) (crosstool-NG linaro-1.13.1-4.9-2014.09 - Linaro GCC 4.9-2014.09) ) #1 SMP PREEMPT Tue Jul 12 04:50:47 PDT 2016
+Linux version 4.7.0-rc6-next-20160708+ (pwalmsley@tamien) (gcc version 4.9.2 20140904 (prerelease) (crosstool-NG linaro-1.13.1-4.9-2014.09 - Linaro GCC 4.9-2014.09) ) #1 SMP PREEMPT Tue Jul 12 05:05:48 PDT 2016
 Boot CPU: AArch64 Processor [411fd070]
 Memory limited to 1024MB
 efi: Getting EFI parameters from FDT:
@@ -9,7 +9,7 @@
 psci: PSCIv0.2 detected in firmware.
 psci: Using standard PSCI v0.2 function IDs
 psci: Trusted OS migration not required
-percpu: Embedded 20 pages/cpu @ffff80003efd1000 s42880 r8192 d30848 u81920
+percpu: Embedded 21 pages/cpu @ffff80003efd0000 s48128 r8192 d29696 u86016
 Detected PIPT I-cache on CPU0
 CPU features: enabling workaround for ARM erratum 832075
 CPU features: enabling workaround for ARM erratum 834220
@@ -18,7 +18,7 @@
 PID hash table entries: 4096 (order: 3, 32768 bytes)
 Dentry cache hash table entries: 131072 (order: 8, 1048576 bytes)
 Inode-cache hash table entries: 65536 (order: 7, 524288 bytes)
-Memory: 1000640K/1048576K available (7676K kernel code, 765K rwdata, 3608K rodata, 960K init, 270K bss, 31552K reserved, 16384K cma-reserved)
+Memory: 1000636K/1048576K available (7676K kernel code, 765K rwdata, 3608K rodata, 960K init, 270K bss, 31556K reserved, 16384K cma-reserved)
 Virtual kernel memory layout:
     modules : 0xffff000000000000 - 0xffff000008000000   (   128 MB)
     vmalloc : 0xffff000008000000 - 0xffff7dffbfff0000   (129022 GB)
@@ -97,7 +97,7 @@
 kvm [1]: HYP mode not available
 futex hash table entries: 256 (order: 3, 32768 bytes)
 audit: initializing netlink subsys (disabled)
-audit: type=2000 audit(0.612:1): initialized
+audit: type=2000 audit(0.624:1): initialized
 workingset: timestamp_bits=44 max_order=18 bucket_order=0
 squashfs: version 4.0 (2009/01/31) Phillip Lougher
 NFS: Registering the id_resolver key type
@@ -161,7 +161,7 @@
 Key type dns_resolver registered
 registered taskstats version 1
 input: gpio-keys as /devices/platform/gpio-keys/input/input0
-rtc-pl031 9010000.pl031: setting system clock to 2016-07-12 11:51:20 UTC (1468324280)
+rtc-pl031 9010000.pl031: setting system clock to 2016-07-12 12:06:24 UTC (1468325184)
 ALSA device list:
   No soundcards found.
 uart-pl011 9000000.pl011: no DMA platform data
Diff for ./tegra114-dalmore-a04/tegra114-dalmore/multi_v7_defconfig_log.txt
--- /tmp/fooa	2016-07-12 05:11:13.261344064 -0700
+++ /tmp/foob	2016-07-12 05:11:13.265344065 -0700
@@ -38,10 +38,10 @@
 	 #################################################################
 	 #################################################################
 	 #################################################################
-	 ##########################
-	 3.2 MiB/s
+	 ###########################
+	 3.3 MiB/s
 done
-Bytes transferred = 7060800 (6bbd40 hex)
+Bytes transferred = 7067704 (6bd838 hex)
 Tegra114 (Dalmore) # tftpboot 0x82000000 tegra114-dalmore.dtb
 Using asx0 device
 TFTP from server 192.168.100.1; our IP address is 192.168.100.100
@@ -52,7 +52,7 @@
 done
 Bytes transferred = 34956 (888c hex)
 Tegra114 (Dalmore) # bootz 0x81000000 - 0x82000000
-Kernel image @ 0x81000000 [ 0x000000 - 0x6bbd40 ]
+Kernel image @ 0x81000000 [ 0x000000 - 0x6bd838 ]
 ## Flattened Device Tree blob at 82000000
    Booting using the fdt blob at 0x82000000
    Loading Device Tree to 8fff4000, end 8ffff88b ... OK
@@ -60,7 +60,7 @@
 Starting kernel ...
 
 Booting Linux on physical CPU 0x0
-Linux version 4.7.0-rc6-next-20160707-104890-gaa74f15 (pwalmsley@sellafield) (gcc version 4.7.3 20130328 (prerelease) (crosstool-NG linaro-1.13.1-4.7-2013.04-20130415 - Linaro GCC 2013.04) ) #1 SMP Tue Jul 12 04:48:19 PDT 2016
+Linux version 4.7.0-rc6-next-20160708-105290-ga379b037 (pwalmsley@sellafield) (gcc version 4.7.3 20130328 (prerelease) (crosstool-NG linaro-1.13.1-4.7-2013.04-20130415 - Linaro GCC 2013.04) ) #1 SMP Tue Jul 12 05:03:23 PDT 2016
 CPU: ARMv7 Processor [412fc0f2] revision 2 (ARMv7), cr=10c5387d
 CPU: div instructions available: patching division code
 CPU: PIPT / VIPT nonaliasing data cache, PIPT instruction cache
@@ -69,20 +69,20 @@
 cma: Reserved 64 MiB at 0xfb800000
 Memory policy: Data cache writealloc
 On node 0 totalpages: 524032
-free_area_init_node: node 0, pgdat c141b300, node_mem_map eeffa000
+free_area_init_node: node 0, pgdat c141b4c0, node_mem_map eeffa000
   DMA zone: 1536 pages used for memmap
   DMA zone: 0 pages reserved
   DMA zone: 196608 pages, LIFO batch:31
   HighMem zone: 327424 pages, LIFO batch:31
-percpu: Embedded 13 pages/cpu @eefa1000 s23936 r8192 d21120 u53248
-pcpu-alloc: s23936 r8192 d21120 u53248 alloc=13*4096
+percpu: Embedded 14 pages/cpu @eef9d000 s26688 r8192 d22464 u57344
+pcpu-alloc: s26688 r8192 d22464 u57344 alloc=14*4096
 pcpu-alloc: [0] 0 [0] 1 [0] 2 [0] 3 
 Built 1 zonelists in Zone order, mobility grouping on.  Total pages: 522496
 Kernel command line: ignore_loglevel console=ttyS0,115200n8 rw root=PARTUUID=7369c667-ff51-ec4a-29cd-baabf2fbe346 rootwait gpt debug earlyprintk init=/bin/bash
 PID hash table entries: 4096 (order: 2, 16384 bytes)
 Dentry cache hash table entries: 131072 (order: 7, 524288 bytes)
 Inode-cache hash table entries: 65536 (order: 6, 262144 bytes)
-Memory: 1995124K/2096128K available (9216K kernel code, 1140K rwdata, 3956K rodata, 2048K init, 343K bss, 35468K reserved, 65536K cma-reserved, 1244160K highmem)
+Memory: 1995108K/2096128K available (9216K kernel code, 1141K rwdata, 3960K rodata, 2048K init, 343K bss, 35484K reserved, 65536K cma-reserved, 1244160K highmem)
 Virtual kernel memory layout:
     vector  : 0xffff0000 - 0xffff1000   (   4 kB)
     fixmap  : 0xffc00000 - 0xfff00000   (3072 kB)
@@ -92,8 +92,8 @@
     modules : 0xbf000000 - 0xbfe00000   (  14 MB)
       .text : 0xc0208000 - 0xc0c00000   (10208 kB)
       .init : 0xc1100000 - 0xc1300000   (2048 kB)
-      .data : 0xc1300000 - 0xc141d380   (1141 kB)
-       .bss : 0xc141f000 - 0xc1474d60   ( 344 kB)
+      .data : 0xc1300000 - 0xc141d540   (1142 kB)
+       .bss : 0xc141f000 - 0xc1474cc8   ( 344 kB)
 SLUB: HWalign=64, Order=0-3, MinObjects=0, CPUs=4, Nodes=1
 Hierarchical RCU implementation.
 	Build-time adjustment of leaf fanout to 32.
@@ -281,20 +281,17 @@
 usb1_vbus: supplied by vdd-sys-5v0
 usb2_vbus: supplied by vdd-sys-5v0
 VDD_5V0_HDMI_CON: supplied by vdd-sys-5v0
-tegra-hdmi 54280000.hdmi: failed to get PLL regulator
-tegra-dsi 54300000.dsi: cannot get VDD supply
 mmc0: new high speed SDHC card at address aaaa
 mmcblk0: mmc0:aaaa SL16G 14.8 GiB 
-tegra-ehci 7d008000.usb: EHCI Host Controller
+tegra-hdmi 54280000.hdmi: failed to get PLL regulator
+tegra-dsi 54300000.dsi: cannot get VDD supply
  mmcblk0: p1 p2 p3
+tegra-ehci 7d008000.usb: EHCI Host Controller
 tegra-ehci 7d008000.usb: new USB bus registered, assigned bus number 1
+tegra-ehci 7d008000.usb: irq 339, io mem 0x7d008000
 mmc1: new high speed MMC card at address 0001
 mmcblk1: mmc1:0001 SEM32G 29.1 GiB 
 mmcblk1boot0: mmc1:0001 SEM32G partition 1 4.00 MiB
-mmcblk1boot1: mmc1:0001 SEM32G partition 2 4.00 MiB
-mmcblk1rpmb: mmc1:0001 SEM32G partition 3 4.00 MiB
- mmcblk1: p1 p2 p3 p4 p5 p6 p7 p8
-tegra-ehci 7d008000.usb: irq 339, io mem 0x7d008000
 tegra-ehci 7d008000.usb: USB 2.0 started, EHCI 1.10
 hub 1-0:1.0: USB hub found
 hub 1-0:1.0: 1 port detected
@@ -308,7 +305,12 @@
 dvdd_ts: disabling
 usb1_vbus: disabling
 VDD_5V0_HDMI_CON: disabling
+mmcblk1boot1: mmc1:0001 SEM32G partition 2 4.00 MiB
+mmcblk1rpmb: mmc1:0001 SEM32G partition 3 4.00 MiB
+ mmcblk1: p1 p2 p3 p4 p5 p6 p7 p8
 EXT4-fs (mmcblk1p1): mounting ext3 file system using the ext4 subsystem
+tegra-hdmi 54280000.hdmi: failed to get PLL regulator
+tegra-dsi 54300000.dsi: cannot get VDD supply
 EXT4-fs (mmcblk1p1): recovery complete
 EXT4-fs (mmcblk1p1): mounted filesystem with ordered data mode. Opts: (null)
 VFS: Mounted root (ext3 filesystem) on device 179:17.
Diff for ./tegra114-dalmore-a04/tegra114-dalmore/tegra_defconfig_log.txt
--- /tmp/fooa	2016-07-12 05:11:13.269344067 -0700
+++ /tmp/foob	2016-07-12 05:11:13.273344068 -0700
@@ -39,7 +39,7 @@
 	 ###########################################
 	 2.8 MiB/s
 done
-Bytes transferred = 5398304 (525f20 hex)
+Bytes transferred = 5400912 (526950 hex)
 Tegra114 (Dalmore) # tftpboot 0x82000000 tegra114-dalmore.dtb
 Using asx0 device
 TFTP from server 192.168.100.1; our IP address is 192.168.100.100
@@ -50,7 +50,7 @@
 done
 Bytes transferred = 34956 (888c hex)
 Tegra114 (Dalmore) # bootz 0x81000000 - 0x82000000
-Kernel image @ 0x81000000 [ 0x000000 - 0x525f20 ]
+Kernel image @ 0x81000000 [ 0x000000 - 0x526950 ]
 ## Flattened Device Tree blob at 82000000
    Booting using the fdt blob at 0x82000000
    Loading Device Tree to 8fff4000, end 8ffff88b ... OK
@@ -59,7 +59,7 @@
 
 Uncompressing Linux... done, booting the kernel.
 Booting Linux on physical CPU 0x0
-Linux version 4.7.0-rc6-next-20160707-104890-gaa74f15 (pwalmsley@kaivo) (gcc version 4.7.3 20130328 (prerelease) (crosstool-NG linaro-1.13.1-4.7-2013.04-20130415 - Linaro GCC 2013.04) ) #1 SMP PREEMPT Tue Jul 12 04:48:29 PDT 2016
+Linux version 4.7.0-rc6-next-20160708-105290-ga379b037 (pwalmsley@kaivo) (gcc version 4.7.3 20130328 (prerelease) (crosstool-NG linaro-1.13.1-4.7-2013.04-20130415 - Linaro GCC 2013.04) ) #1 SMP PREEMPT Tue Jul 12 05:03:33 PDT 2016
 CPU: ARMv7 Processor [412fc0f2] revision 2 (ARMv7), cr=10c5387d
 CPU: div instructions available: patching division code
 CPU: PIPT / VIPT nonaliasing data cache, PIPT instruction cache
@@ -69,20 +69,20 @@
 cma: Reserved 64 MiB at 0xfbc00000
 Memory policy: Data cache writealloc
 On node 0 totalpages: 524032
-free_area_init_node: node 0, pgdat c0d5b9c0, node_mem_map eeff9000
+free_area_init_node: node 0, pgdat c0d5b980, node_mem_map eeff9000
   Normal zone: 1536 pages used for memmap
   Normal zone: 0 pages reserved
   Normal zone: 196608 pages, LIFO batch:31
   HighMem zone: 327424 pages, LIFO batch:31
-percpu: Embedded 13 pages/cpu @eefa0000 s24128 r8192 d20928 u53248
-pcpu-alloc: s24128 r8192 d20928 u53248 alloc=13*4096
+percpu: Embedded 14 pages/cpu @eef9c000 s26240 r8192 d22912 u57344
+pcpu-alloc: s26240 r8192 d22912 u57344 alloc=14*4096
 pcpu-alloc: [0] 0 [0] 1 [0] 2 [0] 3 
 Built 1 zonelists in Zone order, mobility grouping on.  Total pages: 522496
 Kernel command line: ignore_loglevel console=ttyS0,115200n8 rw root=PARTUUID=7369c667-ff51-ec4a-29cd-baabf2fbe346 rootwait gpt debug earlyprintk init=/bin/bash
 PID hash table entries: 4096 (order: 2, 16384 bytes)
 Dentry cache hash table entries: 131072 (order: 7, 524288 bytes)
 Inode-cache hash table entries: 65536 (order: 6, 262144 bytes)
-Memory: 1999960K/2096128K available (8192K kernel code, 373K rwdata, 2436K rodata, 1024K init, 366K bss, 30632K reserved, 65536K cma-reserved, 1244160K highmem)
+Memory: 1999944K/2096128K available (8192K kernel code, 373K rwdata, 2436K rodata, 1024K init, 366K bss, 30648K reserved, 65536K cma-reserved, 1244160K highmem)
 Virtual kernel memory layout:
     vector  : 0xffff0000 - 0xffff1000   (   4 kB)
     fixmap  : 0xffc00000 - 0xfff00000   (3072 kB)
@@ -92,8 +92,8 @@
     modules : 0xbf000000 - 0xbfe00000   (  14 MB)
       .text : 0xc0008000 - 0xc0900000   (9184 kB)
       .init : 0xc0c00000 - 0xc0d00000   (1024 kB)
-      .data : 0xc0d00000 - 0xc0d5d580   ( 374 kB)
-       .bss : 0xc0d5f000 - 0xc0dbab70   ( 367 kB)
+      .data : 0xc0d00000 - 0xc0d5d540   ( 374 kB)
+       .bss : 0xc0d5f000 - 0xc0dbab60   ( 367 kB)
 Preemptible hierarchical RCU implementation.
 	Build-time adjustment of leaf fanout to 32.
 NR_IRQS:16 nr_irqs:16 16
@@ -256,15 +256,15 @@
 mmc1: SDHCI controller on 78000600.sdhci [78000600.sdhci] using ADMA
 usbcore: registered new interface driver usbhid
 usbhid: USB HID core driver
+mmc0: new high speed SDHC card at address aaaa
+mmcblk0: mmc0:aaaa SL16G 14.8 GiB 
 mmc1: new high speed MMC card at address 0001
 mmcblk1: mmc1:0001 SEM32G 29.1 GiB 
 mmcblk1boot0: mmc1:0001 SEM32G partition 1 4.00 MiB
 mmcblk1boot1: mmc1:0001 SEM32G partition 2 4.00 MiB
 mmcblk1rpmb: mmc1:0001 SEM32G partition 3 4.00 MiB
- mmcblk1: p1 p2 p3 p4 p5 p6 p7 p8
-mmc0: new high speed SDHC card at address aaaa
-mmcblk0: mmc0:aaaa SL16G 14.8 GiB 
  mmcblk0: p1 p2 p3
+ mmcblk1: p1 p2 p3 p4 p5 p6 p7 p8
 tegra30-i2s 70080400.i2s: DMA channels sourced from device 70080000.ahub
 tegra-snd-rt5640 sound: rt5640-aif1 <-> 70080400.i2s mapping ok
 input: NVIDIA Tegra Dalmore Headphones as /devices/soc0/sound/sound/card0/input0
@@ -312,10 +312,10 @@
 EXT4-fs (mmcblk1p1): mounting ext3 file system using the ext4 subsystem
 EXT4-fs (mmcblk1p1): recovery complete
 EXT4-fs (mmcblk1p1): mounted filesystem with ordered data mode. Opts: (null)
-VFS: Mounted root (ext3 filesystem) on device 179:1.
+VFS: Mounted root (ext3 filesystem) on device 179:17.
 devtmpfs: mounted
 Freeing unused kernel memory: 1024K (c0c00000 - c0d00000)
-usb 1-1: new high-speed USB device number 2 using tegra-ehci
 bash: cannot set terminal process group (-1): Inappropriate ioctl for device
 bash: no job control in this shell
+usb 1-1: new high-speed USB device number 2 using tegra-ehci
 root@(none):/# 
\ No newline at end of file
Diff for ./tegra124-jetson-tk1/tegra124-jetson-tk1/multi_v7_defconfig_log.txt
--- /tmp/fooa	2016-07-12 05:11:13.277344069 -0700
+++ /tmp/foob	2016-07-12 05:11:13.281344070 -0700
@@ -33,10 +33,10 @@
 	 #################################################################
 	 #################################################################
 	 #################################################################
-	 ##########################
+	 ###########################
 	 4 MiB/s
 done
-Bytes transferred = 7060800 (6bbd40 hex)
+Bytes transferred = 7067704 (6bd838 hex)
 Tegra124 (Jetson TK1) # tftpboot 0x83000000 tegra124-jetson-tk1.dtb
 Using eth_rtl8169 device
 TFTP from server 192.168.100.1; our IP address is 192.168.100.102
@@ -47,7 +47,7 @@
 done
 Bytes transferred = 66405 (10365 hex)
 Tegra124 (Jetson TK1) # bootz 0x82000000 - 0x83000000
-Kernel image @ 0x82000000 [ 0x000000 - 0x6bbd40 ]
+Kernel image @ 0x82000000 [ 0x000000 - 0x6bd838 ]
 ## Flattened Device Tree blob at 83000000
    Booting using the fdt blob at 0x83000000
    Using Device Tree in place at 83000000, end 83013364
@@ -55,7 +55,7 @@
 Starting kernel ...
 
 Booting Linux on physical CPU 0x0
-Linux version 4.7.0-rc6-next-20160707-104890-gaa74f15 (pwalmsley@sellafield) (gcc version 4.7.3 20130328 (prerelease) (crosstool-NG linaro-1.13.1-4.7-2013.04-20130415 - Linaro GCC 2013.04) ) #1 SMP Tue Jul 12 04:48:19 PDT 2016
+Linux version 4.7.0-rc6-next-20160708-105290-ga379b037 (pwalmsley@sellafield) (gcc version 4.7.3 20130328 (prerelease) (crosstool-NG linaro-1.13.1-4.7-2013.04-20130415 - Linaro GCC 2013.04) ) #1 SMP Tue Jul 12 05:03:23 PDT 2016
 CPU: ARMv7 Processor [413fc0f3] revision 3 (ARMv7), cr=10c5387d
 CPU: div instructions available: patching division code
 CPU: PIPT / VIPT nonaliasing data cache, PIPT instruction cache
@@ -64,20 +64,20 @@
 cma: Reserved 64 MiB at 0xfb800000
 Memory policy: Data cache writealloc
 On node 0 totalpages: 524032
-free_area_init_node: node 0, pgdat c141b300, node_mem_map eeffa000
+free_area_init_node: node 0, pgdat c141b4c0, node_mem_map eeffa000
   DMA zone: 1536 pages used for memmap
   DMA zone: 0 pages reserved
   DMA zone: 196608 pages, LIFO batch:31
   HighMem zone: 327424 pages, LIFO batch:31
-percpu: Embedded 13 pages/cpu @eef8b000 s23936 r8192 d21120 u53248
-pcpu-alloc: s23936 r8192 d21120 u53248 alloc=13*4096
+percpu: Embedded 14 pages/cpu @eef87000 s26688 r8192 d22464 u57344
+pcpu-alloc: s26688 r8192 d22464 u57344 alloc=14*4096
 pcpu-alloc: [0] 0 [0] 1 [0] 2 [0] 3 
 Built 1 zonelists in Zone order, mobility grouping on.  Total pages: 522496
 Kernel command line: ignore_loglevel console=ttyS0,115200n8 rw root=PARTUUID=b1791faa-84e8-4e27-83a1-9fb0a77e8803 rootwait gpt debug noinitrd earlyprintk init=/bin/bash
 PID hash table entries: 4096 (order: 2, 16384 bytes)
 Dentry cache hash table entries: 131072 (order: 7, 524288 bytes)
 Inode-cache hash table entries: 65536 (order: 6, 262144 bytes)
-Memory: 1995004K/2096128K available (9216K kernel code, 1140K rwdata, 3956K rodata, 2048K init, 343K bss, 35588K reserved, 65536K cma-reserved, 1244160K highmem)
+Memory: 1994988K/2096128K available (9216K kernel code, 1141K rwdata, 3960K rodata, 2048K init, 343K bss, 35604K reserved, 65536K cma-reserved, 1244160K highmem)
 Virtual kernel memory layout:
     vector  : 0xffff0000 - 0xffff1000   (   4 kB)
     fixmap  : 0xffc00000 - 0xfff00000   (3072 kB)
@@ -87,8 +87,8 @@
     modules : 0xbf000000 - 0xbfe00000   (  14 MB)
       .text : 0xc0208000 - 0xc0c00000   (10208 kB)
       .init : 0xc1100000 - 0xc1300000   (2048 kB)
-      .data : 0xc1300000 - 0xc141d380   (1141 kB)
-       .bss : 0xc141f000 - 0xc1474d60   ( 344 kB)
+      .data : 0xc1300000 - 0xc141d540   (1142 kB)
+       .bss : 0xc141f000 - 0xc1474cc8   ( 344 kB)
 SLUB: HWalign=64, Order=0-3, MinObjects=0, CPUs=4, Nodes=1
 Hierarchical RCU implementation.
 	Build-time adjustment of leaf fanout to 32.
@@ -305,13 +305,13 @@
 +5V_SATA: supplied by +5V_SYS
 +12V_SATA: supplied by +VDD_MUX
 usb2-0 supply vbus not found, using dummy regulator
+usb2-1 supply vbus not found, using dummy regulator
 mmc0: new high speed MMC card at address 0001
 mmcblk0: mmc0:0001 SEM16G 14.7 GiB 
 mmcblk0boot0: mmc0:0001 SEM16G partition 1 4.00 MiB
 mmcblk0boot1: mmc0:0001 SEM16G partition 2 4.00 MiB
 mmcblk0rpmb: mmc0:0001 SEM16G partition 3 4.00 MiB
  mmcblk0: p1
-usb2-1 supply vbus not found, using dummy regulator
 usb3-0 supply vbus not found, using dummy regulator
 tegra-pcie 1003000.pcie-controller: 2x1, 1x1 configuration
 tegra-pcie 1003000.pcie-controller: Failed to get supply 'avddio-pex': -517
@@ -373,10 +373,10 @@
 pci 0000:01:00.0: [8086:4232] type 00 class 0x028000
 pci 0000:01:00.0: reg 0x10: [mem 0x00000000-0x00001fff 64bit]
 pci 0000:01:00.0: PME# supported from D0 D3hot D3cold
+ata1: SATA link down (SStatus 0 SControl 300)
 PCI: bus1: Fast back to back transfers disabled
 pci_bus 0000:01: busn_res: [bus 01-ff] end is updated to 01
 pci 0000:02:00.0: [10ec:8168] type 00 class 0x020000
-ata1: SATA link down (SStatus 0 SControl 300)
 pci 0000:02:00.0: reg 0x10: [io  0x0000-0x00ff]
 pci 0000:02:00.0: reg 0x18: [mem 0x00000000-0x00000fff 64bit]
 pci 0000:02:00.0: reg 0x20: [mem 0x00000000-0x00003fff 64bit pref]
@@ -414,11 +414,12 @@
 r8169 0000:02:00.0 eth0: jumbo features [frames: 9200 bytes, tx checksumming: ko]
 [drm] Supports vblank timestamp caching Rev 2 (21.10.2013).
 [drm] No driver support for vblank timestamp query.
+drm drm: No connectors reported connected with modes
+[drm] Cannot find any crtc or sizes - going 1024x768
 mmc1: new high speed SDHC card at address aaaa
 mmcblk1: mmc1:aaaa SD04G 3.69 GiB 
  mmcblk1: p1 p2 p3
-tegra-hdmi 54280000.hdmi: cannot set audio to 48000 Hz at 297000000 Hz pixel clock
-Console: switching to colour frame buffer device 512x135
+Console: switching to colour frame buffer device 128x48
 drm drm: fb0:  frame buffer device
 [drm] Initialized tegra 0.0.0 20120330 on minor 0
 of: dev_pm_opp_of_cpumask_add_table: couldn't find opp table for cpu:0, -19
Diff for ./tegra124-jetson-tk1/tegra124-jetson-tk1/tegra_defconfig_log.txt
--- /tmp/fooa	2016-07-12 05:11:13.285344071 -0700
+++ /tmp/foob	2016-07-12 05:11:13.289344073 -0700
@@ -9,7 +9,7 @@
 Model: NVIDIA Jetson TK1
 Board: NVIDIA Jetson TK1
 DRAM:  2 GiB
-MC:   Tegra SD/MMC: 0, Tegra SD/MMC: 1
+C:   Tegra SD/MMC: 0, Tegra SD/MMC: 1
 In:    serial
 Out:   serial
 Err:   serial
@@ -32,20 +32,20 @@
 	 #################################################################
 	 #################################################################
 	 ###########################################
-	 3.2 MiB/s
+	 3.3 MiB/s
 done
-Bytes transferred = 5398304 (525f20 hex)
+Bytes transferred = 5400912 (526950 hex)
 Tegra124 (Jetson TK1) # tftpboot 0x83000000 tegra124-jetson-tk1.dtb
 Using eth_rtl8169 device
 TFTP from server 192.168.100.1; our IP address is 192.168.100.102
 Filename 'tegra124-jetson-tk1.dtb'.
 Load address: 0x83000000
 Loading: *#####
-	 3.5 MiB/s
+	 3.2 MiB/s
 done
 Bytes transferred = 66405 (10365 hex)
 Tegra124 (Jetson TK1) # bootz 0x82000000 - 0x83000000
-Kernel image @ 0x82000000 [ 0x000000 - 0x525f20 ]
+Kernel image @ 0x82000000 [ 0x000000 - 0x526950 ]
 ## Flattened Device Tree blob at 83000000
    Booting using the fdt blob at 0x83000000
    Using Device Tree in place at 83000000, end 83013364
@@ -54,7 +54,7 @@
 
 Uncompressing Linux... done, booting the kernel.
 Booting Linux on physical CPU 0x0
-Linux version 4.7.0-rc6-next-20160707-104890-gaa74f15 (pwalmsley@kaivo) (gcc version 4.7.3 20130328 (prerelease) (crosstool-NG linaro-1.13.1-4.7-2013.04-20130415 - Linaro GCC 2013.04) ) #1 SMP PREEMPT Tue Jul 12 04:48:29 PDT 2016
+Linux version 4.7.0-rc6-next-20160708-105290-ga379b037 (pwalmsley@kaivo) (gcc version 4.7.3 20130328 (prerelease) (crosstool-NG linaro-1.13.1-4.7-2013.04-20130415 - Linaro GCC 2013.04) ) #1 SMP PREEMPT Tue Jul 12 05:03:33 PDT 2016
 CPU: ARMv7 Processor [413fc0f3] revision 3 (ARMv7), cr=10c5387d
 CPU: div instructions available: patching division code
 CPU: PIPT / VIPT nonaliasing data cache, PIPT instruction cache
@@ -64,20 +64,20 @@
 cma: Reserved 64 MiB at 0xfbc00000
 Memory policy: Data cache writealloc
 On node 0 totalpages: 524032
-free_area_init_node: node 0, pgdat c0d5b9c0, node_mem_map eeff9000
+free_area_init_node: node 0, pgdat c0d5b980, node_mem_map eeff9000
   Normal zone: 1536 pages used for memmap
   Normal zone: 0 pages reserved
   Normal zone: 196608 pages, LIFO batch:31
   HighMem zone: 327424 pages, LIFO batch:31
-percpu: Embedded 13 pages/cpu @eef8a000 s24128 r8192 d20928 u53248
-pcpu-alloc: s24128 r8192 d20928 u53248 alloc=13*4096
+percpu: Embedded 14 pages/cpu @eef86000 s26240 r8192 d22912 u57344
+pcpu-alloc: s26240 r8192 d22912 u57344 alloc=14*4096
 pcpu-alloc: [0] 0 [0] 1 [0] 2 [0] 3 
 Built 1 zonelists in Zone order, mobility grouping on.  Total pages: 522496
 Kernel command line: ignore_loglevel console=ttyS0,115200n8 rw root=PARTUUID=b1791faa-84e8-4e27-83a1-9fb0a77e8803 rootwait gpt debug noinitrd earlyprintk init=/bin/bash
 PID hash table entries: 4096 (order: 2, 16384 bytes)
 Dentry cache hash table entries: 131072 (order: 7, 524288 bytes)
 Inode-cache hash table entries: 65536 (order: 6, 262144 bytes)
-Memory: 1999840K/2096128K available (8192K kernel code, 373K rwdata, 2436K rodata, 1024K init, 366K bss, 30752K reserved, 65536K cma-reserved, 1244160K highmem)
+Memory: 1999824K/2096128K available (8192K kernel code, 373K rwdata, 2436K rodata, 1024K init, 366K bss, 30768K reserved, 65536K cma-reserved, 1244160K highmem)
 Virtual kernel memory layout:
     vector  : 0xffff0000 - 0xffff1000   (   4 kB)
     fixmap  : 0xffc00000 - 0xfff00000   (3072 kB)
@@ -87,8 +87,8 @@
     modules : 0xbf000000 - 0xbfe00000   (  14 MB)
       .text : 0xc0008000 - 0xc0900000   (9184 kB)
       .init : 0xc0c00000 - 0xc0d00000   (1024 kB)
-      .data : 0xc0d00000 - 0xc0d5d580   ( 374 kB)
-       .bss : 0xc0d5f000 - 0xc0dbab70   ( 367 kB)
+      .data : 0xc0d00000 - 0xc0d5d540   ( 374 kB)
+       .bss : 0xc0d5f000 - 0xc0dbab60   ( 367 kB)
 Preemptible hierarchical RCU implementation.
 	Build-time adjustment of leaf fanout to 32.
 NR_IRQS:16 nr_irqs:16 16
@@ -286,8 +286,8 @@
 rt5640 0-001c: ASoC: no source widget found for DAC R2 Power
 rt5640 0-001c: ASoC: Failed to add route DAC R2 Power -> direct -> IF2 DAC R
 tegra-snd-rt5640 sound: rt5640-aif1 <-> 70301100.i2s mapping ok
-input: NVIDIA Tegra Jetson TK1 Headphones as /devices/soc0/sound/sound/card1/input1
-input: tegra-hda HDMI/DP,pcm=3 as /devices/soc0/70030000.hda/sound/card0/input0
+input: NVIDIA Tegra Jetson TK1 Headphones as /devices/soc0/sound/sound/card1/input0
+input: tegra-hda HDMI/DP,pcm=3 as /devices/soc0/70030000.hda/sound/card0/input1
 NET: Registered protocol family 10
 mip6: Mobile IPv6
 sit: IPv6 over IPv4 tunneling driver
@@ -370,10 +370,10 @@
 mmc1: Invalid maximum block size, assuming 512 bytes
 mmc1: SDHCI controller on 700b0400.sdhci [700b0400.sdhci] using ADMA 64-bit
 tegra-pcie 1003000.pcie-controller: 2x1, 1x1 configuration
+ata1: SATA link down (SStatus 0 SControl 300)
 tegra-pcie 1003000.pcie-controller: probing port 0, using 2 lanes
 tegra-pcie 1003000.pcie-controller: Slot present pin change, signature: 00000008
 tegra-pcie 1003000.pcie-controller: probing port 1, using 1 lanes
-ata1: SATA link down (SStatus 0 SControl 300)
 tegra-pcie 1003000.pcie-controller: Slot present pin change, signature: 00000000
 tegra-pcie 1003000.pcie-controller: PCI host bridge to bus 0000:00
 pci_bus 0000:00: root bus resource [io  0x0000-0xffff]
@@ -401,7 +401,6 @@
 mmc1: new high speed SDHC card at address aaaa
 mmcblk1: mmc1:aaaa SD04G 3.69 GiB 
 PCI: bus2: Fast back to back transfers disabled
- mmcblk1: p1 p2 p3
 pci_bus 0000:02: busn_res: [bus 02-ff] end is updated to 02
 pci 0000:00:01.0: BAR 8: assigned [mem 0x13000000-0x130fffff]
 pci 0000:00:02.0: BAR 8: assigned [mem 0x13100000-0x131fffff]
@@ -410,6 +409,7 @@
 pci 0000:01:00.0: BAR 0: assigned [mem 0x13000000-0x13001fff 64bit]
 pci 0000:00:01.0: PCI bridge to [bus 01]
 pci 0000:00:01.0:   bridge window [mem 0x13000000-0x130fffff]
+ mmcblk1: p1 p2 p3
 pci 0000:02:00.0: BAR 4: assigned [mem 0x20000000-0x20003fff 64bit pref]
 pci 0000:02:00.0: BAR 2: assigned [mem 0x13100000-0x13100fff 64bit]
 pci 0000:02:00.0: BAR 0: assigned [io  0x1000-0x10ff]
@@ -441,7 +441,7 @@
 cpufreq: cpufreq_online: CPU0: Running at unlisted freq: 696000 KHz
 cpufreq: cpufreq_online: CPU0: Unlisted initial frequency changed to: 714000 KHz
 input: gpio-keys as /devices/soc0/gpio-keys/input/input2
-as3722-rtc as3722-rtc: setting system clock to 2000-01-01 00:01:51 UTC (946684911)
+as3722-rtc as3722-rtc: setting system clock to 2000-01-01 00:01:39 UTC (946684899)
 +USB0_VBUS_SW: disabling
 +1.8V_RUN_CAM: disabling
 +2.8V_RUN_CAM: disabling
Diff for ./tegra124-nyan-big/tegra124-nyan-big/multi_v7_defconfig_log.txt
--- /tmp/fooa	2016-07-12 05:11:13.293344074 -0700
+++ /tmp/foob	2016-07-12 05:11:13.293344074 -0700
@@ -40,21 +40,21 @@
 	 #################################################################
 	 #################################################################
 	 #################################################################
-	 ##########################
+	 ###########################
 	 3.6 MiB/s
 done
-Bytes transferred = 7060800 (6bbd40 hex)
+Bytes transferred = 7067704 (6bd838 hex)
 Tegra124 (Nyan-big) # tftpboot 0x83000000 tegra124-nyan-big.dtb
 Using asx0 device
 TFTP from server 192.168.100.1; our IP address is 192.168.100.102
 Filename 'tegra124-nyan-big.dtb'.
 Load address: 0x83000000
 Loading: *#####
-	 3.4 MiB/s
+	 3.5 MiB/s
 done
 Bytes transferred = 66821 (10505 hex)
 Tegra124 (Nyan-big) # bootz 0x82000000 - 0x83000000
-Kernel image @ 0x82000000 [ 0x000000 - 0x6bbd40 ]
+Kernel image @ 0x82000000 [ 0x000000 - 0x6bd838 ]
 ## Flattened Device Tree blob at 83000000
    Booting using the fdt blob at 0x83000000
    Using Device Tree in place at 83000000, end 83013504
@@ -62,7 +62,7 @@
 Starting kernel ...
 
 Booting Linux on physical CPU 0x0
-Linux version 4.7.0-rc6-next-20160707-104890-gaa74f15 (pwalmsley@sellafield) (gcc version 4.7.3 20130328 (prerelease) (crosstool-NG linaro-1.13.1-4.7-2013.04-20130415 - Linaro GCC 2013.04) ) #1 SMP Tue Jul 12 04:48:19 PDT 2016
+Linux version 4.7.0-rc6-next-20160708-105290-ga379b037 (pwalmsley@sellafield) (gcc version 4.7.3 20130328 (prerelease) (crosstool-NG linaro-1.13.1-4.7-2013.04-20130415 - Linaro GCC 2013.04) ) #1 SMP Tue Jul 12 05:03:23 PDT 2016
 CPU: ARMv7 Processor [413fc0f3] revision 3 (ARMv7), cr=10c5387d
 CPU: div instructions available: patching division code
 CPU: PIPT / VIPT nonaliasing data cache, PIPT instruction cache
@@ -72,20 +72,20 @@
 cma: Reserved 64 MiB at 0xfb800000
 Memory policy: Data cache writealloc
 On node 0 totalpages: 524287
-free_area_init_node: node 0, pgdat c141b300, node_mem_map eeffa000
+free_area_init_node: node 0, pgdat c141b4c0, node_mem_map eeffa000
   DMA zone: 1536 pages used for memmap
   DMA zone: 0 pages reserved
   DMA zone: 196608 pages, LIFO batch:31
   HighMem zone: 327679 pages, LIFO batch:31
-percpu: Embedded 13 pages/cpu @eef8b000 s23936 r8192 d21120 u53248
-pcpu-alloc: s23936 r8192 d21120 u53248 alloc=13*4096
+percpu: Embedded 14 pages/cpu @eef87000 s26688 r8192 d22464 u57344
+pcpu-alloc: s26688 r8192 d22464 u57344 alloc=14*4096
 pcpu-alloc: [0] 0 [0] 1 [0] 2 [0] 3 
 Built 1 zonelists in Zone order, mobility grouping on.  Total pages: 522751
 Kernel command line: ignore_loglevel console=ttyS0,115200n8 rw root=PARTUUID=4d36e82a-b3c0-4b4b-bfcd-afe5217ac023 rootwait gpt debug noinitrd earlyprintk init=/bin/bash
 PID hash table entries: 4096 (order: 2, 16384 bytes)
 Dentry cache hash table entries: 131072 (order: 7, 524288 bytes)
 Inode-cache hash table entries: 65536 (order: 6, 262144 bytes)
-Memory: 1996024K/2097148K available (9216K kernel code, 1140K rwdata, 3956K rodata, 2048K init, 343K bss, 35588K reserved, 65536K cma-reserved, 1245180K highmem)
+Memory: 1996008K/2097148K available (9216K kernel code, 1141K rwdata, 3960K rodata, 2048K init, 343K bss, 35604K reserved, 65536K cma-reserved, 1245180K highmem)
 Virtual kernel memory layout:
     vector  : 0xffff0000 - 0xffff1000   (   4 kB)
     fixmap  : 0xffc00000 - 0xfff00000   (3072 kB)
@@ -95,8 +95,8 @@
     modules : 0xbf000000 - 0xbfe00000   (  14 MB)
       .text : 0xc0208000 - 0xc0c00000   (10208 kB)
       .init : 0xc1100000 - 0xc1300000   (2048 kB)
-      .data : 0xc1300000 - 0xc141d380   (1141 kB)
-       .bss : 0xc141f000 - 0xc1474d60   ( 344 kB)
+      .data : 0xc1300000 - 0xc141d540   (1142 kB)
+       .bss : 0xc141f000 - 0xc1474cc8   ( 344 kB)
 SLUB: HWalign=64, Order=0-3, MinObjects=0, CPUs=4, Nodes=1
 Hierarchical RCU implementation.
 	Build-time adjustment of leaf fanout to 32.
@@ -299,12 +299,12 @@
 can: raw protocol (rev 20120528)
 can: broadcast manager protocol (rev 20160617 t)
 can: netlink gateway (rev 20130117) max_hops=1
+input: Elan Touchpad as /devices/soc0/7000c400.i2c/i2c-1/1-0015/input/input0
 Key type dns_resolver registered
 ThumbEE CPU extension supported.
 Registering SWP/SWPB emulation handler
 +3.3V_RUN: supplied by +3.3V_SYS
 +3.3V_AVDD_HDMI_AP_GATED: supplied by +3.3V_RUN
-input: Elan Touchpad as /devices/soc0/7000c400.i2c/i2c-1/1-0015/input/input0
 +1.8V_RUN_CAM: supplied by +3.3V_RUN
 +VDDIO_SDMMC3: supplied by +3.3V_RUN
 +1.8V_RUN_VPP_FUSE: supplied by +3.3V_RUN
@@ -312,16 +312,16 @@
 +5V_VDD_TS_SW: supplied by +5V_SYS
 +5V_USB_HS: supplied by +5V_SYS
 +5V_USB_SS: supplied by +5V_SYS
++3.3V_PANEL: supplied by +3.3V_RUN
++3.3V_LP0: supplied by +3.3V_SYS
++1.05V_RUN_AVDD_HDMI_PLL: supplied by +1.05V_RUN
+elan_i2c 1-0015: failed to read report data: -121
 mmc0: new high speed MMC card at address 0001
 mmcblk0: mmc0:0001 MMC16G 14.4 GiB 
 mmcblk0boot0: mmc0:0001 MMC16G partition 1 2.00 MiB
 mmcblk0boot1: mmc0:0001 MMC16G partition 2 2.00 MiB
 mmcblk0rpmb: mmc0:0001 MMC16G partition 3 128 KiB
  mmcblk0: p1 p2 p3 p4 p5 p6 p7 p8 p9 p10 p11 p12
-+3.3V_PANEL: supplied by +3.3V_RUN
-+3.3V_LP0: supplied by +3.3V_SYS
-+1.05V_RUN_AVDD_HDMI_PLL: supplied by +1.05V_RUN
-elan_i2c 1-0015: failed to read report data: -121
 +5V_HDMI_CON: supplied by +5V_SYS
 usb3-0 supply vbus not found, using dummy regulator
 usb3-1 supply vbus not found, using dummy regulator
@@ -332,14 +332,14 @@
 mmc1: Invalid maximum block size, assuming 512 bytes
 +1.8V_VDDIO: voltage operation not allowed
 mmc1: Switching to 3.3V signalling voltage failed
+elan_i2c 1-0015: invalid report id data (ff)
 mmc1: SDHCI controller on 700b0000.sdhci [700b0000.sdhci] using ADMA 64-bit
 sdhci-tegra 700b0400.sdhci: Got CD GPIO
 sdhci-tegra 700b0400.sdhci: Got WP GPIO
 mmc2: Unknown controller version (3). You may experience problems.
 mmc2: Invalid maximum block size, assuming 512 bytes
-elan_i2c 1-0015: invalid report id data (ff)
-mmc2: SDHCI controller on 700b0400.sdhci [700b0400.sdhci] using ADMA 64-bit
 mmc1: new high speed SDIO card at address 0001
+mmc2: SDHCI controller on 700b0400.sdhci [700b0400.sdhci] using ADMA 64-bit
 [drm] Supports vblank timestamp caching Rev 2 (21.10.2013).
 [drm] No driver support for vblank timestamp query.
 mmc2: new high speed SDHC card at address 0007
@@ -354,7 +354,7 @@
 drm drm: fb0:  frame buffer device
 [drm] Initialized tegra 0.0.0 20120330 on minor 0
 input: gpio-keys as /devices/soc0/gpio-keys/input/input1
-as3722-rtc as3722-rtc: setting system clock to 2000-01-01 00:44:51 UTC (946687491)
+as3722-rtc as3722-rtc: setting system clock to 2000-01-01 01:00:02 UTC (946688402)
 +1.8V_RUN_CAM: disabling
 +3.3V_RUN_CAM: disabling
 +1.2V_RUN_CAM_FRONT: disabling
Diff for ./tegra124-nyan-big/tegra124-nyan-big/tegra_defconfig_log.txt
--- /tmp/fooa	2016-07-12 05:11:13.297344075 -0700
+++ /tmp/foob	2016-07-12 05:11:13.301344076 -0700
@@ -5,7 +5,7 @@
 TEGRA124
 Model: Acer Chromebook 13 CB5-311
 DRAM:  4 GiB
-:   Tegra SD/MMC: 0, Tegra SD/MMC: 1, Tegra SD/MMC: 2
+C:   Tegra SD/MMC: 0, Tegra SD/MMC: 1, Tegra SD/MMC: 2
 MMC init failed
 Using default environment
 
@@ -39,20 +39,20 @@
 	 #################################################################
 	 #################################################################
 	 ###########################################
-	 3.6 MiB/s
+	 3.5 MiB/s
 done
-Bytes transferred = 5398304 (525f20 hex)
+Bytes transferred = 5400912 (526950 hex)
 Tegra124 (Nyan-big) # tftpboot 0x83000000 tegra124-nyan-big.dtb
 Using asx0 device
 TFTP from server 192.168.100.1; our IP address is 192.168.100.102
 Filename 'tegra124-nyan-big.dtb'.
 Load address: 0x83000000
 Loading: *#####
-	 3.4 MiB/s
+	 3.2 MiB/s
 done
 Bytes transferred = 66821 (10505 hex)
 Tegra124 (Nyan-big) # bootz 0x82000000 - 0x83000000
-Kernel image @ 0x82000000 [ 0x000000 - 0x525f20 ]
+Kernel image @ 0x82000000 [ 0x000000 - 0x526950 ]
 ## Flattened Device Tree blob at 83000000
    Booting using the fdt blob at 0x83000000
    Using Device Tree in place at 83000000, end 83013504
@@ -161,7 +161,6 @@
 can: raw protocol (rev 20120528)
 can: broadcast manager protocol (rev 20160617 t)
 can: netlink gateway (rev 20130117) max_hops=1
-input: tegra-hda HDMI/DP,pcm=3 as /devices/soc0/70030000.hda/sound/card0/input3
 Bluetooth: RFCOMM socket layer initialized
 Bluetooth: RFCOMM ver 1.11
 Bluetooth: BNEP (Ethernet Emulation) ver 1.3
@@ -176,6 +175,7 @@
 +VDDIO_SDMMC3: supplied by +3.3V_RUN
 +1.8V_RUN_VPP_FUSE: supplied by +3.3V_RUN
 +VDD_LED: supplied by +VDD_MUX
+input: tegra-hda HDMI/DP,pcm=3 as /devices/soc0/70030000.hda/sound/card0/input3
 +5V_VDD_TS_SW: supplied by +5V_SYS
 +5V_USB_HS: supplied by +5V_SYS
 +5V_USB_SS: supplied by +5V_SYS
@@ -226,7 +226,7 @@
 drm drm: fb0:  frame buffer device
 [drm] Initialized tegra 0.0.0 20120330 on minor 0
 input: gpio-keys as /devices/soc0/gpio-keys/input/input4
-as3722-rtc as3722-rtc: setting system clock to 2000-01-01 00:43:49 UTC (946687429)
+as3722-rtc as3722-rtc: setting system clock to 2000-01-01 00:58:59 UTC (946688339)
 +1.8V_RUN_CAM: disabling
 +1.2V_RUN_CAM_FRONT: disabling
 +1.05V_RUN_CAM_REAR: disabling
@@ -240,15 +240,15 @@
 EXT4-fs (mmcblk0p3): couldn't mount as ext3 due to feature incompatibilities
 uvcvideo: Found UVC 1.00 device HD WebCam (1bcf:2c67)
 input: HD WebCam as /devices/soc0/70090000.usb/usb1/1-2/1-2:1.0/input/input5
-usb 1-3: new high-speed USB device number 3 using tegra-xusb
 EXT4-fs (mmcblk0p3): recovery complete
 EXT4-fs (mmcblk0p3): mounted filesystem with ordered data mode. Opts: (null)
 VFS: Mounted root (ext4 filesystem) on device 179:3.
 devtmpfs: mounted
 Freeing unused kernel memory: 1024K (c0c00000 - c0d00000)
+usb 1-3: new high-speed USB device number 3 using tegra-xusb
 bash: cannot set terminal process group (-1): Inappropriate ioctl for device
 bash: no job control in this shell
-root@(none):/# [    5.787992] asix 1-3:1.0 eth0: register 'asix' at usb-70090000.usb-3, ASIX AX88772 USB 2.0 Ethernet, c8:d7:19:90:fa:65
+root@(none):/# [    6.788157] asix 1-3:1.0 eth0: register 'asix' at usb-70090000.usb-3, ASIX AX88772 USB 2.0 Ethernet, c8:d7:19:90:fa:65
 usb 1-1: new high-speed USB device number 4 using tegra-xusb
 usb-storage 1-1:1.0: USB Mass Storage device detected
 scsi host0: usb-storage 1-1:1.0
Diff for ./tegra132-norrin/tegra132-norrin/defconfig_log.txt
--- /tmp/fooa	2016-07-12 05:11:13.305344077 -0700
+++ /tmp/foob	2016-07-12 05:11:13.309344079 -0700
@@ -31,7 +31,7 @@
 MSENC clock is set to  79200 KHz
 Vde clock is set to 204000 KHz
 
-Bootloader-Cpu Init at (time stamp): 1801039 us
+Bootloader-Cpu Init at (time stamp): 1800683 us
 
 Pinmux changes applied in kernel way
 
@@ -59,39 +59,39 @@
 The proc BoardInfo: 0x0176:0x0001:0x01:0x43:0x00
 FastbootAddAtag: setting ATAG (0)
 
-Board Id Read Time: 3 us
+Board Id Read Time: 4 us
 Power Rail enable Time: 1 us
 
-Miscellaneous avp time: 1801013  us
-Bootloader (AosInit) time: 734246 us
-Bootloader Main Init time: 180088 us
-BlockDevMgrInit time: 157547 us
+Miscellaneous avp time: 1800656  us
+Bootloader (AosInit) time: 733459 us
+Bootloader Main Init time: 180259 us
+BlockDevMgrInit time: 157498 us
 PartMgrInit time: 8 us
 StorMgrInit time: 30 us
-FsMgrInit time: 3 us
-Partition Table load: 76743 us 
-Display init time: 574675 us
-Kernel read time: 364 msec
+FsMgrInit time: 2 us
+Partition Table load: 77176 us 
+Display init time: 574342 us
+Kernel read time: 363 msec
 Load Kernel Size:   15794176 Bytes
-Bl Kernel ReadSpeed: 43390000 Bytes/sec
-Pre-Kernel Jump time: 1696036 us
-Clearing 32 Bit State and Warm resetting to 64bit mode: 5782018 us
+Bl Kernel ReadSpeed: 43510000 Bytes/sec
+Pre-Kernel Jump time: 1696414 us
+Clearing 32 Bit State and Warm resetting to 64bit mode: 5782506 us
 Booting Linux on physical CPU 0x0
-Linux version 4.7.0-rc6-next-20160707+ (pwalmsley@tamien) (gcc version 4.9.2 20140904 (prerelease) (crosstool-NG linaro-1.13.1-4.9-2014.09 - Linaro GCC 4.9-2014.09) ) #1 SMP PREEMPT Tue Jul 12 04:50:47 PDT 2016
+Linux version 4.7.0-rc6-next-20160708+ (pwalmsley@tamien) (gcc version 4.9.2 20140904 (prerelease) (crosstool-NG linaro-1.13.1-4.9-2014.09 - Linaro GCC 4.9-2014.09) ) #1 SMP PREEMPT Tue Jul 12 05:05:48 PDT 2016
 Boot CPU: AArch64 Processor [4e0f0000]
 Memory limited to 1734MB
 efi: Getting EFI parameters from FDT:
 efi: UEFI not found.
 cma: Reserved 16 MiB at 0x00000000eb400000
 /cpus/cpu@1: missing enable-method property
-percpu: Embedded 20 pages/cpu @ffff80006c5a0000 s42880 r8192 d30848 u81920
+percpu: Embedded 21 pages/cpu @ffff80006c59f000 s48128 r8192 d29696 u86016
 Detected PIPT I-cache on CPU0
 Built 1 zonelists in Zone order, mobility grouping on.  Total pages: 436968
 Kernel command line: tegraid=13.1.3.0.0 mem=1734M@2048M memtype=255 vpr=151M@3817M ddr_die=2048M@2048M section=256M commchip_id=0 usb_port_owner_info=0 lane_owner_info=0 emc_max_dvfs=0 touch_id=0@0 video=tegrafb no_console_suspend=1 console=ttyS0,115200n8 debug_uartport=lsport,0 earlyprintk=uart8250-32bit,0x70006000 usbcore.old_scheme_first=1 lp0_vec=0@0x0 tegra_fbmem=32899072@0xad012000 core_edp_mv=1150 core_edp_ma=4000 pmuboard=0x0176:0x0001:0x01:0x43:0x00 displayboard=0x0162:0x0001:0x00:0x42:0x00 power_supply=Adapter audio_codec=rt5640 board_info=0x0176:0x0001:0x01:0x43:0x00 tegraboot=sdmmc gpt gpt_sector=94207 modem_id=0 android.kerneltype=normal
 PID hash table entries: 4096 (order: 3, 32768 bytes)
 Dentry cache hash table entries: 262144 (order: 9, 2097152 bytes)
 Inode-cache hash table entries: 131072 (order: 8, 1048576 bytes)
-Memory: 1707232K/1775616K available (7676K kernel code, 765K rwdata, 3608K rodata, 960K init, 270K bss, 52000K reserved, 16384K cma-reserved)
+Memory: 1707228K/1775616K available (7676K kernel code, 765K rwdata, 3608K rodata, 960K init, 270K bss, 52004K reserved, 16384K cma-reserved)
 Virtual kernel memory layout:
     modules : 0xffff000000000000 - 0xffff000008000000   (   128 MB)
     vmalloc : 0xffff000008000000 - 0xffff7dffbfff0000   (129022 GB)
@@ -184,7 +184,7 @@
 kvm [1]: HYP mode not available
 futex hash table entries: 256 (order: 3, 32768 bytes)
 audit: initializing netlink subsys (disabled)
-audit: type=2000 audit(1.099:1): initialized
+audit: type=2000 audit(1.095:1): initialized
 workingset: timestamp_bits=44 max_order=19 bucket_order=0
 squashfs: version 4.0 (2009/01/31) Phillip Lougher
 NFS: Registering the id_resolver key type
Diff for ./tegra20-trimslice/tegra20-trimslice/multi_v7_defconfig_log.txt
--- /tmp/fooa	2016-07-12 05:11:13.313344080 -0700
+++ /tmp/foob	2016-07-12 05:11:13.317344081 -0700
@@ -46,10 +46,10 @@
 	 #################################################################
 	 #################################################################
 	 #################################################################
-	 ##########################
-	 910.2 KiB/s
+	 ###########################
+	 911.1 KiB/s
 done
-Bytes transferred = 7060800 (6bbd40 hex)
+Bytes transferred = 7067704 (6bd838 hex)
 Tegra20 (TrimSlice) # tftpboot 0x02408000 tegra20-trimslice.dtb
 Using RTL8169#0 device
 TFTP from server 192.168.100.1; our IP address is 192.168.100.103
@@ -60,7 +60,7 @@
 done
 Bytes transferred = 21172 (52b4 hex)
 Tegra20 (TrimSlice) # bootz 0x00408000 - 0x02408000
-Kernel image @ 0x408000 [ 0x000000 - 0x6bbd40 ]
+Kernel image @ 0x408000 [ 0x000000 - 0x6bd838 ]
 ## Flattened Device Tree blob at 02408000
    Booting using the fdt blob at 0x2408000
    Using Device Tree in place at 02408000, end 024102b3
@@ -68,7 +68,7 @@
 Starting kernel ...
 
 Booting Linux on physical CPU 0x0
-Linux version 4.7.0-rc6-next-20160707-104890-gaa74f15 (pwalmsley@sellafield) (gcc version 4.7.3 20130328 (prerelease) (crosstool-NG linaro-1.13.1-4.7-2013.04-20130415 - Linaro GCC 2013.04) ) #1 SMP Tue Jul 12 04:48:19 PDT 2016
+Linux version 4.7.0-rc6-next-20160708-105290-ga379b037 (pwalmsley@sellafield) (gcc version 4.7.3 20130328 (prerelease) (crosstool-NG linaro-1.13.1-4.7-2013.04-20130415 - Linaro GCC 2013.04) ) #1 SMP Tue Jul 12 05:03:23 PDT 2016
 CPU: ARMv7 Processor [411fc090] revision 0 (ARMv7), cr=10c5387d
 CPU: PIPT / VIPT nonaliasing data cache, VIPT aliasing instruction cache
 Machine model: Compulab TrimSlice board
@@ -76,20 +76,20 @@
 cma: Reserved 64 MiB at 0x3c000000
 Memory policy: Data cache writealloc
 On node 0 totalpages: 262144
-free_area_init_node: node 0, pgdat c141b300, node_mem_map ef7fa000
+free_area_init_node: node 0, pgdat c141b4c0, node_mem_map ef7fa000
   DMA zone: 1536 pages used for memmap
   DMA zone: 0 pages reserved
   DMA zone: 196608 pages, LIFO batch:31
   HighMem zone: 65536 pages, LIFO batch:15
-percpu: Embedded 13 pages/cpu @ef7cb000 s23936 r8192 d21120 u53248
-pcpu-alloc: s23936 r8192 d21120 u53248 alloc=13*4096
+percpu: Embedded 14 pages/cpu @ef7c9000 s26688 r8192 d22464 u57344
+pcpu-alloc: s26688 r8192 d22464 u57344 alloc=14*4096
 pcpu-alloc: [0] 0 [0] 1 
 Built 1 zonelists in Zone order, mobility grouping on.  Total pages: 260608
 Kernel command line: ignore_loglevel console=ttyS0,115200n8 rw root=PARTUUID=11eb23c1-01 rootwait gpt debug noinitrd earlyprintk init=/bin/bash
 PID hash table entries: 4096 (order: 2, 16384 bytes)
 Dentry cache hash table entries: 131072 (order: 7, 524288 bytes)
 Inode-cache hash table entries: 65536 (order: 6, 262144 bytes)
-Memory: 955940K/1048576K available (9216K kernel code, 1140K rwdata, 3956K rodata, 2048K init, 343K bss, 27100K reserved, 65536K cma-reserved, 196608K highmem)
+Memory: 955932K/1048576K available (9216K kernel code, 1141K rwdata, 3960K rodata, 2048K init, 343K bss, 27108K reserved, 65536K cma-reserved, 196608K highmem)
 Virtual kernel memory layout:
     vector  : 0xffff0000 - 0xffff1000   (   4 kB)
     fixmap  : 0xffc00000 - 0xfff00000   (3072 kB)
@@ -99,8 +99,8 @@
     modules : 0xbf000000 - 0xbfe00000   (  14 MB)
       .text : 0xc0208000 - 0xc0c00000   (10208 kB)
       .init : 0xc1100000 - 0xc1300000   (2048 kB)
-      .data : 0xc1300000 - 0xc141d380   (1141 kB)
-       .bss : 0xc141f000 - 0xc1474d60   ( 344 kB)
+      .data : 0xc1300000 - 0xc141d540   (1142 kB)
+       .bss : 0xc141f000 - 0xc1474cc8   ( 344 kB)
 SLUB: HWalign=64, Order=0-3, MinObjects=0, CPUs=2, Nodes=1
 Hierarchical RCU implementation.
 	Build-time adjustment of leaf fanout to 32.
@@ -320,25 +320,24 @@
 tegra-ehci c5000000.usb: new USB bus registered, assigned bus number 2
 tegra-ehci c5000000.usb: irq 288, io mem 0xc5000000
 usb 1-1: new high-speed USB device number 2 using tegra-ehci
+mmc0: host does not support reading read-only switch, assuming write-enable
+mmc0: new high speed SDHC card at address b368
 tegra-ehci c5000000.usb: USB 2.0 started, EHCI 1.00
 hub 2-0:1.0: USB hub found
 hub 2-0:1.0: 1 port detected
 input: gpio-keys as /devices/soc0/gpio-keys/input/input0
 rtc-em3027 2-0056: hctosys: unable to read the hardware clock
-Waiting for root device PARTUUID=11eb23c1-01...
-mmc0: host does not support reading read-only switch, assuming write-enable
-mmc0: new high speed SDHC card at address b368
 mmcblk0: mmc0:b368 NCard 3.70 GiB 
  mmcblk0: p1
+EXT4-fs (mmcblk0p1): mounting ext3 file system using the ext4 subsystem
 mmc1: new high speed SD card at address b368
 mmcblk1: mmc1:b368 NCard 1.83 GiB (ro)
  mmcblk1: p1 p2
 hub 1-1:1.0: USB hub found
 hub 1-1:1.0: 4 ports detected
-EXT4-fs (mmcblk0p1): mounting ext3 file system using the ext4 subsystem
 usb 1-1.2: new high-speed USB device number 3 using tegra-ehci
-asix 1-1.2:1.0 eth1: register 'asix' at usb-c5008000.usb-1.2, ASIX AX88772 USB 2.0 Ethernet, 00:60:6e:60:6c:68
 EXT4-fs (mmcblk0p1): recovery complete
+asix 1-1.2:1.0 eth1: register 'asix' at usb-c5008000.usb-1.2, ASIX AX88772 USB 2.0 Ethernet, 00:60:6e:60:6c:68
 EXT4-fs (mmcblk0p1): mounted filesystem with ordered data mode. Opts: (null)
 VFS: Mounted root (ext3 filesystem) on device 179:1.
 devtmpfs: mounted
Diff for ./tegra20-trimslice/tegra20-trimslice/tegra_defconfig_log.txt
--- /tmp/fooa	2016-07-12 05:11:13.321344082 -0700
+++ /tmp/foob	2016-07-12 05:11:13.325344083 -0700
@@ -45,9 +45,9 @@
 	 #################################################################
 	 #################################################################
 	 ###########################################
-	 904.3 KiB/s
+	 903.3 KiB/s
 done
-Bytes transferred = 5398304 (525f20 hex)
+Bytes transferred = 5400912 (526950 hex)
 Tegra20 (TrimSlice) # tftpboot 0x02408000 tegra20-trimslice.dtb
 Using RTL8169#0 device
 TFTP from server 192.168.100.1; our IP address is 192.168.100.103
@@ -58,7 +58,7 @@
 done
 Bytes transferred = 21172 (52b4 hex)
 Tegra20 (TrimSlice) # bootz 0x00408000 - 0x02408000
-Kernel image @ 0x408000 [ 0x000000 - 0x525f20 ]
+Kernel image @ 0x408000 [ 0x000000 - 0x526950 ]
 ## Flattened Device Tree blob at 02408000
    Booting using the fdt blob at 0x2408000
    Using Device Tree in place at 02408000, end 024102b3
@@ -67,7 +67,7 @@
 
 Uncompressing Linux... done, booting the kernel.
 Booting Linux on physical CPU 0x0
-Linux version 4.7.0-rc6-next-20160707-104890-gaa74f15 (pwalmsley@kaivo) (gcc version 4.7.3 20130328 (prerelease) (crosstool-NG linaro-1.13.1-4.7-2013.04-20130415 - Linaro GCC 2013.04) ) #1 SMP PREEMPT Tue Jul 12 04:48:29 PDT 2016
+Linux version 4.7.0-rc6-next-20160708-105290-ga379b037 (pwalmsley@kaivo) (gcc version 4.7.3 20130328 (prerelease) (crosstool-NG linaro-1.13.1-4.7-2013.04-20130415 - Linaro GCC 2013.04) ) #1 SMP PREEMPT Tue Jul 12 05:03:33 PDT 2016
 CPU: ARMv7 Processor [411fc090] revision 0 (ARMv7), cr=10c5387d
 CPU: PIPT / VIPT nonaliasing data cache, VIPT aliasing instruction cache
 Machine model: Compulab TrimSlice board
@@ -76,20 +76,20 @@
 cma: Reserved 64 MiB at 0x3c000000
 Memory policy: Data cache writealloc
 On node 0 totalpages: 262144
-free_area_init_node: node 0, pgdat c0d5b9c0, node_mem_map ef7f9000
+free_area_init_node: node 0, pgdat c0d5b980, node_mem_map ef7f9000
   Normal zone: 1536 pages used for memmap
   Normal zone: 0 pages reserved
   Normal zone: 196608 pages, LIFO batch:31
   HighMem zone: 65536 pages, LIFO batch:15
-percpu: Embedded 13 pages/cpu @ef7ca000 s24128 r8192 d20928 u53248
-pcpu-alloc: s24128 r8192 d20928 u53248 alloc=13*4096
+percpu: Embedded 14 pages/cpu @ef7c8000 s26240 r8192 d22912 u57344
+pcpu-alloc: s26240 r8192 d22912 u57344 alloc=14*4096
 pcpu-alloc: [0] 0 [0] 1 
 Built 1 zonelists in Zone order, mobility grouping on.  Total pages: 260608
 Kernel command line: ignore_loglevel console=ttyS0,115200n8 rw root=PARTUUID=11eb23c1-01 rootwait gpt debug noinitrd earlyprintk init=/bin/bash
 PID hash table entries: 4096 (order: 2, 16384 bytes)
 Dentry cache hash table entries: 131072 (order: 7, 524288 bytes)
 Inode-cache hash table entries: 65536 (order: 6, 262144 bytes)
-Memory: 960776K/1048576K available (8192K kernel code, 373K rwdata, 2436K rodata, 1024K init, 366K bss, 22264K reserved, 65536K cma-reserved, 196608K highmem)
+Memory: 960768K/1048576K available (8192K kernel code, 373K rwdata, 2436K rodata, 1024K init, 366K bss, 22272K reserved, 65536K cma-reserved, 196608K highmem)
 Virtual kernel memory layout:
     vector  : 0xffff0000 - 0xffff1000   (   4 kB)
     fixmap  : 0xffc00000 - 0xfff00000   (3072 kB)
@@ -99,8 +99,8 @@
     modules : 0xbf000000 - 0xbfe00000   (  14 MB)
       .text : 0xc0008000 - 0xc0900000   (9184 kB)
       .init : 0xc0c00000 - 0xc0d00000   (1024 kB)
-      .data : 0xc0d00000 - 0xc0d5d580   ( 374 kB)
-       .bss : 0xc0d5f000 - 0xc0dbab70   ( 367 kB)
+      .data : 0xc0d00000 - 0xc0d5d540   ( 374 kB)
+       .bss : 0xc0d5f000 - 0xc0dbab60   ( 367 kB)
 Preemptible hierarchical RCU implementation.
 	Build-time adjustment of leaf fanout to 32.
 	RCU restricting CPUs from NR_CPUS=4 to nr_cpu_ids=2.
@@ -305,10 +305,10 @@
 tlv320aic23-codec 2-001a: ASoC: Failed to add route MICIN -> NULL -> Mic Input
 tegra-snd-trimslice sound: tlv320aic23-hifi <-> 70002800.i2s mapping ok
 mmc0: host does not support reading read-only switch, assuming write-enable
-usb 1-1: new high-speed USB device number 2 using tegra-ehci
 mmc0: new high speed SDHC card at address b368
 mmcblk0: mmc0:b368 NCard 3.70 GiB 
  mmcblk0: p1
+usb 1-1: new high-speed USB device number 2 using tegra-ehci
 mmc1: new high speed SD card at address b368
 mmcblk1: mmc1:b368 NCard 1.83 GiB (ro)
  mmcblk1: p1 p2
@@ -320,6 +320,7 @@
 NET: Registered protocol family 17
 NET: Registered protocol family 15
 can: controller area network core (rev 20120528 abi 9)
+usb 1-1.2: new high-speed USB device number 3 using tegra-ehci
 NET: Registered protocol family 29
 can: raw protocol (rev 20120528)
 can: broadcast manager protocol (rev 20160617 t)
@@ -332,7 +333,7 @@
 Bluetooth: HIDP socket layer initialized
 Key type dns_resolver registered
 Registering SWP/SWPB emulation handler
-usb 1-1.2: new high-speed USB device number 3 using tegra-ehci
+utmi_phy_clk_enable: timeout waiting for phy to stabilize
 tegra-ehci c5000000.usb: EHCI Host Controller
 tegra-ehci c5000000.usb: new USB bus registered, assigned bus number 2
 tegra-ehci c5000000.usb: irq 288, io mem 0xc5000000
Diff for ./tegra210-p2371-0000/tegra210-p2371-0000/defconfig_log.txt
--- /tmp/fooa	2016-07-12 05:11:13.329344084 -0700
+++ /tmp/foob	2016-07-12 05:11:13.329344084 -0700
@@ -64,17 +64,17 @@
 Loading and Validation of Secure OS Successful
 NvTbootPackSdramParams: start. 
 NvTbootPackSdramParams: done. 
-Tegraboot started after 956631 us
-Basic modules init took 348543 us
-Sec Bootdevice Read Time = 202 ms, Read Size = 8459 KB
-Next stage binary read took 14370 us
-Carveout took 252722 us
-CPU initialization took 92332 us
-Total time taken by TegraBoot 707967 us
+Tegraboot started after 763150 us
+Basic modules init took 349357 us
+Sec Bootdevice Read Time = 203 ms, Read Size = 8459 KB
+Next stage binary read took 15402 us
+Carveout took 252726 us
+CPU initialization took 92344 us
+Total time taken by TegraBoot 709829 us
 
 Starting CPU & Halting co-processor 
 
-64b[0001.790] LPDDR4 Training: Number of tables = 10
+64b[0001.603] LPDDR4 Training: Number of tables = 10
 EMC Training (SRC-freq: 204000; DST-freq: 408000)
 EMC Training Successful
 EMC Training (SRC-freq: 204000; DST-freq: 665600)
@@ -108,7 +108,7 @@
 Tegra210 (P2371-0000) # 
 Tegra210 (P2371-0000) # ums 0 mmc 0
 UMS: disk start sector: 0x0, count: 0x1d5a000
-|/-\|/-\/-\|/-\/-\|/-\/-\|/-\/-\|/-\/-\|/-\/-\|/-\/-\|/-\/-\|/-\/-\|/-\/-\|/-\/-\|/-\/-\|/-\/-\|/-\/-\|/-\/-\|/-\/-\|/-\/-\|/-\/-\|/-\/-\|/-\/-\|/-\/-\|/-\/-\|/-\/-\|/-\/-\|/-\/-\|/-\/-\|/-\/-\|/-\/-\|/-\/-\|CTRL+C - Operation aborted
+|/-\|/-\/-\|/-\/-\|/-\/-\|/-\/-\|/-\/-\|/-\/-\|/-\/-\|/-\/-\|/-\/-\|/-\/-\|/-\/-\|/-\/-\|/-\/-\|/-\/-\|/-\/-\|/-\/-\|/-\/-\|/-\/-\|/-\/-\|/-\/-\|/-\/-\|/-\/-\|/-\/-\|/-\/-\|/-\/-\|/-\/-\|/-\/-\|/-\/-\|/-\/-\|/-\/-\|/-\/-\|/-\/-\|/-\/-\|/-\/-\|/-\/-\|/-\/-\|/-\/-\|/-\/-\|/-\/-\|/-\/-\|/-\/-\CTRL+C - Operation aborted
 Tegra210 (P2371-0000) # 
 Tegra210 (P2371-0000) # env set fdt_copy_node_names /cpus:/psci
 Tegra210 (P2371-0000) # setenv rootpart 1
@@ -119,9 +119,9 @@
 Tegra210 (P2371-0000) # load ${devtype} ${devnum}:${rootpart} ${kernel_addr_r} /boot/Image.defconfig
 13366784 bytes read in 759 ms (16.8 MiB/s)
 Tegra210 (P2371-0000) # load ${devtype} ${devnum}:${rootpart} ${fdt_addr_r} /boot/tegra210-p2371-0000.dtb
-41182 bytes read in 454 ms (87.9 KiB/s)
+41182 bytes read in 455 ms (87.9 KiB/s)
 Tegra210 (P2371-0000) # load ${devtype} ${devnum}:${rootpart} ${ramdisk_addr_r} /boot/tegra-ramdisk.img
-1627787 bytes read in 514 ms (3 MiB/s)
+1627787 bytes read in 495 ms (3.1 MiB/s)
 Tegra210 (P2371-0000) # ramdisk_size=${filesize}
 Tegra210 (P2371-0000) # booti ${kernel_addr_r} - ${fdt_addr_r}
 ## Flattened Device Tree blob at 82000000
@@ -131,7 +131,7 @@
 Starting kernel ...
 
 Booting Linux on physical CPU 0x0
-Linux version 4.7.0-rc6-next-20160707+ (pwalmsley@tamien) (gcc version 4.9.2 20140904 (prerelease) (crosstool-NG linaro-1.13.1-4.9-2014.09 - Linaro GCC 4.9-2014.09) ) #1 SMP PREEMPT Tue Jul 12 04:50:47 PDT 2016
+Linux version 4.7.0-rc6-next-20160708+ (pwalmsley@tamien) (gcc version 4.9.2 20140904 (prerelease) (crosstool-NG linaro-1.13.1-4.9-2014.09 - Linaro GCC 4.9-2014.09) ) #1 SMP PREEMPT Tue Jul 12 05:05:48 PDT 2016
 Boot CPU: AArch64 Processor [411fd071]
 debug: ignoring loglevel setting.
 earlycon: uart8250 at MMIO32 0x0000000070006000 (options '')
@@ -149,8 +149,8 @@
 psci: PSCIv0.2 detected in firmware.
 psci: Using standard PSCI v0.2 function IDs
 psci: MIGRATE_INFO_TYPE not supported.
-percpu: Embedded 20 pages/cpu @ffff8000bff50000 s42880 r8192 d30848 u81920
-pcpu-alloc: s42880 r8192 d30848 u81920 alloc=20*4096
+percpu: Embedded 21 pages/cpu @ffff8000bff4c000 s48128 r8192 d29696 u86016
+pcpu-alloc: s48128 r8192 d29696 u86016 alloc=21*4096
 pcpu-alloc: [0] 0 [0] 1 [0] 2 [0] 3 
 Detected PIPT I-cache on CPU0
 CPU features: enabling workaround for ARM erratum 832075
@@ -166,7 +166,7 @@
 Dentry cache hash table entries: 524288 (order: 10, 4194304 bytes)
 Inode-cache hash table entries: 262144 (order: 9, 2097152 bytes)
 software IO TLB [mem 0xfa000000-0xfe000000] (64MB) mapped at [ffff80007a000000-ffff80007dffffff]
-Memory: 2979604K/3131392K available (7676K kernel code, 765K rwdata, 3608K rodata, 960K init, 270K bss, 135404K reserved, 16384K cma-reserved)
+Memory: 2979588K/3131392K available (7676K kernel code, 765K rwdata, 3608K rodata, 960K init, 270K bss, 135420K reserved, 16384K cma-reserved)
 Virtual kernel memory layout:
     modules : 0xffff000000000000 - 0xffff000008000000   (   128 MB)
     vmalloc : 0xffff000008000000 - 0xffff7dffbfff0000   (129022 GB)
@@ -257,7 +257,7 @@
 RPC: Registered tcp transport module.
 RPC: Registered tcp NFSv4.1 backchannel transport module.
 PCI: CLS 0 bytes, default 128
-kvm [1]: IDMAP page: 807f6000
+kvm [1]: IDMAP page: 807f7000
 kvm [1]: HYP VA range: 800000000000:ffffffffffff
 kvm [1]: 8-bit VMID
 kvm [1]: Hyp mode initialized successfully
@@ -266,7 +266,7 @@
 kvm [1]: virtual timer IRQ4
 futex hash table entries: 1024 (order: 5, 131072 bytes)
 audit: initializing netlink subsys (disabled)
-audit: type=2000 audit(0.439:1): initialized
+audit: type=2000 audit(0.451:1): initialized
 workingset: timestamp_bits=44 max_order=20 bucket_order=0
 squashfs: version 4.0 (2009/01/31) Phillip Lougher
 NFS: Registering the id_resolver key type
Diff for ./tegra210-smaug/tegra210-smaug/defconfig_log.txt
--- /tmp/fooa	2016-07-12 05:11:13.333344086 -0700
+++ /tmp/foob	2016-07-12 05:11:13.337344087 -0700
@@ -1,4 +1,4 @@
-r [411fd071]
+]
 earlycon: uart0 at MMIO 0x0000000070006000 (options '115200n8')
 bootconsole [uart0] enabled
 efi: Getting EFI parameters from FDT:
@@ -8,7 +8,7 @@
 psci: PSCIv1.0 detected in firmware.
 psci: Using standard PSCI v0.2 function IDs
 psci: MIGRATE_INFO_UP_CPU reported invalid physical ID (0x80000000)
-percpu: Embedded 20 pages/cpu @ffff8000bff45000 s42880 r8192 d30848 u81920
+percpu: Embedded 21 pages/cpu @ffff8000bff41000 s48128 r8192 d29696 u86016
 Detected PIPT I-cache on CPU0
 CPU features: enabling workaround for ARM erratum 832075
 CPU features: enabling workaround for ARM erratum 834220
@@ -23,7 +23,7 @@
 Dentry cache hash table entries: 524288 (order: 10, 4194304 bytes)
 Inode-cache hash table entries: 262144 (order: 9, 2097152 bytes)
 software IO TLB [mem 0xf1400000-0xf5400000] (64MB) mapped at [ffff800071400000-ffff8000753fffff]
-Memory: 2833800K/2988032K available (7676K kernel code, 765K rwdata, 3608K rodata, 960K init, 270K bss, 137848K reserved, 16384K cma-reserved)
+Memory: 2833784K/2988032K available (7676K kernel code, 765K rwdata, 3608K rodata, 960K init, 270K bss, 137864K reserved, 16384K cma-reserved)
 Virtual kernel memory layout:
     modules : 0xffff000000000000 - 0xffff000008000000   (   128 MB)
     vmalloc : 0xffff000008000000 - 0xffff7dffbfff0000   (129022 GB)
@@ -60,7 +60,7 @@
  (comparison mask = 0xf8000000)
 boot misc2 0x0: expected 0xf400f0da
  (comparison mask = 0xffffffff)
-boot misc3 0xeed0: expected 0x2004f400
+boot misc3 0xf260: expected 0x2004f400
  (comparison mask = 0xffffffff)
 PLL_P already enabled. Postponing set full defaults
 PLL_X already enabled. Postponing set full defaults
@@ -73,7 +73,7 @@
 console [tty0] enabled
 bootconsole [uart0] disabled
 Booting Linux on physical CPU 0x0
-Linux version 4.7.0-rc6-next-20160707+ (pwalmsley@tamien) (gcc version 4.9.2 20140904 (prerelease) (crosstool-NG linaro-1.13.1-4.9-2014.09 - Linaro GCC 4.9-2014.09) ) #1 SMP PREEMPT Tue Jul 12 04:50:47 PDT 2016
+Linux version 4.7.0-rc6-next-20160708+ (pwalmsley@tamien) (gcc version 4.9.2 20140904 (prerelease) (crosstool-NG linaro-1.13.1-4.9-2014.09 - Linaro GCC 4.9-2014.09) ) #1 SMP PREEMPT Tue Jul 12 05:05:48 PDT 2016
 Boot CPU: AArch64 Processor [411fd071]
 earlycon: uart0 at MMIO 0x0000000070006000 (options '115200n8')
 bootconsole [uart0] enabled
@@ -84,7 +84,7 @@
 psci: PSCIv1.0 detected in firmware.
 psci: Using standard PSCI v0.2 function IDs
 psci: MIGRATE_INFO_UP_CPU reported invalid physical ID (0x80000000)
-percpu: Embedded 20 pages/cpu @ffff8000bff45000 s42880 r8192 d30848 u81920
+percpu: Embedded 21 pages/cpu @ffff8000bff41000 s48128 r8192 d29696 u86016
 Detected PIPT I-cache on CPU0
 CPU features: enabling workaround for ARM erratum 832075
 CPU features: enabling workaround for ARM erratum 834220
@@ -99,7 +99,7 @@
 Dentry cache hash table entries: 524288 (order: 10, 4194304 bytes)
 Inode-cache hash table entries: 262144 (order: 9, 2097152 bytes)
 software IO TLB [mem 0xf1400000-0xf5400000] (64MB) mapped at [ffff800071400000-ffff8000753fffff]
-Memory: 2833800K/2988032K available (7676K kernel code, 765K rwdata, 3608K rodata, 960K init, 270K bss, 137848K reserved, 16384K cma-reserved)
+Memory: 2833784K/2988032K available (7676K kernel code, 765K rwdata, 3608K rodata, 960K init, 270K bss, 137864K reserved, 16384K cma-reserved)
 Virtual kernel memory layout:
     modules : 0xffff000000000000 - 0xffff000008000000   (   128 MB)
     vmalloc : 0xffff000008000000 - 0xffff7dffbfff0000   (129022 GB)
@@ -136,7 +136,7 @@
  (comparison mask = 0xf8000000)
 boot misc2 0x0: expected 0xf400f0da
  (comparison mask = 0xffffffff)
-boot misc3 0xeed0: expected 0x2004f400
+boot misc3 0xf260: expected 0x2004f400
  (comparison mask = 0xffffffff)
 PLL_P already enabled. Postponing set full defaults
 PLL_X already enabled. Postponing set full defaults
@@ -213,7 +213,7 @@
 RPC: Registered tcp NFSv4.1 backchannel transport module.
 Unpacking initramfs...
 Freeing initrd memory: 2360K (ffff800009f68000 - ffff80000a1b6000)
-kvm [1]: IDMAP page: 807f6000
+kvm [1]: IDMAP page: 807f7000
 kvm [1]: HYP VA range: 800000000000:ffffffffffff
 kvm [1]: 8-bit VMID
 kvm [1]: Hyp mode initialized successfully
@@ -222,7 +222,7 @@
 kvm [1]: virtual timer IRQ4
 futex hash table entries: 1024 (order: 5, 131072 bytes)
 audit: initializing netlink subsys (disabled)
-audit: type=2000 audit(0.283:1): initialized
+audit: type=2000 audit(0.279:1): initialized
 workingset: timestamp_bits=44 max_order=20 bucket_order=0
 squashfs: version 4.0 (2009/01/31) Phillip Lougher
 NFS: Registering the id_resolver key type
@@ -291,9 +291,9 @@
 registered taskstats version 1
 input: gpio-keys as /devices/platform/gpio-keys/input/input0
 mmc0: new high speed MMC card at address 0001
+max77686-rtc max77620-rtc: setting system clock to 2000-04-22 17:36:37 UTC (956424997)
 mmcblk0: mmc0:0001 BGND3R 29.1 GiB 
 mmcblk0boot0: mmc0:0001 BGND3R partition 1 4.00 MiB
-max77686-rtc max77620-rtc: setting system clock to 2000-04-22 17:21:33 UTC (956424093)
 mmcblk0boot1: mmc0:0001 BGND3R partition 2 4.00 MiB
 mmcblk0rpmb: mmc0:0001 BGND3R partition 3 4.00 MiB
  mmcblk0: p1 p2 p3 p4 p5 p6 p7 p8 p9 p10 p11
Diff for ./tegra30-beaver/tegra30-beaver/multi_v7_defconfig_log.txt
--- /tmp/fooa	2016-07-12 05:11:13.341344088 -0700
+++ /tmp/foob	2016-07-12 05:11:13.345344089 -0700
@@ -38,29 +38,29 @@
 	 #################################################################
 	 #################################################################
 	 #################################################################
-	 ##########################
-	 893.6 KiB/s
+	 ###########################
+	 3.3 MiB/s
 done
-Bytes transferred = 7060800 (6bbd40 hex)
+Bytes transferred = 7067704 (6bd838 hex)
 Tegra30 (Beaver) # tftpboot 0x82000000 tegra30-beaver.dtb
 Using asx0 device
 TFTP from server 192.168.100.1; our IP address is 192.168.100.101
 Filename 'tegra30-beaver.dtb'.
 Load address: 0x82000000
 Loading: *####
-	 867.2 KiB/s
+	 3.3 MiB/s
 done
-Bytes transferred = 51511 (c937 hex)
+Bytes transferred = 51572 (c974 hex)
 Tegra30 (Beaver) # bootz 0x81000000 - 0x82000000
-Kernel image @ 0x81000000 [ 0x000000 - 0x6bbd40 ]
+Kernel image @ 0x81000000 [ 0x000000 - 0x6bd838 ]
 ## Flattened Device Tree blob at 82000000
    Booting using the fdt blob at 0x82000000
-   Loading Device Tree to 8fff0000, end 8ffff936 ... OK
+   Loading Device Tree to 8fff0000, end 8ffff973 ... OK
 
 Starting kernel ...
 
 Booting Linux on physical CPU 0x0
-Linux version 4.7.0-rc6-next-20160707-104890-gaa74f15 (pwalmsley@sellafield) (gcc version 4.7.3 20130328 (prerelease) (crosstool-NG linaro-1.13.1-4.7-2013.04-20130415 - Linaro GCC 2013.04) ) #1 SMP Tue Jul 12 04:48:19 PDT 2016
+Linux version 4.7.0-rc6-next-20160708-105290-ga379b037 (pwalmsley@sellafield) (gcc version 4.7.3 20130328 (prerelease) (crosstool-NG linaro-1.13.1-4.7-2013.04-20130415 - Linaro GCC 2013.04) ) #1 SMP Tue Jul 12 05:03:23 PDT 2016
 CPU: ARMv7 Processor [412fc099] revision 9 (ARMv7), cr=10c5387d
 CPU: PIPT / VIPT nonaliasing data cache, VIPT aliasing instruction cache
 Machine model: NVIDIA Tegra30 Beaver evaluation board
@@ -68,20 +68,20 @@
 cma: Reserved 64 MiB at 0xfb800000
 Memory policy: Data cache writealloc
 On node 0 totalpages: 524032
-free_area_init_node: node 0, pgdat c141b300, node_mem_map eeffa000
+free_area_init_node: node 0, pgdat c141b4c0, node_mem_map eeffa000
   DMA zone: 1536 pages used for memmap
   DMA zone: 0 pages reserved
   DMA zone: 196608 pages, LIFO batch:31
   HighMem zone: 327424 pages, LIFO batch:31
-percpu: Embedded 13 pages/cpu @eef91000 s23936 r8192 d21120 u53248
-pcpu-alloc: s23936 r8192 d21120 u53248 alloc=13*4096
+percpu: Embedded 14 pages/cpu @eef8d000 s26688 r8192 d22464 u57344
+pcpu-alloc: s26688 r8192 d22464 u57344 alloc=14*4096
 pcpu-alloc: [0] 0 [0] 1 [0] 2 [0] 3 
 Built 1 zonelists in Zone order, mobility grouping on.  Total pages: 522496
 Kernel command line: ignore_loglevel console=ttyS0,115200n8 rw root=PARTUUID=edbe1840-3633-c751-7993-b0ac834f81e0 rootwait gpt debug noinitrd earlyprintk init=/bin/bash
 PID hash table entries: 4096 (order: 2, 16384 bytes)
 Dentry cache hash table entries: 131072 (order: 7, 524288 bytes)
 Inode-cache hash table entries: 65536 (order: 6, 262144 bytes)
-Memory: 1995044K/2096128K available (9216K kernel code, 1140K rwdata, 3956K rodata, 2048K init, 343K bss, 35548K reserved, 65536K cma-reserved, 1244160K highmem)
+Memory: 1995028K/2096128K available (9216K kernel code, 1141K rwdata, 3960K rodata, 2048K init, 343K bss, 35564K reserved, 65536K cma-reserved, 1244160K highmem)
 Virtual kernel memory layout:
     vector  : 0xffff0000 - 0xffff1000   (   4 kB)
     fixmap  : 0xffc00000 - 0xfff00000   (3072 kB)
@@ -91,8 +91,8 @@
     modules : 0xbf000000 - 0xbfe00000   (  14 MB)
       .text : 0xc0208000 - 0xc0c00000   (10208 kB)
       .init : 0xc1100000 - 0xc1300000   (2048 kB)
-      .data : 0xc1300000 - 0xc141d380   (1141 kB)
-       .bss : 0xc141f000 - 0xc1474d60   ( 344 kB)
+      .data : 0xc1300000 - 0xc141d540   (1142 kB)
+       .bss : 0xc141f000 - 0xc1474cc8   ( 344 kB)
 SLUB: HWalign=64, Order=0-3, MinObjects=0, CPUs=4, Nodes=1
 Hierarchical RCU implementation.
 	Build-time adjustment of leaf fanout to 32.
@@ -298,12 +298,14 @@
 sys_3v3_pexs: supplied by sys_3v3,vdd_3v3_alw
 tegra-pcie 3000.pcie-controller: 2x3 configuration
 tegra-pcie 3000.pcie-controller: probing port 0, using 2 lanes
-mmc0: error -110 whilst initialising SD card
+mmc0: new ultra high speed DDR50 SDHC card at address aaaa
+mmcblk0: mmc0:aaaa SS04G 3.69 GiB 
 mmc1: new high speed MMC card at address 0001
-tegra-pcie 3000.pcie-controller: probing port 2, using 2 lanes
 mmcblk1: mmc1:0001 SEM16G 14.8 GiB 
 mmcblk1boot0: mmc1:0001 SEM16G partition 1 1.00 MiB
+tegra-pcie 3000.pcie-controller: probing port 2, using 2 lanes
 mmcblk1boot1: mmc1:0001 SEM16G partition 2 1.00 MiB
+ mmcblk0: p1 p2 p3
 mmcblk1rpmb: mmc1:0001 SEM16G partition 3 128 KiB
 Primary GPT is invalid, using alternate GPT.
  mmcblk1: p1 p2 p3 p4 p5
@@ -343,7 +345,7 @@
 pcie_pme 0000:00:01.0:pcie001: service driver pcie_pme loaded
 r8169 Gigabit Ethernet driver 2.3LK-NAPI loaded
 r8169 0000:01:00.0: enabling device (0140 -> 0143)
-r8169 0000:01:00.0 eth0: RTL8168evl/8111evl at 0xf09f2000, 02:04:4b:01:60:a6, XID 0c900800 IRQ 375
+r8169 0000:01:00.0 eth0: RTL8168evl/8111evl at 0xf09fa000, 02:04:4b:01:60:a6, XID 0c900800 IRQ 375
 r8169 0000:01:00.0 eth0: jumbo features [frames: 9200 bytes, tx checksumming: ko]
 [drm] Supports vblank timestamp caching Rev 2 (21.10.2013).
 [drm] No driver support for vblank timestamp query.
@@ -372,10 +374,9 @@
 EXT4-fs (mmcblk1p1): warning: mounting fs with errors, running e2fsck is recommended
 EXT4-fs (mmcblk1p1): recovery complete
 EXT4-fs (mmcblk1p1): mounted filesystem with ordered data mode. Opts: (null)
-VFS: Mounted root (ext3 filesystem) on device 179:1.
+VFS: Mounted root (ext3 filesystem) on device 179:17.
 devtmpfs: mounted
 Freeing unused kernel memory: 2048K (c1100000 - c1300000)
 bash: cannot set terminal process group (-1): Inappropriate ioctl for device
 bash: no job control in this shell
-usb 2-1: new high-speed USB device number 2 using tegra-ehci
-root@(none):/# 
\ No newline at end of file
+root@(none):/# [    3.868571] usb 2-1: new high-speed USB device number 2 using tegra-ehci
Diff for ./tegra30-beaver/tegra30-beaver/tegra_defconfig_log.txt
--- /tmp/fooa	2016-07-12 05:11:13.349344090 -0700
+++ /tmp/foob	2016-07-12 05:11:13.353344092 -0700
@@ -39,27 +39,27 @@
 	 ###########################################
 	 3.2 MiB/s
 done
-Bytes transferred = 5398304 (525f20 hex)
+Bytes transferred = 5400912 (526950 hex)
 Tegra30 (Beaver) # tftpboot 0x82000000 tegra30-beaver.dtb
 Using asx0 device
 TFTP from server 192.168.100.1; our IP address is 192.168.100.101
 Filename 'tegra30-beaver.dtb'.
 Load address: 0x82000000
 Loading: *####
-	 3.1 MiB/s
+	 2.7 MiB/s
 done
-Bytes transferred = 51511 (c937 hex)
+Bytes transferred = 51572 (c974 hex)
 Tegra30 (Beaver) # bootz 0x81000000 - 0x82000000
-Kernel image @ 0x81000000 [ 0x000000 - 0x525f20 ]
+Kernel image @ 0x81000000 [ 0x000000 - 0x526950 ]
 ## Flattened Device Tree blob at 82000000
    Booting using the fdt blob at 0x82000000
-   Loading Device Tree to 8fff0000, end 8ffff936 ... OK
+   Loading Device Tree to 8fff0000, end 8ffff973 ... OK
 
 Starting kernel ...
 
 Uncompressing Linux... done, booting the kernel.
 Booting Linux on physical CPU 0x0
-Linux version 4.7.0-rc6-next-20160707-104890-gaa74f15 (pwalmsley@kaivo) (gcc version 4.7.3 20130328 (prerelease) (crosstool-NG linaro-1.13.1-4.7-2013.04-20130415 - Linaro GCC 2013.04) ) #1 SMP PREEMPT Tue Jul 12 04:48:29 PDT 2016
+Linux version 4.7.0-rc6-next-20160708-105290-ga379b037 (pwalmsley@kaivo) (gcc version 4.7.3 20130328 (prerelease) (crosstool-NG linaro-1.13.1-4.7-2013.04-20130415 - Linaro GCC 2013.04) ) #1 SMP PREEMPT Tue Jul 12 05:03:33 PDT 2016
 CPU: ARMv7 Processor [412fc099] revision 9 (ARMv7), cr=10c5387d
 CPU: PIPT / VIPT nonaliasing data cache, VIPT aliasing instruction cache
 Machine model: NVIDIA Tegra30 Beaver evaluation board
@@ -68,20 +68,20 @@
 cma: Reserved 64 MiB at 0xfbc00000
 Memory policy: Data cache writealloc
 On node 0 totalpages: 524032
-free_area_init_node: node 0, pgdat c0d5b9c0, node_mem_map eeff9000
+free_area_init_node: node 0, pgdat c0d5b980, node_mem_map eeff9000
   Normal zone: 1536 pages used for memmap
   Normal zone: 0 pages reserved
   Normal zone: 196608 pages, LIFO batch:31
   HighMem zone: 327424 pages, LIFO batch:31
-percpu: Embedded 13 pages/cpu @eef90000 s24128 r8192 d20928 u53248
-pcpu-alloc: s24128 r8192 d20928 u53248 alloc=13*4096
+percpu: Embedded 14 pages/cpu @eef8c000 s26240 r8192 d22912 u57344
+pcpu-alloc: s26240 r8192 d22912 u57344 alloc=14*4096
 pcpu-alloc: [0] 0 [0] 1 [0] 2 [0] 3 
 Built 1 zonelists in Zone order, mobility grouping on.  Total pages: 522496
 Kernel command line: ignore_loglevel console=ttyS0,115200n8 rw root=PARTUUID=edbe1840-3633-c751-7993-b0ac834f81e0 rootwait gpt debug noinitrd earlyprintk init=/bin/bash
 PID hash table entries: 4096 (order: 2, 16384 bytes)
 Dentry cache hash table entries: 131072 (order: 7, 524288 bytes)
 Inode-cache hash table entries: 65536 (order: 6, 262144 bytes)
-Memory: 1999880K/2096128K available (8192K kernel code, 373K rwdata, 2436K rodata, 1024K init, 366K bss, 30712K reserved, 65536K cma-reserved, 1244160K highmem)
+Memory: 1999864K/2096128K available (8192K kernel code, 373K rwdata, 2436K rodata, 1024K init, 366K bss, 30728K reserved, 65536K cma-reserved, 1244160K highmem)
 Virtual kernel memory layout:
     vector  : 0xffff0000 - 0xffff1000   (   4 kB)
     fixmap  : 0xffc00000 - 0xfff00000   (3072 kB)
@@ -91,8 +91,8 @@
     modules : 0xbf000000 - 0xbfe00000   (  14 MB)
       .text : 0xc0008000 - 0xc0900000   (9184 kB)
       .init : 0xc0c00000 - 0xc0d00000   (1024 kB)
-      .data : 0xc0d00000 - 0xc0d5d580   ( 374 kB)
-       .bss : 0xc0d5f000 - 0xc0dbab70   ( 367 kB)
+      .data : 0xc0d00000 - 0xc0d5d540   ( 374 kB)
+       .bss : 0xc0d5f000 - 0xc0dbab60   ( 367 kB)
 Preemptible hierarchical RCU implementation.
 	Build-time adjustment of leaf fanout to 32.
 NR_IRQS:16 nr_irqs:16 16
@@ -274,7 +274,9 @@
 mmcblk1rpmb: mmc1:0001 SEM16G partition 3 128 KiB
 Primary GPT is invalid, using alternate GPT.
  mmcblk1: p1 p2 p3 p4 p5
-mmc0: error -110 whilst initialising SD card
+mmc0: new ultra high speed DDR50 SDHC card at address aaaa
+mmcblk0: mmc0:aaaa SS04G 3.69 GiB 
+ mmcblk0: p1 p2 p3
 tegra30-i2s 70080400.i2s: DMA channels sourced from device 70080000.ahub
 tegra-snd-rt5640 sound: rt5640-aif1 <-> 70080400.i2s mapping ok
 input: NVIDIA Tegra Beaver Headphones as /devices/soc0/sound/sound/card0/input0
