[    0.000000] Booting Linux on physical CPU 0x0
[    0.000000] Linux version 4.10.0-rc3-next-20170113-170032-g41ca03c (pwalmsley@tamien) (gcc version 4.9.2 20140904 (prerelease) (crosstool-NG linaro-1.13.1-4.9-2014.09 - Linaro GCC 4.9-2014.09) ) #1 SMP PREEMPT Fri Jan 13 01:36:22 PST 2017
[    0.000000] Boot CPU: AArch64 Processor [411fd070]
[    0.000000] Memory limited to 1024MB
[    0.000000] efi: Getting EFI parameters from FDT:
[    0.000000] efi: UEFI not found.
[    0.000000] cma: Reserved 16 MiB at 0x000000007f000000
[    0.000000] psci: probing for conduit method from DT.
[    0.000000] psci: PSCIv0.2 detected in firmware.
[    0.000000] psci: Using standard PSCI v0.2 function IDs
[    0.000000] psci: Trusted OS migration not required
[    0.000000] percpu: Embedded 23 pages/cpu @ffff80003efd3000 s56576 r8192 d29440 u94208
[    0.000000] Detected PIPT I-cache on CPU0
[    0.000000] CPU features: enabling workaround for ARM erratum 832075
[    0.000000] CPU features: enabling workaround for ARM erratum 834220
[    0.000000] Built 1 zonelists in Zone order, mobility grouping on.  Total pages: 258048
[    0.000000] Kernel command line: root=/dev/vda2 rw rootwait mem=1024M console=ttyAMA0,38400n8 init=/bin/bash
[    0.000000] PID hash table entries: 4096 (order: 3, 32768 bytes)
[    0.000000] Dentry cache hash table entries: 131072 (order: 8, 1048576 bytes)
[    0.000000] Inode-cache hash table entries: 65536 (order: 7, 524288 bytes)
[    0.000000] Memory: 998864K/1048576K available (8508K kernel code, 956K rwdata, 4140K rodata, 1088K init, 389K bss, 33328K reserved, 16384K cma-reserved)
[    0.000000] Virtual kernel memory layout:
[    0.000000]     modules : 0xffff000000000000 - 0xffff000008000000   (   128 MB)
[    0.000000]     vmalloc : 0xffff000008000000 - 0xffff7dffbfff0000   (129022 GB)
[    0.000000]       .text : 0xffff000008080000 - 0xffff0000088d0000   (  8512 KB)
[    0.000000]     .rodata : 0xffff0000088d0000 - 0xffff000008ce0000   (  4160 KB)
[    0.000000]       .init : 0xffff000008ce0000 - 0xffff000008df0000   (  1088 KB)
[    0.000000]       .data : 0xffff000008df0000 - 0xffff000008edf200   (   957 KB)
[    0.000000]        .bss : 0xffff000008edf200 - 0xffff000008f407b0   (   390 KB)
[    0.000000]     fixed   : 0xffff7dfffe7fd000 - 0xffff7dfffec00000   (  4108 KB)
[    0.000000]     PCI I/O : 0xffff7dfffee00000 - 0xffff7dffffe00000   (    16 MB)
[    0.000000]     vmemmap : 0xffff7e0000000000 - 0xffff800000000000   (  2048 GB maximum)
[    0.000000]               0xffff7e0000000000 - 0xffff7e0001000000   (    16 MB actual)
[    0.000000]     memory  : 0xffff800000000000 - 0xffff800040000000   (  1024 MB)
[    0.000000] SLUB: HWalign=64, Order=0-3, MinObjects=0, CPUs=1, Nodes=1
[    0.000000] Preemptible hierarchical RCU implementation.
[    0.000000] 	Build-time adjustment of leaf fanout to 64.
[    0.000000] 	RCU restricting CPUs from NR_CPUS=64 to nr_cpu_ids=1.
[    0.000000] RCU: Adjusting geometry for rcu_fanout_leaf=64, nr_cpu_ids=1
[    0.000000] NR_IRQS:64 nr_irqs:64 0
[    0.000000] GICv2m: range[mem 0x08020000-0x08020fff], SPI[80:143]
[    0.000000] arm_arch_timer: WARNING: Invalid trigger for IRQ3, assuming level low
[    0.000000] arm_arch_timer: WARNING: Please fix your firmware
[    0.000000] arm_arch_timer: Architected cp15 timer(s) running at 62.50MHz (virt).
[    0.000000] clocksource: arch_sys_counter: mask: 0xffffffffffffff max_cycles: 0x1cd42e208c, max_idle_ns: 881590405314 ns
[    0.000173] sched_clock: 56 bits at 62MHz, resolution 16ns, wraps every 4398046511096ns
[    0.007099] Console: colour dummy device 80x25
[    0.007924] Calibrating delay loop (skipped), value calculated using timer frequency.. 125.00 BogoMIPS (lpj=250000)
[    0.008106] pid_max: default: 32768 minimum: 301
[    0.009169] Security Framework initialized
[    0.009718] Mount-cache hash table entries: 2048 (order: 2, 16384 bytes)
[    0.009770] Mountpoint-cache hash table entries: 2048 (order: 2, 16384 bytes)
[    0.049437] ASID allocator initialised with 65536 entries
[    0.075886] EFI services will not be available.
[    0.081079] smp: Bringing up secondary CPUs ...
[    0.081249] smp: Brought up 1 node, 1 CPU
[    0.081329] SMP: Total of 1 processors activated.
[    0.081500] CPU features: detected feature: 32-bit EL0 Support
[    0.082394] CPU: All CPU(s) started at EL1
[    0.083503] alternatives: patching kernel code
[    0.109140] devtmpfs: initialized
[    0.130954] DMI not present or invalid.
[    0.138049] clocksource: jiffies: mask: 0xffffffff max_cycles: 0xffffffff, max_idle_ns: 7645041785100000 ns
[    0.141600] pinctrl core: initialized pinctrl subsystem
[    0.181665] NET: Registered protocol family 16
[    0.203143] cpuidle: using governor menu
[    0.205618] vdso: 2 pages (1 code @ ffff0000088d7000, 1 data @ ffff000008df5000)
[    0.205892] hw-breakpoint: found 6 breakpoint and 4 watchpoint registers.
[    0.213465] DMA: preallocated 256 KiB pool for atomic allocations
[    0.218225] Serial: AMBA PL011 UART driver
[    0.289784] 9000000.pl011: ttyAMA0 at MMIO 0x9000000 (irq = 39, base_baud = 0) is a PL011 rev1
[    0.313009] console [ttyAMA0] enabled
[    0.319889] irq: type mismatch, failed to map hwirq-27 for /intc!
[    0.489878] HugeTLB registered 2 MB page size, pre-allocated 0 pages
[    0.509901] ACPI: Interpreter disabled.
[    0.524750] vgaarb: loaded
[    0.528557] SCSI subsystem initialized
[    0.539179] usbcore: registered new interface driver usbfs
[    0.540343] usbcore: registered new interface driver hub
[    0.541138] usbcore: registered new device driver usb
[    0.548660] pps_core: LinuxPPS API ver. 1 registered
[    0.548911] pps_core: Software ver. 5.3.6 - Copyright 2005-2007 Rodolfo Giometti <giometti@linux.it>
[    0.549952] PTP clock support registered
[    0.553230] dmi: Firmware registration failed.
[    0.555955] Advanced Linux Sound Architecture Driver Initialized.
[    0.573123] clocksource: Switched to clocksource arch_sys_counter
[    0.574450] VFS: Disk quotas dquot_6.6.0
[    0.574930] VFS: Dquot-cache hash table entries: 512 (order 0, 4096 bytes)
[    0.580190] pnp: PnP ACPI: disabled
[    0.666262] NET: Registered protocol family 2
[    0.673643] TCP established hash table entries: 8192 (order: 4, 65536 bytes)
[    0.674320] TCP bind hash table entries: 8192 (order: 5, 131072 bytes)
[    0.675033] TCP: Hash tables configured (established 8192 bind 8192)
[    0.676689] UDP hash table entries: 512 (order: 2, 16384 bytes)
[    0.677504] UDP-Lite hash table entries: 512 (order: 2, 16384 bytes)
[    0.679420] NET: Registered protocol family 1
[    0.693564] RPC: Registered named UNIX socket transport module.
[    0.693958] RPC: Registered udp transport module.
[    0.694232] RPC: Registered tcp transport module.
[    0.694470] RPC: Registered tcp NFSv4.1 backchannel transport module.
[    0.702661] kvm [1]: HYP mode not available
[    0.726254] futex hash table entries: 256 (order: 3, 32768 bytes)
[    0.727375] audit: initializing netlink subsys (disabled)
[    0.730821] audit: type=2000 audit(0.692:1): state=initialized audit_enabled=0 res=1
[    0.740036] workingset: timestamp_bits=46 max_order=18 bucket_order=0
[    0.827825] squashfs: version 4.0 (2009/01/31) Phillip Lougher
[    0.844479] NFS: Registering the id_resolver key type
[    0.846113] Key type id_resolver registered
[    0.846376] Key type id_legacy registered
[    0.846729] nfs4filelayout_init: NFSv4 File Layout Driver Registering...
[    0.848562] 9p: Installing v9fs 9p2000 file system support
[    0.866045] Block layer SCSI generic (bsg) driver version 0.4 loaded (major 247)
[    0.866539] io scheduler noop registered
[    0.868103] io scheduler cfq registered (default)
[    0.907413] pl061_gpio 9030000.pl061: PL061 GPIO chip @0x0000000009030000 registered
[    0.919886] OF: PCI: host bridge /pcie@10000000 ranges:
[    0.920638] OF: PCI:    IO 0x3eff0000..0x3effffff -> 0x00000000
[    0.922144] OF: PCI:   MEM 0x10000000..0x3efeffff -> 0x10000000
[    0.922497] OF: PCI:   MEM 0x8000000000..0xffffffffff -> 0x8000000000
[    0.923501] pci-host-generic 3f000000.pcie: ECAM at [mem 0x3f000000-0x3fffffff] for [bus 00-0f]
[    0.926140] pci-host-generic 3f000000.pcie: PCI host bridge to bus 0000:00
[    0.926700] pci_bus 0000:00: root bus resource [bus 00-0f]
[    0.927061] pci_bus 0000:00: root bus resource [io  0x0000-0xffff]
[    0.927366] pci_bus 0000:00: root bus resource [mem 0x10000000-0x3efeffff]
[    0.927693] pci_bus 0000:00: root bus resource [mem 0x8000000000-0xffffffffff]
[    0.994702] xenfs: not registering filesystem on non-xen platform
[    1.040749] Serial: 8250/16550 driver, 4 ports, IRQ sharing enabled
[    1.058826] SuperH (H)SCI(F) driver initialized
[    1.062890] msm_serial: driver initialized
[    1.068125] cacheinfo: Unable to detect cache hierarchy for CPU 0
[    1.124449] loop: module loaded
[    1.166700]  vda: vda1 vda2
[    1.182970] hisi_sas: driver version v1.6
[    1.215188] libphy: Fixed MDIO Bus: probed
[    1.220072] tun: Universal TUN/TAP device driver, 1.6
[    1.220369] tun: (C) 1999-2004 Max Krasnyansky <maxk@qualcomm.com>
[    1.243162] e1000e: Intel(R) PRO/1000 Network Driver - 3.2.6-k
[    1.243492] e1000e: Copyright(c) 1999 - 2015 Intel Corporation.
[    1.244763] igb: Intel(R) Gigabit Ethernet Network Driver - version 5.4.0-k
[    1.245852] igb: Copyright (c) 2007-2014 Intel Corporation.
[    1.246636] igbvf: Intel(R) Gigabit Virtual Function Network Driver - version 2.4.0-k
[    1.247034] igbvf: Copyright (c) 2009 - 2012 Intel Corporation.
[    1.247780] sky2: driver version 1.30
[    1.254388] VFIO - User Level meta-driver version: 0.3
[    1.271709] ehci_hcd: USB 2.0 'Enhanced' Host Controller (EHCI) Driver
[    1.272100] ehci-pci: EHCI PCI platform driver
[    1.272880] ehci-platform: EHCI generic platform driver
[    1.275347] ehci-exynos: EHCI EXYNOS driver
[    1.276462] ehci-msm: Qualcomm On-Chip EHCI Host Controller
[    1.278383] ohci_hcd: USB 1.1 'Open' Host Controller (OHCI) Driver
[    1.278819] ohci-pci: OHCI PCI platform driver
[    1.279845] ohci-platform: OHCI generic platform driver
[    1.281973] ohci-exynos: OHCI EXYNOS driver
[    1.287072] usbcore: registered new interface driver usb-storage
[    1.300046] mousedev: PS/2 mouse device common for all mice
[    1.311934] rtc-pl031 9010000.pl031: rtc core: registered pl031 as rtc0
[    1.319226] i2c /dev entries driver
[    1.352911] sdhci: Secure Digital Host Controller Interface driver
[    1.353755] sdhci: Copyright(c) Pierre Ossman
[    1.357765] Synopsys Designware Multimedia Card Interface Driver
[    1.365800] sdhci-pltfm: SDHCI platform and OF driver helper
[    1.375168] ledtrig-cpu: registered to indicate activity on CPUs
[    1.398238] usbcore: registered new interface driver usbhid
[    1.398569] usbhid: USB HID core driver
[    1.424731] NET: Registered protocol family 17
[    1.427051] 9pnet: Installing 9P2000 support
[    1.427902] Key type dns_resolver registered
[    1.433792] registered taskstats version 1
[    1.443484] input: gpio-keys as /devices/platform/gpio-keys/input/input0
[    1.447420] rtc-pl031 9010000.pl031: setting system clock to 2017-01-13 09:37:03 UTC (1484300223)
[    1.448734] ALSA device list:
[    1.449941]   No soundcards found.
[    1.453643] uart-pl011 9000000.pl011: no DMA platform data
[    1.460025] EXT4-fs (vda2): couldn't mount as ext3 due to feature incompatibilities
[    1.513380] EXT4-fs (vda2): recovery complete
[    1.514152] EXT4-fs (vda2): mounted filesystem with ordered data mode. Opts: (null)
[    1.514782] VFS: Mounted root (ext4 filesystem) on device 254:2.
[    1.518651] devtmpfs: mounted
[    1.561666] Freeing unused kernel memory: 1088K
bash: cannot set terminal process group (-1): Inappropriate ioctl for device
bash: no job control in this shell
bash-4.3# 