
U-Boot SPL 2014.01-00219-gc4d376f (Feb 18 2014 - 19:57:32)


U-Boot 2014.01-00219-gc4d376f (Feb 18 2014 - 19:57:32)

TEGRA114
Board: NVIDIA Dalmore
I2C:   ready
DRAM:  2 GiB
MMC:   Tegra SD/MMC: 0, Tegra SD/MMC: 1
In:    serial
Out:   serial
Err:   serial
Net:   Net Initialization Skipped
No ethernet found.
Hit any key to stop autoboot:  2  0 
Tegra114 (Dalmore) # 
Tegra114 (Dalmore) # usb reset
(Re)start USB...
USB0:   USB EHCI 1.10
scanning bus 0 for devices... 2 USB Device(s) found
       scanning usb for storage devices... 0 Storage Device(s) found
       scanning usb for ethernet devices... 
Warning: asx0 using MAC address from net device
1 Ethernet Device(s) found
Tegra114 (Dalmore) # setenv bootargs 'ignore_loglevel console=ttyS0,115200n8 rw root=PARTUUID=7369c667-ff51-ec4a-29cd-baabf2fbe346 rootwait gpt debug earlyprintk init=/bin/bash'
Tegra114 (Dalmore) # setenv ipaddr 192.168.100.100; setenv serverip 192.168.100.1; setenv tftpserverip 192.168.100.1
Tegra114 (Dalmore) # tftpboot 0x81000000 zImage.multi_v7_defconfig
Using asx0 device
TFTP from server 192.168.100.1; our IP address is 192.168.100.100
Filename 'zImage.multi_v7_defconfig'.
Load address: 0x81000000
Loading: *#################################################################
	 #################################################################
	 #################################################################
	 #################################################################
	 #################################################################
	 #################################################################
	 #################################################################
	 ###########################################################
	 2.8 MiB/s
done
Bytes transferred = 7543920 (731c70 hex)
Tegra114 (Dalmore) # tftpboot 0x82000000 tegra114-dalmore.dtb
Using asx0 device
TFTP from server 192.168.100.1; our IP address is 192.168.100.100
Filename 'tegra114-dalmore.dtb'.
Load address: 0x82000000
Loading: *###
	 2.6 MiB/s
done
Bytes transferred = 35044 (88e4 hex)
Tegra114 (Dalmore) # bootz 0x81000000 - 0x82000000
Kernel image @ 0x81000000 [ 0x000000 - 0x731c70 ]
## Flattened Device Tree blob at 82000000
   Booting using the fdt blob at 0x82000000
   Loading Device Tree to 8fff4000, end 8ffff8e3 ... OK

Starting kernel ...

[    0.000000] Booting Linux on physical CPU 0x0
[    0.000000] Linux version 4.10.0-next-20170224-154805-g3e73502 (pwalmsley@sellafield) (gcc version 4.7.3 20130328 (prerelease) (crosstool-NG linaro-1.13.1-4.7-2013.04-20130415 - Linaro GCC 2013.04) ) #1 SMP Thu Feb 23 19:05:11 PST 2017
[    0.000000] CPU: ARMv7 Processor [412fc0f2] revision 2 (ARMv7), cr=10c5387d
[    0.000000] CPU: div instructions available: patching division code
[    0.000000] CPU: PIPT / VIPT nonaliasing data cache, PIPT instruction cache
[    0.000000] OF: fdt: Machine model: NVIDIA Tegra114 Dalmore evaluation board
[    0.000000] debug: ignoring loglevel setting.
[    0.000000] efi: Getting EFI parameters from FDT:
[    0.000000] efi: UEFI not found.
[    0.000000] cma: Reserved 64 MiB at 0xfb800000
[    0.000000] Memory policy: Data cache writealloc
[    0.000000] On node 0 totalpages: 524032
[    0.000000] free_area_init_node: node 0, pgdat c15384c0, node_mem_map eeff8000
[    0.000000]   DMA zone: 1536 pages used for memmap
[    0.000000]   DMA zone: 0 pages reserved
[    0.000000]   DMA zone: 196608 pages, LIFO batch:31
[    0.000000]   HighMem zone: 327424 pages, LIFO batch:31
[    0.000000] percpu: Embedded 16 pages/cpu @eef9c000 s34432 r8192 d22912 u65536
[    0.000000] pcpu-alloc: s34432 r8192 d22912 u65536 alloc=16*4096
[    0.000000] pcpu-alloc: [0] 0 [0] 1 [0] 2 [0] 3 
[    0.000000] Built 1 zonelists in Zone order, mobility grouping on.  Total pages: 522496
[    0.000000] Kernel command line: ignore_loglevel console=ttyS0,115200n8 rw root=PARTUUID=7369c667-ff51-ec4a-29cd-baabf2fbe346 rootwait gpt debug earlyprintk init=/bin/bash
[    0.000000] PID hash table entries: 4096 (order: 2, 16384 bytes)
[    0.000000] Dentry cache hash table entries: 131072 (order: 7, 524288 bytes)
[    0.000000] Inode-cache hash table entries: 65536 (order: 6, 262144 bytes)
[    0.000000] Memory: 1993772K/2096128K available (10240K kernel code, 1255K rwdata, 4212K rodata, 2048K init, 536K bss, 36820K reserved, 65536K cma-reserved, 1244160K highmem)
[    0.000000] Virtual kernel memory layout:
[    0.000000]     vector  : 0xffff0000 - 0xffff1000   (   4 kB)
[    0.000000]     fixmap  : 0xffc00000 - 0xfff00000   (3072 kB)
[    0.000000]     vmalloc : 0xf0800000 - 0xff800000   ( 240 MB)
[    0.000000]     lowmem  : 0xc0000000 - 0xf0000000   ( 768 MB)
[    0.000000]     pkmap   : 0xbfe00000 - 0xc0000000   (   2 MB)
[    0.000000]     modules : 0xbf000000 - 0xbfe00000   (  14 MB)
[    0.000000]       .text : 0xc0208000 - 0xc0d00000   (11232 kB)
[    0.000000]       .init : 0xc1200000 - 0xc1400000   (2048 kB)
[    0.000000]       .data : 0xc1400000 - 0xc1539de0   (1256 kB)
[    0.000000]        .bss : 0xc153b000 - 0xc15c12b8   ( 537 kB)
[    0.000000] SLUB: HWalign=64, Order=0-3, MinObjects=0, CPUs=4, Nodes=1
[    0.000000] Hierarchical RCU implementation.
[    0.000000] 	RCU debugfs-based tracing is enabled.
[    0.000000] 	Build-time adjustment of leaf fanout to 32.
[    0.000000] 	RCU restricting CPUs from NR_CPUS=16 to nr_cpu_ids=4.
[    0.000000] RCU: Adjusting geometry for rcu_fanout_leaf=32, nr_cpu_ids=4
[    0.000000] NR_IRQS:16 nr_irqs:16 16
[    0.000000] /interrupt-controller@60004000: 160 interrupts forwarded to /interrupt-controller@50041000
[    0.000000] Tegra clk 127: register failed with -17
[    0.000008] sched_clock: 32 bits at 1000kHz, resolution 1000ns, wraps every 2147483647500ns
[    0.000028] clocksource: timer_us: mask: 0xffffffff max_cycles: 0xffffffff, max_idle_ns: 1911260446275 ns
[    0.000044] Switching to timer-based delay loop, resolution 1000ns
[    0.003187] arm_arch_timer: Architected cp15 timer(s) running at 12.00MHz (virt).
[    0.003207] clocksource: arch_sys_counter: mask: 0xffffffffffffff max_cycles: 0x2c47f4ee7, max_idle_ns: 440795202497 ns
[    0.003227] sched_clock: 56 bits at 12MHz, resolution 83ns, wraps every 4398046511096ns
[    0.003241] Switching to timer-based delay loop, resolution 83ns
[    0.003629] Console: colour dummy device 80x30
[    0.003659] Calibrating delay loop (skipped), value calculated using timer frequency.. 24.00 BogoMIPS (lpj=120000)
[    0.003677] pid_max: default: 32768 minimum: 301
[    0.003782] Mount-cache hash table entries: 2048 (order: 1, 8192 bytes)
[    0.003795] Mountpoint-cache hash table entries: 2048 (order: 1, 8192 bytes)
[    0.004286] CPU: Testing write buffer coherency: ok
[    0.004520] /cpus/cpu@0 missing clock-frequency property
[    0.004551] /cpus/cpu@1 missing clock-frequency property
[    0.004581] /cpus/cpu@2 missing clock-frequency property
[    0.004613] /cpus/cpu@3 missing clock-frequency property
[    0.004627] CPU0: thread -1, cpu 0, socket 0, mpidr 80000000
[    0.004831] Setting up static identity map for 0x80300000 - 0x80300098
[    0.007349] Tegra Revision: A01 SKU: 0 CPU Process: 1 SoC Process: 0
[    0.007891] EFI services will not be available.
[    0.008140] smp: Bringing up secondary CPUs ...
[    0.008666] CPU1: thread -1, cpu 1, socket 0, mpidr 80000001
[    0.009270] CPU2: thread -1, cpu 2, socket 0, mpidr 80000002
[    0.009853] CPU3: thread -1, cpu 3, socket 0, mpidr 80000003
[    0.009940] smp: Brought up 1 node, 4 CPUs
[    0.009963] SMP: Total of 4 processors activated (96.00 BogoMIPS).
[    0.009972] CPU: All CPU(s) started in SVC mode.
[    0.011441] devtmpfs: initialized
[    0.020635] VFP support v0.3: implementor 41 architecture 4 part 30 variant f rev 0
[    0.020976] clocksource: jiffies: mask: 0xffffffff max_cycles: 0xffffffff, max_idle_ns: 19112604462750000 ns
[    0.020994] futex hash table entries: 1024 (order: 4, 65536 bytes)
[    0.022422] pinctrl core: initialized pinctrl subsystem
[    0.024190] NET: Registered protocol family 16
[    0.026389] DMA: preallocated 256 KiB pool for atomic coherent allocations
[    0.028589] cpuidle: using governor menu
[    0.052027] No ATAGs?
[    0.052155] hw-breakpoint: found 5 (+1 reserved) breakpoint and 4 watchpoint registers.
[    0.052171] hw-breakpoint: maximum watchpoint size is 8 bytes.
[    0.057106] Serial: AMBA PL011 UART driver
[    0.057818] tegra-mc 70019000.memory-controller: no memory timings for RAM code 3 registered
[    0.072368] AT91: Could not find identification node
[    0.072833] dvdd_ts: Failed to request enable GPIO61: -517
[    0.072854] reg-fixed-voltage regulators:regulator@1: Failed to register regulator: -517
[    0.072950] usb1_vbus: Failed to request enable GPIO108: -517
[    0.072965] reg-fixed-voltage regulators:regulator@3: Failed to register regulator: -517
[    0.073057] usb2_vbus: Failed to request enable GPIO86: -517
[    0.073072] reg-fixed-voltage regulators:regulator@4: Failed to register regulator: -517
[    0.073496] VDD_5V0_HDMI_CON: Failed to request enable GPIO81: -517
[    0.073512] reg-fixed-voltage regulators:regulator@7: Failed to register regulator: -517
[    0.076038] vgaarb: loaded
[    0.076769] SCSI subsystem initialized
[    0.076935] libata version 3.00 loaded.
[    0.077154] usbcore: registered new interface driver usbfs
[    0.077207] usbcore: registered new interface driver hub
[    0.077278] usbcore: registered new device driver usb
[    0.080417] tps65090 2-0048: No cache defaults, reading back from HW
[    0.082298] TPS65090_RAILSDCDC1: supplied by vdd_ac_bat
[    0.083364] TPS65090_RAILSDCDC2: supplied by vdd_ac_bat
[    0.084430] TPS65090_RAILSDCDC3: supplied by vdd_ac_bat
[    0.084948] TPS65090_RAILSFET1: supplied by vdd_ac_bat
[    0.085321] TPS65090_RAILSFET2: supplied by vdd_ac_bat
[    0.085680] TPS65090_RAILSFET3: supplied by vdd-sys-3v3
[    0.086198] TPS65090_RAILSFET4: supplied by vdd-sys-3v3
[    0.086723] TPS65090_RAILSFET5: supplied by vdd-sys-3v3
[    0.087241] TPS65090_RAILSFET6: supplied by vdd-sys-3v3
[    0.088076] TPS65090_RAILSFET7: supplied by vdd-sys-3v3
[    0.088611] TPS65090_RAILSLDO1: supplied by vdd_ac_bat
[    0.088816] TPS65090_RAILSLDO2: supplied by vdd_ac_bat
[    0.089711] palmas 2-0058: Irq flag is 0x00000004
[    0.091660] palmas 2-0058: Muxing GPIO ff, PWM 0, LED 0
[    0.094091] SMPS12: supplied by vdd-ao
[    0.095102] vdd_hdmi_5v0: supplied by vdd-sys-5v0
[    0.095908] SMPS3: supplied by vdd-ao
[    0.097628] SMPS457: supplied by vdd-sys-3v3
[    0.100477] SMPS8: supplied by vdd-sys-3v3
[    0.101547] random: fast init done
[    0.102081] SMPS9: supplied by vdd-sys-3v3
[    0.102599] sdhci-vdd-sd-slot: Bringing 2840000uV into 2800000-2800000uV
[    0.105394] LDO1: supplied by vdd-sys-3v3
[    0.106563] LDO2: supplied by vdd-sys-3v3
[    0.107743] LDO3: supplied by vddio-1v8
[    0.108909] LDO4: supplied by vdd-sys-3v3
[    0.110089] LDO5: supplied by vdd_ac_bat
[    0.110827] LDO6: supplied by vdd-sys-3v3
[    0.111335] vdd-sensor-2v85: Bringing 2900000uV into 2850000-2850000uV
[    0.112735] LDO7: supplied by vdd-sys-3v3
[    0.114459] LDO8: supplied by vdd-ao
[    0.114970] vdd-rtc: Bringing 675000uV into 900000-900000uV
[    0.123957] LDO9: supplied by sdhci-vdd-sd-slot
[    0.134290] LDOLN: supplied by vdd-sys-5v0
[    0.135467] LDOUSB: supplied by vdd-sys-5v0
[    0.146942] pps_core: LinuxPPS API ver. 1 registered
[    0.146953] pps_core: Software ver. 5.3.6 - Copyright 2005-2007 Rodolfo Giometti <giometti@linux.it>
[    0.146976] PTP clock support registered
[    0.147153] EDAC MC: Ver: 3.0.0
[    0.149268] clocksource: Switched to clocksource arch_sys_counter
[    0.158399] NET: Registered protocol family 2
[    0.158899] TCP established hash table entries: 8192 (order: 3, 32768 bytes)
[    0.158999] TCP bind hash table entries: 8192 (order: 4, 65536 bytes)
[    0.159187] TCP: Hash tables configured (established 8192 bind 8192)
[    0.159296] UDP hash table entries: 512 (order: 2, 16384 bytes)
[    0.159341] UDP-Lite hash table entries: 512 (order: 2, 16384 bytes)
[    0.159491] NET: Registered protocol family 1
[    0.159797] RPC: Registered named UNIX socket transport module.
[    0.159808] RPC: Registered udp transport module.
[    0.159817] RPC: Registered tcp transport module.
[    0.159826] RPC: Registered tcp NFSv4.1 backchannel transport module.
[    0.159840] PCI: CLS 0 bytes, default 64
[    0.162247] workingset: timestamp_bits=30 max_order=19 bucket_order=0
[    0.170942] squashfs: version 4.0 (2009/01/31) Phillip Lougher
[    0.171669] NFS: Registering the id_resolver key type
[    0.171698] Key type id_resolver registered
[    0.171707] Key type id_legacy registered
[    0.171750] ntfs: driver 2.1.32 [Flags: R/O].
[    0.173303] bounce: pool size: 64 pages
[    0.173346] Block layer SCSI generic (bsg) driver version 0.4 loaded (major 248)
[    0.173358] io scheduler noop registered
[    0.173368] io scheduler deadline registered
[    0.173540] io scheduler cfq registered (default)
[    0.173550] io scheduler mq-deadline registered
[    0.202621] tegra-apbdma 6000a000.dma: Tegra20 APB DMA driver register 32 channels
[    0.204394] tegra-pmc 7000e400.pmc: i2c-thermtrip node not found, emergency thermal reset disabled.
[    0.261683] Serial: 8250/16550 driver, 4 ports, IRQ sharing disabled
[    0.264315] console [ttyS0] disabled
[    0.264352] 70006300.serial: ttyS0 at MMIO 0x70006300 (irq = 329, base_baud = 25500000) is a Tegra
[    1.251336] console [ttyS0] enabled
[    1.255539] SuperH (H)SCI(F) driver initialized
[    1.260954] msm_serial: driver initialized
[    1.265210] STMicroelectronics ASC driver initialized
[    1.276536] tegra-hdmi 54280000.hdmi: failed to get HDMI regulator
[    1.300451] brd: module loaded
[    1.310343] loop: module loaded
[    1.329476] m25p80 spi32766.0: w25q32dw (4096 Kbytes)
[    1.337385] libphy: Fixed MDIO Bus: probed
[    1.342602] CAN device driver interface
[    1.347213] bgmac_bcma: Broadcom 47xx GBit MAC driver loaded
[    1.354054] e1000e: Intel(R) PRO/1000 Network Driver - 3.2.6-k
[    1.359892] e1000e: Copyright(c) 1999 - 2015 Intel Corporation.
[    1.365855] igb: Intel(R) Gigabit Ethernet Network Driver - version 5.4.0-k
[    1.372821] igb: Copyright (c) 2007-2014 Intel Corporation.
[    1.381466] pegasus: v0.9.3 (2013/04/25), Pegasus/Pegasus II USB Ethernet driver
[    1.388896] usbcore: registered new interface driver pegasus
[    1.394613] usbcore: registered new interface driver asix
[    1.400050] usbcore: registered new interface driver ax88179_178a
[    1.406167] usbcore: registered new interface driver cdc_ether
[    1.412059] usbcore: registered new interface driver smsc75xx
[    1.417845] usbcore: registered new interface driver smsc95xx
[    1.423629] usbcore: registered new interface driver net1080
[    1.429329] usbcore: registered new interface driver cdc_subset
[    1.435270] usbcore: registered new interface driver zaurus
[    1.440900] usbcore: registered new interface driver cdc_ncm
[    1.448341] ehci_hcd: USB 2.0 'Enhanced' Host Controller (EHCI) Driver
[    1.454881] ehci-pci: EHCI PCI platform driver
[    1.459373] ehci-platform: EHCI generic platform driver
[    1.464766] ehci-orion: EHCI orion driver
[    1.468889] SPEAr-ehci: EHCI SPEAr driver
[    1.473035] ehci-st: EHCI STMicroelectronics driver
[    1.478028] ehci-exynos: EHCI EXYNOS driver
[    1.482358] ehci-atmel: EHCI Atmel driver
[    1.486481] tegra-ehci: Tegra EHCI driver
[    1.490785] ohci_hcd: USB 1.1 'Open' Host Controller (OHCI) Driver
[    1.496965] ohci-pci: OHCI PCI platform driver
[    1.501457] ohci-platform: OHCI generic platform driver
[    1.506817] ohci-omap3: OHCI OMAP3 driver
[    1.510959] SPEAr-ohci: OHCI SPEAr driver
[    1.515085] ohci-st: OHCI STMicroelectronics driver
[    1.520093] ohci-atmel: OHCI Atmel driver
[    1.524753] usbcore: registered new interface driver usb-storage
[    1.536116] palmas-rtc 7000d000.i2c:tps65913@58:rtc: rtc core: registered 7000d000.i2c:tps659 as rtc0
[    1.547131] tegra_rtc 7000e000.rtc: rtc core: registered 7000e000.rtc as rtc1
[    1.554315] tegra_rtc 7000e000.rtc: Tegra internal Real Time Clock
[    1.560985] i2c /dev entries driver
[    1.570585] sbs-battery 0-000b: sbs_probe: Failed to get device status
[    1.577118] sbs-battery: probe of 0-000b failed with error -121
[    1.592987] sdhci: Secure Digital Host Controller Interface driver
[    1.599158] sdhci: Copyright(c) Pierre Ossman
[    1.604895] Synopsys Designware Multimedia Card Interface Driver
[    1.611898] sdhci-pltfm: SDHCI platform and OF driver helper
[    1.618207] sdhci-tegra 78000400.sdhci: Got CD GPIO
[    1.623122] sdhci-tegra 78000400.sdhci: Got WP GPIO
[    1.629198] mmc0: Invalid maximum block size, assuming 512 bytes
[    1.699401] mmc0: SDHCI controller on 78000400.sdhci [78000400.sdhci] using ADMA
[    1.707067] mmc1: Invalid maximum block size, assuming 512 bytes
[    1.779289] mmc1: SDHCI controller on 78000600.sdhci [78000600.sdhci] using ADMA
[    1.788368] ledtrig-cpu: registered to indicate activity on CPUs
[    1.796742] usbcore: registered new interface driver usbhid
[    1.804355] usbhid: USB HID core driver
[    1.816002] NET: Registered protocol family 10
[    1.825306] Segment Routing with IPv6
[    1.831080] sit: IPv6, IPv4 and MPLS over IPv4 tunneling driver
[    1.837601] NET: Registered protocol family 17
[    1.842068] can: controller area network core (rev 20120528 abi 9)
[    1.848428] NET: Registered protocol family 29
[    1.852886] can: raw protocol (rev 20120528)
[    1.857151] can: broadcast manager protocol (rev 20161123 t)
[    1.862820] can: netlink gateway (rev 20130117) max_hops=1
[    1.868607] Key type dns_resolver registered
[    1.873452] ThumbEE CPU extension supported.
[    1.877723] Registering SWP/SWPB emulation handler
[    1.903811] usb1_vbus: supplied by vdd-sys-5v0
[    1.909245] mmc0: new high speed SDHC card at address aaaa
[    1.909514] usb2_vbus: supplied by vdd-sys-5v0
[    1.911495] VDD_5V0_HDMI_CON: supplied by vdd-sys-5v0
[    1.921201] [drm] Supports vblank timestamp caching Rev 2 (21.10.2013).
[    1.921205] [drm] No driver support for vblank timestamp query.
[    1.937925] mmcblk0: mmc0:aaaa SL16G 14.8 GiB 
[    1.963095] mmc1: new high speed MMC card at address 0001
[    1.964471] mmcblk1: mmc1:0001 SEM32G 29.1 GiB 
[    1.965776] mmcblk1boot0: mmc1:0001 SEM32G partition 1 4.00 MiB
[    1.966590]  mmcblk0: p1 p2 p3
[    1.966828] mmcblk1boot1: mmc1:0001 SEM32G partition 2 4.00 MiB
[    1.967393] mmcblk1rpmb: mmc1:0001 SEM32G partition 3 4.00 MiB
[    1.971557]  mmcblk1: p1 p2 p3 p4 p5 p6 p7 p8
[    2.016789] Console: switching to colour frame buffer device 240x75
[    2.091510] drm drm: fb0:  frame buffer device
[    2.096083] [drm] Initialized tegra 0.0.0 20120330 for drm on minor 0
[    2.108213] tegra-ehci 7d008000.usb: EHCI Host Controller
[    2.113676] tegra-ehci 7d008000.usb: new USB bus registered, assigned bus number 1
[    2.121479] tegra-ehci 7d008000.usb: irq 339, io mem 0x7d008000
[    2.149403] tegra-ehci 7d008000.usb: USB 2.0 started, EHCI 1.10
[    2.156535] hub 1-0:1.0: USB hub found
[    2.160402] hub 1-0:1.0: 1 port detected
[    2.166038] input: gpio-keys as /devices/soc0/gpio-keys/input/input0
[    2.174683] palmas-rtc 7000d000.i2c:tps65913@58:rtc: setting system clock to 2000-12-18 14:40:02 UTC (977150402)
[    2.188247] dvdd_ts: disabling
[    2.191371] usb1_vbus: disabling
[    2.194613] vdd_cam_1v8_reg: disabling
[    2.199843] EXT4-fs (mmcblk1p1): mounting ext3 file system using the ext4 subsystem
[    2.220358] EXT4-fs (mmcblk1p1): recovery complete
[    2.225159] EXT4-fs (mmcblk1p1): mounted filesystem with ordered data mode. Opts: (null)
[    2.233341] VFS: Mounted root (ext3 filesystem) on device 179:17.
[    2.243858] devtmpfs: mounted
[    2.248586] Freeing unused kernel memory: 2048K
bash: cannot set terminal process group (-1): Inappropriate ioctl for device
bash: no job control in this shell
root@(none):/# [    2.539401] usb 1-1: new high-speed USB device number 2 using tegra-ehci
[    3.222119] asix 1-1:1.0 eth0: register 'asix' at usb-7d008000.usb-1, ASIX AX88772 USB 2.0 Ethernet, 00:50:b6:0d:b5:16
mount -t sysfs none /sys
root@(none):/# 
root@(none):/# mount -t debugfs none /sys/kernel/debug
root@(none):/# 
root@(none):/# rtcwake -d rtc1 -m mem -s 3
rtcwake: assuming RTC uses UTC ...
rtcwake: wakeup from "mem" using /dev/rtc1 at Thu Jan  1 00:00:20 1970
[    5.361615] PM: Syncing filesystems ... done.
[    5.398680] Freezing user space processes ... (elapsed 0.001 seconds) done.
[    5.406992] Freezing remaining freezable tasks ... (elapsed 0.001 seconds) done.
[    5.415863] Suspending console(s) (use no_console_suspend to debug)
[    5.481586] PM: suspend of devices complete after 58.159 msecs
[    5.484745] PM: late suspend of devices complete after 3.142 msecs
[    5.487176] PM: noirq suspend of devices complete after 2.420 msecs
[    5.487182] Disabling non-boot CPUs ...
[    5.584349] IRQ17 no longer affine to CPU3
[    5.633597] Entering suspend state LP1
[    5.633597] Suspended for 7.697 seconds
[    5.633616] Enabling non-boot CPUs ...
[    5.663165] CPU1 is up
[    5.703327] CPU2 is up
[    5.743994] CPU3 is up
[    5.745133] PM: noirq resume of devices complete after 1.127 msecs
[    5.747813] PM: early resume of devices complete after 2.224 msecs
[    6.337204] PM: resume of devices complete after 589.373 msecs
[    6.401597] Restarting tasks ... done.
root@(none):/# 
root@(none):/# rtcwake -d rtc1 -m mem -s 3
rtcwake: assuming RTC uses UTC ...
rtcwake: wakeup from "mem" using /dev/rtc1 at Thu Jan  1 00:00:30 1970
[    7.688376] PM: Syncing filesystems ... done.
[    7.724424] Freezing user space processes ... (elapsed 0.001 seconds) done.
[    7.732783] Freezing remaining freezable tasks ... (elapsed 0.001 seconds) done.
[    7.741677] Suspending console(s) (use no_console_suspend to debug)
[    7.801233] PM: suspend of devices complete after 51.994 msecs
[    7.804274] PM: late suspend of devices complete after 3.024 msecs
[    7.806749] PM: noirq suspend of devices complete after 2.463 msecs
[    7.806754] Disabling non-boot CPUs ...
[    7.844504] IRQ17 no longer affine to CPU2
[    7.953124] Entering suspend state LP1
[    7.953124] Suspended for 8.264 seconds
[    7.953143] Enabling non-boot CPUs ...
[    7.983130] CPU1 is up
[    8.023295] CPU2 is up
[    8.063958] CPU3 is up
[    8.065064] PM: noirq resume of devices complete after 1.094 msecs
[    8.067832] PM: early resume of devices complete after 2.317 msecs
[    8.659578] PM: resume of devices complete after 591.729 msecs
[    8.723885] Restarting tasks ... done.
root@(none):/# 
root@(none):/# rtcwake -d rtc1 -m mem -s 3
rtcwake: assuming RTC uses UTC ...
rtcwake: wakeup from "mem" using /dev/rtc1 at Thu Jan  1 00:00:40 1970
[    9.427812] PM: Syncing filesystems ... done.
[    9.461203] Freezing user space processes ... (elapsed 0.001 seconds) done.
[    9.469558] Freezing remaining freezable tasks ... (elapsed 0.001 seconds) done.
[    9.478414] Suspending console(s) (use no_console_suspend to debug)
[    9.541476] PM: suspend of devices complete after 55.497 msecs
[    9.544604] PM: late suspend of devices complete after 3.111 msecs
[    9.547123] PM: noirq suspend of devices complete after 2.507 msecs
[    9.547128] Disabling non-boot CPUs ...
[    9.547615] IRQ17 no longer affine to CPU1
[    9.692994] Entering suspend state LP1
[    9.692994] Suspended for 7.677 seconds
[    9.693013] Enabling non-boot CPUs ...
[    9.723068] CPU1 is up
[    9.763237] CPU2 is up
[    9.803912] CPU3 is up
[    9.805036] PM: noirq resume of devices complete after 1.112 msecs
[    9.807707] PM: early resume of devices complete after 2.232 msecs
[   10.399193] PM: resume of devices complete after 591.469 msecs
[   10.463462] Restarting tasks ... done.
root@(none):/# 
root@(none):/# rtcwake -d rtc1 -m mem -s 3
rtcwake: assuming RTC uses UTC ...
rtcwake: wakeup from "mem" using /dev/rtc1 at Thu Jan  1 00:00:50 1970
[   11.745745] PM: Syncing filesystems ... done.
[   11.784153] Freezing user space processes ... (elapsed 0.001 seconds) done.
[   11.792512] Freezing remaining freezable tasks ... (elapsed 0.001 seconds) done.
[   11.801408] Suspending console(s) (use no_console_suspend to debug)
[   11.861382] PM: suspend of devices complete after 52.438 msecs
[   11.864528] PM: late suspend of devices complete after 3.130 msecs
[   11.867026] PM: noirq suspend of devices complete after 2.487 msecs
[   11.867031] Disabling non-boot CPUs ...
[   11.904438] IRQ17 no longer affine to CPU2
[   12.012992] Entering suspend state LP1
[   12.012992] Suspended for 8.263 seconds
[   12.013010] Enabling non-boot CPUs ...
[   12.043013] CPU1 is up
[   12.083271] CPU2 is up
[   12.123860] CPU3 is up
[   12.124980] PM: noirq resume of devices complete after 1.109 msecs
[   12.127737] PM: early resume of devices complete after 2.294 msecs
[   12.723917] PM: resume of devices complete after 596.161 msecs
[   12.788249] Restarting tasks ... done.
root@(none):/# 
root@(none):/# rtcwake -d rtc1 -m mem -s 3
rtcwake: assuming RTC uses UTC ...
rtcwake: wakeup from "mem" using /dev/rtc1 at Thu Jan  1 00:01:00 1970
[   13.499804] PM: Syncing filesystems ... done.
[   13.537822] Freezing user space processes ... (elapsed 0.001 seconds) done.
[   13.546084] Freezing remaining freezable tasks ... (elapsed 0.001 seconds) done.
[   13.554818] Suspending console(s) (use no_console_suspend to debug)
[   13.620930] PM: suspend of devices complete after 58.550 msecs
[   13.624069] PM: late suspend of devices complete after 3.123 msecs
[   13.626517] PM: noirq suspend of devices complete after 2.436 msecs
[   13.626522] Disabling non-boot CPUs ...
[   13.626965] IRQ17 no longer affine to CPU1
[   13.772887] Entering suspend state LP1
[   13.772887] Suspended for 7.657 seconds
[   13.772905] Enabling non-boot CPUs ...
[   13.802959] CPU1 is up
[   13.843125] CPU2 is up
[   13.883796] CPU3 is up
[   13.884902] PM: noirq resume of devices complete after 1.095 msecs
[   13.887659] PM: early resume of devices complete after 2.288 msecs
[   14.479678] PM: resume of devices complete after 591.999 msecs
[   14.544014] Restarting tasks ... done.
root@(none):/# 
root@(none):/# rtcwake -d rtc1 -m mem -s 3
rtcwake: assuming RTC uses UTC ...
rtcwake: wakeup from "mem" using /dev/rtc1 at Thu Jan  1 00:01:10 1970
[   15.832241] PM: Syncing filesystems ... done.
[   15.863296] Freezing user space processes ... (elapsed 0.001 seconds) done.
[   15.871659] Freezing remaining freezable tasks ... (elapsed 0.001 seconds) done.
[   15.880533] Suspending console(s) (use no_console_suspend to debug)
[   15.941430] PM: suspend of devices complete after 53.356 msecs
[   15.944512] PM: late suspend of devices complete after 3.066 msecs
[   15.947324] PM: noirq suspend of devices complete after 2.797 msecs
[   15.947330] Disabling non-boot CPUs ...
[   15.947824] IRQ17 no longer affine to CPU1
[   16.102655] Entering suspend state LP1
[   16.102655] Suspended for 8.253 seconds
[   16.102674] Enabling non-boot CPUs ...
[   16.133392] CPU1 is up
[   16.173079] CPU2 is up
[   16.213745] CPU3 is up
[   16.214877] PM: noirq resume of devices complete after 1.120 msecs
[   16.217302] PM: early resume of devices complete after 1.979 msecs
[   16.806797] PM: resume of devices complete after 589.478 msecs
[   16.871113] Restarting tasks ... done.
root@(none):/# 
root@(none):/# rtcwake -d rtc1 -m mem -s 3
rtcwake: assuming RTC uses UTC ...
rtcwake: wakeup from "mem" using /dev/rtc1 at Thu Jan  1 00:01:20 1970
[   17.549831] PM: Syncing filesystems ... done.
[   17.592260] Freezing user space processes ... (elapsed 0.001 seconds) done.
[   17.600621] Freezing remaining freezable tasks ... (elapsed 0.001 seconds) done.
[   17.609520] Suspending console(s) (use no_console_suspend to debug)
[   17.670966] PM: suspend of devices complete after 53.912 msecs
[   17.673986] PM: late suspend of devices complete after 3.003 msecs
[   17.676502] PM: noirq suspend of devices complete after 2.505 msecs
[   17.676508] Disabling non-boot CPUs ...
[   17.677008] IRQ17 no longer affine to CPU1
[   17.822824] Entering suspend state LP1
[   17.822824] Suspended for 7.696 seconds
[   17.822842] Enabling non-boot CPUs ...
[   17.852871] CPU1 is up
[   17.893045] CPU2 is up
[   17.933839] CPU3 is up
[   17.934953] PM: noirq resume of devices complete after 1.102 msecs
[   17.937804] PM: early resume of devices complete after 2.408 msecs
[   18.529080] PM: resume of devices complete after 591.258 msecs
[   18.593441] Restarting tasks ... done.
root@(none):/# 
root@(none):/# rtcwake -d rtc1 -m mem -s 3
rtcwake: assuming RTC uses UTC ...
rtcwake: wakeup from "mem" using /dev/rtc1 at Thu Jan  1 00:01:30 1970
[   19.892766] PM: Syncing filesystems ... done.
[   19.929093] Freezing user space processes ... (elapsed 0.001 seconds) done.
[   19.937420] Freezing remaining freezable tasks ... (elapsed 0.001 seconds) done.
[   19.946317] Suspending console(s) (use no_console_suspend to debug)
[   20.010906] PM: suspend of devices complete after 57.031 msecs
[   20.013936] PM: late suspend of devices complete after 3.013 msecs
[   20.016432] PM: noirq suspend of devices complete after 2.484 msecs
[   20.016437] Disabling non-boot CPUs ...
[   20.016947] IRQ17 no longer affine to CPU1
[   20.162782] Entering suspend state LP1
[   20.162782] Suspended for 8.243 seconds
[   20.162801] Enabling non-boot CPUs ...
[   20.192883] CPU1 is up
[   20.233013] CPU2 is up
[   20.273711] CPU3 is up
[   20.274817] PM: noirq resume of devices complete after 1.094 msecs
[   20.277504] PM: early resume of devices complete after 2.233 msecs
[   20.866608] PM: resume of devices complete after 589.085 msecs
[   20.930924] Restarting tasks ... done.
root@(none):/# 
root@(none):/# rtcwake -d rtc1 -m mem -s 3
rtcwake: assuming RTC uses UTC ...
rtcwake: wakeup from "mem" using /dev/rtc1 at Thu Jan  1 00:01:40 1970
[   21.621830] PM: Syncing filesystems ... done.
[   21.654161] Freezing user space processes ... (elapsed 0.001 seconds) done.
[   21.662535] Freezing remaining freezable tasks ... (elapsed 0.001 seconds) done.
[   21.671407] Suspending console(s) (use no_console_suspend to debug)
[   21.730874] PM: suspend of devices complete after 51.907 msecs
[   21.733700] PM: late suspend of devices complete after 2.809 msecs
[   21.736491] PM: noirq suspend of devices complete after 2.777 msecs
[   21.736498] Disabling non-boot CPUs ...
[   21.774348] IRQ17 no longer affine to CPU2
[   21.882719] Entering suspend state LP1
[   21.882719] Suspended for 7.697 seconds
[   21.882737] Enabling non-boot CPUs ...
[   21.912836] CPU1 is up
[   21.952988] CPU2 is up
[   21.993666] CPU3 is up
[   21.994784] PM: noirq resume of devices complete after 1.106 msecs
[   21.997264] PM: early resume of devices complete after 2.033 msecs
[   22.590516] PM: resume of devices complete after 593.233 msecs
[   22.654793] Restarting tasks ... done.
root@(none):/# 
root@(none):/# rtcwake -d rtc1 -m mem -s 3
rtcwake: assuming RTC uses UTC ...
rtcwake: wakeup from "mem" using /dev/rtc1 at Thu Jan  1 00:01:50 1970
[   23.950885] PM: Syncing filesystems ... done.
[   23.989323] Freezing user space processes ... (elapsed 0.001 seconds) done.
[   23.997678] Freezing remaining freezable tasks ... (elapsed 0.001 seconds) done.
[   24.006545] Suspending console(s) (use no_console_suspend to debug)
[   24.070940] PM: suspend of devices complete after 56.751 msecs
[   24.073820] PM: late suspend of devices complete after 2.864 msecs
[   24.076292] PM: noirq suspend of devices complete after 2.460 msecs
[   24.076297] Disabling non-boot CPUs ...
[   24.076776] IRQ17 no longer affine to CPU1
[   24.222705] Entering suspend state LP1
[   24.222705] Suspended for 8.243 seconds
[   24.222724] Enabling non-boot CPUs ...
[   24.252758] CPU1 is up
[   24.292924] CPU2 is up
[   24.333616] CPU3 is up
[   24.334724] PM: noirq resume of devices complete after 1.096 msecs
[   24.337198] PM: early resume of devices complete after 2.014 msecs
[   24.930246] PM: resume of devices complete after 593.031 msecs
[   24.994528] Restarting tasks ... done.
root@(none):/# 
root@(none):/# NVTB SYSTEM SUSPEND TEST COMPLETE
