Diff for ./qemu-vexpress64/__internal/defconfig_log.txt
--- /tmp/fooa	2015-08-28 01:53:41.528366476 -0700
+++ /tmp/foob	2015-08-28 01:53:41.532366473 -0700
@@ -1,6 +1,6 @@
 Booting Linux on physical CPU 0x0
 Initializing cgroup subsys cpu
-Linux version 4.2.0-rc8-next-20150827+ (pwalmsley@tamien) (gcc version 4.9.2 20140904 (prerelease) (crosstool-NG linaro-1.13.1-4.9-2014.09 - Linaro GCC 4.9-2014.09) ) #1 SMP PREEMPT Thu Aug 27 01:48:57 PDT 2015
+Linux version 4.2.0-rc8-next-20150828+ (pwalmsley@tamien) (gcc version 4.9.2 20140904 (prerelease) (crosstool-NG linaro-1.13.1-4.9-2014.09 - Linaro GCC 4.9-2014.09) ) #1 SMP PREEMPT Fri Aug 28 01:48:59 PDT 2015
 CPU: AArch64 Processor [411fd070] revision 0
 Detected PIPT I-cache on CPU0
 alternatives: enabling workaround for ARM erratum 832075
@@ -20,7 +20,7 @@
 Dentry cache hash table entries: 131072 (order: 8, 1048576 bytes)
 Inode-cache hash table entries: 65536 (order: 7, 524288 bytes)
 software IO TLB [mem 0x79c00000-0x7dc00000] (64MB) mapped at [ffffffc039c00000-ffffffc03dbfffff]
-Memory: 939176K/1048576K available (5397K kernel code, 468K rwdata, 2248K rodata, 504K init, 202K bss, 93016K reserved, 16384K cma-reserved)
+Memory: 939160K/1048576K available (5401K kernel code, 480K rwdata, 2248K rodata, 504K init, 202K bss, 93032K reserved, 16384K cma-reserved)
 Virtual kernel memory layout:
     vmalloc : 0xffffff8000000000 - 0xffffffbdbfff0000   (   246 GB)
     vmemmap : 0xffffffbdc0000000 - 0xffffffbfc0000000   (     8 GB maximum)
@@ -29,9 +29,9 @@
     PCI I/O : 0xffffffbffae00000 - 0xffffffbffbe00000   (    16 MB)
     modules : 0xffffffbffc000000 - 0xffffffc000000000   (    64 MB)
     memory  : 0xffffffc000000000 - 0xffffffc040000000   (  1024 MB)
-      .init : 0xffffffc0007fa000 - 0xffffffc000878000   (   504 KB)
-      .text : 0xffffffc000080000 - 0xffffffc0007f9534   (  7654 KB)
-      .data : 0xffffffc000888000 - 0xffffffc0008fd000   (   468 KB)
+      .init : 0xffffffc0007fb000 - 0xffffffc000879000   (   504 KB)
+      .text : 0xffffffc000080000 - 0xffffffc0007fa534   (  7658 KB)
+      .data : 0xffffffc000889000 - 0xffffffc000901000   (   480 KB)
 SLUB: HWalign=64, Order=0-3, MinObjects=0, CPUs=1, Nodes=1
 Preemptible hierarchical RCU implementation.
 	Build-time adjustment of leaf fanout to 64.
@@ -62,7 +62,7 @@
 NET: Registered protocol family 16
 cpuidle: using governor ladder
 cpuidle: using governor menu
-vdso: 2 pages (1 code @ ffffffc00088d000, 1 data @ ffffffc00088c000)
+vdso: 2 pages (1 code @ ffffffc000891000, 1 data @ ffffffc000890000)
 hw-breakpoint: found 6 breakpoint and 4 watchpoint registers.
 DMA: preallocated 256 KiB pool for atomic allocations
 Serial: AMBA PL011 UART driver
@@ -91,7 +91,7 @@
 kvm [1]: HYP mode not available
 futex hash table entries: 256 (order: 2, 16384 bytes)
 audit: initializing netlink subsys (disabled)
-audit: type=2000 audit(0.710:1): initialized
+audit: type=2000 audit(0.620:1): initialized
 HugeTLB registered 2 MB page size, pre-allocated 0 pages
 VFS: Disk quotas dquot_6.6.0
 VFS: Dquot-cache hash table entries: 512 (order 0, 4096 bytes)
@@ -135,8 +135,8 @@
 EXT4-fs (vda2): mounted filesystem with ordered data mode. Opts: (null)
 VFS: Mounted root (ext4 filesystem) on device 254:2.
 devtmpfs: mounted
-Freeing unused kernel memory: 504K (ffffffc0007fa000 - ffffffc000878000)
-Freeing alternatives memory: 44K (ffffffc000878000 - ffffffc000883000)
+Freeing unused kernel memory: 504K (ffffffc0007fb000 - ffffffc000879000)
+Freeing alternatives memory: 44K (ffffffc000879000 - ffffffc000884000)
 bash: cannot set terminal process group (-1): Inappropriate ioctl for device
 bash: no job control in this shell
 bash-4.3# 
\ No newline at end of file
Diff for ./tegra114-dalmore-a04/tegra114-dalmore/multi_v7_defconfig_log.txt
--- /tmp/fooa	2015-08-28 01:53:41.536366469 -0700
+++ /tmp/foob	2015-08-28 01:53:41.540366466 -0700
@@ -38,20 +38,20 @@
 	 #################################################################
 	 #################################################################
 	 #################################################
-	 3 MiB/s
+	 3.3 MiB/s
 done
-Bytes transferred = 6435752 (6233a8 hex)
+Bytes transferred = 6434528 (622ee0 hex)
 Tegra114 (Dalmore) # tftpboot 0x82000000 tegra114-dalmore.dtb
 Using asx0 device
 TFTP from server 192.168.100.1; our IP address is 192.168.100.100
 Filename 'tegra114-dalmore.dtb'.
 Load address: 0x82000000
 Loading: *###
-	 2.6 MiB/s
+	 3 MiB/s
 done
 Bytes transferred = 34966 (8896 hex)
 Tegra114 (Dalmore) # bootz 0x81000000 - 0x82000000
-Kernel image @ 0x81000000 [ 0x000000 - 0x6233a8 ]
+Kernel image @ 0x81000000 [ 0x000000 - 0x622ee0 ]
 ## Flattened Device Tree blob at 82000000
    Booting using the fdt blob at 0x82000000
    Loading Device Tree to 8fff4000, end 8ffff895 ... OK
@@ -59,7 +59,7 @@
 Starting kernel ...
 
 Booting Linux on physical CPU 0x0
-Linux version 4.2.0-rc8-next-20150827-39375-g2b186e5 (pwalmsley@sellafield) (gcc version 4.7.3 20130328 (prerelease) (crosstool-NG linaro-1.13.1-4.7-2013.04-20130415 - Linaro GCC 2013.04) ) #1 SMP Thu Aug 27 01:47:44 PDT 2015
+Linux version 4.2.0-rc8-next-20150828-39669-gd1c9b4e (pwalmsley@sellafield) (gcc version 4.7.3 20130328 (prerelease) (crosstool-NG linaro-1.13.1-4.7-2013.04-20130415 - Linaro GCC 2013.04) ) #1 SMP Fri Aug 28 01:47:47 PDT 2015
 CPU: ARMv7 Processor [412fc0f2] revision 2 (ARMv7), cr=10c5387d
 CPU: PIPT / VIPT nonaliasing data cache, PIPT instruction cache
 Machine model: NVIDIA Tegra114 Dalmore evaluation board
@@ -80,7 +80,7 @@
 PID hash table entries: 4096 (order: 2, 16384 bytes)
 Dentry cache hash table entries: 131072 (order: 7, 524288 bytes)
 Inode-cache hash table entries: 65536 (order: 6, 262144 bytes)
-Memory: 1998868K/2096128K available (8119K kernel code, 1013K rwdata, 3624K rodata, 1028K init, 340K bss, 31724K reserved, 65536K cma-reserved, 1252352K highmem)
+Memory: 1998868K/2096128K available (8123K kernel code, 1013K rwdata, 3624K rodata, 1024K init, 340K bss, 31724K reserved, 65536K cma-reserved, 1252352K highmem)
 Virtual kernel memory layout:
     vector  : 0xffff0000 - 0xffff1000   (   4 kB)
     fixmap  : 0xffc00000 - 0xfff00000   (3072 kB)
@@ -88,8 +88,8 @@
     lowmem  : 0xc0000000 - 0xef800000   ( 760 MB)
     pkmap   : 0xbfe00000 - 0xc0000000   (   2 MB)
     modules : 0xbf000000 - 0xbfe00000   (  14 MB)
-      .text : 0xc0208000 - 0xc0d80e8c   (11748 kB)
-      .init : 0xc0d81000 - 0xc0e82000   (1028 kB)
+      .text : 0xc0208000 - 0xc0d81ea0   (11752 kB)
+      .init : 0xc0d82000 - 0xc0e82000   (1024 kB)
       .data : 0xc0e82000 - 0xc0f7f4a0   (1014 kB)
        .bss : 0xc0f82000 - 0xc0fd72e8   ( 341 kB)
 SLUB: HWalign=64, Order=0-3, MinObjects=0, CPUs=4, Nodes=1
@@ -256,8 +256,8 @@
 ThumbEE CPU extension supported.
 Registering SWP/SWPB emulation handler
 tps65090 2-0048: No cache defaults, reading back from HW
-vdd-lcd-bl: supplied by vdd_ac_bat
 mmc0: MAN_BKOPS_EN bit is not set
+vdd-lcd-bl: supplied by vdd_ac_bat
 vdd-sys-5v0: supplied by vdd_ac_bat
 VDD_5V0_HDMI_CON: supplied by vdd-sys-5v0
 vdd_hdmi_5v0: supplied by vdd-sys-5v0
@@ -291,7 +291,7 @@
 mmc1: Invalid maximum block size, assuming 512 bytes
 mmc1: SDHCI controller on 78000400.sdhci [78000400.sdhci] using ADMA
 input: gpio-keys as /devices/soc0/gpio-keys/input/input0
-palmas-rtc 7000d000.i2c:tps65913@58:rtc: setting system clock to 2000-03-08 17:41:53 UTC (952537313)
+palmas-rtc 7000d000.i2c:tps65913@58:rtc: setting system clock to 2000-03-09 17:41:58 UTC (952623718)
 dvdd_ts: disabling
 usb1_vbus: disabling
 vdd_cam_1v8_reg: disabling
@@ -300,8 +300,8 @@
 EXT4-fs (mmcblk0p1): mounted filesystem with ordered data mode. Opts: (null)
 VFS: Mounted root (ext3 filesystem) on device 179:1.
 devtmpfs: mounted
-Freeing unused kernel memory: 1028K (c0d81000 - c0e82000)
+Freeing unused kernel memory: 1024K (c0d82000 - c0e82000)
 bash: cannot set terminal process group (-1): Inappropriate ioctl for device
-bash: no job control in this shell[    2.063870] usb 1-1: new high-speed USB device number 2 using tegra-ehci
-
+bash: no job control in this shell
+usb 1-1: new high-speed USB device number 2 using tegra-ehci
 root@(none):/# 
\ No newline at end of file
Diff for ./tegra114-dalmore-a04/tegra114-dalmore/tegra_defconfig_log.txt
--- /tmp/fooa	2015-08-28 01:53:41.548366461 -0700
+++ /tmp/foob	2015-08-28 01:53:41.548366461 -0700
@@ -37,9 +37,9 @@
 	 #################################################################
 	 #################################################################
 	 #####################
-	 3.2 MiB/s
+	 3.4 MiB/s
 done
-Bytes transferred = 5066504 (4d4f08 hex)
+Bytes transferred = 5067256 (4d51f8 hex)
 Tegra114 (Dalmore) # tftpboot 0x82000000 tegra114-dalmore.dtb
 Using asx0 device
 TFTP from server 192.168.100.1; our IP address is 192.168.100.100
@@ -50,7 +50,7 @@
 done
 Bytes transferred = 34966 (8896 hex)
 Tegra114 (Dalmore) # bootz 0x81000000 - 0x82000000
-Kernel image @ 0x81000000 [ 0x000000 - 0x4d4f08 ]
+Kernel image @ 0x81000000 [ 0x000000 - 0x4d51f8 ]
 ## Flattened Device Tree blob at 82000000
    Booting using the fdt blob at 0x82000000
    Loading Device Tree to 8fff4000, end 8ffff895 ... OK
@@ -61,7 +61,7 @@
 Booting Linux on physical CPU 0x0
 Initializing cgroup subsys cpu
 Initializing cgroup subsys cpuacct
-Linux version 4.2.0-rc8-next-20150827-39375-g2b186e5 (pwalmsley@kaivo) (gcc version 4.7.3 20130328 (prerelease) (crosstool-NG linaro-1.13.1-4.7-2013.04-20130415 - Linaro GCC 2013.04) ) #1 SMP PREEMPT Thu Aug 27 01:48:00 PDT 2015
+Linux version 4.2.0-rc8-next-20150828-39669-gd1c9b4e (pwalmsley@kaivo) (gcc version 4.7.3 20130328 (prerelease) (crosstool-NG linaro-1.13.1-4.7-2013.04-20130415 - Linaro GCC 2013.04) ) #1 SMP PREEMPT Fri Aug 28 01:48:04 PDT 2015
 CPU: ARMv7 Processor [412fc0f2] revision 2 (ARMv7), cr=10c5387d
 CPU: PIPT / VIPT nonaliasing data cache, PIPT instruction cache
 Machine model: NVIDIA Tegra114 Dalmore evaluation board
@@ -90,7 +90,7 @@
     lowmem  : 0xc0000000 - 0xef800000   ( 760 MB)
     pkmap   : 0xbfe00000 - 0xc0000000   (   2 MB)
     modules : 0xbf000000 - 0xbfe00000   (  14 MB)
-      .text : 0xc0008000 - 0xc0924694   (9330 kB)
+      .text : 0xc0008000 - 0xc0924690   (9330 kB)
       .init : 0xc0925000 - 0xc0976000   ( 324 kB)
       .data : 0xc0976000 - 0xc09cb600   ( 342 kB)
        .bss : 0xc09ce000 - 0xc0a28d20   ( 364 kB)
@@ -235,11 +235,17 @@
 mip6: Mobile IPv6
 sit: IPv6 over IPv4 tunneling driver
 sit0 uses DEPRECATED zero tx_queue_len - convert driver to use IFF_NO_QUEUE instead.
+mmc0: MAN_BKOPS_EN bit is not set
+mmc0: new high speed MMC card at address 0001
+mmcblk0: mmc0:0001 SEM32G 29.1 GiB 
+mmcblk0boot0: mmc0:0001 SEM32G partition 1 4.00 MiB
+mmcblk0boot1: mmc0:0001 SEM32G partition 2 4.00 MiB
+mmcblk0rpmb: mmc0:0001 SEM32G partition 3 4.00 MiB
+ mmcblk0: p1 p2 p3 p4 p5 p6 p7 p8
 ip6tnl0 uses DEPRECATED zero tx_queue_len - convert driver to use IFF_NO_QUEUE instead.
 NET: Registered protocol family 17
 NET: Registered protocol family 15
 can: controller area network core (rev 20120528 abi 9)
-mmc0: MAN_BKOPS_EN bit is not set
 NET: Registered protocol family 29
 can: raw protocol (rev 20120528)
 can: broadcast manager protocol (rev 20120528 t)
@@ -248,14 +254,8 @@
 Bluetooth: RFCOMM ver 1.11
 Bluetooth: BNEP (Ethernet Emulation) ver 1.3
 Bluetooth: BNEP socket layer initialized
-mmc0: new high speed MMC card at address 0001
-mmcblk0: mmc0:0001 SEM32G 29.1 GiB 
-mmcblk0boot0: mmc0:0001 SEM32G partition 1 4.00 MiB
-mmcblk0boot1: mmc0:0001 SEM32G partition 2 4.00 MiB
-mmcblk0rpmb: mmc0:0001 SEM32G partition 3 4.00 MiB
 Bluetooth: HIDP (Human Interface Emulation) ver 1.2
 Bluetooth: HIDP socket layer initialized
- mmcblk0: p1 p2 p3 p4 p5 p6 p7 p8
 Registering SWP/SWPB emulation handler
 tps65090 2-0048: No cache defaults, reading back from HW
 vdd-lcd-bl: supplied by vdd_ac_bat
@@ -289,7 +289,7 @@
 tegra-snd-rt5640 sound: rt5640-aif1 <-> 70080400.i2s mapping ok
 input: NVIDIA Tegra Dalmore Headphones as /devices/soc0/sound/sound/card0/input0
 input: gpio-keys as /devices/soc0/gpio-keys/input/input1
-palmas-rtc 7000d000.i2c:tps65913@58:rtc: setting system clock to 2000-03-08 17:42:21 UTC (952537341)
+palmas-rtc 7000d000.i2c:tps65913@58:rtc: setting system clock to 2000-03-09 17:42:30 UTC (952623750)
 dvdd_ts: disabling
 usb1_vbus: disabling
 vdd_cam_1v8_reg: disabling
Diff for ./tegra124-jetson-tk1/tegra124-jetson-tk1/multi_v7_defconfig_log.txt
--- /tmp/fooa	2015-08-28 01:53:41.552366457 -0700
+++ /tmp/foob	2015-08-28 01:53:41.556366454 -0700
@@ -29,31 +29,36 @@
 Tegra124 (Jetson TK1) # setenv bootargs 'ignore_loglevel console=ttyS0,115200n8 rw root=/dev/mmcblk0p1 rootwait gpt debug init=/bin/bash noinitrd'
 Tegra124 (Jetson TK1) # setenv ipaddr 192.168.100.102; setenv serverip 192.168.100.1; setenv tftpserverip 192.168.100.1
 Tegra124 (Jetson TK1) # tftpboot 0x81000000 zImage.multi_v7_defconfig
+Waiting for Ethernet connection... done.
 Using asx0 device
 TFTP from server 192.168.100.1; our IP address is 192.168.100.102
 Filename 'zImage.multi_v7_defconfig'.
 Load address: 0x81000000
-Loading: *#################################################################
+Loading: *EHCI timed out on TD - token=0x8008d80
+T EHCI timed out on TD - token=0x8008d80
+T EHCI timed out on TD - token=0x8008d80
+T #################################################################
 	 #################################################################
 	 #################################################################
 	 #################################################################
 	 #################################################################
 	 #################################################################
 	 #################################################
-	 3.2 MiB/s
+	 371.1 KiB/s
 done
-Bytes transferred = 6435752 (6233a8 hex)
+Bytes transferred = 6434528 (622ee0 hex)
 Tegra124 (Jetson TK1) # tftpboot 0x82000000 tegra124-jetson-tk1.dtb
+Waiting for Ethernet connection... done.
 Using asx0 device
 TFTP from server 192.168.100.1; our IP address is 192.168.100.102
 Filename 'tegra124-jetson-tk1.dtb'.
 Load address: 0x82000000
 Loading: *#####
-	 3.2 MiB/s
+	 2.9 MiB/s
 done
 Bytes transferred = 64210 (fad2 hex)
 Tegra124 (Jetson TK1) # bootz 0x81000000 - 0x82000000
-Kernel image @ 0x81000000 [ 0x000000 - 0x6233a8 ]
+Kernel image @ 0x81000000 [ 0x000000 - 0x622ee0 ]
 ## Flattened Device Tree blob at 82000000
    Booting using the fdt blob at 0x82000000
    Using Device Tree in place at 82000000, end 82012ad1
@@ -61,7 +66,7 @@
 Starting kernel ...
 
 Booting Linux on physical CPU 0x0
-Linux version 4.2.0-rc8-next-20150827-39375-g2b186e5 (pwalmsley@sellafield) (gcc version 4.7.3 20130328 (prerelease) (crosstool-NG linaro-1.13.1-4.7-2013.04-20130415 - Linaro GCC 2013.04) ) #1 SMP Thu Aug 27 01:47:44 PDT 2015
+Linux version 4.2.0-rc8-next-20150828-39669-gd1c9b4e (pwalmsley@sellafield) (gcc version 4.7.3 20130328 (prerelease) (crosstool-NG linaro-1.13.1-4.7-2013.04-20130415 - Linaro GCC 2013.04) ) #1 SMP Fri Aug 28 01:47:47 PDT 2015
 CPU: ARMv7 Processor [413fc0f3] revision 3 (ARMv7), cr=10c5387d
 CPU: PIPT / VIPT nonaliasing data cache, PIPT instruction cache
 Machine model: NVIDIA Tegra124 Jetson TK1
@@ -82,7 +87,7 @@
 PID hash table entries: 4096 (order: 2, 16384 bytes)
 Dentry cache hash table entries: 131072 (order: 7, 524288 bytes)
 Inode-cache hash table entries: 65536 (order: 6, 262144 bytes)
-Memory: 1998760K/2096128K available (8119K kernel code, 1013K rwdata, 3624K rodata, 1028K init, 340K bss, 31832K reserved, 65536K cma-reserved, 1252352K highmem)
+Memory: 1998760K/2096128K available (8123K kernel code, 1013K rwdata, 3624K rodata, 1024K init, 340K bss, 31832K reserved, 65536K cma-reserved, 1252352K highmem)
 Virtual kernel memory layout:
     vector  : 0xffff0000 - 0xffff1000   (   4 kB)
     fixmap  : 0xffc00000 - 0xfff00000   (3072 kB)
@@ -90,8 +95,8 @@
     lowmem  : 0xc0000000 - 0xef800000   ( 760 MB)
     pkmap   : 0xbfe00000 - 0xc0000000   (   2 MB)
     modules : 0xbf000000 - 0xbfe00000   (  14 MB)
-      .text : 0xc0208000 - 0xc0d80e8c   (11748 kB)
-      .init : 0xc0d81000 - 0xc0e82000   (1028 kB)
+      .text : 0xc0208000 - 0xc0d81ea0   (11752 kB)
+      .init : 0xc0d82000 - 0xc0e82000   (1024 kB)
       .data : 0xc0e82000 - 0xc0f7f4a0   (1014 kB)
        .bss : 0xc0f82000 - 0xc0fd72e8   ( 341 kB)
 SLUB: HWalign=64, Order=0-3, MinObjects=0, CPUs=4, Nodes=1
@@ -257,6 +262,14 @@
 usbhid: USB HID core driver
 NET: Registered protocol family 10
 sit: IPv6 over IPv4 tunneling driver
+mmc0: MAN_BKOPS_EN bit is not set
+mmc0: new high speed MMC card at address 0001
+mmcblk0: mmc0:0001 SEM16G 14.6 GiB 
+mmcblk0boot0: mmc0:0001 SEM16G partition 1 4.00 MiB
+mmcblk0boot1: mmc0:0001 SEM16G partition 2 4.00 MiB
+mmcblk0rpmb: mmc0:0001 SEM16G partition 3 4.00 MiB
+Primary GPT is invalid, using alternate GPT.
+ mmcblk0: p1 p2 p3 p4 p5 p6 p7 p8 p9
 sit0 uses DEPRECATED zero tx_queue_len - convert driver to use IFF_NO_QUEUE instead.
 NET: Registered protocol family 17
 can: controller area network core (rev 20120528 abi 9)
@@ -267,8 +280,6 @@
 Key type dns_resolver registered
 ThumbEE CPU extension supported.
 Registering SWP/SWPB emulation handler
-mmc0: MAN_BKOPS_EN bit is not set
-mmc0: new high speed MMC card at address 0001
 tegra-pcie 1003000.pcie-controller: 2x1, 1x1 configuration
 +3.3V_SYS: supplied by +VDD_MUX
 +3.3V_LP0: supplied by +3.3V_SYS
@@ -276,12 +287,6 @@
 +1.05V_RUN_AVDD: supplied by +1.35V_LP0(sd2)
 tegra-pcie 1003000.pcie-controller: probing port 0, using 2 lanes
 tegra-pcie 1003000.pcie-controller: Slot present pin change, signature: 00000008
-mmcblk0: mmc0:0001 SEM16G 14.6 GiB 
-mmcblk0boot0: mmc0:0001 SEM16G partition 1 4.00 MiB
-mmcblk0boot1: mmc0:0001 SEM16G partition 2 4.00 MiB
-mmcblk0rpmb: mmc0:0001 SEM16G partition 3 4.00 MiB
-Primary GPT is invalid, using alternate GPT.
- mmcblk0: p1 p2 p3 p4 p5 p6 p7 p8 p9
 tegra-pcie 1003000.pcie-controller: link 0 down, retrying
 tegra-pcie 1003000.pcie-controller: link 0 down, retrying
 tegra-pcie 1003000.pcie-controller: link 0 down, retrying
@@ -335,7 +340,7 @@
 mmc1: Invalid maximum block size, assuming 512 bytes
 mmc1: SDHCI controller on 700b0400.sdhci [700b0400.sdhci] using ADMA 64-bit
 input: gpio-keys as /devices/soc0/gpio-keys/input/input0
-as3722-rtc as3722-rtc: setting system clock to 2000-01-01 00:00:18 UTC (946684818)
+as3722-rtc as3722-rtc: setting system clock to 2000-01-01 00:00:33 UTC (946684833)
 +1.8V_RUN_CAM: disabling
 +2.8V_RUN_CAM: disabling
 +1.2V_RUN_CAM_FRONT: disabling
@@ -347,12 +352,12 @@
 ata1: SATA link down (SStatus 0 SControl 300)
 EXT4-fs (mmcblk0p1): couldn't mount as ext3 due to feature incompatibilities
 EXT4-fs (mmcblk0p1): couldn't mount as ext2 due to feature incompatibilities
+usb 2-1: new high-speed USB device number 2 using tegra-ehci
 EXT4-fs (mmcblk0p1): recovery complete
 EXT4-fs (mmcblk0p1): mounted filesystem with ordered data mode. Opts: (null)
 VFS: Mounted root (ext4 filesystem) on device 179:1.
-usb 2-1: new high-speed USB device number 2 using tegra-ehci
 devtmpfs: mounted
-Freeing unused kernel memory: 1028K (c0d81000 - c0e82000)
+Freeing unused kernel memory: 1024K (c0d82000 - c0e82000)
 bash: cannot set terminal process group (-1): Inappropriate ioctl for device
 bash: no job control in this shell
 root@(none):/# 
\ No newline at end of file
Diff for ./tegra124-jetson-tk1/tegra124-jetson-tk1/tegra_defconfig_log.txt
--- /tmp/fooa	2015-08-28 01:53:41.560366452 -0700
+++ /tmp/foob	2015-08-28 01:53:41.564366449 -0700
@@ -39,20 +39,20 @@
 	 #################################################################
 	 #################################################################
 	 #####################
-	 3.2 MiB/s
+	 2.8 MiB/s
 done
-Bytes transferred = 5066504 (4d4f08 hex)
+Bytes transferred = 5067256 (4d51f8 hex)
 Tegra124 (Jetson TK1) # tftpboot 0x82000000 tegra124-jetson-tk1.dtb
 Using asx0 device
 TFTP from server 192.168.100.1; our IP address is 192.168.100.102
 Filename 'tegra124-jetson-tk1.dtb'.
 Load address: 0x82000000
 Loading: *#####
-	 3.2 MiB/s
+	 2.7 MiB/s
 done
 Bytes transferred = 64210 (fad2 hex)
 Tegra124 (Jetson TK1) # bootz 0x81000000 - 0x82000000
-Kernel image @ 0x81000000 [ 0x000000 - 0x4d4f08 ]
+Kernel image @ 0x81000000 [ 0x000000 - 0x4d51f8 ]
 ## Flattened Device Tree blob at 82000000
    Booting using the fdt blob at 0x82000000
    Using Device Tree in place at 82000000, end 82012ad1
@@ -63,7 +63,7 @@
 Booting Linux on physical CPU 0x0
 Initializing cgroup subsys cpu
 Initializing cgroup subsys cpuacct
-Linux version 4.2.0-rc8-next-20150827-39375-g2b186e5 (pwalmsley@kaivo) (gcc version 4.7.3 20130328 (prerelease) (crosstool-NG linaro-1.13.1-4.7-2013.04-20130415 - Linaro GCC 2013.04) ) #1 SMP PREEMPT Thu Aug 27 01:48:00 PDT 2015
+Linux version 4.2.0-rc8-next-20150828-39669-gd1c9b4e (pwalmsley@kaivo) (gcc version 4.7.3 20130328 (prerelease) (crosstool-NG linaro-1.13.1-4.7-2013.04-20130415 - Linaro GCC 2013.04) ) #1 SMP PREEMPT Fri Aug 28 01:48:04 PDT 2015
 CPU: ARMv7 Processor [413fc0f3] revision 3 (ARMv7), cr=10c5387d
 CPU: PIPT / VIPT nonaliasing data cache, PIPT instruction cache
 Machine model: NVIDIA Tegra124 Jetson TK1
@@ -92,7 +92,7 @@
     lowmem  : 0xc0000000 - 0xef800000   ( 760 MB)
     pkmap   : 0xbfe00000 - 0xc0000000   (   2 MB)
     modules : 0xbf000000 - 0xbfe00000   (  14 MB)
-      .text : 0xc0008000 - 0xc0924694   (9330 kB)
+      .text : 0xc0008000 - 0xc0924690   (9330 kB)
       .init : 0xc0925000 - 0xc0976000   ( 324 kB)
       .data : 0xc0976000 - 0xc09cb600   ( 342 kB)
        .bss : 0xc09ce000 - 0xc0a28d20   ( 364 kB)
@@ -335,7 +335,7 @@
 tegra-snd-rt5640 sound: rt5640-aif1 <-> 70301100.i2s mapping ok
 input: NVIDIA Tegra Jetson TK1 Headphones as /devices/soc0/sound/sound/card1/input1
 input: gpio-keys as /devices/soc0/gpio-keys/input/input2
-as3722-rtc as3722-rtc: setting system clock to 2000-01-01 00:00:52 UTC (946684852)
+as3722-rtc as3722-rtc: setting system clock to 2000-01-01 00:01:07 UTC (946684867)
 +1.8V_RUN_CAM: disabling
 +2.8V_RUN_CAM: disabling
 +1.2V_RUN_CAM_FRONT: disabling
Diff for ./tegra20-trimslice/tegra20-trimslice/multi_v7_defconfig_log.txt
--- /tmp/fooa	2015-08-28 01:53:41.572366443 -0700
+++ /tmp/foob	2015-08-28 01:53:41.572366443 -0700
@@ -46,9 +46,9 @@
 	 #################################################################
 	 #################################################################
 	 #################################################
-	 4 MiB/s
+	 4.1 MiB/s
 done
-Bytes transferred = 6435752 (6233a8 hex)
+Bytes transferred = 6434528 (622ee0 hex)
 Tegra20 (TrimSlice) # tftpboot 0x02408000 tegra20-trimslice.dtb
 Using RTL8169#0 device
 TFTP from server 192.168.100.1; our IP address is 192.168.100.103
@@ -59,7 +59,7 @@
 done
 Bytes transferred = 21202 (52d2 hex)
 Tegra20 (TrimSlice) # bootz 0x00408000 - 0x02408000
-Kernel image @ 0x408000 [ 0x000000 - 0x6233a8 ]
+Kernel image @ 0x408000 [ 0x000000 - 0x622ee0 ]
 ## Flattened Device Tree blob at 02408000
    Booting using the fdt blob at 0x2408000
    Using Device Tree in place at 02408000, end 024102d1
@@ -67,7 +67,7 @@
 Starting kernel ...
 
 Booting Linux on physical CPU 0x0
-Linux version 4.2.0-rc8-next-20150827-39375-g2b186e5 (pwalmsley@sellafield) (gcc version 4.7.3 20130328 (prerelease) (crosstool-NG linaro-1.13.1-4.7-2013.04-20130415 - Linaro GCC 2013.04) ) #1 SMP Thu Aug 27 01:47:44 PDT 2015
+Linux version 4.2.0-rc8-next-20150828-39669-gd1c9b4e (pwalmsley@sellafield) (gcc version 4.7.3 20130328 (prerelease) (crosstool-NG linaro-1.13.1-4.7-2013.04-20130415 - Linaro GCC 2013.04) ) #1 SMP Fri Aug 28 01:47:47 PDT 2015
 CPU: ARMv7 Processor [411fc090] revision 0 (ARMv7), cr=10c5387d
 CPU: PIPT / VIPT nonaliasing data cache, VIPT aliasing instruction cache
 Machine model: Compulab TrimSlice board
@@ -88,7 +88,7 @@
 PID hash table entries: 4096 (order: 2, 16384 bytes)
 Dentry cache hash table entries: 131072 (order: 7, 524288 bytes)
 Inode-cache hash table entries: 65536 (order: 6, 262144 bytes)
-Memory: 959676K/1048576K available (8119K kernel code, 1013K rwdata, 3624K rodata, 1028K init, 340K bss, 23364K reserved, 65536K cma-reserved, 204800K highmem)
+Memory: 959676K/1048576K available (8123K kernel code, 1013K rwdata, 3624K rodata, 1024K init, 340K bss, 23364K reserved, 65536K cma-reserved, 204800K highmem)
 Virtual kernel memory layout:
     vector  : 0xffff0000 - 0xffff1000   (   4 kB)
     fixmap  : 0xffc00000 - 0xfff00000   (3072 kB)
@@ -96,8 +96,8 @@
     lowmem  : 0xc0000000 - 0xef800000   ( 760 MB)
     pkmap   : 0xbfe00000 - 0xc0000000   (   2 MB)
     modules : 0xbf000000 - 0xbfe00000   (  14 MB)
-      .text : 0xc0208000 - 0xc0d80e8c   (11748 kB)
-      .init : 0xc0d81000 - 0xc0e82000   (1028 kB)
+      .text : 0xc0208000 - 0xc0d81ea0   (11752 kB)
+      .init : 0xc0d82000 - 0xc0e82000   (1024 kB)
       .data : 0xc0e82000 - 0xc0f7f4a0   (1014 kB)
        .bss : 0xc0f82000 - 0xc0fd72e8   ( 341 kB)
 SLUB: HWalign=64, Order=0-3, MinObjects=0, CPUs=2, Nodes=1
@@ -318,12 +318,12 @@
 tegra-ehci c5000000.usb: irq 64, io mem 0xc5000000
 mmc0: host does not support reading read-only switch, assuming write-enable
 mmc0: new high speed SDHC card at address b368
-mmcblk0: mmc0:b368 NCard 3.70 GiB 
- mmcblk0: p1
 usb 1-1: new high-speed USB device number 2 using tegra-ehci
+mmcblk0: mmc0:b368 NCard 3.70 GiB 
 tegra-ehci c5000000.usb: USB 2.0 started, EHCI 1.00
 hub 2-0:1.0: USB hub found
 hub 2-0:1.0: 1 port detected
+ mmcblk0: p1
 ulpi_phy_power_on: ulpi write failed
 tegra-ehci c5004000.usb: Failed to power on the phy
 tegra-ehci: probe of c5004000.usb failed with error -110
@@ -334,19 +334,19 @@
 mmc1: Invalid maximum block size, assuming 512 bytes
 mmc1: SDHCI controller on c8000600.sdhci [c8000600.sdhci] using ADMA
 input: gpio-keys as /devices/soc0/gpio-keys/input/input0
-rtc-em3027 2-0056: setting system clock to 2014-12-26 21:30:30 UTC (1419629430)
+rtc-em3027 2-0056: setting system clock to 2014-12-26 21:31:41 UTC (1419629501)
 EXT4-fs (mmcblk0p1): mounting ext3 file system using the ext4 subsystem
 hub 1-1:1.0: USB hub found
 hub 1-1:1.0: 4 ports detected
-mmc1: new high speed SD card at address b368
 EXT4-fs (mmcblk0p1): recovery complete
 EXT4-fs (mmcblk0p1): mounted filesystem with ordered data mode. Opts: (null)
-VFS: Mounted root (ext3 filesystem) on device 179:1.
+mmc1: new high speed SD card at address b368
 mmcblk1: mmc1:b368 NCard 1.83 GiB (ro)
  mmcblk1: p1 p2
+VFS: Mounted root (ext3 filesystem) on device 179:1.
 devtmpfs: mounted
-Freeing unused kernel memory: 1028K (c0d81000 - c0e82000)
+Freeing unused kernel memory: 1024K (c0d82000 - c0e82000)
 usb 1-1.2: new high-speed USB device number 3 using tegra-ehci
 bash: cannot set terminal process group (-1): Inappropriate ioctl for device
 bash: no job control in this shell
-root@(none):/# 
\ No newline at end of file
+root@(none):/# [    3.280552] asix 1-1.2:1.0 eth1: register 'asix' at usb-c5008000.usb-1.2, ASIX AX88772 USB 2.0 Ethernet, 00:60:6e:60:6c:68
Diff for ./tegra20-trimslice/tegra20-trimslice/tegra_defconfig_log.txt
--- /tmp/fooa	2015-08-28 01:53:41.580366437 -0700
+++ /tmp/foob	2015-08-28 01:53:41.584366433 -0700
@@ -45,20 +45,20 @@
 	 #################################################################
 	 #################################################################
 	 #####################
-	 4.1 MiB/s
+	 4 MiB/s
 done
-Bytes transferred = 5066504 (4d4f08 hex)
+Bytes transferred = 5067256 (4d51f8 hex)
 Tegra20 (TrimSlice) # tftpboot 0x02408000 tegra20-trimslice.dtb
 Using RTL8169#0 device
 TFTP from server 192.168.100.1; our IP address is 192.168.100.103
 Filename 'tegra20-trimslice.dtb'.
 Load address: 0x2408000
 Loading: *##
-	 3.4 MiB/s
+	 4 MiB/s
 done
 Bytes transferred = 21202 (52d2 hex)
 Tegra20 (TrimSlice) # bootz 0x00408000 - 0x02408000
-Kernel image @ 0x408000 [ 0x000000 - 0x4d4f08 ]
+Kernel image @ 0x408000 [ 0x000000 - 0x4d51f8 ]
 ## Flattened Device Tree blob at 02408000
    Booting using the fdt blob at 0x2408000
    Using Device Tree in place at 02408000, end 024102d1
@@ -69,7 +69,7 @@
 Booting Linux on physical CPU 0x0
 Initializing cgroup subsys cpu
 Initializing cgroup subsys cpuacct
-Linux version 4.2.0-rc8-next-20150827-39375-g2b186e5 (pwalmsley@kaivo) (gcc version 4.7.3 20130328 (prerelease) (crosstool-NG linaro-1.13.1-4.7-2013.04-20130415 - Linaro GCC 2013.04) ) #1 SMP PREEMPT Thu Aug 27 01:48:00 PDT 2015
+Linux version 4.2.0-rc8-next-20150828-39669-gd1c9b4e (pwalmsley@kaivo) (gcc version 4.7.3 20130328 (prerelease) (crosstool-NG linaro-1.13.1-4.7-2013.04-20130415 - Linaro GCC 2013.04) ) #1 SMP PREEMPT Fri Aug 28 01:48:04 PDT 2015
 CPU: ARMv7 Processor [411fc090] revision 0 (ARMv7), cr=10c5387d
 CPU: PIPT / VIPT nonaliasing data cache, VIPT aliasing instruction cache
 Machine model: Compulab TrimSlice board
@@ -99,7 +99,7 @@
     lowmem  : 0xc0000000 - 0xef800000   ( 760 MB)
     pkmap   : 0xbfe00000 - 0xc0000000   (   2 MB)
     modules : 0xbf000000 - 0xbfe00000   (  14 MB)
-      .text : 0xc0008000 - 0xc0924694   (9330 kB)
+      .text : 0xc0008000 - 0xc0924690   (9330 kB)
       .init : 0xc0925000 - 0xc0976000   ( 324 kB)
       .data : 0xc0976000 - 0xc09cb600   ( 342 kB)
        .bss : 0xc09ce000 - 0xc0a28d20   ( 364 kB)
@@ -346,7 +346,7 @@
 mmc1: Invalid maximum block size, assuming 512 bytes
 mmc1: SDHCI controller on c8000600.sdhci [c8000600.sdhci] using ADMA
 input: gpio-keys as /devices/soc0/gpio-keys/input/input0
-rtc-em3027 2-0056: setting system clock to 2014-12-26 21:30:48 UTC (1419629448)
+rtc-em3027 2-0056: setting system clock to 2014-12-26 21:32:00 UTC (1419629520)
 ALSA device list:
   #0: tegra-trimslice
 EXT2-fs (mmcblk0p1): error: couldn't mount because of unsupported optional features (4)
Diff for ./tegra30-beaver/tegra30-beaver/multi_v7_defconfig_log.txt
--- /tmp/fooa	2015-08-28 01:53:41.588366431 -0700
+++ /tmp/foob	2015-08-28 01:53:41.588366431 -0700
@@ -38,20 +38,20 @@
 	 #################################################################
 	 #################################################################
 	 #################################################
-	 3.4 MiB/s
+	 3.3 MiB/s
 done
-Bytes transferred = 6435752 (6233a8 hex)
+Bytes transferred = 6434528 (622ee0 hex)
 Tegra30 (Beaver) # tftpboot 0x82000000 tegra30-beaver.dtb
 Using asx0 device
 TFTP from server 192.168.100.1; our IP address is 192.168.100.101
 Filename 'tegra30-beaver.dtb'.
 Load address: 0x82000000
 Loading: *####
-	 3.1 MiB/s
+	 3.3 MiB/s
 done
 Bytes transferred = 51539 (c953 hex)
 Tegra30 (Beaver) # bootz 0x81000000 - 0x82000000
-Kernel image @ 0x81000000 [ 0x000000 - 0x6233a8 ]
+Kernel image @ 0x81000000 [ 0x000000 - 0x622ee0 ]
 ## Flattened Device Tree blob at 82000000
    Booting using the fdt blob at 0x82000000
    Loading Device Tree to 8fff0000, end 8ffff952 ... OK
@@ -59,7 +59,7 @@
 Starting kernel ...
 
 Booting Linux on physical CPU 0x0
-Linux version 4.2.0-rc8-next-20150827-39375-g2b186e5 (pwalmsley@sellafield) (gcc version 4.7.3 20130328 (prerelease) (crosstool-NG linaro-1.13.1-4.7-2013.04-20130415 - Linaro GCC 2013.04) ) #1 SMP Thu Aug 27 01:47:44 PDT 2015
+Linux version 4.2.0-rc8-next-20150828-39669-gd1c9b4e (pwalmsley@sellafield) (gcc version 4.7.3 20130328 (prerelease) (crosstool-NG linaro-1.13.1-4.7-2013.04-20130415 - Linaro GCC 2013.04) ) #1 SMP Fri Aug 28 01:47:47 PDT 2015
 CPU: ARMv7 Processor [412fc099] revision 9 (ARMv7), cr=10c5387d
 CPU: PIPT / VIPT nonaliasing data cache, VIPT aliasing instruction cache
 Machine model: NVIDIA Tegra30 Beaver evaluation board
@@ -80,7 +80,7 @@
 PID hash table entries: 4096 (order: 2, 16384 bytes)
 Dentry cache hash table entries: 131072 (order: 7, 524288 bytes)
 Inode-cache hash table entries: 65536 (order: 6, 262144 bytes)
-Memory: 1998788K/2096128K available (8119K kernel code, 1013K rwdata, 3624K rodata, 1028K init, 340K bss, 31804K reserved, 65536K cma-reserved, 1252352K highmem)
+Memory: 1998788K/2096128K available (8123K kernel code, 1013K rwdata, 3624K rodata, 1024K init, 340K bss, 31804K reserved, 65536K cma-reserved, 1252352K highmem)
 Virtual kernel memory layout:
     vector  : 0xffff0000 - 0xffff1000   (   4 kB)
     fixmap  : 0xffc00000 - 0xfff00000   (3072 kB)
@@ -88,8 +88,8 @@
     lowmem  : 0xc0000000 - 0xef800000   ( 760 MB)
     pkmap   : 0xbfe00000 - 0xc0000000   (   2 MB)
     modules : 0xbf000000 - 0xbfe00000   (  14 MB)
-      .text : 0xc0208000 - 0xc0d80e8c   (11748 kB)
-      .init : 0xc0d81000 - 0xc0e82000   (1028 kB)
+      .text : 0xc0208000 - 0xc0d81ea0   (11752 kB)
+      .init : 0xc0d82000 - 0xc0e82000   (1024 kB)
       .data : 0xc0e82000 - 0xc0f7f4a0   (1014 kB)
        .bss : 0xc0f82000 - 0xc0fd72e8   ( 341 kB)
 SLUB: HWalign=64, Order=0-3, MinObjects=0, CPUs=4, Nodes=1
@@ -357,7 +357,7 @@
 EXT4-fs (mmcblk0p1): mounted filesystem with ordered data mode. Opts: (null)
 VFS: Mounted root (ext3 filesystem) on device 179:1.
 devtmpfs: mounted
-Freeing unused kernel memory: 1028K (c0d81000 - c0e82000)
+Freeing unused kernel memory: 1024K (c0d82000 - c0e82000)
 usb 2-1: new high-speed USB device number 2 using tegra-ehci
 bash: cannot set terminal process group (-1): Inappropriate ioctl for device
 bash: no job control in this shell
Diff for ./tegra30-beaver/tegra30-beaver/tegra_defconfig_log.txt
--- /tmp/fooa	2015-08-28 01:53:41.596366425 -0700
+++ /tmp/foob	2015-08-28 01:53:41.596366425 -0700
@@ -39,18 +39,18 @@
 	 #####################
 	 3.4 MiB/s
 done
-Bytes transferred = 5066504 (4d4f08 hex)
+Bytes transferred = 5067256 (4d51f8 hex)
 Tegra30 (Beaver) # tftpboot 0x82000000 tegra30-beaver.dtb
 Using asx0 device
 TFTP from server 192.168.100.1; our IP address is 192.168.100.101
 Filename 'tegra30-beaver.dtb'.
 Load address: 0x82000000
 Loading: *####
-	 3.1 MiB/s
+	 3.3 MiB/s
 done
 Bytes transferred = 51539 (c953 hex)
 Tegra30 (Beaver) # bootz 0x81000000 - 0x82000000
-Kernel image @ 0x81000000 [ 0x000000 - 0x4d4f08 ]
+Kernel image @ 0x81000000 [ 0x000000 - 0x4d51f8 ]
 ## Flattened Device Tree blob at 82000000
    Booting using the fdt blob at 0x82000000
    Loading Device Tree to 8fff0000, end 8ffff952 ... OK
@@ -61,7 +61,7 @@
 Booting Linux on physical CPU 0x0
 Initializing cgroup subsys cpu
 Initializing cgroup subsys cpuacct
-Linux version 4.2.0-rc8-next-20150827-39375-g2b186e5 (pwalmsley@kaivo) (gcc version 4.7.3 20130328 (prerelease) (crosstool-NG linaro-1.13.1-4.7-2013.04-20130415 - Linaro GCC 2013.04) ) #1 SMP PREEMPT Thu Aug 27 01:48:00 PDT 2015
+Linux version 4.2.0-rc8-next-20150828-39669-gd1c9b4e (pwalmsley@kaivo) (gcc version 4.7.3 20130328 (prerelease) (crosstool-NG linaro-1.13.1-4.7-2013.04-20130415 - Linaro GCC 2013.04) ) #1 SMP PREEMPT Fri Aug 28 01:48:04 PDT 2015
 CPU: ARMv7 Processor [412fc099] revision 9 (ARMv7), cr=10c5387d
 CPU: PIPT / VIPT nonaliasing data cache, VIPT aliasing instruction cache
 Machine model: NVIDIA Tegra30 Beaver evaluation board
@@ -90,7 +90,7 @@
     lowmem  : 0xc0000000 - 0xef800000   ( 760 MB)
     pkmap   : 0xbfe00000 - 0xc0000000   (   2 MB)
     modules : 0xbf000000 - 0xbfe00000   (  14 MB)
-      .text : 0xc0008000 - 0xc0924694   (9330 kB)
+      .text : 0xc0008000 - 0xc0924690   (9330 kB)
       .init : 0xc0925000 - 0xc0976000   ( 324 kB)
       .data : 0xc0976000 - 0xc09cb600   ( 342 kB)
        .bss : 0xc09ce000 - 0xc0a28d20   ( 364 kB)
@@ -254,7 +254,6 @@
 NET: Registered protocol family 17
 NET: Registered protocol family 15
 can: controller area network core (rev 20120528 abi 9)
-NET: Registered protocol family 29
 mmc0: new high speed MMC card at address 0001
 mmcblk0: mmc0:0001 SEM16G 14.8 GiB 
 mmcblk0boot0: mmc0:0001 SEM16G partition 1 1.00 MiB
@@ -262,6 +261,7 @@
 mmcblk0rpmb: mmc0:0001 SEM16G partition 3 128 KiB
 Primary GPT is invalid, using alternate GPT.
  mmcblk0: p1 p2 p3 p4 p5
+NET: Registered protocol family 29
 can: raw protocol (rev 20120528)
 can: broadcast manager protocol (rev 20120528 t)
 can: netlink gateway (rev 20130117) max_hops=1
