
U-Boot SPL 2015.04-rc3-00209-ga74ef40 (Mar 16 2015 - 14:43:39)


U-Boot 2015.04-rc3-00209-ga74ef40 (Mar 16 2015 - 14:43:39)

TEGRA20
Model: Compulab TrimSlice board
DRAM:  1 GiB
MMC:   Tegra SD/MMC: 0, Tegra SD/MMC: 1
SF: Detected W25Q80BL with page size 256 Bytes, erase size 4 KiB, total 1 MiB
tegra-pcie: PCI regions:
tegra-pcie:   I/O: 0x82000000-0x82010000
tegra-pcie:   non-prefetchable memory: 0xa0000000-0xa8000000
tegra-pcie:   prefetchable memory: 0xa8000000-0xc0000000
tegra-pcie: dual-mode configuration
tegra-pcie: probing port 0, using 2 lanes
In:    serial
Out:   serial
Err:   serial
Net:   RTL8169#0
Hit any key to stop autoboot:  2  1  0 
Tegra20 (TrimSlice) # 
Tegra20 (TrimSlice) # usb reset
resetting USB...
USB0:   USB EHCI 1.00
scanning bus 0 for devices... 3 USB Device(s) found
USB1:   USB EHCI 1.00
scanning bus 1 for devices... 1 USB Device(s) found
USB2:   lowlevel init failed
       scanning usb for storage devices... 0 Storage Device(s) found
       scanning usb for ethernet devices... 
Warning: asx0 using MAC address from net device
1 Ethernet Device(s) found
Tegra20 (TrimSlice) # setenv bootargs 'ignore_loglevel console=ttyS0,115200n8 rw root=PARTUUID=11eb23c1-01 rootwait gpt debug noinitrd earlyprintk init=/bin/bash'
Tegra20 (TrimSlice) # setenv ipaddr 192.168.100.103; setenv serverip 192.168.100.1; setenv tftpserverip 192.168.100.1
Tegra20 (TrimSlice) # tftpboot 0x00408000 zImage.multi_v7_defconfig
Using RTL8169#0 device
TFTP from server 192.168.100.1; our IP address is 192.168.100.103
Filename 'zImage.multi_v7_defconfig'.
Load address: 0x408000
Loading: *#################################################################
	 #################################################################
	 #################################################################
	 #################################################################
	 #################################################################
	 #################################################################
	 #################################################################
	 #################
	 4.1 MiB/s
done
Bytes transferred = 6919728 (699630 hex)
Tegra20 (TrimSlice) # tftpboot 0x02408000 tegra20-trimslice.dtb
Using RTL8169#0 device
TFTP from server 192.168.100.1; our IP address is 192.168.100.103
Filename 'tegra20-trimslice.dtb'.
Load address: 0x2408000
Loading: *##
	 3.4 MiB/s
done
Bytes transferred = 21128 (5288 hex)
Tegra20 (TrimSlice) # bootz 0x00408000 - 0x02408000
Kernel image @ 0x408000 [ 0x000000 - 0x699630 ]
## Flattened Device Tree blob at 02408000
   Booting using the fdt blob at 0x2408000
   Using Device Tree in place at 02408000, end 02410287

Starting kernel ...

[    0.000000] Booting Linux on physical CPU 0x0
[    0.000000] Linux version 4.5.0-next-20160324-82664-g6f30d29 (pwalmsley@sellafield) (gcc version 4.7.3 20130328 (prerelease) (crosstool-NG linaro-1.13.1-4.7-2013.04-20130415 - Linaro GCC 2013.04) ) #1 SMP Wed Mar 23 19:48:12 PDT 2016
[    0.000000] CPU: ARMv7 Processor [411fc090] revision 0 (ARMv7), cr=10c5387d
[    0.000000] CPU: PIPT / VIPT nonaliasing data cache, VIPT aliasing instruction cache
[    0.000000] Machine model: Compulab TrimSlice board
[    0.000000] debug: ignoring loglevel setting.
[    0.000000] cma: Reserved 64 MiB at 0x3c000000
[    0.000000] Memory policy: Data cache writealloc
[    0.000000] On node 0 totalpages: 262144
[    0.000000] free_area_init_node: node 0, pgdat c141b480, node_mem_map ef7f8000
[    0.000000]   DMA zone: 1536 pages used for memmap
[    0.000000]   DMA zone: 0 pages reserved
[    0.000000]   DMA zone: 196608 pages, LIFO batch:31
[    0.000000]   HighMem zone: 65536 pages, LIFO batch:15
[    0.000000] percpu: Embedded 12 pages/cpu @ef7cb000 s19776 r8192 d21184 u49152
[    0.000000] pcpu-alloc: s19776 r8192 d21184 u49152 alloc=12*4096
[    0.000000] pcpu-alloc: [0] 0 [0] 1 
[    0.000000] Built 1 zonelists in Zone order, mobility grouping on.  Total pages: 260608
[    0.000000] Kernel command line: ignore_loglevel console=ttyS0,115200n8 rw root=PARTUUID=11eb23c1-01 rootwait gpt debug noinitrd earlyprintk init=/bin/bash
[    0.000000] PID hash table entries: 4096 (order: 2, 16384 bytes)
[    0.000000] Dentry cache hash table entries: 131072 (order: 7, 524288 bytes)
[    0.000000] Inode-cache hash table entries: 65536 (order: 6, 262144 bytes)
[    0.000000] Memory: 955940K/1048576K available (9522K kernel code, 1141K rwdata, 4108K rodata, 2048K init, 341K bss, 27100K reserved, 65536K cma-reserved, 196608K highmem)
[    0.000000] Virtual kernel memory layout:
[    0.000000]     vector  : 0xffff0000 - 0xffff1000   (   4 kB)
[    0.000000]     fixmap  : 0xffc00000 - 0xfff00000   (3072 kB)
[    0.000000]     vmalloc : 0xf0800000 - 0xff800000   ( 240 MB)
[    0.000000]     lowmem  : 0xc0000000 - 0xf0000000   ( 768 MB)
[    0.000000]     pkmap   : 0xbfe00000 - 0xc0000000   (   2 MB)
[    0.000000]     modules : 0xbf000000 - 0xbfe00000   (  14 MB)
[    0.000000]       .text : 0xc0208000 - 0xc104fad0   (14623 kB)
[    0.000000]       .init : 0xc1100000 - 0xc1300000   (2048 kB)
[    0.000000]       .data : 0xc1300000 - 0xc141d4c0   (1142 kB)
[    0.000000]        .bss : 0xc141f000 - 0xc1474558   ( 342 kB)
[    0.000000] SLUB: HWalign=64, Order=0-3, MinObjects=0, CPUs=2, Nodes=1
[    0.000000] Hierarchical RCU implementation.
[    0.000000] 	Build-time adjustment of leaf fanout to 32.
[    0.000000] 	RCU restricting CPUs from NR_CPUS=16 to nr_cpu_ids=2.
[    0.000000] RCU: Adjusting geometry for rcu_fanout_leaf=32, nr_cpu_ids=2
[    0.000000] NR_IRQS:16 nr_irqs:16 16
[    0.000000] /interrupt-controller@60004000: 128 interrupts forwarded to /interrupt-controller@50041000
[    0.000000] L2C: platform modifies aux control register: 0x02080000 -> 0x3e480001
[    0.000000] L2C: DT/platform modifies aux control register: 0x02080000 -> 0x3e480001
[    0.000000] L2C-310 errata 727915 769419 enabled
[    0.000000] L2C-310 enabling early BRESP for Cortex-A9
[    0.000000] L2C-310: enabling full line of zeros but not enabled in Cortex-A9
[    0.000000] L2C-310 ID prefetch enabled, offset 1 lines
[    0.000000] L2C-310 cache controller enabled, 8 ways, 1024 kB
[    0.000000] L2C-310: CACHE_ID 0x410000c4, AUX_CTRL 0x7e480001
[    0.000010] sched_clock: 32 bits at 1000kHz, resolution 1000ns, wraps every 2147483647500ns
[    0.000026] clocksource: timer_us: mask: 0xffffffff max_cycles: 0xffffffff, max_idle_ns: 1911260446275 ns
[    0.000036] Switching to timer-based delay loop, resolution 1000ns
[    0.001563] Console: colour dummy device 80x30
[    0.001584] Calibrating delay loop (skipped), value calculated using timer frequency.. 2.00 BogoMIPS (lpj=5000)
[    0.001594] pid_max: default: 32768 minimum: 301
[    0.001668] Mount-cache hash table entries: 2048 (order: 1, 8192 bytes)
[    0.001676] Mountpoint-cache hash table entries: 2048 (order: 1, 8192 bytes)
[    0.002154] CPU: Testing write buffer coherency: ok
[    0.002334] CPU0: thread -1, cpu 0, socket 0, mpidr 80000000
[    0.002381] Setting up static identity map for 0x300000 - 0x300098
[    0.003784] Tegra Revision: A03 prime SKU: 8 CPU Process: 1 SoC Process: 2
[    0.004832] CPU1: thread -1, cpu 1, socket 0, mpidr 80000001
[    0.004895] Brought up 2 CPUs
[    0.004934] SMP: Total of 2 processors activated (4.00 BogoMIPS).
[    0.004939] CPU: All CPU(s) started in SVC mode.
[    0.005591] devtmpfs: initialized
[    0.009451] VFP support v0.3: implementor 41 architecture 3 part 30 variant 9 rev 1
[    0.009822] clocksource: jiffies: mask: 0xffffffff max_cycles: 0xffffffff, max_idle_ns: 9556302231375000 ns
[    0.012915] pinctrl core: initialized pinctrl subsystem
[    0.014227] NET: Registered protocol family 16
[    0.016488] DMA: preallocated 256 KiB pool for atomic coherent allocations
[    0.029929] cpuidle: using governor menu
[    0.040896] No ATAGs?
[    0.040924] hw-breakpoint: found 5 (+1 reserved) breakpoint and 1 watchpoint registers.
[    0.040931] hw-breakpoint: maximum watchpoint size is 4 bytes.
[    0.044560] Serial: AMBA PL011 UART driver
[    0.068593] usb1_vbus: Failed to request enable GPIO170: -517
[    0.068606] reg-fixed-voltage regulators:regulator@2: Failed to register regulator: -517
[    0.072509] vgaarb: loaded
[    0.073258] SCSI subsystem initialized
[    0.073384] libata version 3.00 loaded.
[    0.073595] usbcore: registered new interface driver usbfs
[    0.073639] usbcore: registered new interface driver hub
[    0.073678] usbcore: registered new device driver usb
[    0.075853] pps_core: LinuxPPS API ver. 1 registered
[    0.075860] pps_core: Software ver. 5.3.6 - Copyright 2005-2007 Rodolfo Giometti <giometti@linux.it>
[    0.075881] PTP clock support registered
[    0.076052] EDAC MC: Ver: 3.0.0
[    0.077960] clocksource: Switched to clocksource timer_us
[    0.085812] NET: Registered protocol family 2
[    0.086241] TCP established hash table entries: 8192 (order: 3, 32768 bytes)
[    0.086311] TCP bind hash table entries: 8192 (order: 4, 65536 bytes)
[    0.086424] TCP: Hash tables configured (established 8192 bind 8192)
[    0.086491] UDP hash table entries: 512 (order: 2, 16384 bytes)
[    0.086538] UDP-Lite hash table entries: 512 (order: 2, 16384 bytes)
[    0.086704] NET: Registered protocol family 1
[    0.086941] RPC: Registered named UNIX socket transport module.
[    0.086948] RPC: Registered udp transport module.
[    0.086953] RPC: Registered tcp transport module.
[    0.086958] RPC: Registered tcp NFSv4.1 backchannel transport module.
[    0.086976] PCI: CLS 0 bytes, default 64
[    0.087787] hw perfevents: enabled with armv7_cortex_a9 PMU driver, 7 counters available
[    0.088871] futex hash table entries: 512 (order: 3, 32768 bytes)
[    0.089508] workingset: timestamp_bits=28 max_order=18 bucket_order=0
[    0.097107] squashfs: version 4.0 (2009/01/31) Phillip Lougher
[    0.097704] NFS: Registering the id_resolver key type
[    0.097734] Key type id_resolver registered
[    0.097740] Key type id_legacy registered
[    0.097789] ntfs: driver 2.1.32 [Flags: R/O].
[    0.098814] bounce: pool size: 64 pages
[    0.098972] Block layer SCSI generic (bsg) driver version 0.4 loaded (major 248)
[    0.098987] io scheduler noop registered
[    0.098997] io scheduler deadline registered
[    0.099026] io scheduler cfq registered (default)
[    0.110444] tegra-pcie 80003000.pcie-controller: dual-mode configuration
[    0.111041] tegra-pcie 80003000.pcie-controller: probing port 0, using 2 lanes
[    0.193411] tegra-pcie 80003000.pcie-controller: PCI host bridge to bus 0000:00
[    0.193424] pci_bus 0000:00: root bus resource [io  0x0000-0xffff]
[    0.193433] pci_bus 0000:00: root bus resource [mem 0xa0000000-0xa7ffffff]
[    0.193441] pci_bus 0000:00: root bus resource [mem 0xa8000000-0xbfffffff pref]
[    0.193450] pci_bus 0000:00: root bus resource [bus 00-ff]
[    0.193481] pci 0000:00:01.0: [10de:0bf0] type 01 class 0x060000
[    0.193540] pci 0000:00:01.0: PME# supported from D0 D1 D2 D3hot D3cold
[    0.193732] PCI: bus0: Fast back to back transfers disabled
[    0.193743] pci 0000:00:01.0: bridge configuration invalid ([bus 00-00]), reconfiguring
[    0.193868] pci 0000:01:00.0: [10ec:8168] type 00 class 0x020000
[    0.193890] pci 0000:01:00.0: reg 0x10: [io  0x0000-0x00ff]
[    0.193912] pci 0000:01:00.0: reg 0x18: [mem 0x00000000-0x00000fff 64bit pref]
[    0.193929] pci 0000:01:00.0: reg 0x20: [mem 0x00000000-0x00003fff 64bit pref]
[    0.193941] pci 0000:01:00.0: reg 0x30: [mem 0x00000000-0x0001ffff pref]
[    0.194015] pci 0000:01:00.0: supports D1 D2
[    0.194023] pci 0000:01:00.0: PME# supported from D0 D1 D2 D3hot D3cold
[    0.202992] PCI: bus1: Fast back to back transfers disabled
[    0.203004] pci_bus 0000:01: busn_res: [bus 01-ff] end is updated to 01
[    0.203016] Disabling cpuidle LP2 state, since PCIe IRQs are in use
[    0.203069] pci 0000:00:01.0: BAR 8: assigned [mem 0xa0000000-0xa00fffff]
[    0.203082] pci 0000:00:01.0: BAR 9: assigned [mem 0xa8000000-0xa80fffff 64bit pref]
[    0.203091] pci 0000:00:01.0: BAR 7: assigned [io  0x1000-0x1fff]
[    0.203104] pci 0000:01:00.0: BAR 6: assigned [mem 0xa0000000-0xa001ffff pref]
[    0.203113] pci 0000:01:00.0: BAR 4: assigned [mem 0xa8000000-0xa8003fff 64bit pref]
[    0.203130] pci 0000:01:00.0: BAR 2: assigned [mem 0xa8004000-0xa8004fff 64bit pref]
[    0.203146] pci 0000:01:00.0: BAR 0: assigned [io  0x1000-0x10ff]
[    0.203157] pci 0000:00:01.0: PCI bridge to [bus 01]
[    0.203165] pci 0000:00:01.0:   bridge window [io  0x1000-0x1fff]
[    0.203173] pci 0000:00:01.0:   bridge window [mem 0xa0000000-0xa00fffff]
[    0.203181] pci 0000:00:01.0:   bridge window [mem 0xa8000000-0xa80fffff 64bit pref]
[    0.203201] pci 0000:00:01.0: nv_msi_ht_cap_quirk didn't locate host bridge
[    0.203267] pcieport 0000:00:01.0: enabling device (0140 -> 0143)
[    0.203415] pcieport 0000:00:01.0: Signaling PME through PCIe PME interrupt
[    0.203423] pci 0000:01:00.0: Signaling PME through PCIe PME interrupt
[    0.203432] pcie_pme 0000:00:01.0:pcie01: service driver pcie_pme loaded
[    0.207328] tegra-apbdma 6000a000.dma: Tegra20 APB DMA driver register 16 channels
[    0.252577] Serial: 8250/16550 driver, 4 ports, IRQ sharing disabled
[    0.254938] console [ttyS0] disabled
[    0.254972] 70006000.serial: ttyS0 at MMIO 0x70006000 (irq = 279, base_baud = 13500000) is a Tegra
[    1.199422] console [ttyS0] enabled
[    1.203519] SuperH (H)SCI(F) driver initialized
[    1.208824] msm_serial: driver initialized
[    1.213080] STMicroelectronics ASC driver initialized
[    1.219920] [drm] Initialized drm 1.1.0 20060810
[    1.226692] 54280000.hdmi supply hdmi not found, using dummy regulator
[    1.236265] [drm] Supports vblank timestamp caching Rev 2 (21.10.2013).
[    1.242893] [drm] No driver support for vblank timestamp query.
[    1.248836] drm drm: No connectors reported connected with modes
[    1.254845] [drm] Cannot find any crtc or sizes - going 1024x768
[    1.276946] Console: switching to colour frame buffer device 128x48
[    1.291643] drm drm: fb0:  frame buffer device
[    1.307969] [drm] Initialized tegra 0.0.0 20120330 on minor 0
[    1.322208] brd: module loaded
[    1.329372] loop: module loaded
[    1.338259] m25p80 spi32766.0: found s25fl008k, expected w25q80bl
[    1.344358] m25p80 spi32766.0: s25fl008k (1024 Kbytes)
[    1.351847] libphy: Fixed MDIO Bus: probed
[    1.356464] CAN device driver interface
[    1.361793] igb: Intel(R) Gigabit Ethernet Network Driver - version 5.3.0-k
[    1.368753] igb: Copyright (c) 2007-2014 Intel Corporation.
[    1.374868] r8169 Gigabit Ethernet driver 2.3LK-NAPI loaded
[    1.380466] r8169 0000:01:00.0: enabling device (0140 -> 0143)
[    1.387047] r8169 0000:01:00.0 eth0: RTL8168d/8111d at 0xf0878000, 00:01:c0:13:7d:63, XID 081000c0 IRQ 296
[    1.396702] r8169 0000:01:00.0 eth0: jumbo features [frames: 9200 bytes, tx checksumming: ko]
[    1.407212] pegasus: v0.9.3 (2013/04/25), Pegasus/Pegasus II USB Ethernet driver
[    1.414671] usbcore: registered new interface driver pegasus
[    1.420378] usbcore: registered new interface driver asix
[    1.425813] usbcore: registered new interface driver ax88179_178a
[    1.431942] usbcore: registered new interface driver cdc_ether
[    1.437820] usbcore: registered new interface driver smsc75xx
[    1.443618] usbcore: registered new interface driver smsc95xx
[    1.449398] usbcore: registered new interface driver net1080
[    1.455104] usbcore: registered new interface driver cdc_subset
[    1.461058] usbcore: registered new interface driver zaurus
[    1.466694] usbcore: registered new interface driver cdc_ncm
[    1.472650] tegra-phy c5004000.usb-phy: no vbus regulator
[    1.479143] tegra-phy c5008000.usb-phy: no vbus regulator
[    1.485814] ehci_hcd: USB 2.0 'Enhanced' Host Controller (EHCI) Driver
[    1.492349] ehci-pci: EHCI PCI platform driver
[    1.496832] ehci-platform: EHCI generic platform driver
[    1.502223] ehci-omap: OMAP-EHCI Host Controller driver
[    1.507562] ehci-orion: EHCI orion driver
[    1.511684] SPEAr-ehci: EHCI SPEAr driver
[    1.515808] ehci-st: EHCI STMicroelectronics driver
[    1.520806] ehci-exynos: EHCI EXYNOS driver
[    1.525121] ehci-atmel: EHCI Atmel driver
[    1.529245] tegra-ehci: Tegra EHCI driver
[    1.554164] ulpi_phy_power_on: ulpi write failed
[    1.558785] tegra-ehci c5004000.usb: Failed to power on the phy
[    1.564715] tegra-ehci: probe of c5004000.usb failed with error -110
[    1.573704] tegra-ehci c5008000.usb: EHCI Host Controller
[    1.579117] tegra-ehci c5008000.usb: new USB bus registered, assigned bus number 1
[    1.586923] tegra-ehci c5008000.usb: irq 290, io mem 0xc5008000
[    1.597977] tegra-ehci c5008000.usb: USB 2.0 started, EHCI 1.00
[    1.604507] hub 1-0:1.0: USB hub found
[    1.608300] hub 1-0:1.0: 1 port detected
[    1.612533] ohci_hcd: USB 1.1 'Open' Host Controller (OHCI) Driver
[    1.618733] ohci-pci: OHCI PCI platform driver
[    1.623229] ohci-platform: OHCI generic platform driver
[    1.628619] ohci-omap3: OHCI OMAP3 driver
[    1.632731] SPEAr-ohci: OHCI SPEAr driver
[    1.636869] ohci-st: OHCI STMicroelectronics driver
[    1.641863] ohci-atmel: OHCI Atmel driver
[    1.646502] usbcore: registered new interface driver usb-storage
[    1.653861] mousedev: PS/2 mouse device common for all mice
[    1.661360] rtc-em3027 2-0056: rtc core: registered rtc-em3027 as rtc0
[    1.669129] tegra_rtc 7000e000.rtc: rtc core: registered 7000e000.rtc as rtc1
[    1.676295] tegra_rtc 7000e000.rtc: Tegra internal Real Time Clock
[    1.682927] i2c /dev entries driver
[    1.694958] sdhci: Secure Digital Host Controller Interface driver
[    1.701149] sdhci: Copyright(c) Pierre Ossman
[    1.706715] Synopsys Designware Multimedia Card Interface Driver
[    1.713606] sdhci-pltfm: SDHCI platform and OF driver helper
[    1.720109] mmc0: Invalid maximum block size, assuming 512 bytes
[    1.752978] mmc0: SDHCI controller on c8000000.sdhci [c8000000.sdhci] using ADMA
[    1.760480] sdhci-tegra c8000600.sdhci: Got CD GPIO
[    1.765373] sdhci-tegra c8000600.sdhci: Got WP GPIO
[    1.770404] mmc1: Invalid maximum block size, assuming 512 bytes
[    1.803047] mmc1: SDHCI controller on c8000600.sdhci [c8000600.sdhci] using ADMA
[    1.811790] ledtrig-cpu: registered to indicate activity on CPUs
[    1.818233] usbcore: registered new interface driver usbhid
[    1.823806] usbhid: USB HID core driver
[    1.832106] NET: Registered protocol family 10
[    1.837300] sit: IPv6 over IPv4 tunneling driver
[    1.842400] NET: Registered protocol family 17
[    1.846863] can: controller area network core (rev 20120528 abi 9)
[    1.853100] NET: Registered protocol family 29
[    1.857537] can: raw protocol (rev 20120528)
[    1.861812] can: broadcast manager protocol (rev 20120528 t)
[    1.867477] can: netlink gateway (rev 20130117) max_hops=1
[    1.873304] Key type dns_resolver registered
[    1.877927] ThumbEE CPU extension supported.
[    1.882218] Registering SWP/SWPB emulation handler
[    1.891839] utmi_phy_clk_enable: timeout waiting for phy to stabilize
[    1.898314] tegra-ehci c5000000.usb: EHCI Host Controller
[    1.903733] tegra-ehci c5000000.usb: new USB bus registered, assigned bus number 2
[    1.911585] tegra-ehci c5000000.usb: irq 288, io mem 0xc5000000
[    1.927986] usb 1-1: new high-speed USB device number 2 using tegra-ehci
[    1.942974] tegra-ehci c5000000.usb: USB 2.0 started, EHCI 1.00
[    1.949582] hub 2-0:1.0: USB hub found
[    1.953410] hub 2-0:1.0: 1 port detected
[    1.958327] input: gpio-keys as /devices/soc0/gpio-keys/input/input0
[    1.963272] mmc0: host does not support reading read-only switch, assuming write-enable
[    1.965081] mmc0: new high speed SDHC card at address b368
[    1.973132] mmcblk0: mmc0:b368 NCard 3.70 GiB 
[    1.983187] rtc-em3027 2-0056: setting system clock to 2014-12-28 12:50:27 UTC (1419771027)
[    1.992345]  mmcblk0: p1
[    1.996135] EXT4-fs (mmcblk0p1): mounting ext3 file system using the ext4 subsystem
[    2.017151] mmc1: new high speed SD card at address b368
[    2.022993] mmcblk1: mmc1:b368 NCard 1.83 GiB (ro)
[    2.030526]  mmcblk1: p1 p2
[    2.079293] hub 1-1:1.0: USB hub found
[    2.083200] hub 1-1:1.0: 4 ports detected
[    2.087765] EXT4-fs (mmcblk0p1): recovery complete
[    2.092584] EXT4-fs (mmcblk0p1): mounted filesystem with ordered data mode. Opts: (null)
[    2.100703] VFS: Mounted root (ext3 filesystem) on device 179:1.
[    2.115323] devtmpfs: mounted
[    2.120879] Freeing unused kernel memory: 2048K (c1100000 - c1300000)
bash: cannot set terminal process group (-1): Inappropriate ioctl for device
bash: no job control in this shell
[    2.393382] usb 1-1.2: new high-speed USB device number 3 using tegra-ehci
root@(none):/# mount -t sysfs none /sys
root@(none):/# 
root@(none):/# mount -t debugfs none /sys/kernel/debug
root@(none):/# 
root@(none):/# rtcwake -d rtc1 -m mem -s 3
rtcwake: assuming RTC uses UTC ...
rtcwake: wakeup from "mem" using /dev/rtc1 at Thu Jan  1 00:00:23 1970
[    6.453130] PM: Syncing filesystems ... done.
[    6.499671] Freezing user space processes ... (elapsed 0.001 seconds) done.
[    6.508214] Freezing remaining freezable tasks ... (elapsed 0.001 seconds) done.
[    6.517229] Suspending console(s) (use no_console_suspend to debug)
[    6.555940] PM: suspend of devices complete after 29.759 msecs
[    6.559468] PM: late suspend of devices complete after 3.498 msecs
[    6.573634] PM: noirq suspend of devices complete after 14.136 msecs
[    6.573645] Disabling non-boot CPUs ...
[    6.575433] CPU1: shutdown
[    6.601081] Entering suspend state LP1
[    6.601132] Enabling non-boot CPUs ...
[    6.627229] CPU1 is up
[    6.628126] pcieport 0000:00:01.0: nv_msi_ht_cap_quirk didn't locate host bridge
[    6.643262] PM: noirq resume of devices complete after 15.999 msecs
[    6.646842] PM: early resume of devices complete after 2.839 msecs
[    6.711548] PM: resume of devices complete after 64.673 msecs
[    6.775712] Restarting tasks ... done.
root@(none):/# 
root@(none):/# rtcwake -d rtc1 -m mem -s 3
rtcwake: assuming RTC uses UTC ...
rtcwake: wakeup from "mem" using /dev/rtc1 at Thu Jan  1 00:00:27 1970
[    7.275445] PM: Syncing filesystems ... done.
[    7.299297] Freezing user space processes ... (elapsed 0.001 seconds) done.
[    7.307552] Freezing remaining freezable tasks ... (elapsed 0.001 seconds) done.
[    7.316295] Suspending console(s) (use no_console_suspend to debug)
[    7.349823] PM: suspend of devices complete after 25.929 msecs
[    7.353553] PM: late suspend of devices complete after 3.700 msecs
[    7.368549] PM: noirq suspend of devices complete after 14.965 msecs
[    7.368559] Disabling non-boot CPUs ...
[    7.370490] CPU1: shutdown
[    7.396040] Entering suspend state LP1
[    7.396090] Enabling non-boot CPUs ...
[    7.422140] CPU1 is up
[    7.423372] pcieport 0000:00:01.0: nv_msi_ht_cap_quirk didn't locate host bridge
[    7.438185] PM: noirq resume of devices complete after 16.013 msecs
[    7.441834] PM: early resume of devices complete after 2.930 msecs
[    7.506440] PM: resume of devices complete after 64.573 msecs
[    7.570618] Restarting tasks ... done.
root@(none):/# 
root@(none):/# rtcwake -d rtc1 -m mem -s 3
rtcwake: assuming RTC uses UTC ...
rtcwake: wakeup from "mem" using /dev/rtc1 at Thu Jan  1 00:00:31 1970
[    8.070299] PM: Syncing filesystems ... done.
[    8.094159] Freezing user space processes ... (elapsed 0.001 seconds) done.
[    8.102405] Freezing remaining freezable tasks ... (elapsed 0.001 seconds) done.
[    8.111144] Suspending console(s) (use no_console_suspend to debug)
[    8.145049] PM: suspend of devices complete after 26.307 msecs
[    8.148602] PM: late suspend of devices complete after 3.524 msecs
[    8.163506] PM: noirq suspend of devices complete after 14.875 msecs
[    8.163517] Disabling non-boot CPUs ...
[    8.165450] CPU1: shutdown
[    8.190962] Entering suspend state LP1
[    8.191012] Enabling non-boot CPUs ...
[    8.217050] CPU1 is up
[    8.217999] pcieport 0000:00:01.0: nv_msi_ht_cap_quirk didn't locate host bridge
[    8.233148] PM: noirq resume of devices complete after 16.065 msecs
[    8.236779] PM: early resume of devices complete after 2.894 msecs
[    8.301416] PM: resume of devices complete after 64.604 msecs
[    8.365538] Restarting tasks ... done.
root@(none):/# 
root@(none):/# rtcwake -d rtc1 -m mem -s 3
rtcwake: assuming RTC uses UTC ...
rtcwake: wakeup from "mem" using /dev/rtc1 at Thu Jan  1 00:00:35 1970
[    8.873517] PM: Syncing filesystems ... done.
[    8.906299] Freezing user space processes ... (elapsed 0.001 seconds) done.
[    8.914712] Freezing remaining freezable tasks ... (elapsed 0.001 seconds) done.
[    8.923608] Suspending console(s) (use no_console_suspend to debug)
[    8.951285] PM: suspend of devices complete after 19.569 msecs
[    8.954823] PM: late suspend of devices complete after 3.509 msecs
[    8.973432] PM: noirq suspend of devices complete after 18.580 msecs
[    8.973443] Disabling non-boot CPUs ...
[    8.975380] CPU1: shutdown
[    9.000911] Entering suspend state LP1
[    9.000960] Enabling non-boot CPUs ...
[    9.026989] CPU1 is up
[    9.029508] pcieport 0000:00:01.0: nv_msi_ht_cap_quirk didn't locate host bridge
[    9.043015] PM: noirq resume of devices complete after 15.995 msecs
[    9.047051] PM: early resume of devices complete after 3.306 msecs
[    9.111369] PM: resume of devices complete after 64.286 msecs
[    9.175524] Restarting tasks ... done.
root@(none):/# 
root@(none):/# rtcwake -d rtc1 -m mem -s 3
rtcwake: assuming RTC uses UTC ...
rtcwake: wakeup from "mem" using /dev/rtc1 at Thu Jan  1 00:00:39 1970
[    9.680413] PM: Syncing filesystems ... done.
[    9.704275] Freezing user space processes ... (elapsed 0.001 seconds) done.
[    9.712523] Freezing remaining freezable tasks ... (elapsed 0.001 seconds) done.
[    9.721257] Suspending console(s) (use no_console_suspend to debug)
[    9.754609] PM: suspend of devices complete after 25.756 msecs
[    9.758267] PM: late suspend of devices complete after 3.627 msecs
[    9.773343] PM: noirq suspend of devices complete after 15.045 msecs
[    9.773353] Disabling non-boot CPUs ...
[    9.775150] CPU1: shutdown
[    9.800874] Entering suspend state LP1
[    9.800923] Enabling non-boot CPUs ...
[    9.826939] CPU1 is up
[    9.828204] pcieport 0000:00:01.0: nv_msi_ht_cap_quirk didn't locate host bridge
[    9.842988] PM: noirq resume of devices complete after 16.016 msecs
[    9.846649] PM: early resume of devices complete after 2.941 msecs
[    9.911381] PM: resume of devices complete after 64.699 msecs
[    9.975521] Restarting tasks ... done.
root@(none):/# 
root@(none):/# rtcwake -d rtc1 -m mem -s 3
rtcwake: assuming RTC uses UTC ...
rtcwake: wakeup from "mem" using /dev/rtc1 at Thu Jan  1 00:00:43 1970
[   10.480287] PM: Syncing filesystems ... done.
[   10.504152] Freezing user space processes ... (elapsed 0.001 seconds) done.
[   10.512397] Freezing remaining freezable tasks ... (elapsed 0.001 seconds) done.
[   10.521134] Suspending console(s) (use no_console_suspend to debug)
[   10.555442] PM: suspend of devices complete after 26.709 msecs
[   10.559129] PM: late suspend of devices complete after 3.657 msecs
[   10.573277] PM: noirq suspend of devices complete after 14.118 msecs
[   10.573288] Disabling non-boot CPUs ...
[   10.575075] CPU1: shutdown
[   10.600795] Entering suspend state LP1
[   10.600844] Enabling non-boot CPUs ...
[   10.626871] CPU1 is up
[   10.628269] pcieport 0000:00:01.0: nv_msi_ht_cap_quirk didn't locate host bridge
[   10.642925] PM: noirq resume of devices complete after 16.021 msecs
[   10.646614] PM: early resume of devices complete after 2.953 msecs
[   10.711205] PM: resume of devices complete after 64.559 msecs
[   10.775356] Restarting tasks ... done.
root@(none):/# 
root@(none):/# rtcwake -d rtc1 -m mem -s 3
rtcwake: assuming RTC uses UTC ...
rtcwake: wakeup from "mem" using /dev/rtc1 at Thu Jan  1 00:00:47 1970
[   11.280115] PM: Syncing filesystems ... done.
[   11.303980] Freezing user space processes ... (elapsed 0.001 seconds) done.
[   11.312231] Freezing remaining freezable tasks ... (elapsed 0.001 seconds) done.
[   11.320965] Suspending console(s) (use no_console_suspend to debug)
[   11.355063] PM: suspend of devices complete after 26.498 msecs
[   11.358608] PM: late suspend of devices complete after 3.516 msecs
[   11.373216] PM: noirq suspend of devices complete after 14.577 msecs
[   11.373227] Disabling non-boot CPUs ...
[   11.375014] CPU1: shutdown
[   11.400736] Entering suspend state LP1
[   11.400786] Enabling non-boot CPUs ...
[   11.426823] CPU1 is up
[   11.428210] pcieport 0000:00:01.0: nv_msi_ht_cap_quirk didn't locate host bridge
[   11.442864] PM: noirq resume of devices complete after 16.009 msecs
[   11.446508] PM: early resume of devices complete after 2.909 msecs
[   11.515983] PM: resume of devices complete after 69.443 msecs
[   11.580140] Restarting tasks ... done.
root@(none):/# 
root@(none):/# rtcwake -d rtc1 -m mem -s 3
rtcwake: assuming RTC uses UTC ...
rtcwake: wakeup from "mem" using /dev/rtc1 at Thu Jan  1 00:00:51 1970
[   12.080104] PM: Syncing filesystems ... done.
[   12.103951] Freezing user space processes ... (elapsed 0.001 seconds) done.
[   12.112198] Freezing remaining freezable tasks ... (elapsed 0.001 seconds) done.
[   12.120934] Suspending console(s) (use no_console_suspend to debug)
[   12.154241] PM: suspend of devices complete after 25.709 msecs
[   12.157972] PM: late suspend of devices complete after 3.700 msecs
[   12.173174] PM: noirq suspend of devices complete after 15.172 msecs
[   12.173185] Disabling non-boot CPUs ...
[   12.175118] CPU1: shutdown
[   12.200656] Entering suspend state LP1
[   12.200705] Enabling non-boot CPUs ...
[   12.226716] CPU1 is up
[   12.227645] pcieport 0000:00:01.0: nv_msi_ht_cap_quirk didn't locate host bridge
[   12.242826] PM: noirq resume of devices complete after 16.078 msecs
[   12.246439] PM: early resume of devices complete after 2.892 msecs
[   12.316096] PM: resume of devices complete after 69.625 msecs
[   12.380252] Restarting tasks ... done.
root@(none):/# 
root@(none):/# rtcwake -d rtc1 -m mem -s 3
rtcwake: assuming RTC uses UTC ...
rtcwake: wakeup from "mem" using /dev/rtc1 at Thu Jan  1 00:00:55 1970
[   12.880163] PM: Syncing filesystems ... done.
[   12.904007] Freezing user space processes ... (elapsed 0.001 seconds) done.
[   12.912254] Freezing remaining freezable tasks ... (elapsed 0.001 seconds) done.
[   12.920994] Suspending console(s) (use no_console_suspend to debug)
[   12.954485] PM: suspend of devices complete after 25.891 msecs
[   12.958098] PM: late suspend of devices complete after 3.583 msecs
[   12.973121] PM: noirq suspend of devices complete after 14.993 msecs
[   12.973132] Disabling non-boot CPUs ...
[   12.975056] CPU1: shutdown
[   13.000604] Entering suspend state LP1
[   13.000653] Enabling non-boot CPUs ...
[   13.026675] CPU1 is up
[   13.027969] pcieport 0000:00:01.0: nv_msi_ht_cap_quirk didn't locate host bridge
[   13.042763] PM: noirq resume of devices complete after 16.056 msecs
[   13.046397] PM: early resume of devices complete after 2.900 msecs
[   13.110947] PM: resume of devices complete after 64.518 msecs
[   13.175074] Restarting tasks ... done.
root@(none):/# 
root@(none):/# rtcwake -d rtc1 -m mem -s 3
rtcwake: assuming RTC uses UTC ...
rtcwake: wakeup from "mem" using /dev/rtc1 at Thu Jan  1 00:00:59 1970
[   13.680093] PM: Syncing filesystems ... done.
[   13.703943] Freezing user space processes ... (elapsed 0.001 seconds) done.
[   13.712189] Freezing remaining freezable tasks ... (elapsed 0.001 seconds) done.
[   13.720925] Suspending console(s) (use no_console_suspend to debug)
[   13.754898] PM: suspend of devices complete after 26.375 msecs
[   13.758460] PM: late suspend of devices complete after 3.532 msecs
[   13.773022] PM: noirq suspend of devices complete after 14.531 msecs
[   13.773032] Disabling non-boot CPUs ...
[   13.774835] CPU1: shutdown
[   13.800519] Entering suspend state LP1
[   13.800567] Enabling non-boot CPUs ...
[   13.826598] CPU1 is up
[   13.827797] pcieport 0000:00:01.0: nv_msi_ht_cap_quirk didn't locate host bridge
[   13.842672] PM: noirq resume of devices complete after 16.042 msecs
[   13.846370] PM: early resume of devices complete after 2.956 msecs
[   13.910948] PM: resume of devices complete after 64.545 msecs
[   13.975095] Restarting tasks ... done.
root@(none):/# 
root@(none):/# NVTB SYSTEM SUSPEND TEST COMPLETE
