

U-Boot 2015.04-00466-gedec83e90172 (Mar 14 2016 - 10:42:01)

TEGRA124
Model: Acer Chromebook 13 CB5-311
DRAM:  4 GiB
:   Tegra SD/MMC: 0, Tegra SD/MMC: 1, Tegra SD/MMC: 2
MMC init failed
Using default environment

In:    serial
Out:   serial
Err:   serial
Net:   Net Initialization Skipped
No ethernet found.
Hit any key to stop autoboot:  2  1  0 
Tegra124 (Nyan-big) # 
Tegra124 (Nyan-big) # usb start
starting USB...
USB0:   USB EHCI 1.10
scanning bus 0 for devices... 2 USB Device(s) found
USB1:   USB EHCI 1.10
scanning bus 1 for devices... 2 USB Device(s) found
       scanning usb for storage devices... 1 Storage Device(s) found
       scanning usb for ethernet devices... 
Warning: asx0 using MAC address from net device
1 Ethernet Device(s) found
Tegra124 (Nyan-big) # setenv bootargs 'ignore_loglevel console=ttyS0,115200n8 rw root=PARTUUID=4d36e82a-b3c0-4b4b-bfcd-afe5217ac023 rootwait gpt debug noinitrd earlyprintk init=/bin/bash'
Tegra124 (Nyan-big) # setenv ipaddr 192.168.100.102; setenv serverip 192.168.100.1; setenv tftpserverip 192.168.100.1
Tegra124 (Nyan-big) # tftpboot 0x82000000 zImage.tegra_defconfig
Using asx0 device
TFTP from server 192.168.100.1; our IP address is 192.168.100.102
Filename 'zImage.tegra_defconfig'.
Load address: 0x82000000
Loading: *#################################################################
	 #################################################################
	 #################################################################
	 #################################################################
	 #################################################################
	 ############################################
	 3.4 MiB/s
done
Bytes transferred = 5406832 (528070 hex)
Tegra124 (Nyan-big) # tftpboot 0x83000000 tegra124-nyan-big.dtb
Using asx0 device
TFTP from server 192.168.100.1; our IP address is 192.168.100.102
Filename 'tegra124-nyan-big.dtb'.
Load address: 0x83000000
Loading: *#####
	 3 MiB/s
done
Bytes transferred = 66821 (10505 hex)
Tegra124 (Nyan-big) # bootz 0x82000000 - 0x83000000
Kernel image @ 0x82000000 [ 0x000000 - 0x528070 ]
## Flattened Device Tree blob at 83000000
   Booting using the fdt blob at 0x83000000
   Using Device Tree in place at 83000000, end 83013504

Starting kernel ...

[    3.095545] console [ttyS0] enabled
[    3.099020] bootconsole [earlycon0] disabled
[    3.104296] [drm] Initialized drm 1.1.0 20060810
[    3.109318] tegra-hdmi 54280000.hdmi: failed to get HDMI regulator
[    3.115911] tegra-dpaux 545c0000.dpaux: failed to get VDD supply: -517
[    3.123224] panel supply power not found, using dummy regulator
[    3.134682] loop: module loaded
[    3.138434] as3722 4-0040: AS3722 with revision 0x1 found
[    3.148529] as3722-sd2: supplied by +5V_SYS
[    3.153034] as3722-sd3: supplied by +5V_SYS
[    3.157391] +1.35V_LP0(sd3): Bringing 0uV into 1350000-1350000uV
[    3.163650] as3722-sd4: supplied by +5V_SYS
[    3.167996] +1.05V_RUN: Bringing 0uV into 1050000-1050000uV
[    3.173819] as3722-sd5: supplied by +5V_SYS
[    3.179620] as3722-ldo0: supplied by +1.35V_LP0(sd2)
[    3.185447] +1.8V_RUN_CAM: Bringing 0uV into 1800000-1800000uV
[    3.191564] as3722-ldo2: supplied by +1.8V_VDDIO
[    3.197297] as3722-ldo3: supplied by +3.3V_SYS
[    3.201750] +1.00V_LP0_VDD_RTC: Bringing 1100000uV into 1000000-1000000uV
[    3.209414] as3722-ldo4: supplied by +3.3V_SYS
[    3.214011] +3.3V_RUN_CAM: Bringing 0uV into 2800000-2800000uV
[    3.220129] as3722-ldo5: supplied by +1.8V_VDDIO
[    3.224912] +1.2V_RUN_CAM_FRONT: Bringing 0uV into 1200000-1200000uV
[    3.231695] +VDDIO_SDMMC3: Bringing 0uV into 1800000-1800000uV
[    3.237827] as3722-ldo7: supplied by +1.8V_VDDIO
[    3.242601] +1.05V_RUN_CAM_REAR: Bringing 0uV into 1050000-1050000uV
[    3.249252] as3722-ldo9: supplied by +5V_SYS
[    3.253821] +2.8V_RUN_TOUCH: Bringing 0uV into 2800000-2800000uV
[    3.260126] as3722-ldo10: supplied by +5V_SYS
[    3.264636] +2.8V_RUN_CAM_AF: Bringing 0uV into 2800000-2800000uV
[    3.271170] +1.8V_RUN_VPP_FUSE: Bringing 0uV into 1800000-1800000uV
[    3.321683] cros-ec-spi spi32766.0: Chrome EC device registered
[    3.337138] m25p80 spi32765.0: w25q32dw (4096 Kbytes)
[    3.343537] libphy: Fixed MDIO Bus: probed
[    3.347640] CAN device driver interface
[    3.351497] igb: Intel(R) Gigabit Ethernet Network Driver - version 5.3.0-k
[    3.358445] igb: Copyright (c) 2007-2014 Intel Corporation.
[    3.364117] pegasus: v0.9.3 (2013/04/25), Pegasus/Pegasus II USB Ethernet driver
[    3.371555] usbcore: registered new interface driver pegasus
[    3.377266] usbcore: registered new interface driver asix
[    3.382689] usbcore: registered new interface driver ax88179_178a
[    3.388819] usbcore: registered new interface driver cdc_ether
[    3.394700] usbcore: registered new interface driver smsc75xx
[    3.400483] usbcore: registered new interface driver smsc95xx
[    3.406267] usbcore: registered new interface driver net1080
[    3.411949] usbcore: registered new interface driver cdc_subset
[    3.417897] usbcore: registered new interface driver zaurus
[    3.423511] usbcore: registered new interface driver cdc_ncm
[    3.429271] ehci_hcd: USB 2.0 'Enhanced' Host Controller (EHCI) Driver
[    3.435785] ehci-pci: EHCI PCI platform driver
[    3.440254] tegra-ehci: Tegra EHCI driver
[    3.444586] usbcore: registered new interface driver cdc_acm
[    3.450235] cdc_acm: USB Abstract Control Model driver for USB modems and ISDN adapters
[    3.458262] usbcore: registered new interface driver cdc_wdm
[    3.463963] usbcore: registered new interface driver usb-storage
[    3.470227] mousedev: PS/2 mouse device common for all mice
[    3.476107] input: cros_ec as /devices/soc0/7000d400.spi/spi_master/spi32766/spi32766.0/7000d400.spi:cros-ec@0:keyboard-controller/input/input0
[    3.491124] as3722-rtc as3722-rtc: rtc core: registered as3722-rtc as rtc0
[    3.497998] as3722-rtc as3722-rtc: RTC interrupt 370
[    3.504821] tegra_rtc 7000e000.rtc: rtc core: registered 7000e000.rtc as rtc1
[    3.511969] tegra_rtc 7000e000.rtc: Tegra internal Real Time Clock
[    3.518284] i2c /dev entries driver
[    3.522529] usbcore: registered new interface driver uvcvideo
[    3.528265] USB Video Class driver (1.1.1)
[    3.532348] gspca_main: v2.14.0 registered
[    3.536729] 0-004c supply vcc not found, using dummy regulator
[    3.544501] tegra-wdt 60005000.timer: initialized (heartbeat = 120 sec, nowayout = 0)
[    3.552919] sdhci: Secure Digital Host Controller Interface driver
[    3.559099] sdhci: Copyright(c) Pierre Ossman
[    3.563442] sdhci-pltfm: SDHCI platform and OF driver helper
[    3.569236] sdhci-tegra 700b0000.sdhci: allocated mmc-pwrseq
[    3.574915] mmc0: Unknown controller version (3). You may experience problems.
[    3.582288] sdhci-tegra 700b0400.sdhci: Got CD GPIO
[    3.587169] sdhci-tegra 700b0400.sdhci: Got WP GPIO
[    3.592057] mmc0: Unknown controller version (3). You may experience problems.
[    3.599414] mmc0: Unknown controller version (3). You may experience problems.
[    3.606657] mmc0: Invalid maximum block size, assuming 512 bytes
[    3.674638] mmc0: SDHCI controller on 700b0600.sdhci [700b0600.sdhci] using ADMA 64-bit
[    3.685112] usbcore: registered new interface driver usbhid
[    3.693592] usbhid: USB HID core driver
[    3.701988] tegra30-i2s 70301100.i2s: DMA channels sourced from device 70300000.ahub
[    3.755118] max98090 0-0010: MAX98090 REVID=0x43
[    3.762365] max98090 0-0010: use default 2.8v micbias
[    3.765011] mmc0: new high speed MMC card at address 0001
[    3.765474] mmcblk0: mmc0:0001 MMC16G 14.4 GiB 
[    3.765685] mmcblk0boot0: mmc0:0001 MMC16G partition 1 2.00 MiB
[    3.765886] mmcblk0boot1: mmc0:0001 MMC16G partition 2 2.00 MiB
[    3.766054] mmcblk0rpmb: mmc0:0001 MMC16G partition 3 128 KiB
[    3.769239]  mmcblk0: p1 p2 p3 p4 p5 p6 p7 p8 p9 p10 p11 p12
[    3.803084] tegra-snd-max98090 sound: HiFi <-> 70301100.i2s mapping ok
[    3.810900] input: GoogleNyanBig Headphones as /devices/soc0/sound/sound/card1/input1
[    3.819003] input: GoogleNyanBig Mic Jack as /devices/soc0/sound/sound/card1/input2
[    4.134633] NET: Registered protocol family 10
[    4.294647] mip6: Mobile IPv6
[    4.297605] sit: IPv6, IPv4 and MPLS over IPv4 tunneling driver
[    4.304581] NET: Registered protocol family 17
[    4.309035] NET: Registered protocol family 15
[    4.313466] can: controller area network core (rev 20120528 abi 9)
[    4.354676] NET: Registered protocol family 29
[    4.359107] can: raw protocol (rev 20120528)
[    4.363363] can: broadcast manager protocol (rev 20160617 t)
[    4.369020] can: netlink gateway (rev 20130117) max_hops=1
[    4.414688] Bluetooth: RFCOMM socket layer initialized
[    4.419822] Bluetooth: RFCOMM ver 1.11
[    4.423562] Bluetooth: BNEP (Ethernet Emulation) ver 1.3
[    4.428896] Bluetooth: BNEP socket layer initialized
[    4.433846] Bluetooth: HIDP (Human Interface Emulation) ver 1.2
[    4.439761] Bluetooth: HIDP socket layer initialized
[    4.444850] Key type dns_resolver registered
[    4.449580] Registering SWP/SWPB emulation handler
[    4.455497] +3.3V_RUN: supplied by +3.3V_SYS
[    4.460413] +3.3V_AVDD_HDMI_AP_GATED: supplied by +3.3V_RUN
[    4.466138] +1.8V_RUN_CAM: supplied by +3.3V_RUN
[    4.470787] +VDDIO_SDMMC3: supplied by +3.3V_RUN
[    4.475544] +1.8V_RUN_VPP_FUSE: supplied by +3.3V_RUN
[    4.475984] input: tegra-hda HDMI/DP,pcm=3 as /devices/soc0/70030000.hda/sound/card0/input3
[    4.489118] +VDD_LED: supplied by +VDD_MUX
[    4.493438] +5V_VDD_TS_SW: supplied by +5V_SYS
[    4.498229] +5V_USB_HS: supplied by +5V_SYS
[    4.502614] +5V_USB_SS: supplied by +5V_SYS
[    4.507846] +3.3V_PANEL: supplied by +3.3V_RUN
[    4.513302] +3.3V_LP0: supplied by +3.3V_SYS
[    4.518468] +1.05V_RUN_AVDD_HDMI_PLL: supplied by +1.05V_RUN
[    4.524355] +5V_HDMI_CON: supplied by +5V_SYS
[    4.529851] usb3-0 supply vbus not found, using dummy regulator
[    4.535850] usb3-1 supply vbus not found, using dummy regulator
[    4.544432] tegra-sor 54540000.sor: failed to probe output: -517
[    4.550610] panel supply power not found, using dummy regulator
[    4.625387] tegra-xusb 70090000.usb: Firmware timestamp: 2014-09-16 02:10:07 UTC
[    4.632798] tegra-xusb 70090000.usb: xHCI Host Controller
[    4.638228] tegra-xusb 70090000.usb: new USB bus registered, assigned bus number 1
[    4.647815] tegra-xusb 70090000.usb: hcc params 0x0184f525 hci version 0x100 quirks 0x00010010
[    4.656483] tegra-xusb 70090000.usb: irq 342, io mem 0x70090000
[    4.663245] hub 1-0:1.0: USB hub found
[    4.667051] hub 1-0:1.0: 6 ports detected
[    4.671786] tegra-xusb 70090000.usb: xHCI Host Controller
[    4.677226] tegra-xusb 70090000.usb: new USB bus registered, assigned bus number 2
[    4.684887] usb usb2: We don't know the algorithms for LPM for this host, disabling LPM.
[    4.693794] hub 2-0:1.0: USB hub found
[    4.697605] hub 2-0:1.0: 2 ports detected
[    4.702842] sdhci-tegra 700b0000.sdhci: allocated mmc-pwrseq
[    4.708555] mmc1: Unknown controller version (3). You may experience problems.
[    4.715975] mmc1: Invalid maximum block size, assuming 512 bytes
[    4.722528] +1.8V_VDDIO: voltage operation not allowed
[    4.727692] mmc1: Switching to 3.3V signalling voltage failed
[    4.784722] mmc1: SDHCI controller on 700b0000.sdhci [700b0000.sdhci] using ADMA 64-bit
[    4.792997] sdhci-tegra 700b0400.sdhci: Got CD GPIO
[    4.799930] sdhci-tegra 700b0400.sdhci: Got WP GPIO
[    4.807868] mmc2: Unknown controller version (3). You may experience problems.
[    4.815564] mmc2: Invalid maximum block size, assuming 512 bytes
[    4.852741] mmc1: new high speed SDIO card at address 0001
[    4.886564] mmc2: SDHCI controller on 700b0400.sdhci [700b0400.sdhci] using ADMA 64-bit
[    4.993394] [drm] Supports vblank timestamp caching Rev 2 (21.10.2013).
[    5.000019] [drm] No driver support for vblank timestamp query.
[    5.034692] usb 1-2: new high-speed USB device number 2 using tegra-xusb
[    5.047198] mmc2: new high speed SDHC card at address 0007
[    5.048081] mmcblk2: mmc2:0007 SD08G 7.42 GiB 
[    5.058678] GPT:Primary header alternate_lba != Alt. header my_lba
[    5.058685] GPT:3014591 != 15564799
[    5.058687] GPT:Primary header thinks Alt. header is not at the end of the disk.
[    5.058689] GPT:3014591 != 15564799
[    5.058691] GPT: Use GNU Parted to correct GPT errors.
[    5.058728]  mmcblk2: p1 p2 p3 p4 p5 p6 p7 p8 p9 p10 p11 p12
[    5.062228] Console: switching to colour frame buffer device 170x48
[    5.120505] drm drm: fb0:  frame buffer device
[    5.164722] [drm] Initialized tegra 0.0.0 20120330 on minor 0
[    5.171215] input: gpio-keys as /devices/soc0/gpio-keys/input/input4
[    5.178845] as3722-rtc as3722-rtc: setting system clock to 2000-01-01 00:00:24 UTC (946684824)
[    5.193096] +1.8V_RUN_CAM: disabling
[    5.196901] +1.2V_RUN_CAM_FRONT: disabling
[    5.201204] +1.05V_RUN_CAM_REAR: disabling
[    5.205535] +2.8V_RUN_TOUCH: disabling
[    5.209491] +2.8V_RUN_CAM_AF: disabling
[    5.213482] +1.8V_RUN_VPP_FUSE: disabling
[    5.217673] +5V_VDD_TS_SW: disabling
[    5.221433] ALSA device list:
[    5.224393]   #0: tegra-hda at 0x70038000 irq 341
[    5.229114]   #1: GoogleNyanBig
[    5.232967] EXT4-fs (mmcblk0p3): couldn't mount as ext3 due to feature incompatibilities
[    5.345284] uvcvideo: Found UVC 1.00 device HD WebCam (1bcf:2c67)
[    5.360351] input: HD WebCam as /devices/soc0/70090000.usb/usb1/1-2/1-2:1.0/input/input5
[    5.444959] EXT4-fs (mmcblk0p3): recovery complete
[    5.450501] EXT4-fs (mmcblk0p3): mounted filesystem with ordered data mode. Opts: (null)
[    5.458650] VFS: Mounted root (ext4 filesystem) on device 179:3.
[    5.465329] devtmpfs: mounted
[    5.468806] Freeing unused kernel memory: 1024K (c0c00000 - c0d00000)
bash: cannot set terminal process group (-1): Inappropriate ioctl for device
bash: no job control in this shell
root@(none):/# [    5.704718] usb 1-3: new high-speed USB device number 3 using tegra-xusb
[    6.777738] asix 1-3:1.0 eth0: register 'asix' at usb-70090000.usb-3, ASIX AX88772 USB 2.0 Ethernet, c8:d7:19:90:fa:65
[    7.124733] usb 1-1: new high-speed USB device number 4 using tegra-xusb
[    7.303474] usb-storage 1-1:1.0: USB Mass Storage device detected
[    7.310428] scsi host0: usb-storage 1-1:1.0
[    7.394824] scsi host0: runtime PM trying to activate child device host0 but parent (1-1:1.0) is not active
[    8.486633] scsi 0:0:0:0: Direct-Access     SanDisk  SDDR-113         9412 PQ: 0 ANSI: 0
[    8.659367] sd 0:0:0:0: [sda] 15523840 512-byte logical blocks: (7.95 GB/7.40 GiB)
[    8.668315] sd 0:0:0:0: [sda] Write Protect is off
[    8.673097] sd 0:0:0:0: [sda] Mode Sense: 03 00 00 00
[    8.679154] sd 0:0:0:0: [sda] No Caching mode page found
[    8.684464] sd 0:0:0:0: [sda] Assuming drive cache: write through
[    8.710196]  sda: sda1 sda2 sda3 sda4 sda5 sda6 sda7 sda8 sda9 sda10 sda11 sda12 sda13
[    8.723422] sd 0:0:0:0: [sda] Attached SCSI removable disk
