[0000.836] [TegraBoot] (version 23.00.2015.14-mobile-1ef66670)
[0000.842] Processing in cold boot mode Bootloader 2
[0000.846] A01Q Bootrom Patch rev = 3
[0000.850] Power-up reason: pmu watchdog
[0000.853] No Battery Present
[0000.856] Platform has Ddr4 type ram
[0000.859] max77620 disabling SD1 Remote Sense
[0000.864] Setting Ddr voltage to 1125mv
[0000.868] Serial Number of Pmic Max77663: 0x40daf
[0000.876] Entering ramdump check
[0000.879] Get RamDumpCarveOut = 0x0
[0000.882] RamDumpCarveOut=0x0,  RamDumperFlag=0xe59ff3f8
[0000.887] Last reboot was clean, booting normally!
[0000.892] Sdram initialization is successful 
[0000.896] SecureOs Carveout Base=0xff800000 Size=0x00800000
[0000.901] GSC1 Carveout Base=0xff700000 Size=0x00100000
[0000.927] GSC2 Carveout Base=0xff600000 Size=0x00100000
[0000.953] GSC3 Carveout Base=0xff500000 Size=0x00100000
[0000.958] GSC4 Carveout Base=0xff400000 Size=0x00100000
[0000.963] GSC5 Carveout Base=0xff300000 Size=0x00100000
[0000.968] BpmpFw Carveout Base=0xff2c0000 Size=0x00040000
[0000.974] Lp0 Carveout Base=0xff2bf000 Size=0x00001000
[0000.989] RamDump Carveout Base=0xff23f000 Size=0x00080000
[0000.994] Platform-DebugCarveout: 0
[0000.998] Nck Carveout Base=0xff03f000 Size=0x00200000
[0001.047] Using GPT Primary to query partitions 
[0001.052] Loading Tboot-CPU binary
[0001.101] Verifying bootloader in OdmNonSecureSBK mode
[0001.111] Bootloader load address is 0xa0000000,                            entry address is 0xa0000258
[0001.120] Bootloader downloaded successfully.
[0001.124] Downloaded Tboot-CPU binary to 0xa0000258
[0001.130] MAX77620_GPIO1 Configured.
[0001.134] MAX77620_GPIO5 Configured.
[0001.137] CPU power rail is up
[0001.140] CPU clock enabled
[0001.144] Performing RAM repair
[0001.147] Updating A64 Warmreset Address to 0xa00002e9
[0001.166] Bootloader DTB Load Address: 0x83000000
[0001.183] Kernel DTB Load Address: 0x83080000
[0001.188] Loading cboot binary
[0001.282] Verifying bootloader in OdmNonSecureSBK mode
[0001.370] Bootloader load address is 0x8010fda8,                            entry address is 0x80110000
[0001.379] Bootloader downloaded successfully.
[0001.383] GPT: Partition NOT found ! 
[0001.386] Find Partition via GPT Failed
[0001.390] function NvTbootGetBinaryOffsets: 0x845208 error
[0001.395] Error in NvTbootLoadBinary: 0x845208 !
[0001.400] GPT: Partition NOT found ! 
[0001.403] No FB partition
[0001.406] Next binary entry address: 0x80110000 
[0001.410] BoardId: 2595
[0001.415] dram memory type is 3
[0001.421] WB0 init successful
[0001.447] Bpmp FW successfully loaded
[0001.451] Set NvDecSticky Bits
[0001.454] GSC1 address : ff700000
[0001.458] GSC2 address : ff600000
[0001.462] GSC3 address : ff500000
[0001.465] GSC4 address : ff400000
[0001.469] GSC5 address : ff300000
[0001.472] GSC MC Settings done
[0001.478] TOS old plaintext Image length 61440
[0001.484] *** Secure OS image signature not verified ***
[0001.489] Loading and Validation of Secure OS Successful
[0001.494] NvTbootPackSdramParams: start. 
[0001.499] NvTbootPackSdramParams: done. 
[0001.503] Tegraboot started after 831219 us
[0001.507] Basic modules init took 348566 us
[0001.511] Sec Bootdevice Read Time = 202 ms, Read Size = 8459 KB
[0001.516] Next stage binary read took 14373 us
[0001.521] Carveout took 252747 us
[0001.524] CPU initialization took 92312 us
[0001.528] Total time taken by TegraBoot 707998 us

[0001.532] Starting CPU & Halting co-processor 

64b[0001.668] LPDDR4 Training: Number of tables = 10
[0001.672] EMC Training (SRC-freq: 204000; DST-freq: 408000)
[0001.678] EMC Training Successful
[0001.681] EMC Training (SRC-freq: 204000; DST-freq: 665600)
[0001.687] EMC Training Successful
[0001.690] EMC Training (SRC-freq: 204000; DST-freq: 800000)
[0001.702] EMC Training Successful
[0001.705] EMC Training (SRC-freq: 204000; DST-freq: 1065600)
[0001.727] EMC Training Successful
[0001.730] EMC Training (SRC-freq: 204000; DST-freq: 1331200)
[0001.752] EMC Training Successful
[0001.755] EMC Training (SRC-freq: 204000; DST-freq: 1600000)
[0001.774] EMC Training Successful
[0001.778] Switching to 800000 KHz Success
[0001.811] LPDDR4 Training: Number of tables = 10


U-Boot 2015.07-rc2-g2ac3917 (Nov 09 2015 - 13:12:08 -0800)

TEGRA210
Model: NVIDIA P2371-0000
DRAM:  3 GiB
MC:   Tegra SD/MMC: 0, Tegra SD/MMC: 1
*** Warning - bad CRC, using default environment

In:    serial
Out:   serial
Err:   serial
Net:   Net Initialization Skipped
No ethernet found.
Hit any key to stop autoboot:  2  0 
Tegra210 (P2371-0000) # 
Tegra210 (P2371-0000) # ums 0 mmc 0
UMS: disk start sector: 0x0, count: 0x1d5a000
|/-\|/-\/-\|/-\/-\|/-\/-\|/-\/-\|/-\/-\|/-\/-\|/-\/-\|/-\/-\CTRL+C - Operation aborted
Tegra210 (P2371-0000) # 
Tegra210 (P2371-0000) # env set fdt_copy_node_names /cpus:/psci
Tegra210 (P2371-0000) # setenv rootpart 1
Tegra210 (P2371-0000) # setenv devtype mmc
Tegra210 (P2371-0000) # setenv devnum 0
Tegra210 (P2371-0000) # part uuid ${devtype} ${devnum}:${rootpart} uuid
Tegra210 (P2371-0000) # setenv bootargs ignore_loglevel console=ttyS0,115200n8 earlycon=uart8250,mmio32,0x70006000 rw root=PARTUUID=00000000-0001-0000-788f-a75600000000 rootwait debug earlyprintk init=/bin/bash
Tegra210 (P2371-0000) # load ${devtype} ${devnum}:${rootpart} ${kernel_addr_r} /boot/Image.defconfig
11847168 bytes read in 730 ms (15.5 MiB/s)
Tegra210 (P2371-0000) # load ${devtype} ${devnum}:${rootpart} ${fdt_addr_r} /boot/tegra210-p2371-0000.dtb
37076 bytes read in 453 ms (79.1 KiB/s)
Tegra210 (P2371-0000) # load ${devtype} ${devnum}:${rootpart} ${ramdisk_addr_r} /boot/tegra-ramdisk.img
1627787 bytes read in 494 ms (3.1 MiB/s)
Tegra210 (P2371-0000) # ramdisk_size=${filesize}
Tegra210 (P2371-0000) # booti ${kernel_addr_r} - ${fdt_addr_r}
## Flattened Device Tree blob at 82000000
   Booting using the fdt blob at 0x82000000
   Using Device Tree in place at 0000000082000000, end 000000008200c0d3

Starting kernel ...

[    0.000000] Booting Linux on physical CPU 0x0
[    0.000000] Linux version 4.6.0-rc3-next-20160418+ (pwalmsley@tamien) (gcc version 4.9.2 20140904 (prerelease) (crosstool-NG linaro-1.13.1-4.9-2014.09 - Linaro GCC 4.9-2014.09) ) #1 SMP PREEMPT Sun Apr 17 23:20:19 PDT 2016
[    0.000000] Boot CPU: AArch64 Processor [411fd071]
[    0.000000] debug: ignoring loglevel setting.
[    0.000000] earlycon: uart8250 at MMIO32 0x0000000070006000 (options '')
[    0.000000] bootconsole [uart8250] enabled
[    0.000000] efi: Getting EFI parameters from FDT:
[    0.000000] efi: UEFI not found.
[    0.000000] cma: Reserved 16 MiB at 0x00000000fe000000
[    0.000000] On node 0 totalpages: 782848
[    0.000000]   DMA zone: 8192 pages used for memmap
[    0.000000]   DMA zone: 0 pages reserved
[    0.000000]   DMA zone: 520704 pages, LIFO batch:31
[    0.000000]   Normal zone: 4096 pages used for memmap
[    0.000000]   Normal zone: 262144 pages, LIFO batch:31
[    0.000000] psci: probing for conduit method from DT.
[    0.000000] psci: PSCIv0.2 detected in firmware.
[    0.000000] psci: Using standard PSCI v0.2 function IDs
[    0.000000] psci: MIGRATE_INFO_TYPE not supported.
[    0.000000] percpu: Embedded 20 pages/cpu @ffffffc0bff58000 s42752 r8192 d30976 u81920
[    0.000000] pcpu-alloc: s42752 r8192 d30976 u81920 alloc=20*4096
[    0.000000] pcpu-alloc: [0] 0 [0] 1 [0] 2 [0] 3 
[    0.000000] Detected PIPT I-cache on CPU0
[    0.000000] CPU features: enabling workaround for ARM erratum 832075
[    0.000000] CPU features: enabling workaround for ARM erratum 834220
[    0.000000] Built 1 zonelists in Zone order, mobility grouping on.  Total pages: 770560
[    0.000000] Kernel command line: ignore_loglevel console=ttyS0,115200n8 earlycon=uart8250,mmio32,0x70006000 rw root=PARTUUID=00000000-0001-0000-788f-a75600000000 rootwait debug earlyprintk init=/bin/bash
[    0.000000] log_buf_len individual max cpu contribution: 4096 bytes
[    0.000000] log_buf_len total cpu_extra contributions: 12288 bytes
[    0.000000] log_buf_len min size: 16384 bytes
[    0.000000] log_buf_len: 32768 bytes
[    0.000000] early log buf free: 14272(87%)
[    0.000000] PID hash table entries: 4096 (order: 3, 32768 bytes)
[    0.000000] Dentry cache hash table entries: 524288 (order: 10, 4194304 bytes)
[    0.000000] Inode-cache hash table entries: 262144 (order: 9, 2097152 bytes)
[    0.000000] software IO TLB [mem 0xfa000000-0xfe000000] (64MB) mapped at [ffffffc07a000000-ffffffc07dffffff]
[    0.000000] Memory: 2981152K/3131392K available (7060K kernel code, 625K rwdata, 2984K rodata, 896K init, 244K bss, 133856K reserved, 16384K cma-reserved)
[    0.000000] Virtual kernel memory layout:
[    0.000000]     modules : 0xffffff8000000000 - 0xffffff8008000000   (   128 MB)
[    0.000000]     vmalloc : 0xffffff8008000000 - 0xffffffbebfff0000   (   250 GB)
[    0.000000]       .text : 0xffffff8008080000 - 0xffffff8008760000   (  7040 KB)
[    0.000000]     .rodata : 0xffffff8008760000 - 0xffffff8008a50000   (  3008 KB)
[    0.000000]       .init : 0xffffff8008a50000 - 0xffffff8008b30000   (   896 KB)
[    0.000000]       .data : 0xffffff8008b30000 - 0xffffff8008bcc600   (   626 KB)
[    0.000000]     fixed   : 0xffffffbefe7fd000 - 0xffffffbefec00000   (  4108 KB)
[    0.000000]     PCI I/O : 0xffffffbefee00000 - 0xffffffbeffe00000   (    16 MB)
[    0.000000]     vmemmap : 0xffffffbf00000000 - 0xffffffc000000000   (     4 GB maximum)
[    0.000000]               0xffffffbf00000000 - 0xffffffbf03000000   (    48 MB actual)
[    0.000000]     memory  : 0xffffffc000000000 - 0xffffffc0c0000000   (  3072 MB)
[    0.000000] SLUB: HWalign=64, Order=0-3, MinObjects=0, CPUs=4, Nodes=1
[    0.000000] Preemptible hierarchical RCU implementation.
[    0.000000] 	Build-time adjustment of leaf fanout to 64.
[    0.000000] 	RCU restricting CPUs from NR_CPUS=64 to nr_cpu_ids=4.
[    0.000000] RCU: Adjusting geometry for rcu_fanout_leaf=64, nr_cpu_ids=4
[    0.000000] NR_IRQS:64 nr_irqs:64 0
[    0.000000] GIC: Using split EOI/Deactivate mode
[    0.000000] /interrupt-controller@60004000: 192 interrupts forwarded to /interrupt-controller@50041000
[    0.000000] PLL_MB already enabled. Postponing set full defaults
[    0.000000] PLL_U already enabled. Postponing set full defaults
[    0.000000] PLL_P already enabled. Postponing set full defaults
[    0.000000] PLL_X already enabled. Postponing set full defaults
[    0.000000] boot misc1 0x0: expected 0x20
[    0.000000]  (comparison mask = 0xffffff)
[    0.000000] Architected cp15 timer(s) running at 19.20MHz (phys).
[    0.000000] clocksource: arch_sys_counter: mask: 0xffffffffffffff max_cycles: 0x46d987e47, max_idle_ns: 440795202767 ns
[    0.000005] sched_clock: 56 bits at 19MHz, resolution 52ns, wraps every 4398046511078ns
[    0.008395] Console: colour dummy device 80x25
[    0.013003] Calibrating delay loop (skipped), value calculated using timer frequency.. 38.40 BogoMIPS (lpj=76800)
[    0.023619] pid_max: default: 32768 minimum: 301
[    0.028455] Security Framework initialized
[    0.032728] Mount-cache hash table entries: 8192 (order: 4, 65536 bytes)
[    0.039660] Mountpoint-cache hash table entries: 8192 (order: 4, 65536 bytes)
[    0.047837] ASID allocator initialised with 65536 entries
[    0.054530] Speedo Revision 4
[    0.057626] Tegra Revision: A01 SKU: 1 CPU Process: -22 SoC Process: -22
[    0.065029] EFI services will not be available.
[    0.070243] Detected PIPT I-cache on CPU1
[    0.070283] CPU1: Booted secondary processor [411fd071]
[    0.070683] Detected PIPT I-cache on CPU2
[    0.070715] CPU2: Booted secondary processor [411fd071]
[    0.071122] Detected PIPT I-cache on CPU3
[    0.071154] CPU3: Booted secondary processor [411fd071]
[    0.071226] Brought up 4 CPUs
[    0.102902] SMP: Total of 4 processors activated.
[    0.107769] CPU: All CPU(s) started at EL2
[    0.112019] alternatives: patching kernel code
[    0.119352] devtmpfs: initialized
[    0.130506] DMI not present or invalid.
[    0.134667] clocksource: jiffies: mask: 0xffffffff max_cycles: 0xffffffff, max_idle_ns: 7645041785100000 ns
[    0.145134] pinctrl core: initialized pinctrl subsystem
[    0.151805] NET: Registered protocol family 16
[    0.172464] cpuidle: using governor menu
[    0.176676] vdso: 2 pages (1 code @ ffffff8008766000, 1 data @ ffffff8008b34000)
[    0.184346] hw-breakpoint: found 6 breakpoint and 4 watchpoint registers.
[    0.192170] DMA: preallocated 256 KiB pool for atomic allocations
[    0.198663] Serial: AMBA PL011 UART driver
[    0.235340] HugeTLB registered 2 MB page size, pre-allocated 0 pages
[    0.243425] vgaarb: loaded
[    0.246538] SCSI subsystem initialized
[    0.250558] libata version 3.00 loaded.
[    0.254826] usbcore: registered new interface driver usbfs
[    0.260554] usbcore: registered new interface driver hub
[    0.266122] usbcore: registered new device driver usb
[    0.271920] pps_core: LinuxPPS API ver. 1 registered
[    0.277056] pps_core: Software ver. 5.3.6 - Copyright 2005-2007 Rodolfo Giometti <giometti@linux.it>
[    0.286522] PTP clock support registered
[    0.290749] dmi: Firmware registration failed.
[    0.295483] Advanced Linux Sound Architecture Driver Initialized.
[    0.302390] clocksource: Switched to clocksource arch_sys_counter
[    0.308881] VFS: Disk quotas dquot_6.6.0
[    0.312992] VFS: Dquot-cache hash table entries: 512 (order 0, 4096 bytes)
[    0.327793] NET: Registered protocol family 2
[    0.332788] TCP established hash table entries: 32768 (order: 6, 262144 bytes)
[    0.340475] TCP bind hash table entries: 32768 (order: 7, 524288 bytes)
[    0.347597] TCP: Hash tables configured (established 32768 bind 32768)
[    0.354449] UDP hash table entries: 2048 (order: 4, 65536 bytes)
[    0.360862] UDP-Lite hash table entries: 2048 (order: 4, 65536 bytes)
[    0.367694] NET: Registered protocol family 1
[    0.372472] RPC: Registered named UNIX socket transport module.
[    0.378631] RPC: Registered udp transport module.
[    0.383514] RPC: Registered tcp transport module.
[    0.388382] RPC: Registered tcp NFSv4.1 backchannel transport module.
[    0.395070] PCI: CLS 0 bytes, default 128
[    0.400195] kvm [1]: 8-bit VMID
[    0.403458] kvm [1]: Hyp mode initialized successfully
[    0.408872] kvm [1]: interrupt-controller@50044000 IRQ9
[    0.414714] kvm [1]: timer IRQ3
[    0.420522] futex hash table entries: 1024 (order: 5, 131072 bytes)
[    0.427104] audit: initializing netlink subsys (disabled)
[    0.432748] audit: type=2000 audit(0.363:1): initialized
[    0.438700] workingset: timestamp_bits=44 max_order=20 bucket_order=0
[    0.455211] squashfs: version 4.0 (2009/01/31) Phillip Lougher
[    0.462075] NFS: Registering the id_resolver key type
[    0.467438] Key type id_resolver registered
[    0.471780] Key type id_legacy registered
[    0.476164] fuse init (API version 7.24)
[    0.480735] 9p: Installing v9fs 9p2000 file system support
[    0.488760] io scheduler noop registered
[    0.493004] io scheduler cfq registered (default)
[    0.507490] tegra-apbdma 60020000.dma: Tegra20 APB DMA driver register 32 channels
[    0.515859] tegra-pmc 7000e400.pmc: i2c-thermtrip node not found, emergency thermal reset disabled.
[    0.525422] xenfs: not registering filesystem on non-xen platform
[    0.535070] Serial: 8250/16550 driver, 4 ports, IRQ sharing disabled
[    0.543156] console [ttyS0] disabled
[    0.546901] 70006000.serial: ttyS0 at MMIO 0x70006000 (irq = 312, base_baud = 25500000) is a Tegra
[    0.556205] console [ttyS0] enabled
[    0.556205] console [ttyS0] enabled
[    0.563291] bootconsole [uart8250] disabled
[    0.563291] bootconsole [uart8250] disabled
[    0.572163] SuperH (H)SCI(F) driver initialized
[    0.576959] msm_serial: driver initialized
[    0.581423] Unable to detect cache hierarchy from DT for CPU 0
[    0.591796] loop: module loaded
[    0.596199] tun: Universal TUN/TAP device driver, 1.6
[    0.601261] tun: (C) 1999-2004 Max Krasnyansky <maxk@qualcomm.com>
[    0.607767] e1000e: Intel(R) PRO/1000 Network Driver - 3.2.6-k
[    0.613624] e1000e: Copyright(c) 1999 - 2015 Intel Corporation.
[    0.619599] igb: Intel(R) Gigabit Ethernet Network Driver - version 5.3.0-k
[    0.626558] igb: Copyright (c) 2007-2014 Intel Corporation.
[    0.632181] igbvf: Intel(R) Gigabit Virtual Function Network Driver - version 2.0.2-k
[    0.640011] igbvf: Copyright (c) 2009 - 2012 Intel Corporation.
[    0.645983] sky2: driver version 1.30
[    0.650037] VFIO - User Level meta-driver version: 0.3
[    0.656061] ehci_hcd: USB 2.0 'Enhanced' Host Controller (EHCI) Driver
[    0.662617] ehci-pci: EHCI PCI platform driver
[    0.667120] ehci-platform: EHCI generic platform driver
[    0.672434] ehci-msm: Qualcomm On-Chip EHCI Host Controller
[    0.678077] ohci_hcd: USB 1.1 'Open' Host Controller (OHCI) Driver
[    0.684269] ohci-pci: OHCI PCI platform driver
[    0.688769] ohci-platform: OHCI generic platform driver
[    0.694274] usbcore: registered new interface driver usb-storage
[    0.701112] mousedev: PS/2 mouse device common for all mice
[    0.707167] i2c /dev entries driver
[    0.711838] sdhci: Secure Digital Host Controller Interface driver
[    0.718024] sdhci: Copyright(c) Pierre Ossman
[    0.722460] Synopsys Designware Multimedia Card Interface Driver
[    0.728776] sdhci-pltfm: SDHCI platform and OF driver helper
[    0.734671] mmc0: Unknown controller version (3). You may experience problems.
[    0.778435] mmc0: SDHCI controller on 700b0600.sdhci [700b0600.sdhci] using ADMA 64-bit
[    0.786819] ledtrig-cpu: registered to indicate activity on CPUs
[    0.794685] usbcore: registered new interface driver usbhid
[    0.800283] usbhid: USB HID core driver
[    0.805376] NET: Registered protocol family 17
[    0.809904] 9pnet: Installing 9P2000 support
[    0.814250] Key type dns_resolver registered
[    0.819108] registered taskstats version 1
[    0.823481] hctosys: unable to open rtc device (rtc0)
[    0.835001] ALSA device list:
[    0.837966]   No soundcards found.
[    0.841675] Waiting for root device PARTUUID=00000000-0001-0000-788f-a75600000000...
[    0.875895] mmc0: new high speed MMC card at address 0001
[    0.881695] mmcblk0: mmc0:0001 SDW16G 14.7 GiB 
[    0.886445] mmcblk0boot0: mmc0:0001 SDW16G partition 1 4.00 MiB
[    0.892528] mmcblk0boot1: mmc0:0001 SDW16G partition 2 4.00 MiB
[    0.898616] mmcblk0rpmb: mmc0:0001 SDW16G partition 3 4.00 MiB
[    0.907001]  mmcblk0: p1 p2 p3 p4 p5 p6 p7 p8 p9 p10 p11 p12 p13 p14 p15 p16 p17 p18
[    0.952625] EXT4-fs (mmcblk0p1): couldn't mount as ext3 due to feature incompatibilities
[    0.977393] EXT4-fs (mmcblk0p1): mounted filesystem with ordered data mode. Opts: (null)
[    0.985508] VFS: Mounted root (ext4 filesystem) on device 179:1.
[    0.995857] devtmpfs: mounted
[    0.999360] Freeing unused kernel memory: 896K (ffffffc000a50000 - ffffffc000b30000)
bash: cannot set terminal process group (-1): Inappropriate ioctl for device
bash: no job control in this shell
root@(none):/# 