
U-Boot SPL 2014.01-00219-gc4d376f (Feb 18 2014 - 19:57:32)


U-Boot 2014.01-00219-gc4d376f (Feb 18 2014 - 19:57:32)

TEGRA114
Board: NVIDIA Dalmore
I2C:   ready
DRAM:  2 GiB
MMC:   Tegra SD/MMC: 0, Tegra SD/MMC: 1
In:    serial
Out:   serial
Err:   serial
Net:   Net Initialization Skipped
No ethernet found.
Hit any key to stop autoboot:  2  0 
Tegra114 (Dalmore) # 
Tegra114 (Dalmore) # usb reset
(Re)start USB...
USB0:   USB EHCI 1.10
scanning bus 0 for devices... 2 USB Device(s) found
       scanning usb for storage devices... 0 Storage Device(s) found
       scanning usb for ethernet devices... 
Warning: asx0 using MAC address from net device
1 Ethernet Device(s) found
Tegra114 (Dalmore) # setenv bootargs 'ignore_loglevel console=ttyS0,115200n8 rw root=PARTUUID=7369c667-ff51-ec4a-29cd-baabf2fbe346 rootwait gpt debug earlyprintk init=/bin/bash'
Tegra114 (Dalmore) # setenv ipaddr 192.168.100.100; setenv serverip 192.168.100.1; setenv tftpserverip 192.168.100.1
Tegra114 (Dalmore) # tftpboot 0x81000000 zImage.multi_v7_defconfig
Using asx0 device
TFTP from server 192.168.100.1; our IP address is 192.168.100.100
Filename 'zImage.multi_v7_defconfig'.
Load address: 0x81000000
Loading: *#################################################################
	 #################################################################
	 #################################################################
	 #################################################################
	 #################################################################
	 #################################################################
	 #################################################################
	 #################################################################
	 #####################################
	 2.8 MiB/s
done
Bytes transferred = 8172032 (7cb200 hex)
Tegra114 (Dalmore) # tftpboot 0x82000000 tegra114-dalmore.dtb
Using asx0 device
TFTP from server 192.168.100.1; our IP address is 192.168.100.100
Filename 'tegra114-dalmore.dtb'.
Load address: 0x82000000
Loading: *###
	 2.5 MiB/s
done
Bytes transferred = 34502 (86c6 hex)
Tegra114 (Dalmore) # bootz 0x81000000 - 0x82000000
Kernel image @ 0x81000000 [ 0x000000 - 0x7cb200 ]
## Flattened Device Tree blob at 82000000
   Booting using the fdt blob at 0x82000000
   Loading Device Tree to 8fff4000, end 8ffff6c5 ... OK

Starting kernel ...

[    0.000000] Booting Linux on physical CPU 0x0
[    0.000000] Linux version 4.16.0-rc1-next-20180214-350801-gae51fc4eafbe (jonathanh@tamien) (gcc version 4.7.3 20130328 (prerelease) (crosstool-NG linaro-1.13.1-4.7-2013.04-20130415 - Linaro GCC 2013.04)) #1 SMP Wed Feb 14 08:27:58 PST 2018
[    0.000000] CPU: ARMv7 Processor [412fc0f2] revision 2 (ARMv7), cr=10c5387d
[    0.000000] CPU: div instructions available: patching division code
[    0.000000] CPU: PIPT / VIPT nonaliasing data cache, PIPT instruction cache
[    0.000000] OF: fdt: Machine model: NVIDIA Tegra114 Dalmore evaluation board
[    0.000000] debug: ignoring loglevel setting.
[    0.000000] Memory policy: Data cache writealloc
[    0.000000] efi: Getting EFI parameters from FDT:
[    0.000000] efi: UEFI not found.
[    0.000000] cma: Reserved 64 MiB at 0xfb800000
[    0.000000] On node 0 totalpages: 524032
[    0.000000]   DMA zone: 1536 pages used for memmap
[    0.000000]   DMA zone: 0 pages reserved
[    0.000000]   DMA zone: 196608 pages, LIFO batch:31
[    0.000000]   HighMem zone: 327424 pages, LIFO batch:31
[    0.000000] random: fast init done
[    0.000000] percpu: Embedded 17 pages/cpu @(ptrval) s39232 r8192 d22208 u69632
[    0.000000] pcpu-alloc: s39232 r8192 d22208 u69632 alloc=17*4096
[    0.000000] pcpu-alloc: [0] 0 [0] 1 [0] 2 [0] 3 
[    0.000000] Built 1 zonelists, mobility grouping on.  Total pages: 522496
[    0.000000] Kernel command line: ignore_loglevel console=ttyS0,115200n8 rw root=PARTUUID=7369c667-ff51-ec4a-29cd-baabf2fbe346 rootwait gpt debug earlyprintk init=/bin/bash
[    0.000000] Dentry cache hash table entries: 131072 (order: 7, 524288 bytes)
[    0.000000] Inode-cache hash table entries: 65536 (order: 6, 262144 bytes)
[    0.000000] Memory: 1992576K/2096128K available (11264K kernel code, 1571K rwdata, 4356K rodata, 2048K init, 405K bss, 38016K reserved, 65536K cma-reserved, 1244160K highmem)
[    0.000000] Virtual kernel memory layout:
[    0.000000]     vector  : 0xffff0000 - 0xffff1000   (   4 kB)
[    0.000000]     fixmap  : 0xffc00000 - 0xfff00000   (3072 kB)
[    0.000000]     vmalloc : 0xf0800000 - 0xff800000   ( 240 MB)
[    0.000000]     lowmem  : 0xc0000000 - 0xf0000000   ( 768 MB)
[    0.000000]     pkmap   : 0xbfe00000 - 0xc0000000   (   2 MB)
[    0.000000]     modules : 0xbf000000 - 0xbfe00000   (  14 MB)
[    0.000000]       .text : 0x(ptrval) - 0x(ptrval)   (12256 kB)
[    0.000000]       .init : 0x(ptrval) - 0x(ptrval)   (2048 kB)
[    0.000000]       .data : 0x(ptrval) - 0x(ptrval)   (1572 kB)
[    0.000000]        .bss : 0x(ptrval) - 0x(ptrval)   ( 406 kB)
[    0.000000] SLUB: HWalign=64, Order=0-3, MinObjects=0, CPUs=4, Nodes=1
[    0.000000] Hierarchical RCU implementation.
[    0.000000] 	RCU event tracing is enabled.
[    0.000000] 	RCU restricting CPUs from NR_CPUS=16 to nr_cpu_ids=4.
[    0.000000] RCU: Adjusting geometry for rcu_fanout_leaf=16, nr_cpu_ids=4
[    0.000000] NR_IRQS: 16, nr_irqs: 16, preallocated irqs: 16
[    0.000000] /interrupt-controller@60004000: 160 interrupts forwarded to /interrupt-controller@50041000
[    0.000000] Tegra clk 127: register failed with -17
[    0.000009] sched_clock: 32 bits at 1000kHz, resolution 1000ns, wraps every 2147483647500ns
[    0.000029] clocksource: timer_us: mask: 0xffffffff max_cycles: 0xffffffff, max_idle_ns: 1911260446275 ns
[    0.000045] Switching to timer-based delay loop, resolution 1000ns
[    0.003310] arch_timer: cp15 timer(s) running at 12.00MHz (virt).
[    0.003330] clocksource: arch_sys_counter: mask: 0xffffffffffffff max_cycles: 0x2c47f4ee7, max_idle_ns: 440795202497 ns
[    0.003350] sched_clock: 56 bits at 12MHz, resolution 83ns, wraps every 4398046511096ns
[    0.003365] Switching to timer-based delay loop, resolution 83ns
[    0.003799] Console: colour dummy device 80x30
[    0.003834] Calibrating delay loop (skipped), value calculated using timer frequency.. 24.00 BogoMIPS (lpj=120000)
[    0.003853] pid_max: default: 32768 minimum: 301
[    0.003969] Mount-cache hash table entries: 2048 (order: 1, 8192 bytes)
[    0.003985] Mountpoint-cache hash table entries: 2048 (order: 1, 8192 bytes)
[    0.004498] CPU: Testing write buffer coherency: ok
[    0.004755] /cpus/cpu@0 missing clock-frequency property
[    0.004789] /cpus/cpu@1 missing clock-frequency property
[    0.004820] /cpus/cpu@2 missing clock-frequency property
[    0.004853] /cpus/cpu@3 missing clock-frequency property
[    0.004868] CPU0: thread -1, cpu 0, socket 0, mpidr 80000000
[    0.005177] Setting up static identity map for 0x80300000 - 0x803000a0
[    0.006442] Hierarchical SRCU implementation.
[    0.008517] Tegra Revision: A01 SKU: 0 CPU Process: 1 SoC Process: 0
[    0.009228] EFI services will not be available.
[    0.009395] smp: Bringing up secondary CPUs ...
[    0.009916] CPU1: thread -1, cpu 1, socket 0, mpidr 80000001
[    0.010521] CPU2: thread -1, cpu 2, socket 0, mpidr 80000002
[    0.011120] CPU3: thread -1, cpu 3, socket 0, mpidr 80000003
[    0.011226] smp: Brought up 1 node, 4 CPUs
[    0.011249] SMP: Total of 4 processors activated (96.00 BogoMIPS).
[    0.011259] CPU: All CPU(s) started in SVC mode.
[    0.012760] devtmpfs: initialized
[    0.021610] Built 1 zonelists, mobility grouping on.  Total pages: 514528
[    0.021935] VFP support v0.3: implementor 41 architecture 4 part 30 variant f rev 0
[    0.022269] clocksource: jiffies: mask: 0xffffffff max_cycles: 0xffffffff, max_idle_ns: 19112604462750000 ns
[    0.022289] futex hash table entries: 1024 (order: 4, 65536 bytes)
[    0.022482] pinctrl core: initialized pinctrl subsystem
[    0.023779] DMI not present or invalid.
[    0.024049] NET: Registered protocol family 16
[    0.026132] DMA: preallocated 256 KiB pool for atomic coherent allocations
[    0.028260] cpuidle: using governor menu
[    0.049797] No ATAGs?
[    0.049927] hw-breakpoint: found 5 (+1 reserved) breakpoint and 4 watchpoint registers.
[    0.049945] hw-breakpoint: maximum watchpoint size is 8 bytes.
[    0.055625] Serial: AMBA PL011 UART driver
[    0.056541] tegra-mc 70019000.memory-controller: no memory timings for RAM code 3 registered
[    0.056725] iommu: Adding device 54200000.dc to group 0
[    0.056784] iommu: Adding device 54240000.dc to group 0
[    0.070656] AT91: Could not find identification node
[    0.071160] dvdd_ts: Failed to request enable GPIO61: -517
[    0.071182] reg-fixed-voltage regulators:regulator@1: Failed to register regulator: -517
[    0.071297] usb1_vbus: Failed to request enable GPIO108: -517
[    0.071313] reg-fixed-voltage regulators:regulator@3: Failed to register regulator: -517
[    0.071422] usb2_vbus: Failed to request enable GPIO86: -517
[    0.071437] reg-fixed-voltage regulators:regulator@4: Failed to register regulator: -517
[    0.071874] VDD_5V0_HDMI_CON: Failed to request enable GPIO81: -517
[    0.071890] reg-fixed-voltage regulators:regulator@7: Failed to register regulator: -517
[    0.074341] vgaarb: loaded
[    0.075045] SCSI subsystem initialized
[    0.075222] libata version 3.00 loaded.
[    0.075413] usbcore: registered new interface driver usbfs
[    0.075469] usbcore: registered new interface driver hub
[    0.075543] usbcore: registered new device driver usb
[    0.078763] tps65090 2-0048: No cache defaults, reading back from HW
[    0.080663] TPS65090_RAILSDCDC1: supplied by vdd_ac_bat
[    0.081709] TPS65090_RAILSDCDC2: supplied by vdd_ac_bat
[    0.082759] TPS65090_RAILSDCDC3: supplied by vdd_ac_bat
[    0.083273] TPS65090_RAILSFET1: supplied by vdd_ac_bat
[    0.083643] TPS65090_RAILSFET2: supplied by vdd_ac_bat
[    0.083982] TPS65090_RAILSFET3: supplied by vdd-sys-3v3
[    0.084492] TPS65090_RAILSFET4: supplied by vdd-sys-3v3
[    0.085005] TPS65090_RAILSFET5: supplied by vdd-sys-3v3
[    0.085506] TPS65090_RAILSFET6: supplied by vdd-sys-3v3
[    0.086326] TPS65090_RAILSFET7: supplied by vdd-sys-3v3
[    0.086847] TPS65090_RAILSLDO1: supplied by vdd_ac_bat
[    0.087036] TPS65090_RAILSLDO2: supplied by vdd_ac_bat
[    0.087936] palmas 2-0058: Irq flag is 0x00000004
[    0.089876] palmas 2-0058: Muxing GPIO ff, PWM 0, LED 0
[    0.092389] SMPS12: supplied by vdd-ao
[    0.093405] vdd_hdmi_5v0: supplied by vdd-sys-5v0
[    0.094217] SMPS3: supplied by vdd-ao
[    0.095920] SMPS457: supplied by vdd-sys-3v3
[    0.097532] SMPS6: supplied by regulator-dummy
[    0.098906] SMPS8: supplied by vdd-sys-3v3
[    0.100477] SMPS9: supplied by vdd-sys-3v3
[    0.100994] sdhci-vdd-sd-slot: Bringing 2840000uV into 2800000-2800000uV
[    0.102361] SMPS10_OUT2: supplied by regulator-dummy
[    0.103176] SMPS10_OUT1: supplied by regulator-dummy
[    0.104065] LDO1: supplied by vdd-sys-3v3
[    0.105154] LDO2: supplied by vdd-sys-3v3
[    0.106258] LDO3: supplied by vddio-1v8
[    0.107336] LDO4: supplied by vdd-sys-3v3
[    0.108445] LDO5: supplied by vdd_ac_bat
[    0.109113] LDO6: supplied by vdd-sys-3v3
[    0.109629] vdd-sensor-2v85: Bringing 2900000uV into 2850000-2850000uV
[    0.110938] LDO7: supplied by vdd-sys-3v3
[    0.112551] LDO8: supplied by vdd-ao
[    0.113070] vdd-rtc: Bringing 675000uV into 900000-900000uV
[    0.124040] LDO9: supplied by sdhci-vdd-sd-slot
[    0.134345] LDOLN: supplied by vdd-sys-5v0
[    0.135445] LDOUSB: supplied by vdd-sys-5v0
[    0.146704] pps_core: LinuxPPS API ver. 1 registered
[    0.146716] pps_core: Software ver. 5.3.6 - Copyright 2005-2007 Rodolfo Giometti <giometti@linux.it>
[    0.146739] PTP clock support registered
[    0.146926] EDAC MC: Ver: 3.0.0
[    0.149103] clocksource: Switched to clocksource arch_sys_counter
[    0.203155] NET: Registered protocol family 2
[    0.203674] tcp_listen_portaddr_hash hash table entries: 512 (order: 0, 6144 bytes)
[    0.203708] TCP established hash table entries: 8192 (order: 3, 32768 bytes)
[    0.203811] TCP bind hash table entries: 8192 (order: 4, 65536 bytes)
[    0.203999] TCP: Hash tables configured (established 8192 bind 8192)
[    0.204087] UDP hash table entries: 512 (order: 2, 16384 bytes)
[    0.204131] UDP-Lite hash table entries: 512 (order: 2, 16384 bytes)
[    0.204293] NET: Registered protocol family 1
[    0.204677] net_namespace: Pernet operations 0xc1676f5c are sync.
[    0.204712] RPC: Registered named UNIX socket transport module.
[    0.204723] RPC: Registered udp transport module.
[    0.204732] RPC: Registered tcp transport module.
[    0.204742] RPC: Registered tcp NFSv4.1 backchannel transport module.
[    0.204756] PCI: CLS 0 bytes, default 64
[    0.206897] Initialise system trusted keyrings
[    0.207034] workingset: timestamp_bits=30 max_order=19 bucket_order=0
[    0.213902] squashfs: version 4.0 (2009/01/31) Phillip Lougher
[    0.214504] NFS: Registering the id_resolver key type
[    0.214542] Key type id_resolver registered
[    0.214552] Key type id_legacy registered
[    0.214597] ntfs: driver 2.1.32 [Flags: R/O].
[    0.216148] Key type asymmetric registered
[    0.216161] Asymmetric key parser 'x509' registered
[    0.216215] bounce: pool size: 64 pages
[    0.216263] Block layer SCSI generic (bsg) driver version 0.4 loaded (major 246)
[    0.216275] io scheduler noop registered
[    0.216285] io scheduler deadline registered
[    0.216507] io scheduler cfq registered (default)
[    0.216520] io scheduler mq-deadline registered
[    0.216530] io scheduler kyber registered
[    0.249007] tegra-apbdma 6000a000.dma: Tegra20 APB DMA driver register 32 channels
[    0.251999] tegra-pmc 7000e400.pmc: i2c-thermtrip node not found, emergency thermal reset disabled.
[    0.303894] Serial: 8250/16550 driver, 4 ports, IRQ sharing disabled
[    0.306501] console [ttyS0] disabled
[    0.306542] 70006300.serial: ttyS0 at MMIO 0x70006300 (irq = 329, base_baud = 25500000) is a Tegra
[    1.345235] console [ttyS0] enabled
[    1.349514] SuperH (H)SCI(F) driver initialized
[    1.355021] msm_serial: driver initialized
[    1.359309] STMicroelectronics ASC driver initialized
[    1.369787] Failed to attached device 54200000.dc to IOMMU_mapping
[    1.384170] Failed to attached device 54240000.dc to IOMMU_mapping
[    1.399032] tegra-hdmi 54280000.hdmi: failed to get HDMI regulator
[    1.421263] brd: module loaded
[    1.431050] loop: module loaded
[    1.451371] m25p80 spi0.0: w25q32dw (4096 Kbytes)
[    1.458656] libphy: Fixed MDIO Bus: probed
[    1.463740] CAN device driver interface
[    1.468391] bgmac_bcma: Broadcom 47xx GBit MAC driver loaded
[    1.475312] e1000e: Intel(R) PRO/1000 Network Driver - 3.2.6-k
[    1.481151] e1000e: Copyright(c) 1999 - 2015 Intel Corporation.
[    1.487107] igb: Intel(R) Gigabit Ethernet Network Driver - version 5.4.0-k
[    1.494077] igb: Copyright (c) 2007-2014 Intel Corporation.
[    1.503174] pegasus: v0.9.3 (2013/04/25), Pegasus/Pegasus II USB Ethernet driver
[    1.510622] usbcore: registered new interface driver pegasus
[    1.516310] usbcore: registered new interface driver asix
[    1.521746] usbcore: registered new interface driver ax88179_178a
[    1.527858] usbcore: registered new interface driver cdc_ether
[    1.533743] usbcore: registered new interface driver smsc75xx
[    1.539541] usbcore: registered new interface driver smsc95xx
[    1.545305] usbcore: registered new interface driver net1080
[    1.551006] usbcore: registered new interface driver cdc_subset
[    1.556942] usbcore: registered new interface driver zaurus
[    1.562564] usbcore: registered new interface driver cdc_ncm
[    1.568438] tegra-phy 7d000000.usb-phy: no vbus regulator
[    1.575877] ehci_hcd: USB 2.0 'Enhanced' Host Controller (EHCI) Driver
[    1.582416] ehci-pci: EHCI PCI platform driver
[    1.586886] ehci-platform: EHCI generic platform driver
[    1.592309] ehci-orion: EHCI orion driver
[    1.596458] SPEAr-ehci: EHCI SPEAr driver
[    1.600608] ehci-st: EHCI STMicroelectronics driver
[    1.605608] ehci-exynos: EHCI EXYNOS driver
[    1.609950] ehci-atmel: EHCI Atmel driver
[    1.614081] tegra-ehci: Tegra EHCI driver
[    1.618386] ohci_hcd: USB 1.1 'Open' Host Controller (OHCI) Driver
[    1.624583] ohci-pci: OHCI PCI platform driver
[    1.629058] ohci-platform: OHCI generic platform driver
[    1.634464] SPEAr-ohci: OHCI SPEAr driver
[    1.638597] ohci-st: OHCI STMicroelectronics driver
[    1.643614] ohci-atmel: OHCI Atmel driver
[    1.648298] usbcore: registered new interface driver usb-storage
[    1.666928] palmas-rtc 7000d000.i2c:tps65913@58:rtc: rtc core: registered 7000d000.i2c:tps65913@58:rtc as rtc0
[    1.678716] tegra_rtc 7000e000.rtc: rtc core: registered 7000e000.rtc as rtc1
[    1.685911] tegra_rtc 7000e000.rtc: Tegra internal Real Time Clock
[    1.692605] i2c /dev entries driver
[    1.702565] sbs-battery 0-000b: sbs_probe: Failed to get device status
[    1.709135] sbs-battery: probe of 0-000b failed with error -121
[    1.725493] sdhci: Secure Digital Host Controller Interface driver
[    1.731697] sdhci: Copyright(c) Pierre Ossman
[    1.737596] Synopsys Designware Multimedia Card Interface Driver
[    1.744967] sdhci-pltfm: SDHCI platform and OF driver helper
[    1.751373] sdhci-tegra 78000400.sdhci: Got CD GPIO
[    1.756273] sdhci-tegra 78000400.sdhci: Got WP GPIO
[    1.769421] mmc0: Invalid maximum block size, assuming 512 bytes
[    1.806510] mmc0: SDHCI controller on 78000400.sdhci [78000400.sdhci] using ADMA
[    1.819191] mmc1: Invalid maximum block size, assuming 512 bytes
[    1.856172] mmc1: SDHCI controller on 78000600.sdhci [78000600.sdhci] using ADMA
[    1.865599] ledtrig-cpu: registered to indicate activity on CPUs
[    1.871978] usbcore: registered new interface driver usbhid
[    1.877543] usbhid: USB HID core driver
[    1.885297] NET: Registered protocol family 10
[    1.890682] Segment Routing with IPv6
[    1.894406] sit: IPv6, IPv4 and MPLS over IPv4 tunneling driver
[    1.900889] NET: Registered protocol family 17
[    1.905334] can: controller area network core (rev 20170425 abi 9)
[    1.911593] NET: Registered protocol family 29
[    1.916032] can: raw protocol (rev 20170425)
[    1.920315] can: broadcast manager protocol (rev 20170425 t)
[    1.925973] can: netlink gateway (rev 20170425) max_hops=1
[    1.931760] Key type dns_resolver registered
[    1.936520] ThumbEE CPU extension supported.
[    1.940812] Registering SWP/SWPB emulation handler
[    1.946136] Loading compiled-in X.509 certificates
[    1.957536] mmc0: new high speed SDHC card at address aaaa
[    1.963761] mmcblk0: mmc0:aaaa SL16G 14.8 GiB 
[    1.966225] usb1_vbus: supplied by vdd-sys-5v0
[    1.973758] usb2_vbus: supplied by vdd-sys-5v0
[    1.981034] VDD_5V0_HDMI_CON: supplied by vdd-sys-5v0
[    1.989792]  mmcblk0: p1 p2 p3
[    1.993947] [drm] Supports vblank timestamp caching Rev 2 (21.10.2013).
[    1.998787] mmc1: new high speed MMC card at address 0001
[    2.000606] [drm] No driver support for vblank timestamp query.
[    2.006707] mmcblk1: mmc1:0001 SEM32G 29.1 GiB 
[    2.016911] mmcblk1boot0: mmc1:0001 SEM32G partition 1 4.00 MiB
[    2.023324] mmcblk1boot1: mmc1:0001 SEM32G partition 2 4.00 MiB
[    2.029424] mmcblk1rpmb: mmc1:0001 SEM32G partition 3 4.00 MiB, chardev (236:0)
[    2.039498]  mmcblk1: p1 p2 p3 p4 p5 p6 p7 p8
[    2.108879] Console: switching to colour frame buffer device 240x75
[    2.152903] drm drm: fb0:  frame buffer device
[    2.157509] [drm] Initialized tegra 0.0.0 20120330 for drm on minor 0
[    2.167465] tegra-ehci 7d008000.usb: EHCI Host Controller
[    2.172938] tegra-ehci 7d008000.usb: new USB bus registered, assigned bus number 1
[    2.180793] alloc_contig_range: [fb84b, fb84c) PFNs busy
[    2.186293] alloc_contig_range: [fb850, fb851) PFNs busy
[    2.191894] alloc_contig_range: [fb851, fb852) PFNs busy
[    2.197388] alloc_contig_range: [fb852, fb853) PFNs busy
[    2.202900] alloc_contig_range: [fb853, fb854) PFNs busy
[    2.208461] alloc_contig_range: [fb854, fb855) PFNs busy
[    2.213995] alloc_contig_range: [fb855, fb856) PFNs busy
[    2.219505] alloc_contig_range: [fb856, fb857) PFNs busy
[    2.225065] alloc_contig_range: [fb857, fb858) PFNs busy
[    2.230598] alloc_contig_range: [fb858, fb859) PFNs busy
[    3.333024] tegra-ehci 7d008000.usb: irq 340, io mem 0x7d008000
[    3.359230] tegra-ehci 7d008000.usb: USB 2.0 started, EHCI 1.10
[    3.366237] hub 1-0:1.0: USB hub found
[    3.370104] hub 1-0:1.0: 1 port detected
[    3.375907] input: gpio-keys as /devices/soc0/gpio-keys/input/input0
[    3.384915] palmas-rtc 7000d000.i2c:tps65913@58:rtc: setting system clock to 2000-07-07 23:35:28 UTC (963012928)
[    3.400980] dvdd_ts: disabling
[    3.404039] usb1_vbus: disabling
[    3.407265] vdd_cam_1v8_reg: disabling
[    3.412902] EXT4-fs (mmcblk1p1): mounting ext3 file system using the ext4 subsystem
[    3.434856] EXT4-fs (mmcblk1p1): recovery complete
[    3.439742] EXT4-fs (mmcblk1p1): mounted filesystem with ordered data mode. Opts: (null)
[    3.447866] VFS: Mounted root (ext3 filesystem) on device 179:17.
[    3.458680] devtmpfs: mounted
[    3.463587] Freeing unused kernel memory: 2048K
bash: cannot set terminal process group (-1): Inappropriate ioctl for device
bash: no job control in this shell
root@(none):/# [    3.739236] usb 1-1: new high-speed USB device number 2 using tegra-ehci
mount -t sysfs none /sys
[    4.420369] asix 1-1:1.0 eth0: register 'asix' at usb-7d008000.usb-1, ASIX AX88772 USB 2.0 Ethernet, 00:50:b6:0d:b5:16
root@(none):/# 
root@(none):/# mount -t debugfs none /sys/kernel/debug
root@(none):/# 
root@(none):/# rtcwake -d rtc1 -m mem -s 3
rtcwake: assuming RTC uses UTC ...
rtcwake: wakeup from "mem" using /dev/rtc1 at Thu Jan  1 00:00:22 1970
[    6.356146] PM: suspend entry (deep)
[    6.359778] PM: Syncing filesystems ... done.
[    6.390276] Freezing user space processes ... (elapsed 0.001 seconds) done.
[    6.398499] OOM killer disabled.
[    6.401779] Freezing remaining freezable tasks ... (elapsed 0.001 seconds) done.
[    6.410514] Suspending console(s) (use no_console_suspend to debug)
[    6.480303] Disabling non-boot CPUs ...
[    6.589476] IRQ17 no longer affine to CPU2
[    6.650361] Entering suspend state LP1
[    6.650385] Enabling non-boot CPUs ...
[    6.650965] CPU1 is up
[    6.651504] CPU2 is up
[    6.652153] CPU3 is up
[    7.293855] OOM killer enabled.
[    7.296999] Restarting tasks ... done.
[    7.330977] PM: suspend exit
root@(none):/# 
root@(none):/# rtcwake -d rtc1 -m mem -s 3
rtcwake: assuming RTC uses UTC ...
rtcwake: wakeup from "mem" using /dev/rtc1 at Thu Jan  1 00:00:32 1970
[    8.593736] PM: suspend entry (deep)
[    8.597315] PM: Syncing filesystems ... done.
[    8.630681] Freezing user space processes ... (elapsed 0.001 seconds) done.
[    8.638931] OOM killer disabled.
[    8.642212] Freezing remaining freezable tasks ... (elapsed 0.001 seconds) done.
[    8.650972] Suspending console(s) (use no_console_suspend to debug)
[    8.719566] Disabling non-boot CPUs ...
[    8.890295] Entering suspend state LP1
[    8.890318] Enabling non-boot CPUs ...
[    8.890922] CPU1 is up
[    8.891458] CPU2 is up
[    8.892107] CPU3 is up
[    9.527795] OOM killer enabled.
[    9.530949] Restarting tasks ... done.
[    9.571156] PM: suspend exit
root@(none):/# 
root@(none):/# rtcwake -d rtc1 -m mem -s 3
rtcwake: assuming RTC uses UTC ...
rtcwake: wakeup from "mem" using /dev/rtc1 at Thu Jan  1 00:00:42 1970
[   10.252976] PM: suspend entry (deep)
[   10.256555] PM: Syncing filesystems ... done.
[   10.287779] Freezing user space processes ... (elapsed 0.001 seconds) done.
[   10.296062] OOM killer disabled.
[   10.299321] Freezing remaining freezable tasks ... (elapsed 0.001 seconds) done.
[   10.308049] Suspending console(s) (use no_console_suspend to debug)
[   10.379653] Disabling non-boot CPUs ...
[   10.550258] Entering suspend state LP1
[   10.550282] Enabling non-boot CPUs ...
[   10.550885] CPU1 is up
[   10.551423] CPU2 is up
[   10.552066] CPU3 is up
[   11.189651] OOM killer enabled.
[   11.192786] Restarting tasks ... done.
[   11.231022] PM: suspend exit
root@(none):/# 
root@(none):/# rtcwake -d rtc1 -m mem -s 3
rtcwake: assuming RTC uses UTC ...
rtcwake: wakeup from "mem" using /dev/rtc1 at Thu Jan  1 00:00:52 1970
[   12.491566] PM: suspend entry (deep)
[   12.495161] PM: Syncing filesystems ... done.
[   12.530563] Freezing user space processes ... (elapsed 0.001 seconds) done.
[   12.538811] OOM killer disabled.
[   12.542072] Freezing remaining freezable tasks ... (elapsed 0.001 seconds) done.
[   12.550851] Suspending console(s) (use no_console_suspend to debug)
[   12.619398] Disabling non-boot CPUs ...
[   12.790193] Entering suspend state LP1
[   12.790216] Enabling non-boot CPUs ...
[   12.790819] CPU1 is up
[   12.791355] CPU2 is up
[   12.791993] CPU3 is up
[   13.429977] OOM killer enabled.
[   13.433122] Restarting tasks ... done.
[   13.471100] PM: suspend exit
root@(none):/# 
root@(none):/# rtcwake -d rtc1 -m mem -s 3
rtcwake: assuming RTC uses UTC ...
rtcwake: wakeup from "mem" using /dev/rtc1 at Thu Jan  1 00:01:02 1970
[   14.165690] PM: suspend entry (deep)
[   14.169329] PM: Syncing filesystems ... done.
[   14.204292] Freezing user space processes ... (elapsed 0.001 seconds) done.
[   14.212602] OOM killer disabled.
[   14.215826] Freezing remaining freezable tasks ... (elapsed 0.001 seconds) done.
[   14.224605] Suspending console(s) (use no_console_suspend to debug)
[   14.299551] Disabling non-boot CPUs ...
[   14.469268] IRQ17 no longer affine to CPU3
[   14.470167] Entering suspend state LP1
[   14.470190] Enabling non-boot CPUs ...
[   14.470794] CPU1 is up
[   14.471335] CPU2 is up
[   14.471974] CPU3 is up
[   15.113364] OOM killer enabled.
[   15.116506] Restarting tasks ... done.
[   15.150987] PM: suspend exit
root@(none):/# 
root@(none):/# rtcwake -d rtc1 -m mem -s 3
rtcwake: assuming RTC uses UTC ...
rtcwake: wakeup from "mem" using /dev/rtc1 at Thu Jan  1 00:01:12 1970
[   16.412822] PM: suspend entry (deep)
[   16.416400] PM: Syncing filesystems ... done.
[   16.450621] Freezing user space processes ... (elapsed 0.001 seconds) done.
[   16.458872] OOM killer disabled.
[   16.462155] Freezing remaining freezable tasks ... (elapsed 0.001 seconds) done.
[   16.470916] Suspending console(s) (use no_console_suspend to debug)
[   16.539016] Disabling non-boot CPUs ...
[   16.709227] IRQ17 no longer affine to CPU3
[   16.710148] Entering suspend state LP1
[   16.710171] Enabling non-boot CPUs ...
[   16.710773] CPU1 is up
[   16.711309] CPU2 is up
[   16.711947] CPU3 is up
[   17.354316] OOM killer enabled.
[   17.357459] Restarting tasks ... done.
[   17.389921] PM: suspend exit
root@(none):/# 
root@(none):/# rtcwake -d rtc1 -m mem -s 3
rtcwake: assuming RTC uses UTC ...
rtcwake: wakeup from "mem" using /dev/rtc1 at Thu Jan  1 00:01:22 1970
[   18.069282] PM: suspend entry (deep)
[   18.072862] PM: Syncing filesystems ... done.
[   18.106605] Freezing user space processes ... (elapsed 0.001 seconds) done.
[   18.114894] OOM killer disabled.
[   18.118136] Freezing remaining freezable tasks ... (elapsed 0.001 seconds) done.
[   18.126870] Suspending console(s) (use no_console_suspend to debug)
[   18.198998] Disabling non-boot CPUs ...
[   18.369172] IRQ17 no longer affine to CPU3
[   18.370069] Entering suspend state LP1
[   18.370092] Enabling non-boot CPUs ...
[   18.370693] CPU1 is up
[   18.371236] CPU2 is up
[   18.371876] CPU3 is up
[   19.013764] OOM killer enabled.
[   19.016907] Restarting tasks ... done.
[   19.050909] PM: suspend exit
root@(none):/# 
root@(none):/# rtcwake -d rtc1 -m mem -s 3
rtcwake: assuming RTC uses UTC ...
rtcwake: wakeup from "mem" using /dev/rtc1 at Thu Jan  1 00:01:32 1970
[   20.322991] PM: suspend entry (deep)
[   20.326569] PM: Syncing filesystems ... done.
[   20.367260] Freezing user space processes ... (elapsed 0.001 seconds) done.
[   20.375556] OOM killer disabled.
[   20.378799] Freezing remaining freezable tasks ... (elapsed 0.001 seconds) done.
[   20.387542] Suspending console(s) (use no_console_suspend to debug)
[   20.459217] Disabling non-boot CPUs ...
[   20.630038] Entering suspend state LP1
[   20.630062] Enabling non-boot CPUs ...
[   20.630668] CPU1 is up
[   20.631207] CPU2 is up
[   20.631851] CPU3 is up
[   21.269948] OOM killer enabled.
[   21.273092] Restarting tasks ... done.
[   21.310803] PM: suspend exit
root@(none):/# 
root@(none):/# rtcwake -d rtc1 -m mem -s 3
rtcwake: assuming RTC uses UTC ...
rtcwake: wakeup from "mem" using /dev/rtc1 at Thu Jan  1 00:01:42 1970
[   21.991125] PM: suspend entry (deep)
[   21.994703] PM: Syncing filesystems ... done.
[   22.027444] Freezing user space processes ... (elapsed 0.001 seconds) done.
[   22.035737] OOM killer disabled.
[   22.038991] Freezing remaining freezable tasks ... (elapsed 0.001 seconds) done.
[   22.047722] Suspending console(s) (use no_console_suspend to debug)
[   22.119484] Disabling non-boot CPUs ...
[   22.289987] Entering suspend state LP1
[   22.290010] Enabling non-boot CPUs ...
[   22.290615] CPU1 is up
[   22.291155] CPU2 is up
[   22.291796] CPU3 is up
[   22.929852] OOM killer enabled.
[   22.932994] Restarting tasks ... done.
[   22.970329] PM: suspend exit
root@(none):/# 
root@(none):/# rtcwake -d rtc1 -m mem -s 3
rtcwake: assuming RTC uses UTC ...
rtcwake: wakeup from "mem" using /dev/rtc1 at Thu Jan  1 00:01:52 1970
[   24.244389] PM: suspend entry (deep)
[   24.247967] PM: Syncing filesystems ... done.
[   24.286632] Freezing user space processes ... (elapsed 0.001 seconds) done.
[   24.294940] OOM killer disabled.
[   24.298164] Freezing remaining freezable tasks ... (elapsed 0.001 seconds) done.
[   24.306882] Suspending console(s) (use no_console_suspend to debug)
[   24.379880] Disabling non-boot CPUs ...
[   24.560082] Entering suspend state LP1
[   24.560105] Enabling non-boot CPUs ...
[   24.560709] CPU1 is up
[   24.561262] CPU2 is up
[   24.561913] CPU3 is up
[   25.197359] OOM killer enabled.
[   25.200513] Restarting tasks ... done.
[   25.239913] PM: suspend exit
root@(none):/# 
root@(none):/# NVTB SYSTEM SUSPEND TEST COMPLETE
