
U-Boot SPL 2015.04-rc3-00209-ga74ef40 (Mar 16 2015 - 14:43:39)


U-Boot 2015.04-rc3-00209-ga74ef40 (Mar 16 2015 - 14:43:39)

TEGRA20
Model: Compulab TrimSlice board
DRAM:  1 GiB
MMC:   Tegra SD/MMC: 0, Tegra SD/MMC: 1
SF: Detected W25Q80BL with page size 256 Bytes, erase size 4 KiB, total 1 MiB
tegra-pcie: PCI regions:
tegra-pcie:   I/O: 0x82000000-0x82010000
tegra-pcie:   non-prefetchable memory: 0xa0000000-0xa8000000
tegra-pcie:   prefetchable memory: 0xa8000000-0xc0000000
tegra-pcie: dual-mode configuration
tegra-pcie: probing port 0, using 2 lanes
In:    serial
Out:   serial
Err:   serial
Net:   RTL8169#0
Hit any key to stop autoboot:  2  1  0 
Tegra20 (TrimSlice) # 
Tegra20 (TrimSlice) # usb reset
resetting USB...
USB0:   USB EHCI 1.00
scanning bus 0 for devices... 3 USB Device(s) found
USB1:   USB EHCI 1.00
scanning bus 1 for devices... 1 USB Device(s) found
USB2:   lowlevel init failed
       scanning usb for storage devices... 0 Storage Device(s) found
       scanning usb for ethernet devices... 
Warning: asx0 using MAC address from net device
1 Ethernet Device(s) found
Tegra20 (TrimSlice) # setenv bootargs 'ignore_loglevel console=ttyS0,115200n8 rw root=PARTUUID=11eb23c1-01 rootwait gpt debug noinitrd earlyprintk init=/bin/bash'
Tegra20 (TrimSlice) # setenv ipaddr 192.168.100.103; setenv serverip 192.168.100.1; setenv tftpserverip 192.168.100.1
Tegra20 (TrimSlice) # tftpboot 0x00408000 zImage.multi_v7_defconfig
Using RTL8169#0 device
TFTP from server 192.168.100.1; our IP address is 192.168.100.103
Filename 'zImage.multi_v7_defconfig'.
Load address: 0x408000
Loading: *#################################################################
	 #################################################################
	 #################################################################
	 #################################################################
	 #################################################################
	 #################################################################
	 #################################################################
	 #######################################################
	 4 MiB/s
done
Bytes transferred = 7485816 (723978 hex)
Tegra20 (TrimSlice) # tftpboot 0x02408000 tegra20-trimslice.dtb
Using RTL8169#0 device
TFTP from server 192.168.100.1; our IP address is 192.168.100.103
Filename 'tegra20-trimslice.dtb'.
Load address: 0x2408000
Loading: *##
	 3.4 MiB/s
done
Bytes transferred = 21426 (53b2 hex)
Tegra20 (TrimSlice) # bootz 0x00408000 - 0x02408000
Kernel image @ 0x408000 [ 0x000000 - 0x723978 ]
## Flattened Device Tree blob at 02408000
   Booting using the fdt blob at 0x2408000
   Using Device Tree in place at 02408000, end 024103b1

Starting kernel ...

[    0.000000] Booting Linux on physical CPU 0x0
[    0.000000] Linux version 4.10.0-rc6-next-20170131-149615-g7c088bd (pwalmsley@sellafield) (gcc version 4.7.3 20130328 (prerelease) (crosstool-NG linaro-1.13.1-4.7-2013.04-20130415 - Linaro GCC 2013.04) ) #1 SMP Mon Jan 30 23:36:32 PST 2017
[    0.000000] CPU: ARMv7 Processor [411fc090] revision 0 (ARMv7), cr=10c5387d
[    0.000000] CPU: PIPT / VIPT nonaliasing data cache, VIPT aliasing instruction cache
[    0.000000] OF: fdt:Machine model: Compulab TrimSlice board
[    0.000000] debug: ignoring loglevel setting.
[    0.000000] efi: Getting EFI parameters from FDT:
[    0.000000] efi: UEFI not found.
[    0.000000] cma: Reserved 64 MiB at 0x3c000000
[    0.000000] Memory policy: Data cache writealloc
[    0.000000] On node 0 totalpages: 262144
[    0.000000] free_area_init_node: node 0, pgdat c153b300, node_mem_map ef7f8000
[    0.000000]   DMA zone: 1536 pages used for memmap
[    0.000000]   DMA zone: 0 pages reserved
[    0.000000]   DMA zone: 196608 pages, LIFO batch:31
[    0.000000]   HighMem zone: 65536 pages, LIFO batch:15
[    0.000000] percpu: Embedded 16 pages/cpu @ef7c6000 s34432 r8192 d22912 u65536
[    0.000000] pcpu-alloc: s34432 r8192 d22912 u65536 alloc=16*4096
[    0.000000] pcpu-alloc: [0] 0 [0] 1 
[    0.000000] Built 1 zonelists in Zone order, mobility grouping on.  Total pages: 260608
[    0.000000] Kernel command line: ignore_loglevel console=ttyS0,115200n8 rw root=PARTUUID=11eb23c1-01 rootwait gpt debug noinitrd earlyprintk init=/bin/bash
[    0.000000] PID hash table entries: 4096 (order: 2, 16384 bytes)
[    0.000000] Dentry cache hash table entries: 131072 (order: 7, 524288 bytes)
[    0.000000] Inode-cache hash table entries: 65536 (order: 6, 262144 bytes)
[    0.000000] Memory: 954584K/1048576K available (10240K kernel code, 1267K rwdata, 4188K rodata, 2048K init, 535K bss, 28456K reserved, 65536K cma-reserved, 196608K highmem)
[    0.000000] Virtual kernel memory layout:
[    0.000000]     vector  : 0xffff0000 - 0xffff1000   (   4 kB)
[    0.000000]     fixmap  : 0xffc00000 - 0xfff00000   (3072 kB)
[    0.000000]     vmalloc : 0xf0800000 - 0xff800000   ( 240 MB)
[    0.000000]     lowmem  : 0xc0000000 - 0xf0000000   ( 768 MB)
[    0.000000]     pkmap   : 0xbfe00000 - 0xc0000000   (   2 MB)
[    0.000000]     modules : 0xbf000000 - 0xbfe00000   (  14 MB)
[    0.000000]       .text : 0xc0208000 - 0xc0d00000   (11232 kB)
[    0.000000]       .init : 0xc1200000 - 0xc1400000   (2048 kB)
[    0.000000]       .data : 0xc1400000 - 0xc153ce00   (1268 kB)
[    0.000000]        .bss : 0xc153e000 - 0xc15c3ef8   ( 536 kB)
[    0.000000] SLUB: HWalign=64, Order=0-3, MinObjects=0, CPUs=2, Nodes=1
[    0.000000] Hierarchical RCU implementation.
[    0.000000] 	RCU debugfs-based tracing is enabled.
[    0.000000] 	Build-time adjustment of leaf fanout to 32.
[    0.000000] 	RCU restricting CPUs from NR_CPUS=16 to nr_cpu_ids=2.
[    0.000000] RCU: Adjusting geometry for rcu_fanout_leaf=32, nr_cpu_ids=2
[    0.000000] NR_IRQS:16 nr_irqs:16 16
[    0.000000] /interrupt-controller@60004000: 128 interrupts forwarded to /interrupt-controller@50041000
[    0.000000] L2C: platform modifies aux control register: 0x02080000 -> 0x3e480001
[    0.000000] L2C: DT/platform modifies aux control register: 0x02080000 -> 0x3e480001
[    0.000000] L2C-310 errata 727915 769419 enabled
[    0.000000] L2C-310 enabling early BRESP for Cortex-A9
[    0.000000] L2C-310: enabling full line of zeros but not enabled in Cortex-A9
[    0.000000] L2C-310 ID prefetch enabled, offset 1 lines
[    0.000000] L2C-310 cache controller enabled, 8 ways, 1024 kB
[    0.000000] L2C-310: CACHE_ID 0x410000c4, AUX_CTRL 0x7e480001
[    0.000010] sched_clock: 32 bits at 1000kHz, resolution 1000ns, wraps every 2147483647500ns
[    0.000027] clocksource: timer_us: mask: 0xffffffff max_cycles: 0xffffffff, max_idle_ns: 1911260446275 ns
[    0.000037] Switching to timer-based delay loop, resolution 1000ns
[    0.001767] Console: colour dummy device 80x30
[    0.001791] Calibrating delay loop (skipped), value calculated using timer frequency.. 2.00 BogoMIPS (lpj=10000)
[    0.001802] pid_max: default: 32768 minimum: 301
[    0.001886] Mount-cache hash table entries: 2048 (order: 1, 8192 bytes)
[    0.001895] Mountpoint-cache hash table entries: 2048 (order: 1, 8192 bytes)
[    0.002319] CPU: Testing write buffer coherency: ok
[    0.002520] CPU0: thread -1, cpu 0, socket 0, mpidr 80000000
[    0.002676] Setting up static identity map for 0x300000 - 0x300098
[    0.004212] Tegra Revision: A03 prime SKU: 8 CPU Process: 1 SoC Process: 2
[    0.004599] EFI services will not be available.
[    0.004757] smp: Bringing up secondary CPUs ...
[    0.005294] CPU1: thread -1, cpu 1, socket 0, mpidr 80000001
[    0.005352] smp: Brought up 1 node, 2 CPUs
[    0.005364] SMP: Total of 2 processors activated (4.00 BogoMIPS).
[    0.005370] CPU: All CPU(s) started in SVC mode.
[    0.005998] devtmpfs: initialized
[    0.009713] VFP support v0.3: implementor 41 architecture 3 part 30 variant 9 rev 1
[    0.009960] clocksource: jiffies: mask: 0xffffffff max_cycles: 0xffffffff, max_idle_ns: 19112604462750000 ns
[    0.012878] pinctrl core: initialized pinctrl subsystem
[    0.014136] NET: Registered protocol family 16
[    0.016137] DMA: preallocated 256 KiB pool for atomic coherent allocations
[    0.017650] cpuidle: using governor menu
[    0.035332] No ATAGs?
[    0.035400] hw-breakpoint: found 5 (+1 reserved) breakpoint and 1 watchpoint registers.
[    0.035411] hw-breakpoint: maximum watchpoint size is 4 bytes.
[    0.040721] Serial: AMBA PL011 UART driver
[    0.051998] usb1_vbus: Failed to request enable GPIO170: -517
[    0.052014] reg-fixed-voltage regulators:regulator@2: Failed to register regulator: -517
[    0.055610] vgaarb: loaded
[    0.056174] SCSI subsystem initialized
[    0.056296] libata version 3.00 loaded.
[    0.056477] usbcore: registered new interface driver usbfs
[    0.056520] usbcore: registered new interface driver hub
[    0.056558] usbcore: registered new device driver usb
[    0.058524] pps_core: LinuxPPS API ver. 1 registered
[    0.058532] pps_core: Software ver. 5.3.6 - Copyright 2005-2007 Rodolfo Giometti <giometti@linux.it>
[    0.058548] PTP clock support registered
[    0.058688] EDAC MC: Ver: 3.0.0
[    0.060459] clocksource: Switched to clocksource timer_us
[    0.067469] NET: Registered protocol family 2
[    0.067876] TCP established hash table entries: 8192 (order: 3, 32768 bytes)
[    0.067947] TCP bind hash table entries: 8192 (order: 4, 65536 bytes)
[    0.068060] TCP: Hash tables configured (established 8192 bind 8192)
[    0.068134] UDP hash table entries: 512 (order: 2, 16384 bytes)
[    0.068179] UDP-Lite hash table entries: 512 (order: 2, 16384 bytes)
[    0.068319] NET: Registered protocol family 1
[    0.068567] RPC: Registered named UNIX socket transport module.
[    0.068575] RPC: Registered udp transport module.
[    0.068581] RPC: Registered tcp transport module.
[    0.068586] RPC: Registered tcp NFSv4.1 backchannel transport module.
[    0.068594] PCI: CLS 0 bytes, default 64
[    0.069377] hw perfevents: enabled with armv7_cortex_a9 PMU driver, 7 counters available
[    0.070359] futex hash table entries: 512 (order: 3, 32768 bytes)
[    0.070915] workingset: timestamp_bits=30 max_order=18 bucket_order=0
[    0.077640] squashfs: version 4.0 (2009/01/31) Phillip Lougher
[    0.078226] NFS: Registering the id_resolver key type
[    0.078249] Key type id_resolver registered
[    0.078255] Key type id_legacy registered
[    0.078290] ntfs: driver 2.1.32 [Flags: R/O].
[    0.079421] bounce: pool size: 64 pages
[    0.079458] Block layer SCSI generic (bsg) driver version 0.4 loaded (major 248)
[    0.079466] io scheduler noop registered
[    0.079472] io scheduler deadline registered
[    0.079621] io scheduler cfq registered (default)
[    0.079628] io scheduler mq-deadline registered
[    0.090801] tegra-pcie 80003000.pcie-controller: dual-mode configuration
[    0.091497] tegra-pcie 80003000.pcie-controller: probing port 0, using 2 lanes
[    0.173965] tegra-pcie 80003000.pcie-controller: PCI host bridge to bus 0000:00
[    0.173978] pci_bus 0000:00: root bus resource [io  0x0000-0xffff]
[    0.173987] pci_bus 0000:00: root bus resource [mem 0xa0000000-0xa7ffffff]
[    0.173996] pci_bus 0000:00: root bus resource [mem 0xa8000000-0xbfffffff pref]
[    0.174005] pci_bus 0000:00: root bus resource [bus 00-ff]
[    0.174033] pci 0000:00:01.0: [10de:0bf0] type 01 class 0x060000
[    0.174081] pci_bus 0000:00: 2-byte config write to 0000:00:01.0 offset 0x52 may corrupt adjacent RW1C bits
[    0.174105] pci 0000:00:01.0: PME# supported from D0 D1 D2 D3hot D3cold
[    0.174117] pci_bus 0000:00: 2-byte config write to 0000:00:01.0 offset 0x4c may corrupt adjacent RW1C bits
[    0.174293] pci_bus 0000:00: 2-byte config write to 0000:00:01.0 offset 0x3e may corrupt adjacent RW1C bits
[    0.174305] pci_bus 0000:00: 2-byte config write to 0000:00:01.0 offset 0x4 may corrupt adjacent RW1C bits
[    0.174315] pci_bus 0000:00: 1-byte config write to 0000:00:01.0 offset 0xc may corrupt adjacent RW1C bits
[    0.174321] PCI: bus0: Fast back to back transfers disabled
[    0.174331] pci 0000:00:01.0: bridge configuration invalid ([bus 00-00]), reconfiguring
[    0.174341] pci_bus 0000:00: 2-byte config write to 0000:00:01.0 offset 0x3e may corrupt adjacent RW1C bits
[    0.174351] pci_bus 0000:00: 2-byte config write to 0000:00:01.0 offset 0x3e may corrupt adjacent RW1C bits
[    0.174362] pci_bus 0000:00: 2-byte config write to 0000:00:01.0 offset 0x3e may corrupt adjacent RW1C bits
[    0.174372] pci_bus 0000:00: 2-byte config write to 0000:00:01.0 offset 0x6 may corrupt adjacent RW1C bits
[    0.174489] pci 0000:01:00.0: [10ec:8168] type 00 class 0x020000
[    0.174513] pci 0000:01:00.0: reg 0x10: [io  0x0000-0x00ff]
[    0.174537] pci 0000:01:00.0: reg 0x18: [mem 0x00000000-0x00000fff 64bit pref]
[    0.174555] pci 0000:01:00.0: reg 0x20: [mem 0x00000000-0x00003fff 64bit pref]
[    0.174569] pci 0000:01:00.0: reg 0x30: [mem 0x00000000-0x0001ffff pref]
[    0.174606] pci_bus 0000:01: 2-byte config write to 0000:01:00.0 offset 0x52 may corrupt adjacent RW1C bits
[    0.174665] pci 0000:01:00.0: supports D1 D2
[    0.174673] pci 0000:01:00.0: PME# supported from D0 D1 D2 D3hot D3cold
[    0.200498] PCI: bus1: Fast back to back transfers disabled
[    0.200511] pci_bus 0000:01: busn_res: [bus 01-ff] end is updated to 01
[    0.200522] Disabling cpuidle LP2 state, since PCIe IRQs are in use
[    0.200583] pci 0000:00:01.0: BAR 8: assigned [mem 0xa0000000-0xa00fffff]
[    0.200595] pci 0000:00:01.0: BAR 9: assigned [mem 0xa8000000-0xa80fffff 64bit pref]
[    0.200604] pci 0000:00:01.0: BAR 7: assigned [io  0x1000-0x1fff]
[    0.200615] pci 0000:01:00.0: BAR 6: assigned [mem 0xa0000000-0xa001ffff pref]
[    0.200626] pci 0000:01:00.0: BAR 4: assigned [mem 0xa8000000-0xa8003fff 64bit pref]
[    0.200645] pci 0000:01:00.0: BAR 2: assigned [mem 0xa8004000-0xa8004fff 64bit pref]
[    0.200663] pci 0000:01:00.0: BAR 0: assigned [io  0x1000-0x10ff]
[    0.200675] pci 0000:00:01.0: PCI bridge to [bus 01]
[    0.200683] pci 0000:00:01.0:   bridge window [io  0x1000-0x1fff]
[    0.200692] pci 0000:00:01.0:   bridge window [mem 0xa0000000-0xa00fffff]
[    0.200700] pci 0000:00:01.0:   bridge window [mem 0xa8000000-0xa80fffff 64bit pref]
[    0.200723] pci 0000:00:01.0: nv_msi_ht_cap_quirk didn't locate host bridge
[    0.200772] pcieport 0000:00:01.0: enabling device (0140 -> 0143)
[    0.200947] pcieport 0000:00:01.0: Signaling PME with IRQ 295
[    0.206973] tegra-apbdma 6000a000.dma: Tegra20 APB DMA driver register 16 channels
[    0.255829] Serial: 8250/16550 driver, 4 ports, IRQ sharing disabled
[    0.258012] console [ttyS0] disabled
[    0.258047] 70006000.serial: ttyS0 at MMIO 0x70006000 (irq = 279, base_baud = 13500000) is a Tegra
[    1.313549] console [ttyS0] enabled
[    1.317634] SuperH (H)SCI(F) driver initialized
[    1.322893] msm_serial: driver initialized
[    1.327121] STMicroelectronics ASC driver initialized
[    1.337063] 54280000.hdmi supply hdmi not found, using dummy regulator
[    1.345521] [drm] Supports vblank timestamp caching Rev 2 (21.10.2013).
[    1.352136] [drm] No driver support for vblank timestamp query.
[    1.358067] [drm] Cannot find any crtc or sizes - going 1024x768
[    1.380023] Console: switching to colour frame buffer device 128x48
[    1.394709] drm drm: fb0:  frame buffer device
[    1.399189] [drm] Initialized tegra 0.0.0 20120330 for drm on minor 0
[    1.414624] brd: module loaded
[    1.422488] loop: module loaded
[    1.431285] m25p80 spi32766.0: found s25fl008k, expected w25q80bl
[    1.437369] m25p80 spi32766.0: s25fl008k (1024 Kbytes)
[    1.444787] libphy: Fixed MDIO Bus: probed
[    1.449657] CAN device driver interface
[    1.454196] bgmac_bcma: Broadcom 47xx GBit MAC driver loaded
[    1.460851] e1000e: Intel(R) PRO/1000 Network Driver - 3.2.6-k
[    1.466669] e1000e: Copyright(c) 1999 - 2015 Intel Corporation.
[    1.472642] igb: Intel(R) Gigabit Ethernet Network Driver - version 5.4.0-k
[    1.479585] igb: Copyright (c) 2007-2014 Intel Corporation.
[    1.485672] r8169 Gigabit Ethernet driver 2.3LK-NAPI loaded
[    1.491266] r8169 0000:01:00.0: enabling device (0140 -> 0143)
[    1.497891] r8169 0000:01:00.0 eth0: RTL8168d/8111d at 0xf08fc000, 00:01:c0:13:7d:63, XID 081000c0 IRQ 296
[    1.507552] r8169 0000:01:00.0 eth0: jumbo features [frames: 9200 bytes, tx checksumming: ko]
[    1.518179] pegasus: v0.9.3 (2013/04/25), Pegasus/Pegasus II USB Ethernet driver
[    1.525629] usbcore: registered new interface driver pegasus
[    1.531334] usbcore: registered new interface driver asix
[    1.536747] usbcore: registered new interface driver ax88179_178a
[    1.542867] usbcore: registered new interface driver cdc_ether
[    1.548722] usbcore: registered new interface driver smsc75xx
[    1.554510] usbcore: registered new interface driver smsc95xx
[    1.560268] usbcore: registered new interface driver net1080
[    1.565959] usbcore: registered new interface driver cdc_subset
[    1.571912] usbcore: registered new interface driver zaurus
[    1.577512] usbcore: registered new interface driver cdc_ncm
[    1.583441] tegra-phy c5004000.usb-phy: no vbus regulator
[    1.589921] tegra-phy c5008000.usb-phy: no vbus regulator
[    1.596622] ehci_hcd: USB 2.0 'Enhanced' Host Controller (EHCI) Driver
[    1.603151] ehci-pci: EHCI PCI platform driver
[    1.607618] ehci-platform: EHCI generic platform driver
[    1.613003] ehci-orion: EHCI orion driver
[    1.617102] SPEAr-ehci: EHCI SPEAr driver
[    1.621218] ehci-st: EHCI STMicroelectronics driver
[    1.626182] ehci-exynos: EHCI EXYNOS driver
[    1.630484] ehci-atmel: EHCI Atmel driver
[    1.634582] tegra-ehci: Tegra EHCI driver
[    1.691666] ulpi_phy_power_on: ulpi write failed
[    1.696273] tegra-ehci c5004000.usb: Failed to power on the phy
[    1.702208] tegra-ehci: probe of c5004000.usb failed with error -110
[    1.711181] tegra-ehci c5008000.usb: EHCI Host Controller
[    1.716585] tegra-ehci c5008000.usb: new USB bus registered, assigned bus number 1
[    1.724403] tegra-ehci c5008000.usb: irq 290, io mem 0xc5008000
[    1.750479] tegra-ehci c5008000.usb: USB 2.0 started, EHCI 1.00
[    1.756991] hub 1-0:1.0: USB hub found
[    1.760771] hub 1-0:1.0: 1 port detected
[    1.765000] ohci_hcd: USB 1.1 'Open' Host Controller (OHCI) Driver
[    1.771191] ohci-pci: OHCI PCI platform driver
[    1.775668] ohci-platform: OHCI generic platform driver
[    1.781049] ohci-omap3: OHCI OMAP3 driver
[    1.785156] SPEAr-ohci: OHCI SPEAr driver
[    1.789256] ohci-st: OHCI STMicroelectronics driver
[    1.794245] ohci-atmel: OHCI Atmel driver
[    1.798844] usbcore: registered new interface driver usb-storage
[    1.806040] mousedev: PS/2 mouse device common for all mice
[    1.813168] rtc-em3027 2-0056: rtc core: registered rtc-em3027 as rtc0
[    1.820876] tegra_rtc 7000e000.rtc: rtc core: registered 7000e000.rtc as rtc1
[    1.828025] tegra_rtc 7000e000.rtc: Tegra internal Real Time Clock
[    1.834613] i2c /dev entries driver
[    1.847278] sdhci: Secure Digital Host Controller Interface driver
[    1.853475] sdhci: Copyright(c) Pierre Ossman
[    1.858974] Synopsys Designware Multimedia Card Interface Driver
[    1.865835] sdhci-pltfm: SDHCI platform and OF driver helper
[    1.872333] mmc0: Invalid maximum block size, assuming 512 bytes
[    1.930478] mmc0: SDHCI controller on c8000000.sdhci [c8000000.sdhci] using ADMA
[    1.937955] sdhci-tegra c8000600.sdhci: Got CD GPIO
[    1.942853] sdhci-tegra c8000600.sdhci: Got WP GPIO
[    1.947886] mmc1: Invalid maximum block size, assuming 512 bytes
[    2.010545] mmc1: SDHCI controller on c8000600.sdhci [c8000600.sdhci] using ADMA
[    2.019305] ledtrig-cpu: registered to indicate activity on CPUs
[    2.025588] usbcore: registered new interface driver usbhid
[    2.031163] usbhid: USB HID core driver
[    2.038096] NET: Registered protocol family 10
[    2.043427] Segment Routing with IPv6
[    2.047122] sit: IPv6, IPv4 and MPLS over IPv4 tunneling driver
[    2.053559] NET: Registered protocol family 17
[    2.057996] can: controller area network core (rev 20120528 abi 9)
[    2.064333] NET: Registered protocol family 29
[    2.068765] can: raw protocol (rev 20120528)
[    2.073042] can: broadcast manager protocol (rev 20161123 t)
[    2.078689] can: netlink gateway (rev 20130117) max_hops=1
[    2.084489] Key type dns_resolver registered
[    2.089128] ThumbEE CPU extension supported.
[    2.093413] Registering SWP/SWPB emulation handler
[    2.106231] utmi_phy_clk_enable: timeout waiting for phy to stabilize
[    2.109334] mmc0: host does not support reading read-only switch, assuming write-enable
[    2.111161] mmc0: new high speed SDHC card at address b368
[    2.120857] mmcblk0: mmc0:b368 NCard 3.70 GiB 
[    2.130630] tegra-ehci c5000000.usb: EHCI Host Controller
[    2.132335]  mmcblk0: p1
[    2.138552] tegra-ehci c5000000.usb: new USB bus registered, assigned bus number 2
[    2.146417] tegra-ehci c5000000.usb: irq 288, io mem 0xc5000000
[    2.160490] usb 1-1: new high-speed USB device number 2 using tegra-ehci
[    2.190506] tegra-ehci c5000000.usb: USB 2.0 started, EHCI 1.00
[    2.197296] hub 2-0:1.0: USB hub found
[    2.201113] hub 2-0:1.0: 1 port detected
[    2.206290] input: gpio-keys as /devices/soc0/gpio-keys/input/input0
[    2.213352] rtc-em3027 2-0056: setting system clock to 2015-02-07 05:07:55 UTC (1423285675)
[    2.223602] EXT4-fs (mmcblk0p1): mounting ext3 file system using the ext4 subsystem
[    2.229449] mmc1: new high speed SD card at address b368
[    2.229950] mmcblk1: mmc1:b368 NCard 1.83 GiB (ro)
[    2.232581]  mmcblk1: p1 p2
[    2.381636] hub 1-1:1.0: USB hub found
[    2.385556] hub 1-1:1.0: 4 ports detected
[    2.472796] EXT4-fs (mmcblk0p1): recovery complete
[    2.547431] EXT4-fs (mmcblk0p1): mounted filesystem with ordered data mode. Opts: (null)
[    2.555648] VFS: Mounted root (ext3 filesystem) on device 179:1.
[    2.565798] devtmpfs: mounted
[    2.574403] Freeing unused kernel memory: 2048K
[    2.618502] random: fast init done
[    2.710547] usb 1-1.2: new high-speed USB device number 3 using tegra-ehci
bash: cannot set terminal process group (-1): Inappropriate ioctl for device
bash: no job control in this shell
root@(none):/# [    3.333107] asix 1-1.2:1.0 eth1: register 'asix' at usb-c5008000.usb-1.2, ASIX AX88772 USB 2.0 Ethernet, 00:60:6e:60:6c:68
 
root@(none):/# mount -t sysfs none /sys
root@(none):/# 
root@(none):/# mount -t debugfs none /sys/kernel/debug
root@(none):/# 
root@(none):/# rtcwake -d rtc1 -m mem -s 3
rtcwake: assuming RTC uses UTC ...
rtcwake: wakeup from "mem" using /dev/rtc1 at Thu Jan  1 00:00:32 1970
[   15.539486] PM: Syncing filesystems ... done.
[   15.585622] Freezing user space processes ... (elapsed 0.001 seconds) done.
[   15.594110] Freezing remaining freezable tasks ... (elapsed 0.001 seconds) done.
[   15.603150] Suspending console(s) (use no_console_suspend to debug)
[   15.645735] pci_generic_config_write32: 37 callbacks suppressed
[   15.645780] pci_bus 0000:00: 2-byte config write to 0000:00:01.0 offset 0x9c may corrupt adjacent RW1C bits
[   15.658158] PM: suspend of devices complete after 46.039 msecs
[   15.662887] PM: late suspend of devices complete after 4.697 msecs
[   15.667380] pci_bus 0000:01: 2-byte config write to 0000:01:00.0 offset 0x44 may corrupt adjacent RW1C bits
[   15.667439] pci_bus 0000:01: 2-byte config write to 0000:01:00.0 offset 0x44 may corrupt adjacent RW1C bits
[   15.691179] PM: noirq suspend of devices complete after 28.261 msecs
[   15.691192] Disabling non-boot CPUs ...
[   15.759664] Entering suspend state LP1
[   15.759664] Suspended for 1.209 seconds
[   15.759708] Enabling non-boot CPUs ...
[   15.789393] CPU1 is up
[   15.790259] pci_bus 0000:00: 2-byte config write to 0000:00:01.0 offset 0x4c may corrupt adjacent RW1C bits
[   15.790308] pci_bus 0000:00: 2-byte config write to 0000:00:01.0 offset 0x88 may corrupt adjacent RW1C bits
[   15.790338] pci_bus 0000:00: 2-byte config write to 0000:00:01.0 offset 0x90 may corrupt adjacent RW1C bits
[   15.790366] pci_bus 0000:00: 2-byte config write to 0000:00:01.0 offset 0x98 may corrupt adjacent RW1C bits
[   15.790507] pci_bus 0000:00: 2-byte config write to 0000:00:01.0 offset 0x9c may corrupt adjacent RW1C bits
[   15.790593] pci_bus 0000:00: 2-byte config write to 0000:00:01.0 offset 0x52 may corrupt adjacent RW1C bits
[   15.790628] pci_bus 0000:00: 2-byte config write to 0000:00:01.0 offset 0x52 may corrupt adjacent RW1C bits
[   15.790701] pcieport 0000:00:01.0: nv_msi_ht_cap_quirk didn't locate host bridge
[   15.820716] PM: noirq resume of devices complete after 31.289 msecs
[   15.824241] PM: early resume of devices complete after 2.925 msecs
[   16.369434] PM: resume of devices complete after 545.159 msecs
[   16.537823] Restarting tasks ... done.
root@(none):/# 
root@(none):/# rtcwake -d rtc1 -m mem -s 3
rtcwake: assuming RTC uses UTC ...
rtcwake: wakeup from "mem" using /dev/rtc1 at Thu Jan  1 00:00:37 1970
[   17.495136] PM: Syncing filesystems ... done.
[   17.540238] Freezing user space processes ... (elapsed 0.001 seconds) done.
[   17.548816] Freezing remaining freezable tasks ... (elapsed 0.001 seconds) done.
[   17.557919] Suspending console(s) (use no_console_suspend to debug)
[   17.607551] PM: suspend of devices complete after 40.739 msecs
[   17.612520] PM: late suspend of devices complete after 4.937 msecs
[   17.641088] PM: noirq suspend of devices complete after 28.536 msecs
[   17.641102] Disabling non-boot CPUs ...
[   17.708427] Entering suspend state LP1
[   17.708427] Suspended for 3.051 seconds
[   17.708472] Enabling non-boot CPUs ...
[   17.739362] CPU1 is up
[   17.740728] pcieport 0000:00:01.0: nv_msi_ht_cap_quirk didn't locate host bridge
[   17.770761] PM: noirq resume of devices complete after 31.365 msecs
[   17.774322] PM: early resume of devices complete after 2.964 msecs
[   18.318987] PM: resume of devices complete after 544.633 msecs
[   18.384222] Restarting tasks ... done.
root@(none):/# 
root@(none):/# rtcwake -d rtc1 -m mem -s 3
rtcwake: assuming RTC uses UTC ...
rtcwake: wakeup from "mem" using /dev/rtc1 at Thu Jan  1 00:00:42 1970
[   19.444933] PM: Syncing filesystems ... done.
[   19.489967] Freezing user space processes ... (elapsed 0.001 seconds) done.
[   19.498438] Freezing remaining freezable tasks ... (elapsed 0.001 seconds) done.
[   19.507535] Suspending console(s) (use no_console_suspend to debug)
[   19.557741] PM: suspend of devices complete after 41.326 msecs
[   19.562501] PM: late suspend of devices complete after 4.727 msecs
[   19.590963] PM: noirq suspend of devices complete after 28.430 msecs
[   19.590976] Disabling non-boot CPUs ...
[   19.638289] Entering suspend state LP1
[   19.638289] Suspended for 3.070 seconds
[   19.638333] Enabling non-boot CPUs ...
[   19.669249] CPU1 is up
[   19.670365] pcieport 0000:00:01.0: nv_msi_ht_cap_quirk didn't locate host bridge
[   19.700669] PM: noirq resume of devices complete after 31.384 msecs
[   19.704262] PM: early resume of devices complete after 2.995 msecs
[   20.254676] PM: resume of devices complete after 550.381 msecs
[   20.319909] Restarting tasks ... done.
root@(none):/# 
root@(none):/# rtcwake -d rtc1 -m mem -s 3
rtcwake: assuming RTC uses UTC ...
rtcwake: wakeup from "mem" using /dev/rtc1 at Thu Jan  1 00:00:47 1970
[   21.374712] PM: Syncing filesystems ... done.
[   21.419764] Freezing user space processes ... (elapsed 0.001 seconds) done.
[   21.428154] Freezing remaining freezable tasks ... (elapsed 0.001 seconds) done.
[   21.437043] Suspending console(s) (use no_console_suspend to debug)
[   21.475574] pci_generic_config_write32: 65 callbacks suppressed
[   21.475618] pci_bus 0000:00: 2-byte config write to 0000:00:01.0 offset 0x9c may corrupt adjacent RW1C bits
[   21.487950] PM: suspend of devices complete after 42.789 msecs
[   21.492698] PM: late suspend of devices complete after 4.715 msecs
[   21.497159] pci_bus 0000:01: 2-byte config write to 0000:01:00.0 offset 0x44 may corrupt adjacent RW1C bits
[   21.497219] pci_bus 0000:01: 2-byte config write to 0000:01:00.0 offset 0x44 may corrupt adjacent RW1C bits
[   21.520883] PM: noirq suspend of devices complete after 28.154 msecs
[   21.520896] Disabling non-boot CPUs ...
[   21.558242] Entering suspend state LP1
[   21.558242] Suspended for 3.079 seconds
[   21.558287] Enabling non-boot CPUs ...
[   21.589192] CPU1 is up
[   21.590060] pci_bus 0000:00: 2-byte config write to 0000:00:01.0 offset 0x4c may corrupt adjacent RW1C bits
[   21.590110] pci_bus 0000:00: 2-byte config write to 0000:00:01.0 offset 0x88 may corrupt adjacent RW1C bits
[   21.590253] pci_bus 0000:00: 2-byte config write to 0000:00:01.0 offset 0x90 may corrupt adjacent RW1C bits
[   21.590287] pci_bus 0000:00: 2-byte config write to 0000:00:01.0 offset 0x98 may corrupt adjacent RW1C bits
[   21.590316] pci_bus 0000:00: 2-byte config write to 0000:00:01.0 offset 0x9c may corrupt adjacent RW1C bits
[   21.590398] pci_bus 0000:00: 2-byte config write to 0000:00:01.0 offset 0x52 may corrupt adjacent RW1C bits
[   21.590432] pci_bus 0000:00: 2-byte config write to 0000:00:01.0 offset 0x52 may corrupt adjacent RW1C bits
[   21.590504] pcieport 0000:00:01.0: nv_msi_ht_cap_quirk didn't locate host bridge
[   21.620459] PM: noirq resume of devices complete after 31.233 msecs
[   21.624027] PM: early resume of devices complete after 2.971 msecs
[   22.158266] PM: resume of devices complete after 534.207 msecs
[   22.326641] Restarting tasks ... done.
root@(none):/# 
root@(none):/# rtcwake -d rtc1 -m mem -s 3
rtcwake: assuming RTC uses UTC ...
rtcwake: wakeup from "mem" using /dev/rtc1 at Thu Jan  1 00:00:52 1970
[   23.294605] PM: Syncing filesystems ... done.
[   23.339657] Freezing user space processes ... (elapsed 0.001 seconds) done.
[   23.348042] Freezing remaining freezable tasks ... (elapsed 0.001 seconds) done.
[   23.356927] Suspending console(s) (use no_console_suspend to debug)
[   23.407800] PM: suspend of devices complete after 42.754 msecs
[   23.412707] PM: late suspend of devices complete after 4.875 msecs
[   23.440781] PM: noirq suspend of devices complete after 28.042 msecs
[   23.440794] Disabling non-boot CPUs ...
[   23.478190] Entering suspend state LP1
[   23.478190] Suspended for 3.079 seconds
[   23.478234] Enabling non-boot CPUs ...
[   23.509039] CPU1 is up
[   23.510505] pcieport 0000:00:01.0: nv_msi_ht_cap_quirk didn't locate host bridge
[   23.540492] PM: noirq resume of devices complete after 31.418 msecs
[   23.544047] PM: early resume of devices complete after 2.955 msecs
[   24.088596] PM: resume of devices complete after 544.516 msecs
[   24.153858] Restarting tasks ... done.
root@(none):/# 
root@(none):/# rtcwake -d rtc1 -m mem -s 3
rtcwake: assuming RTC uses UTC ...
rtcwake: wakeup from "mem" using /dev/rtc1 at Thu Jan  1 00:00:57 1970
[   25.214669] PM: Syncing filesystems ... done.
[   25.259700] Freezing user space processes ... (elapsed 0.001 seconds) done.
[   25.268174] Freezing remaining freezable tasks ... (elapsed 0.001 seconds) done.
[   25.277273] Suspending console(s) (use no_console_suspend to debug)
[   25.327601] PM: suspend of devices complete after 41.455 msecs
[   25.332397] PM: late suspend of devices complete after 4.764 msecs
[   25.360706] PM: noirq suspend of devices complete after 28.277 msecs
[   25.360719] Disabling non-boot CPUs ...
[   25.398064] Entering suspend state LP1
[   25.398064] Suspended for 3.080 seconds
[   25.398108] Enabling non-boot CPUs ...
[   25.429020] CPU1 is up
[   25.430579] pcieport 0000:00:01.0: nv_msi_ht_cap_quirk didn't locate host bridge
[   25.460274] PM: noirq resume of devices complete after 31.219 msecs
[   25.463790] PM: early resume of devices complete after 2.923 msecs
[   25.998353] PM: resume of devices complete after 534.528 msecs
[   26.063617] Restarting tasks ... done.
root@(none):/# 
root@(none):/# rtcwake -d rtc1 -m mem -s 3
rtcwake: assuming RTC uses UTC ...
rtcwake: wakeup from "mem" using /dev/rtc1 at Thu Jan  1 00:01:02 1970
[   27.134601] PM: Syncing filesystems ... done.
[   27.179626] Freezing user space processes ... (elapsed 0.001 seconds) done.
[   27.188094] Freezing remaining freezable tasks ... (elapsed 0.001 seconds) done.
[   27.197190] Suspending console(s) (use no_console_suspend to debug)
[   27.235445] pci_generic_config_write32: 65 callbacks suppressed
[   27.235493] pci_bus 0000:00: 2-byte config write to 0000:00:01.0 offset 0x9c may corrupt adjacent RW1C bits
[   27.247325] PM: suspend of devices complete after 41.238 msecs
[   27.252165] PM: late suspend of devices complete after 4.807 msecs
[   27.256018] pci_bus 0000:01: 2-byte config write to 0000:01:00.0 offset 0x44 may corrupt adjacent RW1C bits
[   27.256075] pci_bus 0000:01: 2-byte config write to 0000:01:00.0 offset 0x44 may corrupt adjacent RW1C bits
[   27.280625] PM: noirq suspend of devices complete after 28.428 msecs
[   27.280637] Disabling non-boot CPUs ...
[   27.317992] Entering suspend state LP1
[   27.317992] Suspended for 3.079 seconds
[   27.318036] Enabling non-boot CPUs ...
[   27.348935] CPU1 is up
[   27.350259] pci_bus 0000:00: 2-byte config write to 0000:00:01.0 offset 0x4c may corrupt adjacent RW1C bits
[   27.350307] pci_bus 0000:00: 2-byte config write to 0000:00:01.0 offset 0x88 may corrupt adjacent RW1C bits
[   27.350338] pci_bus 0000:00: 2-byte config write to 0000:00:01.0 offset 0x90 may corrupt adjacent RW1C bits
[   27.350368] pci_bus 0000:00: 2-byte config write to 0000:00:01.0 offset 0x98 may corrupt adjacent RW1C bits
[   27.350397] pci_bus 0000:00: 2-byte config write to 0000:00:01.0 offset 0x9c may corrupt adjacent RW1C bits
[   27.350477] pci_bus 0000:00: 2-byte config write to 0000:00:01.0 offset 0x52 may corrupt adjacent RW1C bits
[   27.350511] pci_bus 0000:00: 2-byte config write to 0000:00:01.0 offset 0x52 may corrupt adjacent RW1C bits
[   27.350585] pcieport 0000:00:01.0: nv_msi_ht_cap_quirk didn't locate host bridge
[   27.380184] PM: noirq resume of devices complete after 31.215 msecs
[   27.383700] PM: early resume of devices complete after 2.922 msecs
[   27.918354] PM: resume of devices complete after 534.621 msecs
[   28.086751] Restarting tasks ... done.
root@(none):/# 
root@(none):/# rtcwake -d rtc1 -m mem -s 3
rtcwake: assuming RTC uses UTC ...
rtcwake: wakeup from "mem" using /dev/rtc1 at Thu Jan  1 00:01:07 1970
[   29.054422] PM: Syncing filesystems ... done.
[   29.099530] Freezing user space processes ... (elapsed 0.001 seconds) done.
[   29.108006] Freezing remaining freezable tasks ... (elapsed 0.001 seconds) done.
[   29.117136] Suspending console(s) (use no_console_suspend to debug)
[   29.167210] PM: suspend of devices complete after 41.175 msecs
[   29.172055] PM: late suspend of devices complete after 4.813 msecs
[   29.200551] PM: noirq suspend of devices complete after 28.465 msecs
[   29.200564] Disabling non-boot CPUs ...
[   29.267951] Entering suspend state LP1
[   29.267951] Suspended for 3.049 seconds
[   29.267995] Enabling non-boot CPUs ...
[   29.298867] CPU1 is up
[   29.300215] pcieport 0000:00:01.0: nv_msi_ht_cap_quirk didn't locate host bridge
[   29.330231] PM: noirq resume of devices complete after 31.330 msecs
[   29.333843] PM: early resume of devices complete after 3.011 msecs
[   29.878136] PM: resume of devices complete after 544.258 msecs
[   29.943390] Restarting tasks ... done.
root@(none):/# 
root@(none):/# rtcwake -d rtc1 -m mem -s 3
rtcwake: assuming RTC uses UTC ...
rtcwake: wakeup from "mem" using /dev/rtc1 at Thu Jan  1 00:01:12 1970
[   31.004377] PM: Syncing filesystems ... done.
[   31.049415] Freezing user space processes ... (elapsed 0.001 seconds) done.
[   31.057889] Freezing remaining freezable tasks ... (elapsed 0.001 seconds) done.
[   31.066989] Suspending console(s) (use no_console_suspend to debug)
[   31.117528] PM: suspend of devices complete after 41.669 msecs
[   31.122256] PM: late suspend of devices complete after 4.697 msecs
[   31.150441] PM: noirq suspend of devices complete after 28.152 msecs
[   31.150454] Disabling non-boot CPUs ...
[   31.187851] Entering suspend state LP1
[   31.187851] Suspended for 3.080 seconds
[   31.187894] Enabling non-boot CPUs ...
[   31.218736] CPU1 is up
[   31.219579] pcieport 0000:00:01.0: nv_msi_ht_cap_quirk didn't locate host bridge
[   31.250136] PM: noirq resume of devices complete after 31.365 msecs
[   31.253695] PM: early resume of devices complete after 2.963 msecs
[   31.797792] PM: resume of devices complete after 544.064 msecs
[   31.863030] Restarting tasks ... done.
root@(none):/# 
root@(none):/# rtcwake -d rtc1 -m mem -s 3
rtcwake: assuming RTC uses UTC ...
rtcwake: wakeup from "mem" using /dev/rtc1 at Thu Jan  1 00:01:17 1970
[   32.924146] PM: Syncing filesystems ... done.
[   32.969182] Freezing user space processes ... (elapsed 0.001 seconds) done.
[   32.977649] Freezing remaining freezable tasks ... (elapsed 0.001 seconds) done.
[   32.986746] Suspending console(s) (use no_console_suspend to debug)
[   33.024445] pci_generic_config_write32: 65 callbacks suppressed
[   33.024491] pci_bus 0000:00: 2-byte config write to 0000:00:01.0 offset 0x9c may corrupt adjacent RW1C bits
[   33.036813] PM: suspend of devices complete after 41.193 msecs
[   33.041588] PM: late suspend of devices complete after 4.745 msecs
[   33.046063] pci_bus 0000:01: 2-byte config write to 0000:01:00.0 offset 0x44 may corrupt adjacent RW1C bits
[   33.046122] pci_bus 0000:01: 2-byte config write to 0000:01:00.0 offset 0x44 may corrupt adjacent RW1C bits
[   33.070348] PM: noirq suspend of devices complete after 28.728 msecs
[   33.070361] Disabling non-boot CPUs ...
[   33.107759] Entering suspend state LP1
[   33.107759] Suspended for 3.080 seconds
[   33.107804] Enabling non-boot CPUs ...
[   33.138742] CPU1 is up
[   33.139469] pci_bus 0000:00: 2-byte config write to 0000:00:01.0 offset 0x4c may corrupt adjacent RW1C bits
[   33.139518] pci_bus 0000:00: 2-byte config write to 0000:00:01.0 offset 0x88 may corrupt adjacent RW1C bits
[   33.139550] pci_bus 0000:00: 2-byte config write to 0000:00:01.0 offset 0x90 may corrupt adjacent RW1C bits
[   33.139706] pci_bus 0000:00: 2-byte config write to 0000:00:01.0 offset 0x98 may corrupt adjacent RW1C bits
[   33.139739] pci_bus 0000:00: 2-byte config write to 0000:00:01.0 offset 0x9c may corrupt adjacent RW1C bits
[   33.139822] pci_bus 0000:00: 2-byte config write to 0000:00:01.0 offset 0x52 may corrupt adjacent RW1C bits
[   33.139856] pci_bus 0000:00: 2-byte config write to 0000:00:01.0 offset 0x52 may corrupt adjacent RW1C bits
[   33.139928] pcieport 0000:00:01.0: nv_msi_ht_cap_quirk didn't locate host bridge
[   33.170048] PM: noirq resume of devices complete after 31.271 msecs
[   33.173646] PM: early resume of devices complete after 3.003 msecs
[   33.717833] PM: resume of devices complete after 544.154 msecs
[   33.886183] Restarting tasks ... done.
root@(none):/# 
root@(none):/# NVTB SYSTEM SUSPEND TEST COMPLETE
