
U-Boot SPL 2015.04-rc3-00209-ga74ef40 (Mar 16 2015 - 14:43:39)


U-Boot 2015.04-rc3-00209-ga74ef40 (Mar 16 2015 - 14:43:39)

TEGRA20
Model: Compulab TrimSlice board
DRAM:  1 GiB
MMC:   Tegra SD/MMC: 0, Tegra SD/MMC: 1
SF: Detected W25Q80BL with page size 256 Bytes, erase size 4 KiB, total 1 MiB
tegra-pcie: PCI regions:
tegra-pcie:   I/O: 0x82000000-0x82010000
tegra-pcie:   non-prefetchable memory: 0xa0000000-0xa8000000
tegra-pcie:   prefetchable memory: 0xa8000000-0xc0000000
tegra-pcie: dual-mode configuration
tegra-pcie: probing port 0, using 2 lanes
In:    serial
Out:   serial
Err:   serial
Net:   RTL8169#0
Hit any key to stop autoboot:  2  0 
Tegra20 (TrimSlice) # 
Tegra20 (TrimSlice) # usb reset
resetting USB...
USB0:   USB EHCI 1.00
scanning bus 0 for devices... 3 USB Device(s) found
USB1:   USB EHCI 1.00
scanning bus 1 for devices... 1 USB Device(s) found
USB2:   lowlevel init failed
       scanning usb for storage devices... 0 Storage Device(s) found
       scanning usb for ethernet devices... 
Warning: asx0 using MAC address from net device
1 Ethernet Device(s) found
Tegra20 (TrimSlice) # setenv bootargs 'ignore_loglevel console=ttyS0,115200n8 rw root=PARTUUID=11eb23c1-01 rootwait gpt debug noinitrd earlyprintk init=/bin/bash'
Tegra20 (TrimSlice) # setenv ipaddr 192.168.100.103; setenv serverip 192.168.100.1; setenv tftpserverip 192.168.100.1
Tegra20 (TrimSlice) # tftpboot 0x00408000 zImage.tegra_defconfig
Using RTL8169#0 device
TFTP from server 192.168.100.1; our IP address is 192.168.100.103
Filename 'zImage.tegra_defconfig'.
Load address: 0x408000
Loading: *#################################################################
	 #################################################################
	 #################################################################
	 #################################################################
	 #################################################################
	 #################################################################
	 ################################
	 4.1 MiB/s
done
Bytes transferred = 6188776 (5e6ee8 hex)
Tegra20 (TrimSlice) # tftpboot 0x02408000 tegra20-trimslice.dtb
Using RTL8169#0 device
TFTP from server 192.168.100.1; our IP address is 192.168.100.103
Filename 'tegra20-trimslice.dtb'.
Load address: 0x2408000
Loading: *##
	 3.4 MiB/s
done
Bytes transferred = 21160 (52a8 hex)
Tegra20 (TrimSlice) # bootz 0x00408000 - 0x02408000
Kernel image @ 0x408000 [ 0x000000 - 0x5e6ee8 ]
## Flattened Device Tree blob at 02408000
   Booting using the fdt blob at 0x2408000
   Using Device Tree in place at 02408000, end 024102a7

Starting kernel ...

[    0.000000] Booting Linux on physical CPU 0x0
[    0.000000] Linux version 4.15.0-rc3-next-20171215-19670-g0c1f9d8 (jonathanh@kaivo) (gcc version 4.7.3 20130328 (prerelease) (crosstool-NG linaro-1.13.1-4.7-2013.04-20130415 - Linaro GCC 2013.04)) #1 SMP PREEMPT Mon Dec 18 02:33:52 PST 2017
[    0.000000] CPU: ARMv7 Processor [411fc090] revision 0 (ARMv7), cr=10c5387d
[    0.000000] CPU: PIPT / VIPT nonaliasing data cache, VIPT aliasing instruction cache
[    0.000000] OF: fdt: Machine model: Compulab TrimSlice board
[    0.000000] debug: ignoring loglevel setting.
[    0.000000] bootconsole [earlycon0] enabled
[    0.000000] Memory policy: Data cache writealloc
[    0.000000] cma: Reserved 64 MiB at 0x3c000000
[    0.000000] On node 0 totalpages: 262144
[    0.000000]   Normal zone: 1536 pages used for memmap
[    0.000000]   Normal zone: 0 pages reserved
[    0.000000]   Normal zone: 196608 pages, LIFO batch:31
[    0.000000]   HighMem zone: 65536 pages, LIFO batch:15
[    0.000000] random: fast init done
[    0.000000] percpu: Embedded 17 pages/cpu @(ptrval) s39104 r8192 d22336 u69632
[    0.000000] pcpu-alloc: s39104 r8192 d22336 u69632 alloc=17*4096
[    0.000000] pcpu-alloc: [0] 0 [0] 1 
[    0.000000] Built 1 zonelists, mobility grouping on.  Total pages: 260608
[    0.000000] Kernel command line: ignore_loglevel console=ttyS0,115200n8 rw root=PARTUUID=11eb23c1-01 rootwait gpt debug noinitrd earlyprintk init=/bin/bash
[    0.000000] Dentry cache hash table entries: 131072 (order: 7, 524288 bytes)
[    0.000000] Inode-cache hash table entries: 65536 (order: 6, 262144 bytes)
[    0.000000] Memory: 959420K/1048576K available (9216K kernel code, 778K rwdata, 2572K rodata, 1024K init, 298K bss, 23620K reserved, 65536K cma-reserved, 196608K highmem)
[    0.000000] Virtual kernel memory layout:
[    0.000000]     vector  : 0xffff0000 - 0xffff1000   (   4 kB)
[    0.000000]     fixmap  : 0xffc00000 - 0xfff00000   (3072 kB)
[    0.000000]     vmalloc : 0xf0800000 - 0xff800000   ( 240 MB)
[    0.000000]     lowmem  : 0xc0000000 - 0xf0000000   ( 768 MB)
[    0.000000]     pkmap   : 0xbfe00000 - 0xc0000000   (   2 MB)
[    0.000000]     modules : 0xbf000000 - 0xbfe00000   (  14 MB)
[    0.000000]       .text : 0x(ptrval) - 0x(ptrval)   (10208 kB)
[    0.000000]       .init : 0x(ptrval) - 0x(ptrval)   (1024 kB)
[    0.000000]       .data : 0x(ptrval) - 0x(ptrval)   ( 779 kB)
[    0.000000]        .bss : 0x(ptrval) - 0x(ptrval)   ( 299 kB)
[    0.000000] Preemptible hierarchical RCU implementation.
[    0.000000] 	RCU restricting CPUs from NR_CPUS=4 to nr_cpu_ids=2.
[    0.000000] 	Tasks RCU enabled.
[    0.000000] RCU: Adjusting geometry for rcu_fanout_leaf=16, nr_cpu_ids=2
[    0.000000] NR_IRQS: 16, nr_irqs: 16, preallocated irqs: 16
[    0.000000] /interrupt-controller@60004000: 128 interrupts forwarded to /interrupt-controller@50041000
[    0.000000] L2C: platform modifies aux control register: 0x02080000 -> 0x3e480001
[    0.000000] L2C: DT/platform modifies aux control register: 0x02080000 -> 0x3e480001
[    0.000000] L2C-310 errata 727915 769419 enabled
[    0.000000] L2C-310 enabling early BRESP for Cortex-A9
[    0.000000] L2C-310: enabling full line of zeros but not enabled in Cortex-A9
[    0.000000] L2C-310 ID prefetch enabled, offset 1 lines
[    0.000000] L2C-310 cache controller enabled, 8 ways, 1024 kB
[    0.000000] L2C-310: CACHE_ID 0x410000c4, AUX_CTRL 0x7e480001
[    0.000010] sched_clock: 32 bits at 1000kHz, resolution 1000ns, wraps every 2147483647500ns
[    0.008268] clocksource: timer_us: mask: 0xffffffff max_cycles: 0xffffffff, max_idle_ns: 1911260446275 ns
[    0.017796] Switching to timer-based delay loop, resolution 1000ns
[    0.024651] Console: colour dummy device 80x30
[    0.029014] Calibrating delay loop (skipped), value calculated using timer frequency.. 2.00 BogoMIPS (lpj=10000)
[    0.039150] pid_max: default: 32768 minimum: 301
[    0.044177] Mount-cache hash table entries: 2048 (order: 1, 8192 bytes)
[    0.050707] Mountpoint-cache hash table entries: 2048 (order: 1, 8192 bytes)
[    0.058539] CPU: Testing write buffer coherency: ok
[    0.063639] CPU0: thread -1, cpu 0, socket 0, mpidr 80000000
[    0.100010] Setting up static identity map for 0x100000 - 0x1000a0
[    0.106228] Hierarchical SRCU implementation.
[    0.130313] Tegra Revision: A03 prime SKU: 8 CPU Process: 1 SoC Process: 2
[    0.149971] smp: Bringing up secondary CPUs ...
[    0.200604] CPU1: thread -1, cpu 1, socket 0, mpidr 80000001
[    0.200692] smp: Brought up 1 node, 2 CPUs
[    0.210362] SMP: Total of 2 processors activated (4.00 BogoMIPS).
[    0.216391] CPU: All CPU(s) started in SVC mode.
[    0.222093] devtmpfs: initialized
[    0.233233] Built 1 zonelists, mobility grouping on.  Total pages: 256239
[    0.240348] VFP support v0.3: implementor 41 architecture 3 part 30 variant 9 rev 1
[    0.248255] clocksource: jiffies: mask: 0xffffffff max_cycles: 0xffffffff, max_idle_ns: 19112604462750000 ns
[    0.258001] futex hash table entries: 512 (order: 3, 32768 bytes)
[    0.264298] pinctrl core: initialized pinctrl subsystem
[    0.270765] NET: Registered protocol family 16
[    0.276875] DMA: preallocated 256 KiB pool for atomic coherent allocations
[    0.285064] cpuidle: using governor menu
[    0.304949] No ATAGs?
[    0.305027] hw-breakpoint: found 5 (+1 reserved) breakpoint and 1 watchpoint registers.
[    0.315202] hw-breakpoint: maximum watchpoint size is 4 bytes.
[    0.340418] usb1_vbus: Failed to request enable GPIO170: -517
[    0.346072] reg-fixed-voltage regulators:regulator@2: Failed to register regulator: -517
[    0.357382] vgaarb: loaded
[    0.360860] SCSI subsystem initialized
[    0.364792] libata version 3.00 loaded.
[    0.368908] usbcore: registered new interface driver usbfs
[    0.374414] usbcore: registered new interface driver hub
[    0.379719] usbcore: registered new device driver usb
[    0.386687] Linux video capture interface: v2.00
[    0.391342] pps_core: LinuxPPS API ver. 1 registered
[    0.396207] pps_core: Software ver. 5.3.6 - Copyright 2005-2007 Rodolfo Giometti <giometti@linux.it>
[    0.405372] PTP clock support registered
[    0.409885] Advanced Linux Sound Architecture Driver Initialized.
[    0.416597] Bluetooth: Core ver 2.22
[    0.420159] NET: Registered protocol family 31
[    0.424503] Bluetooth: HCI device and connection manager initialized
[    0.430850] Bluetooth: HCI socket layer initialized
[    0.435687] Bluetooth: L2CAP socket layer initialized
[    0.440759] Bluetooth: SCO socket layer initialized
[    0.446225] clocksource: Switched to clocksource timer_us
[    0.536911] NET: Registered protocol family 2
[    0.542171] tcp_listen_portaddr_hash hash table entries: 512 (order: 0, 6144 bytes)
[    0.549815] TCP established hash table entries: 8192 (order: 3, 32768 bytes)
[    0.556849] TCP bind hash table entries: 8192 (order: 4, 65536 bytes)
[    0.563294] TCP: Hash tables configured (established 8192 bind 8192)
[    0.570294] UDP hash table entries: 512 (order: 2, 16384 bytes)
[    0.576160] UDP-Lite hash table entries: 512 (order: 2, 16384 bytes)
[    0.582756] NET: Registered protocol family 1
[    0.587753] RPC: Registered named UNIX socket transport module.
[    0.593574] RPC: Registered udp transport module.
[    0.598277] RPC: Registered tcp transport module.
[    0.602933] RPC: Registered tcp NFSv4.1 backchannel transport module.
[    0.610093] PCI: CLS 0 bytes, default 64
[    0.615341] hw perfevents: no interrupt-affinity property for /pmu, guessing.
[    0.622587] hw perfevents: enabled with armv7_cortex_a9 PMU driver, 7 counters available
[    0.632162] Initialise system trusted keyrings
[    0.636707] workingset: timestamp_bits=30 max_order=18 bucket_order=0
[    0.644120] squashfs: version 4.0 (2009/01/31) Phillip Lougher
[    0.650635] NFS: Registering the id_resolver key type
[    0.655602] Key type id_resolver registered
[    0.659771] Key type id_legacy registered
[    0.668533] Key type asymmetric registered
[    0.672535] Asymmetric key parser 'x509' registered
[    0.677618] bounce: pool size: 64 pages
[    0.681442] io scheduler noop registered (default)
[    0.686134] io scheduler mq-deadline registered
[    0.690662] io scheduler kyber registered
[    0.699344] tegra-pcie 80003000.pcie: dual-mode configuration
[    0.705914] tegra-pcie 80003000.pcie: probing port 0, using 2 lanes
[    0.782693] tegra-pcie 80003000.pcie: PCI host bridge to bus 0000:00
[    0.788973] pci_bus 0000:00: root bus resource [io  0x0000-0xffff]
[    0.795102] pci_bus 0000:00: root bus resource [mem 0xa0000000-0xa7ffffff]
[    0.801963] pci_bus 0000:00: root bus resource [mem 0xa8000000-0xbfffffff pref]
[    0.809241] pci_bus 0000:00: root bus resource [bus 00-ff]
[    0.814730] pci 0000:00:01.0: [10de:0bf0] type 01 class 0x060000
[    0.820693] pci_bus 0000:00: 2-byte config write to 0000:00:01.0 offset 0x4 may corrupt adjacent RW1C bits
[    0.830308] pci_bus 0000:00: 2-byte config write to 0000:00:01.0 offset 0x4 may corrupt adjacent RW1C bits
[    0.839931] pci 0000:00:01.0: enabling Extended Tags
[    0.844850] pci_bus 0000:00: 2-byte config write to 0000:00:01.0 offset 0x88 may corrupt adjacent RW1C bits
[    0.854586] pci_bus 0000:00: 2-byte config write to 0000:00:01.0 offset 0x52 may corrupt adjacent RW1C bits
[    0.864297] pci 0000:00:01.0: PME# supported from D0 D1 D2 D3hot D3cold
[    0.870865] pci_bus 0000:00: 2-byte config write to 0000:00:01.0 offset 0x4c may corrupt adjacent RW1C bits
[    0.880772] pci_bus 0000:00: 2-byte config write to 0000:00:01.0 offset 0x3e may corrupt adjacent RW1C bits
[    0.890427] pci_bus 0000:00: 2-byte config write to 0000:00:01.0 offset 0x4 may corrupt adjacent RW1C bits
[    0.900041] pci_bus 0000:00: 1-byte config write to 0000:00:01.0 offset 0xc may corrupt adjacent RW1C bits
[    0.909656] PCI: bus0: Fast back to back transfers disabled
[    0.915195] pci 0000:00:01.0: bridge configuration invalid ([bus 00-00]), reconfiguring
[    0.923181] pci_bus 0000:00: 2-byte config write to 0000:00:01.0 offset 0x3e may corrupt adjacent RW1C bits
[    0.932888] pci_bus 0000:00: 2-byte config write to 0000:00:01.0 offset 0x3e may corrupt adjacent RW1C bits
[    0.942765] pci 0000:01:00.0: [10ec:8168] type 00 class 0x020000
[    0.948709] pci 0000:01:00.0: reg 0x10: [io  0x0000-0x00ff]
[    0.954236] pci 0000:01:00.0: reg 0x18: [mem 0x00000000-0x00000fff 64bit pref]
[    0.961443] pci 0000:01:00.0: reg 0x20: [mem 0x00000000-0x00003fff 64bit pref]
[    0.968627] pci 0000:01:00.0: reg 0x30: [mem 0x00000000-0x0001ffff pref]
[    0.975450] PCI: bus1: Fast back to back transfers disabled
[    0.980946] pci_bus 0000:01: busn_res: [bus 01-ff] end is updated to 01
[    0.987548] pci 0000:00:01.0: BAR 8: assigned [mem 0xa0000000-0xa00fffff]
[    0.994274] pci 0000:00:01.0: BAR 9: assigned [mem 0xa8000000-0xa80fffff 64bit pref]
[    1.002001] pci 0000:00:01.0: BAR 7: assigned [io  0x1000-0x1fff]
[    1.008073] pci 0000:01:00.0: BAR 6: assigned [mem 0xa0000000-0xa001ffff pref]
[    1.015247] pci 0000:01:00.0: BAR 4: assigned [mem 0xa8000000-0xa8003fff 64bit pref]
[    1.022983] pci 0000:01:00.0: BAR 2: assigned [mem 0xa8004000-0xa8004fff 64bit pref]
[    1.030694] pci 0000:01:00.0: BAR 0: assigned [io  0x1000-0x10ff]
[    1.036755] pci 0000:00:01.0: PCI bridge to [bus 01]
[    1.041679] pci 0000:00:01.0:   bridge window [io  0x1000-0x1fff]
[    1.047759] pci 0000:00:01.0:   bridge window [mem 0xa0000000-0xa00fffff]
[    1.054506] pci 0000:00:01.0:   bridge window [mem 0xa8000000-0xa80fffff 64bit pref]
[    1.062246] pci 0000:00:01.0: nv_msi_ht_cap_quirk didn't locate host bridge
[    1.069217] Disabling cpuidle LP2 state, since PCIe IRQs are in use
[    1.075416] pcieport 0000:00:01.0: enabling device (0140 -> 0143)
[    1.081716] pcieport 0000:00:01.0: Signaling PME with IRQ 295
[    1.090772] tegra-apbdma 6000a000.dma: Tegra20 APB DMA driver register 16 channels
[    1.099930] Serial: 8250/16550 driver, 4 ports, IRQ sharing disabled
[    1.108137] console [ttyS0] disabled
[    1.111657] 70006000.serial: ttyS0 at MMIO 0x70006000 (irq = 279, base_baud = 13500000) is a Tegra
[    1.120596] console [ttyS0] enabled
[    1.120596] console [ttyS0] enabled
[    1.127529] bootconsole [earlycon0] disabled
[    1.127529] bootconsole [earlycon0] disabled
[    1.138734] tegra-hdmi 54280000.hdmi: 54280000.hdmi supply hdmi not found, using dummy regulator
[    1.150772] [drm] Supports vblank timestamp caching Rev 2 (21.10.2013).
[    1.157391] [drm] No driver support for vblank timestamp query.
[    1.163425] [drm] Cannot find any crtc or sizes
[    1.168052] [drm] Cannot find any crtc or sizes
[    1.172663] [drm] Initialized tegra 0.0.0 20120330 for drm on minor 0
[    1.190588] loop: module loaded
[    1.196037] m25p80 spi0.0: found s25fl008k, expected w25q80bl
[    1.201889] m25p80 spi0.0: s25fl008k (1024 Kbytes)
[    1.208701] libphy: Fixed MDIO Bus: probed
[    1.212788] CAN device driver interface
[    1.216718] igb: Intel(R) Gigabit Ethernet Network Driver - version 5.4.0-k
[    1.223661] igb: Copyright (c) 2007-2014 Intel Corporation.
[    1.229432] r8169 Gigabit Ethernet driver 2.3LK-NAPI loaded
[    1.235058] r8169 0000:01:00.0: enabling device (0140 -> 0143)
[    1.240931] r8169 0000:01:00.0 (unnamed net_device) (uninitialized): not PCI Express
[    1.249402] r8169 0000:01:00.0 eth0: RTL8168d/8111d at 0xb6ce9943, 00:01:c0:13:7d:63, XID 081000c0 IRQ 286
[    1.259060] r8169 0000:01:00.0 eth0: jumbo features [frames: 9200 bytes, tx checksumming: ko]
[    1.267736] pegasus: v0.9.3 (2013/04/25), Pegasus/Pegasus II USB Ethernet driver
[    1.275196] usbcore: registered new interface driver pegasus
[    1.280953] usbcore: registered new interface driver asix
[    1.286423] usbcore: registered new interface driver ax88179_178a
[    1.292560] usbcore: registered new interface driver cdc_ether
[    1.298469] usbcore: registered new interface driver smsc75xx
[    1.304272] usbcore: registered new interface driver smsc95xx
[    1.310090] usbcore: registered new interface driver net1080
[    1.315794] usbcore: registered new interface driver cdc_subset
[    1.321775] usbcore: registered new interface driver zaurus
[    1.327424] usbcore: registered new interface driver cdc_ncm
[    1.333375] tegra-phy c5004000.usb-phy: no vbus regulator
[    1.339947] tegra-phy c5008000.usb-phy: no vbus regulator
[    1.345484] ehci_hcd: USB 2.0 'Enhanced' Host Controller (EHCI) Driver
[    1.352017] ehci-pci: EHCI PCI platform driver
[    1.356542] tegra-ehci: Tegra EHCI driver
[    1.417208] ulpi_phy_power_on: ulpi write failed
[    1.421815] tegra-ehci c5004000.usb: Failed to power on the phy
[    1.427756] tegra-ehci: probe of c5004000.usb failed with error -110
[    1.436747] tegra-ehci c5008000.usb: EHCI Host Controller
[    1.442157] tegra-ehci c5008000.usb: new USB bus registered, assigned bus number 1
[    1.449956] tegra-ehci c5008000.usb: irq 290, io mem 0xc5008000
[    1.476246] tegra-ehci c5008000.usb: USB 2.0 started, EHCI 1.00
[    1.483050] hub 1-0:1.0: USB hub found
[    1.486849] hub 1-0:1.0: 1 port detected
[    1.491659] usbcore: registered new interface driver cdc_acm
[    1.497325] cdc_acm: USB Abstract Control Model driver for USB modems and ISDN adapters
[    1.505377] usbcore: registered new interface driver cdc_wdm
[    1.511139] usbcore: registered new interface driver usb-storage
[    1.519767] rtc-em3027 2-0056: rtc core: registered rtc-em3027 as rtc0
[    1.526983] tegra_rtc 7000e000.rtc: rtc core: registered 7000e000.rtc as rtc1
[    1.534147] tegra_rtc 7000e000.rtc: Tegra internal Real Time Clock
[    1.540635] i2c /dev entries driver
[    1.545038] usbcore: registered new interface driver uvcvideo
[    1.550790] USB Video Class driver (1.1.1)
[    1.554873] gspca_main: v2.14.0 registered
[    1.560334] sdhci: Secure Digital Host Controller Interface driver
[    1.566547] sdhci: Copyright(c) Pierre Ossman
[    1.570891] sdhci-pltfm: SDHCI platform and OF driver helper
[    1.584999] mmc0: Invalid maximum block size, assuming 512 bytes
[    1.618226] mmc0: SDHCI controller on c8000000.sdhci [c8000000.sdhci] using ADMA
[    1.626574] sdhci-tegra c8000600.sdhci: Got CD GPIO
[    1.631529] sdhci-tegra c8000600.sdhci: Got WP GPIO
[    1.645123] mmc1: Invalid maximum block size, assuming 512 bytes
[    1.678996] mmc1: SDHCI controller on c8000600.sdhci [c8000600.sdhci] using ADMA
[    1.689555] usbcore: registered new interface driver usbhid
[    1.695148] usbhid: USB HID core driver
[    1.706571] tegra-snd-trimslice sound: tlv320aic23-hifi <-> 70002800.i2s mapping ok
[    1.717637] NET: Registered protocol family 10
[    1.723720] Segment Routing with IPv6
[    1.727912] mip6: Mobile IPv6
[    1.730938] sit: IPv6, IPv4 and MPLS over IPv4 tunneling driver
[    1.738471] NET: Registered protocol family 17
[    1.743017] NET: Registered protocol family 15
[    1.747502] can: controller area network core (rev 20170425 abi 9)
[    1.753941] NET: Registered protocol family 29
[    1.758456] can: raw protocol (rev 20170425)
[    1.762746] can: broadcast manager protocol (rev 20170425 t)
[    1.768441] can: netlink gateway (rev 20170425) max_hops=1
[    1.774115] Bluetooth: RFCOMM socket layer initialized
[    1.779352] Bluetooth: RFCOMM ver 1.11
[    1.783140] Bluetooth: BNEP (Ethernet Emulation) ver 1.3
[    1.788537] Bluetooth: BNEP socket layer initialized
[    1.793488] Bluetooth: HIDP (Human Interface Emulation) ver 1.2
[    1.799454] Bluetooth: HIDP socket layer initialized
[    1.804671] Key type dns_resolver registered
[    1.809322] Registering SWP/SWPB emulation handler
[    1.815095] Loading compiled-in X.509 certificates
[    1.826484] mmc1: new high speed SD card at address b368
[    1.840023] mmcblk1: mmc1:b368 NCard 1.83 GiB (ro)
[    1.841565] utmi_phy_clk_enable: timeout waiting for phy to stabilize
[    1.841593] tegra-ehci c5000000.usb: EHCI Host Controller
[    1.841622] tegra-ehci c5000000.usb: new USB bus registered, assigned bus number 2
[    1.841928] tegra-ehci c5000000.usb: irq 288, io mem 0xc5000000
[    1.859041] usb 1-1: new high-speed USB device number 2 using tegra-ehci
[    1.886268] tegra-ehci c5000000.usb: USB 2.0 started, EHCI 1.00
[    1.893885] hub 2-0:1.0: USB hub found
[    1.895033]  mmcblk1: p1 p2
[    1.900757] hub 2-0:1.0: 1 port detected
[    1.906058] input: gpio-keys as /devices/soc0/gpio-keys/input/input0
[    1.913960] rtc-em3027 2-0056: hctosys: unable to read the hardware clock
[    1.920936] cfg80211: Loading compiled-in X.509 certificates for regulatory database
[    1.931867] cfg80211: Loaded X.509 cert 'sforshee: 00b28ddf47aef9cea7'
[    1.938682] platform regulatory.0: Direct firmware load for regulatory.db failed with error -2
[    1.947310] cfg80211: failed to load regulatory.db
[    1.947418] ALSA device list:
[    1.947422]   #0: tegra-trimslice
[    1.958637] Waiting for root device PARTUUID=11eb23c1-01...
[    2.090081] hub 1-1:1.0: USB hub found
[    2.094331] hub 1-1:1.0: 4 ports detected
[    2.416355] usb 1-1.2: new high-speed USB device number 3 using tegra-ehci
[    2.834207] mmc0: host does not support reading read-only switch, assuming write-enable
[    2.844133] mmc0: new high speed SDHC card at address b368
[    2.859934] mmcblk0: mmc0:b368 NCard 3.70 GiB 
[    2.866916]  mmcblk0: p1
[    3.052330] asix 1-1.2:1.0 eth1: register 'asix' at usb-c5008000.usb-1.2, ASIX AX88772 USB 2.0 Ethernet, 00:60:6e:60:6c:68
[    3.067355] EXT4-fs (mmcblk0p1): mounting ext3 file system using the ext4 subsystem
[    3.125332] EXT4-fs (mmcblk0p1): recovery complete
[    3.134802] EXT4-fs (mmcblk0p1): mounted filesystem with ordered data mode. Opts: (null)
[    3.143009] VFS: Mounted root (ext3 filesystem) on device 179:17.
[    3.158683] devtmpfs: mounted
[    3.163134] Freeing unused kernel memory: 1024K
[    3.201086] 1 (bash): Uhuuh, elf segment at 3f5badc8 requested but the memory is mapped already
[    3.210391] Kernel panic - not syncing: Requested init /bin/bash failed (error -95).
[    3.218121] CPU: 0 PID: 1 Comm: bash Not tainted 4.15.0-rc3-next-20171215-19670-g0c1f9d8 #1
[    3.226451] Hardware name: NVIDIA Tegra SoC (Flattened Device Tree)
[    3.232727] [<c0110f48>] (unwind_backtrace) from [<c010c588>] (show_stack+0x10/0x14)
[    3.240464] [<c010c588>] (show_stack) from [<c096977c>] (dump_stack+0x84/0xa4)
[    3.247676] [<c096977c>] (dump_stack) from [<c0121c70>] (panic+0xd0/0x274)
[    3.254539] [<c0121c70>] (panic) from [<c097d4e8>] (kernel_init+0x94/0x114)
[    3.261487] [<c097d4e8>] (kernel_init) from [<c01010e8>] (ret_from_fork+0x14/0x2c)
[    3.269037] Exception stack(0xef09bfb0 to 0xef09bff8)
[    3.274075] bfa0:                                     00000000 00000000 00000000 00000000
[    3.282234] bfc0: 00000000 00000000 00000000 00000000 00000000 00000000 00000000 00000000
[    3.290392] bfe0: 00000000 00000000 00000000 00000000 00000013 00000000
[    3.296999] CPU1: stopping
[    3.299700] CPU: 1 PID: 0 Comm: swapper/1 Not tainted 4.15.0-rc3-next-20171215-19670-g0c1f9d8 #1
[    3.308463] Hardware name: NVIDIA Tegra SoC (Flattened Device Tree)
[    3.314723] [<c0110f48>] (unwind_backtrace) from [<c010c588>] (show_stack+0x10/0x14)
[    3.322454] [<c010c588>] (show_stack) from [<c096977c>] (dump_stack+0x84/0xa4)
[    3.329663] [<c096977c>] (dump_stack) from [<c010f4a0>] (handle_IPI+0x18c/0x32c)
[    3.337049] [<c010f4a0>] (handle_IPI) from [<c03fdf48>] (gic_handle_irq+0x88/0x94)
[    3.344604] [<c03fdf48>] (gic_handle_irq) from [<c0101a0c>] (__irq_svc+0x6c/0xa8)
[    3.352067] Exception stack(0xef0b5f38 to 0xef0b5f80)
[    3.357103] 5f20:                                                       00000000 00000000
[    3.365263] 5f40: 2ea52000 ef7dfc40 00000000 c0e0a9a8 00000001 00000000 c0eb5ddc c0d8d1b8
[    3.373423] 5f60: ef7df1c0 00000000 fa000000 ef0b5f88 c069bd70 c069be5c 60000113 ffffffff
[    3.381588] [<c0101a0c>] (__irq_svc) from [<c069be5c>] (cpuidle_enter_state+0x1b4/0x3bc)
[    3.389668] [<c069be5c>] (cpuidle_enter_state) from [<c0162dfc>] (do_idle+0x184/0x204)
[    3.397571] [<c0162dfc>] (do_idle) from [<c0163104>] (cpu_startup_entry+0x18/0x1c)
[    3.405126] [<c0163104>] (cpu_startup_entry) from [<001025ac>] (0x1025ac)
[    3.411904] ---[ end Kernel panic - not syncing: Requested init /bin/bash failed (error -95).
 
[   16.616243] ------------[ cut here ]------------
[   16.620861] WARNING: CPU: 0 PID: 8 at kernel/irq_work.c:68 irq_work_queue_on+0xbc/0xfc
[   16.628756] Modules linked in:
[   16.631803] CPU: 0 PID: 8 Comm: rcu_preempt Not tainted 4.15.0-rc3-next-20171215-19670-g0c1f9d8 #1
[   16.640739] Hardware name: NVIDIA Tegra SoC (Flattened Device Tree)
[   16.646998] [<c0110f48>] (unwind_backtrace) from [<c010c588>] (show_stack+0x10/0x14)
[   16.654728] [<c010c588>] (show_stack) from [<c096977c>] (dump_stack+0x84/0xa4)
[   16.661936] [<c096977c>] (dump_stack) from [<c0121aa0>] (__warn+0xe4/0x110)
[   16.668883] [<c0121aa0>] (__warn) from [<c0121b10>] (warn_slowpath_null+0x44/0x4c)
[   16.676436] [<c0121b10>] (warn_slowpath_null) from [<c01d7b74>] (irq_work_queue_on+0xbc/0xfc)
[   16.684946] [<c01d7b74>] (irq_work_queue_on) from [<c0184604>] (rcu_implicit_dynticks_qs+0x280/0x2a0)
[   16.694146] [<c0184604>] (rcu_implicit_dynticks_qs) from [<c0182c94>] (force_qs_rnp+0x138/0x1d8)
[   16.702912] [<c0182c94>] (force_qs_rnp) from [<c01832bc>] (rcu_gp_kthread+0x588/0xb30)
[   16.710816] [<c01832bc>] (rcu_gp_kthread) from [<c013f3a0>] (kthread+0x11c/0x154)
[   16.718284] [<c013f3a0>] (kthread) from [<c01010e8>] (ret_from_fork+0x14/0x2c)
[   16.725486] Exception stack(0xef0adfb0 to 0xef0adff8)
[   16.730523] dfa0:                                     00000000 00000000 00000000 00000000
[   16.738681] dfc0: 00000000 00000000 00000000 00000000 00000000 00000000 00000000 00000000
[   16.746838] dfe0: 00000000 00000000 00000000 00000000 00000013 00000000
[   16.753434] ---[ end trace a93f63428354035c ]---
 
 
 
 
