
U-Boot SPL 2015.04-rc3-00209-ga74ef40 (Mar 16 2015 - 14:43:39)


U-Boot 2015.04-rc3-00209-ga74ef40 (Mar 16 2015 - 14:43:39)

TEGRA20
Model: Compulab TrimSlice board
DRAM:  1 GiB
MMC:   Tegra SD/MMC: 0, Tegra SD/MMC: 1
SF: Detected W25Q80BL with page size 256 Bytes, erase size 4 KiB, total 1 MiB
tegra-pcie: PCI regions:
tegra-pcie:   I/O: 0x82000000-0x82010000
tegra-pcie:   non-prefetchable memory: 0xa0000000-0xa8000000
tegra-pcie:   prefetchable memory: 0xa8000000-0xc0000000
tegra-pcie: dual-mode configuration
tegra-pcie: probing port 0, using 2 lanes
In:    serial
Out:   serial
Err:   serial
Net:   RTL8169#0
Hit any key to stop autoboot:  2  0 
Tegra20 (TrimSlice) # 
Tegra20 (TrimSlice) # usb reset
resetting USB...
USB0:   USB EHCI 1.00
scanning bus 0 for devices... 3 USB Device(s) found
USB1:   USB EHCI 1.00
scanning bus 1 for devices... 1 USB Device(s) found
USB2:   lowlevel init failed
       scanning usb for storage devices... 0 Storage Device(s) found
       scanning usb for ethernet devices... 
Warning: asx0 using MAC address from net device
1 Ethernet Device(s) found
Tegra20 (TrimSlice) # setenv bootargs 'ignore_loglevel console=ttyS0,115200n8 rw root=PARTUUID=11eb23c1-01 rootwait gpt debug noinitrd earlyprintk init=/bin/bash'
Tegra20 (TrimSlice) # setenv ipaddr 192.168.100.103; setenv serverip 192.168.100.1; setenv tftpserverip 192.168.100.1
Tegra20 (TrimSlice) # tftpboot 0x00408000 zImage.multi_v7_defconfig
Using RTL8169#0 device
TFTP from server 192.168.100.1; our IP address is 192.168.100.103
Filename 'zImage.multi_v7_defconfig'.
Load address: 0x408000
Loading: *#################################################################
	 #################################################################
	 #################################################################
	 #################################################################
	 #################################################################
	 #################################################################
	 #################################################################
	 #################################################################
	 ####################################
	 3.6 MiB/s
done
Bytes transferred = 8159752 (7c8208 hex)
Tegra20 (TrimSlice) # tftpboot 0x02408000 tegra20-trimslice.dtb
Using RTL8169#0 device
TFTP from server 192.168.100.1; our IP address is 192.168.100.103
Filename 'tegra20-trimslice.dtb'.
Load address: 0x2408000
Loading: *##
	 3.4 MiB/s
done
Bytes transferred = 21454 (53ce hex)
Tegra20 (TrimSlice) # bootz 0x00408000 - 0x02408000
Kernel image @ 0x408000 [ 0x000000 - 0x7c8200 ]
## Flattened Device Tree blob at 02408000
   Booting using the fdt blob at 0x2408000
   Using Device Tree in place at 02408000, end 024103cd

Starting kernel ...

[    0.000000] Booting Linux on physical CPU 0x0
[    0.000000] Linux version 4.13.0-next-20170907-199554-gc6be5a0 (jonathanh@sellafield) (gcc version 4.7.3 20130328 (prerelease) (crosstool-NG linaro-1.13.1-4.7-2013.04-20130415 - Linaro GCC 2013.04)) #1 SMP Wed Sep 6 23:51:23 PDT 2017
[    0.000000] CPU: ARMv7 Processor [411fc090] revision 0 (ARMv7), cr=10c5387d
[    0.000000] CPU: PIPT / VIPT nonaliasing data cache, VIPT aliasing instruction cache
[    0.000000] OF: fdt: Machine model: Compulab TrimSlice board
[    0.000000] debug: ignoring loglevel setting.
[    0.000000] Memory policy: Data cache writealloc
[    0.000000] efi: Getting EFI parameters from FDT:
[    0.000000] efi: UEFI not found.
[    0.000000] cma: Reserved 64 MiB at 0x3c000000
[    0.000000] On node 0 totalpages: 262144
[    0.000000] free_area_init_node: node 0, pgdat c158e5c0, node_mem_map ef7f8000
[    0.000000]   DMA zone: 1536 pages used for memmap
[    0.000000]   DMA zone: 0 pages reserved
[    0.000000]   DMA zone: 196608 pages, LIFO batch:31
[    0.000000]   HighMem zone: 65536 pages, LIFO batch:15
[    0.000000] random: fast init done
[    0.000000] percpu: Embedded 17 pages/cpu @ef7c4000 s39424 r8192 d22016 u69632
[    0.000000] pcpu-alloc: s39424 r8192 d22016 u69632 alloc=17*4096
[    0.000000] pcpu-alloc: [0] 0 [0] 1 
[    0.000000] Built 1 zonelists, mobility grouping on.  Total pages: 260608
[    0.000000] Kernel command line: ignore_loglevel console=ttyS0,115200n8 rw root=PARTUUID=11eb23c1-01 rootwait gpt debug noinitrd earlyprintk init=/bin/bash
[    0.000000] PID hash table entries: 4096 (order: 2, 16384 bytes)
[    0.000000] Dentry cache hash table entries: 131072 (order: 7, 524288 bytes)
[    0.000000] Inode-cache hash table entries: 65536 (order: 6, 262144 bytes)
[    0.000000] Memory: 954308K/1048576K available (10240K kernel code, 1626K rwdata, 4508K rodata, 2048K init, 405K bss, 28732K reserved, 65536K cma-reserved, 196608K highmem)
[    0.000000] Virtual kernel memory layout:
[    0.000000]     vector  : 0xffff0000 - 0xffff1000   (   4 kB)
[    0.000000]     fixmap  : 0xffc00000 - 0xfff00000   (3072 kB)
[    0.000000]     vmalloc : 0xf0800000 - 0xff800000   ( 240 MB)
[    0.000000]     lowmem  : 0xc0000000 - 0xf0000000   ( 768 MB)
[    0.000000]     pkmap   : 0xbfe00000 - 0xc0000000   (   2 MB)
[    0.000000]     modules : 0xbf000000 - 0xbfe00000   (  14 MB)
[    0.000000]       .text : 0xc0208000 - 0xc0d00000   (11232 kB)
[    0.000000]       .init : 0xc1200000 - 0xc1400000   (2048 kB)
[    0.000000]       .data : 0xc1400000 - 0xc1596910   (1627 kB)
[    0.000000]        .bss : 0xc159fbcc - 0xc16053bc   ( 406 kB)
[    0.000000] SLUB: HWalign=64, Order=0-3, MinObjects=0, CPUs=2, Nodes=1
[    0.000000] Hierarchical RCU implementation.
[    0.000000] 	RCU event tracing is enabled.
[    0.000000] 	RCU restricting CPUs from NR_CPUS=16 to nr_cpu_ids=2.
[    0.000000] RCU: Adjusting geometry for rcu_fanout_leaf=16, nr_cpu_ids=2
[    0.000000] NR_IRQS: 16, nr_irqs: 16, preallocated irqs: 16
[    0.000000] /interrupt-controller@60004000: 128 interrupts forwarded to /interrupt-controller@50041000
[    0.000000] L2C: platform modifies aux control register: 0x02080000 -> 0x3e480001
[    0.000000] L2C: DT/platform modifies aux control register: 0x02080000 -> 0x3e480001
[    0.000000] L2C-310 errata 727915 769419 enabled
[    0.000000] L2C-310 enabling early BRESP for Cortex-A9
[    0.000000] L2C-310: enabling full line of zeros but not enabled in Cortex-A9
[    0.000000] L2C-310 ID prefetch enabled, offset 1 lines
[    0.000000] L2C-310 cache controller enabled, 8 ways, 1024 kB
[    0.000000] L2C-310: CACHE_ID 0x410000c4, AUX_CTRL 0x7e480001
[    0.000009] sched_clock: 32 bits at 1000kHz, resolution 1000ns, wraps every 2147483647500ns
[    0.000026] clocksource: timer_us: mask: 0xffffffff max_cycles: 0xffffffff, max_idle_ns: 1911260446275 ns
[    0.000037] Switching to timer-based delay loop, resolution 1000ns
[    0.001663] Console: colour dummy device 80x30
[    0.001692] Calibrating delay loop (skipped), value calculated using timer frequency.. 2.00 BogoMIPS (lpj=10000)
[    0.001704] pid_max: default: 32768 minimum: 301
[    0.001794] Mount-cache hash table entries: 2048 (order: 1, 8192 bytes)
[    0.001805] Mountpoint-cache hash table entries: 2048 (order: 1, 8192 bytes)
[    0.002242] CPU: Testing write buffer coherency: ok
[    0.002449] CPU0: thread -1, cpu 0, socket 0, mpidr 80000000
[    0.002683] Setting up static identity map for 0x300000 - 0x3000a0
[    0.003316] Hierarchical SRCU implementation.
[    0.004160] Tegra Revision: A03 prime SKU: 8 CPU Process: 1 SoC Process: 2
[    0.004606] EFI services will not be available.
[    0.004696] smp: Bringing up secondary CPUs ...
[    0.005215] CPU1: thread -1, cpu 1, socket 0, mpidr 80000001
[    0.005290] smp: Brought up 1 node, 2 CPUs
[    0.005301] SMP: Total of 2 processors activated (4.00 BogoMIPS).
[    0.005307] CPU: All CPU(s) started in SVC mode.
[    0.005958] devtmpfs: initialized
[    0.012334] Built 1 zonelists, mobility grouping on.  Total pages: 254961
[    0.012693] VFP support v0.3: implementor 41 architecture 3 part 30 variant 9 rev 1
[    0.012947] clocksource: jiffies: mask: 0xffffffff max_cycles: 0xffffffff, max_idle_ns: 19112604462750000 ns
[    0.012968] futex hash table entries: 512 (order: 3, 32768 bytes)
[    0.013137] pinctrl core: initialized pinctrl subsystem
[    0.014008] DMI not present or invalid.
[    0.014224] NET: Registered protocol family 16
[    0.016291] DMA: preallocated 256 KiB pool for atomic coherent allocations
[    0.017671] cpuidle: using governor menu
[    0.033126] No ATAGs?
[    0.033189] hw-breakpoint: found 5 (+1 reserved) breakpoint and 1 watchpoint registers.
[    0.033200] hw-breakpoint: maximum watchpoint size is 4 bytes.
[    0.037932] Serial: AMBA PL011 UART driver
[    0.048032] AT91: Could not find identification node
[    0.048532] usb1_vbus: Failed to request enable GPIO170: -517
[    0.048548] reg-fixed-voltage regulators:regulator@2: Failed to register regulator: -517
[    0.051959] vgaarb: loaded
[    0.052509] SCSI subsystem initialized
[    0.052636] libata version 3.00 loaded.
[    0.052810] usbcore: registered new interface driver usbfs
[    0.052847] usbcore: registered new interface driver hub
[    0.052887] usbcore: registered new device driver usb
[    0.054839] pps_core: LinuxPPS API ver. 1 registered
[    0.054846] pps_core: Software ver. 5.3.6 - Copyright 2005-2007 Rodolfo Giometti <giometti@linux.it>
[    0.054863] PTP clock support registered
[    0.055009] EDAC MC: Ver: 3.0.0
[    0.055254] dmi: Firmware registration failed.
[    0.056660] clocksource: Switched to clocksource timer_us
[    0.094854] NET: Registered protocol family 2
[    0.095290] TCP established hash table entries: 8192 (order: 3, 32768 bytes)
[    0.095360] TCP bind hash table entries: 8192 (order: 4, 65536 bytes)
[    0.095474] TCP: Hash tables configured (established 8192 bind 8192)
[    0.095595] UDP hash table entries: 512 (order: 2, 16384 bytes)
[    0.095648] UDP-Lite hash table entries: 512 (order: 2, 16384 bytes)
[    0.095805] NET: Registered protocol family 1
[    0.096102] RPC: Registered named UNIX socket transport module.
[    0.096110] RPC: Registered udp transport module.
[    0.096115] RPC: Registered tcp transport module.
[    0.096120] RPC: Registered tcp NFSv4.1 backchannel transport module.
[    0.096129] PCI: CLS 0 bytes, default 64
[    0.096998] hw perfevents: no interrupt-affinity property for /pmu, guessing.
[    0.097158] hw perfevents: enabled with armv7_cortex_a9 PMU driver, 7 counters available
[    0.098309] workingset: timestamp_bits=30 max_order=18 bucket_order=0
[    0.102555] squashfs: version 4.0 (2009/01/31) Phillip Lougher
[    0.103016] NFS: Registering the id_resolver key type
[    0.103042] Key type id_resolver registered
[    0.103048] Key type id_legacy registered
[    0.103079] ntfs: driver 2.1.32 [Flags: R/O].
[    0.104188] bounce: pool size: 64 pages
[    0.104237] Block layer SCSI generic (bsg) driver version 0.4 loaded (major 248)
[    0.104245] io scheduler noop registered
[    0.104251] io scheduler deadline registered
[    0.104430] io scheduler cfq registered (default)
[    0.104438] io scheduler mq-deadline registered
[    0.104444] io scheduler kyber registered
[    0.116028] tegra-pcie 80003000.pcie: dual-mode configuration
[    0.116758] tegra-pcie 80003000.pcie: probing port 0, using 2 lanes
[    0.200800] tegra-pcie 80003000.pcie: PCI host bridge to bus 0000:00
[    0.200813] pci_bus 0000:00: root bus resource [io  0x0000-0xffff]
[    0.200822] pci_bus 0000:00: root bus resource [mem 0xa0000000-0xa7ffffff]
[    0.200830] pci_bus 0000:00: root bus resource [mem 0xa8000000-0xbfffffff pref]
[    0.200839] pci_bus 0000:00: root bus resource [bus 00-ff]
[    0.200867] pci 0000:00:01.0: [10de:0bf0] type 01 class 0x060000
[    0.200886] pci_bus 0000:00: 2-byte config write to 0000:00:01.0 offset 0x4 may corrupt adjacent RW1C bits
[    0.200897] pci_bus 0000:00: 2-byte config write to 0000:00:01.0 offset 0x4 may corrupt adjacent RW1C bits
[    0.200916] pci 0000:00:01.0: enabling Extended Tags
[    0.200926] pci_bus 0000:00: 2-byte config write to 0000:00:01.0 offset 0x88 may corrupt adjacent RW1C bits
[    0.200951] pci_bus 0000:00: 2-byte config write to 0000:00:01.0 offset 0x52 may corrupt adjacent RW1C bits
[    0.200975] pci 0000:00:01.0: PME# supported from D0 D1 D2 D3hot D3cold
[    0.200986] pci_bus 0000:00: 2-byte config write to 0000:00:01.0 offset 0x4c may corrupt adjacent RW1C bits
[    0.201139] pci_bus 0000:00: 2-byte config write to 0000:00:01.0 offset 0x3e may corrupt adjacent RW1C bits
[    0.201150] pci_bus 0000:00: 2-byte config write to 0000:00:01.0 offset 0x4 may corrupt adjacent RW1C bits
[    0.201160] pci_bus 0000:00: 1-byte config write to 0000:00:01.0 offset 0xc may corrupt adjacent RW1C bits
[    0.201166] PCI: bus0: Fast back to back transfers disabled
[    0.201176] pci 0000:00:01.0: bridge configuration invalid ([bus 00-00]), reconfiguring
[    0.201185] pci_bus 0000:00: 2-byte config write to 0000:00:01.0 offset 0x3e may corrupt adjacent RW1C bits
[    0.201195] pci_bus 0000:00: 2-byte config write to 0000:00:01.0 offset 0x3e may corrupt adjacent RW1C bits
[    0.201305] pci 0000:01:00.0: [10ec:8168] type 00 class 0x020000
[    0.201339] pci 0000:01:00.0: reg 0x10: [io  0x0000-0x00ff]
[    0.201364] pci 0000:01:00.0: reg 0x18: [mem 0x00000000-0x00000fff 64bit pref]
[    0.201381] pci 0000:01:00.0: reg 0x20: [mem 0x00000000-0x00003fff 64bit pref]
[    0.201395] pci 0000:01:00.0: reg 0x30: [mem 0x00000000-0x0001ffff pref]
[    0.201470] pci 0000:01:00.0: supports D1 D2
[    0.201478] pci 0000:01:00.0: PME# supported from D0 D1 D2 D3hot D3cold
[    0.226711] PCI: bus1: Fast back to back transfers disabled
[    0.226724] pci_bus 0000:01: busn_res: [bus 01-ff] end is updated to 01
[    0.226752] pci 0000:00:01.0: BAR 8: assigned [mem 0xa0000000-0xa00fffff]
[    0.226764] pci 0000:00:01.0: BAR 9: assigned [mem 0xa8000000-0xa80fffff 64bit pref]
[    0.226773] pci 0000:00:01.0: BAR 7: assigned [io  0x1000-0x1fff]
[    0.226784] pci 0000:01:00.0: BAR 6: assigned [mem 0xa0000000-0xa001ffff pref]
[    0.226794] pci 0000:01:00.0: BAR 4: assigned [mem 0xa8000000-0xa8003fff 64bit pref]
[    0.226813] pci 0000:01:00.0: BAR 2: assigned [mem 0xa8004000-0xa8004fff 64bit pref]
[    0.226831] pci 0000:01:00.0: BAR 0: assigned [io  0x1000-0x10ff]
[    0.226842] pci 0000:00:01.0: PCI bridge to [bus 01]
[    0.226850] pci 0000:00:01.0:   bridge window [io  0x1000-0x1fff]
[    0.226859] pci 0000:00:01.0:   bridge window [mem 0xa0000000-0xa00fffff]
[    0.226867] pci 0000:00:01.0:   bridge window [mem 0xa8000000-0xa80fffff 64bit pref]
[    0.226890] pci 0000:00:01.0: nv_msi_ht_cap_quirk didn't locate host bridge
[    0.226942] Disabling cpuidle LP2 state, since PCIe IRQs are in use
[    0.226978] pcieport 0000:00:01.0: enabling device (0140 -> 0143)
[    0.227154] pcieport 0000:00:01.0: Signaling PME with IRQ 295
[    0.233075] tegra-apbdma 6000a000.dma: Tegra20 APB DMA driver register 16 channels
[    0.276472] Serial: 8250/16550 driver, 4 ports, IRQ sharing disabled
[    0.278687] console [ttyS0] disabled
[    0.278725] 70006000.serial: ttyS0 at MMIO 0x70006000 (irq = 279, base_baud = 13500000) is a Tegra
[    1.369289] console [ttyS0] enabled
[    1.373350] SuperH (H)SCI(F) driver initialized
[    1.378633] msm_serial: driver initialized
[    1.382855] STMicroelectronics ASC driver initialized
[    1.392296] tegra-hdmi 54280000.hdmi: 54280000.hdmi supply hdmi not found, using dummy regulator
[    1.403306] [drm] Supports vblank timestamp caching Rev 2 (21.10.2013).
[    1.409924] [drm] No driver support for vblank timestamp query.
[    1.415870] [drm] Cannot find any crtc or sizes
[    1.420423] [drm] Initialized tegra 0.0.0 20120330 for drm on minor 0
[    1.428396] [drm] Cannot find any crtc or sizes
[    1.438482] brd: module loaded
[    1.446445] loop: module loaded
[    1.455561] m25p80 spi0.0: found s25fl008k, expected w25q80bl
[    1.461386] m25p80 spi0.0: s25fl008k (1024 Kbytes)
[    1.468144] libphy: Fixed MDIO Bus: probed
[    1.472915] CAN device driver interface
[    1.477415] bgmac_bcma: Broadcom 47xx GBit MAC driver loaded
[    1.483985] e1000e: Intel(R) PRO/1000 Network Driver - 3.2.6-k
[    1.489820] e1000e: Copyright(c) 1999 - 2015 Intel Corporation.
[    1.495770] igb: Intel(R) Gigabit Ethernet Network Driver - version 5.4.0-k
[    1.502724] igb: Copyright (c) 2007-2014 Intel Corporation.
[    1.508857] r8169 Gigabit Ethernet driver 2.3LK-NAPI loaded
[    1.514437] r8169 0000:01:00.0: enabling device (0140 -> 0143)
[    1.520875] r8169 0000:01:00.0 eth0: RTL8168d/8111d at 0xf0a5c000, 00:01:c0:13:7d:63, XID 081000c0 IRQ 296
[    1.530531] r8169 0000:01:00.0 eth0: jumbo features [frames: 9200 bytes, tx checksumming: ko]
[    1.541239] pegasus: v0.9.3 (2013/04/25), Pegasus/Pegasus II USB Ethernet driver
[    1.548693] usbcore: registered new interface driver pegasus
[    1.554367] usbcore: registered new interface driver asix
[    1.559790] usbcore: registered new interface driver ax88179_178a
[    1.565889] usbcore: registered new interface driver cdc_ether
[    1.571761] usbcore: registered new interface driver smsc75xx
[    1.577539] usbcore: registered new interface driver smsc95xx
[    1.583290] usbcore: registered new interface driver net1080
[    1.588973] usbcore: registered new interface driver cdc_subset
[    1.594897] usbcore: registered new interface driver zaurus
[    1.600505] usbcore: registered new interface driver cdc_ncm
[    1.606425] tegra-phy c5004000.usb-phy: no vbus regulator
[    1.612941] tegra-phy c5008000.usb-phy: no vbus regulator
[    1.619648] ehci_hcd: USB 2.0 'Enhanced' Host Controller (EHCI) Driver
[    1.626158] ehci-pci: EHCI PCI platform driver
[    1.630638] ehci-platform: EHCI generic platform driver
[    1.635998] ehci-orion: EHCI orion driver
[    1.640124] SPEAr-ehci: EHCI SPEAr driver
[    1.644220] ehci-st: EHCI STMicroelectronics driver
[    1.649201] ehci-exynos: EHCI EXYNOS driver
[    1.653482] ehci-atmel: EHCI Atmel driver
[    1.657603] tegra-ehci: Tegra EHCI driver
[    1.717868] ulpi_phy_power_on: ulpi write failed
[    1.722476] tegra-ehci c5004000.usb: Failed to power on the phy
[    1.728412] tegra-ehci: probe of c5004000.usb failed with error -110
[    1.737390] tegra-ehci c5008000.usb: EHCI Host Controller
[    1.742792] tegra-ehci c5008000.usb: new USB bus registered, assigned bus number 1
[    1.750525] tegra-ehci c5008000.usb: irq 290, io mem 0xc5008000
[    1.776681] tegra-ehci c5008000.usb: USB 2.0 started, EHCI 1.00
[    1.783108] hub 1-0:1.0: USB hub found
[    1.786892] hub 1-0:1.0: 1 port detected
[    1.791110] ohci_hcd: USB 1.1 'Open' Host Controller (OHCI) Driver
[    1.797302] ohci-pci: OHCI PCI platform driver
[    1.801772] ohci-platform: OHCI generic platform driver
[    1.807161] SPEAr-ohci: OHCI SPEAr driver
[    1.811260] ohci-st: OHCI STMicroelectronics driver
[    1.816221] ohci-atmel: OHCI Atmel driver
[    1.820802] usbcore: registered new interface driver usb-storage
[    1.829832] rtc-em3027 2-0056: rtc core: registered rtc-em3027 as rtc0
[    1.837466] tegra_rtc 7000e000.rtc: rtc core: registered 7000e000.rtc as rtc1
[    1.844617] tegra_rtc 7000e000.rtc: Tegra internal Real Time Clock
[    1.851220] i2c /dev entries driver
[    1.857313] IR NEC protocol handler initialized
[    1.861832] IR RC5(x/sz) protocol handler initialized
[    1.866884] IR RC6 protocol handler initialized
[    1.871400] IR JVC protocol handler initialized
[    1.875915] IR Sony protocol handler initialized
[    1.880526] IR SANYO protocol handler initialized
[    1.885215] IR Sharp protocol handler initialized
[    1.889912] IR MCE Keyboard/mouse protocol handler initialized
[    1.895728] IR XMP protocol handler initialized
[    1.907143] sdhci: Secure Digital Host Controller Interface driver
[    1.913307] sdhci: Copyright(c) Pierre Ossman
[    1.918833] Synopsys Designware Multimedia Card Interface Driver
[    1.925757] sdhci-pltfm: SDHCI platform and OF driver helper
[    1.940190] mmc0: Invalid maximum block size, assuming 512 bytes
[    2.006844] mmc0: SDHCI controller on c8000000.sdhci [c8000000.sdhci] using ADMA
[    2.014762] sdhci-tegra c8000600.sdhci: Got CD GPIO
[    2.019827] sdhci-tegra c8000600.sdhci: Got WP GPIO
[    2.033212] mmc1: Invalid maximum block size, assuming 512 bytes
[    2.097263] mmc1: SDHCI controller on c8000600.sdhci [c8000600.sdhci] using ADMA
[    2.111465] ledtrig-cpu: registered to indicate activity on CPUs
[    2.118590] usbcore: registered new interface driver usbhid
[    2.124175] usbhid: USB HID core driver
[    2.142254] NET: Registered protocol family 10
[    2.149135] Segment Routing with IPv6
[    2.152860] sit: IPv6, IPv4 and MPLS over IPv4 tunneling driver
[    2.159261] NET: Registered protocol family 17
[    2.163700] can: controller area network core (rev 20170425 abi 9)
[    2.169940] NET: Registered protocol family 29
[    2.174372] can: raw protocol (rev 20170425)
[    2.178645] can: broadcast manager protocol (rev 20170425 t)
[    2.184294] can: netlink gateway (rev 20170425) max_hops=1
[    2.190077] Key type dns_resolver registered
[    2.194727] ThumbEE CPU extension supported.
[    2.199016] Registering SWP/SWPB emulation handler
[    2.203955] usb 1-1: new high-speed USB device number 2 using tegra-ehci
[    2.213185] utmi_phy_clk_enable: timeout waiting for phy to stabilize
[    2.219677] tegra-ehci c5000000.usb: EHCI Host Controller
[    2.225079] tegra-ehci c5000000.usb: new USB bus registered, assigned bus number 2
[    2.232871] tegra-ehci c5000000.usb: irq 288, io mem 0xc5000000
[    2.276608] mmc1: new high speed SD card at address b368
[    2.283326] mmcblk1: mmc1:b368 NCard 1.83 GiB (ro)
[    2.290802]  mmcblk1: p1 p2
[    2.396831] tegra-ehci c5000000.usb: USB 2.0 started, EHCI 1.00
[    2.405021] hub 2-0:1.0: USB hub found
[    2.409047] hub 2-0:1.0: 1 port detected
[    2.416236] input: gpio-keys as /devices/soc0/gpio-keys/input/input0
[    2.424514] rtc-em3027 2-0056: hctosys: unable to read the hardware clock
[   2.431635] hub 1-1:1.0: USB hub found
[    2.435412] hub 1-1:1.0: 4 ports detected
[    2.440482] Waiting for root device PARTUUID=11eb23c1-01...
[    2.756817] usb 1-1.2: new high-speed USB device number 3 using tegra-ehci
[    3.274457] mmc0: host does not support reading read-only switch, assuming write-enable
[    3.284465] mmc0: new high speed SDHC card at address b368
[    3.290361] mmcblk0: mmc0:b368 NCard 3.70 GiB 
[    3.297112]  mmcblk0: p1
[    3.380578] asix 1-1.2:1.0 eth1: register 'asix' at usb-c5008000.usb-1.2, ASIX AX88772 USB 2.0 Ethernet, 00:60:6e:60:6c:68
[    3.397393] EXT4-fs (mmcblk0p1): mounting ext3 file system using the ext4 subsystem
[    3.639719] EXT4-fs (mmcblk0p1): recovery complete
[    3.713138] EXT4-fs (mmcblk0p1): mounted filesystem with ordered data mode. Opts: (null)
[    3.721418] VFS: Mounted root (ext3 filesystem) on device 179:17.
[    3.736260] devtmpfs: mounted
[    3.742873] Freeing unused kernel memory: 2048K
bash: cannot set terminal process group (-1): Inappropriate ioctl for device
bash: no job control in this shell
root@(none):/#  
root@(none):/# mount -t sysfs none /sys
root@(none):/# 
root@(none):/# mount -t debugfs none /sys/kernel/debug
root@(none):/# 
root@(none):/# rtcwake -d rtc1 -m mem -s 3
rtcwake: assuming RTC uses UTC ...
rtcwake: wakeup from "mem" using /dev/rtc1 at Thu Jan  1 00:00:32 1970
[   14.105938] PM: suspend entry (deep)
[   14.109650] PM: Syncing filesystems ... done.
[   14.116404] Freezing user space processes ... (elapsed 0.001 seconds) done.
[   14.124512] OOM killer disabled.
[   14.127753] Freezing remaining freezable tasks ... (elapsed 0.001 seconds) done.
[   14.136230] Suspending console(s) (use no_console_suspend to debug)
[   14.173187] pci_generic_config_write32: 43 callbacks suppressed
[   14.173231] pci_bus 0000:00: 2-byte config write to 0000:00:01.0 offset 0x9c may corrupt adjacent RW1C bits
[   14.193908] pci_bus 0000:01: 2-byte config write to 0000:01:00.0 offset 0x44 may corrupt adjacent RW1C bits
[   14.193966] pci_bus 0000:01: 2-byte config write to 0000:01:00.0 offset 0x44 may corrupt adjacent RW1C bits
[   14.217328] Disabling non-boot CPUs ...
[   14.260406] Entering suspend state LP1
[   14.260455] Enabling non-boot CPUs ...
[   14.261949] CPU1 is up
[   14.264286] pci_bus 0000:00: 2-byte config write to 0000:00:01.0 offset 0x4c may corrupt adjacent RW1C bits
[   14.264333] pci_bus 0000:00: 2-byte config write to 0000:00:01.0 offset 0x88 may corrupt adjacent RW1C bits
[   14.264389] pci_bus 0000:00: 2-byte config write to 0000:00:01.0 offset 0x90 may corrupt adjacent RW1C bits
[   14.264419] pci_bus 0000:00: 2-byte config write to 0000:00:01.0 offset 0x98 may corrupt adjacent RW1C bits
[   14.264447] pci_bus 0000:00: 2-byte config write to 0000:00:01.0 offset 0x9c may corrupt adjacent RW1C bits
[   14.264529] pci_bus 0000:00: 2-byte config write to 0000:00:01.0 offset 0x52 may corrupt adjacent RW1C bits
[   14.264561] pci_bus 0000:00: 2-byte config write to 0000:00:01.0 offset 0x52 may corrupt adjacent RW1C bits
[   14.264644] pcieport 0000:00:01.0: nv_msi_ht_cap_quirk didn't locate host bridge
[   14.963969] OOM killer enabled.
[   14.967113] Restarting tasks ... done.
[   14.971586] PM: suspend exit
root@(none):/# 
root@(none):/# rtcwake -d rtc1 -m mem -s 3
rtcwake: assuming RTC uses UTC ...
rtcwake: wakeup from "mem" using /dev/rtc1 at Thu Jan  1 00:00:37 1970
[   15.418083] PM: suspend entry (deep)
[   15.421684] PM: Syncing filesystems ... done.
[   15.427642] Freezing user space processes ... (elapsed 0.001 seconds) done.
[   15.435786] OOM killer disabled.
[   15.439036] Freezing remaining freezable tasks ... (elapsed 0.001 seconds) done.
[   15.447541] Suspending console(s) (use no_console_suspend to debug)
[   15.517237] Disabling non-boot CPUs ...
[   15.559362] Entering suspend state LP1
[   15.559411] Enabling non-boot CPUs ...
[   15.560994] CPU1 is up
[   15.563468] pcieport 0000:00:01.0: nv_msi_ht_cap_quirk didn't locate host bridge
[   16.150699] OOM killer enabled.
[   16.153829] Restarting tasks ... done.
[   16.157969] PM: suspend exit
root@(none):/# 
root@(none):/# rtcwake -d rtc1 -m mem -s 3
rtcwake: assuming RTC uses UTC ...
rtcwake: wakeup from "mem" using /dev/rtc1 at Thu Jan  1 00:00:42 1970
[   16.718504] PM: suspend entry (deep)
[   16.722103] PM: Syncing filesystems ... done.
[   16.728090] Freezing user space processes ... (elapsed 0.001 seconds) done.
[   16.736271] OOM killer disabled.
[   16.739520] Freezing remaining freezable tasks ... (elapsed 0.001 seconds) done.
[   16.748015] Suspending console(s) (use no_console_suspend to debug)
[   16.827248] Disabling non-boot CPUs ...
[   16.879311] Entering suspend state LP1
[   16.879359] Enabling non-boot CPUs ...
[   16.880900] CPU1 is up
[   16.882395] pcieport 0000:00:01.0: nv_msi_ht_cap_quirk didn't locate host bridge
[   17.490392] OOM killer enabled.
[   17.493526] Restarting tasks ... done.
[   17.498442] PM: suspend exit
root@(none):/# 
root@(none):/# rtcwake -d rtc1 -m mem -s 3
rtcwake: assuming RTC uses UTC ...
rtcwake: wakeup from "mem" using /dev/rtc1 at Thu Jan  1 00:00:47 1970
[   18.037997] PM: suspend entry (deep)
[   18.041596] PM: Syncing filesystems ... done.
[   18.047553] Freezing user space processes ... (elapsed 0.001 seconds) done.
[   18.055702] OOM killer disabled.
[   18.058943] Freezing remaining freezable tasks ... (elapsed 0.001 seconds) done.
[   18.067447] Suspending console(s) (use no_console_suspend to debug)
[   18.147109] Disabling non-boot CPUs ...
[   18.199227] Entering suspend state LP1
[   18.199277] Enabling non-boot CPUs ...
[   18.200824] CPU1 is up
[   18.202328] pcieport 0000:00:01.0: nv_msi_ht_cap_quirk didn't locate host bridge
[   18.800174] OOM killer enabled.
[   18.803309] Restarting tasks ... done.
[   18.807587] PM: suspend exit
root@(none):/# 
root@(none):/# rtcwake -d rtc1 -m mem -s 3
rtcwake: assuming RTC uses UTC ...
rtcwake: wakeup from "mem" using /dev/rtc1 at Thu Jan  1 00:00:52 1970
[   19.357501] PM: suspend entry (deep)
[   19.361074] PM: Syncing filesystems ... done.
[   19.366055] Freezing user space processes ... (elapsed 0.001 seconds) done.
[   19.374145] OOM killer disabled.
[   19.377416] Freezing remaining freezable tasks ... (elapsed 0.001 seconds) done.
[   19.385946] Suspending console(s) (use no_console_suspend to debug)
[   19.422078] pci_generic_config_write32: 98 callbacks suppressed
[   19.422126] pci_bus 0000:00: 2-byte config write to 0000:00:01.0 offset 0x9c may corrupt adjacent RW1C bits
[   19.443330] pci_bus 0000:01: 2-byte config write to 0000:01:00.0 offset 0x44 may corrupt adjacent RW1C bits
[   19.443386] pci_bus 0000:01: 2-byte config write to 0000:01:00.0 offset 0x44 may corrupt adjacent RW1C bits
[   19.467035] Disabling non-boot CPUs ...
[   19.519142] Entering suspend state LP1
[   19.519191] Enabling non-boot CPUs ...
[   19.520740] CPU1 is up
[   19.522144] pci_bus 0000:00: 2-byte config write to 0000:00:01.0 offset 0x4c may corrupt adjacent RW1C bits
[   19.522190] pci_bus 0000:00: 2-byte config write to 0000:00:01.0 offset 0x88 may corrupt adjacent RW1C bits
[   19.522220] pci_bus 0000:00: 2-byte config write to 0000:00:01.0 offset 0x90 may corrupt adjacent RW1C bits
[   19.522249] pci_bus 0000:00: 2-byte config write to 0000:00:01.0 offset 0x98 may corrupt adjacent RW1C bits
[   19.522277] pci_bus 0000:00: 2-byte config write to 0000:00:01.0 offset 0x9c may corrupt adjacent RW1C bits
[   19.522359] pci_bus 0000:00: 2-byte config write to 0000:00:01.0 offset 0x52 may corrupt adjacent RW1C bits
[   19.522393] pci_bus 0000:00: 2-byte config write to 0000:00:01.0 offset 0x52 may corrupt adjacent RW1C bits
[   19.522473] pcieport 0000:00:01.0: nv_msi_ht_cap_quirk didn't locate host bridge
[   20.211744] OOM killer enabled.
[   20.214873] Restarting tasks ... done.
[   20.218893] PM: suspend exit
root@(none):/# 
root@(none):/# rtcwake -d rtc1 -m mem -s 3
rtcwake: assuming RTC uses UTC ...
rtcwake: wakeup from "mem" using /dev/rtc1 at Thu Jan  1 00:00:57 1970
[   20.679408] PM: suspend entry (deep)
[   20.682995] PM: Syncing filesystems ... done.
[   20.688536] Freezing user space processes ... (elapsed 0.001 seconds) done.
[   20.696670] OOM killer disabled.
[   20.699886] Freezing remaining freezable tasks ... (elapsed 0.001 seconds) done.
[   20.708388] Suspending console(s) (use no_console_suspend to debug)
[   20.776975] Disabling non-boot CPUs ...
[   20.819107] Entering suspend state LP1
[   20.819157] Enabling non-boot CPUs ...
[   20.820707] CPU1 is up
[   20.821532] pcieport 0000:00:01.0: nv_msi_ht_cap_quirk didn't locate host bridge
[   21.436160] OOM killer enabled.
[   21.439310] Restarting tasks ... done.
[   21.444176] PM: suspend exit
root@(none):/# 
root@(none):/# rtcwake -d rtc1 -m mem -s 3
rtcwake: assuming RTC uses UTC ...
rtcwake: wakeup from "mem" using /dev/rtc1 at Thu Jan  1 00:01:02 1970
[   21.978329] PM: suspend entry (deep)
[   21.981916] PM: Syncing filesystems ... done.
[   21.987419] Freezing user space processes ... (elapsed 0.001 seconds) done.
[   21.996081] OOM killer disabled.
[   21.999334] Freezing remaining freezable tasks ... (elapsed 0.001 seconds) done.
[   22.007835] Suspending console(s) (use no_console_suspend to debug)
[   22.066972] Disabling non-boot CPUs ...
[   22.119070] Entering suspend state LP1
[   22.119119] Enabling non-boot CPUs ...
[   22.120812] CPU1 is up
[   22.121594] pcieport 0000:00:01.0: nv_msi_ht_cap_quirk didn't locate host bridge
[   22.720083] OOM killer enabled.
[   22.723217] Restarting tasks ... done.
[   22.727552] PM: suspend exit
root@(none):/# 
root@(none):/# rtcwake -d rtc1 -m mem -s 3
rtcwake: assuming RTC uses UTC ...
rtcwake: wakeup from "mem" using /dev/rtc1 at Thu Jan  1 00:01:07 1970
[   23.277827] PM: suspend entry (deep)
[   23.281426] PM: Syncing filesystems ... done.
[   23.287441] Freezing user space processes ... (elapsed 0.001 seconds) done.
[   23.295587] OOM killer disabled.
[   23.298836] Freezing remaining freezable tasks ... (elapsed 0.001 seconds) done.
[   23.307343] Suspending console(s) (use no_console_suspend to debug)
[   23.376891] Disabling non-boot CPUs ...
[   23.418997] Entering suspend state LP1
[   23.419045] Enabling non-boot CPUs ...
[   23.420596] CPU1 is up
[   23.421610] pcieport 0000:00:01.0: nv_msi_ht_cap_quirk didn't locate host bridge
[   24.019784] OOM killer enabled.
[   24.022919] Restarting tasks ... done.
[   24.026919] PM: suspend exit
root@(none):/# 
root@(none):/# rtcwake -d rtc1 -m mem -s 3
rtcwake: assuming RTC uses UTC ...
rtcwake: wakeup from "mem" using /dev/rtc1 at Thu Jan  1 00:01:12 1970
[   24.578252] PM: suspend entry (deep)
[   24.581850] PM: Syncing filesystems ... done.
[   24.587851] Freezing user space processes ... (elapsed 0.001 seconds) done.
[   24.595992] OOM killer disabled.
[   24.599241] Freezing remaining freezable tasks ... (elapsed 0.001 seconds) done.
[   24.607744] Suspending console(s) (use no_console_suspend to debug)
[   24.642590] pci_generic_config_write32: 98 callbacks suppressed
[   24.642635] pci_bus 0000:00: 2-byte config write to 0000:00:01.0 offset 0x9c may corrupt adjacent RW1C bits
[   24.663966] pci_bus 0000:01: 2-byte config write to 0000:01:00.0 offset 0x44 may corrupt adjacent RW1C bits
[   24.664023] pci_bus 0000:01: 2-byte config write to 0000:01:00.0 offset 0x44 may corrupt adjacent RW1C bits
[   24.686833] Disabling non-boot CPUs ...
[   24.738914] Entering suspend state LP1
[   24.738962] Enabling non-boot CPUs ...
[   24.740503] CPU1 is up
[   24.742834] pci_bus 0000:00: 2-byte config write to 0000:00:01.0 offset 0x4c may corrupt adjacent RW1C bits
[   24.742880] pci_bus 0000:00: 2-byte config write to 0000:00:01.0 offset 0x88 may corrupt adjacent RW1C bits
[   24.742911] pci_bus 0000:00: 2-byte config write to 0000:00:01.0 offset 0x90 may corrupt adjacent RW1C bits
[   24.742940] pci_bus 0000:00: 2-byte config write to 0000:00:01.0 offset 0x98 may corrupt adjacent RW1C bits
[   24.742966] pci_bus 0000:00: 2-byte config write to 0000:00:01.0 offset 0x9c may corrupt adjacent RW1C bits
[   24.743047] pci_bus 0000:00: 2-byte config write to 0000:00:01.0 offset 0x52 may corrupt adjacent RW1C bits
[   24.743079] pci_bus 0000:00: 2-byte config write to 0000:00:01.0 offset 0x52 may corrupt adjacent RW1C bits
[   24.743158] pcieport 0000:00:01.0: nv_msi_ht_cap_quirk didn't locate host bridge
[   25.443396] OOM killer enabled.
[   25.446541] Restarting tasks ... done.
[   25.451158] PM: suspend exit
root@(none):/# 
root@(none):/# rtcwake -d rtc1 -m mem -s 3
rtcwake: assuming RTC uses UTC ...
rtcwake: wakeup from "mem" using /dev/rtc1 at Thu Jan  1 00:01:17 1970
[   25.898043] PM: suspend entry (deep)
[   25.901642] PM: Syncing filesystems ... done.
[   25.907617] Freezing user space processes ... (elapsed 0.001 seconds) done.
[   25.915801] OOM killer disabled.
[   25.919051] Freezing remaining freezable tasks ... (elapsed 0.001 seconds) done.
[   25.927549] Suspending console(s) (use no_console_suspend to debug)
[   25.986746] Disabling non-boot CPUs ...
[   26.038816] Entering suspend state LP1
[   26.038866] Enabling non-boot CPUs ...
[   26.040419] CPU1 is up
[   26.041214] pcieport 0000:00:01.0: nv_msi_ht_cap_quirk didn't locate host bridge
[   26.649754] OOM killer enabled.
[   26.652889] Restarting tasks ... done.
[   26.657438] PM: suspend exit
root@(none):/# 
root@(none):/# NVTB SYSTEM SUSPEND TEST COMPLETE
