
U-Boot SPL 2015.04-rc3-00209-ga74ef40 (Mar 16 2015 - 14:43:39)


U-Boot 2015.04-rc3-00209-ga74ef40 (Mar 16 2015 - 14:43:39)

TEGRA20
Model: Compulab TrimSlice board
DRAM:  1 GiB
MMC:   Tegra SD/MMC: 0, Tegra SD/MMC: 1
SF: Detected W25Q80BL with page size 256 Bytes, erase size 4 KiB, total 1 MiB
tegra-pcie: PCI regions:
tegra-pcie:   I/O: 0x82000000-0x82010000
tegra-pcie:   non-prefetchable memory: 0xa0000000-0xa8000000
tegra-pcie:   prefetchable memory: 0xa8000000-0xc0000000
tegra-pcie: dual-mode configuration
tegra-pcie: probing port 0, using 2 lanes
In:    serial
Out:   serial
Err:   serial
Net:   RTL8169#0
Hit any key to stop autoboot:  2  0 
Tegra20 (TrimSlice) # 
Tegra20 (TrimSlice) # usb reset
resetting USB...
USB0:   USB EHCI 1.00
scanning bus 0 for devices... 3 USB Device(s) found
USB1:   USB EHCI 1.00
scanning bus 1 for devices... 1 USB Device(s) found
USB2:   lowlevel init failed
       scanning usb for storage devices... 0 Storage Device(s) found
       scanning usb for ethernet devices... 
Warning: asx0 using MAC address from net device
1 Ethernet Device(s) found
Tegra20 (TrimSlice) # setenv bootargs 'ignore_loglevel console=ttyS0,115200n8 rw root=PARTUUID=11eb23c1-01 rootwait gpt debug noinitrd earlyprintk init=/bin/bash'
Tegra20 (TrimSlice) # setenv ipaddr 192.168.100.103; setenv serverip 192.168.100.1; setenv tftpserverip 192.168.100.1
Tegra20 (TrimSlice) # tftpboot 0x00408000 zImage.multi_v7_defconfig
Using RTL8169#0 device
TFTP from server 192.168.100.1; our IP address is 192.168.100.103
Filename 'zImage.multi_v7_defconfig'.
Load address: 0x408000
Loading: *#################################################################
	 #################################################################
	 #################################################################
	 #################################################################
	 #################################################################
	 #################################################################
	 #################################################################
	 #################################################################
	 ###########################
	 4 MiB/s
done
Bytes transferred = 8015848 (7a4fe8 hex)
Tegra20 (TrimSlice) # tftpboot 0x02408000 tegra20-trimslice.dtb
Using RTL8169#0 device
TFTP from server 192.168.100.1; our IP address is 192.168.100.103
Filename 'tegra20-trimslice.dtb'.
Load address: 0x2408000
Loading: *##
	 2.9 MiB/s
done
Bytes transferred = 21454 (53ce hex)
Tegra20 (TrimSlice) # bootz 0x00408000 - 0x02408000
Kernel image @ 0x408000 [ 0x000000 - 0x7a4fe8 ]
## Flattened Device Tree blob at 02408000
   Booting using the fdt blob at 0x2408000
   Using Device Tree in place at 02408000, end 024103cd

Starting kernel ...

[    0.000000] Booting Linux on physical CPU 0x0
[    0.000000] Linux version 4.12.0-next-20170705-184676-g0c5f031 (jonathanh@sellafield) (gcc version 4.7.3 20130328 (prerelease) (crosstool-NG linaro-1.13.1-4.7-2013.04-20130415 - Linaro GCC 2013.04)) #1 SMP Tue Jul 4 23:04:35 PDT 2017
[    0.000000] CPU: ARMv7 Processor [411fc090] revision 0 (ARMv7), cr=10c5387d
[    0.000000] CPU: PIPT / VIPT nonaliasing data cache, VIPT aliasing instruction cache
[    0.000000] OF: fdt: Machine model: Compulab TrimSlice board
[    0.000000] debug: ignoring loglevel setting.
[    0.000000] Memory policy: Data cache writealloc
[    0.000000] efi: Getting EFI parameters from FDT:
[    0.000000] efi: UEFI not found.
[    0.000000] cma: Reserved 64 MiB at 0x3c000000
[    0.000000] On node 0 totalpages: 262144
[    0.000000] free_area_init_node: node 0, pgdat c157dc80, node_mem_map ef7f8000
[    0.000000]   DMA zone: 1536 pages used for memmap
[    0.000000]   DMA zone: 0 pages reserved
[    0.000000]   DMA zone: 196608 pages, LIFO batch:31
[    0.000000]   HighMem zone: 65536 pages, LIFO batch:15
[    0.000000] percpu: Embedded 17 pages/cpu @ef7c4000 s39360 r8192 d22080 u69632
[    0.000000] pcpu-alloc: s39360 r8192 d22080 u69632 alloc=17*4096
[    0.000000] pcpu-alloc: [0] 0 [0] 1 
[    0.000000] Built 1 zonelists in Zone order, mobility grouping on.  Total pages: 260608
[    0.000000] Kernel command line: ignore_loglevel console=ttyS0,115200n8 rw root=PARTUUID=11eb23c1-01 rootwait gpt debug noinitrd earlyprintk init=/bin/bash
[    0.000000] PID hash table entries: 4096 (order: 2, 16384 bytes)
[    0.000000] Dentry cache hash table entries: 131072 (order: 7, 524288 bytes)
[    0.000000] Inode-cache hash table entries: 65536 (order: 6, 262144 bytes)
[    0.000000] Memory: 954384K/1048576K available (10240K kernel code, 1558K rwdata, 4452K rodata, 2048K init, 402K bss, 28656K reserved, 65536K cma-reserved, 196608K highmem)
[    0.000000] Virtual kernel memory layout:
[    0.000000]     vector  : 0xffff0000 - 0xffff1000   (   4 kB)
[    0.000000]     fixmap  : 0xffc00000 - 0xfff00000   (3072 kB)
[    0.000000]     vmalloc : 0xf0800000 - 0xff800000   ( 240 MB)
[    0.000000]     lowmem  : 0xc0000000 - 0xf0000000   ( 768 MB)
[    0.000000]     pkmap   : 0xbfe00000 - 0xc0000000   (   2 MB)
[    0.000000]     modules : 0xbf000000 - 0xbfe00000   (  14 MB)
[    0.000000]       .text : 0xc0208000 - 0xc0d00000   (11232 kB)
[    0.000000]       .init : 0xc1200000 - 0xc1400000   (2048 kB)
[    0.000000]       .data : 0xc1400000 - 0xc1585a58   (1559 kB)
[    0.000000]        .bss : 0xc158ecbc - 0xc15f37fc   ( 403 kB)
[    0.000000] SLUB: HWalign=64, Order=0-3, MinObjects=0, CPUs=2, Nodes=1
[    0.000000] Hierarchical RCU implementation.
[    0.000000] 	RCU event tracing is enabled.
[    0.000000] 	RCU restricting CPUs from NR_CPUS=16 to nr_cpu_ids=2.
[    0.000000] RCU: Adjusting geometry for rcu_fanout_leaf=16, nr_cpu_ids=2
[    0.000000] NR_IRQS: 16, nr_irqs: 16, preallocated irqs: 16
[    0.000000] /interrupt-controller@60004000: 128 interrupts forwarded to /interrupt-controller@50041000
[    0.000000] L2C: platform modifies aux control register: 0x02080000 -> 0x3e480001
[    0.000000] L2C: DT/platform modifies aux control register: 0x02080000 -> 0x3e480001
[    0.000000] L2C-310 errata 727915 769419 enabled
[    0.000000] L2C-310 enabling early BRESP for Cortex-A9
[    0.000000] L2C-310: enabling full line of zeros but not enabled in Cortex-A9
[    0.000000] L2C-310 ID prefetch enabled, offset 1 lines
[    0.000000] L2C-310 cache controller enabled, 8 ways, 1024 kB
[    0.000000] L2C-310: CACHE_ID 0x410000c4, AUX_CTRL 0x7e480001
[    0.000010] sched_clock: 32 bits at 1000kHz, resolution 1000ns, wraps every 2147483647500ns
[    0.000026] clocksource: timer_us: mask: 0xffffffff max_cycles: 0xffffffff, max_idle_ns: 1911260446275 ns
[    0.000037] Switching to timer-based delay loop, resolution 1000ns
[    0.001719] Console: colour dummy device 80x30
[    0.001746] Calibrating delay loop (skipped), value calculated using timer frequency.. 2.00 BogoMIPS (lpj=10000)
[    0.001757] pid_max: default: 32768 minimum: 301
[    0.001831] Mount-cache hash table entries: 2048 (order: 1, 8192 bytes)
[    0.001842] Mountpoint-cache hash table entries: 2048 (order: 1, 8192 bytes)
[    0.002236] CPU: Testing write buffer coherency: ok
[    0.002440] CPU0: thread -1, cpu 0, socket 0, mpidr 80000000
[    0.002666] Setting up static identity map for 0x300000 - 0x3000a0
[    0.003306] Hierarchical SRCU implementation.
[    0.004148] Tegra Revision: A03 prime SKU: 8 CPU Process: 1 SoC Process: 2
[    0.004597] EFI services will not be available.
[    0.004684] smp: Bringing up secondary CPUs ...
[    0.005195] CPU1: thread -1, cpu 1, socket 0, mpidr 80000001
[    0.005259] smp: Brought up 1 node, 2 CPUs
[    0.005271] SMP: Total of 2 processors activated (4.00 BogoMIPS).
[    0.005276] CPU: All CPU(s) started in SVC mode.
[    0.005930] devtmpfs: initialized
[    0.009561] VFP support v0.3: implementor 41 architecture 3 part 30 variant 9 rev 1
[    0.009776] clocksource: jiffies: mask: 0xffffffff max_cycles: 0xffffffff, max_idle_ns: 19112604462750000 ns
[    0.009791] futex hash table entries: 512 (order: 3, 32768 bytes)
[    0.012859] pinctrl core: initialized pinctrl subsystem
[    0.013826] DMI not present or invalid.
[    0.014013] random: get_random_u32 called from bucket_table_alloc+0xe8/0x254 with crng_init=0
[    0.014079] NET: Registered protocol family 16
[    0.016336] DMA: preallocated 256 KiB pool for atomic coherent allocations
[    0.017790] cpuidle: using governor menu
[    0.034709] No ATAGs?
[    0.034777] hw-breakpoint: found 5 (+1 reserved) breakpoint and 1 watchpoint registers.
[    0.034788] hw-breakpoint: maximum watchpoint size is 4 bytes.
[    0.040136] Serial: AMBA PL011 UART driver
[    0.051761] AT91: Could not find identification node
[    0.052313] usb1_vbus: Failed to request enable GPIO170: -517
[    0.052329] reg-fixed-voltage regulators:regulator@2: Failed to register regulator: -517
[    0.055688] vgaarb: loaded
[    0.056259] SCSI subsystem initialized
[    0.056383] libata version 3.00 loaded.
[    0.056568] usbcore: registered new interface driver usbfs
[    0.056611] usbcore: registered new interface driver hub
[    0.056649] usbcore: registered new device driver usb
[    0.058593] pps_core: LinuxPPS API ver. 1 registered
[    0.058601] pps_core: Software ver. 5.3.6 - Copyright 2005-2007 Rodolfo Giometti <giometti@linux.it>
[    0.058616] PTP clock support registered
[    0.058752] EDAC MC: Ver: 3.0.0
[    0.059019] dmi: Firmware registration failed.
[    0.060547] clocksource: Switched to clocksource timer_us
[    0.099153] NET: Registered protocol family 2
[    0.099583] TCP established hash table entries: 8192 (order: 3, 32768 bytes)
[    0.099654] TCP bind hash table entries: 8192 (order: 4, 65536 bytes)
[    0.099759] TCP: Hash tables configured (established 8192 bind 8192)
[    0.099887] UDP hash table entries: 512 (order: 2, 16384 bytes)
[    0.099937] UDP-Lite hash table entries: 512 (order: 2, 16384 bytes)
[    0.100074] NET: Registered protocol family 1
[    0.100371] RPC: Registered named UNIX socket transport module.
[    0.100379] RPC: Registered udp transport module.
[    0.100384] RPC: Registered tcp transport module.
[    0.100389] RPC: Registered tcp NFSv4.1 backchannel transport module.
[    0.100399] PCI: CLS 0 bytes, default 64
[    0.101235] hw perfevents: no interrupt-affinity property for /pmu, guessing.
[    0.101395] hw perfevents: enabled with armv7_cortex_a9 PMU driver, 7 counters available
[    0.102655] workingset: timestamp_bits=30 max_order=18 bucket_order=0
[    0.109046] squashfs: version 4.0 (2009/01/31) Phillip Lougher
[    0.109661] NFS: Registering the id_resolver key type
[    0.109689] Key type id_resolver registered
[    0.109695] Key type id_legacy registered
[    0.109726] ntfs: driver 2.1.32 [Flags: R/O].
[    0.110403] random: fast init done
[    0.111029] bounce: pool size: 64 pages
[    0.111075] Block layer SCSI generic (bsg) driver version 0.4 loaded (major 248)
[    0.111083] io scheduler noop registered
[    0.111089] io scheduler deadline registered
[    0.111237] io scheduler cfq registered (default)
[    0.111245] io scheduler mq-deadline registered
[    0.111251] io scheduler kyber registered
[    0.122512] tegra-pcie 80003000.pcie: dual-mode configuration
[    0.123212] tegra-pcie 80003000.pcie: probing port 0, using 2 lanes
[    0.206709] tegra-pcie 80003000.pcie: PCI host bridge to bus 0000:00
[    0.206721] pci_bus 0000:00: root bus resource [io  0x0000-0xffff]
[    0.206730] pci_bus 0000:00: root bus resource [mem 0xa0000000-0xa7ffffff]
[    0.206738] pci_bus 0000:00: root bus resource [mem 0xa8000000-0xbfffffff pref]
[    0.206747] pci_bus 0000:00: root bus resource [bus 00-ff]
[    0.206776] pci 0000:00:01.0: [10de:0bf0] type 01 class 0x060000
[    0.206793] pci_bus 0000:00: 2-byte config write to 0000:00:01.0 offset 0x4 may corrupt adjacent RW1C bits
[    0.206804] pci_bus 0000:00: 2-byte config write to 0000:00:01.0 offset 0x4 may corrupt adjacent RW1C bits
[    0.206825] pci_bus 0000:00: 2-byte config write to 0000:00:01.0 offset 0x88 may corrupt adjacent RW1C bits
[    0.206850] pci_bus 0000:00: 2-byte config write to 0000:00:01.0 offset 0x52 may corrupt adjacent RW1C bits
[    0.206875] pci 0000:00:01.0: PME# supported from D0 D1 D2 D3hot D3cold
[    0.206886] pci_bus 0000:00: 2-byte config write to 0000:00:01.0 offset 0x4c may corrupt adjacent RW1C bits
[    0.207084] pci_bus 0000:00: 2-byte config write to 0000:00:01.0 offset 0x3e may corrupt adjacent RW1C bits
[    0.207096] pci_bus 0000:00: 2-byte config write to 0000:00:01.0 offset 0x4 may corrupt adjacent RW1C bits
[    0.207106] pci_bus 0000:00: 1-byte config write to 0000:00:01.0 offset 0xc may corrupt adjacent RW1C bits
[    0.207112] PCI: bus0: Fast back to back transfers disabled
[    0.207121] pci 0000:00:01.0: bridge configuration invalid ([bus 00-00]), reconfiguring
[    0.207131] pci_bus 0000:00: 2-byte config write to 0000:00:01.0 offset 0x3e may corrupt adjacent RW1C bits
[    0.207142] pci_bus 0000:00: 2-byte config write to 0000:00:01.0 offset 0x3e may corrupt adjacent RW1C bits
[    0.207261] pci 0000:01:00.0: [10ec:8168] type 00 class 0x020000
[    0.207295] pci 0000:01:00.0: reg 0x10: [io  0x0000-0x00ff]
[    0.207320] pci 0000:01:00.0: reg 0x18: [mem 0x00000000-0x00000fff 64bit pref]
[    0.207338] pci 0000:01:00.0: reg 0x20: [mem 0x00000000-0x00003fff 64bit pref]
[    0.207351] pci 0000:01:00.0: reg 0x30: [mem 0x00000000-0x0001ffff pref]
[    0.207425] pci 0000:01:00.0: supports D1 D2
[    0.207433] pci 0000:01:00.0: PME# supported from D0 D1 D2 D3hot D3cold
[    0.230602] PCI: bus1: Fast back to back transfers disabled
[    0.230615] pci_bus 0000:01: busn_res: [bus 01-ff] end is updated to 01
[    0.230642] pci 0000:00:01.0: BAR 8: assigned [mem 0xa0000000-0xa00fffff]
[    0.230653] pci 0000:00:01.0: BAR 9: assigned [mem 0xa8000000-0xa80fffff 64bit pref]
[    0.230662] pci 0000:00:01.0: BAR 7: assigned [io  0x1000-0x1fff]
[    0.230674] pci 0000:01:00.0: BAR 6: assigned [mem 0xa0000000-0xa001ffff pref]
[    0.230684] pci 0000:01:00.0: BAR 4: assigned [mem 0xa8000000-0xa8003fff 64bit pref]
[    0.230704] pci 0000:01:00.0: BAR 2: assigned [mem 0xa8004000-0xa8004fff 64bit pref]
[    0.230723] pci 0000:01:00.0: BAR 0: assigned [io  0x1000-0x10ff]
[    0.230735] pci 0000:00:01.0: PCI bridge to [bus 01]
[    0.230744] pci 0000:00:01.0:   bridge window [io  0x1000-0x1fff]
[    0.230753] pci 0000:00:01.0:   bridge window [mem 0xa0000000-0xa00fffff]
[    0.230761] pci 0000:00:01.0:   bridge window [mem 0xa8000000-0xa80fffff 64bit pref]
[    0.230785] pci 0000:00:01.0: nv_msi_ht_cap_quirk didn't locate host bridge
[    0.230839] Disabling cpuidle LP2 state, since PCIe IRQs are in use
[    0.230872] pcieport 0000:00:01.0: enabling device (0140 -> 0143)
[    0.231066] pcieport 0000:00:01.0: Signaling PME with IRQ 295
[    0.237208] tegra-apbdma 6000a000.dma: Tegra20 APB DMA driver register 16 channels
[    0.285647] Serial: 8250/16550 driver, 4 ports, IRQ sharing disabled
[    0.287852] console [ttyS0] disabled
[    0.287890] 70006000.serial: ttyS0 at MMIO 0x70006000 (irq = 279, base_baud = 13500000) is a Tegra
[    1.376594] console [ttyS0] enabled
[    1.380674] SuperH (H)SCI(F) driver initialized
[    1.385952] msm_serial: driver initialized
[    1.390172] STMicroelectronics ASC driver initialized
[    1.399472] tegra-hdmi 54280000.hdmi: 54280000.hdmi supply hdmi not found, using dummy regulator
[    1.410417] [drm] Supports vblank timestamp caching Rev 2 (21.10.2013).
[    1.417034] [drm] No driver support for vblank timestamp query.
[    1.422979] [drm] Cannot find any crtc or sizes - going 1024x768
[    1.445022] Console: switching to colour frame buffer device 128x48
[    1.459701] drm drm: fb0:  frame buffer device
[    1.464196] [drm] Initialized tegra 0.0.0 20120330 for drm on minor 0
[    1.478756] brd: module loaded
[    1.486826] loop: module loaded
[    1.496215] m25p80 spi32766.0: found s25fl008k, expected w25q80bl
[    1.502406] m25p80 spi32766.0: s25fl008k (1024 Kbytes)
[    1.509606] libphy: Fixed MDIO Bus: probed
[    1.514589] CAN device driver interface
[    1.519087] bgmac_bcma: Broadcom 47xx GBit MAC driver loaded
[    1.525685] e1000e: Intel(R) PRO/1000 Network Driver - 3.2.6-k
[    1.531520] e1000e: Copyright(c) 1999 - 2015 Intel Corporation.
[    1.537479] igb: Intel(R) Gigabit Ethernet Network Driver - version 5.4.0-k
[    1.544436] igb: Copyright (c) 2007-2014 Intel Corporation.
[    1.550602] r8169 Gigabit Ethernet driver 2.3LK-NAPI loaded
[    1.556181] r8169 0000:01:00.0: enabling device (0140 -> 0143)
[    1.562833] r8169 0000:01:00.0 eth0: RTL8168d/8111d at 0xf08f9000, 00:01:c0:13:7d:63, XID 081000c0 IRQ 296
[    1.572488] r8169 0000:01:00.0 eth0: jumbo features [frames: 9200 bytes, tx checksumming: ko]
[    1.583262] pegasus: v0.9.3 (2013/04/25), Pegasus/Pegasus II USB Ethernet driver
[    1.590717] usbcore: registered new interface driver pegasus
[    1.596408] usbcore: registered new interface driver asix
[    1.601841] usbcore: registered new interface driver ax88179_178a
[    1.607946] usbcore: registered new interface driver cdc_ether
[    1.613819] usbcore: registered new interface driver smsc75xx
[    1.619598] usbcore: registered new interface driver smsc95xx
[    1.625379] usbcore: registered new interface driver net1080
[    1.631068] usbcore: registered new interface driver cdc_subset
[    1.636998] usbcore: registered new interface driver zaurus
[    1.642628] usbcore: registered new interface driver cdc_ncm
[    1.648546] tegra-phy c5004000.usb-phy: no vbus regulator
[    1.655042] tegra-phy c5008000.usb-phy: no vbus regulator
[    1.661778] ehci_hcd: USB 2.0 'Enhanced' Host Controller (EHCI) Driver
[    1.668290] ehci-pci: EHCI PCI platform driver
[    1.672774] ehci-platform: EHCI generic platform driver
[    1.678137] ehci-orion: EHCI orion driver
[    1.682279] SPEAr-ehci: EHCI SPEAr driver
[    1.686380] ehci-st: EHCI STMicroelectronics driver
[    1.691362] ehci-exynos: EHCI EXYNOS driver
[    1.695647] ehci-atmel: EHCI Atmel driver
[    1.699739] tegra-ehci: Tegra EHCI driver
[    1.761755] ulpi_phy_power_on: ulpi write failed
[    1.766363] tegra-ehci c5004000.usb: Failed to power on the phy
[    1.772298] tegra-ehci: probe of c5004000.usb failed with error -110
[    1.781275] tegra-ehci c5008000.usb: EHCI Host Controller
[    1.786679] tegra-ehci c5008000.usb: new USB bus registered, assigned bus number 1
[    1.794497] tegra-ehci c5008000.usb: irq 290, io mem 0xc5008000
[    1.820570] tegra-ehci c5008000.usb: USB 2.0 started, EHCI 1.00
[    1.827110] hub 1-0:1.0: USB hub found
[    1.830892] hub 1-0:1.0: 1 port detected
[    1.835118] ohci_hcd: USB 1.1 'Open' Host Controller (OHCI) Driver
[    1.841323] ohci-pci: OHCI PCI platform driver
[    1.845805] ohci-platform: OHCI generic platform driver
[    1.851211] SPEAr-ohci: OHCI SPEAr driver
[    1.855313] ohci-st: OHCI STMicroelectronics driver
[    1.860282] ohci-atmel: OHCI Atmel driver
[    1.864888] usbcore: registered new interface driver usb-storage
[    1.873727] rtc-em3027 2-0056: rtc core: registered rtc-em3027 as rtc0
[    1.881342] tegra_rtc 7000e000.rtc: rtc core: registered 7000e000.rtc as rtc1
[    1.888489] tegra_rtc 7000e000.rtc: Tegra internal Real Time Clock
[    1.895068] i2c /dev entries driver
[    1.908011] sdhci: Secure Digital Host Controller Interface driver
[    1.914214] sdhci: Copyright(c) Pierre Ossman
[    1.919717] Synopsys Designware Multimedia Card Interface Driver
[    1.926677] sdhci-pltfm: SDHCI platform and OF driver helper
[    1.940767] mmc0: Invalid maximum block size, assuming 512 bytes
[    2.000572] mmc0: SDHCI controller on c8000000.sdhci [c8000000.sdhci] using ADMA
[    2.008054] sdhci-tegra c8000600.sdhci: Got CD GPIO
[    2.012953] sdhci-tegra c8000600.sdhci: Got WP GPIO
[    2.025988] mmc1: Invalid maximum block size, assuming 512 bytes
[    2.090675] mmc1: SDHCI controller on c8000600.sdhci [c8000600.sdhci] using ADMA
[    2.099429] ledtrig-cpu: registered to indicate activity on CPUs
[    2.105737] usbcore: registered new interface driver usbhid
[    2.111313] usbhid: USB HID core driver
[    2.118412] NET: Registered protocol family 10
[    2.123850] Segment Routing with IPv6
[    2.127547] sit: IPv6, IPv4 and MPLS over IPv4 tunneling driver
[    2.133983] NET: Registered protocol family 17
[    2.138421] can: controller area network core (rev 20170425 abi 9)
[    2.144650] NET: Registered protocol family 29
[    2.149081] can: raw protocol (rev 20170425)
[    2.153355] can: broadcast manager protocol (rev 20170425 t)
[    2.159002] can: netlink gateway (rev 20170425) max_hops=1
[    2.164777] Key type dns_resolver registered
[    2.169406] ThumbEE CPU extension supported.
[    2.173691] Registering SWP/SWPB emulation handler
[    2.186672] utmi_phy_clk_enable: timeout waiting for phy to stabilize
[    2.190587] usb 1-1: new high-speed USB device number 2 using tegra-ehci
[    2.199832] tegra-ehci c5000000.usb: EHCI Host Controller
[    2.205248] tegra-ehci c5000000.usb: new USB bus registered, assigned bus number 2
[    2.213106] tegra-ehci c5000000.usb: irq 288, io mem 0xc5000000
[    2.309568] mmc1: new high speed SD card at address b368
[    2.315331] mmcblk1: mmc1:b368 NCard 1.83 GiB (ro)
[    2.322809] mmcblk1: error -5 sending stop command, original cmd response 0x900, card status 0x900
[    2.331798] mmcblk1: error -5 transferring data, sector 3839992, nr 8, cmd response 0x900, card status 0x80000b00
[    2.370597] tegra-ehci c5000000.usb: USB 2.0 started, EHCI 1.00
[    2.377368] hub 2-0:1.0: USB hub found
[    2.381213] hub 2-0:1.0: 1 port detected
[    2.386394] input: gpio-keys as /devices/soc0/gpio-keys/input/input0
[    2.393498] rtc-em3027 2-0056: hctosys: unable to read the hardware clock
[    2.393502] hub 1-1:1.0: USB hub found
[    2.393647] hub 1-1:1.0: 4 ports detected
[    2.444663] mmcblk1: error -5 sending stop command, original cmd response 0x900, card status 0x900
[    2.453646] mmcblk1: error -5 transferring data, sector 3839992, nr 8, cmd response 0x900, card status 0x80000b00
[    2.463924] mmcblk1: retrying using single block read
[    2.471164]  mmcblk1: p1 p2
[    2.474865] Waiting for root device PARTUUID=11eb23c1-01...
[    2.720605] usb 1-1.2: new high-speed USB device number 3 using tegra-ehci
[    3.258467] mmc0: host does not support reading read-only switch, assuming write-enable
[    3.268609] mmc0: new high speed SDHC card at address b368
[    3.275305] mmcblk0: mmc0:b368 NCard 3.70 GiB 
[    3.283329] mmcblk0: error -5 sending stop command, original cmd response 0x900, card status 0x900
[    3.292394] mmcblk0: error -5 transferring data, sector 7759864, nr 8, cmd response 0x900, card status 0x80000b00
[    3.345539] asix 1-1.2:1.0 eth1: register 'asix' at usb-c5008000.usb-1.2, ASIX AX88772 USB 2.0 Ethernet, 00:60:6e:60:6c:68
[    3.395434] mmcblk0: error -5 sending stop command, original cmd response 0x900, card status 0x900
[    3.404508] mmcblk0: error -5 transferring data, sector 7759864, nr 8, cmd response 0x900, card status 0x80000b00
[    3.414873] mmcblk0: retrying using single block read
[    3.422596]  mmcblk0: p1
[    3.441631] mmcblk0: r/w command failed, status = 0x80000900
[    3.535205] EXT4-fs (mmcblk0p1): mounting ext3 file system using the ext4 subsystem
[    3.769051] EXT4-fs (mmcblk0p1): recovery complete
[    3.844083] EXT4-fs (mmcblk0p1): mounted filesystem with ordered data mode. Opts: (null)
[    3.852293] VFS: Mounted root (ext3 filesystem) on device 179:17.
[    3.868278] devtmpfs: mounted
[    3.876160] Freeing unused kernel memory: 2048K
bash: cannot set terminal process group (-1): Inappropriate ioctl for device
bash: no job control in this shell
root@(none):/#  
root@(none):/# mount -t sysfs none /sys
root@(none):/# 
root@(none):/# mount -t debugfs none /sys/kernel/debug
root@(none):/# 
root@(none):/# rtcwake -d rtc1 -m mem -s 3
rtcwake: assuming RTC uses UTC ...
rtcwake: wakeup from "mem" using /dev/rtc1 at Thu Jan  1 00:00:32 1970
[   15.068204] PM: Syncing filesystems ... done.
[   15.114416] Freezing user space processes ... (elapsed 0.001 seconds) done.
[   15.122774] OOM killer disabled.
[   15.126015] Freezing remaining freezable tasks ... (elapsed 0.001 seconds) done.
[   15.134854] Suspending console(s) (use no_console_suspend to debug)
[   15.177743] pci_generic_config_write32: 43 callbacks suppressed
[   15.177788] pci_bus 0000:00: 2-byte config write to 0000:00:01.0 offset 0x9c may corrupt adjacent RW1C bits
[   15.197638] pci_bus 0000:01: 2-byte config write to 0000:01:00.0 offset 0x44 may corrupt adjacent RW1C bits
[   15.197695] pci_bus 0000:01: 2-byte config write to 0000:01:00.0 offset 0x44 may corrupt adjacent RW1C bits
[   15.221201] Disabling non-boot CPUs ...
[   15.261961] IRQ294 no longer affine to CPU1
[   15.264228] Entering suspend state LP1
[   15.264228] Suspended for 1.911 seconds
[   15.264275] Enabling non-boot CPUs ...
[   15.265698] CPU1 is up
[   15.266481] pci_bus 0000:00: 2-byte config write to 0000:00:01.0 offset 0x4c may corrupt adjacent RW1C bits
[   15.266529] pci_bus 0000:00: 2-byte config write to 0000:00:01.0 offset 0x88 may corrupt adjacent RW1C bits
[   15.266558] pci_bus 0000:00: 2-byte config write to 0000:00:01.0 offset 0x90 may corrupt adjacent RW1C bits
[   15.266585] pci_bus 0000:00: 2-byte config write to 0000:00:01.0 offset 0x98 may corrupt adjacent RW1C bits
[   15.266612] pci_bus 0000:00: 2-byte config write to 0000:00:01.0 offset 0x9c may corrupt adjacent RW1C bits
[   15.266692] pci_bus 0000:00: 2-byte config write to 0000:00:01.0 offset 0x52 may corrupt adjacent RW1C bits
[   15.266724] pci_bus 0000:00: 2-byte config write to 0000:00:01.0 offset 0x52 may corrupt adjacent RW1C bits
[   15.266800] pcieport 0000:00:01.0: nv_msi_ht_cap_quirk didn't locate host bridge
[   15.984937] OOM killer enabled.
[   15.988065] Restarting tasks ... done.
root@(none):/# 
root@(none):/# rtcwake -d rtc1 -m mem -s 3
rtcwake: assuming RTC uses UTC ...
rtcwake: wakeup from "mem" using /dev/rtc1 at Thu Jan  1 00:00:37 1970
[   16.765188] PM: Syncing filesystems ... done.
[   16.810363] Freezing user space processes ... (elapsed 0.001 seconds) done.
[   16.818797] OOM killer disabled.
[   16.822125] Freezing remaining freezable tasks ... (elapsed 0.001 seconds) done.
[   16.830993] Suspending console(s) (use no_console_suspend to debug)
[   16.921163] Disabling non-boot CPUs ...
[   16.971720] IRQ294 no longer affine to CPU1
[   16.973232] Entering suspend state LP1
[   16.973232] Suspended for 3.290 seconds
[   16.973279] Enabling non-boot CPUs ...
[   16.974775] CPU1 is up
[   16.975557] pcieport 0000:00:01.0: nv_msi_ht_cap_quirk didn't locate host bridge
[   17.582015] OOM killer enabled.
[   17.585143] Restarting tasks ... done.
root@(none):/# 
root@(none):/# rtcwake -d rtc1 -m mem -s 3
rtcwake: assuming RTC uses UTC ...
rtcwake: wakeup from "mem" using /dev/rtc1 at Thu Jan  1 00:00:42 1970
[   18.475286] PM: Syncing filesystems ... done.
[   18.520589] Freezing user space processes ... (elapsed 0.001 seconds) done.
[   18.528915] OOM killer disabled.
[   18.532274] Freezing remaining freezable tasks ... (elapsed 0.001 seconds) done.
[   18.540997] Suspending console(s) (use no_console_suspend to debug)
[   18.601026] Disabling non-boot CPUs ...
[   18.651718] IRQ294 no longer affine to CPU1
[   18.653233] Entering suspend state LP1
[   18.653233] Suspended for 3.319 seconds
[   18.653279] Enabling non-boot CPUs ...
[   18.654760] CPU1 is up
[   18.656080] pcieport 0000:00:01.0: nv_msi_ht_cap_quirk didn't locate host bridge
[   19.261969] OOM killer enabled.
[   19.265098] Restarting tasks ... done.
root@(none):/# 
root@(none):/# rtcwake -d rtc1 -m mem -s 3
rtcwake: assuming RTC uses UTC ...
rtcwake: wakeup from "mem" using /dev/rtc1 at Thu Jan  1 00:00:47 1970
[   20.154983] PM: Syncing filesystems ... done.
[   20.200187] Freezing user space processes ... (elapsed 0.001 seconds) done.
[   20.208614] OOM killer disabled.
[   20.211969] Freezing remaining freezable tasks ... (elapsed 0.001 seconds) done.
[   20.220692] Suspending console(s) (use no_console_suspend to debug)
[   20.235338] pci_generic_config_write32: 65 callbacks suppressed
[   20.235383] pci_bus 0000:00: 2-byte config write to 0000:00:01.0 offset 0x9c may corrupt adjacent RW1C bits
[   20.258802] pci_bus 0000:01: 2-byte config write to 0000:01:00.0 offset 0x44 may corrupt adjacent RW1C bits
[   20.258861] pci_bus 0000:01: 2-byte config write to 0000:01:00.0 offset 0x44 may corrupt adjacent RW1C bits
[   20.280968] Disabling non-boot CPUs ...
[   20.331571] IRQ294 no longer affine to CPU1
[   20.333079] Entering suspend state LP1
[   20.333079] Suspended for 3.320 seconds
[   20.333124] Enabling non-boot CPUs ...
[   20.334616] CPU1 is up
[   20.335239] pci_bus 0000:00: 2-byte config write to 0000:00:01.0 offset 0x4c may corrupt adjacent RW1C bits
[   20.335287] pci_bus 0000:00: 2-byte config write to 0000:00:01.0 offset 0x88 may corrupt adjacent RW1C bits
[   20.335318] pci_bus 0000:00: 2-byte config write to 0000:00:01.0 offset 0x90 may corrupt adjacent RW1C bits
[   20.335346] pci_bus 0000:00: 2-byte config write to 0000:00:01.0 offset 0x98 may corrupt adjacent RW1C bits
[   20.335373] pci_bus 0000:00: 2-byte config write to 0000:00:01.0 offset 0x9c may corrupt adjacent RW1C bits
[   20.335452] pci_bus 0000:00: 2-byte config write to 0000:00:01.0 offset 0x52 may corrupt adjacent RW1C bits
[   20.335483] pci_bus 0000:00: 2-byte config write to 0000:00:01.0 offset 0x52 may corrupt adjacent RW1C bits
[   20.335559] pcieport 0000:00:01.0: nv_msi_ht_cap_quirk didn't locate host bridge
[   21.034281] OOM killer enabled.
[   21.037409] Restarting tasks ... done.
root@(none):/# 
root@(none):/# rtcwake -d rtc1 -m mem -s 3
rtcwake: assuming RTC uses UTC ...
rtcwake: wakeup from "mem" using /dev/rtc1 at Thu Jan  1 00:00:52 1970
[   21.835502] PM: Syncing filesystems ... done.
[   21.880762] Freezing user space processes ... (elapsed 0.001 seconds) done.
[   21.889099] OOM killer disabled.
[   21.892457] Freezing remaining freezable tasks ... (elapsed 0.001 seconds) done.
[   21.901204] Suspending console(s) (use no_console_suspend to debug)
[   21.980877] Disabling non-boot CPUs ...
[   22.041476] IRQ294 no longer affine to CPU1
[   22.042993] Entering suspend state LP1
[   22.042993] Suspended for 3.289 seconds
[   22.043039] Enabling non-boot CPUs ...
[   22.044527] CPU1 is up
[   22.045319] pcieport 0000:00:01.0: nv_msi_ht_cap_quirk didn't locate host bridge
[   22.661222] OOM killer enabled.
[   22.664351] Restarting tasks ... done.
root@(none):/# 
root@(none):/# rtcwake -d rtc1 -m mem -s 3
rtcwake: assuming RTC uses UTC ...
rtcwake: wakeup from "mem" using /dev/rtc1 at Thu Jan  1 00:00:57 1970
[   23.544828] PM: Syncing filesystems ... done.
[   23.590036] Freezing user space processes ... (elapsed 0.001 seconds) done.
[   23.598469] OOM killer disabled.
[   23.601794] Freezing remaining freezable tasks ... (elapsed 0.001 seconds) done.
[   23.610661] Suspending console(s) (use no_console_suspend to debug)
[   23.700768] Disabling non-boot CPUs ...
[   23.751360] IRQ294 no longer affine to CPU1
[   23.752771] Entering suspend state LP1
[   23.752771] Suspended for 3.290 seconds
[   23.752817] Enabling non-boot CPUs ...
[   23.754304] CPU1 is up
[   23.755145] pcieport 0000:00:01.0: nv_msi_ht_cap_quirk didn't locate host bridge
[   24.362326] OOM killer enabled.
[   24.365455] Restarting tasks ... done.
root@(none):/# 
root@(none):/# rtcwake -d rtc1 -m mem -s 3
rtcwake: assuming RTC uses UTC ...
rtcwake: wakeup from "mem" using /dev/rtc1 at Thu Jan  1 00:01:02 1970
[   25.254647] PM: Syncing filesystems ... done.
[   25.299804] Freezing user space processes ... (elapsed 0.001 seconds) done.
[   25.308135] OOM killer disabled.
[   25.311461] Freezing remaining freezable tasks ... (elapsed 0.001 seconds) done.
[   25.320334] Suspending console(s) (use no_console_suspend to debug)
[   25.335989] pci_generic_config_write32: 65 callbacks suppressed
[   25.336033] pci_bus 0000:00: 2-byte config write to 0000:00:01.0 offset 0x9c may corrupt adjacent RW1C bits
[   25.357359] pci_bus 0000:01: 2-byte config write to 0000:01:00.0 offset 0x44 may corrupt adjacent RW1C bits
[   25.357415] pci_bus 0000:01: 2-byte config write to 0000:01:00.0 offset 0x44 may corrupt adjacent RW1C bits
[   25.380711] Disabling non-boot CPUs ...
[   25.421299] IRQ294 no longer affine to CPU1
[   25.422872] Entering suspend state LP1
[   25.422872] Suspended for 3.329 seconds
[   25.422919] Enabling non-boot CPUs ...
[   25.424417] CPU1 is up
[   25.426725] pci_bus 0000:00: 2-byte config write to 0000:00:01.0 offset 0x4c may corrupt adjacent RW1C bits
[   25.426773] pci_bus 0000:00: 2-byte config write to 0000:00:01.0 offset 0x88 may corrupt adjacent RW1C bits
[   25.426802] pci_bus 0000:00: 2-byte config write to 0000:00:01.0 offset 0x90 may corrupt adjacent RW1C bits
[   25.426829] pci_bus 0000:00: 2-byte config write to 0000:00:01.0 offset 0x98 may corrupt adjacent RW1C bits
[   25.426856] pci_bus 0000:00: 2-byte config write to 0000:00:01.0 offset 0x9c may corrupt adjacent RW1C bits
[   25.426935] pci_bus 0000:00: 2-byte config write to 0000:00:01.0 offset 0x52 may corrupt adjacent RW1C bits
[   25.426966] pci_bus 0000:00: 2-byte config write to 0000:00:01.0 offset 0x52 may corrupt adjacent RW1C bits
[   25.427040] pcieport 0000:00:01.0: nv_msi_ht_cap_quirk didn't locate host bridge
[   26.134283] OOM killer enabled.
[   26.137411] Restarting tasks ... done.
root@(none):/# 
root@(none):/# rtcwake -d rtc1 -m mem -s 3
rtcwake: assuming RTC uses UTC ...
rtcwake: wakeup from "mem" using /dev/rtc1 at Thu Jan  1 00:01:07 1970
[   26.925294] PM: Syncing filesystems ... done.
[   26.970638] Freezing user space processes ... (elapsed 0.001 seconds) done.
[   26.978976] OOM killer disabled.
[   26.982305] Freezing remaining freezable tasks ... (elapsed 0.001 seconds) done.
[   26.991206] Suspending console(s) (use no_console_suspend to debug)
[   27.080577] Disabling non-boot CPUs ...
[   27.141314] IRQ294 no longer affine to CPU1
[   27.142945] Entering suspend state LP1
[   27.142945] Suspended for 3.279 seconds
[   27.142991] Enabling non-boot CPUs ...
[   27.144590] CPU1 is up
[   27.145650] pcieport 0000:00:01.0: nv_msi_ht_cap_quirk didn't locate host bridge
[   27.751106] OOM killer enabled.
[   27.754234] Restarting tasks ... done.
root@(none):/# 
root@(none):/# rtcwake -d rtc1 -m mem -s 3
rtcwake: assuming RTC uses UTC ...
rtcwake: wakeup from "mem" using /dev/rtc1 at Thu Jan  1 00:01:12 1970
[   28.644816] PM: Syncing filesystems ... done.
[   28.690102] Freezing user space processes ... (elapsed 0.001 seconds) done.
[   28.698426] OOM killer disabled.
[   28.701756] Freezing remaining freezable tasks ... (elapsed 0.001 seconds) done.
[   28.710637] Suspending console(s) (use no_console_suspend to debug)
[   28.800507] Disabling non-boot CPUs ...
[   28.851231] IRQ294 no longer affine to CPU1
[   28.852720] Entering suspend state LP1
[   28.852720] Suspended for 3.290 seconds
[   28.852767] Enabling non-boot CPUs ...
[   28.854260] CPU1 is up
[   28.855302] pcieport 0000:00:01.0: nv_msi_ht_cap_quirk didn't locate host bridge
[   29.461277] OOM killer enabled.
[   29.464406] Restarting tasks ... done.
root@(none):/# 
root@(none):/# rtcwake -d rtc1 -m mem -s 3
rtcwake: assuming RTC uses UTC ...
rtcwake: wakeup from "mem" using /dev/rtc1 at Thu Jan  1 00:01:17 1970
[   30.354729] PM: Syncing filesystems ... done.
[   30.399954] Freezing user space processes ... (elapsed 0.001 seconds) done.
[   30.408280] OOM killer disabled.
[   30.411607] Freezing remaining freezable tasks ... (elapsed 0.001 seconds) done.
[   30.420521] Suspending console(s) (use no_console_suspend to debug)
[   30.465045] pci_generic_config_write32: 65 callbacks suppressed
[   30.465089] pci_bus 0000:00: 2-byte config write to 0000:00:01.0 offset 0x9c may corrupt adjacent RW1C bits
[   30.486218] pci_bus 0000:01: 2-byte config write to 0000:01:00.0 offset 0x44 may corrupt adjacent RW1C bits
[   30.486275] pci_bus 0000:01: 2-byte config write to 0000:01:00.0 offset 0x44 may corrupt adjacent RW1C bits
[   30.510412] Disabling non-boot CPUs ...
[   30.561056] IRQ294 no longer affine to CPU1
[   30.562541] Entering suspend state LP1
[   30.562541] Suspended for 3.290 seconds
[   30.562588] Enabling non-boot CPUs ...
[   30.564088] CPU1 is up
[   30.564736] pci_bus 0000:00: 2-byte config write to 0000:00:01.0 offset 0x4c may corrupt adjacent RW1C bits
[   30.564783] pci_bus 0000:00: 2-byte config write to 0000:00:01.0 offset 0x88 may corrupt adjacent RW1C bits
[   30.564813] pci_bus 0000:00: 2-byte config write to 0000:00:01.0 offset 0x90 may corrupt adjacent RW1C bits
[   30.564840] pci_bus 0000:00: 2-byte config write to 0000:00:01.0 offset 0x98 may corrupt adjacent RW1C bits
[   30.564865] pci_bus 0000:00: 2-byte config write to 0000:00:01.0 offset 0x9c may corrupt adjacent RW1C bits
[   30.564944] pci_bus 0000:00: 2-byte config write to 0000:00:01.0 offset 0x52 may corrupt adjacent RW1C bits
[   30.564974] pci_bus 0000:00: 2-byte config write to 0000:00:01.0 offset 0x52 may corrupt adjacent RW1C bits
[   30.565051] pcieport 0000:00:01.0: nv_msi_ht_cap_quirk didn't locate host bridge
[   31.274848] OOM killer enabled.
[   31.277977] Restarting tasks ... done.
root@(none):/# 
root@(none):/# NVTB SYSTEM SUSPEND TEST COMPLETE
