
U-Boot SPL 2016.05-rc2 (Apr 21 2016 - 16:23:00)
Trying to boot from RAM


U-Boot 2016.05-rc2 (Apr 21 2016 - 16:23:00 -0700)

TEGRA124
Model: NVIDIA Jetson TK1
Board: NVIDIA Jetson TK1
DRAM:  2 GiB
MMC:   Tegra SD/MMC: 0, Tegra SD/MMC: 1
In:    serial
Out:   serial
Err:   serial
Net:   No ethernet found.
Hit any key to stop autoboot:  2  0 
Tegra124 (Jetson TK1) # 
Tegra124 (Jetson TK1) # pci enum
Tegra124 (Jetson TK1) # setenv bootargs 'ignore_loglevel console=ttyS0,115200n8 rw root=PARTUUID=b1791faa-84e8-4e27-83a1-9fb0a77e8803 rootwait gpt debug noinitrd earlyprintk init=/bin/bash'
Tegra124 (Jetson TK1) # setenv ipaddr 192.168.100.102; setenv serverip 192.168.100.1; setenv tftpserverip 192.168.100.1
Tegra124 (Jetson TK1) # tftpboot 0x82000000 zImage.tegra_defconfig

Warning: eth_rtl8169 using MAC address from ROM
Using eth_rtl8169 device
TFTP from server 192.168.100.1; our IP address is 192.168.100.102
Filename 'zImage.tegra_defconfig'.
Load address: 0x82000000
Loading: *#################################################################
	 #################################################################
	 #################################################################
	 #################################################################
	 #################################################################
	 #################################################
	 4 MiB/s
done
Bytes transferred = 5480000 (539e40 hex)
Tegra124 (Jetson TK1) # tftpboot 0x83000000 tegra124-jetson-tk1.dtb
Using eth_rtl8169 device
TFTP from server 192.168.100.1; our IP address is 192.168.100.102
Filename 'tegra124-jetson-tk1.dtb'.
Load address: 0x83000000
Loading: *#####
	 3 MiB/s
done
Bytes transferred = 67133 (1063d hex)
Tegra124 (Jetson TK1) # bootz 0x82000000 - 0x83000000
Kernel image @ 0x82000000 [ 0x000000 - 0x539e40 ]
## Flattened Device Tree blob at 83000000
   Booting using the fdt blob at 0x83000000
   Using Device Tree in place at 83000000, end 8301363c

Starting kernel ...

Uncompressing Linux... done, booting the kernel.
[    0.000000] Booting Linux on physical CPU 0x0
[    0.000000] Linux version 4.9.0-rc5-next-20161114-133832-gb60de3e (pwalmsley@kaivo) (gcc version 4.7.3 20130328 (prerelease) (crosstool-NG linaro-1.13.1-4.7-2013.04-20130415 - Linaro GCC 2013.04) ) #1 SMP PREEMPT Sun Nov 13 23:49:00 PST 2016
[    0.000000] CPU: ARMv7 Processor [413fc0f3] revision 3 (ARMv7), cr=10c5387d
[    0.000000] CPU: div instructions available: patching division code
[    0.000000] CPU: PIPT / VIPT nonaliasing data cache, PIPT instruction cache
[    0.000000] OF: fdt:Machine model: NVIDIA Tegra124 Jetson TK1
[    0.000000] debug: ignoring loglevel setting.
[    0.000000] bootconsole [earlycon0] enabled
[    0.000000] cma: Reserved 64 MiB at 0xfbc00000
[    0.000000] Memory policy: Data cache writealloc
[    0.000000] On node 0 totalpages: 524032
[    0.000000] free_area_init_node: node 0, pgdat c0d5e1c0, node_mem_map eeff7000
[    0.000000]   Normal zone: 1536 pages used for memmap
[    0.000000]   Normal zone: 0 pages reserved
[    0.000000]   Normal zone: 196608 pages, LIFO batch:31
[    0.000000]   HighMem zone: 327424 pages, LIFO batch:31
[    0.000000] percpu: Embedded 14 pages/cpu @eef8d000 s26240 r8192 d22912 u57344
[    0.000000] pcpu-alloc: s26240 r8192 d22912 u57344 alloc=14*4096
[    0.000000] pcpu-alloc: [0] 0 [0] 1 [0] 2 [0] 3 
[    0.000000] Built 1 zonelists in Zone order, mobility grouping on.  Total pages: 522496
[    0.000000] Kernel command line: ignore_loglevel console=ttyS0,115200n8 rw root=PARTUUID=b1791faa-84e8-4e27-83a1-9fb0a77e8803 rootwait gpt debug noinitrd earlyprintk init=/bin/bash
[    0.000000] PID hash table entries: 4096 (order: 2, 16384 bytes)
[    0.000000] Dentry cache hash table entries: 131072 (order: 7, 524288 bytes)
[    0.000000] Inode-cache hash table entries: 65536 (order: 6, 262144 bytes)
[    0.000000] Memory: 1999840K/2096128K available (8192K kernel code, 382K rwdata, 2468K rodata, 1024K init, 370K bss, 30752K reserved, 65536K cma-reserved, 1244160K highmem)
[    0.000000] Virtual kernel memory layout:
[    0.000000]     vector  : 0xffff0000 - 0xffff1000   (   4 kB)
[    0.000000]     fixmap  : 0xffc00000 - 0xfff00000   (3072 kB)
[    0.000000]     vmalloc : 0xf0800000 - 0xff800000   ( 240 MB)
[    0.000000]     lowmem  : 0xc0000000 - 0xf0000000   ( 768 MB)
[    0.000000]     pkmap   : 0xbfe00000 - 0xc0000000   (   2 MB)
[    0.000000]     modules : 0xbf000000 - 0xbfe00000   (  14 MB)
[    0.000000]       .text : 0xc0008000 - 0xc0900000   (9184 kB)
[    0.000000]       .init : 0xc0c00000 - 0xc0d00000   (1024 kB)
[    0.000000]       .data : 0xc0d00000 - 0xc0d5f880   ( 383 kB)
[    0.000000]        .bss : 0xc0d61000 - 0xc0dbdb1c   ( 371 kB)
[    0.000000] Preemptible hierarchical RCU implementation.
[    0.000000] 	Build-time adjustment of leaf fanout to 32.
[    0.000000] NR_IRQS:16 nr_irqs:16 16
[    0.000000] /interrupt-controller@60004000: 160 interrupts forwarded to /interrupt-controller@50041000
[    0.000000] Tegra clk 127: register failed with -17
[    0.000009] sched_clock: 32 bits at 1000kHz, resolution 1000ns, wraps every 2147483647500ns
[    0.007573] clocksource: timer_us: mask: 0xffffffff max_cycles: 0xffffffff, max_idle_ns: 1911260446275 ns
[    0.017182] Switching to timer-based delay loop, resolution 1000ns
[    0.024710] arm_arch_timer: Architected cp15 timer(s) running at 12.00MHz (virt).
[    0.030965] clocksource: arch_sys_counter: mask: 0xffffffffffffff max_cycles: 0x2c47f4ee7, max_idle_ns: 440795202497 ns
[    0.041800] sched_clock: 56 bits at 12MHz, resolution 83ns, wraps every 4398046511096ns
[    0.049855] Switching to timer-based delay loop, resolution 83ns
[    0.056351] Console: colour dummy device 80x30
[    0.060439] Calibrating delay loop (skipped), value calculated using timer frequency.. 24.00 BogoMIPS (lpj=120000)
[    0.070825] pid_max: default: 32768 minimum: 301
[    0.076012] Mount-cache hash table entries: 2048 (order: 1, 8192 bytes)
[    0.082195] Mountpoint-cache hash table entries: 2048 (order: 1, 8192 bytes)
[    0.090668] CPU: Testing write buffer coherency: ok
[    0.094505] /cpus/cpu@0 missing clock-frequency property
[    0.099630] /cpus/cpu@1 missing clock-frequency property
[    0.105023] /cpus/cpu@2 missing clock-frequency property
[    0.110378] /cpus/cpu@3 missing clock-frequency property
[    0.115735] CPU0: thread -1, cpu 0, socket 0, mpidr 80000000
[    0.145814] Setting up static identity map for 0x80100000 - 0x80100098
[    0.176349] Tegra Revision: A01 SKU: 129 CPU Process: 1 SoC Process: 1
[    0.181954] smp: Bringing up secondary CPUs ...
[    0.246404] CPU1: thread -1, cpu 1, socket 0, mpidr 80000001
[    0.326511] CPU2: thread -1, cpu 2, socket 0, mpidr 80000002
[    0.406634] CPU3: thread -1, cpu 3, socket 0, mpidr 80000003
[    0.416224] smp: Brought up 1 node, 4 CPUs
[    0.435656] SMP: Total of 4 processors activated (96.00 BogoMIPS).
[    0.441904] CPU: All CPU(s) started in SVC mode.
[    0.448409] devtmpfs: initialized
[    0.496836] VFP support v0.3: implementor 41 architecture 4 part 30 variant f rev 0
[    0.503181] clocksource: jiffies: mask: 0xffffffff max_cycles: 0xffffffff, max_idle_ns: 19112604462750000 ns
[    0.513794] pinctrl core: initialized pinctrl subsystem
[    0.519537] NET: Registered protocol family 16
[    0.523573] DMA: preallocated 256 KiB pool for atomic coherent allocations
[    0.532642] cpuidle: using governor menu
[    0.584453] No ATAGs?[    0.584661] hw-breakpoint: found 5 (+1 reserved) breakpoint and 4 watchpoint registers.
[    0.592722] hw-breakpoint: maximum watchpoint size is 8 bytes.
[    0.626855] +5V_SYS: supplied by +VDD_MUX
[    0.629558] +3.3V_SYS: supplied by +VDD_MUX
[    0.634395] +USB0_VBUS_SW: Failed to request enable GPIO108: -517
[    0.639446] reg-fixed-voltage regulators:regulator@7: Failed to register regulator: -517
[    0.647717] +5V_USB_HS: Failed to request enable GPIO109: -517
[    0.653485] reg-fixed-voltage regulators:regulator@8: Failed to register regulator: -517
[    0.661853] +1.05V_RUN_AVDD_HDMI_PLL: Failed to request enable GPIO63: -517
[    0.668651] reg-fixed-voltage regulators:regulator@11: Failed to register regulator: -517
[    0.677006] +5V_HDMI_CON: Failed to request enable GPIO86: -517
[    0.682864] reg-fixed-voltage regulators:regulator@12: Failed to register regulator: -517
[    0.691218] +5V_SATA: Failed to request enable GPIO242: -517
[    0.696817] reg-fixed-voltage regulators:regulator@13: Failed to register regulator: -517
[    0.705171] +12V_SATA: Failed to request enable GPIO242: -517
[    0.710857] reg-fixed-voltage regulators:regulator@14: Failed to register regulator: -517
[    0.720888] vgaarb: loaded
[    0.722893] SCSI subsystem initialized
[    0.725934] libata version 3.00 loaded.
[    0.730193] usbcore: registered new interface driver usbfs
[    0.735255] usbcore: registered new interface driver hub
[    0.740661] usbcore: registered new device driver usb
[    0.749993] Linux video capture interface: v2.00
[    0.752898] pps_core: LinuxPPS API ver. 1 registered
[    0.757810] pps_core: Software ver. 5.3.6 - Copyright 2005-2007 Rodolfo Giometti <giometti@linux.it>
[    0.767060] PTP clock support registered
[    0.772690] Advanced Linux Sound Architecture Driver Initialized.
[    0.778653] Bluetooth: Core ver 2.22
[    0.780847] NET: Registered protocol family 31
[    0.785282] Bluetooth: HCI device and connection manager initialized
[    0.791729] Bluetooth: HCI socket layer initialized
[    0.796648] Bluetooth: L2CAP socket layer initialized
[    0.801806] Bluetooth: SCO socket layer initialized
[    0.808194] clocksource: Switched to clocksource arch_sys_counter
[    0.835036] NET: Registered protocol family 2
[    0.838875] TCP established hash table entries: 8192 (order: 3, 32768 bytes)
[    0.844766] TCP bind hash table entries: 8192 (order: 4, 65536 bytes)
[    0.851375] TCP: Hash tables configured (established 8192 bind 8192)
[    0.858015] UDP hash table entries: 512 (order: 2, 16384 bytes)
[    0.863623] UDP-Lite hash table entries: 512 (order: 2, 16384 bytes)
[    0.870377] NET: Registered protocol family 1
[    0.875210] RPC: Registered named UNIX socket transport module.
[    0.880407] RPC: Registered udp transport module.
[    0.885145] RPC: Registered tcp transport module.
[    0.889929] RPC: Registered tcp NFSv4.1 backchannel transport module.
[    0.896417] PCI: CLS 0 bytes, default 64
[    0.902498] hw perfevents: enabled with armv7_cortex_a15 PMU driver, 7 counters available
[    0.911338] futex hash table entries: 1024 (order: 4, 65536 bytes)
[    0.917253] workingset: timestamp_bits=30 max_order=19 bucket_order=0
[    0.923637] squashfs: version 4.0 (2009/01/31) Phillip Lougher
[    0.928987] NFS: Registering the id_resolver key type
[    0.933217] Key type id_resolver registered
[    0.937440] Key type id_legacy registered
[    0.945770] bounce: pool size: 64 pages
[    0.947781] io scheduler noop registered (default)
[    0.955780] usb2-0 supply vbus not found, using dummy regulator
[    0.960115] usb2-1 supply vbus not found, using dummy regulator
[    0.966374] tegra-xusb-padctl 7009f000.padctl: failed to setup XUSB ports: -517
[    0.983015] tegra-pcie 1003000.pcie-controller: 2x1, 1x1 configuration
[    0.987756] tegra-pcie 1003000.pcie-controller: Failed to get supply 'avddio-pex': -517
[    0.999525] tegra124-dfll 70110000.clock: couldn't get vdd_cpu regulator
[    1.016480] tegra-apbdma 60020000.dma: Tegra20 APB DMA driver register 32 channels
[    1.023099] tegra-pmc 7000e400.pmc: emergency thermal reset enabled
[    1.029307] Serial: 8250/16550 driver, 4 ports, IRQ sharing disabled
[    1.038818] console [ttyS0] disabled
[    1.040609] 70006300.serial: ttyS0 at MMIO 0x70006300 (irq = 335, base_baud = 25500000) is a Tegra
[    1.049666] console [ttyS0] enabled
[    1.049666] console [ttyS0] enabled
[    1.055911] bootconsole [earlycon0] disabled
[    1.055911] bootconsole [earlycon0] disabled
[    1.065653] 70006000.serial: ttyTHS1 at MMIO 0x70006000 (irq = 333, base_baud = 0) is a TEGRA_UART
[    1.076748] 70006040.serial: ttyTHS2 at MMIO 0x70006040 (irq = 334, base_baud = 0) is a TEGRA_UART
[    1.087874] [drm] Initialized
[    1.091965] tegra-hdmi 54280000.hdmi: failed to get HDMI regulator
[    1.115742] loop: module loaded
[    1.120497] at24 0-0056: 256 byte 24c02 EEPROM, writable, 8 bytes/write
[    1.128013] as3722 4-0040: AS3722 with revision 0x1 found
[    1.143066] as3722-sd2: supplied by +5V_SYS
[    1.147935] as3722-sd3: supplied by +5V_SYS
[    1.152378] +1.35V_LP0(sd3): Bringing 0uV into 1350000-1350000uV
[    1.158967] as3722-sd4: supplied by +5V_SYS
[    1.163826] as3722-sd5: supplied by +5V_SYS
[    1.170321] as3722-ldo0: supplied by +1.35V_LP0(sd2)
[    1.176637] +1.8V_RUN_CAM: Bringing 0uV into 1800000-1800000uV
[    1.183119] as3722-ldo2: supplied by +1.8V_VDDIO
[    1.189271] as3722-ldo3: supplied by +3.3V_SYS
[    1.193769] +1.05V_LP0_VDD_RTC: Bringing 1100000uV into 1000000-1000000uV
[    1.201793] as3722-ldo4: supplied by +3.3V_SYS
[    1.206469] +2.8V_RUN_CAM: Bringing 0uV into 2800000-2800000uV
[    1.212940] as3722-ldo5: supplied by +1.8V_VDDIO
[    1.217788] +1.2V_RUN_CAM_FRONT: Bringing 0uV into 1200000-1200000uV
[    1.224986] +VDDIO_SDMMC3: bypassed regulator has no supply!
[    1.230659] +VDDIO_SDMMC3: failed to get the current voltage(-517)
[    1.236837] as3722-regulator as3722-regulator: regulator 13 register failed -517
[    1.248889] tegra-ahci 70027000.sata: couldn't get PHY in node sata: -517
[    1.266430] random: fast init done
[    1.270011] m25p80 spi32765.0: w25q32dw (4096 Kbytes)
[    1.278721] libphy: Fixed MDIO Bus: probed
[    1.282813] CAN device driver interface
[    1.286729] igb: Intel(R) Gigabit Ethernet Network Driver - version 5.4.0-k
[    1.293732] igb: Copyright (c) 2007-2014 Intel Corporation.
[    1.299612] pegasus: v0.9.3 (2013/04/25), Pegasus/Pegasus II USB Ethernet driver
[    1.307120] usbcore: registered new interface driver pegasus
[    1.312965] usbcore: registered new interface driver asix
[    1.318501] usbcore: registered new interface driver ax88179_178a
[    1.324687] usbcore: registered new interface driver cdc_ether
[    1.330708] usbcore: registered new interface driver smsc75xx
[    1.336608] usbcore: registered new interface driver smsc95xx
[    1.342474] usbcore: registered new interface driver net1080
[    1.348278] usbcore: registered new interface driver cdc_subset
[    1.354294] usbcore: registered new interface driver zaurus
[    1.360031] usbcore: registered new interface driver cdc_ncm
[    1.365935] tegra-phy 7d004000.usb-phy: no vbus regulator
[    1.371739] ehci_hcd: USB 2.0 'Enhanced' Host Controller (EHCI) Driver
[    1.378276] ehci-pci: EHCI PCI platform driver
[    1.382834] tegra-ehci: Tegra EHCI driver
[    1.389688] tegra-ehci 7d004000.usb: EHCI Host Controller
[    1.395116] tegra-ehci 7d004000.usb: new USB bus registered, assigned bus number 1
[    1.402986] tegra-ehci 7d004000.usb: irq 354, io mem 0x7d004000
[    1.438226] tegra-ehci 7d004000.usb: USB 2.0 started, EHCI 1.10
[    1.445715] hub 1-0:1.0: USB hub found
[    1.449543] hub 1-0:1.0: 1 port detected
[    1.455147] usbcore: registered new interface driver cdc_acm
[    1.460816] cdc_acm: USB Abstract Control Model driver for USB modems and ISDN adapters
[    1.468964] usbcore: registered new interface driver cdc_wdm
[    1.474792] usbcore: registered new interface driver usb-storage
[    1.481505] mousedev: PS/2 mouse device common for all mice
[    1.490605] as3722-rtc as3722-rtc: rtc core: registered as3722-rtc as rtc0
[    1.497473] as3722-rtc as3722-rtc: RTC interrupt 377
[    1.505639] tegra_rtc 7000e000.rtc: rtc core: registered 7000e000.rtc as rtc1
[    1.512904] tegra_rtc 7000e000.rtc: Tegra internal Real Time Clock
[    1.519484] i2c /dev entries driver
[    1.525053] usbcore: registered new interface driver uvcvideo
[    1.530839] USB Video Class driver (1.1.1)
[    1.534929] gspca_main: v2.14.0 registered
[    1.539824] 0-004c supply vcc not found, using dummy regulator
[    1.549729] tegra-wdt 60005000.timer: initialized (heartbeat = 120 sec, nowayout = 0)
[    1.558985] sdhci: Secure Digital Host Controller Interface driver
[    1.565155] sdhci: Copyright(c) Pierre Ossman
[    1.569526] sdhci-pltfm: SDHCI platform and OF driver helper
[    1.575543] sdhci-tegra 700b0400.sdhci: Got CD GPIO
[    1.580453] sdhci-tegra 700b0400.sdhci: Got WP GPIO
[    1.585623] mmc0: Unknown controller version (3). You may experience problems.
[    1.592927] mmc0: Invalid maximum block size, assuming 512 bytes
[    1.658264] mmc0: SDHCI controller on 700b0600.sdhci [700b0600.sdhci] using ADMA
[    1.672056] usbcore: registered new interface driver usbhid
[    1.677715] usbhid: USB HID core driver
[    1.736003] mmc0: new high speed MMC card at address 0001
[    1.742385] mmcblk0: mmc0:0001 SEM16G 14.7 GiB 
[    1.747356] mmcblk0boot0: mmc0:0001 SEM16G partition 1 4.00 MiB
[    1.753779] mmcblk0boot1: mmc0:0001 SEM16G partition 2 4.00 MiB
[    1.760097] mmcblk0rpmb: mmc0:0001 SEM16G partition 3 4.00 MiB
[    1.767986]  mmcblk0: p1
[    2.129867] tegra30-i2s 70301100.i2s: DMA channels sourced from device 70300000.ahub
[    2.148292] rt5640 0-001c: ASoC: no source widget found for DAC L2 Power
[    2.154988] rt5640 0-001c: ASoC: Failed to add route DAC L2 Power -> direct -> IF2 DAC L
[    2.163101] rt5640 0-001c: ASoC: no source widget found for DAC R2 Power
[    2.169807] rt5640 0-001c: ASoC: Failed to add route DAC R2 Power -> direct -> IF2 DAC R
[    2.179879] tegra-snd-rt5640 sound: rt5640-aif1 <-> 70301100.i2s mapping ok
[    2.191415] input: NVIDIA Tegra Jetson TK1 Headphones as /devices/soc0/sound/sound/card1/input0
[    2.202923] NET: Registered protocol family 10
[    2.258215] IPv6: Attempt to unregister permanent protocol 6
[    2.263914] IPv6: Attempt to unregister permanent protocol 136
[    2.269787] IPv6: Attempt to unregister permanent protocol 17
[    2.449873] input: tegra-hda HDMI/DP,pcm=3 as /devices/soc0/70030000.hda/sound/card0/input1
[    2.738278] NET: Unregistered protocol family 10
[    2.743049] IPv6: ah6_init: can't add xfrm type
[    2.747573] IPv6: esp6_init: can't add xfrm type
[    2.752208] IPv6: ipcomp6_init: can't add xfrm type
[    2.757185] mip6: Mobile IPv6
[    2.760172] mip6: mip6_init: can't add xfrm type(destopt)
[    2.765561] sit: IPv6, IPv4 and MPLS over IPv4 tunneling driver
[    2.773853] NET: Registered protocol family 17
[    2.778345] NET: Registered protocol family 15
[    2.782782] can: controller area network core (rev 20120528 abi 9)
[    2.789145] NET: Registered protocol family 29
[    2.793584] can: raw protocol (rev 20120528)
[    2.797846] can: broadcast manager protocol (rev 20160617 t)
[    2.803526] can: netlink gateway (rev 20130117) max_hops=1
[    2.809210] Bluetooth: RFCOMM socket layer initialized
[    2.814355] Bluetooth: RFCOMM ver 1.11
[    2.818114] Bluetooth: BNEP (Ethernet Emulation) ver 1.3
[    2.823458] Bluetooth: BNEP socket layer initialized
[    2.828432] Bluetooth: HIDP (Human Interface Emulation) ver 1.2
[    2.834356] Bluetooth: HIDP socket layer initialized
[    2.839624] Key type dns_resolver registered
[    2.845073] Registering SWP/SWPB emulation handler
[    2.868073] +3.3V_RUN: supplied by +3.3V_SYS
[    2.873586] +3.3V_AVDD_HDMI_AP_GATED: supplied by +3.3V_RUN
[    2.879547] +USB0_VBUS_SW: supplied by +5V_SYS
[    2.884657] +5V_USB_HS: supplied by +5V_SYS
[    2.890640] +3.3V_LP0: supplied by +3.3V_SYS
[    2.896858] +5V_HDMI_CON: supplied by +5V_SYS
[    2.902039] +5V_SATA: supplied by +5V_SYS
[    2.906613] +12V_SATA: supplied by +VDD_MUX
[    2.913552] usb2-0 supply vbus not found, using dummy regulator
[    2.919779] usb2-1 supply vbus not found, using dummy regulator
[    2.926210] usb3-0 supply vbus not found, using dummy regulator
[    2.932907] tegra-pcie 1003000.pcie-controller: 2x1, 1x1 configuration
[    2.939499] tegra-pcie 1003000.pcie-controller: Failed to get supply 'avddio-pex': -517
[    2.950183] tegra124-dfll 70110000.clock: couldn't get vdd_cpu regulator
[    2.959592] tegra-hdmi 54280000.hdmi: failed to get PLL regulator
[    2.970545] as3722-sd2: supplied by +5V_SYS
[    2.975302] as3722-sd3: supplied by +5V_SYS
[    2.980194] as3722-sd4: supplied by +5V_SYS
[    2.984866] +1.05V_RUN_AVDD_HDMI_PLL: supplied by +1.05V_RUN
[    2.991028] as3722-sd5: supplied by +5V_SYS
[    2.997084] as3722-ldo0: supplied by +1.35V_LP0(sd2)
[    3.003468] as3722-ldo1: supplied by +3.3V_RUN
[    3.008597] as3722-ldo2: supplied by +1.8V_VDDIO
[    3.014366] as3722-ldo3: supplied by +3.3V_SYS
[    3.020067] as3722-ldo4: supplied by +3.3V_SYS
[    3.025013] as3722-ldo5: supplied by +1.8V_VDDIO
[    3.030178] as3722-ldo6: supplied by +3.3V_RUN
[    3.035158] as3722-ldo7: supplied by +1.8V_VDDIO
[    3.040590] +1.05V_RUN_CAM_REAR: Bringing 0uV into 1050000-1050000uV
[    3.047707] as3722-ldo9: supplied by +5V_SYS
[    3.053106] +3.3V_RUN_TOUCH: Bringing 0uV into 2800000-2800000uV
[    3.060129] as3722-ldo10: supplied by +5V_SYS
[    3.065284] +2.8V_RUN_CAM_AF: Bringing 0uV into 2800000-2800000uV
[    3.072381] as3722-ldo11: supplied by +3.3V_RUN
[    3.077661] +1.8V_RUN_VPP_FUSE: Bringing 0uV into 1800000-1800000uV
[    3.087063] tegra-ahci 70027000.sata: AHCI 0001.0301 32 slots 2 ports 3 Gbps 0x1 impl platform mode
[    3.096144] tegra-ahci 70027000.sata: flags: 64bit ncq sntf pm led pio slum part sadm sds apst 
[    3.107735] scsi host0: tegra-ahci
[    3.113363] scsi host1: tegra-ahci
[    3.117492] ata1: SATA max UDMA/133 mmio [mem 0x70027000-0x70028fff] port 0x100 irq 345
[    3.125538] ata2: DUMMY
[    3.129172] tegra-ehci 7d008000.usb: EHCI Host Controller
[    3.134618] tegra-ehci 7d008000.usb: new USB bus registered, assigned bus number 2
[    3.142539] tegra-ehci 7d008000.usb: irq 355, io mem 0x7d008000
[    3.178329] tegra-ehci 7d008000.usb: USB 2.0 started, EHCI 1.10
[    3.185847] hub 2-0:1.0: USB hub found
[    3.189680] hub 2-0:1.0: 1 port detected
[    3.258996] tegra-xusb 70090000.usb: Firmware timestamp: 2014-09-16 02:10:07 UTC
[    3.266453] tegra-xusb 70090000.usb: xHCI Host Controller
[    3.271919] tegra-xusb 70090000.usb: new USB bus registered, assigned bus number 3
[    3.282104] tegra-xusb 70090000.usb: hcc params 0x0184f525 hci version 0x100 quirks 0x00010010
[    3.290825] tegra-xusb 70090000.usb: irq 347, io mem 0x70090000
[    3.298386] hub 3-0:1.0: USB hub found
[    3.302215] hub 3-0:1.0: 6 ports detected
[    3.307815] tegra-xusb 70090000.usb: xHCI Host Controller
[    3.313271] tegra-xusb 70090000.usb: new USB bus registered, assigned bus number 4
[    3.321031] usb usb4: We don't know the algorithms for LPM for this host, disabling LPM.
[    3.330725] hub 4-0:1.0: USB hub found
[    3.334522] hub 4-0:1.0: 2 ports detected
[    3.341239] sdhci-tegra 700b0400.sdhci: Got CD GPIO
[    3.346131] sdhci-tegra 700b0400.sdhci: Got WP GPIO
[    3.351308] mmc1: Unknown controller version (3). You may experience problems.
[    3.358661] mmc1: Invalid maximum block size, assuming 512 bytes
[    3.428875] mmc1: SDHCI controller on 700b0400.sdhci [700b0400.sdhci] using ADMA
[    3.436531] tegra-pcie 1003000.pcie-controller: 2x1, 1x1 configuration
[    3.450460] tegra-pcie 1003000.pcie-controller: probing port 0, using 2 lanes
[    3.459706] tegra-pcie 1003000.pcie-controller: Slot present pin change, signature: 00000008
[    3.468258] ata1: SATA link down (SStatus 0 SControl 300)
[    3.491885] tegra-pcie 1003000.pcie-controller: probing port 1, using 1 lanes
[    3.501213] tegra-pcie 1003000.pcie-controller: Slot present pin change, signature: 00000000
[    3.516226] tegra-pcie 1003000.pcie-controller: PCI host bridge to bus 0000:00
[    3.523488] pci_bus 0000:00: root bus resource [io  0x0000-0xffff]
[    3.529682] pci_bus 0000:00: root bus resource [mem 0x13000000-0x1fffffff]
[    3.536548] pci_bus 0000:00: root bus resource [mem 0x20000000-0x3fffffff pref]
[    3.543916] pci_bus 0000:00: root bus resource [bus 00-ff]
[    3.549557] pci 0000:00:01.0: [10de:0e12] type 01 class 0x060400
[    3.555719] pci 0000:00:01.0: PME# supported from D0 D1 D2 D3hot D3cold
[    3.562996] pci 0000:00:02.0: [10de:0e13] type 01 class 0x060400
[    3.569112] pci 0000:00:02.0: PME# supported from D0 D1 D2 D3hot D3cold
[    3.576297] PCI: bus0: Fast back to back transfers disabled
[    3.581928] pci 0000:00:01.0: bridge configuration invalid ([bus 00-00]), reconfiguring
[    3.590046] pci 0000:00:02.0: bridge configuration invalid ([bus 00-00]), reconfiguring
[    3.598524] pci 0000:01:00.0: [8086:4232] type 00 class 0x028000
[    3.604569] pci 0000:01:00.0: reg 0x10: [mem 0x00000000-0x00001fff 64bit]
[    3.611568] pci 0000:01:00.0: PME# supported from D0 D3hot D3cold
[    3.648400] PCI: bus1: Fast back to back transfers disabled
[    3.654045] pci_bus 0000:01: busn_res: [bus 01-ff] end is updated to 01
[    3.661204] pci 0000:02:00.0: [10ec:8168] type 00 class 0x020000
[    3.667233] pci 0000:02:00.0: reg 0x10: [io  0x0000-0x00ff]
[    3.672872] pci 0000:02:00.0: reg 0x18: [mem 0x00000000-0x00000fff 64bit]
[    3.679688] pci 0000:02:00.0: reg 0x20: [mem 0x00000000-0x00003fff 64bit pref]
[    3.687047] pci 0000:02:00.0: supports D1 D2
[    3.691384] pci 0000:02:00.0: PME# supported from D0 D1 D2 D3hot D3cold
[    3.712876] mmc1: new high speed SDHC card at address aaaa
[    3.719744] mmcblk1: mmc1:aaaa SD04G 3.69 GiB 
[    3.728290] PCI: bus2: Fast back to back transfers disabled
[    3.733894] pci_bus 0000:02: busn_res: [bus 02-ff] end is updated to 02
[    3.740812] pci 0000:00:01.0: BAR 8: assigned [mem 0x13000000-0x130fffff]
[    3.747710] pci 0000:00:02.0: BAR 8: assigned [mem 0x13100000-0x131fffff]
[    3.754728] pci 0000:00:02.0: BAR 9: assigned [mem 0x20000000-0x200fffff 64bit pref]
[    3.762701] pci 0000:00:02.0: BAR 7: assigned [io  0x1000-0x1fff]
[    3.768940] pci 0000:01:00.0: BAR 0: assigned [mem 0x13000000-0x13001fff 64bit]
[    3.776380] pci 0000:00:01.0: PCI bridge to [bus 01]
[    3.781505] pci 0000:00:01.0:   bridge window [mem 0x13000000-0x130fffff]
[    3.788506]  mmcblk1: p1 p2 p3
[    3.793434] pci 0000:02:00.0: BAR 4: assigned [mem 0x20000000-0x20003fff 64bit pref]
[    3.801242] pci 0000:02:00.0: BAR 2: assigned [mem 0x13100000-0x13100fff 64bit]
[    3.808621] pci 0000:02:00.0: BAR 0: assigned [io  0x1000-0x10ff]
[    3.814719] pci 0000:00:02.0: PCI bridge to [bus 02]
[    3.819735] pci 0000:00:02.0:   bridge window [io  0x1000-0x1fff]
[    3.825839] pci 0000:00:02.0:   bridge window [mem 0x13100000-0x131fffff]
[    3.832679] pci 0000:00:02.0:   bridge window [mem 0x20000000-0x200fffff 64bit pref]
[    3.840509] pci 0000:00:01.0: nv_msi_ht_cap_quirk didn't locate host bridge
[    3.847628] pcieport 0000:00:01.0: enabling device (0140 -> 0142)
[    3.854270] pcieport 0000:00:01.0: Signaling PME through PCIe PME interrupt
[    3.861264] pci 0000:01:00.0: Signaling PME through PCIe PME interrupt
[    3.867793] pcie_pme 0000:00:01.0:pcie001: service driver pcie_pme loaded
[    3.874706] pci 0000:00:02.0: nv_msi_ht_cap_quirk didn't locate host bridge
[    3.881805] pcieport 0000:00:02.0: enabling device (0140 -> 0143)
[    3.888429] pcieport 0000:00:02.0: Signaling PME through PCIe PME interrupt
[    3.895383] pci 0000:02:00.0: Signaling PME through PCIe PME interrupt
[    3.901924] pcie_pme 0000:00:02.0:pcie001: service driver pcie_pme loaded
[    3.909114] r8169 Gigabit Ethernet driver 2.3LK-NAPI loaded
[    3.914719] r8169 0000:02:00.0: enabling device (0140 -> 0143)
[    3.950604] r8169 0000:02:00.0 eth0: RTL8168g/8111g at 0xf0c01000, 00:04:4b:3a:d9:81, XID 0c000800 IRQ 395
[    3.960282] r8169 0000:02:00.0 eth0: jumbo features [frames: 9200 bytes, tx checksumming: ko]
[    3.976303] [drm] Supports vblank timestamp caching Rev 2 (21.10.2013).
[    3.982968] [drm] No driver support for vblank timestamp query.
[    4.118292] tegra-hdmi 54280000.hdmi: cannot set audio to 48000 Hz at 297000000 Hz pixel clock
[    4.287399] Console: switching to colour frame buffer device 512x135
[    4.383167] drm drm: fb0:  frame buffer device
[    4.387733] [drm] Initialized tegra 0.0.0 20120330 on minor 0
[    4.394637] of: dev_pm_opp_of_cpumask_add_table: couldn't find opp table for cpu:0, -19
[    4.402696] cpufreq: cpufreq_online: CPU0: Running at unlisted freq: 696000 KHz
[    4.410022] cpufreq: cpufreq_online: CPU0: Unlisted initial frequency changed to: 714000 KHz
[    4.419408] input: gpio-keys as /devices/soc0/gpio-keys/input/input2
[    4.426812] as3722-rtc as3722-rtc: setting system clock to 2000-01-01 00:00:46 UTC (946684846)
[    4.435734] +USB0_VBUS_SW: disabling
[    4.439375] +1.8V_RUN_CAM: disabling
[    4.443242] +2.8V_RUN_CAM: disabling
[    4.447110] +1.2V_RUN_CAM_FRONT: disabling
[    4.451522] +1.05V_RUN_CAM_REAR: disabling
[    4.455917] +3.3V_RUN_TOUCH: disabling
[    4.459934] +2.8V_RUN_CAM_AF: disabling
[    4.463958] +1.8V_RUN_VPP_FUSE: disabling
[    4.468225] ALSA device list:
[    4.471188]   #0: tegra-hda at 0x70038000 irq 346
[    4.475877]   #1: NVIDIA Tegra Jetson TK1
[    4.480736] EXT4-fs (mmcblk0p1): mounting ext3 file system using the ext4 subsystem
[    4.498643] EXT4-fs (mmcblk0p1): recovery complete
[    4.503429] EXT4-fs (mmcblk0p1): mounted filesystem with ordered data mode. Opts: (null)
[    4.511556] VFS: Mounted root (ext3 filesystem) on device 179:1.
[    4.522437] devtmpfs: mounted
[    4.525782] Freeing unused kernel memory: 1024K
bash: cannot set terminal process group (-1): Inappropriate ioctl for device
bash: no job control in this shell
root@(none):/# mount -t sysfs none /sys
root@(none):/# 
root@(none):/# mount -t debugfs none /sys/kernel/debug
root@(none):/# 
root@(none):/# rtcwake -d rtc1 -m mem -s 3
rtcwake: assuming RTC uses UTC ...
rtcwake: wakeup from "mem" using /dev/rtc1 at Thu Jan  1 00:00:20 1970
[    7.316923] PM: Syncing filesystems ... done.
[    7.348462] Freezing user space processes ... (elapsed 0.009 seconds) done.
[    7.350012] Freezing remaining freezable tasks ... (elapsed 0.001 seconds) done.
[    7.350019] Suspending console(s) (use no_console_suspend to debug)
[    7.760717] PM: suspend of devices complete after 251.371 msecs
[    7.767055] PM: late suspend of devices complete after 6.310 msecs
[    7.802340] PM: noirq suspend of devices complete after 35.258 msecs
[    7.802351] Disabling non-boot CPUs ...
[    7.839676] IRQ17 no longer affine to CPU1
[    7.840605] CPU1: shutdown
[    7.960360] CPU2: shutdown
[    8.060630] CPU3: shutdown
[    8.115776] Entering suspend state LP1
[    8.115776] Suspended for 2.698 seconds
[    8.115801] Enabling non-boot CPUs ...
[    8.139585] CPU1 is up
[    8.179734] CPU2 is up
[    8.220013] CPU3 is up
[    8.220624] pcieport 0000:00:01.0: nv_msi_ht_cap_quirk didn't locate host bridge
[    8.220627] pcieport 0000:00:02.0: nv_msi_ht_cap_quirk didn't locate host bridge
[    8.248278] PM: noirq resume of devices complete after 28.259 msecs
[    8.250246] PM: early resume of devices complete after 1.450 msecs
[    8.257362] tegra-hdmi 54280000.hdmi: cannot set audio to 48000 Hz at 297000000 Hz pixel clock
[    8.580974] ata1: SATA link down (SStatus 0 SControl 300)
[   11.218303] PM: resume of devices complete after 2968.049 msecs
[   11.318873] Restarting tasks ... done.
root@(none):/# 
root@(none):/# rtcwake -d rtc1 -m mem -s 3
rtcwake: assuming RTC uses UTC ...
rtcwake: wakeup from "mem" using /dev/rtc1 at Thu Jan  1 00:00:28 1970
[   12.669563] PM: Syncing filesystems ... done.
[   12.690325] Freezing user space processes ... (elapsed 0.001 seconds) done.
[   12.691961] Freezing remaining freezable tasks ... (elapsed 0.001 seconds) done.
[   12.691968] Suspending console(s) (use no_console_suspend to debug)
[   13.109630] PM: suspend of devices complete after 242.325 msecs
[   13.110926] PM: late suspend of devices complete after 1.286 msecs
[   13.138943] PM: noirq suspend of devices complete after 28.010 msecs
[   13.138945] Disabling non-boot CPUs ...
[   13.178565] CPU1: shutdown
[   13.288566] CPU2: shutdown
[   13.398513] CPU3: shutdown
[   13.449204] Entering suspend state LP1
[   13.449204] Suspended for 2.666 seconds
[   13.449229] Enabling non-boot CPUs ...
[   13.479556] CPU1 is up
[   13.519701] CPU2 is up
[   13.559977] CPU3 is up
[   13.560544] pcieport 0000:00:01.0: nv_msi_ht_cap_quirk didn't locate host bridge
[   13.560546] pcieport 0000:00:02.0: nv_msi_ht_cap_quirk didn't locate host bridge
[   13.588242] PM: noirq resume of devices complete after 28.259 msecs
[   13.590000] PM: early resume of devices complete after 1.240 msecs
[   13.597122] tegra-hdmi 54280000.hdmi: cannot set audio to 48000 Hz at 297000000 Hz pixel clock
[   13.930930] ata1: SATA link down (SStatus 0 SControl 300)
[   16.558270] PM: resume of devices complete after 2968.262 msecs
[   16.654628] Restarting tasks ... done.
root@(none):/# 
root@(none):/# rtcwake -d rtc1 -m mem -s 3
rtcwake: assuming RTC uses UTC ...
rtcwake: wakeup from "mem" using /dev/rtc1 at Thu Jan  1 00:00:36 1970
[   18.008265] PM: Syncing filesystems ... done.
[   18.030357] Freezing user space processes ... (elapsed 0.001 seconds) done.
[   18.031949] Freezing remaining freezable tasks ... (elapsed 0.001 seconds) done.
[   18.031957] Suspending console(s) (use no_console_suspend to debug)
[   18.449544] PM: suspend of devices complete after 242.759 msecs
[   18.450573] PM: late suspend of devices complete after 1.023 msecs
[   18.478873] PM: noirq suspend of devices complete after 28.296 msecs
[   18.478875] Disabling non-boot CPUs ...
[   18.518534] CPU1: shutdown
[   18.628527] CPU2: shutdown
[   18.728486] CPU3: shutdown
[   18.779286] Entering suspend state LP1
[   18.779286] Suspended for 2.669 seconds
[   18.779296] Enabling non-boot CPUs ...
[   18.809535] CPU1 is up
[   18.849674] CPU2 is up
[   18.889943] CPU3 is up
[   18.890525] pcieport 0000:00:01.0: nv_msi_ht_cap_quirk didn't locate host bridge
[   18.890528] pcieport 0000:00:02.0: nv_msi_ht_cap_quirk didn't locate host bridge
[   18.918213] PM: noirq resume of devices complete after 28.264 msecs
[   18.919870] PM: early resume of devices complete after 1.125 msecs
[   18.926923] tegra-hdmi 54280000.hdmi: cannot set audio to 48000 Hz at 297000000 Hz pixel clock
[   19.250887] ata1: SATA link down (SStatus 0 SControl 300)
[   21.888235] PM: resume of devices complete after 2968.356 msecs
[   21.984679] Restarting tasks ... done.
root@(none):/# 
root@(none):/# rtcwake -d rtc1 -m mem -s 3
rtcwake: assuming RTC uses UTC ...
rtcwake: wakeup from "mem" using /dev/rtc1 at Thu Jan  1 00:00:44 1970
[   23.340518] PM: Syncing filesystems ... done.
[   23.368405] Freezing user space processes ... (elapsed 0.009 seconds) done.
[   23.370005] Freezing remaining freezable tasks ... (elapsed 0.001 seconds) done.
[   23.370012] Suspending console(s) (use no_console_suspend to debug)
[   23.779580] PM: suspend of devices complete after 239.820 msecs
[   23.781642] PM: late suspend of devices complete after 2.052 msecs
[   23.808939] PM: noirq suspend of devices complete after 27.291 msecs
[   23.808941] Disabling non-boot CPUs ...
[   23.848503] CPU1: shutdown
[   23.948500] CPU2: shutdown
[   24.048460] CPU3: shutdown
[   24.099166] Entering suspend state LP1
[   24.099166] Suspended for 2.679 seconds
[   24.099176] Enabling non-boot CPUs ...
[   24.129496] CPU1 is up
[   24.169640] CPU2 is up
[   24.209933] CPU3 is up
[   24.210559] pcieport 0000:00:01.0: nv_msi_ht_cap_quirk didn't locate host bridge
[   24.210562] pcieport 0000:00:02.0: nv_msi_ht_cap_quirk didn't locate host bridge
[   24.238192] PM: noirq resume of devices complete after 28.254 msecs
[   24.239610] PM: early resume of devices complete after 0.893 msecs
[   24.246559] tegra-hdmi 54280000.hdmi: cannot set audio to 48000 Hz at 297000000 Hz pixel clock
[   24.570864] ata1: SATA link down (SStatus 0 SControl 300)
[   27.208220] PM: resume of devices complete after 2968.601 msecs
[   27.304649] Restarting tasks ... done.
root@(none):/# 
root@(none):/# rtcwake -d rtc1 -m mem -s 3
rtcwake: assuming RTC uses UTC ...
rtcwake: wakeup from "mem" using /dev/rtc1 at Thu Jan  1 00:00:52 1970
[   28.663203] PM: Syncing filesystems ... done.
[   28.688386] Freezing user space processes ... (elapsed 0.009 seconds) done.
[   28.690005] Freezing remaining freezable tasks ... (elapsed 0.001 seconds) done.
[   28.690012] Suspending console(s) (use no_console_suspend to debug)
[   29.099557] PM: suspend of devices complete after 238.331 msecs
[   29.101518] PM: late suspend of devices complete after 1.951 msecs
[   29.128776] PM: noirq suspend of devices complete after 27.251 msecs
[   29.128778] Disabling non-boot CPUs ...
[   29.168490] CPU1: shutdown
[   29.288488] CPU2: shutdown
[   29.388438] CPU3: shutdown
[   29.439307] Entering suspend state LP1
[   29.439307] Suspended for 2.659 seconds
[   29.439333] Enabling non-boot CPUs ...
[   29.469466] CPU1 is up
[   29.509610] CPU2 is up
[   29.549876] CPU3 is up
[   29.550419] pcieport 0000:00:01.0: nv_msi_ht_cap_quirk didn't locate host bridge
[   29.550575] pcieport 0000:00:02.0: nv_msi_ht_cap_quirk didn't locate host bridge
[   29.578147] PM: noirq resume of devices complete after 28.265 msecs
[   29.579901] PM: early resume of devices complete after 1.224 msecs
[   29.587129] tegra-hdmi 54280000.hdmi: cannot set audio to 48000 Hz at 297000000 Hz pixel clock
[   29.910934] ata1: SATA link down (SStatus 0 SControl 300)
[   32.568139] PM: resume of devices complete after 2988.229 msecs
[   32.664569] Restarting tasks ... done.
root@(none):/# 
root@(none):/# rtcwake -d rtc1 -m mem -s 3
rtcwake: assuming RTC uses UTC ...
rtcwake: wakeup from "mem" using /dev/rtc1 at Thu Jan  1 00:01:00 1970
[   34.001022] PM: Syncing filesystems ... done.
[   34.028209] Freezing user space processes ... (elapsed 0.009 seconds) done.
[   34.029594] Freezing remaining freezable tasks ... (elapsed 0.001 seconds) done.
[   34.029598] Suspending console(s) (use no_console_suspend to debug)
[   34.360006] PM: suspend of devices complete after 239.357 msecs
[   34.365150] PM: late suspend of devices complete after 5.123 msecs
[   34.390594] PM: noirq suspend of devices complete after 25.428 msecs
[   34.390600] Disabling non-boot CPUs ...
[   34.429253] CPU1: shutdown
[   34.539199] CPU2: shutdown
[   34.639093] CPU3: shutdown
[   34.691556] Entering suspend state LP1
[   34.691556] Suspended for 2.747 seconds
[   34.691581] Enabling non-boot CPUs ...
[   34.719430] CPU1 is up
[   34.759580] CPU2 is up
[   34.799839] CPU3 is up
[   34.800463] pcieport 0000:00:02.0: nv_msi_ht_cap_quirk didn't locate host bridge
[   34.800466] pcieport 0000:00:01.0: nv_msi_ht_cap_quirk didn't locate host bridge
[   34.828105] PM: noirq resume of devices complete after 28.261 msecs
[   34.829800] PM: early resume of devices complete after 1.161 msecs
[   34.837777] tegra-hdmi 54280000.hdmi: cannot set audio to 48000 Hz at 297000000 Hz pixel clock
[   35.160906] ata1: SATA link down (SStatus 0 SControl 300)
[   37.848101] PM: resume of devices complete after 3018.293 msecs
[   37.944485] Restarting tasks ... done.
root@(none):/# 
root@(none):/# rtcwake -d rtc1 -m mem -s 3
rtcwake: assuming RTC uses UTC ...
rtcwake: wakeup from "mem" using /dev/rtc1 at Thu Jan  1 00:01:08 1970
[   39.249316] PM: Syncing filesystems ... done.
[   39.269838] Freezing user space processes ... (elapsed 0.001 seconds) done.
[   39.271259] Freezing remaining freezable tasks ... (elapsed 0.001 seconds) done.
[   39.271263] Suspending console(s) (use no_console_suspend to debug)
[   39.609955] PM: suspend of devices complete after 240.048 msecs
[   39.614038] PM: late suspend of devices complete after 4.063 msecs
[   39.640452] PM: noirq suspend of devices complete after 26.398 msecs
[   39.640458] Disabling non-boot CPUs ...
[   39.679248] CPU1: shutdown
[   39.779189] CPU2: shutdown
[   39.879040] CPU3: shutdown
[   39.931491] Entering suspend state LP1
[   39.931491] Suspended for 2.759 seconds
[   39.931516] Enabling non-boot CPUs ...
[   39.959402] CPU1 is up
[   39.999545] CPU2 is up
[   40.039804] CPU3 is up
[   40.040390] pcieport 0000:00:01.0: nv_msi_ht_cap_quirk didn't locate host bridge
[   40.040393] pcieport 0000:00:02.0: nv_msi_ht_cap_quirk didn't locate host bridge
[   40.068074] PM: noirq resume of devices complete after 28.264 msecs
[   40.069900] PM: early resume of devices complete after 1.302 msecs
[   40.076820] tegra-hdmi 54280000.hdmi: cannot set audio to 48000 Hz at 297000000 Hz pixel clock
[   40.400757] ata1: SATA link down (SStatus 0 SControl 300)
[   43.038096] PM: resume of devices complete after 2968.188 msecs
[   43.134508] Restarting tasks ... done.
root@(none):/# 
root@(none):/# rtcwake -d rtc1 -m mem -s 3
rtcwake: assuming RTC uses UTC ...
rtcwake: wakeup from "mem" using /dev/rtc1 at Thu Jan  1 00:01:16 1970
[   44.488776] PM: Syncing filesystems ... done.
[   44.500233] Freezing user space processes ... (elapsed 0.001 seconds) done.
[   44.501800] Freezing remaining freezable tasks ... (elapsed 0.001 seconds) done.
[   44.501805] Suspending console(s) (use no_console_suspend to debug)
[   44.850118] PM: suspend of devices complete after 218.825 msecs
[   44.855785] PM: late suspend of devices complete after 5.641 msecs
[   44.880741] PM: noirq suspend of devices complete after 24.936 msecs
[   44.880748] Disabling non-boot CPUs ...
[   44.919569] CPU1: shutdown
[   45.019483] CPU2: shutdown
[   45.129338] CPU3: shutdown
[   45.182378] Entering suspend state LP1
[   45.182378] Suspended for 2.748 seconds
[   45.182403] Enabling non-boot CPUs ...
[   45.209362] CPU1 is up
[   45.249520] CPU2 is up
[   45.289767] CPU3 is up
[   45.290357] pcieport 0000:00:01.0: nv_msi_ht_cap_quirk didn't locate host bridge
[   45.290360] pcieport 0000:00:02.0: nv_msi_ht_cap_quirk didn't locate host bridge
[   45.318038] PM: noirq resume of devices complete after 28.265 msecs
[   45.319872] PM: early resume of devices complete after 1.300 msecs
[   45.326937] tegra-hdmi 54280000.hdmi: cannot set audio to 48000 Hz at 297000000 Hz pixel clock
[   45.650822] ata1: SATA link down (SStatus 0 SControl 300)
[   48.288059] PM: resume of devices complete after 2968.180 msecs
[   48.384424] Restarting tasks ... done.
root@(none):/# 
root@(none):/# rtcwake -d rtc1 -m mem -s 3
rtcwake: assuming RTC uses UTC ...
rtcwake: wakeup from "mem" using /dev/rtc1 at Thu Jan  1 00:01:24 1970
[   49.749480] PM: Syncing filesystems ... done.
[   49.769788] Freezing user space processes ... (elapsed 0.001 seconds) done.
[   49.771198] Freezing remaining freezable tasks ... (elapsed 0.001 seconds) done.
[   49.771202] Suspending console(s) (use no_console_suspend to debug)
[   50.100248] PM: suspend of devices complete after 230.596 msecs
[   50.105522] PM: late suspend of devices complete after 5.253 msecs
[   50.130320] PM: noirq suspend of devices complete after 24.782 msecs
[   50.130325] Disabling non-boot CPUs ...
[   50.169169] CPU1: shutdown
[   50.289108] CPU2: shutdown
[   50.389000] CPU3: shutdown
[   50.441439] Entering suspend state LP1
[   50.441439] Suspended for 2.740 seconds
[   50.441463] Enabling non-boot CPUs ...
[   50.469328] CPU1 is up
[   50.509467] CPU2 is up
[   50.549741] CPU3 is up
[   50.550275] pcieport 0000:00:02.0: nv_msi_ht_cap_quirk didn't locate host bridge
[   50.550374] pcieport 0000:00:01.0: nv_msi_ht_cap_quirk didn't locate host bridge
[   50.578000] PM: noirq resume of devices complete after 28.253 msecs
[   50.579568] PM: early resume of devices complete after 1.051 msecs
[   50.586548] tegra-hdmi 54280000.hdmi: cannot set audio to 48000 Hz at 297000000 Hz pixel clock
[   50.910694] ata1: SATA link down (SStatus 0 SControl 300)
[   53.547986] PM: resume of devices complete after 2968.410 msecs
[   53.644317] Restarting tasks ... done.
root@(none):/# 
root@(none):/# rtcwake -d rtc1 -m mem -s 3
rtcwake: assuming RTC uses UTC ...
rtcwake: wakeup from "mem" using /dev/rtc1 at Thu Jan  1 00:01:32 1970
[   54.998986] PM: Syncing filesystems ... done.
[   55.020152] Freezing user space processes ... (elapsed 0.001 seconds) done.
[   55.021913] Freezing remaining freezable tasks ... (elapsed 0.001 seconds) done.
[   55.021921] Suspending console(s) (use no_console_suspend to debug)
[   55.439358] PM: suspend of devices complete after 241.167 msecs
[   55.441241] PM: late suspend of devices complete after 1.874 msecs
[   55.468544] PM: noirq suspend of devices complete after 27.297 msecs
[   55.468546] Disabling non-boot CPUs ...
[   55.508300] CPU1: shutdown
[   55.608296] CPU2: shutdown
[   55.708246] CPU3: shutdown
[   55.758912] Entering suspend state LP1
[   55.758912] Suspended for 2.682 seconds
[   55.758937] Enabling non-boot CPUs ...
[   55.789295] CPU1 is up
[   55.829438] CPU2 is up
[   55.869695] CPU3 is up
[   55.870204] pcieport 0000:00:02.0: nv_msi_ht_cap_quirk didn't locate host bridge
[   55.870320] pcieport 0000:00:01.0: nv_msi_ht_cap_quirk didn't locate host bridge
[   55.897966] PM: noirq resume of devices complete after 28.266 msecs
[   55.899616] PM: early resume of devices complete after 1.124 msecs
[   55.906652] tegra-hdmi 54280000.hdmi: cannot set audio to 48000 Hz at 297000000 Hz pixel clock
[   56.230753] ata1: SATA link down (SStatus 0 SControl 300)
[   58.867952] PM: resume of devices complete after 2968.328 msecs
[   58.964247] Restarting tasks ... done.
root@(none):/# 
root@(none):/# NVTB SYSTEM SUSPEND TEST COMPLETE
