
U-Boot SPL 2016.05-rc2 (Apr 21 2016 - 16:23:00)
Trying to boot from RAM


U-Boot 2016.05-rc2 (Apr 21 2016 - 16:23:00 -0700)

TEGRA124
Model: NVIDIA Jetson TK1
Board: NVIDIA Jetson TK1
DRAM:  2 GiB
MMC:   Tegra SD/MMC: 0, Tegra SD/MMC: 1
In:    serial
Out:   serial
Err:   serial
Net:   No ethernet found.
Hit any key to stop autoboot:  2  0 
Tegra124 (Jetson TK1) # 
Tegra124 (Jetson TK1) # pci enum
Tegra124 (Jetson TK1) # setenv bootargs 'ignore_loglevel console=ttyS0,115200n8 rw root=PARTUUID=b1791faa-84e8-4e27-83a1-9fb0a77e8803 rootwait gpt debug noinitrd earlyprintk init=/bin/bash'
Tegra124 (Jetson TK1) # setenv ipaddr 192.168.100.102; setenv serverip 192.168.100.1; setenv tftpserverip 192.168.100.1
Tegra124 (Jetson TK1) # tftpboot 0x82000000 zImage.multi_v7_defconfig

Warning: eth_rtl8169 using MAC address from ROM
Using eth_rtl8169 device
TFTP from server 192.168.100.1; our IP address is 192.168.100.102
Filename 'zImage.multi_v7_defconfig'.
Load address: 0x82000000
Loading: *#################################################################
	 #################################################################
	 #################################################################
	 #################################################################
	 #################################################################
	 #################################################################
	 #################################################################
	 #######################################
	 3.9 MiB/s
done
Bytes transferred = 7241208 (6e7df8 hex)
Tegra124 (Jetson TK1) # tftpboot 0x83000000 tegra124-jetson-tk1.dtb
Using eth_rtl8169 device
TFTP from server 192.168.100.1; our IP address is 192.168.100.102
Filename 'tegra124-jetson-tk1.dtb'.
Load address: 0x83000000
Loading: *#####
	 4 MiB/s
done
Bytes transferred = 66737 (104b1 hex)
Tegra124 (Jetson TK1) # bootz 0x82000000 - 0x83000000
Kernel image @ 0x82000000 [ 0x000000 - 0x6e7df8 ]
## Flattened Device Tree blob at 83000000
   Booting using the fdt blob at 0x83000000
   Using Device Tree in place at 83000000, end 830134b0

Starting kernel ...

[    0.000000] Booting Linux on physical CPU 0x0
[    0.000000] Linux version 4.6.0-next-20160527-96003-gb5631e1 (pwalmsley@sellafield) (gcc version 4.7.3 20130328 (prerelease) (crosstool-NG linaro-1.13.1-4.7-2013.04-20130415 - Linaro GCC 2013.04) ) #1 SMP Tue May 31 05:11:30 PDT 2016
[    0.000000] CPU: ARMv7 Processor [413fc0f3] revision 3 (ARMv7), cr=10c5387d
[    0.000000] CPU: div instructions available: patching division code
[    0.000000] CPU: PIPT / VIPT nonaliasing data cache, PIPT instruction cache
[    0.000000] Machine model: NVIDIA Tegra124 Jetson TK1
[    0.000000] debug: ignoring loglevel setting.
[    0.000000] cma: Reserved 64 MiB at 0xfb800000
[    0.000000] Memory policy: Data cache writealloc
[    0.000000] On node 0 totalpages: 524032
[    0.000000] free_area_init_node: node 0, pgdat c141bb80, node_mem_map eeff8000
[    0.000000]   DMA zone: 1536 pages used for memmap
[    0.000000]   DMA zone: 0 pages reserved
[    0.000000]   DMA zone: 196608 pages, LIFO batch:31
[    0.000000]   HighMem zone: 327424 pages, LIFO batch:31
[    0.000000] percpu: Embedded 13 pages/cpu @eef89000 s23808 r8192 d21248 u53248
[    0.000000] pcpu-alloc: s23808 r8192 d21248 u53248 alloc=13*4096
[    0.000000] pcpu-alloc: [0] 0 [0] 1 [0] 2 [0] 3 
[    0.000000] Built 1 zonelists in Zone order, mobility grouping on.  Total pages: 522496
[    0.000000] Kernel command line: ignore_loglevel console=ttyS0,115200n8 rw root=PARTUUID=b1791faa-84e8-4e27-83a1-9fb0a77e8803 rootwait gpt debug noinitrd earlyprintk init=/bin/bash
[    0.000000] PID hash table entries: 4096 (order: 2, 16384 bytes)
[    0.000000] Dentry cache hash table entries: 131072 (order: 7, 524288 bytes)
[    0.000000] Inode-cache hash table entries: 65536 (order: 6, 262144 bytes)
[    0.000000] Memory: 1994996K/2096128K available (9529K kernel code, 1142K rwdata, 4476K rodata, 2048K init, 343K bss, 35596K reserved, 65536K cma-reserved, 1244160K highmem)
[    0.000000] Virtual kernel memory layout:
[    0.000000]     vector  : 0xffff0000 - 0xffff1000   (   4 kB)
[    0.000000]     fixmap  : 0xffc00000 - 0xfff00000   (3072 kB)
[    0.000000]     vmalloc : 0xf0800000 - 0xff800000   ( 240 MB)
[    0.000000]     lowmem  : 0xc0000000 - 0xf0000000   ( 768 MB)
[    0.000000]     pkmap   : 0xbfe00000 - 0xc0000000   (   2 MB)
[    0.000000]     modules : 0xbf000000 - 0xbfe00000   (  14 MB)
[    0.000000]       .text : 0xc0208000 - 0xc10ad5c4   (14998 kB)
[    0.000000]       .init : 0xc1100000 - 0xc1300000   (2048 kB)
[    0.000000]       .data : 0xc1300000 - 0xc141dbe0   (1143 kB)
[    0.000000]        .bss : 0xc141f000 - 0xc1474ca0   ( 344 kB)
[    0.000000] SLUB: HWalign=64, Order=0-3, MinObjects=0, CPUs=4, Nodes=1
[    0.000000] Hierarchical RCU implementation.
[    0.000000] 	Build-time adjustment of leaf fanout to 32.
[    0.000000] 	RCU restricting CPUs from NR_CPUS=16 to nr_cpu_ids=4.
[    0.000000] RCU: Adjusting geometry for rcu_fanout_leaf=32, nr_cpu_ids=4
[    0.000000] NR_IRQS:16 nr_irqs:16 16
[    0.000000] /interrupt-controller@60004000: 160 interrupts forwarded to /interrupt-controller@0,50041000
[    0.000000] Tegra clk 127: register failed with -17
[    0.000008] sched_clock: 32 bits at 1000kHz, resolution 1000ns, wraps every 2147483647500ns
[    0.000030] clocksource: timer_us: mask: 0xffffffff max_cycles: 0xffffffff, max_idle_ns: 1911260446275 ns
[    0.000044] Switching to timer-based delay loop, resolution 1000ns
[    0.005414] Architected cp15 timer(s) running at 12.00MHz (virt).
[    0.005433] clocksource: arch_sys_counter: mask: 0xffffffffffffff max_cycles: 0x2c47f4ee7, max_idle_ns: 440795202497 ns
[    0.005450] sched_clock: 56 bits at 12MHz, resolution 83ns, wraps every 4398046511096ns
[    0.005462] Switching to timer-based delay loop, resolution 83ns
[    0.005967] Console: colour dummy device 80x30
[    0.005994] Calibrating delay loop (skipped), value calculated using timer frequency.. 24.00 BogoMIPS (lpj=60000)
[    0.006009] pid_max: default: 32768 minimum: 301
[    0.006104] Mount-cache hash table entries: 2048 (order: 1, 8192 bytes)
[    0.006115] Mountpoint-cache hash table entries: 2048 (order: 1, 8192 bytes)
[    0.006718] CPU: Testing write buffer coherency: ok
[    0.006938] /cpus/cpu@0 missing clock-frequency property
[    0.006980] /cpus/cpu@1 missing clock-frequency property
[    0.007021] /cpus/cpu@2 missing clock-frequency property
[    0.007063] /cpus/cpu@3 missing clock-frequency property
[    0.007075] CPU0: thread -1, cpu 0, socket 0, mpidr 80000000
[    0.007096] Setting up static identity map for 0x80300000 - 0x80300098
[    0.010676] Tegra Revision: A01 SKU: 129 CPU Process: 1 SoC Process: 1
[    0.012125] CPU1: thread -1, cpu 1, socket 0, mpidr 80000001
[    0.015814] CPU2: thread -1, cpu 2, socket 0, mpidr 80000002
[    0.020811] CPU3: thread -1, cpu 3, socket 0, mpidr 80000003
[    0.025262] Brought up 4 CPUs
[    0.025282] SMP: Total of 4 processors activated (96.00 BogoMIPS).
[    0.025290] CPU: All CPU(s) started in SVC mode.
[    0.026766] devtmpfs: initialized
[    0.045504] VFP support v0.3: implementor 41 architecture 4 part 30 variant f rev 0
[    0.046200] clocksource: jiffies: mask: 0xffffffff max_cycles: 0xffffffff, max_idle_ns: 9556302231375000 ns
[    0.047567] pinctrl core: initialized pinctrl subsystem
[    0.049209] NET: Registered protocol family 16
[    0.051173] DMA: preallocated 256 KiB pool for atomic coherent allocations
[    0.065396] cpuidle: using governor menu
[    0.084746] No ATAGs?
[    0.084774] hw-breakpoint: found 5 (+1 reserved) breakpoint and 4 watchpoint registers.
[    0.084784] hw-breakpoint: maximum watchpoint size is 8 bytes.
[    0.091042] Serial: AMBA PL011 UART driver
[    0.120676] +5V_SYS: supplied by +VDD_MUX
[    0.121001] +3.3V_SYS: supplied by +VDD_MUX
[    0.121640] +USB0_VBUS_SW: Failed to request enable GPIO108: -517
[    0.121655] reg-fixed-voltage regulators:regulator@7: Failed to register regulator: -517
[    0.121743] +5V_USB_HS: Failed to request enable GPIO109: -517
[    0.121756] reg-fixed-voltage regulators:regulator@8: Failed to register regulator: -517
[    0.121923] +1.05V_RUN_AVDD_HDMI_PLL: Failed to request enable GPIO63: -517
[    0.121935] reg-fixed-voltage regulators:regulator@11: Failed to register regulator: -517
[    0.122020] +5V_HDMI_CON: Failed to request enable GPIO86: -517
[    0.122032] reg-fixed-voltage regulators:regulator@12: Failed to register regulator: -517
[    0.122117] +5V_SATA: Failed to request enable GPIO242: -517
[    0.122129] reg-fixed-voltage regulators:regulator@13: Failed to register regulator: -517
[    0.122212] +12V_SATA: Failed to request enable GPIO242: -517
[    0.122224] reg-fixed-voltage regulators:regulator@14: Failed to register regulator: -517
[    0.125569] vgaarb: loaded
[    0.126401] SCSI subsystem initialized
[    0.126562] libata version 3.00 loaded.
[    0.126836] usbcore: registered new interface driver usbfs
[    0.126908] usbcore: registered new interface driver hub
[    0.126984] usbcore: registered new device driver usb
[    0.130737] pps_core: LinuxPPS API ver. 1 registered
[    0.130746] pps_core: Software ver. 5.3.6 - Copyright 2005-2007 Rodolfo Giometti <giometti@linux.it>
[    0.130769] PTP clock support registered
[    0.130999] EDAC MC: Ver: 3.0.0
[    0.134171] clocksource: Switched to clocksource arch_sys_counter
[    0.145340] NET: Registered protocol family 2
[    0.145858] TCP established hash table entries: 8192 (order: 3, 32768 bytes)
[    0.145957] TCP bind hash table entries: 8192 (order: 4, 65536 bytes)
[    0.146144] TCP: Hash tables configured (established 8192 bind 8192)
[    0.146196] UDP hash table entries: 512 (order: 2, 16384 bytes)
[    0.146238] UDP-Lite hash table entries: 512 (order: 2, 16384 bytes)
[    0.146392] NET: Registered protocol family 1
[    0.146620] RPC: Registered named UNIX socket transport module.
[    0.146630] RPC: Registered udp transport module.
[    0.146637] RPC: Registered tcp transport module.
[    0.146644] RPC: Registered tcp NFSv4.1 backchannel transport module.
[    0.146655] PCI: CLS 0 bytes, default 64
[    0.147847] hw perfevents: enabled with armv7_cortex_a15 PMU driver, 7 counters available
[    0.149362] futex hash table entries: 1024 (order: 4, 65536 bytes)
[    0.150056] workingset: timestamp_bits=28 max_order=19 bucket_order=0
[    0.161417] squashfs: version 4.0 (2009/01/31) Phillip Lougher
[    0.162254] NFS: Registering the id_resolver key type
[    0.162282] Key type id_resolver registered
[    0.162290] Key type id_legacy registered
[    0.162333] ntfs: driver 2.1.32 [Flags: R/O].
[    0.163621] bounce: pool size: 64 pages
[    0.163826] Block layer SCSI generic (bsg) driver version 0.4 loaded (major 248)
[    0.163837] io scheduler noop registered
[    0.163845] io scheduler deadline registered
[    0.163880] io scheduler cfq registered (default)
[    0.169673] usb2-0 supply vbus not found, using dummy regulator
[    0.169796] usb2-1 supply vbus not found, using dummy regulator
[    0.170193] tegra-xusb-padctl 7009f000.padctl: failed to setup XUSB ports: -517
[    0.186780] tegra-pcie 1003000.pcie-controller: 2x1, 1x1 configuration
[    0.186833] tegra-pcie 1003000.pcie-controller: Failed to get supply 'avddio-pex': -517
[    0.194137] tegra-apbdma 60020000.dma: Tegra20 APB DMA driver register 32 channels
[    0.196205] tegra-pmc 7000e400.pmc: emergency thermal reset enabled
[    0.258777] Serial: 8250/16550 driver, 4 ports, IRQ sharing disabled
[    0.261741] console [ttyS0] disabled
[    0.261778] 70006300.serial: ttyS0 at MMIO 0x70006300 (irq = 333, base_baud = 25500000) is a Tegra
[    1.113493] console [ttyS0] enabled
[    1.117904] SuperH (H)SCI(F) driver initialized
[    1.123513] msm_serial: driver initialized
[    1.127826] STMicroelectronics ASC driver initialized
[    1.133825] serial-tegra serial@70006000: failed to get alias id, errno -19
[    1.140852] serial-tegra serial@70006040: failed to get alias id, errno -19
[    1.150928] [drm] Initialized drm 1.1.0 20060810
[    1.159089] tegra-hdmi 54280000.hdmi: failed to get HDMI regulator
[    1.178701] brd: module loaded
[    1.187787] loop: module loaded
[    1.191419] at24 0-0056: 256 byte 24c02 EEPROM, writable, 8 bytes/write
[    1.199763] as3722 4-0040: AS3722 with revision 0x1 found
[    1.210853] as3722-sd2: supplied by +5V_SYS
[    1.215518] as3722-sd3: supplied by +5V_SYS
[    1.219934] +1.35V_LP0(sd3): Bringing 0uV into 1350000-1350000uV
[    1.226322] as3722-sd4: supplied by +5V_SYS
[    1.230981] as3722-sd5: supplied by +5V_SYS
[    1.237053] as3722-ldo0: supplied by +1.35V_LP0(sd2)
[    1.243159] +1.8V_RUN_CAM: Bringing 0uV into 1800000-1800000uV
[    1.249432] as3722-ldo2: supplied by +1.8V_VDDIO
[    1.255363] as3722-ldo3: supplied by +3.3V_SYS
[    1.259860] +1.05V_LP0_VDD_RTC: Bringing 1100000uV into 1000000-1000000uV
[    1.267675] as3722-ldo4: supplied by +3.3V_SYS
[    1.272357] +2.8V_RUN_CAM: Bringing 0uV into 2800000-2800000uV
[    1.278615] as3722-ldo5: supplied by +1.8V_VDDIO
[    1.283461] +1.2V_RUN_CAM_FRONT: Bringing 0uV into 1200000-1200000uV
[    1.290424] +VDDIO_SDMMC3: bypassed regulator has no supply!
[    1.296098] +VDDIO_SDMMC3: failed to get the current voltage(-517)
[    1.302290] as3722-regulator as3722-regulator: regulator 13 register failed -517
[    1.314560] tegra-ahci 70027000.sata: couldn't get PHY in node sata: -517
[    1.336375] m25p80 spi32765.0: w25q32dw (4096 Kbytes)
[    1.344920] libphy: Fixed MDIO Bus: probed
[    1.349718] CAN device driver interface
[    1.355702] igb: Intel(R) Gigabit Ethernet Network Driver - version 5.3.0-k
[    1.362670] igb: Copyright (c) 2007-2014 Intel Corporation.
[    1.371749] pegasus: v0.9.3 (2013/04/25), Pegasus/Pegasus II USB Ethernet driver
[    1.379213] usbcore: registered new interface driver pegasus
[    1.384943] usbcore: registered new interface driver asix
[    1.390393] usbcore: registered new interface driver ax88179_178a
[    1.396534] usbcore: registered new interface driver cdc_ether
[    1.402434] usbcore: registered new interface driver smsc75xx
[    1.408246] usbcore: registered new interface driver smsc95xx
[    1.414039] usbcore: registered new interface driver net1080
[    1.419746] usbcore: registered new interface driver cdc_subset
[    1.425719] usbcore: registered new interface driver zaurus
[    1.431370] usbcore: registered new interface driver cdc_ncm
[    1.437296] tegra-phy 7d004000.usb-phy: no vbus regulator
[    1.444957] ehci_hcd: USB 2.0 'Enhanced' Host Controller (EHCI) Driver
[    1.451492] ehci-pci: EHCI PCI platform driver
[    1.455987] ehci-platform: EHCI generic platform driver
[    1.461446] ehci-omap: OMAP-EHCI Host Controller driver
[    1.466831] ehci-orion: EHCI orion driver
[    1.471012] SPEAr-ehci: EHCI SPEAr driver
[    1.475190] ehci-st: EHCI STMicroelectronics driver
[    1.480239] ehci-exynos: EHCI EXYNOS driver
[    1.484605] ehci-atmel: EHCI Atmel driver
[    1.488759] tegra-ehci: Tegra EHCI driver
[    1.493023] ------------[ cut here ]------------
[    1.497663] WARNING: CPU: 0 PID: 1 at drivers/reset/core.c:187 __of_reset_control_get+0x1bc/0x228
[    1.506533] Modules linked in:
[    1.509612] CPU: 0 PID: 1 Comm: swapper/0 Not tainted 4.6.0-next-20160527-96003-gb5631e1 #1
[    1.517949] Hardware name: NVIDIA Tegra SoC (Flattened Device Tree)
[    1.524227] [<c030f9d0>] (unwind_backtrace) from [<c030b0c8>] (show_stack+0x10/0x14)
[    1.531966] [<c030b0c8>] (show_stack) from [<c0586588>] (dump_stack+0x84/0xa4)
[    1.539185] [<c0586588>] (dump_stack) from [<c0341b88>] (__warn+0xd4/0x100)
[    1.546143] [<c0341b88>] (__warn) from [<c0341bd4>] (warn_slowpath_null+0x20/0x28)
[    1.553705] [<c0341bd4>] (warn_slowpath_null) from [<c06a0d38>] (__of_reset_control_get+0x1bc/0x228)
[    1.562833] [<c06a0d38>] (__of_reset_control_get) from [<c0912ea4>] (tegra_ehci_probe+0x2d0/0x51c)
[    1.571786] [<c0912ea4>] (tegra_ehci_probe) from [<c077a06c>] (platform_drv_probe+0x50/0xb0)
[    1.580219] [<c077a06c>] (platform_drv_probe) from [<c07789d0>] (driver_probe_device+0x1f4/0x2b0)
[    1.589085] [<c07789d0>] (driver_probe_device) from [<c0778b38>] (__driver_attach+0xac/0xb0)
[    1.597516] [<c0778b38>] (__driver_attach) from [<c0776fe4>] (bus_for_each_dev+0x54/0x88)
[    1.605687] [<c0776fe4>] (bus_for_each_dev) from [<c0777fc4>] (bus_add_driver+0xe8/0x1f4)
[    1.613858] [<c0777fc4>] (bus_add_driver) from [<c0779354>] (driver_register+0x78/0xf4)
[    1.621855] [<c0779354>] (driver_register) from [<c0301e7c>] (do_one_initcall+0x3c/0x16c)
[    1.630028] [<c0301e7c>] (do_one_initcall) from [<c1100d80>] (kernel_init_freeable+0x120/0x1ec)
[    1.638720] [<c1100d80>] (kernel_init_freeable) from [<c0b5c784>] (kernel_init+0x8/0x118)
[    1.646889] [<c0b5c784>] (kernel_init) from [<c0307fb8>] (ret_from_fork+0x14/0x3c)
[    1.654483] ---[ end trace 49f1c43ed112e8e1 ]---
[    1.659097] tegra-ehci 7d004000.usb: can't get utmi-pads reset from the PHY
[    1.666067] tegra-ehci 7d004000.usb: continuing, but please update your DT
[    1.673047] tegra-ehci 7d004000.usb: EHCI Host Controller
[    1.678485] tegra-ehci 7d004000.usb: new USB bus registered, assigned bus number 1
[    1.686336] tegra-ehci 7d004000.usb: irq 352, io mem 0x7d004000
[    1.699189] tegra-ehci 7d004000.usb: USB 2.0 started, EHCI 1.10
[    1.705954] hub 1-0:1.0: USB hub found
[    1.709754] hub 1-0:1.0: 1 port detected
[    1.714333] ohci_hcd: USB 1.1 'Open' Host Controller (OHCI) Driver
[    1.720545] ohci-pci: OHCI PCI platform driver
[    1.725046] ohci-platform: OHCI generic platform driver
[    1.730469] ohci-omap3: OHCI OMAP3 driver
[    1.734638] SPEAr-ohci: OHCI SPEAr driver
[    1.738797] ohci-st: OHCI STMicroelectronics driver
[    1.743837] ohci-atmel: OHCI Atmel driver
[    1.748690] usbcore: registered new interface driver usb-storage
[    1.756468] mousedev: PS/2 mouse device common for all mice
[    1.765514] as3722-rtc as3722-rtc: rtc core: registered as3722-rtc as rtc0
[    1.772402] as3722-rtc as3722-rtc: RTC interrupt 375
[    1.780780] tegra_rtc 7000e000.rtc: rtc core: registered 7000e000.rtc as rtc1
[    1.787970] tegra_rtc 7000e000.rtc: Tegra internal Real Time Clock
[    1.794767] i2c /dev entries driver
[    1.805341] 0-004c supply vcc not found, using dummy regulator
[    1.820977] sdhci: Secure Digital Host Controller Interface driver
[    1.827169] sdhci: Copyright(c) Pierre Ossman
[    1.833230] Synopsys Designware Multimedia Card Interface Driver
[    1.840455] sdhci-pltfm: SDHCI platform and OF driver helper
[    1.846954] sdhci-tegra 700b0400.sdhci: Got CD GPIO
[    1.851861] sdhci-tegra 700b0400.sdhci: Got WP GPIO
[    1.856800] mmc0: Unknown controller version (3). You may experience problems.
[    1.864312] mmc0: Unknown controller version (3). You may experience problems.
[    1.871597] mmc0: Invalid maximum block size, assuming 512 bytes
[    1.909192] mmc0: SDHCI controller on 700b0600.sdhci [700b0600.sdhci] using ADMA 64-bit
[    1.918908] ledtrig-cpu: registered to indicate activity on CPUs
[    1.925266] usbcore: registered new interface driver usbhid
[    1.930848] usbhid: USB HID core driver
[    1.939235] tegra124-dfll 70110000.clock: couldn't get vdd_cpu regulator
[    1.950807] NET: Registered protocol family 10
[    1.955982] sit: IPv6 over IPv4 tunneling driver
[    1.961293] NET: Registered protocol family 17
[    1.965789] can: controller area network core (rev 20120528 abi 9)
[    1.972046] NET: Registered protocol family 29
[    1.976511] can: raw protocol (rev 20120528)
[    1.980799] can: broadcast manager protocol (rev 20120528 t)
[    1.986479] can: netlink gateway (rev 20130117) max_hops=1
[    1.992363] Key type dns_resolver registered
[    1.997300] ThumbEE CPU extension supported.
[    2.001599] Registering SWP/SWPB emulation handler
[    2.011334] +3.3V_RUN: supplied by +3.3V_SYS
[    2.016814] +3.3V_AVDD_HDMI_AP_GATED: supplied by +3.3V_RUN
[    2.023011] +USB0_VBUS_SW: supplied by +5V_SYS
[    2.028144] +5V_USB_HS: supplied by +5V_SYS
[    2.033873] +3.3V_LP0: supplied by +3.3V_SYS
[    2.040257] +5V_HDMI_CON: supplied by +5V_SYS
[    2.045345] +5V_SATA: supplied by +5V_SYS
[    2.049887] +12V_SATA: supplied by +VDD_MUX
[    2.056160] usb2-0 supply vbus not found, using dummy regulator
[    2.060874] mmc0: new high speed MMC card at address 0001
[    2.062273] mmcblk0: mmc0:0001 SEM16G 14.7 GiB 
[    2.062980] mmcblk0boot0: mmc0:0001 SEM16G partition 1 4.00 MiB
[    2.063659] mmcblk0boot1: mmc0:0001 SEM16G partition 2 4.00 MiB
[    2.064291] mmcblk0rpmb: mmc0:0001 SEM16G partition 3 4.00 MiB
[    2.069995]  mmcblk0: p1
[    2.092580] usb2-1 supply vbus not found, using dummy regulator
[    2.098949] usb3-0 supply vbus not found, using dummy regulator
[    2.106191] tegra-pcie 1003000.pcie-controller: 2x1, 1x1 configuration
[    2.112832] tegra-pcie 1003000.pcie-controller: Failed to get supply 'avddio-pex': -517
[    2.122670] tegra-hdmi 54280000.hdmi: failed to get PLL regulator
[    2.133591] as3722-sd2: supplied by +5V_SYS
[    2.138218] as3722-sd3: supplied by +5V_SYS
[    2.142814] as3722-sd4: supplied by +5V_SYS
[    2.147363] +1.05V_RUN_AVDD_HDMI_PLL: supplied by +1.05V_RUN
[    2.153200] as3722-sd5: supplied by +5V_SYS
[    2.159277] as3722-ldo0: supplied by +1.35V_LP0(sd2)
[    2.165380] as3722-ldo1: supplied by +3.3V_RUN
[    2.170281] as3722-ldo2: supplied by +1.8V_VDDIO
[    2.175914] as3722-ldo3: supplied by +3.3V_SYS
[    2.181271] as3722-ldo4: supplied by +3.3V_SYS
[    2.185987] as3722-ldo5: supplied by +1.8V_VDDIO
[    2.190881] as3722-ldo6: supplied by +3.3V_RUN
[    2.195611] as3722-ldo7: supplied by +1.8V_VDDIO
[    2.200986] +1.05V_RUN_CAM_REAR: Bringing 0uV into 1050000-1050000uV
[    2.208088] as3722-ldo9: supplied by +5V_SYS
[    2.213579] +3.3V_RUN_TOUCH: Bringing 0uV into 2800000-2800000uV
[    2.220168] as3722-ldo10: supplied by +5V_SYS
[    2.225077] +2.8V_RUN_CAM_AF: Bringing 0uV into 2800000-2800000uV
[    2.231758] as3722-ldo11: supplied by +3.3V_RUN
[    2.236830] +1.8V_RUN_VPP_FUSE: Bringing 0uV into 1800000-1800000uV
[    2.246618] tegra-ahci 70027000.sata: AHCI 0001.0301 32 slots 2 ports 3 Gbps 0x1 impl platform mode
[    2.255694] tegra-ahci 70027000.sata: flags: 64bit ncq sntf pm led pio slum part sadm sds apst 
[    2.266289] scsi host0: tegra-ahci
[    2.271072] scsi host1: tegra-ahci
[    2.274859] ata1: SATA max UDMA/133 mmio [mem 0x70027000-0x70028fff] port 0x100 irq 343
[    2.282871] ata2: DUMMY
[    2.288045] tegra-ehci 7d008000.usb: EHCI Host Controller
[    2.293486] tegra-ehci 7d008000.usb: new USB bus registered, assigned bus number 2
[    2.301284] tegra-ehci 7d008000.usb: irq 353, io mem 0x7d008000
[    2.314287] tegra-ehci 7d008000.usb: USB 2.0 started, EHCI 1.10
[    2.321406] hub 2-0:1.0: USB hub found
[    2.325255] hub 2-0:1.0: 1 port detected
[    2.331769] sdhci-tegra 700b0400.sdhci: Got CD GPIO
[    2.336721] sdhci-tegra 700b0400.sdhci: Got WP GPIO
[    2.341721] mmc1: Unknown controller version (3). You may experience problems.
[    2.349252] mmc1: Invalid maximum block size, assuming 512 bytes
[    2.389732] mmc1: SDHCI controller on 700b0400.sdhci [700b0400.sdhci] using ADMA 64-bit
[    2.402303] tegra-pcie 1003000.pcie-controller: 2x1, 1x1 configuration
[    2.411070] tegra-pcie 1003000.pcie-controller: probing port 0, using 2 lanes
[    2.420457] tegra-pcie 1003000.pcie-controller: Slot present pin change, signature: 00000008
[    2.443828] tegra-pcie 1003000.pcie-controller: probing port 1, using 1 lanes
[    2.453067] tegra-pcie 1003000.pcie-controller: Slot present pin change, signature: 00000000
[    2.467067] tegra-pcie 1003000.pcie-controller: PCI host bridge to bus 0000:00
[    2.474332] pci_bus 0000:00: root bus resource [io  0x0000-0xffff]
[    2.480526] pci_bus 0000:00: root bus resource [mem 0x13000000-0x1fffffff]
[    2.487442] pci_bus 0000:00: root bus resource [mem 0x20000000-0x3fffffff pref]
[    2.494764] pci_bus 0000:00: root bus resource [bus 00-ff]
[    2.500318] pci 0000:00:01.0: [10de:0e12] type 01 class 0x060400
[    2.506487] pci 0000:00:01.0: PME# supported from D0 D1 D2 D3hot D3cold
[    2.513455] pci 0000:00:02.0: [10de:0e13] type 01 class 0x060400
[    2.519636] pci 0000:00:02.0: PME# supported from D0 D1 D2 D3hot D3cold
[    2.526646] PCI: bus0: Fast back to back transfers disabled
[    2.532261] pci 0000:00:01.0: bridge configuration invalid ([bus 00-00]), reconfiguring
[    2.540322] pci 0000:00:02.0: bridge configuration invalid ([bus 00-00]), reconfiguring
[    2.548614] pci 0000:01:00.0: [8086:4232] type 00 class 0x028000
[    2.554719] pci 0000:01:00.0: reg 0x10: [mem 0x00000000-0x00001fff 64bit]
[    2.561753] pci 0000:01:00.0: PME# supported from D0 D3hot D3cold
[    2.574320] PCI: bus1: Fast back to back transfers disabled
[    2.579945] pci_bus 0000:01: busn_res: [bus 01-ff] end is updated to 01
[    2.586857] pci 0000:02:00.0: [10ec:8168] type 00 class 0x020000
[    2.592933] pci 0000:02:00.0: reg 0x10: [io  0x0000-0x00ff]
[    2.598586] pci 0000:02:00.0: reg 0x18: [mem 0x00000000-0x00000fff 64bit]
[    2.605445] pci 0000:02:00.0: reg 0x20: [mem 0x00000000-0x00003fff 64bit pref]
[    2.607917] ata1: SATA link down (SStatus 0 SControl 300)
[    2.618301] pci 0000:02:00.0: supports D1 D2
[    2.622613] pci 0000:02:00.0: PME# supported from D0 D1 D2 D3hot D3cold
[    2.639317] PCI: bus2: Fast back to back transfers disabled
[    2.644923] pci_bus 0000:02: busn_res: [bus 02-ff] end is updated to 02
[    2.651720] pci 0000:00:01.0: BAR 8: assigned [mem 0x13000000-0x130fffff]
[    2.658552] pci 0000:00:02.0: BAR 8: assigned [mem 0x13100000-0x131fffff]
[    2.665388] pci 0000:00:02.0: BAR 9: assigned [mem 0x20000000-0x200fffff 64bit pref]
[    2.673175] pci 0000:00:02.0: BAR 7: assigned [io  0x1000-0x1fff]
[    2.679323] pci 0000:01:00.0: BAR 0: assigned [mem 0x13000000-0x13001fff 64bit]
[    2.686703] pci 0000:00:01.0: PCI bridge to [bus 01]
[    2.691724] pci 0000:00:01.0:   bridge window [mem 0x13000000-0x130fffff]
[    2.698576] pci 0000:02:00.0: BAR 4: assigned [mem 0x20000000-0x20003fff 64bit pref]
[    2.706386] pci 0000:02:00.0: BAR 2: assigned [mem 0x13100000-0x13100fff 64bit]
[    2.713761] pci 0000:02:00.0: BAR 0: assigned [io  0x1000-0x10ff]
[    2.719909] pci 0000:00:02.0: PCI bridge to [bus 02]
[    2.724924] pci 0000:00:02.0:   bridge window [io  0x1000-0x1fff]
[    2.731068] pci 0000:00:02.0:   bridge window [mem 0x13100000-0x131fffff]
[    2.737903] pci 0000:00:02.0:   bridge window [mem 0x20000000-0x200fffff 64bit pref]
[    2.745732] pci 0000:00:01.0: nv_msi_ht_cap_quirk didn't locate host bridge
[    2.752862] pcieport 0000:00:01.0: enabling device (0140 -> 0142)
[    2.759292] pcieport 0000:00:01.0: Signaling PME through PCIe PME interrupt
[    2.766296] pci 0000:01:00.0: Signaling PME through PCIe PME interrupt
[    2.772874] pcie_pme 0000:00:01.0:pcie001: service driver pcie_pme loaded
[    2.779833] pci 0000:00:02.0: nv_msi_ht_cap_quirk didn't locate host bridge
[    2.786956] pcieport 0000:00:02.0: enabling device (0140 -> 0143)
[    2.793365] pcieport 0000:00:02.0: Signaling PME through PCIe PME interrupt
[    2.800367] pci 0000:02:00.0: Signaling PME through PCIe PME interrupt
[    2.806946] pcie_pme 0000:00:02.0:pcie001: service driver pcie_pme loaded
[    2.814129] r8169 Gigabit Ethernet driver 2.3LK-NAPI loaded
[    2.819768] r8169 0000:02:00.0: enabling device (0140 -> 0143)
[    2.835997] r8169 0000:02:00.0 eth0: RTL8168g/8111g at 0xf0a52000, 00:04:4b:3a:d9:81, XID 0c000800 IRQ 393
[    2.845718] r8169 0000:02:00.0 eth0: jumbo features [frames: 9200 bytes, tx checksumming: ko]
[    2.858273] [drm] Supports vblank timestamp caching Rev 2 (21.10.2013).
[    2.864936] [drm] No driver support for vblank timestamp query.
[    2.872791] mmc1: new high speed SDHC card at address aaaa
[    2.879263] mmcblk1: mmc1:aaaa SD04G 3.69 GiB 
[    2.897222]  mmcblk1: p1 p2 p3
[    2.989955] tegra-hdmi 54280000.hdmi: cannot set audio to 44100 at 297000000 pclk
[    3.160531] Console: switching to colour frame buffer device 512x135
[    3.255834] drm drm: fb0:  frame buffer device
[    3.274295] [drm] Initialized tegra 0.0.0 20120330 on minor 0
[    3.281837] of: dev_pm_opp_of_cpumask_add_table: couldn't find opp table for cpu:0, -19
[    3.289894] cpufreq: cpufreq_online: CPU0: Running at unlisted freq: 696000 KHz
[    3.297222] cpufreq: cpufreq_online: CPU0: Unlisted initial frequency changed to: 714000 KHz
[    3.305819] cpu cpu1: cpufreq_init: failed to get clk: -2
[    3.311301] cpu cpu2: cpufreq_init: failed to get clk: -2
[    3.316775] cpu cpu3: cpufreq_init: failed to get clk: -2
[    3.323136] input: gpio-keys as /devices/soc0/gpio-keys/input/input0
[    3.330768] as3722-rtc as3722-rtc: setting system clock to 2000-01-01 00:00:13 UTC (946684813)
[    3.345386] +USB0_VBUS_SW: disabling
[    3.348967] +1.8V_RUN_CAM: disabling
[    3.352931] +2.8V_RUN_CAM: disabling
[    3.356896] +1.2V_RUN_CAM_FRONT: disabling
[    3.361231] +1.05V_RUN_CAM_REAR: disabling
[    3.365548] +3.3V_RUN_TOUCH: disabling
[    3.369527] +2.8V_RUN_CAM_AF: disabling
[    3.373555] +1.8V_RUN_VPP_FUSE: disabling
[    3.379610] EXT4-fs (mmcblk0p1): mounting ext3 file system using the ext4 subsystem
[    3.412211] EXT4-fs (mmcblk0p1): recovery complete
[    3.417166] EXT4-fs (mmcblk0p1): mounted filesystem with ordered data mode. Opts: (null)
[    3.425395] VFS: Mounted root (ext3 filesystem) on device 179:1.
[    3.438974] devtmpfs: mounted
[    3.447582] Freeing unused kernel memory: 2048K (c1100000 - c1300000)
bash: cannot set terminal process group (-1): Inappropriate ioctl for device
bash: no job control in this shell
root@(none):/# mount -t sysfs none /sys
root@(none):/# 
root@(none):/# mount -t debugfs none /sys/kernel/debug
root@(none):/# 
root@(none):/# rtcwake -d rtc1 -m mem -s 3
rtcwake: assuming RTC uses UTC ...
rtcwake: wakeup from "mem" using /dev/rtc1 at Thu Jan  1 00:00:19 1970
[    6.457065] PM: Syncing filesystems ... done.
[    6.637206] Freezing user space processes ... (elapsed 0.001 seconds) done.
[    6.645866] Freezing remaining freezable tasks ... (elapsed 0.001 seconds) done.
[    6.655047] Suspending console(s) (use no_console_suspend to debug)
[    6.746393] PM: suspend of devices complete after 82.382 msecs
[    6.751499] PM: late suspend of devices complete after 5.079 msecs
[    6.767802] PM: noirq suspend of devices complete after 16.284 msecs
[    6.767809] Disabling non-boot CPUs ...
[    6.769424] CPU1: shutdown
[    6.793744] IRQ17 no longer affine to CPU2
[    6.794507] CPU2: shutdown
[    6.813687] CPU3: shutdown
[    6.831602] Entering suspend state LP1
[    6.831617] Enabling non-boot CPUs ...
[    6.854942] cpu cpu1: cpufreq_init: failed to get clk: -2
[    6.855043] CPU1 is up
[    6.880012] cpu cpu2: cpufreq_init: failed to get clk: -2
[    6.880110] CPU2 is up
[    6.905139] cpu cpu3: cpufreq_init: failed to get clk: -2
[    6.905250] CPU3 is up
[    6.906015] pcieport 0000:00:02.0: nv_msi_ht_cap_quirk didn't locate host bridge
[    6.906018] pcieport 0000:00:01.0: nv_msi_ht_cap_quirk didn't locate host bridge
[    6.919264] PM: noirq resume of devices complete after 14.008 msecs
[    6.921011] PM: early resume of devices complete after 1.414 msecs
[    6.923841] tegra-hdmi 54280000.hdmi: cannot set audio to 44100 at 297000000 pclk
[    7.003258] PM: resume of devices complete after 82.236 msecs
[    7.109600] Restarting tasks ... done.
root@(none):/# 
root@(none):/# [    7.236729] ata1: SATA link down (SStatus 0 SControl 300)
rtcwake -d rtc1 -m mem -s 3
rtcwake: assuming RTC uses UTC ...
rtcwake: wakeup from "mem" using /dev/rtc1 at Thu Jan  1 00:00:24 1970
[    8.141101] PM: Syncing filesystems ... done.
[    8.398146] Freezing user space processes ... (elapsed 0.001 seconds) done.
[    8.407102] Freezing remaining freezable tasks ... (elapsed 0.001 seconds) done.
[    8.416603] Suspending console(s) (use no_console_suspend to debug)
[    8.507617] PM: suspend of devices complete after 80.883 msecs
[    8.518471] PM: late suspend of devices complete after 10.813 msecs
[    8.539432] PM: noirq suspend of devices complete after 20.931 msecs
[    8.539442] Disabling non-boot CPUs ...
[    8.541834] CPU1: shutdown
[    8.571769] CPU2: shutdown
[    8.589819] IRQ17 no longer affine to CPU3
[    8.590847] CPU3: shutdown
[    8.617667] Entering suspend state LP1
[    8.617682] Enabling non-boot CPUs ...
[    8.639918] cpu cpu1: cpufreq_init: failed to get clk: -2
[    8.640018] CPU1 is up
[    8.664979] cpu cpu2: cpufreq_init: failed to get clk: -2
[    8.665078] CPU2 is up
[    8.690098] cpu cpu3: cpufreq_init: failed to get clk: -2
[    8.690209] CPU3 is up
[    8.690948] pcieport 0000:00:01.0: nv_msi_ht_cap_quirk didn't locate host bridge
[    8.690950] pcieport 0000:00:02.0: nv_msi_ht_cap_quirk didn't locate host bridge
[    8.704232] PM: noirq resume of devices complete after 14.017 msecs
[    8.705758] PM: early resume of devices complete after 1.204 msecs
[    8.708691] tegra-hdmi 54280000.hdmi: cannot set audio to 44100 at 297000000 pclk
[    8.788287] PM: resume of devices complete after 82.519 msecs
[    8.895339] Restarting tasks ... done.
[    9.029013] ata1: SATA link down (SStatus 0 SControl 300)
root@(none):/# 
root@(none):/# rtcwake -d rtc1 -m mem -s 3
rtcwake: assuming RTC uses UTC ...
rtcwake: wakeup from "mem" using /dev/rtc1 at Thu Jan  1 00:00:29 1970
[    9.924696] PM: Syncing filesystems ... done.
[   10.181555] Freezing user space processes ... (elapsed 0.001 seconds) done.
[   10.190505] Freezing remaining freezable tasks ... (elapsed 0.001 seconds) done.
[   10.200121] Suspending console(s) (use no_console_suspend to debug)
[   10.292591] PM: suspend of devices complete after 82.330 msecs
[   10.300350] PM: late suspend of devices complete after 7.720 msecs
[   10.319499] PM: noirq suspend of devices complete after 19.120 msecs
[   10.319510] Disabling non-boot CPUs ...
[   10.321901] CPU1: shutdown
[   10.351698] CPU2: shutdown
[   10.369764] IRQ17 no longer affine to CPU3
[   10.370884] CPU3: shutdown
[   10.397653] Entering suspend state LP1
[   10.397667] Enabling non-boot CPUs ...
[   10.419899] cpu cpu1: cpufreq_init: failed to get clk: -2
[   10.419997] CPU1 is up
[   10.444951] cpu cpu2: cpufreq_init: failed to get clk: -2
[   10.445050] CPU2 is up
[   10.470076] cpu cpu3: cpufreq_init: failed to get clk: -2
[   10.470187] CPU3 is up
[   10.470952] pcieport 0000:00:01.0: nv_msi_ht_cap_quirk didn't locate host bridge
[   10.470954] pcieport 0000:00:02.0: nv_msi_ht_cap_quirk didn't locate host bridge
[   10.484200] PM: noirq resume of devices complete after 14.007 msecs
[   10.485773] PM: early resume of devices complete after 1.261 msecs
[   10.488573] tegra-hdmi 54280000.hdmi: cannot set audio to 44100 at 297000000 pclk
[   10.568756] PM: resume of devices complete after 82.972 msecs
[   10.675160] Restarting tasks ... done.
root@(none):/# 
root@(none):/# [   10.801485] ata1: SATA link down (SStatus 0 SControl 300)
rtcwake -d rtc1 -m mem -s 3
rtcwake: assuming RTC uses UTC ...
rtcwake: wakeup from "mem" using /dev/rtc1 at Thu Jan  1 00:00:34 1970
[   11.706028] PM: Syncing filesystems ... done.
[   11.969344] Freezing user space processes ... (elapsed 0.001 seconds) done.
[   11.978186] Freezing remaining freezable tasks ... (elapsed 0.001 seconds) done.
[   11.987688] Suspending console(s) (use no_console_suspend to debug)
[   12.118190] PM: suspend of devices complete after 120.108 msecs
[   12.125617] PM: late suspend of devices complete after 7.388 msecs
[   12.144362] PM: noirq suspend of devices complete after 18.718 msecs
[   12.144373] Disabling non-boot CPUs ...
[   12.145666] IRQ17 no longer affine to CPU1
[   12.146789] CPU1: shutdown
[   12.176698] CPU2: shutdown
[   12.195807] CPU3: shutdown
[   12.222576] Entering suspend state LP1
[   12.222591] Enabling non-boot CPUs ...
[   12.244860] cpu cpu1: cpufreq_init: failed to get clk: -2
[   12.244955] CPU1 is up
[   12.269918] cpu cpu2: cpufreq_init: failed to get clk: -2
[   12.270014] CPU2 is up
[   12.295048] cpu cpu3: cpufreq_init: failed to get clk: -2
[   12.295157] CPU3 is up
[   12.295907] pcieport 0000:00:01.0: nv_msi_ht_cap_quirk didn't locate host bridge
[   12.295909] pcieport 0000:00:02.0: nv_msi_ht_cap_quirk didn't locate host bridge
[   12.309169] PM: noirq resume of devices complete after 14.005 msecs
[   12.310897] PM: early resume of devices complete after 1.402 msecs
[   12.313436] tegra-hdmi 54280000.hdmi: cannot set audio to 44100 at 297000000 pclk
[   12.393624] PM: resume of devices complete after 82.716 msecs
[   12.500098] Restarting tasks ... done.
root@(none):/# 
root@(none):/# [   12.626457] ata1: SATA link down (SStatus 0 SControl 300)
rtcwake -d rtc1 -m mem -s 3
rtcwake: assuming RTC uses UTC ...
rtcwake: wakeup from "mem" using /dev/rtc1 at Thu Jan  1 00:00:39 1970
[   13.545718] PM: Syncing filesystems ... done.
[   13.808919] Freezing user space processes ... (elapsed 0.001 seconds) done.
[   13.817853] Freezing remaining freezable tasks ... (elapsed 0.002 seconds) done.
[   13.827457] Suspending console(s) (use no_console_suspend to debug)
[   13.932514] PM: suspend of devices complete after 94.812 msecs
[   13.939993] PM: late suspend of devices complete after 7.437 msecs
[   13.959406] PM: noirq suspend of devices complete after 19.378 msecs
[   13.959419] Disabling non-boot CPUs ...
[   13.961804] CPU1: shutdown
[   13.981663] CPU2: shutdown
[   13.999702] IRQ17 no longer affine to CPU3
[   14.000741] CPU3: shutdown
[   14.027550] Entering suspend state LP1
[   14.027565] Enabling non-boot CPUs ...
[   14.049827] cpu cpu1: cpufreq_init: failed to get clk: -2
[   14.049925] CPU1 is up
[   14.074883] cpu cpu2: cpufreq_init: failed to get clk: -2
[   14.074982] CPU2 is up
[   14.100017] cpu cpu3: cpufreq_init: failed to get clk: -2
[   14.100131] CPU3 is up
[   14.100863] pcieport 0000:00:01.0: nv_msi_ht_cap_quirk didn't locate host bridge
[   14.100867] pcieport 0000:00:02.0: nv_msi_ht_cap_quirk didn't locate host bridge
[   14.114138] PM: noirq resume of devices complete after 14.002 msecs
[   14.115897] PM: early resume of devices complete after 1.425 msecs
[   14.118447] tegra-hdmi 54280000.hdmi: cannot set audio to 44100 at 297000000 pclk
[   14.198599] PM: resume of devices complete after 82.691 msecs
[   14.304991] Restarting tasks ... done.
root@(none):/# 
root@(none):/# [   14.431451] ata1: SATA link down (SStatus 0 SControl 300)
rtcwake -d rtc1 -m mem -s 3
rtcwake: assuming RTC uses UTC ...
rtcwake: wakeup from "mem" using /dev/rtc1 at Thu Jan  1 00:00:44 1970
[   15.334193] PM: Syncing filesystems ... done.
[   15.596888] Freezing user space processes ... (elapsed 0.001 seconds) done.
[   15.605900] Freezing remaining freezable tasks ... (elapsed 0.001 seconds) done.
[   15.615447] Suspending console(s) (use no_console_suspend to debug)
[   15.747682] PM: suspend of devices complete after 121.905 msecs
[   15.758492] PM: late suspend of devices complete after 10.771 msecs
[   15.779272] PM: noirq suspend of devices complete after 20.750 msecs
[   15.779282] Disabling non-boot CPUs ...
[   15.781676] CPU1: shutdown
[   15.801894] CPU2: shutdown
[   15.820486] CPU3: shutdown
[   15.847592] Entering suspend state LP1
[   15.847607] Enabling non-boot CPUs ...
[   15.869799] cpu cpu1: cpufreq_init: failed to get clk: -2
[   15.869896] CPU1 is up
[   15.894851] cpu cpu2: cpufreq_init: failed to get clk: -2
[   15.894949] CPU2 is up
[   15.919978] cpu cpu3: cpufreq_init: failed to get clk: -2
[   15.920083] CPU3 is up
[   15.920788] pcieport 0000:00:01.0: nv_msi_ht_cap_quirk didn't locate host bridge
[   15.920945] pcieport 0000:00:02.0: nv_msi_ht_cap_quirk didn't locate host bridge
[   15.934106] PM: noirq resume of devices complete after 14.017 msecs
[   15.935558] PM: early resume of devices complete after 1.107 msecs
[   15.938330] tegra-hdmi 54280000.hdmi: cannot set audio to 44100 at 297000000 pclk
[   16.018639] PM: resume of devices complete after 83.071 msecs
[   16.121122] Restarting tasks ... done.
root@(none):/# 
root@(none):/# [   16.251594] ata1: SATA link down (SStatus 0 SControl 300)
rtcwake -d rtc1 -m mem -s 3
rtcwake: assuming RTC uses UTC ...
rtcwake: wakeup from "mem" using /dev/rtc1 at Thu Jan  1 00:00:49 1970
[   17.159806] PM: Syncing filesystems ... done.
[   17.422857] Freezing user space processes ... (elapsed 0.001 seconds) done.
[   17.431864] Freezing remaining freezable tasks ... (elapsed 0.001 seconds) done.
[   17.441413] Suspending console(s) (use no_console_suspend to debug)
[   17.562462] PM: suspend of devices complete after 110.792 msecs
[   17.570626] PM: late suspend of devices complete after 8.124 msecs
[   17.589340] PM: noirq suspend of devices complete after 18.683 msecs
[   17.589351] Disabling non-boot CPUs ...
[   17.591685] CPU1: shutdown
[   17.621552] CPU2: shutdown
[   17.639781] IRQ17 no longer affine to CPU3
[   17.640817] CPU3: shutdown
[   17.667522] Entering suspend state LP1
[   17.667537] Enabling non-boot CPUs ...
[   17.689763] cpu cpu1: cpufreq_init: failed to get clk: -2
[   17.689861] CPU1 is up
[   17.714824] cpu cpu2: cpufreq_init: failed to get clk: -2
[   17.714923] CPU2 is up
[   17.739954] cpu cpu3: cpufreq_init: failed to get clk: -2
[   17.740062] CPU3 is up
[   17.740803] pcieport 0000:00:01.0: nv_msi_ht_cap_quirk didn't locate host bridge
[   17.740805] pcieport 0000:00:02.0: nv_msi_ht_cap_quirk didn't locate host bridge
[   17.754075] PM: noirq resume of devices complete after 14.007 msecs
[   17.755614] PM: early resume of devices complete after 1.202 msecs
[   17.758488] tegra-hdmi 54280000.hdmi: cannot set audio to 44100 at 297000000 pclk
[   17.837832] PM: resume of devices complete after 82.207 msecs
[   17.944261] Restarting tasks ... done.
root@(none):/# 
root@(none):/# [   18.071628] ata1: SATA link down (SStatus 0 SControl 300)
rtcwake -d rtc1 -m mem -s 3
rtcwake: assuming RTC uses UTC ...
rtcwake: wakeup from "mem" using /dev/rtc1 at Thu Jan  1 00:00:54 1970
[   18.978919] PM: Syncing filesystems ... done.
[   19.237276] Freezing user space processes ... (elapsed 0.001 seconds) done.
[   19.246238] Freezing remaining freezable tasks ... (elapsed 0.001 seconds) done.
[   19.255743] Suspending console(s) (use no_console_suspend to debug)
[   19.386844] PM: suspend of devices complete after 120.814 msecs
[   19.397405] PM: late suspend of devices complete after 10.523 msecs
[   19.414182] PM: noirq suspend of devices complete after 16.748 msecs
[   19.414193] Disabling non-boot CPUs ...
[   19.416619] CPU1: shutdown
[   19.436874] CPU2: shutdown
[   19.455439] CPU3: shutdown
[   19.482495] Entering suspend state LP1
[   19.482509] Enabling non-boot CPUs ...
[   19.504738] cpu cpu1: cpufreq_init: failed to get clk: -2
[   19.504838] CPU1 is up
[   19.529799] cpu cpu2: cpufreq_init: failed to get clk: -2
[   19.529897] CPU2 is up
[   19.554910] cpu cpu3: cpufreq_init: failed to get clk: -2
[   19.555019] CPU3 is up
[   19.555712] pcieport 0000:00:01.0: nv_msi_ht_cap_quirk didn't locate host bridge
[   19.555869] pcieport 0000:00:02.0: nv_msi_ht_cap_quirk didn't locate host bridge
[   19.569043] PM: noirq resume of devices complete after 14.018 msecs
[   19.570968] PM: early resume of devices complete after 1.587 msecs
[   19.573590] tegra-hdmi 54280000.hdmi: cannot set audio to 44100 at 297000000 pclk
[   19.652927] PM: resume of devices complete after 81.949 msecs
[   19.755357] Restarting tasks ... done.
root@(none):/# 
root@(none):/# [   19.886521] ata1: SATA link down (SStatus 0 SControl 300)
rtcwake -d rtc1 -m mem -s 3
rtcwake: assuming RTC uses UTC ...
rtcwake: wakeup from "mem" using /dev/rtc1 at Thu Jan  1 00:00:59 1970
[   20.794631] PM: Syncing filesystems ... done.
[   21.050655] Freezing user space processes ... (elapsed 0.001 seconds) done.
[   21.059640] Freezing remaining freezable tasks ... (elapsed 0.001 seconds) done.
[   21.069160] Suspending console(s) (use no_console_suspend to debug)
[   21.202402] PM: suspend of devices complete after 123.101 msecs
[   21.209792] PM: late suspend of devices complete after 7.350 msecs
[   21.229515] PM: noirq suspend of devices complete after 19.690 msecs
[   21.229526] Disabling non-boot CPUs ...
[   21.231933] CPU1: shutdown
[   21.261525] CPU2: shutdown
[   21.279687] IRQ17 no longer affine to CPU3
[   21.280724] CPU3: shutdown
[   21.307428] Entering suspend state LP1
[   21.307443] Enabling non-boot CPUs ...
[   21.329711] cpu cpu1: cpufreq_init: failed to get clk: -2
[   21.329807] CPU1 is up
[   21.354763] cpu cpu2: cpufreq_init: failed to get clk: -2
[   21.354860] CPU2 is up
[   21.379897] cpu cpu3: cpufreq_init: failed to get clk: -2
[   21.380004] CPU3 is up
[   21.380757] pcieport 0000:00:01.0: nv_msi_ht_cap_quirk didn't locate host bridge
[   21.380824] pcieport 0000:00:02.0: nv_msi_ht_cap_quirk didn't locate host bridge
[   21.394011] PM: noirq resume of devices complete after 14.002 msecs
[   21.395877] PM: early resume of devices complete after 1.527 msecs
[   21.398952] tegra-hdmi 54280000.hdmi: cannot set audio to 44100 at 297000000 pclk
[   21.479756] PM: resume of devices complete after 83.869 msecs
[   21.586214] Restarting tasks ... done.
root@(none):/# 
root@(none):/# [   21.716621] ata1: SATA link down (SStatus 0 SControl 300)
rtcwake -d rtc1 -m mem -s 3
rtcwake: assuming RTC uses UTC ...
rtcwake: wakeup from "mem" using /dev/rtc1 at Thu Jan  1 00:01:04 1970
[   22.590779] PM: Syncing filesystems ... done.
[   22.632946] Freezing user space processes ... (elapsed 0.001 seconds) done.
[   22.641186] Freezing remaining freezable tasks ... (elapsed 0.001 seconds) done.
[   22.649867] Suspending console(s) (use no_console_suspend to debug)
[   22.765550] PM: suspend of devices complete after 108.720 msecs
[   22.767595] PM: late suspend of devices complete after 2.035 msecs
[   22.779687] PM: noirq suspend of devices complete after 12.087 msecs
[   22.779689] Disabling non-boot CPUs ...
[   22.780132] CPU1: shutdown
[   22.795189] CPU2: shutdown
[   22.809777] IRQ17 no longer affine to CPU3
[   22.810013] CPU3: shutdown
[   22.824440] Entering suspend state LP1
[   22.824454] Enabling non-boot CPUs ...
[   22.849677] cpu cpu1: cpufreq_init: failed to get clk: -2
[   22.849774] CPU1 is up
[   22.874732] cpu cpu2: cpufreq_init: failed to get clk: -2
[   22.874828] CPU2 is up
[   22.899865] cpu cpu3: cpufreq_init: failed to get clk: -2
[   22.899975] CPU3 is up
[   22.900725] pcieport 0000:00:01.0: nv_msi_ht_cap_quirk didn't locate host bridge
[   22.900727] pcieport 0000:00:02.0: nv_msi_ht_cap_quirk didn't locate host bridge
[   22.913987] PM: noirq resume of devices complete after 14.004 msecs
[   22.915843] PM: early resume of devices complete after 1.526 msecs
[   22.919333] tegra-hdmi 54280000.hdmi: cannot set audio to 44100 at 297000000 pclk
[   22.999492] PM: resume of devices complete after 83.638 msecs
[   23.105939] Restarting tasks ... done.
root@(none):/# 
root@(none):/# [   23.231281] ata1: SATA link down (SStatus 0 SControl 300)
NVTB SYSTEM SUSPEND TEST COMPLETE
