
U-Boot SPL 2014.01-00219-gc4d376f (Feb 18 2014 - 19:57:32)


U-Boot 2014.01-00219-gc4d376f (Feb 18 2014 - 19:57:32)

TEGRA114
Board: NVIDIA Dalmore
I2C:   ready
DRAM:  2 GiB
MMC:   Tegra SD/MMC: 0, Tegra SD/MMC: 1
In:    serial
Out:   serial
Err:   serial
Net:   Net Initialization Skipped
No ethernet found.
Hit any key to stop autoboot:  2  0 
Tegra114 (Dalmore) # 
Tegra114 (Dalmore) # usb reset
(Re)start USB...
USB0:   USB EHCI 1.10
scanning bus 0 for devices... 2 USB Device(s) found
       scanning usb for storage devices... 0 Storage Device(s) found
       scanning usb for ethernet devices... 
Warning: asx0 using MAC address from net device
1 Ethernet Device(s) found
Tegra114 (Dalmore) # setenv bootargs 'ignore_loglevel console=ttyS0,115200n8 rw root=PARTUUID=7369c667-ff51-ec4a-29cd-baabf2fbe346 rootwait gpt debug earlyprintk init=/bin/bash'
Tegra114 (Dalmore) # setenv ipaddr 192.168.100.100; setenv serverip 192.168.100.1; setenv tftpserverip 192.168.100.1
Tegra114 (Dalmore) # tftpboot 0x81000000 zImage.multi_v7_defconfig
Using asx0 device
TFTP from server 192.168.100.1; our IP address is 192.168.100.100
Filename 'zImage.multi_v7_defconfig'.
Load address: 0x81000000
Loading: *#################################################################
	 #################################################################
	 #################################################################
	 #################################################################
	 #################################################################
	 #################################################################
	 #################################################################
	 ###########################################################
	 2.8 MiB/s
done
Bytes transferred = 7536720 (730050 hex)
Tegra114 (Dalmore) # tftpboot 0x82000000 tegra114-dalmore.dtb
Using asx0 device
TFTP from server 192.168.100.1; our IP address is 192.168.100.100
Filename 'tegra114-dalmore.dtb'.
Load address: 0x82000000
Loading: *###
	 3.3 MiB/s
done
Bytes transferred = 35044 (88e4 hex)
Tegra114 (Dalmore) # bootz 0x81000000 - 0x82000000
Kernel image @ 0x81000000 [ 0x000000 - 0x730050 ]
## Flattened Device Tree blob at 82000000
   Booting using the fdt blob at 0x82000000
   Loading Device Tree to 8fff4000, end 8ffff8e3 ... OK

Starting kernel ...

[    0.000000] Booting Linux on physical CPU 0x0
[    0.000000] Linux version 4.10.0-next-20170228-155175-g8d01c06 (pwalmsley@sellafield) (gcc version 4.7.3 20130328 (prerelease) (crosstool-NG linaro-1.13.1-4.7-2013.04-20130415 - Linaro GCC 2013.04) ) #1 SMP Mon Feb 27 19:05:41 PST 2017
[    0.000000] CPU: ARMv7 Processor [412fc0f2] revision 2 (ARMv7), cr=10c5387d
[    0.000000] CPU: div instructions available: patching division code
[    0.000000] CPU: PIPT / VIPT nonaliasing data cache, PIPT instruction cache
[    0.000000] OF: fdt: Machine model: NVIDIA Tegra114 Dalmore evaluation board
[    0.000000] debug: ignoring loglevel setting.
[    0.000000] efi: Getting EFI parameters from FDT:
[    0.000000] efi: UEFI not found.
[    0.000000] cma: Reserved 64 MiB at 0xfb800000
[    0.000000] Memory policy: Data cache writealloc
[    0.000000] On node 0 totalpages: 524032
[    0.000000] free_area_init_node: node 0, pgdat c1538200, node_mem_map eeff8000
[    0.000000]   DMA zone: 1536 pages used for memmap
[    0.000000]   DMA zone: 0 pages reserved
[    0.000000]   DMA zone: 196608 pages, LIFO batch:31
[    0.000000]   HighMem zone: 327424 pages, LIFO batch:31
[    0.000000] percpu: Embedded 16 pages/cpu @eef9c000 s34432 r8192 d22912 u65536
[    0.000000] pcpu-alloc: s34432 r8192 d22912 u65536 alloc=16*4096
[    0.000000] pcpu-alloc: [0] 0 [0] 1 [0] 2 [0] 3 
[    0.000000] Built 1 zonelists in Zone order, mobility grouping on.  Total pages: 522496
[    0.000000] Kernel command line: ignore_loglevel console=ttyS0,115200n8 rw root=PARTUUID=7369c667-ff51-ec4a-29cd-baabf2fbe346 rootwait gpt debug earlyprintk init=/bin/bash
[    0.000000] PID hash table entries: 4096 (order: 2, 16384 bytes)
[    0.000000] Dentry cache hash table entries: 131072 (order: 7, 524288 bytes)
[    0.000000] Inode-cache hash table entries: 65536 (order: 6, 262144 bytes)
[    0.000000] Memory: 1993772K/2096128K available (10240K kernel code, 1254K rwdata, 4212K rodata, 2048K init, 536K bss, 36820K reserved, 65536K cma-reserved, 1244160K highmem)
[    0.000000] Virtual kernel memory layout:
[    0.000000]     vector  : 0xffff0000 - 0xffff1000   (   4 kB)
[    0.000000]     fixmap  : 0xffc00000 - 0xfff00000   (3072 kB)
[    0.000000]     vmalloc : 0xf0800000 - 0xff800000   ( 240 MB)
[    0.000000]     lowmem  : 0xc0000000 - 0xf0000000   ( 768 MB)
[    0.000000]     pkmap   : 0xbfe00000 - 0xc0000000   (   2 MB)
[    0.000000]     modules : 0xbf000000 - 0xbfe00000   (  14 MB)
[    0.000000]       .text : 0xc0208000 - 0xc0d00000   (11232 kB)
[    0.000000]       .init : 0xc1200000 - 0xc1400000   (2048 kB)
[    0.000000]       .data : 0xc1400000 - 0xc1539b20   (1255 kB)
[    0.000000]        .bss : 0xc153b000 - 0xc15c12b8   ( 537 kB)
[    0.000000] SLUB: HWalign=64, Order=0-3, MinObjects=0, CPUs=4, Nodes=1
[    0.000000] Hierarchical RCU implementation.
[    0.000000] 	RCU debugfs-based tracing is enabled.
[    0.000000] 	Build-time adjustment of leaf fanout to 32.
[    0.000000] 	RCU restricting CPUs from NR_CPUS=16 to nr_cpu_ids=4.
[    0.000000] RCU: Adjusting geometry for rcu_fanout_leaf=32, nr_cpu_ids=4
[    0.000000] NR_IRQS:16 nr_irqs:16 16
[    0.000000] /interrupt-controller@60004000: 160 interrupts forwarded to /interrupt-controller@50041000
[    0.000000] Tegra clk 127: register failed with -17
[    0.000007] sched_clock: 32 bits at 1000kHz, resolution 1000ns, wraps every 2147483647500ns
[    0.000027] clocksource: timer_us: mask: 0xffffffff max_cycles: 0xffffffff, max_idle_ns: 1911260446275 ns
[    0.000043] Switching to timer-based delay loop, resolution 1000ns
[    0.003249] arm_arch_timer: Architected cp15 timer(s) running at 12.00MHz (virt).
[    0.003269] clocksource: arch_sys_counter: mask: 0xffffffffffffff max_cycles: 0x2c47f4ee7, max_idle_ns: 440795202497 ns
[    0.003289] sched_clock: 56 bits at 12MHz, resolution 83ns, wraps every 4398046511096ns
[    0.003304] Switching to timer-based delay loop, resolution 83ns
[    0.003701] Console: colour dummy device 80x30
[    0.003731] Calibrating delay loop (skipped), value calculated using timer frequency.. 24.00 BogoMIPS (lpj=120000)
[    0.003749] pid_max: default: 32768 minimum: 301
[    0.003855] Mount-cache hash table entries: 2048 (order: 1, 8192 bytes)
[    0.003868] Mountpoint-cache hash table entries: 2048 (order: 1, 8192 bytes)
[    0.004361] CPU: Testing write buffer coherency: ok
[    0.004596] /cpus/cpu@0 missing clock-frequency property
[    0.004626] /cpus/cpu@1 missing clock-frequency property
[    0.004656] /cpus/cpu@2 missing clock-frequency property
[    0.004687] /cpus/cpu@3 missing clock-frequency property
[    0.004701] CPU0: thread -1, cpu 0, socket 0, mpidr 80000000
[    0.004902] Setting up static identity map for 0x80300000 - 0x80300098
[    0.007452] Tegra Revision: A01 SKU: 0 CPU Process: 1 SoC Process: 0
[    0.007998] EFI services will not be available.
[    0.008248] smp: Bringing up secondary CPUs ...
[    0.008777] CPU1: thread -1, cpu 1, socket 0, mpidr 80000001
[    0.009382] CPU2: thread -1, cpu 2, socket 0, mpidr 80000002
[    0.009965] CPU3: thread -1, cpu 3, socket 0, mpidr 80000003
[    0.010053] smp: Brought up 1 node, 4 CPUs
[    0.010076] SMP: Total of 4 processors activated (96.00 BogoMIPS).
[    0.010085] CPU: All CPU(s) started in SVC mode.
[    0.011552] devtmpfs: initialized
[    0.020402] VFP support v0.3: implementor 41 architecture 4 part 30 variant f rev 0
[    0.020740] clocksource: jiffies: mask: 0xffffffff max_cycles: 0xffffffff, max_idle_ns: 19112604462750000 ns
[    0.020759] futex hash table entries: 1024 (order: 4, 65536 bytes)
[    0.022196] pinctrl core: initialized pinctrl subsystem
[    0.023960] NET: Registered protocol family 16
[    0.026158] DMA: preallocated 256 KiB pool for atomic coherent allocations
[    0.028332] cpuidle: using governor menu
[    0.051559] No ATAGs?
[    0.051687] hw-breakpoint: found 5 (+1 reserved) breakpoint and 4 watchpoint registers.
[    0.051703] hw-breakpoint: maximum watchpoint size is 8 bytes.
[    0.056643] Serial: AMBA PL011 UART driver
[    0.057358] tegra-mc 70019000.memory-controller: no memory timings for RAM code 3 registered
[    0.071833] AT91: Could not find identification node
[    0.072299] dvdd_ts: Failed to request enable GPIO61: -517
[    0.072320] reg-fixed-voltage regulators:regulator@1: Failed to register regulator: -517
[    0.072416] usb1_vbus: Failed to request enable GPIO108: -517
[    0.072432] reg-fixed-voltage regulators:regulator@3: Failed to register regulator: -517
[    0.072528] usb2_vbus: Failed to request enable GPIO86: -517
[    0.072542] reg-fixed-voltage regulators:regulator@4: Failed to register regulator: -517
[    0.072942] VDD_5V0_HDMI_CON: Failed to request enable GPIO81: -517
[    0.072957] reg-fixed-voltage regulators:regulator@7: Failed to register regulator: -517
[    0.075541] vgaarb: loaded
[    0.076275] SCSI subsystem initialized
[    0.076443] libata version 3.00 loaded.
[    0.076663] usbcore: registered new interface driver usbfs
[    0.076716] usbcore: registered new interface driver hub
[    0.076789] usbcore: registered new device driver usb
[    0.079929] tps65090 2-0048: No cache defaults, reading back from HW
[    0.081820] TPS65090_RAILSDCDC1: supplied by vdd_ac_bat
[    0.082873] TPS65090_RAILSDCDC2: supplied by vdd_ac_bat
[    0.083961] TPS65090_RAILSDCDC3: supplied by vdd_ac_bat
[    0.084479] TPS65090_RAILSFET1: supplied by vdd_ac_bat
[    0.084847] TPS65090_RAILSFET2: supplied by vdd_ac_bat
[    0.085204] TPS65090_RAILSFET3: supplied by vdd-sys-3v3
[    0.085722] TPS65090_RAILSFET4: supplied by vdd-sys-3v3
[    0.086249] TPS65090_RAILSFET5: supplied by vdd-sys-3v3
[    0.086764] TPS65090_RAILSFET6: supplied by vdd-sys-3v3
[    0.087596] TPS65090_RAILSFET7: supplied by vdd-sys-3v3
[    0.088126] TPS65090_RAILSLDO1: supplied by vdd_ac_bat
[    0.088327] TPS65090_RAILSLDO2: supplied by vdd_ac_bat
[    0.089214] palmas 2-0058: Irq flag is 0x00000004
[    0.091167] palmas 2-0058: Muxing GPIO ff, PWM 0, LED 0
[    0.093661] SMPS12: supplied by vdd-ao
[    0.094674] vdd_hdmi_5v0: supplied by vdd-sys-5v0
[    0.095480] SMPS3: supplied by vdd-ao
[    0.097208] SMPS457: supplied by vdd-sys-3v3
[    0.100063] SMPS8: supplied by vdd-sys-3v3
[    0.100931] random: fast init done
[    0.101673] SMPS9: supplied by vdd-sys-3v3
[    0.102192] sdhci-vdd-sd-slot: Bringing 2840000uV into 2800000-2800000uV
[    0.104973] LDO1: supplied by vdd-sys-3v3
[    0.106145] LDO2: supplied by vdd-sys-3v3
[    0.107326] LDO3: supplied by vddio-1v8
[    0.108493] LDO4: supplied by vdd-sys-3v3
[    0.109676] LDO5: supplied by vdd_ac_bat
[    0.110419] LDO6: supplied by vdd-sys-3v3
[    0.110930] vdd-sensor-2v85: Bringing 2900000uV into 2850000-2850000uV
[    0.112332] LDO7: supplied by vdd-sys-3v3
[    0.114061] LDO8: supplied by vdd-ao
[    0.114573] vdd-rtc: Bringing 675000uV into 900000-900000uV
[    0.123925] LDO9: supplied by sdhci-vdd-sd-slot
[    0.134256] LDOLN: supplied by vdd-sys-5v0
[    0.135442] LDOUSB: supplied by vdd-sys-5v0
[    0.146932] pps_core: LinuxPPS API ver. 1 registered
[    0.146943] pps_core: Software ver. 5.3.6 - Copyright 2005-2007 Rodolfo Giometti <giometti@linux.it>
[    0.146967] PTP clock support registered
[    0.147148] EDAC MC: Ver: 3.0.0
[    0.149273] clocksource: Switched to clocksource arch_sys_counter
[    0.158125] NET: Registered protocol family 2
[    0.158628] TCP established hash table entries: 8192 (order: 3, 32768 bytes)
[    0.158729] TCP bind hash table entries: 8192 (order: 4, 65536 bytes)
[    0.158917] TCP: Hash tables configured (established 8192 bind 8192)
[    0.159004] UDP hash table entries: 512 (order: 2, 16384 bytes)
[    0.159048] UDP-Lite hash table entries: 512 (order: 2, 16384 bytes)
[    0.159199] NET: Registered protocol family 1
[    0.159522] RPC: Registered named UNIX socket transport module.
[    0.159533] RPC: Registered udp transport module.
[    0.159543] RPC: Registered tcp transport module.
[    0.159553] RPC: Registered tcp NFSv4.1 backchannel transport module.
[    0.159566] PCI: CLS 0 bytes, default 64
[    0.161952] workingset: timestamp_bits=30 max_order=19 bucket_order=0
[    0.170451] squashfs: version 4.0 (2009/01/31) Phillip Lougher
[    0.171163] NFS: Registering the id_resolver key type
[    0.171188] Key type id_resolver registered
[    0.171198] Key type id_legacy registered
[    0.171241] ntfs: driver 2.1.32 [Flags: R/O].
[    0.172812] bounce: pool size: 64 pages
[    0.172855] Block layer SCSI generic (bsg) driver version 0.4 loaded (major 248)
[    0.172866] io scheduler noop registered
[    0.172877] io scheduler deadline registered
[    0.173042] io scheduler cfq registered (default)
[    0.173052] io scheduler mq-deadline registered
[    0.202522] tegra-apbdma 6000a000.dma: Tegra20 APB DMA driver register 32 channels
[    0.204305] tegra-pmc 7000e400.pmc: i2c-thermtrip node not found, emergency thermal reset disabled.
[    0.260461] Serial: 8250/16550 driver, 4 ports, IRQ sharing disabled
[    0.263065] console [ttyS0] disabled
[    0.263104] 70006300.serial: ttyS0 at MMIO 0x70006300 (irq = 329, base_baud = 25500000) is a Tegra
[    1.250116] console [ttyS0] enabled
[    1.254324] SuperH (H)SCI(F) driver initialized
[    1.259757] msm_serial: driver initialized
[    1.264016] STMicroelectronics ASC driver initialized
[    1.275382] tegra-hdmi 54280000.hdmi: failed to get HDMI regulator
[    1.299114] brd: module loaded
[    1.309564] loop: module loaded
[    1.328855] m25p80 spi32766.0: w25q32dw (4096 Kbytes)
[    1.336809] libphy: Fixed MDIO Bus: probed
[    1.341994] CAN device driver interface
[    1.346623] bgmac_bcma: Broadcom 47xx GBit MAC driver loaded
[    1.353553] e1000e: Intel(R) PRO/1000 Network Driver - 3.2.6-k
[    1.359393] e1000e: Copyright(c) 1999 - 2015 Intel Corporation.
[    1.365358] igb: Intel(R) Gigabit Ethernet Network Driver - version 5.4.0-k
[    1.372325] igb: Copyright (c) 2007-2014 Intel Corporation.
[    1.381014] pegasus: v0.9.3 (2013/04/25), Pegasus/Pegasus II USB Ethernet driver
[    1.388444] usbcore: registered new interface driver pegasus
[    1.394161] usbcore: registered new interface driver asix
[    1.399600] usbcore: registered new interface driver ax88179_178a
[    1.405715] usbcore: registered new interface driver cdc_ether
[    1.411610] usbcore: registered new interface driver smsc75xx
[    1.417396] usbcore: registered new interface driver smsc95xx
[    1.423180] usbcore: registered new interface driver net1080
[    1.428863] usbcore: registered new interface driver cdc_subset
[    1.434824] usbcore: registered new interface driver zaurus
[    1.440455] usbcore: registered new interface driver cdc_ncm
[    1.447906] ehci_hcd: USB 2.0 'Enhanced' Host Controller (EHCI) Driver
[    1.454445] ehci-pci: EHCI PCI platform driver
[    1.458922] ehci-platform: EHCI generic platform driver
[    1.464336] ehci-orion: EHCI orion driver
[    1.468458] SPEAr-ehci: EHCI SPEAr driver
[    1.472604] ehci-st: EHCI STMicroelectronics driver
[    1.477596] ehci-exynos: EHCI EXYNOS driver
[    1.481926] ehci-atmel: EHCI Atmel driver
[    1.486050] tegra-ehci: Tegra EHCI driver
[    1.490355] ohci_hcd: USB 1.1 'Open' Host Controller (OHCI) Driver
[    1.496537] ohci-pci: OHCI PCI platform driver
[    1.501030] ohci-platform: OHCI generic platform driver
[    1.506388] ohci-omap3: OHCI OMAP3 driver
[    1.510530] SPEAr-ohci: OHCI SPEAr driver
[    1.514659] ohci-st: OHCI STMicroelectronics driver
[    1.519668] ohci-atmel: OHCI Atmel driver
[    1.524333] usbcore: registered new interface driver usb-storage
[    1.535749] palmas-rtc 7000d000.i2c:tps65913@58:rtc: rtc core: registered 7000d000.i2c:tps659 as rtc0
[    1.546764] tegra_rtc 7000e000.rtc: rtc core: registered 7000e000.rtc as rtc1
[    1.553957] tegra_rtc 7000e000.rtc: Tegra internal Real Time Clock
[    1.560633] i2c /dev entries driver
[    1.570255] sbs-battery 0-000b: sbs_probe: Failed to get device status
[    1.576790] sbs-battery: probe of 0-000b failed with error -121
[    1.592644] sdhci: Secure Digital Host Controller Interface driver
[    1.598815] sdhci: Copyright(c) Pierre Ossman
[    1.604571] Synopsys Designware Multimedia Card Interface Driver
[    1.611592] sdhci-pltfm: SDHCI platform and OF driver helper
[    1.617905] sdhci-tegra 78000400.sdhci: Got CD GPIO
[    1.622819] sdhci-tegra 78000400.sdhci: Got WP GPIO
[    1.628901] mmc0: Invalid maximum block size, assuming 512 bytes
[    1.699410] mmc0: SDHCI controller on 78000400.sdhci [78000400.sdhci] using ADMA
[    1.707079] mmc1: Invalid maximum block size, assuming 512 bytes
[    1.779293] mmc1: SDHCI controller on 78000600.sdhci [78000600.sdhci] using ADMA
[    1.788376] ledtrig-cpu: registered to indicate activity on CPUs
[    1.794692] usbcore: registered new interface driver usbhid
[    1.800278] usbhid: USB HID core driver
[    1.807835] NET: Registered protocol family 10
[    1.813104] Segment Routing with IPv6
[    1.816823] sit: IPv6, IPv4 and MPLS over IPv4 tunneling driver
[    1.823367] NET: Registered protocol family 17
[    1.827814] can: controller area network core (rev 20120528 abi 9)
[    1.834191] NET: Registered protocol family 29
[    1.838632] can: raw protocol (rev 20120528)
[    1.842918] can: broadcast manager protocol (rev 20161123 t)
[    1.848574] can: netlink gateway (rev 20130117) max_hops=1
[    1.854384] Key type dns_resolver registered
[    1.859212] ThumbEE CPU extension supported.
[    1.863503] Registering SWP/SWPB emulation handler
[    1.881426] usb1_vbus: supplied by vdd-sys-5v0
[    1.888242] usb2_vbus: supplied by vdd-sys-5v0
[    1.890790] mmc0: new high speed SDHC card at address aaaa
[    1.896343] mmcblk0: mmc0:aaaa SL16G 14.8 GiB 
[    1.906494] VDD_5V0_HDMI_CON: supplied by vdd-sys-5v0
[    1.916635] [drm] Supports vblank timestamp caching Rev 2 (21.10.2013).
[    1.923291] [drm] No driver support for vblank timestamp query.
[    1.923318]  mmcblk0: p1 p2 p3
[    1.956689] mmc1: new high speed MMC card at address 0001
[    1.957221] mmcblk1: mmc1:0001 SEM32G 29.1 GiB 
[    1.957519] mmcblk1boot0: mmc1:0001 SEM32G partition 1 4.00 MiB
[    1.958045] mmcblk1boot1: mmc1:0001 SEM32G partition 2 4.00 MiB
[    1.958366] mmcblk1rpmb: mmc1:0001 SEM32G partition 3 4.00 MiB
[    1.961384]  mmcblk1: p1 p2 p3 p4 p5 p6 p7 p8
[    2.025951] Console: switching to colour frame buffer device 240x75
[    2.097510] drm drm: fb0:  frame buffer device
[    2.102085] [drm] Initialized tegra 0.0.0 20120330 for drm on minor 0
[    2.114526] tegra-ehci 7d008000.usb: EHCI Host Controller
[    2.120004] tegra-ehci 7d008000.usb: new USB bus registered, assigned bus number 1
[    2.127830] tegra-ehci 7d008000.usb: irq 339, io mem 0x7d008000
[    2.159404] tegra-ehci 7d008000.usb: USB 2.0 started, EHCI 1.10
[    2.166558] hub 1-0:1.0: USB hub found
[    2.170421] hub 1-0:1.0: 1 port detected
[    2.176126] input: gpio-keys as /devices/soc0/gpio-keys/input/input0
[    2.185111] palmas-rtc 7000d000.i2c:tps65913@58:rtc: setting system clock to 2000-12-22 14:40:31 UTC (977496031)
[    2.201438] dvdd_ts: disabling
[    2.204498] usb1_vbus: disabling
[    2.207724] vdd_cam_1v8_reg: disabling
[    2.213143] EXT4-fs (mmcblk1p1): mounting ext3 file system using the ext4 subsystem
[    2.302617] EXT4-fs (mmcblk1p1): recovery complete
[    2.308817] EXT4-fs (mmcblk1p1): mounted filesystem with ordered data mode. Opts: (null)
[    2.317005] VFS: Mounted root (ext3 filesystem) on device 179:17.
[    2.327695] devtmpfs: mounted
[    2.332462] Freeing unused kernel memory: 2048K
bash: cannot set terminal process group (-1): Inappropriate ioctl for device
bash: no job control in this shell
root@(none):/# [    2.529437] usb 1-1: new high-speed USB device number 2 using tegra-ehci
