[    0.000000] Booting Linux on physical CPU 0x0
[    0.000000] Linux version 4.9.0-rc8-next-20161208-164614-g6c6ea1d (pwalmsley@tamien) (gcc version 4.9.2 20140904 (prerelease) (crosstool-NG linaro-1.13.1-4.9-2014.09 - Linaro GCC 4.9-2014.09) ) #1 SMP PREEMPT Wed Dec 7 20:37:23 PST 2016
[    0.000000] Boot CPU: AArch64 Processor [411fd070]
[    0.000000] Memory limited to 1024MB
[    0.000000] efi: Getting EFI parameters from FDT:
[    0.000000] efi: UEFI not found.
[    0.000000] cma: Reserved 16 MiB at 0x000000007f000000
[    0.000000] psci: probing for conduit method from DT.
[    0.000000] psci: PSCIv0.2 detected in firmware.
[    0.000000] psci: Using standard PSCI v0.2 function IDs
[    0.000000] psci: Trusted OS migration not required
[    0.000000] percpu: Embedded 21 pages/cpu @ffff80003efd5000 s48128 r8192 d29696 u86016
[    0.000000] Detected PIPT I-cache on CPU0
[    0.000000] CPU features: enabling workaround for ARM erratum 832075
[    0.000000] CPU features: enabling workaround for ARM erratum 834220
[    0.000000] Built 1 zonelists in Zone order, mobility grouping on.  Total pages: 258048
[    0.000000] Kernel command line: root=/dev/vda2 rw rootwait mem=1024M console=ttyAMA0,38400n8 init=/bin/bash
[    0.000000] PID hash table entries: 4096 (order: 3, 32768 bytes)
[    0.000000] Dentry cache hash table entries: 131072 (order: 8, 1048576 bytes)
[    0.000000] Inode-cache hash table entries: 65536 (order: 7, 524288 bytes)
[    0.000000] Memory: 998916K/1048576K available (8508K kernel code, 940K rwdata, 4100K rodata, 1024K init, 425K bss, 33276K reserved, 16384K cma-reserved)
[    0.000000] Virtual kernel memory layout:
[    0.000000]     modules : 0xffff000000000000 - 0xffff000008000000   (   128 MB)
[    0.000000]     vmalloc : 0xffff000008000000 - 0xffff7dffbfff0000   (129022 GB)
[    0.000000]       .text : 0xffff000008080000 - 0xffff0000088d0000   (  8512 KB)
[    0.000000]     .rodata : 0xffff0000088d0000 - 0xffff000008ce0000   (  4160 KB)
[    0.000000]       .init : 0xffff000008ce0000 - 0xffff000008de0000   (  1024 KB)
[    0.000000]       .data : 0xffff000008de0000 - 0xffff000008ecb200   (   941 KB)
[    0.000000]        .bss : 0xffff000008ecb200 - 0xffff000008f356a0   (   426 KB)
[    0.000000]     fixed   : 0xffff7dfffe7fd000 - 0xffff7dfffec00000   (  4108 KB)
[    0.000000]     PCI I/O : 0xffff7dfffee00000 - 0xffff7dffffe00000   (    16 MB)
[    0.000000]     vmemmap : 0xffff7e0000000000 - 0xffff800000000000   (  2048 GB maximum)
[    0.000000]               0xffff7e0000000000 - 0xffff7e0001000000   (    16 MB actual)
[    0.000000]     memory  : 0xffff800000000000 - 0xffff800040000000   (  1024 MB)
[    0.000000] SLUB: HWalign=64, Order=0-3, MinObjects=0, CPUs=1, Nodes=1
[    0.000000] Preemptible hierarchical RCU implementation.
[    0.000000] 	Build-time adjustment of leaf fanout to 64.
[    0.000000] 	RCU restricting CPUs from NR_CPUS=64 to nr_cpu_ids=1.
[    0.000000] RCU: Adjusting geometry for rcu_fanout_leaf=64, nr_cpu_ids=1
[    0.000000] NR_IRQS:64 nr_irqs:64 0
[    0.000000] GICv2m: range[mem 0x08020000-0x08020fff], SPI[80:143]
[    0.000000] arm_arch_timer: WARNING: Invalid trigger for IRQ3, assuming level low
[    0.000000] arm_arch_timer: WARNING: Please fix your firmware
[    0.000000] arm_arch_timer: Architected cp15 timer(s) running at 62.50MHz (virt).
[    0.000000] clocksource: arch_sys_counter: mask: 0xffffffffffffff max_cycles: 0x1cd42e208c, max_idle_ns: 881590405314 ns
[    0.000170] sched_clock: 56 bits at 62MHz, resolution 16ns, wraps every 4398046511096ns
[    0.006845] Console: colour dummy device 80x25
[    0.007642] Calibrating delay loop (skipped), value calculated using timer frequency.. 125.00 BogoMIPS (lpj=250000)
[    0.007937] pid_max: default: 32768 minimum: 301
[    0.008968] Security Framework initialized
[    0.009495] Mount-cache hash table entries: 2048 (order: 2, 16384 bytes)
[    0.009541] Mountpoint-cache hash table entries: 2048 (order: 2, 16384 bytes)
[    0.048058] ASID allocator initialised with 65536 entries
[    0.071310] EFI services will not be available.
[    0.085849] smp: Bringing up secondary CPUs ...
[    0.085970] smp: Brought up 1 node, 1 CPU
[    0.086014] SMP: Total of 1 processors activated.
[    0.086117] CPU features: detected feature: 32-bit EL0 Support
[    0.086642] CPU: All CPU(s) started at EL1
[    0.087298] alternatives: patching kernel code
[    0.101911] devtmpfs: initialized
[    0.117442] DMI not present or invalid.
[    0.119460] clocksource: jiffies: mask: 0xffffffff max_cycles: 0xffffffff, max_idle_ns: 7645041785100000 ns
[    0.122578] pinctrl core: initialized pinctrl subsystem
[    0.160502] NET: Registered protocol family 16
[    0.184298] cpuidle: using governor menu
[    0.185730] vdso: 2 pages (1 code @ ffff0000088d7000, 1 data @ ffff000008de5000)
[    0.185996] hw-breakpoint: found 6 breakpoint and 4 watchpoint registers.
[    0.193246] DMA: preallocated 256 KiB pool for atomic allocations
[    0.197678] Serial: AMBA PL011 UART driver
[    0.266090] 9000000.pl011: ttyAMA0 at MMIO 0x9000000 (irq = 39, base_baud = 0) is a PL011 rev1
[    0.303810] console [ttyAMA0] enabled
[    0.310673] irq: type mismatch, failed to map hwirq-27 for /intc!
[    0.485721] HugeTLB registered 2 MB page size, pre-allocated 0 pages
[    0.506034] ACPI: Interpreter disabled.
[    0.519172] vgaarb: loaded
[    0.523015] SCSI subsystem initialized
[    0.532840] usbcore: registered new interface driver usbfs
[    0.536686] usbcore: registered new interface driver hub
[    0.537822] usbcore: registered new device driver usb
[    0.544702] pps_core: LinuxPPS API ver. 1 registered
[    0.545027] pps_core: Software ver. 5.3.6 - Copyright 2005-2007 Rodolfo Giometti <giometti@linux.it>
[    0.547202] PTP clock support registered
[    0.549741] dmi: Firmware registration failed.
[    0.552689] Advanced Linux Sound Architecture Driver Initialized.
[    0.568352] clocksource: Switched to clocksource arch_sys_counter
[    0.569653] VFS: Disk quotas dquot_6.6.0
[    0.570150] VFS: Dquot-cache hash table entries: 512 (order 0, 4096 bytes)
[    0.575679] pnp: PnP ACPI: disabled
[    0.661822] NET: Registered protocol family 2
[    0.669796] TCP established hash table entries: 8192 (order: 4, 65536 bytes)
[    0.670469] TCP bind hash table entries: 8192 (order: 5, 131072 bytes)
[    0.671146] TCP: Hash tables configured (established 8192 bind 8192)
[    0.672613] UDP hash table entries: 512 (order: 2, 16384 bytes)
[    0.673088] UDP-Lite hash table entries: 512 (order: 2, 16384 bytes)
[    0.674896] NET: Registered protocol family 1
[    0.686607] RPC: Registered named UNIX socket transport module.
[    0.686949] RPC: Registered udp transport module.
[    0.687199] RPC: Registered tcp transport module.
[    0.687435] RPC: Registered tcp NFSv4.1 backchannel transport module.
[    0.697262] kvm [1]: HYP mode not available
[    0.717434] futex hash table entries: 256 (order: 3, 32768 bytes)
[    0.718482] audit: initializing netlink subsys (disabled)
[    0.720742] audit: type=2000 audit(0.680:1): initialized
[    0.730347] workingset: timestamp_bits=46 max_order=18 bucket_order=0
[    0.830567] squashfs: version 4.0 (2009/01/31) Phillip Lougher
[    0.842437] NFS: Registering the id_resolver key type
[    0.843443] Key type id_resolver registered
[    0.843704] Key type id_legacy registered
[    0.844034] nfs4filelayout_init: NFSv4 File Layout Driver Registering...
[    0.847060] 9p: Installing v9fs 9p2000 file system support
[    0.865538] Block layer SCSI generic (bsg) driver version 0.4 loaded (major 247)
[    0.865824] io scheduler noop registered
[    0.866918] io scheduler cfq registered (default)
[    0.906925] pl061_gpio 9030000.pl061: PL061 GPIO chip @0x0000000009030000 registered
[    0.918301] OF: PCI: host bridge /pcie@10000000 ranges:
[    0.919042] OF: PCI:    IO 0x3eff0000..0x3effffff -> 0x00000000
[    0.919642] OF: PCI:   MEM 0x10000000..0x3efeffff -> 0x10000000
[    0.919990] OF: PCI:   MEM 0x8000000000..0xffffffffff -> 0x8000000000
[    0.922059] pci-host-generic 3f000000.pcie: ECAM at [mem 0x3f000000-0x3fffffff] for [bus 00-0f]
[    0.923927] pci-host-generic 3f000000.pcie: PCI host bridge to bus 0000:00
[    0.925008] pci_bus 0000:00: root bus resource [bus 00-0f]
[    0.925389] pci_bus 0000:00: root bus resource [io  0x0000-0xffff]
[    0.925713] pci_bus 0000:00: root bus resource [mem 0x10000000-0x3efeffff]
[    0.926061] pci_bus 0000:00: root bus resource [mem 0x8000000000-0xffffffffff]
[    0.991937] xenfs: not registering filesystem on non-xen platform
[    1.035499] Serial: 8250/16550 driver, 4 ports, IRQ sharing enabled
[    1.051868] SuperH (H)SCI(F) driver initialized
[    1.055667] msm_serial: driver initialized
[    1.060844] cacheinfo: Unable to detect cache hierarchy for CPU 0
[    1.150638] loop: module loaded
[    1.187920]  vda: vda1 vda2
[    1.205016] hisi_sas: driver version v1.6
[    1.237298] libphy: Fixed MDIO Bus: probed
[    1.242630] tun: Universal TUN/TAP device driver, 1.6
[    1.242888] tun: (C) 1999-2004 Max Krasnyansky <maxk@qualcomm.com>
[    1.264610] e1000e: Intel(R) PRO/1000 Network Driver - 3.2.6-k
[    1.264909] e1000e: Copyright(c) 1999 - 2015 Intel Corporation.
[    1.266165] igb: Intel(R) Gigabit Ethernet Network Driver - version 5.4.0-k
[    1.266510] igb: Copyright (c) 2007-2014 Intel Corporation.
[    1.267880] igbvf: Intel(R) Gigabit Virtual Function Network Driver - version 2.4.0-k
[    1.269011] igbvf: Copyright (c) 2009 - 2012 Intel Corporation.
[    1.269981] sky2: driver version 1.30
[    1.275755] VFIO - User Level meta-driver version: 0.3
[    1.293816] ehci_hcd: USB 2.0 'Enhanced' Host Controller (EHCI) Driver
[    1.294337] ehci-pci: EHCI PCI platform driver
[    1.296715] ehci-platform: EHCI generic platform driver
[    1.298007] ehci-exynos: EHCI EXYNOS driver
[    1.299130] ehci-msm: Qualcomm On-Chip EHCI Host Controller
[    1.300717] ohci_hcd: USB 1.1 'Open' Host Controller (OHCI) Driver
[    1.301324] ohci-pci: OHCI PCI platform driver
[    1.303127] ohci-platform: OHCI generic platform driver
[    1.304686] ohci-exynos: OHCI EXYNOS driver
[    1.310343] usbcore: registered new interface driver usb-storage
[    1.322045] mousedev: PS/2 mouse device common for all mice
[    1.334331] rtc-pl031 9010000.pl031: rtc core: registered pl031 as rtc0
[    1.341816] i2c /dev entries driver
[    1.373452] sdhci: Secure Digital Host Controller Interface driver
[    1.373871] sdhci: Copyright(c) Pierre Ossman
[    1.377768] Synopsys Designware Multimedia Card Interface Driver
[    1.385557] sdhci-pltfm: SDHCI platform and OF driver helper
[    1.394390] ledtrig-cpu: registered to indicate activity on CPUs
[    1.406743] usbcore: registered new interface driver usbhid
[    1.407129] usbhid: USB HID core driver
[    1.429297] NET: Registered protocol family 17
[    1.430867] 9pnet: Installing 9P2000 support
[    1.431848] Key type dns_resolver registered
[    1.437807] registered taskstats version 1
[    1.448703] input: gpio-keys as /devices/platform/gpio-keys/input/input0
[    1.453233] rtc-pl031 9010000.pl031: setting system clock to 2016-12-08 04:38:04 UTC (1481171884)
[    1.454704] ALSA device list:
[    1.454948]   No soundcards found.
[    1.461776] uart-pl011 9000000.pl011: no DMA platform data
[    1.470376] EXT4-fs (vda2): couldn't mount as ext3 due to feature incompatibilities
[    1.531949] EXT4-fs (vda2): recovery complete
[    1.534439] EXT4-fs (vda2): mounted filesystem with ordered data mode. Opts: (null)
[    1.535608] VFS: Mounted root (ext4 filesystem) on device 254:2.
[    1.540863] devtmpfs: mounted
[    1.583845] Freeing unused kernel memory: 1024K
bash: cannot set terminal process group (-1): Inappropriate ioctl for device
bash: no job control in this shell
bash-4.3# 