Diff for ./qemu-vexpress64/__internal/defconfig_log.txt
Diff for ./tegra114-dalmore-a04/tegra114-dalmore/multi_v7_defconfig_log.txt
--- /tmp/fooa	2018-02-06 03:47:49.745019780 -0800
+++ /tmp/foob	2018-02-06 03:47:49.745019780 -0800
@@ -40,20 +40,20 @@
 	 #################################################################
 	 #################################################################
 	 #####################################
-	 2.8 MiB/s
+	 3 MiB/s
 done
-Bytes transferred = 8163840 (7c9200 hex)
+Bytes transferred = 8167936 (7ca200 hex)
 Tegra114 (Dalmore) # tftpboot 0x82000000 tegra114-dalmore.dtb
 Using asx0 device
 TFTP from server 192.168.100.1; our IP address is 192.168.100.100
 Filename 'tegra114-dalmore.dtb'.
 Load address: 0x82000000
 Loading: *###
-	 2.5 MiB/s
+	 2.7 MiB/s
 done
 Bytes transferred = 34502 (86c6 hex)
 Tegra114 (Dalmore) # bootz 0x81000000 - 0x82000000
-Kernel image @ 0x81000000 [ 0x000000 - 0x7c9200 ]
+Kernel image @ 0x81000000 [ 0x000000 - 0x7ca200 ]
 ## Flattened Device Tree blob at 82000000
    Booting using the fdt blob at 0x82000000
    Loading Device Tree to 8fff4000, end 8ffff6c5 ... OK
@@ -61,7 +61,7 @@
 Starting kernel ...
 
 Booting Linux on physical CPU 0x0
-Linux version 4.15.0-next-20180205-349066-ga352043b4094 (jonathanh@tamien) (gcc version 4.7.3 20130328 (prerelease) (crosstool-NG linaro-1.13.1-4.7-2013.04-20130415 - Linaro GCC 2013.04)) #1 SMP Tue Feb 6 03:16:18 PST 2018
+Linux version 4.15.0-next-20180206-349159-g417c85c22818 (jonathanh@tamien) (gcc version 4.7.3 20130328 (prerelease) (crosstool-NG linaro-1.13.1-4.7-2013.04-20130415 - Linaro GCC 2013.04)) #1 SMP Tue Feb 6 03:32:52 PST 2018
 CPU: ARMv7 Processor [412fc0f2] revision 2 (ARMv7), cr=10c5387d
 CPU: div instructions available: patching division code
 CPU: PIPT / VIPT nonaliasing data cache, PIPT instruction cache
@@ -319,15 +319,15 @@
 ThumbEE CPU extension supported.
 Registering SWP/SWPB emulation handler
 Loading compiled-in X.509 certificates
-mmc0: new high speed SDHC card at address aaaa
-mmcblk0: mmc0:aaaa SL16G 14.8 GiB 
 usb1_vbus: supplied by vdd-sys-5v0
 usb2_vbus: supplied by vdd-sys-5v0
 VDD_5V0_HDMI_CON: supplied by vdd-sys-5v0
- mmcblk0: p1 p2 p3
 [drm] Supports vblank timestamp caching Rev 2 (21.10.2013).
-mmc1: new high speed MMC card at address 0001
 [drm] No driver support for vblank timestamp query.
+mmc0: new high speed SDHC card at address aaaa
+mmcblk0: mmc0:aaaa SL16G 14.8 GiB 
+ mmcblk0: p1 p2 p3
+mmc1: new high speed MMC card at address 0001
 mmcblk1: mmc1:0001 SEM32G 29.1 GiB 
 mmcblk1boot0: mmc1:0001 SEM32G partition 1 4.00 MiB
 mmcblk1boot1: mmc1:0001 SEM32G partition 2 4.00 MiB
@@ -353,7 +353,7 @@
 hub 1-0:1.0: USB hub found
 hub 1-0:1.0: 1 port detected
 input: gpio-keys as /devices/soc0/gpio-keys/input/input0
-palmas-rtc 7000d000.i2c:tps65913@58:rtc: setting system clock to 2000-06-29 18:22:45 UTC (962302965)
+palmas-rtc 7000d000.i2c:tps65913@58:rtc: setting system clock to 2000-06-29 18:39:18 UTC (962303958)
 dvdd_ts: disabling
 usb1_vbus: disabling
 vdd_cam_1v8_reg: disabling
@@ -365,4 +365,4 @@
 Freeing unused kernel memory: 2048K
 bash: cannot set terminal process group (-1): Inappropriate ioctl for device
 bash: no job control in this shell
-root@(none):/# [    3.719413] usb 1-1: new high-speed USB device number 2 using tegra-ehci
+root@(none):/# [    3.759327] usb 1-1: new high-speed USB device number 2 using tegra-ehci
Diff for ./tegra114-dalmore-a04/tegra114-dalmore/tegra_defconfig_log.txt
--- /tmp/fooa	2018-02-06 03:47:49.753019818 -0800
+++ /tmp/foob	2018-02-06 03:47:49.753019818 -0800
@@ -38,20 +38,20 @@
 	 #################################################################
 	 #################################################################
 	 ##################################
-	 2.9 MiB/s
+	 2.8 MiB/s
 done
-Bytes transferred = 6222144 (5ef140 hex)
+Bytes transferred = 6222728 (5ef388 hex)
 Tegra114 (Dalmore) # tftpboot 0x82000000 tegra114-dalmore.dtb
 Using asx0 device
 TFTP from server 192.168.100.1; our IP address is 192.168.100.100
 Filename 'tegra114-dalmore.dtb'.
 Load address: 0x82000000
 Loading: *###
-	 2.5 MiB/s
+	 2.7 MiB/s
 done
 Bytes transferred = 34502 (86c6 hex)
 Tegra114 (Dalmore) # bootz 0x81000000 - 0x82000000
-Kernel image @ 0x81000000 [ 0x000000 - 0x5ef140 ]
+Kernel image @ 0x81000000 [ 0x000000 - 0x5ef388 ]
 ## Flattened Device Tree blob at 82000000
    Booting using the fdt blob at 0x82000000
    Loading Device Tree to 8fff4000, end 8ffff6c5 ... OK
@@ -59,7 +59,7 @@
 Starting kernel ...
 
 Booting Linux on physical CPU 0x0
-Linux version 4.15.0-next-20180205-29117-ga352043 (jonathanh@kaivo) (gcc version 4.7.3 20130328 (prerelease) (crosstool-NG linaro-1.13.1-4.7-2013.04-20130415 - Linaro GCC 2013.04)) #1 SMP PREEMPT Tue Feb 6 03:15:48 PST 2018
+Linux version 4.15.0-next-20180206-29210-g417c85c (jonathanh@kaivo) (gcc version 4.7.3 20130328 (prerelease) (crosstool-NG linaro-1.13.1-4.7-2013.04-20130415 - Linaro GCC 2013.04)) #1 SMP PREEMPT Tue Feb 6 03:32:23 PST 2018
 CPU: ARMv7 Processor [412fc0f2] revision 2 (ARMv7), cr=10c5387d
 CPU: div instructions available: patching division code
 CPU: PIPT / VIPT nonaliasing data cache, PIPT instruction cache
@@ -343,7 +343,7 @@
 hub 1-0:1.0: USB hub found
 hub 1-0:1.0: 1 port detected
 input: gpio-keys as /devices/soc0/gpio-keys/input/input1
-palmas-rtc 7000d000.i2c:tps65913@58:rtc: setting system clock to 2000-06-29 18:18:59 UTC (962302739)
+palmas-rtc 7000d000.i2c:tps65913@58:rtc: setting system clock to 2000-06-29 18:35:38 UTC (962303738)
 cfg80211: Loading compiled-in X.509 certificates for regulatory database
 cfg80211: Loaded X.509 cert 'sforshee: 00b28ddf47aef9cea7'
 platform regulatory.0: Direct firmware load for regulatory.db failed with error -2
@@ -361,4 +361,4 @@
 Freeing unused kernel memory: 1024K
 bash: cannot set terminal process group (-1): Inappropriate ioctl for device
 bash: no job control in this shell
-root@(none):/# [    3.363993] usb 1-1: new high-speed USB device number 2 using tegra-ehci
+root@(none):/# [    3.364094] usb 1-1: new high-speed USB device number 2 using tegra-ehci
Diff for ./tegra124-jetson-tk1/tegra124-jetson-tk1/multi_v7_defconfig_log.txt
--- /tmp/fooa	2018-02-06 03:47:49.761019855 -0800
+++ /tmp/foob	2018-02-06 03:47:49.761019855 -0800
@@ -35,9 +35,9 @@
 	 #################################################################
 	 #################################################################
 	 #####################################
-	 3.9 MiB/s
+	 3.7 MiB/s
 done
-Bytes transferred = 8163840 (7c9200 hex)
+Bytes transferred = 8167936 (7ca200 hex)
 Tegra124 (Jetson TK1) # tftpboot 0x83000000 tegra124-jetson-tk1.dtb
 Using eth_rtl8169 device
 TFTP from server 192.168.100.1; our IP address is 192.168.100.102
@@ -48,7 +48,7 @@
 done
 Bytes transferred = 66544 (103f0 hex)
 Tegra124 (Jetson TK1) # bootz 0x82000000 - 0x83000000
-Kernel image @ 0x82000000 [ 0x000000 - 0x7c9200 ]
+Kernel image @ 0x82000000 [ 0x000000 - 0x7ca200 ]
 ## Flattened Device Tree blob at 83000000
    Booting using the fdt blob at 0x83000000
    Using Device Tree in place at 83000000, end 830133ef
@@ -56,7 +56,7 @@
 Starting kernel ...
 
 Booting Linux on physical CPU 0x0
-Linux version 4.15.0-next-20180205-349066-ga352043b4094 (jonathanh@tamien) (gcc version 4.7.3 20130328 (prerelease) (crosstool-NG linaro-1.13.1-4.7-2013.04-20130415 - Linaro GCC 2013.04)) #1 SMP Tue Feb 6 03:16:18 PST 2018
+Linux version 4.15.0-next-20180206-349159-g417c85c22818 (jonathanh@tamien) (gcc version 4.7.3 20130328 (prerelease) (crosstool-NG linaro-1.13.1-4.7-2013.04-20130415 - Linaro GCC 2013.04)) #1 SMP Tue Feb 6 03:32:52 PST 2018
 CPU: ARMv7 Processor [413fc0f3] revision 3 (ARMv7), cr=10c5387d
 CPU: div instructions available: patching division code
 CPU: PIPT / VIPT nonaliasing data cache, PIPT instruction cache
@@ -359,13 +359,13 @@
 mmcblk0rpmb: mmc0:0001 SEM16G partition 3 4.00 MiB, chardev (236:0)
 tegra-ahci 70027000.sata: AHCI 0001.0301 32 slots 2 ports 3 Gbps 0x1 impl platform mode
 tegra-ahci 70027000.sata: flags: 64bit ncq sntf pm led pio slum part sadm sds apst 
- mmcblk0: p1
 scsi host0: tegra-ahci
 scsi host1: tegra-ahci
 ata1: SATA max UDMA/133 mmio [mem 0x70027000-0x70028fff] port 0x100 irq 345
 ata2: DUMMY
 tegra-ehci 7d008000.usb: EHCI Host Controller
 tegra-ehci 7d008000.usb: new USB bus registered, assigned bus number 2
+ mmcblk0: p1
 tegra-ehci 7d008000.usb: irq 357, io mem 0x7d008000
 tegra-ehci 7d008000.usb: USB 2.0 started, EHCI 1.10
 hub 2-0:1.0: USB hub found
@@ -396,9 +396,9 @@
 pci 0000:00:02.0: [10de:0e13] type 01 class 0x060400
 pci_bus 0000:00: 2-byte config write to 0000:00:02.0 offset 0x4 may corrupt adjacent RW1C bits
 pci_bus 0000:00: 2-byte config write to 0000:00:02.0 offset 0x4 may corrupt adjacent RW1C bits
+ata1: SATA link down (SStatus 0 SControl 300)
 pci 0000:00:02.0: enabling Extended Tags
 pci_bus 0000:00: 2-byte config write to 0000:00:02.0 offset 0x88 may corrupt adjacent RW1C bits
-ata1: SATA link down (SStatus 0 SControl 300)
 pci_bus 0000:00: 2-byte config write to 0000:00:02.0 offset 0x52 may corrupt adjacent RW1C bits
 pci 0000:00:02.0: PME# supported from D0 D1 D2 D3hot D3cold
 pci_bus 0000:00: 2-byte config write to 0000:00:02.0 offset 0x4c may corrupt adjacent RW1C bits
@@ -443,7 +443,7 @@
 pcieport 0000:00:02.0: Signaling PME with IRQ 396
 r8169 Gigabit Ethernet driver 2.3LK-NAPI loaded
 r8169 0000:02:00.0: enabling device (0140 -> 0143)
-r8169 0000:02:00.0 eth0: RTL8168g/8111g at 0xe64a3656, 00:04:4b:3a:d9:81, XID 0c000800 IRQ 397
+r8169 0000:02:00.0 eth0: RTL8168g/8111g at 0x12935cd8, 00:04:4b:3a:d9:81, XID 0c000800 IRQ 397
 r8169 0000:02:00.0 eth0: jumbo features [frames: 9200 bytes, tx checksumming: ko]
 +1.05V_RUN_AVDD_HDMI_PLL: supplied by +1.05V_RUN
 [drm] Supports vblank timestamp caching Rev 2 (21.10.2013).
Diff for ./tegra124-jetson-tk1/tegra124-jetson-tk1/tegra_defconfig_log.txt
--- /tmp/fooa	2018-02-06 03:47:49.769019892 -0800
+++ /tmp/foob	2018-02-06 03:47:49.773019912 -0800
@@ -33,20 +33,20 @@
 	 #################################################################
 	 #################################################################
 	 ##################################
-	 3.6 MiB/s
+	 3.5 MiB/s
 done
-Bytes transferred = 6222144 (5ef140 hex)
+Bytes transferred = 6222728 (5ef388 hex)
 Tegra124 (Jetson TK1) # tftpboot 0x83000000 tegra124-jetson-tk1.dtb
 Using eth_rtl8169 device
 TFTP from server 192.168.100.1; our IP address is 192.168.100.102
 Filename 'tegra124-jetson-tk1.dtb'.
 Load address: 0x83000000
 Loading: *#####
-	 3.5 MiB/s
+	 3.3 MiB/s
 done
 Bytes transferred = 66544 (103f0 hex)
 Tegra124 (Jetson TK1) # bootz 0x82000000 - 0x83000000
-Kernel image @ 0x82000000 [ 0x000000 - 0x5ef140 ]
+Kernel image @ 0x82000000 [ 0x000000 - 0x5ef388 ]
 ## Flattened Device Tree blob at 83000000
    Booting using the fdt blob at 0x83000000
    Using Device Tree in place at 83000000, end 830133ef
@@ -54,7 +54,7 @@
 Starting kernel ...
 
 Booting Linux on physical CPU 0x0
-Linux version 4.15.0-next-20180205-29117-ga352043 (jonathanh@kaivo) (gcc version 4.7.3 20130328 (prerelease) (crosstool-NG linaro-1.13.1-4.7-2013.04-20130415 - Linaro GCC 2013.04)) #1 SMP PREEMPT Tue Feb 6 03:15:48 PST 2018
+Linux version 4.15.0-next-20180206-29210-g417c85c (jonathanh@kaivo) (gcc version 4.7.3 20130328 (prerelease) (crosstool-NG linaro-1.13.1-4.7-2013.04-20130415 - Linaro GCC 2013.04)) #1 SMP PREEMPT Tue Feb 6 03:32:23 PST 2018
 CPU: ARMv7 Processor [413fc0f3] revision 3 (ARMv7), cr=10c5387d
 CPU: div instructions available: patching division code
 CPU: PIPT / VIPT nonaliasing data cache, PIPT instruction cache
@@ -339,9 +339,9 @@
 as3722-ldo3: supplied by +3.3V_SYS
 as3722-ldo4: supplied by +3.3V_SYS
 as3722-ldo5: supplied by +1.8V_VDDIO
+input: tegra-hda HDMI/DP,pcm=3 as /devices/soc0/70030000.hda/sound/card0/input1
 as3722-ldo6: supplied by +3.3V_RUN
 as3722-ldo7: supplied by +1.8V_VDDIO
-input: tegra-hda HDMI/DP,pcm=3 as /devices/soc0/70030000.hda/sound/card0/input1
 +1.05V_RUN_CAM_REAR: Bringing 0uV into 1050000-1050000uV
 as3722-ldo9: supplied by +5V_SYS
 +3.3V_RUN_TOUCH: Bringing 0uV into 2800000-2800000uV
@@ -438,7 +438,7 @@
 pcieport 0000:00:02.0: Signaling PME with IRQ 396
 r8169 Gigabit Ethernet driver 2.3LK-NAPI loaded
 r8169 0000:02:00.0: enabling device (0140 -> 0143)
-r8169 0000:02:00.0 eth0: RTL8168g/8111g at 0xf41b384e, 00:04:4b:3a:d9:81, XID 0c000800 IRQ 397
+r8169 0000:02:00.0 eth0: RTL8168g/8111g at 0x69c2266e, 00:04:4b:3a:d9:81, XID 0c000800 IRQ 397
 r8169 0000:02:00.0 eth0: jumbo features [frames: 9200 bytes, tx checksumming: ko]
 +1.05V_RUN_AVDD_HDMI_PLL: supplied by +1.05V_RUN
 [drm] Supports vblank timestamp caching Rev 2 (21.10.2013).
@@ -450,13 +450,13 @@
 cpufreq: cpufreq_online: CPU0: Running at unlisted freq: 696000 KHz
 cpufreq: cpufreq_online: CPU0: Unlisted initial frequency changed to: 714000 KHz
 input: gpio-keys as /devices/soc0/gpio-keys/input/input2
-as3722-rtc as3722-rtc: setting system clock to 2000-01-01 00:02:03 UTC (946684923)
+as3722-rtc as3722-rtc: setting system clock to 2000-01-01 00:00:14 UTC (946684814)
 cfg80211: Loading compiled-in X.509 certificates for regulatory database
 cfg80211: Loaded X.509 cert 'sforshee: 00b28ddf47aef9cea7'
 platform regulatory.0: Direct firmware load for regulatory.db failed with error -2
-cfg80211: failed to load regulatory.db
 +USB0_VBUS_SW: disabling
 +1.8V_RUN_CAM: disabling
+cfg80211: failed to load regulatory.db
 +2.8V_RUN_CAM: disabling
 +1.2V_RUN_CAM_FRONT: disabling
 +1.05V_RUN_CAM_REAR: disabling
Diff for ./tegra124-jetson-tk1/tegra124-jetson-tk1/tegra_defconfig%tegra-fw_log.txt
--- /tmp/fooa	2018-02-06 03:47:49.777019930 -0800
+++ /tmp/foob	2018-02-06 03:47:49.781019949 -0800
@@ -32,21 +32,21 @@
 	 #################################################################
 	 #################################################################
 	 #################################################################
-	 ##############################################
-	 3.9 MiB/s
+	 #############################################
+	 4 MiB/s
 done
-Bytes transferred = 6386656 (6173e0 hex)
+Bytes transferred = 6385768 (617068 hex)
 Tegra124 (Jetson TK1) # tftpboot 0x83000000 tegra124-jetson-tk1.dtb
 Using eth_rtl8169 device
 TFTP from server 192.168.100.1; our IP address is 192.168.100.102
 Filename 'tegra124-jetson-tk1.dtb'.
 Load address: 0x83000000
 Loading: *#####
-	 3.7 MiB/s
+	 4 MiB/s
 done
 Bytes transferred = 66544 (103f0 hex)
 Tegra124 (Jetson TK1) # bootz 0x82000000 - 0x83000000
-Kernel image @ 0x82000000 [ 0x000000 - 0x6173e0 ]
+Kernel image @ 0x82000000 [ 0x000000 - 0x617068 ]
 ## Flattened Device Tree blob at 83000000
    Booting using the fdt blob at 0x83000000
    Using Device Tree in place at 83000000, end 830133ef
@@ -54,7 +54,7 @@
 Starting kernel ...
 
 Booting Linux on physical CPU 0x0
-Linux version 4.15.0-next-20180205-230825-ga352043 (jonathanh@sellafield) (gcc version 4.7.3 20130328 (prerelease) (crosstool-NG linaro-1.13.1-4.7-2013.04-20130415 - Linaro GCC 2013.04)) #1 SMP PREEMPT Tue Feb 6 03:15:57 PST 2018
+Linux version 4.15.0-next-20180206-230918-g417c85c (jonathanh@sellafield) (gcc version 4.7.3 20130328 (prerelease) (crosstool-NG linaro-1.13.1-4.7-2013.04-20130415 - Linaro GCC 2013.04)) #1 SMP PREEMPT Tue Feb 6 03:32:30 PST 2018
 CPU: ARMv7 Processor [413fc0f3] revision 3 (ARMv7), cr=10c5387d
 CPU: div instructions available: patching division code
 CPU: PIPT / VIPT nonaliasing data cache, PIPT instruction cache
@@ -339,9 +339,9 @@
 as3722-ldo3: supplied by +3.3V_SYS
 as3722-ldo4: supplied by +3.3V_SYS
 as3722-ldo5: supplied by +1.8V_VDDIO
-input: tegra-hda HDMI/DP,pcm=3 as /devices/soc0/70030000.hda/sound/card0/input1
 as3722-ldo6: supplied by +3.3V_RUN
 as3722-ldo7: supplied by +1.8V_VDDIO
+input: tegra-hda HDMI/DP,pcm=3 as /devices/soc0/70030000.hda/sound/card0/input1
 +1.05V_RUN_CAM_REAR: Bringing 0uV into 1050000-1050000uV
 as3722-ldo9: supplied by +5V_SYS
 +3.3V_RUN_TOUCH: Bringing 0uV into 2800000-2800000uV
@@ -382,8 +382,8 @@
 tegra-pcie 1003000.pcie: probing port 0, using 2 lanes
 tegra-pcie 1003000.pcie: Slot present pin change, signature: 00000008
 tegra-pcie 1003000.pcie: probing port 1, using 1 lanes
-tegra-pcie 1003000.pcie: Slot present pin change, signature: 00000000
 ata1: SATA link down (SStatus 0 SControl 300)
+tegra-pcie 1003000.pcie: Slot present pin change, signature: 00000000
 tegra-pcie 1003000.pcie: PCI host bridge to bus 0000:00
 pci_bus 0000:00: root bus resource [io  0x0000-0xffff]
 pci_bus 0000:00: root bus resource [mem 0x13000000-0x1fffffff]
@@ -446,7 +446,7 @@
 pcieport 0000:00:02.0: Signaling PME with IRQ 396
 r8169 Gigabit Ethernet driver 2.3LK-NAPI loaded
 r8169 0000:02:00.0: enabling device (0140 -> 0143)
-r8169 0000:02:00.0 eth0: RTL8168g/8111g at 0xbe2adea4, 00:04:4b:3a:d9:81, XID 0c000800 IRQ 397
+r8169 0000:02:00.0 eth0: RTL8168g/8111g at 0xb200675c, 00:04:4b:3a:d9:81, XID 0c000800 IRQ 397
 r8169 0000:02:00.0 eth0: jumbo features [frames: 9200 bytes, tx checksumming: ko]
 +1.05V_RUN_AVDD_HDMI_PLL: supplied by +1.05V_RUN
 [drm] Supports vblank timestamp caching Rev 2 (21.10.2013).
Diff for ./tegra124-nyan-big/tegra124-nyan-big/multi_v7_defconfig_log.txt
--- /tmp/fooa	2018-02-06 03:47:49.785019968 -0800
+++ /tmp/foob	2018-02-06 03:47:49.789019986 -0800
@@ -5,7 +5,7 @@
 TEGRA124
 Model: Acer Chromebook 13 CB5-311
 DRAM:  4 GiB
-:   Tegra SD/MMC: 0, Tegra SD/MMC: 1, Tegra SD/MMC: 2
+C:   Tegra SD/MMC: 0, Tegra SD/MMC: 1, Tegra SD/MMC: 2
 MMC init failed
 Using default environment
 
@@ -14,7 +14,7 @@
 Err:   serial
 Net:   Net Initialization Skipped
 No ethernet found.
-Hit any key to stop autoboot:  2  1  0 
+Hit any key to stop autoboot:  2  0 
 Tegra124 (Nyan-big) # 
 Tegra124 (Nyan-big) # usb start
 starting USB...
@@ -43,9 +43,9 @@
 	 #################################################################
 	 #################################################################
 	 #####################################
-	 3.3 MiB/s
+	 3.4 MiB/s
 done
-Bytes transferred = 8163840 (7c9200 hex)
+Bytes transferred = 8167936 (7ca200 hex)
 Tegra124 (Nyan-big) # tftpboot 0x83000000 tegra124-nyan-big.dtb
 Using asx0 device
 TFTP from server 192.168.100.1; our IP address is 192.168.100.104
@@ -56,7 +56,7 @@
 done
 Bytes transferred = 67482 (1079a hex)
 Tegra124 (Nyan-big) # bootz 0x82000000 - 0x83000000
-Kernel image @ 0x82000000 [ 0x000000 - 0x7c9200 ]
+Kernel image @ 0x82000000 [ 0x000000 - 0x7ca200 ]
 ## Flattened Device Tree blob at 83000000
    Booting using the fdt blob at 0x83000000
    Using Device Tree in place at 83000000, end 83013799
@@ -64,7 +64,7 @@
 Starting kernel ...
 
 Booting Linux on physical CPU 0x0
-Linux version 4.15.0-next-20180205-349066-ga352043b4094 (jonathanh@tamien) (gcc version 4.7.3 20130328 (prerelease) (crosstool-NG linaro-1.13.1-4.7-2013.04-20130415 - Linaro GCC 2013.04)) #1 SMP Tue Feb 6 03:16:18 PST 2018
+Linux version 4.15.0-next-20180206-349159-g417c85c22818 (jonathanh@tamien) (gcc version 4.7.3 20130328 (prerelease) (crosstool-NG linaro-1.13.1-4.7-2013.04-20130415 - Linaro GCC 2013.04)) #1 SMP Tue Feb 6 03:32:52 PST 2018
 CPU: ARMv7 Processor [413fc0f3] revision 3 (ARMv7), cr=10c5387d
 CPU: div instructions available: patching division code
 CPU: PIPT / VIPT nonaliasing data cache, PIPT instruction cache
@@ -360,17 +360,17 @@
 sdhci-tegra 700b0400.sdhci: Got WP GPIO
 mmc2: Unknown controller version (3). You may experience problems.
 mmc2: Invalid maximum block size, assuming 512 bytes
+mmc1: new high speed SDIO card at address 0001
 mmc2: SDHCI controller on 700b0400.sdhci [700b0400.sdhci] using ADMA
 tegra-sor 54540000.sor: failed to probe output: -517
 panel-simple panel: panel supply power not found, using dummy regulator
 input: gpio-keys as /devices/soc0/gpio-keys/input/input1
 tegra-sor 54540000.sor: failed to probe output: -517
 panel-simple panel: panel supply power not found, using dummy regulator
-as3722-rtc as3722-rtc: setting system clock to 2000-01-01 00:00:23 UTC (946684823)
+as3722-rtc as3722-rtc: setting system clock to 2000-01-01 00:16:08 UTC (946685768)
 +3.3V_AVDD_HDMI_AP_GATED: disabling
 +1.05V_RUN: disabling
 +1.8V_RUN_CAM: disabling
-mmc1: new high speed SDIO card at address 0001
 +3.3V_RUN_CAM: disabling
 +1.2V_RUN_CAM_FRONT: disabling
 +1.05V_RUN_CAM_REAR: disabling
@@ -389,17 +389,17 @@
 mmc2: new high speed SDHC card at address 0007
 mmcblk2: mmc2:0007 SD08G 7.42 GiB 
 GPT:Primary header alternate_lba != Alt. header my_lba
-EXT4-fs (mmcblk0p3): recovery complete
 GPT:3014591 != 15564799
-EXT4-fs (mmcblk0p3): mounted filesystem with ordered data mode. Opts: (null)
 GPT:Primary header thinks Alt. header is not at the end of the disk.
-VFS: Mounted root (ext4 filesystem) on device 179:3.
 GPT:3014591 != 15564799
 GPT: Use GNU Parted to correct GPT errors.
  mmcblk2: p1 p2 p3 p4 p5 p6 p7 p8 p9 p10 p11 p12
-devtmpfs: mounted
 tegra-sor 54540000.sor: failed to probe output: -517
 panel-simple panel: panel supply power not found, using dummy regulator
+EXT4-fs (mmcblk0p3): recovery complete
+EXT4-fs (mmcblk0p3): mounted filesystem with ordered data mode. Opts: (null)
+VFS: Mounted root (ext4 filesystem) on device 179:3.
+devtmpfs: mounted
 Freeing unused kernel memory: 2048K
 bash: cannot set terminal process group (-1): Inappropriate ioctl for device
 bash: no job control in this shell
Diff for ./tegra124-nyan-big/tegra124-nyan-big/tegra_defconfig_log.txt
--- /tmp/fooa	2018-02-06 03:47:49.797020024 -0800
+++ /tmp/foob	2018-02-06 03:47:49.797020024 -0800
@@ -5,7 +5,7 @@
 TEGRA124
 Model: Acer Chromebook 13 CB5-311
 DRAM:  4 GiB
-:   Tegra SD/MMC: 0, Tegra SD/MMC: 1, Tegra SD/MMC: 2
+C:   Tegra SD/MMC: 0, Tegra SD/MMC: 1, Tegra SD/MMC: 2
 MMC init failed
 Using default environment
 
@@ -41,20 +41,20 @@
 	 #################################################################
 	 #################################################################
 	 ##################################
-	 2.9 MiB/s
+	 3 MiB/s
 done
-Bytes transferred = 6222144 (5ef140 hex)
+Bytes transferred = 6222728 (5ef388 hex)
 Tegra124 (Nyan-big) # tftpboot 0x83000000 tegra124-nyan-big.dtb
 Using asx0 device
 TFTP from server 192.168.100.1; our IP address is 192.168.100.104
 Filename 'tegra124-nyan-big.dtb'.
 Load address: 0x83000000
 Loading: *#####
-	 3.1 MiB/s
+	 2.8 MiB/s
 done
 Bytes transferred = 67482 (1079a hex)
 Tegra124 (Nyan-big) # bootz 0x82000000 - 0x83000000
-Kernel image @ 0x82000000 [ 0x000000 - 0x5ef140 ]
+Kernel image @ 0x82000000 [ 0x000000 - 0x5ef388 ]
 ## Flattened Device Tree blob at 83000000
    Booting using the fdt blob at 0x83000000
    Using Device Tree in place at 83000000, end 83013799
@@ -62,7 +62,7 @@
 Starting kernel ...
 
 Booting Linux on physical CPU 0x0
-Linux version 4.15.0-next-20180205-29117-ga352043 (jonathanh@kaivo) (gcc version 4.7.3 20130328 (prerelease) (crosstool-NG linaro-1.13.1-4.7-2013.04-20130415 - Linaro GCC 2013.04)) #1 SMP PREEMPT Tue Feb 6 03:15:48 PST 2018
+Linux version 4.15.0-next-20180206-29210-g417c85c (jonathanh@kaivo) (gcc version 4.7.3 20130328 (prerelease) (crosstool-NG linaro-1.13.1-4.7-2013.04-20130415 - Linaro GCC 2013.04)) #1 SMP PREEMPT Tue Feb 6 03:32:23 PST 2018
 CPU: ARMv7 Processor [413fc0f3] revision 3 (ARMv7), cr=10c5387d
 CPU: div instructions available: patching division code
 CPU: PIPT / VIPT nonaliasing data cache, PIPT instruction cache
@@ -360,7 +360,7 @@
 input: gpio-keys as /devices/soc0/gpio-keys/input/input3
 tegra-sor 54540000.sor: failed to probe output: -517
 panel-simple panel: panel supply power not found, using dummy regulator
-as3722-rtc as3722-rtc: setting system clock to 2000-01-01 00:00:23 UTC (946684823)
+as3722-rtc as3722-rtc: setting system clock to 2000-01-01 00:14:12 UTC (946685652)
 cfg80211: Loading compiled-in X.509 certificates for regulatory database
 cfg80211: Loaded X.509 cert 'sforshee: 00b28ddf47aef9cea7'
 platform regulatory.0: Direct firmware load for regulatory.db failed with error -2
@@ -388,13 +388,12 @@
 GPT:Primary header thinks Alt. header is not at the end of the disk.
 GPT:3014591 != 15564799
 GPT: Use GNU Parted to correct GPT errors.
-tegra-sor 54540000.sor: failed to probe output: -517
  mmcblk2: p1 p2 p3 p4 p5 p6 p7 p8 p9 p10 p11 p12
+tegra-sor 54540000.sor: failed to probe output: -517
 panel-simple panel: panel supply power not found, using dummy regulator
 input: tegra-hda HDMI/DP,pcm=3 as /devices/soc0/70030000.hda/sound/card0/input4
 tegra-sor 54540000.sor: failed to probe output: -517
 EXT4-fs (mmcblk0p3): couldn't mount as ext3 due to feature incompatibilities
-panel-simple panel: panel supply power not found, using dummy regulator
 EXT4-fs (mmcblk0p3): recovery complete
 EXT4-fs (mmcblk0p3): mounted filesystem with ordered data mode. Opts: (null)
 VFS: Mounted root (ext4 filesystem) on device 179:3.
Diff for ./tegra124-nyan-big/tegra124-nyan-big/tegra_defconfig%tegra-fw_log.txt
--- /tmp/fooa	2018-02-06 03:47:49.805020061 -0800
+++ /tmp/foob	2018-02-06 03:47:49.809020079 -0800
@@ -5,7 +5,7 @@
 TEGRA124
 Model: Acer Chromebook 13 CB5-311
 DRAM:  4 GiB
-C:   Tegra SD/MMC: 0, Tegra SD/MMC: 1, Tegra SD/MMC: 2
+:   Tegra SD/MMC: 0, Tegra SD/MMC: 1, Tegra SD/MMC: 2
 MMC init failed
 Using default environment
 
@@ -40,21 +40,21 @@
 	 #################################################################
 	 #################################################################
 	 #################################################################
-	 ##############################################
+	 #############################################
 	 3.3 MiB/s
 done
-Bytes transferred = 6386656 (6173e0 hex)
+Bytes transferred = 6385768 (617068 hex)
 Tegra124 (Nyan-big) # tftpboot 0x83000000 tegra124-nyan-big.dtb
 Using asx0 device
 TFTP from server 192.168.100.1; our IP address is 192.168.100.104
 Filename 'tegra124-nyan-big.dtb'.
 Load address: 0x83000000
 Loading: *#####
-	 3.2 MiB/s
+	 3.4 MiB/s
 done
 Bytes transferred = 67482 (1079a hex)
 Tegra124 (Nyan-big) # bootz 0x82000000 - 0x83000000
-Kernel image @ 0x82000000 [ 0x000000 - 0x6173e0 ]
+Kernel image @ 0x82000000 [ 0x000000 - 0x617068 ]
 ## Flattened Device Tree blob at 83000000
    Booting using the fdt blob at 0x83000000
    Using Device Tree in place at 83000000, end 83013799
@@ -62,7 +62,7 @@
 Starting kernel ...
 
 Booting Linux on physical CPU 0x0
-Linux version 4.15.0-next-20180205-230825-ga352043 (jonathanh@sellafield) (gcc version 4.7.3 20130328 (prerelease) (crosstool-NG linaro-1.13.1-4.7-2013.04-20130415 - Linaro GCC 2013.04)) #1 SMP PREEMPT Tue Feb 6 03:15:57 PST 2018
+Linux version 4.15.0-next-20180206-230918-g417c85c (jonathanh@sellafield) (gcc version 4.7.3 20130328 (prerelease) (crosstool-NG linaro-1.13.1-4.7-2013.04-20130415 - Linaro GCC 2013.04)) #1 SMP PREEMPT Tue Feb 6 03:32:30 PST 2018
 CPU: ARMv7 Processor [413fc0f3] revision 3 (ARMv7), cr=10c5387d
 CPU: div instructions available: patching division code
 CPU: PIPT / VIPT nonaliasing data cache, PIPT instruction cache
@@ -368,7 +368,7 @@
 input: gpio-keys as /devices/soc0/gpio-keys/input/input3
 tegra-sor 54540000.sor: failed to probe output: -517
 panel-simple panel: panel supply power not found, using dummy regulator
-as3722-rtc as3722-rtc: setting system clock to 2000-01-01 00:00:23 UTC (946684823)
+as3722-rtc as3722-rtc: setting system clock to 2000-01-01 00:11:59 UTC (946685519)
 cfg80211: Loading compiled-in X.509 certificates for regulatory database
 cfg80211: Loaded X.509 cert 'sforshee: 00b28ddf47aef9cea7'
 platform regulatory.0: Direct firmware load for regulatory.db failed with error -2
@@ -387,18 +387,13 @@
 +5V_HDMI_CON: disabling
 ALSA device list:
   #1: GoogleNyanBig
-tegra-sor 54540000.sor: failed to probe output: -517
-panel-simple panel: panel supply power not found, using dummy regulator
 input: tegra-hda HDMI/DP,pcm=3 as /devices/soc0/70030000.hda/sound/card0/input4
 EXT4-fs (mmcblk0p3): couldn't mount as ext3 due to feature incompatibilities
+tegra-sor 54540000.sor: failed to probe output: -517
+panel-simple panel: panel supply power not found, using dummy regulator
 usb 1-2: new high-speed USB device number 2 using tegra-xusb
-EXT4-fs (mmcblk0p3): recovery complete
-EXT4-fs (mmcblk0p3): mounted filesystem with ordered data mode. Opts: (null)
-VFS: Mounted root (ext4 filesystem) on device 179:3.
 mmc2: new high speed SDHC card at address 0007
-devtmpfs: mounted
 mmcblk2: mmc2:0007 SD08G 7.42 GiB 
-Freeing unused kernel memory: 1024K
 GPT:Primary header alternate_lba != Alt. header my_lba
 GPT:3014591 != 15564799
 GPT:Primary header thinks Alt. header is not at the end of the disk.
@@ -407,9 +402,14 @@
  mmcblk2: p1 p2 p3 p4 p5 p6 p7 p8 p9 p10 p11 p12
 tegra-sor 54540000.sor: failed to probe output: -517
 panel-simple panel: panel supply power not found, using dummy regulator
+EXT4-fs (mmcblk0p3): recovery complete
+EXT4-fs (mmcblk0p3): mounted filesystem with ordered data mode. Opts: (null)
+VFS: Mounted root (ext4 filesystem) on device 179:3.
+devtmpfs: mounted
+Freeing unused kernel memory: 1024K
 bash: cannot set terminal process group (-1): Inappropriate ioctl for device
 bash: no job control in this shell
-root@(none):/# [    2.596957] alloc_contig_range: [fbc77, fbc78) PFNs busy
+root@(none):/# [    2.616828] alloc_contig_range: [fbc77, fbc78) PFNs busy
 alloc_contig_range: [fbc78, fbc79) PFNs busy
 alloc_contig_range: [fbc79, fbc7a) PFNs busy
 alloc_contig_range: [fbc7a, fbc7b) PFNs busy
Diff for ./tegra132-norrin/tegra132-norrin/defconfig_log.txt
Diff for ./tegra186-p2771-0000/tegra186-p2771-0000/defconfig%jetson-tx2_log.txt
Diff for ./tegra20-trimslice/tegra20-trimslice/multi_v7_defconfig_log.txt
--- /tmp/fooa	2018-02-06 03:47:49.817020118 -0800
+++ /tmp/foob	2018-02-06 03:47:49.821020136 -0800
@@ -19,7 +19,7 @@
 Out:   serial
 Err:   serial
 Net:   RTL8169#0
-Hit any key to stop autoboot:  2  0 
+Hit any key to stop autoboot:  2  1  0 
 Tegra20 (TrimSlice) # 
 Tegra20 (TrimSlice) # usb reset
 resetting USB...
@@ -48,9 +48,9 @@
 	 #################################################################
 	 #################################################################
 	 #####################################
-	 3.5 MiB/s
+	 4 MiB/s
 done
-Bytes transferred = 8163840 (7c9200 hex)
+Bytes transferred = 8167936 (7ca200 hex)
 Tegra20 (TrimSlice) # tftpboot 0x02408000 tegra20-trimslice.dtb
 Using RTL8169#0 device
 TFTP from server 192.168.100.1; our IP address is 192.168.100.103
@@ -61,7 +61,7 @@
 done
 Bytes transferred = 21686 (54b6 hex)
 Tegra20 (TrimSlice) # bootz 0x00408000 - 0x02408000
-Kernel image @ 0x408000 [ 0x000000 - 0x7c9200 ]
+Kernel image @ 0x408000 [ 0x000000 - 0x7ca200 ]
 ## Flattened Device Tree blob at 02408000
    Booting using the fdt blob at 0x2408000
    Using Device Tree in place at 02408000, end 024104b5
@@ -69,7 +69,7 @@
 Starting kernel ...
 
 Booting Linux on physical CPU 0x0
-Linux version 4.15.0-next-20180205-349066-ga352043b4094 (jonathanh@tamien) (gcc version 4.7.3 20130328 (prerelease) (crosstool-NG linaro-1.13.1-4.7-2013.04-20130415 - Linaro GCC 2013.04)) #1 SMP Tue Feb 6 03:16:18 PST 2018
+Linux version 4.15.0-next-20180206-349159-g417c85c22818 (jonathanh@tamien) (gcc version 4.7.3 20130328 (prerelease) (crosstool-NG linaro-1.13.1-4.7-2013.04-20130415 - Linaro GCC 2013.04)) #1 SMP Tue Feb 6 03:32:52 PST 2018
 CPU: ARMv7 Processor [411fc090] revision 0 (ARMv7), cr=10c5387d
 CPU: PIPT / VIPT nonaliasing data cache, VIPT aliasing instruction cache
 OF: fdt: Machine model: Compulab TrimSlice board
@@ -270,7 +270,7 @@
 igb: Copyright (c) 2007-2014 Intel Corporation.
 r8169 Gigabit Ethernet driver 2.3LK-NAPI loaded
 r8169 0000:01:00.0: enabling device (0140 -> 0143)
-r8169 0000:01:00.0 eth0: RTL8168d/8111d at 0x055637ac, 00:01:c0:13:7d:63, XID 081000c0 IRQ 299
+r8169 0000:01:00.0 eth0: RTL8168d/8111d at 0x6f871c3c, 00:01:c0:13:7d:63, XID 081000c0 IRQ 299
 r8169 0000:01:00.0 eth0: jumbo features [frames: 9200 bytes, tx checksumming: ko]
 pegasus: v0.9.3 (2013/04/25), Pegasus/Pegasus II USB Ethernet driver
 usbcore: registered new interface driver pegasus
Diff for ./tegra20-trimslice/tegra20-trimslice/tegra_defconfig_log.txt
--- /tmp/fooa	2018-02-06 03:47:49.825020155 -0800
+++ /tmp/foob	2018-02-06 03:47:49.829020173 -0800
@@ -46,9 +46,9 @@
 	 #################################################################
 	 #################################################################
 	 ##################################
-	 4 MiB/s
+	 4.1 MiB/s
 done
-Bytes transferred = 6222144 (5ef140 hex)
+Bytes transferred = 6222728 (5ef388 hex)
 Tegra20 (TrimSlice) # tftpboot 0x02408000 tegra20-trimslice.dtb
 Using RTL8169#0 device
 TFTP from server 192.168.100.1; our IP address is 192.168.100.103
@@ -59,7 +59,7 @@
 done
 Bytes transferred = 21686 (54b6 hex)
 Tegra20 (TrimSlice) # bootz 0x00408000 - 0x02408000
-Kernel image @ 0x408000 [ 0x000000 - 0x5ef140 ]
+Kernel image @ 0x408000 [ 0x000000 - 0x5ef388 ]
 ## Flattened Device Tree blob at 02408000
    Booting using the fdt blob at 0x2408000
    Using Device Tree in place at 02408000, end 024104b5
@@ -67,7 +67,7 @@
 Starting kernel ...
 
 Booting Linux on physical CPU 0x0
-Linux version 4.15.0-next-20180205-29117-ga352043 (jonathanh@kaivo) (gcc version 4.7.3 20130328 (prerelease) (crosstool-NG linaro-1.13.1-4.7-2013.04-20130415 - Linaro GCC 2013.04)) #1 SMP PREEMPT Tue Feb 6 03:15:48 PST 2018
+Linux version 4.15.0-next-20180206-29210-g417c85c (jonathanh@kaivo) (gcc version 4.7.3 20130328 (prerelease) (crosstool-NG linaro-1.13.1-4.7-2013.04-20130415 - Linaro GCC 2013.04)) #1 SMP PREEMPT Tue Feb 6 03:32:23 PST 2018
 CPU: ARMv7 Processor [411fc090] revision 0 (ARMv7), cr=10c5387d
 CPU: PIPT / VIPT nonaliasing data cache, VIPT aliasing instruction cache
 OF: fdt: Machine model: Compulab TrimSlice board
@@ -261,7 +261,7 @@
 igb: Copyright (c) 2007-2014 Intel Corporation.
 r8169 Gigabit Ethernet driver 2.3LK-NAPI loaded
 r8169 0000:01:00.0: enabling device (0140 -> 0143)
-r8169 0000:01:00.0 eth0: RTL8168d/8111d at 0x676d09d5, 00:01:c0:13:7d:63, XID 081000c0 IRQ 299
+r8169 0000:01:00.0 eth0: RTL8168d/8111d at 0xe8c343f5, 00:01:c0:13:7d:63, XID 081000c0 IRQ 299
 r8169 0000:01:00.0 eth0: jumbo features [frames: 9200 bytes, tx checksumming: ko]
 pegasus: v0.9.3 (2013/04/25), Pegasus/Pegasus II USB Ethernet driver
 usbcore: registered new interface driver pegasus
@@ -351,8 +351,8 @@
 platform regulatory.0: Direct firmware load for regulatory.db failed with error -2
 ALSA device list:
   #0: tegra-trimslice
-Waiting for root device PARTUUID=11eb23c1-01...
 cfg80211: failed to load regulatory.db
+Waiting for root device PARTUUID=11eb23c1-01...
 usb 1-1.2: new high-speed USB device number 3 using tegra-ehci
 mmc0: host does not support reading read-only switch, assuming write-enable
 mmc0: new high speed SDHC card at address b368
Diff for ./tegra210-p2371-0000/tegra210-p2371-0000/defconfig%jetson-tx1_log.txt
Diff for ./tegra210-p2371-0000/tegra210-p2371-0000/defconfig_log.txt
Diff for ./tegra210-p2371-2180/tegra210-p2371-2180/defconfig%jetson-tx1_log.txt
Diff for ./tegra210-smaug/tegra210-smaug/defconfig_log.txt
Diff for ./tegra30-beaver/tegra30-beaver/multi_v7_defconfig_log.txt
--- /tmp/fooa	2018-02-06 03:47:49.837020211 -0800
+++ /tmp/foob	2018-02-06 03:47:49.841020230 -0800
@@ -40,20 +40,20 @@
 	 #################################################################
 	 #################################################################
 	 #####################################
-	 3.1 MiB/s
+	 2.8 MiB/s
 done
-Bytes transferred = 8163840 (7c9200 hex)
+Bytes transferred = 8167936 (7ca200 hex)
 Tegra30 (Beaver) # tftpboot 0x82000000 tegra30-beaver.dtb
 Using asx0 device
 TFTP from server 192.168.100.1; our IP address is 192.168.100.101
 Filename 'tegra30-beaver.dtb'.
 Load address: 0x82000000
 Loading: *####
-	 2.7 MiB/s
+	 2.6 MiB/s
 done
 Bytes transferred = 51470 (c90e hex)
 Tegra30 (Beaver) # bootz 0x81000000 - 0x82000000
-Kernel image @ 0x81000000 [ 0x000000 - 0x7c9200 ]
+Kernel image @ 0x81000000 [ 0x000000 - 0x7ca200 ]
 ## Flattened Device Tree blob at 82000000
    Booting using the fdt blob at 0x82000000
    Loading Device Tree to 8fff0000, end 8ffff90d ... OK
@@ -61,7 +61,7 @@
 Starting kernel ...
 
 Booting Linux on physical CPU 0x0
-Linux version 4.15.0-next-20180205-349066-ga352043b4094 (jonathanh@tamien) (gcc version 4.7.3 20130328 (prerelease) (crosstool-NG linaro-1.13.1-4.7-2013.04-20130415 - Linaro GCC 2013.04)) #1 SMP Tue Feb 6 03:16:18 PST 2018
+Linux version 4.15.0-next-20180206-349159-g417c85c22818 (jonathanh@tamien) (gcc version 4.7.3 20130328 (prerelease) (crosstool-NG linaro-1.13.1-4.7-2013.04-20130415 - Linaro GCC 2013.04)) #1 SMP Tue Feb 6 03:32:52 PST 2018
 CPU: ARMv7 Processor [412fc099] revision 9 (ARMv7), cr=10c5387d
 CPU: PIPT / VIPT nonaliasing data cache, VIPT aliasing instruction cache
 OF: fdt: Machine model: NVIDIA Tegra30 Beaver evaluation board
@@ -314,21 +314,21 @@
 vdd_ddr: supplied by vdd_5v_in
 vdd_5v_sata: supplied by vdd_5v_in
 usb1_vbus: supplied by vdd_5v_in
-mmc1: new high speed MMC card at address 0001
 usb3_vbus: supplied by vdd_5v_in
-mmcblk1: mmc1:0001 SEM16G 14.8 GiB 
 sys_3v3,vdd_3v3_alw: supplied by vdd_5v_in
-mmcblk1boot0: mmc1:0001 SEM16G partition 1 1.00 MiB
 sys_3v3_pexs: supplied by sys_3v3,vdd_3v3_alw
-mmcblk1boot1: mmc1:0001 SEM16G partition 2 1.00 MiB
+mmc0: new ultra high speed DDR50 SDHC card at address aaaa
 +VDD_5V_HDMI: supplied by sys_3v3,vdd_3v3_alw
-mmcblk1rpmb: mmc1:0001 SEM16G partition 3 128 KiB, chardev (236:0)
+mmcblk0: mmc0:aaaa SS04G 3.69 GiB 
 tegra-pcie 3000.pcie: 2x3 configuration
-Primary GPT is invalid, using alternate GPT.
+mmc1: new high speed MMC card at address 0001
+mmcblk1: mmc1:0001 SEM16G 14.8 GiB 
 tegra-pcie 3000.pcie: probing port 0, using 2 lanes
+mmcblk1boot0: mmc1:0001 SEM16G partition 1 1.00 MiB
+mmcblk1boot1: mmc1:0001 SEM16G partition 2 1.00 MiB
+mmcblk1rpmb: mmc1:0001 SEM16G partition 3 128 KiB, chardev (236:0)
+Primary GPT is invalid, using alternate GPT.
  mmcblk1: p1 p2 p3 p4 p5
-mmc0: new ultra high speed DDR50 SDHC card at address aaaa
-mmcblk0: mmc0:aaaa SS04G 3.69 GiB 
  mmcblk0: p1 p2 p3
 tegra-pcie 3000.pcie: probing port 2, using 2 lanes
 tegra-pcie 3000.pcie: link 2 down, retrying
@@ -376,7 +376,7 @@
 pcieport 0000:00:01.0: Signaling PME with IRQ 375
 r8169 Gigabit Ethernet driver 2.3LK-NAPI loaded
 r8169 0000:01:00.0: enabling device (0140 -> 0143)
-r8169 0000:01:00.0 eth0: RTL8168evl/8111evl at 0xce1a030b, 02:04:4b:01:60:a6, XID 0c900800 IRQ 376
+r8169 0000:01:00.0 eth0: RTL8168evl/8111evl at 0x46d596b8, 02:04:4b:01:60:a6, XID 0c900800 IRQ 376
 r8169 0000:01:00.0 eth0: jumbo features [frames: 9200 bytes, tx checksumming: ko]
 [drm] Supports vblank timestamp caching Rev 2 (21.10.2013).
 [drm] No driver support for vblank timestamp query.
@@ -402,10 +402,10 @@
 EXT4-fs (mmcblk1p1): warning: mounting fs with errors, running e2fsck is recommended
 EXT4-fs (mmcblk1p1): recovery complete
 EXT4-fs (mmcblk1p1): mounted filesystem with ordered data mode. Opts: (null)
-VFS: Mounted root (ext3 filesystem) on device 179:1.
+VFS: Mounted root (ext3 filesystem) on device 179:17.
 devtmpfs: mounted
 Freeing unused kernel memory: 2048K
 bash: cannot set terminal process group (-1): Inappropriate ioctl for device
 bash: no job control in this shell
-root@(none):/# [    4.124066] usb 2-1: new high-speed USB device number 2 using tegra-ehci
+root@(none):/# [    4.094049] usb 2-1: new high-speed USB device number 2 using tegra-ehci
 asix 2-1:1.0 eth1: register 'asix' at usb-7d008000.usb-1, ASIX AX88772 USB 2.0 Ethernet, 00:50:b6:0f:67:60
Diff for ./tegra30-beaver/tegra30-beaver/tegra_defconfig_log.txt
--- /tmp/fooa	2018-02-06 03:47:49.849020267 -0800
+++ /tmp/foob	2018-02-06 03:47:49.849020267 -0800
@@ -27,7 +27,6 @@
 Tegra30 (Beaver) # setenv bootargs 'ignore_loglevel console=ttyS0,115200n8 rw root=PARTUUID=edbe1840-3633-c751-7993-b0ac834f81e0 rootwait gpt debug noinitrd earlyprintk init=/bin/bash'
 Tegra30 (Beaver) # setenv ipaddr 192.168.100.101; setenv serverip 192.168.100.1; setenv tftpserverip 192.168.100.1
 Tegra30 (Beaver) # tftpboot 0x81000000 zImage.tegra_defconfig
-Waiting for Ethernet connection... done.
 Using asx0 device
 TFTP from server 192.168.100.1; our IP address is 192.168.100.101
 Filename 'zImage.tegra_defconfig'.
@@ -41,7 +40,7 @@
 	 ##################################
 	 2.9 MiB/s
 done
-Bytes transferred = 6222144 (5ef140 hex)
+Bytes transferred = 6222728 (5ef388 hex)
 Tegra30 (Beaver) # tftpboot 0x82000000 tegra30-beaver.dtb
 Using asx0 device
 TFTP from server 192.168.100.1; our IP address is 192.168.100.101
@@ -52,7 +51,7 @@
 done
 Bytes transferred = 51470 (c90e hex)
 Tegra30 (Beaver) # bootz 0x81000000 - 0x82000000
-Kernel image @ 0x81000000 [ 0x000000 - 0x5ef140 ]
+Kernel image @ 0x81000000 [ 0x000000 - 0x5ef388 ]
 ## Flattened Device Tree blob at 82000000
    Booting using the fdt blob at 0x82000000
    Loading Device Tree to 8fff0000, end 8ffff90d ... OK
@@ -60,7 +59,7 @@
 Starting kernel ...
 
 Booting Linux on physical CPU 0x0
-Linux version 4.15.0-next-20180205-29117-ga352043 (jonathanh@kaivo) (gcc version 4.7.3 20130328 (prerelease) (crosstool-NG linaro-1.13.1-4.7-2013.04-20130415 - Linaro GCC 2013.04)) #1 SMP PREEMPT Tue Feb 6 03:15:48 PST 2018
+Linux version 4.15.0-next-20180206-29210-g417c85c (jonathanh@kaivo) (gcc version 4.7.3 20130328 (prerelease) (crosstool-NG linaro-1.13.1-4.7-2013.04-20130415 - Linaro GCC 2013.04)) #1 SMP PREEMPT Tue Feb 6 03:32:23 PST 2018
 CPU: ARMv7 Processor [412fc099] revision 9 (ARMv7), cr=10c5387d
 CPU: PIPT / VIPT nonaliasing data cache, VIPT aliasing instruction cache
 OF: fdt: Machine model: NVIDIA Tegra30 Beaver evaluation board
@@ -367,7 +366,7 @@
 pcieport 0000:00:01.0: Signaling PME with IRQ 375
 r8169 Gigabit Ethernet driver 2.3LK-NAPI loaded
 r8169 0000:01:00.0: enabling device (0140 -> 0143)
-r8169 0000:01:00.0 eth0: RTL8168evl/8111evl at 0x42726150, 02:04:4b:01:60:a6, XID 0c900800 IRQ 376
+r8169 0000:01:00.0 eth0: RTL8168evl/8111evl at 0x3cea5994, 02:04:4b:01:60:a6, XID 0c900800 IRQ 376
 r8169 0000:01:00.0 eth0: jumbo features [frames: 9200 bytes, tx checksumming: ko]
 [drm] Supports vblank timestamp caching Rev 2 (21.10.2013).
 [drm] No driver support for vblank timestamp query.
@@ -404,4 +403,4 @@
 Freeing unused kernel memory: 1024K
 bash: cannot set terminal process group (-1): Inappropriate ioctl for device
 bash: no job control in this shell
-root@(none):/# [    4.388642] usb 2-1: new high-speed USB device number 2 using tegra-ehci
+root@(none):/# [    4.378646] usb 2-1: new high-speed USB device number 2 using tegra-ehci
