
U-Boot SPL 2013.04-rc2-06423-gf2e8a87-dirty (May 15 2013 - 09:45:39)


U-Boot 2013.04-rc2-06423-gf2e8a87-dirty (May 15 2013 - 09:45:39)

TEGRA30
Board: NVIDIA Beaver
DRAM:  2 GiB
MMC:   Tegra SD/MMC: 0, Tegra SD/MMC: 1
*** Warning - bad CRC, using default environment

In:    serial
Out:   serial
Err:   serial
Hit any key to stop autoboot:  2  0 
Tegra30 (Beaver) # 
Tegra30 (Beaver) # setenv bootargs 'console=ttyS0,230400n8 noinitrd root=/dev/mmcblk0p1 rw rootwait gpt ignore_loglevel debug'
Tegra30 (Beaver) # loady 0x81000000
## Ready for binary (ymodem) download to 0x81000000 at 230400 bps...
CSending: zImage
Sending: 

Transfer complete
xyzModem - CRC mode, 4(SOH)/4384(STX)/0(CAN) packets, 3 retries
## Total Size      = 0x00448098 = 4489368 Bytes
Tegra30 (Beaver) # loady 0x82000000
## Ready for binary (ymodem) download to 0x82000000 at 230400 bps...
CSending: tegra30-beaver.dtb
Sending: 

Transfer complete
yzModem - CRC mode, 6(SOH)/20(STX)/0(CAN) packets, 3 retries
## Total Size      = 0x000051a8 = 20904 Bytes
Tegra30 (Beaver) # bootz 0x81000000 - 0x82000000
## Flattened Device Tree blob at 82000000
   Booting using the fdt blob at 0x82000000
   Loading Device Tree to 8fff7000, end 8ffff1a7 ... OK

Starting kernel .ø†ø†æ€˜€æ€˜€fæžÎžæžøÎxÎøÎžøž~8˜†žøžf†ø†ø†8xþžøžf†8àÎžþž`Îžøž~8~€žf8æÎxžfžø†æ€˜€[    0.000000] Booting Linux on physical CPU 0x0
[    0.000000] Initializing cgroup subsys cpu
[    0.000000] Initializing cgroup subsys cpuacct
[    0.000000] Linux version 3.11.0-next-20130916-12282-gade7b66 (pwalmsley@tamien) (gcc version 4.5.1 (Sourcery G++ Lite 2010.09-50) ) #1 SMP PREEMPT Sun Sep 15 20:48:11 PDT 2013
[    0.000000] CPU: ARMv7 Processor [412fc099] revision 9 (ARMv7), cr=10c5387d
[    0.000000] CPU: PIPT / VIPT nonaliasing data cache, VIPT aliasing instruction cache
[    0.000000] Machine: NVIDIA Tegra SoC (Flattened Device Tree), model: NVIDIA Tegra30 Beaver evaluation board
[    0.000000] debug: ignoring loglevel setting.
[    0.000000] cma: CMA: reserved 16 MiB at ae800000
[    0.000000] Memory policy: ECC disabled, Data cache writealloc
[    0.000000] On node 0 totalpages: 524032
[    0.000000] free_area_init_node: node 0, pgdat c0850fc0, node_mem_map c08a9000
[    0.000000]   Normal zone: 1520 pages used for memmap
[    0.000000]   Normal zone: 0 pages reserved
[    0.000000]   Normal zone: 194560 pages, LIFO batch:31
[    0.000000]   HighMem zone: 2574 pages used for memmap
[    0.000000]   HighMem zone: 329472 pages, LIFO batch:31
[    0.000000] fuse_speedo_calib: ATE prog ver 3.3
[    0.000000] Tegra30: CPU Speedo ID 5, Soc Speedo ID 2
[    0.000000] Tegra Revision: A03 SKU: 128 CPU Process: 4 Core Process: 0
[    0.000000] L310 cache controller enabled
[    0.000000] l2x0: 8 ways, CACHE_ID 0x410000c7, AUX_CTRL 0x7e480001, Cache size: 1024 kB
[    0.000000] PERCPU: Embedded 8 pages/cpu @c18bc000 s9088 r8192 d15488 u32768
[    0.000000] pcpu-alloc: s9088 r8192 d15488 u32768 alloc=8*4096
[    0.000000] pcpu-alloc: [0] 0 [0] 1 [0] 2 [0] 3 
[    0.000000] Built 1 zonelists in Zone order, mobility grouping on.  Total pages: 522512
[    0.000000] Kernel command line: console=ttyS0,230400n8 noinitrd root=/dev/mmcblk0p1 rw rootwait gpt ignore_loglevel debug
[    0.000000] PID hash table entries: 4096 (order: 2, 16384 bytes)
[    0.000000] Dentry cache hash table entries: 131072 (order: 7, 524288 bytes)
[    0.000000] Inode-cache hash table entries: 65536 (order: 6, 262144 bytes)
[    0.000000] Memory: 2053416K/2096128K available (6116K kernel code, 305K rwdata, 1820K rodata, 236K init, 343K bss, 42712K reserved, 1317888K highmem)
[    0.000000] Virtual kernel memory layout:
[    0.000000]     vector  : 0xffff0000 - 0xffff1000   (   4 kB)
[    0.000000]     fixmap  : 0xfff00000 - 0xfffe0000   ( 896 kB)
[    0.000000]     vmalloc : 0xf0000000 - 0xff000000   ( 240 MB)
[    0.000000]     lowmem  : 0xc0000000 - 0xef800000   ( 760 MB)
[    0.000000]     pkmap   : 0xbfe00000 - 0xc0000000   (   2 MB)
[    0.000000]     modules : 0xbf000000 - 0xbfe00000   (  14 MB)
[    0.000000]       .text : 0xc0008000 - 0xc07c8558   (7938 kB)
[    0.000000]       .init : 0xc07c9000 - 0xc0804380   ( 237 kB)
[    0.000000]       .data : 0xc0806000 - 0xc0852600   ( 306 kB)
[    0.000000]        .bss : 0xc085260c - 0xc08a841c   ( 344 kB)
[    0.000000] Preemptible hierarchical RCU implementation.
[    0.000000] NR_IRQS:16 nr_irqs:16 16
[    0.000000] sched_clock: 32 bits at 1MHz, resolution 1000ns, wraps every 4294967ms
[    0.000000] Console: colour dummy device 80x30
[    0.000564] Calibrating delay loop... 2793.47 BogoMIPS (lpj=13967360)
[    0.059934] pid_max: default: 32768 minimum: 301
[    0.060268] Mount-cache hash table entries: 512
[    0.069536] Initializing cgroup subsys debug
[    0.069553] Initializing cgroup subsys freezer
[    0.069612] CPU: Testing write buffer coherency: ok
[    0.070024] CPU0: thread -1, cpu 0, socket 0, mpidr 80000000
[    0.070072] Setting up static identity map for 0xc05d11e8 - 0xc05d1280
[    0.131247] CPU1: Booted secondary processor
[    0.189975] CPU1: thread -1, cpu 1, socket 0, mpidr 80000001
[    0.211197] CPU2: Booted secondary processor
[    0.269975] CPU2: thread -1, cpu 2, socket 0, mpidr 80000002
[    0.291217] CPU3: Booted secondary processor
[    0.349975] CPU3: thread -1, cpu 3, socket 0, mpidr 80000003
[    0.350047] Brought up 4 CPUs
[    0.350063] SMP: Total of 4 processors activated.
[    0.350069] CPU: All CPU(s) started in SVC mode.
[    0.350840] devtmpfs: initialized
[    0.360647] VFP support v0.3: implementor 41 architecture 3 part 30 variant 9 rev 4
[    0.360923] pinctrl core: initialized pinctrl subsystem
[    0.361324] regulator-dummy: no parameters
[    0.364096] NET: Registered protocol family 16
[    0.366556] DMA: preallocated 256 KiB pool for atomic coherent allocations
[    0.367152] cpuidle: using governor ladder
[    0.367158] cpuidle: using governor menu
[    0.374697] No ATAGs?
[    0.374720] hw-breakpoint: found 5 (+1 reserved) breakpoint and 1 watchpoint registers.
[    0.374727] hw-breakpoint: maximum watchpoint size is 4 bytes.
[    0.383632] bio: create slab <bio-0> at 0
[    0.384679] vdd_5v_in: 5000 mV 
[    0.384794] platform 1.regulator: Driver reg-fixed-voltage requests probe deferral
[    0.384833] platform 2.regulator: Driver reg-fixed-voltage requests probe deferral
[    0.384978] vdd_5v_sata: 5000 mV 
[    0.385005] vdd_5v_sata: supplied by vdd_5v_in
[    0.385237] usb1_vbus: 5000 mV 
[    0.385258] usb1_vbus: supplied by vdd_5v_in
[    0.385442] usb3_vbus: 5000 mV 
[    0.385463] usb3_vbus: supplied by vdd_5v_in
[    0.385566] platform 6.regulator: Driver reg-fixed-voltage requests probe deferral
[    0.385708] sys_3v3_pexs: 3300 mV 
[    0.385733] reg-fixed-voltage 7.regulator: Failed to find supply vin
[    0.385822] reg-fixed-voltage 7.regulator: Failed to register regulator: -517
[    0.385835] platform 7.regulator: Driver reg-fixed-voltage requests probe deferral
[    0.386595] vgaarb: loaded
[    0.387403] SCSI subsystem initialized
[    0.387716] usbcore: registered new interface driver usbfs
[    0.387781] usbcore: registered new interface driver hub
[    0.387919] usbcore: registered new device driver usb
[    0.391332] tps62361-vout: 500 <--> 1500 mV at 1160 mV 
[    0.391692] tps65910 4-002d: VMBCH-Threshold not specified
[    0.391700] tps65910 4-002d: VMBCH2-Threshold not specified
[    0.396990] vdd_1v8_gen: 1800 mV 
[    0.397033] vdd_1v8_gen: supplied by vdd_5v_in
[    0.400181] vddio_ddr_1v2: 1200 mV 
[    0.400676] vddio_ddr_1v2: supplied by vdd_5v_in
[    0.404030] vdd_1v5_gen: 1500 mV 
[    0.404061] vdd_1v5_gen: supplied by vdd_5v_in
[    0.407438] vdd_cpu,vdd_sys: 1000 mV 
[    0.409869] vdd_pexa,vdd_pexb: 1050 mV 
[    0.409901] vdd_pexa,vdd_pexb: supplied by vdd_1v5_gen
[    0.412717] vdd_sata,avdd_plle: 1050 mV 
[    0.412749] vdd_sata,avdd_plle: supplied by vdd_1v5_gen
[    0.415201] vdd_rtc: 1200 mV 
[    0.415249] vdd_rtc: supplied by vdd_5v_in
[    0.417699] vddio_sdmmc,avdd_vdac: 3300 mV 
[    0.417732] vddio_sdmmc,avdd_vdac: supplied by vdd_5v_in
[    0.420511] avdd_dsi_csi,pwrdet_mipi: 1200 mV 
[    0.420556] avdd_dsi_csi,pwrdet_mipi: supplied by vdd_1v8_gen
[    0.423008] vdd_pllm,x,u,a_p_c_s: 1200 mV 
[    0.423039] vdd_pllm,x,u,a_p_c_s: supplied by vdd_1v8_gen
[    0.425809] vdd_ddr_hs: 1000 mV 
[    0.425854] vdd_ddr_hs: supplied by vdd_1v8_gen
[    0.426196] Linux video capture interface: v2.00
[    0.426756] platform 7000f010.iommu: Driver tegra-smmu requests probe deferral
[    0.426967] Advanced Linux Sound Architecture Driver Initialized.
[    0.427560] Bluetooth: Core ver 2.16
[    0.427633] NET: Registered protocol family 31
[    0.427637] Bluetooth: HCI device and connection manager initialized
[    0.427656] Bluetooth: HCI socket layer initialized
[    0.427671] Bluetooth: L2CAP socket layer initialized
[    0.427707] Bluetooth: SCO socket layer initialized
[    0.428188] cfg80211: Calling CRDA to update world regulatory domain
[    0.428926] Switched to clocksource timer_us
[    0.438294] NET: Registered protocol family 2
[    0.438998] TCP established hash table entries: 8192 (order: 4, 65536 bytes)
[    0.439087] TCP bind hash table entries: 8192 (order: 4, 65536 bytes)
[    0.439159] TCP: Hash tables configured (established 8192 bind 8192)
[    0.439616] TCP: reno registered
[    0.439629] UDP hash table entries: 512 (order: 2, 16384 bytes)
[    0.439689] UDP-Lite hash table entries: 512 (order: 2, 16384 bytes)
[    0.440056] NET: Registered protocol family 1
[    0.440674] RPC: Registered named UNIX socket transport module.
[    0.440681] RPC: Registered udp transport module.
[    0.440685] RPC: Registered tcp transport module.
[    0.440689] RPC: Registered tcp NFSv4.1 backchannel transport module.
[    0.440699] PCI: CLS 0 bytes, default 64
[    0.441623] hw perfevents: enabled with ARMv7 Cortex-A9 PMU driver, 7 counters available
[    0.443964] bounce pool size: 64 pages
[    0.445105] squashfs: version 4.0 (2009/01/31) Phillip Lougher
[    0.445744] msgmni has been set to 1468
[    0.446839] io scheduler noop registered (default)
[    0.447548] platform 3000.pcie-controller: Driver tegra-pcie requests probe deferral
[    0.451212] tegra-apbdma 6000a000.dma: Tegra20 APB DMA driver register 32 channels
[    0.451620] Serial: 8250/16550 driver, 4 ports, IRQ sharing disabled
[    0.452922] 70006000.serial: ttyS0 at MMIO 0x70006000 (irq = 68, base_baud = 25500000) is a Tegra
[    0.860301] console [ttyS0] enabled
[    0.862685] [drm] Initialized drm 1.1.0 20060810
[    0.866161] tegra-hdmi 54280000.hdmi: failed to get VDD regulator
[    0.869245] platform 54280000.hdmi: Driver tegra-hdmi requests probe deferral
[    0.876351] loop: module loaded
[    0.880558] m25p80 spi32766.1: w25q32 (4096 Kbytes)
[    0.884126] pegasus: v0.9.3 (2013/04/25), Pegasus/Pegasus II USB Ethernet driver
[    0.887902] usbcore: registered new interface driver pegasus
[    0.890821] usbcore: registered new interface driver asix
[    0.893597] usbcore: registered new interface driver ax88179_178a
[    0.896700] usbcore: registered new interface driver cdc_ether
[    0.899685] usbcore: registered new interface driver r815x
[    0.902498] usbcore: registered new interface driver smsc75xx
[    0.905439] usbcore: registered new interface driver smsc95xx
[    0.908366] usbcore: registered new interface driver net1080
[    0.911279] usbcore: registered new interface driver cdc_subset
[    0.914295] usbcore: registered new interface driver zaurus
[    0.917165] usbcore: registered new interface driver cdc_ncm
[    0.920048] ehci_hcd: USB 2.0 'Enhanced' Host Controller (EHCI) Driver
[    0.923322] ehci-pci: EHCI PCI platform driver
[    0.925602] tegra-ehci: Tegra EHCI driver
[    0.927773] platform 7d008000.usb: Driver tegra-ehci requests probe deferral
[    0.931513] usbcore: registered new interface driver cdc_acm
[    0.934350] cdc_acm: USB Abstract Control Model driver for USB modems and ISDN adapters
[    0.938424] usbcore: registered new interface driver cdc_wdm
[    0.941334] usbcore: registered new interface driver usb-storage
[    0.945961] mousedev: PS/2 mouse device common for all mice
[    0.949772] tegra_rtc 7000e000.rtc: rtc core: registered 7000e000.rtc as rtc0
[    0.953377] tegra_rtc 7000e000.rtc: Tegra internal Real Time Clock
[    0.969343] tps65910-rtc tps65910-rtc: rtc core: registered tps65910-rtc as rtc1
[    0.974339] sdhci: Secure Digital Host Controller Interface driver
[    0.977438] sdhci: Copyright(c) Pierre Ossman
[    0.979640] sdhci-pltfm: SDHCI platform and OF driver helper
[    0.982818] sdhci-tegra 78000000.sdhci: Got CD GPIO #69.
[    0.985496] sdhci-tegra 78000000.sdhci: Got WP GPIO #155.
[    0.989268] mmc0: no vqmmc regulator found
[    0.991324] mmc0: no vmmc regulator found
[    0.993335] mmc0: Invalid maximum block size, assuming 512 bytes
[    1.038938] mmc0: SDHCI controller on 78000000.sdhci [78000000.sdhci] using ADMA
[    1.043750] mmc1: no vqmmc regulator found
[    1.045807] mmc1: no vmmc regulator found
[    1.047817] mmc1: Invalid maximum block size, assuming 512 bytes
[    1.088936] mmc1: SDHCI controller on 78000600.sdhci [78000600.sdhci] using ADMA
[    1.095416] usbcore: registered new interface driver usbhid
[    1.100255] usbhid: USB HID core driver
[    1.247336] mmc1: new high speed MMC card at address 0001
[    1.250497] mmcblk0: mmc1:0001 SEM16G 14.8 GiB 
[    1.253019] mmcblk0boot0: mmc1:0001 SEM16G partition 1 1.00 MiB
[    1.256212] mmcblk0boot1: mmc1:0001 SEM16G partition 2 1.00 MiB
[    1.259415] mmcblk0rpmb: mmc1:0001 SEM16G partition 3 128 KiB
[    1.266426] Primary GPT is invalid, using alternate GPT.
[    1.269127]  mmcblk0: p1 p2 p3 p4 p5
[    1.275077]  mmcblk0boot1: unknown partition table
[    1.280448]  mmcblk0boot0: unknown partition table
[    1.527711] tegra-snd-rt5640 sound.4:  rt5640-aif1 <-> 70080400.i2s mapping ok
[    1.534372] input: NVIDIA Tegra Beaver Headphones as /devices/soc0/sound.4/sound/card0/input0
[    1.539870] TCP: cubic registered
[    1.541724] NET: Registered protocol family 10
[    1.545006] mip6: Mobile IPv6
[    1.546499] sit: IPv6 over IPv4 tunneling driver
[    1.549987] NET: Registered protocol family 17
[    1.552248] NET: Registered protocol family 15
[    1.554639] Bluetooth: RFCOMM socket layer initialized
[    1.557219] Bluetooth: RFCOMM ver 1.11
[    1.559116] Bluetooth: BNEP (Ethernet Emulation) ver 1.3
[    1.561793] Bluetooth: BNEP socket layer initialized
[    1.564282] Bluetooth: HIDP (Human Interface Emulation) ver 1.2
[    1.567260] Bluetooth: HIDP socket layer initialized
[    1.570209] Registering SWP/SWPB emulation handler
[    1.573144] vdd_sata,avdd_plle: disabling
[    1.576839] chargepump_5v: 5000 mV 
[    1.580118] vdd_ddr: 1500 mV 
[    1.581642] vdd_ddr: supplied by vdd_5v_in
[    1.584910] sys_3v3,vdd_3v3_alw: 3300 mV 
[    1.586943] sys_3v3,vdd_3v3_alw: supplied by vdd_5v_in
[    1.589756] sys_3v3_pexs: 3300 mV 
[    1.591480] sys_3v3_pexs: supplied by sys_3v3,vdd_3v3_alw
[    1.594624] tegra-pcie 3000.pcie-controller: 2x3 configuration
[    1.601890] tegra-pcie 3000.pcie-controller: probing port 0, using 2 lanes
[    1.659639] tegra-pcie 3000.pcie-controller: probing port 2, using 2 lanes
[    2.067253] tegra-pcie 3000.pcie-controller: link 2 down, retrying
[    2.474649] tegra-pcie 3000.pcie-controller: link 2 down, retrying
[    2.881899] tegra-pcie 3000.pcie-controller: link 2 down, retrying
[    2.887014] tegra-pcie 3000.pcie-controller: link 2 down, ignoring
[    2.890307] tegra-pcie 3000.pcie-controller: PCI host bridge to bus 0000:00
[    2.893805] pci_bus 0000:00: root bus resource [mem 0x20000000-0x27ffffff]
[    2.897255] pci_bus 0000:00: root bus resource [mem 0x28000000-0x3fffffff pref]
[    2.900938] pci_bus 0000:00: root bus resource [bus 00-ff]
[    2.903691] pci_bus 0000:00: root bus resource [io  0x1000-0xffff]
[    2.906828] pci 0000:00:01.0: [10de:0e1c] type 01 class 0x060400
[    2.909901] pci 0000:00:01.0: PME# supported from D0 D1 D2 D3hot D3cold
[    2.913403] PCI: bus0: Fast back to back transfers disabled
[    2.916202] pci 0000:00:01.0: bridge configuration invalid ([bus 00-00]), reconfiguring
[    2.920386] pci 0000:01:00.0: [10ec:8168] type 00 class 0x020000
[    2.923420] pci 0000:01:00.0: reg 0x10: [io  0x0000-0x00ff]
[    2.926228] pci 0000:01:00.0: reg 0x18: [mem 0x00000000-0x00000fff 64bit pref]
[    2.929870] pci 0000:01:00.0: reg 0x20: [mem 0x00000000-0x00003fff 64bit pref]
[    2.933539] pci 0000:01:00.0: supports D1 D2
[    2.935682] pci 0000:01:00.0: PME# supported from D0 D1 D2 D3hot D3cold
[    2.958950] PCI: bus1: Fast back to back transfers disabled
[    2.961751] pci_bus 0000:01: busn_res: [bus 01-ff] end is updated to 01
[    2.965108] pci 0000:00:01.0: BAR 9: assigned [mem 0x28000000-0x280fffff 64bit pref]
[    2.969005] pci 0000:00:01.0: BAR 7: assigned [io  0x1000-0x1fff]
[    2.972069] pci 0000:01:00.0: BAR 4: assigned [mem 0x28000000-0x28003fff 64bit pref]
[    2.975962] pci 0000:01:00.0: BAR 2: assigned [mem 0x28004000-0x28004fff 64bit pref]
[    2.979862] pci 0000:01:00.0: BAR 0: assigned [io  0x1000-0x10ff]
[    2.982923] pci 0000:00:01.0: PCI bridge to [bus 01]
[    2.985415] pci 0000:00:01.0:   bridge window [io  0x1000-0x1fff]
[    2.988474] pci 0000:00:01.0:   bridge window [mem 0x28000000-0x280fffff 64bit pref]
[    2.992379] pci 0000:00:01.0: nv_msi_ht_cap_quirk didn't locate host bridge
[    2.996054] r8169 Gigabit Ethernet driver 2.3LK-NAPI loaded
[    2.998900] PCI: enabling device 0000:01:00.0 (0140 -> 0143)
[    3.002564] r8169 0000:01:00.0 eth0: RTL8168evl/8111evl at 0xf0022000, 02:04:4b:01:60:a6, XID 0c900800 IRQ 472
[    3.007582] r8169 0000:01:00.0 eth0: jumbo features [frames: 9200 bytes, tx checksumming: ko]
[    3.014090] [drm] Supports vblank timestamp caching Rev 1 (10.10.2010).
[    3.017410] [drm] No driver support for vblank timestamp query.
[    3.020580] tegra-host1x 50000000.host1x: No connectors reported connected with modes
[    3.024517] [drm] Cannot find any crtc or sizes - going 1024x768
[    3.042264] Console: switching to colour frame buffer device 128x48
[    3.051466] tegra-host1x 50000000.host1x: fb0:  frame buffer device
[    3.054611] tegra-host1x 50000000.host1x: registered panic notifier
[    3.057761] [drm] Initialized tegra 0.0.0 20120330 on minor 0
[    3.063747] utmi_phy_clk_enable: timeout waiting for phy to stabilize
[    3.066982] tegra-ehci 7d008000.usb: EHCI Host Controller
[    3.069728] tegra-ehci 7d008000.usb: new USB bus registered, assigned bus number 1
[    3.073871] tegra-ehci 7d008000.usb: irq 129, io mem 0x7d008000
[    3.088942] tegra-ehci 7d008000.usb: USB 2.0 started, EHCI 1.00
[    3.092495] hub 1-0:1.0: USB hub found
[    3.094405] hub 1-0:1.0: 1 port detected
[    3.097352] tegra_rtc 7000e000.rtc: setting system clock to 1970-01-01 00:03:50 UTC (230)
[    3.101710] ALSA device list:
[    3.103200]   #0: NVIDIA Tegra Beaver
[    3.276737] kjournald starting.  Commit interval 5 seconds
[    3.278427] EXT3-fs (mmcblk0p1): using internal journal
[    3.279917] EXT3-fs (mmcblk0p1): recovery complete
[    3.279920] EXT3-fs (mmcblk0p1): mounted filesystem with writeback data mode
[    3.279996] VFS: Mounted root (ext3 filesystem) on device 179:1.
[    3.282319] devtmpfs: mounted
[    3.282547] Freeing unused kernel memory: 236K (c07c9000 - c0804000)
 
INIT: version 2.88 booting
[info] Using makefile-style concurrent boot in runlevel S.
[....] Starting the hotplug events dispatcher: udevd[    4.170727] udevd[178]: starting version 175
[ ok .
[....] Synthesizing the initial hotplug events...[ ok done.
[....] Waiting for /dev to be fully populated...[ ok done.
[....] Activating swap...[ ok done.
[....] Cleaning up temporary files... /tmp[ ok .
[....] Activating lvm and md swap...[ ok done.
[....] Checking file systems...fsck from util-linux 2.20.1
[ ok done.
[....] Mounting local filesystems...[ ok done.
[....] Activating swapfile swap...[ ok done.
[....] Cleaning up temporary files...[ ok .
[....] Setting kernel variables ...[ ok done.
[....] Configuring network interfaces...[ ok done.
[....] Starting rpcbind daemon...[ ok .
[....] Starting NFS common utilities: statd idmapd[FAIL failed!
[....] Cleaning up temporary files...[ ok .
[....] Starting network benchmark server[ ok .
[....] startpar: service(s) returned failure: nfs-common ...[FAIL failed!
INIT: Entering runlevel: 2
[info] Using makefile-style concurrent boot in runlevel 2.
[....] Starting network benchmark server[FAIL failed!
[....] Starting rpcbind daemon...[....] Already running.[ ok .
[....] Starting NFS common utilities: statd idmapd[FAIL failed!
[....] Starting system message bus: dbus[ ok [....] startpar: service(s) returned failure: nfs-common ...[FAIL failed!

Debian GNU/Linux wheezy/sid armel ttyS0

armel login: 