

U-Boot 2015.04-00466-gedec83e90172 (Mar 14 2016 - 10:42:01)

TEGRA124
Model: Acer Chromebook 13 CB5-311
DRAM:  4 GiB
:   Tegra SD/MMC: 0, Tegra SD/MMC: 1, Tegra SD/MMC: 2
MMC init failed
Using default environment

In:    serial
Out:   serial
Err:   serial
Net:   Net Initialization Skipped
No ethernet found.
Hit any key to stop autoboot:  2  0 
Tegra124 (Nyan-big) # 
Tegra124 (Nyan-big) # usb start
starting USB...
USB0:   USB EHCI 1.10
scanning bus 0 for devices... 2 USB Device(s) found
USB1:   USB EHCI 1.10
scanning bus 1 for devices... 2 USB Device(s) found
       scanning usb for storage devices... 1 Storage Device(s) found
       scanning usb for ethernet devices... 
Warning: asx0 using MAC address from net device
1 Ethernet Device(s) found
Tegra124 (Nyan-big) # setenv bootargs 'ignore_loglevel console=ttyS0,115200n8 rw root=PARTUUID=4d36e82a-b3c0-4b4b-bfcd-afe5217ac023 rootwait gpt debug noinitrd earlyprintk init=/bin/bash'
Tegra124 (Nyan-big) # setenv ipaddr 192.168.100.102; setenv serverip 192.168.100.1; setenv tftpserverip 192.168.100.1
Tegra124 (Nyan-big) # tftpboot 0x82000000 zImage.multi_v7_defconfig
Using asx0 device
TFTP from server 192.168.100.1; our IP address is 192.168.100.102
Filename 'zImage.multi_v7_defconfig'.
Load address: 0x82000000
Loading: *#################################################################
	 #################################################################
	 #################################################################
	 #################################################################
	 #################################################################
	 #################################################################
	 #################################################################
	 ############################
	 3.6 MiB/s
done
Bytes transferred = 7083120 (6c1470 hex)
Tegra124 (Nyan-big) # tftpboot 0x83000000 tegra124-nyan-big.dtb
Using asx0 device
TFTP from server 192.168.100.1; our IP address is 192.168.100.102
Filename 'tegra124-nyan-big.dtb'.
Load address: 0x83000000
Loading: *#####
	 3.2 MiB/s
done
Bytes transferred = 66821 (10505 hex)
Tegra124 (Nyan-big) # bootz 0x82000000 - 0x83000000
Kernel image @ 0x82000000 [ 0x000000 - 0x6c1470 ]
## Flattened Device Tree blob at 83000000
   Booting using the fdt blob at 0x83000000
   Using Device Tree in place at 83000000, end 83013504

Starting kernel ...

[    0.000000] Booting Linux on physical CPU 0x0
[    0.000000] Linux version 4.7.0-rc7-next-20160714-106703-gfd8d43a (pwalmsley@sellafield) (gcc version 4.7.3 20130328 (prerelease) (crosstool-NG linaro-1.13.1-4.7-2013.04-20130415 - Linaro GCC 2013.04) ) #1 SMP Wed Jul 13 23:34:29 PDT 2016
[    0.000000] CPU: ARMv7 Processor [413fc0f3] revision 3 (ARMv7), cr=10c5387d
[    0.000000] CPU: div instructions available: patching division code
[    0.000000] CPU: PIPT / VIPT nonaliasing data cache, PIPT instruction cache
[    0.000000] Machine model: Acer Chromebook 13 CB5-311
[    0.000000] Ignoring memory range 0x100000000 - 0x17ffff000
[    0.000000] debug: ignoring loglevel setting.
[    0.000000] cma: Reserved 64 MiB at 0xfb800000
[    0.000000] Memory policy: Data cache writealloc
[    0.000000] On node 0 totalpages: 524287
[    0.000000] free_area_init_node: node 0, pgdat c141da00, node_mem_map eeffa000
[    0.000000]   DMA zone: 1536 pages used for memmap
[    0.000000]   DMA zone: 0 pages reserved
[    0.000000]   DMA zone: 196608 pages, LIFO batch:31
[    0.000000]   HighMem zone: 327679 pages, LIFO batch:31
[    0.000000] percpu: Embedded 14 pages/cpu @eef87000 s26624 r8192 d22528 u57344
[    0.000000] pcpu-alloc: s26624 r8192 d22528 u57344 alloc=14*4096
[    0.000000] pcpu-alloc: [0] 0 [0] 1 [0] 2 [0] 3 
[    0.000000] Built 1 zonelists in Zone order, mobility grouping on.  Total pages: 522751
[    0.000000] Kernel command line: ignore_loglevel console=ttyS0,115200n8 rw root=PARTUUID=4d36e82a-b3c0-4b4b-bfcd-afe5217ac023 rootwait gpt debug noinitrd earlyprintk init=/bin/bash
[    0.000000] PID hash table entries: 4096 (order: 2, 16384 bytes)
[    0.000000] Dentry cache hash table entries: 131072 (order: 7, 524288 bytes)
[    0.000000] Inode-cache hash table entries: 65536 (order: 6, 262144 bytes)
[    0.000000] Memory: 1996000K/2097148K available (9216K kernel code, 1150K rwdata, 3972K rodata, 2048K init, 343K bss, 35612K reserved, 65536K cma-reserved, 1245180K highmem)
[    0.000000] Virtual kernel memory layout:
[    0.000000]     vector  : 0xffff0000 - 0xffff1000   (   4 kB)
[    0.000000]     fixmap  : 0xffc00000 - 0xfff00000   (3072 kB)
[    0.000000]     vmalloc : 0xf0800000 - 0xff800000   ( 240 MB)
[    0.000000]     lowmem  : 0xc0000000 - 0xf0000000   ( 768 MB)
[    0.000000]     pkmap   : 0xbfe00000 - 0xc0000000   (   2 MB)
[    0.000000]     modules : 0xbf000000 - 0xbfe00000   (  14 MB)
[    0.000000]       .text : 0xc0208000 - 0xc0c00000   (10208 kB)
[    0.000000]       .init : 0xc1100000 - 0xc1300000   (2048 kB)
[    0.000000]       .data : 0xc1300000 - 0xc141f880   (1151 kB)
[    0.000000]        .bss : 0xc1421000 - 0xc1476c88   ( 344 kB)
[    0.000000] SLUB: HWalign=64, Order=0-3, MinObjects=0, CPUs=4, Nodes=1
[    0.000000] Hierarchical RCU implementation.
[    0.000000] 	Build-time adjustment of leaf fanout to 32.
[    0.000000] 	RCU restricting CPUs from NR_CPUS=16 to nr_cpu_ids=4.
[    0.000000] RCU: Adjusting geometry for rcu_fanout_leaf=32, nr_cpu_ids=4
[    0.000000] NR_IRQS:16 nr_irqs:16 16
[    0.000000] /interrupt-controller@60004000: 160 interrupts forwarded to /interrupt-controller@50041000
[    0.000000] Tegra clk 127: register failed with -17
[    0.000003] sched_clock: 32 bits at 1000kHz, resolution 1000ns, wraps every 2147483647500ns
[    0.000012] clocksource: timer_us: mask: 0xffffffff max_cycles: 0xffffffff, max_idle_ns: 1911260446275 ns
[    0.000017] Switching to timer-based delay loop, resolution 1000ns
[    0.001769] Architected cp15 timer(s) running at 12.00MHz (virt).
[    0.001775] clocksource: arch_sys_counter: mask: 0xffffffffffffff max_cycles: 0x2c47f4ee7, max_idle_ns: 440795202497 ns
[    0.001782] sched_clock: 56 bits at 12MHz, resolution 83ns, wraps every 4398046511096ns
[    0.001786] Switching to timer-based delay loop, resolution 83ns
[    0.001984] Console: colour dummy device 80x30
[    0.001997] Calibrating delay loop (skipped), value calculated using timer frequency.. 24.00 BogoMIPS (lpj=60000)
[    0.002002] pid_max: default: 32768 minimum: 301
[    0.002041] Mount-cache hash table entries: 2048 (order: 1, 8192 bytes)
[    0.002045] Mountpoint-cache hash table entries: 2048 (order: 1, 8192 bytes)
[    0.002289] CPU: Testing write buffer coherency: ok
[    0.002400] /cpus/cpu@0 missing clock-frequency property
[    0.002414] /cpus/cpu@1 missing clock-frequency property
[    0.002428] /cpus/cpu@2 missing clock-frequency property
[    0.002442] /cpus/cpu@3 missing clock-frequency property
[    0.002447] CPU0: thread -1, cpu 0, socket 0, mpidr 80000000
[    0.002457] Setting up static identity map for 0x80300000 - 0x80300098
[    0.003741] Tegra Revision: A01 SKU: 131 CPU Process: 1 SoC Process: 1
[    0.004338] CPU1: thread -1, cpu 1, socket 0, mpidr 80000001
[    0.006948] CPU2: thread -1, cpu 2, socket 0, mpidr 80000002
[    0.011944] CPU3: thread -1, cpu 3, socket 0, mpidr 80000003
[    0.016671] Brought up 4 CPUs
[    0.016678] SMP: Total of 4 processors activated (96.00 BogoMIPS).
[    0.016681] CPU: All CPU(s) started in SVC mode.
[    0.017215] devtmpfs: initialized
[    0.024146] VFP support v0.3: implementor 41 architecture 4 part 30 variant f rev 0
[    0.024341] clocksource: jiffies: mask: 0xffffffff max_cycles: 0xffffffff, max_idle_ns: 9556302231375000 ns
[    0.024864] pinctrl core: initialized pinctrl subsystem
[    0.025585] NET: Registered protocol family 16
[    0.026249] DMA: preallocated 256 KiB pool for atomic coherent allocations
[    0.041707] cpuidle: using governor menu
[    0.047863] No ATAGs?hw-breakpoint: found 5 (+1 reserved) breakpoint and 4 watchpoint registers.
[    0.047877] hw-breakpoint: maximum watchpoint size is 8 bytes.
[    0.049971] Serial: AMBA PL011 UART driver
[    0.050940] tegra-mc 70019000.memory-controller: no memory timings for RAM code 0 registered
[    0.068425] +5V_SYS: supplied by +VDD_MUX
[    0.068525] +3.3V_SYS: supplied by +VDD_MUX
[    0.068743] +VDD_LED: Failed to request enable GPIO122: -517
[    0.068748] reg-fixed-voltage regulators:regulator@5: Failed to register regulator: -517
[    0.068778] +5V_VDD_TS_SW: Failed to request enable GPIO81: -517
[    0.068782] reg-fixed-voltage regulators:regulator@6: Failed to register regulator: -517
[    0.068811] +5V_USB_HS: Failed to request enable GPIO108: -517
[    0.068815] reg-fixed-voltage regulators:regulator@7: Failed to register regulator: -517
[    0.068843] +5V_USB_SS: Failed to request enable GPIO109: -517
[    0.068847] reg-fixed-voltage regulators:regulator@8: Failed to register regulator: -517
[    0.068923] +1.05V_RUN_AVDD_HDMI_PLL: Failed to request enable GPIO63: -517
[    0.068927] reg-fixed-voltage regulators:regulator@11: Failed to register regulator: -517
[    0.068955] +5V_HDMI_CON: Failed to request enable GPIO86: -517
[    0.068958] reg-fixed-voltage regulators:regulator@12: Failed to register regulator: -517
[    0.070054] vgaarb: loaded
[    0.070339] SCSI subsystem initialized
[    0.070404] libata version 3.00 loaded.
[    0.070503] usbcore: registered new interface driver usbfs
[    0.070527] usbcore: registered new interface driver hub
[    0.070551] usbcore: registered new device driver usb
[    0.071880] pps_core: LinuxPPS API ver. 1 registered
[    0.071884] pps_core: Software ver. 5.3.6 - Copyright 2005-2007 Rodolfo Giometti <giometti@linux.it>
[    0.071891] PTP clock support registered
[    0.071958] EDAC MC: Ver: 3.0.0
[    0.072393] tegra-emc 7001b000.emc: no memory timings for RAM code 0 found in DT
[    0.072402] tegra-emc: probe of 7001b000.emc failed with error -2
[    0.072880] clocksource: Switched to clocksource arch_sys_counter
[    0.076528] NET: Registered protocol family 2
[    0.076728] TCP established hash table entries: 8192 (order: 3, 32768 bytes)
[    0.076775] TCP bind hash table entries: 8192 (order: 4, 65536 bytes)
[    0.076837] TCP: Hash tables configured (established 8192 bind 8192)
[    0.076859] UDP hash table entries: 512 (order: 2, 16384 bytes)
[    0.076872] UDP-Lite hash table entries: 512 (order: 2, 16384 bytes)
[    0.076934] NET: Registered protocol family 1
[    0.077091] RPC: Registered named UNIX socket transport module.
[    0.077095] RPC: Registered udp transport module.
[    0.077097] RPC: Registered tcp transport module.
[    0.077099] RPC: Registered tcp NFSv4.1 backchannel transport module.
[    0.077104] PCI: CLS 0 bytes, default 64
[    0.077540] hw perfevents: enabled with armv7_cortex_a15 PMU driver, 7 counters available
[    0.078097] futex hash table entries: 1024 (order: 4, 65536 bytes)
[    0.078377] workingset: timestamp_bits=30 max_order=19 bucket_order=0
[    0.082189] squashfs: version 4.0 (2009/01/31) Phillip Lougher
[    0.082496] NFS: Registering the id_resolver key type
[    0.082510] Key type id_resolver registered
[    0.082513] Key type id_legacy registered
[    0.082530] ntfs: driver 2.1.32 [Flags: R/O].
[    0.082998] bounce: pool size: 64 pages
[    0.083069] Block layer SCSI generic (bsg) driver version 0.4 loaded (major 248)
[    0.083073] io scheduler noop registered
[    0.083075] io scheduler deadline registered
[    0.083145] io scheduler cfq registered (default)
[    0.085019] tegra-xusb-padctl 7009f000.padctl: failed to setup XUSB ports: -517
[    0.085196] libphy: mdio_driver_register: phy-bcm-ns2-pci
[    0.093814] tegra-apbdma 60020000.dma: Tegra20 APB DMA driver register 32 channels
[    0.094414] tegra-pmc 7000e400.pmc: i2c-thermtrip node not found, emergency thermal reset disabled.
[    0.115774] Serial: 8250/16550 driver, 4 ports, IRQ sharing disabled
[    0.116899] console [ttyS0] disabled
[    0.116926] 70006000.serial: ttyS0 at MMIO 0x70006000 (irq = 331, base_baud = 25500000) is a Tegra
[    0.974899] console [ttyS0] enabled
[    0.978683] SuperH (H)SCI(F) driver initialized
[    0.983551] msm_serial: driver initialized
[    0.987701] STMicroelectronics ASC driver initialized
[    0.994148] [drm] Initialized drm 1.1.0 20060810
[    0.999888] tegra-hdmi 54280000.hdmi: failed to get HDMI regulator
[    1.006425] tegra-dpaux 545c0000.dpaux: failed to get VDD supply: -517
[    1.013660] panel supply power not found, using dummy regulator
[    1.023398] brd: module loaded
[    1.028551] loop: module loaded
[    1.032577] as3722 4-0040: AS3722 with revision 0x1 found
[    1.042291] as3722-sd2: supplied by +5V_SYS
[    1.046738] as3722-sd3: supplied by +5V_SYS
[    1.051074] +1.35V_LP0(sd3): Bringing 0uV into 1350000-1350000uV
[    1.057261] as3722-sd4: supplied by +5V_SYS
[    1.061603] +1.05V_RUN: Bringing 0uV into 1050000-1050000uV
[    1.067352] as3722-sd5: supplied by +5V_SYS
[    1.072951] as3722-ldo0: supplied by +1.35V_LP0(sd2)
[    1.078691] +1.8V_RUN_CAM: Bringing 0uV into 1800000-1800000uV
[    1.084713] as3722-ldo2: supplied by +1.8V_VDDIO
[    1.090333] as3722-ldo3: supplied by +3.3V_SYS
[    1.094790] +1.00V_LP0_VDD_RTC: Bringing 1100000uV into 1000000-1000000uV
[    1.102370] as3722-ldo4: supplied by +3.3V_SYS
[    1.106969] +3.3V_RUN_CAM: Bringing 0uV into 2800000-2800000uV
[    1.112992] as3722-ldo5: supplied by +1.8V_VDDIO
[    1.117753] +1.2V_RUN_CAM_FRONT: Bringing 0uV into 1200000-1200000uV
[    1.124447] +VDDIO_SDMMC3: Bringing 0uV into 1800000-1800000uV
[    1.130487] as3722-ldo7: supplied by +1.8V_VDDIO
[    1.135258] +1.05V_RUN_CAM_REAR: Bringing 0uV into 1050000-1050000uV
[    1.141815] as3722-ldo9: supplied by +5V_SYS
[    1.146384] +2.8V_RUN_TOUCH: Bringing 0uV into 2800000-2800000uV
[    1.152591] as3722-ldo10: supplied by +5V_SYS
[    1.157103] +2.8V_RUN_CAM_AF: Bringing 0uV into 2800000-2800000uV
[    1.163553] +1.8V_RUN_VPP_FUSE: Bringing 0uV into 1800000-1800000uV
[    1.181845] m25p80 spi32765.0: w25q32dw (4096 Kbytes)
[    1.188107] libphy: Fixed MDIO Bus: probed
[    1.192479] CAN device driver interface
[    1.197076] igb: Intel(R) Gigabit Ethernet Network Driver - version 5.3.0-k
[    1.204025] igb: Copyright (c) 2007-2014 Intel Corporation.
[    1.210750] pegasus: v0.9.3 (2013/04/25), Pegasus/Pegasus II USB Ethernet driver
[    1.218158] usbcore: registered new interface driver pegasus
[    1.223831] usbcore: registered new interface driver asix
[    1.229234] usbcore: registered new interface driver ax88179_178a
[    1.235330] usbcore: registered new interface driver cdc_ether
[    1.241173] usbcore: registered new interface driver smsc75xx
[    1.246932] usbcore: registered new interface driver smsc95xx
[    1.252682] usbcore: registered new interface driver net1080
[    1.258345] usbcore: registered new interface driver cdc_subset
[    1.264267] usbcore: registered new interface driver zaurus
[    1.269856] usbcore: registered new interface driver cdc_ncm
[    1.276163] ehci_hcd: USB 2.0 'Enhanced' Host Controller (EHCI) Driver
[    1.282680] ehci-pci: EHCI PCI platform driver
[    1.287130] ehci-platform: EHCI generic platform driver
[    1.292417] ehci-orion: EHCI orion driver
[    1.296471] SPEAr-ehci: EHCI SPEAr driver
[    1.300523] ehci-st: EHCI STMicroelectronics driver
[    1.305442] ehci-exynos: EHCI EXYNOS driver
[    1.309673] ehci-atmel: EHCI Atmel driver
[    1.313725] tegra-ehci: Tegra EHCI driver
[    1.317784] ohci_hcd: USB 1.1 'Open' Host Controller (OHCI) Driver
[    1.323956] ohci-pci: OHCI PCI platform driver
[    1.328407] ohci-platform: OHCI generic platform driver
[    1.333682] ohci-omap3: OHCI OMAP3 driver
[    1.337728] SPEAr-ohci: OHCI SPEAr driver
[    1.341782] ohci-st: OHCI STMicroelectronics driver
[    1.346700] ohci-atmel: OHCI Atmel driver
[    1.350964] usbcore: registered new interface driver usb-storage
[    1.357528] mousedev: PS/2 mouse device common for all mice
[    1.363472] 1-0015 supply vcc not found, using dummy regulator
[    1.369362] as3722-rtc as3722-rtc: rtc core: registered as3722-rtc as rtc0
[    1.376235] as3722-rtc as3722-rtc: RTC interrupt 370
[    1.383133] tegra_rtc 7000e000.rtc: rtc core: registered 7000e000.rtc as rtc1
[    1.390273] tegra_rtc 7000e000.rtc: Tegra internal Real Time Clock
[    1.396632] i2c /dev entries driver
[    1.402568] 0-004c supply vcc not found, using dummy regulator
[    1.412469] sdhci: Secure Digital Host Controller Interface driver
[    1.418648] sdhci: Copyright(c) Pierre Ossman
[    1.423553] Synopsys Designware Multimedia Card Interface Driver
[    1.429939] sdhci-pltfm: SDHCI platform and OF driver helper
[    1.435872] sdhci-tegra 700b0000.sdhci: allocated mmc-pwrseq
[    1.441536] mmc0: Unknown controller version (3). You may experience problems.
[    1.448883] sdhci-tegra 700b0400.sdhci: Got CD GPIO
[    1.453761] sdhci-tegra 700b0400.sdhci: Got WP GPIO
[    1.458650] mmc0: Unknown controller version (3). You may experience problems.
[    1.465965] mmc0: Unknown controller version (3). You may experience problems.
[    1.473206] mmc0: Invalid maximum block size, assuming 512 bytes
[    1.522890] mmc0: SDHCI controller on 700b0600.sdhci [700b0600.sdhci] using ADMA 64-bit
[    1.531538] ledtrig-cpu: registered to indicate activity on CPUs
[    1.537655] usbcore: registered new interface driver usbhid
[    1.543222] usbhid: USB HID core driver
[    1.549347] NET: Registered protocol family 10
[    1.554144] sit: IPv6, IPv4 and MPLS over IPv4 tunneling driver
[    1.560383] NET: Registered protocol family 17
[    1.564832] can: controller area network core (rev 20120528 abi 9)
[    1.565060] input: Elan Touchpad as /devices/soc0/7000c400.i2c/i2c-1/1-0015/input/input0
[    1.579099] NET: Registered protocol family 29
[    1.583535] can: raw protocol (rev 20120528)
[    1.587791] can: broadcast manager protocol (rev 20160617 t)
[    1.593441] can: netlink gateway (rev 20130117) max_hops=1
[    1.599066] Key type dns_resolver registered
[    1.603563] ThumbEE CPU extension supported.
[    1.607824] Registering SWP/SWPB emulation handler
[    1.614273] +3.3V_RUN: supplied by +3.3V_SYS
[    1.619217] +3.3V_AVDD_HDMI_AP_GATED: supplied by +3.3V_RUN
[    1.624920] +1.8V_RUN_CAM: supplied by +3.3V_RUN
[    1.629647] +VDDIO_SDMMC3: supplied by +3.3V_RUN
[    1.634291] +1.8V_RUN_VPP_FUSE: supplied by +3.3V_RUN
[    1.639662] +VDD_LED: supplied by +VDD_MUX
[    1.644050] +5V_VDD_TS_SW: supplied by +5V_SYS
[    1.648845] +5V_USB_HS: supplied by +5V_SYS
[    1.653388] +5V_USB_SS: supplied by +5V_SYS
[    1.658529] +3.3V_PANEL: supplied by +3.3V_RUN
[    1.664193] +3.3V_LP0: supplied by +3.3V_SYS
[    1.669348] mmc0: new high speed MMC card at address 0001
[    1.669499] +1.05V_RUN_AVDD_HDMI_PLL: supplied by +1.05V_RUN
[    1.669783] +5V_HDMI_CON: supplied by +5V_SYS
[    1.670776] usb3-0 supply vbus not found, using dummy regulator
[    1.670847] usb3-1 supply vbus not found, using dummy regulator
[    1.674501] tegra-sor 54540000.sor: failed to probe output: -517
[    1.674894] elan_i2c 1-0015: failed to read report data: -121
[    1.675620] panel supply power not found, using dummy regulator
[    1.676790] sdhci-tegra 700b0000.sdhci: allocated mmc-pwrseq
[    1.676814] mmc1: Unknown controller version (3). You may experience problems.
[    1.676940] mmc1: Invalid maximum block size, assuming 512 bytes
[    1.677324] +1.8V_VDDIO: voltage operation not allowed
[    1.677327] mmc1: Switching to 3.3V signalling voltage failed
[    1.712961] mmc1: SDHCI controller on 700b0000.sdhci [700b0000.sdhci] using ADMA 64-bit
[    1.713940] sdhci-tegra 700b0400.sdhci: Got CD GPIO
[    1.713948] sdhci-tegra 700b0400.sdhci: Got WP GPIO
[    1.713986] mmc2: Unknown controller version (3). You may experience problems.
[    1.714168] mmc2: Invalid maximum block size, assuming 512 bytes
[    1.763239] mmc2: SDHCI controller on 700b0400.sdhci [700b0400.sdhci] using ADMA 64-bit
[    1.786238] mmcblk0: mmc0:0001 MMC16G 14.4 GiB 
[    1.791205] mmcblk0boot0: mmc0:0001 MMC16G partition 1 2.00 MiB
[    1.797538] mmcblk0boot1: mmc0:0001 MMC16G partition 2 2.00 MiB
[    1.803881] mmcblk0rpmb: mmc0:0001 MMC16G partition 3 128 KiB
[    1.809819] elan_i2c 1-0015: invalid report id data (ff)
[    1.816611]  mmcblk0: p1 p2 p3 p4 p5 p6 p7 p8 p9 p10 p11 p12
[    1.847753] mmc1: new high speed SDIO card at address 0001
[    1.865483] [drm] Supports vblank timestamp caching Rev 2 (21.10.2013).
[    1.872113] [drm] No driver support for vblank timestamp query.
[    1.933908] Console: switching to colour frame buffer device 170x48
[    1.943957] drm drm: fb0:  frame buffer device
[    1.955819] mmc2: new high speed SDHC card at address 0007
[    1.961901] mmcblk2: mmc2:0007 SD08G 7.42 GiB 
[    1.967965] [drm] Initialized tegra 0.0.0 20120330 on minor 0
[    1.974747] input: gpio-keys as /devices/soc0/gpio-keys/input/input1
[    1.981804] as3722-rtc as3722-rtc: setting system clock to 2000-01-01 00:00:21 UTC (946684821)
[    1.994444] +1.8V_RUN_CAM: disabling
[    1.998308] +3.3V_RUN_CAM: disabling
[    2.001960] GPT:Primary header alternate_lba != Alt. header my_lba
[    2.008167] GPT:3014591 != 15564799
[    2.011651] GPT:Primary header thinks Alt. header is not at the end of the disk.
[    2.018015] +1.2V_RUN_CAM_FRONT: disabling
[    2.018244] +1.05V_RUN_CAM_REAR: disabling
[    2.018470] +2.8V_RUN_TOUCH: disabling
[    2.018698] +2.8V_RUN_CAM_AF: disabling
[    2.018925] +1.8V_RUN_VPP_FUSE: disabling
[    2.019155] +5V_VDD_TS_SW: disabling
[    2.019160] +5V_USB_HS: disabling
[    2.019164] +5V_USB_SS: disabling
[    2.049082] GPT:3014591 != 15564799
[    2.049084] GPT: Use GNU Parted to correct GPT errors.
[    2.049114]  mmcblk2: p1 p2 p3 p4 p5 p6 p7 p8 p9 p10 p11 p12
[    2.064285] EXT4-fs (mmcblk0p3): couldn't mount as ext3 due to feature incompatibilities
[    2.072932] EXT4-fs (mmcblk0p3): couldn't mount as ext2 due to feature incompatibilities
[    2.585785] EXT4-fs (mmcblk0p3): recovery complete
[    2.591349] EXT4-fs (mmcblk0p3): mounted filesystem with ordered data mode. Opts: (null)
[    2.599481] VFS: Mounted root (ext4 filesystem) on device 179:3.
[    2.606104] devtmpfs: mounted
[    2.609800] Freeing unused kernel memory: 2048K (c1100000 - c1300000)
bash: cannot set terminal process group (-1): Inappropriate ioctl for device
bash: no job control in this shell
root@(none):/# mount -t sysfs none /sys
root@(none):/# 
root@(none):/# mount -t debugfs none /sys/kernel/debug
root@(none):/# 
root@(none):/# rtcwake -d rtc1 -m mem -s 3
rtcwake: assuming RTC uses UTC ...
rtcwake: wakeup from "mem" using /dev/rtc1 at Thu Jan  1 00:00:27 1970
[    5.818128] PM: Syncing filesystems ... done.
[    5.827979] Freezing user space processes ... (elapsed 0.001 seconds) done.
[    5.836135] Double checking all user space processes after OOM killer disable... (elapsed 0.000 seconds) 
[    5.845789] Freezing remaining freezable tasks ... (elapsed 0.001 seconds) done.
[    5.854427] Suspending console(s) (use no_console_suspend to debug)
[    5.899221] PM: suspend of devices complete after 37.960 msecs
[    5.900208] PM: late suspend of devices complete after 0.977 msecs
[    5.900968] PM: noirq suspend of devices complete after 0.756 msecs
[    5.900969] Disabling non-boot CPUs ...
[    5.901389] CPU1: shutdown
[    5.933752] IRQ17 no longer affine to CPU2
[    5.933943] CPU2: shutdown
[    5.973794] CPU3: shutdown
[    5.988338] Entering suspend state LP1
[    5.988351] Enabling non-boot CPUs ...
[    6.003559] CPU1 is up
[    6.023574] CPU2 is up
[    6.043672] CPU3 is up
[    6.044169] PM: noirq resume of devices complete after 0.493 msecs
[    6.045378] PM: early resume of devices complete after 0.908 msecs
[    6.194923] +1.8V_VDDIO: voltage operation not allowed
[    6.194926] mmc1: Switching to 3.3V signalling voltage failed
[    6.452942] tegra-sor 54540000.sor: failed to attach SOR: -110
[    6.465880] PM: resume of devices complete after 420.496 msecs
[    6.550608] Restarting tasks ... done.
root@(none):/# 
root@(none):/# rtcwake -d rtc1 -m mem -s 3
rtcwake: assuming RTC uses UTC ...
rtcwake: wakeup from "mem" using /dev/rtc1 at Thu Jan  1 00:00:32 1970
[    7.657636] PM: Syncing filesystems ... done.
[    7.667195] Freezing user space processes ... (elapsed 0.001 seconds) done.
[    7.675398] Double checking all user space processes after OOM killer disable... (elapsed 0.000 seconds) 
[    7.685060] Freezing remaining freezable tasks ... (elapsed 0.001 seconds) done.
[    7.693704] Suspending console(s) (use no_console_suspend to debug)
[    7.733586] PM: suspend of devices complete after 33.054 msecs
[    7.734548] PM: late suspend of devices complete after 0.954 msecs
[    7.735303] PM: noirq suspend of devices complete after 0.752 msecs
[    7.735305] Disabling non-boot CPUs ...
[    7.735693] CPU1: shutdown
[    7.778892] CPU2: shutdown
[    7.823737] CPU3: shutdown
[    7.838304] Entering suspend state LP1
[    7.838318] Enabling non-boot CPUs ...
[    7.853545] CPU1 is up
[    7.873550] CPU2 is up
[    7.893645] CPU3 is up
[    7.894115] PM: noirq resume of devices complete after 0.466 msecs
[    7.895194] PM: early resume of devices complete after 0.752 msecs
[    8.045817] +1.8V_VDDIO: voltage operation not allowed
[    8.045821] mmc1: Switching to 3.3V signalling voltage failed
[    8.302911] tegra-sor 54540000.sor: failed to attach SOR: -110
[    8.316925] PM: resume of devices complete after 421.722 msecs
[    8.397310] Restarting tasks ... done.
root@(none):/# 
root@(none):/# rtcwake -d rtc1 -m mem -s 3
rtcwake: assuming RTC uses UTC ...
rtcwake: wakeup from "mem" using /dev/rtc1 at Thu Jan  1 00:00:37 1970
[    9.512614] PM: Syncing filesystems ... done.
[    9.522020] Freezing user space processes ... (elapsed 0.001 seconds) done.
[    9.530231] Double checking all user space processes after OOM killer disable... (elapsed 0.000 seconds) 
[    9.539874] Freezing remaining freezable tasks ... (elapsed 0.001 seconds) done.
[    9.548534] Suspending console(s) (use no_console_suspend to debug)
[    9.584208] PM: suspend of devices complete after 28.865 msecs
[    9.584863] PM: late suspend of devices complete after 0.651 msecs
[    9.585513] PM: noirq suspend of devices complete after 0.646 msecs
[    9.585514] Disabling non-boot CPUs ...
[    9.585719] IRQ17 no longer affine to CPU1
[    9.585892] CPU1: shutdown
[    9.618866] CPU2: shutdown
[    9.658707] CPU3: shutdown
[    9.673283] Entering suspend state LP1
[    9.673296] Enabling non-boot CPUs ...
[    9.688515] CPU1 is up
[    9.708534] CPU2 is up
[    9.728624] CPU3 is up
[    9.729091] PM: noirq resume of devices complete after 0.463 msecs
[    9.729990] PM: early resume of devices complete after 0.572 msecs
[    9.880303] +1.8V_VDDIO: voltage operation not allowed
[    9.880306] mmc1: Switching to 3.3V signalling voltage failed
[   10.137831] tegra-sor 54540000.sor: failed to attach SOR: -110
[   10.151279] PM: resume of devices complete after 421.284 msecs
[   10.235654] Restarting tasks ... done.
root@(none):/# 
root@(none):/# rtcwake -d rtc1 -m mem -s 3
rtcwake: assuming RTC uses UTC ...
rtcwake: wakeup from "mem" using /dev/rtc1 at Thu Jan  1 00:00:42 1970
[   11.342587] PM: Syncing filesystems ... done.
[   11.352135] Freezing user space processes ... (elapsed 0.001 seconds) done.
[   11.360334] Double checking all user space processes after OOM killer disable... (elapsed 0.000 seconds) 
[   11.369997] Freezing remaining freezable tasks ... (elapsed 0.001 seconds) done.
[   11.378645] Suspending console(s) (use no_console_suspend to debug)
[   11.419373] PM: suspend of devices complete after 33.900 msecs
[   11.420595] PM: late suspend of devices complete after 1.214 msecs
[   11.421352] PM: noirq suspend of devices complete after 0.752 msecs
[   11.421354] Disabling non-boot CPUs ...
[   11.421734] CPU1: shutdown
[   11.453659] IRQ17 no longer affine to CPU2
[   11.453850] CPU2: shutdown
[   11.493685] CPU3: shutdown
[   11.508261] Entering suspend state LP1
[   11.508274] Enabling non-boot CPUs ...
[   11.523492] CPU1 is up
[   11.543505] CPU2 is up
[   11.563611] CPU3 is up
[   11.564086] PM: noirq resume of devices complete after 0.471 msecs
[   11.565213] PM: early resume of devices complete after 0.809 msecs
[   11.715559] +1.8V_VDDIO: voltage operation not allowed
[   11.715562] mmc1: Switching to 3.3V signalling voltage failed
[   11.972892] tegra-sor 54540000.sor: failed to attach SOR: -110
[   11.986655] PM: resume of devices complete after 421.434 msecs
[   12.071148] Restarting tasks ... done.
root@(none):/# 
root@(none):/# rtcwake -d rtc1 -m mem -s 3
rtcwake: assuming RTC uses UTC ...
rtcwake: wakeup from "mem" using /dev/rtc1 at Thu Jan  1 00:00:47 1970
[   13.177583] PM: Syncing filesystems ... done.
[   13.187132] Freezing user space processes ... (elapsed 0.001 seconds) done.
[   13.195336] Double checking all user space processes after OOM killer disable... (elapsed 0.000 seconds) 
[   13.205000] Freezing remaining freezable tasks ... (elapsed 0.001 seconds) done.
[   13.213651] Suspending console(s) (use no_console_suspend to debug)
[   13.254387] PM: suspend of devices complete after 33.911 msecs
[   13.255420] PM: late suspend of devices complete after 1.025 msecs
[   13.256170] PM: noirq suspend of devices complete after 0.746 msecs
[   13.256172] Disabling non-boot CPUs ...
[   13.256558] CPU1: shutdown
[   13.288821] CPU2: shutdown
[   13.328479] IRQ17 no longer affine to CPU3
[   13.328668] CPU3: shutdown
[   13.343238] Entering suspend state LP1
[   13.343251] Enabling non-boot CPUs ...
[   13.358471] CPU1 is up
[   13.378481] CPU2 is up
[   13.398581] CPU3 is up
[   13.399053] PM: noirq resume of devices complete after 0.467 msecs
[   13.399940] PM: early resume of devices complete after 0.571 msecs
[   13.550226] +1.8V_VDDIO: voltage operation not allowed
[   13.550229] mmc1: Switching to 3.3V signalling voltage failed
[   13.807834] tegra-sor 54540000.sor: failed to attach SOR: -110
[   13.821370] PM: resume of devices complete after 421.426 msecs
[   13.905778] Restarting tasks ... done.
root@(none):/# 
root@(none):/# rtcwake -d rtc1 -m mem -s 3
rtcwake: assuming RTC uses UTC ...
rtcwake: wakeup from "mem" using /dev/rtc1 at Thu Jan  1 00:00:52 1970
[   15.012545] PM: Syncing filesystems ... done.
[   15.021915] Freezing user space processes ... (elapsed 0.001 seconds) done.
[   15.030033] Double checking all user space processes after OOM killer disable... (elapsed 0.000 seconds) 
[   15.039696] Freezing remaining freezable tasks ... (elapsed 0.001 seconds) done.
[   15.048251] Suspending console(s) (use no_console_suspend to debug)
[   15.094168] PM: suspend of devices complete after 39.090 msecs
[   15.095147] PM: late suspend of devices complete after 0.970 msecs
[   15.095900] PM: noirq suspend of devices complete after 0.749 msecs
[   15.095902] Disabling non-boot CPUs ...
[   15.096283] CPU1: shutdown
[   15.123797] CPU2: shutdown
[   15.163449] IRQ17 no longer affine to CPU3
[   15.163640] CPU3: shutdown
[   15.178218] Entering suspend state LP1
[   15.178231] Enabling non-boot CPUs ...
[   15.193450] CPU1 is up
[   15.213457] CPU2 is up
[   15.233561] CPU3 is up
[   15.234043] PM: noirq resume of devices complete after 0.478 msecs
[   15.235377] PM: early resume of devices complete after 1.021 msecs
[   15.384792] +1.8V_VDDIO: voltage operation not allowed
[   15.384794] mmc1: Switching to 3.3V signalling voltage failed
[   15.642806] tegra-sor 54540000.sor: failed to attach SOR: -110
[   15.655893] PM: resume of devices complete after 420.510 msecs
[   15.740263] Restarting tasks ... done.
root@(none):/# 
root@(none):/# rtcwake -d rtc1 -m mem -s 3
rtcwake: assuming RTC uses UTC ...
rtcwake: wakeup from "mem" using /dev/rtc1 at Thu Jan  1 00:00:57 1970
[   16.847518] PM: Syncing filesystems ... done.
[   16.857043] Freezing user space processes ... (elapsed 0.001 seconds) done.
[   16.865242] Double checking all user space processes after OOM killer disable... (elapsed 0.000 seconds) 
[   16.874907] Freezing remaining freezable tasks ... (elapsed 0.001 seconds) done.
[   16.883545] Suspending console(s) (use no_console_suspend to debug)
[   16.923742] PM: suspend of devices complete after 33.374 msecs
[   16.924705] PM: late suspend of devices complete after 0.955 msecs
[   16.925451] PM: noirq suspend of devices complete after 0.742 msecs
[   16.925453] Disabling non-boot CPUs ...
[   16.925838] CPU1: shutdown
[   16.958588] IRQ17 no longer affine to CPU2
[   16.958786] CPU2: shutdown
[   16.998622] CPU3: shutdown
[   17.013192] Entering suspend state LP1
[   17.013205] Enabling non-boot CPUs ...
[   17.028425] CPU1 is up
[   17.048432] CPU2 is up
[   17.068536] CPU3 is up
[   17.069010] PM: noirq resume of devices complete after 0.470 msecs
[   17.070150] PM: early resume of devices complete after 0.816 msecs
[   17.220354] +1.8V_VDDIO: voltage operation not allowed
[   17.220357] mmc1: Switching to 3.3V signalling voltage failed
[   17.477779] tegra-sor 54540000.sor: failed to attach SOR: -110
[   17.491550] PM: resume of devices complete after 421.391 msecs
[   17.576066] Restarting tasks ... done.
root@(none):/# 
root@(none):/# rtcwake -d rtc1 -m mem -s 3
rtcwake: assuming RTC uses UTC ...
rtcwake: wakeup from "mem" using /dev/rtc1 at Thu Jan  1 00:01:02 1970
[   18.682493] PM: Syncing filesystems ... done.
[   18.691893] Freezing user space processes ... (elapsed 0.001 seconds) done.
[   18.699994] Double checking all user space processes after OOM killer disable... (elapsed 0.000 seconds) 
[   18.709669] Freezing remaining freezable tasks ... (elapsed 0.001 seconds) done.
[   18.718269] Suspending console(s) (use no_console_suspend to debug)
[   18.764126] PM: suspend of devices complete after 39.032 msecs
[   18.765102] PM: late suspend of devices complete after 0.968 msecs
[   18.765853] PM: noirq suspend of devices complete after 0.747 msecs
[   18.765856] Disabling non-boot CPUs ...
[   18.766236] CPU1: shutdown
[   18.793746] CPU2: shutdown
[   18.833410] IRQ17 no longer affine to CPU3
[   18.833602] CPU3: shutdown
[   18.848172] Entering suspend state LP1
[   18.848186] Enabling non-boot CPUs ...
[   18.863403] CPU1 is up
[   18.883412] CPU2 is up
[   18.903516] CPU3 is up
[   18.903983] PM: noirq resume of devices complete after 0.462 msecs
[   18.905091] PM: early resume of devices complete after 0.778 msecs
[   19.054770] +1.8V_VDDIO: voltage operation not allowed
[   19.054774] mmc1: Switching to 3.3V signalling voltage failed
[   19.312710] tegra-sor 54540000.sor: failed to attach SOR: -110
[   19.325736] PM: resume of devices complete after 420.639 msecs
[   19.410106] Restarting tasks ... done.
root@(none):/# 
root@(none):/# rtcwake -d rtc1 -m mem -s 3
rtcwake: assuming RTC uses UTC ...
rtcwake: wakeup from "mem" using /dev/rtc1 at Thu Jan  1 00:01:07 1970
[   20.517475] PM: Syncing filesystems ... done.
[   20.527040] Freezing user space processes ... (elapsed 0.001 seconds) done.
[   20.535242] Double checking all user space processes after OOM killer disable... (elapsed 0.000 seconds) 
[   20.544905] Freezing remaining freezable tasks ... (elapsed 0.001 seconds) done.
[   20.553555] Suspending console(s) (use no_console_suspend to debug)
[   20.593609] PM: suspend of devices complete after 33.232 msecs
[   20.594571] PM: late suspend of devices complete after 0.953 msecs
[   20.595322] PM: noirq suspend of devices complete after 0.747 msecs
[   20.595324] Disabling non-boot CPUs ...
[   20.595541] IRQ17 no longer affine to CPU1
[   20.595720] CPU1: shutdown
[   20.628739] CPU2: shutdown
[   20.668580] CPU3: shutdown
[   20.683147] Entering suspend state LP1
[   20.683160] Enabling non-boot CPUs ...
[   20.698380] CPU1 is up
[   20.718385] CPU2 is up
[   20.738488] CPU3 is up
[   20.738962] PM: noirq resume of devices complete after 0.469 msecs
[   20.740101] PM: early resume of devices complete after 0.817 msecs
[   20.890328] +1.8V_VDDIO: voltage operation not allowed
[   20.890330] mmc1: Switching to 3.3V signalling voltage failed
[   21.147734] tegra-sor 54540000.sor: failed to attach SOR: -110
[   21.161450] PM: resume of devices complete after 421.340 msecs
[   21.245940] Restarting tasks ... done.
root@(none):/# 
root@(none):/# rtcwake -d rtc1 -m mem -s 3
rtcwake: assuming RTC uses UTC ...
rtcwake: wakeup from "mem" using /dev/rtc1 at Thu Jan  1 00:01:12 1970
[   22.352456] PM: Syncing filesystems ... done.
[   22.361860] Freezing user space processes ... (elapsed 0.001 seconds) done.
[   22.369961] Double checking all user space processes after OOM killer disable... (elapsed 0.000 seconds) 
[   22.379623] Freezing remaining freezable tasks ... (elapsed 0.001 seconds) done.
[   22.388264] Suspending console(s) (use no_console_suspend to debug)
[   22.428894] PM: suspend of devices complete after 33.805 msecs
[   22.429852] PM: late suspend of devices complete after 0.950 msecs
[   22.430611] PM: noirq suspend of devices complete after 0.755 msecs
[   22.430613] Disabling non-boot CPUs ...
[   22.430992] CPU1: shutdown
[   22.468715] CPU2: shutdown
[   22.508552] CPU3: shutdown
[   22.523126] Entering suspend state LP1
[   22.523139] Enabling non-boot CPUs ...
[   22.538358] CPU1 is up
[   22.558376] CPU2 is up
[   22.578478] CPU3 is up
[   22.578957] PM: noirq resume of devices complete after 0.475 msecs
[   22.579832] PM: early resume of devices complete after 0.572 msecs
[   22.729698] +1.8V_VDDIO: voltage operation not allowed
[   22.729701] mmc1: Switching to 3.3V signalling voltage failed
[   22.987723] tegra-sor 54540000.sor: failed to attach SOR: -110
[   23.000676] PM: resume of devices complete after 420.840 msecs
[   23.080976] Restarting tasks ... done.
root@(none):/# 
root@(none):/# NVTB SYSTEM SUSPEND TEST COMPLETE
