
U-Boot SPL 2014.01-00219-gc4d376f (Feb 18 2014 - 19:57:18)


U-Boot 2014.01-00219-gc4d376f (Feb 18 2014 - 19:57:18)

TEGRA30
Board: NVIDIA Beaver
I2C:   ready
DRAM:  2 GiB
MMC:   Tegra SD/MMC: 0, Tegra SD/MMC: 1
In:    serial
Out:   serial
Err:   serial
Net:   Net Initialization Skipped
No ethernet found.
Hit any key to stop autoboot:  2  0 
Tegra30 (Beaver) # 
Tegra30 (Beaver) # usb reset
(Re)start USB...
USB0:   USB EHCI 1.00
scanning bus 0 for devices... 2 USB Device(s) found
       scanning usb for storage devices... 0 Storage Device(s) found
       scanning usb for ethernet devices... 
Warning: asx0 using MAC address from net device
1 Ethernet Device(s) found
Tegra30 (Beaver) # setenv bootargs 'ignore_loglevel console=ttyS0,115200n8 rw root=/dev/mmcblk0p1 rootwait gpt debug init=/bin/bash noinitrd'
Tegra30 (Beaver) # setenv ipaddr 192.168.100.101; setenv serverip 192.168.100.1; setenv tftpserverip 192.168.100.1
Tegra30 (Beaver) # tftpboot 0x81000000 zImage.tegra_defconfig
Using asx0 device
TFTP from server 192.168.100.1; our IP address is 192.168.100.101
Filename 'zImage.tegra_defconfig'.
Load address: 0x81000000
Loading: *#################################################################
	 #################################################################
	 #################################################################
	 #################################################################
	 ####################################
	 3.5 MiB/s
done
Bytes transferred = 4336768 (422c80 hex)
Tegra30 (Beaver) # tftpboot 0x82000000 tegra30-beaver.dtb
Using asx0 device
TFTP from server 192.168.100.1; our IP address is 192.168.100.101
Filename 'tegra30-beaver.dtb'.
Load address: 0x82000000
Loading: *##
	 2.9 MiB/s
done
Bytes transferred = 23973 (5da5 hex)
Tegra30 (Beaver) # bootz 0x81000000 - 0x82000000
Kernel image @ 0x81000000 [ 0x000000 - 0x422c80 ]
## Flattened Device Tree blob at 82000000
   Booting using the fdt blob at 0x82000000
   Loading Device Tree to 8fff7000, end 8ffffda4 ... OK

Starting kernel ...

Uncompressing Linux... done, booting the kernel.
[    0.000000] Booting Linux on physical CPU 0x0
[    0.000000] Initializing cgroup subsys cpu
[    0.000000] Initializing cgroup subsys cpuacct
[    0.000000] Linux version 3.14.0-rc8-next-20140331-52115-g8a89681 (pwalmsley@tamien) (gcc version 4.7.3 20130328 (prerelease) (crosstool-NG linaro-1.13.1-4.7-2013.04-20130415 - Linaro GCC 2013.04) ) #1 SMP PREEMPT Mon Mar 31 02:03:32 PDT 2014
[    0.000000] CPU: ARMv7 Processor [412fc099] revision 9 (ARMv7), cr=10c5387d
[    0.000000] CPU: PIPT / VIPT nonaliasing data cache, VIPT aliasing instruction cache
[    0.000000] Machine model: NVIDIA Tegra30 Beaver evaluation board
[    0.000000] debug: ignoring loglevel setting.
[    0.000000] cma: CMA: reserved 64 MiB at ab800000
[    0.000000] Memory policy: Data cache writealloc
[    0.000000] On node 0 totalpages: 524032
[    0.000000] free_area_init_node: node 0, pgdat c084e240, node_mem_map ea7d8000
[    0.000000]   Normal zone: 1520 pages used for memmap
[    0.000000]   Normal zone: 0 pages reserved
[    0.000000]   Normal zone: 194560 pages, LIFO batch:31
[    0.000000]   HighMem zone: 2574 pages used for memmap
[    0.000000]   HighMem zone: 329472 pages, LIFO batch:31
[    0.000000] fuse_speedo_calib: ATE prog ver 3.3
[    0.000000] Tegra30: CPU Speedo ID 5, Soc Speedo ID 2
[    0.000000] Tegra Revision: A03 SKU: 128 CPU Process: 4 Core Process: 0
[    0.000000] L310 cache controller enabled
[    0.000000] l2x0: 8 ways, CACHE_ID 0x410000c7, AUX_CTRL 0x7e480001, Cache size: 1024 kB
[    0.000000] PERCPU: Embedded 8 pages/cpu @ea79d000 s9152 r8192 d15424 u32768
[    0.000000] pcpu-alloc: s9152 r8192 d15424 u32768 alloc=8*4096
[    0.000000] pcpu-alloc: [0] 0 [0] 1 [0] 2 [0] 3 
[    0.000000] Built 1 zonelists in Zone order, mobility grouping on.  Total pages: 522512
[    0.000000] Kernel command line: ignore_loglevel console=ttyS0,115200n8 rw root=/dev/mmcblk0p1 rootwait gpt debug init=/bin/bash noinitrd
[    0.000000] PID hash table entries: 4096 (order: 2, 16384 bytes)
[    0.000000] Dentry cache hash table entries: 131072 (order: 7, 524288 bytes)
[    0.000000] Inode-cache hash table entries: 65536 (order: 6, 262144 bytes)
[    0.000000] Memory: 2004172K/2096128K available (5907K kernel code, 334K rwdata, 1968K rodata, 260K init, 345K bss, 91956K reserved, 1317888K highmem)
[    0.000000] Virtual kernel memory layout:
[    0.000000]     vector  : 0xffff0000 - 0xffff1000   (   4 kB)
[    0.000000]     fixmap  : 0xfff00000 - 0xfffe0000   ( 896 kB)
[    0.000000]     vmalloc : 0xf0000000 - 0xff000000   ( 240 MB)
[    0.000000]     lowmem  : 0xc0000000 - 0xef800000   ( 760 MB)
[    0.000000]     pkmap   : 0xbfe00000 - 0xc0000000   (   2 MB)
[    0.000000]     modules : 0xbf000000 - 0xbfe00000   (  14 MB)
[    0.000000]       .text : 0xc0008000 - 0xc07b93b0   (7877 kB)
[    0.000000]       .init : 0xc07ba000 - 0xc07fb3c0   ( 261 kB)
[    0.000000]       .data : 0xc07fc000 - 0xc084fa80   ( 335 kB)
[    0.000000]        .bss : 0xc084fa8c - 0xc08a5fd0   ( 346 kB)
[    0.000000] Preemptible hierarchical RCU implementation.
[    0.000000] NR_IRQS:16 nr_irqs:16 16
[    0.000013] sched_clock: 32 bits at 1000kHz, resolution 1000ns, wraps every 2147483648000ns
[    0.000587] Console: colour dummy device 80x30
[    0.000613] Calibrating delay loop... 2786.91 BogoMIPS (lpj=13934592)
[    0.059930] pid_max: default: 32768 minimum: 301
[    0.060280] Mount-cache hash table entries: 512
[    0.061484] Initializing cgroup subsys debug
[    0.061504] Initializing cgroup subsys freezer
[    0.061542] CPU: Testing write buffer coherency: ok
[    0.061927] CPU0: thread -1, cpu 0, socket 0, mpidr 80000000
[    0.061988] Setting up static identity map for 0x80599fd0 - 0x8059a068
[    0.121328] CPU1: Booted secondary processor
[    0.179994] CPU1: thread -1, cpu 1, socket 0, mpidr 80000001
[    0.201295] CPU2: Booted secondary processor
[    0.259994] CPU2: thread -1, cpu 2, socket 0, mpidr 80000002
[    0.281266] CPU3: Booted secondary processor
[    0.339994] CPU3: thread -1, cpu 3, socket 0, mpidr 80000003
[    0.340064] Brought up 4 CPUs
[    0.340079] SMP: Total of 4 processors activated.
[    0.340086] CPU: All CPU(s) started in SVC mode.
[    0.340915] devtmpfs: initialized
[    0.351973] VFP support v0.3: implementor 41 architecture 3 part 30 variant 9 rev 4
[    0.352551] pinctrl core: initialized pinctrl subsystem
[    0.353173] regulator-dummy: no parameters
[    0.368284] NET: Registered protocol family 16
[    0.370860] DMA: preallocated 256 KiB pool for atomic coherent allocations
[    0.372021] cpuidle: using governor ladder
[    0.372028] cpuidle: using governor menu
[    0.384627] No ATAGs?
[    0.384651] hw-breakpoint: found 5 (+1 reserved) breakpoint and 1 watchpoint registers.
[    0.384657] hw-breakpoint: maximum watchpoint size is 4 bytes.
[    0.401748] vdd_5v_in: 5000 mV 
[    0.401945] platform 1.regulator: Driver reg-fixed-voltage requests probe deferral
[    0.402004] platform 2.regulator: Driver reg-fixed-voltage requests probe deferral
[    0.402280] vdd_5v_sata: Failed to request enable GPIO30: -517
[    0.402376] reg-fixed-voltage 3.regulator: Failed to register regulator: -517
[    0.402389] platform 3.regulator: Driver reg-fixed-voltage requests probe deferral
[    0.402651] usb1_vbus: Failed to request enable GPIO238: -517
[    0.402734] reg-fixed-voltage 4.regulator: Failed to register regulator: -517
[    0.402747] platform 4.regulator: Driver reg-fixed-voltage requests probe deferral
[    0.403007] usb3_vbus: Failed to request enable GPIO236: -517
[    0.403091] reg-fixed-voltage 5.regulator: Failed to register regulator: -517
[    0.403103] platform 5.regulator: Driver reg-fixed-voltage requests probe deferral
[    0.403162] platform 6.regulator: Driver reg-fixed-voltage requests probe deferral
[    0.403423] sys_3v3_pexs: Failed to request enable GPIO95: -517
[    0.403507] reg-fixed-voltage 7.regulator: Failed to register regulator: -517
[    0.403519] platform 7.regulator: Driver reg-fixed-voltage requests probe deferral
[    0.404740] vgaarb: loaded
[    0.405789] SCSI subsystem initialized
[    0.406376] usbcore: registered new interface driver usbfs
[    0.406525] usbcore: registered new interface driver hub
[    0.406706] usbcore: registered new device driver usb
[    0.419990] vdd_1v8_gen: 1800 mV 
[    0.420120] vdd_1v8_gen: supplied by vdd_5v_in
[    0.429985] vddio_ddr_1v2: 1200 mV 
[    0.430542] vddio_ddr_1v2: supplied by vdd_5v_in
[    0.439985] vdd_1v5_gen: 1500 mV 
[    0.440098] vdd_1v5_gen: supplied by vdd_5v_in
[    0.449986] vdd_cpu,vdd_sys: 1000 mV 
[    0.452610] vdd_pexa,vdd_pexb: 1050 mV 
[    0.452703] vdd_pexa,vdd_pexb: supplied by vdd_1v5_gen
[    0.455609] vdd_sata,avdd_plle: 1050 mV 
[    0.455703] vdd_sata,avdd_plle: supplied by vdd_1v5_gen
[    0.459986] vdd_rtc: 1200 mV 
[    0.460085] vdd_rtc: supplied by vdd_5v_in
[    0.469985] vddio_sdmmc,avdd_vdac: 3300 mV 
[    0.470098] vddio_sdmmc,avdd_vdac: supplied by vdd_5v_in
[    0.473008] avdd_dsi_csi,pwrdet_mipi: 1200 mV 
[    0.473103] avdd_dsi_csi,pwrdet_mipi: supplied by vdd_1v8_gen
[    0.479986] vdd_pllm,x,u,a_p_c_s: 1200 mV 
[    0.480096] vdd_pllm,x,u,a_p_c_s: supplied by vdd_1v8_gen
[    0.489985] vdd_ddr_hs: 1000 mV 
[    0.490080] vdd_ddr_hs: supplied by vdd_1v8_gen
[    0.492598] tps62361-vout: 500 <--> 1500 mV at 1160 mV 
[    0.492847] Linux video capture interface: v2.00
[    0.493630] platform 7000f010.iommu: Driver tegra-smmu requests probe deferral
[    0.493969] Advanced Linux Sound Architecture Driver Initialized.
[    0.495073] Bluetooth: Core ver 2.19
[    0.495140] NET: Registered protocol family 31
[    0.495145] Bluetooth: HCI device and connection manager initialized
[    0.495164] Bluetooth: HCI socket layer initialized
[    0.495179] Bluetooth: L2CAP socket layer initialized
[    0.495215] Bluetooth: SCO socket layer initialized
[    0.495838] cfg80211: Calling CRDA to update world regulatory domain
[    0.496421] Switched to clocksource timer_us
[    0.514087] NET: Registered protocol family 2
[    0.514911] TCP established hash table entries: 8192 (order: 3, 32768 bytes)
[    0.514977] TCP bind hash table entries: 8192 (order: 4, 65536 bytes)
[    0.515059] TCP: Hash tables configured (established 8192 bind 8192)
[    0.515580] TCP: reno registered
[    0.515592] UDP hash table entries: 512 (order: 2, 16384 bytes)
[    0.515663] UDP-Lite hash table entries: 512 (order: 2, 16384 bytes)
[    0.516009] NET: Registered protocol family 1
[    0.516709] RPC: Registered named UNIX socket transport module.
[    0.516717] RPC: Registered udp transport module.
[    0.516721] RPC: Registered tcp transport module.
[    0.516725] RPC: Registered tcp NFSv4.1 backchannel transport module.
[    0.516733] PCI: CLS 0 bytes, default 64
[    0.518519] hw perfevents: enabled with ARMv7 Cortex-A9 PMU driver, 7 counters available
[    0.520517] futex hash table entries: 1024 (order: 4, 65536 bytes)
[    0.521985] bounce pool size: 64 pages
[    0.523054] squashfs: version 4.0 (2009/01/31) Phillip Lougher
[    0.523734] msgmni has been set to 1468
[    0.524833] io scheduler noop registered (default)
[    0.527931] platform 3000.pcie-controller: Driver tegra-pcie requests probe deferral
[    0.535448] tegra-apbdma 6000a000.dma: Tegra20 APB DMA driver register 32 channels
[    0.536189] Serial: 8250/16550 driver, 4 ports, IRQ sharing disabled
[    0.538915] console [ttyS0] disabled
[    0.538941] 70006000.serial: ttyS0 at MMIO 0x70006000 (irq = 68, base_baud = 25500000) is a Tegra
[    1.381835] console [ttyS0] enabled
[    1.386295] [drm] Initialized drm 1.1.0 20060810
[    1.392158] tegra-hdmi 54280000.hdmi: failed to get VDD regulator
[    1.398271] platform 54280000.hdmi: Driver tegra-hdmi requests probe deferral
[    1.415018] loop: module loaded
[    1.421872] m25p80 spi32766.1: w25q32 (4096 Kbytes)
[    1.428899] pegasus: v0.9.3 (2013/04/25), Pegasus/Pegasus II USB Ethernet driver
[    1.436397] usbcore: registered new interface driver pegasus
[    1.442195] usbcore: registered new interface driver asix
[    1.447706] usbcore: registered new interface driver ax88179_178a
[    1.453880] usbcore: registered new interface driver cdc_ether
[    1.459849] usbcore: registered new interface driver smsc75xx
[    1.465712] usbcore: registered new interface driver smsc95xx
[    1.471550] usbcore: registered new interface driver net1080
[    1.477306] usbcore: registered new interface driver cdc_subset
[    1.483324] usbcore: registered new interface driver zaurus
[    1.489037] usbcore: registered new interface driver cdc_ncm
[    1.494720] ehci_hcd: USB 2.0 'Enhanced' Host Controller (EHCI) Driver
[    1.501244] ehci-pci: EHCI PCI platform driver
[    1.505778] tegra-ehci: Tegra EHCI driver
[    1.509989] platform 7d004000.usb: Driver tegra-ehci requests probe deferral
[    1.517114] platform 7d008000.usb: Driver tegra-ehci requests probe deferral
[    1.524489] usbcore: registered new interface driver cdc_acm
[    1.530144] cdc_acm: USB Abstract Control Model driver for USB modems and ISDN adapters
[    1.538252] usbcore: registered new interface driver cdc_wdm
[    1.544031] usbcore: registered new interface driver usb-storage
[    1.550209] platform 7d004000.usb-phy: Driver tegra-phy requests probe deferral
[    1.557594] platform 7d008000.usb-phy: Driver tegra-phy requests probe deferral
[    1.565560] mousedev: PS/2 mouse device common for all mice
[    1.572898] tegra_rtc 7000e000.rtc: rtc core: registered 7000e000.rtc as rtc1
[    1.580061] tegra_rtc 7000e000.rtc: Tegra internal Real Time Clock
[    1.599525] tps65910-rtc tps65910-rtc: rtc core: registered tps65910-rtc as rtc0
[    1.607363] usbcore: registered new interface driver uvcvideo
[    1.613093] USB Video Class driver (1.1.1)
[    1.617187] gspca_main: v2.14.0 registered
[    1.622674] sdhci: Secure Digital Host Controller Interface driver
[    1.628851] sdhci: Copyright(c) Pierre Ossman
[    1.633192] sdhci-pltfm: SDHCI platform and OF driver helper
[    1.639260] sdhci-tegra 78000000.sdhci: Got CD GPIO #69.
[    1.644572] sdhci-tegra 78000000.sdhci: Got WP GPIO #155.
[    1.651030] mmc0: no vqmmc regulator found
[    1.655117] mmc0: no vmmc regulator found
[    1.659124] mmc0: Invalid maximum block size, assuming 512 bytes
[    1.706440] mmc0: SDHCI controller on 78000000.sdhci [78000000.sdhci] using ADMA
[    1.716977] mmc1: no vqmmc regulator found
[    1.721062] mmc1: no vmmc regulator found
[    1.725057] mmc1: Invalid maximum block size, assuming 512 bytes
[    1.776433] mmc1: SDHCI controller on 78000600.sdhci [78000600.sdhci] using ADMA
[    1.784906] usbcore: registered new interface driver usbhid
[    1.792509] usbhid: USB HID core driver
[    1.944871] mmc1: new high speed MMC card at address 0001
[    1.950951] mmcblk0: mmc1:0001 SEM16G 14.8 GiB 
[    1.955701] mmcblk0boot0: mmc1:0001 SEM16G partition 1 1.00 MiB
[    1.961844] mmcblk0boot1: mmc1:0001 SEM16G partition 2 1.00 MiB
[    1.967962] mmcblk0rpmb: mmc1:0001 SEM16G partition 3 128 KiB
[    1.978129] Primary GPT is invalid, using alternate GPT.
[    1.983443]  mmcblk0: p1 p2 p3 p4 p5
[    1.993209]  mmcblk0boot1: unknown partition table
[    2.001541]  mmcblk0boot0: unknown partition table
[    2.217881] tegra30-i2s 70080400.i2s: DMA channels sourced from device 70080000.ahub
[    2.233676] tegra-snd-rt5640 sound.4: rt5640-aif1 <-> 70080400.i2s mapping ok
[    2.244660] input: NVIDIA Tegra Beaver Headphones as /devices/soc0/sound.4/sound/card0/input0
[    2.254517] TCP: cubic registered
[    2.258069] NET: Registered protocol family 10
[    2.263707] mip6: Mobile IPv6
[    2.266685] sit: IPv6 over IPv4 tunneling driver
[    2.273580] NET: Registered protocol family 17
[    2.278094] NET: Registered protocol family 15
[    2.282639] Bluetooth: RFCOMM socket layer initialized
[    2.287802] Bluetooth: RFCOMM ver 1.11
[    2.291548] Bluetooth: BNEP (Ethernet Emulation) ver 1.3
[    2.296868] Bluetooth: BNEP socket layer initialized
[    2.301818] Bluetooth: HIDP (Human Interface Emulation) ver 1.2
[    2.307741] Bluetooth: HIDP socket layer initialized
[    2.313710] Registering SWP/SWPB emulation handler
[    2.319289] vdd_sata,avdd_plle: disabling
[    2.325547] chargepump_5v: 5000 mV 
[    2.331186] vdd_ddr: 1500 mV 
[    2.334219] vdd_ddr: supplied by vdd_5v_in
[    2.338699] vdd_5v_sata: 5000 mV 
[    2.342061] vdd_5v_sata: supplied by vdd_5v_in
[    2.346869] usb1_vbus: 5000 mV 
[    2.350074] usb1_vbus: supplied by vdd_5v_in
[    2.354690] usb3_vbus: 5000 mV 
[    2.357892] usb3_vbus: supplied by vdd_5v_in
[    2.363919] sys_3v3,vdd_3v3_alw: 3300 mV 
[    2.367987] sys_3v3,vdd_3v3_alw: supplied by vdd_5v_in
[    2.373490] sys_3v3_pexs: 3300 mV 
[    2.377227] sys_3v3_pexs: supplied by sys_3v3,vdd_3v3_alw
[    2.383146] tegra-pcie 3000.pcie-controller: 2x3 configuration
[    2.393557] tegra-pcie 3000.pcie-controller: probing port 0, using 2 lanes
[    2.454737] tegra-pcie 3000.pcie-controller: probing port 2, using 2 lanes
[    2.865839] tegra-pcie 3000.pcie-controller: link 2 down, retrying
[    3.276232] tegra-pcie 3000.pcie-controller: link 2 down, retrying
[    3.686656] tegra-pcie 3000.pcie-controller: link 2 down, retrying
[    3.694837] tegra-pcie 3000.pcie-controller: link 2 down, ignoring
[    3.701370] tegra-pcie 3000.pcie-controller: PCI host bridge to bus 0000:00
[    3.708332] pci_bus 0000:00: root bus resource [mem 0x20000000-0x27ffffff]
[    3.715192] pci_bus 0000:00: root bus resource [mem 0x28000000-0x3fffffff pref]
[    3.722493] pci_bus 0000:00: root bus resource [bus 00-ff]
[    3.727972] pci_bus 0000:00: root bus resource [io  0x1000-0xffff]
[    3.734171] pci 0000:00:01.0: [10de:0e1c] type 01 class 0x060400
[    3.740226] pci 0000:00:01.0: PME# supported from D0 D1 D2 D3hot D3cold
[    3.747290] PCI: bus0: Fast back to back transfers disabled
[    3.752851] pci 0000:00:01.0: bridge configuration invalid ([bus 00-00]), reconfiguring
[    3.761116] pci 0000:01:00.0: [10ec:8168] type 00 class 0x020000
[    3.767137] pci 0000:01:00.0: reg 0x10: [io  0x0000-0x00ff]
[    3.772707] pci 0000:01:00.0: reg 0x18: [mem 0x00000000-0x00000fff 64bit pref]
[    3.779929] pci 0000:01:00.0: reg 0x20: [mem 0x00000000-0x00003fff 64bit pref]
[    3.787185] pci 0000:01:00.0: supports D1 D2
[    3.791443] pci 0000:01:00.0: PME# supported from D0 D1 D2 D3hot D3cold
[    3.816449] PCI: bus1: Fast back to back transfers disabled
[    3.822012] pci_bus 0000:01: busn_res: [bus 01-ff] end is updated to 01
[    3.828653] pci 0000:00:01.0: BAR 9: assigned [mem 0x28000000-0x280fffff 64bit pref]
[    3.836378] pci 0000:00:01.0: BAR 7: assigned [io  0x1000-0x1fff]
[    3.842472] pci 0000:01:00.0: BAR 4: assigned [mem 0x28000000-0x28003fff 64bit pref]
[    3.850214] pci 0000:01:00.0: BAR 2: assigned [mem 0x28004000-0x28004fff 64bit pref]
[    3.857953] pci 0000:01:00.0: BAR 0: assigned [io  0x1000-0x10ff]
[    3.864034] pci 0000:00:01.0: PCI bridge to [bus 01]
[    3.868994] pci 0000:00:01.0:   bridge window [io  0x1000-0x1fff]
[    3.875074] pci 0000:00:01.0:   bridge window [mem 0x28000000-0x280fffff 64bit pref]
[    3.882820] pci 0000:00:01.0: nv_msi_ht_cap_quirk didn't locate host bridge
[    3.890268] pcieport 0000:00:01.0: Signaling PME through PCIe PME interrupt
[    3.897228] pci 0000:01:00.0: Signaling PME through PCIe PME interrupt
[    3.903741] pcie_pme 0000:00:01.0:pcie01: service driver pcie_pme loaded
[    3.910655] r8169 Gigabit Ethernet driver 2.3LK-NAPI loaded
[    3.916254] r8169 0000:01:00.0: enabling device (0140 -> 0143)
[    3.923499] r8169 0000:01:00.0 eth0: RTL8168evl/8111evl at 0xf002e000, 02:04:4b:01:60:a6, XID 0c900800 IRQ 473
[    3.933495] r8169 0000:01:00.0 eth0: jumbo features [frames: 9200 bytes, tx checksumming: ko]
[    3.944007] [drm] Supports vblank timestamp caching Rev 2 (21.10.2013).
[    3.950684] [drm] No driver support for vblank timestamp query.
[    3.956652] host1x drm: No connectors reported connected with modes
[    3.962908] [drm] Cannot find any crtc or sizes - going 1024x768
[    3.984522] Console: switching to colour frame buffer device 128x48
[    3.996470] host1x drm: fb0:  frame buffer device
[    4.001160] host1x drm: registered panic notifier
[    4.005856] [drm] Initialized tegra 0.0.0 20120330 on minor 0
[    4.011859] platform 7d004000.usb: Driver tegra-ehci requests probe deferral
[    4.019096] platform 7d008000.usb: Driver tegra-ehci requests probe deferral
[    4.030368] tegra-ehci 7d004000.usb: EHCI Host Controller
[    4.035781] tegra-ehci 7d004000.usb: new USB bus registered, assigned bus number 1
[    4.043693] tegra-ehci 7d004000.usb: irq 53, io mem 0x7d004000
[    4.066438] tegra-ehci 7d004000.usb: USB 2.0 started, EHCI 1.00
[    4.073549] hub 1-0:1.0: USB hub found
[    4.077353] hub 1-0:1.0: 1 port detected
[    4.082000] tegra-ehci 7d008000.usb: EHCI Host Controller
[    4.087441] tegra-ehci 7d008000.usb: new USB bus registered, assigned bus number 2
[    4.095264] tegra-ehci 7d008000.usb: irq 129, io mem 0x7d008000
[    4.116435] tegra-ehci 7d008000.usb: USB 2.0 started, EHCI 1.00
[    4.123465] hub 2-0:1.0: USB hub found
[    4.127259] hub 2-0:1.0: 1 port detected
[    4.135117] tps65910-rtc tps65910-rtc: setting system clock to 2000-01-01 00:00:02 UTC (946684802)
[    4.153118] ALSA device list:
[    4.156088]   #0: NVIDIA Tegra Beaver
[    4.166321] kjournald starting.  Commit interval 5 seconds
[    4.166356] EXT3-fs (mmcblk0p1): warning: mounting fs with errors, running e2fsck is recommended
[    4.167750] EXT3-fs (mmcblk0p1): using internal journal
[    4.167759] EXT3-fs (mmcblk0p1): recovery complete
[    4.167761] EXT3-fs (mmcblk0p1): mounted filesystem with writeback data mode
[    4.167818] VFS: Mounted root (ext3 filesystem) on device 179:1.
[    4.170056] devtmpfs: mounted
[    4.170331] Freeing unused kernel memory: 260K (c07ba000 - c07fb000)
[    4.446497] usb 2-1: new high-speed USB device number 2 using tegra-ehci
bash: cannot set terminal process group (-1): Inappropriate ioctl for device
bash: no job control in this shell
root@(none):/# [    4.928909] asix 2-1:1.0 eth1: register 'asix' at usb-7d008000.usb-1, ASIX AX88772 USB 2.0 Ethernet, 00:50:b6:0f:68:6d
