
U-Boot SPL 2014.07-00097-g772e173 (Jul 25 2014 - 20:02:52)


U-Boot 2014.07-00097-g772e173 (Jul 25 2014 - 20:02:52)

TEGRA124
Board: NVIDIA Jetson TK1
I2C:   ready
DRAM:  2 GiB
MMC:   Tegra SD/MMC: 0, Tegra SD/MMC: 1
In:    serial
Out:   serial
Err:   serial
Net:   Net Initialization Skipped
No ethernet found.
Hit any key to stop autoboot:  2  0 
Tegra124 (Jetson TK1) # 
Tegra124 (Jetson TK1) # usb reset
(Re)start USB...
USB0:   USB EHCI 1.10
scanning bus 0 for devices... 1 USB Device(s) found
USB1:   USB EHCI 1.10
scanning bus 1 for devices... 2 USB Device(s) found
       scanning usb for storage devices... 0 Storage Device(s) found
       scanning usb for ethernet devices... 
Warning: asx0 using MAC address from net device
1 Ethernet Device(s) found
Tegra124 (Jetson TK1) # setenv bootargs 'ignore_loglevel console=ttyS0,115200n8 rw root=/dev/mmcblk0p1 rootwait gpt debug init=/bin/bash noinitrd'
Tegra124 (Jetson TK1) # setenv ipaddr 192.168.100.102; setenv serverip 192.168.100.1; setenv tftpserverip 192.168.100.1
Tegra124 (Jetson TK1) # tftpboot 0x81000000 zImage.tegra_defconfig%tegra124_mergeconfig
Using asx0 device
TFTP from server 192.168.100.1; our IP address is 192.168.100.102
Filename 'zImage.tegra_defconfig%tegra124_mergeconfig'.
Load address: 0x81000000
Loading: *#################################################################
	 #################################################################
	 #################################################################
	 #################################################################
	 #################################################################
	 3.3 MiB/s
done
Bytes transferred = 4762728 (48ac68 hex)
Tegra124 (Jetson TK1) # tftpboot 0x82000000 tegra124-jetson-tk1.dtb
Using asx0 device
TFTP from server 192.168.100.1; our IP address is 192.168.100.102
Filename 'tegra124-jetson-tk1.dtb'.
Load address: 0x82000000
Loading: *####
	 3.3 MiB/s
done
Bytes transferred = 48898 (bf02 hex)
Tegra124 (Jetson TK1) # bootz 0x81000000 - 0x82000000
Kernel image @ 0x81000000 [ 0x000000 - 0x48ac68 ]
## Flattened Device Tree blob at 82000000
   Booting using the fdt blob at 0x82000000
   Using Device Tree in place at 82000000, end 8200ef01

Starting kernel ...

Uncompressing Linux... done, booting the kernel.
[    0.000000] Booting Linux on physical CPU 0x0
[    0.000000] Initializing cgroup subsys cpu
[    0.000000] Initializing cgroup subsys cpuacct
[    0.000000] Linux version 3.19.0-rc5-next-20150121-72930-ge1e1281 (pwalmsley@kaivo) (gcc version 4.7.3 20130328 (prerelease) (crosstool-NG linaro-1.13.1-4.7-2013.04-20130415 - Linaro GCC 2013.04) ) #1 SMP PREEMPT Wed Jan 21 00:59:18 PST 2015
[    0.000000] CPU: ARMv7 Processor [413fc0f3] revision 3 (ARMv7), cr=10c5387d
[    0.000000] CPU: PIPT / VIPT nonaliasing data cache, PIPT instruction cache
[    0.000000] Machine model: NVIDIA Tegra124 Jetson TK1
[    0.000000] debug: ignoring loglevel setting.
[    0.000000] cma: Reserved 64 MiB at 0xfbc00000
[    0.000000] Memory policy: Data cache writealloc
[    0.000000] On node 0 totalpages: 524032
[    0.000000] free_area_init_node: node 0, pgdat c091a980, node_mem_map ee7f7000
[    0.000000]   Normal zone: 1520 pages used for memmap
[    0.000000]   Normal zone: 0 pages reserved
[    0.000000]   Normal zone: 194560 pages, LIFO batch:31
[    0.000000]   HighMem zone: 329472 pages, LIFO batch:31
[    0.000000] PERCPU: Embedded 11 pages/cpu @ee799000 s13440 r8192 d23424 u45056
[    0.000000] pcpu-alloc: s13440 r8192 d23424 u45056 alloc=11*4096
[    0.000000] pcpu-alloc: [0] 0 [0] 1 [0] 2 [0] 3 
[    0.000000] Built 1 zonelists in Zone order, mobility grouping on.  Total pages: 522512
[    0.000000] Kernel command line: ignore_loglevel console=ttyS0,115200n8 rw root=/dev/mmcblk0p1 rootwait gpt debug init=/bin/bash noinitrd
[    0.000000] PID hash table entries: 4096 (order: 2, 16384 bytes)
[    0.000000] Dentry cache hash table entries: 131072 (order: 7, 524288 bytes)
[    0.000000] Inode-cache hash table entries: 65536 (order: 6, 262144 bytes)
[    0.000000] Memory: 2003304K/2096128K available (6547K kernel code, 305K rwdata, 2148K rodata, 292K init, 351K bss, 27288K reserved, 65536K cma-reserved, 1252352K highmem)
[    0.000000] Virtual kernel memory layout:
[    0.000000]     vector  : 0xffff0000 - 0xffff1000   (   4 kB)
[    0.000000]     fixmap  : 0xffc00000 - 0xfff00000   (3072 kB)
[    0.000000]     vmalloc : 0xf0000000 - 0xff000000   ( 240 MB)
[    0.000000]     lowmem  : 0xc0000000 - 0xef800000   ( 760 MB)
[    0.000000]     pkmap   : 0xbfe00000 - 0xc0000000   (   2 MB)
[    0.000000]     modules : 0xbf000000 - 0xbfe00000   (  14 MB)
[    0.000000]       .text : 0xc0008000 - 0xc08860f8   (8697 kB)
[    0.000000]       .init : 0xc0887000 - 0xc08d0000   ( 292 kB)
[    0.000000]       .data : 0xc08d0000 - 0xc091c4a0   ( 306 kB)
[    0.000000]        .bss : 0xc091c4a0 - 0xc09740ac   ( 352 kB)
[    0.000000] Preemptible hierarchical RCU implementation.
[    0.000000] 	Additional per-CPU info printed with stalls.
[    0.000000] NR_IRQS:16 nr_irqs:16 16
[    0.000000] L2C: failed to init: -19
[    0.000008] sched_clock: 32 bits at 1000kHz, resolution 1000ns, wraps every 2147483648000ns
[    0.000031] Switching to timer-based delay loop, resolution 1000ns
[    0.001167] Architected cp15 timer(s) running at 12.00MHz (virt).
[    0.001191] sched_clock: 56 bits at 12MHz, resolution 83ns, wraps every 2863311536128ns
[    0.001204] Switching to timer-based delay loop, resolution 83ns
[    0.001614] Console: colour dummy device 80x30
[    0.001638] Calibrating delay loop (skipped), value calculated using timer frequency.. 24.00 BogoMIPS (lpj=120000)
[    0.001653] pid_max: default: 32768 minimum: 301
[    0.002045] Mount-cache hash table entries: 2048 (order: 1, 8192 bytes)
[    0.002057] Mountpoint-cache hash table entries: 2048 (order: 1, 8192 bytes)
[    0.003419] Initializing cgroup subsys freezer
[    0.003446] Initializing cgroup subsys debug
[    0.003507] CPU: Testing write buffer coherency: ok
[    0.003810] /cpus/cpu@0 missing clock-frequency property
[    0.003844] /cpus/cpu@1 missing clock-frequency property
[    0.003878] /cpus/cpu@2 missing clock-frequency property
[    0.003913] /cpus/cpu@3 missing clock-frequency property
[    0.003925] CPU0: thread -1, cpu 0, socket 0, mpidr 80000000
[    0.003973] Setting up static identity map for 0x80634e50 - 0x80634ee8
[    0.041329] Tegra Revision: A01 SKU: 129 CPU Process: 1 Core Process: 1
[    0.061769] CPU1: thread -1, cpu 1, socket 0, mpidr 80000001
[    0.081783] CPU2: thread -1, cpu 2, socket 0, mpidr 80000002
[    0.101800] CPU3: thread -1, cpu 3, socket 0, mpidr 80000003
[    0.101883] Brought up 4 CPUs
[    0.101905] SMP: Total of 4 processors activated (96.00 BogoMIPS).
[    0.101913] CPU: All CPU(s) started in SVC mode.
[    0.102793] devtmpfs: initialized
[    0.104421] VFP support v0.3: implementor 41 architecture 4 part 30 variant f rev 0
[    0.106587] pinctrl core: initialized pinctrl subsystem
[    0.148837] NET: Registered protocol family 16
[    0.150271] DMA: preallocated 256 KiB pool for atomic coherent allocations
[    0.181138] cpuidle: using governor ladder
[    0.211130] cpuidle: using governor menu
[    0.231997] No ATAGs?
[    0.232034] hw-breakpoint: found 5 (+1 reserved) breakpoint and 4 watchpoint registers.
[    0.232045] hw-breakpoint: maximum watchpoint size is 8 bytes.
[    0.284475] +5V_SYS: supplied by +VDD_MUX
[    0.285036] +3.3V_SYS: supplied by +VDD_MUX
[    0.285278] platform regulators:regulator@3: Driver reg-fixed-voltage requests probe deferral
[    0.285733] reg-fixed-voltage regulators:regulator@4: Failed to find supply vin
[    0.285925] reg-fixed-voltage regulators:regulator@4: Failed to register regulator: -517
[    0.285952] platform regulators:regulator@4: Driver reg-fixed-voltage requests probe deferral
[    0.286320] +USB0_VBUS_SW: Failed to request enable GPIO108: -517
[    0.286489] reg-fixed-voltage regulators:regulator@7: Failed to register regulator: -517
[    0.286514] platform regulators:regulator@7: Driver reg-fixed-voltage requests probe deferral
[    0.286879] +5V_USB_HS: Failed to request enable GPIO109: -517
[    0.287044] reg-fixed-voltage regulators:regulator@8: Failed to register regulator: -517
[    0.287070] platform regulators:regulator@8: Driver reg-fixed-voltage requests probe deferral
[    0.287185] platform regulators:regulator@10: Driver reg-fixed-voltage requests probe deferral
[    0.287546] +1.05V_RUN_AVDD_HDMI_PLL: Failed to request enable GPIO63: -517
[    0.287712] reg-fixed-voltage regulators:regulator@11: Failed to register regulator: -517
[    0.287737] platform regulators:regulator@11: Driver reg-fixed-voltage requests probe deferral
[    0.288098] +5V_HDMI_CON: Failed to request enable GPIO86: -517
[    0.288263] reg-fixed-voltage regulators:regulator@12: Failed to register regulator: -517
[    0.288288] platform regulators:regulator@12: Driver reg-fixed-voltage requests probe deferral
[    0.288649] +5V_SATA: Failed to request enable GPIO242: -517
[    0.288813] reg-fixed-voltage regulators:regulator@13: Failed to register regulator: -517
[    0.288839] platform regulators:regulator@13: Driver reg-fixed-voltage requests probe deferral
[    0.289199] +12V_SATA: Failed to request enable GPIO242: -517
[    0.289363] reg-fixed-voltage regulators:regulator@14: Failed to register regulator: -517
[    0.289388] platform regulators:regulator@14: Driver reg-fixed-voltage requests probe deferral
[    0.291194] vgaarb: loaded
[    0.292619] SCSI subsystem initialized
[    0.292942] libata version 3.00 loaded.
[    0.293640] usbcore: registered new interface driver usbfs
[    0.293800] usbcore: registered new interface driver hub
[    0.293964] usbcore: registered new device driver usb
[    0.299020] Linux video capture interface: v2.00
[    0.299143] pps_core: LinuxPPS API ver. 1 registered
[    0.299152] pps_core: Software ver. 5.3.6 - Copyright 2005-2007 Rodolfo Giometti <giometti@linux.it>
[    0.299220] PTP clock support registered
[    0.300080] Advanced Linux Sound Architecture Driver Initialized.
[    0.301548] Bluetooth: Core ver 2.20
[    0.301628] NET: Registered protocol family 31
[    0.301637] Bluetooth: HCI device and connection manager initialized
[    0.301660] Bluetooth: HCI socket layer initialized
[    0.301680] Bluetooth: L2CAP socket layer initialized
[    0.301733] Bluetooth: SCO socket layer initialized
[    0.302352] cfg80211: Calling CRDA to update world regulatory domain
[    0.303165] Switched to clocksource arch_sys_counter
[    0.328913] NET: Registered protocol family 2
[    0.330106] TCP established hash table entries: 8192 (order: 3, 32768 bytes)
[    0.330213] TCP bind hash table entries: 8192 (order: 4, 65536 bytes)
[    0.330399] TCP: Hash tables configured (established 8192 bind 8192)
[    0.330811] TCP: reno registered
[    0.330826] UDP hash table entries: 512 (order: 2, 16384 bytes)
[    0.330869] UDP-Lite hash table entries: 512 (order: 2, 16384 bytes)
[    0.331235] NET: Registered protocol family 1
[    0.331977] RPC: Registered named UNIX socket transport module.
[    0.331987] RPC: Registered udp transport module.
[    0.331996] RPC: Registered tcp transport module.
[    0.332003] RPC: Registered tcp NFSv4.1 backchannel transport module.
[    0.332026] PCI: CLS 0 bytes, default 64
[    0.336389] futex hash table entries: 1024 (order: 4, 65536 bytes)
[    0.338773] squashfs: version 4.0 (2009/01/31) Phillip Lougher
[    0.341182] bounce: pool size: 64 pages
[    0.341200] io scheduler noop registered (default)
[    0.351785] tegra-pcie 1003000.pcie-controller: 2x1, 1x1 configuration
[    0.351837] tegra-pcie 1003000.pcie-controller: Failed to get supply 'avddio-pex': -517
[    0.351878] platform 1003000.pcie-controller: Driver tegra-pcie requests probe deferral
[    0.363055] tegra-apbdma 60020000.dma: Tegra20 APB DMA driver register 32 channels
[    0.364313] Serial: 8250/16550 driver, 4 ports, IRQ sharing disabled
[    0.368023] console [ttyS0] disabled
[    0.368078] 70006300.serial: ttyS0 at MMIO 0x70006300 (irq = 330, base_baud = 25500000) is a Tegra
[    1.241112] console [ttyS0] enabled
[    1.246018] [drm] Initialized drm 1.1.0 20060810
[    1.251924] tegra-hdmi 54280000.hdmi: failed to get HDMI regulator
[    1.258213] platform 54280000.hdmi: Driver tegra-hdmi requests probe deferral
[    1.282687] loop: module loaded
[    1.286453] at24 0-0056: 256 byte 24c02 EEPROM, writable, 8 bytes/write
[    1.293910] as3722 4-0040: AS3722 with revision 0x1 found
[    1.306238] +1.35V_LP0(sd2): supplied by +5V_SYS
[    1.311659] +1.35V_LP0(sd3): supplied by +5V_SYS
[    1.317114] +1.05V_RUN: supplied by +5V_SYS
[    1.321986] +1.8V_VDDIO: supplied by +5V_SYS
[    1.328639] +1.05V_RUN_AVDD: supplied by +1.35V_LP0(sd2)
[    1.335284] as3722-regulator as3722-regulator: Failed to find supply vin-ldo1-6
[    1.342774] as3722-regulator as3722-regulator: regulator 8 register failed -517
[    1.352040] platform as3722-regulator: Driver as3722-regulator requests probe deferral
[    1.361928] tegra-ahci 70027000.sata: Failed to get supply 'avdd': -517
[    1.368557] tegra-ahci 70027000.sata: Failed to get regulators
[    1.374428] Unable to handle kernel paging request at virtual address 6b6b6b9f
[    1.381638] pgd = c0004000
[    1.384466] [6b6b6b9f] *pgd=00000000
[    1.388050] Internal error: Oops: 5 [#1] PREEMPT SMP ARM
[    1.393352] Modules linked in:
[    1.396417] CPU: 0 PID: 1 Comm: swapper/0 Not tainted 3.19.0-rc5-next-20150121-72930-ge1e1281 #1
[    1.405186] Hardware name: NVIDIA Tegra SoC (Flattened Device Tree)
[    1.411443] task: ee053840 ti: ee054000 task.ti: ee054000
[    1.416840] PC is at _regulator_put+0x14/0xa0
[    1.421191] LR is at regulator_put+0x1c/0x2c
[    1.425456] pc : [<c0276438>]    lr : [<c02764e0>]    psr: 00000113
[    1.425456] sp : ee055e40  ip : ee189edc  fp : 00000000
[    1.436914] r10: c02f7a88  r9 : c02f7a84  r8 : ee055e70
[    1.442130] r7 : 0000000d  r6 : 00000005  r5 : 6b6b6b6b  r4 : 6b6b6b6b
[    1.448647] r3 : ee053840  r2 : ee055e48  r1 : 00000000  r0 : 6b6b6b6b
[    1.455164] Flags: nzcv  IRQs on  FIQs on  Mode SVC_32  ISA ARM  Segment kernel
[    1.462460] Control: 10c5387d  Table: 8000406a  DAC: 00000015
[    1.468196] Process swapper/0 (pid: 1, stack limit = 0xee054210)
[    1.474193] Stack: (0xee055e40 to 0xee056000)
[    1.478545] 5e40: c08e5724 6b6b6b6b 00000005 c02764e0 6b6b6b6b 00000001 ed80a410 c0346770
[    1.486712] 5e60: ed80a400 ee055e70 ee189e10 c02f7fcc ed80a400 ed8608c0 ee189e10 c09635fc
[    1.494877] 5e80: fffffdfb c08f6938 00000000 c08bc344 00000000 c02f547c ee189e10 c08f6938
[    1.503043] 5ea0: ee189e44 00000000 c08a406c c02f56c4 00000000 c08f6938 c02f5638 c02f3d50
[    1.511208] 5ec0: ee036560 ee1609b4 c08f6938 ed80a480 c08f3ca8 c02f4d18 c07d2ddc c08f6938
[    1.519373] 5ee0: c08d5e58 c08f6938 c08d5e58 ed860640 c091c4c0 c02f5ce8 00000000 c08d5e58
[    1.527538] 5f00: c08d5e58 c0008b04 c0637d14 00000014 00000000 00000000 00000000 c012c3b8
[    1.535703] 5f20: 00000000 c08d9c84 60000113 00000001 ef7fcca0 c0653c7c 000000d9 c003af9c
[    1.543868] 5f40: c084d9a4 00000006 ef7fcca8 00000006 c08d9c4c ef7fcc40 c08ca100 00000006
[    1.552033] 5f60: c08bc338 c091c4c0 000000d9 c08bc344 c0887598 c0887d80 00000006 00000006
[    1.560197] 5f80: c0887598 7fffffff 00000000 c0629d38 00000000 00000000 00000000 00000000
[    1.568361] 5fa0: 00000000 c0629d40 00000000 c000e9c0 00000000 00000000 00000000 00000000
[    1.576525] 5fc0: 00000000 00000000 00000000 00000000 00000000 00000000 00000000 00000000
[    1.584691] 5fe0: 00000000 00000000 00000000 00000000 00000013 00000000 ffffffff ffffffff
[    1.592867] [<c0276438>] (_regulator_put) from [<c02764e0>] (regulator_put+0x1c/0x2c)
[    1.600692] [<c02764e0>] (regulator_put) from [<c0346770>] (ahci_platform_put_resources+0x74/0xa0)
[    1.609643] [<c0346770>] (ahci_platform_put_resources) from [<c02f7fcc>] (release_nodes+0x164/0x1d8)
[    1.618774] [<c02f7fcc>] (release_nodes) from [<c02f547c>] (driver_probe_device+0x70/0x22c)
[    1.627120] [<c02f547c>] (driver_probe_device) from [<c02f56c4>] (__driver_attach+0x8c/0x90)
[    1.635551] [<c02f56c4>] (__driver_attach) from [<c02f3d50>] (bus_for_each_dev+0x54/0x88)
[    1.643724] [<c02f3d50>] (bus_for_each_dev) from [<c02f4d18>] (bus_add_driver+0xd4/0x1d0)
[    1.651896] [<c02f4d18>] (bus_add_driver) from [<c02f5ce8>] (driver_register+0x78/0xf4)
[    1.659895] [<c02f5ce8>] (driver_register) from [<c0008b04>] (do_one_initcall+0x80/0x1d0)
[    1.668065] [<c0008b04>] (do_one_initcall) from [<c0887d80>] (kernel_init_freeable+0x108/0x1d4)
[    1.676755] [<c0887d80>] (kernel_init_freeable) from [<c0629d40>] (kernel_init+0x8/0xec)
[    1.684840] [<c0629d40>] (kernel_init) from [<c000e9c0>] (ret_from_fork+0x14/0x34)
[    1.692400] Code: e2504000 08bd8070 e3740a01 88bd8070 (e5940034) 
[    1.698529] ---[ end trace 5292225761c2beff ]---
[    1.703177] Kernel panic - not syncing: Attempted to kill init! exitcode=0x0000000b
[    1.703177] 
[    1.712302] CPU3: stopping
[    1.715013] CPU: 3 PID: 0 Comm: swapper/3 Tainted: G      D         3.19.0-rc5-next-20150121-72930-ge1e1281 #1
[    1.724996] Hardware name: NVIDIA Tegra SoC (Flattened Device Tree)
[    1.731270] [<c0015a50>] (unwind_backtrace) from [<c0011488>] (show_stack+0x10/0x14)
[    1.739012] [<c0011488>] (show_stack) from [<c062dba0>] (dump_stack+0x80/0xcc)
[    1.746230] [<c062dba0>] (dump_stack) from [<c0014298>] (handle_IPI+0x130/0x15c)
[    1.753618] [<c0014298>] (handle_IPI) from [<c00087d4>] (gic_handle_irq+0x54/0x5c)
[    1.761180] [<c00087d4>] (gic_handle_irq) from [<c0012000>] (__irq_svc+0x40/0x74)
[    1.768649] Exception stack(0xee07bf98 to 0xee07bfe0)
[    1.773692] bf80:                                                       ffffffed 00000000
[    1.781858] bfa0: ee07bfe8 c001ee40 c08d24f8 c08d2494 00000000 00000000 c08cd9c0 c08ccd98
[    1.790023] bfc0: ffffffed 00000000 00000000 ee07bfe0 c000f48c c000f490 60000113 ffffffff
[    1.798194] [<c0012000>] (__irq_svc) from [<c000f490>] (arch_cpu_idle+0x30/0x3c)
[    1.805590] [<c000f490>] (arch_cpu_idle) from [<c0054680>] (cpu_startup_entry+0x1a0/0x274)
[    1.813848] [<c0054680>] (cpu_startup_entry) from [<80008864>] (0x80008864)
[    1.820799] CPU2: stopping
[    1.823509] CPU: 2 PID: 0 Comm: swapper/2 Tainted: G      D         3.19.0-rc5-next-20150121-72930-ge1e1281 #1
[    1.833492] Hardware name: NVIDIA Tegra SoC (Flattened Device Tree)
[    1.839764] [<c0015a50>] (unwind_backtrace) from [<c0011488>] (show_stack+0x10/0x14)
[    1.847505] [<c0011488>] (show_stack) from [<c062dba0>] (dump_stack+0x80/0xcc)
[    1.854721] [<c062dba0>] (dump_stack) from [<c0014298>] (handle_IPI+0x130/0x15c)
[    1.862108] [<c0014298>] (handle_IPI) from [<c00087d4>] (gic_handle_irq+0x54/0x5c)
[    1.869670] [<c00087d4>] (gic_handle_irq) from [<c0012000>] (__irq_svc+0x40/0x74)
[    1.877139] Exception stack(0xee079f98 to 0xee079fe0)
[    1.882183] 9f80:                                                       ffffffed 00000000
[    1.890349] 9fa0: ee079fe8 c001ee40 c08d24f8 c08d2494 00000000 00000000 c08cd9c0 c08ccd98
[    1.898513] 9fc0: ffffffed 00000000 00000000 ee079fe0 c000f48c c000f490 60000113 ffffffff
[    1.906685] [<c0012000>] (__irq_svc) from [<c000f490>] (arch_cpu_idle+0x30/0x3c)
[    1.914079] [<c000f490>] (arch_cpu_idle) from [<c0054680>] (cpu_startup_entry+0x1a0/0x274)
[    1.922334] [<c0054680>] (cpu_startup_entry) from [<80008864>] (0x80008864)
[    1.929284] CPU1: stopping
[    1.931993] CPU: 1 PID: 0 Comm: swapper/1 Tainted: G      D         3.19.0-rc5-next-20150121-72930-ge1e1281 #1
[    1.941978] Hardware name: NVIDIA Tegra SoC (Flattened Device Tree)
[    1.948247] [<c0015a50>] (unwind_backtrace) from [<c0011488>] (show_stack+0x10/0x14)
[    1.955987] [<c0011488>] (show_stack) from [<c062dba0>] (dump_stack+0x80/0xcc)
[    1.963204] [<c062dba0>] (dump_stack) from [<c0014298>] (handle_IPI+0x130/0x15c)
[    1.970592] [<c0014298>] (handle_IPI) from [<c00087d4>] (gic_handle_irq+0x54/0x5c)
[    1.978155] [<c00087d4>] (gic_handle_irq) from [<c0012000>] (__irq_svc+0x40/0x74)
[    1.985624] Exception stack(0xee077f98 to 0xee077fe0)
[    1.990668] 7f80:                                                       ffffffed 00000000
[    1.998835] 7fa0: ee077fe8 c001ee40 c08d24f8 c08d2494 00000000 00000000 c08cd9c0 c08ccd98
[    2.007000] 7fc0: ffffffed 00000000 00000000 ee077fe0 c000f48c c000f490 60000113 ffffffff
[    2.015172] [<c0012000>] (__irq_svc) from [<c000f490>] (arch_cpu_idle+0x30/0x3c)
[    2.022565] [<c000f490>] (arch_cpu_idle) from [<c0054680>] (cpu_startup_entry+0x1a0/0x274)
[    2.030820] [<c0054680>] (cpu_startup_entry) from [<80008864>] (0x80008864)
[    2.037774] ---[ end Kernel panic - not syncing: Attempted to kill init! exitcode=0x0000000b
[    2.037774] 
