

U-Boot 2015.04-00466-gedec83e90172 (Mar 14 2016 - 10:42:01)

TEGRA124
Model: Acer Chromebook 13 CB5-311
DRAM:  4 GiB
:   Tegra SD/MMC: 0, Tegra SD/MMC: 1, Tegra SD/MMC: 2
MMC init failed
Using default environment

In:    serial
Out:   serial
Err:   serial
Net:   Net Initialization Skipped
No ethernet found.
Hit any key to stop autoboot:  2  1  0 
Tegra124 (Nyan-big) # 
Tegra124 (Nyan-big) # usb start
starting USB...
USB0:   USB EHCI 1.10
scanning bus 0 for devices... 2 USB Device(s) found
USB1:   USB EHCI 1.10
scanning bus 1 for devices... 2 USB Device(s) found
       scanning usb for storage devices... 1 Storage Device(s) found
       scanning usb for ethernet devices... 
Warning: asx0 using MAC address from net device
1 Ethernet Device(s) found
Tegra124 (Nyan-big) # setenv bootargs 'ignore_loglevel console=ttyS0,115200n8 rw root=PARTUUID=4d36e82a-b3c0-4b4b-bfcd-afe5217ac023 rootwait gpt debug noinitrd earlyprintk init=/bin/bash'
Tegra124 (Nyan-big) # setenv ipaddr 192.168.100.102; setenv serverip 192.168.100.1; setenv tftpserverip 192.168.100.1
Tegra124 (Nyan-big) # tftpboot 0x82000000 zImage.tegra_defconfig
Using asx0 device
TFTP from server 192.168.100.1; our IP address is 192.168.100.102
Filename 'zImage.tegra_defconfig'.
Load address: 0x82000000
Loading: *#################################################################
	 #################################################################
	 #################################################################
	 #################################################################
	 #################################################################
	 ##############################################
	 3.4 MiB/s
done
Bytes transferred = 5434080 (52eae0 hex)
Tegra124 (Nyan-big) # tftpboot 0x83000000 tegra124-nyan-big.dtb
Using asx0 device
TFTP from server 192.168.100.1; our IP address is 192.168.100.102
Filename 'tegra124-nyan-big.dtb'.
Load address: 0x83000000
Loading: *#####
	 3.4 MiB/s
done
Bytes transferred = 66821 (10505 hex)
Tegra124 (Nyan-big) # bootz 0x82000000 - 0x83000000
Kernel image @ 0x82000000 [ 0x000000 - 0x52eae0 ]
## Flattened Device Tree blob at 83000000
   Booting using the fdt blob at 0x83000000
   Using Device Tree in place at 83000000, end 83013504

Starting kernel ...

[    3.235570] console [ttyS0] enabled
[    3.239046] bootconsole [earlycon0] disabled
[    3.244297] [drm] Initialized drm 1.1.0 20060810
[    3.249320] tegra-hdmi 54280000.hdmi: failed to get HDMI regulator
[    3.255903] tegra-dpaux 545c0000.dpaux: failed to get VDD supply: -517
[    3.263208] panel supply power not found, using dummy regulator
[    3.274589] loop: module loaded
[    3.278367] as3722 4-0040: AS3722 with revision 0x1 found
[    3.288484] as3722-sd2: supplied by +5V_SYS
[    3.292992] as3722-sd3: supplied by +5V_SYS
[    3.297349] +1.35V_LP0(sd3): Bringing 0uV into 1350000-1350000uV
[    3.303603] as3722-sd4: supplied by +5V_SYS
[    3.307949] +1.05V_RUN: Bringing 0uV into 1050000-1050000uV
[    3.313772] as3722-sd5: supplied by +5V_SYS
[    3.319569] as3722-ldo0: supplied by +1.35V_LP0(sd2)
[    3.325409] +1.8V_RUN_CAM: Bringing 0uV into 1800000-1800000uV
[    3.331514] as3722-ldo2: supplied by +1.8V_VDDIO
[    3.337251] as3722-ldo3: supplied by +3.3V_SYS
[    3.341701] +1.00V_LP0_VDD_RTC: Bringing 1100000uV into 1000000-1000000uV
[    3.349367] as3722-ldo4: supplied by +3.3V_SYS
[    3.353968] +3.3V_RUN_CAM: Bringing 0uV into 2800000-2800000uV
[    3.360080] as3722-ldo5: supplied by +1.8V_VDDIO
[    3.364859] +1.2V_RUN_CAM_FRONT: Bringing 0uV into 1200000-1200000uV
[    3.371639] +VDDIO_SDMMC3: Bringing 0uV into 1800000-1800000uV
[    3.377774] as3722-ldo7: supplied by +1.8V_VDDIO
[    3.382548] +1.05V_RUN_CAM_REAR: Bringing 0uV into 1050000-1050000uV
[    3.389192] as3722-ldo9: supplied by +5V_SYS
[    3.393765] +2.8V_RUN_TOUCH: Bringing 0uV into 2800000-2800000uV
[    3.400068] as3722-ldo10: supplied by +5V_SYS
[    3.404580] +2.8V_RUN_CAM_AF: Bringing 0uV into 2800000-2800000uV
[    3.411124] +1.8V_RUN_VPP_FUSE: Bringing 0uV into 1800000-1800000uV
[    3.464790] cros-ec-spi spi32766.0: Chrome EC device registered
[    3.474340] random: fast init done
[    3.480241] m25p80 spi32765.0: w25q32dw (4096 Kbytes)
[    3.486646] libphy: Fixed MDIO Bus: probed
[    3.490730] CAN device driver interface
[    3.494589] igb: Intel(R) Gigabit Ethernet Network Driver - version 5.3.0-k
[    3.501551] igb: Copyright (c) 2007-2014 Intel Corporation.
[    3.507224] pegasus: v0.9.3 (2013/04/25), Pegasus/Pegasus II USB Ethernet driver
[    3.514646] usbcore: registered new interface driver pegasus
[    3.520361] usbcore: registered new interface driver asix
[    3.525797] usbcore: registered new interface driver ax88179_178a
[    3.531913] usbcore: registered new interface driver cdc_ether
[    3.537803] usbcore: registered new interface driver smsc75xx
[    3.543587] usbcore: registered new interface driver smsc95xx
[    3.549363] usbcore: registered new interface driver net1080
[    3.555061] usbcore: registered new interface driver cdc_subset
[    3.561004] usbcore: registered new interface driver zaurus
[    3.566626] usbcore: registered new interface driver cdc_ncm
[    3.572368] ehci_hcd: USB 2.0 'Enhanced' Host Controller (EHCI) Driver
[    3.578893] ehci-pci: EHCI PCI platform driver
[    3.583363] tegra-ehci: Tegra EHCI driver
[    3.587703] usbcore: registered new interface driver cdc_acm
[    3.593346] cdc_acm: USB Abstract Control Model driver for USB modems and ISDN adapters
[    3.601377] usbcore: registered new interface driver cdc_wdm
[    3.607084] usbcore: registered new interface driver usb-storage
[    3.613344] mousedev: PS/2 mouse device common for all mice
[    3.619220] input: cros_ec as /devices/soc0/7000d400.spi/spi_master/spi32766/spi32766.0/7000d400.spi:cros-ec@0:keyboard-controller/input/input0
[    3.634194] as3722-rtc as3722-rtc: rtc core: registered as3722-rtc as rtc0
[    3.641068] as3722-rtc as3722-rtc: RTC interrupt 370
[    3.647974] tegra_rtc 7000e000.rtc: rtc core: registered 7000e000.rtc as rtc1
[    3.655140] tegra_rtc 7000e000.rtc: Tegra internal Real Time Clock
[    3.661438] i2c /dev entries driver
[    3.665699] usbcore: registered new interface driver uvcvideo
[    3.671430] USB Video Class driver (1.1.1)
[    3.675520] gspca_main: v2.14.0 registered
[    3.679894] 0-004c supply vcc not found, using dummy regulator
[    3.687715] tegra-wdt 60005000.timer: initialized (heartbeat = 120 sec, nowayout = 0)
[    3.696126] sdhci: Secure Digital Host Controller Interface driver
[    3.702290] sdhci: Copyright(c) Pierre Ossman
[    3.706651] sdhci-pltfm: SDHCI platform and OF driver helper
[    3.712436] sdhci-tegra 700b0000.sdhci: allocated mmc-pwrseq
[    3.718242] sdhci-tegra 700b0400.sdhci: Got CD GPIO
[    3.723113] sdhci-tegra 700b0400.sdhci: Got WP GPIO
[    3.728143] mmc0: Unknown controller version (3). You may experience problems.
[    3.735388] mmc0: Invalid maximum block size, assuming 512 bytes
[    3.804782] mmc0: SDHCI controller on 700b0600.sdhci [700b0600.sdhci] using ADMA
[    3.814618] usbcore: registered new interface driver usbhid
[    3.823109] usbhid: USB HID core driver
[    3.837605] tegra30-i2s 70301100.i2s: DMA channels sourced from device 70300000.ahub
[    3.885250] max98090 0-0010: MAX98090 REVID=0x43
[    3.892524] max98090 0-0010: use default 2.8v micbias
[    3.900243] tegra-snd-max98090 sound: HiFi <-> 70301100.i2s mapping ok
[    3.906799] mmc0: new high speed MMC card at address 0001
[    3.912590] mmcblk0: mmc0:0001 MMC16G 14.4 GiB 
[    3.917358] mmcblk0boot0: mmc0:0001 MMC16G partition 1 2.00 MiB
[    3.917940] input: GoogleNyanBig Headphones as /devices/soc0/sound/sound/card1/input1
[    3.918270] input: GoogleNyanBig Mic Jack as /devices/soc0/sound/sound/card1/input2
[    3.948917] mmcblk0boot1: mmc0:0001 MMC16G partition 2 2.00 MiB
[    3.964986] mmcblk0rpmb: mmc0:0001 MMC16G partition 3 128 KiB
[    3.973706]  mmcblk0: p1 p2 p3 p4 p5 p6 p7 p8 p9 p10 p11 p12
[    4.204753] NET: Registered protocol family 10
[    4.364766] mip6: Mobile IPv6
[    4.367725] sit: IPv6, IPv4 and MPLS over IPv4 tunneling driver
[    4.374686] NET: Registered protocol family 17
[    4.379140] NET: Registered protocol family 15
[    4.383569] can: controller area network core (rev 20120528 abi 9)
[    4.424790] NET: Registered protocol family 29
[    4.429222] can: raw protocol (rev 20120528)
[    4.433478] can: broadcast manager protocol (rev 20160617 t)
[    4.439134] can: netlink gateway (rev 20130117) max_hops=1
[    4.474799] Bluetooth: RFCOMM socket layer initialized
[    4.479931] Bluetooth: RFCOMM ver 1.11
[    4.483674] Bluetooth: BNEP (Ethernet Emulation) ver 1.3
[    4.488984] Bluetooth: BNEP socket layer initialized
[    4.493933] Bluetooth: HIDP (Human Interface Emulation) ver 1.2
[    4.499846] Bluetooth: HIDP socket layer initialized
[    4.504939] Key type dns_resolver registered
[    4.509653] Registering SWP/SWPB emulation handler
[    4.515474] +3.3V_RUN: supplied by +3.3V_SYS
[    4.520246] +3.3V_AVDD_HDMI_AP_GATED: supplied by +3.3V_RUN
[    4.525958] +1.8V_RUN_CAM: supplied by +3.3V_RUN
[    4.530676] +VDDIO_SDMMC3: supplied by +3.3V_RUN
[    4.535350] +1.8V_RUN_VPP_FUSE: supplied by +3.3V_RUN
[    4.540507] +VDD_LED: supplied by +VDD_MUX
[    4.544882] +5V_VDD_TS_SW: supplied by +5V_SYS
[    4.549649] +5V_USB_HS: supplied by +5V_SYS
[    4.554037] +5V_USB_SS: supplied by +5V_SYS
[    4.559247] +3.3V_PANEL: supplied by +3.3V_RUN
[    4.564626] +3.3V_LP0: supplied by +3.3V_SYS
[    4.569778] +1.05V_RUN_AVDD_HDMI_PLL: supplied by +1.05V_RUN
[    4.575690] +5V_HDMI_CON: supplied by +5V_SYS
[    4.581150] usb3-0 supply vbus not found, using dummy regulator
[    4.587222] usb3-1 supply vbus not found, using dummy regulator
[    4.596081] tegra-sor 54540000.sor: failed to probe output: -517
[    4.596166] input: tegra-hda HDMI/DP,pcm=3 as /devices/soc0/70030000.hda/sound/card0/input3
[    4.610652] panel supply power not found, using dummy regulator
[    4.685471] tegra-xusb 70090000.usb: Firmware timestamp: 2014-09-16 02:10:07 UTC
[    4.692879] tegra-xusb 70090000.usb: xHCI Host Controller
[    4.698297] tegra-xusb 70090000.usb: new USB bus registered, assigned bus number 1
[    4.707866] tegra-xusb 70090000.usb: hcc params 0x0184f525 hci version 0x100 quirks 0x00010010
[    4.716532] tegra-xusb 70090000.usb: irq 342, io mem 0x70090000
[    4.723293] hub 1-0:1.0: USB hub found
[    4.727112] hub 1-0:1.0: 6 ports detected
[    4.731775] tegra-xusb 70090000.usb: xHCI Host Controller
[    4.737206] tegra-xusb 70090000.usb: new USB bus registered, assigned bus number 2
[    4.744887] usb usb2: We don't know the algorithms for LPM for this host, disabling LPM.
[    4.753792] hub 2-0:1.0: USB hub found
[    4.757605] hub 2-0:1.0: 2 ports detected
[    4.762798] sdhci-tegra 700b0000.sdhci: allocated mmc-pwrseq
[    4.768644] mmc1: Unknown controller version (3). You may experience problems.
[    4.775929] mmc1: Invalid maximum block size, assuming 512 bytes
[    4.782495] mmc1: Switching to 3.3V signalling voltage failed
[    4.844841] mmc1: SDHCI controller on 700b0000.sdhci [700b0000.sdhci] using ADMA
[    4.852446] sdhci-tegra 700b0400.sdhci: Got CD GPIO
[    4.857344] sdhci-tegra 700b0400.sdhci: Got WP GPIO
[    4.862327] mmc2: Unknown controller version (3). You may experience problems.
[    4.869603] mmc2: Invalid maximum block size, assuming 512 bytes
[    4.915932] mmc1: new high speed SDIO card at address 0001
[    4.944923] mmc2: SDHCI controller on 700b0400.sdhci [700b0400.sdhci] using ADMA
[    5.050713] [drm] Supports vblank timestamp caching Rev 2 (21.10.2013).
[    5.057357] [drm] No driver support for vblank timestamp query.
[    5.084804] usb 1-2: new high-speed USB device number 2 using tegra-xusb
[    5.096397] mmc2: new high speed SDHC card at address 0007
[    5.097002] mmcblk2: mmc2:0007 SD08G 7.42 GiB 
[    5.105724] GPT:Primary header alternate_lba != Alt. header my_lba
[    5.105727] GPT:3014591 != 15564799
[    5.105729] GPT:Primary header thinks Alt. header is not at the end of the disk.
[    5.105730] GPT:3014591 != 15564799
[    5.105731] GPT: Use GNU Parted to correct GPT errors.
[    5.105756]  mmcblk2: p1 p2 p3 p4 p5 p6 p7 p8 p9 p10 p11 p12
[    5.118458] Console: switching to colour frame buffer device 170x48
[    5.176598] drm drm: fb0:  frame buffer device
[    5.214840] [drm] Initialized tegra 0.0.0 20120330 on minor 0
[    5.221239] input: gpio-keys as /devices/soc0/gpio-keys/input/input4
[    5.228912] as3722-rtc as3722-rtc: setting system clock to 2000-01-01 00:00:25 UTC (946684825)
[    5.243260] +1.8V_RUN_CAM: disabling
[    5.247145] +1.2V_RUN_CAM_FRONT: disabling
[    5.251471] +1.05V_RUN_CAM_REAR: disabling
[    5.255876] +2.8V_RUN_TOUCH: disabling
[    5.259905] +2.8V_RUN_CAM_AF: disabling
[    5.263957] +1.8V_RUN_VPP_FUSE: disabling
[    5.268230] +5V_VDD_TS_SW: disabling
[    5.271990] ALSA device list:
[    5.275014]   #0: tegra-hda at 0x70038000 irq 341
[    5.279710]   #1: GoogleNyanBig
[    5.283627] EXT4-fs (mmcblk0p3): couldn't mount as ext3 due to feature incompatibilities
[    5.399866] uvcvideo: Found UVC 1.00 device HD WebCam (1bcf:2c67)
[    5.414964] input: HD WebCam as /devices/soc0/70090000.usb/usb1/1-2/1-2:1.0/input/input5
[    5.475065] EXT4-fs (mmcblk0p3): recovery complete
[    5.479860] EXT4-fs (mmcblk0p3): mounted filesystem with ordered data mode. Opts: (null)
[    5.488024] VFS: Mounted root (ext4 filesystem) on device 179:3.
[    5.494832] devtmpfs: mounted
[    5.498233] Freeing unused kernel memory: 1024K (c0c00000 - c0d00000)
bash: cannot set terminal process group (-1): Inappropriate ioctl for device
bash: no job control in this shell
root@(none):/# [    5.754839] usb 1-3: new high-speed USB device number 3 using tegra-xusb
[    6.404296] asix 1-3:1.0 eth0: register 'asix' at usb-70090000.usb-3, ASIX AX88772 USB 2.0 Ethernet, c8:d7:19:90:fa:65
[    6.754838] usb 1-1: new high-speed USB device number 4 using tegra-xusb
[    6.933602] usb-storage 1-1:1.0: USB Mass Storage device detected
[    6.940573] scsi host0: usb-storage 1-1:1.0
[    8.086843] scsi 0:0:0:0: Direct-Access     SanDisk  SDDR-113         9412 PQ: 0 ANSI: 0
[    8.259831] sd 0:0:0:0: [sda] 15523840 512-byte logical blocks: (7.95 GB/7.40 GiB)
[    8.268851] sd 0:0:0:0: [sda] Write Protect is off
[    8.273635] sd 0:0:0:0: [sda] Mode Sense: 03 00 00 00
[    8.279861] sd 0:0:0:0: [sda] No Caching mode page found
[    8.285200] sd 0:0:0:0: [sda] Assuming drive cache: write through
[    8.311011]  sda: sda1 sda2 sda3 sda4 sda5 sda6 sda7 sda8 sda9 sda10 sda11 sda12 sda13
[    8.323209] sd 0:0:0:0: [sda] Attached SCSI removable disk
mount -t sysfs none /sys
root@(none):/# 
root@(none):/# mount -t debugfs none /sys/kernel/debug
root@(none):/# 
root@(none):/# rtcwake -d rtc1 -m mem -s 3
rtcwake: assuming RTC uses UTC ...
rtcwake: wakeup from "mem" using /dev/rtc1 at Thu Jan  1 00:00:53 1970
[   31.884980] PM: Syncing filesystems ... done.
[   31.894585] Freezing user space processes ... (elapsed 0.001 seconds) done.
[   31.902783] Freezing remaining freezable tasks ... (elapsed 0.001 seconds) done.
[   31.911472] Suspending console(s) (use no_console_suspend to debug)
[   31.918527] asix 1-3:1.0 eth0: Failed to read reg index 0x0000: -19
[   31.918530] asix 1-3:1.0 eth0: Error reading Medium Status register: ffffffed
[   31.918533] asix 1-3:1.0 eth0: Failed to write reg index 0x0000: -19
[   31.918536] asix 1-3:1.0 eth0: Failed to write Medium Mode mode to 0xfeed: ffffffed
[   32.126155] PM: suspend of devices complete after 207.817 msecs
[   32.127052] PM: late suspend of devices complete after 0.892 msecs
[   32.127889] PM: noirq suspend of devices complete after 0.834 msecs
[   32.127891] Disabling non-boot CPUs ...
[   32.164807] span: 0,2-3 (max cpu_capacity = 1024)
[   32.165164] CPU1: shutdown
[   32.264802] span: 0,3 (max cpu_capacity = 1024)
[   32.264946] IRQ17 no longer affine to CPU2
[   32.265116] CPU2: shutdown
[   32.374797] span: 0 (max cpu_capacity = 1024)
[   32.375130] CPU3: shutdown
[   32.425721] Entering suspend state LP1
[   32.425721] Suspended for 2.988 seconds
[   32.425733] Enabling non-boot CPUs ...
[   32.455894] span: 0-1 (max cpu_capacity = 1024)
[   32.455961] CPU1 is up
[   32.496046] span: 0-2 (max cpu_capacity = 1024)
[   32.496105] CPU2 is up
[   32.536267] span: 0-3 (max cpu_capacity = 1024)
[   32.536331] CPU3 is up
[   32.536906] PM: noirq resume of devices complete after 0.570 msecs
[   32.538449] PM: early resume of devices complete after 1.027 msecs
[   32.587889] mmc1: Switching to 3.3V signalling voltage failed
[   32.834770] tegra-sor 54540000.sor: failed to attach SOR: -110
[   33.088010] PM: resume of devices complete after 549.552 msecs
[   33.225893] Restarting tasks ... done.
root@(none):/# 
root@(none):/# rtcwake -d rtc1 -m mem -s 3
rtcwake: assuming RTC uses UTC ...
rtcwake: wakeup from "mem" using /dev/rtc1 at Thu Jan  1 00:00:58 1970
[   33.984557] PM: Syncing filesystems ... done.
[   33.993933] Freezing user space processes ... (elapsed 0.001 seconds) done.
[   34.002058] Freezing remaining freezable tasks ... (elapsed 0.001 seconds) done.
[   34.010702] Suspending console(s) (use no_console_suspend to debug)
[   34.017761] asix 1-3:1.0 eth0: Failed to read reg index 0x0000: -19
[   34.017764] asix 1-3:1.0 eth0: Error reading Medium Status register: ffffffed
[   34.017767] asix 1-3:1.0 eth0: Failed to write reg index 0x0000: -19
[   34.017770] asix 1-3:1.0 eth0: Failed to write Medium Mode mode to 0xfeed: ffffffed
[   34.236121] PM: suspend of devices complete after 218.548 msecs
[   34.237023] PM: late suspend of devices complete after 0.897 msecs
[   34.237855] PM: noirq suspend of devices complete after 0.828 msecs
[   34.237857] Disabling non-boot CPUs ...
[   34.274776] span: 0,2-3 (max cpu_capacity = 1024)
[   34.275080] CPU1: shutdown
[   34.384768] span: 0,3 (max cpu_capacity = 1024)
[   34.385073] CPU2: shutdown
[   34.494762] span: 0 (max cpu_capacity = 1024)
[   34.495049] CPU3: shutdown
[   34.545621] Entering suspend state LP1
[   34.545621] Suspended for 2.880 seconds
[   34.545645] Enabling non-boot CPUs ...
[   34.575878] span: 0-1 (max cpu_capacity = 1024)
[   34.575943] CPU1 is up
[   34.616015] span: 0-2 (max cpu_capacity = 1024)
[   34.616074] CPU2 is up
[   34.656240] span: 0-3 (max cpu_capacity = 1024)
[   34.656302] CPU3 is up
[   34.656844] PM: noirq resume of devices complete after 0.538 msecs
[   34.658590] PM: early resume of devices complete after 1.233 msecs
[   34.700472] mmc1: Switching to 3.3V signalling voltage failed
[   34.885072] usb 1-1: reset high-speed USB device number 4 using tegra-xusb
[   34.954783] tegra-sor 54540000.sor: failed to attach SOR: -110
[   35.208286] PM: resume of devices complete after 549.687 msecs
[   35.348843] Restarting tasks ... done.
root@(none):/# 
root@(none):/# rtcwake -d rtc1 -m mem -s 3
rtcwake: assuming RTC uses UTC ...
rtcwake: wakeup from "mem" using /dev/rtc1 at Thu Jan  1 00:01:03 1970
[   36.095359] PM: Syncing filesystems ... done.
[   36.104945] Freezing user space processes ... (elapsed 0.001 seconds) done.
[   36.113135] Freezing remaining freezable tasks ... (elapsed 0.001 seconds) done.
[   36.121863] Suspending console(s) (use no_console_suspend to debug)
[   36.128918] asix 1-3:1.0 eth0: Failed to read reg index 0x0000: -19
[   36.128922] asix 1-3:1.0 eth0: Error reading Medium Status register: ffffffed
[   36.128925] asix 1-3:1.0 eth0: Failed to write reg index 0x0000: -19
[   36.128927] asix 1-3:1.0 eth0: Failed to write Medium Mode mode to 0xfeed: ffffffed
[   36.336090] PM: suspend of devices complete after 207.363 msecs
[   36.336994] PM: late suspend of devices complete after 0.899 msecs
[   36.337817] PM: noirq suspend of devices complete after 0.819 msecs
[   36.337819] Disabling non-boot CPUs ...
[   36.374746] span: 0,2-3 (max cpu_capacity = 1024)
[   36.375053] CPU1: shutdown
[   36.474737] span: 0,3 (max cpu_capacity = 1024)
[   36.475047] CPU2: shutdown
[   36.584732] span: 0 (max cpu_capacity = 1024)
[   36.585015] CPU3: shutdown
[   36.635601] Entering suspend state LP1
[   36.635601] Suspended for 2.909 seconds
[   36.635625] Enabling non-boot CPUs ...
[   36.665849] span: 0-1 (max cpu_capacity = 1024)
[   36.665918] CPU1 is up
[   36.705987] span: 0-2 (max cpu_capacity = 1024)
[   36.706050] CPU2 is up
[   36.746207] span: 0-3 (max cpu_capacity = 1024)
[   36.746271] CPU3 is up
[   36.746833] PM: noirq resume of devices complete after 0.557 msecs
[   36.748683] PM: early resume of devices complete after 1.349 msecs
[   36.790097] mmc1: Switching to 3.3V signalling voltage failed
[   36.975049] usb 1-1: reset high-speed USB device number 4 using tegra-xusb
[   37.044685] tegra-sor 54540000.sor: failed to attach SOR: -110
[   37.298676] PM: resume of devices complete after 549.982 msecs
[   37.439227] Restarting tasks ... done.
root@(none):/# 
root@(none):/# rtcwake -d rtc1 -m mem -s 3
rtcwake: assuming RTC uses UTC ...
rtcwake: wakeup from "mem" using /dev/rtc1 at Thu Jan  1 00:01:08 1970
[   38.185490] PM: Syncing filesystems ... done.
[   38.195068] Freezing user space processes ... (elapsed 0.001 seconds) done.
[   38.203256] Freezing remaining freezable tasks ... (elapsed 0.001 seconds) done.
[   38.211963] Suspending console(s) (use no_console_suspend to debug)
[   38.218999] asix 1-3:1.0 eth0: Failed to read reg index 0x0000: -19
[   38.219003] asix 1-3:1.0 eth0: Error reading Medium Status register: ffffffed
[   38.219005] asix 1-3:1.0 eth0: Failed to write reg index 0x0000: -19
[   38.219007] asix 1-3:1.0 eth0: Failed to write Medium Mode mode to 0xfeed: ffffffed
[   38.426057] PM: suspend of devices complete after 207.237 msecs
[   38.426957] PM: late suspend of devices complete after 0.896 msecs
[   38.427785] PM: noirq suspend of devices complete after 0.824 msecs
[   38.427787] Disabling non-boot CPUs ...
[   38.464711] span: 0,2-3 (max cpu_capacity = 1024)
[   38.465021] CPU1: shutdown
[   38.564705] span: 0,3 (max cpu_capacity = 1024)
[   38.565015] CPU2: shutdown
[   38.664698] span: 0 (max cpu_capacity = 1024)
[   38.664986] CPU3: shutdown
[   38.715581] Entering suspend state LP1
[   38.715581] Suspended for 2.919 seconds
[   38.715605] Enabling non-boot CPUs ...
[   38.745824] span: 0-1 (max cpu_capacity = 1024)
[   38.745890] CPU1 is up
[   38.785953] span: 0-2 (max cpu_capacity = 1024)
[   38.786014] CPU2 is up
[   38.826180] span: 0-3 (max cpu_capacity = 1024)
[   38.826247] CPU3 is up
[   38.826785] PM: noirq resume of devices complete after 0.533 msecs
[   38.828678] PM: early resume of devices complete after 1.389 msecs
[   38.869895] mmc1: Switching to 3.3V signalling voltage failed
[   39.054996] usb 1-1: reset high-speed USB device number 4 using tegra-xusb
[   39.124733] tegra-sor 54540000.sor: failed to attach SOR: -110
[   39.378809] PM: resume of devices complete after 550.121 msecs
[   39.519352] Restarting tasks ... done.
root@(none):/# 
root@(none):/# rtcwake -d rtc1 -m mem -s 3
rtcwake: assuming RTC uses UTC ...
rtcwake: wakeup from "mem" using /dev/rtc1 at Thu Jan  1 00:01:13 1970
[   40.265465] PM: Syncing filesystems ... done.
[   40.275174] Freezing user space processes ... (elapsed 0.001 seconds) done.
[   40.283364] Freezing remaining freezable tasks ... (elapsed 0.001 seconds) done.
[   40.292077] Suspending console(s) (use no_console_suspend to debug)
[   40.299093] asix 1-3:1.0 eth0: Failed to read reg index 0x0000: -19
[   40.299096] asix 1-3:1.0 eth0: Error reading Medium Status register: ffffffed
[   40.299099] asix 1-3:1.0 eth0: Failed to write reg index 0x0000: -19
[   40.299103] asix 1-3:1.0 eth0: Failed to write Medium Mode mode to 0xfeed: ffffffed
[   40.506080] PM: suspend of devices complete after 207.148 msecs
[   40.507046] PM: late suspend of devices complete after 0.957 msecs
[   40.507908] PM: noirq suspend of devices complete after 0.858 msecs
[   40.507911] Disabling non-boot CPUs ...
[   40.544682] span: 0,2-3 (max cpu_capacity = 1024)
[   40.544998] CPU1: shutdown
[   40.644675] span: 0,3 (max cpu_capacity = 1024)
[   40.644988] CPU2: shutdown
[   40.744667] span: 0 (max cpu_capacity = 1024)
[   40.744782] IRQ17 no longer affine to CPU3
[   40.744956] CPU3: shutdown
[   40.795552] Entering suspend state LP1
[   40.795552] Suspended for 2.919 seconds
[   40.795576] Enabling non-boot CPUs ...
[   40.825797] span: 0-1 (max cpu_capacity = 1024)
[   40.825861] CPU1 is up
[   40.865921] span: 0-2 (max cpu_capacity = 1024)
[   40.865983] CPU2 is up
[   40.906149] span: 0-3 (max cpu_capacity = 1024)
[   40.906212] CPU3 is up
[   40.906737] PM: noirq resume of devices complete after 0.521 msecs
[   40.908259] PM: early resume of devices complete after 1.030 msecs
[   40.949629] mmc1: Switching to 3.3V signalling voltage failed
[   41.134977] usb 1-1: reset high-speed USB device number 4 using tegra-xusb
[   41.204604] tegra-sor 54540000.sor: failed to attach SOR: -110
[   41.458739] PM: resume of devices complete after 550.470 msecs
[   41.603368] Restarting tasks ... done.
root@(none):/# 
root@(none):/# rtcwake -d rtc1 -m mem -s 3
rtcwake: assuming RTC uses UTC ...
rtcwake: wakeup from "mem" using /dev/rtc1 at Thu Jan  1 00:01:18 1970
[   42.345433] PM: Syncing filesystems ... done.
[   42.355021] Freezing user space processes ... (elapsed 0.001 seconds) done.
[   42.363213] Freezing remaining freezable tasks ... (elapsed 0.001 seconds) done.
[   42.371927] Suspending console(s) (use no_console_suspend to debug)
[   42.378964] asix 1-3:1.0 eth0: Failed to read reg index 0x0000: -19
[   42.378967] asix 1-3:1.0 eth0: Error reading Medium Status register: ffffffed
[   42.378970] asix 1-3:1.0 eth0: Failed to write reg index 0x0000: -19
[   42.378972] asix 1-3:1.0 eth0: Failed to write Medium Mode mode to 0xfeed: ffffffed
[   42.585997] PM: suspend of devices complete after 207.213 msecs
[   42.586896] PM: late suspend of devices complete after 0.895 msecs
[   42.587724] PM: noirq suspend of devices complete after 0.824 msecs
[   42.587727] Disabling non-boot CPUs ...
[   42.624649] span: 0,2-3 (max cpu_capacity = 1024)
[   42.624965] CPU1: shutdown
[   42.724643] span: 0,3 (max cpu_capacity = 1024)
[   42.724955] CPU2: shutdown
[   42.824635] span: 0 (max cpu_capacity = 1024)
[   42.824922] CPU3: shutdown
[   42.875495] Entering suspend state LP1
[   42.875495] Suspended for 2.919 seconds
[   42.875519] Enabling non-boot CPUs ...
[   42.905767] span: 0-1 (max cpu_capacity = 1024)
[   42.905831] CPU1 is up
[   42.945892] span: 0-2 (max cpu_capacity = 1024)
[   42.945955] CPU2 is up
[   42.986120] span: 0-3 (max cpu_capacity = 1024)
[   42.986183] CPU3 is up
[   42.986705] PM: noirq resume of devices complete after 0.518 msecs
[   42.988560] PM: early resume of devices complete after 1.365 msecs
[   43.029683] mmc1: Switching to 3.3V signalling voltage failed
[   43.214932] usb 1-1: reset high-speed USB device number 4 using tegra-xusb
[   43.284689] tegra-sor 54540000.sor: failed to attach SOR: -110
[   43.539074] PM: resume of devices complete after 550.504 msecs
[   43.679621] Restarting tasks ... done.
root@(none):/# 
root@(none):/# rtcwake -d rtc1 -m mem -s 3
rtcwake: assuming RTC uses UTC ...
rtcwake: wakeup from "mem" using /dev/rtc1 at Thu Jan  1 00:01:23 1970
[   44.425392] PM: Syncing filesystems ... done.
[   44.435097] Freezing user space processes ... (elapsed 0.001 seconds) done.
[   44.443293] Freezing remaining freezable tasks ... (elapsed 0.001 seconds) done.
[   44.452005] Suspending console(s) (use no_console_suspend to debug)
[   44.459009] asix 1-3:1.0 eth0: Failed to read reg index 0x0000: -19
[   44.459012] asix 1-3:1.0 eth0: Error reading Medium Status register: ffffffed
[   44.459016] asix 1-3:1.0 eth0: Failed to write reg index 0x0000: -19
[   44.459019] asix 1-3:1.0 eth0: Failed to write Medium Mode mode to 0xfeed: ffffffed
[   44.665964] PM: suspend of devices complete after 207.104 msecs
[   44.666866] PM: late suspend of devices complete after 0.899 msecs
[   44.667694] PM: noirq suspend of devices complete after 0.823 msecs
[   44.667696] Disabling non-boot CPUs ...
[   44.704616] span: 0,2-3 (max cpu_capacity = 1024)
[   44.704931] CPU1: shutdown
[   44.804611] span: 0,3 (max cpu_capacity = 1024)
[   44.804920] CPU2: shutdown
[   44.904604] span: 0 (max cpu_capacity = 1024)
[   44.904889] CPU3: shutdown
[   44.955474] Entering suspend state LP1
[   44.955474] Suspended for 2.919 seconds
[   44.955499] Enabling non-boot CPUs ...
[   44.985737] span: 0-1 (max cpu_capacity = 1024)
[   44.985800] CPU1 is up
[   45.025859] span: 0-2 (max cpu_capacity = 1024)
[   45.025922] CPU2 is up
[   45.066090] span: 0-3 (max cpu_capacity = 1024)
[   45.066153] CPU3 is up
[   45.066662] PM: noirq resume of devices complete after 0.505 msecs
[   45.068343] PM: early resume of devices complete after 1.167 msecs
[   45.109615] mmc1: Switching to 3.3V signalling voltage failed
[   45.294911] usb 1-1: reset high-speed USB device number 4 using tegra-xusb
[   45.364636] tegra-sor 54540000.sor: failed to attach SOR: -110
[   45.618624] PM: resume of devices complete after 550.272 msecs
[   45.759182] Restarting tasks ... done.
root@(none):/# 
root@(none):/# rtcwake -d rtc1 -m mem -s 3
rtcwake: assuming RTC uses UTC ...
rtcwake: wakeup from "mem" using /dev/rtc1 at Thu Jan  1 00:01:28 1970
[   46.505335] PM: Syncing filesystems ... done.
[   46.514876] Freezing user space processes ... (elapsed 0.001 seconds) done.
[   46.523072] Freezing remaining freezable tasks ... (elapsed 0.001 seconds) done.
[   46.531787] Suspending console(s) (use no_console_suspend to debug)
[   46.538828] asix 1-3:1.0 eth0: Failed to read reg index 0x0000: -19
[   46.538831] asix 1-3:1.0 eth0: Error reading Medium Status register: ffffffed
[   46.538834] asix 1-3:1.0 eth0: Failed to write reg index 0x0000: -19
[   46.538836] asix 1-3:1.0 eth0: Failed to write Medium Mode mode to 0xfeed: ffffffed
[   46.745931] PM: suspend of devices complete after 207.283 msecs
[   46.746834] PM: late suspend of devices complete after 0.899 msecs
[   46.747666] PM: noirq suspend of devices complete after 0.828 msecs
[   46.747668] Disabling non-boot CPUs ...
[   46.784584] span: 0,2-3 (max cpu_capacity = 1024)
[   46.784896] CPU1: shutdown
[   46.884579] span: 0,3 (max cpu_capacity = 1024)
[   46.884893] CPU2: shutdown
[   46.984571] span: 0 (max cpu_capacity = 1024)
[   46.984850] CPU3: shutdown
[   47.035433] Entering suspend state LP1
[   47.035433] Suspended for 2.919 seconds
[   47.035458] Enabling non-boot CPUs ...
[   47.065704] span: 0-1 (max cpu_capacity = 1024)
[   47.065770] CPU1 is up
[   47.105829] span: 0-2 (max cpu_capacity = 1024)
[   47.105891] CPU2 is up
[   47.146056] span: 0-3 (max cpu_capacity = 1024)
[   47.146131] CPU3 is up
[   47.146651] PM: noirq resume of devices complete after 0.516 msecs
[   47.148408] PM: early resume of devices complete after 1.243 msecs
[   47.189653] mmc1: Switching to 3.3V signalling voltage failed
[   47.444557] tegra-sor 54540000.sor: failed to attach SOR: -110
[   47.698776] PM: resume of devices complete after 550.358 msecs
[   47.832477] Restarting tasks ... done.
root@(none):/# 
root@(none):/# rtcwake -d rtc1 -m mem -s 3
rtcwake: assuming RTC uses UTC ...
rtcwake: wakeup from "mem" using /dev/rtc1 at Thu Jan  1 00:01:33 1970
[   48.585254] PM: Syncing filesystems ... done.
[   48.594979] Freezing user space processes ... (elapsed 0.001 seconds) done.
[   48.603172] Freezing remaining freezable tasks ... (elapsed 0.001 seconds) done.
[   48.611886] Suspending console(s) (use no_console_suspend to debug)
[   48.618922] asix 1-3:1.0 eth0: Failed to read reg index 0x0000: -19
[   48.618925] asix 1-3:1.0 eth0: Error reading Medium Status register: ffffffed
[   48.618929] asix 1-3:1.0 eth0: Failed to write reg index 0x0000: -19
[   48.618932] asix 1-3:1.0 eth0: Failed to write Medium Mode mode to 0xfeed: ffffffed
[   48.825955] PM: suspend of devices complete after 207.204 msecs
[   48.827134] PM: late suspend of devices complete after 1.169 msecs
[   48.827963] PM: noirq suspend of devices complete after 0.825 msecs
[   48.827965] Disabling non-boot CPUs ...
[   48.864552] span: 0,2-3 (max cpu_capacity = 1024)
[   48.864864] CPU1: shutdown
[   48.964548] span: 0,3 (max cpu_capacity = 1024)
[   48.964862] CPU2: shutdown
[   49.074540] span: 0 (max cpu_capacity = 1024)
[   49.074650] IRQ17 no longer affine to CPU3
[   49.074824] CPU3: shutdown
[   49.125419] Entering suspend state LP1
[   49.125419] Suspended for 2.909 seconds
[   49.125443] Enabling non-boot CPUs ...
[   49.155671] span: 0-1 (max cpu_capacity = 1024)
[   49.155735] CPU1 is up
[   49.195798] span: 0-2 (max cpu_capacity = 1024)
[   49.195860] CPU2 is up
[   49.236022] span: 0-3 (max cpu_capacity = 1024)
[   49.236086] CPU3 is up
[   49.236619] PM: noirq resume of devices complete after 0.528 msecs
[   49.238305] PM: early resume of devices complete after 1.179 msecs
[   49.279309] mmc1: Switching to 3.3V signalling voltage failed
[   49.464838] usb 1-1: reset high-speed USB device number 4 using tegra-xusb
[   49.534491] tegra-sor 54540000.sor: failed to attach SOR: -110
[   49.787498] PM: resume of devices complete after 549.183 msecs
[   49.932137] Restarting tasks ... done.
root@(none):/# 
root@(none):/# rtcwake -d rtc1 -m mem -s 3
rtcwake: assuming RTC uses UTC ...
rtcwake: wakeup from "mem" using /dev/rtc1 at Thu Jan  1 00:01:38 1970
[   50.675210] PM: Syncing filesystems ... done.
[   50.684853] Freezing user space processes ... (elapsed 0.001 seconds) done.
[   50.693056] Freezing remaining freezable tasks ... (elapsed 0.001 seconds) done.
[   50.701719] Suspending console(s) (use no_console_suspend to debug)
[   50.708753] asix 1-3:1.0 eth0: Failed to read reg index 0x0000: -19
[   50.708756] asix 1-3:1.0 eth0: Error reading Medium Status register: ffffffed
[   50.708759] asix 1-3:1.0 eth0: Failed to write reg index 0x0000: -19
[   50.708761] asix 1-3:1.0 eth0: Failed to write Medium Mode mode to 0xfeed: ffffffed
[   50.915870] PM: suspend of devices complete after 207.296 msecs
[   50.916770] PM: late suspend of devices complete after 0.896 msecs
[   50.917591] PM: noirq suspend of devices complete after 0.817 msecs
[   50.917593] Disabling non-boot CPUs ...
[   50.954522] span: 0,2-3 (max cpu_capacity = 1024)
[   50.954842] CPU1: shutdown
[   51.054515] span: 0,3 (max cpu_capacity = 1024)
[   51.054651] IRQ17 no longer affine to CPU2
[   51.054830] CPU2: shutdown
[   51.164507] span: 0 (max cpu_capacity = 1024)
[   51.164787] CPU3: shutdown
[   51.215381] Entering suspend state LP1
[   51.215381] Suspended for 2.909 seconds
[   51.215405] Enabling non-boot CPUs ...
[   51.245638] span: 0-1 (max cpu_capacity = 1024)
[   51.245703] CPU1 is up
[   51.285767] span: 0-2 (max cpu_capacity = 1024)
[   51.285829] CPU2 is up
[   51.325993] span: 0-3 (max cpu_capacity = 1024)
[   51.326059] CPU3 is up
[   51.326581] PM: noirq resume of devices complete after 0.518 msecs
[   51.328396] PM: early resume of devices complete after 1.305 msecs
[   51.369503] mmc1: Switching to 3.3V signalling voltage failed
[   51.624504] tegra-sor 54540000.sor: failed to attach SOR: -110
[   51.879429] PM: resume of devices complete after 551.022 msecs
[   52.017219] Restarting tasks ... done.
root@(none):/# 
root@(none):/# NVTB SYSTEM SUSPEND TEST COMPLETE
