
U-Boot SPL 2014.01-00219-gc4d376f (Feb 18 2014 - 19:57:32)


U-Boot 2014.01-00219-gc4d376f (Feb 18 2014 - 19:57:32)

TEGRA114
Board: NVIDIA Dalmore
I2C:   ready
DRAM:  2 GiB
MMC:   Tegra SD/MMC: 0, Tegra SD/MMC: 1
In:    serial
Out:   serial
Err:   serial
Net:   Net Initialization Skipped
No ethernet found.
Hit any key to stop autoboot:  2  0 
Tegra114 (Dalmore) # 
Tegra114 (Dalmore) # usb reset
(Re)start USB...
USB0:   USB EHCI 1.10
scanning bus 0 for devices... 2 USB Device(s) found
       scanning usb for storage devices... 0 Storage Device(s) found
       scanning usb for ethernet devices... 
Warning: asx0 using MAC address from net device
1 Ethernet Device(s) found
Tegra114 (Dalmore) # setenv bootargs 'ignore_loglevel console=ttyS0,115200n8 rw root=PARTUUID=7369c667-ff51-ec4a-29cd-baabf2fbe346 rootwait gpt debug earlyprintk init=/bin/bash'
Tegra114 (Dalmore) # setenv ipaddr 192.168.100.100; setenv serverip 192.168.100.1; setenv tftpserverip 192.168.100.1
Tegra114 (Dalmore) # tftpboot 0x81000000 zImage.tegra_defconfig
Using asx0 device
TFTP from server 192.168.100.1; our IP address is 192.168.100.100
Filename 'zImage.tegra_defconfig'.
Load address: 0x81000000
Loading: *#################################################################
	 #################################################################
	 #################################################################
	 #################################################################
	 #################################################################
	 #################################################################
	 ############################
	 3.1 MiB/s
done
Bytes transferred = 6125200 (5d7690 hex)
Tegra114 (Dalmore) # tftpboot 0x82000000 tegra114-dalmore.dtb
Using asx0 device
TFTP from server 192.168.100.1; our IP address is 192.168.100.100
Filename 'tegra114-dalmore.dtb'.
Load address: 0x82000000
Loading: *###
	 2.8 MiB/s
done
Bytes transferred = 35044 (88e4 hex)
Tegra114 (Dalmore) # bootz 0x81000000 - 0x82000000
Kernel image @ 0x81000000 [ 0x000000 - 0x5d7690 ]
## Flattened Device Tree blob at 82000000
   Booting using the fdt blob at 0x82000000
   Loading Device Tree to 8fff4000, end 8ffff8e3 ... OK

Starting kernel ...

Uncompressing Linux... done, booting the kernel.
[    0.000000] Booting Linux on physical CPU 0x0
[    0.000000] Linux version 4.12.0-rc5-next-20170615-179383-ged34efc (jonathanh@kaivo) (gcc version 4.7.3 20130328 (prerelease) (crosstool-NG linaro-1.13.1-4.7-2013.04-20130415 - Linaro GCC 2013.04) ) #1 SMP PREEMPT Mon Jun 26 08:27:26 PDT 2017
[    0.000000] CPU: ARMv7 Processor [412fc0f2] revision 2 (ARMv7), cr=10c5387d
[    0.000000] CPU: div instructions available: patching division code
[    0.000000] CPU: PIPT / VIPT nonaliasing data cache, PIPT instruction cache
[    0.000000] OF: fdt: Machine model: NVIDIA Tegra114 Dalmore evaluation board
[    0.000000] debug: ignoring loglevel setting.
[    0.000000] bootconsole [earlycon0] enabled
[    0.000000] Memory policy: Data cache writealloc
[    0.000000] cma: Reserved 64 MiB at 0xfbc00000
[    0.000000] On node 0 totalpages: 524032
[    0.000000] free_area_init_node: node 0, pgdat c0eadd40, node_mem_map eeff7000
[    0.000000]   Normal zone: 1536 pages used for memmap
[    0.000000]   Normal zone: 0 pages reserved
[    0.000000]   Normal zone: 196608 pages, LIFO batch:31
[    0.000000]   HighMem zone: 327424 pages, LIFO batch:31
[    0.000000] percpu: Embedded 17 pages/cpu @eef96000 s39488 r8192 d21952 u69632
[    0.000000] pcpu-alloc: s39488 r8192 d21952 u69632 alloc=17*4096
[    0.000000] pcpu-alloc: [0] 0 [0] 1 [0] 2 [0] 3 
[    0.000000] Built 1 zonelists in Zone order, mobility grouping on.  Total pages: 522496
[    0.000000] Kernel command line: ignore_loglevel console=ttyS0,115200n8 rw root=PARTUUID=7369c667-ff51-ec4a-29cd-baabf2fbe346 rootwait gpt debug earlyprintk init=/bin/bash
[    0.000000] PID hash table entries: 4096 (order: 2, 16384 bytes)
[    0.000000] Dentry cache hash table entries: 131072 (order: 7, 524288 bytes)
[    0.000000] Inode-cache hash table entries: 65536 (order: 6, 262144 bytes)
[    0.000000] Memory: 1998564K/2096128K available (9216K kernel code, 736K rwdata, 2720K rodata, 1024K init, 299K bss, 32028K reserved, 65536K cma-reserved, 1244160K highmem)
[    0.000000] Virtual kernel memory layout:
[    0.000000]     vector  : 0xffff0000 - 0xffff1000   (   4 kB)
[    0.000000]     fixmap  : 0xffc00000 - 0xfff00000   (3072 kB)
[    0.000000]     vmalloc : 0xf0800000 - 0xff800000   ( 240 MB)
[    0.000000]     lowmem  : 0xc0000000 - 0xf0000000   ( 768 MB)
[    0.000000]     pkmap   : 0xbfe00000 - 0xc0000000   (   2 MB)
[    0.000000]     modules : 0xbf000000 - 0xbfe00000   (  14 MB)
[    0.000000]       .text : 0xc0008000 - 0xc0a00000   (10208 kB)
[    0.000000]       .init : 0xc0d00000 - 0xc0e00000   (1024 kB)
[    0.000000]       .data : 0xc0e00000 - 0xc0eb83a0   ( 737 kB)
[    0.000000]        .bss : 0xc0ec261c - 0xc0f0d590   ( 300 kB)
[    0.000000] Preemptible hierarchical RCU implementation.
[    0.000000] 	Tasks RCU enabled.
[    0.000000] NR_IRQS: 16, nr_irqs: 16, preallocated irqs: 16
[    0.000000] /interrupt-controller@60004000: 160 interrupts forwarded to /interrupt-controller@50041000
[    0.000000] Tegra clk 127: register failed with -17
[    0.000008] sched_clock: 32 bits at 1000kHz, resolution 1000ns, wraps every 2147483647500ns
[    0.007752] clocksource: timer_us: mask: 0xffffffff max_cycles: 0xffffffff, max_idle_ns: 1911260446275 ns
[    0.017367] Switching to timer-based delay loop, resolution 1000ns
[    0.024264] arch_timer: cp15 timer(s) running at 12.00MHz (virt).
[    0.029764] clocksource: arch_sys_counter: mask: 0xffffffffffffff max_cycles: 0x2c47f4ee7, max_idle_ns: 440795202497 ns
[    0.040597] sched_clock: 56 bits at 12MHz, resolution 83ns, wraps every 4398046511096ns
[    0.048652] Switching to timer-based delay loop, resolution 83ns
[    0.055202] Console: colour dummy device 80x30
[    0.059240] Calibrating delay loop (skipped), value calculated using timer frequency.. 24.00 BogoMIPS (lpj=120000)
[    0.069638] pid_max: default: 32768 minimum: 301
[    0.074827] Mount-cache hash table entries: 2048 (order: 1, 8192 bytes)
[    0.080996] Mountpoint-cache hash table entries: 2048 (order: 1, 8192 bytes)
[    0.088915] CPU: Testing write buffer coherency: ok
[    0.093317] /cpus/cpu@0 missing clock-frequency property
[    0.098413] /cpus/cpu@1 missing clock-frequency property
[    0.103810] /cpus/cpu@2 missing clock-frequency property
[    0.109162] /cpus/cpu@3 missing clock-frequency property
[    0.114533] CPU0: thread -1, cpu 0, socket 0, mpidr 80000000
[    0.154645] Setting up static identity map for 0x80100000 - 0x801000a0
[    0.159485] Hierarchical SRCU implementation.
[    0.175062] Tegra Revision: A01 SKU: 0 CPU Process: 1 SoC Process: 0
[    0.194673] smp: Bringing up secondary CPUs ...
[    0.245323] CPU1: thread -1, cpu 1, socket 0, mpidr 80000001
[    0.315417] CPU2: thread -1, cpu 2, socket 0, mpidr 80000002
[    0.385528] CPU3: thread -1, cpu 3, socket 0, mpidr 80000003
[    0.385621] smp: Brought up 1 node, 4 CPUs
[    0.405056] SMP: Total of 4 processors activated (96.00 BogoMIPS).
[    0.411332] CPU: All CPU(s) started in SVC mode.
[    0.417831] devtmpfs: initialized
[    0.432379] VFP support v0.3: implementor 41 architecture 4 part 30 variant f rev 0
[    0.438524] clocksource: jiffies: mask: 0xffffffff max_cycles: 0xffffffff, max_idle_ns: 19112604462750000 ns
[    0.448130] futex hash table entries: 1024 (order: 4, 65536 bytes)
[    0.455670] pinctrl core: initialized pinctrl subsystem
[    0.460781] random: bucket_table_alloc+0xec/0x258 get_random_u32 called with crng_init=0
[    0.467972] NET: Registered protocol family 16
[    0.473797] DMA: preallocated 256 KiB pool for atomic coherent allocations
[    0.481029] cpuidle: using governor menu
[    0.506762] No ATAGs?
[    0.506899] hw-breakpoint: found 5 (+1 reserved) breakpoint and 4 watchpoint registers.
[    0.515434] hw-breakpoint: maximum watchpoint size is 8 bytes.
[    0.522304] tegra-mc 70019000.memory-controller: no memory timings for RAM code 3 registered
[    0.548488] dvdd_ts: Failed to request enable GPIO61: -517
[    0.552182] reg-fixed-voltage regulators:regulator@1: Failed to register regulator: -517
[    0.560415] usb1_vbus: Failed to request enable GPIO108: -517
[    0.566127] reg-fixed-voltage regulators:regulator@3: Failed to register regulator: -517
[    0.574365] usb2_vbus: Failed to request enable GPIO86: -517
[    0.579992] reg-fixed-voltage regulators:regulator@4: Failed to register regulator: -517
[    0.588639] VDD_5V0_HDMI_CON: Failed to request enable GPIO81: -517
[    0.594465] reg-fixed-voltage regulators:regulator@7: Failed to register regulator: -517
[    0.603815] vgaarb: loaded
[    0.606193] SCSI subsystem initialized
[    0.609435] libata version 3.00 loaded.
[    0.613450] usbcore: registered new interface driver usbfs
[    0.618733] usbcore: registered new interface driver hub
[    0.624101] usbcore: registered new device driver usb
[    0.632313] tps65090 2-0048: No cache defaults, reading back from HW
[    0.638840] TPS65090_RAILSDCDC1: supplied by vdd_ac_bat
[    0.643453] TPS65090_RAILSDCDC2: supplied by vdd_ac_bat
[    0.648686] TPS65090_RAILSDCDC3: supplied by vdd_ac_bat
[    0.653466] TPS65090_RAILSFET1: supplied by vdd_ac_bat
[    0.658463] TPS65090_RAILSFET2: supplied by vdd_ac_bat
[    0.663689] TPS65090_RAILSFET3: supplied by vdd-sys-3v3
[    0.669120] TPS65090_RAILSFET4: supplied by vdd-sys-3v3
[    0.674426] TPS65090_RAILSFET5: supplied by vdd-sys-3v3
[    0.679677] TPS65090_RAILSFET6: supplied by vdd-sys-3v3
[    0.685324] TPS65090_RAILSFET7: supplied by vdd-sys-3v3
[    0.690264] TPS65090_RAILSLDO1: supplied by vdd_ac_bat
[    0.695175] TPS65090_RAILSLDO2: supplied by vdd_ac_bat
[    0.700909] palmas 2-0058: Irq flag is 0x00000004
[    0.707037] palmas 2-0058: Muxing GPIO ff, PWM 0, LED 0
[    0.712931] SMPS12: supplied by vdd-ao
[    0.716000] vdd_hdmi_5v0: supplied by vdd-sys-5v0
[    0.720470] SMPS3: supplied by vdd-ao
[    0.725201] SMPS457: supplied by vdd-sys-3v3
[    0.729418] SMPS6: supplied by regulator-dummy
[    0.733700] SMPS8: supplied by vdd-sys-3v3
[    0.737056] random: fast init done
[    0.740823] SMPS9: supplied by vdd-sys-3v3
[    0.744519] sdhci-vdd-sd-slot: Bringing 2840000uV into 2800000-2800000uV
[    0.752222] SMPS10_OUT2: supplied by regulator-dummy
[    0.756698] SMPS10_OUT1: supplied by regulator-dummy
[    0.761745] LDO1: supplied by vdd-sys-3v3
[    0.766092] LDO2: supplied by vdd-sys-3v3
[    0.770144] LDO3: supplied by vddio-1v8
[    0.774066] LDO4: supplied by vdd-sys-3v3
[    0.778133] LDO5: supplied by vdd_ac_bat
[    0.781664] LDO6: supplied by vdd-sys-3v3
[    0.785532] vdd-sensor-2v85: Bringing 2900000uV into 2850000-2850000uV
[    0.792982] LDO7: supplied by vdd-sys-3v3
[    0.797387] LDO8: supplied by vdd-ao
[    0.799798] vdd-rtc: Bringing 675000uV into 900000-900000uV
[    0.816389] LDO9: supplied by sdhci-vdd-sd-slot
[    0.826697] LDOLN: supplied by vdd-sys-5v0
[    0.830185] LDOUSB: supplied by vdd-sys-5v0
[    0.839032] Linux video capture interface: v2.00
[    0.841905] pps_core: LinuxPPS API ver. 1 registered
[    0.846872] pps_core: Software ver. 5.3.6 - Copyright 2005-2007 Rodolfo Giometti <giometti@linux.it>
[    0.856078] PTP clock support registered
[    0.860702] Advanced Linux Sound Architecture Driver Initialized.
[    0.866992] Bluetooth: Core ver 2.22
[    0.869872] NET: Registered protocol family 31
[    0.874342] Bluetooth: HCI device and connection manager initialized
[    0.880744] Bluetooth: HCI socket layer initialized
[    0.885698] Bluetooth: L2CAP socket layer initialized
[    0.890825] Bluetooth: SCO socket layer initialized
[    0.897118] clocksource: Switched to clocksource arch_sys_counter
[    1.000656] NET: Registered protocol family 2
[    1.004362] TCP established hash table entries: 8192 (order: 3, 32768 bytes)
[    1.010429] TCP bind hash table entries: 8192 (order: 4, 65536 bytes)
[    1.016975] TCP: Hash tables configured (established 8192 bind 8192)
[    1.023723] UDP hash table entries: 512 (order: 2, 16384 bytes)
[    1.029254] UDP-Lite hash table entries: 512 (order: 2, 16384 bytes)
[    1.035919] NET: Registered protocol family 1
[    1.040756] RPC: Registered named UNIX socket transport module.
[    1.046005] RPC: Registered udp transport module.
[    1.050797] RPC: Registered tcp transport module.
[    1.055538] RPC: Registered tcp NFSv4.1 backchannel transport module.
[    1.062057] PCI: CLS 0 bytes, default 64
[    1.069205] workingset: timestamp_bits=30 max_order=19 bucket_order=0
[    1.075301] squashfs: version 4.0 (2009/01/31) Phillip Lougher
[    1.080515] NFS: Registering the id_resolver key type
[    1.084851] Key type id_resolver registered
[    1.089130] Key type id_legacy registered
[    1.098043] bounce: pool size: 64 pages
[    1.100058] io scheduler noop registered (default)
[    1.104910] io scheduler mq-deadline registered
[    1.109556] io scheduler kyber registered
[    1.131077] tegra-apbdma 6000a000.dma: Tegra20 APB DMA driver register 32 channels
[    1.137841] tegra-pmc 7000e400.pmc: i2c-thermtrip node not found, emergency thermal reset disabled.
[    1.146466] Serial: 8250/16550 driver, 4 ports, IRQ sharing disabled
[    1.154584] console [ttyS0] disabled
[    1.156383] 70006300.serial: ttyS0 at MMIO 0x70006300 (irq = 329, base_baud = 25500000) is a Tegra
[    1.165412] console [ttyS0] enabled
[    1.165412] console [ttyS0] enabled
[    1.171699] bootconsole [earlycon0] disabled
[    1.171699] bootconsole [earlycon0] disabled
[    1.182811] tegra-hdmi 54280000.hdmi: failed to get HDMI regulator
[    1.209374] loop: module loaded
[    1.224322] m25p80 spi32766.0: w25q32dw (4096 Kbytes)
[    1.231702] libphy: Fixed MDIO Bus: probed
[    1.235797] CAN device driver interface
[    1.239726] igb: Intel(R) Gigabit Ethernet Network Driver - version 5.4.0-k
[    1.246678] igb: Copyright (c) 2007-2014 Intel Corporation.
[    1.252498] pegasus: v0.9.3 (2013/04/25), Pegasus/Pegasus II USB Ethernet driver
[    1.259985] usbcore: registered new interface driver pegasus
[    1.265736] usbcore: registered new interface driver asix
[    1.271242] usbcore: registered new interface driver ax88179_178a
[    1.277426] usbcore: registered new interface driver cdc_ether
[    1.283336] usbcore: registered new interface driver smsc75xx
[    1.289185] usbcore: registered new interface driver smsc95xx
[    1.294996] usbcore: registered new interface driver net1080
[    1.300735] usbcore: registered new interface driver cdc_subset
[    1.306709] usbcore: registered new interface driver zaurus
[    1.312388] usbcore: registered new interface driver cdc_ncm
[    1.318472] ehci_hcd: USB 2.0 'Enhanced' Host Controller (EHCI) Driver
[    1.324991] ehci-pci: EHCI PCI platform driver
[    1.329524] tegra-ehci: Tegra EHCI driver
[    1.334197] usbcore: registered new interface driver cdc_acm
[    1.339871] cdc_acm: USB Abstract Control Model driver for USB modems and ISDN adapters
[    1.347945] usbcore: registered new interface driver cdc_wdm
[    1.353685] usbcore: registered new interface driver usb-storage
[    1.364043] palmas-rtc 7000d000.i2c:tps65913@58:rtc: rtc core: registered 7000d000.i2c:tps65913@58:rtc as rtc0
[    1.375555] tegra_rtc 7000e000.rtc: rtc core: registered 7000e000.rtc as rtc1
[    1.382748] tegra_rtc 7000e000.rtc: Tegra internal Real Time Clock
[    1.389226] i2c /dev entries driver
[    1.393760] usbcore: registered new interface driver uvcvideo
[    1.399522] USB Video Class driver (1.1.1)
[    1.403613] gspca_main: v2.14.0 registered
[    1.408663] sbs-battery 0-000b: sbs_probe: Failed to get device status
[    1.415198] sbs-battery: probe of 0-000b failed with error -121
[    1.426403] tegra-wdt 60005000.timer: initialized (heartbeat = 120 sec, nowayout = 0)
[    1.434840] sdhci: Secure Digital Host Controller Interface driver
[    1.441106] sdhci: Copyright(c) Pierre Ossman
[    1.445457] sdhci-pltfm: SDHCI platform and OF driver helper
[    1.451418] sdhci-tegra 78000400.sdhci: Got CD GPIO
[    1.456314] sdhci-tegra 78000400.sdhci: Got WP GPIO
[    1.469461] mmc0: Invalid maximum block size, assuming 512 bytes
[    1.537336] mmc0: SDHCI controller on 78000400.sdhci [78000400.sdhci] using ADMA
[    1.554533] mmc1: Invalid maximum block size, assuming 512 bytes
[    1.617197] mmc1: SDHCI controller on 78000600.sdhci [78000600.sdhci] using ADMA
[    1.628655] usbcore: registered new interface driver usbhid
[    1.634321] usbhid: USB HID core driver
[    1.658638] mmc0: new high speed SDHC card at address aaaa
[    1.664860] mmcblk0: mmc0:aaaa SL16G 14.8 GiB 
[    1.685238] mmc1: new high speed MMC card at address 0001
[    1.691456] mmcblk1: mmc1:0001 SEM32G 29.1 GiB 
[    1.696823] mmcblk1boot0: mmc1:0001 SEM32G partition 1 4.00 MiB
[    1.702952]  mmcblk0: p1 p2 p3
[    1.707508] mmcblk1boot1: mmc1:0001 SEM32G partition 2 4.00 MiB
[    1.713889] mmcblk1rpmb: mmc1:0001 SEM32G partition 3 4.00 MiB
[    1.722577]  mmcblk1: p1 p2 p3 p4 p5 p6 p7 p8
[    2.070714] tegra30-i2s 70080400.i2s: DMA channels sourced from device 70080000.ahub
[    2.087206] tegra-snd-rt5640 sound: rt5640-aif1 <-> 70080400.i2s mapping ok
[    2.098888] input: NVIDIA Tegra Dalmore Headphones as /devices/soc0/sound/sound/card0/input0
[    2.109664] NET: Registered protocol family 10
[    2.115431] Segment Routing with IPv6
[    2.119276] mip6: Mobile IPv6
[    2.122243] sit: IPv6, IPv4 and MPLS over IPv4 tunneling driver
[    2.129892] NET: Registered protocol family 17
[    2.134349] NET: Registered protocol family 15
[    2.138806] can: controller area network core (rev 20170425 abi 9)
[    2.145183] NET: Registered protocol family 29
[    2.149640] can: raw protocol (rev 20170425)
[    2.153906] can: broadcast manager protocol (rev 20170425 t)
[    2.159580] can: netlink gateway (rev 20170425) max_hops=1
[    2.165246] Bluetooth: RFCOMM socket layer initialized
[    2.170419] Bluetooth: RFCOMM ver 1.11
[    2.174184] Bluetooth: BNEP (Ethernet Emulation) ver 1.3
[    2.179513] Bluetooth: BNEP socket layer initialized
[    2.184472] Bluetooth: HIDP (Human Interface Emulation) ver 1.2
[    2.190404] Bluetooth: HIDP socket layer initialized
[    2.195567] Key type dns_resolver registered
[    2.200480] Registering SWP/SWPB emulation handler
[    2.223332] usb1_vbus: supplied by vdd-sys-5v0
[    2.228647] usb2_vbus: supplied by vdd-sys-5v0
[    2.234472] VDD_5V0_HDMI_CON: supplied by vdd-sys-5v0
[    2.245081] tegra-ehci 7d008000.usb: EHCI Host Controller
[    2.250601] tegra-ehci 7d008000.usb: new USB bus registered, assigned bus number 1
[    2.258492] tegra-ehci 7d008000.usb: irq 339, io mem 0x7d008000
[    2.287165] tegra-ehci 7d008000.usb: USB 2.0 started, EHCI 1.10
[    2.294357] hub 1-0:1.0: USB hub found
[    2.298239] hub 1-0:1.0: 1 port detected
[    2.303463] input: gpio-keys as /devices/soc0/gpio-keys/input/input1
[    2.312343] palmas-rtc 7000d000.i2c:tps65913@58:rtc: setting system clock to 2001-04-20 03:08:35 UTC (987736115)
[    2.323147] vdd_hdmi_5v0: disabling
[    2.332527] dvdd_ts: disabling
[    2.335593] usb1_vbus: disabling
[    2.338938] vdd_cam_1v8_reg: disabling
[    2.342687] VDD_5V0_HDMI_CON: disabling
[    2.346519] ALSA device list:
[    2.349504]   #0: NVIDIA Tegra Dalmore
[    2.354631] EXT4-fs (mmcblk1p1): mounting ext3 file system using the ext4 subsystem
[    2.381066] EXT4-fs (mmcblk1p1): recovery complete
[    2.385873] EXT4-fs (mmcblk1p1): mounted filesystem with ordered data mode. Opts: (null)
[    2.394087] VFS: Mounted root (ext3 filesystem) on device 179:17.
[    2.405547] devtmpfs: mounted
[    2.409625] Freeing unused kernel memory: 1024K
bash: cannot set terminal process group (-1): Inappropriate ioctl for device
bash: no job control in this shell
root@(none):/# [    2.657256] usb 1-1: new high-speed USB device number 2 using tegra-ehci
mount -t sysfs none /sys
root@(none):/# 
root@(none):/# [    3.331220] asix 1-1:1.0 eth0: register 'asix' at usb-7d008000.usb-1, ASIX AX88772 USB 2.0 Ethernet, 00:50:b6:0d:b5:16
mount -t debugfs none /sys/kernel/debug
root@(none):/# 
root@(none):/# rtcwake -d rtc1 -m mem -s 3
rtcwake: assuming RTC uses UTC ...
rtcwake: wakeup from "mem" using /dev/rtc1 at Thu Jan  1 00:00:20 1970
[    5.268949] PM: Syncing filesystems ... done.
[    5.274765] Freezing user space processes ... (elapsed 0.001 seconds) done.
[    5.282978] OOM killer disabled.
[    5.286201] Freezing remaining freezable tasks ... (elapsed 0.001 seconds) done.
[    5.294853] Suspending console(s) (use no_console_suspend to debug)
[    5.358817] PM: suspend of devices complete after 57.144 msecs
[    5.360327] PM: late suspend of devices complete after 1.498 msecs
[    5.361824] PM: noirq suspend of devices complete after 1.487 msecs
[    5.361830] Disabling non-boot CPUs ...
[    5.671710] Entering suspend state LP1
[    5.671710] Suspended for 7.652 seconds
[    5.671752] Enabling non-boot CPUs ...
[    5.702397] CPU1 is up
[    5.742643] CPU2 is up
[    5.783520] CPU3 is up
[    5.784447] PM: noirq resume of devices complete after 0.915 msecs
[    5.786349] PM: early resume of devices complete after 1.239 msecs
[    6.330109] PM: resume of devices complete after 543.741 msecs
[    6.389614] OOM killer enabled.
[    6.392750] Restarting tasks ... done.
root@(none):/# 
root@(none):/# rtcwake -d rtc1 -m mem -s 3
rtcwake: assuming RTC uses UTC ...
rtcwake: wakeup from "mem" using /dev/rtc1 at Thu Jan  1 00:00:30 1970
[    7.614702] PM: Syncing filesystems ... done.
[    7.620010] Freezing user space processes ... (elapsed 0.001 seconds) done.
[    7.628322] OOM killer disabled.
[    7.631546] Freezing remaining freezable tasks ... (elapsed 0.001 seconds) done.
[    7.640335] Suspending console(s) (use no_console_suspend to debug)
[    7.699418] PM: suspend of devices complete after 52.225 msecs
[    7.700937] PM: late suspend of devices complete after 1.507 msecs
[    7.702422] PM: noirq suspend of devices complete after 1.475 msecs
[    7.702427] Disabling non-boot CPUs ...
[    7.827705] IRQ17 no longer affine to CPU2
[    7.991591] Entering suspend state LP1
[    7.991591] Suspended for 8.263 seconds
[    7.991633] Enabling non-boot CPUs ...
[    8.022381] CPU1 is up
[    8.062574] CPU2 is up
[    8.123182] CPU3 is up
[    8.123950] PM: noirq resume of devices complete after 0.757 msecs
[    8.126053] PM: early resume of devices complete after 1.470 msecs
[    8.668455] PM: resume of devices complete after 542.383 msecs
[    8.732080] OOM killer enabled.
[    8.735216] Restarting tasks ... done.
root@(none):/# 
root@(none):/# rtcwake -d rtc1 -m mem -s 3
rtcwake: assuming RTC uses UTC ...
rtcwake: wakeup from "mem" using /dev/rtc1 at Thu Jan  1 00:00:40 1970
[    9.356128] PM: Syncing filesystems ... done.
[    9.361267] Freezing user space processes ... (elapsed 0.001 seconds) done.
[    9.369601] OOM killer disabled.
[    9.372828] Freezing remaining freezable tasks ... (elapsed 0.001 seconds) done.
[    9.381688] Suspending console(s) (use no_console_suspend to debug)
[    9.439041] PM: suspend of devices complete after 50.490 msecs
[    9.440548] PM: late suspend of devices complete after 1.496 msecs
[    9.442023] PM: noirq suspend of devices complete after 1.465 msecs
[    9.442029] Disabling non-boot CPUs ...
[    9.577656] IRQ17 no longer affine to CPU2
[    9.772017] Entering suspend state LP1
[    9.772017] Suspended for 7.636 seconds
[    9.772059] Enabling non-boot CPUs ...
[    9.802383] CPU1 is up
[    9.842553] CPU2 is up
[    9.883308] CPU3 is up
[    9.884052] PM: noirq resume of devices complete after 0.733 msecs
[    9.885879] PM: early resume of devices complete after 1.167 msecs
[   10.429641] PM: resume of devices complete after 543.743 msecs
[   10.493234] OOM killer enabled.
[   10.496370] Restarting tasks ... done.
root@(none):/# 
root@(none):/# rtcwake -d rtc1 -m mem -s 3
rtcwake: assuming RTC uses UTC ...
rtcwake: wakeup from "mem" using /dev/rtc1 at Thu Jan  1 00:00:50 1970
[   11.714240] PM: Syncing filesystems ... done.
[   11.719827] Freezing user space processes ... (elapsed 0.001 seconds) done.
[   11.728156] OOM killer disabled.
[   11.731384] Freezing remaining freezable tasks ... (elapsed 0.001 seconds) done.
[   11.740228] Suspending console(s) (use no_console_suspend to debug)
[   11.799204] PM: suspend of devices complete after 52.113 msecs
[   11.801023] PM: late suspend of devices complete after 1.802 msecs
[   11.802504] PM: noirq suspend of devices complete after 1.469 msecs
[   11.802510] Disabling non-boot CPUs ...
[   11.837500] IRQ17 no longer affine to CPU1
[   12.131677] Entering suspend state LP1
[   12.131677] Suspended for 8.223 seconds
[   12.131719] Enabling non-boot CPUs ...
[   12.162323] CPU1 is up
[   12.202479] CPU2 is up
[   12.263145] CPU3 is up
[   12.263776] PM: noirq resume of devices complete after 0.620 msecs
[   12.265486] PM: early resume of devices complete after 1.067 msecs
[   12.809464] PM: resume of devices complete after 543.959 msecs
[   12.873023] OOM killer enabled.
[   12.876158] Restarting tasks ... done.
root@(none):/# 
root@(none):/# rtcwake -d rtc1 -m mem -s 3
rtcwake: assuming RTC uses UTC ...
rtcwake: wakeup from "mem" using /dev/rtc1 at Thu Jan  1 00:01:00 1970
[   13.489756] PM: Syncing filesystems ... done.
[   13.495022] Freezing user space processes ... (elapsed 0.001 seconds) done.
[   13.503368] OOM killer disabled.
[   13.506596] Freezing remaining freezable tasks ... (elapsed 0.001 seconds) done.
[   13.515318] Suspending console(s) (use no_console_suspend to debug)
[   13.579227] PM: suspend of devices complete after 57.052 msecs
[   13.580850] PM: late suspend of devices complete after 1.605 msecs
[   13.582385] PM: noirq suspend of devices complete after 1.523 msecs
[   13.582391] Disabling non-boot CPUs ...
[   13.707541] IRQ17 no longer affine to CPU2
[   13.871339] Entering suspend state LP1
[   13.871339] Suspended for 7.677 seconds
[   13.871381] Enabling non-boot CPUs ...
[   13.902239] CPU1 is up
[   13.942450] CPU2 is up
[   13.983378] CPU3 is up
[   13.984021] PM: noirq resume of devices complete after 0.632 msecs
[   13.985744] PM: early resume of devices complete after 1.070 msecs
[   14.529217] PM: resume of devices complete after 543.454 msecs
[   14.592738] OOM killer enabled.
[   14.595872] Restarting tasks ... done.
root@(none):/# 
root@(none):/# rtcwake -d rtc1 -m mem -s 3
rtcwake: assuming RTC uses UTC ...
rtcwake: wakeup from "mem" using /dev/rtc1 at Thu Jan  1 00:01:10 1970
[   15.815853] PM: Syncing filesystems ... done.
[   15.821449] Freezing user space processes ... (elapsed 0.001 seconds) done.
[   15.829790] OOM killer disabled.
[   15.833018] Freezing remaining freezable tasks ... (elapsed 0.001 seconds) done.
[   15.841867] Suspending console(s) (use no_console_suspend to debug)
[   15.899190] PM: suspend of devices complete after 50.463 msecs
[   15.900704] PM: late suspend of devices complete after 1.502 msecs
[   15.902187] PM: noirq suspend of devices complete after 1.474 msecs
[   15.902193] Disabling non-boot CPUs ...
[   15.937404] IRQ17 no longer affine to CPU1
[   16.212074] Entering suspend state LP1
[   16.212074] Suspended for 8.242 seconds
[   16.212117] Enabling non-boot CPUs ...
[   16.242208] CPU1 is up
[   16.282383] CPU2 is up
[   16.323345] CPU3 is up
[   16.323994] PM: noirq resume of devices complete after 0.637 msecs
[   16.325838] PM: early resume of devices complete after 1.188 msecs
[   16.870291] PM: resume of devices complete after 544.434 msecs
[   16.933886] OOM killer enabled.
[   16.937046] Restarting tasks ... done.
root@(none):/# 
root@(none):/# rtcwake -d rtc1 -m mem -s 3
rtcwake: assuming RTC uses UTC ...
rtcwake: wakeup from "mem" using /dev/rtc1 at Thu Jan  1 00:01:20 1970
[   17.563797] PM: Syncing filesystems ... done.
[   17.569380] Freezing user space processes ... (elapsed 0.001 seconds) done.
[   17.577704] OOM killer disabled.
[   17.580929] Freezing remaining freezable tasks ... (elapsed 0.001 seconds) done.
[   17.589716] Suspending console(s) (use no_console_suspend to debug)
[   17.649156] PM: suspend of devices complete after 52.602 msecs
[   17.650752] PM: late suspend of devices complete after 1.578 msecs
[   17.652278] PM: noirq suspend of devices complete after 1.515 msecs
[   17.652284] Disabling non-boot CPUs ...
[   17.687349] IRQ17 no longer affine to CPU1
[   17.961489] Entering suspend state LP1
[   17.961489] Suspended for 7.667 seconds
[   17.961531] Enabling non-boot CPUs ...
[   17.992131] CPU1 is up
[   18.032326] CPU2 is up
[   18.073257] CPU3 is up
[   18.073899] PM: noirq resume of devices complete after 0.630 msecs
[   18.075774] PM: early resume of devices complete after 1.222 msecs
[   18.619891] PM: resume of devices complete after 544.099 msecs
[   18.683404] OOM killer enabled.
[   18.686539] Restarting tasks ... done.
root@(none):/# 
root@(none):/# rtcwake -d rtc1 -m mem -s 3
rtcwake: assuming RTC uses UTC ...
rtcwake: wakeup from "mem" using /dev/rtc1 at Thu Jan  1 00:01:30 1970
[   19.906253] PM: Syncing filesystems ... done.
[   19.911540] Freezing user space processes ... (elapsed 0.001 seconds) done.
[   19.919869] OOM killer disabled.
[   19.923098] Freezing remaining freezable tasks ... (elapsed 0.001 seconds) done.
[   19.931944] Suspending console(s) (use no_console_suspend to debug)
[   19.989137] PM: suspend of devices complete after 50.332 msecs
[   19.990653] PM: late suspend of devices complete after 1.504 msecs
[   19.992134] PM: noirq suspend of devices complete after 1.470 msecs
[   19.992139] Disabling non-boot CPUs ...
[   20.027310] IRQ17 no longer affine to CPU1
[   20.311216] Entering suspend state LP1
[   20.311216] Suspended for 8.234 seconds
[   20.311259] Enabling non-boot CPUs ...
[   20.342116] CPU1 is up
[   20.382295] CPU2 is up
[   20.442906] CPU3 is up
[   20.443510] PM: noirq resume of devices complete after 0.593 msecs
[   20.445391] PM: early resume of devices complete after 1.239 msecs
[   20.995882] PM: resume of devices complete after 550.471 msecs
[   21.059438] OOM killer enabled.
[   21.062574] Restarting tasks ... done.
root@(none):/# 
root@(none):/# rtcwake -d rtc1 -m mem -s 3
rtcwake: assuming RTC uses UTC ...
rtcwake: wakeup from "mem" using /dev/rtc1 at Thu Jan  1 00:01:40 1970
[   21.665914] PM: Syncing filesystems ... done.
[   21.671243] Freezing user space processes ... (elapsed 0.001 seconds) done.
[   21.679593] OOM killer disabled.
[   21.682821] Freezing remaining freezable tasks ... (elapsed 0.001 seconds) done.
[   21.691690] Suspending console(s) (use no_console_suspend to debug)
[   21.748913] PM: suspend of devices complete after 50.365 msecs
[   21.750765] PM: late suspend of devices complete after 1.834 msecs
[   21.752220] PM: noirq suspend of devices complete after 1.443 msecs
[   21.752226] Disabling non-boot CPUs ...
[   21.987089] IRQ17 no longer affine to CPU3
[   22.041145] Entering suspend state LP1
[   22.041145] Suspended for 7.686 seconds
[   22.041187] Enabling non-boot CPUs ...
[   22.072060] CPU1 is up
[   22.112286] CPU2 is up
[   22.172857] CPU3 is up
[   22.173465] PM: noirq resume of devices complete after 0.597 msecs
[   22.175320] PM: early resume of devices complete after 1.222 msecs
[   22.719729] PM: resume of devices complete after 544.391 msecs
[   22.783235] OOM killer enabled.
[   22.786369] Restarting tasks ... done.
root@(none):/# 
root@(none):/# rtcwake -d rtc1 -m mem -s 3
rtcwake: assuming RTC uses UTC ...
rtcwake: wakeup from "mem" using /dev/rtc1 at Thu Jan  1 00:01:50 1970
[   23.985660] PM: Syncing filesystems ... done.
[   23.991263] Freezing user space processes ... (elapsed 0.001 seconds) done.
[   23.999606] OOM killer disabled.
[   24.002834] Freezing remaining freezable tasks ... (elapsed 0.001 seconds) done.
[   24.011687] Suspending console(s) (use no_console_suspend to debug)
[   24.069018] PM: suspend of devices complete after 50.466 msecs
[   24.071203] PM: late suspend of devices complete after 2.167 msecs
[   24.072739] PM: noirq suspend of devices complete after 1.525 msecs
[   24.072745] Disabling non-boot CPUs ...
[   24.107198] IRQ17 no longer affine to CPU1
[   24.411586] Entering suspend state LP1
[   24.411586] Suspended for 8.213 seconds
[   24.411629] Enabling non-boot CPUs ...
[   24.442027] CPU1 is up
[   24.482177] CPU2 is up
[   24.542801] CPU3 is up
[   24.543432] PM: noirq resume of devices complete after 0.620 msecs
[   24.545593] PM: early resume of devices complete after 1.507 msecs
[   25.090221] PM: resume of devices complete after 544.610 msecs
[   25.153787] OOM killer enabled.
[   25.156938] Restarting tasks ... done.
root@(none):/# 
root@(none):/# NVTB SYSTEM SUSPEND TEST COMPLETE
