
U-Boot SPL 2014.01-00219-gc4d376f (Feb 18 2014 - 19:57:32)


U-Boot 2014.01-00219-gc4d376f (Feb 18 2014 - 19:57:32)

TEGRA114
Board: NVIDIA Dalmore
I2C:   ready
DRAM:  2 GiB
MMC:   Tegra SD/MMC: 0, Tegra SD/MMC: 1
In:    serial
Out:   serial
Err:   serial
Net:   Net Initialization Skipped
No ethernet found.
Hit any key to stop autoboot:  2  0 
Tegra114 (Dalmore) # 
Tegra114 (Dalmore) # usb reset
(Re)start USB...
USB0:   USB EHCI 1.10
scanning bus 0 for devices... 2 USB Device(s) found
       scanning usb for storage devices... 0 Storage Device(s) found
       scanning usb for ethernet devices... 
Warning: asx0 using MAC address from net device
1 Ethernet Device(s) found
Tegra114 (Dalmore) # setenv bootargs 'ignore_loglevel console=ttyS0,115200n8 rw root=PARTUUID=7369c667-ff51-ec4a-29cd-baabf2fbe346 rootwait gpt debug earlyprintk init=/bin/bash'
Tegra114 (Dalmore) # setenv ipaddr 192.168.100.100; setenv serverip 192.168.100.1; setenv tftpserverip 192.168.100.1
Tegra114 (Dalmore) # tftpboot 0x81000000 zImage.tegra_defconfig
Using asx0 device
TFTP from server 192.168.100.1; our IP address is 192.168.100.100
Filename 'zImage.tegra_defconfig'.
Load address: 0x81000000
Loading: *#################################################################
	 #################################################################
	 #################################################################
	 #################################################################
	 #################################################################
	 ######################################
	 3.3 MiB/s
done
Bytes transferred = 5315960 (511d78 hex)
Tegra114 (Dalmore) # tftpboot 0x82000000 tegra114-dalmore.dtb
Using asx0 device
TFTP from server 192.168.100.1; our IP address is 192.168.100.100
Filename 'tegra114-dalmore.dtb'.
Load address: 0x82000000
Loading: *###
	 2.8 MiB/s
done
Bytes transferred = 34912 (8860 hex)
Tegra114 (Dalmore) # bootz 0x81000000 - 0x82000000
Kernel image @ 0x81000000 [ 0x000000 - 0x511d78 ]
## Flattened Device Tree blob at 82000000
   Booting using the fdt blob at 0x82000000
   Loading Device Tree to 8fff4000, end 8ffff85f ... OK

Starting kernel ...

Uncompressing Linux... done, booting the kernel.
[    0.000000] Booting Linux on physical CPU 0x0
[    0.000000] Linux version 4.6.0-rc1-next-20160329-83440-g682b931 (pwalmsley@kaivo) (gcc version 4.7.3 20130328 (prerelease) (crosstool-NG linaro-1.13.1-4.7-2013.04-20130415 - Linaro GCC 2013.04) ) #1 SMP PREEMPT Mon Mar 28 18:18:56 PDT 2016
[    0.000000] CPU: ARMv7 Processor [412fc0f2] revision 2 (ARMv7), cr=10c5387d
[    0.000000] CPU: div instructions available: patching division code
[    0.000000] CPU: PIPT / VIPT nonaliasing data cache, PIPT instruction cache
[    0.000000] Machine model: NVIDIA Tegra114 Dalmore evaluation board
[    0.000000] debug: ignoring loglevel setting.
[    0.000000] bootconsole [earlycon0] enabled
[    0.000000] cma: Reserved 64 MiB at 0xfbc00000
[    0.000000] Memory policy: Data cache writealloc
[    0.000000] On node 0 totalpages: 524032
[    0.000000] free_area_init_node: node 0, pgdat c0c5c400, node_mem_map eeff7000
[    0.000000]   Normal zone: 1536 pages used for memmap
[    0.000000]   Normal zone: 0 pages reserved
[    0.000000]   Normal zone: 196608 pages, LIFO batch:31
[    0.000000]   HighMem zone: 327424 pages, LIFO batch:31
[    0.000000] percpu: Embedded 12 pages/cpu @eefa2000 s19968 r8192 d20992 u49152
[    0.000000] pcpu-alloc: s19968 r8192 d20992 u49152 alloc=12*4096
[    0.000000] pcpu-alloc: [0] 0 [0] 1 [0] 2 [0] 3 
[    0.000000] Built 1 zonelists in Zone order, mobility grouping on.  Total pages: 522496
[    0.000000] Kernel command line: ignore_loglevel console=ttyS0,115200n8 rw root=PARTUUID=7369c667-ff51-ec4a-29cd-baabf2fbe346 rootwait gpt debug earlyprintk init=/bin/bash
[    0.000000] PID hash table entries: 4096 (order: 2, 16384 bytes)
[    0.000000] Dentry cache hash table entries: 131072 (order: 7, 524288 bytes)
[    0.000000] Inode-cache hash table entries: 65536 (order: 6, 262144 bytes)
[    0.000000] Memory: 2000996K/2096128K available (7412K kernel code, 375K rwdata, 2516K rodata, 1024K init, 362K bss, 29596K reserved, 65536K cma-reserved, 1244160K highmem)
[    0.000000] Virtual kernel memory layout:
[    0.000000]     vector  : 0xffff0000 - 0xffff1000   (   4 kB)
[    0.000000]     fixmap  : 0xffc00000 - 0xfff00000   (3072 kB)
[    0.000000]     vmalloc : 0xf0800000 - 0xff800000   ( 240 MB)
[    0.000000]     lowmem  : 0xc0000000 - 0xf0000000   ( 768 MB)
[    0.000000]     pkmap   : 0xbfe00000 - 0xc0000000   (   2 MB)
[    0.000000]     modules : 0xbf000000 - 0xbfe00000   (  14 MB)
[    0.000000]       .text : 0xc0008000 - 0xc0ab2258   (10921 kB)
[    0.000000]       .init : 0xc0b00000 - 0xc0c00000   (1024 kB)
[    0.000000]       .data : 0xc0c00000 - 0xc0c5df80   ( 376 kB)
[    0.000000]        .bss : 0xc0c5f000 - 0xc0cb9a48   ( 363 kB)
[    0.000000] Preemptible hierarchical RCU implementation.
[    0.000000] 	Build-time adjustment of leaf fanout to 32.
[    0.000000] NR_IRQS:16 nr_irqs:16 16
[    0.000000] /interrupt-controller@60004000: 160 interrupts forwarded to /interrupt-controller@50041000
[    0.000000] Tegra clk 127: register failed with -17
[    0.000008] sched_clock: 32 bits at 1000kHz, resolution 1000ns, wraps every 2147483647500ns
[    0.007493] clocksource: timer_us: mask: 0xffffffff max_cycles: 0xffffffff, max_idle_ns: 1911260446275 ns
[    0.017109] Switching to timer-based delay loop, resolution 1000ns
[    0.024167] Architected cp15 timer(s) running at 12.00MHz (virt).
[    0.029503] clocksource: arch_sys_counter: mask: 0xffffffffffffff max_cycles: 0x2c47f4ee7, max_idle_ns: 440795202497 ns
[    0.040340] sched_clock: 56 bits at 12MHz, resolution 83ns, wraps every 4398046511096ns
[    0.048392] Switching to timer-based delay loop, resolution 83ns
[    0.054913] Console: colour dummy device 80x30
[    0.058979] Calibrating delay loop (skipped), value calculated using timer frequency.. 24.00 BogoMIPS (lpj=120000)
[    0.069361] pid_max: default: 32768 minimum: 301
[    0.074635] Mount-cache hash table entries: 2048 (order: 1, 8192 bytes)
[    0.080733] Mountpoint-cache hash table entries: 2048 (order: 1, 8192 bytes)
[    0.089309] CPU: Testing write buffer coherency: ok
[    0.093050] /cpus/cpu@0 missing clock-frequency property
[    0.098152] /cpus/cpu@1 missing clock-frequency property
[    0.103548] /cpus/cpu@2 missing clock-frequency property
[    0.108902] /cpus/cpu@3 missing clock-frequency property
[    0.114273] CPU0: thread -1, cpu 0, socket 0, mpidr 80000000
[    0.119989] Setting up static identity map for 0x80100000 - 0x80100098
[    0.128234] Tegra Revision: A01 SKU: 0 CPU Process: 1 SoC Process: 0
[    0.134844] CPU1: thread -1, cpu 1, socket 0, mpidr 80000001
[    0.136030] CPU2: thread -1, cpu 2, socket 0, mpidr 80000002
[    0.137248] CPU3: thread -1, cpu 3, socket 0, mpidr 80000003
[    0.137350] Brought up 4 CPUs
[    0.155658] SMP: Total of 4 processors activated (96.00 BogoMIPS).
[    0.161907] CPU: All CPU(s) started in SVC mode.
[    0.168448] devtmpfs: initialized
[    0.199493] VFP support v0.3: implementor 41 architecture 4 part 30 variant f rev 0
[    0.205955] clocksource: jiffies: mask: 0xffffffff max_cycles: 0xffffffff, max_idle_ns: 19112604462750000 ns
[    0.216601] pinctrl core: initialized pinctrl subsystem
[    0.222474] NET: Registered protocol family 16
[    0.226489] DMA: preallocated 256 KiB pool for atomic coherent allocations
[    0.255438] cpuidle: using governor menu
[    0.278140] No ATAGs?
[    0.278349] hw-breakpoint: found 5 (+1 reserved) breakpoint and 4 watchpoint registers.
[    0.286668] hw-breakpoint: maximum watchpoint size is 8 bytes.
[    0.293644] tegra-mc 70019000.memory-controller: no memory timings for RAM code 3 registered
[    0.354482] dvdd_ts: Failed to request enable GPIO61: -517
[    0.358148] reg-fixed-voltage regulators:regulator@1: Failed to register regulator: -517
[    0.366444] usb1_vbus: Failed to request enable GPIO108: -517
[    0.372099] reg-fixed-voltage regulators:regulator@3: Failed to register regulator: -517
[    0.380391] usb2_vbus: Failed to request enable GPIO86: -517
[    0.385965] reg-fixed-voltage regulators:regulator@4: Failed to register regulator: -517
[    0.394874] VDD_5V0_HDMI_CON: Failed to request enable GPIO81: -517
[    0.400438] reg-fixed-voltage regulators:regulator@7: Failed to register regulator: -517
[    0.410403] vgaarb: loaded
[    0.412834] SCSI subsystem initialized
[    0.415450] libata version 3.00 loaded.
[    0.419778] usbcore: registered new interface driver usbfs
[    0.424770] usbcore: registered new interface driver hub
[    0.430165] usbcore: registered new device driver usb
[    0.439528] tps65090 2-0048: No cache defaults, reading back from HW
[    0.453523] genirq: Setting trigger mode 8 for irq 341 failed (irq_chip_set_type_parent+0x0/0x28)
[    0.460598] palmas 2-0058: Irq flag is 0x00000000
[    0.469021] palmas 2-0058: Muxing GPIO ff, PWM 0, LED 0
[    0.484741] sdhci-vdd-sd-slot: ramp_delay not set
[    0.523364] rail-3v3: Voltage range but no REGULATOR_CHANGE_VOLTAGE
[    0.528631] rail-5v0: Voltage range but no REGULATOR_CHANGE_VOLTAGE
[    0.536530] Linux video capture interface: v2.00
[    0.539425] pps_core: LinuxPPS API ver. 1 registered
[    0.544370] pps_core: Software ver. 5.3.6 - Copyright 2005-2007 Rodolfo Giometti <giometti@linux.it>
[    0.553595] PTP clock support registered
[    0.558544] Advanced Linux Sound Architecture Driver Initialized.
[    0.565399] Bluetooth: Core ver 2.21
[    0.567387] NET: Registered protocol family 31
[    0.571840] Bluetooth: HCI device and connection manager initialized
[    0.578249] Bluetooth: HCI socket layer initialized
[    0.583203] Bluetooth: L2CAP socket layer initialized
[    0.588333] Bluetooth: SCO socket layer initialized
[    0.594828] clocksource: Switched to clocksource arch_sys_counter
[    0.624426] NET: Registered protocol family 2
[    0.628351] TCP established hash table entries: 8192 (order: 3, 32768 bytes)
[    0.634154] TCP bind hash table entries: 8192 (order: 4, 65536 bytes)
[    0.640764] TCP: Hash tables configured (established 8192 bind 8192)
[    0.647428] UDP hash table entries: 512 (order: 2, 16384 bytes)
[    0.652990] UDP-Lite hash table entries: 512 (order: 2, 16384 bytes)
[    0.659824] NET: Registered protocol family 1
[    0.664516] RPC: Registered named UNIX socket transport module.
[    0.669795] RPC: Registered udp transport module.
[    0.674536] RPC: Registered tcp transport module.
[    0.679320] RPC: Registered tcp NFSv4.1 backchannel transport module.
[    0.685822] PCI: CLS 0 bytes, default 64
[    0.694196] futex hash table entries: 1024 (order: 4, 65536 bytes)
[    0.699706] workingset: timestamp_bits=28 max_order=19 bucket_order=0
[    0.706631] squashfs: version 4.0 (2009/01/31) Phillip Lougher
[    0.711839] NFS: Registering the id_resolver key type
[    0.716154] Key type id_resolver registered
[    0.720299] Key type id_legacy registered
[    0.728944] bounce: pool size: 64 pages
[    0.730956] io scheduler noop registered (default)
[    0.747610] vdd-lcd-bl: supplied by vdd_ac_bat
[    0.762545] tegra-apbdma 6000a000.dma: Tegra20 APB DMA driver register 32 channels
[    0.769176] tegra-pmc 7000e400.pmc: i2c-thermtrip node not found, emergency thermal reset disabled.
[    0.778132] Serial: 8250/16550 driver, 4 ports, IRQ sharing disabled
[    0.787719] console [ttyS0] disabled
[    0.789517] 70006300.serial: ttyS0 at MMIO 0x70006300 (irq = 329, base_baud = 25500000) is a Tegra
[    0.798547] console [ttyS0] enabled
[    0.798547] console [ttyS0] enabled
[    0.804832] bootconsole [earlycon0] disabled
[    0.804832] bootconsole [earlycon0] disabled
[    0.816132] [drm] Initialized drm 1.1.0 20060810
[    0.822081] tegra-hdmi 54280000.hdmi: failed to get HDMI regulator
[    0.828933] vdd-ao: supplied by vdd_ac_bat
[    0.833282] vddio-1v8: supplied by vdd-ao
[    0.837717] avdd-dsi-csi: supplied by vddio-1v8
[    0.846794] vdd-sys-3v3: supplied by vdd_ac_bat
[    0.851562] avdd-lcd: supplied by vdd-sys-3v3
[    0.872715] loop: module loaded
[    0.889168] m25p80 spi32766.0: w25q32dw (4096 Kbytes)
[    0.897527] CAN device driver interface
[    0.901457] igb: Intel(R) Gigabit Ethernet Network Driver - version 5.3.0-k
[    0.908429] igb: Copyright (c) 2007-2014 Intel Corporation.
[    0.914347] pegasus: v0.9.3 (2013/04/25), Pegasus/Pegasus II USB Ethernet driver
[    0.921884] usbcore: registered new interface driver pegasus
[    0.927732] usbcore: registered new interface driver asix
[    0.933244] usbcore: registered new interface driver ax88179_178a
[    0.939485] usbcore: registered new interface driver cdc_ether
[    0.945500] usbcore: registered new interface driver smsc75xx
[    0.951407] usbcore: registered new interface driver smsc95xx
[    0.957290] usbcore: registered new interface driver net1080
[    0.963059] usbcore: registered new interface driver cdc_subset
[    0.969113] usbcore: registered new interface driver zaurus
[    0.974889] usbcore: registered new interface driver cdc_ncm
[    0.981021] ehci_hcd: USB 2.0 'Enhanced' Host Controller (EHCI) Driver
[    0.987562] ehci-pci: EHCI PCI platform driver
[    0.992124] tegra-ehci: Tegra EHCI driver
[    0.996829] usbcore: registered new interface driver cdc_acm
[    1.002478] cdc_acm: USB Abstract Control Model driver for USB modems and ISDN adapters
[    1.010640] usbcore: registered new interface driver cdc_wdm
[    1.016484] usbcore: registered new interface driver usb-storage
[    1.023300] mousedev: PS/2 mouse device common for all mice
[    1.034032] palmas-rtc 7000d000.i2c:tps65913@58:rtc: rtc core: registered 7000d000.i2c:tps659 as rtc0
[    1.045072] tegra_rtc 7000e000.rtc: rtc core: registered 7000e000.rtc as rtc1
[    1.052302] tegra_rtc 7000e000.rtc: Tegra internal Real Time Clock
[    1.058875] i2c /dev entries driver
[    1.063997] usbcore: registered new interface driver uvcvideo
[    1.069761] USB Video Class driver (1.1.1)
[    1.073849] gspca_main: v2.14.0 registered
[    1.078689] sbs-battery 0-000b: sbs_probe: Failed to get device status
[    1.085250] sbs-battery: probe of 0-000b failed with error -121
[    1.093246] vdd-sensor-2v85: supplied by vdd-sys-3v3
[    1.103078] tegra-wdt 60005000.timer: initialized (heartbeat = 120 sec, nowayout = 0)
[    1.111354] sdhci: Secure Digital Host Controller Interface driver
[    1.117545] sdhci: Copyright(c) Pierre Ossman
[    1.121894] sdhci-pltfm: SDHCI platform and OF driver helper
[    1.127893] sdhci-tegra 78000400.sdhci: Got CD GPIO
[    1.132784] sdhci-tegra 78000400.sdhci: Got WP GPIO
[    1.138871] mmc0: Invalid maximum block size, assuming 512 bytes
[    1.185087] mmc0: SDHCI controller on 78000400.sdhci [78000400.sdhci] using ADMA
[    1.197966] mmc1: Invalid maximum block size, assuming 512 bytes
[    1.254913] mmc1: SDHCI controller on 78000600.sdhci [78000600.sdhci] using ADMA
[    1.270657] usbcore: registered new interface driver usbhid
[    1.278376] usbhid: USB HID core driver
[    1.339973] mmc1: new high speed MMC card at address 0001
[    1.346473] mmcblk0: mmc1:0001 SEM32G 29.1 GiB 
[    1.351572] mmcblk0boot0: mmc1:0001 SEM32G partition 1 4.00 MiB
[    1.357680] mmc0: new high speed SDHC card at address aaaa
[    1.363986] mmcblk1: mmc0:aaaa SL16G 14.8 GiB 
[    1.369817] mmcblk0boot1: mmc1:0001 SEM32G partition 2 4.00 MiB
[    1.376207] mmcblk0rpmb: mmc1:0001 SEM32G partition 3 4.00 MiB
[    1.385757]  mmcblk0: p1 p2 p3 p4 p5 p6 p7 p8
[    1.392568]  mmcblk1: p1 p2 p3
[    1.728084] tegra30-i2s 70080400.i2s: DMA channels sourced from device 70080000.ahub
[    1.745559] tegra-snd-rt5640 sound: rt5640-aif1 <-> 70080400.i2s mapping ok
[    1.758212] input: NVIDIA Tegra Dalmore Headphones as /devices/soc0/sound/sound/card0/input0
[    1.769266] NET: Registered protocol family 10
[    1.775372] mip6: Mobile IPv6
[    1.778340] sit: IPv6 over IPv4 tunneling driver
[    1.786114] NET: Registered protocol family 17
[    1.790591] NET: Registered protocol family 15
[    1.795048] can: controller area network core (rev 20120528 abi 9)
[    1.801407] NET: Registered protocol family 29
[    1.805868] can: raw protocol (rev 20120528)
[    1.810133] can: broadcast manager protocol (rev 20120528 t)
[    1.815824] can: netlink gateway (rev 20130117) max_hops=1
[    1.821498] Bluetooth: RFCOMM socket layer initialized
[    1.826679] Bluetooth: RFCOMM ver 1.11
[    1.830433] Bluetooth: BNEP (Ethernet Emulation) ver 1.3
[    1.835771] Bluetooth: BNEP socket layer initialized
[    1.840728] Bluetooth: HIDP (Human Interface Emulation) ver 1.2
[    1.846668] Bluetooth: HIDP socket layer initialized
[    1.851932] Key type dns_resolver registered
[    1.857551] Registering SWP/SWPB emulation handler
[    1.868023] vdd-sys-5v0: supplied by vdd_ac_bat
[    1.872798] VDD_5V0_HDMI_CON: supplied by vdd-sys-5v0
[    1.878592] vdd_hdmi_5v0: supplied by vdd-sys-5v0
[    1.888527] [drm] Supports vblank timestamp caching Rev 2 (21.10.2013).
[    1.895183] [drm] No driver support for vblank timestamp query.
[    1.960394] Console: switching to colour frame buffer device 240x75
[    1.987762] drm drm: fb0:  frame buffer device
[    2.014965] [drm] Initialized tegra 0.0.0 20120330 on minor 0
[    2.021168] usb2_vbus: supplied by vdd-sys-5v0
[    2.027261] tegra-ehci 7d008000.usb: EHCI Host Controller
[    2.032708] tegra-ehci 7d008000.usb: new USB bus registered, assigned bus number 1
[    2.040798] tegra-ehci 7d008000.usb: irq 339, io mem 0x7d008000
[    2.064964] tegra-ehci 7d008000.usb: USB 2.0 started, EHCI 1.10
[    2.073017] hub 1-0:1.0: USB hub found
[    2.076899] hub 1-0:1.0: 1 port detected
[    2.083262] input: gpio-keys as /devices/soc0/gpio-keys/input/input1
[    2.092336] palmas-rtc 7000d000.i2c:tps65913@58:rtc: setting system clock to 2000-01-21 12:36:54 UTC (948458214)
[    2.124637] dvdd_ts: disabling
[    2.127749] usb1_vbus: disabling
[    2.130976] vdd_cam_1v8_reg: disabling
[    2.135016] ALSA device list:
[    2.137978]   #0: NVIDIA Tegra Dalmore
[    2.143209] EXT4-fs (mmcblk0p1): mounting ext3 file system using the ext4 subsystem
[    2.170961] EXT4-fs (mmcblk0p1): recovery complete
[    2.175892] EXT4-fs (mmcblk0p1): mounted filesystem with ordered data mode. Opts: (null)
[    2.184043] VFS: Mounted root (ext3 filesystem) on device 179:1.
[    2.195945] devtmpfs: mounted
[    2.200026] Freeing unused kernel memory: 1024K (c0b00000 - c0c00000)
bash: cannot set terminal process group (-1): Inappropriate ioctl for device
bash: no job control in this shell
root@(none):/# [    2.404982] usb 1-1: new high-speed USB device number 2 using tegra-ehci
mount -t sysfs none /sys
root@(none):/# 
root@(none):/# [    3.423900] asix 1-1:1.0 eth0: register 'asix' at usb-7d008000.usb-1, ASIX AX88772 USB 2.0 Ethernet, 00:50:b6:0d:b5:16
mount -t debugfs none /sys/kernel/debug
root@(none):/# 
root@(none):/# rtcwake -d rtc1 -m mem -s 3
rtcwake: assuming RTC uses UTC ...
rtcwake: wakeup from "mem" using /dev/rtc1 at Thu Jan  1 00:00:19 1970
[    5.171100] PM: Syncing filesystems ... done.
[    5.199319] Freezing user space processes ... (elapsed 0.004 seconds) done.
[    5.199326] Freezing remaining freezable tasks ... (elapsed 0.007 seconds) done.
[    5.214176] Suspending console(s) (use no_console_suspend to debug)
[    5.296645] PM: suspend of devices complete after 74.827 msecs
[    5.298418] PM: late suspend of devices complete after 1.757 msecs
[    5.300085] PM: noirq suspend of devices complete after 1.657 msecs
[    5.300089] Disabling non-boot CPUs ...
[    5.335329] CPU1: shutdown
[    5.394995] IRQ16 no longer affine to CPU2
[    5.395359] CPU2: shutdown
[    5.455301] CPU3: shutdown
[    5.487192] Entering suspend state LP1
[    5.487239] Enabling non-boot CPUs ...
[    5.538165] CPU1 is up
[    5.588836] CPU2 is up
[    5.639567] CPU3 is up
[    5.640595] PM: noirq resume of devices complete after 1.017 msecs
[    5.643214] PM: early resume of devices complete after 1.956 msecs
[    5.747015] PM: resume of devices complete after 103.784 msecs
[    5.815537] Restarting tasks ... done.
root@(none):/# 
root@(none):/# rtcwake -d rtc1 -m mem -s 3
rtcwake: assuming RTC uses UTC ...
rtcwake: wakeup from "mem" using /dev/rtc1 at Thu Jan  1 00:00:28 1970
[    6.915128] PM: Syncing filesystems ... done.
[    6.942701] Freezing user space processes ... (elapsed 0.007 seconds) done.
[    6.950191] Freezing remaining freezable tasks ... (elapsed 0.007 seconds) done.
[    6.950196] Suspending console(s) (use no_console_suspend to debug)
[    7.036693] PM: suspend of devices complete after 71.368 msecs
[    7.038692] PM: late suspend of devices complete after 1.983 msecs
[    7.040277] PM: noirq suspend of devices complete after 1.575 msecs
[    7.040281] Disabling non-boot CPUs ...
[    7.065303] CPU1: shutdown
[    7.125324] CPU2: shutdown
[    7.184930] IRQ16 no longer affine to CPU3
[    7.185293] CPU3: shutdown
[    7.217136] Entering suspend state LP1
[    7.217183] Enabling non-boot CPUs ...
[    7.268138] CPU1 is up
[    7.318807] CPU2 is up
[    7.369526] CPU3 is up
[    7.370544] PM: noirq resume of devices complete after 1.008 msecs
[    7.372978] PM: early resume of devices complete after 1.774 msecs
[    7.476890] PM: resume of devices complete after 103.895 msecs
[    7.545500] Restarting tasks ... done.
root@(none):/# 
root@(none):/# rtcwake -d rtc1 -m mem -s 3
rtcwake: assuming RTC uses UTC ...
rtcwake: wakeup from "mem" using /dev/rtc1 at Thu Jan  1 00:00:37 1970
[    8.635160] PM: Syncing filesystems ... done.
[    8.662707] Freezing user space processes ... (elapsed 0.007 seconds) done.
[    8.662714] Freezing remaining freezable tasks ... (elapsed 0.007 seconds) done.
[    8.677619] Suspending console(s) (use no_console_suspend to debug)
[    8.746781] PM: suspend of devices complete after 61.562 msecs
[    8.748752] PM: late suspend of devices complete after 1.955 msecs
[    8.750377] PM: noirq suspend of devices complete after 1.616 msecs
[    8.750382] Disabling non-boot CPUs ...
[    8.775265] CPU1: shutdown
[    8.835268] CPU2: shutdown
[    8.894884] IRQ16 no longer affine to CPU3
[    8.895250] CPU3: shutdown
[    8.927097] Entering suspend state LP1
[    8.927146] Enabling non-boot CPUs ...
[    8.978077] CPU1 is up
[    9.028731] CPU2 is up
[    9.079467] CPU3 is up
[    9.080522] PM: noirq resume of devices complete after 1.045 msecs
[    9.082701] PM: early resume of devices complete after 1.539 msecs
[    9.176971] PM: resume of devices complete after 94.253 msecs
[    9.245401] Restarting tasks ... done.
root@(none):/# 
root@(none):/# rtcwake -d rtc1 -m mem -s 3
rtcwake: assuming RTC uses UTC ...
rtcwake: wakeup from "mem" using /dev/rtc1 at Thu Jan  1 00:00:46 1970
[   10.341096] PM: Syncing filesystems ... done.
[   10.368130] Freezing user space processes ... (elapsed 0.003 seconds) done.
[   10.368137] Freezing remaining freezable tasks ... (elapsed 0.007 seconds) done.
[   10.383002] Suspending console(s) (use no_console_suspend to debug)
[   10.456985] PM: suspend of devices complete after 66.353 msecs
[   10.458993] PM: late suspend of devices complete after 1.992 msecs
[   10.460574] PM: noirq suspend of devices complete after 1.571 msecs
[   10.460579] Disabling non-boot CPUs ...
[   10.485183] CPU1: shutdown
[   10.554823] IRQ16 no longer affine to CPU2
[   10.555193] CPU2: shutdown
[   10.615210] CPU3: shutdown
[   10.647047] Entering suspend state LP1
[   10.647094] Enabling non-boot CPUs ...
[   10.698048] CPU1 is up
[   10.748703] CPU2 is up
[   10.799436] CPU3 is up
[   10.800446] PM: noirq resume of devices complete after 0.999 msecs
[   10.802866] PM: early resume of devices complete after 1.769 msecs
[   10.906824] PM: resume of devices complete after 103.940 msecs
[   10.975416] Restarting tasks ... done.
root@(none):/# 
root@(none):/# rtcwake -d rtc1 -m mem -s 3
rtcwake: assuming RTC uses UTC ...
rtcwake: wakeup from "mem" using /dev/rtc1 at Thu Jan  1 00:00:55 1970
[   12.065018] PM: Syncing filesystems ... done.
[   12.092052] Freezing user space processes ... (elapsed 0.006 seconds) done.
[   12.092059] Freezing remaining freezable tasks ... (elapsed 0.007 seconds) done.
[   12.106983] Suspending console(s) (use no_console_suspend to debug)
[   12.176586] PM: suspend of devices complete after 62.043 msecs
[   12.178545] PM: late suspend of devices complete after 1.942 msecs
[   12.180146] PM: noirq suspend of devices complete after 1.590 msecs
[   12.180150] Disabling non-boot CPUs ...
[   12.205175] CPU1: shutdown
[   12.264818] IRQ16 no longer affine to CPU2
[   12.265188] CPU2: shutdown
[   12.325153] CPU3: shutdown
[   12.357007] Entering suspend state LP1
[   12.357055] Enabling non-boot CPUs ...
[   12.407994] CPU1 is up
[   12.458667] CPU2 is up
[   12.509381] CPU3 is up
[   12.510439] PM: noirq resume of devices complete after 1.047 msecs
[   12.512702] PM: early resume of devices complete after 1.601 msecs
[   12.616758] PM: resume of devices complete after 104.037 msecs
[   12.685294] Restarting tasks ... done.
root@(none):/# 
root@(none):/# rtcwake -d rtc1 -m mem -s 3
rtcwake: assuming RTC uses UTC ...
rtcwake: wakeup from "mem" using /dev/rtc1 at Thu Jan  1 00:01:04 1970
[   13.773101] PM: Syncing filesystems ... done.
[   13.800697] Freezing user space processes ... (elapsed 0.005 seconds) done.
[   13.800704] Freezing remaining freezable tasks ... (elapsed 0.007 seconds) done.
[   13.815608] Suspending console(s) (use no_console_suspend to debug)
[   13.887042] PM: suspend of devices complete after 63.855 msecs
[   13.888761] PM: late suspend of devices complete after 1.704 msecs
[   13.890415] PM: noirq suspend of devices complete after 1.645 msecs
[   13.890419] Disabling non-boot CPUs ...
[   13.915152] CPU1: shutdown
[   13.974771] IRQ16 no longer affine to CPU2
[   13.975141] CPU2: shutdown
[   14.035107] CPU3: shutdown
[   14.066965] Entering suspend state LP1
[   14.067012] Enabling non-boot CPUs ...
[   14.117961] CPU1 is up
[   14.168645] CPU2 is up
[   14.219345] CPU3 is up
[   14.220410] PM: noirq resume of devices complete after 1.054 msecs
[   14.222796] PM: early resume of devices complete after 1.739 msecs
[   14.326759] PM: resume of devices complete after 103.947 msecs
[   14.395298] Restarting tasks ... done.
root@(none):/# 
root@(none):/# rtcwake -d rtc1 -m mem -s 3
rtcwake: assuming RTC uses UTC ...
rtcwake: wakeup from "mem" using /dev/rtc1 at Thu Jan  1 00:01:13 1970
[   15.482444] PM: Syncing filesystems ... done.
[   15.509652] Freezing user space processes ... (elapsed 0.004 seconds) done.
[   15.509659] Freezing remaining freezable tasks ... (elapsed 0.012 seconds) done.
[   15.524537] Suspending console(s) (use no_console_suspend to debug)
[   15.596683] PM: suspend of devices complete after 64.533 msecs
[   15.598414] PM: late suspend of devices complete after 1.716 msecs
[   15.600062] PM: noirq suspend of devices complete after 1.638 msecs
[   15.600066] Disabling non-boot CPUs ...
[   15.625097] CPU1: shutdown
[   15.685094] CPU2: shutdown
[   15.744711] IRQ16 no longer affine to CPU3
[   15.745077] CPU3: shutdown
[   15.776918] Entering suspend state LP1
[   15.776965] Enabling non-boot CPUs ...
[   15.827908] CPU1 is up
[   15.878585] CPU2 is up
[   15.929315] CPU3 is up
[   15.930401] PM: noirq resume of devices complete after 1.075 msecs
[   15.932447] PM: early resume of devices complete after 1.405 msecs
[   16.026979] PM: resume of devices complete after 94.514 msecs
[   16.095416] Restarting tasks ... done.
root@(none):/# 
root@(none):/# rtcwake -d rtc1 -m mem -s 3
rtcwake: assuming RTC uses UTC ...
rtcwake: wakeup from "mem" using /dev/rtc1 at Thu Jan  1 00:01:22 1970
[   17.190275] PM: Syncing filesystems ... done.
[   17.214725] Freezing user space processes ... (elapsed 0.009 seconds) done.
[   17.217732] Freezing remaining freezable tasks ... (elapsed 0.002 seconds) done.
[   17.217736] Suspending console(s) (use no_console_suspend to debug)
[   17.306623] PM: suspend of devices complete after 66.859 msecs
[   17.308350] PM: late suspend of devices complete after 1.712 msecs
[   17.309999] PM: noirq suspend of devices complete after 1.640 msecs
[   17.310004] Disabling non-boot CPUs ...
[   17.334698] IRQ16 no longer affine to CPU1
[   17.335066] CPU1: shutdown
[   17.395049] CPU2: shutdown
[   17.455019] CPU3: shutdown
[   17.486874] Entering suspend state LP1
[   17.486921] Enabling non-boot CPUs ...
[   17.537880] CPU1 is up
[   17.588534] CPU2 is up
[   17.639261] CPU3 is up
[   17.640354] PM: noirq resume of devices complete after 1.083 msecs
[   17.642723] PM: early resume of devices complete after 1.727 msecs
[   17.746510] PM: resume of devices complete after 103.770 msecs
[   17.815230] Restarting tasks ... done.
root@(none):/# 
root@(none):/# rtcwake -d rtc1 -m mem -s 3
rtcwake: assuming RTC uses UTC ...
rtcwake: wakeup from "mem" using /dev/rtc1 at Thu Jan  1 00:01:31 1970
[   18.904951] PM: Syncing filesystems ... done.
[   18.932397] Freezing user space processes ... (elapsed 0.007 seconds) done.
[   18.932404] Freezing remaining freezable tasks ... (elapsed 0.012 seconds) done.
[   18.947339] Suspending console(s) (use no_console_suspend to debug)
[   19.016635] PM: suspend of devices complete after 61.719 msecs
[   19.018645] PM: late suspend of devices complete after 1.994 msecs
[   19.020242] PM: noirq suspend of devices complete after 1.587 msecs
[   19.020246] Disabling non-boot CPUs ...
[   19.045001] CPU1: shutdown
[   19.104641] IRQ16 no longer affine to CPU2
[   19.105008] CPU2: shutdown
[   19.164980] CPU3: shutdown
[   19.196861] Entering suspend state LP1
[   19.196910] Enabling non-boot CPUs ...
[   19.247839] CPU1 is up
[   19.298477] CPU2 is up
[   19.349231] CPU3 is up
[   19.350308] PM: noirq resume of devices complete after 1.067 msecs
[   19.352731] PM: early resume of devices complete after 1.777 msecs
[   19.456682] PM: resume of devices complete after 103.935 msecs
[   19.525255] Restarting tasks ... done.
root@(none):/# 
root@(none):/# rtcwake -d rtc1 -m mem -s 3
rtcwake: assuming RTC uses UTC ...
rtcwake: wakeup from "mem" using /dev/rtc1 at Thu Jan  1 00:01:40 1970
[   20.625048] PM: Syncing filesystems ... done.
[   20.652037] Freezing user space processes ... (elapsed 0.007 seconds) done.
[   20.652044] Freezing remaining freezable tasks ... (elapsed 0.007 seconds) done.
[   20.666967] Suspending console(s) (use no_console_suspend to debug)
[   20.746570] PM: suspend of devices complete after 72.013 msecs
[   20.748368] PM: late suspend of devices complete after 1.782 msecs
[   20.749933] PM: noirq suspend of devices complete after 1.555 msecs
[   20.749938] Disabling non-boot CPUs ...
[   20.774609] IRQ16 no longer affine to CPU1
[   20.774978] CPU1: shutdown
[   20.834963] CPU2: shutdown
[   20.894938] CPU3: shutdown
[   20.926791] Entering suspend state LP1
[   20.926839] Enabling non-boot CPUs ...
[   20.977799] CPU1 is up
[   21.028437] CPU2 is up
[   21.079184] CPU3 is up
[   21.080206] PM: noirq resume of devices complete after 1.011 msecs
[   21.082584] PM: early resume of devices complete after 1.733 msecs
[   21.186599] PM: resume of devices complete after 103.998 msecs
[   21.255110] Restarting tasks ... done.
root@(none):/# 
root@(none):/# NVTB SYSTEM SUSPEND TEST COMPLETE
