
U-Boot SPL 2014.01-00219-gc4d376f (Feb 18 2014 - 19:57:32)


U-Boot 2014.01-00219-gc4d376f (Feb 18 2014 - 19:57:32)

TEGRA114
Board: NVIDIA Dalmore
I2C:   ready
DRAM:  2 GiB
MMC:   Tegra SD/MMC: 0, Tegra SD/MMC: 1
In:    serial
Out:   serial
Err:   serial
Net:   Net Initialization Skipped
No ethernet found.
Hit any key to stop autoboot:  2  0 
Tegra114 (Dalmore) # 
Tegra114 (Dalmore) # usb reset
(Re)start USB...
USB0:   USB EHCI 1.10
scanning bus 0 for devices... 2 USB Device(s) found
       scanning usb for storage devices... 0 Storage Device(s) found
       scanning usb for ethernet devices... 
Warning: asx0 using MAC address from net device
1 Ethernet Device(s) found
Tegra114 (Dalmore) # setenv bootargs 'ignore_loglevel console=ttyS0,115200n8 rw root=/dev/mmcblk0p1 rootwait gpt debug init=/bin/bash'
Tegra114 (Dalmore) # setenv ipaddr 192.168.100.100; setenv serverip 192.168.100.1; setenv tftpserverip 192.168.100.1
Tegra114 (Dalmore) # tftpboot 0x81000000 zImage.multi_v7_defconfig
Using asx0 device
TFTP from server 192.168.100.1; our IP address is 192.168.100.100
Filename 'zImage.multi_v7_defconfig'.
Load address: 0x81000000
Loading: *#################################################################
	 #################################################################
	 #################################################################
	 #################################################################
	 #################################################################
	 #################################################################
	 ####################################
	 3.2 MiB/s
done
Bytes transferred = 6247040 (5f5280 hex)
Tegra114 (Dalmore) # tftpboot 0x82000000 tegra114-dalmore.dtb
Using asx0 device
TFTP from server 192.168.100.1; our IP address is 192.168.100.100
Filename 'tegra114-dalmore.dtb'.
Load address: 0x82000000
Loading: *###
	 3 MiB/s
done
Bytes transferred = 34894 (884e hex)
Tegra114 (Dalmore) # bootz 0x81000000 - 0x82000000
Kernel image @ 0x81000000 [ 0x000000 - 0x5f5280 ]
## Flattened Device Tree blob at 82000000
   Booting using the fdt blob at 0x82000000
   Loading Device Tree to 8fff4000, end 8ffff84d ... OK

Starting kernel ...

[    0.000000] Booting Linux on physical CPU 0x0
[    0.000000] Linux version 4.0.0-next-20150427-13068-gb722a93 (pwalmsley@sellafield) (gcc version 4.7.3 20130328 (prerelease) (crosstool-NG linaro-1.13.1-4.7-2013.04-20130415 - Linaro GCC 2013.04) ) #1 SMP Sun Apr 26 19:47:40 PDT 2015
[    0.000000] CPU: ARMv7 Processor [412fc0f2] revision 2 (ARMv7), cr=10c5387d
[    0.000000] CPU: PIPT / VIPT nonaliasing data cache, PIPT instruction cache
[    0.000000] Machine model: NVIDIA Tegra114 Dalmore evaluation board
[    0.000000] debug: ignoring loglevel setting.
[    0.000000] earlycon: no match for ttyS0,115200n8
[    0.000000] cma: Reserved 64 MiB at 0xfb800000
[    0.000000] Memory policy: Data cache writealloc
[    0.000000] On node 0 totalpages: 524032
[    0.000000] free_area_init_node: node 0, pgdat c0f29540, node_mem_map ee7f8000
[    0.000000]   DMA zone: 1520 pages used for memmap
[    0.000000]   DMA zone: 0 pages reserved
[    0.000000]   DMA zone: 194560 pages, LIFO batch:31
[    0.000000]   HighMem zone: 329472 pages, LIFO batch:31
[    0.000000] PERCPU: Embedded 12 pages/cpu @ee7a3000 s17024 r8192 d23936 u49152
[    0.000000] pcpu-alloc: s17024 r8192 d23936 u49152 alloc=12*4096
[    0.000000] pcpu-alloc: [0] 0 [0] 1 [0] 2 [0] 3 
[    0.000000] Built 1 zonelists in Zone order, mobility grouping on.  Total pages: 522512
[    0.000000] Kernel command line: ignore_loglevel console=ttyS0,115200n8 rw root=/dev/mmcblk0p1 rootwait gpt debug init=/bin/bash
[    0.000000] PID hash table entries: 4096 (order: 2, 16384 bytes)
[    0.000000] Dentry cache hash table entries: 131072 (order: 7, 524288 bytes)
[    0.000000] Inode-cache hash table entries: 65536 (order: 6, 262144 bytes)
[    0.000000] Memory: 1999228K/2096128K available (8020K kernel code, 1021K rwdata, 3584K rodata, 820K init, 317K bss, 31364K reserved, 65536K cma-reserved, 1252352K highmem)
[    0.000000] Virtual kernel memory layout:
[    0.000000]     vector  : 0xffff0000 - 0xffff1000   (   4 kB)
[    0.000000]     fixmap  : 0xffc00000 - 0xfff00000   (3072 kB)
[    0.000000]     vmalloc : 0xf0000000 - 0xff000000   ( 240 MB)
[    0.000000]     lowmem  : 0xc0000000 - 0xef800000   ( 760 MB)
[    0.000000]     pkmap   : 0xbfe00000 - 0xc0000000   (   2 MB)
[    0.000000]     modules : 0xbf000000 - 0xbfe00000   (  14 MB)
[    0.000000]       .text : 0xc0208000 - 0xc0d5e0e8   (11609 kB)
[    0.000000]       .init : 0xc0d5f000 - 0xc0e2c000   ( 820 kB)
[    0.000000]       .data : 0xc0e2c000 - 0xc0f2b500   (1022 kB)
[    0.000000]        .bss : 0xc0f2e000 - 0xc0f7d6a8   ( 318 kB)
[    0.000000] SLUB: HWalign=64, Order=0-3, MinObjects=0, CPUs=4, Nodes=1
[    0.000000] Hierarchical RCU implementation.
[    0.000000] 	Additional per-CPU info printed with stalls.
[    0.000000] 	RCU restricting CPUs from NR_CPUS=16 to nr_cpu_ids=4.
[    0.000000] RCU: Adjusting geometry for rcu_fanout_leaf=16, nr_cpu_ids=4
[    0.000000] NR_IRQS:16 nr_irqs:16 16
[    0.000000] /interrupt-controller@60004000: 160 interrupts forwarded to /interrupt-controller@50041000
[    0.000000] L2C: failed to init: -19
[    0.000009] sched_clock: 32 bits at 1000kHz, resolution 1000ns, wraps every 2147483647500ns
[    0.000028] clocksource timer_us: mask: 0xffffffff max_cycles: 0xffffffff, max_idle_ns: 1911260446275 ns
[    0.000043] Switching to timer-based delay loop, resolution 1000ns
[    0.002698] Architected cp15 timer(s) running at 12.00MHz (virt).
[    0.002715] clocksource arch_sys_counter: mask: 0xffffffffffffff max_cycles: 0x2c47f4ee7, max_idle_ns: 440795202497 ns
[    0.002733] sched_clock: 56 bits at 12MHz, resolution 83ns, wraps every 4398046511096ns
[    0.002746] Switching to timer-based delay loop, resolution 83ns
[    0.003095] Console: colour dummy device 80x30
[    0.003121] Calibrating delay loop (skipped), value calculated using timer frequency.. 24.00 BogoMIPS (lpj=60000)
[    0.003135] pid_max: default: 32768 minimum: 301
[    0.003252] Mount-cache hash table entries: 2048 (order: 1, 8192 bytes)
[    0.003264] Mountpoint-cache hash table entries: 2048 (order: 1, 8192 bytes)
[    0.003876] CPU: Testing write buffer coherency: ok
[    0.004082] /cpus/cpu@0 missing clock-frequency property
[    0.004111] /cpus/cpu@1 missing clock-frequency property
[    0.004140] /cpus/cpu@2 missing clock-frequency property
[    0.004169] /cpus/cpu@3 missing clock-frequency property
[    0.004181] CPU0: thread -1, cpu 0, socket 0, mpidr 80000000
[    0.004231] Setting up static identity map for 0x80209000 - 0x80209098
[    0.006353] Tegra Revision: A01 SKU: 0 CPU Process: 1 Core Process: 0
[    0.007517] CPU1: thread -1, cpu 1, socket 0, mpidr 80000001
[    0.008129] CPU2: thread -1, cpu 2, socket 0, mpidr 80000002
[    0.008737] CPU3: thread -1, cpu 3, socket 0, mpidr 80000003
[    0.008802] Brought up 4 CPUs
[    0.008823] SMP: Total of 4 processors activated (96.00 BogoMIPS).
[    0.008831] CPU: All CPU(s) started in SVC mode.
[    0.009380] devtmpfs: initialized
[    0.010267] VFP support v0.3: implementor 41 architecture 4 part 30 variant f rev 0
[    0.010728] clocksource jiffies: mask: 0xffffffff max_cycles: 0xffffffff, max_idle_ns: 9556302231375000 ns
[    0.012311] pinctrl core: initialized pinctrl subsystem
[    0.024023] NET: Registered protocol family 16
[    0.026126] DMA: preallocated 256 KiB pool for atomic coherent allocations
[    0.042608] cpuidle: using governor ladder
[    0.057626] cpuidle: using governor menu
[    0.072208] No ATAGs?
[    0.072245] hw-breakpoint: found 5 (+1 reserved) breakpoint and 4 watchpoint registers.
[    0.072256] hw-breakpoint: maximum watchpoint size is 8 bytes.
[    0.075773] Serial: AMBA PL011 UART driver
[    0.076662] tegra-mc 70019000.memory-controller: no memory timings for RAM code 3 registered
[    0.106652] dvdd_ts: Failed to request enable GPIO61: -517
[    0.106783] reg-fixed-voltage regulators:regulator@1: Failed to register regulator: -517
[    0.107004] usb1_vbus: Failed to request enable GPIO108: -517
[    0.107119] reg-fixed-voltage regulators:regulator@3: Failed to register regulator: -517
[    0.107336] usb2_vbus: Failed to request enable GPIO86: -517
[    0.107450] reg-fixed-voltage regulators:regulator@4: Failed to register regulator: -517
[    0.107995] VDD_5V0_HDMI_CON: Failed to request enable GPIO81: -517
[    0.108111] reg-fixed-voltage regulators:regulator@7: Failed to register regulator: -517
[    0.110685] vgaarb: loaded
[    0.111399] SCSI subsystem initialized
[    0.111583] libata version 3.00 loaded.
[    0.111923] usbcore: registered new interface driver usbfs
[    0.111993] usbcore: registered new interface driver hub
[    0.112070] usbcore: registered new device driver usb
[    0.115693] tps65090 2-0048: No cache defaults, reading back from HW
[    0.121843] palmas 2-0058: Irq flag is 0x00000000
[    0.125029] palmas 2-0058: Muxing GPIO ff, PWM 0, LED 0
[    0.134569] sdhci-vdd-sd-slot: ramp_delay not set
[    0.160803] media: Linux media interface: v0.10
[    0.160869] Linux video capture interface: v2.00
[    0.160920] pps_core: LinuxPPS API ver. 1 registered
[    0.160929] pps_core: Software ver. 5.3.6 - Copyright 2005-2007 Rodolfo Giometti <giometti@linux.it>
[    0.160958] PTP clock support registered
[    0.161208] EDAC MC: Ver: 3.0.0
[    0.162582] Advanced Linux Sound Architecture Driver Initialized.
[    0.163725] Switched to clocksource arch_sys_counter
[    0.174899] NET: Registered protocol family 2
[    0.175511] TCP established hash table entries: 8192 (order: 3, 32768 bytes)
[    0.175601] TCP bind hash table entries: 8192 (order: 4, 65536 bytes)
[    0.175788] TCP: Hash tables configured (established 8192 bind 8192)
[    0.175843] UDP hash table entries: 512 (order: 2, 16384 bytes)
[    0.175885] UDP-Lite hash table entries: 512 (order: 2, 16384 bytes)
[    0.176063] NET: Registered protocol family 1
[    0.176316] RPC: Registered named UNIX socket transport module.
[    0.176326] RPC: Registered udp transport module.
[    0.176335] RPC: Registered tcp transport module.
[    0.176343] RPC: Registered tcp NFSv4.1 backchannel transport module.
[    0.176363] PCI: CLS 0 bytes, default 64
[    0.178842] futex hash table entries: 1024 (order: 4, 65536 bytes)
[    0.191319] squashfs: version 4.0 (2009/01/31) Phillip Lougher
[    0.192271] NFS: Registering the id_resolver key type
[    0.192301] Key type id_resolver registered
[    0.192310] Key type id_legacy registered
[    0.192381] ntfs: driver 2.1.32 [Flags: R/O].
[    0.193594] bounce: pool size: 64 pages
[    0.193852] Block layer SCSI generic (bsg) driver version 0.4 loaded (major 248)
[    0.193877] io scheduler noop registered
[    0.193894] io scheduler deadline registered
[    0.194108] io scheduler cfq registered (default)
[    0.212629] vdd-lcd-bl: supplied by vdd_ac_bat
[    0.214305] tegra-ahb 6000c004.ahb: incorrect AHB base address in DT data - enabling workaround
[    0.219472] tegra-apbdma 6000a000.dma: Tegra20 APB DMA driver register 32 channels
[    0.220324] tegra-pmc 7000e400.pmc: i2c-thermtrip node not found, emergency thermal reset disabled.
[    0.287868] Serial: 8250/16550 driver, 4 ports, IRQ sharing disabled
[    0.290244] SuperH (H)SCI(F) driver initialized
[    0.290997] msm_serial: driver initialized
[    0.291952] console [ttyS0] disabled
[    0.291989] 70006300.serial: ttyS0 at MMIO 0x70006300 (irq = 329, base_baud = 25500000) is a Tegra
[    1.122549] console [ttyS0] enabled
[    1.126868] STMicroelectronics ASC driver initialized
[    1.134015] [drm] Initialized drm 1.1.0 20060810
[    1.140464] vdd-ao: supplied by vdd_ac_bat
[    1.144803] vddio-1v8: supplied by vdd-ao
[    1.149210] avdd-dsi-csi: supplied by vddio-1v8
[    1.155789] tegra-hdmi 54280000.hdmi: failed to get HDMI regulator
[    1.163739] vdd-sys-3v3: supplied by vdd_ac_bat
[    1.168475] avdd-lcd: supplied by vdd-sys-3v3
[    1.179251] loop: module loaded
[    1.187990] m25p80 spi32766.0: w25q32dw (4096 Kbytes)
[    1.196434] CAN device driver interface
[    1.201455] igb: Intel(R) Gigabit Ethernet Network Driver - version 5.2.15-k
[    1.208512] igb: Copyright (c) 2007-2014 Intel Corporation.
[    1.216171] pegasus: v0.9.3 (2013/04/25), Pegasus/Pegasus II USB Ethernet driver
[    1.223630] usbcore: registered new interface driver pegasus
[    1.229380] usbcore: registered new interface driver asix
[    1.234843] usbcore: registered new interface driver ax88179_178a
[    1.241004] usbcore: registered new interface driver cdc_ether
[    1.246922] usbcore: registered new interface driver smsc75xx
[    1.252753] usbcore: registered new interface driver smsc95xx
[    1.258562] usbcore: registered new interface driver net1080
[    1.264288] usbcore: registered new interface driver cdc_subset
[    1.270277] usbcore: registered new interface driver zaurus
[    1.275960] usbcore: registered new interface driver cdc_ncm
[    1.283363] ehci_hcd: USB 2.0 'Enhanced' Host Controller (EHCI) Driver
[    1.289910] ehci-pci: EHCI PCI platform driver
[    1.294424] ehci-platform: EHCI generic platform driver
[    1.299862] ehci-omap: OMAP-EHCI Host Controller driver
[    1.305240] ehci-orion: EHCI orion driver
[    1.309406] SPEAr-ehci: EHCI SPEAr driver
[    1.313552] ehci-st: EHCI STMicroelectronics driver
[    1.318585] ehci-exynos: EHCI EXYNOS driver
[    1.322944] tegra-ehci: Tegra EHCI driver
[    1.327270] ohci_hcd: USB 1.1 'Open' Host Controller (OHCI) Driver
[    1.333480] ohci-pci: OHCI PCI platform driver
[    1.337999] ohci-platform: OHCI generic platform driver
[    1.343402] ohci-omap3: OHCI OMAP3 driver
[    1.347567] SPEAr-ohci: OHCI SPEAr driver
[    1.351737] ohci-st: OHCI STMicroelectronics driver
[    1.356853] usbcore: registered new interface driver usb-storage
[    1.364413] mousedev: PS/2 mouse device common for all mice
[    1.375366] palmas-rtc 7000d000.i2c:tps65913@58:rtc: rtc core: registered 7000d000.i2c:tps659 as rtc0
[    1.386390] tegra_rtc 7000e000.rtc: rtc core: registered 7000e000.rtc as rtc1
[    1.393574] tegra_rtc 7000e000.rtc: Tegra internal Real Time Clock
[    1.400344] i2c /dev entries driver
[    1.406384] usbcore: registered new interface driver uvcvideo
[    1.412142] USB Video Class driver (1.1.1)
[    1.416252] gspca_main: v2.14.0 registered
[    1.421039] sbs-battery 0-000b: sbs_probe: Failed to get device status
[    1.427588] sbs-battery: probe of 0-000b failed with error -121
[    1.435877] vdd-sensor-2v85: supplied by vdd-sys-3v3
[    1.447023] sdhci: Secure Digital Host Controller Interface driver
[    1.453217] sdhci: Copyright(c) Pierre Ossman
[    1.458970] Synopsys Designware Multimedia Card Interface Driver
[    1.466032] sdhci-pltfm: SDHCI platform and OF driver helper
[    1.472368] sdhci-tegra 78000400.sdhci: Got CD GPIO
[    1.477275] sdhci-tegra 78000400.sdhci: Got WP GPIO
[    1.483275] sdhci-tegra 78000400.sdhci: No vmmc regulator found
[    1.489207] sdhci-tegra 78000400.sdhci: No vqmmc regulator found
[    1.495229] mmc0: Invalid maximum block size, assuming 512 bytes
[    1.533855] mmc0: SDHCI controller on 78000400.sdhci [78000400.sdhci] using ADMA
[    1.541508] sdhci-tegra 78000600.sdhci: No vmmc regulator found
[    1.547444] sdhci-tegra 78000600.sdhci: No vqmmc regulator found
[    1.553461] mmc1: Invalid maximum block size, assuming 512 bytes
[    1.593745] mmc1: SDHCI controller on 78000600.sdhci [78000600.sdhci] using ADMA
[    1.602211] ledtrig-cpu: registered to indicate activity on CPUs
[    1.608455] usbcore: registered new interface driver usbhid
[    1.614037] usbhid: USB HID core driver
[    1.621317] usbcore: registered new interface driver snd-usb-audio
[    1.687684] mmc1: MAN_BKOPS_EN bit is not set
[    1.694993] mmc1: new high speed MMC card at address 0001
[    1.700754] mmcblk0: mmc1:0001 SEM32G 29.1 GiB 
[    1.705403] mmcblk0boot0: mmc1:0001 SEM32G partition 1 4.00 MiB
[    1.711440] mmcblk0boot1: mmc1:0001 SEM32G partition 2 4.00 MiB
[    1.717474] mmcblk0rpmb: mmc1:0001 SEM32G partition 3 4.00 MiB
[    1.725852]  mmcblk0: p1 p2 p3 p4 p5 p6 p7 p8
[    2.041615] tegra30-i2s 70080400.i2s: DMA channels sourced from device 70080000.ahub
[    2.058348] tegra-snd-rt5640 sound: rt5640-aif1 <-> 70080400.i2s mapping ok
[    2.068800] input: NVIDIA Tegra Dalmore Headphones as /devices/soc0/sound/sound/card0/input0
[    2.078622] NET: Registered protocol family 17
[    2.083101] can: controller area network core (rev 20120528 abi 9)
[    2.089357] NET: Registered protocol family 29
[    2.093821] can: raw protocol (rev 20120528)
[    2.098094] can: broadcast manager protocol (rev 20120528 t)
[    2.103775] can: netlink gateway (rev 20130117) max_hops=1
[    2.109659] Key type dns_resolver registered
[    2.114555] ThumbEE CPU extension supported.
[    2.118854] Registering SWP/SWPB emulation handler
[    2.128068] vdd-sys-5v0: supplied by vdd_ac_bat
[    2.132831] VDD_5V0_HDMI_CON: supplied by vdd-sys-5v0
[    2.138390] vdd_hdmi_5v0: supplied by vdd-sys-5v0
[    2.145880] [drm] Supports vblank timestamp caching Rev 2 (21.10.2013).
[    2.152535] [drm] No driver support for vblank timestamp query.
[    2.216017] Console: switching to colour frame buffer device 240x75
[    2.243865] drm drm: fb0:  frame buffer device
[    2.248337] drm drm: registered panic notifier
[    2.263868] [drm] Initialized tegra 0.0.0 20120330 on minor 0
[    2.270573] usb2_vbus: supplied by vdd-sys-5v0
[    2.277034] tegra-ehci 7d008000.usb: EHCI Host Controller
[    2.282505] tegra-ehci 7d008000.usb: new USB bus registered, assigned bus number 1
[    2.290387] tegra-ehci 7d008000.usb: irq 339, io mem 0x7d008000
[    2.303850] tegra-ehci 7d008000.usb: USB 2.0 started, EHCI 1.10
[    2.310828] hub 1-0:1.0: USB hub found
[    2.314714] hub 1-0:1.0: 1 port detected
[    2.320521] input: gpio-keys as /devices/soc0/gpio-keys/input/input1
[    2.328137] palmas-rtc 7000d000.i2c:tps65913@58:rtc: setting system clock to 2000-10-01 22:13:09 UTC (970438389)
[    2.349760] vdd_cam_1v8_reg: disabling
[    2.353512] usb1_vbus: disabling
[    2.356788] dvdd_ts: disabling
[    2.361575] ALSA device list:
[    2.364587]   #0: NVIDIA Tegra Dalmore
[    2.369764] EXT4-fs (mmcblk0p1): mounting ext3 file system using the ext4 subsystem
[    2.395485] EXT4-fs (mmcblk0p1): recovery complete
[    2.400324] EXT4-fs (mmcblk0p1): mounted filesystem with ordered data mode. Opts: (null)
[    2.408504] VFS: Mounted root (ext3 filesystem) on device 179:1.
[    2.419425] devtmpfs: mounted
[    2.423038] Freeing unused kernel memory: 820K (c0d5f000 - c0e2c000)
bash: cannot set terminal process group (-1): Inappropriate ioctl for device
bash: no job control in this shell
root@(none):/# [    2.628931] usb 1-1: new high-speed USB device number 2 using tegra-ehci
