

U-Boot 2015.04-00466-gedec83e90172 (Mar 14 2016 - 10:42:01)

TEGRA124
Model: Acer Chromebook 13 CB5-311
DRAM:  4 GiB
C:   Tegra SD/MMC: 0, Tegra SD/MMC: 1, Tegra SD/MMC: 2
MMC init failed
Using default environment

In:    serial
Out:   serial
Err:   serial
Net:   Net Initialization Skipped
No ethernet found.
Hit any key to stop autoboot:  2  0 
Tegra124 (Nyan-big) # 
Tegra124 (Nyan-big) # usb start
starting USB...
USB0:   USB EHCI 1.10
scanning bus 0 for devices... 2 USB Device(s) found
USB1:   USB EHCI 1.10
scanning bus 1 for devices... 2 USB Device(s) found
       scanning usb for storage devices... 1 Storage Device(s) found
       scanning usb for ethernet devices... 
Warning: asx0 using MAC address from net device
1 Ethernet Device(s) found
Tegra124 (Nyan-big) # setenv bootargs 'ignore_loglevel console=ttyS0,115200n8 rw root=PARTUUID=4d36e82a-b3c0-4b4b-bfcd-afe5217ac023 rootwait gpt debug noinitrd earlyprintk init=/bin/bash'
Tegra124 (Nyan-big) # setenv ipaddr 192.168.100.102; setenv serverip 192.168.100.1; setenv tftpserverip 192.168.100.1
Tegra124 (Nyan-big) # tftpboot 0x82000000 zImage.tegra_defconfig
Using asx0 device
TFTP from server 192.168.100.1; our IP address is 192.168.100.102
Filename 'zImage.tegra_defconfig'.
Load address: 0x82000000
Loading: *#################################################################
	 #################################################################
	 #################################################################
	 #################################################################
	 #################################################################
	 ############################################
	 2.8 MiB/s
done
Bytes transferred = 5406832 (528070 hex)
Tegra124 (Nyan-big) # tftpboot 0x83000000 tegra124-nyan-big.dtb
Using asx0 device
TFTP from server 192.168.100.1; our IP address is 192.168.100.102
Filename 'tegra124-nyan-big.dtb'.
Load address: 0x83000000
Loading: *#####
	 3.4 MiB/s
done
Bytes transferred = 66821 (10505 hex)
Tegra124 (Nyan-big) # bootz 0x82000000 - 0x83000000
Kernel image @ 0x82000000 [ 0x000000 - 0x528070 ]
## Flattened Device Tree blob at 83000000
   Booting using the fdt blob at 0x83000000
   Using Device Tree in place at 83000000, end 83013504

Starting kernel ...

[    3.115529] console [ttyS0] enabled
[    3.119005] bootconsole [earlycon0] disabled
[    3.124274] [drm] Initialized drm 1.1.0 20060810
[    3.129337] tegra-hdmi 54280000.hdmi: failed to get HDMI regulator
[    3.135930] tegra-dpaux 545c0000.dpaux: failed to get VDD supply: -517
[    3.143240] panel supply power not found, using dummy regulator
[    3.154663] loop: module loaded
[    3.158414] as3722 4-0040: AS3722 with revision 0x1 found
[    3.168517] as3722-sd2: supplied by +5V_SYS
[    3.173021] as3722-sd3: supplied by +5V_SYS
[    3.177379] +1.35V_LP0(sd3): Bringing 0uV into 1350000-1350000uV
[    3.183638] as3722-sd4: supplied by +5V_SYS
[    3.187985] +1.05V_RUN: Bringing 0uV into 1050000-1050000uV
[    3.193813] as3722-sd5: supplied by +5V_SYS
[    3.199611] as3722-ldo0: supplied by +1.35V_LP0(sd2)
[    3.205436] +1.8V_RUN_CAM: Bringing 0uV into 1800000-1800000uV
[    3.211551] as3722-ldo2: supplied by +1.8V_VDDIO
[    3.217282] as3722-ldo3: supplied by +3.3V_SYS
[    3.221736] +1.00V_LP0_VDD_RTC: Bringing 1100000uV into 1000000-1000000uV
[    3.229403] as3722-ldo4: supplied by +3.3V_SYS
[    3.234001] +3.3V_RUN_CAM: Bringing 0uV into 2800000-2800000uV
[    3.240119] as3722-ldo5: supplied by +1.8V_VDDIO
[    3.244902] +1.2V_RUN_CAM_FRONT: Bringing 0uV into 1200000-1200000uV
[    3.251683] +VDDIO_SDMMC3: Bringing 0uV into 1800000-1800000uV
[    3.257813] as3722-ldo7: supplied by +1.8V_VDDIO
[    3.262587] +1.05V_RUN_CAM_REAR: Bringing 0uV into 1050000-1050000uV
[    3.269237] as3722-ldo9: supplied by +5V_SYS
[    3.273807] +2.8V_RUN_TOUCH: Bringing 0uV into 2800000-2800000uV
[    3.280112] as3722-ldo10: supplied by +5V_SYS
[    3.284622] +2.8V_RUN_CAM_AF: Bringing 0uV into 2800000-2800000uV
[    3.291156] +1.8V_RUN_VPP_FUSE: Bringing 0uV into 1800000-1800000uV
[    3.341675] cros-ec-spi spi32766.0: Chrome EC device registered
[    3.357133] m25p80 spi32765.0: w25q32dw (4096 Kbytes)
[    3.363532] libphy: Fixed MDIO Bus: probed
[    3.367634] CAN device driver interface
[    3.371492] igb: Intel(R) Gigabit Ethernet Network Driver - version 5.3.0-k
[    3.378440] igb: Copyright (c) 2007-2014 Intel Corporation.
[    3.384111] pegasus: v0.9.3 (2013/04/25), Pegasus/Pegasus II USB Ethernet driver
[    3.391550] usbcore: registered new interface driver pegasus
[    3.397262] usbcore: registered new interface driver asix
[    3.402684] usbcore: registered new interface driver ax88179_178a
[    3.408815] usbcore: registered new interface driver cdc_ether
[    3.414695] usbcore: registered new interface driver smsc75xx
[    3.420479] usbcore: registered new interface driver smsc95xx
[    3.426262] usbcore: registered new interface driver net1080
[    3.431944] usbcore: registered new interface driver cdc_subset
[    3.437892] usbcore: registered new interface driver zaurus
[    3.443506] usbcore: registered new interface driver cdc_ncm
[    3.449268] ehci_hcd: USB 2.0 'Enhanced' Host Controller (EHCI) Driver
[    3.455783] ehci-pci: EHCI PCI platform driver
[    3.460252] tegra-ehci: Tegra EHCI driver
[    3.464582] usbcore: registered new interface driver cdc_acm
[    3.470231] cdc_acm: USB Abstract Control Model driver for USB modems and ISDN adapters
[    3.478258] usbcore: registered new interface driver cdc_wdm
[    3.483959] usbcore: registered new interface driver usb-storage
[    3.490223] mousedev: PS/2 mouse device common for all mice
[    3.496103] input: cros_ec as /devices/soc0/7000d400.spi/spi_master/spi32766/spi32766.0/7000d400.spi:cros-ec@0:keyboard-controller/input/input0
[    3.511113] as3722-rtc as3722-rtc: rtc core: registered as3722-rtc as rtc0
[    3.517987] as3722-rtc as3722-rtc: RTC interrupt 370
[    3.524812] tegra_rtc 7000e000.rtc: rtc core: registered 7000e000.rtc as rtc1
[    3.531961] tegra_rtc 7000e000.rtc: Tegra internal Real Time Clock
[    3.538279] i2c /dev entries driver
[    3.542523] usbcore: registered new interface driver uvcvideo
[    3.548261] USB Video Class driver (1.1.1)
[    3.552344] gspca_main: v2.14.0 registered
[    3.556726] 0-004c supply vcc not found, using dummy regulator
[    3.564497] tegra-wdt 60005000.timer: initialized (heartbeat = 120 sec, nowayout = 0)
[    3.572919] sdhci: Secure Digital Host Controller Interface driver
[    3.579102] sdhci: Copyright(c) Pierre Ossman
[    3.583445] sdhci-pltfm: SDHCI platform and OF driver helper
[    3.589239] sdhci-tegra 700b0000.sdhci: allocated mmc-pwrseq
[    3.594920] mmc0: Unknown controller version (3). You may experience problems.
[    3.602297] sdhci-tegra 700b0400.sdhci: Got CD GPIO
[    3.607180] sdhci-tegra 700b0400.sdhci: Got WP GPIO
[    3.612068] mmc0: Unknown controller version (3). You may experience problems.
[    3.619428] mmc0: Unknown controller version (3). You may experience problems.
[    3.626675] mmc0: Invalid maximum block size, assuming 512 bytes
[    3.694623] mmc0: SDHCI controller on 700b0600.sdhci [700b0600.sdhci] using ADMA 64-bit
[    3.705092] usbcore: registered new interface driver usbhid
[    3.713573] usbhid: USB HID core driver
[    3.724703] tegra30-i2s 70301100.i2s: DMA channels sourced from device 70300000.ahub
[    3.765098] max98090 0-0010: MAX98090 REVID=0x43
[    3.772381] max98090 0-0010: use default 2.8v micbias
[    3.775047] mmc0: new high speed MMC card at address 0001
[    3.775511] mmcblk0: mmc0:0001 MMC16G 14.4 GiB 
[    3.775701] mmcblk0boot0: mmc0:0001 MMC16G partition 1 2.00 MiB
[    3.775885] mmcblk0boot1: mmc0:0001 MMC16G partition 2 2.00 MiB
[    3.776047] mmcblk0rpmb: mmc0:0001 MMC16G partition 3 128 KiB
[    3.780300]  mmcblk0: p1 p2 p3 p4 p5 p6 p7 p8 p9 p10 p11 p12
[    3.813450] tegra-snd-max98090 sound: HiFi <-> 70301100.i2s mapping ok
[    3.821243] input: GoogleNyanBig Headphones as /devices/soc0/sound/sound/card1/input1
[    3.829338] input: GoogleNyanBig Mic Jack as /devices/soc0/sound/sound/card1/input2
[    4.134619] NET: Registered protocol family 10
[    4.294632] mip6: Mobile IPv6
[    4.297590] sit: IPv6, IPv4 and MPLS over IPv4 tunneling driver
[    4.304558] NET: Registered protocol family 17
[    4.309013] NET: Registered protocol family 15
[    4.313445] can: controller area network core (rev 20120528 abi 9)
[    4.354662] NET: Registered protocol family 29
[    4.359093] can: raw protocol (rev 20120528)
[    4.363350] can: broadcast manager protocol (rev 20160617 t)
[    4.369006] can: netlink gateway (rev 20130117) max_hops=1
[    4.414670] Bluetooth: RFCOMM socket layer initialized
[    4.419803] Bluetooth: RFCOMM ver 1.11
[    4.423543] Bluetooth: BNEP (Ethernet Emulation) ver 1.3
[    4.428853] Bluetooth: BNEP socket layer initialized
[    4.433803] Bluetooth: HIDP (Human Interface Emulation) ver 1.2
[    4.439717] Bluetooth: HIDP socket layer initialized
[    4.444822] Key type dns_resolver registered
[    4.449546] Registering SWP/SWPB emulation handler
[    4.455232] +3.3V_RUN: supplied by +3.3V_SYS
[    4.459824] +3.3V_AVDD_HDMI_AP_GATED: supplied by +3.3V_RUN
[    4.465437] +1.8V_RUN_CAM: supplied by +3.3V_RUN
[    4.470081] +VDDIO_SDMMC3: supplied by +3.3V_RUN
[    4.475601] input: tegra-hda HDMI/DP,pcm=3 as /devices/soc0/70030000.hda/sound/card0/input3
[    4.484066] +1.8V_RUN_VPP_FUSE: supplied by +3.3V_RUN
[    4.489427] +VDD_LED: supplied by +VDD_MUX
[    4.493757] +5V_VDD_TS_SW: supplied by +5V_SYS
[    4.498552] +5V_USB_HS: supplied by +5V_SYS
[    4.502940] +5V_USB_SS: supplied by +5V_SYS
[    4.507871] +3.3V_PANEL: supplied by +3.3V_RUN
[    4.512874] +3.3V_LP0: supplied by +3.3V_SYS
[    4.517760] +1.05V_RUN_AVDD_HDMI_PLL: supplied by +1.05V_RUN
[    4.523630] +5V_HDMI_CON: supplied by +5V_SYS
[    4.529123] usb3-0 supply vbus not found, using dummy regulator
[    4.535117] usb3-1 supply vbus not found, using dummy regulator
[    4.543698] tegra-sor 54540000.sor: failed to probe output: -517
[    4.549872] panel supply power not found, using dummy regulator
[    4.625355] tegra-xusb 70090000.usb: Firmware timestamp: 2014-09-16 02:10:07 UTC
[    4.632765] tegra-xusb 70090000.usb: xHCI Host Controller
[    4.638184] tegra-xusb 70090000.usb: new USB bus registered, assigned bus number 1
[    4.647765] tegra-xusb 70090000.usb: hcc params 0x0184f525 hci version 0x100 quirks 0x00010010
[    4.656429] tegra-xusb 70090000.usb: irq 342, io mem 0x70090000
[    4.663170] hub 1-0:1.0: USB hub found
[    4.667016] hub 1-0:1.0: 6 ports detected
[    4.671751] tegra-xusb 70090000.usb: xHCI Host Controller
[    4.677186] tegra-xusb 70090000.usb: new USB bus registered, assigned bus number 2
[    4.684902] usb usb2: We don't know the algorithms for LPM for this host, disabling LPM.
[    4.693745] hub 2-0:1.0: USB hub found
[    4.697558] hub 2-0:1.0: 2 ports detected
[    4.702790] sdhci-tegra 700b0000.sdhci: allocated mmc-pwrseq
[    4.708530] mmc1: Unknown controller version (3). You may experience problems.
[    4.716034] mmc1: Invalid maximum block size, assuming 512 bytes
[    4.722592] +1.8V_VDDIO: voltage operation not allowed
[    4.727779] mmc1: Switching to 3.3V signalling voltage failed
[    4.784707] mmc1: SDHCI controller on 700b0000.sdhci [700b0000.sdhci] using ADMA 64-bit
[    4.793023] sdhci-tegra 700b0400.sdhci: Got CD GPIO
[    4.799936] sdhci-tegra 700b0400.sdhci: Got WP GPIO
[    4.807896] mmc2: Unknown controller version (3). You may experience problems.
[    4.815339] mmc2: Invalid maximum block size, assuming 512 bytes
[    4.851403] mmc1: new high speed SDIO card at address 0001
[    4.886587] mmc2: SDHCI controller on 700b0400.sdhci [700b0400.sdhci] using ADMA 64-bit
[    4.992624] [drm] Supports vblank timestamp caching Rev 2 (21.10.2013).
[    4.999280] [drm] No driver support for vblank timestamp query.
[    5.034671] usb 1-2: new high-speed USB device number 2 using tegra-xusb
[    5.046180] mmc2: new high speed SDHC card at address 0007
[    5.047045] mmcblk2: mmc2:0007 SD08G 7.42 GiB 
[    5.055144] GPT:Primary header alternate_lba != Alt. header my_lba
[    5.055148] GPT:3014591 != 15564799
[    5.055150] GPT:Primary header thinks Alt. header is not at the end of the disk.
[    5.055151] GPT:3014591 != 15564799
[    5.055152] GPT: Use GNU Parted to correct GPT errors.
[    5.055179]  mmcblk2: p1 p2 p3 p4 p5 p6 p7 p8 p9 p10 p11 p12
[    5.062050] Console: switching to colour frame buffer device 170x48
[    5.120142] drm drm: fb0:  frame buffer device
[    5.154707] [drm] Initialized tegra 0.0.0 20120330 on minor 0
[    5.161170] input: gpio-keys as /devices/soc0/gpio-keys/input/input4
[    5.168492] as3722-rtc as3722-rtc: setting system clock to 2000-01-01 00:00:25 UTC (946684825)
[    5.182777] +1.8V_RUN_CAM: disabling
[    5.186583] +1.2V_RUN_CAM_FRONT: disabling
[    5.190882] +1.05V_RUN_CAM_REAR: disabling
[    5.195249] +2.8V_RUN_TOUCH: disabling
[    5.199201] +2.8V_RUN_CAM_AF: disabling
[    5.203194] +1.8V_RUN_VPP_FUSE: disabling
[    5.207384] +5V_VDD_TS_SW: disabling
[    5.211145] ALSA device list:
[    5.214105]   #0: tegra-hda at 0x70038000 irq 341
[    5.218829]   #1: GoogleNyanBig
[    5.222705] EXT4-fs (mmcblk0p3): couldn't mount as ext3 due to feature incompatibilities
[    5.344759] uvcvideo: Found UVC 1.00 device HD WebCam (1bcf:2c67)
[    5.359740] input: HD WebCam as /devices/soc0/70090000.usb/usb1/1-2/1-2:1.0/input/input5
[    5.434928] EXT4-fs (mmcblk0p3): recovery complete
[    5.439715] EXT4-fs (mmcblk0p3): mounted filesystem with ordered data mode. Opts: (null)
[    5.447856] VFS: Mounted root (ext4 filesystem) on device 179:3.
[    5.455033] devtmpfs: mounted
[    5.458421] Freeing unused kernel memory: 1024K (c0c00000 - c0d00000)
bash: cannot set terminal process group (-1): Inappropriate ioctl for device
bash: no job control in this shell
root@(none):/# [    5.714717] usb 1-3: new high-speed USB device number 3 using tegra-xusb
[    6.797484] asix 1-3:1.0 eth0: register 'asix' at usb-70090000.usb-3, ASIX AX88772 USB 2.0 Ethernet, c8:d7:19:90:fa:65
[    7.144706] usb 1-1: new high-speed USB device number 4 using tegra-xusb
[    7.333118] usb-storage 1-1:1.0: USB Mass Storage device detected
[    7.340140] scsi host0: usb-storage 1-1:1.0
[    7.414813] scsi host0: runtime PM trying to activate child device host0 but parent (1-1:1.0) is not active
[    8.486519] scsi 0:0:0:0: Direct-Access     SanDisk  SDDR-113         9412 PQ: 0 ANSI: 0
[    8.658653] sd 0:0:0:0: [sda] 15523840 512-byte logical blocks: (7.95 GB/7.40 GiB)
[    8.667081] sd 0:0:0:0: [sda] Write Protect is off
[    8.671864] sd 0:0:0:0: [sda] Mode Sense: 03 00 00 00
[    8.677758] sd 0:0:0:0: [sda] No Caching mode page found
[    8.683057] sd 0:0:0:0: [sda] Assuming drive cache: write through
[    8.707945]  sda: sda1 sda2 sda3 sda4 sda5 sda6 sda7 sda8 sda9 sda10 sda11 sda12 sda13
[    8.721706] sd 0:0:0:0: [sda] Attached SCSI removable disk
mount -t sysfs none /sys
root@(none):/# 
root@(none):/# mount -t debugfs none /sys/kernel/debug
root@(none):/# 
root@(none):/# rtcwake -d rtc1 -m mem -s 3
rtcwake: assuming RTC uses UTC ...
rtcwake: wakeup from "mem" using /dev/rtc1 at Thu Jan  1 00:00:53 1970
[   31.875101] PM: Syncing filesystems ... done.
[   31.885280] Freezing user space processes ... (elapsed 0.001 seconds) done.
[   31.893355] Double checking all user space processes after OOM killer disable... (elapsed 0.000 seconds) 
[   31.903040] Freezing remaining freezable tasks ... (elapsed 0.001 seconds) done.
[   31.911728] Suspending console(s) (use no_console_suspend to debug)
[   32.126022] PM: suspend of devices complete after 207.420 msecs
[   32.126914] PM: late suspend of devices complete after 0.887 msecs
[   32.127757] PM: noirq suspend of devices complete after 0.840 msecs
[   32.127759] Disabling non-boot CPUs ...
[   32.165046] CPU1: shutdown
[   32.265020] CPU2: shutdown
[   32.374989] CPU3: shutdown
[   32.425438] Entering suspend state LP1
[   32.425452] Enabling non-boot CPUs ...
[   32.455837] CPU1 is up
[   32.495968] CPU2 is up
[   32.536215] CPU3 is up
[   32.536732] PM: noirq resume of devices complete after 0.512 msecs
[   32.538044] PM: early resume of devices complete after 0.805 msecs
[   32.590290] +1.8V_VDDIO: voltage operation not allowed
[   32.590293] mmc1: Switching to 3.3V signalling voltage failed
[   32.844674] tegra-sor 54540000.sor: failed to attach SOR: -110
[   32.861158] PM: resume of devices complete after 323.105 msecs
[   32.941684] Restarting tasks ... done.
root@(none):/# 
root@(none):/# rtcwake -d rtc1 -m mem -s 3
rtcwake: assuming RTC uses UTC ...
rtcwake: wakeup from "mem" using /dev/rtc1 at Thu Jan  1 00:00:58 1970
[   34.235488] PM: Syncing filesystems ... done.
[   34.245196] Freezing user space processes ... (elapsed 0.001 seconds) done.
[   34.253373] Double checking all user space processes after OOM killer disable... (elapsed 0.000 seconds) 
[   34.262985] Freezing remaining freezable tasks ... (elapsed 0.001 seconds) done.
[   34.271620] Suspending console(s) (use no_console_suspend to debug)
[   34.495996] PM: suspend of devices complete after 217.508 msecs
[   34.496884] PM: late suspend of devices complete after 0.884 msecs
[   34.497717] PM: noirq suspend of devices complete after 0.830 msecs
[   34.497719] Disabling non-boot CPUs ...
[   34.534795] IRQ17 no longer affine to CPU1
[   34.534964] CPU1: shutdown
[   34.634942] CPU2: shutdown
[   34.744908] CPU3: shutdown
[   34.795407] Entering suspend state LP1
[   34.795433] Enabling non-boot CPUs ...
[   34.825829] CPU1 is up
[   34.865958] CPU2 is up
[   34.906205] CPU3 is up
[   34.906792] PM: noirq resume of devices complete after 0.583 msecs
[   34.908436] PM: early resume of devices complete after 1.140 msecs
[   34.959902] +1.8V_VDDIO: voltage operation not allowed
[   34.959906] mmc1: Switching to 3.3V signalling voltage failed
[   35.214668] tegra-sor 54540000.sor: failed to attach SOR: -110
[   35.231041] PM: resume of devices complete after 322.596 msecs
[   35.315716] Restarting tasks ... done.
root@(none):/# 
root@(none):/# rtcwake -d rtc1 -m mem -s 3
rtcwake: assuming RTC uses UTC ...
rtcwake: wakeup from "mem" using /dev/rtc1 at Thu Jan  1 00:01:03 1970
[   36.604907] PM: Syncing filesystems ... done.
[   36.614520] Freezing user space processes ... (elapsed 0.001 seconds) done.
[   36.622723] Double checking all user space processes after OOM killer disable... (elapsed 0.000 seconds) 
[   36.632338] Freezing remaining freezable tasks ... (elapsed 0.001 seconds) done.
[   36.640981] Suspending console(s) (use no_console_suspend to debug)
[   36.865971] PM: suspend of devices complete after 218.118 msecs
[   36.866859] PM: late suspend of devices complete after 0.884 msecs
[   36.867689] PM: noirq suspend of devices complete after 0.827 msecs
[   36.867691] Disabling non-boot CPUs ...
[   36.904935] CPU1: shutdown
[   37.004743] IRQ17 no longer affine to CPU2
[   37.004919] CPU2: shutdown
[   37.104885] CPU3: shutdown
[   37.155388] Entering suspend state LP1
[   37.155414] Enabling non-boot CPUs ...
[   37.185811] CPU1 is up
[   37.225936] CPU2 is up
[   37.266163] CPU3 is up
[   37.266782] PM: noirq resume of devices complete after 0.614 msecs
[   37.268508] PM: early resume of devices complete after 1.230 msecs
[   37.319910] +1.8V_VDDIO: voltage operation not allowed
[   37.319913] mmc1: Switching to 3.3V signalling voltage failed
[   37.504921] usb 1-1: reset high-speed USB device number 4 using tegra-xusb
[   37.574622] tegra-sor 54540000.sor: failed to attach SOR: -110
[   37.680998] PM: resume of devices complete after 412.480 msecs
[   37.772561] Restarting tasks ... done.
root@(none):/# 
root@(none):/# rtcwake -d rtc1 -m mem -s 3
rtcwake: assuming RTC uses UTC ...
rtcwake: wakeup from "mem" using /dev/rtc1 at Thu Jan  1 00:01:08 1970
[   38.965276] PM: Syncing filesystems ... done.
[   38.974957] Freezing user space processes ... (elapsed 0.001 seconds) done.
[   38.983153] Double checking all user space processes after OOM killer disable... (elapsed 0.000 seconds) 
[   38.992770] Freezing remaining freezable tasks ... (elapsed 0.001 seconds) done.
[   39.001419] Suspending console(s) (use no_console_suspend to debug)
[   39.074605] random: nonblocking pool is initialized
[   39.226001] PM: suspend of devices complete after 217.713 msecs
[   39.227370] PM: late suspend of devices complete after 1.360 msecs
[   39.228243] PM: noirq suspend of devices complete after 0.869 msecs
[   39.228245] Disabling non-boot CPUs ...
[   39.264907] CPU1: shutdown
[   39.364899] CPU2: shutdown
[   39.464692] IRQ17 no longer affine to CPU3
[   39.464868] CPU3: shutdown
[   39.515358] Entering suspend state LP1
[   39.515384] Enabling non-boot CPUs ...
[   39.545793] CPU1 is up
[   39.585913] CPU2 is up
[   39.626148] CPU3 is up
[   39.626700] PM: noirq resume of devices complete after 0.548 msecs
[   39.628570] PM: early resume of devices complete after 1.376 msecs
[   39.669573] +1.8V_VDDIO: voltage operation not allowed
[   39.669579] mmc1: Switching to 3.3V signalling voltage failed
[   39.924616] tegra-sor 54540000.sor: failed to attach SOR: -110
[   39.940904] PM: resume of devices complete after 312.328 msecs
[   40.030273] Restarting tasks ... done.
root@(none):/# 
root@(none):/# rtcwake -d rtc1 -m mem -s 3
rtcwake: assuming RTC uses UTC ...
rtcwake: wakeup from "mem" using /dev/rtc1 at Thu Jan  1 00:01:13 1970
[   41.324820] PM: Syncing filesystems ... done.
[   41.334428] Freezing user space processes ... (elapsed 0.001 seconds) done.
[   41.342653] Double checking all user space processes after OOM killer disable... (elapsed 0.000 seconds) 
[   41.352259] Freezing remaining freezable tasks ... (elapsed 0.001 seconds) done.
[   41.360921] Suspending console(s) (use no_console_suspend to debug)
[   41.575963] PM: suspend of devices complete after 208.160 msecs
[   41.577053] PM: late suspend of devices complete after 1.082 msecs
[   41.577866] PM: noirq suspend of devices complete after 0.808 msecs
[   41.577868] Disabling non-boot CPUs ...
[   41.614881] CPU1: shutdown
[   41.714873] CPU2: shutdown
[   41.814666] IRQ17 no longer affine to CPU3
[   41.814842] CPU3: shutdown
[   41.865338] Entering suspend state LP1
[   41.865364] Enabling non-boot CPUs ...
[   41.895769] CPU1 is up
[   41.935882] CPU2 is up
[   41.976117] CPU3 is up
[   41.976656] PM: noirq resume of devices complete after 0.534 msecs
[   41.978413] PM: early resume of devices complete after 1.245 msecs
[   42.019708] +1.8V_VDDIO: voltage operation not allowed
[   42.019712] mmc1: Switching to 3.3V signalling voltage failed
[   42.274575] tegra-sor 54540000.sor: failed to attach SOR: -110
[   42.290925] PM: resume of devices complete after 312.506 msecs
[   42.375567] Restarting tasks ... done.
root@(none):/# 
root@(none):/# rtcwake -d rtc1 -m mem -s 3
rtcwake: assuming RTC uses UTC ...
rtcwake: wakeup from "mem" using /dev/rtc1 at Thu Jan  1 00:01:18 1970
[   43.674894] PM: Syncing filesystems ... done.
[   43.684556] Freezing user space processes ... (elapsed 0.001 seconds) done.
[   43.692662] Double checking all user space processes after OOM killer disable... (elapsed 0.000 seconds) 
[   43.702252] Freezing remaining freezable tasks ... (elapsed 0.001 seconds) done.
[   43.710900] Suspending console(s) (use no_console_suspend to debug)
[   43.925950] PM: suspend of devices complete after 208.189 msecs
[   43.927576] PM: late suspend of devices complete after 1.617 msecs
[   43.928401] PM: noirq suspend of devices complete after 0.821 msecs
[   43.928403] Disabling non-boot CPUs ...
[   43.964857] CPU1: shutdown
[   44.074840] CPU2: shutdown
[   44.184806] CPU3: shutdown
[   44.235308] Entering suspend state LP1
[   44.235334] Enabling non-boot CPUs ...
[   44.265745] CPU1 is up
[   44.305863] CPU2 is up
[   44.346095] CPU3 is up
[   44.346629] PM: noirq resume of devices complete after 0.530 msecs
[   44.348389] PM: early resume of devices complete after 1.245 msecs
[   44.389568] +1.8V_VDDIO: voltage operation not allowed
[   44.389572] mmc1: Switching to 3.3V signalling voltage failed
[   44.584867] usb 1-1: reset high-speed USB device number 4 using tegra-xusb
[   44.644489] tegra-sor 54540000.sor: failed to attach SOR: -110
[   44.761130] PM: resume of devices complete after 412.732 msecs
[   44.848610] Restarting tasks ... done.
root@(none):/# 
root@(none):/# rtcwake -d rtc1 -m mem -s 3
rtcwake: assuming RTC uses UTC ...
rtcwake: wakeup from "mem" using /dev/rtc1 at Thu Jan  1 00:01:23 1970
[   46.044869] PM: Syncing filesystems ... done.
[   46.054496] Freezing user space processes ... (elapsed 0.001 seconds) done.
[   46.062600] Double checking all user space processes after OOM killer disable... (elapsed 0.000 seconds) 
[   46.072190] Freezing remaining freezable tasks ... (elapsed 0.001 seconds) done.
[   46.080830] Suspending console(s) (use no_console_suspend to debug)
[   46.295927] PM: suspend of devices complete after 208.171 msecs
[   46.297081] PM: late suspend of devices complete after 1.146 msecs
[   46.297877] PM: noirq suspend of devices complete after 0.791 msecs
[   46.297879] Disabling non-boot CPUs ...
[   46.334836] CPU1: shutdown
[   46.434816] CPU2: shutdown
[   46.534785] CPU3: shutdown
[   46.585282] Entering suspend state LP1
[   46.585308] Enabling non-boot CPUs ...
[   46.615723] CPU1 is up
[   46.655834] CPU2 is up
[   46.696066] CPU3 is up
[   46.696601] PM: noirq resume of devices complete after 0.530 msecs
[   46.698340] PM: early resume of devices complete after 1.228 msecs
[   46.739587] +1.8V_VDDIO: voltage operation not allowed
[   46.739592] mmc1: Switching to 3.3V signalling voltage failed
[   46.924822] usb 1-1: reset high-speed USB device number 4 using tegra-xusb
[   46.994485] tegra-sor 54540000.sor: failed to attach SOR: -110
[   47.101025] PM: resume of devices complete after 402.677 msecs
[   47.188411] Restarting tasks ... done.
root@(none):/# 
root@(none):/# rtcwake -d rtc1 -m mem -s 3
rtcwake: assuming RTC uses UTC ...
rtcwake: wakeup from "mem" using /dev/rtc1 at Thu Jan  1 00:01:28 1970
[   48.394740] PM: Syncing filesystems ... done.
[   48.404353] Freezing user space processes ... (elapsed 0.001 seconds) done.
[   48.412579] Double checking all user space processes after OOM killer disable... (elapsed 0.000 seconds) 
[   48.422184] Freezing remaining freezable tasks ... (elapsed 0.001 seconds) done.
[   48.430850] Suspending console(s) (use no_console_suspend to debug)
[   48.645902] PM: suspend of devices complete after 208.191 msecs
[   48.647158] PM: late suspend of devices complete after 1.247 msecs
[   48.648041] PM: noirq suspend of devices complete after 0.876 msecs
[   48.648044] Disabling non-boot CPUs ...
[   48.684810] CPU1: shutdown
[   48.784792] CPU2: shutdown
[   48.894754] CPU3: shutdown
[   48.945255] Entering suspend state LP1
[   48.945281] Enabling non-boot CPUs ...
[   48.975699] CPU1 is up
[   49.015817] CPU2 is up
[   49.056043] CPU3 is up
[   49.056596] PM: noirq resume of devices complete after 0.549 msecs
[   49.058119] PM: early resume of devices complete after 1.007 msecs
[   49.099893] +1.8V_VDDIO: voltage operation not allowed
[   49.099896] mmc1: Switching to 3.3V signalling voltage failed
[   49.354453] tegra-sor 54540000.sor: failed to attach SOR: -110
[   49.370964] PM: resume of devices complete after 312.840 msecs
[   49.451398] Restarting tasks ... done.
root@(none):/# 
root@(none):/# rtcwake -d rtc1 -m mem -s 3
rtcwake: assuming RTC uses UTC ...
rtcwake: wakeup from "mem" using /dev/rtc1 at Thu Jan  1 00:01:33 1970
[   50.754718] PM: Syncing filesystems ... done.
[   50.764324] Freezing user space processes ... (elapsed 0.001 seconds) done.
[   50.772550] Double checking all user space processes after OOM killer disable... (elapsed 0.000 seconds) 
[   50.782156] Freezing remaining freezable tasks ... (elapsed 0.001 seconds) done.
[   50.790821] Suspending console(s) (use no_console_suspend to debug)
[   51.005874] PM: suspend of devices complete after 208.190 msecs
[   51.007293] PM: late suspend of devices complete after 1.410 msecs
[   51.008141] PM: noirq suspend of devices complete after 0.843 msecs
[   51.008143] Disabling non-boot CPUs ...
[   51.044783] CPU1: shutdown
[   51.154764] CPU2: shutdown
[   51.264728] CPU3: shutdown
[   51.315229] Entering suspend state LP1
[   51.315255] Enabling non-boot CPUs ...
[   51.345673] CPU1 is up
[   51.385783] CPU2 is up
[   51.426012] CPU3 is up
[   51.426593] PM: noirq resume of devices complete after 0.576 msecs
[   51.428490] PM: early resume of devices complete after 1.397 msecs
[   51.469483] +1.8V_VDDIO: voltage operation not allowed
[   51.469486] mmc1: Switching to 3.3V signalling voltage failed
[   51.654772] usb 1-1: reset high-speed USB device number 4 using tegra-xusb
[   51.724400] tegra-sor 54540000.sor: failed to attach SOR: -110
[   51.831243] PM: resume of devices complete after 402.743 msecs
[   51.918678] Restarting tasks ... done.
root@(none):/# 
root@(none):/# rtcwake -d rtc1 -m mem -s 3
rtcwake: assuming RTC uses UTC ...
rtcwake: wakeup from "mem" using /dev/rtc1 at Thu Jan  1 00:01:38 1970
[   53.124795] PM: Syncing filesystems ... done.
[   53.134248] Freezing user space processes ... (elapsed 0.001 seconds) done.
[   53.142471] Double checking all user space processes after OOM killer disable... (elapsed 0.000 seconds) 
[   53.152097] Freezing remaining freezable tasks ... (elapsed 0.001 seconds) done.
[   53.160760] Suspending console(s) (use no_console_suspend to debug)
[   53.375794] PM: suspend of devices complete after 208.172 msecs
[   53.376683] PM: late suspend of devices complete after 0.885 msecs
[   53.377512] PM: noirq suspend of devices complete after 0.826 msecs
[   53.377514] Disabling non-boot CPUs ...
[   53.414590] IRQ17 no longer affine to CPU1
[   53.414767] CPU1: shutdown
[   53.514742] CPU2: shutdown
[   53.624705] CPU3: shutdown
[   53.675205] Entering suspend state LP1
[   53.675231] Enabling non-boot CPUs ...
[   53.705646] CPU1 is up
[   53.745758] CPU2 is up
[   53.785993] CPU3 is up
[   53.786583] PM: noirq resume of devices complete after 0.585 msecs
[   53.788216] PM: early resume of devices complete after 1.121 msecs
[   53.829381] +1.8V_VDDIO: voltage operation not allowed
[   53.829385] mmc1: Switching to 3.3V signalling voltage failed
[   54.014741] usb 1-1: reset high-speed USB device number 4 using tegra-xusb
[   54.084480] tegra-sor 54540000.sor: failed to attach SOR: -110
[   54.190978] PM: resume of devices complete after 402.752 msecs
[   54.282515] Restarting tasks ... done.
root@(none):/# 
root@(none):/# NVTB SYSTEM SUSPEND TEST COMPLETE
