
U-Boot SPL 2014.07-00097-g772e173 (Jul 25 2014 - 20:02:52)


U-Boot 2014.07-00097-g772e173 (Jul 25 2014 - 20:02:52)

TEGRA124
Board: NVIDIA Jetson TK1
I2C:   ready
DRAM:  2 GiB
MMC:   Tegra SD/MMC: 0, Tegra SD/MMC: 1
In:    serial
Out:   serial
Err:   serial
Net:   Net Initialization Skipped
No ethernet found.
Hit any key to stop autoboot:  2  0 
Tegra124 (Jetson TK1) # 
Tegra124 (Jetson TK1) # usb reset
(Re)start USB...
USB0:   USB EHCI 1.10
scanning bus 0 for devices... 1 USB Device(s) found
USB1:   USB EHCI 1.10
scanning bus 1 for devices... 2 USB Device(s) found
       scanning usb for storage devices... 0 Storage Device(s) found
       scanning usb for ethernet devices... 
Warning: asx0 using MAC address from net device
1 Ethernet Device(s) found
Tegra124 (Jetson TK1) # setenv bootargs 'ignore_loglevel console=ttyS0,115200n8 rw root=PARTUUID=8683e640-b305-6c03-ae83-3c34ba91e1b7 rootwait gpt debug noinitrd earlyprintk init=/bin/bash'
Tegra124 (Jetson TK1) # setenv ipaddr 192.168.100.102; setenv serverip 192.168.100.1; setenv tftpserverip 192.168.100.1
Tegra124 (Jetson TK1) # tftpboot 0x82000000 zImage.multi_v7_defconfig
Using asx0 device
TFTP from server 192.168.100.1; our IP address is 192.168.100.102
Filename 'zImage.multi_v7_defconfig'.
Load address: 0x82000000
Loading: *#################################################################
	 #################################################################
	 #################################################################
	 #################################################################
	 #################################################################
	 #################################################################
	 #################################################################
	 ########################
	 3.2 MiB/s
done
Bytes transferred = 7020792 (6b20f8 hex)
Tegra124 (Jetson TK1) # tftpboot 0x83000000 tegra124-jetson-tk1.dtb
Using asx0 device
TFTP from server 192.168.100.1; our IP address is 192.168.100.102
Filename 'tegra124-jetson-tk1.dtb'.
Load address: 0x83000000
Loading: *#####
	 2.8 MiB/s
done
Bytes transferred = 64488 (fbe8 hex)
Tegra124 (Jetson TK1) # bootz 0x82000000 - 0x83000000
Kernel image @ 0x82000000 [ 0x000000 - 0x6b20f8 ]
## Flattened Device Tree blob at 83000000
   Booting using the fdt blob at 0x83000000
   Using Device Tree in place at 83000000, end 83012be7

Starting kernel ...

[    0.000000] Booting Linux on physical CPU 0x0
[    0.000000] Linux version 4.6.0-rc4-next-20160421-88315-gbde6ae8 (pwalmsley@sellafield) (gcc version 4.7.3 20130328 (prerelease) (crosstool-NG linaro-1.13.1-4.7-2013.04-20130415 - Linaro GCC 2013.04) ) #1 SMP Wed Apr 20 23:49:03 PDT 2016
[    0.000000] CPU: ARMv7 Processor [413fc0f3] revision 3 (ARMv7), cr=10c5387d
[    0.000000] CPU: div instructions available: patching division code
[    0.000000] CPU: PIPT / VIPT nonaliasing data cache, PIPT instruction cache
[    0.000000] Machine model: NVIDIA Tegra124 Jetson TK1
[    0.000000] debug: ignoring loglevel setting.
[    0.000000] cma: Reserved 64 MiB at 0xfb800000
[    0.000000] Memory policy: Data cache writealloc
[    0.000000] On node 0 totalpages: 524032
[    0.000000] free_area_init_node: node 0, pgdat c1417f40, node_mem_map eeff8000
[    0.000000]   DMA zone: 1536 pages used for memmap
[    0.000000]   DMA zone: 0 pages reserved
[    0.000000]   DMA zone: 196608 pages, LIFO batch:31
[    0.000000]   HighMem zone: 327424 pages, LIFO batch:31
[    0.000000] percpu: Embedded 12 pages/cpu @eef8f000 s19648 r8192 d21312 u49152
[    0.000000] pcpu-alloc: s19648 r8192 d21312 u49152 alloc=12*4096
[    0.000000] pcpu-alloc: [0] 0 [0] 1 [0] 2 [0] 3 
[    0.000000] Built 1 zonelists in Zone order, mobility grouping on.  Total pages: 522496
[    0.000000] Kernel command line: ignore_loglevel console=ttyS0,115200n8 rw root=PARTUUID=8683e640-b305-6c03-ae83-3c34ba91e1b7 rootwait gpt debug noinitrd earlyprintk init=/bin/bash
[    0.000000] PID hash table entries: 4096 (order: 2, 16384 bytes)
[    0.000000] Dentry cache hash table entries: 131072 (order: 7, 524288 bytes)
[    0.000000] Inode-cache hash table entries: 65536 (order: 6, 262144 bytes)
[    0.000000] Memory: 1995044K/2096128K available (9526K kernel code, 1127K rwdata, 4164K rodata, 2048K init, 338K bss, 35548K reserved, 65536K cma-reserved, 1244160K highmem)
[    0.000000] Virtual kernel memory layout:
[    0.000000]     vector  : 0xffff0000 - 0xffff1000   (   4 kB)
[    0.000000]     fixmap  : 0xffc00000 - 0xfff00000   (3072 kB)
[    0.000000]     vmalloc : 0xf0800000 - 0xff800000   ( 240 MB)
[    0.000000]     lowmem  : 0xc0000000 - 0xf0000000   ( 768 MB)
[    0.000000]     pkmap   : 0xbfe00000 - 0xc0000000   (   2 MB)
[    0.000000]     modules : 0xbf000000 - 0xbfe00000   (  14 MB)
[    0.000000]       .text : 0xc0208000 - 0xc105ebc8   (14683 kB)
[    0.000000]       .init : 0xc1100000 - 0xc1300000   (2048 kB)
[    0.000000]       .data : 0xc1300000 - 0xc1419f80   (1128 kB)
[    0.000000]        .bss : 0xc141b000 - 0xc146fa58   ( 339 kB)
[    0.000000] SLUB: HWalign=64, Order=0-3, MinObjects=0, CPUs=4, Nodes=1
[    0.000000] Hierarchical RCU implementation.
[    0.000000] 	Build-time adjustment of leaf fanout to 32.
[    0.000000] 	RCU restricting CPUs from NR_CPUS=16 to nr_cpu_ids=4.
[    0.000000] RCU: Adjusting geometry for rcu_fanout_leaf=32, nr_cpu_ids=4
[    0.000000] NR_IRQS:16 nr_irqs:16 16
[    0.000000] /interrupt-controller@60004000: 160 interrupts forwarded to /interrupt-controller@0,50041000
[    0.000000] Tegra clk 127: register failed with -17
[    0.000009] sched_clock: 32 bits at 1000kHz, resolution 1000ns, wraps every 2147483647500ns
[    0.000033] clocksource: timer_us: mask: 0xffffffff max_cycles: 0xffffffff, max_idle_ns: 1911260446275 ns
[    0.000047] Switching to timer-based delay loop, resolution 1000ns
[    0.005183] Architected cp15 timer(s) running at 12.00MHz (virt).
[    0.005201] clocksource: arch_sys_counter: mask: 0xffffffffffffff max_cycles: 0x2c47f4ee7, max_idle_ns: 440795202497 ns
[    0.005219] sched_clock: 56 bits at 12MHz, resolution 83ns, wraps every 4398046511096ns
[    0.005231] Switching to timer-based delay loop, resolution 83ns
[    0.005730] Console: colour dummy device 80x30
[    0.005754] Calibrating delay loop (skipped), value calculated using timer frequency.. 24.00 BogoMIPS (lpj=60000)
[    0.005768] pid_max: default: 32768 minimum: 301
[    0.005862] Mount-cache hash table entries: 2048 (order: 1, 8192 bytes)
[    0.005874] Mountpoint-cache hash table entries: 2048 (order: 1, 8192 bytes)
[    0.006471] CPU: Testing write buffer coherency: ok
[    0.006685] /cpus/cpu@0 missing clock-frequency property
[    0.006723] /cpus/cpu@1 missing clock-frequency property
[    0.006761] /cpus/cpu@2 missing clock-frequency property
[    0.006801] /cpus/cpu@3 missing clock-frequency property
[    0.006812] CPU0: thread -1, cpu 0, socket 0, mpidr 80000000
[    0.006834] Setting up static identity map for 0x80300000 - 0x80300098
[    0.009772] Tegra Revision: A01 SKU: 129 CPU Process: 1 SoC Process: 1
[    0.011182] CPU1: thread -1, cpu 1, socket 0, mpidr 80000001
[    0.015826] CPU2: thread -1, cpu 2, socket 0, mpidr 80000002
[    0.020821] CPU3: thread -1, cpu 3, socket 0, mpidr 80000003
[    0.025346] Brought up 4 CPUs
[    0.025366] SMP: Total of 4 processors activated (96.00 BogoMIPS).
[    0.025373] CPU: All CPU(s) started in SVC mode.
[    0.026847] devtmpfs: initialized
[    0.044990] VFP support v0.3: implementor 41 architecture 4 part 30 variant f rev 0
[    0.045681] clocksource: jiffies: mask: 0xffffffff max_cycles: 0xffffffff, max_idle_ns: 9556302231375000 ns
[    0.047128] pinctrl core: initialized pinctrl subsystem
[    0.048728] NET: Registered protocol family 16
[    0.050825] DMA: preallocated 256 KiB pool for atomic coherent allocations
[    0.065541] cpuidle: using governor menu
[    0.083920] No ATAGs?
[    0.083947] hw-breakpoint: found 5 (+1 reserved) breakpoint and 4 watchpoint registers.
[    0.083957] hw-breakpoint: maximum watchpoint size is 8 bytes.
[    0.089770] Serial: AMBA PL011 UART driver
[    0.120727] +5V_SYS: supplied by +VDD_MUX
[    0.121029] +3.3V_SYS: supplied by +VDD_MUX
[    0.121478] +USB0_VBUS_SW: Failed to request enable GPIO108: -517
[    0.121493] reg-fixed-voltage regulators:regulator@7: Failed to register regulator: -517
[    0.121582] +5V_USB_HS: Failed to request enable GPIO109: -517
[    0.121595] reg-fixed-voltage regulators:regulator@8: Failed to register regulator: -517
[    0.121759] +1.05V_RUN_AVDD_HDMI_PLL: Failed to request enable GPIO63: -517
[    0.121772] reg-fixed-voltage regulators:regulator@11: Failed to register regulator: -517
[    0.121857] +5V_HDMI_CON: Failed to request enable GPIO86: -517
[    0.121869] reg-fixed-voltage regulators:regulator@12: Failed to register regulator: -517
[    0.121953] +5V_SATA: Failed to request enable GPIO242: -517
[    0.121965] reg-fixed-voltage regulators:regulator@13: Failed to register regulator: -517
[    0.122048] +12V_SATA: Failed to request enable GPIO242: -517
[    0.122060] reg-fixed-voltage regulators:regulator@14: Failed to register regulator: -517
[    0.125320] vgaarb: loaded
[    0.126166] SCSI subsystem initialized
[    0.126332] libata version 3.00 loaded.
[    0.126620] usbcore: registered new interface driver usbfs
[    0.126687] usbcore: registered new interface driver hub
[    0.126762] usbcore: registered new device driver usb
[    0.130415] pps_core: LinuxPPS API ver. 1 registered
[    0.130425] pps_core: Software ver. 5.3.6 - Copyright 2005-2007 Rodolfo Giometti <giometti@linux.it>
[    0.130453] PTP clock support registered
[    0.130653] EDAC MC: Ver: 3.0.0
[    0.133831] clocksource: Switched to clocksource arch_sys_counter
[    0.144983] NET: Registered protocol family 2
[    0.145508] TCP established hash table entries: 8192 (order: 3, 32768 bytes)
[    0.145608] TCP bind hash table entries: 8192 (order: 4, 65536 bytes)
[    0.145794] TCP: Hash tables configured (established 8192 bind 8192)
[    0.145845] UDP hash table entries: 512 (order: 2, 16384 bytes)
[    0.145888] UDP-Lite hash table entries: 512 (order: 2, 16384 bytes)
[    0.146038] NET: Registered protocol family 1
[    0.146268] RPC: Registered named UNIX socket transport module.
[    0.146277] RPC: Registered udp transport module.
[    0.146284] RPC: Registered tcp transport module.
[    0.146291] RPC: Registered tcp NFSv4.1 backchannel transport module.
[    0.146301] PCI: CLS 0 bytes, default 64
[    0.147452] hw perfevents: enabled with armv7_cortex_a15 PMU driver, 7 counters available
[    0.149005] futex hash table entries: 1024 (order: 4, 65536 bytes)
[    0.149750] workingset: timestamp_bits=28 max_order=19 bucket_order=0
[    0.161072] squashfs: version 4.0 (2009/01/31) Phillip Lougher
[    0.161927] NFS: Registering the id_resolver key type
[    0.161967] Key type id_resolver registered
[    0.161975] Key type id_legacy registered
[    0.162017] ntfs: driver 2.1.32 [Flags: R/O].
[    0.163307] bounce: pool size: 64 pages
[    0.163516] Block layer SCSI generic (bsg) driver version 0.4 loaded (major 248)
[    0.163526] io scheduler noop registered
[    0.163533] io scheduler deadline registered
[    0.163566] io scheduler cfq registered (default)
[    0.184157] tegra-pcie 1003000.pcie-controller: 2x1, 1x1 configuration
[    0.184210] tegra-pcie 1003000.pcie-controller: Failed to get supply 'avddio-pex': -517
[    0.191415] tegra-apbdma 60020000.dma: Tegra20 APB DMA driver register 32 channels
[    0.193372] tegra-pmc 7000e400.pmc: emergency thermal reset enabled
[    0.256701] Serial: 8250/16550 driver, 4 ports, IRQ sharing disabled
[    0.259720] console [ttyS0] disabled
[    0.259755] 70006300.serial: ttyS0 at MMIO 0x70006300 (irq = 331, base_baud = 25500000) is a Tegra
[    1.092660] console [ttyS0] enabled
[    1.097070] SuperH (H)SCI(F) driver initialized
[    1.102659] msm_serial: driver initialized
[    1.106965] STMicroelectronics ASC driver initialized
[    1.112935] serial-tegra serial@70006000: failed to get alias id, errno -19
[    1.119961] serial-tegra serial@70006040: failed to get alias id, errno -19
[    1.129992] [drm] Initialized drm 1.1.0 20060810
[    1.137874] tegra-hdmi 54280000.hdmi: failed to get HDMI regulator
[    1.157489] brd: module loaded
[    1.166615] loop: module loaded
[    1.170290] at24 0-0056: 256 byte 24c02 EEPROM, writable, 8 bytes/write
[    1.178580] as3722 4-0040: AS3722 with revision 0x1 found
[    1.190338] +1.35V_LP0(sd3): Bringing 0uV into 1350000-1350000uV
[    1.196871] +1.05V_RUN: Bringing 0uV into 1050000-1050000uV
[    1.205642] +1.8V_RUN_CAM: Bringing 0uV into 1800000-1800000uV
[    1.213040] +1.05V_LP0_VDD_RTC: Bringing 1100000uV into 1000000-1000000uV
[    1.220967] +2.8V_RUN_CAM: Bringing 0uV into 2800000-2800000uV
[    1.227353] +1.2V_RUN_CAM_FRONT: Bringing 0uV into 1200000-1200000uV
[    1.234246] +VDDIO_SDMMC3: failed to get the current voltage(-22)
[    1.240357] as3722-regulator as3722-regulator: regulator 13 register failed -22
[    1.249513] as3722-regulator: probe of as3722-regulator failed with error -22
[    1.259350] tegra-ahci 70027000.sata: Failed to get supply 'avdd': -517
[    1.265977] tegra-ahci 70027000.sata: Failed to get regulators
[    1.286346] m25p80 spi32765.0: w25q32dw (4096 Kbytes)
[    1.294923] libphy: Fixed MDIO Bus: probed
[    1.299731] CAN device driver interface
[    1.305680] igb: Intel(R) Gigabit Ethernet Network Driver - version 5.3.0-k
[    1.312647] igb: Copyright (c) 2007-2014 Intel Corporation.
[    1.321668] pegasus: v0.9.3 (2013/04/25), Pegasus/Pegasus II USB Ethernet driver
[    1.329125] usbcore: registered new interface driver pegasus
[    1.334855] usbcore: registered new interface driver asix
[    1.340309] usbcore: registered new interface driver ax88179_178a
[    1.346452] usbcore: registered new interface driver cdc_ether
[    1.352353] usbcore: registered new interface driver smsc75xx
[    1.358165] usbcore: registered new interface driver smsc95xx
[    1.363961] usbcore: registered new interface driver net1080
[    1.369669] usbcore: registered new interface driver cdc_subset
[    1.375642] usbcore: registered new interface driver zaurus
[    1.381293] usbcore: registered new interface driver cdc_ncm
[    1.387214] tegra-phy 7d004000.usb-phy: no vbus regulator
[    1.394894] ehci_hcd: USB 2.0 'Enhanced' Host Controller (EHCI) Driver
[    1.401430] ehci-pci: EHCI PCI platform driver
[    1.405927] ehci-platform: EHCI generic platform driver
[    1.411385] ehci-omap: OMAP-EHCI Host Controller driver
[    1.416768] ehci-orion: EHCI orion driver
[    1.420944] SPEAr-ehci: EHCI SPEAr driver
[    1.425119] ehci-st: EHCI STMicroelectronics driver
[    1.430158] ehci-exynos: EHCI EXYNOS driver
[    1.434531] ehci-atmel: EHCI Atmel driver
[    1.438682] tegra-ehci: Tegra EHCI driver
[    1.442942] ------------[ cut here ]------------
[    1.447585] WARNING: CPU: 0 PID: 1 at drivers/reset/core.c:187 __of_reset_control_get+0x1bc/0x228
[    1.456455] Modules linked in:
[    1.459533] CPU: 0 PID: 1 Comm: swapper/0 Not tainted 4.6.0-rc4-next-20160421-88315-gbde6ae8 #1
[    1.468216] Hardware name: NVIDIA Tegra SoC (Flattened Device Tree)
[    1.474494] [<c030f998>] (unwind_backtrace) from [<c030b07c>] (show_stack+0x10/0x14)
[    1.482234] [<c030b07c>] (show_stack) from [<c0583528>] (dump_stack+0x84/0xa4)
[    1.489453] [<c0583528>] (dump_stack) from [<c0341c24>] (__warn+0xd4/0x100)
[    1.496411] [<c0341c24>] (__warn) from [<c0341c70>] (warn_slowpath_null+0x20/0x28)
[    1.503975] [<c0341c70>] (warn_slowpath_null) from [<c06961f8>] (__of_reset_control_get+0x1bc/0x228)
[    1.513102] [<c06961f8>] (__of_reset_control_get) from [<c0904ce8>] (tegra_ehci_probe+0x2d0/0x51c)
[    1.522055] [<c0904ce8>] (tegra_ehci_probe) from [<c076f094>] (platform_drv_probe+0x50/0xb0)
[    1.530489] [<c076f094>] (platform_drv_probe) from [<c076d9f8>] (driver_probe_device+0x1f4/0x2b0)
[    1.539352] [<c076d9f8>] (driver_probe_device) from [<c076db60>] (__driver_attach+0xac/0xb0)
[    1.547780] [<c076db60>] (__driver_attach) from [<c076c00c>] (bus_for_each_dev+0x54/0x88)
[    1.555952] [<c076c00c>] (bus_for_each_dev) from [<c076cfec>] (bus_add_driver+0xe8/0x1f4)
[    1.564121] [<c076cfec>] (bus_add_driver) from [<c076e37c>] (driver_register+0x78/0xf4)
[    1.572116] [<c076e37c>] (driver_register) from [<c0301e5c>] (do_one_initcall+0x3c/0x16c)
[    1.580288] [<c0301e5c>] (do_one_initcall) from [<c1100d7c>] (kernel_init_freeable+0x120/0x1ec)
[    1.588981] [<c1100d7c>] (kernel_init_freeable) from [<c0b49e5c>] (kernel_init+0x8/0x118)
[    1.597153] [<c0b49e5c>] (kernel_init) from [<c0307f78>] (ret_from_fork+0x14/0x3c)
[    1.604744] ---[ end trace 96e128c6e496c923 ]---
[    1.609376] tegra-ehci 7d004000.usb: can't get utmi-pads reset from the PHY
[    1.616345] tegra-ehci 7d004000.usb: continuing, but please update your DT
[    1.623326] tegra-ehci 7d004000.usb: EHCI Host Controller
[    1.628764] tegra-ehci 7d004000.usb: new USB bus registered, assigned bus number 1
[    1.636673] tegra-ehci 7d004000.usb: irq 348, io mem 0x7d004000
[    1.648847] tegra-ehci 7d004000.usb: USB 2.0 started, EHCI 1.10
[    1.655630] hub 1-0:1.0: USB hub found
[    1.659441] hub 1-0:1.0: 1 port detected
[    1.664015] ohci_hcd: USB 1.1 'Open' Host Controller (OHCI) Driver
[    1.670226] ohci-pci: OHCI PCI platform driver
[    1.674733] ohci-platform: OHCI generic platform driver
[    1.680158] ohci-omap3: OHCI OMAP3 driver
[    1.684330] SPEAr-ohci: OHCI SPEAr driver
[    1.688486] ohci-st: OHCI STMicroelectronics driver
[    1.693529] ohci-atmel: OHCI Atmel driver
[    1.698373] usbcore: registered new interface driver usb-storage
[    1.706106] mousedev: PS/2 mouse device common for all mice
[    1.715299] as3722-rtc as3722-rtc: rtc core: registered as3722-rtc as rtc0
[    1.722191] as3722-rtc as3722-rtc: RTC interrupt 371
[    1.730540] tegra_rtc 7000e000.rtc: rtc core: registered 7000e000.rtc as rtc1
[    1.737733] tegra_rtc 7000e000.rtc: Tegra internal Real Time Clock
[    1.744514] i2c /dev entries driver
[    1.754991] 0-004c supply vcc not found, using dummy regulator
[    1.769256] sdhci: Secure Digital Host Controller Interface driver
[    1.775445] sdhci: Copyright(c) Pierre Ossman
[    1.781489] Synopsys Designware Multimedia Card Interface Driver
[    1.788693] sdhci-pltfm: SDHCI platform and OF driver helper
[    1.795161] sdhci-tegra 700b0400.sdhci: Got CD GPIO
[    1.800067] sdhci-tegra 700b0400.sdhci: Got WP GPIO
[    1.805010] mmc0: Unknown controller version (3). You may experience problems.
[    1.812502] mmc0: Unknown controller version (3). You may experience problems.
[    1.819792] mmc0: Invalid maximum block size, assuming 512 bytes
[    1.858847] mmc0: SDHCI controller on 700b0600.sdhci [700b0600.sdhci] using ADMA 64-bit
[    1.868537] ledtrig-cpu: registered to indicate activity on CPUs
[    1.875047] usbcore: registered new interface driver usbhid
[    1.880629] usbhid: USB HID core driver
[    1.888973] tegra124-dfll 70110000.clock: couldn't get vdd_cpu regulator
[    1.898674] NET: Registered protocol family 10
[    1.903829] sit: IPv6 over IPv4 tunneling driver
[    1.909136] NET: Registered protocol family 17
[    1.913581] can: controller area network core (rev 20120528 abi 9)
[    1.919837] NET: Registered protocol family 29
[    1.924294] can: raw protocol (rev 20120528)
[    1.928560] can: broadcast manager protocol (rev 20120528 t)
[    1.934232] can: netlink gateway (rev 20130117) max_hops=1
[    1.940106] Key type dns_resolver registered
[    1.945032] ThumbEE CPU extension supported.
[    1.949323] Registering SWP/SWPB emulation handler
[    1.962706] +3.3V_RUN: supplied by +3.3V_SYS
[    1.967073] +3.3V_AVDD_HDMI_AP_GATED: supplied by +3.3V_RUN
[    1.973398] +USB0_VBUS_SW: supplied by +5V_SYS
[    1.978527] +5V_USB_HS: supplied by +5V_SYS
[    1.985031] +3.3V_LP0: supplied by +3.3V_SYS
[    1.991933] tegra-pcie 1003000.pcie-controller: 2x1, 1x1 configuration
[    1.998564] tegra-pcie 1003000.pcie-controller: Failed to get supply 'avddio-pex': -517
[    2.008308] +5V_HDMI_CON: supplied by +5V_SYS
[    2.012928] tegra-hdmi 54280000.hdmi: failed to get PLL regulator
[    2.015004] mmc0: new high speed MMC card at address 0001
[    2.015906] mmcblk0: mmc0:0001 SEM16G 14.7 GiB 
[    2.016209] mmcblk0boot0: mmc0:0001 SEM16G partition 1 4.00 MiB
[    2.016517] mmcblk0boot1: mmc0:0001 SEM16G partition 2 4.00 MiB
[    2.016871] mmcblk0rpmb: mmc0:0001 SEM16G partition 3 4.00 MiB
[    2.022833] Primary GPT is invalid, using alternate GPT.
[    2.022868]  mmcblk0: p1 p2 p3 p4 p5 p6 p7 p8 p9
[    2.058529] tegra-ahci 70027000.sata: Failed to get supply 'avdd': -517
[    2.065190] tegra-ahci 70027000.sata: Failed to get regulators
[    2.074488] tegra-ehci 7d008000.usb: EHCI Host Controller
[    2.079968] tegra-ehci 7d008000.usb: new USB bus registered, assigned bus number 2
[    2.088166] tegra-ehci 7d008000.usb: irq 349, io mem 0x7d008000
[    2.103966] tegra-ehci 7d008000.usb: USB 2.0 started, EHCI 1.10
[    2.111213] hub 2-0:1.0: USB hub found
[    2.115075] hub 2-0:1.0: 1 port detected
[    2.121423] sdhci-tegra 700b0400.sdhci: Got CD GPIO
[    2.126405] sdhci-tegra 700b0400.sdhci: Got WP GPIO
[    2.131422] mmc1: Unknown controller version (3). You may experience problems.
[    2.140537] cpu cpu0: _opp_add: duplicate OPPs detected. Existing: freq: 204000000, volt: 900000, enabled: 1. New: freq: 204000000, volt: 900000, enabled: 1
[    2.154569] cpu cpu0: _opp_add: duplicate OPPs detected. Existing: freq: 306000000, volt: 900000, enabled: 1. New: freq: 306000000, volt: 900000, enabled: 1
[    2.168592] cpu cpu0: _opp_add: duplicate OPPs detected. Existing: freq: 408000000, volt: 900000, enabled: 1. New: freq: 408000000, volt: 900000, enabled: 1
[    2.182611] cpu cpu0: _opp_add: duplicate OPPs detected. Existing: freq: 510000000, volt: 900000, enabled: 1. New: freq: 510000000, volt: 900000, enabled: 1
[    2.196633] cpu cpu0: _opp_add: duplicate OPPs detected. Existing: freq: 612000000, volt: 900000, enabled: 1. New: freq: 612000000, volt: 900000, enabled: 1
[    2.210653] cpu cpu0: _opp_add: duplicate OPPs detected. Existing: freq: 714000000, volt: 900000, enabled: 1. New: freq: 714000000, volt: 900000, enabled: 1
[    2.224672] cpu cpu0: _opp_add: duplicate OPPs detected. Existing: freq: 816000000, volt: 900000, enabled: 1. New: freq: 816000000, volt: 900000, enabled: 1
[    2.238690] cpu cpu0: _opp_add: duplicate OPPs detected. Existing: freq: 918000000, volt: 900000, enabled: 1. New: freq: 918000000, volt: 900000, enabled: 1
[    2.252708] cpu cpu0: _opp_add: duplicate OPPs detected. Existing: freq: 1020000000, volt: 900000, enabled: 1. New: freq: 1020000000, volt: 900000, enabled: 1
[    2.266910] cpu cpu0: _opp_add: duplicate OPPs detected. Existing: freq: 1122000000, volt: 900000, enabled: 1. New: freq: 1122000000, volt: 900000, enabled: 1
[    2.281101] cpu cpu0: _opp_add: duplicate OPPs detected. Existing: freq: 1224000000, volt: 900000, enabled: 1. New: freq: 1224000000, volt: 900000, enabled: 1
[    2.295294] cpu cpu0: _opp_add: duplicate OPPs detected. Existing: freq: 1326000000, volt: 900000, enabled: 1. New: freq: 1326000000, volt: 900000, enabled: 1
[    2.309486] cpu cpu0: _opp_add: duplicate OPPs detected. Existing: freq: 1428000000, volt: 900000, enabled: 1. New: freq: 1428000000, volt: 900000, enabled: 1
[    2.323678] cpu cpu0: _opp_add: duplicate OPPs detected. Existing: freq: 1530000000, volt: 900000, enabled: 1. New: freq: 1530000000, volt: 900000, enabled: 1
[    2.337869] cpu cpu0: _opp_add: duplicate OPPs detected. Existing: freq: 1632000000, volt: 920000, enabled: 1. New: freq: 1632000000, volt: 920000, enabled: 1
[    2.352060] cpu cpu0: _opp_add: duplicate OPPs detected. Existing: freq: 1734000000, volt: 960000, enabled: 1. New: freq: 1734000000, volt: 960000, enabled: 1
[    2.366252] cpu cpu0: _opp_add: duplicate OPPs detected. Existing: freq: 1836000000, volt: 990000, enabled: 1. New: freq: 1836000000, volt: 990000, enabled: 1
[    2.380444] cpu cpu0: _opp_add: duplicate OPPs detected. Existing: freq: 1938000000, volt: 1030000, enabled: 1. New: freq: 1938000000, volt: 1030000, enabled: 1
[    2.394809] cpu cpu0: _opp_add: duplicate OPPs detected. Existing: freq: 2014500000, volt: 1060000, enabled: 1. New: freq: 2014500000, volt: 1060000, enabled: 1
[    2.409162] cpu cpu0: _opp_add: duplicate OPPs detected. Existing: freq: 2116500000, volt: 1100000, enabled: 1. New: freq: 2116500000, volt: 1100000, enabled: 1
[    2.423529] cpu cpu0: _opp_add: duplicate OPPs detected. Existing: freq: 2218500000, volt: 1140000, enabled: 1. New: freq: 2218500000, volt: 1140000, enabled: 1
[    2.433977] usb 2-1: new high-speed USB device number 2 using tegra-ehci
[    2.444619] cpu cpu0: _opp_add: duplicate OPPs detected. Existing: freq: 2320500000, volt: 1180000, enabled: 1. New: freq: 2320500000, volt: 1180000, enabled: 1
[    2.459035] tegra124-dfll 70110000.clock: couldn't get vdd_cpu regulator
[    2.466492] tegra-pcie 1003000.pcie-controller: 2x1, 1x1 configuration
[    2.473121] tegra-pcie 1003000.pcie-controller: Failed to get supply 'avddio-pex': -517
[    2.482941] tegra-hdmi 54280000.hdmi: failed to get PLL regulator
[    2.490825] tegra-ahci 70027000.sata: Failed to get supply 'avdd': -517
[    2.497478] tegra-ahci 70027000.sata: Failed to get regulators
[    2.504994] input: gpio-keys as /devices/soc0/gpio-keys/input/input0
[    2.512937] as3722-rtc as3722-rtc: setting system clock to 2000-01-01 00:00:17 UTC (946684817)
[    2.514576] sdhci-tegra 700b0400.sdhci: Got CD GPIO
[    2.514598] sdhci-tegra 700b0400.sdhci: Got WP GPIO
[    2.514671] mmc1: Unknown controller version (3). You may experience problems.
[    2.516622] cpu cpu0: _opp_add: duplicate OPPs detected. Existing: freq: 204000000, volt: 900000, enabled: 1. New: freq: 204000000, volt: 900000, enabled: 1
[    2.516635] cpu cpu0: _opp_add: duplicate OPPs detected. Existing: freq: 306000000, volt: 900000, enabled: 1. New: freq: 306000000, volt: 900000, enabled: 1
[    2.516646] cpu cpu0: _opp_add: duplicate OPPs detected. Existing: freq: 408000000, volt: 900000, enabled: 1. New: freq: 408000000, volt: 900000, enabled: 1
[    2.516657] cpu cpu0: _opp_add: duplicate OPPs detected. Existing: freq: 510000000, volt: 900000, enabled: 1. New: freq: 510000000, volt: 900000, enabled: 1
[    2.516668] cpu cpu0: _opp_add: duplicate OPPs detected. Existing: freq: 612000000, volt: 900000, enabled: 1. New: freq: 612000000, volt: 900000, enabled: 1
[    2.516678] cpu cpu0: _opp_add: duplicate OPPs detected. Existing: freq: 714000000, volt: 900000, enabled: 1. New: freq: 714000000, volt: 900000, enabled: 1
[    2.516687] cpu cpu0: _opp_add: duplicate OPPs detected. Existing: freq: 816000000, volt: 900000, enabled: 1. New: freq: 816000000, volt: 900000, enabled: 1
[    2.516698] cpu cpu0: _opp_add: duplicate OPPs detected. Existing: freq: 918000000, volt: 900000, enabled: 1. New: freq: 918000000, volt: 900000, enabled: 1
[    2.516709] cpu cpu0: _opp_add: duplicate OPPs detected. Existing: freq: 1020000000, volt: 900000, enabled: 1. New: freq: 1020000000, volt: 900000, enabled: 1
[    2.516719] cpu cpu0: _opp_add: duplicate OPPs detected. Existing: freq: 1122000000, volt: 900000, enabled: 1. New: freq: 1122000000, volt: 900000, enabled: 1
[    2.516728] cpu cpu0: _opp_add: duplicate OPPs detected. Existing: freq: 1224000000, volt: 900000, enabled: 1. New: freq: 1224000000, volt: 900000, enabled: 1
[    2.516739] cpu cpu0: _opp_add: duplicate OPPs detected. Existing: freq: 1326000000, volt: 900000, enabled: 1. New: freq: 1326000000, volt: 900000, enabled: 1
[    2.516749] cpu cpu0: _opp_add: duplicate OPPs detected. Existing: freq: 1428000000, volt: 900000, enabled: 1. New: freq: 1428000000, volt: 900000, enabled: 1
[    2.516759] cpu cpu0: _opp_add: duplicate OPPs detected. Existing: freq: 1530000000, volt: 900000, enabled: 1. New: freq: 1530000000, volt: 900000, enabled: 1
[    2.516769] cpu cpu0: _opp_add: duplicate OPPs detected. Existing: freq: 1632000000, volt: 920000, enabled: 1. New: freq: 1632000000, volt: 920000, enabled: 1
[    2.516779] cpu cpu0: _opp_add: duplicate OPPs detected. Existing: freq: 1734000000, volt: 960000, enabled: 1. New: freq: 1734000000, volt: 960000, enabled: 1
[    2.516789] cpu cpu0: _opp_add: duplicate OPPs detected. Existing: freq: 1836000000, volt: 990000, enabled: 1. New: freq: 1836000000, volt: 990000, enabled: 1
[    2.516799] cpu cpu0: _opp_add: duplicate OPPs detected. Existing: freq: 1938000000, volt: 1030000, enabled: 1. New: freq: 1938000000, volt: 1030000, enabled: 1
[    2.516809] cpu cpu0: _opp_add: duplicate OPPs detected. Existing: freq: 2014500000, volt: 1060000, enabled: 1. New: freq: 2014500000, volt: 1060000, enabled: 1
[    2.516818] cpu cpu0: _opp_add: duplicate OPPs detected. Existing: freq: 2116500000, volt: 1100000, enabled: 1. New: freq: 2116500000, volt: 1100000, enabled: 1
[    2.516828] cpu cpu0: _opp_add: duplicate OPPs detected. Existing: freq: 2218500000, volt: 1140000, enabled: 1. New: freq: 2218500000, volt: 1140000, enabled: 1
[    2.516837] cpu cpu0: _opp_add: duplicate OPPs detected. Existing: freq: 2320500000, volt: 1180000, enabled: 1. New: freq: 2320500000, volt: 1180000, enabled: 1
[    2.516877] tegra124-dfll 70110000.clock: couldn't get vdd_cpu regulator
[    2.517576] tegra-pcie 1003000.pcie-controller: 2x1, 1x1 configuration
[    2.517629] tegra-pcie 1003000.pcie-controller: Failed to get supply 'avddio-pex': -517
[    2.519576] tegra-hdmi 54280000.hdmi: failed to get PLL regulator
[    2.521593] tegra-ahci 70027000.sata: Failed to get supply 'avdd': -517
[    2.521600] tegra-ahci 70027000.sata: Failed to get regulators
[    2.900091] +3.3V_AVDD_HDMI_AP_GATED: disabling
[    2.904650] +USB0_VBUS_SW: disabling
[    2.908227] +1.05V_RUN_AVDD_HDMI_PLL: disabling
[    2.912792] +5V_HDMI_CON: disabling
[    2.916314] +5V_SATA: disabling
[    2.919486] +12V_SATA: disabling
[    3.374511] asix 2-1:1.0 eth0: register 'asix' at usb-7d008000.usb-1, ASIX AX88772 USB 2.0 Ethernet, 00:50:b6:11:31:3b
[    3.386054] EXT4-fs (mmcblk0p1): couldn't mount as ext3 due to feature incompatibilities
[    3.387913] sdhci-tegra 700b0400.sdhci: Got CD GPIO
[    3.387935] sdhci-tegra 700b0400.sdhci: Got WP GPIO
[    3.388006] mmc1: Unknown controller version (3). You may experience problems.
[    3.412309] EXT4-fs (mmcblk0p1): couldn't mount as ext2 due to feature incompatibilities
[    3.413479] cpu cpu0: _opp_add: duplicate OPPs detected. Existing: freq: 204000000, volt: 900000, enabled: 1. New: freq: 204000000, volt: 900000, enabled: 1
[    3.413493] cpu cpu0: _opp_add: duplicate OPPs detected. Existing: freq: 306000000, volt: 900000, enabled: 1. New: freq: 306000000, volt: 900000, enabled: 1
[    3.413504] cpu cpu0: _opp_add: duplicate OPPs detected. Existing: freq: 408000000, volt: 900000, enabled: 1. New: freq: 408000000, volt: 900000, enabled: 1
[    3.413514] cpu cpu0: _opp_add: duplicate OPPs detected. Existing: freq: 510000000, volt: 900000, enabled: 1. New: freq: 510000000, volt: 900000, enabled: 1
[    3.413524] cpu cpu0: _opp_add: duplicate OPPs detected. Existing: freq: 612000000, volt: 900000, enabled: 1. New: freq: 612000000, volt: 900000, enabled: 1
[    3.413533] cpu cpu0: _opp_add: duplicate OPPs detected. Existing: freq: 714000000, volt: 900000, enabled: 1. New: freq: 714000000, volt: 900000, enabled: 1
[    3.413544] cpu cpu0: _opp_add: duplicate OPPs detected. Existing: freq: 816000000, volt: 900000, enabled: 1. New: freq: 816000000, volt: 900000, enabled: 1
[    3.413554] cpu cpu0: _opp_add: duplicate OPPs detected. Existing: freq: 918000000, volt: 900000, enabled: 1. New: freq: 918000000, volt: 900000, enabled: 1
[    3.413564] cpu cpu0: _opp_add: duplicate OPPs detected. Existing: freq: 1020000000, volt: 900000, enabled: 1. New: freq: 1020000000, volt: 900000, enabled: 1
[    3.413574] cpu cpu0: _opp_add: duplicate OPPs detected. Existing: freq: 1122000000, volt: 900000, enabled: 1. New: freq: 1122000000, volt: 900000, enabled: 1
[    3.413584] cpu cpu0: _opp_add: duplicate OPPs detected. Existing: freq: 1224000000, volt: 900000, enabled: 1. New: freq: 1224000000, volt: 900000, enabled: 1
[    3.413594] cpu cpu0: _opp_add: duplicate OPPs detected. Existing: freq: 1326000000, volt: 900000, enabled: 1. New: freq: 1326000000, volt: 900000, enabled: 1
[    3.413605] cpu cpu0: _opp_add: duplicate OPPs detected. Existing: freq: 1428000000, volt: 900000, enabled: 1. New: freq: 1428000000, volt: 900000, enabled: 1
[    3.413614] cpu cpu0: _opp_add: duplicate OPPs detected. Existing: freq: 1530000000, volt: 900000, enabled: 1. New: freq: 1530000000, volt: 900000, enabled: 1
[    3.413624] cpu cpu0: _opp_add: duplicate OPPs detected. Existing: freq: 1632000000, volt: 920000, enabled: 1. New: freq: 1632000000, volt: 920000, enabled: 1
[    3.413634] cpu cpu0: _opp_add: duplicate OPPs detected. Existing: freq: 1734000000, volt: 960000, enabled: 1. New: freq: 1734000000, volt: 960000, enabled: 1
[    3.413643] cpu cpu0: _opp_add: duplicate OPPs detected. Existing: freq: 1836000000, volt: 990000, enabled: 1. New: freq: 1836000000, volt: 990000, enabled: 1
[    3.413654] cpu cpu0: _opp_add: duplicate OPPs detected. Existing: freq: 1938000000, volt: 1030000, enabled: 1. New: freq: 1938000000, volt: 1030000, enabled: 1
[    3.413663] cpu cpu0: _opp_add: duplicate OPPs detected. Existing: freq: 2014500000, volt: 1060000, enabled: 1. New: freq: 2014500000, volt: 1060000, enabled: 1
[    3.413673] cpu cpu0: _opp_add: duplicate OPPs detected. Existing: freq: 2116500000, volt: 1100000, enabled: 1. New: freq: 2116500000, volt: 1100000, enabled: 1
[    3.413682] cpu cpu0: _opp_add: duplicate OPPs detected. Existing: freq: 2218500000, volt: 1140000, enabled: 1. New: freq: 2218500000, volt: 1140000, enabled: 1
[    3.413692] cpu cpu0: _opp_add: duplicate OPPs detected. Existing: freq: 2320500000, volt: 1180000, enabled: 1. New: freq: 2320500000, volt: 1180000, enabled: 1
[    3.413755] tegra124-dfll 70110000.clock: couldn't get vdd_cpu regulator
[    3.414767] tegra-pcie 1003000.pcie-controller: 2x1, 1x1 configuration
[    3.414845] tegra-pcie 1003000.pcie-controller: Failed to get supply 'avddio-pex': -517
[    3.416911] tegra-hdmi 54280000.hdmi: failed to get PLL regulator
[    3.418538] tegra-ahci 70027000.sata: Failed to get supply 'avdd': -517
[    3.418544] tegra-ahci 70027000.sata: Failed to get regulators
[    3.808696] EXT4-fs (mmcblk0p1): warning: mounting fs with errors, running e2fsck is recommended
[    3.820534] EXT4-fs (mmcblk0p1): recovery complete
[    3.826660] EXT4-fs (mmcblk0p1): mounted filesystem with ordered data mode. Opts: (null)
[    3.834827] VFS: Mounted root (ext4 filesystem) on device 179:1.
[    3.845269] devtmpfs: mounted
[    3.850126] Freeing unused kernel memory: 2048K (c1100000 - c1300000)
bash: cannot set terminal process group (-1): Inappropriate ioctl for device
bash: no job control in this shell
root@(none):/# 