
U-Boot SPL 2014.01-00219-gc4d376f (Feb 18 2014 - 19:57:18)


U-Boot 2014.01-00219-gc4d376f (Feb 18 2014 - 19:57:18)

TEGRA30
Board: NVIDIA Beaver
I2C:   ready
DRAM:  2 GiB
MMC:   Tegra SD/MMC: 0, Tegra SD/MMC: 1
In:    serial
Out:   serial
Err:   serial
Net:   Net Initialization Skipped
No ethernet found.
Hit any key to stop autoboot:  2  0 
Tegra30 (Beaver) # 
Tegra30 (Beaver) # usb reset
(Re)start USB...
USB0:   USB EHCI 1.00
scanning bus 0 for devices... 2 USB Device(s) found
       scanning usb for storage devices... 0 Storage Device(s) found
       scanning usb for ethernet devices... 
Warning: asx0 using MAC address from net device
1 Ethernet Device(s) found
Tegra30 (Beaver) # setenv bootargs 'ignore_loglevel console=ttyS0,115200n8 rw root=PARTUUID=edbe1840-3633-c751-7993-b0ac834f81e0 rootwait gpt debug noinitrd earlyprintk init=/bin/bash'
Tegra30 (Beaver) # setenv ipaddr 192.168.100.101; setenv serverip 192.168.100.1; setenv tftpserverip 192.168.100.1
Tegra30 (Beaver) # tftpboot 0x81000000 zImage.tegra_defconfig
Using asx0 device
TFTP from server 192.168.100.1; our IP address is 192.168.100.101
Filename 'zImage.tegra_defconfig'.
Load address: 0x81000000
Loading: *#################################################################
	 #################################################################
	 #################################################################
	 #################################################################
	 #################################################################
	 #################################################################
	 #####################
	 3.3 MiB/s
done
Bytes transferred = 6031608 (5c08f8 hex)
Tegra30 (Beaver) # tftpboot 0x82000000 tegra30-beaver.dtb
Using asx0 device
TFTP from server 192.168.100.1; our IP address is 192.168.100.101
Filename 'tegra30-beaver.dtb'.
Load address: 0x82000000
Loading: *####
	 3.1 MiB/s
done
Bytes transferred = 51804 (ca5c hex)
Tegra30 (Beaver) # bootz 0x81000000 - 0x82000000
Kernel image @ 0x81000000 [ 0x000000 - 0x5c08f8 ]
## Flattened Device Tree blob at 82000000
   Booting using the fdt blob at 0x82000000
   Loading Device Tree to 8fff0000, end 8ffffa5b ... OK

Starting kernel ...

Uncompressing Linux... done, booting the kernel.
[    0.000000] Booting Linux on physical CPU 0x0
[    0.000000] Linux version 4.11.0-rc2-next-20170320-159694-gf921b26 (pwalmsley@kaivo) (gcc version 4.7.3 20130328 (prerelease) (crosstool-NG linaro-1.13.1-4.7-2013.04-20130415 - Linaro GCC 2013.04) ) #1 SMP PREEMPT Mon Mar 20 02:48:51 PDT 2017
[    0.000000] CPU: ARMv7 Processor [412fc099] revision 9 (ARMv7), cr=10c5387d
[    0.000000] CPU: PIPT / VIPT nonaliasing data cache, VIPT aliasing instruction cache
[    0.000000] OF: fdt: Machine model: NVIDIA Tegra30 Beaver evaluation board
[    0.000000] debug: ignoring loglevel setting.
[    0.000000] bootconsole [earlycon0] enabled
[    0.000000] cma: Reserved 64 MiB at 0xfbc00000
[    0.000000] Memory policy: Data cache writealloc
[    0.000000] On node 0 totalpages: 524032
[    0.000000] free_area_init_node: node 0, pgdat c0eab140, node_mem_map eeff7000
[    0.000000]   Normal zone: 1536 pages used for memmap
[    0.000000]   Normal zone: 0 pages reserved
[    0.000000]   Normal zone: 196608 pages, LIFO batch:31
[    0.000000]   HighMem zone: 327424 pages, LIFO batch:31
[    0.000000] percpu: Embedded 17 pages/cpu @eef87000 s38464 r8192 d22976 u69632
[    0.000000] pcpu-alloc: s38464 r8192 d22976 u69632 alloc=17*4096
[    0.000000] pcpu-alloc: [0] 0 [0] 1 [0] 2 [0] 3 
[    0.000000] Built 1 zonelists in Zone order, mobility grouping on.  Total pages: 522496
[    0.000000] Kernel command line: ignore_loglevel console=ttyS0,115200n8 rw root=PARTUUID=edbe1840-3633-c751-7993-b0ac834f81e0 rootwait gpt debug noinitrd earlyprintk init=/bin/bash
[    0.000000] PID hash table entries: 4096 (order: 2, 16384 bytes)
[    0.000000] Dentry cache hash table entries: 131072 (order: 7, 524288 bytes)
[    0.000000] Inode-cache hash table entries: 65536 (order: 6, 262144 bytes)
[    0.000000] Memory: 1998520K/2096128K available (9216K kernel code, 725K rwdata, 2704K rodata, 1024K init, 314K bss, 32072K reserved, 65536K cma-reserved, 1244160K highmem)
[    0.000000] Virtual kernel memory layout:
[    0.000000]     vector  : 0xffff0000 - 0xffff1000   (   4 kB)
[    0.000000]     fixmap  : 0xffc00000 - 0xfff00000   (3072 kB)
[    0.000000]     vmalloc : 0xf0800000 - 0xff800000   ( 240 MB)
[    0.000000]     lowmem  : 0xc0000000 - 0xf0000000   ( 768 MB)
[    0.000000]     pkmap   : 0xbfe00000 - 0xc0000000   (   2 MB)
[    0.000000]     modules : 0xbf000000 - 0xbfe00000   (  14 MB)
[    0.000000]       .text : 0xc0008000 - 0xc0a00000   (10208 kB)
[    0.000000]       .init : 0xc0d00000 - 0xc0e00000   (1024 kB)
[    0.000000]       .data : 0xc0e00000 - 0xc0eb54a0   ( 726 kB)
[    0.000000]        .bss : 0xc0eb7000 - 0xc0f0599c   ( 315 kB)
[    0.000000] Preemptible hierarchical RCU implementation.
[    0.000000] NR_IRQS:16 nr_irqs:16 16
[    0.000000] /interrupt-controller@60004000: 160 interrupts forwarded to /interrupt-controller@50041000
[    0.000000] L2C: platform modifies aux control register: 0x02080000 -> 0x3e480001
[    0.000000] L2C: DT/platform modifies aux control register: 0x02080000 -> 0x3e480001
[    0.000000] L2C-310 erratum 769419 enabled
[    0.000000] L2C-310 enabling early BRESP for Cortex-A9
[    0.000000] L2C-310: enabling full line of zeros but not enabled in Cortex-A9
[    0.000000] L2C-310 dynamic clock gating enabled, standby mode enabled
[    0.000000] L2C-310 cache controller enabled, 8 ways, 1024 kB
[    0.000000] L2C-310: CACHE_ID 0x410000c7, AUX_CTRL 0x4e480001
[    0.000014] sched_clock: 32 bits at 1000kHz, resolution 1000ns, wraps every 2147483647500ns
[    0.006543] clocksource: timer_us: mask: 0xffffffff max_cycles: 0xffffffff, max_idle_ns: 1911260446275 ns
[    0.016154] Switching to timer-based delay loop, resolution 1000ns
[    0.023273] Console: colour dummy device 80x30
[    0.026913] Calibrating delay loop (skipped), value calculated using timer frequency.. 2.00 BogoMIPS (lpj=10000)
[    0.037133] pid_max: default: 32768 minimum: 301
[    0.042180] Mount-cache hash table entries: 2048 (order: 1, 8192 bytes)
[    0.048482] Mountpoint-cache hash table entries: 2048 (order: 1, 8192 bytes)
[    0.056281] CPU: Testing write buffer coherency: ok
[    0.060872] CPU0: thread -1, cpu 0, socket 0, mpidr 80000000
[    0.100014] Setting up static identity map for 0x80100000 - 0x80100098
[    0.120447] Tegra Revision: A03 SKU: 128 CPU Process: 4 SoC Process: 0
[    0.139973] smp: Bringing up secondary CPUs ...
[    0.200395] CPU1: thread -1, cpu 1, socket 0, mpidr 80000001
[    0.280384] CPU2: thread -1, cpu 2, socket 0, mpidr 80000002
[    0.360382] CPU3: thread -1, cpu 3, socket 0, mpidr 80000003
[    0.360431] smp: Brought up 1 node, 4 CPUs
[    0.379859] SMP: Total of 4 processors activated (8.00 BogoMIPS).
[    0.386017] CPU: All CPU(s) started in SVC mode.
[    0.391774] devtmpfs: initialized
[    0.407345] VFP support v0.3: implementor 41 architecture 3 part 30 variant 9 rev 4
[    0.413496] clocksource: jiffies: mask: 0xffffffff max_cycles: 0xffffffff, max_idle_ns: 19112604462750000 ns
[    0.423089] futex hash table entries: 1024 (order: 4, 65536 bytes)
[    0.432532] pinctrl core: initialized pinctrl subsystem
[    0.437209] NET: Registered protocol family 16
[    0.442553] DMA: preallocated 256 KiB pool for atomic coherent allocations
[    0.448879] cpuidle: using governor menu
[    0.468074] No ATAGs?
[    0.468198] hw-breakpoint: found 5 (+1 reserved) breakpoint and 1 watchpoint registers.
[    0.476726] hw-breakpoint: maximum watchpoint size is 4 bytes.
[    0.484284] tegra-mc 7000f000.memory-controller: no memory timings for RAM code 3 registered
[    0.505166] vdd_5v_sata: Failed to request enable GPIO30: -517
[    0.509173] reg-fixed-voltage regulators:regulator@3: Failed to register regulator: -517
[    0.517399] usb1_vbus: Failed to request enable GPIO238: -517
[    0.523133] reg-fixed-voltage regulators:regulator@4: Failed to register regulator: -517
[    0.531331] usb3_vbus: Failed to request enable GPIO236: -517
[    0.537077] reg-fixed-voltage regulators:regulator@5: Failed to register regulator: -517
[    0.545345] sys_3v3_pexs: Failed to request enable GPIO95: -517
[    0.551213] reg-fixed-voltage regulators:regulator@7: Failed to register regulator: -517
[    0.560554] vgaarb: loaded
[    0.562816] SCSI subsystem initialized
[    0.566153] libata version 3.00 loaded.
[    0.570198] usbcore: registered new interface driver usbfs
[    0.575443] usbcore: registered new interface driver hub
[    0.580840] usbcore: registered new device driver usb
[    0.593581] vrtc: supplied by vdd_5v_in
[    0.598932] vio: supplied by vdd_5v_in
[    0.611950] vdd1: supplied by vdd_5v_in
[    0.615342] vddio_ddr_1v2: Bringing 600000uV into 1200000-1200000uV
[    0.631927] vdd2: supplied by vdd_5v_in
[    0.651944] ldo1: supplied by vdd_1v5_gen
[    0.656565] ldo2: supplied by vdd_1v5_gen
[    0.659231] vdd_sata,avdd_plle: Bringing 1200000uV into 1050000-1050000uV
[    0.667900] ldo3: supplied by vdd_5v_in
[    0.672360] ldo4: supplied by vdd_5v_in
[    0.681949] ldo5: supplied by vdd_5v_in
[    0.691925] ldo6: supplied by vdd_1v8_gen
[    0.694601] avdd_dsi_csi,pwrdet_mipi: Bringing 1000000uV into 1200000-1200000uV
[    0.703785] ldo7: supplied by vdd_1v8_gen
[    0.711942] ldo8: supplied by vdd_1v8_gen
[    0.722195] Linux video capture interface: v2.00
[    0.725059] pps_core: LinuxPPS API ver. 1 registered
[    0.730020] pps_core: Software ver. 5.3.6 - Copyright 2005-2007 Rodolfo Giometti <giometti@linux.it>
[    0.739233] PTP clock support registered
[    0.743748] Advanced Linux Sound Architecture Driver Initialized.
[    0.750042] Bluetooth: Core ver 2.22
[    0.753025] NET: Registered protocol family 31
[    0.757480] Bluetooth: HCI device and connection manager initialized
[    0.763910] Bluetooth: HCI socket layer initialized
[    0.768837] Bluetooth: L2CAP socket layer initialized
[    0.773986] Bluetooth: SCO socket layer initialized
[    0.780151] clocksource: Switched to clocksource timer_us
[    0.849155] NET: Registered protocol family 2
[    0.852771] TCP established hash table entries: 8192 (order: 3, 32768 bytes)
[    0.858851] TCP bind hash table entries: 8192 (order: 4, 65536 bytes)
[    0.865401] TCP: Hash tables configured (established 8192 bind 8192)
[    0.872377] UDP hash table entries: 512 (order: 2, 16384 bytes)
[    0.877747] UDP-Lite hash table entries: 512 (order: 2, 16384 bytes)
[    0.884436] NET: Registered protocol family 1
[    0.889223] RPC: Registered named UNIX socket transport module.
[    0.894518] RPC: Registered udp transport module.
[    0.899268] RPC: Registered tcp transport module.
[    0.904045] RPC: Registered tcp NFSv4.1 backchannel transport module.
[    0.910550] PCI: CLS 0 bytes, default 64
[    0.916539] hw perfevents: enabled with armv7_cortex_a9 PMU driver, 7 counters available
[    0.924650] workingset: timestamp_bits=30 max_order=19 bucket_order=0
[    0.930390] squashfs: version 4.0 (2009/01/31) Phillip Lougher
[    0.935762] NFS: Registering the id_resolver key type
[    0.940398] Key type id_resolver registered
[    0.944545] Key type id_legacy registered
[    0.952430] bounce: pool size: 64 pages
[    0.954446] io scheduler noop registered (default)
[    0.959293] io scheduler mq-deadline registered
[    0.968615] tegra30-pinctrl 70000868.pinmux: invalid group "sdmmc3_dat6_pd3" for function "rsvd1"
[    0.975680] tegra30-pinctrl 70000868.pinmux: invalid group "sdmmc3_dat7_pd4" for function "rsvd1"
[    0.984631] tegra30-pinctrl 70000868.pinmux: invalid group "vi_vsync_pd6" for function "rsvd1"
[    0.993261] tegra30-pinctrl 70000868.pinmux: invalid group "vi_hsync_pd7" for function "rsvd1"
[    1.002439] tegra30-pinctrl 70000868.pinmux: invalid group "hdmi_int_pn7" for function "rsvd1"
[    1.010633] tegra30-pinctrl 70000868.pinmux: invalid group "ulpi_data3_po4" for function "rsvd1"
[    1.019766] tegra30-pinctrl 70000868.pinmux: invalid group "vi_d10_pt2" for function "rsvd1"
[    1.027947] tegra30-pinctrl 70000868.pinmux: invalid group "vi_d11_pt3" for function "rsvd1"
[    1.036424] tegra30-pinctrl 70000868.pinmux: invalid group "vi_d0_pt4" for function "rsvd1"
[    1.044875] tegra30-pinctrl 70000868.pinmux: invalid group "pu0" for function "rsvd1"
[    1.052736] tegra30-pinctrl 70000868.pinmux: invalid group "pu3" for function "rsvd1"
[    1.060635] tegra30-pinctrl 70000868.pinmux: invalid group "pu6" for function "rsvd1"
[    1.068517] tegra30-pinctrl 70000868.pinmux: invalid group "pv3" for function "rsvd1"
[    1.076880] tegra30-pinctrl 70000868.pinmux: invalid group "pbb0" for function "rsvd1"
[    1.084458] tegra30-pinctrl 70000868.pinmux: invalid group "pcc1" for function "rsvd1"
[    1.094053] tegra-pcie 3000.pcie-controller: 2x3 configuration
[    1.098373] tegra-pcie 3000.pcie-controller: Failed to get supply 'hvdd-pex': -517
[    1.110240] tegra-apbdma 6000a000.dma: Tegra20 APB DMA driver register 32 channels
[    1.116494] tegra-pmc 7000e400.pmc: i2c-thermtrip node not found, emergency thermal reset disabled.
[    1.125610] Serial: 8250/16550 driver, 4 ports, IRQ sharing disabled
[    1.133125] console [ttyS0] disabled
[    1.135162] 70006000.serial: ttyS0 at MMIO 0x70006000 (irq = 331, base_baud = 25500000) is a Tegra
[    1.144193] console [ttyS0] enabled
[    1.144193] console [ttyS0] enabled
[    1.150498] bootconsole [earlycon0] disabled
[    1.150498] bootconsole [earlycon0] disabled
[    1.161154] tegra-hdmi 54280000.hdmi: failed to get HDMI regulator
[    1.199615] loop: module loaded
[    1.205627] m25p80 spi32766.1: w25q32 (4096 Kbytes)
[    1.212181] libphy: Fixed MDIO Bus: probed
[    1.216269] CAN device driver interface
[    1.220196] igb: Intel(R) Gigabit Ethernet Network Driver - version 5.4.0-k
[    1.227139] igb: Copyright (c) 2007-2014 Intel Corporation.
[    1.232839] pegasus: v0.9.3 (2013/04/25), Pegasus/Pegasus II USB Ethernet driver
[    1.240328] usbcore: registered new interface driver pegasus
[    1.246033] usbcore: registered new interface driver asix
[    1.251509] usbcore: registered new interface driver ax88179_178a
[    1.257637] usbcore: registered new interface driver cdc_ether
[    1.263548] usbcore: registered new interface driver smsc75xx
[    1.269341] usbcore: registered new interface driver smsc95xx
[    1.275135] usbcore: registered new interface driver net1080
[    1.280868] usbcore: registered new interface driver cdc_subset
[    1.286821] usbcore: registered new interface driver zaurus
[    1.292458] usbcore: registered new interface driver cdc_ncm
[    1.298596] ehci_hcd: USB 2.0 'Enhanced' Host Controller (EHCI) Driver
[    1.305140] ehci-pci: EHCI PCI platform driver
[    1.309631] tegra-ehci: Tegra EHCI driver
[    1.314267] usbcore: registered new interface driver cdc_acm
[    1.319909] cdc_acm: USB Abstract Control Model driver for USB modems and ISDN adapters
[    1.327960] usbcore: registered new interface driver cdc_wdm
[    1.333680] usbcore: registered new interface driver usb-storage
[    1.340971] tegra_rtc 7000e000.rtc: rtc core: registered 7000e000.rtc as rtc1
[    1.348130] tegra_rtc 7000e000.rtc: Tegra internal Real Time Clock
[    1.357084] random: fast init done
[    1.370777] tps65910-rtc tps65910-rtc: rtc core: registered tps65910-rtc as rtc0
[    1.378202] i2c /dev entries driver
[    1.382793] usbcore: registered new interface driver uvcvideo
[    1.388523] USB Video Class driver (1.1.1)
[    1.392619] gspca_main: v2.14.0 registered
[    1.397503] tegra-wdt 60005000.timer: initialized (heartbeat = 120 sec, nowayout = 0)
[    1.405815] sdhci: Secure Digital Host Controller Interface driver
[    1.411993] sdhci: Copyright(c) Pierre Ossman
[    1.416336] sdhci-pltfm: SDHCI platform and OF driver helper
[    1.422237] sdhci-tegra 78000000.sdhci: Got CD GPIO
[    1.427113] sdhci-tegra 78000000.sdhci: Got WP GPIO
[    1.441304] mmc0: Invalid maximum block size, assuming 512 bytes
[    1.510310] mmc0: SDHCI controller on 78000000.sdhci [78000000.sdhci] using ADMA
[    1.533740] mmc1: Invalid maximum block size, assuming 512 bytes
[    1.600193] mmc1: SDHCI controller on 78000600.sdhci [78000600.sdhci] using ADMA
[    1.619650] usbcore: registered new interface driver usbhid
[    1.627248] usbhid: USB HID core driver
[    1.680012] mmc1: new high speed MMC card at address 0001
[    1.685994] mmcblk1: mmc1:0001 SEM16G 14.8 GiB 
[    1.694969] mmcblk1boot0: mmc1:0001 SEM16G partition 1 1.00 MiB
[    1.701329] mmcblk1boot1: mmc1:0001 SEM16G partition 2 1.00 MiB
[    1.717618] mmcblk1rpmb: mmc1:0001 SEM16G partition 3 128 KiB
[    1.728845] mmc0: new ultra high speed DDR50 SDHC card at address aaaa
[    1.735732] Primary GPT is invalid, using alternate GPT.
[    1.741057]  mmcblk1: p1 p2 p3 p4 p5
[    1.745006] mmcblk0: mmc0:aaaa SS04G 3.69 GiB 
[    1.771287]  mmcblk0: p1 p2 p3
[    2.072335] tegra30-i2s 70080400.i2s: DMA channels sourced from device 70080000.ahub
[    2.088099] tegra-snd-rt5640 sound: rt5640-aif1 <-> 70080400.i2s mapping ok
[    2.098293] input: NVIDIA Tegra Beaver Headphones as /devices/soc0/sound/sound/card0/input0
[    2.108349] NET: Registered protocol family 10
[    2.113954] Segment Routing with IPv6
[    2.117726] mip6: Mobile IPv6
[    2.120699] sit: IPv6, IPv4 and MPLS over IPv4 tunneling driver
[    2.127887] NET: Registered protocol family 17
[    2.132372] NET: Registered protocol family 15
[    2.136802] can: controller area network core (rev 20120528 abi 9)
[    2.143053] NET: Registered protocol family 29
[    2.147485] can: raw protocol (rev 20120528)
[    2.151767] can: broadcast manager protocol (rev 20161123 t)
[    2.157415] can: netlink gateway (rev 20130117) max_hops=1
[    2.163028] Bluetooth: RFCOMM socket layer initialized
[    2.168171] Bluetooth: RFCOMM ver 1.11
[    2.171940] Bluetooth: BNEP (Ethernet Emulation) ver 1.3
[    2.177241] Bluetooth: BNEP socket layer initialized
[    2.182202] Bluetooth: HIDP (Human Interface Emulation) ver 1.2
[    2.188110] Bluetooth: HIDP socket layer initialized
[    2.193265] Key type dns_resolver registered
[    2.197955] Registering SWP/SWPB emulation handler
[    2.216012] vdd_ddr: supplied by vdd_5v_in
[    2.220945] vdd_5v_sata: supplied by vdd_5v_in
[    2.225666] usb1_vbus: supplied by vdd_5v_in
[    2.230269] usb3_vbus: supplied by vdd_5v_in
[    2.235731] sys_3v3,vdd_3v3_alw: supplied by vdd_5v_in
[    2.241677] sys_3v3_pexs: supplied by sys_3v3,vdd_3v3_alw
[    2.247272] +VDD_5V_HDMI: supplied by sys_3v3,vdd_3v3_alw
[    2.252973] tegra-pcie 3000.pcie-controller: 2x3 configuration
[    2.262406] tegra-pcie 3000.pcie-controller: probing port 0, using 2 lanes
[    2.327551] tegra-pcie 3000.pcie-controller: probing port 2, using 2 lanes
[    2.738299] tegra-pcie 3000.pcie-controller: link 2 down, retrying
[    3.148295] tegra-pcie 3000.pcie-controller: link 2 down, retrying
[    3.558340] tegra-pcie 3000.pcie-controller: link 2 down, retrying
[    3.566531] tegra-pcie 3000.pcie-controller: link 2 down, ignoring
[    3.572876] tegra-pcie 3000.pcie-controller: PCI host bridge to bus 0000:00
[    3.579825] pci_bus 0000:00: root bus resource [io  0x0000-0xffff]
[    3.586003] pci_bus 0000:00: root bus resource [mem 0x20000000-0x27ffffff]
[    3.592871] pci_bus 0000:00: root bus resource [mem 0x28000000-0x3fffffff pref]
[    3.600173] pci_bus 0000:00: root bus resource [bus 00-ff]
[    3.605678] pci 0000:00:01.0: [10de:0e1c] type 01 class 0x060400
[    3.611704] pci_bus 0000:00: 2-byte config write to 0000:00:01.0 offset 0x88 may corrupt adjacent RW1C bits
[    3.621460] pci_bus 0000:00: 2-byte config write to 0000:00:01.0 offset 0x52 may corrupt adjacent RW1C bits
[    3.631206] pci 0000:00:01.0: PME# supported from D0 D1 D2 D3hot D3cold
[    3.637806] pci_bus 0000:00: 2-byte config write to 0000:00:01.0 offset 0x4c may corrupt adjacent RW1C bits
[    3.647736] pci_bus 0000:00: 2-byte config write to 0000:00:01.0 offset 0x3e may corrupt adjacent RW1C bits
[    3.657468] pci_bus 0000:00: 2-byte config write to 0000:00:01.0 offset 0x4 may corrupt adjacent RW1C bits
[    3.667110] pci_bus 0000:00: 1-byte config write to 0000:00:01.0 offset 0xc may corrupt adjacent RW1C bits
[    3.676749] PCI: bus0: Fast back to back transfers disabled
[    3.682316] pci 0000:00:01.0: bridge configuration invalid ([bus 00-00]), reconfiguring
[    3.690310] pci_bus 0000:00: 2-byte config write to 0000:00:01.0 offset 0x3e may corrupt adjacent RW1C bits
[    3.700029] pci_bus 0000:00: 2-byte config write to 0000:00:01.0 offset 0x3e may corrupt adjacent RW1C bits
[    3.709756] pci_bus 0000:00: 2-byte config write to 0000:00:01.0 offset 0x3e may corrupt adjacent RW1C bits
[    3.719484] pci_bus 0000:00: 2-byte config write to 0000:00:01.0 offset 0x6 may corrupt adjacent RW1C bits
[    3.729287] pci 0000:01:00.0: [10ec:8168] type 00 class 0x020000
[    3.735307] pci 0000:01:00.0: reg 0x10: [io  0x0000-0x00ff]
[    3.740890] pci 0000:01:00.0: reg 0x18: [mem 0x00000000-0x00000fff 64bit pref]
[    3.748103] pci 0000:01:00.0: reg 0x20: [mem 0x00000000-0x00003fff 64bit pref]
[    3.755394] pci 0000:01:00.0: supports D1 D2
[    3.759651] pci 0000:01:00.0: PME# supported from D0 D1 D2 D3hot D3cold
[    3.790185] PCI: bus1: Fast back to back transfers disabled
[    3.795747] pci_bus 0000:01: busn_res: [bus 01-ff] end is updated to 01
[    3.802421] pci 0000:00:01.0: BAR 9: assigned [mem 0x28000000-0x280fffff 64bit pref]
[    3.810160] pci 0000:00:01.0: BAR 7: assigned [io  0x1000-0x1fff]
[    3.816245] pci 0000:01:00.0: BAR 4: assigned [mem 0x28000000-0x28003fff 64bit pref]
[    3.823992] pci 0000:01:00.0: BAR 2: assigned [mem 0x28004000-0x28004fff 64bit pref]
[    3.831736] pci 0000:01:00.0: BAR 0: assigned [io  0x1000-0x10ff]
[    3.837818] pci 0000:00:01.0: PCI bridge to [bus 01]
[    3.842778] pci 0000:00:01.0:   bridge window [io  0x1000-0x1fff]
[    3.848857] pci 0000:00:01.0:   bridge window [mem 0x28000000-0x280fffff 64bit pref]
[    3.856608] pci 0000:00:01.0: nv_msi_ht_cap_quirk didn't locate host bridge
[    3.863629] pcieport 0000:00:01.0: enabling device (0140 -> 0143)
[    3.869996] pcieport 0000:00:01.0: Signaling PME with IRQ 374
[    3.875965] r8169 Gigabit Ethernet driver 2.3LK-NAPI loaded
[    3.881585] r8169 0000:01:00.0: enabling device (0140 -> 0143)
[    3.888636] r8169 0000:01:00.0 eth0: RTL8168evl/8111evl at 0xf0a10000, 02:04:4b:01:60:a6, XID 0c900800 IRQ 375
[    3.898643] r8169 0000:01:00.0 eth0: jumbo features [frames: 9200 bytes, tx checksumming: ko]
[    3.909986] [drm] Supports vblank timestamp caching Rev 2 (21.10.2013).
[    3.916624] [drm] No driver support for vblank timestamp query.
[    3.922592] [drm] Cannot find any crtc or sizes - going 1024x768
[    3.948742] Console: switching to colour frame buffer device 128x48
[    3.961133] drm drm: fb0:  frame buffer device
[    3.965631] [drm] Initialized tegra 0.0.0 20120330 for drm on minor 0
[    3.975544] utmi_phy_clk_enable: timeout waiting for phy to stabilize
[    3.982023] tegra-ehci 7d004000.usb: EHCI Host Controller
[    3.987434] tegra-ehci 7d004000.usb: new USB bus registered, assigned bus number 1
[    3.995350] tegra-ehci 7d004000.usb: irq 343, io mem 0x7d004000
[    4.030174] tegra-ehci 7d004000.usb: USB 2.0 started, EHCI 1.00
[    4.037396] hub 1-0:1.0: USB hub found
[    4.041192] hub 1-0:1.0: 1 port detected
[    4.045686] tegra-ehci 7d008000.usb: EHCI Host Controller
[    4.051102] tegra-ehci 7d008000.usb: new USB bus registered, assigned bus number 2
[    4.058916] tegra-ehci 7d008000.usb: irq 344, io mem 0x7d008000
[    4.090167] tegra-ehci 7d008000.usb: USB 2.0 started, EHCI 1.00
[    4.097240] hub 2-0:1.0: USB hub found
[    4.101029] hub 2-0:1.0: 1 port detected
[    4.109016] tps65910-rtc tps65910-rtc: setting system clock to 2000-01-01 00:00:02 UTC (946684802)
[    4.118545] vdd_sata,avdd_plle: disabling
[    4.122959] usb1_vbus: disabling
[    4.126178] ALSA device list:
[    4.129134]   #0: NVIDIA Tegra Beaver
[    4.134662] EXT4-fs (mmcblk1p1): mounting ext3 file system using the ext4 subsystem
[    4.150342] EXT4-fs (mmcblk1p1): warning: mounting fs with errors, running e2fsck is recommended
[    4.160954] EXT4-fs (mmcblk1p1): recovery complete
[    4.165740] EXT4-fs (mmcblk1p1): mounted filesystem with ordered data mode. Opts: (null)
[    4.173889] VFS: Mounted root (ext3 filesystem) on device 179:1.
[    4.191023] devtmpfs: mounted
[    4.195476] Freeing unused kernel memory: 1024K
bash: cannot set terminal process group (-1): Inappropriate ioctl for device
bash: no job control in this shell
root@(none):/# [    4.460179] usb 2-1: new high-speed USB device number 2 using tegra-ehci
[    5.120936] asix 2-1:1.0 eth1: register 'asix' at usb-7d008000.usb-1, ASIX AX88772 USB 2.0 Ethernet, 00:50:b6:0f:67:60
mount -t sysfs none /sys
root@(none):/# 
root@(none):/# mount -t debugfs none /sys/kernel/debug
root@(none):/# 
root@(none):/# rtcwake -d rtc1 -m mem -s 3
rtcwake: wakeup from "mem" using /dev/rtc1 at Thu Jan  1 00:00:21 1970
[    7.348193] PM: Syncing filesystems ... done.
[    7.360450] Freezing user space processes ... (elapsed 0.001 seconds) done.
[    7.368538] Freezing remaining freezable tasks ... (elapsed 0.001 seconds) done.
[    7.377095] Suspending console(s) (use no_console_suspend to debug)
[    7.453324] PM: suspend of devices complete after 69.586 msecs
[    7.454308] PM: late suspend of devices complete after 0.977 msecs
[    7.480518] PM: noirq suspend of devices complete after 26.201 msecs
[    7.480522] Disabling non-boot CPUs ...
[    7.530542] IRQ17 no longer affine to CPU1
[    7.772417] Entering suspend state LP1
[    7.772417] Suspended for 2.943 seconds
[    7.772444] Enabling non-boot CPUs ...
[    7.803166] CPU1 is up
[    7.843414] CPU2 is up
[    7.883830] CPU3 is up
[    7.884299] pcieport 0000:00:01.0: nv_msi_ht_cap_quirk didn't locate host bridge
[    7.910224] PM: noirq resume of devices complete after 26.384 msecs
[    7.911792] PM: early resume of devices complete after 0.942 msecs
[    8.468082] PM: resume of devices complete after 556.278 msecs
[    8.538758] Restarting tasks ... done.
root@(none):/# 
root@(none):/# rtcwake -d rtc1 -m mem -s 3
rtcwake: wakeup from "mem" using /dev/rtc1 at Thu Jan  1 00:00:26 1970
[    9.484516] PM: Syncing filesystems ... done.
[    9.495431] Freezing user space processes ... (elapsed 0.001 seconds) done.
[    9.503514] Freezing remaining freezable tasks ... (elapsed 0.001 seconds) done.
[    9.512077] Suspending console(s) (use no_console_suspend to debug)
[    9.550696] pci_generic_config_write32: 63 callbacks suppressed
[    9.550708] pci_bus 0000:00: 2-byte config write to 0000:00:01.0 offset 0x9c may corrupt adjacent RW1C bits
[    9.592509] PM: suspend of devices complete after 73.828 msecs
[    9.593157] PM: late suspend of devices complete after 0.641 msecs
[    9.593669] pci_bus 0000:01: 2-byte config write to 0000:01:00.0 offset 0x44 may corrupt adjacent RW1C bits
[    9.593683] pci_bus 0000:01: 2-byte config write to 0000:01:00.0 offset 0x44 may corrupt adjacent RW1C bits
[    9.630499] PM: noirq suspend of devices complete after 37.336 msecs
[    9.630503] Disabling non-boot CPUs ...
[    9.770562] IRQ17 no longer affine to CPU2
[    9.932281] Entering suspend state LP1
[    9.932281] Suspended for 2.840 seconds
[    9.932319] Enabling non-boot CPUs ...
[    9.963536] CPU1 is up
[   10.003869] CPU2 is up
[   10.044308] CPU3 is up
[   10.044833] pci_bus 0000:00: 2-byte config write to 0000:00:01.0 offset 0x4c may corrupt adjacent RW1C bits
[   10.044851] pci_bus 0000:00: 2-byte config write to 0000:00:01.0 offset 0x88 may corrupt adjacent RW1C bits
[   10.044856] pci_bus 0000:00: 2-byte config write to 0000:00:01.0 offset 0x90 may corrupt adjacent RW1C bits
[   10.044863] pci_bus 0000:00: 2-byte config write to 0000:00:01.0 offset 0x98 may corrupt adjacent RW1C bits
[   10.044867] pci_bus 0000:00: 2-byte config write to 0000:00:01.0 offset 0x9c may corrupt adjacent RW1C bits
[   10.044892] pci_bus 0000:00: 2-byte config write to 0000:00:01.0 offset 0x52 may corrupt adjacent RW1C bits
[   10.044900] pci_bus 0000:00: 2-byte config write to 0000:00:01.0 offset 0x52 may corrupt adjacent RW1C bits
[   10.044930] pcieport 0000:00:01.0: nv_msi_ht_cap_quirk didn't locate host bridge
[   10.070192] PM: noirq resume of devices complete after 25.873 msecs
[   10.071654] PM: early resume of devices complete after 0.737 msecs
[   10.635383] PM: resume of devices complete after 563.716 msecs
[   10.809305] Restarting tasks ... done.
root@(none):/# 
root@(none):/# rtcwake -d rtc1 -m mem -s 3
rtcwake: wakeup from "mem" using /dev/rtc1 at Thu Jan  1 00:00:31 1970
[   11.648194] PM: Syncing filesystems ... done.
[   11.662007] Freezing user space processes ... (elapsed 0.001 seconds) done.
[   11.670126] Freezing remaining freezable tasks ... (elapsed 0.001 seconds) done.
[   11.678720] Suspending console(s) (use no_console_suspend to debug)
[   11.762748] PM: suspend of devices complete after 77.310 msecs
[   11.763523] PM: late suspend of devices complete after 0.767 msecs
[   11.790527] PM: noirq suspend of devices complete after 26.994 msecs
[   11.790530] Disabling non-boot CPUs ...
[   11.840558] IRQ17 no longer affine to CPU1
[   12.083100] Entering suspend state LP1
[   12.083100] Suspended for 2.849 seconds
[   12.083136] Enabling non-boot CPUs ...
[   12.113646] CPU1 is up
[   12.153838] CPU2 is up
[   12.194288] CPU3 is up
[   12.194840] pcieport 0000:00:01.0: nv_msi_ht_cap_quirk didn't locate host bridge
[   12.220162] PM: noirq resume of devices complete after 25.865 msecs
[   12.222410] PM: early resume of devices complete after 1.505 msecs
[   12.777247] PM: resume of devices complete after 554.821 msecs
[   12.848096] Restarting tasks ... done.
root@(none):/# 
root@(none):/# rtcwake -d rtc1 -m mem -s 3
rtcwake: wakeup from "mem" using /dev/rtc1 at Thu Jan  1 00:00:36 1970
[   13.799044] PM: Syncing filesystems ... done.
[   13.813890] Freezing user space processes ... (elapsed 0.001 seconds) done.
[   13.822003] Freezing remaining freezable tasks ... (elapsed 0.001 seconds) done.
[   13.830597] Suspending console(s) (use no_console_suspend to debug)
[   13.913552] PM: suspend of devices complete after 76.249 msecs
[   13.914289] PM: late suspend of devices complete after 0.728 msecs
[   13.940463] PM: noirq suspend of devices complete after 26.165 msecs
[   13.940466] Disabling non-boot CPUs ...
[   14.190408] IRQ17 no longer affine to CPU3
[   14.242911] Entering suspend state LP1
[   14.242911] Suspended for 2.840 seconds
[   14.242947] Enabling non-boot CPUs ...
[   14.273596] CPU1 is up
[   14.313828] CPU2 is up
[   14.354249] CPU3 is up
[   14.354865] pcieport 0000:00:01.0: nv_msi_ht_cap_quirk didn't locate host bridge
[   14.380123] PM: noirq resume of devices complete after 25.860 msecs
[   14.381590] PM: early resume of devices complete after 0.749 msecs
[   14.945384] PM: resume of devices complete after 563.778 msecs
[   15.016227] Restarting tasks ... done.
root@(none):/# 
root@(none):/# rtcwake -d rtc1 -m mem -s 3
rtcwake: wakeup from "mem" using /dev/rtc1 at Thu Jan  1 00:00:41 1970
[   15.951770] PM: Syncing filesystems ... done.
[   15.964542] Freezing user space processes ... (elapsed 0.001 seconds) done.
[   15.972662] Freezing remaining freezable tasks ... (elapsed 0.001 seconds) done.
[   15.981282] Suspending console(s) (use no_console_suspend to debug)
[   16.020770] pci_generic_config_write32: 65 callbacks suppressed
[   16.020783] pci_bus 0000:00: 2-byte config write to 0000:00:01.0 offset 0x9c may corrupt adjacent RW1C bits
[   16.063043] PM: suspend of devices complete after 75.050 msecs
[   16.063811] PM: late suspend of devices complete after 0.760 msecs
[   16.064427] pci_bus 0000:01: 2-byte config write to 0000:01:00.0 offset 0x44 may corrupt adjacent RW1C bits
[   16.064445] pci_bus 0000:01: 2-byte config write to 0000:01:00.0 offset 0x44 may corrupt adjacent RW1C bits
[   16.090484] PM: noirq suspend of devices complete after 26.666 msecs
[   16.090490] Disabling non-boot CPUs ...
[   16.220487] IRQ17 no longer affine to CPU2
[   16.382572] Entering suspend state LP1
[   16.382572] Suspended for 2.860 seconds
[   16.382608] Enabling non-boot CPUs ...
[   16.413607] CPU1 is up
[   16.453831] CPU2 is up
[   16.494214] CPU3 is up
[   16.494736] pci_bus 0000:00: 2-byte config write to 0000:00:01.0 offset 0x4c may corrupt adjacent RW1C bits
[   16.494751] pci_bus 0000:00: 2-byte config write to 0000:00:01.0 offset 0x88 may corrupt adjacent RW1C bits
[   16.494757] pci_bus 0000:00: 2-byte config write to 0000:00:01.0 offset 0x90 may corrupt adjacent RW1C bits
[   16.494762] pci_bus 0000:00: 2-byte config write to 0000:00:01.0 offset 0x98 may corrupt adjacent RW1C bits
[   16.494768] pci_bus 0000:00: 2-byte config write to 0000:00:01.0 offset 0x9c may corrupt adjacent RW1C bits
[   16.494789] pci_bus 0000:00: 2-byte config write to 0000:00:01.0 offset 0x52 may corrupt adjacent RW1C bits
[   16.494797] pci_bus 0000:00: 2-byte config write to 0000:00:01.0 offset 0x52 may corrupt adjacent RW1C bits
[   16.494825] pcieport 0000:00:01.0: nv_msi_ht_cap_quirk didn't locate host bridge
[   16.520085] PM: noirq resume of devices complete after 25.861 msecs
[   16.522020] PM: early resume of devices complete after 1.215 msecs
[   17.078141] PM: resume of devices complete after 556.107 msecs
[   17.252175] Restarting tasks ... done.
root@(none):/# 
root@(none):/# rtcwake -d rtc1 -m mem -s 3
rtcwake: wakeup from "mem" using /dev/rtc1 at Thu Jan  1 00:00:46 1970
[   18.098473] PM: Syncing filesystems ... done.
[   18.113293] Freezing user space processes ... (elapsed 0.001 seconds) done.
[   18.121415] Freezing remaining freezable tasks ... (elapsed 0.001 seconds) done.
[   18.130019] Suspending console(s) (use no_console_suspend to debug)
[   18.214609] PM: suspend of devices complete after 77.877 msecs
[   18.216304] PM: late suspend of devices complete after 1.683 msecs
[   18.240389] PM: noirq suspend of devices complete after 24.076 msecs
[   18.240395] Disabling non-boot CPUs ...
[   18.500325] IRQ17 no longer affine to CPU3
[   18.552544] Entering suspend state LP1
[   18.552544] Suspended for 2.829 seconds
[   18.552576] Enabling non-boot CPUs ...
[   18.583496] CPU1 is up
[   18.623777] CPU2 is up
[   18.664223] CPU3 is up
[   18.664845] pcieport 0000:00:01.0: nv_msi_ht_cap_quirk didn't locate host bridge
[   18.690051] PM: noirq resume of devices complete after 25.818 msecs
[   18.691469] PM: early resume of devices complete after 0.691 msecs
[   19.254059] PM: resume of devices complete after 562.574 msecs
[   19.324877] Restarting tasks ... done.
root@(none):/# 
root@(none):/# rtcwake -d rtc1 -m mem -s 3
rtcwake: wakeup from "mem" using /dev/rtc1 at Thu Jan  1 00:00:51 1970
[   20.351794] PM: Syncing filesystems ... done.
[   20.366603] Freezing user space processes ... (elapsed 0.001 seconds) done.
[   20.374728] Freezing remaining freezable tasks ... (elapsed 0.001 seconds) done.
[   20.383319] Suspending console(s) (use no_console_suspend to debug)
[   20.472973] PM: suspend of devices complete after 82.933 msecs
[   20.473689] PM: late suspend of devices complete after 0.707 msecs
[   20.500371] PM: noirq suspend of devices complete after 26.671 msecs
[   20.500377] Disabling non-boot CPUs ...
[   20.550408] IRQ17 no longer affine to CPU1
[   20.802742] Entering suspend state LP1
[   20.802742] Suspended for 2.749 seconds
[   20.802773] Enabling non-boot CPUs ...
[   20.833536] CPU1 is up
[   20.873785] CPU2 is up
[   20.914226] CPU3 is up
[   20.914815] pcieport 0000:00:01.0: nv_msi_ht_cap_quirk didn't locate host bridge
[   20.940027] PM: noirq resume of devices complete after 25.788 msecs
[   20.941971] PM: early resume of devices complete after 1.205 msecs
[   21.496673] PM: resume of devices complete after 554.684 msecs
[   21.567514] Restarting tasks ... done.
root@(none):/# 
root@(none):/# rtcwake -d rtc1 -m mem -s 3
rtcwake: wakeup from "mem" using /dev/rtc1 at Thu Jan  1 00:00:56 1970
[   22.509461] PM: Syncing filesystems ... done.
[   22.523269] Freezing user space processes ... (elapsed 0.001 seconds) done.
[   22.531390] Freezing remaining freezable tasks ... (elapsed 0.001 seconds) done.
[   22.540004] Suspending console(s) (use no_console_suspend to debug)
[   22.581666] pci_generic_config_write32: 65 callbacks suppressed
[   22.581681] pci_bus 0000:00: 2-byte config write to 0000:00:01.0 offset 0x9c may corrupt adjacent RW1C bits
[   22.623964] PM: suspend of devices complete after 77.258 msecs
[   22.624749] PM: late suspend of devices complete after 0.777 msecs
[   22.625359] pci_bus 0000:01: 2-byte config write to 0000:01:00.0 offset 0x44 may corrupt adjacent RW1C bits
[   22.625375] pci_bus 0000:01: 2-byte config write to 0000:01:00.0 offset 0x44 may corrupt adjacent RW1C bits
[   22.650337] PM: noirq suspend of devices complete after 25.577 msecs
[   22.650341] Disabling non-boot CPUs ...
[   22.730351] IRQ17 no longer affine to CPU1
[   22.962459] Entering suspend state LP1
[   22.962459] Suspended for 2.840 seconds
[   22.962495] Enabling non-boot CPUs ...
[   22.993401] CPU1 is up
[   23.033730] CPU2 is up
[   23.074166] CPU3 is up
[   23.074686] pci_bus 0000:00: 2-byte config write to 0000:00:01.0 offset 0x4c may corrupt adjacent RW1C bits
[   23.074700] pci_bus 0000:00: 2-byte config write to 0000:00:01.0 offset 0x88 may corrupt adjacent RW1C bits
[   23.074705] pci_bus 0000:00: 2-byte config write to 0000:00:01.0 offset 0x90 may corrupt adjacent RW1C bits
[   23.074711] pci_bus 0000:00: 2-byte config write to 0000:00:01.0 offset 0x98 may corrupt adjacent RW1C bits
[   23.074716] pci_bus 0000:00: 2-byte config write to 0000:00:01.0 offset 0x9c may corrupt adjacent RW1C bits
[   23.074738] pci_bus 0000:00: 2-byte config write to 0000:00:01.0 offset 0x52 may corrupt adjacent RW1C bits
[   23.074746] pci_bus 0000:00: 2-byte config write to 0000:00:01.0 offset 0x52 may corrupt adjacent RW1C bits
[   23.074775] pcieport 0000:00:01.0: nv_msi_ht_cap_quirk didn't locate host bridge
[   23.099984] PM: noirq resume of devices complete after 25.808 msecs
[   23.101988] PM: early resume of devices complete after 1.288 msecs
[   23.665466] PM: resume of devices complete after 563.465 msecs
[   23.839401] Restarting tasks ... done.
root@(none):/# 
root@(none):/# rtcwake -d rtc1 -m mem -s 3
rtcwake: wakeup from "mem" using /dev/rtc1 at Thu Jan  1 00:01:01 1970
[   24.678876] PM: Syncing filesystems ... done.
[   24.693703] Freezing user space processes ... (elapsed 0.001 seconds) done.
[   24.701825] Freezing remaining freezable tasks ... (elapsed 0.001 seconds) done.
[   24.710423] Suspending console(s) (use no_console_suspend to debug)
[   24.794417] PM: suspend of devices complete after 77.286 msecs
[   24.798109] PM: late suspend of devices complete after 3.683 msecs
[   24.820305] PM: noirq suspend of devices complete after 22.186 msecs
[   24.820310] Disabling non-boot CPUs ...
[   24.990281] IRQ17 no longer affine to CPU2
[   25.142809] Entering suspend state LP1
[   25.142809] Suspended for 2.819 seconds
[   25.142842] Enabling non-boot CPUs ...
[   25.173552] CPU1 is up
[   25.213680] CPU2 is up
[   25.254091] CPU3 is up
[   25.254669] pcieport 0000:00:01.0: nv_msi_ht_cap_quirk didn't locate host bridge
[   25.279962] PM: noirq resume of devices complete after 25.858 msecs
[   25.281898] PM: early resume of devices complete after 1.218 msecs
[   25.838882] PM: resume of devices complete after 556.968 msecs
[   25.909696] Restarting tasks ... done.
root@(none):/# 
root@(none):/# rtcwake -d rtc1 -m mem -s 3
rtcwake: wakeup from "mem" using /dev/rtc1 at Thu Jan  1 00:01:06 1970
[   26.898481] PM: Syncing filesystems ... done.
[   26.913311] Freezing user space processes ... (elapsed 0.001 seconds) done.
[   26.921438] Freezing remaining freezable tasks ... (elapsed 0.001 seconds) done.
[   26.930028] Suspending console(s) (use no_console_suspend to debug)
[   27.014379] PM: suspend of devices complete after 77.637 msecs
[   27.016067] PM: late suspend of devices complete after 1.680 msecs
[   27.040262] PM: noirq suspend of devices complete after 24.184 msecs
[   27.040267] Disabling non-boot CPUs ...
[   27.190329] IRQ17 no longer affine to CPU2
[   27.352819] Entering suspend state LP1
[   27.352819] Suspended for 2.789 seconds
[   27.352852] Enabling non-boot CPUs ...
[   27.383400] CPU1 is up
[   27.423667] CPU2 is up
[   27.464114] CPU3 is up
[   27.464711] pcieport 0000:00:01.0: nv_msi_ht_cap_quirk didn't locate host bridge
[   27.489910] PM: noirq resume of devices complete after 25.786 msecs
[   27.492064] PM: early resume of devices complete after 1.436 msecs
[   28.055345] PM: resume of devices complete after 563.262 msecs
[   28.126226] Restarting tasks ... done.
root@(none):/# 
root@(none):/# NVTB SYSTEM SUSPEND TEST COMPLETE
