[    0.000000] Booting Linux on physical CPU 0x0
[    0.000000] Linux version 4.10.0-rc6-next-20170206-175851-gce05054 (pwalmsley@tamien) (gcc version 4.9.2 20140904 (prerelease) (crosstool-NG linaro-1.13.1-4.9-2014.09 - Linaro GCC 4.9-2014.09) ) #1 SMP PREEMPT Sun Feb 5 23:59:44 PST 2017
[    0.000000] Boot CPU: AArch64 Processor [411fd070]
[    0.000000] Memory limited to 1024MB
[    0.000000] efi: Getting EFI parameters from FDT:
[    0.000000] efi: UEFI not found.
[    0.000000] cma: Reserved 16 MiB at 0x000000007f000000
[    0.000000] NUMA: No NUMA configuration found
[    0.000000] NUMA: Faking a node at [mem 0x0000000000000000-0x000000007fffffff]
[    0.000000] NUMA: Adding memblock [0x40000000 - 0x7fffffff] on node 0
[    0.000000] NUMA: Initmem setup node 0 [mem 0x40000000-0x7fffffff]
[    0.000000] NUMA: NODE_DATA [mem 0x7efeae80-0x7efec97f]
[    0.000000] Zone ranges:
[    0.000000]   DMA      [mem 0x0000000040000000-0x000000007fffffff]
[    0.000000]   Normal   empty
[    0.000000] Movable zone start for each node
[    0.000000] Early memory node ranges
[    0.000000]   node   0: [mem 0x0000000040000000-0x000000007fffffff]
[    0.000000] Initmem setup node 0 [mem 0x0000000040000000-0x000000007fffffff]
[    0.000000] psci: probing for conduit method from DT.
[    0.000000] psci: PSCIv0.2 detected in firmware.
[    0.000000] psci: Using standard PSCI v0.2 function IDs
[    0.000000] psci: Trusted OS migration not required
[    0.000000] percpu: Embedded 23 pages/cpu @ffff80003efd0000 s56832 r8192 d29184 u94208
[    0.000000] Detected PIPT I-cache on CPU0
[    0.000000] CPU features: enabling workaround for ARM erratum 832075
[    0.000000] CPU features: enabling workaround for ARM erratum 834220
[    0.000000] Built 1 zonelists in Node order, mobility grouping on.  Total pages: 258048
[    0.000000] Policy zone: DMA
[    0.000000] Kernel command line: root=/dev/vda2 rw rootwait mem=1024M console=ttyAMA0,38400n8 init=/bin/bash
[    0.000000] PID hash table entries: 4096 (order: 3, 32768 bytes)
[    0.000000] Memory: 1000120K/1048576K available (8700K kernel code, 970K rwdata, 4192K rodata, 1088K init, 395K bss, 32072K reserved, 16384K cma-reserved)
[    0.000000] Virtual kernel memory layout:
[    0.000000]     modules : 0xffff000000000000 - 0xffff000008000000   (   128 MB)
[    0.000000]     vmalloc : 0xffff000008000000 - 0xffff7dffbfff0000   (129022 GB)
[    0.000000]       .text : 0xffff000008080000 - 0xffff000008900000   (  8704 KB)
[    0.000000]     .rodata : 0xffff000008900000 - 0xffff000008d20000   (  4224 KB)
[    0.000000]       .init : 0xffff000008d20000 - 0xffff000008e30000   (  1088 KB)
[    0.000000]       .data : 0xffff000008e30000 - 0xffff000008f22a00   (   971 KB)
[    0.000000]        .bss : 0xffff000008f22a00 - 0xffff000008f85938   (   396 KB)
[    0.000000]     fixed   : 0xffff7dfffe7fd000 - 0xffff7dfffec00000   (  4108 KB)
[    0.000000]     PCI I/O : 0xffff7dfffee00000 - 0xffff7dffffe00000   (    16 MB)
[    0.000000]     vmemmap : 0xffff7e0000000000 - 0xffff800000000000   (  2048 GB maximum)
[    0.000000]               0xffff7e0000000000 - 0xffff7e0001000000   (    16 MB actual)
[    0.000000]     memory  : 0xffff800000000000 - 0xffff800040000000   (  1024 MB)
[    0.000000] SLUB: HWalign=64, Order=0-3, MinObjects=0, CPUs=1, Nodes=1
[    0.000000] Preemptible hierarchical RCU implementation.
[    0.000000] 	RCU restricting CPUs from NR_CPUS=64 to nr_cpu_ids=1.
[    0.000000] RCU: Adjusting geometry for rcu_fanout_leaf=16, nr_cpu_ids=1
[    0.000000] NR_IRQS:64 nr_irqs:64 0
[    0.000000] GICv2m: range[mem 0x08020000-0x08020fff], SPI[80:143]
[    0.000000] arm_arch_timer: WARNING: Invalid trigger for IRQ3, assuming level low
[    0.000000] arm_arch_timer: WARNING: Please fix your firmware
[    0.000000] arm_arch_timer: Architected cp15 timer(s) running at 62.50MHz (virt).
[    0.000000] clocksource: arch_sys_counter: mask: 0xffffffffffffff max_cycles: 0x1cd42e208c, max_idle_ns: 881590405314 ns
[    0.000170] sched_clock: 56 bits at 62MHz, resolution 16ns, wraps every 4398046511096ns
[    0.007378] Console: colour dummy device 80x25
[    0.008756] Calibrating delay loop (skipped), value calculated using timer frequency.. 125.00 BogoMIPS (lpj=250000)
[    0.009125] pid_max: default: 32768 minimum: 301
[    0.010419] Security Framework initialized
[    0.012174] Dentry cache hash table entries: 131072 (order: 8, 1048576 bytes)
[    0.014942] Inode-cache hash table entries: 65536 (order: 7, 524288 bytes)
[    0.021226] Mount-cache hash table entries: 2048 (order: 2, 16384 bytes)
[    0.021312] Mountpoint-cache hash table entries: 2048 (order: 2, 16384 bytes)
[    0.060483] ASID allocator initialised with 65536 entries
[    0.084140] EFI services will not be available.
[    0.093822] smp: Bringing up secondary CPUs ...
[    0.093952] smp: Brought up 1 node, 1 CPU
[    0.093998] SMP: Total of 1 processors activated.
[    0.094111] CPU features: detected feature: 32-bit EL0 Support
[    0.094637] CPU: All CPU(s) started at EL1
[    0.095524] alternatives: patching kernel code
[    0.117849] devtmpfs: initialized
[    0.133714] DMI not present or invalid.
[    0.135780] clocksource: jiffies: mask: 0xffffffff max_cycles: 0xffffffff, max_idle_ns: 7645041785100000 ns
[    0.139217] pinctrl core: initialized pinctrl subsystem
[    0.182310] NET: Registered protocol family 16
[    0.209036] cpuidle: using governor menu
[    0.210733] vdso: 2 pages (1 code @ ffff000008907000, 1 data @ ffff000008e35000)
[    0.211010] hw-breakpoint: found 6 breakpoint and 4 watchpoint registers.
[    0.218685] DMA: preallocated 256 KiB pool for atomic allocations
[    0.223874] Serial: AMBA PL011 UART driver
[    0.294632] 9000000.pl011: ttyAMA0 at MMIO 0x9000000 (irq = 39, base_baud = 0) is a PL011 rev1
[    0.322304] console [ttyAMA0] enabled
[    0.329335] irq: type mismatch, failed to map hwirq-27 for /intc!
[    0.501580] HugeTLB registered 2 MB page size, pre-allocated 0 pages
[    0.521702] ACPI: Interpreter disabled.
[    0.535638] vgaarb: loaded
[    0.539862] SCSI subsystem initialized
[    0.551777] usbcore: registered new interface driver usbfs
[    0.554464] usbcore: registered new interface driver hub
[    0.555410] usbcore: registered new device driver usb
[    0.562932] pps_core: LinuxPPS API ver. 1 registered
[    0.563257] pps_core: Software ver. 5.3.6 - Copyright 2005-2007 Rodolfo Giometti <giometti@linux.it>
[    0.564332] PTP clock support registered
[    0.567540] dmi: Firmware registration failed.
[    0.569410] Advanced Linux Sound Architecture Driver Initialized.
[    0.584728] clocksource: Switched to clocksource arch_sys_counter
[    0.585971] VFS: Disk quotas dquot_6.6.0
[    0.586469] VFS: Dquot-cache hash table entries: 512 (order 0, 4096 bytes)
[    0.591804] pnp: PnP ACPI: disabled
[    0.678765] NET: Registered protocol family 2
[    0.688183] TCP established hash table entries: 8192 (order: 4, 65536 bytes)
[    0.689449] TCP bind hash table entries: 8192 (order: 5, 131072 bytes)
[    0.690437] TCP: Hash tables configured (established 8192 bind 8192)
[    0.692195] UDP hash table entries: 512 (order: 2, 16384 bytes)
[    0.693139] UDP-Lite hash table entries: 512 (order: 2, 16384 bytes)
[    0.695180] NET: Registered protocol family 1
[    0.707556] RPC: Registered named UNIX socket transport module.
[    0.707934] RPC: Registered udp transport module.
[    0.708189] RPC: Registered tcp transport module.
[    0.708435] RPC: Registered tcp NFSv4.1 backchannel transport module.
[    0.716570] kvm [1]: HYP mode not available
[    0.738340] futex hash table entries: 256 (order: 3, 32768 bytes)
[    0.739428] audit: initializing netlink subsys (disabled)
[    0.742682] audit: type=2000 audit(0.708:1): state=initialized audit_enabled=0 res=1
[    0.751863] workingset: timestamp_bits=44 max_order=18 bucket_order=0
[    0.838391] squashfs: version 4.0 (2009/01/31) Phillip Lougher
[    0.849719] NFS: Registering the id_resolver key type
[    0.850766] Key type id_resolver registered
[    0.851029] Key type id_legacy registered
[    0.851363] nfs4filelayout_init: NFSv4 File Layout Driver Registering...
[    0.854182] 9p: Installing v9fs 9p2000 file system support
[    0.874071] Block layer SCSI generic (bsg) driver version 0.4 loaded (major 247)
[    0.874603] io scheduler noop registered
[    0.875819] io scheduler cfq registered (default)
[    0.876100] io scheduler mq-deadline registered
[    0.916476] pl061_gpio 9030000.pl061: PL061 GPIO chip @0x0000000009030000 registered
[    0.930283] OF: PCI: host bridge /pcie@10000000 ranges:
[    0.931016] OF: PCI:    IO 0x3eff0000..0x3effffff -> 0x00000000
[    0.931651] OF: PCI:   MEM 0x10000000..0x3efeffff -> 0x10000000
[    0.931994] OF: PCI:   MEM 0x8000000000..0xffffffffff -> 0x8000000000
[    0.933456] pci-host-generic 3f000000.pcie: ECAM at [mem 0x3f000000-0x3fffffff] for [bus 00-0f]
[    0.935388] pci-host-generic 3f000000.pcie: PCI host bridge to bus 0000:00
[    0.935946] pci_bus 0000:00: root bus resource [bus 00-0f]
[    0.936342] pci_bus 0000:00: root bus resource [io  0x0000-0xffff]
[    0.937141] pci_bus 0000:00: root bus resource [mem 0x10000000-0x3efeffff]
[    0.937494] pci_bus 0000:00: root bus resource [mem 0x8000000000-0xffffffffff]
[    1.006295] xenfs: not registering filesystem on non-xen platform
[    1.051724] Serial: 8250/16550 driver, 4 ports, IRQ sharing enabled
[    1.068467] SuperH (H)SCI(F) driver initialized
[    1.073077] msm_serial: driver initialized
[    1.078112] cacheinfo: Unable to detect cache hierarchy for CPU 0
[    1.139721] loop: module loaded
[    1.177155]  vda: vda1 vda2
[    1.194614] hisi_sas: driver version v1.6
[    1.227950] libphy: Fixed MDIO Bus: probed
[    1.234845] tun: Universal TUN/TAP device driver, 1.6
[    1.235126] tun: (C) 1999-2004 Max Krasnyansky <maxk@qualcomm.com>
[    1.256084] e1000e: Intel(R) PRO/1000 Network Driver - 3.2.6-k
[    1.256451] e1000e: Copyright(c) 1999 - 2015 Intel Corporation.
[    1.258708] igb: Intel(R) Gigabit Ethernet Network Driver - version 5.4.0-k
[    1.259074] igb: Copyright (c) 2007-2014 Intel Corporation.
[    1.259841] igbvf: Intel(R) Gigabit Virtual Function Network Driver - version 2.4.0-k
[    1.260236] igbvf: Copyright (c) 2009 - 2012 Intel Corporation.
[    1.261551] sky2: driver version 1.30
[    1.267354] VFIO - User Level meta-driver version: 0.3
[    1.287504] ehci_hcd: USB 2.0 'Enhanced' Host Controller (EHCI) Driver
[    1.287903] ehci-pci: EHCI PCI platform driver
[    1.289615] ehci-platform: EHCI generic platform driver
[    1.291309] ehci-exynos: EHCI EXYNOS driver
[    1.293261] ehci-msm: Qualcomm On-Chip EHCI Host Controller
[    1.294362] ohci_hcd: USB 1.1 'Open' Host Controller (OHCI) Driver
[    1.294800] ohci-pci: OHCI PCI platform driver
[    1.295902] ohci-platform: OHCI generic platform driver
[    1.298231] ohci-exynos: OHCI EXYNOS driver
[    1.303539] usbcore: registered new interface driver usb-storage
[    1.326960] rtc-pl031 9010000.pl031: rtc core: registered pl031 as rtc0
[    1.334373] i2c /dev entries driver
[    1.366564] sdhci: Secure Digital Host Controller Interface driver
[    1.366907] sdhci: Copyright(c) Pierre Ossman
[    1.371233] Synopsys Designware Multimedia Card Interface Driver
[    1.379035] sdhci-pltfm: SDHCI platform and OF driver helper
[    1.388263] ledtrig-cpu: registered to indicate activity on CPUs
[    1.403936] usbcore: registered new interface driver usbhid
[    1.404260] usbhid: USB HID core driver
[    1.426403] NET: Registered protocol family 17
[    1.428000] 9pnet: Installing 9P2000 support
[    1.429869] Key type dns_resolver registered
[    1.434711] registered taskstats version 1
[    1.445497] input: gpio-keys as /devices/platform/gpio-keys/input/input0
[    1.450521] rtc-pl031 9010000.pl031: setting system clock to 2017-02-06 08:00:25 UTC (1486368025)
[    1.451967] ALSA device list:
[    1.452179]   No soundcards found.
[    1.456510] uart-pl011 9000000.pl011: no DMA platform data
[    1.464115] EXT4-fs (vda2): couldn't mount as ext3 due to feature incompatibilities
[    2.230694] EXT4-fs (vda2): recovery complete
[    2.231572] EXT4-fs (vda2): mounted filesystem with ordered data mode. Opts: (null)
[    2.232245] VFS: Mounted root (ext4 filesystem) on device 254:2.
[    2.235808] devtmpfs: mounted
[    2.282180] Freeing unused kernel memory: 1088K
bash: cannot set terminal process group (-1): Inappropriate ioctl for device
bash: no job control in this shell
bash-4.3# 