
U-Boot SPL 2015.04-rc3-00209-ga74ef40 (Mar 16 2015 - 14:43:39)


U-Boot 2015.04-rc3-00209-ga74ef40 (Mar 16 2015 - 14:43:39)

TEGRA20
Model: Compulab TrimSlice board
DRAM:  1 GiB
MMC:   Tegra SD/MMC: 0, Tegra SD/MMC: 1
SF: Detected W25Q80BL with page size 256 Bytes, erase size 4 KiB, total 1 MiB
tegra-pcie: PCI regions:
tegra-pcie:   I/O: 0x82000000-0x82010000
tegra-pcie:   non-prefetchable memory: 0xa0000000-0xa8000000
tegra-pcie:   prefetchable memory: 0xa8000000-0xc0000000
tegra-pcie: dual-mode configuration
tegra-pcie: probing port 0, using 2 lanes
In:    serial
Out:   serial
Err:   serial
Net:   RTL8169#0
Hit any key to stop autoboot:  2  0 
Tegra20 (TrimSlice) # 
Tegra20 (TrimSlice) # usb reset
resetting USB...
USB0:   USB EHCI 1.00
scanning bus 0 for devices... 3 USB Device(s) found
USB1:   USB EHCI 1.00
scanning bus 1 for devices... 1 USB Device(s) found
USB2:   lowlevel init failed
       scanning usb for storage devices... 0 Storage Device(s) found
       scanning usb for ethernet devices... 
Warning: asx0 using MAC address from net device
1 Ethernet Device(s) found
Tegra20 (TrimSlice) # setenv bootargs 'ignore_loglevel console=ttyS0,115200n8 rw root=PARTUUID=11eb23c1-01 rootwait gpt debug noinitrd earlyprintk init=/bin/bash'
Tegra20 (TrimSlice) # setenv ipaddr 192.168.100.103; setenv serverip 192.168.100.1; setenv tftpserverip 192.168.100.1
Tegra20 (TrimSlice) # tftpboot 0x00408000 zImage.multi_v7_defconfig
Using RTL8169#0 device
TFTP from server 192.168.100.1; our IP address is 192.168.100.103
Filename 'zImage.multi_v7_defconfig'.
Load address: 0x408000
Loading: *#################################################################
	 #################################################################
	 #################################################################
	 #################################################################
	 #################################################################
	 #################################################################
	 #################################################################
	 #################################################
	 4 MiB/s
done
Bytes transferred = 7391920 (70cab0 hex)
Tegra20 (TrimSlice) # tftpboot 0x02408000 tegra20-trimslice.dtb
Using RTL8169#0 device
TFTP from server 192.168.100.1; our IP address is 192.168.100.103
Filename 'tegra20-trimslice.dtb'.
Load address: 0x2408000
Loading: *##
	 3.4 MiB/s
done
Bytes transferred = 21404 (539c hex)
Tegra20 (TrimSlice) # bootz 0x00408000 - 0x02408000
Kernel image @ 0x408000 [ 0x000000 - 0x70cab0 ]
## Flattened Device Tree blob at 02408000
   Booting using the fdt blob at 0x2408000
   Using Device Tree in place at 02408000, end 0241039b

Starting kernel ...

[    0.000000] Booting Linux on physical CPU 0x0
[    0.000000] Linux version 4.9.0-rc8-next-20161209-140440-g4a71e43 (pwalmsley@sellafield) (gcc version 4.7.3 20130328 (prerelease) (crosstool-NG linaro-1.13.1-4.7-2013.04-20130415 - Linaro GCC 2013.04) ) #1 SMP Mon Dec 12 05:14:31 PST 2016
[    0.000000] CPU: ARMv7 Processor [411fc090] revision 0 (ARMv7), cr=10c5387d
[    0.000000] CPU: PIPT / VIPT nonaliasing data cache, VIPT aliasing instruction cache
[    0.000000] OF: fdt:Machine model: Compulab TrimSlice board
[    0.000000] debug: ignoring loglevel setting.
[    0.000000] efi: Getting EFI parameters from FDT:
[    0.000000] efi: UEFI not found.
[    0.000000] cma: Reserved 64 MiB at 0x3c000000
[    0.000000] Memory policy: Data cache writealloc
[    0.000000] On node 0 totalpages: 262144
[    0.000000] free_area_init_node: node 0, pgdat c142a540, node_mem_map ef7f8000
[    0.000000]   DMA zone: 1536 pages used for memmap
[    0.000000]   DMA zone: 0 pages reserved
[    0.000000]   DMA zone: 196608 pages, LIFO batch:31
[    0.000000]   HighMem zone: 65536 pages, LIFO batch:15
[    0.000000] percpu: Embedded 14 pages/cpu @ef7ca000 s26048 r8192 d23104 u57344
[    0.000000] pcpu-alloc: s26048 r8192 d23104 u57344 alloc=14*4096
[    0.000000] pcpu-alloc: [0] 0 [0] 1 
[    0.000000] Built 1 zonelists in Zone order, mobility grouping on.  Total pages: 260608
[    0.000000] Kernel command line: ignore_loglevel console=ttyS0,115200n8 rw root=PARTUUID=11eb23c1-01 rootwait gpt debug noinitrd earlyprintk init=/bin/bash
[    0.000000] PID hash table entries: 4096 (order: 2, 16384 bytes)
[    0.000000] Dentry cache hash table entries: 131072 (order: 7, 524288 bytes)
[    0.000000] Inode-cache hash table entries: 65536 (order: 6, 262144 bytes)
[    0.000000] Memory: 955720K/1048576K available (9216K kernel code, 1200K rwdata, 4132K rodata, 2048K init, 503K bss, 27320K reserved, 65536K cma-reserved, 196608K highmem)
[    0.000000] Virtual kernel memory layout:
[    0.000000]     vector  : 0xffff0000 - 0xffff1000   (   4 kB)
[    0.000000]     fixmap  : 0xffc00000 - 0xfff00000   (3072 kB)
[    0.000000]     vmalloc : 0xf0800000 - 0xff800000   ( 240 MB)
[    0.000000]     lowmem  : 0xc0000000 - 0xf0000000   ( 768 MB)
[    0.000000]     pkmap   : 0xbfe00000 - 0xc0000000   (   2 MB)
[    0.000000]     modules : 0xbf000000 - 0xbfe00000   (  14 MB)
[    0.000000]       .text : 0xc0208000 - 0xc0c00000   (10208 kB)
[    0.000000]       .init : 0xc1100000 - 0xc1300000   (2048 kB)
[    0.000000]       .data : 0xc1300000 - 0xc142c040   (1201 kB)
[    0.000000]        .bss : 0xc142e000 - 0xc14abc70   ( 504 kB)
[    0.000000] SLUB: HWalign=64, Order=0-3, MinObjects=0, CPUs=2, Nodes=1
[    0.000000] Hierarchical RCU implementation.
[    0.000000] 	Build-time adjustment of leaf fanout to 32.
[    0.000000] 	RCU restricting CPUs from NR_CPUS=16 to nr_cpu_ids=2.
[    0.000000] RCU: Adjusting geometry for rcu_fanout_leaf=32, nr_cpu_ids=2
[    0.000000] NR_IRQS:16 nr_irqs:16 16
[    0.000000] /interrupt-controller@60004000: 128 interrupts forwarded to /interrupt-controller@50041000
[    0.000000] L2C: platform modifies aux control register: 0x02080000 -> 0x3e480001
[    0.000000] L2C: DT/platform modifies aux control register: 0x02080000 -> 0x3e480001
[    0.000000] L2C-310 errata 727915 769419 enabled
[    0.000000] L2C-310 enabling early BRESP for Cortex-A9
[    0.000000] L2C-310: enabling full line of zeros but not enabled in Cortex-A9
[    0.000000] L2C-310 ID prefetch enabled, offset 1 lines
[    0.000000] L2C-310 cache controller enabled, 8 ways, 1024 kB
[    0.000000] L2C-310: CACHE_ID 0x410000c4, AUX_CTRL 0x7e480001
[    0.000010] sched_clock: 32 bits at 1000kHz, resolution 1000ns, wraps every 2147483647500ns
[    0.000026] clocksource: timer_us: mask: 0xffffffff max_cycles: 0xffffffff, max_idle_ns: 1911260446275 ns
[    0.000037] Switching to timer-based delay loop, resolution 1000ns
[    0.001615] Console: colour dummy device 80x30
[    0.001639] Calibrating delay loop (skipped), value calculated using timer frequency.. 2.00 BogoMIPS (lpj=10000)
[    0.001650] pid_max: default: 32768 minimum: 301
[    0.001734] Mount-cache hash table entries: 2048 (order: 1, 8192 bytes)
[    0.001743] Mountpoint-cache hash table entries: 2048 (order: 1, 8192 bytes)
[    0.002173] CPU: Testing write buffer coherency: ok
[    0.002376] CPU0: thread -1, cpu 0, socket 0, mpidr 80000000
[    0.002530] Setting up static identity map for 0x300000 - 0x300098
[    0.003905] Tegra Revision: A03 prime SKU: 8 CPU Process: 1 SoC Process: 2
[    0.004278] EFI services will not be available.
[    0.004432] smp: Bringing up secondary CPUs ...
[    0.004958] CPU1: thread -1, cpu 1, socket 0, mpidr 80000001
[    0.005016] smp: Brought up 1 node, 2 CPUs
[    0.005027] SMP: Total of 2 processors activated (4.00 BogoMIPS).
[    0.005033] CPU: All CPU(s) started in SVC mode.
[    0.005669] devtmpfs: initialized
[    0.009605] VFP support v0.3: implementor 41 architecture 3 part 30 variant 9 rev 1
[    0.009823] clocksource: jiffies: mask: 0xffffffff max_cycles: 0xffffffff, max_idle_ns: 19112604462750000 ns
[    0.012748] pinctrl core: initialized pinctrl subsystem
[    0.013913] NET: Registered protocol family 16
[    0.015796] DMA: preallocated 256 KiB pool for atomic coherent allocations
[    0.017287] cpuidle: using governor menu
[    0.035394] No ATAGs?
[    0.035463] hw-breakpoint: found 5 (+1 reserved) breakpoint and 1 watchpoint registers.
[    0.035470] hw-breakpoint: maximum watchpoint size is 4 bytes.
[    0.040662] Serial: AMBA PL011 UART driver
[    0.052359] usb1_vbus: Failed to request enable GPIO170: -517
[    0.052373] reg-fixed-voltage regulators:regulator@2: Failed to register regulator: -517
[    0.055881] vgaarb: loaded
[    0.056473] SCSI subsystem initialized
[    0.056595] libata version 3.00 loaded.
[    0.056783] usbcore: registered new interface driver usbfs
[    0.056835] usbcore: registered new interface driver hub
[    0.056876] usbcore: registered new device driver usb
[    0.058849] pps_core: LinuxPPS API ver. 1 registered
[    0.058857] pps_core: Software ver. 5.3.6 - Copyright 2005-2007 Rodolfo Giometti <giometti@linux.it>
[    0.058874] PTP clock support registered
[    0.059011] EDAC MC: Ver: 3.0.0
[    0.060841] clocksource: Switched to clocksource timer_us
[    0.068496] NET: Registered protocol family 2
[    0.068927] TCP established hash table entries: 8192 (order: 3, 32768 bytes)
[    0.068998] TCP bind hash table entries: 8192 (order: 4, 65536 bytes)
[    0.069112] TCP: Hash tables configured (established 8192 bind 8192)
[    0.069187] UDP hash table entries: 512 (order: 2, 16384 bytes)
[    0.069235] UDP-Lite hash table entries: 512 (order: 2, 16384 bytes)
[    0.069387] NET: Registered protocol family 1
[    0.069640] RPC: Registered named UNIX socket transport module.
[    0.069648] RPC: Registered udp transport module.
[    0.069653] RPC: Registered tcp transport module.
[    0.069658] RPC: Registered tcp NFSv4.1 backchannel transport module.
[    0.069667] PCI: CLS 0 bytes, default 64
[    0.070544] hw perfevents: enabled with armv7_cortex_a9 PMU driver, 7 counters available
[    0.071523] futex hash table entries: 512 (order: 3, 32768 bytes)
[    0.072083] workingset: timestamp_bits=30 max_order=18 bucket_order=0
[    0.079277] squashfs: version 4.0 (2009/01/31) Phillip Lougher
[    0.079923] NFS: Registering the id_resolver key type
[    0.079945] Key type id_resolver registered
[    0.079951] Key type id_legacy registered
[    0.079983] ntfs: driver 2.1.32 [Flags: R/O].
[    0.081108] bounce: pool size: 64 pages
[    0.081252] Block layer SCSI generic (bsg) driver version 0.4 loaded (major 248)
[    0.081261] io scheduler noop registered
[    0.081267] io scheduler deadline registered
[    0.081389] io scheduler cfq registered (default)
[    0.092262] tegra-pcie 80003000.pcie-controller: dual-mode configuration
[    0.092954] tegra-pcie 80003000.pcie-controller: probing port 0, using 2 lanes
[    0.175057] tegra-pcie 80003000.pcie-controller: PCI host bridge to bus 0000:00
[    0.175069] pci_bus 0000:00: root bus resource [io  0x0000-0xffff]
[    0.175078] pci_bus 0000:00: root bus resource [mem 0xa0000000-0xa7ffffff]
[    0.175086] pci_bus 0000:00: root bus resource [mem 0xa8000000-0xbfffffff pref]
[    0.175095] pci_bus 0000:00: root bus resource [bus 00-ff]
[    0.175123] pci 0000:00:01.0: [10de:0bf0] type 01 class 0x060000
[    0.175171] pci_bus 0000:00: 2-byte config write to 0000:00:01.0 offset 0x52 may corrupt adjacent RW1C bits
[    0.175195] pci 0000:00:01.0: PME# supported from D0 D1 D2 D3hot D3cold
[    0.175207] pci_bus 0000:00: 2-byte config write to 0000:00:01.0 offset 0x4c may corrupt adjacent RW1C bits
[    0.175405] pci_bus 0000:00: 2-byte config write to 0000:00:01.0 offset 0x3e may corrupt adjacent RW1C bits
[    0.175417] pci_bus 0000:00: 2-byte config write to 0000:00:01.0 offset 0x4 may corrupt adjacent RW1C bits
[    0.175428] pci_bus 0000:00: 1-byte config write to 0000:00:01.0 offset 0xc may corrupt adjacent RW1C bits
[    0.175434] PCI: bus0: Fast back to back transfers disabled
[    0.175444] pci 0000:00:01.0: bridge configuration invalid ([bus 00-00]), reconfiguring
[    0.175454] pci_bus 0000:00: 2-byte config write to 0000:00:01.0 offset 0x3e may corrupt adjacent RW1C bits
[    0.175465] pci_bus 0000:00: 2-byte config write to 0000:00:01.0 offset 0x3e may corrupt adjacent RW1C bits
[    0.175475] pci_bus 0000:00: 2-byte config write to 0000:00:01.0 offset 0x3e may corrupt adjacent RW1C bits
[    0.175485] pci_bus 0000:00: 2-byte config write to 0000:00:01.0 offset 0x6 may corrupt adjacent RW1C bits
[    0.175610] pci 0000:01:00.0: [10ec:8168] type 00 class 0x020000
[    0.175634] pci 0000:01:00.0: reg 0x10: [io  0x0000-0x00ff]
[    0.175658] pci 0000:01:00.0: reg 0x18: [mem 0x00000000-0x00000fff 64bit pref]
[    0.175677] pci 0000:01:00.0: reg 0x20: [mem 0x00000000-0x00003fff 64bit pref]
[    0.175691] pci 0000:01:00.0: reg 0x30: [mem 0x00000000-0x0001ffff pref]
[    0.175730] pci_bus 0000:01: 2-byte config write to 0000:01:00.0 offset 0x52 may corrupt adjacent RW1C bits
[    0.175781] pci 0000:01:00.0: supports D1 D2
[    0.175789] pci 0000:01:00.0: PME# supported from D0 D1 D2 D3hot D3cold
[    0.200869] PCI: bus1: Fast back to back transfers disabled
[    0.200881] pci_bus 0000:01: busn_res: [bus 01-ff] end is updated to 01
[    0.200893] Disabling cpuidle LP2 state, since PCIe IRQs are in use
[    0.200950] pci 0000:00:01.0: BAR 8: assigned [mem 0xa0000000-0xa00fffff]
[    0.200962] pci 0000:00:01.0: BAR 9: assigned [mem 0xa8000000-0xa80fffff 64bit pref]
[    0.200972] pci 0000:00:01.0: BAR 7: assigned [io  0x1000-0x1fff]
[    0.200983] pci 0000:01:00.0: BAR 6: assigned [mem 0xa0000000-0xa001ffff pref]
[    0.200993] pci 0000:01:00.0: BAR 4: assigned [mem 0xa8000000-0xa8003fff 64bit pref]
[    0.201013] pci 0000:01:00.0: BAR 2: assigned [mem 0xa8004000-0xa8004fff 64bit pref]
[    0.201031] pci 0000:01:00.0: BAR 0: assigned [io  0x1000-0x10ff]
[    0.201042] pci 0000:00:01.0: PCI bridge to [bus 01]
[    0.201050] pci 0000:00:01.0:   bridge window [io  0x1000-0x1fff]
[    0.201059] pci 0000:00:01.0:   bridge window [mem 0xa0000000-0xa00fffff]
[    0.201067] pci 0000:00:01.0:   bridge window [mem 0xa8000000-0xa80fffff 64bit pref]
[    0.201089] pci 0000:00:01.0: nv_msi_ht_cap_quirk didn't locate host bridge
[    0.201140] pcieport 0000:00:01.0: enabling device (0140 -> 0143)
[    0.201342] pcieport 0000:00:01.0: Signaling PME with IRQ 295
[    0.207223] tegra-apbdma 6000a000.dma: Tegra20 APB DMA driver register 16 channels
[    0.259722] Serial: 8250/16550 driver, 4 ports, IRQ sharing disabled
[    0.262130] console [ttyS0] disabled
[    0.262165] 70006000.serial: ttyS0 at MMIO 0x70006000 (irq = 279, base_baud = 13500000) is a Tegra
[    1.308281] console [ttyS0] enabled
[    1.312382] SuperH (H)SCI(F) driver initialized
[    1.317629] msm_serial: driver initialized
[    1.321876] STMicroelectronics ASC driver initialized
[    1.329543] [drm] Initialized
[    1.334659] 54280000.hdmi supply hdmi not found, using dummy regulator
[    1.343154] [drm] Supports vblank timestamp caching Rev 2 (21.10.2013).
[    1.349753] [drm] No driver support for vblank timestamp query.
[    1.355704] [drm] Cannot find any crtc or sizes - going 1024x768
[    1.377718] Console: switching to colour frame buffer device 128x48
[    1.392399] drm drm: fb0:  frame buffer device
[    1.396878] [drm] Initialized tegra 0.0.0 20120330 on minor 0
[    1.411898] brd: module loaded
[    1.419539] loop: module loaded
[    1.428266] m25p80 spi32766.0: found s25fl008k, expected w25q80bl
[    1.434375] m25p80 spi32766.0: s25fl008k (1024 Kbytes)
[    1.441878] libphy: Fixed MDIO Bus: probed
[    1.446887] CAN device driver interface
[    1.451433] bgmac_bcma: Broadcom 47xx GBit MAC driver loaded
[    1.457998] e1000e: Intel(R) PRO/1000 Network Driver - 3.2.6-k
[    1.463830] e1000e: Copyright(c) 1999 - 2015 Intel Corporation.
[    1.469795] igb: Intel(R) Gigabit Ethernet Network Driver - version 5.4.0-k
[    1.476749] igb: Copyright (c) 2007-2014 Intel Corporation.
[    1.482829] r8169 Gigabit Ethernet driver 2.3LK-NAPI loaded
[    1.488411] r8169 0000:01:00.0: enabling device (0140 -> 0143)
[    1.495022] r8169 0000:01:00.0 eth0: RTL8168d/8111d at 0xf08fc000, 00:01:c0:13:7d:63, XID 081000c0 IRQ 296
[    1.504678] r8169 0000:01:00.0 eth0: jumbo features [frames: 9200 bytes, tx checksumming: ko]
[    1.515272] pegasus: v0.9.3 (2013/04/25), Pegasus/Pegasus II USB Ethernet driver
[    1.522726] usbcore: registered new interface driver pegasus
[    1.528415] usbcore: registered new interface driver asix
[    1.533844] usbcore: registered new interface driver ax88179_178a
[    1.539949] usbcore: registered new interface driver cdc_ether
[    1.545827] usbcore: registered new interface driver smsc75xx
[    1.551613] usbcore: registered new interface driver smsc95xx
[    1.557372] usbcore: registered new interface driver net1080
[    1.563059] usbcore: registered new interface driver cdc_subset
[    1.568990] usbcore: registered new interface driver zaurus
[    1.574616] usbcore: registered new interface driver cdc_ncm
[    1.580520] tegra-phy c5004000.usb-phy: no vbus regulator
[    1.587006] tegra-phy c5008000.usb-phy: no vbus regulator
[    1.593683] ehci_hcd: USB 2.0 'Enhanced' Host Controller (EHCI) Driver
[    1.600195] ehci-pci: EHCI PCI platform driver
[    1.604680] ehci-platform: EHCI generic platform driver
[    1.610043] ehci-orion: EHCI orion driver
[    1.614155] SPEAr-ehci: EHCI SPEAr driver
[    1.618252] ehci-st: EHCI STMicroelectronics driver
[    1.623235] ehci-exynos: EHCI EXYNOS driver
[    1.627517] ehci-atmel: EHCI Atmel driver
[    1.631626] tegra-ehci: Tegra EHCI driver
[    1.692048] ulpi_phy_power_on: ulpi write failed
[    1.696656] tegra-ehci c5004000.usb: Failed to power on the phy
[    1.702589] tegra-ehci: probe of c5004000.usb failed with error -110
[    1.711560] tegra-ehci c5008000.usb: EHCI Host Controller
[    1.716963] tegra-ehci c5008000.usb: new USB bus registered, assigned bus number 1
[    1.724787] tegra-ehci c5008000.usb: irq 290, io mem 0xc5008000
[    1.750862] tegra-ehci c5008000.usb: USB 2.0 started, EHCI 1.00
[    1.757382] hub 1-0:1.0: USB hub found
[    1.761162] hub 1-0:1.0: 1 port detected
[    1.765386] ohci_hcd: USB 1.1 'Open' Host Controller (OHCI) Driver
[    1.771574] ohci-pci: OHCI PCI platform driver
[    1.776055] ohci-platform: OHCI generic platform driver
[    1.781443] ohci-omap3: OHCI OMAP3 driver
[    1.785545] SPEAr-ohci: OHCI SPEAr driver
[    1.789643] ohci-st: OHCI STMicroelectronics driver
[    1.794626] ohci-atmel: OHCI Atmel driver
[    1.799216] usbcore: registered new interface driver usb-storage
[    1.806395] mousedev: PS/2 mouse device common for all mice
[    1.813559] rtc-em3027 2-0056: rtc core: registered rtc-em3027 as rtc0
[    1.821264] tegra_rtc 7000e000.rtc: rtc core: registered 7000e000.rtc as rtc1
[    1.828413] tegra_rtc 7000e000.rtc: Tegra internal Real Time Clock
[    1.835001] i2c /dev entries driver
[    1.847593] sdhci: Secure Digital Host Controller Interface driver
[    1.853789] sdhci: Copyright(c) Pierre Ossman
[    1.859263] Synopsys Designware Multimedia Card Interface Driver
[    1.866090] sdhci-pltfm: SDHCI platform and OF driver helper
[    1.872569] mmc0: Invalid maximum block size, assuming 512 bytes
[    1.930860] mmc0: SDHCI controller on c8000000.sdhci [c8000000.sdhci] using ADMA
[    1.938346] sdhci-tegra c8000600.sdhci: Got CD GPIO
[    1.943242] sdhci-tegra c8000600.sdhci: Got WP GPIO
[    1.948274] mmc1: Invalid maximum block size, assuming 512 bytes
[    2.010938] mmc1: SDHCI controller on c8000600.sdhci [c8000600.sdhci] using ADMA
[    2.019672] ledtrig-cpu: registered to indicate activity on CPUs
[    2.025947] usbcore: registered new interface driver usbhid
[    2.031521] usbhid: USB HID core driver
[    2.038333] NET: Registered protocol family 10
[    2.043652] Segment Routing with IPv6
[    2.047347] sit: IPv6, IPv4 and MPLS over IPv4 tunneling driver
[    2.053776] NET: Registered protocol family 17
[    2.058214] can: controller area network core (rev 20120528 abi 9)
[    2.064444] NET: Registered protocol family 29
[    2.068875] can: raw protocol (rev 20120528)
[    2.073150] can: broadcast manager protocol (rev 20161123 t)
[    2.078798] can: netlink gateway (rev 20130117) max_hops=1
[    2.084597] Key type dns_resolver registered
[    2.089225] ThumbEE CPU extension supported.
[    2.093510] Registering SWP/SWPB emulation handler
[    2.108596] utmi_phy_clk_enable: timeout waiting for phy to stabilize
[    2.110459] mmc0: host does not support reading read-only switch, assuming write-enable
[    2.112291] mmc0: new high speed SDHC card at address b368
[    2.115230] mmcblk0: mmc0:b368 NCard 3.70 GiB 
[    2.124811]  mmcblk0: p1
[    2.135528] tegra-ehci c5000000.usb: EHCI Host Controller
[    2.140945] tegra-ehci c5000000.usb: new USB bus registered, assigned bus number 2
[    2.148829] tegra-ehci c5000000.usb: irq 288, io mem 0xc5000000
[    2.160887] usb 1-1: new high-speed USB device number 2 using tegra-ehci
[    2.190884] tegra-ehci c5000000.usb: USB 2.0 started, EHCI 1.00
[    2.197734] hub 2-0:1.0: USB hub found
[    2.201554] hub 2-0:1.0: 1 port detected
[    2.206771] input: gpio-keys as /devices/soc0/gpio-keys/input/input0
[    2.209817] mmc1: new high speed SD card at address b368
[    2.210287] mmcblk1: mmc1:b368 NCard 1.83 GiB (ro)
[    2.213003]  mmcblk1: p1 p2
[    2.226732] rtc-em3027 2-0056: setting system clock to 2015-02-06 01:58:43 UTC (1423187923)
[    2.237031] EXT4-fs (mmcblk0p1): mounting ext3 file system using the ext4 subsystem
[    2.325300] EXT4-fs (mmcblk0p1): recovery complete
[    2.330095] EXT4-fs (mmcblk0p1): mounted filesystem with ordered data mode. Opts: (null)
[    2.338229] VFS: Mounted root (ext3 filesystem) on device 179:1.
[    2.347357] devtmpfs: mounted
[    2.352817] Freeing unused kernel memory: 2048K
[    2.382156] hub 1-1:1.0: USB hub found
[    2.386064] hub 1-1:1.0: 4 ports detected
[    2.429385] random: fast init done
bash: cannot set terminal process group (-1): Inappropriate ioctl for device
bash: no job control in this shell
root@(none):/# [    2.720899] usb 1-1.2: new high-speed USB device number 3 using tegra-ehci
mount -t sysfs none /sys
root@(none):/# 
root@(none):/# mount -t debugfs none /sys/kernel/debug
root@(none):/# 
root@(none):/# rtcwake -d rtc1 -m mem -s 3
rtcwake: assuming RTC uses UTC ...
rtcwake: wakeup from "mem" using /dev/rtc1 at Thu Jan  1 00:00:23 1970
[    7.505389] PM: Syncing filesystems ... done.
[    7.551773] Freezing user space processes ... (elapsed 0.001 seconds) done.
[    7.560190] Freezing remaining freezable tasks ... (elapsed 0.001 seconds) done.
[    7.569234] Suspending console(s) (use no_console_suspend to debug)
[    7.606455] pci_generic_config_write32: 37 callbacks suppressed
[    7.606499] pci_bus 0000:00: 2-byte config write to 0000:00:01.0 offset 0x9c may corrupt adjacent RW1C bits
[    7.618953] PM: suspend of devices complete after 40.785 msecs
[    7.623648] PM: late suspend of devices complete after 4.664 msecs
[    7.628141] pci_bus 0000:01: 2-byte config write to 0000:01:00.0 offset 0x44 may corrupt adjacent RW1C bits
[    7.628198] pci_bus 0000:01: 2-byte config write to 0000:01:00.0 offset 0x44 may corrupt adjacent RW1C bits
[    7.651663] PM: noirq suspend of devices complete after 27.986 msecs
[    7.651674] Disabling non-boot CPUs ...
[    7.653643] CPU1: shutdown
[    7.715380] Entering suspend state LP1
[    7.715380] Suspended for 1.454 seconds
[    7.715424] Enabling non-boot CPUs ...
[    7.745367] CPU1 is up
[    7.746114] pci_bus 0000:00: 2-byte config write to 0000:00:01.0 offset 0x4c may corrupt adjacent RW1C bits
[    7.746162] pci_bus 0000:00: 2-byte config write to 0000:00:01.0 offset 0x88 may corrupt adjacent RW1C bits
[    7.746193] pci_bus 0000:00: 2-byte config write to 0000:00:01.0 offset 0x90 may corrupt adjacent RW1C bits
[    7.746223] pci_bus 0000:00: 2-byte config write to 0000:00:01.0 offset 0x98 may corrupt adjacent RW1C bits
[    7.746251] pci_bus 0000:00: 2-byte config write to 0000:00:01.0 offset 0x9c may corrupt adjacent RW1C bits
[    7.746332] pci_bus 0000:00: 2-byte config write to 0000:00:01.0 offset 0x52 may corrupt adjacent RW1C bits
[    7.746362] pci_bus 0000:00: 2-byte config write to 0000:00:01.0 offset 0x52 may corrupt adjacent RW1C bits
[    7.746432] pcieport 0000:00:01.0: nv_msi_ht_cap_quirk didn't locate host bridge
[    7.771105] PM: noirq resume of devices complete after 25.706 msecs
[    7.774626] PM: early resume of devices complete after 2.966 msecs
[    8.310068] PM: resume of devices complete after 535.411 msecs
[    8.481243] Restarting tasks ... done.
root@(none):/# 
root@(none):/# rtcwake -d rtc1 -m mem -s 3
rtcwake: assuming RTC uses UTC ...
rtcwake: wakeup from "mem" using /dev/rtc1 at Thu Jan  1 00:00:28 1970
[    9.256558] PM: Syncing filesystems ... done.
[    9.301823] Freezing user space processes ... (elapsed 0.001 seconds) done.
[    9.310277] Freezing remaining freezable tasks ... (elapsed 0.001 seconds) done.
[    9.319379] Suspending console(s) (use no_console_suspend to debug)
[    9.368592] PM: suspend of devices complete after 40.322 msecs
[    9.373545] PM: late suspend of devices complete after 4.922 msecs
[    9.401572] PM: noirq suspend of devices complete after 27.997 msecs
[    9.401583] Disabling non-boot CPUs ...
[    9.403556] CPU1: shutdown
[    9.464547] Entering suspend state LP1
[    9.464547] Suspended for 3.250 seconds
[    9.464590] Enabling non-boot CPUs ...
[    9.495333] CPU1 is up
[    9.496685] pcieport 0000:00:01.0: nv_msi_ht_cap_quirk didn't locate host bridge
[    9.521026] PM: noirq resume of devices complete after 25.663 msecs
[    9.524758] PM: early resume of devices complete after 3.010 msecs
[   10.069718] PM: resume of devices complete after 544.928 msecs
[   10.137856] Restarting tasks ... done.
root@(none):/# 
root@(none):/# rtcwake -d rtc1 -m mem -s 3
rtcwake: assuming RTC uses UTC ...
rtcwake: wakeup from "mem" using /dev/rtc1 at Thu Jan  1 00:00:33 1970
[   11.006221] PM: Syncing filesystems ... done.
[   11.051392] Freezing user space processes ... (elapsed 0.001 seconds) done.
[   11.059860] Freezing remaining freezable tasks ... (elapsed 0.001 seconds) done.
[   11.068977] Suspending console(s) (use no_console_suspend to debug)
[   11.118380] PM: suspend of devices complete after 40.541 msecs
[   11.123017] PM: late suspend of devices complete after 4.606 msecs
[   11.151533] PM: noirq suspend of devices complete after 28.487 msecs
[   11.151544] Disabling non-boot CPUs ...
[   11.153454] CPU1: shutdown
[   11.214135] Entering suspend state LP1
[   11.214135] Suspended for 3.250 seconds
[   11.214178] Enabling non-boot CPUs ...
[   11.245211] CPU1 is up
[   11.246009] pcieport 0000:00:01.0: nv_msi_ht_cap_quirk didn't locate host bridge
[   11.270945] PM: noirq resume of devices complete after 25.702 msecs
[   11.274657] PM: early resume of devices complete after 2.984 msecs
[   11.819307] PM: resume of devices complete after 544.618 msecs
[   11.887455] Restarting tasks ... done.
root@(none):/# 
root@(none):/# rtcwake -d rtc1 -m mem -s [   12.760751] random: crng init done
3
rtcwake: assuming RTC uses UTC ...
rtcwake: wakeup from "mem" using /dev/rtc1 at Thu Jan  1 00:00:38 1970
[   12.815513] PM: Syncing filesystems ... done.
[   12.848086] Freezing user space processes ... (elapsed 0.001 seconds) done.
[   12.856481] Freezing remaining freezable tasks ... (elapsed 0.001 seconds) done.
[   12.865358] Suspending console(s) (use no_console_suspend to debug)
[   12.906977] pci_generic_config_write32: 65 callbacks suppressed
[   12.907020] pci_bus 0000:00: 2-byte config write to 0000:00:01.0 offset 0x9c may corrupt adjacent RW1C bits
[   12.918746] PM: suspend of devices complete after 45.282 msecs
[   12.923510] PM: late suspend of devices complete after 4.735 msecs
[   12.927367] pci_bus 0000:01: 2-byte config write to 0000:01:00.0 offset 0x44 may corrupt adjacent RW1C bits
[   12.927423] pci_bus 0000:01: 2-byte config write to 0000:01:00.0 offset 0x44 may corrupt adjacent RW1C bits
[   12.951408] PM: noirq suspend of devices complete after 27.869 msecs
[   12.951418] Disabling non-boot CPUs ...
[   12.953216] CPU1: shutdown
[   13.004306] Entering suspend state LP1
[   13.004306] Suspended for 3.209 seconds
[   13.004348] Enabling non-boot CPUs ...
[   13.035130] CPU1 is up
[   13.036500] pci_bus 0000:00: 2-byte config write to 0000:00:01.0 offset 0x4c may corrupt adjacent RW1C bits
[   13.036546] pci_bus 0000:00: 2-byte config write to 0000:00:01.0 offset 0x88 may corrupt adjacent RW1C bits
[   13.036575] pci_bus 0000:00: 2-byte config write to 0000:00:01.0 offset 0x90 may corrupt adjacent RW1C bits
[   13.036603] pci_bus 0000:00: 2-byte config write to 0000:00:01.0 offset 0x98 may corrupt adjacent RW1C bits
[   13.036631] pci_bus 0000:00: 2-byte config write to 0000:00:01.0 offset 0x9c may corrupt adjacent RW1C bits
[   13.036710] pci_bus 0000:00: 2-byte config write to 0000:00:01.0 offset 0x52 may corrupt adjacent RW1C bits
[   13.036742] pci_bus 0000:00: 2-byte config write to 0000:00:01.0 offset 0x52 may corrupt adjacent RW1C bits
[   13.036811] pcieport 0000:00:01.0: nv_msi_ht_cap_quirk didn't locate host bridge
[   13.060857] PM: noirq resume of devices complete after 25.696 msecs
[   13.064586] PM: early resume of devices complete after 2.987 msecs
[   13.609706] PM: resume of devices complete after 545.088 msecs
[   13.780909] Restarting tasks ... done.
root@(none):/# 
root@(none):/# rtcwake -d rtc1 -m mem [   14.956206] irq 279: nobody cared (try booting with the "irqpoll" option)
[   14.963028] CPU: 0 PID: 1 Comm: bash Not tainted 4.9.0-rc8-next-20161209-140440-g4a71e43 #1
[   14.971384] Hardware name: NVIDIA Tegra SoC (Flattened Device Tree)
[   14.977742] [<c030fb38>] (unwind_backtrace) from [<c030b198>] (show_stack+0x10/0x14)
[   14.985525] [<c030b198>] (show_stack) from [<c0594c30>] (dump_stack+0x84/0xa4)
[   14.992791] [<c0594c30>] (dump_stack) from [<c03897d0>] (__report_bad_irq+0x24/0xc0)
[   15.000568] [<c03897d0>] (__report_bad_irq) from [<c0389bb4>] (note_interrupt+0x260/0x2bc)
[   15.008863] [<c0389bb4>] (note_interrupt) from [<c0387150>] (handle_irq_event_percpu+0x48/0x58)
[   15.017588] [<c0387150>] (handle_irq_event_percpu) from [<c03871a4>] (handle_irq_event+0x44/0x68)
[   15.026485] [<c03871a4>] (handle_irq_event) from [<c038a558>] (handle_fasteoi_irq+0xb0/0x194)
[   15.035036] [<c038a558>] (handle_fasteoi_irq) from [<c0386848>] (generic_handle_irq+0x18/0x28)
[   15.043673] [<c0386848>] (generic_handle_irq) from [<c0386944>] (__handle_domain_irq+0x54/0xb4)
[   15.052393] [<c0386944>] (__handle_domain_irq) from [<c0301754>] (gic_handle_irq+0x50/0x9c)
[   15.060765] [<c0301754>] (gic_handle_irq) from [<c030bd0c>] (__irq_svc+0x6c/0x90)
[   15.068252] Exception stack(0xee859d20 to 0xee859d68)
[   15.073331] 9d20: c1430840 00000000 00000000 00000000 00000282 c1217e0c 00000000 c12143b8
[   15.081530] 9d40: c1302080 fe441100 ee859df0 00000000 0000000a ee859d70 c0346738 c034628c
[   15.089712] 9d60: 60070113 ffffffff
[   15.093252] [<c030bd0c>] (__irq_svc) from [<c034628c>] (__do_softirq+0x80/0x23c)
[   15.100678] [<c034628c>] (__do_softirq) from [<c0346738>] (irq_exit+0xd4/0x13c)
[   15.108012] [<c0346738>] (irq_exit) from [<c0386948>] (__handle_domain_irq+0x58/0xb4)
[   15.115864] [<c0386948>] (__handle_domain_irq) from [<c0301754>] (gic_handle_irq+0x50/0x9c)
[   15.124234] [<c0301754>] (gic_handle_irq) from [<c030bd0c>] (__irq_svc+0x6c/0x90)
[   15.131721] Exception stack(0xee859df0 to 0xee859e38)
[   15.136790] 9de0:                                     c14766f8 a0070013 00000000 00000717
[   15.144986] 9e00: 00000000 eea8a000 00000001 eee4b200 c14766f8 ee8c2801 a0070013 00000000
[   15.153177] 9e20: 00000000 ee859e40 c0713164 c0be1fe0 20070013 ffffffff
[   15.159840] [<c030bd0c>] (__irq_svc) from [<c0be1fe0>] (_raw_spin_unlock_irqrestore+0x1c/0x20)
[   15.168490] [<c0be1fe0>] (_raw_spin_unlock_irqrestore) from [<c0713164>] (uart_write+0xf0/0x170)
[   15.177306] [<c0713164>] (uart_write) from [<c06fa984>] (n_tty_write+0x194/0x468)
[   15.184813] [<c06fa984>] (n_tty_write) from [<c06f6778>] (tty_write+0x184/0x284)
[   15.192244] [<c06f6778>] (tty_write) from [<c0416498>] (__vfs_write+0x2c/0x114)
[   15.199581] [<c0416498>] (__vfs_write) from [<c041798c>] (vfs_write+0xa4/0x164)
[   15.206916] [<c041798c>] (vfs_write) from [<c0417c2c>] (SyS_write+0x40/0x8c)
[   15.214001] [<c0417c2c>] (SyS_write) from [<c0307f00>] (ret_fast_syscall+0x0/0x3c)
[   15.221572] handlers:
[   15.223869] [<c071520c>] serial8250_interrupt
[   15.228245] Disabling IRQ #279
-s 3
[   15.384483] PM: Syncing filesystems ... done.
[   15.397746] Freezing user space processes ... (elapsed 0.001 seconds) done.
[   15.405868] Freezing remaining freezable tasks ... (elapsed 0.001 seconds) done.
[   15.414434] Suspending console(s) (use no_console_suspend to debug)
rtcwake: assuming RTC uses UTC ...
rtcwake: wakeup from "mem" using /dev/rtc1 at Thu Jan  1 00:00:44 1970
[   15.468922] PM: suspend of devices complete after 47.530 msecs
[   15.473772] PM: late suspend of devices complete after 4.819 msecs
[   15.501372] PM: noirq suspend of devices complete after 27.569 msecs
[   15.501383] Disabling non-boot CPUs ...
[   15.503304] CPU1: shutdown
[   15.564362] Entering suspend state LP1
[   15.564362] Suspended for 3.439 seconds
[   15.564405] Enabling non-boot CPUs ...
[   15.595065] CPU1 is up
[   15.596563] pcieport 0000:00:01.0: nv_msi_ht_cap_quirk didn't locate host bridge
[   15.620771] PM: noirq resume of devices complete after 25.674 msecs
[   15.624488] PM: early resume of devices complete after 2.983 msecs
[   16.169052] PM: resume of devices complete after 544.532 msecs
[   16.237106] Restarting tasks ... done.
root@(none):/# 
root@(none):/# rtcwake -d rtc1 -m mem -s 3
rtcwake: assuming RTC uses UTC ...
rtcwake: wakeup from "mem" using /dev/rtc1 at Thu Jan  1 00:00:49 1970
[   17.105944] PM: Syncing filesystems ... done.
[   17.151209] Freezing user space processes ... (elapsed 0.001 seconds) done.
[   17.159686] Freezing remaining freezable tasks ... (elapsed 0.001 seconds) done.
[   17.168795] Suspending console(s) (use no_console_suspend to debug)
[   17.218025] PM: suspend of devices complete after 40.310 msecs
[   17.222737] PM: late suspend of devices complete after 4.682 msecs
[   17.251229] PM: noirq suspend of devices complete after 28.462 msecs
[   17.251240] Disabling non-boot CPUs ...
[   17.253063] CPU1: shutdown
[   17.314099] Entering suspend state LP1
[   17.314099] Suspended for 3.250 seconds
[   17.314142] Enabling non-boot CPUs ...
[   17.344962] CPU1 is up
[   17.347503] pcieport 0000:00:01.0: nv_msi_ht_cap_quirk didn't locate host bridge
[   17.370741] PM: noirq resume of devices complete after 25.749 msecs
[   17.374624] PM: early resume of devices complete after 3.141 msecs
[   17.918946] PM: resume of devices complete after 544.290 msecs
[   17.987015] Restarting tasks ... done.
root@(none):/# 
root@(none):/# rtcwake -d rtc1 -m mem -s 3
rtcwake: assuming RTC uses UTC ...
rtcwake: wakeup from "mem" using /dev/rtc1 at Thu Jan  1 00:00:54 1970
[   18.856014] PM: Syncing filesystems ... done.
[   18.901147] Freezing user space processes ... (elapsed 0.001 seconds) done.
[   18.909615] Freezing remaining freezable tasks ... (elapsed 0.001 seconds) done.
[   18.918731] Suspending console(s) (use no_console_suspend to debug)
[   18.936957] pci_generic_config_write32: 65 callbacks suppressed
[   18.937000] pci_bus 0000:00: 2-byte config write to 0000:00:01.0 offset 0x9c may corrupt adjacent RW1C bits
[   18.954716] PM: suspend of devices complete after 27.053 msecs
[   18.959356] PM: late suspend of devices complete after 4.609 msecs
[   18.963387] pci_bus 0000:01: 2-byte config write to 0000:01:00.0 offset 0x44 may corrupt adjacent RW1C bits
[   18.963440] pci_bus 0000:01: 2-byte config write to 0000:01:00.0 offset 0x44 may corrupt adjacent RW1C bits
[   18.991124] PM: noirq suspend of devices complete after 31.738 msecs
[   18.991135] Disabling non-boot CPUs ...
[   18.992931] CPU1: shutdown
[   19.044071] Entering suspend state LP1
[   19.044071] Suspended for 3.269 seconds
[   19.044115] Enabling non-boot CPUs ...
[   19.074904] CPU1 is up
[   19.076372] pci_bus 0000:00: 2-byte config write to 0000:00:01.0 offset 0x4c may corrupt adjacent RW1C bits
[   19.076418] pci_bus 0000:00: 2-byte config write to 0000:00:01.0 offset 0x88 may corrupt adjacent RW1C bits
[   19.076450] pci_bus 0000:00: 2-byte config write to 0000:00:01.0 offset 0x90 may corrupt adjacent RW1C bits
[   19.076479] pci_bus 0000:00: 2-byte config write to 0000:00:01.0 offset 0x98 may corrupt adjacent RW1C bits
[   19.076505] pci_bus 0000:00: 2-byte config write to 0000:00:01.0 offset 0x9c may corrupt adjacent RW1C bits
[   19.076585] pci_bus 0000:00: 2-byte config write to 0000:00:01.0 offset 0x52 may corrupt adjacent RW1C bits
[   19.076616] pci_bus 0000:00: 2-byte config write to 0000:00:01.0 offset 0x52 may corrupt adjacent RW1C bits
[   19.076685] pcieport 0000:00:01.0: nv_msi_ht_cap_quirk didn't locate host bridge
[   19.110596] PM: noirq resume of devices complete after 35.659 msecs
[   19.114271] PM: early resume of devices complete after 2.960 msecs
[   19.658548] PM: resume of devices complete after 544.245 msecs
[   19.829747] Restarting tasks ... done.
root@(none):/# 
root@(none):/# rtcwake -d rtc1 -m mem -s 3
rtcwake: assuming RTC uses UTC ...
rtcwake: wakeup from "mem" using /dev/rtc1 at Thu Jan  1 00:00:59 1970
[   20.585620] PM: Syncing filesystems ... done.
[   20.618851] Freezing user space processes ... (elapsed 0.001 seconds) done.
[   20.627242] Freezing remaining freezable tasks ... (elapsed 0.001 seconds) done.
[   20.636144] Suspending console(s) (use no_console_suspend to debug)
[   20.687480] PM: suspend of devices complete after 43.220 msecs
[   20.692156] PM: late suspend of devices complete after 4.647 msecs
[   20.721060] PM: noirq suspend of devices complete after 28.875 msecs
[   20.721070] Disabling non-boot CPUs ...
[   20.722864] CPU1: shutdown
[   20.773976] Entering suspend state LP1
[   20.773976] Suspended for 3.270 seconds
[   20.774020] Enabling non-boot CPUs ...
[   20.804770] CPU1 is up
[   20.807353] pcieport 0000:00:01.0: nv_msi_ht_cap_quirk didn't locate host bridge
[   20.830572] PM: noirq resume of devices complete after 25.771 msecs
[   20.834442] PM: early resume of devices complete after 3.138 msecs
[   21.378775] PM: resume of devices complete after 544.303 msecs
[   21.446765] Restarting tasks ... done.
root@(none):/# 
root@(none):/# rtcwake -d rtc1 -m mem -s 3
rtcwake: assuming RTC uses UTC ...
rtcwake: wakeup from "mem" using /dev/rtc1 at Thu Jan  1 00:01:04 1970
[   22.315646] PM: Syncing filesystems ... done.
[   22.360924] Freezing user space processes ... (elapsed 0.001 seconds) done.
[   22.369275] Freezing remaining freezable tasks ... (elapsed 0.001 seconds) done.
[   22.378025] Suspending console(s) (use no_console_suspend to debug)
[   22.428148] PM: suspend of devices complete after 42.553 msecs
[   22.432843] PM: late suspend of devices complete after 4.664 msecs
[   22.460968] PM: noirq suspend of devices complete after 28.094 msecs
[   22.460978] Disabling non-boot CPUs ...
[   22.462774] CPU1: shutdown
[   22.513877] Entering suspend state LP1
[   22.513877] Suspended for 3.260 seconds
[   22.513920] Enabling non-boot CPUs ...
[   22.544712] CPU1 is up
[   22.545507] pcieport 0000:00:01.0: nv_msi_ht_cap_quirk didn't locate host bridge
[   22.570428] PM: noirq resume of devices complete after 25.685 msecs
[   22.574192] PM: early resume of devices complete after 3.022 msecs
[   23.118675] PM: resume of devices complete after 544.451 msecs
[   23.186764] Restarting tasks ... done.
root@(none):/# 
root@(none):/# rtcwake -d rtc1 -m mem -s 3
rtcwake: assuming RTC uses UTC ...
rtcwake: wakeup from "mem" using /dev/rtc1 at Thu Jan  1 00:01:09 1970
[   24.055637] PM: Syncing filesystems ... done.
[   24.100873] Freezing user space processes ... (elapsed 0.001 seconds) done.
[   24.109348] Freezing remaining freezable tasks ... (elapsed 0.001 seconds) done.
[   24.118451] Suspending console(s) (use no_console_suspend to debug)
[   24.136862] pci_generic_config_write32: 65 callbacks suppressed
[   24.136906] pci_bus 0000:00: 2-byte config write to 0000:00:01.0 offset 0x9c may corrupt adjacent RW1C bits
[   24.154969] PM: suspend of devices complete after 27.581 msecs
[   24.159612] PM: late suspend of devices complete after 4.613 msecs
[   24.164198] pci_bus 0000:01: 2-byte config write to 0000:01:00.0 offset 0x44 may corrupt adjacent RW1C bits
[   24.164254] pci_bus 0000:01: 2-byte config write to 0000:01:00.0 offset 0x44 may corrupt adjacent RW1C bits
[   24.190920] PM: noirq suspend of devices complete after 31.279 msecs
[   24.190932] Disabling non-boot CPUs ...
[   24.192750] CPU1: shutdown
[   24.243831] Entering suspend state LP1
[   24.243831] Suspended for 3.269 seconds
[   24.243875] Enabling non-boot CPUs ...
[   24.274631] CPU1 is up
[   24.275984] pci_bus 0000:00: 2-byte config write to 0000:00:01.0 offset 0x4c may corrupt adjacent RW1C bits
[   24.276031] pci_bus 0000:00: 2-byte config write to 0000:00:01.0 offset 0x88 may corrupt adjacent RW1C bits
[   24.276062] pci_bus 0000:00: 2-byte config write to 0000:00:01.0 offset 0x90 may corrupt adjacent RW1C bits
[   24.276091] pci_bus 0000:00: 2-byte config write to 0000:00:01.0 offset 0x98 may corrupt adjacent RW1C bits
[   24.276119] pci_bus 0000:00: 2-byte config write to 0000:00:01.0 offset 0x9c may corrupt adjacent RW1C bits
[   24.276198] pci_bus 0000:00: 2-byte config write to 0000:00:01.0 offset 0x52 may corrupt adjacent RW1C bits
[   24.276229] pci_bus 0000:00: 2-byte config write to 0000:00:01.0 offset 0x52 may corrupt adjacent RW1C bits
[   24.276298] pcieport 0000:00:01.0: nv_msi_ht_cap_quirk didn't locate host bridge
[   24.300341] PM: noirq resume of devices complete after 25.679 msecs
[   24.304050] PM: early resume of devices complete after 2.985 msecs
[   24.849117] PM: resume of devices complete after 545.034 msecs
[   25.018403] Restarting tasks ... done.
root@(none):/# 
root@(none):/# NVTB SYSTEM SUSPEND TEST COMPLETE
