

U-Boot 2015.04-00466-gedec83e90172 (Mar 14 2016 - 10:42:01)

TEGRA124
Model: Acer Chromebook 13 CB5-311
DRAM:  4 GiB
:   Tegra SD/MMC: 0, Tegra SD/MMC: 1, Tegra SD/MMC: 2
MMC init failed
Using default environment

In:    serial
Out:   serial
Err:   serial
Net:   Net Initialization Skipped
No ethernet found.
Hit any key to stop autoboot:  2  0 
Tegra124 (Nyan-big) # 
Tegra124 (Nyan-big) # usb start
starting USB...
USB0:   USB EHCI 1.10
scanning bus 0 for devices... 2 USB Device(s) found
USB1:   USB EHCI 1.10
scanning bus 1 for devices... 2 USB Device(s) found
       scanning usb for storage devices... 1 Storage Device(s) found
       scanning usb for ethernet devices... 
Warning: asx0 using MAC address from net device
1 Ethernet Device(s) found
Tegra124 (Nyan-big) # mw 0x7000e4a0 0x00080000
Tegra124 (Nyan-big) # setenv bootargs 'ignore_loglevel console=ttyS0,115200n8 rw root=PARTUUID=4d36e82a-b3c0-4b4b-bfcd-afe5217ac023 rootwait gpt debug noinitrd earlyprintk init=/bin/bash'
Tegra124 (Nyan-big) # setenv ipaddr 192.168.100.102; setenv serverip 192.168.100.1; setenv tftpserverip 192.168.100.1
Tegra124 (Nyan-big) # tftpboot 0x82000000 zImage.tegra_defconfig
Using asx0 device
TFTP from server 192.168.100.1; our IP address is 192.168.100.102
Filename 'zImage.tegra_defconfig'.
Load address: 0x82000000
Loading: *#################################################################
	 #################################################################
	 #################################################################
	 #################################################################
	 #################################################################
	 #################################################
	 3.6 MiB/s
done
Bytes transferred = 5480248 (539f38 hex)
Tegra124 (Nyan-big) # tftpboot 0x83000000 tegra124-nyan-big.dtb
Using asx0 device
TFTP from server 192.168.100.1; our IP address is 192.168.100.102
Filename 'tegra124-nyan-big.dtb'.
Load address: 0x83000000
Loading: *#####
	 3.2 MiB/s
done
Bytes transferred = 67943 (10967 hex)
Tegra124 (Nyan-big) # bootz 0x82000000 - 0x83000000
Kernel image @ 0x82000000 [ 0x000000 - 0x539f38 ]
## Flattened Device Tree blob at 83000000
   Booting using the fdt blob at 0x83000000
   Using Device Tree in place at 83000000, end 83013966

Starting kernel ...

Uncompressing Linux... done, booting the kernel.
[    0.000000] Booting Linux on physical CPU 0x0
[    0.000000] Linux version 4.9.0-rc4-next-20161111-133604-g37634f0 (pwalmsley@kaivo) (gcc version 4.7.3 20130328 (prerelease) (crosstool-NG linaro-1.13.1-4.7-2013.04-20130415 - Linaro GCC 2013.04) ) #1 SMP PREEMPT Thu Nov 10 20:18:45 PST 2016
[    0.000000] CPU: ARMv7 Processor [413fc0f3] revision 3 (ARMv7), cr=10c5387d
[    0.000000] CPU: div instructions available: patching division code
[    0.000000] CPU: PIPT / VIPT nonaliasing data cache, PIPT instruction cache
[    0.000000] OF: fdt:Machine model: Acer Chromebook 13 CB5-311
[    0.000000] OF: fdt:Ignoring memory range 0x100000000 - 0x17ffff000
[    0.000000] debug: ignoring loglevel setting.
[    0.000000] bootconsole [earlycon0] enabled
[    0.000000] cma: Reserved 64 MiB at 0xfbc00000
[    0.000000] Memory policy: Data cache writealloc
[    0.000000] On node 0 totalpages: 524287
[    0.000000] free_area_init_node: node 0, pgdat c0d5e080, node_mem_map eeff7000
[    0.000000]   Normal zone: 1536 pages used for memmap
[    0.000000]   Normal zone: 0 pages reserved
[    0.000000]   Normal zone: 196608 pages, LIFO batch:31
[    0.000000]   HighMem zone: 327679 pages, LIFO batch:31
[    0.000000] percpu: Embedded 14 pages/cpu @eef8c000 s26240 r8192 d22912 u57344
[    0.000000] pcpu-alloc: s26240 r8192 d22912 u57344 alloc=14*4096
[    0.000000] pcpu-alloc: [0] 0 [0] 1 [0] 2 [0] 3 
[    0.000000] Built 1 zonelists in Zone order, mobility grouping on.  Total pages: 522751
[    0.000000] Kernel command line: ignore_loglevel console=ttyS0,115200n8 rw root=PARTUUID=4d36e82a-b3c0-4b4b-bfcd-afe5217ac023 rootwait gpt debug noinitrd earlyprintk init=/bin/bash
[    0.000000] PID hash table entries: 4096 (order: 2, 16384 bytes)
[    0.000000] Dentry cache hash table entries: 131072 (order: 7, 524288 bytes)
[    0.000000] Inode-cache hash table entries: 65536 (order: 6, 262144 bytes)
[    0.000000] Memory: 2000856K/2097148K available (8192K kernel code, 381K rwdata, 2468K rodata, 1024K init, 370K bss, 30756K reserved, 65536K cma-reserved, 1245180K highmem)
[    0.000000] Virtual kernel memory layout:
[    0.000000]     vector  : 0xffff0000 - 0xffff1000   (   4 kB)
[    0.000000]     fixmap  : 0xffc00000 - 0xfff00000   (3072 kB)
[    0.000000]     vmalloc : 0xf0800000 - 0xff800000   ( 240 MB)
[    0.000000]     lowmem  : 0xc0000000 - 0xf0000000   ( 768 MB)
[    0.000000]     pkmap   : 0xbfe00000 - 0xc0000000   (   2 MB)
[    0.000000]     modules : 0xbf000000 - 0xbfe00000   (  14 MB)
[    0.000000]       .text : 0xc0008000 - 0xc0900000   (9184 kB)
[    0.000000]       .init : 0xc0c00000 - 0xc0d00000   (1024 kB)
[    0.000000]       .data : 0xc0d00000 - 0xc0d5f740   ( 382 kB)
[    0.000000]        .bss : 0xc0d61000 - 0xc0dbdb1c   ( 371 kB)
[    0.000000] Preemptible hierarchical RCU implementation.
[    0.000000] 	Build-time adjustment of leaf fanout to 32.
[    0.000000] NR_IRQS:16 nr_irqs:16 16
[    0.000000] /interrupt-controller@60004000: 160 interrupts forwarded to /interrupt-controller@50041000
[    0.000000] Tegra clk 127: register failed with -17
[    0.000003] sched_clock: 32 bits at 1000kHz, resolution 1000ns, wraps every 2147483647500ns
[    0.008118] clocksource: timer_us: mask: 0xffffffff max_cycles: 0xffffffff, max_idle_ns: 1911260446275 ns
[    0.017734] Switching to timer-based delay loop, resolution 1000ns
[    0.024417] arm_arch_timer: Architected cp15 timer(s) running at 12.00MHz (virt).
[    0.031514] clocksource: arch_sys_counter: mask: 0xffffffffffffff max_cycles: 0x2c47f4ee7, max_idle_ns: 440795202497 ns
[    0.042348] sched_clock: 56 bits at 12MHz, resolution 83ns, wraps every 4398046511096ns
[    0.050406] Switching to timer-based delay loop, resolution 83ns
[    0.056655] Console: colour dummy device 80x30
[    0.060985] Calibrating delay loop (skipped), value calculated using timer frequency.. 24.00 BogoMIPS (lpj=120000)
[    0.071378] pid_max: default: 32768 minimum: 301
[    0.076242] Mount-cache hash table entries: 2048 (order: 1, 8192 bytes)
[    0.082737] Mountpoint-cache hash table entries: 2048 (order: 1, 8192 bytes)
[    0.090355] CPU: Testing write buffer coherency: ok
[    0.094913] /cpus/cpu@0 missing clock-frequency property
[    0.100162] /cpus/cpu@1 missing clock-frequency property
[    0.105545] /cpus/cpu@2 missing clock-frequency property
[    0.110909] /cpus/cpu@3 missing clock-frequency property
[    0.116277] CPU0: thread -1, cpu 0, socket 0, mpidr 80000000
[    0.146306] Setting up static identity map for 0x80100000 - 0x80100098
[    0.176510] Tegra Revision: A01 SKU: 131 CPU Process: 1 SoC Process: 1
[    0.181509] smp: Bringing up secondary CPUs ...
[    0.226556] CPU1: thread -1, cpu 1, socket 0, mpidr 80000001
[    0.306581] CPU2: thread -1, cpu 2, socket 0, mpidr 80000002
[    0.386622] CPU3: thread -1, cpu 3, socket 0, mpidr 80000003
[    0.396429] smp: Brought up 1 node, 4 CPUs
[    0.415853] SMP: Total of 4 processors activated (96.00 BogoMIPS).
[    0.422096] CPU: All CPU(s) started in SVC mode.
[    0.427460] devtmpfs: initialized
[    0.446063] VFP support v0.3: implementor 41 architecture 4 part 30 variant f rev 0
[    0.452075] clocksource: jiffies: mask: 0xffffffff max_cycles: 0xffffffff, max_idle_ns: 19112604462750000 ns
[    0.462238] pinctrl core: initialized pinctrl subsystem
[    0.467678] NET: Registered protocol family 16
[    0.471995] DMA: preallocated 256 KiB pool for atomic coherent allocations
[    0.479670] cpuidle: using governor menu
[    0.499053] No ATAGs?[    0.499245] hw-breakpoint: found 5 (+1 reserved) breakpoint and 4 watchpoint registers.
[    0.507306] hw-breakpoint: maximum watchpoint size is 8 bytes.
[    0.514133] tegra-mc 70019000.memory-controller: no memory timings for RAM code 0 registered
[    0.530684] +5V_SYS: supplied by +VDD_MUX
[    0.533055] +3.3V_SYS: supplied by +VDD_MUX
[    0.537478] +VDD_LED: Failed to request enable GPIO122: -517
[    0.542829] reg-fixed-voltage regulators:regulator@5: Failed to register regulator: -517
[    0.551021] +5V_VDD_TS_SW: Failed to request enable GPIO81: -517
[    0.557044] reg-fixed-voltage regulators:regulator@6: Failed to register regulator: -517
[    0.565231] +5V_USB_HS: Failed to request enable GPIO108: -517
[    0.571082] reg-fixed-voltage regulators:regulator@7: Failed to register regulator: -517
[    0.579270] +5V_USB_SS: Failed to request enable GPIO109: -517
[    0.585122] reg-fixed-voltage regulators:regulator@8: Failed to register regulator: -517
[    0.593378] +1.05V_RUN_AVDD_HDMI_PLL: Failed to request enable GPIO63: -517
[    0.600289] reg-fixed-voltage regulators:regulator@11: Failed to register regulator: -517
[    0.608564] +5V_HDMI_CON: Failed to request enable GPIO86: -517
[    0.614503] reg-fixed-voltage regulators:regulator@12: Failed to register regulator: -517
[    0.623349] vgaarb: loaded
[    0.625860] SCSI subsystem initialized
[    0.629418] libata version 3.00 loaded.
[    0.633431] usbcore: registered new interface driver usbfs
[    0.638817] usbcore: registered new interface driver hub
[    0.644192] usbcore: registered new device driver usb
[    0.650925] Linux video capture interface: v2.00
[    0.653966] pps_core: LinuxPPS API ver. 1 registered
[    0.658969] pps_core: Software ver. 5.3.6 - Copyright 2005-2007 Rodolfo Giometti <giometti@linux.it>
[    0.668164] PTP clock support registered
[    0.672332] tegra-emc 7001b000.emc: no memory timings for RAM code 0 found in DT
[    0.679594] tegra-emc: probe of 7001b000.emc failed with error -2
[    0.685911] Advanced Linux Sound Architecture Driver Initialized.
[    0.692415] Bluetooth: Core ver 2.22
[    0.695556] NET: Registered protocol family 31
[    0.700048] Bluetooth: HCI device and connection manager initialized
[    0.706460] Bluetooth: HCI socket layer initialized
[    0.711404] Bluetooth: L2CAP socket layer initialized
[    0.716526] Bluetooth: SCO socket layer initialized
[    0.721998] clocksource: Switched to clocksource arch_sys_counter
[    0.735089] NET: Registered protocol family 2
[    0.738066] TCP established hash table entries: 8192 (order: 3, 32768 bytes)
[    0.744764] TCP bind hash table entries: 8192 (order: 4, 65536 bytes)
[    0.751279] TCP: Hash tables configured (established 8192 bind 8192)
[    0.757786] UDP hash table entries: 512 (order: 2, 16384 bytes)
[    0.763633] UDP-Lite hash table entries: 512 (order: 2, 16384 bytes)
[    0.770164] NET: Registered protocol family 1
[    0.774763] RPC: Registered named UNIX socket transport module.
[    0.780426] RPC: Registered udp transport module.
[    0.785202] RPC: Registered tcp transport module.
[    0.789960] RPC: Registered tcp NFSv4.1 backchannel transport module.
[    0.796467] PCI: CLS 0 bytes, default 64
[    0.801243] hw perfevents: enabled with armv7_cortex_a15 PMU driver, 7 counters available
[    0.809560] futex hash table entries: 1024 (order: 4, 65536 bytes)
[    0.815498] workingset: timestamp_bits=30 max_order=19 bucket_order=0
[    0.821918] squashfs: version 4.0 (2009/01/31) Phillip Lougher
[    0.827619] NFS: Registering the id_resolver key type
[    0.832465] Key type id_resolver registered
[    0.836673] Key type id_legacy registered
[    0.842283] bounce: pool size: 64 pages
[    0.844647] io scheduler noop registered (default)
[    0.850423] tegra-xusb-padctl 7009f000.padctl: failed to setup XUSB ports: -517
[    0.864759] tegra-apbdma 60020000.dma: Tegra20 APB DMA driver register 32 channels
[    0.870788] tegra-pmc 7000e400.pmc: i2c-thermtrip node not found, emergency thermal reset disabled.
[    0.879868] Serial: 8250/16550 driver, 4 ports, IRQ sharing disabled
[    0.887141] console [ttyS0] disabled
[    0.889661] 70006000.serial: ttyS0 at MMIO 0x70006000 (irq = 333, base_baud = 25500000) is a Tegra
[    0.898673] ------------[ cut here ]------------
[    0.898693] WARNING: CPU: 2 PID: 0 at kernel/rcu/tree.c:380 rcu_note_context_switch+0x268/0x2c8
[    0.898705] Modules linked in:
[    0.898714] CPU: 2 PID: 0 Comm: swapper/2 Not tainted 4.9.0-rc4-next-20161111-133604-g37634f0 #1
[    0.898720] Hardware name: NVIDIA Tegra SoC (Flattened Device Tree)
[    0.898739] [<c010f288>] (unwind_backtrace) from [<c010a86c>] (show_stack+0x10/0x14)
[    0.898750] [<c010a86c>] (show_stack) from [<c034677c>] (dump_stack+0x84/0xa4)
[    0.898761] [<c034677c>] (dump_stack) from [<c011f754>] (__warn+0xd4/0x100)
[    0.898771] [<c011f754>] (__warn) from [<c011f7a0>] (warn_slowpath_null+0x20/0x28)
[    0.898780] [<c011f7a0>] (warn_slowpath_null) from [<c0177a48>] (rcu_note_context_switch+0x268/0x2c8)
[    0.898791] [<c0177a48>] (rcu_note_context_switch) from [<c081d9f4>] (__schedule+0x70/0x60c)
[    0.898800] [<c081d9f4>] (__schedule) from [<c081e160>] (schedule+0x50/0xc0)
[    0.898809] [<c081e160>] (schedule) from [<c081e3bc>] (schedule_preempt_disabled+0x24/0x40)
[    0.898819] [<c081e3bc>] (schedule_preempt_disabled) from [<c015ab38>] (cpu_startup_entry+0x180/0x1f4)
[    0.898829] [<c015ab38>] (cpu_startup_entry) from [<801014cc>] (0x801014cc)
[    0.898840] ---[ end trace b86694d830460d39 ]---
[    1.014473] console [ttyS0] enabled
[    1.014473] console [ttyS0] enabled
[    1.020774] bootconsole [earlycon0] disabled
[    1.020774] bootconsole [earlycon0] disabled
[    1.030331] [drm] Initialized
[    1.035327] tegra-hdmi 54280000.hdmi: failed to get HDMI regulator
[    1.041892] tegra-dpaux 545c0000.dpaux: failed to get VDD supply: -517
[    1.049217] panel supply power not found, using dummy regulator
[    1.060334] loop: module loaded
[    1.064116] as3722 4-0040: AS3722 with revision 0x1 found
[    1.075111] as3722-sd2: supplied by +5V_SYS
[    1.079602] as3722-sd3: supplied by +5V_SYS
[    1.083947] +1.35V_LP0(sd3): Bringing 0uV into 1350000-1350000uV
[    1.090193] as3722-sd4: supplied by +5V_SYS
[    1.094543] +1.05V_RUN: Bringing 0uV into 1050000-1050000uV
[    1.100350] as3722-sd5: supplied by +5V_SYS
[    1.106089] as3722-ldo0: supplied by +1.35V_LP0(sd2)
[    1.111890] +1.8V_RUN_CAM: Bringing 0uV into 1800000-1800000uV
[    1.117996] as3722-ldo2: supplied by +1.8V_VDDIO
[    1.123698] as3722-ldo3: supplied by +3.3V_SYS
[    1.128147] +1.00V_LP0_VDD_RTC: Bringing 1100000uV into 1000000-1000000uV
[    1.135801] as3722-ldo4: supplied by +3.3V_SYS
[    1.140395] +3.3V_RUN_CAM: Bringing 0uV into 2800000-2800000uV
[    1.146495] as3722-ldo5: supplied by +1.8V_VDDIO
[    1.151262] +1.2V_RUN_CAM_FRONT: Bringing 0uV into 1200000-1200000uV
[    1.158030] +VDDIO_SDMMC3: Bringing 0uV into 1800000-1800000uV
[    1.164149] as3722-ldo7: supplied by +1.8V_VDDIO
[    1.168918] +1.05V_RUN_CAM_REAR: Bringing 0uV into 1050000-1050000uV
[    1.175557] as3722-ldo9: supplied by +5V_SYS
[    1.180128] +2.8V_RUN_TOUCH: Bringing 0uV into 2800000-2800000uV
[    1.186411] as3722-ldo10: supplied by +5V_SYS
[    1.190917] +2.8V_RUN_CAM_AF: Bringing 0uV into 2800000-2800000uV
[    1.197451] +1.8V_RUN_VPP_FUSE: Bringing 0uV into 1800000-1800000uV
[    1.214658] cros-ec-spi spi32766.0: Chrome EC device registered
[    1.223996] random: fast init done
[    1.229999] m25p80 spi32765.0: w25q32dw (4096 Kbytes)
[    1.236344] libphy: Fixed MDIO Bus: probed
[    1.240429] CAN device driver interface
[    1.244292] igb: Intel(R) Gigabit Ethernet Network Driver - version 5.4.0-k
[    1.251233] igb: Copyright (c) 2007-2014 Intel Corporation.
[    1.256911] pegasus: v0.9.3 (2013/04/25), Pegasus/Pegasus II USB Ethernet driver
[    1.264343] usbcore: registered new interface driver pegasus
[    1.270036] usbcore: registered new interface driver asix
[    1.275470] usbcore: registered new interface driver ax88179_178a
[    1.281583] usbcore: registered new interface driver cdc_ether
[    1.287454] usbcore: registered new interface driver smsc75xx
[    1.293251] usbcore: registered new interface driver smsc95xx
[    1.299016] usbcore: registered new interface driver net1080
[    1.304700] usbcore: registered new interface driver cdc_subset
[    1.310636] usbcore: registered new interface driver zaurus
[    1.316258] usbcore: registered new interface driver cdc_ncm
[    1.322005] ehci_hcd: USB 2.0 'Enhanced' Host Controller (EHCI) Driver
[    1.328514] ehci-pci: EHCI PCI platform driver
[    1.332997] tegra-ehci: Tegra EHCI driver
[    1.337314] usbcore: registered new interface driver cdc_acm
[    1.342965] cdc_acm: USB Abstract Control Model driver for USB modems and ISDN adapters
[    1.350985] usbcore: registered new interface driver cdc_wdm
[    1.356694] usbcore: registered new interface driver usb-storage
[    1.362940] mousedev: PS/2 mouse device common for all mice
[    1.368776] input: cros_ec as /devices/soc0/7000d400.spi/spi_master/spi32766/spi32766.0/7000d400.spi:cros-ec@0:keyboard-controller/input/input0
[    1.383732] as3722-rtc as3722-rtc: rtc core: registered as3722-rtc as rtc0
[    1.390590] as3722-rtc as3722-rtc: RTC interrupt 372
[    1.397490] tegra_rtc 7000e000.rtc: rtc core: registered 7000e000.rtc as rtc1
[    1.404645] tegra_rtc 7000e000.rtc: Tegra internal Real Time Clock
[    1.410938] i2c /dev entries driver
[    1.415139] usbcore: registered new interface driver uvcvideo
[    1.420869] USB Video Class driver (1.1.1)
[    1.424959] gspca_main: v2.14.0 registered
[    1.429324] 0-004c supply vcc not found, using dummy regulator
[    1.437114] tegra-wdt 60005000.timer: initialized (heartbeat = 120 sec, nowayout = 0)
[    1.445547] sdhci: Secure Digital Host Controller Interface driver
[    1.451710] sdhci: Copyright(c) Pierre Ossman
[    1.456068] sdhci-pltfm: SDHCI platform and OF driver helper
[    1.461858] sdhci-tegra 700b0000.sdhci: allocated mmc-pwrseq
[    1.467693] sdhci-tegra 700b0400.sdhci: Got CD GPIO
[    1.472576] sdhci-tegra 700b0400.sdhci: Got WP GPIO
[    1.477585] mmc0: Unknown controller version (3). You may experience problems.
[    1.484824] mmc0: Invalid maximum block size, assuming 512 bytes
[    1.552033] mmc0: SDHCI controller on 700b0600.sdhci [700b0600.sdhci] using ADMA
[    1.561942] usbcore: registered new interface driver usbhid
[    1.570571] usbhid: USB HID core driver
[    1.578837] tegra30-i2s 70301100.i2s: DMA channels sourced from device 70300000.ahub
[    1.642417] mmc0: new high speed MMC card at address 0001
[    1.647816] max98090 0-0010: MAX98090 REVID=0x43
[    1.648261] mmcblk0: mmc0:0001 MMC16G 14.4 GiB 
[    1.648453] mmcblk0boot0: mmc0:0001 MMC16G partition 1 2.00 MiB
[    1.648630] mmcblk0boot1: mmc0:0001 MMC16G partition 2 2.00 MiB
[    1.648802] mmcblk0rpmb: mmc0:0001 MMC16G partition 3 128 KiB
[    1.655411]  mmcblk0: p1 p2 p3 p4 p5 p6 p7 p8 p9 p10 p11 p12
[    1.682211] max98090 0-0010: use default 2.8v micbias
[    1.689834] tegra-snd-max98090 sound: HiFi <-> 70301100.i2s mapping ok
[    1.697577] input: GoogleNyanBig Headphones as /devices/soc0/sound/sound/card1/input1
[    1.705650] input: GoogleNyanBig Mic Jack as /devices/soc0/sound/sound/card1/input2
[    1.713868] NET: Registered protocol family 10
[    1.952005] IPv6: Attempt to unregister permanent protocol 6
[    1.957689] IPv6: Attempt to unregister permanent protocol 136
[    1.963534] IPv6: Attempt to unregister permanent protocol 17
[    2.362571] input: tegra-hda HDMI/DP,pcm=3 as /devices/soc0/70030000.hda/sound/card0/input3
[    4.052049] NET: Unregistered protocol family 10
[    4.056719] IPv6: ah6_init: can't add xfrm type
[    4.061236] IPv6: esp6_init: can't add xfrm type
[    4.065850] IPv6: ipcomp6_init: can't add xfrm type
[    4.070755] mip6: Mobile IPv6
[    4.073719] mip6: mip6_init: can't add xfrm type(destopt)
[    4.079102] sit: IPv6, IPv4 and MPLS over IPv4 tunneling driver
[    4.085843] NET: Registered protocol family 17
[    4.090284] NET: Registered protocol family 15
[    4.094721] can: controller area network core (rev 20120528 abi 9)
[    4.100947] NET: Registered protocol family 29
[    4.105383] can: raw protocol (rev 20120528)
[    4.109640] can: broadcast manager protocol (rev 20160617 t)
[    4.115293] can: netlink gateway (rev 20130117) max_hops=1
[    4.120832] Bluetooth: RFCOMM socket layer initialized
[    4.125975] Bluetooth: RFCOMM ver 1.11
[    4.129715] Bluetooth: BNEP (Ethernet Emulation) ver 1.3
[    4.135023] Bluetooth: BNEP socket layer initialized
[    4.139973] Bluetooth: HIDP (Human Interface Emulation) ver 1.2
[    4.145886] Bluetooth: HIDP socket layer initialized
[    4.150968] Key type dns_resolver registered
[    4.155660] Registering SWP/SWPB emulation handler
[    4.166880] +3.3V_RUN: supplied by +3.3V_SYS
[    4.171588] +3.3V_AVDD_HDMI_AP_GATED: supplied by +3.3V_RUN
[    4.177275] +1.8V_RUN_CAM: supplied by +3.3V_RUN
[    4.181926] +VDDIO_SDMMC3: supplied by +3.3V_RUN
[    4.186579] +1.8V_RUN_VPP_FUSE: supplied by +3.3V_RUN
[    4.191731] +VDD_LED: supplied by +VDD_MUX
[    4.196156] +5V_VDD_TS_SW: supplied by +5V_SYS
[    4.200790] +5V_USB_HS: supplied by +5V_SYS
[    4.205168] +5V_USB_SS: supplied by +5V_SYS
[    4.210322] +3.3V_PANEL: supplied by +3.3V_RUN
[    4.215725] +3.3V_LP0: supplied by +3.3V_SYS
[    4.220712] +1.05V_RUN_AVDD_HDMI_PLL: supplied by +1.05V_RUN
[    4.226617] +5V_HDMI_CON: supplied by +5V_SYS
[    4.232010] usb3-0 supply vbus not found, using dummy regulator
[    4.238062] usb3-1 supply vbus not found, using dummy regulator
[    4.246440] tegra-sor 54540000.sor: failed to probe output: -517
[    4.252681] panel supply power not found, using dummy regulator
[    4.322720] tegra-xusb 70090000.usb: Firmware timestamp: 2014-09-16 02:10:07 UTC
[    4.330129] tegra-xusb 70090000.usb: xHCI Host Controller
[    4.335547] tegra-xusb 70090000.usb: new USB bus registered, assigned bus number 1
[    4.345104] tegra-xusb 70090000.usb: hcc params 0x0184f525 hci version 0x100 quirks 0x00010010
[    4.353739] tegra-xusb 70090000.usb: irq 344, io mem 0x70090000
[    4.360314] hub 1-0:1.0: USB hub found
[    4.364123] hub 1-0:1.0: 6 ports detected
[    4.368712] tegra-xusb 70090000.usb: xHCI Host Controller
[    4.374142] tegra-xusb 70090000.usb: new USB bus registered, assigned bus number 2
[    4.381826] usb usb2: We don't know the algorithms for LPM for this host, disabling LPM.
[    4.390516] hub 2-0:1.0: USB hub found
[    4.394322] hub 2-0:1.0: 2 ports detected
[    4.399483] sdhci-tegra 700b0000.sdhci: allocated mmc-pwrseq
[    4.405325] mmc1: Unknown controller version (3). You may experience problems.
[    4.412603] mmc1: Invalid maximum block size, assuming 512 bytes
[    4.419086] mmc1: Switching to 3.3V signalling voltage failed
[    4.482087] mmc1: SDHCI controller on 700b0000.sdhci [700b0000.sdhci] using ADMA
[    4.489680] sdhci-tegra 700b0400.sdhci: Got CD GPIO
[    4.494598] sdhci-tegra 700b0400.sdhci: Got WP GPIO
[    4.499589] mmc2: Unknown controller version (3). You may experience problems.
[    4.506869] mmc2: Invalid maximum block size, assuming 512 bytes
[    4.551774] mmc1: new high speed SDIO card at address 0001
[    4.572162] mmc2: SDHCI controller on 700b0400.sdhci [700b0400.sdhci] using ADMA
[    4.677273] [drm] Supports vblank timestamp caching Rev 2 (21.10.2013).
[    4.683919] [drm] No driver support for vblank timestamp query.
[    4.722027] usb 1-2: new high-speed USB device number 2 using tegra-xusb
[    4.724133] mmc2: new high speed SDHC card at address 0007
[    4.724878] mmcblk2: mmc2:0007 SD08G 7.42 GiB 
[    4.732626] GPT:Primary header alternate_lba != Alt. header my_lba
[    4.732630] GPT:3014591 != 15564799
[    4.732631] GPT:Primary header thinks Alt. header is not at the end of the disk.
[    4.732632] GPT:3014591 != 15564799
[    4.732633] GPT: Use GNU Parted to correct GPT errors.
[    4.732658]  mmcblk2: p1 p2 p3 p4 p5 p6 p7 p8 p9 p10 p11 p12
[    4.744853] Console: switching to colour frame buffer device 170x48
[    4.802916] drm drm: fb0:  frame buffer device
[    4.807522] [drm] Initialized tegra 0.0.0 20120330 on minor 0
[    4.813983] input: gpio-keys as /devices/soc0/gpio-keys/input/input4
[    4.821109] as3722-rtc as3722-rtc: setting system clock to 2000-01-01 00:00:25 UTC (946684825)
[    4.830074] +1.8V_RUN_CAM: disabling
[    4.833902] +1.2V_RUN_CAM_FRONT: disabling
[    4.838177] +1.05V_RUN_CAM_REAR: disabling
[    4.842470] +2.8V_RUN_TOUCH: disabling
[    4.846394] +2.8V_RUN_CAM_AF: disabling
[    4.850408] +1.8V_RUN_VPP_FUSE: disabling
[    4.854621] +5V_VDD_TS_SW: disabling
[    4.858196] ALSA device list:
[    4.861155]   #0: tegra-hda at 0x70038000 irq 343
[    4.865904]   #1: GoogleNyanBig
[    4.869884] EXT4-fs (mmcblk0p3): couldn't mount as ext3 due to feature incompatibilities
[    5.032143] uvcvideo: Found UVC 1.00 device HD WebCam (1bcf:2c67)
[    5.046855] input: HD WebCam as /devices/soc0/70090000.usb/usb1/1-2/1-2:1.0/input/input5
[    5.366011] EXT4-fs (mmcblk0p3): recovery complete
[    5.370807] EXT4-fs (mmcblk0p3): mounted filesystem with ordered data mode. Opts: (null)
[    5.378942] VFS: Mounted root (ext4 filesystem) on device 179:3.
[    5.386096] devtmpfs: mounted
[    5.389493] Freeing unused kernel memory: 1024K
[    5.394086] usb 1-3: new high-speed USB device number 3 using tegra-xusb
bash: cannot set terminal process group (-1): Inappropriate ioctl for device
bash: no job control in this shell
root@(none):/# [    6.061446] asix 1-3:1.0 eth0: register 'asix' at usb-70090000.usb-3, ASIX AX88772 USB 2.0 Ethernet, c8:d7:19:90:fa:65
[    6.412090] usb 1-1: new high-speed USB device number 4 using tegra-xusb
mount -t sysfs none /sys
[    6.591076] usb-storage 1-1:1.0: USB Mass Storage device detected
[    6.597742] scsi host0: usb-storage 1-1:1.0
root@(none):/# 
root@(none):/# mount -t debugfs none /sys/kernel/debug
root@(none):/# 
root@(none):/# [    7.644131] scsi 0:0:0:0: Direct-Access     SanDisk  SDDR-113         9412 PQ: 0 ANSI: 0
[    7.816960] sd 0:0:0:0: [sda] 15523840 512-byte logical blocks: (7.95 GB/7.40 GiB)
[    7.825810] sd 0:0:0:0: [sda] Write Protect is off
[    7.830593] sd 0:0:0:0: [sda] Mode Sense: 03 00 00 00
[    7.836803] sd 0:0:0:0: [sda] No Caching mode page found
[    7.842118] sd 0:0:0:0: [sda] Assuming drive cache: write through
[    7.867963]  sda: sda1 sda2 sda3 sda4 sda5 sda6 sda7 sda8 sda9 sda10 sda11 sda12 sda13
[    7.881182] sd 0:0:0:0: [sda] Attached SCSI removable disk
rtcwake -d rtc1 -m mem -s 3
rtcwake: assuming RTC uses UTC ...
rtcwake: wakeup from "mem" using /dev/rtc1 at Thu Jan  1 00:00:30 1970
[    8.612664] PM: Syncing filesystems ... done.
[    8.622461] Freezing user space processes ... [    8.623659] Freezing remaining freezable tasks ... 
[    8.624916] (elapsed 0.001 seconds) done.Suspending console(s) (use no_console_suspend to debug)
(elapsed 0.001 seconds) done.
[    8.641123] asix 1-3:1.0 eth0: Failed to read reg index 0x0000: -19
[    8.641126] asix 1-3:1.0 eth0: Error reading Medium Status register: ffffffed
[    8.641131] asix 1-3:1.0 eth0: Failed to write reg index 0x0000: -19
[    8.641134] asix 1-3:1.0 eth0: Failed to write Medium Mode mode to 0xfeed: ffffffed
[    8.853436] PM: suspend of devices complete after 212.501 msecs
[    8.854232] PM: late suspend of devices complete after 0.792 msecs
[    8.854983] PM: noirq suspend of devices complete after 0.747 msecs
[    8.854985] Disabling non-boot CPUs ...
[    8.942354] CPU1: shutdown
[    9.222349] CPU2: shutdown
[    9.402212] IRQ17 no longer affine to CPU3
[    9.402377] CPU3: shutdown
[    9.442946] Entering suspend state LP1
[    9.442946] Suspended for 2.569 seconds
[    9.442970] Enabling non-boot CPUs ...
[    9.463029] CPU1 is up
[    9.513155] CPU2 is up
[    9.653352] CPU3 is up
[    9.653763] PM: noirq resume of devices complete after 0.407 msecs
[    9.655152] PM: early resume of devices complete after 0.898 msecs
[    9.697081] mmc1: Switching to 3.3V signalling voltage failed
[    9.952035] tegra-sor 54540000.sor: failed to attach SOR: -110
[   10.225801] PM: resume of devices complete after 570.640 msecs
[   10.339155] Restarting tasks ... done.
root@(none):/# 
root@(none):/# rtcwake -d rtc1 -m mem -s 3
rtcwake: assuming RTC uses UTC ...
rtcwake: wakeup from "mem" using /dev/rtc1 at Thu Jan  1 00:00:35 1970
[   11.131725] PM: Syncing filesystems ... done.
[   11.141148] Freezing user space processes ... (elapsed 0.001 seconds) done.
[   11.149354] Freezing remaining freezable tasks ... (elapsed 0.001 seconds) done.
[   11.158045] Suspending console(s) (use no_console_suspend to debug)
[   11.164950] asix 1-3:1.0 eth0: Failed to read reg index 0x0000: -19
[   11.164955] asix 1-3:1.0 eth0: Error reading Medium Status register: ffffffed
[   11.164962] asix 1-3:1.0 eth0: Failed to write reg index 0x0000: -19
[   11.164966] asix 1-3:1.0 eth0: Failed to write Medium Mode mode to 0xfeed: ffffffed
[   11.393432] PM: suspend of devices complete after 228.703 msecs
[   11.394654] PM: late suspend of devices complete after 1.213 msecs
[   11.395367] PM: noirq suspend of devices complete after 0.708 msecs
[   11.395368] Disabling non-boot CPUs ...
[   11.532168] IRQ17 no longer affine to CPU1
[   11.532327] CPU1: shutdown
[   11.902316] CPU2: shutdown
[   12.102288] CPU3: shutdown
[   12.142832] Entering suspend state LP1
[   12.142832] Suspended for 2.299 seconds
[   12.142856] Enabling non-boot CPUs ...
[   12.163011] CPU1 is up
[   12.213129] CPU2 is up
[   12.353319] CPU3 is up
[   12.353775] PM: noirq resume of devices complete after 0.451 msecs
[   12.355263] PM: early resume of devices complete after 0.971 msecs
[   12.407629] mmc1: Switching to 3.3V signalling voltage failed
[   12.662013] tegra-sor 54540000.sor: failed to attach SOR: -110
[   12.946142] PM: resume of devices complete after 590.870 msecs
[   13.056783] Restarting tasks ... done.
root@(none):/# 
root@(none):/# rtcwake -d rtc1 -m mem -s 3
rtcwake: assuming RTC uses UTC ...
rtcwake: wakeup from "mem" using /dev/rtc1 at Thu Jan  1 00:00:40 1970
[   13.822788] PM: Syncing filesystems ... done.
[   13.832284] Freezing user space processes ... (elapsed 0.001 seconds) done.
[   13.840403] Freezing remaining freezable tasks ... (elapsed 0.001 seconds) done.
[   13.849118] Suspending console(s) (use no_console_suspend to debug)
[   13.856015] asix 1-3:1.0 eth0: Failed to read reg index 0x0000: -19
[   13.856020] asix 1-3:1.0 eth0: Error reading Medium Status register: ffffffed
[   13.856024] asix 1-3:1.0 eth0: Failed to write reg index 0x0000: -19
[   13.856026] asix 1-3:1.0 eth0: Failed to write Medium Mode mode to 0xfeed: ffffffed
[   14.063375] PM: suspend of devices complete after 207.601 msecs
[   14.064176] PM: late suspend of devices complete after 0.796 msecs
[   14.064925] PM: noirq suspend of devices complete after 0.745 msecs
[   14.064927] Disabling non-boot CPUs ...
[   14.112298] CPU1: shutdown
[   14.402116] IRQ17 no longer affine to CPU2
[   14.402292] CPU2: shutdown
[   14.582258] CPU3: shutdown
[   14.622803] Entering suspend state LP1
[   14.622803] Suspended for 2.519 seconds
[   14.622827] Enabling non-boot CPUs ...
[   14.642988] CPU1 is up
[   14.693097] CPU2 is up
[   14.773303] CPU3 is up
[   14.773763] PM: noirq resume of devices complete after 0.456 msecs
[   14.775351] PM: early resume of devices complete after 1.080 msecs
[   14.817729] mmc1: Switching to 3.3V signalling voltage failed
[   15.022286] usb 1-1: reset high-speed USB device number 4 using tegra-xusb
[   15.071975] tegra-sor 54540000.sor: failed to attach SOR: -110
[   15.344738] PM: resume of devices complete after 569.378 msecs
[   15.462181] Restarting tasks ... done.
root@(none):/# 
root@(none):/# rtcwake -d rtc1 -m mem -s 3
rtcwake: assuming RTC uses UTC ...
rtcwake: wakeup from "mem" using /dev/rtc1 at Thu Jan  1 00:00:45 1970
[   16.302617] PM: Syncing filesystems ... done.
[   16.312311] Freezing user space processes ... (elapsed 0.001 seconds) done.
[   16.320506] Freezing remaining freezable tasks ... (elapsed 0.001 seconds) done.
[   16.329214] Suspending console(s) (use no_console_suspend to debug)
[   16.336050] asix 1-3:1.0 eth0: Failed to read reg index 0x0000: -19
[   16.336053] asix 1-3:1.0 eth0: Error reading Medium Status register: ffffffed
[   16.336058] asix 1-3:1.0 eth0: Failed to write reg index 0x0000: -19
[   16.336060] asix 1-3:1.0 eth0: Failed to write Medium Mode mode to 0xfeed: ffffffed
[   16.553358] PM: suspend of devices complete after 217.509 msecs
[   16.554157] PM: late suspend of devices complete after 0.795 msecs
[   16.554903] PM: noirq suspend of devices complete after 0.742 msecs
[   16.554905] Disabling non-boot CPUs ...
[   16.692259] CPU1: shutdown
[   16.982258] CPU2: shutdown
[   17.182236] CPU3: shutdown
[   17.222743] Entering suspend state LP1
[   17.222743] Suspended for 2.399 seconds
[   17.222767] Enabling non-boot CPUs ...
[   17.242982] CPU1 is up
[   17.293075] CPU2 is up
[   17.453275] CPU3 is up
[   17.453696] PM: noirq resume of devices complete after 0.417 msecs
[   17.455210] PM: early resume of devices complete after 1.019 msecs
[   17.496989] mmc1: Switching to 3.3V signalling voltage failed
[   17.751906] tegra-sor 54540000.sor: failed to attach SOR: -110
[   18.026197] PM: resume of devices complete after 570.978 msecs
[   18.132662] Restarting tasks ... done.
root@(none):/# 
root@(none):/# rtcwake -d rtc1 -m mem -s 3
rtcwake: assuming RTC uses UTC ...
rtcwake: wakeup from "mem" using /dev/rtc1 at Thu Jan  1 00:00:50 1970
[   18.902748] PM: Syncing filesystems ... done.
[   18.912231] Freezing user space processes ... (elapsed 0.001 seconds) done.
[   18.920365] Freezing remaining freezable tasks ... (elapsed 0.001 seconds) done.
[   18.929070] Suspending console(s) (use no_console_suspend to debug)
[   18.935958] asix 1-3:1.0 eth0: Failed to read reg index 0x0000: -19
[   18.935962] asix 1-3:1.0 eth0: Error reading Medium Status register: ffffffed
[   18.935969] asix 1-3:1.0 eth0: Failed to write reg index 0x0000: -19
[   18.935973] asix 1-3:1.0 eth0: Failed to write Medium Mode mode to 0xfeed: ffffffed
[   19.153315] PM: suspend of devices complete after 217.573 msecs
[   19.154602] PM: late suspend of devices complete after 1.278 msecs
[   19.155303] PM: noirq suspend of devices complete after 0.696 msecs
[   19.155305] Disabling non-boot CPUs ...
[   19.322243] CPU1: shutdown
[   19.612229] CPU2: shutdown
[   19.792030] IRQ17 no longer affine to CPU3
[   19.792202] CPU3: shutdown
[   19.832709] Entering suspend state LP1
[   19.832709] Suspended for 2.389 seconds
[   19.832732] Enabling non-boot CPUs ...
[   19.852935] CPU1 is up
[   19.903040] CPU2 is up
[   20.043249] CPU3 is up
[   20.043679] PM: noirq resume of devices complete after 0.427 msecs
[   20.045209] PM: early resume of devices complete after 1.039 msecs
[   20.087246] mmc1: Switching to 3.3V signalling voltage failed
[   20.292136] usb 1-1: reset high-speed USB device number 4 using tegra-xusb
[   20.341861] tegra-sor 54540000.sor: failed to attach SOR: -110
[   20.616130] PM: resume of devices complete after 570.912 msecs
[   20.733571] Restarting tasks ... done.
root@(none):/# 
root@(none):/# rtcwake -d rtc1 -m mem -s 3
rtcwake: assuming RTC uses UTC ...
rtcwake: wakeup from "mem" using /dev/rtc1 at Thu Jan  1 00:00:55 1970
[   21.511801] PM: Syncing filesystems ... done.
[   21.521301] Freezing user space processes ... (elapsed 0.001 seconds) done.
[   21.529528] Freezing remaining freezable tasks ... (elapsed 0.001 seconds) done.
[   21.538242] Suspending console(s) (use no_console_suspend to debug)
[   21.545046] asix 1-3:1.0 eth0: Failed to read reg index 0x0000: -19
[   21.545050] asix 1-3:1.0 eth0: Error reading Medium Status register: ffffffed
[   21.545054] asix 1-3:1.0 eth0: Failed to write reg index 0x0000: -19
[   21.545057] asix 1-3:1.0 eth0: Failed to write Medium Mode mode to 0xfeed: ffffffed
[   21.753287] PM: suspend of devices complete after 208.407 msecs
[   21.754088] PM: late suspend of devices complete after 0.796 msecs
[   21.754825] PM: noirq suspend of devices complete after 0.734 msecs
[   21.754827] Disabling non-boot CPUs ...
[   21.902048] IRQ17 no longer affine to CPU1
[   21.902215] CPU1: shutdown
[   22.182202] CPU2: shutdown
[   22.272179] CPU3: shutdown
[   22.292783] Entering suspend state LP1
[   22.292783] Suspended for 2.539 seconds
[   22.292792] Enabling non-boot CPUs ...
[   22.312916] CPU1 is up
[   22.363023] CPU2 is up
[   22.503221] CPU3 is up
[   22.503642] PM: noirq resume of devices complete after 0.417 msecs
[   22.505234] PM: early resume of devices complete after 1.098 msecs
[   22.547040] mmc1: Switching to 3.3V signalling voltage failed
[   22.801853] tegra-sor 54540000.sor: failed to attach SOR: -110
[   23.075223] PM: resume of devices complete after 569.980 msecs
[   23.185830] Restarting tasks ... done.
root@(none):/# 
root@(none):/# rtcwake -d rtc1 -m mem -s 3
rtcwake: assuming RTC uses UTC ...
rtcwake: wakeup from "mem" using /dev/rtc1 at Thu Jan  1 00:01:00 1970
[   23.972753] PM: Syncing filesystems ... done.
[   23.982311] Freezing user space processes ... [   23.983635] Freezing remaining freezable tasks ... 
[   23.986977] (elapsed 0.003 seconds) done.Suspending console(s) (use no_console_suspend to debug)
(elapsed 0.001 seconds) done.
[   24.000951] asix 1-3:1.0 eth0: Failed to read reg index 0x0000: -19
[   24.000955] asix 1-3:1.0 eth0: Error reading Medium Status register: ffffffed
[   24.000960] asix 1-3:1.0 eth0: Failed to write reg index 0x0000: -19
[   24.000963] asix 1-3:1.0 eth0: Failed to write Medium Mode mode to 0xfeed: ffffffed
[   24.213264] PM: suspend of devices complete after 212.547 msecs
[   24.214057] PM: late suspend of devices complete after 0.789 msecs
[   24.214805] PM: noirq suspend of devices complete after 0.744 msecs
[   24.214806] Disabling non-boot CPUs ...
[   24.262181] CPU1: shutdown
[   24.612176] CPU2: shutdown
[   24.811985] IRQ17 no longer affine to CPU3
[   24.812155] CPU3: shutdown
[   24.852705] Entering suspend state LP1
[   24.852705] Suspended for 2.439 seconds
[   24.852729] Enabling non-boot CPUs ...
[   24.872884] CPU1 is up
[   24.922974] CPU2 is up
[   25.063191] CPU3 is up
[   25.063616] PM: noirq resume of devices complete after 0.421 msecs
[   25.065343] PM: early resume of devices complete after 1.207 msecs
[   25.106827] mmc1: Switching to 3.3V signalling voltage failed
[   25.312183] usb 1-1: reset high-speed USB device number 4 using tegra-xusb
[   25.361801] tegra-sor 54540000.sor: failed to attach SOR: -110
[   25.635563] PM: resume of devices complete after 570.211 msecs
[   25.755684] Restarting tasks ... done.
root@(none):/# 
root@(none):/# rtcwake -d rtc1 -m mem -s 3
rtcwake: assuming RTC uses UTC ...
rtcwake: wakeup from "mem" using /dev/rtc1 at Thu Jan  1 00:01:05 1970
[   26.532641] PM: Syncing filesystems ... done.
[   26.542187] Freezing user space processes ... (elapsed 0.001 seconds) done.
[   26.550310] Freezing remaining freezable tasks ... (elapsed 0.001 seconds) done.
[   26.559025] Suspending console(s) (use no_console_suspend to debug)
[   26.565885] asix 1-3:1.0 eth0: Failed to read reg index 0x0000: -19
[   26.565890] asix 1-3:1.0 eth0: Error reading Medium Status register: ffffffed
[   26.565895] asix 1-3:1.0 eth0: Failed to write reg index 0x0000: -19
[   26.565898] asix 1-3:1.0 eth0: Failed to write Medium Mode mode to 0xfeed: ffffffed
[   26.773231] PM: suspend of devices complete after 207.552 msecs
[   26.774394] PM: late suspend of devices complete after 1.154 msecs
[   26.775106] PM: noirq suspend of devices complete after 0.707 msecs
[   26.775107] Disabling non-boot CPUs ...
[   26.862146] CPU1: shutdown
[   27.112143] CPU2: shutdown
[   27.221951] IRQ17 no longer affine to CPU3
[   27.222123] CPU3: shutdown
[   27.262659] Entering suspend state LP1
[   27.262659] Suspended for 2.589 seconds
[   27.262683] Enabling non-boot CPUs ...
[   27.282850] CPU1 is up
[   27.332960] CPU2 is up
[   27.473156] CPU3 is up
[   27.473584] PM: noirq resume of devices complete after 0.424 msecs
[   27.475253] PM: early resume of devices complete after 1.164 msecs
[   27.516733] mmc1: Switching to 3.3V signalling voltage failed
[   27.722153] usb 1-1: reset high-speed USB device number 4 using tegra-xusb
[   27.771812] tegra-sor 54540000.sor: failed to attach SOR: -110
[   28.045572] PM: resume of devices complete after 570.309 msecs
[   28.163037] Restarting tasks ... done.
root@(none):/# 
root@(none):/# rtcwake -d rtc1 -m mem -s 3
rtcwake: assuming RTC uses UTC ...
rtcwake: wakeup from "mem" using /dev/rtc1 at Thu Jan  1 00:01:10 1970
[   28.942477] PM: Syncing filesystems ... done.
[   28.952008] Freezing user space processes ... (elapsed 0.001 seconds) done.
[   28.960208] Freezing remaining freezable tasks ... (elapsed 0.001 seconds) done.
[   28.968851] Suspending console(s) (use no_console_suspend to debug)
[   28.975665] asix 1-3:1.0 eth0: Failed to read reg index 0x0000: -19
[   28.975668] asix 1-3:1.0 eth0: Error reading Medium Status register: ffffffed
[   28.975671] asix 1-3:1.0 eth0: Failed to write reg index 0x0000: -19
[   28.975674] asix 1-3:1.0 eth0: Failed to write Medium Mode mode to 0xfeed: ffffffed
[   29.183199] PM: suspend of devices complete after 207.711 msecs
[   29.183993] PM: late suspend of devices complete after 0.790 msecs
[   29.184740] PM: noirq suspend of devices complete after 0.743 msecs
[   29.184742] Disabling non-boot CPUs ...
[   29.322123] CPU1: shutdown
[   29.622118] CPU2: shutdown
[   29.782099] CPU3: shutdown
[   29.822604] Entering suspend state LP1
[   29.822604] Suspended for 2.439 seconds
[   29.822628] Enabling non-boot CPUs ...
[   29.842820] CPU1 is up
[   29.892914] CPU2 is up
[   30.033130] CPU3 is up
[   30.033553] PM: noirq resume of devices complete after 0.419 msecs
[   30.035096] PM: early resume of devices complete after 1.028 msecs
[   30.076810] mmc1: Switching to 3.3V signalling voltage failed
[   30.331839] tegra-sor 54540000.sor: failed to attach SOR: -110
[   30.606314] PM: resume of devices complete after 571.208 msecs
[   30.712797] Restarting tasks ... done.
root@(none):/# 
root@(none):/# rtcwake -d rtc1 -m mem -s 3
rtcwake: assuming RTC uses UTC ...
rtcwake: wakeup from "mem" using /dev/rtc1 at Thu Jan  1 00:01:15 1970
[   31.502587] PM: Syncing filesystems ... done.
[   31.512150] Freezing user space processes ... (elapsed 0.001 seconds) done.
[   31.520355] Freezing remaining freezable tasks ... (elapsed 0.001 seconds) done.
[   31.529069] Suspending console(s) (use no_console_suspend to debug)
[   31.535938] asix 1-3:1.0 eth0: Failed to read reg index 0x0000: -19
[   31.535948] asix 1-3:1.0 eth0: Error reading Medium Status register: ffffffed
[   31.535953] asix 1-3:1.0 eth0: Failed to write reg index 0x0000: -19
[   31.535956] asix 1-3:1.0 eth0: Failed to write Medium Mode mode to 0xfeed: ffffffed
[   31.743166] PM: suspend of devices complete after 207.428 msecs
[   31.744464] PM: late suspend of devices complete after 1.288 msecs
[   31.745177] PM: noirq suspend of devices complete after 0.709 msecs
[   31.745179] Disabling non-boot CPUs ...
[   31.832083] CPU1: shutdown
[   32.132076] CPU2: shutdown
[   32.331885] IRQ17 no longer affine to CPU3
[   32.332060] CPU3: shutdown
[   32.372588] Entering suspend state LP1
[   32.372588] Suspended for 2.449 seconds
[   32.372611] Enabling non-boot CPUs ...
[   32.392787] CPU1 is up
[   32.442897] CPU2 is up
[   32.603095] CPU3 is up
[   32.603525] PM: noirq resume of devices complete after 0.426 msecs
[   32.605185] PM: early resume of devices complete after 1.142 msecs
[   32.646988] mmc1: Switching to 3.3V signalling voltage failed
[   32.901728] tegra-sor 54540000.sor: failed to attach SOR: -110
[   33.175946] PM: resume of devices complete after 570.751 msecs
[   33.286607] Restarting tasks ... done.
root@(none):/# 
root@(none):/# NVTB SYSTEM SUSPEND TEST COMPLETE
