
U-Boot SPL 2015.04-rc3-00209-ga74ef40 (Mar 16 2015 - 14:43:39)


U-Boot 2015.04-rc3-00209-ga74ef40 (Mar 16 2015 - 14:43:39)

TEGRA20
Model: Compulab TrimSlice board
DRAM:  1 GiB
MMC:   Tegra SD/MMC: 0, Tegra SD/MMC: 1
SF: Detected W25Q80BL with page size 256 Bytes, erase size 4 KiB, total 1 MiB
tegra-pcie: PCI regions:
tegra-pcie:   I/O: 0x82000000-0x82010000
tegra-pcie:   non-prefetchable memory: 0xa0000000-0xa8000000
tegra-pcie:   prefetchable memory: 0xa8000000-0xc0000000
tegra-pcie: dual-mode configuration
tegra-pcie: probing port 0, using 2 lanes
In:    serial
Out:   serial
Err:   serial
Net:   RTL8169#0
Hit any key to stop autoboot:  2  0 
Tegra20 (TrimSlice) # 
Tegra20 (TrimSlice) # usb reset
resetting USB...
USB0:   USB EHCI 1.00
scanning bus 0 for devices... 3 USB Device(s) found
USB1:   USB EHCI 1.00
scanning bus 1 for devices... 1 USB Device(s) found
USB2:   lowlevel init failed
       scanning usb for storage devices... 0 Storage Device(s) found
       scanning usb for ethernet devices... 
Warning: asx0 using MAC address from net device
1 Ethernet Device(s) found
Tegra20 (TrimSlice) # setenv bootargs 'ignore_loglevel console=ttyS0,115200n8 rw root=PARTUUID=11eb23c1-01 rootwait gpt debug noinitrd earlyprintk init=/bin/bash'
Tegra20 (TrimSlice) # setenv ipaddr 192.168.100.103; setenv serverip 192.168.100.1; setenv tftpserverip 192.168.100.1
Tegra20 (TrimSlice) # tftpboot 0x00408000 zImage.multi_v7_defconfig
Using RTL8169#0 device
TFTP from server 192.168.100.1; our IP address is 192.168.100.103
Filename 'zImage.multi_v7_defconfig'.
Load address: 0x408000
Loading: *#################################################################
	 #################################################################
	 #################################################################
	 #################################################################
	 #################################################################
	 #################################################################
	 #################################################################
	 #################################################################
	 #####################################
	 3.6 MiB/s
done
Bytes transferred = 8167936 (7ca200 hex)
Tegra20 (TrimSlice) # tftpboot 0x02408000 tegra20-trimslice.dtb
Using RTL8169#0 device
TFTP from server 192.168.100.1; our IP address is 192.168.100.103
Filename 'tegra20-trimslice.dtb'.
Load address: 0x2408000
Loading: *##
	 3.4 MiB/s
done
Bytes transferred = 21686 (54b6 hex)
Tegra20 (TrimSlice) # bootz 0x00408000 - 0x02408000
Kernel image @ 0x408000 [ 0x000000 - 0x7ca200 ]
## Flattened Device Tree blob at 02408000
   Booting using the fdt blob at 0x2408000
   Using Device Tree in place at 02408000, end 024104b5

Starting kernel ...

[    0.000000] Booting Linux on physical CPU 0x0
[    0.000000] Linux version 4.15.0-next-20180207-349288-g5d1c98967100 (jonathanh@tamien) (gcc version 4.7.3 20130328 (prerelease) (crosstool-NG linaro-1.13.1-4.7-2013.04-20130415 - Linaro GCC 2013.04)) #1 SMP Tue Feb 6 20:18:02 PST 2018
[    0.000000] CPU: ARMv7 Processor [411fc090] revision 0 (ARMv7), cr=10c5387d
[    0.000000] CPU: PIPT / VIPT nonaliasing data cache, VIPT aliasing instruction cache
[    0.000000] OF: fdt: Machine model: Compulab TrimSlice board
[    0.000000] debug: ignoring loglevel setting.
[    0.000000] Memory policy: Data cache writealloc
[    0.000000] efi: Getting EFI parameters from FDT:
[    0.000000] efi: UEFI not found.
[    0.000000] cma: Reserved 64 MiB at 0x3c000000
[    0.000000] On node 0 totalpages: 262144
[    0.000000]   DMA zone: 1536 pages used for memmap
[    0.000000]   DMA zone: 0 pages reserved
[    0.000000]   DMA zone: 196608 pages, LIFO batch:31
[    0.000000]   HighMem zone: 65536 pages, LIFO batch:15
[    0.000000] random: fast init done
[    0.000000] percpu: Embedded 17 pages/cpu @(ptrval) s39232 r8192 d22208 u69632
[    0.000000] pcpu-alloc: s39232 r8192 d22208 u69632 alloc=17*4096
[    0.000000] pcpu-alloc: [0] 0 [0] 1 
[    0.000000] Built 1 zonelists, mobility grouping on.  Total pages: 260608
[    0.000000] Kernel command line: ignore_loglevel console=ttyS0,115200n8 rw root=PARTUUID=11eb23c1-01 rootwait gpt debug noinitrd earlyprintk init=/bin/bash
[    0.000000] Dentry cache hash table entries: 131072 (order: 7, 524288 bytes)
[    0.000000] Inode-cache hash table entries: 65536 (order: 6, 262144 bytes)
[    0.000000] Memory: 953404K/1048576K available (11264K kernel code, 1570K rwdata, 4352K rodata, 2048K init, 405K bss, 29636K reserved, 65536K cma-reserved, 196608K highmem)
[    0.000000] Virtual kernel memory layout:
[    0.000000]     vector  : 0xffff0000 - 0xffff1000   (   4 kB)
[    0.000000]     fixmap  : 0xffc00000 - 0xfff00000   (3072 kB)
[    0.000000]     vmalloc : 0xf0800000 - 0xff800000   ( 240 MB)
[    0.000000]     lowmem  : 0xc0000000 - 0xf0000000   ( 768 MB)
[    0.000000]     pkmap   : 0xbfe00000 - 0xc0000000   (   2 MB)
[    0.000000]     modules : 0xbf000000 - 0xbfe00000   (  14 MB)
[    0.000000]       .text : 0x(ptrval) - 0x(ptrval)   (12256 kB)
[    0.000000]       .init : 0x(ptrval) - 0x(ptrval)   (2048 kB)
[    0.000000]       .data : 0x(ptrval) - 0x(ptrval)   (1571 kB)
[    0.000000]        .bss : 0x(ptrval) - 0x(ptrval)   ( 406 kB)
[    0.000000] SLUB: HWalign=64, Order=0-3, MinObjects=0, CPUs=2, Nodes=1
[    0.000000] Hierarchical RCU implementation.
[    0.000000] 	RCU event tracing is enabled.
[    0.000000] 	RCU restricting CPUs from NR_CPUS=16 to nr_cpu_ids=2.
[    0.000000] RCU: Adjusting geometry for rcu_fanout_leaf=16, nr_cpu_ids=2
[    0.000000] NR_IRQS: 16, nr_irqs: 16, preallocated irqs: 16
[    0.000000] /interrupt-controller@60004000: 128 interrupts forwarded to /interrupt-controller@50041000
[    0.000000] L2C: platform modifies aux control register: 0x02080000 -> 0x3e480001
[    0.000000] L2C: DT/platform modifies aux control register: 0x02080000 -> 0x3e480001
[    0.000000] L2C-310 errata 727915 769419 enabled
[    0.000000] L2C-310 enabling early BRESP for Cortex-A9
[    0.000000] L2C-310: enabling full line of zeros but not enabled in Cortex-A9
[    0.000000] L2C-310 ID prefetch enabled, offset 1 lines
[    0.000000] L2C-310 cache controller enabled, 8 ways, 1024 kB
[    0.000000] L2C-310: CACHE_ID 0x410000c4, AUX_CTRL 0x7e480001
[    0.000009] sched_clock: 32 bits at 1000kHz, resolution 1000ns, wraps every 2147483647500ns
[    0.000025] clocksource: timer_us: mask: 0xffffffff max_cycles: 0xffffffff, max_idle_ns: 1911260446275 ns
[    0.000036] Switching to timer-based delay loop, resolution 1000ns
[    0.001665] Console: colour dummy device 80x30
[    0.001693] Calibrating delay loop (skipped), value calculated using timer frequency.. 2.00 BogoMIPS (lpj=10000)
[    0.001705] pid_max: default: 32768 minimum: 301
[    0.001803] Mount-cache hash table entries: 2048 (order: 1, 8192 bytes)
[    0.001814] Mountpoint-cache hash table entries: 2048 (order: 1, 8192 bytes)
[    0.002248] CPU: Testing write buffer coherency: ok
[    0.002469] CPU0: thread -1, cpu 0, socket 0, mpidr 80000000
[    0.002709] Setting up static identity map for 0x300000 - 0x3000a0
[    0.003357] Hierarchical SRCU implementation.
[    0.004571] Tegra Revision: A03 prime SKU: 8 CPU Process: 1 SoC Process: 2
[    0.005061] EFI services will not be available.
[    0.005158] smp: Bringing up secondary CPUs ...
[    0.005693] CPU1: thread -1, cpu 1, socket 0, mpidr 80000001
[    0.005775] smp: Brought up 1 node, 2 CPUs
[    0.005787] SMP: Total of 2 processors activated (4.00 BogoMIPS).
[    0.005793] CPU: All CPU(s) started in SVC mode.
[    0.006461] devtmpfs: initialized
[    0.013055] Built 1 zonelists, mobility grouping on.  Total pages: 254735
[    0.013400] VFP support v0.3: implementor 41 architecture 3 part 30 variant 9 rev 1
[    0.013650] clocksource: jiffies: mask: 0xffffffff max_cycles: 0xffffffff, max_idle_ns: 19112604462750000 ns
[    0.013670] futex hash table entries: 512 (order: 3, 32768 bytes)
[    0.013852] pinctrl core: initialized pinctrl subsystem
[    0.014760] DMI not present or invalid.
[    0.014992] NET: Registered protocol family 16
[    0.017099] DMA: preallocated 256 KiB pool for atomic coherent allocations
[    0.018491] cpuidle: using governor menu
[    0.034790] No ATAGs?
[    0.034856] hw-breakpoint: found 5 (+1 reserved) breakpoint and 1 watchpoint registers.
[    0.034868] hw-breakpoint: maximum watchpoint size is 4 bytes.
[    0.039889] Serial: AMBA PL011 UART driver
[    0.050516] AT91: Could not find identification node
[    0.051026] usb1_vbus: Failed to request enable GPIO170: -517
[    0.051043] reg-fixed-voltage regulators:regulator@2: Failed to register regulator: -517
[    0.054705] vgaarb: loaded
[    0.055269] SCSI subsystem initialized
[    0.055402] libata version 3.00 loaded.
[    0.055562] usbcore: registered new interface driver usbfs
[    0.055599] usbcore: registered new interface driver hub
[    0.055640] usbcore: registered new device driver usb
[    0.057680] pps_core: LinuxPPS API ver. 1 registered
[    0.057688] pps_core: Software ver. 5.3.6 - Copyright 2005-2007 Rodolfo Giometti <giometti@linux.it>
[    0.057703] PTP clock support registered
[    0.057846] EDAC MC: Ver: 3.0.0
[    0.059663] clocksource: Switched to clocksource timer_us
[    0.096137] NET: Registered protocol family 2
[    0.096565] tcp_listen_portaddr_hash hash table entries: 512 (order: 0, 6144 bytes)
[    0.096587] TCP established hash table entries: 8192 (order: 3, 32768 bytes)
[    0.096655] TCP bind hash table entries: 8192 (order: 4, 65536 bytes)
[    0.096768] TCP: Hash tables configured (established 8192 bind 8192)
[    0.096884] UDP hash table entries: 512 (order: 2, 16384 bytes)
[    0.096932] UDP-Lite hash table entries: 512 (order: 2, 16384 bytes)
[    0.097100] NET: Registered protocol family 1
[    0.097428] RPC: Registered named UNIX socket transport module.
[    0.097436] RPC: Registered udp transport module.
[    0.097441] RPC: Registered tcp transport module.
[    0.097447] RPC: Registered tcp NFSv4.1 backchannel transport module.
[    0.097457] PCI: CLS 0 bytes, default 64
[    0.098291] hw perfevents: no interrupt-affinity property for /pmu, guessing.
[    0.098456] hw perfevents: enabled with armv7_cortex_a9 PMU driver, 7 counters available
[    0.099583] Initialise system trusted keyrings
[    0.099775] workingset: timestamp_bits=30 max_order=18 bucket_order=0
[    0.104659] squashfs: version 4.0 (2009/01/31) Phillip Lougher
[    0.105144] NFS: Registering the id_resolver key type
[    0.105171] Key type id_resolver registered
[    0.105177] Key type id_legacy registered
[    0.105209] ntfs: driver 2.1.32 [Flags: R/O].
[    0.106430] Key type asymmetric registered
[    0.106439] Asymmetric key parser 'x509' registered
[    0.106474] bounce: pool size: 64 pages
[    0.106518] Block layer SCSI generic (bsg) driver version 0.4 loaded (major 246)
[    0.106527] io scheduler noop registered
[    0.106534] io scheduler deadline registered
[    0.106713] io scheduler cfq registered (default)
[    0.106721] io scheduler mq-deadline registered
[    0.106727] io scheduler kyber registered
[    0.119123] tegra-pcie 80003000.pcie: dual-mode configuration
[    0.119876] tegra-pcie 80003000.pcie: probing port 0, using 2 lanes
[    0.203784] tegra-pcie 80003000.pcie: PCI host bridge to bus 0000:00
[    0.203796] pci_bus 0000:00: root bus resource [io  0x0000-0xffff]
[    0.203805] pci_bus 0000:00: root bus resource [mem 0xa0000000-0xa7ffffff]
[    0.203814] pci_bus 0000:00: root bus resource [mem 0xa8000000-0xbfffffff pref]
[    0.203823] pci_bus 0000:00: root bus resource [bus 00-ff]
[    0.203853] pci 0000:00:01.0: [10de:0bf0] type 01 class 0x060000
[    0.203873] pci_bus 0000:00: 2-byte config write to 0000:00:01.0 offset 0x4 may corrupt adjacent RW1C bits
[    0.203886] pci_bus 0000:00: 2-byte config write to 0000:00:01.0 offset 0x4 may corrupt adjacent RW1C bits
[    0.203904] pci 0000:00:01.0: enabling Extended Tags
[    0.203915] pci_bus 0000:00: 2-byte config write to 0000:00:01.0 offset 0x88 may corrupt adjacent RW1C bits
[    0.203942] pci_bus 0000:00: 2-byte config write to 0000:00:01.0 offset 0x52 may corrupt adjacent RW1C bits
[    0.203967] pci 0000:00:01.0: PME# supported from D0 D1 D2 D3hot D3cold
[    0.203978] pci_bus 0000:00: 2-byte config write to 0000:00:01.0 offset 0x4c may corrupt adjacent RW1C bits
[    0.204131] pci_bus 0000:00: 2-byte config write to 0000:00:01.0 offset 0x3e may corrupt adjacent RW1C bits
[    0.204143] pci_bus 0000:00: 2-byte config write to 0000:00:01.0 offset 0x4 may corrupt adjacent RW1C bits
[    0.204154] pci_bus 0000:00: 1-byte config write to 0000:00:01.0 offset 0xc may corrupt adjacent RW1C bits
[    0.204161] PCI: bus0: Fast back to back transfers disabled
[    0.204171] pci 0000:00:01.0: bridge configuration invalid ([bus 00-00]), reconfiguring
[    0.204181] pci_bus 0000:00: 2-byte config write to 0000:00:01.0 offset 0x3e may corrupt adjacent RW1C bits
[    0.204192] pci_bus 0000:00: 2-byte config write to 0000:00:01.0 offset 0x3e may corrupt adjacent RW1C bits
[    0.204293] pci 0000:01:00.0: [10ec:8168] type 00 class 0x020000
[    0.204325] pci 0000:01:00.0: reg 0x10: [io  0x0000-0x00ff]
[    0.204348] pci 0000:01:00.0: reg 0x18: [mem 0x00000000-0x00000fff 64bit pref]
[    0.204366] pci 0000:01:00.0: reg 0x20: [mem 0x00000000-0x00003fff 64bit pref]
[    0.204379] pci 0000:01:00.0: reg 0x30: [mem 0x00000000-0x0001ffff pref]
[    0.204457] pci 0000:01:00.0: supports D1 D2
[    0.204466] pci 0000:01:00.0: PME# supported from D0 D1 D2 D3hot D3cold
[    0.229694] PCI: bus1: Fast back to back transfers disabled
[    0.229707] pci_bus 0000:01: busn_res: [bus 01-ff] end is updated to 01
[    0.229736] pci 0000:00:01.0: BAR 8: assigned [mem 0xa0000000-0xa00fffff]
[    0.229747] pci 0000:00:01.0: BAR 9: assigned [mem 0xa8000000-0xa80fffff 64bit pref]
[    0.229757] pci 0000:00:01.0: BAR 7: assigned [io  0x1000-0x1fff]
[    0.229769] pci 0000:01:00.0: BAR 6: assigned [mem 0xa0000000-0xa001ffff pref]
[    0.229778] pci 0000:01:00.0: BAR 4: assigned [mem 0xa8000000-0xa8003fff 64bit pref]
[    0.229795] pci 0000:01:00.0: BAR 2: assigned [mem 0xa8004000-0xa8004fff 64bit pref]
[    0.229810] pci 0000:01:00.0: BAR 0: assigned [io  0x1000-0x10ff]
[    0.229821] pci 0000:00:01.0: PCI bridge to [bus 01]
[    0.229830] pci 0000:00:01.0:   bridge window [io  0x1000-0x1fff]
[    0.229840] pci 0000:00:01.0:   bridge window [mem 0xa0000000-0xa00fffff]
[    0.229849] pci 0000:00:01.0:   bridge window [mem 0xa8000000-0xa80fffff 64bit pref]
[    0.229873] pci 0000:00:01.0: nv_msi_ht_cap_quirk didn't locate host bridge
[    0.229927] Disabling cpuidle LP2 state, since PCIe IRQs are in use
[    0.229963] pcieport 0000:00:01.0: enabling device (0140 -> 0143)
[    0.230149] pcieport 0000:00:01.0: Signaling PME with IRQ 298
[    0.236651] tegra-apbdma 6000a000.dma: Tegra20 APB DMA driver register 16 channels
[    0.280771] Serial: 8250/16550 driver, 4 ports, IRQ sharing disabled
[    0.283007] console [ttyS0] disabled
[    0.283046] 70006000.serial: ttyS0 at MMIO 0x70006000 (irq = 282, base_baud = 13500000) is a Tegra
[    1.377344] console [ttyS0] enabled
[    1.381441] SuperH (H)SCI(F) driver initialized
[    1.386725] msm_serial: driver initialized
[    1.390982] STMicroelectronics ASC driver initialized
[    1.408381] tegra-dc 54240000.dc: Linked as a consumer to 54200000.dc
[    1.423274] tegra-hdmi 54280000.hdmi: 54280000.hdmi supply hdmi not found, using dummy regulator
[    1.434389] [drm] Supports vblank timestamp caching Rev 2 (21.10.2013).
[    1.441011] [drm] No driver support for vblank timestamp query.
[    1.446948] [drm] Cannot find any crtc or sizes
[    1.451562] [drm] Initialized tegra 0.0.0 20120330 for drm on minor 0
[    1.459628] [drm] Cannot find any crtc or sizes
[    1.469858] brd: module loaded
[    1.478037] loop: module loaded
[    1.487383] m25p80 spi0.0: found s25fl008k, expected w25q80bl
[    1.493215] m25p80 spi0.0: s25fl008k (1024 Kbytes)
[    1.499996] libphy: Fixed MDIO Bus: probed
[    1.504807] CAN device driver interface
[    1.509311] bgmac_bcma: Broadcom 47xx GBit MAC driver loaded
[    1.516034] e1000e: Intel(R) PRO/1000 Network Driver - 3.2.6-k
[    1.521866] e1000e: Copyright(c) 1999 - 2015 Intel Corporation.
[    1.527817] igb: Intel(R) Gigabit Ethernet Network Driver - version 5.4.0-k
[    1.534776] igb: Copyright (c) 2007-2014 Intel Corporation.
[    1.540929] r8169 Gigabit Ethernet driver 2.3LK-NAPI loaded
[    1.546513] r8169 0000:01:00.0: enabling device (0140 -> 0143)
[    1.552950] r8169 0000:01:00.0 eth0: RTL8168d/8111d at 0xd9fd4b9e, 00:01:c0:13:7d:63, XID 081000c0 IRQ 299
[    1.562601] r8169 0000:01:00.0 eth0: jumbo features [frames: 9200 bytes, tx checksumming: ko]
[    1.573505] pegasus: v0.9.3 (2013/04/25), Pegasus/Pegasus II USB Ethernet driver
[    1.580953] usbcore: registered new interface driver pegasus
[    1.586626] usbcore: registered new interface driver asix
[    1.592053] usbcore: registered new interface driver ax88179_178a
[    1.598159] usbcore: registered new interface driver cdc_ether
[    1.604023] usbcore: registered new interface driver smsc75xx
[    1.609805] usbcore: registered new interface driver smsc95xx
[    1.615558] usbcore: registered new interface driver net1080
[    1.621238] usbcore: registered new interface driver cdc_subset
[    1.627163] usbcore: registered new interface driver zaurus
[    1.632781] usbcore: registered new interface driver cdc_ncm
[    1.638700] tegra-phy c5004000.usb-phy: no vbus regulator
[    1.645227] tegra-phy c5008000.usb-phy: no vbus regulator
[    1.652019] ehci_hcd: USB 2.0 'Enhanced' Host Controller (EHCI) Driver
[    1.658530] ehci-pci: EHCI PCI platform driver
[    1.663007] ehci-platform: EHCI generic platform driver
[    1.668375] ehci-orion: EHCI orion driver
[    1.672512] SPEAr-ehci: EHCI SPEAr driver
[    1.676610] ehci-st: EHCI STMicroelectronics driver
[    1.681602] ehci-exynos: EHCI EXYNOS driver
[    1.685888] ehci-atmel: EHCI Atmel driver
[    1.690007] tegra-ehci: Tegra EHCI driver
[    1.750644] ulpi_phy_power_on: ulpi write failed
[    1.755252] tegra-ehci c5004000.usb: Failed to power on the phy
[    1.761190] tegra-ehci: probe of c5004000.usb failed with error -110
[    1.770166] tegra-ehci c5008000.usb: EHCI Host Controller
[    1.775569] tegra-ehci c5008000.usb: new USB bus registered, assigned bus number 1
[    1.783289] tegra-ehci c5008000.usb: irq 293, io mem 0xc5008000
[    1.809681] tegra-ehci c5008000.usb: USB 2.0 started, EHCI 1.00
[    1.816111] hub 1-0:1.0: USB hub found
[    1.819893] hub 1-0:1.0: 1 port detected
[    1.824130] ohci_hcd: USB 1.1 'Open' Host Controller (OHCI) Driver
[    1.830324] ohci-pci: OHCI PCI platform driver
[    1.834795] ohci-platform: OHCI generic platform driver
[    1.840193] SPEAr-ohci: OHCI SPEAr driver
[    1.844296] ohci-st: OHCI STMicroelectronics driver
[    1.849266] ohci-atmel: OHCI Atmel driver
[    1.853876] usbcore: registered new interface driver usb-storage
[    1.863146] rtc-em3027 2-0056: rtc core: registered rtc-em3027 as rtc0
[    1.870806] tegra_rtc 7000e000.rtc: rtc core: registered 7000e000.rtc as rtc1
[    1.877958] tegra_rtc 7000e000.rtc: Tegra internal Real Time Clock
[    1.884554] i2c /dev entries driver
[    1.897847] sdhci: Secure Digital Host Controller Interface driver
[    1.904048] sdhci: Copyright(c) Pierre Ossman
[    1.909638] Synopsys Designware Multimedia Card Interface Driver
[    1.916761] sdhci-pltfm: SDHCI platform and OF driver helper
[    1.930248] mmc0: Invalid maximum block size, assuming 512 bytes
[    1.963016] mmc0: SDHCI controller on c8000000.sdhci [c8000000.sdhci] using ADMA
[    1.970696] sdhci-tegra c8000600.sdhci: Got CD GPIO
[    1.975600] sdhci-tegra c8000600.sdhci: Got WP GPIO
[    1.988713] mmc1: Invalid maximum block size, assuming 512 bytes
[    2.020755] mmc1: SDHCI controller on c8000600.sdhci [c8000600.sdhci] using ADMA
[    2.035274] ledtrig-cpu: registered to indicate activity on CPUs
[    2.042492] usbcore: registered new interface driver usbhid
[    2.048080] usbhid: USB HID core driver
[    2.066614] NET: Registered protocol family 10
[    2.073751] Segment Routing with IPv6
[    2.077457] sit: IPv6, IPv4 and MPLS over IPv4 tunneling driver
[    2.083942] NET: Registered protocol family 17
[    2.088385] can: controller area network core (rev 20170425 abi 9)
[    2.094632] NET: Registered protocol family 29
[    2.099063] can: raw protocol (rev 20170425)
[    2.103339] can: broadcast manager protocol (rev 20170425 t)
[    2.108987] can: netlink gateway (rev 20170425) max_hops=1
[    2.114766] Key type dns_resolver registered
[    2.119374] ThumbEE CPU extension supported.
[    2.123657] Registering SWP/SWPB emulation handler
[    2.128915] Loading compiled-in X.509 certificates
[    2.142867] utmi_phy_clk_enable: timeout waiting for phy to stabilize
[    2.149322] tegra-ehci c5000000.usb: EHCI Host Controller
[    2.154750] tegra-ehci c5000000.usb: new USB bus registered, assigned bus number 2
[    2.162496] tegra-ehci c5000000.usb: irq 291, io mem 0xc5000000
[    2.219818] usb 1-1: new high-speed USB device number 2 using tegra-ehci
[    2.249762] tegra-ehci c5000000.usb: USB 2.0 started, EHCI 1.00
[    2.251739] mmc1: new high speed SD card at address b368
[    2.257142] hub 2-0:1.0: USB hub found
[    2.262651] mmcblk1: mmc1:b368 NCard 1.83 GiB (ro)
[    2.264974] hub 2-0:1.0: 1 port detected
[    2.275073] input: gpio-keys as /devices/soc0/gpio-keys/input/input0
[    2.276593]  mmcblk1: p1 p2
[    2.284502] rtc-em3027 2-0056: hctosys: unable to read the hardware clock
[    2.292057] Waiting for root device PARTUUID=11eb23c1-01...
[    2.462191] hub 1-1:1.0: USB hub found
[    2.466270] hub 1-1:1.0: 4 ports detected
[    2.789798] usb 1-1.2: new high-speed USB device number 3 using tegra-ehci
[    3.266363] mmc0: host does not support reading read-only switch, assuming write-enable
[    3.276497] mmc0: new high speed SDHC card at address b368
[    3.284235] mmcblk0: mmc0:b368 NCard 3.70 GiB 
[    3.291807]  mmcblk0: p1
[    3.414540] asix 1-1.2:1.0 eth1: register 'asix' at usb-c5008000.usb-1.2, ASIX AX88772 USB 2.0 Ethernet, 00:60:6e:60:6c:68
[    3.430440] EXT4-fs (mmcblk0p1): mounting ext3 file system using the ext4 subsystem
[    4.713925] EXT4-fs (mmcblk0p1): warning: mounting fs with errors, running e2fsck is recommended
[    4.793895] EXT4-fs (mmcblk0p1): recovery complete
[    4.869113] EXT4-fs (mmcblk0p1): mounted filesystem with ordered data mode. Opts: (null)
[    4.877331] VFS: Mounted root (ext3 filesystem) on device 179:17.
[    4.893378] devtmpfs: mounted
[    4.898389] Freeing unused kernel memory: 2048K
bash: cannot set terminal process group (-1): Inappropriate ioctl for device
bash: no job control in this shell
root@(none):/# 