
U-Boot SPL 2015.04-rc3-00209-ga74ef40 (Mar 16 2015 - 14:43:39)


U-Boot 2015.04-rc3-00209-ga74ef40 (Mar 16 2015 - 14:43:39)

TEGRA20
Model: Compulab TrimSlice board
DRAM:  1 GiB
MMC:   Tegra SD/MMC: 0, Tegra SD/MMC: 1
SF: Detected W25Q80BL with page size 256 Bytes, erase size 4 KiB, total 1 MiB
tegra-pcie: PCI regions:
tegra-pcie:   I/O: 0x82000000-0x82010000
tegra-pcie:   non-prefetchable memory: 0xa0000000-0xa8000000
tegra-pcie:   prefetchable memory: 0xa8000000-0xc0000000
tegra-pcie: dual-mode configuration
tegra-pcie: probing port 0, using 2 lanes
In:    serial
Out:   serial
Err:   serial
Net:   RTL8169#0
Hit any key to stop autoboot:  2  0 
Tegra20 (TrimSlice) # 
Tegra20 (TrimSlice) # usb reset
resetting USB...
USB0:   USB EHCI 1.00
scanning bus 0 for devices... 3 USB Device(s) found
USB1:   USB EHCI 1.00
scanning bus 1 for devices... 1 USB Device(s) found
USB2:   lowlevel init failed
       scanning usb for storage devices... 0 Storage Device(s) found
       scanning usb for ethernet devices... 
Warning: asx0 using MAC address from net device
1 Ethernet Device(s) found
Tegra20 (TrimSlice) # setenv bootargs 'ignore_loglevel console=ttyS0,115200n8 rw root=PARTUUID=11eb23c1-01 rootwait gpt debug noinitrd earlyprintk init=/bin/bash'
Tegra20 (TrimSlice) # setenv ipaddr 192.168.100.103; setenv serverip 192.168.100.1; setenv tftpserverip 192.168.100.1
Tegra20 (TrimSlice) # tftpboot 0x00408000 zImage.multi_v7_defconfig
Using RTL8169#0 device
TFTP from server 192.168.100.1; our IP address is 192.168.100.103
Filename 'zImage.multi_v7_defconfig'.
Load address: 0x408000
Loading: *#################################################################
	 #################################################################
	 #################################################################
	 #################################################################
	 #################################################################
	 #################################################################
	 #################################################################
	 #################################################################
	 #################
	 3.9 MiB/s
done
Bytes transferred = 7874568 (782808 hex)
Tegra20 (TrimSlice) # tftpboot 0x02408000 tegra20-trimslice.dtb
Using RTL8169#0 device
TFTP from server 192.168.100.1; our IP address is 192.168.100.103
Filename 'tegra20-trimslice.dtb'.
Load address: 0x2408000
Loading: *##
	 522.5 KiB/s
done
Bytes transferred = 21426 (53b2 hex)
Tegra20 (TrimSlice) # bootz 0x00408000 - 0x02408000
Kernel image @ 0x408000 [ 0x000000 - 0x782808 ]
## Flattened Device Tree blob at 02408000
   Booting using the fdt blob at 0x2408000
   Using Device Tree in place at 02408000, end 024103b1

Starting kernel ...

[    0.000000] Booting Linux on physical CPU 0x0
[    0.000000] Linux version 4.11.0-rc5-next-20170407-165160-g5efce14 (jonathanh@sellafield) (gcc version 4.7.3 20130328 (prerelease) (crosstool-NG linaro-1.13.1-4.7-2013.04-20130415 - Linaro GCC 2013.04) ) #1 SMP Fri Apr 7 01:35:47 PDT 2017
[    0.000000] CPU: ARMv7 Processor [411fc090] revision 0 (ARMv7), cr=10c5387d
[    0.000000] CPU: PIPT / VIPT nonaliasing data cache, VIPT aliasing instruction cache
[    0.000000] OF: fdt: Machine model: Compulab TrimSlice board
[    0.000000] debug: ignoring loglevel setting.
[    0.000000] Memory policy: Data cache writealloc
[    0.000000] efi: Getting EFI parameters from FDT:
[    0.000000] efi: UEFI not found.
[    0.000000] cma: Reserved 64 MiB at 0x3c000000
[    0.000000] On node 0 totalpages: 262144
[    0.000000] free_area_init_node: node 0, pgdat c157d780, node_mem_map ef7f8000
[    0.000000]   DMA zone: 1536 pages used for memmap
[    0.000000]   DMA zone: 0 pages reserved
[    0.000000]   DMA zone: 196608 pages, LIFO batch:31
[    0.000000]   HighMem zone: 65536 pages, LIFO batch:15
[    0.000000] percpu: Embedded 17 pages/cpu @ef7c4000 s38528 r8192 d22912 u69632
[    0.000000] pcpu-alloc: s38528 r8192 d22912 u69632 alloc=17*4096
[    0.000000] pcpu-alloc: [0] 0 [0] 1 
[    0.000000] Built 1 zonelists in Zone order, mobility grouping on.  Total pages: 260608
[    0.000000] Kernel command line: ignore_loglevel console=ttyS0,115200n8 rw root=PARTUUID=11eb23c1-01 rootwait gpt debug noinitrd earlyprintk init=/bin/bash
[    0.000000] PID hash table entries: 4096 (order: 2, 16384 bytes)
[    0.000000] Dentry cache hash table entries: 131072 (order: 7, 524288 bytes)
[    0.000000] Inode-cache hash table entries: 65536 (order: 6, 262144 bytes)
[    0.000000] Memory: 954380K/1048576K available (10240K kernel code, 1556K rwdata, 4372K rodata, 2048K init, 405K bss, 28660K reserved, 65536K cma-reserved, 196608K highmem)
[    0.000000] Virtual kernel memory layout:
[    0.000000]     vector  : 0xffff0000 - 0xffff1000   (   4 kB)
[    0.000000]     fixmap  : 0xffc00000 - 0xfff00000   (3072 kB)
[    0.000000]     vmalloc : 0xf0800000 - 0xff800000   ( 240 MB)
[    0.000000]     lowmem  : 0xc0000000 - 0xf0000000   ( 768 MB)
[    0.000000]     pkmap   : 0xbfe00000 - 0xc0000000   (   2 MB)
[    0.000000]     modules : 0xbf000000 - 0xbfe00000   (  14 MB)
[    0.000000]       .text : 0xc0208000 - 0xc0d00000   (11232 kB)
[    0.000000]       .init : 0xc1200000 - 0xc1400000   (2048 kB)
[    0.000000]       .data : 0xc1400000 - 0xc1585178   (1557 kB)
[    0.000000]        .bss : 0xc158ed1c - 0xc15f4348   ( 406 kB)
[    0.000000] SLUB: HWalign=64, Order=0-3, MinObjects=0, CPUs=2, Nodes=1
[    0.000000] Hierarchical RCU implementation.
[    0.000000] 	RCU debugfs-based tracing is enabled.
[    0.000000] 	RCU restricting CPUs from NR_CPUS=16 to nr_cpu_ids=2.
[    0.000000] RCU: Adjusting geometry for rcu_fanout_leaf=16, nr_cpu_ids=2
[    0.000000] NR_IRQS:16 nr_irqs:16 16
[    0.000000] /interrupt-controller@60004000: 128 interrupts forwarded to /interrupt-controller@50041000
[    0.000000] L2C: platform modifies aux control register: 0x02080000 -> 0x3e480001
[    0.000000] L2C: DT/platform modifies aux control register: 0x02080000 -> 0x3e480001
[    0.000000] L2C-310 errata 727915 769419 enabled
[    0.000000] L2C-310 enabling early BRESP for Cortex-A9
[    0.000000] L2C-310: enabling full line of zeros but not enabled in Cortex-A9
[    0.000000] L2C-310 ID prefetch enabled, offset 1 lines
[    0.000000] L2C-310 cache controller enabled, 8 ways, 1024 kB
[    0.000000] L2C-310: CACHE_ID 0x410000c4, AUX_CTRL 0x7e480001
[    0.000009] sched_clock: 32 bits at 1000kHz, resolution 1000ns, wraps every 2147483647500ns
[    0.000025] clocksource: timer_us: mask: 0xffffffff max_cycles: 0xffffffff, max_idle_ns: 1911260446275 ns
[    0.000035] Switching to timer-based delay loop, resolution 1000ns
[    0.001586] Console: colour dummy device 80x30
[    0.001613] Calibrating delay loop (skipped), value calculated using timer frequency.. 2.00 BogoMIPS (lpj=10000)
[    0.001625] pid_max: default: 32768 minimum: 301
[    0.001698] Mount-cache hash table entries: 2048 (order: 1, 8192 bytes)
[    0.001709] Mountpoint-cache hash table entries: 2048 (order: 1, 8192 bytes)
[    0.002129] CPU: Testing write buffer coherency: ok
[    0.002335] CPU0: thread -1, cpu 0, socket 0, mpidr 80000000
[    0.002566] Setting up static identity map for 0x300000 - 0x300098
[    0.004015] Tegra Revision: A03 prime SKU: 8 CPU Process: 1 SoC Process: 2
[    0.004462] EFI services will not be available.
[    0.004632] smp: Bringing up secondary CPUs ...
[    0.005180] CPU1: thread -1, cpu 1, socket 0, mpidr 80000001
[    0.005244] smp: Brought up 1 node, 2 CPUs
[    0.005255] SMP: Total of 2 processors activated (4.00 BogoMIPS).
[    0.005261] CPU: All CPU(s) started in SVC mode.
[    0.005921] devtmpfs: initialized
[    0.009540] VFP support v0.3: implementor 41 architecture 3 part 30 variant 9 rev 1
[    0.009752] clocksource: jiffies: mask: 0xffffffff max_cycles: 0xffffffff, max_idle_ns: 19112604462750000 ns
[    0.009767] futex hash table entries: 512 (order: 3, 32768 bytes)
[    0.012734] pinctrl core: initialized pinctrl subsystem
[    0.013968] NET: Registered protocol family 16
[    0.016218] DMA: preallocated 256 KiB pool for atomic coherent allocations
[    0.017648] cpuidle: using governor menu
[    0.034882] No ATAGs?
[    0.034951] hw-breakpoint: found 5 (+1 reserved) breakpoint and 1 watchpoint registers.
[    0.034962] hw-breakpoint: maximum watchpoint size is 4 bytes.
[    0.040459] Serial: AMBA PL011 UART driver
[    0.051497] AT91: Could not find identification node
[    0.052029] usb1_vbus: Failed to request enable GPIO170: -517
[    0.052045] reg-fixed-voltage regulators:regulator@2: Failed to register regulator: -517
[    0.055422] vgaarb: loaded
[    0.055982] SCSI subsystem initialized
[    0.056106] libata version 3.00 loaded.
[    0.056288] usbcore: registered new interface driver usbfs
[    0.056330] usbcore: registered new interface driver hub
[    0.056367] usbcore: registered new device driver usb
[    0.058312] pps_core: LinuxPPS API ver. 1 registered
[    0.058320] pps_core: Software ver. 5.3.6 - Copyright 2005-2007 Rodolfo Giometti <giometti@linux.it>
[    0.058337] PTP clock support registered
[    0.058477] EDAC MC: Ver: 3.0.0
[    0.060248] clocksource: Switched to clocksource timer_us
[    0.099404] NET: Registered protocol family 2
[    0.099842] TCP established hash table entries: 8192 (order: 3, 32768 bytes)
[    0.099914] TCP bind hash table entries: 8192 (order: 4, 65536 bytes)
[    0.100027] TCP: Hash tables configured (established 8192 bind 8192)
[    0.100139] UDP hash table entries: 512 (order: 2, 16384 bytes)
[    0.100191] UDP-Lite hash table entries: 512 (order: 2, 16384 bytes)
[    0.100397] NET: Registered protocol family 1
[    0.100682] RPC: Registered named UNIX socket transport module.
[    0.100689] RPC: Registered udp transport module.
[    0.100695] RPC: Registered tcp transport module.
[    0.100699] RPC: Registered tcp NFSv4.1 backchannel transport module.
[    0.100709] PCI: CLS 0 bytes, default 64
[    0.101502] hw perfevents: no interrupt-affinity property for /pmu, guessing.
[    0.101649] hw perfevents: enabled with armv7_cortex_a9 PMU driver, 7 counters available
[    0.102996] workingset: timestamp_bits=30 max_order=18 bucket_order=0
[    0.109723] squashfs: version 4.0 (2009/01/31) Phillip Lougher
[    0.110379] NFS: Registering the id_resolver key type
[    0.110399] Key type id_resolver registered
[    0.110405] Key type id_legacy registered
[    0.110436] ntfs: driver 2.1.32 [Flags: R/O].
[    0.111649] bounce: pool size: 64 pages
[    0.111686] Block layer SCSI generic (bsg) driver version 0.4 loaded (major 248)
[    0.111695] io scheduler noop registered
[    0.111701] io scheduler deadline registered
[    0.111844] io scheduler cfq registered (default)
[    0.111851] io scheduler mq-deadline registered
[    0.122847] tegra-pcie 80003000.pcie-controller: dual-mode configuration
[    0.123546] tegra-pcie 80003000.pcie-controller: probing port 0, using 2 lanes
[    0.206035] tegra-pcie 80003000.pcie-controller: PCI host bridge to bus 0000:00
[    0.206048] pci_bus 0000:00: root bus resource [io  0x0000-0xffff]
[    0.206057] pci_bus 0000:00: root bus resource [mem 0xa0000000-0xa7ffffff]
[    0.206065] pci_bus 0000:00: root bus resource [mem 0xa8000000-0xbfffffff pref]
[    0.206074] pci_bus 0000:00: root bus resource [bus 00-ff]
[    0.206101] pci 0000:00:01.0: [10de:0bf0] type 01 class 0x060000
[    0.206129] pci_bus 0000:00: 2-byte config write to 0000:00:01.0 offset 0x88 may corrupt adjacent RW1C bits
[    0.206162] pci_bus 0000:00: 2-byte config write to 0000:00:01.0 offset 0x52 may corrupt adjacent RW1C bits
[    0.206186] pci 0000:00:01.0: PME# supported from D0 D1 D2 D3hot D3cold
[    0.206197] pci_bus 0000:00: 2-byte config write to 0000:00:01.0 offset 0x4c may corrupt adjacent RW1C bits
[    0.206378] pci_bus 0000:00: 2-byte config write to 0000:00:01.0 offset 0x3e may corrupt adjacent RW1C bits
[    0.206389] pci_bus 0000:00: 2-byte config write to 0000:00:01.0 offset 0x4 may corrupt adjacent RW1C bits
[    0.206399] pci_bus 0000:00: 1-byte config write to 0000:00:01.0 offset 0xc may corrupt adjacent RW1C bits
[    0.206406] PCI: bus0: Fast back to back transfers disabled
[    0.206415] pci 0000:00:01.0: bridge configuration invalid ([bus 00-00]), reconfiguring
[    0.206424] pci_bus 0000:00: 2-byte config write to 0000:00:01.0 offset 0x3e may corrupt adjacent RW1C bits
[    0.206434] pci_bus 0000:00: 2-byte config write to 0000:00:01.0 offset 0x3e may corrupt adjacent RW1C bits
[    0.206444] pci_bus 0000:00: 2-byte config write to 0000:00:01.0 offset 0x3e may corrupt adjacent RW1C bits
[    0.206453] pci_bus 0000:00: 2-byte config write to 0000:00:01.0 offset 0x6 may corrupt adjacent RW1C bits
[    0.206568] pci 0000:01:00.0: [10ec:8168] type 00 class 0x020000
[    0.206594] pci 0000:01:00.0: reg 0x10: [io  0x0000-0x00ff]
[    0.206618] pci 0000:01:00.0: reg 0x18: [mem 0x00000000-0x00000fff 64bit pref]
[    0.206636] pci 0000:01:00.0: reg 0x20: [mem 0x00000000-0x00003fff 64bit pref]
[    0.206649] pci 0000:01:00.0: reg 0x30: [mem 0x00000000-0x0001ffff pref]
[    0.206728] pci 0000:01:00.0: supports D1 D2
[    0.206737] pci 0000:01:00.0: PME# supported from D0 D1 D2 D3hot D3cold
[    0.230291] PCI: bus1: Fast back to back transfers disabled
[    0.230304] pci_bus 0000:01: busn_res: [bus 01-ff] end is updated to 01
[    0.230316] Disabling cpuidle LP2 state, since PCIe IRQs are in use
[    0.230384] pci 0000:00:01.0: BAR 8: assigned [mem 0xa0000000-0xa00fffff]
[    0.230395] pci 0000:00:01.0: BAR 9: assigned [mem 0xa8000000-0xa80fffff 64bit pref]
[    0.230404] pci 0000:00:01.0: BAR 7: assigned [io  0x1000-0x1fff]
[    0.230417] pci 0000:01:00.0: BAR 6: assigned [mem 0xa0000000-0xa001ffff pref]
[    0.230427] pci 0000:01:00.0: BAR 4: assigned [mem 0xa8000000-0xa8003fff 64bit pref]
[    0.230446] pci 0000:01:00.0: BAR 2: assigned [mem 0xa8004000-0xa8004fff 64bit pref]
[    0.230464] pci 0000:01:00.0: BAR 0: assigned [io  0x1000-0x10ff]
[    0.230475] pci 0000:00:01.0: PCI bridge to [bus 01]
[    0.230483] pci 0000:00:01.0:   bridge window [io  0x1000-0x1fff]
[    0.230492] pci 0000:00:01.0:   bridge window [mem 0xa0000000-0xa00fffff]
[    0.230500] pci 0000:00:01.0:   bridge window [mem 0xa8000000-0xa80fffff 64bit pref]
[    0.230522] pci 0000:00:01.0: nv_msi_ht_cap_quirk didn't locate host bridge
[    0.230571] pcieport 0000:00:01.0: enabling device (0140 -> 0143)
[    0.230758] pcieport 0000:00:01.0: Signaling PME with IRQ 295
[    0.236705] tegra-apbdma 6000a000.dma: Tegra20 APB DMA driver register 16 channels
[    0.285821] Serial: 8250/16550 driver, 4 ports, IRQ sharing disabled
[    0.288041] console [ttyS0] disabled
[    0.288080] 70006000.serial: ttyS0 at MMIO 0x70006000 (irq = 279, base_baud = 13500000) is a Tegra
[    1.350377] console [ttyS0] enabled
[    1.354438] SuperH (H)SCI(F) driver initialized
[    1.359673] msm_serial: driver initialized
[    1.363917] STMicroelectronics ASC driver initialized
[    1.373224] tegra-hdmi 54280000.hdmi: 54280000.hdmi supply hdmi not found, using dummy regulator
[    1.383972] [drm] Supports vblank timestamp caching Rev 2 (21.10.2013).
[    1.390594] [drm] No driver support for vblank timestamp query.
[    1.396533] [drm] Cannot find any crtc or sizes - going 1024x768
[    1.418625] Console: switching to colour frame buffer device 128x48
[    1.433318] drm drm: fb0:  frame buffer device
[    1.437799] [drm] Initialized tegra 0.0.0 20120330 for drm on minor 0
[    1.453358] brd: module loaded
[    1.462148] loop: module loaded
[    1.471280] m25p80 spi32766.0: found s25fl008k, expected w25q80bl
[    1.477368] m25p80 spi32766.0: s25fl008k (1024 Kbytes)
[    1.484707] libphy: Fixed MDIO Bus: probed
[    1.489586] CAN device driver interface
[    1.494107] bgmac_bcma: Broadcom 47xx GBit MAC driver loaded
[    1.500745] e1000e: Intel(R) PRO/1000 Network Driver - 3.2.6-k
[    1.506562] e1000e: Copyright(c) 1999 - 2015 Intel Corporation.
[    1.512532] igb: Intel(R) Gigabit Ethernet Network Driver - version 5.4.0-k
[    1.519475] igb: Copyright (c) 2007-2014 Intel Corporation.
[    1.525564] r8169 Gigabit Ethernet driver 2.3LK-NAPI loaded
[    1.531160] r8169 0000:01:00.0: enabling device (0140 -> 0143)
[    1.537819] r8169 0000:01:00.0 eth0: RTL8168d/8111d at 0xf08fc000, 00:01:c0:13:7d:63, XID 081000c0 IRQ 296
[    1.547482] r8169 0000:01:00.0 eth0: jumbo features [frames: 9200 bytes, tx checksumming: ko]
[    1.558129] pegasus: v0.9.3 (2013/04/25), Pegasus/Pegasus II USB Ethernet driver
[    1.565584] usbcore: registered new interface driver pegasus
[    1.571283] usbcore: registered new interface driver asix
[    1.576697] usbcore: registered new interface driver ax88179_178a
[    1.582826] usbcore: registered new interface driver cdc_ether
[    1.588685] usbcore: registered new interface driver smsc75xx
[    1.594474] usbcore: registered new interface driver smsc95xx
[    1.600249] usbcore: registered new interface driver net1080
[    1.605922] usbcore: registered new interface driver cdc_subset
[    1.611876] usbcore: registered new interface driver zaurus
[    1.617479] usbcore: registered new interface driver cdc_ncm
[    1.623400] tegra-phy c5004000.usb-phy: no vbus regulator
[    1.629879] tegra-phy c5008000.usb-phy: no vbus regulator
[    1.636607] ehci_hcd: USB 2.0 'Enhanced' Host Controller (EHCI) Driver
[    1.643137] ehci-pci: EHCI PCI platform driver
[    1.647605] ehci-platform: EHCI generic platform driver
[    1.652985] ehci-orion: EHCI orion driver
[    1.657099] SPEAr-ehci: EHCI SPEAr driver
[    1.661215] ehci-st: EHCI STMicroelectronics driver
[    1.666179] ehci-exynos: EHCI EXYNOS driver
[    1.670484] ehci-atmel: EHCI Atmel driver
[    1.674580] tegra-ehci: Tegra EHCI driver
[    1.731451] ulpi_phy_power_on: ulpi write failed
[    1.736059] tegra-ehci c5004000.usb: Failed to power on the phy
[    1.741996] tegra-ehci: probe of c5004000.usb failed with error -110
[    1.750970] tegra-ehci c5008000.usb: EHCI Host Controller
[    1.756375] tegra-ehci c5008000.usb: new USB bus registered, assigned bus number 1
[    1.764182] tegra-ehci c5008000.usb: irq 290, io mem 0xc5008000
[    1.790266] tegra-ehci c5008000.usb: USB 2.0 started, EHCI 1.00
[    1.796799] hub 1-0:1.0: USB hub found
[    1.800581] hub 1-0:1.0: 1 port detected
[    1.804813] ohci_hcd: USB 1.1 'Open' Host Controller (OHCI) Driver
[    1.811004] ohci-pci: OHCI PCI platform driver
[    1.815483] ohci-platform: OHCI generic platform driver
[    1.820873] ohci-omap3: OHCI OMAP3 driver
[    1.824975] SPEAr-ohci: OHCI SPEAr driver
[    1.829074] ohci-st: OHCI STMicroelectronics driver
[    1.834057] ohci-atmel: OHCI Atmel driver
[    1.838647] usbcore: registered new interface driver usb-storage
[    1.847247] rtc-em3027 2-0056: rtc core: registered rtc-em3027 as rtc0
[    1.854888] tegra_rtc 7000e000.rtc: rtc core: registered 7000e000.rtc as rtc1
[    1.862053] tegra_rtc 7000e000.rtc: Tegra internal Real Time Clock
[    1.868607] i2c /dev entries driver
[    1.881404] sdhci: Secure Digital Host Controller Interface driver
[    1.887570] sdhci: Copyright(c) Pierre Ossman
[    1.893082] Synopsys Designware Multimedia Card Interface Driver
[    1.900001] sdhci-pltfm: SDHCI platform and OF driver helper
[    1.914475] mmc0: Invalid maximum block size, assuming 512 bytes
[    1.980267] mmc0: SDHCI controller on c8000000.sdhci [c8000000.sdhci] using ADMA
[    1.987742] sdhci-tegra c8000600.sdhci: Got CD GPIO
[    1.992641] sdhci-tegra c8000600.sdhci: Got WP GPIO
[    2.005671] mmc1: Invalid maximum block size, assuming 512 bytes
[    2.070373] mmc1: SDHCI controller on c8000600.sdhci [c8000600.sdhci] using ADMA
[    2.079198] ledtrig-cpu: registered to indicate activity on CPUs
[    2.085495] usbcore: registered new interface driver usbhid
[    2.091071] usbhid: USB HID core driver
[    2.098025] NET: Registered protocol family 10
[    2.103481] Segment Routing with IPv6
[    2.107181] sit: IPv6, IPv4 and MPLS over IPv4 tunneling driver
[    2.113607] NET: Registered protocol family 17
[    2.118044] can: controller area network core (rev 20120528 abi 9)
[    2.124271] NET: Registered protocol family 29
[    2.128702] can: raw protocol (rev 20120528)
[    2.132973] can: broadcast manager protocol (rev 20161123 t)
[    2.138621] can: netlink gateway (rev 20130117) max_hops=1
[    2.144436] Key type dns_resolver registered
[    2.149066] ThumbEE CPU extension supported.
[    2.153351] Registering SWP/SWPB emulation handler
[    2.165985] utmi_phy_clk_enable: timeout waiting for phy to stabilize
[    2.170283] usb 1-1: new high-speed USB device number 2 using tegra-ehci
[    2.179146] tegra-ehci c5000000.usb: EHCI Host Controller
[    2.184561] tegra-ehci c5000000.usb: new USB bus registered, assigned bus number 2
[    2.192423] tegra-ehci c5000000.usb: irq 288, io mem 0xc5000000
[    2.289267] mmc1: new high speed SD card at address b368
[    2.295131] mmcblk1: mmc1:b368 NCard 1.83 GiB (ro)
[    2.302618]  mmcblk1: p1 p2
[    2.340291] tegra-ehci c5000000.usb: USB 2.0 started, EHCI 1.00
[    2.347066] hub 2-0:1.0: USB hub found
[    2.350895] hub 2-0:1.0: 1 port detected
[    2.356076] input: gpio-keys as /devices/soc0/gpio-keys/input/input0
[    2.363186] rtc-em3027 2-0056: hctosys: unable to read the hardware clock
[    2.363191] hub 1-1:1.0: USB hub found
[    2.363334] hub 1-1:1.0: 4 ports detected
[    2.378673] Waiting for root device PARTUUID=11eb23c1-01...
[    2.680334] usb 1-1.2: new high-speed USB device number 3 using tegra-ehci
[    3.258191] mmc0: host does not support reading read-only switch, assuming write-enable
[    3.268327] mmc0: new high speed SDHC card at address b368
[    3.275304] mmcblk0: mmc0:b368 NCard 3.70 GiB 
[    3.283304]  mmcblk0: p1
[    3.315466] asix 1-1.2:1.0 eth1: register 'asix' at usb-c5008000.usb-1.2, ASIX AX88772 USB 2.0 Ethernet, 00:60:6e:60:6c:68
[    3.341835] EXT4-fs (mmcblk0p1): mounting ext3 file system using the ext4 subsystem
[    4.590696] random: fast init done
[    5.831824] EXT4-fs (mmcblk0p1): recovery complete
[    5.906258] EXT4-fs (mmcblk0p1): mounted filesystem with ordered data mode. Opts: (null)
[    5.914569] VFS: Mounted root (ext3 filesystem) on device 179:17.
[    5.931840] devtmpfs: mounted
[    5.941831] Freeing unused kernel memory: 2048K
bash: cannot set terminal process group (-1): Inappropriate ioctl for device
bash: no job control in this shell
root@(none):/#  
root@(none):/# mount -t sysfs none /sys
root@(none):/# 
root@(none):/# mount -t debugfs none /sys/kernel/debug
root@(none):/# 
root@(none):/# rtcwake -d rtc1 -m mem -s 3
rtcwake: assuming RTC uses UTC ...
rtcwake: wakeup from "mem" using /dev/rtc1 at Thu Jan  1 00:00:32 1970
[   15.916151] PM: Syncing filesystems ... done.
[   15.962360] Freezing user space processes ... (elapsed 0.001 seconds) done.
[   15.970817] OOM killer disabled.
[   15.974059] Freezing remaining freezable tasks ... (elapsed 0.001 seconds) done.
[   15.983065] Suspending console(s) (use no_console_suspend to debug)
[   16.025747] pci_generic_config_write32: 38 callbacks suppressed
[   16.025793] pci_bus 0000:00: 2-byte config write to 0000:00:01.0 offset 0x9c may corrupt adjacent RW1C bits
[   16.038155] PM: suspend of devices complete after 46.365 msecs
[   16.042894] PM: late suspend of devices complete after 4.706 msecs
[   16.047726] pci_bus 0000:01: 2-byte config write to 0000:01:00.0 offset 0x44 may corrupt adjacent RW1C bits
[   16.047787] pci_bus 0000:01: 2-byte config write to 0000:01:00.0 offset 0x44 may corrupt adjacent RW1C bits
[   16.071062] PM: noirq suspend of devices complete after 28.137 msecs
[   16.071075] Disabling non-boot CPUs ...
[   16.072459] IRQ294 no longer affine to CPU1
[   16.140341] Entering suspend state LP1
[   16.140341] Suspended for 0.945 seconds
[   16.140390] Enabling non-boot CPUs ...
[   16.170047] CPU1 is up
[   16.171051] pci_bus 0000:00: 2-byte config write to 0000:00:01.0 offset 0x4c may corrupt adjacent RW1C bits
[   16.171099] pci_bus 0000:00: 2-byte config write to 0000:00:01.0 offset 0x88 may corrupt adjacent RW1C bits
[   16.171129] pci_bus 0000:00: 2-byte config write to 0000:00:01.0 offset 0x90 may corrupt adjacent RW1C bits
[   16.171157] pci_bus 0000:00: 2-byte config write to 0000:00:01.0 offset 0x98 may corrupt adjacent RW1C bits
[   16.171182] pci_bus 0000:00: 2-byte config write to 0000:00:01.0 offset 0x9c may corrupt adjacent RW1C bits
[   16.171261] pci_bus 0000:00: 2-byte config write to 0000:00:01.0 offset 0x52 may corrupt adjacent RW1C bits
[   16.171294] pci_bus 0000:00: 2-byte config write to 0000:00:01.0 offset 0x52 may corrupt adjacent RW1C bits
[   16.171369] pcieport 0000:00:01.0: nv_msi_ht_cap_quirk didn't locate host bridge
[   16.200656] PM: noirq resume of devices complete after 30.574 msecs
[   16.204176] PM: early resume of devices complete after 2.933 msecs
[   16.739374] PM: resume of devices complete after 535.164 msecs
[   16.910036] OOM killer enabled.
[   16.913173] Restarting tasks ... done.
root@(none):/# 
root@(none):/# rtcwake -d rtc1 -m mem -s 3
rtcwake: assuming RTC uses UTC ...
rtcwake: wakeup from "mem" using /dev/rtc1 at Thu Jan  1 00:00:37 1970
[   17.704783] PM: Syncing filesystems ... done.
[   17.749865] Freezing user space processes ... (elapsed 0.001 seconds) done.
[   17.758282] OOM killer disabled.
[   17.761601] Freezing remaining freezable tasks ... (elapsed 0.001 seconds) done.
[   17.770657] Suspending console(s) (use no_console_suspend to debug)
[   17.800361] PM: suspend of devices complete after 21.070 msecs
[   17.805182] PM: late suspend of devices complete after 4.789 msecs
[   17.830896] PM: noirq suspend of devices complete after 25.682 msecs
[   17.830909] Disabling non-boot CPUs ...
[   17.832316] IRQ294 no longer affine to CPU1
[   17.868966] Entering suspend state LP1
[   17.868966] Suspended for 3.271 seconds
[   17.869015] Enabling non-boot CPUs ...
[   17.899969] CPU1 is up
[   17.901482] pcieport 0000:00:01.0: nv_msi_ht_cap_quirk didn't locate host bridge
[   17.930559] PM: noirq resume of devices complete after 30.556 msecs
[   17.934075] PM: early resume of devices complete after 2.937 msecs
[   18.479115] PM: resume of devices complete after 545.006 msecs
[   18.548721] OOM killer enabled.
[   18.551863] Restarting tasks ... done.
root@(none):/# 
root@(none):/# rtcwake -d rtc1 -m mem -s 3
rtcwake: assuming RTC uses UTC ...
rtcwake: wakeup from "mem" using /dev/rtc1 at Thu Jan  1 00:00:42 1970
[   19.434831] PM: Syncing filesystems ... done.
[   19.479912] Freezing user space processes ... (elapsed 0.001 seconds) done.
[   19.488408] OOM killer disabled.
[   19.491725] Freezing remaining freezable tasks ... (elapsed 0.001 seconds) done.
[   19.500773] Suspending console(s) (use no_console_suspend to debug)
[   19.557839] PM: suspend of devices complete after 48.435 msecs
[   19.562612] PM: late suspend of devices complete after 4.739 msecs
[   19.590820] PM: noirq suspend of devices complete after 28.177 msecs
[   19.590833] Disabling non-boot CPUs ...
[   19.592334] IRQ294 no longer affine to CPU1
[   19.658820] Entering suspend state LP1
[   19.658820] Suspended for 3.210 seconds
[   19.658867] Enabling non-boot CPUs ...
[   19.689919] CPU1 is up
[   19.691255] pcieport 0000:00:01.0: nv_msi_ht_cap_quirk didn't locate host bridge
[   19.720476] PM: noirq resume of devices complete after 30.522 msecs
[   19.723967] PM: early resume of devices complete after 2.913 msecs
[   20.259105] PM: resume of devices complete after 535.105 msecs
[   20.328699] OOM killer enabled.
[   20.331837] Restarting tasks ... done.
root@(none):/# 
root@(none):/# rtcwake -d rtc1 -m mem -s 3
rtcwake: assuming RTC uses UTC ...
rtcwake: wakeup from "mem" using /dev/rtc1 at Thu Jan  1 00:00:47 1970
[   21.224770] PM: Syncing filesystems ... done.
[   21.269871] Freezing user space processes ... (elapsed 0.001 seconds) done.
[   21.278296] OOM killer disabled.
[   21.281584] Freezing remaining freezable tasks ... (elapsed 0.001 seconds) done.
[   21.290438] Suspending console(s) (use no_console_suspend to debug)
[   21.326517] pci_generic_config_write32: 65 callbacks suppressed
[   21.326563] pci_bus 0000:00: 2-byte config write to 0000:00:01.0 offset 0x9c may corrupt adjacent RW1C bits
[   21.338363] PM: suspend of devices complete after 39.922 msecs
[   21.343393] PM: late suspend of devices complete after 4.998 msecs
[   21.348346] pci_bus 0000:01: 2-byte config write to 0000:01:00.0 offset 0x44 may corrupt adjacent RW1C bits
[   21.348403] pci_bus 0000:01: 2-byte config write to 0000:01:00.0 offset 0x44 may corrupt adjacent RW1C bits
[   21.370673] PM: noirq suspend of devices complete after 27.248 msecs
[   21.370685] Disabling non-boot CPUs ...
[   21.372181] IRQ294 no longer affine to CPU1
[   21.438714] Entering suspend state LP1
[   21.438714] Suspended for 3.220 seconds
[   21.438764] Enabling non-boot CPUs ...
[   21.469800] CPU1 is up
[   21.470927] pci_bus 0000:00: 2-byte config write to 0000:00:01.0 offset 0x4c may corrupt adjacent RW1C bits
[   21.470974] pci_bus 0000:00: 2-byte config write to 0000:00:01.0 offset 0x88 may corrupt adjacent RW1C bits
[   21.471005] pci_bus 0000:00: 2-byte config write to 0000:00:01.0 offset 0x90 may corrupt adjacent RW1C bits
[   21.471033] pci_bus 0000:00: 2-byte config write to 0000:00:01.0 offset 0x98 may corrupt adjacent RW1C bits
[   21.471059] pci_bus 0000:00: 2-byte config write to 0000:00:01.0 offset 0x9c may corrupt adjacent RW1C bits
[   21.471138] pci_bus 0000:00: 2-byte config write to 0000:00:01.0 offset 0x52 may corrupt adjacent RW1C bits
[   21.471170] pci_bus 0000:00: 2-byte config write to 0000:00:01.0 offset 0x52 may corrupt adjacent RW1C bits
[   21.471245] pcieport 0000:00:01.0: nv_msi_ht_cap_quirk didn't locate host bridge
[   21.500392] PM: noirq resume of devices complete after 30.557 msecs
[   21.503937] PM: early resume of devices complete after 2.965 msecs
[   22.048730] PM: resume of devices complete after 544.759 msecs
[   22.221451] OOM killer enabled.
[   22.224580] Restarting tasks ... done.
root@(none):/# 
root@(none):/# rtcwake -d rtc1 -m mem -s 3
rtcwake: assuming RTC uses UTC ...
rtcwake: wakeup from "mem" using /dev/rtc1 at Thu Jan  1 00:00:52 1970
[   23.004639] PM: Syncing filesystems ... done.
[   23.049737] Freezing user space processes ... (elapsed 0.001 seconds) done.
[   23.058244] OOM killer disabled.
[   23.061564] Freezing remaining freezable tasks ... (elapsed 0.001 seconds) done.
[   23.070618] Suspending console(s) (use no_console_suspend to debug)
[   23.127326] PM: suspend of devices complete after 48.071 msecs
[   23.132160] PM: late suspend of devices complete after 4.800 msecs
[   23.160597] PM: noirq suspend of devices complete after 28.406 msecs
[   23.160611] Disabling non-boot CPUs ...
[   23.161983] IRQ294 no longer affine to CPU1
[   23.228692] Entering suspend state LP1
[   23.228692] Suspended for 3.209 seconds
[   23.228742] Enabling non-boot CPUs ...
[   23.259742] CPU1 is up
[   23.260719] pcieport 0000:00:01.0: nv_msi_ht_cap_quirk didn't locate host bridge
[   23.290298] PM: noirq resume of devices complete after 30.522 msecs
[   23.293843] PM: early resume of devices complete after 2.966 msecs
[   23.838937] PM: resume of devices complete after 545.060 msecs
[   23.908411] OOM killer enabled.
[   23.911548] Restarting tasks ... done.
root@(none):/# 
root@(none):/# rtcwake -d rtc1 -m mem -s 3
rtcwake: assuming RTC uses UTC ...
rtcwake: wakeup from "mem" using /dev/rtc1 at Thu Jan  1 00:00:57 1970
[   24.794522] PM: Syncing filesystems ... done.
[   24.839608] Freezing user space processes ... (elapsed 0.001 seconds) done.
[   24.848045] OOM killer disabled.
[   24.851333] Freezing remaining freezable tasks ... (elapsed 0.001 seconds) done.
[   24.860192] Suspending console(s) (use no_console_suspend to debug)
[   24.894440] PM: suspend of devices complete after 26.289 msecs
[   24.899359] PM: late suspend of devices complete after 4.887 msecs
[   24.930597] PM: noirq suspend of devices complete after 31.206 msecs
[   24.930610] Disabling non-boot CPUs ...
[   24.931983] IRQ294 no longer affine to CPU1
[   24.968638] Entering suspend state LP1
[   24.968638] Suspended for 3.259 seconds
[   24.968687] Enabling non-boot CPUs ...
[   24.999632] CPU1 is up
[   25.000599] pcieport 0000:00:01.0: nv_msi_ht_cap_quirk didn't locate host bridge
[   25.030213] PM: noirq resume of devices complete after 30.545 msecs
[   25.033691] PM: early resume of devices complete after 2.897 msecs
[   25.568634] PM: resume of devices complete after 534.910 msecs
[   25.638231] OOM killer enabled.
[   25.641369] Restarting tasks ... done.
root@(none):/# 
root@(none):/# rtcwake -d rtc1 -m mem -s 3
rtcwake: assuming RTC uses UTC ...
rtcwake: wakeup from "mem" using /dev/rtc1 at Thu Jan  1 00:01:02 1970
[   26.534602] PM: Syncing filesystems ... done.
[   26.579685] Freezing user space processes ... (elapsed 0.001 seconds) done.
[   26.588188] OOM killer disabled.
[   26.591507] Freezing remaining freezable tasks ... (elapsed 0.001 seconds) done.
[   26.600564] Suspending console(s) (use no_console_suspend to debug)
[   26.645195] pci_generic_config_write32: 65 callbacks suppressed
[   26.645240] pci_bus 0000:00: 2-byte config write to 0000:00:01.0 offset 0x9c may corrupt adjacent RW1C bits
[   26.657628] PM: suspend of devices complete after 48.364 msecs
[   26.662306] PM: late suspend of devices complete after 4.646 msecs
[   26.667091] pci_bus 0000:01: 2-byte config write to 0000:01:00.0 offset 0x44 may corrupt adjacent RW1C bits
[   26.667147] pci_bus 0000:01: 2-byte config write to 0000:01:00.0 offset 0x44 may corrupt adjacent RW1C bits
[   26.700405] PM: noirq suspend of devices complete after 38.068 msecs
[   26.700418] Disabling non-boot CPUs ...
[   26.701794] IRQ294 no longer affine to CPU1
[   26.768456] Entering suspend state LP1
[   26.768456] Suspended for 3.200 seconds
[   26.768505] Enabling non-boot CPUs ...
[   26.799555] CPU1 is up
[   26.800968] pci_bus 0000:00: 2-byte config write to 0000:00:01.0 offset 0x4c may corrupt adjacent RW1C bits
[   26.801016] pci_bus 0000:00: 2-byte config write to 0000:00:01.0 offset 0x88 may corrupt adjacent RW1C bits
[   26.801047] pci_bus 0000:00: 2-byte config write to 0000:00:01.0 offset 0x90 may corrupt adjacent RW1C bits
[   26.801075] pci_bus 0000:00: 2-byte config write to 0000:00:01.0 offset 0x98 may corrupt adjacent RW1C bits
[   26.801101] pci_bus 0000:00: 2-byte config write to 0000:00:01.0 offset 0x9c may corrupt adjacent RW1C bits
[   26.801181] pci_bus 0000:00: 2-byte config write to 0000:00:01.0 offset 0x52 may corrupt adjacent RW1C bits
[   26.801214] pci_bus 0000:00: 2-byte config write to 0000:00:01.0 offset 0x52 may corrupt adjacent RW1C bits
[   26.801289] pcieport 0000:00:01.0: nv_msi_ht_cap_quirk didn't locate host bridge
[   26.830127] PM: noirq resume of devices complete after 30.538 msecs
[   26.833609] PM: early resume of devices complete after 2.902 msecs
[   27.368626] PM: resume of devices complete after 534.985 msecs
[   27.541353] OOM killer enabled.
[   27.544481] Restarting tasks ... done.
root@(none):/# 
root@(none):/# rtcwake -d rtc1 -m mem -s 3
rtcwake: assuming RTC uses UTC ...
rtcwake: wakeup from "mem" using /dev/rtc1 at Thu Jan  1 00:01:07 1970
[   28.334421] PM: Syncing filesystems ... done.
[   28.379515] Freezing user space processes ... (elapsed 0.001 seconds) done.
[   28.388037] OOM killer disabled.
[   28.391358] Freezing remaining freezable tasks ... (elapsed 0.001 seconds) done.
[   28.400413] Suspending console(s) (use no_console_suspend to debug)
[   28.457342] PM: suspend of devices complete after 48.232 msecs
[   28.462255] PM: late suspend of devices complete after 4.880 msecs
[   28.490390] PM: noirq suspend of devices complete after 28.103 msecs
[   28.490402] Disabling non-boot CPUs ...
[   28.491896] IRQ294 no longer affine to CPU1
[   28.558328] Entering suspend state LP1
[   28.558328] Suspended for 3.210 seconds
[   28.558377] Enabling non-boot CPUs ...
[   28.589461] CPU1 is up
[   28.590969] pcieport 0000:00:01.0: nv_msi_ht_cap_quirk didn't locate host bridge
[   28.620036] PM: noirq resume of devices complete after 30.540 msecs
[   28.623538] PM: early resume of devices complete after 2.921 msecs
[   29.158700] PM: resume of devices complete after 535.128 msecs
[   29.228251] OOM killer enabled.
[   29.231388] Restarting tasks ... done.
root@(none):/# 
root@(none):/# rtcwake -d rtc1 -m mem -s 3
rtcwake: assuming RTC uses UTC ...
rtcwake: wakeup from "mem" using /dev/rtc1 at Thu Jan  1 00:01:12 1970
[   30.134259] PM: Syncing filesystems ... done.
[   30.179328] Freezing user space processes ... (elapsed 0.001 seconds) done.
[   30.187851] OOM killer disabled.
[   30.191170] Freezing remaining freezable tasks ... (elapsed 0.001 seconds) done.
[   30.200227] Suspending console(s) (use no_console_suspend to debug)
[   30.257395] PM: suspend of devices complete after 48.410 msecs
[   30.262287] PM: late suspend of devices complete after 4.859 msecs
[   30.290245] PM: noirq suspend of devices complete after 27.927 msecs
[   30.290257] Disabling non-boot CPUs ...
[   30.291636] IRQ294 no longer affine to CPU1
[   30.358247] Entering suspend state LP1
[   30.358247] Suspended for 3.199 seconds
[   30.358296] Enabling non-boot CPUs ...
[   30.389367] CPU1 is up
[   30.390797] pcieport 0000:00:01.0: nv_msi_ht_cap_quirk didn't locate host bridge
[   30.419952] PM: noirq resume of devices complete after 30.550 msecs
[   30.423448] PM: early resume of devices complete after 2.921 msecs
[   30.958313] PM: resume of devices complete after 534.833 msecs
[   31.027920] OOM killer enabled.
[   31.031059] Restarting tasks ... done.
root@(none):/# 
root@(none):/# rtcwake -d rtc1 -m mem -s 3
rtcwake: assuming RTC uses UTC ...
rtcwake: wakeup from "mem" using /dev/rtc1 at Thu Jan  1 00:01:17 1970
[   31.934094] PM: Syncing filesystems ... done.
[   31.979190] Freezing user space processes ... (elapsed 0.001 seconds) done.
[   31.987545] OOM killer disabled.
[   31.990834] Freezing remaining freezable tasks ... (elapsed 0.001 seconds) done.
[   31.999728] Suspending console(s) (use no_console_suspend to debug)
[   32.015376] pci_generic_config_write32: 65 callbacks suppressed
[   32.015421] pci_bus 0000:00: 2-byte config write to 0000:00:01.0 offset 0x9c may corrupt adjacent RW1C bits
[   32.033306] PM: suspend of devices complete after 25.594 msecs
[   32.038232] PM: late suspend of devices complete after 4.893 msecs
[   32.043302] pci_bus 0000:01: 2-byte config write to 0000:01:00.0 offset 0x44 may corrupt adjacent RW1C bits
[   32.043359] pci_bus 0000:01: 2-byte config write to 0000:01:00.0 offset 0x44 may corrupt adjacent RW1C bits
[   32.070182] PM: noirq suspend of devices complete after 31.920 msecs
[   32.070194] Disabling non-boot CPUs ...
[   32.071701] IRQ294 no longer affine to CPU1
[   32.108203] Entering suspend state LP1
[   32.108203] Suspended for 3.249 seconds
[   32.108252] Enabling non-boot CPUs ...
[   32.139272] CPU1 is up
[   32.141781] pci_bus 0000:00: 2-byte config write to 0000:00:01.0 offset 0x4c may corrupt adjacent RW1C bits
[   32.141853] pci_bus 0000:00: 2-byte config write to 0000:00:01.0 offset 0x88 may corrupt adjacent RW1C bits
[   32.141885] pci_bus 0000:00: 2-byte config write to 0000:00:01.0 offset 0x90 may corrupt adjacent RW1C bits
[   32.141913] pci_bus 0000:00: 2-byte config write to 0000:00:01.0 offset 0x98 may corrupt adjacent RW1C bits
[   32.141941] pci_bus 0000:00: 2-byte config write to 0000:00:01.0 offset 0x9c may corrupt adjacent RW1C bits
[   32.142020] pci_bus 0000:00: 2-byte config write to 0000:00:01.0 offset 0x52 may corrupt adjacent RW1C bits
[   32.142051] pci_bus 0000:00: 2-byte config write to 0000:00:01.0 offset 0x52 may corrupt adjacent RW1C bits
[   32.142124] pcieport 0000:00:01.0: nv_msi_ht_cap_quirk didn't locate host bridge
[   32.169723] PM: noirq resume of devices complete after 30.415 msecs
[   32.173218] PM: early resume of devices complete after 2.920 msecs
[   32.708396] PM: resume of devices complete after 535.145 msecs
[   32.881065] OOM killer enabled.
[   32.884193] Restarting tasks ... done.
root@(none):/# 
root@(none):/# NVTB SYSTEM SUSPEND TEST COMPLETE
