
U-Boot SPL 2016.05-rc2 (Apr 21 2016 - 16:23:00)
Trying to boot from RAM


U-Boot 2016.05-rc2 (Apr 21 2016 - 16:23:00 -0700)

TEGRA124
Model: NVIDIA Jetson TK1
Board: NVIDIA Jetson TK1
DRAM:  2 GiB
MMC:   Tegra SD/MMC: 0, Tegra SD/MMC: 1
In:    serial
Out:   serial
Err:   serial
Net:   No ethernet found.
Hit any key to stop autoboot:  2  0 
Tegra124 (Jetson TK1) # 
Tegra124 (Jetson TK1) # pci enum
Tegra124 (Jetson TK1) # setenv bootargs 'ignore_loglevel console=ttyS0,115200n8 rw root=PARTUUID=b1791faa-84e8-4e27-83a1-9fb0a77e8803 rootwait gpt debug noinitrd earlyprintk init=/bin/bash'
Tegra124 (Jetson TK1) # setenv ipaddr 192.168.100.102; setenv serverip 192.168.100.1; setenv tftpserverip 192.168.100.1
Tegra124 (Jetson TK1) # tftpboot 0x82000000 zImage.tegra_defconfig

Warning: eth_rtl8169 using MAC address from ROM
Using eth_rtl8169 device
TFTP from server 192.168.100.1; our IP address is 192.168.100.102
Filename 'zImage.tegra_defconfig'.
Load address: 0x82000000
Loading: *#################################################################
	 #################################################################
	 #################################################################
	 #################################################################
	 #################################################################
	 ############################################
	 3.5 MiB/s
done
Bytes transferred = 5408936 (5288a8 hex)
Tegra124 (Jetson TK1) # tftpboot 0x83000000 tegra124-jetson-tk1.dtb
Using eth_rtl8169 device
TFTP from server 192.168.100.1; our IP address is 192.168.100.102
Filename 'tegra124-jetson-tk1.dtb'.
Load address: 0x83000000
Loading: *#####
	 3.3 MiB/s
done
Bytes transferred = 66621 (1043d hex)
Tegra124 (Jetson TK1) # bootz 0x82000000 - 0x83000000
Kernel image @ 0x82000000 [ 0x000000 - 0x5288a8 ]
## Flattened Device Tree blob at 83000000
   Booting using the fdt blob at 0x83000000
   Using Device Tree in place at 83000000, end 8301343c

Starting kernel ...

Uncompressing Linux... done, booting the kernel.
[    0.000000] Booting Linux on physical CPU 0x0
[    0.000000] Linux version 4.7.0-next-20160801-109840-gc24c130 (pwalmsley@kaivo) (gcc version 4.7.3 20130328 (prerelease) (crosstool-NG linaro-1.13.1-4.7-2013.04-20130415 - Linaro GCC 2013.04) ) #1 SMP PREEMPT Sun Jul 31 21:34:49 PDT 2016
[    0.000000] CPU: ARMv7 Processor [413fc0f3] revision 3 (ARMv7), cr=10c5387d
[    0.000000] CPU: div instructions available: patching division code
[    0.000000] CPU: PIPT / VIPT nonaliasing data cache, PIPT instruction cache
[    0.000000] OF: fdt:Machine model: NVIDIA Tegra124 Jetson TK1
[    0.000000] debug: ignoring loglevel setting.
[    0.000000] bootconsole [earlycon0] enabled
[    0.000000] cma: Reserved 64 MiB at 0xfbc00000
[    0.000000] Memory policy: Data cache writealloc
[    0.000000] On node 0 totalpages: 524032
[    0.000000] free_area_init_node: node 0, pgdat c0d5c200, node_mem_map eeff9000
[    0.000000]   Normal zone: 1536 pages used for memmap
[    0.000000]   Normal zone: 0 pages reserved
[    0.000000]   Normal zone: 196608 pages, LIFO batch:31
[    0.000000]   HighMem zone: 327424 pages, LIFO batch:31
[    0.000000] percpu: Embedded 14 pages/cpu @eef86000 s26176 r8192 d22976 u57344
[    0.000000] pcpu-alloc: s26176 r8192 d22976 u57344 alloc=14*4096
[    0.000000] pcpu-alloc: [0] 0 [0] 1 [0] 2 [0] 3 
[    0.000000] Built 1 zonelists in Zone order, mobility grouping on.  Total pages: 522496
[    0.000000] Kernel command line: ignore_loglevel console=ttyS0,115200n8 rw root=PARTUUID=b1791faa-84e8-4e27-83a1-9fb0a77e8803 rootwait gpt debug noinitrd earlyprintk init=/bin/bash
[    0.000000] PID hash table entries: 4096 (order: 2, 16384 bytes)
[    0.000000] Dentry cache hash table entries: 131072 (order: 7, 524288 bytes)
[    0.000000] Inode-cache hash table entries: 65536 (order: 6, 262144 bytes)
[    0.000000] Memory: 1999824K/2096128K available (8192K kernel code, 375K rwdata, 2444K rodata, 1024K init, 366K bss, 30768K reserved, 65536K cma-reserved, 1244160K highmem)
[    0.000000] Virtual kernel memory layout:
[    0.000000]     vector  : 0xffff0000 - 0xffff1000   (   4 kB)
[    0.000000]     fixmap  : 0xffc00000 - 0xfff00000   (3072 kB)
[    0.000000]     vmalloc : 0xf0800000 - 0xff800000   ( 240 MB)
[    0.000000]     lowmem  : 0xc0000000 - 0xf0000000   ( 768 MB)
[    0.000000]     pkmap   : 0xbfe00000 - 0xc0000000   (   2 MB)
[    0.000000]     modules : 0xbf000000 - 0xbfe00000   (  14 MB)
[    0.000000]       .text : 0xc0008000 - 0xc0900000   (9184 kB)
[    0.000000]       .init : 0xc0c00000 - 0xc0d00000   (1024 kB)
[    0.000000]       .data : 0xc0d00000 - 0xc0d5dc80   ( 376 kB)
[    0.000000]        .bss : 0xc0d5f000 - 0xc0dbaae0   ( 367 kB)
[    0.000000] Preemptible hierarchical RCU implementation.
[    0.000000] 	Build-time adjustment of leaf fanout to 32.
[    0.000000] NR_IRQS:16 nr_irqs:16 16
[    0.000000] /interrupt-controller@60004000: 160 interrupts forwarded to /interrupt-controller@50041000
[    0.000000] Tegra clk 127: register failed with -17
[    0.000008] sched_clock: 32 bits at 1000kHz, resolution 1000ns, wraps every 2147483647500ns
[    0.007306] clocksource: timer_us: mask: 0xffffffff max_cycles: 0xffffffff, max_idle_ns: 1911260446275 ns
[    0.016915] Switching to timer-based delay loop, resolution 1000ns
[    0.024369] Architected cp15 timer(s) running at 12.00MHz (virt).
[    0.029312] clocksource: arch_sys_counter: mask: 0xffffffffffffff max_cycles: 0x2c47f4ee7, max_idle_ns: 440795202497 ns
[    0.040146] sched_clock: 56 bits at 12MHz, resolution 83ns, wraps every 4398046511096ns
[    0.048200] Switching to timer-based delay loop, resolution 83ns
[    0.054718] Console: colour dummy device 80x30
[    0.058787] Calibrating delay loop (skipped), value calculated using timer frequency.. 24.00 BogoMIPS (lpj=120000)
[    0.069169] pid_max: default: 32768 minimum: 301
[    0.074415] Mount-cache hash table entries: 2048 (order: 1, 8192 bytes)
[    0.080540] Mountpoint-cache hash table entries: 2048 (order: 1, 8192 bytes)
[    0.089074] CPU: Testing write buffer coherency: ok
[    0.092852] /cpus/cpu@0 missing clock-frequency property
[    0.097975] /cpus/cpu@1 missing clock-frequency property
[    0.103369] /cpus/cpu@2 missing clock-frequency property
[    0.108722] /cpus/cpu@3 missing clock-frequency property
[    0.114080] CPU0: thread -1, cpu 0, socket 0, mpidr 80000000
[    0.119796] Setting up static identity map for 0x80100000 - 0x80100098
[    0.186971] Tegra Revision: A01 SKU: 129 CPU Process: 1 SoC Process: 1
[    0.227074] CPU1: thread -1, cpu 1, socket 0, mpidr 80000001
[    0.277142] CPU2: thread -1, cpu 2, socket 0, mpidr 80000002
[    0.327217] CPU3: thread -1, cpu 3, socket 0, mpidr 80000003
[    0.336730] Brought up 4 CPUs
[    0.355035] SMP: Total of 4 processors activated (96.00 BogoMIPS).
[    0.361273] CPU: All CPU(s) started in SVC mode.
[    0.397476] devtmpfs: initialized
[    0.455173] VFP support v0.3: implementor 41 architecture 4 part 30 variant f rev 0
[    0.461608] clocksource: jiffies: mask: 0xffffffff max_cycles: 0xffffffff, max_idle_ns: 19112604462750000 ns
[    0.530999] pinctrl core: initialized pinctrl subsystem
[    0.621511] NET: Registered protocol family 16
[    0.625379] DMA: preallocated 256 KiB pool for atomic coherent allocations
[    0.661128] cpuidle: using governor menu
[    0.687671] No ATAGs?hw-breakpoint: found 5 (+1 reserved) breakpoint and 4 watchpoint registers.
[    0.694637] hw-breakpoint: maximum watchpoint size is 8 bytes.
[    1.046600] +5V_SYS: supplied by +VDD_MUX
[    1.049368] +3.3V_SYS: supplied by +VDD_MUX
[    1.054233] +USB0_VBUS_SW: Failed to request enable GPIO108: -517
[    1.059243] reg-fixed-voltage regulators:regulator@7: Failed to register regulator: -517
[    1.067455] +5V_USB_HS: Failed to request enable GPIO109: -517
[    1.073250] reg-fixed-voltage regulators:regulator@8: Failed to register regulator: -517
[    1.081602] +1.05V_RUN_AVDD_HDMI_PLL: Failed to request enable GPIO63: -517
[    1.088416] reg-fixed-voltage regulators:regulator@11: Failed to register regulator: -517
[    1.096745] +5V_HDMI_CON: Failed to request enable GPIO86: -517
[    1.102628] reg-fixed-voltage regulators:regulator@12: Failed to register regulator: -517
[    1.110959] +5V_SATA: Failed to request enable GPIO242: -517
[    1.116581] reg-fixed-voltage regulators:regulator@13: Failed to register regulator: -517
[    1.124911] +12V_SATA: Failed to request enable GPIO242: -517
[    1.130621] reg-fixed-voltage regulators:regulator@14: Failed to register regulator: -517
[    1.140792] vgaarb: loaded
[    1.171212] SCSI subsystem initialized
[    1.173423] libata version 3.00 loaded.
[    1.177691] usbcore: registered new interface driver usbfs
[    1.182808] usbcore: registered new interface driver hub
[    1.188108] usbcore: registered new device driver usb
[    1.197404] Linux video capture interface: v2.00
[    1.200295] pps_core: LinuxPPS API ver. 1 registered
[    1.205242] pps_core: Software ver. 5.3.6 - Copyright 2005-2007 Rodolfo Giometti <giometti@linux.it>
[    1.214471] PTP clock support registered
[    1.220205] Advanced Linux Sound Architecture Driver Initialized.
[    1.226197] Bluetooth: Core ver 2.21
[    1.228259] NET: Registered protocol family 31
[    1.232716] Bluetooth: HCI device and connection manager initialized
[    1.239123] Bluetooth: HCI socket layer initialized
[    1.244076] Bluetooth: L2CAP socket layer initialized
[    1.249205] Bluetooth: SCO socket layer initialized
[    1.255708] clocksource: Switched to clocksource arch_sys_counter
[    1.625728] NET: Registered protocol family 2
[    1.945733] TCP established hash table entries: 8192 (order: 3, 32768 bytes)
[    1.951043] TCP bind hash table entries: 8192 (order: 4, 65536 bytes)
[    1.957673] TCP: Hash tables configured (established 8192 bind 8192)
[    1.964296] UDP hash table entries: 512 (order: 2, 16384 bytes)
[    1.969900] UDP-Lite hash table entries: 512 (order: 2, 16384 bytes)
[    2.095729] NET: Registered protocol family 1
[    2.225732] RPC: Registered named UNIX socket transport module.
[    2.229822] RPC: Registered udp transport module.
[    2.234588] RPC: Registered tcp transport module.
[    2.239400] RPC: Registered tcp NFSv4.1 backchannel transport module.
[    2.245898] PCI: CLS 0 bytes, default 64
[    2.251928] hw perfevents: enabled with armv7_cortex_a15 PMU driver, 7 counters available
[    2.297962] futex hash table entries: 1024 (order: 4, 65536 bytes)
[    2.303983] workingset: timestamp_bits=30 max_order=19 bucket_order=0
[    3.105727] squashfs: version 4.0 (2009/01/31) Phillip Lougher
[    3.455785] NFS: Registering the id_resolver key type
[    3.459033] Key type id_resolver registered
[    3.463256] Key type id_legacy registered
[    3.471619] bounce: pool size: 64 pages
[    3.473632] io scheduler noop registered (default)
[    3.678445] usb2-0 supply vbus not found, using dummy regulator
[    3.682769] usb2-1 supply vbus not found, using dummy regulator
[    3.689237] tegra-xusb-padctl 7009f000.padctl: failed to setup XUSB ports: -517
[    3.706335] tegra-pcie 1003000.pcie-controller: 2x1, 1x1 configuration
[    3.711074] tegra-pcie 1003000.pcie-controller: Failed to get supply 'avddio-pex': -517
[    3.730584] tegra-apbdma 60020000.dma: Tegra20 APB DMA driver register 32 channels
[    3.737269] tegra-pmc 7000e400.pmc: emergency thermal reset enabled
[    3.743433] Serial: 8250/16550 driver, 4 ports, IRQ sharing disabled
[    3.752772] console [ttyS0] disabled
[    3.754607] 70006300.serial: ttyS0 at MMIO 0x70006300 (irq = 333, base_baud = 25500000) is a Tegra
[    3.763629] console [ttyS0] enabled
[    3.763629] console [ttyS0] enabled
[    3.769888] bootconsole [earlycon0] disabled
[    3.769888] bootconsole [earlycon0] disabled
[    3.779795] serial-tegra serial@0,70006000: failed to get alias id, errno -19
[    3.788258] serial-tegra serial@0,70006040: failed to get alias id, errno -19
[    3.797047] [drm] Initialized drm 1.1.0 20060810
[    3.802759] tegra-hdmi 54280000.hdmi: failed to get HDMI regulator
[    3.827999] loop: module loaded
[    3.831958] at24 0-0056: 256 byte 24c02 EEPROM, writable, 8 bytes/write
[    3.839404] as3722 4-0040: AS3722 with revision 0x1 found
[    3.852021] as3722-sd2: supplied by +5V_SYS
[    3.856985] as3722-sd3: supplied by +5V_SYS
[    3.861399] +1.35V_LP0(sd3): Bringing 0uV into 1350000-1350000uV
[    3.868043] as3722-sd4: supplied by +5V_SYS
[    3.872966] as3722-sd5: supplied by +5V_SYS
[    3.879627] as3722-ldo0: supplied by +1.35V_LP0(sd2)
[    3.886025] +1.8V_RUN_CAM: Bringing 0uV into 1800000-1800000uV
[    3.892542] as3722-ldo2: supplied by +1.8V_VDDIO
[    3.898810] as3722-ldo3: supplied by +3.3V_SYS
[    3.903304] +1.05V_LP0_VDD_RTC: Bringing 1100000uV into 1000000-1000000uV
[    3.911389] as3722-ldo4: supplied by +3.3V_SYS
[    3.916087] +2.8V_RUN_CAM: Bringing 0uV into 2800000-2800000uV
[    3.922613] as3722-ldo5: supplied by +1.8V_VDDIO
[    3.927491] +1.2V_RUN_CAM_FRONT: Bringing 0uV into 1200000-1200000uV
[    3.934729] +VDDIO_SDMMC3: bypassed regulator has no supply!
[    3.940408] +VDDIO_SDMMC3: failed to get the current voltage(-517)
[    3.946604] as3722-regulator as3722-regulator: regulator 13 register failed -517
[    3.996349] tegra-ahci 70027000.sata: couldn't get PHY in node sata: -517
[    4.016233] m25p80 spi32765.0: w25q32dw (4096 Kbytes)
[    4.025085] libphy: Fixed MDIO Bus: probed
[    4.029200] CAN device driver interface
[    4.033124] igb: Intel(R) Gigabit Ethernet Network Driver - version 5.3.0-k
[    4.040119] igb: Copyright (c) 2007-2014 Intel Corporation.
[    4.046036] pegasus: v0.9.3 (2013/04/25), Pegasus/Pegasus II USB Ethernet driver
[    4.053543] usbcore: registered new interface driver pegasus
[    4.059401] usbcore: registered new interface driver asix
[    4.064922] usbcore: registered new interface driver ax88179_178a
[    4.071153] usbcore: registered new interface driver cdc_ether
[    4.077194] usbcore: registered new interface driver smsc75xx
[    4.083094] usbcore: registered new interface driver smsc95xx
[    4.088971] usbcore: registered new interface driver net1080
[    4.094749] usbcore: registered new interface driver cdc_subset
[    4.100825] usbcore: registered new interface driver zaurus
[    4.106583] usbcore: registered new interface driver cdc_ncm
[    4.112486] tegra-phy 7d004000.usb-phy: no vbus regulator
[    4.118320] ehci_hcd: USB 2.0 'Enhanced' Host Controller (EHCI) Driver
[    4.124836] ehci-pci: EHCI PCI platform driver
[    4.129416] tegra-ehci: Tegra EHCI driver
[    4.136280] tegra-ehci 7d004000.usb: EHCI Host Controller
[    4.141716] tegra-ehci 7d004000.usb: new USB bus registered, assigned bus number 1
[    4.149608] tegra-ehci 7d004000.usb: irq 352, io mem 0x7d004000
[    4.175742] tegra-ehci 7d004000.usb: USB 2.0 started, EHCI 1.10
[    4.183396] hub 1-0:1.0: USB hub found
[    4.187259] hub 1-0:1.0: 1 port detected
[    4.193039] usbcore: registered new interface driver cdc_acm
[    4.198709] cdc_acm: USB Abstract Control Model driver for USB modems and ISDN adapters
[    4.206867] usbcore: registered new interface driver cdc_wdm
[    4.212702] usbcore: registered new interface driver usb-storage
[    4.219477] mousedev: PS/2 mouse device common for all mice
[    4.227763] random: fast init done
[    4.232254] as3722-rtc as3722-rtc: rtc core: registered as3722-rtc as rtc0
[    4.239144] as3722-rtc as3722-rtc: RTC interrupt 375
[    4.247168] tegra_rtc 7000e000.rtc: rtc core: registered 7000e000.rtc as rtc1
[    4.254383] tegra_rtc 7000e000.rtc: Tegra internal Real Time Clock
[    4.260983] i2c /dev entries driver
[    4.266799] usbcore: registered new interface driver uvcvideo
[    4.272536] USB Video Class driver (1.1.1)
[    4.276647] gspca_main: v2.14.0 registered
[    4.281547] 0-004c supply vcc not found, using dummy regulator
[    4.291472] tegra-wdt 60005000.timer: initialized (heartbeat = 120 sec, nowayout = 0)
[    4.300828] sdhci: Secure Digital Host Controller Interface driver
[    4.307020] sdhci: Copyright(c) Pierre Ossman
[    4.311368] sdhci-pltfm: SDHCI platform and OF driver helper
[    4.317403] sdhci-tegra 700b0400.sdhci: Got CD GPIO
[    4.322293] sdhci-tegra 700b0400.sdhci: Got WP GPIO
[    4.327516] mmc0: Unknown controller version (3). You may experience problems.
[    4.334775] mmc0: Invalid maximum block size, assuming 512 bytes
[    4.405741] mmc0: SDHCI controller on 700b0600.sdhci [700b0600.sdhci] using ADMA 64-bit
[    4.420035] usbcore: registered new interface driver usbhid
[    4.425753] usbhid: USB HID core driver
[    4.437324] tegra124-dfll 70110000.clock: couldn't get vdd_cpu regulator
[    4.483403] mmc0: new high speed MMC card at address 0001
[    4.489888] mmcblk0: mmc0:0001 SEM16G 14.7 GiB 
[    4.494863] mmcblk0boot0: mmc0:0001 SEM16G partition 1 4.00 MiB
[    4.501234] mmcblk0boot1: mmc0:0001 SEM16G partition 2 4.00 MiB
[    4.507620] mmcblk0rpmb: mmc0:0001 SEM16G partition 3 4.00 MiB
[    4.515594]  mmcblk0: p1
[    4.885835] tegra30-i2s 70301100.i2s: DMA channels sourced from device 70300000.ahub
[    4.904891] rt5640 0-001c: ASoC: no source widget found for DAC L2 Power
[    4.912157] rt5640 0-001c: ASoC: Failed to add route DAC L2 Power -> direct -> IF2 DAC L
[    4.920269] rt5640 0-001c: ASoC: no source widget found for DAC R2 Power
[    4.926977] rt5640 0-001c: ASoC: Failed to add route DAC R2 Power -> direct -> IF2 DAC R
[    4.937228] tegra-snd-rt5640 sound: rt5640-aif1 <-> 70301100.i2s mapping ok
[    4.948865] input: NVIDIA Tegra Jetson TK1 Headphones as /devices/soc0/sound/sound/card1/input0
[    5.207564] input: tegra-hda HDMI/DP,pcm=3 as /devices/soc0/70030000.hda/sound/card0/input1
[    5.235731] NET: Registered protocol family 10
[    5.395762] mip6: Mobile IPv6
[    5.398729] sit: IPv6, IPv4 and MPLS over IPv4 tunneling driver
[    5.407690] NET: Registered protocol family 17
[    5.412163] NET: Registered protocol family 15
[    5.416656] can: controller area network core (rev 20120528 abi 9)
[    5.455850] NET: Registered protocol family 29
[    5.460291] can: raw protocol (rev 20120528)
[    5.464555] can: broadcast manager protocol (rev 20160617 t)
[    5.470243] can: netlink gateway (rev 20130117) max_hops=1
[    5.515857] Bluetooth: RFCOMM socket layer initialized
[    5.521003] Bluetooth: RFCOMM ver 1.11
[    5.524756] Bluetooth: BNEP (Ethernet Emulation) ver 1.3
[    5.530100] Bluetooth: BNEP socket layer initialized
[    5.535056] Bluetooth: HIDP (Human Interface Emulation) ver 1.2
[    5.541001] Bluetooth: HIDP socket layer initialized
[    5.546282] Key type dns_resolver registered
[    5.551866] Registering SWP/SWPB emulation handler
[    5.558900] +3.3V_RUN: supplied by +3.3V_SYS
[    5.564186] +3.3V_AVDD_HDMI_AP_GATED: supplied by +3.3V_RUN
[    5.570177] +USB0_VBUS_SW: supplied by +5V_SYS
[    5.575373] +5V_USB_HS: supplied by +5V_SYS
[    5.581140] +3.3V_LP0: supplied by +3.3V_SYS
[    5.587556] +5V_HDMI_CON: supplied by +5V_SYS
[    5.592553] +5V_SATA: supplied by +5V_SYS
[    5.597365] +12V_SATA: supplied by +VDD_MUX
[    5.604595] usb2-0 supply vbus not found, using dummy regulator
[    5.610895] usb2-1 supply vbus not found, using dummy regulator
[    5.617421] usb3-0 supply vbus not found, using dummy regulator
[    5.624102] tegra-pcie 1003000.pcie-controller: 2x1, 1x1 configuration
[    5.630738] tegra-pcie 1003000.pcie-controller: Failed to get supply 'avddio-pex': -517
[    5.639392] tegra-hdmi 54280000.hdmi: failed to get PLL regulator
[    5.650617] as3722-sd2: supplied by +5V_SYS
[    5.655416] as3722-sd3: supplied by +5V_SYS
[    5.660223] as3722-sd4: supplied by +5V_SYS
[    5.664923] +1.05V_RUN_AVDD_HDMI_PLL: supplied by +1.05V_RUN
[    5.670820] as3722-sd5: supplied by +5V_SYS
[    5.677484] as3722-ldo0: supplied by +1.35V_LP0(sd2)
[    5.683767] as3722-ldo1: supplied by +3.3V_RUN
[    5.688981] as3722-ldo2: supplied by +1.8V_VDDIO
[    5.694850] as3722-ldo3: supplied by +3.3V_SYS
[    5.700489] as3722-ldo4: supplied by +3.3V_SYS
[    5.705501] as3722-ldo5: supplied by +1.8V_VDDIO
[    5.710821] as3722-ldo6: supplied by +3.3V_RUN
[    5.715886] as3722-ldo7: supplied by +1.8V_VDDIO
[    5.721283] +1.05V_RUN_CAM_REAR: Bringing 0uV into 1050000-1050000uV
[    5.728676] as3722-ldo9: supplied by +5V_SYS
[    5.734165] +3.3V_RUN_TOUCH: Bringing 0uV into 2800000-2800000uV
[    5.741051] as3722-ldo10: supplied by +5V_SYS
[    5.746010] +2.8V_RUN_CAM_AF: Bringing 0uV into 2800000-2800000uV
[    5.753103] as3722-ldo11: supplied by +3.3V_RUN
[    5.758459] +1.8V_RUN_VPP_FUSE: Bringing 0uV into 1800000-1800000uV
[    5.768467] tegra-ahci 70027000.sata: AHCI 0001.0301 32 slots 2 ports 3 Gbps 0x1 impl platform mode
[    5.777546] tegra-ahci 70027000.sata: flags: 64bit ncq sntf pm led pio slum part sadm sds apst 
[    5.790160] scsi host0: tegra-ahci
[    5.867610] scsi host1: tegra-ahci
[    5.871856] ata1: SATA max UDMA/133 mmio [mem 0x70027000-0x70028fff] port 0x100 irq 343
[    5.879908] ata2: DUMMY
[    5.883628] tegra-ehci 7d008000.usb: EHCI Host Controller
[    5.889129] tegra-ehci 7d008000.usb: new USB bus registered, assigned bus number 2
[    5.897056] tegra-ehci 7d008000.usb: irq 353, io mem 0x7d008000
[    5.925840] tegra-ehci 7d008000.usb: USB 2.0 started, EHCI 1.10
[    5.933769] hub 2-0:1.0: USB hub found
[    5.937640] hub 2-0:1.0: 1 port detected
[    6.016517] tegra-xusb 70090000.usb: Firmware timestamp: 2014-09-16 02:10:07 UTC
[    6.023973] tegra-xusb 70090000.usb: xHCI Host Controller
[    6.029442] tegra-xusb 70090000.usb: new USB bus registered, assigned bus number 3
[    6.039678] tegra-xusb 70090000.usb: hcc params 0x0184f525 hci version 0x100 quirks 0x00010010
[    6.048543] tegra-xusb 70090000.usb: irq 345, io mem 0x70090000
[    6.056389] hub 3-0:1.0: USB hub found
[    6.060206] hub 3-0:1.0: 6 ports detected
[    6.066185] tegra-xusb 70090000.usb: xHCI Host Controller
[    6.071608] tegra-xusb 70090000.usb: new USB bus registered, assigned bus number 4
[    6.079369] usb usb4: We don't know the algorithms for LPM for this host, disabling LPM.
[    6.089494] hub 4-0:1.0: USB hub found
[    6.093288] hub 4-0:1.0: 2 ports detected
[    6.100124] sdhci-tegra 700b0400.sdhci: Got CD GPIO
[    6.105049] sdhci-tegra 700b0400.sdhci: Got WP GPIO
[    6.110235] mmc1: Unknown controller version (3). You may experience problems.
[    6.117675] mmc1: Invalid maximum block size, assuming 512 bytes
[    6.186387] mmc1: SDHCI controller on 700b0400.sdhci [700b0400.sdhci] using ADMA 64-bit
[    6.209238] ata1: SATA link down (SStatus 0 SControl 300)
[    6.214687] tegra-pcie 1003000.pcie-controller: 2x1, 1x1 configuration
[    6.223577] tegra-pcie 1003000.pcie-controller: probing port 0, using 2 lanes
[    6.232921] tegra-pcie 1003000.pcie-controller: Slot present pin change, signature: 00000008
[    6.256011] tegra-pcie 1003000.pcie-controller: probing port 1, using 1 lanes
[    6.265307] tegra-pcie 1003000.pcie-controller: Slot present pin change, signature: 00000000
[    6.280068] ------------[ cut here ]------------
[    6.284685] kernel BUG at lib/ioremap.c:64!
[    6.288862] Internal error: Oops - BUG: 0 [#1] PREEMPT SMP ARM
[    6.294684] Modules linked in:
[    6.297747] CPU: 3 PID: 87 Comm: kworker/u8:1 Not tainted 4.7.0-next-20160801-109840-gc24c130 #1
[    6.306517] Hardware name: NVIDIA Tegra SoC (Flattened Device Tree)
[    6.312784] Workqueue: deferwq deferred_probe_work_func
[    6.318010] task: ee0d72c0 task.stack: ee0da000
[    6.322537] PC is at ioremap_page_range+0x180/0x1b4
[    6.327409] LR is at tegra_pcie_setup+0xac/0xb8
[    6.331933] pc : [<c0345794>]    lr : [<c039f288>]    psr: 20000113
[    6.331933] sp : ee0dbd10  ip : 00010000  fp : ee240000
[    6.343390] r10: 00000643  r9 : 00012000  r8 : c0b15000
[    6.348605] r7 : beffffff  r6 : fee10000  r5 : ee240004  r4 : fee00000
[    6.355120] r3 : 12000000  r2 : 12000653  r1 : 13200000  r0 : fee00000
[    6.361638] Flags: nzCv  IRQs on  FIQs on  Mode SVC_32  ISA ARM  Segment none
[    6.368759] Control: 10c5387d  Table: 8000406a  DAC: 00000051
[    6.374494] Process kworker/u8:1 (pid: 87, stack limit = 0xee0da210)
[    6.380836] Stack: (0xee0dbd10 to 0xee0dc000)
[    6.385187] bd00:                                     ee23cd10 c0007fc0 fee10000 c0007fb8
[    6.393354] bd20: fee0ffff 13200000 00000000 ee23bc10 ee23d300 ee23d320 ee23bc4c 00000000
[    6.401520] bd40: ee0dbd78 00000000 c0d9978c c039f288 c039f1dc ee23d300 ee23d320 ee0dbe28
[    6.409686] bd60: 00000000 c010c9f0 ee23bd54 00000003 c093d36c ee9a9010 ee0dbd78 ee0dbd78
[    6.417852] bd80: ee238b10 ee23bc10 ee23bcf8 ee0dbdd0 ee238b90 00000003 ee23bc10 c093d36c
[    6.426018] bda0: 00000001 c03a0314 c0ab0838 ee23bc10 ee9a9010 ee238b10 ee238b20 ee9a9010
[    6.434185] bdc0: 00000007 ee9a9000 c093d778 ee23bd5c ee23bc10 eefc1048 c30004b0 c30004b0
[    6.442351] bde0: 00000007 00000002 20000000 3fffffff eefc10a0 00002200 00000000 00000000
[    6.450518] be00: 00000000 00000000 64647661 6c6c702d 6572652d 732d6566 6c707075 ee230079
[    6.458684] be20: 00000000 00000000 ee23bcf8 c0d18940 00000001 00000000 ee0dbdd0 c039f1dc
[    6.466849] be40: 00000000 00000000 00000000 00000000 c039f1a0 00000000 ee834000 ffffffed
[    6.475015] be60: ee9a9010 fffffdfb c0d18870 c0d18870 ee834000 00000017 c0d02100 c044bc48
[    6.483181] be80: c044bbf8 ee9a9010 c0da9f0c c0da9f14 00000000 c044a674 00000000 00000000
[    6.491347] bea0: ee0dbed0 c044a94c 00000001 00000000 00000000 c0448bfc ee81a470 eeb8a0b8
[    6.499513] bec0: ee9a9010 ee9a9044 c0d26540 c044a3f8 ee9a9010 00000001 c0d02100 ee9a9010
[    6.507679] bee0: ee9a9010 c0d26540 ee1caf00 c0449a84 ee9a9010 c0d264c8 c0d264e8 c0449eb8
[    6.515845] bf00: ee0c3700 c0d264fc ee834000 c0133f70 ee834018 00000001 ee0c3700 ee834018
[    6.524010] bf20: 00000001 ee834000 ee0c3718 ee834000 00000088 c01341e0 00000000 ee0bddc0
[    6.532176] bf40: 00000000 ee0bddc0 00000000 ee0c3700 c01341b4 00000000 00000000 00000000
[    6.540343] bf60: 00000000 c0139318 ffffffff 00000000 ffffffff ee0c3700 00000000 00000000
[    6.548510] bf80: ee0dbf80 ee0dbf80 00000000 00000000 ee0dbf90 ee0dbf90 ee0dbfac ee0bddc0
[    6.556676] bfa0: c0139240 00000000 00000000 c0107978 00000000 00000000 00000000 00000000
[    6.564841] bfc0: 00000000 00000000 00000000 00000000 00000000 00000000 00000000 00000000
[    6.573007] bfe0: 00000000 00000000 00000000 00000000 00000013 00000000 ffffffff ffffffff
[    6.581182] [<c0345794>] (ioremap_page_range) from [<c039f288>] (tegra_pcie_setup+0xac/0xb8)
[    6.589614] [<c039f288>] (tegra_pcie_setup) from [<c010c9f0>] (pci_common_init_dev+0xb4/0x344)
[    6.598219] [<c010c9f0>] (pci_common_init_dev) from [<c03a0314>] (tegra_pcie_probe+0xf4c/0x1b7c)
[    6.606993] [<c03a0314>] (tegra_pcie_probe) from [<c044bc48>] (platform_drv_probe+0x50/0xb0)
[    6.615422] [<c044bc48>] (platform_drv_probe) from [<c044a674>] (driver_probe_device+0x1f4/0x2b0)
[    6.624287] [<c044a674>] (driver_probe_device) from [<c0448bfc>] (bus_for_each_drv+0x44/0x8c)
[    6.632803] [<c0448bfc>] (bus_for_each_drv) from [<c044a3f8>] (__device_attach+0x9c/0x100)
[    6.641060] [<c044a3f8>] (__device_attach) from [<c0449a84>] (bus_probe_device+0x84/0x8c)
[    6.649229] [<c0449a84>] (bus_probe_device) from [<c0449eb8>] (deferred_probe_work_func+0x60/0x8c)
[    6.658182] [<c0449eb8>] (deferred_probe_work_func) from [<c0133f70>] (process_one_work+0x120/0x32c)
[    6.667305] [<c0133f70>] (process_one_work) from [<c01341e0>] (worker_thread+0x2c/0x4b4)
[    6.675386] [<c01341e0>] (worker_thread) from [<c0139318>] (kthread+0xd8/0xf4)
[    6.682603] [<c0139318>] (kthread) from [<c0107978>] (ret_from_fork+0x14/0x3c)
[    6.689818] Code: e58d0000 ebf74b7c e59d0000 eaffffee (e7f001f2) 
[    6.695905] ---[ end trace 79d0f4d483dc13ee ]---
[    6.700658] Unable to handle kernel paging request at virtual address ffffffec
[    6.707874] pgd = c0004000
[    6.710577] [ffffffec] *pgd=affff861, *pte=00000000, *ppte=00000000
[    6.716871] Internal error: Oops: 37 [#2] PREEMPT SMP ARM
[    6.722262] Modules linked in:
[    6.725325] CPU: 3 PID: 87 Comm: kworker/u8:1 Tainted: G      D         4.7.0-next-20160801-109840-gc24c130 #1
[    6.735307] Hardware name: NVIDIA Tegra SoC (Flattened Device Tree)
[    6.741576] task: ee0d72c0 task.stack: ee0da000
[    6.746103] PC is at kthread_data+0x4/0xc
[    6.750108] LR is at wq_worker_sleeping+0x8/0xc8
[    6.754720] pc : [<c01398e8>]    lr : [<c0135074>]    psr: 20000193
[    6.754720] sp : ee0dbb20  ip : eefb5f30  fp : ee0dbb6c
[    6.766176] r10: c0d02e08  r9 : c0d60000  r8 : c0c59a00
[    6.771392] r7 : ee0d7708  r6 : ee0d7700  r5 : ee0d72c0  r4 : eefb5a00
[    6.777907] r3 : 00000000  r2 : 00000000  r1 : ee0d72c0  r0 : ee0d72c0
[    6.784424] Flags: nzCv  IRQs off  FIQs on  Mode SVC_32  ISA ARM  Segment none
[    6.791632] Control: 10c5387d  Table: 8000406a  DAC: 00000051
[    6.797367] Process kworker/u8:1 (pid: 87, stack limit = 0xee0da210)
[    6.803710] Stack: (0xee0dbb20 to 0xee0dc000)
[    6.808063] bb20: 00000020 c08064d8 ee8f27f0 ee8f26c0 c0c54280 c01f3c08 ee8f3504 c080699c
[    6.816230] bb40: ee8f3000 00000024 00000000 ee0db79c ee85b3c0 ee0d7680 ee0dbb78 0000000b
[    6.824396] bb60: 00000001 00000001 ee0dbb74 c080699c ee0d72c0 c0122750 ee0dbb78 ee0dbb78
[    6.832563] bb80: 00000001 c0d5f2c4 ee0dbcc0 c0d07638 60000193 0000000b 00000001 c0345796
[    6.840730] bba0: c0345798 c010ace0 ee0da210 0000000b 00000000 c0d07638 bf000000 00000008
[    6.848896] bbc0: 65fb5a00 30643835 20303030 37666265 63376234 39356520 30303064 61652030
[    6.857063] bbe0: 66666666 28206565 30663765 32663130 00002029 c01ba5f0 00000000 00000004
[    6.865228] bc00: e7f001f2 ee0dbcc0 c0345794 00000000 c010b538 ee0da000 ee240000 c0101158
[    6.873394] bc20: 00000006 c0d5c4c0 00000004 00000000 00030001 c0345794 00000001 026080c0
[    6.881560] bc40: ee0d72c0 026080c0 00000000 00000001 c0d02d80 026080c0 c0007fb8 00000653
[    6.889726] bc60: 00012000 c01bb124 ee886000 00000002 00000000 c013a2b4 00000000 ee0d72c0
[    6.897892] bc80: ee886018 eefb5a00 ee0d72c0 ee882e00 00000000 c0d0fc08 00000001 c0d02e08
[    6.906057] bca0: ee0dbcec c0806400 c0345798 00000000 c010b9d8 00000000 e7100000 c010b538
[    6.914224] bcc0: fee00000 13200000 12000653 12000000 fee00000 ee240004 fee10000 beffffff
[    6.922391] bce0: c0b15000 00012000 00000643 ee240000 00010000 ee0dbd10 c039f288 c0345794
[    6.930556] bd00: 20000113 ffffffff 00000051 00000000 ee23cd10 c0007fc0 fee10000 c0007fb8
[    6.938722] bd20: fee0ffff 13200000 00000000 ee23bc10 ee23d300 ee23d320 ee23bc4c 00000000
[    6.946888] bd40: ee0dbd78 00000000 c0d9978c c039f288 c039f1dc ee23d300 ee23d320 ee0dbe28
[    6.955054] bd60: 00000000 c010c9f0 ee23bd54 00000003 c093d36c ee9a9010 ee0dbd78 ee0dbd78
[    6.963220] bd80: ee238b10 ee23bc10 ee23bcf8 ee0dbdd0 ee238b90 00000003 ee23bc10 c093d36c
[    6.971386] bda0: 00000001 c03a0314 c0ab0838 ee23bc10 ee9a9010 ee238b10 ee238b20 ee9a9010
[    6.979552] bdc0: 00000007 ee9a9000 c093d778 ee23bd5c ee23bc10 eefc1048 c30004b0 c30004b0
[    6.987718] bde0: 00000007 00000002 20000000 3fffffff eefc10a0 00002200 00000000 00000000
[    6.995884] be00: 00000000 00000000 64647661 6c6c702d 6572652d 732d6566 6c707075 ee230079
[    7.004050] be20: 00000000 00000000 ee23bcf8 c0d18940 00000001 00000000 ee0dbdd0 c039f1dc
[    7.012216] be40: 00000000 00000000 00000000 00000000 c039f1a0 00000000 ee834000 ffffffed
[    7.020383] be60: ee9a9010 fffffdfb c0d18870 c0d18870 ee834000 00000017 c0d02100 c044bc48
[    7.028549] be80: c044bbf8 ee9a9010 c0da9f0c c0da9f14 00000000 c044a674 00000000 00000000
[    7.036715] bea0: ee0dbed0 c044a94c 00000001 00000000 00000000 c0448bfc ee81a470 eeb8a0b8
[    7.044880] bec0: ee9a9010 ee9a9044 c0d26540 c044a3f8 ee9a9010 00000001 c0d02100 ee9a9010
[    7.053046] bee0: ee9a9010 c0d26540 ee1caf00 c0449a84 ee9a9010 c0d264c8 c0d264e8 c0449eb8
[    7.061211] bf00: ee0c3700 c0d264fc ee834000 c0133f70 ee834018 00000001 ee0c3700 ee834018
[    7.069377] bf20: 00000001 ee834000 ee0c3718 ee834000 00000088 c01341e0 00000000 ee0bddc0
[    7.077544] bf40: 00000000 ee0bddc0 00000000 ee0c3700 c01341b4 00000000 00000000 00000000
[    7.085710] bf60: 00000000 c0139318 ffffffff 00000000 ffffffff ee0c3700 00000000 00000000
[    7.093877] bf80: ee0dbf80 ee0dbf80 00000001 00010001 ee0dbf90 ee0dbf90 ee0dbfac ee0bddc0
[    7.102043] bfa0: c0139240 00000000 00000000 c0107978 00000000 00000000 00000000 00000000
[    7.110209] bfc0: 00000000 00000000 00000000 00000000 00000000 00000000 00000000 00000000
[    7.118376] bfe0: 00000000 00000000 00000000 00000000 00000013 00000000 ffffffff ffffffff
[    7.126549] [<c01398e8>] (kthread_data) from [<c0135074>] (wq_worker_sleeping+0x8/0xc8)
[    7.134548] [<c0135074>] (wq_worker_sleeping) from [<c08064d8>] (__schedule+0x388/0x634)
[    7.142631] [<c08064d8>] (__schedule) from [<c080699c>] (schedule+0x50/0xc0)
[    7.149677] [<c080699c>] (schedule) from [<c0122750>] (do_exit+0x6d4/0xa70)
[    7.156638] [<c0122750>] (do_exit) from [<c010ace0>] (die+0x43c/0x484)
[    7.163161] [<c010ace0>] (die) from [<c0101158>] (do_undefinstr+0x154/0x1cc)
[    7.170201] [<c0101158>] (do_undefinstr) from [<c010b538>] (__und_svc_finish+0x0/0x28)
[    7.178103] Exception stack(0xee0dbcc0 to 0xee0dbd08)
[    7.183150] bcc0: fee00000 13200000 12000653 12000000 fee00000 ee240004 fee10000 beffffff
[    7.191316] bce0: c0b15000 00012000 00000643 ee240000 00010000 ee0dbd10 c039f288 c0345794
[    7.199477] bd00: 20000113 ffffffff
[    7.202967] [<c010b538>] (__und_svc_finish) from [<c0345794>] (ioremap_page_range+0x180/0x1b4)
[    7.211573] [<c0345794>] (ioremap_page_range) from [<c039f288>] (tegra_pcie_setup+0xac/0xb8)
[    7.220002] [<c039f288>] (tegra_pcie_setup) from [<c010c9f0>] (pci_common_init_dev+0xb4/0x344)
[    7.228603] [<c010c9f0>] (pci_common_init_dev) from [<c03a0314>] (tegra_pcie_probe+0xf4c/0x1b7c)
[    7.237378] [<c03a0314>] (tegra_pcie_probe) from [<c044bc48>] (platform_drv_probe+0x50/0xb0)
[    7.245808] [<c044bc48>] (platform_drv_probe) from [<c044a674>] (driver_probe_device+0x1f4/0x2b0)
[    7.254672] [<c044a674>] (driver_probe_device) from [<c0448bfc>] (bus_for_each_drv+0x44/0x8c)
[    7.263188] [<c0448bfc>] (bus_for_each_drv) from [<c044a3f8>] (__device_attach+0x9c/0x100)
[    7.271445] [<c044a3f8>] (__device_attach) from [<c0449a84>] (bus_probe_device+0x84/0x8c)
[    7.279615] [<c0449a84>] (bus_probe_device) from [<c0449eb8>] (deferred_probe_work_func+0x60/0x8c)
[    7.288565] [<c0449eb8>] (deferred_probe_work_func) from [<c0133f70>] (process_one_work+0x120/0x32c)
[    7.297686] [<c0133f70>] (process_one_work) from [<c01341e0>] (worker_thread+0x2c/0x4b4)
[    7.305767] [<c01341e0>] (worker_thread) from [<c0139318>] (kthread+0xd8/0xf4)
[    7.312982] [<c0139318>] (kthread) from [<c0107978>] (ret_from_fork+0x14/0x3c)
[    7.320195] Code: c0138fa8 c0a88c58 c0d5ff94 e5903418 (e5130014) 
[    7.326279] ---[ end trace 79d0f4d483dc13ef ]---
[    7.330887] Fixing recursive fault but reboot is needed!
