
U-Boot SPL 2016.05-rc2 (Apr 21 2016 - 16:23:00)
Trying to boot from RAM


U-Boot 2016.05-rc2 (Apr 21 2016 - 16:23:00 -0700)

TEGRA124
Model: NVIDIA Jetson TK1
Board: NVIDIA Jetson TK1
DRAM:  2 GiB
MC:   Tegra SD/MMC: 0, Tegra SD/MMC: 1
In:    serial
Out:   serial
Err:   serial
Net:   No ethernet found.
Hit any key to stop autoboot:  2  0 
Tegra124 (Jetson TK1) # 
Tegra124 (Jetson TK1) # pci enum
Tegra124 (Jetson TK1) # setenv bootargs 'ignore_loglevel console=ttyS0,115200n8 rw root=PARTUUID=b1791faa-84e8-4e27-83a1-9fb0a77e8803 rootwait gpt debug noinitrd earlyprintk init=/bin/bash'
Tegra124 (Jetson TK1) # setenv ipaddr 192.168.100.102; setenv serverip 192.168.100.1; setenv tftpserverip 192.168.100.1
Tegra124 (Jetson TK1) # tftpboot 0x82000000 zImage.multi_v7_defconfig

Warning: eth_rtl8169 using MAC address from ROM
Using eth_rtl8169 device
TFTP from server 192.168.100.1; our IP address is 192.168.100.102
Filename 'zImage.multi_v7_defconfig'.
Load address: 0x82000000
Loading: *#################################################################
	 #################################################################
	 #################################################################
	 #################################################################
	 #################################################################
	 #################################################################
	 #################################################################
	 #################################################
	 3.9 MiB/s
done
Bytes transferred = 7389824 (70c280 hex)
Tegra124 (Jetson TK1) # tftpboot 0x83000000 tegra124-jetson-tk1.dtb
Using eth_rtl8169 device
TFTP from server 192.168.100.1; our IP address is 192.168.100.102
Filename 'tegra124-jetson-tk1.dtb'.
Load address: 0x83000000
Loading: *#####
	 3.8 MiB/s
done
Bytes transferred = 67133 (1063d hex)
Tegra124 (Jetson TK1) # bootz 0x82000000 - 0x83000000
Kernel image @ 0x82000000 [ 0x000000 - 0x70c280 ]
## Flattened Device Tree blob at 83000000
   Booting using the fdt blob at 0x83000000
   Using Device Tree in place at 83000000, end 8301363c

Starting kernel ...

[    0.000000] Booting Linux on physical CPU 0x0
[    0.000000] Linux version 4.9.0-rc8-next-20161207-140024-g7677a1f (pwalmsley@sellafield) (gcc version 4.7.3 20130328 (prerelease) (crosstool-NG linaro-1.13.1-4.7-2013.04-20130415 - Linaro GCC 2013.04) ) #1 SMP Tue Dec 6 22:49:47 PST 2016
[    0.000000] CPU: ARMv7 Processor [413fc0f3] revision 3 (ARMv7), cr=10c5387d
[    0.000000] CPU: div instructions available: patching division code
[    0.000000] CPU: PIPT / VIPT nonaliasing data cache, PIPT instruction cache
[    0.000000] OF: fdt:Machine model: NVIDIA Tegra124 Jetson TK1
[    0.000000] debug: ignoring loglevel setting.
[    0.000000] efi: Getting EFI parameters from FDT:
[    0.000000] efi: UEFI not found.
[    0.000000] cma: Reserved 64 MiB at 0xfb800000
[    0.000000] Memory policy: Data cache writealloc
[    0.000000] On node 0 totalpages: 524032
[    0.000000] free_area_init_node: node 0, pgdat c142a500, node_mem_map eeff8000
[    0.000000]   DMA zone: 1536 pages used for memmap
[    0.000000]   DMA zone: 0 pages reserved
[    0.000000]   DMA zone: 196608 pages, LIFO batch:31
[    0.000000]   HighMem zone: 327424 pages, LIFO batch:31
[    0.000000] percpu: Embedded 14 pages/cpu @eef8e000 s26048 r8192 d23104 u57344
[    0.000000] pcpu-alloc: s26048 r8192 d23104 u57344 alloc=14*4096
[    0.000000] pcpu-alloc: [0] 0 [0] 1 [0] 2 [0] 3 
[    0.000000] Built 1 zonelists in Zone order, mobility grouping on.  Total pages: 522496
[    0.000000] Kernel command line: ignore_loglevel console=ttyS0,115200n8 rw root=PARTUUID=b1791faa-84e8-4e27-83a1-9fb0a77e8803 rootwait gpt debug noinitrd earlyprintk init=/bin/bash
[    0.000000] PID hash table entries: 4096 (order: 2, 16384 bytes)
[    0.000000] Dentry cache hash table entries: 131072 (order: 7, 524288 bytes)
[    0.000000] Inode-cache hash table entries: 65536 (order: 6, 262144 bytes)
[    0.000000] Memory: 1994800K/2096128K available (9216K kernel code, 1200K rwdata, 4136K rodata, 2048K init, 503K bss, 35792K reserved, 65536K cma-reserved, 1244160K highmem)
[    0.000000] Virtual kernel memory layout:
[    0.000000]     vector  : 0xffff0000 - 0xffff1000   (   4 kB)
[    0.000000]     fixmap  : 0xffc00000 - 0xfff00000   (3072 kB)
[    0.000000]     vmalloc : 0xf0800000 - 0xff800000   ( 240 MB)
[    0.000000]     lowmem  : 0xc0000000 - 0xf0000000   ( 768 MB)
[    0.000000]     pkmap   : 0xbfe00000 - 0xc0000000   (   2 MB)
[    0.000000]     modules : 0xbf000000 - 0xbfe00000   (  14 MB)
[    0.000000]       .text : 0xc0208000 - 0xc0c00000   (10208 kB)
[    0.000000]       .init : 0xc1100000 - 0xc1300000   (2048 kB)
[    0.000000]       .data : 0xc1300000 - 0xc142c000   (1200 kB)
[    0.000000]        .bss : 0xc142d000 - 0xc14aac70   ( 504 kB)
[    0.000000] SLUB: HWalign=64, Order=0-3, MinObjects=0, CPUs=4, Nodes=1
[    0.000000] Hierarchical RCU implementation.
[    0.000000] 	Build-time adjustment of leaf fanout to 32.
[    0.000000] 	RCU restricting CPUs from NR_CPUS=16 to nr_cpu_ids=4.
[    0.000000] RCU: Adjusting geometry for rcu_fanout_leaf=32, nr_cpu_ids=4
[    0.000000] NR_IRQS:16 nr_irqs:16 16
[    0.000000] /interrupt-controller@60004000: 160 interrupts forwarded to /interrupt-controller@50041000
[    0.000000] Tegra clk 127: register failed with -17
[    0.000008] sched_clock: 32 bits at 1000kHz, resolution 1000ns, wraps every 2147483647500ns
[    0.000030] clocksource: timer_us: mask: 0xffffffff max_cycles: 0xffffffff, max_idle_ns: 1911260446275 ns
[    0.000044] Switching to timer-based delay loop, resolution 1000ns
[    0.004983] arm_arch_timer: Architected cp15 timer(s) running at 12.00MHz (virt).
[    0.005002] clocksource: arch_sys_counter: mask: 0xffffffffffffff max_cycles: 0x2c47f4ee7, max_idle_ns: 440795202497 ns
[    0.005020] sched_clock: 56 bits at 12MHz, resolution 83ns, wraps every 4398046511096ns
[    0.005033] Switching to timer-based delay loop, resolution 83ns
[    0.005482] Console: colour dummy device 80x30
[    0.005512] Calibrating delay loop (skipped), value calculated using timer frequency.. 24.00 BogoMIPS (lpj=120000)
[    0.005527] pid_max: default: 32768 minimum: 301
[    0.005625] Mount-cache hash table entries: 2048 (order: 1, 8192 bytes)
[    0.005636] Mountpoint-cache hash table entries: 2048 (order: 1, 8192 bytes)
[    0.006122] CPU: Testing write buffer coherency: ok
[    0.006371] /cpus/cpu@0 missing clock-frequency property
[    0.006415] /cpus/cpu@1 missing clock-frequency property
[    0.006456] /cpus/cpu@2 missing clock-frequency property
[    0.006497] /cpus/cpu@3 missing clock-frequency property
[    0.006509] CPU0: thread -1, cpu 0, socket 0, mpidr 80000000
[    0.006707] Setting up static identity map for 0x80300000 - 0x80300098
[    0.010221] Tegra Revision: A01 SKU: 129 CPU Process: 1 SoC Process: 1
[    0.010857] EFI services will not be available.
[    0.011088] smp: Bringing up secondary CPUs ...
[    0.011593] CPU1: thread -1, cpu 1, socket 0, mpidr 80000001
[    0.015136] CPU2: thread -1, cpu 2, socket 0, mpidr 80000002
[    0.025137] CPU3: thread -1, cpu 3, socket 0, mpidr 80000003
[    0.034672] smp: Brought up 1 node, 4 CPUs
[    0.034692] SMP: Total of 4 processors activated (96.00 BogoMIPS).
[    0.034699] CPU: All CPU(s) started in SVC mode.
[    0.036161] devtmpfs: initialized
[    0.054656] VFP support v0.3: implementor 41 architecture 4 part 30 variant f rev 0
[    0.055094] clocksource: jiffies: mask: 0xffffffff max_cycles: 0xffffffff, max_idle_ns: 19112604462750000 ns
[    0.056462] pinctrl core: initialized pinctrl subsystem
[    0.058215] NET: Registered protocol family 16
[    0.060134] DMA: preallocated 256 KiB pool for atomic coherent allocations
[    0.062509] cpuidle: using governor menu
[    0.092088] No ATAGs?
[    0.092218] hw-breakpoint: found 5 (+1 reserved) breakpoint and 4 watchpoint registers.
[    0.092229] hw-breakpoint: maximum watchpoint size is 8 bytes.
[    0.099004] Serial: AMBA PL011 UART driver
[    0.115923] +5V_SYS: supplied by +VDD_MUX
[    0.116220] +3.3V_SYS: supplied by +VDD_MUX
[    0.116851] +USB0_VBUS_SW: Failed to request enable GPIO108: -517
[    0.116867] reg-fixed-voltage regulators:regulator@7: Failed to register regulator: -517
[    0.116955] +5V_USB_HS: Failed to request enable GPIO109: -517
[    0.116967] reg-fixed-voltage regulators:regulator@8: Failed to register regulator: -517
[    0.117131] +1.05V_RUN_AVDD_HDMI_PLL: Failed to request enable GPIO63: -517
[    0.117143] reg-fixed-voltage regulators:regulator@11: Failed to register regulator: -517
[    0.117228] +5V_HDMI_CON: Failed to request enable GPIO86: -517
[    0.117240] reg-fixed-voltage regulators:regulator@12: Failed to register regulator: -517
[    0.117327] +5V_SATA: Failed to request enable GPIO242: -517
[    0.117338] reg-fixed-voltage regulators:regulator@13: Failed to register regulator: -517
[    0.117423] +12V_SATA: Failed to request enable GPIO242: -517
[    0.117435] reg-fixed-voltage regulators:regulator@14: Failed to register regulator: -517
[    0.120719] vgaarb: loaded
[    0.121552] SCSI subsystem initialized
[    0.121731] libata version 3.00 loaded.
[    0.122001] usbcore: registered new interface driver usbfs
[    0.122066] usbcore: registered new interface driver hub
[    0.122127] usbcore: registered new device driver usb
[    0.125722] pps_core: LinuxPPS API ver. 1 registered
[    0.125732] pps_core: Software ver. 5.3.6 - Copyright 2005-2007 Rodolfo Giometti <giometti@linux.it>
[    0.125761] PTP clock support registered
[    0.125955] EDAC MC: Ver: 3.0.0
[    0.128995] clocksource: Switched to clocksource arch_sys_counter
[    0.139744] NET: Registered protocol family 2
[    0.140253] TCP established hash table entries: 8192 (order: 3, 32768 bytes)
[    0.140352] TCP bind hash table entries: 8192 (order: 4, 65536 bytes)
[    0.140538] TCP: Hash tables configured (established 8192 bind 8192)
[    0.140590] UDP hash table entries: 512 (order: 2, 16384 bytes)
[    0.140631] UDP-Lite hash table entries: 512 (order: 2, 16384 bytes)
[    0.140778] NET: Registered protocol family 1
[    0.141076] RPC: Registered named UNIX socket transport module.
[    0.141085] RPC: Registered udp transport module.
[    0.141092] RPC: Registered tcp transport module.
[    0.141099] RPC: Registered tcp NFSv4.1 backchannel transport module.
[    0.141110] PCI: CLS 0 bytes, default 64
[    0.142323] hw perfevents: enabled with armv7_cortex_a15 PMU driver, 7 counters available
[    0.143723] futex hash table entries: 1024 (order: 4, 65536 bytes)
[    0.144432] workingset: timestamp_bits=30 max_order=19 bucket_order=0
[    0.154346] squashfs: version 4.0 (2009/01/31) Phillip Lougher
[    0.155147] NFS: Registering the id_resolver key type
[    0.155168] Key type id_resolver registered
[    0.155176] Key type id_legacy registered
[    0.155221] ntfs: driver 2.1.32 [Flags: R/O].
[    0.156827] bounce: pool size: 64 pages
[    0.157023] Block layer SCSI generic (bsg) driver version 0.4 loaded (major 248)
[    0.157033] io scheduler noop registered
[    0.157042] io scheduler deadline registered
[    0.157232] io scheduler cfq registered (default)
[    0.162312] usb2-0 supply vbus not found, using dummy regulator
[    0.162436] usb2-1 supply vbus not found, using dummy regulator
[    0.162845] tegra-xusb-padctl 7009f000.padctl: failed to setup XUSB ports: -517
[    0.179570] tegra-pcie 1003000.pcie-controller: 2x1, 1x1 configuration
[    0.179623] tegra-pcie 1003000.pcie-controller: Failed to get supply 'avddio-pex': -517
[    0.185740] tegra124-dfll 70110000.clock: couldn't get vdd_cpu regulator
[    0.194115] tegra-apbdma 60020000.dma: Tegra20 APB DMA driver register 32 channels
[    0.196168] tegra-pmc 7000e400.pmc: emergency thermal reset enabled
[    0.258856] Serial: 8250/16550 driver, 4 ports, IRQ sharing disabled
[    0.261896] console [ttyS0] disabled
[    0.261930] 70006300.serial: ttyS0 at MMIO 0x70006300 (irq = 335, base_baud = 25500000) is a Tegra
[    1.140241] console [ttyS0] enabled
[    1.144611] SuperH (H)SCI(F) driver initialized
[    1.150208] msm_serial: driver initialized
[    1.154498] STMicroelectronics ASC driver initialized
[    1.160446] 70006000.serial: ttyTHS1 at MMIO 0x70006000 (irq = 333, base_baud = 0) is a TEGRA_UART
[    1.169760] 70006040.serial: ttyTHS2 at MMIO 0x70006040 (irq = 334, base_baud = 0) is a TEGRA_UART
[    1.182067] [drm] Initialized
[    1.188167] tegra-hdmi 54280000.hdmi: failed to get HDMI regulator
[    1.207827] brd: module loaded
[    1.216895] loop: module loaded
[    1.221270] at24 0-0056: 256 byte 24c02 EEPROM, writable, 8 bytes/write
[    1.229571] as3722 4-0040: AS3722 with revision 0x1 found
[    1.241525] as3722-sd2: supplied by +5V_SYS
[    1.246158] as3722-sd3: supplied by +5V_SYS
[    1.250654] +1.35V_LP0(sd3): Bringing 0uV into 1350000-1350000uV
[    1.257010] as3722-sd4: supplied by +5V_SYS
[    1.261653] as3722-sd5: supplied by +5V_SYS
[    1.267691] as3722-ldo0: supplied by +1.35V_LP0(sd2)
[    1.273779] +1.8V_RUN_CAM: Bringing 0uV into 1800000-1800000uV
[    1.280031] as3722-ldo2: supplied by +1.8V_VDDIO
[    1.285944] as3722-ldo3: supplied by +3.3V_SYS
[    1.290442] +1.05V_LP0_VDD_RTC: Bringing 1100000uV into 1000000-1000000uV
[    1.298231] as3722-ldo4: supplied by +3.3V_SYS
[    1.302904] +2.8V_RUN_CAM: Bringing 0uV into 2800000-2800000uV
[    1.309161] as3722-ldo5: supplied by +1.8V_VDDIO
[    1.313986] +1.2V_RUN_CAM_FRONT: Bringing 0uV into 1200000-1200000uV
[    1.320953] +VDDIO_SDMMC3: bypassed regulator has no supply!
[    1.326604] +VDDIO_SDMMC3: failed to get the current voltage(-517)
[    1.332799] as3722-regulator as3722-regulator: regulator 13 register failed -517
[    1.345532] tegra-ahci 70027000.sata: couldn't get PHY in node sata: -517
[    1.365489] random: fast init done
[    1.369072] m25p80 spi32765.0: w25q32dw (4096 Kbytes)
[    1.377143] libphy: Fixed MDIO Bus: probed
[    1.382381] CAN device driver interface
[    1.387165] bgmac_bcma: Broadcom 47xx GBit MAC driver loaded
[    1.394307] e1000e: Intel(R) PRO/1000 Network Driver - 3.2.6-k
[    1.400149] e1000e: Copyright(c) 1999 - 2015 Intel Corporation.
[    1.406121] igb: Intel(R) Gigabit Ethernet Network Driver - version 5.4.0-k
[    1.413082] igb: Copyright (c) 2007-2014 Intel Corporation.
[    1.422343] pegasus: v0.9.3 (2013/04/25), Pegasus/Pegasus II USB Ethernet driver
[    1.429795] usbcore: registered new interface driver pegasus
[    1.435499] usbcore: registered new interface driver asix
[    1.440947] usbcore: registered new interface driver ax88179_178a
[    1.447068] usbcore: registered new interface driver cdc_ether
[    1.452965] usbcore: registered new interface driver smsc75xx
[    1.458758] usbcore: registered new interface driver smsc95xx
[    1.464552] usbcore: registered new interface driver net1080
[    1.470254] usbcore: registered new interface driver cdc_subset
[    1.476202] usbcore: registered new interface driver zaurus
[    1.481843] usbcore: registered new interface driver cdc_ncm
[    1.487715] tegra-phy 7d004000.usb-phy: no vbus regulator
[    1.495172] ehci_hcd: USB 2.0 'Enhanced' Host Controller (EHCI) Driver
[    1.501710] ehci-pci: EHCI PCI platform driver
[    1.506190] ehci-platform: EHCI generic platform driver
[    1.511640] ehci-orion: EHCI orion driver
[    1.515787] SPEAr-ehci: EHCI SPEAr driver
[    1.519957] ehci-st: EHCI STMicroelectronics driver
[    1.524975] ehci-exynos: EHCI EXYNOS driver
[    1.529335] ehci-atmel: EHCI Atmel driver
[    1.533481] tegra-ehci: Tegra EHCI driver
[    1.540318] tegra-ehci 7d004000.usb: EHCI Host Controller
[    1.545730] tegra-ehci 7d004000.usb: new USB bus registered, assigned bus number 1
[    1.553529] tegra-ehci 7d004000.usb: irq 354, io mem 0x7d004000
[    1.589014] tegra-ehci 7d004000.usb: USB 2.0 started, EHCI 1.10
[    1.595768] hub 1-0:1.0: USB hub found
[    1.599582] hub 1-0:1.0: 1 port detected
[    1.604107] ohci_hcd: USB 1.1 'Open' Host Controller (OHCI) Driver
[    1.610323] ohci-pci: OHCI PCI platform driver
[    1.614813] ohci-platform: OHCI generic platform driver
[    1.620234] ohci-omap3: OHCI OMAP3 driver
[    1.624384] SPEAr-ohci: OHCI SPEAr driver
[    1.628539] ohci-st: OHCI STMicroelectronics driver
[    1.633578] ohci-atmel: OHCI Atmel driver
[    1.638406] usbcore: registered new interface driver usb-storage
[    1.646085] mousedev: PS/2 mouse device common for all mice
[    1.654954] as3722-rtc as3722-rtc: rtc core: registered as3722-rtc as rtc0
[    1.661840] as3722-rtc as3722-rtc: RTC interrupt 377
[    1.670171] tegra_rtc 7000e000.rtc: rtc core: registered 7000e000.rtc as rtc1
[    1.677335] tegra_rtc 7000e000.rtc: Tegra internal Real Time Clock
[    1.684094] i2c /dev entries driver
[    1.694577] 0-004c supply vcc not found, using dummy regulator
[    1.710421] sdhci: Secure Digital Host Controller Interface driver
[    1.716592] sdhci: Copyright(c) Pierre Ossman
[    1.722641] Synopsys Designware Multimedia Card Interface Driver
[    1.729860] sdhci-pltfm: SDHCI platform and OF driver helper
[    1.736275] sdhci-tegra 700b0400.sdhci: Got CD GPIO
[    1.741186] sdhci-tegra 700b0400.sdhci: Got WP GPIO
[    1.746296] mmc0: Unknown controller version (3). You may experience problems.
[    1.753604] mmc0: Invalid maximum block size, assuming 512 bytes
[    1.819017] mmc0: SDHCI controller on 700b0600.sdhci [700b0600.sdhci] using ADMA
[    1.828426] ledtrig-cpu: registered to indicate activity on CPUs
[    1.834854] usbcore: registered new interface driver usbhid
[    1.840437] usbhid: USB HID core driver
[    1.848293] NET: Registered protocol family 10
[    1.853667] Segment Routing with IPv6
[    1.857376] sit: IPv6, IPv4 and MPLS over IPv4 tunneling driver
[    1.863987] NET: Registered protocol family 17
[    1.868431] can: controller area network core (rev 20120528 abi 9)
[    1.874679] NET: Registered protocol family 29
[    1.879135] can: raw protocol (rev 20120528)
[    1.883399] can: broadcast manager protocol (rev 20161123 t)
[    1.889068] can: netlink gateway (rev 20130117) max_hops=1
[    1.894885] Key type dns_resolver registered
[    1.899723] ThumbEE CPU extension supported.
[    1.903993] Registering SWP/SWPB emulation handler
[    1.922976] +3.3V_RUN: supplied by +3.3V_SYS
[    1.927995] +3.3V_AVDD_HDMI_AP_GATED: supplied by +3.3V_RUN
[    1.934061] +USB0_VBUS_SW: supplied by +5V_SYS
[    1.939041] +5V_USB_HS: supplied by +5V_SYS
[    1.944588] +3.3V_LP0: supplied by +3.3V_SYS
[    1.951143] +5V_HDMI_CON: supplied by +5V_SYS
[    1.956210] +5V_SATA: supplied by +5V_SYS
[    1.960784] +12V_SATA: supplied by +VDD_MUX
[    1.966858] usb2-0 supply vbus not found, using dummy regulator
[    1.968503] mmc0: new high speed MMC card at address 0001
[    1.973862] mmcblk0: mmc0:0001 SEM16G 14.7 GiB 
[    1.975007] mmcblk0boot0: mmc0:0001 SEM16G partition 1 4.00 MiB
[    1.975386] mmcblk0boot1: mmc0:0001 SEM16G partition 2 4.00 MiB
[    1.976183] mmcblk0rpmb: mmc0:0001 SEM16G partition 3 4.00 MiB
[    1.978135]  mmcblk0: p1
[    2.003205] usb2-1 supply vbus not found, using dummy regulator
[    2.009508] usb3-0 supply vbus not found, using dummy regulator
[    2.016636] tegra-pcie 1003000.pcie-controller: 2x1, 1x1 configuration
[    2.023268] tegra-pcie 1003000.pcie-controller: Failed to get supply 'avddio-pex': -517
[    2.034444] tegra124-dfll 70110000.clock: couldn't get vdd_cpu regulator
[    2.045280] tegra-hdmi 54280000.hdmi: failed to get PLL regulator
[    2.056008] as3722-sd2: supplied by +5V_SYS
[    2.060662] as3722-sd3: supplied by +5V_SYS
[    2.065148] as3722-sd4: supplied by +5V_SYS
[    2.069652] +1.05V_RUN_AVDD_HDMI_PLL: supplied by +1.05V_RUN
[    2.075414] as3722-sd5: supplied by +5V_SYS
[    2.081359] as3722-ldo0: supplied by +1.35V_LP0(sd2)
[    2.087096] as3722-ldo1: supplied by +3.3V_RUN
[    2.091956] as3722-ldo2: supplied by +1.8V_VDDIO
[    2.097529] as3722-ldo3: supplied by +3.3V_SYS
[    2.103043] as3722-ldo4: supplied by +3.3V_SYS
[    2.107734] as3722-ldo5: supplied by +1.8V_VDDIO
[    2.112738] as3722-ldo6: supplied by +3.3V_RUN
[    2.117434] as3722-ldo7: supplied by +1.8V_VDDIO
[    2.122566] +1.05V_RUN_CAM_REAR: Bringing 0uV into 1050000-1050000uV
[    2.129417] as3722-ldo9: supplied by +5V_SYS
[    2.134751] +3.3V_RUN_TOUCH: Bringing 0uV into 2800000-2800000uV
[    2.141309] as3722-ldo10: supplied by +5V_SYS
[    2.146159] +2.8V_RUN_CAM_AF: Bringing 0uV into 2800000-2800000uV
[    2.153024] as3722-ldo11: supplied by +3.3V_RUN
[    2.158045] +1.8V_RUN_VPP_FUSE: Bringing 0uV into 1800000-1800000uV
[    2.167687] tegra-ahci 70027000.sata: AHCI 0001.0301 32 slots 2 ports 3 Gbps 0x1 impl platform mode
[    2.176783] tegra-ahci 70027000.sata: flags: 64bit ncq sntf pm led pio slum part sadm sds apst 
[    2.187593] scsi host0: tegra-ahci
[    2.192241] scsi host1: tegra-ahci
[    2.195975] ata1: SATA max UDMA/133 mmio [mem 0x70027000-0x70028fff] port 0x100 irq 345
[    2.204013] ata2: DUMMY
[    2.209558] tegra-ehci 7d008000.usb: EHCI Host Controller
[    2.214999] tegra-ehci 7d008000.usb: new USB bus registered, assigned bus number 2
[    2.222791] tegra-ehci 7d008000.usb: irq 355, io mem 0x7d008000
[    2.249115] tegra-ehci 7d008000.usb: USB 2.0 started, EHCI 1.10
[    2.256205] hub 2-0:1.0: USB hub found
[    2.260055] hub 2-0:1.0: 1 port detected
[    2.266524] sdhci-tegra 700b0400.sdhci: Got CD GPIO
[    2.271471] sdhci-tegra 700b0400.sdhci: Got WP GPIO
[    2.276540] mmc1: Unknown controller version (3). You may experience problems.
[    2.283873] mmc1: Invalid maximum block size, assuming 512 bytes
[    2.349547] mmc1: SDHCI controller on 700b0400.sdhci [700b0400.sdhci] using ADMA
[    2.357671] tegra-pcie 1003000.pcie-controller: 2x1, 1x1 configuration
[    2.366196] tegra-pcie 1003000.pcie-controller: probing port 0, using 2 lanes
[    2.375564] tegra-pcie 1003000.pcie-controller: Slot present pin change, signature: 00000008
[    2.399965] tegra-pcie 1003000.pcie-controller: probing port 1, using 1 lanes
[    2.409179] tegra-pcie 1003000.pcie-controller: Slot present pin change, signature: 00000000
[    2.423459] tegra-pcie 1003000.pcie-controller: PCI host bridge to bus 0000:00
[    2.430725] pci_bus 0000:00: root bus resource [io  0x0000-0xffff]
[    2.436912] pci_bus 0000:00: root bus resource [mem 0x13000000-0x1fffffff]
[    2.443819] pci_bus 0000:00: root bus resource [mem 0x20000000-0x3fffffff pref]
[    2.451167] pci_bus 0000:00: root bus resource [bus 00-ff]
[    2.456694] pci 0000:00:01.0: [10de:0e12] type 01 class 0x060400
[    2.462864] pci 0000:00:01.0: PME# supported from D0 D1 D2 D3hot D3cold
[    2.469848] pci 0000:00:02.0: [10de:0e13] type 01 class 0x060400
[    2.475970] pci 0000:00:02.0: PME# supported from D0 D1 D2 D3hot D3cold
[    2.482942] PCI: bus0: Fast back to back transfers disabled
[    2.488525] pci 0000:00:01.0: bridge configuration invalid ([bus 00-00]), reconfiguring
[    2.496577] pci 0000:00:02.0: bridge configuration invalid ([bus 00-00]), reconfiguring
[    2.504872] pci 0000:01:00.0: [8086:4232] type 00 class 0x028000
[    2.510968] pci 0000:01:00.0: reg 0x10: [mem 0x00000000-0x00001fff 64bit]
[    2.517964] pci 0000:01:00.0: PME# supported from D0 D3hot D3cold
[    2.542758] ata1: SATA link down (SStatus 0 SControl 300)
[    2.549184] PCI: bus1: Fast back to back transfers disabled
[    2.554785] pci_bus 0000:01: busn_res: [bus 01-ff] end is updated to 01
[    2.561674] pci 0000:02:00.0: [10ec:8168] type 00 class 0x020000
[    2.567706] pci 0000:02:00.0: reg 0x10: [io  0x0000-0x00ff]
[    2.573355] pci 0000:02:00.0: reg 0x18: [mem 0x00000000-0x00000fff 64bit]
[    2.580203] pci 0000:02:00.0: reg 0x20: [mem 0x00000000-0x00003fff 64bit pref]
[    2.587567] pci 0000:02:00.0: supports D1 D2
[    2.591850] pci 0000:02:00.0: PME# supported from D0 D1 D2 D3hot D3cold
[    2.619140] PCI: bus2: Fast back to back transfers disabled
[    2.624717] pci_bus 0000:02: busn_res: [bus 02-ff] end is updated to 02
[    2.631503] pci 0000:00:01.0: BAR 8: assigned [mem 0x13000000-0x130fffff]
[    2.638285] pci 0000:00:02.0: BAR 8: assigned [mem 0x13100000-0x131fffff]
[    2.645089] pci 0000:00:02.0: BAR 9: assigned [mem 0x20000000-0x200fffff 64bit pref]
[    2.652873] pci 0000:00:02.0: BAR 7: assigned [io  0x1000-0x1fff]
[    2.658968] pci 0000:01:00.0: BAR 0: assigned [mem 0x13000000-0x13001fff 64bit]
[    2.666310] pci 0000:00:01.0: PCI bridge to [bus 01]
[    2.671288] pci 0000:00:01.0:   bridge window [mem 0x13000000-0x130fffff]
[    2.678078] pci 0000:02:00.0: BAR 4: assigned [mem 0x20000000-0x20003fff 64bit pref]
[    2.685852] pci 0000:02:00.0: BAR 2: assigned [mem 0x13100000-0x13100fff 64bit]
[    2.693218] pci 0000:02:00.0: BAR 0: assigned [io  0x1000-0x10ff]
[    2.699328] pci 0000:00:02.0: PCI bridge to [bus 02]
[    2.704289] pci 0000:00:02.0:   bridge window [io  0x1000-0x1fff]
[    2.710394] pci 0000:00:02.0:   bridge window [mem 0x13100000-0x131fffff]
[    2.717190] pci 0000:00:02.0:   bridge window [mem 0x20000000-0x200fffff 64bit pref]
[    2.724996] pci 0000:00:01.0: nv_msi_ht_cap_quirk didn't locate host bridge
[    2.732061] pcieport 0000:00:01.0: enabling device (0140 -> 0142)
[    2.738418] pcieport 0000:00:01.0: Signaling PME through PCIe PME interrupt
[    2.745389] pci 0000:01:00.0: Signaling PME through PCIe PME interrupt
[    2.751928] pcie_pme 0000:00:01.0:pcie001: service driver pcie_pme loaded
[    2.758833] pci 0000:00:02.0: nv_msi_ht_cap_quirk didn't locate host bridge
[    2.765907] pcieport 0000:00:02.0: enabling device (0140 -> 0143)
[    2.772254] pcieport 0000:00:02.0: Signaling PME through PCIe PME interrupt
[    2.779224] pci 0000:02:00.0: Signaling PME through PCIe PME interrupt
[    2.785746] pcie_pme 0000:00:02.0:pcie001: service driver pcie_pme loaded
[    2.792810] r8169 Gigabit Ethernet driver 2.3LK-NAPI loaded
[    2.798392] r8169 0000:02:00.0: enabling device (0140 -> 0143)
[    2.819928] mmc1: new high speed SDHC card at address aaaa
[    2.826649] mmcblk1: mmc1:aaaa SD04G 3.69 GiB 
[    2.833357] r8169 0000:02:00.0 eth0: RTL8168g/8111g at 0xf0b4b000, 00:04:4b:3a:d9:81, XID 0c000800 IRQ 395
[    2.843065] r8169 0000:02:00.0 eth0: jumbo features [frames: 9200 bytes, tx checksumming: ko]
[    2.858704] [drm] Supports vblank timestamp caching Rev 2 (21.10.2013).
[    2.865370] [drm] No driver support for vblank timestamp query.
[    2.879241]  mmcblk1: p1 p2 p3
[    2.995399] tegra-hdmi 54280000.hdmi: cannot set audio to 48000 Hz at 297000000 Hz pixel clock
[    3.163339] Console: switching to colour frame buffer device 512x135
[    3.258727] drm drm: fb0:  frame buffer device
[    3.263314] [drm] Initialized tegra 0.0.0 20120330 on minor 0
[    3.270699] of: dev_pm_opp_of_cpumask_add_table: couldn't find opp table for cpu:0, -19
[    3.278729] cpufreq: cpufreq_online: CPU0: Running at unlisted freq: 696000 KHz
[    3.286051] cpu cpu0: dev_pm_opp_set_rate: Regulator not registered with OPP core
[    3.293558] cpufreq: __target_index: Failed to change cpu frequency: -22
[    3.300284] ------------[ cut here ]------------
[    3.304890] kernel BUG at drivers/cpufreq/cpufreq.c:1235!
[    3.310277] Internal error: Oops - BUG: 0 [#1] SMP ARM
[    3.315402] Modules linked in:
[    3.318459] CPU: 2 PID: 61 Comm: kworker/2:1 Not tainted 4.9.0-rc8-next-20161207-140024-g7677a1f #1
[    3.327485] Hardware name: NVIDIA Tegra SoC (Flattened Device Tree)
[    3.333752] Workqueue: events deferred_probe_work_func
[    3.338890] task: ee26ee40 task.stack: ee572000
[    3.343415] PC is at cpufreq_online+0x5c4/0x634
[    3.347937] LR is at __cpufreq_driver_target+0x16c/0x50c
[    3.353237] pc : [<c0a32804>]    lr : [<c0a30810>]    psr: a8000113
[    3.353237] sp : ee573c98  ip : ed055bd8  fp : c1303118
[    3.364692] r10: ed055bb4  r9 : 00000001  r8 : c147cffc
[    3.369905] r7 : c147cffc  r6 : 00000000  r5 : 00000000  r4 : ed055b00
[    3.376424] r3 : 00000001  r2 : 00000001  r1 : 88000113  r0 : ffffffea
[    3.382941] Flags: NzCv  IRQs on  FIQs on  Mode SVC_32  ISA ARM  Segment none
[    3.390060] Control: 10c5387d  Table: 8020406a  DAC: 00000051
[    3.395793] Process kworker/2:1 (pid: 61, stack limit = 0xee572220)
[    3.402045] Stack: (0xee573c98 to 0xee574000)
[    3.406392] 3c80:                                                       00000000 00000000
[    3.414563] 3ca0: ed057040 c1218ea0 ed055b04 28000113 00000001 00000000 00000106 00000000
[    3.422728] 3cc0: c13fff50 eef8e050 00000000 c141c304 00000000 0000001c c1302d00 c0a3291c
[    3.430890] 3ce0: c0a32874 c141c03c c13fff50 c141bfc4 00000000 c07d52b4 c147d704 ee042858
[    3.439052] 3d00: ee2172b4 00000000 c0f2d420 c141c34c c147cffc c0a31668 00000000 c0a34a6c
[    3.447214] 3d20: ffffffed ed078000 eef8e050 c0a34f14 c0a34e98 ffffffed ed078010 fffffdfb
[    3.455383] 3d40: c141c304 c07d7a74 c07d7a24 ed078010 c1479ec8 00000000 00000000 c07d6310
[    3.463548] 3d60: 00000000 00000000 ee573d98 c07d64b8 00000001 c1479ea4 00000000 c07d4890
[    3.471710] 3d80: ee04276c ee569db8 ed078010 ed078044 c13ffd20 c07d608c ed078010 00000001
[    3.479872] 3da0: 00000000 ed078010 ed078010 c13ffd20 ee713c10 c07d5728 ed078010 00000000
[    3.488035] 3dc0: ed078018 c07d3b9c ed02cf00 c0595f14 ee573e20 ed078000 00000000 ed078000
[    3.496197] 3de0: ed078010 ee713c00 ee713c10 ee027340 ed02cf00 c07d7c08 00000000 ee573e20
[    3.504366] 3e00: ed078000 00000000 ee713c00 c07d8438 c0f9c4c4 eeff3598 ed02cd50 c0a379c8
[    3.512530] 3e20: ee713c10 00000000 c0f9c4c4 00000000 00000000 00000000 00000000 00000000
[    3.520691] 3e40: 00000000 00000000 00000000 00000000 ffffffed ee713c10 fffffdfb c141c9a0
[    3.528853] 3e60: c141c9a0 eefaf740 0000001c c07d7a74 c07d7a24 ee713c10 c1479ec8 00000000
[    3.537016] 3e80: 00000000 c07d6310 00000000 00000000 ee573ec0 c07d64b8 00000001 00000000
[    3.545185] 3ea0: 00000000 c07d4890 ee04276c ee56c138 ee713c10 ee713c44 c13ffd20 c07d608c
[    3.553349] 3ec0: ee713c10 00000001 ee728fc0 ee713c10 ee713c10 c13ffd20 eefb2800 c07d5728
[    3.561510] 3ee0: ee713c10 c13ffca0 c13ffcbc c07d5b5c ee532000 c13ffcc4 eefaf740 c03572e4
[    3.569673] 3f00: ee532000 c0bdd8a0 ee532000 ee532018 00000001 eefaf740 ee532018 eefaf740
[    3.577834] 3f20: 00000008 c0357514 eefb28f5 ee532000 eefaf758 c035773c 00000000 ee533000
[    3.586003] 3f40: 00000000 ee533000 00000000 ee532000 c0357524 00000000 00000000 00000000
[    3.594167] 3f60: 00000000 c035ca58 ffffffff 00000000 ee26ee40 ee532000 00000000 00000000
[    3.602329] 3f80: ee573f80 ee573f80 00000000 00000000 ee573f90 ee573f90 ee573fac ee533000
[    3.610491] 3fa0: c035c980 00000000 00000000 c0307fb8 00000000 00000000 00000000 00000000
[    3.618652] 3fc0: 00000000 00000000 00000000 00000000 00000000 00000000 00000000 00000000
[    3.626822] 3fe0: 00000000 00000000 00000000 00000000 00000013 00000000 ffffffff ffffffff
[    3.635000] [<c0a32804>] (cpufreq_online) from [<c0a3291c>] (cpufreq_add_dev+0xa8/0xc8)
[    3.642994] [<c0a3291c>] (cpufreq_add_dev) from [<c07d52b4>] (subsys_interface_register+0x80/0xc4)
[    3.651940] [<c07d52b4>] (subsys_interface_register) from [<c0a31668>] (cpufreq_register_driver+0x148/0x1dc)
[    3.661753] [<c0a31668>] (cpufreq_register_driver) from [<c0a34f14>] (dt_cpufreq_probe+0x7c/0x104)
[    3.670717] [<c0a34f14>] (dt_cpufreq_probe) from [<c07d7a74>] (platform_drv_probe+0x50/0xb0)
[    3.679146] [<c07d7a74>] (platform_drv_probe) from [<c07d6310>] (driver_probe_device+0x1fc/0x2c0)
[    3.688004] [<c07d6310>] (driver_probe_device) from [<c07d4890>] (bus_for_each_drv+0x44/0x8c)
[    3.696514] [<c07d4890>] (bus_for_each_drv) from [<c07d608c>] (__device_attach+0x9c/0x100)
[    3.704765] [<c07d608c>] (__device_attach) from [<c07d5728>] (bus_probe_device+0x84/0x8c)
[    3.712943] [<c07d5728>] (bus_probe_device) from [<c07d3b9c>] (device_add+0x2d8/0x54c)
[    3.720851] [<c07d3b9c>] (device_add) from [<c07d7c08>] (platform_device_add+0xa8/0x208)
[    3.728930] [<c07d7c08>] (platform_device_add) from [<c07d8438>] (platform_device_register_full+0xdc/0x100)
[    3.738656] [<c07d8438>] (platform_device_register_full) from [<c0a379c8>] (tegra124_cpufreq_probe+0x1ec/0x23c)
[    3.748744] [<c0a379c8>] (tegra124_cpufreq_probe) from [<c07d7a74>] (platform_drv_probe+0x50/0xb0)
[    3.757692] [<c07d7a74>] (platform_drv_probe) from [<c07d6310>] (driver_probe_device+0x1fc/0x2c0)
[    3.766550] [<c07d6310>] (driver_probe_device) from [<c07d4890>] (bus_for_each_drv+0x44/0x8c)
[    3.775060] [<c07d4890>] (bus_for_each_drv) from [<c07d608c>] (__device_attach+0x9c/0x100)
[    3.783309] [<c07d608c>] (__device_attach) from [<c07d5728>] (bus_probe_device+0x84/0x8c)
[    3.791489] [<c07d5728>] (bus_probe_device) from [<c07d5b5c>] (deferred_probe_work_func+0x60/0x8c)
[    3.800436] [<c07d5b5c>] (deferred_probe_work_func) from [<c03572e4>] (process_one_work+0x134/0x33c)
[    3.809556] [<c03572e4>] (process_one_work) from [<c0357514>] (process_scheduled_works+0x28/0x38)
[    3.818413] [<c0357514>] (process_scheduled_works) from [<c035773c>] (worker_thread+0x218/0x4f0)
[    3.827183] [<c035773c>] (worker_thread) from [<c035ca58>] (kthread+0xd8/0xf4)
[    3.834409] [<c035ca58>] (kthread) from [<c0307fb8>] (ret_from_fork+0x14/0x3c)
[    3.841622] Code: e59f1060 e6ef9079 ebe66ab0 eafffef9 (e7f001f2) 
[    3.847706] ---[ end trace 07c117980d7ebfe2 ]---
[    3.852403] Unable to handle kernel paging request at virtual address ffffffec
[    3.859610] pgd = c0204000
[    3.862309] [ffffffec] *pgd=afffd861, *pte=00000000, *ppte=00000000
[    3.868589] Internal error: Oops: 37 [#2] SMP ARM
[    3.873288] Modules linked in:
[    3.876350] CPU: 2 PID: 61 Comm: kworker/2:1 Tainted: G      D         4.9.0-rc8-next-20161207-140024-g7677a1f #1
[    3.886589] Hardware name: NVIDIA Tegra SoC (Flattened Device Tree)
[    3.892853] task: ee26ee40 task.stack: ee572000
[    3.897377] PC is at kthread_data+0x4/0xc
[    3.901379] LR is at wq_worker_sleeping+0x8/0xc8
[    3.905986] pc : [<c035d20c>]    lr : [<c0358444>]    psr: 08000193
[    3.905986] sp : ee573aa0  ip : 00000400  fp : ee573af4
[    3.917447] r10: eefafb40  r9 : 00000000  r8 : c1303234
[    3.922661] r7 : c1219b40  r6 : ee26f160  r5 : c1219b40  r4 : ee26ee40
[    3.929174] r3 : 00000000  r2 : 00000000  r1 : ee26ee40  r0 : ee26ee40
[    3.935688] Flags: nzcv  IRQs off  FIQs on  Mode SVC_32  ISA ARM  Segment none
[    3.942894] Control: 10c5387d  Table: 8020406a  DAC: 00000051
[    3.948627] Process kworker/2:1 (pid: 61, stack limit = 0xee572220)
[    3.954881] Stack: (0xee573aa0 to 0xee574000)
[    3.959239] 3aa0: 00000020 c0bdd554 ee27ee40 00000001 ee26ee40 00000000 ee276f40 c142f394
[    3.967404] 3ac0: c0364598 2dd96000 c1214300 00000065 00000000 ee573844 ee060000 ee26f0e0
[    3.975565] 3ae0: ee573b00 0000000b 00000001 00000001 ee573afc c0364598 ee26ee40 c03454b4
[    3.983728] 3b00: ee573b00 ee573b00 00000001 c142d604 ee573c48 c13082f0 68000193 0000000b
[    3.991890] 3b20: 00000001 c0a32806 c0a32808 c030b5d4 ee572220 0000000b c14756f8 c13082f0
[    4.000060] 3b40: bf000000 00000008 65000113 31663935 20303630 66653665 39373039 65626520
[    4.008224] 3b60: 62613636 61652030 65666666 28203966 30663765 32663130 68002029 ffffffff
[    4.016394] 3b80: 00000172 00000004 e7f001f2 ee573c48 c0a32804 00000000 c030bdb8 ee572000
[    4.024558] 3ba0: c1303118 c0301158 00000006 00000001 00000004 00000000 00030001 c0a32804
[    4.032721] 3bc0: c030d948 ffffffff 00000000 00000000 ee573c60 00000001 ee573c60 c035dc14
[    4.040890] 3be0: c147d018 c147d004 00000000 00000000 ffffffff c035dd8c 00000000 68000113
[    4.049055] 3c00: ee573c60 ed055b00 00000001 c1303118 c130499c 00000000 00000000 ed055be0
[    4.057216] 3c20: 88000113 00000001 00000003 00000000 c0a32808 00000000 c030c258 00000000
[    4.065378] 3c40: e7100000 c030bdb8 ffffffea 88000113 00000001 00000001 ed055b00 00000000
[    4.073540] 3c60: 00000000 c147cffc c147cffc 00000001 ed055bb4 c1303118 ed055bd8 ee573c98
[    4.081703] 3c80: c0a30810 c0a32804 a8000113 ffffffff 00000051 00000000 00000000 00000000
[    4.089864] 3ca0: ed057040 c1218ea0 ed055b04 28000113 00000001 00000000 00000106 00000000
[    4.098027] 3cc0: c13fff50 eef8e050 00000000 c141c304 00000000 0000001c c1302d00 c0a3291c
[    4.106189] 3ce0: c0a32874 c141c03c c13fff50 c141bfc4 00000000 c07d52b4 c147d704 ee042858
[    4.114351] 3d00: ee2172b4 00000000 c0f2d420 c141c34c c147cffc c0a31668 00000000 c0a34a6c
[    4.122513] 3d20: ffffffed ed078000 eef8e050 c0a34f14 c0a34e98 ffffffed ed078010 fffffdfb
[    4.130675] 3d40: c141c304 c07d7a74 c07d7a24 ed078010 c1479ec8 00000000 00000000 c07d6310
[    4.138837] 3d60: 00000000 00000000 ee573d98 c07d64b8 00000001 c1479ea4 00000000 c07d4890
[    4.146999] 3d80: ee04276c ee569db8 ed078010 ed078044 c13ffd20 c07d608c ed078010 00000001
[    4.155160] 3da0: 00000000 ed078010 ed078010 c13ffd20 ee713c10 c07d5728 ed078010 00000000
[    4.163323] 3dc0: ed078018 c07d3b9c ed02cf00 c0595f14 ee573e20 ed078000 00000000 ed078000
[    4.171485] 3de0: ed078010 ee713c00 ee713c10 ee027340 ed02cf00 c07d7c08 00000000 ee573e20
[    4.179646] 3e00: ed078000 00000000 ee713c00 c07d8438 c0f9c4c4 eeff3598 ed02cd50 c0a379c8
[    4.187807] 3e20: ee713c10 00000000 c0f9c4c4 00000000 00000000 00000000 00000000 00000000
[    4.195969] 3e40: 00000000 00000000 00000000 00000000 ffffffed ee713c10 fffffdfb c141c9a0
[    4.204131] 3e60: c141c9a0 eefaf740 0000001c c07d7a74 c07d7a24 ee713c10 c1479ec8 00000000
[    4.212293] 3e80: 00000000 c07d6310 00000000 00000000 ee573ec0 c07d64b8 00000001 00000000
[    4.220455] 3ea0: 00000000 c07d4890 ee04276c ee56c138 ee713c10 ee713c44 c13ffd20 c07d608c
[    4.228617] 3ec0: ee713c10 00000001 ee728fc0 ee713c10 ee713c10 c13ffd20 eefb2800 c07d5728
[    4.236778] 3ee0: ee713c10 c13ffca0 c13ffcbc c07d5b5c ee532000 c13ffcc4 eefaf740 c03572e4
[    4.244940] 3f00: ee532000 c0bdd8a0 ee532000 ee532018 00000001 eefaf740 ee532018 eefaf740
[    4.253102] 3f20: 00000008 c0357514 eefb28f5 ee532000 eefaf758 c035773c 00000000 ee533000
[    4.261264] 3f40: 00000000 ee533000 00000000 ee532000 c0357524 00000000 00000000 00000000
[    4.269425] 3f60: 00000000 c035ca58 ffffffff 00000000 ee26ee40 ee532000 00000000 00000000
[    4.277587] 3f80: ee573f80 ee573f80 00000001 00010001 ee573f90 ee573f90 ee573fac ee533000
[    4.285748] 3fa0: c035c980 00000000 00000000 c0307fb8 00000000 00000000 00000000 00000000
[    4.293909] 3fc0: 00000000 00000000 00000000 00000000 00000000 00000000 00000000 00000000
[    4.302071] 3fe0: 00000000 00000000 00000000 00000000 00000013 00000000 ffffffff ffffffff
[    4.310244] [<c035d20c>] (kthread_data) from [<c0358444>] (wq_worker_sleeping+0x8/0xc8)
[    4.318239] [<c0358444>] (wq_worker_sleeping) from [<c0bdd554>] (__schedule+0x27c/0x500)
[    4.326320] [<c0bdd554>] (__schedule) from [<c0364598>] (do_task_dead+0x8c/0x90)
[    4.333707] [<c0364598>] (do_task_dead) from [<c03454b4>] (do_exit+0x67c/0x9f0)
[    4.341006] [<c03454b4>] (do_exit) from [<c030b5d4>] (die+0x438/0x480)
[    4.347522] [<c030b5d4>] (die) from [<c0301158>] (do_undefinstr+0x154/0x1cc)
[    4.354559] [<c0301158>] (do_undefinstr) from [<c030bdb8>] (__und_svc_finish+0x0/0x48)
[    4.362458] Exception stack(0xee573c48 to 0xee573c90)
[    4.367501] 3c40:                   ffffffea 88000113 00000001 00000001 ed055b00 00000000
[    4.375663] 3c60: 00000000 c147cffc c147cffc 00000001 ed055bb4 c1303118 ed055bd8 ee573c98
[    4.383823] 3c80: c0a30810 c0a32804 a8000113 ffffffff
[    4.388868] [<c030bdb8>] (__und_svc_finish) from [<c0a32804>] (cpufreq_online+0x5c4/0x634)
[    4.397121] [<c0a32804>] (cpufreq_online) from [<c0a3291c>] (cpufreq_add_dev+0xa8/0xc8)
[    4.405114] [<c0a3291c>] (cpufreq_add_dev) from [<c07d52b4>] (subsys_interface_register+0x80/0xc4)
[    4.414060] [<c07d52b4>] (subsys_interface_register) from [<c0a31668>] (cpufreq_register_driver+0x148/0x1dc)
[    4.423874] [<c0a31668>] (cpufreq_register_driver) from [<c0a34f14>] (dt_cpufreq_probe+0x7c/0x104)
[    4.432819] [<c0a34f14>] (dt_cpufreq_probe) from [<c07d7a74>] (platform_drv_probe+0x50/0xb0)
[    4.441244] [<c07d7a74>] (platform_drv_probe) from [<c07d6310>] (driver_probe_device+0x1fc/0x2c0)
[    4.450100] [<c07d6310>] (driver_probe_device) from [<c07d4890>] (bus_for_each_drv+0x44/0x8c)
[    4.458610] [<c07d4890>] (bus_for_each_drv) from [<c07d608c>] (__device_attach+0x9c/0x100)
[    4.466859] [<c07d608c>] (__device_attach) from [<c07d5728>] (bus_probe_device+0x84/0x8c)
[    4.475021] [<c07d5728>] (bus_probe_device) from [<c07d3b9c>] (device_add+0x2d8/0x54c)
[    4.482926] [<c07d3b9c>] (device_add) from [<c07d7c08>] (platform_device_add+0xa8/0x208)
[    4.491003] [<c07d7c08>] (platform_device_add) from [<c07d8438>] (platform_device_register_full+0xdc/0x100)
[    4.500728] [<c07d8438>] (platform_device_register_full) from [<c0a379c8>] (tegra124_cpufreq_probe+0x1ec/0x23c)
[    4.510800] [<c0a379c8>] (tegra124_cpufreq_probe) from [<c07d7a74>] (platform_drv_probe+0x50/0xb0)
[    4.519743] [<c07d7a74>] (platform_drv_probe) from [<c07d6310>] (driver_probe_device+0x1fc/0x2c0)
[    4.528601] [<c07d6310>] (driver_probe_device) from [<c07d4890>] (bus_for_each_drv+0x44/0x8c)
[    4.537111] [<c07d4890>] (bus_for_each_drv) from [<c07d608c>] (__device_attach+0x9c/0x100)
[    4.545359] [<c07d608c>] (__device_attach) from [<c07d5728>] (bus_probe_device+0x84/0x8c)
[    4.553523] [<c07d5728>] (bus_probe_device) from [<c07d5b5c>] (deferred_probe_work_func+0x60/0x8c)
[    4.562467] [<c07d5b5c>] (deferred_probe_work_func) from [<c03572e4>] (process_one_work+0x134/0x33c)
[    4.571584] [<c03572e4>] (process_one_work) from [<c0357514>] (process_scheduled_works+0x28/0x38)
[    4.580440] [<c0357514>] (process_scheduled_works) from [<c035773c>] (worker_thread+0x218/0x4f0)
[    4.589210] [<c035773c>] (worker_thread) from [<c035ca58>] (kthread+0xd8/0xf4)
[    4.596421] [<c035ca58>] (kthread) from [<c0307fb8>] (ret_from_fork+0x14/0x3c)
[    4.603631] Code: e3a02002 e0431101 eaffff76 e59032f8 (e5130014) 
[    4.609715] ---[ end trace 07c117980d7ebfe3 ]---
[    4.614322] Fixing recursive fault but reboot is needed!
