
U-Boot SPL 2016.05-rc2 (Apr 21 2016 - 16:23:00)
Trying to boot from RAM


U-Boot 2016.05-rc2 (Apr 21 2016 - 16:23:00 -0700)

TEGRA124
Model: NVIDIA Jetson TK1
Board: NVIDIA Jetson TK1
DRAM:  2 GiB
MC:   Tegra SD/MMC: 0, Tegra SD/MMC: 1
In:    serial
Out:   serial
Err:   serial
Net:   No ethernet found.
Hit any key to stop autoboot:  2  0 
Tegra124 (Jetson TK1) # 
Tegra124 (Jetson TK1) # pci enum
Tegra124 (Jetson TK1) # setenv bootargs 'ignore_loglevel console=ttyS0,115200n8 rw root=PARTUUID=b1791faa-84e8-4e27-83a1-9fb0a77e8803 rootwait gpt debug noinitrd earlyprintk init=/bin/bash'
Tegra124 (Jetson TK1) # setenv ipaddr 192.168.100.102; setenv serverip 192.168.100.1; setenv tftpserverip 192.168.100.1
Tegra124 (Jetson TK1) # tftpboot 0x82000000 zImage.multi_v7_defconfig

Warning: eth_rtl8169 using MAC address from ROM
Using eth_rtl8169 device
TFTP from server 192.168.100.1; our IP address is 192.168.100.102
Filename 'zImage.multi_v7_defconfig'.
Load address: 0x82000000
Loading: *#################################################################
	 #################################################################
	 #################################################################
	 #################################################################
	 #################################################################
	 #################################################################
	 #################################################################
	 #################################
	 4 MiB/s
done
Bytes transferred = 7157096 (6d3568 hex)
Tegra124 (Jetson TK1) # tftpboot 0x83000000 tegra124-jetson-tk1.dtb
Using eth_rtl8169 device
TFTP from server 192.168.100.1; our IP address is 192.168.100.102
Filename 'tegra124-jetson-tk1.dtb'.
Load address: 0x83000000
Loading: *#####
	 1.4 MiB/s
done
Bytes transferred = 66405 (10365 hex)
Tegra124 (Jetson TK1) # bootz 0x82000000 - 0x83000000
Kernel image @ 0x82000000 [ 0x000000 - 0x6d3568 ]
## Flattened Device Tree blob at 83000000
   Booting using the fdt blob at 0x83000000
   Using Device Tree in place at 83000000, end 83013364

Starting kernel ...

[    0.000000] Booting Linux on physical CPU 0x0
[    0.000000] Linux version 4.8.0-rc5-next-20160909-117314-gd221eb9 (pwalmsley@sellafield) (gcc version 4.7.3 20130328 (prerelease) (crosstool-NG linaro-1.13.1-4.7-2013.04-20130415 - Linaro GCC 2013.04) ) #1 SMP Thu Sep 8 22:49:14 PDT 2016
[    0.000000] CPU: ARMv7 Processor [413fc0f3] revision 3 (ARMv7), cr=10c5387d
[    0.000000] CPU: div instructions available: patching division code
[    0.000000] CPU: PIPT / VIPT nonaliasing data cache, PIPT instruction cache
[    0.000000] OF: fdt:Machine model: NVIDIA Tegra124 Jetson TK1
[    0.000000] debug: ignoring loglevel setting.
[    0.000000] cma: Reserved 64 MiB at 0xfb800000
[    0.000000] Memory policy: Data cache writealloc
[    0.000000] On node 0 totalpages: 524032
[    0.000000] free_area_init_node: node 0, pgdat c1425b00, node_mem_map eeff8000
[    0.000000]   DMA zone: 1536 pages used for memmap
[    0.000000]   DMA zone: 0 pages reserved
[    0.000000]   DMA zone: 196608 pages, LIFO batch:31
[    0.000000]   HighMem zone: 327424 pages, LIFO batch:31
[    0.000000] percpu: Embedded 14 pages/cpu @eef85000 s26112 r8192 d23040 u57344
[    0.000000] pcpu-alloc: s26112 r8192 d23040 u57344 alloc=14*4096
[    0.000000] pcpu-alloc: [0] 0 [0] 1 [0] 2 [0] 3 
[    0.000000] Built 1 zonelists in Zone order, mobility grouping on.  Total pages: 522496
[    0.000000] Kernel command line: ignore_loglevel console=ttyS0,115200n8 rw root=PARTUUID=b1791faa-84e8-4e27-83a1-9fb0a77e8803 rootwait gpt debug noinitrd earlyprintk init=/bin/bash
[    0.000000] PID hash table entries: 4096 (order: 2, 16384 bytes)
[    0.000000] Dentry cache hash table entries: 131072 (order: 7, 524288 bytes)
[    0.000000] Inode-cache hash table entries: 65536 (order: 6, 262144 bytes)
[    0.000000] Memory: 1994940K/2096128K available (9216K kernel code, 1182K rwdata, 4032K rodata, 2048K init, 342K bss, 35652K reserved, 65536K cma-reserved, 1244160K highmem)
[    0.000000] Virtual kernel memory layout:
[    0.000000]     vector  : 0xffff0000 - 0xffff1000   (   4 kB)
[    0.000000]     fixmap  : 0xffc00000 - 0xfff00000   (3072 kB)
[    0.000000]     vmalloc : 0xf0800000 - 0xff800000   ( 240 MB)
[    0.000000]     lowmem  : 0xc0000000 - 0xf0000000   ( 768 MB)
[    0.000000]     pkmap   : 0xbfe00000 - 0xc0000000   (   2 MB)
[    0.000000]     modules : 0xbf000000 - 0xbfe00000   (  14 MB)
[    0.000000]       .text : 0xc0208000 - 0xc0c00000   (10208 kB)
[    0.000000]       .init : 0xc1100000 - 0xc1300000   (2048 kB)
[    0.000000]       .data : 0xc1300000 - 0xc14278e0   (1183 kB)
[    0.000000]        .bss : 0xc1429000 - 0xc147eac8   ( 343 kB)
[    0.000000] SLUB: HWalign=64, Order=0-3, MinObjects=0, CPUs=4, Nodes=1
[    0.000000] Hierarchical RCU implementation.
[    0.000000] 	Build-time adjustment of leaf fanout to 32.
[    0.000000] 	RCU restricting CPUs from NR_CPUS=16 to nr_cpu_ids=4.
[    0.000000] RCU: Adjusting geometry for rcu_fanout_leaf=32, nr_cpu_ids=4
[    0.000000] NR_IRQS:16 nr_irqs:16 16
[    0.000000] /interrupt-controller@60004000: 160 interrupts forwarded to /interrupt-controller@50041000
[    0.000000] Tegra clk 127: register failed with -17
[    0.000007] sched_clock: 32 bits at 1000kHz, resolution 1000ns, wraps every 2147483647500ns
[    0.000030] clocksource: timer_us: mask: 0xffffffff max_cycles: 0xffffffff, max_idle_ns: 1911260446275 ns
[    0.000044] Switching to timer-based delay loop, resolution 1000ns
[    0.005446] arm_arch_timer: Architected cp15 timer(s) running at 12.00MHz (virt).
[    0.005463] clocksource: arch_sys_counter: mask: 0xffffffffffffff max_cycles: 0x2c47f4ee7, max_idle_ns: 440795202497 ns
[    0.005481] sched_clock: 56 bits at 12MHz, resolution 83ns, wraps every 4398046511096ns
[    0.005493] Switching to timer-based delay loop, resolution 83ns
[    0.005945] Console: colour dummy device 80x30
[    0.005973] Calibrating delay loop (skipped), value calculated using timer frequency.. 24.00 BogoMIPS (lpj=60000)
[    0.005987] pid_max: default: 32768 minimum: 301
[    0.006082] Mount-cache hash table entries: 2048 (order: 1, 8192 bytes)
[    0.006093] Mountpoint-cache hash table entries: 2048 (order: 1, 8192 bytes)
[    0.006685] CPU: Testing write buffer coherency: ok
[    0.006899] /cpus/cpu@0 missing clock-frequency property
[    0.006940] /cpus/cpu@1 missing clock-frequency property
[    0.006981] /cpus/cpu@2 missing clock-frequency property
[    0.007023] /cpus/cpu@3 missing clock-frequency property
[    0.007035] CPU0: thread -1, cpu 0, socket 0, mpidr 80000000
[    0.007056] Setting up static identity map for 0x80300000 - 0x80300098
[    0.010725] Tegra Revision: A01 SKU: 129 CPU Process: 1 SoC Process: 1
[    0.012189] CPU1: thread -1, cpu 1, socket 0, mpidr 80000001
[    0.015879] CPU2: thread -1, cpu 2, socket 0, mpidr 80000002
[    0.020880] CPU3: thread -1, cpu 3, socket 0, mpidr 80000003
[    0.025323] Brought up 4 CPUs
[    0.025343] SMP: Total of 4 processors activated (96.00 BogoMIPS).
[    0.025350] CPU: All CPU(s) started in SVC mode.
[    0.025405] span: 0-3 (max cpu_capacity = 1024)
[    0.026836] devtmpfs: initialized
[    0.047762] VFP support v0.3: implementor 41 architecture 4 part 30 variant f rev 0
[    0.048204] clocksource: jiffies: mask: 0xffffffff max_cycles: 0xffffffff, max_idle_ns: 9556302231375000 ns
[    0.049569] pinctrl core: initialized pinctrl subsystem
[    0.051349] NET: Registered protocol family 16
[    0.053275] DMA: preallocated 256 KiB pool for atomic coherent allocations
[    0.065441] cpuidle: using governor menu
[    0.084304] No ATAGs?
[    0.084330] hw-breakpoint: found 5 (+1 reserved) breakpoint and 4 watchpoint registers.
[    0.084340] hw-breakpoint: maximum watchpoint size is 8 bytes.
[    0.090472] Serial: AMBA PL011 UART driver
[    0.125462] +5V_SYS: supplied by +VDD_MUX
[    0.125799] +3.3V_SYS: supplied by +VDD_MUX
[    0.126439] +USB0_VBUS_SW: Failed to request enable GPIO108: -517
[    0.126454] reg-fixed-voltage regulators:regulator@7: Failed to register regulator: -517
[    0.126542] +5V_USB_HS: Failed to request enable GPIO109: -517
[    0.126556] reg-fixed-voltage regulators:regulator@8: Failed to register regulator: -517
[    0.126719] +1.05V_RUN_AVDD_HDMI_PLL: Failed to request enable GPIO63: -517
[    0.126732] reg-fixed-voltage regulators:regulator@11: Failed to register regulator: -517
[    0.126817] +5V_HDMI_CON: Failed to request enable GPIO86: -517
[    0.126829] reg-fixed-voltage regulators:regulator@12: Failed to register regulator: -517
[    0.126913] +5V_SATA: Failed to request enable GPIO242: -517
[    0.126924] reg-fixed-voltage regulators:regulator@13: Failed to register regulator: -517
[    0.127007] +12V_SATA: Failed to request enable GPIO242: -517
[    0.127019] reg-fixed-voltage regulators:regulator@14: Failed to register regulator: -517
[    0.130252] vgaarb: loaded
[    0.131123] SCSI subsystem initialized
[    0.131288] libata version 3.00 loaded.
[    0.131567] usbcore: registered new interface driver usbfs
[    0.131643] usbcore: registered new interface driver hub
[    0.131716] usbcore: registered new device driver usb
[    0.135317] pps_core: LinuxPPS API ver. 1 registered
[    0.135326] pps_core: Software ver. 5.3.6 - Copyright 2005-2007 Rodolfo Giometti <giometti@linux.it>
[    0.135348] PTP clock support registered
[    0.135542] EDAC MC: Ver: 3.0.0
[    0.138789] clocksource: Switched to clocksource arch_sys_counter
[    0.150062] NET: Registered protocol family 2
[    0.150577] TCP established hash table entries: 8192 (order: 3, 32768 bytes)
[    0.150676] TCP bind hash table entries: 8192 (order: 4, 65536 bytes)
[    0.150863] TCP: Hash tables configured (established 8192 bind 8192)
[    0.150913] UDP hash table entries: 512 (order: 2, 16384 bytes)
[    0.150954] UDP-Lite hash table entries: 512 (order: 2, 16384 bytes)
[    0.151109] NET: Registered protocol family 1
[    0.151429] RPC: Registered named UNIX socket transport module.
[    0.151439] RPC: Registered udp transport module.
[    0.151446] RPC: Registered tcp transport module.
[    0.151453] RPC: Registered tcp NFSv4.1 backchannel transport module.
[    0.151463] PCI: CLS 0 bytes, default 64
[    0.152646] hw perfevents: enabled with armv7_cortex_a15 PMU driver, 7 counters available
[    0.154152] futex hash table entries: 1024 (order: 4, 65536 bytes)
[    0.154879] workingset: timestamp_bits=30 max_order=19 bucket_order=0
[    0.166240] squashfs: version 4.0 (2009/01/31) Phillip Lougher
[    0.167099] NFS: Registering the id_resolver key type
[    0.167131] Key type id_resolver registered
[    0.167138] Key type id_legacy registered
[    0.167179] ntfs: driver 2.1.32 [Flags: R/O].
[    0.168426] bounce: pool size: 64 pages
[    0.168636] Block layer SCSI generic (bsg) driver version 0.4 loaded (major 248)
[    0.168646] io scheduler noop registered
[    0.168653] io scheduler deadline registered
[    0.168878] io scheduler cfq registered (default)
[    0.174497] usb2-0 supply vbus not found, using dummy regulator
[    0.174623] usb2-1 supply vbus not found, using dummy regulator
[    0.175017] tegra-xusb-padctl 7009f000.padctl: failed to setup XUSB ports: -517
[    0.175705] libphy: mdio_driver_register: phy-bcm-ns2-pci
[    0.191739] tegra-pcie 1003000.pcie-controller: 2x1, 1x1 configuration
[    0.191793] tegra-pcie 1003000.pcie-controller: Failed to get supply 'avddio-pex': -517
[    0.199076] tegra-apbdma 60020000.dma: Tegra20 APB DMA driver register 32 channels
[    0.201012] tegra-pmc 7000e400.pmc: emergency thermal reset enabled
[    0.266460] Serial: 8250/16550 driver, 4 ports, IRQ sharing disabled
[    0.269454] console [ttyS0] disabled
[    0.269490] 70006300.serial: ttyS0 at MMIO 0x70006300 (irq = 335, base_baud = 25500000) is a Tegra
[    1.133198] console [ttyS0] enabled
[    1.137658] SuperH (H)SCI(F) driver initialized
[    1.143264] msm_serial: driver initialized
[    1.147575] STMicroelectronics ASC driver initialized
[    1.153486] 70006000.serial: ttyTHS1 at MMIO 0x70006000 (irq = 333, base_baud = 0) is a TEGRA_UART
[    1.162827] 70006040.serial: ttyTHS2 at MMIO 0x70006040 (irq = 334, base_baud = 0) is a TEGRA_UART
[    1.175198] [drm] Initialized drm 1.1.0 20060810
[    1.182995] tegra-hdmi 54280000.hdmi: failed to get HDMI regulator
[    1.202844] brd: module loaded
[    1.212050] loop: module loaded
[    1.216447] at24 0-0056: 256 byte 24c02 EEPROM, writable, 8 bytes/write
[    1.224784] as3722 4-0040: AS3722 with revision 0x1 found
[    1.235972] as3722-sd2: supplied by +5V_SYS
[    1.240673] as3722-sd3: supplied by +5V_SYS
[    1.245105] +1.35V_LP0(sd3): Bringing 0uV into 1350000-1350000uV
[    1.251487] as3722-sd4: supplied by +5V_SYS
[    1.256144] as3722-sd5: supplied by +5V_SYS
[    1.262239] as3722-ldo0: supplied by +1.35V_LP0(sd2)
[    1.268333] +1.8V_RUN_CAM: Bringing 0uV into 1800000-1800000uV
[    1.274586] as3722-ldo2: supplied by +1.8V_VDDIO
[    1.280529] as3722-ldo3: supplied by +3.3V_SYS
[    1.285026] +1.05V_LP0_VDD_RTC: Bringing 1100000uV into 1000000-1000000uV
[    1.292845] as3722-ldo4: supplied by +3.3V_SYS
[    1.297519] +2.8V_RUN_CAM: Bringing 0uV into 2800000-2800000uV
[    1.303805] as3722-ldo5: supplied by +1.8V_VDDIO
[    1.308633] +1.2V_RUN_CAM_FRONT: Bringing 0uV into 1200000-1200000uV
[    1.315605] +VDDIO_SDMMC3: bypassed regulator has no supply!
[    1.321278] +VDDIO_SDMMC3: failed to get the current voltage(-517)
[    1.327470] as3722-regulator as3722-regulator: regulator 13 register failed -517
[    1.340086] tegra-ahci 70027000.sata: couldn't get PHY in node sata: -517
[    1.359456] random: fast init done
[    1.362985] m25p80 spi32765.0: w25q32dw (4096 Kbytes)
[    1.371133] libphy: Fixed MDIO Bus: probed
[    1.376463] CAN device driver interface
[    1.382593] igb: Intel(R) Gigabit Ethernet Network Driver - version 5.3.0-k
[    1.389562] igb: Copyright (c) 2007-2014 Intel Corporation.
[    1.398631] pegasus: v0.9.3 (2013/04/25), Pegasus/Pegasus II USB Ethernet driver
[    1.406087] usbcore: registered new interface driver pegasus
[    1.411821] usbcore: registered new interface driver asix
[    1.417272] usbcore: registered new interface driver ax88179_178a
[    1.423430] usbcore: registered new interface driver cdc_ether
[    1.429333] usbcore: registered new interface driver smsc75xx
[    1.435150] usbcore: registered new interface driver smsc95xx
[    1.440946] usbcore: registered new interface driver net1080
[    1.446656] usbcore: registered new interface driver cdc_subset
[    1.452630] usbcore: registered new interface driver zaurus
[    1.458279] usbcore: registered new interface driver cdc_ncm
[    1.464166] tegra-phy 7d004000.usb-phy: no vbus regulator
[    1.471615] ehci_hcd: USB 2.0 'Enhanced' Host Controller (EHCI) Driver
[    1.478153] ehci-pci: EHCI PCI platform driver
[    1.482650] ehci-platform: EHCI generic platform driver
[    1.488107] ehci-orion: EHCI orion driver
[    1.492276] SPEAr-ehci: EHCI SPEAr driver
[    1.496450] ehci-st: EHCI STMicroelectronics driver
[    1.501489] ehci-exynos: EHCI EXYNOS driver
[    1.505854] ehci-atmel: EHCI Atmel driver
[    1.510025] tegra-ehci: Tegra EHCI driver
[    1.516884] tegra-ehci 7d004000.usb: EHCI Host Controller
[    1.522317] tegra-ehci 7d004000.usb: new USB bus registered, assigned bus number 1
[    1.530063] tegra-ehci 7d004000.usb: irq 354, io mem 0x7d004000
[    1.548814] tegra-ehci 7d004000.usb: USB 2.0 started, EHCI 1.10
[    1.555575] hub 1-0:1.0: USB hub found
[    1.559386] hub 1-0:1.0: 1 port detected
[    1.563926] ohci_hcd: USB 1.1 'Open' Host Controller (OHCI) Driver
[    1.570121] ohci-pci: OHCI PCI platform driver
[    1.574626] ohci-platform: OHCI generic platform driver
[    1.580036] ohci-omap3: OHCI OMAP3 driver
[    1.584208] SPEAr-ohci: OHCI SPEAr driver
[    1.588363] ohci-st: OHCI STMicroelectronics driver
[    1.593396] ohci-atmel: OHCI Atmel driver
[    1.598229] usbcore: registered new interface driver usb-storage
[    1.605898] mousedev: PS/2 mouse device common for all mice
[    1.614665] as3722-rtc as3722-rtc: rtc core: registered as3722-rtc as rtc0
[    1.621555] as3722-rtc as3722-rtc: RTC interrupt 377
[    1.630005] tegra_rtc 7000e000.rtc: rtc core: registered 7000e000.rtc as rtc1
[    1.637192] tegra_rtc 7000e000.rtc: Tegra internal Real Time Clock
[    1.643975] i2c /dev entries driver
[    1.654662] 0-004c supply vcc not found, using dummy regulator
[    1.670446] sdhci: Secure Digital Host Controller Interface driver
[    1.676639] sdhci: Copyright(c) Pierre Ossman
[    1.682646] Synopsys Designware Multimedia Card Interface Driver
[    1.689871] sdhci-pltfm: SDHCI platform and OF driver helper
[    1.696323] sdhci-tegra 700b0400.sdhci: Got CD GPIO
[    1.701231] sdhci-tegra 700b0400.sdhci: Got WP GPIO
[    1.706365] mmc0: Unknown controller version (3). You may experience problems.
[    1.713683] mmc0: Invalid maximum block size, assuming 512 bytes
[    1.763814] mmc0: SDHCI controller on 700b0600.sdhci [700b0600.sdhci] using ADMA
[    1.773191] ledtrig-cpu: registered to indicate activity on CPUs
[    1.779557] usbcore: registered new interface driver usbhid
[    1.785140] usbhid: USB HID core driver
[    1.794099] tegra124-dfll 70110000.clock: couldn't get vdd_cpu regulator
[    1.811731] NET: Registered protocol family 10
[    1.817112] sit: IPv6, IPv4 and MPLS over IPv4 tunneling driver
[    1.823730] NET: Registered protocol family 17
[    1.828229] can: controller area network core (rev 20120528 abi 9)
[    1.834490] NET: Registered protocol family 29
[    1.838950] can: raw protocol (rev 20120528)
[    1.843212] can: broadcast manager protocol (rev 20160617 t)
[    1.848888] can: netlink gateway (rev 20130117) max_hops=1
[    1.854762] Key type dns_resolver registered
[    1.859665] ThumbEE CPU extension supported.
[    1.863966] Registering SWP/SWPB emulation handler
[    1.870719] +3.3V_RUN: supplied by +3.3V_SYS
[    1.875674] +3.3V_AVDD_HDMI_AP_GATED: supplied by +3.3V_RUN
[    1.881892] +USB0_VBUS_SW: supplied by +5V_SYS
[    1.887123] +5V_USB_HS: supplied by +5V_SYS
[    1.892433] +3.3V_LP0: supplied by +3.3V_SYS
[    1.898385] +5V_HDMI_CON: supplied by +5V_SYS
[    1.903479] +5V_SATA: supplied by +5V_SYS
[    1.908198] +12V_SATA: supplied by +VDD_MUX
[    1.914743] usb2-0 supply vbus not found, using dummy regulator
[    1.920960] usb2-1 supply vbus not found, using dummy regulator
[    1.927367] usb3-0 supply vbus not found, using dummy regulator
[    1.934617] tegra-pcie 1003000.pcie-controller: 2x1, 1x1 configuration
[    1.941306] tegra-pcie 1003000.pcie-controller: Failed to get supply 'avddio-pex': -517
[    1.951608] tegra-hdmi 54280000.hdmi: failed to get PLL regulator
[    1.961223] mmc0: new high speed MMC card at address 0001
[    1.962270] as3722-sd2: supplied by +5V_SYS
[    1.962631] as3722-sd3: supplied by +5V_SYS
[    1.962969] as3722-sd4: supplied by +5V_SYS
[    1.963270] +1.05V_RUN_AVDD_HDMI_PLL: supplied by +1.05V_RUN
[    1.963375] as3722-sd5: supplied by +5V_SYS
[    1.964859] as3722-ldo0: supplied by +1.35V_LP0(sd2)
[    1.965384] as3722-ldo1: supplied by +3.3V_RUN
[    1.965709] as3722-ldo2: supplied by +1.8V_VDDIO
[    1.966667] as3722-ldo3: supplied by +3.3V_SYS
[    1.967613] as3722-ldo4: supplied by +3.3V_SYS
[    1.967944] as3722-ldo5: supplied by +1.8V_VDDIO
[    1.968273] as3722-ldo6: supplied by +3.3V_RUN
[    1.968627] as3722-ldo7: supplied by +1.8V_VDDIO
[    1.968902] +1.05V_RUN_CAM_REAR: Bringing 0uV into 1050000-1050000uV
[    1.969454] as3722-ldo9: supplied by +5V_SYS
[    1.969896] +3.3V_RUN_TOUCH: Bringing 0uV into 2800000-2800000uV
[    1.970329] as3722-ldo10: supplied by +5V_SYS
[    1.970559] +2.8V_RUN_CAM_AF: Bringing 0uV into 2800000-2800000uV
[    1.970990] as3722-ldo11: supplied by +3.3V_RUN
[    1.971219] +1.8V_RUN_VPP_FUSE: Bringing 0uV into 1800000-1800000uV
[    1.974763] tegra-ahci 70027000.sata: AHCI 0001.0301 32 slots 2 ports 3 Gbps 0x1 impl platform mode
[    1.974776] tegra-ahci 70027000.sata: flags: 64bit ncq sntf pm led pio slum part sadm sds apst 
[    1.976850] scsi host0: tegra-ahci
[    1.978040] scsi host1: tegra-ahci
[    1.978523] ata1: SATA max UDMA/133 mmio [mem 0x70027000-0x70028fff] port 0x100 irq 345
[    1.978529] ata2: DUMMY
[    1.982309] tegra-ehci 7d008000.usb: EHCI Host Controller
[    1.982341] tegra-ehci 7d008000.usb: new USB bus registered, assigned bus number 2
[    1.982564] tegra-ehci 7d008000.usb: irq 355, io mem 0x7d008000
[    1.993922] tegra-ehci 7d008000.usb: USB 2.0 started, EHCI 1.10
[    1.994960] hub 2-0:1.0: USB hub found
[    1.995006] hub 2-0:1.0: 1 port detected
[    1.998064] sdhci-tegra 700b0400.sdhci: Got CD GPIO
[    1.998086] sdhci-tegra 700b0400.sdhci: Got WP GPIO
[    1.998297] mmc1: Unknown controller version (3). You may experience problems.
[    1.998389] mmc1: Invalid maximum block size, assuming 512 bytes
[    2.044406] mmc1: SDHCI controller on 700b0400.sdhci [700b0400.sdhci] using ADMA
[    2.050629] tegra-pcie 1003000.pcie-controller: 2x1, 1x1 configuration
[    2.054903] tegra-pcie 1003000.pcie-controller: probing port 0, using 2 lanes
[    2.057871] tegra-pcie 1003000.pcie-controller: Slot present pin change, signature: 00000008
[    2.087278] tegra-pcie 1003000.pcie-controller: probing port 1, using 1 lanes
[    2.088844] tegra-pcie 1003000.pcie-controller: Slot present pin change, signature: 00000000
[    2.103379] tegra-pcie 1003000.pcie-controller: PCI host bridge to bus 0000:00
[    2.103389] pci_bus 0000:00: root bus resource [io  0x0000-0xffff]
[    2.103397] pci_bus 0000:00: root bus resource [mem 0x13000000-0x1fffffff]
[    2.103404] pci_bus 0000:00: root bus resource [mem 0x20000000-0x3fffffff pref]
[    2.103411] pci_bus 0000:00: root bus resource [bus 00-ff]
[    2.103453] pci 0000:00:01.0: [10de:0e12] type 01 class 0x060400
[    2.103580] pci 0000:00:01.0: PME# supported from D0 D1 D2 D3hot D3cold
[    2.103984] pci 0000:00:02.0: [10de:0e13] type 01 class 0x060400
[    2.104105] pci 0000:00:02.0: PME# supported from D0 D1 D2 D3hot D3cold
[    2.104473] PCI: bus0: Fast back to back transfers disabled
[    2.104483] pci 0000:00:01.0: bridge configuration invalid ([bus 00-00]), reconfiguring
[    2.104500] pci 0000:00:02.0: bridge configuration invalid ([bus 00-00]), reconfiguring
[    2.104744] pci 0000:01:00.0: [8086:4232] type 00 class 0x028000
[    2.104798] pci 0000:01:00.0: reg 0x10: [mem 0x00000000-0x00001fff 64bit]
[    2.105027] pci 0000:01:00.0: PME# supported from D0 D3hot D3cold
[    2.118986] PCI: bus1: Fast back to back transfers disabled
[    2.119002] pci_bus 0000:01: busn_res: [bus 01-ff] end is updated to 01
[    2.119321] pci 0000:02:00.0: [10ec:8168] type 00 class 0x020000
[    2.119358] pci 0000:02:00.0: reg 0x10: [io  0x0000-0x00ff]
[    2.119400] pci 0000:02:00.0: reg 0x18: [mem 0x00000000-0x00000fff 64bit]
[    2.119428] pci 0000:02:00.0: reg 0x20: [mem 0x00000000-0x00003fff 64bit pref]
[    2.119605] pci 0000:02:00.0: supports D1 D2
[    2.119611] pci 0000:02:00.0: PME# supported from D0 D1 D2 D3hot D3cold
[    2.133929] PCI: bus2: Fast back to back transfers disabled
[    2.133945] pci_bus 0000:02: busn_res: [bus 02-ff] end is updated to 02
[    2.134135] pci 0000:00:01.0: BAR 8: assigned [mem 0x13000000-0x130fffff]
[    2.134144] pci 0000:00:02.0: BAR 8: assigned [mem 0x13100000-0x131fffff]
[    2.134154] pci 0000:00:02.0: BAR 9: assigned [mem 0x20000000-0x200fffff 64bit pref]
[    2.134162] pci 0000:00:02.0: BAR 7: assigned [io  0x1000-0x1fff]
[    2.134175] pci 0000:01:00.0: BAR 0: assigned [mem 0x13000000-0x13001fff 64bit]
[    2.134210] pci 0000:00:01.0: PCI bridge to [bus 01]
[    2.134223] pci 0000:00:01.0:   bridge window [mem 0x13000000-0x130fffff]
[    2.134243] pci 0000:02:00.0: BAR 4: assigned [mem 0x20000000-0x20003fff 64bit pref]
[    2.134274] pci 0000:02:00.0: BAR 2: assigned [mem 0x13100000-0x13100fff 64bit]
[    2.134301] pci 0000:02:00.0: BAR 0: assigned [io  0x1000-0x10ff]
[    2.134313] pci 0000:00:02.0: PCI bridge to [bus 02]
[    2.134320] pci 0000:00:02.0:   bridge window [io  0x1000-0x1fff]
[    2.134331] pci 0000:00:02.0:   bridge window [mem 0x13100000-0x131fffff]
[    2.134341] pci 0000:00:02.0:   bridge window [mem 0x20000000-0x200fffff 64bit pref]
[    2.134382] pci 0000:00:01.0: nv_msi_ht_cap_quirk didn't locate host bridge
[    2.134499] pcieport 0000:00:01.0: enabling device (0140 -> 0142)
[    2.134792] pcieport 0000:00:01.0: Signaling PME through PCIe PME interrupt
[    2.134798] pci 0000:01:00.0: Signaling PME through PCIe PME interrupt
[    2.134809] pcie_pme 0000:00:01.0:pcie001: service driver pcie_pme loaded
[    2.134930] pci 0000:00:02.0: nv_msi_ht_cap_quirk didn't locate host bridge
[    2.135016] pcieport 0000:00:02.0: enabling device (0140 -> 0143)
[    2.135262] pcieport 0000:00:02.0: Signaling PME through PCIe PME interrupt
[    2.135267] pci 0000:02:00.0: Signaling PME through PCIe PME interrupt
[    2.135277] pcie_pme 0000:00:02.0:pcie001: service driver pcie_pme loaded
[    2.135626] r8169 Gigabit Ethernet driver 2.3LK-NAPI loaded
[    2.135649] r8169 0000:02:00.0: enabling device (0140 -> 0143)
[    2.150695] r8169 0000:02:00.0 eth0: RTL8168g/8111g at 0xf0a43000, 00:04:4b:3a:d9:81, XID 0c000800 IRQ 395
[    2.150705] r8169 0000:02:00.0 eth0: jumbo features [frames: 9200 bytes, tx checksumming: ko]
[    2.154239] [drm] Supports vblank timestamp caching Rev 2 (21.10.2013).
[    2.154243] [drm] No driver support for vblank timestamp query.
[    2.154273] drm drm: No connectors reported connected with modes
[    2.154282] [drm] Cannot find any crtc or sizes - going 1024x768
[    2.296987] ata1: SATA link down (SStatus 0 SControl 300)
[    2.298060] mmc1: new high speed SDHC card at address aaaa
[    2.299380] mmcblk1: mmc1:aaaa SD04G 3.69 GiB 
[    2.313439]  mmcblk1: p1 p2 p3
[    2.593940] mmcblk0: mmc0:0001 SEM16G 14.7 GiB 
[    2.595077] mmcblk0boot0: mmc0:0001 SEM16G partition 1 4.00 MiB
[    2.595859] mmcblk0boot1: mmc0:0001 SEM16G partition 2 4.00 MiB
[    2.596652] mmcblk0rpmb: mmc0:0001 SEM16G partition 3 4.00 MiB
[    2.600843] Console: switching to colour frame buffer device 128x48
[    2.601052]  mmcblk0: p1
[    2.639652] drm drm: fb0:  frame buffer device
[    2.663899] [drm] Initialized tegra 0.0.0 20120330 on minor 0
[    2.671419] of: dev_pm_opp_of_cpumask_add_table: couldn't find opp table for cpu:0, -19
[    2.679511] cpufreq: cpufreq_online: CPU0: Running at unlisted freq: 696000 KHz
[    2.686848] cpufreq: cpufreq_online: CPU0: Unlisted initial frequency changed to: 714000 KHz
[    2.696062] input: gpio-keys as /devices/soc0/gpio-keys/input/input0
[    2.703370] as3722-rtc as3722-rtc: setting system clock to 2000-01-01 00:02:08 UTC (946684928)
[    2.716269] +USB0_VBUS_SW: disabling
[    2.719881] +1.8V_RUN_CAM: disabling
[    2.723667] +2.8V_RUN_CAM: disabling
[    2.727385] +1.2V_RUN_CAM_FRONT: disabling
[    2.731615] +1.05V_RUN_CAM_REAR: disabling
[    2.735818] +3.3V_RUN_TOUCH: disabling
[    2.739705] +2.8V_RUN_CAM_AF: disabling
[    2.743644] +1.8V_RUN_VPP_FUSE: disabling
[    2.748838] EXT4-fs (mmcblk0p1): mounting ext3 file system using the ext4 subsystem
[    2.791626] EXT4-fs (mmcblk0p1): recovery complete
[    2.797545] EXT4-fs (mmcblk0p1): mounted filesystem with ordered data mode. Opts: (null)
[    2.805677] VFS: Mounted root (ext3 filesystem) on device 179:17.
[    2.814882] devtmpfs: mounted
[    2.818609] Freeing unused kernel memory: 2048K (c1100000 - c1300000)
bash: cannot set terminal process group (-1): Inappropriate ioctl for device
bash: no job control in this shell
root@(none):/# 