
U-Boot SPL 2014.01-00219-gc4d376f (Feb 18 2014 - 19:57:18)


U-Boot 2014.01-00219-gc4d376f (Feb 18 2014 - 19:57:18)

TEGRA30
Board: NVIDIA Beaver
I2C:   ready
DRAM:  2 GiB
MMC:   Tegra SD/MMC: 0, Tegra SD/MMC: 1
In:    serial
Out:   serial
Err:   serial
Net:   Net Initialization Skipped
No ethernet found.
Hit any key to stop autoboot:  2  0 
Tegra30 (Beaver) # 
Tegra30 (Beaver) # usb reset
(Re)start USB...
USB0:   USB EHCI 1.00
scanning bus 0 for devices... 2 USB Device(s) found
       scanning usb for storage devices... 0 Storage Device(s) found
       scanning usb for ethernet devices... 
Warning: asx0 using MAC address from net device
1 Ethernet Device(s) found
Tegra30 (Beaver) # setenv bootargs 'ignore_loglevel console=ttyS0,115200n8 rw root=/dev/mmcblk0p1 rootwait gpt debug init=/bin/bash noinitrd'
Tegra30 (Beaver) # setenv ipaddr 192.168.100.101; setenv serverip 192.168.100.1; setenv tftpserverip 192.168.100.1
Tegra30 (Beaver) # tftpboot 0x81000000 zImage.multi_v7_defconfig
Using asx0 device
TFTP from server 192.168.100.1; our IP address is 192.168.100.101
Filename 'zImage.multi_v7_defconfig'.
Load address: 0x81000000
Loading: *#################################################################
	 #################################################################
	 #################################################################
	 #################################################################
	 ####################################################
	 3.5 MiB/s
done
Bytes transferred = 4573528 (45c958 hex)
Tegra30 (Beaver) # tftpboot 0x82000000 tegra30-beaver.dtb
Using asx0 device
TFTP from server 192.168.100.1; our IP address is 192.168.100.101
Filename 'tegra30-beaver.dtb'.
Load address: 0x82000000
Loading: *##
	 2.8 MiB/s
done
Bytes transferred = 23852 (5d2c hex)
Tegra30 (Beaver) # bootz 0x81000000 - 0x82000000
Kernel image @ 0x81000000 [ 0x000000 - 0x45c958 ]
## Flattened Device Tree blob at 82000000
   Booting using the fdt blob at 0x82000000
   Loading Device Tree to 8fff7000, end 8ffffd2b ... OK

Starting kernel ...

[    0.000000] Booting Linux on physical CPU 0x0
[    0.000000] Linux version 3.14.0-rc4-next-20140303-06174-gdab765e (pwalmsley@kaivo) (gcc version 4.7.3 20130328 (prerelease) (crosstool-NG linaro-1.13.1-4.7-2013.04-20130415 - Linaro GCC 2013.04) ) #1 SMP Mon Mar 3 02:02:42 PST 2014
[    0.000000] CPU: ARMv7 Processor [412fc099] revision 9 (ARMv7), cr=10c5387d
[    0.000000] CPU: PIPT / VIPT nonaliasing data cache, VIPT aliasing instruction cache
[    0.000000] Machine model: NVIDIA Tegra30 Beaver evaluation board
[    0.000000] debug: ignoring loglevel setting.
[    0.000000] cma: CMA: reserved 16 MiB at ae800000
[    0.000000] Memory policy: Data cache writealloc
[    0.000000] On node 0 totalpages: 524032
[    0.000000] free_area_init_node: node 0, pgdat c0b66800, node_mem_map ed7f1000
[    0.000000]   DMA zone: 1520 pages used for memmap
[    0.000000]   DMA zone: 0 pages reserved
[    0.000000]   DMA zone: 194560 pages, LIFO batch:31
[    0.000000]   HighMem zone: 2574 pages used for memmap
[    0.000000]   HighMem zone: 329472 pages, LIFO batch:31
[    0.000000] fuse_speedo_calib: ATE prog ver 3.3
[    0.000000] Tegra30: CPU Speedo ID 5, Soc Speedo ID 2
[    0.000000] Tegra Revision: A03 SKU: 128 CPU Process: 4 Core Process: 0
[    0.000000] L310 cache controller enabled
[    0.000000] l2x0: 8 ways, CACHE_ID 0x410000c7, AUX_CTRL 0x7e480001, Cache size: 1024 kB
[    0.000000] PERCPU: Embedded 7 pages/cpu @ed7bd000 s8128 r8192 d12352 u32768
[    0.000000] pcpu-alloc: s8128 r8192 d12352 u32768 alloc=8*4096
[    0.000000] pcpu-alloc: [0] 0 [0] 1 [0] 2 [0] 3 
[    0.000000] Built 1 zonelists in Zone order, mobility grouping on.  Total pages: 522512
[    0.000000] Kernel command line: ignore_loglevel console=ttyS0,115200n8 rw root=/dev/mmcblk0p1 rootwait gpt debug init=/bin/bash noinitrd
[    0.000000] PID hash table entries: 4096 (order: 2, 16384 bytes)
[    0.000000] Dentry cache hash table entries: 131072 (order: 7, 524288 bytes)
[    0.000000] Inode-cache hash table entries: 65536 (order: 6, 262144 bytes)
[    0.000000] Memory: 2052400K/2096128K available (5910K kernel code, 769K rwdata, 2388K rodata, 527K init, 288K bss, 43728K reserved, 1317888K highmem)
[    0.000000] Virtual kernel memory layout:
[    0.000000]     vector  : 0xffff0000 - 0xffff1000   (   4 kB)
[    0.000000]     fixmap  : 0xfff00000 - 0xfffe0000   ( 896 kB)
[    0.000000]     vmalloc : 0xf0000000 - 0xff000000   ( 240 MB)
[    0.000000]     lowmem  : 0xc0000000 - 0xef800000   ( 760 MB)
[    0.000000]     pkmap   : 0xbfe00000 - 0xc0000000   (   2 MB)
[    0.000000]     modules : 0xbf000000 - 0xbfe00000   (  14 MB)
[    0.000000]       .text : 0xc0208000 - 0xc0a22abc   (8299 kB)
[    0.000000]       .init : 0xc0a23000 - 0xc0aa6fc0   ( 528 kB)
[    0.000000]       .data : 0xc0aa8000 - 0xc0b684a0   ( 770 kB)
[    0.000000]        .bss : 0xc0b684a8 - 0xc0bb07b8   ( 289 kB)
[    0.000000] SLUB: HWalign=64, Order=0-3, MinObjects=0, CPUs=4, Nodes=1
[    0.000000] Hierarchical RCU implementation.
[    0.000000] NR_IRQS:16 nr_irqs:16 16
[    0.000010] sched_clock: 32 bits at 1000kHz, resolution 1000ns, wraps every 2147483648000ns
[    0.000747] Console: colour dummy device 80x30
[    0.000781] Calibrating delay loop... 2793.47 BogoMIPS (lpj=13967360)
[    0.059937] pid_max: default: 32768 minimum: 301
[    0.060068] Mount-cache hash table entries: 512
[    0.062642] CPU: Testing write buffer coherency: ok
[    0.062923] CPU0: thread -1, cpu 0, socket 0, mpidr 80000000
[    0.062984] Setting up static identity map for 0x80795608 - 0x807956a0
[    0.063118] unable to find compatible sirf rstc node in dtb
[    0.064553] CPU1: Booted secondary processor
[    0.119979] CPU1: thread -1, cpu 1, socket 0, mpidr 80000001
[    0.120851] CPU2: Booted secondary processor
[    0.179979] CPU2: thread -1, cpu 2, socket 0, mpidr 80000002
[    0.180838] CPU3: Booted secondary processor
[    0.239978] CPU3: thread -1, cpu 3, socket 0, mpidr 80000003
[    0.240039] Brought up 4 CPUs
[    0.240055] SMP: Total of 4 processors activated.
[    0.240061] CPU: All CPU(s) started in SVC mode.
[    0.240635] devtmpfs: initialized
[    0.243085] VFP support v0.3: implementor 41 architecture 3 part 30 variant 9 rev 4
[    0.243407] pinctrl core: initialized pinctrl subsystem
[    0.243689] regulator-dummy: no parameters
[    0.244825] NET: Registered protocol family 16
[    0.247784] DMA: preallocated 256 KiB pool for atomic coherent allocations
[    0.248281] cpuidle: using governor ladder
[    0.248288] cpuidle: using governor menu
[    0.255278] No ATAGs?
[    0.257075] Serial: AMBA PL011 UART driver
[    0.262687] edma-dma-engine edma-dma-engine.0: Can't allocate PaRAM dummy slot
[    0.262705] edma-dma-engine: probe of edma-dma-engine.0 failed with error -5
[    0.263017] vdd_5v_in: 5000 mV 
[    0.263091] platform 1.regulator: Driver reg-fixed-voltage requests probe deferral
[    0.263124] platform 2.regulator: Driver reg-fixed-voltage requests probe deferral
[    0.263234] vdd_5v_sata: 5000 mV 
[    0.263259] vdd_5v_sata: supplied by vdd_5v_in
[    0.263386] usb1_vbus: 5000 mV 
[    0.263408] usb1_vbus: supplied by vdd_5v_in
[    0.263543] usb3_vbus: 5000 mV 
[    0.263564] usb3_vbus: supplied by vdd_5v_in
[    0.263634] platform 6.regulator: Driver reg-fixed-voltage requests probe deferral
[    0.263722] sys_3v3_pexs: 3300 mV 
[    0.263751] reg-fixed-voltage 7.regulator: Failed to find supply vin
[    0.263813] reg-fixed-voltage 7.regulator: Failed to register regulator: -517
[    0.263824] platform 7.regulator: Driver reg-fixed-voltage requests probe deferral
[    0.265008] vgaarb: loaded
[    0.265337] SCSI subsystem initialized
[    0.265497] libata version 3.00 loaded.
[    0.265660] usbcore: registered new interface driver usbfs
[    0.265723] usbcore: registered new interface driver hub
[    0.265782] usbcore: registered new device driver usb
[    0.279968] vdd_1v8_gen: 1800 mV 
[    0.280014] vdd_1v8_gen: supplied by vdd_5v_in
[    0.289966] vddio_ddr_1v2: 1200 mV 
[    0.290455] vddio_ddr_1v2: supplied by vdd_5v_in
[    0.299965] vdd_1v5_gen: 1500 mV 
[    0.299998] vdd_1v5_gen: supplied by vdd_5v_in
[    0.309966] vdd_cpu,vdd_sys: 1000 mV 
[    0.312329] vdd_pexa,vdd_pexb: 1050 mV 
[    0.312360] vdd_pexa,vdd_pexb: supplied by vdd_1v5_gen
[    0.315029] vdd_sata,avdd_plle: 1050 mV 
[    0.315057] vdd_sata,avdd_plle: supplied by vdd_1v5_gen
[    0.319965] vdd_rtc: 1200 mV 
[    0.319996] vdd_rtc: supplied by vdd_5v_in
[    0.329965] vddio_sdmmc,avdd_vdac: 3300 mV 
[    0.329997] vddio_sdmmc,avdd_vdac: supplied by vdd_5v_in
[    0.332688] avdd_dsi_csi,pwrdet_mipi: 1200 mV 
[    0.332719] avdd_dsi_csi,pwrdet_mipi: supplied by vdd_1v8_gen
[    0.339966] vdd_pllm,x,u,a_p_c_s: 1200 mV 
[    0.339996] vdd_pllm,x,u,a_p_c_s: supplied by vdd_1v8_gen
[    0.349965] vdd_ddr_hs: 1000 mV 
[    0.349994] vdd_ddr_hs: supplied by vdd_1v8_gen
[    0.351754] tps62361-vout: 500 <--> 1500 mV at 1160 mV 
[    0.351907] Linux video capture interface: v2.00
[    0.351936] pps_core: LinuxPPS API ver. 1 registered
[    0.351940] pps_core: Software ver. 5.3.6 - Copyright 2005-2007 Rodolfo Giometti <giometti@linux.it>
[    0.351963] PTP clock support registered
[    0.351994] EDAC MC: Ver: 3.0.0
[    0.352401] platform 7000f010.iommu: Driver tegra-smmu requests probe deferral
[    0.352507] Advanced Linux Sound Architecture Driver Initialized.
[    0.353144] Switched to clocksource timer_us
[    0.358895] NET: Registered protocol family 2
[    0.359290] TCP established hash table entries: 8192 (order: 3, 32768 bytes)
[    0.359340] TCP bind hash table entries: 8192 (order: 4, 65536 bytes)
[    0.359422] TCP: Hash tables configured (established 8192 bind 8192)
[    0.359491] TCP: reno registered
[    0.359504] UDP hash table entries: 512 (order: 2, 16384 bytes)
[    0.359566] UDP-Lite hash table entries: 512 (order: 2, 16384 bytes)
[    0.359780] NET: Registered protocol family 1
[    0.360053] RPC: Registered named UNIX socket transport module.
[    0.360060] RPC: Registered udp transport module.
[    0.360064] RPC: Registered tcp transport module.
[    0.360067] RPC: Registered tcp NFSv4.1 backchannel transport module.
[    0.360075] PCI: CLS 0 bytes, default 64
[    0.361232] futex hash table entries: 1024 (order: 4, 65536 bytes)
[    0.362186] bounce pool size: 64 pages
[    0.367694] squashfs: version 4.0 (2009/01/31) Phillip Lougher
[    0.368139] NFS: Registering the id_resolver key type
[    0.368185] Key type id_resolver registered
[    0.368189] Key type id_legacy registered
[    0.368225] msgmni has been set to 1466
[    0.368629] Block layer SCSI generic (bsg) driver version 0.4 loaded (major 249)
[    0.368638] io scheduler noop registered
[    0.368642] io scheduler deadline registered
[    0.368756] io scheduler cfq registered (default)
[    0.370211] platform 3000.pcie-controller: Driver tegra-pcie requests probe deferral
[    0.372946] tegra-apbdma 6000a000.dma: Tegra20 APB DMA driver register 32 channels
[    0.406162] Serial: 8250/16550 driver, 4 ports, IRQ sharing disabled
[    0.407149] Serial: IMX driver
[    0.407358] msm_serial: driver initialized
[    0.407888] console [ttyS0] disabled
[    0.407917] 70006000.serial: ttyS0 at MMIO 0x70006000 (irq = 68, base_baud = 25500000) is a Tegra
[    1.229670] console [ttyS0] enabled
[    1.233586] STMicroelectronics ASC driver initialized
[    1.239012] serial: Freescale lpuart driver
[    1.243344] [drm] Initialized drm 1.1.0 20060810
[    1.248705] tegra-hdmi 54280000.hdmi: failed to get VDD regulator
[    1.254814] platform 54280000.hdmi: Driver tegra-hdmi requests probe deferral
[    1.265801] loop: module loaded
[    1.271523] m25p80 spi32766.1: w25q32 (4096 Kbytes)
[    1.277910] pegasus: v0.9.3 (2013/04/25), Pegasus/Pegasus II USB Ethernet driver
[    1.285355] usbcore: registered new interface driver pegasus
[    1.291037] usbcore: registered new interface driver asix
[    1.296460] usbcore: registered new interface driver ax88179_178a
[    1.302559] usbcore: registered new interface driver cdc_ether
[    1.308406] usbcore: registered new interface driver r815x
[    1.313917] usbcore: registered new interface driver smsc75xx
[    1.319693] usbcore: registered new interface driver smsc95xx
[    1.325465] usbcore: registered new interface driver net1080
[    1.331131] usbcore: registered new interface driver cdc_subset
[    1.337067] usbcore: registered new interface driver zaurus
[    1.342677] usbcore: registered new interface driver cdc_ncm
[    1.348350] ehci_hcd: USB 2.0 'Enhanced' Host Controller (EHCI) Driver
[    1.354867] ehci-pci: EHCI PCI platform driver
[    1.359323] ehci-platform: EHCI generic platform driver
[    1.364644] ehci-omap: OMAP-EHCI Host Controller driver
[    1.369913] ehci-orion: EHCI orion driver
[    1.373978] SPEAr-ehci: EHCI SPEAr driver
[    1.378032] tegra-ehci: Tegra EHCI driver
[    1.382160] platform 7d004000.usb: Driver tegra-ehci requests probe deferral
[    1.389242] platform 7d008000.usb: Driver tegra-ehci requests probe deferral
[    1.396555] usbcore: registered new interface driver usb-storage
[    1.402910] platform 7d004000.usb-phy: Driver tegra-phy requests probe deferral
[    1.411904] mousedev: PS/2 mouse device common for all mice
[    1.418471] tegra_rtc 7000e000.rtc: rtc core: registered 7000e000.rtc as rtc1
[    1.425628] tegra_rtc 7000e000.rtc: Tegra internal Real Time Clock
[    1.444502] tps65910-rtc tps65910-rtc: rtc core: registered tps65910-rtc as rtc0
[    1.451969] i2c /dev entries driver
[    1.457791] sdhci: Secure Digital Host Controller Interface driver
[    1.463965] sdhci: Copyright(c) Pierre Ossman
[    1.468635] sdhci-pltfm: SDHCI platform and OF driver helper
[    1.474686] sdhci-tegra 78000000.sdhci: Got CD GPIO #69.
[    1.479996] sdhci-tegra 78000000.sdhci: Got WP GPIO #155.
[    1.486437] mmc0: no vqmmc regulator found
[    1.490522] mmc0: no vmmc regulator found
[    1.494528] mmc0: Invalid maximum block size, assuming 512 bytes
[    1.543151] mmc0: SDHCI controller on 78000000.sdhci [78000000.sdhci] using ADMA
[    1.551592] mmc1: no vqmmc regulator found
[    1.555690] mmc1: no vmmc regulator found
[    1.559686] mmc1: Invalid maximum block size, assuming 512 bytes
[    1.603149] mmc1: SDHCI controller on 78000600.sdhci [78000600.sdhci] using ADMA
[    1.610795] usbcore: registered new interface driver usbhid
[    1.616362] usbhid: USB HID core driver
[    1.741463] mmc1: new high speed MMC card at address 0001
[    1.747166] mmcblk0: mmc1:0001 SEM16G 14.8 GiB 
[    1.751805] mmcblk0boot0: mmc1:0001 SEM16G partition 1 1.00 MiB
[    1.757844] mmcblk0boot1: mmc1:0001 SEM16G partition 2 1.00 MiB
[    1.763910] mmcblk0rpmb: mmc1:0001 SEM16G partition 3 128 KiB
[    1.773555] Primary GPT is invalid, using alternate GPT.
[    1.778868]  mmcblk0: p1 p2 p3 p4 p5
[    1.786363]  mmcblk0boot1: unknown partition table
[    1.793996]  mmcblk0boot0: unknown partition table
[    2.033991] tegra30-i2s 70080400.i2s: DMA channels sourced from device 70080000.ahub
[    2.049097] tegra-snd-rt5640 sound.4: rt5640-aif1 <-> 70080400.i2s mapping ok
[    2.058435] input: NVIDIA Tegra Beaver Headphones as /devices/soc0/sound.4/sound/card0/input0
[    2.067752] TCP: cubic registered
[    2.071061] NET: Registered protocol family 17
[    2.075636] Key type dns_resolver registered
[    2.080231] Registering SWP/SWPB emulation handler
[    2.085344] vdd_sata,avdd_plle: disabling
[    2.089708] usb1_vbus: disabling
[    2.095829] chargepump_5v: 5000 mV 
[    2.103581] vdd_ddr: 1500 mV 
[    2.106574] vdd_ddr: supplied by vdd_5v_in
[    2.114521] sys_3v3,vdd_3v3_alw: 3300 mV 
[    2.118539] sys_3v3,vdd_3v3_alw: supplied by vdd_5v_in
[    2.123851] sys_3v3_pexs: 3300 mV 
[    2.127257] sys_3v3_pexs: supplied by sys_3v3,vdd_3v3_alw
[    2.133106] tegra-pcie 3000.pcie-controller: 2x3 configuration
[    2.143853] tegra-pcie 3000.pcie-controller: probing port 0, using 2 lanes
[    2.204954] tegra-pcie 3000.pcie-controller: probing port 2, using 2 lanes
[    2.615496] tegra-pcie 3000.pcie-controller: link 2 down, retrying
[    3.025344] tegra-pcie 3000.pcie-controller: link 2 down, retrying
[    3.435187] tegra-pcie 3000.pcie-controller: link 2 down, retrying
[    3.443364] tegra-pcie 3000.pcie-controller: link 2 down, ignoring
[    3.449641] tegra-pcie 3000.pcie-controller: PCI host bridge to bus 0000:00
[    3.456617] pci_bus 0000:00: root bus resource [mem 0x20000000-0x27ffffff]
[    3.463486] pci_bus 0000:00: root bus resource [mem 0x28000000-0x3fffffff pref]
[    3.470778] pci_bus 0000:00: root bus resource [bus 00-ff]
[    3.476255] pci_bus 0000:00: root bus resource [io  0x1000-0xffff]
[    3.482443] pci 0000:00:01.0: [10de:0e1c] type 01 class 0x060400
[    3.488493] pci 0000:00:01.0: PME# supported from D0 D1 D2 D3hot D3cold
[    3.495241] PCI: bus0: Fast back to back transfers disabled
[    3.500801] pci 0000:00:01.0: bridge configuration invalid ([bus 00-00]), reconfiguring
[    3.508895] pci 0000:01:00.0: [10ec:8168] type 00 class 0x020000
[    3.514907] pci 0000:01:00.0: reg 0x10: [io  0x0000-0x00ff]
[    3.520476] pci 0000:01:00.0: reg 0x18: [mem 0x00000000-0x00000fff 64bit pref]
[    3.527695] pci 0000:01:00.0: reg 0x20: [mem 0x00000000-0x00003fff 64bit pref]
[    3.534950] pci 0000:01:00.0: supports D1 D2
[    3.539207] pci 0000:01:00.0: PME# supported from D0 D1 D2 D3hot D3cold
[    3.545932] PCI: bus1: Fast back to back transfers disabled
[    3.551493] pci_bus 0000:01: busn_res: [bus 01-ff] end is updated to 01
[    3.558130] pci 0000:00:01.0: BAR 9: assigned [mem 0x28000000-0x280fffff 64bit pref]
[    3.565865] pci 0000:00:01.0: BAR 7: assigned [io  0x1000-0x1fff]
[    3.571957] pci 0000:01:00.0: BAR 4: assigned [mem 0x28000000-0x28003fff 64bit pref]
[    3.579700] pci 0000:01:00.0: BAR 2: assigned [mem 0x28004000-0x28004fff 64bit pref]
[    3.587438] pci 0000:01:00.0: BAR 0: assigned [io  0x1000-0x10ff]
[    3.593526] pci 0000:00:01.0: PCI bridge to [bus 01]
[    3.598478] pci 0000:00:01.0:   bridge window [io  0x1000-0x1fff]
[    3.604564] pci 0000:00:01.0:   bridge window [mem 0x28000000-0x280fffff 64bit pref]
[    3.612301] pci 0000:00:01.0: nv_msi_ht_cap_quirk didn't locate host bridge
[    3.619405] r8169 Gigabit Ethernet driver 2.3LK-NAPI loaded
[    3.625016] r8169 0000:01:00.0: enabling device (0140 -> 0143)
[    3.631370] r8169 0000:01:00.0 eth0: RTL8168evl/8111evl at 0xf002e000, 02:04:4b:01:60:a6, XID 0c900800 IRQ 472
[    3.641363] r8169 0000:01:00.0 eth0: jumbo features [frames: 9200 bytes, tx checksumming: ko]
[    3.652381] [drm] Supports vblank timestamp caching Rev 2 (21.10.2013).
[    3.658991] [drm] No driver support for vblank timestamp query.
[    3.664934] host1x drm: No connectors reported connected with modes
[    3.671200] [drm] Cannot find any crtc or sizes - going 1024x768
[    3.691798] Console: switching to colour frame buffer device 128x48
[    3.704093] host1x drm: fb0:  frame buffer device
[    3.708785] host1x drm: registered panic notifier
[    3.713491] [drm] Initialized tegra 0.0.0 20120330 on minor 0
[    3.719671] platform 7d004000.usb: Driver tegra-ehci requests probe deferral
[    3.729589] tegra-ehci 7d008000.usb: EHCI Host Controller
[    3.734998] tegra-ehci 7d008000.usb: new USB bus registered, assigned bus number 1
[    3.742800] tegra-ehci 7d008000.usb: irq 129, io mem 0x7d008000
[    3.763152] tegra-ehci 7d008000.usb: USB 2.0 started, EHCI 1.00
[    3.769503] hub 1-0:1.0: USB hub found
[    3.773279] hub 1-0:1.0: 1 port detected
[    3.777848] tegra-ehci 7d004000.usb: EHCI Host Controller
[    3.783257] tegra-ehci 7d004000.usb: new USB bus registered, assigned bus number 2
[    3.790979] tegra-ehci 7d004000.usb: irq 53, io mem 0x7d004000
[    3.813538] tegra-ehci 7d004000.usb: USB 2.0 started, EHCI 1.00
[    3.819831] hub 2-0:1.0: USB hub found
[    3.823603] hub 2-0:1.0: 1 port detected
[    3.831385] tps65910-rtc tps65910-rtc: setting system clock to 2000-01-01 00:00:02 UTC (946684802)
[    3.840340] spear_cpufreq: Invalid cpufreq_tbl
[    3.848567] ALSA device list:
[    3.851712]   #0: NVIDIA Tegra Beaver
[    3.858113] EXT4-fs (mmcblk0p1): mounting ext3 file system using the ext4 subsystem
[    3.882011] EXT4-fs (mmcblk0p1): warning: mounting fs with errors, running e2fsck is recommended
[    3.892319] EXT4-fs (mmcblk0p1): recovery complete
[    3.897118] EXT4-fs (mmcblk0p1): mounted filesystem with ordered data mode. Opts: (null)
[    3.905223] VFS: Mounted root (ext3 filesystem) on device 179:1.
[    3.929830] devtmpfs: mounted
[    3.933271] Freeing unused kernel memory: 524K (c0a23000 - c0aa6000)
[    4.093192] usb 1-1: new high-speed USB device number 2 using tegra-ehci
bash: cannot set terminal process group (-1): Inappropriate ioctl for device
bash: no job control in this shell
root@(none):/# [    4.577435] asix 1-1:1.0 eth1: register 'asix' at usb-7d008000.usb-1, ASIX AX88772 USB 2.0 Ethernet, 00:50:b6:0f:68:6d
