
U-Boot SPL 2014.07-00097-g772e173 (Jul 25 2014 - 20:02:52)


U-Boot 2014.07-00097-g772e173 (Jul 25 2014 - 20:02:52)

TEGRA124
Board: NVIDIA Jetson TK1
I2C:   ready
DRAM:  2 GiB
MMC:   Tegra SD/MMC: 0, Tegra SD/MMC: 1
In:    serial
Out:   serial
Err:   serial
Net:   Net Initialization Skipped
No ethernet found.
Hit any key to stop autoboot:  2  0 
Tegra124 (Jetson TK1) # 
Tegra124 (Jetson TK1) # usb reset
(Re)start USB...
USB0:   USB EHCI 1.10
scanning bus 0 for devices... 1 USB Device(s) found
USB1:   USB EHCI 1.10
scanning bus 1 for devices... 2 USB Device(s) found
       scanning usb for storage devices... 0 Storage Device(s) found
       scanning usb for ethernet devices... 
Warning: asx0 using MAC address from net device
1 Ethernet Device(s) found
Tegra124 (Jetson TK1) # setenv bootargs 'ignore_loglevel console=ttyS0,115200n8 rw root=/dev/mmcblk0p1 rootwait gpt debug noinitrd earlyprintk init=/bin/bash'
Tegra124 (Jetson TK1) # setenv ipaddr 192.168.100.102; setenv serverip 192.168.100.1; setenv tftpserverip 192.168.100.1
Tegra124 (Jetson TK1) # tftpboot 0x82000000 zImage.multi_v7_defconfig
Waiting for Ethernet connection... done.
Using asx0 device
TFTP from server 192.168.100.1; our IP address is 192.168.100.102
Filename 'zImage.multi_v7_defconfig'.
Load address: 0x82000000
Loading: *EHCI timed out on TD - token=0x8008d80
T EHCI timed out on TD - token=0x8008d80
T EHCI timed out on TD - token=0x8008d80
T EHCI timed out on TD - token=0x8008d80
T EHCI timed out on TD - token=0x8008d80
T EHCI timed out on TD - token=0x8008d80

Abort
Tegra124 (Jetson TK1) # 
Tegra124 (Jetson TK1) # reset
resetting ...

U-Boot SPL 2014.07-00097-g772e173 (Jul 25 2014 - 20:02:52)


U-Boot 2014.07-00097-g772e173 (Jul 25 2014 - 20:02:52)

TEGRA124
Board: NVIDIA Jetson TK1
I2C:   ready
DRAM:  2 GiB
MMC:   Tegra SD/MMC: 0, Tegra SD/MMC: 1
In:    serial
Out:   serial
Err:   serial
Net:   Net Initialization Skipped
No ethernet found.
Hit any key to stop autoboot:  2  0 
Tegra124 (Jetson TK1) # 
Tegra124 (Jetson TK1) # usb reset
(Re)start USB...
USB0:   USB EHCI 1.10
scanning bus 0 for devices... 1 USB Device(s) found
USB1:   USB EHCI 1.10
scanning bus 1 for devices... 2 USB Device(s) found
       scanning usb for storage devices... 0 Storage Device(s) found
       scanning usb for ethernet devices... 
Warning: asx0 using MAC address from net device
1 Ethernet Device(s) found
Tegra124 (Jetson TK1) # setenv bootargs 'ignore_loglevel console=ttyS0,115200n8 rw root=/dev/mmcblk0p1 rootwait gpt debug noinitrd earlyprintk init=/bin/bash'
Tegra124 (Jetson TK1) # setenv ipaddr 192.168.100.102; setenv serverip 192.168.100.1; setenv tftpserverip 192.168.100.1
Tegra124 (Jetson TK1) # tftpboot 0x82000000 zImage.multi_v7_defconfig
Using asx0 device
TFTP from server 192.168.100.1; our IP address is 192.168.100.102
Filename 'zImage.multi_v7_defconfig'.
Load address: 0x82000000
Loading: *#################################################################
	 #################################################################
	 #################################################################
	 #################################################################
	 #################################################################
	 #################################################################
	 #################################################################
	 #################
	 3.2 MiB/s
done
Bytes transferred = 6921768 (699e28 hex)
Tegra124 (Jetson TK1) # tftpboot 0x83000000 tegra124-jetson-tk1.dtb
Using asx0 device
TFTP from server 192.168.100.1; our IP address is 192.168.100.102
Filename 'tegra124-jetson-tk1.dtb'.
Load address: 0x83000000
Loading: *#####
	 3.2 MiB/s
done
Bytes transferred = 64236 (faec hex)
Tegra124 (Jetson TK1) # bootz 0x82000000 - 0x83000000
Kernel image @ 0x82000000 [ 0x000000 - 0x699e28 ]
## Flattened Device Tree blob at 83000000
   Booting using the fdt blob at 0x83000000
   Using Device Tree in place at 83000000, end 83012aeb

Starting kernel ...

[    0.000000] Booting Linux on physical CPU 0x0
[    0.000000] Linux version 4.5.0-rc6-next-20160307-79434-g078dd3b (pwalmsley@sellafield) (gcc version 4.7.3 20130328 (prerelease) (crosstool-NG linaro-1.13.1-4.7-2013.04-20130415 - Linaro GCC 2013.04) ) #1 SMP Mon Mar 7 01:22:24 PST 2016
[    0.000000] CPU: ARMv7 Processor [413fc0f3] revision 3 (ARMv7), cr=10c5387d
[    0.000000] CPU: div instructions available: patching division code
[    0.000000] CPU: PIPT / VIPT nonaliasing data cache, PIPT instruction cache
[    0.000000] Machine model: NVIDIA Tegra124 Jetson TK1
[    0.000000] debug: ignoring loglevel setting.
[    0.000000] cma: Reserved 64 MiB at 0xfb800000
[    0.000000] Memory policy: Data cache writealloc
[    0.000000] On node 0 totalpages: 524032
[    0.000000] free_area_init_node: node 0, pgdat c141ba40, node_mem_map eeff8000
[    0.000000]   DMA zone: 1536 pages used for memmap
[    0.000000]   DMA zone: 0 pages reserved
[    0.000000]   DMA zone: 196608 pages, LIFO batch:31
[    0.000000]   HighMem zone: 327424 pages, LIFO batch:31
[    0.000000] PERCPU: Embedded 13 pages/cpu @eef8b000 s23744 r8192 d21312 u53248
[    0.000000] pcpu-alloc: s23744 r8192 d21312 u53248 alloc=13*4096
[    0.000000] pcpu-alloc: [0] 0 [0] 1 [0] 2 [0] 3 
[    0.000000] Built 1 zonelists in Zone order, mobility grouping on.  Total pages: 522496
[    0.000000] Kernel command line: ignore_loglevel console=ttyS0,115200n8 rw root=/dev/mmcblk0p1 rootwait gpt debug noinitrd earlyprintk init=/bin/bash
[    0.000000] PID hash table entries: 4096 (order: 2, 16384 bytes)
[    0.000000] Dentry cache hash table entries: 131072 (order: 7, 524288 bytes)
[    0.000000] Inode-cache hash table entries: 65536 (order: 6, 262144 bytes)
[    0.000000] Memory: 1995008K/2096128K available (9522K kernel code, 1142K rwdata, 4128K rodata, 2048K init, 342K bss, 35584K reserved, 65536K cma-reserved, 1244160K highmem)
[    0.000000] Virtual kernel memory layout:
[    0.000000]     vector  : 0xffff0000 - 0xffff1000   (   4 kB)
[    0.000000]     fixmap  : 0xffc00000 - 0xfff00000   (3072 kB)
[    0.000000]     vmalloc : 0xf0800000 - 0xff800000   ( 240 MB)
[    0.000000]     lowmem  : 0xc0000000 - 0xf0000000   ( 768 MB)
[    0.000000]     pkmap   : 0xbfe00000 - 0xc0000000   (   2 MB)
[    0.000000]     modules : 0xbf000000 - 0xbfe00000   (  14 MB)
[    0.000000]       .text : 0xc0208000 - 0xc1054824   (14643 kB)
[    0.000000]       .init : 0xc1100000 - 0xc1300000   (2048 kB)
[    0.000000]       .data : 0xc1300000 - 0xc141da80   (1143 kB)
[    0.000000]        .bss : 0xc141f000 - 0xc14748e0   ( 343 kB)
[    0.000000] SLUB: HWalign=64, Order=0-3, MinObjects=0, CPUs=4, Nodes=1
[    0.000000] Hierarchical RCU implementation.
[    0.000000] 	Build-time adjustment of leaf fanout to 32.
[    0.000000] 	RCU restricting CPUs from NR_CPUS=16 to nr_cpu_ids=4.
[    0.000000] RCU: Adjusting geometry for rcu_fanout_leaf=32, nr_cpu_ids=4
[    0.000000] NR_IRQS:16 nr_irqs:16 16
[    0.000000] /interrupt-controller@60004000: 160 interrupts forwarded to /interrupt-controller@0,50041000
[    0.000000] Tegra clk 127: register failed with -17
[    0.000008] sched_clock: 32 bits at 1000kHz, resolution 1000ns, wraps every 2147483647500ns
[    0.000030] clocksource: timer_us: mask: 0xffffffff max_cycles: 0xffffffff, max_idle_ns: 1911260446275 ns
[    0.000044] Switching to timer-based delay loop, resolution 1000ns
[    0.004811] Architected cp15 timer(s) running at 12.00MHz (virt).
[    0.004829] clocksource: arch_sys_counter: mask: 0xffffffffffffff max_cycles: 0x2c47f4ee7, max_idle_ns: 440795202497 ns
[    0.004846] sched_clock: 56 bits at 12MHz, resolution 83ns, wraps every 4398046511096ns
[    0.004859] Switching to timer-based delay loop, resolution 83ns
[    0.005329] Console: colour dummy device 80x30
[    0.005355] Calibrating delay loop (skipped), value calculated using timer frequency.. 24.00 BogoMIPS (lpj=60000)
[    0.005369] pid_max: default: 32768 minimum: 301
[    0.005461] Mount-cache hash table entries: 2048 (order: 1, 8192 bytes)
[    0.005473] Mountpoint-cache hash table entries: 2048 (order: 1, 8192 bytes)
[    0.006066] CPU: Testing write buffer coherency: ok
[    0.006283] /cpus/cpu@0 missing clock-frequency property
[    0.006322] /cpus/cpu@1 missing clock-frequency property
[    0.006359] /cpus/cpu@2 missing clock-frequency property
[    0.006397] /cpus/cpu@3 missing clock-frequency property
[    0.006409] CPU0: thread -1, cpu 0, socket 0, mpidr 80000000
[    0.006450] Setting up static identity map for 0x80300000 - 0x80300098
[    0.009437] Tegra Revision: A01 SKU: 129 CPU Process: 1 SoC Process: 1
[    0.010852] CPU1: thread -1, cpu 1, socket 0, mpidr 80000001
[    0.015015] CPU2: thread -1, cpu 2, socket 0, mpidr 80000002
[    0.020012] CPU3: thread -1, cpu 3, socket 0, mpidr 80000003
[    0.024529] Brought up 4 CPUs
[    0.024548] SMP: Total of 4 processors activated (96.00 BogoMIPS).
[    0.024555] CPU: All CPU(s) started in SVC mode.
[    0.026025] devtmpfs: initialized
[    0.043876] VFP support v0.3: implementor 41 architecture 4 part 30 variant f rev 0
[    0.044644] clocksource: jiffies: mask: 0xffffffff max_cycles: 0xffffffff, max_idle_ns: 9556302231375000 ns
[    0.046195] pinctrl core: initialized pinctrl subsystem
[    0.048009] NET: Registered protocol family 16
[    0.050114] DMA: preallocated 256 KiB pool for atomic coherent allocations
[    0.064660] cpuidle: using governor menu
[    0.082744] No ATAGs?
[    0.082781] hw-breakpoint: found 5 (+1 reserved) breakpoint and 4 watchpoint registers.
[    0.082791] hw-breakpoint: maximum watchpoint size is 8 bytes.
[    0.088899] Serial: AMBA PL011 UART driver
[    0.120907] +USB0_VBUS_SW: Failed to request enable GPIO108: -517
[    0.120924] reg-fixed-voltage regulators:regulator@7: Failed to register regulator: -517
[    0.121014] +5V_USB_HS: Failed to request enable GPIO109: -517
[    0.121027] reg-fixed-voltage regulators:regulator@8: Failed to register regulator: -517
[    0.121196] +1.05V_RUN_AVDD_HDMI_PLL: Failed to request enable GPIO63: -517
[    0.121209] reg-fixed-voltage regulators:regulator@11: Failed to register regulator: -517
[    0.121296] +5V_HDMI_CON: Failed to request enable GPIO86: -517
[    0.121308] reg-fixed-voltage regulators:regulator@12: Failed to register regulator: -517
[    0.121397] +5V_SATA: Failed to request enable GPIO242: -517
[    0.121409] reg-fixed-voltage regulators:regulator@13: Failed to register regulator: -517
[    0.121495] +12V_SATA: Failed to request enable GPIO242: -517
[    0.121508] reg-fixed-voltage regulators:regulator@14: Failed to register regulator: -517
[    0.125098] vgaarb: loaded
[    0.126172] SCSI subsystem initialized
[    0.126349] libata version 3.00 loaded.
[    0.126649] usbcore: registered new interface driver usbfs
[    0.126715] usbcore: registered new interface driver hub
[    0.126791] usbcore: registered new device driver usb
[    0.130596] pps_core: LinuxPPS API ver. 1 registered
[    0.130605] pps_core: Software ver. 5.3.6 - Copyright 2005-2007 Rodolfo Giometti <giometti@linux.it>
[    0.130637] PTP clock support registered
[    0.130874] EDAC MC: Ver: 3.0.0
[    0.134234] clocksource: Switched to clocksource arch_sys_counter
[    0.145736] NET: Registered protocol family 2
[    0.146253] TCP established hash table entries: 8192 (order: 3, 32768 bytes)
[    0.146352] TCP bind hash table entries: 8192 (order: 4, 65536 bytes)
[    0.146538] TCP: Hash tables configured (established 8192 bind 8192)
[    0.146587] UDP hash table entries: 512 (order: 2, 16384 bytes)
[    0.146628] UDP-Lite hash table entries: 512 (order: 2, 16384 bytes)
[    0.146794] NET: Registered protocol family 1
[    0.147041] RPC: Registered named UNIX socket transport module.
[    0.147050] RPC: Registered udp transport module.
[    0.147057] RPC: Registered tcp transport module.
[    0.147064] RPC: Registered tcp NFSv4.1 backchannel transport module.
[    0.147085] PCI: CLS 0 bytes, default 64
[    0.148123] hw perfevents: enabled with armv7_cortex_a15 PMU driver, 7 counters available
[    0.149802] futex hash table entries: 1024 (order: 4, 65536 bytes)
[    0.150631] workingset: timestamp_bits=28 max_order=19 bucket_order=0
[    0.162172] squashfs: version 4.0 (2009/01/31) Phillip Lougher
[    0.163054] NFS: Registering the id_resolver key type
[    0.163091] Key type id_resolver registered
[    0.163099] Key type id_legacy registered
[    0.163174] ntfs: driver 2.1.32 [Flags: R/O].
[    0.164600] bounce: pool size: 64 pages
[    0.164817] Block layer SCSI generic (bsg) driver version 0.4 loaded (major 248)
[    0.164836] io scheduler noop registered
[    0.164852] io scheduler deadline registered
[    0.164891] io scheduler cfq registered (default)
[    0.185661] tegra-pcie 1003000.pcie-controller: 2x1, 1x1 configuration
[    0.185713] tegra-pcie 1003000.pcie-controller: Failed to get supply 'avddio-pex': -517
[    0.193396] tegra-apbdma 60020000.dma: Tegra20 APB DMA driver register 32 channels
[    0.195349] tegra-pmc 7000e400.pmc: emergency thermal reset enabled
[    0.258147] Serial: 8250/16550 driver, 4 ports, IRQ sharing disabled
[    0.261210] console [ttyS0] disabled
[    0.261245] 70006300.serial: ttyS0 at MMIO 0x70006300 (irq = 333, base_baud = 25500000) is a Tegra
[    1.083043] console [ttyS0] enabled
[    1.087451] SuperH (H)SCI(F) driver initialized
[    1.093067] msm_serial: driver initialized
[    1.097393] STMicroelectronics ASC driver initialized
[    1.103384] 70006000.serial: ttyTHS1 at MMIO 0x70006000 (irq = 331, base_baud = 0) is a TEGRA_UART
[    1.112694] 70006040.serial: ttyTHS2 at MMIO 0x70006040 (irq = 332, base_baud = 0) is a TEGRA_UART
[    1.123686] [drm] Initialized drm 1.1.0 20060810
[    1.131401] tegra-hdmi 54280000.hdmi: failed to get HDMI regulator
[    1.150861] brd: module loaded
[    1.159973] loop: module loaded
[    1.163662] at24 0-0056: 256 byte 24c02 EEPROM, writable, 8 bytes/write
[    1.171992] as3722 4-0040: AS3722 with revision 0x1 found
[    1.195602] +5V_SYS: supplied by +VDD_MUX
[    1.199668] +1.05V_RUN: supplied by +5V_SYS
[    1.203968] tegra-ahci 70027000.sata: Failed to get supply 'hvdd': -517
[    1.210640] tegra-ahci 70027000.sata: Failed to get regulators
[    1.222539] m25p80 spi32765.0: w25q32dw (4096 Kbytes)
[    1.231094] libphy: Fixed MDIO Bus: probed
[    1.235931] CAN device driver interface
[    1.241959] igb: Intel(R) Gigabit Ethernet Network Driver - version 5.3.0-k
[    1.248926] igb: Copyright (c) 2007-2014 Intel Corporation.
[    1.258085] pegasus: v0.9.3 (2013/04/25), Pegasus/Pegasus II USB Ethernet driver
[    1.265543] usbcore: registered new interface driver pegasus
[    1.271277] usbcore: registered new interface driver asix
[    1.276736] usbcore: registered new interface driver ax88179_178a
[    1.282888] usbcore: registered new interface driver cdc_ether
[    1.288799] usbcore: registered new interface driver smsc75xx
[    1.294628] usbcore: registered new interface driver smsc95xx
[    1.300433] usbcore: registered new interface driver net1080
[    1.306151] usbcore: registered new interface driver cdc_subset
[    1.312128] usbcore: registered new interface driver zaurus
[    1.317794] usbcore: registered new interface driver cdc_ncm
[    1.323706] tegra-phy 7d004000.usb-phy: no vbus regulator
[    1.331168] ehci_hcd: USB 2.0 'Enhanced' Host Controller (EHCI) Driver
[    1.337714] ehci-pci: EHCI PCI platform driver
[    1.342219] ehci-platform: EHCI generic platform driver
[    1.347688] ehci-omap: OMAP-EHCI Host Controller driver
[    1.353077] ehci-orion: EHCI orion driver
[    1.357252] SPEAr-ehci: EHCI SPEAr driver
[    1.361434] ehci-st: EHCI STMicroelectronics driver
[    1.366483] ehci-exynos: EHCI EXYNOS driver
[    1.370859] ehci-atmel: EHCI Atmel driver
[    1.375039] tegra-ehci: Tegra EHCI driver
[    1.379374] tegra-ehci 7d004000.usb: EHCI Host Controller
[    1.384804] tegra-ehci 7d004000.usb: new USB bus registered, assigned bus number 1
[    1.392550] tegra-ehci 7d004000.usb: irq 350, io mem 0x7d004000
[    1.404255] tegra-ehci 7d004000.usb: USB 2.0 started, EHCI 1.10
[    1.411029] hub 1-0:1.0: USB hub found
[    1.414827] hub 1-0:1.0: 1 port detected
[    1.419363] ohci_hcd: USB 1.1 'Open' Host Controller (OHCI) Driver
[    1.425566] ohci-pci: OHCI PCI platform driver
[    1.430084] ohci-platform: OHCI generic platform driver
[    1.435510] ohci-omap3: OHCI OMAP3 driver
[    1.439689] SPEAr-ohci: OHCI SPEAr driver
[    1.443854] ohci-st: OHCI STMicroelectronics driver
[    1.448902] ohci-atmel: OHCI Atmel driver
[    1.453785] usbcore: registered new interface driver usb-storage
[    1.461652] mousedev: PS/2 mouse device common for all mice
[    1.470920] as3722-rtc as3722-rtc: rtc core: registered as3722-rtc as rtc0
[    1.477808] as3722-rtc as3722-rtc: RTC interrupt 373
[    1.486233] tegra_rtc 7000e000.rtc: rtc core: registered 7000e000.rtc as rtc1
[    1.493418] tegra_rtc 7000e000.rtc: Tegra internal Real Time Clock
[    1.500224] i2c /dev entries driver
[    1.510406] 0-004c supply vcc not found, using dummy regulator
[    1.524658] sdhci: Secure Digital Host Controller Interface driver
[    1.530851] sdhci: Copyright(c) Pierre Ossman
[    1.536980] Synopsys Designware Multimedia Card Interface Driver
[    1.544265] sdhci-pltfm: SDHCI platform and OF driver helper
[    1.550753] sdhci-tegra 700b0400.sdhci: Got CD GPIO
[    1.555661] sdhci-tegra 700b0400.sdhci: Got WP GPIO
[    1.560599] mmc0: Unknown controller version (3). You may experience problems.
[    1.568203] mmc0: Unknown controller version (3). You may experience problems.
[    1.575556] mmc0: Invalid maximum block size, assuming 512 bytes
[    1.614255] mmc0: SDHCI controller on 700b0600.sdhci [700b0600.sdhci] using ADMA 64-bit
[    1.624198] ledtrig-cpu: registered to indicate activity on CPUs
[    1.630764] usbcore: registered new interface driver usbhid
[    1.636346] usbhid: USB HID core driver
[    1.649590] NET: Registered protocol family 10
[    1.654754] sit: IPv6 over IPv4 tunneling driver
[    1.660037] NET: Registered protocol family 17
[    1.664514] can: controller area network core (rev 20120528 abi 9)
[    1.670767] NET: Registered protocol family 29
[    1.675233] can: raw protocol (rev 20120528)
[    1.679521] can: broadcast manager protocol (rev 20120528 t)
[    1.685201] can: netlink gateway (rev 20130117) max_hops=1
[    1.691088] Key type dns_resolver registered
[    1.696009] ThumbEE CPU extension supported.
[    1.700311] Registering SWP/SWPB emulation handler
[    1.719034] tegra-pcie 1003000.pcie-controller: 2x1, 1x1 configuration
[    1.726016] +3.3V_SYS: supplied by +VDD_MUX
[    1.730348] +3.3V_LP0: supplied by +3.3V_SYS
[    1.735005] +1.35V_LP0(sd2): supplied by +5V_SYS
[    1.739723] +1.05V_RUN_AVDD: supplied by +1.35V_LP0(sd2)
[    1.747119] tegra-pcie 1003000.pcie-controller: probing port 0, using 2 lanes
[    1.756412] tegra-pcie 1003000.pcie-controller: Slot present pin change, signature: 00000008
[    1.783468] mmc0: new HS200 MMC card at address 0001
[    1.789350] mmcblk0: mmc0:0001 SEM16G 14.7 GiB 
[    1.794563] mmcblk0boot0: mmc0:0001 SEM16G partition 1 4.00 MiB
[    1.801136] mmcblk0boot1: mmc0:0001 SEM16G partition 2 4.00 MiB
[    1.807765] mmcblk0rpmb: mmc0:0001 SEM16G partition 3 4.00 MiB
[    1.816091] Primary GPT is invalid, using alternate GPT.
[    1.821470]  mmcblk0: p1 p2 p3 p4 p5 p6 p7 p8 p9
[    2.184831] tegra-pcie 1003000.pcie-controller: link 0 down, retrying
[    2.614722] tegra-pcie 1003000.pcie-controller: link 0 down, retrying
[    3.044667] tegra-pcie 1003000.pcie-controller: link 0 down, retrying
[    3.053256] tegra-pcie 1003000.pcie-controller: link 0 down, ignoring
[    3.059751] tegra-pcie 1003000.pcie-controller: probing port 1, using 1 lanes
[    3.069010] tegra-pcie 1003000.pcie-controller: Slot present pin change, signature: 00000000
[    3.497732] tegra-pcie 1003000.pcie-controller: link 1 down, retrying
[    3.927638] tegra-pcie 1003000.pcie-controller: link 1 down, retrying
[    4.357367] tegra-pcie 1003000.pcie-controller: link 1 down, retrying
[    4.365960] tegra-pcie 1003000.pcie-controller: link 1 down, ignoring
[    4.372653] tegra-pcie 1003000.pcie-controller: PCI host bridge to bus 0000:00
[    4.379887] pci_bus 0000:00: root bus resource [mem 0x13000000-0x1fffffff]
[    4.386769] pci_bus 0000:00: root bus resource [mem 0x20000000-0x3fffffff pref]
[    4.394082] pci_bus 0000:00: root bus resource [bus 00-ff]
[    4.399574] pci_bus 0000:00: root bus resource [io  0x1000-0xffff]
[    4.405784] PCI: bus0: Fast back to back transfers enabled
[    4.412233] +5V_HDMI_CON: supplied by +5V_SYS
[    4.416730] +1.05V_RUN_AVDD_HDMI_PLL: supplied by +1.05V_RUN
[    4.422549] +3.3V_RUN: supplied by +3.3V_SYS
[    4.426869] +3.3V_AVDD_HDMI_AP_GATED: supplied by +3.3V_RUN
[    4.435102] [drm] Supports vblank timestamp caching Rev 2 (21.10.2013).
[    4.441775] [drm] No driver support for vblank timestamp query.
[    4.545926] tegra-hdmi 54280000.hdmi: cannot set audio to 44100 at 297000000 pclk
[    4.696334] Console: switching to colour frame buffer device 512x135
[    4.790491] drm drm: fb0:  frame buffer device
[    4.809359] [drm] Initialized tegra 0.0.0 20120330 on minor 0
[    4.816545] +5V_SATA: supplied by +5V_SYS
[    4.820793] +12V_SATA: supplied by +VDD_MUX
[    4.825408] tegra-ahci 70027000.sata: AHCI 0001.0301 32 slots 2 ports 3 Gbps 0x1 impl platform mode
[    4.834496] tegra-ahci 70027000.sata: flags: 64bit ncq sntf pm led pio slum part sadm sds apst 
[    4.845780] scsi host0: tegra-ahci
[    4.850491] scsi host1: tegra-ahci
[    4.854281] ata1: SATA max UDMA/133 mmio [mem 0x70027000-0x70028fff] port 0x100 irq 343
[    4.862290] ata2: DUMMY
[    4.866358] +5V_USB_HS: supplied by +5V_SYS
[    4.872163] tegra-ehci 7d008000.usb: EHCI Host Controller
[    4.877597] tegra-ehci 7d008000.usb: new USB bus registered, assigned bus number 2
[    4.885403] tegra-ehci 7d008000.usb: irq 351, io mem 0x7d008000
[    4.899355] tegra-ehci 7d008000.usb: USB 2.0 started, EHCI 1.10
[    4.906471] hub 2-0:1.0: USB hub found
[    4.910326] hub 2-0:1.0: 1 port detected
[    4.916081] cpu: dev_pm_opp_of_cpumask_add_table: couldn't find opp table for cpu:0, -19
[    4.924286] cpu cpu0: dev_pm_opp_get_max_volt_latency: Invalid regulator (-6)
[    4.931530] cpufreq: cpufreq_online: CPU0: Running at unlisted freq: 696000 KHz
[    4.938906] cpufreq: cpufreq_online: CPU0: Unlisted initial frequency changed to: 714000 KHz
[    4.948836] sdhci-tegra 700b0400.sdhci: Got CD GPIO
[    4.953799] sdhci-tegra 700b0400.sdhci: Got WP GPIO
[    4.958796] mmc1: Unknown controller version (3). You may experience problems.
[    4.966258] +VDDIO_SDMMC3: supplied by +3.3V_RUN
[    4.970989] mmc1: Invalid maximum block size, assuming 512 bytes
[    5.009521] mmc1: SDHCI controller on 700b0400.sdhci [700b0400.sdhci] using ADMA 64-bit
[    5.019321] input: gpio-keys as /devices/soc0/gpio-keys/input/input0
[    5.026535] as3722-rtc as3722-rtc: setting system clock to 2000-01-01 00:00:57 UTC (946684857)
[    5.038934] +1.8V_RUN_CAM: disabling
[    5.042722] +2.8V_RUN_CAM: disabling
[    5.046404] +1.2V_RUN_CAM_FRONT: disabling
[    5.050767] +1.05V_RUN_CAM_REAR: disabling
[    5.054973] +3.3V_RUN_TOUCH: disabling
[    5.058807] +2.8V_RUN_CAM_AF: disabling
[    5.062732] +1.8V_RUN_VPP_FUSE: disabling
[    5.066832] +USB0_VBUS_SW: disabling
[    5.176844] ata1: SATA link down (SStatus 0 SControl 300)
[    5.182836] EXT4-fs (mmcblk0p1): couldn't mount as ext3 due to feature incompatibilities
[    5.191428] EXT4-fs (mmcblk0p1): couldn't mount as ext2 due to feature incompatibilities
[    5.206675] EXT4-fs (mmcblk0p1): warning: mounting fs with errors, running e2fsck is recommended
[    5.217523] EXT4-fs (mmcblk0p1): recovery complete
[    5.222352] EXT4-fs (mmcblk0p1): mounted filesystem with ordered data mode. Opts: (null)
[    5.224327] usb 2-1: new high-speed USB device number 2 using tegra-ehci
[    5.237263] VFS: Mounted root (ext4 filesystem) on device 179:1.
[    5.247341] devtmpfs: mounted
[    5.250977] Freeing unused kernel memory: 2048K (c1100000 - c1300000)
bash: cannot set terminal process group (-1): Inappropriate ioctl for device
bash: no job control in this shell
root@(none):/# [    6.187884] asix 2-1:1.0 eth0: register 'asix' at usb-7d008000.usb-1, ASIX AX88772 USB 2.0 Ethernet, 00:50:b6:11:31:3b
mount -t sysfs none /sys
root@(none):/# 
root@(none):/# mount -t debugfs none /sys/kernel/debug
root@(none):/# 
root@(none):/# rtcwake -d rtc1 -m mem -s 3
rtcwake: assuming RTC uses UTC ...
rtcwake: wakeup from "mem" using /dev/rtc1 at Thu Jan  1 00:00:24 1970
[    8.465321] PM: Syncing filesystems ... done.
[    8.730192] Freezing user space processes ... (elapsed 0.001 seconds) done.
[    8.738737] Freezing remaining freezable tasks ... (elapsed 0.000 seconds) done.
[    8.747053] Suspending console(s) (use no_console_suspend to debug)
[    8.830636] PM: suspend of devices complete after 76.729 msecs
[    8.832192] PM: late suspend of devices complete after 1.547 msecs
[    8.833067] PM: noirq suspend of devices complete after 0.870 msecs
[    8.833069] Disabling non-boot CPUs ...
[    8.833495] CPU1: shutdown
[    8.845359] CPU2: shutdown
[    8.870232] CPU3: shutdown
[    8.884693] Entering suspend state LP1
[    8.884707] Enabling non-boot CPUs ...
[    8.909887] CPU1 is up
[    8.934936] CPU2 is up
[    8.960054] CPU3 is up
[    8.960612] PM: noirq resume of devices complete after 0.553 msecs
[    8.961821] PM: early resume of devices complete after 0.892 msecs
[    8.964600] tegra-hdmi 54280000.hdmi: cannot set audio to 44100 at 297000000 pclk
[    9.090845] PM: resume of devices complete after 129.015 msecs
[    9.161991] Restarting tasks ... done.
root@(none):/# 
root@(none):/# [    9.351861] ata1: SATA link down (SStatus 0 SControl 300)
rtcwake -d rtc1 -m mem -s 3
rtcwake: assuming RTC uses UTC ...
rtcwake: wakeup from "mem" using /dev/rtc1 at Thu Jan  1 00:00:28 1970
[    9.781449] PM: Syncing filesystems ... done.
[    9.874473] Freezing user space processes ... (elapsed 0.001 seconds) done.
[    9.882728] Freezing remaining freezable tasks ... (elapsed 0.001 seconds) done.
[    9.891527] Suspending console(s) (use no_console_suspend to debug)
[    9.985912] PM: suspend of devices complete after 87.061 msecs
[    9.988401] PM: late suspend of devices complete after 2.476 msecs
[    9.990090] PM: noirq suspend of devices complete after 1.680 msecs
[    9.990093] Disabling non-boot CPUs ...
[    9.990737] CPU1: shutdown
[   10.015979] IRQ16 no longer affine to CPU2
[   10.016327] CPU2: shutdown
[   10.041013] CPU3: shutdown
[   10.055108] Entering suspend state LP1
[   10.055123] Enabling non-boot CPUs ...
[   10.079921] CPU1 is up
[   10.104987] CPU2 is up
[   10.130115] CPU3 is up
[   10.130698] PM: noirq resume of devices complete after 0.578 msecs
[   10.132233] PM: early resume of devices complete after 1.218 msecs
[   10.134729] tegra-hdmi 54280000.hdmi: cannot set audio to 44100 at 297000000 pclk
[   10.265968] PM: resume of devices complete after 133.725 msecs
[   10.341230] Restarting tasks ... done.
root@(none):/# 
root@(none):/# [   10.526818] ata1: SATA link down (SStatus 0 SControl 300)
rtcwake -d rtc1 -m mem -s 3
rtcwake: assuming RTC uses UTC ...
rtcwake: wakeup from "mem" using /dev/rtc1 at Thu Jan  1 00:00:32 1970
[   10.958789] PM: Syncing filesystems ... done.
[   11.050278] Freezing user space processes ... (elapsed 0.001 seconds) done.
[   11.058556] Freezing remaining freezable tasks ... (elapsed 0.001 seconds) done.
[   11.067297] Suspending console(s) (use no_console_suspend to debug)
[   11.155697] PM: suspend of devices complete after 81.158 msecs
[   11.158073] PM: late suspend of devices complete after 2.363 msecs
[   11.159544] PM: noirq suspend of devices complete after 1.464 msecs
[   11.159547] Disabling non-boot CPUs ...
[   11.160151] CPU1: shutdown
[   11.186087] CPU2: shutdown
[   11.210816] CPU3: shutdown
[   11.224997] Entering suspend state LP1
[   11.225012] Enabling non-boot CPUs ...
[   11.249911] CPU1 is up
[   11.274968] CPU2 is up
[   11.300091] CPU3 is up
[   11.300664] PM: noirq resume of devices complete after 0.568 msecs
[   11.302034] PM: early resume of devices complete after 1.042 msecs
[   11.304301] tegra-hdmi 54280000.hdmi: cannot set audio to 44100 at 297000000 pclk
[   11.435952] PM: resume of devices complete after 133.909 msecs
[   11.507128] Restarting tasks ... done.
root@(none):/# 
root@(none):/# [   11.691794] ata1: SATA link down (SStatus 0 SControl 300)
rtcwake -d rtc1 -m mem -s 3
rtcwake: assuming RTC uses UTC ...
rtcwake: wakeup from "mem" using /dev/rtc1 at Thu Jan  1 00:00:36 1970
[   12.184501] PM: Syncing filesystems ... done.
[   12.448499] Freezing user space processes ... (elapsed 0.001 seconds) done.
[   12.457004] Freezing remaining freezable tasks ... (elapsed 0.001 seconds) done.
[   12.465685] Suspending console(s) (use no_console_suspend to debug)
[   12.535812] PM: suspend of devices complete after 63.240 msecs
[   12.537539] PM: late suspend of devices complete after 1.718 msecs
[   12.538465] PM: noirq suspend of devices complete after 0.921 msecs
[   12.538467] Disabling non-boot CPUs ...
[   12.538684] IRQ16 no longer affine to CPU1
[   12.538875] CPU1: shutdown
[   12.550400] CPU2: shutdown
[   12.575233] CPU3: shutdown
[   12.589670] Entering suspend state LP1
[   12.589684] Enabling non-boot CPUs ...
[   12.614874] CPU1 is up
[   12.639944] CPU2 is up
[   12.665064] CPU3 is up
[   12.665676] PM: noirq resume of devices complete after 0.606 msecs
[   12.667286] PM: early resume of devices complete after 1.286 msecs
[   12.669843] tegra-hdmi 54280000.hdmi: cannot set audio to 44100 at 297000000 pclk
[   12.800909] PM: resume of devices complete after 133.613 msecs
[   12.876166] Restarting tasks ... done.
root@(none):/# 
root@(none):/# [   13.061765] ata1: SATA link down (SStatus 0 SControl 300)
rtcwake -d rtc1 -m mem -s 3
rtcwake: assuming RTC uses UTC ...
rtcwake: wakeup from "mem" using /dev/rtc1 at Thu Jan  1 00:00:40 1970
[   13.542435] PM: Syncing filesystems ... done.
[   13.807130] Freezing user space processes ... (elapsed 0.001 seconds) done.
[   13.815667] Freezing remaining freezable tasks ... (elapsed 0.001 seconds) done.
[   13.824316] Suspending console(s) (use no_console_suspend to debug)
[   13.900758] PM: suspend of devices complete after 69.573 msecs
[   13.902591] PM: late suspend of devices complete after 1.824 msecs
[   13.903495] PM: noirq suspend of devices complete after 0.898 msecs
[   13.903496] Disabling non-boot CPUs ...
[   13.903887] CPU1: shutdown
[   13.915107] IRQ16 no longer affine to CPU2
[   13.915339] CPU2: shutdown
[   13.930179] CPU3: shutdown
[   13.944639] Entering suspend state LP1
[   13.944653] Enabling non-boot CPUs ...
[   13.969832] CPU1 is up
[   13.994886] CPU2 is up
[   14.020004] CPU3 is up
[   14.020605] PM: noirq resume of devices complete after 0.596 msecs
[   14.021969] PM: early resume of devices complete after 1.054 msecs
[   14.024838] tegra-hdmi 54280000.hdmi: cannot set audio to 44100 at 297000000 pclk
[   14.155777] PM: resume of devices complete after 133.798 msecs
[   14.231010] Restarting tasks ... done.
root@(none):/# 
root@(none):/# [   14.411746] ata1: SATA link down (SStatus 0 SControl 300)
NVTB SYSTEM SUSPEND TEST COMPLETE
