
U-Boot SPL 2016.05-rc2 (Apr 21 2016 - 16:23:00)
Trying to boot from RAM


U-Boot 2016.05-rc2 (Apr 21 2016 - 16:23:00 -0700)

TEGRA124
Model: NVIDIA Jetson TK1
Board: NVIDIA Jetson TK1
DRAM:  2 GiB
MC:   Tegra SD/MMC: 0, Tegra SD/MMC: 1
In:    serial
Out:   serial
Err:   serial
Net:   No ethernet found.
Hit any key to stop autoboot:  2  0 
Tegra124 (Jetson TK1) # 
Tegra124 (Jetson TK1) # pci enum
Tegra124 (Jetson TK1) # setenv bootargs 'ignore_loglevel console=ttyS0,115200n8 rw root=PARTUUID=b1791faa-84e8-4e27-83a1-9fb0a77e8803 rootwait gpt debug noinitrd earlyprintk init=/bin/bash'
Tegra124 (Jetson TK1) # setenv ipaddr 192.168.100.102; setenv serverip 192.168.100.1; setenv tftpserverip 192.168.100.1
Tegra124 (Jetson TK1) # tftpboot 0x82000000 zImage.tegra_defconfig

Warning: eth_rtl8169 using MAC address from ROM
Using eth_rtl8169 device
TFTP from server 192.168.100.1; our IP address is 192.168.100.102
Filename 'zImage.tegra_defconfig'.
Load address: 0x82000000
Loading: *#################################################################
	 #################################################################
	 #################################################################
	 #################################################################
	 #################################################################
	 #################################################################
	 #################################
	 4 MiB/s
done
Bytes transferred = 6204416 (5eac00 hex)
Tegra124 (Jetson TK1) # tftpboot 0x83000000 tegra124-jetson-tk1.dtb
Using eth_rtl8169 device
TFTP from server 192.168.100.1; our IP address is 192.168.100.102
Filename 'tegra124-jetson-tk1.dtb'.
Load address: 0x83000000
Loading: *#####
	 3.7 MiB/s
done
Bytes transferred = 66544 (103f0 hex)
Tegra124 (Jetson TK1) # bootz 0x82000000 - 0x83000000
Kernel image @ 0x82000000 [ 0x000000 - 0x5eac00 ]
## Flattened Device Tree blob at 83000000
   Booting using the fdt blob at 0x83000000
   Using Device Tree in place at 83000000, end 830133ef

Starting kernel ...

[    0.000000] Booting Linux on physical CPU 0x0
[    0.000000] Linux version 4.15.0-rc2-next-20171208-18116-gad4dac1 (jonathanh@kaivo) (gcc version 4.7.3 20130328 (prerelease) (crosstool-NG linaro-1.13.1-4.7-2013.04-20130415 - Linaro GCC 2013.04)) #1 SMP PREEMPT Fri Dec 8 08:45:47 PST 2017
[    0.000000] CPU: ARMv7 Processor [413fc0f3] revision 3 (ARMv7), cr=10c5387d
[    0.000000] CPU: div instructions available: patching division code
[    0.000000] CPU: PIPT / VIPT nonaliasing data cache, PIPT instruction cache
[    0.000000] OF: fdt: Machine model: NVIDIA Tegra124 Jetson TK1
[    0.000000] debug: ignoring loglevel setting.
[    0.000000] bootconsole [earlycon0] enabled
[    0.000000] Memory policy: Data cache writealloc
[    0.000000] cma: Reserved 64 MiB at 0xfbc00000
[    0.000000] On node 0 totalpages: 524032
[    0.000000]   Normal zone: 1536 pages used for memmap
[    0.000000]   Normal zone: 0 pages reserved
[    0.000000]   Normal zone: 196608 pages, LIFO batch:31
[    0.000000]   HighMem zone: 327424 pages, LIFO batch:31
[    0.000000] random: fast init done
[    0.000000] percpu: Embedded 17 pages/cpu @(ptrval) s39104 r8192 d22336 u69632
[    0.000000] pcpu-alloc: s39104 r8192 d22336 u69632 alloc=17*4096
[    0.000000] pcpu-alloc: [0] 0 [0] 1 [0] 2 [0] 3 
[    0.000000] Built 1 zonelists, mobility grouping on.  Total pages: 522496
[    0.000000] Kernel command line: ignore_loglevel console=ttyS0,115200n8 rw root=PARTUUID=b1791faa-84e8-4e27-83a1-9fb0a77e8803 rootwait gpt debug noinitrd earlyprintk init=/bin/bash
[    0.000000] Dentry cache hash table entries: 131072 (order: 7, 524288 bytes)
[    0.000000] Inode-cache hash table entries: 65536 (order: 6, 262144 bytes)
[    0.000000] Memory: 1998492K/2096128K available (9216K kernel code, 777K rwdata, 2564K rodata, 1024K init, 298K bss, 32100K reserved, 65536K cma-reserved, 1244160K highmem)
[    0.000000] Virtual kernel memory layout:
[    0.000000]     vector  : 0xffff0000 - 0xffff1000   (   4 kB)
[    0.000000]     fixmap  : 0xffc00000 - 0xfff00000   (3072 kB)
[    0.000000]     vmalloc : 0xf0800000 - 0xff800000   ( 240 MB)
[    0.000000]     lowmem  : 0xc0000000 - 0xf0000000   ( 768 MB)
[    0.000000]     pkmap   : 0xbfe00000 - 0xc0000000   (   2 MB)
[    0.000000]     modules : 0xbf000000 - 0xbfe00000   (  14 MB)
[    0.000000]       .text : 0x(ptrval) - 0x(ptrval)   (10208 kB)
[    0.000000]       .init : 0x(ptrval) - 0x(ptrval)   (1024 kB)
[    0.000000]       .data : 0x(ptrval) - 0x(ptrval)   ( 778 kB)
[    0.000000]        .bss : 0x(ptrval) - 0x(ptrval)   ( 299 kB)
[    0.000000] Preemptible hierarchical RCU implementation.
[    0.000000] 	Tasks RCU enabled.
[    0.000000] NR_IRQS: 16, nr_irqs: 16, preallocated irqs: 16
[    0.000000] /interrupt-controller@60004000: 160 interrupts forwarded to /interrupt-controller@50041000
[    0.000000] Tegra clk 127: register failed with -17
[    0.000009] sched_clock: 32 bits at 1000kHz, resolution 1000ns, wraps every 2147483647500ns
[    0.007477] clocksource: timer_us: mask: 0xffffffff max_cycles: 0xffffffff, max_idle_ns: 1911260446275 ns
[    0.017007] Switching to timer-based delay loop, resolution 1000ns
[    0.024201] arch_timer: cp15 timer(s) running at 12.00MHz (virt).
[    0.029231] clocksource: arch_sys_counter: mask: 0xffffffffffffff max_cycles: 0x2c47f4ee7, max_idle_ns: 440795202497 ns
[    0.039978] sched_clock: 56 bits at 12MHz, resolution 83ns, wraps every 4398046511096ns
[    0.047946] Switching to timer-based delay loop, resolution 83ns
[    0.054412] Console: colour dummy device 80x30
[    0.058361] Calibrating delay loop (skipped), value calculated using timer frequency.. 24.00 BogoMIPS (lpj=120000)
[    0.068670] pid_max: default: 32768 minimum: 301
[    0.073747] Mount-cache hash table entries: 2048 (order: 1, 8192 bytes)
[    0.079855] Mountpoint-cache hash table entries: 2048 (order: 1, 8192 bytes)
[    0.087702] CPU: Testing write buffer coherency: ok
[    0.092023] /cpus/cpu@0 missing clock-frequency property
[    0.097029] /cpus/cpu@1 missing clock-frequency property
[    0.102337] /cpus/cpu@2 missing clock-frequency property
[    0.107602] /cpus/cpu@3 missing clock-frequency property
[    0.112874] CPU0: thread -1, cpu 0, socket 0, mpidr 80000000
[    0.152990] Setting up static identity map for 0x80100000 - 0x801000a0
[    0.157747] Hierarchical SRCU implementation.
[    0.173505] Tegra Revision: A01 SKU: 129 CPU Process: 1 SoC Process: 1
[    0.193012] smp: Bringing up secondary CPUs ...
[    0.243566] CPU1: thread -1, cpu 1, socket 0, mpidr 80000001
[    0.323679] CPU2: thread -1, cpu 2, socket 0, mpidr 80000002
[    0.403795] CPU3: thread -1, cpu 3, socket 0, mpidr 80000003
[    0.413445] smp: Brought up 1 node, 4 CPUs
[    0.432533] SMP: Total of 4 processors activated (96.00 BogoMIPS).
[    0.438701] CPU: All CPU(s) started in SVC mode.
[    0.445127] devtmpfs: initialized
[    0.464981] VFP support v0.3: implementor 41 architecture 4 part 30 variant f rev 0
[    0.471102] clocksource: jiffies: mask: 0xffffffff max_cycles: 0xffffffff, max_idle_ns: 19112604462750000 ns
[    0.480536] futex hash table entries: 1024 (order: 4, 65536 bytes)
[    0.488025] pinctrl core: initialized pinctrl subsystem
[    0.493076] NET: Registered protocol family 16
[    0.497766] DMA: preallocated 256 KiB pool for atomic coherent allocations
[    0.504435] cpuidle: using governor menu
[    0.529680] No ATAGs?
[    0.529812] hw-breakpoint: found 5 (+1 reserved) breakpoint and 4 watchpoint registers.
[    0.538172] hw-breakpoint: maximum watchpoint size is 8 bytes.
[    0.545836] iommu: Adding device reg-dummy to group 0
[    0.549048] iommu: Adding device 1003000.pcie to group 1
[    0.554345] iommu: Adding device 50000000.host1x to group 2
[    0.559904] iommu: Adding device 54200000.dc to group 3
[    0.565085] iommu: Adding device 54240000.dc to group 4
[    0.570271] iommu: Adding device 54280000.hdmi to group 5
[    0.575659] iommu: Adding device 57000000.gpu to group 6
[    0.580931] iommu: Adding device 60005000.timer to group 7
[    0.586364] iommu: Adding device 60007000.flow-controller to group 8
[    0.592714] iommu: Adding device 6000c800.actmon to group 9
[    0.598240] iommu: Adding device 6000d000.gpio to group 10
[    0.603715] iommu: Adding device 60020000.dma to group 11
[    0.609076] iommu: Adding device 70000800.apbmisc to group 12
[    0.614809] iommu: Adding device 70000868.pinmux to group 13
[    0.620438] iommu: Adding device 70006000.serial to group 14
[    0.626077] iommu: Adding device 70006040.serial to group 15
[    0.631691] iommu: Adding device 70006300.serial to group 16
[    0.637344] iommu: Adding device 7000c000.i2c to group 17
[    0.642698] iommu: Adding device 7000c400.i2c to group 18
[    0.648088] iommu: Adding device 7000c500.i2c to group 19
[    0.653452] iommu: Adding device 7000c700.i2c to group 20
[    0.658843] iommu: Adding device 7000d000.i2c to group 21
[    0.664193] iommu: Adding device 7000d400.spi to group 22
[    0.669583] iommu: Adding device 7000da00.spi to group 23
[    0.674941] iommu: Adding device 7000e000.rtc to group 24
[    0.680331] iommu: Adding device 7000e400.pmc to group 25
[    0.685684] iommu: Adding device 7000f800.fuse to group 26
[    0.691162] iommu: Adding device 70019000.memory-controller to group 27
[    0.697733] iommu: Adding device 7001b000.emc to group 28
[    0.703128] iommu: Adding device 70027000.sata to group 29
[    0.708566] iommu: Adding device 70030000.hda to group 30
[    0.713965] iommu: Adding device 70090000.usb to group 31
[    0.719313] iommu: Adding device 7009f000.padctl to group 32
[    0.724972] iommu: Adding device 700b0400.sdhci to group 33
[    0.730492] iommu: Adding device 700b0600.sdhci to group 34
[    0.736055] iommu: Adding device 70015000.cec to group 35
[    0.741425] iommu: Adding device 700e2000.thermal-sensor to group 36
[    0.747759] iommu: Adding device 70110000.clock to group 37
[    0.753285] iommu: Adding device 70300000.ahub to group 38
[    0.758763] iommu: Adding device 7d000000.usb to group 39
[    0.764119] iommu: Adding device 7d000000.usb-phy to group 40
[    0.769862] iommu: Adding device 7d004000.usb to group 41
[    0.775213] iommu: Adding device 7d004000.usb-phy to group 42
[    0.780953] iommu: Adding device 7d008000.usb to group 43
[    0.786306] iommu: Adding device 7d008000.usb-phy to group 44
[    0.792041] iommu: Adding device pmu to group 45
[    0.796619] iommu: Adding device timer to group 46
[    0.801385] iommu: Adding device clocks to group 47
[    0.806254] iommu: Adding device gpio-keys to group 48
[    0.811354] iommu: Adding device regulators to group 49
[    0.816578] iommu: Adding device regulators:regulator@0 to group 50
[    0.822792] iommu: Adding device regulators:regulator@1 to group 51
[    0.829057] iommu: Adding device regulators:regulator@2 to group 52
[    0.835273] iommu: Adding device regulators:regulator@3 to group 53
[    0.841529] iommu: Adding device regulators:regulator@4 to group 54
[    0.847753] iommu: Adding device regulators:regulator@7 to group 55
[    0.854008] iommu: Adding device regulators:regulator@8 to group 56
[    0.860240] iommu: Adding device regulators:regulator@10 to group 57
[    0.866575] iommu: Adding device regulators:regulator@11 to group 58
[    0.872885] iommu: Adding device regulators:regulator@12 to group 59
[    0.879228] iommu: Adding device regulators:regulator@13 to group 60
[    0.885539] iommu: Adding device regulators:regulator@14 to group 61
[    0.891881] iommu: Adding device sound to group 62
[    0.923221] +5V_SYS: supplied by +VDD_MUX
[    0.925706] +3.3V_SYS: supplied by +VDD_MUX
[    0.930273] +USB0_VBUS_SW: Failed to request enable GPIO108: -517
[    0.935606] reg-fixed-voltage regulators:regulator@7: Failed to register regulator: -517
[    0.943716] +5V_USB_HS: Failed to request enable GPIO109: -517
[    0.949441] reg-fixed-voltage regulators:regulator@8: Failed to register regulator: -517
[    0.957672] +1.05V_RUN_AVDD_HDMI_PLL: Failed to request enable GPIO63: -517
[    0.964434] reg-fixed-voltage regulators:regulator@11: Failed to register regulator: -517
[    0.972658] +5V_HDMI_CON: Failed to request enable GPIO86: -517
[    0.978470] reg-fixed-voltage regulators:regulator@12: Failed to register regulator: -517
[    0.986696] +5V_SATA: Failed to request enable GPIO242: -517
[    0.992250] reg-fixed-voltage regulators:regulator@13: Failed to register regulator: -517
[    1.000475] +12V_SATA: Failed to request enable GPIO242: -517
[    1.006117] reg-fixed-voltage regulators:regulator@14: Failed to register regulator: -517
[    1.015554] vgaarb: loaded
[    1.017708] SCSI subsystem initialized
[    1.020908] libata version 3.00 loaded.
[    1.024790] usbcore: registered new interface driver usbfs
[    1.030023] usbcore: registered new interface driver hub
[    1.035315] usbcore: registered new device driver usb
[    1.043506] Linux video capture interface: v2.00
[    1.046286] pps_core: LinuxPPS API ver. 1 registered
[    1.051170] pps_core: Software ver. 5.3.6 - Copyright 2005-2007 Rodolfo Giometti <giometti@linux.it>
[    1.060290] PTP clock support registered
[    1.065588] Advanced Linux Sound Architecture Driver Initialized.
[    1.070873] Bluetooth: Core ver 2.22
[    1.073822] NET: Registered protocol family 31
[    1.078210] Bluetooth: HCI device and connection manager initialized
[    1.084525] Bluetooth: HCI socket layer initialized
[    1.089391] Bluetooth: L2CAP socket layer initialized
[    1.094432] Bluetooth: SCO socket layer initialized
[    1.109722] clocksource: Switched to clocksource arch_sys_counter
[    1.205456] NET: Registered protocol family 2
[    1.208880] tcp_listen_portaddr_hash hash table entries: 512 (order: 0, 6144 bytes)
[    1.215635] TCP established hash table entries: 8192 (order: 3, 32768 bytes)
[    1.222667] TCP bind hash table entries: 8192 (order: 4, 65536 bytes)
[    1.229142] TCP: Hash tables configured (established 8192 bind 8192)
[    1.235801] UDP hash table entries: 512 (order: 2, 16384 bytes)
[    1.241250] UDP-Lite hash table entries: 512 (order: 2, 16384 bytes)
[    1.247833] NET: Registered protocol family 1
[    1.252561] RPC: Registered named UNIX socket transport module.
[    1.257737] RPC: Registered udp transport module.
[    1.262492] RPC: Registered tcp transport module.
[    1.267098] RPC: Registered tcp NFSv4.1 backchannel transport module.
[    1.273979] iommu: Adding device regulatory.0 to group 63
[    1.289125] PCI: CLS 0 bytes, default 64
[    1.292969] hw perfevents: enabled with armv7_cortex_a15 PMU driver, 7 counters available
[    1.299976] iommu: Adding device alarmtimer to group 64
[    1.305594] Initialise system trusted keyrings
[    1.309085] workingset: timestamp_bits=30 max_order=19 bucket_order=0
[    1.316714] squashfs: version 4.0 (2009/01/31) Phillip Lougher
[    1.331942] NFS: Registering the id_resolver key type
[    1.335101] Key type id_resolver registered
[    1.339241] Key type id_legacy registered
[    1.348196] Key type asymmetric registered
[    1.350408] Asymmetric key parser 'x509' registered
[    1.355367] bounce: pool size: 64 pages
[    1.359111] io scheduler noop registered (default)
[    1.363834] io scheduler mq-deadline registered
[    1.368321] io scheduler kyber registered
[    1.374143]  usb2-0: usb2-0 supply vbus not found, using dummy regulator
[    1.379104]  usb2-1: usb2-1 supply vbus not found, using dummy regulator
[    1.386303] tegra-xusb-padctl 7009f000.padctl: failed to setup XUSB ports: -517
[    1.401987] tegra-pcie 1003000.pcie: 2x1, 1x1 configuration
[    1.405690] tegra-pcie 1003000.pcie: Failed to get supply 'avddio-pex': -517
[    1.415655] tegra124-dfll 70110000.clock: couldn't get vdd_cpu regulator
[    1.426299] tegra-apbdma 60020000.dma: Tegra20 APB DMA driver register 32 channels
[    1.433285] tegra-pmc 7000e400.pmc: emergency thermal reset enabled
[    1.438797] Serial: 8250/16550 driver, 4 ports, IRQ sharing disabled
[    1.444668] iommu: Adding device serial8250 to group 65
[    1.451542] console [ttyS0] disabled
[    1.453316] 70006300.serial: ttyS0 at MMIO 0x70006300 (irq = 335, base_baud = 25500000) is a Tegra
[    1.462628] console [ttyS0] enabled
[    1.462628] console [ttyS0] enabled
[    1.468445] bootconsole [earlycon0] disabled
[    1.468445] bootconsole [earlycon0] disabled
[    1.477827] 70006000.serial: ttyTHS1 at MMIO 0x70006000 (irq = 333, base_baud = 0) is a TEGRA_UART
[    1.488876] 70006040.serial: ttyTHS2 at MMIO 0x70006040 (irq = 334, base_baud = 0) is a TEGRA_UART
[    1.517482] tegra-hdmi 54280000.hdmi: failed to get HDMI regulator
[    1.537043] loop: module loaded
[    1.541635] at24 0-0056: 256 byte 24c02 EEPROM, writable, 8 bytes/write
[    1.549070] as3722 4-0040: AS3722 with revision 0x1 found
[    1.556685] iommu: Adding device as3722-pinctrl to group 66
[    1.563985] iommu: Adding device as3722-regulator to group 67
[    1.572694] as3722-sd2: supplied by +5V_SYS
[    1.577374] as3722-sd3: supplied by +5V_SYS
[    1.581811] +1.35V_LP0(sd3): Bringing 0uV into 1350000-1350000uV
[    1.588169] as3722-sd4: supplied by +5V_SYS
[    1.592877] as3722-sd5: supplied by +5V_SYS
[    1.598955] as3722-ldo0: supplied by +1.35V_LP0(sd2)
[    1.605100] +1.8V_RUN_CAM: Bringing 0uV into 1800000-1800000uV
[    1.611361] as3722-ldo2: supplied by +1.8V_VDDIO
[    1.617295] as3722-ldo3: supplied by +3.3V_SYS
[    1.621827] +1.05V_LP0_VDD_RTC: Bringing 1100000uV into 1000000-1000000uV
[    1.629633] as3722-ldo4: supplied by +3.3V_SYS
[    1.634332] +2.8V_RUN_CAM: Bringing 0uV into 2800000-2800000uV
[    1.640592] as3722-ldo5: supplied by +1.8V_VDDIO
[    1.645451] +1.2V_RUN_CAM_FRONT: Bringing 0uV into 1200000-1200000uV
[    1.652437] +VDDIO_SDMMC3: bypassed regulator has no supply!
[    1.658090] +VDDIO_SDMMC3: failed to get the current voltage(-517)
[    1.664291] as3722-regulator as3722-regulator: regulator 13 register failed -517
[    1.674485] iommu: Adding device as3722-rtc to group 68
[    1.679892] iommu: Adding device as3722-adc to group 69
[    1.685259] iommu: Adding device as3722-power-off to group 70
[    1.691173] iommu: Adding device as3722-wdt to group 71
[    1.697135] tegra-ahci 70027000.sata: couldn't get PHY in node sata: -517
[    1.715690] m25p80 spi1.0: w25q32dw (4096 Kbytes)
[    1.722418] iommu: Adding device Fixed MDIO bus.0 to group 72
[    1.728341] libphy: Fixed MDIO Bus: probed
[    1.732470] CAN device driver interface
[    1.736353] igb: Intel(R) Gigabit Ethernet Network Driver - version 5.4.0-k
[    1.743325] igb: Copyright (c) 2007-2014 Intel Corporation.
[    1.749030] pegasus: v0.9.3 (2013/04/25), Pegasus/Pegasus II USB Ethernet driver
[    1.756507] usbcore: registered new interface driver pegasus
[    1.762264] usbcore: registered new interface driver asix
[    1.767706] usbcore: registered new interface driver ax88179_178a
[    1.773869] usbcore: registered new interface driver cdc_ether
[    1.779798] usbcore: registered new interface driver smsc75xx
[    1.785602] usbcore: registered new interface driver smsc95xx
[    1.791416] usbcore: registered new interface driver net1080
[    1.797117] usbcore: registered new interface driver cdc_subset
[    1.803105] usbcore: registered new interface driver zaurus
[    1.808747] usbcore: registered new interface driver cdc_ncm
[    1.814667] tegra-phy 7d000000.usb-phy: no vbus regulator
[    1.820315] tegra-phy 7d004000.usb-phy: no vbus regulator
[    1.826006] ehci_hcd: USB 2.0 'Enhanced' Host Controller (EHCI) Driver
[    1.832547] ehci-pci: EHCI PCI platform driver
[    1.837044] tegra-ehci: Tegra EHCI driver
[    1.843908] tegra-ehci 7d004000.usb: EHCI Host Controller
[    1.849325] tegra-ehci 7d004000.usb: new USB bus registered, assigned bus number 1
[    1.857159] tegra-ehci 7d004000.usb: irq 356, io mem 0x7d004000
[    1.889750] tegra-ehci 7d004000.usb: USB 2.0 started, EHCI 1.10
[    1.896564] hub 1-0:1.0: USB hub found
[    1.900375] hub 1-0:1.0: 1 port detected
[    1.905536] usbcore: registered new interface driver cdc_acm
[    1.911210] cdc_acm: USB Abstract Control Model driver for USB modems and ISDN adapters
[    1.919260] usbcore: registered new interface driver cdc_wdm
[    1.925018] usbcore: registered new interface driver usb-storage
[    1.932658] iommu: Adding device ci_hdrc.0 to group 73
[    1.944604] as3722-rtc as3722-rtc: rtc core: registered as3722-rtc as rtc0
[    1.951503] as3722-rtc as3722-rtc: RTC interrupt 379
[    1.959316] tegra_rtc 7000e000.rtc: rtc core: registered 7000e000.rtc as rtc1
[    1.966518] tegra_rtc 7000e000.rtc: Tegra internal Real Time Clock
[    1.973057] i2c /dev entries driver
[    1.977796] usbcore: registered new interface driver uvcvideo
[    1.983558] USB Video Class driver (1.1.1)
[    1.987648] gspca_main: v2.14.0 registered
[    1.992401] lm90 0-004c: 0-004c supply vcc not found, using dummy regulator
[    2.002666] tegra-wdt 60005000.timer: initialized (heartbeat = 120 sec, nowayout = 0)
[    2.011163] iommu: Adding device cpufreq-tegra124 to group 74
[    2.017463] sdhci: Secure Digital Host Controller Interface driver
[    2.023657] sdhci: Copyright(c) Pierre Ossman
[    2.028008] sdhci-pltfm: SDHCI platform and OF driver helper
[    2.034000] sdhci-tegra 700b0400.sdhci: Got CD GPIO
[    2.038890] sdhci-tegra 700b0400.sdhci: Got WP GPIO
[    2.060192] mmc0: Unknown controller version (3). You may experience problems.
[    2.067449] mmc0: Invalid maximum block size, assuming 512 bytes
[    2.104591] mmc0: SDHCI controller on 700b0600.sdhci [700b0600.sdhci] using ADMA
[    2.112984] usbcore: registered new interface driver usbhid
[    2.118592] usbhid: USB HID core driver
[    2.124827] iommu: Adding device snd-soc-dummy to group 75
[    2.167813] mmc0: new high speed MMC card at address 0001
[    2.178490] mmcblk0: mmc0:0001 SEM16G 14.7 GiB 
[    2.188128] mmcblk0boot0: mmc0:0001 SEM16G partition 1 4.00 MiB
[    2.199203] mmcblk0boot1: mmc0:0001 SEM16G partition 2 4.00 MiB
[    2.205384] mmcblk0rpmb: mmc0:0001 SEM16G partition 3 4.00 MiB, chardev (247:0)
[    2.214507]  mmcblk0: p1
[    2.570265] iommu: Adding device 70301100.i2s to group 76
[    2.576556] tegra30-i2s 70301100.i2s: DMA channels sourced from device 70300000.ahub
[    2.596924] tegra-snd-rt5640 sound: rt5640-aif1 <-> 70301100.i2s mapping ok
[    2.607757] input: NVIDIA Tegra Jetson TK1 Headphones as /devices/soc0/sound/sound/card1/input0
[    2.618980] NET: Registered protocol family 10
[    2.624868] Segment Routing with IPv6
[    2.628710] mip6: Mobile IPv6
[    2.631702] sit: IPv6, IPv4 and MPLS over IPv4 tunneling driver
[    2.639101] NET: Registered protocol family 17
[    2.643621] NET: Registered protocol family 15
[    2.648073] can: controller area network core (rev 20170425 abi 9)
[    2.654471] NET: Registered protocol family 29
[    2.658911] can: raw protocol (rev 20170425)
[    2.663197] can: broadcast manager protocol (rev 20170425 t)
[    2.668857] can: netlink gateway (rev 20170425) max_hops=1
[    2.674607] Bluetooth: RFCOMM socket layer initialized
[    2.679777] Bluetooth: RFCOMM ver 1.11
[    2.683532] Bluetooth: BNEP (Ethernet Emulation) ver 1.3
[    2.688842] Bluetooth: BNEP socket layer initialized
[    2.693821] Bluetooth: HIDP (Human Interface Emulation) ver 1.2
[    2.699788] Bluetooth: HIDP socket layer initialized
[    2.704977] Key type dns_resolver registered
[    2.709748] Registering SWP/SWPB emulation handler
[    2.715348] Loading compiled-in X.509 certificates
[    2.738120] +3.3V_RUN: supplied by +3.3V_SYS
[    2.743258] +USB0_VBUS_SW: supplied by +5V_SYS
[    2.747961] +3.3V_AVDD_HDMI_AP_GATED: supplied by +3.3V_RUN
[    2.754004] +5V_USB_HS: supplied by +5V_SYS
[    2.759203] +3.3V_LP0: supplied by +3.3V_SYS
[    2.764649] +5V_HDMI_CON: supplied by +5V_SYS
[    2.769434] +5V_SATA: supplied by +5V_SYS
[    2.774125] +12V_SATA: supplied by +VDD_MUX
[    2.779777]  usb2-0: usb2-0 supply vbus not found, using dummy regulator
[    2.786602]  usb2-1: usb2-1 supply vbus not found, using dummy regulator
[    2.793790]  usb3-0: usb3-0 supply vbus not found, using dummy regulator
[    2.801306] tegra-pcie 1003000.pcie: 2x1, 1x1 configuration
[    2.806918] tegra-pcie 1003000.pcie: Failed to get supply 'avddio-pex': -517
[    2.816088] tegra124-dfll 70110000.clock: couldn't get vdd_cpu regulator
[    2.824911] tegra-hdmi 54280000.hdmi: failed to get PLL regulator
[    2.833650] as3722-sd2: supplied by +5V_SYS
[    2.838156] as3722-sd3: supplied by +5V_SYS
[    2.842674] as3722-sd4: supplied by +5V_SYS
[    2.847146] as3722-sd5: supplied by +5V_SYS
[    2.853025] as3722-ldo0: supplied by +1.35V_LP0(sd2)
[    2.858501] as3722-ldo1: supplied by +3.3V_RUN
[    2.863782] as3722-ldo2: supplied by +1.8V_VDDIO
[    2.869318] as3722-ldo3: supplied by +3.3V_SYS
[    2.874861] as3722-ldo4: supplied by +3.3V_SYS
[    2.879609] as3722-ldo5: supplied by +1.8V_VDDIO
[    2.884562] as3722-ldo6: supplied by +3.3V_RUN
[    2.889321] as3722-ldo7: supplied by +1.8V_VDDIO
[    2.894784] +1.05V_RUN_CAM_REAR: Bringing 0uV into 1050000-1050000uV
[    2.901478] input: tegra-hda HDMI/DP,pcm=3 as /devices/soc0/70030000.hda/sound/card0/input1
[    2.910787] as3722-ldo9: supplied by +5V_SYS
[    2.915512] +3.3V_RUN_TOUCH: Bringing 0uV into 2800000-2800000uV
[    2.921998] as3722-ldo10: supplied by +5V_SYS
[    2.926587] +2.8V_RUN_CAM_AF: Bringing 0uV into 2800000-2800000uV
[    2.933079] as3722-ldo11: supplied by +3.3V_RUN
[    2.937839] +1.8V_RUN_VPP_FUSE: Bringing 0uV into 1800000-1800000uV
[    2.946890] tegra-ahci 70027000.sata: AHCI 0001.0301 32 slots 2 ports 3 Gbps 0x1 impl platform mode
[    2.955969] tegra-ahci 70027000.sata: flags: 64bit ncq sntf pm led pio slum part sadm sds apst 
[    2.966560] scsi host0: tegra-ahci
[    2.971245] scsi host1: tegra-ahci
[    2.974945] ata1: SATA max UDMA/133 mmio [mem 0x70027000-0x70028fff] port 0x100 irq 345
[    2.982983] ata2: DUMMY
[    2.986695] tegra-ehci 7d008000.usb: EHCI Host Controller
[    2.992180] tegra-ehci 7d008000.usb: new USB bus registered, assigned bus number 2
[    3.000033] tegra-ehci 7d008000.usb: irq 357, io mem 0x7d008000
[    3.029799] tegra-ehci 7d008000.usb: USB 2.0 started, EHCI 1.10
[    3.036774] hub 2-0:1.0: USB hub found
[    3.040709] hub 2-0:1.0: 1 port detected
[    3.057615] tegra-xusb 70090000.usb: Direct firmware load for nvidia/tegra124/xusb.bin failed with error -2
[    3.067413] tegra-xusb 70090000.usb: failed to request firmware: -2
[    3.073819] tegra-xusb 70090000.usb: failed to load firmware: -2
[    3.080464] tegra-xusb: probe of 70090000.usb failed with error -2
[    3.087460] sdhci-tegra 700b0400.sdhci: Got CD GPIO
[    3.092437] sdhci-tegra 700b0400.sdhci: Got WP GPIO
[    3.104050] mmc1: Unknown controller version (3). You may experience problems.
[    3.111429] mmc1: Invalid maximum block size, assuming 512 bytes
[    3.149460] mmc1: SDHCI controller on 700b0400.sdhci [700b0400.sdhci] using ADMA
[    3.157204] tegra-pcie 1003000.pcie: 2x1, 1x1 configuration
[    3.164674] tegra-pcie 1003000.pcie: probing port 0, using 2 lanes
[    3.172475] tegra-pcie 1003000.pcie: Slot present pin change, signature: 00000008
[    3.197260] tegra-pcie 1003000.pcie: probing port 1, using 1 lanes
[    3.205616] tegra-pcie 1003000.pcie: Slot present pin change, signature: 00000000
[    3.219630] tegra-pcie 1003000.pcie: PCI host bridge to bus 0000:00
[    3.225955] pci_bus 0000:00: root bus resource [io  0x0000-0xffff]
[    3.232255] pci_bus 0000:00: root bus resource [mem 0x13000000-0x1fffffff]
[    3.239239] pci_bus 0000:00: root bus resource [mem 0x20000000-0x3fffffff pref]
[    3.246662] pci_bus 0000:00: root bus resource [bus 00-ff]
[    3.252253] pci 0000:00:01.0: [10de:0e12] type 01 class 0x060400
[    3.258286] pci_bus 0000:00: 2-byte config write to 0000:00:01.0 offset 0x4 may corrupt adjacent RW1C bits
[    3.268063] pci_bus 0000:00: 2-byte config write to 0000:00:01.0 offset 0x4 may corrupt adjacent RW1C bits
[    3.277874] pci 0000:00:01.0: enabling Extended Tags
[    3.282963] pci_bus 0000:00: 2-byte config write to 0000:00:01.0 offset 0x88 may corrupt adjacent RW1C bits
[    3.292781] pci_bus 0000:00: 2-byte config write to 0000:00:01.0 offset 0x52 may corrupt adjacent RW1C bits
[    3.302690] pci 0000:00:01.0: PME# supported from D0 D1 D2 D3hot D3cold
[    3.309417] pci_bus 0000:00: 2-byte config write to 0000:00:01.0 offset 0x4c may corrupt adjacent RW1C bits
[    3.313433] ata1: SATA link down (SStatus 0 SControl 300)
[    3.325038] pci 0000:00:02.0: [10de:0e13] type 01 class 0x060400
[    3.331104] pci_bus 0000:00: 2-byte config write to 0000:00:02.0 offset 0x4 may corrupt adjacent RW1C bits
[    3.340837] pci_bus 0000:00: 2-byte config write to 0000:00:02.0 offset 0x4 may corrupt adjacent RW1C bits
[    3.350653] pci 0000:00:02.0: enabling Extended Tags
[    3.355667] pci_bus 0000:00: 2-byte config write to 0000:00:02.0 offset 0x88 may corrupt adjacent RW1C bits
[    3.365443] pci_bus 0000:00: 2-byte config write to 0000:00:02.0 offset 0x52 may corrupt adjacent RW1C bits
[    3.375281] pci 0000:00:02.0: PME# supported from D0 D1 D2 D3hot D3cold
[    3.382037] pci_bus 0000:00: 2-byte config write to 0000:00:02.0 offset 0x4c may corrupt adjacent RW1C bits
[    3.392158] PCI: bus0: Fast back to back transfers disabled
[    3.397816] pci 0000:00:01.0: bridge configuration invalid ([bus 00-00]), reconfiguring
[    3.405897] pci 0000:00:02.0: bridge configuration invalid ([bus 00-00]), reconfiguring
[    3.414187] pci 0000:01:00.0: [8086:4232] type 00 class 0x028000
[    3.420316] pci 0000:01:00.0: reg 0x10: [mem 0x00000000-0x00001fff 64bit]
[    3.427436] PCI: bus1: Fast back to back transfers disabled
[    3.433088] pci_bus 0000:01: busn_res: [bus 01-ff] end is updated to 01
[    3.440010] pci 0000:02:00.0: [10ec:8168] type 00 class 0x020000
[    3.446108] pci 0000:02:00.0: reg 0x10: [io  0x0000-0x00ff]
[    3.451793] pci 0000:02:00.0: reg 0x18: [mem 0x00000000-0x00000fff 64bit]
[    3.458774] mmc1: new high speed SDHC card at address aaaa
[    3.464092] mmcblk1: mmc1:aaaa SD04G 3.69 GiB 
[    3.474918] pci 0000:02:00.0: reg 0x20: [mem 0x00000000-0x00003fff 64bit pref]
[    3.482542] PCI: bus2: Fast back to back transfers disabled
[    3.488268] pci_bus 0000:02: busn_res: [bus 02-ff] end is updated to 02
[    3.495088] pci 0000:00:01.0: BAR 8: assigned [mem 0x13000000-0x130fffff]
[    3.502132] pci 0000:00:02.0: BAR 8: assigned [mem 0x13100000-0x131fffff]
[    3.509159] pci 0000:00:02.0: BAR 9: assigned [mem 0x20000000-0x200fffff 64bit pref]
[    3.517051] pci 0000:00:02.0: BAR 7: assigned [io  0x1000-0x1fff]
[    3.523317] pci 0000:01:00.0: BAR 0: assigned [mem 0x13000000-0x13001fff 64bit]
[    3.530809] pci 0000:00:01.0: PCI bridge to [bus 01]
[    3.535953]  mmcblk1: p1 p2 p3
[    3.539149] pci 0000:00:01.0:   bridge window [mem 0x13000000-0x130fffff]
[    3.546225] pci 0000:02:00.0: BAR 4: assigned [mem 0x20000000-0x20003fff 64bit pref]
[    3.554246] pci 0000:02:00.0: BAR 2: assigned [mem 0x13100000-0x13100fff 64bit]
[    3.562666] pci 0000:02:00.0: BAR 0: assigned [io  0x1000-0x10ff]
[    3.568766] pci 0000:00:02.0: PCI bridge to [bus 02]
[    3.573796] pci 0000:00:02.0:   bridge window [io  0x1000-0x1fff]
[    3.579924] pci 0000:00:02.0:   bridge window [mem 0x13100000-0x131fffff]
[    3.586725] pci 0000:00:02.0:   bridge window [mem 0x20000000-0x200fffff 64bit pref]
[    3.594551] pci 0000:00:01.0: nv_msi_ht_cap_quirk didn't locate host bridge
[    3.601748] pcieport 0000:00:01.0: enabling device (0140 -> 0142)
[    3.608175] pcieport 0000:00:01.0: Signaling PME with IRQ 395
[    3.614204] pci 0000:00:02.0: nv_msi_ht_cap_quirk didn't locate host bridge
[    3.621397] pcieport 0000:00:02.0: enabling device (0140 -> 0143)
[    3.627825] pcieport 0000:00:02.0: Signaling PME with IRQ 396
[    3.634014] r8169 Gigabit Ethernet driver 2.3LK-NAPI loaded
[    3.639626] r8169 0000:02:00.0: enabling device (0140 -> 0143)
[    3.645540] r8169 0000:02:00.0 (unnamed net_device) (uninitialized): not PCI Express
[    3.681532] r8169 0000:02:00.0 eth0: RTL8168g/8111g at 0x6e7d316b, 00:04:4b:3a:d9:81, XID 0c000800 IRQ 22
[    3.691120] r8169 0000:02:00.0 eth0: jumbo features [frames: 9200 bytes, tx checksumming: ko]
[    3.703331] +1.05V_RUN_AVDD_HDMI_PLL: supplied by +1.05V_RUN
[    3.712717] [drm] Supports vblank timestamp caching Rev 2 (21.10.2013).
[    3.719344] [drm] No driver support for vblank timestamp query.
[    3.854754] tegra-hdmi 54280000.hdmi: cannot set audio to 48000 Hz at 297000000 Hz pixel clock
[    4.102067] Console: switching to colour frame buffer device 512x135
[    4.198040] drm drm: fb0:  frame buffer device
[    4.202582] [drm] Initialized tegra 0.0.0 20120330 for drm on minor 0
[    4.209927] iommu: Adding device cpufreq-dt.0 to group 77
[    4.215597] cpufreq: cpufreq_online: CPU0: Running at unlisted freq: 696000 KHz
[    4.222948] cpufreq: cpufreq_online: CPU0: Unlisted initial frequency changed to: 714000 KHz
[    4.231975] input: gpio-keys as /devices/soc0/gpio-keys/input/input2
[    4.239062] as3722-rtc as3722-rtc: setting system clock to 2000-01-01 00:00:13 UTC (946684813)
[    4.247893] cfg80211: Loading compiled-in X.509 certificates for regulatory database
[    4.257333] cfg80211: Loaded X.509 cert 'sforshee: 00b28ddf47aef9cea7'
[    4.263987] platform regulatory.0: Direct firmware load for regulatory.db failed with error -2
[    4.270148] +USB0_VBUS_SW: disabling
[    4.270162] +1.8V_RUN_CAM: disabling
[    4.272712] +2.8V_RUN_CAM: disabling
[    4.276357] +1.2V_RUN_CAM_FRONT: disabling
[    4.279990] +1.05V_RUN_CAM_REAR: disabling
[    4.283542] +3.3V_RUN_TOUCH: disabling
[    4.287642] +2.8V_RUN_CAM_AF: disabling
[    4.291760] +1.8V_RUN_VPP_FUSE: disabling
[    4.295522] ALSA device list:
[    4.295525]   #0: tegra-hda at 0x70038000 irq 346
[    4.295527]   #1: NVIDIA Tegra Jetson TK1
[    4.315010] cfg80211: failed to load regulatory.db
[    4.320913] EXT4-fs (mmcblk0p1): mounting ext3 file system using the ext4 subsystem
[    4.370825] EXT4-fs (mmcblk0p1): recovery complete
[    4.376529] EXT4-fs (mmcblk0p1): mounted filesystem with ordered data mode. Opts: (null)
[    4.384665] VFS: Mounted root (ext3 filesystem) on device 179:1.
[    4.395658] devtmpfs: mounted
[    4.399044] Freeing unused kernel memory: 1024K
bash: cannot set terminal process group (-1): Inappropriate ioctl for device
bash: no job control in this shell
root@(none):/# 