

U-Boot 2011.03 (Jun 11 2013 - 06:07:37)

T114
Board: NVIDIA Dalmore
DRAM:  2 GiB
MMC:   Tegra2 SD/MMC: 0, Tegra2 SD/MMC: 1
In:    serial
Out:   serial
Err:   serial
Net:   Net Initialization Skipped
No ethernet found.
Hit any key to stop autoboot:  2  1  0 
Dalmore #
Dalmore #usb reset
(Re)start USB...
USB:   Register 10011 NbrPorts 1
USB EHCI 1.10
scanning bus for devices... 2 USB Device(s) found
       scanning bus for storage devices... 0 Storage Device(s) found
       scanning bus for ethernet devices... 1 Ethernet Device(s) found
Dalmore #setenv bootargs 'ignore_loglevel console=ttyS0,115200n8 rw root=/dev/mmcblk0p1 rootwait gpt init=/bin/bash'
Dalmore #setenv ipaddr 192.168.100.100; setenv serverip 192.168.100.1; setenv tftpserverip 192.168.100.1
Dalmore #tftpboot 0x81000000 zImage.tegra_defconfig%tegra30,114_mergeconfig
Waiting for Ethernet connection... done.
Using asx0 device
TFTP from server 192.168.100.1; our IP address is 192.168.100.100
Filename 'zImage.tegra_defconfig%tegra30,114_mergeconfig'.
Load address: 0x81000000
Loading: *#################################################  2.8 MiB/s
done
Bytes transferred = 4473680 (444350 hex)
Dalmore #tftpboot 0x82000000 tegra114-dalmore.dtb
Using asx0 device
TFTP from server 192.168.100.1; our IP address is 192.168.100.100
Filename 'tegra114-dalmore.dtb'.
Load address: 0x82000000
Loading: *#################################################  2.6 MiB/s
done
Bytes transferred = 29436 (72fc hex)
Dalmore #bootz 0x81000000 - 0x82000000
## Flattened Device Tree blob at 82000000
   Booting using the fdt blob at 0x82000000
   Loading Device Tree to 81ff5000, end 81fff2fb ... OK

Starting kernel ...

Timer summary in microseconds:
       Mark    Elapsed  Stage
          0          0  awake
  3,076,651  3,076,651  usb_start
  7,081,779  4,005,128  eth_start
  7,081,777         -2  tftp start
 11,052,152  3,970,375  tftp done
 13,091,862  2,039,710  start_kernel
Uncompressing Linux... done, booting the kernel.
[    0.000000] Booting Linux on physical CPU 0x0
[    0.000000] Initializing cgroup subsys cpu
[    0.000000] Initializing cgroup subsys cpuacct
[    0.000000] Linux version 3.12.0-rc1-11242-ge03b49d (pwalmsley@kaivo) (gcc version 4.5.1 (Sourcery G++ Lite 2010.09-50) ) #1 SMP PREEMPT Wed Oct 16 10:58:37 PDT 2013
[    0.000000] CPU: ARMv7 Processor [412fc0f2] revision 2 (ARMv7), cr=10c5387d
[    0.000000] CPU: PIPT / VIPT nonaliasing data cache, PIPT instruction cache
[    0.000000] Machine: NVIDIA Tegra SoC (Flattened Device Tree), model: NVIDIA Tegra114 Dalmore evaluation board
[    0.000000] debug: ignoring loglevel setting.
[    0.000000] cma: CMA: reserved 16 MiB at ae800000
[    0.000000] Memory policy: ECC disabled, Data cache writealloc
[    0.000000] On node 0 totalpages: 524032
[    0.000000] free_area_init_node: node 0, pgdat c0842440, node_mem_map c089a000
[    0.000000]   Normal zone: 1520 pages used for memmap
[    0.000000]   Normal zone: 0 pages reserved
[    0.000000]   Normal zone: 194560 pages, LIFO batch:31
[    0.000000]   HighMem zone: 2574 pages used for memmap
[    0.000000]   HighMem zone: 329472 pages, LIFO batch:31
[    0.000000] Tegra Revision: A01 SKU: 0 CPU Process: 1 Core Process: 1
[    0.000000] PERCPU: Embedded 8 pages/cpu @c18b2000 s9024 r8192 d15552 u32768
[    0.000000] pcpu-alloc: s9024 r8192 d15552 u32768 alloc=8*4096
[    0.000000] pcpu-alloc: [0] 0 [0] 1 [0] 2 [0] 3 
[    0.000000] Built 1 zonelists in Zone order, mobility grouping on.  Total pages: 522512
[    0.000000] Kernel command line: ignore_loglevel console=ttyS0,115200n8 rw root=/dev/mmcblk0p1 rootwait gpt init=/bin/bash
[    0.000000] PID hash table entries: 4096 (order: 2, 16384 bytes)
[    0.000000] Dentry cache hash table entries: 131072 (order: 7, 524288 bytes)
[    0.000000] Inode-cache hash table entries: 65536 (order: 6, 262144 bytes)
[    0.000000] Memory: 2053448K/2096128K available (6103K kernel code, 294K rwdata, 1792K rodata, 232K init, 342K bss, 42680K reserved, 1317888K highmem)
[    0.000000] Virtual kernel memory layout:
[    0.000000]     vector  : 0xffff0000 - 0xffff1000   (   4 kB)
[    0.000000]     fixmap  : 0xfff00000 - 0xfffe0000   ( 896 kB)
[    0.000000]     vmalloc : 0xf0000000 - 0xff000000   ( 240 MB)
[    0.000000]     lowmem  : 0xc0000000 - 0xef800000   ( 760 MB)
[    0.000000]     pkmap   : 0xbfe00000 - 0xc0000000   (   2 MB)
[    0.000000]     modules : 0xbf000000 - 0xbfe00000   (  14 MB)
[    0.000000]       .text : 0xc0008000 - 0xc07be37c   (7897 kB)
[    0.000000]       .init : 0xc07bf000 - 0xc07f9340   ( 233 kB)
[    0.000000]       .data : 0xc07fa000 - 0xc0843a80   ( 295 kB)
[    0.000000]        .bss : 0xc0843a8c - 0xc089951c   ( 343 kB)
[    0.000000] Preemptible hierarchical RCU implementation.
[    0.000000] NR_IRQS:16 nr_irqs:16 16
[    0.000000] sched_clock: 32 bits at 1000kHz, resolution 1000ns, wraps every 4294967ms
[    0.000000] Architected cp15 timer(s) running at 12.00MHz (virt).
[    0.000000] Switching to timer-based delay loop
[    0.000000] sched_clock: ARM arch timer >56 bits at 12000kHz, resolution 83ns
[    0.000000] Console: colour dummy device 80x30
[   13.108051] Calibrating delay loop (skipped), value calculated using timer frequency.. 24.00 BogoMIPS (lpj=120000)
[   13.108068] pid_max: default: 32768 minimum: 301
[   13.108503] Mount-cache hash table entries: 512
[   13.127583] Initializing cgroup subsys debug
[   13.127600] Initializing cgroup subsys freezer
[   13.127661] CPU: Testing write buffer coherency: ok
[   13.128012] /cpus/cpu@0 missing clock-frequency property
[   13.128040] /cpus/cpu@1 missing clock-frequency property
[   13.128066] /cpus/cpu@2 missing clock-frequency property
[   13.128092] /cpus/cpu@3 missing clock-frequency property
[   13.128104] CPU0: thread -1, cpu 0, socket 0, mpidr 80000000
[   13.128133] Setting up static identity map for 0xc05ce018 - 0xc05ce0b0
[   13.187970] CPU1: Booted secondary processor
[   13.187998] CPU1: thread -1, cpu 1, socket 0, mpidr 80000001
[   13.207871] CPU2: Booted secondary processor
[   13.207896] CPU2: thread -1, cpu 2, socket 0, mpidr 80000002
[   13.227819] CPU3: Booted secondary processor
[   13.227844] CPU3: thread -1, cpu 3, socket 0, mpidr 80000003
[   13.227953] Brought up 4 CPUs
[   13.227980] SMP: Total of 4 processors activated.
[   13.227987] CPU: All CPU(s) started in SVC mode.
[   13.229003] devtmpfs: initialized
[   13.242198] VFP support v0.3: implementor 41 architecture 4 part 30 variant f rev 0
[   13.242574] pinctrl core: initialized pinctrl subsystem
[   13.243093] regulator-dummy: no parameters
[   13.246120] NET: Registered protocol family 16
[   13.247442] DMA: preallocated 256 KiB pool for atomic coherent allocations
[   13.248221] cpuidle: using governor ladder
[   13.248232] cpuidle: using governor menu
[   13.259294] No ATAGs?
[   13.259324] hw-breakpoint: found 5 (+1 reserved) breakpoint and 4 watchpoint registers.
[   13.259334] hw-breakpoint: maximum watchpoint size is 8 bytes.
[   13.270305] bio: create slab <bio-0> at 0
[   13.271666] vdd_ac_bat: 5000 mV 
[   13.272067] dvdd_ts: Failed to request enable GPIO61: -517
[   13.272224] reg-fixed-voltage 1.regulator: Failed to register regulator: -517
[   13.272248] platform 1.regulator: Driver reg-fixed-voltage requests probe deferral
[   13.272443] lcd_bl_en: Failed to request enable GPIO58: -517
[   13.272585] reg-fixed-voltage 2.regulator: Failed to register regulator: -517
[   13.272607] platform 2.regulator: Driver reg-fixed-voltage requests probe deferral
[   13.272802] usb1_vbus: Failed to request enable GPIO108: -517
[   13.272944] reg-fixed-voltage 3.regulator: Failed to register regulator: -517
[   13.272966] platform 3.regulator: Driver reg-fixed-voltage requests probe deferral
[   13.273160] usb2_vbus: Failed to request enable GPIO86: -517
[   13.273300] reg-fixed-voltage 4.regulator: Failed to register regulator: -517
[   13.273322] platform 4.regulator: Driver reg-fixed-voltage requests probe deferral
[   13.273514] vdd_hdmi_5v0: Failed to request enable GPIO81: -517
[   13.273656] reg-fixed-voltage 5.regulator: Failed to register regulator: -517
[   13.273677] platform 5.regulator: Driver reg-fixed-voltage requests probe deferral
[   13.273754] platform 6.regulator: Driver reg-fixed-voltage requests probe deferral
[   13.274772] vgaarb: loaded
[   13.275855] SCSI subsystem initialized
[   13.276218] usbcore: registered new interface driver usbfs
[   13.276319] usbcore: registered new interface driver hub
[   13.276478] usbcore: registered new device driver usb
[   13.280778] vdd-cpu: 500 <--> 1520 mV at 1100 mV 
[   13.281403] tps65090 1-0048: No cache defaults, reading back from HW
[   13.287752] vdd-sys-5v0: no parameters
[   13.287801] vdd-sys-5v0: supplied by vdd_ac_bat
[   13.289257] vdd-sys-3v3: no parameters
[   13.289297] vdd-sys-3v3: supplied by vdd_ac_bat
[   13.290725] vdd-ao: no parameters
[   13.290763] vdd-ao: supplied by vdd_ac_bat
[   13.291013] vdd-lcd-bl: no parameters
[   13.291060] vdd-lcd-bl: supplied by vdd_ac_bat
[   13.291297] TPS65090_RAILSFET2: no parameters
[   13.291335] TPS65090_RAILSFET2: supplied by vdd_ac_bat
[   13.291577] vdd-modem-3v3: no parameters
[   13.291610] vdd-modem-3v3: supplied by vdd-sys-3v3
[   13.291869] avdd-lcd: no parameters
[   13.291902] avdd-lcd: supplied by vdd-sys-3v3
[   13.292152] vdd-lvds: no parameters
[   13.292187] vdd-lvds: supplied by vdd-sys-3v3
[   13.292438] vdd-sd-slot: no parameters
[   13.292472] vdd-sd-slot: supplied by vdd-sys-3v3
[   13.292736] vdd-com-3v3: no parameters
[   13.292770] vdd-com-3v3: supplied by vdd-sys-3v3
[   13.293006] vdd-sby-5v0: no parameters
[   13.293050] vdd-sby-5v0: supplied by vdd_ac_bat
[   13.293287] vdd-sby-3v3: no parameters
[   13.293322] vdd-sby-3v3: supplied by vdd_ac_bat
[   13.293691] genirq: Setting trigger mode 8 for irq 118 failed (gic_set_type+0x0/0xf0)
[   13.294126] palmas 1-0058: Irq flag is 0x00000000
[   13.308419] palmas 1-0058: Muxing GPIO ff, PWM 0, LED 0
[   13.317370] vddio-ddr: 1350 mV 
[   13.318214] vddio-ddr: supplied by vdd-ao
[   13.325156] vddio-1v8: 1800 mV 
[   13.325993] vddio-1v8: supplied by vdd-ao
[   13.332919] vdd-core: 900 <--> 1400 mV at 1100 mV 
[   13.333758] vdd-core: supplied by vdd-sys-3v3
[   13.337947] SMPS6: no parameters
[   13.345629] avdd-pll: 1050 mV 
[   13.346470] avdd-pll: supplied by vdd-sys-3v3
[   13.354772] sdhci-vdd-sd-slot: 2800 mV 
[   13.355611] sdhci-vdd-sd-slot: supplied by vdd-sys-3v3
[   13.357469] SMPS10_OUT2: at 5000 mV 
[   13.359297] SMPS10_OUT1: at 5000 mV 
[   13.361906] avdd-cam1: 2800 mV 
[   13.362742] avdd-cam1: supplied by vdd-sys-3v3
[   13.366747] avdd-cam2: 2800 mV 
[   13.367584] avdd-cam2: supplied by vdd-sys-3v3
[   13.372349] avdd-dsi-csi: 1200 mV 
[   13.373187] avdd-dsi-csi: supplied by vddio-1v8
[   13.377973] vpp-fuse: 1800 mV 
[   13.378811] vpp-fuse: supplied by vdd-sys-3v3
[   13.382021] LDO5: at 1200 mV 
[   13.382863] LDO5: supplied by vdd_ac_bat
[   13.385503] vdd-sensor-2v85: 2850 mV 
[   13.386340] vdd-sensor-2v85: supplied by vdd-sys-3v3
[   13.390336] vdd-af-cam1: 2800 mV 
[   13.391175] vdd-af-cam1: supplied by vdd-sys-3v3
[   13.399257] vdd-rtc: 900 mV 
[   13.400093] vdd-rtc: supplied by vdd-ao
[   13.404086] vddio-sdmmc-2: 1800 <--> 3300 mV at 3300 mV 
[   13.404923] vddio-sdmmc-2: supplied by sdhci-vdd-sd-slot
[   13.409719] hvdd-usb: 3300 mV 
[   13.410556] hvdd-usb: supplied by vdd-sys-5v0
[   13.415328] avdd-usb: 3300 mV 
[   13.416165] avdd-usb: supplied by vdd-sys-5v0
[   13.419459] rail-3v3: no parameters
[   13.421816] rail-5v0: no parameters
[   13.423405] REGEN3: no parameters
[   13.423615] SYSEN1: no parameters
[   13.423800] SYSEN2: no parameters
[   13.424422] Linux video capture interface: v2.00
[   13.425000] platform 7000f010.iommu: Driver tegra-smmu requests probe deferral
[   13.425309] Advanced Linux Sound Architecture Driver Initialized.
[   13.426068] Bluetooth: Core ver 2.16
[   13.426138] NET: Registered protocol family 31
[   13.426146] Bluetooth: HCI device and connection manager initialized
[   13.426172] Bluetooth: HCI socket layer initialized
[   13.426194] Bluetooth: L2CAP socket layer initialized
[   13.426249] Bluetooth: SCO socket layer initialized
[   13.426996] cfg80211: Calling CRDA to update world regulatory domain
[   13.428088] Switched to clocksource arch_sys_counter
[   13.441941] NET: Registered protocol family 2
[   13.442874] TCP established hash table entries: 8192 (order: 4, 65536 bytes)
[   13.443077] TCP bind hash table entries: 8192 (order: 4, 65536 bytes)
[   13.443253] TCP: Hash tables configured (established 8192 bind 8192)
[   13.443698] TCP: reno registered
[   13.443714] UDP hash table entries: 512 (order: 2, 16384 bytes)
[   13.443756] UDP-Lite hash table entries: 512 (order: 2, 16384 bytes)
[   13.444174] NET: Registered protocol family 1
[   13.444900] RPC: Registered named UNIX socket transport module.
[   13.444911] RPC: Registered udp transport module.
[   13.444918] RPC: Registered tcp transport module.
[   13.444925] RPC: Registered tcp NFSv4.1 backchannel transport module.
[   13.444937] PCI: CLS 0 bytes, default 64
[   13.448580] bounce pool size: 64 pages
[   13.450267] squashfs: version 4.0 (2009/01/31) Phillip Lougher
[   13.451080] msgmni has been set to 1468
[   13.452757] io scheduler noop registered (default)
[   13.476354] tegra-apbdma 6000a000.dma: Tegra20 APB DMA driver register 32 channels
[   13.476896] Serial: 8250/16550 driver, 4 ports, IRQ sharing disabled
[   13.479014] 70006300.serial: ttyS0 at MMIO 0x70006300 (irq = 122, base_baud = 25500000) is a Tegra
[   14.506010] console [ttyS0] enabled
[   14.510352] [drm] Initialized drm 1.1.0 20060810
[   14.520717] loop: module loaded
[   14.526705] m25p80 spi32766.0: w25q32dw (4096 Kbytes)
[   14.533550] pegasus: v0.9.3 (2013/04/25), Pegasus/Pegasus II USB Ethernet driver
[   14.541001] usbcore: registered new interface driver pegasus
[   14.546753] usbcore: registered new interface driver asix
[   14.552186] usbcore: registered new interface driver ax88179_178a
[   14.558336] usbcore: registered new interface driver cdc_ether
[   14.564218] usbcore: registered new interface driver r815x
[   14.569763] usbcore: registered new interface driver smsc75xx
[   14.575577] usbcore: registered new interface driver smsc95xx
[   14.581365] usbcore: registered new interface driver net1080
[   14.587084] usbcore: registered new interface driver cdc_subset
[   14.593032] usbcore: registered new interface driver zaurus
[   14.598696] usbcore: registered new interface driver cdc_ncm
[   14.604378] ehci_hcd: USB 2.0 'Enhanced' Host Controller (EHCI) Driver
[   14.610869] ehci-pci: EHCI PCI platform driver
[   14.615369] tegra-ehci: Tegra EHCI driver
[   14.619557] platform 7d008000.usb: Driver tegra-ehci requests probe deferral
[   14.626866] usbcore: registered new interface driver cdc_acm
[   14.632491] cdc_acm: USB Abstract Control Model driver for USB modems and ISDN adapters
[   14.640532] usbcore: registered new interface driver cdc_wdm
[   14.646267] usbcore: registered new interface driver usb-storage
[   14.652478] platform 7d008000.usb-phy: Driver tegra-phy requests probe deferral
[   14.660434] mousedev: PS/2 mouse device common for all mice
[   14.677996] palmas-rtc rtc.7: rtc core: registered rtc.7 as rtc0
[   14.688376] tegra_rtc 7000e000.rtc: rtc core: registered 7000e000.rtc as rtc1
[   14.695519] tegra_rtc 7000e000.rtc: Tegra internal Real Time Clock
[   14.703053] sbs-battery 0-000b: sbs_probe: Failed to get device status
[   14.709558] sbs-battery: probe of 0-000b failed with error -121
[   14.721687] sdhci: Secure Digital Host Controller Interface driver
[   14.727853] sdhci: Copyright(c) Pierre Ossman
[   14.732184] sdhci-pltfm: SDHCI platform and OF driver helper
[   14.738245] sdhci-tegra 78000400.sdhci: Got CD GPIO #170.
[   14.744690] mmc0: no vqmmc regulator found
[   14.748768] mmc0: no vmmc regulator found
[   14.752772] mmc0: Invalid maximum block size, assuming 512 bytes
[   14.802593] mmc0: SDHCI controller on 78000400.sdhci [78000400.sdhci] using ADMA
[   14.812144] mmc1: no vqmmc regulator found
[   14.816244] mmc1: no vmmc regulator found
[   14.820231] mmc1: Invalid maximum block size, assuming 512 bytes
[   14.862349] mmc1: SDHCI controller on 78000600.sdhci [78000600.sdhci] using ADMA
[   14.870406] usbcore: registered new interface driver usbhid
[   14.878010] usbhid: USB HID core driver
[   14.994115] mmc1: BKOPS_EN bit is not set
[   15.024615] mmc1: new HS200 MMC card at address 0001
[   15.030138] mmcblk0: mmc1:0001 SEM32G 29.1 GiB 
[   15.034985] mmcblk0boot0: mmc1:0001 SEM32G partition 1 4.00 MiB
[   15.041193] mmcblk0boot1: mmc1:0001 SEM32G partition 2 4.00 MiB
[   15.047384] mmcblk0rpmb: mmc1:0001 SEM32G partition 3 4.00 MiB
[   15.055679] Primary GPT is invalid, using alternate GPT.
[   15.060983]  mmcblk0: p1 p2 p3 p4 p5
[   15.067886]  mmcblk0boot1: unknown partition table
[   15.074308]  mmcblk0boot0: unknown partition table
[   15.321801] tegra-snd-rt5640 sound.4:  rt5640-aif1 <-> 70080400.i2s mapping ok
[   15.333817] input: NVIDIA Tegra Dalmore Headphones as /devices/soc0/sound.4/sound/card0/input0
[   15.344037] TCP: cubic registered
[   15.347615] NET: Registered protocol family 10
[   15.353463] mip6: Mobile IPv6
[   15.356417] sit: IPv6 over IPv4 tunneling driver
[   15.362788] NET: Registered protocol family 17
[   15.367248] NET: Registered protocol family 15
[   15.371850] Bluetooth: RFCOMM socket layer initialized
[   15.376963] Bluetooth: RFCOMM ver 1.11
[   15.380710] Bluetooth: BNEP (Ethernet Emulation) ver 1.3
[   15.386008] Bluetooth: BNEP socket layer initialized
[   15.390956] Bluetooth: HIDP (Human Interface Emulation) ver 1.2
[   15.396857] Bluetooth: HIDP socket layer initialized
[   15.402403] Registering SWP/SWPB emulation handler
[   15.411835] hvdd-usb: disabling
[   15.417356] vdd-af-cam1: disabling
[   15.423449] vdd-sensor-2v85: disabling
[   15.429683] LDO5: disabling
[   15.435174] vpp-fuse: disabling
[   15.440838] avdd-cam2: disabling
[   15.446653] avdd-cam1: disabling
[   15.454374] vdd-com-3v3: disabling
[   15.458365] vdd-lvds: disabling
[   15.462118] avdd-lcd: disabling
[   15.465843] vdd-lcd-bl: disabling
[   15.470778] dvdd_ts: 1800 mV 
[   15.474252] lcd_bl_en: 5000 mV 
[   15.477811] usb1_vbus: 5000 mV 
[   15.481072] usb1_vbus: supplied by vdd-sys-5v0
[   15.485990] usb2_vbus: 5000 mV 
[   15.489164] usb2_vbus: supplied by vdd-sys-5v0
[   15.493988] vdd_hdmi_5v0: 5000 mV 
[   15.497401] vdd_hdmi_5v0: supplied by vdd-sys-5v0
[   15.504468] vdd_cam_1v8_reg: 1800 mV 
[   15.508665] platform 7d008000.usb: Driver tegra-ehci requests probe deferral
[   15.516413] tegra-ehci 7d008000.usb: EHCI Host Controller
[   15.521827] tegra-ehci 7d008000.usb: new USB bus registered, assigned bus number 1
[   15.530335] tegra-ehci 7d008000.usb: irq 129, io mem 0x7d008000
[   15.549712] tegra-ehci 7d008000.usb: USB 2.0 started, EHCI 1.10
[   15.557042] hub 1-0:1.0: USB hub found
[   15.560885] hub 1-0:1.0: 1 port detected
[   15.566332] input: gpio-keys.2 as /devices/soc0/gpio-keys.2/input/input1
[   15.577601] palmas-rtc rtc.7: setting system clock to 2000-01-10 20:22:09 UTC (947535729)
[   15.600844] ALSA device list:
[   15.603805]   #0: NVIDIA Tegra Dalmore
[   15.634730] kjournald starting.  Commit interval 5 seconds
[   15.641356] EXT3-fs (mmcblk0p1): using internal journal
[   15.646575] EXT3-fs (mmcblk0p1): recovery complete
[   15.651373] EXT3-fs (mmcblk0p1): mounted filesystem with writeback data mode
[   15.658459] VFS: Mounted root (ext3 filesystem) on device 179:1.
[   15.666067] devtmpfs: mounted
[   15.669337] Freeing unused kernel memory: 232K (c07bf000 - c07f9000)
bash: cannot set terminal process group (-1): Inappropriate ioctl for device
bash: no job control in this shell
I have no name!@(none):/# [   15.878504] usb 1-1: new high-speed USB device number 2 using tegra-ehci
