

U-Boot 2011.03 (Jun 11 2013 - 06:07:37)

T114
Board: NVIDIA Dalmore
DRAM:  2 GiB
MMC:   Tegra2 SD/MMC: 0, Tegra2 SD/MMC: 1
In:    serial
Out:   serial
Err:   serial
Net:   Net Initialization Skipped
No ethernet found.
Hit any key to stop autoboot:  2  0 
Dalmore #
Dalmore #usb reset
(Re)start USB...
USB:   Register 10011 NbrPorts 1
USB EHCI 1.10
scanning bus for devices... 2 USB Device(s) found
       scanning bus for storage devices... 0 Storage Device(s) found
       scanning bus for ethernet devices... 1 Ethernet Device(s) found
Dalmore #setenv bootargs 'ignore_loglevel console=ttyS0,115200n8 rw root=/dev/mmcblk0p1 rootwait gpt init=/bin/bash'
Dalmore #setenv ipaddr 192.168.100.100; setenv serverip 192.168.100.1; setenv tftpserverip 192.168.100.1
Dalmore #tftpboot 0x81000000 zImage.tegra_defconfig
Waiting for Ethernet connection... done.
Using asx0 device
TFTP from server 192.168.100.1; our IP address is 192.168.100.100
Filename 'zImage.tegra_defconfig'.
Load address: 0x81000000
Loading: *#################################################  2.8 MiB/s
done
Bytes transferred = 4504120 (44ba38 hex)
Dalmore #tftpboot 0x82000000 tegra114-dalmore.dtb
Using asx0 device
TFTP from server 192.168.100.1; our IP address is 192.168.100.100
Filename 'tegra114-dalmore.dtb'.
Load address: 0x82000000
Loading: *#################################################  2.6 MiB/s
done
Bytes transferred = 29436 (72fc hex)
Dalmore #bootz 0x81000000 - 0x82000000
## Flattened Device Tree blob at 82000000
   Booting using the fdt blob at 0x82000000
   Loading Device Tree to 81ff5000, end 81fff2fb ... OK

Starting kernel ...

Timer summary in microseconds:
       Mark    Elapsed  Stage
          0          0  awake
  2,137,040  2,137,040  usb_start
  6,140,293  4,003,253  eth_start
  6,140,290         -3  tftp start
 10,120,915  3,980,625  tftp done
 12,152,357  2,031,442  start_kernel
Uncompressing Linux... done, booting the kernel.
matched mach NVIDIA Tegra SoC (Flattened Device Tree)
[    0.000000] Booting Linux on physical CPU 0x0
[    0.000000] Initializing cgroup subsys cpu
[    0.000000] Initializing cgroup subsys cpuacct
[    0.000000] Linux version 3.12.0-rc3-next-20131002-15620-gedc72f7 (pwalmsley@tamien) (gcc version 4.5.1 (Sourcery G++ Lite 2010.09-50) ) #1 SMP PREEMPT Wed Oct 16 10:53:29 PDT 2013
[    0.000000] CPU: ARMv7 Processor [412fc0f2] revision 2 (ARMv7), cr=10c5387d
[    0.000000] CPU: PIPT / VIPT nonaliasing data cache, PIPT instruction cache
[    0.000000] Machine model: NVIDIA Tegra114 Dalmore evaluation board
[    0.000000] matched mach NVIDIA Tegra SoC (Flattened Device Tree)
[    0.000000] debug: ignoring loglevel setting.
[    0.000000] cma: CMA: reserved 16 MiB at ae800000
[    0.000000] Memory policy: ECC disabled, Data cache writealloc
[    0.000000] On node 0 totalpages: 524032
[    0.000000] free_area_init_node: node 0, pgdat c0857680, node_mem_map c08af000
[    0.000000]   Normal zone: 1520 pages used for memmap
[    0.000000]   Normal zone: 0 pages reserved
[    0.000000]   Normal zone: 194560 pages, LIFO batch:31
[    0.000000]   HighMem zone: 2574 pages used for memmap
[    0.000000]   HighMem zone: 329472 pages, LIFO batch:31
[    0.000000] Tegra Revision: A01 SKU: 0 CPU Process: 1 Core Process: 1
[    0.000000] PERCPU: Embedded 8 pages/cpu @c18c7000 s9088 r8192 d15488 u32768
[    0.000000] pcpu-alloc: s9088 r8192 d15488 u32768 alloc=8*4096
[    0.000000] pcpu-alloc: [0] 0 [0] 1 [0] 2 [0] 3 
[    0.000000] Built 1 zonelists in Zone order, mobility grouping on.  Total pages: 522512
[    0.000000] Kernel command line: ignore_loglevel console=ttyS0,115200n8 rw root=/dev/mmcblk0p1 rootwait gpt init=/bin/bash
[    0.000000] PID hash table entries: 4096 (order: 2, 16384 bytes)
[    0.000000] Dentry cache hash table entries: 131072 (order: 7, 524288 bytes)
[    0.000000] Inode-cache hash table entries: 65536 (order: 6, 262144 bytes)
[    0.000000] Memory: 2053364K/2096128K available (6128K kernel code, 307K rwdata, 1832K rodata, 236K init, 343K bss, 42764K reserved, 1317888K highmem)
[    0.000000] Virtual kernel memory layout:
[    0.000000]     vector  : 0xffff0000 - 0xffff1000   (   4 kB)
[    0.000000]     fixmap  : 0xfff00000 - 0xfffe0000   ( 896 kB)
[    0.000000]     vmalloc : 0xf0000000 - 0xff000000   ( 240 MB)
[    0.000000]     lowmem  : 0xc0000000 - 0xef800000   ( 760 MB)
[    0.000000]     pkmap   : 0xbfe00000 - 0xc0000000   (   2 MB)
[    0.000000]     modules : 0xbf000000 - 0xbfe00000   (  14 MB)
[    0.000000]       .text : 0xc0008000 - 0xc07ce774   (7962 kB)
[    0.000000]       .init : 0xc07cf000 - 0xc080a380   ( 237 kB)
[    0.000000]       .data : 0xc080c000 - 0xc0858d00   ( 308 kB)
[    0.000000]        .bss : 0xc0858d0c - 0xc08aec58   ( 344 kB)
[    0.000000] Preemptible hierarchical RCU implementation.
[    0.000000] NR_IRQS:16 nr_irqs:16 16
[    0.000000] sched_clock: 32 bits at 1000kHz, resolution 1000ns, wraps every 2147483648000ns
[    0.000000] Architected cp15 timer(s) running at 12.00MHz (virt).
[    0.000000] Switching to timer-based delay loop
[    0.000000] sched_clock: ARM arch timer >56 bits at 12000kHz, resolution 83ns
[    0.000000] Console: colour dummy device 80x30
[   12.192370] Calibrating delay loop (skipped), value calculated using timer frequency.. 24.00 BogoMIPS (lpj=120000)
[   12.192387] pid_max: default: 32768 minimum: 301
[   12.192821] Mount-cache hash table entries: 512
[   12.211435] Initializing cgroup subsys debug
[   12.211453] Initializing cgroup subsys freezer
[   12.211510] CPU: Testing write buffer coherency: ok
[   12.211878] /cpus/cpu@0 missing clock-frequency property
[   12.211906] /cpus/cpu@1 missing clock-frequency property
[   12.211932] /cpus/cpu@2 missing clock-frequency property
[   12.211958] /cpus/cpu@3 missing clock-frequency property
[   12.211970] CPU0: thread -1, cpu 0, socket 0, mpidr 80000000
[   12.211998] Setting up static identity map for 0xc05d4bc0 - 0xc05d4c58
[   12.272414] CPU1: Booted secondary processor
[   12.272443] CPU1: thread -1, cpu 1, socket 0, mpidr 80000001
[   12.292312] CPU2: Booted secondary processor
[   12.292336] CPU2: thread -1, cpu 2, socket 0, mpidr 80000002
[   12.312281] CPU3: Booted secondary processor
[   12.312306] CPU3: thread -1, cpu 3, socket 0, mpidr 80000003
[   12.312414] Brought up 4 CPUs
[   12.312440] SMP: Total of 4 processors activated.
[   12.312448] CPU: All CPU(s) started in SVC mode.
[   12.313472] devtmpfs: initialized
[   12.326359] VFP support v0.3: implementor 41 architecture 4 part 30 variant f rev 0
[   12.326737] pinctrl core: initialized pinctrl subsystem
[   12.327249] regulator-dummy: no parameters
[   12.330445] NET: Registered protocol family 16
[   12.331771] DMA: preallocated 256 KiB pool for atomic coherent allocations
[   12.332543] cpuidle: using governor ladder
[   12.332554] cpuidle: using governor menu
[   12.343534] No ATAGs?
[   12.343564] hw-breakpoint: found 5 (+1 reserved) breakpoint and 4 watchpoint registers.
[   12.343574] hw-breakpoint: maximum watchpoint size is 8 bytes.
[   12.354725] bio: create slab <bio-0> at 0
[   12.356200] vdd_ac_bat: 5000 mV 
[   12.356518] dvdd_ts: Failed to request enable GPIO61: -517
[   12.356675] reg-fixed-voltage 1.regulator: Failed to register regulator: -517
[   12.356699] platform 1.regulator: Driver reg-fixed-voltage requests probe deferral
[   12.356897] lcd_bl_en: Failed to request enable GPIO58: -517
[   12.357039] reg-fixed-voltage 2.regulator: Failed to register regulator: -517
[   12.357060] platform 2.regulator: Driver reg-fixed-voltage requests probe deferral
[   12.357257] usb1_vbus: Failed to request enable GPIO108: -517
[   12.357396] reg-fixed-voltage 3.regulator: Failed to register regulator: -517
[   12.357417] platform 3.regulator: Driver reg-fixed-voltage requests probe deferral
[   12.357612] usb2_vbus: Failed to request enable GPIO86: -517
[   12.357750] reg-fixed-voltage 4.regulator: Failed to register regulator: -517
[   12.357771] platform 4.regulator: Driver reg-fixed-voltage requests probe deferral
[   12.357964] vdd_hdmi_5v0: Failed to request enable GPIO81: -517
[   12.358103] reg-fixed-voltage 5.regulator: Failed to register regulator: -517
[   12.358124] platform 5.regulator: Driver reg-fixed-voltage requests probe deferral
[   12.358201] platform 6.regulator: Driver reg-fixed-voltage requests probe deferral
[   12.359190] vgaarb: loaded
[   12.360273] SCSI subsystem initialized
[   12.360662] usbcore: registered new interface driver usbfs
[   12.360752] usbcore: registered new interface driver hub
[   12.360914] usbcore: registered new device driver usb
[   12.365224] vdd-cpu: 500 <--> 1520 mV at 1100 mV 
[   12.365847] tps65090 1-0048: No cache defaults, reading back from HW
[   12.372214] vdd-sys-5v0: no parameters
[   12.372265] vdd-sys-5v0: supplied by vdd_ac_bat
[   12.373719] vdd-sys-3v3: no parameters
[   12.373757] vdd-sys-3v3: supplied by vdd_ac_bat
[   12.375185] vdd-ao: no parameters
[   12.375224] vdd-ao: supplied by vdd_ac_bat
[   12.375485] vdd-lcd-bl: no parameters
[   12.375522] vdd-lcd-bl: supplied by vdd_ac_bat
[   12.375762] TPS65090_RAILSFET2: no parameters
[   12.375799] TPS65090_RAILSFET2: supplied by vdd_ac_bat
[   12.376052] vdd-modem-3v3: no parameters
[   12.376097] vdd-modem-3v3: supplied by vdd-sys-3v3
[   12.376349] avdd-lcd: no parameters
[   12.376382] avdd-lcd: supplied by vdd-sys-3v3
[   12.376625] vdd-lvds: no parameters
[   12.376657] vdd-lvds: supplied by vdd-sys-3v3
[   12.376922] vdd-sd-slot: no parameters
[   12.376956] vdd-sd-slot: supplied by vdd-sys-3v3
[   12.377215] vdd-com-3v3: no parameters
[   12.377250] vdd-com-3v3: supplied by vdd-sys-3v3
[   12.377496] vdd-sby-5v0: no parameters
[   12.377529] vdd-sby-5v0: supplied by vdd_ac_bat
[   12.377780] vdd-sby-3v3: no parameters
[   12.377813] vdd-sby-3v3: supplied by vdd_ac_bat
[   12.378174] genirq: Setting trigger mode 8 for irq 118 failed (gic_set_type+0x0/0xf0)
[   12.378599] palmas 1-0058: Irq flag is 0x00000000
[   12.392889] palmas 1-0058: Muxing GPIO ff, PWM 0, LED 0
[   12.401846] vddio-ddr: 1350 mV 
[   12.402689] vddio-ddr: supplied by vdd-ao
[   12.409635] vddio-1v8: 1800 mV 
[   12.410474] vddio-1v8: supplied by vdd-ao
[   12.417401] vdd-core: 900 <--> 1400 mV at 1100 mV 
[   12.418238] vdd-core: supplied by vdd-sys-3v3
[   12.422439] SMPS6: no parameters
[   12.430126] avdd-pll: 1050 mV 
[   12.430966] avdd-pll: supplied by vdd-sys-3v3
[   12.439290] sdhci-vdd-sd-slot: 2800 mV 
[   12.440130] sdhci-vdd-sd-slot: supplied by vdd-sys-3v3
[   12.441973] SMPS10_OUT2: at 5000 mV 
[   12.443798] SMPS10_OUT1: at 5000 mV 
[   12.446407] avdd-cam1: 2800 mV 
[   12.447255] avdd-cam1: supplied by vdd-sys-3v3
[   12.451261] avdd-cam2: 2800 mV 
[   12.452098] avdd-cam2: supplied by vdd-sys-3v3
[   12.456861] avdd-dsi-csi: 1200 mV 
[   12.457707] avdd-dsi-csi: supplied by vddio-1v8
[   12.462502] vpp-fuse: 1800 mV 
[   12.463340] vpp-fuse: supplied by vdd-sys-3v3
[   12.466550] LDO5: at 1200 mV 
[   12.467402] LDO5: supplied by vdd_ac_bat
[   12.470028] vdd-sensor-2v85: 2850 mV 
[   12.470865] vdd-sensor-2v85: supplied by vdd-sys-3v3
[   12.474881] vdd-af-cam1: 2800 mV 
[   12.475731] vdd-af-cam1: supplied by vdd-sys-3v3
[   12.483829] vdd-rtc: 900 mV 
[   12.484666] vdd-rtc: supplied by vdd-ao
[   12.488655] vddio-sdmmc-2: 1800 <--> 3300 mV at 3300 mV 
[   12.489501] vddio-sdmmc-2: supplied by sdhci-vdd-sd-slot
[   12.494286] hvdd-usb: 3300 mV 
[   12.495124] hvdd-usb: supplied by vdd-sys-5v0
[   12.499898] avdd-usb: 3300 mV 
[   12.500745] avdd-usb: supplied by vdd-sys-5v0
[   12.504037] rail-3v3: no parameters
[   12.506396] rail-5v0: no parameters
[   12.508003] REGEN3: no parameters
[   12.508204] SYSEN1: no parameters
[   12.508390] SYSEN2: no parameters
[   12.509019] Linux video capture interface: v2.00
[   12.509726] platform 7000f010.iommu: Driver tegra-smmu requests probe deferral
[   12.510035] Advanced Linux Sound Architecture Driver Initialized.
[   12.510816] Bluetooth: Core ver 2.16
[   12.510886] NET: Registered protocol family 31
[   12.510894] Bluetooth: HCI device and connection manager initialized
[   12.510918] Bluetooth: HCI socket layer initialized
[   12.510949] Bluetooth: L2CAP socket layer initialized
[   12.510997] Bluetooth: SCO socket layer initialized
[   12.511726] cfg80211: Calling CRDA to update world regulatory domain
[   12.512739] Switched to clocksource arch_sys_counter
[   12.526669] NET: Registered protocol family 2
[   12.527577] TCP established hash table entries: 8192 (order: 4, 65536 bytes)
[   12.527775] TCP bind hash table entries: 8192 (order: 4, 65536 bytes)
[   12.527951] TCP: Hash tables configured (established 8192 bind 8192)
[   12.528409] TCP: reno registered
[   12.528425] UDP hash table entries: 512 (order: 2, 16384 bytes)
[   12.528465] UDP-Lite hash table entries: 512 (order: 2, 16384 bytes)
[   12.528883] NET: Registered protocol family 1
[   12.529638] RPC: Registered named UNIX socket transport module.
[   12.529648] RPC: Registered udp transport module.
[   12.529655] RPC: Registered tcp transport module.
[   12.529662] RPC: Registered tcp NFSv4.1 backchannel transport module.
[   12.529674] PCI: CLS 0 bytes, default 64
[   12.533442] bounce pool size: 64 pages
[   12.535131] squashfs: version 4.0 (2009/01/31) Phillip Lougher
[   12.535948] msgmni has been set to 1468
[   12.537581] io scheduler noop registered (default)
[   12.561198] tegra-apbdma 6000a000.dma: Tegra20 APB DMA driver register 32 channels
[   12.561745] Serial: 8250/16550 driver, 4 ports, IRQ sharing disabled
[   12.563876] 70006300.serial: ttyS0 at MMIO 0x70006300 (irq = 122, base_baud = 25500000) is a Tegra
[   13.594964] console [ttyS0] enabled
[   13.599322] [drm] Initialized drm 1.1.0 20060810
[   13.609708] loop: module loaded
[   13.615685] m25p80 spi32766.0: w25q32dw (4096 Kbytes)
[   13.622592] pegasus: v0.9.3 (2013/04/25), Pegasus/Pegasus II USB Ethernet driver
[   13.630043] usbcore: registered new interface driver pegasus
[   13.635766] usbcore: registered new interface driver asix
[   13.641224] usbcore: registered new interface driver ax88179_178a
[   13.647348] usbcore: registered new interface driver cdc_ether
[   13.653230] usbcore: registered new interface driver r815x
[   13.658798] usbcore: registered new interface driver smsc75xx
[   13.664596] usbcore: registered new interface driver smsc95xx
[   13.670394] usbcore: registered new interface driver net1080
[   13.676093] usbcore: registered new interface driver cdc_subset
[   13.682064] usbcore: registered new interface driver zaurus
[   13.687706] usbcore: registered new interface driver cdc_ncm
[   13.693387] ehci_hcd: USB 2.0 'Enhanced' Host Controller (EHCI) Driver
[   13.699891] ehci-pci: EHCI PCI platform driver
[   13.704388] tegra-ehci: Tegra EHCI driver
[   13.708592] platform 7d008000.usb: Driver tegra-ehci requests probe deferral
[   13.715875] usbcore: registered new interface driver cdc_acm
[   13.721517] cdc_acm: USB Abstract Control Model driver for USB modems and ISDN adapters
[   13.729553] usbcore: registered new interface driver cdc_wdm
[   13.735268] usbcore: registered new interface driver usb-storage
[   13.741497] platform 7d008000.usb-phy: Driver tegra-phy requests probe deferral
[   13.749457] mousedev: PS/2 mouse device common for all mice
[   13.766964] palmas-rtc rtc.7: rtc core: registered rtc.7 as rtc0
[   13.777344] tegra_rtc 7000e000.rtc: rtc core: registered 7000e000.rtc as rtc1
[   13.784496] tegra_rtc 7000e000.rtc: Tegra internal Real Time Clock
[   13.792042] sbs-battery 0-000b: sbs_probe: Failed to get device status
[   13.798565] sbs-battery: probe of 0-000b failed with error -121
[   13.810707] sdhci: Secure Digital Host Controller Interface driver
[   13.816852] sdhci: Copyright(c) Pierre Ossman
[   13.821200] sdhci-pltfm: SDHCI platform and OF driver helper
[   13.827253] sdhci-tegra 78000400.sdhci: Got CD GPIO #170.
[   13.833700] sdhci-tegra 78000400.sdhci: dummy supplies not allowed
[   13.839862] mmc0: no vqmmc regulator found
[   13.843942] sdhci-tegra 78000400.sdhci: dummy supplies not allowed
[   13.850099] mmc0: no vmmc regulator found
[   13.854085] mmc0: Invalid maximum block size, assuming 512 bytes
[   13.897201] mmc0: SDHCI controller on 78000400.sdhci [78000400.sdhci] using ADMA
[   13.906755] sdhci-tegra 78000600.sdhci: dummy supplies not allowed
[   13.912919] mmc1: no vqmmc regulator found
[   13.917001] sdhci-tegra 78000600.sdhci: dummy supplies not allowed
[   13.923158] mmc1: no vmmc regulator found
[   13.927154] mmc1: Invalid maximum block size, assuming 512 bytes
[   13.976876] mmc1: SDHCI controller on 78000600.sdhci [78000600.sdhci] using ADMA
[   13.984935] usbcore: registered new interface driver usbhid
[   13.992535] usbhid: USB HID core driver
[   14.108643] mmc1: BKOPS_EN bit is not set
[   14.139131] mmc1: new HS200 MMC card at address 0001
[   14.144656] mmcblk0: mmc1:0001 SEM32G 29.1 GiB 
[   14.149515] mmcblk0boot0: mmc1:0001 SEM32G partition 1 4.00 MiB
[   14.155724] mmcblk0boot1: mmc1:0001 SEM32G partition 2 4.00 MiB
[   14.161899] mmcblk0rpmb: mmc1:0001 SEM32G partition 3 4.00 MiB
[   14.170217] Primary GPT is invalid, using alternate GPT.
[   14.175521]  mmcblk0: p1 p2 p3 p4 p5
[   14.182428]  mmcblk0boot1: unknown partition table
[   14.188871]  mmcblk0boot0: unknown partition table
[   14.436495] tegra-snd-rt5640 sound.4: rt5640-aif1 <-> 70080400.i2s mapping ok
[   14.448373] input: NVIDIA Tegra Dalmore Headphones as /devices/soc0/sound.4/sound/card0/input0
[   14.458617] TCP: cubic registered
[   14.462192] NET: Registered protocol family 10
[   14.468036] mip6: Mobile IPv6
[   14.470990] sit: IPv6 over IPv4 tunneling driver
[   14.477370] NET: Registered protocol family 17
[   14.481831] NET: Registered protocol family 15
[   14.486440] Bluetooth: RFCOMM socket layer initialized
[   14.491554] Bluetooth: RFCOMM ver 1.11
[   14.495300] Bluetooth: BNEP (Ethernet Emulation) ver 1.3
[   14.500597] Bluetooth: BNEP socket layer initialized
[   14.505545] Bluetooth: HIDP (Human Interface Emulation) ver 1.2
[   14.511446] Bluetooth: HIDP socket layer initialized
[   14.517001] Registering SWP/SWPB emulation handler
[   14.526430] hvdd-usb: disabling
[   14.531953] vdd-af-cam1: disabling
[   14.538053] vdd-sensor-2v85: disabling
[   14.544295] LDO5: disabling
[   14.549791] vpp-fuse: disabling
[   14.555434] avdd-cam2: disabling
[   14.561335] avdd-cam1: disabling
[   14.568381] vdd-com-3v3: disabling
[   14.572359] vdd-lvds: disabling
[   14.576092] avdd-lcd: disabling
[   14.579813] vdd-lcd-bl: disabling
[   14.584321] dvdd_ts: 1800 mV 
[   14.587923] lcd_bl_en: 5000 mV 
[   14.591512] usb1_vbus: 5000 mV 
[   14.594733] usb1_vbus: supplied by vdd-sys-5v0
[   14.599528] usb2_vbus: 5000 mV 
[   14.602682] usb2_vbus: supplied by vdd-sys-5v0
[   14.607479] vdd_hdmi_5v0: 5000 mV 
[   14.610891] vdd_hdmi_5v0: supplied by vdd-sys-5v0
[   14.617969] vdd_cam_1v8_reg: 1800 mV 
[   14.622167] platform 7d008000.usb: Driver tegra-ehci requests probe deferral
[   14.629950] tegra-ehci 7d008000.usb: EHCI Host Controller
[   14.635365] tegra-ehci 7d008000.usb: new USB bus registered, assigned bus number 1
[   14.643920] tegra-ehci 7d008000.usb: irq 129, io mem 0x7d008000
[   14.664243] tegra-ehci 7d008000.usb: USB 2.0 started, EHCI 1.10
[   14.671413] hub 1-0:1.0: USB hub found
[   14.675247] hub 1-0:1.0: 1 port detected
[   14.680706] input: gpio-keys.2 as /devices/soc0/gpio-keys.2/input/input1
[   14.691893] palmas-rtc rtc.7: setting system clock to 2000-01-10 20:17:25 UTC (947535445)
[   14.714865] ALSA device list:
[   14.717825]   #0: NVIDIA Tegra Dalmore
[   14.748170] kjournald starting.  Commit interval 5 seconds
[   14.754909] EXT3-fs (mmcblk0p1): using internal journal
[   14.760142] EXT3-fs (mmcblk0p1): recovery complete
[   14.764958] EXT3-fs (mmcblk0p1): mounted filesystem with writeback data mode
[   14.772049] VFS: Mounted root (ext3 filesystem) on device 179:1.
[   14.780233] devtmpfs: mounted
[   14.783490] Freeing unused kernel memory: 236K (c07cf000 - c080a000)
bash: cannot set terminal process group (-1): Inappropriate ioctl for device
bash: no job control in this shell
I have no name!@(none):/# [   14.993002] usb 1-1: new high-speed USB device number 2 using tegra-ehci
