
U-Boot SPL 2015.04-rc3-00209-ga74ef40 (Mar 16 2015 - 14:43:39)


U-Boot 2015.04-rc3-00209-ga74ef40 (Mar 16 2015 - 14:43:39)

TEGRA20
Model: Compulab TrimSlice board
DRAM:  1 GiB
MMC:   Tegra SD/MMC: 0, Tegra SD/MMC: 1
SF: Detected W25Q80BL with page size 256 Bytes, erase size 4 KiB, total 1 MiB
tegra-pcie: PCI regions:
tegra-pcie:   I/O: 0x82000000-0x82010000
tegra-pcie:   non-prefetchable memory: 0xa0000000-0xa8000000
tegra-pcie:   prefetchable memory: 0xa8000000-0xc0000000
tegra-pcie: dual-mode configuration
tegra-pcie: probing port 0, using 2 lanes
In:    serial
Out:   serial
Err:   serial
Net:   RTL8169#0
Hit any key to stop autoboot:  2  0 
Tegra20 (TrimSlice) # 
Tegra20 (TrimSlice) # usb reset
resetting USB...
USB0:   USB EHCI 1.00
scanning bus 0 for devices... 3 USB Device(s) found
USB1:   USB EHCI 1.00
scanning bus 1 for devices... 1 USB Device(s) found
USB2:   lowlevel init failed
       scanning usb for storage devices... 0 Storage Device(s) found
       scanning usb for ethernet devices... 
Warning: asx0 using MAC address from net device
1 Ethernet Device(s) found
Tegra20 (TrimSlice) # setenv bootargs 'ignore_loglevel console=ttyS0,115200n8 rw root=PARTUUID=11eb23c1-01 rootwait gpt debug noinitrd earlyprintk init=/bin/bash'
Tegra20 (TrimSlice) # setenv ipaddr 192.168.100.103; setenv serverip 192.168.100.1; setenv tftpserverip 192.168.100.1
Tegra20 (TrimSlice) # tftpboot 0x00408000 zImage.multi_v7_defconfig
Using RTL8169#0 device
TFTP from server 192.168.100.1; our IP address is 192.168.100.103
Filename 'zImage.multi_v7_defconfig'.
Load address: 0x408000
Loading: *#################################################################
	 #################################################################
	 #################################################################
	 #################################################################
	 #################################################################
	 #################################################################
	 #################################################################
	 ########
	 4.1 MiB/s
done
Bytes transferred = 6791776 (67a260 hex)
Tegra20 (TrimSlice) # tftpboot 0x02408000 tegra20-trimslice.dtb
Using RTL8169#0 device
TFTP from server 192.168.100.1; our IP address is 192.168.100.103
Filename 'tegra20-trimslice.dtb'.
Load address: 0x2408000
Loading: *##
	 3.4 MiB/s
done
Bytes transferred = 21130 (528a hex)
Tegra20 (TrimSlice) # bootz 0x00408000 - 0x02408000
Kernel image @ 0x408000 [ 0x000000 - 0x67a260 ]
## Flattened Device Tree blob at 02408000
   Booting using the fdt blob at 0x2408000
   Using Device Tree in place at 02408000, end 02410289

Starting kernel ...

[    0.000000] Booting Linux on physical CPU 0x0
[    0.000000] Linux version 4.5.0-rc2-next-20160208-71094-g32a75162 (pwalmsley@sellafield) (gcc version 4.7.3 20130328 (prerelease) (crosstool-NG linaro-1.13.1-4.7-2013.04-20130415 - Linaro GCC 2013.04) ) #1 SMP Mon Feb 8 03:17:37 PST 2016
[    0.000000] CPU: ARMv7 Processor [411fc090] revision 0 (ARMv7), cr=10c5387d
[    0.000000] CPU: PIPT / VIPT nonaliasing data cache, VIPT aliasing instruction cache
[    0.000000] Machine model: Compulab TrimSlice board
[    0.000000] debug: ignoring loglevel setting.
[    0.000000] cma: Reserved 64 MiB at 0x3c000000
[    0.000000] Memory policy: Data cache writealloc
[    0.000000] On node 0 totalpages: 262144
[    0.000000] free_area_init_node: node 0, pgdat c1076840, node_mem_map ef7f8000
[    0.000000]   DMA zone: 1536 pages used for memmap
[    0.000000]   DMA zone: 0 pages reserved
[    0.000000]   DMA zone: 196608 pages, LIFO batch:31
[    0.000000]   HighMem zone: 65536 pages, LIFO batch:15
[    0.000000] PERCPU: Embedded 13 pages/cpu @ef7c9000 s22976 r8192 d22080 u53248
[    0.000000] pcpu-alloc: s22976 r8192 d22080 u53248 alloc=13*4096
[    0.000000] pcpu-alloc: [0] 0 [0] 1 
[    0.000000] Built 1 zonelists in Zone order, mobility grouping on.  Total pages: 260608
[    0.000000] Kernel command line: ignore_loglevel console=ttyS0,115200n8 rw root=PARTUUID=11eb23c1-01 rootwait gpt debug noinitrd earlyprintk init=/bin/bash
[    0.000000] PID hash table entries: 4096 (order: 2, 16384 bytes)
[    0.000000] Dentry cache hash table entries: 131072 (order: 7, 524288 bytes)
[    0.000000] Inode-cache hash table entries: 65536 (order: 6, 262144 bytes)
[    0.000000] Memory: 958668K/1048576K available (8511K kernel code, 1114K rwdata, 4056K rodata, 1100K init, 345K bss, 24372K reserved, 65536K cma-reserved, 196608K highmem)
[    0.000000] Virtual kernel memory layout:
[    0.000000]     vector  : 0xffff0000 - 0xffff1000   (   4 kB)
[    0.000000]     fixmap  : 0xffc00000 - 0xfff00000   (3072 kB)
[    0.000000]     vmalloc : 0xf0800000 - 0xff800000   ( 240 MB)
[    0.000000]     lowmem  : 0xc0000000 - 0xf0000000   ( 768 MB)
[    0.000000]     pkmap   : 0xbfe00000 - 0xc0000000   (   2 MB)
[    0.000000]     modules : 0xbf000000 - 0xbfe00000   (  14 MB)
[    0.000000]       .text : 0xc0208000 - 0xc0e4efec   (12572 kB)
[    0.000000]       .init : 0xc0e4f000 - 0xc0f62000   (1100 kB)
[    0.000000]       .data : 0xc0f62000 - 0xc1078800   (1114 kB)
[    0.000000]        .bss : 0xc107b000 - 0xc10d16a0   ( 346 kB)
[    0.000000] SLUB: HWalign=64, Order=0-3, MinObjects=0, CPUs=2, Nodes=1
[    0.000000] Hierarchical RCU implementation.
[    0.000000] 	Build-time adjustment of leaf fanout to 32.
[    0.000000] 	RCU restricting CPUs from NR_CPUS=16 to nr_cpu_ids=2.
[    0.000000] RCU: Adjusting geometry for rcu_fanout_leaf=32, nr_cpu_ids=2
[    0.000000] NR_IRQS:16 nr_irqs:16 16
[    0.000000] /interrupt-controller@60004000: 128 interrupts forwarded to /interrupt-controller@50041000
[    0.000000] L2C: platform modifies aux control register: 0x02080000 -> 0x3e480001
[    0.000000] L2C: DT/platform modifies aux control register: 0x02080000 -> 0x3e480001
[    0.000000] L2C-310 errata 727915 769419 enabled
[    0.000000] L2C-310 enabling early BRESP for Cortex-A9
[    0.000000] L2C-310: enabling full line of zeros but not enabled in Cortex-A9
[    0.000000] L2C-310 ID prefetch enabled, offset 1 lines
[    0.000000] L2C-310 cache controller enabled, 8 ways, 1024 kB
[    0.000000] L2C-310: CACHE_ID 0x410000c4, AUX_CTRL 0x7e480001
[    0.000000] __clk_core_init: audio_2x would create circular parent
[    0.000000] Tegra clk 89: register failed with -22
[    0.000007] sched_clock: 32 bits at 1000kHz, resolution 1000ns, wraps every 2147483647500ns
[    0.000021] clocksource: timer_us: mask: 0xffffffff max_cycles: 0xffffffff, max_idle_ns: 1911260446275 ns
[    0.000031] Switching to timer-based delay loop, resolution 1000ns
[    0.001566] Console: colour dummy device 80x30
[    0.001588] Calibrating delay loop (skipped), value calculated using timer frequency.. 2.00 BogoMIPS (lpj=5000)
[    0.001598] pid_max: default: 32768 minimum: 301
[    0.001681] Mount-cache hash table entries: 2048 (order: 1, 8192 bytes)
[    0.001690] Mountpoint-cache hash table entries: 2048 (order: 1, 8192 bytes)
[    0.002164] CPU: Testing write buffer coherency: ok
[    0.002350] CPU0: thread -1, cpu 0, socket 0, mpidr 80000000
[    0.002395] Setting up static identity map for 0x209000 - 0x209098
[    0.003811] Tegra Revision: A03 prime SKU: 8 CPU Process: 1 SoC Process: 2
[    0.004778] CPU1: thread -1, cpu 1, socket 0, mpidr 80000001
[    0.004837] Brought up 2 CPUs
[    0.004848] SMP: Total of 2 processors activated (4.00 BogoMIPS).
[    0.004854] CPU: All CPU(s) started in SVC mode.
[    0.005470] devtmpfs: initialized
[    0.009439] VFP support v0.3: implementor 41 architecture 3 part 30 variant 9 rev 1
[    0.009825] clocksource: jiffies: mask: 0xffffffff max_cycles: 0xffffffff, max_idle_ns: 9556302231375000 ns
[    0.012975] pinctrl core: initialized pinctrl subsystem
[    0.014209] NET: Registered protocol family 16
[    0.016468] DMA: preallocated 256 KiB pool for atomic coherent allocations
[    0.029923] cpuidle: using governor menu
[    0.040554] No ATAGs?
[    0.040582] hw-breakpoint: found 5 (+1 reserved) breakpoint and 1 watchpoint registers.
[    0.040589] hw-breakpoint: maximum watchpoint size is 4 bytes.
[    0.044112] Serial: AMBA PL011 UART driver
[    0.068467] usb1_vbus: Failed to request enable GPIO170: -517
[    0.068552] reg-fixed-voltage regulators:regulator@2: Failed to register regulator: -517
[    0.072415] vgaarb: loaded
[    0.073146] SCSI subsystem initialized
[    0.073270] libata version 3.00 loaded.
[    0.073492] usbcore: registered new interface driver usbfs
[    0.073537] usbcore: registered new interface driver hub
[    0.073577] usbcore: registered new device driver usb
[    0.075661] pps_core: LinuxPPS API ver. 1 registered
[    0.075668] pps_core: Software ver. 5.3.6 - Copyright 2005-2007 Rodolfo Giometti <giometti@linux.it>
[    0.075688] PTP clock support registered
[    0.075852] EDAC MC: Ver: 3.0.0
[    0.077722] clocksource: Switched to clocksource timer_us
[    0.085685] NET: Registered protocol family 2
[    0.086106] TCP established hash table entries: 8192 (order: 3, 32768 bytes)
[    0.086176] TCP bind hash table entries: 8192 (order: 4, 65536 bytes)
[    0.086290] TCP: Hash tables configured (established 8192 bind 8192)
[    0.086357] UDP hash table entries: 512 (order: 2, 16384 bytes)
[    0.086403] UDP-Lite hash table entries: 512 (order: 2, 16384 bytes)
[    0.086576] NET: Registered protocol family 1
[    0.086814] RPC: Registered named UNIX socket transport module.
[    0.086822] RPC: Registered udp transport module.
[    0.086827] RPC: Registered tcp transport module.
[    0.086832] RPC: Registered tcp NFSv4.1 backchannel transport module.
[    0.086847] PCI: CLS 0 bytes, default 64
[    0.087645] hw perfevents: enabled with armv7_cortex_a9 PMU driver, 7 counters available
[    0.088739] futex hash table entries: 512 (order: 3, 32768 bytes)
[    0.089364] workingset: timestamp_bits=28 max_order=18 bucket_order=0
[    0.097125] squashfs: version 4.0 (2009/01/31) Phillip Lougher
[    0.097784] NFS: Registering the id_resolver key type
[    0.097814] Key type id_resolver registered
[    0.097821] Key type id_legacy registered
[    0.097881] ntfs: driver 2.1.32 [Flags: R/O].
[    0.098908] bounce: pool size: 64 pages
[    0.099065] Block layer SCSI generic (bsg) driver version 0.4 loaded (major 249)
[    0.099078] io scheduler noop registered
[    0.099088] io scheduler deadline registered
[    0.099116] io scheduler cfq registered (default)
[    0.110006] tegra-pcie 80003000.pcie-controller: dual-mode configuration
[    0.110563] tegra-pcie 80003000.pcie-controller: probing port 0, using 2 lanes
[    0.194202] tegra-pcie 80003000.pcie-controller: PCI host bridge to bus 0000:00
[    0.194214] pci_bus 0000:00: root bus resource [mem 0xa0000000-0xa7ffffff]
[    0.194223] pci_bus 0000:00: root bus resource [mem 0xa8000000-0xbfffffff pref]
[    0.194231] pci_bus 0000:00: root bus resource [bus 00-ff]
[    0.194238] pci_bus 0000:00: root bus resource [io  0x1000-0xffff]
[    0.194265] pci 0000:00:01.0: [10de:0bf0] type 01 class 0x060000
[    0.194324] pci 0000:00:01.0: PME# supported from D0 D1 D2 D3hot D3cold
[    0.194514] PCI: bus0: Fast back to back transfers disabled
[    0.194524] pci 0000:00:01.0: bridge configuration invalid ([bus 00-00]), reconfiguring
[    0.194655] pci 0000:01:00.0: [10ec:8168] type 00 class 0x020000
[    0.194677] pci 0000:01:00.0: reg 0x10: [io  0x0000-0x00ff]
[    0.194699] pci 0000:01:00.0: reg 0x18: [mem 0x00000000-0x00000fff 64bit pref]
[    0.194715] pci 0000:01:00.0: reg 0x20: [mem 0x00000000-0x00003fff 64bit pref]
[    0.194727] pci 0000:01:00.0: reg 0x30: [mem 0x00000000-0x0001ffff pref]
[    0.194803] pci 0000:01:00.0: supports D1 D2
[    0.194811] pci 0000:01:00.0: PME# supported from D0 D1 D2 D3hot D3cold
[    0.202754] PCI: bus1: Fast back to back transfers disabled
[    0.202767] pci_bus 0000:01: busn_res: [bus 01-ff] end is updated to 01
[    0.202779] Disabling cpuidle LP2 state, since PCIe IRQs are in use
[    0.202832] pci 0000:00:01.0: BAR 8: assigned [mem 0xa0000000-0xa00fffff]
[    0.202844] pci 0000:00:01.0: BAR 9: assigned [mem 0xa8000000-0xa80fffff 64bit pref]
[    0.202853] pci 0000:00:01.0: BAR 7: assigned [io  0x1000-0x1fff]
[    0.202864] pci 0000:01:00.0: BAR 6: assigned [mem 0xa0000000-0xa001ffff pref]
[    0.202874] pci 0000:01:00.0: BAR 4: assigned [mem 0xa8000000-0xa8003fff 64bit pref]
[    0.202891] pci 0000:01:00.0: BAR 2: assigned [mem 0xa8004000-0xa8004fff 64bit pref]
[    0.202907] pci 0000:01:00.0: BAR 0: assigned [io  0x1000-0x10ff]
[    0.202917] pci 0000:00:01.0: PCI bridge to [bus 01]
[    0.202925] pci 0000:00:01.0:   bridge window [io  0x1000-0x1fff]
[    0.202933] pci 0000:00:01.0:   bridge window [mem 0xa0000000-0xa00fffff]
[    0.202941] pci 0000:00:01.0:   bridge window [mem 0xa8000000-0xa80fffff 64bit pref]
[    0.202960] pci 0000:00:01.0: nv_msi_ht_cap_quirk didn't locate host bridge
[    0.203030] pcieport 0000:00:01.0: enabling device (0140 -> 0143)
[    0.203176] pcieport 0000:00:01.0: Signaling PME through PCIe PME interrupt
[    0.203185] pci 0000:01:00.0: Signaling PME through PCIe PME interrupt
[    0.203195] pcie_pme 0000:00:01.0:pcie01: service driver pcie_pme loaded
[    0.207030] tegra-apbdma 6000a000.dma: Tegra20 APB DMA driver register 16 channels
[    0.256557] Serial: 8250/16550 driver, 4 ports, IRQ sharing disabled
[    0.258943] console [ttyS0] disabled
[    0.258977] 70006000.serial: ttyS0 at MMIO 0x70006000 (irq = 279, base_baud = 13500000) is a Tegra
[    1.214662] console [ttyS0] enabled
[    1.218755] SuperH (H)SCI(F) driver initialized
[    1.224036] msm_serial: driver initialized
[    1.228301] STMicroelectronics ASC driver initialized
[    1.235142] [drm] Initialized drm 1.1.0 20060810
[    1.241172] 54280000.hdmi supply hdmi not found, using dummy regulator
[    1.250722] [drm] Supports vblank timestamp caching Rev 2 (21.10.2013).
[    1.257336] [drm] No driver support for vblank timestamp query.
[    1.263273] drm drm: No connectors reported connected with modes
[    1.269277] [drm] Cannot find any crtc or sizes - going 1024x768
[    1.291400] Console: switching to colour frame buffer device 128x48
[    1.306108] drm drm: fb0:  frame buffer device
[    1.322731] [drm] Initialized tegra 0.0.0 20120330 on minor 0
[    1.336944] brd: module loaded
[    1.344197] loop: module loaded
[    1.352514] m25p80 spi32766.0: found s25fl008k, expected w25q80bl
[    1.358649] m25p80 spi32766.0: s25fl008k (1024 Kbytes)
[    1.366219] libphy: Fixed MDIO Bus: probed
[    1.370841] CAN device driver interface
[    1.376156] igb: Intel(R) Gigabit Ethernet Network Driver - version 5.3.0-k
[    1.383115] igb: Copyright (c) 2007-2014 Intel Corporation.
[    1.389224] r8169 Gigabit Ethernet driver 2.3LK-NAPI loaded
[    1.394822] r8169 0000:01:00.0: enabling device (0140 -> 0143)
[    1.401399] r8169 0000:01:00.0 eth0: RTL8168d/8111d at 0xf0878000, 00:01:c0:13:7d:63, XID 081000c0 IRQ 296
[    1.411054] r8169 0000:01:00.0 eth0: jumbo features [frames: 9200 bytes, tx checksumming: ko]
[    1.421460] pegasus: v0.9.3 (2013/04/25), Pegasus/Pegasus II USB Ethernet driver
[    1.428912] usbcore: registered new interface driver pegasus
[    1.434620] usbcore: registered new interface driver asix
[    1.440058] usbcore: registered new interface driver ax88179_178a
[    1.446189] usbcore: registered new interface driver cdc_ether
[    1.452071] usbcore: registered new interface driver smsc75xx
[    1.457871] usbcore: registered new interface driver smsc95xx
[    1.463661] usbcore: registered new interface driver net1080
[    1.469358] usbcore: registered new interface driver cdc_subset
[    1.475313] usbcore: registered new interface driver zaurus
[    1.480953] usbcore: registered new interface driver cdc_ncm
[    1.486909] tegra-phy c5004000.usb-phy: no vbus regulator
[    1.493419] tegra-phy c5008000.usb-phy: no vbus regulator
[    1.500067] ehci_hcd: USB 2.0 'Enhanced' Host Controller (EHCI) Driver
[    1.506603] ehci-pci: EHCI PCI platform driver
[    1.511089] ehci-platform: EHCI generic platform driver
[    1.516479] ehci-omap: OMAP-EHCI Host Controller driver
[    1.521817] ehci-orion: EHCI orion driver
[    1.525947] SPEAr-ehci: EHCI SPEAr driver
[    1.530071] ehci-st: EHCI STMicroelectronics driver
[    1.535062] ehci-exynos: EHCI EXYNOS driver
[    1.539375] ehci-atmel: EHCI Atmel driver
[    1.543507] tegra-ehci: Tegra EHCI driver
[    1.568928] ulpi_phy_power_on: ulpi write failed
[    1.573548] tegra-ehci c5004000.usb: Failed to power on the phy
[    1.579478] tegra-ehci: probe of c5004000.usb failed with error -110
[    1.588463] tegra-ehci c5008000.usb: EHCI Host Controller
[    1.593877] tegra-ehci c5008000.usb: new USB bus registered, assigned bus number 1
[    1.601678] tegra-ehci c5008000.usb: irq 290, io mem 0xc5008000
[    1.612739] tegra-ehci c5008000.usb: USB 2.0 started, EHCI 1.00
[    1.619268] hub 1-0:1.0: USB hub found
[    1.623046] hub 1-0:1.0: 1 port detected
[    1.627298] ohci_hcd: USB 1.1 'Open' Host Controller (OHCI) Driver
[    1.633496] ohci-pci: OHCI PCI platform driver
[    1.637990] ohci-platform: OHCI generic platform driver
[    1.643383] ohci-omap3: OHCI OMAP3 driver
[    1.647495] SPEAr-ohci: OHCI SPEAr driver
[    1.651617] ohci-st: OHCI STMicroelectronics driver
[    1.656602] ohci-atmel: OHCI Atmel driver
[    1.661079] usbcore: registered new interface driver usb-storage
[    1.668325] mousedev: PS/2 mouse device common for all mice
[    1.675885] rtc-em3027 2-0056: rtc core: registered rtc-em3027 as rtc0
[    1.683585] tegra_rtc 7000e000.rtc: rtc core: registered 7000e000.rtc as rtc1
[    1.690755] tegra_rtc 7000e000.rtc: Tegra internal Real Time Clock
[    1.697347] i2c /dev entries driver
[    1.708610] sdhci: Secure Digital Host Controller Interface driver
[    1.714791] sdhci: Copyright(c) Pierre Ossman
[    1.720341] Synopsys Designware Multimedia Card Interface Driver
[    1.727189] sdhci-pltfm: SDHCI platform and OF driver helper
[    1.733691] mmc0: Invalid maximum block size, assuming 512 bytes
[    1.767741] mmc0: SDHCI controller on c8000000.sdhci [c8000000.sdhci] using ADMA
[    1.775234] sdhci-tegra c8000600.sdhci: Got CD GPIO
[    1.780125] sdhci-tegra c8000600.sdhci: Got WP GPIO
[    1.785162] mmc1: Invalid maximum block size, assuming 512 bytes
[    1.817822] mmc1: SDHCI controller on c8000600.sdhci [c8000600.sdhci] using ADMA
[    1.826439] ledtrig-cpu: registered to indicate activity on CPUs
[    1.832775] usbcore: registered new interface driver usbhid
[    1.838345] usbhid: USB HID core driver
[    1.846226] NET: Registered protocol family 10
[    1.851390] sit: IPv6 over IPv4 tunneling driver
[    1.856529] NET: Registered protocol family 17
[    1.860996] can: controller area network core (rev 20120528 abi 9)
[    1.867227] NET: Registered protocol family 29
[    1.871683] can: raw protocol (rev 20120528)
[    1.875959] can: broadcast manager protocol (rev 20120528 t)
[    1.881625] can: netlink gateway (rev 20130117) max_hops=1
[    1.887441] Key type dns_resolver registered
[    1.892090] ThumbEE CPU extension supported.
[    1.896375] Registering SWP/SWPB emulation handler
[    1.905911] utmi_phy_clk_enable: timeout waiting for phy to stabilize
[    1.912374] tegra-ehci c5000000.usb: EHCI Host Controller
[    1.917787] tegra-ehci c5000000.usb: new USB bus registered, assigned bus number 2
[    1.925625] tegra-ehci c5000000.usb: irq 288, io mem 0xc5000000
[    1.979750] mmc0: host does not support reading read-only switch, assuming write-enable
[    1.989557] mmc0: new high speed SDHC card at address b368
[    1.995378] mmcblk0: mmc0:b368 NCard 3.70 GiB 
[    2.001740]  mmcblk0: p1
[    2.007752] usb 1-1: new high-speed USB device number 2 using tegra-ehci
[    2.017745] tegra-ehci c5000000.usb: USB 2.0 started, EHCI 1.00
[    2.024920] hub 2-0:1.0: USB hub found
[    2.026018] mmc1: new high speed SD card at address b368
[    2.026506] mmcblk1: mmc1:b368 NCard 1.83 GiB (ro)
[    2.036465]  mmcblk1: p1 p2
[    2.041649] hub 2-0:1.0: 1 port detected
[    2.046948] input: gpio-keys as /devices/soc0/gpio-keys/input/input0
[    2.054044] rtc-em3027 2-0056: setting system clock to 2014-12-28 06:40:19 UTC (1419748819)
[    2.069409] EXT4-fs (mmcblk0p1): mounting ext3 file system using the ext4 subsystem
[    2.154052] hub 1-1:1.0: USB hub found
[    2.157955] hub 1-1:1.0: 4 ports detected
[    2.447798] usb 1-1.2: new high-speed USB device number 3 using tegra-ehci
[    3.366179] asix 1-1.2:1.0 eth1: register 'asix' at usb-c5008000.usb-1.2, ASIX AX88772 USB 2.0 Ethernet, 00:60:6e:60:6c:68
[    3.424388] EXT4-fs (mmcblk0p1): recovery complete
[    3.499285] EXT4-fs (mmcblk0p1): mounted filesystem with ordered data mode. Opts: (null)
[    3.507523] VFS: Mounted root (ext3 filesystem) on device 179:1.
[    3.517285] devtmpfs: mounted
[    3.524045] Freeing unused kernel memory: 1100K (c0e4f000 - c0f62000)
bash: cannot set terminal process group (-1): Inappropriate ioctl for device
bash: no job control in this shell
root@(none):/# 