
U-Boot SPL 2016.05-rc2 (Apr 21 2016 - 16:23:00)
Trying to boot from RAM


U-Boot 2016.05-rc2 (Apr 21 2016 - 16:23:00 -0700)

TEGRA124
Model: NVIDIA Jetson TK1
Board: NVIDIA Jetson TK1
DRAM:  2 GiB
MC:   Tegra SD/MMC: 0, Tegra SD/MMC: 1
In:    serial
Out:   serial
Err:   serial
Net:   No ethernet found.
Hit any key to stop autoboot:  2  0 
Tegra124 (Jetson TK1) # 
Tegra124 (Jetson TK1) # pci enum
Tegra124 (Jetson TK1) # setenv bootargs 'ignore_loglevel console=ttyS0,115200n8 rw root=PARTUUID=b1791faa-84e8-4e27-83a1-9fb0a77e8803 rootwait gpt debug noinitrd earlyprintk init=/bin/bash'
Tegra124 (Jetson TK1) # setenv ipaddr 192.168.100.102; setenv serverip 192.168.100.1; setenv tftpserverip 192.168.100.1
Tegra124 (Jetson TK1) # tftpboot 0x82000000 zImage.multi_v7_defconfig

Warning: eth_rtl8169 using MAC address from ROM
Using eth_rtl8169 device
TFTP from server 192.168.100.1; our IP address is 192.168.100.102
Filename 'zImage.multi_v7_defconfig'.
Load address: 0x82000000
Loading: *#################################################################
	 #################################################################
	 #################################################################
	 #################################################################
	 #################################################################
	 #################################################################
	 #################################################################
	 ##############################
	 3.9 MiB/s
done
Bytes transferred = 7108752 (6c7890 hex)
Tegra124 (Jetson TK1) # tftpboot 0x83000000 tegra124-jetson-tk1.dtb
Using eth_rtl8169 device
TFTP from server 192.168.100.1; our IP address is 192.168.100.102
Filename 'tegra124-jetson-tk1.dtb'.
Load address: 0x83000000
Loading: *#####
	 3.7 MiB/s
done
Bytes transferred = 66621 (1043d hex)
Tegra124 (Jetson TK1) # bootz 0x82000000 - 0x83000000
Kernel image @ 0x82000000 [ 0x000000 - 0x6c7890 ]
## Flattened Device Tree blob at 83000000
   Booting using the fdt blob at 0x83000000
   Using Device Tree in place at 83000000, end 8301343c

Starting kernel ...

[    0.000000] Booting Linux on physical CPU 0x0
[    0.000000] Linux version 4.8.0-rc1-next-20160815-111846-g6442b07 (pwalmsley@sellafield) (gcc version 4.7.3 20130328 (prerelease) (crosstool-NG linaro-1.13.1-4.7-2013.04-20130415 - Linaro GCC 2013.04) ) #1 SMP Sun Aug 14 20:33:39 PDT 2016
[    0.000000] CPU: ARMv7 Processor [413fc0f3] revision 3 (ARMv7), cr=10c5387d
[    0.000000] CPU: div instructions available: patching division code
[    0.000000] CPU: PIPT / VIPT nonaliasing data cache, PIPT instruction cache
[    0.000000] OF: fdt:Machine model: NVIDIA Tegra124 Jetson TK1
[    0.000000] debug: ignoring loglevel setting.
[    0.000000] cma: Reserved 64 MiB at 0xfb800000
[    0.000000] Memory policy: Data cache writealloc
[    0.000000] On node 0 totalpages: 524032
[    0.000000] free_area_init_node: node 0, pgdat c141db80, node_mem_map eeff8000
[    0.000000]   DMA zone: 1536 pages used for memmap
[    0.000000]   DMA zone: 0 pages reserved
[    0.000000]   DMA zone: 196608 pages, LIFO batch:31
[    0.000000]   HighMem zone: 327424 pages, LIFO batch:31
[    0.000000] percpu: Embedded 14 pages/cpu @eef85000 s26112 r8192 d23040 u57344
[    0.000000] pcpu-alloc: s26112 r8192 d23040 u57344 alloc=14*4096
[    0.000000] pcpu-alloc: [0] 0 [0] 1 [0] 2 [0] 3 
[    0.000000] Built 1 zonelists in Zone order, mobility grouping on.  Total pages: 522496
[    0.000000] Kernel command line: ignore_loglevel console=ttyS0,115200n8 rw root=PARTUUID=b1791faa-84e8-4e27-83a1-9fb0a77e8803 rootwait gpt debug noinitrd earlyprintk init=/bin/bash
[    0.000000] PID hash table entries: 4096 (order: 2, 16384 bytes)
[    0.000000] Dentry cache hash table entries: 131072 (order: 7, 524288 bytes)
[    0.000000] Inode-cache hash table entries: 65536 (order: 6, 262144 bytes)
[    0.000000] Memory: 1994972K/2096128K available (9216K kernel code, 1150K rwdata, 3980K rodata, 2048K init, 343K bss, 35620K reserved, 65536K cma-reserved, 1244160K highmem)
[    0.000000] Virtual kernel memory layout:
[    0.000000]     vector  : 0xffff0000 - 0xffff1000   (   4 kB)
[    0.000000]     fixmap  : 0xffc00000 - 0xfff00000   (3072 kB)
[    0.000000]     vmalloc : 0xf0800000 - 0xff800000   ( 240 MB)
[    0.000000]     lowmem  : 0xc0000000 - 0xf0000000   ( 768 MB)
[    0.000000]     pkmap   : 0xbfe00000 - 0xc0000000   (   2 MB)
[    0.000000]     modules : 0xbf000000 - 0xbfe00000   (  14 MB)
[    0.000000]       .text : 0xc0208000 - 0xc0c00000   (10208 kB)
[    0.000000]       .init : 0xc1100000 - 0xc1300000   (2048 kB)
[    0.000000]       .data : 0xc1300000 - 0xc141fa20   (1151 kB)
[    0.000000]        .bss : 0xc1421000 - 0xc1476cc8   ( 344 kB)
[    0.000000] SLUB: HWalign=64, Order=0-3, MinObjects=0, CPUs=4, Nodes=1
[    0.000000] Hierarchical RCU implementation.
[    0.000000] 	Build-time adjustment of leaf fanout to 32.
[    0.000000] 	RCU restricting CPUs from NR_CPUS=16 to nr_cpu_ids=4.
[    0.000000] RCU: Adjusting geometry for rcu_fanout_leaf=32, nr_cpu_ids=4
[    0.000000] NR_IRQS:16 nr_irqs:16 16
[    0.000000] /interrupt-controller@60004000: 160 interrupts forwarded to /interrupt-controller@50041000
[    0.000000] Tegra clk 127: register failed with -17
[    0.000007] sched_clock: 32 bits at 1000kHz, resolution 1000ns, wraps every 2147483647500ns
[    0.000030] clocksource: timer_us: mask: 0xffffffff max_cycles: 0xffffffff, max_idle_ns: 1911260446275 ns
[    0.000044] Switching to timer-based delay loop, resolution 1000ns
[    0.005447] arm_arch_timer: Architected cp15 timer(s) running at 12.00MHz (virt).
[    0.005465] clocksource: arch_sys_counter: mask: 0xffffffffffffff max_cycles: 0x2c47f4ee7, max_idle_ns: 440795202497 ns
[    0.005483] sched_clock: 56 bits at 12MHz, resolution 83ns, wraps every 4398046511096ns
[    0.005496] Switching to timer-based delay loop, resolution 83ns
[    0.006012] Console: colour dummy device 80x30
[    0.006040] Calibrating delay loop (skipped), value calculated using timer frequency.. 24.00 BogoMIPS (lpj=60000)
[    0.006054] pid_max: default: 32768 minimum: 301
[    0.006147] Mount-cache hash table entries: 2048 (order: 1, 8192 bytes)
[    0.006159] Mountpoint-cache hash table entries: 2048 (order: 1, 8192 bytes)
[    0.006765] CPU: Testing write buffer coherency: ok
[    0.006985] /cpus/cpu@0 missing clock-frequency property
[    0.007026] /cpus/cpu@1 missing clock-frequency property
[    0.007067] /cpus/cpu@2 missing clock-frequency property
[    0.007110] /cpus/cpu@3 missing clock-frequency property
[    0.007122] CPU0: thread -1, cpu 0, socket 0, mpidr 80000000
[    0.007143] Setting up static identity map for 0x80300000 - 0x80300098
[    0.010884] Tegra Revision: A01 SKU: 129 CPU Process: 1 SoC Process: 1
[    0.012358] CPU1: thread -1, cpu 1, socket 0, mpidr 80000001
[    0.016029] CPU2: thread -1, cpu 2, socket 0, mpidr 80000002
[    0.021029] CPU3: thread -1, cpu 3, socket 0, mpidr 80000003
[    0.025474] Brought up 4 CPUs
[    0.025493] SMP: Total of 4 processors activated (96.00 BogoMIPS).
[    0.025501] CPU: All CPU(s) started in SVC mode.
[    0.026957] devtmpfs: initialized
[    0.047674] VFP support v0.3: implementor 41 architecture 4 part 30 variant f rev 0
[    0.048114] clocksource: jiffies: mask: 0xffffffff max_cycles: 0xffffffff, max_idle_ns: 9556302231375000 ns
[    0.049482] pinctrl core: initialized pinctrl subsystem
[    0.051244] NET: Registered protocol family 16
[    0.053180] DMA: preallocated 256 KiB pool for atomic coherent allocations
[    0.065594] cpuidle: using governor menu
[    0.084252] No ATAGs?
[    0.084280] hw-breakpoint: found 5 (+1 reserved) breakpoint and 4 watchpoint registers.
[    0.084290] hw-breakpoint: maximum watchpoint size is 8 bytes.
[    0.090517] Serial: AMBA PL011 UART driver
[    0.125705] +5V_SYS: supplied by +VDD_MUX
[    0.126045] +3.3V_SYS: supplied by +VDD_MUX
[    0.126705] +USB0_VBUS_SW: Failed to request enable GPIO108: -517
[    0.126721] reg-fixed-voltage regulators:regulator@7: Failed to register regulator: -517
[    0.126810] +5V_USB_HS: Failed to request enable GPIO109: -517
[    0.126822] reg-fixed-voltage regulators:regulator@8: Failed to register regulator: -517
[    0.126986] +1.05V_RUN_AVDD_HDMI_PLL: Failed to request enable GPIO63: -517
[    0.126999] reg-fixed-voltage regulators:regulator@11: Failed to register regulator: -517
[    0.127083] +5V_HDMI_CON: Failed to request enable GPIO86: -517
[    0.127095] reg-fixed-voltage regulators:regulator@12: Failed to register regulator: -517
[    0.127179] +5V_SATA: Failed to request enable GPIO242: -517
[    0.127190] reg-fixed-voltage regulators:regulator@13: Failed to register regulator: -517
[    0.127272] +12V_SATA: Failed to request enable GPIO242: -517
[    0.127283] reg-fixed-voltage regulators:regulator@14: Failed to register regulator: -517
[    0.130534] vgaarb: loaded
[    0.131401] SCSI subsystem initialized
[    0.131550] libata version 3.00 loaded.
[    0.131847] usbcore: registered new interface driver usbfs
[    0.131921] usbcore: registered new interface driver hub
[    0.131996] usbcore: registered new device driver usb
[    0.135588] pps_core: LinuxPPS API ver. 1 registered
[    0.135598] pps_core: Software ver. 5.3.6 - Copyright 2005-2007 Rodolfo Giometti <giometti@linux.it>
[    0.135621] PTP clock support registered
[    0.135847] EDAC MC: Ver: 3.0.0
[    0.139050] clocksource: Switched to clocksource arch_sys_counter
[    0.150251] NET: Registered protocol family 2
[    0.150755] TCP established hash table entries: 8192 (order: 3, 32768 bytes)
[    0.150853] TCP bind hash table entries: 8192 (order: 4, 65536 bytes)
[    0.151040] TCP: Hash tables configured (established 8192 bind 8192)
[    0.151091] UDP hash table entries: 512 (order: 2, 16384 bytes)
[    0.151132] UDP-Lite hash table entries: 512 (order: 2, 16384 bytes)
[    0.151296] NET: Registered protocol family 1
[    0.151620] RPC: Registered named UNIX socket transport module.
[    0.151630] RPC: Registered udp transport module.
[    0.151637] RPC: Registered tcp transport module.
[    0.151645] RPC: Registered tcp NFSv4.1 backchannel transport module.
[    0.151656] PCI: CLS 0 bytes, default 64
[    0.152839] hw perfevents: enabled with armv7_cortex_a15 PMU driver, 7 counters available
[    0.154345] futex hash table entries: 1024 (order: 4, 65536 bytes)
[    0.155061] workingset: timestamp_bits=30 max_order=19 bucket_order=0
[    0.166347] squashfs: version 4.0 (2009/01/31) Phillip Lougher
[    0.167194] NFS: Registering the id_resolver key type
[    0.167220] Key type id_resolver registered
[    0.167229] Key type id_legacy registered
[    0.167271] ntfs: driver 2.1.32 [Flags: R/O].
[    0.168517] bounce: pool size: 64 pages
[    0.168730] Block layer SCSI generic (bsg) driver version 0.4 loaded (major 248)
[    0.168741] io scheduler noop registered
[    0.168750] io scheduler deadline registered
[    0.168946] io scheduler cfq registered (default)
[    0.174582] usb2-0 supply vbus not found, using dummy regulator
[    0.174710] usb2-1 supply vbus not found, using dummy regulator
[    0.175099] tegra-xusb-padctl 7009f000.padctl: failed to setup XUSB ports: -517
[    0.175788] libphy: mdio_driver_register: phy-bcm-ns2-pci
[    0.191614] tegra-pcie 1003000.pcie-controller: 2x1, 1x1 configuration
[    0.191667] tegra-pcie 1003000.pcie-controller: Failed to get supply 'avddio-pex': -517
[    0.198822] tegra-apbdma 60020000.dma: Tegra20 APB DMA driver register 32 channels
[    0.200606] tegra-pmc 7000e400.pmc: emergency thermal reset enabled
[    0.266417] Serial: 8250/16550 driver, 4 ports, IRQ sharing disabled
[    0.269340] console [ttyS0] disabled
[    0.269404] 70006300.serial: ttyS0 at MMIO 0x70006300 (irq = 333, base_baud = 25500000) is a Tegra
[    1.128739] console [ttyS0] enabled
[    1.133162] SuperH (H)SCI(F) driver initialized
[    1.138718] msm_serial: driver initialized
[    1.143025] STMicroelectronics ASC driver initialized
[    1.148963] serial-tegra serial@0,70006000: failed to get alias id, errno -19
[    1.156153] serial-tegra serial@0,70006040: failed to get alias id, errno -19
[    1.166359] [drm] Initialized drm 1.1.0 20060810
[    1.174212] tegra-hdmi 54280000.hdmi: failed to get HDMI regulator
[    1.193921] brd: module loaded
[    1.203080] loop: module loaded
[    1.206705] at24 0-0056: 256 byte 24c02 EEPROM, writable, 8 bytes/write
[    1.215003] as3722 4-0040: AS3722 with revision 0x1 found
[    1.226092] as3722-sd2: supplied by +5V_SYS
[    1.230797] as3722-sd3: supplied by +5V_SYS
[    1.235206] +1.35V_LP0(sd3): Bringing 0uV into 1350000-1350000uV
[    1.241606] as3722-sd4: supplied by +5V_SYS
[    1.246249] as3722-sd5: supplied by +5V_SYS
[    1.252329] as3722-ldo0: supplied by +1.35V_LP0(sd2)
[    1.258430] +1.8V_RUN_CAM: Bringing 0uV into 1800000-1800000uV
[    1.264685] as3722-ldo2: supplied by +1.8V_VDDIO
[    1.270626] as3722-ldo3: supplied by +3.3V_SYS
[    1.275132] +1.05V_LP0_VDD_RTC: Bringing 1100000uV into 1000000-1000000uV
[    1.282950] as3722-ldo4: supplied by +3.3V_SYS
[    1.287623] +2.8V_RUN_CAM: Bringing 0uV into 2800000-2800000uV
[    1.293875] as3722-ldo5: supplied by +1.8V_VDDIO
[    1.298713] +1.2V_RUN_CAM_FRONT: Bringing 0uV into 1200000-1200000uV
[    1.305692] +VDDIO_SDMMC3: bypassed regulator has no supply!
[    1.311365] +VDDIO_SDMMC3: failed to get the current voltage(-517)
[    1.317556] as3722-regulator as3722-regulator: regulator 13 register failed -517
[    1.330176] tegra-ahci 70027000.sata: couldn't get PHY in node sata: -517
[    1.350656] random: fast init done
[    1.354209] m25p80 spi32765.0: w25q32dw (4096 Kbytes)
[    1.362726] libphy: Fixed MDIO Bus: probed
[    1.367665] CAN device driver interface
[    1.373762] igb: Intel(R) Gigabit Ethernet Network Driver - version 5.3.0-k
[    1.380730] igb: Copyright (c) 2007-2014 Intel Corporation.
[    1.389742] pegasus: v0.9.3 (2013/04/25), Pegasus/Pegasus II USB Ethernet driver
[    1.397196] usbcore: registered new interface driver pegasus
[    1.402921] usbcore: registered new interface driver asix
[    1.408371] usbcore: registered new interface driver ax88179_178a
[    1.414513] usbcore: registered new interface driver cdc_ether
[    1.420412] usbcore: registered new interface driver smsc75xx
[    1.426226] usbcore: registered new interface driver smsc95xx
[    1.432025] usbcore: registered new interface driver net1080
[    1.437735] usbcore: registered new interface driver cdc_subset
[    1.443702] usbcore: registered new interface driver zaurus
[    1.449344] usbcore: registered new interface driver cdc_ncm
[    1.455231] tegra-phy 7d004000.usb-phy: no vbus regulator
[    1.462628] ehci_hcd: USB 2.0 'Enhanced' Host Controller (EHCI) Driver
[    1.469166] ehci-pci: EHCI PCI platform driver
[    1.473648] ehci-platform: EHCI generic platform driver
[    1.479115] ehci-orion: EHCI orion driver
[    1.483264] SPEAr-ehci: EHCI SPEAr driver
[    1.487441] ehci-st: EHCI STMicroelectronics driver
[    1.492480] ehci-exynos: EHCI EXYNOS driver
[    1.496839] ehci-atmel: EHCI Atmel driver
[    1.501007] tegra-ehci: Tegra EHCI driver
[    1.507851] tegra-ehci 7d004000.usb: EHCI Host Controller
[    1.513283] tegra-ehci 7d004000.usb: new USB bus registered, assigned bus number 1
[    1.521023] tegra-ehci 7d004000.usb: irq 352, io mem 0x7d004000
[    1.539076] tegra-ehci 7d004000.usb: USB 2.0 started, EHCI 1.10
[    1.545837] hub 1-0:1.0: USB hub found
[    1.549638] hub 1-0:1.0: 1 port detected
[    1.554187] ohci_hcd: USB 1.1 'Open' Host Controller (OHCI) Driver
[    1.560384] ohci-pci: OHCI PCI platform driver
[    1.564883] ohci-platform: OHCI generic platform driver
[    1.570301] ohci-omap3: OHCI OMAP3 driver
[    1.574473] SPEAr-ohci: OHCI SPEAr driver
[    1.578633] ohci-st: OHCI STMicroelectronics driver
[    1.583668] ohci-atmel: OHCI Atmel driver
[    1.588496] usbcore: registered new interface driver usb-storage
[    1.596220] mousedev: PS/2 mouse device common for all mice
[    1.605079] as3722-rtc as3722-rtc: rtc core: registered as3722-rtc as rtc0
[    1.611967] as3722-rtc as3722-rtc: RTC interrupt 375
[    1.620283] tegra_rtc 7000e000.rtc: rtc core: registered 7000e000.rtc as rtc1
[    1.627472] tegra_rtc 7000e000.rtc: Tegra internal Real Time Clock
[    1.634279] i2c /dev entries driver
[    1.645035] 0-004c supply vcc not found, using dummy regulator
[    1.660751] sdhci: Secure Digital Host Controller Interface driver
[    1.666947] sdhci: Copyright(c) Pierre Ossman
[    1.672970] Synopsys Designware Multimedia Card Interface Driver
[    1.680171] sdhci-pltfm: SDHCI platform and OF driver helper
[    1.686619] sdhci-tegra 700b0400.sdhci: Got CD GPIO
[    1.691530] sdhci-tegra 700b0400.sdhci: Got WP GPIO
[    1.696666] mmc0: Unknown controller version (3). You may experience problems.
[    1.703982] mmc0: Invalid maximum block size, assuming 512 bytes
[    1.754077] mmc0: SDHCI controller on 700b0600.sdhci [700b0600.sdhci] using ADMA 64-bit
[    1.764102] ledtrig-cpu: registered to indicate activity on CPUs
[    1.770458] usbcore: registered new interface driver usbhid
[    1.776041] usbhid: USB HID core driver
[    1.784993] tegra124-dfll 70110000.clock: couldn't get vdd_cpu regulator
[    1.799717] NET: Registered protocol family 10
[    1.804986] sit: IPv6, IPv4 and MPLS over IPv4 tunneling driver
[    1.811590] NET: Registered protocol family 17
[    1.816056] can: controller area network core (rev 20120528 abi 9)
[    1.822304] NET: Registered protocol family 29
[    1.826757] can: raw protocol (rev 20120528)
[    1.831033] can: broadcast manager protocol (rev 20160617 t)
[    1.836707] can: netlink gateway (rev 20130117) max_hops=1
[    1.842023] mmc0: new high speed MMC card at address 0001
[    1.842606] mmcblk0: mmc0:0001 SEM16G 14.7 GiB 
[    1.842863] mmcblk0boot0: mmc0:0001 SEM16G partition 1 4.00 MiB
[    1.843115] mmcblk0boot1: mmc0:0001 SEM16G partition 2 4.00 MiB
[    1.843355] mmcblk0rpmb: mmc0:0001 SEM16G partition 3 4.00 MiB
[    1.844910]  mmcblk0: p1
[    1.872692] Key type dns_resolver registered
[    1.877610] ThumbEE CPU extension supported.
[    1.881894] Registering SWP/SWPB emulation handler
[    1.888913] +3.3V_RUN: supplied by +3.3V_SYS
[    1.894284] +3.3V_AVDD_HDMI_AP_GATED: supplied by +3.3V_RUN
[    1.900430] +USB0_VBUS_SW: supplied by +5V_SYS
[    1.905571] +5V_USB_HS: supplied by +5V_SYS
[    1.911500] +3.3V_LP0: supplied by +3.3V_SYS
[    1.917666] +5V_HDMI_CON: supplied by +5V_SYS
[    1.922745] +5V_SATA: supplied by +5V_SYS
[    1.927473] +12V_SATA: supplied by +VDD_MUX
[    1.933331] usb2-0 supply vbus not found, using dummy regulator
[    1.939466] usb2-1 supply vbus not found, using dummy regulator
[    1.945791] usb3-0 supply vbus not found, using dummy regulator
[    1.952909] tegra-pcie 1003000.pcie-controller: 2x1, 1x1 configuration
[    1.959562] tegra-pcie 1003000.pcie-controller: Failed to get supply 'avddio-pex': -517
[    1.969403] tegra-hdmi 54280000.hdmi: failed to get PLL regulator
[    1.978853] as3722-sd2: supplied by +5V_SYS
[    1.983475] as3722-sd3: supplied by +5V_SYS
[    1.988009] as3722-sd4: supplied by +5V_SYS
[    1.992559] +1.05V_RUN_AVDD_HDMI_PLL: supplied by +1.05V_RUN
[    1.998335] as3722-sd5: supplied by +5V_SYS
[    2.003986] as3722-ldo0: supplied by +1.35V_LP0(sd2)
[    2.009541] as3722-ldo1: supplied by +3.3V_RUN
[    2.014350] as3722-ldo2: supplied by +1.8V_VDDIO
[    2.019982] as3722-ldo3: supplied by +3.3V_SYS
[    2.025347] as3722-ldo4: supplied by +3.3V_SYS
[    2.030077] as3722-ldo5: supplied by +1.8V_VDDIO
[    2.034976] as3722-ldo6: supplied by +3.3V_RUN
[    2.039704] as3722-ldo7: supplied by +1.8V_VDDIO
[    2.045029] +1.05V_RUN_CAM_REAR: Bringing 0uV into 1050000-1050000uV
[    2.052099] as3722-ldo9: supplied by +5V_SYS
[    2.057531] +3.3V_RUN_TOUCH: Bringing 0uV into 2800000-2800000uV
[    2.064289] as3722-ldo10: supplied by +5V_SYS
[    2.069351] +2.8V_RUN_CAM_AF: Bringing 0uV into 2800000-2800000uV
[    2.076157] as3722-ldo11: supplied by +3.3V_RUN
[    2.081416] +1.8V_RUN_VPP_FUSE: Bringing 0uV into 1800000-1800000uV
[    2.091599] tegra-ahci 70027000.sata: AHCI 0001.0301 32 slots 2 ports 3 Gbps 0x1 impl platform mode
[    2.100678] tegra-ahci 70027000.sata: flags: 64bit ncq sntf pm led pio slum part sadm sds apst 
[    2.111584] scsi host0: tegra-ahci
[    2.116259] scsi host1: tegra-ahci
[    2.120058] ata1: SATA max UDMA/133 mmio [mem 0x70027000-0x70028fff] port 0x100 irq 343
[    2.128071] ata2: DUMMY
[    2.133674] tegra-ehci 7d008000.usb: EHCI Host Controller
[    2.139134] tegra-ehci 7d008000.usb: new USB bus registered, assigned bus number 2
[    2.146898] tegra-ehci 7d008000.usb: irq 353, io mem 0x7d008000
[    2.164177] tegra-ehci 7d008000.usb: USB 2.0 started, EHCI 1.10
[    2.171308] hub 2-0:1.0: USB hub found
[    2.175164] hub 2-0:1.0: 1 port detected
[    2.181679] sdhci-tegra 700b0400.sdhci: Got CD GPIO
[    2.186638] sdhci-tegra 700b0400.sdhci: Got WP GPIO
[    2.191779] mmc1: Unknown controller version (3). You may experience problems.
[    2.199132] mmc1: Invalid maximum block size, assuming 512 bytes
[    2.249646] mmc1: SDHCI controller on 700b0400.sdhci [700b0400.sdhci] using ADMA 64-bit
[    2.262261] tegra-pcie 1003000.pcie-controller: 2x1, 1x1 configuration
[    2.276338] tegra-pcie 1003000.pcie-controller: probing port 0, using 2 lanes
[    2.285542] tegra-pcie 1003000.pcie-controller: Slot present pin change, signature: 00000008
[    2.310034] tegra-pcie 1003000.pcie-controller: probing port 1, using 1 lanes
[    2.319210] tegra-pcie 1003000.pcie-controller: Slot present pin change, signature: 00000000
[    2.334210] tegra-pcie 1003000.pcie-controller: PCI host bridge to bus 0000:00
[    2.341474] pci_bus 0000:00: root bus resource [io  0x0000-0xffff]
[    2.347705] pci_bus 0000:00: root bus resource [mem 0x13000000-0x1fffffff]
[    2.354626] pci_bus 0000:00: root bus resource [mem 0x20000000-0x3fffffff pref]
[    2.361982] pci_bus 0000:00: root bus resource [bus 00-ff]
[    2.367557] pci 0000:00:01.0: [10de:0e12] type 01 class 0x060400
[    2.373732] pci 0000:00:01.0: PME# supported from D0 D1 D2 D3hot D3cold
[    2.380773] pci 0000:00:02.0: [10de:0e13] type 01 class 0x060400
[    2.386954] pci 0000:00:02.0: PME# supported from D0 D1 D2 D3hot D3cold
[    2.393990] PCI: bus0: Fast back to back transfers disabled
[    2.399626] pci 0000:00:01.0: bridge configuration invalid ([bus 00-00]), reconfiguring
[    2.407687] pci 0000:00:02.0: bridge configuration invalid ([bus 00-00]), reconfiguring
[    2.416005] pci 0000:01:00.0: [8086:4232] type 00 class 0x028000
[    2.422099] pci 0000:01:00.0: reg 0x10: [mem 0x00000000-0x00001fff 64bit]
[    2.429174] pci 0000:01:00.0: PME# supported from D0 D3hot D3cold
[    2.447648] ata1: SATA link down (SStatus 0 SControl 300)
[    2.449189] PCI: bus1: Fast back to back transfers disabled
[    2.449202] pci_bus 0000:01: busn_res: [bus 01-ff] end is updated to 01
[    2.449496] pci 0000:02:00.0: [10ec:8168] type 00 class 0x020000
[    2.449533] pci 0000:02:00.0: reg 0x10: [io  0x0000-0x00ff]
[    2.449574] pci 0000:02:00.0: reg 0x18: [mem 0x00000000-0x00000fff 64bit]
[    2.449603] pci 0000:02:00.0: reg 0x20: [mem 0x00000000-0x00003fff 64bit pref]
[    2.449779] pci 0000:02:00.0: supports D1 D2
[    2.449784] pci 0000:02:00.0: PME# supported from D0 D1 D2 D3hot D3cold
[    2.464206] PCI: bus2: Fast back to back transfers disabled
[    2.464220] pci_bus 0000:02: busn_res: [bus 02-ff] end is updated to 02
[    2.464411] pci 0000:00:01.0: BAR 8: assigned [mem 0x13000000-0x130fffff]
[    2.464420] pci 0000:00:02.0: BAR 8: assigned [mem 0x13100000-0x131fffff]
[    2.464430] pci 0000:00:02.0: BAR 9: assigned [mem 0x20000000-0x200fffff 64bit pref]
[    2.464438] pci 0000:00:02.0: BAR 7: assigned [io  0x1000-0x1fff]
[    2.464452] pci 0000:01:00.0: BAR 0: assigned [mem 0x13000000-0x13001fff 64bit]
[    2.464487] pci 0000:00:01.0: PCI bridge to [bus 01]
[    2.464498] pci 0000:00:01.0:   bridge window [mem 0x13000000-0x130fffff]
[    2.464518] pci 0000:02:00.0: BAR 4: assigned [mem 0x20000000-0x20003fff 64bit pref]
[    2.464546] pci 0000:02:00.0: BAR 2: assigned [mem 0x13100000-0x13100fff 64bit]
[    2.464574] pci 0000:02:00.0: BAR 0: assigned [io  0x1000-0x10ff]
[    2.464587] pci 0000:00:02.0: PCI bridge to [bus 02]
[    2.464594] pci 0000:00:02.0:   bridge window [io  0x1000-0x1fff]
[    2.464606] pci 0000:00:02.0:   bridge window [mem 0x13100000-0x131fffff]
[    2.464616] pci 0000:00:02.0:   bridge window [mem 0x20000000-0x200fffff 64bit pref]
[    2.464656] pci 0000:00:01.0: nv_msi_ht_cap_quirk didn't locate host bridge
[    2.464772] pcieport 0000:00:01.0: enabling device (0140 -> 0142)
[    2.465060] pcieport 0000:00:01.0: Signaling PME through PCIe PME interrupt
[    2.465066] pci 0000:01:00.0: Signaling PME through PCIe PME interrupt
[    2.465077] pcie_pme 0000:00:01.0:pcie001: service driver pcie_pme loaded
[    2.465197] pci 0000:00:02.0: nv_msi_ht_cap_quirk didn't locate host bridge
[    2.465278] pcieport 0000:00:02.0: enabling device (0140 -> 0143)
[    2.465524] pcieport 0000:00:02.0: Signaling PME through PCIe PME interrupt
[    2.465530] pci 0000:02:00.0: Signaling PME through PCIe PME interrupt
[    2.465540] pcie_pme 0000:00:02.0:pcie001: service driver pcie_pme loaded
[    2.465878] r8169 Gigabit Ethernet driver 2.3LK-NAPI loaded
[    2.465902] r8169 0000:02:00.0: enabling device (0140 -> 0143)
[    2.485844] r8169 0000:02:00.0 eth0: RTL8168g/8111g at 0xf0a4d000, 00:04:4b:3a:d9:81, XID 0c000800 IRQ 393
[    2.485853] r8169 0000:02:00.0 eth0: jumbo features [frames: 9200 bytes, tx checksumming: ko]
[    2.495351] [drm] Supports vblank timestamp caching Rev 2 (21.10.2013).
[    2.495355] [drm] No driver support for vblank timestamp query.
[    2.495384] drm drm: No connectors reported connected with modes
[    2.495393] [drm] Cannot find any crtc or sizes - going 1024x768
[    2.537985] mmc1: new high speed SDHC card at address aaaa
[    2.539311] mmcblk1: mmc1:aaaa SD04G 3.69 GiB 
[    2.553249]  mmcblk1: p1 p2 p3
[    2.749856] Console: switching to colour frame buffer device 128x48
[    2.763459] drm drm: fb0:  frame buffer device
[    2.784160] [drm] Initialized tegra 0.0.0 20120330 on minor 0
[    2.791507] of: dev_pm_opp_of_cpumask_add_table: couldn't find opp table for cpu:0, -19
[    2.799553] cpufreq: cpufreq_online: CPU0: Running at unlisted freq: 696000 KHz
[    2.806933] cpufreq: cpufreq_online: CPU0: Unlisted initial frequency changed to: 714000 KHz
[    2.816468] input: gpio-keys as /devices/soc0/gpio-keys/input/input0
[    2.823952] as3722-rtc as3722-rtc: setting system clock to 2000-01-01 00:00:40 UTC (946684840)
[    2.837283] +USB0_VBUS_SW: disabling
[    2.840868] +1.8V_RUN_CAM: disabling
[    2.844736] +2.8V_RUN_CAM: disabling
[    2.848652] +1.2V_RUN_CAM_FRONT: disabling
[    2.852963] +1.05V_RUN_CAM_REAR: disabling
[    2.857266] +3.3V_RUN_TOUCH: disabling
[    2.861220] +2.8V_RUN_CAM_AF: disabling
[    2.865260] +1.8V_RUN_VPP_FUSE: disabling
[    2.870955] EXT4-fs (mmcblk0p1): mounting ext3 file system using the ext4 subsystem
[    2.893449] EXT4-fs (mmcblk0p1): recovery complete
[    2.898290] EXT4-fs (mmcblk0p1): mounted filesystem with ordered data mode. Opts: (null)
[    2.906429] VFS: Mounted root (ext3 filesystem) on device 179:1.
[    2.916936] devtmpfs: mounted
[    2.921245] Freeing unused kernel memory: 2048K (c1100000 - c1300000)
bash: cannot set terminal process group (-1): Inappropriate ioctl for device
bash: no job control in this shell
root@(none):/# mount -t sysfs none /sys
root@(none):/# 
root@(none):/# mount -t debugfs none /sys/kernel/debug
root@(none):/# 
root@(none):/# rtcwake -d rtc1 -m mem -s 3
rtcwake: assuming RTC uses UTC ...
rtcwake: wakeup from "mem" using /dev/rtc1 at Thu Jan  1 00:00:19 1970
[    6.450278] PM: Syncing filesystems ... done.
[    6.484186] Freezing user space processes ... (elapsed 0.001 seconds) done.
[    6.492966] Double checking all user space processes after OOM killer disable... (elapsed 0.000 seconds) 
[    6.502949] Freezing remaining freezable tasks ... (elapsed 0.001 seconds) done.
[    6.512387] Suspending console(s) (use no_console_suspend to debug)
[    6.622674] PM: suspend of devices complete after 100.000 msecs
[    6.633455] PM: late suspend of devices complete after 10.741 msecs
[    6.659353] PM: noirq suspend of devices complete after 25.871 msecs
[    6.659363] Disabling non-boot CPUs ...
[    6.661838] CPU1: shutdown
[    6.686889] CPU2: shutdown
[    6.710674] CPU3: shutdown
[    6.732625] Entering suspend state LP1
[    6.732640] Enabling non-boot CPUs ...
[    6.744874] CPU1 is up
[    6.764920] CPU2 is up
[    6.785056] CPU3 is up
[    6.785788] pcieport 0000:00:01.0: nv_msi_ht_cap_quirk didn't locate host bridge
[    6.785791] pcieport 0000:00:02.0: nv_msi_ht_cap_quirk didn't locate host bridge
[    6.804127] PM: noirq resume of devices complete after 19.064 msecs
[    6.805209] PM: early resume of devices complete after 0.774 msecs
[    6.834179] PM: resume of devices complete after 28.961 msecs
[    6.912921] Restarting tasks ... done.
root@(none):/# 
root@(none):/# [    7.126857] ata1: SATA link down (SStatus 0 SControl 300)
rtcwake -d rtc1 -m mem -s 3
rtcwake: assuming RTC uses UTC ...
rtcwake: wakeup from "mem" using /dev/rtc1 at Thu Jan  1 00:00:24 1970
[    8.249743] PM: Syncing filesystems ... done.
[    8.281897] Freezing user space processes ... (elapsed 0.001 seconds) done.
[    8.290864] Double checking all user space processes after OOM killer disable... (elapsed 0.000 seconds) 
[    8.300825] Freezing remaining freezable tasks ... (elapsed 0.001 seconds) done.
[    8.310386] Suspending console(s) (use no_console_suspend to debug)
[    8.415880] PM: suspend of devices complete after 95.061 msecs
[    8.418914] PM: late suspend of devices complete after 3.021 msecs
[    8.440361] PM: noirq suspend of devices complete after 21.438 msecs
[    8.440364] Disabling non-boot CPUs ...
[    8.440742] IRQ17 no longer affine to CPU1
[    8.441048] CPU1: shutdown
[    8.466079] CPU2: shutdown
[    8.495814] CPU3: shutdown
[    8.519955] Entering suspend state LP1
[    8.519970] Enabling non-boot CPUs ...
[    8.534866] CPU1 is up
[    8.554897] CPU2 is up
[    8.575039] CPU3 is up
[    8.575814] pcieport 0000:00:02.0: nv_msi_ht_cap_quirk didn't locate host bridge
[    8.575816] pcieport 0000:00:01.0: nv_msi_ht_cap_quirk didn't locate host bridge
[    8.594116] PM: noirq resume of devices complete after 19.071 msecs
[    8.595922] PM: early resume of devices complete after 1.470 msecs
[    8.624704] PM: resume of devices complete after 28.774 msecs
[    8.707404] Restarting tasks ... done.
root@(none):/# 
root@(none):/# [    8.916781] ata1: SATA link down (SStatus 0 SControl 300)
rtcwake -d rtc1 -m mem -s 3
rtcwake: assuming RTC uses UTC ...
rtcwake: wakeup from "mem" using /dev/rtc1 at Thu Jan  1 00:00:29 1970
[   10.030232] PM: Syncing filesystems ... done.
[   10.061803] Freezing user space processes ... (elapsed 0.001 seconds) done.
[   10.070777] Double checking all user space processes after OOM killer disable... (elapsed 0.000 seconds) 
[   10.080705] Freezing remaining freezable tasks ... (elapsed 0.001 seconds) done.
[   10.090273] Suspending console(s) (use no_console_suspend to debug)
[   10.187589] PM: suspend of devices complete after 87.183 msecs
[   10.198012] PM: late suspend of devices complete after 10.383 msecs
[   10.224429] PM: noirq suspend of devices complete after 26.389 msecs
[   10.224440] Disabling non-boot CPUs ...
[   10.226844] CPU1: shutdown
[   10.250658] IRQ17 no longer affine to CPU2
[   10.251682] CPU2: shutdown
[   10.280612] CPU3: shutdown
[   10.302577] Entering suspend state LP1
[   10.302592] Enabling non-boot CPUs ...
[   10.314833] CPU1 is up
[   10.334867] CPU2 is up
[   10.355001] CPU3 is up
[   10.355689] pcieport 0000:00:02.0: nv_msi_ht_cap_quirk didn't locate host bridge
[   10.355793] pcieport 0000:00:01.0: nv_msi_ht_cap_quirk didn't locate host bridge
[   10.374085] PM: noirq resume of devices complete after 19.079 msecs
[   10.375620] PM: early resume of devices complete after 1.199 msecs
[   10.404533] PM: resume of devices complete after 28.904 msecs
[   10.487320] Restarting tasks ... done.
root@(none):/# 
root@(none):/# [   10.696770] ata1: SATA link down (SStatus 0 SControl 300)
rtcwake -d rtc1 -m mem -s 3
rtcwake: assuming RTC uses UTC ...
rtcwake: wakeup from "mem" using /dev/rtc1 at Thu Jan  1 00:00:34 1970
[   11.816003] PM: Syncing filesystems ... done.
[   11.848096] Freezing user space processes ... (elapsed 0.001 seconds) done.
[   11.857041] Double checking all user space processes after OOM killer disable... (elapsed 0.000 seconds) 
[   11.867014] Freezing remaining freezable tasks ... (elapsed 0.001 seconds) done.
[   11.876238] Suspending console(s) (use no_console_suspend to debug)
[   11.985890] PM: suspend of devices complete after 102.151 msecs
[   11.989352] PM: late suspend of devices complete after 3.447 msecs
[   12.010573] PM: noirq suspend of devices complete after 21.212 msecs
[   12.010577] Disabling non-boot CPUs ...
[   12.011350] CPU1: shutdown
[   12.040941] IRQ17 no longer affine to CPU2
[   12.041294] CPU2: shutdown
[   12.071002] CPU3: shutdown
[   12.095031] Entering suspend state LP1
[   12.095045] Enabling non-boot CPUs ...
[   12.109813] CPU1 is up
[   12.129839] CPU2 is up
[   12.149963] CPU3 is up
[   12.150712] pcieport 0000:00:02.0: nv_msi_ht_cap_quirk didn't locate host bridge
[   12.150714] pcieport 0000:00:01.0: nv_msi_ht_cap_quirk didn't locate host bridge
[   12.169062] PM: noirq resume of devices complete after 19.093 msecs
[   12.171069] PM: early resume of devices complete after 1.664 msecs
[   12.199713] PM: resume of devices complete after 28.635 msecs
[   12.282473] Restarting tasks ... done.
root@(none):/# 
root@(none):/# [   12.491682] ata1: SATA link down (SStatus 0 SControl 300)
rtcwake -d rtc1 -m mem -s 3
rtcwake: assuming RTC uses UTC ...
rtcwake: wakeup from "mem" using /dev/rtc1 at Thu Jan  1 00:00:39 1970
[   13.605446] PM: Syncing filesystems ... done.
[   13.637593] Freezing user space processes ... (elapsed 0.001 seconds) done.
[   13.646557] Double checking all user space processes after OOM killer disable... (elapsed 0.000 seconds) 
[   13.656469] Freezing remaining freezable tasks ... (elapsed 0.001 seconds) done.
[   13.666056] Suspending console(s) (use no_console_suspend to debug)
[   13.767523] PM: suspend of devices complete after 91.336 msecs
[   13.778090] PM: late suspend of devices complete after 10.528 msecs
[   13.804239] PM: noirq suspend of devices complete after 26.121 msecs
[   13.804249] Disabling non-boot CPUs ...
[   13.806746] CPU1: shutdown
[   13.835615] IRQ17 no longer affine to CPU2
[   13.836637] CPU2: shutdown
[   13.865579] CPU3: shutdown
[   13.887510] Entering suspend state LP1
[   13.887524] Enabling non-boot CPUs ...
[   13.899781] CPU1 is up
[   13.919801] CPU2 is up
[   13.939945] CPU3 is up
[   13.940685] pcieport 0000:00:02.0: nv_msi_ht_cap_quirk didn't locate host bridge
[   13.940688] pcieport 0000:00:01.0: nv_msi_ht_cap_quirk didn't locate host bridge
[   13.959030] PM: noirq resume of devices complete after 19.079 msecs
[   13.960556] PM: early resume of devices complete after 1.200 msecs
[   13.989825] PM: resume of devices complete after 29.258 msecs
[   14.072633] Restarting tasks ... done.
root@(none):/# 
root@(none):/# [   14.281711] ata1: SATA link down (SStatus 0 SControl 300)
rtcwake -d rtc1 -m mem -s 3
rtcwake: assuming RTC uses UTC ...
rtcwake: wakeup from "mem" using /dev/rtc1 at Thu Jan  1 00:00:44 1970
[   15.398746] PM: Syncing filesystems ... done.
[   15.430903] Freezing user space processes ... (elapsed 0.001 seconds) done.
[   15.439856] Double checking all user space processes after OOM killer disable... (elapsed 0.000 seconds) 
[   15.449836] Freezing remaining freezable tasks ... (elapsed 0.001 seconds) done.
[   15.459489] Suspending console(s) (use no_console_suspend to debug)
[   15.582508] PM: suspend of devices complete after 112.736 msecs
[   15.592942] PM: late suspend of devices complete after 10.393 msecs
[   15.619170] PM: noirq suspend of devices complete after 26.200 msecs
[   15.619180] Disabling non-boot CPUs ...
[   15.621562] CPU1: shutdown
[   15.650588] IRQ17 no longer affine to CPU2
[   15.651616] CPU2: shutdown
[   15.680556] CPU3: shutdown
[   15.702491] Entering suspend state LP1
[   15.702506] Enabling non-boot CPUs ...
[   15.714753] CPU1 is up
[   15.734782] CPU2 is up
[   15.754917] CPU3 is up
[   15.755607] pcieport 0000:00:02.0: nv_msi_ht_cap_quirk didn't locate host bridge
[   15.755722] pcieport 0000:00:01.0: nv_msi_ht_cap_quirk didn't locate host bridge
[   15.774000] PM: noirq resume of devices complete after 19.077 msecs
[   15.775629] PM: early resume of devices complete after 1.294 msecs
[   15.804433] PM: resume of devices complete after 28.794 msecs
[   15.887323] Restarting tasks ... done.
root@(none):/# 
root@(none):/# [   16.096677] ata1: SATA link down (SStatus 0 SControl 300)
rtcwake -d rtc1 -m mem -s 3
rtcwake: assuming RTC uses UTC ...
rtcwake: wakeup from "mem" using /dev/rtc1 at Thu Jan  1 00:00:49 1970
[   17.214164] PM: Syncing filesystems ... done.
[   17.245551] Freezing user space processes ... (elapsed 0.001 seconds) done.
[   17.254554] Double checking all user space processes after OOM killer disable... (elapsed 0.000 seconds) 
[   17.264534] Freezing remaining freezable tasks ... (elapsed 0.001 seconds) done.
[   17.274112] Suspending console(s) (use no_console_suspend to debug)
[   17.377439] PM: suspend of devices complete after 93.052 msecs
[   17.388020] PM: late suspend of devices complete after 10.540 msecs
[   17.414231] PM: noirq suspend of devices complete after 26.182 msecs
[   17.414242] Disabling non-boot CPUs ...
[   17.415697] IRQ17 no longer affine to CPU1
[   17.416752] CPU1: shutdown
[   17.456555] CPU2: shutdown
[   17.485509] CPU3: shutdown
[   17.507446] Entering suspend state LP1
[   17.507461] Enabling non-boot CPUs ...
[   17.519724] CPU1 is up
[   17.539754] CPU2 is up
[   17.559885] CPU3 is up
[   17.560631] pcieport 0000:00:02.0: nv_msi_ht_cap_quirk didn't locate host bridge
[   17.560633] pcieport 0000:00:01.0: nv_msi_ht_cap_quirk didn't locate host bridge
[   17.578969] PM: noirq resume of devices complete after 19.078 msecs
[   17.580468] PM: early resume of devices complete after 1.179 msecs
[   17.609073] PM: resume of devices complete after 28.596 msecs
[   17.691804] Restarting tasks ... done.
root@(none):/# 
root@(none):/# [   17.901649] ata1: SATA link down (SStatus 0 SControl 300)
rtcwake -d rtc1 -m mem -s 3
rtcwake: assuming RTC uses UTC ...
rtcwake: wakeup from "mem" using /dev/rtc1 at Thu Jan  1 00:00:54 1970
[   19.018599] PM: Syncing filesystems ... done.
[   19.050878] Freezing user space processes ... (elapsed 0.001 seconds) done.
[   19.059571] Double checking all user space processes after OOM killer disable... (elapsed 0.000 seconds) 
[   19.069270] Freezing remaining freezable tasks ... (elapsed 0.001 seconds) done.
[   19.078118] Suspending console(s) (use no_console_suspend to debug)
[   19.170768] PM: suspend of devices complete after 84.971 msecs
[   19.174672] PM: late suspend of devices complete after 3.888 msecs
[   19.195649] PM: noirq suspend of devices complete after 20.966 msecs
[   19.195653] Disabling non-boot CPUs ...
[   19.196149] IRQ17 no longer affine to CPU1
[   19.196543] CPU1: shutdown
[   19.231526] CPU2: shutdown
[   19.261168] CPU3: shutdown
[   19.285067] Entering suspend state LP1
[   19.285082] Enabling non-boot CPUs ...
[   19.299690] CPU1 is up
[   19.319724] CPU2 is up
[   19.339868] CPU3 is up
[   19.340606] pcieport 0000:00:01.0: nv_msi_ht_cap_quirk didn't locate host bridge
[   19.340608] pcieport 0000:00:02.0: nv_msi_ht_cap_quirk didn't locate host bridge
[   19.358944] PM: noirq resume of devices complete after 19.070 msecs
[   19.360581] PM: early resume of devices complete after 1.321 msecs
[   19.389584] PM: resume of devices complete after 28.993 msecs
[   19.472331] Restarting tasks ... done.
root@(none):/# 
root@(none):/# [   19.681626] ata1: SATA link down (SStatus 0 SControl 300)
rtcwake -d rtc1 -m mem -s 3
rtcwake: assuming RTC uses UTC ...
rtcwake: wakeup from "mem" using /dev/rtc1 at Thu Jan  1 00:00:59 1970
[   20.797157] PM: Syncing filesystems ... done.
[   20.829466] Freezing user space processes ... (elapsed 0.001 seconds) done.
[   20.838408] Double checking all user space processes after OOM killer disable... (elapsed 0.000 seconds) 
[   20.848387] Freezing remaining freezable tasks ... (elapsed 0.001 seconds) done.
[   20.857908] Suspending console(s) (use no_console_suspend to debug)
[   20.977256] PM: suspend of devices complete after 109.118 msecs
[   20.984776] PM: late suspend of devices complete after 7.481 msecs
[   21.009298] PM: noirq suspend of devices complete after 24.493 msecs
[   21.009308] Disabling non-boot CPUs ...
[   21.011756] CPU1: shutdown
[   21.036471] CPU2: shutdown
[   21.059452] IRQ17 no longer affine to CPU3
[   21.060486] CPU3: shutdown
[   21.092377] Entering suspend state LP1
[   21.092391] Enabling non-boot CPUs ...
[   21.104664] CPU1 is up
[   21.124693] CPU2 is up
[   21.144829] CPU3 is up
[   21.145513] pcieport 0000:00:01.0: nv_msi_ht_cap_quirk didn't locate host bridge
[   21.145576] pcieport 0000:00:02.0: nv_msi_ht_cap_quirk didn't locate host bridge
[   21.163902] PM: noirq resume of devices complete after 19.068 msecs
[   21.164980] PM: early resume of devices complete after 0.765 msecs
[   21.193897] PM: resume of devices complete after 28.909 msecs
[   21.276624] Restarting tasks ... done.
root@(none):/# 
root@(none):/# [   21.486521] ata1: SATA link down (SStatus 0 SControl 300)
rtcwake -d rtc1 -m mem -s 3
rtcwake: assuming RTC uses UTC ...
rtcwake: wakeup from "mem" using /dev/rtc1 at Thu Jan  1 00:01:04 1970
[   22.605037] PM: Syncing filesystems ... done.
[   22.636037] Freezing user space processes ... (elapsed 0.001 seconds) done.
[   22.645014] Double checking all user space processes after OOM killer disable... (elapsed 0.000 seconds) 
[   22.654987] Freezing remaining freezable tasks ... (elapsed 0.001 seconds) done.
[   22.664549] Suspending console(s) (use no_console_suspend to debug)
[   22.781614] PM: suspend of devices complete after 106.886 msecs
[   22.791873] PM: late suspend of devices complete after 10.221 msecs
[   22.814043] PM: noirq suspend of devices complete after 22.141 msecs
[   22.814053] Disabling non-boot CPUs ...
[   22.815399] IRQ17 no longer affine to CPU1
[   22.816457] CPU1: shutdown
[   22.846557] CPU2: shutdown
[   22.875440] CPU3: shutdown
[   22.897341] Entering suspend state LP1
[   22.897356] Enabling non-boot CPUs ...
[   22.909641] CPU1 is up
[   22.929666] CPU2 is up
[   22.949800] CPU3 is up
[   22.950506] pcieport 0000:00:01.0: nv_msi_ht_cap_quirk didn't locate host bridge
[   22.950660] pcieport 0000:00:02.0: nv_msi_ht_cap_quirk didn't locate host bridge
[   22.968881] PM: noirq resume of devices complete after 19.075 msecs
[   22.970638] PM: early resume of devices complete after 1.420 msecs
[   22.999320] PM: resume of devices complete after 28.673 msecs
[   23.082217] Restarting tasks ... done.
root@(none):/# 
root@(none):/# [   23.291535] ata1: SATA link down (SStatus 0 SControl 300)
NVTB SYSTEM SUSPEND TEST COMPLETE
