
U-Boot SPL 2014.01-00219-gc4d376f (Feb 18 2014 - 19:57:18)


U-Boot 2014.01-00219-gc4d376f (Feb 18 2014 - 19:57:18)

TEGRA30
Board: NVIDIA Beaver
I2C:   ready
DRAM:  2 GiB
MMC:   Tegra SD/MMC: 0, Tegra SD/MMC: 1
In:    serial
Out:   serial
Err:   serial
Net:   Net Initialization Skipped
No ethernet found.
Hit any key to stop autoboot:  2  0 
Tegra30 (Beaver) # 
Tegra30 (Beaver) # usb reset
(Re)start USB...
USB0:   USB EHCI 1.00
scanning bus 0 for devices... 2 USB Device(s) found
       scanning usb for storage devices... 0 Storage Device(s) found
       scanning usb for ethernet devices... 
Warning: asx0 using MAC address from net device
1 Ethernet Device(s) found
Tegra30 (Beaver) # setenv bootargs 'ignore_loglevel console=ttyS0,115200n8 rw root=/dev/mmcblk0p1 rootwait gpt debug init=/bin/bash noinitrd'
Tegra30 (Beaver) # setenv ipaddr 192.168.100.101; setenv serverip 192.168.100.1; setenv tftpserverip 192.168.100.1
Tegra30 (Beaver) # tftpboot 0x81000000 zImage.tegra_defconfig
Using asx0 device
TFTP from server 192.168.100.1; our IP address is 192.168.100.101
Filename 'zImage.tegra_defconfig'.
Load address: 0x81000000
Loading: *#################################################################
	 #################################################################
	 #################################################################
	 #################################################################
	 ###############################
	 3.6 MiB/s
done
Bytes transferred = 4258352 (40fa30 hex)
Tegra30 (Beaver) # tftpboot 0x82000000 tegra30-beaver.dtb
Using asx0 device
TFTP from server 192.168.100.1; our IP address is 192.168.100.101
Filename 'tegra30-beaver.dtb'.
Load address: 0x82000000
Loading: *##
	 2.8 MiB/s
done
Bytes transferred = 23852 (5d2c hex)
Tegra30 (Beaver) # bootz 0x81000000 - 0x82000000
Kernel image @ 0x81000000 [ 0x000000 - 0x40fa30 ]
## Flattened Device Tree blob at 82000000
   Booting using the fdt blob at 0x82000000
   Loading Device Tree to 8fff7000, end 8ffffd2b ... OK

Starting kernel ...

Uncompressing Linux... done, booting the kernel.
[    0.000000] Booting Linux on physical CPU 0x0
[    0.000000] Initializing cgroup subsys cpu
[    0.000000] Initializing cgroup subsys cpuacct
[    0.000000] Linux version 3.14.0-rc4-next-20140225-43671-g7b8d52f (pwalmsley@tamien) (gcc version 4.7.3 20130328 (prerelease) (crosstool-NG linaro-1.13.1-4.7-2013.04-20130415 - Linaro GCC 2013.04) ) #1 SMP PREEMPT Thu Feb 27 09:22:20 PST 2014
[    0.000000] CPU: ARMv7 Processor [412fc099] revision 9 (ARMv7), cr=10c5387d
[    0.000000] CPU: PIPT / VIPT nonaliasing data cache, VIPT aliasing instruction cache
[    0.000000] Machine model: NVIDIA Tegra30 Beaver evaluation board
[    0.000000] debug: ignoring loglevel setting.
[    0.000000] cma: CMA: reserved 16 MiB at ae800000
[    0.000000] Memory policy: Data cache writealloc
[    0.000000] On node 0 totalpages: 524032
[    0.000000] free_area_init_node: node 0, pgdat c0827bc0, node_mem_map ed7f0000
[    0.000000]   Normal zone: 1520 pages used for memmap
[    0.000000]   Normal zone: 0 pages reserved
[    0.000000]   Normal zone: 194560 pages, LIFO batch:31
[    0.000000]   HighMem zone: 2574 pages used for memmap
[    0.000000]   HighMem zone: 329472 pages, LIFO batch:31
[    0.000000] fuse_speedo_calib: ATE prog ver 3.3
[    0.000000] Tegra30: CPU Speedo ID 5, Soc Speedo ID 2
[    0.000000] Tegra Revision: A03 SKU: 128 CPU Process: 4 Core Process: 0
[    0.000000] L310 cache controller enabled
[    0.000000] l2x0: 8 ways, CACHE_ID 0x410000c7, AUX_CTRL 0x7e480001, Cache size: 1024 kB
[    0.000000] PERCPU: Embedded 8 pages/cpu @ed7bc000 s9088 r8192 d15488 u32768
[    0.000000] pcpu-alloc: s9088 r8192 d15488 u32768 alloc=8*4096
[    0.000000] pcpu-alloc: [0] 0 [0] 1 [0] 2 [0] 3 
[    0.000000] Built 1 zonelists in Zone order, mobility grouping on.  Total pages: 522512
[    0.000000] Kernel command line: ignore_loglevel console=ttyS0,115200n8 rw root=/dev/mmcblk0p1 rootwait gpt debug init=/bin/bash noinitrd
[    0.000000] PID hash table entries: 4096 (order: 2, 16384 bytes)
[    0.000000] Dentry cache hash table entries: 131072 (order: 7, 524288 bytes)
[    0.000000] Inode-cache hash table entries: 65536 (order: 6, 262144 bytes)
[    0.000000] Memory: 2053600K/2096128K available (5793K kernel code, 324K rwdata, 1952K rodata, 248K init, 344K bss, 42528K reserved, 1317888K highmem)
[    0.000000] Virtual kernel memory layout:
[    0.000000]     vector  : 0xffff0000 - 0xffff1000   (   4 kB)
[    0.000000]     fixmap  : 0xfff00000 - 0xfffe0000   ( 896 kB)
[    0.000000]     vmalloc : 0xf0000000 - 0xff000000   ( 240 MB)
[    0.000000]     lowmem  : 0xc0000000 - 0xef800000   ( 760 MB)
[    0.000000]     pkmap   : 0xbfe00000 - 0xc0000000   (   2 MB)
[    0.000000]     modules : 0xbf000000 - 0xbfe00000   (  14 MB)
[    0.000000]       .text : 0xc0008000 - 0xc0798818   (7747 kB)
[    0.000000]       .init : 0xc0799000 - 0xc07d7380   ( 249 kB)
[    0.000000]       .data : 0xc07d8000 - 0xc08293e0   ( 325 kB)
[    0.000000]        .bss : 0xc08293ec - 0xc087f790   ( 345 kB)
[    0.000000] Preemptible hierarchical RCU implementation.
[    0.000000] NR_IRQS:16 nr_irqs:16 16
[    0.000014] sched_clock: 32 bits at 1000kHz, resolution 1000ns, wraps every 2147483648000ns
[    0.000617] Console: colour dummy device 80x30
[    0.000648] Calibrating delay loop... 2786.91 BogoMIPS (lpj=13934592)
[    0.059930] pid_max: default: 32768 minimum: 301
[    0.060284] Mount-cache hash table entries: 512
[    0.071766] Initializing cgroup subsys debug
[    0.071790] Initializing cgroup subsys freezer
[    0.071846] CPU: Testing write buffer coherency: ok
[    0.072252] CPU0: thread -1, cpu 0, socket 0, mpidr 80000000
[    0.072317] Setting up static identity map for 0x8057dd78 - 0x8057de10
[    0.131344] CPU1: Booted secondary processor
[    0.189994] CPU1: thread -1, cpu 1, socket 0, mpidr 80000001
[    0.211296] CPU2: Booted secondary processor
[    0.269994] CPU2: thread -1, cpu 2, socket 0, mpidr 80000002
[    0.291265] CPU3: Booted secondary processor
[    0.349994] CPU3: thread -1, cpu 3, socket 0, mpidr 80000003
[    0.350061] Brought up 4 CPUs
[    0.350078] SMP: Total of 4 processors activated.
[    0.350084] CPU: All CPU(s) started in SVC mode.
[    0.350970] devtmpfs: initialized
[    0.362057] VFP support v0.3: implementor 41 architecture 3 part 30 variant 9 rev 4
[    0.362635] pinctrl core: initialized pinctrl subsystem
[    0.363260] regulator-dummy: no parameters
[    0.364536] NET: Registered protocol family 16
[    0.367019] DMA: preallocated 256 KiB pool for atomic coherent allocations
[    0.368136] cpuidle: using governor ladder
[    0.368142] cpuidle: using governor menu
[    0.381474] No ATAGs?
[    0.381499] hw-breakpoint: found 5 (+1 reserved) breakpoint and 1 watchpoint registers.
[    0.381505] hw-breakpoint: maximum watchpoint size is 4 bytes.
[    0.398983] vdd_5v_in: failed to enable
[    0.399088] reg-fixed-voltage 0.regulator: Failed to register regulator: -22
[    0.399100] reg-fixed-voltage: probe of 0.regulator failed with error -22
[    0.399170] platform 1.regulator: Driver reg-fixed-voltage requests probe deferral
[    0.399228] platform 2.regulator: Driver reg-fixed-voltage requests probe deferral
[    0.399505] vdd_5v_sata: 5000 mV 
[    0.399575] reg-fixed-voltage 3.regulator: Failed to find supply vin
[    0.399672] reg-fixed-voltage 3.regulator: Failed to register regulator: -517
[    0.399685] platform 3.regulator: Driver reg-fixed-voltage requests probe deferral
[    0.399953] usb1_vbus: 5000 mV 
[    0.400036] reg-fixed-voltage 4.regulator: Failed to find supply vin
[    0.400132] reg-fixed-voltage 4.regulator: Failed to register regulator: -517
[    0.400145] platform 4.regulator: Driver reg-fixed-voltage requests probe deferral
[    0.400413] usb3_vbus: 5000 mV 
[    0.400476] reg-fixed-voltage 5.regulator: Failed to find supply vin
[    0.400569] reg-fixed-voltage 5.regulator: Failed to register regulator: -517
[    0.400582] platform 5.regulator: Driver reg-fixed-voltage requests probe deferral
[    0.400642] platform 6.regulator: Driver reg-fixed-voltage requests probe deferral
[    0.400908] sys_3v3_pexs: 3300 mV 
[    0.400971] reg-fixed-voltage 7.regulator: Failed to find supply vin
[    0.401064] reg-fixed-voltage 7.regulator: Failed to register regulator: -517
[    0.401077] platform 7.regulator: Driver reg-fixed-voltage requests probe deferral
[    0.402306] vgaarb: loaded
[    0.403413] SCSI subsystem initialized
[    0.403988] usbcore: registered new interface driver usbfs
[    0.404120] usbcore: registered new interface driver hub
[    0.404290] usbcore: registered new device driver usb
[    0.419989] vdd_1v8_gen: 1800 mV 
[    0.420098] tps65910 4-002d: Failed to find supply vccio
[    0.420200] tps65910 4-002d: failed to register tps65910-pmic regulator
[    0.420217] platform tps65910-pmic: Driver tps65910-pmic requests probe deferral
[    0.422135] tps62361-vout: failed to enable
[    0.422221] tps62360 4-0060: tps62360_probe(): regulator register failed with err tps62361
[    0.422274] tps62360: probe of 4-0060 failed with error -22
[    0.422421] Linux video capture interface: v2.00
[    0.423166] platform 7000f010.iommu: Driver tegra-smmu requests probe deferral
[    0.423468] Advanced Linux Sound Architecture Driver Initialized.
[    0.424582] Bluetooth: Core ver 2.19
[    0.424650] NET: Registered protocol family 31
[    0.424655] Bluetooth: HCI device and connection manager initialized
[    0.424674] Bluetooth: HCI socket layer initialized
[    0.424690] Bluetooth: L2CAP socket layer initialized
[    0.424727] Bluetooth: SCO socket layer initialized
[    0.425356] cfg80211: Calling CRDA to update world regulatory domain
[    0.425918] Switched to clocksource timer_us
[    0.443106] NET: Registered protocol family 2
[    0.444000] TCP established hash table entries: 8192 (order: 3, 32768 bytes)
[    0.444060] TCP bind hash table entries: 8192 (order: 4, 65536 bytes)
[    0.444143] TCP: Hash tables configured (established 8192 bind 8192)
[    0.444660] TCP: reno registered
[    0.444672] UDP hash table entries: 512 (order: 2, 16384 bytes)
[    0.444738] UDP-Lite hash table entries: 512 (order: 2, 16384 bytes)
[    0.445137] NET: Registered protocol family 1
[    0.445793] RPC: Registered named UNIX socket transport module.
[    0.445802] RPC: Registered udp transport module.
[    0.445805] RPC: Registered tcp transport module.
[    0.445809] RPC: Registered tcp NFSv4.1 backchannel transport module.
[    0.445818] PCI: CLS 0 bytes, default 64
[    0.447674] hw perfevents: enabled with ARMv7 Cortex-A9 PMU driver, 7 counters available
[    0.449850] futex hash table entries: 1024 (order: 4, 65536 bytes)
[    0.451330] bounce pool size: 64 pages
[    0.452506] squashfs: version 4.0 (2009/01/31) Phillip Lougher
[    0.453199] msgmni has been set to 1468
[    0.454420] io scheduler noop registered (default)
[    0.455678] platform 3000.pcie-controller: Driver tegra-pcie requests probe deferral
[    0.463448] tegra-apbdma 6000a000.dma: Tegra20 APB DMA driver register 32 channels
[    0.464177] Serial: 8250/16550 driver, 4 ports, IRQ sharing disabled
[    0.466902] 70006000.serial: ttyS0 at MMIO 0x70006000 (irq = 68, base_baud = 25500000) is a Tegra
[    1.282111] console [ttyS0] enabled
[    1.286843] [drm] Initialized drm 1.1.0 20060810
[    1.292298] tegra-hdmi 54280000.hdmi: failed to get VDD regulator
[    1.298418] platform 54280000.hdmi: Driver tegra-hdmi requests probe deferral
[    1.315464] loop: module loaded
[    1.322409] m25p80 spi32766.1: w25q32 (4096 Kbytes)
[    1.329415] pegasus: v0.9.3 (2013/04/25), Pegasus/Pegasus II USB Ethernet driver
[    1.336933] usbcore: registered new interface driver pegasus
[    1.342726] usbcore: registered new interface driver asix
[    1.348221] usbcore: registered new interface driver ax88179_178a
[    1.354393] usbcore: registered new interface driver cdc_ether
[    1.360320] usbcore: registered new interface driver r815x
[    1.365934] usbcore: registered new interface driver smsc75xx
[    1.371798] usbcore: registered new interface driver smsc95xx
[    1.377654] usbcore: registered new interface driver net1080
[    1.383394] usbcore: registered new interface driver cdc_subset
[    1.389412] usbcore: registered new interface driver zaurus
[    1.395108] usbcore: registered new interface driver cdc_ncm
[    1.400806] ehci_hcd: USB 2.0 'Enhanced' Host Controller (EHCI) Driver
[    1.407326] ehci-pci: EHCI PCI platform driver
[    1.411857] tegra-ehci: Tegra EHCI driver
[    1.416080] platform 7d004000.usb: Driver tegra-ehci requests probe deferral
[    1.423187] platform 7d008000.usb: Driver tegra-ehci requests probe deferral
[    1.430587] usbcore: registered new interface driver cdc_acm
[    1.436242] cdc_acm: USB Abstract Control Model driver for USB modems and ISDN adapters
[    1.444326] usbcore: registered new interface driver cdc_wdm
[    1.450114] usbcore: registered new interface driver usb-storage
[    1.456291] platform 7d004000.usb-phy: Driver tegra-phy requests probe deferral
[    1.463658] platform 7d008000.usb-phy: Driver tegra-phy requests probe deferral
[    1.471600] mousedev: PS/2 mouse device common for all mice
[    1.478933] tegra_rtc 7000e000.rtc: rtc core: registered 7000e000.rtc as rtc1
[    1.486093] tegra_rtc 7000e000.rtc: Tegra internal Real Time Clock
[    1.505481] tps65910-rtc tps65910-rtc: rtc core: registered tps65910-rtc as rtc0
[    1.514564] sdhci: Secure Digital Host Controller Interface driver
[    1.520742] sdhci: Copyright(c) Pierre Ossman
[    1.525084] sdhci-pltfm: SDHCI platform and OF driver helper
[    1.531140] sdhci-tegra 78000000.sdhci: Got CD GPIO #69.
[    1.536467] sdhci-tegra 78000000.sdhci: Got WP GPIO #155.
[    1.542903] mmc0: no vqmmc regulator found
[    1.547001] mmc0: no vmmc regulator found
[    1.550998] mmc0: Invalid maximum block size, assuming 512 bytes
[    1.595936] mmc0: SDHCI controller on 78000000.sdhci [78000000.sdhci] using ADMA
[    1.606470] mmc1: no vqmmc regulator found
[    1.610555] mmc1: no vmmc regulator found
[    1.614550] mmc1: Invalid maximum block size, assuming 512 bytes
[    1.665931] mmc1: SDHCI controller on 78000600.sdhci [78000600.sdhci] using ADMA
[    1.674566] usbcore: registered new interface driver usbhid
[    1.682169] usbhid: USB HID core driver
[    1.834353] mmc1: new high speed MMC card at address 0001
[    1.840460] mmcblk0: mmc1:0001 SEM16G 14.8 GiB 
[    1.845265] mmcblk0boot0: mmc1:0001 SEM16G partition 1 1.00 MiB
[    1.851461] mmcblk0boot1: mmc1:0001 SEM16G partition 2 1.00 MiB
[    1.857643] mmcblk0rpmb: mmc1:0001 SEM16G partition 3 128 KiB
[    1.867807] Primary GPT is invalid, using alternate GPT.
[    1.873122]  mmcblk0: p1 p2 p3 p4 p5
[    1.882903]  mmcblk0boot1: unknown partition table
[    1.891210]  mmcblk0boot0: unknown partition table
[    2.107377] tegra30-i2s 70080400.i2s: DMA channels sourced from device 70080000.ahub
[    2.123257] tegra-snd-rt5640 sound.4: rt5640-aif1 <-> 70080400.i2s mapping ok
[    2.133950] input: NVIDIA Tegra Beaver Headphones as /devices/soc0/sound.4/sound/card0/input0
[    2.144006] TCP: cubic registered
[    2.147584] NET: Registered protocol family 10
[    2.153138] mip6: Mobile IPv6
[    2.156121] sit: IPv6 over IPv4 tunneling driver
[    2.163002] NET: Registered protocol family 17
[    2.167484] NET: Registered protocol family 15
[    2.172048] Bluetooth: RFCOMM socket layer initialized
[    2.177209] Bluetooth: RFCOMM ver 1.11
[    2.180954] Bluetooth: BNEP (Ethernet Emulation) ver 1.3
[    2.186274] Bluetooth: BNEP socket layer initialized
[    2.191223] Bluetooth: HIDP (Human Interface Emulation) ver 1.2
[    2.197148] Bluetooth: HIDP socket layer initialized
[    2.203143] Registering SWP/SWPB emulation handler
[    2.208700] regulator-dummy: disabling
[    2.214365] chargepump_5v: 5000 mV 
[    2.220010] vdd_ddr: 1500 mV 
[    2.223045] reg-fixed-voltage 2.regulator: Failed to find supply vin
[    2.229499] reg-fixed-voltage 2.regulator: Failed to register regulator: -517
[    2.236637] platform 2.regulator: Driver reg-fixed-voltage requests probe deferral
[    2.244623] vdd_5v_sata: 5000 mV 
[    2.248004] reg-fixed-voltage 3.regulator: Failed to find supply vin
[    2.254431] reg-fixed-voltage 3.regulator: Failed to register regulator: -517
[    2.261568] platform 3.regulator: Driver reg-fixed-voltage requests probe deferral
[    2.269711] usb1_vbus: 5000 mV 
[    2.272905] reg-fixed-voltage 4.regulator: Failed to find supply vin
[    2.279346] reg-fixed-voltage 4.regulator: Failed to register regulator: -517
[    2.286482] platform 4.regulator: Driver reg-fixed-voltage requests probe deferral
[    2.294371] usb3_vbus: 5000 mV 
[    2.297575] reg-fixed-voltage 5.regulator: Failed to find supply vin
[    2.304001] reg-fixed-voltage 5.regulator: Failed to register regulator: -517
[    2.311138] platform 5.regulator: Driver reg-fixed-voltage requests probe deferral
[    2.320441] sys_3v3,vdd_3v3_alw: 3300 mV 
[    2.324500] reg-fixed-voltage 6.regulator: Failed to find supply vin
[    2.330938] reg-fixed-voltage 6.regulator: Failed to register regulator: -517
[    2.338075] platform 6.regulator: Driver reg-fixed-voltage requests probe deferral
[    2.345979] sys_3v3_pexs: 3300 mV 
[    2.349430] reg-fixed-voltage 7.regulator: Failed to find supply vin
[    2.355857] reg-fixed-voltage 7.regulator: Failed to register regulator: -517
[    2.362994] platform 7.regulator: Driver reg-fixed-voltage requests probe deferral
[    2.373788] vdd_1v8_gen: 1800 mV 
[    2.377199] tps65910 4-002d: Failed to find supply vccio
[    2.382587] tps65910 4-002d: failed to register tps65910-pmic regulator
[    2.389208] platform tps65910-pmic: Driver tps65910-pmic requests probe deferral
[    2.396847] platform 3000.pcie-controller: Driver tegra-pcie requests probe deferral
[    2.404747] tegra-hdmi 54280000.hdmi: failed to get VDD regulator
[    2.410849] platform 54280000.hdmi: Driver tegra-hdmi requests probe deferral
[    2.418162] platform 7d004000.usb: Driver tegra-ehci requests probe deferral
[    2.425359] platform 7d008000.usb: Driver tegra-ehci requests probe deferral
[    2.432580] platform 7d004000.usb-phy: Driver tegra-phy requests probe deferral
[    2.440053] platform 7d008000.usb-phy: Driver tegra-phy requests probe deferral
[    2.449065] vdd_ddr: 1500 mV 
[    2.452084] reg-fixed-voltage 2.regulator: Failed to find supply vin
[    2.458524] reg-fixed-voltage 2.regulator: Failed to register regulator: -517
[    2.465649] platform 2.regulator: Driver reg-fixed-voltage requests probe deferral
[    2.473549] vdd_5v_sata: 5000 mV 
[    2.476926] reg-fixed-voltage 3.regulator: Failed to find supply vin
[    2.483353] reg-fixed-voltage 3.regulator: Failed to register regulator: -517
[    2.490490] platform 3.regulator: Driver reg-fixed-voltage requests probe deferral
[    2.498382] usb1_vbus: 5000 mV 
[    2.501571] reg-fixed-voltage 4.regulator: Failed to find supply vin
[    2.508008] reg-fixed-voltage 4.regulator: Failed to register regulator: -517
[    2.515133] platform 4.regulator: Driver reg-fixed-voltage requests probe deferral
[    2.523026] usb3_vbus: 5000 mV 
[    2.526230] reg-fixed-voltage 5.regulator: Failed to find supply vin
[    2.532656] reg-fixed-voltage 5.regulator: Failed to register regulator: -517
[    2.539792] platform 5.regulator: Driver reg-fixed-voltage requests probe deferral
[    2.549076] sys_3v3,vdd_3v3_alw: 3300 mV 
[    2.553134] reg-fixed-voltage 6.regulator: Failed to find supply vin
[    2.559571] reg-fixed-voltage 6.regulator: Failed to register regulator: -517
[    2.566708] platform 6.regulator: Driver reg-fixed-voltage requests probe deferral
[    2.574593] sys_3v3_pexs: 3300 mV 
[    2.578057] reg-fixed-voltage 7.regulator: Failed to find supply vin
[    2.584484] reg-fixed-voltage 7.regulator: Failed to register regulator: -517
[    2.591621] platform 7.regulator: Driver reg-fixed-voltage requests probe deferral
[    2.602361] vdd_1v8_gen: 1800 mV 
[    2.605756] tps65910 4-002d: Failed to find supply vccio
[    2.611154] tps65910 4-002d: failed to register tps65910-pmic regulator
[    2.617774] platform tps65910-pmic: Driver tps65910-pmic requests probe deferral
[    2.628462] tps65910-rtc tps65910-rtc: setting system clock to 2000-01-01 00:00:01 UTC (946684801)
[    2.646439] ALSA device list:
[    2.649408]   #0: NVIDIA Tegra Beaver
[    2.659641] kjournald starting.  Commit interval 5 seconds
[    2.659705] EXT3-fs (mmcblk0p1): warning: mounting fs with errors, running e2fsck is recommended
[    2.661095] EXT3-fs (mmcblk0p1): using internal journal
[    2.661103] EXT3-fs (mmcblk0p1): recovery complete
[    2.661106] EXT3-fs (mmcblk0p1): mounted filesystem with writeback data mode
[    2.661164] VFS: Mounted root (ext3 filesystem) on device 179:1.
[    2.663395] devtmpfs: mounted
[    2.663677] Freeing unused kernel memory: 248K (c0799000 - c07d7000)
bash: cannot set terminal process group (-1): Inappropriate ioctl for device
bash: no job control in this shell
root@(none):/# 