
U-Boot SPL 2014.07-00097-g772e173 (Jul 25 2014 - 20:02:52)


U-Boot 2014.07-00097-g772e173 (Jul 25 2014 - 20:02:52)

TEGRA124
Board: NVIDIA Jetson TK1
I2C:   ready
DRAM:  2 GiB
MMC:   Tegra SD/MMC: 0, Tegra SD/MMC: 1
In:    serial
Out:   serial
Err:   serial
Net:   Net Initialization Skipped
No ethernet found.
Hit any key to stop autoboot:  2  0 
Tegra124 (Jetson TK1) # 
Tegra124 (Jetson TK1) # usb reset
(Re)start USB...
USB0:   USB EHCI 1.10
scanning bus 0 for devices... 1 USB Device(s) found
USB1:   USB EHCI 1.10
scanning bus 1 for devices... 2 USB Device(s) found
       scanning usb for storage devices... 0 Storage Device(s) found
       scanning usb for ethernet devices... 
Warning: asx0 using MAC address from net device
1 Ethernet Device(s) found
Tegra124 (Jetson TK1) # setenv bootargs 'ignore_loglevel console=ttyS0,115200n8 rw root=/dev/mmcblk0p1 rootwait gpt debug init=/bin/bash noinitrd'
Tegra124 (Jetson TK1) # setenv ipaddr 192.168.100.102; setenv serverip 192.168.100.1; setenv tftpserverip 192.168.100.1
Tegra124 (Jetson TK1) # tftpboot 0x81000000 zImage.multi_v7_defconfig
Using asx0 device
TFTP from server 192.168.100.1; our IP address is 192.168.100.102
Filename 'zImage.multi_v7_defconfig'.
Load address: 0x81000000
Loading: *#################################################################
	 #################################################################
	 #################################################################
	 #################################################################
	 #################################################################
	 #################################################################
	 #################################################
	 898.4 KiB/s
done
Bytes transferred = 6431024 (622130 hex)
Tegra124 (Jetson TK1) # tftpboot 0x82000000 tegra124-jetson-tk1.dtb
Waiting for Ethernet connection... done.
Using asx0 device
TFTP from server 192.168.100.1; our IP address is 192.168.100.102
Filename 'tegra124-jetson-tk1.dtb'.
Load address: 0x82000000
Loading: *#####
	 3.1 MiB/s
done
Bytes transferred = 64210 (fad2 hex)
Tegra124 (Jetson TK1) # bootz 0x81000000 - 0x82000000
Kernel image @ 0x81000000 [ 0x000000 - 0x622130 ]
## Flattened Device Tree blob at 82000000
   Booting using the fdt blob at 0x82000000
   Using Device Tree in place at 82000000, end 82012ad1

Starting kernel ...

[    0.000000] Booting Linux on physical CPU 0x0
[    0.000000] Linux version 4.2.0-rc8-next-20150825-39008-g5124503 (pwalmsley@sellafield) (gcc version 4.7.3 20130328 (prerelease) (crosstool-NG linaro-1.13.1-4.7-2013.04-20130415 - Linaro GCC 2013.04) ) #1 SMP Tue Aug 25 01:47:44 PDT 2015
[    0.000000] CPU: ARMv7 Processor [413fc0f3] revision 3 (ARMv7), cr=10c5387d
[    0.000000] CPU: PIPT / VIPT nonaliasing data cache, PIPT instruction cache
[    0.000000] Machine model: NVIDIA Tegra124 Jetson TK1
[    0.000000] debug: ignoring loglevel setting.
[    0.000000] cma: Reserved 64 MiB at 0xfb800000
[    0.000000] Memory policy: Data cache writealloc
[    0.000000] On node 0 totalpages: 524032
[    0.000000] free_area_init_node: node 0, pgdat c0f7df00, node_mem_map ee7f8000
[    0.000000]   DMA zone: 1520 pages used for memmap
[    0.000000]   DMA zone: 0 pages reserved
[    0.000000]   DMA zone: 194560 pages, LIFO batch:31
[    0.000000]   HighMem zone: 329472 pages, LIFO batch:31
[    0.000000] PERCPU: Embedded 12 pages/cpu @ee78f000 s19200 r8192 d21760 u49152
[    0.000000] pcpu-alloc: s19200 r8192 d21760 u49152 alloc=12*4096
[    0.000000] pcpu-alloc: [0] 0 [0] 1 [0] 2 [0] 3 
[    0.000000] Built 1 zonelists in Zone order, mobility grouping on.  Total pages: 522512
[    0.000000] Kernel command line: ignore_loglevel console=ttyS0,115200n8 rw root=/dev/mmcblk0p1 rootwait gpt debug init=/bin/bash noinitrd
[    0.000000] PID hash table entries: 4096 (order: 2, 16384 bytes)
[    0.000000] Dentry cache hash table entries: 131072 (order: 7, 524288 bytes)
[    0.000000] Inode-cache hash table entries: 65536 (order: 6, 262144 bytes)
[    0.000000] Memory: 1998760K/2096128K available (8119K kernel code, 1015K rwdata, 3624K rodata, 1028K init, 340K bss, 31832K reserved, 65536K cma-reserved, 1252352K highmem)
[    0.000000] Virtual kernel memory layout:
[    0.000000]     vector  : 0xffff0000 - 0xffff1000   (   4 kB)
[    0.000000]     fixmap  : 0xffc00000 - 0xfff00000   (3072 kB)
[    0.000000]     vmalloc : 0xf0000000 - 0xff000000   ( 240 MB)
[    0.000000]     lowmem  : 0xc0000000 - 0xef800000   ( 760 MB)
[    0.000000]     pkmap   : 0xbfe00000 - 0xc0000000   (   2 MB)
[    0.000000]     modules : 0xbf000000 - 0xbfe00000   (  14 MB)
[    0.000000]       .text : 0xc0208000 - 0xc0d80e7c   (11748 kB)
[    0.000000]       .init : 0xc0d81000 - 0xc0e82000   (1028 kB)
[    0.000000]       .data : 0xc0e82000 - 0xc0f7fee0   (1016 kB)
[    0.000000]        .bss : 0xc0f82000 - 0xc0fd72e8   ( 341 kB)
[    0.000000] SLUB: HWalign=64, Order=0-3, MinObjects=0, CPUs=4, Nodes=1
[    0.000000] Hierarchical RCU implementation.
[    0.000000] 	Build-time adjustment of leaf fanout to 32.
[    0.000000] 	RCU restricting CPUs from NR_CPUS=16 to nr_cpu_ids=4.
[    0.000000] RCU: Adjusting geometry for rcu_fanout_leaf=32, nr_cpu_ids=4
[    0.000000] NR_IRQS:16 nr_irqs:16 16
[    0.000000] /interrupt-controller@60004000: 160 interrupts forwarded to /interrupt-controller@0,50041000
[    0.000000] L2C: failed to init: -19
[    0.000009] sched_clock: 32 bits at 1000kHz, resolution 1000ns, wraps every 2147483647500ns
[    0.000029] clocksource: timer_us: mask: 0xffffffff max_cycles: 0xffffffff, max_idle_ns: 1911260446275 ns
[    0.000043] Switching to timer-based delay loop, resolution 1000ns
[    0.004295] Architected cp15 timer(s) running at 12.00MHz (virt).
[    0.004312] clocksource: arch_sys_counter: mask: 0xffffffffffffff max_cycles: 0x2c47f4ee7, max_idle_ns: 440795202497 ns
[    0.004329] sched_clock: 56 bits at 12MHz, resolution 83ns, wraps every 4398046511096ns
[    0.004341] Switching to timer-based delay loop, resolution 83ns
[    0.004754] Console: colour dummy device 80x30
[    0.004778] Calibrating delay loop (skipped), value calculated using timer frequency.. 24.00 BogoMIPS (lpj=60000)
[    0.004793] pid_max: default: 32768 minimum: 301
[    0.004904] Mount-cache hash table entries: 2048 (order: 1, 8192 bytes)
[    0.004915] Mountpoint-cache hash table entries: 2048 (order: 1, 8192 bytes)
[    0.005506] CPU: Testing write buffer coherency: ok
[    0.005725] /cpus/cpu@0 missing clock-frequency property
[    0.005765] /cpus/cpu@1 missing clock-frequency property
[    0.005802] /cpus/cpu@2 missing clock-frequency property
[    0.005841] /cpus/cpu@3 missing clock-frequency property
[    0.005852] CPU0: thread -1, cpu 0, socket 0, mpidr 80000000
[    0.005901] Setting up static identity map for 0x80209000 - 0x80209098
[    0.008909] Tegra Revision: A01 SKU: 129 CPU Process: 1 SoC Process: 1
[    0.010256] CPU1: thread -1, cpu 1, socket 0, mpidr 80000001
[    0.010848] CPU2: thread -1, cpu 2, socket 0, mpidr 80000002
[    0.011431] CPU3: thread -1, cpu 3, socket 0, mpidr 80000003
[    0.011497] Brought up 4 CPUs
[    0.011518] SMP: Total of 4 processors activated (96.00 BogoMIPS).
[    0.011525] CPU: All CPU(s) started in SVC mode.
[    0.012904] devtmpfs: initialized
[    0.031771] VFP support v0.3: implementor 41 architecture 4 part 30 variant f rev 0
[    0.032568] clocksource: jiffies: mask: 0xffffffff max_cycles: 0xffffffff, max_idle_ns: 9556302231375000 ns
[    0.034234] pinctrl core: initialized pinctrl subsystem
[    0.035947] NET: Registered protocol family 16
[    0.037929] DMA: preallocated 256 KiB pool for atomic coherent allocations
[    0.054530] cpuidle: using governor ladder
[    0.069550] cpuidle: using governor menu
[    0.073459] gpiochip_add: GPIOs 0..255 (tegra-gpio) failed to register
[    0.084915] No ATAGs?
[    0.084951] hw-breakpoint: found 5 (+1 reserved) breakpoint and 4 watchpoint registers.
[    0.084961] hw-breakpoint: maximum watchpoint size is 8 bytes.
[    0.089674] Serial: AMBA PL011 UART driver
[    0.123377] vgaarb: loaded
[    0.124130] SCSI subsystem initialized
[    0.124314] libata version 3.00 loaded.
[    0.124625] usbcore: registered new interface driver usbfs
[    0.124714] usbcore: registered new interface driver hub
[    0.124780] usbcore: registered new device driver usb
[    0.128389] pps_core: LinuxPPS API ver. 1 registered
[    0.128399] pps_core: Software ver. 5.3.6 - Copyright 2005-2007 Rodolfo Giometti <giometti@linux.it>
[    0.128428] PTP clock support registered
[    0.128649] EDAC MC: Ver: 3.0.0
[    0.130951] lo uses DEPRECATED zero tx_queue_len - convert driver to use IFF_NO_QUEUE instead.
[    0.132020] clocksource: Switched to clocksource arch_sys_counter
[    0.143955] NET: Registered protocol family 2
[    0.144475] TCP established hash table entries: 8192 (order: 3, 32768 bytes)
[    0.144576] TCP bind hash table entries: 8192 (order: 4, 65536 bytes)
[    0.144762] TCP: Hash tables configured (established 8192 bind 8192)
[    0.144812] UDP hash table entries: 512 (order: 2, 16384 bytes)
[    0.144854] UDP-Lite hash table entries: 512 (order: 2, 16384 bytes)
[    0.145019] NET: Registered protocol family 1
[    0.145280] RPC: Registered named UNIX socket transport module.
[    0.145290] RPC: Registered udp transport module.
[    0.145297] RPC: Registered tcp transport module.
[    0.145305] RPC: Registered tcp NFSv4.1 backchannel transport module.
[    0.145323] PCI: CLS 0 bytes, default 64
[    0.146297] hw perfevents: enabled with armv7_cortex_a15 PMU driver, 7 counters available
[    0.147909] futex hash table entries: 1024 (order: 4, 65536 bytes)
[    0.160401] squashfs: version 4.0 (2009/01/31) Phillip Lougher
[    0.161316] NFS: Registering the id_resolver key type
[    0.161347] Key type id_resolver registered
[    0.161356] Key type id_legacy registered
[    0.161425] ntfs: driver 2.1.32 [Flags: R/O].
[    0.162821] bounce: pool size: 64 pages
[    0.163044] Block layer SCSI generic (bsg) driver version 0.4 loaded (major 249)
[    0.163062] io scheduler noop registered
[    0.163076] io scheduler deadline registered
[    0.163116] io scheduler cfq registered (default)
[    0.180148] tegra-pcie 1003000.pcie-controller: 2x1, 1x1 configuration
[    0.180196] tegra-pcie 1003000.pcie-controller: Failed to get supply 'avddio-pex': -517
[    0.187158] tegra-apbdma 60020000.dma: Tegra20 APB DMA driver register 32 channels
[    0.188876] tegra-pmc 7000e400.pmc: emergency thermal reset enabled
[    0.253944] Serial: 8250/16550 driver, 4 ports, IRQ sharing disabled
[    0.256398] SuperH (H)SCI(F) driver initialized
[    0.257393] msm_serial: driver initialized
[    0.258231] console [ttyS0] disabled
[    0.258265] 70006300.serial: ttyS0 at MMIO 0x70006300 (irq = 75, base_baud = 25500000) is a Tegra
[    1.007524] console [ttyS0] enabled
[    1.011838] STMicroelectronics ASC driver initialized
[    1.019375] [drm] Initialized drm 1.1.0 20060810
[    1.026378] tegra-hdmi 54280000.hdmi: failed to get HDMI regulator
[    1.040651] loop: module loaded
[    1.044112] at24 0-0056: 256 byte 24c02 EEPROM, writable, 8 bytes/write
[    1.051980] as3722 4-0040: AS3722 with revision 0x1 found
[    1.075303] +5V_SYS: supplied by +VDD_MUX
[    1.079373] +1.05V_RUN: supplied by +5V_SYS
[    1.083682] tegra-ahci 70027000.sata: Failed to get supply 'hvdd': -517
[    1.090357] tegra-ahci 70027000.sata: Failed to get regulators
[    1.101263] m25p80 spi32765.0: w25q32dw (4096 Kbytes)
[    1.109831] CAN device driver interface
[    1.115049] igb: Intel(R) Gigabit Ethernet Network Driver - version 5.3.0-k
[    1.122019] igb: Copyright (c) 2007-2014 Intel Corporation.
[    1.130719] pegasus: v0.9.3 (2013/04/25), Pegasus/Pegasus II USB Ethernet driver
[    1.138178] usbcore: registered new interface driver pegasus
[    1.143915] usbcore: registered new interface driver asix
[    1.149376] usbcore: registered new interface driver ax88179_178a
[    1.155529] usbcore: registered new interface driver cdc_ether
[    1.161445] usbcore: registered new interface driver smsc75xx
[    1.167280] usbcore: registered new interface driver smsc95xx
[    1.173087] usbcore: registered new interface driver net1080
[    1.178808] usbcore: registered new interface driver cdc_subset
[    1.184792] usbcore: registered new interface driver zaurus
[    1.190469] usbcore: registered new interface driver cdc_ncm
[    1.196395] tegra-phy 7d004000.usb-phy: no vbus regulator
[    1.204108] ehci_hcd: USB 2.0 'Enhanced' Host Controller (EHCI) Driver
[    1.210652] ehci-pci: EHCI PCI platform driver
[    1.215162] ehci-platform: EHCI generic platform driver
[    1.220618] ehci-omap: OMAP-EHCI Host Controller driver
[    1.226005] ehci-orion: EHCI orion driver
[    1.230178] SPEAr-ehci: EHCI SPEAr driver
[    1.234356] ehci-st: EHCI STMicroelectronics driver
[    1.239398] ehci-exynos: EHCI EXYNOS driver
[    1.243769] ehci-atmel: EHCI Atmel driver
[    1.247945] tegra-ehci: Tegra EHCI driver
[    1.252297] tegra-ehci 7d004000.usb: EHCI Host Controller
[    1.257737] tegra-ehci 7d004000.usb: new USB bus registered, assigned bus number 1
[    1.265484] tegra-ehci 7d004000.usb: irq 92, io mem 0x7d004000
[    1.277042] tegra-ehci 7d004000.usb: USB 2.0 started, EHCI 1.10
[    1.283819] hub 1-0:1.0: USB hub found
[    1.287615] hub 1-0:1.0: 1 port detected
[    1.292168] ohci_hcd: USB 1.1 'Open' Host Controller (OHCI) Driver
[    1.298374] ohci-pci: OHCI PCI platform driver
[    1.302888] ohci-platform: OHCI generic platform driver
[    1.308309] ohci-omap3: OHCI OMAP3 driver
[    1.312482] SPEAr-ohci: OHCI SPEAr driver
[    1.316640] ohci-st: OHCI STMicroelectronics driver
[    1.321681] ohci-atmel: OHCI Atmel driver
[    1.325954] usbcore: registered new interface driver usb-storage
[    1.333569] mousedev: PS/2 mouse device common for all mice
[    1.343068] as3722-rtc as3722-rtc: rtc core: registered as3722-rtc as rtc0
[    1.349954] as3722-rtc as3722-rtc: RTC interrupt 115
[    1.358343] tegra_rtc 7000e000.rtc: rtc core: registered 7000e000.rtc as rtc1
[    1.365527] tegra_rtc 7000e000.rtc: Tegra internal Real Time Clock
[    1.372313] i2c /dev entries driver
[    1.385740] sdhci: Secure Digital Host Controller Interface driver
[    1.391944] sdhci: Copyright(c) Pierre Ossman
[    1.398002] Synopsys Designware Multimedia Card Interface Driver
[    1.405184] sdhci-pltfm: SDHCI platform and OF driver helper
[    1.411704] mmc0: Unknown controller version (3). You may experience problems.
[    1.419039] sdhci-tegra 700b0600.sdhci: No vmmc regulator found
[    1.424979] sdhci-tegra 700b0600.sdhci: No vqmmc regulator found
[    1.430991] mmc0: Invalid maximum block size, assuming 512 bytes
[    1.472037] mmc0: SDHCI controller on 700b0600.sdhci [700b0600.sdhci] using ADMA 64-bit
[    1.481572] ledtrig-cpu: registered to indicate activity on CPUs
[    1.487988] usbcore: registered new interface driver usbhid
[    1.493569] usbhid: USB HID core driver
[    1.506208] NET: Registered protocol family 10
[    1.511350] sit: IPv6 over IPv4 tunneling driver
[    1.515999] sit0 uses DEPRECATED zero tx_queue_len - convert driver to use IFF_NO_QUEUE instead.
[    1.516003] mmc0: MAN_BKOPS_EN bit is not set
[    1.519325] mmc0: new high speed MMC card at address 0001
[    1.519865] mmcblk0: mmc0:0001 SEM16G 14.6 GiB 
[    1.520106] mmcblk0boot0: mmc0:0001 SEM16G partition 1 4.00 MiB
[    1.520346] mmcblk0boot1: mmc0:0001 SEM16G partition 2 4.00 MiB
[    1.520584] mmcblk0rpmb: mmc0:0001 SEM16G partition 3 4.00 MiB
[    1.522571] Primary GPT is invalid, using alternate GPT.
[    1.522601]  mmcblk0: p1 p2 p3 p4 p5 p6 p7 p8 p9
[    1.567364] NET: Registered protocol family 17
[    1.571817] can: controller area network core (rev 20120528 abi 9)
[    1.578072] NET: Registered protocol family 29
[    1.582537] can: raw protocol (rev 20120528)
[    1.586807] can: broadcast manager protocol (rev 20120528 t)
[    1.592487] can: netlink gateway (rev 20130117) max_hops=1
[    1.598393] Key type dns_resolver registered
[    1.603317] ThumbEE CPU extension supported.
[    1.607619] Registering SWP/SWPB emulation handler
[    1.622302] tegra-pcie 1003000.pcie-controller: 2x1, 1x1 configuration
[    1.629228] +3.3V_SYS: supplied by +VDD_MUX
[    1.633540] +3.3V_LP0: supplied by +3.3V_SYS
[    1.638207] +1.35V_LP0(sd2): supplied by +5V_SYS
[    1.642969] +1.05V_RUN_AVDD: supplied by +1.35V_LP0(sd2)
[    1.650266] tegra-pcie 1003000.pcie-controller: probing port 0, using 2 lanes
[    1.659525] tegra-pcie 1003000.pcie-controller: Slot present pin change, signature: 00000008
[    2.086846] tegra-pcie 1003000.pcie-controller: link 0 down, retrying
[    2.515420] tegra-pcie 1003000.pcie-controller: link 0 down, retrying
[    2.944003] tegra-pcie 1003000.pcie-controller: link 0 down, retrying
[    2.952586] tegra-pcie 1003000.pcie-controller: link 0 down, ignoring
[    2.959078] tegra-pcie 1003000.pcie-controller: probing port 1, using 1 lanes
[    2.968340] tegra-pcie 1003000.pcie-controller: Slot present pin change, signature: 00000000
[    3.396905] tegra-pcie 1003000.pcie-controller: link 1 down, retrying
[    3.825470] tegra-pcie 1003000.pcie-controller: link 1 down, retrying
[    4.253770] tegra-pcie 1003000.pcie-controller: link 1 down, retrying
[    4.262352] tegra-pcie 1003000.pcie-controller: link 1 down, ignoring
[    4.269062] tegra-pcie 1003000.pcie-controller: PCI host bridge to bus 0000:00
[    4.276297] pci_bus 0000:00: root bus resource [mem 0x13000000-0x1fffffff]
[    4.283181] pci_bus 0000:00: root bus resource [mem 0x20000000-0x3fffffff pref]
[    4.290495] pci_bus 0000:00: root bus resource [bus 00-ff]
[    4.295988] pci_bus 0000:00: root bus resource [io  0x1000-0xffff]
[    4.302201] PCI: bus0: Fast back to back transfers enabled
[    4.308488] +5V_HDMI_CON: supplied by +5V_SYS
[    4.312963] +1.05V_RUN_AVDD_HDMI_PLL: supplied by +1.05V_RUN
[    4.318775] +3.3V_RUN: supplied by +3.3V_SYS
[    4.323088] +3.3V_AVDD_HDMI_AP_GATED: supplied by +3.3V_RUN
[    4.331350] [drm] Supports vblank timestamp caching Rev 2 (21.10.2013).
[    4.338026] [drm] No driver support for vblank timestamp query.
[    4.442138] tegra-hdmi 54280000.hdmi: cannot set audio to 44100 at 297000000 pclk
[    4.553041] Console: switching to colour frame buffer device 512x135
[    4.647988] drm drm: fb0:  frame buffer device
[    4.667171] [drm] Initialized tegra 0.0.0 20120330 on minor 0
[    4.674149] +5V_SATA: supplied by +5V_SYS
[    4.678379] +12V_SATA: supplied by +VDD_MUX
[    4.683327] tegra-ahci 70027000.sata: AHCI 0001.0301 32 slots 2 ports 3 Gbps 0x1 impl platform mode
[    4.692405] tegra-ahci 70027000.sata: flags: 64bit ncq sntf pm led pio slum part sadm sds apst 
[    4.703875] scsi host0: tegra-ahci
[    4.708502] scsi host1: tegra-ahci
[    4.712322] ata1: SATA max UDMA/133 mmio [mem 0x70027000-0x70028fff] port 0x100 irq 85
[    4.720274] ata2: DUMMY
[    4.724160] +5V_USB_HS: supplied by +5V_SYS
[    4.729780] tegra-ehci 7d008000.usb: EHCI Host Controller
[    4.735241] tegra-ehci 7d008000.usb: new USB bus registered, assigned bus number 2
[    4.743038] tegra-ehci 7d008000.usb: irq 93, io mem 0x7d008000
[    4.757179] tegra-ehci 7d008000.usb: USB 2.0 started, EHCI 1.10
[    4.764365] hub 2-0:1.0: USB hub found
[    4.768217] hub 2-0:1.0: 1 port detected
[    4.772882] 0-004c supply vcc not found, using dummy regulator
[    4.782624] of_cpumask_init_opp_table: couldn't find opp table for cpu:0, -19
[    4.789812] cpufreq: cpufreq_online: CPU0: Running at unlisted freq: 696000 KHz
[    4.797157] cpufreq: cpufreq_online: CPU0: Unlisted initial frequency changed to: 714000 KHz
[    4.806393] sdhci-tegra 700b0400.sdhci: Got CD GPIO
[    4.811272] sdhci-tegra 700b0400.sdhci: Got WP GPIO
[    4.816165] mmc1: Unknown controller version (3). You may experience problems.
[    4.823485] +VDDIO_SDMMC3: supplied by +3.3V_RUN
[    4.828145] sdhci-tegra 700b0400.sdhci: No vmmc regulator found
[    4.834064] mmc1: Invalid maximum block size, assuming 512 bytes
[    4.872380] mmc1: SDHCI controller on 700b0400.sdhci [700b0400.sdhci] using ADMA 64-bit
[    4.880984] input: gpio-keys as /devices/soc0/gpio-keys/input/input0
[    4.888205] as3722-rtc as3722-rtc: setting system clock to 2000-01-01 00:00:23 UTC (946684823)
[    4.900957] +1.8V_RUN_CAM: disabling
[    4.904738] +2.8V_RUN_CAM: disabling
[    4.908530] +1.2V_RUN_CAM_FRONT: disabling
[    4.912892] +1.05V_RUN_CAM_REAR: disabling
[    4.917185] +3.3V_RUN_TOUCH: disabling
[    4.921122] +2.8V_RUN_CAM_AF: disabling
[    4.925173] +1.8V_RUN_VPP_FUSE: disabling
[    4.929356] +USB0_VBUS_SW: disabling
[    5.047153] ata1: SATA link down (SStatus 0 SControl 300)
[    5.053929] EXT4-fs (mmcblk0p1): couldn't mount as ext3 due to feature incompatibilities
[    5.062925] EXT4-fs (mmcblk0p1): couldn't mount as ext2 due to feature incompatibilities
[    5.082217] usb 2-1: new high-speed USB device number 2 using tegra-ehci
[    5.083688] EXT4-fs (mmcblk0p1): recovery complete
[    5.083706] EXT4-fs (mmcblk0p1): mounted filesystem with ordered data mode. Opts: (null)
[    5.083748] VFS: Mounted root (ext4 filesystem) on device 179:1.
[    5.088403] devtmpfs: mounted
[    5.089432] Freeing unused kernel memory: 1028K (c0d81000 - c0e82000)
bash: cannot set terminal process group (-1): Inappropriate ioctl for device
bash: no job control in this shell
root@(none):/# 