

U-Boot 2011.03 (Jun 11 2013 - 06:07:37)

T114
Board: NVIDIA Dalmore
DRAM:  2 GiB
MMC:   Tegra2 SD/MMC: 0, Tegra2 SD/MMC: 1
In:    serial
Out:   serial
Err:   serial
Net:   Net Initialization Skipped
No ethernet found.
Hit any key to stop autoboot:  2  1  0 
Dalmore #
Dalmore #usb reset
(Re)start USB...
USB:   Register 10011 NbrPorts 1
USB EHCI 1.10
scanning bus for devices... 2 USB Device(s) found
       scanning bus for storage devices... 0 Storage Device(s) found
       scanning bus for ethernet devices... 1 Ethernet Device(s) found
Dalmore #setenv bootargs 'ignore_loglevel console=ttyS0,115200n8 rw root=/dev/mmcblk0p1 rootwait gpt init=/bin/bash'
Dalmore #setenv ipaddr 192.168.100.100; setenv serverip 192.168.100.1; setenv tftpserverip 192.168.100.1
Dalmore #tftpboot 0x81000000 zImage.multi_v7_defconfig
Waiting for Ethernet connection... done.
Using asx0 device
TFTP from server 192.168.100.1; our IP address is 192.168.100.100
Filename 'zImage.multi_v7_defconfig'.
Load address: 0x81000000
Loading: *#################################################  2.8 MiB/s
done
Bytes transferred = 3925080 (3be458 hex)
Dalmore #tftpboot 0x82000000 tegra114-dalmore.dtb
Using asx0 device
TFTP from server 192.168.100.1; our IP address is 192.168.100.100
Filename 'tegra114-dalmore.dtb'.
Load address: 0x82000000
Loading: *#################################################  2.6 MiB/s
done
Bytes transferred = 29436 (72fc hex)
Dalmore #bootz 0x81000000 - 0x82000000
## Flattened Device Tree blob at 82000000
   Booting using the fdt blob at 0x82000000
   Loading Device Tree to 81ff5000, end 81fff2fb ... OK

Starting kernel ...

Timer summary in microseconds:
       Mark    Elapsed  Stage
          0          0  awake
  3,068,096  3,068,096  usb_start
  7,071,540  4,003,444  eth_start
  7,071,537         -3  tftp start
 10,898,714  3,827,177  tftp done
 13,083,969  2,185,255  start_kernel
[    0.000000] Booting Linux on physical CPU 0x0
[    0.000000] Linux version 3.12.0-rc1-11242-ge03b49d (pwalmsley@kaivo) (gcc version 4.5.1 (Sourcery G++ Lite 2010.09-50) ) #1 SMP Thu Oct 17 04:27:59 PDT 2013
[    0.000000] CPU: ARMv7 Processor [412fc0f2] revision 2 (ARMv7), cr=10c5387d
[    0.000000] CPU: PIPT / VIPT nonaliasing data cache, PIPT instruction cache
[    0.000000] Machine: NVIDIA Tegra SoC (Flattened Device Tree), model: NVIDIA Tegra114 Dalmore evaluation board
[    0.000000] debug: ignoring loglevel setting.
[    0.000000] Memory policy: ECC disabled, Data cache writealloc
[    0.000000] On node 0 totalpages: 524032
[    0.000000] free_area_init_node: node 0, pgdat c07a2940, node_mem_map c07ea000
[    0.000000]   DMA zone: 1520 pages used for memmap
[    0.000000]   DMA zone: 0 pages reserved
[    0.000000]   DMA zone: 194560 pages, LIFO batch:31
[    0.000000]   HighMem zone: 2574 pages used for memmap
[    0.000000]   HighMem zone: 329472 pages, LIFO batch:31
[    0.000000] Tegra Revision: A01 SKU: 0 CPU Process: 1 Core Process: 1
[    0.000000] PERCPU: Embedded 5 pages/cpu @c1802000 s6976 r0 d13504 u32768
[    0.000000] pcpu-alloc: s6976 r0 d13504 u32768 alloc=8*4096
[    0.000000] pcpu-alloc: [0] 0 [0] 1 [0] 2 [0] 3 
[    0.000000] Built 1 zonelists in Zone order, mobility grouping on.  Total pages: 522512
[    0.000000] Kernel command line: ignore_loglevel console=ttyS0,115200n8 rw root=/dev/mmcblk0p1 rootwait gpt init=/bin/bash
[    0.000000] PID hash table entries: 4096 (order: 2, 16384 bytes)
[    0.000000] Dentry cache hash table entries: 131072 (order: 7, 524288 bytes)
[    0.000000] Inode-cache hash table entries: 65536 (order: 6, 262144 bytes)
[    0.000000] Memory: 2070616K/2096128K available (5324K kernel code, 589K rwdata, 1388K rodata, 478K init, 278K bss, 25512K reserved, 1317888K highmem)
[    0.000000] Virtual kernel memory layout:
[    0.000000]     vector  : 0xffff0000 - 0xffff1000   (   4 kB)
[    0.000000]     fixmap  : 0xfff00000 - 0xfffe0000   ( 896 kB)
[    0.000000]     vmalloc : 0xf0000000 - 0xff000000   ( 240 MB)
[    0.000000]     lowmem  : 0xc0000000 - 0xef800000   ( 760 MB)
[    0.000000]     pkmap   : 0xbfe00000 - 0xc0000000   (   2 MB)
[    0.000000]       .text : 0xc0008000 - 0xc069646c   (6714 kB)
[    0.000000]       .init : 0xc0697000 - 0xc070eb40   ( 479 kB)
[    0.000000]       .data : 0xc0710000 - 0xc07a3720   ( 590 kB)
[    0.000000]        .bss : 0xc07a3728 - 0xc07e9274   ( 279 kB)
[    0.000000] SLUB: HWalign=64, Order=0-3, MinObjects=0, CPUs=4, Nodes=1
[    0.000000] Hierarchical RCU implementation.
[    0.000000] NR_IRQS:16 nr_irqs:16 16
[    0.000000] sched_clock: 32 bits at 1000kHz, resolution 1000ns, wraps every 4294967ms
[    0.000000] Architected cp15 timer(s) running at 12.00MHz (virt).
[    0.000000] Switching to timer-based delay loop
[    0.000000] sched_clock: ARM arch timer >56 bits at 12000kHz, resolution 83ns
[    0.000000] Console: colour dummy device 80x30
[   13.020163] Calibrating delay loop (skipped), value calculated using timer frequency.. 24.00 BogoMIPS (lpj=120000)
[   13.020180] pid_max: default: 32768 minimum: 301
[   13.020328] Mount-cache hash table entries: 512
[   13.028200] CPU: Testing write buffer coherency: ok
[   13.028446] /cpus/cpu@0 missing clock-frequency property
[   13.028473] /cpus/cpu@1 missing clock-frequency property
[   13.028498] /cpus/cpu@2 missing clock-frequency property
[   13.028524] /cpus/cpu@3 missing clock-frequency property
[   13.028536] CPU0: thread -1, cpu 0, socket 0, mpidr 80000000
[   13.028563] Setting up static identity map for 0xc050eca8 - 0xc050ed40
[   13.028776] unable to find compatible sirf rstc node in dtb
[   13.030005] CPU1: Booted secondary processor
[   13.030034] CPU1: thread -1, cpu 1, socket 0, mpidr 80000001
[   13.030558] CPU2: Booted secondary processor
[   13.030583] CPU2: thread -1, cpu 2, socket 0, mpidr 80000002
[   13.031100] CPU3: Booted secondary processor
[   13.031124] CPU3: thread -1, cpu 3, socket 0, mpidr 80000003
[   13.031214] Brought up 4 CPUs
[   13.031240] SMP: Total of 4 processors activated.
[   13.031248] CPU: All CPU(s) started in SVC mode.
[   13.031895] devtmpfs: initialized
[   13.037260] VFP support v0.3: implementor 41 architecture 4 part 30 variant f rev 0
[   13.037453] pinctrl core: initialized pinctrl subsystem
[   13.037811] regulator-dummy: no parameters
[   13.040437] NET: Registered protocol family 16
[   13.040668] DMA: preallocated 256 KiB pool for atomic coherent allocations
[   13.050966] Serial: AMBA PL011 UART driver
[   13.056027] bio: create slab <bio-0> at 0
[   13.057379] edma-dma-engine edma-dma-engine.0: Can't allocate PaRAM dummy slot
[   13.057402] edma-dma-engine: probe of edma-dma-engine.0 failed with error -5
[   13.057791] vdd_ac_bat: 5000 mV 
[   13.057979] dvdd_ts: Failed to request enable GPIO61: -517
[   13.058070] reg-fixed-voltage 1.regulator: Failed to register regulator: -517
[   13.058090] platform 1.regulator: Driver reg-fixed-voltage requests probe deferral
[   13.058206] lcd_bl_en: Failed to request enable GPIO58: -517
[   13.058285] reg-fixed-voltage 2.regulator: Failed to register regulator: -517
[   13.058303] platform 2.regulator: Driver reg-fixed-voltage requests probe deferral
[   13.058419] usb1_vbus: Failed to request enable GPIO108: -517
[   13.058494] reg-fixed-voltage 3.regulator: Failed to register regulator: -517
[   13.058512] platform 3.regulator: Driver reg-fixed-voltage requests probe deferral
[   13.058627] usb2_vbus: Failed to request enable GPIO86: -517
[   13.058702] reg-fixed-voltage 4.regulator: Failed to register regulator: -517
[   13.058719] platform 4.regulator: Driver reg-fixed-voltage requests probe deferral
[   13.058834] vdd_hdmi_5v0: Failed to request enable GPIO81: -517
[   13.058909] reg-fixed-voltage 5.regulator: Failed to register regulator: -517
[   13.058926] platform 5.regulator: Driver reg-fixed-voltage requests probe deferral
[   13.058984] platform 6.regulator: Driver reg-fixed-voltage requests probe deferral
[   13.060094] SCSI subsystem initialized
[   13.060243] libata version 3.00 loaded.
[   13.060436] usbcore: registered new interface driver usbfs
[   13.060473] usbcore: registered new interface driver hub
[   13.060563] usbcore: registered new device driver usb
[   13.063325] vdd-cpu: 500 <--> 1520 mV at 1100 mV 
[   13.063519] genirq: Setting trigger mode 8 for irq 118 failed (gic_set_type+0x0/0x100)
[   13.063717] pps_core: LinuxPPS API ver. 1 registered
[   13.063726] pps_core: Software ver. 5.3.6 - Copyright 2005-2007 Rodolfo Giometti <giometti@linux.it>
[   13.063748] PTP clock support registered
[   13.063781] EDAC MC: Ver: 3.0.0
[   13.064663] Switched to clocksource arch_sys_counter
[   13.071888] NET: Registered protocol family 2
[   13.072387] TCP established hash table entries: 8192 (order: 4, 65536 bytes)
[   13.072573] TCP bind hash table entries: 8192 (order: 4, 65536 bytes)
[   13.072750] TCP: Hash tables configured (established 8192 bind 8192)
[   13.072808] TCP: reno registered
[   13.072822] UDP hash table entries: 512 (order: 2, 16384 bytes)
[   13.072863] UDP-Lite hash table entries: 512 (order: 2, 16384 bytes)
[   13.073092] NET: Registered protocol family 1
[   13.073347] RPC: Registered named UNIX socket transport module.
[   13.073357] RPC: Registered udp transport module.
[   13.073365] RPC: Registered tcp transport module.
[   13.073372] RPC: Registered tcp NFSv4.1 backchannel transport module.
[   13.073851] mop500-uib: failed to get adapter i2c2
[   13.075325] bounce pool size: 64 pages
[   13.082616] NFS: Registering the id_resolver key type
[   13.082653] Key type id_resolver registered
[   13.082663] Key type id_legacy registered
[   13.082901] Block layer SCSI generic (bsg) driver version 0.4 loaded (major 251)
[   13.082912] io scheduler noop registered
[   13.082920] io scheduler deadline registered
[   13.083049] io scheduler cfq registered (default)
[   13.091597] tegra-apbdma 6000a000.dma: Tegra20 APB DMA driver register 32 channels
[   13.134585] Serial: 8250/16550 driver, 4 ports, IRQ sharing disabled
[   13.135635] Serial: IMX driver
[   13.136611] 70006300.serial: ttyS0 at MMIO 0x70006300 (irq = 122, base_baud = 25500000) is a Tegra
[   13.864180] console [ttyS0] enabled
[   13.868548] serial: Freescale lpuart driver
[   13.873018] [drm] Initialized drm 1.1.0 20060810
[   13.880076] ehci_hcd: USB 2.0 'Enhanced' Host Controller (EHCI) Driver
[   13.886591] ehci-platform: EHCI generic platform driver
[   13.891896] ehci-omap: OMAP-EHCI Host Controller driver
[   13.897172] ehci-orion: EHCI orion driver
[   13.901245] SPEAr-ehci: EHCI SPEAr driver
[   13.905334] tegra-ehci: Tegra EHCI driver
[   13.909489] platform 7d008000.usb: Driver tegra-ehci requests probe deferral
[   13.916775] usbcore: registered new interface driver usb-storage
[   13.923320] platform 7d008000.usb-phy: Driver tegra-phy requests probe deferral
[   13.931374] mousedev: PS/2 mouse device common for all mice
[   13.937582] tegra_rtc 7000e000.rtc: rtc core: registered 7000e000.rtc as rtc0
[   13.944713] tegra_rtc 7000e000.rtc: Tegra internal Real Time Clock
[   13.951478] sdhci: Secure Digital Host Controller Interface driver
[   13.957622] sdhci: Copyright(c) Pierre Ossman
[   13.962281] sdhci-pltfm: SDHCI platform and OF driver helper
[   13.968214] sdhci-tegra 78000400.sdhci: Got CD GPIO #170.
[   13.974628] mmc0: no vqmmc regulator found
[   13.978703] mmc0: no vmmc regulator found
[   13.982701] mmc0: Invalid maximum block size, assuming 512 bytes
[   14.030829] mmc0: SDHCI controller on 78000400.sdhci [78000400.sdhci] using ADMA
[   14.038288] mmc1: no vqmmc regulator found
[   14.042382] mmc1: no vmmc regulator found
[   14.046367] mmc1: Invalid maximum block size, assuming 512 bytes
[   14.090555] mmc1: SDHCI controller on 78000600.sdhci [78000600.sdhci] using ADMA
[   14.098310] usbcore: registered new interface driver usbhid
[   14.103864] usbhid: USB HID core driver
[   14.107903] TCP: cubic registered
[   14.111682] NET: Registered protocol family 10
[   14.116728] sit: IPv6 over IPv4 tunneling driver
[   14.121932] Key type dns_resolver registered
[   14.126300] Registering SWP/SWPB emulation handler
[   14.134578] dvdd_ts: 1800 mV 
[   14.137830] lcd_bl_en: 5000 mV 
[   14.141235] usb1_vbus: 5000 mV 
[   14.144392] reg-fixed-voltage 3.regulator: Failed to find supply vin
[   14.150818] reg-fixed-voltage 3.regulator: Failed to register regulator: -517
[   14.157922] platform 3.regulator: Driver reg-fixed-voltage requests probe deferral
[   14.165885] usb2_vbus: 5000 mV 
[   14.169036] reg-fixed-voltage 4.regulator: Failed to find supply vin
[   14.175454] reg-fixed-voltage 4.regulator: Failed to register regulator: -517
[   14.182572] platform 4.regulator: Driver reg-fixed-voltage requests probe deferral
[   14.190465] vdd_hdmi_5v0: 5000 mV 
[   14.193873] reg-fixed-voltage 5.regulator: Failed to find supply vin
[   14.200287] reg-fixed-voltage 5.regulator: Failed to register regulator: -517
[   14.207389] platform 5.regulator: Driver reg-fixed-voltage requests probe deferral
[   14.212383] mmc1: BKOPS_EN bit is not set
[   14.219201] platform 6.regulator: Driver reg-fixed-voltage requests probe deferral
[   14.227214] platform 7d008000.usb: Driver tegra-ehci requests probe deferral
[   14.234603] platform 7d008000.usb-phy: Driver tegra-phy requests probe deferral
[   14.238834] mmc1: new HS200 MMC card at address 0001
[   14.239268] mmcblk0: mmc1:0001 SEM32G 29.1 GiB 
[   14.239427] mmcblk0boot0: mmc1:0001 SEM32G partition 1 4.00 MiB
[   14.239580] mmcblk0boot1: mmc1:0001 SEM32G partition 2 4.00 MiB
[   14.239735] mmcblk0rpmb: mmc1:0001 SEM32G partition 3 4.00 MiB
[   14.242108] Primary GPT is invalid, using alternate GPT.
[   14.242134]  mmcblk0: p1 p2 p3 p4 p5
[   14.244953]  mmcblk0boot1: unknown partition table
[   14.246503]  mmcblk0boot0: unknown partition table
[   14.287471] usb1_vbus: 5000 mV 
[   14.290641] reg-fixed-voltage 3.regulator: Failed to find supply vin
[   14.297039] reg-fixed-voltage 3.regulator: Failed to register regulator: -517
[   14.304157] platform 3.regulator: Driver reg-fixed-voltage requests probe deferral
[   14.312075] usb2_vbus: 5000 mV 
[   14.315223] reg-fixed-voltage 4.regulator: Failed to find supply vin
[   14.321635] reg-fixed-voltage 4.regulator: Failed to register regulator: -517
[   14.328738] platform 4.regulator: Driver reg-fixed-voltage requests probe deferral
[   14.336625] vdd_hdmi_5v0: 5000 mV 
[   14.340050] reg-fixed-voltage 5.regulator: Failed to find supply vin
[   14.346444] reg-fixed-voltage 5.regulator: Failed to register regulator: -517
[   14.353560] platform 5.regulator: Driver reg-fixed-voltage requests probe deferral
[   14.361377] platform 6.regulator: Driver reg-fixed-voltage requests probe deferral
[   14.369352] platform 7d008000.usb: Driver tegra-ehci requests probe deferral
[   14.376511] tegra_rtc 7000e000.rtc: setting system clock to 1970-01-01 00:00:15 UTC (15)
[   14.389435] EXT4-fs (mmcblk0p1): mounting ext3 file system using the ext4 subsystem
[   14.432884] EXT4-fs (mmcblk0p1): recovery complete
[   14.437662] EXT4-fs (mmcblk0p1): mounted filesystem with ordered data mode. Opts: (null)
[   14.445762] VFS: Mounted root (ext3 filesystem) on device 179:1.
[   14.453812] devtmpfs: mounted
[   14.457181] Freeing unused kernel memory: 476K (c0697000 - c070e000)
bash: cannot set terminal process group (-1): Inappropriate ioctl for device
bash: no job control in this shell
I have no name!@(none):/# 