

U-Boot 2015.04-00466-gedec83e90172 (Mar 14 2016 - 10:42:01)

TEGRA124
Model: Acer Chromebook 13 CB5-311
DRAM:  4 GiB
C:   Tegra SD/MMC: 0, Tegra SD/MMC: 1, Tegra SD/MMC: 2
MMC init failed
Using default environment

In:    serial
Out:   serial
Err:   serial
Net:   Net Initialization Skipped
No ethernet found.
Hit any key to stop autoboot:  2  0 
Tegra124 (Nyan-big) # 
Tegra124 (Nyan-big) # usb start
starting USB...
USB0:   USB EHCI 1.10
scanning bus 0 for devices... 2 USB Device(s) found
USB1:   USB EHCI 1.10
scanning bus 1 for devices... 2 USB Device(s) found
       scanning usb for storage devices... 1 Storage Device(s) found
       scanning usb for ethernet devices... 
Warning: asx0 using MAC address from net device
1 Ethernet Device(s) found
Tegra124 (Nyan-big) # mw 0x7000e4a0 0x00080000
Tegra124 (Nyan-big) # setenv bootargs 'ignore_loglevel console=ttyS0,115200n8 rw root=PARTUUID=4d36e82a-b3c0-4b4b-bfcd-afe5217ac023 rootwait gpt debug noinitrd earlyprintk init=/bin/bash'
Tegra124 (Nyan-big) # setenv ipaddr 192.168.100.102; setenv serverip 192.168.100.1; setenv tftpserverip 192.168.100.1
Tegra124 (Nyan-big) # tftpboot 0x82000000 zImage.tegra_defconfig
Using asx0 device
TFTP from server 192.168.100.1; our IP address is 192.168.100.102
Filename 'zImage.tegra_defconfig'.
Load address: 0x82000000
Loading: *#################################################################
	 #################################################################
	 #################################################################
	 #################################################################
	 #################################################################
	 #################################################################
	 ##############################
	 3.6 MiB/s
done
Bytes transferred = 6164872 (5e1188 hex)
Tegra124 (Nyan-big) # tftpboot 0x83000000 tegra124-nyan-big.dtb
Using asx0 device
TFTP from server 192.168.100.1; our IP address is 192.168.100.102
Filename 'tegra124-nyan-big.dtb'.
Load address: 0x83000000
Loading: *#####
	 3.6 MiB/s
done
Bytes transferred = 67482 (1079a hex)
Tegra124 (Nyan-big) # bootz 0x82000000 - 0x83000000
Kernel image @ 0x82000000 [ 0x000000 - 0x5e1188 ]
## Flattened Device Tree blob at 83000000
   Booting using the fdt blob at 0x83000000
   Using Device Tree in place at 83000000, end 83013799

Starting kernel ...

Uncompressing Linux... done, booting the kernel.
[    0.000000] Booting Linux on physical CPU 0x0
[    0.000000] Linux version 4.14.0-next-20171116-13618-g785be73 (jonathanh@kaivo) (gcc version 4.7.3 20130328 (prerelease) (crosstool-NG linaro-1.13.1-4.7-2013.04-20130415 - Linaro GCC 2013.04)) #1 SMP PREEMPT Wed Nov 15 20:17:49 PST 2017
[    0.000000] CPU: ARMv7 Processor [413fc0f3] revision 3 (ARMv7), cr=10c5387d
[    0.000000] CPU: div instructions available: patching division code
[    0.000000] CPU: PIPT / VIPT nonaliasing data cache, PIPT instruction cache
[    0.000000] OF: fdt: Machine model: Acer Chromebook 13 CB5-311
[    0.000000] OF: fdt: Ignoring memory range 0x100000000 - 0x17ffff000
[    0.000000] debug: ignoring loglevel setting.
[    0.000000] bootconsole [earlycon0] enabled
[    0.000000] Memory policy: Data cache writealloc
[    0.000000] cma: Reserved 64 MiB at 0xfbc00000
[    0.000000] On node 0 totalpages: 524287
[    0.000000] free_area_init_node: node 0, pgdat c0eaf1c0, node_mem_map eeff7000
[    0.000000]   Normal zone: 1536 pages used for memmap
[    0.000000]   Normal zone: 0 pages reserved
[    0.000000]   Normal zone: 196608 pages, LIFO batch:31
[    0.000000]   HighMem zone: 327679 pages, LIFO batch:31
[    0.000000] random: fast init done
[    0.000000] percpu: Embedded 17 pages/cpu @eef88000 s39360 r8192 d22080 u69632
[    0.000000] pcpu-alloc: s39360 r8192 d22080 u69632 alloc=17*4096
[    0.000000] pcpu-alloc: [0] 0 [0] 1 [0] 2 [0] 3 
[    0.000000] Built 1 zonelists, mobility grouping on.  Total pages: 522751
[    0.000000] Kernel command line: ignore_loglevel console=ttyS0,115200n8 rw root=PARTUUID=4d36e82a-b3c0-4b4b-bfcd-afe5217ac023 rootwait gpt debug noinitrd earlyprintk init=/bin/bash
[    0.000000] Dentry cache hash table entries: 131072 (order: 7, 524288 bytes)
[    0.000000] Inode-cache hash table entries: 65536 (order: 6, 262144 bytes)
[    0.000000] Memory: 1999512K/2097148K available (9216K kernel code, 777K rwdata, 2556K rodata, 1024K init, 299K bss, 32100K reserved, 65536K cma-reserved, 1245180K highmem)
[    0.000000] Virtual kernel memory layout:
[    0.000000]     vector  : 0xffff0000 - 0xffff1000   (   4 kB)
[    0.000000]     fixmap  : 0xffc00000 - 0xfff00000   (3072 kB)
[    0.000000]     vmalloc : 0xf0800000 - 0xff800000   ( 240 MB)
[    0.000000]     lowmem  : 0xc0000000 - 0xf0000000   ( 768 MB)
[    0.000000]     pkmap   : 0xbfe00000 - 0xc0000000   (   2 MB)
[    0.000000]     modules : 0xbf000000 - 0xbfe00000   (  14 MB)
[    0.000000]       .text : 0xc0008000 - 0xc0a00000   (10208 kB)
[    0.000000]       .init : 0xc0d00000 - 0xc0e00000   (1024 kB)
[    0.000000]       .data : 0xc0e00000 - 0xc0ec2728   ( 778 kB)
[    0.000000]        .bss : 0xc0ec2728 - 0xc0f0d3b4   ( 300 kB)
[    0.000000] Preemptible hierarchical RCU implementation.
[    0.000000] 	Tasks RCU enabled.
[    0.000000] NR_IRQS: 16, nr_irqs: 16, preallocated irqs: 16
[    0.000000] /interrupt-controller@60004000: 160 interrupts forwarded to /interrupt-controller@50041000
[    0.000000] Tegra clk 127: register failed with -17
[    0.000004] sched_clock: 32 bits at 1000kHz, resolution 1000ns, wraps every 2147483647500ns
[    0.008023] clocksource: timer_us: mask: 0xffffffff max_cycles: 0xffffffff, max_idle_ns: 1911260446275 ns
[    0.017554] Switching to timer-based delay loop, resolution 1000ns
[    0.024072] arch_timer: cp15 timer(s) running at 12.00MHz (virt).
[    0.029775] clocksource: arch_sys_counter: mask: 0xffffffffffffff max_cycles: 0x2c47f4ee7, max_idle_ns: 440795202497 ns
[    0.040522] sched_clock: 56 bits at 12MHz, resolution 83ns, wraps every 4398046511096ns
[    0.048493] Switching to timer-based delay loop, resolution 83ns
[    0.054677] Console: colour dummy device 80x30
[    0.058902] Calibrating delay loop (skipped), value calculated using timer frequency.. 24.00 BogoMIPS (lpj=120000)
[    0.069211] pid_max: default: 32768 minimum: 301
[    0.073974] Mount-cache hash table entries: 2048 (order: 1, 8192 bytes)
[    0.080393] Mountpoint-cache hash table entries: 2048 (order: 1, 8192 bytes)
[    0.087731] CPU: Testing write buffer coherency: ok
[    0.092405] /cpus/cpu@0 missing clock-frequency property
[    0.097557] /cpus/cpu@1 missing clock-frequency property
[    0.102852] /cpus/cpu@2 missing clock-frequency property
[    0.108130] /cpus/cpu@3 missing clock-frequency property
[    0.113413] CPU0: thread -1, cpu 0, socket 0, mpidr 80000000
[    0.153455] Setting up static identity map for 0x80100000 - 0x801000a0
[    0.158109] Hierarchical SRCU implementation.
[    0.173662] Tegra Revision: A01 SKU: 131 CPU Process: 1 SoC Process: 1
[    0.193458] smp: Bringing up secondary CPUs ...
[    0.243756] CPU1: thread -1, cpu 1, socket 0, mpidr 80000001
[    0.323785] CPU2: thread -1, cpu 2, socket 0, mpidr 80000002
[    0.403825] CPU3: thread -1, cpu 3, socket 0, mpidr 80000003
[    0.413603] smp: Brought up 1 node, 4 CPUs
[    0.432680] SMP: Total of 4 processors activated (96.00 BogoMIPS).
[    0.438838] CPU: All CPU(s) started in SVC mode.
[    0.444135] devtmpfs: initialized
[    0.453146] VFP support v0.3: implementor 41 architecture 4 part 30 variant f rev 0
[    0.459047] clocksource: jiffies: mask: 0xffffffff max_cycles: 0xffffffff, max_idle_ns: 19112604462750000 ns
[    0.468681] futex hash table entries: 1024 (order: 4, 65536 bytes)
[    0.475350] pinctrl core: initialized pinctrl subsystem
[    0.480501] NET: Registered protocol family 16
[    0.484999] DMA: preallocated 256 KiB pool for atomic coherent allocations
[    0.491752] cpuidle: using governor menu
[    0.502808] No ATAGs?
[    0.502867] hw-breakpoint: found 5 (+1 reserved) breakpoint and 4 watchpoint registers.
[    0.511208] hw-breakpoint: maximum watchpoint size is 8 bytes.
[    0.517877] tegra-mc 70019000.memory-controller: no memory timings for RAM code 0 registered
[    0.525552] iommu: Adding device reg-dummy to group 0
[    0.530463] iommu: Adding device 50000000.host1x to group 1
[    0.536017] iommu: Adding device 54200000.dc to group 2
[    0.541207] iommu: Adding device 54240000.dc to group 3
[    0.546401] iommu: Adding device 54280000.hdmi to group 4
[    0.551769] iommu: Adding device 54540000.sor to group 5
[    0.557061] iommu: Adding device 545c0000.dpaux to group 6
[    0.562527] iommu: Adding device 57000000.gpu to group 7
[    0.567807] iommu: Adding device 60005000.timer to group 8
[    0.573263] iommu: Adding device 60007000.flow-controller to group 9
[    0.579593] iommu: Adding device 6000c800.actmon to group 10
[    0.585222] iommu: Adding device 6000d000.gpio to group 11
[    0.590690] iommu: Adding device 60020000.dma to group 12
[    0.596054] iommu: Adding device 70000800.apbmisc to group 13
[    0.601779] iommu: Adding device 70000868.pinmux to group 14
[    0.607407] iommu: Adding device 70006000.serial to group 15
[    0.613046] iommu: Adding device 7000a000.pwm to group 16
[    0.618413] iommu: Adding device 7000c000.i2c to group 17
[    0.623792] iommu: Adding device 7000c400.i2c to group 18
[    0.629162] iommu: Adding device 7000c500.i2c to group 19
[    0.634542] iommu: Adding device 7000c700.i2c to group 20
[    0.639906] iommu: Adding device 7000d000.i2c to group 21
[    0.645290] iommu: Adding device 7000d400.spi to group 22
[    0.650654] iommu: Adding device 7000da00.spi to group 23
[    0.656033] iommu: Adding device 7000e000.rtc to group 24
[    0.661400] iommu: Adding device 7000e400.pmc to group 25
[    0.666782] iommu: Adding device 7000f800.fuse to group 26
[    0.672233] iommu: Adding device 70019000.memory-controller to group 27
[    0.678826] iommu: Adding device 7001b000.emc to group 28
[    0.684193] iommu: Adding device 70030000.hda to group 29
[    0.689577] iommu: Adding device 70090000.usb to group 30
[    0.694940] iommu: Adding device 7009f000.padctl to group 31
[    0.700580] iommu: Adding device 700b0000.sdhci to group 32
[    0.706121] iommu: Adding device 700b0400.sdhci to group 33
[    0.711678] iommu: Adding device 700b0600.sdhci to group 34
[    0.717213] iommu: Adding device 700e2000.thermal-sensor to group 35
[    0.723547] iommu: Adding device 70300000.ahub to group 36
[    0.729001] iommu: Adding device pmu to group 37
[    0.733603] iommu: Adding device timer to group 38
[    0.738360] iommu: Adding device sdhci0_pwrseq to group 39
[    0.743826] iommu: Adding device backlight to group 40
[    0.748937] iommu: Adding device clocks to group 41
[    0.753786] iommu: Adding device gpio-keys to group 42
[    0.758905] iommu: Adding device regulators to group 43
[    0.764101] iommu: Adding device regulators:regulator@0 to group 44
[    0.770346] iommu: Adding device regulators:regulator@1 to group 45
[    0.776580] iommu: Adding device regulators:regulator@2 to group 46
[    0.782826] iommu: Adding device regulators:regulator@3 to group 47
[    0.789062] iommu: Adding device regulators:regulator@4 to group 48
[    0.795308] iommu: Adding device regulators:regulator@5 to group 49
[    0.801539] iommu: Adding device regulators:regulator@6 to group 50
[    0.807786] iommu: Adding device regulators:regulator@7 to group 51
[    0.814023] iommu: Adding device regulators:regulator@8 to group 52
[    0.820269] iommu: Adding device regulators:regulator@9 to group 53
[    0.826501] iommu: Adding device regulators:regulator@10 to group 54
[    0.832835] iommu: Adding device regulators:regulator@11 to group 55
[    0.839153] iommu: Adding device regulators:regulator@12 to group 56
[    0.845486] iommu: Adding device sound to group 57
[    0.850247] iommu: Adding device gpio-restart to group 58
[    0.855625] iommu: Adding device panel to group 59
[    0.866172] +5V_SYS: supplied by +VDD_MUX
[    0.868399] +3.3V_SYS: supplied by +VDD_MUX
[    0.872695] +VDD_LED: Failed to request enable GPIO122: -517
[    0.878068] reg-fixed-voltage regulators:regulator@5: Failed to register regulator: -517
[    0.886152] +5V_VDD_TS_SW: Failed to request enable GPIO81: -517
[    0.892116] reg-fixed-voltage regulators:regulator@6: Failed to register regulator: -517
[    0.900192] +5V_USB_HS: Failed to request enable GPIO108: -517
[    0.905973] reg-fixed-voltage regulators:regulator@7: Failed to register regulator: -517
[    0.914057] +5V_USB_SS: Failed to request enable GPIO109: -517
[    0.919837] reg-fixed-voltage regulators:regulator@8: Failed to register regulator: -517
[    0.927984] +1.05V_RUN_AVDD_HDMI_PLL: Failed to request enable GPIO63: -517
[    0.934830] reg-fixed-voltage regulators:regulator@11: Failed to register regulator: -517
[    0.943003] +5V_HDMI_CON: Failed to request enable GPIO86: -517
[    0.948869] reg-fixed-voltage regulators:regulator@12: Failed to register regulator: -517
[    0.957448] vgaarb: loaded
[    0.959969] SCSI subsystem initialized
[    0.963512] libata version 3.00 loaded.
[    0.967348] usbcore: registered new interface driver usbfs
[    0.972726] usbcore: registered new interface driver hub
[    0.978016] usbcore: registered new device driver usb
[    0.984260] Linux video capture interface: v2.00
[    0.987627] pps_core: LinuxPPS API ver. 1 registered
[    0.992542] pps_core: Software ver. 5.3.6 - Copyright 2005-2007 Rodolfo Giometti <giometti@linux.it>
[    1.001667] PTP clock support registered
[    1.005685] tegra-emc 7001b000.emc: no memory timings for RAM code 0 found in DT
[    1.012923] tegra-emc: probe of 7001b000.emc failed with error -2
[    1.019077] Advanced Linux Sound Architecture Driver Initialized.
[    1.025290] Bluetooth: Core ver 2.22
[    1.028613] NET: Registered protocol family 31
[    1.033015] Bluetooth: HCI device and connection manager initialized
[    1.039356] Bluetooth: HCI socket layer initialized
[    1.044197] Bluetooth: L2CAP socket layer initialized
[    1.049238] Bluetooth: SCO socket layer initialized
[    1.054337] clocksource: Switched to clocksource arch_sys_counter
[    1.091273] NET: Registered protocol family 2
[    1.094097] TCP established hash table entries: 8192 (order: 3, 32768 bytes)
[    1.100780] TCP bind hash table entries: 8192 (order: 4, 65536 bytes)
[    1.107211] TCP: Hash tables configured (established 8192 bind 8192)
[    1.113658] UDP hash table entries: 512 (order: 2, 16384 bytes)
[    1.119388] UDP-Lite hash table entries: 512 (order: 2, 16384 bytes)
[    1.125815] NET: Registered protocol family 1
[    1.130324] RPC: Registered named UNIX socket transport module.
[    1.135930] RPC: Registered udp transport module.
[    1.140599] RPC: Registered tcp transport module.
[    1.145285] RPC: Registered tcp NFSv4.1 backchannel transport module.
[    1.151866] iommu: Adding device regulatory.0 to group 60
[    1.157155] PCI: CLS 0 bytes, default 64
[    1.161664] hw perfevents: enabled with armv7_cortex_a15 PMU driver, 7 counters available
[    1.169384] iommu: Adding device alarmtimer to group 61
[    1.174720] Initialise system trusted keyrings
[    1.178812] workingset: timestamp_bits=30 max_order=19 bucket_order=0
[    1.185641] squashfs: version 4.0 (2009/01/31) Phillip Lougher
[    1.191221] NFS: Registering the id_resolver key type
[    1.195998] Key type id_resolver registered
[    1.200139] Key type id_legacy registered
[    1.205867] Key type asymmetric registered
[    1.208199] Asymmetric key parser 'x509' registered
[    1.213106] bounce: pool size: 64 pages
[    1.216900] io scheduler noop registered (default)
[    1.221633] io scheduler mq-deadline registered
[    1.226145] io scheduler kyber registered
[    1.230768] tegra-xusb-padctl 7009f000.padctl: failed to setup XUSB ports: -517
[    1.243195] tegra-apbdma 60020000.dma: Tegra20 APB DMA driver register 32 channels
[    1.249277] tegra-pmc 7000e400.pmc: i2c-thermtrip node not found, emergency thermal reset disabled.
[    1.258073] Serial: 8250/16550 driver, 4 ports, IRQ sharing disabled
[    1.264224] iommu: Adding device serial8250 to group 62
[    1.270046] console [ttyS0] disabled
[    1.272950] 70006000.serial: ttyS0 at MMIO 0x70006000 (irq = 333, base_baud = 25500000) is a Tegra
[    1.281907] console [ttyS0] enabled
[    1.281907] console [ttyS0] enabled
[    1.288110] bootconsole [earlycon0] disabled
[    1.288110] bootconsole [earlycon0] disabled
[    1.314154] tegra-hdmi 54280000.hdmi: failed to get HDMI regulator
[    1.320704] tegra-dpaux 545c0000.dpaux: failed to get VDD supply: -517
[    1.328161] panel-simple panel: panel supply power not found, using dummy regulator
[    1.339449] loop: module loaded
[    1.343139] as3722 4-0040: AS3722 with revision 0x1 found
[    1.349760] iommu: Adding device as3722-pinctrl to group 63
[    1.356699] iommu: Adding device as3722-regulator to group 64
[    1.364527] as3722-sd2: supplied by +5V_SYS
[    1.368952] as3722-sd3: supplied by +5V_SYS
[    1.373285] +1.35V_LP0(sd3): Bringing 0uV into 1350000-1350000uV
[    1.379476] as3722-sd4: supplied by +5V_SYS
[    1.383811] +1.05V_RUN: Bringing 0uV into 1050000-1050000uV
[    1.389569] as3722-sd5: supplied by +5V_SYS
[    1.395169] as3722-ldo0: supplied by +1.35V_LP0(sd2)
[    1.400914] +1.8V_RUN_CAM: Bringing 0uV into 1800000-1800000uV
[    1.406936] as3722-ldo2: supplied by +1.8V_VDDIO
[    1.412569] as3722-ldo3: supplied by +3.3V_SYS
[    1.417027] +1.00V_LP0_VDD_RTC: Bringing 1100000uV into 1000000-1000000uV
[    1.424606] as3722-ldo4: supplied by +3.3V_SYS
[    1.429202] +3.3V_RUN_CAM: Bringing 0uV into 2800000-2800000uV
[    1.435226] as3722-ldo5: supplied by +1.8V_VDDIO
[    1.439999] +1.2V_RUN_CAM_FRONT: Bringing 0uV into 1200000-1200000uV
[    1.446695] +VDDIO_SDMMC3: Bringing 0uV into 1800000-1800000uV
[    1.452727] as3722-ldo7: supplied by +1.8V_VDDIO
[    1.457507] +1.05V_RUN_CAM_REAR: Bringing 0uV into 1050000-1050000uV
[    1.464058] as3722-ldo9: supplied by +5V_SYS
[    1.468632] +2.8V_RUN_TOUCH: Bringing 0uV into 2800000-2800000uV
[    1.474845] as3722-ldo10: supplied by +5V_SYS
[    1.479357] +2.8V_RUN_CAM_AF: Bringing 0uV into 2800000-2800000uV
[    1.485804] +1.8V_RUN_VPP_FUSE: Bringing 0uV into 1800000-1800000uV
[    1.492321] iommu: Adding device as3722-rtc to group 65
[    1.497605] iommu: Adding device as3722-adc to group 66
[    1.502866] iommu: Adding device as3722-power-off to group 67
[    1.508657] iommu: Adding device as3722-wdt to group 68
[    1.530420] ------------[ cut here ]------------
[    1.535026] kernel BUG at drivers/platform/chrome/cros_ec_proto.c:34!
[    1.541451] Internal error: Oops - BUG: 0 [#1] PREEMPT SMP ARM
[    1.547267] Modules linked in:
[    1.550315] CPU: 0 PID: 1 Comm: swapper/0 Not tainted 4.14.0-next-20171116-13618-g785be73 #1
[    1.558732] Hardware name: NVIDIA Tegra SoC (Flattened Device Tree)
[    1.564982] task: ee890740 task.stack: ee8a6000
[    1.569504] PC is at cros_ec_prepare_tx+0x168/0x16c
[    1.574371] LR is at cros_ec_pkt_xfer_spi+0x18/0x474
[    1.579320] pc : [<c06e731c>]    lr : [<c0555d1c>]    psr: 20000013
[    1.585571] sp : ee8a7bd8  ip : 00000000  fp : 00000000
[    1.590781] r10: c0555d04  r9 : 00000000  r8 : eefe7fb4
[    1.595992] r7 : ee28cac0  r6 : ee28cac0  r5 : ee28cac0  r4 : ee270e50
[    1.602502] r3 : 0000ffff  r2 : 00000000  r1 : 0000ffff  r0 : ee270e50
[    1.609013] Flags: nzCv  IRQs on  FIQs on  Mode SVC_32  ISA ARM  Segment none
[    1.616130] Control: 10c5387d  Table: 8000406a  DAC: 00000051
[    1.621860] Process swapper/0 (pid: 1, stack limit = 0xee8a6210)
[    1.627851] Stack: (0xee8a7bd8 to 0xee8a8000)
[    1.632195] 7bc0:                                                       ee270e50 ee28cac0
[    1.640354] 7be0: ee28cb50 c0555d1c c098b9f4 00000004 ee8a7c5c ee8a7c5c ee28b800 00000000
[    1.648512] 7c00: c05a22b0 00000000 00000008 00000008 00000000 ee8a7c14 ee8a7c14 00000000
[    1.656670] 7c20: ee8a7c20 ee8a7c20 ee28cb10 ee28ca40 00000008 00000000 00000000 00000000
[    1.664828] 7c40: c0d90bd0 c023b5b4 40002800 00000540 eef94bd0 c023da18 002dc6c0 ee8a7bf0
[    1.672985] 7c60: ee8a7bf0 00000000 c06e714c 005c5180 3b9aca00 000f4240 00000000 ee8a7ca8
[    1.681143] 7c80: 00000001 00000501 c0555d04 c0990330 00000000 ee28ca80 a0000013 c06e714c
[    1.689301] 7ca0: ee28cac0 ee270e50 ee28cac0 ee28b800 ee28cac0 eefe7fb4 00000000 c0555d04
[    1.697459] 7cc0: 00000000 c06e70a8 0000400b ee270e50 ee28cac0 ee28b800 0000000c eefe7fb4
[    1.705616] 7ce0: c0eecdbc c06e74c4 00000000 ee270e50 ee28b800 00000000 00000000 eefe7fb4
[    1.713773] 7d00: c0e6c308 c05557a8 ee8a7d14 ee28b800 00000000 00000001 ee28b800 ee270e50
[    1.721930] 7d20: ee28cb50 c0555b58 00000000 00000000 00000000 000007d0 ee28b800 00000000
[    1.730087] 7d40: c0e6c2f8 c0efe068 00000000 c05a2cf4 ee28b800 c0efe064 00000000 c053153c
[    1.738244] 7d60: 00000000 ee8a7d98 c05316e8 00000001 c0efe040 00000000 00000000 c052fb44
[    1.746402] 7d80: ee9f1170 ee2605b8 ee28b800 ee28b834 c0e72e34 c0531264 ee28b800 00000001
[    1.754560] 7da0: 00000000 ee28b800 ee28b800 c0e72e34 ee03a000 c05308a8 ee28b800 00000000
[    1.762718] 7dc0: ee28b808 c052eeec ee28b800 c05a5c60 00000000 ee28b800 ee28b800 ee03a000
[    1.770875] 7de0: 00000000 eea8be10 eefe8004 00000001 00000000 c05a2b48 002dc6c0 ee03a000
[    1.779033] 7e00: eefe7fb4 00000000 ee28b800 c05a4ae8 00000000 014000c0 00000000 c05a44d4
[    1.787191] 7e20: 00000063 002dc6c0 ee03a000 ee28c610 eea8be00 eea8be10 40000000 00000153
[    1.795349] 7e40: 00000000 c05a500c eefe7d0c ee03a350 ee03a000 eea8be00 eea8be10 c05a5b98
[    1.803507] 7e60: 00000000 ee03a350 ffffffed eea8be10 fffffdfb c0e73790 00000000 00000000
[    1.811665] 7e80: c0e73790 c0532e54 c0532e04 eea8be10 c0efe064 00000000 c0efe068 c053153c
[    1.819822] 7ea0: eea8be10 c0e73790 eea8be44 00000000 0000010e c0d6a83c c0d00594 c05316b0
[    1.827980] 7ec0: 00000000 c0e73790 c0531604 c052fbe0 ee8cc55c eea14934 c0e73790 ee287e80
[    1.836138] 7ee0: c0e6a8f8 c0530a7c c0be0878 c0e73790 00000006 c0e73790 00000006 c0d38678
[    1.844295] 7f00: 00000000 c0532230 c0532aa8 c0d8332c 00000006 c0101b8c 00000000 c0c7e1b0
[    1.852453] 7f20: 00000100 efffcc45 c0c7e1b0 0000010e efffcc53 c013e8f4 c0c7cc98 00000000
[    1.860611] 7f40: 00000006 00000006 efffcc45 efffcc4a 00000000 efffcbc0 00000006 c0d6a82c
[    1.868769] 7f60: c0d8332c 00000006 c0d6a830 c0ec2740 0000010e c0d00d94 00000006 00000006
[    1.876926] 7f80: 00000000 c0d00594 00000000 c0989428 00000000 00000000 00000000 00000000
[    1.885084] 7fa0: 00000000 c0989430 00000000 c0107cf0 00000000 00000000 00000000 00000000
[    1.893241] 7fc0: 00000000 00000000 00000000 00000000 00000000 00000000 00000000 00000000
[    1.901399] 7fe0: 00000000 00000000 00000000 00000000 00000013 00000000 00000000 00000000
[    1.909563] [<c06e731c>] (cros_ec_prepare_tx) from [<c0555d1c>] (cros_ec_pkt_xfer_spi+0x18/0x474)
[    1.918417] [<c0555d1c>] (cros_ec_pkt_xfer_spi) from [<c06e70a8>] (send_command+0x20/0xd8)
[    1.926663] [<c06e70a8>] (send_command) from [<c06e74c4>] (cros_ec_query_all+0x1a4/0x398)
[    1.934821] [<c06e74c4>] (cros_ec_query_all) from [<c05557a8>] (cros_ec_register+0x94/0x21c)
[    1.943240] [<c05557a8>] (cros_ec_register) from [<c0555b58>] (cros_ec_spi_probe+0x108/0x150)
[    1.951747] [<c0555b58>] (cros_ec_spi_probe) from [<c05a2cf4>] (spi_drv_probe+0x7c/0xa8)
[    1.959823] [<c05a2cf4>] (spi_drv_probe) from [<c053153c>] (driver_probe_device+0x250/0x318)
[    1.968243] [<c053153c>] (driver_probe_device) from [<c052fb44>] (bus_for_each_drv+0x44/0x8c)
[    1.976748] [<c052fb44>] (bus_for_each_drv) from [<c0531264>] (__device_attach+0x9c/0x100)
[    1.984994] [<c0531264>] (__device_attach) from [<c05308a8>] (bus_probe_device+0x84/0x8c)
[    1.993153] [<c05308a8>] (bus_probe_device) from [<c052eeec>] (device_add+0x380/0x528)
[    2.001053] [<c052eeec>] (device_add) from [<c05a2b48>] (spi_add_device+0x88/0x130)
[    2.008692] [<c05a2b48>] (spi_add_device) from [<c05a4ae8>] (spi_register_controller+0x428/0x918)
[    2.017545] [<c05a4ae8>] (spi_register_controller) from [<c05a500c>] (devm_spi_register_controller+0x34/0x70)
[    2.027438] [<c05a500c>] (devm_spi_register_controller) from [<c05a5b98>] (tegra_spi_probe+0x298/0x35c)
[    2.036811] [<c05a5b98>] (tegra_spi_probe) from [<c0532e54>] (platform_drv_probe+0x50/0xb0)
[    2.045144] [<c0532e54>] (platform_drv_probe) from [<c053153c>] (driver_probe_device+0x250/0x318)
[    2.053997] [<c053153c>] (driver_probe_device) from [<c05316b0>] (__driver_attach+0xac/0xb0)
[    2.062415] [<c05316b0>] (__driver_attach) from [<c052fbe0>] (bus_for_each_dev+0x54/0x88)
[    2.070574] [<c052fbe0>] (bus_for_each_dev) from [<c0530a7c>] (bus_add_driver+0xe4/0x1f0)
[    2.078734] [<c0530a7c>] (bus_add_driver) from [<c0532230>] (driver_register+0x78/0xf4)
[    2.086721] [<c0532230>] (driver_register) from [<c0101b8c>] (do_one_initcall+0x3c/0x168)
[    2.094885] [<c0101b8c>] (do_one_initcall) from [<c0d00d94>] (kernel_init_freeable+0x10c/0x1d0)
[    2.103567] [<c0d00d94>] (kernel_init_freeable) from [<c0989430>] (kernel_init+0x8/0x114)
[    2.111728] [<c0989430>] (kernel_init) from [<c0107cf0>] (ret_from_fork+0x14/0x24)
[    2.119280] Code: e2800008 e8bd8070 e7f001f2 e7f001f2 (e7f001f2) 
[    2.125367] ---[ end trace 3c7e2387586c9707 ]---
[    2.129995] Kernel panic - not syncing: Attempted to kill init! exitcode=0x0000000b
[    2.129995] 
[    2.139110] CPU3: stopping
[    2.141808] CPU: 3 PID: 0 Comm: swapper/3 Tainted: G      D          4.14.0-next-20171116-13618-g785be73 #1
[    2.151525] Hardware name: NVIDIA Tegra SoC (Flattened Device Tree)
[    2.157784] [<c0111130>] (unwind_backtrace) from [<c010c074>] (show_stack+0x10/0x14)
[    2.165513] [<c010c074>] (show_stack) from [<c0975afc>] (dump_stack+0x84/0xa4)
[    2.172719] [<c0975afc>] (dump_stack) from [<c010f61c>] (handle_IPI+0x18c/0x39c)
[    2.180098] [<c010f61c>] (handle_IPI) from [<c0101430>] (gic_handle_irq+0x88/0x94)
[    2.187649] [<c0101430>] (gic_handle_irq) from [<c010cc4c>] (__irq_svc+0x6c/0xa8)
[    2.195112] Exception stack(0xee8e3f70 to 0xee8e3fb8)
[    2.200149] 3f60:                                     00000001 00000000 ee8e3fc8 c011a420
[    2.208307] 3f80: 00000008 c0e04cdc 00000000 c0e04c68 00000000 c0d8c2b8 00000000 c0e04cec
[    2.216465] 3fa0: 2e237000 ee8e3fc0 c0108758 c010875c 60000013 ffffffff
[    2.223064] [<c010cc4c>] (__irq_svc) from [<c010875c>] (arch_cpu_idle+0x30/0x3c)
[    2.230445] [<c010875c>] (arch_cpu_idle) from [<c01624dc>] (do_idle+0x140/0x204)
[    2.237825] [<c01624dc>] (do_idle) from [<c0162828>] (cpu_startup_entry+0x18/0x1c)
[    2.245377] [<c0162828>] (cpu_startup_entry) from [<801018ac>] (0x801018ac)
[    2.252320] CPU1: stopping
[    2.255019] CPU: 1 PID: 0 Comm: swapper/1 Tainted: G      D          4.14.0-next-20171116-13618-g785be73 #1
[    2.264735] Hardware name: NVIDIA Tegra SoC (Flattened Device Tree)
[    2.270990] [<c0111130>] (unwind_backtrace) from [<c010c074>] (show_stack+0x10/0x14)
[    2.278716] [<c010c074>] (show_stack) from [<c0975afc>] (dump_stack+0x84/0xa4)
[    2.285922] [<c0975afc>] (dump_stack) from [<c010f61c>] (handle_IPI+0x18c/0x39c)
[    2.293300] [<c010f61c>] (handle_IPI) from [<c0101430>] (gic_handle_irq+0x88/0x94)
[    2.300851] [<c0101430>] (gic_handle_irq) from [<c010cc4c>] (__irq_svc+0x6c/0xa8)
[    2.308314] Exception stack(0xee8c1f70 to 0xee8c1fb8)
[    2.313351] 1f60:                                     00000001 00000000 ee8c1fc8 c011a420
[    2.321509] 1f80: 00000002 c0e04cdc 00000000 c0e04c68 00000000 c0d8c2b8 00000000 c0e04cec
[    2.329667] 1fa0: 2e215000 ee8c1fc0 c0108758 c010875c 60000013 ffffffff
[    2.336265] [<c010cc4c>] (__irq_svc) from [<c010875c>] (arch_cpu_idle+0x30/0x3c)
[    2.343645] [<c010875c>] (arch_cpu_idle) from [<c01624dc>] (do_idle+0x140/0x204)
[    2.351023] [<c01624dc>] (do_idle) from [<c0162828>] (cpu_startup_entry+0x18/0x1c)
[    2.358575] [<c0162828>] (cpu_startup_entry) from [<801018ac>] (0x801018ac)
[    2.365519] CPU2: stopping
[    2.368218] CPU: 2 PID: 0 Comm: swapper/2 Tainted: G      D          4.14.0-next-20171116-13618-g785be73 #1
[    2.377935] Hardware name: NVIDIA Tegra SoC (Flattened Device Tree)
[    2.384188] [<c0111130>] (unwind_backtrace) from [<c010c074>] (show_stack+0x10/0x14)
[    2.391913] [<c010c074>] (show_stack) from [<c0975afc>] (dump_stack+0x84/0xa4)
[    2.399120] [<c0975afc>] (dump_stack) from [<c010f61c>] (handle_IPI+0x18c/0x39c)
[    2.406498] [<c010f61c>] (handle_IPI) from [<c0101430>] (gic_handle_irq+0x88/0x94)
[    2.414049] [<c0101430>] (gic_handle_irq) from [<c010cc4c>] (__irq_svc+0x6c/0xa8)
[    2.421512] Exception stack(0xee8e1f70 to 0xee8e1fb8)
[    2.426549] 1f60:                                     00000001 00000000 ee8e1fc8 c011a420
[    2.434707] 1f80: 00000004 c0e04cdc 00000000 c0e04c68 00000000 c0d8c2b8 00000000 c0e04cec
[    2.442863] 1fa0: 2e226000 ee8e1fc0 c0108758 c010875c 60000013 ffffffff
[    2.449462] [<c010cc4c>] (__irq_svc) from [<c010875c>] (arch_cpu_idle+0x30/0x3c)
[    2.456840] [<c010875c>] (arch_cpu_idle) from [<c01624dc>] (do_idle+0x140/0x204)
[    2.464219] [<c01624dc>] (do_idle) from [<c0162828>] (cpu_startup_entry+0x18/0x1c)
[    2.471770] [<c0162828>] (cpu_startup_entry) from [<801018ac>] (0x801018ac)
[    2.478718] ---[ end Kernel panic - not syncing: Attempted to kill init! exitcode=0x0000000b
[    2.478718] 
[   19.804338] ------------[ cut here ]------------
[   19.808948] WARNING: CPU: 0 PID: 8 at kernel/irq_work.c:68 irq_work_queue_on+0xbc/0xfc
[   19.816844] Modules linked in:
[   19.819891] CPU: 0 PID: 8 Comm: rcu_preempt Tainted: G      D          4.14.0-next-20171116-13618-g785be73 #1
[   19.829781] Hardware name: NVIDIA Tegra SoC (Flattened Device Tree)
[   19.836034] [<c0111130>] (unwind_backtrace) from [<c010c074>] (show_stack+0x10/0x14)
[   19.843759] [<c010c074>] (show_stack) from [<c0975afc>] (dump_stack+0x84/0xa4)
[   19.850966] [<c0975afc>] (dump_stack) from [<c0121ab0>] (__warn+0xe4/0x110)
[   19.857912] [<c0121ab0>] (__warn) from [<c0121b20>] (warn_slowpath_null+0x44/0x4c)
[   19.865464] [<c0121b20>] (warn_slowpath_null) from [<c01d6b48>] (irq_work_queue_on+0xbc/0xfc)
[   19.873971] [<c01d6b48>] (irq_work_queue_on) from [<c0183c54>] (rcu_implicit_dynticks_qs+0x280/0x2a0)
[   19.883169] [<c0183c54>] (rcu_implicit_dynticks_qs) from [<c0182e08>] (force_qs_rnp+0x13c/0x1dc)
[   19.891934] [<c0182e08>] (force_qs_rnp) from [<c01833dc>] (rcu_gp_kthread+0x534/0xa58)
[   19.899836] [<c01833dc>] (rcu_gp_kthread) from [<c013f19c>] (kthread+0x11c/0x154)
[   19.907302] [<c013f19c>] (kthread) from [<c0107cf0>] (ret_from_fork+0x14/0x24)
[   19.914506] ---[ end trace 3c7e2387586c9708 ]---
