
U-Boot SPL 2014.01-00219-gc4d376f (Feb 18 2014 - 19:57:18)


U-Boot 2014.01-00219-gc4d376f (Feb 18 2014 - 19:57:18)

TEGRA30
Board: NVIDIA Beaver
I2C:   ready
DRAM:  2 GiB
MMC:   Tegra SD/MMC: 0, Tegra SD/MMC: 1
In:    serial
Out:   serial
Err:   serial
Net:   Net Initialization Skipped
No ethernet found.
Hit any key to stop autoboot:  2  0 
Tegra30 (Beaver) # 
Tegra30 (Beaver) # usb reset
(Re)start USB...
USB0:   USB EHCI 1.00
scanning bus 0 for devices... 2 USB Device(s) found
       scanning usb for storage devices... 0 Storage Device(s) found
       scanning usb for ethernet devices... 
Warning: asx0 using MAC address from net device
1 Ethernet Device(s) found
Tegra30 (Beaver) # setenv bootargs 'ignore_loglevel console=ttyS0,115200n8 rw root=PARTUUID=edbe1840-3633-c751-7993-b0ac834f81e0 rootwait gpt debug noinitrd earlyprintk init=/bin/bash'
Tegra30 (Beaver) # setenv ipaddr 192.168.100.101; setenv serverip 192.168.100.1; setenv tftpserverip 192.168.100.1
Tegra30 (Beaver) # tftpboot 0x81000000 zImage.multi_v7_defconfig
Using asx0 device
TFTP from server 192.168.100.1; our IP address is 192.168.100.101
Filename 'zImage.multi_v7_defconfig'.
Load address: 0x81000000
Loading: *#################################################################
	 #################################################################
	 #################################################################
	 #################################################################
	 #################################################################
	 #################################################################
	 #################################################################
	 #################################################################
	 ##################################
	 2.8 MiB/s
done
Bytes transferred = 8118784 (7be200 hex)
Tegra30 (Beaver) # tftpboot 0x82000000 tegra30-beaver.dtb
Using asx0 device
TFTP from server 192.168.100.1; our IP address is 192.168.100.101
Filename 'tegra30-beaver.dtb'.
Load address: 0x82000000
Loading: *####
	 2.9 MiB/s
done
Bytes transferred = 51470 (c90e hex)
Tegra30 (Beaver) # bootz 0x81000000 - 0x82000000
Kernel image @ 0x81000000 [ 0x000000 - 0x7be200 ]
## Flattened Device Tree blob at 82000000
   Booting using the fdt blob at 0x82000000
   Loading Device Tree to 8fff0000, end 8ffff90d ... OK

Starting kernel ...

[    0.000000] Booting Linux on physical CPU 0x0
[    0.000000] Linux version 4.15.0-rc9-next-20180126-347956-gf0701bf7db7a (jonathanh@tamien) (gcc version 4.7.3 20130328 (prerelease) (crosstool-NG linaro-1.13.1-4.7-2013.04-20130415 - Linaro GCC 2013.04)) #1 SMP Thu Jan 25 19:19:57 PST 2018
[    0.000000] CPU: ARMv7 Processor [412fc099] revision 9 (ARMv7), cr=10c5387d
[    0.000000] CPU: PIPT / VIPT nonaliasing data cache, VIPT aliasing instruction cache
[    0.000000] OF: fdt: Machine model: NVIDIA Tegra30 Beaver evaluation board
[    0.000000] debug: ignoring loglevel setting.
[    0.000000] Memory policy: Data cache writealloc
[    0.000000] efi: Getting EFI parameters from FDT:
[    0.000000] efi: UEFI not found.
[    0.000000] cma: Reserved 64 MiB at 0xfb800000
[    0.000000] On node 0 totalpages: 524032
[    0.000000]   DMA zone: 1536 pages used for memmap
[    0.000000]   DMA zone: 0 pages reserved
[    0.000000]   DMA zone: 196608 pages, LIFO batch:31
[    0.000000]   HighMem zone: 327424 pages, LIFO batch:31
[    0.000000] random: fast init done
[    0.000000] percpu: Embedded 17 pages/cpu @(ptrval) s39232 r8192 d22208 u69632
[    0.000000] pcpu-alloc: s39232 r8192 d22208 u69632 alloc=17*4096
[    0.000000] pcpu-alloc: [0] 0 [0] 1 [0] 2 [0] 3 
[    0.000000] Built 1 zonelists, mobility grouping on.  Total pages: 522496
[    0.000000] Kernel command line: ignore_loglevel console=ttyS0,115200n8 rw root=PARTUUID=edbe1840-3633-c751-7993-b0ac834f81e0 rootwait gpt debug noinitrd earlyprintk init=/bin/bash
[    0.000000] Dentry cache hash table entries: 131072 (order: 7, 524288 bytes)
[    0.000000] Inode-cache hash table entries: 65536 (order: 6, 262144 bytes)
[    0.000000] Memory: 1992508K/2096128K available (11264K kernel code, 1568K rwdata, 4336K rodata, 2048K init, 405K bss, 38084K reserved, 65536K cma-reserved, 1244160K highmem)
[    0.000000] Virtual kernel memory layout:
[    0.000000]     vector  : 0xffff0000 - 0xffff1000   (   4 kB)
[    0.000000]     fixmap  : 0xffc00000 - 0xfff00000   (3072 kB)
[    0.000000]     vmalloc : 0xf0800000 - 0xff800000   ( 240 MB)
[    0.000000]     lowmem  : 0xc0000000 - 0xf0000000   ( 768 MB)
[    0.000000]     pkmap   : 0xbfe00000 - 0xc0000000   (   2 MB)
[    0.000000]     modules : 0xbf000000 - 0xbfe00000   (  14 MB)
[    0.000000]       .text : 0x(ptrval) - 0x(ptrval)   (12256 kB)
[    0.000000]       .init : 0x(ptrval) - 0x(ptrval)   (2048 kB)
[    0.000000]       .data : 0x(ptrval) - 0x(ptrval)   (1569 kB)
[    0.000000]        .bss : 0x(ptrval) - 0x(ptrval)   ( 406 kB)
[    0.000000] SLUB: HWalign=64, Order=0-3, MinObjects=0, CPUs=4, Nodes=1
[    0.000000] Hierarchical RCU implementation.
[    0.000000] 	RCU event tracing is enabled.
[    0.000000] 	RCU restricting CPUs from NR_CPUS=16 to nr_cpu_ids=4.
[    0.000000] RCU: Adjusting geometry for rcu_fanout_leaf=16, nr_cpu_ids=4
[    0.000000] NR_IRQS: 16, nr_irqs: 16, preallocated irqs: 16
[    0.000000] /interrupt-controller@60004000: 160 interrupts forwarded to /interrupt-controller@50041000
[    0.000000] L2C: platform modifies aux control register: 0x02080000 -> 0x3e480001
[    0.000000] L2C: DT/platform modifies aux control register: 0x02080000 -> 0x3e480001
[    0.000000] L2C-310 erratum 769419 enabled
[    0.000000] L2C-310 enabling early BRESP for Cortex-A9
[    0.000000] L2C-310: enabling full line of zeros but not enabled in Cortex-A9
[    0.000000] L2C-310 dynamic clock gating enabled, standby mode enabled
[    0.000000] L2C-310 cache controller enabled, 8 ways, 1024 kB
[    0.000000] L2C-310: CACHE_ID 0x410000c7, AUX_CTRL 0x4e480001
[    0.000012] sched_clock: 32 bits at 1000kHz, resolution 1000ns, wraps every 2147483647500ns
[    0.000031] clocksource: timer_us: mask: 0xffffffff max_cycles: 0xffffffff, max_idle_ns: 1911260446275 ns
[    0.000040] Switching to timer-based delay loop, resolution 1000ns
[    0.002950] Console: colour dummy device 80x30
[    0.002982] Calibrating delay loop (skipped), value calculated using timer frequency.. 2.00 BogoMIPS (lpj=10000)
[    0.002992] pid_max: default: 32768 minimum: 301
[    0.003083] Mount-cache hash table entries: 2048 (order: 1, 8192 bytes)
[    0.003092] Mountpoint-cache hash table entries: 2048 (order: 1, 8192 bytes)
[    0.003500] CPU: Testing write buffer coherency: ok
[    0.003816] CPU0: thread -1, cpu 0, socket 0, mpidr 80000000
[    0.004043] Setting up static identity map for 0x80300000 - 0x803000a0
[    0.005372] Hierarchical SRCU implementation.
[    0.007373] Tegra Revision: A03 SKU: 128 CPU Process: 4 SoC Process: 0
[    0.007989] EFI services will not be available.
[    0.008098] smp: Bringing up secondary CPUs ...
[    0.010383] CPU1: thread -1, cpu 1, socket 0, mpidr 80000001
[    0.020359] CPU2: thread -1, cpu 2, socket 0, mpidr 80000002
[    0.030342] CPU3: thread -1, cpu 3, socket 0, mpidr 80000003
[    0.030399] smp: Brought up 1 node, 4 CPUs
[    0.030411] SMP: Total of 4 processors activated (8.00 BogoMIPS).
[    0.030417] CPU: All CPU(s) started in SVC mode.
[    0.031124] devtmpfs: initialized
[    0.041365] Built 1 zonelists, mobility grouping on.  Total pages: 514511
[    0.041760] VFP support v0.3: implementor 41 architecture 3 part 30 variant 9 rev 4
[    0.042388] clocksource: jiffies: mask: 0xffffffff max_cycles: 0xffffffff, max_idle_ns: 19112604462750000 ns
[    0.042410] futex hash table entries: 1024 (order: 4, 65536 bytes)
[    0.042634] pinctrl core: initialized pinctrl subsystem
[    0.043792] DMI not present or invalid.
[    0.044031] NET: Registered protocol family 16
[    0.046612] DMA: preallocated 256 KiB pool for atomic coherent allocations
[    0.048393] cpuidle: using governor menu
[    0.061555] No ATAGs?
[    0.061677] hw-breakpoint: found 5 (+1 reserved) breakpoint and 1 watchpoint registers.
[    0.061688] hw-breakpoint: maximum watchpoint size is 4 bytes.
[    0.066068] Serial: AMBA PL011 UART driver
[    0.066673] tegra-mc 7000f000.memory-controller: no memory timings for RAM code 3 registered
[    0.066840] iommu: Adding device 54200000.dc to group 0
[    0.066876] iommu: Adding device 54240000.dc to group 0
[    0.075258] AT91: Could not find identification node
[    0.075752] vdd_5v_sata: Failed to request enable GPIO30: -517
[    0.075767] reg-fixed-voltage regulators:regulator@3: Failed to register regulator: -517
[    0.075817] usb1_vbus: Failed to request enable GPIO238: -517
[    0.075824] reg-fixed-voltage regulators:regulator@4: Failed to register regulator: -517
[    0.075872] usb3_vbus: Failed to request enable GPIO236: -517
[    0.075879] reg-fixed-voltage regulators:regulator@5: Failed to register regulator: -517
[    0.075980] sys_3v3_pexs: Failed to request enable GPIO95: -517
[    0.075987] reg-fixed-voltage regulators:regulator@7: Failed to register regulator: -517
[    0.077818] vgaarb: loaded
[    0.078321] SCSI subsystem initialized
[    0.078496] libata version 3.00 loaded.
[    0.078627] usbcore: registered new interface driver usbfs
[    0.078656] usbcore: registered new interface driver hub
[    0.078691] usbcore: registered new device driver usb
[    0.085803] vrtc: supplied by vdd_5v_in
[    0.089066] vio: supplied by vdd_5v_in
[    0.091843] vdd1: supplied by vdd_5v_in
[    0.093220] vddio_ddr_1v2: Bringing 600000uV into 1200000-1200000uV
[    0.101811] vdd2: supplied by vdd_5v_in
[    0.121806] ldo1: supplied by vdd_1v5_gen
[    0.124178] ldo2: supplied by vdd_1v5_gen
[    0.124649] vdd_sata,avdd_plle: Bringing 1200000uV into 1050000-1050000uV
[    0.126871] ldo3: supplied by vdd_5v_in
[    0.129208] ldo4: supplied by vdd_5v_in
[    0.131829] ldo5: supplied by vdd_5v_in
[    0.141806] ldo6: supplied by vdd_1v8_gen
[    0.142275] avdd_dsi_csi,pwrdet_mipi: Bringing 1000000uV into 1200000-1200000uV
[    0.144508] ldo7: supplied by vdd_1v8_gen
[    0.151813] ldo8: supplied by vdd_1v8_gen
[    0.161943] pps_core: LinuxPPS API ver. 1 registered
[    0.161949] pps_core: Software ver. 5.3.6 - Copyright 2005-2007 Rodolfo Giometti <giometti@linux.it>
[    0.161961] PTP clock support registered
[    0.162109] EDAC MC: Ver: 3.0.0
[    0.163650] clocksource: Switched to clocksource timer_us
[    0.194824] NET: Registered protocol family 2
[    0.195235] tcp_listen_portaddr_hash hash table entries: 512 (order: 0, 6144 bytes)
[    0.195256] TCP established hash table entries: 8192 (order: 3, 32768 bytes)
[    0.195313] TCP bind hash table entries: 8192 (order: 4, 65536 bytes)
[    0.195397] TCP: Hash tables configured (established 8192 bind 8192)
[    0.195535] UDP hash table entries: 512 (order: 2, 16384 bytes)
[    0.195602] UDP-Lite hash table entries: 512 (order: 2, 16384 bytes)
[    0.195774] NET: Registered protocol family 1
[    0.196121] RPC: Registered named UNIX socket transport module.
[    0.196130] RPC: Registered udp transport module.
[    0.196135] RPC: Registered tcp transport module.
[    0.196139] RPC: Registered tcp NFSv4.1 backchannel transport module.
[    0.196150] PCI: CLS 0 bytes, default 64
[    0.196979] hw perfevents: no interrupt-affinity property for /pmu, guessing.
[    0.197211] hw perfevents: enabled with armv7_cortex_a9 PMU driver, 7 counters available
[    0.198278] Initialise system trusted keyrings
[    0.198406] workingset: timestamp_bits=30 max_order=19 bucket_order=0
[    0.202128] squashfs: version 4.0 (2009/01/31) Phillip Lougher
[    0.202535] NFS: Registering the id_resolver key type
[    0.202558] Key type id_resolver registered
[    0.202563] Key type id_legacy registered
[    0.202593] ntfs: driver 2.1.32 [Flags: R/O].
[    0.203757] Key type asymmetric registered
[    0.203767] Asymmetric key parser 'x509' registered
[    0.203800] bounce: pool size: 64 pages
[    0.203846] Block layer SCSI generic (bsg) driver version 0.4 loaded (major 246)
[    0.203854] io scheduler noop registered
[    0.203858] io scheduler deadline registered
[    0.203997] io scheduler cfq registered (default)
[    0.204004] io scheduler mq-deadline registered
[    0.204008] io scheduler kyber registered
[    0.210546] tegra30-pinctrl 70000868.pinmux: invalid group "sdmmc3_dat6_pd3" for function "rsvd1"
[    0.210562] tegra30-pinctrl 70000868.pinmux: invalid group "sdmmc3_dat7_pd4" for function "rsvd1"
[    0.210584] tegra30-pinctrl 70000868.pinmux: invalid group "vi_vsync_pd6" for function "rsvd1"
[    0.210595] tegra30-pinctrl 70000868.pinmux: invalid group "vi_hsync_pd7" for function "rsvd1"
[    0.211043] tegra30-pinctrl 70000868.pinmux: invalid group "hdmi_int_pn7" for function "rsvd1"
[    0.211085] tegra30-pinctrl 70000868.pinmux: invalid group "ulpi_data3_po4" for function "rsvd1"
[    0.211407] tegra30-pinctrl 70000868.pinmux: invalid group "vi_d10_pt2" for function "rsvd1"
[    0.211420] tegra30-pinctrl 70000868.pinmux: invalid group "vi_d11_pt3" for function "rsvd1"
[    0.211431] tegra30-pinctrl 70000868.pinmux: invalid group "vi_d0_pt4" for function "rsvd1"
[    0.211471] tegra30-pinctrl 70000868.pinmux: invalid group "pu0" for function "rsvd1"
[    0.211501] tegra30-pinctrl 70000868.pinmux: invalid group "pu3" for function "rsvd1"
[    0.211530] tegra30-pinctrl 70000868.pinmux: invalid group "pu6" for function "rsvd1"
[    0.211577] tegra30-pinctrl 70000868.pinmux: invalid group "pv3" for function "rsvd1"
[    0.212054] tegra30-pinctrl 70000868.pinmux: invalid group "pbb0" for function "rsvd1"
[    0.212164] tegra30-pinctrl 70000868.pinmux: invalid group "pcc1" for function "rsvd1"
[    0.217627] tegra-pcie 3000.pcie: 2x3 configuration
[    0.217776] tegra-pcie 3000.pcie: Failed to get supply 'hvdd-pex': -517
[    0.223816] tegra-apbdma 6000a000.dma: Tegra20 APB DMA driver register 32 channels
[    0.226063] tegra-pmc 7000e400.pmc: i2c-thermtrip node not found, emergency thermal reset disabled.
[    0.255433] Serial: 8250/16550 driver, 4 ports, IRQ sharing disabled
[    0.257553] console [ttyS0] disabled
[    0.257595] 70006000.serial: ttyS0 at MMIO 0x70006000 (irq = 331, base_baud = 25500000) is a Tegra
[    1.313945] console [ttyS0] enabled
[    1.317957] SuperH (H)SCI(F) driver initialized
[    1.323116] msm_serial: driver initialized
[    1.327333] STMicroelectronics ASC driver initialized
[    1.335773] Failed to attached device 54200000.dc to IOMMU_mapping
[    1.350100] Failed to attached device 54240000.dc to IOMMU_mapping
[    1.364892] tegra-hdmi 54280000.hdmi: failed to get HDMI regulator
[    1.378070] brd: module loaded
[    1.386703] loop: module loaded
[    1.395696] m25p80 spi0.1: w25q32 (4096 Kbytes)
[    1.401958] libphy: Fixed MDIO Bus: probed
[    1.406616] CAN device driver interface
[    1.410987] bgmac_bcma: Broadcom 47xx GBit MAC driver loaded
[    1.417500] e1000e: Intel(R) PRO/1000 Network Driver - 3.2.6-k
[    1.423316] e1000e: Copyright(c) 1999 - 2015 Intel Corporation.
[    1.429264] igb: Intel(R) Gigabit Ethernet Network Driver - version 5.4.0-k
[    1.436217] igb: Copyright (c) 2007-2014 Intel Corporation.
[    1.443991] pegasus: v0.9.3 (2013/04/25), Pegasus/Pegasus II USB Ethernet driver
[    1.451415] usbcore: registered new interface driver pegasus
[    1.457096] usbcore: registered new interface driver asix
[    1.462500] usbcore: registered new interface driver ax88179_178a
[    1.468604] usbcore: registered new interface driver cdc_ether
[    1.474456] usbcore: registered new interface driver smsc75xx
[    1.480213] usbcore: registered new interface driver smsc95xx
[    1.485969] usbcore: registered new interface driver net1080
[    1.491628] usbcore: registered new interface driver cdc_subset
[    1.497559] usbcore: registered new interface driver zaurus
[    1.503147] usbcore: registered new interface driver cdc_ncm
[    1.508987] tegra-phy 7d000000.usb-phy: no vbus regulator
[    1.516801] ehci_hcd: USB 2.0 'Enhanced' Host Controller (EHCI) Driver
[    1.523312] ehci-pci: EHCI PCI platform driver
[    1.527778] ehci-platform: EHCI generic platform driver
[    1.533115] ehci-orion: EHCI orion driver
[    1.537218] SPEAr-ehci: EHCI SPEAr driver
[    1.541290] ehci-st: EHCI STMicroelectronics driver
[    1.546242] ehci-exynos: EHCI EXYNOS driver
[    1.550502] ehci-atmel: EHCI Atmel driver
[    1.554592] tegra-ehci: Tegra EHCI driver
[    1.558887] ohci_hcd: USB 1.1 'Open' Host Controller (OHCI) Driver
[    1.565073] ohci-pci: OHCI PCI platform driver
[    1.569535] ohci-platform: OHCI generic platform driver
[    1.574878] SPEAr-ohci: OHCI SPEAr driver
[    1.578954] ohci-st: OHCI STMicroelectronics driver
[    1.583906] ohci-atmel: OHCI Atmel driver
[    1.588345] usbcore: registered new interface driver usb-storage
[    1.603463] tegra_rtc 7000e000.rtc: rtc core: registered 7000e000.rtc as rtc1
[    1.610649] tegra_rtc 7000e000.rtc: Tegra internal Real Time Clock
[    1.629436] tps65910-rtc tps65910-rtc: rtc core: registered tps65910-rtc as rtc0
[    1.637037] i2c /dev entries driver
[    1.648993] sdhci: Secure Digital Host Controller Interface driver
[    1.655182] sdhci: Copyright(c) Pierre Ossman
[    1.660511] Synopsys Designware Multimedia Card Interface Driver
[    1.667379] sdhci-pltfm: SDHCI platform and OF driver helper
[    1.673553] sdhci-tegra 78000000.sdhci: Got CD GPIO
[    1.678448] sdhci-tegra 78000000.sdhci: Got WP GPIO
[    1.691591] mmc0: Invalid maximum block size, assuming 512 bytes
[    1.729540] mmc0: SDHCI controller on 78000000.sdhci [78000000.sdhci] using ADMA
[    1.741997] mmc1: Invalid maximum block size, assuming 512 bytes
[    1.774258] mmc1: SDHCI controller on 78000600.sdhci [78000600.sdhci] using ADMA
[    1.783189] ledtrig-cpu: registered to indicate activity on CPUs
[    1.789477] usbcore: registered new interface driver usbhid
[    1.795048] usbhid: USB HID core driver
[    1.801453] NET: Registered protocol family 10
[    1.806621] Segment Routing with IPv6
[    1.810319] sit: IPv6, IPv4 and MPLS over IPv4 tunneling driver
[    1.816640] NET: Registered protocol family 17
[    1.821077] can: controller area network core (rev 20170425 abi 9)
[    1.827317] NET: Registered protocol family 29
[    1.831748] can: raw protocol (rev 20170425)
[    1.836014] can: broadcast manager protocol (rev 20170425 t)
[    1.841662] can: netlink gateway (rev 20170425) max_hops=1
[    1.847438] Key type dns_resolver registered
[    1.852065] ThumbEE CPU extension supported.
[    1.856342] Registering SWP/SWPB emulation handler
[    1.861530] Loading compiled-in X.509 certificates
[    1.879235] vdd_ddr: supplied by vdd_5v_in
[    1.884559] vdd_5v_sata: supplied by vdd_5v_in
[    1.889309] usb1_vbus: supplied by vdd_5v_in
[    1.893947] usb3_vbus: supplied by vdd_5v_in
[    1.899431] sys_3v3,vdd_3v3_alw: supplied by vdd_5v_in
[    1.905387] sys_3v3_pexs: supplied by sys_3v3,vdd_3v3_alw
[    1.906429] mmc0: new ultra high speed DDR50 SDHC card at address aaaa
[    1.910885] +VDD_5V_HDMI: supplied by sys_3v3,vdd_3v3_alw
[    1.918418] mmcblk0: mmc0:aaaa SS04G 3.69 GiB 
[    1.923569] tegra-pcie 3000.pcie: 2x3 configuration
[    1.928866] mmc1: new high speed MMC card at address 0001
[    1.938588] mmcblk1: mmc1:0001 SEM16G 14.8 GiB 
[    1.941004] tegra-pcie 3000.pcie: probing port 0, using 2 lanes
[    1.944110] mmcblk1boot0: mmc1:0001 SEM16G partition 1 1.00 MiB
[    1.955966] mmcblk1boot1: mmc1:0001 SEM16G partition 2 1.00 MiB
[    1.962307] mmcblk1rpmb: mmc1:0001 SEM16G partition 3 128 KiB, chardev (236:0)
[    1.972397] Primary GPT is invalid, using alternate GPT.
[    1.977729]  mmcblk1: p1 p2 p3 p4 p5
[    1.991196]  mmcblk0: p1 p2 p3
[    2.007418] tegra-pcie 3000.pcie: probing port 2, using 2 lanes
[    2.417239] tegra-pcie 3000.pcie: link 2 down, retrying
[    2.826373] tegra-pcie 3000.pcie: link 2 down, retrying
[    3.235496] tegra-pcie 3000.pcie: link 2 down, retrying
[    3.242719] tegra-pcie 3000.pcie: link 2 down, ignoring
[    3.248076] tegra-pcie 3000.pcie: PCI host bridge to bus 0000:00
[    3.254086] pci_bus 0000:00: root bus resource [io  0x0000-0xffff]
[    3.260252] pci_bus 0000:00: root bus resource [mem 0x20000000-0x27ffffff]
[    3.267119] pci_bus 0000:00: root bus resource [mem 0x28000000-0x3fffffff pref]
[    3.274420] pci_bus 0000:00: root bus resource [bus 00-ff]
[    3.279920] pci 0000:00:01.0: [10de:0e1c] type 01 class 0x060400
[    3.285937] pci_bus 0000:00: 2-byte config write to 0000:00:01.0 offset 0x4 may corrupt adjacent RW1C bits
[    3.295579] pci_bus 0000:00: 2-byte config write to 0000:00:01.0 offset 0x4 may corrupt adjacent RW1C bits
[    3.305233] pci 0000:00:01.0: enabling Extended Tags
[    3.310186] pci_bus 0000:00: 2-byte config write to 0000:00:01.0 offset 0x88 may corrupt adjacent RW1C bits
[    3.319936] pci_bus 0000:00: 2-byte config write to 0000:00:01.0 offset 0x52 may corrupt adjacent RW1C bits
[    3.329681] pci 0000:00:01.0: PME# supported from D0 D1 D2 D3hot D3cold
[    3.336291] pci_bus 0000:00: 2-byte config write to 0000:00:01.0 offset 0x4c may corrupt adjacent RW1C bits
[    3.346155] pci_bus 0000:00: 2-byte config write to 0000:00:01.0 offset 0x3e may corrupt adjacent RW1C bits
[    3.355889] pci_bus 0000:00: 2-byte config write to 0000:00:01.0 offset 0x4 may corrupt adjacent RW1C bits
[    3.365530] pci_bus 0000:00: 1-byte config write to 0000:00:01.0 offset 0xc may corrupt adjacent RW1C bits
[    3.375169] PCI: bus0: Fast back to back transfers disabled
[    3.380729] pci 0000:00:01.0: bridge configuration invalid ([bus 00-00]), reconfiguring
[    3.388724] pci_bus 0000:00: 2-byte config write to 0000:00:01.0 offset 0x3e may corrupt adjacent RW1C bits
[    3.398453] pci_bus 0000:00: 2-byte config write to 0000:00:01.0 offset 0x3e may corrupt adjacent RW1C bits
[    3.408254] pci 0000:01:00.0: [10ec:8168] type 00 class 0x020000
[    3.414280] pci 0000:01:00.0: reg 0x10: [io  0x0000-0x00ff]
[    3.419852] pci 0000:01:00.0: reg 0x18: [mem 0x00000000-0x00000fff 64bit pref]
[    3.427075] pci 0000:01:00.0: reg 0x20: [mem 0x00000000-0x00003fff 64bit pref]
[    3.434364] pci 0000:01:00.0: supports D1 D2
[    3.438621] pci 0000:01:00.0: PME# supported from D0 D1 D2 D3hot D3cold
[    3.473678] PCI: bus1: Fast back to back transfers disabled
[    3.479240] pci_bus 0000:01: busn_res: [bus 01-ff] end is updated to 01
[    3.485876] pci 0000:00:01.0: BAR 9: assigned [mem 0x28000000-0x280fffff 64bit pref]
[    3.493602] pci 0000:00:01.0: BAR 7: assigned [io  0x1000-0x1fff]
[    3.499695] pci 0000:01:00.0: BAR 4: assigned [mem 0x28000000-0x28003fff 64bit pref]
[    3.507438] pci 0000:01:00.0: BAR 2: assigned [mem 0x28004000-0x28004fff 64bit pref]
[    3.515179] pci 0000:01:00.0: BAR 0: assigned [io  0x1000-0x10ff]
[    3.521261] pci 0000:00:01.0: PCI bridge to [bus 01]
[    3.526221] pci 0000:00:01.0:   bridge window [io  0x1000-0x1fff]
[    3.532301] pci 0000:00:01.0:   bridge window [mem 0x28000000-0x280fffff 64bit pref]
[    3.540054] pci 0000:00:01.0: nv_msi_ht_cap_quirk didn't locate host bridge
[    3.547131] pcieport 0000:00:01.0: enabling device (0140 -> 0143)
[    3.553438] pcieport 0000:00:01.0: Signaling PME with IRQ 375
[    3.559437] r8169 Gigabit Ethernet driver 2.3LK-NAPI loaded
[    3.565033] r8169 0000:01:00.0: enabling device (0140 -> 0143)
[    3.571765] r8169 0000:01:00.0 eth0: RTL8168evl/8111evl at 0x9a9914c2, 02:04:4b:01:60:a6, XID 0c900800 IRQ 376
[    3.581769] r8169 0000:01:00.0 eth0: jumbo features [frames: 9200 bytes, tx checksumming: ko]
[    3.593451] [drm] Supports vblank timestamp caching Rev 2 (21.10.2013).
[    3.600101] [drm] No driver support for vblank timestamp query.
[    3.606064] [drm] Cannot find any crtc or sizes
[    3.610679] [drm] Initialized tegra 0.0.0 20120330 for drm on minor 0
[    3.620071] tegra-ehci 7d004000.usb: EHCI Host Controller
[    3.625495] tegra-ehci 7d004000.usb: new USB bus registered, assigned bus number 1
[    3.633269] tegra-ehci 7d004000.usb: irq 344, io mem 0x7d004000
[    3.639237] [drm] Cannot find any crtc or sizes
[    3.664050] tegra-ehci 7d004000.usb: USB 2.0 started, EHCI 1.00
[    3.670438] hub 1-0:1.0: USB hub found
[    3.674226] hub 1-0:1.0: 1 port detected
[    3.679405] tegra-ehci 7d008000.usb: EHCI Host Controller
[    3.684835] tegra-ehci 7d008000.usb: new USB bus registered, assigned bus number 2
[    3.692570] tegra-ehci 7d008000.usb: irq 345, io mem 0x7d008000
[    3.724432] tegra-ehci 7d008000.usb: USB 2.0 started, EHCI 1.00
[    3.730724] hub 2-0:1.0: USB hub found
[    3.734511] hub 2-0:1.0: 1 port detected
[    3.743713] tps65910-rtc tps65910-rtc: setting system clock to 2000-01-01 00:00:02 UTC (946684802)
[    3.753256] vdd_sata,avdd_plle: disabling
[    3.758012] usb1_vbus: disabling
[    3.763299] EXT4-fs (mmcblk1p1): mounting ext3 file system using the ext4 subsystem
[    3.832367] EXT4-fs (mmcblk1p1): warning: mounting fs with errors, running e2fsck is recommended
[    3.842608] EXT4-fs (mmcblk1p1): recovery complete
[    3.849033] EXT4-fs (mmcblk1p1): mounted filesystem with ordered data mode. Opts: (null)
[    3.857158] VFS: Mounted root (ext3 filesystem) on device 179:17.
[    3.873536] devtmpfs: mounted
[    3.878952] Freeing unused kernel memory: 2048K
bash: cannot set terminal process group (-1): Inappropriate ioctl for device
bash: no job control in this shell
root@(none):/# [    4.104452] usb 2-1: new high-speed USB device number 2 using tegra-ehci
[    4.794555] asix 2-1:1.0 eth1: register 'asix' at usb-7d008000.usb-1, ASIX AX88772 USB 2.0 Ethernet, 00:50:b6:0f:67:60
