

U-Boot 2011.03 (Jun 11 2013 - 06:07:37)

T114
Board: NVIDIA Dalmore
DRAM:  2 GiB
MMC:   Tegra2 SD/MMC: 0, Tegra2 SD/MMC: 1
In:    serial
Out:   serial
Err:   serial
Net:   Net Initialization Skipped
No ethernet found.
Hit any key to stop autoboot:  2  1  0 
Dalmore #
Dalmore #usb reset
(Re)start USB...
USB:   Register 10011 NbrPorts 1
USB EHCI 1.10
scanning bus for devices... 2 USB Device(s) found
       scanning bus for storage devices... 0 Storage Device(s) found
       scanning bus for ethernet devices... 1 Ethernet Device(s) found
Dalmore #setenv bootargs 'ignore_loglevel console=ttyS0,115200n8 rw root=/dev/mmcblk0p1 rootwait gpt debug init=/bin/bash'
Dalmore #setenv ipaddr 192.168.100.100; setenv serverip 192.168.100.1; setenv tftpserverip 192.168.100.1
Dalmore #tftpboot 0x81000000 zImage.tegra_defconfig%tegra30,114_mergeconfig
Waiting for Ethernet connection... done.
Using asx0 device
TFTP from server 192.168.100.1; our IP address is 192.168.100.100
Filename 'zImage.tegra_defconfig%tegra30,114_mergeconfig'.
Load address: 0x81000000
Loading: *#################################################  2.8 MiB/s
done
Bytes transferred = 4128440 (3efeb8 hex)
Dalmore #tftpboot 0x82000000 tegra114-dalmore.dtb
Using asx0 device
TFTP from server 192.168.100.1; our IP address is 192.168.100.100
Filename 'tegra114-dalmore.dtb'.
Load address: 0x82000000
Loading: *#################################################  2.6 MiB/s
done
Bytes transferred = 29436 (72fc hex)
Dalmore #bootz 0x81000000 - 0x82000000
## Flattened Device Tree blob at 82000000
   Booting using the fdt blob at 0x82000000
   Loading Device Tree to 81ff5000, end 81fff2fb ... OK

Starting kernel ...

Timer summary in microseconds:
       Mark    Elapsed  Stage
          0          0  awake
  3,016,402  3,016,402  usb_start
  7,021,523  4,005,121  eth_start
  7,021,520         -3  tftp start
 10,891,774  3,870,254  tftp done
 13,031,537  2,139,763  start_kernel
Uncompressing Linux... done, booting the kernel.
[    0.000000] Booting Linux on physical CPU 0x0
[    0.000000] Initializing cgroup subsys cpu
[    0.000000] Initializing cgroup subsys cpuacct
[    0.000000] Linux version 3.12.0-next-20131118-24952-g22804d5 (pwalmsley@kaivo) (gcc version 4.7.3 20130328 (prerelease) (crosstool-NG linaro-1.13.1-4.7-2013.04-20130415 - Linaro GCC 2013.04) ) #1 SMP PREEMPT Sun Nov 17 19:54:56 PST 2013
[    0.000000] CPU: ARMv7 Processor [412fc0f2] revision 2 (ARMv7), cr=10c5387d
[    0.000000] CPU: PIPT / VIPT nonaliasing data cache, PIPT instruction cache
[    0.000000] Machine model: NVIDIA Tegra114 Dalmore evaluation board
[    0.000000] debug: ignoring loglevel setting.
[    0.000000] cma: CMA: reserved 16 MiB at ae800000
[    0.000000] Memory policy: Data cache writealloc
[    0.000000] On node 0 totalpages: 524032
[    0.000000] free_area_init_node: node 0, pgdat c07d50c0, node_mem_map c082e000
[    0.000000]   Normal zone: 1520 pages used for memmap
[    0.000000]   Normal zone: 0 pages reserved
[    0.000000]   Normal zone: 194560 pages, LIFO batch:31
[    0.000000]   HighMem zone: 2574 pages used for memmap
[    0.000000]   HighMem zone: 329472 pages, LIFO batch:31
[    0.000000] Tegra Revision: A01 SKU: 0 CPU Process: 1 Core Process: 1
[    0.000000] PERCPU: Embedded 8 pages/cpu @c1846000 s8960 r8192 d15616 u32768
[    0.000000] pcpu-alloc: s8960 r8192 d15616 u32768 alloc=8*4096
[    0.000000] pcpu-alloc: [0] 0 [0] 1 [0] 2 [0] 3 
[    0.000000] Built 1 zonelists in Zone order, mobility grouping on.  Total pages: 522512
[    0.000000] Kernel command line: ignore_loglevel console=ttyS0,115200n8 rw root=/dev/mmcblk0p1 rootwait gpt debug init=/bin/bash
[    0.000000] PID hash table entries: 4096 (order: 2, 16384 bytes)
[    0.000000] Dentry cache hash table entries: 131072 (order: 7, 524288 bytes)
[    0.000000] Inode-cache hash table entries: 65536 (order: 6, 262144 bytes)
[    0.000000] Memory: 2053880K/2096128K available (5619K kernel code, 298K rwdata, 1828K rodata, 236K init, 346K bss, 42248K reserved, 1317888K highmem)
[    0.000000] Virtual kernel memory layout:
[    0.000000]     vector  : 0xffff0000 - 0xffff1000   (   4 kB)
[    0.000000]     fixmap  : 0xfff00000 - 0xfffe0000   ( 896 kB)
[    0.000000]     vmalloc : 0xf0000000 - 0xff000000   ( 240 MB)
[    0.000000]     lowmem  : 0xc0000000 - 0xef800000   ( 760 MB)
[    0.000000]     pkmap   : 0xbfe00000 - 0xc0000000   (   2 MB)
[    0.000000]     modules : 0xbf000000 - 0xbfe00000   (  14 MB)
[    0.000000]       .text : 0xc0008000 - 0xc074e090   (7449 kB)
[    0.000000]       .init : 0xc074f000 - 0xc078a300   ( 237 kB)
[    0.000000]       .data : 0xc078c000 - 0xc07d6800   ( 298 kB)
[    0.000000]        .bss : 0xc07d680c - 0xc082d230   ( 347 kB)
[    0.000000] Preemptible hierarchical RCU implementation.
[    0.000000] NR_IRQS:16 nr_irqs:16 16
[    0.000000] sched_clock: 32 bits at 1000kHz, resolution 1000ns, wraps every 2147483648000ns
[    0.000000] Architected cp15 timer(s) running at 12.00MHz (virt).
[    0.000000] sched_clock: 56 bits at 12MHz, resolution 83ns, wraps every 2863311536128ns
[    0.000000] Switching to timer-based delay loop
[    0.000000] Console: colour dummy device 80x30
[    0.000486] Calibrating delay loop (skipped), value calculated using timer frequency.. 24.00 BogoMIPS (lpj=120000)
[    0.000502] pid_max: default: 32768 minimum: 301
[    0.000932] Mount-cache hash table entries: 512
[    0.019519] Initializing cgroup subsys debug
[    0.019536] Initializing cgroup subsys freezer
[    0.019602] CPU: Testing write buffer coherency: ok
[    0.019952] /cpus/cpu@0 missing clock-frequency property
[    0.019974] /cpus/cpu@1 missing clock-frequency property
[    0.019996] /cpus/cpu@2 missing clock-frequency property
[    0.020020] /cpus/cpu@3 missing clock-frequency property
[    0.020033] CPU0: thread -1, cpu 0, socket 0, mpidr 80000000
[    0.020061] Setting up static identity map for 0x805535f8 - 0x80553690
[    0.080741] CPU1: Booted secondary processor
[    0.080769] CPU1: thread -1, cpu 1, socket 0, mpidr 80000001
[    0.100758] CPU2: Booted secondary processor
[    0.100782] CPU2: thread -1, cpu 2, socket 0, mpidr 80000002
[    0.120780] CPU3: Booted secondary processor
[    0.120805] CPU3: thread -1, cpu 3, socket 0, mpidr 80000003
[    0.120917] Brought up 4 CPUs
[    0.120945] SMP: Total of 4 processors activated.
[    0.120953] CPU: All CPU(s) started in SVC mode.
[    0.121957] devtmpfs: initialized
[    0.134680] VFP support v0.3: implementor 41 architecture 4 part 30 variant f rev 0
[    0.135055] pinctrl core: initialized pinctrl subsystem
[    0.135565] regulator-dummy: no parameters
[    0.136343] NET: Registered protocol family 16
[    0.137656] DMA: preallocated 256 KiB pool for atomic coherent allocations
[    0.138408] cpuidle: using governor ladder
[    0.138420] cpuidle: using governor menu
[    0.149797] No ATAGs?
[    0.149827] hw-breakpoint: found 5 (+1 reserved) breakpoint and 4 watchpoint registers.
[    0.149838] hw-breakpoint: maximum watchpoint size is 8 bytes.
[    0.160562] bio: create slab <bio-0> at 0
[    0.161921] vdd_ac_bat: 5000 mV 
[    0.162312] dvdd_ts: Failed to request enable GPIO61: -517
[    0.162469] reg-fixed-voltage 1.regulator: Failed to register regulator: -517
[    0.162495] platform 1.regulator: Driver reg-fixed-voltage requests probe deferral
[    0.162693] lcd_bl_en: Failed to request enable GPIO58: -517
[    0.162837] reg-fixed-voltage 2.regulator: Failed to register regulator: -517
[    0.162860] platform 2.regulator: Driver reg-fixed-voltage requests probe deferral
[    0.163056] usb1_vbus: Failed to request enable GPIO108: -517
[    0.163197] reg-fixed-voltage 3.regulator: Failed to register regulator: -517
[    0.163221] platform 3.regulator: Driver reg-fixed-voltage requests probe deferral
[    0.163417] usb2_vbus: Failed to request enable GPIO86: -517
[    0.163557] reg-fixed-voltage 4.regulator: Failed to register regulator: -517
[    0.163580] platform 4.regulator: Driver reg-fixed-voltage requests probe deferral
[    0.163773] vdd_hdmi_5v0: Failed to request enable GPIO81: -517
[    0.163913] reg-fixed-voltage 5.regulator: Failed to register regulator: -517
[    0.163936] platform 5.regulator: Driver reg-fixed-voltage requests probe deferral
[    0.164014] platform 6.regulator: Driver reg-fixed-voltage requests probe deferral
[    0.165013] vgaarb: loaded
[    0.166064] SCSI subsystem initialized
[    0.166433] usbcore: registered new interface driver usbfs
[    0.166522] usbcore: registered new interface driver hub
[    0.166691] usbcore: registered new device driver usb
[    0.170931] vdd-cpu: 500 <--> 1520 mV at 1100 mV 
[    0.171533] tps65090 1-0048: No cache defaults, reading back from HW
[    0.177903] vdd-sys-5v0: no parameters
[    0.177951] vdd-sys-5v0: supplied by vdd_ac_bat
[    0.179391] vdd-sys-3v3: no parameters
[    0.179440] vdd-sys-3v3: supplied by vdd_ac_bat
[    0.180862] vdd-ao: no parameters
[    0.180900] vdd-ao: supplied by vdd_ac_bat
[    0.181151] vdd-lcd-bl: no parameters
[    0.181187] vdd-lcd-bl: supplied by vdd_ac_bat
[    0.181445] TPS65090_RAILSFET2: no parameters
[    0.181482] TPS65090_RAILSFET2: supplied by vdd_ac_bat
[    0.181723] vdd-modem-3v3: no parameters
[    0.181757] vdd-modem-3v3: supplied by vdd-sys-3v3
[    0.182007] avdd-lcd: no parameters
[    0.182040] avdd-lcd: supplied by vdd-sys-3v3
[    0.182280] vdd-lvds: no parameters
[    0.182313] vdd-lvds: supplied by vdd-sys-3v3
[    0.182562] vdd-sd-slot: no parameters
[    0.182605] vdd-sd-slot: supplied by vdd-sys-3v3
[    0.182856] vdd-com-3v3: no parameters
[    0.182889] vdd-com-3v3: supplied by vdd-sys-3v3
[    0.183130] vdd-sby-5v0: no parameters
[    0.183163] vdd-sby-5v0: supplied by vdd_ac_bat
[    0.183409] vdd-sby-3v3: no parameters
[    0.183443] vdd-sby-3v3: supplied by vdd_ac_bat
[    0.183806] genirq: Setting trigger mode 8 for irq 118 failed (gic_set_type+0x0/0xf0)
[    0.184215] palmas 1-0058: Irq flag is 0x00000000
[    0.198539] palmas 1-0058: Muxing GPIO ff, PWM 0, LED 0
[    0.207510] vddio-ddr: 1350 mV 
[    0.208356] vddio-ddr: supplied by vdd-ao
[    0.215348] vddio-1v8: 1800 mV 
[    0.216190] vddio-1v8: supplied by vdd-ao
[    0.223153] vdd-core: 900 <--> 1400 mV at 1100 mV 
[    0.223995] vdd-core: supplied by vdd-sys-3v3
[    0.228189] SMPS6: no parameters
[    0.235922] avdd-pll: 1050 mV 
[    0.236768] avdd-pll: supplied by vdd-sys-3v3
[    0.245086] sdhci-vdd-sd-slot: 2800 mV 
[    0.245927] sdhci-vdd-sd-slot: supplied by vdd-sys-3v3
[    0.247757] SMPS10_OUT2: at 5000 mV 
[    0.249577] SMPS10_OUT1: at 5000 mV 
[    0.252200] avdd-cam1: 2800 mV 
[    0.253040] avdd-cam1: supplied by vdd-sys-3v3
[    0.257057] avdd-cam2: 2800 mV 
[    0.257895] avdd-cam2: supplied by vdd-sys-3v3
[    0.262673] avdd-dsi-csi: 1200 mV 
[    0.263512] avdd-dsi-csi: supplied by vddio-1v8
[    0.268313] vpp-fuse: 1800 mV 
[    0.269151] vpp-fuse: supplied by vdd-sys-3v3
[    0.272367] LDO5: at 1200 mV 
[    0.273212] LDO5: supplied by vdd_ac_bat
[    0.275835] vdd-sensor-2v85: 2850 mV 
[    0.276674] vdd-sensor-2v85: supplied by vdd-sys-3v3
[    0.280691] vdd-af-cam1: 2800 mV 
[    0.281531] vdd-af-cam1: supplied by vdd-sys-3v3
[    0.289669] vdd-rtc: 900 mV 
[    0.290508] vdd-rtc: supplied by vdd-ao
[    0.294519] vddio-sdmmc-2: 1800 <--> 3300 mV at 3300 mV 
[    0.295360] vddio-sdmmc-2: supplied by sdhci-vdd-sd-slot
[    0.300152] hvdd-usb: 3300 mV 
[    0.301005] hvdd-usb: supplied by vdd-sys-5v0
[    0.305789] avdd-usb: 3300 mV 
[    0.306629] avdd-usb: supplied by vdd-sys-5v0
[    0.309914] rail-3v3: no parameters
[    0.312293] rail-5v0: no parameters
[    0.313884] REGEN3: no parameters
[    0.314081] SYSEN1: no parameters
[    0.314268] SYSEN2: no parameters
[    0.314894] Linux video capture interface: v2.00
[    0.315452] platform 70019010.iommu: Driver tegra-smmu requests probe deferral
[    0.315761] Advanced Linux Sound Architecture Driver Initialized.
[    0.316466] Bluetooth: Core ver 2.17
[    0.316534] NET: Registered protocol family 31
[    0.316543] Bluetooth: HCI device and connection manager initialized
[    0.316567] Bluetooth: HCI socket layer initialized
[    0.316590] Bluetooth: L2CAP socket layer initialized
[    0.316627] Bluetooth: SCO socket layer initialized
[    0.317192] cfg80211: Calling CRDA to update world regulatory domain
[    0.318214] Switched to clocksource arch_sys_counter
[    0.332028] NET: Registered protocol family 2
[    0.332942] TCP established hash table entries: 8192 (order: 3, 32768 bytes)
[    0.333047] TCP bind hash table entries: 8192 (order: 4, 65536 bytes)
[    0.333234] TCP: Hash tables configured (established 8192 bind 8192)
[    0.333647] TCP: reno registered
[    0.333664] UDP hash table entries: 512 (order: 2, 16384 bytes)
[    0.333706] UDP-Lite hash table entries: 512 (order: 2, 16384 bytes)
[    0.334121] NET: Registered protocol family 1
[    0.334833] RPC: Registered named UNIX socket transport module.
[    0.334844] RPC: Registered udp transport module.
[    0.334852] RPC: Registered tcp transport module.
[    0.334859] RPC: Registered tcp NFSv4.1 backchannel transport module.
[    0.334872] PCI: CLS 0 bytes, default 64
[    0.339079] bounce pool size: 64 pages
[    0.340792] squashfs: version 4.0 (2009/01/31) Phillip Lougher
[    0.341580] msgmni has been set to 1469
[    0.343255] io scheduler noop registered (default)
[    0.366613] tegra-apbdma 6000a000.dma: Tegra20 APB DMA driver register 32 channels
[    0.367155] Serial: 8250/16550 driver, 4 ports, IRQ sharing disabled
[    0.369270] 70006300.serial: ttyS0 at MMIO 0x70006300 (irq = 122, base_baud = 25500000) is a Tegra
[    1.403579] console [ttyS0] enabled
[    1.407875] [drm] Initialized drm 1.1.0 20060810
[    1.418693] loop: module loaded
[    1.424689] m25p80 spi32766.0: w25q32dw (4096 Kbytes)
[    1.431519] pegasus: v0.9.3 (2013/04/25), Pegasus/Pegasus II USB Ethernet driver
[    1.439015] usbcore: registered new interface driver pegasus
[    1.444753] usbcore: registered new interface driver asix
[    1.450228] usbcore: registered new interface driver ax88179_178a
[    1.456374] usbcore: registered new interface driver cdc_ether
[    1.462282] usbcore: registered new interface driver r815x
[    1.467853] usbcore: registered new interface driver smsc75xx
[    1.473702] usbcore: registered new interface driver smsc95xx
[    1.479524] usbcore: registered new interface driver net1080
[    1.485243] usbcore: registered new interface driver cdc_subset
[    1.491233] usbcore: registered new interface driver zaurus
[    1.496891] usbcore: registered new interface driver cdc_ncm
[    1.502600] ehci_hcd: USB 2.0 'Enhanced' Host Controller (EHCI) Driver
[    1.509132] ehci-pci: EHCI PCI platform driver
[    1.513636] tegra-ehci: Tegra EHCI driver
[    1.517838] platform 7d008000.usb: Driver tegra-ehci requests probe deferral
[    1.525168] usbcore: registered new interface driver cdc_acm
[    1.530832] cdc_acm: USB Abstract Control Model driver for USB modems and ISDN adapters
[    1.538899] usbcore: registered new interface driver cdc_wdm
[    1.544634] usbcore: registered new interface driver usb-storage
[    1.550885] platform 7d008000.usb-phy: Driver tegra-phy requests probe deferral
[    1.558775] mousedev: PS/2 mouse device common for all mice
[    1.576422] palmas-rtc rtc.7: rtc core: registered rtc.7 as rtc0
[    1.586819] tegra_rtc 7000e000.rtc: rtc core: registered 7000e000.rtc as rtc1
[    1.593998] tegra_rtc 7000e000.rtc: Tegra internal Real Time Clock
[    1.601564] sbs-battery 0-000b: sbs_probe: Failed to get device status
[    1.608094] sbs-battery: probe of 0-000b failed with error -121
[    1.632294] sdhci: Secure Digital Host Controller Interface driver
[    1.638499] sdhci: Copyright(c) Pierre Ossman
[    1.642861] sdhci-pltfm: SDHCI platform and OF driver helper
[    1.648980] sdhci-tegra 78000400.sdhci: Got CD GPIO #170.
[    1.655467] sdhci-tegra 78000400.sdhci: dummy supplies not allowed
[    1.661669] mmc0: no vqmmc regulator found
[    1.665780] sdhci-tegra 78000400.sdhci: dummy supplies not allowed
[    1.671975] mmc0: no vmmc regulator found
[    1.675991] mmc0: Invalid maximum block size, assuming 512 bytes
[    1.728239] mmc0: SDHCI controller on 78000400.sdhci [78000400.sdhci] using ADMA
[    1.737857] sdhci-tegra 78000600.sdhci: dummy supplies not allowed
[    1.744059] mmc1: no vqmmc regulator found
[    1.748171] sdhci-tegra 78000600.sdhci: dummy supplies not allowed
[    1.754367] mmc1: no vmmc regulator found
[    1.758397] mmc1: Invalid maximum block size, assuming 512 bytes
[    1.808233] mmc1: SDHCI controller on 78000600.sdhci [78000600.sdhci] using ADMA
[    1.816367] usbcore: registered new interface driver usbhid
[    1.824026] usbhid: USB HID core driver
[    1.940498] mmc1: BKOPS_EN bit is not set
[    1.971144] mmc1: new HS200 MMC card at address 0001
[    1.976610] isa bounce pool size: 16 pages
[    1.980934] mmcblk0: mmc1:0001 SEM32G 29.1 GiB 
[    1.985814] mmcblk0boot0: mmc1:0001 SEM32G partition 1 4.00 MiB
[    1.992124] mmcblk0boot1: mmc1:0001 SEM32G partition 2 4.00 MiB
[    1.998368] mmcblk0rpmb: mmc1:0001 SEM32G partition 3 4.00 MiB
[    2.006759] Primary GPT is invalid, using alternate GPT.
[    2.012146]  mmcblk0: p1 p2 p3 p4 p5
[    2.019358]  mmcblk0boot1: unknown partition table
[    2.025868]  mmcblk0boot0: unknown partition table
[    2.305807] tegra-snd-rt5640 sound.4: rt5640-aif1 <-> 70080400.i2s mapping ok
[    2.318058] input: NVIDIA Tegra Dalmore Headphones as /devices/soc0/sound.4/sound/card0/input0
[    2.328423] TCP: cubic registered
[    2.332022] NET: Registered protocol family 10
[    2.337973] mip6: Mobile IPv6
[    2.340973] sit: IPv6 over IPv4 tunneling driver
[    2.347358] NET: Registered protocol family 17
[    2.351872] NET: Registered protocol family 15
[    2.356478] Bluetooth: RFCOMM socket layer initialized
[    2.361662] Bluetooth: RFCOMM ver 1.11
[    2.365430] Bluetooth: BNEP (Ethernet Emulation) ver 1.3
[    2.370775] Bluetooth: BNEP socket layer initialized
[    2.375744] Bluetooth: HIDP (Human Interface Emulation) ver 1.2
[    2.381710] Bluetooth: HIDP socket layer initialized
[    2.387327] Registering SWP/SWPB emulation handler
[    2.396853] hvdd-usb: disabling
[    2.403017] vdd-af-cam1: disabling
[    2.409781] LDO5: disabling
[    2.415491] vpp-fuse: disabling
[    2.421529] avdd-cam2: disabling
[    2.427010] avdd-cam1: disabling
[    2.434080] vdd-com-3v3: disabling
[    2.438087] vdd-lvds: disabling
[    2.441845] avdd-lcd: disabling
[    2.445630] vdd-lcd-bl: disabling
[    2.450900] dvdd_ts: 1800 mV 
[    2.454632] lcd_bl_en: 5000 mV 
[    2.458576] usb1_vbus: 5000 mV 
[    2.461918] usb1_vbus: supplied by vdd-sys-5v0
[    2.466998] usb2_vbus: 5000 mV 
[    2.470328] usb2_vbus: supplied by vdd-sys-5v0
[    2.475373] vdd_hdmi_5v0: 5000 mV 
[    2.478979] vdd_hdmi_5v0: supplied by vdd-sys-5v0
[    2.487051] vdd_cam_1v8_reg: 1800 mV 
[    2.491773] platform 7d008000.usb: Driver tegra-ehci requests probe deferral
[    2.499978] tegra-ehci 7d008000.usb: EHCI Host Controller
[    2.505498] tegra-ehci 7d008000.usb: new USB bus registered, assigned bus number 1
[    2.514506] tegra-ehci 7d008000.usb: irq 129, io mem 0x7d008000
[    2.538290] tegra-ehci 7d008000.usb: USB 2.0 started, EHCI 1.10
[    2.545727] hub 1-0:1.0: USB hub found
[    2.549761] hub 1-0:1.0: 1 port detected
[    2.555401] input: gpio-keys.2 as /devices/soc0/gpio-keys.2/input/input1
[    2.566703] palmas-rtc rtc.7: setting system clock to 2000-02-12 06:19:52 UTC (950336392)
[    2.589384] ALSA device list:
[    2.592396]   #0: NVIDIA Tegra Dalmore
[    2.607843] kjournald starting.  Commit interval 5 seconds
[    2.609436] EXT3-fs (mmcblk0p1): using internal journal
[    2.609451] EXT3-fs (mmcblk0p1): recovery complete
[    2.609457] EXT3-fs (mmcblk0p1): mounted filesystem with writeback data mode
[    2.609529] VFS: Mounted root (ext3 filesystem) on device 179:1.
[    2.610648] devtmpfs: mounted
[    2.610926] Freeing unused kernel memory: 236K (c074f000 - c078a000)
bash: cannot set terminal process group (-1): Inappropriate ioctl for device
bash: no job control in this shell
I have no name!@(none):/# [    2.868351] usb 1-1: new high-speed USB device number 2 using tegra-ehci
