
U-Boot SPL 2016.05-rc2 (Apr 21 2016 - 16:23:00)
Trying to boot from RAM


U-Boot 2016.05-rc2 (Apr 21 2016 - 16:23:00 -0700)

TEGRA124
Model: NVIDIA Jetson TK1
Board: NVIDIA Jetson TK1
DRAM:  2 GiB
MC:   Tegra SD/MMC: 0, Tegra SD/MMC: 1
In:    serial
Out:   serial
Err:   serial
Net:   No ethernet found.
Hit any key to stop autoboot:  2  0 
Tegra124 (Jetson TK1) # 
Tegra124 (Jetson TK1) # pci enum
Tegra124 (Jetson TK1) # setenv bootargs 'ignore_loglevel console=ttyS0,115200n8 rw root=PARTUUID=b1791faa-84e8-4e27-83a1-9fb0a77e8803 rootwait gpt debug noinitrd earlyprintk init=/bin/bash'
Tegra124 (Jetson TK1) # setenv ipaddr 192.168.100.102; setenv serverip 192.168.100.1; setenv tftpserverip 192.168.100.1
Tegra124 (Jetson TK1) # tftpboot 0x82000000 zImage.multi_v7_defconfig

Warning: eth_rtl8169 using MAC address from ROM
Using eth_rtl8169 device
TFTP from server 192.168.100.1; our IP address is 192.168.100.102
Filename 'zImage.multi_v7_defconfig'.
Load address: 0x82000000
Loading: *#################################################################
	 #################################################################
	 #################################################################
	 #################################################################
	 #################################################################
	 #################################################################
	 #################################################################
	 #################################################################
	 ################
	 3.3 MiB/s
done
Bytes transferred = 7855592 (77dde8 hex)
Tegra124 (Jetson TK1) # tftpboot 0x83000000 tegra124-jetson-tk1.dtb
Using eth_rtl8169 device
TFTP from server 192.168.100.1; our IP address is 192.168.100.102
Filename 'tegra124-jetson-tk1.dtb'.
Load address: 0x83000000
Loading: *#####
	 3.4 MiB/s
done
Bytes transferred = 67133 (1063d hex)
Tegra124 (Jetson TK1) # bootz 0x82000000 - 0x83000000
Kernel image @ 0x82000000 [ 0x000000 - 0x77dde8 ]
## Flattened Device Tree blob at 83000000
   Booting using the fdt blob at 0x83000000
   Using Device Tree in place at 83000000, end 8301363c

Starting kernel ...

[    0.000000] Booting Linux on physical CPU 0x0
[    0.000000] Linux version 4.11.0-rc3-next-20170323-160636-g6ec9c2f (jonathanh@sellafield) (gcc version 4.7.3 20130328 (prerelease) (crosstool-NG linaro-1.13.1-4.7-2013.04-20130415 - Linaro GCC 2013.04) ) #1 SMP Thu Mar 23 02:18:40 PDT 2017
[    0.000000] CPU: ARMv7 Processor [413fc0f3] revision 3 (ARMv7), cr=10c5387d
[    0.000000] CPU: div instructions available: patching division code
[    0.000000] CPU: PIPT / VIPT nonaliasing data cache, PIPT instruction cache
[    0.000000] OF: fdt: Machine model: NVIDIA Tegra124 Jetson TK1
[    0.000000] debug: ignoring loglevel setting.
[    0.000000] efi: Getting EFI parameters from FDT:
[    0.000000] efi: UEFI not found.
[    0.000000] cma: Reserved 64 MiB at 0xfb800000
[    0.000000] Memory policy: Data cache writealloc
[    0.000000] On node 0 totalpages: 524032
[    0.000000] free_area_init_node: node 0, pgdat c157bd40, node_mem_map eeff8000
[    0.000000]   DMA zone: 1536 pages used for memmap
[    0.000000]   DMA zone: 0 pages reserved
[    0.000000]   DMA zone: 196608 pages, LIFO batch:31
[    0.000000]   HighMem zone: 327424 pages, LIFO batch:31
[    0.000000] percpu: Embedded 17 pages/cpu @eef82000 s38528 r8192 d22912 u69632
[    0.000000] pcpu-alloc: s38528 r8192 d22912 u69632 alloc=17*4096
[    0.000000] pcpu-alloc: [0] 0 [0] 1 [0] 2 [0] 3 
[    0.000000] Built 1 zonelists in Zone order, mobility grouping on.  Total pages: 522496
[    0.000000] Kernel command line: ignore_loglevel console=ttyS0,115200n8 rw root=PARTUUID=b1791faa-84e8-4e27-83a1-9fb0a77e8803 rootwait gpt debug noinitrd earlyprintk init=/bin/bash
[    0.000000] PID hash table entries: 4096 (order: 2, 16384 bytes)
[    0.000000] Dentry cache hash table entries: 131072 (order: 7, 524288 bytes)
[    0.000000] Inode-cache hash table entries: 65536 (order: 6, 262144 bytes)
[    0.000000] Memory: 1993460K/2096128K available (10240K kernel code, 1549K rwdata, 4388K rodata, 2048K init, 417K bss, 37132K reserved, 65536K cma-reserved, 1244160K highmem)
[    0.000000] Virtual kernel memory layout:
[    0.000000]     vector  : 0xffff0000 - 0xffff1000   (   4 kB)
[    0.000000]     fixmap  : 0xffc00000 - 0xfff00000   (3072 kB)
[    0.000000]     vmalloc : 0xf0800000 - 0xff800000   ( 240 MB)
[    0.000000]     lowmem  : 0xc0000000 - 0xf0000000   ( 768 MB)
[    0.000000]     pkmap   : 0xbfe00000 - 0xc0000000   (   2 MB)
[    0.000000]     modules : 0xbf000000 - 0xbfe00000   (  14 MB)
[    0.000000]       .text : 0xc0208000 - 0xc0d00000   (11232 kB)
[    0.000000]       .init : 0xc1200000 - 0xc1400000   (2048 kB)
[    0.000000]       .data : 0xc1400000 - 0xc1583790   (1550 kB)
[    0.000000]        .bss : 0xc1585000 - 0xc15ed608   ( 418 kB)
[    0.000000] SLUB: HWalign=64, Order=0-3, MinObjects=0, CPUs=4, Nodes=1
[    0.000000] Hierarchical RCU implementation.
[    0.000000] 	RCU debugfs-based tracing is enabled.
[    0.000000] 	RCU restricting CPUs from NR_CPUS=16 to nr_cpu_ids=4.
[    0.000000] RCU: Adjusting geometry for rcu_fanout_leaf=16, nr_cpu_ids=4
[    0.000000] NR_IRQS:16 nr_irqs:16 16
[    0.000000] /interrupt-controller@60004000: 160 interrupts forwarded to /interrupt-controller@50041000
[    0.000000] Tegra clk 127: register failed with -17
[    0.000008] sched_clock: 32 bits at 1000kHz, resolution 1000ns, wraps every 2147483647500ns
[    0.000027] clocksource: timer_us: mask: 0xffffffff max_cycles: 0xffffffff, max_idle_ns: 1911260446275 ns
[    0.000043] Switching to timer-based delay loop, resolution 1000ns
[    0.004990] arm_arch_timer: Architected cp15 timer(s) running at 12.00MHz (virt).
[    0.005009] clocksource: arch_sys_counter: mask: 0xffffffffffffff max_cycles: 0x2c47f4ee7, max_idle_ns: 440795202497 ns
[    0.005028] sched_clock: 56 bits at 12MHz, resolution 83ns, wraps every 4398046511096ns
[    0.005042] Switching to timer-based delay loop, resolution 83ns
[    0.005509] Console: colour dummy device 80x30
[    0.005538] Calibrating delay loop (skipped), value calculated using timer frequency.. 24.00 BogoMIPS (lpj=120000)
[    0.005556] pid_max: default: 32768 minimum: 301
[    0.005650] Mount-cache hash table entries: 2048 (order: 1, 8192 bytes)
[    0.005665] Mountpoint-cache hash table entries: 2048 (order: 1, 8192 bytes)
[    0.006148] CPU: Testing write buffer coherency: ok
[    0.006394] /cpus/cpu@0 missing clock-frequency property
[    0.006439] /cpus/cpu@1 missing clock-frequency property
[    0.006483] /cpus/cpu@2 missing clock-frequency property
[    0.006527] /cpus/cpu@3 missing clock-frequency property
[    0.006541] CPU0: thread -1, cpu 0, socket 0, mpidr 80000000
[    0.006825] Setting up static identity map for 0x80300000 - 0x80300098
[    0.010474] Tegra Revision: A01 SKU: 129 CPU Process: 1 SoC Process: 1
[    0.011112] EFI services will not be available.
[    0.011340] smp: Bringing up secondary CPUs ...
[    0.011934] CPU1: thread -1, cpu 1, socket 0, mpidr 80000001
[    0.015227] CPU2: thread -1, cpu 2, socket 0, mpidr 80000002
[    0.025241] CPU3: thread -1, cpu 3, socket 0, mpidr 80000003
[    0.034676] smp: Brought up 1 node, 4 CPUs
[    0.034697] SMP: Total of 4 processors activated (96.00 BogoMIPS).
[    0.034706] CPU: All CPU(s) started in SVC mode.
[    0.036176] devtmpfs: initialized
[    0.052556] VFP support v0.3: implementor 41 architecture 4 part 30 variant f rev 0
[    0.052961] clocksource: jiffies: mask: 0xffffffff max_cycles: 0xffffffff, max_idle_ns: 19112604462750000 ns
[    0.052980] futex hash table entries: 1024 (order: 4, 65536 bytes)
[    0.054413] pinctrl core: initialized pinctrl subsystem
[    0.056338] NET: Registered protocol family 16
[    0.058422] DMA: preallocated 256 KiB pool for atomic coherent allocations
[    0.060900] cpuidle: using governor menu
[    0.087769] No ATAGs?
[    0.087895] hw-breakpoint: found 5 (+1 reserved) breakpoint and 4 watchpoint registers.
[    0.087911] hw-breakpoint: maximum watchpoint size is 8 bytes.
[    0.094505] Serial: AMBA PL011 UART driver
[    0.110638] AT91: Could not find identification node
[    0.111173] +5V_SYS: supplied by +VDD_MUX
[    0.111443] +3.3V_SYS: supplied by +VDD_MUX
[    0.112032] +USB0_VBUS_SW: Failed to request enable GPIO108: -517
[    0.112049] reg-fixed-voltage regulators:regulator@7: Failed to register regulator: -517
[    0.112139] +5V_USB_HS: Failed to request enable GPIO109: -517
[    0.112153] reg-fixed-voltage regulators:regulator@8: Failed to register regulator: -517
[    0.112318] +1.05V_RUN_AVDD_HDMI_PLL: Failed to request enable GPIO63: -517
[    0.112333] reg-fixed-voltage regulators:regulator@11: Failed to register regulator: -517
[    0.112419] +5V_HDMI_CON: Failed to request enable GPIO86: -517
[    0.112433] reg-fixed-voltage regulators:regulator@12: Failed to register regulator: -517
[    0.112519] +5V_SATA: Failed to request enable GPIO242: -517
[    0.112532] reg-fixed-voltage regulators:regulator@13: Failed to register regulator: -517
[    0.112619] +12V_SATA: Failed to request enable GPIO242: -517
[    0.112633] reg-fixed-voltage regulators:regulator@14: Failed to register regulator: -517
[    0.115790] vgaarb: loaded
[    0.116562] SCSI subsystem initialized
[    0.116726] libata version 3.00 loaded.
[    0.116971] usbcore: registered new interface driver usbfs
[    0.117029] usbcore: registered new interface driver hub
[    0.117089] usbcore: registered new device driver usb
[    0.120527] pps_core: LinuxPPS API ver. 1 registered
[    0.120538] pps_core: Software ver. 5.3.6 - Copyright 2005-2007 Rodolfo Giometti <giometti@linux.it>
[    0.120562] PTP clock support registered
[    0.120752] EDAC MC: Ver: 3.0.0
[    0.123593] clocksource: Switched to clocksource arch_sys_counter
[    0.178921] NET: Registered protocol family 2
[    0.179436] TCP established hash table entries: 8192 (order: 3, 32768 bytes)
[    0.179536] TCP bind hash table entries: 8192 (order: 4, 65536 bytes)
[    0.179723] TCP: Hash tables configured (established 8192 bind 8192)
[    0.179804] UDP hash table entries: 512 (order: 2, 16384 bytes)
[    0.179848] UDP-Lite hash table entries: 512 (order: 2, 16384 bytes)
[    0.179999] NET: Registered protocol family 1
[    0.180316] RPC: Registered named UNIX socket transport module.
[    0.180327] RPC: Registered udp transport module.
[    0.180335] RPC: Registered tcp transport module.
[    0.180344] RPC: Registered tcp NFSv4.1 backchannel transport module.
[    0.180357] PCI: CLS 0 bytes, default 64
[    0.181601] hw perfevents: enabled with armv7_cortex_a15 PMU driver, 7 counters available
[    0.183401] workingset: timestamp_bits=30 max_order=19 bucket_order=0
[    0.191685] squashfs: version 4.0 (2009/01/31) Phillip Lougher
[    0.192381] NFS: Registering the id_resolver key type
[    0.192409] Key type id_resolver registered
[    0.192419] Key type id_legacy registered
[    0.192461] ntfs: driver 2.1.32 [Flags: R/O].
[    0.194002] bounce: pool size: 64 pages
[    0.194043] Block layer SCSI generic (bsg) driver version 0.4 loaded (major 248)
[    0.194055] io scheduler noop registered
[    0.194064] io scheduler deadline registered
[    0.194230] io scheduler cfq registered (default)
[    0.194241] io scheduler mq-deadline registered
[    0.199506]  usb2-0: usb2-0 supply vbus not found, using dummy regulator
[    0.199634]  usb2-1: usb2-1 supply vbus not found, using dummy regulator
[    0.200067] tegra-xusb-padctl 7009f000.padctl: failed to setup XUSB ports: -517
[    0.216136] tegra-pcie 1003000.pcie-controller: 2x1, 1x1 configuration
[    0.216190] tegra-pcie 1003000.pcie-controller: Failed to get supply 'avddio-pex': -517
[    0.222402] tegra124-dfll 70110000.clock: couldn't get vdd_cpu regulator
[    0.230037] tegra-apbdma 60020000.dma: Tegra20 APB DMA driver register 32 channels
[    0.232240] tegra-pmc 7000e400.pmc: emergency thermal reset enabled
[    0.286520] Serial: 8250/16550 driver, 4 ports, IRQ sharing disabled
[    0.289054] console [ttyS0] disabled
[    0.289092] 70006300.serial: ttyS0 at MMIO 0x70006300 (irq = 335, base_baud = 25500000) is a Tegra
[    1.178272] console [ttyS0] enabled
[    1.182581] SuperH (H)SCI(F) driver initialized
[    1.188115] msm_serial: driver initialized
[    1.192391] STMicroelectronics ASC driver initialized
[    1.198295] 70006000.serial: ttyTHS1 at MMIO 0x70006000 (irq = 333, base_baud = 0) is a TEGRA_UART
[    1.207561] 70006040.serial: ttyTHS2 at MMIO 0x70006040 (irq = 334, base_baud = 0) is a TEGRA_UART
[    1.221932] tegra-hdmi 54280000.hdmi: failed to get HDMI regulator
[    1.240706] brd: module loaded
[    1.250676] loop: module loaded
[    1.255021] at24 0-0056: 256 byte 24c02 EEPROM, writable, 8 bytes/write
[    1.263333] as3722 4-0040: AS3722 with revision 0x1 found
[    1.275113] as3722-sd2: supplied by +5V_SYS
[    1.279729] as3722-sd3: supplied by +5V_SYS
[    1.284230] +1.35V_LP0(sd3): Bringing 0uV into 1350000-1350000uV
[    1.290569] as3722-sd4: supplied by +5V_SYS
[    1.295202] as3722-sd5: supplied by +5V_SYS
[    1.301212] as3722-ldo0: supplied by +1.35V_LP0(sd2)
[    1.307275] +1.8V_RUN_CAM: Bringing 0uV into 1800000-1800000uV
[    1.313476] as3722-ldo2: supplied by +1.8V_VDDIO
[    1.319358] as3722-ldo3: supplied by +3.3V_SYS
[    1.323858] +1.05V_LP0_VDD_RTC: Bringing 1100000uV into 1000000-1000000uV
[    1.331606] as3722-ldo4: supplied by +3.3V_SYS
[    1.336288] +2.8V_RUN_CAM: Bringing 0uV into 2800000-2800000uV
[    1.342477] as3722-ldo5: supplied by +1.8V_VDDIO
[    1.347325] +1.2V_RUN_CAM_FRONT: Bringing 0uV into 1200000-1200000uV
[    1.354239] +VDDIO_SDMMC3: bypassed regulator has no supply!
[    1.359892] +VDDIO_SDMMC3: failed to get the current voltage(-517)
[    1.366087] as3722-regulator as3722-regulator: regulator 13 register failed -517
[    1.378970] tegra-ahci 70027000.sata: couldn't get PHY in node sata: -517
[    1.398251] random: fast init done
[    1.401777] m25p80 spi32765.0: w25q32dw (4096 Kbytes)
[    1.409546] libphy: Fixed MDIO Bus: probed
[    1.414727] CAN device driver interface
[    1.419474] bgmac_bcma: Broadcom 47xx GBit MAC driver loaded
[    1.426513] e1000e: Intel(R) PRO/1000 Network Driver - 3.2.6-k
[    1.432335] e1000e: Copyright(c) 1999 - 2015 Intel Corporation.
[    1.438315] igb: Intel(R) Gigabit Ethernet Network Driver - version 5.4.0-k
[    1.445281] igb: Copyright (c) 2007-2014 Intel Corporation.
[    1.454482] pegasus: v0.9.3 (2013/04/25), Pegasus/Pegasus II USB Ethernet driver
[    1.461915] usbcore: registered new interface driver pegasus
[    1.467633] usbcore: registered new interface driver asix
[    1.473063] usbcore: registered new interface driver ax88179_178a
[    1.479197] usbcore: registered new interface driver cdc_ether
[    1.485089] usbcore: registered new interface driver smsc75xx
[    1.490876] usbcore: registered new interface driver smsc95xx
[    1.496663] usbcore: registered new interface driver net1080
[    1.502348] usbcore: registered new interface driver cdc_subset
[    1.508311] usbcore: registered new interface driver zaurus
[    1.513948] usbcore: registered new interface driver cdc_ncm
[    1.519814] tegra-phy 7d004000.usb-phy: no vbus regulator
[    1.527185] ehci_hcd: USB 2.0 'Enhanced' Host Controller (EHCI) Driver
[    1.533719] ehci-pci: EHCI PCI platform driver
[    1.538197] ehci-platform: EHCI generic platform driver
[    1.543639] ehci-orion: EHCI orion driver
[    1.547804] SPEAr-ehci: EHCI SPEAr driver
[    1.551948] ehci-st: EHCI STMicroelectronics driver
[    1.556971] ehci-exynos: EHCI EXYNOS driver
[    1.561308] ehci-atmel: EHCI Atmel driver
[    1.565467] tegra-ehci: Tegra EHCI driver
[    1.572299] tegra-ehci 7d004000.usb: EHCI Host Controller
[    1.577729] tegra-ehci 7d004000.usb: new USB bus registered, assigned bus number 1
[    1.585463] tegra-ehci 7d004000.usb: irq 354, io mem 0x7d004000
[    1.613609] tegra-ehci 7d004000.usb: USB 2.0 started, EHCI 1.10
[    1.620290] hub 1-0:1.0: USB hub found
[    1.624095] hub 1-0:1.0: 1 port detected
[    1.628548] ohci_hcd: USB 1.1 'Open' Host Controller (OHCI) Driver
[    1.634750] ohci-pci: OHCI PCI platform driver
[    1.639228] ohci-platform: OHCI generic platform driver
[    1.644631] ohci-omap3: OHCI OMAP3 driver
[    1.648768] SPEAr-ohci: OHCI SPEAr driver
[    1.652910] ohci-st: OHCI STMicroelectronics driver
[    1.657931] ohci-atmel: OHCI Atmel driver
[    1.662695] usbcore: registered new interface driver usb-storage
[    1.673017] as3722-rtc as3722-rtc: rtc core: registered as3722-rtc as rtc0
[    1.679912] as3722-rtc as3722-rtc: RTC interrupt 377
[    1.688105] tegra_rtc 7000e000.rtc: rtc core: registered 7000e000.rtc as rtc1
[    1.695290] tegra_rtc 7000e000.rtc: Tegra internal Real Time Clock
[    1.701985] i2c /dev entries driver
[    1.712173] lm90 0-004c: 0-004c supply vcc not found, using dummy regulator
[    1.729348] sdhci: Secure Digital Host Controller Interface driver
[    1.735547] sdhci: Copyright(c) Pierre Ossman
[    1.741501] Synopsys Designware Multimedia Card Interface Driver
[    1.748828] sdhci-pltfm: SDHCI platform and OF driver helper
[    1.755270] sdhci-tegra 700b0400.sdhci: Got CD GPIO
[    1.760158] sdhci-tegra 700b0400.sdhci: Got WP GPIO
[    1.781407] mmc0: Unknown controller version (3). You may experience problems.
[    1.788684] mmc0: Invalid maximum block size, assuming 512 bytes
[    1.853616] mmc0: SDHCI controller on 700b0600.sdhci [700b0600.sdhci] using ADMA
[    1.862941] ledtrig-cpu: registered to indicate activity on CPUs
[    1.869342] usbcore: registered new interface driver usbhid
[    1.874926] usbhid: USB HID core driver
[    1.882625] NET: Registered protocol family 10
[    1.887968] Segment Routing with IPv6
[    1.891682] sit: IPv6, IPv4 and MPLS over IPv4 tunneling driver
[    1.898168] NET: Registered protocol family 17
[    1.902615] can: controller area network core (rev 20120528 abi 9)
[    1.908859] NET: Registered protocol family 29
[    1.913299] can: raw protocol (rev 20120528)
[    1.917581] can: broadcast manager protocol (rev 20161123 t)
[    1.923237] can: netlink gateway (rev 20130117) max_hops=1
[    1.929021] Key type dns_resolver registered
[    1.933847] ThumbEE CPU extension supported.
[    1.938118] Registering SWP/SWPB emulation handler
[    1.956294] +3.3V_RUN: supplied by +3.3V_SYS
[    1.961943] +USB0_VBUS_SW: supplied by +5V_SYS
[    1.966642] +3.3V_AVDD_HDMI_AP_GATED: supplied by +3.3V_RUN
[    1.972557] +5V_USB_HS: supplied by +5V_SYS
[    1.978403] +3.3V_LP0: supplied by +3.3V_SYS
[    1.984129] +5V_HDMI_CON: supplied by +5V_SYS
[    1.989047] +5V_SATA: supplied by +5V_SYS
[    1.993540] +12V_SATA: supplied by +VDD_MUX
[    1.999325]  usb2-0: usb2-0 supply vbus not found, using dummy regulator
[    2.006176]  usb2-1: usb2-1 supply vbus not found, using dummy regulator
[    2.011467] mmc0: new high speed MMC card at address 0001
[    2.012801] mmcblk0: mmc0:0001 SEM16G 14.7 GiB 
[    2.013883] mmcblk0boot0: mmc0:0001 SEM16G partition 1 4.00 MiB
[    2.014783] mmcblk0boot1: mmc0:0001 SEM16G partition 2 4.00 MiB
[    2.015971] mmcblk0rpmb: mmc0:0001 SEM16G partition 3 4.00 MiB
[    2.020663]  mmcblk0: p1
[    2.043413]  usb3-0: usb3-0 supply vbus not found, using dummy regulator
[    2.051357] tegra-pcie 1003000.pcie-controller: 2x1, 1x1 configuration
[    2.058015] tegra-pcie 1003000.pcie-controller: Failed to get supply 'avddio-pex': -517
[    2.069095] tegra124-dfll 70110000.clock: couldn't get vdd_cpu regulator
[    2.080174] tegra-hdmi 54280000.hdmi: failed to get PLL regulator
[    2.091065] as3722-sd2: supplied by +5V_SYS
[    2.095620] as3722-sd3: supplied by +5V_SYS
[    2.100033] as3722-sd4: supplied by +5V_SYS
[    2.104587] as3722-sd5: supplied by +5V_SYS
[    2.110460] as3722-ldo0: supplied by +1.35V_LP0(sd2)
[    2.116273] as3722-ldo1: supplied by +3.3V_RUN
[    2.121042] as3722-ldo2: supplied by +1.8V_VDDIO
[    2.126762] as3722-ldo3: supplied by +3.3V_SYS
[    2.132064] as3722-ldo4: supplied by +3.3V_SYS
[    2.136882] as3722-ldo5: supplied by +1.8V_VDDIO
[    2.141761] as3722-ldo6: supplied by +3.3V_RUN
[    2.146473] as3722-ldo7: supplied by +1.8V_VDDIO
[    2.151855] +1.05V_RUN_CAM_REAR: Bringing 0uV into 1050000-1050000uV
[    2.158997] as3722-ldo9: supplied by +5V_SYS
[    2.164546] +3.3V_RUN_TOUCH: Bringing 0uV into 2800000-2800000uV
[    2.171267] as3722-ldo10: supplied by +5V_SYS
[    2.176443] +2.8V_RUN_CAM_AF: Bringing 0uV into 2800000-2800000uV
[    2.183263] as3722-ldo11: supplied by +3.3V_RUN
[    2.188601] +1.8V_RUN_VPP_FUSE: Bringing 0uV into 1800000-1800000uV
[    2.198252] tegra-ahci 70027000.sata: AHCI 0001.0301 32 slots 2 ports 3 Gbps 0x1 impl platform mode
[    2.207329] tegra-ahci 70027000.sata: flags: 64bit ncq sntf pm led pio slum part sadm sds apst 
[    2.217664] scsi host0: tegra-ahci
[    2.222168] scsi host1: tegra-ahci
[    2.225933] ata1: SATA max UDMA/133 mmio [mem 0x70027000-0x70028fff] port 0x100 irq 345
[    2.233975] ata2: DUMMY
[    2.239660] tegra-ehci 7d008000.usb: EHCI Host Controller
[    2.245113] tegra-ehci 7d008000.usb: new USB bus registered, assigned bus number 2
[    2.252844] tegra-ehci 7d008000.usb: irq 355, io mem 0x7d008000
[    2.283714] tegra-ehci 7d008000.usb: USB 2.0 started, EHCI 1.10
[    2.290754] hub 2-0:1.0: USB hub found
[    2.294609] hub 2-0:1.0: 1 port detected
[    2.300911] sdhci-tegra 700b0400.sdhci: Got CD GPIO
[    2.305866] sdhci-tegra 700b0400.sdhci: Got WP GPIO
[    2.317817] mmc1: Unknown controller version (3). You may experience problems.
[    2.325155] mmc1: Invalid maximum block size, assuming 512 bytes
[    2.394135] mmc1: SDHCI controller on 700b0400.sdhci [700b0400.sdhci] using ADMA
[    2.402227] tegra-pcie 1003000.pcie-controller: 2x1, 1x1 configuration
[    2.410867] tegra-pcie 1003000.pcie-controller: probing port 0, using 2 lanes
[    2.421551] tegra-pcie 1003000.pcie-controller: Slot present pin change, signature: 00000008
[    2.444414] tegra-pcie 1003000.pcie-controller: probing port 1, using 1 lanes
[    2.453725] tegra-pcie 1003000.pcie-controller: Slot present pin change, signature: 00000000
[    2.468026] tegra-pcie 1003000.pcie-controller: PCI host bridge to bus 0000:00
[    2.475297] pci_bus 0000:00: root bus resource [io  0x0000-0xffff]
[    2.481485] pci_bus 0000:00: root bus resource [mem 0x13000000-0x1fffffff]
[    2.488393] pci_bus 0000:00: root bus resource [mem 0x20000000-0x3fffffff pref]
[    2.495743] pci_bus 0000:00: root bus resource [bus 00-ff]
[    2.501272] pci 0000:00:01.0: [10de:0e12] type 01 class 0x060400
[    2.507368] pci_bus 0000:00: 2-byte config write to 0000:00:01.0 offset 0x88 may corrupt adjacent RW1C bits
[    2.517188] pci_bus 0000:00: 2-byte config write to 0000:00:01.0 offset 0x52 may corrupt adjacent RW1C bits
[    2.527012] pci 0000:00:01.0: PME# supported from D0 D1 D2 D3hot D3cold
[    2.533674] pci_bus 0000:00: 2-byte config write to 0000:00:01.0 offset 0x4c may corrupt adjacent RW1C bits
[    2.543741] pci 0000:00:02.0: [10de:0e13] type 01 class 0x060400
[    2.549794] pci_bus 0000:00: 2-byte config write to 0000:00:02.0 offset 0x88 may corrupt adjacent RW1C bits
[    2.559605] pci_bus 0000:00: 2-byte config write to 0000:00:02.0 offset 0x52 may corrupt adjacent RW1C bits
[    2.567393] ata1: SATA link down (SStatus 0 SControl 300)
[    2.574809] pci 0000:00:02.0: PME# supported from D0 D1 D2 D3hot D3cold
[    2.581420] pci_bus 0000:00: 2-byte config write to 0000:00:02.0 offset 0x4c may corrupt adjacent RW1C bits
[    2.591417] pci_bus 0000:00: 2-byte config write to 0000:00:01.0 offset 0x3e may corrupt adjacent RW1C bits
[    2.601197] pci_bus 0000:00: 2-byte config write to 0000:00:02.0 offset 0x3e may corrupt adjacent RW1C bits
[    2.610945] pci_bus 0000:00: 2-byte config write to 0000:00:01.0 offset 0x4 may corrupt adjacent RW1C bits
[    2.620603] pci_bus 0000:00: 1-byte config write to 0000:00:01.0 offset 0xc may corrupt adjacent RW1C bits
[    2.630260] PCI: bus0: Fast back to back transfers disabled
[    2.635846] pci 0000:00:01.0: bridge configuration invalid ([bus 00-00]), reconfiguring
[    2.643866] pci 0000:00:02.0: bridge configuration invalid ([bus 00-00]), reconfiguring
[    2.652081] pci 0000:01:00.0: [8086:4232] type 00 class 0x028000
[    2.658155] pci 0000:01:00.0: reg 0x10: [mem 0x00000000-0x00001fff 64bit]
[    2.665193] pci 0000:01:00.0: PME# supported from D0 D3hot D3cold
[    2.686273] mmc1: new high speed SDHC card at address aaaa
[    2.692547] mmcblk1: mmc1:aaaa SD04G 3.69 GiB 
[    2.697358] PCI: bus1: Fast back to back transfers disabled
[    2.702955] pci_bus 0000:01: busn_res: [bus 01-ff] end is updated to 01
[    2.709818] pci 0000:02:00.0: [10ec:8168] type 00 class 0x020000
[    2.715865] pci 0000:02:00.0: reg 0x10: [io  0x0000-0x00ff]
[    2.721461] pci 0000:02:00.0: reg 0x18: [mem 0x00000000-0x00000fff 64bit]
[    2.728288] pci 0000:02:00.0: reg 0x20: [mem 0x00000000-0x00003fff 64bit pref]
[    2.735671] pci 0000:02:00.0: supports D1 D2
[    2.739938] pci 0000:02:00.0: PME# supported from D0 D1 D2 D3hot D3cold
[    2.760080]  mmcblk1: p1 p2 p3
[    2.773750] PCI: bus2: Fast back to back transfers disabled
[    2.779329] pci_bus 0000:02: busn_res: [bus 02-ff] end is updated to 02
[    2.786168] pci 0000:00:01.0: BAR 8: assigned [mem 0x13000000-0x130fffff]
[    2.792961] pci 0000:00:02.0: BAR 8: assigned [mem 0x13100000-0x131fffff]
[    2.799795] pci 0000:00:02.0: BAR 9: assigned [mem 0x20000000-0x200fffff 64bit pref]
[    2.807572] pci 0000:00:02.0: BAR 7: assigned [io  0x1000-0x1fff]
[    2.813688] pci 0000:01:00.0: BAR 0: assigned [mem 0x13000000-0x13001fff 64bit]
[    2.821019] pci 0000:00:01.0: PCI bridge to [bus 01]
[    2.826022] pci 0000:00:01.0:   bridge window [mem 0x13000000-0x130fffff]
[    2.832823] pci 0000:02:00.0: BAR 4: assigned [mem 0x20000000-0x20003fff 64bit pref]
[    2.840597] pci 0000:02:00.0: BAR 2: assigned [mem 0x13100000-0x13100fff 64bit]
[    2.847959] pci 0000:02:00.0: BAR 0: assigned [io  0x1000-0x10ff]
[    2.854075] pci 0000:00:02.0: PCI bridge to [bus 02]
[    2.859036] pci 0000:00:02.0:   bridge window [io  0x1000-0x1fff]
[    2.865164] pci 0000:00:02.0:   bridge window [mem 0x13100000-0x131fffff]
[    2.871949] pci 0000:00:02.0:   bridge window [mem 0x20000000-0x200fffff 64bit pref]
[    2.879734] pci 0000:00:01.0: nv_msi_ht_cap_quirk didn't locate host bridge
[    2.886820] pcieport 0000:00:01.0: enabling device (0140 -> 0142)
[    2.893162] pcieport 0000:00:01.0: Signaling PME with IRQ 393
[    2.899024] pci 0000:00:02.0: nv_msi_ht_cap_quirk didn't locate host bridge
[    2.906108] pcieport 0000:00:02.0: enabling device (0140 -> 0143)
[    2.912433] pcieport 0000:00:02.0: Signaling PME with IRQ 394
[    2.918475] r8169 Gigabit Ethernet driver 2.3LK-NAPI loaded
[    2.924109] r8169 0000:02:00.0: enabling device (0140 -> 0143)
[    2.955295] r8169 0000:02:00.0 eth0: RTL8168g/8111g at 0xf0b54000, 00:04:4b:3a:d9:81, XID 0c000800 IRQ 395
[    2.964987] r8169 0000:02:00.0 eth0: jumbo features [frames: 9200 bytes, tx checksumming: ko]
[    2.977785] +1.05V_RUN_AVDD_HDMI_PLL: supplied by +1.05V_RUN
[    2.985554] [drm] Supports vblank timestamp caching Rev 2 (21.10.2013).
[    2.992170] [drm] No driver support for vblank timestamp query.
[    3.119386] tegra-hdmi 54280000.hdmi: cannot set audio to 48000 Hz at 297000000 Hz pixel clock
[    3.366603] Console: switching to colour frame buffer device 512x135
[    3.465186] drm drm: fb0:  frame buffer device
[    3.469712] [drm] Initialized tegra 0.0.0 20120330 for drm on minor 0
[    3.477623] of: dev_pm_opp_of_cpumask_add_table: couldn't find opp table for cpu:0, -19
[    3.485680] cpufreq: cpufreq_online: CPU0: Running at unlisted freq: 696000 KHz
[    3.492993] cpufreq: cpufreq_online: CPU0: Unlisted initial frequency changed to: 714000 KHz
[    3.502103] input: gpio-keys as /devices/soc0/gpio-keys/input/input0
[    3.509304] as3722-rtc as3722-rtc: setting system clock to 2000-01-01 00:02:37 UTC (946684957)
[    3.518238] +USB0_VBUS_SW: disabling
[    3.521814] +1.8V_RUN_CAM: disabling
[    3.525625] +2.8V_RUN_CAM: disabling
[    3.529391] +1.2V_RUN_CAM_FRONT: disabling
[    3.533640] +1.05V_RUN_CAM_REAR: disabling
[    3.537887] +3.3V_RUN_TOUCH: disabling
[    3.541780] +2.8V_RUN_CAM_AF: disabling
[    3.545870] +1.8V_RUN_VPP_FUSE: disabling
[    3.550955] EXT4-fs (mmcblk0p1): mounting ext3 file system using the ext4 subsystem
[    3.572563] EXT4-fs (mmcblk0p1): recovery complete
[    3.577382] EXT4-fs (mmcblk0p1): mounted filesystem with ordered data mode. Opts: (null)
[    3.585508] VFS: Mounted root (ext3 filesystem) on device 179:1.
[    3.595672] devtmpfs: mounted
[    3.599257] Freeing unused kernel memory: 2048K
bash: cannot set terminal process group (-1): Inappropriate ioctl for device
bash: no job control in this shell
root@(none):/# mount -t sysfs none /sys
root@(none):/# 
root@(none):/# mount -t debugfs none /sys/kernel/debug
root@(none):/# 
root@(none):/# rtcwake -d rtc1 -m mem -s 3
rtcwake: assuming RTC uses UTC ...
rtcwake: wakeup from "mem" using /dev/rtc1 at Thu Jan  1 00:00:20 1970
[    6.414779] PM: Syncing filesystems ... done.
[    6.632204] Freezing user space processes ... (elapsed 0.001 seconds) done.
[    6.640521] Freezing remaining freezable tasks ... (elapsed 0.001 seconds) done.
[    6.649120] Suspending console(s) (use no_console_suspend to debug)
[    6.785073] PM: suspend of devices complete after 129.178 msecs
[    6.787009] PM: late suspend of devices complete after 1.927 msecs
[    6.814694] PM: noirq suspend of devices complete after 27.679 msecs
[    6.814697] Disabling non-boot CPUs ...
[    6.886475] IRQ17 no longer affine to CPU2
[    6.985996] Entering suspend state LP1
[    6.985996] Suspended for 2.925 seconds
[    6.986008] Enabling non-boot CPUs ...
[    7.015613] CPU1 is up
[    7.055502] CPU2 is up
[    7.095797] CPU3 is up
[    7.096524] pcieport 0000:00:01.0: nv_msi_ht_cap_quirk didn't locate host bridge
[    7.096526] pcieport 0000:00:02.0: nv_msi_ht_cap_quirk didn't locate host bridge
[    7.123687] PM: noirq resume of devices complete after 27.884 msecs
[    7.125120] PM: early resume of devices complete after 1.095 msecs
[    7.128421] tegra-hdmi 54280000.hdmi: cannot set audio to 48000 Hz at 297000000 Hz pixel clock
[    7.249995] PM: resume of devices complete after 124.866 msecs
[    7.337116] Restarting tasks ... done.
root@(none):/# 
root@(none):/# [    7.456272] ata1: SATA link down (SStatus 0 SControl 300)
rtcwake -d rtc1 -m mem -s 3
rtcwake: assuming RTC uses UTC ...
rtcwake: wakeup from "mem" using /dev/rtc1 at Thu Jan  1 00:00:25 1970
[    8.523428] PM: Syncing filesystems ... done.
[    8.720090] Freezing user space processes ... (elapsed 0.001 seconds) done.
[    8.728432] Freezing remaining freezable tasks ... (elapsed 0.001 seconds) done.
[    8.737036] Suspending console(s) (use no_console_suspend to debug)
[    8.760498] pci_generic_config_write32: 118 callbacks suppressed
[    8.760505] pci_bus 0000:00: 2-byte config write to 0000:00:02.0 offset 0x9c may corrupt adjacent RW1C bits
[    8.760525] pci_bus 0000:00: 2-byte config write to 0000:00:01.0 offset 0x9c may corrupt adjacent RW1C bits
[    8.865034] PM: suspend of devices complete after 121.267 msecs
[    8.866767] PM: late suspend of devices complete after 1.723 msecs
[    8.867181] pci_bus 0000:02: 2-byte config write to 0000:02:00.0 offset 0x44 may corrupt adjacent RW1C bits
[    8.867204] pci_bus 0000:02: 2-byte config write to 0000:02:00.0 offset 0x44 may corrupt adjacent RW1C bits
[    8.894603] PM: noirq suspend of devices complete after 27.829 msecs
[    8.894605] Disabling non-boot CPUs ...
[    9.065744] Entering suspend state LP1
[    9.065744] Suspended for 2.919 seconds
[    9.065756] Enabling non-boot CPUs ...
[    9.095588] CPU1 is up
[    9.135518] CPU2 is up
[    9.175757] CPU3 is up
[    9.176341] pci_bus 0000:00: 2-byte config write to 0000:00:01.0 offset 0x4c may corrupt adjacent RW1C bits
[    9.176353] pci_bus 0000:00: 2-byte config write to 0000:00:01.0 offset 0x88 may corrupt adjacent RW1C bits
[    9.176361] pci_bus 0000:00: 2-byte config write to 0000:00:02.0 offset 0x4c may corrupt adjacent RW1C bits
[    9.176367] pci_bus 0000:00: 2-byte config write to 0000:00:01.0 offset 0x90 may corrupt adjacent RW1C bits
[    9.176373] pci_bus 0000:00: 2-byte config write to 0000:00:01.0 offset 0x98 may corrupt adjacent RW1C bits
[    9.176380] pci_bus 0000:00: 2-byte config write to 0000:00:01.0 offset 0x9c may corrupt adjacent RW1C bits
[    9.176484] pcieport 0000:00:01.0: nv_msi_ht_cap_quirk didn't locate host bridge
[    9.176486] pcieport 0000:00:02.0: nv_msi_ht_cap_quirk didn't locate host bridge
[    9.203660] PM: noirq resume of devices complete after 27.897 msecs
[    9.205465] PM: early resume of devices complete after 1.483 msecs
[    9.208834] tegra-hdmi 54280000.hdmi: cannot set audio to 48000 Hz at 297000000 Hz pixel clock
[    9.330410] PM: resume of devices complete after 124.937 msecs
[    9.516841] Restarting tasks ... done.
[    9.536308] ata1: SATA link down (SStatus 0 SControl 300)
root@(none):/# 
root@(none):/# rtcwake -d rtc1 -m mem -s 3
rtcwake: assuming RTC uses UTC ...
rtcwake: wakeup from "mem" using /dev/rtc1 at Thu Jan  1 00:00:30 1970
[   10.599012] PM: Syncing filesystems ... done.
[   10.745884] Freezing user space processes ... (elapsed 0.001 seconds) done.
[   10.754314] Freezing remaining freezable tasks ... (elapsed 0.001 seconds) done.
[   10.763221] Suspending console(s) (use no_console_suspend to debug)
[   10.906448] PM: suspend of devices complete after 135.212 msecs
[   10.912720] PM: late suspend of devices complete after 6.245 msecs
[   10.948182] PM: noirq suspend of devices complete after 35.436 msecs
[   10.948192] Disabling non-boot CPUs ...
[   10.949147] IRQ17 no longer affine to CPU1
[   11.142347] Entering suspend state LP1
[   11.142347] Suspended for 2.923 seconds
[   11.142359] Enabling non-boot CPUs ...
[   11.165566] CPU1 is up
[   11.205458] CPU2 is up
[   11.245744] CPU3 is up
[   11.246434] pcieport 0000:00:01.0: nv_msi_ht_cap_quirk didn't locate host bridge
[   11.246436] pcieport 0000:00:02.0: nv_msi_ht_cap_quirk didn't locate host bridge
[   11.273627] PM: noirq resume of devices complete after 27.878 msecs
[   11.275660] PM: early resume of devices complete after 1.691 msecs
[   11.278723] tegra-hdmi 54280000.hdmi: cannot set audio to 48000 Hz at 297000000 Hz pixel clock
[   11.400305] PM: resume of devices complete after 124.635 msecs
[   11.487409] Restarting tasks ... done.
root@(none):/# 
root@(none):/# [   11.606263] ata1: SATA link down (SStatus 0 SControl 300)
rtcwake -d rtc1 -m mem -s 3
rtcwake: assuming RTC uses UTC ...
rtcwake: wakeup from "mem" using /dev/rtc1 at Thu Jan  1 00:00:35 1970
[   12.682032] PM: Syncing filesystems ... done.
[   12.870500] Freezing user space processes ... (elapsed 0.001 seconds) done.
[   12.878854] Freezing remaining freezable tasks ... (elapsed 0.001 seconds) done.
[   12.887468] Suspending console(s) (use no_console_suspend to debug)
[   13.015151] PM: suspend of devices complete after 120.920 msecs
[   13.017544] PM: late suspend of devices complete after 2.384 msecs
[   13.044614] PM: noirq suspend of devices complete after 27.063 msecs
[   13.044616] Disabling non-boot CPUs ...
[   13.044884] IRQ17 no longer affine to CPU1
[   13.205410] Entering suspend state LP1
[   13.205410] Suspended for 2.936 seconds
[   13.205423] Enabling non-boot CPUs ...
[   13.235791] CPU1 is up
[   13.275418] CPU2 is up
[   13.315706] CPU3 is up
[   13.316387] pcieport 0000:00:01.0: nv_msi_ht_cap_quirk didn't locate host bridge
[   13.316398] pcieport 0000:00:02.0: nv_msi_ht_cap_quirk didn't locate host bridge
[   13.343611] PM: noirq resume of devices complete after 27.899 msecs
[   13.345231] PM: early resume of devices complete after 1.300 msecs
[   13.348485] tegra-hdmi 54280000.hdmi: cannot set audio to 48000 Hz at 297000000 Hz pixel clock
[   13.470065] PM: resume of devices complete after 124.825 msecs
[   13.557169] Restarting tasks ... done.
root@(none):/# 
root@(none):/# [   13.676198] ata1: SATA link down (SStatus 0 SControl 300)
rtcwake -d rtc1 -m mem -s 3
rtcwake: assuming RTC uses UTC ...
rtcwake: wakeup from "mem" using /dev/rtc1 at Thu Jan  1 00:00:40 1970
[   14.758694] PM: Syncing filesystems ... done.
[   14.940133] Freezing user space processes ... (elapsed 0.001 seconds) done.
[   14.948486] Freezing remaining freezable tasks ... (elapsed 0.001 seconds) done.
[   14.957104] Suspending console(s) (use no_console_suspend to debug)
[   14.980611] pci_generic_config_write32: 116 callbacks suppressed
[   14.980617] pci_bus 0000:00: 2-byte config write to 0000:00:02.0 offset 0x9c may corrupt adjacent RW1C bits
[   14.980641] pci_bus 0000:00: 2-byte config write to 0000:00:01.0 offset 0x9c may corrupt adjacent RW1C bits
[   15.085011] PM: suspend of devices complete after 121.145 msecs
[   15.086951] PM: late suspend of devices complete after 1.931 msecs
[   15.087364] pci_bus 0000:02: 2-byte config write to 0000:02:00.0 offset 0x44 may corrupt adjacent RW1C bits
[   15.087387] pci_bus 0000:02: 2-byte config write to 0000:02:00.0 offset 0x44 may corrupt adjacent RW1C bits
[   15.114576] PM: noirq suspend of devices complete after 27.619 msecs
[   15.114579] Disabling non-boot CPUs ...
[   15.285842] Entering suspend state LP1
[   15.285842] Suspended for 2.919 seconds
[   15.285854] Enabling non-boot CPUs ...
[   15.315513] CPU1 is up
[   15.355403] CPU2 is up
[   15.395689] CPU3 is up
[   15.396280] pci_bus 0000:00: 2-byte config write to 0000:00:02.0 offset 0x4c may corrupt adjacent RW1C bits
[   15.396288] pci_bus 0000:00: 2-byte config write to 0000:00:01.0 offset 0x4c may corrupt adjacent RW1C bits
[   15.396300] pci_bus 0000:00: 2-byte config write to 0000:00:02.0 offset 0x88 may corrupt adjacent RW1C bits
[   15.396307] pci_bus 0000:00: 2-byte config write to 0000:00:01.0 offset 0x88 may corrupt adjacent RW1C bits
[   15.396313] pci_bus 0000:00: 2-byte config write to 0000:00:02.0 offset 0x90 may corrupt adjacent RW1C bits
[   15.396318] pci_bus 0000:00: 2-byte config write to 0000:00:01.0 offset 0x90 may corrupt adjacent RW1C bits
[   15.396423] pcieport 0000:00:02.0: nv_msi_ht_cap_quirk didn't locate host bridge
[   15.396425] pcieport 0000:00:01.0: nv_msi_ht_cap_quirk didn't locate host bridge
[   15.423576] PM: noirq resume of devices complete after 27.882 msecs
[   15.425604] PM: early resume of devices complete after 1.706 msecs
[   15.428885] tegra-hdmi 54280000.hdmi: cannot set audio to 48000 Hz at 297000000 Hz pixel clock
[   15.550518] PM: resume of devices complete after 124.904 msecs
[   15.737026] Restarting tasks ... done.
[   15.756278] ata1: SATA link down (SStatus 0 SControl 300)
root@(none):/# 
root@(none):/# rtcwake -d rtc1 -m mem -s 3
rtcwake: assuming RTC uses UTC ...
rtcwake: wakeup from "mem" using /dev/rtc1 at Thu Jan  1 00:00:45 1970
[   16.832879] PM: Syncing filesystems ... done.
[   17.020573] Freezing user space processes ... (elapsed 0.001 seconds) done.
[   17.028928] Freezing remaining freezable tasks ... (elapsed 0.001 seconds) done.
[   17.037543] Suspending console(s) (use no_console_suspend to debug)
[   17.165138] PM: suspend of devices complete after 120.836 msecs
[   17.167481] PM: late suspend of devices complete after 2.334 msecs
[   17.194581] PM: noirq suspend of devices complete after 27.093 msecs
[   17.194583] Disabling non-boot CPUs ...
[   17.194847] IRQ17 no longer affine to CPU1
[   17.355832] Entering suspend state LP1
[   17.355832] Suspended for 2.929 seconds
[   17.355844] Enabling non-boot CPUs ...
[   17.385467] CPU1 is up
[   17.425373] CPU2 is up
[   17.465667] CPU3 is up
[   17.466361] pcieport 0000:00:01.0: nv_msi_ht_cap_quirk didn't locate host bridge
[   17.466363] pcieport 0000:00:02.0: nv_msi_ht_cap_quirk didn't locate host bridge
[   17.493547] PM: noirq resume of devices complete after 27.874 msecs
[   17.495434] PM: early resume of devices complete after 1.547 msecs
[   17.498505] tegra-hdmi 54280000.hdmi: cannot set audio to 48000 Hz at 297000000 Hz pixel clock
[   17.620091] PM: resume of devices complete after 124.648 msecs
[   17.707198] Restarting tasks ... done.
root@(none):/# 
root@(none):/# [   17.826174] ata1: SATA link down (SStatus 0 SControl 300)
rtcwake -d rtc1 -m mem -s 3
rtcwake: assuming RTC uses UTC ...
rtcwake: wakeup from "mem" using /dev/rtc1 at Thu Jan  1 00:00:50 1970
[   18.903363] PM: Syncing filesystems ... done.
[   19.090159] Freezing user space processes ... (elapsed 0.001 seconds) done.
[   19.098514] Freezing remaining freezable tasks ... (elapsed 0.001 seconds) done.
[   19.107181] Suspending console(s) (use no_console_suspend to debug)
[   19.235083] PM: suspend of devices complete after 121.172 msecs
[   19.237153] PM: late suspend of devices complete after 2.060 msecs
[   19.264454] PM: noirq suspend of devices complete after 27.295 msecs
[   19.264457] Disabling non-boot CPUs ...
[   19.264707] IRQ17 no longer affine to CPU1
[   19.425635] Entering suspend state LP1
[   19.425635] Suspended for 2.930 seconds
[   19.425647] Enabling non-boot CPUs ...
[   19.455459] CPU1 is up
[   19.495345] CPU2 is up
[   19.535630] CPU3 is up
[   19.536271] pcieport 0000:00:02.0: nv_msi_ht_cap_quirk didn't locate host bridge
[   19.536389] pcieport 0000:00:01.0: nv_msi_ht_cap_quirk didn't locate host bridge
[   19.563523] PM: noirq resume of devices complete after 27.887 msecs
[   19.565470] PM: early resume of devices complete after 1.627 msecs
[   19.568427] tegra-hdmi 54280000.hdmi: cannot set audio to 48000 Hz at 297000000 Hz pixel clock
[   19.690013] PM: resume of devices complete after 124.534 msecs
[   19.777155] Restarting tasks ... done.
root@(none):/# 
root@(none):/# [   19.896090] ata1: SATA link down (SStatus 0 SControl 300)
rtcwake -d rtc1 -m mem -s 3
rtcwake: assuming RTC uses UTC ...
rtcwake: wakeup from "mem" using /dev/rtc1 at Thu Jan  1 00:00:55 1970
[   20.973579] PM: Syncing filesystems ... done.
[   21.159977] Freezing user space processes ... (elapsed 0.001 seconds) done.
[   21.168312] Freezing remaining freezable tasks ... (elapsed 0.001 seconds) done.
[   21.176940] Suspending console(s) (use no_console_suspend to debug)
[   21.199744] pci_generic_config_write32: 116 callbacks suppressed
[   21.199751] pci_bus 0000:00: 2-byte config write to 0000:00:02.0 offset 0x9c may corrupt adjacent RW1C bits
[   21.199766] pci_bus 0000:00: 2-byte config write to 0000:00:01.0 offset 0x9c may corrupt adjacent RW1C bits
[   21.305146] PM: suspend of devices complete after 121.410 msecs
[   21.307634] PM: late suspend of devices complete after 2.479 msecs
[   21.308080] pci_bus 0000:02: 2-byte config write to 0000:02:00.0 offset 0x44 may corrupt adjacent RW1C bits
[   21.308095] pci_bus 0000:02: 2-byte config write to 0000:02:00.0 offset 0x44 may corrupt adjacent RW1C bits
[   21.334557] PM: noirq suspend of devices complete after 26.916 msecs
[   21.334560] Disabling non-boot CPUs ...
[   21.495592] Entering suspend state LP1
[   21.495592] Suspended for 2.930 seconds
[   21.495604] Enabling non-boot CPUs ...
[   21.525430] CPU1 is up
[   21.565316] CPU2 is up
[   21.605614] CPU3 is up
[   21.606194] pci_bus 0000:00: 2-byte config write to 0000:00:02.0 offset 0x4c may corrupt adjacent RW1C bits
[   21.606203] pci_bus 0000:00: 2-byte config write to 0000:00:01.0 offset 0x4c may corrupt adjacent RW1C bits
[   21.606215] pci_bus 0000:00: 2-byte config write to 0000:00:02.0 offset 0x88 may corrupt adjacent RW1C bits
[   21.606221] pci_bus 0000:00: 2-byte config write to 0000:00:01.0 offset 0x88 may corrupt adjacent RW1C bits
[   21.606227] pci_bus 0000:00: 2-byte config write to 0000:00:02.0 offset 0x90 may corrupt adjacent RW1C bits
[   21.606233] pci_bus 0000:00: 2-byte config write to 0000:00:01.0 offset 0x90 may corrupt adjacent RW1C bits
[   21.606339] pcieport 0000:00:02.0: nv_msi_ht_cap_quirk didn't locate host bridge
[   21.606340] pcieport 0000:00:01.0: nv_msi_ht_cap_quirk didn't locate host bridge
[   21.633488] PM: noirq resume of devices complete after 27.868 msecs
[   21.635340] PM: early resume of devices complete after 1.505 msecs
[   21.638197] tegra-hdmi 54280000.hdmi: cannot set audio to 48000 Hz at 297000000 Hz pixel clock
[   21.759791] PM: resume of devices complete after 124.442 msecs
[   21.946261] Restarting tasks ... done.
[   21.966157] ata1: SATA link down (SStatus 0 SControl 300)
root@(none):/# 
root@(none):/# rtcwake -d rtc1 -m mem -s 3
rtcwake: assuming RTC uses UTC ...
rtcwake: wakeup from "mem" using /dev/rtc1 at Thu Jan  1 00:01:00 1970
[   23.042521] PM: Syncing filesystems ... done.
[   23.229894] Freezing user space processes ... (elapsed 0.001 seconds) done.
[   23.238245] Freezing remaining freezable tasks ... (elapsed 0.001 seconds) done.
[   23.246862] Suspending console(s) (use no_console_suspend to debug)
[   23.375083] PM: suspend of devices complete after 121.460 msecs
[   23.377533] PM: late suspend of devices complete after 2.440 msecs
[   23.404451] PM: noirq suspend of devices complete after 26.912 msecs
[   23.404454] Disabling non-boot CPUs ...
[   23.404719] IRQ17 no longer affine to CPU1
[   23.565748] Entering suspend state LP1
[   23.565748] Suspended for 2.929 seconds
[   23.565760] Enabling non-boot CPUs ...
[   23.595380] CPU1 is up
[   23.635299] CPU2 is up
[   23.675569] CPU3 is up
[   23.676274] pcieport 0000:00:02.0: nv_msi_ht_cap_quirk didn't locate host bridge
[   23.676276] pcieport 0000:00:01.0: nv_msi_ht_cap_quirk didn't locate host bridge
[   23.703464] PM: noirq resume of devices complete after 27.889 msecs
[   23.704999] PM: early resume of devices complete after 1.191 msecs
[   23.708295] tegra-hdmi 54280000.hdmi: cannot set audio to 48000 Hz at 297000000 Hz pixel clock
[   23.829861] PM: resume of devices complete after 124.853 msecs
[   23.916962] Restarting tasks ... done.
root@(none):/# 
root@(none):/# [   24.046016] ata1: SATA link down (SStatus 0 SControl 300)
rtcwake -d rtc1 -m mem -s 3
rtcwake: assuming RTC uses UTC ...
rtcwake: wakeup from "mem" using /dev/rtc1 at Thu Jan  1 00:01:05 1970
[   25.112688] PM: Syncing filesystems ... done.
[   25.300002] Freezing user space processes ... (elapsed 0.001 seconds) done.
[   25.308360] Freezing remaining freezable tasks ... (elapsed 0.001 seconds) done.
[   25.316985] Suspending console(s) (use no_console_suspend to debug)
[   25.445182] PM: suspend of devices complete after 121.402 msecs
[   25.447421] PM: late suspend of devices complete after 2.230 msecs
[   25.474479] PM: noirq suspend of devices complete after 27.052 msecs
[   25.474482] Disabling non-boot CPUs ...
[   25.645839] Entering suspend state LP1
[   25.645839] Suspended for 2.919 seconds
[   25.645851] Enabling non-boot CPUs ...
[   25.675371] CPU1 is up
[   25.715258] CPU2 is up
[   25.755542] CPU3 is up
[   25.756245] pcieport 0000:00:02.0: nv_msi_ht_cap_quirk didn't locate host bridge
[   25.756247] pcieport 0000:00:01.0: nv_msi_ht_cap_quirk didn't locate host bridge
[   25.783428] PM: noirq resume of devices complete after 27.880 msecs
[   25.785316] PM: early resume of devices complete after 1.569 msecs
[   25.788144] tegra-hdmi 54280000.hdmi: cannot set audio to 48000 Hz at 297000000 Hz pixel clock
[   25.909731] PM: resume of devices complete after 124.406 msecs
[   25.992751] Restarting tasks ... done.
root@(none):/# 
root@(none):/# [   26.116027] ata1: SATA link down (SStatus 0 SControl 300)
NVTB SYSTEM SUSPEND TEST COMPLETE
