

U-Boot 2015.04-00466-gedec83e90172 (Mar 14 2016 - 10:42:01)

TEGRA124
Model: Acer Chromebook 13 CB5-311
DRAM:  4 GiB
C:   Tegra SD/MMC: 0, Tegra SD/MMC: 1, Tegra SD/MMC: 2
MMC init failed
Using default environment

In:    serial
Out:   serial
Err:   serial
Net:   Net Initialization Skipped
No ethernet found.
Hit any key to stop autoboot:  2  1  0 
Tegra124 (Nyan-big) # 
Tegra124 (Nyan-big) # usb start
starting USB...
USB0:   USB EHCI 1.10
scanning bus 0 for devices... 2 USB Device(s) found
USB1:   USB EHCI 1.10
scanning bus 1 for devices... 2 USB Device(s) found
       scanning usb for storage devices... 1 Storage Device(s) found
       scanning usb for ethernet devices... 
Warning: asx0 using MAC address from net device
1 Ethernet Device(s) found
Tegra124 (Nyan-big) # setenv bootargs 'ignore_loglevel console=ttyS0,115200n8 rw root=PARTUUID=4d36e82a-b3c0-4b4b-bfcd-afe5217ac023 rootwait gpt debug noinitrd earlyprintk init=/bin/bash'
Tegra124 (Nyan-big) # setenv ipaddr 192.168.100.102; setenv serverip 192.168.100.1; setenv tftpserverip 192.168.100.1
Tegra124 (Nyan-big) # tftpboot 0x82000000 zImage.tegra_defconfig
Using asx0 device
TFTP from server 192.168.100.1; our IP address is 192.168.100.102
Filename 'zImage.tegra_defconfig'.
Load address: 0x82000000
Loading: *#################################################################
	 #################################################################
	 #################################################################
	 #################################################################
	 #################################################################
	 ###############################################
	 2.8 MiB/s
done
Bytes transferred = 5454544 (533ad0 hex)
Tegra124 (Nyan-big) # tftpboot 0x83000000 tegra124-nyan-big.dtb
Using asx0 device
TFTP from server 192.168.100.1; our IP address is 192.168.100.102
Filename 'tegra124-nyan-big.dtb'.
Load address: 0x83000000
Loading: *#####
	 2.7 MiB/s
done
Bytes transferred = 67899 (1093b hex)
Tegra124 (Nyan-big) # bootz 0x82000000 - 0x83000000
Kernel image @ 0x82000000 [ 0x000000 - 0x533ad0 ]
## Flattened Device Tree blob at 83000000
   Booting using the fdt blob at 0x83000000
   Using Device Tree in place at 83000000, end 8301393a

Starting kernel ...

[    0.472766] console [ttyS0] enabled
[    0.476241] bootconsole [earlycon0] disabled
[    0.481527] [drm] Initialized
[    0.484900] tegra-hdmi 54280000.hdmi: failed to get HDMI regulator
[    0.491487] tegra-dpaux 545c0000.dpaux: failed to get VDD supply: -517
[    0.498816] panel supply power not found, using dummy regulator
[    0.510238] loop: module loaded
[    0.514036] as3722 4-0040: AS3722 with revision 0x1 found
[    0.525274] as3722-sd2: supplied by +5V_SYS
[    0.529800] as3722-sd3: supplied by +5V_SYS
[    0.534134] +1.35V_LP0(sd3): Bringing 0uV into 1350000-1350000uV
[    0.540245] +1.35V_LP0(sd3): ramp_delay not set
[    0.544932] as3722-sd4: supplied by +5V_SYS
[    0.549277] +1.05V_RUN: Bringing 0uV into 1050000-1050000uV
[    0.554934] +1.05V_RUN: ramp_delay not set
[    0.559194] as3722-sd5: supplied by +5V_SYS
[    0.564985] as3722-ldo0: supplied by +1.35V_LP0(sd2)
[    0.570817] +1.8V_RUN_CAM: Bringing 0uV into 1800000-1800000uV
[    0.576734] +1.8V_RUN_CAM: ramp_delay not set
[    0.581281] as3722-ldo2: supplied by +1.8V_VDDIO
[    0.587002] as3722-ldo3: supplied by +3.3V_SYS
[    0.591462] +1.00V_LP0_VDD_RTC: Bringing 1100000uV into 1000000-1000000uV
[    0.598340] +1.00V_LP0_VDD_RTC: ramp_delay not set
[    0.603904] as3722-ldo4: supplied by +3.3V_SYS
[    0.608512] +3.3V_RUN_CAM: Bringing 0uV into 2800000-2800000uV
[    0.614430] +3.3V_RUN_CAM: ramp_delay not set
[    0.618968] as3722-ldo5: supplied by +1.8V_VDDIO
[    0.623743] +1.2V_RUN_CAM_FRONT: Bringing 0uV into 1200000-1200000uV
[    0.630189] +1.2V_RUN_CAM_FRONT: ramp_delay not set
[    0.635393] +VDDIO_SDMMC3: Bringing 0uV into 1800000-1800000uV
[    0.641320] +VDDIO_SDMMC3: ramp_delay not set
[    0.645869] as3722-ldo7: supplied by +1.8V_VDDIO
[    0.650654] +1.05V_RUN_CAM_REAR: Bringing 0uV into 1050000-1050000uV
[    0.657092] +1.05V_RUN_CAM_REAR: ramp_delay not set
[    0.662169] as3722-ldo9: supplied by +5V_SYS
[    0.666741] +2.8V_RUN_TOUCH: Bringing 0uV into 2800000-2800000uV
[    0.672840] +2.8V_RUN_TOUCH: ramp_delay not set
[    0.677568] as3722-ldo10: supplied by +5V_SYS
[    0.682077] +2.8V_RUN_CAM_AF: Bringing 0uV into 2800000-2800000uV
[    0.688264] +2.8V_RUN_CAM_AF: ramp_delay not set
[    0.693229] +1.8V_RUN_VPP_FUSE: Bringing 0uV into 1800000-1800000uV
[    0.699588] +1.8V_RUN_VPP_FUSE: ramp_delay not set
[    0.715458] cros-ec-spi spi32766.0: Chrome EC device registered
[    0.724984] random: fast init done
[    0.730920] m25p80 spi32765.0: w25q32dw (4096 Kbytes)
[    0.737324] libphy: Fixed MDIO Bus: probed
[    0.741425] CAN device driver interface
[    0.745284] igb: Intel(R) Gigabit Ethernet Network Driver - version 5.4.0-k
[    0.752233] igb: Copyright (c) 2007-2014 Intel Corporation.
[    0.757920] pegasus: v0.9.3 (2013/04/25), Pegasus/Pegasus II USB Ethernet driver
[    0.765344] usbcore: registered new interface driver pegasus
[    0.771053] usbcore: registered new interface driver asix
[    0.776476] usbcore: registered new interface driver ax88179_178a
[    0.782608] usbcore: registered new interface driver cdc_ether
[    0.788488] usbcore: registered new interface driver smsc75xx
[    0.794276] usbcore: registered new interface driver smsc95xx
[    0.800061] usbcore: registered new interface driver net1080
[    0.805744] usbcore: registered new interface driver cdc_subset
[    0.811695] usbcore: registered new interface driver zaurus
[    0.817312] usbcore: registered new interface driver cdc_ncm
[    0.823071] ehci_hcd: USB 2.0 'Enhanced' Host Controller (EHCI) Driver
[    0.829587] ehci-pci: EHCI PCI platform driver
[    0.834063] tegra-ehci: Tegra EHCI driver
[    0.838406] usbcore: registered new interface driver cdc_acm
[    0.844049] cdc_acm: USB Abstract Control Model driver for USB modems and ISDN adapters
[    0.852082] usbcore: registered new interface driver cdc_wdm
[    0.857791] usbcore: registered new interface driver usb-storage
[    0.864049] mousedev: PS/2 mouse device common for all mice
[    0.869927] input: cros_ec as /devices/soc0/7000d400.spi/spi_master/spi32766/spi32766.0/7000d400.spi:cros-ec@0:keyboard-controller/input/input0
[    0.884908] as3722-rtc as3722-rtc: rtc core: registered as3722-rtc as rtc0
[    0.891783] as3722-rtc as3722-rtc: RTC interrupt 370
[    0.898709] tegra_rtc 7000e000.rtc: rtc core: registered 7000e000.rtc as rtc1
[    0.905861] tegra_rtc 7000e000.rtc: Tegra internal Real Time Clock
[    0.912180] i2c /dev entries driver
[    0.916428] usbcore: registered new interface driver uvcvideo
[    0.922166] USB Video Class driver (1.1.1)
[    0.926249] gspca_main: v2.14.0 registered
[    0.930634] 0-004c supply vcc not found, using dummy regulator
[    0.938460] tegra-wdt 60005000.timer: initialized (heartbeat = 120 sec, nowayout = 0)
[    0.946870] sdhci: Secure Digital Host Controller Interface driver
[    0.953054] sdhci: Copyright(c) Pierre Ossman
[    0.957396] sdhci-pltfm: SDHCI platform and OF driver helper
[    0.963192] sdhci-tegra 700b0000.sdhci: allocated mmc-pwrseq
[    0.968999] sdhci-tegra 700b0400.sdhci: Got CD GPIO
[    0.973871] sdhci-tegra 700b0400.sdhci: Got WP GPIO
[    0.978899] mmc0: Unknown controller version (3). You may experience problems.
[    0.986133] mmc0: Invalid maximum block size, assuming 512 bytes
[    1.057564] mmc0: SDHCI controller on 700b0600.sdhci [700b0600.sdhci] using ADMA
[    1.067491] usbcore: registered new interface driver usbhid
[    1.076120] usbhid: USB HID core driver
[    1.084484] tegra30-i2s 70301100.i2s: DMA channels sourced from device 70300000.ahub
[    1.138025] max98090 0-0010: MAX98090 REVID=0x43
[    1.145405] max98090 0-0010: use default 2.8v micbias
[    1.148025] mmc0: new high speed MMC card at address 0001
[    1.148496] mmcblk0: mmc0:0001 MMC16G 14.4 GiB 
[    1.148711] mmcblk0boot0: mmc0:0001 MMC16G partition 1 2.00 MiB
[    1.148917] mmcblk0boot1: mmc0:0001 MMC16G partition 2 2.00 MiB
[    1.149096] mmcblk0rpmb: mmc0:0001 MMC16G partition 3 128 KiB
[    1.152292]  mmcblk0: p1 p2 p3 p4 p5 p6 p7 p8 p9 p10 p11 p12
[    1.186191] tegra-snd-max98090 sound: HiFi <-> 70301100.i2s mapping ok
[    1.193997] input: GoogleNyanBig Headphones as /devices/soc0/sound/sound/card1/input1
[    1.202106] input: GoogleNyanBig Mic Jack as /devices/soc0/sound/sound/card1/input2
[    1.210250] NET: Registered protocol family 10
[    1.215279] mip6: Mobile IPv6
[    1.218244] sit: IPv6, IPv4 and MPLS over IPv4 tunneling driver
[    1.225210] NET: Registered protocol family 17
[    1.229663] NET: Registered protocol family 15
[    1.234092] can: controller area network core (rev 20120528 abi 9)
[    1.240324] NET: Registered protocol family 29
[    1.244753] can: raw protocol (rev 20120528)
[    1.249014] can: broadcast manager protocol (rev 20160617 t)
[    1.254663] can: netlink gateway (rev 20130117) max_hops=1
[    1.260213] Bluetooth: RFCOMM socket layer initialized
[    1.265346] Bluetooth: RFCOMM ver 1.11
[    1.269095] Bluetooth: BNEP (Ethernet Emulation) ver 1.3
[    1.274397] Bluetooth: BNEP socket layer initialized
[    1.279351] Bluetooth: HIDP (Human Interface Emulation) ver 1.2
[    1.285258] Bluetooth: HIDP socket layer initialized
[    1.290347] Key type dns_resolver registered
[    1.295069] Registering SWP/SWPB emulation handler
[    1.306322] +3.3V_RUN: supplied by +3.3V_SYS
[    1.311199] +3.3V_AVDD_HDMI_AP_GATED: supplied by +3.3V_RUN
[    1.316806] +1.8V_RUN_CAM: supplied by +3.3V_RUN
[    1.321488] +VDDIO_SDMMC3: supplied by +3.3V_RUN
[    1.326131] +1.8V_RUN_VPP_FUSE: supplied by +3.3V_RUN
[    1.331311] +VDD_LED: supplied by +VDD_MUX
[    1.335614] +5V_VDD_TS_SW: supplied by +5V_SYS
[    1.340413] +5V_USB_HS: supplied by +5V_SYS
[    1.344804] +5V_USB_SS: supplied by +5V_SYS
[    1.350228] +3.3V_PANEL: supplied by +3.3V_RUN
[    1.355814] +3.3V_LP0: supplied by +3.3V_SYS
[    1.360644] +1.05V_RUN_AVDD_HDMI_PLL: supplied by +1.05V_RUN
[    1.366508] +5V_HDMI_CON: supplied by +5V_SYS
[    1.372134] usb3-0 supply vbus not found, using dummy regulator
[    1.378139] usb3-1 supply vbus not found, using dummy regulator
[    1.386598] tegra-sor 54540000.sor: failed to probe output: -517
[    1.392769] panel supply power not found, using dummy regulator
[    1.468249] tegra-xusb 70090000.usb: Firmware timestamp: 2014-09-16 02:10:07 UTC
[    1.475658] tegra-xusb 70090000.usb: xHCI Host Controller
[    1.481080] tegra-xusb 70090000.usb: new USB bus registered, assigned bus number 1
[    1.490689] tegra-xusb 70090000.usb: hcc params 0x0184f525 hci version 0x100 quirks 0x00010010
[    1.499332] tegra-xusb 70090000.usb: irq 342, io mem 0x70090000
[    1.506084] hub 1-0:1.0: USB hub found
[    1.509927] hub 1-0:1.0: 6 ports detected
[    1.514629] tegra-xusb 70090000.usb: xHCI Host Controller
[    1.520062] tegra-xusb 70090000.usb: new USB bus registered, assigned bus number 2
[    1.527776] usb usb2: We don't know the algorithms for LPM for this host, disabling LPM.
[    1.536684] hub 2-0:1.0: USB hub found
[    1.540497] hub 2-0:1.0: 2 ports detected
[    1.545718] sdhci-tegra 700b0000.sdhci: allocated mmc-pwrseq
[    1.551599] mmc1: Unknown controller version (3). You may experience problems.
[    1.558892] mmc1: Invalid maximum block size, assuming 512 bytes
[    1.565463] mmc1: Switching to 3.3V signalling voltage failed
[    1.627615] mmc1: SDHCI controller on 700b0000.sdhci [700b0000.sdhci] using ADMA
[    1.635203] sdhci-tegra 700b0400.sdhci: Got CD GPIO
[    1.640087] sdhci-tegra 700b0400.sdhci: Got WP GPIO
[    1.645067] mmc2: Unknown controller version (3). You may experience problems.
[    1.652373] mmc2: Invalid maximum block size, assuming 512 bytes
[    1.659356] +VDDIO_SDMMC3: ramp_delay not set
[    1.702940] mmc1: new high speed SDIO card at address 0001
[    1.727687] mmc2: SDHCI controller on 700b0400.sdhci [700b0400.sdhci] using ADMA
[    1.835613] [drm] Supports vblank timestamp caching Rev 2 (21.10.2013).
[    1.842284] [drm] No driver support for vblank timestamp query.
[    1.868784] input: tegra-hda HDMI/DP,pcm=3 as /devices/soc0/70030000.hda/sound/card0/input3
[    1.877609] usb 1-2: new high-speed USB device number 2 using tegra-xusb
[    1.889976] mmc2: new high speed SDHC card at address 0007
[    1.890712] mmcblk2: mmc2:0007 SD08G 7.42 GiB 
[    1.899567] GPT:Primary header alternate_lba != Alt. header my_lba
[    1.899571] GPT:3014591 != 15564799
[    1.899572] GPT:Primary header thinks Alt. header is not at the end of the disk.
[    1.899573] GPT:3014591 != 15564799
[    1.899574] GPT: Use GNU Parted to correct GPT errors.
[    1.899599]  mmcblk2: p1 p2 p3 p4 p5 p6 p7 p8 p9 p10 p11 p12
[    1.904443] Console: switching to colour frame buffer device 170x48
[    1.973098] drm drm: fb0:  frame buffer device
[    2.037646] [drm] Initialized tegra 0.0.0 20120330 on minor 0
[    2.044038] input: gpio-keys as /devices/soc0/gpio-keys/input/input4
[    2.051676] as3722-rtc as3722-rtc: setting system clock to 2000-01-01 00:00:22 UTC (946684822)
[    2.060740] +1.8V_RUN_CAM: disabling
[    2.064592] +1.2V_RUN_CAM_FRONT: disabling
[    2.068973] +1.05V_RUN_CAM_REAR: disabling
[    2.073296] +2.8V_RUN_TOUCH: disabling
[    2.077220] +2.8V_RUN_CAM_AF: disabling
[    2.081268] +1.8V_RUN_VPP_FUSE: disabling
[    2.085449] +5V_VDD_TS_SW: disabling
[    2.089056] ALSA device list:
[    2.092014]   #0: tegra-hda at 0x70038000 irq 341
[    2.096710]   #1: GoogleNyanBig
[    2.100744] EXT4-fs (mmcblk0p3): couldn't mount as ext3 due to feature incompatibilities
[    2.200359] uvcvideo: Found UVC 1.00 device HD WebCam (1bcf:2c67)
[    2.215199] input: HD WebCam as /devices/soc0/70090000.usb/usb1/1-2/1-2:1.0/input/input5
[    2.443298] EXT4-fs (mmcblk0p3): recovery complete
[    2.448861] EXT4-fs (mmcblk0p3): mounted filesystem with ordered data mode. Opts: (null)
[    2.456969] VFS: Mounted root (ext4 filesystem) on device 179:3.
[    2.464102] devtmpfs: mounted
[    2.467496] Freeing unused kernel memory: 1024K (c0c00000 - c0d00000)
bash: cannot set terminal process group (-1): Inappropriate ioctl for device
bash: no job control in this shell
[    2.557594] usb 1-3: new high-speed USB device number 3 using tegra-xusb
root@(none):/# [    3.207587] asix 1-3:1.0 eth0: register 'asix' at usb-70090000.usb-3, ASIX AX88772 USB 2.0 Ethernet, c8:d7:19:90:fa:65
[    3.557642] usb 1-1: new high-speed USB device number 4 using tegra-xusb
[    3.736348] usb-storage 1-1:1.0: USB Mass Storage device detected
[    3.743308] scsi host0: usb-storage 1-1:1.0
[    4.809645] scsi 0:0:0:0: Direct-Access     SanDisk  SDDR-113         9412 PQ: 0 ANSI: 0
[    4.982440] sd 0:0:0:0: [sda] 15523840 512-byte logical blocks: (7.95 GB/7.40 GiB)
[    4.990878] sd 0:0:0:0: [sda] Write Protect is off
[    4.995671] sd 0:0:0:0: [sda] Mode Sense: 03 00 00 00
[    5.001607] sd 0:0:0:0: [sda] No Caching mode page found
[    5.006909] sd 0:0:0:0: [sda] Assuming drive cache: write through
[    5.032254]  sda: sda1 sda2 sda3 sda4 sda5 sda6 sda7 sda8 sda9 sda10 sda11 sda12 sda13
[    5.045844] sd 0:0:0:0: [sda] Attached SCSI removable disk
mount -t sysfs none /sys
root@(none):/# 
root@(none):/# mount -t debugfs none /sys/kernel/debug
root@(none):/# 
root@(none):/# rtcwake -d rtc1 -m mem -s 3
rtcwake: assuming RTC uses UTC ...
rtcwake: wakeup from "mem" using /dev/rtc1 at Thu Jan  1 00:00:54 1970
[   31.838340] PM: Syncing filesystems ... [   31.843114] done.
[   31.849280] Freezing user space processes ... (elapsed 0.001 seconds) done.
[   31.849285] Freezing remaining freezable tasks ... (elapsed 0.007 seconds) done.
[   31.864191] Suspending console(s) (use no_console_suspend to debug)
[   31.871252] asix 1-3:1.0 eth0: Failed to read reg index 0x0000: -19
[   31.871255] asix 1-3:1.0 eth0: Error reading Medium Status register: ffffffed
[   31.871258] asix 1-3:1.0 eth0: Failed to write reg index 0x0000: -19
[   31.871260] asix 1-3:1.0 eth0: Failed to write Medium Mode mode to 0xfeed: ffffffed
[   32.068935] PM: suspend of devices complete after 197.872 msecs
[   32.069832] PM: late suspend of devices complete after 0.893 msecs
[   32.070674] PM: noirq suspend of devices complete after 0.839 msecs
[   32.070677] Disabling non-boot CPUs ...
[   32.127871] CPU1: shutdown
[   32.227728] IRQ17 no longer affine to CPU2
[   32.227901] CPU2: shutdown
[   32.337908] CPU3: shutdown
[   32.388522] Entering suspend state LP1
[   32.388522] Suspended for 2.999 seconds
[   32.388533] Enabling non-boot CPUs ...
[   32.418662] CPU1 is up
[   32.458819] CPU2 is up
[   32.499046] CPU3 is up
[   32.499553] PM: noirq resume of devices complete after 0.502 msecs
[   32.501080] PM: early resume of devices complete after 1.008 msecs
[   32.543110] mmc1: Switching to 3.3V signalling voltage failed
[   32.797500] tegra-sor 54540000.sor: failed to attach SOR: -110
[   33.050865] PM: resume of devices complete after 549.776 msecs
[   33.161649] Restarting tasks ... done.
root@(none):/# 
root@(none):/# 