
U-Boot SPL 2014.07-00097-g772e173 (Jul 25 2014 - 20:02:52)


U-Boot 2014.07-00097-g772e173 (Jul 25 2014 - 20:02:52)

TEGRA124
Board: NVIDIA Jetson TK1
I2C:   ready
DRAM:  2 GiB
MMC:   Tegra SD/MMC: 0, Tegra SD/MMC: 1
In:    serial
Out:   serial
Err:   serial
Net:   Net Initialization Skipped
No ethernet found.
Hit any key to stop autoboot:  2  0 
Tegra124 (Jetson TK1) # 
Tegra124 (Jetson TK1) # usb reset
(Re)start USB...
USB0:   USB EHCI 1.10
scanning bus 0 for devices... 1 USB Device(s) found
USB1:   USB EHCI 1.10
scanning bus 1 for devices... 2 USB Device(s) found
       scanning usb for storage devices... 0 Storage Device(s) found
       scanning usb for ethernet devices... 
Warning: asx0 using MAC address from net device
1 Ethernet Device(s) found
Tegra124 (Jetson TK1) # setenv bootargs 'ignore_loglevel console=ttyS0,115200n8 rw root=/dev/mmcblk0p1 rootwait gpt debug init=/bin/bash noinitrd'
Tegra124 (Jetson TK1) # setenv ipaddr 192.168.100.102; setenv serverip 192.168.100.1; setenv tftpserverip 192.168.100.1
Tegra124 (Jetson TK1) # tftpboot 0x81000000 zImage.multi_v7_defconfig
Using asx0 device
TFTP from server 192.168.100.1; our IP address is 192.168.100.102
Filename 'zImage.multi_v7_defconfig'.
Load address: 0x81000000
Loading: *#################################################################
	 #################################################################
	 #################################################################
	 #################################################################
	 #################################################################
	 #################################################################
	 ###############################
	 3.3 MiB/s
done
Bytes transferred = 6176552 (5e3f28 hex)
Tegra124 (Jetson TK1) # tftpboot 0x82000000 tegra124-jetson-tk1.dtb
Using asx0 device
TFTP from server 192.168.100.1; our IP address is 192.168.100.102
Filename 'tegra124-jetson-tk1.dtb'.
Load address: 0x82000000
Loading: *#####
	 3 MiB/s
done
Bytes transferred = 63791 (f92f hex)
Tegra124 (Jetson TK1) # bootz 0x81000000 - 0x82000000
Kernel image @ 0x81000000 [ 0x000000 - 0x5e3f28 ]
## Flattened Device Tree blob at 82000000
   Booting using the fdt blob at 0x82000000
   Using Device Tree in place at 82000000, end 8201292e

Starting kernel ...

[    0.000000] Booting Linux on physical CPU 0x0
[    0.000000] Linux version 4.2.0-rc1-next-20150709-28249-g09d87ac (pwalmsley@sellafield) (gcc version 4.7.3 20130328 (prerelease) (crosstool-NG linaro-1.13.1-4.7-2013.04-20130415 - Linaro GCC 2013.04) ) #1 SMP Wed Jul 8 21:47:37 PDT 2015
[    0.000000] CPU: ARMv7 Processor [413fc0f3] revision 3 (ARMv7), cr=10c5387d
[    0.000000] CPU: PIPT / VIPT nonaliasing data cache, PIPT instruction cache
[    0.000000] Machine model: NVIDIA Tegra124 Jetson TK1
[    0.000000] debug: ignoring loglevel setting.
[    0.000000] cma: Reserved 64 MiB at 0xfb800000
[    0.000000] Memory policy: Data cache writealloc
[    0.000000] On node 0 totalpages: 524032
[    0.000000] free_area_init_node: node 0, pgdat c0f07b40, node_mem_map ee7f8000
[    0.000000]   DMA zone: 1520 pages used for memmap
[    0.000000]   DMA zone: 0 pages reserved
[    0.000000]   DMA zone: 194560 pages, LIFO batch:31
[    0.000000]   HighMem zone: 329472 pages, LIFO batch:31
[    0.000000] PERCPU: Embedded 11 pages/cpu @ee794000 s14848 r8192 d22016 u45056
[    0.000000] pcpu-alloc: s14848 r8192 d22016 u45056 alloc=11*4096
[    0.000000] pcpu-alloc: [0] 0 [0] 1 [0] 2 [0] 3 
[    0.000000] Built 1 zonelists in Zone order, mobility grouping on.  Total pages: 522512
[    0.000000] Kernel command line: ignore_loglevel console=ttyS0,115200n8 rw root=/dev/mmcblk0p1 rootwait gpt debug init=/bin/bash noinitrd
[    0.000000] PID hash table entries: 4096 (order: 2, 16384 bytes)
[    0.000000] Dentry cache hash table entries: 131072 (order: 7, 524288 bytes)
[    0.000000] Inode-cache hash table entries: 65536 (order: 6, 262144 bytes)
[    0.000000] Memory: 1999268K/2096128K available (7823K kernel code, 1014K rwdata, 3520K rodata, 956K init, 327K bss, 31324K reserved, 65536K cma-reserved, 1252352K highmem)
[    0.000000] Virtual kernel memory layout:
[    0.000000]     vector  : 0xffff0000 - 0xffff1000   (   4 kB)
[    0.000000]     fixmap  : 0xffc00000 - 0xfff00000   (3072 kB)
[    0.000000]     vmalloc : 0xf0000000 - 0xff000000   ( 240 MB)
[    0.000000]     lowmem  : 0xc0000000 - 0xef800000   ( 760 MB)
[    0.000000]     pkmap   : 0xbfe00000 - 0xc0000000   (   2 MB)
[    0.000000]     modules : 0xbf000000 - 0xbfe00000   (  14 MB)
[    0.000000]       .text : 0xc0208000 - 0xc0d1cd40   (11348 kB)
[    0.000000]       .init : 0xc0d1d000 - 0xc0e0c000   ( 956 kB)
[    0.000000]       .data : 0xc0e0c000 - 0xc0f09b40   (1015 kB)
[    0.000000]        .bss : 0xc0f0c000 - 0xc0f5dc28   ( 328 kB)
[    0.000000] SLUB: HWalign=64, Order=0-3, MinObjects=0, CPUs=4, Nodes=1
[    0.000000] Hierarchical RCU implementation.
[    0.000000] 	Additional per-CPU info printed with stalls.
[    0.000000] 	Build-time adjustment of leaf fanout to 32.
[    0.000000] 	RCU restricting CPUs from NR_CPUS=16 to nr_cpu_ids=4.
[    0.000000] RCU: Adjusting geometry for rcu_fanout_leaf=32, nr_cpu_ids=4
[    0.000000] NR_IRQS:16 nr_irqs:16 16
[    0.000000] /interrupt-controller@60004000: 160 interrupts forwarded to /interrupt-controller@0,50041000
[    0.000000] L2C: failed to init: -19
[    0.000008] sched_clock: 32 bits at 1000kHz, resolution 1000ns, wraps every 2147483647500ns
[    0.000026] clocksource: timer_us: mask: 0xffffffff max_cycles: 0xffffffff, max_idle_ns: 1911260446275 ns
[    0.000040] Switching to timer-based delay loop, resolution 1000ns
[    0.004252] Architected cp15 timer(s) running at 12.00MHz (virt).
[    0.004271] clocksource: arch_sys_counter: mask: 0xffffffffffffff max_cycles: 0x2c47f4ee7, max_idle_ns: 440795202497 ns
[    0.004289] sched_clock: 56 bits at 12MHz, resolution 83ns, wraps every 4398046511096ns
[    0.004302] Switching to timer-based delay loop, resolution 83ns
[    0.004720] Console: colour dummy device 80x30
[    0.004745] Calibrating delay loop (skipped), value calculated using timer frequency.. 24.00 BogoMIPS (lpj=60000)
[    0.004760] pid_max: default: 32768 minimum: 301
[    0.004873] Mount-cache hash table entries: 2048 (order: 1, 8192 bytes)
[    0.004884] Mountpoint-cache hash table entries: 2048 (order: 1, 8192 bytes)
[    0.005476] CPU: Testing write buffer coherency: ok
[    0.005684] /cpus/cpu@0 missing clock-frequency property
[    0.005722] /cpus/cpu@1 missing clock-frequency property
[    0.005759] /cpus/cpu@2 missing clock-frequency property
[    0.005797] /cpus/cpu@3 missing clock-frequency property
[    0.005809] CPU0: thread -1, cpu 0, socket 0, mpidr 80000000
[    0.005854] Setting up static identity map for 0x80209000 - 0x80209098
[    0.008723] Tegra Revision: A01 SKU: 129 CPU Process: 1 SoC Process: 1
[    0.010042] CPU1: thread -1, cpu 1, socket 0, mpidr 80000001
[    0.010614] CPU2: thread -1, cpu 2, socket 0, mpidr 80000002
[    0.011181] CPU3: thread -1, cpu 3, socket 0, mpidr 80000003
[    0.011243] Brought up 4 CPUs
[    0.011264] SMP: Total of 4 processors activated (96.00 BogoMIPS).
[    0.011271] CPU: All CPU(s) started in SVC mode.
[    0.011795] devtmpfs: initialized
[    0.030611] VFP support v0.3: implementor 41 architecture 4 part 30 variant f rev 0
[    0.031398] clocksource: jiffies: mask: 0xffffffff max_cycles: 0xffffffff, max_idle_ns: 9556302231375000 ns
[    0.033049] pinctrl core: initialized pinctrl subsystem
[    0.034671] NET: Registered protocol family 16
[    0.036649] DMA: preallocated 256 KiB pool for atomic coherent allocations
[    0.049320] cpuidle: using governor ladder
[    0.064340] cpuidle: using governor menu
[    0.081110] No ATAGs?
[    0.081145] hw-breakpoint: found 5 (+1 reserved) breakpoint and 4 watchpoint registers.
[    0.081155] hw-breakpoint: maximum watchpoint size is 8 bytes.
[    0.085754] Serial: AMBA PL011 UART driver
[    0.114975] +USB0_VBUS_SW: Failed to request enable GPIO108: -517
[    0.115096] reg-fixed-voltage regulators:regulator@7: Failed to register regulator: -517
[    0.115318] +5V_USB_HS: Failed to request enable GPIO109: -517
[    0.115430] reg-fixed-voltage regulators:regulator@8: Failed to register regulator: -517
[    0.115723] +1.05V_RUN_AVDD_HDMI_PLL: Failed to request enable GPIO63: -517
[    0.115834] reg-fixed-voltage regulators:regulator@11: Failed to register regulator: -517
[    0.116051] +5V_HDMI_CON: Failed to request enable GPIO86: -517
[    0.116161] reg-fixed-voltage regulators:regulator@12: Failed to register regulator: -517
[    0.116374] +5V_SATA: Failed to request enable GPIO242: -517
[    0.116484] reg-fixed-voltage regulators:regulator@13: Failed to register regulator: -517
[    0.116699] +12V_SATA: Failed to request enable GPIO242: -517
[    0.116809] reg-fixed-voltage regulators:regulator@14: Failed to register regulator: -517
[    0.119737] vgaarb: loaded
[    0.120571] SCSI subsystem initialized
[    0.120748] libata version 3.00 loaded.
[    0.121062] usbcore: registered new interface driver usbfs
[    0.121127] usbcore: registered new interface driver hub
[    0.121206] usbcore: registered new device driver usb
[    0.124788] pps_core: LinuxPPS API ver. 1 registered
[    0.124798] pps_core: Software ver. 5.3.6 - Copyright 2005-2007 Rodolfo Giometti <giometti@linux.it>
[    0.124830] PTP clock support registered
[    0.125066] EDAC MC: Ver: 3.0.0
[    0.128217] clocksource: Switched to clocksource arch_sys_counter
[    0.140050] NET: Registered protocol family 2
[    0.140574] TCP established hash table entries: 8192 (order: 3, 32768 bytes)
[    0.140674] TCP bind hash table entries: 8192 (order: 4, 65536 bytes)
[    0.140861] TCP: Hash tables configured (established 8192 bind 8192)
[    0.140912] UDP hash table entries: 512 (order: 2, 16384 bytes)
[    0.140953] UDP-Lite hash table entries: 512 (order: 2, 16384 bytes)
[    0.141127] NET: Registered protocol family 1
[    0.141369] RPC: Registered named UNIX socket transport module.
[    0.141379] RPC: Registered udp transport module.
[    0.141386] RPC: Registered tcp transport module.
[    0.141393] RPC: Registered tcp NFSv4.1 backchannel transport module.
[    0.141417] PCI: CLS 0 bytes, default 64
[    0.143742] futex hash table entries: 1024 (order: 4, 65536 bytes)
[    0.156264] squashfs: version 4.0 (2009/01/31) Phillip Lougher
[    0.157254] NFS: Registering the id_resolver key type
[    0.157285] Key type id_resolver registered
[    0.157294] Key type id_legacy registered
[    0.157381] ntfs: driver 2.1.32 [Flags: R/O].
[    0.158457] bounce: pool size: 64 pages
[    0.158679] Block layer SCSI generic (bsg) driver version 0.4 loaded (major 249)
[    0.158699] io scheduler noop registered
[    0.158713] io scheduler deadline registered
[    0.158919] io scheduler cfq registered (default)
[    0.175667] tegra-pcie 1003000.pcie-controller: 2x1, 1x1 configuration
[    0.175717] tegra-pcie 1003000.pcie-controller: Failed to get supply 'avddio-pex': -517
[    0.182609] tegra-apbdma 60020000.dma: Tegra20 APB DMA driver register 32 channels
[    0.184025] tegra-pmc 7000e400.pmc: emergency thermal reset enabled
[    0.248033] Serial: 8250/16550 driver, 4 ports, IRQ sharing disabled
[    0.250355] SuperH (H)SCI(F) driver initialized
[    0.251332] msm_serial: driver initialized
[    0.252166] console [ttyS0] disabled
[    0.252199] 70006300.serial: ttyS0 at MMIO 0x70006300 (irq = 331, base_baud = 25500000) is a Tegra
[    1.068417] console [ttyS0] enabled
[    1.072722] STMicroelectronics ASC driver initialized
[    1.080196] [drm] Initialized drm 1.1.0 20060810
[    1.086935] tegra-hdmi 54280000.hdmi: failed to get HDMI regulator
[    1.100193] loop: module loaded
[    1.103669] at24 0-0056: 256 byte 24c02 EEPROM, writable, 8 bytes/write
[    1.111728] as3722 4-0040: AS3722 with revision 0x1 found
[    1.134953] +5V_SYS: supplied by +VDD_MUX
[    1.139019] +1.05V_RUN: supplied by +5V_SYS
[    1.143311] tegra-ahci 70027000.sata: Failed to get supply 'hvdd': -517
[    1.149980] tegra-ahci 70027000.sata: Failed to get regulators
[    1.160831] m25p80 spi32765.0: w25q32dw (4096 Kbytes)
[    1.169236] CAN device driver interface
[    1.174421] igb: Intel(R) Gigabit Ethernet Network Driver - version 5.2.18-k
[    1.181477] igb: Copyright (c) 2007-2014 Intel Corporation.
[    1.190148] pegasus: v0.9.3 (2013/04/25), Pegasus/Pegasus II USB Ethernet driver
[    1.197602] usbcore: registered new interface driver pegasus
[    1.203349] usbcore: registered new interface driver asix
[    1.208817] usbcore: registered new interface driver ax88179_178a
[    1.214968] usbcore: registered new interface driver cdc_ether
[    1.220880] usbcore: registered new interface driver smsc75xx
[    1.226704] usbcore: registered new interface driver smsc95xx
[    1.232509] usbcore: registered new interface driver net1080
[    1.238244] usbcore: registered new interface driver cdc_subset
[    1.244220] usbcore: registered new interface driver zaurus
[    1.249892] usbcore: registered new interface driver cdc_ncm
[    1.255819] tegra-phy 7d004000.usb-phy: no vbus regulator
[    1.263329] ehci_hcd: USB 2.0 'Enhanced' Host Controller (EHCI) Driver
[    1.269868] ehci-pci: EHCI PCI platform driver
[    1.274375] ehci-platform: EHCI generic platform driver
[    1.279826] ehci-omap: OMAP-EHCI Host Controller driver
[    1.285210] ehci-orion: EHCI orion driver
[    1.289379] SPEAr-ehci: EHCI SPEAr driver
[    1.293551] ehci-st: EHCI STMicroelectronics driver
[    1.298589] ehci-exynos: EHCI EXYNOS driver
[    1.302939] ehci-atmel: EHCI Atmel driver
[    1.307119] tegra-ehci: Tegra EHCI driver
[    1.311470] tegra-ehci 7d004000.usb: EHCI Host Controller
[    1.316901] tegra-ehci 7d004000.usb: new USB bus registered, assigned bus number 1
[    1.324642] tegra-ehci 7d004000.usb: irq 348, io mem 0x7d004000
[    1.338241] tegra-ehci 7d004000.usb: USB 2.0 started, EHCI 1.10
[    1.344990] hub 1-0:1.0: USB hub found
[    1.348806] hub 1-0:1.0: 1 port detected
[    1.353389] ohci_hcd: USB 1.1 'Open' Host Controller (OHCI) Driver
[    1.359600] ohci-pci: OHCI PCI platform driver
[    1.364115] ohci-platform: OHCI generic platform driver
[    1.369537] ohci-omap3: OHCI OMAP3 driver
[    1.373712] SPEAr-ohci: OHCI SPEAr driver
[    1.377872] ohci-st: OHCI STMicroelectronics driver
[    1.382916] ohci-atmel: OHCI Atmel driver
[    1.387202] usbcore: registered new interface driver usb-storage
[    1.394790] mousedev: PS/2 mouse device common for all mice
[    1.404296] as3722-rtc as3722-rtc: rtc core: registered as3722-rtc as rtc0
[    1.411180] as3722-rtc as3722-rtc: RTC interrupt 367
[    1.419563] tegra_rtc 7000e000.rtc: rtc core: registered 7000e000.rtc as rtc1
[    1.426744] tegra_rtc 7000e000.rtc: Tegra internal Real Time Clock
[    1.433550] i2c /dev entries driver
[    1.442103] 0-004c supply vcc not found, using dummy regulator
[    1.454082] sdhci: Secure Digital Host Controller Interface driver
[    1.460283] sdhci: Copyright(c) Pierre Ossman
[    1.466297] Synopsys Designware Multimedia Card Interface Driver
[    1.473481] sdhci-pltfm: SDHCI platform and OF driver helper
[    1.479882] sdhci-tegra 700b0400.sdhci: Got CD GPIO
[    1.484787] sdhci-tegra 700b0400.sdhci: Got WP GPIO
[    1.489721] mmc0: Unknown controller version (3). You may experience problems.
[    1.497058] as3722-regulator as3722-regulator: Failed to resolve vin-ldo1-6-supply for as3722-ldo6
[    1.506034] sdhci-tegra 700b0400.sdhci: No vmmc regulator found
[    1.512124] mmc0: Unknown controller version (3). You may experience problems.
[    1.519431] sdhci-tegra 700b0600.sdhci: No vmmc regulator found
[    1.525368] sdhci-tegra 700b0600.sdhci: No vqmmc regulator found
[    1.531382] mmc0: Invalid maximum block size, assuming 512 bytes
[    1.573238] mmc0: SDHCI controller on 700b0600.sdhci [700b0600.sdhci] using ADMA 64-bit
[    1.582412] ledtrig-cpu: registered to indicate activity on CPUs
[    1.588660] usbcore: registered new interface driver usbhid
[    1.594241] usbhid: USB HID core driver
[    1.605912] NET: Registered protocol family 17
[    1.610406] can: controller area network core (rev 20120528 abi 9)
[    1.616722] NET: Registered protocol family 29
[    1.621198] can: raw protocol (rev 20120528)
[    1.625540] can: broadcast manager protocol (rev 20120528 t)
[    1.631237] can: netlink gateway (rev 20130117) max_hops=1
[    1.637142] Key type dns_resolver registered
[    1.642053] ThumbEE CPU extension supported.
[    1.646407] Registering SWP/SWPB emulation handler
[    1.662236] tegra-pcie 1003000.pcie-controller: 2x1, 1x1 configuration
[    1.669108] +3.3V_SYS: supplied by +VDD_MUX
[    1.673355] +3.3V_LP0: supplied by +3.3V_SYS
[    1.677937] +1.35V_LP0(sd2): supplied by +5V_SYS
[    1.682657] +1.05V_RUN_AVDD: supplied by +1.35V_LP0(sd2)
[    1.689788] tegra-pcie 1003000.pcie-controller: probing port 0, using 2 lanes
[    1.692903] mmc0: MAN_BKOPS_EN bit is not set
[    1.697531] mmc0: new high speed MMC card at address 0001
[    1.698374] mmcblk0: mmc0:0001 SEM16G 14.6 GiB 
[    1.698873] mmcblk0boot0: mmc0:0001 SEM16G partition 1 4.00 MiB
[    1.699393] mmcblk0boot1: mmc0:0001 SEM16G partition 2 4.00 MiB
[    1.699912] mmcblk0rpmb: mmc0:0001 SEM16G partition 3 4.00 MiB
[    1.702523] Primary GPT is invalid, using alternate GPT.
[    1.702553]  mmcblk0: p1 p2 p3 p4 p5 p6 p7 p8 p9
[    1.741362] tegra-pcie 1003000.pcie-controller: Slot present pin change, signature: 00000008
[    2.174431] tegra-pcie 1003000.pcie-controller: link 0 down, retrying
[    2.609316] tegra-pcie 1003000.pcie-controller: link 0 down, retrying
[    3.044569] tegra-pcie 1003000.pcie-controller: link 0 down, retrying
[    3.053200] tegra-pcie 1003000.pcie-controller: link 0 down, ignoring
[    3.059724] tegra-pcie 1003000.pcie-controller: probing port 1, using 1 lanes
[    3.069228] tegra-pcie 1003000.pcie-controller: Slot present pin change, signature: 00000000
[    3.502265] tegra-pcie 1003000.pcie-controller: link 1 down, retrying
[    3.937378] tegra-pcie 1003000.pcie-controller: link 1 down, retrying
[    4.370991] tegra-pcie 1003000.pcie-controller: link 1 down, retrying
[    4.379622] tegra-pcie 1003000.pcie-controller: link 1 down, ignoring
[    4.386354] tegra-pcie 1003000.pcie-controller: PCI host bridge to bus 0000:00
[    4.393594] pci_bus 0000:00: root bus resource [mem 0x13000000-0x1fffffff]
[    4.400474] pci_bus 0000:00: root bus resource [mem 0x20000000-0x3fffffff pref]
[    4.407787] pci_bus 0000:00: root bus resource [bus 00-ff]
[    4.413290] pci_bus 0000:00: root bus resource [io  0x1000-0xffff]
[    4.419503] PCI: bus0: Fast back to back transfers enabled
[    4.425766] +5V_HDMI_CON: supplied by +5V_SYS
[    4.430257] +1.05V_RUN_AVDD_HDMI_PLL: supplied by +1.05V_RUN
[    4.436055] +3.3V_RUN: supplied by +3.3V_SYS
[    4.440375] +3.3V_AVDD_HDMI_AP_GATED: supplied by +3.3V_RUN
[    4.448123] [drm] Supports vblank timestamp caching Rev 2 (21.10.2013).
[    4.454803] [drm] No driver support for vblank timestamp query.
[    4.560396] tegra-hdmi 54280000.hdmi: cannot set audio to 44100 at 297000000 pclk
[    4.670834] Console: switching to colour frame buffer device 512x135
[    4.765330] drm drm: fb0:  frame buffer device
[    4.769782] drm drm: registered panic notifier
[    4.788390] [drm] Initialized tegra 0.0.0 20120330 on minor 0
[    4.795280] +5V_SATA: supplied by +5V_SYS
[    4.799431] +12V_SATA: supplied by +VDD_MUX
[    4.804353] tegra-ahci 70027000.sata: AHCI 0001.0301 32 slots 2 ports 3 Gbps 0x1 impl platform mode
[    4.813447] tegra-ahci 70027000.sata: flags: 64bit ncq sntf pm led pio slum part sadm sds apst 
[    4.824543] scsi host0: tegra-ahci
[    4.829186] scsi host1: tegra-ahci
[    4.832937] ata1: SATA max UDMA/133 mmio [mem 0x70027000-0x70028fff] port 0x100 irq 341
[    4.840972] ata2: DUMMY
[    4.844617] +5V_USB_HS: supplied by +5V_SYS
[    4.850054] tegra-ehci 7d008000.usb: EHCI Host Controller
[    4.855514] tegra-ehci 7d008000.usb: new USB bus registered, assigned bus number 2
[    4.863308] tegra-ehci 7d008000.usb: irq 349, io mem 0x7d008000
[    4.878374] tegra-ehci 7d008000.usb: USB 2.0 started, EHCI 1.10
[    4.885338] hub 2-0:1.0: USB hub found
[    4.889183] hub 2-0:1.0: 1 port detected
[    4.894724] cpufreq: cpufreq_add_dev: CPU0: Running at unlisted freq: 696000 KHz
[    4.902206] cpufreq: cpufreq_add_dev: CPU0: Unlisted initial frequency changed to: 714000 KHz
[    4.911499] sdhci-tegra 700b0400.sdhci: Got CD GPIO
[    4.916407] sdhci-tegra 700b0400.sdhci: Got WP GPIO
[    4.921337] mmc1: Unknown controller version (3). You may experience problems.
[    4.928653] +VDDIO_SDMMC3: supplied by +3.3V_RUN
[    4.933330] sdhci-tegra 700b0400.sdhci: No vmmc regulator found
[    4.939270] mmc1: Invalid maximum block size, assuming 512 bytes
[    4.978482] mmc1: SDHCI controller on 700b0400.sdhci [700b0400.sdhci] using ADMA 64-bit
[    4.987171] input: gpio-keys as /devices/soc0/gpio-keys/input/input0
[    4.994291] as3722-rtc as3722-rtc: setting system clock to 2000-02-01 00:00:18 UTC (949363218)
[    5.006960] +USB0_VBUS_SW: disabling
[    5.010662] +1.8V_RUN_VPP_FUSE: disabling
[    5.014891] +2.8V_RUN_CAM_AF: disabling
[    5.018896] +3.3V_RUN_TOUCH: disabling
[    5.022808] +1.05V_RUN_CAM_REAR: disabling
[    5.027013] +1.2V_RUN_CAM_FRONT: disabling
[    5.031273] +2.8V_RUN_CAM: disabling
[    5.034958] +1.8V_RUN_CAM: disabling
[    5.168340] ata1: SATA link down (SStatus 0 SControl 300)
[    5.174456] EXT4-fs (mmcblk0p1): couldn't mount as ext3 due to feature incompatibilities
[    5.183121] EXT4-fs (mmcblk0p1): couldn't mount as ext2 due to feature incompatibilities
[    5.202291] EXT4-fs (mmcblk0p1): recovery complete
[    5.207132] EXT4-fs (mmcblk0p1): mounted filesystem with ordered data mode. Opts: (null)
[    5.207207] usb 2-1: new high-speed USB device number 2 using tegra-ehci
[    5.222126] VFS: Mounted root (ext4 filesystem) on device 179:1.
[    5.232523] devtmpfs: mounted
[    5.236130] Freeing unused kernel memory: 956K (c0d1d000 - c0e0c000)
bash: cannot set terminal process group (-1): Inappropriate ioctl for device
bash: no job control in this shell
root@(none):/# 