Diff for ./qemu-vexpress64/__internal/defconfig_log.txt
--- /tmp/fooa	2016-10-26 20:42:43.822167687 -0700
+++ /tmp/foob	2016-10-26 20:42:43.826167698 -0700
@@ -1,5 +1,5 @@
 Booting Linux on physical CPU 0x0
-Linux version 4.9.0-rc2-next-20161026-154474-g44c67c2 (pwalmsley@tamien) (gcc version 4.9.2 20140904 (prerelease) (crosstool-NG linaro-1.13.1-4.9-2014.09 - Linaro GCC 4.9-2014.09) ) #1 SMP PREEMPT Tue Oct 25 20:22:19 PDT 2016
+Linux version 4.9.0-rc2-next-20161027-154650-g58308d9 (pwalmsley@tamien) (gcc version 4.9.2 20140904 (prerelease) (crosstool-NG linaro-1.13.1-4.9-2014.09 - Linaro GCC 4.9-2014.09) ) #1 SMP PREEMPT Wed Oct 26 20:36:45 PDT 2016
 Boot CPU: AArch64 Processor [411fd070]
 Memory limited to 1024MB
 efi: Getting EFI parameters from FDT:
@@ -100,7 +100,7 @@
 kvm [1]: HYP mode not available
 futex hash table entries: 256 (order: 3, 32768 bytes)
 audit: initializing netlink subsys (disabled)
-audit: type=2000 audit(0.628:1): initialized
+audit: type=2000 audit(0.664:1): initialized
 workingset: timestamp_bits=46 max_order=18 bucket_order=0
 squashfs: version 4.0 (2009/01/31) Phillip Lougher
 NFS: Registering the id_resolver key type
@@ -167,7 +167,7 @@
 Key type dns_resolver registered
 registered taskstats version 1
 input: gpio-keys as /devices/platform/gpio-keys/input/input0
-rtc-pl031 9010000.pl031: setting system clock to 2016-10-26 03:22:57 UTC (1477452177)
+rtc-pl031 9010000.pl031: setting system clock to 2016-10-27 03:37:25 UTC (1477539445)
 ALSA device list:
   No soundcards found.
 uart-pl011 9000000.pl011: no DMA platform data
@@ -176,7 +176,7 @@
 EXT4-fs (vda2): mounted filesystem with ordered data mode. Opts: (null)
 VFS: Mounted root (ext4 filesystem) on device 254:2.
 devtmpfs: mounted
-Freeing unused kernel memory: 1024K (ffff800000c70000 - ffff800000d70000)
+Freeing unused kernel memory: 1024K
 bash: cannot set terminal process group (-1): Inappropriate ioctl for device
 bash: no job control in this shell
 bash-4.3# 
\ No newline at end of file
Diff for ./tegra114-dalmore-a04/tegra114-dalmore/multi_v7_defconfig_log.txt
--- /tmp/fooa	2016-10-26 20:42:43.842167744 -0700
+++ /tmp/foob	2016-10-26 20:42:43.846167755 -0700
@@ -38,10 +38,10 @@
 	 #################################################################
 	 #################################################################
 	 #################################################################
-	 ###########################################
+	 ##########################################
 	 3.1 MiB/s
 done
-Bytes transferred = 7296856 (6f5758 hex)
+Bytes transferred = 7295440 (6f51d0 hex)
 Tegra114 (Dalmore) # tftpboot 0x82000000 tegra114-dalmore.dtb
 Using asx0 device
 TFTP from server 192.168.100.1; our IP address is 192.168.100.100
@@ -52,7 +52,7 @@
 done
 Bytes transferred = 35044 (88e4 hex)
 Tegra114 (Dalmore) # bootz 0x81000000 - 0x82000000
-Kernel image @ 0x81000000 [ 0x000000 - 0x6f5758 ]
+Kernel image @ 0x81000000 [ 0x000000 - 0x6f51d0 ]
 ## Flattened Device Tree blob at 82000000
    Booting using the fdt blob at 0x82000000
    Loading Device Tree to 8fff4000, end 8ffff8e3 ... OK
@@ -60,7 +60,7 @@
 Starting kernel ...
 
 Booting Linux on physical CPU 0x0
-Linux version 4.9.0-rc2-next-20161026-130041-g44c67c2 (pwalmsley@sellafield) (gcc version 4.7.3 20130328 (prerelease) (crosstool-NG linaro-1.13.1-4.7-2013.04-20130415 - Linaro GCC 2013.04) ) #1 SMP Tue Oct 25 20:19:28 PDT 2016
+Linux version 4.9.0-rc2-next-20161027-130217-g58308d9 (pwalmsley@sellafield) (gcc version 4.7.3 20130328 (prerelease) (crosstool-NG linaro-1.13.1-4.7-2013.04-20130415 - Linaro GCC 2013.04) ) #1 SMP Wed Oct 26 20:34:04 PDT 2016
 CPU: ARMv7 Processor [412fc0f2] revision 2 (ARMv7), cr=10c5387d
 CPU: div instructions available: patching division code
 CPU: PIPT / VIPT nonaliasing data cache, PIPT instruction cache
@@ -84,7 +84,7 @@
 PID hash table entries: 4096 (order: 2, 16384 bytes)
 Dentry cache hash table entries: 131072 (order: 7, 524288 bytes)
 Inode-cache hash table entries: 65536 (order: 6, 262144 bytes)
-Memory: 1995056K/2096128K available (9216K kernel code, 1185K rwdata, 4080K rodata, 2048K init, 343K bss, 35536K reserved, 65536K cma-reserved, 1244160K highmem)
+Memory: 1995056K/2096128K available (9216K kernel code, 1185K rwdata, 4076K rodata, 2048K init, 343K bss, 35536K reserved, 65536K cma-reserved, 1244160K highmem)
 Virtual kernel memory layout:
     vector  : 0xffff0000 - 0xffff1000   (   4 kB)
     fixmap  : 0xffc00000 - 0xfff00000   (3072 kB)
@@ -304,21 +304,21 @@
 can: netlink gateway (rev 20130117) max_hops=1
 Key type dns_resolver registered
 ThumbEE CPU extension supported.
-Registering SWP/SWPB emulation handler
-usb1_vbus: supplied by vdd-sys-5v0
-usb2_vbus: supplied by vdd-sys-5v0
-VDD_5V0_HDMI_CON: supplied by vdd-sys-5v0
 mmc0: new high speed SDHC card at address aaaa
-[drm] Supports vblank timestamp caching Rev 2 (21.10.2013).
-[drm] No driver support for vblank timestamp query.
 mmcblk0: mmc0:aaaa SL16G 14.8 GiB 
+Registering SWP/SWPB emulation handler
+ mmcblk0: p1 p2 p3
 mmc1: new high speed MMC card at address 0001
+usb1_vbus: supplied by vdd-sys-5v0
 mmcblk1: mmc1:0001 SEM32G 29.1 GiB 
 mmcblk1boot0: mmc1:0001 SEM32G partition 1 4.00 MiB
 mmcblk1boot1: mmc1:0001 SEM32G partition 2 4.00 MiB
- mmcblk0: p1 p2 p3
 mmcblk1rpmb: mmc1:0001 SEM32G partition 3 4.00 MiB
  mmcblk1: p1 p2 p3 p4 p5 p6 p7 p8
+usb2_vbus: supplied by vdd-sys-5v0
+VDD_5V0_HDMI_CON: supplied by vdd-sys-5v0
+[drm] Supports vblank timestamp caching Rev 2 (21.10.2013).
+[drm] No driver support for vblank timestamp query.
 Console: switching to colour frame buffer device 240x75
 drm drm: fb0:  frame buffer device
 [drm] Initialized tegra 0.0.0 20120330 on minor 0
@@ -329,7 +329,7 @@
 hub 1-0:1.0: USB hub found
 hub 1-0:1.0: 1 port detected
 input: gpio-keys as /devices/soc0/gpio-keys/input/input0
-palmas-rtc 7000d000.i2c:tps65913@58:rtc: setting system clock to 2000-08-19 14:48:53 UTC (966696533)
+palmas-rtc 7000d000.i2c:tps65913@58:rtc: setting system clock to 2000-08-20 15:03:21 UTC (966783801)
 dvdd_ts: disabling
 usb1_vbus: disabling
 vdd_cam_1v8_reg: disabling
@@ -338,7 +338,7 @@
 EXT4-fs (mmcblk1p1): mounted filesystem with ordered data mode. Opts: (null)
 VFS: Mounted root (ext3 filesystem) on device 179:17.
 devtmpfs: mounted
-Freeing unused kernel memory: 2048K (c1100000 - c1300000)
+Freeing unused kernel memory: 2048K
 bash: cannot set terminal process group (-1): Inappropriate ioctl for device
 bash: no job control in this shell
-root@(none):/# [    2.470162] usb 1-1: new high-speed USB device number 2 using tegra-ehci
+root@(none):/# [    2.470371] usb 1-1: new high-speed USB device number 2 using tegra-ehci
Diff for ./tegra114-dalmore-a04/tegra114-dalmore/tegra_defconfig_log.txt
--- /tmp/fooa	2016-10-26 20:42:43.854167779 -0700
+++ /tmp/foob	2016-10-26 20:42:43.854167779 -0700
@@ -14,7 +14,7 @@
 Err:   serial
 Net:   Net Initialization Skipped
 No ethernet found.
-Hit any key to stop autoboot:  2  1  0 
+Hit any key to stop autoboot:  2  0 
 Tegra114 (Dalmore) # 
 Tegra114 (Dalmore) # usb reset
 (Re)start USB...
@@ -36,10 +36,10 @@
 	 #################################################################
 	 #################################################################
 	 #################################################################
-	 ################################################
+	 ###############################################
 	 3.2 MiB/s
 done
-Bytes transferred = 5461024 (535420 hex)
+Bytes transferred = 5459776 (534f40 hex)
 Tegra114 (Dalmore) # tftpboot 0x82000000 tegra114-dalmore.dtb
 Using asx0 device
 TFTP from server 192.168.100.1; our IP address is 192.168.100.100
@@ -50,7 +50,7 @@
 done
 Bytes transferred = 35044 (88e4 hex)
 Tegra114 (Dalmore) # bootz 0x81000000 - 0x82000000
-Kernel image @ 0x81000000 [ 0x000000 - 0x535420 ]
+Kernel image @ 0x81000000 [ 0x000000 - 0x534f40 ]
 ## Flattened Device Tree blob at 82000000
    Booting using the fdt blob at 0x82000000
    Loading Device Tree to 8fff4000, end 8ffff8e3 ... OK
@@ -59,7 +59,7 @@
 
 Uncompressing Linux... done, booting the kernel.
 Booting Linux on physical CPU 0x0
-Linux version 4.9.0-rc2-next-20161026-130041-g44c67c2 (pwalmsley@kaivo) (gcc version 4.7.3 20130328 (prerelease) (crosstool-NG linaro-1.13.1-4.7-2013.04-20130415 - Linaro GCC 2013.04) ) #1 SMP PREEMPT Tue Oct 25 20:19:20 PDT 2016
+Linux version 4.9.0-rc2-next-20161027-130217-g58308d9 (pwalmsley@kaivo) (gcc version 4.7.3 20130328 (prerelease) (crosstool-NG linaro-1.13.1-4.7-2013.04-20130415 - Linaro GCC 2013.04) ) #1 SMP PREEMPT Wed Oct 26 20:33:51 PDT 2016
 CPU: ARMv7 Processor [412fc0f2] revision 2 (ARMv7), cr=10c5387d
 CPU: div instructions available: patching division code
 CPU: PIPT / VIPT nonaliasing data cache, PIPT instruction cache
@@ -132,7 +132,7 @@
 NET: Registered protocol family 16
 DMA: preallocated 256 KiB pool for atomic coherent allocations
 cpuidle: using governor menu
-No ATAGs?[    0.548108] hw-breakpoint: found 5 (+1 reserved) breakpoint and 4 watchpoint registers.
+No ATAGs?[    0.547980] hw-breakpoint: found 5 (+1 reserved) breakpoint and 4 watchpoint registers.
 hw-breakpoint: maximum watchpoint size is 8 bytes.
 tegra-mc 70019000.memory-controller: no memory timings for RAM code 3 registered
 dvdd_ts: Failed to request enable GPIO61: -517
@@ -279,9 +279,9 @@
 usbhid: USB HID core driver
 mmc0: new high speed SDHC card at address aaaa
 mmcblk0: mmc0:aaaa SL16G 14.8 GiB 
+ mmcblk0: p1 p2 p3
 mmc1: new high speed MMC card at address 0001
 mmcblk1: mmc1:0001 SEM32G 29.1 GiB 
- mmcblk0: p1 p2 p3
 mmcblk1boot0: mmc1:0001 SEM32G partition 1 4.00 MiB
 mmcblk1boot1: mmc1:0001 SEM32G partition 2 4.00 MiB
 mmcblk1rpmb: mmc1:0001 SEM32G partition 3 4.00 MiB
@@ -322,7 +322,7 @@
 hub 1-0:1.0: USB hub found
 hub 1-0:1.0: 1 port detected
 input: gpio-keys as /devices/soc0/gpio-keys/input/input1
-palmas-rtc 7000d000.i2c:tps65913@58:rtc: setting system clock to 2000-08-19 14:46:10 UTC (966696370)
+palmas-rtc 7000d000.i2c:tps65913@58:rtc: setting system clock to 2000-08-20 15:00:43 UTC (966783643)
 dvdd_ts: disabling
 usb1_vbus: disabling
 vdd_cam_1v8_reg: disabling
@@ -333,8 +333,8 @@
 EXT4-fs (mmcblk1p1): mounted filesystem with ordered data mode. Opts: (null)
 VFS: Mounted root (ext3 filesystem) on device 179:17.
 devtmpfs: mounted
-Freeing unused kernel memory: 1024K (c0c00000 - c0d00000)
+Freeing unused kernel memory: 1024K
 bash: cannot set terminal process group (-1): Inappropriate ioctl for device
 bash: no job control in this shell
-root@(none):/# [    2.886640] usb 1-1: new high-speed USB device number 2 using tegra-ehci
+root@(none):/# [    2.876404] usb 1-1: new high-speed USB device number 2 using tegra-ehci
 asix 1-1:1.0 eth0: register 'asix' at usb-7d008000.usb-1, ASIX AX88772 USB 2.0 Ethernet, 00:50:b6:0d:b5:16
Diff for ./tegra124-jetson-tk1/tegra124-jetson-tk1/multi_v7_defconfig_log.txt
--- /tmp/fooa	2016-10-26 20:42:43.858167791 -0700
+++ /tmp/foob	2016-10-26 20:42:43.862167801 -0700
@@ -9,7 +9,7 @@
 Model: NVIDIA Jetson TK1
 Board: NVIDIA Jetson TK1
 DRAM:  2 GiB
-MC:   Tegra SD/MMC: 0, Tegra SD/MMC: 1
+MMC:   Tegra SD/MMC: 0, Tegra SD/MMC: 1
 In:    serial
 Out:   serial
 Err:   serial
@@ -33,10 +33,10 @@
 	 #################################################################
 	 #################################################################
 	 #################################################################
-	 ###########################################
-	 3.3 MiB/s
+	 ##########################################
+	 4 MiB/s
 done
-Bytes transferred = 7296856 (6f5758 hex)
+Bytes transferred = 7295440 (6f51d0 hex)
 Tegra124 (Jetson TK1) # tftpboot 0x83000000 tegra124-jetson-tk1.dtb
 Using eth_rtl8169 device
 TFTP from server 192.168.100.1; our IP address is 192.168.100.102
@@ -47,7 +47,7 @@
 done
 Bytes transferred = 67133 (1063d hex)
 Tegra124 (Jetson TK1) # bootz 0x82000000 - 0x83000000
-Kernel image @ 0x82000000 [ 0x000000 - 0x6f5758 ]
+Kernel image @ 0x82000000 [ 0x000000 - 0x6f51d0 ]
 ## Flattened Device Tree blob at 83000000
    Booting using the fdt blob at 0x83000000
    Using Device Tree in place at 83000000, end 8301363c
@@ -55,7 +55,7 @@
 Starting kernel ...
 
 Booting Linux on physical CPU 0x0
-Linux version 4.9.0-rc2-next-20161026-130041-g44c67c2 (pwalmsley@sellafield) (gcc version 4.7.3 20130328 (prerelease) (crosstool-NG linaro-1.13.1-4.7-2013.04-20130415 - Linaro GCC 2013.04) ) #1 SMP Tue Oct 25 20:19:28 PDT 2016
+Linux version 4.9.0-rc2-next-20161027-130217-g58308d9 (pwalmsley@sellafield) (gcc version 4.7.3 20130328 (prerelease) (crosstool-NG linaro-1.13.1-4.7-2013.04-20130415 - Linaro GCC 2013.04) ) #1 SMP Wed Oct 26 20:34:04 PDT 2016
 CPU: ARMv7 Processor [413fc0f3] revision 3 (ARMv7), cr=10c5387d
 CPU: div instructions available: patching division code
 CPU: PIPT / VIPT nonaliasing data cache, PIPT instruction cache
@@ -79,7 +79,7 @@
 PID hash table entries: 4096 (order: 2, 16384 bytes)
 Dentry cache hash table entries: 131072 (order: 7, 524288 bytes)
 Inode-cache hash table entries: 65536 (order: 6, 262144 bytes)
-Memory: 1994936K/2096128K available (9216K kernel code, 1185K rwdata, 4080K rodata, 2048K init, 343K bss, 35656K reserved, 65536K cma-reserved, 1244160K highmem)
+Memory: 1994936K/2096128K available (9216K kernel code, 1185K rwdata, 4076K rodata, 2048K init, 343K bss, 35656K reserved, 65536K cma-reserved, 1244160K highmem)
 Virtual kernel memory layout:
     vector  : 0xffff0000 - 0xffff1000   (   4 kB)
     fixmap  : 0xffc00000 - 0xfff00000   (3072 kB)
@@ -426,23 +426,23 @@
 [drm] No driver support for vblank timestamp query.
 drm drm: No connectors reported connected with modes
 [drm] Cannot find any crtc or sizes - going 1024x768
-ata1: SATA link down (SStatus 0 SControl 300)
 mmc1: new high speed SDHC card at address aaaa
 mmcblk1: mmc1:aaaa SD04G 3.69 GiB 
+ata1: SATA link down (SStatus 0 SControl 300)
  mmcblk1: p1 p2 p3
+Console: switching to colour frame buffer device 128x48
+drm drm: fb0:  frame buffer device
 mmcblk0: mmc0:0001 SEM16G 14.7 GiB 
 mmcblk0boot0: mmc0:0001 SEM16G partition 1 4.00 MiB
 mmcblk0boot1: mmc0:0001 SEM16G partition 2 4.00 MiB
 mmcblk0rpmb: mmc0:0001 SEM16G partition 3 4.00 MiB
-Console: switching to colour frame buffer device 128x48
  mmcblk0: p1
-drm drm: fb0:  frame buffer device
 [drm] Initialized tegra 0.0.0 20120330 on minor 0
 of: dev_pm_opp_of_cpumask_add_table: couldn't find opp table for cpu:0, -19
 cpufreq: cpufreq_online: CPU0: Running at unlisted freq: 696000 KHz
 cpufreq: cpufreq_online: CPU0: Unlisted initial frequency changed to: 714000 KHz
 input: gpio-keys as /devices/soc0/gpio-keys/input/input0
-as3722-rtc as3722-rtc: setting system clock to 2000-01-01 00:02:37 UTC (946684957)
+as3722-rtc as3722-rtc: setting system clock to 2000-01-01 00:01:56 UTC (946684916)
 +USB0_VBUS_SW: disabling
 +1.8V_RUN_CAM: disabling
 +2.8V_RUN_CAM: disabling
@@ -456,7 +456,7 @@
 EXT4-fs (mmcblk0p1): mounted filesystem with ordered data mode. Opts: (null)
 VFS: Mounted root (ext3 filesystem) on device 179:17.
 devtmpfs: mounted
-Freeing unused kernel memory: 2048K (c1100000 - c1300000)
+Freeing unused kernel memory: 2048K
 bash: cannot set terminal process group (-1): Inappropriate ioctl for device
 bash: no job control in this shell
 root@(none):/# 
\ No newline at end of file
Diff for ./tegra124-jetson-tk1/tegra124-jetson-tk1/tegra_defconfig_log.txt
--- /tmp/fooa	2016-10-26 20:42:43.870167824 -0700
+++ /tmp/foob	2016-10-26 20:42:43.870167824 -0700
@@ -31,10 +31,10 @@
 	 #################################################################
 	 #################################################################
 	 #################################################################
-	 ################################################
+	 ###############################################
 	 4 MiB/s
 done
-Bytes transferred = 5461024 (535420 hex)
+Bytes transferred = 5459776 (534f40 hex)
 Tegra124 (Jetson TK1) # tftpboot 0x83000000 tegra124-jetson-tk1.dtb
 Using eth_rtl8169 device
 TFTP from server 192.168.100.1; our IP address is 192.168.100.102
@@ -45,7 +45,7 @@
 done
 Bytes transferred = 67133 (1063d hex)
 Tegra124 (Jetson TK1) # bootz 0x82000000 - 0x83000000
-Kernel image @ 0x82000000 [ 0x000000 - 0x535420 ]
+Kernel image @ 0x82000000 [ 0x000000 - 0x534f40 ]
 ## Flattened Device Tree blob at 83000000
    Booting using the fdt blob at 0x83000000
    Using Device Tree in place at 83000000, end 8301363c
@@ -54,7 +54,7 @@
 
 Uncompressing Linux... done, booting the kernel.
 Booting Linux on physical CPU 0x0
-Linux version 4.9.0-rc2-next-20161026-130041-g44c67c2 (pwalmsley@kaivo) (gcc version 4.7.3 20130328 (prerelease) (crosstool-NG linaro-1.13.1-4.7-2013.04-20130415 - Linaro GCC 2013.04) ) #1 SMP PREEMPT Tue Oct 25 20:19:20 PDT 2016
+Linux version 4.9.0-rc2-next-20161027-130217-g58308d9 (pwalmsley@kaivo) (gcc version 4.7.3 20130328 (prerelease) (crosstool-NG linaro-1.13.1-4.7-2013.04-20130415 - Linaro GCC 2013.04) ) #1 SMP PREEMPT Wed Oct 26 20:33:51 PDT 2016
 CPU: ARMv7 Processor [413fc0f3] revision 3 (ARMv7), cr=10c5387d
 CPU: div instructions available: patching division code
 CPU: PIPT / VIPT nonaliasing data cache, PIPT instruction cache
@@ -127,7 +127,7 @@
 NET: Registered protocol family 16
 DMA: preallocated 256 KiB pool for atomic coherent allocations
 cpuidle: using governor menu
-No ATAGs?[    0.603063] hw-breakpoint: found 5 (+1 reserved) breakpoint and 4 watchpoint registers.
+No ATAGs?[    0.602900] hw-breakpoint: found 5 (+1 reserved) breakpoint and 4 watchpoint registers.
 hw-breakpoint: maximum watchpoint size is 8 bytes.
 +5V_SYS: supplied by +VDD_MUX
 +3.3V_SYS: supplied by +VDD_MUX
@@ -381,8 +381,8 @@
 mmc1: SDHCI controller on 700b0400.sdhci [700b0400.sdhci] using ADMA
 tegra-pcie 1003000.pcie-controller: 2x1, 1x1 configuration
 tegra-pcie 1003000.pcie-controller: probing port 0, using 2 lanes
-tegra-pcie 1003000.pcie-controller: Slot present pin change, signature: 00000008
 ata1: SATA link down (SStatus 0 SControl 300)
+tegra-pcie 1003000.pcie-controller: Slot present pin change, signature: 00000008
 tegra-pcie 1003000.pcie-controller: probing port 1, using 1 lanes
 tegra-pcie 1003000.pcie-controller: Slot present pin change, signature: 00000000
 tegra-pcie 1003000.pcie-controller: PCI host bridge to bus 0000:00
@@ -408,6 +408,8 @@
 pci 0000:02:00.0: reg 0x20: [mem 0x00000000-0x00003fff 64bit pref]
 pci 0000:02:00.0: supports D1 D2
 pci 0000:02:00.0: PME# supported from D0 D1 D2 D3hot D3cold
+mmc1: new high speed SDHC card at address aaaa
+mmcblk1: mmc1:aaaa SD04G 3.69 GiB 
 PCI: bus2: Fast back to back transfers disabled
 pci_bus 0000:02: busn_res: [bus 02-ff] end is updated to 02
 pci 0000:00:01.0: BAR 8: assigned [mem 0x13000000-0x130fffff]
@@ -417,14 +419,13 @@
 pci 0000:01:00.0: BAR 0: assigned [mem 0x13000000-0x13001fff 64bit]
 pci 0000:00:01.0: PCI bridge to [bus 01]
 pci 0000:00:01.0:   bridge window [mem 0x13000000-0x130fffff]
+ mmcblk1: p1 p2 p3
 pci 0000:02:00.0: BAR 4: assigned [mem 0x20000000-0x20003fff 64bit pref]
 pci 0000:02:00.0: BAR 2: assigned [mem 0x13100000-0x13100fff 64bit]
 pci 0000:02:00.0: BAR 0: assigned [io  0x1000-0x10ff]
 pci 0000:00:02.0: PCI bridge to [bus 02]
 pci 0000:00:02.0:   bridge window [io  0x1000-0x1fff]
-mmc1: new high speed SDHC card at address aaaa
 pci 0000:00:02.0:   bridge window [mem 0x13100000-0x131fffff]
-mmcblk1: mmc1:aaaa SD04G 3.69 GiB 
 pci 0000:00:02.0:   bridge window [mem 0x20000000-0x200fffff 64bit pref]
 pci 0000:00:01.0: nv_msi_ht_cap_quirk didn't locate host bridge
 pcieport 0000:00:01.0: enabling device (0140 -> 0142)
@@ -434,7 +435,6 @@
 pci 0000:00:02.0: nv_msi_ht_cap_quirk didn't locate host bridge
 pcieport 0000:00:02.0: enabling device (0140 -> 0143)
 pcieport 0000:00:02.0: Signaling PME through PCIe PME interrupt
- mmcblk1: p1 p2 p3
 pci 0000:02:00.0: Signaling PME through PCIe PME interrupt
 pcie_pme 0000:00:02.0:pcie001: service driver pcie_pme loaded
 r8169 Gigabit Ethernet driver 2.3LK-NAPI loaded
@@ -468,7 +468,7 @@
 EXT4-fs (mmcblk0p1): mounted filesystem with ordered data mode. Opts: (null)
 VFS: Mounted root (ext3 filesystem) on device 179:1.
 devtmpfs: mounted
-Freeing unused kernel memory: 1024K (c0c00000 - c0d00000)
+Freeing unused kernel memory: 1024K
 bash: cannot set terminal process group (-1): Inappropriate ioctl for device
 bash: no job control in this shell
 root@(none):/# 
\ No newline at end of file
Diff for ./tegra124-nyan-big/tegra124-nyan-big/multi_v7_defconfig_log.txt
--- /tmp/fooa	2016-10-26 20:42:43.878167847 -0700
+++ /tmp/foob	2016-10-26 20:42:43.878167847 -0700
@@ -40,10 +40,10 @@
 	 #################################################################
 	 #################################################################
 	 #################################################################
-	 ###########################################
-	 3.4 MiB/s
+	 ##########################################
+	 3.6 MiB/s
 done
-Bytes transferred = 7296856 (6f5758 hex)
+Bytes transferred = 7295440 (6f51d0 hex)
 Tegra124 (Nyan-big) # tftpboot 0x83000000 tegra124-nyan-big.dtb
 Using asx0 device
 TFTP from server 192.168.100.1; our IP address is 192.168.100.102
@@ -54,7 +54,7 @@
 done
 Bytes transferred = 67899 (1093b hex)
 Tegra124 (Nyan-big) # bootz 0x82000000 - 0x83000000
-Kernel image @ 0x82000000 [ 0x000000 - 0x6f5758 ]
+Kernel image @ 0x82000000 [ 0x000000 - 0x6f51d0 ]
 ## Flattened Device Tree blob at 83000000
    Booting using the fdt blob at 0x83000000
    Using Device Tree in place at 83000000, end 8301393a
@@ -62,7 +62,7 @@
 Starting kernel ...
 
 Booting Linux on physical CPU 0x0
-Linux version 4.9.0-rc2-next-20161026-130041-g44c67c2 (pwalmsley@sellafield) (gcc version 4.7.3 20130328 (prerelease) (crosstool-NG linaro-1.13.1-4.7-2013.04-20130415 - Linaro GCC 2013.04) ) #1 SMP Tue Oct 25 20:19:28 PDT 2016
+Linux version 4.9.0-rc2-next-20161027-130217-g58308d9 (pwalmsley@sellafield) (gcc version 4.7.3 20130328 (prerelease) (crosstool-NG linaro-1.13.1-4.7-2013.04-20130415 - Linaro GCC 2013.04) ) #1 SMP Wed Oct 26 20:34:04 PDT 2016
 CPU: ARMv7 Processor [413fc0f3] revision 3 (ARMv7), cr=10c5387d
 CPU: div instructions available: patching division code
 CPU: PIPT / VIPT nonaliasing data cache, PIPT instruction cache
@@ -87,7 +87,7 @@
 PID hash table entries: 4096 (order: 2, 16384 bytes)
 Dentry cache hash table entries: 131072 (order: 7, 524288 bytes)
 Inode-cache hash table entries: 65536 (order: 6, 262144 bytes)
-Memory: 1995952K/2097148K available (9216K kernel code, 1185K rwdata, 4080K rodata, 2048K init, 343K bss, 35660K reserved, 65536K cma-reserved, 1245180K highmem)
+Memory: 1995952K/2097148K available (9216K kernel code, 1185K rwdata, 4076K rodata, 2048K init, 343K bss, 35660K reserved, 65536K cma-reserved, 1245180K highmem)
 Virtual kernel memory layout:
     vector  : 0xffff0000 - 0xffff1000   (   4 kB)
     fixmap  : 0xffc00000 - 0xfff00000   (3072 kB)
@@ -306,6 +306,8 @@
 mmc0: SDHCI controller on 700b0600.sdhci [700b0600.sdhci] using ADMA
 ledtrig-cpu: registered to indicate activity on CPUs
 usbcore: registered new interface driver usbhid
+elan_i2c 1-0015: Elan Touchpad: Module ID: 0x002a, Firmware: 0x0005, Sample: 0x0007, IAP: 0x0009
+input: Elan Touchpad as /devices/soc0/7000c400.i2c/i2c-1/1-0015/input/input0
 usbhid: USB HID core driver
 NET: Registered protocol family 10
 sit: IPv6, IPv4 and MPLS over IPv4 tunneling driver
@@ -321,23 +323,23 @@
 +3.3V_RUN: supplied by +3.3V_SYS
 +3.3V_AVDD_HDMI_AP_GATED: supplied by +3.3V_RUN
 +1.8V_RUN_CAM: supplied by +3.3V_RUN
-input: Elan Touchpad as /devices/soc0/7000c400.i2c/i2c-1/1-0015/input/input0
 +VDDIO_SDMMC3: supplied by +3.3V_RUN
 +1.8V_RUN_VPP_FUSE: supplied by +3.3V_RUN
 +VDD_LED: supplied by +VDD_MUX
 +5V_VDD_TS_SW: supplied by +5V_SYS
 +5V_USB_HS: supplied by +5V_SYS
 +5V_USB_SS: supplied by +5V_SYS
++3.3V_PANEL: supplied by +3.3V_RUN
++3.3V_LP0: supplied by +3.3V_SYS
 mmc0: new high speed MMC card at address 0001
 mmcblk0: mmc0:0001 MMC16G 14.4 GiB 
 mmcblk0boot0: mmc0:0001 MMC16G partition 1 2.00 MiB
 mmcblk0boot1: mmc0:0001 MMC16G partition 2 2.00 MiB
 mmcblk0rpmb: mmc0:0001 MMC16G partition 3 128 KiB
  mmcblk0: p1 p2 p3 p4 p5 p6 p7 p8 p9 p10 p11 p12
-+3.3V_PANEL: supplied by +3.3V_RUN
-+3.3V_LP0: supplied by +3.3V_SYS
 +1.05V_RUN_AVDD_HDMI_PLL: supplied by +1.05V_RUN
 elan_i2c 1-0015: failed to read report data: -121
+elan_i2c 1-0015: failed to read report data: -121
 +5V_HDMI_CON: supplied by +5V_SYS
 usb3-0 supply vbus not found, using dummy regulator
 usb3-1 supply vbus not found, using dummy regulator
@@ -387,7 +389,7 @@
 EXT4-fs (mmcblk0p3): mounted filesystem with ordered data mode. Opts: (null)
 VFS: Mounted root (ext4 filesystem) on device 179:3.
 devtmpfs: mounted
-Freeing unused kernel memory: 2048K (c1100000 - c1300000)
+Freeing unused kernel memory: 2048K
 bash: cannot set terminal process group (-1): Inappropriate ioctl for device
 bash: no job control in this shell
 root@(none):/# 
\ No newline at end of file
Diff for ./tegra124-nyan-big/tegra124-nyan-big/tegra_defconfig_log.txt
--- /tmp/fooa	2016-10-26 20:42:43.886167870 -0700
+++ /tmp/foob	2016-10-26 20:42:43.886167870 -0700
@@ -5,7 +5,7 @@
 TEGRA124
 Model: Acer Chromebook 13 CB5-311
 DRAM:  4 GiB
-:   Tegra SD/MMC: 0, Tegra SD/MMC: 1, Tegra SD/MMC: 2
+C:   Tegra SD/MMC: 0, Tegra SD/MMC: 1, Tegra SD/MMC: 2
 MMC init failed
 Using default environment
 
@@ -38,10 +38,10 @@
 	 #################################################################
 	 #################################################################
 	 #################################################################
-	 ################################################
+	 ###############################################
 	 3.5 MiB/s
 done
-Bytes transferred = 5461024 (535420 hex)
+Bytes transferred = 5459776 (534f40 hex)
 Tegra124 (Nyan-big) # tftpboot 0x83000000 tegra124-nyan-big.dtb
 Using asx0 device
 TFTP from server 192.168.100.1; our IP address is 192.168.100.102
@@ -52,7 +52,7 @@
 done
 Bytes transferred = 67899 (1093b hex)
 Tegra124 (Nyan-big) # bootz 0x82000000 - 0x83000000
-Kernel image @ 0x82000000 [ 0x000000 - 0x535420 ]
+Kernel image @ 0x82000000 [ 0x000000 - 0x534f40 ]
 ## Flattened Device Tree blob at 83000000
    Booting using the fdt blob at 0x83000000
    Using Device Tree in place at 83000000, end 8301393a
@@ -254,10 +254,10 @@
 EXT4-fs (mmcblk0p3): mounted filesystem with ordered data mode. Opts: (null)
 VFS: Mounted root (ext4 filesystem) on device 179:3.
 devtmpfs: mounted
-Freeing unused kernel memory: 1024K (c0c00000 - c0d00000)
+Freeing unused kernel memory: 1024K
 bash: cannot set terminal process group (-1): Inappropriate ioctl for device
 bash: no job control in this shell
-root@(none):/# [    2.547069] usb 1-3: new high-speed USB device number 3 using tegra-xusb
+root@(none):/# [    2.537075] usb 1-3: new high-speed USB device number 3 using tegra-xusb
 asix 1-3:1.0 eth0: register 'asix' at usb-70090000.usb-3, ASIX AX88772 USB 2.0 Ethernet, c8:d7:19:90:fa:65
 usb 1-1: new high-speed USB device number 4 using tegra-xusb
 usb-storage 1-1:1.0: USB Mass Storage device detected
Diff for ./tegra132-norrin/tegra132-norrin/defconfig_log.txt
--- /tmp/fooa	2016-10-26 20:42:43.890167881 -0700
+++ /tmp/foob	2016-10-26 20:42:43.894167892 -0700
@@ -31,7 +31,7 @@
 MSENC clock is set to  79200 KHz
 Vde clock is set to 204000 KHz
 
-Bootloader-Cpu Init at (time stamp): 1801492 us
+Bootloader-Cpu Init at (time stamp): 1801575 us
 
 Pinmux changes applied in kernel way
 
@@ -59,23 +59,23 @@
 The proc BoardInfo: 0x0176:0x0001:0x01:0x43:0x00
 FastbootAddAtag: setting ATAG (0)
 
-Board Id Read Time: 4 us
+Board Id Read Time: 3 us
 Power Rail enable Time: 1 us
 
-Miscellaneous avp time: 1801465  us
-Bootloader (AosInit) time: 733528 us
-Bootloader Main Init time: 180147 us
-BlockDevMgrInit time: 157535 us
-PartMgrInit time: 9 us
-StorMgrInit time: 30 us
+Miscellaneous avp time: 1801549  us
+Bootloader (AosInit) time: 733481 us
+Bootloader Main Init time: 180221 us
+BlockDevMgrInit time: 157527 us
+PartMgrInit time: 8 us
+StorMgrInit time: 31 us
 FsMgrInit time: 2 us
-Partition Table load: 77106 us 
-Display init time: 574430 us
+Partition Table load: 77133 us 
+Display init time: 574467 us
 Kernel read time: 378 msec
 Load Kernel Size:   16304128 Bytes
 Bl Kernel ReadSpeed: 43132000 Bytes/sec
-Pre-Kernel Jump time: 1740345 us
-Clearing 32 Bit State and Warm resetting to 64bit mode: 5843253 us
+Pre-Kernel Jump time: 1740535 us
+Clearing 32 Bit State and Warm resetting to 64bit mode: 5843429 us
 Booting Linux on physical CPU 0x0
 Linux version 4.8.0-239303-g3477d16 (pwalmsley@tamien) (gcc version 4.9.2 20140904 (prerelease) (crosstool-NG linaro-1.13.1-4.9-2014.09 - Linaro GCC 4.9-2014.09) ) #1 SMP PREEMPT Fri Oct 7 01:12:37 PDT 2016
 Boot CPU: AArch64 Processor [4e0f0000]
@@ -184,7 +184,7 @@
 kvm [1]: HYP mode not available
 futex hash table entries: 256 (order: 3, 32768 bytes)
 audit: initializing netlink subsys (disabled)
-audit: type=2000 audit(1.151:1): initialized
+audit: type=2000 audit(1.179:1): initialized
 workingset: timestamp_bits=46 max_order=19 bucket_order=0
 squashfs: version 4.0 (2009/01/31) Phillip Lougher
 NFS: Registering the id_resolver key type
@@ -251,10 +251,11 @@
 mmc0: new high speed MMC card at address 0001
 mmcblk0: mmc0:0001 SEM16G 14.7 GiB 
 mmcblk0boot0: mmc0:0001 SEM16G partition 1 4.00 MiB
-+VDD_LED: supplied by +VDD_MUX
 mmcblk0boot1: mmc0:0001 SEM16G partition 2 4.00 MiB
-mmcblk0rpmb: mmc0:0001 SEM16G partition 3 4.00 MiB
++VDD_LED: supplied by +VDD_MUX
 +5V_USB_HS: supplied by +5V_SYS
+mmcblk0rpmb: mmc0:0001 SEM16G partition 3 4.00 MiB
+ mmcblk0: p1 p2 p3 p4 p5 p6 p7 p8
 +5V_USB_SS: supplied by +5V_SYS
 +5V_HDMI_CON: supplied by +5V_SYS
 sdhci-tegra 700b0400.sdhci: Got CD GPIO
@@ -272,9 +273,6 @@
 Freeing unused kernel memory: 960K (ffff800000c00000 - ffff800000cf0000)
 sdhci-tegra 700b0400.sdhci: Got CD GPIO
 sdhci-tegra 700b0400.sdhci: Got WP GPIO
- mmcblk0: p1 p2 p3 p4 p5 p6 p7 p8
-sdhci-tegra 700b0400.sdhci: Got CD GPIO
-sdhci-tegra 700b0400.sdhci: Got WP GPIO
 
 System initialization...
 
Diff for ./tegra20-trimslice/tegra20-trimslice/multi_v7_defconfig_log.txt
--- /tmp/fooa	2016-10-26 20:42:43.898167903 -0700
+++ /tmp/foob	2016-10-26 20:42:43.902167915 -0700
@@ -46,10 +46,10 @@
 	 #################################################################
 	 #################################################################
 	 #################################################################
-	 ###########################################
-	 4.1 MiB/s
+	 ##########################################
+	 4 MiB/s
 done
-Bytes transferred = 7296856 (6f5758 hex)
+Bytes transferred = 7295440 (6f51d0 hex)
 Tegra20 (TrimSlice) # tftpboot 0x02408000 tegra20-trimslice.dtb
 Using RTL8169#0 device
 TFTP from server 192.168.100.1; our IP address is 192.168.100.103
@@ -60,7 +60,7 @@
 done
 Bytes transferred = 21172 (52b4 hex)
 Tegra20 (TrimSlice) # bootz 0x00408000 - 0x02408000
-Kernel image @ 0x408000 [ 0x000000 - 0x6f5758 ]
+Kernel image @ 0x408000 [ 0x000000 - 0x6f51d0 ]
 ## Flattened Device Tree blob at 02408000
    Booting using the fdt blob at 0x2408000
    Using Device Tree in place at 02408000, end 024102b3
@@ -68,7 +68,7 @@
 Starting kernel ...
 
 Booting Linux on physical CPU 0x0
-Linux version 4.9.0-rc2-next-20161026-130041-g44c67c2 (pwalmsley@sellafield) (gcc version 4.7.3 20130328 (prerelease) (crosstool-NG linaro-1.13.1-4.7-2013.04-20130415 - Linaro GCC 2013.04) ) #1 SMP Tue Oct 25 20:19:28 PDT 2016
+Linux version 4.9.0-rc2-next-20161027-130217-g58308d9 (pwalmsley@sellafield) (gcc version 4.7.3 20130328 (prerelease) (crosstool-NG linaro-1.13.1-4.7-2013.04-20130415 - Linaro GCC 2013.04) ) #1 SMP Wed Oct 26 20:34:04 PDT 2016
 CPU: ARMv7 Processor [411fc090] revision 0 (ARMv7), cr=10c5387d
 CPU: PIPT / VIPT nonaliasing data cache, VIPT aliasing instruction cache
 OF: fdt:Machine model: Compulab TrimSlice board
@@ -91,7 +91,7 @@
 PID hash table entries: 4096 (order: 2, 16384 bytes)
 Dentry cache hash table entries: 131072 (order: 7, 524288 bytes)
 Inode-cache hash table entries: 65536 (order: 6, 262144 bytes)
-Memory: 955880K/1048576K available (9216K kernel code, 1185K rwdata, 4080K rodata, 2048K init, 343K bss, 27160K reserved, 65536K cma-reserved, 196608K highmem)
+Memory: 955880K/1048576K available (9216K kernel code, 1185K rwdata, 4076K rodata, 2048K init, 343K bss, 27160K reserved, 65536K cma-reserved, 196608K highmem)
 Virtual kernel memory layout:
     vector  : 0xffff0000 - 0xffff1000   (   4 kB)
     fixmap  : 0xffc00000 - 0xfff00000   (3072 kB)
@@ -327,28 +327,28 @@
 tegra-ehci c5000000.usb: irq 288, io mem 0xc5000000
 usb 1-1: new high-speed USB device number 2 using tegra-ehci
 mmc0: host does not support reading read-only switch, assuming write-enable
-mmc0: new high speed SDHC card at address b368
-mmcblk0: mmc0:b368 NCard 3.70 GiB 
- mmcblk0: p1
+tegra-ehci c5000000.usb: USB 2.0 started, EHCI 1.00
 mmc1: new high speed SD card at address b368
 mmcblk1: mmc1:b368 NCard 1.83 GiB (ro)
- mmcblk1: p1 p2
-tegra-ehci c5000000.usb: USB 2.0 started, EHCI 1.00
+mmc0: new high speed SDHC card at address b368
 hub 2-0:1.0: USB hub found
 hub 2-0:1.0: 1 port detected
+mmcblk0: mmc0:b368 NCard 3.70 GiB 
 input: gpio-keys as /devices/soc0/gpio-keys/input/input0
+ mmcblk1: p1 p2
+rtc-em3027 2-0056: setting system clock to 2015-02-05 20:47:44 UTC (1423169264)
+ mmcblk0: p1
+EXT4-fs (mmcblk0p1): mounting ext3 file system using the ext4 subsystem
 hub 1-1:1.0: USB hub found
 hub 1-1:1.0: 4 ports detected
-rtc-em3027 2-0056: setting system clock to 2015-02-05 20:44:38 UTC (1423169078)
-EXT4-fs (mmcblk0p1): mounting ext3 file system using the ext4 subsystem
 usb 1-1.2: new high-speed USB device number 3 using tegra-ehci
 random: fast init done
 asix 1-1.2:1.0 eth1: register 'asix' at usb-c5008000.usb-1.2, ASIX AX88772 USB 2.0 Ethernet, 00:60:6e:60:6c:68
 EXT4-fs (mmcblk0p1): recovery complete
 EXT4-fs (mmcblk0p1): mounted filesystem with ordered data mode. Opts: (null)
-VFS: Mounted root (ext3 filesystem) on device 179:1.
+VFS: Mounted root (ext3 filesystem) on device 179:17.
 devtmpfs: mounted
-Freeing unused kernel memory: 2048K (c1100000 - c1300000)
+Freeing unused kernel memory: 2048K
 bash: cannot set terminal process group (-1): Inappropriate ioctl for device
 bash: no job control in this shell
 root@(none):/# 
\ No newline at end of file
Diff for ./tegra20-trimslice/tegra20-trimslice/tegra_defconfig_log.txt
--- /tmp/fooa	2016-10-26 20:42:43.906167926 -0700
+++ /tmp/foob	2016-10-26 20:42:43.910167938 -0700
@@ -44,10 +44,10 @@
 	 #################################################################
 	 #################################################################
 	 #################################################################
-	 ################################################
-	 4 MiB/s
+	 ###############################################
+	 3.9 MiB/s
 done
-Bytes transferred = 5461024 (535420 hex)
+Bytes transferred = 5459776 (534f40 hex)
 Tegra20 (TrimSlice) # tftpboot 0x02408000 tegra20-trimslice.dtb
 Using RTL8169#0 device
 TFTP from server 192.168.100.1; our IP address is 192.168.100.103
@@ -58,7 +58,7 @@
 done
 Bytes transferred = 21172 (52b4 hex)
 Tegra20 (TrimSlice) # bootz 0x00408000 - 0x02408000
-Kernel image @ 0x408000 [ 0x000000 - 0x535420 ]
+Kernel image @ 0x408000 [ 0x000000 - 0x534f40 ]
 ## Flattened Device Tree blob at 02408000
    Booting using the fdt blob at 0x2408000
    Using Device Tree in place at 02408000, end 024102b3
@@ -67,7 +67,7 @@
 
 Uncompressing Linux... done, booting the kernel.
 Booting Linux on physical CPU 0x0
-Linux version 4.9.0-rc2-next-20161026-130041-g44c67c2 (pwalmsley@kaivo) (gcc version 4.7.3 20130328 (prerelease) (crosstool-NG linaro-1.13.1-4.7-2013.04-20130415 - Linaro GCC 2013.04) ) #1 SMP PREEMPT Tue Oct 25 20:19:20 PDT 2016
+Linux version 4.9.0-rc2-next-20161027-130217-g58308d9 (pwalmsley@kaivo) (gcc version 4.7.3 20130328 (prerelease) (crosstool-NG linaro-1.13.1-4.7-2013.04-20130415 - Linaro GCC 2013.04) ) #1 SMP PREEMPT Wed Oct 26 20:33:51 PDT 2016
 CPU: ARMv7 Processor [411fc090] revision 0 (ARMv7), cr=10c5387d
 CPU: PIPT / VIPT nonaliasing data cache, VIPT aliasing instruction cache
 OF: fdt:Machine model: Compulab TrimSlice board
@@ -138,7 +138,7 @@
 NET: Registered protocol family 16
 DMA: preallocated 256 KiB pool for atomic coherent allocations
 cpuidle: using governor menu
-No ATAGs?[    0.358013] hw-breakpoint: found 5 (+1 reserved) breakpoint and 1 watchpoint registers.
+No ATAGs?[    0.361645] hw-breakpoint: found 5 (+1 reserved) breakpoint and 1 watchpoint registers.
 hw-breakpoint: maximum watchpoint size is 4 bytes.
 usb1_vbus: Failed to request enable GPIO170: -517
 reg-fixed-voltage regulators:regulator@2: Failed to register regulator: -517
@@ -338,11 +338,11 @@
 hub 2-0:1.0: USB hub found
 hub 2-0:1.0: 1 port detected
 input: gpio-keys as /devices/soc0/gpio-keys/input/input0
-hub 1-1:1.0: USB hub found
-rtc-em3027 2-0056: setting system clock to 2015-02-05 20:43:07 UTC (1423168987)
-hub 1-1:1.0: 4 ports detected
+rtc-em3027 2-0056: setting system clock to 2015-02-05 20:46:09 UTC (1423169169)
 ALSA device list:
   #0: tegra-trimslice
+hub 1-1:1.0: USB hub found
+hub 1-1:1.0: 4 ports detected
 EXT4-fs (mmcblk0p1): mounting ext3 file system using the ext4 subsystem
 usb 1-1.2: new high-speed USB device number 3 using tegra-ehci
 random: fast init done
@@ -351,7 +351,7 @@
 EXT4-fs (mmcblk0p1): mounted filesystem with ordered data mode. Opts: (null)
 VFS: Mounted root (ext3 filesystem) on device 179:1.
 devtmpfs: mounted
-Freeing unused kernel memory: 1024K (c0c00000 - c0d00000)
+Freeing unused kernel memory: 1024K
 bash: cannot set terminal process group (-1): Inappropriate ioctl for device
 bash: no job control in this shell
 root@(none):/# 
\ No newline at end of file
Diff for ./tegra210-p2371-0000/tegra210-p2371-0000/defconfig_log.txt
--- /tmp/fooa	2016-10-26 20:42:43.914167949 -0700
+++ /tmp/foob	2016-10-26 20:42:43.918167960 -0700
@@ -64,17 +64,17 @@
 Loading and Validation of Secure OS Successful
 NvTbootPackSdramParams: start. 
 NvTbootPackSdramParams: done. 
-Tegraboot started after 961908 us
-Basic modules init took 348747 us
-Sec Bootdevice Read Time = 202 ms, Read Size = 8459 KB
-Next stage binary read took 14366 us
-Carveout took 252742 us
+Tegraboot started after 786596 us
+Basic modules init took 348569 us
+Sec Bootdevice Read Time = 203 ms, Read Size = 8459 KB
+Next stage binary read took 15468 us
+Carveout took 252756 us
 CPU initialization took 92310 us
-Total time taken by TegraBoot 708165 us
+Total time taken by TegraBoot 709103 us
 
 Starting CPU & Halting co-processor 
 
-64b[0001.796] LPDDR4 Training: Number of tables = 10
+64b[0001.625] LPDDR4 Training: Number of tables = 10
 EMC Training (SRC-freq: 204000; DST-freq: 408000)
 EMC Training Successful
 EMC Training (SRC-freq: 204000; DST-freq: 665600)
@@ -108,7 +108,7 @@
 Tegra210 (P2371-0000) # 
 Tegra210 (P2371-0000) # ums 0 mmc 0
 UMS: disk start sector: 0x0, count: 0x1d5a000
-|/-\|/-\/-\|/-\/-\|/-\/-\|/-\/-\|/-\/-\|/-\/-\|/-\/-\|/-\/-\|/-\/-\|/-\/-\|/-\/-\|CTRL+C - Operation aborted
+|/-\|/-\/-\|/-\/-\|/-\/-\|/-\/-\|/-\/-\|/-\/-\|/-\/-\|/-\/-CTRL+C - Operation aborted
 Tegra210 (P2371-0000) # 
 Tegra210 (P2371-0000) # env set fdt_copy_node_names /cpus:/psci
 Tegra210 (P2371-0000) # setenv rootpart 1
@@ -119,7 +119,7 @@
 Tegra210 (P2371-0000) # load ${devtype} ${devnum}:${rootpart} ${kernel_addr_r} /boot/Image.defconfig
 14434816 bytes read in 783 ms (17.6 MiB/s)
 Tegra210 (P2371-0000) # load ${devtype} ${devnum}:${rootpart} ${fdt_addr_r} /boot/tegra210-p2371-0000.dtb
-43755 bytes read in 455 ms (93.8 KiB/s)
+43755 bytes read in 453 ms (93.8 KiB/s)
 Tegra210 (P2371-0000) # load ${devtype} ${devnum}:${rootpart} ${ramdisk_addr_r} /boot/tegra-ramdisk.img
 1627787 bytes read in 501 ms (3.1 MiB/s)
 Tegra210 (P2371-0000) # ramdisk_size=${filesize}
@@ -131,7 +131,7 @@
 Starting kernel ...
 
 Booting Linux on physical CPU 0x0
-Linux version 4.9.0-rc2-next-20161026-154474-g44c67c2 (pwalmsley@tamien) (gcc version 4.9.2 20140904 (prerelease) (crosstool-NG linaro-1.13.1-4.9-2014.09 - Linaro GCC 4.9-2014.09) ) #1 SMP PREEMPT Tue Oct 25 20:22:19 PDT 2016
+Linux version 4.9.0-rc2-next-20161027-154650-g58308d9 (pwalmsley@tamien) (gcc version 4.9.2 20140904 (prerelease) (crosstool-NG linaro-1.13.1-4.9-2014.09 - Linaro GCC 4.9-2014.09) ) #1 SMP PREEMPT Wed Oct 26 20:36:45 PDT 2016
 Boot CPU: AArch64 Processor [411fd071]
 debug: ignoring loglevel setting.
 earlycon: uart8250 at MMIO32 0x0000000070006000 (options '')
@@ -266,7 +266,7 @@
 kvm [1]: virtual timer IRQ4
 futex hash table entries: 1024 (order: 5, 131072 bytes)
 audit: initializing netlink subsys (disabled)
-audit: type=2000 audit(0.523:1): initialized
+audit: type=2000 audit(0.519:1): initialized
 workingset: timestamp_bits=46 max_order=20 bucket_order=0
 squashfs: version 4.0 (2009/01/31) Phillip Lougher
 NFS: Registering the id_resolver key type
@@ -345,8 +345,8 @@
 EXT4-fs (mmcblk0p1): mounted filesystem with ordered data mode. Opts: (null)
 VFS: Mounted root (ext4 filesystem) on device 179:1.
 devtmpfs: mounted
-Freeing unused kernel memory: 1024K (ffff800000c70000 - ffff800000d70000)
+Freeing unused kernel memory: 1024K
 bash: cannot set terminal process group (-1): Inappropriate ioctl for device
-bash: no job contr[    1.444386] random: fast init done
-ol in this shell
+bash: no job control in th[    1.424105] random: fast init done
+is shell
 root@(none):/# 
\ No newline at end of file
Diff for ./tegra210-smaug/tegra210-smaug/defconfig_log.txt
--- /tmp/fooa	2016-10-26 20:42:43.922167972 -0700
+++ /tmp/foob	2016-10-26 20:42:43.922167972 -0700
@@ -1,50 +1,4 @@
-le [uart0] enabled
-psci: probing for conduit method from DT.
-psci: PSCIv1.0 detected in firmware.
-psci: Using standard PSCI v0.2 function IDs
-psci: MIGRATE_INFO_UP_CPU reported invalid physical ID (0x80000000)
-percpu: Embedded 21 pages/cpu @ffff8000bff3b000 s48000 r8192 d29824 u86016
-Detected PIPT I-cache on CPU0
-CPU features: enabling workaround for ARM erratum 832075
-CPU features: enabling workaround for ARM erratum 834220
-Built 1 zonelists in Zone order, mobility grouping on.  Total pages: 735336
-Kernel command line: cros_secure vpr=0x08000000@0xf6800000 earlycon
-log_buf_len individual max cpu contribution: 4096 bytes
-log_buf_len total cpu_extra contributions: 12288 bytes
-log_buf_len min size: 16384 bytes
-log_buf_len: 32768 bytes
-early log buf free: 14404(87%)
-PID hash table entries: 4096 (order: 3, 32768 bytes)
-Dentry cache hash table entries: 524288 (order: 10, 4194304 bytes)
-Inode-cache hash table entries: 262144 (order: 9, 2097152 bytes)
-software IO TLB [mem 0xf1400000-0xf5400000] (64MB) mapped at [ffff800071400000-ffff8000753fffff]
-Memory: 2832696K/2988032K available (8252K kernel code, 848K rwdata, 3916K rodata, 1024K init, 283K bss, 138952K reserved, 16384K cma-reserved)
-Virtual kernel memory layout:
-    modules : 0xffff000000000000 - 0xffff000008000000   (   128 MB)
-    vmalloc : 0xffff000008000000 - 0xffff7dffbfff0000   (129022 GB)
-      .text : 0xffff000008080000 - 0xffff000008890000   (  8256 KB)
-    .rodata : 0xffff000008890000 - 0xffff000008c70000   (  3968 KB)
-      .init : 0xffff000008c70000 - 0xffff000008d70000   (  1024 KB)
-      .data : 0xffff000008d70000 - 0xffff000008e44200   (   849 KB)
-       .bss : 0xffff000008e44200 - 0xffff000008e8aec0   (   284 KB)
-    fixed   : 0xffff7dfffe7fd000 - 0xffff7dfffec00000   (  4108 KB)
-    PCI I/O : 0xffff7dfffee00000 - 0xffff7dffffe00000   (    16 MB)
-    vmemmap : 0xffff7e0000000000 - 0xffff800000000000   (  2048 GB maximum)
-              0xffff7e0000000000 - 0xffff7e0003000000   (    48 MB actual)
-    memory  : 0xffff800000000000 - 0xffff8000c0000000   (  3072 MB)
-SLUB: HWalign=64, Order=0-3, MinObjects=0, CPUs=4, Nodes=1
-Preemptible hierarchical RCU implementation.
-	Build-time adjustment of leaf fanout to 64.
-	RCU restricting CPUs from NR_CPUS=64 to nr_cpu_ids=4.
-RCU: Adjusting geometry for rcu_fanout_leaf=64, nr_cpu_ids=4
-NR_IRQS:64 nr_irqs:64 0
-GIC: Using split EOI/Deactivate mode
-/interrupt-controller@60004000: 192 interrupts forwarded to /interrupt-controller@50041000
-boot misc0 0x0: expected 0x80000
- (comparison mask = 0x400ffffb)
-boot misc2 0x1f720005: expected 0x1f720f05
- (comparison mask = 0xffffff17)
-PLL_C already enabled. Postponing set full defaults
+ 0.000000] PLL_C already enabled. Postponing set full defaults
 PLL_MB already enabled. Postponing set full defaults
 PLL_U already enabled. Postponing set full defaults
 PLL_D already enabled. Postponing set full defaults
@@ -130,7 +84,7 @@
 RPC: Registered tcp transport module.
 RPC: Registered tcp NFSv4.1 backchannel transport module.
 Unpacking initramfs...
-Freeing initrd memory: 2360K (ffff80000a06e000 - ffff80000a2bc000)
+Freeing initrd memory: 2360K
 kvm [1]: 8-bit VMID
 kvm [1]: IDMAP page: 80884000
 kvm [1]: HYP VA range: 800000000000:ffffffffffff
@@ -140,7 +94,7 @@
 kvm [1]: virtual timer IRQ4
 futex hash table entries: 1024 (order: 5, 131072 bytes)
 audit: initializing netlink subsys (disabled)
-audit: type=2000 audit(0.723:1): initialized
+audit: type=2000 audit(0.663:1): initialized
 workingset: timestamp_bits=46 max_order=20 bucket_order=0
 squashfs: version 4.0 (2009/01/31) Phillip Lougher
 NFS: Registering the id_resolver key type
@@ -233,9 +187,9 @@
 mmc0: new high speed MMC card at address 0001
 mmcblk0: mmc0:0001 BGND3R 29.1 GiB 
 mmcblk0boot0: mmc0:0001 BGND3R partition 1 4.00 MiB
+max77686-rtc max77620-rtc: setting system clock to 2000-08-07 09:05:55 UTC (965639155)
 mmcblk0boot1: mmc0:0001 BGND3R partition 2 4.00 MiB
 mmcblk0rpmb: mmc0:0001 BGND3R partition 3 4.00 MiB
-max77686-rtc max77620-rtc: setting system clock to 2000-08-06 08:51:27 UTC (965551887)
  mmcblk0: p1 p2 p3 p4 p5 p6 p7 p8 p9 p10 p11
 tegra-i2c 7000d100.i2c: could not find pctldev for node /host1x@50000000/dpaux@545c0000/pinmux-i2c, deferring probe
 PP1200_AVDD: disabling
@@ -248,7 +202,7 @@
 PP1800_CAM: disabling
 ALSA device list:
   No soundcards found.
-Freeing unused kernel memory: 1024K (ffff800000c70000 - ffff800000d70000)
+Freeing unused kernel memory: 1024K
 
 System initialization...
 
Diff for ./tegra30-beaver/tegra30-beaver/multi_v7_defconfig_log.txt
--- /tmp/fooa	2016-10-26 20:42:43.930167996 -0700
+++ /tmp/foob	2016-10-26 20:42:43.930167996 -0700
@@ -38,21 +38,21 @@
 	 #################################################################
 	 #################################################################
 	 #################################################################
-	 ###########################################
+	 ##########################################
 	 3.2 MiB/s
 done
-Bytes transferred = 7296856 (6f5758 hex)
+Bytes transferred = 7295440 (6f51d0 hex)
 Tegra30 (Beaver) # tftpboot 0x82000000 tegra30-beaver.dtb
 Using asx0 device
 TFTP from server 192.168.100.1; our IP address is 192.168.100.101
 Filename 'tegra30-beaver.dtb'.
 Load address: 0x82000000
 Loading: *####
-	 3.1 MiB/s
+	 2.6 MiB/s
 done
 Bytes transferred = 51572 (c974 hex)
 Tegra30 (Beaver) # bootz 0x81000000 - 0x82000000
-Kernel image @ 0x81000000 [ 0x000000 - 0x6f5758 ]
+Kernel image @ 0x81000000 [ 0x000000 - 0x6f51d0 ]
 ## Flattened Device Tree blob at 82000000
    Booting using the fdt blob at 0x82000000
    Loading Device Tree to 8fff0000, end 8ffff973 ... OK
@@ -60,7 +60,7 @@
 Starting kernel ...
 
 Booting Linux on physical CPU 0x0
-Linux version 4.9.0-rc2-next-20161026-130041-g44c67c2 (pwalmsley@sellafield) (gcc version 4.7.3 20130328 (prerelease) (crosstool-NG linaro-1.13.1-4.7-2013.04-20130415 - Linaro GCC 2013.04) ) #1 SMP Tue Oct 25 20:19:28 PDT 2016
+Linux version 4.9.0-rc2-next-20161027-130217-g58308d9 (pwalmsley@sellafield) (gcc version 4.7.3 20130328 (prerelease) (crosstool-NG linaro-1.13.1-4.7-2013.04-20130415 - Linaro GCC 2013.04) ) #1 SMP Wed Oct 26 20:34:04 PDT 2016
 CPU: ARMv7 Processor [412fc099] revision 9 (ARMv7), cr=10c5387d
 CPU: PIPT / VIPT nonaliasing data cache, VIPT aliasing instruction cache
 OF: fdt:Machine model: NVIDIA Tegra30 Beaver evaluation board
@@ -83,7 +83,7 @@
 PID hash table entries: 4096 (order: 2, 16384 bytes)
 Dentry cache hash table entries: 131072 (order: 7, 524288 bytes)
 Inode-cache hash table entries: 65536 (order: 6, 262144 bytes)
-Memory: 1994976K/2096128K available (9216K kernel code, 1185K rwdata, 4080K rodata, 2048K init, 343K bss, 35616K reserved, 65536K cma-reserved, 1244160K highmem)
+Memory: 1994976K/2096128K available (9216K kernel code, 1185K rwdata, 4076K rodata, 2048K init, 343K bss, 35616K reserved, 65536K cma-reserved, 1244160K highmem)
 Virtual kernel memory layout:
     vector  : 0xffff0000 - 0xffff1000   (   4 kB)
     fixmap  : 0xffc00000 - 0xfff00000   (3072 kB)
@@ -308,8 +308,8 @@
 sys_3v3_pexs: supplied by sys_3v3,vdd_3v3_alw
 mmc1: new high speed MMC card at address 0001
 mmc0: new ultra high speed DDR50 SDHC card at address aaaa
-mmcblk1: mmc1:0001 SEM16G 14.8 GiB 
 mmcblk0: mmc0:aaaa SS04G 3.69 GiB 
+mmcblk1: mmc1:0001 SEM16G 14.8 GiB 
 mmcblk1boot0: mmc1:0001 SEM16G partition 1 1.00 MiB
 mmcblk1boot1: mmc1:0001 SEM16G partition 2 1.00 MiB
 mmcblk1rpmb: mmc1:0001 SEM16G partition 3 128 KiB
@@ -386,7 +386,7 @@
 EXT4-fs (mmcblk1p1): mounted filesystem with ordered data mode. Opts: (null)
 VFS: Mounted root (ext3 filesystem) on device 179:1.
 devtmpfs: mounted
-Freeing unused kernel memory: 2048K (c1100000 - c1300000)
+Freeing unused kernel memory: 2048K
 bash: cannot set terminal process group (-1): Inappropriate ioctl for device
 bash: no job control in this shell
-root@(none):/# [    3.988942] usb 2-1: new high-speed USB device number 2 using tegra-ehci
+root@(none):/# [    3.983979] usb 2-1: new high-speed USB device number 2 using tegra-ehci
Diff for ./tegra30-beaver/tegra30-beaver/tegra_defconfig_log.txt
--- /tmp/fooa	2016-10-26 20:42:43.934168006 -0700
+++ /tmp/foob	2016-10-26 20:42:43.938168016 -0700
@@ -36,21 +36,21 @@
 	 #################################################################
 	 #################################################################
 	 #################################################################
-	 ################################################
+	 ###############################################
 	 3.1 MiB/s
 done
-Bytes transferred = 5461024 (535420 hex)
+Bytes transferred = 5459776 (534f40 hex)
 Tegra30 (Beaver) # tftpboot 0x82000000 tegra30-beaver.dtb
 Using asx0 device
 TFTP from server 192.168.100.1; our IP address is 192.168.100.101
 Filename 'tegra30-beaver.dtb'.
 Load address: 0x82000000
 Loading: *####
-	 3.3 MiB/s
+	 2.7 MiB/s
 done
 Bytes transferred = 51572 (c974 hex)
 Tegra30 (Beaver) # bootz 0x81000000 - 0x82000000
-Kernel image @ 0x81000000 [ 0x000000 - 0x535420 ]
+Kernel image @ 0x81000000 [ 0x000000 - 0x534f40 ]
 ## Flattened Device Tree blob at 82000000
    Booting using the fdt blob at 0x82000000
    Loading Device Tree to 8fff0000, end 8ffff973 ... OK
@@ -59,7 +59,7 @@
 
 Uncompressing Linux... done, booting the kernel.
 Booting Linux on physical CPU 0x0
-Linux version 4.9.0-rc2-next-20161026-130041-g44c67c2 (pwalmsley@kaivo) (gcc version 4.7.3 20130328 (prerelease) (crosstool-NG linaro-1.13.1-4.7-2013.04-20130415 - Linaro GCC 2013.04) ) #1 SMP PREEMPT Tue Oct 25 20:19:20 PDT 2016
+Linux version 4.9.0-rc2-next-20161027-130217-g58308d9 (pwalmsley@kaivo) (gcc version 4.7.3 20130328 (prerelease) (crosstool-NG linaro-1.13.1-4.7-2013.04-20130415 - Linaro GCC 2013.04) ) #1 SMP PREEMPT Wed Oct 26 20:33:51 PDT 2016
 CPU: ARMv7 Processor [412fc099] revision 9 (ARMv7), cr=10c5387d
 CPU: PIPT / VIPT nonaliasing data cache, VIPT aliasing instruction cache
 OF: fdt:Machine model: NVIDIA Tegra30 Beaver evaluation board
@@ -130,7 +130,7 @@
 NET: Registered protocol family 16
 DMA: preallocated 256 KiB pool for atomic coherent allocations
 cpuidle: using governor menu
-No ATAGs?[    0.527014] hw-breakpoint: found 5 (+1 reserved) breakpoint and 1 watchpoint registers.
+No ATAGs?[    0.530039] hw-breakpoint: found 5 (+1 reserved) breakpoint and 1 watchpoint registers.
 hw-breakpoint: maximum watchpoint size is 4 bytes.
 tegra-mc 7000f000.memory-controller: no memory timings for RAM code 3 registered
 vdd_5v_sata: Failed to request enable GPIO30: -517
@@ -381,7 +381,7 @@
 EXT4-fs (mmcblk1p1): mounted filesystem with ordered data mode. Opts: (null)
 VFS: Mounted root (ext3 filesystem) on device 179:1.
 devtmpfs: mounted
-Freeing unused kernel memory: 1024K (c0c00000 - c0d00000)
+Freeing unused kernel memory: 1024K
 bash: cannot set terminal process group (-1): Inappropriate ioctl for device
 bash: no job control in this shell
-root@(none):/# [    4.450735] usb 2-1: new high-speed USB device number 2 using tegra-ehci
+root@(none):/# [    4.490918] usb 2-1: new high-speed USB device number 2 using tegra-ehci
