
U-Boot SPL 2016.05-rc2 (Apr 21 2016 - 16:23:00)
Trying to boot from RAM


U-Boot 2016.05-rc2 (Apr 21 2016 - 16:23:00 -0700)

TEGRA124
Model: NVIDIA Jetson TK1
Board: NVIDIA Jetson TK1
DRAM:  2 GiB
MC:   Tegra SD/MMC: 0, Tegra SD/MMC: 1
In:    serial
Out:   serial
Err:   serial
Net:   No ethernet found.
Hit any key to stop autoboot:  2  0 
Tegra124 (Jetson TK1) # 
Tegra124 (Jetson TK1) # pci enum
Tegra124 (Jetson TK1) # setenv bootargs 'ignore_loglevel console=ttyS0,115200n8 rw root=PARTUUID=b1791faa-84e8-4e27-83a1-9fb0a77e8803 rootwait gpt debug noinitrd earlyprintk init=/bin/bash'
Tegra124 (Jetson TK1) # setenv ipaddr 192.168.100.102; setenv serverip 192.168.100.1; setenv tftpserverip 192.168.100.1
Tegra124 (Jetson TK1) # tftpboot 0x82000000 zImage.tegra_defconfig

Warning: eth_rtl8169 using MAC address from ROM
Using eth_rtl8169 device
TFTP from server 192.168.100.1; our IP address is 192.168.100.102
Filename 'zImage.tegra_defconfig'.
Load address: 0x82000000
Loading: *#################################################################
	 ###################################################T T T ##############
	 #################################################################
	 #################################################################
	 #################################################################
	 ##################################################
	 329.1 KiB/s
done
Bytes transferred = 5504608 (53fe60 hex)
Tegra124 (Jetson TK1) # tftpboot 0x83000000 tegra124-jetson-tk1.dtb
Using eth_rtl8169 device
TFTP from server 192.168.100.1; our IP address is 192.168.100.102
Filename 'tegra124-jetson-tk1.dtb'.
Load address: 0x83000000
Loading: *#####
	 3.4 MiB/s
done
Bytes transferred = 67133 (1063d hex)
Tegra124 (Jetson TK1) # bootz 0x82000000 - 0x83000000
Kernel image @ 0x82000000 [ 0x000000 - 0x53fe60 ]
## Flattened Device Tree blob at 83000000
   Booting using the fdt blob at 0x83000000
   Using Device Tree in place at 83000000, end 8301363c

Starting kernel ...

Uncompressing Linux... done, booting the kernel.
[    0.000000] Booting Linux on physical CPU 0x0
[    0.000000] Linux version 4.9.0-next-20161214-140955-g9aa17b2 (pwalmsley@kaivo) (gcc version 4.7.3 20130328 (prerelease) (crosstool-NG linaro-1.13.1-4.7-2013.04-20130415 - Linaro GCC 2013.04) ) #1 SMP PREEMPT Tue Dec 13 20:33:52 PST 2016
[    0.000000] CPU: ARMv7 Processor [413fc0f3] revision 3 (ARMv7), cr=10c5387d
[    0.000000] CPU: div instructions available: patching division code
[    0.000000] CPU: PIPT / VIPT nonaliasing data cache, PIPT instruction cache
[    0.000000] OF: fdt:Machine model: NVIDIA Tegra124 Jetson TK1
[    0.000000] debug: ignoring loglevel setting.
[    0.000000] bootconsole [earlycon0] enabled
[    0.000000] cma: Reserved 64 MiB at 0xfbc00000
[    0.000000] Memory policy: Data cache writealloc
[    0.000000] On node 0 totalpages: 524032
[    0.000000] free_area_init_node: node 0, pgdat c0d5e640, node_mem_map eeff7000
[    0.000000]   Normal zone: 1536 pages used for memmap
[    0.000000]   Normal zone: 0 pages reserved
[    0.000000]   Normal zone: 196608 pages, LIFO batch:31
[    0.000000]   HighMem zone: 327424 pages, LIFO batch:31
[    0.000000] percpu: Embedded 14 pages/cpu @eef8d000 s26240 r8192 d22912 u57344
[    0.000000] pcpu-alloc: s26240 r8192 d22912 u57344 alloc=14*4096
[    0.000000] pcpu-alloc: [0] 0 [0] 1 [0] 2 [0] 3 
[    0.000000] Built 1 zonelists in Zone order, mobility grouping on.  Total pages: 522496
[    0.000000] Kernel command line: ignore_loglevel console=ttyS0,115200n8 rw root=PARTUUID=b1791faa-84e8-4e27-83a1-9fb0a77e8803 rootwait gpt debug noinitrd earlyprintk init=/bin/bash
[    0.000000] PID hash table entries: 4096 (order: 2, 16384 bytes)
[    0.000000] Dentry cache hash table entries: 131072 (order: 7, 524288 bytes)
[    0.000000] Inode-cache hash table entries: 65536 (order: 6, 262144 bytes)
[    0.000000] Memory: 1999808K/2096128K available (8192K kernel code, 383K rwdata, 2476K rodata, 1024K init, 400K bss, 30784K reserved, 65536K cma-reserved, 1244160K highmem)
[    0.000000] Virtual kernel memory layout:
[    0.000000]     vector  : 0xffff0000 - 0xffff1000   (   4 kB)
[    0.000000]     fixmap  : 0xffc00000 - 0xfff00000   (3072 kB)
[    0.000000]     vmalloc : 0xf0800000 - 0xff800000   ( 240 MB)
[    0.000000]     lowmem  : 0xc0000000 - 0xf0000000   ( 768 MB)
[    0.000000]     pkmap   : 0xbfe00000 - 0xc0000000   (   2 MB)
[    0.000000]     modules : 0xbf000000 - 0xbfe00000   (  14 MB)
[    0.000000]       .text : 0xc0008000 - 0xc0900000   (9184 kB)
[    0.000000]       .init : 0xc0c00000 - 0xc0d00000   (1024 kB)
[    0.000000]       .data : 0xc0d00000 - 0xc0d5fd00   ( 384 kB)
[    0.000000]        .bss : 0xc0d61000 - 0xc0dc53a8   ( 401 kB)
[    0.000000] Preemptible hierarchical RCU implementation.
[    0.000000] 	Build-time adjustment of leaf fanout to 32.
[    0.000000] NR_IRQS:16 nr_irqs:16 16
[    0.000000] /interrupt-controller@60004000: 160 interrupts forwarded to /interrupt-controller@50041000
[    0.000000] Tegra clk 127: register failed with -17
[    0.000007] sched_clock: 32 bits at 1000kHz, resolution 1000ns, wraps every 2147483647500ns
[    0.007575] clocksource: timer_us: mask: 0xffffffff max_cycles: 0xffffffff, max_idle_ns: 1911260446275 ns
[    0.017183] Switching to timer-based delay loop, resolution 1000ns
[    0.024662] arm_arch_timer: Architected cp15 timer(s) running at 12.00MHz (virt).
[    0.030967] clocksource: arch_sys_counter: mask: 0xffffffffffffff max_cycles: 0x2c47f4ee7, max_idle_ns: 440795202497 ns
[    0.041800] sched_clock: 56 bits at 12MHz, resolution 83ns, wraps every 4398046511096ns
[    0.049856] Switching to timer-based delay loop, resolution 83ns
[    0.056343] Console: colour dummy device 80x30
[    0.060439] Calibrating delay loop (skipped), value calculated using timer frequency.. 24.00 BogoMIPS (lpj=120000)
[    0.070825] pid_max: default: 32768 minimum: 301
[    0.075995] Mount-cache hash table entries: 2048 (order: 1, 8192 bytes)
[    0.082195] Mountpoint-cache hash table entries: 2048 (order: 1, 8192 bytes)
[    0.090120] CPU: Testing write buffer coherency: ok
[    0.094515] /cpus/cpu@0 missing clock-frequency property
[    0.099631] /cpus/cpu@1 missing clock-frequency property
[    0.105026] /cpus/cpu@2 missing clock-frequency property
[    0.110378] /cpus/cpu@3 missing clock-frequency property
[    0.115735] CPU0: thread -1, cpu 0, socket 0, mpidr 80000000
[    0.145807] Setting up static identity map for 0x80100000 - 0x80100098
[    0.176322] Tegra Revision: A01 SKU: 129 CPU Process: 1 SoC Process: 1
[    0.181909] smp: Bringing up secondary CPUs ...
[    0.246471] CPU1: thread -1, cpu 1, socket 0, mpidr 80000001
[    0.326569] CPU2: thread -1, cpu 2, socket 0, mpidr 80000002
[    0.406687] CPU3: thread -1, cpu 3, socket 0, mpidr 80000003
[    0.416205] smp: Brought up 1 node, 4 CPUs
[    0.435638] SMP: Total of 4 processors activated (96.00 BogoMIPS).
[    0.441887] CPU: All CPU(s) started in SVC mode.
[    0.448381] devtmpfs: initialized
[    0.479443] VFP support v0.3: implementor 41 architecture 4 part 30 variant f rev 0
[    0.485634] clocksource: jiffies: mask: 0xffffffff max_cycles: 0xffffffff, max_idle_ns: 19112604462750000 ns
[    0.496409] pinctrl core: initialized pinctrl subsystem
[    0.501824] NET: Registered protocol family 16
[    0.506187] DMA: preallocated 256 KiB pool for atomic coherent allocations
[    0.535372] cpuidle: using governor menu
[    0.570904] No ATAGs?[    0.571220] hw-breakpoint: found 5 (+1 reserved) breakpoint and 4 watchpoint registers.
[    0.579175] hw-breakpoint: maximum watchpoint size is 8 bytes.
[    0.631900] +5V_SYS: supplied by +VDD_MUX
[    0.634497] +3.3V_SYS: supplied by +VDD_MUX
[    0.639183] +USB0_VBUS_SW: Failed to request enable GPIO108: -517
[    0.644546] reg-fixed-voltage regulators:regulator@7: Failed to register regulator: -517
[    0.652737] +5V_USB_HS: Failed to request enable GPIO109: -517
[    0.658549] reg-fixed-voltage regulators:regulator@8: Failed to register regulator: -517
[    0.666865] +1.05V_RUN_AVDD_HDMI_PLL: Failed to request enable GPIO63: -517
[    0.673715] reg-fixed-voltage regulators:regulator@11: Failed to register regulator: -517
[    0.682025] +5V_HDMI_CON: Failed to request enable GPIO86: -517
[    0.687927] reg-fixed-voltage regulators:regulator@12: Failed to register regulator: -517
[    0.696238] +5V_SATA: Failed to request enable GPIO242: -517
[    0.701881] reg-fixed-voltage regulators:regulator@13: Failed to register regulator: -517
[    0.710190] +12V_SATA: Failed to request enable GPIO242: -517
[    0.715921] reg-fixed-voltage regulators:regulator@14: Failed to register regulator: -517
[    0.725624] vgaarb: loaded
[    0.727778] SCSI subsystem initialized
[    0.730958] libata version 3.00 loaded.
[    0.735042] usbcore: registered new interface driver usbfs
[    0.740290] usbcore: registered new interface driver hub
[    0.745649] usbcore: registered new device driver usb
[    0.753889] Linux video capture interface: v2.00
[    0.756760] pps_core: LinuxPPS API ver. 1 registered
[    0.761770] pps_core: Software ver. 5.3.6 - Copyright 2005-2007 Rodolfo Giometti <giometti@linux.it>
[    0.770936] PTP clock support registered
[    0.776429] Advanced Linux Sound Architecture Driver Initialized.
[    0.782015] Bluetooth: Core ver 2.22
[    0.784737] NET: Registered protocol family 31
[    0.789200] Bluetooth: HCI device and connection manager initialized
[    0.795601] Bluetooth: HCI socket layer initialized
[    0.800562] Bluetooth: L2CAP socket layer initialized
[    0.805681] Bluetooth: SCO socket layer initialized
[    0.811953] clocksource: Switched to clocksource arch_sys_counter
[    0.834034] NET: Registered protocol family 2
[    0.837789] TCP established hash table entries: 8192 (order: 3, 32768 bytes)
[    0.843793] TCP bind hash table entries: 8192 (order: 4, 65536 bytes)
[    0.850348] TCP: Hash tables configured (established 8192 bind 8192)
[    0.857032] UDP hash table entries: 512 (order: 2, 16384 bytes)
[    0.862623] UDP-Lite hash table entries: 512 (order: 2, 16384 bytes)
[    0.869304] NET: Registered protocol family 1
[    0.874093] RPC: Registered named UNIX socket transport module.
[    0.879377] RPC: Registered udp transport module.
[    0.884170] RPC: Registered tcp transport module.
[    0.888910] RPC: Registered tcp NFSv4.1 backchannel transport module.
[    0.895430] PCI: CLS 0 bytes, default 64
[    0.901457] hw perfevents: enabled with armv7_cortex_a15 PMU driver, 7 counters available
[    0.909599] futex hash table entries: 1024 (order: 4, 65536 bytes)
[    0.915189] workingset: timestamp_bits=30 max_order=19 bucket_order=0
[    0.922200] squashfs: version 4.0 (2009/01/31) Phillip Lougher
[    0.927212] NFS: Registering the id_resolver key type
[    0.931573] Key type id_resolver registered
[    0.935851] Key type id_legacy registered
[    0.944548] bounce: pool size: 64 pages
[    0.946560] io scheduler noop registered (default)
[    0.953847] usb2-0 supply vbus not found, using dummy regulator
[    0.958097] usb2-1 supply vbus not found, using dummy regulator
[    0.964454] tegra-xusb-padctl 7009f000.padctl: failed to setup XUSB ports: -517
[    0.980999] tegra-pcie 1003000.pcie-controller: 2x1, 1x1 configuration
[    0.985792] tegra-pcie 1003000.pcie-controller: Failed to get supply 'avddio-pex': -517
[    0.997580] tegra124-dfll 70110000.clock: couldn't get vdd_cpu regulator
[    1.011119] tegra-apbdma 60020000.dma: Tegra20 APB DMA driver register 32 channels
[    1.017694] tegra-pmc 7000e400.pmc: emergency thermal reset enabled
[    1.023863] Serial: 8250/16550 driver, 4 ports, IRQ sharing disabled
[    1.032036] console [ttyS0] disabled
[    1.033827] 70006300.serial: ttyS0 at MMIO 0x70006300 (irq = 335, base_baud = 25500000) is a Tegra
[    1.042880] console [ttyS0] enabled
[    1.042880] console [ttyS0] enabled
[    1.049129] bootconsole [earlycon0] disabled
[    1.049129] bootconsole [earlycon0] disabled
[    1.059317] 70006000.serial: ttyTHS1 at MMIO 0x70006000 (irq = 333, base_baud = 0) is a TEGRA_UART
[    1.069766] 70006040.serial: ttyTHS2 at MMIO 0x70006040 (irq = 334, base_baud = 0) is a TEGRA_UART
[    1.080578] [drm] Initialized
[    1.084575] tegra-hdmi 54280000.hdmi: failed to get HDMI regulator
[    1.103992] loop: module loaded
[    1.108516] at24 0-0056: 256 byte 24c02 EEPROM, writable, 8 bytes/write
[    1.115966] as3722 4-0040: AS3722 with revision 0x1 found
[    1.129385] as3722-sd2: supplied by +5V_SYS
[    1.134156] as3722-sd3: supplied by +5V_SYS
[    1.138571] +1.35V_LP0(sd3): Bringing 0uV into 1350000-1350000uV
[    1.145032] as3722-sd4: supplied by +5V_SYS
[    1.149774] as3722-sd5: supplied by +5V_SYS
[    1.156041] as3722-ldo0: supplied by +1.35V_LP0(sd2)
[    1.162248] +1.8V_RUN_CAM: Bringing 0uV into 1800000-1800000uV
[    1.168569] as3722-ldo2: supplied by +1.8V_VDDIO
[    1.174618] as3722-ldo3: supplied by +3.3V_SYS
[    1.179109] +1.05V_LP0_VDD_RTC: Bringing 1100000uV into 1000000-1000000uV
[    1.187026] as3722-ldo4: supplied by +3.3V_SYS
[    1.191700] +2.8V_RUN_CAM: Bringing 0uV into 2800000-2800000uV
[    1.198048] as3722-ldo5: supplied by +1.8V_VDDIO
[    1.202919] +1.2V_RUN_CAM_FRONT: Bringing 0uV into 1200000-1200000uV
[    1.209957] +VDDIO_SDMMC3: bypassed regulator has no supply!
[    1.215630] +VDDIO_SDMMC3: failed to get the current voltage(-517)
[    1.221806] as3722-regulator as3722-regulator: regulator 13 register failed -517
[    1.233549] tegra-ahci 70027000.sata: couldn't get PHY in node sata: -517
[    1.250394] random: fast init done
[    1.254023] m25p80 spi32765.0: w25q32dw (4096 Kbytes)
[    1.261669] libphy: Fixed MDIO Bus: probed
[    1.265986] CAN device driver interface
[    1.269884] igb: Intel(R) Gigabit Ethernet Network Driver - version 5.4.0-k
[    1.276885] igb: Copyright (c) 2007-2014 Intel Corporation.
[    1.282680] pegasus: v0.9.3 (2013/04/25), Pegasus/Pegasus II USB Ethernet driver
[    1.290144] usbcore: registered new interface driver pegasus
[    1.295939] usbcore: registered new interface driver asix
[    1.301403] usbcore: registered new interface driver ax88179_178a
[    1.307600] usbcore: registered new interface driver cdc_ether
[    1.313583] usbcore: registered new interface driver smsc75xx
[    1.319418] usbcore: registered new interface driver smsc95xx
[    1.325254] usbcore: registered new interface driver net1080
[    1.330978] usbcore: registered new interface driver cdc_subset
[    1.337019] usbcore: registered new interface driver zaurus
[    1.342712] usbcore: registered new interface driver cdc_ncm
[    1.348616] tegra-phy 7d004000.usb-phy: no vbus regulator
[    1.354397] ehci_hcd: USB 2.0 'Enhanced' Host Controller (EHCI) Driver
[    1.360913] ehci-pci: EHCI PCI platform driver
[    1.365447] tegra-ehci: Tegra EHCI driver
[    1.372283] tegra-ehci 7d004000.usb: EHCI Host Controller
[    1.377704] tegra-ehci 7d004000.usb: new USB bus registered, assigned bus number 1
[    1.385529] tegra-ehci 7d004000.usb: irq 354, io mem 0x7d004000
[    1.411987] tegra-ehci 7d004000.usb: USB 2.0 started, EHCI 1.10
[    1.419101] hub 1-0:1.0: USB hub found
[    1.422931] hub 1-0:1.0: 1 port detected
[    1.428195] usbcore: registered new interface driver cdc_acm
[    1.433864] cdc_acm: USB Abstract Control Model driver for USB modems and ISDN adapters
[    1.441935] usbcore: registered new interface driver cdc_wdm
[    1.447756] usbcore: registered new interface driver usb-storage
[    1.454291] mousedev: PS/2 mouse device common for all mice
[    1.463020] as3722-rtc as3722-rtc: rtc core: registered as3722-rtc as rtc0
[    1.469888] as3722-rtc as3722-rtc: RTC interrupt 377
[    1.477788] tegra_rtc 7000e000.rtc: rtc core: registered 7000e000.rtc as rtc1
[    1.485019] tegra_rtc 7000e000.rtc: Tegra internal Real Time Clock
[    1.491524] i2c /dev entries driver
[    1.496663] usbcore: registered new interface driver uvcvideo
[    1.502449] USB Video Class driver (1.1.1)
[    1.506539] gspca_main: v2.14.0 registered
[    1.511293] 0-004c supply vcc not found, using dummy regulator
[    1.520709] tegra-wdt 60005000.timer: initialized (heartbeat = 120 sec, nowayout = 0)
[    1.529664] sdhci: Secure Digital Host Controller Interface driver
[    1.535984] sdhci: Copyright(c) Pierre Ossman
[    1.540335] sdhci-pltfm: SDHCI platform and OF driver helper
[    1.546293] sdhci-tegra 700b0400.sdhci: Got CD GPIO
[    1.551182] sdhci-tegra 700b0400.sdhci: Got WP GPIO
[    1.556349] mmc0: Unknown controller version (3). You may experience problems.
[    1.563623] mmc0: Invalid maximum block size, assuming 512 bytes
[    1.632023] mmc0: SDHCI controller on 700b0600.sdhci [700b0600.sdhci] using ADMA
[    1.645642] usbcore: registered new interface driver usbhid
[    1.651301] usbhid: USB HID core driver
[    1.709764] mmc0: new high speed MMC card at address 0001
[    1.715918] mmcblk0: mmc0:0001 SEM16G 14.7 GiB 
[    1.720861] mmcblk0boot0: mmc0:0001 SEM16G partition 1 4.00 MiB
[    1.727280] mmcblk0boot1: mmc0:0001 SEM16G partition 2 4.00 MiB
[    1.733598] mmcblk0rpmb: mmc0:0001 SEM16G partition 3 4.00 MiB
[    1.741226]  mmcblk0: p1
[    2.103314] tegra30-i2s 70301100.i2s: DMA channels sourced from device 70300000.ahub
[    2.121738] rt5640 0-001c: ASoC: no source widget found for DAC L2 Power
[    2.128465] rt5640 0-001c: ASoC: Failed to add route DAC L2 Power -> direct -> IF2 DAC L
[    2.136570] rt5640 0-001c: ASoC: no source widget found for DAC R2 Power
[    2.143274] rt5640 0-001c: ASoC: Failed to add route DAC R2 Power -> direct -> IF2 DAC R
[    2.153026] tegra-snd-rt5640 sound: rt5640-aif1 <-> 70301100.i2s mapping ok
[    2.164040] input: NVIDIA Tegra Jetson TK1 Headphones as /devices/soc0/sound/sound/card1/input0
[    2.175215] NET: Registered protocol family 10
[    2.180974] Segment Routing with IPv6
[    2.184819] mip6: Mobile IPv6
[    2.187784] sit: IPv6, IPv4 and MPLS over IPv4 tunneling driver
[    2.195756] NET: Registered protocol family 17
[    2.200215] NET: Registered protocol family 15
[    2.204704] can: controller area network core (rev 20120528 abi 9)
[    2.211001] NET: Registered protocol family 29
[    2.215455] can: raw protocol (rev 20120528)
[    2.219718] can: broadcast manager protocol (rev 20161123 t)
[    2.225392] can: netlink gateway (rev 20130117) max_hops=1
[    2.231063] Bluetooth: RFCOMM socket layer initialized
[    2.236228] Bluetooth: RFCOMM ver 1.11
[    2.239981] Bluetooth: BNEP (Ethernet Emulation) ver 1.3
[    2.245310] Bluetooth: BNEP socket layer initialized
[    2.250266] Bluetooth: HIDP (Human Interface Emulation) ver 1.2
[    2.256198] Bluetooth: HIDP socket layer initialized
[    2.261395] Key type dns_resolver registered
[    2.266454] Registering SWP/SWPB emulation handler
[    2.288719] +3.3V_RUN: supplied by +3.3V_SYS
[    2.294169] +3.3V_AVDD_HDMI_AP_GATED: supplied by +3.3V_RUN
[    2.299978] +USB0_VBUS_SW: supplied by +5V_SYS
[    2.305027] +5V_USB_HS: supplied by +5V_SYS
[    2.310370] +3.3V_LP0: supplied by +3.3V_SYS
[    2.316558] +5V_HDMI_CON: supplied by +5V_SYS
[    2.321392] +5V_SATA: supplied by +5V_SYS
[    2.326078] +12V_SATA: supplied by +VDD_MUX
[    2.332242] usb2-0 supply vbus not found, using dummy regulator
[    2.338340] usb2-1 supply vbus not found, using dummy regulator
[    2.344761] usb3-0 supply vbus not found, using dummy regulator
[    2.351416] tegra-pcie 1003000.pcie-controller: 2x1, 1x1 configuration
[    2.358055] tegra-pcie 1003000.pcie-controller: Failed to get supply 'avddio-pex': -517
[    2.369016] tegra124-dfll 70110000.clock: couldn't get vdd_cpu regulator
[    2.378306] tegra-hdmi 54280000.hdmi: failed to get PLL regulator
[    2.388887] as3722-sd2: supplied by +5V_SYS
[    2.393614] as3722-sd3: supplied by +5V_SYS
[    2.398190] as3722-sd4: supplied by +5V_SYS
[    2.402877] +1.05V_RUN_AVDD_HDMI_PLL: supplied by +1.05V_RUN
[    2.408669] as3722-sd5: supplied by +5V_SYS
[    2.415556] as3722-ldo0: supplied by +1.35V_LP0(sd2)
[    2.421148] as3722-ldo1: supplied by +3.3V_RUN
[    2.426256] as3722-ldo2: supplied by +1.8V_VDDIO
[    2.431413] input: tegra-hda HDMI/DP,pcm=3 as /devices/soc0/70030000.hda/sound/card0/input1
[    2.432172] as3722-ldo3: supplied by +3.3V_SYS
[    2.433232] as3722-ldo4: supplied by +3.3V_SYS
[    2.433689] as3722-ldo5: supplied by +1.8V_VDDIO
[    2.434143] as3722-ldo6: supplied by +3.3V_RUN
[    2.434615] as3722-ldo7: supplied by +1.8V_VDDIO
[    2.444417] +1.05V_RUN_CAM_REAR: Bringing 0uV into 1050000-1050000uV
[    2.449391] as3722-ldo9: supplied by +5V_SYS
[    2.469099] +3.3V_RUN_TOUCH: Bringing 0uV into 2800000-2800000uV
[    2.473892] as3722-ldo10: supplied by +5V_SYS
[    2.483889] +2.8V_RUN_CAM_AF: Bringing 0uV into 2800000-2800000uV
[    2.490963] as3722-ldo11: supplied by +3.3V_RUN
[    2.496346] +1.8V_RUN_VPP_FUSE: Bringing 0uV into 1800000-1800000uV
[    2.506130] tegra-ahci 70027000.sata: AHCI 0001.0301 32 slots 2 ports 3 Gbps 0x1 impl platform mode
[    2.515220] tegra-ahci 70027000.sata: flags: 64bit ncq sntf pm led pio slum part sadm sds apst 
[    2.526537] scsi host0: tegra-ahci
[    2.542008] scsi host1: tegra-ahci
[    2.545893] ata1: SATA max UDMA/133 mmio [mem 0x70027000-0x70028fff] port 0x100 irq 345
[    2.553935] ata2: DUMMY
[    2.557589] tegra-ehci 7d008000.usb: EHCI Host Controller
[    2.563066] tegra-ehci 7d008000.usb: new USB bus registered, assigned bus number 2
[    2.570904] tegra-ehci 7d008000.usb: irq 355, io mem 0x7d008000
[    2.602107] tegra-ehci 7d008000.usb: USB 2.0 started, EHCI 1.10
[    2.609251] hub 2-0:1.0: USB hub found
[    2.613102] hub 2-0:1.0: 1 port detected
[    2.692790] tegra-xusb 70090000.usb: Firmware timestamp: 2014-09-16 02:10:07 UTC
[    2.700247] tegra-xusb 70090000.usb: xHCI Host Controller
[    2.705709] tegra-xusb 70090000.usb: new USB bus registered, assigned bus number 3
[    2.715896] tegra-xusb 70090000.usb: hcc params 0x0184f525 hci version 0x100 quirks 0x00010010
[    2.724589] tegra-xusb 70090000.usb: irq 347, io mem 0x70090000
[    2.731728] hub 3-0:1.0: USB hub found
[    2.735559] hub 3-0:1.0: 6 ports detected
[    2.740770] tegra-xusb 70090000.usb: xHCI Host Controller
[    2.746222] tegra-xusb 70090000.usb: new USB bus registered, assigned bus number 4
[    2.753981] usb usb4: We don't know the algorithms for LPM for this host, disabling LPM.
[    2.763317] hub 4-0:1.0: USB hub found
[    2.767106] hub 4-0:1.0: 2 ports detected
[    2.773526] sdhci-tegra 700b0400.sdhci: Got CD GPIO
[    2.778449] sdhci-tegra 700b0400.sdhci: Got WP GPIO
[    2.783627] mmc1: Unknown controller version (3). You may experience problems.
[    2.790938] mmc1: Invalid maximum block size, assuming 512 bytes
[    2.862545] mmc1: SDHCI controller on 700b0400.sdhci [700b0400.sdhci] using ADMA
[    2.870226] tegra-pcie 1003000.pcie-controller: 2x1, 1x1 configuration
[    2.878867] tegra-pcie 1003000.pcie-controller: probing port 0, using 2 lanes
[    2.885658] ata1: SATA link down (SStatus 0 SControl 300)
[    2.898915] tegra-pcie 1003000.pcie-controller: Slot present pin change, signature: 00000008
[    2.924259] tegra-pcie 1003000.pcie-controller: probing port 1, using 1 lanes
[    2.933564] tegra-pcie 1003000.pcie-controller: Slot present pin change, signature: 00000000
[    2.948486] tegra-pcie 1003000.pcie-controller: PCI host bridge to bus 0000:00
[    2.955750] pci_bus 0000:00: root bus resource [io  0x0000-0xffff]
[    2.961925] pci_bus 0000:00: root bus resource [mem 0x13000000-0x1fffffff]
[    2.968811] pci_bus 0000:00: root bus resource [mem 0x20000000-0x3fffffff pref]
[    2.976180] pci_bus 0000:00: root bus resource [bus 00-ff]
[    2.981780] pci 0000:00:01.0: [10de:0e12] type 01 class 0x060400
[    2.987948] pci_bus 0000:00: 2-byte config write to 0000:00:01.0 offset 0x52 may corrupt adjacent RW1C bits
[    2.997766] pci 0000:00:01.0: PME# supported from D0 D1 D2 D3hot D3cold
[    3.004398] pci_bus 0000:00: 2-byte config write to 0000:00:01.0 offset 0x4c may corrupt adjacent RW1C bits
[    3.014684] pci 0000:00:02.0: [10de:0e13] type 01 class 0x060400
[    3.020805] pci_bus 0000:00: 2-byte config write to 0000:00:02.0 offset 0x52 may corrupt adjacent RW1C bits
[    3.030615] pci 0000:00:02.0: PME# supported from D0 D1 D2 D3hot D3cold
[    3.037242] pci_bus 0000:00: 2-byte config write to 0000:00:02.0 offset 0x4c may corrupt adjacent RW1C bits
[    3.047502] pci_bus 0000:00: 2-byte config write to 0000:00:01.0 offset 0x3e may corrupt adjacent RW1C bits
[    3.057327] pci_bus 0000:00: 2-byte config write to 0000:00:02.0 offset 0x3e may corrupt adjacent RW1C bits
[    3.067120] pci_bus 0000:00: 2-byte config write to 0000:00:01.0 offset 0x4 may corrupt adjacent RW1C bits
[    3.076784] pci_bus 0000:00: 1-byte config write to 0000:00:01.0 offset 0xc may corrupt adjacent RW1C bits
[    3.086497] pci_bus 0000:00: 2-byte config write to 0000:00:02.0 offset 0x4 may corrupt adjacent RW1C bits
[    3.096250] pci_bus 0000:00: 1-byte config write to 0000:00:02.0 offset 0xc may corrupt adjacent RW1C bits
[    3.105972] PCI: bus0: Fast back to back transfers disabled
[    3.111548] pci 0000:00:01.0: bridge configuration invalid ([bus 00-00]), reconfiguring
[    3.119572] pci 0000:00:02.0: bridge configuration invalid ([bus 00-00]), reconfiguring
[    3.127944] pci 0000:01:00.0: [8086:4232] type 00 class 0x028000
[    3.134068] pci 0000:01:00.0: reg 0x10: [mem 0x00000000-0x00001fff 64bit]
[    3.141127] pci 0000:01:00.0: PME# supported from D0 D3hot D3cold
[    3.162058] mmc1: new high speed SDHC card at address aaaa
[    3.169165] mmcblk1: mmc1:aaaa SD04G 3.69 GiB 
[    3.173755] PCI: bus1: Fast back to back transfers disabled
[    3.173769] pci_bus 0000:01: busn_res: [bus 01-ff] end is updated to 01
[    3.174137] pci 0000:02:00.0: [10ec:8168] type 00 class 0x020000
[    3.174169] pci 0000:02:00.0: reg 0x10: [io  0x0000-0x00ff]
[    3.174206] pci 0000:02:00.0: reg 0x18: [mem 0x00000000-0x00000fff 64bit]
[    3.174232] pci 0000:02:00.0: reg 0x20: [mem 0x00000000-0x00003fff 64bit pref]
[    3.174392] pci 0000:02:00.0: supports D1 D2
[    3.174397] pci 0000:02:00.0: PME# supported from D0 D1 D2 D3hot D3cold
[    3.205463] PCI: bus2: Fast back to back transfers disabled
[    3.205473] pci_bus 0000:02: busn_res: [bus 02-ff] end is updated to 02
[    3.205625] pci 0000:00:01.0: BAR 8: assigned [mem 0x13000000-0x130fffff]
[    3.205633] pci 0000:00:02.0: BAR 8: assigned [mem 0x13100000-0x131fffff]
[    3.205641] pci 0000:00:02.0: BAR 9: assigned [mem 0x20000000-0x200fffff 64bit pref]
[    3.205648] pci 0000:00:02.0: BAR 7: assigned [io  0x1000-0x1fff]
[    3.205661] pci 0000:01:00.0: BAR 0: assigned [mem 0x13000000-0x13001fff 64bit]
[    3.205694] pci 0000:00:01.0: PCI bridge to [bus 01]
[    3.205705] pci 0000:00:01.0:   bridge window [mem 0x13000000-0x130fffff]
[    3.205724] pci 0000:02:00.0: BAR 4: assigned [mem 0x20000000-0x20003fff 64bit pref]
[    3.205750] pci 0000:02:00.0: BAR 2: assigned [mem 0x13100000-0x13100fff 64bit]
[    3.205775] pci 0000:02:00.0: BAR 0: assigned [io  0x1000-0x10ff]
[    3.205787] pci 0000:00:02.0: PCI bridge to [bus 02]
[    3.205794] pci 0000:00:02.0:   bridge window [io  0x1000-0x1fff]
[    3.205804] pci 0000:00:02.0:   bridge window [mem 0x13100000-0x131fffff]
[    3.205812] pci 0000:00:02.0:   bridge window [mem 0x20000000-0x200fffff 64bit pref]
[    3.205846] pci 0000:00:01.0: nv_msi_ht_cap_quirk didn't locate host bridge
[    3.205958] pcieport 0000:00:01.0: enabling device (0140 -> 0142)
[    3.206352] pcieport 0000:00:01.0: Signaling PME with IRQ 393
[    3.206455] pci 0000:00:02.0: nv_msi_ht_cap_quirk didn't locate host bridge
[    3.206546] pcieport 0000:00:02.0: enabling device (0140 -> 0143)
[    3.206872] pcieport 0000:00:02.0: Signaling PME with IRQ 394
[    3.207191] r8169 Gigabit Ethernet driver 2.3LK-NAPI loaded
[    3.207237] r8169 0000:02:00.0: enabling device (0140 -> 0143)
[    3.239744] r8169 0000:02:00.0 eth0: RTL8168g/8111g at 0xf0af7000, 00:04:4b:3a:d9:81, XID 0c000800 IRQ 395
[    3.239751] r8169 0000:02:00.0 eth0: jumbo features [frames: 9200 bytes, tx checksumming: ko]
[    3.253092] [drm] Supports vblank timestamp caching Rev 2 (21.10.2013).
[    3.253095] [drm] No driver support for vblank timestamp query.
[    3.253143] [drm] Cannot find any crtc or sizes - going 1024x768
[    3.441148] Console: switching to colour frame buffer device 128x48
[    3.455428] drm drm: fb0:  frame buffer device
[    3.469529]  mmcblk1: p1 p2 p3
[    3.492118] [drm] Initialized tegra 0.0.0 20120330 on minor 0
[    3.498861] of: dev_pm_opp_of_cpumask_add_table: couldn't find opp table for cpu:0, -19
[    3.507393] cpufreq: cpufreq_online: CPU0: Running at unlisted freq: 696000 KHz
[    3.514770] cpufreq: cpufreq_online: CPU0: Unlisted initial frequency changed to: 714000 KHz
[    3.523891] input: gpio-keys as /devices/soc0/gpio-keys/input/input2
[    3.531121] as3722-rtc as3722-rtc: setting system clock to 2000-01-01 00:00:29 UTC (946684829)
[    3.540019] +USB0_VBUS_SW: disabling
[    3.543656] +1.8V_RUN_CAM: disabling
[    3.547448] +2.8V_RUN_CAM: disabling
[    3.551239] +1.2V_RUN_CAM_FRONT: disabling
[    3.555652] +1.05V_RUN_CAM_REAR: disabling
[    3.559965] +3.3V_RUN_TOUCH: disabling
[    3.563973] +2.8V_RUN_CAM_AF: disabling
[    3.567995] +1.8V_RUN_VPP_FUSE: disabling
[    3.572278] ALSA device list:
[    3.575243]   #0: tegra-hda at 0x70038000 irq 346
[    3.579934]   #1: NVIDIA Tegra Jetson TK1
[    3.584857] EXT4-fs (mmcblk0p1): mounting ext3 file system using the ext4 subsystem
[    3.607261] EXT4-fs (mmcblk0p1): recovery complete
[    3.612070] EXT4-fs (mmcblk0p1): mounted filesystem with ordered data mode. Opts: (null)
[    3.620177] VFS: Mounted root (ext3 filesystem) on device 179:1.
[    3.631190] devtmpfs: mounted
[    3.634678] Freeing unused kernel memory: 1024K
bash: cannot set terminal process group (-1): Inappropriate ioctl for device
bash: no job control in this shell
root@(none):/# mount -t sysfs none /sys
root@(none):/# 
root@(none):/# mount -t debugfs none /sys/kernel/debug
root@(none):/# 
root@(none):/# rtcwake -d rtc1 -m mem -s 3
rtcwake: assuming RTC uses UTC ...
rtcwake: wakeup from "mem" using /dev/rtc1 at Thu Jan  1 00:00:34 1970
[    6.374438] PM: Syncing filesystems ... done.
[    6.404502] Freezing user space processes ... (elapsed 0.001 seconds) done.
[    6.406234] Freezing remaining freezable tasks ... (elapsed 0.001 seconds) done.
[    6.406244] Suspending console(s) (use no_console_suspend to debug)
[    6.654644] PM: suspend of devices complete after 224.681 msecs
[    6.664907] PM: late suspend of devices complete after 10.224 msecs
[    6.696400] PM: noirq suspend of devices complete after 31.465 msecs
[    6.696411] Disabling non-boot CPUs ...
[    6.734240] CPU1: shutdown
[    6.834594] CPU2: shutdown
[    6.933089] IRQ17 no longer affine to CPU3
[    6.934021] CPU3: shutdown
[    6.987023] Entering suspend state LP1
[    6.987023] Suspended for 2.924 seconds
[    6.987048] Enabling non-boot CPUs ...
[    7.012966] CPU1 is up
[    7.053059] CPU2 is up
[    7.093229] CPU3 is up
[    7.093782] pcieport 0000:00:02.0: nv_msi_ht_cap_quirk didn't locate host bridge
[    7.093785] pcieport 0000:00:01.0: nv_msi_ht_cap_quirk didn't locate host bridge
[    7.122044] PM: noirq resume of devices complete after 28.809 msecs
[    7.124051] PM: early resume of devices complete after 1.476 msecs
[    7.454783] ata1: SATA link down (SStatus 0 SControl 300)
[   10.092061] PM: resume of devices complete after 2968.002 msecs
[   10.184109] Restarting tasks ... done.
root@(none):/# 
root@(none):/# rtcwake -d rtc1 -m mem -s 3
rtcwake: assuming RTC uses UTC ...
rtcwake: wakeup from "mem" using /dev/rtc1 at Thu Jan  1 00:00:42 1970
[   11.485334] PM: Syncing filesystems ... done.
[   11.504458] Freezing user space processes ... (elapsed 0.002 seconds) done.
[   11.511762] Freezing remaining freezable tasks ... (elapsed 0.007 seconds) done.
[   11.511766] Suspending console(s) (use no_console_suspend to debug)
[   11.536908] pci_generic_config_write32: 116 callbacks suppressed
[   11.536920] pci_bus 0000:00: 2-byte config write to 0000:00:02.0 offset 0x9c may corrupt adjacent RW1C bits
[   11.536950] pci_bus 0000:00: 2-byte config write to 0000:00:01.0 offset 0x9c may corrupt adjacent RW1C bits
[   11.743711] PM: suspend of devices complete after 217.627 msecs
[   11.747849] PM: late suspend of devices complete after 4.119 msecs
[   11.748650] pci_bus 0000:02: 2-byte config write to 0000:02:00.0 offset 0x44 may corrupt adjacent RW1C bits
[   11.748681] pci_bus 0000:02: 2-byte config write to 0000:02:00.0 offset 0x44 may corrupt adjacent RW1C bits
[   11.774086] PM: noirq suspend of devices complete after 26.225 msecs
[   11.774090] Disabling non-boot CPUs ...
[   11.812931] CPU1: shutdown
[   11.922876] CPU2: shutdown
[   12.022803] CPU3: shutdown
[   12.073933] Entering suspend state LP1
[   12.073933] Suspended for 2.912 seconds
[   12.073959] Enabling non-boot CPUs ...
[   12.102968] CPU1 is up
[   12.143022] CPU2 is up
[   12.183264] CPU3 is up
[   12.183810] pci_bus 0000:00: 2-byte config write to 0000:00:01.0 offset 0x4c may corrupt adjacent RW1C bits
[   12.183821] pci_bus 0000:00: 2-byte config write to 0000:00:02.0 offset 0x4c may corrupt adjacent RW1C bits
[   12.183831] pci_bus 0000:00: 2-byte config write to 0000:00:01.0 offset 0x88 may corrupt adjacent RW1C bits
[   12.183838] pci_bus 0000:00: 2-byte config write to 0000:00:01.0 offset 0x90 may corrupt adjacent RW1C bits
[   12.183843] pci_bus 0000:00: 2-byte config write to 0000:00:02.0 offset 0x88 may corrupt adjacent RW1C bits
[   12.183849] pci_bus 0000:00: 2-byte config write to 0000:00:01.0 offset 0x98 may corrupt adjacent RW1C bits
[   12.183954] pcieport 0000:00:01.0: nv_msi_ht_cap_quirk didn't locate host bridge
[   12.183955] pcieport 0000:00:02.0: nv_msi_ht_cap_quirk didn't locate host bridge
[   12.212004] PM: noirq resume of devices complete after 28.734 msecs
[   12.213677] PM: early resume of devices complete after 1.139 msecs
[   12.544789] ata1: SATA link down (SStatus 0 SControl 300)
[   15.182026] PM: resume of devices complete after 2968.342 msecs
[   15.373127] Restarting tasks ... done.
root@(none):/# 
root@(none):/# rtcwake -d rtc1 -m mem -s 3
rtcwake: assuming RTC uses UTC ...
rtcwake: wakeup from "mem" using /dev/rtc1 at Thu Jan  1 00:00:50 1970
[   16.563852] PM: Syncing filesystems ... done.
[   16.584165] Freezing user space processes ... (elapsed 0.001 seconds) done.
[   16.585887] Freezing remaining freezable tasks ... (elapsed 0.001 seconds) done.
[   16.585894] Suspending console(s) (use no_console_suspend to debug)
[   16.626923] pci_generic_config_write32: 32 callbacks suppressed
[   16.626957] pci_bus 0000:00: 2-byte config write to 0000:00:02.0 offset 0x9c may corrupt adjacent RW1C bits
[   16.627027] pci_bus 0000:00: 2-byte config write to 0000:00:01.0 offset 0x9c may corrupt adjacent RW1C bits
[   16.845215] PM: suspend of devices complete after 236.377 msecs
[   16.852404] PM: late suspend of devices complete after 7.152 msecs
[   16.853979] pci_bus 0000:02: 2-byte config write to 0000:02:00.0 offset 0x44 may corrupt adjacent RW1C bits
[   16.854037] pci_bus 0000:02: 2-byte config write to 0000:02:00.0 offset 0x44 may corrupt adjacent RW1C bits
[   16.887079] PM: noirq suspend of devices complete after 34.647 msecs
[   16.887090] Disabling non-boot CPUs ...
[   16.924319] CPU1: shutdown
[   17.024152] CPU2: shutdown
[   17.112992] IRQ17 no longer affine to CPU3
[   17.113961] CPU3: shutdown
[   17.166570] Entering suspend state LP1
[   17.166570] Suspended for 2.907 seconds
[   17.166595] Enabling non-boot CPUs ...
[   17.192931] CPU1 is up
[   17.233001] CPU2 is up
[   17.273154] CPU3 is up
[   17.273670] pci_bus 0000:00: 2-byte config write to 0000:00:02.0 offset 0x4c may corrupt adjacent RW1C bits
[   17.273679] pci_bus 0000:00: 2-byte config write to 0000:00:01.0 offset 0x4c may corrupt adjacent RW1C bits
[   17.273690] pci_bus 0000:00: 2-byte config write to 0000:00:02.0 offset 0x88 may corrupt adjacent RW1C bits
[   17.273696] pci_bus 0000:00: 2-byte config write to 0000:00:01.0 offset 0x88 may corrupt adjacent RW1C bits
[   17.273702] pci_bus 0000:00: 2-byte config write to 0000:00:02.0 offset 0x90 may corrupt adjacent RW1C bits
[   17.273707] pci_bus 0000:00: 2-byte config write to 0000:00:01.0 offset 0x90 may corrupt adjacent RW1C bits
[   17.273813] pcieport 0000:00:02.0: nv_msi_ht_cap_quirk didn't locate host bridge
[   17.273815] pcieport 0000:00:01.0: nv_msi_ht_cap_quirk didn't locate host bridge
[   17.301965] PM: noirq resume of devices complete after 28.805 msecs
[   17.303744] PM: early resume of devices complete after 1.255 msecs
[   17.634764] ata1: SATA link down (SStatus 0 SControl 300)
[   20.271985] PM: resume of devices complete after 2968.233 msecs
[   20.467129] Restarting tasks ... done.
root@(none):/# 
root@(none):/# rtcwake -d rtc1 -m mem -s 3
rtcwake: assuming RTC uses UTC ...
rtcwake: wakeup from "mem" using /dev/rtc1 at Thu Jan  1 00:00:58 1970
[   21.666125] PM: Syncing filesystems ... done.
[   21.687647] Freezing user space processes ... (elapsed 0.005 seconds) done.
[   21.695388] Freezing remaining freezable tasks ... (elapsed 0.007 seconds) done.
[   21.695396] Suspending console(s) (use no_console_suspend to debug)
[   21.715593] pci_generic_config_write32: 32 callbacks suppressed
[   21.715618] pci_bus 0000:00: 2-byte config write to 0000:00:02.0 offset 0x9c may corrupt adjacent RW1C bits
[   21.715721] pci_bus 0000:00: 2-byte config write to 0000:00:01.0 offset 0x9c may corrupt adjacent RW1C bits
[   21.934427] PM: suspend of devices complete after 223.853 msecs
[   21.940887] PM: late suspend of devices complete after 6.434 msecs
[   21.942388] pci_bus 0000:02: 2-byte config write to 0000:02:00.0 offset 0x44 may corrupt adjacent RW1C bits
[   21.942443] pci_bus 0000:02: 2-byte config write to 0000:02:00.0 offset 0x44 may corrupt adjacent RW1C bits
[   21.976108] PM: noirq suspend of devices complete after 35.194 msecs
[   21.976119] Disabling non-boot CPUs ...
[   22.013258] IRQ17 no longer affine to CPU1
[   22.014254] CPU1: shutdown
[   22.114129] CPU2: shutdown
[   22.203887] CPU3: shutdown
[   22.256786] Entering suspend state LP1
[   22.256786] Suspended for 2.909 seconds
[   22.256811] Enabling non-boot CPUs ...
[   22.282895] CPU1 is up
[   22.322949] CPU2 is up
[   22.363119] CPU3 is up
[   22.363611] pci_bus 0000:00: 2-byte config write to 0000:00:02.0 offset 0x4c may corrupt adjacent RW1C bits
[   22.363621] pci_bus 0000:00: 2-byte config write to 0000:00:02.0 offset 0x88 may corrupt adjacent RW1C bits
[   22.363626] pci_bus 0000:00: 2-byte config write to 0000:00:02.0 offset 0x90 may corrupt adjacent RW1C bits
[   22.363631] pci_bus 0000:00: 2-byte config write to 0000:00:02.0 offset 0x98 may corrupt adjacent RW1C bits
[   22.363636] pci_bus 0000:00: 2-byte config write to 0000:00:02.0 offset 0x9c may corrupt adjacent RW1C bits
[   22.363641] pci_bus 0000:00: 2-byte config write to 0000:00:02.0 offset 0xa8 may corrupt adjacent RW1C bits
[   22.363696] pcieport 0000:00:02.0: nv_msi_ht_cap_quirk didn't locate host bridge
[   22.363832] pcieport 0000:00:01.0: nv_msi_ht_cap_quirk didn't locate host bridge
[   22.391928] PM: noirq resume of devices complete after 28.803 msecs
[   22.393530] PM: early resume of devices complete after 1.094 msecs
[   22.724714] ata1: SATA link down (SStatus 0 SControl 300)
[   25.371944] PM: resume of devices complete after 2978.407 msecs
[   25.566996] Restarting tasks ... done.
root@(none):/# 
root@(none):/# rtcwake -d rtc1 -m mem -s 3
rtcwake: assuming RTC uses UTC ...
rtcwake: wakeup from "mem" using /dev/rtc1 at Thu Jan  1 00:01:06 1970
[   26.759100] PM: Syncing filesystems ... done.
[   26.775071] Freezing user space processes ... [   26.779798] Freezing remaining freezable tasks ... 
[   26.785229] (elapsed 0.005 seconds) done.Suspending console(s) (use no_console_suspend to debug)
(elapsed 0.004 seconds) done.
[   26.805930] pci_generic_config_write32: 32 callbacks suppressed
[   26.805948] pci_bus 0000:00: 2-byte config write to 0000:00:02.0 offset 0x9c may corrupt adjacent RW1C bits
[   26.805975] pci_bus 0000:00: 2-byte config write to 0000:00:01.0 offset 0x9c may corrupt adjacent RW1C bits
[   27.013956] PM: suspend of devices complete after 218.853 msecs
[   27.020637] PM: late suspend of devices complete after 6.653 msecs
[   27.021803] pci_bus 0000:02: 2-byte config write to 0000:02:00.0 offset 0x44 may corrupt adjacent RW1C bits
[   27.021925] pci_bus 0000:02: 2-byte config write to 0000:02:00.0 offset 0x44 may corrupt adjacent RW1C bits
[   27.055549] PM: noirq suspend of devices complete after 34.891 msecs
[   27.055556] Disabling non-boot CPUs ...
[   27.093434] CPU1: shutdown
[   27.202692] IRQ17 no longer affine to CPU2
[   27.203379] CPU2: shutdown
[   27.313195] CPU3: shutdown
[   27.365107] Entering suspend state LP1
[   27.365107] Suspended for 2.891 seconds
[   27.365132] Enabling non-boot CPUs ...
[   27.392856] CPU1 is up
[   27.432916] CPU2 is up
[   27.473081] CPU3 is up
[   27.473547] pci_bus 0000:00: 2-byte config write to 0000:00:01.0 offset 0x4c may corrupt adjacent RW1C bits
[   27.473556] pci_bus 0000:00: 2-byte config write to 0000:00:02.0 offset 0x4c may corrupt adjacent RW1C bits
[   27.473568] pci_bus 0000:00: 2-byte config write to 0000:00:02.0 offset 0x88 may corrupt adjacent RW1C bits
[   27.473574] pci_bus 0000:00: 2-byte config write to 0000:00:01.0 offset 0x88 may corrupt adjacent RW1C bits
[   27.473579] pci_bus 0000:00: 2-byte config write to 0000:00:02.0 offset 0x90 may corrupt adjacent RW1C bits
[   27.473584] pci_bus 0000:00: 2-byte config write to 0000:00:01.0 offset 0x90 may corrupt adjacent RW1C bits
[   27.473691] pcieport 0000:00:02.0: nv_msi_ht_cap_quirk didn't locate host bridge
[   27.473692] pcieport 0000:00:01.0: nv_msi_ht_cap_quirk didn't locate host bridge
[   27.501891] PM: noirq resume of devices complete after 28.805 msecs
[   27.503657] PM: early resume of devices complete after 1.228 msecs
[   27.834683] ata1: SATA link down (SStatus 0 SControl 300)
[   30.481869] PM: resume of devices complete after 2978.205 msecs
[   30.679474] Restarting tasks ... done.
root@(none):/# 
root@(none):/# rtcwake -d rtc1 -m mem -s 3
rtcwake: assuming RTC uses UTC ...
rtcwake: wakeup from "mem" using /dev/rtc1 at Thu Jan  1 00:01:14 1970
[   31.866102] PM: Syncing filesystems ... done.
[   31.888564] Freezing user space processes ... (elapsed 0.006 seconds) done.
[   31.896271] Freezing remaining freezable tasks ... (elapsed 0.007 seconds) done.
[   31.896279] Suspending console(s) (use no_console_suspend to debug)
[   31.916549] pci_generic_config_write32: 32 callbacks suppressed
[   31.916574] pci_bus 0000:00: 2-byte config write to 0000:00:02.0 offset 0x9c may corrupt adjacent RW1C bits
[   31.916640] pci_bus 0000:00: 2-byte config write to 0000:00:01.0 offset 0x9c may corrupt adjacent RW1C bits
[   32.124445] PM: suspend of devices complete after 213.017 msecs
[   32.134658] PM: late suspend of devices complete after 10.175 msecs
[   32.136296] pci_bus 0000:02: 2-byte config write to 0000:02:00.0 offset 0x44 may corrupt adjacent RW1C bits
[   32.136365] pci_bus 0000:02: 2-byte config write to 0000:02:00.0 offset 0x44 may corrupt adjacent RW1C bits
[   32.166218] PM: noirq suspend of devices complete after 31.532 msecs
[   32.166229] Disabling non-boot CPUs ...
[   32.204167] CPU1: shutdown
[   32.314018] CPU2: shutdown
[   32.413837] CPU3: shutdown
[   32.467056] Entering suspend state LP1
[   32.467056] Suspended for 2.897 seconds
[   32.467082] Enabling non-boot CPUs ...
[   32.492818] CPU1 is up
[   32.532882] CPU2 is up
[   32.573045] CPU3 is up
[   32.573516] pci_bus 0000:00: 2-byte config write to 0000:00:02.0 offset 0x4c may corrupt adjacent RW1C bits
[   32.573524] pci_bus 0000:00: 2-byte config write to 0000:00:01.0 offset 0x4c may corrupt adjacent RW1C bits
[   32.573537] pci_bus 0000:00: 2-byte config write to 0000:00:01.0 offset 0x88 may corrupt adjacent RW1C bits
[   32.573544] pci_bus 0000:00: 2-byte config write to 0000:00:01.0 offset 0x90 may corrupt adjacent RW1C bits
[   32.573550] pci_bus 0000:00: 2-byte config write to 0000:00:02.0 offset 0x88 may corrupt adjacent RW1C bits
[   32.573555] pci_bus 0000:00: 2-byte config write to 0000:00:01.0 offset 0x98 may corrupt adjacent RW1C bits
[   32.573661] pcieport 0000:00:02.0: nv_msi_ht_cap_quirk didn't locate host bridge
[   32.573663] pcieport 0000:00:01.0: nv_msi_ht_cap_quirk didn't locate host bridge
[   32.601852] PM: noirq resume of devices complete after 28.801 msecs
[   32.603579] PM: early resume of devices complete after 1.208 msecs
[   32.934634] ata1: SATA link down (SStatus 0 SControl 300)
[   35.571868] PM: resume of devices complete after 2968.282 msecs
[   35.762915] Restarting tasks ... done.
root@(none):/# 
root@(none):/# rtcwake -d rtc1 -m mem -s 3
rtcwake: assuming RTC uses UTC ...
rtcwake: wakeup from "mem" using /dev/rtc1 at Thu Jan  1 00:01:22 1970
[   36.963259] PM: Syncing filesystems ... done.
[   36.984014] Freezing user space processes ... (elapsed 0.001 seconds) done.
[   36.985724] Freezing remaining freezable tasks ... (elapsed 0.001 seconds) done.
[   36.985732] Suspending console(s) (use no_console_suspend to debug)
[   37.015771] pci_generic_config_write32: 32 callbacks suppressed
[   37.015804] pci_bus 0000:00: 2-byte config write to 0000:00:02.0 offset 0x9c may corrupt adjacent RW1C bits
[   37.015874] pci_bus 0000:00: 2-byte config write to 0000:00:01.0 offset 0x9c may corrupt adjacent RW1C bits
[   37.224441] PM: suspend of devices complete after 215.754 msecs
[   37.230923] PM: late suspend of devices complete after 6.449 msecs
[   37.232495] pci_bus 0000:02: 2-byte config write to 0000:02:00.0 offset 0x44 may corrupt adjacent RW1C bits
[   37.232551] pci_bus 0000:02: 2-byte config write to 0000:02:00.0 offset 0x44 may corrupt adjacent RW1C bits
[   37.266961] PM: noirq suspend of devices complete after 36.009 msecs
[   37.266972] Disabling non-boot CPUs ...
[   37.304117] CPU1: shutdown
[   37.413987] CPU2: shutdown
[   37.523800] CPU3: shutdown
[   37.576362] Entering suspend state LP1
[   37.576362] Suspended for 2.890 seconds
[   37.576387] Enabling non-boot CPUs ...
[   37.602777] CPU1 is up
[   37.642839] CPU2 is up
[   37.683003] CPU3 is up
[   37.683513] pci_bus 0000:00: 2-byte config write to 0000:00:01.0 offset 0x4c may corrupt adjacent RW1C bits
[   37.683522] pci_bus 0000:00: 2-byte config write to 0000:00:02.0 offset 0x4c may corrupt adjacent RW1C bits
[   37.683533] pci_bus 0000:00: 2-byte config write to 0000:00:01.0 offset 0x88 may corrupt adjacent RW1C bits
[   37.683539] pci_bus 0000:00: 2-byte config write to 0000:00:02.0 offset 0x88 may corrupt adjacent RW1C bits
[   37.683544] pci_bus 0000:00: 2-byte config write to 0000:00:01.0 offset 0x90 may corrupt adjacent RW1C bits
[   37.683550] pci_bus 0000:00: 2-byte config write to 0000:00:02.0 offset 0x90 may corrupt adjacent RW1C bits
[   37.683656] pcieport 0000:00:01.0: nv_msi_ht_cap_quirk didn't locate host bridge
[   37.683657] pcieport 0000:00:02.0: nv_msi_ht_cap_quirk didn't locate host bridge
[   37.711807] PM: noirq resume of devices complete after 28.799 msecs
[   37.713498] PM: early resume of devices complete after 1.157 msecs
[   38.044601] ata1: SATA link down (SStatus 0 SControl 300)
[   40.681827] PM: resume of devices complete after 2968.321 msecs
[   40.872869] Restarting tasks ... done.
root@(none):/# 
root@(none):/# rtcwake -d rtc1 -m mem -s 3
rtcwake: assuming RTC uses UTC ...
rtcwake: wakeup from "mem" using /dev/rtc1 at Thu Jan  1 00:01:30 1970
[   42.076173] PM: Syncing filesystems ... done.
[   42.098194] Freezing user space processes ... (elapsed 0.005 seconds) done.
[   42.105966] Freezing remaining freezable tasks ... (elapsed 0.007 seconds) done.
[   42.105973] Suspending console(s) (use no_console_suspend to debug)
[   42.126026] pci_generic_config_write32: 32 callbacks suppressed
[   42.126059] pci_bus 0000:00: 2-byte config write to 0000:00:02.0 offset 0x9c may corrupt adjacent RW1C bits
[   42.126128] pci_bus 0000:00: 2-byte config write to 0000:00:01.0 offset 0x9c may corrupt adjacent RW1C bits
[   42.334415] PM: suspend of devices complete after 213.279 msecs
[   42.341646] PM: late suspend of devices complete after 7.193 msecs
[   42.343248] pci_bus 0000:02: 2-byte config write to 0000:02:00.0 offset 0x44 may corrupt adjacent RW1C bits
[   42.343306] pci_bus 0000:02: 2-byte config write to 0000:02:00.0 offset 0x44 may corrupt adjacent RW1C bits
[   42.376559] PM: noirq suspend of devices complete after 34.884 msecs
[   42.376569] Disabling non-boot CPUs ...
[   42.414143] CPU1: shutdown
[   42.514014] CPU2: shutdown
[   42.612785] IRQ17 no longer affine to CPU3
[   42.613762] CPU3: shutdown
[   42.666367] Entering suspend state LP1
[   42.666367] Suspended for 2.909 seconds
[   42.666392] Enabling non-boot CPUs ...
[   42.692735] CPU1 is up
[   42.732800] CPU2 is up
[   42.772959] CPU3 is up
[   42.773485] pci_bus 0000:00: 2-byte config write to 0000:00:02.0 offset 0x4c may corrupt adjacent RW1C bits
[   42.773493] pci_bus 0000:00: 2-byte config write to 0000:00:01.0 offset 0x4c may corrupt adjacent RW1C bits
[   42.773505] pci_bus 0000:00: 2-byte config write to 0000:00:02.0 offset 0x88 may corrupt adjacent RW1C bits
[   42.773511] pci_bus 0000:00: 2-byte config write to 0000:00:01.0 offset 0x88 may corrupt adjacent RW1C bits
[   42.773516] pci_bus 0000:00: 2-byte config write to 0000:00:02.0 offset 0x90 may corrupt adjacent RW1C bits
[   42.773521] pci_bus 0000:00: 2-byte config write to 0000:00:01.0 offset 0x90 may corrupt adjacent RW1C bits
[   42.773627] pcieport 0000:00:02.0: nv_msi_ht_cap_quirk didn't locate host bridge
[   42.773629] pcieport 0000:00:01.0: nv_msi_ht_cap_quirk didn't locate host bridge
[   42.801769] PM: noirq resume of devices complete after 28.805 msecs
[   42.803453] PM: early resume of devices complete after 1.169 msecs
[   43.134555] ata1: SATA link down (SStatus 0 SControl 300)
[   45.771787] PM: resume of devices complete after 2968.326 msecs
[   45.966906] Restarting tasks ... done.
root@(none):/# 
root@(none):/# rtcwake -d rtc1 -m mem -s 3
rtcwake: assuming RTC uses UTC ...
rtcwake: wakeup from "mem" using /dev/rtc1 at Thu Jan  1 00:01:38 1970
[   47.165909] PM: Syncing filesystems ... done.
[   47.187480] Freezing user space processes ... (elapsed 0.005 seconds) done.
[   47.195223] Freezing remaining freezable tasks ... (elapsed 0.007 seconds) done.
[   47.195231] Suspending console(s) (use no_console_suspend to debug)
[   47.215446] pci_generic_config_write32: 32 callbacks suppressed
[   47.215472] pci_bus 0000:00: 2-byte config write to 0000:00:02.0 offset 0x9c may corrupt adjacent RW1C bits
[   47.215544] pci_bus 0000:00: 2-byte config write to 0000:00:01.0 offset 0x9c may corrupt adjacent RW1C bits
[   47.424381] PM: suspend of devices complete after 213.969 msecs
[   47.434254] PM: late suspend of devices complete after 9.835 msecs
[   47.435800] pci_bus 0000:02: 2-byte config write to 0000:02:00.0 offset 0x44 may corrupt adjacent RW1C bits
[   47.435906] pci_bus 0000:02: 2-byte config write to 0000:02:00.0 offset 0x44 may corrupt adjacent RW1C bits
[   47.466631] PM: noirq suspend of devices complete after 32.348 msecs
[   47.466642] Disabling non-boot CPUs ...
[   47.504060] CPU1: shutdown
[   47.623981] CPU2: shutdown
[   47.723741] CPU3: shutdown
[   47.776750] Entering suspend state LP1
[   47.776750] Suspended for 2.889 seconds
[   47.776775] Enabling non-boot CPUs ...
[   47.802700] CPU1 is up
[   47.842761] CPU2 is up
[   47.882923] CPU3 is up
[   47.883401] pci_bus 0000:00: 2-byte config write to 0000:00:02.0 offset 0x4c may corrupt adjacent RW1C bits
[   47.883414] pci_bus 0000:00: 2-byte config write to 0000:00:02.0 offset 0x88 may corrupt adjacent RW1C bits
[   47.883420] pci_bus 0000:00: 2-byte config write to 0000:00:02.0 offset 0x90 may corrupt adjacent RW1C bits
[   47.883426] pci_bus 0000:00: 2-byte config write to 0000:00:02.0 offset 0x98 may corrupt adjacent RW1C bits
[   47.883434] pci_bus 0000:00: 2-byte config write to 0000:00:01.0 offset 0x4c may corrupt adjacent RW1C bits
[   47.883439] pci_bus 0000:00: 2-byte config write to 0000:00:02.0 offset 0x9c may corrupt adjacent RW1C bits
[   47.883544] pcieport 0000:00:02.0: nv_msi_ht_cap_quirk didn't locate host bridge
[   47.883545] pcieport 0000:00:01.0: nv_msi_ht_cap_quirk didn't locate host bridge
[   47.911723] PM: noirq resume of devices complete after 28.796 msecs
[   47.913215] PM: early resume of devices complete after 0.972 msecs
[   48.244392] ata1: SATA link down (SStatus 0 SControl 300)
[   50.881712] PM: resume of devices complete after 2968.489 msecs
[   51.072778] Restarting tasks ... done.
root@(none):/# 
root@(none):/# rtcwake -d rtc1 -m mem -s 3
rtcwake: assuming RTC uses UTC ...
rtcwake: wakeup from "mem" using /dev/rtc1 at Thu Jan  1 00:01:46 1970
[   52.275807] PM: Syncing filesystems ... done.
[   52.295218] Freezing user space processes ... (elapsed 0.003 seconds) done.
[   52.302632] Freezing remaining freezable tasks ... (elapsed 0.007 seconds) done.
[   52.302636] Suspending console(s) (use no_console_suspend to debug)
[   52.326000] pci_generic_config_write32: 32 callbacks suppressed
[   52.326014] pci_bus 0000:00: 2-byte config write to 0000:00:02.0 offset 0x9c may corrupt adjacent RW1C bits
[   52.326067] pci_bus 0000:00: 2-byte config write to 0000:00:01.0 offset 0x9c may corrupt adjacent RW1C bits
[   52.533592] PM: suspend of devices complete after 216.506 msecs
[   52.538887] PM: late suspend of devices complete after 5.274 msecs
[   52.539847] pci_bus 0000:02: 2-byte config write to 0000:02:00.0 offset 0x44 may corrupt adjacent RW1C bits
[   52.539882] pci_bus 0000:02: 2-byte config write to 0000:02:00.0 offset 0x44 may corrupt adjacent RW1C bits
[   52.563875] PM: noirq suspend of devices complete after 24.972 msecs
[   52.563880] Disabling non-boot CPUs ...
[   52.602831] CPU1: shutdown
[   52.702805] CPU2: shutdown
[   52.802680] CPU3: shutdown
[   52.854071] Entering suspend state LP1
[   52.854071] Suspended for 2.922 seconds
[   52.854096] Enabling non-boot CPUs ...
[   52.882664] CPU1 is up
[   52.922719] CPU2 is up
[   52.962886] CPU3 is up
[   52.963422] pci_bus 0000:00: 2-byte config write to 0000:00:01.0 offset 0x4c may corrupt adjacent RW1C bits
[   52.963431] pci_bus 0000:00: 2-byte config write to 0000:00:02.0 offset 0x4c may corrupt adjacent RW1C bits
[   52.963442] pci_bus 0000:00: 2-byte config write to 0000:00:01.0 offset 0x88 may corrupt adjacent RW1C bits
[   52.963448] pci_bus 0000:00: 2-byte config write to 0000:00:01.0 offset 0x90 may corrupt adjacent RW1C bits
[   52.963454] pci_bus 0000:00: 2-byte config write to 0000:00:01.0 offset 0x98 may corrupt adjacent RW1C bits
[   52.963460] pci_bus 0000:00: 2-byte config write to 0000:00:02.0 offset 0x88 may corrupt adjacent RW1C bits
[   52.963565] pcieport 0000:00:01.0: nv_msi_ht_cap_quirk didn't locate host bridge
[   52.963567] pcieport 0000:00:02.0: nv_msi_ht_cap_quirk didn't locate host bridge
[   52.991701] PM: noirq resume of devices complete after 28.809 msecs
[   52.993572] PM: early resume of devices complete after 1.354 msecs
[   53.324428] ata1: SATA link down (SStatus 0 SControl 300)
[   55.961709] PM: resume of devices complete after 2968.129 msecs
[   56.152696] Restarting tasks ... done.
root@(none):/# 
root@(none):/# NVTB SYSTEM SUSPEND TEST COMPLETE
