
U-Boot SPL 2014.01-00219-gc4d376f (Feb 18 2014 - 19:57:18)


U-Boot 2014.01-00219-gc4d376f (Feb 18 2014 - 19:57:18)

TEGRA30
Board: NVIDIA Beaver
I2C:   ready
DRAM:  2 GiB
MMC:   Tegra SD/MMC: 0, Tegra SD/MMC: 1
In:    serial
Out:   serial
Err:   serial
Net:   Net Initialization Skipped
No ethernet found.
Hit any key to stop autoboot:  2  0 
Tegra30 (Beaver) # 
Tegra30 (Beaver) # usb reset
(Re)start USB...
USB0:   USB EHCI 1.00
scanning bus 0 for devices... 2 USB Device(s) found
       scanning usb for storage devices... 0 Storage Device(s) found
       scanning usb for ethernet devices... 
Warning: asx0 using MAC address from net device
1 Ethernet Device(s) found
Tegra30 (Beaver) # setenv bootargs 'ignore_loglevel console=ttyS0,115200n8 rw root=PARTUUID=edbe1840-3633-c751-7993-b0ac834f81e0 rootwait gpt debug noinitrd earlyprintk init=/bin/bash'
Tegra30 (Beaver) # setenv ipaddr 192.168.100.101; setenv serverip 192.168.100.1; setenv tftpserverip 192.168.100.1
Tegra30 (Beaver) # tftpboot 0x81000000 zImage.multi_v7_defconfig
Using asx0 device
TFTP from server 192.168.100.1; our IP address is 192.168.100.101
Filename 'zImage.multi_v7_defconfig'.
Load address: 0x81000000
Loading: *#################################################################
	 #################################################################
	 #################################################################
	 #################################################################
	 #################################################################
	 #################################################################
	 #################################################################
	 ############################
	 3.1 MiB/s
done
Bytes transferred = 7088960 (6c2b40 hex)
Tegra30 (Beaver) # tftpboot 0x82000000 tegra30-beaver.dtb
Using asx0 device
TFTP from server 192.168.100.1; our IP address is 192.168.100.101
Filename 'tegra30-beaver.dtb'.
Load address: 0x82000000
Loading: *####
	 2.9 MiB/s
done
Bytes transferred = 51572 (c974 hex)
Tegra30 (Beaver) # bootz 0x81000000 - 0x82000000
Kernel image @ 0x81000000 [ 0x000000 - 0x6c2b40 ]
## Flattened Device Tree blob at 82000000
   Booting using the fdt blob at 0x82000000
   Loading Device Tree to 8fff0000, end 8ffff973 ... OK

Starting kernel ...

[    0.000000] Booting Linux on physical CPU 0x0
[    0.000000] Linux version 4.7.0-next-20160726-109404-g4072ebb (pwalmsley@sellafield) (gcc version 4.7.3 20130328 (prerelease) (crosstool-NG linaro-1.13.1-4.7-2013.04-20130415 - Linaro GCC 2013.04) ) #1 SMP Mon Jul 25 23:20:22 PDT 2016
[    0.000000] CPU: ARMv7 Processor [412fc099] revision 9 (ARMv7), cr=10c5387d
[    0.000000] CPU: PIPT / VIPT nonaliasing data cache, VIPT aliasing instruction cache
[    0.000000] OF: fdt:Machine model: NVIDIA Tegra30 Beaver evaluation board
[    0.000000] debug: ignoring loglevel setting.
[    0.000000] cma: Reserved 64 MiB at 0xfb800000
[    0.000000] Memory policy: Data cache writealloc
[    0.000000] On node 0 totalpages: 524032
[    0.000000] free_area_init_node: node 0, pgdat c141cf00, node_mem_map eeffa000
[    0.000000]   DMA zone: 1536 pages used for memmap
[    0.000000]   DMA zone: 0 pages reserved
[    0.000000]   DMA zone: 196608 pages, LIFO batch:31
[    0.000000]   HighMem zone: 327424 pages, LIFO batch:31
[    0.000000] percpu: Embedded 14 pages/cpu @eef8d000 s26624 r8192 d22528 u57344
[    0.000000] pcpu-alloc: s26624 r8192 d22528 u57344 alloc=14*4096
[    0.000000] pcpu-alloc: [0] 0 [0] 1 [0] 2 [0] 3 
[    0.000000] Built 1 zonelists in Zone order, mobility grouping on.  Total pages: 522496
[    0.000000] Kernel command line: ignore_loglevel console=ttyS0,115200n8 rw root=PARTUUID=edbe1840-3633-c751-7993-b0ac834f81e0 rootwait gpt debug noinitrd earlyprintk init=/bin/bash
[    0.000000] PID hash table entries: 4096 (order: 2, 16384 bytes)
[    0.000000] Dentry cache hash table entries: 131072 (order: 7, 524288 bytes)
[    0.000000] Inode-cache hash table entries: 65536 (order: 6, 262144 bytes)
[    0.000000] Memory: 1995024K/2096128K available (9216K kernel code, 1147K rwdata, 3976K rodata, 2048K init, 343K bss, 35568K reserved, 65536K cma-reserved, 1244160K highmem)
[    0.000000] Virtual kernel memory layout:
[    0.000000]     vector  : 0xffff0000 - 0xffff1000   (   4 kB)
[    0.000000]     fixmap  : 0xffc00000 - 0xfff00000   (3072 kB)
[    0.000000]     vmalloc : 0xf0800000 - 0xff800000   ( 240 MB)
[    0.000000]     lowmem  : 0xc0000000 - 0xf0000000   ( 768 MB)
[    0.000000]     pkmap   : 0xbfe00000 - 0xc0000000   (   2 MB)
[    0.000000]     modules : 0xbf000000 - 0xbfe00000   (  14 MB)
[    0.000000]       .text : 0xc0208000 - 0xc0c00000   (10208 kB)
[    0.000000]       .init : 0xc1100000 - 0xc1300000   (2048 kB)
[    0.000000]       .data : 0xc1300000 - 0xc141ed80   (1148 kB)
[    0.000000]        .bss : 0xc1420000 - 0xc1475c08   ( 344 kB)
[    0.000000] SLUB: HWalign=64, Order=0-3, MinObjects=0, CPUs=4, Nodes=1
[    0.000000] Hierarchical RCU implementation.
[    0.000000] 	Build-time adjustment of leaf fanout to 32.
[    0.000000] 	RCU restricting CPUs from NR_CPUS=16 to nr_cpu_ids=4.
[    0.000000] RCU: Adjusting geometry for rcu_fanout_leaf=32, nr_cpu_ids=4
[    0.000000] NR_IRQS:16 nr_irqs:16 16
[    0.000000] /interrupt-controller@60004000: 160 interrupts forwarded to /interrupt-controller@50041000
[    0.000000] L2C: platform modifies aux control register: 0x02080000 -> 0x3e480001
[    0.000000] L2C: DT/platform modifies aux control register: 0x02080000 -> 0x3e480001
[    0.000000] L2C-310 erratum 769419 enabled
[    0.000000] L2C-310 enabling early BRESP for Cortex-A9
[    0.000000] L2C-310: enabling full line of zeros but not enabled in Cortex-A9
[    0.000000] L2C-310 dynamic clock gating enabled, standby mode enabled
[    0.000000] L2C-310 cache controller enabled, 8 ways, 1024 kB
[    0.000000] L2C-310: CACHE_ID 0x410000c7, AUX_CTRL 0x4e480001
[    0.000013] sched_clock: 32 bits at 1000kHz, resolution 1000ns, wraps every 2147483647500ns
[    0.000030] clocksource: timer_us: mask: 0xffffffff max_cycles: 0xffffffff, max_idle_ns: 1911260446275 ns
[    0.000039] Switching to timer-based delay loop, resolution 1000ns
[    0.002834] Console: colour dummy device 80x30
[    0.002863] Calibrating delay loop (skipped), value calculated using timer frequency.. 2.00 BogoMIPS (lpj=5000)
[    0.002872] pid_max: default: 32768 minimum: 301
[    0.002959] Mount-cache hash table entries: 2048 (order: 1, 8192 bytes)
[    0.002966] Mountpoint-cache hash table entries: 2048 (order: 1, 8192 bytes)
[    0.003400] CPU: Testing write buffer coherency: ok
[    0.003680] CPU0: thread -1, cpu 0, socket 0, mpidr 80000000
[    0.003726] Setting up static identity map for 0x80300000 - 0x80300098
[    0.006318] Tegra Revision: A03 SKU: 128 CPU Process: 4 SoC Process: 0
[    0.010353] CPU1: thread -1, cpu 1, socket 0, mpidr 80000001
[    0.015331] CPU2: thread -1, cpu 2, socket 0, mpidr 80000002
[    0.020332] CPU3: thread -1, cpu 3, socket 0, mpidr 80000003
[    0.020376] Brought up 4 CPUs
[    0.020390] SMP: Total of 4 processors activated (8.00 BogoMIPS).
[    0.020395] CPU: All CPU(s) started in SVC mode.
[    0.021080] devtmpfs: initialized
[    0.030233] VFP support v0.3: implementor 41 architecture 3 part 30 variant 9 rev 4
[    0.030668] clocksource: jiffies: mask: 0xffffffff max_cycles: 0xffffffff, max_idle_ns: 9556302231375000 ns
[    0.033933] pinctrl core: initialized pinctrl subsystem
[    0.035584] NET: Registered protocol family 16
[    0.037648] DMA: preallocated 256 KiB pool for atomic coherent allocations
[    0.054917] cpuidle: using governor menu
[    0.063823] No ATAGs?hw-breakpoint: found 5 (+1 reserved) breakpoint and 1 watchpoint registers.
[    0.063850] hw-breakpoint: maximum watchpoint size is 4 bytes.
[    0.067261] Serial: AMBA PL011 UART driver
[    0.068585] tegra-mc 7000f000.memory-controller: no memory timings for RAM code 3 registered
[    0.087976] vdd_5v_sata: Failed to request enable GPIO30: -517
[    0.087990] reg-fixed-voltage regulators:regulator@3: Failed to register regulator: -517
[    0.088034] usb1_vbus: Failed to request enable GPIO238: -517
[    0.088041] reg-fixed-voltage regulators:regulator@4: Failed to register regulator: -517
[    0.088083] usb3_vbus: Failed to request enable GPIO236: -517
[    0.088090] reg-fixed-voltage regulators:regulator@5: Failed to register regulator: -517
[    0.088176] sys_3v3_pexs: Failed to request enable GPIO95: -517
[    0.088184] reg-fixed-voltage regulators:regulator@7: Failed to register regulator: -517
[    0.090158] vgaarb: loaded
[    0.090654] SCSI subsystem initialized
[    0.090799] libata version 3.00 loaded.
[    0.090983] usbcore: registered new interface driver usbfs
[    0.091020] usbcore: registered new interface driver hub
[    0.091056] usbcore: registered new device driver usb
[    0.097771] vrtc: supplied by vdd_5v_in
[    0.101071] vio: supplied by vdd_5v_in
[    0.106829] vdd1: supplied by vdd_5v_in
[    0.108192] vddio_ddr_1v2: Bringing 600000uV into 1200000-1200000uV
[    0.111833] vdd2: supplied by vdd_5v_in
[    0.121817] ldo1: supplied by vdd_1v5_gen
[    0.124203] ldo2: supplied by vdd_1v5_gen
[    0.124674] vdd_sata,avdd_plle: Bringing 1200000uV into 1050000-1050000uV
[    0.126924] ldo3: supplied by vdd_5v_in
[    0.129285] ldo4: supplied by vdd_5v_in
[    0.131827] ldo5: supplied by vdd_5v_in
[    0.136832] ldo6: supplied by vdd_1v8_gen
[    0.137303] avdd_dsi_csi,pwrdet_mipi: Bringing 1000000uV into 1200000-1200000uV
[    0.139569] ldo7: supplied by vdd_1v8_gen
[    0.146822] ldo8: supplied by vdd_1v8_gen
[    0.151869] pps_core: LinuxPPS API ver. 1 registered
[    0.151875] pps_core: Software ver. 5.3.6 - Copyright 2005-2007 Rodolfo Giometti <giometti@linux.it>
[    0.151888] PTP clock support registered
[    0.152027] EDAC MC: Ver: 3.0.0
[    0.153606] clocksource: Switched to clocksource timer_us
[    0.159505] NET: Registered protocol family 2
[    0.159895] TCP established hash table entries: 8192 (order: 3, 32768 bytes)
[    0.159951] TCP bind hash table entries: 8192 (order: 4, 65536 bytes)
[    0.160034] TCP: Hash tables configured (established 8192 bind 8192)
[    0.160123] UDP hash table entries: 512 (order: 2, 16384 bytes)
[    0.160181] UDP-Lite hash table entries: 512 (order: 2, 16384 bytes)
[    0.160342] NET: Registered protocol family 1
[    0.160626] RPC: Registered named UNIX socket transport module.
[    0.160633] RPC: Registered udp transport module.
[    0.160637] RPC: Registered tcp transport module.
[    0.160641] RPC: Registered tcp NFSv4.1 backchannel transport module.
[    0.160651] PCI: CLS 0 bytes, default 64
[    0.161372] hw perfevents: /pmu: failed to probe PMU!
[    0.161379] hw perfevents: /pmu: failed to register PMU devices!
[    0.161391] armv7-pmu: probe of pmu failed with error -22
[    0.162290] futex hash table entries: 1024 (order: 4, 65536 bytes)
[    0.162674] workingset: timestamp_bits=30 max_order=19 bucket_order=0
[    0.168245] squashfs: version 4.0 (2009/01/31) Phillip Lougher
[    0.168739] NFS: Registering the id_resolver key type
[    0.168763] Key type id_resolver registered
[    0.168767] Key type id_legacy registered
[    0.168796] ntfs: driver 2.1.32 [Flags: R/O].
[    0.169588] bounce: pool size: 64 pages
[    0.169712] Block layer SCSI generic (bsg) driver version 0.4 loaded (major 248)
[    0.169720] io scheduler noop registered
[    0.169725] io scheduler deadline registered
[    0.169830] io scheduler cfq registered (default)
[    0.172233] libphy: mdio_driver_register: phy-bcm-ns2-pci
[    0.175724] tegra30-pinctrl 70000868.pinmux: invalid group "sdmmc3_dat6_pd3" for function "rsvd1"
[    0.175739] tegra30-pinctrl 70000868.pinmux: invalid group "sdmmc3_dat7_pd4" for function "rsvd1"
[    0.175753] tegra30-pinctrl 70000868.pinmux: invalid group "vi_vsync_pd6" for function "rsvd1"
[    0.175763] tegra30-pinctrl 70000868.pinmux: invalid group "vi_hsync_pd7" for function "rsvd1"
[    0.176230] tegra30-pinctrl 70000868.pinmux: invalid group "hdmi_int_pn7" for function "rsvd1"
[    0.176277] tegra30-pinctrl 70000868.pinmux: invalid group "ulpi_data3_po4" for function "rsvd1"
[    0.176616] tegra30-pinctrl 70000868.pinmux: invalid group "vi_d10_pt2" for function "rsvd1"
[    0.176629] tegra30-pinctrl 70000868.pinmux: invalid group "vi_d11_pt3" for function "rsvd1"
[    0.176641] tegra30-pinctrl 70000868.pinmux: invalid group "vi_d0_pt4" for function "rsvd1"
[    0.176682] tegra30-pinctrl 70000868.pinmux: invalid group "pu0" for function "rsvd1"
[    0.176713] tegra30-pinctrl 70000868.pinmux: invalid group "pu3" for function "rsvd1"
[    0.176752] tegra30-pinctrl 70000868.pinmux: invalid group "pu6" for function "rsvd1"
[    0.176793] tegra30-pinctrl 70000868.pinmux: invalid group "pv3" for function "rsvd1"
[    0.177297] tegra30-pinctrl 70000868.pinmux: invalid group "pbb0" for function "rsvd1"
[    0.177416] tegra30-pinctrl 70000868.pinmux: invalid group "pcc1" for function "rsvd1"
[    0.182877] tegra-pcie 3000.pcie-controller: 2x3 configuration
[    0.183021] tegra-pcie 3000.pcie-controller: Failed to get supply 'hvdd-pex': -517
[    0.186888] tegra-apbdma 6000a000.dma: Tegra20 APB DMA driver register 32 channels
[    0.187927] tegra-pmc 7000e400.pmc: i2c-thermtrip node not found, emergency thermal reset disabled.
[    0.222256] Serial: 8250/16550 driver, 4 ports, IRQ sharing disabled
[    0.224427] console [ttyS0] disabled
[    0.224483] 70006000.serial: ttyS0 at MMIO 0x70006000 (irq = 331, base_baud = 25500000) is a Tegra
[    1.219609] console [ttyS0] enabled
[    1.223625] SuperH (H)SCI(F) driver initialized
[    1.228772] msm_serial: driver initialized
[    1.232978] STMicroelectronics ASC driver initialized
[    1.240262] [drm] Initialized drm 1.1.0 20060810
[    1.246880] tegra-hdmi 54280000.hdmi: failed to get HDMI regulator
[    1.261253] brd: module loaded
[    1.268219] loop: module loaded
[    1.276486] m25p80 spi32766.1: w25q32 (4096 Kbytes)
[    1.283366] libphy: Fixed MDIO Bus: probed
[    1.287950] CAN device driver interface
[    1.293055] igb: Intel(R) Gigabit Ethernet Network Driver - version 5.3.0-k
[    1.300009] igb: Copyright (c) 2007-2014 Intel Corporation.
[    1.307437] pegasus: v0.9.3 (2013/04/25), Pegasus/Pegasus II USB Ethernet driver
[    1.314876] usbcore: registered new interface driver pegasus
[    1.320567] usbcore: registered new interface driver asix
[    1.325980] usbcore: registered new interface driver ax88179_178a
[    1.332085] usbcore: registered new interface driver cdc_ether
[    1.337939] usbcore: registered new interface driver smsc75xx
[    1.343712] usbcore: registered new interface driver smsc95xx
[    1.349470] usbcore: registered new interface driver net1080
[    1.355141] usbcore: registered new interface driver cdc_subset
[    1.361084] usbcore: registered new interface driver zaurus
[    1.366686] usbcore: registered new interface driver cdc_ncm
[    1.373718] ehci_hcd: USB 2.0 'Enhanced' Host Controller (EHCI) Driver
[    1.380240] ehci-pci: EHCI PCI platform driver
[    1.384700] ehci-platform: EHCI generic platform driver
[    1.390045] ehci-orion: EHCI orion driver
[    1.394129] SPEAr-ehci: EHCI SPEAr driver
[    1.398205] ehci-st: EHCI STMicroelectronics driver
[    1.403158] ehci-exynos: EHCI EXYNOS driver
[    1.407431] ehci-atmel: EHCI Atmel driver
[    1.411518] tegra-ehci: Tegra EHCI driver
[    1.415823] ohci_hcd: USB 1.1 'Open' Host Controller (OHCI) Driver
[    1.422007] ohci-pci: OHCI PCI platform driver
[    1.426473] ohci-platform: OHCI generic platform driver
[    1.431799] ohci-omap3: OHCI OMAP3 driver
[    1.435883] SPEAr-ohci: OHCI SPEAr driver
[    1.439970] ohci-st: OHCI STMicroelectronics driver
[    1.444920] ohci-atmel: OHCI Atmel driver
[    1.449376] usbcore: registered new interface driver usb-storage
[    1.456332] mousedev: PS/2 mouse device common for all mice
[    1.463804] tegra_rtc 7000e000.rtc: rtc core: registered 7000e000.rtc as rtc1
[    1.470966] tegra_rtc 7000e000.rtc: Tegra internal Real Time Clock
[    1.479794] random: fast init done
[    1.493086] tps65910-rtc tps65910-rtc: rtc core: registered tps65910-rtc as rtc0
[    1.500680] i2c /dev entries driver
[    1.512025] sdhci: Secure Digital Host Controller Interface driver
[    1.518205] sdhci: Copyright(c) Pierre Ossman
[    1.523480] Synopsys Designware Multimedia Card Interface Driver
[    1.530132] sdhci-pltfm: SDHCI platform and OF driver helper
[    1.536302] sdhci-tegra 78000000.sdhci: Got CD GPIO
[    1.541189] sdhci-tegra 78000000.sdhci: Got WP GPIO
[    1.547247] mmc0: Invalid maximum block size, assuming 512 bytes
[    1.598684] mmc0: SDHCI controller on 78000000.sdhci [78000000.sdhci] using ADMA
[    1.607249] mmc1: Invalid maximum block size, assuming 512 bytes
[    1.653613] mmc1: SDHCI controller on 78000600.sdhci [78000600.sdhci] using ADMA
[    1.662363] ledtrig-cpu: registered to indicate activity on CPUs
[    1.670539] usbcore: registered new interface driver usbhid
[    1.676109] usbhid: USB HID core driver
[    1.683737] NET: Registered protocol family 10
[    1.688864] sit: IPv6, IPv4 and MPLS over IPv4 tunneling driver
[    1.695210] NET: Registered protocol family 17
[    1.699660] can: controller area network core (rev 20120528 abi 9)
[    1.705876] NET: Registered protocol family 29
[    1.710317] can: raw protocol (rev 20120528)
[    1.714580] can: broadcast manager protocol (rev 20160617 t)
[    1.720234] can: netlink gateway (rev 20130117) max_hops=1
[    1.726000] Key type dns_resolver registered
[    1.730674] ThumbEE CPU extension supported.
[    1.734951] Registering SWP/SWPB emulation handler
[    1.748141] vdd_ddr: supplied by vdd_5v_in
[    1.748453] mmc1: new high speed MMC card at address 0001
[    1.749566] mmcblk1: mmc1:0001 SEM16G 14.8 GiB 
[    1.749691] mmcblk1boot0: mmc1:0001 SEM16G partition 1 1.00 MiB
[    1.749804] mmcblk1boot1: mmc1:0001 SEM16G partition 2 1.00 MiB
[    1.749921] mmcblk1rpmb: mmc1:0001 SEM16G partition 3 128 KiB
[    1.756856] Primary GPT is invalid, using alternate GPT.
[    1.756873]  mmcblk1: p1 p2 p3 p4 p5
[    1.790311] vdd_5v_sata: supplied by vdd_5v_in
[    1.794437] mmc0: new ultra high speed DDR50 SDHC card at address aaaa
[    1.795125] mmcblk0: mmc0:aaaa SS04G 3.69 GiB 
[    1.806111] usb1_vbus: supplied by vdd_5v_in
[    1.810739] usb3_vbus: supplied by vdd_5v_in
[    1.816803]  mmcblk0: p1 p2 p3
[    1.820945] sys_3v3,vdd_3v3_alw: supplied by vdd_5v_in
[    1.827471] +VDD_5V_HDMI: supplied by sys_3v3,vdd_3v3_alw
[    1.833113] sys_3v3_pexs: supplied by sys_3v3,vdd_3v3_alw
[    1.839217] tegra-pcie 3000.pcie-controller: 2x3 configuration
[    1.849404] tegra-pcie 3000.pcie-controller: probing port 0, using 2 lanes
[    1.914560] tegra-pcie 3000.pcie-controller: probing port 2, using 2 lanes
[    2.325065] tegra-pcie 3000.pcie-controller: link 2 down, retrying
[    2.735145] tegra-pcie 3000.pcie-controller: link 2 down, retrying
[    3.145218] tegra-pcie 3000.pcie-controller: link 2 down, retrying
[    3.153407] tegra-pcie 3000.pcie-controller: link 2 down, ignoring
[    3.159705] tegra-pcie 3000.pcie-controller: PCI host bridge to bus 0000:00
[    3.166667] pci_bus 0000:00: root bus resource [io  0x0000-0xffff]
[    3.172839] pci_bus 0000:00: root bus resource [mem 0x20000000-0x27ffffff]
[    3.179706] pci_bus 0000:00: root bus resource [mem 0x28000000-0x3fffffff pref]
[    3.187006] pci_bus 0000:00: root bus resource [bus 00-ff]
[    3.192506] pci 0000:00:01.0: [10de:0e1c] type 01 class 0x060400
[    3.198568] pci 0000:00:01.0: PME# supported from D0 D1 D2 D3hot D3cold
[    3.205334] PCI: bus0: Fast back to back transfers disabled
[    3.210904] pci 0000:00:01.0: bridge configuration invalid ([bus 00-00]), reconfiguring
[    3.218995] pci 0000:01:00.0: [10ec:8168] type 00 class 0x020000
[    3.225010] pci 0000:01:00.0: reg 0x10: [io  0x0000-0x00ff]
[    3.230588] pci 0000:01:00.0: reg 0x18: [mem 0x00000000-0x00000fff 64bit pref]
[    3.237808] pci 0000:01:00.0: reg 0x20: [mem 0x00000000-0x00003fff 64bit pref]
[    3.245098] pci 0000:01:00.0: supports D1 D2
[    3.249365] pci 0000:01:00.0: PME# supported from D0 D1 D2 D3hot D3cold
[    3.268629] PCI: bus1: Fast back to back transfers disabled
[    3.274200] pci_bus 0000:01: busn_res: [bus 01-ff] end is updated to 01
[    3.280865] pci 0000:00:01.0: BAR 9: assigned [mem 0x28000000-0x280fffff 64bit pref]
[    3.288601] pci 0000:00:01.0: BAR 7: assigned [io  0x1000-0x1fff]
[    3.294690] pci 0000:01:00.0: BAR 4: assigned [mem 0x28000000-0x28003fff 64bit pref]
[    3.302431] pci 0000:01:00.0: BAR 2: assigned [mem 0x28004000-0x28004fff 64bit pref]
[    3.310171] pci 0000:01:00.0: BAR 0: assigned [io  0x1000-0x10ff]
[    3.316259] pci 0000:00:01.0: PCI bridge to [bus 01]
[    3.321218] pci 0000:00:01.0:   bridge window [io  0x1000-0x1fff]
[    3.327305] pci 0000:00:01.0:   bridge window [mem 0x28000000-0x280fffff 64bit pref]
[    3.335051] pci 0000:00:01.0: nv_msi_ht_cap_quirk didn't locate host bridge
[    3.342060] pcieport 0000:00:01.0: enabling device (0140 -> 0143)
[    3.348314] pcieport 0000:00:01.0: Signaling PME through PCIe PME interrupt
[    3.355273] pci 0000:01:00.0: Signaling PME through PCIe PME interrupt
[    3.361793] pcie_pme 0000:00:01.0:pcie001: service driver pcie_pme loaded
[    3.368760] r8169 Gigabit Ethernet driver 2.3LK-NAPI loaded
[    3.374349] r8169 0000:01:00.0: enabling device (0140 -> 0143)
[    3.381460] r8169 0000:01:00.0 eth0: RTL8168evl/8111evl at 0xf09fa000, 02:04:4b:01:60:a6, XID 0c900800 IRQ 375
[    3.391462] r8169 0000:01:00.0 eth0: jumbo features [frames: 9200 bytes, tx checksumming: ko]
[    3.403303] [drm] Supports vblank timestamp caching Rev 2 (21.10.2013).
[    3.409919] [drm] No driver support for vblank timestamp query.
[    3.415862] drm drm: No connectors reported connected with modes
[    3.421868] [drm] Cannot find any crtc or sizes - going 1024x768
[    3.447670] Console: switching to colour frame buffer device 128x48
[    3.460047] drm drm: fb0:  frame buffer device
[    3.483610] [drm] Initialized tegra 0.0.0 20120330 on minor 0
[    3.494665] utmi_phy_clk_enable: timeout waiting for phy to stabilize
[    3.501133] tegra-ehci 7d004000.usb: EHCI Host Controller
[    3.506545] tegra-ehci 7d004000.usb: new USB bus registered, assigned bus number 1
[    3.514789] tegra-ehci 7d004000.usb: irq 343, io mem 0x7d004000
[    3.533616] tegra-ehci 7d004000.usb: USB 2.0 started, EHCI 1.00
[    3.540137] hub 1-0:1.0: USB hub found
[    3.543923] hub 1-0:1.0: 1 port detected
[    3.549024] tegra-ehci 7d008000.usb: EHCI Host Controller
[    3.554437] tegra-ehci 7d008000.usb: new USB bus registered, assigned bus number 2
[    3.562174] tegra-ehci 7d008000.usb: irq 344, io mem 0x7d008000
[    3.578609] tegra-ehci 7d008000.usb: USB 2.0 started, EHCI 1.00
[    3.584975] hub 2-0:1.0: USB hub found
[    3.588757] hub 2-0:1.0: 1 port detected
[    3.597570] tps65910-rtc tps65910-rtc: setting system clock to 2000-01-01 00:00:02 UTC (946684802)
[    3.611463] vdd_sata,avdd_plle: disabling
[    3.616269] usb1_vbus: disabling
[    3.621400] EXT4-fs (mmcblk1p1): mounting ext3 file system using the ext4 subsystem
[    3.682539] EXT4-fs (mmcblk1p1): warning: mounting fs with errors, running e2fsck is recommended
[    3.692808] EXT4-fs (mmcblk1p1): recovery complete
[    3.698800] EXT4-fs (mmcblk1p1): mounted filesystem with ordered data mode. Opts: (null)
[    3.706919] VFS: Mounted root (ext3 filesystem) on device 179:1.
[    3.716322] devtmpfs: mounted
[    3.721832] Freeing unused kernel memory: 2048K (c1100000 - c1300000)
bash: cannot set terminal process group (-1): Inappropriate ioctl for device
bash: no job control in this shell
root@(none):/# [    3.918637] usb 2-1: new high-speed USB device number 2 using tegra-ehci
