[    0.000000] Booting Linux on physical CPU 0x0
[    0.000000] Linux version 4.6.0-next-20160527+ (pwalmsley@tamien) (gcc version 4.9.2 20140904 (prerelease) (crosstool-NG linaro-1.13.1-4.9-2014.09 - Linaro GCC 4.9-2014.09) ) #1 SMP PREEMPT Tue May 31 05:13:53 PDT 2016
[    0.000000] Boot CPU: AArch64 Processor [411fd070]
[    0.000000] Memory limited to 1024MB
[    0.000000] efi: Getting EFI parameters from FDT:
[    0.000000] efi: UEFI not found.
[    0.000000] cma: Reserved 16 MiB at 0x000000007f000000
[    0.000000] psci: probing for conduit method from DT.
[    0.000000] psci: PSCIv0.2 detected in firmware.
[    0.000000] psci: Using standard PSCI v0.2 function IDs
[    0.000000] psci: Trusted OS migration not required
[    0.000000] percpu: Embedded 20 pages/cpu @ffff80003efd0000 s42752 r8192 d30976 u81920
[    0.000000] Detected PIPT I-cache on CPU0
[    0.000000] CPU features: enabling workaround for ARM erratum 832075
[    0.000000] CPU features: enabling workaround for ARM erratum 834220
[    0.000000] Built 1 zonelists in Zone order, mobility grouping on.  Total pages: 258048
[    0.000000] Kernel command line: root=/dev/vda2 rw rootwait mem=1024M console=ttyAMA0,38400n8 init=/bin/bash
[    0.000000] PID hash table entries: 4096 (order: 3, 32768 bytes)
[    0.000000] Dentry cache hash table entries: 131072 (order: 8, 1048576 bytes)
[    0.000000] Inode-cache hash table entries: 65536 (order: 7, 524288 bytes)
[    0.000000] software IO TLB [mem 0x79c00000-0x7dc00000] (64MB) mapped at [ffff800039c00000-ffff80003dbfffff]
[    0.000000] Memory: 935196K/1048576K available (7492K kernel code, 648K rwdata, 3448K rodata, 960K init, 258K bss, 96996K reserved, 16384K cma-reserved)
[    0.000000] Virtual kernel memory layout:
[    0.000000]     modules : 0xffff000000000000 - 0xffff000008000000   (   128 MB)
[    0.000000]     vmalloc : 0xffff000008000000 - 0xffff7dffbfff0000   (129022 GB)
[    0.000000]       .text : 0xffff000008080000 - 0xffff0000087c0000   (  7424 KB)
[    0.000000]     .rodata : 0xffff0000087c0000 - 0xffff000008b30000   (  3520 KB)
[    0.000000]       .init : 0xffff000008b30000 - 0xffff000008c20000   (   960 KB)
[    0.000000]       .data : 0xffff000008c20000 - 0xffff000008cc2000   (   648 KB)
[    0.000000]        .bss : 0xffff000008cc2000 - 0xffff000008d02b40   (   259 KB)
[    0.000000]     fixed   : 0xffff7dfffe7fd000 - 0xffff7dfffec00000   (  4108 KB)
[    0.000000]     PCI I/O : 0xffff7dfffee00000 - 0xffff7dffffe00000   (    16 MB)
[    0.000000]     vmemmap : 0xffff7e0000000000 - 0xffff800000000000   (  2048 GB maximum)
[    0.000000]               0xffff7e0000000000 - 0xffff7e0001000000   (    16 MB actual)
[    0.000000]     memory  : 0xffff800000000000 - 0xffff800040000000   (  1024 MB)
[    0.000000] SLUB: HWalign=64, Order=0-3, MinObjects=0, CPUs=1, Nodes=1
[    0.000000] Preemptible hierarchical RCU implementation.
[    0.000000] 	Build-time adjustment of leaf fanout to 64.
[    0.000000] 	RCU restricting CPUs from NR_CPUS=64 to nr_cpu_ids=1.
[    0.000000] RCU: Adjusting geometry for rcu_fanout_leaf=64, nr_cpu_ids=1
[    0.000000] NR_IRQS:64 nr_irqs:64 0
[    0.000000] GICv2m: range[mem 0x08020000-0x08020fff], SPI[80:143]
[    0.000000] Architected cp15 timer(s) running at 62.50MHz (virt).
[    0.000000] clocksource: arch_sys_counter: mask: 0xffffffffffffff max_cycles: 0x1cd42e208c, max_idle_ns: 881590405314 ns
[    0.000166] sched_clock: 56 bits at 62MHz, resolution 16ns, wraps every 4398046511096ns
[    0.006757] Console: colour dummy device 80x25
[    0.007455] Calibrating delay loop (skipped), value calculated using timer frequency.. 125.00 BogoMIPS (lpj=250000)
[    0.007627] pid_max: default: 32768 minimum: 301
[    0.008568] Security Framework initialized
[    0.009245] Mount-cache hash table entries: 2048 (order: 2, 16384 bytes)
[    0.009303] Mountpoint-cache hash table entries: 2048 (order: 2, 16384 bytes)
[    0.033603] ASID allocator initialised with 65536 entries
[    0.058209] EFI services will not be available.
[    0.064669] Brought up 1 CPUs
[    0.064725] SMP: Total of 1 processors activated.
[    0.064830] CPU features: detected feature: 32-bit EL0 Support
[    0.065041] CPU: All CPU(s) started at EL1
[    0.065934] alternatives: patching kernel code
[    0.079770] devtmpfs: initialized
[    0.091064] DMI not present or invalid.
[    0.092792] clocksource: jiffies: mask: 0xffffffff max_cycles: 0xffffffff, max_idle_ns: 7645041785100000 ns
[    0.095909] pinctrl core: initialized pinctrl subsystem
[    0.124901] NET: Registered protocol family 16
[    0.148389] cpuidle: using governor menu
[    0.149422] vdso: 2 pages (1 code @ ffff0000087c6000, 1 data @ ffff000008c24000)
[    0.149688] hw-breakpoint: found 6 breakpoint and 4 watchpoint registers.
[    0.156612] DMA: preallocated 256 KiB pool for atomic allocations
[    0.159241] Serial: AMBA PL011 UART driver
[    0.217341] 9000000.pl011: ttyAMA0 at MMIO 0x9000000 (irq = 39, base_baud = 0) is a PL011 rev1
[    0.240112] console [ttyAMA0] enabled
[    0.394235] HugeTLB registered 2 MB page size, pre-allocated 0 pages
[    0.409993] ACPI: Interpreter disabled.
[    0.415689] vgaarb: loaded
[    0.418931] SCSI subsystem initialized
[    0.426187] usbcore: registered new interface driver usbfs
[    0.428344] usbcore: registered new interface driver hub
[    0.429879] usbcore: registered new device driver usb
[    0.435844] pps_core: LinuxPPS API ver. 1 registered
[    0.436067] pps_core: Software ver. 5.3.6 - Copyright 2005-2007 Rodolfo Giometti <giometti@linux.it>
[    0.436727] PTP clock support registered
[    0.439145] dmi: Firmware registration failed.
[    0.444224] Advanced Linux Sound Architecture Driver Initialized.
[    0.460008] clocksource: Switched to clocksource arch_sys_counter
[    0.461089] VFS: Disk quotas dquot_6.6.0
[    0.461582] VFS: Dquot-cache hash table entries: 512 (order 0, 4096 bytes)
[    0.466411] pnp: PnP ACPI: disabled
[    0.563396] NET: Registered protocol family 2
[    0.570469] TCP established hash table entries: 8192 (order: 4, 65536 bytes)
[    0.571129] TCP bind hash table entries: 8192 (order: 5, 131072 bytes)
[    0.572284] TCP: Hash tables configured (established 8192 bind 8192)
[    0.573389] UDP hash table entries: 512 (order: 2, 16384 bytes)
[    0.573887] UDP-Lite hash table entries: 512 (order: 2, 16384 bytes)
[    0.575963] NET: Registered protocol family 1
[    0.583725] RPC: Registered named UNIX socket transport module.
[    0.584291] RPC: Registered udp transport module.
[    0.584585] RPC: Registered tcp transport module.
[    0.584805] RPC: Registered tcp NFSv4.1 backchannel transport module.
[    0.591191] kvm [1]: HYP mode not available
[    0.610642] futex hash table entries: 256 (order: 3, 32768 bytes)
[    0.611635] audit: initializing netlink subsys (disabled)
[    0.613369] audit: type=2000 audit(0.592:1): initialized
[    0.622962] workingset: timestamp_bits=44 max_order=18 bucket_order=0
[    0.702751] squashfs: version 4.0 (2009/01/31) Phillip Lougher
[    0.714151] NFS: Registering the id_resolver key type
[    0.715157] Key type id_resolver registered
[    0.715381] Key type id_legacy registered
[    0.717984] fuse init (API version 7.24)
[    0.722370] 9p: Installing v9fs 9p2000 file system support
[    0.737463] io scheduler noop registered
[    0.738637] io scheduler cfq registered (default)
[    0.765968] pl061_gpio 9030000.pl061: PL061 GPIO chip @0x0000000009030000 registered
[    0.772771] PCI host bridge /pcie@10000000 ranges:
[    0.773476]    IO 0x3eff0000..0x3effffff -> 0x00000000
[    0.774014]   MEM 0x10000000..0x3efeffff -> 0x10000000
[    0.774292]   MEM 0x8000000000..0xffffffffff -> 0x8000000000
[    0.775162] pci-host-generic 3f000000.pcie: ECAM at [mem 0x3f000000-0x3fffffff] for [bus 00-0f]
[    0.778497] pci-host-generic 3f000000.pcie: PCI host bridge to bus 0000:00
[    0.779004] pci_bus 0000:00: root bus resource [bus 00-0f]
[    0.779353] pci_bus 0000:00: root bus resource [io  0x0000-0xffff]
[    0.779655] pci_bus 0000:00: root bus resource [mem 0x10000000-0x3efeffff]
[    0.780336] pci_bus 0000:00: root bus resource [mem 0x8000000000-0xffffffffff]
[    0.818957] xenfs: not registering filesystem on non-xen platform
[    0.856616] Serial: 8250/16550 driver, 4 ports, IRQ sharing disabled
[    0.871496] SuperH (H)SCI(F) driver initialized
[    0.875354] msm_serial: driver initialized
[    0.880782] Unable to detect cache hierarchy from DT for CPU 0
[    0.946775] loop: module loaded
[    0.978086]  vda: vda1 vda2
[    1.010585] tun: Universal TUN/TAP device driver, 1.6
[    1.010899] tun: (C) 1999-2004 Max Krasnyansky <maxk@qualcomm.com>
[    1.026070] e1000e: Intel(R) PRO/1000 Network Driver - 3.2.6-k
[    1.026395] e1000e: Copyright(c) 1999 - 2015 Intel Corporation.
[    1.027540] igb: Intel(R) Gigabit Ethernet Network Driver - version 5.3.0-k
[    1.028535] igb: Copyright (c) 2007-2014 Intel Corporation.
[    1.029510] igbvf: Intel(R) Gigabit Virtual Function Network Driver - version 2.0.2-k
[    1.029886] igbvf: Copyright (c) 2009 - 2012 Intel Corporation.
[    1.030665] sky2: driver version 1.30
[    1.036791] VFIO - User Level meta-driver version: 0.3
[    1.050308] ehci_hcd: USB 2.0 'Enhanced' Host Controller (EHCI) Driver
[    1.050679] ehci-pci: EHCI PCI platform driver
[    1.051656] ehci-platform: EHCI generic platform driver
[    1.053430] ehci-msm: Qualcomm On-Chip EHCI Host Controller
[    1.054394] ohci_hcd: USB 1.1 'Open' Host Controller (OHCI) Driver
[    1.054801] ohci-pci: OHCI PCI platform driver
[    1.055546] ohci-platform: OHCI generic platform driver
[    1.058740] usbcore: registered new interface driver usb-storage
[    1.069847] mousedev: PS/2 mouse device common for all mice
[    1.083132] rtc-pl031 9010000.pl031: rtc core: registered pl031 as rtc0
[    1.086539] i2c /dev entries driver
[    1.106321] sdhci: Secure Digital Host Controller Interface driver
[    1.106629] sdhci: Copyright(c) Pierre Ossman
[    1.107538] Synopsys Designware Multimedia Card Interface Driver
[    1.112628] sdhci-pltfm: SDHCI platform and OF driver helper
[    1.118735] ledtrig-cpu: registered to indicate activity on CPUs
[    1.128835] usbcore: registered new interface driver usbhid
[    1.129148] usbhid: USB HID core driver
[    1.149489] NET: Registered protocol family 17
[    1.150955] 9pnet: Installing 9P2000 support
[    1.152603] Key type dns_resolver registered
[    1.157123] registered taskstats version 1
[    1.170063] input: gpio-keys as /devices/platform/gpio-keys/input/input0
[    1.174100] rtc-pl031 9010000.pl031: setting system clock to 2016-05-31 12:14:25 UTC (1464696865)
[    1.176554] ALSA device list:
[    1.176742]   No soundcards found.
[    1.180441] uart-pl011 9000000.pl011: no DMA platform data
[    1.187124] EXT4-fs (vda2): couldn't mount as ext3 due to feature incompatibilities
[    1.239577] EXT4-fs (vda2): recovery complete
[    1.240424] EXT4-fs (vda2): mounted filesystem with ordered data mode. Opts: (null)
[    1.241333] VFS: Mounted root (ext4 filesystem) on device 254:2.
[    1.244610] devtmpfs: mounted
[    1.285054] Freeing unused kernel memory: 960K (ffff800000b30000 - ffff800000c20000)
bash: cannot set terminal process group (-1): Inappropriate ioctl for device
bash: no job control in this shell
bash-4.3# 