[    0.000000] Booting Linux on physical CPU 0x0000000000 [0x411fd070]
[    0.000000] Linux version 4.15.0-rc7-next-20180112-345149-g3e53c7415294 (jonathanh@tamien) (gcc version 4.9.2 20140904 (prerelease) (crosstool-NG linaro-1.13.1-4.9-2014.09 - Linaro GCC 4.9-2014.09)) #1 SMP PREEMPT Thu Jan 11 21:55:24 PST 2018
[    0.000000] Machine model: linux,dummy-virt
[    0.000000] Memory limited to 1024MB
[    0.000000] efi: Getting EFI parameters from FDT:
[    0.000000] efi: UEFI not found.
[    0.000000] cma: Reserved 16 MiB at 0x000000007f000000
[    0.000000] NUMA: No NUMA configuration found
[    0.000000] NUMA: Faking a node at [mem 0x0000000000000000-0x000000007fffffff]
[    0.000000] NUMA: NODE_DATA [mem 0x7efeb000-0x7efecaff]
[    0.000000] Zone ranges:
[    0.000000]   DMA      [mem 0x0000000040000000-0x000000007fffffff]
[    0.000000]   Normal   empty
[    0.000000] Movable zone start for each node
[    0.000000] Early memory node ranges
[    0.000000]   node   0: [mem 0x0000000040000000-0x000000007fffffff]
[    0.000000] Initmem setup node 0 [mem 0x0000000040000000-0x000000007fffffff]
[    0.000000] psci: probing for conduit method from DT.
[    0.000000] psci: PSCIv0.2 detected in firmware.
[    0.000000] psci: Using standard PSCI v0.2 function IDs
[    0.000000] psci: Trusted OS migration not required
[    0.000000] random: fast init done
[    0.000000] percpu: Embedded 23 pages/cpu @        (ptrval) s55168 r8192 d30848 u94208
[    0.000000] Detected PIPT I-cache on CPU0
[    0.000000] CPU features: enabling workaround for ARM erratum 832075
[    0.000000] CPU features: enabling workaround for ARM erratum 834220
[    0.000000] Built 1 zonelists, mobility grouping on.  Total pages: 258048
[    0.000000] Policy zone: DMA
[    0.000000] Kernel command line: root=/dev/vda2 rw rootwait mem=1024M console=ttyAMA0,38400n8 init=/bin/bash
[    0.000000] Memory: 998332K/1048576K available (9788K kernel code, 1232K rwdata, 4588K rodata, 1152K init, 404K bss, 33860K reserved, 16384K cma-reserved)
[    0.000000] Virtual kernel memory layout:
[    0.000000]     modules : 0xffff000000000000 - 0xffff000008000000   (   128 MB)
[    0.000000]     vmalloc : 0xffff000008000000 - 0xffff7dffbfff0000   (129022 GB)
[    0.000000]       .text : 0x        (ptrval) - 0x        (ptrval)   (  9792 KB)
[    0.000000]     .rodata : 0x        (ptrval) - 0x        (ptrval)   (  4608 KB)
[    0.000000]       .init : 0x        (ptrval) - 0x        (ptrval)   (  1152 KB)
[    0.000000]       .data : 0x        (ptrval) - 0x        (ptrval)   (  1233 KB)
[    0.000000]        .bss : 0x        (ptrval) - 0x        (ptrval)   (   405 KB)
[    0.000000]     fixed   : 0xffff7dfffe7f9000 - 0xffff7dfffec00000   (  4124 KB)
[    0.000000]     PCI I/O : 0xffff7dfffee00000 - 0xffff7dffffe00000   (    16 MB)
[    0.000000]     vmemmap : 0xffff7e0000000000 - 0xffff800000000000   (  2048 GB maximum)
[    0.000000]               0xffff7e0000000000 - 0xffff7e0001000000   (    16 MB actual)
[    0.000000]     memory  : 0xffff800000000000 - 0xffff800040000000   (  1024 MB)
[    0.000000] SLUB: HWalign=64, Order=0-3, MinObjects=0, CPUs=1, Nodes=1
[    0.000000] Preemptible hierarchical RCU implementation.
[    0.000000] 	RCU restricting CPUs from NR_CPUS=64 to nr_cpu_ids=1.
[    0.000000] 	Tasks RCU enabled.
[    0.000000] RCU: Adjusting geometry for rcu_fanout_leaf=16, nr_cpu_ids=1
[    0.000000] NR_IRQS: 64, nr_irqs: 64, preallocated irqs: 0
[    0.000000] GICv2m: range[mem 0x08020000-0x08020fff], SPI[80:143]
[    0.000000] arch_timer: cp15 timer(s) running at 62.50MHz (virt).
[    0.000000] clocksource: arch_sys_counter: mask: 0xffffffffffffff max_cycles: 0x1cd42e208c, max_idle_ns: 881590405314 ns
[    0.000183] sched_clock: 56 bits at 62MHz, resolution 16ns, wraps every 4398046511096ns
[    0.008014] Console: colour dummy device 80x25
[    0.009666] Calibrating delay loop (skipped), value calculated using timer frequency.. 125.00 BogoMIPS (lpj=250000)
[    0.009860] pid_max: default: 32768 minimum: 301
[    0.011106] Security Framework initialized
[    0.013594] Dentry cache hash table entries: 131072 (order: 8, 1048576 bytes)
[    0.014739] Inode-cache hash table entries: 65536 (order: 7, 524288 bytes)
[    0.015029] Mount-cache hash table entries: 2048 (order: 2, 16384 bytes)
[    0.015132] Mountpoint-cache hash table entries: 2048 (order: 2, 16384 bytes)
[    0.063737] ASID allocator initialised with 32768 entries
[    0.071536] Hierarchical SRCU implementation.
[    0.083135] brcmstb: biuctrl: missing BIU control node
[    0.083207] brcmstb: biuctrl: MCP: Unable to disable write pairing!
[    0.088727] EFI services will not be available.
[    0.097521] smp: Bringing up secondary CPUs ...
[    0.097654] smp: Brought up 1 node, 1 CPU
[    0.097711] SMP: Total of 1 processors activated.
[    0.097874] CPU features: detected feature: 32-bit EL0 Support
[    0.097976] CPU features: detected feature: Kernel page table isolation (KPTI)
[    0.104610] CPU: All CPU(s) started at EL1
[    0.104922] alternatives: patching kernel code
[    0.126484] devtmpfs: initialized
[    0.140059] Built 1 zonelists, mobility grouping on.  Total pages: 253679
[    0.140095] Policy zone: DMA
[    0.151315] clocksource: jiffies: mask: 0xffffffff max_cycles: 0xffffffff, max_idle_ns: 7645041785100000 ns
[    0.151541] futex hash table entries: 256 (order: 3, 32768 bytes)
[    0.153646] pinctrl core: initialized pinctrl subsystem
[    0.194622] DMI not present or invalid.
[    0.201815] NET: Registered protocol family 16
[    0.205449] audit: initializing netlink subsys (disabled)
[    0.209376] audit: type=2000 audit(0.184:1): state=initialized audit_enabled=0 res=1
[    0.230396] cpuidle: using governor menu
[    0.235228] vdso: 2 pages (1 code @ 0000000007c2494b, 1 data @ 00000000a5ff44e3)
[    0.235492] hw-breakpoint: found 6 breakpoint and 4 watchpoint registers.
[    0.244587] DMA: preallocated 256 KiB pool for atomic allocations
[    0.256810] Serial: AMBA PL011 UART driver
[    0.335877] 9000000.pl011: ttyAMA0 at MMIO 0x9000000 (irq = 39, base_baud = 0) is a PL011 rev1
[    0.364280] console [ttyAMA0] enabled
[    0.627483] HugeTLB registered 2.00 MiB page size, pre-allocated 0 pages
[    0.633241] cryptd: max_cpu_qlen set to 1000
[    0.643884] ACPI: Interpreter disabled.
[    0.660829] vgaarb: loaded
[    0.664880] SCSI subsystem initialized
[    0.681506] usbcore: registered new interface driver usbfs
[    0.682505] usbcore: registered new interface driver hub
[    0.683636] usbcore: registered new device driver usb
[    0.696250] pps_core: LinuxPPS API ver. 1 registered
[    0.696572] pps_core: Software ver. 5.3.6 - Copyright 2005-2007 Rodolfo Giometti <giometti@linux.it>
[    0.698008] PTP clock support registered
[    0.701375] EDAC MC: Ver: 3.0.0
[    0.717553] Advanced Linux Sound Architecture Driver Initialized.
[    0.732083] clocksource: Switched to clocksource arch_sys_counter
[    0.734965] VFS: Disk quotas dquot_6.6.0
[    0.735568] VFS: Dquot-cache hash table entries: 512 (order 0, 4096 bytes)
[    0.738763] pnp: PnP ACPI: disabled
[    0.830653] NET: Registered protocol family 2
[    0.838738] tcp_listen_portaddr_hash hash table entries: 512 (order: 1, 8192 bytes)
[    0.839403] TCP established hash table entries: 8192 (order: 4, 65536 bytes)
[    0.840481] TCP bind hash table entries: 8192 (order: 5, 131072 bytes)
[    0.841149] TCP: Hash tables configured (established 8192 bind 8192)
[    0.843017] UDP hash table entries: 512 (order: 2, 16384 bytes)
[    0.843602] UDP-Lite hash table entries: 512 (order: 2, 16384 bytes)
[    0.845905] NET: Registered protocol family 1
[    0.858001] RPC: Registered named UNIX socket transport module.
[    0.858404] RPC: Registered udp transport module.
[    0.858715] RPC: Registered tcp transport module.
[    0.858966] RPC: Registered tcp NFSv4.1 backchannel transport module.
[    0.867941] hw perfevents: enabled with armv8_pmuv3 PMU driver, 1 counters available
[    0.869673] kvm [1]: HYP mode not available
[    0.901607] Initialise system trusted keyrings
[    0.904528] workingset: timestamp_bits=44 max_order=18 bucket_order=0
[    1.000610] squashfs: version 4.0 (2009/01/31) Phillip Lougher
[    1.013238] NFS: Registering the id_resolver key type
[    1.013832] Key type id_resolver registered
[    1.014162] Key type id_legacy registered
[    1.014599] nfs4filelayout_init: NFSv4 File Layout Driver Registering...
[    1.017501] 9p: Installing v9fs 9p2000 file system support
[    1.036751] Key type asymmetric registered
[    1.037064] Asymmetric key parser 'x509' registered
[    1.038739] Block layer SCSI generic (bsg) driver version 0.4 loaded (major 245)
[    1.039343] io scheduler noop registered
[    1.042365] io scheduler cfq registered (default)
[    1.042715] io scheduler mq-deadline registered
[    1.043042] io scheduler kyber registered
[    1.111782] pl061_gpio 9030000.pl061: PL061 GPIO chip @0x0000000009030000 registered
[    1.133304] OF: PCI: host bridge /pcie@10000000 ranges:
[    1.134095] OF: PCI:    IO 0x3eff0000..0x3effffff -> 0x00000000
[    1.134753] OF: PCI:   MEM 0x10000000..0x3efeffff -> 0x10000000
[    1.135159] OF: PCI:   MEM 0x8000000000..0xffffffffff -> 0x8000000000
[    1.136715] pci-host-generic 3f000000.pcie: ECAM at [mem 0x3f000000-0x3fffffff] for [bus 00-0f]
[    1.138896] pci-host-generic 3f000000.pcie: PCI host bridge to bus 0000:00
[    1.139480] pci_bus 0000:00: root bus resource [bus 00-0f]
[    1.140345] pci_bus 0000:00: root bus resource [io  0x0000-0xffff]
[    1.140722] pci_bus 0000:00: root bus resource [mem 0x10000000-0x3efeffff]
[    1.141129] pci_bus 0000:00: root bus resource [mem 0x8000000000-0xffffffffff]
[    1.271355] Serial: 8250/16550 driver, 4 ports, IRQ sharing enabled
[    1.298640] SuperH (H)SCI(F) driver initialized
[    1.302859] msm_serial: driver initialized
[    1.310114] cacheinfo: Unable to detect cache hierarchy for CPU 0
[    1.359512] loop: module loaded
[    1.411586] libphy: Fixed MDIO Bus: probed
[    1.419226] tun: Universal TUN/TAP device driver, 1.6
[    1.433995] thunder-xcv, ver 1.0
[    1.434732] thunder-BGX, ver 1.0
[    1.435659] thunder-nic, ver 1.0
[    1.440759] e1000e: Intel(R) PRO/1000 Network Driver - 3.2.6-k
[    1.441103] e1000e: Copyright(c) 1999 - 2015 Intel Corporation.
[    1.442545] igb: Intel(R) Gigabit Ethernet Network Driver - version 5.4.0-k
[    1.442933] igb: Copyright (c) 2007-2014 Intel Corporation.
[    1.444525] igbvf: Intel(R) Gigabit Virtual Function Network Driver - version 2.4.0-k
[    1.444957] igbvf: Copyright (c) 2009 - 2012 Intel Corporation.
[    1.449277] sky2: driver version 1.30
[    1.455632] VFIO - User Level meta-driver version: 0.3
[    1.474315] ehci_hcd: USB 2.0 'Enhanced' Host Controller (EHCI) Driver
[    1.474752] ehci-pci: EHCI PCI platform driver
[    1.476972] ehci-platform: EHCI generic platform driver
[    1.478513] ehci-orion: EHCI orion driver
[    1.479833] ehci-exynos: EHCI EXYNOS driver
[    1.481750] ohci_hcd: USB 1.1 'Open' Host Controller (OHCI) Driver
[    1.482218] ohci-pci: OHCI PCI platform driver
[    1.483051] ohci-platform: OHCI generic platform driver
[    1.485031] ohci-exynos: OHCI EXYNOS driver
[    1.490866] usbcore: registered new interface driver usb-storage
[    1.526835] rtc-pl031 9010000.pl031: rtc core: registered pl031 as rtc0
[    1.535135] i2c /dev entries driver
[    1.581770] sdhci: Secure Digital Host Controller Interface driver
[    1.582135] sdhci: Copyright(c) Pierre Ossman
[    1.586250] Synopsys Designware Multimedia Card Interface Driver
[    1.595596] sdhci-pltfm: SDHCI platform and OF driver helper
[    1.610179] ledtrig-cpu: registered to indicate activity on CPUs
[    1.626112] usbcore: registered new interface driver usbhid
[    1.626469] usbhid: USB HID core driver
[    1.651480] NET: Registered protocol family 17
[    1.654378] 9pnet: Installing 9P2000 support
[    1.654886] Key type dns_resolver registered
[    1.659565] registered taskstats version 1
[    1.659865] Loading compiled-in X.509 certificates
[    1.673528] input: gpio-keys as /devices/platform/gpio-keys/input/input0
[    1.678594] rtc-pl031 9010000.pl031: setting system clock to 2018-01-12 06:02:39 UTC (1515736959)
[    1.681456] ALSA device list:
[    1.681718]   No soundcards found.
[    1.685876] uart-pl011 9000000.pl011: no DMA platform data
[    1.689052] Waiting for root device /dev/vda2...
