
U-Boot SPL 2014.01-00219-gc4d376f (Feb 18 2014 - 19:57:32)


U-Boot 2014.01-00219-gc4d376f (Feb 18 2014 - 19:57:32)

TEGRA114
Board: NVIDIA Dalmore
I2C:   ready
DRAM:  2 GiB
MMC:   Tegra SD/MMC: 0, Tegra SD/MMC: 1
In:    serial
Out:   serial
Err:   serial
Net:   Net Initialization Skipped
No ethernet found.
Hit any key to stop autoboot:  2  0 
Tegra114 (Dalmore) # 
Tegra114 (Dalmore) # usb reset
(Re)start USB...
USB0:   USB EHCI 1.10
scanning bus 0 for devices... 2 USB Device(s) found
       scanning usb for storage devices... 0 Storage Device(s) found
       scanning usb for ethernet devices... 
Warning: asx0 using MAC address from net device
1 Ethernet Device(s) found
Tegra114 (Dalmore) # setenv bootargs 'ignore_loglevel console=ttyS0,115200n8 rw root=/dev/mmcblk0p1 rootwait gpt debug init=/bin/bash'
Tegra114 (Dalmore) # setenv ipaddr 192.168.100.100; setenv serverip 192.168.100.1; setenv tftpserverip 192.168.100.1
Tegra114 (Dalmore) # tftpboot 0x81000000 zImage.multi_v7_defconfig
Using asx0 device
TFTP from server 192.168.100.1; our IP address is 192.168.100.100
Filename 'zImage.multi_v7_defconfig'.
Load address: 0x81000000
Loading: *#################################################################
	 #################################################################
	 #################################################################
	 #################################################################
	 ###############################################################
	 3.2 MiB/s
done
Bytes transferred = 4736040 (484428 hex)
Tegra114 (Dalmore) # tftpboot 0x82000000 tegra114-dalmore.dtb
Using asx0 device
TFTP from server 192.168.100.1; our IP address is 192.168.100.100
Filename 'tegra114-dalmore.dtb'.
Load address: 0x82000000
Loading: *###
	 3.3 MiB/s
done
Bytes transferred = 34244 (85c4 hex)
Tegra114 (Dalmore) # bootz 0x81000000 - 0x82000000
Kernel image @ 0x81000000 [ 0x000000 - 0x484428 ]
## Flattened Device Tree blob at 82000000
   Booting using the fdt blob at 0x82000000
   Loading Device Tree to 8fff4000, end 8ffff5c3 ... OK

Starting kernel ...

[    0.000000] Booting Linux on physical CPU 0x0
[    0.000000] Linux version 3.15.0-rc5-next-20140521-22833-g18e0729 (pwalmsley@kaivo) (gcc version 4.7.3 20130328 (prerelease) (crosstool-NG linaro-1.13.1-4.7-2013.04-20130415 - Linaro GCC 2013.04) ) #1 SMP Tue Jun 3 14:27:27 PDT 2014
[    0.000000] CPU: ARMv7 Processor [412fc0f2] revision 2 (ARMv7), cr=10c5387d
[    0.000000] CPU: PIPT / VIPT nonaliasing data cache, PIPT instruction cache
[    0.000000] Machine model: NVIDIA Tegra114 Dalmore evaluation board
[    0.000000] debug: ignoring loglevel setting.
[    0.000000] cma: CMA: reserved 64 MiB at ab800000
[    0.000000] Memory policy: Data cache writealloc
[    0.000000] On node 0 totalpages: 524032
[    0.000000] free_area_init_node: node 0, pgdat c0bbb140, node_mem_map ea7d8000
[    0.000000]   DMA zone: 1520 pages used for memmap
[    0.000000]   DMA zone: 0 pages reserved
[    0.000000]   DMA zone: 194560 pages, LIFO batch:31
[    0.000000]   HighMem zone: 2574 pages used for memmap
[    0.000000]   HighMem zone: 329472 pages, LIFO batch:31
[    0.000000] Tegra Revision: A01 SKU: 0 CPU Process: 1 Core Process: 1
[    0.000000] PERCPU: Embedded 7 pages/cpu @ea793000 s7872 r8192 d12608 u32768
[    0.000000] pcpu-alloc: s7872 r8192 d12608 u32768 alloc=8*4096
[    0.000000] pcpu-alloc: [0] 0 [0] 1 [0] 2 [0] 3 
[    0.000000] Built 1 zonelists in Zone order, mobility grouping on.  Total pages: 522512
[    0.000000] Kernel command line: ignore_loglevel console=ttyS0,115200n8 rw root=/dev/mmcblk0p1 rootwait gpt debug init=/bin/bash
[    0.000000] PID hash table entries: 4096 (order: 2, 16384 bytes)
[    0.000000] Dentry cache hash table entries: 131072 (order: 7, 524288 bytes)
[    0.000000] Inode-cache hash table entries: 65536 (order: 6, 262144 bytes)
[    0.000000] Memory: 2002720K/2096128K available (6129K kernel code, 811K rwdata, 2440K rodata, 555K init, 298K bss, 93408K reserved, 1317888K highmem)
[    0.000000] Virtual kernel memory layout:
[    0.000000]     vector  : 0xffff0000 - 0xffff1000   (   4 kB)
[    0.000000]     fixmap  : 0xffc00000 - 0xffe00000   (2048 kB)
[    0.000000]     vmalloc : 0xf0000000 - 0xff000000   ( 240 MB)
[    0.000000]     lowmem  : 0xc0000000 - 0xef800000   ( 760 MB)
[    0.000000]     pkmap   : 0xbfe00000 - 0xc0000000   (   2 MB)
[    0.000000]     modules : 0xbf000000 - 0xbfe00000   (  14 MB)
[    0.000000]       .text : 0xc0208000 - 0xc0a66970   (8571 kB)
[    0.000000]       .init : 0xc0a67000 - 0xc0af1ec0   ( 556 kB)
[    0.000000]       .data : 0xc0af2000 - 0xc0bbcde0   ( 812 kB)
[    0.000000]        .bss : 0xc0bbcde8 - 0xc0c07718   ( 299 kB)
[    0.000000] SLUB: HWalign=64, Order=0-3, MinObjects=0, CPUs=4, Nodes=1
[    0.000000] Hierarchical RCU implementation.
[    0.000000] NR_IRQS:16 nr_irqs:16 16
[    0.000009] sched_clock: 32 bits at 1000kHz, resolution 1000ns, wraps every 2147483648000ns
[    0.001784] Architected cp15 timer(s) running at 12.00MHz (virt).
[    0.001807] sched_clock: 56 bits at 12MHz, resolution 83ns, wraps every 2863311536128ns
[    0.001816] Switching to timer-based delay loop
[    0.002043] Console: colour dummy device 80x30
[    0.002066] Calibrating delay loop (skipped), value calculated using timer frequency.. 24.00 BogoMIPS (lpj=120000)
[    0.002080] pid_max: default: 32768 minimum: 301
[    0.002211] Mount-cache hash table entries: 2048 (order: 1, 8192 bytes)
[    0.002223] Mountpoint-cache hash table entries: 2048 (order: 1, 8192 bytes)
[    0.002757] CPU: Testing write buffer coherency: ok
[    0.002949] /cpus/cpu@0 missing clock-frequency property
[    0.002971] /cpus/cpu@1 missing clock-frequency property
[    0.002994] /cpus/cpu@2 missing clock-frequency property
[    0.003019] /cpus/cpu@3 missing clock-frequency property
[    0.003031] CPU0: thread -1, cpu 0, socket 0, mpidr 80000000
[    0.003074] Setting up static identity map for 0x807cadd0 - 0x807cae68
[    0.005413] CPU1: Booted secondary processor
[    0.005438] CPU1: thread -1, cpu 1, socket 0, mpidr 80000001
[    0.005933] CPU2: Booted secondary processor
[    0.005957] CPU2: thread -1, cpu 2, socket 0, mpidr 80000002
[    0.006455] CPU3: Booted secondary processor
[    0.006479] CPU3: thread -1, cpu 3, socket 0, mpidr 80000003
[    0.006563] Brought up 4 CPUs
[    0.006588] SMP: Total of 4 processors activated.
[    0.006596] CPU: All CPU(s) started in SVC mode.
[    0.007132] devtmpfs: initialized
[    0.013004] VFP support v0.3: implementor 41 architecture 4 part 30 variant f rev 0
[    0.013435] pinctrl core: initialized pinctrl subsystem
[    0.013878] regulator-dummy: no parameters
[    0.025263] NET: Registered protocol family 16
[    0.027329] DMA: preallocated 256 KiB pool for atomic coherent allocations
[    0.028687] cpuidle: using governor ladder
[    0.028701] cpuidle: using governor menu
[    0.040000] No ATAGs?
[    0.042254] Serial: AMBA PL011 UART driver
[    0.084712] edma-dma-engine edma-dma-engine.0: Can't allocate PaRAM dummy slot
[    0.084737] edma-dma-engine: probe of edma-dma-engine.0 failed with error -5
[    0.085309] vdd_ac_bat: 5000 mV 
[    0.085542] dvdd_ts: Failed to request enable GPIO61: -517
[    0.085643] reg-fixed-voltage regulator.7: Failed to register regulator: -517
[    0.085665] platform regulator.7: Driver reg-fixed-voltage requests probe deferral
[    0.085834] usb1_vbus: Failed to request enable GPIO108: -517
[    0.085925] reg-fixed-voltage regulator.8: Failed to register regulator: -517
[    0.085946] platform regulator.8: Driver reg-fixed-voltage requests probe deferral
[    0.086113] usb2_vbus: Failed to request enable GPIO86: -517
[    0.086202] reg-fixed-voltage regulator.9: Failed to register regulator: -517
[    0.086222] platform regulator.9: Driver reg-fixed-voltage requests probe deferral
[    0.086382] vdd_hdmi_5v0: 5000 mV 
[    0.086424] reg-fixed-voltage regulator.10: Failed to find supply vin
[    0.086524] reg-fixed-voltage regulator.10: Failed to register regulator: -517
[    0.086544] platform regulator.10: Driver reg-fixed-voltage requests probe deferral
[    0.086612] platform regulator.11: Driver reg-fixed-voltage requests probe deferral
[    0.086776] VDD_5V0_HDMI_CON: Failed to request enable GPIO81: -517
[    0.086865] reg-fixed-voltage regulator.12: Failed to register regulator: -517
[    0.086885] platform regulator.12: Driver reg-fixed-voltage requests probe deferral
[    0.088787] vgaarb: loaded
[    0.089370] SCSI subsystem initialized
[    0.089546] libata version 3.00 loaded.
[    0.089878] usbcore: registered new interface driver usbfs
[    0.089952] usbcore: registered new interface driver hub
[    0.090048] usbcore: registered new device driver usb
[    0.093177] vdd-cpu: 500 <--> 1520 mV at 1100 mV 
[    0.093564] tps65090 2-0048: No cache defaults, reading back from HW
[    0.095598] vdd-sys-5v0: no parameters
[    0.095648] vdd-sys-5v0: supplied by vdd_ac_bat
[    0.096682] vdd-sys-3v3: no parameters
[    0.096725] vdd-sys-3v3: supplied by vdd_ac_bat
[    0.097740] vdd-ao: no parameters
[    0.097784] vdd-ao: supplied by vdd_ac_bat
[    0.098138] vdd-lcd-bl: no parameters
[    0.098180] vdd-lcd-bl: supplied by vdd_ac_bat
[    0.098519] TPS65090_RAILSFET2: no parameters
[    0.098561] TPS65090_RAILSFET2: supplied by vdd_ac_bat
[    0.098902] vdd-modem-3v3: no parameters
[    0.098940] vdd-modem-3v3: supplied by vdd-sys-3v3
[    0.099450] avdd-lcd: no parameters
[    0.099488] avdd-lcd: supplied by vdd-sys-3v3
[    0.099978] vdd-lvds: no parameters
[    0.100016] vdd-lvds: supplied by vdd-sys-3v3
[    0.100814] vdd-sd-slot: no parameters
[    0.100855] vdd-sd-slot: supplied by vdd-sys-3v3
[    0.101367] vdd-com-3v3: no parameters
[    0.101406] vdd-com-3v3: supplied by vdd-sys-3v3
[    0.101917] vdd-sby-5v0: no parameters
[    0.101956] vdd-sby-5v0: supplied by vdd_ac_bat
[    0.102132] vdd-sby-3v3: no parameters
[    0.102169] vdd-sby-3v3: supplied by vdd_ac_bat
[    0.102558] genirq: Setting trigger mode 8 for irq 118 failed (gic_set_type+0x0/0xfc)
[    0.102872] palmas 2-0058: Irq flag is 0x00000000
[    0.105407] palmas 2-0058: Muxing GPIO ff, PWM 0, LED 0
[    0.108657] vddio-ddr: 1350 mV 
[    0.108881] vddio-ddr: supplied by vdd-ao
[    0.110543] vddio-1v8: 1800 mV 
[    0.110760] vddio-1v8: supplied by vdd-ao
[    0.112410] vdd-core: 900 <--> 1400 mV at 1100 mV 
[    0.112627] vdd-core: supplied by vdd-sys-3v3
[    0.113752] SMPS6: no parameters
[    0.115421] avdd-pll: 1050 mV 
[    0.115639] avdd-pll: supplied by vdd-sys-3v3
[    0.117556] sdhci-vdd-sd-slot: 2800 mV 
[    0.117778] sdhci-vdd-sd-slot: supplied by vdd-sys-3v3
[    0.118431] SMPS10_OUT2: at 5000 mV 
[    0.118941] SMPS10_OUT1: at 5000 mV 
[    0.119622] avdd-cam1: 2800 mV 
[    0.119836] avdd-cam1: supplied by vdd-sys-3v3
[    0.120913] avdd-cam2: 2800 mV 
[    0.121125] avdd-cam2: supplied by vdd-sys-3v3
[    0.122205] avdd-dsi-csi: 1200 mV 
[    0.122421] avdd-dsi-csi: supplied by vddio-1v8
[    0.123500] vpp-fuse: 1800 mV 
[    0.123710] vpp-fuse: supplied by vdd-sys-3v3
[    0.124619] LDO5: no parameters
[    0.124832] LDO5: supplied by vdd_ac_bat
[    0.125600] vdd-sensor-2v85: 2850 mV 
[    0.125809] vdd-sensor-2v85: supplied by vdd-sys-3v3
[    0.126892] vdd-af-cam1: 2800 mV 
[    0.127103] vdd-af-cam1: supplied by vdd-sys-3v3
[    0.131741] vdd-rtc: 900 mV 
[    0.131959] vdd-rtc: supplied by vdd-ao
[    0.141915] vddio-sdmmc-2: 1800 <--> 3300 mV at 3300 mV 
[    0.142127] vddio-sdmmc-2: supplied by sdhci-vdd-sd-slot
[    0.143216] hvdd-usb: 3300 mV 
[    0.143427] hvdd-usb: supplied by vdd-sys-5v0
[    0.151768] avdd-usb: 3300 mV 
[    0.151981] avdd-usb: supplied by vdd-sys-5v0
[    0.152903] rail-3v3: no parameters
[    0.153500] rail-5v0: no parameters
[    0.153932] REGEN3: no parameters
[    0.154084] SYSEN1: no parameters
[    0.154232] SYSEN2: no parameters
[    0.154976] Linux video capture interface: v2.00
[    0.155032] pps_core: LinuxPPS API ver. 1 registered
[    0.155040] pps_core: Software ver. 5.3.6 - Copyright 2005-2007 Rodolfo Giometti <giometti@linux.it>
[    0.155069] PTP clock support registered
[    0.155146] EDAC MC: Ver: 3.0.0
[    0.155846] platform 70019010.iommu: Driver tegra-smmu requests probe deferral
[    0.156056] Advanced Linux Sound Architecture Driver Initialized.
[    0.157094] Switched to clocksource arch_sys_counter
[    0.167617] NET: Registered protocol family 2
[    0.168056] TCP established hash table entries: 8192 (order: 3, 32768 bytes)
[    0.168146] TCP bind hash table entries: 8192 (order: 4, 65536 bytes)
[    0.168332] TCP: Hash tables configured (established 8192 bind 8192)
[    0.168379] TCP: reno registered
[    0.168393] UDP hash table entries: 512 (order: 2, 16384 bytes)
[    0.168434] UDP-Lite hash table entries: 512 (order: 2, 16384 bytes)
[    0.168613] NET: Registered protocol family 1
[    0.168866] RPC: Registered named UNIX socket transport module.
[    0.168876] RPC: Registered udp transport module.
[    0.168884] RPC: Registered tcp transport module.
[    0.168891] RPC: Registered tcp NFSv4.1 backchannel transport module.
[    0.168914] PCI: CLS 0 bytes, default 64
[    0.170755] futex hash table entries: 1024 (order: 4, 65536 bytes)
[    0.182657] squashfs: version 4.0 (2009/01/31) Phillip Lougher
[    0.183439] NFS: Registering the id_resolver key type
[    0.183474] Key type id_resolver registered
[    0.183484] Key type id_legacy registered
[    0.183537] msgmni has been set to 1465
[    0.183960] bounce: pool size: 64 pages
[    0.184197] Block layer SCSI generic (bsg) driver version 0.4 loaded (major 249)
[    0.184213] io scheduler noop registered
[    0.184228] io scheduler deadline registered
[    0.184439] io scheduler cfq registered (default)
[    0.202041] tegra-apbdma 6000a000.dma: Tegra20 APB DMA driver register 32 channels
[    0.266649] Serial: 8250/16550 driver, 4 ports, IRQ sharing disabled
[    0.268359] Serial: IMX driver
[    0.268720] msm_serial: driver initialized
[    0.269598] console [ttyS0] disabled
[    0.269625] 70006300.serial: ttyS0 at MMIO 0x70006300 (irq = 122, base_baud = 25500000) is a Tegra
[    1.340509] console [ttyS0] enabled
[    1.344700] STMicroelectronics ASC driver initialized
[    1.350556] serial: Freescale lpuart driver
[    1.354933] [drm] Initialized drm 1.1.0 20060810
[    1.361477] platform 54300000.dsi: Driver tegra-dsi requests probe deferral
[    1.368820] tegra-hdmi 54280000.hdmi: failed to get HDMI regulator
[    1.375004] platform 54280000.hdmi: Driver tegra-hdmi requests probe deferral
[    1.388207] loop: module loaded
[    1.395722] CAN device driver interface
[    1.401410] pegasus: v0.9.3 (2013/04/25), Pegasus/Pegasus II USB Ethernet driver
[    1.408862] usbcore: registered new interface driver pegasus
[    1.414594] usbcore: registered new interface driver asix
[    1.420052] usbcore: registered new interface driver ax88179_178a
[    1.426192] usbcore: registered new interface driver cdc_ether
[    1.432109] usbcore: registered new interface driver smsc75xx
[    1.437942] usbcore: registered new interface driver smsc95xx
[    1.443733] usbcore: registered new interface driver net1080
[    1.449451] usbcore: registered new interface driver cdc_subset
[    1.455414] usbcore: registered new interface driver zaurus
[    1.461089] usbcore: registered new interface driver cdc_ncm
[    1.466770] ehci_hcd: USB 2.0 'Enhanced' Host Controller (EHCI) Driver
[    1.473307] ehci-pci: EHCI PCI platform driver
[    1.477813] ehci-platform: EHCI generic platform driver
[    1.483204] ehci-omap: OMAP-EHCI Host Controller driver
[    1.488563] ehci-orion: EHCI orion driver
[    1.492695] SPEAr-ehci: EHCI SPEAr driver
[    1.496829] tegra-ehci: Tegra EHCI driver
[    1.501037] platform 7d008000.usb: Driver tegra-ehci requests probe deferral
[    1.508636] usbcore: registered new interface driver usb-storage
[    1.515188] platform 7d008000.usb-phy: Driver tegra-phy requests probe deferral
[    1.523884] mousedev: PS/2 mouse device common for all mice
[    1.533551] palmas-rtc rtc.16: rtc core: registered rtc.16 as rtc0
[    1.541218] tegra_rtc 7000e000.rtc: rtc core: registered 7000e000.rtc as rtc1
[    1.548376] tegra_rtc 7000e000.rtc: Tegra internal Real Time Clock
[    1.555072] i2c /dev entries driver
[    1.559769] usbcore: registered new interface driver uvcvideo
[    1.565504] USB Video Class driver (1.1.1)
[    1.569618] gspca_main: v2.14.0 registered
[    1.574400] sbs-battery 0-000b: sbs_probe: Failed to get device status
[    1.580946] sbs-battery: probe of 0-000b failed with error -121
[    1.587258] tps65090-charger tps65090-charger: Unable to get charger irq = -22
[    1.594639] tps65090-charger: probe of tps65090-charger failed with error -22
[    1.606967] sdhci: Secure Digital Host Controller Interface driver
[    1.613151] sdhci: Copyright(c) Pierre Ossman
[    1.618377] sdhci-pltfm: SDHCI platform and OF driver helper
[    1.624619] sdhci-tegra 78000400.sdhci: Got CD GPIO #170.
[    1.630045] sdhci-tegra 78000400.sdhci: Got WP GPIO #132.
[    1.636478] mmc0: no vqmmc regulator found
[    1.640588] mmc0: no vmmc regulator found
[    1.644590] mmc0: Invalid maximum block size, assuming 512 bytes
[    1.697115] mmc0: SDHCI controller on 78000400.sdhci [78000400.sdhci] using ADMA
[    1.704647] mmc1: no vqmmc regulator found
[    1.708762] mmc1: no vmmc regulator found
[    1.712765] mmc1: Invalid maximum block size, assuming 512 bytes
[    1.757111] mmc1: SDHCI controller on 78000600.sdhci [78000600.sdhci] using ADMA
[    1.766970] usbcore: registered new interface driver usbhid
[    1.774570] usbhid: USB HID core driver
[    1.892592] mmc1: BKOPS_EN bit is not set
[    1.923004] mmc1: new HS200 MMC card at address 0001
[    1.928348] mmcblk0: mmc1:0001 SEM32G 29.1 GiB 
[    1.932980] mmcblk0boot0: mmc1:0001 SEM32G partition 1 4.00 MiB
[    1.939018] mmcblk0boot1: mmc1:0001 SEM32G partition 2 4.00 MiB
[    1.945032] mmcblk0rpmb: mmc1:0001 SEM32G partition 3 4.00 MiB
[    1.953882]  mmcblk0: p1 p2 p3 p4 p5 p6 p7 p8
[    1.961812]  mmcblk0boot1: unknown partition table
[    1.968197]  mmcblk0boot0: unknown partition table
[    2.199323] tegra30-i2s 70080400.i2s: DMA channels sourced from device 70080000.ahub
[    2.215852] tegra-snd-rt5640 sound.13: rt5640-aif1 <-> 70080400.i2s mapping ok
[    2.226841] input: NVIDIA Tegra Dalmore Headphones as /devices/soc0/sound.13/sound/card0/input0
[    2.236853] TCP: cubic registered
[    2.240194] NET: Registered protocol family 17
[    2.244654] can: controller area network core (rev 20120528 abi 9)
[    2.250902] NET: Registered protocol family 29
[    2.255351] can: raw protocol (rev 20120528)
[    2.259635] can: broadcast manager protocol (rev 20120528 t)
[    2.265301] can: netlink gateway (rev 20130117) max_hops=1
[    2.271182] Key type dns_resolver registered
[    2.276057] ThumbEE CPU extension supported.
[    2.280352] Registering SWP/SWPB emulation handler
[    2.289008] dvdd_ts: 1800 mV 
[    2.292314] usb1_vbus: 5000 mV 
[    2.295491] usb1_vbus: supplied by vdd-sys-5v0
[    2.300493] usb2_vbus: 5000 mV 
[    2.303670] usb2_vbus: supplied by vdd-sys-5v0
[    2.308789] vdd_hdmi_5v0: 5000 mV 
[    2.312237] vdd_hdmi_5v0: supplied by vdd-sys-5v0
[    2.317936] vdd_cam_1v8_reg: 1800 mV 
[    2.322015] VDD_5V0_HDMI_CON: 5000 mV 
[    2.325808] VDD_5V0_HDMI_CON: supplied by vdd-sys-5v0
[    2.334099] [drm] Supports vblank timestamp caching Rev 2 (21.10.2013).
[    2.340729] [drm] No driver support for vblank timestamp query.
[    2.390783] Console: switching to colour frame buffer device 240x75
[    2.418375] host1x drm: fb0:  frame buffer device
[    2.423072] host1x drm: registered panic notifier
[    2.457218] [drm] Initialized tegra 0.0.0 20120330 on minor 0
[    2.463589] platform 7d008000.usb: Driver tegra-ehci requests probe deferral
[    2.471925] tegra-ehci 7d008000.usb: EHCI Host Controller
[    2.477353] tegra-ehci 7d008000.usb: new USB bus registered, assigned bus number 1
[    2.485835] tegra-ehci 7d008000.usb: irq 129, io mem 0x7d008000
[    2.507202] tegra-ehci 7d008000.usb: USB 2.0 started, EHCI 1.10
[    2.514184] hub 1-0:1.0: USB hub found
[    2.518064] hub 1-0:1.0: 1 port detected
[    2.523596] input: gpio-keys.4 as /devices/soc0/gpio-keys.4/input/input1
[    2.532964] palmas-rtc rtc.16: setting system clock to 2000-01-01 22:51:28 UTC (946767088)
[    2.551322] ALSA device list:
[    2.554291]   #0: NVIDIA Tegra Dalmore
[    2.559779] EXT4-fs (mmcblk0p1): mounting ext3 file system using the ext4 subsystem
[    2.584333] EXT4-fs (mmcblk0p1): recovery complete
[    2.589182] EXT4-fs (mmcblk0p1): mounted filesystem with ordered data mode. Opts: (null)
[    2.597364] VFS: Mounted root (ext3 filesystem) on device 179:1.
[    2.611220] devtmpfs: mounted
[    2.614630] Freeing unused kernel memory: 552K (c0a67000 - c0af1000)
bash: cannot set terminal process group (-1): Inappropriate ioctl for device
bash: no job control in this shell
[    2.837245] usb 1-1: new high-speed USB device number 2 using tegra-ehci
root@(none):/# 