[    0.000000] Booting Linux on physical CPU 0x0
[    0.000000] Linux version 4.14.0-rc1-next-20170922-201396-g7352731 (jonathanh@sellafield) (gcc version 4.9.2 20140904 (prerelease) (crosstool-NG linaro-1.13.1-4.9-2014.09 - Linaro GCC 4.9-2014.09)) #1 SMP PREEMPT Thu Sep 21 22:23:12 PDT 2017
[    0.000000] Boot CPU: AArch64 Processor [411fd071]
[    0.000000] Machine model: Google Pixel C
[    0.000000] efi: Getting EFI parameters from FDT:
[    0.000000] efi: UEFI not found.
[    0.000000] cma: Reserved 16 MiB at 0x00000000f5400000
[    0.000000] earlycon: uart0 at MMIO 0x0000000070006000 (options '115200n8')
[    0.000000] bootconsole [uart0] enabled
[    0.000000] NUMA: No NUMA configuration found
[    0.000000] NUMA: Faking a node at [mem 0x0000000000000000-0x000000013fffffff]
[    0.000000] NUMA: NODE_DATA [mem 0x13ffa0c80-0x13ffa277f]
[    0.000000] Zone ranges:
[    0.000000]   DMA      [mem 0x0000000080000000-0x00000000ffffffff]
[    0.000000]   Normal   [mem 0x0000000100000000-0x000000013fffffff]
[    0.000000] Movable zone start for each node
[    0.000000] Early memory node ranges
[    0.000000]   node   0: [mem 0x0000000080000000-0x00000000f65fffff]
[    0.000000]   node   0: [mem 0x0000000100000000-0x000000013fffffff]
[    0.000000] Initmem setup node 0 [mem 0x0000000080000000-0x000000013fffffff]
[    0.000000] psci: probing for conduit method from DT.
[    0.000000] psci: PSCIv1.0 detected in firmware.
[    0.000000] psci: Using standard PSCI v0.2 function IDs
[    0.000000] psci: MIGRATE_INFO_UP_CPU reported invalid physical ID (0x80000000)
[    0.000000] percpu: Embedded 23 pages/cpu @ffff8000bff41000 s55936 r8192 d30080 u94208
[    0.000000] Detected PIPT I-cache on CPU0
[    0.000000] CPU features: enabling workaround for ARM erratum 832075
[    0.000000] CPU features: enabling workaround for ARM erratum 834220
[    0.000000] Built 1 zonelists, mobility grouping on.  Total pages: 735336
[    0.000000] Policy zone: Normal
[    0.000000] Kernel command line: cros_secure vpr=0x08000000@0xf6800000 earlycon
[    0.000000] PID hash table entries: 4096 (order: 3, 32768 bytes)
[    0.000000] software IO TLB [mem 0xf1400000-0xf5400000] (64MB) mapped at [ffff800071400000-ffff8000753fffff]
[    0.000000] Memory: 2837760K/2988032K available (9276K kernel code, 1142K rwdata, 4592K rodata, 1152K init, 402K bss, 133888K reserved, 16384K cma-reserved)
[    0.000000] Virtual kernel memory layout:
[    0.000000]     modules : 0xffff000000000000 - 0xffff000008000000   (   128 MB)
[    0.000000]     vmalloc : 0xffff000008000000 - 0xffff7dffbfff0000   (129022 GB)
[    0.000000]       .text : 0xffff000008080000 - 0xffff000008990000   (  9280 KB)
[    0.000000]     .rodata : 0xffff000008990000 - 0xffff000008e10000   (  4608 KB)
[    0.000000]       .init : 0xffff000008e10000 - 0xffff000008f30000   (  1152 KB)
[    0.000000]       .data : 0xffff000008f30000 - 0xffff00000904da00   (  1143 KB)
[    0.000000]        .bss : 0xffff00000904da00 - 0xffff0000090b2470   (   403 KB)
[    0.000000]     fixed   : 0xffff7dfffe7fd000 - 0xffff7dfffec00000   (  4108 KB)
[    0.000000]     PCI I/O : 0xffff7dfffee00000 - 0xffff7dffffe00000   (    16 MB)
[    0.000000]     vmemmap : 0xffff7e0000000000 - 0xffff800000000000   (  2048 GB maximum)
[    0.000000]               0xffff7e0000000000 - 0xffff7e0003000000   (    48 MB actual)
[    0.000000]     memory  : 0xffff800000000000 - 0xffff8000c0000000   (  3072 MB)
[    0.000000] SLUB: HWalign=64, Order=0-3, MinObjects=0, CPUs=4, Nodes=1
[    0.000000] Preemptible hierarchical RCU implementation.
[    0.000000] 	RCU restricting CPUs from NR_CPUS=64 to nr_cpu_ids=4.
[    0.000000] 	Tasks RCU enabled.
[    0.000000] RCU: Adjusting geometry for rcu_fanout_leaf=16, nr_cpu_ids=4
[    0.000000] NR_IRQS: 64, nr_irqs: 64, preallocated irqs: 0
[    0.000000] GIC: Using split EOI/Deactivate mode
[    0.000000] /interrupt-controller@60004000: 192 interrupts forwarded to /interrupt-controller@50041000
[    0.000000] boot misc0 0x0: expected 0x80000
[    0.000000]  (comparison mask = 0x400ffffb)
[    0.000000] boot misc2 0x1f720005: expected 0x1f720f05
[    0.000000]  (comparison mask = 0xffffff17)
[    0.000000] PLL_C already enabled. Postponing set full defaults
[    0.000000] boot misc0 0x0: expected 0x20
[    0.000000]  (comparison mask = 0x7ffffff)
[    0.000000] boot misc1 0x10000000: expected 0xc0000000
[    0.000000]  (comparison mask = 0xf8000000)
[    0.000000] boot misc2 0x0: expected 0xf400f0da
[    0.000000]  (comparison mask = 0xffffffff)
[    0.000000] boot misc3 0x0: expected 0x2004f400
[    0.000000]  (comparison mask = 0xffffffff)
[    0.000000] PLL_DP already enabled. Postponing set full defaults
[    0.000000] boot misc1 0x0: expected 0x20
[    0.000000]  (comparison mask = 0xffffff)
[    0.000000] PLL_X already enabled. Postponing set full defaults
[    0.000000] arch_timer: cp15 timer(s) running at 19.20MHz (phys).
[    0.000000] clocksource: arch_sys_counter: mask: 0xffffffffffffff max_cycles: 0x46d987e47, max_idle_ns: 440795202767 ns
[    0.000003] sched_clock: 56 bits at 19MHz, resolution 52ns, wraps every 4398046511078ns
[    0.000232] Console: colour dummy device 80x25
[    0.000307] console [tty0] enabled
[    0.000367] bootconsole [uart0] disabled
[    0.000466] Calibrating delay loop (skipped), value calculated using timer frequency.. 38.40 BogoMIPS (lpj=76800)
[    0.000481] pid_max: default: 32768 minimum: 301
[    0.000535] Security Framework initialized
[    0.002023] Dentry cache hash table entries: 524288 (order: 10, 4194304 bytes)
[    0.002776] Inode-cache hash table entries: 262144 (order: 9, 2097152 bytes)
[    0.002822] Mount-cache hash table entries: 8192 (order: 4, 65536 bytes)
[    0.002853] Mountpoint-cache hash table entries: 8192 (order: 4, 65536 bytes)
[    0.015681] ASID allocator initialised with 65536 entries
[    0.023672] Hierarchical SRCU implementation.
[    0.032501] Speedo Revision 4
[    0.032518] random: fast init done
[    0.032526] Tegra Revision: A02 SKU: 19 CPU Process: 0 SoC Process: 0
[    0.079814] EFI services will not be available.
[    0.087743] smp: Bringing up secondary CPUs ...
[    0.115869] Detected PIPT I-cache on CPU1
[    0.115899] CPU1: Booted secondary processor [411fd071]
[    0.143891] Detected PIPT I-cache on CPU2
[    0.143908] CPU2: Booted secondary processor [411fd071]
[    0.171926] Detected PIPT I-cache on CPU3
[    0.171943] CPU3: Booted secondary processor [411fd071]
[    0.171982] smp: Brought up 1 node, 4 CPUs
[    0.172018] SMP: Total of 4 processors activated.
[    0.172027] CPU features: detected feature: 32-bit EL0 Support
[    0.172140] CPU: All CPU(s) started at EL2
[    0.172159] alternatives: patching kernel code
[    0.174920] devtmpfs: initialized
[    0.180006] clocksource: jiffies: mask: 0xffffffff max_cycles: 0xffffffff, max_idle_ns: 7645041785100000 ns
[    0.180056] futex hash table entries: 1024 (order: 5, 131072 bytes)
[    0.180341] pinctrl core: initialized pinctrl subsystem
[    0.181505] DMI not present or invalid.
[    0.181721] NET: Registered protocol family 16
[    0.181887] audit: initializing netlink subsys (disabled)
[    0.181956] audit: type=2000 audit(0.180:1): state=initialized audit_enabled=0 res=1
[    0.183981] cpuidle: using governor menu
[    0.184631] vdso: 2 pages (1 code @ ffff000008996000, 1 data @ ffff000008f35000)
[    0.184651] hw-breakpoint: found 6 breakpoint and 4 watchpoint registers.
[    0.185208] DMA: preallocated 256 KiB pool for atomic allocations
[    0.186331] Serial: AMBA PL011 UART driver
[    0.200885] HugeTLB registered 2.00 MiB page size, pre-allocated 0 pages
[    0.201508] ACPI: Interpreter disabled.
[    0.201915] PPLCD_VDD: Failed to request enable GPIO172: -517
[    0.201930] reg-fixed-voltage regulators:regulator@1: Failed to register regulator: -517
[    0.202281] PP1800_LCDIO: Failed to request enable GPIO171: -517
[    0.202294] reg-fixed-voltage regulators:regulator@5: Failed to register regulator: -517
[    0.202342] PP1800_CAM: Failed to request enable GPIO83: -517
[    0.202352] reg-fixed-voltage regulators:regulator@6: Failed to register regulator: -517
[    0.202894] vgaarb: loaded
[    0.203056] SCSI subsystem initialized
[    0.203286] usbcore: registered new interface driver usbfs
[    0.203317] usbcore: registered new interface driver hub
[    0.203367] usbcore: registered new device driver usb
[    0.204331] tegra-i2c 7000d100.i2c: could not find pctldev for node /host1x@50000000/dpaux@545c0000/pinmux-i2c, deferring probe
[    0.204421] pps_core: LinuxPPS API ver. 1 registered
[    0.204430] pps_core: Software ver. 5.3.6 - Copyright 2005-2007 Rodolfo Giometti <giometti@linux.it>
[    0.204449] PTP clock support registered
[    0.204542] EDAC MC: Ver: 3.0.0
[    0.204705] dmi: Firmware registration failed.
[    0.205352] Advanced Linux Sound Architecture Driver Initialized.
[    0.205718] clocksource: Switched to clocksource arch_sys_counter
[    0.205804] VFS: Disk quotas dquot_6.6.0
[    0.205841] VFS: Dquot-cache hash table entries: 512 (order 0, 4096 bytes)
[    0.205932] pnp: PnP ACPI: disabled
[    0.209653] NET: Registered protocol family 2
[    0.210028] TCP established hash table entries: 32768 (order: 6, 262144 bytes)
[    0.210220] TCP bind hash table entries: 32768 (order: 7, 524288 bytes)
[    0.210421] TCP: Hash tables configured (established 32768 bind 32768)
[    0.210515] UDP hash table entries: 2048 (order: 4, 65536 bytes)
[    0.210555] UDP-Lite hash table entries: 2048 (order: 4, 65536 bytes)
[    0.210669] NET: Registered protocol family 1
[    0.210868] RPC: Registered named UNIX socket transport module.
[    0.210879] RPC: Registered udp transport module.
[    0.210886] RPC: Registered tcp transport module.
[    0.210892] RPC: Registered tcp NFSv4.1 backchannel transport module.
[    0.211007] Unpacking initramfs...
[    0.257684] Freeing initrd memory: 1284K
[    0.258071] kvm [1]: 8-bit VMID
[    0.258083] kvm [1]: IDMAP page: 80976000
[    0.258091] kvm [1]: HYP VA range: 800000000000:ffffffffffff
[    0.258702] kvm [1]: Hyp mode initialized successfully
[    0.258818] kvm [1]: vgic-v2@50044000
[    0.258885] kvm [1]: vgic interrupt IRQ1
[    0.258900] kvm [1]: virtual timer IRQ4
[    0.260719] workingset: timestamp_bits=44 max_order=20 bucket_order=0
[    0.264258] squashfs: version 4.0 (2009/01/31) Phillip Lougher
[    0.264634] NFS: Registering the id_resolver key type
[    0.264655] Key type id_resolver registered
[    0.264662] Key type id_legacy registered
[    0.264674] nfs4filelayout_init: NFSv4 File Layout Driver Registering...
[    0.264766] 9p: Installing v9fs 9p2000 file system support
[    0.266219] Block layer SCSI generic (bsg) driver version 0.4 loaded (major 246)
[    0.266236] io scheduler noop registered
[    0.266345] io scheduler cfq registered (default)
[    0.266354] io scheduler mq-deadline registered
[    0.266362] io scheduler kyber registered
[    0.267814]  usb3-0: usb3-0 supply vbus not found, using dummy regulator
[    0.276723] tegra-apbdma 60020000.dma: Tegra20 APB DMA driver register 32 channels
[    0.278226] tegra-pmc 7000e400.pmc: i2c-thermtrip node not found, emergency thermal reset disabled.
[    0.280507] Serial: 8250/16550 driver, 4 ports, IRQ sharing enabled
[    0.281909] 70006000.serial: ttyS0 at MMIO 0x70006000 (irq = 314, base_baud = 25500000) is a Tegra
[    1.289693] console [ttyS0] enabled
[    1.293605] SuperH (H)SCI(F) driver initialized
[    1.298363] msm_serial: driver initialized
[    1.302809] cacheinfo: Unable to detect cache hierarchy for CPU 0
[    1.312330] loop: module loaded
[    1.319972] cros-ec-i2c 0-001e: Chrome EC device registered
[    1.326246] max77620 1-003c: PMIC Version OTP:0x35 and ES:0x8
[    1.334599] max77620-sd0: supplied by regulator-dummy
[    1.340798] max77620-sd1: supplied by regulator-dummy
[    1.346956] max77620-sd2: supplied by regulator-dummy
[    1.353058] max77620-sd3: supplied by regulator-dummy
[    1.359191] max77620-ldo0: supplied by regulator-dummy
[    1.364855] max77620-ldo1: supplied by regulator-dummy
[    1.370012] PP1200_RCAM: Bringing 1050000uV into 1200000-1200000uV
[    1.376599] max77620-ldo2: supplied by regulator-dummy
[    1.382270] max77620-ldo3: supplied by regulator-dummy
[    1.387424] PP2800L_RCAM: Bringing 3100000uV into 2800000-2800000uV
[    1.394110] max77620-ldo4: supplied by regulator-dummy
[    1.399260] PP1100_SOC_RTC: Bringing 1000000uV into 850000-850000uV
[    1.406065] max77620-ldo5: supplied by regulator-dummy
[    1.411217] PP2800L_FCAM: Bringing 3100000uV into 2800000-2800000uV
[    1.417895] max77620-ldo6: supplied by regulator-dummy
[    1.423047] PP_LDO6: Bringing 2800000uV into 1800000-1800000uV
[    1.429316] max77620-ldo7: supplied by regulator-dummy
[    1.435055] max77620-ldo8: supplied by regulator-dummy
[    1.443934] libphy: Fixed MDIO Bus: probed
[    1.448267] tun: Universal TUN/TAP device driver, 1.6
[    1.453937] e1000e: Intel(R) PRO/1000 Network Driver - 3.2.6-k
[    1.459766] e1000e: Copyright(c) 1999 - 2015 Intel Corporation.
[    1.465720] igb: Intel(R) Gigabit Ethernet Network Driver - version 5.4.0-k
[    1.472677] igb: Copyright (c) 2007-2014 Intel Corporation.
[    1.478265] igbvf: Intel(R) Gigabit Virtual Function Network Driver - version 2.4.0-k
[    1.486091] igbvf: Copyright (c) 2009 - 2012 Intel Corporation.
[    1.492199] sky2: driver version 1.30
[    1.496132] VFIO - User Level meta-driver version: 0.3
[    1.501985] ehci_hcd: USB 2.0 'Enhanced' Host Controller (EHCI) Driver
[    1.508509] ehci-pci: EHCI PCI platform driver
[    1.512970] ehci-platform: EHCI generic platform driver
[    1.518261] ehci-orion: EHCI orion driver
[    1.522323] ehci-exynos: EHCI EXYNOS driver
[    1.526558] ehci-msm: Qualcomm On-Chip EHCI Host Controller
[    1.532177] ohci_hcd: USB 1.1 'Open' Host Controller (OHCI) Driver
[    1.538359] ohci-pci: OHCI PCI platform driver
[    1.542821] ohci-platform: OHCI generic platform driver
[    1.548106] ohci-exynos: OHCI EXYNOS driver
[    1.614363] tegra-xusb 70090000.usb: Firmware timestamp: 2015-08-10 09:47:54 UTC
[    1.621773] tegra-xusb 70090000.usb: xHCI Host Controller
[    1.627180] tegra-xusb 70090000.usb: new USB bus registered, assigned bus number 1
[    1.635714] tegra-xusb 70090000.usb: hcc params 0x0184f525 hci version 0x100 quirks 0x00010010
[    1.644351] tegra-xusb 70090000.usb: irq 320, io mem 0x70090000
[    1.650620] hub 1-0:1.0: USB hub found
[    1.654390] hub 1-0:1.0: 5 ports detected
[    1.658696] tegra-xusb 70090000.usb: xHCI Host Controller
[    1.664099] tegra-xusb 70090000.usb: new USB bus registered, assigned bus number 2
[    1.671711] usb usb2: We don't know the algorithms for LPM for this host, disabling LPM.
[    1.680039] hub 2-0:1.0: USB hub found
[    1.683809] hub 2-0:1.0: 4 ports detected
[    1.688297] usbcore: registered new interface driver usb-storage
[    1.822271] max77686-rtc max77620-rtc: rtc core: registered max77620-rtc as rtc0
[    1.830281] tegra_rtc 7000e000.rtc: rtc core: registered 7000e000.rtc as rtc1
[    1.837434] tegra_rtc 7000e000.rtc: Tegra internal Real Time Clock
[    1.843718] i2c /dev entries driver
[    1.848793] (NULL device *): hwmon_device_register() is deprecated. Please convert the driver to use hwmon_device_register_with_info().
[    1.879172] sdhci: Secure Digital Host Controller Interface driver
[    1.885381] sdhci: Copyright(c) Pierre Ossman
[    1.889862] Synopsys Designware Multimedia Card Interface Driver
[    1.896370] sdhci-pltfm: SDHCI platform and OF driver helper
[    1.910354] mmc0: Unknown controller version (3). You may experience problems.
[    1.961751] mmc0: SDHCI controller on 700b0600.sdhci [700b0600.sdhci] using ADMA 64-bit
[    1.973538] ledtrig-cpu: registered to indicate activity on CPUs
[    1.980275] usbcore: registered new interface driver usbhid
[    1.985867] usbhid: USB HID core driver
[    1.991181] NET: Registered protocol family 17
[    1.995694] 9pnet: Installing 9P2000 support
[    2.000065] Key type dns_resolver registered
[    2.007803] registered taskstats version 1
[    2.017586] tegra-i2c 7000d100.i2c: could not find pctldev for node /host1x@50000000/dpaux@545c0000/pinmux-i2c, deferring probe
[    2.030316] input: gpio-keys as /devices/platform/gpio-keys/input/input0
[    2.037268] tegra-i2c 7000d100.i2c: could not find pctldev for node /host1x@50000000/dpaux@545c0000/pinmux-i2c, deferring probe
[    2.044904] mmc0: new high speed MMC card at address 0001
[    2.045087] mmcblk0: mmc0:0001 BGND3R 29.1 GiB 
[    2.045173] mmcblk0boot0: mmc0:0001 BGND3R partition 1 4.00 MiB
[    2.045248] mmcblk0boot1: mmc0:0001 BGND3R partition 2 4.00 MiB
[    2.045323] mmcblk0rpmb: mmc0:0001 BGND3R partition 3 4.00 MiB
[    2.047868]  mmcblk0: p1 p2 p3 p4 p5 p6 p7 p8 p9 p10 p11
[    2.070495] max77686-rtc max77620-rtc: setting system clock to 2001-07-03 10:47:31 UTC (994157251)
[    2.070967] PP1200_AVDD: disabling
[    2.071024] PP1200_RCAM: disabling
[    2.071075] PP2800L_RCAM: disabling
[    2.071124] PP2800L_FCAM: disabling
[    2.071174] PP_LDO6: disabling
[    2.071225] PPLCD_VDD: disabling
[    2.071229] PP1800_LCDIO: disabling
[    2.071231] PP1800_CAM: disabling
[    2.071234] ALSA device list:
[    2.071235]   No soundcards found.
[    2.124366] Freeing unused kernel memory: 1152K
[    2.124372] tegra-i2c 7000d100.i2c: could not find pctldev for node /host1x@50000000/dpaux@545c0000/pinmux-i2c, deferring probe

System initialization...

Mounting /proc :[SUCCESS]
Mounting /sys :[SUCCESS]
Mounting /dev :[SUCCESS]
Mounting /dev/pts :[SUCCESS]
Mounting /sys/kernel/debug :[SUCCESS]
Mounting other filesystems :[SUCCESS]
Enabling hot-plug :[SUCCESS]
Populating /dev :[SUCCESS]
Starting syslogd :[SUCCESS]
Starting telnetd :[SUCCESS]

System initialization complete.

Please press Enter to activate this console. 