

U-Boot 2015.04-00466-gedec83e90172 (Mar 14 2016 - 10:42:01)

TEGRA124
Model: Acer Chromebook 13 CB5-311
DRAM:  4 GiB
C:   Tegra SD/MMC: 0, Tegra SD/MMC: 1, Tegra SD/MMC: 2
MMC init failed
Using default environment

In:    serial
Out:   serial
Err:   serial
Net:   Net Initialization Skipped
No ethernet found.
Hit any key to stop autoboot:  2  0 
Tegra124 (Nyan-big) # 
Tegra124 (Nyan-big) # usb start
starting USB...
USB0:   USB EHCI 1.10
scanning bus 0 for devices... 2 USB Device(s) found
USB1:   USB EHCI 1.10
scanning bus 1 for devices... 2 USB Device(s) found
       scanning usb for storage devices... 1 Storage Device(s) found
       scanning usb for ethernet devices... 
Warning: asx0 using MAC address from net device
1 Ethernet Device(s) found
Tegra124 (Nyan-big) # mw 0x7000e4a0 0x00080000
Tegra124 (Nyan-big) # setenv bootargs 'ignore_loglevel console=ttyS0,115200n8 rw root=PARTUUID=4d36e82a-b3c0-4b4b-bfcd-afe5217ac023 rootwait gpt debug noinitrd earlyprintk init=/bin/bash'
Tegra124 (Nyan-big) # setenv ipaddr 192.168.100.102; setenv serverip 192.168.100.1; setenv tftpserverip 192.168.100.1
Tegra124 (Nyan-big) # tftpboot 0x82000000 zImage.multi_v7_defconfig
Using asx0 device
TFTP from server 192.168.100.1; our IP address is 192.168.100.102
Filename 'zImage.multi_v7_defconfig'.
Load address: 0x82000000
Loading: *#################################################################
	 #################################################################
	 #################################################################
	 #################################################################
	 #################################################################
	 #################################################################
	 #################################################################
	 ###########################################################
	 3.5 MiB/s
done
Bytes transferred = 7536720 (730050 hex)
Tegra124 (Nyan-big) # tftpboot 0x83000000 tegra124-nyan-big.dtb
Using asx0 device
TFTP from server 192.168.100.1; our IP address is 192.168.100.102
Filename 'tegra124-nyan-big.dtb'.
Load address: 0x83000000
Loading: *#####
	 3.4 MiB/s
done
Bytes transferred = 68155 (10a3b hex)
Tegra124 (Nyan-big) # bootz 0x82000000 - 0x83000000
Kernel image @ 0x82000000 [ 0x000000 - 0x730050 ]
## Flattened Device Tree blob at 83000000
   Booting using the fdt blob at 0x83000000
   Using Device Tree in place at 83000000, end 83013a3a

Starting kernel ...

[    0.000000] Booting Linux on physical CPU 0x0
[    0.000000] Linux version 4.10.0-next-20170228-155175-g8d01c06 (pwalmsley@sellafield) (gcc version 4.7.3 20130328 (prerelease) (crosstool-NG linaro-1.13.1-4.7-2013.04-20130415 - Linaro GCC 2013.04) ) #1 SMP Mon Feb 27 19:05:41 PST 2017
[    0.000000] CPU: ARMv7 Processor [413fc0f3] revision 3 (ARMv7), cr=10c5387d
[    0.000000] CPU: div instructions available: patching division code
[    0.000000] CPU: PIPT / VIPT nonaliasing data cache, PIPT instruction cache
[    0.000000] OF: fdt: Machine model: Acer Chromebook 13 CB5-311
[    0.000000] OF: fdt: Ignoring memory range 0x100000000 - 0x17ffff000
[    0.000000] debug: ignoring loglevel setting.
[    0.000000] efi: Getting EFI parameters from FDT:
[    0.000000] efi: UEFI not found.
[    0.000000] cma: Reserved 64 MiB at 0xfb800000
[    0.000000] Memory policy: Data cache writealloc
[    0.000000] On node 0 totalpages: 524287
[    0.000000] free_area_init_node: node 0, pgdat c1538200, node_mem_map eeff8000
[    0.000000]   DMA zone: 1536 pages used for memmap
[    0.000000]   DMA zone: 0 pages reserved
[    0.000000]   DMA zone: 196608 pages, LIFO batch:31
[    0.000000]   HighMem zone: 327679 pages, LIFO batch:31
[    0.000000] percpu: Embedded 16 pages/cpu @eef85000 s34432 r8192 d22912 u65536
[    0.000000] pcpu-alloc: s34432 r8192 d22912 u65536 alloc=16*4096
[    0.000000] pcpu-alloc: [0] 0 [0] 1 [0] 2 [0] 3 
[    0.000000] Built 1 zonelists in Zone order, mobility grouping on.  Total pages: 522751
[    0.000000] Kernel command line: ignore_loglevel console=ttyS0,115200n8 rw root=PARTUUID=4d36e82a-b3c0-4b4b-bfcd-afe5217ac023 rootwait gpt debug noinitrd earlyprintk init=/bin/bash
[    0.000000] PID hash table entries: 4096 (order: 2, 16384 bytes)
[    0.000000] Dentry cache hash table entries: 131072 (order: 7, 524288 bytes)
[    0.000000] Inode-cache hash table entries: 65536 (order: 6, 262144 bytes)
[    0.000000] Memory: 1994668K/2097148K available (10240K kernel code, 1254K rwdata, 4212K rodata, 2048K init, 536K bss, 36944K reserved, 65536K cma-reserved, 1245180K highmem)
[    0.000000] Virtual kernel memory layout:
[    0.000000]     vector  : 0xffff0000 - 0xffff1000   (   4 kB)
[    0.000000]     fixmap  : 0xffc00000 - 0xfff00000   (3072 kB)
[    0.000000]     vmalloc : 0xf0800000 - 0xff800000   ( 240 MB)
[    0.000000]     lowmem  : 0xc0000000 - 0xf0000000   ( 768 MB)
[    0.000000]     pkmap   : 0xbfe00000 - 0xc0000000   (   2 MB)
[    0.000000]     modules : 0xbf000000 - 0xbfe00000   (  14 MB)
[    0.000000]       .text : 0xc0208000 - 0xc0d00000   (11232 kB)
[    0.000000]       .init : 0xc1200000 - 0xc1400000   (2048 kB)
[    0.000000]       .data : 0xc1400000 - 0xc1539b20   (1255 kB)
[    0.000000]        .bss : 0xc153b000 - 0xc15c12b8   ( 537 kB)
[    0.000000] SLUB: HWalign=64, Order=0-3, MinObjects=0, CPUs=4, Nodes=1
[    0.000000] Hierarchical RCU implementation.
[    0.000000] 	RCU debugfs-based tracing is enabled.
[    0.000000] 	Build-time adjustment of leaf fanout to 32.
[    0.000000] 	RCU restricting CPUs from NR_CPUS=16 to nr_cpu_ids=4.
[    0.000000] RCU: Adjusting geometry for rcu_fanout_leaf=32, nr_cpu_ids=4
[    0.000000] NR_IRQS:16 nr_irqs:16 16
[    0.000000] /interrupt-controller@60004000: 160 interrupts forwarded to /interrupt-controller@50041000
[    0.000000] Tegra clk 127: register failed with -17
[    0.000003] sched_clock: 32 bits at 1000kHz, resolution 1000ns, wraps every 2147483647500ns
[    0.000012] clocksource: timer_us: mask: 0xffffffff max_cycles: 0xffffffff, max_idle_ns: 1911260446275 ns
[    0.000018] Switching to timer-based delay loop, resolution 1000ns
[    0.001730] arm_arch_timer: Architected cp15 timer(s) running at 12.00MHz (virt).
[    0.001737] clocksource: arch_sys_counter: mask: 0xffffffffffffff max_cycles: 0x2c47f4ee7, max_idle_ns: 440795202497 ns
[    0.001744] sched_clock: 56 bits at 12MHz, resolution 83ns, wraps every 4398046511096ns
[    0.001749] Switching to timer-based delay loop, resolution 83ns
[    0.001956] Console: colour dummy device 80x30
[    0.001970] Calibrating delay loop (skipped), value calculated using timer frequency.. 24.00 BogoMIPS (lpj=120000)
[    0.001977] pid_max: default: 32768 minimum: 301
[    0.002020] Mount-cache hash table entries: 2048 (order: 1, 8192 bytes)
[    0.002024] Mountpoint-cache hash table entries: 2048 (order: 1, 8192 bytes)
[    0.002218] CPU: Testing write buffer coherency: ok
[    0.002341] /cpus/cpu@0 missing clock-frequency property
[    0.002356] /cpus/cpu@1 missing clock-frequency property
[    0.002370] /cpus/cpu@2 missing clock-frequency property
[    0.002385] /cpus/cpu@3 missing clock-frequency property
[    0.002390] CPU0: thread -1, cpu 0, socket 0, mpidr 80000000
[    0.002471] Setting up static identity map for 0x80300000 - 0x80300098
[    0.003800] Tegra Revision: A01 SKU: 131 CPU Process: 1 SoC Process: 1
[    0.004024] EFI services will not be available.
[    0.004121] smp: Bringing up secondary CPUs ...
[    0.004361] CPU1: thread -1, cpu 1, socket 0, mpidr 80000001
[    0.011843] CPU2: thread -1, cpu 2, socket 0, mpidr 80000002
[    0.021843] CPU3: thread -1, cpu 3, socket 0, mpidr 80000003
[    0.031627] smp: Brought up 1 node, 4 CPUs
[    0.031635] SMP: Total of 4 processors activated (96.00 BogoMIPS).
[    0.031638] CPU: All CPU(s) started in SVC mode.
[    0.032180] devtmpfs: initialized
[    0.037849] VFP support v0.3: implementor 41 architecture 4 part 30 variant f rev 0
[    0.038037] clocksource: jiffies: mask: 0xffffffff max_cycles: 0xffffffff, max_idle_ns: 19112604462750000 ns
[    0.038045] futex hash table entries: 1024 (order: 4, 65536 bytes)
[    0.038610] pinctrl core: initialized pinctrl subsystem
[    0.039377] NET: Registered protocol family 16
[    0.040107] DMA: preallocated 256 KiB pool for atomic coherent allocations
[    0.040997] cpuidle: using governor menu
[    0.050029] No ATAGs?
[    0.050080] hw-breakpoint: found 5 (+1 reserved) breakpoint and 4 watchpoint registers.
[    0.050086] hw-breakpoint: maximum watchpoint size is 8 bytes.
[    0.052627] Serial: AMBA PL011 UART driver
[    0.052979] tegra-mc 70019000.memory-controller: no memory timings for RAM code 0 registered
[    0.058262] AT91: Could not find identification node
[    0.058457] +5V_SYS: supplied by +VDD_MUX
[    0.058552] +3.3V_SYS: supplied by +VDD_MUX
[    0.058756] +VDD_LED: Failed to request enable GPIO122: -517
[    0.058762] reg-fixed-voltage regulators:regulator@5: Failed to register regulator: -517
[    0.058793] +5V_VDD_TS_SW: Failed to request enable GPIO81: -517
[    0.058798] reg-fixed-voltage regulators:regulator@6: Failed to register regulator: -517
[    0.058828] +5V_USB_HS: Failed to request enable GPIO108: -517
[    0.058832] reg-fixed-voltage regulators:regulator@7: Failed to register regulator: -517
[    0.058862] +5V_USB_SS: Failed to request enable GPIO109: -517
[    0.058867] reg-fixed-voltage regulators:regulator@8: Failed to register regulator: -517
[    0.058946] +1.05V_RUN_AVDD_HDMI_PLL: Failed to request enable GPIO63: -517
[    0.058950] reg-fixed-voltage regulators:regulator@11: Failed to register regulator: -517
[    0.058980] +5V_HDMI_CON: Failed to request enable GPIO86: -517
[    0.058984] reg-fixed-voltage regulators:regulator@12: Failed to register regulator: -517
[    0.060040] vgaarb: loaded
[    0.060310] SCSI subsystem initialized
[    0.060376] libata version 3.00 loaded.
[    0.060466] usbcore: registered new interface driver usbfs
[    0.060487] usbcore: registered new interface driver hub
[    0.060507] usbcore: registered new device driver usb
[    0.061802] pps_core: LinuxPPS API ver. 1 registered
[    0.061806] pps_core: Software ver. 5.3.6 - Copyright 2005-2007 Rodolfo Giometti <giometti@linux.it>
[    0.061814] PTP clock support registered
[    0.061879] EDAC MC: Ver: 3.0.0
[    0.062275] tegra-emc 7001b000.emc: no memory timings for RAM code 0 found in DT
[    0.062284] tegra-emc: probe of 7001b000.emc failed with error -2
[    0.062707] clocksource: Switched to clocksource arch_sys_counter
[    0.065889] NET: Registered protocol family 2
[    0.066078] TCP established hash table entries: 8192 (order: 3, 32768 bytes)
[    0.066111] TCP bind hash table entries: 8192 (order: 4, 65536 bytes)
[    0.066174] TCP: Hash tables configured (established 8192 bind 8192)
[    0.066208] UDP hash table entries: 512 (order: 2, 16384 bytes)
[    0.066223] UDP-Lite hash table entries: 512 (order: 2, 16384 bytes)
[    0.066280] NET: Registered protocol family 1
[    0.066397] RPC: Registered named UNIX socket transport module.
[    0.066400] RPC: Registered udp transport module.
[    0.066403] RPC: Registered tcp transport module.
[    0.066406] RPC: Registered tcp NFSv4.1 backchannel transport module.
[    0.066411] PCI: CLS 0 bytes, default 64
[    0.066847] hw perfevents: enabled with armv7_cortex_a15 PMU driver, 7 counters available
[    0.067538] workingset: timestamp_bits=30 max_order=19 bucket_order=0
[    0.070331] squashfs: version 4.0 (2009/01/31) Phillip Lougher
[    0.070587] NFS: Registering the id_resolver key type
[    0.070597] Key type id_resolver registered
[    0.070601] Key type id_legacy registered
[    0.070617] ntfs: driver 2.1.32 [Flags: R/O].
[    0.071161] bounce: pool size: 64 pages
[    0.071179] Block layer SCSI generic (bsg) driver version 0.4 loaded (major 248)
[    0.071183] io scheduler noop registered
[    0.071186] io scheduler deadline registered
[    0.071240] io scheduler cfq registered (default)
[    0.071244] io scheduler mq-deadline registered
[    0.073020] tegra-xusb-padctl 7009f000.padctl: failed to setup XUSB ports: -517
[    0.082498] tegra-apbdma 60020000.dma: Tegra20 APB DMA driver register 32 channels
[    0.083194] tegra-pmc 7000e400.pmc: i2c-thermtrip node not found, emergency thermal reset disabled.
[    0.101094] Serial: 8250/16550 driver, 4 ports, IRQ sharing disabled
[    0.102106] console [ttyS0] disabled
[    0.102123] 70006000.serial: ttyS0 at MMIO 0x70006000 (irq = 333, base_baud = 25500000) is a Tegra
[    0.991274] console [ttyS0] enabled
[    0.995048] SuperH (H)SCI(F) driver initialized
[    0.999890] msm_serial: driver initialized
[    1.004045] STMicroelectronics ASC driver initialized
[    1.011564] tegra-hdmi 54280000.hdmi: failed to get HDMI regulator
[    1.018099] tegra-dpaux 545c0000.dpaux: failed to get VDD supply: -517
[    1.025392] panel-simple panel: panel supply power not found, using dummy regulator
[    1.036516] brd: module loaded
[    1.042174] loop: module loaded
[    1.046210] as3722 4-0040: AS3722 with revision 0x1 found
[    1.056151] as3722-sd2: supplied by +5V_SYS
[    1.060557] as3722-sd3: supplied by +5V_SYS
[    1.064892] +1.35V_LP0(sd3): Bringing 0uV into 1350000-1350000uV
[    1.071055] as3722-sd4: supplied by +5V_SYS
[    1.075432] +1.05V_RUN: Bringing 0uV into 1050000-1050000uV
[    1.081167] as3722-sd5: supplied by +5V_SYS
[    1.086744] as3722-ldo0: supplied by +1.35V_LP0(sd2)
[    1.092459] +1.8V_RUN_CAM: Bringing 0uV into 1800000-1800000uV
[    1.098475] as3722-ldo2: supplied by +1.8V_VDDIO
[    1.104088] as3722-ldo3: supplied by +3.3V_SYS
[    1.108533] +1.00V_LP0_VDD_RTC: Bringing 1100000uV into 1000000-1000000uV
[    1.116110] as3722-ldo4: supplied by +3.3V_SYS
[    1.120703] +3.3V_RUN_CAM: Bringing 0uV into 2800000-2800000uV
[    1.126720] as3722-ldo5: supplied by +1.8V_VDDIO
[    1.131481] +1.2V_RUN_CAM_FRONT: Bringing 0uV into 1200000-1200000uV
[    1.138164] +VDDIO_SDMMC3: Bringing 0uV into 1800000-1800000uV
[    1.144180] as3722-ldo7: supplied by +1.8V_VDDIO
[    1.148943] +1.05V_RUN_CAM_REAR: Bringing 0uV into 1050000-1050000uV
[    1.155487] as3722-ldo9: supplied by +5V_SYS
[    1.160046] +2.8V_RUN_TOUCH: Bringing 0uV into 2800000-2800000uV
[    1.166235] as3722-ldo10: supplied by +5V_SYS
[    1.170738] +2.8V_RUN_CAM_AF: Bringing 0uV into 2800000-2800000uV
[    1.177168] +1.8V_RUN_VPP_FUSE: Bringing 0uV into 1800000-1800000uV
[    1.189384] random: fast init done
[    1.195324] m25p80 spi32765.0: w25q32dw (4096 Kbytes)
[    1.201384] libphy: Fixed MDIO Bus: probed
[    1.205871] CAN device driver interface
[    1.210010] bgmac_bcma: Broadcom 47xx GBit MAC driver loaded
[    1.216118] e1000e: Intel(R) PRO/1000 Network Driver - 3.2.6-k
[    1.221933] e1000e: Copyright(c) 1999 - 2015 Intel Corporation.
[    1.227862] igb: Intel(R) Gigabit Ethernet Network Driver - version 5.4.0-k
[    1.234811] igb: Copyright (c) 2007-2014 Intel Corporation.
[    1.241555] pegasus: v0.9.3 (2013/04/25), Pegasus/Pegasus II USB Ethernet driver
[    1.248960] usbcore: registered new interface driver pegasus
[    1.254626] usbcore: registered new interface driver asix
[    1.260021] usbcore: registered new interface driver ax88179_178a
[    1.266113] usbcore: registered new interface driver cdc_ether
[    1.271947] usbcore: registered new interface driver smsc75xx
[    1.277698] usbcore: registered new interface driver smsc95xx
[    1.283445] usbcore: registered new interface driver net1080
[    1.289099] usbcore: registered new interface driver cdc_subset
[    1.295018] usbcore: registered new interface driver zaurus
[    1.300592] usbcore: registered new interface driver cdc_ncm
[    1.306866] ehci_hcd: USB 2.0 'Enhanced' Host Controller (EHCI) Driver
[    1.313386] ehci-pci: EHCI PCI platform driver
[    1.317830] ehci-platform: EHCI generic platform driver
[    1.323119] ehci-orion: EHCI orion driver
[    1.327161] SPEAr-ehci: EHCI SPEAr driver
[    1.331202] ehci-st: EHCI STMicroelectronics driver
[    1.336118] ehci-exynos: EHCI EXYNOS driver
[    1.340339] ehci-atmel: EHCI Atmel driver
[    1.344386] tegra-ehci: Tegra EHCI driver
[    1.348443] ohci_hcd: USB 1.1 'Open' Host Controller (OHCI) Driver
[    1.354616] ohci-pci: OHCI PCI platform driver
[    1.359059] ohci-platform: OHCI generic platform driver
[    1.364327] ohci-omap3: OHCI OMAP3 driver
[    1.368370] SPEAr-ohci: OHCI SPEAr driver
[    1.372413] ohci-st: OHCI STMicroelectronics driver
[    1.377329] ohci-atmel: OHCI Atmel driver
[    1.381580] usbcore: registered new interface driver usb-storage
[    1.388346] elan_i2c 1-0015: 1-0015 supply vcc not found, using dummy regulator
[    1.395713] as3722-rtc as3722-rtc: rtc core: registered as3722-rtc as rtc0
[    1.402580] as3722-rtc as3722-rtc: RTC interrupt 372
[    1.409450] tegra_rtc 7000e000.rtc: rtc core: registered 7000e000.rtc as rtc1
[    1.416586] tegra_rtc 7000e000.rtc: Tegra internal Real Time Clock
[    1.422931] i2c /dev entries driver
[    1.428703] lm90 0-004c: 0-004c supply vcc not found, using dummy regulator
[    1.439944] sdhci: Secure Digital Host Controller Interface driver
[    1.446124] sdhci: Copyright(c) Pierre Ossman
[    1.451008] Synopsys Designware Multimedia Card Interface Driver
[    1.457392] sdhci-pltfm: SDHCI platform and OF driver helper
[    1.463311] sdhci-tegra 700b0000.sdhci: allocated mmc-pwrseq
[    1.469067] sdhci-tegra 700b0400.sdhci: Got CD GPIO
[    1.473946] sdhci-tegra 700b0400.sdhci: Got WP GPIO
[    1.478923] mmc0: Unknown controller version (3). You may experience problems.
[    1.486162] mmc0: Invalid maximum block size, assuming 512 bytes
[    1.552712] mmc0: SDHCI controller on 700b0600.sdhci [700b0600.sdhci] using ADMA
[    1.560777] ledtrig-cpu: registered to indicate activity on CPUs
[    1.566965] usbcore: registered new interface driver usbhid
[    1.572528] usbhid: USB HID core driver
[    1.577760] NET: Registered protocol family 10
[    1.582535] Segment Routing with IPv6
[    1.586238] sit: IPv6, IPv4 and MPLS over IPv4 tunneling driver
[    1.592370] NET: Registered protocol family 17
[    1.596817] can: controller area network core (rev 20120528 abi 9)
[    1.603003] elan_i2c 1-0015: Elan Touchpad: Module ID: 0x002a, Firmware: 0x0005, Sample: 0x0007, IAP: 0x0009
[    1.603091] NET: Registered protocol family 29
[    1.603094] can: raw protocol (rev 20120528)
[    1.603097] can: broadcast manager protocol (rev 20161123 t)
[    1.603102] can: netlink gateway (rev 20130117) max_hops=1
[    1.603271] Key type dns_resolver registered
[    1.612969] ThumbEE CPU extension supported.
[    1.612974] Registering SWP/SWPB emulation handler
[    1.624940] +3.3V_RUN: supplied by +3.3V_SYS
[    1.625466] +VDD_LED: supplied by +VDD_MUX
[    1.625561] +3.3V_AVDD_HDMI_AP_GATED: supplied by +3.3V_RUN
[    1.625599] +1.8V_RUN_CAM: supplied by +3.3V_RUN
[    1.625637] +VDDIO_SDMMC3: supplied by +3.3V_RUN
[    1.625679] +1.8V_RUN_VPP_FUSE: supplied by +3.3V_RUN
[    1.625848] +5V_VDD_TS_SW: supplied by +5V_SYS
[    1.626081] +5V_USB_HS: supplied by +5V_SYS
[    1.626319] +5V_USB_SS: supplied by +5V_SYS
[    1.627005] +3.3V_PANEL: supplied by +3.3V_RUN
[    1.627697] +3.3V_LP0: supplied by +3.3V_SYS
[    1.628341] +1.05V_RUN_AVDD_HDMI_PLL: supplied by +1.05V_RUN
[    1.628575] +5V_HDMI_CON: supplied by +5V_SYS
[    1.629419]  usb3-0: usb3-0 supply vbus not found, using dummy regulator
[    1.629482]  usb3-1: usb3-1 supply vbus not found, using dummy regulator
[    1.640135] tegra-sor 54540000.sor: failed to probe output: -517
[    1.640831] panel-simple panel: panel supply power not found, using dummy regulator
[    1.641752] sdhci-tegra 700b0000.sdhci: allocated mmc-pwrseq
[    1.641844] mmc1: Unknown controller version (3). You may experience problems.
[    1.641885] mmc1: Invalid maximum block size, assuming 512 bytes
[    1.642123] mmc1: Switching to 3.3V signalling voltage failed
[    1.686203] mmc0: new high speed MMC card at address 0001
[    1.686729] mmcblk0: mmc0:0001 MMC16G 14.4 GiB 
[    1.687251] mmcblk0boot0: mmc0:0001 MMC16G partition 1 2.00 MiB
[    1.687541] mmcblk0boot1: mmc0:0001 MMC16G partition 2 2.00 MiB
[    1.687875] mmcblk0rpmb: mmc0:0001 MMC16G partition 3 128 KiB
[    1.690800]  mmcblk0: p1 p2 p3 p4 p5 p6 p7 p8 p9 p10 p11 p12
[    1.692737] mmc1: SDHCI controller on 700b0000.sdhci [700b0000.sdhci] using ADMA
[    1.693664] sdhci-tegra 700b0400.sdhci: Got CD GPIO
[    1.693675] sdhci-tegra 700b0400.sdhci: Got WP GPIO
[    1.693788] mmc2: Unknown controller version (3). You may experience problems.
[    1.693834] mmc2: Invalid maximum block size, assuming 512 bytes
[    1.733618] mmc1: new high speed SDIO card at address 0001
[    1.752917] mmc2: SDHCI controller on 700b0400.sdhci [700b0400.sdhci] using ADMA
[    1.834151] input: Elan Touchpad as /devices/soc0/7000c400.i2c/i2c-1/1-0015/input/input0
[    1.849913] [drm] Supports vblank timestamp caching Rev 2 (21.10.2013).
[    1.856543] [drm] No driver support for vblank timestamp query.
[    1.904789] mmc2: new high speed SDHC card at address 0007
[    1.905394] mmcblk2: mmc2:0007 SD08G 7.42 GiB 
[    1.913939] GPT:Primary header alternate_lba != Alt. header my_lba
[    1.913943] GPT:3014591 != 15564799
[    1.913945] GPT:Primary header thinks Alt. header is not at the end of the disk.
[    1.913946] GPT:3014591 != 15564799
[    1.913947] GPT: Use GNU Parted to correct GPT errors.
[    1.913972]  mmcblk2: p1 p2 p3 p4 p5 p6 p7 p8 p9 p10 p11 p12
[    1.944451] Console: switching to colour frame buffer device 170x48
[    2.008602] drm drm: fb0:  frame buffer device
[    2.013114] [drm] Initialized tegra 0.0.0 20120330 for drm on minor 0
[    2.020283] input: gpio-keys as /devices/soc0/gpio-keys/input/input1
[    2.027608] as3722-rtc as3722-rtc: setting system clock to 2000-01-01 00:00:23 UTC (946684823)
[    2.036769] +1.8V_RUN_CAM: disabling
[    2.040457] +3.3V_RUN_CAM: disabling
[    2.044291] +1.2V_RUN_CAM_FRONT: disabling
[    2.048563] +1.05V_RUN_CAM_REAR: disabling
[    2.052884] +2.8V_RUN_TOUCH: disabling
[    2.056730] +2.8V_RUN_CAM_AF: disabling
[    2.060663] +1.8V_RUN_VPP_FUSE: disabling
[    2.064828] +5V_VDD_TS_SW: disabling
[    2.068403] +5V_USB_HS: disabling
[    2.071708] +5V_USB_SS: disabling
[    2.075863] EXT4-fs (mmcblk0p3): couldn't mount as ext3 due to feature incompatibilities
[    2.084512] EXT4-fs (mmcblk0p3): couldn't mount as ext2 due to feature incompatibilities
[    2.579616] EXT4-fs (mmcblk0p3): recovery complete
[    2.584988] EXT4-fs (mmcblk0p3): mounted filesystem with ordered data mode. Opts: (null)
[    2.593094] VFS: Mounted root (ext4 filesystem) on device 179:3.
[    2.599594] devtmpfs: mounted
[    2.603200] Freeing unused kernel memory: 2048K
bash: cannot set terminal process group (-1): Inappropriate ioctl for device
bash: no job control in this shell
root@(none):/# mount -t sysfs none /sys
root@(none):/# 
root@(none):/# mount -t debugfs none /sys/kernel/debug
root@(none):/# 
root@(none):/# rtcwake -d rtc1 -m mem -s 3
rtcwake: assuming RTC uses UTC ...
rtcwake: wakeup from "mem" using /dev/rtc1 at Thu Jan  1 00:00:29 1970
[    5.862525] PM: Syncing filesystems ... done.
[    5.877415] Freezing user space processes ... (elapsed 0.001 seconds) done.
[    5.885566] Freezing remaining freezable tasks ... (elapsed 0.001 seconds) done.
[    5.894208] Suspending console(s) (use no_console_suspend to debug)
[    5.940951] PM: suspend of devices complete after 39.966 msecs
[    5.942201] PM: late suspend of devices complete after 1.241 msecs
[    5.943076] PM: noirq suspend of devices complete after 0.871 msecs
[    5.943078] Disabling non-boot CPUs ...
[    6.064618] IRQ17 no longer affine to CPU3
[    6.114366] Entering suspend state LP1
[    6.114366] Suspended for 3.801 seconds
[    6.114377] Enabling non-boot CPUs ...
[    6.144223] CPU1 is up
[    6.184059] CPU2 is up
[    6.224273] CPU3 is up
[    6.224729] PM: noirq resume of devices complete after 0.451 msecs
[    6.226083] PM: early resume of devices complete after 1.042 msecs
[    6.381845] mmc1: Switching to 3.3V signalling voltage failed
[    6.632711] tegra-sor 54540000.sor: failed to attach SOR: -110
[    6.669500] PM: resume of devices complete after 443.410 msecs
[    6.745007] Restarting tasks ... done.
root@(none):/# 
root@(none):/# rtcwake -d rtc1 -m mem -s 3
rtcwake: assuming RTC uses UTC ...
rtcwake: wakeup from "mem" using /dev/rtc1 at Thu Jan  1 00:00:34 1970
[    7.142194] PM: Syncing filesystems ... done.
[    7.153135] Freezing user space processes ... (elapsed 0.001 seconds) done.
[    7.161265] Freezing remaining freezable tasks ... (elapsed 0.001 seconds) done.
[    7.169891] Suspending console(s) (use no_console_suspend to debug)
[    7.216666] PM: suspend of devices complete after 39.982 msecs
[    7.217986] PM: late suspend of devices complete after 1.311 msecs
[    7.218906] PM: noirq suspend of devices complete after 0.915 msecs
[    7.218908] Disabling non-boot CPUs ...
[    7.384117] Entering suspend state LP1
[    7.384117] Suspended for 3.730 seconds
[    7.384128] Enabling non-boot CPUs ...
[    7.414194] CPU1 is up
[    7.454032] CPU2 is up
[    7.494248] CPU3 is up
[    7.494688] PM: noirq resume of devices complete after 0.435 msecs
[    7.496151] PM: early resume of devices complete after 1.156 msecs
[    7.651762] mmc1: Switching to 3.3V signalling voltage failed
[    7.912671] tegra-sor 54540000.sor: failed to attach SOR: -110
[    7.939304] PM: resume of devices complete after 443.148 msecs
[    8.010639] Restarting tasks ... done.
root@(none):/# 
root@(none):/# rtcwake -d rtc1 -m mem -s 3
rtcwake: assuming RTC uses UTC ...
rtcwake: wakeup from "mem" using /dev/rtc1 at Thu Jan  1 00:00:39 1970
[    8.412166] PM: Syncing filesystems ... done.
[    8.422936] Freezing user space processes ... (elapsed 0.001 seconds) done.
[    8.430999] Freezing remaining freezable tasks ... (elapsed 0.001 seconds) done.
[    8.439616] Suspending console(s) (use no_console_suspend to debug)
[    8.486462] PM: suspend of devices complete after 40.049 msecs
[    8.487858] PM: late suspend of devices complete after 1.387 msecs
[    8.488756] PM: noirq suspend of devices complete after 0.893 msecs
[    8.488758] Disabling non-boot CPUs ...
[    8.634014] Entering suspend state LP1
[    8.634014] Suspended for 3.749 seconds
[    8.634024] Enabling non-boot CPUs ...
[    8.664350] CPU1 is up
[    8.704001] CPU2 is up
[    8.744208] CPU3 is up
[    8.744640] PM: noirq resume of devices complete after 0.427 msecs
[    8.745904] PM: early resume of devices complete after 0.950 msecs
[    8.901934] mmc1: Switching to 3.3V signalling voltage failed
[    9.152704] tegra-sor 54540000.sor: failed to attach SOR: -110
[    9.189326] PM: resume of devices complete after 443.417 msecs
[    9.260749] Restarting tasks ... done.
root@(none):/# 
root@(none):/# rtcwake -d rtc1 -m mem -s 3
rtcwake: assuming RTC uses UTC ...
rtcwake: wakeup from "mem" using /dev/rtc1 at Thu Jan  1 00:00:44 1970
[    9.662437] PM: Syncing filesystems ... done.
[    9.672958] Freezing user space processes ... (elapsed 0.001 seconds) done.
[    9.681097] Freezing remaining freezable tasks ... (elapsed 0.001 seconds) done.
[    9.689726] Suspending console(s) (use no_console_suspend to debug)
[    9.736458] PM: suspend of devices complete after 39.944 msecs
[    9.737882] PM: late suspend of devices complete after 1.416 msecs
[    9.738784] PM: noirq suspend of devices complete after 0.897 msecs
[    9.738786] Disabling non-boot CPUs ...
[    9.794582] IRQ17 no longer affine to CPU2
[    9.913988] Entering suspend state LP1
[    9.913988] Suspended for 3.719 seconds
[    9.913998] Enabling non-boot CPUs ...
[    9.944335] CPU1 is up
[    9.983982] CPU2 is up
[   10.024193] CPU3 is up
[   10.024624] PM: noirq resume of devices complete after 0.426 msecs
[   10.026023] PM: early resume of devices complete after 1.089 msecs
[   10.182623] mmc1: Switching to 3.3V signalling voltage failed
[   10.442666] tegra-sor 54540000.sor: failed to attach SOR: -110
[   10.470167] PM: resume of devices complete after 444.138 msecs
[   10.545690] Restarting tasks ... done.
root@(none):/# 
root@(none):/# rtcwake -d rtc1 -m mem -s 3
rtcwake: assuming RTC uses UTC ...
rtcwake: wakeup from "mem" using /dev/rtc1 at Thu Jan  1 00:00:49 1970
[   10.942430] PM: Syncing filesystems ... done.
[   10.953827] Freezing user space processes ... (elapsed 0.001 seconds) done.
[   10.961948] Freezing remaining freezable tasks ... (elapsed 0.001 seconds) done.
[   10.970558] Suspending console(s) (use no_console_suspend to debug)
[   11.017021] PM: suspend of devices complete after 39.660 msecs
[   11.018465] PM: late suspend of devices complete after 1.435 msecs
[   11.019381] PM: noirq suspend of devices complete after 0.911 msecs
[   11.019383] Disabling non-boot CPUs ...
[   11.184033] Entering suspend state LP1
[   11.184033] Suspended for 3.729 seconds
[   11.184043] Enabling non-boot CPUs ...
[   11.214132] CPU1 is up
[   11.253961] CPU2 is up
[   11.294172] CPU3 is up
[   11.294604] PM: noirq resume of devices complete after 0.427 msecs
[   11.295956] PM: early resume of devices complete after 1.033 msecs
[   11.452385] mmc1: Switching to 3.3V signalling voltage failed
[   11.702592] tegra-sor 54540000.sor: failed to attach SOR: -110
[   11.739927] PM: resume of devices complete after 443.965 msecs
[   11.811359] Restarting tasks ... done.
root@(none):/# 
root@(none):/# rtcwake -d rtc1 -m mem -s 3
rtcwake: assuming RTC uses UTC ...
rtcwake: wakeup from "mem" using /dev/rtc1 at Thu Jan  1 00:00:54 1970
[   12.211656] PM: Syncing filesystems ... done.
[   12.223562] Freezing user space processes ... (elapsed 0.001 seconds) done.
[   12.231625] Freezing remaining freezable tasks ... (elapsed 0.001 seconds) done.
[   12.240225] Suspending console(s) (use no_console_suspend to debug)
[   12.287102] PM: suspend of devices complete after 40.073 msecs
[   12.288493] PM: late suspend of devices complete after 1.382 msecs
[   12.289399] PM: noirq suspend of devices complete after 0.901 msecs
[   12.289401] Disabling non-boot CPUs ...
[   12.404457] IRQ17 no longer affine to CPU3
[   12.433925] Entering suspend state LP1
[   12.433925] Suspended for 3.749 seconds
[   12.433935] Enabling non-boot CPUs ...
[   12.464279] CPU1 is up
[   12.503931] CPU2 is up
[   12.544130] CPU3 is up
[   12.544560] PM: noirq resume of devices complete after 0.425 msecs
[   12.545884] PM: early resume of devices complete after 1.019 msecs
[   12.702617] mmc1: Switching to 3.3V signalling voltage failed
[   12.952568] tegra-sor 54540000.sor: failed to attach SOR: -110
[   12.990177] PM: resume of devices complete after 444.287 msecs
[   13.065681] Restarting tasks ... done.
root@(none):/# 
root@(none):/# rtcwake -d rtc1 -m mem -s 3
rtcwake: assuming RTC uses UTC ...
rtcwake: wakeup from "mem" using /dev/rtc1 at Thu Jan  1 00:00:59 1970
[   13.462420] PM: Syncing filesystems ... done.
[   13.473841] Freezing user space processes ... (elapsed 0.001 seconds) done.
[   13.481902] Freezing remaining freezable tasks ... (elapsed 0.001 seconds) done.
[   13.490501] Suspending console(s) (use no_console_suspend to debug)
[   13.536542] PM: suspend of devices complete after 39.239 msecs
[   13.537829] PM: late suspend of devices complete after 1.279 msecs
[   13.538741] PM: noirq suspend of devices complete after 0.908 msecs
[   13.538743] Disabling non-boot CPUs ...
[   13.683892] Entering suspend state LP1
[   13.683892] Suspended for 3.749 seconds
[   13.683902] Enabling non-boot CPUs ...
[   13.714250] CPU1 is up
[   13.753900] CPU2 is up
[   13.794108] CPU3 is up
[   13.794545] PM: noirq resume of devices complete after 0.432 msecs
[   13.796048] PM: early resume of devices complete after 1.193 msecs
[   13.951597] mmc1: Switching to 3.3V signalling voltage failed
[   14.202616] tegra-sor 54540000.sor: failed to attach SOR: -110
[   14.239198] PM: resume of devices complete after 443.144 msecs
[   14.310628] Restarting tasks ... done.
root@(none):/# 
root@(none):/# rtcwake -d rtc1 -m mem -s 3
rtcwake: assuming RTC uses UTC ...
rtcwake: wakeup from "mem" using /dev/rtc1 at Thu Jan  1 00:01:04 1970
[   14.713297] PM: Syncing filesystems ... done.
[   14.739501] Freezing user space processes ... (elapsed 0.001 seconds) done.
[   14.747668] Freezing remaining freezable tasks ... (elapsed 0.001 seconds) done.
[   14.756302] Suspending console(s) (use no_console_suspend to debug)
[   14.801826] PM: suspend of devices complete after 38.744 msecs
[   14.802947] PM: late suspend of devices complete after 1.112 msecs
[   14.803929] PM: noirq suspend of devices complete after 0.978 msecs
[   14.803932] Disabling non-boot CPUs ...
[   14.804138] IRQ17 no longer affine to CPU1
[   14.953868] Entering suspend state LP1
[   14.953868] Suspended for 3.729 seconds
[   14.953878] Enabling non-boot CPUs ...
[   14.984208] CPU1 is up
[   15.023873] CPU2 is up
[   15.064068] CPU3 is up
[   15.064495] PM: noirq resume of devices complete after 0.423 msecs
[   15.065952] PM: early resume of devices complete after 1.138 msecs
[   15.222542] mmc1: Switching to 3.3V signalling voltage failed
[   15.472542] tegra-sor 54540000.sor: failed to attach SOR: -110
[   15.510121] PM: resume of devices complete after 444.163 msecs
[   15.585646] Restarting tasks ... done.
root@(none):/# 
root@(none):/# rtcwake -d rtc1 -m mem -s 3
rtcwake: assuming RTC uses UTC ...
rtcwake: wakeup from "mem" using /dev/rtc1 at Thu Jan  1 00:01:09 1970
[   15.983333] PM: Syncing filesystems ... done.
[   15.993747] Freezing user space processes ... (elapsed 0.001 seconds) done.
[   16.001884] Freezing remaining freezable tasks ... (elapsed 0.001 seconds) done.
[   16.010493] Suspending console(s) (use no_console_suspend to debug)
[   16.056359] PM: suspend of devices complete after 39.062 msecs
[   16.057803] PM: late suspend of devices complete after 1.435 msecs
[   16.058707] PM: noirq suspend of devices complete after 0.900 msecs
[   16.058709] Disabling non-boot CPUs ...
[   16.253858] Entering suspend state LP1
[   16.253858] Suspended for 3.699 seconds
[   16.253868] Enabling non-boot CPUs ...
[   16.284178] CPU1 is up
[   16.323834] CPU2 is up
[   16.364070] CPU3 is up
[   16.364505] PM: noirq resume of devices complete after 0.431 msecs
[   16.365662] PM: early resume of devices complete after 0.864 msecs
[   16.521583] mmc1: Switching to 3.3V signalling voltage failed
[   16.772570] tegra-sor 54540000.sor: failed to attach SOR: -110
[   16.809120] PM: resume of devices complete after 443.451 msecs
[   16.880535] Restarting tasks ... done.
root@(none):/# 
root@(none):/# rtcwake -d rtc1 -m mem -s 3
rtcwake: assuming RTC uses UTC ...
rtcwake: wakeup from "mem" using /dev/rtc1 at Thu Jan  1 00:01:14 1970
[   17.283338] PM: Syncing filesystems ... done.
[   17.309424] Freezing user space processes ... (elapsed 0.001 seconds) done.
[   17.317589] Freezing remaining freezable tasks ... (elapsed 0.001 seconds) done.
[   17.326217] Suspending console(s) (use no_console_suspend to debug)
[   17.372959] PM: suspend of devices complete after 39.961 msecs
[   17.374367] PM: late suspend of devices complete after 1.400 msecs
[   17.375274] PM: noirq suspend of devices complete after 0.901 msecs
[   17.375276] Disabling non-boot CPUs ...
[   17.434446] IRQ17 no longer affine to CPU2
[   17.543906] Entering suspend state LP1
[   17.543906] Suspended for 3.709 seconds
[   17.543916] Enabling non-boot CPUs ...
[   17.573969] CPU1 is up
[   17.613822] CPU2 is up
[   17.654028] CPU3 is up
[   17.654459] PM: noirq resume of devices complete after 0.425 msecs
[   17.655667] PM: early resume of devices complete after 0.908 msecs
[   17.811491] mmc1: Switching to 3.3V signalling voltage failed
[   18.062466] tegra-sor 54540000.sor: failed to attach SOR: -110
[   18.099036] PM: resume of devices complete after 443.361 msecs
[   18.174445] Restarting tasks ... done.
root@(none):/# 
root@(none):/# NVTB SYSTEM SUSPEND TEST COMPLETE
