
U-Boot SPL 2016.05-rc2 (Apr 21 2016 - 16:23:00)
Trying to boot from RAM


U-Boot 2016.05-rc2 (Apr 21 2016 - 16:23:00 -0700)

TEGRA124
Model: NVIDIA Jetson TK1
Board: NVIDIA Jetson TK1
DRAM:  2 GiB
MC:   Tegra SD/MMC: 0, Tegra SD/MMC: 1
In:    serial
Out:   serial
Err:   serial
Net:   No ethernet found.
Hit any key to stop autoboot:  2  0 
Tegra124 (Jetson TK1) # 
Tegra124 (Jetson TK1) # pci enum
Tegra124 (Jetson TK1) # setenv bootargs 'ignore_loglevel console=ttyS0,115200n8 rw root=PARTUUID=b1791faa-84e8-4e27-83a1-9fb0a77e8803 rootwait gpt debug noinitrd earlyprintk init=/bin/bash'
Tegra124 (Jetson TK1) # setenv ipaddr 192.168.100.102; setenv serverip 192.168.100.1; setenv tftpserverip 192.168.100.1
Tegra124 (Jetson TK1) # tftpboot 0x82000000 zImage.tegra_defconfig%tegra-fw

Warning: eth_rtl8169 using MAC address from ROM
Using eth_rtl8169 device
TFTP from server 192.168.100.1; our IP address is 192.168.100.102
Filename 'zImage.tegra_defconfig%tegra-fw'.
Load address: 0x82000000
Loading: *#################################################################
	 #################################################################
	 #################################################################
	 #################################################################
	 #################################################################
	 #################################################################
	 ###########################################
	 4 MiB/s
done
Bytes transferred = 6352328 (60edc8 hex)
Tegra124 (Jetson TK1) # tftpboot 0x83000000 tegra124-jetson-tk1.dtb
Using eth_rtl8169 device
TFTP from server 192.168.100.1; our IP address is 192.168.100.102
Filename 'tegra124-jetson-tk1.dtb'.
Load address: 0x83000000
Loading: *#####
	 3.7 MiB/s
done
Bytes transferred = 66544 (103f0 hex)
Tegra124 (Jetson TK1) # bootz 0x82000000 - 0x83000000
Kernel image @ 0x82000000 [ 0x000000 - 0x60edc8 ]
## Flattened Device Tree blob at 83000000
   Booting using the fdt blob at 0x83000000
   Using Device Tree in place at 83000000, end 830133ef

Starting kernel ...

[    0.000000] Booting Linux on physical CPU 0x0
[    0.000000] Linux version 4.15.0-rc3-next-20171215-221378-g0c1f9d8 (jonathanh@sellafield) (gcc version 4.7.3 20130328 (prerelease) (crosstool-NG linaro-1.13.1-4.7-2013.04-20130415 - Linaro GCC 2013.04)) #1 SMP PREEMPT Mon Dec 18 02:34:12 PST 2017
[    0.000000] CPU: ARMv7 Processor [413fc0f3] revision 3 (ARMv7), cr=10c5387d
[    0.000000] CPU: div instructions available: patching division code
[    0.000000] CPU: PIPT / VIPT nonaliasing data cache, PIPT instruction cache
[    0.000000] OF: fdt: Machine model: NVIDIA Tegra124 Jetson TK1
[    0.000000] debug: ignoring loglevel setting.
[    0.000000] bootconsole [earlycon0] enabled
[    0.000000] Memory policy: Data cache writealloc
[    0.000000] cma: Reserved 64 MiB at 0xfbc00000
[    0.000000] On node 0 totalpages: 524032
[    0.000000]   Normal zone: 1536 pages used for memmap
[    0.000000]   Normal zone: 0 pages reserved
[    0.000000]   Normal zone: 196608 pages, LIFO batch:31
[    0.000000]   HighMem zone: 327424 pages, LIFO batch:31
[    0.000000] random: fast init done
[    0.000000] percpu: Embedded 17 pages/cpu @(ptrval) s39104 r8192 d22336 u69632
[    0.000000] pcpu-alloc: s39104 r8192 d22336 u69632 alloc=17*4096
[    0.000000] pcpu-alloc: [0] 0 [0] 1 [0] 2 [0] 3 
[    0.000000] Built 1 zonelists, mobility grouping on.  Total pages: 522496
[    0.000000] Kernel command line: ignore_loglevel console=ttyS0,115200n8 rw root=PARTUUID=b1791faa-84e8-4e27-83a1-9fb0a77e8803 rootwait gpt debug noinitrd earlyprintk init=/bin/bash
[    0.000000] Dentry cache hash table entries: 131072 (order: 7, 524288 bytes)
[    0.000000] Inode-cache hash table entries: 65536 (order: 6, 262144 bytes)
[    0.000000] Memory: 1997468K/2096128K available (9216K kernel code, 778K rwdata, 2832K rodata, 1024K init, 298K bss, 33124K reserved, 65536K cma-reserved, 1244160K highmem)
[    0.000000] Virtual kernel memory layout:
[    0.000000]     vector  : 0xffff0000 - 0xffff1000   (   4 kB)
[    0.000000]     fixmap  : 0xffc00000 - 0xfff00000   (3072 kB)
[    0.000000]     vmalloc : 0xf0800000 - 0xff800000   ( 240 MB)
[    0.000000]     lowmem  : 0xc0000000 - 0xf0000000   ( 768 MB)
[    0.000000]     pkmap   : 0xbfe00000 - 0xc0000000   (   2 MB)
[    0.000000]     modules : 0xbf000000 - 0xbfe00000   (  14 MB)
[    0.000000]       .text : 0x(ptrval) - 0x(ptrval)   (10208 kB)
[    0.000000]       .init : 0x(ptrval) - 0x(ptrval)   (1024 kB)
[    0.000000]       .data : 0x(ptrval) - 0x(ptrval)   ( 779 kB)
[    0.000000]        .bss : 0x(ptrval) - 0x(ptrval)   ( 299 kB)
[    0.000000] Preemptible hierarchical RCU implementation.
[    0.000000] 	Tasks RCU enabled.
[    0.000000] NR_IRQS: 16, nr_irqs: 16, preallocated irqs: 16
[    0.000000] /interrupt-controller@60004000: 160 interrupts forwarded to /interrupt-controller@50041000
[    0.000000] Tegra clk 127: register failed with -17
[    0.000009] sched_clock: 32 bits at 1000kHz, resolution 1000ns, wraps every 2147483647500ns
[    0.007470] clocksource: timer_us: mask: 0xffffffff max_cycles: 0xffffffff, max_idle_ns: 1911260446275 ns
[    0.016998] Switching to timer-based delay loop, resolution 1000ns
[    0.024181] arch_timer: cp15 timer(s) running at 12.00MHz (virt).
[    0.029222] clocksource: arch_sys_counter: mask: 0xffffffffffffff max_cycles: 0x2c47f4ee7, max_idle_ns: 440795202497 ns
[    0.039968] sched_clock: 56 bits at 12MHz, resolution 83ns, wraps every 4398046511096ns
[    0.047937] Switching to timer-based delay loop, resolution 83ns
[    0.054399] Console: colour dummy device 80x30
[    0.058353] Calibrating delay loop (skipped), value calculated using timer frequency.. 24.00 BogoMIPS (lpj=120000)
[    0.068661] pid_max: default: 32768 minimum: 301
[    0.073741] Mount-cache hash table entries: 2048 (order: 1, 8192 bytes)
[    0.079848] Mountpoint-cache hash table entries: 2048 (order: 1, 8192 bytes)
[    0.087679] CPU: Testing write buffer coherency: ok
[    0.092013] /cpus/cpu@0 missing clock-frequency property
[    0.097019] /cpus/cpu@1 missing clock-frequency property
[    0.102328] /cpus/cpu@2 missing clock-frequency property
[    0.107593] /cpus/cpu@3 missing clock-frequency property
[    0.112865] CPU0: thread -1, cpu 0, socket 0, mpidr 80000000
[    0.152980] Setting up static identity map for 0x80100000 - 0x801000a0
[    0.157735] Hierarchical SRCU implementation.
[    0.173509] Tegra Revision: A01 SKU: 129 CPU Process: 1 SoC Process: 1
[    0.193002] smp: Bringing up secondary CPUs ...
[    0.243557] CPU1: thread -1, cpu 1, socket 0, mpidr 80000001
[    0.323668] CPU2: thread -1, cpu 2, socket 0, mpidr 80000002
[    0.403781] CPU3: thread -1, cpu 3, socket 0, mpidr 80000003
[    0.413434] smp: Brought up 1 node, 4 CPUs
[    0.432522] SMP: Total of 4 processors activated (96.00 BogoMIPS).
[    0.438690] CPU: All CPU(s) started in SVC mode.
[    0.445136] devtmpfs: initialized
[    0.466263] Built 1 zonelists, mobility grouping on.  Total pages: 515751
[    0.471545] VFP support v0.3: implementor 41 architecture 4 part 30 variant f rev 0
[    0.479118] clocksource: jiffies: mask: 0xffffffff max_cycles: 0xffffffff, max_idle_ns: 19112604462750000 ns
[    0.488587] futex hash table entries: 1024 (order: 4, 65536 bytes)
[    0.494975] pinctrl core: initialized pinctrl subsystem
[    0.501109] NET: Registered protocol family 16
[    0.505588] DMA: preallocated 256 KiB pool for atomic coherent allocations
[    0.512614] cpuidle: using governor menu
[    0.538090] No ATAGs?
[    0.538225] hw-breakpoint: found 5 (+1 reserved) breakpoint and 4 watchpoint registers.
[    0.546587] hw-breakpoint: maximum watchpoint size is 8 bytes.
[    0.554324] iommu: Adding device 50000000.host1x to group 0
[    0.558090] iommu: Adding device 54200000.dc to group 1
[    0.563235] iommu: Adding device 54240000.dc to group 1
[    0.568475] iommu: Adding device 57000000.gpu to group 2
[    0.590793] +5V_SYS: supplied by +VDD_MUX
[    0.593281] +3.3V_SYS: supplied by +VDD_MUX
[    0.597847] +USB0_VBUS_SW: Failed to request enable GPIO108: -517
[    0.603161] reg-fixed-voltage regulators:regulator@7: Failed to register regulator: -517
[    0.611287] +5V_USB_HS: Failed to request enable GPIO109: -517
[    0.617018] reg-fixed-voltage regulators:regulator@8: Failed to register regulator: -517
[    0.625247] +1.05V_RUN_AVDD_HDMI_PLL: Failed to request enable GPIO63: -517
[    0.632042] reg-fixed-voltage regulators:regulator@11: Failed to register regulator: -517
[    0.640235] +5V_HDMI_CON: Failed to request enable GPIO86: -517
[    0.646051] reg-fixed-voltage regulators:regulator@12: Failed to register regulator: -517
[    0.654274] +5V_SATA: Failed to request enable GPIO242: -517
[    0.659826] reg-fixed-voltage regulators:regulator@13: Failed to register regulator: -517
[    0.668055] +12V_SATA: Failed to request enable GPIO242: -517
[    0.673693] reg-fixed-voltage regulators:regulator@14: Failed to register regulator: -517
[    0.683117] vgaarb: loaded
[    0.685281] SCSI subsystem initialized
[    0.688486] libata version 3.00 loaded.
[    0.692361] usbcore: registered new interface driver usbfs
[    0.697591] usbcore: registered new interface driver hub
[    0.702886] usbcore: registered new device driver usb
[    0.711090] Linux video capture interface: v2.00
[    0.713871] pps_core: LinuxPPS API ver. 1 registered
[    0.718758] pps_core: Software ver. 5.3.6 - Copyright 2005-2007 Rodolfo Giometti <giometti@linux.it>
[    0.727875] PTP clock support registered
[    0.733203] Advanced Linux Sound Architecture Driver Initialized.
[    0.738453] Bluetooth: Core ver 2.22
[    0.741408] NET: Registered protocol family 31
[    0.745805] Bluetooth: HCI device and connection manager initialized
[    0.752109] Bluetooth: HCI socket layer initialized
[    0.756987] Bluetooth: L2CAP socket layer initialized
[    0.762018] Bluetooth: SCO socket layer initialized
[    0.767479] clocksource: Switched to clocksource arch_sys_counter
[    0.863412] NET: Registered protocol family 2
[    0.866831] tcp_listen_portaddr_hash hash table entries: 512 (order: 0, 6144 bytes)
[    0.873593] TCP established hash table entries: 8192 (order: 3, 32768 bytes)
[    0.880625] TCP bind hash table entries: 8192 (order: 4, 65536 bytes)
[    0.887097] TCP: Hash tables configured (established 8192 bind 8192)
[    0.893757] UDP hash table entries: 512 (order: 2, 16384 bytes)
[    0.899206] UDP-Lite hash table entries: 512 (order: 2, 16384 bytes)
[    0.905790] NET: Registered protocol family 1
[    0.910542] RPC: Registered named UNIX socket transport module.
[    0.915692] RPC: Registered udp transport module.
[    0.920401] RPC: Registered tcp transport module.
[    0.925053] RPC: Registered tcp NFSv4.1 backchannel transport module.
[    0.932099] PCI: CLS 0 bytes, default 64
[    0.937192] hw perfevents: enabled with armv7_cortex_a15 PMU driver, 7 counters available
[    0.945293] Initialise system trusted keyrings
[    0.948142] workingset: timestamp_bits=30 max_order=19 bucket_order=0
[    0.955724] squashfs: version 4.0 (2009/01/31) Phillip Lougher
[    0.960961] NFS: Registering the id_resolver key type
[    0.965198] Key type id_resolver registered
[    0.969397] Key type id_legacy registered
[    0.978498] Key type asymmetric registered
[    0.980684] Asymmetric key parser 'x509' registered
[    0.985671] bounce: pool size: 64 pages
[    0.989434] io scheduler noop registered (default)
[    0.994118] io scheduler mq-deadline registered
[    0.998648] io scheduler kyber registered
[    1.004437]  usb2-0: usb2-0 supply vbus not found, using dummy regulator
[    1.009438]  usb2-1: usb2-1 supply vbus not found, using dummy regulator
[    1.016368] tegra-xusb-padctl 7009f000.padctl: failed to setup XUSB ports: -517
[    1.032586] tegra-pcie 1003000.pcie: 2x1, 1x1 configuration
[    1.036297] tegra-pcie 1003000.pcie: Failed to get supply 'avddio-pex': -517
[    1.046204] tegra124-dfll 70110000.clock: couldn't get vdd_cpu regulator
[    1.056875] tegra-apbdma 60020000.dma: Tegra20 APB DMA driver register 32 channels
[    1.063853] tegra-pmc 7000e400.pmc: emergency thermal reset enabled
[    1.069414] Serial: 8250/16550 driver, 4 ports, IRQ sharing disabled
[    1.076962] console [ttyS0] disabled
[    1.078717] 70006300.serial: ttyS0 at MMIO 0x70006300 (irq = 335, base_baud = 25500000) is a Tegra
[    1.087993] console [ttyS0] enabled
[    1.087993] console [ttyS0] enabled
[    1.093819] bootconsole [earlycon0] disabled
[    1.093819] bootconsole [earlycon0] disabled
[    1.103202] 70006000.serial: ttyTHS1 at MMIO 0x70006000 (irq = 333, base_baud = 0) is a TEGRA_UART
[    1.114255] 70006040.serial: ttyTHS2 at MMIO 0x70006040 (irq = 334, base_baud = 0) is a TEGRA_UART
[    1.143037] tegra-hdmi 54280000.hdmi: failed to get HDMI regulator
[    1.162758] loop: module loaded
[    1.167315] at24 0-0056: 256 byte 24c02 EEPROM, writable, 8 bytes/write
[    1.174753] as3722 4-0040: AS3722 with revision 0x1 found
[    1.186890] as3722-sd2: supplied by +5V_SYS
[    1.191578] as3722-sd3: supplied by +5V_SYS
[    1.195991] +1.35V_LP0(sd3): Bringing 0uV into 1350000-1350000uV
[    1.202382] as3722-sd4: supplied by +5V_SYS
[    1.207045] as3722-sd5: supplied by +5V_SYS
[    1.213133] as3722-ldo0: supplied by +1.35V_LP0(sd2)
[    1.219244] +1.8V_RUN_CAM: Bringing 0uV into 1800000-1800000uV
[    1.225477] as3722-ldo2: supplied by +1.8V_VDDIO
[    1.231509] as3722-ldo3: supplied by +3.3V_SYS
[    1.236009] +1.05V_LP0_VDD_RTC: Bringing 1100000uV into 1000000-1000000uV
[    1.243835] as3722-ldo4: supplied by +3.3V_SYS
[    1.248535] +2.8V_RUN_CAM: Bringing 0uV into 2800000-2800000uV
[    1.254768] as3722-ldo5: supplied by +1.8V_VDDIO
[    1.259635] +1.2V_RUN_CAM_FRONT: Bringing 0uV into 1200000-1200000uV
[    1.266587] +VDDIO_SDMMC3: bypassed regulator has no supply!
[    1.272263] +VDDIO_SDMMC3: failed to get the current voltage(-517)
[    1.278467] as3722-regulator as3722-regulator: regulator 13 register failed -517
[    1.289820] tegra-ahci 70027000.sata: couldn't get PHY in node sata: -517
[    1.307981] m25p80 spi1.0: w25q32dw (4096 Kbytes)
[    1.314837] libphy: Fixed MDIO Bus: probed
[    1.319108] CAN device driver interface
[    1.322993] igb: Intel(R) Gigabit Ethernet Network Driver - version 5.4.0-k
[    1.330039] igb: Copyright (c) 2007-2014 Intel Corporation.
[    1.335739] pegasus: v0.9.3 (2013/04/25), Pegasus/Pegasus II USB Ethernet driver
[    1.343217] usbcore: registered new interface driver pegasus
[    1.348967] usbcore: registered new interface driver asix
[    1.354412] usbcore: registered new interface driver ax88179_178a
[    1.360574] usbcore: registered new interface driver cdc_ether
[    1.366460] usbcore: registered new interface driver smsc75xx
[    1.372289] usbcore: registered new interface driver smsc95xx
[    1.378102] usbcore: registered new interface driver net1080
[    1.383803] usbcore: registered new interface driver cdc_subset
[    1.389786] usbcore: registered new interface driver zaurus
[    1.395417] usbcore: registered new interface driver cdc_ncm
[    1.401338] tegra-phy 7d000000.usb-phy: no vbus regulator
[    1.406962] tegra-phy 7d004000.usb-phy: no vbus regulator
[    1.412690] ehci_hcd: USB 2.0 'Enhanced' Host Controller (EHCI) Driver
[    1.419232] ehci-pci: EHCI PCI platform driver
[    1.423730] tegra-ehci: Tegra EHCI driver
[    1.430594] tegra-ehci 7d004000.usb: EHCI Host Controller
[    1.436013] tegra-ehci 7d004000.usb: new USB bus registered, assigned bus number 1
[    1.443832] tegra-ehci 7d004000.usb: irq 356, io mem 0x7d004000
[    1.477509] tegra-ehci 7d004000.usb: USB 2.0 started, EHCI 1.10
[    1.484330] hub 1-0:1.0: USB hub found
[    1.488141] hub 1-0:1.0: 1 port detected
[    1.493305] usbcore: registered new interface driver cdc_acm
[    1.498978] cdc_acm: USB Abstract Control Model driver for USB modems and ISDN adapters
[    1.507029] usbcore: registered new interface driver cdc_wdm
[    1.512791] usbcore: registered new interface driver usb-storage
[    1.527194] as3722-rtc as3722-rtc: rtc core: registered as3722-rtc as rtc0
[    1.534089] as3722-rtc as3722-rtc: RTC interrupt 379
[    1.541866] tegra_rtc 7000e000.rtc: rtc core: registered 7000e000.rtc as rtc1
[    1.549067] tegra_rtc 7000e000.rtc: Tegra internal Real Time Clock
[    1.555581] i2c /dev entries driver
[    1.560337] usbcore: registered new interface driver uvcvideo
[    1.566074] USB Video Class driver (1.1.1)
[    1.570188] gspca_main: v2.14.0 registered
[    1.574907] lm90 0-004c: 0-004c supply vcc not found, using dummy regulator
[    1.585215] tegra-wdt 60005000.timer: initialized (heartbeat = 120 sec, nowayout = 0)
[    1.594118] sdhci: Secure Digital Host Controller Interface driver
[    1.600443] sdhci: Copyright(c) Pierre Ossman
[    1.604795] sdhci-pltfm: SDHCI platform and OF driver helper
[    1.610795] sdhci-tegra 700b0400.sdhci: Got CD GPIO
[    1.615683] sdhci-tegra 700b0400.sdhci: Got WP GPIO
[    1.636979] mmc0: Unknown controller version (3). You may experience problems.
[    1.644260] mmc0: Invalid maximum block size, assuming 512 bytes
[    1.681388] mmc0: SDHCI controller on 700b0600.sdhci [700b0600.sdhci] using ADMA
[    1.689777] usbcore: registered new interface driver usbhid
[    1.695383] usbhid: USB HID core driver
[    1.739378] mmc0: new high speed MMC card at address 0001
[    1.750063] mmcblk0: mmc0:0001 SEM16G 14.7 GiB 
[    1.759766] mmcblk0boot0: mmc0:0001 SEM16G partition 1 4.00 MiB
[    1.770797] mmcblk0boot1: mmc0:0001 SEM16G partition 2 4.00 MiB
[    1.776937] mmcblk0rpmb: mmc0:0001 SEM16G partition 3 4.00 MiB, chardev (247:0)
[    1.786091]  mmcblk0: p1
[    2.138859] tegra30-i2s 70301100.i2s: DMA channels sourced from device 70300000.ahub
[    2.159119] tegra-snd-rt5640 sound: rt5640-aif1 <-> 70301100.i2s mapping ok
[    2.169901] input: NVIDIA Tegra Jetson TK1 Headphones as /devices/soc0/sound/sound/card1/input0
[    2.181137] NET: Registered protocol family 10
[    2.186989] Segment Routing with IPv6
[    2.190928] mip6: Mobile IPv6
[    2.193896] sit: IPv6, IPv4 and MPLS over IPv4 tunneling driver
[    2.201321] NET: Registered protocol family 17
[    2.205778] NET: Registered protocol family 15
[    2.210278] can: controller area network core (rev 20170425 abi 9)
[    2.216678] NET: Registered protocol family 29
[    2.221139] can: raw protocol (rev 20170425)
[    2.225404] can: broadcast manager protocol (rev 20170425 t)
[    2.231080] can: netlink gateway (rev 20170425) max_hops=1
[    2.236737] Bluetooth: RFCOMM socket layer initialized
[    2.241944] Bluetooth: RFCOMM ver 1.11
[    2.245713] Bluetooth: BNEP (Ethernet Emulation) ver 1.3
[    2.251041] Bluetooth: BNEP socket layer initialized
[    2.255999] Bluetooth: HIDP (Human Interface Emulation) ver 1.2
[    2.261934] Bluetooth: HIDP socket layer initialized
[    2.267097] Key type dns_resolver registered
[    2.271927] Registering SWP/SWPB emulation handler
[    2.277566] Loading compiled-in X.509 certificates
[    2.300408] +3.3V_RUN: supplied by +3.3V_SYS
[    2.305336] +USB0_VBUS_SW: supplied by +5V_SYS
[    2.310228] +3.3V_AVDD_HDMI_AP_GATED: supplied by +3.3V_RUN
[    2.316185] +5V_USB_HS: supplied by +5V_SYS
[    2.321244] +3.3V_LP0: supplied by +3.3V_SYS
[    2.326478] +5V_HDMI_CON: supplied by +5V_SYS
[    2.331582] +5V_SATA: supplied by +5V_SYS
[    2.336040] +12V_SATA: supplied by +VDD_MUX
[    2.341659]  usb2-0: usb2-0 supply vbus not found, using dummy regulator
[    2.348572]  usb2-1: usb2-1 supply vbus not found, using dummy regulator
[    2.355602]  usb3-0: usb3-0 supply vbus not found, using dummy regulator
[    2.363190] tegra-pcie 1003000.pcie: 2x1, 1x1 configuration
[    2.368828] tegra-pcie 1003000.pcie: Failed to get supply 'avddio-pex': -517
[    2.377959] tegra124-dfll 70110000.clock: couldn't get vdd_cpu regulator
[    2.386658] tegra-hdmi 54280000.hdmi: failed to get PLL regulator
[    2.395787] as3722-sd2: supplied by +5V_SYS
[    2.400334] as3722-sd3: supplied by +5V_SYS
[    2.404821] as3722-sd4: supplied by +5V_SYS
[    2.409510] as3722-sd5: supplied by +5V_SYS
[    2.415190] as3722-ldo0: supplied by +1.35V_LP0(sd2)
[    2.421148] as3722-ldo1: supplied by +3.3V_RUN
[    2.425890] as3722-ldo2: supplied by +1.8V_VDDIO
[    2.431626] as3722-ldo3: supplied by +3.3V_SYS
[    2.436991] as3722-ldo4: supplied by +3.3V_SYS
[    2.441768] as3722-ldo5: supplied by +1.8V_VDDIO
[    2.446690] as3722-ldo6: supplied by +3.3V_RUN
[    2.452412] input: tegra-hda HDMI/DP,pcm=3 as /devices/soc0/70030000.hda/sound/card0/input1
[    2.461028] as3722-ldo7: supplied by +1.8V_VDDIO
[    2.466593] +1.05V_RUN_CAM_REAR: Bringing 0uV into 1050000-1050000uV
[    2.473704] as3722-ldo9: supplied by +5V_SYS
[    2.479209] +3.3V_RUN_TOUCH: Bringing 0uV into 2800000-2800000uV
[    2.485939] as3722-ldo10: supplied by +5V_SYS
[    2.491082] +2.8V_RUN_CAM_AF: Bringing 0uV into 2800000-2800000uV
[    2.497920] as3722-ldo11: supplied by +3.3V_RUN
[    2.503200] +1.8V_RUN_VPP_FUSE: Bringing 0uV into 1800000-1800000uV
[    2.512472] tegra-ahci 70027000.sata: AHCI 0001.0301 32 slots 2 ports 3 Gbps 0x1 impl platform mode
[    2.521551] tegra-ahci 70027000.sata: flags: 64bit ncq sntf pm led pio slum part sadm sds apst 
[    2.532036] scsi host0: tegra-ahci
[    2.536145] scsi host1: tegra-ahci
[    2.539826] ata1: SATA max UDMA/133 mmio [mem 0x70027000-0x70028fff] port 0x100 irq 345
[    2.547840] ata2: DUMMY
[    2.551555] tegra-ehci 7d008000.usb: EHCI Host Controller
[    2.557001] tegra-ehci 7d008000.usb: new USB bus registered, assigned bus number 2
[    2.564872] tegra-ehci 7d008000.usb: irq 357, io mem 0x7d008000
[    2.597612] tegra-ehci 7d008000.usb: USB 2.0 started, EHCI 1.10
[    2.604722] hub 2-0:1.0: USB hub found
[    2.608594] hub 2-0:1.0: 1 port detected
[    2.688282] tegra-xusb 70090000.usb: Firmware timestamp: 2014-09-16 02:10:07 UTC
[    2.695706] tegra-xusb 70090000.usb: xHCI Host Controller
[    2.701153] tegra-xusb 70090000.usb: new USB bus registered, assigned bus number 3
[    2.711284] tegra-xusb 70090000.usb: hcc params 0x0184f525 hci version 0x100 quirks 0x00010010
[    2.719966] tegra-xusb 70090000.usb: irq 347, io mem 0x70090000
[    2.727335] hub 3-0:1.0: USB hub found
[    2.731213] hub 3-0:1.0: 6 ports detected
[    2.736092] tegra-xusb 70090000.usb: xHCI Host Controller
[    2.741559] tegra-xusb 70090000.usb: new USB bus registered, assigned bus number 4
[    2.749315] usb usb4: We don't know the algorithms for LPM for this host, disabling LPM.
[    2.758662] hub 4-0:1.0: USB hub found
[    2.762459] hub 4-0:1.0: 2 ports detected
[    2.768610] sdhci-tegra 700b0400.sdhci: Got CD GPIO
[    2.773536] sdhci-tegra 700b0400.sdhci: Got WP GPIO
[    2.786825] mmc1: Unknown controller version (3). You may experience problems.
[    2.794186] mmc1: Invalid maximum block size, assuming 512 bytes
[    2.830779] mmc1: SDHCI controller on 700b0400.sdhci [700b0400.sdhci] using ADMA
[    2.838546] tegra-pcie 1003000.pcie: 2x1, 1x1 configuration
[    2.846275] tegra-pcie 1003000.pcie: probing port 0, using 2 lanes
[    2.854129] tegra-pcie 1003000.pcie: Slot present pin change, signature: 00000008
[    2.878913] tegra-pcie 1003000.pcie: probing port 1, using 1 lanes
[    2.881077] ata1: SATA link down (SStatus 0 SControl 300)
[    2.892784] tegra-pcie 1003000.pcie: Slot present pin change, signature: 00000000
[    2.906776] tegra-pcie 1003000.pcie: PCI host bridge to bus 0000:00
[    2.913086] pci_bus 0000:00: root bus resource [io  0x0000-0xffff]
[    2.919339] pci_bus 0000:00: root bus resource [mem 0x13000000-0x1fffffff]
[    2.926319] pci_bus 0000:00: root bus resource [mem 0x20000000-0x3fffffff pref]
[    2.933718] pci_bus 0000:00: root bus resource [bus 00-ff]
[    2.939271] pci 0000:00:01.0: [10de:0e12] type 01 class 0x060400
[    2.945286] pci_bus 0000:00: 2-byte config write to 0000:00:01.0 offset 0x4 may corrupt adjacent RW1C bits
[    2.954995] pci_bus 0000:00: 2-byte config write to 0000:00:01.0 offset 0x4 may corrupt adjacent RW1C bits
[    2.964811] pci 0000:00:01.0: enabling Extended Tags
[    2.969842] pci_bus 0000:00: 2-byte config write to 0000:00:01.0 offset 0x88 may corrupt adjacent RW1C bits
[    2.979618] pci_bus 0000:00: 2-byte config write to 0000:00:01.0 offset 0x52 may corrupt adjacent RW1C bits
[    2.989452] pci 0000:00:01.0: PME# supported from D0 D1 D2 D3hot D3cold
[    2.996179] pci_bus 0000:00: 2-byte config write to 0000:00:01.0 offset 0x4c may corrupt adjacent RW1C bits
[    3.006287] pci 0000:00:02.0: [10de:0e13] type 01 class 0x060400
[    3.012322] pci_bus 0000:00: 2-byte config write to 0000:00:02.0 offset 0x4 may corrupt adjacent RW1C bits
[    3.022023] pci_bus 0000:00: 2-byte config write to 0000:00:02.0 offset 0x4 may corrupt adjacent RW1C bits
[    3.031766] pci 0000:00:02.0: enabling Extended Tags
[    3.036774] pci_bus 0000:00: 2-byte config write to 0000:00:02.0 offset 0x88 may corrupt adjacent RW1C bits
[    3.046548] pci_bus 0000:00: 2-byte config write to 0000:00:02.0 offset 0x52 may corrupt adjacent RW1C bits
[    3.056365] pci 0000:00:02.0: PME# supported from D0 D1 D2 D3hot D3cold
[    3.063049] pci_bus 0000:00: 2-byte config write to 0000:00:02.0 offset 0x4c may corrupt adjacent RW1C bits
[    3.073091] PCI: bus0: Fast back to back transfers disabled
[    3.078684] pci 0000:00:01.0: bridge configuration invalid ([bus 00-00]), reconfiguring
[    3.086729] pci 0000:00:02.0: bridge configuration invalid ([bus 00-00]), reconfiguring
[    3.095015] pci 0000:01:00.0: [8086:4232] type 00 class 0x028000
[    3.101143] pci 0000:01:00.0: reg 0x10: [mem 0x00000000-0x00001fff 64bit]
[    3.108293] PCI: bus1: Fast back to back transfers disabled
[    3.113922] pci_bus 0000:01: busn_res: [bus 01-ff] end is updated to 01
[    3.120819] pci 0000:02:00.0: [10ec:8168] type 00 class 0x020000
[    3.126910] pci 0000:02:00.0: reg 0x10: [io  0x0000-0x00ff]
[    3.132605] pci 0000:02:00.0: reg 0x18: [mem 0x00000000-0x00000fff 64bit]
[    3.139485] pci 0000:02:00.0: reg 0x20: [mem 0x00000000-0x00003fff 64bit pref]
[    3.146958] PCI: bus2: Fast back to back transfers disabled
[    3.152616] pci_bus 0000:02: busn_res: [bus 02-ff] end is updated to 02
[    3.159347] pci 0000:00:01.0: BAR 8: assigned [mem 0x13000000-0x130fffff]
[    3.166327] mmc1: new high speed SDHC card at address aaaa
[    3.171662] mmcblk1: mmc1:aaaa SD04G 3.69 GiB 
[    3.182561] pci 0000:00:02.0: BAR 8: assigned [mem 0x13100000-0x131fffff]
[    3.189552] pci 0000:00:02.0: BAR 9: assigned [mem 0x20000000-0x200fffff 64bit pref]
[    3.197438] pci 0000:00:02.0: BAR 7: assigned [io  0x1000-0x1fff]
[    3.203703] pci 0000:01:00.0: BAR 0: assigned [mem 0x13000000-0x13001fff 64bit]
[    3.211284] pci 0000:00:01.0: PCI bridge to [bus 01]
[    3.216488] pci 0000:00:01.0:   bridge window [mem 0x13000000-0x130fffff]
[    3.223443] pci 0000:02:00.0: BAR 4: assigned [mem 0x20000000-0x20003fff 64bit pref]
[    3.231370] pci 0000:02:00.0: BAR 2: assigned [mem 0x13100000-0x13100fff 64bit]
[    3.238857] pci 0000:02:00.0: BAR 0: assigned [io  0x1000-0x10ff]
[    3.245132]  mmcblk1: p1 p2 p3
[    3.248394] pci 0000:00:02.0: PCI bridge to [bus 02]
[    3.253560] pci 0000:00:02.0:   bridge window [io  0x1000-0x1fff]
[    3.259925] pci 0000:00:02.0:   bridge window [mem 0x13100000-0x131fffff]
[    3.267818] pci 0000:00:02.0:   bridge window [mem 0x20000000-0x200fffff 64bit pref]
[    3.275591] pci 0000:00:01.0: nv_msi_ht_cap_quirk didn't locate host bridge
[    3.282791] pcieport 0000:00:01.0: enabling device (0140 -> 0142)
[    3.289272] pcieport 0000:00:01.0: Signaling PME with IRQ 395
[    3.295232] pci 0000:00:02.0: nv_msi_ht_cap_quirk didn't locate host bridge
[    3.302417] pcieport 0000:00:02.0: enabling device (0140 -> 0143)
[    3.308926] pcieport 0000:00:02.0: Signaling PME with IRQ 396
[    3.315066] r8169 Gigabit Ethernet driver 2.3LK-NAPI loaded
[    3.320755] r8169 0000:02:00.0: enabling device (0140 -> 0143)
[    3.326643] r8169 0000:02:00.0 (unnamed net_device) (uninitialized): not PCI Express
[    3.359251] r8169 0000:02:00.0 eth0: RTL8168g/8111g at 0x39c30aeb, 00:04:4b:3a:d9:81, XID 0c000800 IRQ 22
[    3.368840] r8169 0000:02:00.0 eth0: jumbo features [frames: 9200 bytes, tx checksumming: ko]
[    3.381019] +1.05V_RUN_AVDD_HDMI_PLL: supplied by +1.05V_RUN
[    3.390301] [drm] Supports vblank timestamp caching Rev 2 (21.10.2013).
[    3.396928] [drm] No driver support for vblank timestamp query.
[    3.535716] tegra-hdmi 54280000.hdmi: cannot set audio to 48000 Hz at 297000000 Hz pixel clock
[    3.699213] Console: switching to colour frame buffer device 512x135
[    3.795234] drm drm: fb0:  frame buffer device
[    3.799895] [drm] Initialized tegra 0.0.0 20120330 for drm on minor 0
[    3.807303] cpufreq: cpufreq_online: CPU0: Running at unlisted freq: 696000 KHz
[    3.814647] cpufreq: cpufreq_online: CPU0: Unlisted initial frequency changed to: 714000 KHz
[    3.823689] input: gpio-keys as /devices/soc0/gpio-keys/input/input2
[    3.831186] as3722-rtc as3722-rtc: setting system clock to 2000-01-01 00:00:14 UTC (946684814)
[    3.839954] cfg80211: Loading compiled-in X.509 certificates for regulatory database
[    3.849664] cfg80211: Loaded X.509 cert 'sforshee: 00b28ddf47aef9cea7'
[    3.856316] platform regulatory.0: Direct firmware load for regulatory.db failed with error -2
[    3.857801] +USB0_VBUS_SW: disabling
[    3.857816] +1.8V_RUN_CAM: disabling
[    3.864978] +2.8V_RUN_CAM: disabling
[    3.868679] +1.2V_RUN_CAM_FRONT: disabling
[    3.872277] +1.05V_RUN_CAM_REAR: disabling
[    3.875873] +3.3V_RUN_TOUCH: disabling
[    3.879994] +2.8V_RUN_CAM_AF: disabling
[    3.884115] +1.8V_RUN_VPP_FUSE: disabling
[    3.887896] ALSA device list:
[    3.887899]   #0: tegra-hda at 0x70038000 irq 346
[    3.887901]   #1: NVIDIA Tegra Jetson TK1
[    3.907362] cfg80211: failed to load regulatory.db
[    3.913244] EXT4-fs (mmcblk0p1): mounting ext3 file system using the ext4 subsystem
[    3.936351] EXT4-fs (mmcblk0p1): recovery complete
[    3.941272] EXT4-fs (mmcblk0p1): mounted filesystem with ordered data mode. Opts: (null)
[    3.949433] VFS: Mounted root (ext3 filesystem) on device 179:1.
[    3.960377] devtmpfs: mounted
[    3.963875] Freeing unused kernel memory: 1024K
[    3.994910] 1 (bash): Uhuuh, elf segment at 10784245 requested but the memory is mapped already
[    4.003657] Kernel panic - not syncing: Requested init /bin/bash failed (error -95).
[    4.011390] CPU: 3 PID: 1 Comm: bash Not tainted 4.15.0-rc3-next-20171215-221378-g0c1f9d8 #1
[    4.019807] Hardware name: NVIDIA Tegra SoC (Flattened Device Tree)
[    4.026068] [<c0110f48>] (unwind_backtrace) from [<c010c588>] (show_stack+0x10/0x14)
[    4.033795] [<c010c588>] (show_stack) from [<c096977c>] (dump_stack+0x84/0xa4)
[    4.041014] [<c096977c>] (dump_stack) from [<c0121c70>] (panic+0xd0/0x274)
[    4.047876] [<c0121c70>] (panic) from [<c097d4e8>] (kernel_init+0x94/0x114)
[    4.054821] [<c097d4e8>] (kernel_init) from [<c01010e8>] (ret_from_fork+0x14/0x2c)
[    4.062370] Exception stack(0xee8a7fb0 to 0xee8a7ff8)
[    4.067406] 7fa0:                                     00000000 00000000 00000000 00000000
[    4.075568] 7fc0: 00000000 00000000 00000000 00000000 00000000 00000000 00000000 00000000
[    4.083732] 7fe0: 00000000 00000000 00000000 00000000 00000013 00000000
[    4.090393] CPU2: stopping
[    4.093093] CPU: 2 PID: 0 Comm: swapper/2 Not tainted 4.15.0-rc3-next-20171215-221378-g0c1f9d8 #1
[    4.101942] Hardware name: NVIDIA Tegra SoC (Flattened Device Tree)
[    4.108200] [<c0110f48>] (unwind_backtrace) from [<c010c588>] (show_stack+0x10/0x14)
[    4.115928] [<c010c588>] (show_stack) from [<c096977c>] (dump_stack+0x84/0xa4)
[    4.123133] [<c096977c>] (dump_stack) from [<c010f4a0>] (handle_IPI+0x18c/0x32c)
[    4.130513] [<c010f4a0>] (handle_IPI) from [<c03fdf48>] (gic_handle_irq+0x88/0x94)
[    4.138065] [<c03fdf48>] (gic_handle_irq) from [<c0101a0c>] (__irq_svc+0x6c/0xa8)
[    4.145528] Exception stack(0xee8e1f38 to 0xee8e1f80)
[    4.150563] 1f20:                                                       00000000 00000005
[    4.158720] 1f40: 00000001 00000008 00000001 c0f0b020 00000002 00000001 c0fb5ddc c0e8d1b8
[    4.166876] 1f60: eefb21c0 00000001 c06bc4e0 ee8e1f88 c069bd70 c069be5c 60000113 ffffffff
[    4.175035] [<c0101a0c>] (__irq_svc) from [<c069be5c>] (cpuidle_enter_state+0x1b4/0x3bc)
[    4.183108] [<c069be5c>] (cpuidle_enter_state) from [<c0162dfc>] (do_idle+0x184/0x204)
[    4.191007] [<c0162dfc>] (do_idle) from [<c0163104>] (cpu_startup_entry+0x18/0x1c)
[    4.198557] [<c0163104>] (cpu_startup_entry) from [<801025ac>] (0x801025ac)
[    4.205500] CPU1: stopping
[    4.208197] CPU: 1 PID: 0 Comm: swapper/1 Not tainted 4.15.0-rc3-next-20171215-221378-g0c1f9d8 #1
[    4.217045] Hardware name: NVIDIA Tegra SoC (Flattened Device Tree)
[    4.223298] [<c0110f48>] (unwind_backtrace) from [<c010c588>] (show_stack+0x10/0x14)
[    4.231022] [<c010c588>] (show_stack) from [<c096977c>] (dump_stack+0x84/0xa4)
[    4.238227] [<c096977c>] (dump_stack) from [<c010f4a0>] (handle_IPI+0x18c/0x32c)
[    4.245604] [<c010f4a0>] (handle_IPI) from [<c03fdf48>] (gic_handle_irq+0x88/0x94)
[    4.253155] [<c03fdf48>] (gic_handle_irq) from [<c0101a0c>] (__irq_svc+0x6c/0xa8)
[    4.260618] Exception stack(0xee8c1f38 to 0xee8c1f80)
[    4.265654] 1f20:                                                       00000000 00000005
[    4.273810] 1f40: 00000001 00000008 00000001 c0f0b020 00000001 00000001 c0fb5ddc c0e8d1b8
[    4.281968] 1f60: eefa11c0 00000001 c06bc4e0 ee8c1f88 c069bd70 c069be5c 60000113 ffffffff
[    4.290125] [<c0101a0c>] (__irq_svc) from [<c069be5c>] (cpuidle_enter_state+0x1b4/0x3bc)
[    4.298196] [<c069be5c>] (cpuidle_enter_state) from [<c0162dfc>] (do_idle+0x184/0x204)
[    4.306094] [<c0162dfc>] (do_idle) from [<c0163104>] (cpu_startup_entry+0x18/0x1c)
[    4.313645] [<c0163104>] (cpu_startup_entry) from [<801025ac>] (0x801025ac)
[    4.320588] CPU0: stopping
[    4.323285] CPU: 0 PID: 0 Comm: swapper/0 Not tainted 4.15.0-rc3-next-20171215-221378-g0c1f9d8 #1
[    4.332135] Hardware name: NVIDIA Tegra SoC (Flattened Device Tree)
[    4.338387] [<c0110f48>] (unwind_backtrace) from [<c010c588>] (show_stack+0x10/0x14)
[    4.346111] [<c010c588>] (show_stack) from [<c096977c>] (dump_stack+0x84/0xa4)
[    4.353315] [<c096977c>] (dump_stack) from [<c010f4a0>] (handle_IPI+0x18c/0x32c)
[    4.360692] [<c010f4a0>] (handle_IPI) from [<c03fdf48>] (gic_handle_irq+0x88/0x94)
[    4.368243] [<c03fdf48>] (gic_handle_irq) from [<c0101a0c>] (__irq_svc+0x6c/0xa8)
[    4.375704] Exception stack(0xc0f01f00 to 0xc0f01f48)
[    4.380741] 1f00: 00000000 00000005 00000001 00000008 00000001 c0f0b020 00000000 00000001
[    4.388897] 1f20: c0fb5ddc c0e8d1b8 eef901c0 00000001 c06bc4e0 c0f01f50 c069bd70 c069be5c
[    4.397053] 1f40: 60000113 ffffffff
[    4.400530] [<c0101a0c>] (__irq_svc) from [<c069be5c>] (cpuidle_enter_state+0x1b4/0x3bc)
[    4.408601] [<c069be5c>] (cpuidle_enter_state) from [<c0162dfc>] (do_idle+0x184/0x204)
[    4.416498] [<c0162dfc>] (do_idle) from [<c0163104>] (cpu_startup_entry+0x18/0x1c)
[    4.424051] [<c0163104>] (cpu_startup_entry) from [<c0e00c58>] (start_kernel+0x394/0x400)
[    4.432215] ---[ end Kernel panic - not syncing: Requested init /bin/bash failed (error -95).
[   19.597469] ------------[ cut here ]------------
[   19.602076] WARNING: CPU: 3 PID: 8 at kernel/irq_work.c:68 irq_work_queue_on+0xbc/0xfc
[   19.609972] Modules linked in:
[   19.613018] CPU: 3 PID: 8 Comm: rcu_preempt Not tainted 4.15.0-rc3-next-20171215-221378-g0c1f9d8 #1
[   19.622040] Hardware name: NVIDIA Tegra SoC (Flattened Device Tree)
[   19.628292] [<c0110f48>] (unwind_backtrace) from [<c010c588>] (show_stack+0x10/0x14)
[   19.636017] [<c010c588>] (show_stack) from [<c096977c>] (dump_stack+0x84/0xa4)
[   19.643221] [<c096977c>] (dump_stack) from [<c0121aa0>] (__warn+0xe4/0x110)
[   19.650166] [<c0121aa0>] (__warn) from [<c0121b10>] (warn_slowpath_null+0x44/0x4c)
[   19.657716] [<c0121b10>] (warn_slowpath_null) from [<c01d7b74>] (irq_work_queue_on+0xbc/0xfc)
[   19.666223] [<c01d7b74>] (irq_work_queue_on) from [<c0184604>] (rcu_implicit_dynticks_qs+0x280/0x2a0)
[   19.675421] [<c0184604>] (rcu_implicit_dynticks_qs) from [<c0182c94>] (force_qs_rnp+0x138/0x1d8)
[   19.684184] [<c0182c94>] (force_qs_rnp) from [<c01832bc>] (rcu_gp_kthread+0x588/0xb30)
[   19.692085] [<c01832bc>] (rcu_gp_kthread) from [<c013f3a0>] (kthread+0x11c/0x154)
[   19.699550] [<c013f3a0>] (kthread) from [<c01010e8>] (ret_from_fork+0x14/0x2c)
[   19.706753] Exception stack(0xee8b9fb0 to 0xee8b9ff8)
[   19.711788] 9fa0:                                     00000000 00000000 00000000 00000000
[   19.719945] 9fc0: 00000000 00000000 00000000 00000000 00000000 00000000 00000000 00000000
[   19.728101] 9fe0: 00000000 00000000 00000000 00000000 00000013 00000000
[   19.734697] ---[ end trace b2a4551a809b75bb ]---
