[0000.872] [TegraBoot] (version 23.00.2015.14-mobile-1ef66670)
[0000.878] Processing in cold boot mode Bootloader 2
[0000.882] A01Q Bootrom Patch rev = 3
[0000.886] Power-up reason: pmu watchdog
[0000.889] No Battery Present
[0000.892] Platform has Ddr4 type ram
[0000.895] max77620 disabling SD1 Remote Sense
[0000.900] Setting Ddr voltage to 1125mv
[0000.904] Serial Number of Pmic Max77663: 0x40daf
[0000.912] Entering ramdump check
[0000.915] Get RamDumpCarveOut = 0x0
[0000.918] RamDumpCarveOut=0x0,  RamDumperFlag=0xe59ff3f8
[0000.923] Last reboot was clean, booting normally!
[0000.928] Sdram initialization is successful 
[0000.932] SecureOs Carveout Base=0xff800000 Size=0x00800000
[0000.937] GSC1 Carveout Base=0xff700000 Size=0x00100000
[0000.963] GSC2 Carveout Base=0xff600000 Size=0x00100000
[0000.989] GSC3 Carveout Base=0xff500000 Size=0x00100000
[0000.994] GSC4 Carveout Base=0xff400000 Size=0x00100000
[0000.999] GSC5 Carveout Base=0xff300000 Size=0x00100000
[0001.004] BpmpFw Carveout Base=0xff2c0000 Size=0x00040000
[0001.010] Lp0 Carveout Base=0xff2bf000 Size=0x00001000
[0001.025] RamDump Carveout Base=0xff23f000 Size=0x00080000
[0001.030] Platform-DebugCarveout: 0
[0001.034] Nck Carveout Base=0xff03f000 Size=0x00200000
[0001.083] Using GPT Primary to query partitions 
[0001.088] Loading Tboot-CPU binary
[0001.137] Verifying bootloader in OdmNonSecureSBK mode
[0001.147] Bootloader load address is 0xa0000000,                            entry address is 0xa0000258
[0001.156] Bootloader downloaded successfully.
[0001.160] Downloaded Tboot-CPU binary to 0xa0000258
[0001.166] MAX77620_GPIO1 Configured.
[0001.170] MAX77620_GPIO5 Configured.
[0001.173] CPU power rail is up
[0001.176] CPU clock enabled
[0001.180] Performing RAM repair
[0001.183] Updating A64 Warmreset Address to 0xa00002e9
[0001.202] Bootloader DTB Load Address: 0x83000000
[0001.219] Kernel DTB Load Address: 0x83080000
[0001.224] Loading cboot binary
[0001.318] Verifying bootloader in OdmNonSecureSBK mode
[0001.406] Bootloader load address is 0x8010fda8,                            entry address is 0x80110000
[0001.415] Bootloader downloaded successfully.
[0001.419] GPT: Partition NOT found ! 
[0001.422] Find Partition via GPT Failed
[0001.426] function NvTbootGetBinaryOffsets: 0x845208 error
[0001.431] Error in NvTbootLoadBinary: 0x845208 !
[0001.436] GPT: Partition NOT found ! 
[0001.439] No FB partition
[0001.442] Next binary entry address: 0x80110000 
[0001.446] BoardId: 2595
[0001.451] dram memory type is 3
[0001.457] WB0 init successful
[0001.483] Bpmp FW successfully loaded
[0001.487] Set NvDecSticky Bits
[0001.490] GSC1 address : ff700000
[0001.494] GSC2 address : ff600000
[0001.498] GSC3 address : ff500000
[0001.501] GSC4 address : ff400000
[0001.505] GSC5 address : ff300000
[0001.508] GSC MC Settings done
[0001.513] TOS old plaintext Image length 61440
[0001.520] *** Secure OS image signature not verified ***
[0001.525] Loading and Validation of Secure OS Successful
[0001.530] NvTbootPackSdramParams: start. 
[0001.535] NvTbootPackSdramParams: done. 
[0001.539] Tegraboot started after 868018 us
[0001.543] Basic modules init took 348567 us
[0001.547] Sec Bootdevice Read Time = 202 ms, Read Size = 8459 KB
[0001.552] Next stage binary read took 14362 us
[0001.557] Carveout took 252769 us
[0001.560] CPU initialization took 92308 us
[0001.564] Total time taken by TegraBoot 708006 us

[0001.568] Starting CPU & Halting co-processor 

64b[0001.704] LPDDR4 Training: Number of tables = 10
[0001.708] EMC Training (SRC-freq: 204000; DST-freq: 408000)
[0001.714] EMC Training Successful
[0001.717] EMC Training (SRC-freq: 204000; DST-freq: 665600)
[0001.723] EMC Training Successful
[0001.726] EMC Training (SRC-freq: 204000; DST-freq: 800000)
[0001.738] EMC Training Successful
[0001.741] EMC Training (SRC-freq: 204000; DST-freq: 1065600)
[0001.763] EMC Training Successful
[0001.766] EMC Training (SRC-freq: 204000; DST-freq: 1331200)
[0001.788] EMC Training Successful
[0001.791] EMC Training (SRC-freq: 204000; DST-freq: 1600000)
[0001.810] EMC Training Successful
[0001.814] Switching to 800000 KHz Success
[0001.847] LPDDR4 Training: Number of tables = 10


U-Boot 2015.07-rc2-g2ac3917 (Nov 09 2015 - 13:12:08 -0800)

TEGRA210
Model: NVIDIA P2371-0000
DRAM:  3 GiB
MC:   Tegra SD/MMC: 0, Tegra SD/MMC: 1
*** Warning - bad CRC, using default environment

In:    serial
Out:   serial
Err:   serial
Net:   Net Initialization Skipped
No ethernet found.
Hit any key to stop autoboot:  2  1  0 
Tegra210 (P2371-0000) # 
Tegra210 (P2371-0000) # ums 0 mmc 0
UMS: disk start sector: 0x0, count: 0x1d5a000
|/-\|/-\/-\|/-\/-\|/-\/-\|/-\/-\|/-\/-\|/-\/-\|/-\/-\|/-\/-\|/-\/-\|/-\/-\|/-\/-\|/-\/-\|/-\/-\|/-\/-\|/-\/-\|/-\/-\|/-\/-\|/-\/-\|/-\/-\|/-\/-\|/-\/-\|CTRL+C - Operation aborted
Tegra210 (P2371-0000) # 
Tegra210 (P2371-0000) # env set fdt_copy_node_names /cpus:/psci
Tegra210 (P2371-0000) # setenv rootpart 1
Tegra210 (P2371-0000) # setenv devtype mmc
Tegra210 (P2371-0000) # setenv devnum 0
Tegra210 (P2371-0000) # part uuid ${devtype} ${devnum}:${rootpart} uuid
Tegra210 (P2371-0000) # setenv bootargs ignore_loglevel console=ttyS0,115200n8 earlycon=uart8250,mmio32,0x70006000 rw root=PARTUUID=00000000-0001-0000-788f-a75600000000 rootwait debug earlyprintk init=/bin/bash
Tegra210 (P2371-0000) # load ${devtype} ${devnum}:${rootpart} ${kernel_addr_r} /boot/Image.defconfig
16151040 bytes read in 822 ms (18.7 MiB/s)
Tegra210 (P2371-0000) # load ${devtype} ${devnum}:${rootpart} ${fdt_addr_r} /boot/tegra210-p2371-0000.dtb
45170 bytes read in 454 ms (96.7 KiB/s)
Tegra210 (P2371-0000) # load ${devtype} ${devnum}:${rootpart} ${ramdisk_addr_r} /boot/tegra-ramdisk.img
1627787 bytes read in 495 ms (3.1 MiB/s)
Tegra210 (P2371-0000) # ramdisk_size=${filesize}
Tegra210 (P2371-0000) # booti ${kernel_addr_r} - ${fdt_addr_r}
## Flattened Device Tree blob at 82000000
   Booting using the fdt blob at 0x82000000
   Using Device Tree in place at 0000000082000000, end 000000008200e071

Starting kernel ...

[    0.000000] Booting Linux on physical CPU 0x0
[    0.000000] Linux version 4.12.0-next-20170713-303504-gad59509 (jonathanh@tamien) (gcc version 4.9.2 20140904 (prerelease) (crosstool-NG linaro-1.13.1-4.9-2014.09 - Linaro GCC 4.9-2014.09)) #1 SMP PREEMPT Mon Jul 17 13:09:05 PDT 2017
[    0.000000] Boot CPU: AArch64 Processor [411fd071]
[    0.000000] Machine model: NVIDIA Tegra210 P2371 (P2530/P2595) reference design
[    0.000000] debug: ignoring loglevel setting.
[    0.000000] earlycon: uart8250 at MMIO32 0x0000000070006000 (options '')
[    0.000000] bootconsole [uart8250] enabled
[    0.000000] efi: Getting EFI parameters from FDT:
[    0.000000] efi: UEFI not found.
[    0.000000] cma: Reserved 16 MiB at 0x00000000fe000000
[    0.000000] NUMA: No NUMA configuration found
[    0.000000] NUMA: Faking a node at [mem 0x0000000000000000-0x000000013fffffff]
[    0.000000] NUMA: Adding memblock [0x80000000 - 0xff1fffff] on node 0
[    0.000000] NUMA: Adding memblock [0x100000000 - 0x13fffffff] on node 0
[    0.000000] NUMA: Initmem setup node 0 [mem 0x80000000-0x13fffffff]
[    0.000000] NUMA: NODE_DATA [mem 0x13ffab080-0x13ffacb7f]
[    0.000000] Zone ranges:
[    0.000000]   DMA      [mem 0x0000000080000000-0x00000000ffffffff]
[    0.000000]   Normal   [mem 0x0000000100000000-0x000000013fffffff]
[    0.000000] Movable zone start for each node
[    0.000000] Early memory node ranges
[    0.000000]   node   0: [mem 0x0000000080000000-0x00000000ff1fffff]
[    0.000000]   node   0: [mem 0x0000000100000000-0x000000013fffffff]
[    0.000000] Initmem setup node 0 [mem 0x0000000080000000-0x000000013fffffff]
[    0.000000] On node 0 totalpages: 782848
[    0.000000]   DMA zone: 8192 pages used for memmap
[    0.000000]   DMA zone: 0 pages reserved
[    0.000000]   DMA zone: 520704 pages, LIFO batch:31
[    0.000000]   Normal zone: 4096 pages used for memmap
[    0.000000]   Normal zone: 262144 pages, LIFO batch:31
[    0.000000] psci: probing for conduit method from DT.
[    0.000000] psci: PSCIv0.2 detected in firmware.
[    0.000000] psci: Using standard PSCI v0.2 function IDs
[    0.000000] psci: MIGRATE_INFO_TYPE not supported.
[    0.000000] percpu: Embedded 26 pages/cpu @ffff8000bff40000 s67456 r8192 d30848 u106496
[    0.000000] pcpu-alloc: s67456 r8192 d30848 u106496 alloc=26*4096
[    0.000000] pcpu-alloc: [0] 0 [0] 1 [0] 2 [0] 3 
[    0.000000] Detected PIPT I-cache on CPU0
[    0.000000] CPU features: enabling workaround for ARM erratum 832075
[    0.000000] CPU features: enabling workaround for ARM erratum 834220
[    0.000000] Built 1 zonelists in Node order, mobility grouping on.  Total pages: 770560
[    0.000000] Policy zone: Normal
[    0.000000] Kernel command line: ignore_loglevel console=ttyS0,115200n8 earlycon=uart8250,mmio32,0x70006000 rw root=PARTUUID=00000000-0001-0000-788f-a75600000000 rootwait debug earlyprintk init=/bin/bash
[    0.000000] PID hash table entries: 4096 (order: 3, 32768 bytes)
[    0.000000] software IO TLB [mem 0xfa000000-0xfe000000] (64MB) mapped at [ffff80007a000000-ffff80007dffffff]
[    0.000000] Memory: 2982856K/3131392K available (9084K kernel code, 1116K rwdata, 4412K rodata, 1088K init, 403K bss, 132152K reserved, 16384K cma-reserved)
[    0.000000] Virtual kernel memory layout:
[    0.000000]     modules : 0xffff000000000000 - 0xffff000008000000   (   128 MB)
[    0.000000]     vmalloc : 0xffff000008000000 - 0xffff7dffbfff0000   (129022 GB)
[    0.000000]       .text : 0xffff000008080000 - 0xffff000008960000   (  9088 KB)
[    0.000000]     .rodata : 0xffff000008960000 - 0xffff000008dc0000   (  4480 KB)
[    0.000000]       .init : 0xffff000008dc0000 - 0xffff000008ed0000   (  1088 KB)
[    0.000000]       .data : 0xffff000008ed0000 - 0xffff000008fe7200   (  1117 KB)
[    0.000000]        .bss : 0xffff000008fe7200 - 0xffff00000904c070   (   404 KB)
[    0.000000]     fixed   : 0xffff7dfffe7fd000 - 0xffff7dfffec00000   (  4108 KB)
[    0.000000]     PCI I/O : 0xffff7dfffee00000 - 0xffff7dffffe00000   (    16 MB)
[    0.000000]     vmemmap : 0xffff7e0000000000 - 0xffff800000000000   (  2048 GB maximum)
[    0.000000]               0xffff7e0000000000 - 0xffff7e0003000000   (    48 MB actual)
[    0.000000]     memory  : 0xffff800000000000 - 0xffff8000c0000000   (  3072 MB)
[    0.000000] SLUB: HWalign=64, Order=0-3, MinObjects=0, CPUs=4, Nodes=1
[    0.000000] Preemptible hierarchical RCU implementation.
[    0.000000] 	RCU restricting CPUs from NR_CPUS=64 to nr_cpu_ids=4.
[    0.000000] RCU: Adjusting geometry for rcu_fanout_leaf=16, nr_cpu_ids=4
[    0.000000] NR_IRQS: 64, nr_irqs: 64, preallocated irqs: 0
[    0.000000] GIC: Using split EOI/Deactivate mode
[    0.000000] /interrupt-controller@60004000: 192 interrupts forwarded to /interrupt-controller@50041000
[    0.000000] boot misc1 0x0: expected 0x20
[    0.000000]  (comparison mask = 0xffffff)
[    0.000000] PLL_X already enabled. Postponing set full defaults
[    0.000000] arch_timer: cp15 timer(s) running at 19.20MHz (phys).
[    0.000000] clocksource: arch_sys_counter: mask: 0xffffffffffffff max_cycles: 0x46d987e47, max_idle_ns: 440795202767 ns
[    0.000004] sched_clock: 56 bits at 19MHz, resolution 52ns, wraps every 4398046511078ns
[    0.008441] Console: colour dummy device 80x25
[    0.013079] Calibrating delay loop (skipped), value calculated using timer frequency.. 38.40 BogoMIPS (lpj=76800)
[    0.023699] pid_max: default: 32768 minimum: 301
[    0.028553] Security Framework initialized
[    0.035333] Dentry cache hash table entries: 524288 (order: 10, 4194304 bytes)
[    0.044080] Inode-cache hash table entries: 262144 (order: 9, 2097152 bytes)
[    0.051430] Mount-cache hash table entries: 8192 (order: 4, 65536 bytes)
[    0.058401] Mountpoint-cache hash table entries: 8192 (order: 4, 65536 bytes)
[    0.081859] ASID allocator initialised with 65536 entries
[    0.087518] Hierarchical SRCU implementation.
[    0.101012] Speedo Revision 4
[    0.104100] Tegra Revision: A01 SKU: 1 CPU Process: -22 SoC Process: -22
[    0.112009] random: get_random_bytes called from crng_initialize+0x4c/0x11c with crng_init=0
[    0.120740] EFI services will not be available.
[    0.133449] smp: Bringing up secondary CPUs ...
[    0.166273] Detected PIPT I-cache on CPU1
[    0.166314] CPU1: Booted secondary processor [411fd071]
[    0.194327] Detected PIPT I-cache on CPU2
[    0.194359] CPU2: Booted secondary processor [411fd071]
[    0.222386] Detected PIPT I-cache on CPU3
[    0.222418] CPU3: Booted secondary processor [411fd071]
[    0.222485] smp: Brought up 1 node, 4 CPUs
[    0.255366] SMP: Total of 4 processors activated.
[    0.260230] CPU features: detected feature: 32-bit EL0 Support
[    0.266434] CPU: All CPU(s) started at EL2
[    0.270684] alternatives: patching kernel code
[    0.279578] devtmpfs: initialized
[    0.290851] clocksource: jiffies: mask: 0xffffffff max_cycles: 0xffffffff, max_idle_ns: 7645041785100000 ns
[    0.300986] futex hash table entries: 1024 (order: 5, 131072 bytes)
[    0.307941] pinctrl core: initialized pinctrl subsystem
[    0.313523] random: fast init done
[    0.314755] DMI not present or invalid.
[    0.315059] NET: Registered protocol family 16
[    0.329647] cpuidle: using governor menu
[    0.334449] vdso: 2 pages (1 code @ ffff000008966000, 1 data @ ffff000008ed5000)
[    0.342121] hw-breakpoint: found 6 breakpoint and 4 watchpoint registers.
[    0.350084] DMA: preallocated 256 KiB pool for atomic allocations
[    0.357804] Serial: AMBA PL011 UART driver
[    0.384768] HugeTLB registered 2.00 MiB page size, pre-allocated 0 pages
[    0.392590] ACPI: Interpreter disabled.
[    0.397070] vgaarb: loaded
[    0.400099] SCSI subsystem initialized
[    0.404980] libata version 3.00 loaded.
[    0.409258] usbcore: registered new interface driver usbfs
[    0.415007] usbcore: registered new interface driver hub
[    0.420568] usbcore: registered new device driver usb
[    0.426714] pps_core: LinuxPPS API ver. 1 registered
[    0.431858] pps_core: Software ver. 5.3.6 - Copyright 2005-2007 Rodolfo Giometti <giometti@linux.it>
[    0.441342] PTP clock support registered
[    0.445521] EDAC MC: Ver: 3.0.0
[    0.449035] dmi: Firmware registration failed.
[    0.453842] Advanced Linux Sound Architecture Driver Initialized.
[    0.460807] clocksource: Switched to clocksource arch_sys_counter
[    0.467239] VFS: Disk quotas dquot_6.6.0
[    0.471367] VFS: Dquot-cache hash table entries: 512 (order 0, 4096 bytes)
[    0.478669] pnp: PnP ACPI: disabled
[    0.488994] NET: Registered protocol family 2
[    0.494039] TCP established hash table entries: 32768 (order: 6, 262144 bytes)
[    0.501837] TCP bind hash table entries: 32768 (order: 7, 524288 bytes)
[    0.508981] TCP: Hash tables configured (established 32768 bind 32768)
[    0.515870] UDP hash table entries: 2048 (order: 4, 65536 bytes)
[    0.522157] UDP-Lite hash table entries: 2048 (order: 4, 65536 bytes)
[    0.528975] NET: Registered protocol family 1
[    0.533783] RPC: Registered named UNIX socket transport module.
[    0.539914] RPC: Registered udp transport module.
[    0.544783] RPC: Registered tcp transport module.
[    0.549648] RPC: Registered tcp NFSv4.1 backchannel transport module.
[    0.556313] PCI: CLS 0 bytes, default 128
[    0.561060] kvm [1]: 8-bit VMID
[    0.564306] kvm [1]: IDMAP page: 80948000
[    0.568465] kvm [1]: HYP VA range: 800000000000:ffffffffffff
[    0.575174] kvm [1]: Hyp mode initialized successfully
[    0.580536] kvm [1]: vgic-v2@50044000
[    0.584434] kvm [1]: vgic interrupt IRQ1
[    0.588507] kvm [1]: virtual timer IRQ4
[    0.594676] audit: initializing netlink subsys (disabled)
[    0.600373] audit: type=2000 audit(0.519:1): state=initialized audit_enabled=0 res=1
[    0.600605] workingset: timestamp_bits=44 max_order=20 bucket_order=0
[    0.607181] squashfs: version 4.0 (2009/01/31) Phillip Lougher
[    0.607807] NFS: Registering the id_resolver key type
[    0.607825] Key type id_resolver registered
[    0.607828] Key type id_legacy registered
[    0.607840] nfs4filelayout_init: NFSv4 File Layout Driver Registering...
[    0.607971] 9p: Installing v9fs 9p2000 file system support
[    0.610407] Block layer SCSI generic (bsg) driver version 0.4 loaded (major 247)
[    0.610413] io scheduler noop registered
[    0.610622] io scheduler cfq registered (default)
[    0.610626] io scheduler mq-deadline registered
[    0.610629] io scheduler kyber registered
[    0.629076] tegra-apbdma 60020000.dma: Tegra20 APB DMA driver register 32 channels
[    0.630193] tegra-pmc 7000e400.pmc: i2c-thermtrip node not found, emergency thermal reset disabled.
[    0.630479] xenfs: not registering filesystem on non-xen platform
[    0.633990] Serial: 8250/16550 driver, 4 ports, IRQ sharing enabled
[    0.635754] console [ttyS0] disabled
[    0.706666] 70006000.serial: ttyS0 at MMIO 0x70006000 (irq = 313, base_baud = 25500000) is a Tegra
[    0.715983] console [ttyS0] enabled
[    0.715983] console [ttyS0] enabled
[    0.723069] bootconsole [uart8250] disabled
[    0.723069] bootconsole [uart8250] disabled
[    0.731943] SuperH (H)SCI(F) driver initialized
[    0.736736] msm_serial: driver initialized
[    0.741329] cacheinfo: Unable to detect cache hierarchy for CPU 0
[    0.752882] loop: module loaded
[    0.756643] hisi_sas: driver version v1.6
[    0.762703] libphy: Fixed MDIO Bus: probed
[    0.767340] tun: Universal TUN/TAP device driver, 1.6
[    0.773157] e1000e: Intel(R) PRO/1000 Network Driver - 3.2.6-k
[    0.778991] e1000e: Copyright(c) 1999 - 2015 Intel Corporation.
[    0.784959] igb: Intel(R) Gigabit Ethernet Network Driver - version 5.4.0-k
[    0.791919] igb: Copyright (c) 2007-2014 Intel Corporation.
[    0.797543] igbvf: Intel(R) Gigabit Virtual Function Network Driver - version 2.4.0-k
[    0.805371] igbvf: Copyright (c) 2009 - 2012 Intel Corporation.
[    0.811536] sky2: driver version 1.30
[    0.815579] VFIO - User Level meta-driver version: 0.3
[    0.821701] ehci_hcd: USB 2.0 'Enhanced' Host Controller (EHCI) Driver
[    0.828237] ehci-pci: EHCI PCI platform driver
[    0.832743] ehci-platform: EHCI generic platform driver
[    0.838072] ehci-orion: EHCI orion driver
[    0.842157] ehci-exynos: EHCI EXYNOS driver
[    0.846412] ehci-msm: Qualcomm On-Chip EHCI Host Controller
[    0.852050] ohci_hcd: USB 1.1 'Open' Host Controller (OHCI) Driver
[    0.858244] ohci-pci: OHCI PCI platform driver
[    0.862729] ohci-platform: OHCI generic platform driver
[    0.868034] ohci-exynos: OHCI EXYNOS driver
[    0.872552] usbcore: registered new interface driver usb-storage
[    0.880255] tegra_rtc 7000e000.rtc: rtc core: registered 7000e000.rtc as rtc1
[    0.887436] tegra_rtc 7000e000.rtc: Tegra internal Real Time Clock
[    0.893726] i2c /dev entries driver
[    0.899521] sdhci: Secure Digital Host Controller Interface driver
[    0.905754] sdhci: Copyright(c) Pierre Ossman
[    0.910316] Synopsys Designware Multimedia Card Interface Driver
[    0.916871] sdhci-pltfm: SDHCI platform and OF driver helper
[    0.930883] mmc0: Unknown controller version (3). You may experience problems.
[    0.984863] mmc0: SDHCI controller on 700b0600.sdhci [700b0600.sdhci] using ADMA 64-bit
[    0.996853] ledtrig-cpu: registered to indicate activity on CPUs
[    1.004015] usbcore: registered new interface driver usbhid
[    1.009616] usbhid: USB HID core driver
[    1.015311] NET: Registered protocol family 17
[    1.020909] 9pnet: Installing 9P2000 support
[    1.025298] Key type dns_resolver registered
[    1.030178] registered taskstats version 1
[    1.042616] hctosys: unable to open rtc device (rtc0)
[    1.048201] ALSA device list:
[    1.051201]   No soundcards found.
[    1.054885] Waiting for root device PARTUUID=00000000-0001-0000-788f-a75600000000...
[    1.087781] mmc0: new high speed MMC card at address 0001
[    1.093518] mmcblk0: mmc0:0001 SDW16G 14.7 GiB 
[    1.098190] mmcblk0boot0: mmc0:0001 SDW16G partition 1 4.00 MiB
[    1.104234] mmcblk0boot1: mmc0:0001 SDW16G partition 2 4.00 MiB
[    1.110277] mmcblk0rpmb: mmc0:0001 SDW16G partition 3 4.00 MiB
[    1.120160]  mmcblk0: p1 p2 p3 p4 p5 p6 p7 p8 p9 p10 p11 p12 p13 p14 p15 p16 p17 p18
[    1.147182] EXT4-fs (mmcblk0p1): couldn't mount as ext3 due to feature incompatibilities
[    1.171286] EXT4-fs (mmcblk0p1): mounted filesystem with ordered data mode. Opts: (null)
[    1.179421] VFS: Mounted root (ext4 filesystem) on device 179:1.
[    1.190546] devtmpfs: mounted
[    1.194168] Freeing unused kernel memory: 1088K
bash: cannot set terminal process group (-1): Inappropriate ioctl for device
bash: no job control in this shell
root@(none):/# 