
U-Boot SPL 2014.01-00219-gc4d376f (Feb 18 2014 - 19:57:32)


U-Boot 2014.01-00219-gc4d376f (Feb 18 2014 - 19:57:32)

TEGRA114
Board: NVIDIA Dalmore
I2C:   ready
DRAM:  2 GiB
MMC:   Tegra SD/MMC: 0, Tegra SD/MMC: 1
In:    serial
Out:   serial
Err:   serial
Net:   Net Initialization Skipped
No ethernet found.
Hit any key to stop autoboot:  2  1  0 
Tegra114 (Dalmore) # 
Tegra114 (Dalmore) # usb reset
(Re)start USB...
USB0:   USB EHCI 1.10
scanning bus 0 for devices... 2 USB Device(s) found
       scanning usb for storage devices... 0 Storage Device(s) found
       scanning usb for ethernet devices... 
Warning: asx0 using MAC address from net device
1 Ethernet Device(s) found
Tegra114 (Dalmore) # setenv bootargs 'ignore_loglevel console=ttyS0,115200n8 rw root=PARTUUID=7369c667-ff51-ec4a-29cd-baabf2fbe346 rootwait gpt debug earlyprintk init=/bin/bash'
Tegra114 (Dalmore) # setenv ipaddr 192.168.100.100; setenv serverip 192.168.100.1; setenv tftpserverip 192.168.100.1
Tegra114 (Dalmore) # tftpboot 0x81000000 zImage.multi_v7_defconfig
Using asx0 device
TFTP from server 192.168.100.1; our IP address is 192.168.100.100
Filename 'zImage.multi_v7_defconfig'.
Load address: 0x81000000
Loading: *#################################################################
	 #################################################################
	 #################################################################
	 #################################################################
	 #################################################################
	 #################################################################
	 #################################################################
	 #################################################################
	 ##################
	 3.2 MiB/s
done
Bytes transferred = 7883456 (784ac0 hex)
Tegra114 (Dalmore) # tftpboot 0x82000000 tegra114-dalmore.dtb
Using asx0 device
TFTP from server 192.168.100.1; our IP address is 192.168.100.100
Filename 'tegra114-dalmore.dtb'.
Load address: 0x82000000
Loading: *###
	 2.8 MiB/s
done
Bytes transferred = 35044 (88e4 hex)
Tegra114 (Dalmore) # bootz 0x81000000 - 0x82000000
Kernel image @ 0x81000000 [ 0x000000 - 0x784ac0 ]
## Flattened Device Tree blob at 82000000
   Booting using the fdt blob at 0x82000000
   Loading Device Tree to 8fff4000, end 8ffff8e3 ... OK

Starting kernel ...

[    0.000000] Booting Linux on physical CPU 0x0
[    0.000000] Linux version 4.11.0-rc6-next-20170410-165724-gf8c97bd (jonathanh@sellafield) (gcc version 4.7.3 20130328 (prerelease) (crosstool-NG linaro-1.13.1-4.7-2013.04-20130415 - Linaro GCC 2013.04) ) #1 SMP Mon Apr 10 01:21:22 PDT 2017
[    0.000000] CPU: ARMv7 Processor [412fc0f2] revision 2 (ARMv7), cr=10c5387d
[    0.000000] CPU: div instructions available: patching division code
[    0.000000] CPU: PIPT / VIPT nonaliasing data cache, PIPT instruction cache
[    0.000000] OF: fdt: Machine model: NVIDIA Tegra114 Dalmore evaluation board
[    0.000000] debug: ignoring loglevel setting.
[    0.000000] efi: Getting EFI parameters from FDT:
[    0.000000] efi: UEFI not found.
[    0.000000] cma: Reserved 64 MiB at 0xfb800000
[    0.000000] Memory policy: Data cache writealloc
[    0.000000] On node 0 totalpages: 524032
[    0.000000] free_area_init_node: node 0, pgdat c157e380, node_mem_map eeff8000
[    0.000000]   DMA zone: 1536 pages used for memmap
[    0.000000]   DMA zone: 0 pages reserved
[    0.000000]   DMA zone: 196608 pages, LIFO batch:31
[    0.000000]   HighMem zone: 327424 pages, LIFO batch:31
[    0.000000] percpu: Embedded 17 pages/cpu @eef98000 s38592 r8192 d22848 u69632
[    0.000000] pcpu-alloc: s38592 r8192 d22848 u69632 alloc=17*4096
[    0.000000] pcpu-alloc: [0] 0 [0] 1 [0] 2 [0] 3 
[    0.000000] Built 1 zonelists in Zone order, mobility grouping on.  Total pages: 522496
[    0.000000] Kernel command line: ignore_loglevel console=ttyS0,115200n8 rw root=PARTUUID=7369c667-ff51-ec4a-29cd-baabf2fbe346 rootwait gpt debug earlyprintk init=/bin/bash
[    0.000000] PID hash table entries: 4096 (order: 2, 16384 bytes)
[    0.000000] Dentry cache hash table entries: 131072 (order: 7, 524288 bytes)
[    0.000000] Inode-cache hash table entries: 65536 (order: 6, 262144 bytes)
[    0.000000] Memory: 1993552K/2096128K available (10240K kernel code, 1559K rwdata, 4376K rodata, 2048K init, 407K bss, 37040K reserved, 65536K cma-reserved, 1244160K highmem)
[    0.000000] Virtual kernel memory layout:
[    0.000000]     vector  : 0xffff0000 - 0xffff1000   (   4 kB)
[    0.000000]     fixmap  : 0xffc00000 - 0xfff00000   (3072 kB)
[    0.000000]     vmalloc : 0xf0800000 - 0xff800000   ( 240 MB)
[    0.000000]     lowmem  : 0xc0000000 - 0xf0000000   ( 768 MB)
[    0.000000]     pkmap   : 0xbfe00000 - 0xc0000000   (   2 MB)
[    0.000000]     modules : 0xbf000000 - 0xbfe00000   (  14 MB)
[    0.000000]       .text : 0xc0208000 - 0xc0d00000   (11232 kB)
[    0.000000]       .init : 0xc1200000 - 0xc1400000   (2048 kB)
[    0.000000]       .data : 0xc1400000 - 0xc1585f28   (1560 kB)
[    0.000000]        .bss : 0xc158ed1c - 0xc15f4a08   ( 408 kB)
[    0.000000] SLUB: HWalign=64, Order=0-3, MinObjects=0, CPUs=4, Nodes=1
[    0.000000] Hierarchical RCU implementation.
[    0.000000] 	RCU debugfs-based tracing is enabled.
[    0.000000] 	RCU restricting CPUs from NR_CPUS=16 to nr_cpu_ids=4.
[    0.000000] RCU: Adjusting geometry for rcu_fanout_leaf=16, nr_cpu_ids=4
[    0.000000] NR_IRQS:16 nr_irqs:16 16
[    0.000000] /interrupt-controller@60004000: 160 interrupts forwarded to /interrupt-controller@50041000
[    0.000000] Tegra clk 127: register failed with -17
[    0.000008] sched_clock: 32 bits at 1000kHz, resolution 1000ns, wraps every 2147483647500ns
[    0.000028] clocksource: timer_us: mask: 0xffffffff max_cycles: 0xffffffff, max_idle_ns: 1911260446275 ns
[    0.000045] Switching to timer-based delay loop, resolution 1000ns
[    0.003291] arm_arch_timer: Architected cp15 timer(s) running at 12.00MHz (virt).
[    0.003312] clocksource: arch_sys_counter: mask: 0xffffffffffffff max_cycles: 0x2c47f4ee7, max_idle_ns: 440795202497 ns
[    0.003332] sched_clock: 56 bits at 12MHz, resolution 83ns, wraps every 4398046511096ns
[    0.003347] Switching to timer-based delay loop, resolution 83ns
[    0.003755] Console: colour dummy device 80x30
[    0.003785] Calibrating delay loop (skipped), value calculated using timer frequency.. 24.00 BogoMIPS (lpj=120000)
[    0.003804] pid_max: default: 32768 minimum: 301
[    0.003904] Mount-cache hash table entries: 2048 (order: 1, 8192 bytes)
[    0.003920] Mountpoint-cache hash table entries: 2048 (order: 1, 8192 bytes)
[    0.004426] CPU: Testing write buffer coherency: ok
[    0.004666] /cpus/cpu@0 missing clock-frequency property
[    0.004697] /cpus/cpu@1 missing clock-frequency property
[    0.004726] /cpus/cpu@2 missing clock-frequency property
[    0.004757] /cpus/cpu@3 missing clock-frequency property
[    0.004771] CPU0: thread -1, cpu 0, socket 0, mpidr 80000000
[    0.005075] Setting up static identity map for 0x80300000 - 0x803000a0
[    0.007615] Tegra Revision: A01 SKU: 0 CPU Process: 1 SoC Process: 0
[    0.008243] EFI services will not be available.
[    0.008482] smp: Bringing up secondary CPUs ...
[    0.009036] CPU1: thread -1, cpu 1, socket 0, mpidr 80000001
[    0.009663] CPU2: thread -1, cpu 2, socket 0, mpidr 80000002
[    0.010282] CPU3: thread -1, cpu 3, socket 0, mpidr 80000003
[    0.010370] smp: Brought up 1 node, 4 CPUs
[    0.010392] SMP: Total of 4 processors activated (96.00 BogoMIPS).
[    0.010402] CPU: All CPU(s) started in SVC mode.
[    0.011871] devtmpfs: initialized
[    0.020760] VFP support v0.3: implementor 41 architecture 4 part 30 variant f rev 0
[    0.021101] clocksource: jiffies: mask: 0xffffffff max_cycles: 0xffffffff, max_idle_ns: 19112604462750000 ns
[    0.021120] futex hash table entries: 1024 (order: 4, 65536 bytes)
[    0.022565] pinctrl core: initialized pinctrl subsystem
[    0.024319] NET: Registered protocol family 16
[    0.026546] DMA: preallocated 256 KiB pool for atomic coherent allocations
[    0.028667] cpuidle: using governor menu
[    0.051737] No ATAGs?
[    0.051864] hw-breakpoint: found 5 (+1 reserved) breakpoint and 4 watchpoint registers.
[    0.051881] hw-breakpoint: maximum watchpoint size is 8 bytes.
[    0.057313] Serial: AMBA PL011 UART driver
[    0.058035] tegra-mc 70019000.memory-controller: no memory timings for RAM code 3 registered
[    0.072517] AT91: Could not find identification node
[    0.072981] dvdd_ts: Failed to request enable GPIO61: -517
[    0.073002] reg-fixed-voltage regulators:regulator@1: Failed to register regulator: -517
[    0.073098] usb1_vbus: Failed to request enable GPIO108: -517
[    0.073113] reg-fixed-voltage regulators:regulator@3: Failed to register regulator: -517
[    0.073207] usb2_vbus: Failed to request enable GPIO86: -517
[    0.073222] reg-fixed-voltage regulators:regulator@4: Failed to register regulator: -517
[    0.073639] VDD_5V0_HDMI_CON: Failed to request enable GPIO81: -517
[    0.073654] reg-fixed-voltage regulators:regulator@7: Failed to register regulator: -517
[    0.076048] vgaarb: loaded
[    0.076801] SCSI subsystem initialized
[    0.076967] libata version 3.00 loaded.
[    0.077188] usbcore: registered new interface driver usbfs
[    0.077242] usbcore: registered new interface driver hub
[    0.077302] usbcore: registered new device driver usb
[    0.080462] tps65090 2-0048: No cache defaults, reading back from HW
[    0.082347] TPS65090_RAILSDCDC1: supplied by vdd_ac_bat
[    0.083410] TPS65090_RAILSDCDC2: supplied by vdd_ac_bat
[    0.084477] TPS65090_RAILSDCDC3: supplied by vdd_ac_bat
[    0.085004] TPS65090_RAILSFET1: supplied by vdd_ac_bat
[    0.085385] TPS65090_RAILSFET2: supplied by vdd_ac_bat
[    0.085747] TPS65090_RAILSFET3: supplied by vdd-sys-3v3
[    0.086267] TPS65090_RAILSFET4: supplied by vdd-sys-3v3
[    0.086795] TPS65090_RAILSFET5: supplied by vdd-sys-3v3
[    0.087314] TPS65090_RAILSFET6: supplied by vdd-sys-3v3
[    0.088151] TPS65090_RAILSFET7: supplied by vdd-sys-3v3
[    0.088674] TPS65090_RAILSLDO1: supplied by vdd_ac_bat
[    0.088884] TPS65090_RAILSLDO2: supplied by vdd_ac_bat
[    0.089786] palmas 2-0058: Irq flag is 0x00000004
[    0.091745] palmas 2-0058: Muxing GPIO ff, PWM 0, LED 0
[    0.094223] SMPS12: supplied by vdd-ao
[    0.095241] vdd_hdmi_5v0: supplied by vdd-sys-5v0
[    0.096060] SMPS3: supplied by vdd-ao
[    0.097802] SMPS457: supplied by vdd-sys-3v3
[    0.100676] SMPS8: supplied by vdd-sys-3v3
[    0.101541] random: fast init done
[    0.102299] SMPS9: supplied by vdd-sys-3v3
[    0.102824] sdhci-vdd-sd-slot: Bringing 2840000uV into 2800000-2800000uV
[    0.105623] LDO1: supplied by vdd-sys-3v3
[    0.106794] LDO2: supplied by vdd-sys-3v3
[    0.107987] LDO3: supplied by vddio-1v8
[    0.109158] LDO4: supplied by vdd-sys-3v3
[    0.110347] LDO5: supplied by vdd_ac_bat
[    0.111099] LDO6: supplied by vdd-sys-3v3
[    0.111612] vdd-sensor-2v85: Bringing 2900000uV into 2850000-2850000uV
[    0.113015] LDO7: supplied by vdd-sys-3v3
[    0.114757] LDO8: supplied by vdd-ao
[    0.115273] vdd-rtc: Bringing 675000uV into 900000-900000uV
[    0.124084] LDO9: supplied by sdhci-vdd-sd-slot
[    0.134421] LDOLN: supplied by vdd-sys-5v0
[    0.135609] LDOUSB: supplied by vdd-sys-5v0
[    0.147101] pps_core: LinuxPPS API ver. 1 registered
[    0.147112] pps_core: Software ver. 5.3.6 - Copyright 2005-2007 Rodolfo Giometti <giometti@linux.it>
[    0.147136] PTP clock support registered
[    0.147320] EDAC MC: Ver: 3.0.0
[    0.149450] clocksource: Switched to clocksource arch_sys_counter
[    0.206026] NET: Registered protocol family 2
[    0.206543] TCP established hash table entries: 8192 (order: 3, 32768 bytes)
[    0.206644] TCP bind hash table entries: 8192 (order: 4, 65536 bytes)
[    0.206833] TCP: Hash tables configured (established 8192 bind 8192)
[    0.206925] UDP hash table entries: 512 (order: 2, 16384 bytes)
[    0.206970] UDP-Lite hash table entries: 512 (order: 2, 16384 bytes)
[    0.207127] NET: Registered protocol family 1
[    0.207448] RPC: Registered named UNIX socket transport module.
[    0.207460] RPC: Registered udp transport module.
[    0.207469] RPC: Registered tcp transport module.
[    0.207479] RPC: Registered tcp NFSv4.1 backchannel transport module.
[    0.207493] PCI: CLS 0 bytes, default 64
[    0.209959] workingset: timestamp_bits=30 max_order=19 bucket_order=0
[    0.218516] squashfs: version 4.0 (2009/01/31) Phillip Lougher
[    0.219222] NFS: Registering the id_resolver key type
[    0.219250] Key type id_resolver registered
[    0.219260] Key type id_legacy registered
[    0.219304] ntfs: driver 2.1.32 [Flags: R/O].
[    0.220916] bounce: pool size: 64 pages
[    0.220960] Block layer SCSI generic (bsg) driver version 0.4 loaded (major 248)
[    0.220972] io scheduler noop registered
[    0.220982] io scheduler deadline registered
[    0.221144] io scheduler cfq registered (default)
[    0.221156] io scheduler mq-deadline registered
[    0.250491] tegra-apbdma 6000a000.dma: Tegra20 APB DMA driver register 32 channels
[    0.252945] tegra-pmc 7000e400.pmc: i2c-thermtrip node not found, emergency thermal reset disabled.
[    0.308403] Serial: 8250/16550 driver, 4 ports, IRQ sharing disabled
[    0.311091] console [ttyS0] disabled
[    0.311134] 70006300.serial: ttyS0 at MMIO 0x70006300 (irq = 329, base_baud = 25500000) is a Tegra
[    1.293351] console [ttyS0] enabled
[    1.297562] SuperH (H)SCI(F) driver initialized
[    1.302987] msm_serial: driver initialized
[    1.307247] STMicroelectronics ASC driver initialized
[    1.317416] tegra-hdmi 54280000.hdmi: failed to get HDMI regulator
[    1.341447] brd: module loaded
[    1.351915] loop: module loaded
[    1.371513] m25p80 spi32766.0: w25q32dw (4096 Kbytes)
[    1.379426] libphy: Fixed MDIO Bus: probed
[    1.384572] CAN device driver interface
[    1.389189] bgmac_bcma: Broadcom 47xx GBit MAC driver loaded
[    1.396099] e1000e: Intel(R) PRO/1000 Network Driver - 3.2.6-k
[    1.401939] e1000e: Copyright(c) 1999 - 2015 Intel Corporation.
[    1.407903] igb: Intel(R) Gigabit Ethernet Network Driver - version 5.4.0-k
[    1.414870] igb: Copyright (c) 2007-2014 Intel Corporation.
[    1.423571] pegasus: v0.9.3 (2013/04/25), Pegasus/Pegasus II USB Ethernet driver
[    1.431023] usbcore: registered new interface driver pegasus
[    1.436720] usbcore: registered new interface driver asix
[    1.442160] usbcore: registered new interface driver ax88179_178a
[    1.448283] usbcore: registered new interface driver cdc_ether
[    1.454174] usbcore: registered new interface driver smsc75xx
[    1.459976] usbcore: registered new interface driver smsc95xx
[    1.465745] usbcore: registered new interface driver net1080
[    1.471449] usbcore: registered new interface driver cdc_subset
[    1.477392] usbcore: registered new interface driver zaurus
[    1.483023] usbcore: registered new interface driver cdc_ncm
[    1.490550] ehci_hcd: USB 2.0 'Enhanced' Host Controller (EHCI) Driver
[    1.497070] ehci-pci: EHCI PCI platform driver
[    1.501564] ehci-platform: EHCI generic platform driver
[    1.506958] ehci-orion: EHCI orion driver
[    1.511121] SPEAr-ehci: EHCI SPEAr driver
[    1.515249] ehci-st: EHCI STMicroelectronics driver
[    1.520261] ehci-exynos: EHCI EXYNOS driver
[    1.524584] ehci-atmel: EHCI Atmel driver
[    1.528709] tegra-ehci: Tegra EHCI driver
[    1.533007] ohci_hcd: USB 1.1 'Open' Host Controller (OHCI) Driver
[    1.539189] ohci-pci: OHCI PCI platform driver
[    1.543682] ohci-platform: OHCI generic platform driver
[    1.549041] ohci-omap3: OHCI OMAP3 driver
[    1.553185] SPEAr-ohci: OHCI SPEAr driver
[    1.557320] ohci-st: OHCI STMicroelectronics driver
[    1.562332] ohci-atmel: OHCI Atmel driver
[    1.566993] usbcore: registered new interface driver usb-storage
[    1.578578] palmas-rtc 7000d000.i2c:tps65913@58:rtc: rtc core: registered 7000d000.i2c:tps659 as rtc0
[    1.589611] tegra_rtc 7000e000.rtc: rtc core: registered 7000e000.rtc as rtc1
[    1.596770] tegra_rtc 7000e000.rtc: Tegra internal Real Time Clock
[    1.603446] i2c /dev entries driver
[    1.613115] sbs-battery 0-000b: sbs_probe: Failed to get device status
[    1.619669] sbs-battery: probe of 0-000b failed with error -121
[    1.635570] sdhci: Secure Digital Host Controller Interface driver
[    1.641774] sdhci: Copyright(c) Pierre Ossman
[    1.647502] Synopsys Designware Multimedia Card Interface Driver
[    1.654639] sdhci-pltfm: SDHCI platform and OF driver helper
[    1.660998] sdhci-tegra 78000400.sdhci: Got CD GPIO
[    1.665887] sdhci-tegra 78000400.sdhci: Got WP GPIO
[    1.679012] mmc0: Invalid maximum block size, assuming 512 bytes
[    1.749589] mmc0: SDHCI controller on 78000400.sdhci [78000400.sdhci] using ADMA
[    1.766225] mmc1: Invalid maximum block size, assuming 512 bytes
[    1.829490] mmc1: SDHCI controller on 78000600.sdhci [78000600.sdhci] using ADMA
[    1.838637] ledtrig-cpu: registered to indicate activity on CPUs
[    1.845030] usbcore: registered new interface driver usbhid
[    1.850617] usbhid: USB HID core driver
[    1.858053] NET: Registered protocol family 10
[    1.863454] Segment Routing with IPv6
[    1.867167] sit: IPv6, IPv4 and MPLS over IPv4 tunneling driver
[    1.873709] NET: Registered protocol family 17
[    1.878157] can: controller area network core (rev 20120528 abi 9)
[    1.884403] NET: Registered protocol family 29
[    1.888843] can: raw protocol (rev 20120528)
[    1.893133] can: broadcast manager protocol (rev 20161123 t)
[    1.898790] can: netlink gateway (rev 20130117) max_hops=1
[    1.904605] Key type dns_resolver registered
[    1.909468] ThumbEE CPU extension supported.
[    1.913740] Registering SWP/SWPB emulation handler
[    1.932433] usb1_vbus: supplied by vdd-sys-5v0
[    1.935077] mmc0: new high speed SDHC card at address aaaa
[    1.935665] mmcblk0: mmc0:aaaa SL16G 14.8 GiB 
[    1.947936] usb2_vbus: supplied by vdd-sys-5v0
[    1.956215] VDD_5V0_HDMI_CON: supplied by vdd-sys-5v0
[    1.963275]  mmcblk0: p1 p2 p3
[    1.973644] tegra-ehci 7d008000.usb: EHCI Host Controller
[    1.979073] tegra-ehci 7d008000.usb: new USB bus registered, assigned bus number 1
[    1.985674] mmc1: new high speed MMC card at address 0001
[    1.986259] mmcblk1: mmc1:0001 SEM32G 29.1 GiB 
[    1.986648] mmcblk1boot0: mmc1:0001 SEM32G partition 1 4.00 MiB
[    1.987092] mmcblk1boot1: mmc1:0001 SEM32G partition 2 4.00 MiB
[    1.987661] mmcblk1rpmb: mmc1:0001 SEM32G partition 3 4.00 MiB
[    1.992405]  mmcblk1: p1 p2 p3 p4 p5 p6 p7 p8
[    2.018899] tegra-ehci 7d008000.usb: irq 339, io mem 0x7d008000
[    2.049584] tegra-ehci 7d008000.usb: USB 2.0 started, EHCI 1.10
[    2.056692] hub 1-0:1.0: USB hub found
[    2.060556] hub 1-0:1.0: 1 port detected
[    2.066182] input: gpio-keys as /devices/soc0/gpio-keys/input/input0
[    2.075108] palmas-rtc 7000d000.i2c:tps65913@58:rtc: setting system clock to 2001-02-01 19:58:03 UTC (981057483)
[    2.085970] vdd_hdmi_5v0: disabling
[    2.096566] dvdd_ts: disabling
[    2.099667] usb1_vbus: disabling
[    2.102907] vdd_cam_1v8_reg: disabling
[    2.106656] VDD_5V0_HDMI_CON: disabling
[    2.112161] EXT4-fs (mmcblk1p1): mounting ext3 file system using the ext4 subsystem
[    2.135078] EXT4-fs (mmcblk1p1): recovery complete
[    2.139936] EXT4-fs (mmcblk1p1): mounted filesystem with ordered data mode. Opts: (null)
[    2.148056] VFS: Mounted root (ext3 filesystem) on device 179:17.
[    2.156984] devtmpfs: mounted
[    2.161886] Freeing unused kernel memory: 2048K
bash: cannot set terminal process group (-1): Inappropriate ioctl for device
bash: no job control in this shell
root@(none):/# [    2.419587] usb 1-1: new high-speed USB device number 2 using tegra-ehci
[    3.094273] asix 1-1:1.0 eth0: register 'asix' at usb-7d008000.usb-1, ASIX AX88772 USB 2.0 Ethernet, 00:50:b6:0d:b5:16
mount -t sysfs none /sys
root@(none):/# 
root@(none):/# mount -t debugfs none /sys/kernel/debug
root@(none):/# 
root@(none):/# rtcwake -d rtc1 -m mem -s 3
rtcwake: assuming RTC uses UTC ...
rtcwake: wakeup from "mem" using /dev/rtc1 at Thu Jan  1 00:00:20 1970
[    5.379905] PM: Syncing filesystems ... done.
[    5.385658] Freezing user space processes ... (elapsed 0.001 seconds) done.
[    5.393981] OOM killer disabled.
[    5.397207] Freezing remaining freezable tasks ... (elapsed 0.001 seconds) done.
[    5.406006] Suspending console(s) (use no_console_suspend to debug)
[    5.461251] PM: suspend of devices complete after 47.762 msecs
[    5.464284] PM: late suspend of devices complete after 3.016 msecs
[    5.466635] PM: noirq suspend of devices complete after 2.340 msecs
[    5.466641] Disabling non-boot CPUs ...
[    5.505399] IRQ17 no longer affine to CPU2
[    5.594591] Entering suspend state LP1
[    5.594591] Suspended for 7.151 seconds
[    5.594611] Enabling non-boot CPUs ...
[    5.623606] CPU1 is up
[    5.663728] CPU2 is up
[    5.704391] CPU3 is up
[    5.705549] PM: noirq resume of devices complete after 1.146 msecs
[    5.708022] PM: early resume of devices complete after 2.021 msecs
[    6.249191] PM: resume of devices complete after 541.149 msecs
[    6.313464] OOM killer enabled.
[    6.316599] Restarting tasks ... done.
root@(none):/# 
root@(none):/# rtcwake -d rtc1 -m mem -s 3
rtcwake: assuming RTC uses UTC ...
rtcwake: wakeup from "mem" using /dev/rtc1 at Thu Jan  1 00:00:29 1970
[    7.232656] PM: Syncing filesystems ... done.
[    7.238278] Freezing user space processes ... (elapsed 0.001 seconds) done.
[    7.246592] OOM killer disabled.
[    7.249849] Freezing remaining freezable tasks ... (elapsed 0.001 seconds) done.
[    7.258646] Suspending console(s) (use no_console_suspend to debug)
[    7.321301] PM: suspend of devices complete after 55.149 msecs
[    7.324357] PM: late suspend of devices complete after 3.039 msecs
[    7.326738] PM: noirq suspend of devices complete after 2.370 msecs
[    7.326744] Disabling non-boot CPUs ...
[    7.365067] IRQ17 no longer affine to CPU2
[    7.453305] Entering suspend state LP1
[    7.453305] Suspended for 7.141 seconds
[    7.453326] Enabling non-boot CPUs ...
[    7.484077] CPU1 is up
[    7.523687] CPU2 is up
[    7.564353] CPU3 is up
[    7.565508] PM: noirq resume of devices complete after 1.144 msecs
[    7.568203] PM: early resume of devices complete after 2.235 msecs
[    8.109928] PM: resume of devices complete after 541.707 msecs
[    8.174264] OOM killer enabled.
[    8.177399] Restarting tasks ... done.
root@(none):/# 
root@(none):/# rtcwake -d rtc1 -m mem -s 3
rtcwake: assuming RTC uses UTC ...
rtcwake: wakeup from "mem" using /dev/rtc1 at Thu Jan  1 00:00:38 1970
[    9.081386] PM: Syncing filesystems ... done.
[    9.086906] Freezing user space processes ... (elapsed 0.001 seconds) done.
[    9.095241] OOM killer disabled.
[    9.098465] Freezing remaining freezable tasks ... (elapsed 0.001 seconds) done.
[    9.107253] Suspending console(s) (use no_console_suspend to debug)
[    9.161395] PM: suspend of devices complete after 46.643 msecs
[    9.164424] PM: late suspend of devices complete after 3.012 msecs
[    9.166763] PM: noirq suspend of devices complete after 2.327 msecs
[    9.166768] Disabling non-boot CPUs ...
[    9.314169] Entering suspend state LP1
[    9.314169] Suspended for 7.139 seconds
[    9.314190] Enabling non-boot CPUs ...
[    9.343549] CPU1 is up
[    9.383659] CPU2 is up
[    9.424328] CPU3 is up
[    9.425490] PM: noirq resume of devices complete after 1.150 msecs
[    9.427989] PM: early resume of devices complete after 2.045 msecs
[    9.979228] PM: resume of devices complete after 551.220 msecs
[   10.039380] OOM killer enabled.
[   10.042516] Restarting tasks ... done.
root@(none):/# 
root@(none):/# rtcwake -d rtc1 -m mem -s 3
rtcwake: assuming RTC uses UTC ...
rtcwake: wakeup from "mem" using /dev/rtc1 at Thu Jan  1 00:00:47 1970
[   10.947821] PM: Syncing filesystems ... done.
[   10.953363] Freezing user space processes ... (elapsed 0.001 seconds) done.
[   10.961704] OOM killer disabled.
[   10.964927] Freezing remaining freezable tasks ... (elapsed 0.001 seconds) done.
[   10.973741] Suspending console(s) (use no_console_suspend to debug)
[   11.031646] PM: suspend of devices complete after 50.419 msecs
[   11.034701] PM: late suspend of devices complete after 3.038 msecs
[   11.037113] PM: noirq suspend of devices complete after 2.400 msecs
[   11.037119] Disabling non-boot CPUs ...
[   11.184008] Entering suspend state LP1
[   11.184008] Suspended for 7.130 seconds
[   11.184029] Enabling non-boot CPUs ...
[   11.213506] CPU1 is up
[   11.253633] CPU2 is up
[   11.294308] CPU3 is up
[   11.295435] PM: noirq resume of devices complete after 1.115 msecs
[   11.297858] PM: early resume of devices complete after 1.967 msecs
[   11.840103] PM: resume of devices complete after 542.227 msecs
[   11.900320] OOM killer enabled.
[   11.903454] Restarting tasks ... done.
root@(none):/# 
root@(none):/# rtcwake -d rtc1 -m mem -s 3
rtcwake: assuming RTC uses UTC ...
rtcwake: wakeup from "mem" using /dev/rtc1 at Thu Jan  1 00:00:56 1970
[   12.833099] PM: Syncing filesystems ... done.
[   12.838688] Freezing user space processes ... (elapsed 0.001 seconds) done.
[   12.847015] OOM killer disabled.
[   12.850268] Freezing remaining freezable tasks ... (elapsed 0.001 seconds) done.
[   12.859072] Suspending console(s) (use no_console_suspend to debug)
[   12.911006] PM: suspend of devices complete after 44.432 msecs
[   12.913796] PM: late suspend of devices complete after 2.773 msecs
[   12.916271] PM: noirq suspend of devices complete after 2.463 msecs
[   12.916276] Disabling non-boot CPUs ...
[   12.916776] IRQ17 no longer affine to CPU1
[   13.063402] Entering suspend state LP1
[   13.063402] Suspended for 7.120 seconds
[   13.063422] Enabling non-boot CPUs ...
[   13.093502] CPU1 is up
[   13.133624] CPU2 is up
[   13.174274] CPU3 is up
[   13.175412] PM: noirq resume of devices complete after 1.126 msecs
[   13.177845] PM: early resume of devices complete after 1.962 msecs
[   13.727525] PM: resume of devices complete after 549.661 msecs
[   13.791803] OOM killer enabled.
[   13.794939] Restarting tasks ... done.
root@(none):/# 
root@(none):/# rtcwake -d rtc1 -m mem -s 3
rtcwake: assuming RTC uses UTC ...
rtcwake: wakeup from "mem" using /dev/rtc1 at Thu Jan  1 00:01:05 1970
[   14.700354] PM: Syncing filesystems ... done.
[   14.705876] Freezing user space processes ... (elapsed 0.001 seconds) done.
[   14.714214] OOM killer disabled.
[   14.717439] Freezing remaining freezable tasks ... (elapsed 0.001 seconds) done.
[   14.726254] Suspending console(s) (use no_console_suspend to debug)
[   14.781605] PM: suspend of devices complete after 47.868 msecs
[   14.784359] PM: late suspend of devices complete after 2.737 msecs
[   14.786688] PM: noirq suspend of devices complete after 2.318 msecs
[   14.786694] Disabling non-boot CPUs ...
[   14.787210] IRQ17 no longer affine to CPU1
[   14.933944] Entering suspend state LP1
[   14.933944] Suspended for 7.129 seconds
[   14.933965] Enabling non-boot CPUs ...
[   14.963453] CPU1 is up
[   15.003520] CPU2 is up
[   15.044201] CPU3 is up
[   15.045347] PM: noirq resume of devices complete after 1.134 msecs
[   15.048094] PM: early resume of devices complete after 2.283 msecs
[   15.599683] PM: resume of devices complete after 551.571 msecs
[   15.664015] OOM killer enabled.
[   15.667150] Restarting tasks ... done.
root@(none):/# 
root@(none):/# rtcwake -d rtc1 -m mem -s 3
rtcwake: assuming RTC uses UTC ...
rtcwake: wakeup from "mem" using /dev/rtc1 at Thu Jan  1 00:01:14 1970
[   16.568854] PM: Syncing filesystems ... done.
[   16.574484] Freezing user space processes ... (elapsed 0.001 seconds) done.
[   16.582839] OOM killer disabled.
[   16.586063] Freezing remaining freezable tasks ... (elapsed 0.001 seconds) done.
[   16.594904] Suspending console(s) (use no_console_suspend to debug)
[   16.651481] PM: suspend of devices complete after 49.096 msecs
[   16.654220] PM: late suspend of devices complete after 2.721 msecs
[   16.656548] PM: noirq suspend of devices complete after 2.318 msecs
[   16.656554] Disabling non-boot CPUs ...
[   16.694878] IRQ17 no longer affine to CPU2
[   16.803313] Entering suspend state LP1
[   16.803313] Suspended for 7.130 seconds
[   16.803333] Enabling non-boot CPUs ...
[   16.833375] CPU1 is up
[   16.873519] CPU2 is up
[   16.914171] CPU3 is up
[   16.915322] PM: noirq resume of devices complete after 1.139 msecs
[   16.917692] PM: early resume of devices complete after 1.899 msecs
[   17.456964] PM: resume of devices complete after 539.254 msecs
[   17.521249] OOM killer enabled.
[   17.524385] Restarting tasks ... done.
root@(none):/# 
root@(none):/# rtcwake -d rtc1 -m mem -s 3
rtcwake: assuming RTC uses UTC ...
rtcwake: wakeup from "mem" using /dev/rtc1 at Thu Jan  1 00:01:23 1970
[   18.441344] PM: Syncing filesystems ... done.
[   18.447070] Freezing user space processes ... (elapsed 0.001 seconds) done.
[   18.455427] OOM killer disabled.
[   18.458651] Freezing remaining freezable tasks ... (elapsed 0.001 seconds) done.
[   18.467464] Suspending console(s) (use no_console_suspend to debug)
[   18.521500] PM: suspend of devices complete after 46.534 msecs
[   18.524270] PM: late suspend of devices complete after 2.754 msecs
[   18.526796] PM: noirq suspend of devices complete after 2.511 msecs
[   18.526803] Disabling non-boot CPUs ...
[   18.683029] Entering suspend state LP1
[   18.683029] Suspended for 7.120 seconds
[   18.683049] Enabling non-boot CPUs ...
[   18.713824] CPU1 is up
[   18.753425] CPU2 is up
[   18.794095] CPU3 is up
[   18.795225] PM: noirq resume of devices complete after 1.118 msecs
[   18.797583] PM: early resume of devices complete after 1.893 msecs
[   19.339038] PM: resume of devices complete after 541.438 msecs
[   19.399203] OOM killer enabled.
[   19.402338] Restarting tasks ... done.
root@(none):/# 
root@(none):/# rtcwake -d rtc1 -m mem -s 3
rtcwake: assuming RTC uses UTC ...
rtcwake: wakeup from "mem" using /dev/rtc1 at Thu Jan  1 00:01:32 1970
[   20.320118] PM: Syncing filesystems ... done.
[   20.325698] Freezing user space processes ... (elapsed 0.001 seconds) done.
[   20.334058] OOM killer disabled.
[   20.337283] Freezing remaining freezable tasks ... (elapsed 0.001 seconds) done.
[   20.346124] Suspending console(s) (use no_console_suspend to debug)
[   20.400774] PM: suspend of devices complete after 47.168 msecs
[   20.403537] PM: late suspend of devices complete after 2.745 msecs
[   20.406044] PM: noirq suspend of devices complete after 2.496 msecs
[   20.406050] Disabling non-boot CPUs ...
[   20.406549] IRQ17 no longer affine to CPU1
[   20.553201] Entering suspend state LP1
[   20.553201] Suspended for 7.130 seconds
[   20.553221] Enabling non-boot CPUs ...
[   20.583297] CPU1 is up
[   20.623402] CPU2 is up
[   20.664071] CPU3 is up
[   20.665240] PM: noirq resume of devices complete after 1.157 msecs
[   20.667586] PM: early resume of devices complete after 1.905 msecs
[   21.208779] PM: resume of devices complete after 541.172 msecs
[   21.273078] OOM killer enabled.
[   21.276214] Restarting tasks ... done.
root@(none):/# 
root@(none):/# rtcwake -d rtc1 -m mem -s 3
rtcwake: assuming RTC uses UTC ...
rtcwake: wakeup from "mem" using /dev/rtc1 at Thu Jan  1 00:01:41 1970
[   22.190257] PM: Syncing filesystems ... done.
[   22.195875] Freezing user space processes ... (elapsed 0.001 seconds) done.
[   22.204225] OOM killer disabled.
[   22.207449] Freezing remaining freezable tasks ... (elapsed 0.001 seconds) done.
[   22.216281] Suspending console(s) (use no_console_suspend to debug)
[   22.271403] PM: suspend of devices complete after 47.637 msecs
[   22.274157] PM: late suspend of devices complete after 2.737 msecs
[   22.276675] PM: noirq suspend of devices complete after 2.507 msecs
[   22.276680] Disabling non-boot CPUs ...
[   22.423166] Entering suspend state LP1
[   22.423166] Suspended for 7.130 seconds
[   22.423187] Enabling non-boot CPUs ...
[   22.453244] CPU1 is up
[   22.493365] CPU2 is up
[   22.534007] CPU3 is up
[   22.535143] PM: noirq resume of devices complete after 1.125 msecs
[   22.537629] PM: early resume of devices complete after 2.021 msecs
[   23.077265] PM: resume of devices complete after 539.617 msecs
[   23.137482] OOM killer enabled.
[   23.140632] Restarting tasks ... done.
root@(none):/# 
root@(none):/# NVTB SYSTEM SUSPEND TEST COMPLETE
