

U-Boot 2015.04-00466-gedec83e90172 (Mar 14 2016 - 10:42:01)

TEGRA124
Model: Acer Chromebook 13 CB5-311
DRAM:  4 GiB
:   Tegra SD/MMC: 0, Tegra SD/MMC: 1, Tegra SD/MMC: 2
MMC init failed
Using default environment

In:    serial
Out:   serial
Err:   serial
Net:   Net Initialization Skipped
No ethernet found.
Hit any key to stop autoboot:  2  0 
Tegra124 (Nyan-big) # 
Tegra124 (Nyan-big) # usb start
starting USB...
USB0:   USB EHCI 1.10
scanning bus 0 for devices... 2 USB Device(s) found
USB1:   USB EHCI 1.10
scanning bus 1 for devices... 2 USB Device(s) found
       scanning usb for storage devices... 1 Storage Device(s) found
       scanning usb for ethernet devices... 
Warning: asx0 using MAC address from net device
1 Ethernet Device(s) found
Tegra124 (Nyan-big) # mw 0x7000e4a0 0x00080000
Tegra124 (Nyan-big) # setenv bootargs 'ignore_loglevel console=ttyS0,115200n8 rw root=PARTUUID=4d36e82a-b3c0-4b4b-bfcd-afe5217ac023 rootwait gpt debug noinitrd earlyprintk init=/bin/bash'
Tegra124 (Nyan-big) # setenv ipaddr 192.168.100.102; setenv serverip 192.168.100.1; setenv tftpserverip 192.168.100.1
Tegra124 (Nyan-big) # tftpboot 0x82000000 zImage.multi_v7_defconfig
Using asx0 device
TFTP from server 192.168.100.1; our IP address is 192.168.100.102
Filename 'zImage.multi_v7_defconfig'.
Load address: 0x82000000
Loading: *#################################################################
	 #################################################################
	 #################################################################
	 #################################################################
	 #################################################################
	 #################################################################
	 #################################################################
	 #################################################################
	 #####################
	 3.5 MiB/s
done
Bytes transferred = 7937840 (791f30 hex)
Tegra124 (Nyan-big) # tftpboot 0x83000000 tegra124-nyan-big.dtb
Using asx0 device
TFTP from server 192.168.100.1; our IP address is 192.168.100.102
Filename 'tegra124-nyan-big.dtb'.
Load address: 0x83000000
Loading: *#####
	 3.2 MiB/s
done
Bytes transferred = 68155 (10a3b hex)
Tegra124 (Nyan-big) # bootz 0x82000000 - 0x83000000
Kernel image @ 0x82000000 [ 0x000000 - 0x791f30 ]
## Flattened Device Tree blob at 83000000
   Booting using the fdt blob at 0x83000000
   Using Device Tree in place at 83000000, end 83013a3a

Starting kernel ...

[    0.000000] Booting Linux on physical CPU 0x0
[    0.000000] Linux version 4.12.0-rc4-next-20170607-177215-g8d1b80c (jonathanh@sellafield) (gcc version 4.7.3 20130328 (prerelease) (crosstool-NG linaro-1.13.1-4.7-2013.04-20130415 - Linaro GCC 2013.04) ) #1 SMP Tue Jun 6 23:35:57 PDT 2017
[    0.000000] CPU: ARMv7 Processor [413fc0f3] revision 3 (ARMv7), cr=10c5387d
[    0.000000] CPU: div instructions available: patching division code
[    0.000000] CPU: PIPT / VIPT nonaliasing data cache, PIPT instruction cache
[    0.000000] OF: fdt: Machine model: Acer Chromebook 13 CB5-311
[    0.000000] OF: fdt: Ignoring memory range 0x100000000 - 0x17ffff000
[    0.000000] debug: ignoring loglevel setting.
[    0.000000] Memory policy: Data cache writealloc
[    0.000000] efi: Getting EFI parameters from FDT:
[    0.000000] efi: UEFI not found.
[    0.000000] cma: Reserved 64 MiB at 0xfb800000
[    0.000000] On node 0 totalpages: 524287
[    0.000000] free_area_init_node: node 0, pgdat c157dfc0, node_mem_map eeff8000
[    0.000000]   DMA zone: 1536 pages used for memmap
[    0.000000]   DMA zone: 0 pages reserved
[    0.000000]   DMA zone: 196608 pages, LIFO batch:31
[    0.000000]   HighMem zone: 327679 pages, LIFO batch:31
[    0.000000] percpu: Embedded 17 pages/cpu @eef81000 s39232 r8192 d22208 u69632
[    0.000000] pcpu-alloc: s39232 r8192 d22208 u69632 alloc=17*4096
[    0.000000] pcpu-alloc: [0] 0 [0] 1 [0] 2 [0] 3 
[    0.000000] Built 1 zonelists in Zone order, mobility grouping on.  Total pages: 522751
[    0.000000] Kernel command line: ignore_loglevel console=ttyS0,115200n8 rw root=PARTUUID=4d36e82a-b3c0-4b4b-bfcd-afe5217ac023 rootwait gpt debug noinitrd earlyprintk init=/bin/bash
[    0.000000] PID hash table entries: 4096 (order: 2, 16384 bytes)
[    0.000000] Dentry cache hash table entries: 131072 (order: 7, 524288 bytes)
[    0.000000] Inode-cache hash table entries: 65536 (order: 6, 262144 bytes)
[    0.000000] Memory: 1994452K/2097148K available (10240K kernel code, 1559K rwdata, 4412K rodata, 2048K init, 402K bss, 37160K reserved, 65536K cma-reserved, 1245180K highmem)
[    0.000000] Virtual kernel memory layout:
[    0.000000]     vector  : 0xffff0000 - 0xffff1000   (   4 kB)
[    0.000000]     fixmap  : 0xffc00000 - 0xfff00000   (3072 kB)
[    0.000000]     vmalloc : 0xf0800000 - 0xff800000   ( 240 MB)
[    0.000000]     lowmem  : 0xc0000000 - 0xf0000000   ( 768 MB)
[    0.000000]     pkmap   : 0xbfe00000 - 0xc0000000   (   2 MB)
[    0.000000]     modules : 0xbf000000 - 0xbfe00000   (  14 MB)
[    0.000000]       .text : 0xc0208000 - 0xc0d00000   (11232 kB)
[    0.000000]       .init : 0xc1200000 - 0xc1400000   (2048 kB)
[    0.000000]       .data : 0xc1400000 - 0xc1585c30   (1560 kB)
[    0.000000]        .bss : 0xc158ecd4 - 0xc15f36c8   ( 403 kB)
[    0.000000] SLUB: HWalign=64, Order=0-3, MinObjects=0, CPUs=4, Nodes=1
[    0.000000] Hierarchical RCU implementation.
[    0.000000] 	RCU event tracing is enabled.
[    0.000000] 	RCU restricting CPUs from NR_CPUS=16 to nr_cpu_ids=4.
[    0.000000] RCU: Adjusting geometry for rcu_fanout_leaf=16, nr_cpu_ids=4
[    0.000000] NR_IRQS: 16, nr_irqs: 16, preallocated irqs: 16
[    0.000000] /interrupt-controller@60004000: 160 interrupts forwarded to /interrupt-controller@50041000
[    0.000000] Tegra clk 127: register failed with -17
[    0.000004] sched_clock: 32 bits at 1000kHz, resolution 1000ns, wraps every 2147483647500ns
[    0.000012] clocksource: timer_us: mask: 0xffffffff max_cycles: 0xffffffff, max_idle_ns: 1911260446275 ns
[    0.000018] Switching to timer-based delay loop, resolution 1000ns
[    0.001775] arch_timer: cp15 timer(s) running at 12.00MHz (virt).
[    0.001782] clocksource: arch_sys_counter: mask: 0xffffffffffffff max_cycles: 0x2c47f4ee7, max_idle_ns: 440795202497 ns
[    0.001789] sched_clock: 56 bits at 12MHz, resolution 83ns, wraps every 4398046511096ns
[    0.001794] Switching to timer-based delay loop, resolution 83ns
[    0.002008] Console: colour dummy device 80x30
[    0.002022] Calibrating delay loop (skipped), value calculated using timer frequency.. 24.00 BogoMIPS (lpj=120000)
[    0.002028] pid_max: default: 32768 minimum: 301
[    0.002062] Mount-cache hash table entries: 2048 (order: 1, 8192 bytes)
[    0.002068] Mountpoint-cache hash table entries: 2048 (order: 1, 8192 bytes)
[    0.002267] CPU: Testing write buffer coherency: ok
[    0.002388] /cpus/cpu@0 missing clock-frequency property
[    0.002403] /cpus/cpu@1 missing clock-frequency property
[    0.002418] /cpus/cpu@2 missing clock-frequency property
[    0.002433] /cpus/cpu@3 missing clock-frequency property
[    0.002438] CPU0: thread -1, cpu 0, socket 0, mpidr 80000000
[    0.002554] Setting up static identity map for 0x80300000 - 0x803000a0
[    0.003249] Hierarchical SRCU implementation.
[    0.003927] Tegra Revision: A01 SKU: 131 CPU Process: 1 SoC Process: 1
[    0.004192] EFI services will not be available.
[    0.004280] smp: Bringing up secondary CPUs ...
[    0.004578] CPU1: thread -1, cpu 1, socket 0, mpidr 80000001
[    0.012032] CPU2: thread -1, cpu 2, socket 0, mpidr 80000002
[    0.022044] CPU3: thread -1, cpu 3, socket 0, mpidr 80000003
[    0.031753] smp: Brought up 1 node, 4 CPUs
[    0.031760] SMP: Total of 4 processors activated (96.00 BogoMIPS).
[    0.031764] CPU: All CPU(s) started in SVC mode.
[    0.032314] devtmpfs: initialized
[    0.038098] VFP support v0.3: implementor 41 architecture 4 part 30 variant f rev 0
[    0.038287] clocksource: jiffies: mask: 0xffffffff max_cycles: 0xffffffff, max_idle_ns: 19112604462750000 ns
[    0.038296] futex hash table entries: 1024 (order: 4, 65536 bytes)
[    0.038861] pinctrl core: initialized pinctrl subsystem
[    0.039516] DMI not present or invalid.
[    0.039637] NET: Registered protocol family 16
[    0.040385] DMA: preallocated 256 KiB pool for atomic coherent allocations
[    0.041278] cpuidle: using governor menu
[    0.050203] No ATAGs?
[    0.050256] hw-breakpoint: found 5 (+1 reserved) breakpoint and 4 watchpoint registers.
[    0.050262] hw-breakpoint: maximum watchpoint size is 8 bytes.
[    0.053032] Serial: AMBA PL011 UART driver
[    0.053384] tegra-mc 70019000.memory-controller: no memory timings for RAM code 0 registered
[    0.058900] AT91: Could not find identification node
[    0.059110] +5V_SYS: supplied by +VDD_MUX
[    0.059209] +3.3V_SYS: supplied by +VDD_MUX
[    0.059427] +VDD_LED: Failed to request enable GPIO122: -517
[    0.059433] reg-fixed-voltage regulators:regulator@5: Failed to register regulator: -517
[    0.059468] +5V_VDD_TS_SW: Failed to request enable GPIO81: -517
[    0.059473] reg-fixed-voltage regulators:regulator@6: Failed to register regulator: -517
[    0.059506] +5V_USB_HS: Failed to request enable GPIO108: -517
[    0.059511] reg-fixed-voltage regulators:regulator@7: Failed to register regulator: -517
[    0.059543] +5V_USB_SS: Failed to request enable GPIO109: -517
[    0.059548] reg-fixed-voltage regulators:regulator@8: Failed to register regulator: -517
[    0.059638] +1.05V_RUN_AVDD_HDMI_PLL: Failed to request enable GPIO63: -517
[    0.059643] reg-fixed-voltage regulators:regulator@11: Failed to register regulator: -517
[    0.059675] +5V_HDMI_CON: Failed to request enable GPIO86: -517
[    0.059680] reg-fixed-voltage regulators:regulator@12: Failed to register regulator: -517
[    0.060672] vgaarb: loaded
[    0.060954] SCSI subsystem initialized
[    0.061022] libata version 3.00 loaded.
[    0.061112] usbcore: registered new interface driver usbfs
[    0.061133] usbcore: registered new interface driver hub
[    0.061154] usbcore: registered new device driver usb
[    0.062475] pps_core: LinuxPPS API ver. 1 registered
[    0.062479] pps_core: Software ver. 5.3.6 - Copyright 2005-2007 Rodolfo Giometti <giometti@linux.it>
[    0.062487] PTP clock support registered
[    0.062550] EDAC MC: Ver: 3.0.0
[    0.062662] dmi: Firmware registration failed.
[    0.062957] tegra-emc 7001b000.emc: no memory timings for RAM code 0 found in DT
[    0.062966] tegra-emc: probe of 7001b000.emc failed with error -2
[    0.063404] clocksource: Switched to clocksource arch_sys_counter
[    0.083021] NET: Registered protocol family 2
[    0.083220] TCP established hash table entries: 8192 (order: 3, 32768 bytes)
[    0.083254] TCP bind hash table entries: 8192 (order: 4, 65536 bytes)
[    0.083317] TCP: Hash tables configured (established 8192 bind 8192)
[    0.083351] UDP hash table entries: 512 (order: 2, 16384 bytes)
[    0.083366] UDP-Lite hash table entries: 512 (order: 2, 16384 bytes)
[    0.083447] NET: Registered protocol family 1
[    0.083596] RPC: Registered named UNIX socket transport module.
[    0.083600] RPC: Registered udp transport module.
[    0.083603] RPC: Registered tcp transport module.
[    0.083606] RPC: Registered tcp NFSv4.1 backchannel transport module.
[    0.083612] PCI: CLS 0 bytes, default 64
[    0.084159] hw perfevents: enabled with armv7_cortex_a15 PMU driver, 7 counters available
[    0.084828] workingset: timestamp_bits=30 max_order=19 bucket_order=0
[    0.087776] squashfs: version 4.0 (2009/01/31) Phillip Lougher
[    0.088026] NFS: Registering the id_resolver key type
[    0.088042] Key type id_resolver registered
[    0.088045] Key type id_legacy registered
[    0.088061] ntfs: driver 2.1.32 [Flags: R/O].
[    0.088689] bounce: pool size: 64 pages
[    0.088705] Block layer SCSI generic (bsg) driver version 0.4 loaded (major 248)
[    0.088710] io scheduler noop registered
[    0.088714] io scheduler deadline registered
[    0.088724] io scheduler cfq registered (default)
[    0.088727] io scheduler mq-deadline registered
[    0.088731] io scheduler kyber registered
[    0.089941] tegra-xusb-padctl 7009f000.padctl: failed to setup XUSB ports: -517
[    0.100158] tegra-apbdma 60020000.dma: Tegra20 APB DMA driver register 32 channels
[    0.101005] tegra-pmc 7000e400.pmc: i2c-thermtrip node not found, emergency thermal reset disabled.
[    0.120280] Serial: 8250/16550 driver, 4 ports, IRQ sharing disabled
[    0.121327] console [ttyS0] disabled
[    0.121345] 70006000.serial: ttyS0 at MMIO 0x70006000 (irq = 333, base_baud = 25500000) is a Tegra
[    1.021987] console [ttyS0] enabled
[    1.025758] SuperH (H)SCI(F) driver initialized
[    1.030600] msm_serial: driver initialized
[    1.034757] STMicroelectronics ASC driver initialized
[    1.041761] tegra-hdmi 54280000.hdmi: failed to get HDMI regulator
[    1.048302] tegra-dpaux 545c0000.dpaux: failed to get VDD supply: -517
[    1.055724] panel-simple panel: panel supply power not found, using dummy regulator
[    1.066952] brd: module loaded
[    1.072726] loop: module loaded
[    1.076805] as3722 4-0040: AS3722 with revision 0x1 found
[    1.086813] as3722-sd2: supplied by +5V_SYS
[    1.091221] as3722-sd3: supplied by +5V_SYS
[    1.095560] +1.35V_LP0(sd3): Bringing 0uV into 1350000-1350000uV
[    1.101726] as3722-sd4: supplied by +5V_SYS
[    1.106108] +1.05V_RUN: Bringing 0uV into 1050000-1050000uV
[    1.111839] as3722-sd5: supplied by +5V_SYS
[    1.117436] as3722-ldo0: supplied by +1.35V_LP0(sd2)
[    1.123161] +1.8V_RUN_CAM: Bringing 0uV into 1800000-1800000uV
[    1.129178] as3722-ldo2: supplied by +1.8V_VDDIO
[    1.134798] as3722-ldo3: supplied by +3.3V_SYS
[    1.139245] +1.00V_LP0_VDD_RTC: Bringing 1100000uV into 1000000-1000000uV
[    1.146816] as3722-ldo4: supplied by +3.3V_SYS
[    1.151405] +3.3V_RUN_CAM: Bringing 0uV into 2800000-2800000uV
[    1.157418] as3722-ldo5: supplied by +1.8V_VDDIO
[    1.162186] +1.2V_RUN_CAM_FRONT: Bringing 0uV into 1200000-1200000uV
[    1.168865] +VDDIO_SDMMC3: Bringing 0uV into 1800000-1800000uV
[    1.174882] as3722-ldo7: supplied by +1.8V_VDDIO
[    1.179645] +1.05V_RUN_CAM_REAR: Bringing 0uV into 1050000-1050000uV
[    1.186185] as3722-ldo9: supplied by +5V_SYS
[    1.190751] +2.8V_RUN_TOUCH: Bringing 0uV into 2800000-2800000uV
[    1.196944] as3722-ldo10: supplied by +5V_SYS
[    1.201446] +2.8V_RUN_CAM_AF: Bringing 0uV into 2800000-2800000uV
[    1.207877] +1.8V_RUN_VPP_FUSE: Bringing 0uV into 1800000-1800000uV
[    1.220290] random: fast init done
[    1.226148] m25p80 spi32765.0: w25q32dw (4096 Kbytes)
[    1.232227] libphy: Fixed MDIO Bus: probed
[    1.236725] CAN device driver interface
[    1.240864] bgmac_bcma: Broadcom 47xx GBit MAC driver loaded
[    1.246963] e1000e: Intel(R) PRO/1000 Network Driver - 3.2.6-k
[    1.252779] e1000e: Copyright(c) 1999 - 2015 Intel Corporation.
[    1.258706] igb: Intel(R) Gigabit Ethernet Network Driver - version 5.4.0-k
[    1.265654] igb: Copyright (c) 2007-2014 Intel Corporation.
[    1.272473] pegasus: v0.9.3 (2013/04/25), Pegasus/Pegasus II USB Ethernet driver
[    1.279879] usbcore: registered new interface driver pegasus
[    1.285546] usbcore: registered new interface driver asix
[    1.290941] usbcore: registered new interface driver ax88179_178a
[    1.297036] usbcore: registered new interface driver cdc_ether
[    1.302867] usbcore: registered new interface driver smsc75xx
[    1.308619] usbcore: registered new interface driver smsc95xx
[    1.314365] usbcore: registered new interface driver net1080
[    1.320019] usbcore: registered new interface driver cdc_subset
[    1.325941] usbcore: registered new interface driver zaurus
[    1.331518] usbcore: registered new interface driver cdc_ncm
[    1.337821] ehci_hcd: USB 2.0 'Enhanced' Host Controller (EHCI) Driver
[    1.344339] ehci-pci: EHCI PCI platform driver
[    1.348781] ehci-platform: EHCI generic platform driver
[    1.354065] ehci-orion: EHCI orion driver
[    1.358116] SPEAr-ehci: EHCI SPEAr driver
[    1.362159] ehci-st: EHCI STMicroelectronics driver
[    1.367075] ehci-exynos: EHCI EXYNOS driver
[    1.371297] ehci-atmel: EHCI Atmel driver
[    1.375346] tegra-ehci: Tegra EHCI driver
[    1.379403] ohci_hcd: USB 1.1 'Open' Host Controller (OHCI) Driver
[    1.385575] ohci-pci: OHCI PCI platform driver
[    1.390017] ohci-platform: OHCI generic platform driver
[    1.395297] SPEAr-ohci: OHCI SPEAr driver
[    1.399339] ohci-st: OHCI STMicroelectronics driver
[    1.404254] ohci-atmel: OHCI Atmel driver
[    1.408501] usbcore: registered new interface driver usb-storage
[    1.415278] elan_i2c 1-0015: 1-0015 supply vcc not found, using dummy regulator
[    1.422634] as3722-rtc as3722-rtc: rtc core: registered as3722-rtc as rtc0
[    1.429509] as3722-rtc as3722-rtc: RTC interrupt 372
[    1.436415] tegra_rtc 7000e000.rtc: rtc core: registered 7000e000.rtc as rtc1
[    1.443553] tegra_rtc 7000e000.rtc: Tegra internal Real Time Clock
[    1.449893] i2c /dev entries driver
[    1.455708] lm90 0-004c: 0-004c supply vcc not found, using dummy regulator
[    1.467076] sdhci: Secure Digital Host Controller Interface driver
[    1.473242] sdhci: Copyright(c) Pierre Ossman
[    1.478136] Synopsys Designware Multimedia Card Interface Driver
[    1.484563] sdhci-pltfm: SDHCI platform and OF driver helper
[    1.490482] sdhci-tegra 700b0000.sdhci: allocated mmc-pwrseq
[    1.503531] sdhci-tegra 700b0400.sdhci: Got CD GPIO
[    1.508401] sdhci-tegra 700b0400.sdhci: Got WP GPIO
[    1.527431] mmc0: Unknown controller version (3). You may experience problems.
[    1.534672] mmc0: Invalid maximum block size, assuming 512 bytes
[    1.603411] mmc0: SDHCI controller on 700b0600.sdhci [700b0600.sdhci] using ADMA
[    1.611375] elan_i2c 1-0015: Elan Touchpad: Module ID: 0x002a, Firmware: 0x0005, Sample: 0x0007, IAP: 0x0009
[    1.621254] ledtrig-cpu: registered to indicate activity on CPUs
[    1.621366] input: Elan Touchpad as /devices/soc0/7000c400.i2c/i2c-1/1-0015/input/input0
[    1.635452] usbcore: registered new interface driver usbhid
[    1.641009] usbhid: USB HID core driver
[    1.646300] NET: Registered protocol family 10
[    1.651043] Segment Routing with IPv6
[    1.654723] sit: IPv6, IPv4 and MPLS over IPv4 tunneling driver
[    1.660841] NET: Registered protocol family 17
[    1.662008] mmc0: new high speed MMC card at address 0001
[    1.662249] mmcblk0: mmc0:0001 MMC16G 14.4 GiB 
[    1.662364] mmcblk0boot0: mmc0:0001 MMC16G partition 1 2.00 MiB
[    1.662472] mmcblk0boot1: mmc0:0001 MMC16G partition 2 2.00 MiB
[    1.662571] mmcblk0rpmb: mmc0:0001 MMC16G partition 3 128 KiB
[    1.665424]  mmcblk0: p1 p2 p3 p4 p5 p6 p7 p8 p9 p10 p11 p12
[    1.698359] can: controller area network core (rev 20170425 abi 9)
[    1.704548] NET: Registered protocol family 29
[    1.708980] can: raw protocol (rev 20170425)
[    1.713236] can: broadcast manager protocol (rev 20170425 t)
[    1.718888] can: netlink gateway (rev 20170425) max_hops=1
[    1.724508] Key type dns_resolver registered
[    1.728969] ThumbEE CPU extension supported.
[    1.733228] Registering SWP/SWPB emulation handler
[    1.742707] +3.3V_RUN: supplied by +3.3V_SYS
[    1.747696] +VDD_LED: supplied by +VDD_MUX
[    1.751870] +3.3V_AVDD_HDMI_AP_GATED: supplied by +3.3V_RUN
[    1.757540] +1.8V_RUN_CAM: supplied by +3.3V_RUN
[    1.762180] +VDDIO_SDMMC3: supplied by +3.3V_RUN
[    1.766904] +1.8V_RUN_VPP_FUSE: supplied by +3.3V_RUN
[    1.772156] +5V_VDD_TS_SW: supplied by +5V_SYS
[    1.776948] +5V_USB_HS: supplied by +5V_SYS
[    1.781295] +5V_USB_SS: supplied by +5V_SYS
[    1.786595] +3.3V_PANEL: supplied by +3.3V_RUN
[    1.792005] +3.3V_LP0: supplied by +3.3V_SYS
[    1.797114] +1.05V_RUN_AVDD_HDMI_PLL: supplied by +1.05V_RUN
[    1.803115] +5V_HDMI_CON: supplied by +5V_SYS
[    1.808286]  usb3-0: usb3-0 supply vbus not found, using dummy regulator
[    1.815103]  usb3-1: usb3-1 supply vbus not found, using dummy regulator
[    1.821902] elan_i2c 1-0015: failed to read report data: -121
[    1.831022] tegra-sor 54540000.sor: failed to probe output: -517
[    1.837775] panel-simple panel: panel supply power not found, using dummy regulator
[    1.846141] sdhci-tegra 700b0000.sdhci: allocated mmc-pwrseq
[    1.860013] mmc1: Unknown controller version (3). You may experience problems.
[    1.867276] mmc1: Invalid maximum block size, assuming 512 bytes
[    1.873547] mmc1: Switching to 3.3V signalling voltage failed
[    1.933489] mmc1: SDHCI controller on 700b0000.sdhci [700b0000.sdhci] using ADMA
[    1.941615] sdhci-tegra 700b0400.sdhci: Got CD GPIO
[    1.946519] sdhci-tegra 700b0400.sdhci: Got WP GPIO
[    1.951473] elan_i2c 1-0015: invalid report id data (ff)
[    1.961279] mmc2: Unknown controller version (3). You may experience problems.
[    1.968607] mmc2: Invalid maximum block size, assuming 512 bytes
[    2.007408] mmc1: new high speed SDIO card at address 0001
[    2.033565] mmc2: SDHCI controller on 700b0400.sdhci [700b0400.sdhci] using ADMA
[    2.046763] input: gpio-keys as /devices/soc0/gpio-keys/input/input1
[    2.054600] as3722-rtc as3722-rtc: setting system clock to 2000-01-01 00:00:23 UTC (946684823)
[    2.063584] +3.3V_AVDD_HDMI_AP_GATED: disabling
[    2.068114] +1.05V_RUN: disabling
[    2.071578] +1.8V_RUN_CAM: disabling
[    2.075414] +3.3V_RUN_CAM: disabling
[    2.079149] +1.2V_RUN_CAM_FRONT: disabling
[    2.084381] +1.05V_RUN_CAM_REAR: disabling
[    2.090607] +2.8V_RUN_TOUCH: disabling
[    2.094616] +2.8V_RUN_CAM_AF: disabling
[    2.098612] +1.8V_RUN_VPP_FUSE: disabling
[    2.102782] +VDD_LED: disabling
[    2.105962] +5V_VDD_TS_SW: disabling
[    2.109537] +5V_USB_HS: disabling
[    2.112843] +5V_USB_SS: disabling
[    2.116176] +3.3V_PANEL: disabling
[    2.119579] +1.05V_RUN_AVDD_HDMI_PLL: disabling
[    2.124137] +5V_HDMI_CON: disabling
[    2.128574] EXT4-fs (mmcblk0p3): couldn't mount as ext3 due to feature incompatibilities
[    2.137334] EXT4-fs (mmcblk0p3): couldn't mount as ext2 due to feature incompatibilities
[    2.225309] mmc2: new high speed SDHC card at address 0007
[    2.231429] mmcblk2: mmc2:0007 SD08G 7.42 GiB 
[    2.245921] GPT:Primary header alternate_lba != Alt. header my_lba
[    2.252094] GPT:3014591 != 15564799
[    2.255602] GPT:Primary header thinks Alt. header is not at the end of the disk.
[    2.262981] GPT:3014591 != 15564799
[    2.266464] GPT: Use GNU Parted to correct GPT errors.
[    2.271610]  mmcblk2: p1 p2 p3 p4 p5 p6 p7 p8 p9 p10 p11 p12
[    2.651132] EXT4-fs (mmcblk0p3): recovery complete
[    2.701012] EXT4-fs (mmcblk0p3): mounted filesystem with ordered data mode. Opts: (null)
[    2.709147] VFS: Mounted root (ext4 filesystem) on device 179:3.
[    2.715844] devtmpfs: mounted
[    2.719508] Freeing unused kernel memory: 2048K
bash: cannot set terminal process group (-1): Inappropriate ioctl for device
bash: no job control in this shell
root@(none):/# mount -t sysfs none /sys
root@(none):/# 
root@(none):/# mount -t debugfs none /sys/kernel/debug
root@(none):/# 
root@(none):/# rtcwake -d rtc1 -m mem -s 3
rtcwake: assuming RTC uses UTC ...
rtcwake: wakeup from "mem" using /dev/rtc1 at Thu Jan  1 00:00:28 1970
[    5.844100] PM: Syncing filesystems ... done.
[    5.850222] Freezing user space processes ... (elapsed 0.001 seconds) done.
[    5.858398] OOM killer disabled.
[    5.861617] Freezing remaining freezable tasks ... (elapsed 0.001 seconds) done.
[    5.870284] Suspending console(s) (use no_console_suspend to debug)
[    5.894899] PM: suspend of devices complete after 17.822 msecs
[    5.896332] PM: late suspend of devices complete after 1.424 msecs
[    5.897245] PM: noirq suspend of devices complete after 0.908 msecs
[    5.897247] Disabling non-boot CPUs ...
[    5.943678] IRQ352 no longer affine to CPU1
[    6.033827] IRQ353 no longer affine to CPU2
[    6.123732] IRQ354 no longer affine to CPU3
[    6.174824] Entering suspend state LP1
[    6.174824] Suspended for 2.833 seconds
[    6.174836] Enabling non-boot CPUs ...
[    6.205041] CPU1 is up
[    6.244858] CPU2 is up
[    6.285093] CPU3 is up
[    6.285568] PM: noirq resume of devices complete after 0.470 msecs
[    6.287026] PM: early resume of devices complete after 1.136 msecs
[    6.443646] mmc1: Switching to 3.3V signalling voltage failed
[    6.533369] PM: resume of devices complete after 246.335 msecs
[    6.611396] OOM killer enabled.
[    6.614529] Restarting tasks ... done.
root@(none):/# 
root@(none):/# rtcwake -d rtc1 -m mem -s 3
rtcwake: assuming RTC uses UTC ...
rtcwake: wakeup from "mem" using /dev/rtc1 at Thu Jan  1 00:00:32 1970
[    7.091240] PM: Syncing filesystems ... done.
[    7.096987] Freezing user space processes ... (elapsed 0.001 seconds) done.
[    7.105157] OOM killer disabled.
[    7.108373] Freezing remaining freezable tasks ... (elapsed 0.001 seconds) done.
[    7.116974] Suspending console(s) (use no_console_suspend to debug)
[    7.141393] PM: suspend of devices complete after 17.656 msecs
[    7.142612] PM: late suspend of devices complete after 1.211 msecs
[    7.143713] PM: noirq suspend of devices complete after 1.094 msecs
[    7.143715] Disabling non-boot CPUs ...
[    7.193617] IRQ352 no longer affine to CPU1
[    7.303599] IRQ17 no longer affine to CPU2
[    7.303709] IRQ353 no longer affine to CPU2
[    7.413715] IRQ354 no longer affine to CPU3
[    7.454783] Entering suspend state LP1
[    7.454783] Suspended for 2.720 seconds
[    7.454794] Enabling non-boot CPUs ...
[    7.485020] CPU1 is up
[    7.524851] CPU2 is up
[    7.565067] CPU3 is up
[    7.565523] PM: noirq resume of devices complete after 0.452 msecs
[    7.566900] PM: early resume of devices complete after 1.052 msecs
[    7.723525] mmc1: Switching to 3.3V signalling voltage failed
[    7.815127] PM: resume of devices complete after 248.216 msecs
[    7.897224] OOM killer enabled.
[    7.900353] Restarting tasks ... done.
root@(none):/# 
root@(none):/# rtcwake -d rtc1 -m mem -s 3
rtcwake: assuming RTC uses UTC ...
rtcwake: wakeup from "mem" using /dev/rtc1 at Thu Jan  1 00:00:36 1970
[    8.370931] PM: Syncing filesystems ... done.
[    8.376570] Freezing user space processes ... (elapsed 0.001 seconds) done.
[    8.384724] OOM killer disabled.
[    8.387940] Freezing remaining freezable tasks ... (elapsed 0.001 seconds) done.
[    8.396559] Suspending console(s) (use no_console_suspend to debug)
[    8.421189] PM: suspend of devices complete after 17.873 msecs
[    8.422538] PM: late suspend of devices complete after 1.341 msecs
[    8.423384] PM: noirq suspend of devices complete after 0.841 msecs
[    8.423386] Disabling non-boot CPUs ...
[    8.483591] IRQ352 no longer affine to CPU1
[    8.583732] IRQ353 no longer affine to CPU2
[    8.673640] IRQ354 no longer affine to CPU3
[    8.724686] Entering suspend state LP1
[    8.724686] Suspended for 2.729 seconds
[    8.724697] Enabling non-boot CPUs ...
[    8.754995] CPU1 is up
[    8.794820] CPU2 is up
[    8.835041] CPU3 is up
[    8.835483] PM: noirq resume of devices complete after 0.437 msecs
[    8.836926] PM: early resume of devices complete after 1.140 msecs
[    8.993689] mmc1: Switching to 3.3V signalling voltage failed
[    9.085020] PM: resume of devices complete after 248.085 msecs
[    9.163015] OOM killer enabled.
[    9.166148] Restarting tasks ... done.
root@(none):/# 
root@(none):/# rtcwake -d rtc1 -m mem -s 3
rtcwake: assuming RTC uses UTC ...
rtcwake: wakeup from "mem" using /dev/rtc1 at Thu Jan  1 00:00:40 1970
[    9.640626] PM: Syncing filesystems ... done.
[    9.646273] Freezing user space processes ... (elapsed 0.001 seconds) done.
[    9.654427] OOM killer disabled.
[    9.657643] Freezing remaining freezable tasks ... (elapsed 0.001 seconds) done.
[    9.666260] Suspending console(s) (use no_console_suspend to debug)
[    9.690056] PM: suspend of devices complete after 17.035 msecs
[    9.691463] PM: late suspend of devices complete after 1.399 msecs
[    9.692357] PM: noirq suspend of devices complete after 0.888 msecs
[    9.692359] Disabling non-boot CPUs ...
[    9.994662] Entering suspend state LP1
[    9.994662] Suspended for 2.729 seconds
[    9.994673] Enabling non-boot CPUs ...
[   10.024962] CPU1 is up
[   10.064780] CPU2 is up
[   10.105018] CPU3 is up
[   10.105458] PM: noirq resume of devices complete after 0.435 msecs
[   10.106887] PM: early resume of devices complete after 1.107 msecs
[   10.263706] mmc1: Switching to 3.3V signalling voltage failed
[   10.353509] PM: resume of devices complete after 246.613 msecs
[   10.418940] OOM killer enabled.
[   10.422069] Restarting tasks ... done.
root@(none):/# 
root@(none):/# rtcwake -d rtc1 -m mem -s 3
rtcwake: assuming RTC uses UTC ...
rtcwake: wakeup from "mem" using /dev/rtc1 at Thu Jan  1 00:00:44 1970
[   10.910450] PM: Syncing filesystems ... done.
[   10.916082] Freezing user space processes ... (elapsed 0.001 seconds) done.
[   10.924144] OOM killer disabled.
[   10.927360] Freezing remaining freezable tasks ... (elapsed 0.001 seconds) done.
[   10.935967] Suspending console(s) (use no_console_suspend to debug)
[   10.959732] PM: suspend of devices complete after 17.007 msecs
[   10.961166] PM: late suspend of devices complete after 1.425 msecs
[   10.962069] PM: noirq suspend of devices complete after 0.898 msecs
[   10.962071] Disabling non-boot CPUs ...
[   11.003541] migrate_irqs: 4 callbacks suppressed
[   11.003544] IRQ352 no longer affine to CPU1
[   11.103676] IRQ353 no longer affine to CPU2
[   11.203485] IRQ17 no longer affine to CPU3
[   11.203587] IRQ354 no longer affine to CPU3
[   11.254638] Entering suspend state LP1
[   11.254638] Suspended for 2.739 seconds
[   11.254650] Enabling non-boot CPUs ...
[   11.284927] CPU1 is up
[   11.324766] CPU2 is up
[   11.364970] CPU3 is up
[   11.365418] PM: noirq resume of devices complete after 0.442 msecs
[   11.366750] PM: early resume of devices complete after 1.018 msecs
[   11.523486] mmc1: Switching to 3.3V signalling voltage failed
[   11.615153] PM: resume of devices complete after 248.393 msecs
[   11.701855] OOM killer enabled.
[   11.704988] Restarting tasks ... done.
root@(none):/# 
root@(none):/# rtcwake -d rtc1 -m mem -s 3
rtcwake: assuming RTC uses UTC ...
rtcwake: wakeup from "mem" using /dev/rtc1 at Thu Jan  1 00:00:48 1970
[   12.171131] PM: Syncing filesystems ... done.
[   12.176878] Freezing user space processes ... (elapsed 0.001 seconds) done.
[   12.185044] OOM killer disabled.
[   12.188260] Freezing remaining freezable tasks ... (elapsed 0.001 seconds) done.
[   12.196877] Suspending console(s) (use no_console_suspend to debug)
[   12.220576] PM: suspend of devices complete after 16.937 msecs
[   12.221790] PM: late suspend of devices complete after 1.206 msecs
[   12.222601] PM: noirq suspend of devices complete after 0.807 msecs
[   12.222603] Disabling non-boot CPUs ...
[   12.283515] IRQ352 no longer affine to CPU1
[   12.373643] IRQ353 no longer affine to CPU2
[   12.473556] IRQ354 no longer affine to CPU3
[   12.524591] Entering suspend state LP1
[   12.524591] Suspended for 2.729 seconds
[   12.524602] Enabling non-boot CPUs ...
[   12.554895] CPU1 is up
[   12.594729] CPU2 is up
[   12.634947] CPU3 is up
[   12.635392] PM: noirq resume of devices complete after 0.439 msecs
[   12.636937] PM: early resume of devices complete after 1.227 msecs
[   12.793480] mmc1: Switching to 3.3V signalling voltage failed
[   12.884997] PM: resume of devices complete after 248.050 msecs
[   12.963023] OOM killer enabled.
[   12.966156] Restarting tasks ... done.
root@(none):/# 
root@(none):/# rtcwake -d rtc1 -m mem -s 3
rtcwake: assuming RTC uses UTC ...
rtcwake: wakeup from "mem" using /dev/rtc1 at Thu Jan  1 00:00:52 1970
[   13.440834] PM: Syncing filesystems ... done.
[   13.446285] Freezing user space processes ... (elapsed 0.001 seconds) done.
[   13.454345] OOM killer disabled.
[   13.457561] Freezing remaining freezable tasks ... (elapsed 0.001 seconds) done.
[   13.466174] Suspending console(s) (use no_console_suspend to debug)
[   13.490555] PM: suspend of devices complete after 17.619 msecs
[   13.491765] PM: late suspend of devices complete after 1.202 msecs
[   13.492677] PM: noirq suspend of devices complete after 0.907 msecs
[   13.492679] Disabling non-boot CPUs ...
[   13.533480] IRQ352 no longer affine to CPU1
[   13.633615] IRQ353 no longer affine to CPU2
[   13.723530] IRQ354 no longer affine to CPU3
[   13.774566] Entering suspend state LP1
[   13.774566] Suspended for 2.749 seconds
[   13.774577] Enabling non-boot CPUs ...
[   13.804862] CPU1 is up
[   13.844697] CPU2 is up
[   13.884910] CPU3 is up
[   13.885359] PM: noirq resume of devices complete after 0.444 msecs
[   13.886858] PM: early resume of devices complete after 1.197 msecs
[   14.043401] mmc1: Switching to 3.3V signalling voltage failed
[   14.134903] PM: resume of devices complete after 248.035 msecs
[   14.212925] OOM killer enabled.
[   14.216058] Restarting tasks ... done.
root@(none):/# 
root@(none):/# rtcwake -d rtc1 -m mem -s 3
rtcwake: assuming RTC uses UTC ...
rtcwake: wakeup from "mem" using /dev/rtc1 at Thu Jan  1 00:00:56 1970
[   14.690719] PM: Syncing filesystems ... done.
[   14.696193] Freezing user space processes ... (elapsed 0.001 seconds) done.
[   14.704255] OOM killer disabled.
[   14.707471] Freezing remaining freezable tasks ... (elapsed 0.001 seconds) done.
[   14.716067] Suspending console(s) (use no_console_suspend to debug)
[   14.740759] PM: suspend of devices complete after 17.934 msecs
[   14.742000] PM: late suspend of devices complete after 1.233 msecs
[   14.743080] PM: noirq suspend of devices complete after 1.073 msecs
[   14.743083] Disabling non-boot CPUs ...
[   15.044620] Entering suspend state LP1
[   15.044620] Suspended for 2.729 seconds
[   15.044631] Enabling non-boot CPUs ...
[   15.074848] CPU1 is up
[   15.114722] CPU2 is up
[   15.154891] CPU3 is up
[   15.155349] PM: noirq resume of devices complete after 0.452 msecs
[   15.156828] PM: early resume of devices complete after 1.168 msecs
[   15.313396] mmc1: Switching to 3.3V signalling voltage failed
[   15.405177] PM: resume of devices complete after 248.339 msecs
[   15.470694] OOM killer enabled.
[   15.473827] Restarting tasks ... done.
root@(none):/# 
root@(none):/# rtcwake -d rtc1 -m mem -s 3
rtcwake: assuming RTC uses UTC ...
rtcwake: wakeup from "mem" using /dev/rtc1 at Thu Jan  1 00:01:00 1970
[   15.961055] PM: Syncing filesystems ... done.
[   15.966796] Freezing user space processes ... (elapsed 0.001 seconds) done.
[   15.974964] OOM killer disabled.
[   15.978180] Freezing remaining freezable tasks ... (elapsed 0.001 seconds) done.
[   15.986795] Suspending console(s) (use no_console_suspend to debug)
[   16.011331] PM: suspend of devices complete after 17.773 msecs
[   16.012546] PM: late suspend of devices complete after 1.208 msecs
[   16.013379] PM: noirq suspend of devices complete after 0.829 msecs
[   16.013381] Disabling non-boot CPUs ...
[   16.063371] migrate_irqs: 3 callbacks suppressed
[   16.063374] IRQ17 no longer affine to CPU1
[   16.063430] IRQ352 no longer affine to CPU1
[   16.183559] IRQ353 no longer affine to CPU2
[   16.283473] IRQ354 no longer affine to CPU3
[   16.334515] Entering suspend state LP1
[   16.334515] Suspended for 2.709 seconds
[   16.334526] Enabling non-boot CPUs ...
[   16.364806] CPU1 is up
[   16.404638] CPU2 is up
[   16.444856] CPU3 is up
[   16.445297] PM: noirq resume of devices complete after 0.437 msecs
[   16.446873] PM: early resume of devices complete after 1.264 msecs
[   16.603370] mmc1: Switching to 3.3V signalling voltage failed
[   16.695057] PM: resume of devices complete after 248.174 msecs
[   16.781763] OOM killer enabled.
[   16.784896] Restarting tasks ... done.
root@(none):/# 
root@(none):/# rtcwake -d rtc1 -m mem -s 3
rtcwake: assuming RTC uses UTC ...
rtcwake: wakeup from "mem" using /dev/rtc1 at Thu Jan  1 00:01:04 1970
[   17.250979] PM: Syncing filesystems ... done.
[   17.256609] Freezing user space processes ... (elapsed 0.001 seconds) done.
[   17.264675] OOM killer disabled.
[   17.267891] Freezing remaining freezable tasks ... (elapsed 0.001 seconds) done.
[   17.276504] Suspending console(s) (use no_console_suspend to debug)
[   17.300072] PM: suspend of devices complete after 16.805 msecs
[   17.301282] PM: late suspend of devices complete after 1.202 msecs
[   17.302201] PM: noirq suspend of devices complete after 0.914 msecs
[   17.302203] Disabling non-boot CPUs ...
[   17.353396] IRQ352 no longer affine to CPU1
[   17.443484] IRQ353 no longer affine to CPU2
[   17.543451] IRQ354 no longer affine to CPU3
[   17.594494] Entering suspend state LP1
[   17.594494] Suspended for 2.739 seconds
[   17.594506] Enabling non-boot CPUs ...
[   17.624787] CPU1 is up
[   17.664621] CPU2 is up
[   17.704838] CPU3 is up
[   17.705287] PM: noirq resume of devices complete after 0.444 msecs
[   17.706646] PM: early resume of devices complete after 1.033 msecs
[   17.863250] mmc1: Switching to 3.3V signalling voltage failed
[   17.954956] PM: resume of devices complete after 248.301 msecs
[   18.032976] OOM killer enabled.
[   18.036109] Restarting tasks ... done.
root@(none):/# 
root@(none):/# NVTB SYSTEM SUSPEND TEST COMPLETE
