
U-Boot SPL 2014.01-00219-gc4d376f (Feb 18 2014 - 19:57:32)


U-Boot 2014.01-00219-gc4d376f (Feb 18 2014 - 19:57:32)

TEGRA114
Board: NVIDIA Dalmore
I2C:   ready
DRAM:  2 GiB
MMC:   Tegra SD/MMC: 0, Tegra SD/MMC: 1
In:    serial
Out:   serial
Err:   serial
Net:   Net Initialization Skipped
No ethernet found.
Hit any key to stop autoboot:  2  1  0 
Tegra114 (Dalmore) # 
Tegra114 (Dalmore) # usb reset
(Re)start USB...
USB0:   USB EHCI 1.10
scanning bus 0 for devices... 2 USB Device(s) found
       scanning usb for storage devices... 0 Storage Device(s) found
       scanning usb for ethernet devices... 
Warning: asx0 using MAC address from net device
1 Ethernet Device(s) found
Tegra114 (Dalmore) # setenv bootargs 'ignore_loglevel console=ttyS0,115200n8 rw root=PARTUUID=7369c667-ff51-ec4a-29cd-baabf2fbe346 rootwait gpt debug earlyprintk init=/bin/bash'
Tegra114 (Dalmore) # setenv ipaddr 192.168.100.100; setenv serverip 192.168.100.1; setenv tftpserverip 192.168.100.1
Tegra114 (Dalmore) # tftpboot 0x81000000 zImage.tegra_defconfig
Using asx0 device
TFTP from server 192.168.100.1; our IP address is 192.168.100.100
Filename 'zImage.tegra_defconfig'.
Load address: 0x81000000
Loading: *#################################################################
	 #################################################################
	 #################################################################
	 #################################################################
	 #################################################################
	 ###############################################
	 3.2 MiB/s
done
Bytes transferred = 5450600 (532b68 hex)
Tegra114 (Dalmore) # tftpboot 0x82000000 tegra114-dalmore.dtb
Using asx0 device
TFTP from server 192.168.100.1; our IP address is 192.168.100.100
Filename 'tegra114-dalmore.dtb'.
Load address: 0x82000000
Loading: *###
	 3 MiB/s
done
Bytes transferred = 35044 (88e4 hex)
Tegra114 (Dalmore) # bootz 0x81000000 - 0x82000000
Kernel image @ 0x81000000 [ 0x000000 - 0x532b68 ]
## Flattened Device Tree blob at 82000000
   Booting using the fdt blob at 0x82000000
   Loading Device Tree to 8fff4000, end 8ffff8e3 ... OK

Starting kernel ...

Uncompressing Linux... done, booting the kernel.
[    0.000000] Booting Linux on physical CPU 0x0
[    0.000000] Linux version 4.8.0-next-20161004-126151-gc7d3b91 (pwalmsley@kaivo) (gcc version 4.7.3 20130328 (prerelease) (crosstool-NG linaro-1.13.1-4.7-2013.04-20130415 - Linaro GCC 2013.04) ) #1 SMP PREEMPT Mon Oct 3 21:20:41 PDT 2016
[    0.000000] CPU: ARMv7 Processor [412fc0f2] revision 2 (ARMv7), cr=10c5387d
[    0.000000] CPU: div instructions available: patching division code
[    0.000000] CPU: PIPT / VIPT nonaliasing data cache, PIPT instruction cache
[    0.000000] OF: fdt:Machine model: NVIDIA Tegra114 Dalmore evaluation board
[    0.000000] debug: ignoring loglevel setting.
[    0.000000] bootconsole [earlycon0] enabled
[    0.000000] cma: Reserved 64 MiB at 0xfbc00000
[    0.000000] Memory policy: Data cache writealloc
[    0.000000] On node 0 totalpages: 524032
[    0.000000] free_area_init_node: node 0, pgdat c0d5cb00, node_mem_map eeff7000
[    0.000000]   Normal zone: 1536 pages used for memmap
[    0.000000]   Normal zone: 0 pages reserved
[    0.000000]   Normal zone: 196608 pages, LIFO batch:31
[    0.000000]   HighMem zone: 327424 pages, LIFO batch:31
[    0.000000] percpu: Embedded 14 pages/cpu @eef9a000 s26176 r8192 d22976 u57344
[    0.000000] pcpu-alloc: s26176 r8192 d22976 u57344 alloc=14*4096
[    0.000000] pcpu-alloc: [0] 0 [0] 1 [0] 2 [0] 3 
[    0.000000] Built 1 zonelists in Zone order, mobility grouping on.  Total pages: 522496
[    0.000000] Kernel command line: ignore_loglevel console=ttyS0,115200n8 rw root=PARTUUID=7369c667-ff51-ec4a-29cd-baabf2fbe346 rootwait gpt debug earlyprintk init=/bin/bash
[    0.000000] PID hash table entries: 4096 (order: 2, 16384 bytes)
[    0.000000] Dentry cache hash table entries: 131072 (order: 7, 524288 bytes)
[    0.000000] Inode-cache hash table entries: 65536 (order: 6, 262144 bytes)
[    0.000000] Memory: 1999928K/2096128K available (8192K kernel code, 376K rwdata, 2444K rodata, 1024K init, 370K bss, 30664K reserved, 65536K cma-reserved, 1244160K highmem)
[    0.000000] Virtual kernel memory layout:
[    0.000000]     vector  : 0xffff0000 - 0xffff1000   (   4 kB)
[    0.000000]     fixmap  : 0xffc00000 - 0xfff00000   (3072 kB)
[    0.000000]     vmalloc : 0xf0800000 - 0xff800000   ( 240 MB)
[    0.000000]     lowmem  : 0xc0000000 - 0xf0000000   ( 768 MB)
[    0.000000]     pkmap   : 0xbfe00000 - 0xc0000000   (   2 MB)
[    0.000000]     modules : 0xbf000000 - 0xbfe00000   (  14 MB)
[    0.000000]       .text : 0xc0008000 - 0xc0900000   (9184 kB)
[    0.000000]       .init : 0xc0c00000 - 0xc0d00000   (1024 kB)
[    0.000000]       .data : 0xc0d00000 - 0xc0d5e1a0   ( 377 kB)
[    0.000000]        .bss : 0xc0d60000 - 0xc0dbca90   ( 371 kB)
[    0.000000] Preemptible hierarchical RCU implementation.
[    0.000000] 	Build-time adjustment of leaf fanout to 32.
[    0.000000] NR_IRQS:16 nr_irqs:16 16
[    0.000000] /interrupt-controller@60004000: 160 interrupts forwarded to /interrupt-controller@50041000
[    0.000000] Tegra clk 127: register failed with -17
[    0.000008] sched_clock: 32 bits at 1000kHz, resolution 1000ns, wraps every 2147483647500ns
[    0.007465] clocksource: timer_us: mask: 0xffffffff max_cycles: 0xffffffff, max_idle_ns: 1911260446275 ns
[    0.017082] Switching to timer-based delay loop, resolution 1000ns
[    0.024149] arm_arch_timer: Architected cp15 timer(s) running at 12.00MHz (virt).
[    0.030863] clocksource: arch_sys_counter: mask: 0xffffffffffffff max_cycles: 0x2c47f4ee7, max_idle_ns: 440795202497 ns
[    0.041698] sched_clock: 56 bits at 12MHz, resolution 83ns, wraps every 4398046511096ns
[    0.049752] Switching to timer-based delay loop, resolution 83ns
[    0.056300] Console: colour dummy device 80x30
[    0.060341] Calibrating delay loop (skipped), value calculated using timer frequency.. 24.00 BogoMIPS (lpj=120000)
[    0.070721] pid_max: default: 32768 minimum: 301
[    0.075982] Mount-cache hash table entries: 2048 (order: 1, 8192 bytes)
[    0.082093] Mountpoint-cache hash table entries: 2048 (order: 1, 8192 bytes)
[    0.090674] CPU: Testing write buffer coherency: ok
[    0.094399] /cpus/cpu@0 missing clock-frequency property
[    0.099514] /cpus/cpu@1 missing clock-frequency property
[    0.104909] /cpus/cpu@2 missing clock-frequency property
[    0.110260] /cpus/cpu@3 missing clock-frequency property
[    0.115633] CPU0: thread -1, cpu 0, socket 0, mpidr 80000000
[    0.145716] Setting up static identity map for 0x80100000 - 0x80100098
[    0.166138] Tegra Revision: A01 SKU: 0 CPU Process: 1 SoC Process: 0
[    0.206274] CPU1: thread -1, cpu 1, socket 0, mpidr 80000001
[    0.246321] CPU2: thread -1, cpu 2, socket 0, mpidr 80000002
[    0.286383] CPU3: thread -1, cpu 3, socket 0, mpidr 80000003
[    0.286488] Brought up 4 CPUs
[    0.304794] SMP: Total of 4 processors activated (96.00 BogoMIPS).
[    0.311044] CPU: All CPU(s) started in SVC mode.
[    0.342527] devtmpfs: initialized
[    0.375719] VFP support v0.3: implementor 41 architecture 4 part 30 variant f rev 0
[    0.382184] clocksource: jiffies: mask: 0xffffffff max_cycles: 0xffffffff, max_idle_ns: 19112604462750000 ns
[    0.451692] pinctrl core: initialized pinctrl subsystem
[    0.542223] NET: Registered protocol family 16
[    0.546154] DMA: preallocated 256 KiB pool for atomic coherent allocations
[    0.581848] cpuidle: using governor menu
[    0.635566] No ATAGs?
[    0.635776] hw-breakpoint: found 5 (+1 reserved) breakpoint and 4 watchpoint registers.
[    0.644095] hw-breakpoint: maximum watchpoint size is 8 bytes.
[    0.684544] tegra-mc 70019000.memory-controller: no memory timings for RAM code 3 registered
[    1.056104] dvdd_ts: Failed to request enable GPIO61: -517
[    1.059795] reg-fixed-voltage regulators:regulator@1: Failed to register regulator: -517
[    1.068066] usb1_vbus: Failed to request enable GPIO108: -517
[    1.073720] reg-fixed-voltage regulators:regulator@3: Failed to register regulator: -517
[    1.082010] usb2_vbus: Failed to request enable GPIO86: -517
[    1.087586] reg-fixed-voltage regulators:regulator@4: Failed to register regulator: -517
[    1.096511] VDD_5V0_HDMI_CON: Failed to request enable GPIO81: -517
[    1.102060] reg-fixed-voltage regulators:regulator@7: Failed to register regulator: -517
[    1.112032] vgaarb: loaded
[    1.140819] SCSI subsystem initialized
[    1.143020] libata version 3.00 loaded.
[    1.147320] usbcore: registered new interface driver usbfs
[    1.152420] usbcore: registered new interface driver hub
[    1.157719] usbcore: registered new device driver usb
[    1.167423] tps65090 2-0048: No cache defaults, reading back from HW
[    1.174160] TPS65090_RAILSDCDC1: supplied by vdd_ac_bat
[    1.178372] vdd_hdmi_5v0: supplied by vdd-sys-5v0
[    1.183144] TPS65090_RAILSDCDC2: supplied by vdd_ac_bat
[    1.188964] TPS65090_RAILSDCDC3: supplied by vdd_ac_bat
[    1.193718] TPS65090_RAILSFET1: supplied by vdd_ac_bat
[    1.198736] TPS65090_RAILSFET2: supplied by vdd_ac_bat
[    1.203940] TPS65090_RAILSFET3: supplied by vdd-sys-3v3
[    1.209388] TPS65090_RAILSFET4: supplied by vdd-sys-3v3
[    1.214682] TPS65090_RAILSFET5: supplied by vdd-sys-3v3
[    1.219967] TPS65090_RAILSFET6: supplied by vdd-sys-3v3
[    1.225582] TPS65090_RAILSFET7: supplied by vdd-sys-3v3
[    1.230519] TPS65090_RAILSLDO1: supplied by vdd_ac_bat
[    1.235431] TPS65090_RAILSLDO2: supplied by vdd_ac_bat
[    1.241547] palmas 2-0058: Irq flag is 0x00000004
[    1.247422] palmas 2-0058: Muxing GPIO ff, PWM 0, LED 0
[    1.253871] SMPS12: supplied by vdd-ao
[    1.257765] SMPS3: supplied by vdd-ao
[    1.261696] SMPS457: supplied by vdd-sys-3v3
[    1.267678] SMPS8: supplied by vdd-sys-3v3
[    1.270946] random: fast init done
[    1.274371] SMPS9: supplied by vdd-sys-3v3
[    1.278133] sdhci-vdd-sd-slot: Bringing 2840000uV into 2800000-2800000uV
[    1.285231] sdhci-vdd-sd-slot: ramp_delay not set
[    1.291943] LDO1: supplied by vdd-sys-3v3
[    1.295633] LDO2: supplied by vdd-sys-3v3
[    1.299743] LDO3: supplied by vddio-1v8
[    1.303604] LDO4: supplied by vdd-sys-3v3
[    1.307690] LDO5: supplied by vdd_ac_bat
[    1.311243] LDO6: supplied by vdd-sys-3v3
[    1.314768] vdd-sensor-2v85: Bringing 2900000uV into 2850000-2850000uV
[    1.321584] vdd-sensor-2v85: ramp_delay not set
[    1.326391] LDO7: supplied by vdd-sys-3v3
[    1.331561] LDO8: supplied by vdd-ao
[    1.333862] vdd-rtc: Bringing 675000uV into 900000-900000uV
[    1.339686] vdd-rtc: ramp_delay not set
[    1.353884] LDO9: supplied by sdhci-vdd-sd-slot
[    1.364216] LDOLN: supplied by vdd-sys-5v0
[    1.368012] LDOUSB: supplied by vdd-sys-5v0
[    1.378357] Linux video capture interface: v2.00
[    1.381253] pps_core: LinuxPPS API ver. 1 registered
[    1.386197] pps_core: Software ver. 5.3.6 - Copyright 2005-2007 Rodolfo Giometti <giometti@linux.it>
[    1.395413] PTP clock support registered
[    1.400391] Advanced Linux Sound Architecture Driver Initialized.
[    1.407232] Bluetooth: Core ver 2.22
[    1.409206] NET: Registered protocol family 31
[    1.413668] Bluetooth: HCI device and connection manager initialized
[    1.420075] Bluetooth: HCI socket layer initialized
[    1.425029] Bluetooth: L2CAP socket layer initialized
[    1.430159] Bluetooth: SCO socket layer initialized
[    1.436706] clocksource: Switched to clocksource arch_sys_counter
[    1.806728] NET: Registered protocol family 2
[    2.126734] TCP established hash table entries: 8192 (order: 3, 32768 bytes)
[    2.132042] TCP bind hash table entries: 8192 (order: 4, 65536 bytes)
[    2.138679] TCP: Hash tables configured (established 8192 bind 8192)
[    2.145292] UDP hash table entries: 512 (order: 2, 16384 bytes)
[    2.150903] UDP-Lite hash table entries: 512 (order: 2, 16384 bytes)
[    2.276727] NET: Registered protocol family 1
[    2.396731] RPC: Registered named UNIX socket transport module.
[    2.400822] RPC: Registered udp transport module.
[    2.405587] RPC: Registered tcp transport module.
[    2.410403] RPC: Registered tcp NFSv4.1 backchannel transport module.
[    2.416901] PCI: CLS 0 bytes, default 64
[    2.459051] futex hash table entries: 1024 (order: 4, 65536 bytes)
[    2.464476] workingset: timestamp_bits=30 max_order=19 bucket_order=0
[    3.266727] squashfs: version 4.0 (2009/01/31) Phillip Lougher
[    3.586786] NFS: Registering the id_resolver key type
[    3.590042] Key type id_resolver registered
[    3.594257] Key type id_legacy registered
[    3.602591] bounce: pool size: 64 pages
[    3.604604] io scheduler noop registered (default)
[    3.841517] tegra-apbdma 6000a000.dma: Tegra20 APB DMA driver register 32 channels
[    3.848100] tegra-pmc 7000e400.pmc: i2c-thermtrip node not found, emergency thermal reset disabled.
[    3.857126] Serial: 8250/16550 driver, 4 ports, IRQ sharing disabled
[    3.866743] console [ttyS0] disabled
[    3.868543] 70006300.serial: ttyS0 at MMIO 0x70006300 (irq = 329, base_baud = 25500000) is a Tegra
[    3.877575] console [ttyS0] enabled
[    3.877575] console [ttyS0] enabled
[    3.883839] bootconsole [earlycon0] disabled
[    3.883839] bootconsole [earlycon0] disabled
[    3.895000] [drm] Initialized
[    3.899119] tegra-hdmi 54280000.hdmi: failed to get HDMI regulator
[    3.930248] loop: module loaded
[    3.979179] m25p80 spi32766.0: w25q32dw (4096 Kbytes)
[    3.988194] libphy: Fixed MDIO Bus: probed
[    3.992288] CAN device driver interface
[    3.996215] igb: Intel(R) Gigabit Ethernet Network Driver - version 5.4.0-k
[    4.003212] igb: Copyright (c) 2007-2014 Intel Corporation.
[    4.009171] pegasus: v0.9.3 (2013/04/25), Pegasus/Pegasus II USB Ethernet driver
[    4.016683] usbcore: registered new interface driver pegasus
[    4.022528] usbcore: registered new interface driver asix
[    4.028084] usbcore: registered new interface driver ax88179_178a
[    4.034287] usbcore: registered new interface driver cdc_ether
[    4.040308] usbcore: registered new interface driver smsc75xx
[    4.046210] usbcore: registered new interface driver smsc95xx
[    4.052111] usbcore: registered new interface driver net1080
[    4.057901] usbcore: registered new interface driver cdc_subset
[    4.063929] usbcore: registered new interface driver zaurus
[    4.069723] usbcore: registered new interface driver cdc_ncm
[    4.075829] ehci_hcd: USB 2.0 'Enhanced' Host Controller (EHCI) Driver
[    4.082369] ehci-pci: EHCI PCI platform driver
[    4.086948] tegra-ehci: Tegra EHCI driver
[    4.091842] usbcore: registered new interface driver cdc_acm
[    4.097521] cdc_acm: USB Abstract Control Model driver for USB modems and ISDN adapters
[    4.105636] usbcore: registered new interface driver cdc_wdm
[    4.111488] usbcore: registered new interface driver usb-storage
[    4.118301] mousedev: PS/2 mouse device common for all mice
[    4.129250] palmas-rtc 7000d000.i2c:tps65913@58:rtc: rtc core: registered 7000d000.i2c:tps659 as rtc0
[    4.140337] tegra_rtc 7000e000.rtc: rtc core: registered 7000e000.rtc as rtc1
[    4.147621] tegra_rtc 7000e000.rtc: Tegra internal Real Time Clock
[    4.154180] i2c /dev entries driver
[    4.159312] usbcore: registered new interface driver uvcvideo
[    4.165048] USB Video Class driver (1.1.1)
[    4.169188] gspca_main: v2.14.0 registered
[    4.174328] sbs-battery 0-000b: sbs_probe: Failed to get device status
[    4.180979] sbs-battery: probe of 0-000b failed with error -121
[    4.193418] tegra-wdt 60005000.timer: initialized (heartbeat = 120 sec, nowayout = 0)
[    4.202074] sdhci: Secure Digital Host Controller Interface driver
[    4.208342] sdhci: Copyright(c) Pierre Ossman
[    4.212692] sdhci-pltfm: SDHCI platform and OF driver helper
[    4.218730] sdhci-tegra 78000400.sdhci: Got CD GPIO
[    4.223621] sdhci-tegra 78000400.sdhci: Got WP GPIO
[    4.229675] mmc0: Invalid maximum block size, assuming 512 bytes
[    4.296990] mmc0: SDHCI controller on 78000400.sdhci [78000400.sdhci] using ADMA
[    4.309653] mmc1: Invalid maximum block size, assuming 512 bytes
[    4.386786] mmc1: SDHCI controller on 78000600.sdhci [78000600.sdhci] using ADMA
[    4.404119] usbcore: registered new interface driver usbhid
[    4.411658] usbhid: USB HID core driver
[    4.443289] mmc0: new high speed SDHC card at address aaaa
[    4.449810] mmcblk0: mmc0:aaaa SL16G 14.8 GiB 
[    4.471251]  mmcblk0: p1 p2 p3
[    4.474854] mmc1: new high speed MMC card at address 0001
[    4.481737] mmcblk1: mmc1:0001 SEM32G 29.1 GiB 
[    4.487858] mmcblk1boot0: mmc1:0001 SEM32G partition 1 4.00 MiB
[    4.494210] mmcblk1boot1: mmc1:0001 SEM32G partition 2 4.00 MiB
[    4.500601] mmcblk1rpmb: mmc1:0001 SEM32G partition 3 4.00 MiB
[    4.509541]  mmcblk1: p1 p2 p3 p4 p5 p6 p7 p8
[    4.869861] tegra30-i2s 70080400.i2s: DMA channels sourced from device 70080000.ahub
[    4.887788] tegra-snd-rt5640 sound: rt5640-aif1 <-> 70080400.i2s mapping ok
[    4.900390] input: NVIDIA Tegra Dalmore Headphones as /devices/soc0/sound/sound/card0/input0
[    5.186729] NET: Registered protocol family 10
[    5.346761] mip6: Mobile IPv6
[    5.349729] sit: IPv6, IPv4 and MPLS over IPv4 tunneling driver
[    5.358911] NET: Registered protocol family 17
[    5.363386] NET: Registered protocol family 15
[    5.367845] can: controller area network core (rev 20120528 abi 9)
[    5.406846] NET: Registered protocol family 29
[    5.411286] can: raw protocol (rev 20120528)
[    5.415552] can: broadcast manager protocol (rev 20160617 t)
[    5.421265] can: netlink gateway (rev 20130117) max_hops=1
[    5.466851] Bluetooth: RFCOMM socket layer initialized
[    5.472000] Bluetooth: RFCOMM ver 1.11
[    5.475754] Bluetooth: BNEP (Ethernet Emulation) ver 1.3
[    5.481120] Bluetooth: BNEP socket layer initialized
[    5.486077] Bluetooth: HIDP (Human Interface Emulation) ver 1.2
[    5.492020] Bluetooth: HIDP socket layer initialized
[    5.497309] Key type dns_resolver registered
[    5.502927] Registering SWP/SWPB emulation handler
[    5.525963] usb1_vbus: supplied by vdd-sys-5v0
[    5.531606] usb2_vbus: supplied by vdd-sys-5v0
[    5.538208] VDD_5V0_HDMI_CON: supplied by vdd-sys-5v0
[    5.546378] Unable to handle kernel paging request at virtual address fffffff8
[    5.553664] pgd = c0004000
[    5.556371] [fffffff8] *pgd=afffd861, *pte=00000000, *ppte=00000000
[    5.562777] Internal error: Oops: 37 [#1] PREEMPT SMP ARM
[    5.568179] Modules linked in:
[    5.571251] CPU: 0 PID: 37 Comm: kworker/0:1 Not tainted 4.8.0-next-20161004-126151-gc7d3b91 #1
[    5.579944] Hardware name: NVIDIA Tegra SoC (Flattened Device Tree)
[    5.586219] Workqueue: events deferred_probe_work_func
[    5.591372] task: eea0a280 task.stack: eea32000
[    5.595907] PC is at drm_debugfs_crtc_add+0x8/0x70
[    5.600711] LR is at drm_minor_register+0xa4/0x1b0
[    5.605499] pc : [<c0440b80>]    lr : [<c0428a60>]    psr: a0000013
[    5.605499] sp : eea33d20  ip : ee1a5d14  fp : c0d02100
[    5.616967] r10: 00000001  r9 : 00000000  r8 : 00000000
[    5.622194] r7 : ee1cd800  r6 : ee1cda4c  r5 : ee1a5d00  r4 : fffffff8
[    5.628724] r3 : 00000001  r2 : 00000000  r1 : eea33c70  r0 : fffffff8
[    5.635247] Flags: NzCv  IRQs on  FIQs on  Mode SVC_32  ISA ARM  Segment none
[    5.642382] Control: 10c5387d  Table: 8000406a  DAC: 00000051
[    5.648138] Process kworker/0:1 (pid: 37, stack limit = 0xeea32210)
[    5.654400] Stack: (0xeea33d20 to 0xeea34000)
[    5.658769] 3d20: fffffff8 ee1a5d00 ee1cda4c c0428a60 eea0a280 ee1cd800 00000000 00000000
[    5.666944] 3d40: c0d34794 00000006 00000000 c0428be8 ee1cd800 eeb73200 c0d3467c c0442008
[    5.675118] 3d60: eeb73218 00000000 c0d34794 00000006 eeb73210 c0dabfec 00000000 c0407578
[    5.683298] 3d80: c040755c c045ac3c 00000000 eea33db8 c045af10 00000001 c0dabfc8 c045922c
[    5.691481] 3da0: eeb65f70 eeb50738 eeb73210 eeb73244 c0d33fa0 c045a9c4 eeb73210 00000001
[    5.699665] 3dc0: c0d02100 eeb73210 eeb73210 c0d33fa0 ee959010 c045a0b4 eeb73210 00000000
[    5.707850] 3de0: eeb73218 c0458624 c0d6404c 60000013 c0d02100 c0817664 eeb73200 ee1cdc10
[    5.716023] 3e00: eeb67180 eeb733d8 eeb733b0 eef9f580 eeb73210 c0407744 eefd5538 eeb73594
[    5.724202] 3e20: c0d3400c c0d33f68 ee1cdc10 eeb73410 00000000 c0408058 ee1cdc10 ee965610
[    5.732385] 3e40: 00000000 ee965600 00000000 c044bb4c 00000000 ee968380 ee1cdc10 00000000
[    5.740567] 3e60: ffffffed ee965610 fffffdfb c0d348f8 00000006 c045c20c c045c1bc ee965610
[    5.748752] 3e80: c0dabfec 00000000 c0d348f8 c045ac3c 00000000 eea33ec0 c045af10 00000001
[    5.756926] 3ea0: 00000000 c045922c ee8a1e70 eeb50638 ee965610 ee965644 c0d34de8 c045a9c4
[    5.765098] 3ec0: ee965610 00000001 c0d02100 ee965610 ee965610 c0d34de8 eefa2800 c045a0b4
[    5.773279] 3ee0: ee965610 c0d34d70 c0d34d90 c045a4e8 eea12a00 c0d34d98 eef9f580 c0134890
[    5.781462] 3f00: eef9f580 00000000 eea12a00 eea12a18 00000001 eef9f580 eea12a18 eef9f580
[    5.789646] 3f20: 00000008 c0134ab4 eefa28f5 eea12a00 eef9f598 c0134cc8 00000000 eea190c0
[    5.797830] 3f40: 00000000 eea190c0 00000000 eea12a00 c0134ac4 00000000 00000000 00000000
[    5.806001] 3f60: 00000000 c0139d68 7ffffaff 00000000 ffffffff eea12a00 00000000 00000000
[    5.814181] 3f80: eea33f80 eea33f80 00000000 00000000 eea33f90 eea33f90 eea33fac eea190c0
[    5.822363] 3fa0: c0139c90 00000000 00000000 c0107938 00000000 00000000 00000000 00000000
[    5.830545] 3fc0: 00000000 00000000 00000000 00000000 00000000 00000000 00000000 00000000
[    5.838730] 3fe0: 00000000 00000000 00000000 00000000 00000013 00000000 ffffbffb bfffffff
[    5.846927] [<c0440b80>] (drm_debugfs_crtc_add) from [<c0428a60>] (drm_minor_register+0xa4/0x1b0)
[    5.855807] [<c0428a60>] (drm_minor_register) from [<c0428be8>] (drm_dev_register+0x7c/0xd0)
[    5.864267] [<c0428be8>] (drm_dev_register) from [<c0442008>] (host1x_drm_probe+0x38/0x90)
[    5.872553] [<c0442008>] (host1x_drm_probe) from [<c0407578>] (host1x_device_probe+0x1c/0x28)
[    5.881097] [<c0407578>] (host1x_device_probe) from [<c045ac3c>] (driver_probe_device+0x1f0/0x2a8)
[    5.890074] [<c045ac3c>] (driver_probe_device) from [<c045922c>] (bus_for_each_drv+0x44/0x8c)
[    5.898618] [<c045922c>] (bus_for_each_drv) from [<c045a9c4>] (__device_attach+0x9c/0x100)
[    5.906885] [<c045a9c4>] (__device_attach) from [<c045a0b4>] (bus_probe_device+0x84/0x8c)
[    5.915068] [<c045a0b4>] (bus_probe_device) from [<c0458624>] (device_add+0x380/0x528)
[    5.923003] [<c0458624>] (device_add) from [<c0407744>] (host1x_subdev_register+0xb0/0xd4)
[    5.931287] [<c0407744>] (host1x_subdev_register) from [<c0408058>] (host1x_client_register+0xf4/0x11c)
[    5.940699] [<c0408058>] (host1x_client_register) from [<c044bb4c>] (tegra_hdmi_probe+0x1c8/0x2c8)
[    5.949679] [<c044bb4c>] (tegra_hdmi_probe) from [<c045c20c>] (platform_drv_probe+0x50/0xb0)
[    5.958137] [<c045c20c>] (platform_drv_probe) from [<c045ac3c>] (driver_probe_device+0x1f0/0x2a8)
[    5.967028] [<c045ac3c>] (driver_probe_device) from [<c045922c>] (bus_for_each_drv+0x44/0x8c)
[    5.975550] [<c045922c>] (bus_for_each_drv) from [<c045a9c4>] (__device_attach+0x9c/0x100)
[    5.983828] [<c045a9c4>] (__device_attach) from [<c045a0b4>] (bus_probe_device+0x84/0x8c)
[    5.992024] [<c045a0b4>] (bus_probe_device) from [<c045a4e8>] (deferred_probe_work_func+0x60/0x8c)
[    6.001002] [<c045a4e8>] (deferred_probe_work_func) from [<c0134890>] (process_one_work+0x120/0x31c)
[    6.010151] [<c0134890>] (process_one_work) from [<c0134ab4>] (process_scheduled_works+0x28/0x38)
[    6.019043] [<c0134ab4>] (process_scheduled_works) from [<c0134cc8>] (worker_thread+0x204/0x4b4)
[    6.027847] [<c0134cc8>] (worker_thread) from [<c0139d68>] (kthread+0xd8/0xf4)
[    6.035068] [<c0139d68>] (kthread) from [<c0107938>] (ret_from_fork+0x14/0x3c)
[    6.042297] Code: e584334c e8bd8010 e92d4070 e1a04000 (e5943000) 
[    6.048520] ---[ end trace b76cd3785b81e186 ]---
[    6.053189] Unable to handle kernel paging request at virtual address ffffffec
[    6.060409] pgd = c0004000
[    6.063115] [ffffffec] *pgd=afffd861, *pte=00000000, *ppte=00000000
[    6.069409] Internal error: Oops: 37 [#2] PREEMPT SMP ARM
[    6.074800] Modules linked in:
[    6.077865] CPU: 0 PID: 37 Comm: kworker/0:1 Tainted: G      D         4.8.0-next-20161004-126151-gc7d3b91 #1
[    6.087761] Hardware name: NVIDIA Tegra SoC (Flattened Device Tree)
[    6.094031] task: eea0a280 task.stack: eea32000
[    6.098560] PC is at kthread_data+0x4/0xc
[    6.102566] LR is at wq_worker_sleeping+0x8/0xc8
[    6.107178] pc : [<c013a35c>]    lr : [<c0135930>]    psr: 20000193
[    6.107178] sp : eea33ae0  ip : eef9ff28  fp : eea33b2c
[    6.118635] r10: c0d02e08  r9 : c0d62040  r8 : c0c59a00
[    6.123850] r7 : eea0a6c8  r6 : eea0a6c0  r5 : eea0a280  r4 : eef9fa00
[    6.130366] r3 : 00000000  r2 : 00000000  r1 : eea0a280  r0 : eea0a280
[    6.136885] Flags: nzCv  IRQs off  FIQs on  Mode SVC_32  ISA ARM  Segment none
[    6.144095] Control: 10c5387d  Table: 8000406a  DAC: 00000051
[    6.149832] Process kworker/0:1 (pid: 37, stack limit = 0xeea32210)
[    6.156088] Stack: (0xeea33ae0 to 0xeea34000)
[    6.160442] 3ae0: 00000020 c0814be8 635688c0 d84156c5 635688c0 d84156c5 745d1746 c01420e4
[    6.168609] 3b00: eea1ca80 00000008 00000000 eea3375c ee85b3c0 eea0a640 eea33b38 0000000b
[    6.176776] 3b20: 00000001 00000001 eea33b34 c01420e4 eea0a280 c0122e64 eea33b38 eea33b38
[    6.184943] 3b40: 00000001 c0d602c4 eea33cd0 c0d07638 60000113 0000000b 00000001 c0440b82
[    6.193109] 3b60: c0440b84 c010ac8c eea32210 0000000b 00000002 c0d07638 bf000000 00000008
[    6.201275] 3b80: 65a33cd0 33343835 20633433 64623865 30313038 32396520 37303464 31652030
[    6.209441] 3ba0: 30343061 28203030 34393565 30303033 a0002029 c01b1e74 000001ff fffffff8
[    6.217606] 3bc0: 00000037 00000000 eea33cd0 fffffff8 eea32000 00000001 c0d02100 c011a00c
[    6.225771] 3be0: 00000037 c01157c0 d84156c5 c01f3b10 00000000 ee580238 00000000 ee808f00
[    6.233937] 3c00: a0000013 024000c0 c02150e0 00000037 c01154cc fffffff8 c0d07f14 eea33cd0
[    6.242104] 3c20: eea32000 00000001 c0d02100 c010128c 00000002 ee581710 19a1477f c0216748
[    6.250270] 3c40: 00000000 00000000 00000001 ee5801e8 00008124 c09528b0 c09188a0 ee1d0040
[    6.258435] 3c60: ee580508 ee1cd800 ee1a5d1c eea33c80 c0d6404c 60000013 00000002 c0817664
[    6.266601] 3c80: 00000001 eea33c80 ee580508 ee1d0040 c0d34794 ee1a5d00 00000002 c04408b8
[    6.274767] 3ca0: c09528b0 00000000 ee1a5d14 c0d34774 00000000 ee1a5d00 c0440b80 a0000013
[    6.282932] 3cc0: ffffffff eea33d04 00000000 c010b338 fffffff8 eea33c70 00000000 00000001
[    6.291098] 3ce0: fffffff8 ee1a5d00 ee1cda4c ee1cd800 00000000 00000000 00000001 c0d02100
[    6.299263] 3d00: ee1a5d14 eea33d20 c0428a60 c0440b80 a0000013 ffffffff 00000051 00000000
[    6.307430] 3d20: fffffff8 ee1a5d00 ee1cda4c c0428a60 eea0a280 ee1cd800 00000000 00000000
[    6.315596] 3d40: c0d34794 00000006 00000000 c0428be8 ee1cd800 eeb73200 c0d3467c c0442008
[    6.323761] 3d60: eeb73218 00000000 c0d34794 00000006 eeb73210 c0dabfec 00000000 c0407578
[    6.331927] 3d80: c040755c c045ac3c 00000000 eea33db8 c045af10 00000001 c0dabfc8 c045922c
[    6.340093] 3da0: eeb65f70 eeb50738 eeb73210 eeb73244 c0d33fa0 c045a9c4 eeb73210 00000001
[    6.348258] 3dc0: c0d02100 eeb73210 eeb73210 c0d33fa0 ee959010 c045a0b4 eeb73210 00000000
[    6.356424] 3de0: eeb73218 c0458624 c0d6404c 60000013 c0d02100 c0817664 eeb73200 ee1cdc10
[    6.364590] 3e00: eeb67180 eeb733d8 eeb733b0 eef9f580 eeb73210 c0407744 eefd5538 eeb73594
[    6.372756] 3e20: c0d3400c c0d33f68 ee1cdc10 eeb73410 00000000 c0408058 ee1cdc10 ee965610
[    6.380923] 3e40: 00000000 ee965600 00000000 c044bb4c 00000000 ee968380 ee1cdc10 00000000
[    6.389088] 3e60: ffffffed ee965610 fffffdfb c0d348f8 00000006 c045c20c c045c1bc ee965610
[    6.397255] 3e80: c0dabfec 00000000 c0d348f8 c045ac3c 00000000 eea33ec0 c045af10 00000001
[    6.405421] 3ea0: 00000000 c045922c ee8a1e70 eeb50638 ee965610 ee965644 c0d34de8 c045a9c4
[    6.413586] 3ec0: ee965610 00000001 c0d02100 ee965610 ee965610 c0d34de8 eefa2800 c045a0b4
[    6.421752] 3ee0: ee965610 c0d34d70 c0d34d90 c045a4e8 eea12a00 c0d34d98 eef9f580 c0134890
[    6.429918] 3f00: eef9f580 00000000 eea12a00 eea12a18 00000001 eef9f580 eea12a18 eef9f580
[    6.438084] 3f20: 00000008 c0134ab4 eefa28f5 eea12a00 eef9f598 c0134cc8 00000000 eea190c0
[    6.446249] 3f40: 00000000 eea190c0 00000000 eea12a00 c0134ac4 00000000 00000000 00000000
[    6.454414] 3f60: 00000000 c0139d68 7ffffaff 00000000 ffffffff eea12a00 00000000 00000000
[    6.462580] 3f80: eea33f80 eea33f80 00000001 00010001 eea33f90 eea33f90 eea33fac eea190c0
[    6.470746] 3fa0: c0139c90 00000000 00000000 c0107938 00000000 00000000 00000000 00000000
[    6.478911] 3fc0: 00000000 00000000 00000000 00000000 00000000 00000000 00000000 00000000
[    6.487076] 3fe0: 00000000 00000000 00000000 00000000 00000013 00000000 ffffbffb bfffffff
[    6.495249] [<c013a35c>] (kthread_data) from [<c0135930>] (wq_worker_sleeping+0x8/0xc8)
[    6.503249] [<c0135930>] (wq_worker_sleeping) from [<c0814be8>] (__schedule+0x37c/0x60c)
[    6.511334] [<c0814be8>] (__schedule) from [<c01420e4>] (do_task_dead+0x8c/0x90)
[    6.518724] [<c01420e4>] (do_task_dead) from [<c0122e64>] (do_exit+0x688/0xa04)
[    6.526028] [<c0122e64>] (do_exit) from [<c010ac8c>] (die+0x43c/0x484)
[    6.532555] [<c010ac8c>] (die) from [<c011a00c>] (__do_kernel_fault.part.0+0x54/0x1e4)
[    6.540466] [<c011a00c>] (__do_kernel_fault.part.0) from [<c01157c0>] (do_page_fault+0x2f4/0x380)
[    6.549328] [<c01157c0>] (do_page_fault) from [<c010128c>] (do_DataAbort+0x34/0xb8)
[    6.556975] [<c010128c>] (do_DataAbort) from [<c010b338>] (__dabt_svc+0x58/0x80)
[    6.564356] Exception stack(0xeea33cd0 to 0xeea33d18)
[    6.569399] 3cc0:                                     fffffff8 eea33c70 00000000 00000001
[    6.577565] 3ce0: fffffff8 ee1a5d00 ee1cda4c ee1cd800 00000000 00000000 00000001 c0d02100
[    6.585730] 3d00: ee1a5d14 eea33d20 c0428a60 c0440b80 a0000013 ffffffff
[    6.592341] [<c010b338>] (__dabt_svc) from [<c0440b80>] (drm_debugfs_crtc_add+0x8/0x70)
[    6.600342] [<c0440b80>] (drm_debugfs_crtc_add) from [<c0428a60>] (drm_minor_register+0xa4/0x1b0)
[    6.609209] [<c0428a60>] (drm_minor_register) from [<c0428be8>] (drm_dev_register+0x7c/0xd0)
[    6.617641] [<c0428be8>] (drm_dev_register) from [<c0442008>] (host1x_drm_probe+0x38/0x90)
[    6.625899] [<c0442008>] (host1x_drm_probe) from [<c0407578>] (host1x_device_probe+0x1c/0x28)
[    6.634419] [<c0407578>] (host1x_device_probe) from [<c045ac3c>] (driver_probe_device+0x1f0/0x2a8)
[    6.643369] [<c045ac3c>] (driver_probe_device) from [<c045922c>] (bus_for_each_drv+0x44/0x8c)
[    6.651885] [<c045922c>] (bus_for_each_drv) from [<c045a9c4>] (__device_attach+0x9c/0x100)
[    6.660141] [<c045a9c4>] (__device_attach) from [<c045a0b4>] (bus_probe_device+0x84/0x8c)
[    6.668310] [<c045a0b4>] (bus_probe_device) from [<c0458624>] (device_add+0x380/0x528)
[    6.676217] [<c0458624>] (device_add) from [<c0407744>] (host1x_subdev_register+0xb0/0xd4)
[    6.684474] [<c0407744>] (host1x_subdev_register) from [<c0408058>] (host1x_client_register+0xf4/0x11c)
[    6.693857] [<c0408058>] (host1x_client_register) from [<c044bb4c>] (tegra_hdmi_probe+0x1c8/0x2c8)
[    6.702808] [<c044bb4c>] (tegra_hdmi_probe) from [<c045c20c>] (platform_drv_probe+0x50/0xb0)
[    6.711239] [<c045c20c>] (platform_drv_probe) from [<c045ac3c>] (driver_probe_device+0x1f0/0x2a8)
[    6.720101] [<c045ac3c>] (driver_probe_device) from [<c045922c>] (bus_for_each_drv+0x44/0x8c)
[    6.728616] [<c045922c>] (bus_for_each_drv) from [<c045a9c4>] (__device_attach+0x9c/0x100)
[    6.736871] [<c045a9c4>] (__device_attach) from [<c045a0b4>] (bus_probe_device+0x84/0x8c)
[    6.745040] [<c045a0b4>] (bus_probe_device) from [<c045a4e8>] (deferred_probe_work_func+0x60/0x8c)
[    6.753988] [<c045a4e8>] (deferred_probe_work_func) from [<c0134890>] (process_one_work+0x120/0x31c)
[    6.763111] [<c0134890>] (process_one_work) from [<c0134ab4>] (process_scheduled_works+0x28/0x38)
[    6.771973] [<c0134ab4>] (process_scheduled_works) from [<c0134cc8>] (worker_thread+0x204/0x4b4)
[    6.780747] [<c0134cc8>] (worker_thread) from [<c0139d68>] (kthread+0xd8/0xf4)
[    6.787963] [<c0139d68>] (kthread) from [<c0107938>] (ret_from_fork+0x14/0x3c)
[    6.795177] Code: c01399f8 c0a8a84c c0d60f94 e5903418 (e5130014) 
[    6.801264] ---[ end trace b76cd3785b81e187 ]---
[    6.805874] Fixing recursive fault but reboot is needed!
