
U-Boot SPL 2016.05-rc2 (Apr 21 2016 - 16:23:00)
Trying to boot from RAM


U-Boot 2016.05-rc2 (Apr 21 2016 - 16:23:00 -0700)

TEGRA124
Model: NVIDIA Jetson TK1
Board: NVIDIA Jetson TK1
DRAM:  2 GiB
MC:   Tegra SD/MMC: 0, Tegra SD/MMC: 1
In:    serial
Out:   serial
Err:   serial
Net:   No ethernet found.
Hit any key to stop autoboot:  2  0 
Tegra124 (Jetson TK1) # 
Tegra124 (Jetson TK1) # pci enum
Tegra124 (Jetson TK1) # setenv bootargs 'ignore_loglevel console=ttyS0,115200n8 rw root=PARTUUID=b1791faa-84e8-4e27-83a1-9fb0a77e8803 rootwait gpt debug noinitrd earlyprintk init=/bin/bash'
Tegra124 (Jetson TK1) # setenv ipaddr 192.168.100.102; setenv serverip 192.168.100.1; setenv tftpserverip 192.168.100.1
Tegra124 (Jetson TK1) # tftpboot 0x82000000 zImage.tegra_defconfig

Warning: eth_rtl8169 using MAC address from ROM
Using eth_rtl8169 device
TFTP from server 192.168.100.1; our IP address is 192.168.100.102
Filename 'zImage.tegra_defconfig'.
Load address: 0x82000000
Loading: *#################################################################
	 #################################################################
	 #################################################################
	 #################################################################
	 #################################################################
	 #################################################################
	 #######################################
	 3.9 MiB/s
done
Bytes transferred = 6287896 (5ff218 hex)
Tegra124 (Jetson TK1) # tftpboot 0x83000000 tegra124-jetson-tk1.dtb
Using eth_rtl8169 device
TFTP from server 192.168.100.1; our IP address is 192.168.100.102
Filename 'tegra124-jetson-tk1.dtb'.
Load address: 0x83000000
Loading: *#####
	 3.8 MiB/s
done
Bytes transferred = 67173 (10665 hex)
Tegra124 (Jetson TK1) # bootz 0x82000000 - 0x83000000
Kernel image @ 0x82000000 [ 0x000000 - 0x5ff218 ]
## Flattened Device Tree blob at 83000000
   Booting using the fdt blob at 0x83000000
   Using Device Tree in place at 83000000, end 83013664

Starting kernel ...

Uncompressing Linux... done, booting the kernel.
[    0.000000] Booting Linux on physical CPU 0x0
[    0.000000] Linux version 4.13.0-rc7-next-20170831-198124-ge8b6843 (jonathanh@kaivo) (gcc version 4.7.3 20130328 (prerelease) (crosstool-NG linaro-1.13.1-4.7-2013.04-20130415 - Linaro GCC 2013.04)) #1 SMP PREEMPT Thu Aug 31 02:21:11 PDT 2017
[    0.000000] CPU: ARMv7 Processor [413fc0f3] revision 3 (ARMv7), cr=10c5387d
[    0.000000] CPU: div instructions available: patching division code
[    0.000000] CPU: PIPT / VIPT nonaliasing data cache, PIPT instruction cache
[    0.000000] OF: fdt: Machine model: NVIDIA Tegra124 Jetson TK1
[    0.000000] debug: ignoring loglevel setting.
[    0.000000] bootconsole [earlycon0] enabled
[    0.000000] Memory policy: Data cache writealloc
[    0.000000] cma: Reserved 64 MiB at 0xfbc00000
[    0.000000] On node 0 totalpages: 524032
[    0.000000] free_area_init_node: node 0, pgdat c0fb8040, node_mem_map eeff7000
[    0.000000]   Normal zone: 1536 pages used for memmap
[    0.000000]   Normal zone: 0 pages reserved
[    0.000000]   Normal zone: 196608 pages, LIFO batch:31
[    0.000000]   HighMem zone: 327424 pages, LIFO batch:31
[    0.000000] random: fast init done
[    0.000000] percpu: Embedded 17 pages/cpu @eef81000 s39680 r8192 d21760 u69632
[    0.000000] pcpu-alloc: s39680 r8192 d21760 u69632 alloc=17*4096
[    0.000000] pcpu-alloc: [0] 0 [0] 1 [0] 2 [0] 3 
[    0.000000] Built 1 zonelists, mobility grouping on.  Total pages: 522496
[    0.000000] Kernel command line: ignore_loglevel console=ttyS0,115200n8 rw root=PARTUUID=b1791faa-84e8-4e27-83a1-9fb0a77e8803 rootwait gpt debug noinitrd earlyprintk init=/bin/bash
[    0.000000] PID hash table entries: 4096 (order: 2, 16384 bytes)
[    0.000000] Dentry cache hash table entries: 131072 (order: 7, 524288 bytes)
[    0.000000] Inode-cache hash table entries: 65536 (order: 6, 262144 bytes)
[    0.000000] Memory: 1997376K/2096128K available (9216K kernel code, 780K rwdata, 2796K rodata, 1024K init, 300K bss, 33216K reserved, 65536K cma-reserved, 1244160K highmem)
[    0.000000] Virtual kernel memory layout:
[    0.000000]     vector  : 0xffff0000 - 0xffff1000   (   4 kB)
[    0.000000]     fixmap  : 0xffc00000 - 0xfff00000   (3072 kB)
[    0.000000]     vmalloc : 0xf0800000 - 0xff800000   ( 240 MB)
[    0.000000]     lowmem  : 0xc0000000 - 0xf0000000   ( 768 MB)
[    0.000000]     pkmap   : 0xbfe00000 - 0xc0000000   (   2 MB)
[    0.000000]     modules : 0xbf000000 - 0xbfe00000   (  14 MB)
[    0.000000]       .text : 0xc0008000 - 0xc0a00000   (10208 kB)
[    0.000000]       .init : 0xc0e00000 - 0xc0f00000   (1024 kB)
[    0.000000]       .data : 0xc0f00000 - 0xc0fc3008   ( 781 kB)
[    0.000000]        .bss : 0xc0fcd52c - 0xc10186bc   ( 301 kB)
[    0.000000] Preemptible hierarchical RCU implementation.
[    0.000000] 	Tasks RCU enabled.
[    0.000000] NR_IRQS: 16, nr_irqs: 16, preallocated irqs: 16
[    0.000000] /interrupt-controller@60004000: 160 interrupts forwarded to /interrupt-controller@50041000
[    0.000000] Tegra clk 127: register failed with -17
[    0.000008] sched_clock: 32 bits at 1000kHz, resolution 1000ns, wraps every 2147483647500ns
[    0.007535] clocksource: timer_us: mask: 0xffffffff max_cycles: 0xffffffff, max_idle_ns: 1911260446275 ns
[    0.017149] Switching to timer-based delay loop, resolution 1000ns
[    0.024487] arch_timer: cp15 timer(s) running at 12.00MHz (virt).
[    0.029547] clocksource: arch_sys_counter: mask: 0xffffffffffffff max_cycles: 0x2c47f4ee7, max_idle_ns: 440795202497 ns
[    0.040380] sched_clock: 56 bits at 12MHz, resolution 83ns, wraps every 4398046511096ns
[    0.048435] Switching to timer-based delay loop, resolution 83ns
[    0.054972] Console: colour dummy device 80x30
[    0.059024] Calibrating delay loop (skipped), value calculated using timer frequency.. 24.00 BogoMIPS (lpj=120000)
[    0.069421] pid_max: default: 32768 minimum: 301
[    0.074705] Mount-cache hash table entries: 2048 (order: 1, 8192 bytes)
[    0.080779] Mountpoint-cache hash table entries: 2048 (order: 1, 8192 bytes)
[    0.088734] CPU: Testing write buffer coherency: ok
[    0.093108] /cpus/cpu@0 missing clock-frequency property
[    0.098212] /cpus/cpu@1 missing clock-frequency property
[    0.103608] /cpus/cpu@2 missing clock-frequency property
[    0.108959] /cpus/cpu@3 missing clock-frequency property
[    0.114316] CPU0: thread -1, cpu 0, socket 0, mpidr 80000000
[    0.154433] Setting up static identity map for 0x80100000 - 0x801000a0
[    0.159265] Hierarchical SRCU implementation.
[    0.175005] Tegra Revision: A01 SKU: 129 CPU Process: 1 SoC Process: 1
[    0.180738] smp: Bringing up secondary CPUs ...
[    0.245161] CPU1: thread -1, cpu 1, socket 0, mpidr 80000001
[    0.325326] CPU2: thread -1, cpu 2, socket 0, mpidr 80000002
[    0.405487] CPU3: thread -1, cpu 3, socket 0, mpidr 80000003
[    0.415056] smp: Brought up 1 node, 4 CPUs
[    0.434490] SMP: Total of 4 processors activated (96.00 BogoMIPS).
[    0.440773] CPU: All CPU(s) started in SVC mode.
[    0.447333] devtmpfs: initialized
[    0.467705] VFP support v0.3: implementor 41 architecture 4 part 30 variant f rev 0
[    0.473940] clocksource: jiffies: mask: 0xffffffff max_cycles: 0xffffffff, max_idle_ns: 19112604462750000 ns
[    0.483456] futex hash table entries: 1024 (order: 4, 65536 bytes)
[    0.491076] pinctrl core: initialized pinctrl subsystem
[    0.496193] NET: Registered protocol family 16
[    0.500941] DMA: preallocated 256 KiB pool for atomic coherent allocations
[    0.507717] cpuidle: using governor menu
[    0.533856] No ATAGs?
[    0.533982] hw-breakpoint: found 5 (+1 reserved) breakpoint and 4 watchpoint registers.
[    0.542535] hw-breakpoint: maximum watchpoint size is 8 bytes.
[    0.550296] iommu: Adding device reg-dummy to group 0
[    0.553606] iommu: Adding device 1003000.pcie to group 1
[    0.558937] Unable to handle kernel NULL pointer dereference at virtual address 00000020
[    0.567081] pgd = c0004000
[    0.569814] [00000020] *pgd=00000000
[    0.573460] Internal error: Oops: 5 [#1] PREEMPT SMP ARM
[    0.578828] Modules linked in:
[    0.581952] CPU: 0 PID: 1 Comm: swapper/0 Not tainted 4.13.0-rc7-next-20170831-198124-ge8b6843 #1
[    0.590875] Hardware name: NVIDIA Tegra SoC (Flattened Device Tree)
[    0.597202] task: ee891740 task.stack: ee8a6000
[    0.601805] PC is at sysfs_add_link_to_group+0x8/0x48
[    0.606915] LR is at iommu_device_link+0x3c/0x9c
[    0.611589] pc : [<c02a9ab4>]    lr : [<c048bff4>]    psr: 60000013
[    0.617915] sp : ee8a7d40  ip : ee8a7d70  fp : eeaa6210
[    0.623201] r10: 00000000  r9 : eea8f410  r8 : 00000060
[    0.628488] r7 : eea1ac18  r6 : eefc8188  r5 : eea1ac10  r4 : eea1ac18
[    0.635075] r3 : eea31c40  r2 : eea1ac18  r1 : c0bed494  r0 : 00000008
[    0.641663] Flags: nZCv  IRQs on  FIQs on  Mode SVC_32  ISA ARM  Segment none
[    0.648855] Control: 10c5387d  Table: 8000406a  DAC: 00000051
[    0.654662] Process swapper/0 (pid: 1, stack limit = 0xee8a6210)
[    0.660729] Stack: (0xee8a7d40 to 0xee8a8000)
[    0.665154] 7d40: eeaa6bd0 eea1ac10 eefc8188 c048bff4 eeaaa710 00000001 ee8a7d70 eefc8188
[    0.673386] 7d60: eea1ac10 c048e1d0 ee8a7d70 c043ca8c eefe6f58 00000001 00000006 c043d208
[    0.681620] 7d80: eeaaa5c0 c043d390 c048a798 a0000013 eeaaa540 c0238a14 000000a5 c048a798
[    0.689853] 7da0: eea36538 ee8a7de0 eea36634 00000000 c051b4f0 eea8f410 00000000 eea1ac10
[    0.698086] 7dc0: c0a590e4 c048997c 00000000 c04899a8 00000000 00000000 ee8a7dfc c051b694
[    0.706319] 7de0: ee8c955c eea36534 c0f69508 00000000 eeaaa540 c048a7ec 60000013 c0a590e4
[    0.714552] 7e00: 00000001 eeaa6b90 30000020 2800003f eea8f410 c048f154 ee8a7e24 eea8f410
[    0.722786] 7e20: eefe808c eeaaa710 eefe71b4 00000013 00000000 c06d8958 00000000 00000000
[    0.731018] 7e40: 00000000 00000001 eea93468 eeaa6268 eea8f400 00000003 00000003 37131f00
[    0.739252] 7e60: 00000000 ffffffed eea8f410 fffffdfb c0f8e55c 00000000 00000000 c0f8e55c
[    0.747485] 7e80: 00000000 c051e8d0 c051e880 eea8f410 c100a200 c100a204 00000000 c051cfe0
[    0.755719] 7ea0: eea8f410 c0f8e55c eea8f444 00000000 00000111 c0e6a83c c0e005a4 c051d138
[    0.763952] 7ec0: 00000000 c0f8e55c c051d08c c051b694 ee8c955c eea926b4 c0f8e55c eeaa6280
[    0.772185] 7ee0: c0f69508 c051c538 c0c497f4 c0f8e55c 00000003 c0f8e55c 00000003 c06d8640
[    0.780419] 7f00: 00000000 c051dcb0 c051e528 c0e82824 00000003 c0101b8c 00000000 c0cba348
[    0.788653] 7f20: 00000100 efffcc05 c0cba348 00000111 efffcc13 c013e41c c0cb8df4 00000000
[    0.796885] 7f40: 00000003 00000003 efffcc05 efffcc0a c0f0dcd0 efffcb80 00000003 c0e6a820
[    0.805119] 7f60: c0e82824 00000003 c0e6a824 c0fcd540 00000111 c0e00da8 00000003 00000003
[    0.813352] 7f80: 00000000 c0e005a4 00000000 c0972f38 00000000 00000000 00000000 00000000
[    0.821585] 7fa0: 00000000 c0972f40 00000000 c0107ce0 00000000 00000000 00000000 00000000
[    0.829818] 7fc0: 00000000 00000000 00000000 00000000 00000000 00000000 00000000 00000000
[    0.838052] 7fe0: 00000000 00000000 00000000 00000000 00000013 00000000 ffffffff ffffffff
[    0.846296] [<c02a9ab4>] (sysfs_add_link_to_group) from [<c048bff4>] (iommu_device_link+0x3c/0x9c)
[    0.855306] [<c048bff4>] (iommu_device_link) from [<c048e1d0>] (tegra_smmu_add_device+0x9c/0xa8)
[    0.864143] [<c048e1d0>] (tegra_smmu_add_device) from [<c04899a8>] (add_iommu_group+0x2c/0x58)
[    0.872809] [<c04899a8>] (add_iommu_group) from [<c051b694>] (bus_for_each_dev+0x54/0x88)
[    0.881042] [<c051b694>] (bus_for_each_dev) from [<c048a7ec>] (bus_set_iommu+0x94/0xd8)
[    0.889101] [<c048a7ec>] (bus_set_iommu) from [<c048f154>] (tegra_smmu_probe+0x17c/0x264)
[    0.897338] [<c048f154>] (tegra_smmu_probe) from [<c06d8958>] (tegra_mc_probe+0x308/0x51c)
[    0.905659] [<c06d8958>] (tegra_mc_probe) from [<c051e8d0>] (platform_drv_probe+0x50/0xb0)
[    0.913977] [<c051e8d0>] (platform_drv_probe) from [<c051cfe0>] (driver_probe_device+0x238/0x2e4)
[    0.922903] [<c051cfe0>] (driver_probe_device) from [<c051d138>] (__driver_attach+0xac/0xb0)
[    0.931394] [<c051d138>] (__driver_attach) from [<c051b694>] (bus_for_each_dev+0x54/0x88)
[    0.939629] [<c051b694>] (bus_for_each_dev) from [<c051c538>] (bus_add_driver+0xec/0x1f8)
[    0.947863] [<c051c538>] (bus_add_driver) from [<c051dcb0>] (driver_register+0x78/0xf4)
[    0.955923] [<c051dcb0>] (driver_register) from [<c0101b8c>] (do_one_initcall+0x3c/0x168)
[    0.964157] [<c0101b8c>] (do_one_initcall) from [<c0e00da8>] (kernel_init_freeable+0x10c/0x1d0)
[    0.972909] [<c0e00da8>] (kernel_init_freeable) from [<c0972f40>] (kernel_init+0x8/0x114)
[    0.981143] [<c0972f40>] (kernel_init) from [<c0107ce0>] (ret_from_fork+0x14/0x34)
[    0.988768] Code: e8bd4038 eafff194 e92d4070 e1a04002 (e5900018) 
[    0.994971] ---[ end trace c746909e33ef056c ]---
[    0.999616] Kernel panic - not syncing: Attempted to kill init! exitcode=0x0000000b
[    0.999616] 
[    1.008877] CPU2: stopping
[    1.011646] CPU: 2 PID: 0 Comm: swapper/2 Tainted: G      D         4.13.0-rc7-next-20170831-198124-ge8b6843 #1
[    1.021781] Hardware name: NVIDIA Tegra SoC (Flattened Device Tree)
[    1.028122] [<c01110d0>] (unwind_backtrace) from [<c010c090>] (show_stack+0x10/0x14)
[    1.035920] [<c010c090>] (show_stack) from [<c095f840>] (dump_stack+0x84/0xa4)
[    1.043197] [<c095f840>] (dump_stack) from [<c010f61c>] (handle_IPI+0x18c/0x39c)
[    1.050648] [<c010f61c>] (handle_IPI) from [<c0101430>] (gic_handle_irq+0x88/0x94)
[    1.058273] [<c0101430>] (gic_handle_irq) from [<c010cc4c>] (__irq_svc+0x6c/0xa8)
[    1.065808] Exception stack(0xee8e1f70 to 0xee8e1fb8)
[    1.070924] 1f60:                                     00000001 00000000 ee8e1fc8 c011a3a0
[    1.079160] 1f80: c0f03ccc c0f03c68 c0e8c378 c0f03cd8 c0fbdd64 00000000 00000001 00000000
[    1.087391] 1fa0: 2e11f000 ee8e1fc0 c0108758 c010875c 60000013 ffffffff
[    1.094071] [<c010cc4c>] (__irq_svc) from [<c010875c>] (arch_cpu_idle+0x30/0x3c)
[    1.101525] [<c010875c>] (arch_cpu_idle) from [<c0160ad8>] (do_idle+0x148/0x204)
[    1.108976] [<c0160ad8>] (do_idle) from [<c0160e1c>] (cpu_startup_entry+0x18/0x1c)
[    1.116601] [<c0160e1c>] (cpu_startup_entry) from [<801018ac>] (0x801018ac)
[    1.123616] CPU1: stopping
[    1.126393] CPU: 1 PID: 0 Comm: swapper/1 Tainted: G      D         4.13.0-rc7-next-20170831-198124-ge8b6843 #1
[    1.136528] Hardware name: NVIDIA Tegra SoC (Flattened Device Tree)
[    1.142868] [<c01110d0>] (unwind_backtrace) from [<c010c090>] (show_stack+0x10/0x14)
[    1.150666] [<c010c090>] (show_stack) from [<c095f840>] (dump_stack+0x84/0xa4)
[    1.157944] [<c095f840>] (dump_stack) from [<c010f61c>] (handle_IPI+0x18c/0x39c)
[    1.165395] [<c010f61c>] (handle_IPI) from [<c0101430>] (gic_handle_irq+0x88/0x94)
[    1.173020] [<c0101430>] (gic_handle_irq) from [<c010cc4c>] (__irq_svc+0x6c/0xa8)
[    1.180555] Exception stack(0xee8dff70 to 0xee8dffb8)
[    1.185671] ff60:                                     00000001 00000000 ee8dffc8 c011a3a0
[    1.193906] ff80: c0f03ccc c0f03c68 c0e8c378 c0f03cd8 c0fbdd64 00000000 00000001 00000000
[    1.202139] ffa0: 2e10e000 ee8dffc0 c0108758 c010875c 60000013 ffffffff
[    1.208817] [<c010cc4c>] (__irq_svc) from [<c010875c>] (arch_cpu_idle+0x30/0x3c)
[    1.216271] [<c010875c>] (arch_cpu_idle) from [<c0160ad8>] (do_idle+0x148/0x204)
[    1.223722] [<c0160ad8>] (do_idle) from [<c0160e1c>] (cpu_startup_entry+0x18/0x1c)
[    1.231347] [<c0160e1c>] (cpu_startup_entry) from [<801018ac>] (0x801018ac)
[    1.238364] CPU3: stopping
[    1.241139] CPU: 3 PID: 0 Comm: swapper/3 Tainted: G      D         4.13.0-rc7-next-20170831-198124-ge8b6843 #1
[    1.251274] Hardware name: NVIDIA Tegra SoC (Flattened Device Tree)
[    1.257613] [<c01110d0>] (unwind_backtrace) from [<c010c090>] (show_stack+0x10/0x14)
[    1.265411] [<c010c090>] (show_stack) from [<c095f840>] (dump_stack+0x84/0xa4)
[    1.272690] [<c095f840>] (dump_stack) from [<c010f61c>] (handle_IPI+0x18c/0x39c)
[    1.280141] [<c010f61c>] (handle_IPI) from [<c0101430>] (gic_handle_irq+0x88/0x94)
[    1.287766] [<c0101430>] (gic_handle_irq) from [<c010cc4c>] (__irq_svc+0x6c/0xa8)
[    1.295301] Exception stack(0xee8e3f70 to 0xee8e3fb8)
[    1.300418] 3f60:                                     00000001 00000000 ee8e3fc8 c011a3a0
[    1.308653] 3f80: c0f03ccc c0f03c68 c0e8c378 c0f03cd8 c0fbdd64 00000000 00000001 00000000
[    1.316885] 3fa0: 2e130000 ee8e3fc0 c0108758 c010875c 60000013 ffffffff
[    1.323563] [<c010cc4c>] (__irq_svc) from [<c010875c>] (arch_cpu_idle+0x30/0x3c)
[    1.331017] [<c010875c>] (arch_cpu_idle) from [<c0160ad8>] (do_idle+0x148/0x204)
[    1.338469] [<c0160ad8>] (do_idle) from [<c0160e1c>] (cpu_startup_entry+0x18/0x1c)
[    1.346094] [<c0160e1c>] (cpu_startup_entry) from [<801018ac>] (0x801018ac)
[    1.353123] ---[ end Kernel panic - not syncing: Attempted to kill init! exitcode=0x0000000b
[    1.353123] 
