
U-Boot SPL 2016.05-rc2 (Apr 21 2016 - 16:23:00)
Trying to boot from RAM


U-Boot 2016.05-rc2 (Apr 21 2016 - 16:23:00 -0700)

TEGRA124
Model: NVIDIA Jetson TK1
Board: NVIDIA Jetson TK1
DRAM:  2 GiB
MC:   Tegra SD/MMC: 0, Tegra SD/MMC: 1
In:    serial
Out:   serial
Err:   serial
Net:   No ethernet found.
Hit any key to stop autoboot:  2  0 
Tegra124 (Jetson TK1) # 
Tegra124 (Jetson TK1) # pci enum
Tegra124 (Jetson TK1) # setenv bootargs 'ignore_loglevel console=ttyS0,115200n8 rw root=PARTUUID=b1791faa-84e8-4e27-83a1-9fb0a77e8803 rootwait gpt debug noinitrd earlyprintk init=/bin/bash'
Tegra124 (Jetson TK1) # setenv ipaddr 192.168.100.102; setenv serverip 192.168.100.1; setenv tftpserverip 192.168.100.1
Tegra124 (Jetson TK1) # tftpboot 0x82000000 zImage.tegra_defconfig

Warning: eth_rtl8169 using MAC address from ROM
Using eth_rtl8169 device
TFTP from server 192.168.100.1; our IP address is 192.168.100.102
Filename 'zImage.tegra_defconfig'.
Load address: 0x82000000
Loading: *#################################################################
	 #################################################################
	 #################################################################
	 #################################################################
	 #################################################################
	 #################################################################
	 ########################################
	 4 MiB/s
done
Bytes transferred = 6298400 (601b20 hex)
Tegra124 (Jetson TK1) # tftpboot 0x83000000 tegra124-jetson-tk1.dtb
Using eth_rtl8169 device
TFTP from server 192.168.100.1; our IP address is 192.168.100.102
Filename 'tegra124-jetson-tk1.dtb'.
Load address: 0x83000000
Loading: *#####
	 3.8 MiB/s
done
Bytes transferred = 67173 (10665 hex)
Tegra124 (Jetson TK1) # bootz 0x82000000 - 0x83000000
Kernel image @ 0x82000000 [ 0x000000 - 0x601b20 ]
## Flattened Device Tree blob at 83000000
   Booting using the fdt blob at 0x83000000
   Using Device Tree in place at 83000000, end 83013664

Starting kernel ...

Uncompressing Linux... done, booting the kernel.
[    0.000000] Booting Linux on physical CPU 0x0
[    0.000000] Linux version 4.14.0-rc5-next-20171018-207278-g36ef71c (jonathanh@kaivo) (gcc version 4.7.3 20130328 (prerelease) (crosstool-NG linaro-1.13.1-4.7-2013.04-20130415 - Linaro GCC 2013.04)) #1 SMP PREEMPT Wed Oct 18 17:32:51 PDT 2017
[    0.000000] CPU: ARMv7 Processor [413fc0f3] revision 3 (ARMv7), cr=10c5387d
[    0.000000] CPU: div instructions available: patching division code
[    0.000000] CPU: PIPT / VIPT nonaliasing data cache, PIPT instruction cache
[    0.000000] OF: fdt: Machine model: NVIDIA Tegra124 Jetson TK1
[    0.000000] debug: ignoring loglevel setting.
[    0.000000] bootconsole [earlycon0] enabled
[    0.000000] Memory policy: Data cache writealloc
[    0.000000] cma: Reserved 64 MiB at 0xfbc00000
[    0.000000] On node 0 totalpages: 524032
[    0.000000] free_area_init_node: node 0, pgdat c0faf880, node_mem_map eeff7000
[    0.000000]   Normal zone: 1536 pages used for memmap
[    0.000000]   Normal zone: 0 pages reserved
[    0.000000]   Normal zone: 196608 pages, LIFO batch:31
[    0.000000]   HighMem zone: 327424 pages, LIFO batch:31
[    0.000000] random: fast init done
[    0.000000] percpu: Embedded 17 pages/cpu @eef88000 s39872 r8192 d21568 u69632
[    0.000000] pcpu-alloc: s39872 r8192 d21568 u69632 alloc=17*4096
[    0.000000] pcpu-alloc: [0] 0 [0] 1 [0] 2 [0] 3 
[    0.000000] Built 1 zonelists, mobility grouping on.  Total pages: 522496
[    0.000000] Kernel command line: ignore_loglevel console=ttyS0,115200n8 rw root=PARTUUID=b1791faa-84e8-4e27-83a1-9fb0a77e8803 rootwait gpt debug noinitrd earlyprintk init=/bin/bash
[    0.000000] Dentry cache hash table entries: 131072 (order: 7, 524288 bytes)
[    0.000000] Inode-cache hash table entries: 65536 (order: 6, 262144 bytes)
[    0.000000] Memory: 1997468K/2096128K available (9216K kernel code, 779K rwdata, 2800K rodata, 1024K init, 298K bss, 33124K reserved, 65536K cma-reserved, 1244160K highmem)
[    0.000000] Virtual kernel memory layout:
[    0.000000]     vector  : 0xffff0000 - 0xffff1000   (   4 kB)
[    0.000000]     fixmap  : 0xffc00000 - 0xfff00000   (3072 kB)
[    0.000000]     vmalloc : 0xf0800000 - 0xff800000   ( 240 MB)
[    0.000000]     lowmem  : 0xc0000000 - 0xf0000000   ( 768 MB)
[    0.000000]     pkmap   : 0xbfe00000 - 0xc0000000   (   2 MB)
[    0.000000]     modules : 0xbf000000 - 0xbfe00000   (  14 MB)
[    0.000000]       .text : 0xc0008000 - 0xc0a00000   (10208 kB)
[    0.000000]       .init : 0xc0e00000 - 0xc0f00000   (1024 kB)
[    0.000000]       .data : 0xc0f00000 - 0xc0fc2d48   ( 780 kB)
[    0.000000]        .bss : 0xc0fc2d48 - 0xc100d5fc   ( 299 kB)
[    0.000000] Preemptible hierarchical RCU implementation.
[    0.000000] 	Tasks RCU enabled.
[    0.000000] NR_IRQS: 16, nr_irqs: 16, preallocated irqs: 16
[    0.000000] /interrupt-controller@60004000: 160 interrupts forwarded to /interrupt-controller@50041000
[    0.000000] Tegra clk 127: register failed with -17
[    0.000009] sched_clock: 32 bits at 1000kHz, resolution 1000ns, wraps every 2147483647500ns
[    0.007468] clocksource: timer_us: mask: 0xffffffff max_cycles: 0xffffffff, max_idle_ns: 1911260446275 ns
[    0.016996] Switching to timer-based delay loop, resolution 1000ns
[    0.024181] arch_timer: cp15 timer(s) running at 12.00MHz (virt).
[    0.029220] clocksource: arch_sys_counter: mask: 0xffffffffffffff max_cycles: 0x2c47f4ee7, max_idle_ns: 440795202497 ns
[    0.039968] sched_clock: 56 bits at 12MHz, resolution 83ns, wraps every 4398046511096ns
[    0.047936] Switching to timer-based delay loop, resolution 83ns
[    0.054407] Console: colour dummy device 80x30
[    0.058351] Calibrating delay loop (skipped), value calculated using timer frequency.. 24.00 BogoMIPS (lpj=120000)
[    0.068659] pid_max: default: 32768 minimum: 301
[    0.073728] Mount-cache hash table entries: 2048 (order: 1, 8192 bytes)
[    0.079846] Mountpoint-cache hash table entries: 2048 (order: 1, 8192 bytes)
[    0.087689] CPU: Testing write buffer coherency: ok
[    0.092006] /cpus/cpu@0 missing clock-frequency property
[    0.097019] /cpus/cpu@1 missing clock-frequency property
[    0.102328] /cpus/cpu@2 missing clock-frequency property
[    0.107595] /cpus/cpu@3 missing clock-frequency property
[    0.112864] CPU0: thread -1, cpu 0, socket 0, mpidr 80000000
[    0.152976] Setting up static identity map for 0x80100000 - 0x801000a0
[    0.157729] Hierarchical SRCU implementation.
[    0.173491] Tegra Revision: A01 SKU: 129 CPU Process: 1 SoC Process: 1
[    0.192996] smp: Bringing up secondary CPUs ...
[    0.243546] CPU1: thread -1, cpu 1, socket 0, mpidr 80000001
[    0.323656] CPU2: thread -1, cpu 2, socket 0, mpidr 80000002
[    0.403764] CPU3: thread -1, cpu 3, socket 0, mpidr 80000003
[    0.413413] smp: Brought up 1 node, 4 CPUs
[    0.432501] SMP: Total of 4 processors activated (96.00 BogoMIPS).
[    0.438669] CPU: All CPU(s) started in SVC mode.
[    0.445126] devtmpfs: initialized
[    0.465483] VFP support v0.3: implementor 41 architecture 4 part 30 variant f rev 0
[    0.471606] clocksource: jiffies: mask: 0xffffffff max_cycles: 0xffffffff, max_idle_ns: 19112604462750000 ns
[    0.481039] futex hash table entries: 1024 (order: 4, 65536 bytes)
[    0.488538] pinctrl core: initialized pinctrl subsystem
[    0.493584] NET: Registered protocol family 16
[    0.498287] DMA: preallocated 256 KiB pool for atomic coherent allocations
[    0.504933] cpuidle: using governor menu
[    0.530300] No ATAGs?
[    0.530432] hw-breakpoint: found 5 (+1 reserved) breakpoint and 4 watchpoint registers.
[    0.538792] hw-breakpoint: maximum watchpoint size is 8 bytes.
[    0.546518] iommu: Adding device reg-dummy to group 0
[    0.549713] iommu: Adding device 1003000.pcie to group 1
[    0.555017] iommu: Adding device 50000000.host1x to group 2
[    0.560584] iommu: Adding device 54200000.dc to group 3
[    0.565757] iommu: Adding device 54240000.dc to group 4
[    0.570937] iommu: Adding device 54280000.hdmi to group 5
[    0.576338] iommu: Adding device 57000000.gpu to group 6
[    0.581601] iommu: Adding device 60005000.timer to group 7
[    0.587037] iommu: Adding device 60007000.flow-controller to group 8
[    0.593381] iommu: Adding device 6000c800.actmon to group 9
[    0.598923] iommu: Adding device 6000d000.gpio to group 10
[    0.604389] iommu: Adding device 60020000.dma to group 11
[    0.609744] iommu: Adding device 70000800.apbmisc to group 12
[    0.615481] iommu: Adding device 70000868.pinmux to group 13
[    0.621096] iommu: Adding device 70006000.serial to group 14
[    0.626747] iommu: Adding device 70006040.serial to group 15
[    0.632364] iommu: Adding device 70006300.serial to group 16
[    0.638027] iommu: Adding device 7000c000.i2c to group 17
[    0.643372] iommu: Adding device 7000c400.i2c to group 18
[    0.648761] iommu: Adding device 7000c500.i2c to group 19
[    0.654128] iommu: Adding device 7000c700.i2c to group 20
[    0.659507] iommu: Adding device 7000d000.i2c to group 21
[    0.664866] iommu: Adding device 7000d400.spi to group 22
[    0.670256] iommu: Adding device 7000da00.spi to group 23
[    0.675616] iommu: Adding device 7000e000.rtc to group 24
[    0.681001] iommu: Adding device 7000e400.pmc to group 25
[    0.686358] iommu: Adding device 7000f800.fuse to group 26
[    0.691836] iommu: Adding device 70019000.memory-controller to group 27
[    0.698405] iommu: Adding device 7001b000.emc to group 28
[    0.703794] iommu: Adding device 70027000.sata to group 29
[    0.709237] iommu: Adding device 70030000.hda to group 30
[    0.714641] iommu: Adding device 70090000.usb to group 31
[    0.719984] iommu: Adding device 7009f000.padctl to group 32
[    0.725647] iommu: Adding device 700b0400.sdhci to group 33
[    0.731164] iommu: Adding device 700b0600.sdhci to group 34
[    0.736729] iommu: Adding device 700e2000.thermal-sensor to group 35
[    0.743039] iommu: Adding device 70110000.clock to group 36
[    0.748608] iommu: Adding device 70300000.ahub to group 37
[    0.754045] iommu: Adding device 7d000000.usb to group 38
[    0.759444] iommu: Adding device 7d000000.usb-phy to group 39
[    0.765137] iommu: Adding device 7d004000.usb to group 40
[    0.770527] iommu: Adding device 7d004000.usb-phy to group 41
[    0.776238] iommu: Adding device 7d008000.usb to group 42
[    0.781622] iommu: Adding device 7d008000.usb-phy to group 43
[    0.787325] iommu: Adding device pmu to group 44
[    0.791935] iommu: Adding device timer to group 45
[    0.796692] iommu: Adding device clocks to group 46
[    0.801537] iommu: Adding device gpio-keys to group 47
[    0.806668] iommu: Adding device regulators to group 48
[    0.811851] iommu: Adding device regulators:regulator@0 to group 49
[    0.818109] iommu: Adding device regulators:regulator@1 to group 50
[    0.824330] iommu: Adding device regulators:regulator@2 to group 51
[    0.830595] iommu: Adding device regulators:regulator@3 to group 52
[    0.836818] iommu: Adding device regulators:regulator@4 to group 53
[    0.843069] iommu: Adding device regulators:regulator@7 to group 54
[    0.849291] iommu: Adding device regulators:regulator@8 to group 55
[    0.855549] iommu: Adding device regulators:regulator@10 to group 56
[    0.861857] iommu: Adding device regulators:regulator@11 to group 57
[    0.868205] iommu: Adding device regulators:regulator@12 to group 58
[    0.874512] iommu: Adding device regulators:regulator@13 to group 59
[    0.880861] iommu: Adding device regulators:regulator@14 to group 60
[    0.887164] iommu: Adding device sound to group 61
[    0.908884] +5V_SYS: supplied by +VDD_MUX
[    0.911379] +3.3V_SYS: supplied by +VDD_MUX
[    0.915994] +USB0_VBUS_SW: Failed to request enable GPIO108: -517
[    0.921215] reg-fixed-voltage regulators:regulator@7: Failed to register regulator: -517
[    0.929429] +5V_USB_HS: Failed to request enable GPIO109: -517
[    0.935081] reg-fixed-voltage regulators:regulator@8: Failed to register regulator: -517
[    0.943392] +1.05V_RUN_AVDD_HDMI_PLL: Failed to request enable GPIO63: -517
[    0.950073] reg-fixed-voltage regulators:regulator@11: Failed to register regulator: -517
[    0.958396] +5V_HDMI_CON: Failed to request enable GPIO86: -517
[    0.964114] reg-fixed-voltage regulators:regulator@12: Failed to register regulator: -517
[    0.972381] +5V_SATA: Failed to request enable GPIO242: -517
[    0.977894] reg-fixed-voltage regulators:regulator@13: Failed to register regulator: -517
[    0.986160] +12V_SATA: Failed to request enable GPIO242: -517
[    0.991761] reg-fixed-voltage regulators:regulator@14: Failed to register regulator: -517
[    1.001244] vgaarb: loaded
[    1.003348] SCSI subsystem initialized
[    1.006560] libata version 3.00 loaded.
[    1.010479] usbcore: registered new interface driver usbfs
[    1.015654] usbcore: registered new interface driver hub
[    1.020996] usbcore: registered new device driver usb
[    1.029150] Linux video capture interface: v2.00
[    1.031981] pps_core: LinuxPPS API ver. 1 registered
[    1.036796] pps_core: Software ver. 5.3.6 - Copyright 2005-2007 Rodolfo Giometti <giometti@linux.it>
[    1.045989] PTP clock support registered
[    1.051226] Advanced Linux Sound Architecture Driver Initialized.
[    1.056553] Bluetooth: Core ver 2.22
[    1.059469] NET: Registered protocol family 31
[    1.063836] Bluetooth: HCI device and connection manager initialized
[    1.070219] Bluetooth: HCI socket layer initialized
[    1.075021] Bluetooth: L2CAP socket layer initialized
[    1.080077] Bluetooth: SCO socket layer initialized
[    1.085568] clocksource: Switched to clocksource arch_sys_counter
[    1.180088] NET: Registered protocol family 2
[    1.183552] TCP established hash table entries: 8192 (order: 3, 32768 bytes)
[    1.189675] TCP bind hash table entries: 8192 (order: 4, 65536 bytes)
[    1.196164] TCP: Hash tables configured (established 8192 bind 8192)
[    1.202789] UDP hash table entries: 512 (order: 2, 16384 bytes)
[    1.208248] UDP-Lite hash table entries: 512 (order: 2, 16384 bytes)
[    1.214832] NET: Registered protocol family 1
[    1.219582] RPC: Registered named UNIX socket transport module.
[    1.224742] RPC: Registered udp transport module.
[    1.229448] RPC: Registered tcp transport module.
[    1.234102] RPC: Registered tcp NFSv4.1 backchannel transport module.
[    1.240899] cfg80211: Loading compiled-in X.509 certificates for regulatory database
[    1.248252] cfg80211: Problem loading in-kernel X.509 certificate (-19)
[    1.254920] iommu: Adding device regulatory.0 to group 62
[    1.260506] platform regulatory.0: Direct firmware load for regulatory.db failed with error -2
[    1.268833] cfg80211: failed to load regulatory.db
[    1.273701] PCI: CLS 0 bytes, default 64
[    1.279340] hw perfevents: enabled with armv7_cortex_a15 PMU driver, 7 counters available
[    1.286307] iommu: Adding device alarmtimer to group 63
[    1.291928] Initialise system trusted keyrings
[    1.295386] workingset: timestamp_bits=30 max_order=19 bucket_order=0
[    1.303034] squashfs: version 4.0 (2009/01/31) Phillip Lougher
[    1.318281] NFS: Registering the id_resolver key type
[    1.321434] Key type id_resolver registered
[    1.325603] Key type id_legacy registered
[    1.334398] Key type asymmetric registered
[    1.336613] Asymmetric key parser 'x509' registered
[    1.341572] bounce: pool size: 64 pages
[    1.345314] io scheduler noop registered (default)
[    1.350038] io scheduler mq-deadline registered
[    1.354524] io scheduler kyber registered
[    1.360463]  usb2-0: usb2-0 supply vbus not found, using dummy regulator
[    1.365385]  usb2-1: usb2-1 supply vbus not found, using dummy regulator
[    1.372452] tegra-xusb-padctl 7009f000.padctl: failed to setup XUSB ports: -517
[    1.388490] tegra-pcie 1003000.pcie: 2x1, 1x1 configuration
[    1.392200] tegra-pcie 1003000.pcie: Failed to get supply 'avddio-pex': -517
[    1.402242] tegra124-dfll 70110000.clock: couldn't get vdd_cpu regulator
