
U-Boot SPL 2014.01-00219-gc4d376f (Feb 18 2014 - 19:57:18)


U-Boot 2014.01-00219-gc4d376f (Feb 18 2014 - 19:57:18)

TEGRA30
Board: NVIDIA Beaver
I2C:   ready
DRAM:  2 GiB
MMC:   Tegra SD/MMC: 0, Tegra SD/MMC: 1
In:    serial
Out:   serial
Err:   serial
Net:   Net Initialization Skipped
No ethernet found.
Hit any key to stop autoboot:  2  0 
Tegra30 (Beaver) # 
Tegra30 (Beaver) # usb reset
(Re)start USB...
USB0:   USB EHCI 1.00
scanning bus 0 for devices... 2 USB Device(s) found
       scanning usb for storage devices... 0 Storage Device(s) found
       scanning usb for ethernet devices... 
Warning: asx0 using MAC address from net device
1 Ethernet Device(s) found
Tegra30 (Beaver) # setenv bootargs 'ignore_loglevel console=ttyS0,115200n8 rw root=PARTUUID=edbe1840-3633-c751-7993-b0ac834f81e0 rootwait gpt debug noinitrd earlyprintk init=/bin/bash'
Tegra30 (Beaver) # setenv ipaddr 192.168.100.101; setenv serverip 192.168.100.1; setenv tftpserverip 192.168.100.1
Tegra30 (Beaver) # tftpboot 0x81000000 zImage.multi_v7_defconfig
Using asx0 device
TFTP from server 192.168.100.1; our IP address is 192.168.100.101
Filename 'zImage.multi_v7_defconfig'.
Load address: 0x81000000
Loading: *#################################################################
	 #################################################################
	 #################################################################
	 #################################################################
	 #################################################################
	 #################################################################
	 #################################################################
	 ####################################################
	 3.3 MiB/s
done
Bytes transferred = 7438024 (717ec8 hex)
Tegra30 (Beaver) # tftpboot 0x82000000 tegra30-beaver.dtb
Using asx0 device
TFTP from server 192.168.100.1; our IP address is 192.168.100.101
Filename 'tegra30-beaver.dtb'.
Load address: 0x82000000
Loading: *####
	 2 MiB/s
done
Bytes transferred = 51804 (ca5c hex)
Tegra30 (Beaver) # bootz 0x81000000 - 0x82000000
Kernel image @ 0x81000000 [ 0x000000 - 0x717ec8 ]
## Flattened Device Tree blob at 82000000
   Booting using the fdt blob at 0x82000000
   Loading Device Tree to 8fff0000, end 8ffffa5b ... OK

Starting kernel ...

[    0.000000] Booting Linux on physical CPU 0x0
[    0.000000] Linux version 4.10.0-rc4-next-20170117-146093-ga65f016 (pwalmsley@sellafield) (gcc version 4.7.3 20130328 (prerelease) (crosstool-NG linaro-1.13.1-4.7-2013.04-20130415 - Linaro GCC 2013.04) ) #1 SMP Mon Jan 16 20:49:54 PST 2017
[    0.000000] CPU: ARMv7 Processor [412fc099] revision 9 (ARMv7), cr=10c5387d
[    0.000000] CPU: PIPT / VIPT nonaliasing data cache, VIPT aliasing instruction cache
[    0.000000] OF: fdt:Machine model: NVIDIA Tegra30 Beaver evaluation board
[    0.000000] debug: ignoring loglevel setting.
[    0.000000] efi: Getting EFI parameters from FDT:
[    0.000000] efi: UEFI not found.
[    0.000000] cma: Reserved 64 MiB at 0xfb800000
[    0.000000] Memory policy: Data cache writealloc
[    0.000000] On node 0 totalpages: 524032
[    0.000000] free_area_init_node: node 0, pgdat c1432080, node_mem_map eeff8000
[    0.000000]   DMA zone: 1536 pages used for memmap
[    0.000000]   DMA zone: 0 pages reserved
[    0.000000]   DMA zone: 196608 pages, LIFO batch:31
[    0.000000]   HighMem zone: 327424 pages, LIFO batch:31
[    0.000000] percpu: Embedded 16 pages/cpu @eef8c000 s34304 r8192 d23040 u65536
[    0.000000] pcpu-alloc: s34304 r8192 d23040 u65536 alloc=16*4096
[    0.000000] pcpu-alloc: [0] 0 [0] 1 [0] 2 [0] 3 
[    0.000000] Built 1 zonelists in Zone order, mobility grouping on.  Total pages: 522496
[    0.000000] Kernel command line: ignore_loglevel console=ttyS0,115200n8 rw root=PARTUUID=edbe1840-3633-c751-7993-b0ac834f81e0 rootwait gpt debug noinitrd earlyprintk init=/bin/bash
[    0.000000] PID hash table entries: 4096 (order: 2, 16384 bytes)
[    0.000000] Dentry cache hash table entries: 131072 (order: 7, 524288 bytes)
[    0.000000] Inode-cache hash table entries: 65536 (order: 6, 262144 bytes)
[    0.000000] Memory: 1994812K/2096128K available (9216K kernel code, 1230K rwdata, 4168K rodata, 2048K init, 467K bss, 35780K reserved, 65536K cma-reserved, 1244160K highmem)
[    0.000000] Virtual kernel memory layout:
[    0.000000]     vector  : 0xffff0000 - 0xffff1000   (   4 kB)
[    0.000000]     fixmap  : 0xffc00000 - 0xfff00000   (3072 kB)
[    0.000000]     vmalloc : 0xf0800000 - 0xff800000   ( 240 MB)
[    0.000000]     lowmem  : 0xc0000000 - 0xf0000000   ( 768 MB)
[    0.000000]     pkmap   : 0xbfe00000 - 0xc0000000   (   2 MB)
[    0.000000]     modules : 0xbf000000 - 0xbfe00000   (  14 MB)
[    0.000000]       .text : 0xc0208000 - 0xc0c00000   (10208 kB)
[    0.000000]       .init : 0xc1100000 - 0xc1300000   (2048 kB)
[    0.000000]       .data : 0xc1300000 - 0xc1433b80   (1231 kB)
[    0.000000]        .bss : 0xc1435000 - 0xc14a9d28   ( 468 kB)
[    0.000000] SLUB: HWalign=64, Order=0-3, MinObjects=0, CPUs=4, Nodes=1
[    0.000000] Hierarchical RCU implementation.
[    0.000000] 	RCU debugfs-based tracing is enabled.
[    0.000000] 	Build-time adjustment of leaf fanout to 32.
[    0.000000] 	RCU restricting CPUs from NR_CPUS=16 to nr_cpu_ids=4.
[    0.000000] RCU: Adjusting geometry for rcu_fanout_leaf=32, nr_cpu_ids=4
[    0.000000] NR_IRQS:16 nr_irqs:16 16
[    0.000000] /interrupt-controller@60004000: 160 interrupts forwarded to /interrupt-controller@50041000
[    0.000000] L2C: platform modifies aux control register: 0x02080000 -> 0x3e480001
[    0.000000] L2C: DT/platform modifies aux control register: 0x02080000 -> 0x3e480001
[    0.000000] L2C-310 erratum 769419 enabled
[    0.000000] L2C-310 enabling early BRESP for Cortex-A9
[    0.000000] L2C-310: enabling full line of zeros but not enabled in Cortex-A9
[    0.000000] L2C-310 dynamic clock gating enabled, standby mode enabled
[    0.000000] L2C-310 cache controller enabled, 8 ways, 1024 kB
[    0.000000] L2C-310: CACHE_ID 0x410000c7, AUX_CTRL 0x4e480001
[    0.000013] sched_clock: 32 bits at 1000kHz, resolution 1000ns, wraps every 2147483647500ns
[    0.000029] clocksource: timer_us: mask: 0xffffffff max_cycles: 0xffffffff, max_idle_ns: 1911260446275 ns
[    0.000038] Switching to timer-based delay loop, resolution 1000ns
[    0.002745] Console: colour dummy device 80x30
[    0.002774] Calibrating delay loop (skipped), value calculated using timer frequency.. 2.00 BogoMIPS (lpj=10000)
[    0.002784] pid_max: default: 32768 minimum: 301
[    0.002856] Mount-cache hash table entries: 2048 (order: 1, 8192 bytes)
[    0.002864] Mountpoint-cache hash table entries: 2048 (order: 1, 8192 bytes)
[    0.003264] CPU: Testing write buffer coherency: ok
[    0.003571] CPU0: thread -1, cpu 0, socket 0, mpidr 80000000
[    0.003726] Setting up static identity map for 0x80300000 - 0x80300098
[    0.006300] Tegra Revision: A03 SKU: 128 CPU Process: 4 SoC Process: 0
[    0.006795] EFI services will not be available.
[    0.006947] smp: Bringing up secondary CPUs ...
[    0.010373] CPU1: thread -1, cpu 1, socket 0, mpidr 80000001
[    0.020335] CPU2: thread -1, cpu 2, socket 0, mpidr 80000002
[    0.030334] CPU3: thread -1, cpu 3, socket 0, mpidr 80000003
[    0.030376] smp: Brought up 1 node, 4 CPUs
[    0.030389] SMP: Total of 4 processors activated (8.00 BogoMIPS).
[    0.030394] CPU: All CPU(s) started in SVC mode.
[    0.031089] devtmpfs: initialized
[    0.039263] VFP support v0.3: implementor 41 architecture 3 part 30 variant 9 rev 4
[    0.039673] clocksource: jiffies: mask: 0xffffffff max_cycles: 0xffffffff, max_idle_ns: 19112604462750000 ns
[    0.042973] pinctrl core: initialized pinctrl subsystem
[    0.044597] NET: Registered protocol family 16
[    0.046682] DMA: preallocated 256 KiB pool for atomic coherent allocations
[    0.048426] cpuidle: using governor menu
[    0.062469] No ATAGs?
[    0.062580] hw-breakpoint: found 5 (+1 reserved) breakpoint and 1 watchpoint registers.
[    0.062590] hw-breakpoint: maximum watchpoint size is 4 bytes.
[    0.066360] Serial: AMBA PL011 UART driver
[    0.066794] tegra-mc 7000f000.memory-controller: no memory timings for RAM code 3 registered
[    0.075561] vdd_5v_sata: Failed to request enable GPIO30: -517
[    0.075573] reg-fixed-voltage regulators:regulator@3: Failed to register regulator: -517
[    0.075619] usb1_vbus: Failed to request enable GPIO238: -517
[    0.075626] reg-fixed-voltage regulators:regulator@4: Failed to register regulator: -517
[    0.075670] usb3_vbus: Failed to request enable GPIO236: -517
[    0.075677] reg-fixed-voltage regulators:regulator@5: Failed to register regulator: -517
[    0.075763] sys_3v3_pexs: Failed to request enable GPIO95: -517
[    0.075770] reg-fixed-voltage regulators:regulator@7: Failed to register regulator: -517
[    0.077593] vgaarb: loaded
[    0.078050] SCSI subsystem initialized
[    0.078156] libata version 3.00 loaded.
[    0.078305] usbcore: registered new interface driver usbfs
[    0.078345] usbcore: registered new interface driver hub
[    0.078378] usbcore: registered new device driver usb
[    0.085365] vrtc: supplied by vdd_5v_in
[    0.088647] vio: supplied by vdd_5v_in
[    0.091826] vdd1: supplied by vdd_5v_in
[    0.093186] vddio_ddr_1v2: Bringing 600000uV into 1200000-1200000uV
[    0.101838] vdd2: supplied by vdd_5v_in
[    0.121818] ldo1: supplied by vdd_1v5_gen
[    0.124199] ldo2: supplied by vdd_1v5_gen
[    0.124670] vdd_sata,avdd_plle: Bringing 1200000uV into 1050000-1050000uV
[    0.126908] ldo3: supplied by vdd_5v_in
[    0.129265] ldo4: supplied by vdd_5v_in
[    0.131822] ldo5: supplied by vdd_5v_in
[    0.141815] ldo6: supplied by vdd_1v8_gen
[    0.142286] avdd_dsi_csi,pwrdet_mipi: Bringing 1000000uV into 1200000-1200000uV
[    0.144535] ldo7: supplied by vdd_1v8_gen
[    0.151826] ldo8: supplied by vdd_1v8_gen
[    0.161894] pps_core: LinuxPPS API ver. 1 registered
[    0.161901] pps_core: Software ver. 5.3.6 - Copyright 2005-2007 Rodolfo Giometti <giometti@linux.it>
[    0.161913] PTP clock support registered
[    0.162046] EDAC MC: Ver: 3.0.0
[    0.163576] clocksource: Switched to clocksource timer_us
[    0.168772] NET: Registered protocol family 2
[    0.169149] TCP established hash table entries: 8192 (order: 3, 32768 bytes)
[    0.169203] TCP bind hash table entries: 8192 (order: 4, 65536 bytes)
[    0.169287] TCP: Hash tables configured (established 8192 bind 8192)
[    0.169398] UDP hash table entries: 512 (order: 2, 16384 bytes)
[    0.169460] UDP-Lite hash table entries: 512 (order: 2, 16384 bytes)
[    0.169623] NET: Registered protocol family 1
[    0.169901] RPC: Registered named UNIX socket transport module.
[    0.169959] RPC: Registered udp transport module.
[    0.169964] RPC: Registered tcp transport module.
[    0.169968] RPC: Registered tcp NFSv4.1 backchannel transport module.
[    0.169978] PCI: CLS 0 bytes, default 64
[    0.170754] hw perfevents: enabled with armv7_cortex_a9 PMU driver, 7 counters available
[    0.171612] futex hash table entries: 1024 (order: 4, 65536 bytes)
[    0.172067] workingset: timestamp_bits=30 max_order=19 bucket_order=0
[    0.176774] squashfs: version 4.0 (2009/01/31) Phillip Lougher
[    0.177182] NFS: Registering the id_resolver key type
[    0.177208] Key type id_resolver registered
[    0.177214] Key type id_legacy registered
[    0.177242] ntfs: driver 2.1.32 [Flags: R/O].
[    0.178260] bounce: pool size: 64 pages
[    0.178379] Block layer SCSI generic (bsg) driver version 0.4 loaded (major 248)
[    0.178388] io scheduler noop registered
[    0.178393] io scheduler deadline registered
[    0.178478] io scheduler cfq registered (default)
[    0.186152] tegra-pcie 3000.pcie-controller: 2x3 configuration
[    0.186354] tegra-pcie 3000.pcie-controller: Failed to get supply 'hvdd-pex': -517
[    0.188599] tegra30-pinctrl 70000868.pinmux: invalid group "sdmmc3_dat6_pd3" for function "rsvd1"
[    0.188612] tegra30-pinctrl 70000868.pinmux: invalid group "sdmmc3_dat7_pd4" for function "rsvd1"
[    0.188626] tegra30-pinctrl 70000868.pinmux: invalid group "vi_vsync_pd6" for function "rsvd1"
[    0.188635] tegra30-pinctrl 70000868.pinmux: invalid group "vi_hsync_pd7" for function "rsvd1"
[    0.189081] tegra30-pinctrl 70000868.pinmux: invalid group "hdmi_int_pn7" for function "rsvd1"
[    0.189133] tegra30-pinctrl 70000868.pinmux: invalid group "ulpi_data3_po4" for function "rsvd1"
[    0.189462] tegra30-pinctrl 70000868.pinmux: invalid group "vi_d10_pt2" for function "rsvd1"
[    0.189475] tegra30-pinctrl 70000868.pinmux: invalid group "vi_d11_pt3" for function "rsvd1"
[    0.189487] tegra30-pinctrl 70000868.pinmux: invalid group "vi_d0_pt4" for function "rsvd1"
[    0.189528] tegra30-pinctrl 70000868.pinmux: invalid group "pu0" for function "rsvd1"
[    0.189558] tegra30-pinctrl 70000868.pinmux: invalid group "pu3" for function "rsvd1"
[    0.189588] tegra30-pinctrl 70000868.pinmux: invalid group "pu6" for function "rsvd1"
[    0.189629] tegra30-pinctrl 70000868.pinmux: invalid group "pv3" for function "rsvd1"
[    0.190124] tegra30-pinctrl 70000868.pinmux: invalid group "pbb0" for function "rsvd1"
[    0.190245] tegra30-pinctrl 70000868.pinmux: invalid group "pcc1" for function "rsvd1"
[    0.196228] tegra-apbdma 6000a000.dma: Tegra20 APB DMA driver register 32 channels
[    0.197358] tegra-pmc 7000e400.pmc: i2c-thermtrip node not found, emergency thermal reset disabled.
[    0.228766] Serial: 8250/16550 driver, 4 ports, IRQ sharing disabled
[    0.230963] console [ttyS0] disabled
[    0.231003] 70006000.serial: ttyS0 at MMIO 0x70006000 (irq = 331, base_baud = 25500000) is a Tegra
[    1.237081] console [ttyS0] enabled
[    1.241103] SuperH (H)SCI(F) driver initialized
[    1.246208] msm_serial: driver initialized
[    1.250396] STMicroelectronics ASC driver initialized
[    1.259422] tegra-hdmi 54280000.hdmi: failed to get HDMI regulator
[    1.273556] brd: module loaded
[    1.280532] loop: module loaded
[    1.288683] m25p80 spi32766.1: w25q32 (4096 Kbytes)
[    1.295399] libphy: Fixed MDIO Bus: probed
[    1.300088] CAN device driver interface
[    1.304519] bgmac_bcma: Broadcom 47xx GBit MAC driver loaded
[    1.310877] e1000e: Intel(R) PRO/1000 Network Driver - 3.2.6-k
[    1.316703] e1000e: Copyright(c) 1999 - 2015 Intel Corporation.
[    1.322641] igb: Intel(R) Gigabit Ethernet Network Driver - version 5.4.0-k
[    1.329593] igb: Copyright (c) 2007-2014 Intel Corporation.
[    1.337015] pegasus: v0.9.3 (2013/04/25), Pegasus/Pegasus II USB Ethernet driver
[    1.344457] usbcore: registered new interface driver pegasus
[    1.350125] usbcore: registered new interface driver asix
[    1.355536] usbcore: registered new interface driver ax88179_178a
[    1.361630] usbcore: registered new interface driver cdc_ether
[    1.367489] usbcore: registered new interface driver smsc75xx
[    1.373244] usbcore: registered new interface driver smsc95xx
[    1.378999] usbcore: registered new interface driver net1080
[    1.384671] usbcore: registered new interface driver cdc_subset
[    1.390590] usbcore: registered new interface driver zaurus
[    1.396186] usbcore: registered new interface driver cdc_ncm
[    1.403157] ehci_hcd: USB 2.0 'Enhanced' Host Controller (EHCI) Driver
[    1.409686] ehci-pci: EHCI PCI platform driver
[    1.414147] ehci-platform: EHCI generic platform driver
[    1.419483] ehci-orion: EHCI orion driver
[    1.423554] SPEAr-ehci: EHCI SPEAr driver
[    1.427637] ehci-st: EHCI STMicroelectronics driver
[    1.432573] ehci-exynos: EHCI EXYNOS driver
[    1.436837] ehci-atmel: EHCI Atmel driver
[    1.440906] tegra-ehci: Tegra EHCI driver
[    1.445202] ohci_hcd: USB 1.1 'Open' Host Controller (OHCI) Driver
[    1.451375] ohci-pci: OHCI PCI platform driver
[    1.455843] ohci-platform: OHCI generic platform driver
[    1.461151] ohci-omap3: OHCI OMAP3 driver
[    1.465233] SPEAr-ohci: OHCI SPEAr driver
[    1.469304] ohci-st: OHCI STMicroelectronics driver
[    1.474249] ohci-atmel: OHCI Atmel driver
[    1.478668] usbcore: registered new interface driver usb-storage
[    1.485574] mousedev: PS/2 mouse device common for all mice
[    1.492750] tegra_rtc 7000e000.rtc: rtc core: registered 7000e000.rtc as rtc1
[    1.499926] tegra_rtc 7000e000.rtc: Tegra internal Real Time Clock
[    1.508768] random: fast init done
[    1.522070] tps65910-rtc tps65910-rtc: rtc core: registered tps65910-rtc as rtc0
[    1.529652] i2c /dev entries driver
[    1.540597] sdhci: Secure Digital Host Controller Interface driver
[    1.546789] sdhci: Copyright(c) Pierre Ossman
[    1.552010] Synopsys Designware Multimedia Card Interface Driver
[    1.558645] sdhci-pltfm: SDHCI platform and OF driver helper
[    1.564790] sdhci-tegra 78000000.sdhci: Got CD GPIO
[    1.569664] sdhci-tegra 78000000.sdhci: Got WP GPIO
[    1.575785] mmc0: Invalid maximum block size, assuming 512 bytes
[    1.643663] mmc0: SDHCI controller on 78000000.sdhci [78000000.sdhci] using ADMA
[    1.652241] mmc1: Invalid maximum block size, assuming 512 bytes
[    1.713597] mmc1: SDHCI controller on 78000600.sdhci [78000600.sdhci] using ADMA
[    1.722274] ledtrig-cpu: registered to indicate activity on CPUs
[    1.730517] usbcore: registered new interface driver usbhid
[    1.736088] usbhid: USB HID core driver
[    1.742171] NET: Registered protocol family 10
[    1.749258] Segment Routing with IPv6
[    1.752952] sit: IPv6, IPv4 and MPLS over IPv4 tunneling driver
[    1.759284] NET: Registered protocol family 17
[    1.763740] can: controller area network core (rev 20120528 abi 9)
[    1.769945] NET: Registered protocol family 29
[    1.774392] can: raw protocol (rev 20120528)
[    1.778649] can: broadcast manager protocol (rev 20161123 t)
[    1.784305] can: netlink gateway (rev 20130117) max_hops=1
[    1.790042] Key type dns_resolver registered
[    1.794711] ThumbEE CPU extension supported.
[    1.798973] Registering SWP/SWPB emulation handler
[    1.826247] vdd_ddr: supplied by vdd_5v_in
[    1.831176] vdd_5v_sata: supplied by vdd_5v_in
[    1.835938] usb1_vbus: supplied by vdd_5v_in
[    1.840496] usb3_vbus: supplied by vdd_5v_in
[    1.847910] sys_3v3,vdd_3v3_alw: supplied by vdd_5v_in
[    1.854224] sys_3v3_pexs: supplied by sys_3v3,vdd_3v3_alw
[    1.859750] +VDD_5V_HDMI: supplied by sys_3v3,vdd_3v3_alw
[    1.864848] mmc1: new high speed MMC card at address 0001
[    1.865126] mmc0: new ultra high speed DDR50 SDHC card at address aaaa
[    1.866159] mmcblk0: mmc0:aaaa SS04G 3.69 GiB 
[    1.866540] mmcblk1: mmc1:0001 SEM16G 14.8 GiB 
[    1.867507] mmcblk1boot0: mmc1:0001 SEM16G partition 1 1.00 MiB
[    1.868856] mmcblk1boot1: mmc1:0001 SEM16G partition 2 1.00 MiB
[    1.870198] mmcblk1rpmb: mmc1:0001 SEM16G partition 3 128 KiB
[    1.881610] Primary GPT is invalid, using alternate GPT.
[    1.881626]  mmcblk1: p1 p2 p3 p4 p5
[    1.899083]  mmcblk0: p1 p2 p3
[    1.916236] tegra-pcie 3000.pcie-controller: 2x3 configuration
[    1.925678] tegra-pcie 3000.pcie-controller: probing port 0, using 2 lanes
[    1.990807] tegra-pcie 3000.pcie-controller: probing port 2, using 2 lanes
[    2.401315] tegra-pcie 3000.pcie-controller: link 2 down, retrying
[    2.811304] tegra-pcie 3000.pcie-controller: link 2 down, retrying
[    3.221285] tegra-pcie 3000.pcie-controller: link 2 down, retrying
[    3.229474] tegra-pcie 3000.pcie-controller: link 2 down, ignoring
[    3.235766] tegra-pcie 3000.pcie-controller: PCI host bridge to bus 0000:00
[    3.242714] pci_bus 0000:00: root bus resource [io  0x0000-0xffff]
[    3.248891] pci_bus 0000:00: root bus resource [mem 0x20000000-0x27ffffff]
[    3.255757] pci_bus 0000:00: root bus resource [mem 0x28000000-0x3fffffff pref]
[    3.263049] pci_bus 0000:00: root bus resource [bus 00-ff]
[    3.268549] pci 0000:00:01.0: [10de:0e1c] type 01 class 0x060400
[    3.274598] pci_bus 0000:00: 2-byte config write to 0000:00:01.0 offset 0x52 may corrupt adjacent RW1C bits
[    3.284340] pci 0000:00:01.0: PME# supported from D0 D1 D2 D3hot D3cold
[    3.290940] pci_bus 0000:00: 2-byte config write to 0000:00:01.0 offset 0x4c may corrupt adjacent RW1C bits
[    3.300808] pci_bus 0000:00: 2-byte config write to 0000:00:01.0 offset 0x3e may corrupt adjacent RW1C bits
[    3.310538] pci_bus 0000:00: 2-byte config write to 0000:00:01.0 offset 0x4 may corrupt adjacent RW1C bits
[    3.320179] pci_bus 0000:00: 1-byte config write to 0000:00:01.0 offset 0xc may corrupt adjacent RW1C bits
[    3.329816] PCI: bus0: Fast back to back transfers disabled
[    3.335383] pci 0000:00:01.0: bridge configuration invalid ([bus 00-00]), reconfiguring
[    3.343368] pci_bus 0000:00: 2-byte config write to 0000:00:01.0 offset 0x3e may corrupt adjacent RW1C bits
[    3.353095] pci_bus 0000:00: 2-byte config write to 0000:00:01.0 offset 0x3e may corrupt adjacent RW1C bits
[    3.362822] pci_bus 0000:00: 2-byte config write to 0000:00:01.0 offset 0x3e may corrupt adjacent RW1C bits
[    3.372548] pci_bus 0000:00: 2-byte config write to 0000:00:01.0 offset 0x6 may corrupt adjacent RW1C bits
[    3.382280] pci 0000:01:00.0: [10ec:8168] type 00 class 0x020000
[    3.388297] pci 0000:01:00.0: reg 0x10: [io  0x0000-0x00ff]
[    3.393878] pci 0000:01:00.0: reg 0x18: [mem 0x00000000-0x00000fff 64bit pref]
[    3.401092] pci 0000:01:00.0: reg 0x20: [mem 0x00000000-0x00003fff 64bit pref]
[    3.408337] pci_bus 0000:01: 2-byte config write to 0000:01:00.0 offset 0x52 may corrupt adjacent RW1C bits
[    3.418112] pci 0000:01:00.0: supports D1 D2
[    3.422369] pci 0000:01:00.0: PME# supported from D0 D1 D2 D3hot D3cold
[    3.453601] PCI: bus1: Fast back to back transfers disabled
[    3.459162] pci_bus 0000:01: busn_res: [bus 01-ff] end is updated to 01
[    3.465830] pci 0000:00:01.0: BAR 9: assigned [mem 0x28000000-0x280fffff 64bit pref]
[    3.473556] pci 0000:00:01.0: BAR 7: assigned [io  0x1000-0x1fff]
[    3.479647] pci 0000:01:00.0: BAR 4: assigned [mem 0x28000000-0x28003fff 64bit pref]
[    3.487392] pci 0000:01:00.0: BAR 2: assigned [mem 0x28004000-0x28004fff 64bit pref]
[    3.495134] pci 0000:01:00.0: BAR 0: assigned [io  0x1000-0x10ff]
[    3.501215] pci 0000:00:01.0: PCI bridge to [bus 01]
[    3.506175] pci 0000:00:01.0:   bridge window [io  0x1000-0x1fff]
[    3.512254] pci 0000:00:01.0:   bridge window [mem 0x28000000-0x280fffff 64bit pref]
[    3.520001] pci 0000:00:01.0: nv_msi_ht_cap_quirk didn't locate host bridge
[    3.527011] pcieport 0000:00:01.0: enabling device (0140 -> 0143)
[    3.533290] pcieport 0000:00:01.0: Signaling PME with IRQ 374
[    3.539225] r8169 Gigabit Ethernet driver 2.3LK-NAPI loaded
[    3.544813] r8169 0000:01:00.0: enabling device (0140 -> 0143)
[    3.551596] r8169 0000:01:00.0 eth0: RTL8168evl/8111evl at 0xf0afe000, 02:04:4b:01:60:a6, XID 0c900800 IRQ 375
[    3.561598] r8169 0000:01:00.0 eth0: jumbo features [frames: 9200 bytes, tx checksumming: ko]
[    3.573321] [drm] Supports vblank timestamp caching Rev 2 (21.10.2013).
[    3.579939] [drm] No driver support for vblank timestamp query.
[    3.585882] [drm] Cannot find any crtc or sizes - going 1024x768
[    3.612791] Console: switching to colour frame buffer device 128x48
[    3.625322] drm drm: fb0:  frame buffer device
[    3.629809] [drm] Initialized tegra 0.0.0 20120330 for drm on minor 0
[    3.641648] utmi_phy_clk_enable: timeout waiting for phy to stabilize
[    3.648135] tegra-ehci 7d004000.usb: EHCI Host Controller
[    3.653539] tegra-ehci 7d004000.usb: new USB bus registered, assigned bus number 1
[    3.661368] tegra-ehci 7d004000.usb: irq 343, io mem 0x7d004000
[    3.693979] tegra-ehci 7d004000.usb: USB 2.0 started, EHCI 1.00
[    3.701255] hub 1-0:1.0: USB hub found
[    3.705029] hub 1-0:1.0: 1 port detected
[    3.710089] tegra-ehci 7d008000.usb: EHCI Host Controller
[    3.715501] tegra-ehci 7d008000.usb: new USB bus registered, assigned bus number 2
[    3.723234] tegra-ehci 7d008000.usb: irq 344, io mem 0x7d008000
[    3.753973] tegra-ehci 7d008000.usb: USB 2.0 started, EHCI 1.00
[    3.761142] hub 2-0:1.0: USB hub found
[    3.764912] hub 2-0:1.0: 1 port detected
[    3.775215] tps65910-rtc tps65910-rtc: setting system clock to 2000-01-01 00:00:02 UTC (946684802)
[    3.784840] vdd_sata,avdd_plle: disabling
[    3.789582] usb1_vbus: disabling
[    3.794359] EXT4-fs (mmcblk1p1): mounting ext3 file system using the ext4 subsystem
[    3.810041] EXT4-fs (mmcblk1p1): warning: mounting fs with errors, running e2fsck is recommended
[    3.820247] EXT4-fs (mmcblk1p1): recovery complete
[    3.825048] EXT4-fs (mmcblk1p1): mounted filesystem with ordered data mode. Opts: (null)
[    3.833147] VFS: Mounted root (ext3 filesystem) on device 179:1.
[    3.843301] devtmpfs: mounted
[    3.848668] Freeing unused kernel memory: 2048K
bash: cannot set terminal process group (-1): Inappropriate ioctl for device
bash: no job control in this shell
root@(none):/# [    4.123989] usb 2-1: new high-speed USB device number 2 using tegra-ehci
[    4.801325] asix 2-1:1.0 eth1: register 'asix' at usb-7d008000.usb-1, ASIX AX88772 USB 2.0 Ethernet, 00:50:b6:0f:67:60
mount -t sysfs none /sys
root@(none):/# 
root@(none):/# mount -t debugfs none /sys/kernel/debug
root@(none):/# 
root@(none):/# rtcwake -d rtc1 -m mem -s 3
rtcwake: wakeup from "mem" using /dev/rtc1 at Thu Jan  1 00:00:22 1970
[    7.464618] PM: Syncing filesystems ... done.
[    7.478788] Freezing user space processes ... (elapsed 0.001 seconds) done.
[    7.486895] Freezing remaining freezable tasks ... (elapsed 0.001 seconds) done.
[    7.495519] Suspending console(s) (use no_console_suspend to debug)
[    7.578301] PM: suspend of devices complete after 75.677 msecs
[    7.579642] PM: late suspend of devices complete after 1.332 msecs
[    7.604267] PM: noirq suspend of devices complete after 24.617 msecs
[    7.604271] Disabling non-boot CPUs ...
[    7.604956] CPU1: shutdown
[    7.675206] CPU2: shutdown
[    7.734673] IRQ17 no longer affine to CPU3
[    7.734881] CPU3: shutdown
[    7.784258] Entering suspend state LP1
[    7.784258] Suspended for 3.143 seconds
[    7.784270] Enabling non-boot CPUs ...
[    7.814600] CPU1 is up
[    7.854658] CPU2 is up
[    7.894755] CPU3 is up
[    7.895390] pcieport 0000:00:01.0: nv_msi_ht_cap_quirk didn't locate host bridge
[    7.923637] PM: noirq resume of devices complete after 28.874 msecs
[    7.925801] PM: early resume of devices complete after 1.771 msecs
[    8.481113] PM: resume of devices complete after 555.303 msecs
[    8.560377] Restarting tasks ... done.
root@(none):/# 
root@(none):/# rtcwake -d rtc1 -m mem -s 3
rtcwake: wakeup from "mem" using /dev/rtc1 at Thu Jan  1 00:00:27 1970
[    9.398247] PM: Syncing filesystems ... done.
[    9.409760] Freezing user space processes ... (elapsed 0.001 seconds) done.
[    9.417867] Freezing remaining freezable tasks ... (elapsed 0.001 seconds) done.
[    9.426474] Suspending console(s) (use no_console_suspend to debug)
[    9.464857] pci_generic_config_write32: 62 callbacks suppressed
[    9.464869] pci_bus 0000:00: 2-byte config write to 0000:00:01.0 offset 0x9c may corrupt adjacent RW1C bits
[    9.507914] PM: suspend of devices complete after 74.413 msecs
[    9.511214] PM: late suspend of devices complete after 3.290 msecs
[    9.511618] pci_bus 0000:01: 2-byte config write to 0000:01:00.0 offset 0x44 may corrupt adjacent RW1C bits
[    9.511632] pci_bus 0000:01: 2-byte config write to 0000:01:00.0 offset 0x44 may corrupt adjacent RW1C bits
[    9.534245] PM: noirq suspend of devices complete after 23.025 msecs
[    9.534249] Disabling non-boot CPUs ...
[    9.534605] IRQ17 no longer affine to CPU1
[    9.534911] CPU1: shutdown
[    9.584978] CPU2: shutdown
[    9.644607] CPU3: shutdown
[    9.674151] Entering suspend state LP1
[    9.674151] Suspended for 3.110 seconds
[    9.674165] Enabling non-boot CPUs ...
[    9.704779] CPU1 is up
[    9.744799] CPU2 is up
[    9.784901] CPU3 is up
[    9.785583] pci_bus 0000:00: 2-byte config write to 0000:00:01.0 offset 0x4c may corrupt adjacent RW1C bits
[    9.785599] pci_bus 0000:00: 2-byte config write to 0000:00:01.0 offset 0x88 may corrupt adjacent RW1C bits
[    9.785605] pci_bus 0000:00: 2-byte config write to 0000:00:01.0 offset 0x90 may corrupt adjacent RW1C bits
[    9.785610] pci_bus 0000:00: 2-byte config write to 0000:00:01.0 offset 0x98 may corrupt adjacent RW1C bits
[    9.785615] pci_bus 0000:00: 2-byte config write to 0000:00:01.0 offset 0x9c may corrupt adjacent RW1C bits
[    9.785637] pci_bus 0000:00: 2-byte config write to 0000:00:01.0 offset 0x52 may corrupt adjacent RW1C bits
[    9.785644] pci_bus 0000:00: 2-byte config write to 0000:00:01.0 offset 0x52 may corrupt adjacent RW1C bits
[    9.785670] pcieport 0000:00:01.0: nv_msi_ht_cap_quirk didn't locate host bridge
[    9.813620] PM: noirq resume of devices complete after 28.709 msecs
[    9.815846] PM: early resume of devices complete after 1.758 msecs
[   10.371295] PM: resume of devices complete after 555.432 msecs
[   10.553930] Restarting tasks ... done.
root@(none):/# 
root@(none):/# rtcwake -d rtc1 -m mem -s 3
rtcwake: wakeup from "mem" using /dev/rtc1 at Thu Jan  1 00:00:32 1970
[   11.291503] PM: Syncing filesystems ... done.
[   11.305605] Freezing user space processes ... (elapsed 0.001 seconds) done.
[   11.313756] Freezing remaining freezable tasks ... (elapsed 0.001 seconds) done.
[   11.322410] Suspending console(s) (use no_console_suspend to debug)
[   11.407017] PM: suspend of devices complete after 77.318 msecs
[   11.408235] PM: late suspend of devices complete after 1.209 msecs
[   11.434367] PM: noirq suspend of devices complete after 26.120 msecs
[   11.434371] Disabling non-boot CPUs ...
[   11.434799] IRQ17 no longer affine to CPU1
[   11.435195] CPU1: shutdown
[   11.505222] CPU2: shutdown
[   11.564773] CPU3: shutdown
[   11.614079] Entering suspend state LP1
[   11.614079] Suspended for 3.060 seconds
[   11.614092] Enabling non-boot CPUs ...
[   11.644734] CPU1 is up
[   11.684757] CPU2 is up
[   11.724853] CPU3 is up
[   11.725615] pcieport 0000:00:01.0: nv_msi_ht_cap_quirk didn't locate host bridge
[   11.753593] PM: noirq resume of devices complete after 28.731 msecs
[   11.755366] PM: early resume of devices complete after 1.343 msecs
[   12.315962] PM: resume of devices complete after 560.584 msecs
[   12.395507] Restarting tasks ... done.
root@(none):/# 
root@(none):/# rtcwake -d rtc1 -m mem -s 3
rtcwake: wakeup from "mem" using /dev/rtc1 at Thu Jan  1 00:00:37 1970
[   13.231447] PM: Syncing filesystems ... done.
[   13.245568] Freezing user space processes ... (elapsed 0.001 seconds) done.
[   13.253730] Freezing remaining freezable tasks ... (elapsed 0.001 seconds) done.
[   13.262389] Suspending console(s) (use no_console_suspend to debug)
[   13.346489] PM: suspend of devices complete after 76.800 msecs
[   13.347687] PM: late suspend of devices complete after 1.187 msecs
[   13.374346] PM: noirq suspend of devices complete after 26.649 msecs
[   13.374350] Disabling non-boot CPUs ...
[   13.374791] IRQ17 no longer affine to CPU1
[   13.375208] CPU1: shutdown
[   13.445302] CPU2: shutdown
[   13.504746] CPU3: shutdown
[   13.554013] Entering suspend state LP1
[   13.554013] Suspended for 3.060 seconds
[   13.554024] Enabling non-boot CPUs ...
[   13.584692] CPU1 is up
[   13.614710] CPU2 is up
[   13.654819] CPU3 is up
[   13.655566] pcieport 0000:00:01.0: nv_msi_ht_cap_quirk didn't locate host bridge
[   13.683579] PM: noirq resume of devices complete after 28.750 msecs
[   13.684756] PM: early resume of devices complete after 0.751 msecs
[   14.245936] PM: resume of devices complete after 561.169 msecs
[   14.325472] Restarting tasks ... done.
root@(none):/# 
root@(none):/# rtcwake -d rtc1 -m mem -s 3
rtcwake: wakeup from "mem" using /dev/rtc1 at Thu Jan  1 00:00:42 1970
[   15.171435] PM: Syncing filesystems ... done.
[   15.185531] Freezing user space processes ... (elapsed 0.001 seconds) done.
[   15.193690] Freezing remaining freezable tasks ... (elapsed 0.001 seconds) done.
[   15.202346] Suspending console(s) (use no_console_suspend to debug)
[   15.244183] pci_generic_config_write32: 65 callbacks suppressed
[   15.244199] pci_bus 0000:00: 2-byte config write to 0000:00:01.0 offset 0x9c may corrupt adjacent RW1C bits
[   15.286468] PM: suspend of devices complete after 76.827 msecs
[   15.288626] PM: late suspend of devices complete after 2.147 msecs
[   15.289387] pci_bus 0000:01: 2-byte config write to 0000:01:00.0 offset 0x44 may corrupt adjacent RW1C bits
[   15.289403] pci_bus 0000:01: 2-byte config write to 0000:01:00.0 offset 0x44 may corrupt adjacent RW1C bits
[   15.314322] PM: noirq suspend of devices complete after 25.686 msecs
[   15.314328] Disabling non-boot CPUs ...
[   15.314770] IRQ17 no longer affine to CPU1
[   15.315202] CPU1: shutdown
[   15.365266] CPU2: shutdown
[   15.424728] CPU3: shutdown
[   15.473981] Entering suspend state LP1
[   15.473981] Suspended for 3.080 seconds
[   15.473993] Enabling non-boot CPUs ...
[   15.504666] CPU1 is up
[   15.544684] CPU2 is up
[   15.584788] CPU3 is up
[   15.585522] pci_bus 0000:00: 2-byte config write to 0000:00:01.0 offset 0x4c may corrupt adjacent RW1C bits
[   15.585533] pci_bus 0000:00: 2-byte config write to 0000:00:01.0 offset 0x88 may corrupt adjacent RW1C bits
[   15.585538] pci_bus 0000:00: 2-byte config write to 0000:00:01.0 offset 0x90 may corrupt adjacent RW1C bits
[   15.585543] pci_bus 0000:00: 2-byte config write to 0000:00:01.0 offset 0x98 may corrupt adjacent RW1C bits
[   15.585548] pci_bus 0000:00: 2-byte config write to 0000:00:01.0 offset 0x9c may corrupt adjacent RW1C bits
[   15.585570] pci_bus 0000:00: 2-byte config write to 0000:00:01.0 offset 0x52 may corrupt adjacent RW1C bits
[   15.585577] pci_bus 0000:00: 2-byte config write to 0000:00:01.0 offset 0x52 may corrupt adjacent RW1C bits
[   15.585604] pcieport 0000:00:01.0: nv_msi_ht_cap_quirk didn't locate host bridge
[   15.613531] PM: noirq resume of devices complete after 28.734 msecs
[   15.614724] PM: early resume of devices complete after 0.766 msecs
[   16.169504] PM: resume of devices complete after 554.768 msecs
[   16.352194] Restarting tasks ... done.
root@(none):/# 
root@(none):/# rtcwake -d rtc1 -m mem -s 3
rtcwake: wakeup from "mem" using /dev/rtc1 at Thu Jan  1 00:00:47 1970
[   17.091402] PM: Syncing filesystems ... done.
[   17.105518] Freezing user space processes ... (elapsed 0.001 seconds) done.
[   17.113679] Freezing remaining freezable tasks ... (elapsed 0.001 seconds) done.
[   17.122337] Suspending console(s) (use no_console_suspend to debug)
[   17.206933] PM: suspend of devices complete after 77.302 msecs
[   17.208200] PM: late suspend of devices complete after 1.253 msecs
[   17.234260] PM: noirq suspend of devices complete after 26.050 msecs
[   17.234266] Disabling non-boot CPUs ...
[   17.234711] IRQ17 no longer affine to CPU1
[   17.235106] CPU1: shutdown
[   17.275139] CPU2: shutdown
[   17.334679] CPU3: shutdown
[   17.383962] Entering suspend state LP1
[   17.383962] Suspended for 3.089 seconds
[   17.383976] Enabling non-boot CPUs ...
[   17.414651] CPU1 is up
[   17.454666] CPU2 is up
[   17.494758] CPU3 is up
[   17.495500] pcieport 0000:00:01.0: nv_msi_ht_cap_quirk didn't locate host bridge
[   17.523499] PM: noirq resume of devices complete after 28.733 msecs
[   17.524723] PM: early resume of devices complete after 0.788 msecs
[   18.085780] PM: resume of devices complete after 561.042 msecs
[   18.165343] Restarting tasks ... done.
root@(none):/# 
root@(none):/# rtcwake -d rtc1 -m mem -s 3
rtcwake: wakeup from "mem" using /dev/rtc1 at Thu Jan  1 00:00:52 1970
[   19.001410] PM: Syncing filesystems ... done.
[   19.015509] Freezing user space processes ... (elapsed 0.001 seconds) done.
[   19.023676] Freezing remaining freezable tasks ... (elapsed 0.001 seconds) done.
[   19.032330] Suspending console(s) (use no_console_suspend to debug)
[   19.116918] PM: suspend of devices complete after 77.302 msecs
[   19.118104] PM: late suspend of devices complete after 1.177 msecs
[   19.144267] PM: noirq suspend of devices complete after 26.151 msecs
[   19.144271] Disabling non-boot CPUs ...
[   19.145094] CPU1: shutdown
[   19.214850] IRQ17 no longer affine to CPU2
[   19.215130] CPU2: shutdown
[   19.274680] CPU3: shutdown
[   19.323929] Entering suspend state LP1
[   19.323929] Suspended for 3.060 seconds
[   19.323942] Enabling non-boot CPUs ...
[   19.354617] CPU1 is up
[   19.394623] CPU2 is up
[   19.434745] CPU3 is up
[   19.435477] pcieport 0000:00:01.0: nv_msi_ht_cap_quirk didn't locate host bridge
[   19.463472] PM: noirq resume of devices complete after 28.718 msecs
[   19.464696] PM: early resume of devices complete after 0.791 msecs
[   20.024828] PM: resume of devices complete after 560.118 msecs
[   20.104411] Restarting tasks ... done.
root@(none):/# 
root@(none):/# rtcwake -d rtc1 -m mem -s 3
rtcwake: wakeup from "mem" using /dev/rtc1 at Thu Jan  1 00:00:57 1970
[   20.955900] PM: Syncing filesystems ... done.
[   20.970004] Freezing user space processes ... (elapsed 0.001 seconds) done.
[   20.978160] Freezing remaining freezable tasks ... (elapsed 0.001 seconds) done.
[   20.986835] Suspending console(s) (use no_console_suspend to debug)
[   21.003605] pci_generic_config_write32: 65 callbacks suppressed
[   21.003622] pci_bus 0000:00: 2-byte config write to 0000:00:01.0 offset 0x9c may corrupt adjacent RW1C bits
[   21.046340] PM: suspend of devices complete after 52.217 msecs
[   21.047514] PM: late suspend of devices complete after 1.166 msecs
[   21.048006] pci_bus 0000:01: 2-byte config write to 0000:01:00.0 offset 0x44 may corrupt adjacent RW1C bits
[   21.048026] pci_bus 0000:01: 2-byte config write to 0000:01:00.0 offset 0x44 may corrupt adjacent RW1C bits
[   21.074233] PM: noirq suspend of devices complete after 26.712 msecs
[   21.074238] Disabling non-boot CPUs ...
[   21.074668] IRQ17 no longer affine to CPU1
[   21.075070] CPU1: shutdown
[   21.145089] CPU2: shutdown
[   21.204673] CPU3: shutdown
[   21.253922] Entering suspend state LP1
[   21.253922] Suspended for 3.069 seconds
[   21.253936] Enabling non-boot CPUs ...
[   21.284592] CPU1 is up
[   21.324613] CPU2 is up
[   21.364723] CPU3 is up
[   21.365425] pci_bus 0000:00: 2-byte config write to 0000:00:01.0 offset 0x4c may corrupt adjacent RW1C bits
[   21.365437] pci_bus 0000:00: 2-byte config write to 0000:00:01.0 offset 0x88 may corrupt adjacent RW1C bits
[   21.365443] pci_bus 0000:00: 2-byte config write to 0000:00:01.0 offset 0x90 may corrupt adjacent RW1C bits
[   21.365448] pci_bus 0000:00: 2-byte config write to 0000:00:01.0 offset 0x98 may corrupt adjacent RW1C bits
[   21.365453] pci_bus 0000:00: 2-byte config write to 0000:00:01.0 offset 0x9c may corrupt adjacent RW1C bits
[   21.365475] pci_bus 0000:00: 2-byte config write to 0000:00:01.0 offset 0x52 may corrupt adjacent RW1C bits
[   21.365483] pci_bus 0000:00: 2-byte config write to 0000:00:01.0 offset 0x52 may corrupt adjacent RW1C bits
[   21.365510] pcieport 0000:00:01.0: nv_msi_ht_cap_quirk didn't locate host bridge
[   21.393452] PM: noirq resume of devices complete after 28.720 msecs
[   21.394640] PM: early resume of devices complete after 0.740 msecs
[   21.954774] PM: resume of devices complete after 560.121 msecs
[   22.137483] Restarting tasks ... done.
root@(none):/# 
root@(none):/# rtcwake -d rtc1 -m mem -s 3
rtcwake: wakeup from "mem" using /dev/rtc1 at Thu Jan  1 00:01:02 1970
[   22.871336] PM: Syncing filesystems ... done.
[   22.885459] Freezing user space processes ... (elapsed 0.001 seconds) done.
[   22.893624] Freezing remaining freezable tasks ... (elapsed 0.001 seconds) done.
[   22.902286] Suspending console(s) (use no_console_suspend to debug)
[   22.986347] PM: suspend of devices complete after 76.772 msecs
[   22.987527] PM: late suspend of devices complete after 1.171 msecs
[   23.014190] PM: noirq suspend of devices complete after 26.651 msecs
[   23.014194] Disabling non-boot CPUs ...
[   23.015033] CPU1: shutdown
[   23.084773] IRQ17 no longer affine to CPU2
[   23.085043] CPU2: shutdown
[   23.144618] CPU3: shutdown
[   23.193901] Entering suspend state LP1
[   23.193901] Suspended for 3.059 seconds
[   23.193915] Enabling non-boot CPUs ...
[   23.224548] CPU1 is up
[   23.264591] CPU2 is up
[   23.304695] CPU3 is up
[   23.305442] pcieport 0000:00:01.0: nv_msi_ht_cap_quirk didn't locate host bridge
[   23.333432] PM: noirq resume of devices complete after 28.728 msecs
[   23.334577] PM: early resume of devices complete after 0.727 msecs
[   23.895364] PM: resume of devices complete after 560.774 msecs
[   23.974920] Restarting tasks ... done.
root@(none):/# 
root@(none):/# rtcwake -d rtc1 -m mem -s 3
rtcwake: wakeup from "mem" using /dev/rtc1 at Thu Jan  1 00:01:07 1970
[   24.811391] PM: Syncing filesystems ... done.
[   24.824441] Freezing user space processes ... (elapsed 0.001 seconds) done.
[   24.832582] Freezing remaining freezable tasks ... (elapsed 0.001 seconds) done.
[   24.841241] Suspending console(s) (use no_console_suspend to debug)
[   24.927854] PM: suspend of devices complete after 79.336 msecs
[   24.929077] PM: late suspend of devices complete after 1.211 msecs
[   24.954188] PM: noirq suspend of devices complete after 25.101 msecs
[   24.954191] Disabling non-boot CPUs ...
[   24.954635] IRQ17 no longer affine to CPU1
[   24.955038] CPU1: shutdown
[   24.995025] CPU2: shutdown
[   25.054568] CPU3: shutdown
[   25.084076] Entering suspend state LP1
[   25.084076] Suspended for 3.109 seconds
[   25.084090] Enabling non-boot CPUs ...
[   25.114581] CPU1 is up
[   25.154598] CPU2 is up
[   25.194664] CPU3 is up
[   25.195440] pcieport 0000:00:01.0: nv_msi_ht_cap_quirk didn't locate host bridge
[   25.223393] PM: noirq resume of devices complete after 28.719 msecs
[   25.224638] PM: early resume of devices complete after 0.775 msecs
[   25.780572] PM: resume of devices complete after 555.923 msecs
[   25.860131] Restarting tasks ... done.
root@(none):/# 
root@(none):/# NVTB SYSTEM SUSPEND TEST COMPLETE
