
U-Boot SPL 2014.01-00219-gc4d376f (Feb 18 2014 - 19:57:32)


U-Boot 2014.01-00219-gc4d376f (Feb 18 2014 - 19:57:32)

TEGRA114
Board: NVIDIA Dalmore
I2C:   ready
DRAM:  2 GiB
MMC:   Tegra SD/MMC: 0, Tegra SD/MMC: 1
In:    serial
Out:   serial
Err:   serial
Net:   Net Initialization Skipped
No ethernet found.
Hit any key to stop autoboot:  2  0 
Tegra114 (Dalmore) # 
Tegra114 (Dalmore) # usb reset
(Re)start USB...
USB0:   USB EHCI 1.10
scanning bus 0 for devices... 2 USB Device(s) found
       scanning usb for storage devices... 0 Storage Device(s) found
       scanning usb for ethernet devices... 
Warning: asx0 using MAC address from net device
1 Ethernet Device(s) found
Tegra114 (Dalmore) # setenv bootargs 'ignore_loglevel console=ttyS0,115200n8 rw root=/dev/mmcblk0p1 rootwait gpt debug init=/bin/bash'
Tegra114 (Dalmore) # setenv ipaddr 192.168.100.100; setenv serverip 192.168.100.1; setenv tftpserverip 192.168.100.1
Tegra114 (Dalmore) # tftpboot 0x81000000 zImage.multi_v7_defconfig
Using asx0 device
TFTP from server 192.168.100.1; our IP address is 192.168.100.100
Filename 'zImage.multi_v7_defconfig'.
Load address: 0x81000000
Loading: *#################################################################
	 #################################################################
	 #################################################################
	 #################################################################
	 ###########################################################
	 3.3 MiB/s
done
Bytes transferred = 4680800 (476c60 hex)
Tegra114 (Dalmore) # tftpboot 0x82000000 tegra114-dalmore.dtb
Using asx0 device
TFTP from server 192.168.100.1; our IP address is 192.168.100.100
Filename 'tegra114-dalmore.dtb'.
Load address: 0x82000000
Loading: *###
	 2.9 MiB/s
done
Bytes transferred = 33963 (84ab hex)
Tegra114 (Dalmore) # bootz 0x81000000 - 0x82000000
Kernel image @ 0x81000000 [ 0x000000 - 0x476c60 ]
## Flattened Device Tree blob at 82000000
   Booting using the fdt blob at 0x82000000
   Loading Device Tree to 8fff4000, end 8ffff4aa ... OK

Starting kernel ...

[    0.000000] Booting Linux on physical CPU 0x0
[    0.000000] Linux version 3.15.0-rc1-next-20140415-53535-g878922b (pwalmsley@tamien) (gcc version 4.7.3 20130328 (prerelease) (crosstool-NG linaro-1.13.1-4.7-2013.04-20130415 - Linaro GCC 2013.04) ) #1 SMP Mon Apr 14 21:21:43 PDT 2014
[    0.000000] CPU: ARMv7 Processor [412fc0f2] revision 2 (ARMv7), cr=10c5387d
[    0.000000] CPU: PIPT / VIPT nonaliasing data cache, PIPT instruction cache
[    0.000000] Machine model: NVIDIA Tegra114 Dalmore evaluation board
[    0.000000] debug: ignoring loglevel setting.
[    0.000000] cma: CMA: reserved 64 MiB at ab800000
[    0.000000] Memory policy: Data cache writealloc
[    0.000000] On node 0 totalpages: 524032
[    0.000000] free_area_init_node: node 0, pgdat c0b9fa40, node_mem_map ea7d9000
[    0.000000]   DMA zone: 1520 pages used for memmap
[    0.000000]   DMA zone: 0 pages reserved
[    0.000000]   DMA zone: 194560 pages, LIFO batch:31
[    0.000000]   HighMem zone: 2574 pages used for memmap
[    0.000000]   HighMem zone: 329472 pages, LIFO batch:31
[    0.000000] Tegra Revision: A01 SKU: 0 CPU Process: 1 Core Process: 1
[    0.000000] PERCPU: Embedded 7 pages/cpu @ea794000 s8192 r8192 d12288 u32768
[    0.000000] pcpu-alloc: s8192 r8192 d12288 u32768 alloc=8*4096
[    0.000000] pcpu-alloc: [0] 0 [0] 1 [0] 2 [0] 3 
[    0.000000] Built 1 zonelists in Zone order, mobility grouping on.  Total pages: 522512
[    0.000000] Kernel command line: ignore_loglevel console=ttyS0,115200n8 rw root=/dev/mmcblk0p1 rootwait gpt debug init=/bin/bash
[    0.000000] PID hash table entries: 4096 (order: 2, 16384 bytes)
[    0.000000] Dentry cache hash table entries: 131072 (order: 7, 524288 bytes)
[    0.000000] Inode-cache hash table entries: 65536 (order: 6, 262144 bytes)
[    0.000000] Memory: 2002844K/2096128K available (6054K kernel code, 797K rwdata, 2428K rodata, 548K init, 290K bss, 93284K reserved, 1317888K highmem)
[    0.000000] Virtual kernel memory layout:
[    0.000000]     vector  : 0xffff0000 - 0xffff1000   (   4 kB)
[    0.000000]     fixmap  : 0xfff00000 - 0xfffe0000   ( 896 kB)
[    0.000000]     vmalloc : 0xf0000000 - 0xff000000   ( 240 MB)
[    0.000000]     lowmem  : 0xc0000000 - 0xef800000   ( 760 MB)
[    0.000000]     pkmap   : 0xbfe00000 - 0xc0000000   (   2 MB)
[    0.000000]     modules : 0xbf000000 - 0xbfe00000   (  14 MB)
[    0.000000]       .text : 0xc0208000 - 0xc0a50d94   (8484 kB)
[    0.000000]       .init : 0xc0a51000 - 0xc0ada000   ( 548 kB)
[    0.000000]       .data : 0xc0ada000 - 0xc0ba16e0   ( 798 kB)
[    0.000000]        .bss : 0xc0ba16e8 - 0xc0be9fa0   ( 291 kB)
[    0.000000] SLUB: HWalign=64, Order=0-3, MinObjects=0, CPUs=4, Nodes=1
[    0.000000] Hierarchical RCU implementation.
[    0.000000] NR_IRQS:16 nr_irqs:16 16
[    0.000009] sched_clock: 32 bits at 1000kHz, resolution 1000ns, wraps every 2147483648000ns
[    0.001825] Architected cp15 timer(s) running at 12.00MHz (virt).
[    0.001847] sched_clock: 56 bits at 12MHz, resolution 83ns, wraps every 2863311536128ns
[    0.001855] Switching to timer-based delay loop
[    0.002072] Console: colour dummy device 80x30
[    0.002095] Calibrating delay loop (skipped), value calculated using timer frequency.. 24.00 BogoMIPS (lpj=120000)
[    0.002109] pid_max: default: 32768 minimum: 301
[    0.002243] Mount-cache hash table entries: 2048 (order: 1, 8192 bytes)
[    0.002255] Mountpoint-cache hash table entries: 2048 (order: 1, 8192 bytes)
[    0.002792] CPU: Testing write buffer coherency: ok
[    0.002981] /cpus/cpu@0 missing clock-frequency property
[    0.003005] /cpus/cpu@1 missing clock-frequency property
[    0.003029] /cpus/cpu@2 missing clock-frequency property
[    0.003054] /cpus/cpu@3 missing clock-frequency property
[    0.003066] CPU0: thread -1, cpu 0, socket 0, mpidr 80000000
[    0.003091] Setting up static identity map for 0x807b8340 - 0x807b83d8
[    0.004564] CPU1: Booted secondary processor
[    0.004589] CPU1: thread -1, cpu 1, socket 0, mpidr 80000001
[    0.005085] CPU2: Booted secondary processor
[    0.005109] CPU2: thread -1, cpu 2, socket 0, mpidr 80000002
[    0.005594] CPU3: Booted secondary processor
[    0.005617] CPU3: thread -1, cpu 3, socket 0, mpidr 80000003
[    0.005713] Brought up 4 CPUs
[    0.005739] SMP: Total of 4 processors activated.
[    0.005746] CPU: All CPU(s) started in SVC mode.
[    0.006292] devtmpfs: initialized
[    0.011995] VFP support v0.3: implementor 41 architecture 4 part 30 variant f rev 0
[    0.012511] pinctrl core: initialized pinctrl subsystem
[    0.012925] regulator-dummy: no parameters
[    0.024137] NET: Registered protocol family 16
[    0.026398] DMA: preallocated 256 KiB pool for atomic coherent allocations
[    0.027421] cpuidle: using governor ladder
[    0.027430] cpuidle: using governor menu
[    0.038462] No ATAGs?
[    0.040470] Serial: AMBA PL011 UART driver
[    0.052537] edma-dma-engine edma-dma-engine.0: Can't allocate PaRAM dummy slot
[    0.052560] edma-dma-engine: probe of edma-dma-engine.0 failed with error -5
[    0.053088] vdd_ac_bat: 5000 mV 
[    0.053319] dvdd_ts: Failed to request enable GPIO61: -517
[    0.053426] reg-fixed-voltage 1.regulator: Failed to register regulator: -517
[    0.053449] platform 1.regulator: Driver reg-fixed-voltage requests probe deferral
[    0.053620] usb1_vbus: Failed to request enable GPIO108: -517
[    0.053714] reg-fixed-voltage 3.regulator: Failed to register regulator: -517
[    0.053734] platform 3.regulator: Driver reg-fixed-voltage requests probe deferral
[    0.053900] usb2_vbus: Failed to request enable GPIO86: -517
[    0.053992] reg-fixed-voltage 4.regulator: Failed to register regulator: -517
[    0.054012] platform 4.regulator: Driver reg-fixed-voltage requests probe deferral
[    0.054175] vdd_hdmi_5v0: Failed to request enable GPIO81: -517
[    0.054268] reg-fixed-voltage 5.regulator: Failed to register regulator: -517
[    0.054289] platform 5.regulator: Driver reg-fixed-voltage requests probe deferral
[    0.054356] platform 6.regulator: Driver reg-fixed-voltage requests probe deferral
[    0.056148] vgaarb: loaded
[    0.056673] SCSI subsystem initialized
[    0.056836] libata version 3.00 loaded.
[    0.057159] usbcore: registered new interface driver usbfs
[    0.057232] usbcore: registered new interface driver hub
[    0.057329] usbcore: registered new device driver usb
[    0.060387] vdd-cpu: 500 <--> 1520 mV at 1100 mV 
[    0.060766] tps65090 2-0048: No cache defaults, reading back from HW
[    0.062334] vdd-sys-5v0: no parameters
[    0.062383] vdd-sys-5v0: supplied by vdd_ac_bat
[    0.062789] vdd-sys-3v3: no parameters
[    0.062836] vdd-sys-3v3: supplied by vdd_ac_bat
[    0.063243] vdd-ao: no parameters
[    0.063285] vdd-ao: supplied by vdd_ac_bat
[    0.063467] vdd-lcd-bl: no parameters
[    0.063507] vdd-lcd-bl: supplied by vdd_ac_bat
[    0.063678] TPS65090_RAILSFET2: no parameters
[    0.063718] TPS65090_RAILSFET2: supplied by vdd_ac_bat
[    0.063892] vdd-modem-3v3: no parameters
[    0.063929] vdd-modem-3v3: supplied by vdd-sys-3v3
[    0.064110] avdd-lcd: no parameters
[    0.064146] avdd-lcd: supplied by vdd-sys-3v3
[    0.064325] vdd-lvds: no parameters
[    0.064362] vdd-lvds: supplied by vdd-sys-3v3
[    0.064532] vdd-sd-slot: no parameters
[    0.064568] vdd-sd-slot: supplied by vdd-sys-3v3
[    0.064754] vdd-com-3v3: no parameters
[    0.064791] vdd-com-3v3: supplied by vdd-sys-3v3
[    0.064964] vdd-sby-5v0: no parameters
[    0.064999] vdd-sby-5v0: supplied by vdd_ac_bat
[    0.065171] vdd-sby-3v3: no parameters
[    0.065207] vdd-sby-3v3: supplied by vdd_ac_bat
[    0.065582] genirq: Setting trigger mode 8 for irq 118 failed (gic_set_type+0x0/0xfc)
[    0.065891] palmas 2-0058: Irq flag is 0x00000000
[    0.068413] palmas 2-0058: Muxing GPIO ff, PWM 0, LED 0
[    0.071614] vddio-ddr: 1350 mV 
[    0.071844] vddio-ddr: supplied by vdd-ao
[    0.073340] vddio-1v8: 1800 mV 
[    0.073555] vddio-1v8: supplied by vdd-ao
[    0.075050] vdd-core: 900 <--> 1400 mV at 1100 mV 
[    0.075265] vdd-core: supplied by vdd-sys-3v3
[    0.076216] SMPS6: no parameters
[    0.077875] avdd-pll: 1050 mV 
[    0.078092] avdd-pll: supplied by vdd-sys-3v3
[    0.079834] sdhci-vdd-sd-slot: 2800 mV 
[    0.080047] sdhci-vdd-sd-slot: supplied by vdd-sys-3v3
[    0.080546] SMPS10_OUT2: at 5000 mV 
[    0.081052] SMPS10_OUT1: at 5000 mV 
[    0.081730] avdd-cam1: 2800 mV 
[    0.081942] avdd-cam1: supplied by vdd-sys-3v3
[    0.082860] avdd-cam2: 2800 mV 
[    0.083070] avdd-cam2: supplied by vdd-sys-3v3
[    0.091726] avdd-dsi-csi: 1200 mV 
[    0.091940] avdd-dsi-csi: supplied by vddio-1v8
[    0.093022] vpp-fuse: 1800 mV 
[    0.093232] vpp-fuse: supplied by vdd-sys-3v3
[    0.093988] LDO5: no parameters
[    0.094199] LDO5: supplied by vdd_ac_bat
[    0.094954] vdd-sensor-2v85: 2850 mV 
[    0.095162] vdd-sensor-2v85: supplied by vdd-sys-3v3
[    0.096079] vdd-af-cam1: 2800 mV 
[    0.096291] vdd-af-cam1: supplied by vdd-sys-3v3
[    0.101743] vdd-rtc: 900 mV 
[    0.101953] vdd-rtc: supplied by vdd-ao
[    0.111909] vddio-sdmmc-2: 1800 <--> 3300 mV at 3300 mV 
[    0.112119] vddio-sdmmc-2: supplied by sdhci-vdd-sd-slot
[    0.113208] hvdd-usb: 3300 mV 
[    0.113418] hvdd-usb: supplied by vdd-sys-5v0
[    0.121762] avdd-usb: 3300 mV 
[    0.121973] avdd-usb: supplied by vdd-sys-5v0
[    0.122739] rail-3v3: no parameters
[    0.123333] rail-5v0: no parameters
[    0.123748] REGEN3: no parameters
[    0.123902] SYSEN1: no parameters
[    0.124053] SYSEN2: no parameters
[    0.124773] Linux video capture interface: v2.00
[    0.124825] pps_core: LinuxPPS API ver. 1 registered
[    0.124834] pps_core: Software ver. 5.3.6 - Copyright 2005-2007 Rodolfo Giometti <giometti@linux.it>
[    0.124858] PTP clock support registered
[    0.124914] EDAC MC: Ver: 3.0.0
[    0.125563] platform 70019010.iommu: Driver tegra-smmu requests probe deferral
[    0.125749] Advanced Linux Sound Architecture Driver Initialized.
[    0.126713] Switched to clocksource arch_sys_counter
[    0.136509] NET: Registered protocol family 2
[    0.136961] TCP established hash table entries: 8192 (order: 3, 32768 bytes)
[    0.137052] TCP bind hash table entries: 8192 (order: 4, 65536 bytes)
[    0.137239] TCP: Hash tables configured (established 8192 bind 8192)
[    0.137287] TCP: reno registered
[    0.137301] UDP hash table entries: 512 (order: 2, 16384 bytes)
[    0.137343] UDP-Lite hash table entries: 512 (order: 2, 16384 bytes)
[    0.137504] NET: Registered protocol family 1
[    0.137731] RPC: Registered named UNIX socket transport module.
[    0.137741] RPC: Registered udp transport module.
[    0.137749] RPC: Registered tcp transport module.
[    0.137757] RPC: Registered tcp NFSv4.1 backchannel transport module.
[    0.137768] PCI: CLS 0 bytes, default 64
[    0.139445] futex hash table entries: 1024 (order: 4, 65536 bytes)
[    0.139873] bounce pool size: 64 pages
[    0.151346] squashfs: version 4.0 (2009/01/31) Phillip Lougher
[    0.152088] NFS: Registering the id_resolver key type
[    0.152120] Key type id_resolver registered
[    0.152130] Key type id_legacy registered
[    0.152174] msgmni has been set to 1465
[    0.152733] Block layer SCSI generic (bsg) driver version 0.4 loaded (major 249)
[    0.152743] io scheduler noop registered
[    0.152752] io scheduler deadline registered
[    0.152959] io scheduler cfq registered (default)
[    0.168616] tegra-apbdma 6000a000.dma: Tegra20 APB DMA driver register 32 channels
[    0.233067] Serial: 8250/16550 driver, 4 ports, IRQ sharing disabled
[    0.234698] Serial: IMX driver
[    0.235066] msm_serial: driver initialized
[    0.235929] console [ttyS0] disabled
[    0.235957] 70006300.serial: ttyS0 at MMIO 0x70006300 (irq = 122, base_baud = 25500000) is a Tegra
[    1.281585] console [ttyS0] enabled
[    1.285757] STMicroelectronics ASC driver initialized
[    1.291574] serial: Freescale lpuart driver
[    1.295931] [drm] Initialized drm 1.1.0 20060810
[    1.301251] platform 54300000.dsi: Driver tegra-dsi requests probe deferral
[    1.308799] tegra-hdmi 54280000.hdmi: failed to get VDD regulator
[    1.314897] platform 54280000.hdmi: Driver tegra-hdmi requests probe deferral
[    1.327975] loop: module loaded
[    1.334349] m25p80 spi32766.0: w25q32dw (4096 Kbytes)
[    1.342571] pegasus: v0.9.3 (2013/04/25), Pegasus/Pegasus II USB Ethernet driver
[    1.350031] usbcore: registered new interface driver pegasus
[    1.355753] usbcore: registered new interface driver asix
[    1.361204] usbcore: registered new interface driver ax88179_178a
[    1.367345] usbcore: registered new interface driver cdc_ether
[    1.373238] usbcore: registered new interface driver smsc75xx
[    1.379052] usbcore: registered new interface driver smsc95xx
[    1.384831] usbcore: registered new interface driver net1080
[    1.390536] usbcore: registered new interface driver cdc_subset
[    1.396487] usbcore: registered new interface driver zaurus
[    1.402138] usbcore: registered new interface driver cdc_ncm
[    1.407813] ehci_hcd: USB 2.0 'Enhanced' Host Controller (EHCI) Driver
[    1.414329] ehci-pci: EHCI PCI platform driver
[    1.418821] ehci-platform: EHCI generic platform driver
[    1.424207] ehci-omap: OMAP-EHCI Host Controller driver
[    1.429552] ehci-orion: EHCI orion driver
[    1.433672] SPEAr-ehci: EHCI SPEAr driver
[    1.437811] tegra-ehci: Tegra EHCI driver
[    1.442009] platform 7d008000.usb: Driver tegra-ehci requests probe deferral
[    1.449569] usbcore: registered new interface driver usb-storage
[    1.456082] platform 7d008000.usb-phy: Driver tegra-phy requests probe deferral
[    1.464601] mousedev: PS/2 mouse device common for all mice
[    1.474021] palmas-rtc rtc.8: rtc core: registered rtc.8 as rtc0
[    1.481444] tegra_rtc 7000e000.rtc: rtc core: registered 7000e000.rtc as rtc1
[    1.488601] tegra_rtc 7000e000.rtc: Tegra internal Real Time Clock
[    1.495235] i2c /dev entries driver
[    1.499919] usbcore: registered new interface driver uvcvideo
[    1.505654] USB Video Class driver (1.1.1)
[    1.509757] gspca_main: v2.14.0 registered
[    1.514529] sbs-battery 0-000b: sbs_probe: Failed to get device status
[    1.521070] sbs-battery: probe of 0-000b failed with error -121
[    1.532811] sdhci: Secure Digital Host Controller Interface driver
[    1.538999] sdhci: Copyright(c) Pierre Ossman
[    1.544015] sdhci-pltfm: SDHCI platform and OF driver helper
[    1.550236] sdhci-tegra 78000400.sdhci: Got CD GPIO #170.
[    1.556671] mmc0: no vqmmc regulator found
[    1.560785] mmc0: no vmmc regulator found
[    1.564787] mmc0: Invalid maximum block size, assuming 512 bytes
[    1.616736] mmc0: SDHCI controller on 78000400.sdhci [78000400.sdhci] using ADMA
[    1.624226] mmc1: no vqmmc regulator found
[    1.628341] mmc1: no vmmc regulator found
[    1.632345] mmc1: Invalid maximum block size, assuming 512 bytes
[    1.676726] mmc1: SDHCI controller on 78000600.sdhci [78000600.sdhci] using ADMA
[    1.686547] usbcore: registered new interface driver usbhid
[    1.694146] usbhid: USB HID core driver
[    1.812202] mmc1: BKOPS_EN bit is not set
[    1.843598] mmc1: new HS200 MMC card at address 0001
[    1.848928] mmcblk0: mmc1:0001 SEM32G 29.1 GiB 
[    1.853565] mmcblk0boot0: mmc1:0001 SEM32G partition 1 4.00 MiB
[    1.859591] mmcblk0boot1: mmc1:0001 SEM32G partition 2 4.00 MiB
[    1.865591] mmcblk0rpmb: mmc1:0001 SEM32G partition 3 4.00 MiB
[    1.874415]  mmcblk0: p1 p2 p3 p4 p5 p6 p7 p8
[    1.882304]  mmcblk0boot1: unknown partition table
[    1.888698]  mmcblk0boot0: unknown partition table
[    2.118850] tegra30-i2s 70080400.i2s: DMA channels sourced from device 70080000.ahub
[    2.134772] tegra-snd-rt5640 sound.5: rt5640-aif1 <-> 70080400.i2s mapping ok
[    2.145575] input: NVIDIA Tegra Dalmore Headphones as /devices/soc0/sound.5/sound/card0/input0
[    2.155427] TCP: cubic registered
[    2.158758] NET: Registered protocol family 17
[    2.163371] Key type dns_resolver registered
[    2.168217] ThumbEE CPU extension supported.
[    2.172490] Registering SWP/SWPB emulation handler
[    2.180216] dvdd_ts: 1800 mV 
[    2.183531] usb1_vbus: 5000 mV 
[    2.186727] usb1_vbus: supplied by vdd-sys-5v0
[    2.191514] usb2_vbus: 5000 mV 
[    2.194688] usb2_vbus: supplied by vdd-sys-5v0
[    2.199640] vdd_hdmi_5v0: 5000 mV 
[    2.203088] vdd_hdmi_5v0: supplied by vdd-sys-5v0
[    2.208679] vdd_cam_1v8_reg: 1800 mV 
[    2.216695] [drm] Supports vblank timestamp caching Rev 2 (21.10.2013).
[    2.223342] [drm] No driver support for vblank timestamp query.
[    2.277277] Console: switching to colour frame buffer device 240x75
[    2.304572] host1x drm: fb0:  frame buffer device
[    2.309325] host1x drm: registered panic notifier
[    2.314046] [drm] Initialized tegra 0.0.0 20120330 on minor 0
[    2.320481] platform 7d008000.usb: Driver tegra-ehci requests probe deferral
[    2.329052] tegra-ehci 7d008000.usb: EHCI Host Controller
[    2.334470] tegra-ehci 7d008000.usb: new USB bus registered, assigned bus number 1
[    2.343186] tegra-ehci 7d008000.usb: irq 129, io mem 0x7d008000
[    2.366850] tegra-ehci 7d008000.usb: USB 2.0 started, EHCI 1.10
[    2.373757] hub 1-0:1.0: USB hub found
[    2.377591] hub 1-0:1.0: 1 port detected
[    2.383013] input: gpio-keys.3 as /devices/soc0/gpio-keys.3/input/input1
[    2.392444] palmas-rtc rtc.8: setting system clock to 2000-02-28 19:34:56 UTC (951766496)
[    2.410382] ALSA device list:
[    2.413353]   #0: NVIDIA Tegra Dalmore
[    2.418808] EXT4-fs (mmcblk0p1): mounting ext3 file system using the ext4 subsystem
[    2.442964] EXT4-fs (mmcblk0p1): recovery complete
[    2.447811] EXT4-fs (mmcblk0p1): mounted filesystem with ordered data mode. Opts: (null)
[    2.455928] VFS: Mounted root (ext3 filesystem) on device 179:1.
[    2.469760] devtmpfs: mounted
[    2.473180] Freeing unused kernel memory: 548K (c0a51000 - c0ada000)
bash: cannot set terminal process group (-1): Inappropriate ioctl for device
bash: no job control in this shell
[    2.696912] usb 1-1: new high-speed USB device number 2 using tegra-ehci
root@(none):/# 