

U-Boot 2015.04-00466-gedec83e90172 (Mar 14 2016 - 10:42:01)

TEGRA124
Model: Acer Chromebook 13 CB5-311
DRAM:  4 GiB
:   Tegra SD/MMC: 0, Tegra SD/MMC: 1, Tegra SD/MMC: 2
MMC init failed
Using default environment

In:    serial
Out:   serial
Err:   serial
Net:   Net Initialization Skipped
No ethernet found.
Hit any key to stop autoboot:  2  0 
Tegra124 (Nyan-big) # 
Tegra124 (Nyan-big) # usb start
starting USB...
USB0:   USB EHCI 1.10
scanning bus 0 for devices... 2 USB Device(s) found
USB1:   USB EHCI 1.10
scanning bus 1 for devices... 2 USB Device(s) found
       scanning usb for storage devices... 1 Storage Device(s) found
       scanning usb for ethernet devices... 
Warning: asx0 using MAC address from net device
1 Ethernet Device(s) found
Tegra124 (Nyan-big) # mw 0x7000e4a0 0x00080000
Tegra124 (Nyan-big) # setenv bootargs 'ignore_loglevel console=ttyS0,115200n8 rw root=PARTUUID=4d36e82a-b3c0-4b4b-bfcd-afe5217ac023 rootwait gpt debug noinitrd earlyprintk init=/bin/bash'
Tegra124 (Nyan-big) # setenv ipaddr 192.168.100.104; setenv serverip 192.168.100.1; setenv tftpserverip 192.168.100.1
Tegra124 (Nyan-big) # tftpboot 0x82000000 zImage.tegra_defconfig
Using asx0 device
TFTP from server 192.168.100.1; our IP address is 192.168.100.104
Filename 'zImage.tegra_defconfig'.
Load address: 0x82000000
Loading: *#################################################################
	 #################################################################
	 #################################################################
	 #################################################################
	 #################################################################
	 #################################################################
	 ##################################
	 3.3 MiB/s
done
Bytes transferred = 6218640 (5ee390 hex)
Tegra124 (Nyan-big) # tftpboot 0x83000000 tegra124-nyan-big.dtb
Using asx0 device
TFTP from server 192.168.100.1; our IP address is 192.168.100.104
Filename 'tegra124-nyan-big.dtb'.
Load address: 0x83000000
Loading: *#####
	 3.2 MiB/s
done
Bytes transferred = 67482 (1079a hex)
Tegra124 (Nyan-big) # bootz 0x82000000 - 0x83000000
Kernel image @ 0x82000000 [ 0x000000 - 0x5ee390 ]
## Flattened Device Tree blob at 83000000
   Booting using the fdt blob at 0x83000000
   Using Device Tree in place at 83000000, end 83013799

Starting kernel ...

[    0.000000] Booting Linux on physical CPU 0x0
[    0.000000] Linux version 4.15.0-next-20180131-28668-g537659c (jonathanh@kaivo) (gcc version 4.7.3 20130328 (prerelease) (crosstool-NG linaro-1.13.1-4.7-2013.04-20130415 - Linaro GCC 2013.04)) #1 SMP PREEMPT Tue Jan 30 22:02:18 PST 2018
[    0.000000] CPU: ARMv7 Processor [413fc0f3] revision 3 (ARMv7), cr=10c5387d
[    0.000000] CPU: div instructions available: patching division code
[    0.000000] CPU: PIPT / VIPT nonaliasing data cache, PIPT instruction cache
[    0.000000] OF: fdt: Machine model: Acer Chromebook 13 CB5-311
[    0.000000] OF: fdt: Ignoring memory range 0x100000000 - 0x17ffff000
[    0.000000] debug: ignoring loglevel setting.
[    0.000000] bootconsole [earlycon0] enabled
[    0.000000] Memory policy: Data cache writealloc
[    0.000000] cma: Reserved 64 MiB at 0xfbc00000
[    0.000000] On node 0 totalpages: 524287
[    0.000000]   Normal zone: 1536 pages used for memmap
[    0.000000]   Normal zone: 0 pages reserved
[    0.000000]   Normal zone: 196608 pages, LIFO batch:31
[    0.000000]   HighMem zone: 327679 pages, LIFO batch:31
[    0.000000] random: fast init done
[    0.000000] percpu: Embedded 17 pages/cpu @(ptrval) s39296 r8192 d22144 u69632
[    0.000000] pcpu-alloc: s39296 r8192 d22144 u69632 alloc=17*4096
[    0.000000] pcpu-alloc: [0] 0 [0] 1 [0] 2 [0] 3 
[    0.000000] Built 1 zonelists, mobility grouping on.  Total pages: 522751
[    0.000000] Kernel command line: ignore_loglevel console=ttyS0,115200n8 rw root=PARTUUID=4d36e82a-b3c0-4b4b-bfcd-afe5217ac023 rootwait gpt debug noinitrd earlyprintk init=/bin/bash
[    0.000000] Dentry cache hash table entries: 131072 (order: 7, 524288 bytes)
[    0.000000] Inode-cache hash table entries: 65536 (order: 6, 262144 bytes)
[    0.000000] Memory: 1999508K/2097148K available (9216K kernel code, 783K rwdata, 2584K rodata, 1024K init, 298K bss, 32104K reserved, 65536K cma-reserved, 1245180K highmem)
[    0.000000] Virtual kernel memory layout:
[    0.000000]     vector  : 0xffff0000 - 0xffff1000   (   4 kB)
[    0.000000]     fixmap  : 0xffc00000 - 0xfff00000   (3072 kB)
[    0.000000]     vmalloc : 0xf0800000 - 0xff800000   ( 240 MB)
[    0.000000]     lowmem  : 0xc0000000 - 0xf0000000   ( 768 MB)
[    0.000000]     pkmap   : 0xbfe00000 - 0xc0000000   (   2 MB)
[    0.000000]     modules : 0xbf000000 - 0xbfe00000   (  14 MB)
[    0.000000]       .text : 0x(ptrval) - 0x(ptrval)   (10208 kB)
[    0.000000]       .init : 0x(ptrval) - 0x(ptrval)   (1024 kB)
[    0.000000]       .data : 0x(ptrval) - 0x(ptrval)   ( 784 kB)
[    0.000000]        .bss : 0x(ptrval) - 0x(ptrval)   ( 299 kB)
[    0.000000] Preemptible hierarchical RCU implementation.
[    0.000000] 	Tasks RCU enabled.
[    0.000000] NR_IRQS: 16, nr_irqs: 16, preallocated irqs: 16
[    0.000000] /interrupt-controller@60004000: 160 interrupts forwarded to /interrupt-controller@50041000
[    0.000000] Tegra clk 127: register failed with -17
[    0.000004] sched_clock: 32 bits at 1000kHz, resolution 1000ns, wraps every 2147483647500ns
[    0.008023] clocksource: timer_us: mask: 0xffffffff max_cycles: 0xffffffff, max_idle_ns: 1911260446275 ns
[    0.017555] Switching to timer-based delay loop, resolution 1000ns
[    0.024097] arch_timer: cp15 timer(s) running at 12.00MHz (virt).
[    0.029776] clocksource: arch_sys_counter: mask: 0xffffffffffffff max_cycles: 0x2c47f4ee7, max_idle_ns: 440795202497 ns
[    0.040523] sched_clock: 56 bits at 12MHz, resolution 83ns, wraps every 4398046511096ns
[    0.048494] Switching to timer-based delay loop, resolution 83ns
[    0.054676] Console: colour dummy device 80x30
[    0.058901] Calibrating delay loop (skipped), value calculated using timer frequency.. 24.00 BogoMIPS (lpj=120000)
[    0.069212] pid_max: default: 32768 minimum: 301
[    0.073975] Mount-cache hash table entries: 2048 (order: 1, 8192 bytes)
[    0.080394] Mountpoint-cache hash table entries: 2048 (order: 1, 8192 bytes)
[    0.087735] CPU: Testing write buffer coherency: ok
[    0.092410] /cpus/cpu@0 missing clock-frequency property
[    0.097557] /cpus/cpu@1 missing clock-frequency property
[    0.102852] /cpus/cpu@2 missing clock-frequency property
[    0.108130] /cpus/cpu@3 missing clock-frequency property
[    0.113413] CPU0: thread -1, cpu 0, socket 0, mpidr 80000000
[    0.153456] Setting up static identity map for 0x80100000 - 0x801000a0
[    0.158111] Hierarchical SRCU implementation.
[    0.173679] Tegra Revision: A01 SKU: 131 CPU Process: 1 SoC Process: 1
[    0.193460] smp: Bringing up secondary CPUs ...
[    0.243706] CPU1: thread -1, cpu 1, socket 0, mpidr 80000001
[    0.323734] CPU2: thread -1, cpu 2, socket 0, mpidr 80000002
[    0.403775] CPU3: thread -1, cpu 3, socket 0, mpidr 80000003
[    0.413605] smp: Brought up 1 node, 4 CPUs
[    0.432687] SMP: Total of 4 processors activated (96.00 BogoMIPS).
[    0.438840] CPU: All CPU(s) started in SVC mode.
[    0.444133] devtmpfs: initialized
[    0.453524] Built 1 zonelists, mobility grouping on.  Total pages: 516261
[    0.458567] VFP support v0.3: implementor 41 architecture 4 part 30 variant f rev 0
[    0.466198] clocksource: jiffies: mask: 0xffffffff max_cycles: 0xffffffff, max_idle_ns: 19112604462750000 ns
[    0.475814] futex hash table entries: 1024 (order: 4, 65536 bytes)
[    0.482102] pinctrl core: initialized pinctrl subsystem
[    0.487626] NET: Registered protocol family 16
[    0.492027] DMA: preallocated 256 KiB pool for atomic coherent allocations
[    0.498939] cpuidle: using governor menu
[    0.509744] No ATAGs?
[    0.509803] hw-breakpoint: found 5 (+1 reserved) breakpoint and 4 watchpoint registers.
[    0.518146] hw-breakpoint: maximum watchpoint size is 8 bytes.
[    0.524833] tegra-mc 70019000.memory-controller: no memory timings for RAM code 0 registered
[    0.532515] iommu: Adding device 50000000.host1x to group 0
[    0.537921] iommu: Adding device 54200000.dc to group 1
[    0.543121] iommu: Adding device 54240000.dc to group 1
[    0.548321] iommu: Adding device 57000000.gpu to group 2
[    0.559329] +5V_SYS: supplied by +VDD_MUX
[    0.561556] +3.3V_SYS: supplied by +VDD_MUX
[    0.565882] +VDD_LED: Failed to request enable GPIO122: -517
[    0.571216] reg-fixed-voltage regulators:regulator@5: Failed to register regulator: -517
[    0.579318] +5V_VDD_TS_SW: Failed to request enable GPIO81: -517
[    0.585255] reg-fixed-voltage regulators:regulator@6: Failed to register regulator: -517
[    0.593369] +5V_USB_HS: Failed to request enable GPIO108: -517
[    0.599122] reg-fixed-voltage regulators:regulator@7: Failed to register regulator: -517
[    0.607238] +5V_USB_SS: Failed to request enable GPIO109: -517
[    0.612989] reg-fixed-voltage regulators:regulator@8: Failed to register regulator: -517
[    0.621162] +1.05V_RUN_AVDD_HDMI_PLL: Failed to request enable GPIO63: -517
[    0.627982] reg-fixed-voltage regulators:regulator@11: Failed to register regulator: -517
[    0.636179] +5V_HDMI_CON: Failed to request enable GPIO86: -517
[    0.642022] reg-fixed-voltage regulators:regulator@12: Failed to register regulator: -517
[    0.650615] vgaarb: loaded
[    0.653119] SCSI subsystem initialized
[    0.656675] libata version 3.00 loaded.
[    0.660530] usbcore: registered new interface driver usbfs
[    0.665880] usbcore: registered new interface driver hub
[    0.671186] usbcore: registered new device driver usb
[    0.677392] Linux video capture interface: v2.00
[    0.680788] pps_core: LinuxPPS API ver. 1 registered
[    0.685710] pps_core: Software ver. 5.3.6 - Copyright 2005-2007 Rodolfo Giometti <giometti@linux.it>
[    0.694813] PTP clock support registered
[    0.698849] tegra-emc 7001b000.emc: no memory timings for RAM code 0 found in DT
[    0.706073] tegra-emc: probe of 7001b000.emc failed with error -2
[    0.712243] Advanced Linux Sound Architecture Driver Initialized.
[    0.718450] Bluetooth: Core ver 2.22
[    0.721773] NET: Registered protocol family 31
[    0.726181] Bluetooth: HCI device and connection manager initialized
[    0.732504] Bluetooth: HCI socket layer initialized
[    0.737361] Bluetooth: L2CAP socket layer initialized
[    0.742396] Bluetooth: SCO socket layer initialized
[    0.747480] clocksource: Switched to clocksource arch_sys_counter
[    0.785635] NET: Registered protocol family 2
[    0.788456] tcp_listen_portaddr_hash hash table entries: 512 (order: 0, 6144 bytes)
[    0.795723] TCP established hash table entries: 8192 (order: 3, 32768 bytes)
[    0.802768] TCP bind hash table entries: 8192 (order: 4, 65536 bytes)
[    0.809202] TCP: Hash tables configured (established 8192 bind 8192)
[    0.815635] UDP hash table entries: 512 (order: 2, 16384 bytes)
[    0.821376] UDP-Lite hash table entries: 512 (order: 2, 16384 bytes)
[    0.827810] NET: Registered protocol family 1
[    0.832298] RPC: Registered named UNIX socket transport module.
[    0.837919] RPC: Registered udp transport module.
[    0.842588] RPC: Registered tcp transport module.
[    0.847268] RPC: Registered tcp NFSv4.1 backchannel transport module.
[    0.863930] PCI: CLS 0 bytes, default 64
[    0.866623] hw perfevents: enabled with armv7_cortex_a15 PMU driver, 7 counters available
[    0.874736] Initialise system trusted keyrings
[    0.878582] workingset: timestamp_bits=30 max_order=19 bucket_order=0
[    0.885399] squashfs: version 4.0 (2009/01/31) Phillip Lougher
[    0.891040] NFS: Registering the id_resolver key type
[    0.895754] Key type id_resolver registered
[    0.899919] Key type id_legacy registered
[    0.905600] Key type asymmetric registered
[    0.907976] Asymmetric key parser 'x509' registered
[    0.912869] bounce: pool size: 64 pages
[    0.916661] io scheduler noop registered (default)
[    0.921409] io scheduler mq-deadline registered
[    0.925906] io scheduler kyber registered
[    0.930545] tegra-xusb-padctl 7009f000.padctl: failed to setup XUSB ports: -517
[    0.943060] tegra-apbdma 60020000.dma: Tegra20 APB DMA driver register 32 channels
[    0.949154] tegra-pmc 7000e400.pmc: i2c-thermtrip node not found, emergency thermal reset disabled.
[    0.957951] Serial: 8250/16550 driver, 4 ports, IRQ sharing disabled
[    0.964711] console [ttyS0] disabled
[    0.967628] 70006000.serial: ttyS0 at MMIO 0x70006000 (irq = 333, base_baud = 25500000) is a Tegra
[    0.976543] console [ttyS0] enabled
[    0.976543] console [ttyS0] enabled
[    0.982778] bootconsole [earlycon0] disabled
[    0.982778] bootconsole [earlycon0] disabled
[    1.008913] tegra-hdmi 54280000.hdmi: failed to get HDMI regulator
[    1.015387] tegra-dpaux 545c0000.dpaux: failed to get VDD supply: -517
[    1.022898] panel-simple panel: panel supply power not found, using dummy regulator
[    1.034282] loop: module loaded
[    1.038010] as3722 4-0040: AS3722 with revision 0x1 found
[    1.048072] as3722-sd2: supplied by +5V_SYS
[    1.052494] as3722-sd3: supplied by +5V_SYS
[    1.056829] +1.35V_LP0(sd3): Bringing 0uV into 1350000-1350000uV
[    1.063016] as3722-sd4: supplied by +5V_SYS
[    1.067350] +1.05V_RUN: Bringing 0uV into 1050000-1050000uV
[    1.073109] as3722-sd5: supplied by +5V_SYS
[    1.078716] as3722-ldo0: supplied by +1.35V_LP0(sd2)
[    1.084460] +1.8V_RUN_CAM: Bringing 0uV into 1800000-1800000uV
[    1.090485] as3722-ldo2: supplied by +1.8V_VDDIO
[    1.096110] as3722-ldo3: supplied by +3.3V_SYS
[    1.100574] +1.00V_LP0_VDD_RTC: Bringing 1100000uV into 1000000-1000000uV
[    1.108151] as3722-ldo4: supplied by +3.3V_SYS
[    1.112748] +3.3V_RUN_CAM: Bringing 0uV into 2800000-2800000uV
[    1.118778] as3722-ldo5: supplied by +1.8V_VDDIO
[    1.123549] +1.2V_RUN_CAM_FRONT: Bringing 0uV into 1200000-1200000uV
[    1.130246] +VDDIO_SDMMC3: Bringing 0uV into 1800000-1800000uV
[    1.136281] as3722-ldo7: supplied by +1.8V_VDDIO
[    1.141062] +1.05V_RUN_CAM_REAR: Bringing 0uV into 1050000-1050000uV
[    1.147617] as3722-ldo9: supplied by +5V_SYS
[    1.152184] +2.8V_RUN_TOUCH: Bringing 0uV into 2800000-2800000uV
[    1.158394] as3722-ldo10: supplied by +5V_SYS
[    1.162904] +2.8V_RUN_CAM_AF: Bringing 0uV into 2800000-2800000uV
[    1.169356] +1.8V_RUN_VPP_FUSE: Bringing 0uV into 1800000-1800000uV
[    1.191786] cros-ec-spi spi0.0: Chrome EC device registered
[    1.206754] m25p80 spi1.0: w25q32dw (4096 Kbytes)
[    1.222289] libphy: Fixed MDIO Bus: probed
[    1.226373] CAN device driver interface
[    1.230225] igb: Intel(R) Gigabit Ethernet Network Driver - version 5.4.0-k
[    1.237167] igb: Copyright (c) 2007-2014 Intel Corporation.
[    1.242803] pegasus: v0.9.3 (2013/04/25), Pegasus/Pegasus II USB Ethernet driver
[    1.250216] usbcore: registered new interface driver pegasus
[    1.255882] usbcore: registered new interface driver asix
[    1.261289] usbcore: registered new interface driver ax88179_178a
[    1.267385] usbcore: registered new interface driver cdc_ether
[    1.273236] usbcore: registered new interface driver smsc75xx
[    1.278998] usbcore: registered new interface driver smsc95xx
[    1.284745] usbcore: registered new interface driver net1080
[    1.290416] usbcore: registered new interface driver cdc_subset
[    1.296338] usbcore: registered new interface driver zaurus
[    1.301927] usbcore: registered new interface driver cdc_ncm
[    1.307667] ehci_hcd: USB 2.0 'Enhanced' Host Controller (EHCI) Driver
[    1.314177] ehci-pci: EHCI PCI platform driver
[    1.318635] tegra-ehci: Tegra EHCI driver
[    1.322899] usbcore: registered new interface driver cdc_acm
[    1.328551] cdc_acm: USB Abstract Control Model driver for USB modems and ISDN adapters
[    1.336554] usbcore: registered new interface driver cdc_wdm
[    1.342228] usbcore: registered new interface driver usb-storage
[    1.348896] input: cros_ec as /devices/soc0/7000d400.spi/spi_master/spi0/spi0.0/7000d400.spi:cros-ec@0:keyboard-controller/input/input0
[    1.368500] as3722-rtc as3722-rtc: rtc core: registered as3722-rtc as rtc0
[    1.375359] as3722-rtc as3722-rtc: RTC interrupt 372
[    1.382123] tegra_rtc 7000e000.rtc: rtc core: registered 7000e000.rtc as rtc1
[    1.389268] tegra_rtc 7000e000.rtc: Tegra internal Real Time Clock
[    1.395546] i2c /dev entries driver
[    1.399458] usbcore: registered new interface driver uvcvideo
[    1.405189] USB Video Class driver (1.1.1)
[    1.409281] gspca_main: v2.14.0 registered
[    1.413599] lm90 0-004c: 0-004c supply vcc not found, using dummy regulator
[    1.422261] tegra-wdt 60005000.timer: initialized (heartbeat = 120 sec, nowayout = 0)
[    1.430596] sdhci: Secure Digital Host Controller Interface driver
[    1.436760] sdhci: Copyright(c) Pierre Ossman
[    1.441114] sdhci-pltfm: SDHCI platform and OF driver helper
[    1.446888] sdhci-tegra 700b0000.sdhci: allocated mmc-pwrseq
[    1.460694] sdhci-tegra 700b0400.sdhci: Got CD GPIO
[    1.465566] sdhci-tegra 700b0400.sdhci: Got WP GPIO
[    1.485617] mmc0: Unknown controller version (3). You may experience problems.
[    1.492859] mmc0: Invalid maximum block size, assuming 512 bytes
[    1.529640] mmc0: SDHCI controller on 700b0600.sdhci [700b0600.sdhci] using ADMA
[    1.537351] usbcore: registered new interface driver usbhid
[    1.543031] usbhid: USB HID core driver
[    1.549136] tegra30-i2s 70301100.i2s: DMA channels sourced from device 70300000.ahub
[    1.597385] mmc0: new high speed MMC card at address 0001
[    1.603306] max98090 0-0010: MAX98090 REVID=0x43
[    1.604732] mmcblk0: mmc0:0001 MMC16G 14.4 GiB 
[    1.614088] max98090 0-0010: use default 2.8v micbias
[    1.614300] mmcblk0boot0: mmc0:0001 MMC16G partition 1 2.00 MiB
[    1.626915] mmcblk0boot1: mmc0:0001 MMC16G partition 2 2.00 MiB
[    1.632956] mmcblk0rpmb: mmc0:0001 MMC16G partition 3 128 KiB, chardev (247:0)
[    1.633133] tegra-snd-max98090 sound: HiFi <-> 70301100.i2s mapping ok
[    1.647892] input: GoogleNyanBig Headphones as /devices/soc0/sound/sound/card1/input1
[    1.649753]  mmcblk0: p1 p2 p3 p4 p5 p6 p7 p8 p9 p10 p11 p12
[    1.655872] input: GoogleNyanBig Mic Jack as /devices/soc0/sound/sound/card1/input2
[    1.669856] NET: Registered protocol family 10
[    1.674883] Segment Routing with IPv6
[    1.678611] mip6: Mobile IPv6
[    1.681570] sit: IPv6, IPv4 and MPLS over IPv4 tunneling driver
[    1.688010] NET: Registered protocol family 17
[    1.692447] NET: Registered protocol family 15
[    1.696877] can: controller area network core (rev 20170425 abi 9)
[    1.703121] NET: Registered protocol family 29
[    1.707566] can: raw protocol (rev 20170425)
[    1.711824] can: broadcast manager protocol (rev 20170425 t)
[    1.717470] can: netlink gateway (rev 20170425) max_hops=1
[    1.723029] Bluetooth: RFCOMM socket layer initialized
[    1.728172] Bluetooth: RFCOMM ver 1.11
[    1.731914] Bluetooth: BNEP (Ethernet Emulation) ver 1.3
[    1.737214] Bluetooth: BNEP socket layer initialized
[    1.742170] Bluetooth: HIDP (Human Interface Emulation) ver 1.2
[    1.748081] Bluetooth: HIDP socket layer initialized
[    1.753132] Key type dns_resolver registered
[    1.757588] Registering SWP/SWPB emulation handler
[    1.762624] Loading compiled-in X.509 certificates
[    1.774500] +3.3V_RUN: supplied by +3.3V_SYS
[    1.779426] +VDD_LED: supplied by +VDD_MUX
[    1.783621] +3.3V_AVDD_HDMI_AP_GATED: supplied by +3.3V_RUN
[    1.789359] +1.8V_RUN_CAM: supplied by +3.3V_RUN
[    1.794061] +VDDIO_SDMMC3: supplied by +3.3V_RUN
[    1.798797] +1.8V_RUN_VPP_FUSE: supplied by +3.3V_RUN
[    1.803975] +5V_VDD_TS_SW: supplied by +5V_SYS
[    1.808703] +5V_USB_HS: supplied by +5V_SYS
[    1.813023] +5V_USB_SS: supplied by +5V_SYS
[    1.818300] +3.3V_PANEL: supplied by +3.3V_RUN
[    1.823681] +3.3V_LP0: supplied by +3.3V_SYS
[    1.828675] +1.05V_RUN_AVDD_HDMI_PLL: supplied by +1.05V_RUN
[    1.834489] +5V_HDMI_CON: supplied by +5V_SYS
[    1.839583]  usb3-0: usb3-0 supply vbus not found, using dummy regulator
[    1.846320]  usb3-1: usb3-1 supply vbus not found, using dummy regulator
[    1.859457] tegra-sor 54540000.sor: failed to probe output: -517
[    1.865670] panel-simple panel: panel supply power not found, using dummy regulator
[    1.875508] tegra-xusb 70090000.usb: Direct firmware load for nvidia/tegra124/xusb.bin failed with error -2
[    1.885266] tegra-xusb 70090000.usb: failed to request firmware: -2
[    1.891556] tegra-xusb 70090000.usb: failed to load firmware: -2
[    1.898702] tegra-xusb: probe of 70090000.usb failed with error -2
[    1.905278] sdhci-tegra 700b0000.sdhci: allocated mmc-pwrseq
[    1.917729] mmc1: Unknown controller version (3). You may experience problems.
[    1.924978] mmc1: Invalid maximum block size, assuming 512 bytes
[    1.931462] mmc1: Switching to 3.3V signalling voltage failed
[    1.960267] mmc1: SDHCI controller on 700b0000.sdhci [700b0000.sdhci] using ADMA
[    1.967957] sdhci-tegra 700b0400.sdhci: Got CD GPIO
[    1.972832] sdhci-tegra 700b0400.sdhci: Got WP GPIO
[    1.983094] mmc2: Unknown controller version (3). You may experience problems.
[    1.990433] mmc2: Invalid maximum block size, assuming 512 bytes
[    2.026525] mmc1: new high speed SDIO card at address 0001
[    2.032275] mmc2: SDHCI controller on 700b0400.sdhci [700b0400.sdhci] using ADMA
[    2.039828] tegra-sor 54540000.sor: failed to probe output: -517
[    2.045983] panel-simple panel: panel supply power not found, using dummy regulator
[    2.054057] input: gpio-keys as /devices/soc0/gpio-keys/input/input3
[    2.060832] tegra-sor 54540000.sor: failed to probe output: -517
[    2.067055] panel-simple panel: panel supply power not found, using dummy regulator
[    2.074989] as3722-rtc as3722-rtc: setting system clock to 2000-01-01 00:00:23 UTC (946684823)
[    2.083761] cfg80211: Loading compiled-in X.509 certificates for regulatory database
[    2.093523] cfg80211: Loaded X.509 cert 'sforshee: 00b28ddf47aef9cea7'
[    2.100240] platform regulatory.0: Direct firmware load for regulatory.db failed with error -2
[    2.100432] +3.3V_AVDD_HDMI_AP_GATED: disabling
[    2.108899] cfg80211: failed to load regulatory.db
[    2.113456] +1.8V_RUN_CAM: disabling
[    2.122115] +1.2V_RUN_CAM_FRONT: disabling
[    2.126404] +1.05V_RUN_CAM_REAR: disabling
[    2.130772] +2.8V_RUN_TOUCH: disabling
[    2.134725] +2.8V_RUN_CAM_AF: disabling
[    2.138809] +1.8V_RUN_VPP_FUSE: disabling
[    2.142984] +VDD_LED: disabling
[    2.146152] +5V_VDD_TS_SW: disabling
[    2.149827] +5V_USB_HS: disabling
[    2.153187] +5V_USB_SS: disabling
[    2.156536] +3.3V_PANEL: disabling
[    2.159997] +1.05V_RUN_AVDD_HDMI_PLL: disabling
[    2.164529] +5V_HDMI_CON: disabling
[    2.168048] ALSA device list:
[    2.171009]   #1: GoogleNyanBig
[    2.279391] mmc2: new high speed SDHC card at address 0007
[    2.286713] mmcblk2: mmc2:0007 SD08G 7.42 GiB 
[    2.300565] GPT:Primary header alternate_lba != Alt. header my_lba
[    2.306735] GPT:3014591 != 15564799
[    2.310245] GPT:Primary header thinks Alt. header is not at the end of the disk.
[    2.317633] GPT:3014591 != 15564799
[    2.321109] GPT: Use GNU Parted to correct GPT errors.
[    2.326259]  mmcblk2: p1 p2 p3 p4 p5 p6 p7 p8 p9 p10 p11 p12
[    2.333261] tegra-sor 54540000.sor: failed to probe output: -517
[    2.339575] panel-simple panel: panel supply power not found, using dummy regulator
[    2.347755] tegra-sor 54540000.sor: failed to probe output: -517
[    2.353998] input: tegra-hda HDMI/DP,pcm=3 as /devices/soc0/70030000.hda/sound/card0/input4
[    2.354103] panel-simple panel: panel supply power not found, using dummy regulator
[    2.370924] EXT4-fs (mmcblk0p3): couldn't mount as ext3 due to feature incompatibilities
[    2.858242] EXT4-fs (mmcblk0p3): recovery complete
[    2.863695] EXT4-fs (mmcblk0p3): mounted filesystem with ordered data mode. Opts: (null)
[    2.871819] VFS: Mounted root (ext4 filesystem) on device 179:3.
[    2.878386] devtmpfs: mounted
[    2.881762] Freeing unused kernel memory: 1024K
bash: cannot set terminal process group (-1): Inappropriate ioctl for device
bash: no job control in this shell
root@(none):/# 