
U-Boot SPL 2014.01-00219-gc4d376f (Feb 18 2014 - 19:57:32)


U-Boot 2014.01-00219-gc4d376f (Feb 18 2014 - 19:57:32)

TEGRA114
Board: NVIDIA Dalmore
I2C:   ready
DRAM:  2 GiB
MMC:   Tegra SD/MMC: 0, Tegra SD/MMC: 1
In:    serial
Out:   serial
Err:   serial
Net:   Net Initialization Skipped
No ethernet found.
Hit any key to stop autoboot:  2  0 
Tegra114 (Dalmore) # 
Tegra114 (Dalmore) # usb reset
(Re)start USB...
USB0:   USB EHCI 1.10
scanning bus 0 for devices... 2 USB Device(s) found
       scanning usb for storage devices... 0 Storage Device(s) found
       scanning usb for ethernet devices... 
Warning: asx0 using MAC address from net device
1 Ethernet Device(s) found
Tegra114 (Dalmore) # setenv bootargs 'ignore_loglevel console=ttyS0,115200n8 rw root=PARTUUID=7369c667-ff51-ec4a-29cd-baabf2fbe346 rootwait gpt debug earlyprintk init=/bin/bash'
Tegra114 (Dalmore) # setenv ipaddr 192.168.100.100; setenv serverip 192.168.100.1; setenv tftpserverip 192.168.100.1
Tegra114 (Dalmore) # tftpboot 0x81000000 zImage.multi_v7_defconfig
Using asx0 device
TFTP from server 192.168.100.1; our IP address is 192.168.100.100
Filename 'zImage.multi_v7_defconfig'.
Load address: 0x81000000
Loading: *#################################################################
	 #################################################################
	 #################################################################
	 #################################################################
	 #################################################################
	 #################################################################
	 #################################################################
	 #################
	 3.3 MiB/s
done
Bytes transferred = 6926120 (69af28 hex)
Tegra114 (Dalmore) # tftpboot 0x82000000 tegra114-dalmore.dtb
Using asx0 device
TFTP from server 192.168.100.1; our IP address is 192.168.100.100
Filename 'tegra114-dalmore.dtb'.
Load address: 0x82000000
Loading: *###
	 3 MiB/s
done
Bytes transferred = 34912 (8860 hex)
Tegra114 (Dalmore) # bootz 0x81000000 - 0x82000000
Kernel image @ 0x81000000 [ 0x000000 - 0x69af28 ]
## Flattened Device Tree blob at 82000000
   Booting using the fdt blob at 0x82000000
   Loading Device Tree to 8fff4000, end 8ffff85f ... OK

Starting kernel ...

[    0.000000] Booting Linux on physical CPU 0x0
[    0.000000] Linux version 4.5.0-next-20160316-81627-g8559bac (pwalmsley@sellafield) (gcc version 4.7.3 20130328 (prerelease) (crosstool-NG linaro-1.13.1-4.7-2013.04-20130415 - Linaro GCC 2013.04) ) #1 SMP Tue Mar 15 23:49:14 PDT 2016
[    0.000000] CPU: ARMv7 Processor [412fc0f2] revision 2 (ARMv7), cr=10c5387d
[    0.000000] CPU: div instructions available: patching division code
[    0.000000] CPU: PIPT / VIPT nonaliasing data cache, PIPT instruction cache
[    0.000000] Machine model: NVIDIA Tegra114 Dalmore evaluation board
[    0.000000] debug: ignoring loglevel setting.
[    0.000000] cma: Reserved 64 MiB at 0xfb800000
[    0.000000] Memory policy: Data cache writealloc
[    0.000000] On node 0 totalpages: 524032
[    0.000000] free_area_init_node: node 0, pgdat c141b480, node_mem_map eeff8000
[    0.000000]   DMA zone: 1536 pages used for memmap
[    0.000000]   DMA zone: 0 pages reserved
[    0.000000]   DMA zone: 196608 pages, LIFO batch:31
[    0.000000]   HighMem zone: 327424 pages, LIFO batch:31
[    0.000000] percpu: Embedded 13 pages/cpu @eef9f000 s23808 r8192 d21248 u53248
[    0.000000] pcpu-alloc: s23808 r8192 d21248 u53248 alloc=13*4096
[    0.000000] pcpu-alloc: [0] 0 [0] 1 [0] 2 [0] 3 
[    0.000000] Built 1 zonelists in Zone order, mobility grouping on.  Total pages: 522496
[    0.000000] Kernel command line: ignore_loglevel console=ttyS0,115200n8 rw root=PARTUUID=7369c667-ff51-ec4a-29cd-baabf2fbe346 rootwait gpt debug earlyprintk init=/bin/bash
[    0.000000] PID hash table entries: 4096 (order: 2, 16384 bytes)
[    0.000000] Dentry cache hash table entries: 131072 (order: 7, 524288 bytes)
[    0.000000] Inode-cache hash table entries: 65536 (order: 6, 262144 bytes)
[    0.000000] Memory: 1995116K/2096128K available (9522K kernel code, 1141K rwdata, 4128K rodata, 2048K init, 341K bss, 35476K reserved, 65536K cma-reserved, 1244160K highmem)
[    0.000000] Virtual kernel memory layout:
[    0.000000]     vector  : 0xffff0000 - 0xffff1000   (   4 kB)
[    0.000000]     fixmap  : 0xffc00000 - 0xfff00000   (3072 kB)
[    0.000000]     vmalloc : 0xf0800000 - 0xff800000   ( 240 MB)
[    0.000000]     lowmem  : 0xc0000000 - 0xf0000000   ( 768 MB)
[    0.000000]     pkmap   : 0xbfe00000 - 0xc0000000   (   2 MB)
[    0.000000]     modules : 0xbf000000 - 0xbfe00000   (  14 MB)
[    0.000000]       .text : 0xc0208000 - 0xc105496c   (14643 kB)
[    0.000000]       .init : 0xc1100000 - 0xc1300000   (2048 kB)
[    0.000000]       .data : 0xc1300000 - 0xc141d4c0   (1142 kB)
[    0.000000]        .bss : 0xc141f000 - 0xc1474558   ( 342 kB)
[    0.000000] SLUB: HWalign=64, Order=0-3, MinObjects=0, CPUs=4, Nodes=1
[    0.000000] Hierarchical RCU implementation.
[    0.000000] 	Build-time adjustment of leaf fanout to 32.
[    0.000000] 	RCU restricting CPUs from NR_CPUS=16 to nr_cpu_ids=4.
[    0.000000] RCU: Adjusting geometry for rcu_fanout_leaf=32, nr_cpu_ids=4
[    0.000000] NR_IRQS:16 nr_irqs:16 16
[    0.000000] /interrupt-controller@60004000: 160 interrupts forwarded to /interrupt-controller@50041000
[    0.000000] Tegra clk 127: register failed with -17
[    0.000009] sched_clock: 32 bits at 1000kHz, resolution 1000ns, wraps every 2147483647500ns
[    0.000027] clocksource: timer_us: mask: 0xffffffff max_cycles: 0xffffffff, max_idle_ns: 1911260446275 ns
[    0.000042] Switching to timer-based delay loop, resolution 1000ns
[    0.003053] Architected cp15 timer(s) running at 12.00MHz (virt).
[    0.003072] clocksource: arch_sys_counter: mask: 0xffffffffffffff max_cycles: 0x2c47f4ee7, max_idle_ns: 440795202497 ns
[    0.003090] sched_clock: 56 bits at 12MHz, resolution 83ns, wraps every 4398046511096ns
[    0.003103] Switching to timer-based delay loop, resolution 83ns
[    0.003475] Console: colour dummy device 80x30
[    0.003501] Calibrating delay loop (skipped), value calculated using timer frequency.. 24.00 BogoMIPS (lpj=60000)
[    0.003516] pid_max: default: 32768 minimum: 301
[    0.003615] Mount-cache hash table entries: 2048 (order: 1, 8192 bytes)
[    0.003628] Mountpoint-cache hash table entries: 2048 (order: 1, 8192 bytes)
[    0.004253] CPU: Testing write buffer coherency: ok
[    0.004465] /cpus/cpu@0 missing clock-frequency property
[    0.004494] /cpus/cpu@1 missing clock-frequency property
[    0.004522] /cpus/cpu@2 missing clock-frequency property
[    0.004551] /cpus/cpu@3 missing clock-frequency property
[    0.004564] CPU0: thread -1, cpu 0, socket 0, mpidr 80000000
[    0.004609] Setting up static identity map for 0x80300000 - 0x80300098
[    0.006906] Tegra Revision: A01 SKU: 0 CPU Process: 1 SoC Process: 0
[    0.008249] CPU1: thread -1, cpu 1, socket 0, mpidr 80000001
[    0.008875] CPU2: thread -1, cpu 2, socket 0, mpidr 80000002
[    0.009476] CPU3: thread -1, cpu 3, socket 0, mpidr 80000003
[    0.009562] Brought up 4 CPUs
[    0.009583] SMP: Total of 4 processors activated (96.00 BogoMIPS).
[    0.009591] CPU: All CPU(s) started in SVC mode.
[    0.011056] devtmpfs: initialized
[    0.021725] VFP support v0.3: implementor 41 architecture 4 part 30 variant f rev 0
[    0.022341] clocksource: jiffies: mask: 0xffffffff max_cycles: 0xffffffff, max_idle_ns: 9556302231375000 ns
[    0.023968] pinctrl core: initialized pinctrl subsystem
[    0.025751] NET: Registered protocol family 16
[    0.027943] DMA: preallocated 256 KiB pool for atomic coherent allocations
[    0.042989] cpuidle: using governor menu
[    0.057923] No ATAGs?
[    0.057956] hw-breakpoint: found 5 (+1 reserved) breakpoint and 4 watchpoint registers.
[    0.057967] hw-breakpoint: maximum watchpoint size is 8 bytes.
[    0.063208] Serial: AMBA PL011 UART driver
[    0.064643] tegra-mc 70019000.memory-controller: no memory timings for RAM code 3 registered
[    0.092819] dvdd_ts: Failed to request enable GPIO61: -517
[    0.092836] reg-fixed-voltage regulators:regulator@1: Failed to register regulator: -517
[    0.092933] usb1_vbus: Failed to request enable GPIO108: -517
[    0.092949] reg-fixed-voltage regulators:regulator@3: Failed to register regulator: -517
[    0.093045] usb2_vbus: Failed to request enable GPIO86: -517
[    0.093058] reg-fixed-voltage regulators:regulator@4: Failed to register regulator: -517
[    0.093499] VDD_5V0_HDMI_CON: Failed to request enable GPIO81: -517
[    0.093515] reg-fixed-voltage regulators:regulator@7: Failed to register regulator: -517
[    0.096557] vgaarb: loaded
[    0.097566] SCSI subsystem initialized
[    0.097743] libata version 3.00 loaded.
[    0.098065] usbcore: registered new interface driver usbfs
[    0.098159] usbcore: registered new interface driver hub
[    0.098238] usbcore: registered new device driver usb
[    0.101962] tps65090 2-0048: No cache defaults, reading back from HW
[    0.108197] genirq: Setting trigger mode 8 for irq 341 failed (irq_chip_set_type_parent+0x0/0x28)
[    0.108220] palmas 2-0058: Irq flag is 0x00000000
[    0.110804] palmas 2-0058: Muxing GPIO ff, PWM 0, LED 0
[    0.121380] sdhci-vdd-sd-slot: ramp_delay not set
[    0.146228] pps_core: LinuxPPS API ver. 1 registered
[    0.146239] pps_core: Software ver. 5.3.6 - Copyright 2005-2007 Rodolfo Giometti <giometti@linux.it>
[    0.146268] PTP clock support registered
[    0.146491] EDAC MC: Ver: 3.0.0
[    0.149095] clocksource: Switched to clocksource arch_sys_counter
[    0.160066] NET: Registered protocol family 2
[    0.160600] TCP established hash table entries: 8192 (order: 3, 32768 bytes)
[    0.160699] TCP bind hash table entries: 8192 (order: 4, 65536 bytes)
[    0.160886] TCP: Hash tables configured (established 8192 bind 8192)
[    0.160938] UDP hash table entries: 512 (order: 2, 16384 bytes)
[    0.160980] UDP-Lite hash table entries: 512 (order: 2, 16384 bytes)
[    0.161152] NET: Registered protocol family 1
[    0.161418] RPC: Registered named UNIX socket transport module.
[    0.161429] RPC: Registered udp transport module.
[    0.161437] RPC: Registered tcp transport module.
[    0.161445] RPC: Registered tcp NFSv4.1 backchannel transport module.
[    0.161472] PCI: CLS 0 bytes, default 64
[    0.163839] futex hash table entries: 1024 (order: 4, 65536 bytes)
[    0.164476] workingset: timestamp_bits=28 max_order=19 bucket_order=0
[    0.176731] squashfs: version 4.0 (2009/01/31) Phillip Lougher
[    0.177687] NFS: Registering the id_resolver key type
[    0.177715] Key type id_resolver registered
[    0.177724] Key type id_legacy registered
[    0.177808] ntfs: driver 2.1.32 [Flags: R/O].
[    0.179316] bounce: pool size: 64 pages
[    0.179552] Block layer SCSI generic (bsg) driver version 0.4 loaded (major 248)
[    0.179573] io scheduler noop registered
[    0.179592] io scheduler deadline registered
[    0.179634] io scheduler cfq registered (default)
[    0.201900] vdd-lcd-bl: supplied by vdd_ac_bat
[    0.208594] tegra-apbdma 6000a000.dma: Tegra20 APB DMA driver register 32 channels
[    0.210530] tegra-pmc 7000e400.pmc: i2c-thermtrip node not found, emergency thermal reset disabled.
[    0.276847] Serial: 8250/16550 driver, 4 ports, IRQ sharing disabled
[    0.279959] console [ttyS0] disabled
[    0.279998] 70006300.serial: ttyS0 at MMIO 0x70006300 (irq = 329, base_baud = 25500000) is a Tegra
[    1.097513] console [ttyS0] enabled
[    1.101820] SuperH (H)SCI(F) driver initialized
[    1.107383] msm_serial: driver initialized
[    1.111701] STMicroelectronics ASC driver initialized
[    1.119172] [drm] Initialized drm 1.1.0 20060810
[    1.126819] tegra-hdmi 54280000.hdmi: failed to get HDMI regulator
[    1.133572] vdd-ao: supplied by vdd_ac_bat
[    1.137899] vddio-1v8: supplied by vdd-ao
[    1.142298] avdd-dsi-csi: supplied by vddio-1v8
[    1.150747] vdd-sys-3v3: supplied by vdd_ac_bat
[    1.155518] avdd-lcd: supplied by vdd-sys-3v3
[    1.171584] brd: module loaded
[    1.180881] loop: module loaded
[    1.200499] m25p80 spi32766.0: w25q32dw (4096 Kbytes)
[    1.209196] libphy: Fixed MDIO Bus: probed
[    1.214025] CAN device driver interface
[    1.219854] igb: Intel(R) Gigabit Ethernet Network Driver - version 5.3.0-k
[    1.226821] igb: Copyright (c) 2007-2014 Intel Corporation.
[    1.235679] pegasus: v0.9.3 (2013/04/25), Pegasus/Pegasus II USB Ethernet driver
[    1.243136] usbcore: registered new interface driver pegasus
[    1.248876] usbcore: registered new interface driver asix
[    1.254338] usbcore: registered new interface driver ax88179_178a
[    1.260489] usbcore: registered new interface driver cdc_ether
[    1.266402] usbcore: registered new interface driver smsc75xx
[    1.272228] usbcore: registered new interface driver smsc95xx
[    1.278035] usbcore: registered new interface driver net1080
[    1.283755] usbcore: registered new interface driver cdc_subset
[    1.289738] usbcore: registered new interface driver zaurus
[    1.295411] usbcore: registered new interface driver cdc_ncm
[    1.303056] ehci_hcd: USB 2.0 'Enhanced' Host Controller (EHCI) Driver
[    1.309603] ehci-pci: EHCI PCI platform driver
[    1.314114] ehci-platform: EHCI generic platform driver
[    1.319553] ehci-omap: OMAP-EHCI Host Controller driver
[    1.324933] ehci-orion: EHCI orion driver
[    1.329097] SPEAr-ehci: EHCI SPEAr driver
[    1.333251] ehci-st: EHCI STMicroelectronics driver
[    1.338287] ehci-exynos: EHCI EXYNOS driver
[    1.342647] ehci-atmel: EHCI Atmel driver
[    1.346820] tegra-ehci: Tegra EHCI driver
[    1.351152] ohci_hcd: USB 1.1 'Open' Host Controller (OHCI) Driver
[    1.357361] ohci-pci: OHCI PCI platform driver
[    1.361872] ohci-platform: OHCI generic platform driver
[    1.367274] ohci-omap3: OHCI OMAP3 driver
[    1.371441] SPEAr-ohci: OHCI SPEAr driver
[    1.375613] ohci-st: OHCI STMicroelectronics driver
[    1.380651] ohci-atmel: OHCI Atmel driver
[    1.385436] usbcore: registered new interface driver usb-storage
[    1.393201] mousedev: PS/2 mouse device common for all mice
[    1.403895] palmas-rtc 7000d000.i2c:tps65913@58:rtc: rtc core: registered 7000d000.i2c:tps659 as rtc0
[    1.415069] tegra_rtc 7000e000.rtc: rtc core: registered 7000e000.rtc as rtc1
[    1.422269] tegra_rtc 7000e000.rtc: Tegra internal Real Time Clock
[    1.429021] i2c /dev entries driver
[    1.436649] sbs-battery 0-000b: sbs_probe: Failed to get device status
[    1.443203] sbs-battery: probe of 0-000b failed with error -121
[    1.452452] vdd-sensor-2v85: supplied by vdd-sys-3v3
[    1.465720] sdhci: Secure Digital Host Controller Interface driver
[    1.471914] sdhci: Copyright(c) Pierre Ossman
[    1.477834] Synopsys Designware Multimedia Card Interface Driver
[    1.484977] sdhci-pltfm: SDHCI platform and OF driver helper
[    1.491390] sdhci-tegra 78000400.sdhci: Got CD GPIO
[    1.496296] sdhci-tegra 78000400.sdhci: Got WP GPIO
[    1.502355] mmc0: Invalid maximum block size, assuming 512 bytes
[    1.544230] mmc0: SDHCI controller on 78000400.sdhci [78000400.sdhci] using ADMA
[    1.551927] mmc1: Invalid maximum block size, assuming 512 bytes
[    1.594114] mmc1: SDHCI controller on 78000600.sdhci [78000600.sdhci] using ADMA
[    1.603315] ledtrig-cpu: registered to indicate activity on CPUs
[    1.609866] usbcore: registered new interface driver usbhid
[    1.615449] usbhid: USB HID core driver
[    1.625022] NET: Registered protocol family 10
[    1.630259] sit: IPv6 over IPv4 tunneling driver
[    1.635598] NET: Registered protocol family 17
[    1.640082] can: controller area network core (rev 20120528 abi 9)
[    1.646337] NET: Registered protocol family 29
[    1.650803] can: raw protocol (rev 20120528)
[    1.655097] can: broadcast manager protocol (rev 20120528 t)
[    1.660778] can: netlink gateway (rev 20130117) max_hops=1
[    1.666691] Key type dns_resolver registered
[    1.671640] ThumbEE CPU extension supported.
[    1.675938] Registering SWP/SWPB emulation handler
[    1.688574] vdd-sys-5v0: supplied by vdd_ac_bat
[    1.694760] VDD_5V0_HDMI_CON: supplied by vdd-sys-5v0
[    1.702511] vdd_hdmi_5v0: supplied by vdd-sys-5v0
[    1.709773] mmc0: new high speed SDHC card at address aaaa
[    1.712282] [drm] Supports vblank timestamp caching Rev 2 (21.10.2013).
[    1.712286] [drm] No driver support for vblank timestamp query.
[    1.735700] mmcblk0: mmc0:aaaa SL16G 14.8 GiB 
[    1.758563]  mmcblk0: p1 p2 p3
[    1.766496] mmc1: new high speed MMC card at address 0001
[    1.767760] mmcblk1: mmc1:0001 SEM32G 29.1 GiB 
[    1.768477] mmcblk1boot0: mmc1:0001 SEM32G partition 1 4.00 MiB
[    1.769618] mmcblk1boot1: mmc1:0001 SEM32G partition 2 4.00 MiB
[    1.770410] mmcblk1rpmb: mmc1:0001 SEM32G partition 3 4.00 MiB
[    1.773008] Console: switching to colour frame buffer device 240x75
[    1.773277]  mmcblk1: p1 p2 p3 p4 p5 p6 p7 p8
[    1.840491] drm drm: fb0:  frame buffer device
[    1.859214] [drm] Initialized tegra 0.0.0 20120330 on minor 0
[    1.866320] usb2_vbus: supplied by vdd-sys-5v0
[    1.873153] tegra-ehci 7d008000.usb: EHCI Host Controller
[    1.878620] tegra-ehci 7d008000.usb: new USB bus registered, assigned bus number 1
[    1.886516] tegra-ehci 7d008000.usb: irq 339, io mem 0x7d008000
[    1.899209] tegra-ehci 7d008000.usb: USB 2.0 started, EHCI 1.10
[    1.906466] hub 1-0:1.0: USB hub found
[    1.910324] hub 1-0:1.0: 1 port detected
[    1.916330] input: gpio-keys as /devices/soc0/gpio-keys/input/input0
[    1.925209] palmas-rtc 7000d000.i2c:tps65913@58:rtc: setting system clock to 2000-01-08 18:08:51 UTC (947354931)
[    1.950372] dvdd_ts: disabling
[    1.953431] usb1_vbus: disabling
[    1.956696] vdd_cam_1v8_reg: disabling
[    1.962242] EXT4-fs (mmcblk1p1): mounting ext3 file system using the ext4 subsystem
[    1.985216] EXT4-fs (mmcblk1p1): recovery complete
[    1.990066] EXT4-fs (mmcblk1p1): mounted filesystem with ordered data mode. Opts: (null)
[    1.998193] VFS: Mounted root (ext3 filesystem) on device 179:17.
[    2.008843] devtmpfs: mounted
[    2.013733] Freeing unused kernel memory: 2048K (c1100000 - c1300000)
bash: cannot set terminal process group (-1): Inappropriate ioctl for device
bash: no job control in this shell
root@(none):/# [    2.229224] usb 1-1: new high-speed USB device number 2 using tegra-ehci
[    3.177691] asix 1-1:1.0 eth0: register 'asix' at usb-7d008000.usb-1, ASIX AX88772 USB 2.0 Ethernet, 00:50:b6:0d:b5:16
mount -t sysfs none /sys
root@(none):/# 
root@(none):/# mount -t debugfs none /sys/kernel/debug
root@(none):/# 
root@(none):/# rtcwake -d rtc1 -m mem -s 3
rtcwake: assuming RTC uses UTC ...
rtcwake: wakeup from "mem" using /dev/rtc1 at Thu Jan  1 00:00:20 1970
[    5.309900] PM: Syncing filesystems ... done.
[    5.338103] Freezing user space processes ... (elapsed 0.001 seconds) done.
[    5.346495] Freezing remaining freezable tasks ... (elapsed 0.001 seconds) done.
[    5.355419] Suspending console(s) (use no_console_suspend to debug)
[    5.407657] PM: suspend of devices complete after 44.581 msecs
[    5.410318] PM: late suspend of devices complete after 2.644 msecs
[    5.412308] PM: noirq suspend of devices complete after 1.980 msecs
[    5.412312] Disabling non-boot CPUs ...
[    5.412795] IRQ16 no longer affine to CPU1
[    5.413175] CPU1: shutdown
[    5.436794] CPU2: shutdown
[    5.461366] CPU3: shutdown
[    5.475328] Entering suspend state LP1
[    5.475353] Enabling non-boot CPUs ...
[    5.500704] CPU1 is up
[    5.525937] CPU2 is up
[    5.551245] CPU3 is up
[    5.552538] PM: noirq resume of devices complete after 1.283 msecs
[    5.555107] PM: early resume of devices complete after 2.143 msecs
[    5.651234] PM: resume of devices complete after 96.109 msecs
[    5.719985] Restarting tasks ... done.
root@(none):/# 
root@(none):/# rtcwake -d rtc1 -m mem -s 3
rtcwake: assuming RTC uses UTC ...
rtcwake: wakeup from "mem" using /dev/rtc1 at Thu Jan  1 00:00:29 1970
[    6.397334] PM: Syncing filesystems ... done.
[    6.424313] Freezing user space processes ... (elapsed 0.001 seconds) done.
[    6.432662] Freezing remaining freezable tasks ... (elapsed 0.001 seconds) done.
[    6.441542] Suspending console(s) (use no_console_suspend to debug)
[    6.486603] PM: suspend of devices complete after 37.372 msecs
[    6.489549] PM: late suspend of devices complete after 2.928 msecs
[    6.491640] PM: noirq suspend of devices complete after 2.080 msecs
[    6.491644] Disabling non-boot CPUs ...
[    6.492134] IRQ16 no longer affine to CPU1
[    6.492518] CPU1: shutdown
[    6.516708] CPU2: shutdown
[    6.541386] CPU3: shutdown
[    6.555281] Entering suspend state LP1
[    6.555306] Enabling non-boot CPUs ...
[    6.580678] CPU1 is up
[    6.605904] CPU2 is up
[    6.631218] CPU3 is up
[    6.632522] PM: noirq resume of devices complete after 1.292 msecs
[    6.635272] PM: early resume of devices complete after 2.476 msecs
[    6.730901] PM: resume of devices complete after 95.611 msecs
[    6.799676] Restarting tasks ... done.
root@(none):/# 
root@(none):/# rtcwake -d rtc1 -m mem -s 3
rtcwake: assuming RTC uses UTC ...
rtcwake: wakeup from "mem" using /dev/rtc1 at Thu Jan  1 00:00:38 1970
[    7.457939] PM: Syncing filesystems ... done.
[    7.484940] Freezing user space processes ... (elapsed 0.001 seconds) done.
[    7.493292] Freezing remaining freezable tasks ... (elapsed 0.001 seconds) done.
[    7.502178] Suspending console(s) (use no_console_suspend to debug)
[    7.546945] PM: suspend of devices complete after 37.071 msecs
[    7.549610] PM: late suspend of devices complete after 2.648 msecs
[    7.551634] PM: noirq suspend of devices complete after 2.014 msecs
[    7.551638] Disabling non-boot CPUs ...
[    7.552105] IRQ16 no longer affine to CPU1
[    7.552485] CPU1: shutdown
[    7.576741] CPU2: shutdown
[    7.601361] CPU3: shutdown
[    7.615233] Entering suspend state LP1
[    7.615257] Enabling non-boot CPUs ...
[    7.640632] CPU1 is up
[    7.665859] CPU2 is up
[    7.691199] CPU3 is up
[    7.692484] PM: noirq resume of devices complete after 1.274 msecs
[    7.695085] PM: early resume of devices complete after 2.157 msecs
[    7.791145] PM: resume of devices complete after 96.041 msecs
[    7.859883] Restarting tasks ... done.
root@(none):/# 
root@(none):/# rtcwake -d rtc1 -m mem -s 3
rtcwake: assuming RTC uses UTC ...
rtcwake: wakeup from "mem" using /dev/rtc1 at Thu Jan  1 00:00:47 1970
[    8.523536] PM: Syncing filesystems ... done.
[    8.550551] Freezing user space processes ... (elapsed 0.001 seconds) done.
[    8.558895] Freezing remaining freezable tasks ... (elapsed 0.001 seconds) done.
[    8.567792] Suspending console(s) (use no_console_suspend to debug)
[    8.611393] PM: suspend of devices complete after 35.940 msecs
[    8.614084] PM: late suspend of devices complete after 2.674 msecs
[    8.616246] PM: noirq suspend of devices complete after 2.145 msecs
[    8.616251] Disabling non-boot CPUs ...
[    8.617140] CPU1: shutdown
[    8.646294] IRQ16 no longer affine to CPU2
[    8.646685] CPU2: shutdown
[    8.671312] CPU3: shutdown
[    8.685208] Entering suspend state LP1
[    8.685234] Enabling non-boot CPUs ...
[    8.710587] CPU1 is up
[    8.735830] CPU2 is up
[    8.761133] CPU3 is up
[    8.762389] PM: noirq resume of devices complete after 1.245 msecs
[    8.764996] PM: early resume of devices complete after 2.174 msecs
[    8.861095] PM: resume of devices complete after 96.081 msecs
[    8.929835] Restarting tasks ... done.
root@(none):/# 
root@(none):/# rtcwake -d rtc1 -m mem -s 3
rtcwake: assuming RTC uses UTC ...
rtcwake: wakeup from "mem" using /dev/rtc1 at Thu Jan  1 00:00:56 1970
[    9.597847] PM: Syncing filesystems ... done.
[    9.624785] Freezing user space processes ... (elapsed 0.001 seconds) done.
[    9.633146] Freezing remaining freezable tasks ... (elapsed 0.001 seconds) done.
[    9.642071] Suspending console(s) (use no_console_suspend to debug)
[    9.686032] PM: suspend of devices complete after 36.286 msecs
[    9.688443] PM: late suspend of devices complete after 2.395 msecs
[    9.690486] PM: noirq suspend of devices complete after 2.033 msecs
[    9.690490] Disabling non-boot CPUs ...
[    9.691314] CPU1: shutdown
[    9.721613] CPU2: shutdown
[    9.745917] IRQ16 no longer affine to CPU3
[    9.746294] CPU3: shutdown
[    9.760179] Entering suspend state LP1
[    9.760204] Enabling non-boot CPUs ...
[    9.785568] CPU1 is up
[    9.810803] CPU2 is up
[    9.836122] CPU3 is up
[    9.837401] PM: noirq resume of devices complete after 1.269 msecs
[    9.840328] PM: early resume of devices complete after 2.474 msecs
[    9.936030] PM: resume of devices complete after 95.684 msecs
[   10.004775] Restarting tasks ... done.
root@(none):/# 
root@(none):/# rtcwake -d rtc1 -m mem -s 3
rtcwake: assuming RTC uses UTC ...
rtcwake: wakeup from "mem" using /dev/rtc1 at Thu Jan  1 00:01:05 1970
[   10.670496] PM: Syncing filesystems ... done.
[   10.697057] Freezing user space processes ... (elapsed 0.001 seconds) done.
[   10.705467] Freezing remaining freezable tasks ... (elapsed 0.001 seconds) done.
[   10.714326] Suspending console(s) (use no_console_suspend to debug)
[   10.755922] PM: suspend of devices complete after 33.948 msecs
[   10.758338] PM: late suspend of devices complete after 2.400 msecs
[   10.760383] PM: noirq suspend of devices complete after 2.035 msecs
[   10.760387] Disabling non-boot CPUs ...
[   10.761242] CPU1: shutdown
[   10.786567] CPU2: shutdown
[   10.810892] IRQ16 no longer affine to CPU3
[   10.811267] CPU3: shutdown
[   10.825133] Entering suspend state LP1
[   10.825158] Enabling non-boot CPUs ...
[   10.850541] CPU1 is up
[   10.875763] CPU2 is up
[   10.901081] CPU3 is up
[   10.902379] PM: noirq resume of devices complete after 1.287 msecs
[   10.905426] PM: early resume of devices complete after 2.620 msecs
[   11.000817] PM: resume of devices complete after 95.372 msecs
[   11.069601] Restarting tasks ... done.
root@(none):/# 
root@(none):/# rtcwake -d rtc1 -m mem -s 3
rtcwake: assuming RTC uses UTC ...
rtcwake: wakeup from "mem" using /dev/rtc1 at Thu Jan  1 00:01:14 1970
[   11.735791] PM: Syncing filesystems ... done.
[   11.762734] Freezing user space processes ... (elapsed 0.001 seconds) done.
[   11.771155] Freezing remaining freezable tasks ... (elapsed 0.001 seconds) done.
[   11.780096] Suspending console(s) (use no_console_suspend to debug)
[   11.826214] PM: suspend of devices complete after 38.464 msecs
[   11.828702] PM: late suspend of devices complete after 2.472 msecs
[   11.830876] PM: noirq suspend of devices complete after 2.161 msecs
[   11.830881] Disabling non-boot CPUs ...
[   11.831758] CPU1: shutdown
[   11.856513] CPU2: shutdown
[   11.880855] IRQ16 no longer affine to CPU3
[   11.881233] CPU3: shutdown
[   11.895102] Entering suspend state LP1
[   11.895127] Enabling non-boot CPUs ...
[   11.920493] CPU1 is up
[   11.945720] CPU2 is up
[   11.971039] CPU3 is up
[   11.972302] PM: noirq resume of devices complete after 1.252 msecs
[   11.975221] PM: early resume of devices complete after 2.474 msecs
[   12.070907] PM: resume of devices complete after 95.667 msecs
[   12.139685] Restarting tasks ... done.
root@(none):/# 
root@(none):/# rtcwake -d rtc1 -m mem -s 3
rtcwake: assuming RTC uses UTC ...
rtcwake: wakeup from "mem" using /dev/rtc1 at Thu Jan  1 00:01:23 1970
[   12.801336] PM: Syncing filesystems ... done.
[   12.828227] Freezing user space processes ... (elapsed 0.001 seconds) done.
[   12.836649] Freezing remaining freezable tasks ... (elapsed 0.001 seconds) done.
[   12.845524] Suspending console(s) (use no_console_suspend to debug)
[   12.890915] PM: suspend of devices complete after 37.723 msecs
[   12.893323] PM: late suspend of devices complete after 2.391 msecs
[   12.895529] PM: noirq suspend of devices complete after 2.193 msecs
[   12.895533] Disabling non-boot CPUs ...
[   12.896405] CPU1: shutdown
[   12.921493] CPU2: shutdown
[   12.945810] IRQ16 no longer affine to CPU3
[   12.946188] CPU3: shutdown
[   12.960060] Entering suspend state LP1
[   12.960085] Enabling non-boot CPUs ...
[   12.985448] CPU1 is up
[   13.010681] CPU2 is up
[   13.036003] CPU3 is up
[   13.037268] PM: noirq resume of devices complete after 1.254 msecs
[   13.040441] PM: early resume of devices complete after 2.737 msecs
[   13.135915] PM: resume of devices complete after 95.456 msecs
[   13.204656] Restarting tasks ... done.
root@(none):/# 
root@(none):/# rtcwake -d rtc1 -m mem -s 3
rtcwake: assuming RTC uses UTC ...
rtcwake: wakeup from "mem" using /dev/rtc1 at Thu Jan  1 00:01:32 1970
[   13.869763] PM: Syncing filesystems ... done.
[   13.896706] Freezing user space processes ... (elapsed 0.001 seconds) done.
[   13.905118] Freezing remaining freezable tasks ... (elapsed 0.001 seconds) done.
[   13.913996] Suspending console(s) (use no_console_suspend to debug)
[   13.960496] PM: suspend of devices complete after 38.854 msecs
[   13.962750] PM: late suspend of devices complete after 2.243 msecs
[   13.964668] PM: noirq suspend of devices complete after 1.910 msecs
[   13.964672] Disabling non-boot CPUs ...
[   13.965544] CPU1: shutdown
[   13.996460] CPU2: shutdown
[   14.020766] IRQ16 no longer affine to CPU3
[   14.021147] CPU3: shutdown
[   14.035022] Entering suspend state LP1
[   14.035047] Enabling non-boot CPUs ...
[   14.060404] CPU1 is up
[   14.085634] CPU2 is up
[   14.110943] CPU3 is up
[   14.112210] PM: noirq resume of devices complete after 1.256 msecs
[   14.114818] PM: early resume of devices complete after 2.184 msecs
[   14.210888] PM: resume of devices complete after 96.052 msecs
[   14.279631] Restarting tasks ... done.
root@(none):/# 
root@(none):/# rtcwake -d rtc1 -m mem -s 3
rtcwake: assuming RTC uses UTC ...
rtcwake: wakeup from "mem" using /dev/rtc1 at Thu Jan  1 00:01:41 1970
[   14.945276] PM: Syncing filesystems ... done.
[   14.972200] Freezing user space processes ... (elapsed 0.001 seconds) done.
[   14.980594] Freezing remaining freezable tasks ... (elapsed 0.001 seconds) done.
[   14.989534] Suspending console(s) (use no_console_suspend to debug)
[   15.036361] PM: suspend of devices complete after 39.177 msecs
[   15.038833] PM: late suspend of devices complete after 2.454 msecs
[   15.040984] PM: noirq suspend of devices complete after 2.136 msecs
[   15.040988] Disabling non-boot CPUs ...
[   15.041870] CPU1: shutdown
[   15.071080] IRQ16 no longer affine to CPU2
[   15.071475] CPU2: shutdown
[   15.096102] CPU3: shutdown
[   15.109993] Entering suspend state LP1
[   15.110018] Enabling non-boot CPUs ...
[   15.135394] CPU1 is up
[   15.160595] CPU2 is up
[   15.185929] CPU3 is up
[   15.187208] PM: noirq resume of devices complete after 1.269 msecs
[   15.190132] PM: early resume of devices complete after 2.465 msecs
[   15.285830] PM: resume of devices complete after 95.680 msecs
[   15.354614] Restarting tasks ... done.
root@(none):/# 
root@(none):/# NVTB SYSTEM SUSPEND TEST COMPLETE
