
U-Boot SPL 2014.01-00219-gc4d376f (Feb 18 2014 - 19:57:18)


U-Boot 2014.01-00219-gc4d376f (Feb 18 2014 - 19:57:18)

TEGRA30
Board: NVIDIA Beaver
I2C:   ready
DRAM:  2 GiB
MMC:   Tegra SD/MMC: 0, Tegra SD/MMC: 1
In:    serial
Out:   serial
Err:   serial
Net:   Net Initialization Skipped
No ethernet found.
Hit any key to stop autoboot:  2  0 
Tegra30 (Beaver) # 
Tegra30 (Beaver) # usb reset
(Re)start USB...
USB0:   USB EHCI 1.00
scanning bus 0 for devices... 2 USB Device(s) found
       scanning usb for storage devices... 0 Storage Device(s) found
       scanning usb for ethernet devices... 
Warning: asx0 using MAC address from net device
1 Ethernet Device(s) found
Tegra30 (Beaver) # setenv bootargs 'ignore_loglevel console=ttyS0,115200n8 rw root=PARTUUID=edbe1840-3633-c751-7993-b0ac834f81e0 rootwait gpt debug noinitrd earlyprintk init=/bin/bash'
Tegra30 (Beaver) # setenv ipaddr 192.168.100.101; setenv serverip 192.168.100.1; setenv tftpserverip 192.168.100.1
Tegra30 (Beaver) # tftpboot 0x81000000 zImage.multi_v7_defconfig
Using asx0 device
TFTP from server 192.168.100.1; our IP address is 192.168.100.101
Filename 'zImage.multi_v7_defconfig'.
Load address: 0x81000000
Loading: *#################################################################
	 #################################################################
	 #################################################################
	 #################################################################
	 #################################################################
	 #################################################################
	 #################################################################
	 #################################################################
	 #########################
	 3.2 MiB/s
done
Bytes transferred = 7994640 (79fd10 hex)
Tegra30 (Beaver) # tftpboot 0x82000000 tegra30-beaver.dtb
Using asx0 device
TFTP from server 192.168.100.1; our IP address is 192.168.100.101
Filename 'tegra30-beaver.dtb'.
Load address: 0x82000000
Loading: *####
	 2.7 MiB/s
done
Bytes transferred = 51848 (ca88 hex)
Tegra30 (Beaver) # bootz 0x81000000 - 0x82000000
Kernel image @ 0x81000000 [ 0x000000 - 0x79fd10 ]
## Flattened Device Tree blob at 82000000
   Booting using the fdt blob at 0x82000000
   Loading Device Tree to 8fff0000, end 8ffffa87 ... OK

Starting kernel ...

[    0.000000] Booting Linux on physical CPU 0x0
[    0.000000] Linux version 4.12.0-rc7-next-20170628-183155-ga51166c (jonathanh@sellafield) (gcc version 4.7.3 20130328 (prerelease) (crosstool-NG linaro-1.13.1-4.7-2013.04-20130415 - Linaro GCC 2013.04)) #1 SMP Wed Jun 28 02:50:52 PDT 2017
[    0.000000] CPU: ARMv7 Processor [412fc099] revision 9 (ARMv7), cr=10c5387d
[    0.000000] CPU: PIPT / VIPT nonaliasing data cache, VIPT aliasing instruction cache
[    0.000000] OF: fdt: Machine model: NVIDIA Tegra30 Beaver evaluation board
[    0.000000] debug: ignoring loglevel setting.
[    0.000000] Memory policy: Data cache writealloc
[    0.000000] efi: Getting EFI parameters from FDT:
[    0.000000] efi: UEFI not found.
[    0.000000] cma: Reserved 64 MiB at 0xfb800000
[    0.000000] On node 0 totalpages: 524032
[    0.000000] free_area_init_node: node 0, pgdat c157e540, node_mem_map eeff8000
[    0.000000]   DMA zone: 1536 pages used for memmap
[    0.000000]   DMA zone: 0 pages reserved
[    0.000000]   DMA zone: 196608 pages, LIFO batch:31
[    0.000000]   HighMem zone: 327424 pages, LIFO batch:31
[    0.000000] percpu: Embedded 17 pages/cpu @eef87000 s39488 r8192 d21952 u69632
[    0.000000] pcpu-alloc: s39488 r8192 d21952 u69632 alloc=17*4096
[    0.000000] pcpu-alloc: [0] 0 [0] 1 [0] 2 [0] 3 
[    0.000000] Built 1 zonelists in Zone order, mobility grouping on.  Total pages: 522496
[    0.000000] Kernel command line: ignore_loglevel console=ttyS0,115200n8 rw root=PARTUUID=edbe1840-3633-c751-7993-b0ac834f81e0 rootwait gpt debug noinitrd earlyprintk init=/bin/bash
[    0.000000] PID hash table entries: 4096 (order: 2, 16384 bytes)
[    0.000000] Dentry cache hash table entries: 131072 (order: 7, 524288 bytes)
[    0.000000] Inode-cache hash table entries: 65536 (order: 6, 262144 bytes)
[    0.000000] Memory: 1993468K/2096128K available (10240K kernel code, 1560K rwdata, 4440K rodata, 2048K init, 402K bss, 37124K reserved, 65536K cma-reserved, 1244160K highmem)
[    0.000000] Virtual kernel memory layout:
[    0.000000]     vector  : 0xffff0000 - 0xffff1000   (   4 kB)
[    0.000000]     fixmap  : 0xffc00000 - 0xfff00000   (3072 kB)
[    0.000000]     vmalloc : 0xf0800000 - 0xff800000   ( 240 MB)
[    0.000000]     lowmem  : 0xc0000000 - 0xf0000000   ( 768 MB)
[    0.000000]     pkmap   : 0xbfe00000 - 0xc0000000   (   2 MB)
[    0.000000]     modules : 0xbf000000 - 0xbfe00000   (  14 MB)
[    0.000000]       .text : 0xc0208000 - 0xc0d00000   (11232 kB)
[    0.000000]       .init : 0xc1200000 - 0xc1400000   (2048 kB)
[    0.000000]       .data : 0xc1400000 - 0xc15862f0   (1561 kB)
[    0.000000]        .bss : 0xc158fcd4 - 0xc15f457c   ( 403 kB)
[    0.000000] SLUB: HWalign=64, Order=0-3, MinObjects=0, CPUs=4, Nodes=1
[    0.000000] Hierarchical RCU implementation.
[    0.000000] 	RCU event tracing is enabled.
[    0.000000] 	RCU restricting CPUs from NR_CPUS=16 to nr_cpu_ids=4.
[    0.000000] RCU: Adjusting geometry for rcu_fanout_leaf=16, nr_cpu_ids=4
[    0.000000] NR_IRQS: 16, nr_irqs: 16, preallocated irqs: 16
[    0.000000] /interrupt-controller@60004000: 160 interrupts forwarded to /interrupt-controller@50041000
[    0.000000] L2C: platform modifies aux control register: 0x02080000 -> 0x3e480001
[    0.000000] L2C: DT/platform modifies aux control register: 0x02080000 -> 0x3e480001
[    0.000000] L2C-310 erratum 769419 enabled
[    0.000000] L2C-310 enabling early BRESP for Cortex-A9
[    0.000000] L2C-310: enabling full line of zeros but not enabled in Cortex-A9
[    0.000000] L2C-310 dynamic clock gating enabled, standby mode enabled
[    0.000000] L2C-310 cache controller enabled, 8 ways, 1024 kB
[    0.000000] L2C-310: CACHE_ID 0x410000c7, AUX_CTRL 0x4e480001
[    0.000013] sched_clock: 32 bits at 1000kHz, resolution 1000ns, wraps every 2147483647500ns
[    0.000030] clocksource: timer_us: mask: 0xffffffff max_cycles: 0xffffffff, max_idle_ns: 1911260446275 ns
[    0.000039] Switching to timer-based delay loop, resolution 1000ns
[    0.002968] Console: colour dummy device 80x30
[    0.003000] Calibrating delay loop (skipped), value calculated using timer frequency.. 2.00 BogoMIPS (lpj=10000)
[    0.003009] pid_max: default: 32768 minimum: 301
[    0.003081] Mount-cache hash table entries: 2048 (order: 1, 8192 bytes)
[    0.003090] Mountpoint-cache hash table entries: 2048 (order: 1, 8192 bytes)
[    0.003450] CPU: Testing write buffer coherency: ok
[    0.003773] CPU0: thread -1, cpu 0, socket 0, mpidr 80000000
[    0.003996] Setting up static identity map for 0x80300000 - 0x803000a0
[    0.005323] Hierarchical SRCU implementation.
[    0.006652] Tegra Revision: A03 SKU: 128 CPU Process: 4 SoC Process: 0
[    0.007223] EFI services will not be available.
[    0.007321] smp: Bringing up secondary CPUs ...
[    0.010378] CPU1: thread -1, cpu 1, socket 0, mpidr 80000001
[    0.020356] CPU2: thread -1, cpu 2, socket 0, mpidr 80000002
[    0.030341] CPU3: thread -1, cpu 3, socket 0, mpidr 80000003
[    0.030387] smp: Brought up 1 node, 4 CPUs
[    0.030399] SMP: Total of 4 processors activated (8.00 BogoMIPS).
[    0.030403] CPU: All CPU(s) started in SVC mode.
[    0.031094] devtmpfs: initialized
[    0.039582] VFP support v0.3: implementor 41 architecture 3 part 30 variant 9 rev 4
[    0.040053] clocksource: jiffies: mask: 0xffffffff max_cycles: 0xffffffff, max_idle_ns: 19112604462750000 ns
[    0.040072] futex hash table entries: 1024 (order: 4, 65536 bytes)
[    0.043449] pinctrl core: initialized pinctrl subsystem
[    0.044895] DMI not present or invalid.
[    0.045106] random: get_random_u32 called from bucket_table_alloc+0xe8/0x254 with crng_init=0
[    0.045163] NET: Registered protocol family 16
[    0.047837] DMA: preallocated 256 KiB pool for atomic coherent allocations
[    0.049499] cpuidle: using governor menu
[    0.063826] No ATAGs?
[    0.063925] hw-breakpoint: found 5 (+1 reserved) breakpoint and 1 watchpoint registers.
[    0.063935] hw-breakpoint: maximum watchpoint size is 4 bytes.
[    0.068217] Serial: AMBA PL011 UART driver
[    0.068687] tegra-mc 7000f000.memory-controller: no memory timings for RAM code 3 registered
[    0.078227] AT91: Could not find identification node
[    0.078726] vdd_5v_sata: Failed to request enable GPIO30: -517
[    0.078741] reg-fixed-voltage regulators:regulator@3: Failed to register regulator: -517
[    0.078793] usb1_vbus: Failed to request enable GPIO238: -517
[    0.078800] reg-fixed-voltage regulators:regulator@4: Failed to register regulator: -517
[    0.078850] usb3_vbus: Failed to request enable GPIO236: -517
[    0.078858] reg-fixed-voltage regulators:regulator@5: Failed to register regulator: -517
[    0.078963] sys_3v3_pexs: Failed to request enable GPIO95: -517
[    0.078970] reg-fixed-voltage regulators:regulator@7: Failed to register regulator: -517
[    0.080806] vgaarb: loaded
[    0.081272] SCSI subsystem initialized
[    0.081385] libata version 3.00 loaded.
[    0.081535] usbcore: registered new interface driver usbfs
[    0.081567] usbcore: registered new interface driver hub
[    0.081600] usbcore: registered new device driver usb
[    0.088722] vrtc: supplied by vdd_5v_in
[    0.092060] vio: supplied by vdd_5v_in
[    0.101833] vdd1: supplied by vdd_5v_in
[    0.102286] random: fast init done
[    0.103192] vddio_ddr_1v2: Bringing 600000uV into 1200000-1200000uV
[    0.111844] vdd2: supplied by vdd_5v_in
[    0.131827] ldo1: supplied by vdd_1v5_gen
[    0.134226] ldo2: supplied by vdd_1v5_gen
[    0.134696] vdd_sata,avdd_plle: Bringing 1200000uV into 1050000-1050000uV
[    0.136932] ldo3: supplied by vdd_5v_in
[    0.139300] ldo4: supplied by vdd_5v_in
[    0.141827] ldo5: supplied by vdd_5v_in
[    0.151835] ldo6: supplied by vdd_1v8_gen
[    0.152305] avdd_dsi_csi,pwrdet_mipi: Bringing 1000000uV into 1200000-1200000uV
[    0.154557] ldo7: supplied by vdd_1v8_gen
[    0.161827] ldo8: supplied by vdd_1v8_gen
[    0.171949] pps_core: LinuxPPS API ver. 1 registered
[    0.171956] pps_core: Software ver. 5.3.6 - Copyright 2005-2007 Rodolfo Giometti <giometti@linux.it>
[    0.171969] PTP clock support registered
[    0.172105] EDAC MC: Ver: 3.0.0
[    0.172349] dmi: Firmware registration failed.
[    0.173693] clocksource: Switched to clocksource timer_us
[    0.206213] NET: Registered protocol family 2
[    0.206631] TCP established hash table entries: 8192 (order: 3, 32768 bytes)
[    0.206686] TCP bind hash table entries: 8192 (order: 4, 65536 bytes)
[    0.206772] TCP: Hash tables configured (established 8192 bind 8192)
[    0.206912] UDP hash table entries: 512 (order: 2, 16384 bytes)
[    0.206974] UDP-Lite hash table entries: 512 (order: 2, 16384 bytes)
[    0.207136] NET: Registered protocol family 1
[    0.207492] RPC: Registered named UNIX socket transport module.
[    0.207500] RPC: Registered udp transport module.
[    0.207504] RPC: Registered tcp transport module.
[    0.207509] RPC: Registered tcp NFSv4.1 backchannel transport module.
[    0.207519] PCI: CLS 0 bytes, default 64
[    0.208312] hw perfevents: no interrupt-affinity property for /pmu, guessing.
[    0.208513] hw perfevents: enabled with armv7_cortex_a9 PMU driver, 7 counters available
[    0.209692] workingset: timestamp_bits=30 max_order=19 bucket_order=0
[    0.214570] squashfs: version 4.0 (2009/01/31) Phillip Lougher
[    0.215034] NFS: Registering the id_resolver key type
[    0.215062] Key type id_resolver registered
[    0.215067] Key type id_legacy registered
[    0.215096] ntfs: driver 2.1.32 [Flags: R/O].
[    0.216197] bounce: pool size: 64 pages
[    0.216234] Block layer SCSI generic (bsg) driver version 0.4 loaded (major 248)
[    0.216242] io scheduler noop registered
[    0.216247] io scheduler deadline registered
[    0.216343] io scheduler cfq registered (default)
[    0.216349] io scheduler mq-deadline registered
[    0.216353] io scheduler kyber registered
[    0.223141] tegra30-pinctrl 70000868.pinmux: invalid group "sdmmc3_dat6_pd3" for function "rsvd1"
[    0.223158] tegra30-pinctrl 70000868.pinmux: invalid group "sdmmc3_dat7_pd4" for function "rsvd1"
[    0.223171] tegra30-pinctrl 70000868.pinmux: invalid group "vi_vsync_pd6" for function "rsvd1"
[    0.223180] tegra30-pinctrl 70000868.pinmux: invalid group "vi_hsync_pd7" for function "rsvd1"
[    0.223623] tegra30-pinctrl 70000868.pinmux: invalid group "hdmi_int_pn7" for function "rsvd1"
[    0.223665] tegra30-pinctrl 70000868.pinmux: invalid group "ulpi_data3_po4" for function "rsvd1"
[    0.224033] tegra30-pinctrl 70000868.pinmux: invalid group "vi_d10_pt2" for function "rsvd1"
[    0.224047] tegra30-pinctrl 70000868.pinmux: invalid group "vi_d11_pt3" for function "rsvd1"
[    0.224059] tegra30-pinctrl 70000868.pinmux: invalid group "vi_d0_pt4" for function "rsvd1"
[    0.224099] tegra30-pinctrl 70000868.pinmux: invalid group "pu0" for function "rsvd1"
[    0.224128] tegra30-pinctrl 70000868.pinmux: invalid group "pu3" for function "rsvd1"
[    0.224156] tegra30-pinctrl 70000868.pinmux: invalid group "pu6" for function "rsvd1"
[    0.224195] tegra30-pinctrl 70000868.pinmux: invalid group "pv3" for function "rsvd1"
[    0.224679] tegra30-pinctrl 70000868.pinmux: invalid group "pbb0" for function "rsvd1"
[    0.224788] tegra30-pinctrl 70000868.pinmux: invalid group "pcc1" for function "rsvd1"
[    0.229843] tegra-pcie 3000.pcie: 2x3 configuration
[    0.230004] tegra-pcie 3000.pcie: Failed to get supply 'hvdd-pex': -517
[    0.235712] tegra-apbdma 6000a000.dma: Tegra20 APB DMA driver register 32 channels
[    0.237164] tegra-pmc 7000e400.pmc: i2c-thermtrip node not found, emergency thermal reset disabled.
[    0.270705] Serial: 8250/16550 driver, 4 ports, IRQ sharing disabled
[    0.272815] console [ttyS0] disabled
[    0.272855] 70006000.serial: ttyS0 at MMIO 0x70006000 (irq = 331, base_baud = 25500000) is a Tegra
[    1.318268] console [ttyS0] enabled
[    1.322281] SuperH (H)SCI(F) driver initialized
[    1.327414] msm_serial: driver initialized
[    1.331602] STMicroelectronics ASC driver initialized
[    1.340061] tegra-hdmi 54280000.hdmi: failed to get HDMI regulator
[    1.353860] brd: module loaded
[    1.362178] loop: module loaded
[    1.370904] m25p80 spi32766.1: w25q32 (4096 Kbytes)
[    1.377564] libphy: Fixed MDIO Bus: probed
[    1.382372] CAN device driver interface
[    1.386759] bgmac_bcma: Broadcom 47xx GBit MAC driver loaded
[    1.393122] e1000e: Intel(R) PRO/1000 Network Driver - 3.2.6-k
[    1.398962] e1000e: Copyright(c) 1999 - 2015 Intel Corporation.
[    1.404926] igb: Intel(R) Gigabit Ethernet Network Driver - version 5.4.0-k
[    1.411869] igb: Copyright (c) 2007-2014 Intel Corporation.
[    1.419507] pegasus: v0.9.3 (2013/04/25), Pegasus/Pegasus II USB Ethernet driver
[    1.426951] usbcore: registered new interface driver pegasus
[    1.432620] usbcore: registered new interface driver asix
[    1.438036] usbcore: registered new interface driver ax88179_178a
[    1.444141] usbcore: registered new interface driver cdc_ether
[    1.449991] usbcore: registered new interface driver smsc75xx
[    1.455762] usbcore: registered new interface driver smsc95xx
[    1.461511] usbcore: registered new interface driver net1080
[    1.467181] usbcore: registered new interface driver cdc_subset
[    1.473103] usbcore: registered new interface driver zaurus
[    1.478705] usbcore: registered new interface driver cdc_ncm
[    1.485789] ehci_hcd: USB 2.0 'Enhanced' Host Controller (EHCI) Driver
[    1.492301] ehci-pci: EHCI PCI platform driver
[    1.496779] ehci-platform: EHCI generic platform driver
[    1.502106] ehci-orion: EHCI orion driver
[    1.506202] SPEAr-ehci: EHCI SPEAr driver
[    1.510272] ehci-st: EHCI STMicroelectronics driver
[    1.515222] ehci-exynos: EHCI EXYNOS driver
[    1.519476] ehci-atmel: EHCI Atmel driver
[    1.523545] tegra-ehci: Tegra EHCI driver
[    1.527865] ohci_hcd: USB 1.1 'Open' Host Controller (OHCI) Driver
[    1.534052] ohci-pci: OHCI PCI platform driver
[    1.538512] ohci-platform: OHCI generic platform driver
[    1.543843] SPEAr-ohci: OHCI SPEAr driver
[    1.547914] ohci-st: OHCI STMicroelectronics driver
[    1.552849] ohci-atmel: OHCI Atmel driver
[    1.557291] usbcore: registered new interface driver usb-storage
[    1.566013] tegra_rtc 7000e000.rtc: rtc core: registered 7000e000.rtc as rtc1
[    1.573165] tegra_rtc 7000e000.rtc: Tegra internal Real Time Clock
[    1.591992] tps65910-rtc tps65910-rtc: rtc core: registered tps65910-rtc as rtc0
[    1.599579] i2c /dev entries driver
[    1.611228] sdhci: Secure Digital Host Controller Interface driver
[    1.617419] sdhci: Copyright(c) Pierre Ossman
[    1.622664] Synopsys Designware Multimedia Card Interface Driver
[    1.629398] sdhci-pltfm: SDHCI platform and OF driver helper
[    1.635592] sdhci-tegra 78000000.sdhci: Got CD GPIO
[    1.640465] sdhci-tegra 78000000.sdhci: Got WP GPIO
[    1.653649] mmc0: Invalid maximum block size, assuming 512 bytes
[    1.723780] mmc0: SDHCI controller on 78000000.sdhci [78000000.sdhci] using ADMA
[    1.740130] mmc1: Invalid maximum block size, assuming 512 bytes
[    1.803714] mmc1: SDHCI controller on 78000600.sdhci [78000600.sdhci] using ADMA
[    1.812364] ledtrig-cpu: registered to indicate activity on CPUs
[    1.818711] usbcore: registered new interface driver usbhid
[    1.824291] usbhid: USB HID core driver
[    1.831085] NET: Registered protocol family 10
[    1.836188] Segment Routing with IPv6
[    1.839897] sit: IPv6, IPv4 and MPLS over IPv4 tunneling driver
[    1.846247] NET: Registered protocol family 17
[    1.850685] can: controller area network core (rev 20170425 abi 9)
[    1.856905] NET: Registered protocol family 29
[    1.861336] can: raw protocol (rev 20170425)
[    1.865609] can: broadcast manager protocol (rev 20170425 t)
[    1.871256] can: netlink gateway (rev 20170425) max_hops=1
[    1.877009] Key type dns_resolver registered
[    1.881715] ThumbEE CPU extension supported.
[    1.885993] Registering SWP/SWPB emulation handler
[    1.901590] vdd_ddr: supplied by vdd_5v_in
[    1.906946] vdd_5v_sata: supplied by vdd_5v_in
[    1.907844] mmc1: new high speed MMC card at address 0001
[    1.908220] mmcblk1: mmc1:0001 SEM16G 14.8 GiB 
[    1.908329] mmcblk1boot0: mmc1:0001 SEM16G partition 1 1.00 MiB
[    1.909206] mmcblk1boot1: mmc1:0001 SEM16G partition 2 1.00 MiB
[    1.910084] mmcblk1rpmb: mmc1:0001 SEM16G partition 3 128 KiB
[    1.916567] Primary GPT is invalid, using alternate GPT.
[    1.916586]  mmcblk1: p1 p2 p3 p4 p5
[    1.942424] mmc0: new ultra high speed DDR50 SDHC card at address aaaa
[    1.943114] mmcblk0: mmc0:aaaa SS04G 3.69 GiB 
[    1.959251] usb1_vbus: supplied by vdd_5v_in
[    1.963908] usb3_vbus: supplied by vdd_5v_in
[    1.964708]  mmcblk0: p1 p2 p3
[    1.972523] sys_3v3,vdd_3v3_alw: supplied by vdd_5v_in
[    1.978461] sys_3v3_pexs: supplied by sys_3v3,vdd_3v3_alw
[    1.983985] +VDD_5V_HDMI: supplied by sys_3v3,vdd_3v3_alw
[    1.990006] tegra-pcie 3000.pcie: 2x3 configuration
[    1.997258] tegra-pcie 3000.pcie: probing port 0, using 2 lanes
[    2.061417] tegra-pcie 3000.pcie: probing port 2, using 2 lanes
[    2.471161] tegra-pcie 3000.pcie: link 2 down, retrying
[    2.880194] tegra-pcie 3000.pcie: link 2 down, retrying
[    3.289212] tegra-pcie 3000.pcie: link 2 down, retrying
[    3.296450] tegra-pcie 3000.pcie: link 2 down, ignoring
[    3.301775] tegra-pcie 3000.pcie: PCI host bridge to bus 0000:00
[    3.307784] pci_bus 0000:00: root bus resource [io  0x0000-0xffff]
[    3.313964] pci_bus 0000:00: root bus resource [mem 0x20000000-0x27ffffff]
[    3.320822] pci_bus 0000:00: root bus resource [mem 0x28000000-0x3fffffff pref]
[    3.328122] pci_bus 0000:00: root bus resource [bus 00-ff]
[    3.333614] pci 0000:00:01.0: [10de:0e1c] type 01 class 0x060400
[    3.339626] pci_bus 0000:00: 2-byte config write to 0000:00:01.0 offset 0x4 may corrupt adjacent RW1C bits
[    3.349268] pci_bus 0000:00: 2-byte config write to 0000:00:01.0 offset 0x4 may corrupt adjacent RW1C bits
[    3.358923] pci_bus 0000:00: 2-byte config write to 0000:00:01.0 offset 0x88 may corrupt adjacent RW1C bits
[    3.368667] pci_bus 0000:00: 2-byte config write to 0000:00:01.0 offset 0x52 may corrupt adjacent RW1C bits
[    3.378412] pci 0000:00:01.0: PME# supported from D0 D1 D2 D3hot D3cold
[    3.385021] pci_bus 0000:00: 2-byte config write to 0000:00:01.0 offset 0x4c may corrupt adjacent RW1C bits
[    3.394912] pci_bus 0000:00: 2-byte config write to 0000:00:01.0 offset 0x3e may corrupt adjacent RW1C bits
[    3.404644] pci_bus 0000:00: 2-byte config write to 0000:00:01.0 offset 0x4 may corrupt adjacent RW1C bits
[    3.414286] pci_bus 0000:00: 1-byte config write to 0000:00:01.0 offset 0xc may corrupt adjacent RW1C bits
[    3.423923] PCI: bus0: Fast back to back transfers disabled
[    3.429483] pci 0000:00:01.0: bridge configuration invalid ([bus 00-00]), reconfiguring
[    3.437477] pci_bus 0000:00: 2-byte config write to 0000:00:01.0 offset 0x3e may corrupt adjacent RW1C bits
[    3.447204] pci_bus 0000:00: 2-byte config write to 0000:00:01.0 offset 0x3e may corrupt adjacent RW1C bits
[    3.457025] pci 0000:01:00.0: [10ec:8168] type 00 class 0x020000
[    3.463041] pci 0000:01:00.0: reg 0x10: [io  0x0000-0x00ff]
[    3.468626] pci 0000:01:00.0: reg 0x18: [mem 0x00000000-0x00000fff 64bit pref]
[    3.475849] pci 0000:01:00.0: reg 0x20: [mem 0x00000000-0x00003fff 64bit pref]
[    3.483122] pci 0000:01:00.0: supports D1 D2
[    3.487388] pci 0000:01:00.0: PME# supported from D0 D1 D2 D3hot D3cold
[    3.523719] PCI: bus1: Fast back to back transfers disabled
[    3.529281] pci_bus 0000:01: busn_res: [bus 01-ff] end is updated to 01
[    3.535914] pci 0000:00:01.0: BAR 9: assigned [mem 0x28000000-0x280fffff 64bit pref]
[    3.543640] pci 0000:00:01.0: BAR 7: assigned [io  0x1000-0x1fff]
[    3.549731] pci 0000:01:00.0: BAR 4: assigned [mem 0x28000000-0x28003fff 64bit pref]
[    3.557476] pci 0000:01:00.0: BAR 2: assigned [mem 0x28004000-0x28004fff 64bit pref]
[    3.565220] pci 0000:01:00.0: BAR 0: assigned [io  0x1000-0x10ff]
[    3.571301] pci 0000:00:01.0: PCI bridge to [bus 01]
[    3.576260] pci 0000:00:01.0:   bridge window [io  0x1000-0x1fff]
[    3.582340] pci 0000:00:01.0:   bridge window [mem 0x28000000-0x280fffff 64bit pref]
[    3.590091] pci 0000:00:01.0: nv_msi_ht_cap_quirk didn't locate host bridge
[    3.597134] pcieport 0000:00:01.0: enabling device (0140 -> 0143)
[    3.603415] pcieport 0000:00:01.0: Signaling PME with IRQ 374
[    3.609394] r8169 Gigabit Ethernet driver 2.3LK-NAPI loaded
[    3.614981] r8169 0000:01:00.0: enabling device (0140 -> 0143)
[    3.621746] r8169 0000:01:00.0 eth0: RTL8168evl/8111evl at 0xf0b1c000, 02:04:4b:01:60:a6, XID 0c900800 IRQ 375
[    3.631749] r8169 0000:01:00.0 eth0: jumbo features [frames: 9200 bytes, tx checksumming: ko]
[    3.646608] utmi_phy_clk_enable: timeout waiting for phy to stabilize
[    3.653055] tegra-ehci 7d004000.usb: EHCI Host Controller
[    3.658477] tegra-ehci 7d004000.usb: new USB bus registered, assigned bus number 1
[    3.666240] tegra-ehci 7d004000.usb: irq 343, io mem 0x7d004000
[    3.693711] tegra-ehci 7d004000.usb: USB 2.0 started, EHCI 1.00
[    3.700605] hub 1-0:1.0: USB hub found
[    3.704383] hub 1-0:1.0: 1 port detected
[    3.709485] tegra-ehci 7d008000.usb: EHCI Host Controller
[    3.714901] tegra-ehci 7d008000.usb: new USB bus registered, assigned bus number 2
[    3.722628] tegra-ehci 7d008000.usb: irq 344, io mem 0x7d008000
[    3.754090] tegra-ehci 7d008000.usb: USB 2.0 started, EHCI 1.00
[    3.761257] hub 2-0:1.0: USB hub found
[    3.765032] hub 2-0:1.0: 1 port detected
[    3.775326] tps65910-rtc tps65910-rtc: setting system clock to 2000-01-01 00:00:02 UTC (946684802)
[    3.784834] vdd_sata,avdd_plle: disabling
[    3.789575] usb1_vbus: disabling
[    3.794314] EXT4-fs (mmcblk1p1): mounting ext3 file system using the ext4 subsystem
[    3.809285] EXT4-fs (mmcblk1p1): warning: mounting fs with errors, running e2fsck is recommended
[    3.819516] EXT4-fs (mmcblk1p1): recovery complete
[    3.824322] EXT4-fs (mmcblk1p1): mounted filesystem with ordered data mode. Opts: (null)
[    3.832422] VFS: Mounted root (ext3 filesystem) on device 179:1.
[    3.841340] devtmpfs: mounted
[    3.846842] Freeing unused kernel memory: 2048K
bash: cannot set terminal process group (-1): Inappropriate ioctl for device
bash: no job control in this shell
root@(none):/# [    4.124105] usb 2-1: new high-speed USB device number 2 using tegra-ehci
[    4.804236] asix 2-1:1.0 eth1: register 'asix' at usb-7d008000.usb-1, ASIX AX88772 USB 2.0 Ethernet, 00:50:b6:0f:67:60
mount -t sysfs none /sys
root@(none):/# 
root@(none):/# mount -t debugfs none /sys/kernel/debug
root@(none):/# 
root@(none):/# rtcwake -d rtc1 -m mem -s 3
rtcwake: wakeup from "mem" using /dev/rtc1 at Thu Jan  1 00:00:22 1970
[    7.511707] PM: Syncing filesystems ... done.
[    7.518145] Freezing user space processes ... (elapsed 0.001 seconds) done.
[    7.526208] OOM killer disabled.
[    7.529425] Freezing remaining freezable tasks ... (elapsed 0.001 seconds) done.
[    7.537937] Suspending console(s) (use no_console_suspend to debug)
[    7.644328] Disabling non-boot CPUs ...
[    7.734231] IRQ346 no longer affine to CPU1
[    7.823930] IRQ17 no longer affine to CPU2
[    7.824094] IRQ347 no longer affine to CPU2
[    7.923998] IRQ348 no longer affine to CPU3
[    7.975401] Entering suspend state LP1
[    7.975401] Suspended for 2.950 seconds
[    7.975415] Enabling non-boot CPUs ...
[    8.005739] CPU1 is up
[    8.045784] CPU2 is up
[    8.086254] CPU3 is up
[    8.086993] pcieport 0000:00:01.0: nv_msi_ht_cap_quirk didn't locate host bridge
[    8.708411] OOM killer enabled.
[    8.711539] Restarting tasks ... done.
root@(none):/# 
root@(none):/# rtcwake -d rtc1 -m mem -s 3
rtcwake: wakeup from "mem" using /dev/rtc1 at Thu Jan  1 00:00:27 1970
[    9.630123] PM: Syncing filesystems ... done.
[    9.636659] Freezing user space processes ... (elapsed 0.001 seconds) done.
[    9.644718] OOM killer disabled.
[    9.647934] Freezing remaining freezable tasks ... (elapsed 0.001 seconds) done.
[    9.656443] Suspending console(s) (use no_console_suspend to debug)
[    9.694128] pci_generic_config_write32: 68 callbacks suppressed
[    9.694141] pci_bus 0000:00: 2-byte config write to 0000:00:01.0 offset 0x9c may corrupt adjacent RW1C bits
[    9.736766] pci_bus 0000:01: 2-byte config write to 0000:01:00.0 offset 0x44 may corrupt adjacent RW1C bits
[    9.736781] pci_bus 0000:01: 2-byte config write to 0000:01:00.0 offset 0x44 may corrupt adjacent RW1C bits
[    9.764299] Disabling non-boot CPUs ...
[    9.814095] IRQ346 no longer affine to CPU1
[    9.913900] IRQ17 no longer affine to CPU2
[    9.914070] IRQ347 no longer affine to CPU2
[   10.014043] IRQ348 no longer affine to CPU3
[   10.055451] Entering suspend state LP1
[   10.055451] Suspended for 2.919 seconds
[   10.055468] Enabling non-boot CPUs ...
[   10.086283] CPU1 is up
[   10.126250] CPU2 is up
[   10.166422] CPU3 is up
[   10.167330] pci_bus 0000:00: 2-byte config write to 0000:00:01.0 offset 0x4c may corrupt adjacent RW1C bits
[   10.167349] pci_bus 0000:00: 2-byte config write to 0000:00:01.0 offset 0x88 may corrupt adjacent RW1C bits
[   10.167355] pci_bus 0000:00: 2-byte config write to 0000:00:01.0 offset 0x90 may corrupt adjacent RW1C bits
[   10.167361] pci_bus 0000:00: 2-byte config write to 0000:00:01.0 offset 0x98 may corrupt adjacent RW1C bits
[   10.167366] pci_bus 0000:00: 2-byte config write to 0000:00:01.0 offset 0x9c may corrupt adjacent RW1C bits
[   10.167391] pci_bus 0000:00: 2-byte config write to 0000:00:01.0 offset 0x52 may corrupt adjacent RW1C bits
[   10.167398] pci_bus 0000:00: 2-byte config write to 0000:00:01.0 offset 0x52 may corrupt adjacent RW1C bits
[   10.167429] pcieport 0000:00:01.0: nv_msi_ht_cap_quirk didn't locate host bridge
[   10.896200] OOM killer enabled.
[   10.899333] Restarting tasks ... done.
root@(none):/# 
root@(none):/# rtcwake -d rtc1 -m mem -s 3
rtcwake: wakeup from "mem" using /dev/rtc1 at Thu Jan  1 00:00:32 1970
[   11.714533] PM: Syncing filesystems ... done.
[   11.721233] Freezing user space processes ... (elapsed 0.001 seconds) done.
[   11.729336] OOM killer disabled.
[   11.732552] Freezing remaining freezable tasks ... (elapsed 0.001 seconds) done.
[   11.741080] Suspending console(s) (use no_console_suspend to debug)
[   11.854414] Disabling non-boot CPUs ...
[   11.904000] IRQ17 no longer affine to CPU1
[   11.904203] IRQ346 no longer affine to CPU1
[   12.155679] Entering suspend state LP1
[   12.155679] Suspended for 2.899 seconds
[   12.155700] Enabling non-boot CPUs ...
[   12.186057] CPU1 is up
[   12.226201] CPU2 is up
[   12.266443] CPU3 is up
[   12.267342] pcieport 0000:00:01.0: nv_msi_ht_cap_quirk didn't locate host bridge
[   12.895595] OOM killer enabled.
[   12.898726] Restarting tasks ... done.
root@(none):/# 
root@(none):/# rtcwake -d rtc1 -m mem -s 3
rtcwake: wakeup from "mem" using /dev/rtc1 at Thu Jan  1 00:00:37 1970
[   13.813581] PM: Syncing filesystems ... done.
[   13.819782] Freezing user space processes ... (elapsed 0.001 seconds) done.
[   13.827878] OOM killer disabled.
[   13.831096] Freezing remaining freezable tasks ... (elapsed 0.001 seconds) done.
[   13.839638] Suspending console(s) (use no_console_suspend to debug)
[   13.944359] Disabling non-boot CPUs ...
[   13.994156] migrate_irqs: 2 callbacks suppressed
[   13.994159] IRQ346 no longer affine to CPU1
[   14.114083] IRQ347 no longer affine to CPU2
[   14.203792] IRQ17 no longer affine to CPU3
[   14.203952] IRQ348 no longer affine to CPU3
[   14.235381] Entering suspend state LP1
[   14.235381] Suspended for 2.920 seconds
[   14.235398] Enabling non-boot CPUs ...
[   14.265959] CPU1 is up
[   14.306055] CPU2 is up
[   14.346335] CPU3 is up
[   14.347276] pcieport 0000:00:01.0: nv_msi_ht_cap_quirk didn't locate host bridge
[   14.970735] OOM killer enabled.
[   14.973874] Restarting tasks ... done.
root@(none):/# 
root@(none):/# rtcwake -d rtc1 -m mem -s 3
rtcwake: wakeup from "mem" using /dev/rtc1 at Thu Jan  1 00:00:42 1970
[   15.894429] PM: Syncing filesystems ... done.
[   15.901113] Freezing user space processes ... (elapsed 0.001 seconds) done.
[   15.909216] OOM killer disabled.
[   15.912432] Freezing remaining freezable tasks ... (elapsed 0.001 seconds) done.
[   15.920953] Suspending console(s) (use no_console_suspend to debug)
[   15.965194] pci_generic_config_write32: 65 callbacks suppressed
[   15.965212] pci_bus 0000:00: 2-byte config write to 0000:00:01.0 offset 0x9c may corrupt adjacent RW1C bits
[   16.011368] pci_bus 0000:01: 2-byte config write to 0000:01:00.0 offset 0x44 may corrupt adjacent RW1C bits
[   16.011388] pci_bus 0000:01: 2-byte config write to 0000:01:00.0 offset 0x44 may corrupt adjacent RW1C bits
[   16.034338] Disabling non-boot CPUs ...
[   16.083930] IRQ17 no longer affine to CPU1
[   16.084131] IRQ346 no longer affine to CPU1
[   16.184040] IRQ347 no longer affine to CPU2
[   16.294049] IRQ348 no longer affine to CPU3
[   16.335718] Entering suspend state LP1
[   16.335718] Suspended for 2.899 seconds
[   16.335740] Enabling non-boot CPUs ...
[   16.366045] CPU1 is up
[   16.406214] CPU2 is up
[   16.446440] CPU3 is up
[   16.447301] pci_bus 0000:00: 2-byte config write to 0000:00:01.0 offset 0x4c may corrupt adjacent RW1C bits
[   16.447315] pci_bus 0000:00: 2-byte config write to 0000:00:01.0 offset 0x88 may corrupt adjacent RW1C bits
[   16.447321] pci_bus 0000:00: 2-byte config write to 0000:00:01.0 offset 0x90 may corrupt adjacent RW1C bits
[   16.447325] pci_bus 0000:00: 2-byte config write to 0000:00:01.0 offset 0x98 may corrupt adjacent RW1C bits
[   16.447331] pci_bus 0000:00: 2-byte config write to 0000:00:01.0 offset 0x9c may corrupt adjacent RW1C bits
[   16.447355] pci_bus 0000:00: 2-byte config write to 0000:00:01.0 offset 0x52 may corrupt adjacent RW1C bits
[   16.447362] pci_bus 0000:00: 2-byte config write to 0000:00:01.0 offset 0x52 may corrupt adjacent RW1C bits
[   16.447394] pcieport 0000:00:01.0: nv_msi_ht_cap_quirk didn't locate host bridge
[   17.186490] OOM killer enabled.
[   17.189621] Restarting tasks ... done.
root@(none):/# 
root@(none):/# rtcwake -d rtc1 -m mem -s 3
rtcwake: wakeup from "mem" using /dev/rtc1 at Thu Jan  1 00:00:47 1970
[   17.994144] PM: Syncing filesystems ... done.
[   18.000334] Freezing user space processes ... (elapsed 0.001 seconds) done.
[   18.008446] OOM killer disabled.
[   18.011663] Freezing remaining freezable tasks ... (elapsed 0.001 seconds) done.
[   18.020196] Suspending console(s) (use no_console_suspend to debug)
[   18.134310] Disabling non-boot CPUs ...
[   18.184088] IRQ346 no longer affine to CPU1
[   18.284014] IRQ347 no longer affine to CPU2
[   18.435497] Entering suspend state LP1
[   18.435497] Suspended for 2.900 seconds
[   18.435516] Enabling non-boot CPUs ...
[   18.465855] CPU1 is up
[   18.506025] CPU2 is up
[   18.546310] CPU3 is up
[   18.547189] pcieport 0000:00:01.0: nv_msi_ht_cap_quirk didn't locate host bridge
[   19.165123] OOM killer enabled.
[   19.168254] Restarting tasks ... done.
root@(none):/# 
root@(none):/# rtcwake -d rtc1 -m mem -s 3
rtcwake: wakeup from "mem" using /dev/rtc1 at Thu Jan  1 00:00:52 1970
[   20.094184] PM: Syncing filesystems ... done.
[   20.101354] Freezing user space processes ... (elapsed 0.001 seconds) done.
[   20.109458] OOM killer disabled.
[   20.112677] Freezing remaining freezable tasks ... (elapsed 0.001 seconds) done.
[   20.121210] Suspending console(s) (use no_console_suspend to debug)
[   20.234263] Disabling non-boot CPUs ...
[   20.283855] migrate_irqs: 2 callbacks suppressed
[   20.283860] IRQ17 no longer affine to CPU1
[   20.284062] IRQ346 no longer affine to CPU1
[   20.383970] IRQ347 no longer affine to CPU2
[   20.493983] IRQ348 no longer affine to CPU3
[   20.535616] Entering suspend state LP1
[   20.535616] Suspended for 2.899 seconds
[   20.535634] Enabling non-boot CPUs ...
[   20.566006] CPU1 is up
[   20.606154] CPU2 is up
[   20.646364] CPU3 is up
[   20.647260] pcieport 0000:00:01.0: nv_msi_ht_cap_quirk didn't locate host bridge
[   21.272075] OOM killer enabled.
[   21.275213] Restarting tasks ... done.
root@(none):/# 
root@(none):/# rtcwake -d rtc1 -m mem -s 3
rtcwake: wakeup from "mem" using /dev/rtc1 at Thu Jan  1 00:00:57 1970
[   22.204595] PM: Syncing filesystems ... done.
[   22.211294] Freezing user space processes ... (elapsed 0.001 seconds) done.
[   22.219401] OOM killer disabled.
[   22.222617] Freezing remaining freezable tasks ... (elapsed 0.001 seconds) done.
[   22.231143] Suspending console(s) (use no_console_suspend to debug)
[   22.275081] pci_generic_config_write32: 65 callbacks suppressed
[   22.275095] pci_bus 0000:00: 2-byte config write to 0000:00:01.0 offset 0x9c may corrupt adjacent RW1C bits
[   22.320397] pci_bus 0000:01: 2-byte config write to 0000:01:00.0 offset 0x44 may corrupt adjacent RW1C bits
[   22.320414] pci_bus 0000:01: 2-byte config write to 0000:01:00.0 offset 0x44 may corrupt adjacent RW1C bits
[   22.344218] Disabling non-boot CPUs ...
[   22.393789] IRQ17 no longer affine to CPU1
[   22.393985] IRQ346 no longer affine to CPU1
[   22.483962] IRQ347 no longer affine to CPU2
[   22.583829] IRQ348 no longer affine to CPU3
[   22.635226] Entering suspend state LP1
[   22.635226] Suspended for 2.900 seconds
[   22.635243] Enabling non-boot CPUs ...
[   22.665837] CPU1 is up
[   22.705928] CPU2 is up
[   22.746253] CPU3 is up
[   22.747122] pci_bus 0000:00: 2-byte config write to 0000:00:01.0 offset 0x4c may corrupt adjacent RW1C bits
[   22.747135] pci_bus 0000:00: 2-byte config write to 0000:00:01.0 offset 0x88 may corrupt adjacent RW1C bits
[   22.747140] pci_bus 0000:00: 2-byte config write to 0000:00:01.0 offset 0x90 may corrupt adjacent RW1C bits
[   22.747145] pci_bus 0000:00: 2-byte config write to 0000:00:01.0 offset 0x98 may corrupt adjacent RW1C bits
[   22.747150] pci_bus 0000:00: 2-byte config write to 0000:00:01.0 offset 0x9c may corrupt adjacent RW1C bits
[   22.747174] pci_bus 0000:00: 2-byte config write to 0000:00:01.0 offset 0x52 may corrupt adjacent RW1C bits
[   22.747182] pci_bus 0000:00: 2-byte config write to 0000:00:01.0 offset 0x52 may corrupt adjacent RW1C bits
[   22.747213] pcieport 0000:00:01.0: nv_msi_ht_cap_quirk didn't locate host bridge
[   23.476407] OOM killer enabled.
[   23.479537] Restarting tasks ... done.
root@(none):/# 
root@(none):/# rtcwake -d rtc1 -m mem -s 3
rtcwake: wakeup from "mem" using /dev/rtc1 at Thu Jan  1 00:01:02 1970
[   24.275808] PM: Syncing filesystems ... done.
[   24.281472] Freezing user space processes ... (elapsed 0.001 seconds) done.
[   24.289576] OOM killer disabled.
[   24.292792] Freezing remaining freezable tasks ... (elapsed 0.001 seconds) done.
[   24.301313] Suspending console(s) (use no_console_suspend to debug)
[   24.414193] Disabling non-boot CPUs ...
[   24.463975] IRQ346 no longer affine to CPU1
[   24.553720] IRQ17 no longer affine to CPU2
[   24.705171] Entering suspend state LP1
[   24.705171] Suspended for 2.930 seconds
[   24.705190] Enabling non-boot CPUs ...
[   24.735754] CPU1 is up
[   24.775916] CPU2 is up
[   24.816188] CPU3 is up
[   24.817076] pcieport 0000:00:01.0: nv_msi_ht_cap_quirk didn't locate host bridge
[   25.434333] OOM killer enabled.
[   25.437465] Restarting tasks ... done.
root@(none):/# 
root@(none):/# rtcwake -d rtc1 -m mem -s 3
rtcwake: wakeup from "mem" using /dev/rtc1 at Thu Jan  1 00:01:07 1970
[   26.423444] PM: Syncing filesystems ... done.
[   26.429611] Freezing user space processes ... (elapsed 0.001 seconds) done.
[   26.437716] OOM killer disabled.
[   26.440933] Freezing remaining freezable tasks ... (elapsed 0.001 seconds) done.
[   26.449473] Suspending console(s) (use no_console_suspend to debug)
[   26.564158] Disabling non-boot CPUs ...
[   26.643951] migrate_irqs: 2 callbacks suppressed
[   26.643956] IRQ346 no longer affine to CPU1
[   26.743682] IRQ17 no longer affine to CPU2
[   26.743891] IRQ347 no longer affine to CPU2
[   26.843750] IRQ348 no longer affine to CPU3
[   26.895158] Entering suspend state LP1
[   26.895158] Suspended for 2.809 seconds
[   26.895175] Enabling non-boot CPUs ...
[   26.925741] CPU1 is up
[   26.965901] CPU2 is up
[   27.006160] CPU3 is up
[   27.007058] pcieport 0000:00:01.0: nv_msi_ht_cap_quirk didn't locate host bridge
[   27.648165] OOM killer enabled.
[   27.651293] Restarting tasks ... done.
root@(none):/# 
root@(none):/# NVTB SYSTEM SUSPEND TEST COMPLETE
