
U-Boot SPL 2014.01-00219-gc4d376f (Feb 18 2014 - 19:57:18)


U-Boot 2014.01-00219-gc4d376f (Feb 18 2014 - 19:57:18)

TEGRA30
Board: NVIDIA Beaver
I2C:   ready
DRAM:  2 GiB
MMC:   Tegra SD/MMC: 0, Tegra SD/MMC: 1
In:    serial
Out:   serial
Err:   serial
Net:   Net Initialization Skipped
No ethernet found.
Hit any key to stop autoboot:  2  0 
Tegra30 (Beaver) # 
Tegra30 (Beaver) # usb reset
(Re)start USB...
USB0:   USB EHCI 1.00
scanning bus 0 for devices... 2 USB Device(s) found
       scanning usb for storage devices... 0 Storage Device(s) found
       scanning usb for ethernet devices... 
Warning: asx0 using MAC address from net device
1 Ethernet Device(s) found
Tegra30 (Beaver) # setenv bootargs 'ignore_loglevel console=ttyS0,115200n8 rw root=/dev/mmcblk0p1 rootwait gpt debug init=/bin/bash noinitrd'
Tegra30 (Beaver) # setenv ipaddr 192.168.100.101; setenv serverip 192.168.100.1; setenv tftpserverip 192.168.100.1
Tegra30 (Beaver) # tftpboot 0x81000000 zImage.multi_v7_defconfig
Using asx0 device
TFTP from server 192.168.100.1; our IP address is 192.168.100.101
Filename 'zImage.multi_v7_defconfig'.
Load address: 0x81000000
Loading: *#################################################################
	 #################################################################
	 #################################################################
	 #################################################################
	 #################################################################
	 #################################################################
	 ################################################
	 3.4 MiB/s
done
Bytes transferred = 6420984 (61f9f8 hex)
Tegra30 (Beaver) # tftpboot 0x82000000 tegra30-beaver.dtb
Using asx0 device
TFTP from server 192.168.100.1; our IP address is 192.168.100.101
Filename 'tegra30-beaver.dtb'.
Load address: 0x82000000
Loading: *####
	 3.1 MiB/s
done
Bytes transferred = 51467 (c90b hex)
Tegra30 (Beaver) # bootz 0x81000000 - 0x82000000
Kernel image @ 0x81000000 [ 0x000000 - 0x61f9f8 ]
## Flattened Device Tree blob at 82000000
   Booting using the fdt blob at 0x82000000
   Loading Device Tree to 8fff0000, end 8ffff90a ... OK

Starting kernel ...

[    0.000000] Booting Linux on physical CPU 0x0
[    0.000000] Linux version 4.1.0-rc5-next-20150527-20113-g8a383d3 (pwalmsley@sellafield) (gcc version 4.7.3 20130328 (prerelease) (crosstool-NG linaro-1.13.1-4.7-2013.04-20130415 - Linaro GCC 2013.04) ) #1 SMP Wed May 27 02:48:01 PDT 2015
[    0.000000] CPU: ARMv7 Processor [412fc099] revision 9 (ARMv7), cr=10c5387d
[    0.000000] CPU: PIPT / VIPT nonaliasing data cache, VIPT aliasing instruction cache
[    0.000000] Machine model: NVIDIA Tegra30 Beaver evaluation board
[    0.000000] debug: ignoring loglevel setting.
[    0.000000] cma: Reserved 64 MiB at 0xfb800000
[    0.000000] Memory policy: Data cache writealloc
[    0.000000] On node 0 totalpages: 524032
[    0.000000] free_area_init_node: node 0, pgdat c0f9fd40, node_mem_map ee7f8000
[    0.000000]   DMA zone: 1520 pages used for memmap
[    0.000000]   DMA zone: 0 pages reserved
[    0.000000]   DMA zone: 194560 pages, LIFO batch:31
[    0.000000]   HighMem zone: 329472 pages, LIFO batch:31
[    0.000000] PERCPU: Embedded 12 pages/cpu @ee793000 s16896 r8192 d24064 u49152
[    0.000000] pcpu-alloc: s16896 r8192 d24064 u49152 alloc=12*4096
[    0.000000] pcpu-alloc: [0] 0 [0] 1 [0] 2 [0] 3 
[    0.000000] Built 1 zonelists in Zone order, mobility grouping on.  Total pages: 522512
[    0.000000] Kernel command line: ignore_loglevel console=ttyS0,115200n8 rw root=/dev/mmcblk0p1 rootwait gpt debug init=/bin/bash noinitrd
[    0.000000] PID hash table entries: 4096 (order: 2, 16384 bytes)
[    0.000000] Dentry cache hash table entries: 131072 (order: 7, 524288 bytes)
[    0.000000] Inode-cache hash table entries: 65536 (order: 6, 262144 bytes)
[    0.000000] Memory: 1998660K/2096128K available (8161K kernel code, 1079K rwdata, 3748K rodata, 932K init, 334K bss, 31932K reserved, 65536K cma-reserved, 1252352K highmem)
[    0.000000] Virtual kernel memory layout:
[    0.000000]     vector  : 0xffff0000 - 0xffff1000   (   4 kB)
[    0.000000]     fixmap  : 0xffc00000 - 0xfff00000   (3072 kB)
[    0.000000]     vmalloc : 0xf0000000 - 0xff000000   ( 240 MB)
[    0.000000]     lowmem  : 0xc0000000 - 0xef800000   ( 760 MB)
[    0.000000]     pkmap   : 0xbfe00000 - 0xc0000000   (   2 MB)
[    0.000000]     modules : 0xbf000000 - 0xbfe00000   (  14 MB)
[    0.000000]       .text : 0xc0208000 - 0xc0daa77c   (11914 kB)
[    0.000000]       .init : 0xc0dab000 - 0xc0e94000   ( 932 kB)
[    0.000000]       .data : 0xc0e94000 - 0xc0fa1d20   (1080 kB)
[    0.000000]        .bss : 0xc0fa4000 - 0xc0ff7aa8   ( 335 kB)
[    0.000000] SLUB: HWalign=64, Order=0-3, MinObjects=0, CPUs=4, Nodes=1
[    0.000000] Hierarchical RCU implementation.
[    0.000000] 	Additional per-CPU info printed with stalls.
[    0.000000] 	Build-time adjustment of leaf fanout to 32.
[    0.000000] 	RCU restricting CPUs from NR_CPUS=16 to nr_cpu_ids=4.
[    0.000000] RCU: Adjusting geometry for rcu_fanout_leaf=32, nr_cpu_ids=4
[    0.000000] NR_IRQS:16 nr_irqs:16 16
[    0.000000] /interrupt-controller@60004000: 160 interrupts forwarded to /interrupt-controller@50041000
[    0.000000] L2C: platform modifies aux control register: 0x02080000 -> 0x3e480001
[    0.000000] L2C: DT/platform modifies aux control register: 0x02080000 -> 0x3e480001
[    0.000000] L2C-310 erratum 769419 enabled
[    0.000000] L2C-310 enabling early BRESP for Cortex-A9
[    0.000000] L2C-310: enabling full line of zeros but not enabled in Cortex-A9
[    0.000000] L2C-310 dynamic clock gating enabled, standby mode enabled
[    0.000000] L2C-310 cache controller enabled, 8 ways, 1024 kB
[    0.000000] L2C-310: CACHE_ID 0x410000c7, AUX_CTRL 0x4e480001
[    0.000015] sched_clock: 32 bits at 1000kHz, resolution 1000ns, wraps every 2147483647500ns
[    0.000034] clocksource timer_us: mask: 0xffffffff max_cycles: 0xffffffff, max_idle_ns: 1911260446275 ns
[    0.000043] Switching to timer-based delay loop, resolution 1000ns
[    0.002456] Console: colour dummy device 80x30
[    0.002479] Calibrating delay loop (skipped), value calculated using timer frequency.. 2.00 BogoMIPS (lpj=5000)
[    0.002489] pid_max: default: 32768 minimum: 301
[    0.002584] Mount-cache hash table entries: 2048 (order: 1, 8192 bytes)
[    0.002591] Mountpoint-cache hash table entries: 2048 (order: 1, 8192 bytes)
[    0.003008] CPU: Testing write buffer coherency: ok
[    0.003280] CPU0: thread -1, cpu 0, socket 0, mpidr 80000000
[    0.003344] Setting up static identity map for 0x80209000 - 0x80209098
[    0.005455] Tegra Revision: A03 SKU: 128 CPU Process: 4 SoC Process: 0
[    0.007004] CPU1: thread -1, cpu 1, socket 0, mpidr 80000001
[    0.008007] CPU2: thread -1, cpu 2, socket 0, mpidr 80000002
[    0.009003] CPU3: thread -1, cpu 3, socket 0, mpidr 80000003
[    0.009041] Brought up 4 CPUs
[    0.009053] SMP: Total of 4 processors activated (8.00 BogoMIPS).
[    0.009057] CPU: All CPU(s) started in SVC mode.
[    0.009489] devtmpfs: initialized
[    0.017943] VFP support v0.3: implementor 41 architecture 3 part 30 variant 9 rev 4
[    0.018435] clocksource jiffies: mask: 0xffffffff max_cycles: 0xffffffff, max_idle_ns: 9556302231375000 ns
[    0.021975] pinctrl core: initialized pinctrl subsystem
[    0.023374] NET: Registered protocol family 16
[    0.025572] DMA: preallocated 256 KiB pool for atomic coherent allocations
[    0.039933] cpuidle: using governor ladder
[    0.054927] cpuidle: using governor menu
[    0.063081] No ATAGs?
[    0.063110] hw-breakpoint: found 5 (+1 reserved) breakpoint and 1 watchpoint registers.
[    0.063117] hw-breakpoint: maximum watchpoint size is 4 bytes.
[    0.066053] Serial: AMBA PL011 UART driver
[    0.067056] tegra-mc 7000f000.memory-controller: no memory timings for RAM code 3 registered
[    0.087929] vdd_5v_sata: Failed to request enable GPIO30: -517
[    0.087998] reg-fixed-voltage regulators:regulator@3: Failed to register regulator: -517
[    0.088102] usb1_vbus: Failed to request enable GPIO238: -517
[    0.088154] reg-fixed-voltage regulators:regulator@4: Failed to register regulator: -517
[    0.088258] usb3_vbus: Failed to request enable GPIO236: -517
[    0.088309] reg-fixed-voltage regulators:regulator@5: Failed to register regulator: -517
[    0.088456] sys_3v3_pexs: Failed to request enable GPIO95: -517
[    0.088507] reg-fixed-voltage regulators:regulator@7: Failed to register regulator: -517
[    0.090297] vgaarb: loaded
[    0.090792] SCSI subsystem initialized
[    0.090941] libata version 3.00 loaded.
[    0.091128] usbcore: registered new interface driver usbfs
[    0.091166] usbcore: registered new interface driver hub
[    0.091208] usbcore: registered new device driver usb
[    0.146684] media: Linux media interface: v0.10
[    0.146730] Linux video capture interface: v2.00
[    0.146760] pps_core: LinuxPPS API ver. 1 registered
[    0.146765] pps_core: Software ver. 5.3.6 - Copyright 2005-2007 Rodolfo Giometti <giometti@linux.it>
[    0.146781] PTP clock support registered
[    0.146952] EDAC MC: Ver: 3.0.0
[    0.147699] Advanced Linux Sound Architecture Driver Initialized.
[    0.148436] Switched to clocksource timer_us
[    0.154305] NET: Registered protocol family 2
[    0.154732] TCP established hash table entries: 8192 (order: 3, 32768 bytes)
[    0.154781] TCP bind hash table entries: 8192 (order: 4, 65536 bytes)
[    0.154862] TCP: Hash tables configured (established 8192 bind 8192)
[    0.154957] UDP hash table entries: 512 (order: 2, 16384 bytes)
[    0.155019] UDP-Lite hash table entries: 512 (order: 2, 16384 bytes)
[    0.155195] NET: Registered protocol family 1
[    0.155404] RPC: Registered named UNIX socket transport module.
[    0.155411] RPC: Registered udp transport module.
[    0.155415] RPC: Registered tcp transport module.
[    0.155419] RPC: Registered tcp NFSv4.1 backchannel transport module.
[    0.155441] PCI: CLS 0 bytes, default 64
[    0.156171] CPU PMU: Failed to parse /pmu/interrupt-affinity[0]
[    0.156204] hw perfevents: enabled with armv7_cortex_a9 PMU driver, 7 counters available
[    0.157151] futex hash table entries: 1024 (order: 4, 65536 bytes)
[    0.163172] squashfs: version 4.0 (2009/01/31) Phillip Lougher
[    0.163731] NFS: Registering the id_resolver key type
[    0.163768] Key type id_resolver registered
[    0.163773] Key type id_legacy registered
[    0.163823] ntfs: driver 2.1.32 [Flags: R/O].
[    0.164500] bounce: pool size: 64 pages
[    0.164614] Block layer SCSI generic (bsg) driver version 0.4 loaded (major 248)
[    0.164626] io scheduler noop registered
[    0.164633] io scheduler deadline registered
[    0.164732] io scheduler cfq registered (default)
[    0.169683] tegra30-pinctrl 70000868.pinmux: invalid group "sdmmc3_dat6_pd3" for function "rsvd1"
[    0.169698] tegra30-pinctrl 70000868.pinmux: invalid group "sdmmc3_dat7_pd4" for function "rsvd1"
[    0.169713] tegra30-pinctrl 70000868.pinmux: invalid group "vi_vsync_pd6" for function "rsvd1"
[    0.169723] tegra30-pinctrl 70000868.pinmux: invalid group "vi_hsync_pd7" for function "rsvd1"
[    0.170212] tegra30-pinctrl 70000868.pinmux: invalid group "hdmi_int_pn7" for function "rsvd1"
[    0.170258] tegra30-pinctrl 70000868.pinmux: invalid group "ulpi_data3_po4" for function "rsvd1"
[    0.170605] tegra30-pinctrl 70000868.pinmux: invalid group "vi_d10_pt2" for function "rsvd1"
[    0.170619] tegra30-pinctrl 70000868.pinmux: invalid group "vi_d11_pt3" for function "rsvd1"
[    0.170632] tegra30-pinctrl 70000868.pinmux: invalid group "vi_d0_pt4" for function "rsvd1"
[    0.170675] tegra30-pinctrl 70000868.pinmux: invalid group "pu0" for function "rsvd1"
[    0.170707] tegra30-pinctrl 70000868.pinmux: invalid group "pu3" for function "rsvd1"
[    0.170739] tegra30-pinctrl 70000868.pinmux: invalid group "pu6" for function "rsvd1"
[    0.170781] tegra30-pinctrl 70000868.pinmux: invalid group "pv3" for function "rsvd1"
[    0.171302] tegra30-pinctrl 70000868.pinmux: invalid group "pbb0" for function "rsvd1"
[    0.171424] tegra30-pinctrl 70000868.pinmux: invalid group "pcc1" for function "rsvd1"
[    0.175486] tegra-pcie 3000.pcie-controller: 2x3 configuration
[    0.175598] vdd_1v5_gen: supplied by vdd_5v_in
[    0.175653] vdd_pexa,vdd_pexb: supplied by vdd_1v5_gen
[    0.175737] tegra-pcie 3000.pcie-controller: Failed to get supply 'hvdd-pex': -517
[    0.176803] tegra-ahb 6000c004.ahb: incorrect AHB base address in DT data - enabling workaround
[    0.179414] tegra-apbdma 6000a000.dma: Tegra20 APB DMA driver register 32 channels
[    0.180198] tegra-pmc 7000e400.pmc: i2c-thermtrip node not found, emergency thermal reset disabled.
[    0.213369] Serial: 8250/16550 driver, 4 ports, IRQ sharing disabled
[    0.214898] SuperH (H)SCI(F) driver initialized
[    0.215485] msm_serial: driver initialized
[    0.216122] console [ttyS0] disabled
[    0.216160] 70006000.serial: ttyS0 at MMIO 0x70006000 (irq = 331, base_baud = 25500000) is a Tegra
[    1.177116] console [ttyS0] enabled
[    1.181103] STMicroelectronics ASC driver initialized
[    1.187678] [drm] Initialized drm 1.1.0 20060810
[    1.193565] reg-fixed-voltage regulators:regulator@8: Failed to resolve vin-supply for +VDD_5V_HDMI
[    1.202603] tegra-hdmi 54280000.hdmi: failed to get HDMI regulator
[    1.213473] loop: module loaded
[    1.220914] m25p80 spi32766.1: w25q32 (4096 Kbytes)
[    1.227549] CAN device driver interface
[    1.232130] igb: Intel(R) Gigabit Ethernet Network Driver - version 5.2.15-k
[    1.239173] igb: Copyright (c) 2007-2014 Intel Corporation.
[    1.246293] pegasus: v0.9.3 (2013/04/25), Pegasus/Pegasus II USB Ethernet driver
[    1.253730] usbcore: registered new interface driver pegasus
[    1.259417] usbcore: registered new interface driver asix
[    1.264837] usbcore: registered new interface driver ax88179_178a
[    1.270954] usbcore: registered new interface driver cdc_ether
[    1.276822] usbcore: registered new interface driver smsc75xx
[    1.282597] usbcore: registered new interface driver smsc95xx
[    1.288361] usbcore: registered new interface driver net1080
[    1.294038] usbcore: registered new interface driver cdc_subset
[    1.299975] usbcore: registered new interface driver zaurus
[    1.305602] usbcore: registered new interface driver cdc_ncm
[    1.312479] ehci_hcd: USB 2.0 'Enhanced' Host Controller (EHCI) Driver
[    1.319008] ehci-pci: EHCI PCI platform driver
[    1.323477] ehci-platform: EHCI generic platform driver
[    1.328829] ehci-omap: OMAP-EHCI Host Controller driver
[    1.334126] ehci-orion: EHCI orion driver
[    1.338199] SPEAr-ehci: EHCI SPEAr driver
[    1.342283] ehci-st: EHCI STMicroelectronics driver
[    1.347241] ehci-exynos: EHCI EXYNOS driver
[    1.351513] ehci-atmel: EHCI Atmel driver
[    1.355597] tegra-ehci: Tegra EHCI driver
[    1.359924] ohci_hcd: USB 1.1 'Open' Host Controller (OHCI) Driver
[    1.366118] ohci-pci: OHCI PCI platform driver
[    1.370590] ohci-platform: OHCI generic platform driver
[    1.375912] ohci-omap3: OHCI OMAP3 driver
[    1.379994] SPEAr-ohci: OHCI SPEAr driver
[    1.384080] ohci-st: OHCI STMicroelectronics driver
[    1.389042] ohci-atmel: OHCI Atmel driver
[    1.393159] usbcore: registered new interface driver usb-storage
[    1.400024] mousedev: PS/2 mouse device common for all mice
[    1.407660] tegra_rtc 7000e000.rtc: rtc core: registered 7000e000.rtc as rtc1
[    1.414822] tegra_rtc 7000e000.rtc: Tegra internal Real Time Clock
[    1.433600] tps65910-rtc tps65910-rtc: rtc core: registered tps65910-rtc as rtc0
[    1.441205] i2c /dev entries driver
[    1.446310] usbcore: registered new interface driver uvcvideo
[    1.452055] USB Video Class driver (1.1.1)
[    1.456152] gspca_main: v2.14.0 registered
[    1.463277] sdhci: Secure Digital Host Controller Interface driver
[    1.469454] sdhci: Copyright(c) Pierre Ossman
[    1.474724] Synopsys Designware Multimedia Card Interface Driver
[    1.481347] sdhci-pltfm: SDHCI platform and OF driver helper
[    1.487483] sdhci-tegra 78000000.sdhci: Got CD GPIO
[    1.492369] sdhci-tegra 78000000.sdhci: Got WP GPIO
[    1.498402] sdhci-tegra 78000000.sdhci: No vmmc regulator found
[    1.504321] sdhci-tegra 78000000.sdhci: No vqmmc regulator found
[    1.510319] mmc0: Invalid maximum block size, assuming 512 bytes
[    1.548506] mmc0: SDHCI controller on 78000000.sdhci [78000000.sdhci] using ADMA
[    1.557096] sdhci-tegra 78000600.sdhci: No vmmc regulator found
[    1.563012] sdhci-tegra 78000600.sdhci: No vqmmc regulator found
[    1.569011] mmc1: Invalid maximum block size, assuming 512 bytes
[    1.613441] mmc1: SDHCI controller on 78000600.sdhci [78000600.sdhci] using ADMA
[    1.621676] ledtrig-cpu: registered to indicate activity on CPUs
[    1.627816] usbcore: registered new interface driver usbhid
[    1.633383] usbhid: USB HID core driver
[    1.638493] unknown max CPU freq for speedo_id=5
[    1.643961] usbcore: registered new interface driver snd-usb-audio
[    1.729580] mmc1: new high speed MMC card at address 0001
[    1.735211] mmcblk0: mmc1:0001 SEM16G 14.8 GiB 
[    1.739806] mmcblk0boot0: mmc1:0001 SEM16G partition 1 1.00 MiB
[    1.745785] mmcblk0boot1: mmc1:0001 SEM16G partition 2 1.00 MiB
[    1.751771] mmcblk0rpmb: mmc1:0001 SEM16G partition 3 128 KiB
[    1.760213] Primary GPT is invalid, using alternate GPT.
[    1.765539]  mmcblk0: p1 p2 p3 p4 p5
[    2.064944] tegra30-i2s 70080400.i2s: DMA channels sourced from device 70080000.ahub
[    2.080455] tegra-snd-rt5640 sound: rt5640-aif1 <-> 70080400.i2s mapping ok
[    2.089428] input: NVIDIA Tegra Beaver Headphones as /devices/soc0/sound/sound/card0/input0
[    2.098792] NET: Registered protocol family 17
[    2.103240] can: controller area network core (rev 20120528 abi 9)
[    2.109469] NET: Registered protocol family 29
[    2.113916] can: raw protocol (rev 20120528)
[    2.118178] can: broadcast manager protocol (rev 20120528 t)
[    2.123836] can: netlink gateway (rev 20130117) max_hops=1
[    2.129603] Key type dns_resolver registered
[    2.134264] ThumbEE CPU extension supported.
[    2.138543] Registering SWP/SWPB emulation handler
[    2.151057] tegra-pcie 3000.pcie-controller: 2x3 configuration
[    2.157023] sys_3v3,vdd_3v3_alw: supplied by vdd_5v_in
[    2.162194] sys_3v3_pexs: supplied by sys_3v3,vdd_3v3_alw
[    2.170147] tegra-pcie 3000.pcie-controller: probing port 0, using 2 lanes
[    2.235277] tegra-pcie 3000.pcie-controller: probing port 2, using 2 lanes
[    2.645879] tegra-pcie 3000.pcie-controller: link 2 down, retrying
[    3.055777] tegra-pcie 3000.pcie-controller: link 2 down, retrying
[    3.465679] tegra-pcie 3000.pcie-controller: link 2 down, retrying
[    3.473869] tegra-pcie 3000.pcie-controller: link 2 down, ignoring
[    3.480168] tegra-pcie 3000.pcie-controller: PCI host bridge to bus 0000:00
[    3.487128] pci_bus 0000:00: root bus resource [mem 0x20000000-0x27ffffff]
[    3.493998] pci_bus 0000:00: root bus resource [mem 0x28000000-0x3fffffff pref]
[    3.501297] pci_bus 0000:00: root bus resource [bus 00-ff]
[    3.506778] pci_bus 0000:00: root bus resource [io  0x1000-0xffff]
[    3.512981] pci 0000:00:01.0: [10de:0e1c] type 01 class 0x060400
[    3.519009] pci 0000:00:01.0: IOMMU is currently not supported for PCI
[    3.525556] pci 0000:00:01.0: PME# supported from D0 D1 D2 D3hot D3cold
[    3.532311] PCI: bus0: Fast back to back transfers disabled
[    3.537882] pci 0000:00:01.0: bridge configuration invalid ([bus 00-00]), reconfiguring
[    3.545976] pci 0000:01:00.0: [10ec:8168] type 00 class 0x020000
[    3.552008] pci 0000:01:00.0: reg 0x10: [io  0x0000-0x00ff]
[    3.557587] pci 0000:01:00.0: reg 0x18: [mem 0x00000000-0x00000fff 64bit pref]
[    3.564810] pci 0000:01:00.0: reg 0x20: [mem 0x00000000-0x00003fff 64bit pref]
[    3.572032] pci 0000:01:00.0: IOMMU is currently not supported for PCI
[    3.578586] pci 0000:01:00.0: supports D1 D2
[    3.582843] pci 0000:01:00.0: PME# supported from D0 D1 D2 D3hot D3cold
[    3.598457] PCI: bus1: Fast back to back transfers disabled
[    3.604027] pci_bus 0000:01: busn_res: [bus 01-ff] end is updated to 01
[    3.610686] pci 0000:00:01.0: BAR 9: assigned [mem 0x28000000-0x280fffff 64bit pref]
[    3.618428] pci 0000:00:01.0: BAR 7: assigned [io  0x1000-0x1fff]
[    3.624515] pci 0000:01:00.0: BAR 4: assigned [mem 0x28000000-0x28003fff 64bit pref]
[    3.632256] pci 0000:01:00.0: BAR 2: assigned [mem 0x28004000-0x28004fff 64bit pref]
[    3.639995] pci 0000:01:00.0: BAR 0: assigned [io  0x1000-0x10ff]
[    3.646083] pci 0000:00:01.0: PCI bridge to [bus 01]
[    3.651041] pci 0000:00:01.0:   bridge window [io  0x1000-0x1fff]
[    3.657126] pci 0000:00:01.0:   bridge window [mem 0x28000000-0x280fffff 64bit pref]
[    3.664868] pci 0000:00:01.0: nv_msi_ht_cap_quirk didn't locate host bridge
[    3.671910] pcieport 0000:00:01.0: enabling device (0140 -> 0143)
[    3.678139] pcieport 0000:00:01.0: Signaling PME through PCIe PME interrupt
[    3.685094] pci 0000:01:00.0: Signaling PME through PCIe PME interrupt
[    3.691615] pcie_pme 0000:00:01.0:pcie01: service driver pcie_pme loaded
[    3.698472] r8169 Gigabit Ethernet driver 2.3LK-NAPI loaded
[    3.704054] r8169 0000:01:00.0: enabling device (0140 -> 0143)
[    3.710582] r8169 0000:01:00.0 eth0: RTL8168evl/8111evl at 0xf00e8000, 02:04:4b:01:60:a6, XID 0c900800 IRQ 375
[    3.720580] r8169 0000:01:00.0 eth0: jumbo features [frames: 9200 bytes, tx checksumming: ko]
[    3.729745] +VDD_5V_HDMI: supplied by sys_3v3,vdd_3v3_alw
[    3.735237] vdd_1v8_gen: supplied by vdd_5v_in
[    3.741389] [drm] Supports vblank timestamp caching Rev 2 (21.10.2013).
[    3.748018] [drm] No driver support for vblank timestamp query.
[    3.753954] drm drm: No connectors reported connected with modes
[    3.759967] [drm] Cannot find any crtc or sizes - going 1024x768
[    3.786139] Console: switching to colour frame buffer device 128x48
[    3.798650] drm drm: fb0:  frame buffer device
[    3.803083] drm drm: registered panic notifier
[    3.818449] [drm] Initialized tegra 0.0.0 20120330 on minor 0
[    3.826786] usb3_vbus: supplied by vdd_5v_in
[    3.833133] utmi_phy_clk_enable: timeout waiting for phy to stabilize
[    3.839598] tegra-ehci 7d004000.usb: EHCI Host Controller
[    3.845007] tegra-ehci 7d004000.usb: new USB bus registered, assigned bus number 1
[    3.853664] tegra-ehci 7d004000.usb: irq 343, io mem 0x7d004000
[    3.868447] tegra-ehci 7d004000.usb: USB 2.0 started, EHCI 1.00
[    3.874889] hub 1-0:1.0: USB hub found
[    3.878674] hub 1-0:1.0: 1 port detected
[    3.883510] tegra-ehci 7d008000.usb: EHCI Host Controller
[    3.888920] tegra-ehci 7d008000.usb: new USB bus registered, assigned bus number 2
[    3.896684] tegra-ehci 7d008000.usb: irq 344, io mem 0x7d008000
[    3.908446] tegra-ehci 7d008000.usb: USB 2.0 started, EHCI 1.00
[    3.914812] hub 2-0:1.0: USB hub found
[    3.918585] hub 2-0:1.0: 1 port detected
[    3.927580] tps65910-rtc tps65910-rtc: setting system clock to 2000-01-01 00:00:02 UTC (946684802)
[    3.941442] usb1_vbus: disabling
[    3.944752] vdd_sata,avdd_plle: disabling
[    3.949309] ALSA device list:
[    3.952267]   #0: NVIDIA Tegra Beaver
[    3.957688] EXT4-fs (mmcblk0p1): mounting ext3 file system using the ext4 subsystem
[    3.972228] EXT4-fs (mmcblk0p1): warning: mounting fs with errors, running e2fsck is recommended
[    3.982558] EXT4-fs (mmcblk0p1): recovery complete
[    3.987358] EXT4-fs (mmcblk0p1): mounted filesystem with ordered data mode. Opts: (null)
[    3.995478] VFS: Mounted root (ext3 filesystem) on device 179:1.
[    4.011010] devtmpfs: mounted
[    4.014838] Freeing unused kernel memory: 932K (c0dab000 - c0e94000)
bash: cannot set terminal process group (-1): Inappropriate ioctl for device
bash: no job control in this shell
root@(none):/# [    4.228485] usb 2-1: new high-speed USB device number 2 using tegra-ehci
