[    0.000000] Booting Linux on physical CPU 0x0
[    0.000000] Linux version 4.11.0-next-20170505-289187-g9e597e8 (jonathanh@tamien) (gcc version 4.9.2 20140904 (prerelease) (crosstool-NG linaro-1.13.1-4.9-2014.09 - Linaro GCC 4.9-2014.09) ) #1 SMP PREEMPT Fri May 5 03:54:40 PDT 2017
[    0.000000] Boot CPU: AArch64 Processor [411fd070]
[    0.000000] Machine model: linux,dummy-virt
[    0.000000] Memory limited to 1024MB
[    0.000000] efi: Getting EFI parameters from FDT:
[    0.000000] efi: UEFI not found.
[    0.000000] cma: Reserved 16 MiB at 0x000000007f000000
[    0.000000] NUMA: No NUMA configuration found
[    0.000000] NUMA: Faking a node at [mem 0x0000000000000000-0x000000007fffffff]
[    0.000000] NUMA: Adding memblock [0x40000000 - 0x7fffffff] on node 0
[    0.000000] NUMA: Initmem setup node 0 [mem 0x40000000-0x7fffffff]
[    0.000000] NUMA: NODE_DATA [mem 0x7efeae80-0x7efec97f]
[    0.000000] Zone ranges:
[    0.000000]   DMA      [mem 0x0000000040000000-0x000000007fffffff]
[    0.000000]   Normal   empty
[    0.000000] Movable zone start for each node
[    0.000000] Early memory node ranges
[    0.000000]   node   0: [mem 0x0000000040000000-0x000000007fffffff]
[    0.000000] Initmem setup node 0 [mem 0x0000000040000000-0x000000007fffffff]
[    0.000000] psci: probing for conduit method from DT.
[    0.000000] psci: PSCIv0.2 detected in firmware.
[    0.000000] psci: Using standard PSCI v0.2 function IDs
[    0.000000] psci: Trusted OS migration not required
[    0.000000] percpu: Embedded 24 pages/cpu @ffff80003efcf000 s59904 r8192 d30208 u98304
[    0.000000] Detected PIPT I-cache on CPU0
[    0.000000] CPU features: enabling workaround for ARM erratum 832075
[    0.000000] CPU features: enabling workaround for ARM erratum 834220
[    0.000000] Built 1 zonelists in Node order, mobility grouping on.  Total pages: 258048
[    0.000000] Policy zone: DMA
[    0.000000] Kernel command line: root=/dev/vda2 rw rootwait mem=1024M console=ttyAMA0,38400n8 init=/bin/bash
[    0.000000] PID hash table entries: 4096 (order: 3, 32768 bytes)
[    0.000000] Memory: 999792K/1048576K available (8828K kernel code, 1088K rwdata, 4260K rodata, 1088K init, 407K bss, 32400K reserved, 16384K cma-reserved)
[    0.000000] Virtual kernel memory layout:
[    0.000000]     modules : 0xffff000000000000 - 0xffff000008000000   (   128 MB)
[    0.000000]     vmalloc : 0xffff000008000000 - 0xffff7dffbfff0000   (129022 GB)
[    0.000000]       .text : 0xffff000008080000 - 0xffff000008920000   (  8832 KB)
[    0.000000]     .rodata : 0xffff000008920000 - 0xffff000008d50000   (  4288 KB)
[    0.000000]       .init : 0xffff000008d50000 - 0xffff000008e60000   (  1088 KB)
[    0.000000]       .data : 0xffff000008e60000 - 0xffff000008f70200   (  1089 KB)
[    0.000000]        .bss : 0xffff000008f70200 - 0xffff000008fd60c0   (   408 KB)
[    0.000000]     fixed   : 0xffff7dfffe7fd000 - 0xffff7dfffec00000   (  4108 KB)
[    0.000000]     PCI I/O : 0xffff7dfffee00000 - 0xffff7dffffe00000   (    16 MB)
[    0.000000]     vmemmap : 0xffff7e0000000000 - 0xffff800000000000   (  2048 GB maximum)
[    0.000000]               0xffff7e0000000000 - 0xffff7e0001000000   (    16 MB actual)
[    0.000000]     memory  : 0xffff800000000000 - 0xffff800040000000   (  1024 MB)
[    0.000000] SLUB: HWalign=64, Order=0-3, MinObjects=0, CPUs=1, Nodes=1
[    0.000000] Preemptible hierarchical RCU implementation.
[    0.000000] 	RCU restricting CPUs from NR_CPUS=64 to nr_cpu_ids=1.
[    0.000000] RCU: Adjusting geometry for rcu_fanout_leaf=16, nr_cpu_ids=1
[    0.000000] NR_IRQS:64 nr_irqs:64 0
[    0.000000] GICv2m: range[mem 0x08020000-0x08020fff], SPI[80:143]
[    0.000000] arch_timer: WARNING: Invalid trigger for IRQ3, assuming level low
[    0.000000] arch_timer: WARNING: Please fix your firmware
[    0.000000] arch_timer: cp15 timer(s) running at 62.50MHz (virt).
[    0.000000] clocksource: arch_sys_counter: mask: 0xffffffffffffff max_cycles: 0x1cd42e208c, max_idle_ns: 881590405314 ns
[    0.000176] sched_clock: 56 bits at 62MHz, resolution 16ns, wraps every 4398046511096ns
[    0.007780] Console: colour dummy device 80x25
[    0.009419] Calibrating delay loop (skipped), value calculated using timer frequency.. 125.00 BogoMIPS (lpj=250000)
[    0.009602] pid_max: default: 32768 minimum: 301
[    0.010973] Security Framework initialized
[    0.014854] Dentry cache hash table entries: 131072 (order: 8, 1048576 bytes)
[    0.016296] Inode-cache hash table entries: 65536 (order: 7, 524288 bytes)
[    0.016535] Mount-cache hash table entries: 2048 (order: 2, 16384 bytes)
[    0.016634] Mountpoint-cache hash table entries: 2048 (order: 2, 16384 bytes)
[    0.064678] ASID allocator initialised with 65536 entries
[    0.089133] EFI services will not be available.
[    0.107163] smp: Bringing up secondary CPUs ...
[    0.107386] smp: Brought up 1 node, 1 CPU
[    0.107460] SMP: Total of 1 processors activated.
[    0.107669] CPU features: detected feature: 32-bit EL0 Support
[    0.108654] CPU: All CPU(s) started at EL1
[    0.109887] alternatives: patching kernel code
[    0.130161] devtmpfs: initialized
[    0.144564] DMI not present or invalid.
[    0.148210] clocksource: jiffies: mask: 0xffffffff max_cycles: 0xffffffff, max_idle_ns: 7645041785100000 ns
[    0.148567] futex hash table entries: 256 (order: 3, 32768 bytes)
[    0.153555] pinctrl core: initialized pinctrl subsystem
[    0.190368] NET: Registered protocol family 16
[    0.214393] cpuidle: using governor menu
[    0.215878] vdso: 2 pages (1 code @ ffff000008927000, 1 data @ ffff000008e65000)
[    0.216141] hw-breakpoint: found 6 breakpoint and 4 watchpoint registers.
[    0.228695] DMA: preallocated 256 KiB pool for atomic allocations
[    0.233541] Serial: AMBA PL011 UART driver
[    0.300548] 9000000.pl011: ttyAMA0 at MMIO 0x9000000 (irq = 39, base_baud = 0) is a PL011 rev1
[    0.340050] console [ttyAMA0] enabled
[    0.348056] irq: type mismatch, failed to map hwirq-27 for /intc!
[    0.524643] HugeTLB registered 2 MB page size, pre-allocated 0 pages
[    0.545773] ACPI: Interpreter disabled.
[    0.560001] vgaarb: loaded
[    0.565822] SCSI subsystem initialized
[    0.573422] usbcore: registered new interface driver usbfs
[    0.576568] usbcore: registered new interface driver hub
[    0.577869] usbcore: registered new device driver usb
[    0.586941] pps_core: LinuxPPS API ver. 1 registered
[    0.587339] pps_core: Software ver. 5.3.6 - Copyright 2005-2007 Rodolfo Giometti <giometti@linux.it>
[    0.588569] PTP clock support registered
[    0.592548] dmi: Firmware registration failed.
[    0.596256] Advanced Linux Sound Architecture Driver Initialized.
[    0.612553] clocksource: Switched to clocksource arch_sys_counter
[    0.614215] VFS: Disk quotas dquot_6.6.0
[    0.618030] VFS: Dquot-cache hash table entries: 512 (order 0, 4096 bytes)
[    0.622835] pnp: PnP ACPI: disabled
[    0.709659] NET: Registered protocol family 2
[    0.717530] TCP established hash table entries: 8192 (order: 4, 65536 bytes)
[    0.718628] TCP bind hash table entries: 8192 (order: 5, 131072 bytes)
[    0.719818] TCP: Hash tables configured (established 8192 bind 8192)
[    0.722228] UDP hash table entries: 512 (order: 2, 16384 bytes)
[    0.723070] UDP-Lite hash table entries: 512 (order: 2, 16384 bytes)
[    0.725517] NET: Registered protocol family 1
[    0.738758] RPC: Registered named UNIX socket transport module.
[    0.739806] RPC: Registered udp transport module.
[    0.741817] RPC: Registered tcp transport module.
[    0.742503] RPC: Registered tcp NFSv4.1 backchannel transport module.
[    0.755754] kvm [1]: HYP mode not available
[    0.775276] audit: initializing netlink subsys (disabled)
[    0.779806] audit: type=2000 audit(0.734:1): state=initialized audit_enabled=0 res=1
[    0.783201] workingset: timestamp_bits=44 max_order=18 bucket_order=0
[    0.867496] squashfs: version 4.0 (2009/01/31) Phillip Lougher
[    0.881367] NFS: Registering the id_resolver key type
[    0.883015] Key type id_resolver registered
[    0.883527] Key type id_legacy registered
[    0.884155] nfs4filelayout_init: NFSv4 File Layout Driver Registering...
[    0.886993] 9p: Installing v9fs 9p2000 file system support
[    0.903715] Block layer SCSI generic (bsg) driver version 0.4 loaded (major 246)
[    0.905076] io scheduler noop registered
[    0.906764] io scheduler cfq registered (default)
[    0.907173] io scheduler mq-deadline registered
[    0.907560] io scheduler kyber registered
[    0.953117] pl061_gpio 9030000.pl061: PL061 GPIO chip @0x0000000009030000 registered
[    0.965349] OF: PCI: host bridge /pcie@10000000 ranges:
[    0.965958] OF: PCI:    IO 0x3eff0000..0x3effffff -> 0x00000000
[    0.966353] OF: PCI:   MEM 0x10000000..0x3efeffff -> 0x10000000
[    0.966497] OF: PCI:   MEM 0x8000000000..0xffffffffff -> 0x8000000000
[    0.967188] pci-host-generic 3f000000.pcie: ECAM at [mem 0x3f000000-0x3fffffff] for [bus 00-0f]
[    0.970042] pci-host-generic 3f000000.pcie: PCI host bridge to bus 0000:00
[    0.970583] pci_bus 0000:00: root bus resource [bus 00-0f]
[    0.970973] pci_bus 0000:00: root bus resource [io  0x0000-0xffff]
[    0.971304] pci_bus 0000:00: root bus resource [mem 0x10000000-0x3efeffff]
[    0.971660] pci_bus 0000:00: root bus resource [mem 0x8000000000-0xffffffffff]
[    1.048171] xenfs: not registering filesystem on non-xen platform
[    1.094316] Serial: 8250/16550 driver, 4 ports, IRQ sharing enabled
[    1.113104] SuperH (H)SCI(F) driver initialized
[    1.117338] msm_serial: driver initialized
[    1.125437] cacheinfo: Unable to detect cache hierarchy for CPU 0
[    1.214237] loop: module loaded
[    1.261818]  vda: vda1 vda2
[    1.287647] hisi_sas: driver version v1.6
[    1.322429] libphy: Fixed MDIO Bus: probed
[    1.327438] tun: Universal TUN/TAP device driver, 1.6
[    1.349178] e1000e: Intel(R) PRO/1000 Network Driver - 3.2.6-k
[    1.349487] e1000e: Copyright(c) 1999 - 2015 Intel Corporation.
[    1.350664] igb: Intel(R) Gigabit Ethernet Network Driver - version 5.4.0-k
[    1.351013] igb: Copyright (c) 2007-2014 Intel Corporation.
[    1.351731] igbvf: Intel(R) Gigabit Virtual Function Network Driver - version 2.4.0-k
[    1.352113] igbvf: Copyright (c) 2009 - 2012 Intel Corporation.
[    1.356657] sky2: driver version 1.30
[    1.362551] VFIO - User Level meta-driver version: 0.3
[    1.383237] ehci_hcd: USB 2.0 'Enhanced' Host Controller (EHCI) Driver
[    1.383604] ehci-pci: EHCI PCI platform driver
[    1.385003] ehci-platform: EHCI generic platform driver
[    1.386615] ehci-orion: EHCI orion driver
[    1.387840] ehci-exynos: EHCI EXYNOS driver
[    1.389570] ehci-msm: Qualcomm On-Chip EHCI Host Controller
[    1.390595] ohci_hcd: USB 1.1 'Open' Host Controller (OHCI) Driver
[    1.391000] ohci-pci: OHCI PCI platform driver
[    1.391986] ohci-platform: OHCI generic platform driver
[    1.394023] ohci-exynos: OHCI EXYNOS driver
[    1.399037] usbcore: registered new interface driver usb-storage
[    1.420156] rtc-pl031 9010000.pl031: rtc core: registered pl031 as rtc0
[    1.427514] i2c /dev entries driver
[    1.460608] sdhci: Secure Digital Host Controller Interface driver
[    1.460939] sdhci: Copyright(c) Pierre Ossman
[    1.464868] Synopsys Designware Multimedia Card Interface Driver
[    1.474094] sdhci-pltfm: SDHCI platform and OF driver helper
[    1.486486] ledtrig-cpu: registered to indicate activity on CPUs
[    1.499533] usbcore: registered new interface driver usbhid
[    1.499827] usbhid: USB HID core driver
[    1.519552] NET: Registered protocol family 17
[    1.522371] 9pnet: Installing 9P2000 support
[    1.523174] Key type dns_resolver registered
[    1.527830] registered taskstats version 1
[    1.538212] input: gpio-keys as /devices/platform/gpio-keys/input/input0
[    1.542293] rtc-pl031 9010000.pl031: setting system clock to 2017-05-05 10:55:23 UTC (1493981723)
[    1.543635] ALSA device list:
[    1.543834]   No soundcards found.
[    1.550129] uart-pl011 9000000.pl011: no DMA platform data
[    1.557101] EXT4-fs (vda2): couldn't mount as ext3 due to feature incompatibilities
[    1.614806] EXT4-fs (vda2): recovery complete
[    1.617174] EXT4-fs (vda2): mounted filesystem with ordered data mode. Opts: (null)
[    1.618305] VFS: Mounted root (ext4 filesystem) on device 254:2.
[    1.622922] devtmpfs: mounted
[    1.671098] Freeing unused kernel memory: 1088K
bash: cannot set terminal process group (-1): Inappropriate ioctl for device
bash: no job control in this shell
bash-4.3# 