
U-Boot SPL 2014.01-00219-gc4d376f (Feb 18 2014 - 19:57:32)


U-Boot 2014.01-00219-gc4d376f (Feb 18 2014 - 19:57:32)

TEGRA114
Board: NVIDIA Dalmore
I2C:   ready
DRAM:  2 GiB
MMC:   Tegra SD/MMC: 0, Tegra SD/MMC: 1
In:    serial
Out:   serial
Err:   serial
Net:   Net Initialization Skipped
No ethernet found.
Hit any key to stop autoboot:  2  0 
Tegra114 (Dalmore) # 
Tegra114 (Dalmore) # usb reset
(Re)start USB...
USB0:   USB EHCI 1.10
scanning bus 0 for devices... 2 USB Device(s) found
       scanning usb for storage devices... 0 Storage Device(s) found
       scanning usb for ethernet devices... 
Warning: asx0 using MAC address from net device
1 Ethernet Device(s) found
Tegra114 (Dalmore) # setenv bootargs 'ignore_loglevel console=ttyS0,115200n8 rw root=/dev/mmcblk0p1 rootwait gpt debug init=/bin/bash'
Tegra114 (Dalmore) # setenv ipaddr 192.168.100.100; setenv serverip 192.168.100.1; setenv tftpserverip 192.168.100.1
Tegra114 (Dalmore) # tftpboot 0x81000000 zImage.multi_v7_defconfig
Using asx0 device
TFTP from server 192.168.100.1; our IP address is 192.168.100.100
Filename 'zImage.multi_v7_defconfig'.
Load address: 0x81000000
Loading: *#################################################################
	 #################################################################
	 #################################################################
	 #################################################################
	 #################################################################
	 #####################################
	 2.8 MiB/s
done
Bytes transferred = 5311352 (510b78 hex)
Tegra114 (Dalmore) # tftpboot 0x82000000 tegra114-dalmore.dtb
Using asx0 device
TFTP from server 192.168.100.1; our IP address is 192.168.100.100
Filename 'tegra114-dalmore.dtb'.
Load address: 0x82000000
Loading: *###
	 2.8 MiB/s
done
Bytes transferred = 34770 (87d2 hex)
Tegra114 (Dalmore) # bootz 0x81000000 - 0x82000000
Kernel image @ 0x81000000 [ 0x000000 - 0x510b78 ]
## Flattened Device Tree blob at 82000000
   Booting using the fdt blob at 0x82000000
   Loading Device Tree to 8fff4000, end 8ffff7d1 ... OK

Starting kernel ...

[    0.000000] Booting Linux on physical CPU 0x0
[    0.000000] Linux version 3.18.0-rc2-next-20141029-95146-gd5ca576 (pwalmsley@tamien) (gcc version 4.7.3 20130328 (prerelease) (crosstool-NG linaro-1.13.1-4.7-2013.04-20130415 - Linaro GCC 2013.04) ) #1 SMP Tue Oct 28 21:18:36 PDT 2014
[    0.000000] CPU: ARMv7 Processor [412fc0f2] revision 2 (ARMv7), cr=10c5387d
[    0.000000] CPU: PIPT / VIPT nonaliasing data cache, PIPT instruction cache
[    0.000000] Machine model: NVIDIA Tegra114 Dalmore evaluation board
[    0.000000] debug: ignoring loglevel setting.
[    0.000000] cma: Reserved 64 MiB at 0xfb800000
[    0.000000] Memory policy: Data cache writealloc
[    0.000000] On node 0 totalpages: 524032
[    0.000000] free_area_init_node: node 0, pgdat c0d25f00, node_mem_map ee7f8000
[    0.000000]   DMA zone: 1520 pages used for memmap
[    0.000000]   DMA zone: 0 pages reserved
[    0.000000]   DMA zone: 194560 pages, LIFO batch:31
[    0.000000]   HighMem zone: 2574 pages used for memmap
[    0.000000]   HighMem zone: 329472 pages, LIFO batch:31
[    0.000000] PERCPU: Embedded 10 pages/cpu @ee7ab000 s8576 r8192 d24192 u40960
[    0.000000] pcpu-alloc: s8576 r8192 d24192 u40960 alloc=10*4096
[    0.000000] pcpu-alloc: [0] 0 [0] 1 [0] 2 [0] 3 
[    0.000000] Built 1 zonelists in Zone order, mobility grouping on.  Total pages: 522512
[    0.000000] Kernel command line: ignore_loglevel console=ttyS0,115200n8 rw root=/dev/mmcblk0p1 rootwait gpt debug init=/bin/bash
[    0.000000] PID hash table entries: 4096 (order: 2, 16384 bytes)
[    0.000000] Dentry cache hash table entries: 131072 (order: 7, 524288 bytes)
[    0.000000] Inode-cache hash table entries: 65536 (order: 6, 262144 bytes)
[    0.000000] Memory: 2001336K/2096128K available (6871K kernel code, 967K rwdata, 2820K rodata, 732K init, 309K bss, 29256K reserved, 65536K cma-reserved, 1252352K highmem)
[    0.000000] Virtual kernel memory layout:
[    0.000000]     vector  : 0xffff0000 - 0xffff1000   (   4 kB)
[    0.000000]     fixmap  : 0xffc00000 - 0xffe00000   (2048 kB)
[    0.000000]     vmalloc : 0xf0000000 - 0xff000000   ( 240 MB)
[    0.000000]     lowmem  : 0xc0000000 - 0xef800000   ( 760 MB)
[    0.000000]     pkmap   : 0xbfe00000 - 0xc0000000   (   2 MB)
[    0.000000]     modules : 0xbf000000 - 0xbfe00000   (  14 MB)
[    0.000000]       .text : 0xc0208000 - 0xc0b7efa4   (9692 kB)
[    0.000000]       .init : 0xc0b7f000 - 0xc0c36000   ( 732 kB)
[    0.000000]       .data : 0xc0c36000 - 0xc0d27d80   ( 968 kB)
[    0.000000]        .bss : 0xc0d27d80 - 0xc0d751a8   ( 310 kB)
[    0.000000] SLUB: HWalign=64, Order=0-3, MinObjects=0, CPUs=4, Nodes=1
[    0.000000] Hierarchical RCU implementation.
[    0.000000] 	RCU restricting CPUs from NR_CPUS=8 to nr_cpu_ids=4.
[    0.000000] RCU: Adjusting geometry for rcu_fanout_leaf=16, nr_cpu_ids=4
[    0.000000] NR_IRQS:16 nr_irqs:16 16
[    0.000000] L2C: failed to init: -19
[    0.000008] sched_clock: 32 bits at 1000kHz, resolution 1000ns, wraps every 2147483648000ns
[    0.000028] Switching to timer-based delay loop, resolution 1000ns
[    0.002518] Architected cp15 timer(s) running at 12.00MHz (virt).
[    0.002540] sched_clock: 56 bits at 12MHz, resolution 83ns, wraps every 2863311536128ns
[    0.002553] Switching to timer-based delay loop, resolution 83ns
[    0.002886] Console: colour dummy device 80x30
[    0.002911] Calibrating delay loop (skipped), value calculated using timer frequency.. 24.00 BogoMIPS (lpj=60000)
[    0.002927] pid_max: default: 32768 minimum: 301
[    0.003058] Mount-cache hash table entries: 2048 (order: 1, 8192 bytes)
[    0.003070] Mountpoint-cache hash table entries: 2048 (order: 1, 8192 bytes)
[    0.003609] CPU: Testing write buffer coherency: ok
[    0.003813] /cpus/cpu@0 missing clock-frequency property
[    0.003837] /cpus/cpu@1 missing clock-frequency property
[    0.003861] /cpus/cpu@2 missing clock-frequency property
[    0.003886] /cpus/cpu@3 missing clock-frequency property
[    0.003898] CPU0: thread -1, cpu 0, socket 0, mpidr 80000000
[    0.003944] Setting up static identity map for 0x8087d420 - 0x8087d4b8
[    0.005795] Tegra Revision: A01 SKU: 0 CPU Process: 1 Core Process: 0
[    0.006858] CPU1: Booted secondary processor
[    0.006885] CPU1: thread -1, cpu 1, socket 0, mpidr 80000001
[    0.007386] CPU2: Booted secondary processor
[    0.007411] CPU2: thread -1, cpu 2, socket 0, mpidr 80000002
[    0.007909] CPU3: Booted secondary processor
[    0.007932] CPU3: thread -1, cpu 3, socket 0, mpidr 80000003
[    0.008002] Brought up 4 CPUs
[    0.008029] SMP: Total of 4 processors activated.
[    0.008037] CPU: All CPU(s) started in SVC mode.
[    0.008590] devtmpfs: initialized
[    0.013703] VFP support v0.3: implementor 41 architecture 4 part 30 variant f rev 0
[    0.015546] pinctrl core: initialized pinctrl subsystem
[    0.015996] regulator-dummy: no parameters
[    0.026702] NET: Registered protocol family 16
[    0.028753] DMA: preallocated 256 KiB pool for atomic coherent allocations
[    0.042425] cpuidle: using governor ladder
[    0.057443] cpuidle: using governor menu
[    0.070237] No ATAGs?
[    0.070275] hw-breakpoint: found 5 (+1 reserved) breakpoint and 4 watchpoint registers.
[    0.070285] hw-breakpoint: maximum watchpoint size is 8 bytes.
[    0.070452] EXYNOS: PMU not supported
[    0.073316] Serial: AMBA PL011 UART driver
[    0.100809] edma-dma-engine edma-dma-engine.0: Can't allocate PaRAM dummy slot
[    0.100833] edma-dma-engine: probe of edma-dma-engine.0 failed with error -22
[    0.101429] vdd_ac_bat: 5000 mV 
[    0.101676] dvdd_ts: Failed to request enable GPIO61: -517
[    0.101782] reg-fixed-voltage regulators:regulator@1: Failed to register regulator: -517
[    0.101807] platform regulators:regulator@1: Driver reg-fixed-voltage requests probe deferral
[    0.101984] usb1_vbus: Failed to request enable GPIO108: -517
[    0.102077] reg-fixed-voltage regulators:regulator@3: Failed to register regulator: -517
[    0.102099] platform regulators:regulator@3: Driver reg-fixed-voltage requests probe deferral
[    0.102274] usb2_vbus: Failed to request enable GPIO86: -517
[    0.102365] reg-fixed-voltage regulators:regulator@4: Failed to register regulator: -517
[    0.102386] platform regulators:regulator@4: Driver reg-fixed-voltage requests probe deferral
[    0.102573] vdd_hdmi_5v0: 5000 mV 
[    0.102616] reg-fixed-voltage regulators:regulator@5: Failed to find supply vin
[    0.102718] reg-fixed-voltage regulators:regulator@5: Failed to register regulator: -517
[    0.102740] platform regulators:regulator@5: Driver reg-fixed-voltage requests probe deferral
[    0.102813] platform regulators:regulator@6: Driver reg-fixed-voltage requests probe deferral
[    0.102988] VDD_5V0_HDMI_CON: Failed to request enable GPIO81: -517
[    0.103079] reg-fixed-voltage regulators:regulator@7: Failed to register regulator: -517
[    0.103099] platform regulators:regulator@7: Driver reg-fixed-voltage requests probe deferral
[    0.105343] vgaarb: loaded
[    0.106020] SCSI subsystem initialized
[    0.106199] libata version 3.00 loaded.
[    0.106524] usbcore: registered new interface driver usbfs
[    0.106592] usbcore: registered new interface driver hub
[    0.106668] usbcore: registered new device driver usb
[    0.109923] vdd-cpu: 500 <--> 1520 mV at 1100 mV 
[    0.110333] tps65090 2-0048: No cache defaults, reading back from HW
[    0.112386] vdd-sys-5v0: at 5000 mV 
[    0.112442] vdd-sys-5v0: supplied by vdd_ac_bat
[    0.113491] vdd-sys-3v3: at 3300 mV 
[    0.113540] vdd-sys-3v3: supplied by vdd_ac_bat
[    0.114558] vdd-ao: no parameters
[    0.114601] vdd-ao: supplied by vdd_ac_bat
[    0.114951] vdd-lcd-bl: no parameters
[    0.114998] vdd-lcd-bl: supplied by vdd_ac_bat
[    0.115332] TPS65090_RAILSFET2: no parameters
[    0.115374] TPS65090_RAILSFET2: supplied by vdd_ac_bat
[    0.115720] vdd-modem-3v3: no parameters
[    0.115758] vdd-modem-3v3: supplied by vdd-sys-3v3
[    0.116264] avdd-lcd: no parameters
[    0.116302] avdd-lcd: supplied by vdd-sys-3v3
[    0.116793] vdd-lvds: no parameters
[    0.116832] vdd-lvds: supplied by vdd-sys-3v3
[    0.117651] vdd-sd-slot: no parameters
[    0.117692] vdd-sd-slot: supplied by vdd-sys-3v3
[    0.118204] vdd-com-3v3: no parameters
[    0.118243] vdd-com-3v3: supplied by vdd-sys-3v3
[    0.118737] vdd-sby-5v0: at 5000 mV 
[    0.118781] vdd-sby-5v0: supplied by vdd_ac_bat
[    0.118960] vdd-sby-3v3: at 3300 mV 
[    0.119003] vdd-sby-3v3: supplied by vdd_ac_bat
[    0.119416] genirq: Setting trigger mode 8 for irq 118 failed (gic_set_type+0x0/0x98)
[    0.119744] palmas 2-0058: Irq flag is 0x00000000
[    0.122287] palmas 2-0058: Muxing GPIO ff, PWM 0, LED 0
[    0.125395] vddio-ddr: 1350 mV 
[    0.125617] vddio-ddr: supplied by vdd-ao
[    0.127023] vddio-1v8: 1800 mV 
[    0.127242] vddio-1v8: supplied by vdd-ao
[    0.128794] vdd-core: 900 <--> 1400 mV at 1100 mV 
[    0.129007] vdd-core: supplied by vdd-sys-3v3
[    0.130117] SMPS6: no parameters
[    0.131520] avdd-pll: 1050 mV 
[    0.131741] avdd-pll: supplied by vdd-sys-3v3
[    0.133695] sdhci-vdd-sd-slot: ramp_delay not set
[    0.133869] sdhci-vdd-sd-slot: 2800 mV 
[    0.134083] sdhci-vdd-sd-slot: supplied by vdd-sys-3v3
[    0.134725] SMPS10_OUT2: at 5000 mV 
[    0.135245] SMPS10_OUT1: at 5000 mV 
[    0.135748] avdd-cam1: 2800 mV 
[    0.135958] avdd-cam1: supplied by vdd-sys-3v3
[    0.136876] avdd-cam2: 2800 mV 
[    0.137087] avdd-cam2: supplied by vdd-sys-3v3
[    0.138009] avdd-dsi-csi: 1200 mV 
[    0.138221] avdd-dsi-csi: supplied by vddio-1v8
[    0.139157] vpp-fuse: 1800 mV 
[    0.139369] vpp-fuse: supplied by vdd-sys-3v3
[    0.140279] LDO5: no parameters
[    0.140495] LDO5: supplied by vdd_ac_bat
[    0.141561] vdd-sensor-2v85: 2850 mV 
[    0.141778] vdd-sensor-2v85: supplied by vdd-sys-3v3
[    0.142721] vdd-af-cam1: 2800 mV 
[    0.142933] vdd-af-cam1: supplied by vdd-sys-3v3
[    0.147638] vdd-rtc: 900 mV 
[    0.147851] vdd-rtc: supplied by vdd-ao
[    0.152810] vddio-sdmmc-2: 1800 <--> 3300 mV at 3300 mV 
[    0.153022] vddio-sdmmc-2: supplied by sdhci-vdd-sd-slot
[    0.153953] hvdd-usb: 3300 mV 
[    0.154165] hvdd-usb: supplied by vdd-sys-5v0
[    0.157665] avdd-usb: 3300 mV 
[    0.157879] avdd-usb: supplied by vdd-sys-5v0
[    0.158811] rail-3v3: no parameters
[    0.159398] rail-5v0: no parameters
[    0.159831] REGEN3: no parameters
[    0.159985] SYSEN1: no parameters
[    0.160136] SYSEN2: no parameters
[    0.160978] Linux video capture interface: v2.00
[    0.161035] pps_core: LinuxPPS API ver. 1 registered
[    0.161043] pps_core: Software ver. 5.3.6 - Copyright 2005-2007 Rodolfo Giometti <giometti@linux.it>
[    0.161072] PTP clock support registered
[    0.161301] EDAC MC: Ver: 3.0.0
[    0.162026] platform 70019010.iommu: Driver tegra-smmu requests probe deferral
[    0.162288] Advanced Linux Sound Architecture Driver Initialized.
[    0.163379] Switched to clocksource arch_sys_counter
[    0.173451] NET: Registered protocol family 2
[    0.174031] TCP established hash table entries: 8192 (order: 3, 32768 bytes)
[    0.174119] TCP bind hash table entries: 8192 (order: 4, 65536 bytes)
[    0.174306] TCP: Hash tables configured (established 8192 bind 8192)
[    0.174355] TCP: reno registered
[    0.174369] UDP hash table entries: 512 (order: 2, 16384 bytes)
[    0.174411] UDP-Lite hash table entries: 512 (order: 2, 16384 bytes)
[    0.174596] NET: Registered protocol family 1
[    0.174857] RPC: Registered named UNIX socket transport module.
[    0.174867] RPC: Registered udp transport module.
[    0.174875] RPC: Registered tcp transport module.
[    0.174883] RPC: Registered tcp NFSv4.1 backchannel transport module.
[    0.174905] PCI: CLS 0 bytes, default 64
[    0.177212] futex hash table entries: 1024 (order: 4, 65536 bytes)
[    0.189736] squashfs: version 4.0 (2009/01/31) Phillip Lougher
[    0.190573] NFS: Registering the id_resolver key type
[    0.190607] Key type id_resolver registered
[    0.190616] Key type id_legacy registered
[    0.191160] bounce: pool size: 64 pages
[    0.191384] Block layer SCSI generic (bsg) driver version 0.4 loaded (major 249)
[    0.191406] io scheduler noop registered
[    0.191426] io scheduler deadline registered
[    0.191629] io scheduler cfq registered (default)
[    0.211753] tegra-apbdma 6000a000.dma: Tegra20 APB DMA driver register 32 channels
[    0.279348] Serial: 8250/16550 driver, 4 ports, IRQ sharing disabled
[    0.281279] Serial: IMX driver
[    0.281796] msm_serial: driver initialized
[    0.282699] console [ttyS0] disabled
[    0.282741] of_serial 70006300.serial: ttyS0 at MMIO 0x70006300 (irq = 122, base_baud = 25500000) is a Tegra
[    1.409785] console [ttyS0] enabled
[    1.414015] STMicroelectronics ASC driver initialized
[    1.419940] serial: Freescale lpuart driver
[    1.424357] [drm] Initialized drm 1.1.0 20060810
[    1.431364] platform 54300000.dsi: Driver tegra-dsi requests probe deferral
[    1.438749] tegra-hdmi 54280000.hdmi: failed to get HDMI regulator
[    1.444951] platform 54280000.hdmi: Driver tegra-hdmi requests probe deferral
[    1.458627] loop: module loaded
[    1.466724] m25p80 spi32766.0: w25q32dw (4096 Kbytes)
[    1.473702] CAN device driver interface
[    1.478561] igb: Intel(R) Gigabit Ethernet Network Driver - version 5.2.15-k
[    1.485610] igb: Copyright (c) 2007-2014 Intel Corporation.
[    1.492878] pegasus: v0.9.3 (2013/04/25), Pegasus/Pegasus II USB Ethernet driver
[    1.500334] usbcore: registered new interface driver pegasus
[    1.506070] usbcore: registered new interface driver asix
[    1.511529] usbcore: registered new interface driver ax88179_178a
[    1.517677] usbcore: registered new interface driver cdc_ether
[    1.523589] usbcore: registered new interface driver smsc75xx
[    1.529417] usbcore: registered new interface driver smsc95xx
[    1.535220] usbcore: registered new interface driver net1080
[    1.540941] usbcore: registered new interface driver cdc_subset
[    1.546916] usbcore: registered new interface driver zaurus
[    1.552584] usbcore: registered new interface driver cdc_ncm
[    1.558596] ehci_hcd: USB 2.0 'Enhanced' Host Controller (EHCI) Driver
[    1.565132] ehci-pci: EHCI PCI platform driver
[    1.569636] ehci-platform: EHCI generic platform driver
[    1.575045] ehci-omap: OMAP-EHCI Host Controller driver
[    1.580412] ehci-orion: EHCI orion driver
[    1.584565] SPEAr-ehci: EHCI SPEAr driver
[    1.588725] tegra-ehci: Tegra EHCI driver
[    1.592970] platform 7d008000.usb: Driver tegra-ehci requests probe deferral
[    1.600101] ohci_hcd: USB 1.1 'Open' Host Controller (OHCI) Driver
[    1.606302] ohci-pci: OHCI PCI platform driver
[    1.610808] ohci-platform: OHCI generic platform driver
[    1.616175] ohci-omap3: OHCI OMAP3 driver
[    1.620328] SPEAr-ohci: OHCI SPEAr driver
[    1.624883] usbcore: registered new interface driver usb-storage
[    1.631161] platform 7d008000.usb-phy: Driver tegra-phy requests probe deferral
[    1.639952] mousedev: PS/2 mouse device common for all mice
[    1.650218] palmas-rtc 7000d000.i2c:tps65913@58:rtc: rtc core: registered 7000d000.i2c:tps659 as rtc0
[    1.661198] tegra_rtc 7000e000.rtc: rtc core: registered 7000e000.rtc as rtc1
[    1.668355] tegra_rtc 7000e000.rtc: Tegra internal Real Time Clock
[    1.675074] i2c /dev entries driver
[    1.680500] usbcore: registered new interface driver uvcvideo
[    1.686254] USB Video Class driver (1.1.1)
[    1.690358] gspca_main: v2.14.0 registered
[    1.695135] sbs-battery 0-000b: sbs_probe: Failed to get device status
[    1.701680] sbs-battery: probe of 0-000b failed with error -121
[    1.714961] Driver 'mmcblk' needs updating - please use bus_type methods
[    1.721754] sdhci: Secure Digital Host Controller Interface driver
[    1.727936] sdhci: Copyright(c) Pierre Ossman
[    1.733260] Synopsys Designware Multimedia Card Interface Driver
[    1.740095] sdhci-pltfm: SDHCI platform and OF driver helper
[    1.746433] sdhci-tegra 78000400.sdhci: Got CD GPIO
[    1.751336] sdhci-tegra 78000400.sdhci: Got WP GPIO
[    1.757318] sdhci-tegra 78000400.sdhci: No vmmc regulator found
[    1.763245] sdhci-tegra 78000400.sdhci: No vqmmc regulator found
[    1.769253] mmc0: Invalid maximum block size, assuming 512 bytes
[    1.808516] mmc0: SDHCI controller on 78000400.sdhci [78000400.sdhci] using ADMA
[    1.816117] sdhci-tegra 78000600.sdhci: No vmmc regulator found
[    1.822049] sdhci-tegra 78000600.sdhci: No vqmmc regulator found
[    1.828057] mmc1: Invalid maximum block size, assuming 512 bytes
[    1.868399] mmc1: SDHCI controller on 78000600.sdhci [78000600.sdhci] using ADMA
[    1.880768] ledtrig-cpu: registered to indicate activity on CPUs
[    1.887012] usbcore: registered new interface driver usbhid
[    1.892598] usbhid: USB HID core driver
[    1.952350] mmc1: BKOPS_EN bit is not set
[    1.959325] mmc1: new high speed MMC card at address 0001
[    1.965098] mmcblk0: mmc1:0001 SEM32G 29.1 GiB 
[    1.969752] mmcblk0boot0: mmc1:0001 SEM32G partition 1 4.00 MiB
[    1.975784] mmcblk0boot1: mmc1:0001 SEM32G partition 2 4.00 MiB
[    1.981814] mmcblk0rpmb: mmc1:0001 SEM32G partition 3 4.00 MiB
[    1.990169]  mmcblk0: p1 p2 p3 p4 p5 p6 p7 p8
[    2.320942] tegra30-i2s 70080400.i2s: DMA channels sourced from device 70080000.ahub
[    2.337473] tegra-snd-rt5640 sound: rt5640-aif1 <-> 70080400.i2s mapping ok
[    2.347999] input: NVIDIA Tegra Dalmore Headphones as /devices/soc0/sound/sound/card0/input0
[    2.357797] TCP: cubic registered
[    2.361138] NET: Registered protocol family 17
[    2.365607] can: controller area network core (rev 20120528 abi 9)
[    2.371859] NET: Registered protocol family 29
[    2.376320] can: raw protocol (rev 20120528)
[    2.380603] can: broadcast manager protocol (rev 20120528 t)
[    2.386279] can: netlink gateway (rev 20130117) max_hops=1
[    2.392146] Key type dns_resolver registered
[    2.397015] ThumbEE CPU extension supported.
[    2.401308] Registering SWP/SWPB emulation handler
[    2.407291] dvdd_ts: 1800 mV 
[    2.410657] usb1_vbus: 5000 mV 
[    2.413859] usb1_vbus: supplied by vdd-sys-5v0
[    2.419092] usb2_vbus: 5000 mV 
[    2.422289] usb2_vbus: supplied by vdd-sys-5v0
[    2.427473] vdd_hdmi_5v0: 5000 mV 
[    2.430972] vdd_hdmi_5v0: supplied by vdd-sys-5v0
[    2.436876] vdd_cam_1v8_reg: 1800 mV 
[    2.441036] VDD_5V0_HDMI_CON: 5000 mV 
[    2.444886] VDD_5V0_HDMI_CON: supplied by vdd-sys-5v0
[    2.453925] [drm] Supports vblank timestamp caching Rev 2 (21.10.2013).
[    2.460578] [drm] No driver support for vblank timestamp query.
[    2.518093] Console: switching to colour frame buffer device 240x75
[    2.545535] host1x drm: fb0:  frame buffer device
[    2.550289] host1x drm: registered panic notifier
[    2.568521] [drm] Initialized tegra 0.0.0 20120330 on minor 0
[    2.575100] platform 7d008000.usb: Driver tegra-ehci requests probe deferral
[    2.583832] tegra-ehci 7d008000.usb: EHCI Host Controller
[    2.589263] tegra-ehci 7d008000.usb: new USB bus registered, assigned bus number 1
[    2.597253] tegra-ehci 7d008000.usb: irq 129, io mem 0x7d008000
[    2.608504] tegra-ehci 7d008000.usb: USB 2.0 started, EHCI 1.10
[    2.615492] hub 1-0:1.0: USB hub found
[    2.619372] hub 1-0:1.0: 1 port detected
[    2.624952] input: gpio-keys as /devices/soc0/gpio-keys/input/input1
[    2.632668] palmas-rtc 7000d000.i2c:tps65913@58:rtc: setting system clock to 2000-04-04 23:35:00 UTC (954891300)
[    2.653968] vdd_cam_1v8_reg: disabling
[    2.658089] vdd_hdmi_5v0: disabling
[    2.661622] usb1_vbus: disabling
[    2.664911] dvdd_ts: disabling
[    2.670543] ALSA device list:
[    2.673564]   #0: NVIDIA Tegra Dalmore
[    2.678638] EXT4-fs (mmcblk0p1): mounting ext3 file system using the ext4 subsystem
[    2.718325] EXT4-fs (mmcblk0p1): recovery complete
[    2.723157] EXT4-fs (mmcblk0p1): mounted filesystem with ordered data mode. Opts: (null)
[    2.731304] VFS: Mounted root (ext3 filesystem) on device 179:1.
[    2.739200] devtmpfs: mounted
[    2.742768] Freeing unused kernel memory: 732K (c0b7f000 - c0c36000)
bash: cannot set terminal process group (-1): Inappropriate ioctl for device
bash: no job control in this shell
[    2.943457] usb 1-1: new high-speed USB device number 2 using tegra-ehci
root@(none):/# 