
U-Boot SPL 2015.04-rc3-00209-ga74ef40 (Mar 16 2015 - 14:43:39)


U-Boot 2015.04-rc3-00209-ga74ef40 (Mar 16 2015 - 14:43:39)

TEGRA20
Model: Compulab TrimSlice board
DRAM:  1 GiB
MMC:   Tegra SD/MMC: 0, Tegra SD/MMC: 1
SF: Detected W25Q80BL with page size 256 Bytes, erase size 4 KiB, total 1 MiB
tegra-pcie: PCI regions:
tegra-pcie:   I/O: 0x82000000-0x82010000
tegra-pcie:   non-prefetchable memory: 0xa0000000-0xa8000000
tegra-pcie:   prefetchable memory: 0xa8000000-0xc0000000
tegra-pcie: dual-mode configuration
tegra-pcie: probing port 0, using 2 lanes
In:    serial
Out:   serial
Err:   serial
Net:   RTL8169#0
Hit any key to stop autoboot:  2  0 
Tegra20 (TrimSlice) # 
Tegra20 (TrimSlice) # usb reset
resetting USB...
USB0:   USB EHCI 1.00
scanning bus 0 for devices... 3 USB Device(s) found
USB1:   USB EHCI 1.00
scanning bus 1 for devices... 1 USB Device(s) found
USB2:   lowlevel init failed
       scanning usb for storage devices... 0 Storage Device(s) found
       scanning usb for ethernet devices... 
Warning: asx0 using MAC address from net device
1 Ethernet Device(s) found
Tegra20 (TrimSlice) # setenv bootargs 'ignore_loglevel console=ttyS0,115200n8 rw root=PARTUUID=11eb23c1-01 rootwait gpt debug noinitrd earlyprintk init=/bin/bash'
Tegra20 (TrimSlice) # setenv ipaddr 192.168.100.103; setenv serverip 192.168.100.1; setenv tftpserverip 192.168.100.1
Tegra20 (TrimSlice) # tftpboot 0x00408000 zImage.multi_v7_defconfig
Using RTL8169#0 device
TFTP from server 192.168.100.1; our IP address is 192.168.100.103
Filename 'zImage.multi_v7_defconfig'.
Load address: 0x408000
Loading: *#################################################################
	 #################################################################
	 #################################################################
	 #################################################################
	 #################################################################
	 #################################################################
	 #################################################################
	 ################
	 4.1 MiB/s
done
Bytes transferred = 6904528 (695ad0 hex)
Tegra20 (TrimSlice) # tftpboot 0x02408000 tegra20-trimslice.dtb
Using RTL8169#0 device
TFTP from server 192.168.100.1; our IP address is 192.168.100.103
Filename 'tegra20-trimslice.dtb'.
Load address: 0x2408000
Loading: *##
	 3.4 MiB/s
done
Bytes transferred = 21128 (5288 hex)
Tegra20 (TrimSlice) # bootz 0x00408000 - 0x02408000
Kernel image @ 0x408000 [ 0x000000 - 0x695ad0 ]
## Flattened Device Tree blob at 02408000
   Booting using the fdt blob at 0x2408000
   Using Device Tree in place at 02408000, end 02410287

Starting kernel ...

[    0.000000] Booting Linux on physical CPU 0x0
[    0.000000] Linux version 4.5.0-rc6-next-20160301-77477-g6fa6381 (pwalmsley@sellafield) (gcc version 4.7.3 20130328 (prerelease) (crosstool-NG linaro-1.13.1-4.7-2013.04-20130415 - Linaro GCC 2013.04) ) #1 SMP Mon Feb 29 22:19:33 PST 2016
[    0.000000] CPU: ARMv7 Processor [411fc090] revision 0 (ARMv7), cr=10c5387d
[    0.000000] CPU: PIPT / VIPT nonaliasing data cache, VIPT aliasing instruction cache
[    0.000000] Machine model: Compulab TrimSlice board
[    0.000000] debug: ignoring loglevel setting.
[    0.000000] cma: Reserved 64 MiB at 0x3c000000
[    0.000000] Memory policy: Data cache writealloc
[    0.000000] On node 0 totalpages: 262144
[    0.000000] free_area_init_node: node 0, pgdat c1417d00, node_mem_map ef7f8000
[    0.000000]   DMA zone: 1536 pages used for memmap
[    0.000000]   DMA zone: 0 pages reserved
[    0.000000]   DMA zone: 196608 pages, LIFO batch:31
[    0.000000]   HighMem zone: 65536 pages, LIFO batch:15
[    0.000000] PERCPU: Embedded 13 pages/cpu @ef7c9000 s23808 r8192 d21248 u53248
[    0.000000] pcpu-alloc: s23808 r8192 d21248 u53248 alloc=13*4096
[    0.000000] pcpu-alloc: [0] 0 [0] 1 
[    0.000000] Built 1 zonelists in Zone order, mobility grouping on.  Total pages: 260608
[    0.000000] Kernel command line: ignore_loglevel console=ttyS0,115200n8 rw root=PARTUUID=11eb23c1-01 rootwait gpt debug noinitrd earlyprintk init=/bin/bash
[    0.000000] PID hash table entries: 4096 (order: 2, 16384 bytes)
[    0.000000] Dentry cache hash table entries: 131072 (order: 7, 524288 bytes)
[    0.000000] Inode-cache hash table entries: 65536 (order: 6, 262144 bytes)
[    0.000000] Memory: 955948K/1048576K available (9521K kernel code, 1127K rwdata, 4100K rodata, 2048K init, 342K bss, 27092K reserved, 65536K cma-reserved, 196608K highmem)
[    0.000000] Virtual kernel memory layout:
[    0.000000]     vector  : 0xffff0000 - 0xffff1000   (   4 kB)
[    0.000000]     fixmap  : 0xffc00000 - 0xfff00000   (3072 kB)
[    0.000000]     vmalloc : 0xf0800000 - 0xff800000   ( 240 MB)
[    0.000000]     lowmem  : 0xc0000000 - 0xf0000000   ( 768 MB)
[    0.000000]     pkmap   : 0xbfe00000 - 0xc0000000   (   2 MB)
[    0.000000]     modules : 0xbf000000 - 0xbfe00000   (  14 MB)
[    0.000000]       .text : 0xc0208000 - 0xc104d664   (14614 kB)
[    0.000000]       .init : 0xc1100000 - 0xc1300000   (2048 kB)
[    0.000000]       .data : 0xc1300000 - 0xc1419d40   (1128 kB)
[    0.000000]        .bss : 0xc141b000 - 0xc14708a0   ( 343 kB)
[    0.000000] SLUB: HWalign=64, Order=0-3, MinObjects=0, CPUs=2, Nodes=1
[    0.000000] Hierarchical RCU implementation.
[    0.000000] 	Build-time adjustment of leaf fanout to 32.
[    0.000000] 	RCU restricting CPUs from NR_CPUS=16 to nr_cpu_ids=2.
[    0.000000] RCU: Adjusting geometry for rcu_fanout_leaf=32, nr_cpu_ids=2
[    0.000000] NR_IRQS:16 nr_irqs:16 16
[    0.000000] /interrupt-controller@60004000: 128 interrupts forwarded to /interrupt-controller@50041000
[    0.000000] L2C: platform modifies aux control register: 0x02080000 -> 0x3e480001
[    0.000000] L2C: DT/platform modifies aux control register: 0x02080000 -> 0x3e480001
[    0.000000] L2C-310 errata 727915 769419 enabled
[    0.000000] L2C-310 enabling early BRESP for Cortex-A9
[    0.000000] L2C-310: enabling full line of zeros but not enabled in Cortex-A9
[    0.000000] L2C-310 ID prefetch enabled, offset 1 lines
[    0.000000] L2C-310 cache controller enabled, 8 ways, 1024 kB
[    0.000000] L2C-310: CACHE_ID 0x410000c4, AUX_CTRL 0x7e480001
[    0.000010] sched_clock: 32 bits at 1000kHz, resolution 1000ns, wraps every 2147483647500ns
[    0.000026] clocksource: timer_us: mask: 0xffffffff max_cycles: 0xffffffff, max_idle_ns: 1911260446275 ns
[    0.000036] Switching to timer-based delay loop, resolution 1000ns
[    0.001575] Console: colour dummy device 80x30
[    0.001596] Calibrating delay loop (skipped), value calculated using timer frequency.. 2.00 BogoMIPS (lpj=5000)
[    0.001607] pid_max: default: 32768 minimum: 301
[    0.001679] Mount-cache hash table entries: 2048 (order: 1, 8192 bytes)
[    0.001688] Mountpoint-cache hash table entries: 2048 (order: 1, 8192 bytes)
[    0.002158] CPU: Testing write buffer coherency: ok
[    0.002338] CPU0: thread -1, cpu 0, socket 0, mpidr 80000000
[    0.002379] Setting up static identity map for 0x300000 - 0x300098
[    0.003755] Tegra Revision: A03 prime SKU: 8 CPU Process: 1 SoC Process: 2
[    0.004709] CPU1: thread -1, cpu 1, socket 0, mpidr 80000001
[    0.004770] Brought up 2 CPUs
[    0.004781] SMP: Total of 2 processors activated (4.00 BogoMIPS).
[    0.004787] CPU: All CPU(s) started in SVC mode.
[    0.005454] devtmpfs: initialized
[    0.009336] VFP support v0.3: implementor 41 architecture 3 part 30 variant 9 rev 1
[    0.009714] clocksource: jiffies: mask: 0xffffffff max_cycles: 0xffffffff, max_idle_ns: 9556302231375000 ns
[    0.012820] pinctrl core: initialized pinctrl subsystem
[    0.014139] NET: Registered protocol family 16
[    0.016172] DMA: preallocated 256 KiB pool for atomic coherent allocations
[    0.029924] cpuidle: using governor menu
[    0.040937] No ATAGs?
[    0.040962] hw-breakpoint: found 5 (+1 reserved) breakpoint and 1 watchpoint registers.
[    0.040970] hw-breakpoint: maximum watchpoint size is 4 bytes.
[    0.044402] Serial: AMBA PL011 UART driver
[    0.068519] usb1_vbus: Failed to request enable GPIO170: -517
[    0.068532] reg-fixed-voltage regulators:regulator@2: Failed to register regulator: -517
[    0.072305] vgaarb: loaded
[    0.073056] SCSI subsystem initialized
[    0.073198] libata version 3.00 loaded.
[    0.073410] usbcore: registered new interface driver usbfs
[    0.073455] usbcore: registered new interface driver hub
[    0.073495] usbcore: registered new device driver usb
[    0.075667] pps_core: LinuxPPS API ver. 1 registered
[    0.075675] pps_core: Software ver. 5.3.6 - Copyright 2005-2007 Rodolfo Giometti <giometti@linux.it>
[    0.075696] PTP clock support registered
[    0.075866] EDAC MC: Ver: 3.0.0
[    0.077692] clocksource: Switched to clocksource timer_us
[    0.085636] NET: Registered protocol family 2
[    0.086072] TCP established hash table entries: 8192 (order: 3, 32768 bytes)
[    0.086143] TCP bind hash table entries: 8192 (order: 4, 65536 bytes)
[    0.086248] TCP: Hash tables configured (established 8192 bind 8192)
[    0.086337] UDP hash table entries: 512 (order: 2, 16384 bytes)
[    0.086383] UDP-Lite hash table entries: 512 (order: 2, 16384 bytes)
[    0.086533] NET: Registered protocol family 1
[    0.086761] RPC: Registered named UNIX socket transport module.
[    0.086769] RPC: Registered udp transport module.
[    0.086774] RPC: Registered tcp transport module.
[    0.086779] RPC: Registered tcp NFSv4.1 backchannel transport module.
[    0.086800] PCI: CLS 0 bytes, default 64
[    0.087601] hw perfevents: enabled with armv7_cortex_a9 PMU driver, 7 counters available
[    0.088668] futex hash table entries: 512 (order: 3, 32768 bytes)
[    0.089285] workingset: timestamp_bits=28 max_order=18 bucket_order=0
[    0.096959] squashfs: version 4.0 (2009/01/31) Phillip Lougher
[    0.097557] NFS: Registering the id_resolver key type
[    0.097586] Key type id_resolver registered
[    0.097592] Key type id_legacy registered
[    0.097647] ntfs: driver 2.1.32 [Flags: R/O].
[    0.098707] bounce: pool size: 64 pages
[    0.098856] Block layer SCSI generic (bsg) driver version 0.4 loaded (major 248)
[    0.098871] io scheduler noop registered
[    0.098882] io scheduler deadline registered
[    0.098910] io scheduler cfq registered (default)
[    0.109985] tegra-pcie 80003000.pcie-controller: dual-mode configuration
[    0.110571] tegra-pcie 80003000.pcie-controller: probing port 0, using 2 lanes
[    0.193893] tegra-pcie 80003000.pcie-controller: PCI host bridge to bus 0000:00
[    0.193906] pci_bus 0000:00: root bus resource [mem 0xa0000000-0xa7ffffff]
[    0.193915] pci_bus 0000:00: root bus resource [mem 0xa8000000-0xbfffffff pref]
[    0.193924] pci_bus 0000:00: root bus resource [bus 00-ff]
[    0.193931] pci_bus 0000:00: root bus resource [io  0x1000-0xffff]
[    0.193961] pci 0000:00:01.0: [10de:0bf0] type 01 class 0x060000
[    0.194020] pci 0000:00:01.0: PME# supported from D0 D1 D2 D3hot D3cold
[    0.194213] PCI: bus0: Fast back to back transfers disabled
[    0.194224] pci 0000:00:01.0: bridge configuration invalid ([bus 00-00]), reconfiguring
[    0.194351] pci 0000:01:00.0: [10ec:8168] type 00 class 0x020000
[    0.194373] pci 0000:01:00.0: reg 0x10: [io  0x0000-0x00ff]
[    0.194396] pci 0000:01:00.0: reg 0x18: [mem 0x00000000-0x00000fff 64bit pref]
[    0.194412] pci 0000:01:00.0: reg 0x20: [mem 0x00000000-0x00003fff 64bit pref]
[    0.194424] pci 0000:01:00.0: reg 0x30: [mem 0x00000000-0x0001ffff pref]
[    0.194498] pci 0000:01:00.0: supports D1 D2
[    0.194506] pci 0000:01:00.0: PME# supported from D0 D1 D2 D3hot D3cold
[    0.202723] PCI: bus1: Fast back to back transfers disabled
[    0.202735] pci_bus 0000:01: busn_res: [bus 01-ff] end is updated to 01
[    0.202747] Disabling cpuidle LP2 state, since PCIe IRQs are in use
[    0.202800] pci 0000:00:01.0: BAR 8: assigned [mem 0xa0000000-0xa00fffff]
[    0.202812] pci 0000:00:01.0: BAR 9: assigned [mem 0xa8000000-0xa80fffff 64bit pref]
[    0.202822] pci 0000:00:01.0: BAR 7: assigned [io  0x1000-0x1fff]
[    0.202834] pci 0000:01:00.0: BAR 6: assigned [mem 0xa0000000-0xa001ffff pref]
[    0.202844] pci 0000:01:00.0: BAR 4: assigned [mem 0xa8000000-0xa8003fff 64bit pref]
[    0.202861] pci 0000:01:00.0: BAR 2: assigned [mem 0xa8004000-0xa8004fff 64bit pref]
[    0.202877] pci 0000:01:00.0: BAR 0: assigned [io  0x1000-0x10ff]
[    0.202887] pci 0000:00:01.0: PCI bridge to [bus 01]
[    0.202895] pci 0000:00:01.0:   bridge window [io  0x1000-0x1fff]
[    0.202903] pci 0000:00:01.0:   bridge window [mem 0xa0000000-0xa00fffff]
[    0.202911] pci 0000:00:01.0:   bridge window [mem 0xa8000000-0xa80fffff 64bit pref]
[    0.202931] pci 0000:00:01.0: nv_msi_ht_cap_quirk didn't locate host bridge
[    0.202994] pcieport 0000:00:01.0: enabling device (0140 -> 0143)
[    0.203146] pcieport 0000:00:01.0: Signaling PME through PCIe PME interrupt
[    0.203155] pci 0000:01:00.0: Signaling PME through PCIe PME interrupt
[    0.203164] pcie_pme 0000:00:01.0:pcie01: service driver pcie_pme loaded
[    0.207165] tegra-apbdma 6000a000.dma: Tegra20 APB DMA driver register 16 channels
[    0.252614] Serial: 8250/16550 driver, 4 ports, IRQ sharing disabled
[    0.254948] console [ttyS0] disabled
[    0.254982] 70006000.serial: ttyS0 at MMIO 0x70006000 (irq = 279, base_baud = 13500000) is a Tegra
[    1.199729] console [ttyS0] enabled
[    1.203820] SuperH (H)SCI(F) driver initialized
[    1.209105] msm_serial: driver initialized
[    1.213357] STMicroelectronics ASC driver initialized
[    1.220177] [drm] Initialized drm 1.1.0 20060810
[    1.226872] 54280000.hdmi supply hdmi not found, using dummy regulator
[    1.236407] [drm] Supports vblank timestamp caching Rev 2 (21.10.2013).
[    1.243033] [drm] No driver support for vblank timestamp query.
[    1.248978] drm drm: No connectors reported connected with modes
[    1.254987] [drm] Cannot find any crtc or sizes - going 1024x768
[    1.277058] Console: switching to colour frame buffer device 128x48
[    1.291771] drm drm: fb0:  frame buffer device
[    1.307699] [drm] Initialized tegra 0.0.0 20120330 on minor 0
[    1.321921] brd: module loaded
[    1.329159] loop: module loaded
[    1.337780] m25p80 spi32766.0: found s25fl008k, expected w25q80bl
[    1.343882] m25p80 spi32766.0: s25fl008k (1024 Kbytes)
[    1.351386] libphy: Fixed MDIO Bus: probed
[    1.356011] CAN device driver interface
[    1.361307] igb: Intel(R) Gigabit Ethernet Network Driver - version 5.3.0-k
[    1.368266] igb: Copyright (c) 2007-2014 Intel Corporation.
[    1.374363] r8169 Gigabit Ethernet driver 2.3LK-NAPI loaded
[    1.379959] r8169 0000:01:00.0: enabling device (0140 -> 0143)
[    1.386545] r8169 0000:01:00.0 eth0: RTL8168d/8111d at 0xf0878000, 00:01:c0:13:7d:63, XID 081000c0 IRQ 296
[    1.396200] r8169 0000:01:00.0 eth0: jumbo features [frames: 9200 bytes, tx checksumming: ko]
[    1.406677] pegasus: v0.9.3 (2013/04/25), Pegasus/Pegasus II USB Ethernet driver
[    1.414128] usbcore: registered new interface driver pegasus
[    1.419852] usbcore: registered new interface driver asix
[    1.425290] usbcore: registered new interface driver ax88179_178a
[    1.431419] usbcore: registered new interface driver cdc_ether
[    1.437305] usbcore: registered new interface driver smsc75xx
[    1.443104] usbcore: registered new interface driver smsc95xx
[    1.448885] usbcore: registered new interface driver net1080
[    1.454578] usbcore: registered new interface driver cdc_subset
[    1.460530] usbcore: registered new interface driver zaurus
[    1.466174] usbcore: registered new interface driver cdc_ncm
[    1.472123] tegra-phy c5004000.usb-phy: no vbus regulator
[    1.478633] tegra-phy c5008000.usb-phy: no vbus regulator
[    1.485274] ehci_hcd: USB 2.0 'Enhanced' Host Controller (EHCI) Driver
[    1.491809] ehci-pci: EHCI PCI platform driver
[    1.496294] ehci-platform: EHCI generic platform driver
[    1.501683] ehci-omap: OMAP-EHCI Host Controller driver
[    1.507019] ehci-orion: EHCI orion driver
[    1.511138] SPEAr-ehci: EHCI SPEAr driver
[    1.515259] ehci-st: EHCI STMicroelectronics driver
[    1.520248] ehci-exynos: EHCI EXYNOS driver
[    1.524559] ehci-atmel: EHCI Atmel driver
[    1.528688] tegra-ehci: Tegra EHCI driver
[    1.553895] ulpi_phy_power_on: ulpi write failed
[    1.558515] tegra-ehci c5004000.usb: Failed to power on the phy
[    1.564442] tegra-ehci: probe of c5004000.usb failed with error -110
[    1.573427] tegra-ehci c5008000.usb: EHCI Host Controller
[    1.578847] tegra-ehci c5008000.usb: new USB bus registered, assigned bus number 1
[    1.586648] tegra-ehci c5008000.usb: irq 290, io mem 0xc5008000
[    1.597706] tegra-ehci c5008000.usb: USB 2.0 started, EHCI 1.00
[    1.604233] hub 1-0:1.0: USB hub found
[    1.608026] hub 1-0:1.0: 1 port detected
[    1.612262] ohci_hcd: USB 1.1 'Open' Host Controller (OHCI) Driver
[    1.618463] ohci-pci: OHCI PCI platform driver
[    1.622961] ohci-platform: OHCI generic platform driver
[    1.628345] ohci-omap3: OHCI OMAP3 driver
[    1.632453] SPEAr-ohci: OHCI SPEAr driver
[    1.636582] ohci-st: OHCI STMicroelectronics driver
[    1.641573] ohci-atmel: OHCI Atmel driver
[    1.646167] usbcore: registered new interface driver usb-storage
[    1.653512] mousedev: PS/2 mouse device common for all mice
[    1.661008] rtc-em3027 2-0056: rtc core: registered rtc-em3027 as rtc0
[    1.668747] tegra_rtc 7000e000.rtc: rtc core: registered 7000e000.rtc as rtc1
[    1.675923] tegra_rtc 7000e000.rtc: Tegra internal Real Time Clock
[    1.682551] i2c /dev entries driver
[    1.694233] sdhci: Secure Digital Host Controller Interface driver
[    1.700424] sdhci: Copyright(c) Pierre Ossman
[    1.705967] Synopsys Designware Multimedia Card Interface Driver
[    1.712835] sdhci-pltfm: SDHCI platform and OF driver helper
[    1.719303] mmc0: Invalid maximum block size, assuming 512 bytes
[    1.752708] mmc0: SDHCI controller on c8000000.sdhci [c8000000.sdhci] using ADMA
[    1.760201] sdhci-tegra c8000600.sdhci: Got CD GPIO
[    1.765094] sdhci-tegra c8000600.sdhci: Got WP GPIO
[    1.770126] mmc1: Invalid maximum block size, assuming 512 bytes
[    1.802784] mmc1: SDHCI controller on c8000600.sdhci [c8000600.sdhci] using ADMA
[    1.811509] ledtrig-cpu: registered to indicate activity on CPUs
[    1.817945] usbcore: registered new interface driver usbhid
[    1.823518] usbhid: USB HID core driver
[    1.831895] NET: Registered protocol family 10
[    1.837105] sit: IPv6 over IPv4 tunneling driver
[    1.842220] NET: Registered protocol family 17
[    1.846683] can: controller area network core (rev 20120528 abi 9)
[    1.852910] NET: Registered protocol family 29
[    1.857347] can: raw protocol (rev 20120528)
[    1.861622] can: broadcast manager protocol (rev 20120528 t)
[    1.867286] can: netlink gateway (rev 20130117) max_hops=1
[    1.873111] Key type dns_resolver registered
[    1.877767] ThumbEE CPU extension supported.
[    1.882033] Registering SWP/SWPB emulation handler
[    1.891605] utmi_phy_clk_enable: timeout waiting for phy to stabilize
[    1.898081] tegra-ehci c5000000.usb: EHCI Host Controller
[    1.903508] tegra-ehci c5000000.usb: new USB bus registered, assigned bus number 2
[    1.911357] tegra-ehci c5000000.usb: irq 288, io mem 0xc5000000
[    1.927710] usb 1-1: new high-speed USB device number 2 using tegra-ehci
[    1.942703] tegra-ehci c5000000.usb: USB 2.0 started, EHCI 1.00
[    1.949269] hub 2-0:1.0: USB hub found
[    1.953121] hub 2-0:1.0: 1 port detected
[    1.958037] input: gpio-keys as /devices/soc0/gpio-keys/input/input0
[    1.962976] mmc0: host does not support reading read-only switch, assuming write-enable
[    1.964783] mmc0: new high speed SDHC card at address b368
[    1.972555] mmcblk0: mmc0:b368 NCard 3.70 GiB 
[    1.982895] rtc-em3027 2-0056: setting system clock to 2014-12-28 10:24:35 UTC (1419762275)
[    1.992053]  mmcblk0: p1
[    1.996109] EXT4-fs (mmcblk0p1): mounting ext3 file system using the ext4 subsystem
[    2.016882] mmc1: new high speed SD card at address b368
[    2.022877] mmcblk1: mmc1:b368 NCard 1.83 GiB (ro)
[    2.030450]  mmcblk1: p1 p2
[    2.079019] hub 1-1:1.0: USB hub found
[    2.082926] hub 1-1:1.0: 4 ports detected
[    2.372818] usb 1-1.2: new high-speed USB device number 3 using tegra-ehci
[    2.529500] EXT4-fs (mmcblk0p1): recovery complete
[    2.604638] EXT4-fs (mmcblk0p1): mounted filesystem with ordered data mode. Opts: (null)
[    2.612878] VFS: Mounted root (ext3 filesystem) on device 179:1.
[    2.629324] devtmpfs: mounted
[    2.637334] Freeing unused kernel memory: 2048K (c1100000 - c1300000)
bash: cannot set terminal process group (-1): Inappropriate ioctl for device
bash: no job control in this shell
root@(none):/# 