
U-Boot SPL 2014.01-00219-gc4d376f (Feb 18 2014 - 19:57:32)


U-Boot 2014.01-00219-gc4d376f (Feb 18 2014 - 19:57:32)

TEGRA114
Board: NVIDIA Dalmore
I2C:   ready
DRAM:  2 GiB
MMC:   Tegra SD/MMC: 0, Tegra SD/MMC: 1
In:    serial
Out:   serial
Err:   serial
Net:   Net Initialization Skipped
No ethernet found.
Hit any key to stop autoboot:  2  0 
Tegra114 (Dalmore) # 
Tegra114 (Dalmore) # usb reset
(Re)start USB...
USB0:   USB EHCI 1.10
scanning bus 0 for devices... 2 USB Device(s) found
       scanning usb for storage devices... 0 Storage Device(s) found
       scanning usb for ethernet devices... 
Warning: asx0 using MAC address from net device
1 Ethernet Device(s) found
Tegra114 (Dalmore) # setenv bootargs 'ignore_loglevel console=ttyS0,115200n8 rw root=PARTUUID=7369c667-ff51-ec4a-29cd-baabf2fbe346 rootwait gpt debug earlyprintk init=/bin/bash'
Tegra114 (Dalmore) # setenv ipaddr 192.168.100.100; setenv serverip 192.168.100.1; setenv tftpserverip 192.168.100.1
Tegra114 (Dalmore) # tftpboot 0x81000000 zImage.multi_v7_defconfig
Using asx0 device
TFTP from server 192.168.100.1; our IP address is 192.168.100.100
Filename 'zImage.multi_v7_defconfig'.
Load address: 0x81000000
Loading: *#################################################################
	 #################################################################
	 #################################################################
	 #################################################################
	 #################################################################
	 #################################################################
	 #################################################################
	 ############################
	 3.2 MiB/s
done
Bytes transferred = 7089040 (6c2b90 hex)
Tegra114 (Dalmore) # tftpboot 0x82000000 tegra114-dalmore.dtb
Using asx0 device
TFTP from server 192.168.100.1; our IP address is 192.168.100.100
Filename 'tegra114-dalmore.dtb'.
Load address: 0x82000000
Loading: *###
	 3 MiB/s
done
Bytes transferred = 34956 (888c hex)
Tegra114 (Dalmore) # bootz 0x81000000 - 0x82000000
Kernel image @ 0x81000000 [ 0x000000 - 0x6c2b90 ]
## Flattened Device Tree blob at 82000000
   Booting using the fdt blob at 0x82000000
   Loading Device Tree to 8fff4000, end 8ffff88b ... OK

Starting kernel ...

[    0.000000] Booting Linux on physical CPU 0x0
[    0.000000] Linux version 4.7.0-next-20160803-109946-g7a4be45 (pwalmsley@sellafield) (gcc version 4.7.3 20130328 (prerelease) (crosstool-NG linaro-1.13.1-4.7-2013.04-20130415 - Linaro GCC 2013.04) ) #1 SMP Tue Aug 2 23:03:09 PDT 2016
[    0.000000] CPU: ARMv7 Processor [412fc0f2] revision 2 (ARMv7), cr=10c5387d
[    0.000000] CPU: div instructions available: patching division code
[    0.000000] CPU: PIPT / VIPT nonaliasing data cache, PIPT instruction cache
[    0.000000] OF: fdt:Machine model: NVIDIA Tegra114 Dalmore evaluation board
[    0.000000] debug: ignoring loglevel setting.
[    0.000000] cma: Reserved 64 MiB at 0xfb800000
[    0.000000] Memory policy: Data cache writealloc
[    0.000000] On node 0 totalpages: 524032
[    0.000000] free_area_init_node: node 0, pgdat c141cf00, node_mem_map eeffa000
[    0.000000]   DMA zone: 1536 pages used for memmap
[    0.000000]   DMA zone: 0 pages reserved
[    0.000000]   DMA zone: 196608 pages, LIFO batch:31
[    0.000000]   HighMem zone: 327424 pages, LIFO batch:31
[    0.000000] percpu: Embedded 14 pages/cpu @eef9d000 s26624 r8192 d22528 u57344
[    0.000000] pcpu-alloc: s26624 r8192 d22528 u57344 alloc=14*4096
[    0.000000] pcpu-alloc: [0] 0 [0] 1 [0] 2 [0] 3 
[    0.000000] Built 1 zonelists in Zone order, mobility grouping on.  Total pages: 522496
[    0.000000] Kernel command line: ignore_loglevel console=ttyS0,115200n8 rw root=PARTUUID=7369c667-ff51-ec4a-29cd-baabf2fbe346 rootwait gpt debug earlyprintk init=/bin/bash
[    0.000000] PID hash table entries: 4096 (order: 2, 16384 bytes)
[    0.000000] Dentry cache hash table entries: 131072 (order: 7, 524288 bytes)
[    0.000000] Inode-cache hash table entries: 65536 (order: 6, 262144 bytes)
[    0.000000] Memory: 1995104K/2096128K available (9216K kernel code, 1147K rwdata, 3976K rodata, 2048K init, 343K bss, 35488K reserved, 65536K cma-reserved, 1244160K highmem)
[    0.000000] Virtual kernel memory layout:
[    0.000000]     vector  : 0xffff0000 - 0xffff1000   (   4 kB)
[    0.000000]     fixmap  : 0xffc00000 - 0xfff00000   (3072 kB)
[    0.000000]     vmalloc : 0xf0800000 - 0xff800000   ( 240 MB)
[    0.000000]     lowmem  : 0xc0000000 - 0xf0000000   ( 768 MB)
[    0.000000]     pkmap   : 0xbfe00000 - 0xc0000000   (   2 MB)
[    0.000000]     modules : 0xbf000000 - 0xbfe00000   (  14 MB)
[    0.000000]       .text : 0xc0208000 - 0xc0c00000   (10208 kB)
[    0.000000]       .init : 0xc1100000 - 0xc1300000   (2048 kB)
[    0.000000]       .data : 0xc1300000 - 0xc141ed80   (1148 kB)
[    0.000000]        .bss : 0xc1420000 - 0xc1475c08   ( 344 kB)
[    0.000000] SLUB: HWalign=64, Order=0-3, MinObjects=0, CPUs=4, Nodes=1
[    0.000000] Hierarchical RCU implementation.
[    0.000000] 	Build-time adjustment of leaf fanout to 32.
[    0.000000] 	RCU restricting CPUs from NR_CPUS=16 to nr_cpu_ids=4.
[    0.000000] RCU: Adjusting geometry for rcu_fanout_leaf=32, nr_cpu_ids=4
[    0.000000] NR_IRQS:16 nr_irqs:16 16
[    0.000000] /interrupt-controller@60004000: 160 interrupts forwarded to /interrupt-controller@50041000
[    0.000000] Tegra clk 127: register failed with -17
[    0.000008] sched_clock: 32 bits at 1000kHz, resolution 1000ns, wraps every 2147483647500ns
[    0.000026] clocksource: timer_us: mask: 0xffffffff max_cycles: 0xffffffff, max_idle_ns: 1911260446275 ns
[    0.000040] Switching to timer-based delay loop, resolution 1000ns
[    0.003189] arm_arch_timer: Architected cp15 timer(s) running at 12.00MHz (virt).
[    0.003207] clocksource: arch_sys_counter: mask: 0xffffffffffffff max_cycles: 0x2c47f4ee7, max_idle_ns: 440795202497 ns
[    0.003225] sched_clock: 56 bits at 12MHz, resolution 83ns, wraps every 4398046511096ns
[    0.003238] Switching to timer-based delay loop, resolution 83ns
[    0.003631] Console: colour dummy device 80x30
[    0.003660] Calibrating delay loop (skipped), value calculated using timer frequency.. 24.00 BogoMIPS (lpj=60000)
[    0.003676] pid_max: default: 32768 minimum: 301
[    0.003775] Mount-cache hash table entries: 2048 (order: 1, 8192 bytes)
[    0.003786] Mountpoint-cache hash table entries: 2048 (order: 1, 8192 bytes)
[    0.004416] CPU: Testing write buffer coherency: ok
[    0.004627] /cpus/cpu@0 missing clock-frequency property
[    0.004656] /cpus/cpu@1 missing clock-frequency property
[    0.004684] /cpus/cpu@2 missing clock-frequency property
[    0.004713] /cpus/cpu@3 missing clock-frequency property
[    0.004726] CPU0: thread -1, cpu 0, socket 0, mpidr 80000000
[    0.004750] Setting up static identity map for 0x80300000 - 0x80300098
[    0.007324] Tegra Revision: A01 SKU: 0 CPU Process: 1 SoC Process: 0
[    0.008749] CPU1: thread -1, cpu 1, socket 0, mpidr 80000001
[    0.009448] CPU2: thread -1, cpu 2, socket 0, mpidr 80000002
[    0.010138] CPU3: thread -1, cpu 3, socket 0, mpidr 80000003
[    0.010225] Brought up 4 CPUs
[    0.010245] SMP: Total of 4 processors activated (96.00 BogoMIPS).
[    0.010253] CPU: All CPU(s) started in SVC mode.
[    0.011725] devtmpfs: initialized
[    0.023561] VFP support v0.3: implementor 41 architecture 4 part 30 variant f rev 0
[    0.023935] clocksource: jiffies: mask: 0xffffffff max_cycles: 0xffffffff, max_idle_ns: 9556302231375000 ns
[    0.025313] pinctrl core: initialized pinctrl subsystem
[    0.026943] NET: Registered protocol family 16
[    0.028964] DMA: preallocated 256 KiB pool for atomic coherent allocations
[    0.043105] cpuidle: using governor menu
[    0.058390] No ATAGs?hw-breakpoint: found 5 (+1 reserved) breakpoint and 4 watchpoint registers.
[    0.058425] hw-breakpoint: maximum watchpoint size is 8 bytes.
[    0.063613] Serial: AMBA PL011 UART driver
[    0.064968] tegra-mc 70019000.memory-controller: no memory timings for RAM code 3 registered
[    0.092655] dvdd_ts: Failed to request enable GPIO61: -517
[    0.092673] reg-fixed-voltage regulators:regulator@1: Failed to register regulator: -517
[    0.092766] usb1_vbus: Failed to request enable GPIO108: -517
[    0.092780] reg-fixed-voltage regulators:regulator@3: Failed to register regulator: -517
[    0.092871] usb2_vbus: Failed to request enable GPIO86: -517
[    0.092884] reg-fixed-voltage regulators:regulator@4: Failed to register regulator: -517
[    0.093353] VDD_5V0_HDMI_CON: Failed to request enable GPIO81: -517
[    0.093367] reg-fixed-voltage regulators:regulator@7: Failed to register regulator: -517
[    0.096119] vgaarb: loaded
[    0.096971] SCSI subsystem initialized
[    0.097139] libata version 3.00 loaded.
[    0.097457] usbcore: registered new interface driver usbfs
[    0.097539] usbcore: registered new interface driver hub
[    0.097626] usbcore: registered new device driver usb
[    0.101190] tps65090 2-0048: No cache defaults, reading back from HW
[    0.103105] TPS65090_RAILSDCDC1: supplied by vdd_ac_bat
[    0.103656] vdd_hdmi_5v0: supplied by vdd-sys-5v0
[    0.104426] TPS65090_RAILSDCDC2: supplied by vdd_ac_bat
[    0.105491] TPS65090_RAILSDCDC3: supplied by vdd_ac_bat
[    0.106032] TPS65090_RAILSFET1: supplied by vdd_ac_bat
[    0.106435] TPS65090_RAILSFET2: supplied by vdd_ac_bat
[    0.106803] TPS65090_RAILSFET3: supplied by vdd-sys-3v3
[    0.107347] TPS65090_RAILSFET4: supplied by vdd-sys-3v3
[    0.107878] TPS65090_RAILSFET5: supplied by vdd-sys-3v3
[    0.108426] TPS65090_RAILSFET6: supplied by vdd-sys-3v3
[    0.109287] TPS65090_RAILSFET7: supplied by vdd-sys-3v3
[    0.109823] TPS65090_RAILSLDO1: supplied by vdd_ac_bat
[    0.110051] TPS65090_RAILSLDO2: supplied by vdd_ac_bat
[    0.110894] palmas 2-0058: Irq flag is 0x00000008
[    0.112442] genirq: Setting trigger mode 8 for irq 341 failed (irq_chip_set_type_parent+0x0/0x28)
[    0.112487] dummy 2-0059: Failed to request IRQ 341 for palmas: -22
[    0.112841] palmas: probe of 2-0058 failed with error -22
[    0.113040] pps_core: LinuxPPS API ver. 1 registered
[    0.113049] pps_core: Software ver. 5.3.6 - Copyright 2005-2007 Rodolfo Giometti <giometti@linux.it>
[    0.113073] PTP clock support registered
[    0.113259] EDAC MC: Ver: 3.0.0
[    0.115660] clocksource: Switched to clocksource arch_sys_counter
[    0.126494] NET: Registered protocol family 2
[    0.127014] TCP established hash table entries: 8192 (order: 3, 32768 bytes)
[    0.127113] TCP bind hash table entries: 8192 (order: 4, 65536 bytes)
[    0.127300] TCP: Hash tables configured (established 8192 bind 8192)
[    0.127353] UDP hash table entries: 512 (order: 2, 16384 bytes)
[    0.127395] UDP-Lite hash table entries: 512 (order: 2, 16384 bytes)
[    0.127562] NET: Registered protocol family 1
[    0.127894] RPC: Registered named UNIX socket transport module.
[    0.127904] RPC: Registered udp transport module.
[    0.127912] RPC: Registered tcp transport module.
[    0.127921] RPC: Registered tcp NFSv4.1 backchannel transport module.
[    0.127932] PCI: CLS 0 bytes, default 64
[    0.130074] futex hash table entries: 1024 (order: 4, 65536 bytes)
[    0.130584] workingset: timestamp_bits=30 max_order=19 bucket_order=0
[    0.142609] squashfs: version 4.0 (2009/01/31) Phillip Lougher
[    0.143524] NFS: Registering the id_resolver key type
[    0.143549] Key type id_resolver registered
[    0.143558] Key type id_legacy registered
[    0.143602] ntfs: driver 2.1.32 [Flags: R/O].
[    0.144898] bounce: pool size: 64 pages
[    0.145108] Block layer SCSI generic (bsg) driver version 0.4 loaded (major 248)
[    0.145118] io scheduler noop registered
[    0.145127] io scheduler deadline registered
[    0.145317] io scheduler cfq registered (default)
[    0.149390] libphy: mdio_driver_register: phy-bcm-ns2-pci
[    0.170546] tegra-apbdma 6000a000.dma: Tegra20 APB DMA driver register 32 channels
[    0.172124] tegra-pmc 7000e400.pmc: i2c-thermtrip node not found, emergency thermal reset disabled.
[    0.240054] Serial: 8250/16550 driver, 4 ports, IRQ sharing disabled
[    0.243107] console [ttyS0] disabled
[    0.243175] 70006300.serial: ttyS0 at MMIO 0x70006300 (irq = 329, base_baud = 25500000) is a Tegra
[    1.131215] console [ttyS0] enabled
[    1.135467] SuperH (H)SCI(F) driver initialized
[    1.140920] msm_serial: driver initialized
[    1.145185] STMicroelectronics ASC driver initialized
[    1.153714] [drm] Initialized drm 1.1.0 20060810
[    1.161220] tegra-hdmi 54280000.hdmi: failed to get HDMI regulator
[    1.167755] tegra-dsi 54300000.dsi: cannot get VDD supply
[    1.187008] brd: module loaded
[    1.196467] loop: module loaded
[    1.213056] random: fast init done
[    1.216655] m25p80 spi32766.0: w25q32dw (4096 Kbytes)
[    1.225228] libphy: Fixed MDIO Bus: probed
[    1.230182] CAN device driver interface
[    1.235956] igb: Intel(R) Gigabit Ethernet Network Driver - version 5.3.0-k
[    1.242925] igb: Copyright (c) 2007-2014 Intel Corporation.
[    1.251470] pegasus: v0.9.3 (2013/04/25), Pegasus/Pegasus II USB Ethernet driver
[    1.258937] usbcore: registered new interface driver pegasus
[    1.264669] usbcore: registered new interface driver asix
[    1.270123] usbcore: registered new interface driver ax88179_178a
[    1.276269] usbcore: registered new interface driver cdc_ether
[    1.282176] usbcore: registered new interface driver smsc75xx
[    1.287995] usbcore: registered new interface driver smsc95xx
[    1.293798] usbcore: registered new interface driver net1080
[    1.299513] usbcore: registered new interface driver cdc_subset
[    1.305485] usbcore: registered new interface driver zaurus
[    1.311136] usbcore: registered new interface driver cdc_ncm
[    1.318628] ehci_hcd: USB 2.0 'Enhanced' Host Controller (EHCI) Driver
[    1.325166] ehci-pci: EHCI PCI platform driver
[    1.329667] ehci-platform: EHCI generic platform driver
[    1.335083] ehci-orion: EHCI orion driver
[    1.339232] SPEAr-ehci: EHCI SPEAr driver
[    1.343390] ehci-st: EHCI STMicroelectronics driver
[    1.348411] ehci-exynos: EHCI EXYNOS driver
[    1.352755] ehci-atmel: EHCI Atmel driver
[    1.356905] tegra-ehci: Tegra EHCI driver
[    1.361216] ohci_hcd: USB 1.1 'Open' Host Controller (OHCI) Driver
[    1.367420] ohci-pci: OHCI PCI platform driver
[    1.371924] ohci-platform: OHCI generic platform driver
[    1.377306] ohci-omap3: OHCI OMAP3 driver
[    1.381457] SPEAr-ohci: OHCI SPEAr driver
[    1.385592] ohci-st: OHCI STMicroelectronics driver
[    1.390613] ohci-atmel: OHCI Atmel driver
[    1.395322] usbcore: registered new interface driver usb-storage
[    1.402825] mousedev: PS/2 mouse device common for all mice
[    1.411455] tegra_rtc 7000e000.rtc: rtc core: registered 7000e000.rtc as rtc1
[    1.418648] tegra_rtc 7000e000.rtc: Tegra internal Real Time Clock
[    1.425349] i2c /dev entries driver
[    1.432980] sbs-battery 0-000b: sbs_probe: Failed to get device status
[    1.439537] sbs-battery: probe of 0-000b failed with error -121
[    1.454556] sdhci: Secure Digital Host Controller Interface driver
[    1.460755] sdhci: Copyright(c) Pierre Ossman
[    1.466540] Synopsys Designware Multimedia Card Interface Driver
[    1.473554] sdhci-pltfm: SDHCI platform and OF driver helper
[    1.479919] sdhci-tegra 78000400.sdhci: Got CD GPIO
[    1.484829] sdhci-tegra 78000400.sdhci: Got WP GPIO
[    1.490853] mmc0: Invalid maximum block size, assuming 512 bytes
[    1.540804] mmc0: SDHCI controller on 78000400.sdhci [78000400.sdhci] using ADMA
[    1.548461] mmc1: Invalid maximum block size, assuming 512 bytes
[    1.600672] mmc1: SDHCI controller on 78000600.sdhci [78000600.sdhci] using ADMA
[    1.609857] ledtrig-cpu: registered to indicate activity on CPUs
[    1.616217] usbcore: registered new interface driver usbhid
[    1.621803] usbhid: USB HID core driver
[    1.631855] NET: Registered protocol family 10
[    1.637190] sit: IPv6, IPv4 and MPLS over IPv4 tunneling driver
[    1.643800] NET: Registered protocol family 17
[    1.648270] can: controller area network core (rev 20120528 abi 9)
[    1.654520] NET: Registered protocol family 29
[    1.658977] can: raw protocol (rev 20120528)
[    1.663258] can: broadcast manager protocol (rev 20160617 t)
[    1.668931] can: netlink gateway (rev 20130117) max_hops=1
[    1.674790] Key type dns_resolver registered
[    1.679701] ThumbEE CPU extension supported.
[    1.683994] Registering SWP/SWPB emulation handler
[    1.691447] usb1_vbus: supplied by vdd-sys-5v0
[    1.705570] usb2_vbus: supplied by vdd-sys-5v0
[    1.717513] mmc0: new high speed SDHC card at address aaaa
[    1.721661] VDD_5V0_HDMI_CON: supplied by vdd-sys-5v0
[    1.723689] tegra-hdmi 54280000.hdmi: failed to get PLL regulator
[    1.725337] tegra-dsi 54300000.dsi: cannot get VDD supply
[    1.731419] tegra-ehci 7d008000.usb: EHCI Host Controller
[    1.731451] tegra-ehci 7d008000.usb: new USB bus registered, assigned bus number 1
[    1.731779] tegra-ehci 7d008000.usb: irq 339, io mem 0x7d008000
[    1.745801] tegra-ehci 7d008000.usb: USB 2.0 started, EHCI 1.10
[    1.747247] hub 1-0:1.0: USB hub found
[    1.747295] hub 1-0:1.0: 1 port detected
[    1.750714] tegra-hdmi 54280000.hdmi: failed to get PLL regulator
[    1.752761] tegra-dsi 54300000.dsi: cannot get VDD supply
[    1.754781] input: gpio-keys as /devices/soc0/gpio-keys/input/input0
[    1.755142] hctosys: unable to open rtc device (rtc0)
[    1.758520] tegra-hdmi 54280000.hdmi: failed to get PLL regulator
[    1.760077] tegra-dsi 54300000.dsi: cannot get VDD supply
[    1.767999] vdd_hdmi_5v0: disabling
[    1.769784] dvdd_ts: disabling
[    1.769791] usb1_vbus: disabling
[    1.769798] VDD_5V0_HDMI_CON: disabling
[    1.823749] mmcblk0: mmc0:aaaa SL16G 14.8 GiB 
[    1.849040]  mmcblk0: p1 p2 p3
[    1.854741] Waiting for root device PARTUUID=7369c667-ff51-ec4a-29cd-baabf2fbe346...
[    1.858259] tegra-hdmi 54280000.hdmi: failed to get PLL regulator
[    1.859887] tegra-dsi 54300000.dsi: cannot get VDD supply
[    1.869954] mmc1: new high speed MMC card at address 0001
[    1.870577] mmcblk1: mmc1:0001 SEM32G 29.1 GiB 
[    1.871135] mmcblk1boot0: mmc1:0001 SEM32G partition 1 4.00 MiB
[    1.871956] mmcblk1boot1: mmc1:0001 SEM32G partition 2 4.00 MiB
[    1.872733] mmcblk1rpmb: mmc1:0001 SEM32G partition 3 4.00 MiB
[    1.885012]  mmcblk1: p1 p2 p3 p4 p5 p6 p7 p8
[    1.893016] tegra-hdmi 54280000.hdmi: failed to get PLL regulator
[    1.894508] tegra-dsi 54300000.dsi: cannot get VDD supply
[    1.918682] EXT4-fs (mmcblk1p1): mounting ext3 file system using the ext4 subsystem
[    1.949929] EXT4-fs (mmcblk1p1): recovery complete
[    1.954790] EXT4-fs (mmcblk1p1): mounted filesystem with ordered data mode. Opts: (null)
[    1.962968] VFS: Mounted root (ext3 filesystem) on device 179:17.
[    1.973751] devtmpfs: mounted
[    1.978609] Freeing unused kernel memory: 2048K (c1100000 - c1300000)
[    2.075716] usb 1-1: new high-speed USB device number 2 using tegra-ehci
bash: cannot set terminal process group (-1): Inappropriate ioctl for device
bash: no job control in this shell
root@(none):/# [    3.071026] asix 1-1:1.0 eth0: register 'asix' at usb-7d008000.usb-1, ASIX AX88772 USB 2.0 Ethernet, 00:50:b6:0d:b5:16
[    3.084455] tegra-hdmi 54280000.hdmi: failed to get PLL regulator
[    3.092397] tegra-dsi 54300000.dsi: cannot get VDD supply
mount -t sysfs none /sys
root@(none):/# 
root@(none):/# mount -t debugfs none /sys/kernel/debug
root@(none):/# 
root@(none):/# rtcwake -d rtc1 -m mem -s 3
rtcwake: assuming RTC uses UTC ...
rtcwake: wakeup from "mem" using /dev/rtc1 at Thu Jan  1 00:00:19 1970
[    5.347349] PM: Syncing filesystems ... done.
[    5.353504] Freezing user space processes ... (elapsed 0.001 seconds) done.
[    5.361871] Double checking all user space processes after OOM killer disable... (elapsed 0.000 seconds) 
[    5.371540] Freezing remaining freezable tasks ... (elapsed 0.001 seconds) done.
[    5.380345] Suspending console(s) (use no_console_suspend to debug)
[    5.428021] PM: suspend of devices complete after 40.102 msecs
[    5.430698] PM: late suspend of devices complete after 2.661 msecs
[    5.432616] PM: noirq suspend of devices complete after 1.906 msecs
[    5.432620] Disabling non-boot CPUs ...
[    5.433487] CPU1: shutdown
[    5.478315] CPU2: shutdown
[    5.507990] CPU3: shutdown
[    5.521880] Entering suspend state LP1
[    5.521904] Enabling non-boot CPUs ...
[    5.537405] CPU1 is up
[    5.557570] CPU2 is up
[    5.577910] CPU3 is up
[    5.579117] PM: noirq resume of devices complete after 1.198 msecs
[    5.581881] PM: early resume of devices complete after 2.311 msecs
[    5.642525] PM: resume of devices complete after 60.627 msecs
[    5.652579] tegra-hdmi 54280000.hdmi: failed to get PLL regulator
[    5.653862] tegra-dsi 54300000.dsi: cannot get VDD supply
[    5.723174] Restarting tasks ... done.
root@(none):/# 
root@(none):/# rtcwake -d rtc1 -m mem -s 3
rtcwake: assuming RTC uses UTC ...
rtcwake: wakeup from "mem" using /dev/rtc1 at Thu Jan  1 00:00:27 1970
[    6.318277] PM: Syncing filesystems ... done.
[    6.323596] Freezing user space processes ... (elapsed 0.001 seconds) done.
[    6.331974] Double checking all user space processes after OOM killer disable... (elapsed 0.000 seconds) 
[    6.341646] Freezing remaining freezable tasks ... (elapsed 0.001 seconds) done.
[    6.350459] Suspending console(s) (use no_console_suspend to debug)
[    6.403172] PM: suspend of devices complete after 45.131 msecs
[    6.405414] PM: late suspend of devices complete after 2.228 msecs
[    6.407513] PM: noirq suspend of devices complete after 2.086 msecs
[    6.407518] Disabling non-boot CPUs ...
[    6.408336] CPU1: shutdown
[    6.443300] CPU2: shutdown
[    6.472919] CPU3: shutdown
[    6.496844] Entering suspend state LP1
[    6.496868] Enabling non-boot CPUs ...
[    6.512361] CPU1 is up
[    6.532556] CPU2 is up
[    6.552877] CPU3 is up
[    6.554075] PM: noirq resume of devices complete after 1.188 msecs
[    6.556695] PM: early resume of devices complete after 2.195 msecs
[    6.617681] PM: resume of devices complete after 60.969 msecs
[    6.622172] tegra-hdmi 54280000.hdmi: failed to get PLL regulator
[    6.623632] tegra-dsi 54300000.dsi: cannot get VDD supply
[    6.694005] Restarting tasks ... done.
root@(none):/# 
root@(none):/# rtcwake -d rtc1 -m mem -s 3
rtcwake: assuming RTC uses UTC ...
rtcwake: wakeup from "mem" using /dev/rtc1 at Thu Jan  1 00:00:35 1970
[    7.282821] PM: Syncing filesystems ... done.
[    7.287996] Freezing user space processes ... (elapsed 0.001 seconds) done.
[    7.296338] Double checking all user space processes after OOM killer disable... (elapsed 0.000 seconds) 
[    7.306010] Freezing remaining freezable tasks ... (elapsed 0.001 seconds) done.
[    7.314829] Suspending console(s) (use no_console_suspend to debug)
[    7.367814] PM: suspend of devices complete after 45.401 msecs
[    7.370058] PM: late suspend of devices complete after 2.228 msecs
[    7.372159] PM: noirq suspend of devices complete after 2.088 msecs
[    7.372164] Disabling non-boot CPUs ...
[    7.373028] CPU1: shutdown
[    7.407825] IRQ17 no longer affine to CPU2
[    7.408206] CPU2: shutdown
[    7.437870] CPU3: shutdown
[    7.461843] Entering suspend state LP1
[    7.461867] Enabling non-boot CPUs ...
[    7.477317] CPU1 is up
[    7.497509] CPU2 is up
[    7.517843] CPU3 is up
[    7.519043] PM: noirq resume of devices complete after 1.190 msecs
[    7.522012] PM: early resume of devices complete after 2.520 msecs
[    7.582602] PM: resume of devices complete after 60.573 msecs
[    7.587059] tegra-hdmi 54280000.hdmi: failed to get PLL regulator
[    7.588519] tegra-dsi 54300000.dsi: cannot get VDD supply
[    7.663010] Restarting tasks ... done.
root@(none):/# 
root@(none):/# rtcwake -d rtc1 -m mem -s 3
rtcwake: assuming RTC uses UTC ...
rtcwake: wakeup from "mem" using /dev/rtc1 at Thu Jan  1 00:00:43 1970
[    8.245773] PM: Syncing filesystems ... done.
[    8.251295] Freezing user space processes ... (elapsed 0.001 seconds) done.
[    8.259622] Double checking all user space processes after OOM killer disable... (elapsed 0.000 seconds) 
[    8.269297] Freezing remaining freezable tasks ... (elapsed 0.001 seconds) done.
[    8.278153] Suspending console(s) (use no_console_suspend to debug)
[    8.327852] PM: suspend of devices complete after 42.123 msecs
[    8.330413] PM: late suspend of devices complete after 2.546 msecs
[    8.332346] PM: noirq suspend of devices complete after 1.922 msecs
[    8.332351] Disabling non-boot CPUs ...
[    8.333230] CPU1: shutdown
[    8.367825] IRQ17 no longer affine to CPU2
[    8.368211] CPU2: shutdown
[    8.397817] CPU3: shutdown
[    8.416772] Entering suspend state LP1
[    8.416795] Enabling non-boot CPUs ...
[    8.432304] CPU1 is up
[    8.452473] CPU2 is up
[    8.472795] CPU3 is up
[    8.473970] PM: noirq resume of devices complete after 1.166 msecs
[    8.476571] PM: early resume of devices complete after 2.141 msecs
[    8.537568] PM: resume of devices complete after 60.980 msecs
[    8.542042] tegra-hdmi 54280000.hdmi: failed to get PLL regulator
[    8.543516] tegra-dsi 54300000.dsi: cannot get VDD supply
[    8.617974] Restarting tasks ... done.
root@(none):/# 
root@(none):/# rtcwake -d rtc1 -m mem -s 3
rtcwake: assuming RTC uses UTC ...
rtcwake: wakeup from "mem" using /dev/rtc1 at Thu Jan  1 00:00:51 1970
[    9.203144] PM: Syncing filesystems ... done.
[    9.208979] Freezing user space processes ... (elapsed 0.001 seconds) done.
[    9.217369] Double checking all user space processes after OOM killer disable... (elapsed 0.000 seconds) 
[    9.227046] Freezing remaining freezable tasks ... (elapsed 0.001 seconds) done.
[    9.235900] Suspending console(s) (use no_console_suspend to debug)
[    9.282216] PM: suspend of devices complete after 38.757 msecs
[    9.284597] PM: late suspend of devices complete after 2.367 msecs
[    9.286442] PM: noirq suspend of devices complete after 1.834 msecs
[    9.286446] Disabling non-boot CPUs ...
[    9.287314] CPU1: shutdown
[    9.322776] IRQ17 no longer affine to CPU2
[    9.323157] CPU2: shutdown
[    9.352787] CPU3: shutdown
[    9.376763] Entering suspend state LP1
[    9.376787] Enabling non-boot CPUs ...
[    9.392232] CPU1 is up
[    9.412436] CPU2 is up
[    9.432771] CPU3 is up
[    9.433946] PM: noirq resume of devices complete after 1.165 msecs
[    9.436502] PM: early resume of devices complete after 2.118 msecs
[    9.497559] PM: resume of devices complete after 61.041 msecs
[    9.502013] tegra-hdmi 54280000.hdmi: failed to get PLL regulator
[    9.503473] tegra-dsi 54300000.dsi: cannot get VDD supply
[    9.578001] Restarting tasks ... done.
root@(none):/# 
root@(none):/# rtcwake -d rtc1 -m mem -s 3
rtcwake: assuming RTC uses UTC ...
rtcwake: wakeup from "mem" using /dev/rtc1 at Thu Jan  1 00:00:59 1970
[   10.167335] PM: Syncing filesystems ... done.
[   10.172647] Freezing user space processes ... (elapsed 0.001 seconds) done.
[   10.181024] Double checking all user space processes after OOM killer disable... (elapsed 0.000 seconds) 
[   10.190696] Freezing remaining freezable tasks ... (elapsed 0.001 seconds) done.
[   10.199527] Suspending console(s) (use no_console_suspend to debug)
[   10.248004] PM: suspend of devices complete after 40.900 msecs
[   10.250570] PM: late suspend of devices complete after 2.551 msecs
[   10.252643] PM: noirq suspend of devices complete after 2.059 msecs
[   10.252647] Disabling non-boot CPUs ...
[   10.253572] CPU1: shutdown
[   10.302763] IRQ17 no longer affine to CPU2
[   10.303157] CPU2: shutdown
[   10.332736] CPU3: shutdown
[   10.351686] Entering suspend state LP1
[   10.351710] Enabling non-boot CPUs ...
[   10.367248] CPU1 is up
[   10.387403] CPU2 is up
[   10.407730] CPU3 is up
[   10.408908] PM: noirq resume of devices complete after 1.167 msecs
[   10.411338] PM: early resume of devices complete after 1.995 msecs
[   10.472489] PM: resume of devices complete after 61.133 msecs
[   10.476943] tegra-hdmi 54280000.hdmi: failed to get PLL regulator
[   10.478398] tegra-dsi 54300000.dsi: cannot get VDD supply
[   10.552849] Restarting tasks ... done.
root@(none):/# 
root@(none):/# rtcwake -d rtc1 -m mem -s 3
rtcwake: assuming RTC uses UTC ...
rtcwake: wakeup from "mem" using /dev/rtc1 at Thu Jan  1 00:01:07 1970
[   11.139648] PM: Syncing filesystems ... done.
[   11.145533] Freezing user space processes ... (elapsed 0.001 seconds) done.
[   11.153825] Double checking all user space processes after OOM killer disable... (elapsed 0.000 seconds) 
[   11.163491] Freezing remaining freezable tasks ... (elapsed 0.001 seconds) done.
[   11.172353] Suspending console(s) (use no_console_suspend to debug)
[   11.222982] PM: suspend of devices complete after 43.074 msecs
[   11.225234] PM: late suspend of devices complete after 2.236 msecs
[   11.227110] PM: noirq suspend of devices complete after 1.867 msecs
[   11.227114] Disabling non-boot CPUs ...
[   11.228005] CPU1: shutdown
[   11.277717] IRQ17 no longer affine to CPU2
[   11.278107] CPU2: shutdown
[   11.307687] CPU3: shutdown
[   11.321645] Entering suspend state LP1
[   11.321668] Enabling non-boot CPUs ...
[   11.337183] CPU1 is up
[   11.357360] CPU2 is up
[   11.377708] CPU3 is up
[   11.378884] PM: noirq resume of devices complete after 1.165 msecs
[   11.381423] PM: early resume of devices complete after 2.094 msecs
[   11.442402] PM: resume of devices complete after 60.962 msecs
[   11.446859] tegra-hdmi 54280000.hdmi: failed to get PLL regulator
[   11.448315] tegra-dsi 54300000.dsi: cannot get VDD supply
[   11.522749] Restarting tasks ... done.
root@(none):/# 
root@(none):/# rtcwake -d rtc1 -m mem -s 3
rtcwake: assuming RTC uses UTC ...
rtcwake: wakeup from "mem" using /dev/rtc1 at Thu Jan  1 00:01:15 1970
[   12.112516] PM: Syncing filesystems ... done.
[   12.118354] Freezing user space processes ... (elapsed 0.001 seconds) done.
[   12.126743] Double checking all user space processes after OOM killer disable... (elapsed 0.000 seconds) 
[   12.136415] Freezing remaining freezable tasks ... (elapsed 0.001 seconds) done.
[   12.145244] Suspending console(s) (use no_console_suspend to debug)
[   12.192128] PM: suspend of devices complete after 39.308 msecs
[   12.194687] PM: late suspend of devices complete after 2.543 msecs
[   12.196661] PM: noirq suspend of devices complete after 1.963 msecs
[   12.196665] Disabling non-boot CPUs ...
[   12.197529] CPU1: shutdown
[   12.232669] IRQ17 no longer affine to CPU2
[   12.233065] CPU2: shutdown
[   12.262637] CPU3: shutdown
[   12.276613] Entering suspend state LP1
[   12.276636] Enabling non-boot CPUs ...
[   12.292161] CPU1 is up
[   12.312317] CPU2 is up
[   12.332666] CPU3 is up
[   12.333839] PM: noirq resume of devices complete after 1.162 msecs
[   12.336343] PM: early resume of devices complete after 2.074 msecs
[   12.397395] PM: resume of devices complete after 61.035 msecs
[   12.401880] tegra-hdmi 54280000.hdmi: failed to get PLL regulator
[   12.403331] tegra-dsi 54300000.dsi: cannot get VDD supply
[   12.477753] Restarting tasks ... done.
root@(none):/# 
root@(none):/# rtcwake -d rtc1 -m mem -s 3
rtcwake: assuming RTC uses UTC ...
rtcwake: wakeup from "mem" using /dev/rtc1 at Thu Jan  1 00:01:23 1970
[   13.066990] PM: Syncing filesystems ... done.
[   13.072824] Freezing user space processes ... (elapsed 0.001 seconds) done.
[   13.081219] Double checking all user space processes after OOM killer disable... (elapsed 0.000 seconds) 
[   13.090894] Freezing remaining freezable tasks ... (elapsed 0.001 seconds) done.
[   13.099719] Suspending console(s) (use no_console_suspend to debug)
[   13.147906] PM: suspend of devices complete after 40.607 msecs
[   13.150151] PM: late suspend of devices complete after 2.231 msecs
[   13.152035] PM: noirq suspend of devices complete after 1.874 msecs
[   13.152039] Disabling non-boot CPUs ...
[   13.152929] CPU1: shutdown
[   13.187662] IRQ17 no longer affine to CPU2
[   13.188059] CPU2: shutdown
[   13.217613] CPU3: shutdown
[   13.231583] Entering suspend state LP1
[   13.231606] Enabling non-boot CPUs ...
[   13.247137] CPU1 is up
[   13.267286] CPU2 is up
[   13.287631] CPU3 is up
[   13.288809] PM: noirq resume of devices complete after 1.167 msecs
[   13.291303] PM: early resume of devices complete after 2.039 msecs
[   13.352354] PM: resume of devices complete after 61.035 msecs
[   13.356805] tegra-hdmi 54280000.hdmi: failed to get PLL regulator
[   13.358273] tegra-dsi 54300000.dsi: cannot get VDD supply
[   13.432729] Restarting tasks ... done.
root@(none):/# 
root@(none):/# rtcwake -d rtc1 -m mem -s 3
rtcwake: assuming RTC uses UTC ...
rtcwake: wakeup from "mem" using /dev/rtc1 at Thu Jan  1 00:01:31 1970
[   14.022329] PM: Syncing filesystems ... done.
[   14.027651] Freezing user space processes ... (elapsed 0.001 seconds) done.
[   14.036021] Double checking all user space processes after OOM killer disable... (elapsed 0.000 seconds) 
[   14.045694] Freezing remaining freezable tasks ... (elapsed 0.001 seconds) done.
[   14.054519] Suspending console(s) (use no_console_suspend to debug)
[   14.102869] PM: suspend of devices complete after 40.777 msecs
[   14.105133] PM: late suspend of devices complete after 2.249 msecs
[   14.107080] PM: noirq suspend of devices complete after 1.936 msecs
[   14.107084] Disabling non-boot CPUs ...
[   14.107983] CPU1: shutdown
[   14.147627] IRQ17 no longer affine to CPU2
[   14.148021] CPU2: shutdown
[   14.177590] CPU3: shutdown
[   14.191541] Entering suspend state LP1
[   14.191564] Enabling non-boot CPUs ...
[   14.207091] CPU1 is up
[   14.227257] CPU2 is up
[   14.247593] CPU3 is up
[   14.248772] PM: noirq resume of devices complete after 1.169 msecs
[   14.251352] PM: early resume of devices complete after 2.126 msecs
[   14.312373] PM: resume of devices complete after 61.003 msecs
[   14.316888] tegra-hdmi 54280000.hdmi: failed to get PLL regulator
[   14.318347] tegra-dsi 54300000.dsi: cannot get VDD supply
[   14.392753] Restarting tasks ... done.
root@(none):/# 
root@(none):/# NVTB SYSTEM SUSPEND TEST COMPLETE
