
U-Boot SPL 2014.07-00097-g772e173 (Jul 25 2014 - 20:02:52)


U-Boot 2014.07-00097-g772e173 (Jul 25 2014 - 20:02:52)

TEGRA124
Board: NVIDIA Jetson TK1
I2C:   ready
DRAM:  2 GiB
MMC:   Tegra SD/MMC: 0, Tegra SD/MMC: 1
In:    serial
Out:   serial
Err:   serial
Net:   Net Initialization Skipped
No ethernet found.
Hit any key to stop autoboot:  2  0 
Tegra124 (Jetson TK1) # 
Tegra124 (Jetson TK1) # usb reset
(Re)start USB...
USB0:   USB EHCI 1.10
scanning bus 0 for devices... 1 USB Device(s) found
USB1:   USB EHCI 1.10
scanning bus 1 for devices... 2 USB Device(s) found
       scanning usb for storage devices... 0 Storage Device(s) found
       scanning usb for ethernet devices... 
Warning: asx0 using MAC address from net device
1 Ethernet Device(s) found
Tegra124 (Jetson TK1) # setenv bootargs 'ignore_loglevel console=ttyS0,115200n8 rw root=/dev/mmcblk0p1 rootwait gpt debug init=/bin/bash noinitrd'
Tegra124 (Jetson TK1) # setenv ipaddr 192.168.100.102; setenv serverip 192.168.100.1; setenv tftpserverip 192.168.100.1
Tegra124 (Jetson TK1) # tftpboot 0x81000000 zImage.multi_v7_defconfig
Using asx0 device
TFTP from server 192.168.100.1; our IP address is 192.168.100.102
Filename 'zImage.multi_v7_defconfig'.
Load address: 0x81000000
Loading: *#################################################################
	 #################################################################
	 #################################################################
	 #################################################################
	 #################################################################
	 ####################################
	 2.9 MiB/s
done
Bytes transferred = 5292568 (50c218 hex)
Tegra124 (Jetson TK1) # tftpboot 0x82000000 tegra124-jetson-tk1.dtb
Using asx0 device
TFTP from server 192.168.100.1; our IP address is 192.168.100.102
Filename 'tegra124-jetson-tk1.dtb'.
Load address: 0x82000000
Loading: *####
	 2.7 MiB/s
done
Bytes transferred = 47577 (b9d9 hex)
Tegra124 (Jetson TK1) # bootz 0x81000000 - 0x82000000
Kernel image @ 0x81000000 [ 0x000000 - 0x50c218 ]
## Flattened Device Tree blob at 82000000
   Booting using the fdt blob at 0x82000000
   Using Device Tree in place at 82000000, end 8200e9d8

Starting kernel ...

[    0.000000] Booting Linux on physical CPU 0x0
[    0.000000] Linux version 3.18.0-rc2-next-20141028-94742-gf63438d (pwalmsley@tamien) (gcc version 4.7.3 20130328 (prerelease) (crosstool-NG linaro-1.13.1-4.7-2013.04-20130415 - Linaro GCC 2013.04) ) #1 SMP Mon Oct 27 22:53:09 PDT 2014
[    0.000000] CPU: ARMv7 Processor [413fc0f3] revision 3 (ARMv7), cr=10c5387d
[    0.000000] CPU: PIPT / VIPT nonaliasing data cache, PIPT instruction cache
[    0.000000] Machine model: NVIDIA Tegra124 Jetson TK1
[    0.000000] debug: ignoring loglevel setting.
[    0.000000] cma: Reserved 64 MiB at 0xfb800000
[    0.000000] Memory policy: Data cache writealloc
[    0.000000] On node 0 totalpages: 524032
[    0.000000] free_area_init_node: node 0, pgdat c0d148c0, node_mem_map ee7f8000
[    0.000000]   DMA zone: 1520 pages used for memmap
[    0.000000]   DMA zone: 0 pages reserved
[    0.000000]   DMA zone: 194560 pages, LIFO batch:31
[    0.000000]   HighMem zone: 2574 pages used for memmap
[    0.000000]   HighMem zone: 329472 pages, LIFO batch:31
[    0.000000] PERCPU: Embedded 10 pages/cpu @ee79f000 s8576 r8192 d24192 u40960
[    0.000000] pcpu-alloc: s8576 r8192 d24192 u40960 alloc=10*4096
[    0.000000] pcpu-alloc: [0] 0 [0] 1 [0] 2 [0] 3 
[    0.000000] Built 1 zonelists in Zone order, mobility grouping on.  Total pages: 522512
[    0.000000] Kernel command line: ignore_loglevel console=ttyS0,115200n8 rw root=/dev/mmcblk0p1 rootwait gpt debug init=/bin/bash noinitrd
[    0.000000] PID hash table entries: 4096 (order: 2, 16384 bytes)
[    0.000000] Dentry cache hash table entries: 131072 (order: 7, 524288 bytes)
[    0.000000] Inode-cache hash table entries: 65536 (order: 6, 262144 bytes)
[    0.000000] Memory: 2001348K/2096128K available (6862K kernel code, 937K rwdata, 2788K rodata, 732K init, 309K bss, 29244K reserved, 65536K cma-reserved, 1252352K highmem)
[    0.000000] Virtual kernel memory layout:
[    0.000000]     vector  : 0xffff0000 - 0xffff1000   (   4 kB)
[    0.000000]     fixmap  : 0xffc00000 - 0xffe00000   (2048 kB)
[    0.000000]     vmalloc : 0xf0000000 - 0xff000000   ( 240 MB)
[    0.000000]     lowmem  : 0xc0000000 - 0xef800000   ( 760 MB)
[    0.000000]     pkmap   : 0xbfe00000 - 0xc0000000   (   2 MB)
[    0.000000]     modules : 0xbf000000 - 0xbfe00000   (  14 MB)
[    0.000000]       .text : 0xc0208000 - 0xc0b74db0   (9652 kB)
[    0.000000]       .init : 0xc0b75000 - 0xc0c2c000   ( 732 kB)
[    0.000000]       .data : 0xc0c2c000 - 0xc0d16740   ( 938 kB)
[    0.000000]        .bss : 0xc0d16740 - 0xc0d63b68   ( 310 kB)
[    0.000000] SLUB: HWalign=64, Order=0-3, MinObjects=0, CPUs=4, Nodes=1
[    0.000000] Hierarchical RCU implementation.
[    0.000000] 	RCU restricting CPUs from NR_CPUS=8 to nr_cpu_ids=4.
[    0.000000] RCU: Adjusting geometry for rcu_fanout_leaf=16, nr_cpu_ids=4
[    0.000000] NR_IRQS:16 nr_irqs:16 16
[    0.000000] L2C: failed to init: -19
[    0.000009] sched_clock: 32 bits at 1000kHz, resolution 1000ns, wraps every 2147483648000ns
[    0.000028] Switching to timer-based delay loop, resolution 1000ns
[    0.003587] Architected cp15 timer(s) running at 12.00MHz (virt).
[    0.003608] sched_clock: 56 bits at 12MHz, resolution 83ns, wraps every 2863311536128ns
[    0.003621] Switching to timer-based delay loop, resolution 83ns
[    0.003991] Console: colour dummy device 80x30
[    0.004015] Calibrating delay loop (skipped), value calculated using timer frequency.. 24.00 BogoMIPS (lpj=60000)
[    0.004030] pid_max: default: 32768 minimum: 301
[    0.004150] Mount-cache hash table entries: 2048 (order: 1, 8192 bytes)
[    0.004162] Mountpoint-cache hash table entries: 2048 (order: 1, 8192 bytes)
[    0.004681] CPU: Testing write buffer coherency: ok
[    0.004877] /cpus/cpu@0 missing clock-frequency property
[    0.004906] /cpus/cpu@1 missing clock-frequency property
[    0.004933] /cpus/cpu@2 missing clock-frequency property
[    0.004961] /cpus/cpu@3 missing clock-frequency property
[    0.004973] CPU0: thread -1, cpu 0, socket 0, mpidr 80000000
[    0.005016] Setting up static identity map for 0x8087b6a8 - 0x8087b740
[    0.007209] Tegra Revision: A01 SKU: 129 CPU Process: 1 Core Process: 1
[    0.008311] CPU1: Booted secondary processor
[    0.008338] CPU1: thread -1, cpu 1, socket 0, mpidr 80000001
[    0.008814] CPU2: Booted secondary processor
[    0.008838] CPU2: thread -1, cpu 2, socket 0, mpidr 80000002
[    0.009320] CPU3: Booted secondary processor
[    0.009344] CPU3: thread -1, cpu 3, socket 0, mpidr 80000003
[    0.009407] Brought up 4 CPUs
[    0.009431] SMP: Total of 4 processors activated.
[    0.009438] CPU: All CPU(s) started in SVC mode.
[    0.009969] devtmpfs: initialized
[    0.014805] VFP support v0.3: implementor 41 architecture 4 part 30 variant f rev 0
[    0.016593] pinctrl core: initialized pinctrl subsystem
[    0.017043] regulator-dummy: no parameters
[    0.032108] NET: Registered protocol family 16
[    0.034003] DMA: preallocated 256 KiB pool for atomic coherent allocations
[    0.048409] cpuidle: using governor ladder
[    0.063425] cpuidle: using governor menu
[    0.077120] No ATAGs?
[    0.077153] hw-breakpoint: found 5 (+1 reserved) breakpoint and 4 watchpoint registers.
[    0.077163] hw-breakpoint: maximum watchpoint size is 8 bytes.
[    0.077323] EXYNOS: PMU not supported
[    0.080389] Serial: AMBA PL011 UART driver
[    0.106892] edma-dma-engine edma-dma-engine.0: Can't allocate PaRAM dummy slot
[    0.106915] edma-dma-engine: probe of edma-dma-engine.0 failed with error -22
[    0.107514] +VDD_MUX: 12000 mV 
[    0.107735] +5V_SYS: 5000 mV 
[    0.107781] +5V_SYS: supplied by +VDD_MUX
[    0.108030] +3.3V_SYS: 3300 mV 
[    0.108075] +3.3V_SYS: supplied by +VDD_MUX
[    0.108224] platform regulators:regulator@3: Driver reg-fixed-voltage requests probe deferral
[    0.108391] +3.3V_AVDD_HDMI_AP_GATED: 3300 mV 
[    0.108438] reg-fixed-voltage regulators:regulator@4: Failed to find supply vin
[    0.108565] reg-fixed-voltage regulators:regulator@4: Failed to register regulator: -517
[    0.108586] platform regulators:regulator@4: Driver reg-fixed-voltage requests probe deferral
[    0.108760] +USB0_VBUS_SW: Failed to request enable GPIO108: -517
[    0.108851] reg-fixed-voltage regulators:regulator@7: Failed to register regulator: -517
[    0.108872] platform regulators:regulator@7: Driver reg-fixed-voltage requests probe deferral
[    0.109041] +5V_USB_HS: Failed to request enable GPIO109: -517
[    0.109131] reg-fixed-voltage regulators:regulator@8: Failed to register regulator: -517
[    0.109151] platform regulators:regulator@8: Driver reg-fixed-voltage requests probe deferral
[    0.109229] platform regulators:regulator@10: Driver reg-fixed-voltage requests probe deferral
[    0.109398] +1.05V_RUN_AVDD_HDMI_PLL: Failed to request enable GPIO63: -517
[    0.109489] reg-fixed-voltage regulators:regulator@11: Failed to register regulator: -517
[    0.109508] platform regulators:regulator@11: Driver reg-fixed-voltage requests probe deferral
[    0.109677] +5V_HDMI_CON: Failed to request enable GPIO86: -517
[    0.109766] reg-fixed-voltage regulators:regulator@12: Failed to register regulator: -517
[    0.109786] platform regulators:regulator@12: Driver reg-fixed-voltage requests probe deferral
[    0.109953] +5V_SATA: Failed to request enable GPIO242: -517
[    0.110041] reg-fixed-voltage regulators:regulator@13: Failed to register regulator: -517
[    0.110061] platform regulators:regulator@13: Driver reg-fixed-voltage requests probe deferral
[    0.110229] +12V_SATA: Failed to request enable GPIO242: -517
[    0.110318] reg-fixed-voltage regulators:regulator@14: Failed to register regulator: -517
[    0.110338] platform regulators:regulator@14: Driver reg-fixed-voltage requests probe deferral
[    0.112660] vgaarb: loaded
[    0.113336] SCSI subsystem initialized
[    0.113541] libata version 3.00 loaded.
[    0.113856] usbcore: registered new interface driver usbfs
[    0.113925] usbcore: registered new interface driver hub
[    0.113999] usbcore: registered new device driver usb
[    0.117256] Linux video capture interface: v2.00
[    0.117315] pps_core: LinuxPPS API ver. 1 registered
[    0.117323] pps_core: Software ver. 5.3.6 - Copyright 2005-2007 Rodolfo Giometti <giometti@linux.it>
[    0.117355] PTP clock support registered
[    0.117585] EDAC MC: Ver: 3.0.0
[    0.118396] Advanced Linux Sound Architecture Driver Initialized.
[    0.119486] Switched to clocksource arch_sys_counter
[    0.129367] NET: Registered protocol family 2
[    0.129967] TCP established hash table entries: 8192 (order: 3, 32768 bytes)
[    0.130056] TCP bind hash table entries: 8192 (order: 4, 65536 bytes)
[    0.130243] TCP: Hash tables configured (established 8192 bind 8192)
[    0.130286] TCP: reno registered
[    0.130299] UDP hash table entries: 512 (order: 2, 16384 bytes)
[    0.130340] UDP-Lite hash table entries: 512 (order: 2, 16384 bytes)
[    0.130521] NET: Registered protocol family 1
[    0.130783] RPC: Registered named UNIX socket transport module.
[    0.130792] RPC: Registered udp transport module.
[    0.130800] RPC: Registered tcp transport module.
[    0.130807] RPC: Registered tcp NFSv4.1 backchannel transport module.
[    0.130824] PCI: CLS 0 bytes, default 64
[    0.133039] futex hash table entries: 1024 (order: 4, 65536 bytes)
[    0.145280] squashfs: version 4.0 (2009/01/31) Phillip Lougher
[    0.146075] NFS: Registering the id_resolver key type
[    0.146110] Key type id_resolver registered
[    0.146119] Key type id_legacy registered
[    0.146578] bounce: pool size: 64 pages
[    0.146787] Block layer SCSI generic (bsg) driver version 0.4 loaded (major 249)
[    0.146805] io scheduler noop registered
[    0.146820] io scheduler deadline registered
[    0.147021] io scheduler cfq registered (default)
[    0.160258] tegra-pcie 1003000.pcie-controller: 2x1, 1x1 configuration
[    0.160304] tegra-pcie 1003000.pcie-controller: Failed to get supply 'avddio-pex': -517
[    0.160337] platform 1003000.pcie-controller: Driver tegra-pcie requests probe deferral
[    0.165117] tegra-apbdma 60020000.dma: Tegra20 APB DMA driver register 32 channels
[    0.224515] Serial: 8250/16550 driver, 4 ports, IRQ sharing disabled
[    0.226337] Serial: IMX driver
[    0.226826] msm_serial: driver initialized
[    0.227642] console [ttyS0] disabled
[    0.227678] of_serial 70006300.serial: ttyS0 at MMIO 0x70006300 (irq = 122, base_baud = 25500000) is a Tegra
[    1.155732] console [ttyS0] enabled
[    1.159954] STMicroelectronics ASC driver initialized
[    1.165853] serial: Freescale lpuart driver
[    1.170247] [drm] Initialized drm 1.1.0 20060810
[    1.176128] tegra-hdmi 54280000.hdmi: failed to get HDMI regulator
[    1.182334] platform 54280000.hdmi: Driver tegra-hdmi requests probe deferral
[    1.195702] loop: module loaded
[    1.199152] at24 0-0056: 256 byte 24c02 EEPROM, writable, 8 bytes/write
[    1.206993] as3722 4-0040: AS3722 with revision 0x1 found
[    1.216208] +VDD_CPU_AP: 700 <--> 1400 mV at 1000 mV 3500 mA 
[    1.222974] +VDD_CORE: 700 <--> 1350 mV at 1100 mV 2500 mA 
[    1.229208] +1.35V_LP0(sd2): 1350 mV 
[    1.232942] +1.35V_LP0(sd2): supplied by +5V_SYS
[    1.238045] +1.35V_LP0(sd3): 1350 mV 
[    1.241779] +1.35V_LP0(sd3): supplied by +5V_SYS
[    1.246874] +1.05V_RUN: 1050 mV 
[    1.250170] +1.05V_RUN: supplied by +5V_SYS
[    1.254706] +1.8V_VDDIO: 1800 mV 
[    1.258072] +1.8V_VDDIO: supplied by +5V_SYS
[    1.263722] +VDD_GPU_AP: 650 <--> 1200 mV at 1000 mV 3500 mA 
[    1.269851] +1.05V_RUN_AVDD: 1050 mV at 300 mA 
[    1.274434] +1.05V_RUN_AVDD: supplied by +1.35V_LP0(sd2)
[    1.280697] +1.8V_RUN_CAM: 1800 mV at 150 mA 
[    1.285135] as3722-regulator as3722-regulator: Failed to find supply vin-ldo1-6
[    1.292556] as3722-regulator as3722-regulator: regulator 8 register failed -517
[    1.301130] platform as3722-regulator: Driver as3722-regulator requests probe deferral
[    1.311097] tegra-ahci 70027000.sata: Failed to get supply 'avdd': -517
[    1.317721] tegra-ahci 70027000.sata: Failed to get regulators
[    1.323585] platform 70027000.sata: Driver tegra-ahci requests probe deferral
[    1.333957] m25p80 spi32765.0: w25q32dw (4096 Kbytes)
[    1.340979] CAN device driver interface
[    1.345825] igb: Intel(R) Gigabit Ethernet Network Driver - version 5.2.15-k
[    1.352874] igb: Copyright (c) 2007-2014 Intel Corporation.
[    1.360156] pegasus: v0.9.3 (2013/04/25), Pegasus/Pegasus II USB Ethernet driver
[    1.367607] usbcore: registered new interface driver pegasus
[    1.373343] usbcore: registered new interface driver asix
[    1.378798] usbcore: registered new interface driver ax88179_178a
[    1.384944] usbcore: registered new interface driver cdc_ether
[    1.390853] usbcore: registered new interface driver smsc75xx
[    1.396673] usbcore: registered new interface driver smsc95xx
[    1.402471] usbcore: registered new interface driver net1080
[    1.408185] usbcore: registered new interface driver cdc_subset
[    1.414157] usbcore: registered new interface driver zaurus
[    1.419825] usbcore: registered new interface driver cdc_ncm
[    1.425811] ehci_hcd: USB 2.0 'Enhanced' Host Controller (EHCI) Driver
[    1.432344] ehci-pci: EHCI PCI platform driver
[    1.436851] ehci-platform: EHCI generic platform driver
[    1.442264] ehci-omap: OMAP-EHCI Host Controller driver
[    1.447625] ehci-orion: EHCI orion driver
[    1.451776] SPEAr-ehci: EHCI SPEAr driver
[    1.455927] tegra-ehci: Tegra EHCI driver
[    1.460195] platform 7d004000.usb: Driver tegra-ehci requests probe deferral
[    1.467391] platform 7d008000.usb: Driver tegra-ehci requests probe deferral
[    1.474528] ohci_hcd: USB 1.1 'Open' Host Controller (OHCI) Driver
[    1.480724] ohci-pci: OHCI PCI platform driver
[    1.485227] ohci-platform: OHCI generic platform driver
[    1.490600] ohci-omap3: OHCI OMAP3 driver
[    1.494751] SPEAr-ohci: OHCI SPEAr driver
[    1.499285] usbcore: registered new interface driver usb-storage
[    1.505514] tegra-phy 7d004000.usb-phy: no vbus regulator
[    1.511200] platform 7d008000.usb-phy: Driver tegra-phy requests probe deferral
[    1.519961] mousedev: PS/2 mouse device common for all mice
[    1.528746] as3722-rtc as3722-rtc: rtc core: registered as3722-rtc as rtc0
[    1.535632] as3722-rtc as3722-rtc: RTC interrupt 464
[    1.543587] tegra_rtc 7000e000.rtc: rtc core: registered 7000e000.rtc as rtc1
[    1.550747] tegra_rtc 7000e000.rtc: Tegra internal Real Time Clock
[    1.557482] i2c /dev entries driver
[    1.563149] usbcore: registered new interface driver uvcvideo
[    1.568900] USB Video Class driver (1.1.1)
[    1.573008] gspca_main: v2.14.0 registered
[    1.578128] 0-004c supply vcc not found, using dummy regulator
[    1.588432] Driver 'mmcblk' needs updating - please use bus_type methods
[    1.595231] sdhci: Secure Digital Host Controller Interface driver
[    1.601413] sdhci: Copyright(c) Pierre Ossman
[    1.606774] Synopsys Designware Multimedia Card Interface Driver
[    1.613630] sdhci-pltfm: SDHCI platform and OF driver helper
[    1.619961] sdhci-tegra 700b0400.sdhci: Got CD GPIO
[    1.624868] sdhci-tegra 700b0400.sdhci: Got WP GPIO
[    1.629786] mmc0: Unknown controller version (3). You may experience problems.
[    1.637099] sdhci-tegra 700b0400.sdhci: No vmmc regulator found
[    1.643062] platform 700b0400.sdhci: Driver sdhci-tegra requests probe deferral
[    1.650493] mmc0: Unknown controller version (3). You may experience problems.
[    1.657760] sdhci-tegra 700b0600.sdhci: No vmmc regulator found
[    1.663686] sdhci-tegra 700b0600.sdhci: No vqmmc regulator found
[    1.669696] mmc0: Invalid maximum block size, assuming 512 bytes
[    1.709510] mmc0: SDHCI controller on 700b0600.sdhci [700b0600.sdhci] using ADMA
[    1.718000] ledtrig-cpu: registered to indicate activity on CPUs
[    1.724256] usbcore: registered new interface driver usbhid
[    1.729844] usbhid: USB HID core driver
[    1.773490] mmc0: BKOPS_EN bit is not set
[    1.780788] mmc0: new high speed MMC card at address 0001
[    1.786553] mmcblk0: mmc0:0001 SEM16G 14.6 GiB 
[    1.791210] mmcblk0boot0: mmc0:0001 SEM16G partition 1 4.00 MiB
[    1.797240] mmcblk0boot1: mmc0:0001 SEM16G partition 2 4.00 MiB
[    1.803274] mmcblk0rpmb: mmc0:0001 SEM16G partition 3 4.00 MiB
[    1.811085] Primary GPT is invalid, using alternate GPT.
[    1.816433]  mmcblk0: p1 p2 p3 p4 p5 p6 p7 p8 p9
[    2.152143] tegra30-i2s 70301100.i2s: DMA channels sourced from device 70300000.ahub
[    2.168538] tegra-snd-rt5640 sound: rt5640-aif1 <-> 70301100.i2s mapping ok
[    2.178531] input: NVIDIA Tegra Jetson TK1 Headphones as /devices/soc0/sound/sound/card0/input0
[    2.188607] TCP: cubic registered
[    2.191952] NET: Registered protocol family 17
[    2.196417] can: controller area network core (rev 20120528 abi 9)
[    2.202661] NET: Registered protocol family 29
[    2.207116] can: raw protocol (rev 20120528)
[    2.211396] can: broadcast manager protocol (rev 20120528 t)
[    2.217068] can: netlink gateway (rev 20130117) max_hops=1
[    2.222924] Key type dns_resolver registered
[    2.227797] ThumbEE CPU extension supported.
[    2.232087] Registering SWP/SWPB emulation handler
[    2.238673] +3.3V_RUN: 3300 mV 
[    2.241888] +3.3V_RUN: supplied by +3.3V_SYS
[    2.246532] +3.3V_AVDD_HDMI_AP_GATED: 3300 mV 
[    2.251032] +3.3V_AVDD_HDMI_AP_GATED: supplied by +3.3V_RUN
[    2.257093] +USB0_VBUS_SW: 5000 mV 
[    2.260680] +USB0_VBUS_SW: supplied by +5V_SYS
[    2.265682] +5V_USB_HS: 5000 mV 
[    2.268977] +5V_USB_HS: supplied by +5V_SYS
[    2.274361] +3.3V_LP0: 3300 mV 
[    2.277622] +3.3V_LP0: supplied by +3.3V_SYS
[    2.282451] +1.05V_RUN_AVDD_HDMI_PLL: 1050 mV 
[    2.287012] reg-fixed-voltage regulators:regulator@11: Failed to find supply vin
[    2.294628] reg-fixed-voltage regulators:regulator@11: Failed to register regulator: -517
[    2.302871] platform regulators:regulator@11: Driver reg-fixed-voltage requests probe deferral
[    2.312517] +5V_HDMI_CON: 5000 mV 
[    2.316047] +5V_HDMI_CON: supplied by +5V_SYS
[    2.320969] +5V_SATA: 5000 mV 
[    2.324093] +5V_SATA: supplied by +5V_SYS
[    2.328630] +12V_SATA: 12000 mV 
[    2.331987] +12V_SATA: supplied by +VDD_MUX
[    2.336813] tegra-pcie 1003000.pcie-controller: 2x1, 1x1 configuration
[    2.343438] tegra-pcie 1003000.pcie-controller: Failed to get supply 'avddio-pex': -517
[    2.351525] platform 1003000.pcie-controller: Driver tegra-pcie requests probe deferral
[    2.360658] tegra-hdmi 54280000.hdmi: failed to get PLL regulator
[    2.366876] platform 54280000.hdmi: Driver tegra-hdmi requests probe deferral
[    2.375656] +VDD_CPU_AP: 700 <--> 1400 mV at 1000 mV 3500 mA 
[    2.382116] +VDD_CORE: 700 <--> 1350 mV at 1100 mV 2500 mA 
[    2.388195] +1.35V_LP0(sd2): 1350 mV 
[    2.392003] +1.35V_LP0(sd2): supplied by +5V_SYS
[    2.396944] +1.35V_LP0(sd3): 1350 mV 
[    2.400772] +1.35V_LP0(sd3): supplied by +5V_SYS
[    2.405702] +1.05V_RUN: 1050 mV 
[    2.409023] +1.05V_RUN: supplied by +5V_SYS
[    2.413521] +1.8V_VDDIO: 1800 mV 
[    2.416995] +1.8V_VDDIO: supplied by +5V_SYS
[    2.422513] +VDD_GPU_AP: 650 <--> 1200 mV at 1000 mV 3500 mA 
[    2.428560] +1.05V_RUN_AVDD: 1050 mV at 300 mA 
[    2.433214] +1.05V_RUN_AVDD: supplied by +1.35V_LP0(sd2)
[    2.438943] +1.8V_RUN_CAM: 1800 mV at 150 mA 
[    2.443388] +1.8V_RUN_CAM: supplied by +3.3V_RUN
[    2.448997] +1.2V_GEN_AVDD: 1200 mV at 150 mA 
[    2.453522] +1.2V_GEN_AVDD: supplied by +1.8V_VDDIO
[    2.459501] +1.05V_LP0_VDD_RTC: 1000 mV at 150 mA 
[    2.464344] +1.05V_LP0_VDD_RTC: supplied by +3.3V_SYS
[    2.469901] +2.8V_RUN_CAM: 2800 mV at 150 mA 
[    2.474326] +2.8V_RUN_CAM: supplied by +3.3V_SYS
[    2.479431] +1.2V_RUN_CAM_FRONT: 1200 mV at 150 mA 
[    2.484384] +1.2V_RUN_CAM_FRONT: supplied by +1.8V_VDDIO
[    2.490057] +VDDIO_SDMMC3: 1800 <--> 3300 mV at 150 mA 
[    2.495365] +VDDIO_SDMMC3: supplied by +3.3V_RUN
[    2.500454] +1.05V_RUN_CAM_REAR: 1050 mV at 150 mA 
[    2.505426] +1.05V_RUN_CAM_REAR: supplied by +1.8V_VDDIO
[    2.511501] +3.3V_RUN_TOUCH: 2800 mV at 150 mA 
[    2.516147] +3.3V_RUN_TOUCH: supplied by +5V_SYS
[    2.521262] +2.8V_RUN_CAM_AF: 2800 mV at 150 mA 
[    2.525959] +2.8V_RUN_CAM_AF: supplied by +5V_SYS
[    2.531160] +1.8V_RUN_VPP_FUSE: 1800 mV at 150 mA 
[    2.536036] +1.8V_RUN_VPP_FUSE: supplied by +3.3V_RUN
[    2.543136] tegra-ahci 70027000.sata: AHCI 0001.0301 32 slots 2 ports 3 Gbps 0x1 impl platform mode
[    2.552195] tegra-ahci 70027000.sata: flags: 64bit ncq sntf pm led pio slum part sadm sds apst 
[    2.562869] scsi host0: ahci_platform
[    2.567820] scsi host1: ahci_platform
[    2.571856] ata1: SATA max UDMA/133 mmio [mem 0x70027000-0x70028fff] port 0x100 irq 55
[    2.579779] ata2: DUMMY
[    2.585658] tegra-ehci 7d004000.usb: EHCI Host Controller
[    2.591111] tegra-ehci 7d004000.usb: new USB bus registered, assigned bus number 1
[    2.598875] tegra-ehci 7d004000.usb: irq 53, io mem 0x7d004000
[    2.614639] tegra-ehci 7d004000.usb: USB 2.0 started, EHCI 1.10
[    2.621578] hub 1-0:1.0: USB hub found
[    2.625412] hub 1-0:1.0: 1 port detected
[    2.630714] platform 7d008000.usb: Driver tegra-ehci requests probe deferral
[    2.639780] sdhci-tegra 700b0400.sdhci: Got CD GPIO
[    2.644739] sdhci-tegra 700b0400.sdhci: Got WP GPIO
[    2.649731] mmc1: Unknown controller version (3). You may experience problems.
[    2.657184] sdhci-tegra 700b0400.sdhci: No vmmc regulator found
[    2.663201] mmc1: Invalid maximum block size, assuming 512 bytes
[    2.705019] mmc1: SDHCI controller on 700b0400.sdhci [700b0400.sdhci] using ADMA
[    2.712824] +1.05V_RUN_AVDD_HDMI_PLL: 1050 mV 
[    2.717351] +1.05V_RUN_AVDD_HDMI_PLL: supplied by +1.05V_RUN
[    2.723583] tegra-pcie 1003000.pcie-controller: 2x1, 1x1 configuration
[    2.731031] tegra-pcie 1003000.pcie-controller: probing port 0, using 2 lanes
[    2.740319] tegra-pcie 1003000.pcie-controller: Slot present pin change, signature: 00000008
[    2.909580] ata1: SATA link down (SStatus 0 SControl 300)
[    3.177513] tegra-pcie 1003000.pcie-controller: link 0 down, retrying
[    3.612921] tegra-pcie 1003000.pcie-controller: link 0 down, retrying
[    4.048045] tegra-pcie 1003000.pcie-controller: link 0 down, retrying
[    4.056672] tegra-pcie 1003000.pcie-controller: link 0 down, ignoring
[    4.063172] tegra-pcie 1003000.pcie-controller: probing port 1, using 1 lanes
[    4.072670] tegra-pcie 1003000.pcie-controller: Slot present pin change, signature: 00000000
[    4.505812] tegra-pcie 1003000.pcie-controller: link 1 down, retrying
[    4.941148] tegra-pcie 1003000.pcie-controller: link 1 down, retrying
[    5.376603] tegra-pcie 1003000.pcie-controller: link 1 down, retrying
[    5.385226] tegra-pcie 1003000.pcie-controller: link 1 down, ignoring
[    5.391944] tegra-pcie 1003000.pcie-controller: PCI host bridge to bus 0000:00
[    5.399180] pci_bus 0000:00: root bus resource [mem 0x13000000-0x1fffffff]
[    5.406060] pci_bus 0000:00: root bus resource [mem 0x20000000-0x3fffffff pref]
[    5.413370] pci_bus 0000:00: root bus resource [bus 00-ff]
[    5.418859] pci_bus 0000:00: root bus resource [io  0x1000-0xffff]
[    5.425068] PCI: bus0: Fast back to back transfers enabled
[    5.432643] [drm] Supports vblank timestamp caching Rev 2 (21.10.2013).
[    5.439311] [drm] No driver support for vblank timestamp query.
[    5.445301] host1x drm: No connectors reported connected with modes
[    5.451624] [drm] Cannot find any crtc or sizes - going 1024x768
[    5.467407] Console: switching to colour frame buffer device 128x48
[    5.481109] host1x drm: fb0:  frame buffer device
[    5.485867] host1x drm: registered panic notifier
[    5.504623] [drm] Initialized tegra 0.0.0 20120330 on minor 0
[    5.511379] tegra-ehci 7d008000.usb: EHCI Host Controller
[    5.516836] tegra-ehci 7d008000.usb: new USB bus registered, assigned bus number 2
[    5.524664] tegra-ehci 7d008000.usb: irq 129, io mem 0x7d008000
[    5.539602] tegra-ehci 7d008000.usb: USB 2.0 started, EHCI 1.10
[    5.546384] hub 2-0:1.0: USB hub found
[    5.550196] hub 2-0:1.0: 1 port detected
[    5.555473] input: gpio-keys as /devices/soc0/gpio-keys/input/input1
[    5.562684] as3722-rtc as3722-rtc: setting system clock to 2000-02-01 00:00:18 UTC (949363218)
[    5.582406] +1.05V_RUN_AVDD_HDMI_PLL: disabling
[    5.586989] +1.8V_RUN_VPP_FUSE: disabling
[    5.591428] +2.8V_RUN_CAM_AF: disabling
[    5.595634] +3.3V_RUN_TOUCH: disabling
[    5.599730] +1.05V_RUN_CAM_REAR: disabling
[    5.604168] +1.2V_RUN_CAM_FRONT: disabling
[    5.608418] +2.8V_RUN_CAM: disabling
[    5.612124] +1.8V_RUN_CAM: disabling
[    5.615834] +USB0_VBUS_SW: disabling
[    5.619405] +3.3V_AVDD_HDMI_AP_GATED: disabling
[    5.624269] ALSA device list:
[    5.627245]   #0: NVIDIA Tegra Jetson TK1
[    5.632474] EXT4-fs (mmcblk0p1): couldn't mount as ext3 due to feature incompatibilities
[    5.641267] EXT4-fs (mmcblk0p1): couldn't mount as ext2 due to feature incompatibilities
[    5.655530] EXT4-fs (mmcblk0p1): recovery complete
[    5.660402] EXT4-fs (mmcblk0p1): mounted filesystem with ordered data mode. Opts: (null)
[    5.668571] VFS: Mounted root (ext4 filesystem) on device 179:1.
[    5.677007] devtmpfs: mounted
[    5.680734] Freeing unused kernel memory: 732K (c0b75000 - c0c2c000)
[    5.859566] usb 2-1: new high-speed USB device number 2 using tegra-ehci
bash: cannot set terminal process group (-1): Inappropriate ioctl for device
bash: no job control in this shell
root@(none):/# 