

U-Boot 2015.04-00466-gedec83e90172 (Mar 14 2016 - 10:42:01)

TEGRA124
Model: Acer Chromebook 13 CB5-311
DRAM:  4 GiB
C:   Tegra SD/MMC: 0, Tegra SD/MMC: 1, Tegra SD/MMC: 2
MMC init failed
Using default environment

In:    serial
Out:   serial
Err:   serial
Net:   Net Initialization Skipped
No ethernet found.
Hit any key to stop autoboot:  2  0 
Tegra124 (Nyan-big) # 
Tegra124 (Nyan-big) # usb start
starting USB...
USB0:   USB EHCI 1.10
scanning bus 0 for devices... 2 USB Device(s) found
USB1:   USB EHCI 1.10
scanning bus 1 for devices... 2 USB Device(s) found
       scanning usb for storage devices... 1 Storage Device(s) found
       scanning usb for ethernet devices... 
Warning: asx0 using MAC address from net device
1 Ethernet Device(s) found
Tegra124 (Nyan-big) # setenv bootargs 'ignore_loglevel console=ttyS0,115200n8 rw root=PARTUUID=4d36e82a-b3c0-4b4b-bfcd-afe5217ac023 rootwait gpt debug noinitrd earlyprintk init=/bin/bash'
Tegra124 (Nyan-big) # setenv ipaddr 192.168.100.102; setenv serverip 192.168.100.1; setenv tftpserverip 192.168.100.1
Tegra124 (Nyan-big) # tftpboot 0x82000000 zImage.tegra_defconfig
Using asx0 device
TFTP from server 192.168.100.1; our IP address is 192.168.100.102
Filename 'zImage.tegra_defconfig'.
Load address: 0x82000000
Loading: *#################################################################
	 #################################################################
	 #################################################################
	 #################################################################
	 #################################################################
	 ##############################################
	 3.6 MiB/s
done
Bytes transferred = 5441488 (5307d0 hex)
Tegra124 (Nyan-big) # tftpboot 0x83000000 tegra124-nyan-big.dtb
Using asx0 device
TFTP from server 192.168.100.1; our IP address is 192.168.100.102
Filename 'tegra124-nyan-big.dtb'.
Load address: 0x83000000
Loading: *#####
	 3.4 MiB/s
done
Bytes transferred = 66821 (10505 hex)
Tegra124 (Nyan-big) # bootz 0x82000000 - 0x83000000
Kernel image @ 0x82000000 [ 0x000000 - 0x5307d0 ]
## Flattened Device Tree blob at 83000000
   Booting using the fdt blob at 0x83000000
   Using Device Tree in place at 83000000, end 83013504

Starting kernel ...

[    3.165794] console [ttyS0] enabled
[    3.169269] bootconsole [earlycon0] disabled
[    3.174547] [drm] Initialized
[    3.177956] tegra-hdmi 54280000.hdmi: failed to get HDMI regulator
[    3.184525] tegra-dpaux 545c0000.dpaux: failed to get VDD supply: -517
[    3.191843] panel supply power not found, using dummy regulator
[    3.203384] loop: module loaded
[    3.207196] as3722 4-0040: AS3722 with revision 0x1 found
[    3.218423] as3722-sd2: supplied by +5V_SYS
[    3.222925] as3722-sd3: supplied by +5V_SYS
[    3.227270] +1.35V_LP0(sd3): Bringing 0uV into 1350000-1350000uV
[    3.233361] +1.35V_LP0(sd3): ramp_delay not set
[    3.238060] as3722-sd4: supplied by +5V_SYS
[    3.242396] +1.05V_RUN: Bringing 0uV into 1050000-1050000uV
[    3.248065] +1.05V_RUN: ramp_delay not set
[    3.252320] as3722-sd5: supplied by +5V_SYS
[    3.258108] as3722-ldo0: supplied by +1.35V_LP0(sd2)
[    3.263923] +1.8V_RUN_CAM: Bringing 0uV into 1800000-1800000uV
[    3.269849] +1.8V_RUN_CAM: ramp_delay not set
[    3.274382] as3722-ldo2: supplied by +1.8V_VDDIO
[    3.280101] as3722-ldo3: supplied by +3.3V_SYS
[    3.284552] +1.00V_LP0_VDD_RTC: Bringing 1100000uV into 1000000-1000000uV
[    3.291430] +1.00V_LP0_VDD_RTC: ramp_delay not set
[    3.296996] as3722-ldo4: supplied by +3.3V_SYS
[    3.301596] +3.3V_RUN_CAM: Bringing 0uV into 2800000-2800000uV
[    3.307520] +3.3V_RUN_CAM: ramp_delay not set
[    3.312054] as3722-ldo5: supplied by +1.8V_VDDIO
[    3.316830] +1.2V_RUN_CAM_FRONT: Bringing 0uV into 1200000-1200000uV
[    3.323267] +1.2V_RUN_CAM_FRONT: ramp_delay not set
[    3.328477] +VDDIO_SDMMC3: Bringing 0uV into 1800000-1800000uV
[    3.334395] +VDDIO_SDMMC3: ramp_delay not set
[    3.338947] as3722-ldo7: supplied by +1.8V_VDDIO
[    3.343721] +1.05V_RUN_CAM_REAR: Bringing 0uV into 1050000-1050000uV
[    3.350166] +1.05V_RUN_CAM_REAR: ramp_delay not set
[    3.355240] as3722-ldo9: supplied by +5V_SYS
[    3.359807] +2.8V_RUN_TOUCH: Bringing 0uV into 2800000-2800000uV
[    3.365903] +2.8V_RUN_TOUCH: ramp_delay not set
[    3.370622] as3722-ldo10: supplied by +5V_SYS
[    3.375138] +2.8V_RUN_CAM_AF: Bringing 0uV into 2800000-2800000uV
[    3.381314] +2.8V_RUN_CAM_AF: ramp_delay not set
[    3.386273] +1.8V_RUN_VPP_FUSE: Bringing 0uV into 1800000-1800000uV
[    3.392625] +1.8V_RUN_VPP_FUSE: ramp_delay not set
[    3.444792] cros-ec-spi spi32766.0: Chrome EC device registered
[    3.454513] random: fast init done
[    3.460158] m25p80 spi32765.0: w25q32dw (4096 Kbytes)
[    3.466568] libphy: Fixed MDIO Bus: probed
[    3.470653] CAN device driver interface
[    3.474509] igb: Intel(R) Gigabit Ethernet Network Driver - version 5.3.0-k
[    3.481461] igb: Copyright (c) 2007-2014 Intel Corporation.
[    3.487144] pegasus: v0.9.3 (2013/04/25), Pegasus/Pegasus II USB Ethernet driver
[    3.494568] usbcore: registered new interface driver pegasus
[    3.500273] usbcore: registered new interface driver asix
[    3.505702] usbcore: registered new interface driver ax88179_178a
[    3.511818] usbcore: registered new interface driver cdc_ether
[    3.517703] usbcore: registered new interface driver smsc75xx
[    3.523488] usbcore: registered new interface driver smsc95xx
[    3.529265] usbcore: registered new interface driver net1080
[    3.534955] usbcore: registered new interface driver cdc_subset
[    3.540897] usbcore: registered new interface driver zaurus
[    3.546521] usbcore: registered new interface driver cdc_ncm
[    3.552264] ehci_hcd: USB 2.0 'Enhanced' Host Controller (EHCI) Driver
[    3.558780] ehci-pci: EHCI PCI platform driver
[    3.563251] tegra-ehci: Tegra EHCI driver
[    3.567592] usbcore: registered new interface driver cdc_acm
[    3.573235] cdc_acm: USB Abstract Control Model driver for USB modems and ISDN adapters
[    3.581264] usbcore: registered new interface driver cdc_wdm
[    3.586978] usbcore: registered new interface driver usb-storage
[    3.593228] mousedev: PS/2 mouse device common for all mice
[    3.599105] input: cros_ec as /devices/soc0/7000d400.spi/spi_master/spi32766/spi32766.0/7000d400.spi:cros-ec@0:keyboard-controller/input/input0
[    3.613973] as3722-rtc as3722-rtc: rtc core: registered as3722-rtc as rtc0
[    3.620840] as3722-rtc as3722-rtc: RTC interrupt 370
[    3.627757] tegra_rtc 7000e000.rtc: rtc core: registered 7000e000.rtc as rtc1
[    3.634920] tegra_rtc 7000e000.rtc: Tegra internal Real Time Clock
[    3.641222] i2c /dev entries driver
[    3.645464] usbcore: registered new interface driver uvcvideo
[    3.651194] USB Video Class driver (1.1.1)
[    3.655281] gspca_main: v2.14.0 registered
[    3.659661] 0-004c supply vcc not found, using dummy regulator
[    3.667473] tegra-wdt 60005000.timer: initialized (heartbeat = 120 sec, nowayout = 0)
[    3.675896] sdhci: Secure Digital Host Controller Interface driver
[    3.682059] sdhci: Copyright(c) Pierre Ossman
[    3.686410] sdhci-pltfm: SDHCI platform and OF driver helper
[    3.692202] sdhci-tegra 700b0000.sdhci: allocated mmc-pwrseq
[    3.697998] sdhci-tegra 700b0400.sdhci: Got CD GPIO
[    3.702869] sdhci-tegra 700b0400.sdhci: Got WP GPIO
[    3.707890] mmc0: Unknown controller version (3). You may experience problems.
[    3.715138] mmc0: Invalid maximum block size, assuming 512 bytes
[    3.794754] mmc0: SDHCI controller on 700b0600.sdhci [700b0600.sdhci] using ADMA
[    3.802477] usbcore: registered new interface driver usbhid
[    3.808068] usbhid: USB HID core driver
[    3.820427] tegra30-i2s 70301100.i2s: DMA channels sourced from device 70300000.ahub
[    3.875241] max98090 0-0010: MAX98090 REVID=0x43
[    3.881736] max98090 0-0010: use default 2.8v micbias
[    3.885193] mmc0: new high speed MMC card at address 0001
[    3.885684] mmcblk0: mmc0:0001 MMC16G 14.4 GiB 
[    3.885900] mmcblk0boot0: mmc0:0001 MMC16G partition 1 2.00 MiB
[    3.886118] mmcblk0boot1: mmc0:0001 MMC16G partition 2 2.00 MiB
[    3.886313] mmcblk0rpmb: mmc0:0001 MMC16G partition 3 128 KiB
[    3.889568]  mmcblk0: p1 p2 p3 p4 p5 p6 p7 p8 p9 p10 p11 p12
[    3.922586] tegra-snd-max98090 sound: HiFi <-> 70301100.i2s mapping ok
[    3.930391] input: GoogleNyanBig Headphones as /devices/soc0/sound/sound/card1/input1
[    3.938491] input: GoogleNyanBig Mic Jack as /devices/soc0/sound/sound/card1/input2
[    4.344749] NET: Registered protocol family 10
[    4.574760] mip6: Mobile IPv6
[    4.577719] sit: IPv6, IPv4 and MPLS over IPv4 tunneling driver
[    4.584686] NET: Registered protocol family 17
[    4.585550] input: tegra-hda HDMI/DP,pcm=3 as /devices/soc0/70030000.hda/sound/card0/input3
[    4.597469] NET: Registered protocol family 15
[    4.601899] can: controller area network core (rev 20120528 abi 9)
[    4.644787] NET: Registered protocol family 29
[    4.649218] can: raw protocol (rev 20120528)
[    4.653475] can: broadcast manager protocol (rev 20160617 t)
[    4.659131] can: netlink gateway (rev 20130117) max_hops=1
[    4.694799] Bluetooth: RFCOMM socket layer initialized
[    4.699933] Bluetooth: RFCOMM ver 1.11
[    4.703673] Bluetooth: BNEP (Ethernet Emulation) ver 1.3
[    4.708981] Bluetooth: BNEP socket layer initialized
[    4.713931] Bluetooth: HIDP (Human Interface Emulation) ver 1.2
[    4.719843] Bluetooth: HIDP socket layer initialized
[    4.724937] Key type dns_resolver registered
[    4.729669] Registering SWP/SWPB emulation handler
[    4.735515] +3.3V_RUN: supplied by +3.3V_SYS
[    4.740132] +3.3V_AVDD_HDMI_AP_GATED: supplied by +3.3V_RUN
[    4.745753] +1.8V_RUN_CAM: supplied by +3.3V_RUN
[    4.750399] +VDDIO_SDMMC3: supplied by +3.3V_RUN
[    4.755049] +1.8V_RUN_VPP_FUSE: supplied by +3.3V_RUN
[    4.760173] +VDD_LED: supplied by +VDD_MUX
[    4.764468] +5V_VDD_TS_SW: supplied by +5V_SYS
[    4.769311] +5V_USB_HS: supplied by +5V_SYS
[    4.773702] +5V_USB_SS: supplied by +5V_SYS
[    4.778463] +3.3V_PANEL: supplied by +3.3V_RUN
[    4.783458] +3.3V_LP0: supplied by +3.3V_SYS
[    4.788196] +1.05V_RUN_AVDD_HDMI_PLL: supplied by +1.05V_RUN
[    4.794057] +5V_HDMI_CON: supplied by +5V_SYS
[    4.799701] usb3-0 supply vbus not found, using dummy regulator
[    4.805700] usb3-1 supply vbus not found, using dummy regulator
[    4.814251] tegra-sor 54540000.sor: failed to probe output: -517
[    4.820418] panel supply power not found, using dummy regulator
[    4.895453] tegra-xusb 70090000.usb: Firmware timestamp: 2014-09-16 02:10:07 UTC
[    4.902866] tegra-xusb 70090000.usb: xHCI Host Controller
[    4.908286] tegra-xusb 70090000.usb: new USB bus registered, assigned bus number 1
[    4.917876] tegra-xusb 70090000.usb: hcc params 0x0184f525 hci version 0x100 quirks 0x00010010
[    4.926513] tegra-xusb 70090000.usb: irq 342, io mem 0x70090000
[    4.933285] hub 1-0:1.0: USB hub found
[    4.937145] hub 1-0:1.0: 6 ports detected
[    4.941860] tegra-xusb 70090000.usb: xHCI Host Controller
[    4.947298] tegra-xusb 70090000.usb: new USB bus registered, assigned bus number 2
[    4.954996] usb usb2: We don't know the algorithms for LPM for this host, disabling LPM.
[    4.963922] hub 2-0:1.0: USB hub found
[    4.967745] hub 2-0:1.0: 2 ports detected
[    4.972726] sdhci-tegra 700b0000.sdhci: allocated mmc-pwrseq
[    4.978612] mmc1: Unknown controller version (3). You may experience problems.
[    4.985911] mmc1: Invalid maximum block size, assuming 512 bytes
[    4.992433] mmc1: Switching to 3.3V signalling voltage failed
[    5.054826] mmc1: SDHCI controller on 700b0000.sdhci [700b0000.sdhci] using ADMA
[    5.062426] sdhci-tegra 700b0400.sdhci: Got CD GPIO
[    5.067306] sdhci-tegra 700b0400.sdhci: Got WP GPIO
[    5.072289] mmc2: Unknown controller version (3). You may experience problems.
[    5.079573] mmc2: Invalid maximum block size, assuming 512 bytes
[    5.086279] +VDDIO_SDMMC3: ramp_delay not set
[    5.128391] mmc1: new high speed SDIO card at address 0001
[    5.154960] mmc2: SDHCI controller on 700b0400.sdhci [700b0400.sdhci] using ADMA
[    5.260683] [drm] Supports vblank timestamp caching Rev 2 (21.10.2013).
[    5.267328] [drm] No driver support for vblank timestamp query.
[    5.294806] usb 1-2: new high-speed USB device number 2 using tegra-xusb
[    5.306412] mmc2: new high speed SDHC card at address 0007
[    5.307084] mmcblk2: mmc2:0007 SD08G 7.42 GiB 
[    5.317648] GPT:Primary header alternate_lba != Alt. header my_lba
[    5.317652] GPT:3014591 != 15564799
[    5.317653] GPT:Primary header thinks Alt. header is not at the end of the disk.
[    5.317654] GPT:3014591 != 15564799
[    5.317655] GPT: Use GNU Parted to correct GPT errors.
[    5.317686]  mmcblk2: p1 p2 p3 p4 p5 p6 p7 p8 p9 p10 p11 p12
[    5.329543] Console: switching to colour frame buffer device 170x48
[    5.387588] drm drm: fb0:  frame buffer device
[    5.424814] [drm] Initialized tegra 0.0.0 20120330 on minor 0
[    5.431237] input: gpio-keys as /devices/soc0/gpio-keys/input/input4
[    5.438640] as3722-rtc as3722-rtc: setting system clock to 2000-01-01 22:01:18 UTC (946764078)
[    5.452936] +1.8V_RUN_CAM: disabling
[    5.456882] +1.2V_RUN_CAM_FRONT: disabling
[    5.461180] +1.05V_RUN_CAM_REAR: disabling
[    5.465520] +2.8V_RUN_TOUCH: disabling
[    5.469505] +2.8V_RUN_CAM_AF: disabling
[    5.473483] +1.8V_RUN_VPP_FUSE: disabling
[    5.477622] +5V_VDD_TS_SW: disabling
[    5.481373] ALSA device list:
[    5.484329]   #0: tegra-hda at 0x70038000 irq 341
[    5.489047]   #1: GoogleNyanBig
[    5.492908] EXT4-fs (mmcblk0p3): couldn't mount as ext3 due to feature incompatibilities
[    5.609245] uvcvideo: Found UVC 1.00 device HD WebCam (1bcf:2c67)
[    5.624251] input: HD WebCam as /devices/soc0/70090000.usb/usb1/1-2/1-2:1.0/input/input5
[    5.925069] EXT4-fs (mmcblk0p3): recovery complete
[    5.930801] EXT4-fs (mmcblk0p3): mounted filesystem with ordered data mode. Opts: (null)
[    5.938951] VFS: Mounted root (ext4 filesystem) on device 179:3.
[    5.946195] devtmpfs: mounted
[    5.949597] Freeing unused kernel memory: 1024K (c0c00000 - c0d00000)
[    5.964923] usb 1-3: new high-speed USB device number 3 using tegra-xusb
bash: cannot set terminal process group (-1): Inappropriate ioctl for device
bash: no job control in this shell
root@(none):/# [    6.615270] asix 1-3:1.0 eth0: register 'asix' at usb-70090000.usb-3, ASIX AX88772 USB 2.0 Ethernet, c8:d7:19:90:fa:65
[    7.914836] usb 1-1: new high-speed USB device number 4 using tegra-xusb
[    8.093403] usb-storage 1-1:1.0: USB Mass Storage device detected
[    8.100322] scsi host0: usb-storage 1-1:1.0
[    9.206625] scsi 0:0:0:0: Direct-Access     SanDisk  SDDR-113         9412 PQ: 0 ANSI: 0
[    9.378671] sd 0:0:0:0: [sda] 15523840 512-byte logical blocks: (7.95 GB/7.40 GiB)
[    9.387107] sd 0:0:0:0: [sda] Write Protect is off
[    9.391889] sd 0:0:0:0: [sda] Mode Sense: 03 00 00 00
[    9.397780] sd 0:0:0:0: [sda] No Caching mode page found
[    9.403088] sd 0:0:0:0: [sda] Assuming drive cache: write through
[    9.427976]  sda: sda1 sda2 sda3 sda4 sda5 sda6 sda7 sda8 sda9 sda10 sda11 sda12 sda13
[    9.441658] sd 0:0:0:0: [sda] Attached SCSI removable disk
mount -t sysfs none /sys
root@(none):/# 
root@(none):/# mount -t debugfs none /sys/kernel/debug
root@(none):/# 
root@(none):/# rtcwake -d rtc1 -m mem -s 3
rtcwake: assuming RTC uses UTC ...
rtcwake: wakeup from "mem" using /dev/rtc1 at Thu Jan  1 00:00:52 1970
[   31.884810] PM: Syncing filesystems ... done.
[   31.905032] Freezing user space processes ... (elapsed 0.015 seconds) done.
[   31.927583] Freezing remaining freezable tasks ... (elapsed 0.001 seconds) done.
[   31.936262] Suspending console(s) (use no_console_suspend to debug)
[   31.943309] asix 1-3:1.0 eth0: Failed to read reg index 0x0000: -19
[   31.943312] asix 1-3:1.0 eth0: Error reading Medium Status register: ffffffed
[   31.943316] asix 1-3:1.0 eth0: Failed to write reg index 0x0000: -19
[   31.943320] asix 1-3:1.0 eth0: Failed to write Medium Mode mode to 0xfeed: ffffffed
[   32.146156] PM: suspend of devices complete after 203.050 msecs
[   32.147615] PM: late suspend of devices complete after 1.450 msecs
[   32.148422] PM: noirq suspend of devices complete after 0.802 msecs
[   32.148424] Disabling non-boot CPUs ...
[   32.204803] span: 0,2-3 (max cpu_capacity = 1024)
[   32.215165] CPU1: shutdown
[   32.364796] span: 0,3 (max cpu_capacity = 1024)
[   32.365110] CPU2: shutdown
[   32.464789] span: 0 (max cpu_capacity = 1024)
[   32.474820] IRQ17 no longer affine to CPU3
[   32.474986] CPU3: shutdown
[   32.535778] Entering suspend state LP1
[   32.535778] Suspended for 2.618 seconds
[   32.535793] Enabling non-boot CPUs ...
[   32.565936] span: 0-1 (max cpu_capacity = 1024)
[   32.566002] CPU1 is up
[   32.606075] span: 0-2 (max cpu_capacity = 1024)
[   32.606135] CPU2 is up
[   32.666295] span: 0-3 (max cpu_capacity = 1024)
[   32.666361] CPU3 is up
[   32.666877] PM: noirq resume of devices complete after 0.511 msecs
[   32.668265] PM: early resume of devices complete after 0.893 msecs
[   32.709948] mmc1: Switching to 3.3V signalling voltage failed
[   32.895121] usb 1-1: reset high-speed USB device number 4 using tegra-xusb
[   32.964803] tegra-sor 54540000.sor: failed to attach SOR: -110
[   33.217401] PM: resume of devices complete after 549.126 msecs
[   33.365054] Restarting tasks ... done.
root@(none):/# 
root@(none):/# rtcwake -d rtc1 -m mem -s 3
rtcwake: assuming RTC uses UTC ...
rtcwake: wakeup from "mem" using /dev/rtc1 at Thu Jan  1 00:00:57 1970
[   34.344743] PM: Syncing filesystems ... done.
[   34.354257] Freezing user space processes ... (elapsed 0.001 seconds) done.
[   34.362334] Freezing remaining freezable tasks ... (elapsed 0.001 seconds) done.
[   34.370961] Suspending console(s) (use no_console_suspend to debug)
[   34.377977] asix 1-3:1.0 eth0: Failed to read reg index 0x0000: -19
[   34.377980] asix 1-3:1.0 eth0: Error reading Medium Status register: ffffffed
[   34.377985] asix 1-3:1.0 eth0: Failed to write reg index 0x0000: -19
[   34.377989] asix 1-3:1.0 eth0: Failed to write Medium Mode mode to 0xfeed: ffffffed
[   34.596176] PM: suspend of devices complete after 218.360 msecs
[   34.597384] PM: late suspend of devices complete after 1.197 msecs
[   34.598200] PM: noirq suspend of devices complete after 0.811 msecs
[   34.598203] Disabling non-boot CPUs ...
[   34.634772] span: 0,2-3 (max cpu_capacity = 1024)
[   34.635077] CPU1: shutdown
[   34.744777] span: 0,3 (max cpu_capacity = 1024)
[   34.744908] IRQ17 no longer affine to CPU2
[   34.745090] CPU2: shutdown
[   34.854764] span: 0 (max cpu_capacity = 1024)
[   34.864772] CPU3: shutdown
[   34.905645] Entering suspend state LP1
[   34.905645] Suspended for 2.630 seconds
[   34.905660] Enabling non-boot CPUs ...
[   34.935922] span: 0-1 (max cpu_capacity = 1024)
[   34.935990] CPU1 is up
[   34.976020] span: 0-2 (max cpu_capacity = 1024)
[   34.976081] CPU2 is up
[   35.016268] span: 0-3 (max cpu_capacity = 1024)
[   35.016332] CPU3 is up
[   35.016851] PM: noirq resume of devices complete after 0.515 msecs
[   35.018533] PM: early resume of devices complete after 1.181 msecs
[   35.059131] mmc1: Switching to 3.3V signalling voltage failed
[   35.245086] usb 1-1: reset high-speed USB device number 4 using tegra-xusb
[   35.314803] tegra-sor 54540000.sor: failed to attach SOR: -110
[   35.567210] PM: resume of devices complete after 548.668 msecs
[   35.715021] Restarting tasks ... done.
root@(none):/# 
root@(none):/# rtcwake -d rtc1 -m mem -s 3
rtcwake: assuming RTC uses UTC ...
rtcwake: wakeup from "mem" using /dev/rtc1 at Thu Jan  1 00:01:02 1970
[   36.714845] PM: Syncing filesystems ... done.
[   36.724173] Freezing user space processes ... (elapsed 0.001 seconds) done.
[   36.732268] Freezing remaining freezable tasks ... (elapsed 0.001 seconds) done.
[   36.740909] Suspending console(s) (use no_console_suspend to debug)
[   36.747943] asix 1-3:1.0 eth0: Failed to read reg index 0x0000: -19
[   36.747946] asix 1-3:1.0 eth0: Error reading Medium Status register: ffffffed
[   36.747949] asix 1-3:1.0 eth0: Failed to write reg index 0x0000: -19
[   36.747952] asix 1-3:1.0 eth0: Failed to write Medium Mode mode to 0xfeed: ffffffed
[   36.966077] PM: suspend of devices complete after 218.315 msecs
[   36.966974] PM: late suspend of devices complete after 0.892 msecs
[   36.967800] PM: noirq suspend of devices complete after 0.823 msecs
[   36.967802] Disabling non-boot CPUs ...
[   37.014740] span: 0,2-3 (max cpu_capacity = 1024)
[   37.014886] IRQ17 no longer affine to CPU1
[   37.015054] CPU1: shutdown
[   37.124744] span: 0,3 (max cpu_capacity = 1024)
[   37.125047] CPU2: shutdown
[   37.204734] span: 0 (max cpu_capacity = 1024)
[   37.214742] CPU3: shutdown
[   37.255610] Entering suspend state LP1
[   37.255610] Suspended for 2.649 seconds
[   37.255625] Enabling non-boot CPUs ...
[   37.285916] span: 0-1 (max cpu_capacity = 1024)
[   37.285987] CPU1 is up
[   37.326007] span: 0-2 (max cpu_capacity = 1024)
[   37.326072] CPU2 is up
[   37.366279] span: 0-3 (max cpu_capacity = 1024)
[   37.366343] CPU3 is up
[   37.366934] PM: noirq resume of devices complete after 0.587 msecs
[   37.368466] PM: early resume of devices complete after 1.380 msecs
[   37.410195] mmc1: Switching to 3.3V signalling voltage failed
[   37.594943] usb 1-1: reset high-speed USB device number 4 using tegra-xusb
[   37.664727] tegra-sor 54540000.sor: failed to attach SOR: -110
[   37.917488] PM: resume of devices complete after 549.012 msecs
[   38.062082] Restarting tasks ... done.
root@(none):/# 
root@(none):/# rtcwake -d rtc1 -m mem -s 3
rtcwake: assuming RTC uses UTC ...
rtcwake: wakeup from "mem" using /dev/rtc1 at Thu Jan  1 00:01:07 1970
[   39.063696] PM: Syncing filesystems ... done.
[   39.073118] Freezing user space processes ... (elapsed 0.001 seconds) done.
[   39.081212] Freezing remaining freezable tasks ... (elapsed 0.001 seconds) done.
[   39.089864] Suspending console(s) (use no_console_suspend to debug)
[   39.096880] asix 1-3:1.0 eth0: Failed to read reg index 0x0000: -19
[   39.096884] asix 1-3:1.0 eth0: Error reading Medium Status register: ffffffed
[   39.096887] asix 1-3:1.0 eth0: Failed to write reg index 0x0000: -19
[   39.096891] asix 1-3:1.0 eth0: Failed to write Medium Mode mode to 0xfeed: ffffffed
[   39.316108] PM: suspend of devices complete after 219.388 msecs
[   39.317317] PM: late suspend of devices complete after 1.198 msecs
[   39.318288] PM: noirq suspend of devices complete after 0.967 msecs
[   39.318290] Disabling non-boot CPUs ...
[   39.374719] span: 0,2-3 (max cpu_capacity = 1024)
[   39.375030] CPU1: shutdown
[   39.454723] span: 0,3 (max cpu_capacity = 1024)
[   39.455037] CPU2: shutdown
[   39.554711] span: 0 (max cpu_capacity = 1024)
[   39.554813] IRQ17 no longer affine to CPU3
[   39.564720] CPU3: shutdown
[   39.605577] Entering suspend state LP1
[   39.605577] Suspended for 2.649 seconds
[   39.605592] Enabling non-boot CPUs ...
[   39.635881] span: 0-1 (max cpu_capacity = 1024)
[   39.635948] CPU1 is up
[   39.665981] span: 0-2 (max cpu_capacity = 1024)
[   39.666040] CPU2 is up
[   39.706227] span: 0-3 (max cpu_capacity = 1024)
[   39.706288] CPU3 is up
[   39.706789] PM: noirq resume of devices complete after 0.497 msecs
[   39.708393] PM: early resume of devices complete after 1.092 msecs
[   39.749504] mmc1: Switching to 3.3V signalling voltage failed
[   40.004724] tegra-sor 54540000.sor: failed to attach SOR: -110
[   40.259229] PM: resume of devices complete after 550.826 msecs
[   40.401804] Restarting tasks ... done.
root@(none):/# 
root@(none):/# rtcwake -d rtc1 -m mem -s 3
rtcwake: assuming RTC uses UTC ...
rtcwake: wakeup from "mem" using /dev/rtc1 at Thu Jan  1 00:01:12 1970
[   41.413613] PM: Syncing filesystems ... done.
[   41.423043] Freezing user space processes ... (elapsed 0.001 seconds) done.
[   41.431136] Freezing remaining freezable tasks ... (elapsed 0.001 seconds) done.
[   41.439779] Suspending console(s) (use no_console_suspend to debug)
[   41.446826] asix 1-3:1.0 eth0: Failed to read reg index 0x0000: -19
[   41.446829] asix 1-3:1.0 eth0: Error reading Medium Status register: ffffffed
[   41.446834] asix 1-3:1.0 eth0: Failed to write reg index 0x0000: -19
[   41.446837] asix 1-3:1.0 eth0: Failed to write Medium Mode mode to 0xfeed: ffffffed
[   41.656066] PM: suspend of devices complete after 209.431 msecs
[   41.657218] PM: late suspend of devices complete after 1.142 msecs
[   41.658111] PM: noirq suspend of devices complete after 0.888 msecs
[   41.658113] Disabling non-boot CPUs ...
[   41.694690] span: 0,2-3 (max cpu_capacity = 1024)
[   41.694841] IRQ17 no longer affine to CPU1
[   41.695009] CPU1: shutdown
[   41.794691] span: 0,3 (max cpu_capacity = 1024)
[   41.794999] CPU2: shutdown
[   41.874681] span: 0 (max cpu_capacity = 1024)
[   41.884666] CPU3: shutdown
[   41.925550] Entering suspend state LP1
[   41.925550] Suspended for 2.679 seconds
[   41.925565] Enabling non-boot CPUs ...
[   41.955854] span: 0-1 (max cpu_capacity = 1024)
[   41.955922] CPU1 is up
[   41.995952] span: 0-2 (max cpu_capacity = 1024)
[   41.996012] CPU2 is up
[   42.036197] span: 0-3 (max cpu_capacity = 1024)
[   42.036259] CPU3 is up
[   42.036767] PM: noirq resume of devices complete after 0.503 msecs
[   42.038564] PM: early resume of devices complete after 1.283 msecs
[   42.079216] mmc1: Switching to 3.3V signalling voltage failed
[   42.334695] tegra-sor 54540000.sor: failed to attach SOR: -110
[   42.587084] PM: resume of devices complete after 548.510 msecs
[   42.728230] Restarting tasks ... done.
root@(none):/# 
root@(none):/# rtcwake -d rtc1 -m mem -s 3
rtcwake: assuming RTC uses UTC ...
rtcwake: wakeup from "mem" using /dev/rtc1 at Thu Jan  1 00:01:17 1970
[   43.733583] PM: Syncing filesystems ... done.
[   43.743017] Freezing user space processes ... (elapsed 0.001 seconds) done.
[   43.751112] Freezing remaining freezable tasks ... (elapsed 0.001 seconds) done.
[   43.759749] Suspending console(s) (use no_console_suspend to debug)
[   43.766808] asix 1-3:1.0 eth0: Failed to read reg index 0x0000: -19
[   43.766812] asix 1-3:1.0 eth0: Error reading Medium Status register: ffffffed
[   43.766815] asix 1-3:1.0 eth0: Failed to write reg index 0x0000: -19
[   43.766818] asix 1-3:1.0 eth0: Failed to write Medium Mode mode to 0xfeed: ffffffed
[   43.984984] PM: suspend of devices complete after 218.378 msecs
[   43.985884] PM: late suspend of devices complete after 0.895 msecs
[   43.986712] PM: noirq suspend of devices complete after 0.824 msecs
[   43.986714] Disabling non-boot CPUs ...
[   44.044657] span: 0,2-3 (max cpu_capacity = 1024)
[   44.044974] CPU1: shutdown
[   44.134660] span: 0,3 (max cpu_capacity = 1024)
[   44.134968] CPU2: shutdown
[   44.224649] span: 0 (max cpu_capacity = 1024)
[   44.224753] IRQ17 no longer affine to CPU3
[   44.234634] CPU3: shutdown
[   44.255526] Entering suspend state LP1
[   44.255526] Suspended for 2.669 seconds
[   44.255541] Enabling non-boot CPUs ...
[   44.285833] span: 0-1 (max cpu_capacity = 1024)
[   44.285902] CPU1 is up
[   44.325923] span: 0-2 (max cpu_capacity = 1024)
[   44.325985] CPU2 is up
[   44.366169] span: 0-3 (max cpu_capacity = 1024)
[   44.366245] CPU3 is up
[   44.366749] PM: noirq resume of devices complete after 0.499 msecs
[   44.368262] PM: early resume of devices complete after 1.020 msecs
[   44.409167] mmc1: Switching to 3.3V signalling voltage failed
[   44.594979] usb 1-1: reset high-speed USB device number 4 using tegra-xusb
[   44.664665] tegra-sor 54540000.sor: failed to attach SOR: -110
[   44.916836] PM: resume of devices complete after 548.563 msecs
[   45.065045] Restarting tasks ... done.
root@(none):/# 
root@(none):/# rtcwake -d rtc1 -m mem -s 3
rtcwake: assuming RTC uses UTC ...
rtcwake: wakeup from "mem" using /dev/rtc1 at Thu Jan  1 00:01:22 1970
[   46.063571] PM: Syncing filesystems ... done.
[   46.073007] Freezing user space processes ... (elapsed 0.001 seconds) done.
[   46.081099] Freezing remaining freezable tasks ... (elapsed 0.001 seconds) done.
[   46.089851] Suspending console(s) (use no_console_suspend to debug)
[   46.096899] asix 1-3:1.0 eth0: Failed to read reg index 0x0000: -19
[   46.096904] asix 1-3:1.0 eth0: Error reading Medium Status register: ffffffed
[   46.096910] asix 1-3:1.0 eth0: Failed to write reg index 0x0000: -19
[   46.096914] asix 1-3:1.0 eth0: Failed to write Medium Mode mode to 0xfeed: ffffffed
[   46.316038] PM: suspend of devices complete after 219.332 msecs
[   46.317592] PM: late suspend of devices complete after 1.544 msecs
[   46.318449] PM: noirq suspend of devices complete after 0.852 msecs
[   46.318451] Disabling non-boot CPUs ...
[   46.374638] span: 0,2-3 (max cpu_capacity = 1024)
[   46.374945] CPU1: shutdown
[   46.464637] span: 0,3 (max cpu_capacity = 1024)
[   46.464951] CPU2: shutdown
[   46.544630] span: 0 (max cpu_capacity = 1024)
[   46.544734] IRQ17 no longer affine to CPU3
[   46.554613] CPU3: shutdown
[   46.575537] Entering suspend state LP1
[   46.575537] Suspended for 2.679 seconds
[   46.575552] Enabling non-boot CPUs ...
[   46.605803] span: 0-1 (max cpu_capacity = 1024)
[   46.605871] CPU1 is up
[   46.645906] span: 0-2 (max cpu_capacity = 1024)
[   46.645967] CPU2 is up
[   46.686140] span: 0-3 (max cpu_capacity = 1024)
[   46.686202] CPU3 is up
[   46.686706] PM: noirq resume of devices complete after 0.499 msecs
[   46.688419] PM: early resume of devices complete after 1.204 msecs
[   46.729318] mmc1: Switching to 3.3V signalling voltage failed
[   46.984643] tegra-sor 54540000.sor: failed to attach SOR: -110
[   47.237483] PM: resume of devices complete after 549.054 msecs
[   47.378049] Restarting tasks ... done.
root@(none):/# 
root@(none):/# rtcwake -d rtc1 -m mem -s 3
rtcwake: assuming RTC uses UTC ...
rtcwake: wakeup from "mem" using /dev/rtc1 at Thu Jan  1 00:01:27 1970
[   48.383537] PM: Syncing filesystems ... done.
[   48.392963] Freezing user space processes ... (elapsed 0.001 seconds) done.
[   48.401057] Freezing remaining freezable tasks ... (elapsed 0.001 seconds) done.
[   48.409694] Suspending console(s) (use no_console_suspend to debug)
[   48.416743] asix 1-3:1.0 eth0: Failed to read reg index 0x0000: -19
[   48.416746] asix 1-3:1.0 eth0: Error reading Medium Status register: ffffffed
[   48.416749] asix 1-3:1.0 eth0: Failed to write reg index 0x0000: -19
[   48.416753] asix 1-3:1.0 eth0: Failed to write Medium Mode mode to 0xfeed: ffffffed
[   48.635925] PM: suspend of devices complete after 219.376 msecs
[   48.636830] PM: late suspend of devices complete after 0.900 msecs
[   48.637648] PM: noirq suspend of devices complete after 0.815 msecs
[   48.637650] Disabling non-boot CPUs ...
[   48.694605] span: 0,2-3 (max cpu_capacity = 1024)
[   48.694748] IRQ17 no longer affine to CPU1
[   48.694916] CPU1: shutdown
[   48.784608] span: 0,3 (max cpu_capacity = 1024)
[   48.784919] CPU2: shutdown
[   48.874598] span: 0 (max cpu_capacity = 1024)
[   48.884582] CPU3: shutdown
[   48.905489] Entering suspend state LP1
[   48.905489] Suspended for 2.669 seconds
[   48.905504] Enabling non-boot CPUs ...
[   48.935768] span: 0-1 (max cpu_capacity = 1024)
[   48.935836] CPU1 is up
[   48.965869] span: 0-2 (max cpu_capacity = 1024)
[   48.965937] CPU2 is up
[   49.006114] span: 0-3 (max cpu_capacity = 1024)
[   49.006177] CPU3 is up
[   49.006697] PM: noirq resume of devices complete after 0.516 msecs
[   49.008314] PM: early resume of devices complete after 1.106 msecs
[   49.049937] mmc1: Switching to 3.3V signalling voltage failed
[   49.304584] tegra-sor 54540000.sor: failed to attach SOR: -110
[   49.556878] PM: resume of devices complete after 548.553 msecs
[   49.694583] Restarting tasks ... done.
root@(none):/# 
root@(none):/# rtcwake -d rtc1 -m mem -s 3
rtcwake: assuming RTC uses UTC ...
rtcwake: wakeup from "mem" using /dev/rtc1 at Thu Jan  1 00:01:32 1970
[   50.713509] PM: Syncing filesystems ... done.
[   50.722910] Freezing user space processes ... (elapsed 0.001 seconds) done.
[   50.731005] Freezing remaining freezable tasks ... (elapsed 0.001 seconds) done.
[   50.739638] Suspending console(s) (use no_console_suspend to debug)
[   50.746624] asix 1-3:1.0 eth0: Failed to read reg index 0x0000: -19
[   50.746627] asix 1-3:1.0 eth0: Error reading Medium Status register: ffffffed
[   50.746631] asix 1-3:1.0 eth0: Failed to write reg index 0x0000: -19
[   50.746634] asix 1-3:1.0 eth0: Failed to write Medium Mode mode to 0xfeed: ffffffed
[   50.955974] PM: suspend of devices complete after 209.477 msecs
[   50.957181] PM: late suspend of devices complete after 1.196 msecs
[   50.958002] PM: noirq suspend of devices complete after 0.816 msecs
[   50.958004] Disabling non-boot CPUs ...
[   51.014574] span: 0,2-3 (max cpu_capacity = 1024)
[   51.014886] CPU1: shutdown
[   51.094577] span: 0,3 (max cpu_capacity = 1024)
[   51.094886] CPU2: shutdown
[   51.194567] span: 0 (max cpu_capacity = 1024)
[   51.194672] IRQ17 no longer affine to CPU3
[   51.204551] CPU3: shutdown
[   51.245466] Entering suspend state LP1
[   51.245466] Suspended for 2.659 seconds
[   51.245481] Enabling non-boot CPUs ...
[   51.275746] span: 0-1 (max cpu_capacity = 1024)
[   51.275818] CPU1 is up
[   51.315841] span: 0-2 (max cpu_capacity = 1024)
[   51.315903] CPU2 is up
[   51.356084] span: 0-3 (max cpu_capacity = 1024)
[   51.356159] CPU3 is up
[   51.356665] PM: noirq resume of devices complete after 0.501 msecs
[   51.358328] PM: early resume of devices complete after 1.151 msecs
[   51.399114] mmc1: Switching to 3.3V signalling voltage failed
[   51.584895] usb 1-1: reset high-speed USB device number 4 using tegra-xusb
[   51.654614] tegra-sor 54540000.sor: failed to attach SOR: -110
[   51.907299] PM: resume of devices complete after 548.961 msecs
[   52.054957] Restarting tasks ... done.
root@(none):/# 
root@(none):/# rtcwake -d rtc1 -m mem -s 3
rtcwake: assuming RTC uses UTC ...
rtcwake: wakeup from "mem" using /dev/rtc1 at Thu Jan  1 00:01:37 1970
[   53.053530] PM: Syncing filesystems ... done.
[   53.062952] Freezing user space processes ... (elapsed 0.001 seconds) done.
[   53.071046] Freezing remaining freezable tasks ... (elapsed 0.001 seconds) done.
[   53.079683] Suspending console(s) (use no_console_suspend to debug)
[   53.086715] asix 1-3:1.0 eth0: Failed to read reg index 0x0000: -19
[   53.086719] asix 1-3:1.0 eth0: Error reading Medium Status register: ffffffed
[   53.086723] asix 1-3:1.0 eth0: Failed to write reg index 0x0000: -19
[   53.086726] asix 1-3:1.0 eth0: Failed to write Medium Mode mode to 0xfeed: ffffffed
[   53.305890] PM: suspend of devices complete after 219.354 msecs
[   53.306789] PM: late suspend of devices complete after 0.894 msecs
[   53.307618] PM: noirq suspend of devices complete after 0.825 msecs
[   53.307620] Disabling non-boot CPUs ...
[   53.364554] span: 0,2-3 (max cpu_capacity = 1024)
[   53.364704] IRQ17 no longer affine to CPU1
[   53.364872] CPU1: shutdown
[   53.444556] span: 0,3 (max cpu_capacity = 1024)
[   53.444869] CPU2: shutdown
[   53.544545] span: 0 (max cpu_capacity = 1024)
[   53.554529] CPU3: shutdown
[   53.595431] Entering suspend state LP1
[   53.595431] Suspended for 2.649 seconds
[   53.595447] Enabling non-boot CPUs ...
[   53.625723] span: 0-1 (max cpu_capacity = 1024)
[   53.625793] CPU1 is up
[   53.665811] span: 0-2 (max cpu_capacity = 1024)
[   53.665873] CPU2 is up
[   53.706057] span: 0-3 (max cpu_capacity = 1024)
[   53.706124] CPU3 is up
[   53.706639] PM: noirq resume of devices complete after 0.510 msecs
[   53.708364] PM: early resume of devices complete after 1.231 msecs
[   53.749336] mmc1: Switching to 3.3V signalling voltage failed
[   53.934860] usb 1-1: reset high-speed USB device number 4 using tegra-xusb
[   54.004481] tegra-sor 54540000.sor: failed to attach SOR: -110
[   54.257068] PM: resume of devices complete after 548.693 msecs
[   54.404856] Restarting tasks ... done.
root@(none):/# 
root@(none):/# NVTB SYSTEM SUSPEND TEST COMPLETE
