
U-Boot SPL 2014.07-00097-g772e173 (Jul 25 2014 - 20:02:52)


U-Boot 2014.07-00097-g772e173 (Jul 25 2014 - 20:02:52)

TEGRA124
Board: NVIDIA Jetson TK1
I2C:   ready
DRAM:  2 GiB
MMC:   Tegra SD/MMC: 0, Tegra SD/MMC: 1
In:    serial
Out:   serial
Err:   serial
Net:   Net Initialization Skipped
No ethernet found.
Hit any key to stop autoboot:  2  0 
Tegra124 (Jetson TK1) # 
Tegra124 (Jetson TK1) # usb reset
(Re)start USB...
USB0:   USB EHCI 1.10
scanning bus 0 for devices... 1 USB Device(s) found
USB1:   USB EHCI 1.10
scanning bus 1 for devices... 2 USB Device(s) found
       scanning usb for storage devices... 0 Storage Device(s) found
       scanning usb for ethernet devices... 
Warning: asx0 using MAC address from net device
1 Ethernet Device(s) found
Tegra124 (Jetson TK1) # setenv bootargs 'ignore_loglevel console=ttyS0,115200n8 rw root=/dev/mmcblk0p1 rootwait gpt debug init=/bin/bash noinitrd'
Tegra124 (Jetson TK1) # setenv ipaddr 192.168.100.102; setenv serverip 192.168.100.1; setenv tftpserverip 192.168.100.1
Tegra124 (Jetson TK1) # tftpboot 0x81000000 zImage.multi_v7_defconfig
Using asx0 device
TFTP from server 192.168.100.1; our IP address is 192.168.100.102
Filename 'zImage.multi_v7_defconfig'.
Load address: 0x81000000
Loading: *#################################################################
	 #################################################################
	 #################################################################
	 #################################################################
	 #################################################################
	 #################################################################
	 ############################
	 3 MiB/s
done
Bytes transferred = 6122240 (5d6b00 hex)
Tegra124 (Jetson TK1) # tftpboot 0x82000000 tegra124-jetson-tk1.dtb
Using asx0 device
TFTP from server 192.168.100.1; our IP address is 192.168.100.102
Filename 'tegra124-jetson-tk1.dtb'.
Load address: 0x82000000
Loading: *####
	 3.1 MiB/s
done
Bytes transferred = 49059 (bfa3 hex)
Tegra124 (Jetson TK1) # bootz 0x81000000 - 0x82000000
Kernel image @ 0x81000000 [ 0x000000 - 0x5d6b00 ]
## Flattened Device Tree blob at 82000000
   Booting using the fdt blob at 0x82000000
   Using Device Tree in place at 82000000, end 8200efa2

Starting kernel ...

[    0.000000] Booting Linux on physical CPU 0x0
[    0.000000] Linux version 4.0.0-rc2-next-20150305-120608-gcbbf783 (pwalmsley@tamien) (gcc version 4.7.3 20130328 (prerelease) (crosstool-NG linaro-1.13.1-4.7-2013.04-20130415 - Linaro GCC 2013.04) ) #1 SMP Wed Mar 4 20:18:57 PST 2015
[    0.000000] CPU: ARMv7 Processor [413fc0f3] revision 3 (ARMv7), cr=10c5387d
[    0.000000] CPU: PIPT / VIPT nonaliasing data cache, PIPT instruction cache
[    0.000000] Machine model: NVIDIA Tegra124 Jetson TK1
[    0.000000] debug: ignoring loglevel setting.
[    0.000000] cma: Reserved 64 MiB at 0xfb800000
[    0.000000] Memory policy: Data cache writealloc
[    0.000000] On node 0 totalpages: 524032
[    0.000000] free_area_init_node: node 0, pgdat c0ee4340, node_mem_map ee7f8000
[    0.000000]   DMA zone: 1520 pages used for memmap
[    0.000000]   DMA zone: 0 pages reserved
[    0.000000]   DMA zone: 194560 pages, LIFO batch:31
[    0.000000]   HighMem zone: 329472 pages, LIFO batch:31
[    0.000000] PERCPU: Embedded 11 pages/cpu @ee79a000 s12608 r8192 d24256 u45056
[    0.000000] pcpu-alloc: s12608 r8192 d24256 u45056 alloc=11*4096
[    0.000000] pcpu-alloc: [0] 0 [0] 1 [0] 2 [0] 3 
[    0.000000] Built 1 zonelists in Zone order, mobility grouping on.  Total pages: 522512
[    0.000000] Kernel command line: ignore_loglevel console=ttyS0,115200n8 rw root=/dev/mmcblk0p1 rootwait gpt debug init=/bin/bash noinitrd
[    0.000000] PID hash table entries: 4096 (order: 2, 16384 bytes)
[    0.000000] Dentry cache hash table entries: 131072 (order: 7, 524288 bytes)
[    0.000000] Inode-cache hash table entries: 65536 (order: 6, 262144 bytes)
[    0.000000] Memory: 1999468K/2096128K available (7859K kernel code, 1056K rwdata, 3456K rodata, 800K init, 314K bss, 31124K reserved, 65536K cma-reserved, 1252352K highmem)
[    0.000000] Virtual kernel memory layout:
[    0.000000]     vector  : 0xffff0000 - 0xffff1000   (   4 kB)
[    0.000000]     fixmap  : 0xffc00000 - 0xfff00000   (3072 kB)
[    0.000000]     vmalloc : 0xf0000000 - 0xff000000   ( 240 MB)
[    0.000000]     lowmem  : 0xc0000000 - 0xef800000   ( 760 MB)
[    0.000000]     pkmap   : 0xbfe00000 - 0xc0000000   (   2 MB)
[    0.000000]     modules : 0xbf000000 - 0xbfe00000   (  14 MB)
[    0.000000]       .text : 0xc0208000 - 0xc0d15eec   (11320 kB)
[    0.000000]       .init : 0xc0d16000 - 0xc0dde000   ( 800 kB)
[    0.000000]       .data : 0xc0dde000 - 0xc0ee62c0   (1057 kB)
[    0.000000]        .bss : 0xc0ee62c0 - 0xc0f34e68   ( 315 kB)
[    0.000000] SLUB: HWalign=64, Order=0-3, MinObjects=0, CPUs=4, Nodes=1
[    0.000000] Hierarchical RCU implementation.
[    0.000000] 	Additional per-CPU info printed with stalls.
[    0.000000] 	RCU restricting CPUs from NR_CPUS=8 to nr_cpu_ids=4.
[    0.000000] RCU: Adjusting geometry for rcu_fanout_leaf=16, nr_cpu_ids=4
[    0.000000] NR_IRQS:16 nr_irqs:16 16
[    0.000000] L2C: failed to init: -19
[    0.000008] sched_clock: 32 bits at 1000kHz, resolution 1000ns, wraps every 2147483648000ns
[    0.000028] Switching to timer-based delay loop, resolution 1000ns
[    0.003749] Architected cp15 timer(s) running at 12.00MHz (virt).
[    0.003772] sched_clock: 56 bits at 12MHz, resolution 83ns, wraps every 2863311536128ns
[    0.003785] Switching to timer-based delay loop, resolution 83ns
[    0.004171] Console: colour dummy device 80x30
[    0.004195] Calibrating delay loop (skipped), value calculated using timer frequency.. 24.00 BogoMIPS (lpj=60000)
[    0.004209] pid_max: default: 32768 minimum: 301
[    0.004320] Mount-cache hash table entries: 2048 (order: 1, 8192 bytes)
[    0.004331] Mountpoint-cache hash table entries: 2048 (order: 1, 8192 bytes)
[    0.004916] CPU: Testing write buffer coherency: ok
[    0.005116] /cpus/cpu@0 missing clock-frequency property
[    0.005149] /cpus/cpu@1 missing clock-frequency property
[    0.005181] /cpus/cpu@2 missing clock-frequency property
[    0.005216] /cpus/cpu@3 missing clock-frequency property
[    0.005228] CPU0: thread -1, cpu 0, socket 0, mpidr 80000000
[    0.005270] Setting up static identity map for 0x8096e760 - 0x8096e7f8
[    0.007886] Tegra Revision: A01 SKU: 129 CPU Process: 1 Core Process: 1
[    0.009022] CPU1: thread -1, cpu 1, socket 0, mpidr 80000001
[    0.009530] CPU2: thread -1, cpu 2, socket 0, mpidr 80000002
[    0.010030] CPU3: thread -1, cpu 3, socket 0, mpidr 80000003
[    0.010094] Brought up 4 CPUs
[    0.010115] SMP: Total of 4 processors activated (96.00 BogoMIPS).
[    0.010122] CPU: All CPU(s) started in SVC mode.
[    0.010627] devtmpfs: initialized
[    0.011530] VFP support v0.3: implementor 41 architecture 4 part 30 variant f rev 0
[    0.013654] pinctrl core: initialized pinctrl subsystem
[    0.030671] NET: Registered protocol family 16
[    0.032649] DMA: preallocated 256 KiB pool for atomic coherent allocations
[    0.048555] cpuidle: using governor ladder
[    0.063573] cpuidle: using governor menu
[    0.078711] No ATAGs?
[    0.078744] hw-breakpoint: found 5 (+1 reserved) breakpoint and 4 watchpoint registers.
[    0.078755] hw-breakpoint: maximum watchpoint size is 8 bytes.
[    0.082404] Serial: AMBA PL011 UART driver
[    0.112649] +5V_SYS: supplied by +VDD_MUX
[    0.112941] +3.3V_SYS: supplied by +VDD_MUX
[    0.113084] platform regulators:regulator@3: Driver reg-fixed-voltage requests probe deferral
[    0.113301] reg-fixed-voltage regulators:regulator@4: Failed to find supply vin
[    0.113428] reg-fixed-voltage regulators:regulator@4: Failed to register regulator: -517
[    0.113450] platform regulators:regulator@4: Driver reg-fixed-voltage requests probe deferral
[    0.113648] +USB0_VBUS_SW: Failed to request enable GPIO108: -517
[    0.113779] reg-fixed-voltage regulators:regulator@7: Failed to register regulator: -517
[    0.113800] platform regulators:regulator@7: Driver reg-fixed-voltage requests probe deferral
[    0.113996] +5V_USB_HS: Failed to request enable GPIO109: -517
[    0.114105] reg-fixed-voltage regulators:regulator@8: Failed to register regulator: -517
[    0.114125] platform regulators:regulator@8: Driver reg-fixed-voltage requests probe deferral
[    0.114208] platform regulators:regulator@10: Driver reg-fixed-voltage requests probe deferral
[    0.114401] +1.05V_RUN_AVDD_HDMI_PLL: Failed to request enable GPIO63: -517
[    0.114511] reg-fixed-voltage regulators:regulator@11: Failed to register regulator: -517
[    0.114531] platform regulators:regulator@11: Driver reg-fixed-voltage requests probe deferral
[    0.114726] +5V_HDMI_CON: Failed to request enable GPIO86: -517
[    0.114835] reg-fixed-voltage regulators:regulator@12: Failed to register regulator: -517
[    0.114855] platform regulators:regulator@12: Driver reg-fixed-voltage requests probe deferral
[    0.115048] +5V_SATA: Failed to request enable GPIO242: -517
[    0.115156] reg-fixed-voltage regulators:regulator@13: Failed to register regulator: -517
[    0.115176] platform regulators:regulator@13: Driver reg-fixed-voltage requests probe deferral
[    0.115369] +12V_SATA: Failed to request enable GPIO242: -517
[    0.115477] reg-fixed-voltage regulators:regulator@14: Failed to register regulator: -517
[    0.115497] platform regulators:regulator@14: Driver reg-fixed-voltage requests probe deferral
[    0.118159] vgaarb: loaded
[    0.118921] SCSI subsystem initialized
[    0.119099] libata version 3.00 loaded.
[    0.119423] usbcore: registered new interface driver usbfs
[    0.119497] usbcore: registered new interface driver hub
[    0.119570] usbcore: registered new device driver usb
[    0.122874] media: Linux media interface: v0.10
[    0.122940] Linux video capture interface: v2.00
[    0.122995] pps_core: LinuxPPS API ver. 1 registered
[    0.123004] pps_core: Software ver. 5.3.6 - Copyright 2005-2007 Rodolfo Giometti <giometti@linux.it>
[    0.123035] PTP clock support registered
[    0.123284] EDAC MC: Ver: 3.0.0
[    0.124427] Advanced Linux Sound Architecture Driver Initialized.
[    0.125515] Switched to clocksource arch_sys_counter
[    0.136940] NET: Registered protocol family 2
[    0.137521] TCP established hash table entries: 8192 (order: 3, 32768 bytes)
[    0.137610] TCP bind hash table entries: 8192 (order: 4, 65536 bytes)
[    0.137797] TCP: Hash tables configured (established 8192 bind 8192)
[    0.137847] UDP hash table entries: 512 (order: 2, 16384 bytes)
[    0.137889] UDP-Lite hash table entries: 512 (order: 2, 16384 bytes)
[    0.138062] NET: Registered protocol family 1
[    0.138292] RPC: Registered named UNIX socket transport module.
[    0.138301] RPC: Registered udp transport module.
[    0.138308] RPC: Registered tcp transport module.
[    0.138315] RPC: Registered tcp NFSv4.1 backchannel transport module.
[    0.138338] PCI: CLS 0 bytes, default 64
[    0.140648] futex hash table entries: 1024 (order: 4, 65536 bytes)
[    0.152851] squashfs: version 4.0 (2009/01/31) Phillip Lougher
[    0.153870] NFS: Registering the id_resolver key type
[    0.153897] Key type id_resolver registered
[    0.153906] Key type id_legacy registered
[    0.153993] ntfs: driver 2.1.31 [Flags: R/O].
[    0.155197] bounce: pool size: 64 pages
[    0.155417] Block layer SCSI generic (bsg) driver version 0.4 loaded (major 248)
[    0.155432] io scheduler noop registered
[    0.155444] io scheduler deadline registered
[    0.155673] io scheduler cfq registered (default)
[    0.171704] tegra-pcie 1003000.pcie-controller: 2x1, 1x1 configuration
[    0.171755] tegra-pcie 1003000.pcie-controller: Failed to get supply 'avddio-pex': -517
[    0.171789] platform 1003000.pcie-controller: Driver tegra-pcie requests probe deferral
[    0.178151] tegra-apbdma 60020000.dma: Tegra20 APB DMA driver register 32 channels
[    0.178838] tegra-pmc 7000e400.pmc: emergency thermal reset enabled
[    0.243044] Serial: 8250/16550 driver, 4 ports, IRQ sharing disabled
[    0.245282] SuperH (H)SCI(F) driver initialized
[    0.246018] msm_serial: driver initialized
[    0.246869] console [ttyS0] disabled
[    0.246902] 70006300.serial: ttyS0 at MMIO 0x70006300 (irq = 330, base_baud = 25500000) is a Tegra
[    1.140793] console [ttyS0] enabled
[    1.145080] STMicroelectronics ASC driver initialized
[    1.152285] [drm] Initialized drm 1.1.0 20060810
[    1.158640] tegra-hdmi 54280000.hdmi: failed to get HDMI regulator
[    1.164849] platform 54280000.hdmi: Driver tegra-hdmi requests probe deferral
[    1.178788] loop: module loaded
[    1.182270] at24 0-0056: 256 byte 24c02 EEPROM, writable, 8 bytes/write
[    1.190216] as3722 4-0040: AS3722 with revision 0x1 found
[    1.201323] +1.35V_LP0(sd2): supplied by +5V_SYS
[    1.206496] +1.35V_LP0(sd3): supplied by +5V_SYS
[    1.211674] +1.05V_RUN: supplied by +5V_SYS
[    1.216287] +1.8V_VDDIO: supplied by +5V_SYS
[    1.222373] +1.05V_RUN_AVDD: supplied by +1.35V_LP0(sd2)
[    1.228705] as3722-regulator as3722-regulator: Failed to find supply vin-ldo1-6
[    1.236143] as3722-regulator as3722-regulator: regulator 8 register failed -517
[    1.244779] platform as3722-regulator: Driver as3722-regulator requests probe deferral
[    1.254970] tegra-ahci 70027000.sata: Failed to get supply 'avdd': -517
[    1.261600] tegra-ahci 70027000.sata: Failed to get regulators
[    1.267469] platform 70027000.sata: Driver tegra-ahci requests probe deferral
[    1.278865] m25p80 spi32765.0: w25q32dw (4096 Kbytes)
[    1.287181] CAN device driver interface
[    1.292168] igb: Intel(R) Gigabit Ethernet Network Driver - version 5.2.15-k
[    1.299218] igb: Copyright (c) 2007-2014 Intel Corporation.
[    1.306881] pegasus: v0.9.3 (2013/04/25), Pegasus/Pegasus II USB Ethernet driver
[    1.314333] usbcore: registered new interface driver pegasus
[    1.320062] usbcore: registered new interface driver asix
[    1.325524] usbcore: registered new interface driver ax88179_178a
[    1.331667] usbcore: registered new interface driver cdc_ether
[    1.337578] usbcore: registered new interface driver smsc75xx
[    1.343396] usbcore: registered new interface driver smsc95xx
[    1.349193] usbcore: registered new interface driver net1080
[    1.354905] usbcore: registered new interface driver cdc_subset
[    1.360875] usbcore: registered new interface driver zaurus
[    1.366535] usbcore: registered new interface driver cdc_ncm
[    1.373305] ehci_hcd: USB 2.0 'Enhanced' Host Controller (EHCI) Driver
[    1.379838] ehci-pci: EHCI PCI platform driver
[    1.384337] ehci-platform: EHCI generic platform driver
[    1.389769] ehci-omap: OMAP-EHCI Host Controller driver
[    1.395135] ehci-orion: EHCI orion driver
[    1.399287] SPEAr-ehci: EHCI SPEAr driver
[    1.403444] ehci-st: EHCI STMicroelectronics driver
[    1.408470] ehci-exynos: EHCI EXYNOS driver
[    1.412818] tegra-ehci: Tegra EHCI driver
[    1.417105] platform 7d004000.usb: Driver tegra-ehci requests probe deferral
[    1.424276] platform 7d008000.usb: Driver tegra-ehci requests probe deferral
[    1.431403] ohci_hcd: USB 1.1 'Open' Host Controller (OHCI) Driver
[    1.437600] ohci-pci: OHCI PCI platform driver
[    1.442101] ohci-platform: OHCI generic platform driver
[    1.447491] ohci-omap3: OHCI OMAP3 driver
[    1.451644] SPEAr-ohci: OHCI SPEAr driver
[    1.455800] ohci-st: OHCI STMicroelectronics driver
[    1.460896] usbcore: registered new interface driver usb-storage
[    1.467103] tegra-phy 7d004000.usb-phy: no vbus regulator
[    1.472775] platform 7d008000.usb-phy: Driver tegra-phy requests probe deferral
[    1.481816] mousedev: PS/2 mouse device common for all mice
[    1.491087] as3722-rtc as3722-rtc: rtc core: registered as3722-rtc as rtc0
[    1.497979] as3722-rtc as3722-rtc: RTC interrupt 364
[    1.506191] tegra_rtc 7000e000.rtc: rtc core: registered 7000e000.rtc as rtc1
[    1.513373] tegra_rtc 7000e000.rtc: Tegra internal Real Time Clock
[    1.520128] i2c /dev entries driver
[    1.526500] usbcore: registered new interface driver uvcvideo
[    1.532251] USB Video Class driver (1.1.1)
[    1.536361] gspca_main: v2.14.0 registered
[    1.541818] 0-004c supply vcc not found, using dummy regulator
[    1.552412] Driver 'mmcblk' needs updating - please use bus_type methods
[    1.559202] sdhci: Secure Digital Host Controller Interface driver
[    1.565384] sdhci: Copyright(c) Pierre Ossman
[    1.570995] Synopsys Designware Multimedia Card Interface Driver
[    1.578100] sdhci-pltfm: SDHCI platform and OF driver helper
[    1.584435] sdhci-tegra 700b0400.sdhci: Got CD GPIO
[    1.589338] sdhci-tegra 700b0400.sdhci: Got WP GPIO
[    1.594260] mmc0: Unknown controller version (3). You may experience problems.
[    1.601580] sdhci-tegra 700b0400.sdhci: No vmmc regulator found
[    1.607541] platform 700b0400.sdhci: Driver sdhci-tegra requests probe deferral
[    1.614974] mmc0: Unknown controller version (3). You may experience problems.
[    1.622244] sdhci-tegra 700b0600.sdhci: No vmmc regulator found
[    1.628171] sdhci-tegra 700b0600.sdhci: No vqmmc regulator found
[    1.634181] mmc0: Invalid maximum block size, assuming 512 bytes
[    1.675539] mmc0: SDHCI controller on 700b0600.sdhci [700b0600.sdhci] using ADMA 64-bit
[    1.684677] ledtrig-cpu: registered to indicate activity on CPUs
[    1.690922] usbcore: registered new interface driver usbhid
[    1.696510] usbhid: USB HID core driver
[    1.704788] usbcore: registered new interface driver snd-usb-audio
[    1.739501] mmc0: MAN_BKOPS_EN bit is not set
[    1.747094] mmc0: new high speed MMC card at address 0001
[    1.752843] mmcblk0: mmc0:0001 SEM16G 14.6 GiB 
[    1.757492] mmcblk0boot0: mmc0:0001 SEM16G partition 1 4.00 MiB
[    1.763522] mmcblk0boot1: mmc0:0001 SEM16G partition 2 4.00 MiB
[    1.769543] mmcblk0rpmb: mmc0:0001 SEM16G partition 3 4.00 MiB
[    1.777365] Primary GPT is invalid, using alternate GPT.
[    1.782719]  mmcblk0: p1 p2 p3 p4 p5 p6 p7 p8 p9
[    2.128467] tegra30-i2s 70301100.i2s: DMA channels sourced from device 70300000.ahub
[    2.144911] tegra-snd-rt5640 sound: rt5640-aif1 <-> 70301100.i2s mapping ok
[    2.154803] input: NVIDIA Tegra Jetson TK1 Headphones as /devices/soc0/sound/sound/card0/input0
[    2.164878] NET: Registered protocol family 17
[    2.169350] can: controller area network core (rev 20120528 abi 9)
[    2.175603] NET: Registered protocol family 29
[    2.180049] can: raw protocol (rev 20120528)
[    2.184332] can: broadcast manager protocol (rev 20120528 t)
[    2.190005] can: netlink gateway (rev 20130117) max_hops=1
[    2.195878] Key type dns_resolver registered
[    2.200754] ThumbEE CPU extension supported.
[    2.205031] Registering SWP/SWPB emulation handler
[    2.212906] +3.3V_RUN: supplied by +3.3V_SYS
[    2.217744] +3.3V_AVDD_HDMI_AP_GATED: supplied by +3.3V_RUN
[    2.223898] +USB0_VBUS_SW: supplied by +5V_SYS
[    2.228918] +5V_USB_HS: supplied by +5V_SYS
[    2.236005] +3.3V_LP0: supplied by +3.3V_SYS
[    2.240903] reg-fixed-voltage regulators:regulator@11: Failed to find supply vin
[    2.248479] reg-fixed-voltage regulators:regulator@11: Failed to register regulator: -517
[    2.256703] platform regulators:regulator@11: Driver reg-fixed-voltage requests probe deferral
[    2.266618] +5V_HDMI_CON: supplied by +5V_SYS
[    2.271549] +5V_SATA: supplied by +5V_SYS
[    2.276145] +12V_SATA: supplied by +VDD_MUX
[    2.281063] tegra-pcie 1003000.pcie-controller: 2x1, 1x1 configuration
[    2.287683] tegra-pcie 1003000.pcie-controller: Failed to get supply 'avddio-pex': -517
[    2.295739] platform 1003000.pcie-controller: Driver tegra-pcie requests probe deferral
[    2.304989] tegra-hdmi 54280000.hdmi: failed to get PLL regulator
[    2.311192] platform 54280000.hdmi: Driver tegra-hdmi requests probe deferral
[    2.323393] +1.35V_LP0(sd2): supplied by +5V_SYS
[    2.328367] +1.35V_LP0(sd3): supplied by +5V_SYS
[    2.333336] +1.05V_RUN: supplied by +5V_SYS
[    2.337851] +1.8V_VDDIO: supplied by +5V_SYS
[    2.343883] +1.05V_RUN_AVDD: supplied by +1.35V_LP0(sd2)
[    2.350279] +1.8V_RUN_CAM: supplied by +3.3V_RUN
[    2.356658] +1.2V_GEN_AVDD: supplied by +1.8V_VDDIO
[    2.363410] +1.05V_LP0_VDD_RTC: supplied by +3.3V_SYS
[    2.369909] +2.8V_RUN_CAM: supplied by +3.3V_SYS
[    2.375595] +1.2V_RUN_CAM_FRONT: supplied by +1.8V_VDDIO
[    2.381728] +VDDIO_SDMMC3: supplied by +3.3V_RUN
[    2.387384] +1.05V_RUN_CAM_REAR: supplied by +1.8V_VDDIO
[    2.394104] +3.3V_RUN_TOUCH: supplied by +5V_SYS
[    2.400183] +2.8V_RUN_CAM_AF: supplied by +5V_SYS
[    2.406368] +1.8V_RUN_VPP_FUSE: supplied by +3.3V_RUN
[    2.413966] tegra-ahci 70027000.sata: AHCI 0001.0301 32 slots 2 ports 3 Gbps 0x1 impl platform mode
[    2.423034] tegra-ahci 70027000.sata: flags: 64bit ncq sntf pm led pio slum part sadm sds apst 
[    2.433910] scsi host0: tegra-ahci
[    2.438536] scsi host1: tegra-ahci
[    2.442298] ata1: SATA max UDMA/133 mmio [mem 0x70027000-0x70028fff] port 0x100 irq 340
[    2.450305] ata2: DUMMY
[    2.456567] tegra-ehci 7d004000.usb: EHCI Host Controller
[    2.462023] tegra-ehci 7d004000.usb: new USB bus registered, assigned bus number 1
[    2.469796] tegra-ehci 7d004000.usb: irq 345, io mem 0x7d004000
[    2.485543] tegra-ehci 7d004000.usb: USB 2.0 started, EHCI 1.10
[    2.492376] hub 1-0:1.0: USB hub found
[    2.496230] hub 1-0:1.0: 1 port detected
[    2.501587] platform 7d008000.usb: Driver tegra-ehci requests probe deferral
[    2.510638] sdhci-tegra 700b0400.sdhci: Got CD GPIO
[    2.515576] sdhci-tegra 700b0400.sdhci: Got WP GPIO
[    2.520492] mmc1: Unknown controller version (3). You may experience problems.
[    2.527932] sdhci-tegra 700b0400.sdhci: No vmmc regulator found
[    2.533916] mmc1: Invalid maximum block size, assuming 512 bytes
[    2.576076] mmc1: SDHCI controller on 700b0400.sdhci [700b0400.sdhci] using ADMA 64-bit
[    2.584742] +1.05V_RUN_AVDD_HDMI_PLL: supplied by +1.05V_RUN
[    2.591089] tegra-pcie 1003000.pcie-controller: 2x1, 1x1 configuration
[    2.598951] tegra-pcie 1003000.pcie-controller: probing port 0, using 2 lanes
[    2.608138] tegra-pcie 1003000.pcie-controller: Slot present pin change, signature: 00000008
[    2.775654] ata1: SATA link down (SStatus 0 SControl 300)
[    3.041545] tegra-pcie 1003000.pcie-controller: link 0 down, retrying
[    3.477092] tegra-pcie 1003000.pcie-controller: link 0 down, retrying
[    3.911767] tegra-pcie 1003000.pcie-controller: link 0 down, retrying
[    3.920394] tegra-pcie 1003000.pcie-controller: link 0 down, ignoring
[    3.926899] tegra-pcie 1003000.pcie-controller: probing port 1, using 1 lanes
[    3.936401] tegra-pcie 1003000.pcie-controller: Slot present pin change, signature: 00000000
[    4.369288] tegra-pcie 1003000.pcie-controller: link 1 down, retrying
[    4.804651] tegra-pcie 1003000.pcie-controller: link 1 down, retrying
[    5.240183] tegra-pcie 1003000.pcie-controller: link 1 down, retrying
[    5.248809] tegra-pcie 1003000.pcie-controller: link 1 down, ignoring
[    5.255533] tegra-pcie 1003000.pcie-controller: PCI host bridge to bus 0000:00
[    5.262761] pci_bus 0000:00: root bus resource [mem 0x13000000-0x1fffffff]
[    5.269640] pci_bus 0000:00: root bus resource [mem 0x20000000-0x3fffffff pref]
[    5.276953] pci_bus 0000:00: root bus resource [bus 00-ff]
[    5.282443] pci_bus 0000:00: root bus resource [io  0x1000-0xffff]
[    5.288651] PCI: bus0: Fast back to back transfers enabled
[    5.296648] [drm] Supports vblank timestamp caching Rev 2 (21.10.2013).
[    5.303296] [drm] No driver support for vblank timestamp query.
[    5.309278] drm drm: No connectors reported connected with modes
[    5.315326] [drm] Cannot find any crtc or sizes - going 1024x768
[    5.336135] Console: switching to colour frame buffer device 128x48
[    5.349756] drm drm: fb0:  frame buffer device
[    5.354235] drm drm: registered panic notifier
[    5.375667] [drm] Initialized tegra 0.0.0 20120330 on minor 0
[    5.382573] tegra-ehci 7d008000.usb: EHCI Host Controller
[    5.388040] tegra-ehci 7d008000.usb: new USB bus registered, assigned bus number 2
[    5.395866] tegra-ehci 7d008000.usb: irq 346, io mem 0x7d008000
[    5.410671] tegra-ehci 7d008000.usb: USB 2.0 started, EHCI 1.10
[    5.417493] hub 2-0:1.0: USB hub found
[    5.421311] hub 2-0:1.0: 1 port detected
[    5.426742] input: gpio-keys as /devices/soc0/gpio-keys/input/input1
[    5.434109] as3722-rtc as3722-rtc: setting system clock to 2000-02-01 00:00:20 UTC (949363220)
[    5.454034] +1.8V_RUN_VPP_FUSE: disabling
[    5.458488] +2.8V_RUN_CAM_AF: disabling
[    5.462696] +3.3V_RUN_TOUCH: disabling
[    5.466816] +1.05V_RUN_CAM_REAR: disabling
[    5.471281] +1.2V_RUN_CAM_FRONT: disabling
[    5.475726] +2.8V_RUN_CAM: disabling
[    5.479427] +1.8V_RUN_CAM: disabling
[    5.483354] +USB0_VBUS_SW: disabling
[    5.487284] ALSA device list:
[    5.490248]   #0: NVIDIA Tegra Jetson TK1
[    5.495555] EXT4-fs (mmcblk0p1): couldn't mount as ext3 due to feature incompatibilities
[    5.504378] EXT4-fs (mmcblk0p1): couldn't mount as ext2 due to feature incompatibilities
[    5.519207] EXT4-fs (mmcblk0p1): recovery complete
[    5.524053] EXT4-fs (mmcblk0p1): mounted filesystem with ordered data mode. Opts: (null)
[    5.532231] VFS: Mounted root (ext4 filesystem) on device 179:1.
[    5.542832] devtmpfs: mounted
[    5.546471] Freeing unused kernel memory: 800K (c0d16000 - c0dde000)
bash: cannot set terminal process group (-1): Inappropriate ioctl for device
bash: no job control in this shell
root@(none):/# [    5.730731] usb 2-1: new high-speed USB device number 2 using tegra-ehci
