
U-Boot SPL 2016.05-rc2 (Apr 21 2016 - 16:23:00)
Trying to boot from RAM


U-Boot 2016.05-rc2 (Apr 21 2016 - 16:23:00 -0700)

TEGRA124
Model: NVIDIA Jetson TK1
Board: NVIDIA Jetson TK1
DRAM:  2 GiB
MC:   Tegra SD/MMC: 0, Tegra SD/MMC: 1
In:    serial
Out:   serial
Err:   serial
Net:   No ethernet found.
Hit any key to stop autoboot:  2  0 
Tegra124 (Jetson TK1) # 
Tegra124 (Jetson TK1) # pci enum
Tegra124 (Jetson TK1) # setenv bootargs 'ignore_loglevel console=ttyS0,115200n8 rw root=PARTUUID=b1791faa-84e8-4e27-83a1-9fb0a77e8803 rootwait gpt debug noinitrd earlyprintk init=/bin/bash'
Tegra124 (Jetson TK1) # setenv ipaddr 192.168.100.102; setenv serverip 192.168.100.1; setenv tftpserverip 192.168.100.1
Tegra124 (Jetson TK1) # tftpboot 0x82000000 zImage.tegra_defconfig

Warning: eth_rtl8169 using MAC address from ROM
Using eth_rtl8169 device
TFTP from server 192.168.100.1; our IP address is 192.168.100.102
Filename 'zImage.tegra_defconfig'.
Load address: 0x82000000
Loading: *#################################################################
	 #################################################################
	 #################################################################
	 #################################################################
	 #################################################################
	 #################################################################
	 #################################
	 4 MiB/s
done
Bytes transferred = 6207944 (5eb9c8 hex)
Tegra124 (Jetson TK1) # tftpboot 0x83000000 tegra124-jetson-tk1.dtb
Using eth_rtl8169 device
TFTP from server 192.168.100.1; our IP address is 192.168.100.102
Filename 'tegra124-jetson-tk1.dtb'.
Load address: 0x83000000
Loading: *#####
	 3.7 MiB/s
done
Bytes transferred = 66544 (103f0 hex)
Tegra124 (Jetson TK1) # bootz 0x82000000 - 0x83000000
Kernel image @ 0x82000000 [ 0x000000 - 0x5eb9c8 ]
## Flattened Device Tree blob at 83000000
   Booting using the fdt blob at 0x83000000
   Using Device Tree in place at 83000000, end 830133ef

Starting kernel ...

[    0.000000] Booting Linux on physical CPU 0x0
[    0.000000] Linux version 4.15.0-rc6-next-20180108-23751-g895c0dd (jonathanh@kaivo) (gcc version 4.7.3 20130328 (prerelease) (crosstool-NG linaro-1.13.1-4.7-2013.04-20130415 - Linaro GCC 2013.04)) #1 SMP PREEMPT Sun Jan 7 21:32:00 PST 2018
[    0.000000] CPU: ARMv7 Processor [413fc0f3] revision 3 (ARMv7), cr=10c5387d
[    0.000000] CPU: div instructions available: patching division code
[    0.000000] CPU: PIPT / VIPT nonaliasing data cache, PIPT instruction cache
[    0.000000] OF: fdt: Machine model: NVIDIA Tegra124 Jetson TK1
[    0.000000] debug: ignoring loglevel setting.
[    0.000000] bootconsole [earlycon0] enabled
[    0.000000] Memory policy: Data cache writealloc
[    0.000000] cma: Reserved 64 MiB at 0xfbc00000
[    0.000000] On node 0 totalpages: 524032
[    0.000000]   Normal zone: 1536 pages used for memmap
[    0.000000]   Normal zone: 0 pages reserved
[    0.000000]   Normal zone: 196608 pages, LIFO batch:31
[    0.000000]   HighMem zone: 327424 pages, LIFO batch:31
[    0.000000] random: fast init done
[    0.000000] percpu: Embedded 17 pages/cpu @(ptrval) s39104 r8192 d22336 u69632
[    0.000000] pcpu-alloc: s39104 r8192 d22336 u69632 alloc=17*4096
[    0.000000] pcpu-alloc: [0] 0 [0] 1 [0] 2 [0] 3 
[    0.000000] Built 1 zonelists, mobility grouping on.  Total pages: 522496
[    0.000000] Kernel command line: ignore_loglevel console=ttyS0,115200n8 rw root=PARTUUID=b1791faa-84e8-4e27-83a1-9fb0a77e8803 rootwait gpt debug noinitrd earlyprintk init=/bin/bash
[    0.000000] Dentry cache hash table entries: 131072 (order: 7, 524288 bytes)
[    0.000000] Inode-cache hash table entries: 65536 (order: 6, 262144 bytes)
[    0.000000] Memory: 1998492K/2096128K available (9216K kernel code, 781K rwdata, 2580K rodata, 1024K init, 298K bss, 32100K reserved, 65536K cma-reserved, 1244160K highmem)
[    0.000000] Virtual kernel memory layout:
[    0.000000]     vector  : 0xffff0000 - 0xffff1000   (   4 kB)
[    0.000000]     fixmap  : 0xffc00000 - 0xfff00000   (3072 kB)
[    0.000000]     vmalloc : 0xf0800000 - 0xff800000   ( 240 MB)
[    0.000000]     lowmem  : 0xc0000000 - 0xf0000000   ( 768 MB)
[    0.000000]     pkmap   : 0xbfe00000 - 0xc0000000   (   2 MB)
[    0.000000]     modules : 0xbf000000 - 0xbfe00000   (  14 MB)
[    0.000000]       .text : 0x(ptrval) - 0x(ptrval)   (10208 kB)
[    0.000000]       .init : 0x(ptrval) - 0x(ptrval)   (1024 kB)
[    0.000000]       .data : 0x(ptrval) - 0x(ptrval)   ( 782 kB)
[    0.000000]        .bss : 0x(ptrval) - 0x(ptrval)   ( 299 kB)
[    0.000000] Preemptible hierarchical RCU implementation.
[    0.000000] 	Tasks RCU enabled.
[    0.000000] NR_IRQS: 16, nr_irqs: 16, preallocated irqs: 16
[    0.000000] /interrupt-controller@60004000: 160 interrupts forwarded to /interrupt-controller@50041000
[    0.000000] Tegra clk 127: register failed with -17
[    0.000010] sched_clock: 32 bits at 1000kHz, resolution 1000ns, wraps every 2147483647500ns
[    0.007442] clocksource: timer_us: mask: 0xffffffff max_cycles: 0xffffffff, max_idle_ns: 1911260446275 ns
[    0.016971] Switching to timer-based delay loop, resolution 1000ns
[    0.024199] arch_timer: cp15 timer(s) running at 12.00MHz (virt).
[    0.029195] clocksource: arch_sys_counter: mask: 0xffffffffffffff max_cycles: 0x2c47f4ee7, max_idle_ns: 440795202497 ns
[    0.039941] sched_clock: 56 bits at 12MHz, resolution 83ns, wraps every 4398046511096ns
[    0.047909] Switching to timer-based delay loop, resolution 83ns
[    0.054383] Console: colour dummy device 80x30
[    0.058326] Calibrating delay loop (skipped), value calculated using timer frequency.. 24.00 BogoMIPS (lpj=120000)
[    0.068634] pid_max: default: 32768 minimum: 301
[    0.073714] Mount-cache hash table entries: 2048 (order: 1, 8192 bytes)
[    0.079820] Mountpoint-cache hash table entries: 2048 (order: 1, 8192 bytes)
[    0.087654] CPU: Testing write buffer coherency: ok
[    0.091991] /cpus/cpu@0 missing clock-frequency property
[    0.096993] /cpus/cpu@1 missing clock-frequency property
[    0.102301] /cpus/cpu@2 missing clock-frequency property
[    0.107567] /cpus/cpu@3 missing clock-frequency property
[    0.112838] CPU0: thread -1, cpu 0, socket 0, mpidr 80000000
[    0.152952] Setting up static identity map for 0x80100000 - 0x801000a0
[    0.157705] Hierarchical SRCU implementation.
[    0.173502] Tegra Revision: A01 SKU: 129 CPU Process: 1 SoC Process: 1
[    0.192973] smp: Bringing up secondary CPUs ...
[    0.243602] CPU1: thread -1, cpu 1, socket 0, mpidr 80000001
[    0.323710] CPU2: thread -1, cpu 2, socket 0, mpidr 80000002
[    0.403823] CPU3: thread -1, cpu 3, socket 0, mpidr 80000003
[    0.413399] smp: Brought up 1 node, 4 CPUs
[    0.432487] SMP: Total of 4 processors activated (96.00 BogoMIPS).
[    0.438655] CPU: All CPU(s) started in SVC mode.
[    0.445086] devtmpfs: initialized
[    0.465935] Built 1 zonelists, mobility grouping on.  Total pages: 516007
[    0.471204] VFP support v0.3: implementor 41 architecture 4 part 30 variant f rev 0
[    0.478773] clocksource: jiffies: mask: 0xffffffff max_cycles: 0xffffffff, max_idle_ns: 19112604462750000 ns
[    0.488258] futex hash table entries: 1024 (order: 4, 65536 bytes)
[    0.494646] pinctrl core: initialized pinctrl subsystem
[    0.500794] NET: Registered protocol family 16
[    0.505258] DMA: preallocated 256 KiB pool for atomic coherent allocations
[    0.512297] cpuidle: using governor menu
[    0.537811] No ATAGs?
[    0.537945] hw-breakpoint: found 5 (+1 reserved) breakpoint and 4 watchpoint registers.
[    0.546306] hw-breakpoint: maximum watchpoint size is 8 bytes.
[    0.554024] iommu: Adding device 50000000.host1x to group 0
[    0.557789] iommu: Adding device 54200000.dc to group 1
[    0.562935] iommu: Adding device 54240000.dc to group 1
[    0.568173] iommu: Adding device 57000000.gpu to group 2
[    0.590576] +5V_SYS: supplied by +VDD_MUX
[    0.593062] +3.3V_SYS: supplied by +VDD_MUX
[    0.597628] +USB0_VBUS_SW: Failed to request enable GPIO108: -517
[    0.602946] reg-fixed-voltage regulators:regulator@7: Failed to register regulator: -517
[    0.611071] +5V_USB_HS: Failed to request enable GPIO109: -517
[    0.616801] reg-fixed-voltage regulators:regulator@8: Failed to register regulator: -517
[    0.625032] +1.05V_RUN_AVDD_HDMI_PLL: Failed to request enable GPIO63: -517
[    0.631824] reg-fixed-voltage regulators:regulator@11: Failed to register regulator: -517
[    0.640019] +5V_HDMI_CON: Failed to request enable GPIO86: -517
[    0.645833] reg-fixed-voltage regulators:regulator@12: Failed to register regulator: -517
[    0.654059] +5V_SATA: Failed to request enable GPIO242: -517
[    0.659609] reg-fixed-voltage regulators:regulator@13: Failed to register regulator: -517
[    0.667837] +12V_SATA: Failed to request enable GPIO242: -517
[    0.673474] reg-fixed-voltage regulators:regulator@14: Failed to register regulator: -517
[    0.682917] vgaarb: loaded
[    0.685068] SCSI subsystem initialized
[    0.688264] libata version 3.00 loaded.
[    0.692153] usbcore: registered new interface driver usbfs
[    0.697374] usbcore: registered new interface driver hub
[    0.702678] usbcore: registered new device driver usb
[    0.710832] Linux video capture interface: v2.00
[    0.713613] pps_core: LinuxPPS API ver. 1 registered
[    0.718502] pps_core: Software ver. 5.3.6 - Copyright 2005-2007 Rodolfo Giometti <giometti@linux.it>
[    0.727616] PTP clock support registered
[    0.732935] Advanced Linux Sound Architecture Driver Initialized.
[    0.738195] Bluetooth: Core ver 2.22
[    0.741149] NET: Registered protocol family 31
[    0.745546] Bluetooth: HCI device and connection manager initialized
[    0.751852] Bluetooth: HCI socket layer initialized
[    0.756728] Bluetooth: L2CAP socket layer initialized
[    0.761759] Bluetooth: SCO socket layer initialized
[    0.767209] clocksource: Switched to clocksource arch_sys_counter
[    0.865122] NET: Registered protocol family 2
[    0.868584] tcp_listen_portaddr_hash hash table entries: 512 (order: 0, 6144 bytes)
[    0.875258] TCP established hash table entries: 8192 (order: 3, 32768 bytes)
[    0.882345] TCP bind hash table entries: 8192 (order: 4, 65536 bytes)
[    0.888828] TCP: Hash tables configured (established 8192 bind 8192)
[    0.895443] UDP hash table entries: 512 (order: 2, 16384 bytes)
[    0.900913] UDP-Lite hash table entries: 512 (order: 2, 16384 bytes)
[    0.907523] NET: Registered protocol family 1
[    0.912224] RPC: Registered named UNIX socket transport module.
[    0.917431] RPC: Registered udp transport module.
[    0.922082] RPC: Registered tcp transport module.
[    0.926762] RPC: Registered tcp NFSv4.1 backchannel transport module.
[    0.933808] PCI: CLS 0 bytes, default 64
[    0.938921] hw perfevents: enabled with armv7_cortex_a15 PMU driver, 7 counters available
[    0.946956] Initialise system trusted keyrings
[    0.949859] workingset: timestamp_bits=30 max_order=19 bucket_order=0
[    0.957445] squashfs: version 4.0 (2009/01/31) Phillip Lougher
[    0.962622] NFS: Registering the id_resolver key type
[    0.966904] Key type id_resolver registered
[    0.971099] Key type id_legacy registered
[    0.979816] Key type asymmetric registered
[    0.982004] Asymmetric key parser 'x509' registered
[    0.986988] bounce: pool size: 64 pages
[    0.990763] io scheduler noop registered (default)
[    0.995437] io scheduler mq-deadline registered
[    0.999966] io scheduler kyber registered
[    1.005749]  usb2-0: usb2-0 supply vbus not found, using dummy regulator
[    1.010770]  usb2-1: usb2-1 supply vbus not found, using dummy regulator
[    1.017717] tegra-xusb-padctl 7009f000.padctl: failed to setup XUSB ports: -517
[    1.033706] tegra-pcie 1003000.pcie: 2x1, 1x1 configuration
[    1.037433] tegra-pcie 1003000.pcie: Failed to get supply 'avddio-pex': -517
[    1.047347] tegra124-dfll 70110000.clock: couldn't get vdd_cpu regulator
[    1.058046] tegra-apbdma 60020000.dma: Tegra20 APB DMA driver register 32 channels
[    1.065022] tegra-pmc 7000e400.pmc: emergency thermal reset enabled
[    1.070590] Serial: 8250/16550 driver, 4 ports, IRQ sharing disabled
[    1.078205] console [ttyS0] disabled
[    1.079914] 70006300.serial: ttyS0 at MMIO 0x70006300 (irq = 335, base_baud = 25500000) is a Tegra
[    1.088865] console [ttyS0] enabled
[    1.088865] console [ttyS0] enabled
[    1.095041] bootconsole [earlycon0] disabled
[    1.095041] bootconsole [earlycon0] disabled
[    1.104808] 70006000.serial: ttyTHS1 at MMIO 0x70006000 (irq = 333, base_baud = 0) is a TEGRA_UART
[    1.115473] 70006040.serial: ttyTHS2 at MMIO 0x70006040 (irq = 334, base_baud = 0) is a TEGRA_UART
[    1.144225] tegra-hdmi 54280000.hdmi: failed to get HDMI regulator
[    1.164092] loop: module loaded
[    1.168704] at24 0-0056: 256 byte 24c02 EEPROM, writable, 8 bytes/write
[    1.176135] as3722 4-0040: AS3722 with revision 0x1 found
[    1.188369] as3722-sd2: supplied by +5V_SYS
[    1.193041] as3722-sd3: supplied by +5V_SYS
[    1.197486] +1.35V_LP0(sd3): Bringing 0uV into 1350000-1350000uV
[    1.203862] as3722-sd4: supplied by +5V_SYS
[    1.208552] as3722-sd5: supplied by +5V_SYS
[    1.214629] as3722-ldo0: supplied by +1.35V_LP0(sd2)
[    1.220760] +1.8V_RUN_CAM: Bringing 0uV into 1800000-1800000uV
[    1.226998] as3722-ldo2: supplied by +1.8V_VDDIO
[    1.233019] as3722-ldo3: supplied by +3.3V_SYS
[    1.237552] +1.05V_LP0_VDD_RTC: Bringing 1100000uV into 1000000-1000000uV
[    1.245351] as3722-ldo4: supplied by +3.3V_SYS
[    1.250049] +2.8V_RUN_CAM: Bringing 0uV into 2800000-2800000uV
[    1.256282] as3722-ldo5: supplied by +1.8V_VDDIO
[    1.261162] +1.2V_RUN_CAM_FRONT: Bringing 0uV into 1200000-1200000uV
[    1.268140] +VDDIO_SDMMC3: bypassed regulator has no supply!
[    1.273792] +VDDIO_SDMMC3: failed to get the current voltage(-517)
[    1.279993] as3722-regulator as3722-regulator: regulator 13 register failed -517
[    1.291283] tegra-ahci 70027000.sata: couldn't get PHY in node sata: -517
[    1.309564] m25p80 spi1.0: w25q32dw (4096 Kbytes)
[    1.316412] libphy: Fixed MDIO Bus: probed
[    1.320535] CAN device driver interface
[    1.324418] igb: Intel(R) Gigabit Ethernet Network Driver - version 5.4.0-k
[    1.331614] igb: Copyright (c) 2007-2014 Intel Corporation.
[    1.337347] pegasus: v0.9.3 (2013/04/25), Pegasus/Pegasus II USB Ethernet driver
[    1.344796] usbcore: registered new interface driver pegasus
[    1.350560] usbcore: registered new interface driver asix
[    1.356008] usbcore: registered new interface driver ax88179_178a
[    1.362174] usbcore: registered new interface driver cdc_ether
[    1.368088] usbcore: registered new interface driver smsc75xx
[    1.373900] usbcore: registered new interface driver smsc95xx
[    1.379714] usbcore: registered new interface driver net1080
[    1.385417] usbcore: registered new interface driver cdc_subset
[    1.391408] usbcore: registered new interface driver zaurus
[    1.397042] usbcore: registered new interface driver cdc_ncm
[    1.402962] tegra-phy 7d000000.usb-phy: no vbus regulator
[    1.408609] tegra-phy 7d004000.usb-phy: no vbus regulator
[    1.414312] ehci_hcd: USB 2.0 'Enhanced' Host Controller (EHCI) Driver
[    1.420852] ehci-pci: EHCI PCI platform driver
[    1.425349] tegra-ehci: Tegra EHCI driver
[    1.432224] tegra-ehci 7d004000.usb: EHCI Host Controller
[    1.437667] tegra-ehci 7d004000.usb: new USB bus registered, assigned bus number 1
[    1.445466] tegra-ehci 7d004000.usb: irq 356, io mem 0x7d004000
[    1.477241] tegra-ehci 7d004000.usb: USB 2.0 started, EHCI 1.10
[    1.484057] hub 1-0:1.0: USB hub found
[    1.487869] hub 1-0:1.0: 1 port detected
[    1.493029] usbcore: registered new interface driver cdc_acm
[    1.498703] cdc_acm: USB Abstract Control Model driver for USB modems and ISDN adapters
[    1.506754] usbcore: registered new interface driver cdc_wdm
[    1.512512] usbcore: registered new interface driver usb-storage
[    1.526782] as3722-rtc as3722-rtc: rtc core: registered as3722-rtc as rtc0
[    1.533678] as3722-rtc as3722-rtc: RTC interrupt 379
[    1.541504] tegra_rtc 7000e000.rtc: rtc core: registered 7000e000.rtc as rtc1
[    1.548705] tegra_rtc 7000e000.rtc: Tegra internal Real Time Clock
[    1.555224] i2c /dev entries driver
[    1.559994] usbcore: registered new interface driver uvcvideo
[    1.565732] USB Video Class driver (1.1.1)
[    1.569845] gspca_main: v2.14.0 registered
[    1.574583] lm90 0-004c: 0-004c supply vcc not found, using dummy regulator
[    1.584883] tegra-wdt 60005000.timer: initialized (heartbeat = 120 sec, nowayout = 0)
[    1.593782] sdhci: Secure Digital Host Controller Interface driver
[    1.600103] sdhci: Copyright(c) Pierre Ossman
[    1.604454] sdhci-pltfm: SDHCI platform and OF driver helper
[    1.610465] sdhci-tegra 700b0400.sdhci: Got CD GPIO
[    1.615356] sdhci-tegra 700b0400.sdhci: Got WP GPIO
[    1.636645] mmc0: Unknown controller version (3). You may experience problems.
[    1.643926] mmc0: Invalid maximum block size, assuming 512 bytes
[    1.681050] mmc0: SDHCI controller on 700b0600.sdhci [700b0600.sdhci] using ADMA
[    1.689437] usbcore: registered new interface driver usbhid
[    1.695043] usbhid: USB HID core driver
[    1.739039] mmc0: new high speed MMC card at address 0001
[    1.749726] mmcblk0: mmc0:0001 SEM16G 14.7 GiB 
[    1.759416] mmcblk0boot0: mmc0:0001 SEM16G partition 1 4.00 MiB
[    1.770433] mmcblk0boot1: mmc0:0001 SEM16G partition 2 4.00 MiB
[    1.776577] mmcblk0rpmb: mmc0:0001 SEM16G partition 3 4.00 MiB, chardev (247:0)
[    1.785740]  mmcblk0: p1
[    2.138641] tegra30-i2s 70301100.i2s: DMA channels sourced from device 70300000.ahub
[    2.158954] tegra-snd-rt5640 sound: rt5640-aif1 <-> 70301100.i2s mapping ok
[    2.169773] input: NVIDIA Tegra Jetson TK1 Headphones as /devices/soc0/sound/sound/card1/input0
[    2.181010] NET: Registered protocol family 10
[    2.186856] Segment Routing with IPv6
[    2.190790] mip6: Mobile IPv6
[    2.193757] sit: IPv6, IPv4 and MPLS over IPv4 tunneling driver
[    2.201199] NET: Registered protocol family 17
[    2.205656] NET: Registered protocol family 15
[    2.210158] can: controller area network core (rev 20170425 abi 9)
[    2.216550] NET: Registered protocol family 29
[    2.221012] can: raw protocol (rev 20170425)
[    2.225278] can: broadcast manager protocol (rev 20170425 t)
[    2.230952] can: netlink gateway (rev 20170425) max_hops=1
[    2.236606] Bluetooth: RFCOMM socket layer initialized
[    2.241814] Bluetooth: RFCOMM ver 1.11
[    2.245583] Bluetooth: BNEP (Ethernet Emulation) ver 1.3
[    2.250911] Bluetooth: BNEP socket layer initialized
[    2.255868] Bluetooth: HIDP (Human Interface Emulation) ver 1.2
[    2.261801] Bluetooth: HIDP socket layer initialized
[    2.266976] Key type dns_resolver registered
[    2.271814] Registering SWP/SWPB emulation handler
[    2.277418] Loading compiled-in X.509 certificates
[    2.301971] +3.3V_RUN: supplied by +3.3V_SYS
[    2.307013] +USB0_VBUS_SW: supplied by +5V_SYS
[    2.311867] +3.3V_AVDD_HDMI_AP_GATED: supplied by +3.3V_RUN
[    2.317832] +5V_USB_HS: supplied by +5V_SYS
[    2.322897] +3.3V_LP0: supplied by +3.3V_SYS
[    2.328373] +5V_HDMI_CON: supplied by +5V_SYS
[    2.333167] +5V_SATA: supplied by +5V_SYS
[    2.337642] +12V_SATA: supplied by +VDD_MUX
[    2.343203]  usb2-0: usb2-0 supply vbus not found, using dummy regulator
[    2.350053]  usb2-1: usb2-1 supply vbus not found, using dummy regulator
[    2.357038]  usb3-0: usb3-0 supply vbus not found, using dummy regulator
[    2.364582] tegra-pcie 1003000.pcie: 2x1, 1x1 configuration
[    2.370221] tegra-pcie 1003000.pcie: Failed to get supply 'avddio-pex': -517
[    2.379360] tegra124-dfll 70110000.clock: couldn't get vdd_cpu regulator
[    2.388629] tegra-hdmi 54280000.hdmi: failed to get PLL regulator
[    2.396976] as3722-sd2: supplied by +5V_SYS
[    2.401527] as3722-sd3: supplied by +5V_SYS
[    2.406009] as3722-sd4: supplied by +5V_SYS
[    2.410702] as3722-sd5: supplied by +5V_SYS
[    2.416384] as3722-ldo0: supplied by +1.35V_LP0(sd2)
[    2.422256] as3722-ldo1: supplied by +3.3V_RUN
[    2.426999] as3722-ldo2: supplied by +1.8V_VDDIO
[    2.432808] as3722-ldo3: supplied by +3.3V_SYS
[    2.438199] as3722-ldo4: supplied by +3.3V_SYS
[    2.442942] as3722-ldo5: supplied by +1.8V_VDDIO
[    2.448900] input: tegra-hda HDMI/DP,pcm=3 as /devices/soc0/70030000.hda/sound/card0/input1
[    2.457446] as3722-ldo6: supplied by +3.3V_RUN
[    2.462439] as3722-ldo7: supplied by +1.8V_VDDIO
[    2.467834] +1.05V_RUN_CAM_REAR: Bringing 0uV into 1050000-1050000uV
[    2.474913] as3722-ldo9: supplied by +5V_SYS
[    2.480418] +3.3V_RUN_TOUCH: Bringing 0uV into 2800000-2800000uV
[    2.487150] as3722-ldo10: supplied by +5V_SYS
[    2.492297] +2.8V_RUN_CAM_AF: Bringing 0uV into 2800000-2800000uV
[    2.499163] as3722-ldo11: supplied by +3.3V_RUN
[    2.504446] +1.8V_RUN_VPP_FUSE: Bringing 0uV into 1800000-1800000uV
[    2.513721] tegra-ahci 70027000.sata: AHCI 0001.0301 32 slots 2 ports 3 Gbps 0x1 impl platform mode
[    2.522797] tegra-ahci 70027000.sata: flags: 64bit ncq sntf pm led pio slum part sadm sds apst 
[    2.533331] scsi host0: tegra-ahci
[    2.537810] scsi host1: tegra-ahci
[    2.541518] ata1: SATA max UDMA/133 mmio [mem 0x70027000-0x70028fff] port 0x100 irq 345
[    2.549561] ata2: DUMMY
[    2.553290] tegra-ehci 7d008000.usb: EHCI Host Controller
[    2.558778] tegra-ehci 7d008000.usb: new USB bus registered, assigned bus number 2
[    2.566611] tegra-ehci 7d008000.usb: irq 357, io mem 0x7d008000
[    2.597341] tegra-ehci 7d008000.usb: USB 2.0 started, EHCI 1.10
[    2.604464] hub 2-0:1.0: USB hub found
[    2.608338] hub 2-0:1.0: 1 port detected
[    2.625281] tegra-xusb 70090000.usb: Direct firmware load for nvidia/tegra124/xusb.bin failed with error -2
[    2.635091] tegra-xusb 70090000.usb: failed to request firmware: -2
[    2.641409] tegra-xusb 70090000.usb: failed to load firmware: -2
[    2.648125] tegra-xusb: probe of 70090000.usb failed with error -2
[    2.655153] sdhci-tegra 700b0400.sdhci: Got CD GPIO
[    2.660102] sdhci-tegra 700b0400.sdhci: Got WP GPIO
[    2.671543] mmc1: Unknown controller version (3). You may experience problems.
[    2.678885] mmc1: Invalid maximum block size, assuming 512 bytes
[    2.716872] mmc1: SDHCI controller on 700b0400.sdhci [700b0400.sdhci] using ADMA
[    2.724624] tegra-pcie 1003000.pcie: 2x1, 1x1 configuration
[    2.732135] tegra-pcie 1003000.pcie: probing port 0, using 2 lanes
[    2.740123] tegra-pcie 1003000.pcie: Slot present pin change, signature: 00000008
[    2.764881] tegra-pcie 1003000.pcie: probing port 1, using 1 lanes
[    2.773240] tegra-pcie 1003000.pcie: Slot present pin change, signature: 00000000
[    2.787278] tegra-pcie 1003000.pcie: PCI host bridge to bus 0000:00
[    2.793560] pci_bus 0000:00: root bus resource [io  0x0000-0xffff]
[    2.799859] pci_bus 0000:00: root bus resource [mem 0x13000000-0x1fffffff]
[    2.806842] pci_bus 0000:00: root bus resource [mem 0x20000000-0x3fffffff pref]
[    2.814268] pci_bus 0000:00: root bus resource [bus 00-ff]
[    2.819865] pci 0000:00:01.0: [10de:0e12] type 01 class 0x060400
[    2.825897] pci_bus 0000:00: 2-byte config write to 0000:00:01.0 offset 0x4 may corrupt adjacent RW1C bits
[    2.835669] pci_bus 0000:00: 2-byte config write to 0000:00:01.0 offset 0x4 may corrupt adjacent RW1C bits
[    2.845483] pci 0000:00:01.0: enabling Extended Tags
[    2.850573] pci_bus 0000:00: 2-byte config write to 0000:00:01.0 offset 0x88 may corrupt adjacent RW1C bits
[    2.860383] pci_bus 0000:00: 2-byte config write to 0000:00:01.0 offset 0x52 may corrupt adjacent RW1C bits
[    2.870291] pci 0000:00:01.0: PME# supported from D0 D1 D2 D3hot D3cold
[    2.877018] pci_bus 0000:00: 2-byte config write to 0000:00:01.0 offset 0x4c may corrupt adjacent RW1C bits
[    2.880766] ata1: SATA link down (SStatus 0 SControl 300)
[    2.892665] pci 0000:00:02.0: [10de:0e13] type 01 class 0x060400
[    2.898735] pci_bus 0000:00: 2-byte config write to 0000:00:02.0 offset 0x4 may corrupt adjacent RW1C bits
[    2.908468] pci_bus 0000:00: 2-byte config write to 0000:00:02.0 offset 0x4 may corrupt adjacent RW1C bits
[    2.918285] pci 0000:00:02.0: enabling Extended Tags
[    2.923297] pci_bus 0000:00: 2-byte config write to 0000:00:02.0 offset 0x88 may corrupt adjacent RW1C bits
[    2.933076] pci_bus 0000:00: 2-byte config write to 0000:00:02.0 offset 0x52 may corrupt adjacent RW1C bits
[    2.942914] pci 0000:00:02.0: PME# supported from D0 D1 D2 D3hot D3cold
[    2.949673] pci_bus 0000:00: 2-byte config write to 0000:00:02.0 offset 0x4c may corrupt adjacent RW1C bits
[    2.959784] PCI: bus0: Fast back to back transfers disabled
[    2.965356] pci 0000:00:01.0: bridge configuration invalid ([bus 00-00]), reconfiguring
[    2.973421] pci 0000:00:02.0: bridge configuration invalid ([bus 00-00]), reconfiguring
[    2.981716] pci 0000:01:00.0: [8086:4232] type 00 class 0x028000
[    2.987868] pci 0000:01:00.0: reg 0x10: [mem 0x00000000-0x00001fff 64bit]
[    2.994956] pci 0000:01:00.0: PME# supported from D0 D3hot D3cold
[    3.012815] mmc1: new high speed SDHC card at address aaaa
[    3.023612] mmcblk1: mmc1:aaaa SD04G 3.69 GiB 
[    3.028150] PCI: bus1: Fast back to back transfers disabled
[    3.028163] pci_bus 0000:01: busn_res: [bus 01-ff] end is updated to 01
[    3.028397] pci 0000:02:00.0: [10ec:8168] type 00 class 0x020000
[    3.028455] pci 0000:02:00.0: reg 0x10: [io  0x0000-0x00ff]
[    3.028500] pci 0000:02:00.0: reg 0x18: [mem 0x00000000-0x00000fff 64bit]
[    3.028531] pci 0000:02:00.0: reg 0x20: [mem 0x00000000-0x00003fff 64bit pref]
[    3.028710] pci 0000:02:00.0: supports D1 D2
[    3.028716] pci 0000:02:00.0: PME# supported from D0 D1 D2 D3hot D3cold
[    3.059587] PCI: bus2: Fast back to back transfers disabled
[    3.059597] pci_bus 0000:02: busn_res: [bus 02-ff] end is updated to 02
[    3.059650] pci 0000:00:01.0: BAR 8: assigned [mem 0x13000000-0x130fffff]
[    3.059660] pci 0000:00:02.0: BAR 8: assigned [mem 0x13100000-0x131fffff]
[    3.059669] pci 0000:00:02.0: BAR 9: assigned [mem 0x20000000-0x200fffff 64bit pref]
[    3.059677] pci 0000:00:02.0: BAR 7: assigned [io  0x1000-0x1fff]
[    3.059691] pci 0000:01:00.0: BAR 0: assigned [mem 0x13000000-0x13001fff 64bit]
[    3.059723] pci 0000:00:01.0: PCI bridge to [bus 01]
[    3.059735] pci 0000:00:01.0:   bridge window [mem 0x13000000-0x130fffff]
[    3.059755] pci 0000:02:00.0: BAR 4: assigned [mem 0x20000000-0x20003fff 64bit pref]
[    3.059782] pci 0000:02:00.0: BAR 2: assigned [mem 0x13100000-0x13100fff 64bit]
[    3.059808] pci 0000:02:00.0: BAR 0: assigned [io  0x1000-0x10ff]
[    3.059821] pci 0000:00:02.0: PCI bridge to [bus 02]
[    3.059829] pci 0000:00:02.0:   bridge window [io  0x1000-0x1fff]
[    3.059840] pci 0000:00:02.0:   bridge window [mem 0x13100000-0x131fffff]
[    3.059849] pci 0000:00:02.0:   bridge window [mem 0x20000000-0x200fffff 64bit pref]
[    3.059885] pci 0000:00:01.0: nv_msi_ht_cap_quirk didn't locate host bridge
[    3.060016] pcieport 0000:00:01.0: enabling device (0140 -> 0142)
[    3.060320] pcieport 0000:00:01.0: Signaling PME with IRQ 395
[    3.060502] pci 0000:00:02.0: nv_msi_ht_cap_quirk didn't locate host bridge
[    3.060609] pcieport 0000:00:02.0: enabling device (0140 -> 0143)
[    3.060876] pcieport 0000:00:02.0: Signaling PME with IRQ 396
[    3.061258] r8169 Gigabit Ethernet driver 2.3LK-NAPI loaded
[    3.061310] r8169 0000:02:00.0: enabling device (0140 -> 0143)
[    3.093548] r8169 0000:02:00.0 eth0: RTL8168g/8111g at 0x28fbf03b, 00:04:4b:3a:d9:81, XID 0c000800 IRQ 397
[    3.093556] r8169 0000:02:00.0 eth0: jumbo features [frames: 9200 bytes, tx checksumming: ko]
[    3.097238] +1.05V_RUN_AVDD_HDMI_PLL: supplied by +1.05V_RUN
[    3.121314] [drm] Supports vblank timestamp caching Rev 2 (21.10.2013).
[    3.121318] [drm] No driver support for vblank timestamp query.
[    3.121375] [drm] Cannot find any crtc or sizes
[    3.121577] [drm] Initialized tegra 0.0.0 20120330 for drm on minor 0
[    3.122772] cpufreq: cpufreq_online: CPU0: Running at unlisted freq: 696000 KHz
[    3.122804] cpufreq: cpufreq_online: CPU0: Unlisted initial frequency changed to: 714000 KHz
[    3.123319] input: gpio-keys as /devices/soc0/gpio-keys/input/input2
[    3.142367] as3722-rtc as3722-rtc: setting system clock to 2000-01-01 00:01:41 UTC (946684901)
[    3.142749] cfg80211: Loading compiled-in X.509 certificates for regulatory database
[    3.172722] cfg80211: Loaded X.509 cert 'sforshee: 00b28ddf47aef9cea7'
[    3.173041] +USB0_VBUS_SW: disabling
[    3.173062] +1.8V_RUN_CAM: disabling
[    3.178173] +2.8V_RUN_CAM: disabling
[    3.184324] +1.2V_RUN_CAM_FRONT: disabling
[    3.191232] +1.05V_RUN_CAM_REAR: disabling
[    3.199093] +3.3V_RUN_TOUCH: disabling
[    3.206102] +2.8V_RUN_CAM_AF: disabling
[    3.212313] +1.8V_RUN_VPP_FUSE: disabling
[    3.218188] ALSA device list:
[    3.218195]   #0: tegra-hda at 0x70038000 irq 346
[    3.218198]   #1: NVIDIA Tegra Jetson TK1
[    3.383944] platform regulatory.0: Direct firmware load for regulatory.db failed with error -2
[    3.383948] cfg80211: failed to load regulatory.db
[    3.392748]  mmcblk1: p1 p2 p3
[    3.394572] EXT4-fs (mmcblk0p1): mounting ext3 file system using the ext4 subsystem
[    3.412101] print_req_error: I/O error, dev mmcblk0, sector 15040784
[    3.412133] JBD2: Failed to read block at offset 35
[    3.412424] JBD2: recovery failed
[    3.412436] EXT4-fs (mmcblk0p1): error loading journal
[    3.413188] VFS: Cannot open root device "PARTUUID=b1791faa-84e8-4e27-83a1-9fb0a77e8803" or unknown-block(179,1): error -5
[    3.413193] Please append a correct "root=" boot option; here are the available partitions:
[    3.413219] b300        15388672 mmcblk0 
[    3.413225]  driver: mmcblk
[    3.413237]   b301        15339520 mmcblk0p1 b1791faa-84e8-4e27-83a1-9fb0a77e8803
[    3.413243] 
[    3.413256] b320            4096 mmcblk0boot1 
[    3.413261]  (driver?)
[    3.413273] b310            4096 mmcblk0boot0 
[    3.413278]  (driver?)
[    3.413289] b330         3872256 mmcblk1 
[    3.413294]  driver: mmcblk
[    3.413306]   b331         1048576 mmcblk1p1 9f708861-0237-4a15-9a9f-df50d7514fd3
[    3.413310] 
[    3.413321]   b332         1048576 mmcblk1p2 0f76ed0a-5e5b-43ed-a2bb-85481fdcbeab
[    3.413326] 
[    3.413336]   b333            9216 mmcblk1p3 a38c0c34-2976-468f-adb8-493d4b4bc682
[    3.413340] 
[    3.413353] Kernel panic - not syncing: VFS: Unable to mount root fs on unknown-block(179,1)
[    3.413367] CPU: 2 PID: 1 Comm: swapper/0 Not tainted 4.15.0-rc6-next-20180108-23751-g895c0dd #1
[    3.413373] Hardware name: NVIDIA Tegra SoC (Flattened Device Tree)
[    3.413410] [<c0110f48>] (unwind_backtrace) from [<c010c584>] (show_stack+0x10/0x14)
[    3.413430] [<c010c584>] (show_stack) from [<c096fe7c>] (dump_stack+0x84/0xa4)
[    3.413447] [<c096fe7c>] (dump_stack) from [<c0121c70>] (panic+0xd0/0x274)
[    3.413470] [<c0121c70>] (panic) from [<c0d011ac>] (mount_block_root+0x180/0x2a8)
[    3.413490] [<c0d011ac>] (mount_block_root) from [<c0d013dc>] (mount_root+0x108/0x12c)
[    3.413509] [<c0d013dc>] (mount_root) from [<c0d0152c>] (prepare_namespace+0x12c/0x18c)
[    3.413529] [<c0d0152c>] (prepare_namespace) from [<c0d00e54>] (kernel_init_freeable+0x18c/0x1d0)
[    3.413549] [<c0d00e54>] (kernel_init_freeable) from [<c0983ba0>] (kernel_init+0x8/0x114)
[    3.413567] [<c0983ba0>] (kernel_init) from [<c01010e8>] (ret_from_fork+0x14/0x2c)
[    3.413574] Exception stack(0xee8a7fb0 to 0xee8a7ff8)
[    3.413586] 7fa0:                                     00000000 00000000 00000000 00000000
[    3.413600] 7fc0: 00000000 00000000 00000000 00000000 00000000 00000000 00000000 00000000
[    3.413611] 7fe0: 00000000 00000000 00000000 00000000 00000013 00000000
[    3.413639] CPU0: stopping
[    3.413656] CPU: 0 PID: 0 Comm: swapper/0 Not tainted 4.15.0-rc6-next-20180108-23751-g895c0dd #1
[    3.413663] Hardware name: NVIDIA Tegra SoC (Flattened Device Tree)
[    3.413694] [<c0110f48>] (unwind_backtrace) from [<c010c584>] (show_stack+0x10/0x14)
[    3.413712] [<c010c584>] (show_stack) from [<c096fe7c>] (dump_stack+0x84/0xa4)
[    3.413730] [<c096fe7c>] (dump_stack) from [<c010f4a0>] (handle_IPI+0x18c/0x32c)
[    3.413750] [<c010f4a0>] (handle_IPI) from [<c03ffef0>] (gic_handle_irq+0x88/0x94)
[    3.413768] [<c03ffef0>] (gic_handle_irq) from [<c0101a0c>] (__irq_svc+0x6c/0xa8)
[    3.413776] Exception stack(0xc0e01f00 to 0xc0e01f48)
[    3.413793] 1f00: 00000000 00000000 2e202000 eef90c40 00000000 c0e0b020 00000000 00000000
[    3.413808] 1f20: c0eb677c c0d8e1b8 eef901c0 00000000 0a6aaaab c0e01f50 c069f304 c069f3f0
[    3.413815] 1f40: 60000113 ffffffff
[    3.413843] [<c0101a0c>] (__irq_svc) from [<c069f3f0>] (cpuidle_enter_state+0x1b4/0x3bc)
[    3.413865] [<c069f3f0>] (cpuidle_enter_state) from [<c0162ecc>] (do_idle+0x184/0x204)
[    3.413885] [<c0162ecc>] (do_idle) from [<c01631d4>] (cpu_startup_entry+0x18/0x1c)
[    3.413908] [<c01631d4>] (cpu_startup_entry) from [<c0d00c5c>] (start_kernel+0x398/0x404)
[    3.413924] [<c0d00c5c>] (start_kernel) from [<00000000>] (  (null))
[    3.413936] CPU1: stopping
[    3.413950] CPU: 1 PID: 0 Comm: swapper/1 Not tainted 4.15.0-rc6-next-20180108-23751-g895c0dd #1
[    3.413955] Hardware name: NVIDIA Tegra SoC (Flattened Device Tree)
[    3.413982] [<c0110f48>] (unwind_backtrace) from [<c010c584>] (show_stack+0x10/0x14)
[    3.413999] [<c010c584>] (show_stack) from [<c096fe7c>] (dump_stack+0x84/0xa4)
[    3.414016] [<c096fe7c>] (dump_stack) from [<c010f4a0>] (handle_IPI+0x18c/0x32c)
[    3.414037] [<c010f4a0>] (handle_IPI) from [<c03ffef0>] (gic_handle_irq+0x88/0x94)
[    3.414054] [<c03ffef0>] (gic_handle_irq) from [<c0101a0c>] (__irq_svc+0x6c/0xa8)
[    3.414062] Exception stack(0xee8c1f38 to 0xee8c1f80)
[    3.414071] 1f20:                                                       00000000 00000005
[    3.414086] 1f40: 00000001 00000008 00000001 c0e0b020 00000001 00000001 c0eb677c c0d8e1b8
[    3.414101] 1f60: eefa11c0 00000001 c06bfaac ee8c1f88 c069f304 c069f3f0 60000113 ffffffff
[    3.414124] [<c0101a0c>] (__irq_svc) from [<c069f3f0>] (cpuidle_enter_state+0x1b4/0x3bc)
[    3.414147] [<c069f3f0>] (cpuidle_enter_state) from [<c0162ecc>] (do_idle+0x184/0x204)
[    3.414167] [<c0162ecc>] (do_idle) from [<c01631d4>] (cpu_startup_entry+0x18/0x1c)
[    3.414183] [<c01631d4>] (cpu_startup_entry) from [<801025ac>] (0x801025ac)
[    3.414194] CPU3: stopping
[    3.414208] CPU: 3 PID: 0 Comm: swapper/3 Not tainted 4.15.0-rc6-next-20180108-23751-g895c0dd #1
[    3.414214] Hardware name: NVIDIA Tegra SoC (Flattened Device Tree)
[    3.414240] [<c0110f48>] (unwind_backtrace) from [<c010c584>] (show_stack+0x10/0x14)
[    3.414256] [<c010c584>] (show_stack) from [<c096fe7c>] (dump_stack+0x84/0xa4)
[    3.414273] [<c096fe7c>] (dump_stack) from [<c010f4a0>] (handle_IPI+0x18c/0x32c)
[    3.414292] [<c010f4a0>] (handle_IPI) from [<c03ffef0>] (gic_handle_irq+0x88/0x94)
[    3.414308] [<c03ffef0>] (gic_handle_irq) from [<c0101a0c>] (__irq_svc+0x6c/0xa8)
[    3.414316] Exception stack(0xee8e3f38 to 0xee8e3f80)
[    3.414326] 3f20:                                                       00000000 00000005
[    3.414341] 3f40: 00000001 00000008 00000001 c0e0b020 00000003 00000001 c0eb677c c0d8e1b8
[    3.414356] 3f60: eefc31c0 00000001 00000000 ee8e3f88 c069f304 c069f3f0 60000113 ffffffff
[    3.414377] [<c0101a0c>] (__irq_svc) from [<c069f3f0>] (cpuidle_enter_state+0x1b4/0x3bc)
[    3.414397] [<c069f3f0>] (cpuidle_enter_state) from [<c0162ecc>] (do_idle+0x184/0x204)
[    3.414416] [<c0162ecc>] (do_idle) from [<c01631d4>] (cpu_startup_entry+0x18/0x1c)
[    3.414433] [<c01631d4>] (cpu_startup_entry) from [<801025ac>] (0x801025ac)
[    4.009462] ---[ end Kernel panic - not syncing: VFS: Unable to mount root fs on unknown-block(179,1)
