

U-Boot 2015.04-00466-gedec83e90172 (Mar 14 2016 - 10:42:01)

TEGRA124
Model: Acer Chromebook 13 CB5-311
DRAM:  4 GiB
:   Tegra SD/MMC: 0, Tegra SD/MMC: 1, Tegra SD/MMC: 2
MMC init failed
Using default environment

In:    serial
Out:   serial
Err:   serial
Net:   Net Initialization Skipped
No ethernet found.
Hit any key to stop autoboot:  2  0 
Tegra124 (Nyan-big) # 
Tegra124 (Nyan-big) # usb start
starting USB...
USB0:   USB EHCI 1.10
scanning bus 0 for devices... 2 USB Device(s) found
USB1:   USB EHCI 1.10
scanning bus 1 for devices... 2 USB Device(s) found
       scanning usb for storage devices... 1 Storage Device(s) found
       scanning usb for ethernet devices... 
Warning: asx0 using MAC address from net device
1 Ethernet Device(s) found
Tegra124 (Nyan-big) # setenv bootargs 'ignore_loglevel console=ttyS0,115200n8 rw root=PARTUUID=4d36e82a-b3c0-4b4b-bfcd-afe5217ac023 rootwait gpt debug noinitrd earlyprintk init=/bin/bash'
Tegra124 (Nyan-big) # setenv ipaddr 192.168.100.102; setenv serverip 192.168.100.1; setenv tftpserverip 192.168.100.1
Tegra124 (Nyan-big) # tftpboot 0x82000000 zImage.tegra_defconfig
Using asx0 device
TFTP from server 192.168.100.1; our IP address is 192.168.100.102
Filename 'zImage.tegra_defconfig'.
Load address: 0x82000000
Loading: *#################################################################
	 #################################################################
	 #################################################################
	 #################################################################
	 #################################################################
	 ###########################################
	 2.8 MiB/s
done
Bytes transferred = 5400912 (526950 hex)
Tegra124 (Nyan-big) # tftpboot 0x83000000 tegra124-nyan-big.dtb
Using asx0 device
TFTP from server 192.168.100.1; our IP address is 192.168.100.102
Filename 'tegra124-nyan-big.dtb'.
Load address: 0x83000000
Loading: *#####
	 2.7 MiB/s
done
Bytes transferred = 66821 (10505 hex)
Tegra124 (Nyan-big) # bootz 0x82000000 - 0x83000000
Kernel image @ 0x82000000 [ 0x000000 - 0x526950 ]
## Flattened Device Tree blob at 83000000
   Booting using the fdt blob at 0x83000000
   Using Device Tree in place at 83000000, end 83013504

Starting kernel ...

[    3.115529] console [ttyS0] enabled
[    3.119005] bootconsole [earlycon0] disabled
[    3.124269] [drm] Initialized drm 1.1.0 20060810
[    3.129329] tegra-hdmi 54280000.hdmi: failed to get HDMI regulator
[    3.135924] tegra-dpaux 545c0000.dpaux: failed to get VDD supply: -517
[    3.143223] panel supply power not found, using dummy regulator
[    3.154556] loop: module loaded
[    3.158339] as3722 4-0040: AS3722 with revision 0x1 found
[    3.168462] as3722-sd2: supplied by +5V_SYS
[    3.172969] as3722-sd3: supplied by +5V_SYS
[    3.177327] +1.35V_LP0(sd3): Bringing 0uV into 1350000-1350000uV
[    3.183594] as3722-sd4: supplied by +5V_SYS
[    3.187939] +1.05V_RUN: Bringing 0uV into 1050000-1050000uV
[    3.193764] as3722-sd5: supplied by +5V_SYS
[    3.199567] as3722-ldo0: supplied by +1.35V_LP0(sd2)
[    3.205396] +1.8V_RUN_CAM: Bringing 0uV into 1800000-1800000uV
[    3.211513] as3722-ldo2: supplied by +1.8V_VDDIO
[    3.217245] as3722-ldo3: supplied by +3.3V_SYS
[    3.221695] +1.00V_LP0_VDD_RTC: Bringing 1100000uV into 1000000-1000000uV
[    3.229368] as3722-ldo4: supplied by +3.3V_SYS
[    3.233967] +3.3V_RUN_CAM: Bringing 0uV into 2800000-2800000uV
[    3.240085] as3722-ldo5: supplied by +1.8V_VDDIO
[    3.244869] +1.2V_RUN_CAM_FRONT: Bringing 0uV into 1200000-1200000uV
[    3.251648] +VDDIO_SDMMC3: Bringing 0uV into 1800000-1800000uV
[    3.257786] as3722-ldo7: supplied by +1.8V_VDDIO
[    3.262560] +1.05V_RUN_CAM_REAR: Bringing 0uV into 1050000-1050000uV
[    3.269212] as3722-ldo9: supplied by +5V_SYS
[    3.273781] +2.8V_RUN_TOUCH: Bringing 0uV into 2800000-2800000uV
[    3.280086] as3722-ldo10: supplied by +5V_SYS
[    3.284595] +2.8V_RUN_CAM_AF: Bringing 0uV into 2800000-2800000uV
[    3.291146] +1.8V_RUN_VPP_FUSE: Bringing 0uV into 1800000-1800000uV
[    3.341729] cros-ec-spi spi32766.0: Chrome EC device registered
[    3.357081] m25p80 spi32765.0: w25q32dw (4096 Kbytes)
[    3.363483] libphy: Fixed MDIO Bus: probed
[    3.367585] CAN device driver interface
[    3.371444] igb: Intel(R) Gigabit Ethernet Network Driver - version 5.3.0-k
[    3.378392] igb: Copyright (c) 2007-2014 Intel Corporation.
[    3.384060] pegasus: v0.9.3 (2013/04/25), Pegasus/Pegasus II USB Ethernet driver
[    3.391500] usbcore: registered new interface driver pegasus
[    3.397208] usbcore: registered new interface driver asix
[    3.402630] usbcore: registered new interface driver ax88179_178a
[    3.408760] usbcore: registered new interface driver cdc_ether
[    3.414635] usbcore: registered new interface driver smsc75xx
[    3.420428] usbcore: registered new interface driver smsc95xx
[    3.426211] usbcore: registered new interface driver net1080
[    3.431893] usbcore: registered new interface driver cdc_subset
[    3.437842] usbcore: registered new interface driver zaurus
[    3.443456] usbcore: registered new interface driver cdc_ncm
[    3.449213] ehci_hcd: USB 2.0 'Enhanced' Host Controller (EHCI) Driver
[    3.455728] ehci-pci: EHCI PCI platform driver
[    3.460201] tegra-ehci: Tegra EHCI driver
[    3.464532] usbcore: registered new interface driver cdc_acm
[    3.470181] cdc_acm: USB Abstract Control Model driver for USB modems and ISDN adapters
[    3.478208] usbcore: registered new interface driver cdc_wdm
[    3.483907] usbcore: registered new interface driver usb-storage
[    3.490171] mousedev: PS/2 mouse device common for all mice
[    3.496052] input: cros_ec as /devices/soc0/7000d400.spi/spi_master/spi32766/spi32766.0/7000d400.spi:cros-ec@0:keyboard-controller/input/input0
[    3.510970] as3722-rtc as3722-rtc: rtc core: registered as3722-rtc as rtc0
[    3.517845] as3722-rtc as3722-rtc: RTC interrupt 370
[    3.524678] tegra_rtc 7000e000.rtc: rtc core: registered 7000e000.rtc as rtc1
[    3.531827] tegra_rtc 7000e000.rtc: Tegra internal Real Time Clock
[    3.538152] i2c /dev entries driver
[    3.542397] usbcore: registered new interface driver uvcvideo
[    3.548135] USB Video Class driver (1.1.1)
[    3.552218] gspca_main: v2.14.0 registered
[    3.556604] 0-004c supply vcc not found, using dummy regulator
[    3.564378] tegra-wdt 60005000.timer: initialized (heartbeat = 120 sec, nowayout = 0)
[    3.572807] sdhci: Secure Digital Host Controller Interface driver
[    3.578990] sdhci: Copyright(c) Pierre Ossman
[    3.583332] sdhci-pltfm: SDHCI platform and OF driver helper
[    3.589129] sdhci-tegra 700b0000.sdhci: allocated mmc-pwrseq
[    3.594812] mmc0: Unknown controller version (3). You may experience problems.
[    3.602190] sdhci-tegra 700b0400.sdhci: Got CD GPIO
[    3.607074] sdhci-tegra 700b0400.sdhci: Got WP GPIO
[    3.611962] mmc0: Unknown controller version (3). You may experience problems.
[    3.619319] mmc0: Unknown controller version (3). You may experience problems.
[    3.626564] mmc0: Invalid maximum block size, assuming 512 bytes
[    3.694661] mmc0: SDHCI controller on 700b0600.sdhci [700b0600.sdhci] using ADMA 64-bit
[    3.705133] usbcore: registered new interface driver usbhid
[    3.713615] usbhid: USB HID core driver
[    3.724760] tegra30-i2s 70301100.i2s: DMA channels sourced from device 70300000.ahub
[    3.765136] max98090 0-0010: MAX98090 REVID=0x43
[    3.772434] max98090 0-0010: use default 2.8v micbias
[    3.775107] mmc0: new high speed MMC card at address 0001
[    3.775559] mmcblk0: mmc0:0001 MMC16G 14.4 GiB 
[    3.775756] mmcblk0boot0: mmc0:0001 MMC16G partition 1 2.00 MiB
[    3.775938] mmcblk0boot1: mmc0:0001 MMC16G partition 2 2.00 MiB
[    3.776119] mmcblk0rpmb: mmc0:0001 MMC16G partition 3 128 KiB
[    3.780356]  mmcblk0: p1 p2 p3 p4 p5 p6 p7 p8 p9 p10 p11 p12
[    3.813491] tegra-snd-max98090 sound: HiFi <-> 70301100.i2s mapping ok
[    3.821309] input: GoogleNyanBig Headphones as /devices/soc0/sound/sound/card1/input1
[    3.829403] input: GoogleNyanBig Mic Jack as /devices/soc0/sound/sound/card1/input2
[    4.124658] NET: Registered protocol family 10
[    4.284668] mip6: Mobile IPv6
[    4.287627] sit: IPv6 over IPv4 tunneling driver
[    4.293281] NET: Registered protocol family 17
[    4.297735] NET: Registered protocol family 15
[    4.302165] can: controller area network core (rev 20120528 abi 9)
[    4.344695] NET: Registered protocol family 29
[    4.349125] can: raw protocol (rev 20120528)
[    4.353382] can: broadcast manager protocol (rev 20160617 t)
[    4.359039] can: netlink gateway (rev 20130117) max_hops=1
[    4.394707] Bluetooth: RFCOMM socket layer initialized
[    4.399839] Bluetooth: RFCOMM ver 1.11
[    4.403577] Bluetooth: BNEP (Ethernet Emulation) ver 1.3
[    4.408886] Bluetooth: BNEP socket layer initialized
[    4.413836] Bluetooth: HIDP (Human Interface Emulation) ver 1.2
[    4.419749] Bluetooth: HIDP socket layer initialized
[    4.424847] Key type dns_resolver registered
[    4.429567] Registering SWP/SWPB emulation handler
[    4.435242] +3.3V_RUN: supplied by +3.3V_SYS
[    4.440152] +3.3V_AVDD_HDMI_AP_GATED: supplied by +3.3V_RUN
[    4.445830] +1.8V_RUN_CAM: supplied by +3.3V_RUN
[    4.450475] +VDDIO_SDMMC3: supplied by +3.3V_RUN
[    4.455127] +1.8V_RUN_VPP_FUSE: supplied by +3.3V_RUN
[    4.460276] +VDD_LED: supplied by +VDD_MUX
[    4.464576] +5V_VDD_TS_SW: supplied by +5V_SYS
[    4.469401] +5V_USB_HS: supplied by +5V_SYS
[    4.473786] +5V_USB_SS: supplied by +5V_SYS
[    4.478888] input: tegra-hda HDMI/DP,pcm=3 as /devices/soc0/70030000.hda/sound/card0/input3
[    4.488241] +3.3V_PANEL: supplied by +3.3V_RUN
[    4.493323] +3.3V_LP0: supplied by +3.3V_SYS
[    4.498065] +1.05V_RUN_AVDD_HDMI_PLL: supplied by +1.05V_RUN
[    4.503927] +5V_HDMI_CON: supplied by +5V_SYS
[    4.509403] usb3-0 supply vbus not found, using dummy regulator
[    4.515403] usb3-1 supply vbus not found, using dummy regulator
[    4.523961] tegra-sor 54540000.sor: failed to probe output: -517
[    4.530137] panel supply power not found, using dummy regulator
[    4.605373] tegra-xusb 70090000.usb: Firmware timestamp: 2014-09-16 02:10:07 UTC
[    4.612784] tegra-xusb 70090000.usb: xHCI Host Controller
[    4.618204] tegra-xusb 70090000.usb: new USB bus registered, assigned bus number 1
[    4.627795] tegra-xusb 70090000.usb: hcc params 0x0184f525 hci version 0x100 quirks 0x00010010
[    4.636432] tegra-xusb 70090000.usb: irq 342, io mem 0x70090000
[    4.643178] hub 1-0:1.0: USB hub found
[    4.647025] hub 1-0:1.0: 6 ports detected
[    4.651759] tegra-xusb 70090000.usb: xHCI Host Controller
[    4.657239] tegra-xusb 70090000.usb: new USB bus registered, assigned bus number 2
[    4.664935] usb usb2: We don't know the algorithms for LPM for this host, disabling LPM.
[    4.673812] hub 2-0:1.0: USB hub found
[    4.677630] hub 2-0:1.0: 2 ports detected
[    4.682874] sdhci-tegra 700b0000.sdhci: allocated mmc-pwrseq
[    4.688629] mmc1: Unknown controller version (3). You may experience problems.
[    4.696069] mmc1: Invalid maximum block size, assuming 512 bytes
[    4.702577] +1.8V_VDDIO: voltage operation not allowed
[    4.707764] mmc1: Switching to 3.3V signalling voltage failed
[    4.764745] mmc1: SDHCI controller on 700b0000.sdhci [700b0000.sdhci] using ADMA 64-bit
[    4.773067] sdhci-tegra 700b0400.sdhci: Got CD GPIO
[    4.779980] sdhci-tegra 700b0400.sdhci: Got WP GPIO
[    4.787936] mmc2: Unknown controller version (3). You may experience problems.
[    4.795378] mmc2: Invalid maximum block size, assuming 512 bytes
[    4.831626] mmc1: new high speed SDIO card at address 0001
[    4.866629] mmc2: SDHCI controller on 700b0400.sdhci [700b0400.sdhci] using ADMA 64-bit
[    4.972664] [drm] Supports vblank timestamp caching Rev 2 (21.10.2013).
[    4.979320] [drm] No driver support for vblank timestamp query.
[    5.014711] usb 1-2: new high-speed USB device number 2 using tegra-xusb
[    5.026084] mmc2: new high speed SDHC card at address 0007
[    5.026760] mmcblk2: mmc2:0007 SD08G 7.42 GiB 
[    5.035290] GPT:Primary header alternate_lba != Alt. header my_lba
[    5.035293] GPT:3014591 != 15564799
[    5.035294] GPT:Primary header thinks Alt. header is not at the end of the disk.
[    5.035295] GPT:3014591 != 15564799
[    5.035297] GPT: Use GNU Parted to correct GPT errors.
[    5.035322]  mmcblk2: p1 p2 p3 p4 p5 p6 p7 p8 p9 p10 p11 p12
[    5.042224] Console: switching to colour frame buffer device 170x48
[    5.100284] drm drm: fb0:  frame buffer device
[    5.144744] [drm] Initialized tegra 0.0.0 20120330 on minor 0
[    5.151219] input: gpio-keys as /devices/soc0/gpio-keys/input/input4
[    5.158550] as3722-rtc as3722-rtc: setting system clock to 2000-01-01 01:00:40 UTC (946688440)
[    5.172773] +1.8V_RUN_CAM: disabling
[    5.176580] +1.2V_RUN_CAM_FRONT: disabling
[    5.180882] +1.05V_RUN_CAM_REAR: disabling
[    5.185248] +2.8V_RUN_TOUCH: disabling
[    5.189203] +2.8V_RUN_CAM_AF: disabling
[    5.193195] +1.8V_RUN_VPP_FUSE: disabling
[    5.197389] +5V_VDD_TS_SW: disabling
[    5.201149] ALSA device list:
[    5.204108]   #0: tegra-hda at 0x70038000 irq 341
[    5.208813]   #1: GoogleNyanBig
[    5.212756] EXT4-fs (mmcblk0p3): couldn't mount as ext3 due to feature incompatibilities
[    5.324965] uvcvideo: Found UVC 1.00 device HD WebCam (1bcf:2c67)
[    5.339935] input: HD WebCam as /devices/soc0/70090000.usb/usb1/1-2/1-2:1.0/input/input5
[    5.644975] EXT4-fs (mmcblk0p3): recovery complete
[    5.650567] EXT4-fs (mmcblk0p3): mounted filesystem with ordered data mode. Opts: (null)
[    5.658718] VFS: Mounted root (ext4 filesystem) on device 179:3.
[    5.665895] devtmpfs: mounted
[    5.669286] Freeing unused kernel memory: 1024K (c0c00000 - c0d00000)
[    5.694701] usb 1-3: new high-speed USB device number 3 using tegra-xusb
bash: cannot set terminal process group (-1): Inappropriate ioctl for device
bash: no job control in this shell
root@(none):/# [    6.777566] asix 1-3:1.0 eth0: register 'asix' at usb-70090000.usb-3, ASIX AX88772 USB 2.0 Ethernet, c8:d7:19:90:fa:65
[    7.124750] usb 1-1: new high-speed USB device number 4 using tegra-xusb
[    7.303117] usb-storage 1-1:1.0: USB Mass Storage device detected
[    7.310116] scsi host0: usb-storage 1-1:1.0
[    7.384856] scsi host0: runtime PM trying to activate child device host0 but parent (1-1:1.0) is not active
[    8.406713] scsi 0:0:0:0: Direct-Access     SanDisk  SDDR-113         9412 PQ: 0 ANSI: 0
[    8.578749] sd 0:0:0:0: [sda] 15523840 512-byte logical blocks: (7.95 GB/7.40 GiB)
[    8.587318] sd 0:0:0:0: [sda] Write Protect is off
[    8.592101] sd 0:0:0:0: [sda] Mode Sense: 03 00 00 00
[    8.597996] sd 0:0:0:0: [sda] No Caching mode page found
[    8.603295] sd 0:0:0:0: [sda] Assuming drive cache: write through
[    8.628180]  sda: sda1 sda2 sda3 sda4 sda5 sda6 sda7 sda8 sda9 sda10 sda11 sda12 sda13
[    8.641731] sd 0:0:0:0: [sda] Attached SCSI removable disk
mount -t sysfs none /sys
root@(none):/# 
root@(none):/# mount -t debugfs none /sys/kernel/debug
root@(none):/# 
root@(none):/# rtcwake -d rtc1 -m mem -s 3
rtcwake: assuming RTC uses UTC ...
rtcwake: wakeup from "mem" using /dev/rtc1 at Thu Jan  1 00:00:53 1970
[   31.835699] PM: Syncing filesystems ... done.
[   31.845151] Freezing user space processes ... [   31.846428] Double checking all user space processes after OOM killer disable... (elapsed 0.000 seconds) 
[   31.846463] Freezing remaining freezable tasks ... (elapsed 0.003 seconds) done.
[   31.849789] Suspending console(s) (use no_console_suspend to debug)
(elapsed 0.001 seconds) done.
[   32.076065] PM: suspend of devices complete after 202.497 msecs
[   32.076965] PM: late suspend of devices complete after 0.896 msecs
[   32.077811] PM: noirq suspend of devices complete after 0.842 msecs
[   32.077813] Disabling non-boot CPUs ...
[   32.114917] IRQ17 no longer affine to CPU1
[   32.115075] CPU1: shutdown
[   32.215076] CPU2: shutdown
[   32.325029] CPU3: shutdown
[   32.375479] Entering suspend state LP1
[   32.375493] Enabling non-boot CPUs ...
[   32.405840] CPU1 is up
[   32.445975] CPU2 is up
[   32.486220] CPU3 is up
[   32.486738] PM: noirq resume of devices complete after 0.514 msecs
[   32.488075] PM: early resume of devices complete after 0.820 msecs
[   32.540427] +1.8V_VDDIO: voltage operation not allowed
[   32.540430] mmc1: Switching to 3.3V signalling voltage failed
[   32.794712] tegra-sor 54540000.sor: failed to attach SOR: -110
[   32.811489] PM: resume of devices complete after 323.405 msecs
[   32.898895] Restarting tasks ... done.
root@(none):/# 
root@(none):/# rtcwake -d rtc1 -m mem -s 3
rtcwake: assuming RTC uses UTC ...
rtcwake: wakeup from "mem" using /dev/rtc1 at Thu Jan  1 00:00:58 1970
[   34.115541] PM: Syncing filesystems ... done.
[   34.125322] Freezing user space processes ... (elapsed 0.001 seconds) done.
[   34.133503] Double checking all user space processes after OOM killer disable... (elapsed 0.000 seconds) 
[   34.143118] Freezing remaining freezable tasks ... (elapsed 0.001 seconds) done.
[   34.151760] Suspending console(s) (use no_console_suspend to debug)
[   34.376103] PM: suspend of devices complete after 217.471 msecs
[   34.377707] PM: late suspend of devices complete after 1.595 msecs
[   34.378517] PM: noirq suspend of devices complete after 0.805 msecs
[   34.378520] Disabling non-boot CPUs ...
[   34.415001] CPU1: shutdown
[   34.514990] CPU2: shutdown
[   34.614792] IRQ17 no longer affine to CPU3
[   34.614965] CPU3: shutdown
[   34.665453] Entering suspend state LP1
[   34.665479] Enabling non-boot CPUs ...
[   34.695816] CPU1 is up
[   34.735959] CPU2 is up
[   34.776197] CPU3 is up
[   34.776732] PM: noirq resume of devices complete after 0.531 msecs
[   34.778401] PM: early resume of devices complete after 1.180 msecs
[   34.830385] +1.8V_VDDIO: voltage operation not allowed
[   34.830390] mmc1: Switching to 3.3V signalling voltage failed
[   35.084676] tegra-sor 54540000.sor: failed to attach SOR: -110
[   35.101713] PM: resume of devices complete after 323.306 msecs
[   35.186278] Restarting tasks ... done.
root@(none):/# 
root@(none):/# rtcwake -d rtc1 -m mem -s 3
rtcwake: assuming RTC uses UTC ...
rtcwake: wakeup from "mem" using /dev/rtc1 at Thu Jan  1 00:01:03 1970
[   36.405044] PM: Syncing filesystems ... done.
[   36.414656] Freezing user space processes ... (elapsed 0.001 seconds) done.
[   36.422749] Double checking all user space processes after OOM killer disable... (elapsed 0.000 seconds) 
[   36.432343] Freezing remaining freezable tasks ... (elapsed 0.001 seconds) done.
[   36.440977] Suspending console(s) (use no_console_suspend to debug)
[   36.666078] PM: suspend of devices complete after 218.232 msecs
[   36.667696] PM: late suspend of devices complete after 1.609 msecs
[   36.668506] PM: noirq suspend of devices complete after 0.805 msecs
[   36.668508] Disabling non-boot CPUs ...
[   36.704976] CPU1: shutdown
[   36.804966] CPU2: shutdown
[   36.904767] IRQ17 no longer affine to CPU3
[   36.904944] CPU3: shutdown
[   36.955441] Entering suspend state LP1
[   36.955467] Enabling non-boot CPUs ...
[   36.985798] CPU1 is up
[   37.025941] CPU2 is up
[   37.066172] CPU3 is up
[   37.066716] PM: noirq resume of devices complete after 0.540 msecs
[   37.068481] PM: early resume of devices complete after 1.248 msecs
[   37.109783] +1.8V_VDDIO: voltage operation not allowed
[   37.109786] mmc1: Switching to 3.3V signalling voltage failed
[   37.364612] tegra-sor 54540000.sor: failed to attach SOR: -110
[   37.380967] PM: resume of devices complete after 312.480 msecs
[   37.465490] Restarting tasks ... done.
root@(none):/# 
root@(none):/# rtcwake -d rtc1 -m mem -s 3
rtcwake: assuming RTC uses UTC ...
rtcwake: wakeup from "mem" using /dev/rtc1 at Thu Jan  1 00:01:08 1970
[   38.694904] PM: Syncing filesystems ... done.
[   38.704468] Freezing user space processes ... (elapsed 0.001 seconds) done.
[   38.712696] Double checking all user space processes after OOM killer disable... (elapsed 0.000 seconds) 
[   38.722302] Freezing remaining freezable tasks ... (elapsed 0.001 seconds) done.
[   38.730965] Suspending console(s) (use no_console_suspend to debug)
