

U-Boot 2011.03 (Jun 11 2013 - 06:07:37)

T114
Board: NVIDIA Dalmore
DRAM:  2 GiB
MMC:   Tegra2 SD/MMC: 0, Tegra2 SD/MMC: 1
In:    serial
Out:   serial
Err:   serial
Net:   Net Initialization Skipped
No ethernet found.
Hit any key to stop autoboot:  2  1  0 
Dalmore #
Dalmore #usb reset
(Re)start USB...
USB:   Register 10011 NbrPorts 1
USB EHCI 1.10
scanning bus for devices... 2 USB Device(s) found
       scanning bus for storage devices... 0 Storage Device(s) found
       scanning bus for ethernet devices... 1 Ethernet Device(s) found
Dalmore #setenv bootargs 'ignore_loglevel console=ttyS0,115200n8 rw root=/dev/mmcblk0p1 rootwait gpt debug init=/bin/bash'
Dalmore #setenv ipaddr 192.168.100.100; setenv serverip 192.168.100.1; setenv tftpserverip 192.168.100.1
Dalmore #tftpboot 0x81000000 zImage.tegra_defconfig
Waiting for Ethernet connection... done.
Using asx0 device
TFTP from server 192.168.100.1; our IP address is 192.168.100.100
Filename 'zImage.tegra_defconfig'.
Load address: 0x81000000
Loading: *#################################################  2.8 MiB/s
done
Bytes transferred = 4249312 (40d6e0 hex)
Dalmore #tftpboot 0x82000000 tegra114-dalmore.dtb
Using asx0 device
TFTP from server 192.168.100.1; our IP address is 192.168.100.100
Filename 'tegra114-dalmore.dtb'.
Load address: 0x82000000
Loading: *#################################################  2.5 MiB/s
done
Bytes transferred = 34015 (84df hex)
Dalmore #bootz 0x81000000 - 0x82000000
## Flattened Device Tree blob at 82000000
   Booting using the fdt blob at 0x82000000
   Loading Device Tree to 81ff4000, end 81fff4de ... OK

Starting kernel ...

Timer summary in microseconds:
       Mark    Elapsed  Stage
          0          0  awake
  3,089,421  3,089,421  usb_start
  7,092,465  4,003,044  eth_start
  7,092,463         -2  tftp start
 10,976,418  3,883,955  tftp done
 13,104,540  2,128,122  start_kernel
Uncompressing Linux... done, booting the kernel.
[    0.000000] Booting Linux on physical CPU 0x0
[    0.000000] Initializing cgroup subsys cpu
[    0.000000] Initializing cgroup subsys cpuacct
[    0.000000] Linux version 3.14.0-rc2-next-20140212-40139-g4602175 (pwalmsley@tamien) (gcc version 4.7.3 20130328 (prerelease) (crosstool-NG linaro-1.13.1-4.7-2013.04-20130415 - Linaro GCC 2013.04) ) #1 SMP PREEMPT Tue Feb 11 22:18:09 PST 2014
[    0.000000] CPU: ARMv7 Processor [412fc0f2] revision 2 (ARMv7), cr=10c5387d
[    0.000000] CPU: PIPT / VIPT nonaliasing data cache, PIPT instruction cache
[    0.000000] Machine model: NVIDIA Tegra114 Dalmore evaluation board
[    0.000000] debug: ignoring loglevel setting.
[    0.000000] cma: CMA: reserved 16 MiB at ae800000
[    0.000000] Memory policy: Data cache writealloc
[    0.000000] On node 0 totalpages: 524032
[    0.000000] free_area_init_node: node 0, pgdat c0823440, node_mem_map ed7f0000
[    0.000000]   Normal zone: 1520 pages used for memmap
[    0.000000]   Normal zone: 0 pages reserved
[    0.000000]   Normal zone: 194560 pages, LIFO batch:31
[    0.000000]   HighMem zone: 2574 pages used for memmap
[    0.000000]   HighMem zone: 329472 pages, LIFO batch:31
[    0.000000] Tegra Revision: A01 SKU: 0 CPU Process: 1 Core Process: 1
[    0.000000] PERCPU: Embedded 8 pages/cpu @ed7b7000 s9152 r8192 d15424 u32768
[    0.000000] pcpu-alloc: s9152 r8192 d15424 u32768 alloc=8*4096
[    0.000000] pcpu-alloc: [0] 0 [0] 1 [0] 2 [0] 3 
[    0.000000] Built 1 zonelists in Zone order, mobility grouping on.  Total pages: 522512
[    0.000000] Kernel command line: ignore_loglevel console=ttyS0,115200n8 rw root=/dev/mmcblk0p1 rootwait gpt debug init=/bin/bash
[    0.000000] PID hash table entries: 4096 (order: 2, 16384 bytes)
[    0.000000] Dentry cache hash table entries: 131072 (order: 7, 524288 bytes)
[    0.000000] Inode-cache hash table entries: 65536 (order: 6, 262144 bytes)
[    0.000000] Memory: 2053572K/2096128K available (5780K kernel code, 323K rwdata, 1948K rodata, 248K init, 344K bss, 42556K reserved, 1317888K highmem)
[    0.000000] Virtual kernel memory layout:
[    0.000000]     vector  : 0xffff0000 - 0xffff1000   (   4 kB)
[    0.000000]     fixmap  : 0xfff00000 - 0xfffe0000   ( 896 kB)
[    0.000000]     vmalloc : 0xf0000000 - 0xff000000   ( 240 MB)
[    0.000000]     lowmem  : 0xc0000000 - 0xef800000   ( 760 MB)
[    0.000000]     pkmap   : 0xbfe00000 - 0xc0000000   (   2 MB)
[    0.000000]     modules : 0xbf000000 - 0xbfe00000   (  14 MB)
[    0.000000]       .text : 0xc0008000 - 0xc07945a0   (7730 kB)
[    0.000000]       .init : 0xc0795000 - 0xc07d33c0   ( 249 kB)
[    0.000000]       .data : 0xc07d4000 - 0xc0824c60   ( 324 kB)
[    0.000000]        .bss : 0xc0824c6c - 0xc087b058   ( 345 kB)
[    0.000000] Preemptible hierarchical RCU implementation.
[    0.000000] NR_IRQS:16 nr_irqs:16 16
[   13.896928] sched_clock: 32 bits at 1000kHz, resolution 1000ns, wraps every 2147483648000ns
[    0.000392] Architected cp15 timer(s) running at 12.00MHz (virt).
[   11.922966] sched_clock: 56 bits at 12MHz, resolution 83ns, wraps every 2863311536128ns
[    0.000003] Switching to timer-based delay loop
[    0.000439] Console: colour dummy device 80x30
[    0.000472] Calibrating delay loop (skipped), value calculated using timer frequency.. 24.00 BogoMIPS (lpj=120000)
[    0.000488] pid_max: default: 32768 minimum: 301
[    0.000913] Mount-cache hash table entries: 512
[    0.021948] Initializing cgroup subsys debug
[    0.021982] Initializing cgroup subsys freezer
[    0.022055] CPU: Testing write buffer coherency: ok
[    0.022402] /cpus/cpu@0 missing clock-frequency property
[    0.022426] /cpus/cpu@1 missing clock-frequency property
[    0.022448] /cpus/cpu@2 missing clock-frequency property
[    0.022472] /cpus/cpu@3 missing clock-frequency property
[    0.022485] CPU0: thread -1, cpu 0, socket 0, mpidr 80000000
[    0.022511] Setting up static identity map for 0x8057a7e8 - 0x8057a880
[    0.080913] CPU1: Booted secondary processor
[    0.080940] CPU1: thread -1, cpu 1, socket 0, mpidr 80000001
[    0.100924] CPU2: Booted secondary processor
[    0.100949] CPU2: thread -1, cpu 2, socket 0, mpidr 80000002
[    0.120911] CPU3: Booted secondary processor
[    0.120935] CPU3: thread -1, cpu 3, socket 0, mpidr 80000003
[    0.121114] Brought up 4 CPUs
[    0.121142] SMP: Total of 4 processors activated.
[    0.121150] CPU: All CPU(s) started in SVC mode.
[    0.122192] devtmpfs: initialized
[    0.135630] VFP support v0.3: implementor 41 architecture 4 part 30 variant f rev 0
[    0.136395] pinctrl core: initialized pinctrl subsystem
[    0.137183] regulator-dummy: no parameters
[    0.138128] NET: Registered protocol family 16
[    0.139478] DMA: preallocated 256 KiB pool for atomic coherent allocations
[    0.140840] cpuidle: using governor ladder
[    0.140851] cpuidle: using governor menu
[    0.158564] No ATAGs?
[    0.158593] hw-breakpoint: found 5 (+1 reserved) breakpoint and 4 watchpoint registers.
[    0.158603] hw-breakpoint: maximum watchpoint size is 8 bytes.
[    0.178490] bio: create slab <bio-0> at 0
[    0.180220] vdd_ac_bat: 5000 mV 
[    0.180716] dvdd_ts: Failed to request enable GPIO61: -517
[    0.180902] reg-fixed-voltage 1.regulator: Failed to register regulator: -517
[    0.180929] platform 1.regulator: Driver reg-fixed-voltage requests probe deferral
[    0.181294] usb1_vbus: Failed to request enable GPIO108: -517
[    0.181464] reg-fixed-voltage 3.regulator: Failed to register regulator: -517
[    0.181491] platform 3.regulator: Driver reg-fixed-voltage requests probe deferral
[    0.181852] usb2_vbus: Failed to request enable GPIO86: -517
[    0.182021] reg-fixed-voltage 4.regulator: Failed to register regulator: -517
[    0.182047] platform 4.regulator: Driver reg-fixed-voltage requests probe deferral
[    0.182408] vdd_hdmi_5v0: Failed to request enable GPIO81: -517
[    0.182576] reg-fixed-voltage 5.regulator: Failed to register regulator: -517
[    0.182602] platform 5.regulator: Driver reg-fixed-voltage requests probe deferral
[    0.182707] platform 6.regulator: Driver reg-fixed-voltage requests probe deferral
[    0.184195] vgaarb: loaded
[    0.185534] SCSI subsystem initialized
[    0.186243] usbcore: registered new interface driver usbfs
[    0.186410] usbcore: registered new interface driver hub
[    0.186613] usbcore: registered new device driver usb
[    0.192398] vdd-cpu: 500 <--> 1520 mV at 1100 mV 
[    0.193215] tps65090 2-0048: No cache defaults, reading back from HW
[    0.199864] vdd-sys-5v0: no parameters
[    0.199951] vdd-sys-5v0: supplied by vdd_ac_bat
[    0.201569] vdd-sys-3v3: no parameters
[    0.201658] vdd-sys-3v3: supplied by vdd_ac_bat
[    0.203228] vdd-ao: no parameters
[    0.203305] vdd-ao: supplied by vdd_ac_bat
[    0.203700] vdd-lcd-bl: no parameters
[    0.203788] vdd-lcd-bl: supplied by vdd_ac_bat
[    0.204174] TPS65090_RAILSFET2: no parameters
[    0.204250] TPS65090_RAILSFET2: supplied by vdd_ac_bat
[    0.204634] vdd-modem-3v3: no parameters
[    0.204706] vdd-modem-3v3: supplied by vdd-sys-3v3
[    0.205093] avdd-lcd: no parameters
[    0.205165] avdd-lcd: supplied by vdd-sys-3v3
[    0.205565] vdd-lvds: no parameters
[    0.205637] vdd-lvds: supplied by vdd-sys-3v3
[    0.206041] vdd-sd-slot: no parameters
[    0.206114] vdd-sd-slot: supplied by vdd-sys-3v3
[    0.206492] vdd-com-3v3: no parameters
[    0.206563] vdd-com-3v3: supplied by vdd-sys-3v3
[    0.206969] vdd-sby-5v0: no parameters
[    0.207032] vdd-sby-5v0: supplied by vdd_ac_bat
[    0.207421] vdd-sby-3v3: no parameters
[    0.207483] vdd-sby-3v3: supplied by vdd_ac_bat
[    0.207968] genirq: Setting trigger mode 8 for irq 118 failed (gic_set_type+0x0/0xf0)
[    0.208551] palmas 2-0058: Irq flag is 0x00000000
[    0.223200] palmas 2-0058: Muxing GPIO ff, PWM 0, LED 0
[    0.232597] vddio-ddr: 1350 mV 
[    0.233522] vddio-ddr: supplied by vdd-ao
[    0.240631] vddio-1v8: 1800 mV 
[    0.241551] vddio-1v8: supplied by vdd-ao
[    0.248678] vdd-core: 900 <--> 1400 mV at 1100 mV 
[    0.249597] vdd-core: supplied by vdd-sys-3v3
[    0.253954] SMPS6: no parameters
[    0.261905] avdd-pll: 1050 mV 
[    0.262826] avdd-pll: supplied by vdd-sys-3v3
[    0.271315] sdhci-vdd-sd-slot: 2800 mV 
[    0.272232] sdhci-vdd-sd-slot: supplied by vdd-sys-3v3
[    0.274218] SMPS10_OUT2: at 5000 mV 
[    0.276250] SMPS10_OUT1: at 5000 mV 
[    0.279073] avdd-cam1: 2800 mV 
[    0.279982] avdd-cam1: supplied by vdd-sys-3v3
[    0.284143] avdd-cam2: 2800 mV 
[    0.285052] avdd-cam2: supplied by vdd-sys-3v3
[    0.289987] avdd-dsi-csi: 1200 mV 
[    0.290894] avdd-dsi-csi: supplied by vddio-1v8
[    0.295846] vpp-fuse: 1800 mV 
[    0.296756] vpp-fuse: supplied by vdd-sys-3v3
[    0.300125] LDO5: at 1200 mV 
[    0.301049] LDO5: supplied by vdd_ac_bat
[    0.303807] vdd-sensor-2v85: 2850 mV 
[    0.304710] vdd-sensor-2v85: supplied by vdd-sys-3v3
[    0.308861] vdd-af-cam1: 2800 mV 
[    0.309776] vdd-af-cam1: supplied by vdd-sys-3v3
[    0.318058] vdd-rtc: 900 mV 
[    0.318961] vdd-rtc: supplied by vdd-ao
[    0.323122] vddio-sdmmc-2: 1800 <--> 3300 mV at 3300 mV 
[    0.324027] vddio-sdmmc-2: supplied by sdhci-vdd-sd-slot
[    0.328947] hvdd-usb: 3300 mV 
[    0.329851] hvdd-usb: supplied by vdd-sys-5v0
[    0.334811] avdd-usb: 3300 mV 
[    0.335715] avdd-usb: supplied by vdd-sys-5v0
[    0.339072] rail-3v3: no parameters
[    0.341624] rail-5v0: no parameters
[    0.343365] REGEN3: no parameters
[    0.343746] SYSEN1: no parameters
[    0.344119] SYSEN2: no parameters
[    0.345003] Linux video capture interface: v2.00
[    0.345975] platform 70019010.iommu: Driver tegra-smmu requests probe deferral
[    0.346379] Advanced Linux Sound Architecture Driver Initialized.
[    0.347746] Bluetooth: Core ver 2.18
[    0.347826] NET: Registered protocol family 31
[    0.347835] Bluetooth: HCI device and connection manager initialized
[    0.347860] Bluetooth: HCI socket layer initialized
[    0.347883] Bluetooth: L2CAP socket layer initialized
[    0.347943] Bluetooth: SCO socket layer initialized
[    0.348668] cfg80211: Calling CRDA to update world regulatory domain
[    0.349424] Switched to clocksource arch_sys_counter
[    0.372693] NET: Registered protocol family 2
[    0.373638] TCP established hash table entries: 8192 (order: 3, 32768 bytes)
[    0.373742] TCP bind hash table entries: 8192 (order: 4, 65536 bytes)
[    0.373929] TCP: Hash tables configured (established 8192 bind 8192)
[    0.374344] TCP: reno registered
[    0.374362] UDP hash table entries: 512 (order: 2, 16384 bytes)
[    0.374404] UDP-Lite hash table entries: 512 (order: 2, 16384 bytes)
[    0.374835] NET: Registered protocol family 1
[    0.375556] RPC: Registered named UNIX socket transport module.
[    0.375566] RPC: Registered udp transport module.
[    0.375574] RPC: Registered tcp transport module.
[    0.375581] RPC: Registered tcp NFSv4.1 backchannel transport module.
[    0.375593] PCI: CLS 0 bytes, default 64
[    0.379882] futex hash table entries: 1024 (order: 4, 65536 bytes)
[    0.381086] bounce pool size: 64 pages
[    0.382692] squashfs: version 4.0 (2009/01/31) Phillip Lougher
[    0.383505] msgmni has been set to 1468
[    0.385308] io scheduler noop registered (default)
[    0.415007] tegra-apbdma 6000a000.dma: Tegra20 APB DMA driver register 32 channels
[    0.415917] Serial: 8250/16550 driver, 4 ports, IRQ sharing disabled
[    0.419604] 70006300.serial: ttyS0 at MMIO 0x70006300 (irq = 122, base_baud = 25500000) is a Tegra
[    1.440208] console [ttyS0] enabled
[    1.444876] [drm] Initialized drm 1.1.0 20060810
[    1.449870] tegra-dc 54200000.dc: missing "nvidia,head" property
[    1.456016] tegra-dc 54240000.dc: missing "nvidia,head" property
[    1.462694] platform 54300000.dsi: Driver tegra-dsi requests probe deferral
[    1.470232] tegra-hdmi 54280000.hdmi: failed to get VDD regulator
[    1.476339] platform 54280000.hdmi: Driver tegra-hdmi requests probe deferral
[    1.496453] loop: module loaded
[    1.503856] m25p80 spi32766.0: w25q32dw (4096 Kbytes)
[    1.512012] pegasus: v0.9.3 (2013/04/25), Pegasus/Pegasus II USB Ethernet driver
[    1.519563] usbcore: registered new interface driver pegasus
[    1.525394] usbcore: registered new interface driver asix
[    1.530932] usbcore: registered new interface driver ax88179_178a
[    1.537134] usbcore: registered new interface driver cdc_ether
[    1.543095] usbcore: registered new interface driver r815x
[    1.548738] usbcore: registered new interface driver CoreChips
[    1.554761] usbcore: registered new interface driver smsc75xx
[    1.560695] usbcore: registered new interface driver smsc95xx
[    1.566551] usbcore: registered new interface driver net1080
[    1.572340] usbcore: registered new interface driver cdc_subset
[    1.578376] usbcore: registered new interface driver zaurus
[    1.584133] usbcore: registered new interface driver cdc_ncm
[    1.589839] ehci_hcd: USB 2.0 'Enhanced' Host Controller (EHCI) Driver
[    1.596356] ehci-pci: EHCI PCI platform driver
[    1.600938] tegra-ehci: Tegra EHCI driver
[    1.605215] platform 7d008000.usb: Driver tegra-ehci requests probe deferral
[    1.612712] usbcore: registered new interface driver cdc_acm
[    1.618361] cdc_acm: USB Abstract Control Model driver for USB modems and ISDN adapters
[    1.626488] usbcore: registered new interface driver cdc_wdm
[    1.632322] usbcore: registered new interface driver usb-storage
[    1.638588] platform 7d008000.usb-phy: Driver tegra-phy requests probe deferral
[    1.646723] mousedev: PS/2 mouse device common for all mice
[    1.665337] palmas-rtc rtc.8: rtc core: registered rtc.8 as rtc0
[    1.676115] tegra_rtc 7000e000.rtc: rtc core: registered 7000e000.rtc as rtc1
[    1.683289] tegra_rtc 7000e000.rtc: Tegra internal Real Time Clock
[    1.691076] sbs-battery 0-000b: sbs_probe: Failed to get device status
[    1.697612] sbs-battery: probe of 0-000b failed with error -121
[    1.722965] sdhci: Secure Digital Host Controller Interface driver
[    1.729146] sdhci: Copyright(c) Pierre Ossman
[    1.733523] sdhci-pltfm: SDHCI platform and OF driver helper
[    1.739750] sdhci-tegra 78000400.sdhci: Got CD GPIO #170.
[    1.746226] mmc0: no vqmmc regulator found
[    1.750378] mmc0: no vmmc regulator found
[    1.754393] mmc0: Invalid maximum block size, assuming 512 bytes
[    1.799448] mmc0: SDHCI controller on 78000400.sdhci [78000400.sdhci] using ADMA
[    1.809091] mmc1: no vqmmc regulator found
[    1.813219] mmc1: no vmmc regulator found
[    1.817236] mmc1: Invalid maximum block size, assuming 512 bytes
[    1.859457] mmc1: SDHCI controller on 78000600.sdhci [78000600.sdhci] using ADMA
[    1.867939] usbcore: registered new interface driver usbhid
[    1.875596] usbhid: USB HID core driver
[    1.991768] mmc1: BKOPS_EN bit is not set
[    2.022402] mmc1: new HS200 MMC card at address 0001
[    2.028176] isa bounce pool size: 16 pages
[    2.032471] mmcblk0: mmc1:0001 SEM32G 29.1 GiB 
[    2.037344] mmcblk0boot0: mmc1:0001 SEM32G partition 1 4.00 MiB
[    2.043642] mmcblk0boot1: mmc1:0001 SEM32G partition 2 4.00 MiB
[    2.049987] mmcblk0rpmb: mmc1:0001 SEM32G partition 3 4.00 MiB
[    2.058819] Primary GPT is invalid, using alternate GPT.
[    2.064206]  mmcblk0: p1 p2 p3 p4 p5
[    2.073534]  mmcblk0boot1: unknown partition table
[    2.080707]  mmcblk0boot0: unknown partition table
[    2.335423] tegra30-i2s 70080400.i2s: DMA channels sourced from device 70080000.ahub
[    2.366406] tegra-snd-rt5640 sound.5: rt5640-aif1 <-> 70080400.i2s mapping ok
[    2.379281] input: NVIDIA Tegra Dalmore Headphones as /devices/soc0/sound.5/sound/card0/input0
[    2.390262] TCP: cubic registered
[    2.393878] NET: Registered protocol family 10
[    2.399775] mip6: Mobile IPv6
[    2.402742] sit: IPv6 over IPv4 tunneling driver
[    2.410355] NET: Registered protocol family 17
[    2.414836] NET: Registered protocol family 15
[    2.419447] Bluetooth: RFCOMM socket layer initialized
[    2.424597] Bluetooth: RFCOMM ver 1.11
[    2.428352] Bluetooth: BNEP (Ethernet Emulation) ver 1.3
[    2.433684] Bluetooth: BNEP socket layer initialized
[    2.438641] Bluetooth: HIDP (Human Interface Emulation) ver 1.2
[    2.444575] Bluetooth: HIDP socket layer initialized
[    2.450893] Registering SWP/SWPB emulation handler
[    2.461549] hvdd-usb: disabling
[    2.467666] vdd-af-cam1: disabling
[    2.473866] LDO5: disabling
[    2.479057] vpp-fuse: disabling
[    2.484442] avdd-cam2: disabling
[    2.489878] avdd-cam1: disabling
[    2.496916] vdd-com-3v3: disabling
[    2.500936] vdd-lvds: disabling
[    2.504679] avdd-lcd: disabling
[    2.509587] dvdd_ts: 1800 mV 
[    2.513389] usb1_vbus: 5000 mV 
[    2.516755] usb1_vbus: supplied by vdd-sys-5v0
[    2.522181] usb2_vbus: 5000 mV 
[    2.525501] usb2_vbus: supplied by vdd-sys-5v0
[    2.530898] vdd_hdmi_5v0: 5000 mV 
[    2.534524] vdd_hdmi_5v0: supplied by vdd-sys-5v0
[    2.542438] vdd_cam_1v8_reg: 1800 mV 
[    2.553565] [drm] Supports vblank timestamp caching Rev 2 (21.10.2013).
[    2.560315] [drm] No driver support for vblank timestamp query.
[    2.618492] Console: switching to colour frame buffer device 240x75
[    2.646673] host1x drm: fb0:  frame buffer device
[    2.651400] host1x drm: registered panic notifier
[    2.656119] [drm] Initialized tegra 0.0.0 20120330 on minor 0
[    2.662563] platform 7d008000.usb: Driver tegra-ehci requests probe deferral
[    2.671320] tegra-ehci 7d008000.usb: EHCI Host Controller
[    2.676821] tegra-ehci 7d008000.usb: new USB bus registered, assigned bus number 1
[    2.685579] tegra-ehci 7d008000.usb: irq 129, io mem 0x7d008000
[    2.709499] tegra-ehci 7d008000.usb: USB 2.0 started, EHCI 1.10
[    2.717918] hub 1-0:1.0: USB hub found
[    2.721874] hub 1-0:1.0: 1 port detected
[    2.728904] input: gpio-keys.3 as /devices/soc0/gpio-keys.3/input/input1
[    2.740309] palmas-rtc rtc.8: setting system clock to 2000-05-08 08:46:51 UTC (957775611)
[    2.765423] ALSA device list:
[    2.768408]   #0: NVIDIA Tegra Dalmore
[    2.782859] kjournald starting.  Commit interval 5 seconds
[    2.788458] EXT3-fs (mmcblk0p1): using internal journal
[    2.793763] EXT3-fs (mmcblk0p1): recovery complete
[    2.798620] EXT3-fs (mmcblk0p1): mounted filesystem with writeback data mode
[    2.805897] VFS: Mounted root (ext3 filesystem) on device 179:1.
[    2.813582] devtmpfs: mounted
[    2.816965] Freeing unused kernel memory: 248K (c0795000 - c07d3000)
bash: cannot set terminal process group (-1): Inappropriate ioctl for device
bash: no job control in this shell
I have no name!@(none):/# 