
U-Boot SPL 2013.04-rc2-06423-gf2e8a87-dirty (May 15 2013 - 09:45:39)


U-Boot 2013.04-rc2-06423-gf2e8a87-dirty (May 15 2013 - 09:45:39)

TEGRA30
Board: NVIDIA Beaver
DRAM:  2 GiB
MMC:   Tegra SD/MMC: 0, Tegra SD/MMC: 1
*** Warning - bad CRC, using default environment

In:    serial
Out:   serial
Err:   serial
Hit any key to stop autoboot:  2  0 
Tegra30 (Beaver) # 
Tegra30 (Beaver) # setenv bootargs 'console=ttyS0,230400n8 noinitrd root=/dev/mmcblk0p1 rw rootwait gpt ignore_loglevel debug'
Tegra30 (Beaver) # loady 0x81000000
## Ready for binary (ymodem) download to 0x81000000 at 230400 bps...
CSending: zImage
Sending: 

Transfer complete
yzModem - CRC mode, 7(SOH)/4369(STX)/0(CAN) packets, 3 retries
## Total Size      = 0x00444680 = 4474496 Bytes
Tegra30 (Beaver) # loady 0x82000000
## Ready for binary (ymodem) download to 0x82000000 at 230400 bps...
CSending: tegra30-beaver.dtb
Sending: 

Transfer complete
yzModem - CRC mode, 6(SOH)/20(STX)/0(CAN) packets, 3 retries
## Total Size      = 0x000051a8 = 20904 Bytes
Tegra30 (Beaver) # bootz 0x81000000 - 0x82000000
## Flattened Device Tree blob at 82000000
   Booting using the fdt blob at 0x82000000
   Loading Device Tree to 8fff7000, end 8ffff1a7 ... OK

Starting kernel .ø†ø†æ€˜€æ€˜€fæžÎžæžøÎxÎøÎžøž~8˜†žøžf†ø†ø†8xþžøžf†8àÎžþž`Îžøž~8~€žf8æÎxžfžø†æ€˜€[    0.000000] Booting Linux on physical CPU 0x0
[    0.000000] Initializing cgroup subsys cpu
[    0.000000] Initializing cgroup subsys cpuacct
[    0.000000] Linux version 3.12.0-rc5-next-20131015-17915-gfd4f11d (pwalmsley@tamien) (gcc version 4.5.1 (Sourcery G++ Lite 2010.09-50) ) #1 SMP PREEMPT Thu Oct 17 05:18:17 PDT 2013
[    0.000000] CPU: ARMv7 Processor [412fc099] revision 9 (ARMv7), cr=10c5387d
[    0.000000] CPU: PIPT / VIPT nonaliasing data cache, VIPT aliasing instruction cache
[    0.000000] Machine model: NVIDIA Tegra30 Beaver evaluation board
[    0.000000] debug: ignoring loglevel setting.
[    0.000000] cma: CMA: reserved 16 MiB at ae800000
[    0.000000] Memory policy: ECC disabled, Data cache writealloc
[    0.000000] On node 0 totalpages: 524032
[    0.000000] free_area_init_node: node 0, pgdat c083cf40, node_mem_map c0894000
[    0.000000]   Normal zone: 1520 pages used for memmap
[    0.000000]   Normal zone: 0 pages reserved
[    0.000000]   Normal zone: 194560 pages, LIFO batch:31
[    0.000000]   HighMem zone: 2574 pages used for memmap
[    0.000000]   HighMem zone: 329472 pages, LIFO batch:31
[    0.000000] fuse_speedo_calib: ATE prog ver 3.3
[    0.000000] Tegra30: CPU Speedo ID 5, Soc Speedo ID 2
[    0.000000] Tegra Revision: A03 SKU: 128 CPU Process: 4 Core Process: 0
[    0.000000] L310 cache controller enabled
[    0.000000] l2x0: 8 ways, CACHE_ID 0x410000c7, AUX_CTRL 0x7e480001, Cache size: 1024 kB
[    0.000000] PERCPU: Embedded 8 pages/cpu @c18a7000 s9152 r8192 d15424 u32768
[    0.000000] pcpu-alloc: s9152 r8192 d15424 u32768 alloc=8*4096
[    0.000000] pcpu-alloc: [0] 0 [0] 1 [0] 2 [0] 3 
[    0.000000] Built 1 zonelists in Zone order, mobility grouping on.  Total pages: 522512
[    0.000000] Kernel command line: console=ttyS0,230400n8 noinitrd root=/dev/mmcblk0p1 rw rootwait gpt ignore_loglevel debug
[    0.000000] PID hash table entries: 4096 (order: 2, 16384 bytes)
[    0.000000] Dentry cache hash table entries: 131072 (order: 7, 524288 bytes)
[    0.000000] Inode-cache hash table entries: 65536 (order: 6, 262144 bytes)
[    0.000000] Memory: 2053500K/2096128K available (6120K kernel code, 281K rwdata, 1776K rodata, 220K init, 340K bss, 42628K reserved, 1317888K highmem)
[    0.000000] Virtual kernel memory layout:
[    0.000000]     vector  : 0xffff0000 - 0xffff1000   (   4 kB)
[    0.000000]     fixmap  : 0xfff00000 - 0xfffe0000   ( 896 kB)
[    0.000000]     vmalloc : 0xf0000000 - 0xff000000   ( 240 MB)
[    0.000000]     lowmem  : 0xc0000000 - 0xef800000   ( 760 MB)
[    0.000000]     pkmap   : 0xbfe00000 - 0xc0000000   (   2 MB)
[    0.000000]     modules : 0xbf000000 - 0xbfe00000   (  14 MB)
[    0.000000]       .text : 0xc0008000 - 0xc07be560   (7898 kB)
[    0.000000]       .init : 0xc07bf000 - 0xc07f63c0   ( 221 kB)
[    0.000000]       .data : 0xc07f8000 - 0xc083e5c0   ( 282 kB)
[    0.000000]        .bss : 0xc083e5cc - 0xc0893918   ( 341 kB)
[    0.000000] Preemptible hierarchical RCU implementation.
[    0.000000] NR_IRQS:16 nr_irqs:16 16
[    0.000000] sched_clock: 32 bits at 1000kHz, resolution 1000ns, wraps every 2147483648000ns
[    0.000000] Console: colour dummy device 80x30
[    0.000578] Calibrating delay loop... 2793.47 BogoMIPS (lpj=13967360)
[    0.059935] pid_max: default: 32768 minimum: 301
[    0.060287] Mount-cache hash table entries: 512
[    0.070419] Initializing cgroup subsys debug
[    0.070438] Initializing cgroup subsys freezer
[    0.070498] CPU: Testing write buffer coherency: ok
[    0.070894] CPU0: thread -1, cpu 0, socket 0, mpidr 80000000
[    0.070944] Setting up static identity map for 0xc05d2008 - 0xc05d20a0
[    0.131288] CPU1: Booted secondary processor
[    0.189976] CPU1: thread -1, cpu 1, socket 0, mpidr 80000001
[    0.211241] CPU2: Booted secondary processor
[    0.269976] CPU2: thread -1, cpu 2, socket 0, mpidr 80000002
[    0.291259] CPU3: Booted secondary processor
[    0.349976] CPU3: thread -1, cpu 3, socket 0, mpidr 80000003
[    0.350046] Brought up 4 CPUs
[    0.350062] SMP: Total of 4 processors activated.
[    0.350069] CPU: All CPU(s) started in SVC mode.
[    0.350886] devtmpfs: initialized
[    0.361567] VFP support v0.3: implementor 41 architecture 3 part 30 variant 9 rev 4
[    0.361852] pinctrl core: initialized pinctrl subsystem
[    0.362251] regulator-dummy: no parameters
[    0.365056] NET: Registered protocol family 16
[    0.367496] DMA: preallocated 256 KiB pool for atomic coherent allocations
[    0.368138] cpuidle: using governor ladder
[    0.368144] cpuidle: using governor menu
[    0.376055] No ATAGs?
[    0.376077] hw-breakpoint: found 5 (+1 reserved) breakpoint and 1 watchpoint registers.
[    0.376083] hw-breakpoint: maximum watchpoint size is 4 bytes.
[    0.385276] bio: create slab <bio-0> at 0
[    0.386345] vdd_5v_in: 5000 mV 
[    0.386477] platform 1.regulator: Driver reg-fixed-voltage requests probe deferral
[    0.386518] platform 2.regulator: Driver reg-fixed-voltage requests probe deferral
[    0.386663] vdd_5v_sata: 5000 mV 
[    0.386689] vdd_5v_sata: supplied by vdd_5v_in
[    0.386918] usb1_vbus: 5000 mV 
[    0.386956] usb1_vbus: supplied by vdd_5v_in
[    0.387148] usb3_vbus: 5000 mV 
[    0.387169] usb3_vbus: supplied by vdd_5v_in
[    0.387278] platform 6.regulator: Driver reg-fixed-voltage requests probe deferral
[    0.387414] sys_3v3_pexs: 3300 mV 
[    0.387454] reg-fixed-voltage 7.regulator: Failed to find supply vin
[    0.387548] reg-fixed-voltage 7.regulator: Failed to register regulator: -517
[    0.387560] platform 7.regulator: Driver reg-fixed-voltage requests probe deferral
[    0.388349] vgaarb: loaded
[    0.389206] SCSI subsystem initialized
[    0.389527] usbcore: registered new interface driver usbfs
[    0.389608] usbcore: registered new interface driver hub
[    0.389748] usbcore: registered new device driver usb
[    0.393279] tps62361-vout: 500 <--> 1500 mV at 1160 mV 
[    0.398923] vdd_1v8_gen: 1800 mV 
[    0.398968] vdd_1v8_gen: supplied by vdd_5v_in
[    0.402124] vddio_ddr_1v2: 1200 mV 
[    0.402629] vddio_ddr_1v2: supplied by vdd_5v_in
[    0.405985] vdd_1v5_gen: 1500 mV 
[    0.406016] vdd_1v5_gen: supplied by vdd_5v_in
[    0.409385] vdd_cpu,vdd_sys: 1000 mV 
[    0.411834] vdd_pexa,vdd_pexb: 1050 mV 
[    0.411864] vdd_pexa,vdd_pexb: supplied by vdd_1v5_gen
[    0.414672] vdd_sata,avdd_plle: 1050 mV 
[    0.414703] vdd_sata,avdd_plle: supplied by vdd_1v5_gen
[    0.417152] vdd_rtc: 1200 mV 
[    0.417183] vdd_rtc: supplied by vdd_5v_in
[    0.419648] vddio_sdmmc,avdd_vdac: 3300 mV 
[    0.419679] vddio_sdmmc,avdd_vdac: supplied by vdd_5v_in
[    0.422458] avdd_dsi_csi,pwrdet_mipi: 1200 mV 
[    0.422489] avdd_dsi_csi,pwrdet_mipi: supplied by vdd_1v8_gen
[    0.424957] vdd_pllm,x,u,a_p_c_s: 1200 mV 
[    0.424987] vdd_pllm,x,u,a_p_c_s: supplied by vdd_1v8_gen
[    0.427757] vdd_ddr_hs: 1000 mV 
[    0.427787] vdd_ddr_hs: supplied by vdd_1v8_gen
[    0.428163] Linux video capture interface: v2.00
[    0.428639] platform 7000f010.iommu: Driver tegra-smmu requests probe deferral
[    0.428878] Advanced Linux Sound Architecture Driver Initialized.
[    0.429506] Bluetooth: Core ver 2.17
[    0.429564] NET: Registered protocol family 31
[    0.429569] Bluetooth: HCI device and connection manager initialized
[    0.429588] Bluetooth: HCI socket layer initialized
[    0.429603] Bluetooth: L2CAP socket layer initialized
[    0.429640] Bluetooth: SCO socket layer initialized
[    0.430167] cfg80211: Calling CRDA to update world regulatory domain
[    0.430899] Switched to clocksource timer_us
[    0.440331] NET: Registered protocol family 2
[    0.441069] TCP established hash table entries: 8192 (order: 3, 32768 bytes)
[    0.441129] TCP bind hash table entries: 8192 (order: 4, 65536 bytes)
[    0.441206] TCP: Hash tables configured (established 8192 bind 8192)
[    0.441709] TCP: reno registered
[    0.441722] UDP hash table entries: 512 (order: 2, 16384 bytes)
[    0.441780] UDP-Lite hash table entries: 512 (order: 2, 16384 bytes)
[    0.442155] NET: Registered protocol family 1
[    0.442777] RPC: Registered named UNIX socket transport module.
[    0.442785] RPC: Registered udp transport module.
[    0.442788] RPC: Registered tcp transport module.
[    0.442792] RPC: Registered tcp NFSv4.1 backchannel transport module.
[    0.442801] PCI: CLS 0 bytes, default 64
[    0.443782] hw perfevents: enabled with ARMv7 Cortex-A9 PMU driver, 7 counters available
[    0.446126] bounce pool size: 64 pages
[    0.447315] squashfs: version 4.0 (2009/01/31) Phillip Lougher
[    0.448002] msgmni has been set to 1468
[    0.449123] io scheduler noop registered (default)
[    0.449856] platform 3000.pcie-controller: Driver tegra-pcie requests probe deferral
[    0.453670] tegra-apbdma 6000a000.dma: Tegra20 APB DMA driver register 32 channels
[    0.454096] Serial: 8250/16550 driver, 4 ports, IRQ sharing disabled
[    0.455420] 70006000.serial: ttyS0 at MMIO 0x70006000 (irq = 68, base_baud = 25500000) is a Tegra
[    0.855916] console [ttyS0] enabled
[    0.858299] [drm] Initialized drm 1.1.0 20060810
[    0.861833] tegra-hdmi 54280000.hdmi: failed to get VDD regulator
[    0.864900] platform 54280000.hdmi: Driver tegra-hdmi requests probe deferral
[    0.872122] loop: module loaded
[    0.876393] m25p80 spi32766.1: w25q32 (4096 Kbytes)
[    0.879962] pegasus: v0.9.3 (2013/04/25), Pegasus/Pegasus II USB Ethernet driver
[    0.883779] usbcore: registered new interface driver pegasus
[    0.886679] usbcore: registered new interface driver asix
[    0.889437] usbcore: registered new interface driver ax88179_178a
[    0.892562] usbcore: registered new interface driver cdc_ether
[    0.895537] usbcore: registered new interface driver r815x
[    0.898350] usbcore: registered new interface driver smsc75xx
[    0.901319] usbcore: registered new interface driver smsc95xx
[    0.904252] usbcore: registered new interface driver net1080
[    0.907140] usbcore: registered new interface driver cdc_subset
[    0.910155] usbcore: registered new interface driver zaurus
[    0.913045] usbcore: registered new interface driver cdc_ncm
[    0.915922] ehci_hcd: USB 2.0 'Enhanced' Host Controller (EHCI) Driver
[    0.919195] ehci-pci: EHCI PCI platform driver
[    0.921487] tegra-ehci: Tegra EHCI driver
[    0.923653] platform 7d008000.usb: Driver tegra-ehci requests probe deferral
[    0.927408] usbcore: registered new interface driver cdc_acm
[    0.930245] cdc_acm: USB Abstract Control Model driver for USB modems and ISDN adapters
[    0.934322] usbcore: registered new interface driver cdc_wdm
[    0.937222] usbcore: registered new interface driver usb-storage
[    0.941874] mousedev: PS/2 mouse device common for all mice
[    0.945697] tegra_rtc 7000e000.rtc: rtc core: registered 7000e000.rtc as rtc0
[    0.949301] tegra_rtc 7000e000.rtc: Tegra internal Real Time Clock
[    0.965312] tps65910-rtc tps65910-rtc: rtc core: registered tps65910-rtc as rtc1
[    0.970333] sdhci: Secure Digital Host Controller Interface driver
[    0.973450] sdhci: Copyright(c) Pierre Ossman
[    0.975635] sdhci-pltfm: SDHCI platform and OF driver helper
[    0.978822] sdhci-tegra 78000000.sdhci: Got CD GPIO #69.
[    0.981513] sdhci-tegra 78000000.sdhci: Got WP GPIO #155.
[    0.985279] sdhci-tegra 78000000.sdhci: dummy supplies not allowed
[    0.988377] mmc0: no vqmmc regulator found
[    0.990435] sdhci-tegra 78000000.sdhci: dummy supplies not allowed
[    0.993546] mmc0: no vmmc regulator found
[    0.995559] mmc0: Invalid maximum block size, assuming 512 bytes
[    1.040913] mmc0: SDHCI controller on 78000000.sdhci [78000000.sdhci] using ADMA
[    1.045735] sdhci-tegra 78000600.sdhci: dummy supplies not allowed
[    1.048835] mmc1: no vqmmc regulator found
[    1.050904] sdhci-tegra 78000600.sdhci: dummy supplies not allowed
[    1.054003] mmc1: no vmmc regulator found
[    1.056013] mmc1: Invalid maximum block size, assuming 512 bytes
[    1.100908] mmc1: SDHCI controller on 78000600.sdhci [78000600.sdhci] using ADMA
[    1.107443] usbcore: registered new interface driver usbhid
[    1.112280] usbhid: USB HID core driver
[    1.259336] mmc1: new high speed MMC card at address 0001
[    1.262508] mmcblk0: mmc1:0001 SEM16G 14.8 GiB 
[    1.265043] mmcblk0boot0: mmc1:0001 SEM16G partition 1 1.00 MiB
[    1.268272] mmcblk0boot1: mmc1:0001 SEM16G partition 2 1.00 MiB
[    1.271477] mmcblk0rpmb: mmc1:0001 SEM16G partition 3 128 KiB
[    1.278422] Primary GPT is invalid, using alternate GPT.
[    1.281121]  mmcblk0: p1 p2 p3 p4 p5
[    1.287072]  mmcblk0boot1: unknown partition table
[    1.292445]  mmcblk0boot0: unknown partition table
[    1.539607] tegra-snd-rt5640 sound.4: rt5640-aif1 <-> 70080400.i2s mapping ok
[    1.546199] input: NVIDIA Tegra Beaver Headphones as /devices/soc0/sound.4/sound/card0/input0
[    1.551736] TCP: cubic registered
[    1.553601] NET: Registered protocol family 10
[    1.556864] mip6: Mobile IPv6
[    1.558358] sit: IPv6 over IPv4 tunneling driver
[    1.561917] NET: Registered protocol family 17
[    1.564182] NET: Registered protocol family 15
[    1.566579] Bluetooth: RFCOMM socket layer initialized
[    1.569156] Bluetooth: RFCOMM ver 1.11
[    1.571056] Bluetooth: BNEP (Ethernet Emulation) ver 1.3
[    1.573733] Bluetooth: BNEP socket layer initialized
[    1.576223] Bluetooth: HIDP (Human Interface Emulation) ver 1.2
[    1.579201] Bluetooth: HIDP socket layer initialized
[    1.582141] Registering SWP/SWPB emulation handler
[    1.585019] vdd_sata,avdd_plle: disabling
[    1.588679] chargepump_5v: 5000 mV 
[    1.591956] vdd_ddr: 1500 mV 
[    1.593479] vdd_ddr: supplied by vdd_5v_in
[    1.596693] sys_3v3,vdd_3v3_alw: 3300 mV 
[    1.598726] sys_3v3,vdd_3v3_alw: supplied by vdd_5v_in
[    1.601557] sys_3v3_pexs: 3300 mV 
[    1.603282] sys_3v3_pexs: supplied by sys_3v3,vdd_3v3_alw
[    1.606502] tegra-pcie 3000.pcie-controller: 2x3 configuration
[    1.613993] tegra-pcie 3000.pcie-controller: probing port 0, using 2 lanes
[    1.671754] tegra-pcie 3000.pcie-controller: probing port 2, using 2 lanes
[    2.079401] tegra-pcie 3000.pcie-controller: link 2 down, retrying
[    2.486859] tegra-pcie 3000.pcie-controller: link 2 down, retrying
[    2.894157] tegra-pcie 3000.pcie-controller: link 2 down, retrying
[    2.899271] tegra-pcie 3000.pcie-controller: link 2 down, ignoring
[    2.902543] tegra-pcie 3000.pcie-controller: PCI host bridge to bus 0000:00
[    2.906041] pci_bus 0000:00: root bus resource [mem 0x20000000-0x27ffffff]
[    2.909493] pci_bus 0000:00: root bus resource [mem 0x28000000-0x3fffffff pref]
[    2.913174] pci_bus 0000:00: root bus resource [bus 00-ff]
[    2.915928] pci_bus 0000:00: root bus resource [io  0x1000-0xffff]
[    2.919058] pci 0000:00:01.0: [10de:0e1c] type 01 class 0x060400
[    2.922136] pci 0000:00:01.0: PME# supported from D0 D1 D2 D3hot D3cold
[    2.925647] PCI: bus0: Fast back to back transfers disabled
[    2.928446] pci 0000:00:01.0: bridge configuration invalid ([bus 00-00]), reconfiguring
[    2.932629] pci 0000:01:00.0: [10ec:8168] type 00 class 0x020000
[    2.935662] pci 0000:01:00.0: reg 0x10: [io  0x0000-0x00ff]
[    2.938470] pci 0000:01:00.0: reg 0x18: [mem 0x00000000-0x00000fff 64bit pref]
[    2.942112] pci 0000:01:00.0: reg 0x20: [mem 0x00000000-0x00003fff 64bit pref]
[    2.945781] pci 0000:01:00.0: supports D1 D2
[    2.947924] pci 0000:01:00.0: PME# supported from D0 D1 D2 D3hot D3cold
[    2.970924] PCI: bus1: Fast back to back transfers disabled
[    2.973725] pci_bus 0000:01: busn_res: [bus 01-ff] end is updated to 01
[    2.977080] pci 0000:00:01.0: BAR 9: assigned [mem 0x28000000-0x280fffff 64bit pref]
[    2.980978] pci 0000:00:01.0: BAR 7: assigned [io  0x1000-0x1fff]
[    2.984041] pci 0000:01:00.0: BAR 4: assigned [mem 0x28000000-0x28003fff 64bit pref]
[    2.987934] pci 0000:01:00.0: BAR 2: assigned [mem 0x28004000-0x28004fff 64bit pref]
[    2.991834] pci 0000:01:00.0: BAR 0: assigned [io  0x1000-0x10ff]
[    2.994895] pci 0000:00:01.0: PCI bridge to [bus 01]
[    2.997386] pci 0000:00:01.0:   bridge window [io  0x1000-0x1fff]
[    3.000445] pci 0000:00:01.0:   bridge window [mem 0x28000000-0x280fffff 64bit pref]
[    3.004350] pci 0000:00:01.0: nv_msi_ht_cap_quirk didn't locate host bridge
[    3.008030] r8169 Gigabit Ethernet driver 2.3LK-NAPI loaded
[    3.010880] pcieport 0000:00:01.0: driver skip pci_set_master, fix it!
[    3.014169] PCI: enabling device 0000:01:00.0 (0140 -> 0143)
[    3.017861] r8169 0000:01:00.0 eth0: RTL8168evl/8111evl at 0xf0022000, 02:04:4b:01:60:a6, XID 0c900800 IRQ 472
[    3.022896] r8169 0000:01:00.0 eth0: jumbo features [frames: 9200 bytes, tx checksumming: ko]
[    3.029051] [drm] Supports vblank timestamp caching Rev 1 (10.10.2010).
[    3.032523] [drm] No driver support for vblank timestamp query.
[    3.035519] tegra-host1x 50000000.host1x: No connectors reported connected with modes
[    3.039459] [drm] Cannot find any crtc or sizes - going 1024x768
[    3.058598] Console: switching to colour frame buffer device 128x48
[    3.067808] tegra-host1x 50000000.host1x: fb0:  frame buffer device
[    3.070966] tegra-host1x 50000000.host1x: registered panic notifier
[    3.074118] [drm] Initialized tegra 0.0.0 20120330 on minor 0
[    3.080081] utmi_phy_clk_enable: timeout waiting for phy to stabilize
[    3.083327] tegra-ehci 7d008000.usb: EHCI Host Controller
[    3.086053] tegra-ehci 7d008000.usb: new USB bus registered, assigned bus number 1
[    3.090176] tegra-ehci 7d008000.usb: irq 129, io mem 0x7d008000
[    3.110914] tegra-ehci 7d008000.usb: USB 2.0 started, EHCI 1.00
[    3.114468] hub 1-0:1.0: USB hub found
[    3.116386] hub 1-0:1.0: 1 port detected
[    3.118865] tegra_rtc 7000e000.rtc: setting system clock to 1970-01-01 00:03:50 UTC (230)
[    3.130617] ALSA device list:
[    3.132167]   #0: NVIDIA Tegra Beaver
[    3.303926] kjournald starting.  Commit interval 5 seconds
[    3.305595] EXT3-fs (mmcblk0p1): using internal journal
[    3.307055] EXT3-fs (mmcblk0p1): recovery complete
[    3.307058] EXT3-fs (mmcblk0p1): mounted filesystem with writeback data mode
[    3.307128] VFS: Mounted root (ext3 filesystem) on device 179:1.
[    3.309371] devtmpfs: mounted
[    3.309545] Freeing unused kernel memory: 220K (c07bf000 - c07f6000)
 
INIT: version 2.88 booting
[info] Using makefile-style concurrent boot in runlevel S.
[....] Starting the hotplug events dispatcher: udevd[    4.201991] udevd[178]: starting version 175
[ ok .
[....] Synthesizing the initial hotplug events...[ ok done.
[....] Waiting for /dev to be fully populated...[ ok done.
[....] Activating swap...[ ok done.
[....] Cleaning up temporary files... /tmp[ ok .
[....] Activating lvm and md swap...[ ok done.
[....] Checking file systems...fsck from util-linux 2.20.1
[ ok done.
[....] Mounting local filesystems...[ ok done.
[....] Activating swapfile swap...[ ok done.
[....] Cleaning up temporary files...[ ok .
[....] Setting kernel variables ...[ ok done.
[....] Configuring network interfaces...[ ok done.
[....] Starting rpcbind daemon...[ ok .
[....] Starting NFS common utilities: statd idmapd[FAIL failed!
[....] Cleaning up temporary files...[ ok .
[....] Starting network benchmark server[ ok .
[....] startpar: service(s) returned failure: nfs-common ...[FAIL failed!
INIT: Entering runlevel: 2
[info] Using makefile-style concurrent boot in runlevel 2.
[....] Starting network benchmark server[FAIL failed!
[....] Starting rpcbind daemon...[....] Already running.[ ok .
[....] Starting NFS common utilities: statd idmapd[FAIL failed!
[....] Starting system message bus: dbus[ ok .
[....] startpar: service(s) returned failure: nfs-common ...[FAIL failed!

Debian GNU/Linux wheezy/sid armel ttyS0

armel login: 