[0000.736] [TegraBoot] (version 23.00.2015.14-mobile-1ef66670)
[0000.741] Processing in cold boot mode Bootloader 2
[0000.746] A01Q Bootrom Patch rev = 3
[0000.749] Power-up reason: on button
[0000.753] No Battery Present
[0000.756] Platform has Ddr4 type ram
[0000.759] max77620 disabling SD1 Remote Sense
[0000.763] Setting Ddr voltage to 1125mv
[0000.768] Serial Number of Pmic Max77663: 0x40daf
[0000.775] Entering ramdump check
[0000.778] Get RamDumpCarveOut = 0x0
[0000.781] RamDumpCarveOut=0x0,  RamDumperFlag=0xe59ff3f8
[0000.787] Last reboot was clean, booting normally!
[0000.791] Sdram initialization is successful 
[0000.795] SecureOs Carveout Base=0xff800000 Size=0x00800000
[0000.801] GSC1 Carveout Base=0xff700000 Size=0x00100000
[0000.827] GSC2 Carveout Base=0xff600000 Size=0x00100000
[0000.852] GSC3 Carveout Base=0xff500000 Size=0x00100000
[0000.858] GSC4 Carveout Base=0xff400000 Size=0x00100000
[0000.863] GSC5 Carveout Base=0xff300000 Size=0x00100000
[0000.868] BpmpFw Carveout Base=0xff2c0000 Size=0x00040000
[0000.873] Lp0 Carveout Base=0xff2bf000 Size=0x00001000
[0000.889] RamDump Carveout Base=0xff23f000 Size=0x00080000
[0000.894] Platform-DebugCarveout: 0
[0000.897] Nck Carveout Base=0xff03f000 Size=0x00200000
[0000.946] Using GPT Primary to query partitions 
[0000.952] Loading Tboot-CPU binary
[0001.001] Verifying bootloader in OdmNonSecureSBK mode
[0001.011] Bootloader load address is 0xa0000000,                            entry address is 0xa0000258
[0001.020] Bootloader downloaded successfully.
[0001.024] Downloaded Tboot-CPU binary to 0xa0000258
[0001.030] MAX77620_GPIO1 Configured.
[0001.033] MAX77620_GPIO5 Configured.
[0001.037] CPU power rail is up
[0001.040] CPU clock enabled
[0001.043] Performing RAM repair
[0001.046] Updating A64 Warmreset Address to 0xa00002e9
[0001.067] Bootloader DTB Load Address: 0x83000000
[0001.084] Kernel DTB Load Address: 0x83080000
[0001.089] Loading cboot binary
[0001.183] Verifying bootloader in OdmNonSecureSBK mode
[0001.270] Bootloader load address is 0x8010fda8,                            entry address is 0x80110000
[0001.280] Bootloader downloaded successfully.
[0001.284] GPT: Partition NOT found ! 
[0001.287] Find Partition via GPT Failed
[0001.291] function NvTbootGetBinaryOffsets: 0x845208 error
[0001.296] Error in NvTbootLoadBinary: 0x845208 !
[0001.301] GPT: Partition NOT found ! 
[0001.304] No FB partition
[0001.307] Next binary entry address: 0x80110000 
[0001.311] BoardId: 2595
[0001.316] dram memory type is 3
[0001.322] WB0 init successful
[0001.348] Bpmp FW successfully loaded
[0001.352] Set NvDecSticky Bits
[0001.355] GSC1 address : ff700000
[0001.359] GSC2 address : ff600000
[0001.362] GSC3 address : ff500000
[0001.366] GSC4 address : ff400000
[0001.370] GSC5 address : ff300000
[0001.373] GSC MC Settings done
[0001.378] TOS old plaintext Image length 61440
[0001.385] *** Secure OS image signature not verified ***
[0001.390] Loading and Validation of Secure OS Successful
[0001.395] NvTbootPackSdramParams: start. 
[0001.400] NvTbootPackSdramParams: done. 
[0001.403] Tegraboot started after 728616 us
[0001.407] Basic modules init took 348605 us
[0001.412] Sec Bootdevice Read Time = 203 ms, Read Size = 8459 KB
[0001.417] Next stage binary read took 15405 us
[0001.422] Carveout took 252725 us
[0001.425] CPU initialization took 92315 us
[0001.429] Total time taken by TegraBoot 709050 us

[0001.433] Starting CPU & Halting co-processor 

64b[0001.569] LPDDR4 Training: Number of tables = 10
[0001.573] EMC Training (SRC-freq: 204000; DST-freq: 408000)
[0001.579] EMC Training Successful
[0001.582] EMC Training (SRC-freq: 204000; DST-freq: 665600)
[0001.588] EMC Training Successful
[0001.591] EMC Training (SRC-freq: 204000; DST-freq: 800000)
[0001.602] EMC Training Successful
[0001.605] EMC Training (SRC-freq: 204000; DST-freq: 1065600)
[0001.628] EMC Training Successful
[0001.631] EMC Training (SRC-freq: 204000; DST-freq: 1331200)
[0001.653] EMC Training Successful
[0001.656] EMC Training (SRC-freq: 204000; DST-freq: 1600000)
[0001.675] EMC Training Successful
[0001.679] Switching to 800000 KHz Success
[0001.712] LPDDR4 Training: Number of tables = 10


U-Boot 2015.07-rc2-g2ac3917 (Nov 09 2015 - 13:12:08 -0800)

TEGRA210
Model: NVIDIA P2371-0000
DRAM:  3 GiB
MC:   Tegra SD/MMC: 0, Tegra SD/MMC: 1
*** Warning - bad CRC, using default environment

In:    serial
Out:   serial
Err:   serial
Net:   Net Initialization Skipped
No ethernet found.
Hit any key to stop autoboot:  2  0 
Tegra210 (P2371-0000) # 
Tegra210 (P2371-0000) # ums 0 mmc 0
UMS: disk start sector: 0x0, count: 0x1d5a000
|/-\|/-\/-\|/-\/-\|/-\/-\|/-\/-\|/-\/-\|/-\/-\|/-\/-\|/-\/-\|/-\/-\|/-\/-\|/-\/-CTRL+C - Operation aborted
Tegra210 (P2371-0000) # 
Tegra210 (P2371-0000) # env set fdt_copy_node_names /cpus:/psci
Tegra210 (P2371-0000) # setenv rootpart 1
Tegra210 (P2371-0000) # setenv devtype mmc
Tegra210 (P2371-0000) # setenv devnum 0
Tegra210 (P2371-0000) # part uuid ${devtype} ${devnum}:${rootpart} uuid
Tegra210 (P2371-0000) # setenv bootargs ignore_loglevel console=ttyS0,115200n8 earlycon=uart8250,mmio32,0x70006000 rw root=/dev/mmcblk0p1 rootwait debug earlyprintk init=/bin/bash
Tegra210 (P2371-0000) # load ${devtype} ${devnum}:${rootpart} ${kernel_addr_r} /boot/Image.defconfig
11387904 bytes read in 718 ms (15.1 MiB/s)
Tegra210 (P2371-0000) # load ${devtype} ${devnum}:${rootpart} ${fdt_addr_r} /boot/tegra210-p2371-0000.dtb
37136 bytes read in 454 ms (79.1 KiB/s)
Tegra210 (P2371-0000) # load ${devtype} ${devnum}:${rootpart} ${ramdisk_addr_r} /boot/tegra-ramdisk.img
1627787 bytes read in 494 ms (3.1 MiB/s)
Tegra210 (P2371-0000) # ramdisk_size=${filesize}
Tegra210 (P2371-0000) # booti ${kernel_addr_r} - ${fdt_addr_r}
## Flattened Device Tree blob at 82000000
   Booting using the fdt blob at 0x82000000
   Using Device Tree in place at 0000000082000000, end 000000008200c10f

Starting kernel ...

[    0.000000] Booting Linux on physical CPU 0x0
[    0.000000] Linux version 4.5.0-rc6-next-20160302+ (pwalmsley@tamien) (gcc version 4.9.2 20140904 (prerelease) (crosstool-NG linaro-1.13.1-4.9-2014.09 - Linaro GCC 4.9-2014.09) ) #1 SMP PREEMPT Tue Mar 1 23:20:34 PST 2016
[    0.000000] Boot CPU: AArch64 Processor [411fd071]
[    0.000000] debug: ignoring loglevel setting.
[    0.000000] earlycon: uart8250 at MMIO32 0x0000000070006000 (options '')
[    0.000000] bootconsole [uart8250] enabled
[    0.000000] efi: Getting EFI parameters from FDT:
[    0.000000] efi: UEFI not found.
[    0.000000] cma: Reserved 16 MiB at 0x00000000fe000000
[    0.000000] On node 0 totalpages: 782848
[    0.000000]   DMA zone: 8192 pages used for memmap
[    0.000000]   DMA zone: 0 pages reserved
[    0.000000]   DMA zone: 520704 pages, LIFO batch:31
[    0.000000]   Normal zone: 4096 pages used for memmap
[    0.000000]   Normal zone: 262144 pages, LIFO batch:31
[    0.000000] psci: probing for conduit method from DT.
[    0.000000] psci: PSCIv0.2 detected in firmware.
[    0.000000] psci: Using standard PSCI v0.2 function IDs
[    0.000000] psci: MIGRATE_INFO_TYPE not supported.
[    0.000000] PERCPU: Embedded 20 pages/cpu @ffffffc0bff59000 s43008 r8192 d30720 u81920
[    0.000000] pcpu-alloc: s43008 r8192 d30720 u81920 alloc=20*4096
[    0.000000] pcpu-alloc: [0] 0 [0] 1 [0] 2 [0] 3 
[    0.000000] Detected PIPT I-cache on CPU0
[    0.000000] CPU features: enabling workaround for ARM erratum 832075
[    0.000000] CPU features: enabling workaround for ARM erratum 834220
[    0.000000] Built 1 zonelists in Zone order, mobility grouping on.  Total pages: 770560
[    0.000000] Kernel command line: ignore_loglevel console=ttyS0,115200n8 earlycon=uart8250,mmio32,0x70006000 rw root=/dev/mmcblk0p1 rootwait debug earlyprintk init=/bin/bash
[    0.000000] log_buf_len individual max cpu contribution: 4096 bytes
[    0.000000] log_buf_len total cpu_extra contributions: 12288 bytes
[    0.000000] log_buf_len min size: 16384 bytes
[    0.000000] log_buf_len: 32768 bytes
[    0.000000] early log buf free: 14304(87%)
[    0.000000] PID hash table entries: 4096 (order: 3, 32768 bytes)
[    0.000000] Dentry cache hash table entries: 524288 (order: 10, 4194304 bytes)
[    0.000000] Inode-cache hash table entries: 262144 (order: 9, 2097152 bytes)
[    0.000000] software IO TLB [mem 0xfa000000-0xfe000000] (64MB) mapped at [ffffffc07a000000-ffffffc07dffffff]
[    0.000000] Memory: 2981592K/3131392K available (6820K kernel code, 617K rwdata, 2872K rodata, 804K init, 245K bss, 133416K reserved, 16384K cma-reserved)
[    0.000000] Virtual kernel memory layout:
[    0.000000]     modules : 0xffffff8000000000 - 0xffffff8008000000   (   128 MB)
[    0.000000]     vmalloc : 0xffffff8008000000 - 0xffffffbdbfff0000   (   246 GB)
[    0.000000]       .text : 0xffffff8008080000 - 0xffffff8008727000   (  6812 KB)
[    0.000000]     .rodata : 0xffffff8008727000 - 0xffffff80089f9000   (  2888 KB)
[    0.000000]       .init : 0xffffff80089f9000 - 0xffffff8008ac2000   (   804 KB)
[    0.000000]       .data : 0xffffff8008ac2000 - 0xffffff8008b5c400   (   617 KB)
[    0.000000]     vmemmap : 0xffffffbdc0000000 - 0xffffffbfc0000000   (     8 GB maximum)
[    0.000000]               0xffffffbdc2000000 - 0xffffffbdc5000000   (    48 MB actual)
[    0.000000]     fixed   : 0xffffffbffe7fd000 - 0xffffffbffec00000   (  4108 KB)
[    0.000000]     PCI I/O : 0xffffffbffee00000 - 0xffffffbfffe00000   (    16 MB)
[    0.000000]     memory  : 0xffffffc000000000 - 0xffffffc0c0000000   (  3072 MB)
[    0.000000] SLUB: HWalign=64, Order=0-3, MinObjects=0, CPUs=4, Nodes=1
[    0.000000] Preemptible hierarchical RCU implementation.
[    0.000000] 	Build-time adjustment of leaf fanout to 64.
[    0.000000] 	RCU restricting CPUs from NR_CPUS=64 to nr_cpu_ids=4.
[    0.000000] RCU: Adjusting geometry for rcu_fanout_leaf=64, nr_cpu_ids=4
[    0.000000] NR_IRQS:64 nr_irqs:64 0
[    0.000000] GIC: Using split EOI/Deactivate mode
[    0.000000] /interrupt-controller@0,60004000: 192 interrupts forwarded to /interrupt-controller@0,50041000
[    0.000000] PLL_MB already enabled. Postponing set full defaults
[    0.000000] PLL_U already enabled. Postponing set full defaults
[    0.000000] PLL_P already enabled. Postponing set full defaults
[    0.000000] PLL_X already enabled. Postponing set full defaults
[    0.000000] boot misc1 0x0: expected 0x20
[    0.000000]  (comparison mask = 0xffffff)
[    0.000000] Architected cp15 timer(s) running at 19.20MHz (phys).
[    0.000000] clocksource: arch_sys_counter: mask: 0xffffffffffffff max_cycles: 0x46d987e47, max_idle_ns: 440795202767 ns
[    0.000004] sched_clock: 56 bits at 19MHz, resolution 52ns, wraps every 4398046511078ns
[    0.008381] Console: colour dummy device 80x25
[    0.012989] Calibrating delay loop (skipped), value calculated using timer frequency.. 38.40 BogoMIPS (lpj=76800)
[    0.023611] pid_max: default: 32768 minimum: 301
[    0.028448] Security Framework initialized
[    0.032718] Mount-cache hash table entries: 8192 (order: 4, 65536 bytes)
[    0.039650] Mountpoint-cache hash table entries: 8192 (order: 4, 65536 bytes)
[    0.047873] ASID allocator initialised with 65536 entries
[    0.074134] Speedo Revision 4
[    0.077213] Tegra Revision: A01 SKU: 1 CPU Process: -22 SoC Process: -22
[    0.084648] EFI services will not be available.
[    0.105447] Detected PIPT I-cache on CPU1
[    0.105487] CPU1: Booted secondary processor [411fd071]
[    0.117471] Detected PIPT I-cache on CPU2
[    0.117504] CPU2: Booted secondary processor [411fd071]
[    0.129501] Detected PIPT I-cache on CPU3
[    0.129532] CPU3: Booted secondary processor [411fd071]
[    0.129592] Brought up 4 CPUs
[    0.161249] SMP: Total of 4 processors activated.
[    0.166115] CPU: All CPU(s) started at EL2
[    0.170371] alternatives: patching kernel code
[    0.177491] devtmpfs: initialized
[    0.188804] DMI not present or invalid.
[    0.193015] clocksource: jiffies: mask: 0xffffffff max_cycles: 0xffffffff, max_idle_ns: 7645041785100000 ns
[    0.203540] pinctrl core: initialized pinctrl subsystem
[    0.210224] NET: Registered protocol family 16
[    0.230877] cpuidle: using governor menu
[    0.235116] vdso: 2 pages (1 code @ ffffff800872d000, 1 data @ ffffff8008ac8000)
[    0.242797] hw-breakpoint: found 6 breakpoint and 4 watchpoint registers.
[    0.250602] DMA: preallocated 256 KiB pool for atomic allocations
[    0.257145] Serial: AMBA PL011 UART driver
[    0.289922] HugeTLB registered 2 MB page size, pre-allocated 0 pages
[    0.298496] vgaarb: loaded
[    0.301590] SCSI subsystem initialized
[    0.305615] libata version 3.00 loaded.
[    0.309848] usbcore: registered new interface driver usbfs
[    0.315582] usbcore: registered new interface driver hub
[    0.321179] usbcore: registered new device driver usb
[    0.326566] pps_core: LinuxPPS API ver. 1 registered
[    0.331704] pps_core: Software ver. 5.3.6 - Copyright 2005-2007 Rodolfo Giometti <giometti@linux.it>
[    0.341177] PTP clock support registered
[    0.345385] dmi: Firmware registration failed.
[    0.350158] Advanced Linux Sound Architecture Driver Initialized.
[    0.357121] clocksource: Switched to clocksource arch_sys_counter
[    0.363550] VFS: Disk quotas dquot_6.6.0
[    0.367657] VFS: Dquot-cache hash table entries: 512 (order 0, 4096 bytes)
[    0.382455] NET: Registered protocol family 2
[    0.387495] TCP established hash table entries: 32768 (order: 6, 262144 bytes)
[    0.395185] TCP bind hash table entries: 32768 (order: 7, 524288 bytes)
[    0.402323] TCP: Hash tables configured (established 32768 bind 32768)
[    0.409224] UDP hash table entries: 2048 (order: 4, 65536 bytes)
[    0.415496] UDP-Lite hash table entries: 2048 (order: 4, 65536 bytes)
[    0.422356] NET: Registered protocol family 1
[    0.427157] RPC: Registered named UNIX socket transport module.
[    0.433300] RPC: Registered udp transport module.
[    0.438180] RPC: Registered tcp transport module.
[    0.443053] RPC: Registered tcp NFSv4.1 backchannel transport module.
[    0.449743] PCI: CLS 0 bytes, default 128
[    0.454894] kvm [1]: 8-bit VMID
[    0.458158] kvm [1]: Hyp mode initialized successfully
[    0.463572] kvm [1]: interrupt-controller@50044000 IRQ9
[    0.469416] kvm [1]: timer IRQ3
[    0.475268] futex hash table entries: 1024 (order: 5, 131072 bytes)
[    0.481868] audit: initializing netlink subsys (disabled)
[    0.487487] audit: type=2000 audit(0.415:1): initialized
[    0.493499] workingset: timestamp_bits=44 max_order=20 bucket_order=0
[    0.510144] squashfs: version 4.0 (2009/01/31) Phillip Lougher
[    0.517057] NFS: Registering the id_resolver key type
[    0.522538] Key type id_resolver registered
[    0.526874] Key type id_legacy registered
[    0.531233] fuse init (API version 7.24)
[    0.535828] 9p: Installing v9fs 9p2000 file system support
[    0.543900] io scheduler noop registered
[    0.548130] io scheduler cfq registered (default)
[    0.562661] tegra-apbdma 60020000.dma: Tegra20 APB DMA driver register 32 channels
[    0.570989] tegra-pmc 7000e400.pmc: i2c-thermtrip node not found, emergency thermal reset disabled.
[    0.580610] xenfs: not registering filesystem on non-xen platform
[    0.590251] Serial: 8250/16550 driver, 4 ports, IRQ sharing disabled
[    0.598363] console [ttyS0] disabled
[    0.602109] 70006000.serial: ttyS0 at MMIO 0x70006000 (irq = 312, base_baud = 25500000) is a Tegra
[    0.611410] console [ttyS0] enabled
[    0.611410] console [ttyS0] enabled
[    0.618499] bootconsole [uart8250] disabled
[    0.618499] bootconsole [uart8250] disabled
[    0.627377] SuperH (H)SCI(F) driver initialized
[    0.632097] msm_serial: driver initialized
[    0.636605] Unable to detect cache hierarchy from DT for CPU 0
[    0.647032] loop: module loaded
[    0.651481] tun: Universal TUN/TAP device driver, 1.6
[    0.656567] tun: (C) 1999-2004 Max Krasnyansky <maxk@qualcomm.com>
[    0.663072] e1000e: Intel(R) PRO/1000 Network Driver - 3.2.6-k
[    0.668917] e1000e: Copyright(c) 1999 - 2015 Intel Corporation.
[    0.674900] igb: Intel(R) Gigabit Ethernet Network Driver - version 5.3.0-k
[    0.681860] igb: Copyright (c) 2007-2014 Intel Corporation.
[    0.687487] igbvf: Intel(R) Gigabit Virtual Function Network Driver - version 2.0.2-k
[    0.695313] igbvf: Copyright (c) 2009 - 2012 Intel Corporation.
[    0.701291] sky2: driver version 1.30
[    0.705362] VFIO - User Level meta-driver version: 0.3
[    0.711168] ehci_hcd: USB 2.0 'Enhanced' Host Controller (EHCI) Driver
[    0.717708] ehci-pci: EHCI PCI platform driver
[    0.722206] ehci-platform: EHCI generic platform driver
[    0.727515] ehci-msm: Qualcomm On-Chip EHCI Host Controller
[    0.733189] ohci_hcd: USB 1.1 'Open' Host Controller (OHCI) Driver
[    0.739404] ohci-pci: OHCI PCI platform driver
[    0.743903] ohci-platform: OHCI generic platform driver
[    0.749401] usbcore: registered new interface driver usb-storage
[    0.756224] mousedev: PS/2 mouse device common for all mice
[    0.762333] i2c /dev entries driver
[    0.766785] sdhci: Secure Digital Host Controller Interface driver
[    0.772968] sdhci: Copyright(c) Pierre Ossman
[    0.777366] Synopsys Designware Multimedia Card Interface Driver
[    0.783625] sdhci-pltfm: SDHCI platform and OF driver helper
[    0.789513] mmc0: Unknown controller version (3). You may experience problems.
[    0.833145] mmc0: SDHCI controller on 700b0600.sdhci [700b0600.sdhci] using ADMA 64-bit
[    0.841519] ledtrig-cpu: registered to indicate activity on CPUs
[    0.849801] usbcore: registered new interface driver usbhid
[    0.855394] usbhid: USB HID core driver
[    0.860474] NET: Registered protocol family 17
[    0.865020] 9pnet: Installing 9P2000 support
[    0.869375] Key type dns_resolver registered
[    0.874278] registered taskstats version 1
[    0.878732] hctosys: unable to open rtc device (rtc0)
[    0.890920] ALSA device list:
[    0.893904]   No soundcards found.
[    0.897596] Waiting for root device /dev/mmcblk0p1...
[    0.933505] mmc0: new HS200 MMC card at address 0001
[    0.938876] mmcblk0: mmc0:0001 SDW16G 14.7 GiB 
[    0.943610] mmcblk0boot0: mmc0:0001 SDW16G partition 1 4.00 MiB
[    0.953713] mmcblk0boot1: mmc0:0001 SDW16G partition 2 4.00 MiB
[    0.963815] mmcblk0rpmb: mmc0:0001 SDW16G partition 3 4.00 MiB
[    0.971004]  mmcblk0: p1 p2 p3 p4 p5 p6 p7 p8 p9 p10 p11 p12 p13 p14 p15 p16 p17 p18
[    1.006231] EXT4-fs (mmcblk0p1): couldn't mount as ext3 due to feature incompatibilities
[    1.020940] EXT4-fs (mmcblk0p1): mounted filesystem with ordered data mode. Opts: (null)
[    1.029053] VFS: Mounted root (ext4 filesystem) on device 179:1.
[    1.036994] devtmpfs: mounted
[    1.040438] Freeing unused kernel memory: 804K (ffffff80089f9000 - ffffff8008ac2000)
[    1.048206] This architecture does not have kernel memory protection.
bash: cannot set terminal process group (-1): Inappropriate ioctl for device
bash: no job control in this shell
root@(none):/# 