
U-Boot SPL 2016.05-rc2 (Apr 21 2016 - 16:23:00)
Trying to boot from RAM


U-Boot 2016.05-rc2 (Apr 21 2016 - 16:23:00 -0700)

TEGRA124
Model: NVIDIA Jetson TK1
Board: NVIDIA Jetson TK1
DRAM:  2 GiB
MC:   Tegra SD/MMC: 0, Tegra SD/MMC: 1
In:    serial
Out:   serial
Err:   serial
Net:   No ethernet found.
Hit any key to stop autoboot:  2  0 
Tegra124 (Jetson TK1) # 
Tegra124 (Jetson TK1) # pci enum
Tegra124 (Jetson TK1) # setenv bootargs 'ignore_loglevel console=ttyS0,115200n8 rw root=PARTUUID=b1791faa-84e8-4e27-83a1-9fb0a77e8803 rootwait gpt debug noinitrd earlyprintk init=/bin/bash'
Tegra124 (Jetson TK1) # setenv ipaddr 192.168.100.102; setenv serverip 192.168.100.1; setenv tftpserverip 192.168.100.1
Tegra124 (Jetson TK1) # tftpboot 0x82000000 zImage.multi_v7_defconfig

Warning: eth_rtl8169 using MAC address from ROM
Using eth_rtl8169 device
TFTP from server 192.168.100.1; our IP address is 192.168.100.102
Filename 'zImage.multi_v7_defconfig'.
Load address: 0x82000000
Loading: *#################################################################
	 #################################################################
	 #################################################################
	 #################################################################
	 #################################################################
	 #################################################################
	 #################################################################
	 #################################################################
	 ####################
	 3.9 MiB/s
done
Bytes transferred = 7916032 (78ca00 hex)
Tegra124 (Jetson TK1) # tftpboot 0x83000000 tegra124-jetson-tk1.dtb
Using eth_rtl8169 device
TFTP from server 192.168.100.1; our IP address is 192.168.100.102
Filename 'tegra124-jetson-tk1.dtb'.
Load address: 0x83000000
Loading: *#####
	 3.8 MiB/s
done
Bytes transferred = 67133 (1063d hex)
Tegra124 (Jetson TK1) # bootz 0x82000000 - 0x83000000
Kernel image @ 0x82000000 [ 0x000000 - 0x78ca00 ]
## Flattened Device Tree blob at 83000000
   Booting using the fdt blob at 0x83000000
   Using Device Tree in place at 83000000, end 8301363c

Starting kernel ...

[    0.000000] Booting Linux on physical CPU 0x0
[    0.000000] Linux version 4.11.0-next-20170511-171198-g36bcd6a (jonathanh@sellafield) (gcc version 4.7.3 20130328 (prerelease) (crosstool-NG linaro-1.13.1-4.7-2013.04-20130415 - Linaro GCC 2013.04) ) #1 SMP Wed May 10 20:36:16 PDT 2017
[    0.000000] CPU: ARMv7 Processor [413fc0f3] revision 3 (ARMv7), cr=10c5387d
[    0.000000] CPU: div instructions available: patching division code
[    0.000000] CPU: PIPT / VIPT nonaliasing data cache, PIPT instruction cache
[    0.000000] OF: fdt: Machine model: NVIDIA Tegra124 Jetson TK1
[    0.000000] debug: ignoring loglevel setting.
[    0.000000] Memory policy: Data cache writealloc
[    0.000000] efi: Getting EFI parameters from FDT:
[    0.000000] efi: UEFI not found.
[    0.000000] cma: Reserved 64 MiB at 0xfb800000
[    0.000000] On node 0 totalpages: 524032
[    0.000000] free_area_init_node: node 0, pgdat c157fd00, node_mem_map eeff8000
[    0.000000]   DMA zone: 1536 pages used for memmap
[    0.000000]   DMA zone: 0 pages reserved
[    0.000000]   DMA zone: 196608 pages, LIFO batch:31
[    0.000000]   HighMem zone: 327424 pages, LIFO batch:31
[    0.000000] percpu: Embedded 17 pages/cpu @eef82000 s39168 r8192 d22272 u69632
[    0.000000] pcpu-alloc: s39168 r8192 d22272 u69632 alloc=17*4096
[    0.000000] pcpu-alloc: [0] 0 [0] 1 [0] 2 [0] 3 
[    0.000000] Built 1 zonelists in Zone order, mobility grouping on.  Total pages: 522496
[    0.000000] Kernel command line: ignore_loglevel console=ttyS0,115200n8 rw root=PARTUUID=b1791faa-84e8-4e27-83a1-9fb0a77e8803 rootwait gpt debug noinitrd earlyprintk init=/bin/bash
[    0.000000] PID hash table entries: 4096 (order: 2, 16384 bytes)
[    0.000000] Dentry cache hash table entries: 131072 (order: 7, 524288 bytes)
[    0.000000] Inode-cache hash table entries: 65536 (order: 6, 262144 bytes)
[    0.000000] Memory: 1993420K/2096128K available (10240K kernel code, 1566K rwdata, 4388K rodata, 2048K init, 409K bss, 37172K reserved, 65536K cma-reserved, 1244160K highmem)
[    0.000000] Virtual kernel memory layout:
[    0.000000]     vector  : 0xffff0000 - 0xffff1000   (   4 kB)
[    0.000000]     fixmap  : 0xffc00000 - 0xfff00000   (3072 kB)
[    0.000000]     vmalloc : 0xf0800000 - 0xff800000   ( 240 MB)
[    0.000000]     lowmem  : 0xc0000000 - 0xf0000000   ( 768 MB)
[    0.000000]     pkmap   : 0xbfe00000 - 0xc0000000   (   2 MB)
[    0.000000]     modules : 0xbf000000 - 0xbfe00000   (  14 MB)
[    0.000000]       .text : 0xc0208000 - 0xc0d00000   (11232 kB)
[    0.000000]       .init : 0xc1200000 - 0xc1400000   (2048 kB)
[    0.000000]       .data : 0xc1400000 - 0xc1587970   (1567 kB)
[    0.000000]        .bss : 0xc1590d04 - 0xc15f7498   ( 410 kB)
[    0.000000] SLUB: HWalign=64, Order=0-3, MinObjects=0, CPUs=4, Nodes=1
[    0.000000] Hierarchical RCU implementation.
[    0.000000] 	RCU debugfs-based tracing is enabled.
[    0.000000] 	RCU restricting CPUs from NR_CPUS=16 to nr_cpu_ids=4.
[    0.000000] RCU: Adjusting geometry for rcu_fanout_leaf=16, nr_cpu_ids=4
[    0.000000] NR_IRQS:16 nr_irqs:16 16
[    0.000000] /interrupt-controller@60004000: 160 interrupts forwarded to /interrupt-controller@50041000
[    0.000000] Tegra clk 127: register failed with -17
[    0.000009] sched_clock: 32 bits at 1000kHz, resolution 1000ns, wraps every 2147483647500ns
[    0.000028] clocksource: timer_us: mask: 0xffffffff max_cycles: 0xffffffff, max_idle_ns: 1911260446275 ns
[    0.000042] Switching to timer-based delay loop, resolution 1000ns
[    0.004896] arch_timer: cp15 timer(s) running at 12.00MHz (virt).
[    0.004914] clocksource: arch_sys_counter: mask: 0xffffffffffffff max_cycles: 0x2c47f4ee7, max_idle_ns: 440795202497 ns
[    0.004934] sched_clock: 56 bits at 12MHz, resolution 83ns, wraps every 4398046511096ns
[    0.004948] Switching to timer-based delay loop, resolution 83ns
[    0.005417] Console: colour dummy device 80x30
[    0.005447] Calibrating delay loop (skipped), value calculated using timer frequency.. 24.00 BogoMIPS (lpj=120000)
[    0.005465] pid_max: default: 32768 minimum: 301
[    0.005554] Mount-cache hash table entries: 2048 (order: 1, 8192 bytes)
[    0.005569] Mountpoint-cache hash table entries: 2048 (order: 1, 8192 bytes)
[    0.006042] CPU: Testing write buffer coherency: ok
[    0.006290] /cpus/cpu@0 missing clock-frequency property
[    0.006333] /cpus/cpu@1 missing clock-frequency property
[    0.006375] /cpus/cpu@2 missing clock-frequency property
[    0.006418] /cpus/cpu@3 missing clock-frequency property
[    0.006431] CPU0: thread -1, cpu 0, socket 0, mpidr 80000000
[    0.006714] Setting up static identity map for 0x80300000 - 0x803000a0
[    0.010394] Tegra Revision: A01 SKU: 129 CPU Process: 1 SoC Process: 1
[    0.011124] EFI services will not be available.
[    0.011346] smp: Bringing up secondary CPUs ...
[    0.011938] CPU1: thread -1, cpu 1, socket 0, mpidr 80000001
[    0.015368] CPU2: thread -1, cpu 2, socket 0, mpidr 80000002
[    0.025396] CPU3: thread -1, cpu 3, socket 0, mpidr 80000003
[    0.034818] smp: Brought up 1 node, 4 CPUs
[    0.034839] SMP: Total of 4 processors activated (96.00 BogoMIPS).
[    0.034848] CPU: All CPU(s) started in SVC mode.
[    0.036316] devtmpfs: initialized
[    0.052612] VFP support v0.3: implementor 41 architecture 4 part 30 variant f rev 0
[    0.053008] clocksource: jiffies: mask: 0xffffffff max_cycles: 0xffffffff, max_idle_ns: 19112604462750000 ns
[    0.053027] futex hash table entries: 1024 (order: 4, 65536 bytes)
[    0.054458] pinctrl core: initialized pinctrl subsystem
[    0.056380] NET: Registered protocol family 16
[    0.058477] DMA: preallocated 256 KiB pool for atomic coherent allocations
[    0.060904] cpuidle: using governor menu
[    0.087717] No ATAGs?
[    0.087844] hw-breakpoint: found 5 (+1 reserved) breakpoint and 4 watchpoint registers.
[    0.087860] hw-breakpoint: maximum watchpoint size is 8 bytes.
[    0.095172] Serial: AMBA PL011 UART driver
[    0.111543] AT91: Could not find identification node
[    0.112097] +5V_SYS: supplied by +VDD_MUX
[    0.112382] +3.3V_SYS: supplied by +VDD_MUX
[    0.113002] +USB0_VBUS_SW: Failed to request enable GPIO108: -517
[    0.113019] reg-fixed-voltage regulators:regulator@7: Failed to register regulator: -517
[    0.113121] +5V_USB_HS: Failed to request enable GPIO109: -517
[    0.113135] reg-fixed-voltage regulators:regulator@8: Failed to register regulator: -517
[    0.113320] +1.05V_RUN_AVDD_HDMI_PLL: Failed to request enable GPIO63: -517
[    0.113334] reg-fixed-voltage regulators:regulator@11: Failed to register regulator: -517
[    0.113433] +5V_HDMI_CON: Failed to request enable GPIO86: -517
[    0.113446] reg-fixed-voltage regulators:regulator@12: Failed to register regulator: -517
[    0.113544] +5V_SATA: Failed to request enable GPIO242: -517
[    0.113557] reg-fixed-voltage regulators:regulator@13: Failed to register regulator: -517
[    0.113654] +12V_SATA: Failed to request enable GPIO242: -517
[    0.113668] reg-fixed-voltage regulators:regulator@14: Failed to register regulator: -517
[    0.116634] vgaarb: loaded
[    0.117406] SCSI subsystem initialized
[    0.117571] libata version 3.00 loaded.
[    0.117817] usbcore: registered new interface driver usbfs
[    0.117876] usbcore: registered new interface driver hub
[    0.117937] usbcore: registered new device driver usb
[    0.121382] pps_core: LinuxPPS API ver. 1 registered
[    0.121394] pps_core: Software ver. 5.3.6 - Copyright 2005-2007 Rodolfo Giometti <giometti@linux.it>
[    0.121418] PTP clock support registered
[    0.121606] EDAC MC: Ver: 3.0.0
[    0.124458] clocksource: Switched to clocksource arch_sys_counter
[    0.179921] NET: Registered protocol family 2
[    0.180429] TCP established hash table entries: 8192 (order: 3, 32768 bytes)
[    0.180529] TCP bind hash table entries: 8192 (order: 4, 65536 bytes)
[    0.180717] TCP: Hash tables configured (established 8192 bind 8192)
[    0.180798] UDP hash table entries: 512 (order: 2, 16384 bytes)
[    0.180842] UDP-Lite hash table entries: 512 (order: 2, 16384 bytes)
[    0.180991] NET: Registered protocol family 1
[    0.181298] RPC: Registered named UNIX socket transport module.
[    0.181309] RPC: Registered udp transport module.
[    0.181318] RPC: Registered tcp transport module.
[    0.181326] RPC: Registered tcp NFSv4.1 backchannel transport module.
[    0.181338] PCI: CLS 0 bytes, default 64
[    0.182759] hw perfevents: enabled with armv7_cortex_a15 PMU driver, 7 counters available
[    0.184614] workingset: timestamp_bits=30 max_order=19 bucket_order=0
[    0.192965] squashfs: version 4.0 (2009/01/31) Phillip Lougher
[    0.193659] NFS: Registering the id_resolver key type
[    0.193684] Key type id_resolver registered
[    0.193693] Key type id_legacy registered
[    0.193735] ntfs: driver 2.1.32 [Flags: R/O].
[    0.195418] bounce: pool size: 64 pages
[    0.195460] Block layer SCSI generic (bsg) driver version 0.4 loaded (major 248)
[    0.195472] io scheduler noop registered
[    0.195481] io scheduler deadline registered
[    0.195509] io scheduler cfq registered (default)
[    0.195518] io scheduler mq-deadline registered
[    0.195527] io scheduler kyber registered
[    0.200970]  usb2-0: usb2-0 supply vbus not found, using dummy regulator
[    0.201099]  usb2-1: usb2-1 supply vbus not found, using dummy regulator
[    0.201567] tegra-xusb-padctl 7009f000.padctl: failed to setup XUSB ports: -517
[    0.217572] tegra-pcie 1003000.pcie-controller: 2x1, 1x1 configuration
[    0.217626] tegra-pcie 1003000.pcie-controller: Failed to get supply 'avddio-pex': -517
[    0.223832] tegra124-dfll 70110000.clock: couldn't get vdd_cpu regulator
[    0.231621] tegra-apbdma 60020000.dma: Tegra20 APB DMA driver register 32 channels
[    0.234364] tegra-pmc 7000e400.pmc: emergency thermal reset enabled
[    0.287041] Serial: 8250/16550 driver, 4 ports, IRQ sharing disabled
[    0.289613] console [ttyS0] disabled
[    0.289652] 70006300.serial: ttyS0 at MMIO 0x70006300 (irq = 335, base_baud = 25500000) is a Tegra
[    1.180991] console [ttyS0] enabled
[    1.185300] SuperH (H)SCI(F) driver initialized
[    1.190815] msm_serial: driver initialized
[    1.195119] STMicroelectronics ASC driver initialized
[    1.201015] 70006000.serial: ttyTHS1 at MMIO 0x70006000 (irq = 333, base_baud = 0) is a TEGRA_UART
[    1.210279] 70006040.serial: ttyTHS2 at MMIO 0x70006040 (irq = 334, base_baud = 0) is a TEGRA_UART
[    1.224310] tegra-hdmi 54280000.hdmi: failed to get HDMI regulator
[    1.243670] brd: module loaded
[    1.253847] loop: module loaded
[    1.258223] at24 0-0056: 256 byte 24c02 EEPROM, writable, 8 bytes/write
[    1.266571] as3722 4-0040: AS3722 with revision 0x1 found
[    1.278446] as3722-sd2: supplied by +5V_SYS
[    1.283064] as3722-sd3: supplied by +5V_SYS
[    1.287572] +1.35V_LP0(sd3): Bringing 0uV into 1350000-1350000uV
[    1.293919] as3722-sd4: supplied by +5V_SYS
[    1.298554] as3722-sd5: supplied by +5V_SYS
[    1.304580] as3722-ldo0: supplied by +1.35V_LP0(sd2)
[    1.310631] +1.8V_RUN_CAM: Bringing 0uV into 1800000-1800000uV
[    1.316858] as3722-ldo2: supplied by +1.8V_VDDIO
[    1.322725] as3722-ldo3: supplied by +3.3V_SYS
[    1.327233] +1.05V_LP0_VDD_RTC: Bringing 1100000uV into 1000000-1000000uV
[    1.334985] as3722-ldo4: supplied by +3.3V_SYS
[    1.339637] +2.8V_RUN_CAM: Bringing 0uV into 2800000-2800000uV
[    1.345846] as3722-ldo5: supplied by +1.8V_VDDIO
[    1.350673] +1.2V_RUN_CAM_FRONT: Bringing 0uV into 1200000-1200000uV
[    1.357600] +VDDIO_SDMMC3: bypassed regulator has no supply!
[    1.363252] +VDDIO_SDMMC3: failed to get the current voltage(-517)
[    1.369452] as3722-regulator as3722-regulator: regulator 13 register failed -517
[    1.382494] tegra-ahci 70027000.sata: couldn't get PHY in node sata: -517
[    1.402402] random: fast init done
[    1.405975] m25p80 spi32765.0: w25q32dw (4096 Kbytes)
[    1.413766] libphy: Fixed MDIO Bus: probed
[    1.418960] CAN device driver interface
[    1.423714] bgmac_bcma: Broadcom 47xx GBit MAC driver loaded
[    1.430842] e1000e: Intel(R) PRO/1000 Network Driver - 3.2.6-k
[    1.436685] e1000e: Copyright(c) 1999 - 2015 Intel Corporation.
[    1.442651] igb: Intel(R) Gigabit Ethernet Network Driver - version 5.4.0-k
[    1.449613] igb: Copyright (c) 2007-2014 Intel Corporation.
[    1.458834] pegasus: v0.9.3 (2013/04/25), Pegasus/Pegasus II USB Ethernet driver
[    1.466283] usbcore: registered new interface driver pegasus
[    1.471982] usbcore: registered new interface driver asix
[    1.477432] usbcore: registered new interface driver ax88179_178a
[    1.483555] usbcore: registered new interface driver cdc_ether
[    1.489446] usbcore: registered new interface driver smsc75xx
[    1.495253] usbcore: registered new interface driver smsc95xx
[    1.501025] usbcore: registered new interface driver net1080
[    1.506725] usbcore: registered new interface driver cdc_subset
[    1.512669] usbcore: registered new interface driver zaurus
[    1.518311] usbcore: registered new interface driver cdc_ncm
[    1.524189] tegra-phy 7d004000.usb-phy: no vbus regulator
[    1.531621] ehci_hcd: USB 2.0 'Enhanced' Host Controller (EHCI) Driver
[    1.538160] ehci-pci: EHCI PCI platform driver
[    1.542638] ehci-platform: EHCI generic platform driver
[    1.548079] ehci-orion: EHCI orion driver
[    1.552245] SPEAr-ehci: EHCI SPEAr driver
[    1.556409] ehci-st: EHCI STMicroelectronics driver
[    1.561419] ehci-exynos: EHCI EXYNOS driver
[    1.565771] ehci-atmel: EHCI Atmel driver
[    1.569911] tegra-ehci: Tegra EHCI driver
[    1.576747] tegra-ehci 7d004000.usb: EHCI Host Controller
[    1.582162] tegra-ehci 7d004000.usb: new USB bus registered, assigned bus number 1
[    1.589937] tegra-ehci 7d004000.usb: irq 354, io mem 0x7d004000
[    1.624480] tegra-ehci 7d004000.usb: USB 2.0 started, EHCI 1.10
[    1.631182] hub 1-0:1.0: USB hub found
[    1.634984] hub 1-0:1.0: 1 port detected
[    1.639467] ohci_hcd: USB 1.1 'Open' Host Controller (OHCI) Driver
[    1.645686] ohci-pci: OHCI PCI platform driver
[    1.650166] ohci-platform: OHCI generic platform driver
[    1.655572] ohci-omap3: OHCI OMAP3 driver
[    1.659712] SPEAr-ohci: OHCI SPEAr driver
[    1.663853] ohci-st: OHCI STMicroelectronics driver
[    1.668875] ohci-atmel: OHCI Atmel driver
[    1.673646] usbcore: registered new interface driver usb-storage
[    1.683990] as3722-rtc as3722-rtc: rtc core: registered as3722-rtc as rtc0
[    1.690888] as3722-rtc as3722-rtc: RTC interrupt 377
[    1.699131] tegra_rtc 7000e000.rtc: rtc core: registered 7000e000.rtc as rtc1
[    1.706313] tegra_rtc 7000e000.rtc: Tegra internal Real Time Clock
[    1.713005] i2c /dev entries driver
[    1.723235] lm90 0-004c: 0-004c supply vcc not found, using dummy regulator
[    1.740420] sdhci: Secure Digital Host Controller Interface driver
[    1.746617] sdhci: Copyright(c) Pierre Ossman
[    1.752572] Synopsys Designware Multimedia Card Interface Driver
[    1.759909] sdhci-pltfm: SDHCI platform and OF driver helper
[    1.766354] sdhci-tegra 700b0400.sdhci: Got CD GPIO
[    1.771243] sdhci-tegra 700b0400.sdhci: Got WP GPIO
[    1.792497] mmc0: Unknown controller version (3). You may experience problems.
[    1.799769] mmc0: Invalid maximum block size, assuming 512 bytes
[    1.864482] mmc0: SDHCI controller on 700b0600.sdhci [700b0600.sdhci] using ADMA
[    1.873779] ledtrig-cpu: registered to indicate activity on CPUs
[    1.880111] usbcore: registered new interface driver usbhid
[    1.885695] usbhid: USB HID core driver
[    1.893454] NET: Registered protocol family 10
[    1.898759] Segment Routing with IPv6
[    1.902472] sit: IPv6, IPv4 and MPLS over IPv4 tunneling driver
[    1.908954] NET: Registered protocol family 17
[    1.913398] can: controller area network core (rev 20170425 abi 9)
[    1.919642] NET: Registered protocol family 29
[    1.924081] can: raw protocol (rev 20170425)
[    1.928361] can: broadcast manager protocol (rev 20170425 t)
[    1.934018] can: netlink gateway (rev 20170425) max_hops=1
[    1.939816] Key type dns_resolver registered
[    1.944643] ThumbEE CPU extension supported.
[    1.948913] Registering SWP/SWPB emulation handler
[    1.968510] +3.3V_RUN: supplied by +3.3V_SYS
[    1.973960] +USB0_VBUS_SW: supplied by +5V_SYS
[    1.978703] +3.3V_AVDD_HDMI_AP_GATED: supplied by +3.3V_RUN
[    1.984673] +5V_USB_HS: supplied by +5V_SYS
[    1.990605] +3.3V_LP0: supplied by +3.3V_SYS
[    1.997274] +5V_HDMI_CON: supplied by +5V_SYS
[    2.002300] +5V_SATA: supplied by +5V_SYS
[    2.006883] +12V_SATA: supplied by +VDD_MUX
[    2.013087]  usb2-0: usb2-0 supply vbus not found, using dummy regulator
[    2.014080] mmc0: new high speed MMC card at address 0001
[    2.015137] mmcblk0: mmc0:0001 SEM16G 14.7 GiB 
[    2.016207] mmcblk0boot0: mmc0:0001 SEM16G partition 1 4.00 MiB
[    2.017451] mmcblk0boot1: mmc0:0001 SEM16G partition 2 4.00 MiB
[    2.018235] mmcblk0rpmb: mmc0:0001 SEM16G partition 3 4.00 MiB
[    2.021809]  mmcblk0: p1
[    2.050175]  usb2-1: usb2-1 supply vbus not found, using dummy regulator
[    2.057225]  usb3-0: usb3-0 supply vbus not found, using dummy regulator
[    2.065201] tegra-pcie 1003000.pcie-controller: 2x1, 1x1 configuration
[    2.071788] tegra-pcie 1003000.pcie-controller: Failed to get supply 'avddio-pex': -517
[    2.082905] tegra124-dfll 70110000.clock: couldn't get vdd_cpu regulator
[    2.094168] tegra-hdmi 54280000.hdmi: failed to get PLL regulator
[    2.105826] as3722-sd2: supplied by +5V_SYS
[    2.110310] as3722-sd3: supplied by +5V_SYS
[    2.114804] as3722-sd4: supplied by +5V_SYS
[    2.119310] as3722-sd5: supplied by +5V_SYS
[    2.125178] as3722-ldo0: supplied by +1.35V_LP0(sd2)
[    2.130893] as3722-ldo1: supplied by +3.3V_RUN
[    2.135758] as3722-ldo2: supplied by +1.8V_VDDIO
[    2.141334] as3722-ldo3: supplied by +3.3V_SYS
[    2.146682] as3722-ldo4: supplied by +3.3V_SYS
[    2.151371] as3722-ldo5: supplied by +1.8V_VDDIO
[    2.156431] as3722-ldo6: supplied by +3.3V_RUN
[    2.161181] as3722-ldo7: supplied by +1.8V_VDDIO
[    2.166598] +1.05V_RUN_CAM_REAR: Bringing 0uV into 1050000-1050000uV
[    2.173666] as3722-ldo9: supplied by +5V_SYS
[    2.179277] +3.3V_RUN_TOUCH: Bringing 0uV into 2800000-2800000uV
[    2.185870] as3722-ldo10: supplied by +5V_SYS
[    2.190789] +2.8V_RUN_CAM_AF: Bringing 0uV into 2800000-2800000uV
[    2.197641] as3722-ldo11: supplied by +3.3V_RUN
[    2.202945] +1.8V_RUN_VPP_FUSE: Bringing 0uV into 1800000-1800000uV
[    2.212880] tegra-ahci 70027000.sata: AHCI 0001.0301 32 slots 2 ports 3 Gbps 0x1 impl platform mode
[    2.221957] tegra-ahci 70027000.sata: flags: 64bit ncq sntf pm led pio slum part sadm sds apst 
[    2.232537] scsi host0: tegra-ahci
[    2.237206] scsi host1: tegra-ahci
[    2.240900] ata1: SATA max UDMA/133 mmio [mem 0x70027000-0x70028fff] port 0x100 irq 345
[    2.248939] ata2: DUMMY
[    2.254724] tegra-ehci 7d008000.usb: EHCI Host Controller
[    2.260142] tegra-ehci 7d008000.usb: new USB bus registered, assigned bus number 2
[    2.267883] tegra-ehci 7d008000.usb: irq 355, io mem 0x7d008000
[    2.294579] tegra-ehci 7d008000.usb: USB 2.0 started, EHCI 1.10
[    2.301613] hub 2-0:1.0: USB hub found
[    2.305465] hub 2-0:1.0: 1 port detected
[    2.311794] sdhci-tegra 700b0400.sdhci: Got CD GPIO
[    2.316748] sdhci-tegra 700b0400.sdhci: Got WP GPIO
[    2.328683] mmc1: Unknown controller version (3). You may experience problems.
[    2.336019] mmc1: Invalid maximum block size, assuming 512 bytes
[    2.404998] mmc1: SDHCI controller on 700b0400.sdhci [700b0400.sdhci] using ADMA
[    2.413090] tegra-pcie 1003000.pcie-controller: 2x1, 1x1 configuration
[    2.421752] tegra-pcie 1003000.pcie-controller: probing port 0, using 2 lanes
[    2.432434] tegra-pcie 1003000.pcie-controller: Slot present pin change, signature: 00000008
[    2.455294] tegra-pcie 1003000.pcie-controller: probing port 1, using 1 lanes
[    2.464603] tegra-pcie 1003000.pcie-controller: Slot present pin change, signature: 00000000
[    2.478901] tegra-pcie 1003000.pcie-controller: PCI host bridge to bus 0000:00
[    2.486172] pci_bus 0000:00: root bus resource [io  0x0000-0xffff]
[    2.492360] pci_bus 0000:00: root bus resource [mem 0x13000000-0x1fffffff]
[    2.499269] pci_bus 0000:00: root bus resource [mem 0x20000000-0x3fffffff pref]
[    2.506620] pci_bus 0000:00: root bus resource [bus 00-ff]
[    2.512147] pci 0000:00:01.0: [10de:0e12] type 01 class 0x060400
[    2.518247] pci_bus 0000:00: 2-byte config write to 0000:00:01.0 offset 0x88 may corrupt adjacent RW1C bits
[    2.528052] pci_bus 0000:00: 2-byte config write to 0000:00:01.0 offset 0x52 may corrupt adjacent RW1C bits
[    2.537874] pci 0000:00:01.0: PME# supported from D0 D1 D2 D3hot D3cold
[    2.544535] pci_bus 0000:00: 2-byte config write to 0000:00:01.0 offset 0x4c may corrupt adjacent RW1C bits
[    2.554616] pci 0000:00:02.0: [10de:0e13] type 01 class 0x060400
[    2.560672] pci_bus 0000:00: 2-byte config write to 0000:00:02.0 offset 0x88 may corrupt adjacent RW1C bits
[    2.570469] pci_bus 0000:00: 2-byte config write to 0000:00:02.0 offset 0x52 may corrupt adjacent RW1C bits
[    2.578305] ata1: SATA link down (SStatus 0 SControl 300)
[    2.585687] pci 0000:00:02.0: PME# supported from D0 D1 D2 D3hot D3cold
[    2.592311] pci_bus 0000:00: 2-byte config write to 0000:00:02.0 offset 0x4c may corrupt adjacent RW1C bits
[    2.602338] pci_bus 0000:00: 2-byte config write to 0000:00:01.0 offset 0x3e may corrupt adjacent RW1C bits
[    2.612119] pci_bus 0000:00: 2-byte config write to 0000:00:02.0 offset 0x3e may corrupt adjacent RW1C bits
[    2.621866] pci_bus 0000:00: 2-byte config write to 0000:00:01.0 offset 0x4 may corrupt adjacent RW1C bits
[    2.631527] pci_bus 0000:00: 1-byte config write to 0000:00:01.0 offset 0xc may corrupt adjacent RW1C bits
[    2.641215] PCI: bus0: Fast back to back transfers disabled
[    2.646804] pci 0000:00:01.0: bridge configuration invalid ([bus 00-00]), reconfiguring
[    2.654831] pci 0000:00:02.0: bridge configuration invalid ([bus 00-00]), reconfiguring
[    2.663068] pci 0000:01:00.0: [8086:4232] type 00 class 0x028000
[    2.669159] pci 0000:01:00.0: reg 0x10: [mem 0x00000000-0x00001fff 64bit]
[    2.676149] pci 0000:01:00.0: PME# supported from D0 D3hot D3cold
[    2.697555] mmc1: new high speed SDHC card at address aaaa
[    2.703825] mmcblk1: mmc1:aaaa SD04G 3.69 GiB 
[    2.708638] PCI: bus1: Fast back to back transfers disabled
[    2.714234] pci_bus 0000:01: busn_res: [bus 01-ff] end is updated to 01
[    2.721089] pci 0000:02:00.0: [10ec:8168] type 00 class 0x020000
[    2.727152] pci 0000:02:00.0: reg 0x10: [io  0x0000-0x00ff]
[    2.732763] pci 0000:02:00.0: reg 0x18: [mem 0x00000000-0x00000fff 64bit]
[    2.739622] pci 0000:02:00.0: reg 0x20: [mem 0x00000000-0x00003fff 64bit pref]
[    2.747042] pci 0000:02:00.0: supports D1 D2
[    2.751316] pci 0000:02:00.0: PME# supported from D0 D1 D2 D3hot D3cold
[    2.770797]  mmcblk1: p1 p2 p3
[    2.784619] PCI: bus2: Fast back to back transfers disabled
[    2.790198] pci_bus 0000:02: busn_res: [bus 02-ff] end is updated to 02
[    2.797037] pci 0000:00:01.0: BAR 8: assigned [mem 0x13000000-0x130fffff]
[    2.803830] pci 0000:00:02.0: BAR 8: assigned [mem 0x13100000-0x131fffff]
[    2.810666] pci 0000:00:02.0: BAR 9: assigned [mem 0x20000000-0x200fffff 64bit pref]
[    2.818446] pci 0000:00:02.0: BAR 7: assigned [io  0x1000-0x1fff]
[    2.824563] pci 0000:01:00.0: BAR 0: assigned [mem 0x13000000-0x13001fff 64bit]
[    2.831891] pci 0000:00:01.0: PCI bridge to [bus 01]
[    2.836897] pci 0000:00:01.0:   bridge window [mem 0x13000000-0x130fffff]
[    2.843696] pci 0000:02:00.0: BAR 4: assigned [mem 0x20000000-0x20003fff 64bit pref]
[    2.851470] pci 0000:02:00.0: BAR 2: assigned [mem 0x13100000-0x13100fff 64bit]
[    2.858830] pci 0000:02:00.0: BAR 0: assigned [io  0x1000-0x10ff]
[    2.864946] pci 0000:00:02.0: PCI bridge to [bus 02]
[    2.869908] pci 0000:00:02.0:   bridge window [io  0x1000-0x1fff]
[    2.876038] pci 0000:00:02.0:   bridge window [mem 0x13100000-0x131fffff]
[    2.882822] pci 0000:00:02.0:   bridge window [mem 0x20000000-0x200fffff 64bit pref]
[    2.890607] pci 0000:00:01.0: nv_msi_ht_cap_quirk didn't locate host bridge
[    2.897707] pcieport 0000:00:01.0: enabling device (0140 -> 0142)
[    2.904049] pcieport 0000:00:01.0: Signaling PME with IRQ 393
[    2.909915] pci 0000:00:02.0: nv_msi_ht_cap_quirk didn't locate host bridge
[    2.917011] pcieport 0000:00:02.0: enabling device (0140 -> 0143)
[    2.923343] pcieport 0000:00:02.0: Signaling PME with IRQ 394
[    2.929390] r8169 Gigabit Ethernet driver 2.3LK-NAPI loaded
[    2.935023] r8169 0000:02:00.0: enabling device (0140 -> 0143)
[    2.966180] r8169 0000:02:00.0 eth0: RTL8168g/8111g at 0xf0b72000, 00:04:4b:3a:d9:81, XID 0c000800 IRQ 395
[    2.975873] r8169 0000:02:00.0 eth0: jumbo features [frames: 9200 bytes, tx checksumming: ko]
[    2.988683] +1.05V_RUN_AVDD_HDMI_PLL: supplied by +1.05V_RUN
[    2.996625] of: dev_pm_opp_of_cpumask_add_table: couldn't find opp table for cpu:0, -19
[    3.004731] cpufreq: cpufreq_online: CPU0: Running at unlisted freq: 696000 KHz
[    3.012046] cpufreq: cpufreq_online: CPU0: Unlisted initial frequency changed to: 714000 KHz
[    3.021183] input: gpio-keys as /devices/soc0/gpio-keys/input/input0
[    3.028489] as3722-rtc as3722-rtc: setting system clock to 2000-01-01 00:02:38 UTC (946684958)
[    3.037451] +3.3V_AVDD_HDMI_AP_GATED: disabling
[    3.041974] +USB0_VBUS_SW: disabling
[    3.045572] +1.05V_RUN_AVDD_HDMI_PLL: disabling
[    3.050100] +5V_HDMI_CON: disabling
[    3.053588] +1.8V_RUN_CAM: disabling
[    3.057429] +2.8V_RUN_CAM: disabling
[    3.061213] +1.2V_RUN_CAM_FRONT: disabling
[    3.065563] +1.05V_RUN_CAM_REAR: disabling
[    3.069814] +3.3V_RUN_TOUCH: disabling
[    3.073716] +2.8V_RUN_CAM_AF: disabling
[    3.077785] +1.8V_RUN_VPP_FUSE: disabling
[    3.082863] EXT4-fs (mmcblk0p1): mounting ext3 file system using the ext4 subsystem
[    3.104948] EXT4-fs (mmcblk0p1): recovery complete
[    3.109735] EXT4-fs (mmcblk0p1): mounted filesystem with ordered data mode. Opts: (null)
[    3.117856] VFS: Mounted root (ext3 filesystem) on device 179:1.
[    3.126169] devtmpfs: mounted
[    3.129914] Freeing unused kernel memory: 2048K
bash: cannot set terminal process group (-1): Inappropriate ioctl for device
bash: no job control in this shell
root@(none):/# mount -t sysfs none /sys
root@(none):/# 
root@(none):/# mount -t debugfs none /sys/kernel/debug
root@(none):/# 
root@(none):/# rtcwake -d rtc1 -m mem -s 3
rtcwake: assuming RTC uses UTC ...
rtcwake: wakeup from "mem" using /dev/rtc1 at Thu Jan  1 00:00:21 1970
[    7.218291] PM: Syncing filesystems ... done.
[    7.223344] Freezing user space processes ... (elapsed 0.001 seconds) done.
[    7.231511] OOM killer disabled.
[    7.234742] Freezing remaining freezable tasks ... (elapsed 0.001 seconds) done.
[    7.243335] Suspending console(s) (use no_console_suspend to debug)
[    7.356104] PM: suspend of devices complete after 105.910 msecs
[    7.358014] PM: late suspend of devices complete after 1.901 msecs
[    7.385348] PM: noirq suspend of devices complete after 27.328 msecs
[    7.385351] Disabling non-boot CPUs ...
[    7.385705] IRQ357 no longer affine to CPU1
[    7.447373] IRQ358 no longer affine to CPU2
[    7.507059] IRQ359 no longer affine to CPU3
[    7.556892] Entering suspend state LP1
[    7.556892] Suspended for 3.350 seconds
[    7.556905] Enabling non-boot CPUs ...
[    7.586377] CPU1 is up
[    7.626310] CPU2 is up
[    7.666584] CPU3 is up
[    7.667184] pci_generic_config_write32: 79 callbacks suppressed
[    7.667192] pci_bus 0000:00: 2-byte config write to 0000:00:01.0 offset 0x4c may corrupt adjacent RW1C bits
[    7.667203] pci_bus 0000:00: 2-byte config write to 0000:00:02.0 offset 0x4c may corrupt adjacent RW1C bits
[    7.667213] pci_bus 0000:00: 2-byte config write to 0000:00:01.0 offset 0x88 may corrupt adjacent RW1C bits
[    7.667220] pci_bus 0000:00: 2-byte config write to 0000:00:01.0 offset 0x90 may corrupt adjacent RW1C bits
[    7.667226] pci_bus 0000:00: 2-byte config write to 0000:00:02.0 offset 0x88 may corrupt adjacent RW1C bits
[    7.667232] pci_bus 0000:00: 2-byte config write to 0000:00:01.0 offset 0x98 may corrupt adjacent RW1C bits
[    7.667238] pci_bus 0000:00: 2-byte config write to 0000:00:02.0 offset 0x90 may corrupt adjacent RW1C bits
[    7.667243] pci_bus 0000:00: 2-byte config write to 0000:00:01.0 offset 0x9c may corrupt adjacent RW1C bits
[    7.667249] pci_bus 0000:00: 2-byte config write to 0000:00:02.0 offset 0x98 may corrupt adjacent RW1C bits
[    7.667254] pci_bus 0000:00: 2-byte config write to 0000:00:01.0 offset 0xa8 may corrupt adjacent RW1C bits
[    7.667354] pcieport 0000:00:01.0: nv_msi_ht_cap_quirk didn't locate host bridge
[    7.667355] pcieport 0000:00:02.0: nv_msi_ht_cap_quirk didn't locate host bridge
[    7.694546] PM: noirq resume of devices complete after 27.956 msecs
[    7.695910] PM: early resume of devices complete after 1.045 msecs
[    7.724686] PM: resume of devices complete after 28.764 msecs
[    7.914654] OOM killer enabled.
[    7.917787] Restarting tasks ... done.
root@(none):/# 
root@(none):/# [    8.026977] ata1: SATA link down (SStatus 0 SControl 300)
rtcwake -d rtc1 -m mem -s 3
rtcwake: assuming RTC uses UTC ...
rtcwake: wakeup from "mem" using /dev/rtc1 at Thu Jan  1 00:00:26 1970
[    8.924361] PM: Syncing filesystems ... done.
[    8.932364] Freezing user space processes ... (elapsed 0.001 seconds) done.
[    8.940991] OOM killer disabled.
[    8.944227] Freezing remaining freezable tasks ... (elapsed 0.001 seconds) done.
[    8.953210] Suspending console(s) (use no_console_suspend to debug)
[    9.077829] PM: suspend of devices complete after 115.869 msecs
[    9.086378] PM: late suspend of devices complete after 8.510 msecs
[    9.119942] PM: noirq suspend of devices complete after 33.535 msecs
[    9.119957] Disabling non-boot CPUs ...
[    9.121910] IRQ357 no longer affine to CPU1
[    9.189779] IRQ358 no longer affine to CPU2
[    9.268258] IRQ359 no longer affine to CPU3
[    9.335680] Entering suspend state LP1
[    9.335680] Suspended for 3.220 seconds
[    9.335693] Enabling non-boot CPUs ...
[    9.356371] CPU1 is up
[    9.396261] CPU2 is up
[    9.436551] CPU3 is up
[    9.437196] pcieport 0000:00:01.0: nv_msi_ht_cap_quirk didn't locate host bridge
[    9.437357] pcieport 0000:00:02.0: nv_msi_ht_cap_quirk didn't locate host bridge
[    9.464516] PM: noirq resume of devices complete after 27.959 msecs
[    9.466410] PM: early resume of devices complete after 1.553 msecs
[    9.494744] PM: resume of devices complete after 28.323 msecs
[    9.581733] OOM killer enabled.
[    9.584866] Restarting tasks ... done.
root@(none):/# 
root@(none):/# [    9.796976] ata1: SATA link down (SStatus 0 SControl 300)
rtcwake -d rtc1 -m mem -s 3
rtcwake: assuming RTC uses UTC ...
rtcwake: wakeup from "mem" using /dev/rtc1 at Thu Jan  1 00:00:31 1970
[   10.685233] PM: Syncing filesystems ... done.
[   10.690615] Freezing user space processes ... (elapsed 0.001 seconds) done.
[   10.698842] OOM killer disabled.
[   10.702061] Freezing remaining freezable tasks ... (elapsed 0.001 seconds) done.
[   10.710736] Suspending console(s) (use no_console_suspend to debug)
[   10.826243] PM: suspend of devices complete after 108.524 msecs
[   10.828806] PM: late suspend of devices complete after 2.549 msecs
[   10.855975] PM: noirq suspend of devices complete after 27.157 msecs
[   10.855980] Disabling non-boot CPUs ...
[   10.856387] IRQ17 no longer affine to CPU1
[   10.856517] IRQ357 no longer affine to CPU1
[   10.908639] IRQ358 no longer affine to CPU2
[   10.968218] IRQ359 no longer affine to CPU3
[   10.997103] Entering suspend state LP1
[   10.997103] Suspended for 3.338 seconds
[   10.997115] Enabling non-boot CPUs ...
[   11.026551] CPU1 is up
[   11.066226] CPU2 is up
[   11.106502] CPU3 is up
[   11.107206] pcieport 0000:00:01.0: nv_msi_ht_cap_quirk didn't locate host bridge
[   11.107208] pcieport 0000:00:02.0: nv_msi_ht_cap_quirk didn't locate host bridge
[   11.134484] PM: noirq resume of devices complete after 27.975 msecs
[   11.136115] PM: early resume of devices complete after 1.289 msecs
[   11.164658] PM: resume of devices complete after 28.534 msecs
[   11.255753] OOM killer enabled.
[   11.258883] Restarting tasks ... done.
root@(none):/# 
root@(none):/# [   11.466949] ata1: SATA link down (SStatus 0 SControl 300)
rtcwake -d rtc1 -m mem -s 3
rtcwake: assuming RTC uses UTC ...
rtcwake: wakeup from "mem" using /dev/rtc1 at Thu Jan  1 00:00:36 1970
[   12.363300] PM: Syncing filesystems ... done.
[   12.370615] Freezing user space processes ... (elapsed 0.001 seconds) done.
[   12.379224] OOM killer disabled.
[   12.382460] Freezing remaining freezable tasks ... (elapsed 0.001 seconds) done.
[   12.391599] Suspending console(s) (use no_console_suspend to debug)
[   12.508060] PM: suspend of devices complete after 107.718 msecs
[   12.519141] PM: late suspend of devices complete after 11.041 msecs
[   12.549801] PM: noirq suspend of devices complete after 30.629 msecs
[   12.549816] Disabling non-boot CPUs ...
[   12.551275] IRQ17 no longer affine to CPU1
[   12.551782] IRQ357 no longer affine to CPU1
[   12.619905] IRQ358 no longer affine to CPU2
[   12.697465] IRQ359 no longer affine to CPU3
[   12.734454] Entering suspend state LP1
[   12.734454] Suspended for 3.262 seconds
[   12.734467] Enabling non-boot CPUs ...
[   12.756524] CPU1 is up
[   12.796218] CPU2 is up
[   12.836476] CPU3 is up
[   12.837057] pci_generic_config_write32: 117 callbacks suppressed
[   12.837065] pci_bus 0000:00: 2-byte config write to 0000:00:02.0 offset 0x4c may corrupt adjacent RW1C bits
[   12.837075] pci_bus 0000:00: 2-byte config write to 0000:00:02.0 offset 0x88 may corrupt adjacent RW1C bits
[   12.837081] pci_bus 0000:00: 2-byte config write to 0000:00:02.0 offset 0x90 may corrupt adjacent RW1C bits
[   12.837086] pci_bus 0000:00: 2-byte config write to 0000:00:02.0 offset 0x98 may corrupt adjacent RW1C bits
[   12.837092] pci_bus 0000:00: 2-byte config write to 0000:00:02.0 offset 0x9c may corrupt adjacent RW1C bits
[   12.837097] pci_bus 0000:00: 2-byte config write to 0000:00:02.0 offset 0xa8 may corrupt adjacent RW1C bits
[   12.837102] pci_bus 0000:00: 2-byte config write to 0000:00:02.0 offset 0xb0 may corrupt adjacent RW1C bits
[   12.837130] pci_bus 0000:00: 2-byte config write to 0000:00:02.0 offset 0x52 may corrupt adjacent RW1C bits
[   12.837136] pci_bus 0000:00: 2-byte config write to 0000:00:02.0 offset 0x52 may corrupt adjacent RW1C bits
[   12.837143] pci_bus 0000:00: 2-byte config write to 0000:00:02.0 offset 0x5c may corrupt adjacent RW1C bits
[   12.837166] pcieport 0000:00:02.0: nv_msi_ht_cap_quirk didn't locate host bridge
[   12.837281] pcieport 0000:00:01.0: nv_msi_ht_cap_quirk didn't locate host bridge
[   12.864450] PM: noirq resume of devices complete after 27.969 msecs
[   12.866458] PM: early resume of devices complete after 1.666 msecs
[   12.894678] PM: resume of devices complete after 28.210 msecs
[   13.088991] OOM killer enabled.
[   13.092127] Restarting tasks ... done.
root@(none):/# 
root@(none):/# [   13.196922] ata1: SATA link down (SStatus 0 SControl 300)
rtcwake -d rtc1 -m mem -s 3
rtcwake: assuming RTC uses UTC ...
rtcwake: wakeup from "mem" using /dev/rtc1 at Thu Jan  1 00:00:41 1970
[   14.108368] PM: Syncing filesystems ... done.
[   14.115748] Freezing user space processes ... (elapsed 0.001 seconds) done.
[   14.124303] OOM killer disabled.
[   14.127583] Freezing remaining freezable tasks ... (elapsed 0.001 seconds) done.
[   14.136725] Suspending console(s) (use no_console_suspend to debug)
[   14.257795] PM: suspend of devices complete after 112.329 msecs
[   14.267927] PM: late suspend of devices complete after 10.092 msecs
[   14.299760] PM: noirq suspend of devices complete after 31.802 msecs
[   14.299774] Disabling non-boot CPUs ...
[   14.301231] IRQ17 no longer affine to CPU1
[   14.301736] IRQ357 no longer affine to CPU1
[   14.369893] IRQ358 no longer affine to CPU2
[   14.447421] IRQ359 no longer affine to CPU3
[   14.484394] Entering suspend state LP1
[   14.484394] Suspended for 3.249 seconds
[   14.484406] Enabling non-boot CPUs ...
[   14.506477] CPU1 is up
[   14.546151] CPU2 is up
[   14.586429] CPU3 is up
[   14.587089] pcieport 0000:00:02.0: nv_msi_ht_cap_quirk didn't locate host bridge
[   14.587159] pcieport 0000:00:01.0: nv_msi_ht_cap_quirk didn't locate host bridge
[   14.614414] PM: noirq resume of devices complete after 27.979 msecs
[   14.616430] PM: early resume of devices complete after 1.669 msecs
[   14.654600] PM: resume of devices complete after 38.160 msecs
[   14.745779] OOM killer enabled.
[   14.748909] Restarting tasks ... done.
root@(none):/# 
root@(none):/# [   14.946826] ata1: SATA link down (SStatus 0 SControl 300)
rtcwake -d rtc1 -m mem -s 3
rtcwake: assuming RTC uses UTC ...
rtcwake: wakeup from "mem" using /dev/rtc1 at Thu Jan  1 00:00:46 1970
[   15.852249] PM: Syncing filesystems ... done.
[   15.859871] Freezing user space processes ... (elapsed 0.001 seconds) done.
[   15.868506] OOM killer disabled.
[   15.871742] Freezing remaining freezable tasks ... (elapsed 0.001 seconds) done.
[   15.880917] Suspending console(s) (use no_console_suspend to debug)
[   15.998026] PM: suspend of devices complete after 108.364 msecs
[   16.009094] PM: late suspend of devices complete after 11.028 msecs
[   16.039630] PM: noirq suspend of devices complete after 30.503 msecs
[   16.039644] Disabling non-boot CPUs ...
[   16.041072] IRQ17 no longer affine to CPU1
[   16.041579] IRQ357 no longer affine to CPU1
[   16.253968] Entering suspend state LP1
[   16.253968] Suspended for 3.230 seconds
[   16.253980] Enabling non-boot CPUs ...
[   16.276210] CPU1 is up
[   16.316130] CPU2 is up
[   16.356411] CPU3 is up
[   16.357132] pcieport 0000:00:01.0: nv_msi_ht_cap_quirk didn't locate host bridge
[   16.357134] pcieport 0000:00:02.0: nv_msi_ht_cap_quirk didn't locate host bridge
[   16.384370] PM: noirq resume of devices complete after 27.953 msecs
[   16.386402] PM: early resume of devices complete after 1.701 msecs
[   16.414547] PM: resume of devices complete after 28.136 msecs
[   16.497383] OOM killer enabled.
[   16.500511] Restarting tasks ... done.
root@(none):/# 
root@(none):/# [   16.716886] ata1: SATA link down (SStatus 0 SControl 300)
rtcwake -d rtc1 -m mem -s 3
rtcwake: assuming RTC uses UTC ...
rtcwake: wakeup from "mem" using /dev/rtc1 at Thu Jan  1 00:00:51 1970
[   17.624115] PM: Syncing filesystems ... done.
[   17.631300] Freezing user space processes ... (elapsed 0.001 seconds) done.
[   17.639916] OOM killer disabled.
[   17.643154] Freezing remaining freezable tasks ... (elapsed 0.001 seconds) done.
[   17.652261] Suspending console(s) (use no_console_suspend to debug)
[   17.778417] PM: suspend of devices complete after 117.400 msecs
[   17.789285] PM: late suspend of devices complete after 10.829 msecs
[   17.819654] PM: noirq suspend of devices complete after 30.337 msecs
[   17.819668] Disabling non-boot CPUs ...
[   17.821122] migrate_irqs: 2 callbacks suppressed
[   17.821139] IRQ17 no longer affine to CPU1
[   17.821645] IRQ357 no longer affine to CPU1
[   17.889639] IRQ358 no longer affine to CPU2
[   17.967552] IRQ359 no longer affine to CPU3
[   18.004517] Entering suspend state LP1
[   18.004517] Suspended for 3.249 seconds
[   18.004530] Enabling non-boot CPUs ...
[   18.026415] CPU1 is up
[   18.066107] CPU2 is up
[   18.106371] CPU3 is up
[   18.106947] pci_generic_config_write32: 116 callbacks suppressed
[   18.106954] pci_bus 0000:00: 2-byte config write to 0000:00:02.0 offset 0x4c may corrupt adjacent RW1C bits
[   18.106963] pci_bus 0000:00: 2-byte config write to 0000:00:01.0 offset 0x4c may corrupt adjacent RW1C bits
[   18.106975] pci_bus 0000:00: 2-byte config write to 0000:00:02.0 offset 0x88 may corrupt adjacent RW1C bits
[   18.106981] pci_bus 0000:00: 2-byte config write to 0000:00:01.0 offset 0x88 may corrupt adjacent RW1C bits
[   18.106987] pci_bus 0000:00: 2-byte config write to 0000:00:02.0 offset 0x90 may corrupt adjacent RW1C bits
[   18.106992] pci_bus 0000:00: 2-byte config write to 0000:00:01.0 offset 0x90 may corrupt adjacent RW1C bits
[   18.106998] pci_bus 0000:00: 2-byte config write to 0000:00:02.0 offset 0x98 may corrupt adjacent RW1C bits
[   18.107003] pci_bus 0000:00: 2-byte config write to 0000:00:01.0 offset 0x98 may corrupt adjacent RW1C bits
[   18.107009] pci_bus 0000:00: 2-byte config write to 0000:00:02.0 offset 0x9c may corrupt adjacent RW1C bits
[   18.107014] pci_bus 0000:00: 2-byte config write to 0000:00:01.0 offset 0x9c may corrupt adjacent RW1C bits
[   18.107114] pcieport 0000:00:02.0: nv_msi_ht_cap_quirk didn't locate host bridge
[   18.107116] pcieport 0000:00:01.0: nv_msi_ht_cap_quirk didn't locate host bridge
[   18.134339] PM: noirq resume of devices complete after 27.961 msecs
[   18.136267] PM: early resume of devices complete after 1.591 msecs
[   18.164572] PM: resume of devices complete after 28.295 msecs
[   18.363503] OOM killer enabled.
[   18.366658] Restarting tasks ... done.
root@(none):/# 
root@(none):/# [   18.466823] ata1: SATA link down (SStatus 0 SControl 300)
rtcwake -d rtc1 -m mem -s 3
rtcwake: assuming RTC uses UTC ...
rtcwake: wakeup from "mem" using /dev/rtc1 at Thu Jan  1 00:00:56 1970
[   19.374132] PM: Syncing filesystems ... done.
[   19.381347] Freezing user space processes ... (elapsed 0.001 seconds) done.
[   19.389964] OOM killer disabled.
[   19.393199] Freezing remaining freezable tasks ... (elapsed 0.001 seconds) done.
[   19.402311] Suspending console(s) (use no_console_suspend to debug)
[   19.527923] PM: suspend of devices complete after 116.855 msecs
[   19.539705] PM: late suspend of devices complete after 11.743 msecs
[   19.569575] PM: noirq suspend of devices complete after 29.839 msecs
[   19.569589] Disabling non-boot CPUs ...
[   19.571045] IRQ17 no longer affine to CPU1
[   19.571551] IRQ357 no longer affine to CPU1
[   19.639846] IRQ358 no longer affine to CPU2
[   19.717442] IRQ359 no longer affine to CPU3
[   19.754323] Entering suspend state LP1
[   19.754323] Suspended for 3.249 seconds
[   19.754335] Enabling non-boot CPUs ...
[   19.776382] CPU1 is up
[   19.816055] CPU2 is up
[   19.856330] CPU3 is up
[   19.856972] pcieport 0000:00:01.0: nv_msi_ht_cap_quirk didn't locate host bridge
[   19.857132] pcieport 0000:00:02.0: nv_msi_ht_cap_quirk didn't locate host bridge
[   19.884297] PM: noirq resume of devices complete after 27.961 msecs
[   19.886109] PM: early resume of devices complete after 1.480 msecs
[   19.914472] PM: resume of devices complete after 28.352 msecs
[   20.005643] OOM killer enabled.
[   20.008773] Restarting tasks ... done.
root@(none):/# 
root@(none):/# [   20.226866] ata1: SATA link down (SStatus 0 SControl 300)
rtcwake -d rtc1 -m mem -s 3
rtcwake: assuming RTC uses UTC ...
rtcwake: wakeup from "mem" using /dev/rtc1 at Thu Jan  1 00:01:01 1970
[   21.123150] PM: Syncing filesystems ... done.
[   21.130822] Freezing user space processes ... (elapsed 0.001 seconds) done.
[   21.139488] OOM killer disabled.
[   21.142728] Freezing remaining freezable tasks ... (elapsed 0.001 seconds) done.
[   21.151786] Suspending console(s) (use no_console_suspend to debug)
[   21.267002] PM: suspend of devices complete after 106.502 msecs
[   21.276386] PM: late suspend of devices complete after 9.346 msecs
[   21.309902] PM: noirq suspend of devices complete after 33.485 msecs
[   21.309916] Disabling non-boot CPUs ...
[   21.311394] IRQ17 no longer affine to CPU1
[   21.311899] IRQ357 no longer affine to CPU1
[   21.525618] Entering suspend state LP1
[   21.525618] Suspended for 3.228 seconds
[   21.525631] Enabling non-boot CPUs ...
[   21.546124] CPU1 is up
[   21.586027] CPU2 is up
[   21.626310] CPU3 is up
[   21.626950] pcieport 0000:00:02.0: nv_msi_ht_cap_quirk didn't locate host bridge
[   21.627055] pcieport 0000:00:01.0: nv_msi_ht_cap_quirk didn't locate host bridge
[   21.654266] PM: noirq resume of devices complete after 27.951 msecs
[   21.656130] PM: early resume of devices complete after 1.518 msecs
[   21.684509] PM: resume of devices complete after 28.369 msecs
[   21.767167] OOM killer enabled.
[   21.770296] Restarting tasks ... done.
root@(none):/# 
root@(none):/# [   21.986792] ata1: SATA link down (SStatus 0 SControl 300)
rtcwake -d rtc1 -m mem -s 3
rtcwake: assuming RTC uses UTC ...
rtcwake: wakeup from "mem" using /dev/rtc1 at Thu Jan  1 00:01:06 1970
[   22.893695] PM: Syncing filesystems ... done.
[   22.901529] Freezing user space processes ... (elapsed 0.001 seconds) done.
[   22.910180] OOM killer disabled.
[   22.913416] Freezing remaining freezable tasks ... (elapsed 0.001 seconds) done.
[   22.922537] Suspending console(s) (use no_console_suspend to debug)
[   23.037710] PM: suspend of devices complete after 106.408 msecs
[   23.049195] PM: late suspend of devices complete after 11.444 msecs
[   23.079527] PM: noirq suspend of devices complete after 30.299 msecs
[   23.079542] Disabling non-boot CPUs ...
[   23.080959] migrate_irqs: 2 callbacks suppressed
[   23.080977] IRQ17 no longer affine to CPU1
[   23.081481] IRQ357 no longer affine to CPU1
[   23.149813] IRQ358 no longer affine to CPU2
[   23.227711] IRQ359 no longer affine to CPU3
[   23.293746] Entering suspend state LP1
[   23.293746] Suspended for 3.231 seconds
[   23.293758] Enabling non-boot CPUs ...
[   23.316069] CPU1 is up
[   23.355985] CPU2 is up
[   23.396274] CPU3 is up
[   23.396855] pci_generic_config_write32: 116 callbacks suppressed
[   23.396862] pci_bus 0000:00: 2-byte config write to 0000:00:01.0 offset 0x4c may corrupt adjacent RW1C bits
[   23.396873] pci_bus 0000:00: 2-byte config write to 0000:00:02.0 offset 0x4c may corrupt adjacent RW1C bits
[   23.396883] pci_bus 0000:00: 2-byte config write to 0000:00:01.0 offset 0x88 may corrupt adjacent RW1C bits
[   23.396890] pci_bus 0000:00: 2-byte config write to 0000:00:01.0 offset 0x90 may corrupt adjacent RW1C bits
[   23.396896] pci_bus 0000:00: 2-byte config write to 0000:00:02.0 offset 0x88 may corrupt adjacent RW1C bits
[   23.396901] pci_bus 0000:00: 2-byte config write to 0000:00:01.0 offset 0x98 may corrupt adjacent RW1C bits
[   23.396907] pci_bus 0000:00: 2-byte config write to 0000:00:02.0 offset 0x90 may corrupt adjacent RW1C bits
[   23.396913] pci_bus 0000:00: 2-byte config write to 0000:00:01.0 offset 0x9c may corrupt adjacent RW1C bits
[   23.396918] pci_bus 0000:00: 2-byte config write to 0000:00:02.0 offset 0x98 may corrupt adjacent RW1C bits
[   23.396923] pci_bus 0000:00: 2-byte config write to 0000:00:01.0 offset 0xa8 may corrupt adjacent RW1C bits
[   23.397023] pcieport 0000:00:01.0: nv_msi_ht_cap_quirk didn't locate host bridge
[   23.397024] pcieport 0000:00:02.0: nv_msi_ht_cap_quirk didn't locate host bridge
[   23.424229] PM: noirq resume of devices complete after 27.948 msecs
[   23.425999] PM: early resume of devices complete after 1.458 msecs
[   23.454437] PM: resume of devices complete after 28.428 msecs
[   23.653370] OOM killer enabled.
[   23.656526] Restarting tasks ... done.
root@(none):/# 
root@(none):/# [   23.756712] ata1: SATA link down (SStatus 0 SControl 300)
NVTB SYSTEM SUSPEND TEST COMPLETE
