
U-Boot SPL 2016.05-rc2 (Apr 21 2016 - 16:23:00)
Trying to boot from RAM


U-Boot 2016.05-rc2 (Apr 21 2016 - 16:23:00 -0700)

TEGRA124
Model: NVIDIA Jetson TK1
Board: NVIDIA Jetson TK1
DRAM:  2 GiB
MC:   Tegra SD/MMC: 0, Tegra SD/MMC: 1
In:    serial
Out:   serial
Err:   serial
Net:   No ethernet found.
Hit any key to stop autoboot:  2  0 
Tegra124 (Jetson TK1) # 
Tegra124 (Jetson TK1) # pci enum
Tegra124 (Jetson TK1) # setenv bootargs 'ignore_loglevel console=ttyS0,115200n8 rw root=PARTUUID=b1791faa-84e8-4e27-83a1-9fb0a77e8803 rootwait gpt debug noinitrd earlyprintk init=/bin/bash'
Tegra124 (Jetson TK1) # setenv ipaddr 192.168.100.102; setenv serverip 192.168.100.1; setenv tftpserverip 192.168.100.1
Tegra124 (Jetson TK1) # tftpboot 0x82000000 zImage.multi_v7_defconfig

Warning: eth_rtl8169 using MAC address from ROM
Using eth_rtl8169 device
TFTP from server 192.168.100.1; our IP address is 192.168.100.102
Filename 'zImage.multi_v7_defconfig'.
Load address: 0x82000000
Loading: *#################################################################
	 #################################################################
	 #################################################################
	 #################################################################
	 #################################################################
	 #################################################################
	 #################################################################
	 #################################################################
	 #######################
	 4 MiB/s
done
Bytes transferred = 7962856 (7980e8 hex)
Tegra124 (Jetson TK1) # tftpboot 0x83000000 tegra124-jetson-tk1.dtb
Using eth_rtl8169 device
TFTP from server 192.168.100.1; our IP address is 192.168.100.102
Filename 'tegra124-jetson-tk1.dtb'.
Load address: 0x83000000
Loading: *#####
	 3.8 MiB/s
done
Bytes transferred = 67133 (1063d hex)
Tegra124 (Jetson TK1) # bootz 0x82000000 - 0x83000000
Kernel image @ 0x82000000 [ 0x000000 - 0x7980e8 ]
## Flattened Device Tree blob at 83000000
   Booting using the fdt blob at 0x83000000
   Using Device Tree in place at 83000000, end 8301363c

Starting kernel ...

[    0.000000] Booting Linux on physical CPU 0x0
[    0.000000] Linux version 4.12.0-rc5-next-20170614-179071-gb147461 (jonathanh@sellafield) (gcc version 4.7.3 20130328 (prerelease) (crosstool-NG linaro-1.13.1-4.7-2013.04-20130415 - Linaro GCC 2013.04) ) #1 SMP Mon Jun 26 06:56:51 PDT 2017
[    0.000000] CPU: ARMv7 Processor [413fc0f3] revision 3 (ARMv7), cr=10c5387d
[    0.000000] CPU: div instructions available: patching division code
[    0.000000] CPU: PIPT / VIPT nonaliasing data cache, PIPT instruction cache
[    0.000000] OF: fdt: Machine model: NVIDIA Tegra124 Jetson TK1
[    0.000000] debug: ignoring loglevel setting.
[    0.000000] Memory policy: Data cache writealloc
[    0.000000] efi: Getting EFI parameters from FDT:
[    0.000000] efi: UEFI not found.
[    0.000000] cma: Reserved 64 MiB at 0xfb800000
[    0.000000] On node 0 totalpages: 524032
[    0.000000] free_area_init_node: node 0, pgdat c157e5c0, node_mem_map eeff8000
[    0.000000]   DMA zone: 1536 pages used for memmap
[    0.000000]   DMA zone: 0 pages reserved
[    0.000000]   DMA zone: 196608 pages, LIFO batch:31
[    0.000000]   HighMem zone: 327424 pages, LIFO batch:31
[    0.000000] percpu: Embedded 17 pages/cpu @eef80000 s39296 r8192 d22144 u69632
[    0.000000] pcpu-alloc: s39296 r8192 d22144 u69632 alloc=17*4096
[    0.000000] pcpu-alloc: [0] 0 [0] 1 [0] 2 [0] 3 
[    0.000000] Built 1 zonelists in Zone order, mobility grouping on.  Total pages: 522496
[    0.000000] Kernel command line: ignore_loglevel console=ttyS0,115200n8 rw root=PARTUUID=b1791faa-84e8-4e27-83a1-9fb0a77e8803 rootwait gpt debug noinitrd earlyprintk init=/bin/bash
[    0.000000] PID hash table entries: 4096 (order: 2, 16384 bytes)
[    0.000000] Dentry cache hash table entries: 131072 (order: 7, 524288 bytes)
[    0.000000] Inode-cache hash table entries: 65536 (order: 6, 262144 bytes)
[    0.000000] Memory: 1993424K/2096128K available (10240K kernel code, 1560K rwdata, 4424K rodata, 2048K init, 402K bss, 37168K reserved, 65536K cma-reserved, 1244160K highmem)
[    0.000000] Virtual kernel memory layout:
[    0.000000]     vector  : 0xffff0000 - 0xffff1000   (   4 kB)
[    0.000000]     fixmap  : 0xffc00000 - 0xfff00000   (3072 kB)
[    0.000000]     vmalloc : 0xf0800000 - 0xff800000   ( 240 MB)
[    0.000000]     lowmem  : 0xc0000000 - 0xf0000000   ( 768 MB)
[    0.000000]     pkmap   : 0xbfe00000 - 0xc0000000   (   2 MB)
[    0.000000]     modules : 0xbf000000 - 0xbfe00000   (  14 MB)
[    0.000000]       .text : 0xc0208000 - 0xc0d00000   (11232 kB)
[    0.000000]       .init : 0xc1200000 - 0xc1400000   (2048 kB)
[    0.000000]       .data : 0xc1400000 - 0xc1586230   (1561 kB)
[    0.000000]        .bss : 0xc158fcd4 - 0xc15f4514   ( 403 kB)
[    0.000000] SLUB: HWalign=64, Order=0-3, MinObjects=0, CPUs=4, Nodes=1
[    0.000000] Hierarchical RCU implementation.
[    0.000000] 	RCU event tracing is enabled.
[    0.000000] 	RCU restricting CPUs from NR_CPUS=16 to nr_cpu_ids=4.
[    0.000000] RCU: Adjusting geometry for rcu_fanout_leaf=16, nr_cpu_ids=4
[    0.000000] NR_IRQS: 16, nr_irqs: 16, preallocated irqs: 16
[    0.000000] /interrupt-controller@60004000: 160 interrupts forwarded to /interrupt-controller@50041000
[    0.000000] Tegra clk 127: register failed with -17
[    0.000009] sched_clock: 32 bits at 1000kHz, resolution 1000ns, wraps every 2147483647500ns
[    0.000028] clocksource: timer_us: mask: 0xffffffff max_cycles: 0xffffffff, max_idle_ns: 1911260446275 ns
[    0.000044] Switching to timer-based delay loop, resolution 1000ns
[    0.005463] arch_timer: cp15 timer(s) running at 12.00MHz (virt).
[    0.005482] clocksource: arch_sys_counter: mask: 0xffffffffffffff max_cycles: 0x2c47f4ee7, max_idle_ns: 440795202497 ns
[    0.005501] sched_clock: 56 bits at 12MHz, resolution 83ns, wraps every 4398046511096ns
[    0.005515] Switching to timer-based delay loop, resolution 83ns
[    0.005996] Console: colour dummy device 80x30
[    0.006025] Calibrating delay loop (skipped), value calculated using timer frequency.. 24.00 BogoMIPS (lpj=120000)
[    0.006043] pid_max: default: 32768 minimum: 301
[    0.006129] Mount-cache hash table entries: 2048 (order: 1, 8192 bytes)
[    0.006144] Mountpoint-cache hash table entries: 2048 (order: 1, 8192 bytes)
[    0.006628] CPU: Testing write buffer coherency: ok
[    0.006875] /cpus/cpu@0 missing clock-frequency property
[    0.006917] /cpus/cpu@1 missing clock-frequency property
[    0.006962] /cpus/cpu@2 missing clock-frequency property
[    0.007006] /cpus/cpu@3 missing clock-frequency property
[    0.007020] CPU0: thread -1, cpu 0, socket 0, mpidr 80000000
[    0.007305] Setting up static identity map for 0x80300000 - 0x803000a0
[    0.009316] Hierarchical SRCU implementation.
[    0.011256] Tegra Revision: A01 SKU: 129 CPU Process: 1 SoC Process: 1
[    0.012047] EFI services will not be available.
[    0.012272] smp: Bringing up secondary CPUs ...
[    0.012789] CPU1: thread -1, cpu 1, socket 0, mpidr 80000001
[    0.015849] CPU2: thread -1, cpu 2, socket 0, mpidr 80000002
[    0.025885] CPU3: thread -1, cpu 3, socket 0, mpidr 80000003
[    0.035380] smp: Brought up 1 node, 4 CPUs
[    0.035401] SMP: Total of 4 processors activated (96.00 BogoMIPS).
[    0.035410] CPU: All CPU(s) started in SVC mode.
[    0.036894] devtmpfs: initialized
[    0.053045] VFP support v0.3: implementor 41 architecture 4 part 30 variant f rev 0
[    0.053443] clocksource: jiffies: mask: 0xffffffff max_cycles: 0xffffffff, max_idle_ns: 19112604462750000 ns
[    0.053462] futex hash table entries: 1024 (order: 4, 65536 bytes)
[    0.054870] pinctrl core: initialized pinctrl subsystem
[    0.056551] DMI not present or invalid.
[    0.056723] random: bucket_table_alloc+0xe8/0x254 get_random_u32 called with crng_init=0
[    0.056815] NET: Registered protocol family 16
[    0.058923] DMA: preallocated 256 KiB pool for atomic coherent allocations
[    0.061371] cpuidle: using governor menu
[    0.087828] No ATAGs?
[    0.087954] hw-breakpoint: found 5 (+1 reserved) breakpoint and 4 watchpoint registers.
[    0.087970] hw-breakpoint: maximum watchpoint size is 8 bytes.
[    0.095221] Serial: AMBA PL011 UART driver
[    0.112406] AT91: Could not find identification node
[    0.112974] +5V_SYS: supplied by +VDD_MUX
[    0.113257] +3.3V_SYS: supplied by +VDD_MUX
[    0.113881] +USB0_VBUS_SW: Failed to request enable GPIO108: -517
[    0.113898] reg-fixed-voltage regulators:regulator@7: Failed to register regulator: -517
[    0.113999] +5V_USB_HS: Failed to request enable GPIO109: -517
[    0.114014] reg-fixed-voltage regulators:regulator@8: Failed to register regulator: -517
[    0.114199] +1.05V_RUN_AVDD_HDMI_PLL: Failed to request enable GPIO63: -517
[    0.114213] reg-fixed-voltage regulators:regulator@11: Failed to register regulator: -517
[    0.114309] +5V_HDMI_CON: Failed to request enable GPIO86: -517
[    0.114323] reg-fixed-voltage regulators:regulator@12: Failed to register regulator: -517
[    0.114419] +5V_SATA: Failed to request enable GPIO242: -517
[    0.114433] reg-fixed-voltage regulators:regulator@13: Failed to register regulator: -517
[    0.114528] +12V_SATA: Failed to request enable GPIO242: -517
[    0.114541] reg-fixed-voltage regulators:regulator@14: Failed to register regulator: -517
[    0.117553] vgaarb: loaded
[    0.118336] SCSI subsystem initialized
[    0.118495] libata version 3.00 loaded.
[    0.118733] usbcore: registered new interface driver usbfs
[    0.118791] usbcore: registered new interface driver hub
[    0.118850] usbcore: registered new device driver usb
[    0.122347] pps_core: LinuxPPS API ver. 1 registered
[    0.122358] pps_core: Software ver. 5.3.6 - Copyright 2005-2007 Rodolfo Giometti <giometti@linux.it>
[    0.122380] PTP clock support registered
[    0.122568] EDAC MC: Ver: 3.0.0
[    0.122885] dmi: Firmware registration failed.
[    0.125442] clocksource: Switched to clocksource arch_sys_counter
[    0.179823] NET: Registered protocol family 2
[    0.179885] random: neigh_hash_alloc+0x70/0xb8 get_random_u32 called with crng_init=0
[    0.180341] random: rt_genid_init+0x18/0x28 get_random_u32 called with crng_init=0
[    0.180369] TCP established hash table entries: 8192 (order: 3, 32768 bytes)
[    0.180468] TCP bind hash table entries: 8192 (order: 4, 65536 bytes)
[    0.180655] TCP: Hash tables configured (established 8192 bind 8192)
[    0.180738] UDP hash table entries: 512 (order: 2, 16384 bytes)
[    0.180784] UDP-Lite hash table entries: 512 (order: 2, 16384 bytes)
[    0.180934] NET: Registered protocol family 1
[    0.181247] RPC: Registered named UNIX socket transport module.
[    0.181259] RPC: Registered udp transport module.
[    0.181268] RPC: Registered tcp transport module.
[    0.181276] RPC: Registered tcp NFSv4.1 backchannel transport module.
[    0.181289] PCI: CLS 0 bytes, default 64
[    0.182705] hw perfevents: enabled with armv7_cortex_a15 PMU driver, 7 counters available
[    0.184417] workingset: timestamp_bits=30 max_order=19 bucket_order=0
[    0.192825] squashfs: version 4.0 (2009/01/31) Phillip Lougher
[    0.193519] NFS: Registering the id_resolver key type
[    0.193546] random: key_alloc+0x220/0x394 get_random_bytes called with crng_init=0
[    0.193566] Key type id_resolver registered
[    0.193575] Key type id_legacy registered
[    0.193617] ntfs: driver 2.1.32 [Flags: R/O].
[    0.195310] bounce: pool size: 64 pages
[    0.195350] Block layer SCSI generic (bsg) driver version 0.4 loaded (major 248)
[    0.195362] io scheduler noop registered
[    0.195372] io scheduler deadline registered
[    0.195402] io scheduler cfq registered (default)
[    0.195412] io scheduler mq-deadline registered
[    0.195450] io scheduler kyber registered
[    0.198992]  usb2-0: usb2-0 supply vbus not found, using dummy regulator
[    0.199107]  usb2-1: usb2-1 supply vbus not found, using dummy regulator
[    0.199567] tegra-xusb-padctl 7009f000.padctl: failed to setup XUSB ports: -517
[    0.217841] tegra-pcie 1003000.pcie-controller: 2x1, 1x1 configuration
[    0.217897] tegra-pcie 1003000.pcie-controller: Failed to get supply 'avddio-pex': -517
[    0.224234] tegra124-dfll 70110000.clock: couldn't get vdd_cpu regulator
[    0.232148] tegra-apbdma 60020000.dma: Tegra20 APB DMA driver register 32 channels
[    0.234692] tegra-pmc 7000e400.pmc: emergency thermal reset enabled
[    0.287245] Serial: 8250/16550 driver, 4 ports, IRQ sharing disabled
[    0.289826] console [ttyS0] disabled
[    0.289866] 70006300.serial: ttyS0 at MMIO 0x70006300 (irq = 335, base_baud = 25500000) is a Tegra
[    1.226719] console [ttyS0] enabled
[    1.231081] SuperH (H)SCI(F) driver initialized
[    1.236607] msm_serial: driver initialized
[    1.240881] STMicroelectronics ASC driver initialized
[    1.246809] 70006000.serial: ttyTHS1 at MMIO 0x70006000 (irq = 333, base_baud = 0) is a TEGRA_UART
[    1.256103] 70006040.serial: ttyTHS2 at MMIO 0x70006040 (irq = 334, base_baud = 0) is a TEGRA_UART
[    1.270235] tegra-hdmi 54280000.hdmi: failed to get HDMI regulator
[    1.289495] brd: module loaded
[    1.299750] loop: module loaded
[    1.304083] at24 0-0056: 256 byte 24c02 EEPROM, writable, 8 bytes/write
[    1.312446] as3722 4-0040: AS3722 with revision 0x1 found
[    1.324330] as3722-sd2: supplied by +5V_SYS
[    1.328975] as3722-sd3: supplied by +5V_SYS
[    1.333360] +1.35V_LP0(sd3): Bringing 0uV into 1350000-1350000uV
[    1.339774] as3722-sd4: supplied by +5V_SYS
[    1.344399] as3722-sd5: supplied by +5V_SYS
[    1.350426] as3722-ldo0: supplied by +1.35V_LP0(sd2)
[    1.356497] +1.8V_RUN_CAM: Bringing 0uV into 1800000-1800000uV
[    1.362704] as3722-ldo2: supplied by +1.8V_VDDIO
[    1.368615] as3722-ldo3: supplied by +3.3V_SYS
[    1.373093] +1.05V_LP0_VDD_RTC: Bringing 1100000uV into 1000000-1000000uV
[    1.380871] as3722-ldo4: supplied by +3.3V_SYS
[    1.385543] +2.8V_RUN_CAM: Bringing 0uV into 2800000-2800000uV
[    1.391729] as3722-ldo5: supplied by +1.8V_VDDIO
[    1.396583] +1.2V_RUN_CAM_FRONT: Bringing 0uV into 1200000-1200000uV
[    1.403477] +VDDIO_SDMMC3: bypassed regulator has no supply!
[    1.409151] +VDDIO_SDMMC3: failed to get the current voltage(-517)
[    1.415328] as3722-regulator as3722-regulator: regulator 13 register failed -517
[    1.428416] tegra-ahci 70027000.sata: couldn't get PHY in node sata: -517
[    1.448321] random: fast init done
[    1.451916] m25p80 spi32765.0: w25q32dw (4096 Kbytes)
[    1.459729] libphy: Fixed MDIO Bus: probed
[    1.464896] CAN device driver interface
[    1.469676] bgmac_bcma: Broadcom 47xx GBit MAC driver loaded
[    1.476727] e1000e: Intel(R) PRO/1000 Network Driver - 3.2.6-k
[    1.482551] e1000e: Copyright(c) 1999 - 2015 Intel Corporation.
[    1.488620] igb: Intel(R) Gigabit Ethernet Network Driver - version 5.4.0-k
[    1.495583] igb: Copyright (c) 2007-2014 Intel Corporation.
[    1.504975] pegasus: v0.9.3 (2013/04/25), Pegasus/Pegasus II USB Ethernet driver
[    1.512428] usbcore: registered new interface driver pegasus
[    1.518143] usbcore: registered new interface driver asix
[    1.523568] usbcore: registered new interface driver ax88179_178a
[    1.529710] usbcore: registered new interface driver cdc_ether
[    1.535603] usbcore: registered new interface driver smsc75xx
[    1.541391] usbcore: registered new interface driver smsc95xx
[    1.547183] usbcore: registered new interface driver net1080
[    1.552872] usbcore: registered new interface driver cdc_subset
[    1.558831] usbcore: registered new interface driver zaurus
[    1.564449] usbcore: registered new interface driver cdc_ncm
[    1.570349] tegra-phy 7d004000.usb-phy: no vbus regulator
[    1.577809] ehci_hcd: USB 2.0 'Enhanced' Host Controller (EHCI) Driver
[    1.584329] ehci-pci: EHCI PCI platform driver
[    1.588830] ehci-platform: EHCI generic platform driver
[    1.594256] ehci-orion: EHCI orion driver
[    1.598437] SPEAr-ehci: EHCI SPEAr driver
[    1.602582] ehci-st: EHCI STMicroelectronics driver
[    1.607611] ehci-exynos: EHCI EXYNOS driver
[    1.611945] ehci-atmel: EHCI Atmel driver
[    1.616099] tegra-ehci: Tegra EHCI driver
[    1.622939] tegra-ehci 7d004000.usb: EHCI Host Controller
[    1.628374] tegra-ehci 7d004000.usb: new USB bus registered, assigned bus number 1
[    1.636150] tegra-ehci 7d004000.usb: irq 354, io mem 0x7d004000
[    1.665469] tegra-ehci 7d004000.usb: USB 2.0 started, EHCI 1.10
[    1.672147] hub 1-0:1.0: USB hub found
[    1.675962] hub 1-0:1.0: 1 port detected
[    1.680458] ohci_hcd: USB 1.1 'Open' Host Controller (OHCI) Driver
[    1.686674] ohci-pci: OHCI PCI platform driver
[    1.691163] ohci-platform: OHCI generic platform driver
[    1.696597] SPEAr-ohci: OHCI SPEAr driver
[    1.700745] ohci-st: OHCI STMicroelectronics driver
[    1.705777] ohci-atmel: OHCI Atmel driver
[    1.710549] usbcore: registered new interface driver usb-storage
[    1.721076] as3722-rtc as3722-rtc: rtc core: registered as3722-rtc as rtc0
[    1.727979] as3722-rtc as3722-rtc: RTC interrupt 377
[    1.736187] tegra_rtc 7000e000.rtc: rtc core: registered 7000e000.rtc as rtc1
[    1.743347] tegra_rtc 7000e000.rtc: Tegra internal Real Time Clock
[    1.750068] i2c /dev entries driver
[    1.760303] lm90 0-004c: 0-004c supply vcc not found, using dummy regulator
[    1.777782] sdhci: Secure Digital Host Controller Interface driver
[    1.783954] sdhci: Copyright(c) Pierre Ossman
[    1.789939] Synopsys Designware Multimedia Card Interface Driver
[    1.797277] sdhci-pltfm: SDHCI platform and OF driver helper
[    1.803719] sdhci-tegra 700b0400.sdhci: Got CD GPIO
[    1.808632] sdhci-tegra 700b0400.sdhci: Got WP GPIO
[    1.829878] mmc0: Unknown controller version (3). You may experience problems.
[    1.837153] mmc0: Invalid maximum block size, assuming 512 bytes
[    1.905462] mmc0: SDHCI controller on 700b0600.sdhci [700b0600.sdhci] using ADMA
[    1.914788] ledtrig-cpu: registered to indicate activity on CPUs
[    1.921219] usbcore: registered new interface driver usbhid
[    1.926880] usbhid: USB HID core driver
[    1.935363] NET: Registered protocol family 10
[    1.940769] Segment Routing with IPv6
[    1.944576] sit: IPv6, IPv4 and MPLS over IPv4 tunneling driver
[    1.951082] NET: Registered protocol family 17
[    1.955548] can: controller area network core (rev 20170425 abi 9)
[    1.961775] NET: Registered protocol family 29
[    1.966232] can: raw protocol (rev 20170425)
[    1.970496] can: broadcast manager protocol (rev 20170425 t)
[    1.976167] can: netlink gateway (rev 20170425) max_hops=1
[    1.981938] Key type dns_resolver registered
[    1.986765] ThumbEE CPU extension supported.
[    1.991035] Registering SWP/SWPB emulation handler
[    2.008245] +3.3V_RUN: supplied by +3.3V_SYS
[    2.013231] +USB0_VBUS_SW: supplied by +5V_SYS
[    2.017902] +3.3V_AVDD_HDMI_AP_GATED: supplied by +3.3V_RUN
[    2.023816] +5V_USB_HS: supplied by +5V_SYS
[    2.029067] +3.3V_LP0: supplied by +3.3V_SYS
[    2.035203] +5V_HDMI_CON: supplied by +5V_SYS
[    2.040313] +5V_SATA: supplied by +5V_SYS
[    2.044817] +12V_SATA: supplied by +VDD_MUX
[    2.050453]  usb2-0: usb2-0 supply vbus not found, using dummy regulator
[    2.057305]  usb2-1: usb2-1 supply vbus not found, using dummy regulator
[    2.064356]  usb3-0: usb3-0 supply vbus not found, using dummy regulator
[    2.072510] tegra-pcie 1003000.pcie-controller: 2x1, 1x1 configuration
[    2.079213] tegra-pcie 1003000.pcie-controller: Failed to get supply 'avddio-pex': -517
[    2.091614] mmc0: new high speed MMC card at address 0001
[    2.091654] tegra124-dfll 70110000.clock: couldn't get vdd_cpu regulator
[    2.098085] tegra-hdmi 54280000.hdmi: failed to get PLL regulator
[    2.101650] as3722-sd2: supplied by +5V_SYS
[    2.101947] as3722-sd3: supplied by +5V_SYS
[    2.102252] as3722-sd4: supplied by +5V_SYS
[    2.102545] as3722-sd5: supplied by +5V_SYS
[    2.104019] as3722-ldo0: supplied by +1.35V_LP0(sd2)
[    2.104516] as3722-ldo1: supplied by +3.3V_RUN
[    2.104838] as3722-ldo2: supplied by +1.8V_VDDIO
[    2.105745] as3722-ldo3: supplied by +3.3V_SYS
[    2.106670] as3722-ldo4: supplied by +3.3V_SYS
[    2.106993] as3722-ldo5: supplied by +1.8V_VDDIO
[    2.107311] as3722-ldo6: supplied by +3.3V_RUN
[    2.107610] as3722-ldo7: supplied by +1.8V_VDDIO
[    2.107857] +1.05V_RUN_CAM_REAR: Bringing 0uV into 1050000-1050000uV
[    2.108243] as3722-ldo9: supplied by +5V_SYS
[    2.108640] +3.3V_RUN_TOUCH: Bringing 0uV into 2800000-2800000uV
[    2.109027] as3722-ldo10: supplied by +5V_SYS
[    2.109263] +2.8V_RUN_CAM_AF: Bringing 0uV into 2800000-2800000uV
[    2.109657] as3722-ldo11: supplied by +3.3V_RUN
[    2.109896] +1.8V_RUN_VPP_FUSE: Bringing 0uV into 1800000-1800000uV
[    2.113042] tegra-ahci 70027000.sata: AHCI 0001.0301 32 slots 2 ports 3 Gbps 0x1 impl platform mode
[    2.113054] tegra-ahci 70027000.sata: flags: 64bit ncq sntf pm led pio slum part sadm sds apst 
[    2.114842] scsi host0: tegra-ahci
[    2.115546] scsi host1: tegra-ahci
[    2.115922] ata1: SATA max UDMA/133 mmio [mem 0x70027000-0x70028fff] port 0x100 irq 345
[    2.115929] ata2: DUMMY
[    2.119826] tegra-ehci 7d008000.usb: EHCI Host Controller
[    2.119858] tegra-ehci 7d008000.usb: new USB bus registered, assigned bus number 2
[    2.120071] tegra-ehci 7d008000.usb: irq 355, io mem 0x7d008000
[    2.145559] tegra-ehci 7d008000.usb: USB 2.0 started, EHCI 1.10
[    2.146819] hub 2-0:1.0: USB hub found
[    2.146866] hub 2-0:1.0: 1 port detected
[    2.149851] sdhci-tegra 700b0400.sdhci: Got CD GPIO
[    2.149880] sdhci-tegra 700b0400.sdhci: Got WP GPIO
[    2.158382] mmc1: Unknown controller version (3). You may experience problems.
[    2.158476] mmc1: Invalid maximum block size, assuming 512 bytes
[    2.216124] mmc1: SDHCI controller on 700b0400.sdhci [700b0400.sdhci] using ADMA
[    2.216983] tegra-pcie 1003000.pcie-controller: 2x1, 1x1 configuration
[    2.222649] tegra-pcie 1003000.pcie-controller: probing port 0, using 2 lanes
[    2.224687] tegra-pcie 1003000.pcie-controller: Slot present pin change, signature: 00000008
[    2.255614] tegra-pcie 1003000.pcie-controller: probing port 1, using 1 lanes
[    2.257675] tegra-pcie 1003000.pcie-controller: Slot present pin change, signature: 00000000
[    2.271999] tegra-pcie 1003000.pcie-controller: PCI host bridge to bus 0000:00
[    2.272009] pci_bus 0000:00: root bus resource [io  0x0000-0xffff]
[    2.272017] pci_bus 0000:00: root bus resource [mem 0x13000000-0x1fffffff]
[    2.272024] pci_bus 0000:00: root bus resource [mem 0x20000000-0x3fffffff pref]
[    2.272033] pci_bus 0000:00: root bus resource [bus 00-ff]
[    2.272076] pci 0000:00:01.0: [10de:0e12] type 01 class 0x060400
[    2.272131] pci_bus 0000:00: 2-byte config write to 0000:00:01.0 offset 0x88 may corrupt adjacent RW1C bits
[    2.272164] pci_bus 0000:00: 2-byte config write to 0000:00:01.0 offset 0x52 may corrupt adjacent RW1C bits
[    2.272216] pci 0000:00:01.0: PME# supported from D0 D1 D2 D3hot D3cold
[    2.272227] pci_bus 0000:00: 2-byte config write to 0000:00:01.0 offset 0x4c may corrupt adjacent RW1C bits
[    2.272508] pci 0000:00:02.0: [10de:0e13] type 01 class 0x060400
[    2.272560] pci_bus 0000:00: 2-byte config write to 0000:00:02.0 offset 0x88 may corrupt adjacent RW1C bits
[    2.272592] pci_bus 0000:00: 2-byte config write to 0000:00:02.0 offset 0x52 may corrupt adjacent RW1C bits
[    2.272640] pci 0000:00:02.0: PME# supported from D0 D1 D2 D3hot D3cold
[    2.272651] pci_bus 0000:00: 2-byte config write to 0000:00:02.0 offset 0x4c may corrupt adjacent RW1C bits
[    2.272925] pci_bus 0000:00: 2-byte config write to 0000:00:01.0 offset 0x3e may corrupt adjacent RW1C bits
[    2.272938] pci_bus 0000:00: 2-byte config write to 0000:00:02.0 offset 0x3e may corrupt adjacent RW1C bits
[    2.272950] pci_bus 0000:00: 2-byte config write to 0000:00:01.0 offset 0x4 may corrupt adjacent RW1C bits
[    2.272962] pci_bus 0000:00: 1-byte config write to 0000:00:01.0 offset 0xc may corrupt adjacent RW1C bits
[    2.272976] PCI: bus0: Fast back to back transfers disabled
[    2.272987] pci 0000:00:01.0: bridge configuration invalid ([bus 00-00]), reconfiguring
[    2.273006] pci 0000:00:02.0: bridge configuration invalid ([bus 00-00]), reconfiguring
[    2.273248] pci 0000:01:00.0: [8086:4232] type 00 class 0x028000
[    2.273309] pci 0000:01:00.0: reg 0x10: [mem 0x00000000-0x00001fff 64bit]
[    2.273535] pci 0000:01:00.0: PME# supported from D0 D3hot D3cold
[    2.295656] PCI: bus1: Fast back to back transfers disabled
[    2.295670] pci_bus 0000:01: busn_res: [bus 01-ff] end is updated to 01
[    2.295960] pci 0000:02:00.0: [10ec:8168] type 00 class 0x020000
[    2.296006] pci 0000:02:00.0: reg 0x10: [io  0x0000-0x00ff]
[    2.296049] pci 0000:02:00.0: reg 0x18: [mem 0x00000000-0x00000fff 64bit]
[    2.296079] pci 0000:02:00.0: reg 0x20: [mem 0x00000000-0x00003fff 64bit pref]
[    2.296249] pci 0000:02:00.0: supports D1 D2
[    2.296255] pci 0000:02:00.0: PME# supported from D0 D1 D2 D3hot D3cold
[    2.325644] PCI: bus2: Fast back to back transfers disabled
[    2.325659] pci_bus 0000:02: busn_res: [bus 02-ff] end is updated to 02
[    2.325867] pci 0000:00:01.0: BAR 8: assigned [mem 0x13000000-0x130fffff]
[    2.325877] pci 0000:00:02.0: BAR 8: assigned [mem 0x13100000-0x131fffff]
[    2.325888] pci 0000:00:02.0: BAR 9: assigned [mem 0x20000000-0x200fffff 64bit pref]
[    2.325897] pci 0000:00:02.0: BAR 7: assigned [io  0x1000-0x1fff]
[    2.325911] pci 0000:01:00.0: BAR 0: assigned [mem 0x13000000-0x13001fff 64bit]
[    2.325949] pci 0000:00:01.0: PCI bridge to [bus 01]
[    2.325962] pci 0000:00:01.0:   bridge window [mem 0x13000000-0x130fffff]
[    2.325983] pci 0000:02:00.0: BAR 4: assigned [mem 0x20000000-0x20003fff 64bit pref]
[    2.326015] pci 0000:02:00.0: BAR 2: assigned [mem 0x13100000-0x13100fff 64bit]
[    2.326045] pci 0000:02:00.0: BAR 0: assigned [io  0x1000-0x10ff]
[    2.326057] pci 0000:00:02.0: PCI bridge to [bus 02]
[    2.326065] pci 0000:00:02.0:   bridge window [io  0x1000-0x1fff]
[    2.326078] pci 0000:00:02.0:   bridge window [mem 0x13100000-0x131fffff]
[    2.326087] pci 0000:00:02.0:   bridge window [mem 0x20000000-0x200fffff 64bit pref]
[    2.326131] pci 0000:00:01.0: nv_msi_ht_cap_quirk didn't locate host bridge
[    2.326262] pcieport 0000:00:01.0: enabling device (0140 -> 0142)
[    2.326569] pcieport 0000:00:01.0: Signaling PME with IRQ 393
[    2.326696] pci 0000:00:02.0: nv_msi_ht_cap_quirk didn't locate host bridge
[    2.326791] pcieport 0000:00:02.0: enabling device (0140 -> 0143)
[    2.327047] pcieport 0000:00:02.0: Signaling PME with IRQ 394
[    2.327388] r8169 Gigabit Ethernet driver 2.3LK-NAPI loaded
[    2.327414] r8169 0000:02:00.0: enabling device (0140 -> 0143)
[    2.357362] r8169 0000:02:00.0 eth0: RTL8168g/8111g at 0xf0b5f000, 00:04:4b:3a:d9:81, XID 0c000800 IRQ 395
[    2.357371] r8169 0000:02:00.0 eth0: jumbo features [frames: 9200 bytes, tx checksumming: ko]
[    2.363334] +1.05V_RUN_AVDD_HDMI_PLL: supplied by +1.05V_RUN
[    2.366276] of: dev_pm_opp_of_cpumask_add_table: couldn't find opp table for cpu:0, -19
[    2.366384] cpufreq: cpufreq_online: CPU0: Running at unlisted freq: 696000 KHz
[    2.366418] cpufreq: cpufreq_online: CPU0: Unlisted initial frequency changed to: 714000 KHz
[    2.367272] input: gpio-keys as /devices/soc0/gpio-keys/input/input0
[    2.369830] as3722-rtc as3722-rtc: setting system clock to 2000-01-01 00:00:40 UTC (946684840)
[    2.370165] +3.3V_AVDD_HDMI_AP_GATED: disabling
[    2.370168] +USB0_VBUS_SW: disabling
[    2.370172] +1.05V_RUN_AVDD_HDMI_PLL: disabling
[    2.370173] +5V_HDMI_CON: disabling
[    2.370185] +1.8V_RUN_CAM: disabling
[    2.370415] +2.8V_RUN_CAM: disabling
[    2.370527] +1.2V_RUN_CAM_FRONT: disabling
[    2.370633] +1.05V_RUN_CAM_REAR: disabling
[    2.370739] +3.3V_RUN_TOUCH: disabling
[    2.370844] +2.8V_RUN_CAM_AF: disabling
[    2.370949] +1.8V_RUN_VPP_FUSE: disabling
[    2.448646] ata1: SATA link down (SStatus 0 SControl 300)
[    2.478729] mmc1: new high speed SDHC card at address aaaa
[    2.479376] mmcblk1: mmc1:aaaa SD04G 3.69 GiB 
[    2.490884]  mmcblk1: p1 p2 p3
[    2.859995] mmcblk0: mmc0:0001 SEM16G 14.7 GiB 
[    2.864937] mmcblk0boot0: mmc0:0001 SEM16G partition 1 4.00 MiB
[    2.871394] mmcblk0boot1: mmc0:0001 SEM16G partition 2 4.00 MiB
[    2.877814] mmcblk0rpmb: mmc0:0001 SEM16G partition 3 4.00 MiB
[    2.884955]  mmcblk0: p1
[    2.889350] EXT4-fs (mmcblk0p1): mounting ext3 file system using the ext4 subsystem
[    2.910872] EXT4-fs (mmcblk0p1): recovery complete
[    2.915713] EXT4-fs (mmcblk0p1): mounted filesystem with ordered data mode. Opts: (null)
[    2.923804] VFS: Mounted root (ext3 filesystem) on device 179:17.
[    2.932060] devtmpfs: mounted
[    2.935726] Freeing unused kernel memory: 2048K
bash: cannot set terminal process group (-1): Inappropriate ioctl for device
bash: no job control in this shell
root@(none):/# mount -t sysfs none /sys
root@(none):/# 
root@(none):/# mount -t debugfs none /sys/kernel/debug
root@(none):/# 
root@(none):/# rtcwake -d rtc1 -m mem -s 3
rtcwake: assuming RTC uses UTC ...
rtcwake: wakeup from "mem" using /dev/rtc1 at Thu Jan  1 00:00:20 1970
[    6.392843] PM: Syncing filesystems ... done.
[    6.401008] Freezing user space processes ... (elapsed 0.001 seconds) done.
[    6.409410] OOM killer disabled.
[    6.412639] Freezing remaining freezable tasks ... (elapsed 0.001 seconds) done.
[    6.421560] Suspending console(s) (use no_console_suspend to debug)
[    6.508312] PM: suspend of devices complete after 78.783 msecs
[    6.514396] PM: late suspend of devices complete after 6.056 msecs
[    6.550087] PM: noirq suspend of devices complete after 35.670 msecs
[    6.550097] Disabling non-boot CPUs ...
[    6.596870] IRQ357 no longer affine to CPU1
[    6.696964] IRQ358 no longer affine to CPU2
[    6.806443] IRQ17 no longer affine to CPU3
[    6.806824] IRQ359 no longer affine to CPU3
[    6.872923] Entering suspend state LP1
[    6.872923] Suspended for 3.050 seconds
[    6.872935] Enabling non-boot CPUs ...
[    6.897401] CPU1 is up
[    6.937316] CPU2 is up
[    6.977616] CPU3 is up
[    6.978337] pcieport 0000:00:02.0: nv_msi_ht_cap_quirk didn't locate host bridge
[    6.978339] pcieport 0000:00:01.0: nv_msi_ht_cap_quirk didn't locate host bridge
[    7.005526] PM: noirq resume of devices complete after 27.904 msecs
[    7.007094] PM: early resume of devices complete after 1.236 msecs
[    7.035686] PM: resume of devices complete after 28.582 msecs
[    7.126564] OOM killer enabled.
[    7.129693] Restarting tasks ... done.
root@(none):/# 
root@(none):/# [    7.337953] ata1: SATA link down (SStatus 0 SControl 300)
rtcwake -d rtc1 -m mem -s 3
rtcwake: assuming RTC uses UTC ...
rtcwake: wakeup from "mem" using /dev/rtc1 at Thu Jan  1 00:00:25 1970
[    8.371633] PM: Syncing filesystems ... done.
[    8.378454] Freezing user space processes ... (elapsed 0.001 seconds) done.
[    8.386874] OOM killer disabled.
[    8.390102] Freezing remaining freezable tasks ... (elapsed 0.001 seconds) done.
[    8.399038] Suspending console(s) (use no_console_suspend to debug)
[    8.407377] pci_generic_config_write32: 118 callbacks suppressed
[    8.407400] pci_bus 0000:00: 2-byte config write to 0000:00:02.0 offset 0x9c may corrupt adjacent RW1C bits
[    8.407430] pci_bus 0000:00: 2-byte config write to 0000:00:01.0 offset 0x9c may corrupt adjacent RW1C bits
[    8.487761] PM: suspend of devices complete after 80.765 msecs
[    8.495900] PM: late suspend of devices complete after 8.111 msecs
[    8.496937] pci_bus 0000:02: 2-byte config write to 0000:02:00.0 offset 0x44 may corrupt adjacent RW1C bits
[    8.496977] pci_bus 0000:02: 2-byte config write to 0000:02:00.0 offset 0x44 may corrupt adjacent RW1C bits
[    8.530025] PM: noirq suspend of devices complete after 34.103 msecs
[    8.530035] Disabling non-boot CPUs ...
[    8.566606] IRQ357 no longer affine to CPU1
[    8.666514] IRQ17 no longer affine to CPU2
[    8.666903] IRQ358 no longer affine to CPU2
[    8.766780] IRQ359 no longer affine to CPU3
[    8.822483] Entering suspend state LP1
[    8.822483] Suspended for 3.050 seconds
[    8.822494] Enabling non-boot CPUs ...
[    8.847374] CPU1 is up
[    8.887298] CPU2 is up
[    8.927591] CPU3 is up
[    8.928185] pci_bus 0000:00: 2-byte config write to 0000:00:02.0 offset 0x4c may corrupt adjacent RW1C bits
[    8.928196] pci_bus 0000:00: 2-byte config write to 0000:00:01.0 offset 0x4c may corrupt adjacent RW1C bits
[    8.928206] pci_bus 0000:00: 2-byte config write to 0000:00:02.0 offset 0x88 may corrupt adjacent RW1C bits
[    8.928212] pci_bus 0000:00: 2-byte config write to 0000:00:02.0 offset 0x90 may corrupt adjacent RW1C bits
[    8.928219] pci_bus 0000:00: 2-byte config write to 0000:00:01.0 offset 0x88 may corrupt adjacent RW1C bits
[    8.928225] pci_bus 0000:00: 2-byte config write to 0000:00:02.0 offset 0x98 may corrupt adjacent RW1C bits
[    8.928331] pcieport 0000:00:02.0: nv_msi_ht_cap_quirk didn't locate host bridge
[    8.928332] pcieport 0000:00:01.0: nv_msi_ht_cap_quirk didn't locate host bridge
[    8.955494] PM: noirq resume of devices complete after 27.897 msecs
[    8.957056] PM: early resume of devices complete after 1.240 msecs
[    8.985740] PM: resume of devices complete after 28.673 msecs
[    9.179844] OOM killer enabled.
[    9.182979] Restarting tasks ... done.
root@(none):/# 
root@(none):/# [    9.287693] ata1: SATA link down (SStatus 0 SControl 300)
rtcwake -d rtc1 -m mem -s 3
rtcwake: assuming RTC uses UTC ...
rtcwake: wakeup from "mem" using /dev/rtc1 at Thu Jan  1 00:00:30 1970
[   10.294584] PM: Syncing filesystems ... done.
[   10.299608] Freezing user space processes ... (elapsed 0.001 seconds) done.
[   10.307675] OOM killer disabled.
[   10.310891] Freezing remaining freezable tasks ... (elapsed 0.001 seconds) done.
[   10.319490] Suspending console(s) (use no_console_suspend to debug)
[   10.407013] PM: suspend of devices complete after 80.804 msecs
[   10.408596] PM: late suspend of devices complete after 1.573 msecs
[   10.436402] PM: noirq suspend of devices complete after 27.800 msecs
[   10.436404] Disabling non-boot CPUs ...
[   10.505654] IRQ357 no longer affine to CPU1
[   10.605753] IRQ358 no longer affine to CPU2
[   10.757082] Entering suspend state LP1
[   10.757082] Suspended for 3.065 seconds
[   10.757094] Enabling non-boot CPUs ...
[   10.787325] CPU1 is up
[   10.827223] CPU2 is up
[   10.867519] CPU3 is up
[   10.868185] pcieport 0000:00:02.0: nv_msi_ht_cap_quirk didn't locate host bridge
[   10.868187] pcieport 0000:00:01.0: nv_msi_ht_cap_quirk didn't locate host bridge
[   10.895464] PM: noirq resume of devices complete after 27.939 msecs
[   10.896749] PM: early resume of devices complete after 0.967 msecs
[   10.925565] PM: resume of devices complete after 28.806 msecs
[   11.008168] OOM killer enabled.
[   11.011297] Restarting tasks ... done.
root@(none):/# 
root@(none):/# [   11.227940] ata1: SATA link down (SStatus 0 SControl 300)
rtcwake -d rtc1 -m mem -s 3
rtcwake: assuming RTC uses UTC ...
rtcwake: wakeup from "mem" using /dev/rtc1 at Thu Jan  1 00:00:35 1970
[   12.252887] PM: Syncing filesystems ... done.
[   12.260996] Freezing user space processes ... (elapsed 0.001 seconds) done.
[   12.269621] OOM killer disabled.
[   12.272856] Freezing remaining freezable tasks ... (elapsed 0.001 seconds) done.
[   12.281868] Suspending console(s) (use no_console_suspend to debug)
[   12.368901] PM: suspend of devices complete after 78.289 msecs
[   12.377904] PM: late suspend of devices complete after 8.963 msecs
[   12.412154] PM: noirq suspend of devices complete after 34.217 msecs
[   12.412168] Disabling non-boot CPUs ...
[   12.446657] migrate_irqs: 1 callbacks suppressed
[   12.446674] IRQ17 no longer affine to CPU1
[   12.447181] IRQ357 no longer affine to CPU1
[   12.567104] IRQ358 no longer affine to CPU2
[   12.686984] IRQ359 no longer affine to CPU3
[   12.725710] Entering suspend state LP1
[   12.725710] Suspended for 3.031 seconds
[   12.725721] Enabling non-boot CPUs ...
[   12.747320] CPU1 is up
[   12.787237] CPU2 is up
[   12.827528] CPU3 is up
[   12.828224] pcieport 0000:00:02.0: nv_msi_ht_cap_quirk didn't locate host bridge
[   12.828226] pcieport 0000:00:01.0: nv_msi_ht_cap_quirk didn't locate host bridge
[   12.855429] PM: noirq resume of devices complete after 27.895 msecs
[   12.857041] PM: early resume of devices complete after 1.265 msecs
[   12.885680] PM: resume of devices complete after 28.629 msecs
[   12.981158] OOM killer enabled.
[   12.984286] Restarting tasks ... done.
root@(none):/# 
root@(none):/# [   13.197951] ata1: SATA link down (SStatus 0 SControl 300)
rtcwake -d rtc1 -m mem -s 3
rtcwake: assuming RTC uses UTC ...
rtcwake: wakeup from "mem" using /dev/rtc1 at Thu Jan  1 00:00:40 1970
[   14.211350] PM: Syncing filesystems ... done.
[   14.216724] Freezing user space processes ... (elapsed 0.001 seconds) done.
[   14.224902] OOM killer disabled.
[   14.228141] Freezing remaining freezable tasks ... (elapsed 0.001 seconds) done.
[   14.236790] Suspending console(s) (use no_console_suspend to debug)
[   14.243889] pci_generic_config_write32: 116 callbacks suppressed
[   14.243897] pci_bus 0000:00: 2-byte config write to 0000:00:02.0 offset 0x9c may corrupt adjacent RW1C bits
[   14.243926] pci_bus 0000:00: 2-byte config write to 0000:00:01.0 offset 0x9c may corrupt adjacent RW1C bits
[   14.327055] PM: suspend of devices complete after 83.370 msecs
[   14.330090] PM: late suspend of devices complete after 3.023 msecs
[   14.330538] pci_bus 0000:02: 2-byte config write to 0000:02:00.0 offset 0x44 may corrupt adjacent RW1C bits
[   14.330556] pci_bus 0000:02: 2-byte config write to 0000:02:00.0 offset 0x44 may corrupt adjacent RW1C bits
[   14.356868] PM: noirq suspend of devices complete after 26.769 msecs
[   14.356872] Disabling non-boot CPUs ...
[   14.405624] IRQ17 no longer affine to CPU1
[   14.405740] IRQ357 no longer affine to CPU1
[   14.495852] IRQ358 no longer affine to CPU2
[   14.595801] IRQ359 no longer affine to CPU3
[   14.647796] Entering suspend state LP1
[   14.647796] Suspended for 3.077 seconds
[   14.647807] Enabling non-boot CPUs ...
[   14.677288] CPU1 is up
[   14.717200] CPU2 is up
[   14.757501] CPU3 is up
[   14.758071] pci_bus 0000:00: 2-byte config write to 0000:00:02.0 offset 0x4c may corrupt adjacent RW1C bits
[   14.758079] pci_bus 0000:00: 2-byte config write to 0000:00:01.0 offset 0x4c may corrupt adjacent RW1C bits
[   14.758092] pci_bus 0000:00: 2-byte config write to 0000:00:02.0 offset 0x88 may corrupt adjacent RW1C bits
[   14.758098] pci_bus 0000:00: 2-byte config write to 0000:00:01.0 offset 0x88 may corrupt adjacent RW1C bits
[   14.758104] pci_bus 0000:00: 2-byte config write to 0000:00:02.0 offset 0x90 may corrupt adjacent RW1C bits
[   14.758110] pci_bus 0000:00: 2-byte config write to 0000:00:01.0 offset 0x90 may corrupt adjacent RW1C bits
[   14.758216] pcieport 0000:00:02.0: nv_msi_ht_cap_quirk didn't locate host bridge
[   14.758218] pcieport 0000:00:01.0: nv_msi_ht_cap_quirk didn't locate host bridge
[   14.785401] PM: noirq resume of devices complete after 27.893 msecs
[   14.787244] PM: early resume of devices complete after 1.512 msecs
[   14.815636] PM: resume of devices complete after 28.382 msecs
[   15.009691] OOM killer enabled.
[   15.012827] Restarting tasks ... done.
root@(none):/# 
root@(none):/# [   15.117610] ata1: SATA link down (SStatus 0 SControl 300)
rtcwake -d rtc1 -m mem -s 3
rtcwake: assuming RTC uses UTC ...
rtcwake: wakeup from "mem" using /dev/rtc1 at Thu Jan  1 00:00:45 1970
[   16.124773] PM: Syncing filesystems ... done.
[   16.129867] Freezing user space processes ... (elapsed 0.001 seconds) done.
[   16.138014] OOM killer disabled.
[   16.141231] Freezing remaining freezable tasks ... (elapsed 0.001 seconds) done.
[   16.149829] Suspending console(s) (use no_console_suspend to debug)
[   16.236896] PM: suspend of devices complete after 80.352 msecs
[   16.238474] PM: late suspend of devices complete after 1.568 msecs
[   16.266321] PM: noirq suspend of devices complete after 27.841 msecs
[   16.266323] Disabling non-boot CPUs ...
[   16.315489] IRQ17 no longer affine to CPU1
[   16.315566] IRQ357 no longer affine to CPU1
[   16.587056] Entering suspend state LP1
[   16.587056] Suspended for 3.060 seconds
[   16.587068] Enabling non-boot CPUs ...
[   16.617260] CPU1 is up
[   16.657168] CPU2 is up
[   16.697454] CPU3 is up
[   16.698096] pcieport 0000:00:01.0: nv_msi_ht_cap_quirk didn't locate host bridge
[   16.698258] pcieport 0000:00:02.0: nv_msi_ht_cap_quirk didn't locate host bridge
[   16.725372] PM: noirq resume of devices complete after 27.911 msecs
[   16.726954] PM: early resume of devices complete after 1.259 msecs
[   16.755619] PM: resume of devices complete after 28.655 msecs
[   16.838154] OOM killer enabled.
[   16.841283] Restarting tasks ... done.
root@(none):/# 
root@(none):/# [   17.057892] ata1: SATA link down (SStatus 0 SControl 300)
rtcwake -d rtc1 -m mem -s 3
rtcwake: assuming RTC uses UTC ...
rtcwake: wakeup from "mem" using /dev/rtc1 at Thu Jan  1 00:00:50 1970
[   18.070782] PM: Syncing filesystems ... done.
[   18.078968] Freezing user space processes ... (elapsed 0.001 seconds) done.
[   18.087445] OOM killer disabled.
[   18.090680] Freezing remaining freezable tasks ... (elapsed 0.001 seconds) done.
[   18.099727] Suspending console(s) (use no_console_suspend to debug)
[   18.188936] PM: suspend of devices complete after 80.371 msecs
[   18.200072] PM: late suspend of devices complete after 11.096 msecs
[   18.232060] PM: noirq suspend of devices complete after 31.957 msecs
[   18.232074] Disabling non-boot CPUs ...
[   18.276571] migrate_irqs: 2 callbacks suppressed
[   18.276588] IRQ17 no longer affine to CPU1
[   18.277095] IRQ357 no longer affine to CPU1
[   18.397019] IRQ358 no longer affine to CPU2
[   18.516895] IRQ359 no longer affine to CPU3
[   18.576018] Entering suspend state LP1
[   18.576018] Suspended for 3.010 seconds
[   18.576029] Enabling non-boot CPUs ...
[   18.597219] CPU1 is up
[   18.637129] CPU2 is up
[   18.677424] CPU3 is up
[   18.678064] pcieport 0000:00:01.0: nv_msi_ht_cap_quirk didn't locate host bridge
[   18.678226] pcieport 0000:00:02.0: nv_msi_ht_cap_quirk didn't locate host bridge
[   18.705334] PM: noirq resume of devices complete after 27.904 msecs
[   18.707371] PM: early resume of devices complete after 1.718 msecs
[   18.735574] PM: resume of devices complete after 28.193 msecs
[   18.831157] OOM killer enabled.
[   18.834285] Restarting tasks ... done.
root@(none):/# 
root@(none):/# [   19.037850] ata1: SATA link down (SStatus 0 SControl 300)
rtcwake -d rtc1 -m mem -s 3
rtcwake: assuming RTC uses UTC ...
rtcwake: wakeup from "mem" using /dev/rtc1 at Thu Jan  1 00:00:55 1970
[   20.054604] PM: Syncing filesystems ... done.
[   20.059978] Freezing user space processes ... (elapsed 0.001 seconds) done.
[   20.068071] OOM killer disabled.
[   20.071288] Freezing remaining freezable tasks ... (elapsed 0.001 seconds) done.
[   20.079909] Suspending console(s) (use no_console_suspend to debug)
[   20.086966] pci_generic_config_write32: 116 callbacks suppressed
[   20.086974] pci_bus 0000:00: 2-byte config write to 0000:00:02.0 offset 0x9c may corrupt adjacent RW1C bits
[   20.086992] pci_bus 0000:00: 2-byte config write to 0000:00:01.0 offset 0x9c may corrupt adjacent RW1C bits
[   20.166763] PM: suspend of devices complete after 79.953 msecs
[   20.168964] PM: late suspend of devices complete after 2.189 msecs
[   20.169505] pci_bus 0000:02: 2-byte config write to 0000:02:00.0 offset 0x44 may corrupt adjacent RW1C bits
[   20.169524] pci_bus 0000:02: 2-byte config write to 0000:02:00.0 offset 0x44 may corrupt adjacent RW1C bits
[   20.196754] PM: noirq suspend of devices complete after 27.782 msecs
[   20.196758] Disabling non-boot CPUs ...
[   20.245613] IRQ357 no longer affine to CPU1
[   20.345606] IRQ17 no longer affine to CPU2
[   20.345769] IRQ358 no longer affine to CPU2
[   20.425707] IRQ359 no longer affine to CPU3
[   20.477640] Entering suspend state LP1
[   20.477640] Suspended for 3.098 seconds
[   20.477652] Enabling non-boot CPUs ...
[   20.507185] CPU1 is up
[   20.547096] CPU2 is up
[   20.587415] CPU3 is up
[   20.587994] pci_bus 0000:00: 2-byte config write to 0000:00:01.0 offset 0x4c may corrupt adjacent RW1C bits
[   20.588005] pci_bus 0000:00: 2-byte config write to 0000:00:02.0 offset 0x4c may corrupt adjacent RW1C bits
[   20.588015] pci_bus 0000:00: 2-byte config write to 0000:00:01.0 offset 0x88 may corrupt adjacent RW1C bits
[   20.588022] pci_bus 0000:00: 2-byte config write to 0000:00:01.0 offset 0x90 may corrupt adjacent RW1C bits
[   20.588028] pci_bus 0000:00: 2-byte config write to 0000:00:02.0 offset 0x88 may corrupt adjacent RW1C bits
[   20.588033] pci_bus 0000:00: 2-byte config write to 0000:00:01.0 offset 0x98 may corrupt adjacent RW1C bits
[   20.588139] pcieport 0000:00:01.0: nv_msi_ht_cap_quirk didn't locate host bridge
[   20.588141] pcieport 0000:00:02.0: nv_msi_ht_cap_quirk didn't locate host bridge
[   20.625419] PM: noirq resume of devices complete after 37.998 msecs
[   20.627212] PM: early resume of devices complete after 1.475 msecs
[   20.655470] PM: resume of devices complete after 28.248 msecs
[   20.849508] OOM killer enabled.
[   20.852644] Restarting tasks ... done.
root@(none):/# 
root@(none):/# [   20.957745] ata1: SATA link down (SStatus 0 SControl 300)
rtcwake -d rtc1 -m mem -s 3
rtcwake: assuming RTC uses UTC ...
rtcwake: wakeup from "mem" using /dev/rtc1 at Thu Jan  1 00:01:00 1970
[   21.954278] PM: Syncing filesystems ... done.
[   21.959461] Freezing user space processes ... (elapsed 0.001 seconds) done.
[   21.967527] OOM killer disabled.
[   21.970743] Freezing remaining freezable tasks ... (elapsed 0.001 seconds) done.
[   21.979337] Suspending console(s) (use no_console_suspend to debug)
[   22.066636] PM: suspend of devices complete after 80.583 msecs
[   22.068824] PM: late suspend of devices complete after 2.180 msecs
[   22.096214] PM: noirq suspend of devices complete after 27.383 msecs
[   22.096216] Disabling non-boot CPUs ...
[   22.165372] IRQ17 no longer affine to CPU1
[   22.165447] IRQ357 no longer affine to CPU1
[   22.416843] Entering suspend state LP1
[   22.416843] Suspended for 3.060 seconds
[   22.416855] Enabling non-boot CPUs ...
[   22.447157] CPU1 is up
[   22.487080] CPU2 is up
[   22.527360] CPU3 is up
[   22.528053] pcieport 0000:00:01.0: nv_msi_ht_cap_quirk didn't locate host bridge
[   22.528055] pcieport 0000:00:02.0: nv_msi_ht_cap_quirk didn't locate host bridge
[   22.555271] PM: noirq resume of devices complete after 27.905 msecs
[   22.557156] PM: early resume of devices complete after 1.552 msecs
[   22.585446] PM: resume of devices complete after 28.281 msecs
[   22.668016] OOM killer enabled.
[   22.671144] Restarting tasks ... done.
root@(none):/# 
root@(none):/# [   22.887783] ata1: SATA link down (SStatus 0 SControl 300)
rtcwake -d rtc1 -m mem -s 3
rtcwake: assuming RTC uses UTC ...
rtcwake: wakeup from "mem" using /dev/rtc1 at Thu Jan  1 00:01:05 1970
[   23.894714] PM: Syncing filesystems ... done.
[   23.899934] Freezing user space processes ... (elapsed 0.001 seconds) done.
[   23.908055] OOM killer disabled.
[   23.911274] Freezing remaining freezable tasks ... (elapsed 0.001 seconds) done.
[   23.919849] Suspending console(s) (use no_console_suspend to debug)
[   24.007084] PM: suspend of devices complete after 80.227 msecs
[   24.009823] PM: late suspend of devices complete after 2.725 msecs
[   24.037216] PM: noirq suspend of devices complete after 27.383 msecs
[   24.037221] Disabling non-boot CPUs ...
[   24.085553] migrate_irqs: 2 callbacks suppressed
[   24.085559] IRQ17 no longer affine to CPU1
[   24.085707] IRQ357 no longer affine to CPU1
[   24.185984] IRQ358 no longer affine to CPU2
[   24.285769] IRQ359 no longer affine to CPU3
[   24.338256] Entering suspend state LP1
[   24.338256] Suspended for 3.078 seconds
[   24.338268] Enabling non-boot CPUs ...
[   24.367150] CPU1 is up
[   24.407053] CPU2 is up
[   24.457337] CPU3 is up
[   24.457975] pcieport 0000:00:02.0: nv_msi_ht_cap_quirk didn't locate host bridge
[   24.458083] pcieport 0000:00:01.0: nv_msi_ht_cap_quirk didn't locate host bridge
[   24.485247] PM: noirq resume of devices complete after 27.904 msecs
[   24.486766] PM: early resume of devices complete after 1.173 msecs
[   24.515444] PM: resume of devices complete after 28.667 msecs
[   24.611249] OOM killer enabled.
[   24.614378] Restarting tasks ... done.
root@(none):/# 
root@(none):/# [   24.817755] ata1: SATA link down (SStatus 0 SControl 300)
NVTB SYSTEM SUSPEND TEST COMPLETE
