
U-Boot SPL 2014.01-00219-gc4d376f (Feb 18 2014 - 19:57:32)


U-Boot 2014.01-00219-gc4d376f (Feb 18 2014 - 19:57:32)

TEGRA114
Board: NVIDIA Dalmore
I2C:   ready
DRAM:  2 GiB
MMC:   Tegra SD/MMC: 0, Tegra SD/MMC: 1
In:    serial
Out:   serial
Err:   serial
Net:   Net Initialization Skipped
No ethernet found.
Hit any key to stop autoboot:  2  0 
Tegra114 (Dalmore) # 
Tegra114 (Dalmore) # usb reset
(Re)start USB...
USB0:   USB EHCI 1.10
scanning bus 0 for devices... 2 USB Device(s) found
       scanning usb for storage devices... 0 Storage Device(s) found
       scanning usb for ethernet devices... 
Warning: asx0 using MAC address from net device
1 Ethernet Device(s) found
Tegra114 (Dalmore) # setenv bootargs 'ignore_loglevel console=ttyS0,115200n8 rw root=/dev/mmcblk0p1 rootwait gpt debug init=/bin/bash'
Tegra114 (Dalmore) # setenv ipaddr 192.168.100.100; setenv serverip 192.168.100.1; setenv tftpserverip 192.168.100.1
Tegra114 (Dalmore) # tftpboot 0x81000000 zImage.tegra_defconfig%tegra20,114_mergeconfig
Using asx0 device
TFTP from server 192.168.100.1; our IP address is 192.168.100.100
Filename 'zImage.tegra_defconfig%tegra20,114_mergeconfig'.
Load address: 0x81000000
Loading: *#################################################################
	 #################################################################
	 #################################################################
	 #################################################################
	 #################################################################
	 #
	 3.2 MiB/s
done
Bytes transferred = 4782312 (48f8e8 hex)
Tegra114 (Dalmore) # tftpboot 0x82000000 tegra114-dalmore.dtb
Using asx0 device
TFTP from server 192.168.100.1; our IP address is 192.168.100.100
Filename 'tegra114-dalmore.dtb'.
Load address: 0x82000000
Loading: *###
	 3 MiB/s
done
Bytes transferred = 34638 (874e hex)
Tegra114 (Dalmore) # bootz 0x81000000 - 0x82000000
Kernel image @ 0x81000000 [ 0x000000 - 0x48f8e8 ]
## Flattened Device Tree blob at 82000000
   Booting using the fdt blob at 0x82000000
   Loading Device Tree to 8fff4000, end 8ffff74d ... OK

Starting kernel ...

Uncompressing Linux... done, booting the kernel.
[    0.000000] Booting Linux on physical CPU 0x0
[    0.000000] Initializing cgroup subsys cpu
[    0.000000] Initializing cgroup subsys cpuacct
[    0.000000] Linux version 3.19.0-rc5-next-20150121-111700-ge1e1281 (pwalmsley@tamien) (gcc version 4.7.3 20130328 (prerelease) (crosstool-NG linaro-1.13.1-4.7-2013.04-20130415 - Linaro GCC 2013.04) ) #1 SMP PREEMPT Wed Jan 21 00:54:46 PST 2015
[    0.000000] CPU: ARMv7 Processor [412fc0f2] revision 2 (ARMv7), cr=10c5387d
[    0.000000] CPU: PIPT / VIPT nonaliasing data cache, PIPT instruction cache
[    0.000000] Machine model: NVIDIA Tegra114 Dalmore evaluation board
[    0.000000] debug: ignoring loglevel setting.
[    0.000000] cma: Reserved 64 MiB at 0xfbc00000
[    0.000000] Memory policy: Data cache writealloc
[    0.000000] On node 0 totalpages: 524032
[    0.000000] free_area_init_node: node 0, pgdat c0926880, node_mem_map ee7f7000
[    0.000000]   Normal zone: 1520 pages used for memmap
[    0.000000]   Normal zone: 0 pages reserved
[    0.000000]   Normal zone: 194560 pages, LIFO batch:31
[    0.000000]   HighMem zone: 329472 pages, LIFO batch:31
[    0.000000] PERCPU: Embedded 11 pages/cpu @ee7a6000 s13504 r8192 d23360 u45056
[    0.000000] pcpu-alloc: s13504 r8192 d23360 u45056 alloc=11*4096
[    0.000000] pcpu-alloc: [0] 0 [0] 1 [0] 2 [0] 3 
[    0.000000] Built 1 zonelists in Zone order, mobility grouping on.  Total pages: 522512
[    0.000000] Kernel command line: ignore_loglevel console=ttyS0,115200n8 rw root=/dev/mmcblk0p1 rootwait gpt debug init=/bin/bash
[    0.000000] PID hash table entries: 4096 (order: 2, 16384 bytes)
[    0.000000] Dentry cache hash table entries: 131072 (order: 7, 524288 bytes)
[    0.000000] Inode-cache hash table entries: 65536 (order: 6, 262144 bytes)
[    0.000000] Memory: 2003320K/2096128K available (6559K kernel code, 312K rwdata, 2172K rodata, 296K init, 351K bss, 27272K reserved, 65536K cma-reserved, 1252352K highmem)
[    0.000000] Virtual kernel memory layout:
[    0.000000]     vector  : 0xffff0000 - 0xffff1000   (   4 kB)
[    0.000000]     fixmap  : 0xffc00000 - 0xfff00000   (3072 kB)
[    0.000000]     vmalloc : 0xf0000000 - 0xff000000   ( 240 MB)
[    0.000000]     lowmem  : 0xc0000000 - 0xef800000   ( 760 MB)
[    0.000000]     pkmap   : 0xbfe00000 - 0xc0000000   (   2 MB)
[    0.000000]     modules : 0xbf000000 - 0xbfe00000   (  14 MB)
[    0.000000]       .text : 0xc0008000 - 0xc088f374   (8733 kB)
[    0.000000]       .init : 0xc0890000 - 0xc08da000   ( 296 kB)
[    0.000000]       .data : 0xc08da000 - 0xc09283a0   ( 313 kB)
[    0.000000]        .bss : 0xc09283a0 - 0xc098002c   ( 352 kB)
[    0.000000] Preemptible hierarchical RCU implementation.
[    0.000000] 	Additional per-CPU info printed with stalls.
[    0.000000] NR_IRQS:16 nr_irqs:16 16
[    0.000000] L2C: failed to init: -19
[    0.000009] sched_clock: 32 bits at 1000kHz, resolution 1000ns, wraps every 2147483648000ns
[    0.000033] Switching to timer-based delay loop, resolution 1000ns
[    0.000875] Architected cp15 timer(s) running at 12.00MHz (virt).
[    0.000900] sched_clock: 56 bits at 12MHz, resolution 83ns, wraps every 2863311536128ns
[    0.000913] Switching to timer-based delay loop, resolution 83ns
[    0.001333] Console: colour dummy device 80x30
[    0.001358] Calibrating delay loop (skipped), value calculated using timer frequency.. 24.00 BogoMIPS (lpj=120000)
[    0.001374] pid_max: default: 32768 minimum: 301
[    0.001780] Mount-cache hash table entries: 2048 (order: 1, 8192 bytes)
[    0.001793] Mountpoint-cache hash table entries: 2048 (order: 1, 8192 bytes)
[    0.003192] Initializing cgroup subsys freezer
[    0.003221] Initializing cgroup subsys debug
[    0.003275] CPU: Testing write buffer coherency: ok
[    0.003584] /cpus/cpu@0 missing clock-frequency property
[    0.003615] /cpus/cpu@1 missing clock-frequency property
[    0.003644] /cpus/cpu@2 missing clock-frequency property
[    0.003674] /cpus/cpu@3 missing clock-frequency property
[    0.003687] CPU0: thread -1, cpu 0, socket 0, mpidr 80000000
[    0.003740] Setting up static identity map for 0x80637dc0 - 0x80637e58
[    0.041064] Tegra Revision: A01 SKU: 0 CPU Process: 1 Core Process: 0
[    0.061601] CPU1: thread -1, cpu 1, socket 0, mpidr 80000001
[    0.081616] CPU2: thread -1, cpu 2, socket 0, mpidr 80000002
[    0.101621] CPU3: thread -1, cpu 3, socket 0, mpidr 80000003
[    0.101708] Brought up 4 CPUs
[    0.101731] SMP: Total of 4 processors activated (96.00 BogoMIPS).
[    0.101740] CPU: All CPU(s) started in SVC mode.
[    0.102647] devtmpfs: initialized
[    0.104290] VFP support v0.3: implementor 41 architecture 4 part 30 variant f rev 0
[    0.106528] pinctrl core: initialized pinctrl subsystem
[    0.136363] NET: Registered protocol family 16
[    0.137866] DMA: preallocated 256 KiB pool for atomic coherent allocations
[    0.160990] cpuidle: using governor ladder
[    0.190929] cpuidle: using governor menu
[    0.210173] No ATAGs?
[    0.210211] hw-breakpoint: found 5 (+1 reserved) breakpoint and 4 watchpoint registers.
[    0.210223] hw-breakpoint: maximum watchpoint size is 8 bytes.
[    0.264252] dvdd_ts: Failed to request enable GPIO61: -517
[    0.264441] reg-fixed-voltage regulators:regulator@1: Failed to register regulator: -517
[    0.264470] platform regulators:regulator@1: Driver reg-fixed-voltage requests probe deferral
[    0.264845] usb1_vbus: Failed to request enable GPIO108: -517
[    0.265022] reg-fixed-voltage regulators:regulator@3: Failed to register regulator: -517
[    0.265050] platform regulators:regulator@3: Driver reg-fixed-voltage requests probe deferral
[    0.265420] usb2_vbus: Failed to request enable GPIO86: -517
[    0.265594] reg-fixed-voltage regulators:regulator@4: Failed to register regulator: -517
[    0.265622] platform regulators:regulator@4: Driver reg-fixed-voltage requests probe deferral
[    0.266053] reg-fixed-voltage regulators:regulator@5: Failed to find supply vin
[    0.266242] reg-fixed-voltage regulators:regulator@5: Failed to register regulator: -517
[    0.266270] platform regulators:regulator@5: Driver reg-fixed-voltage requests probe deferral
[    0.266382] platform regulators:regulator@6: Driver reg-fixed-voltage requests probe deferral
[    0.266751] VDD_5V0_HDMI_CON: Failed to request enable GPIO81: -517
[    0.266924] reg-fixed-voltage regulators:regulator@7: Failed to register regulator: -517
[    0.266951] platform regulators:regulator@7: Driver reg-fixed-voltage requests probe deferral
[    0.268900] vgaarb: loaded
[    0.270339] SCSI subsystem initialized
[    0.270690] libata version 3.00 loaded.
[    0.271446] usbcore: registered new interface driver usbfs
[    0.271611] usbcore: registered new interface driver hub
[    0.271807] usbcore: registered new device driver usb
[    0.277396] tps65090 2-0048: No cache defaults, reading back from HW
[    0.279999] vdd-sys-5v0: supplied by vdd_ac_bat
[    0.281433] vdd-sys-3v3: supplied by vdd_ac_bat
[    0.282775] vdd-ao: supplied by vdd_ac_bat
[    0.283400] vdd-lcd-bl: supplied by vdd_ac_bat
[    0.284037] TPS65090_RAILSFET2: supplied by vdd_ac_bat
[    0.284656] vdd-modem-3v3: supplied by vdd-sys-3v3
[    0.285460] avdd-lcd: supplied by vdd-sys-3v3
[    0.286250] vdd-lvds: supplied by vdd-sys-3v3
[    0.287377] vdd-sd-slot: supplied by vdd-sys-3v3
[    0.288156] vdd-com-3v3: supplied by vdd-sys-3v3
[    0.288961] vdd-sby-5v0: supplied by vdd_ac_bat
[    0.289418] vdd-sby-3v3: supplied by vdd_ac_bat
[    0.290487] genirq: Setting trigger mode 8 for irq 341 failed (gic_set_type+0x0/0x84)
[    0.290510] palmas 2-0058: Irq flag is 0x00000000
[    0.294280] palmas 2-0058: Muxing GPIO ff, PWM 0, LED 0
[    0.297387] vddio-ddr: supplied by vdd-ao
[    0.299322] vddio-1v8: supplied by vdd-ao
[    0.301419] vdd-core: supplied by vdd-sys-3v3
[    0.304737] avdd-pll: supplied by vdd-sys-3v3
[    0.306968] sdhci-vdd-sd-slot: ramp_delay not set
[    0.307431] sdhci-vdd-sd-slot: supplied by vdd-sys-3v3
[    0.310115] avdd-cam1: supplied by vdd-sys-3v3
[    0.311581] avdd-cam2: supplied by vdd-sys-3v3
[    0.313020] avdd-dsi-csi: supplied by vddio-1v8
[    0.314444] vpp-fuse: supplied by vdd-sys-3v3
[    0.315878] LDO5: supplied by vdd_ac_bat
[    0.317479] vdd-sensor-2v85: supplied by vdd-sys-3v3
[    0.318926] vdd-af-cam1: supplied by vdd-sys-3v3
[    0.331371] vdd-rtc: supplied by vdd-ao
[    0.341552] vddio-sdmmc-2: supplied by sdhci-vdd-sd-slot
[    0.342997] hvdd-usb: supplied by vdd-sys-5v0
[    0.351400] avdd-usb: supplied by vdd-sys-5v0
[    0.355719] Linux video capture interface: v2.00
[    0.355848] pps_core: LinuxPPS API ver. 1 registered
[    0.355857] pps_core: Software ver. 5.3.6 - Copyright 2005-2007 Rodolfo Giometti <giometti@linux.it>
[    0.355929] PTP clock support registered
[    0.356838] Advanced Linux Sound Architecture Driver Initialized.
[    0.358317] Bluetooth: Core ver 2.20
[    0.358400] NET: Registered protocol family 31
[    0.358409] Bluetooth: HCI device and connection manager initialized
[    0.358434] Bluetooth: HCI socket layer initialized
[    0.358457] Bluetooth: L2CAP socket layer initialized
[    0.358513] Bluetooth: SCO socket layer initialized
[    0.359145] cfg80211: Calling CRDA to update world regulatory domain
[    0.359976] Switched to clocksource arch_sys_counter
[    0.386239] NET: Registered protocol family 2
[    0.387434] TCP established hash table entries: 8192 (order: 3, 32768 bytes)
[    0.387545] TCP bind hash table entries: 8192 (order: 4, 65536 bytes)
[    0.387733] TCP: Hash tables configured (established 8192 bind 8192)
[    0.388149] TCP: reno registered
[    0.388168] UDP hash table entries: 512 (order: 2, 16384 bytes)
[    0.388210] UDP-Lite hash table entries: 512 (order: 2, 16384 bytes)
[    0.388585] NET: Registered protocol family 1
[    0.389311] RPC: Registered named UNIX socket transport module.
[    0.389322] RPC: Registered udp transport module.
[    0.389330] RPC: Registered tcp transport module.
[    0.389338] RPC: Registered tcp NFSv4.1 backchannel transport module.
[    0.389361] PCI: CLS 0 bytes, default 64
[    0.393800] futex hash table entries: 1024 (order: 4, 65536 bytes)
[    0.396254] squashfs: version 4.0 (2009/01/31) Phillip Lougher
[    0.398784] bounce: pool size: 64 pages
[    0.398803] io scheduler noop registered (default)
[    0.422682] tegra-apbdma 6000a000.dma: Tegra20 APB DMA driver register 32 channels
[    0.423938] Serial: 8250/16550 driver, 4 ports, IRQ sharing disabled
[    0.427818] console [ttyS0] disabled
[    0.427876] 70006300.serial: ttyS0 at MMIO 0x70006300 (irq = 329, base_baud = 25500000) is a Tegra
[    1.369257] console [ttyS0] enabled
[    1.374148] [drm] Initialized drm 1.1.0 20060810
[    1.381426] platform 54300000.dsi: Driver tegra-dsi requests probe deferral
[    1.388928] tegra-hdmi 54280000.hdmi: failed to get HDMI regulator
[    1.395173] platform 54280000.hdmi: Driver tegra-hdmi requests probe deferral
[    1.420429] loop: module loaded
[    1.427438] m25p80 spi32766.0: w25q32dw (4096 Kbytes)
[    1.435749] CAN device driver interface
[    1.439696] igb: Intel(R) Gigabit Ethernet Network Driver - version 5.2.15-k
[    1.446756] igb: Copyright (c) 2007-2014 Intel Corporation.
[    1.452703] pegasus: v0.9.3 (2013/04/25), Pegasus/Pegasus II USB Ethernet driver
[    1.460257] usbcore: registered new interface driver pegasus
[    1.466083] usbcore: registered new interface driver asix
[    1.471620] usbcore: registered new interface driver ax88179_178a
[    1.477832] usbcore: registered new interface driver cdc_ether
[    1.483883] usbcore: registered new interface driver smsc75xx
[    1.489806] usbcore: registered new interface driver smsc95xx
[    1.495693] usbcore: registered new interface driver net1080
[    1.501492] usbcore: registered new interface driver cdc_subset
[    1.507536] usbcore: registered new interface driver zaurus
[    1.513323] usbcore: registered new interface driver cdc_ncm
[    1.519153] ehci_hcd: USB 2.0 'Enhanced' Host Controller (EHCI) Driver
[    1.525696] ehci-pci: EHCI PCI platform driver
[    1.530278] tegra-ehci: Tegra EHCI driver
[    1.534578] platform 7d008000.usb: Driver tegra-ehci requests probe deferral
[    1.541917] usbcore: registered new interface driver cdc_acm
[    1.547567] cdc_acm: USB Abstract Control Model driver for USB modems and ISDN adapters
[    1.555706] usbcore: registered new interface driver cdc_wdm
[    1.561558] usbcore: registered new interface driver usb-storage
[    1.567840] platform 7d008000.usb-phy: Driver tegra-phy requests probe deferral
[    1.576102] mousedev: PS/2 mouse device common for all mice
[    1.586852] palmas-rtc 7000d000.i2c:tps65913@58:rtc: rtc core: registered 7000d000.i2c:tps659 as rtc0
[    1.597876] tegra_rtc 7000e000.rtc: rtc core: registered 7000e000.rtc as rtc1
[    1.605142] tegra_rtc 7000e000.rtc: Tegra internal Real Time Clock
[    1.611764] i2c /dev entries driver
[    1.616972] usbcore: registered new interface driver uvcvideo
[    1.622756] USB Video Class driver (1.1.1)
[    1.626854] gspca_main: v2.14.0 registered
[    1.631701] sbs-battery 0-000b: sbs_probe: Failed to get device status
[    1.638237] sbs-battery: probe of 0-000b failed with error -121
[    1.649931] Driver 'mmcblk' needs updating - please use bus_type methods
[    1.656752] sdhci: Secure Digital Host Controller Interface driver
[    1.662939] sdhci: Copyright(c) Pierre Ossman
[    1.667298] sdhci-pltfm: SDHCI platform and OF driver helper
[    1.673292] sdhci-tegra 78000400.sdhci: Got CD GPIO
[    1.678184] sdhci-tegra 78000400.sdhci: Got WP GPIO
[    1.684192] sdhci-tegra 78000400.sdhci: No vmmc regulator found
[    1.690122] sdhci-tegra 78000400.sdhci: No vqmmc regulator found
[    1.696121] mmc0: Invalid maximum block size, assuming 512 bytes
[    1.742237] mmc0: SDHCI controller on 78000400.sdhci [78000400.sdhci] using ADMA
[    1.749859] sdhci-tegra 78000600.sdhci: No vmmc regulator found
[    1.755795] sdhci-tegra 78000600.sdhci: No vqmmc regulator found
[    1.761807] mmc1: Invalid maximum block size, assuming 512 bytes
[    1.810032] mmc1: SDHCI controller on 78000600.sdhci [78000600.sdhci] using ADMA
[    1.831837] usbcore: registered new interface driver usbhid
[    1.839439] usbhid: USB HID core driver
[    1.893983] mmc1: BKOPS_EN bit is not set
[    1.900961] mmc1: new high speed MMC card at address 0001
[    1.907172] mmcblk0: mmc1:0001 SEM32G 29.1 GiB 
[    1.911985] mmcblk0boot0: mmc1:0001 SEM32G partition 1 4.00 MiB
[    1.918191] mmcblk0boot1: mmc1:0001 SEM32G partition 2 4.00 MiB
[    1.924359] mmcblk0rpmb: mmc1:0001 SEM32G partition 3 4.00 MiB
[    1.933358]  mmcblk0: p1 p2 p3 p4 p5 p6 p7 p8
[    2.271490] tegra-snd-rt5640 sound: ASoC: CPU DAI (null) not registered
[    2.278128] tegra-snd-rt5640 sound: snd_soc_register_card failed (-517)
[    2.284787] platform sound: Driver tegra-snd-rt5640 requests probe deferral
[    2.293193] TCP: cubic registered
[    2.296750] NET: Registered protocol family 10
[    2.302750] mip6: Mobile IPv6
[    2.305725] sit: IPv6 over IPv4 tunneling driver
[    2.313373] NET: Registered protocol family 17
[    2.317857] NET: Registered protocol family 15
[    2.322327] can: controller area network core (rev 20120528 abi 9)
[    2.328660] NET: Registered protocol family 29
[    2.333191] can: raw protocol (rev 20120528)
[    2.337465] can: broadcast manager protocol (rev 20120528 t)
[    2.343162] can: netlink gateway (rev 20130117) max_hops=1
[    2.348800] Bluetooth: RFCOMM socket layer initialized
[    2.353969] Bluetooth: RFCOMM ver 1.11
[    2.357735] Bluetooth: BNEP (Ethernet Emulation) ver 1.3
[    2.363072] Bluetooth: BNEP socket layer initialized
[    2.368039] Bluetooth: HIDP (Human Interface Emulation) ver 1.2
[    2.374004] Bluetooth: HIDP socket layer initialized
[    2.380445] Registering SWP/SWPB emulation handler
[    2.388000] usb1_vbus: supplied by vdd-sys-5v0
[    2.393490] usb2_vbus: supplied by vdd-sys-5v0
[    2.399189] vdd_hdmi_5v0: supplied by vdd-sys-5v0
[    2.407286] VDD_5V0_HDMI_CON: supplied by vdd-sys-5v0
[    2.420971] [drm] Supports vblank timestamp caching Rev 2 (21.10.2013).
[    2.427581] [drm] No driver support for vblank timestamp query.
[    2.493522] Console: switching to colour frame buffer device 240x75
[    2.521035] host1x drm: fb0:  frame buffer device
[    2.525733] host1x drm: registered panic notifier
[    2.560140] [drm] Initialized tegra 0.0.0 20120330 on minor 0
[    2.566291] platform 7d008000.usb: Driver tegra-ehci requests probe deferral
[    2.574364] tegra-snd-rt5640 sound: ASoC: CPU DAI (null) not registered
[    2.581024] tegra-snd-rt5640 sound: snd_soc_register_card failed (-517)
[    2.587651] platform sound: Driver tegra-snd-rt5640 requests probe deferral
[    2.594983] tegra-ehci 7d008000.usb: EHCI Host Controller
[    2.600476] tegra-ehci 7d008000.usb: new USB bus registered, assigned bus number 1
[    2.608797] tegra-ehci 7d008000.usb: irq 339, io mem 0x7d008000
[    2.630148] tegra-ehci 7d008000.usb: USB 2.0 started, EHCI 1.10
[    2.637832] hub 1-0:1.0: USB hub found
[    2.641684] hub 1-0:1.0: 1 port detected
[    2.647141] tegra-snd-rt5640 sound: ASoC: CPU DAI (null) not registered
[    2.653902] tegra-snd-rt5640 sound: snd_soc_register_card failed (-517)
[    2.660605] platform sound: Driver tegra-snd-rt5640 requests probe deferral
[    2.668947] input: gpio-keys as /devices/soc0/gpio-keys/input/input0
[    2.676765] tegra-snd-rt5640 sound: ASoC: CPU DAI (null) not registered
[    2.683562] palmas-rtc 7000d000.i2c:tps65913@58:rtc: setting system clock to 2000-06-28 04:15:02 UTC (962165702)
[    2.683578] tegra-snd-rt5640 sound: snd_soc_register_card failed (-517)
[    2.683633] platform sound: Driver tegra-snd-rt5640 requests probe deferral
[    2.725845] vdd_cam_1v8_reg: disabling
[    2.729784] vdd_hdmi_5v0: disabling
[    2.733386] usb1_vbus: disabling
[    2.736615] dvdd_ts: disabling
[    2.744057] ALSA device list:
[    2.747028]   No soundcards found.
[    2.750600] Warning: unable to open an initial console.
[    2.756175] VFS: Cannot open root device "mmcblk0p1" or unknown-block(179,1): error -2
[    2.764123] Please append a correct "root=" boot option; here are the available partitions:
[    2.772512] b300        30535680 mmcblk0  driver: mmcblk
[    2.777831]   b301         8388608 mmcblk0p1 7369c667-ff51-ec4a-29cd-baabf2fbe346
[    2.785361]   b302            4096 mmcblk0p2 f854c27c-e81b-8de7-765a-2e63339fc99a
[    2.792855]   b303           65536 mmcblk0p3 b70d3266-5831-5aa3-255d-051758e95ed4
[    2.800350]   b304            4096 mmcblk0p4 c6cdb2ab-b49b-1154-0e82-7441213ddc87
[    2.807830]   b305            4096 mmcblk0p5 a13ee970-e141-67fc-3e01-7e97eadc6b96
[    2.815324]   b306            4096 mmcblk0p6 2a5c388f-b0ec-fb3b-32af-3c54ec18db5c
[    2.822815]   b307            4096 mmcblk0p7 43fe1a02-fafb-3aaa-fb29-d1e6053c7c94
[    2.830307]   b308        22034432 mmcblk0p8 61bed875-f989-bb5c-a899-0f95b1ebf1b3
[    2.837792] b330            4096 mmcblk0rpmb  (driver?)
[    2.843065] b320            4096 mmcblk0boot1  (driver?)
[    2.848384] b310            4096 mmcblk0boot0  (driver?)
[    2.853774] Kernel panic - not syncing: VFS: Unable to mount root fs on unknown-block(179,1)
[    2.862207] CPU: 0 PID: 1 Comm: swapper/0 Not tainted 3.19.0-rc5-next-20150121-111700-ge1e1281 #1
[    2.871064] Hardware name: NVIDIA Tegra SoC (Flattened Device Tree)
[    2.877346] [<c0015a90>] (unwind_backtrace) from [<c00114a8>] (show_stack+0x10/0x14)
[    2.885087] [<c00114a8>] (show_stack) from [<c0630b08>] (dump_stack+0x84/0xd0)
[    2.892306] [<c0630b08>] (dump_stack) from [<c062eef8>] (panic+0x90/0x214)
[    2.899179] [<c062eef8>] (panic) from [<c0891154>] (mount_block_root+0x174/0x22c)
[    2.906655] [<c0891154>] (mount_block_root) from [<c0891300>] (mount_root+0xf4/0x114)
[    2.914475] [<c0891300>] (mount_root) from [<c089144c>] (prepare_namespace+0x12c/0x18c)
[    2.922468] [<c089144c>] (prepare_namespace) from [<c0890e04>] (kernel_init_freeable+0x18c/0x1d4)
[    2.931331] [<c0890e04>] (kernel_init_freeable) from [<c062cc9c>] (kernel_init+0x8/0xec)
[    2.939415] [<c062cc9c>] (kernel_init) from [<c000e9c0>] (ret_from_fork+0x14/0x34)
[    2.947002] CPU3: stopping
[    2.949715] CPU: 3 PID: 0 Comm: swapper/3 Not tainted 3.19.0-rc5-next-20150121-111700-ge1e1281 #1
[    2.958572] Hardware name: NVIDIA Tegra SoC (Flattened Device Tree)
[    2.964844] [<c0015a90>] (unwind_backtrace) from [<c00114a8>] (show_stack+0x10/0x14)
[    2.972581] [<c00114a8>] (show_stack) from [<c0630b08>] (dump_stack+0x84/0xd0)
[    2.979796] [<c0630b08>] (dump_stack) from [<c001429c>] (handle_IPI+0x134/0x160)
[    2.987184] [<c001429c>] (handle_IPI) from [<c00087d4>] (gic_handle_irq+0x54/0x5c)
[    2.994746] [<c00087d4>] (gic_handle_irq) from [<c0012000>] (__irq_svc+0x40/0x74)
[    3.002214] Exception stack(0xee079f78 to 0xee079fc0)
[    3.007258] 9f60:                                                       00000000 c08e2938
[    3.015422] 9f80: c08e2938 0000004c 9f5bc136 00000000 af0f5594 00000000 ee7c8da0 c08d7d98
[    3.023586] 9fa0: 00000000 00000000 00000018 ee079fc0 c042f750 c042f75c 60000113 ffffffff
[    3.031763] [<c0012000>] (__irq_svc) from [<c042f75c>] (cpuidle_enter_state+0x68/0xf0)
[    3.039676] [<c042f75c>] (cpuidle_enter_state) from [<c00551f0>] (cpu_startup_entry+0x210/0x278)
[    3.048451] [<c00551f0>] (cpu_startup_entry) from [<80008864>] (0x80008864)
[    3.055402] CPU1: stopping
[    3.058111] CPU: 1 PID: 0 Comm: swapper/1 Not tainted 3.19.0-rc5-next-20150121-111700-ge1e1281 #1
[    3.066967] Hardware name: NVIDIA Tegra SoC (Flattened Device Tree)
[    3.073238] [<c0015a90>] (unwind_backtrace) from [<c00114a8>] (show_stack+0x10/0x14)
[    3.080976] [<c00114a8>] (show_stack) from [<c0630b08>] (dump_stack+0x84/0xd0)
[    3.088191] [<c0630b08>] (dump_stack) from [<c001429c>] (handle_IPI+0x134/0x160)
[    3.095578] [<c001429c>] (handle_IPI) from [<c00087d4>] (gic_handle_irq+0x54/0x5c)
[    3.103138] [<c00087d4>] (gic_handle_irq) from [<c0012000>] (__irq_svc+0x40/0x74)
[    3.110607] Exception stack(0xee075f78 to 0xee075fc0)
[    3.115651] 5f60:                                                       00000000 c08e2938
[    3.123815] 5f80: c08e2984 0000004c a97b1900 00000000 af0ff857 00000000 ee7b2da0 c08d7d98
[    3.131979] 5fa0: 00000001 00000000 00000018 ee075fc0 c042f750 c042f75c 60000113 ffffffff
[    3.140153] [<c0012000>] (__irq_svc) from [<c042f75c>] (cpuidle_enter_state+0x68/0xf0)
[    3.148063] [<c042f75c>] (cpuidle_enter_state) from [<c00551f0>] (cpu_startup_entry+0x210/0x278)
[    3.156837] [<c00551f0>] (cpu_startup_entry) from [<80008864>] (0x80008864)
[    3.163788] CPU2: stopping
[    3.166498] CPU: 2 PID: 0 Comm: swapper/2 Not tainted 3.19.0-rc5-next-20150121-111700-ge1e1281 #1
[    3.175353] Hardware name: NVIDIA Tegra SoC (Flattened Device Tree)
[    3.181621] [<c0015a90>] (unwind_backtrace) from [<c00114a8>] (show_stack+0x10/0x14)
[    3.189359] [<c00114a8>] (show_stack) from [<c0630b08>] (dump_stack+0x84/0xd0)
[    3.196572] [<c0630b08>] (dump_stack) from [<c001429c>] (handle_IPI+0x134/0x160)
[    3.203959] [<c001429c>] (handle_IPI) from [<c00087d4>] (gic_handle_irq+0x54/0x5c)
[    3.211519] [<c00087d4>] (gic_handle_irq) from [<c0012000>] (__irq_svc+0x40/0x74)
[    3.218987] Exception stack(0xee077f78 to 0xee077fc0)
[    3.224029] 7f60:                                                       00000000 c08e2938
[    3.232194] 7f80: c08e2984 0000004c a975621c 00000000 af0fff2d 00000000 ee7bdda0 c08d7d98
[    3.240358] 7fa0: 00000001 00000000 00000018 ee077fc0 c042f750 c042f75c 60000113 ffffffff
[    3.248532] [<c0012000>] (__irq_svc) from [<c042f75c>] (cpuidle_enter_state+0x68/0xf0)
[    3.256442] [<c042f75c>] (cpuidle_enter_state) from [<c00551f0>] (cpu_startup_entry+0x210/0x278)
[    3.265216] [<c00551f0>] (cpu_startup_entry) from [<80008864>] (0x80008864)
[    3.272169] drm_kms_helper: panic occurred, switching back to text console
[    3.279109] ---[ end Kernel panic - not syncing: VFS: Unable to mount root fs on unknown-block(179,1)
[    3.288365] ------------[ cut here ]------------
[    3.292984] WARNING: CPU: 0 PID: 1 at kernel/time/tick-broadcast.c:617 tick_handle_oneshot_broadcast+0x184/0x1d0()
[    3.303311] Modules linked in:
[    3.306372] CPU: 0 PID: 1 Comm: swapper/0 Not tainted 3.19.0-rc5-next-20150121-111700-ge1e1281 #1
[    3.315227] Hardware name: NVIDIA Tegra SoC (Flattened Device Tree)
[    3.321491] [<c0015a90>] (unwind_backtrace) from [<c00114a8>] (show_stack+0x10/0x14)
[    3.329227] [<c00114a8>] (show_stack) from [<c0630b08>] (dump_stack+0x84/0xd0)
[    3.336444] [<c0630b08>] (dump_stack) from [<c0025168>] (warn_slowpath_common+0x74/0xb0)
[    3.344527] [<c0025168>] (warn_slowpath_common) from [<c00251c0>] (warn_slowpath_null+0x1c/0x24)
[    3.353304] [<c00251c0>] (warn_slowpath_null) from [<c007c930>] (tick_handle_oneshot_broadcast+0x184/0x1d0)
[    3.363036] [<c007c930>] (tick_handle_oneshot_broadcast) from [<c044c484>] (tegra_timer_interrupt+0x24/0x2c)
[    3.372858] [<c044c484>] (tegra_timer_interrupt) from [<c00629b4>] (handle_irq_event_percpu+0x50/0x150)
[    3.382244] [<c00629b4>] (handle_irq_event_percpu) from [<c0062af0>] (handle_irq_event+0x3c/0x5c)
[    3.391108] [<c0062af0>] (handle_irq_event) from [<c0065538>] (handle_fasteoi_irq+0xac/0x174)
[    3.399624] [<c0065538>] (handle_fasteoi_irq) from [<c00622f4>] (generic_handle_irq+0x20/0x30)
[    3.408228] [<c00622f4>] (generic_handle_irq) from [<c00623f0>] (__handle_domain_irq+0x54/0xb4)
[    3.416917] [<c00623f0>] (__handle_domain_irq) from [<c00087a0>] (gic_handle_irq+0x20/0x5c)
[    3.425259] [<c00087a0>] (gic_handle_irq) from [<c0012000>] (__irq_svc+0x40/0x74)
[    3.432727] Exception stack(0xee053db0 to 0xee053df8)
[    3.437771] 3da0:                                     c0928e00 00000000 00000000 00000000
[    3.445936] 3dc0: 00000082 c08d6c10 00000000 c08d62d8 c08dc080 fffffffe c08c61d4 00000000
[    3.454100] 3de0: 0000000a ee053df8 c0027ea0 c0027f18 20000113 ffffffff
[    3.460712] [<c0012000>] (__irq_svc) from [<c0027f18>] (__do_softirq+0x88/0x240)
[    3.468103] [<c0027f18>] (__do_softirq) from [<c002837c>] (irq_exit+0xa8/0x114)
[    3.475407] [<c002837c>] (irq_exit) from [<c00623f4>] (__handle_domain_irq+0x58/0xb4)
[    3.483229] [<c00623f4>] (__handle_domain_irq) from [<c00087a0>] (gic_handle_irq+0x20/0x5c)
[    3.491571] [<c00087a0>] (gic_handle_irq) from [<c0012000>] (__irq_svc+0x40/0x74)
[    3.499039] Exception stack(0xee053e70 to 0xee053eb8)
[    3.504082] 3e60:                                     00000059 60000193 00000001 ee052000
[    3.512246] 3e80: c0928970 c079827c ed8d6000 00000000 00000000 fffffffe c08c61d4 00000000
[    3.520409] 3ea0: 00000000 ee053eb8 c062eff8 c062effc 20000113 ffffffff
[    3.527021] [<c0012000>] (__irq_svc) from [<c062effc>] (panic+0x194/0x214)
[    3.533891] [<c062effc>] (panic) from [<c0891154>] (mount_block_root+0x174/0x22c)
[    3.541365] [<c0891154>] (mount_block_root) from [<c0891300>] (mount_root+0xf4/0x114)
[    3.549186] [<c0891300>] (mount_root) from [<c089144c>] (prepare_namespace+0x12c/0x18c)
[    3.557180] [<c089144c>] (prepare_namespace) from [<c0890e04>] (kernel_init_freeable+0x18c/0x1d4)
[    3.566041] [<c0890e04>] (kernel_init_freeable) from [<c062cc9c>] (kernel_init+0x8/0xec)
[    3.574124] [<c062cc9c>] (kernel_init) from [<c000e9c0>] (ret_from_fork+0x14/0x34)
[    3.581680] ---[ end trace eb1ea702e856d8c9 ]---
