
U-Boot SPL 2014.01-00219-gc4d376f (Feb 18 2014 - 19:57:18)


U-Boot 2014.01-00219-gc4d376f (Feb 18 2014 - 19:57:18)

TEGRA30
Board: NVIDIA Beaver
I2C:   ready
DRAM:  2 GiB
MMC:   Tegra SD/MMC: 0, Tegra SD/MMC: 1
In:    serial
Out:   serial
Err:   serial
Net:   Net Initialization Skipped
No ethernet found.
Hit any key to stop autoboot:  2  0 
Tegra30 (Beaver) # 
Tegra30 (Beaver) # usb reset
(Re)start USB...
USB0:   USB EHCI 1.00
scanning bus 0 for devices... 2 USB Device(s) found
       scanning usb for storage devices... 0 Storage Device(s) found
       scanning usb for ethernet devices... 
Warning: asx0 using MAC address from net device
1 Ethernet Device(s) found
Tegra30 (Beaver) # setenv bootargs 'ignore_loglevel console=ttyS0,115200n8 rw root=/dev/mmcblk0p1 rootwait gpt debug init=/bin/bash noinitrd'
Tegra30 (Beaver) # setenv ipaddr 192.168.100.101; setenv serverip 192.168.100.1; setenv tftpserverip 192.168.100.1
Tegra30 (Beaver) # tftpboot 0x81000000 zImage.multi_v7_defconfig
Using asx0 device
TFTP from server 192.168.100.1; our IP address is 192.168.100.101
Filename 'zImage.multi_v7_defconfig'.
Load address: 0x81000000
Loading: *#################################################################
	 #################################################################
	 #################################################################
	 #################################################################
	 #################################################################
	 #################################################################
	 ##
	 3.4 MiB/s
done
Bytes transferred = 5741240 (579ab8 hex)
Tegra30 (Beaver) # tftpboot 0x82000000 tegra30-beaver.dtb
Using asx0 device
TFTP from server 192.168.100.1; our IP address is 192.168.100.101
Filename 'tegra30-beaver.dtb'.
Load address: 0x82000000
Loading: *##
	 2.6 MiB/s
done
Bytes transferred = 24641 (6041 hex)
Tegra30 (Beaver) # bootz 0x81000000 - 0x82000000
Kernel image @ 0x81000000 [ 0x000000 - 0x579ab8 ]
## Flattened Device Tree blob at 82000000
   Booting using the fdt blob at 0x82000000
   Loading Device Tree to 8fff6000, end 8ffff040 ... OK

Starting kernel ...

[    0.000000] Booting Linux on physical CPU 0x0
[    0.000000] Linux version 3.18.0-next-20141215-106726-g15229b5 (pwalmsley@tamien) (gcc version 4.7.3 20130328 (prerelease) (crosstool-NG linaro-1.13.1-4.7-2013.04-20130415 - Linaro GCC 2013.04) ) #1 SMP Sun Dec 14 23:50:09 PST 2014
[    0.000000] CPU: ARMv7 Processor [412fc099] revision 9 (ARMv7), cr=10c5387d
[    0.000000] CPU: PIPT / VIPT nonaliasing data cache, VIPT aliasing instruction cache
[    0.000000] Machine model: NVIDIA Tegra30 Beaver evaluation board
[    0.000000] debug: ignoring loglevel setting.
[    0.000000] cma: Reserved 64 MiB at 0xfb800000
[    0.000000] Memory policy: Data cache writealloc
[    0.000000] On node 0 totalpages: 524032
[    0.000000] free_area_init_node: node 0, pgdat c0dfb4c0, node_mem_map ee7f8000
[    0.000000]   DMA zone: 1520 pages used for memmap
[    0.000000]   DMA zone: 0 pages reserved
[    0.000000]   DMA zone: 194560 pages, LIFO batch:31
[    0.000000]   HighMem zone: 329472 pages, LIFO batch:31
[    0.000000] PERCPU: Embedded 10 pages/cpu @ee7b5000 s8512 r8192 d24256 u40960
[    0.000000] pcpu-alloc: s8512 r8192 d24256 u40960 alloc=10*4096
[    0.000000] pcpu-alloc: [0] 0 [0] 1 [0] 2 [0] 3 
[    0.000000] Built 1 zonelists in Zone order, mobility grouping on.  Total pages: 522512
[    0.000000] Kernel command line: ignore_loglevel console=ttyS0,115200n8 rw root=/dev/mmcblk0p1 rootwait gpt debug init=/bin/bash noinitrd
[    0.000000] PID hash table entries: 4096 (order: 2, 16384 bytes)
[    0.000000] Dentry cache hash table entries: 131072 (order: 7, 524288 bytes)
[    0.000000] Inode-cache hash table entries: 65536 (order: 6, 262144 bytes)
[    0.000000] Memory: 2000536K/2096128K available (7469K kernel code, 956K rwdata, 3048K rodata, 768K init, 306K bss, 30056K reserved, 65536K cma-reserved, 1252352K highmem)
[    0.000000] Virtual kernel memory layout:
[    0.000000]     vector  : 0xffff0000 - 0xffff1000   (   4 kB)
[    0.000000]     fixmap  : 0xffc00000 - 0xfff00000   (3072 kB)
[    0.000000]     vmalloc : 0xf0000000 - 0xff000000   ( 240 MB)
[    0.000000]     lowmem  : 0xc0000000 - 0xef800000   ( 760 MB)
[    0.000000]     pkmap   : 0xbfe00000 - 0xc0000000   (   2 MB)
[    0.000000]     modules : 0xbf000000 - 0xbfe00000   (  14 MB)
[    0.000000]       .text : 0xc0208000 - 0xc0c4d7ec   (10518 kB)
[    0.000000]       .init : 0xc0c4e000 - 0xc0d0e000   ( 768 kB)
[    0.000000]       .data : 0xc0d0e000 - 0xc0dfd3a0   ( 957 kB)
[    0.000000]        .bss : 0xc0dfd3a0 - 0xc0e49e68   ( 307 kB)
[    0.000000] SLUB: HWalign=64, Order=0-3, MinObjects=0, CPUs=4, Nodes=1
[    0.000000] Hierarchical RCU implementation.
[    0.000000] 	RCU restricting CPUs from NR_CPUS=8 to nr_cpu_ids=4.
[    0.000000] RCU: Adjusting geometry for rcu_fanout_leaf=16, nr_cpu_ids=4
[    0.000000] NR_IRQS:16 nr_irqs:16 16
[    0.000000] L2C: platform modifies aux control register: 0x02080000 -> 0x3e480001
[    0.000000] L2C: DT/platform modifies aux control register: 0x02080000 -> 0x3e480001
[    0.000000] L2C-310 erratum 769419 enabled
[    0.000000] L2C-310 enabling early BRESP for Cortex-A9
[    0.000000] L2C-310: enabling full line of zeros but not enabled in Cortex-A9
[    0.000000] L2C-310 ID prefetch enabled, offset 1 lines
[    0.000000] L2C-310 dynamic clock gating enabled, standby mode enabled
[    0.000000] L2C-310 cache controller enabled, 8 ways, 1024 kB
[    0.000000] L2C-310: CACHE_ID 0x410000c7, AUX_CTRL 0x7e480001
[    0.000014] sched_clock: 32 bits at 1000kHz, resolution 1000ns, wraps every 2147483648000ns
[    0.000032] Switching to timer-based delay loop, resolution 1000ns
[    0.001137] Console: colour dummy device 80x30
[    0.001159] Calibrating delay loop (skipped), value calculated using timer frequency.. 2.00 BogoMIPS (lpj=5000)
[    0.001167] pid_max: default: 32768 minimum: 301
[    0.001258] Mount-cache hash table entries: 2048 (order: 1, 8192 bytes)
[    0.001265] Mountpoint-cache hash table entries: 2048 (order: 1, 8192 bytes)
[    0.001681] CPU: Testing write buffer coherency: ok
[    0.001890] CPU0: thread -1, cpu 0, socket 0, mpidr 80000000
[    0.001957] Setting up static identity map for 0x8090f8d8 - 0x8090f970
[    0.002954] Tegra Revision: A03 SKU: 128 CPU Process: 4 Core Process: 0
[    0.004147] CPU1: thread -1, cpu 1, socket 0, mpidr 80000001
[    0.005021] CPU2: thread -1, cpu 2, socket 0, mpidr 80000002
[    0.005874] CPU3: thread -1, cpu 3, socket 0, mpidr 80000003
[    0.005915] Brought up 4 CPUs
[    0.005926] CPU: All CPU(s) started in SVC mode.
[    0.006367] devtmpfs: initialized
[    0.006877] VFP support v0.3: implementor 41 architecture 3 part 30 variant 9 rev 4
[    0.010323] pinctrl core: initialized pinctrl subsystem
[    0.013885] NET: Registered protocol family 16
[    0.016682] DMA: preallocated 256 KiB pool for atomic coherent allocations
[    0.029958] cpuidle: using governor ladder
[    0.044952] cpuidle: using governor menu
[    0.052868] No ATAGs?
[    0.052899] hw-breakpoint: found 5 (+1 reserved) breakpoint and 1 watchpoint registers.
[    0.052905] hw-breakpoint: maximum watchpoint size is 4 bytes.
[    0.054601] Serial: AMBA PL011 UART driver
[    0.072308] platform regulators:regulator@1: Driver reg-fixed-voltage requests probe deferral
[    0.072347] platform regulators:regulator@2: Driver reg-fixed-voltage requests probe deferral
[    0.072439] vdd_5v_sata: Failed to request enable GPIO30: -517
[    0.072490] reg-fixed-voltage regulators:regulator@3: Failed to register regulator: -517
[    0.072501] platform regulators:regulator@3: Driver reg-fixed-voltage requests probe deferral
[    0.072587] usb1_vbus: Failed to request enable GPIO238: -517
[    0.072629] reg-fixed-voltage regulators:regulator@4: Failed to register regulator: -517
[    0.072640] platform regulators:regulator@4: Driver reg-fixed-voltage requests probe deferral
[    0.072726] usb3_vbus: Failed to request enable GPIO236: -517
[    0.072767] reg-fixed-voltage regulators:regulator@5: Failed to register regulator: -517
[    0.072778] platform regulators:regulator@5: Driver reg-fixed-voltage requests probe deferral
[    0.072817] platform regulators:regulator@6: Driver reg-fixed-voltage requests probe deferral
[    0.072903] sys_3v3_pexs: Failed to request enable GPIO95: -517
[    0.072944] reg-fixed-voltage regulators:regulator@7: Failed to register regulator: -517
[    0.072954] platform regulators:regulator@7: Driver reg-fixed-voltage requests probe deferral
[    0.073060] reg-fixed-voltage regulators:regulator@8: Failed to find supply vin
[    0.073107] reg-fixed-voltage regulators:regulator@8: Failed to register regulator: -517
[    0.073117] platform regulators:regulator@8: Driver reg-fixed-voltage requests probe deferral
[    0.074541] vgaarb: loaded
[    0.074978] SCSI subsystem initialized
[    0.075147] libata version 3.00 loaded.
[    0.075341] usbcore: registered new interface driver usbfs
[    0.075390] usbcore: registered new interface driver hub
[    0.075427] usbcore: registered new device driver usb
[    0.082944] vrtc: supplied by vdd_5v_in
[    0.089983] vdd_1v8_gen: supplied by vdd_5v_in
[    0.094980] vddio_ddr_1v2: supplied by vdd_5v_in
[    0.099979] vdd_1v5_gen: supplied by vdd_5v_in
[    0.107302] vdd_pexa,vdd_pexb: supplied by vdd_1v5_gen
[    0.109990] vdd_sata,avdd_plle: supplied by vdd_1v5_gen
[    0.112343] ldo3: supplied by vdd_5v_in
[    0.114989] vdd_rtc: supplied by vdd_5v_in
[    0.119979] vddio_sdmmc,avdd_vdac: supplied by vdd_5v_in
[    0.122656] avdd_dsi_csi,pwrdet_mipi: supplied by vdd_1v8_gen
[    0.129975] vdd_pllm,x,u,a_p_c_s: supplied by vdd_1v8_gen
[    0.134976] vdd_ddr_hs: supplied by vdd_1v8_gen
[    0.136907] Linux video capture interface: v2.00
[    0.136938] pps_core: LinuxPPS API ver. 1 registered
[    0.136943] pps_core: Software ver. 5.3.6 - Copyright 2005-2007 Rodolfo Giometti <giometti@linux.it>
[    0.136958] PTP clock support registered
[    0.137115] EDAC MC: Ver: 3.0.0
[    0.137546] Advanced Linux Sound Architecture Driver Initialized.
[    0.138294] Switched to clocksource timer_us
[    0.144274] NET: Registered protocol family 2
[    0.144693] TCP established hash table entries: 8192 (order: 3, 32768 bytes)
[    0.144742] TCP bind hash table entries: 8192 (order: 4, 65536 bytes)
[    0.144824] TCP: Hash tables configured (established 8192 bind 8192)
[    0.144891] TCP: reno registered
[    0.144903] UDP hash table entries: 512 (order: 2, 16384 bytes)
[    0.144955] UDP-Lite hash table entries: 512 (order: 2, 16384 bytes)
[    0.145136] NET: Registered protocol family 1
[    0.145367] RPC: Registered named UNIX socket transport module.
[    0.145373] RPC: Registered udp transport module.
[    0.145377] RPC: Registered tcp transport module.
[    0.145380] RPC: Registered tcp NFSv4.1 backchannel transport module.
[    0.145400] PCI: CLS 0 bytes, default 64
[    0.146093] hw perfevents: enabled with armv7_cortex_a9 PMU driver, 7 counters available
[    0.146993] futex hash table entries: 1024 (order: 4, 65536 bytes)
[    0.153145] squashfs: version 4.0 (2009/01/31) Phillip Lougher
[    0.153614] NFS: Registering the id_resolver key type
[    0.153651] Key type id_resolver registered
[    0.153656] Key type id_legacy registered
[    0.153701] ntfs: driver 2.1.31 [Flags: R/O].
[    0.154391] bounce: pool size: 64 pages
[    0.154514] Block layer SCSI generic (bsg) driver version 0.4 loaded (major 249)
[    0.154529] io scheduler noop registered
[    0.154537] io scheduler deadline registered
[    0.154631] io scheduler cfq registered (default)
[    0.159716] tegra-pcie 3000.pcie-controller: 2x3 configuration
[    0.159795] tegra-pcie 3000.pcie-controller: Failed to get supply 'hvdd-pex': -517
[    0.159849] platform 3000.pcie-controller: Driver tegra-pcie requests probe deferral
[    0.162548] tegra-apbdma 6000a000.dma: Tegra20 APB DMA driver register 32 channels
[    0.196441] Serial: 8250/16550 driver, 4 ports, IRQ sharing disabled
[    0.197983] msm_serial: driver initialized
[    0.198599] console [ttyS0] disabled
[    0.198641] of_serial 70006000.serial: ttyS0 at MMIO 0x70006000 (irq = 331, base_baud = 25500000) is a Tegra
[    1.095438] console [ttyS0] enabled
[    1.099441] STMicroelectronics ASC driver initialized
[    1.105134] [drm] Initialized drm 1.1.0 20060810
[    1.110598] tegra-hdmi 54280000.hdmi: failed to get HDMI regulator
[    1.116787] platform 54280000.hdmi: Driver tegra-hdmi requests probe deferral
[    1.127655] loop: module loaded
[    1.134232] m25p80 spi32766.1: w25q32 (4096 Kbytes)
[    1.140410] CAN device driver interface
[    1.144886] igb: Intel(R) Gigabit Ethernet Network Driver - version 5.2.15-k
[    1.151924] igb: Copyright (c) 2007-2014 Intel Corporation.
[    1.158484] pegasus: v0.9.3 (2013/04/25), Pegasus/Pegasus II USB Ethernet driver
[    1.165916] usbcore: registered new interface driver pegasus
[    1.171602] usbcore: registered new interface driver asix
[    1.177021] usbcore: registered new interface driver ax88179_178a
[    1.183131] usbcore: registered new interface driver cdc_ether
[    1.188992] usbcore: registered new interface driver smsc75xx
[    1.194766] usbcore: registered new interface driver smsc95xx
[    1.200539] usbcore: registered new interface driver net1080
[    1.206229] usbcore: registered new interface driver cdc_subset
[    1.212168] usbcore: registered new interface driver zaurus
[    1.217792] usbcore: registered new interface driver cdc_ncm
[    1.223652] ehci_hcd: USB 2.0 'Enhanced' Host Controller (EHCI) Driver
[    1.230179] ehci-pci: EHCI PCI platform driver
[    1.234658] ehci-platform: EHCI generic platform driver
[    1.239982] ehci-omap: OMAP-EHCI Host Controller driver
[    1.245273] ehci-orion: EHCI orion driver
[    1.249350] SPEAr-ehci: EHCI SPEAr driver
[    1.253438] ehci-st: EHCI STMicroelectronics driver
[    1.258383] tegra-ehci: Tegra EHCI driver
[    1.262634] ohci_hcd: USB 1.1 'Open' Host Controller (OHCI) Driver
[    1.268824] ohci-pci: OHCI PCI platform driver
[    1.273301] ohci-platform: OHCI generic platform driver
[    1.278602] ohci-omap3: OHCI OMAP3 driver
[    1.282672] SPEAr-ohci: OHCI SPEAr driver
[    1.286753] ohci-st: OHCI STMicroelectronics driver
[    1.291939] usbcore: registered new interface driver usb-storage
[    1.298110] platform 7d004000.usb-phy: Driver tegra-phy requests probe deferral
[    1.305465] platform 7d008000.usb-phy: Driver tegra-phy requests probe deferral
[    1.313660] mousedev: PS/2 mouse device common for all mice
[    1.320951] tegra_rtc 7000e000.rtc: rtc core: registered 7000e000.rtc as rtc1
[    1.328112] tegra_rtc 7000e000.rtc: Tegra internal Real Time Clock
[    1.346865] tps65910-rtc tps65910-rtc: rtc core: registered tps65910-rtc as rtc0
[    1.354379] i2c /dev entries driver
[    1.359109] usbcore: registered new interface driver uvcvideo
[    1.364852] USB Video Class driver (1.1.1)
[    1.368945] gspca_main: v2.14.0 registered
[    1.375046] Driver 'mmcblk' needs updating - please use bus_type methods
[    1.381786] sdhci: Secure Digital Host Controller Interface driver
[    1.387957] sdhci: Copyright(c) Pierre Ossman
[    1.392855] Synopsys Designware Multimedia Card Interface Driver
[    1.399355] sdhci-pltfm: SDHCI platform and OF driver helper
[    1.405440] sdhci-tegra 78000000.sdhci: Got CD GPIO
[    1.410328] sdhci-tegra 78000000.sdhci: Got WP GPIO
[    1.416325] sdhci-tegra 78000000.sdhci: No vmmc regulator found
[    1.422242] sdhci-tegra 78000000.sdhci: No vqmmc regulator found
[    1.428239] mmc0: Invalid maximum block size, assuming 512 bytes
[    1.468383] mmc0: SDHCI controller on 78000000.sdhci [78000000.sdhci] using ADMA
[    1.476947] sdhci-tegra 78000600.sdhci: No vmmc regulator found
[    1.482865] sdhci-tegra 78000600.sdhci: No vqmmc regulator found
[    1.488863] mmc1: Invalid maximum block size, assuming 512 bytes
[    1.528294] mmc1: SDHCI controller on 78000600.sdhci [78000600.sdhci] using ADMA
[    1.540397] ledtrig-cpu: registered to indicate activity on CPUs
[    1.546551] usbcore: registered new interface driver usbhid
[    1.552124] usbhid: USB HID core driver
[    1.557554] usbcore: registered new interface driver snd-usb-audio
[    1.639474] mmc1: new high speed MMC card at address 0001
[    1.645138] mmcblk0: mmc1:0001 SEM16G 14.8 GiB 
[    1.649742] mmcblk0boot0: mmc1:0001 SEM16G partition 1 1.00 MiB
[    1.655722] mmcblk0boot1: mmc1:0001 SEM16G partition 2 1.00 MiB
[    1.661699] mmcblk0rpmb: mmc1:0001 SEM16G partition 3 128 KiB
[    1.670174] Primary GPT is invalid, using alternate GPT.
[    1.675499]  mmcblk0: p1 p2 p3 p4 p5
[    1.979465] tegra30-i2s 70080400.i2s: DMA channels sourced from device 70080000.ahub
[    1.995091] tegra-snd-rt5640 sound: rt5640-aif1 <-> 70080400.i2s mapping ok
[    2.004117] input: NVIDIA Tegra Beaver Headphones as /devices/soc0/sound/sound/card0/input0
[    2.013436] TCP: cubic registered
[    2.016748] NET: Registered protocol family 17
[    2.021203] can: controller area network core (rev 20120528 abi 9)
[    2.027426] NET: Registered protocol family 29
[    2.031870] can: raw protocol (rev 20120528)
[    2.036137] can: broadcast manager protocol (rev 20120528 t)
[    2.041795] can: netlink gateway (rev 20130117) max_hops=1
[    2.047538] Key type dns_resolver registered
[    2.052172] ThumbEE CPU extension supported.
[    2.056454] Registering SWP/SWPB emulation handler
[    2.069405] vdd_ddr: supplied by vdd_5v_in
[    2.073763] vdd_5v_sata: supplied by vdd_5v_in
[    2.078445] usb1_vbus: supplied by vdd_5v_in
[    2.082909] usb3_vbus: supplied by vdd_5v_in
[    2.091116] sys_3v3,vdd_3v3_alw: supplied by vdd_5v_in
[    2.096483] sys_3v3_pexs: supplied by sys_3v3,vdd_3v3_alw
[    2.102087] +VDD_5V_HDMI: supplied by sys_3v3,vdd_3v3_alw
[    2.107843] tegra-pcie 3000.pcie-controller: 2x3 configuration
[    2.116797] tegra-pcie 3000.pcie-controller: probing port 0, using 2 lanes
[    2.181957] tegra-pcie 3000.pcie-controller: probing port 2, using 2 lanes
[    2.592688] tegra-pcie 3000.pcie-controller: link 2 down, retrying
[    3.002727] tegra-pcie 3000.pcie-controller: link 2 down, retrying
[    3.412762] tegra-pcie 3000.pcie-controller: link 2 down, retrying
[    3.420949] tegra-pcie 3000.pcie-controller: link 2 down, ignoring
[    3.427255] tegra-pcie 3000.pcie-controller: PCI host bridge to bus 0000:00
[    3.434215] pci_bus 0000:00: root bus resource [mem 0x20000000-0x27ffffff]
[    3.441081] pci_bus 0000:00: root bus resource [mem 0x28000000-0x3fffffff pref]
[    3.448379] pci_bus 0000:00: root bus resource [bus 00-ff]
[    3.453856] pci_bus 0000:00: root bus resource [io  0x1000-0xffff]
[    3.460049] pci 0000:00:01.0: [10de:0e1c] type 01 class 0x060400
[    3.466097] pci 0000:00:01.0: PME# supported from D0 D1 D2 D3hot D3cold
[    3.472846] PCI: bus0: Fast back to back transfers disabled
[    3.478424] pci 0000:00:01.0: bridge configuration invalid ([bus 00-00]), reconfiguring
[    3.486520] pci 0000:01:00.0: [10ec:8168] type 00 class 0x020000
[    3.492538] pci 0000:01:00.0: reg 0x10: [io  0x0000-0x00ff]
[    3.498118] pci 0000:01:00.0: reg 0x18: [mem 0x00000000-0x00000fff 64bit pref]
[    3.505339] pci 0000:01:00.0: reg 0x20: [mem 0x00000000-0x00003fff 64bit pref]
[    3.512623] pci 0000:01:00.0: supports D1 D2
[    3.516890] pci 0000:01:00.0: PME# supported from D0 D1 D2 D3hot D3cold
[    3.533319] PCI: bus1: Fast back to back transfers disabled
[    3.538891] pci_bus 0000:01: busn_res: [bus 01-ff] end is updated to 01
[    3.545548] pci 0000:00:01.0: BAR 9: assigned [mem 0x28000000-0x280fffff 64bit pref]
[    3.553289] pci 0000:00:01.0: BAR 7: assigned [io  0x1000-0x1fff]
[    3.559377] pci 0000:01:00.0: BAR 4: assigned [mem 0x28000000-0x28003fff 64bit pref]
[    3.567119] pci 0000:01:00.0: BAR 2: assigned [mem 0x28004000-0x28004fff 64bit pref]
[    3.574859] pci 0000:01:00.0: BAR 0: assigned [io  0x1000-0x10ff]
[    3.580946] pci 0000:00:01.0: PCI bridge to [bus 01]
[    3.585904] pci 0000:00:01.0:   bridge window [io  0x1000-0x1fff]
[    3.591989] pci 0000:00:01.0:   bridge window [mem 0x28000000-0x280fffff 64bit pref]
[    3.599732] pci 0000:00:01.0: nv_msi_ht_cap_quirk didn't locate host bridge
[    3.606866] pcieport 0000:00:01.0: Signaling PME through PCIe PME interrupt
[    3.613825] pci 0000:01:00.0: Signaling PME through PCIe PME interrupt
[    3.620344] pcie_pme 0000:00:01.0:pcie01: service driver pcie_pme loaded
[    3.627213] r8169 Gigabit Ethernet driver 2.3LK-NAPI loaded
[    3.632800] r8169 0000:01:00.0: enabling device (0140 -> 0143)
[    3.639311] r8169 0000:01:00.0 eth0: RTL8168evl/8111evl at 0xf0146000, 02:04:4b:01:60:a6, XID 0c900800 IRQ 375
[    3.649308] r8169 0000:01:00.0 eth0: jumbo features [frames: 9200 bytes, tx checksumming: ko]
[    3.660424] [drm] Supports vblank timestamp caching Rev 2 (21.10.2013).
[    3.667053] [drm] No driver support for vblank timestamp query.
[    3.672983] host1x drm: No connectors reported connected with modes
[    3.679246] [drm] Cannot find any crtc or sizes - going 1024x768
[    3.696917] Console: switching to colour frame buffer device 128x48
[    3.709229] host1x drm: fb0:  frame buffer device
[    3.713926] host1x drm: registered panic notifier
[    3.733703] [drm] Initialized tegra 0.0.0 20120330 on minor 0
[    3.745815] tps65910-rtc tps65910-rtc: setting system clock to 2000-01-01 00:00:02 UTC (946684802)
[    3.759746] usb1_vbus: disabling
[    3.762994] vdd_sata,avdd_plle: disabling
[    3.767585] ALSA device list:
[    3.770560]   #0: NVIDIA Tegra Beaver
[    3.776019] EXT4-fs (mmcblk0p1): mounting ext3 file system using the ext4 subsystem
[    3.791848] EXT4-fs (mmcblk0p1): warning: mounting fs with errors, running e2fsck is recommended
[    3.802085] EXT4-fs (mmcblk0p1): recovery complete
[    3.806886] EXT4-fs (mmcblk0p1): mounted filesystem with ordered data mode. Opts: (null)
[    3.814995] VFS: Mounted root (ext3 filesystem) on device 179:1.
[    3.830553] devtmpfs: mounted
[    3.834236] Freeing unused kernel memory: 768K (c0c4e000 - c0d0e000)
bash: cannot set terminal process group (-1): Inappropriate ioctl for device
bash: no job control in this shell
root@(none):/# 