
U-Boot SPL 2014.01-00219-gc4d376f (Feb 18 2014 - 19:57:32)


U-Boot 2014.01-00219-gc4d376f (Feb 18 2014 - 19:57:32)

TEGRA114
Board: NVIDIA Dalmore
I2C:   ready
DRAM:  2 GiB
MMC:   Tegra SD/MMC: 0, Tegra SD/MMC: 1
In:    serial
Out:   serial
Err:   serial
Net:   Net Initialization Skipped
No ethernet found.
Hit any key to stop autoboot:  2  1  0 
Tegra114 (Dalmore) # 
Tegra114 (Dalmore) # usb reset
(Re)start USB...
USB0:   USB EHCI 1.10
scanning bus 0 for devices... 2 USB Device(s) found
       scanning usb for storage devices... 0 Storage Device(s) found
       scanning usb for ethernet devices... 
Warning: asx0 using MAC address from net device
1 Ethernet Device(s) found
Tegra114 (Dalmore) # setenv bootargs 'ignore_loglevel console=ttyS0,115200n8 rw root=PARTUUID=7369c667-ff51-ec4a-29cd-baabf2fbe346 rootwait gpt debug earlyprintk init=/bin/bash'
Tegra114 (Dalmore) # setenv ipaddr 192.168.100.100; setenv serverip 192.168.100.1; setenv tftpserverip 192.168.100.1
Tegra114 (Dalmore) # tftpboot 0x81000000 zImage.tegra_defconfig
Using asx0 device
TFTP from server 192.168.100.1; our IP address is 192.168.100.100
Filename 'zImage.tegra_defconfig'.
Load address: 0x81000000
Loading: *#################################################################
	 #################################################################
	 #################################################################
	 #################################################################
	 #################################################################
	 #################################################################
	 ################################
	 2.8 MiB/s
done
Bytes transferred = 6188400 (5e6d70 hex)
Tegra114 (Dalmore) # tftpboot 0x82000000 tegra114-dalmore.dtb
Using asx0 device
TFTP from server 192.168.100.1; our IP address is 192.168.100.100
Filename 'tegra114-dalmore.dtb'.
Load address: 0x82000000
Loading: *###
	 2.7 MiB/s
done
Bytes transferred = 34502 (86c6 hex)
Tegra114 (Dalmore) # bootz 0x81000000 - 0x82000000
Kernel image @ 0x81000000 [ 0x000000 - 0x5e6d70 ]
## Flattened Device Tree blob at 82000000
   Booting using the fdt blob at 0x82000000
   Loading Device Tree to 8fff4000, end 8ffff6c5 ... OK

Starting kernel ...

[    0.000000] Booting Linux on physical CPU 0x0
[    0.000000] Linux version 4.15.0-rc3-next-20171218-20106-g53600ec (jonathanh@kaivo) (gcc version 4.7.3 20130328 (prerelease) (crosstool-NG linaro-1.13.1-4.7-2013.04-20130415 - Linaro GCC 2013.04)) #1 SMP PREEMPT Mon Dec 18 05:12:11 PST 2017
[    0.000000] CPU: ARMv7 Processor [412fc0f2] revision 2 (ARMv7), cr=10c5387d
[    0.000000] CPU: div instructions available: patching division code
[    0.000000] CPU: PIPT / VIPT nonaliasing data cache, PIPT instruction cache
[    0.000000] OF: fdt: Machine model: NVIDIA Tegra114 Dalmore evaluation board
[    0.000000] debug: ignoring loglevel setting.
[    0.000000] bootconsole [earlycon0] enabled
[    0.000000] Memory policy: Data cache writealloc
[    0.000000] cma: Reserved 64 MiB at 0xfbc00000
[    0.000000] On node 0 totalpages: 524032
[    0.000000]   Normal zone: 1536 pages used for memmap
[    0.000000]   Normal zone: 0 pages reserved
[    0.000000]   Normal zone: 196608 pages, LIFO batch:31
[    0.000000]   HighMem zone: 327424 pages, LIFO batch:31
[    0.000000] random: fast init done
[    0.000000] percpu: Embedded 17 pages/cpu @(ptrval) s39104 r8192 d22336 u69632
[    0.000000] pcpu-alloc: s39104 r8192 d22336 u69632 alloc=17*4096
[    0.000000] pcpu-alloc: [0] 0 [0] 1 [0] 2 [0] 3 
[    0.000000] Built 1 zonelists, mobility grouping on.  Total pages: 522496
[    0.000000] Kernel command line: ignore_loglevel console=ttyS0,115200n8 rw root=PARTUUID=7369c667-ff51-ec4a-29cd-baabf2fbe346 rootwait gpt debug earlyprintk init=/bin/bash
[    0.000000] Dentry cache hash table entries: 131072 (order: 7, 524288 bytes)
[    0.000000] Inode-cache hash table entries: 65536 (order: 6, 262144 bytes)
[    0.000000] Memory: 1998600K/2096128K available (9216K kernel code, 778K rwdata, 2572K rodata, 1024K init, 298K bss, 31992K reserved, 65536K cma-reserved, 1244160K highmem)
[    0.000000] Virtual kernel memory layout:
[    0.000000]     vector  : 0xffff0000 - 0xffff1000   (   4 kB)
[    0.000000]     fixmap  : 0xffc00000 - 0xfff00000   (3072 kB)
[    0.000000]     vmalloc : 0xf0800000 - 0xff800000   ( 240 MB)
[    0.000000]     lowmem  : 0xc0000000 - 0xf0000000   ( 768 MB)
[    0.000000]     pkmap   : 0xbfe00000 - 0xc0000000   (   2 MB)
[    0.000000]     modules : 0xbf000000 - 0xbfe00000   (  14 MB)
[    0.000000]       .text : 0x(ptrval) - 0x(ptrval)   (10208 kB)
[    0.000000]       .init : 0x(ptrval) - 0x(ptrval)   (1024 kB)
[    0.000000]       .data : 0x(ptrval) - 0x(ptrval)   ( 779 kB)
[    0.000000]        .bss : 0x(ptrval) - 0x(ptrval)   ( 299 kB)
[    0.000000] Preemptible hierarchical RCU implementation.
[    0.000000] 	Tasks RCU enabled.
[    0.000000] NR_IRQS: 16, nr_irqs: 16, preallocated irqs: 16
[    0.000000] /interrupt-controller@60004000: 160 interrupts forwarded to /interrupt-controller@50041000
[    0.000000] Tegra clk 127: register failed with -17
[    0.000009] sched_clock: 32 bits at 1000kHz, resolution 1000ns, wraps every 2147483647500ns
[    0.007665] clocksource: timer_us: mask: 0xffffffff max_cycles: 0xffffffff, max_idle_ns: 1911260446275 ns
[    0.017193] Switching to timer-based delay loop, resolution 1000ns
[    0.024028] arch_timer: cp15 timer(s) running at 12.00MHz (virt).
[    0.029417] clocksource: arch_sys_counter: mask: 0xffffffffffffff max_cycles: 0x2c47f4ee7, max_idle_ns: 440795202497 ns
[    0.040164] sched_clock: 56 bits at 12MHz, resolution 83ns, wraps every 4398046511096ns
[    0.048132] Switching to timer-based delay loop, resolution 83ns
[    0.054605] Console: colour dummy device 80x30
[    0.058549] Calibrating delay loop (skipped), value calculated using timer frequency.. 24.00 BogoMIPS (lpj=120000)
[    0.068857] pid_max: default: 32768 minimum: 301
[    0.073942] Mount-cache hash table entries: 2048 (order: 1, 8192 bytes)
[    0.080043] Mountpoint-cache hash table entries: 2048 (order: 1, 8192 bytes)
[    0.087905] CPU: Testing write buffer coherency: ok
[    0.092200] /cpus/cpu@0 missing clock-frequency property
[    0.097202] /cpus/cpu@1 missing clock-frequency property
[    0.102514] /cpus/cpu@2 missing clock-frequency property
[    0.107777] /cpus/cpu@3 missing clock-frequency property
[    0.113061] CPU0: thread -1, cpu 0, socket 0, mpidr 80000000
[    0.153175] Setting up static identity map for 0x80100000 - 0x801000a0
[    0.157933] Hierarchical SRCU implementation.
[    0.173629] Tegra Revision: A01 SKU: 0 CPU Process: 1 SoC Process: 0
[    0.193203] smp: Bringing up secondary CPUs ...
[    0.243867] CPU1: thread -1, cpu 1, socket 0, mpidr 80000001
[    0.313969] CPU2: thread -1, cpu 2, socket 0, mpidr 80000002
[    0.384080] CPU3: thread -1, cpu 3, socket 0, mpidr 80000003
[    0.384196] smp: Brought up 1 node, 4 CPUs
[    0.403284] SMP: Total of 4 processors activated (96.00 BogoMIPS).
[    0.409475] CPU: All CPU(s) started in SVC mode.
[    0.415904] devtmpfs: initialized
[    0.428787] Built 1 zonelists, mobility grouping on.  Total pages: 516034
[    0.434101] VFP support v0.3: implementor 41 architecture 4 part 30 variant f rev 0
[    0.441654] clocksource: jiffies: mask: 0xffffffff max_cycles: 0xffffffff, max_idle_ns: 19112604462750000 ns
[    0.451111] futex hash table entries: 1024 (order: 4, 65536 bytes)
[    0.457498] pinctrl core: initialized pinctrl subsystem
[    0.463691] NET: Registered protocol family 16
[    0.468144] DMA: preallocated 256 KiB pool for atomic coherent allocations
[    0.475172] cpuidle: using governor menu
[    0.497647] No ATAGs?
[    0.497789] hw-breakpoint: found 5 (+1 reserved) breakpoint and 4 watchpoint registers.
[    0.506151] hw-breakpoint: maximum watchpoint size is 8 bytes.
[    0.512935] tegra-mc 70019000.memory-controller: no memory timings for RAM code 3 registered
[    0.520580] iommu: Adding device 54200000.dc to group 0
[    0.525591] iommu: Adding device 54240000.dc to group 0
[    0.547723] dvdd_ts: Failed to request enable GPIO61: -517
[    0.551332] reg-fixed-voltage regulators:regulator@1: Failed to register regulator: -517
[    0.559471] usb1_vbus: Failed to request enable GPIO108: -517
[    0.565133] reg-fixed-voltage regulators:regulator@3: Failed to register regulator: -517
[    0.573247] usb2_vbus: Failed to request enable GPIO86: -517
[    0.578796] reg-fixed-voltage regulators:regulator@4: Failed to register regulator: -517
[    0.587352] VDD_5V0_HDMI_CON: Failed to request enable GPIO81: -517
[    0.593108] reg-fixed-voltage regulators:regulator@7: Failed to register regulator: -517
[    0.602313] vgaarb: loaded
[    0.604611] SCSI subsystem initialized
[    0.607795] libata version 3.00 loaded.
[    0.611696] usbcore: registered new interface driver usbfs
[    0.616909] usbcore: registered new interface driver hub
[    0.622207] usbcore: registered new device driver usb
[    0.630299] tps65090 2-0048: No cache defaults, reading back from HW
[    0.636729] TPS65090_RAILSDCDC1: supplied by vdd_ac_bat
[    0.641211] TPS65090_RAILSDCDC2: supplied by vdd_ac_bat
[    0.646346] TPS65090_RAILSDCDC3: supplied by vdd_ac_bat
[    0.651052] TPS65090_RAILSFET1: supplied by vdd_ac_bat
[    0.655978] TPS65090_RAILSFET2: supplied by vdd_ac_bat
[    0.661116] TPS65090_RAILSFET3: supplied by vdd-sys-3v3
[    0.666462] TPS65090_RAILSFET4: supplied by vdd-sys-3v3
[    0.671669] TPS65090_RAILSFET5: supplied by vdd-sys-3v3
[    0.676844] TPS65090_RAILSFET6: supplied by vdd-sys-3v3
[    0.682390] TPS65090_RAILSFET7: supplied by vdd-sys-3v3
[    0.687243] TPS65090_RAILSLDO1: supplied by vdd_ac_bat
[    0.692080] TPS65090_RAILSLDO2: supplied by vdd_ac_bat
[    0.697720] palmas 2-0058: Irq flag is 0x00000004
[    0.703785] palmas 2-0058: Muxing GPIO ff, PWM 0, LED 0
[    0.709530] SMPS12: supplied by vdd-ao
[    0.712461] vdd_hdmi_5v0: supplied by vdd-sys-5v0
[    0.716885] SMPS3: supplied by vdd-ao
[    0.721491] SMPS457: supplied by vdd-sys-3v3
[    0.725673] SMPS6: supplied by regulator-dummy
[    0.729828] SMPS8: supplied by vdd-sys-3v3
[    0.734100] SMPS9: supplied by vdd-sys-3v3
[    0.737040] sdhci-vdd-sd-slot: Bringing 2840000uV into 2800000-2800000uV
[    0.744612] SMPS10_OUT2: supplied by regulator-dummy
[    0.749024] SMPS10_OUT1: supplied by regulator-dummy
[    0.753964] LDO1: supplied by vdd-sys-3v3
[    0.758256] LDO2: supplied by vdd-sys-3v3
[    0.762208] LDO3: supplied by vddio-1v8
[    0.766027] LDO4: supplied by vdd-sys-3v3
[    0.770026] LDO5: supplied by vdd_ac_bat
[    0.773470] LDO6: supplied by vdd-sys-3v3
[    0.777251] vdd-sensor-2v85: Bringing 2900000uV into 2850000-2850000uV
[    0.784625] LDO7: supplied by vdd-sys-3v3
[    0.788902] LDO8: supplied by vdd-ao
[    0.791285] vdd-rtc: Bringing 675000uV into 900000-900000uV
[    0.807003] LDO9: supplied by sdhci-vdd-sd-slot
[    0.817324] LDOLN: supplied by vdd-sys-5v0
[    0.820694] LDOUSB: supplied by vdd-sys-5v0
[    0.829625] Linux video capture interface: v2.00
[    0.832409] pps_core: LinuxPPS API ver. 1 registered
[    0.837293] pps_core: Software ver. 5.3.6 - Copyright 2005-2007 Rodolfo Giometti <giometti@linux.it>
[    0.846410] PTP clock support registered
[    0.850892] Advanced Linux Sound Architecture Driver Initialized.
[    0.857000] Bluetooth: Core ver 2.22
[    0.859943] NET: Registered protocol family 31
[    0.864331] Bluetooth: HCI device and connection manager initialized
[    0.870643] Bluetooth: HCI socket layer initialized
[    0.875510] Bluetooth: L2CAP socket layer initialized
[    0.880552] Bluetooth: SCO socket layer initialized
[    0.886075] clocksource: Switched to clocksource arch_sys_counter
[    0.986915] NET: Registered protocol family 2
[    0.990366] tcp_listen_portaddr_hash hash table entries: 512 (order: 0, 6144 bytes)
[    0.997100] TCP established hash table entries: 8192 (order: 3, 32768 bytes)
[    1.004102] TCP bind hash table entries: 8192 (order: 4, 65536 bytes)
[    1.010635] TCP: Hash tables configured (established 8192 bind 8192)
[    1.017267] UDP hash table entries: 512 (order: 2, 16384 bytes)
[    1.022679] UDP-Lite hash table entries: 512 (order: 2, 16384 bytes)
[    1.029321] NET: Registered protocol family 1
[    1.034019] RPC: Registered named UNIX socket transport module.
[    1.039225] RPC: Registered udp transport module.
[    1.043877] RPC: Registered tcp transport module.
[    1.048578] RPC: Registered tcp NFSv4.1 backchannel transport module.
[    1.055614] PCI: CLS 0 bytes, default 64
[    1.061522] Initialise system trusted keyrings
[    1.064248] workingset: timestamp_bits=30 max_order=19 bucket_order=0
[    1.071900] squashfs: version 4.0 (2009/01/31) Phillip Lougher
[    1.077093] NFS: Registering the id_resolver key type
[    1.081318] Key type id_resolver registered
[    1.085462] Key type id_legacy registered
[    1.094368] Key type asymmetric registered
[    1.096589] Asymmetric key parser 'x509' registered
[    1.101545] bounce: pool size: 64 pages
[    1.105284] io scheduler noop registered (default)
[    1.110015] io scheduler mq-deadline registered
[    1.114496] io scheduler kyber registered
[    1.135698] tegra-apbdma 6000a000.dma: Tegra20 APB DMA driver register 32 channels
[    1.142545] tegra-pmc 7000e400.pmc: i2c-thermtrip node not found, emergency thermal reset disabled.
[    1.150981] Serial: 8250/16550 driver, 4 ports, IRQ sharing disabled
[    1.158675] console [ttyS0] disabled
[    1.160387] 70006300.serial: ttyS0 at MMIO 0x70006300 (irq = 329, base_baud = 25500000) is a Tegra
[    1.169337] console [ttyS0] enabled
[    1.169337] console [ttyS0] enabled
[    1.175510] bootconsole [earlycon0] disabled
[    1.175510] bootconsole [earlycon0] disabled
[    1.203441] tegra-hdmi 54280000.hdmi: failed to get HDMI regulator
[    1.228856] loop: module loaded
[    1.243744] m25p80 spi0.0: w25q32dw (4096 Kbytes)
[    1.260675] libphy: Fixed MDIO Bus: probed
[    1.264769] CAN device driver interface
[    1.268692] igb: Intel(R) Gigabit Ethernet Network Driver - version 5.4.0-k
[    1.275643] igb: Copyright (c) 2007-2014 Intel Corporation.
[    1.281367] pegasus: v0.9.3 (2013/04/25), Pegasus/Pegasus II USB Ethernet driver
[    1.288836] usbcore: registered new interface driver pegasus
[    1.294558] usbcore: registered new interface driver asix
[    1.300024] usbcore: registered new interface driver ax88179_178a
[    1.306194] usbcore: registered new interface driver cdc_ether
[    1.312092] usbcore: registered new interface driver smsc75xx
[    1.317922] usbcore: registered new interface driver smsc95xx
[    1.323717] usbcore: registered new interface driver net1080
[    1.329444] usbcore: registered new interface driver cdc_subset
[    1.335405] usbcore: registered new interface driver zaurus
[    1.341063] usbcore: registered new interface driver cdc_ncm
[    1.346967] tegra-phy 7d000000.usb-phy: no vbus regulator
[    1.352820] ehci_hcd: USB 2.0 'Enhanced' Host Controller (EHCI) Driver
[    1.359363] ehci-pci: EHCI PCI platform driver
[    1.363860] tegra-ehci: Tegra EHCI driver
[    1.368562] usbcore: registered new interface driver cdc_acm
[    1.374214] cdc_acm: USB Abstract Control Model driver for USB modems and ISDN adapters
[    1.382294] usbcore: registered new interface driver cdc_wdm
[    1.388039] usbcore: registered new interface driver usb-storage
[    1.406101] palmas-rtc 7000d000.i2c:tps65913@58:rtc: rtc core: registered 7000d000.i2c:tps65913@58:rtc as rtc0
[    1.417622] tegra_rtc 7000e000.rtc: rtc core: registered 7000e000.rtc as rtc1
[    1.424800] tegra_rtc 7000e000.rtc: Tegra internal Real Time Clock
[    1.431312] i2c /dev entries driver
[    1.435716] usbcore: registered new interface driver uvcvideo
[    1.441479] USB Video Class driver (1.1.1)
[    1.445567] gspca_main: v2.14.0 registered
[    1.450597] sbs-battery 0-000b: sbs_probe: Failed to get device status
[    1.457155] sbs-battery: probe of 0-000b failed with error -121
[    1.468322] tegra-wdt 60005000.timer: initialized (heartbeat = 120 sec, nowayout = 0)
[    1.476930] sdhci: Secure Digital Host Controller Interface driver
[    1.483101] sdhci: Copyright(c) Pierre Ossman
[    1.487472] sdhci-pltfm: SDHCI platform and OF driver helper
[    1.493422] sdhci-tegra 78000400.sdhci: Got CD GPIO
[    1.498334] sdhci-tegra 78000400.sdhci: Got WP GPIO
[    1.511453] mmc0: Invalid maximum block size, assuming 512 bytes
[    1.548785] mmc0: SDHCI controller on 78000400.sdhci [78000400.sdhci] using ADMA
[    1.563638] mmc1: Invalid maximum block size, assuming 512 bytes
[    1.598671] mmc1: SDHCI controller on 78000600.sdhci [78000600.sdhci] using ADMA
[    1.607072] usbcore: registered new interface driver usbhid
[    1.612677] usbhid: USB HID core driver
[    1.656046] mmc1: new high speed MMC card at address 0001
[    1.667428] mmcblk1: mmc1:0001 SEM32G 29.1 GiB 
[    1.675109] mmc0: new high speed SDHC card at address aaaa
[    1.685948] mmcblk0: mmc0:aaaa SL16G 14.8 GiB 
[    1.692663] mmcblk1boot0: mmc1:0001 SEM32G partition 1 4.00 MiB
[    1.697804] mmcblk1boot1: mmc1:0001 SEM32G partition 2 4.00 MiB
[    1.703892] mmcblk1rpmb: mmc1:0001 SEM32G partition 3 4.00 MiB, chardev (247:0)
[    1.719950]  mmcblk1: p1 p2 p3 p4 p5 p6 p7 p8
[    1.734617]  mmcblk0: p1 p2 p3
[    2.049902] tegra30-i2s 70080400.i2s: DMA channels sourced from device 70080000.ahub
[    2.066494] tegra-snd-rt5640 sound: rt5640-aif1 <-> 70080400.i2s mapping ok
[    2.078075] input: NVIDIA Tegra Dalmore Headphones as /devices/soc0/sound/sound/card0/input0
[    2.088935] NET: Registered protocol family 10
[    2.094777] Segment Routing with IPv6
[    2.098638] mip6: Mobile IPv6
[    2.101604] sit: IPv6, IPv4 and MPLS over IPv4 tunneling driver
[    2.109064] NET: Registered protocol family 17
[    2.113520] NET: Registered protocol family 15
[    2.117980] can: controller area network core (rev 20170425 abi 9)
[    2.124355] NET: Registered protocol family 29
[    2.128815] can: raw protocol (rev 20170425)
[    2.133079] can: broadcast manager protocol (rev 20170425 t)
[    2.138755] can: netlink gateway (rev 20170425) max_hops=1
[    2.144436] Bluetooth: RFCOMM socket layer initialized
[    2.149615] Bluetooth: RFCOMM ver 1.11
[    2.153371] Bluetooth: BNEP (Ethernet Emulation) ver 1.3
[    2.158699] Bluetooth: BNEP socket layer initialized
[    2.163656] Bluetooth: HIDP (Human Interface Emulation) ver 1.2
[    2.169592] Bluetooth: HIDP socket layer initialized
[    2.174762] Key type dns_resolver registered
[    2.179532] Registering SWP/SWPB emulation handler
[    2.185137] Loading compiled-in X.509 certificates
[    2.207629] usb1_vbus: supplied by vdd-sys-5v0
[    2.212723] usb2_vbus: supplied by vdd-sys-5v0
[    2.218893] VDD_5V0_HDMI_CON: supplied by vdd-sys-5v0
[    2.228007] [drm] Supports vblank timestamp caching Rev 2 (21.10.2013).
[    2.234617] [drm] No driver support for vblank timestamp query.
[    2.335582] Console: switching to colour frame buffer device 240x75
[    2.374141] drm drm: fb0:  frame buffer device
[    2.378780] [drm] Initialized tegra 0.0.0 20120330 for drm on minor 0
[    2.386414] tegra-ehci 7d008000.usb: EHCI Host Controller
[    2.391836] tegra-ehci 7d008000.usb: new USB bus registered, assigned bus number 1
[    2.399696] alloc_contig_range: [fbc4b, fbc4c) PFNs busy
[    2.405190] alloc_contig_range: [fbc60, fbc61) PFNs busy
[    2.410704] alloc_contig_range: [fbc61, fbc62) PFNs busy
[    2.416227] alloc_contig_range: [fbc62, fbc63) PFNs busy
[    2.421716] alloc_contig_range: [fbc63, fbc64) PFNs busy
[    2.427225] alloc_contig_range: [fbc64, fbc65) PFNs busy
[    2.432725] alloc_contig_range: [fbc65, fbc66) PFNs busy
[    2.438233] alloc_contig_range: [fbc66, fbc67) PFNs busy
[    2.443720] alloc_contig_range: [fbc67, fbc68) PFNs busy
[    2.449238] alloc_contig_range: [fbc68, fbc69) PFNs busy
[    2.955297] tegra-ehci 7d008000.usb: irq 340, io mem 0x7d008000
[    2.986210] tegra-ehci 7d008000.usb: USB 2.0 started, EHCI 1.10
[    2.993428] hub 1-0:1.0: USB hub found
[    2.997319] hub 1-0:1.0: 1 port detected
[    3.002578] input: gpio-keys as /devices/soc0/gpio-keys/input/input1
[    3.011458] palmas-rtc 7000d000.i2c:tps65913@58:rtc: setting system clock to 2000-05-10 20:14:28 UTC (957989668)
[    3.021997] cfg80211: Loading compiled-in X.509 certificates for regulatory database
[    3.034326] cfg80211: Loaded X.509 cert 'sforshee: 00b28ddf47aef9cea7'
[    3.041180] platform regulatory.0: Direct firmware load for regulatory.db failed with error -2
[    3.049871] cfg80211: failed to load regulatory.db
[    3.056609] dvdd_ts: disabling
[    3.059669] usb1_vbus: disabling
[    3.062894] vdd_cam_1v8_reg: disabling
[    3.066784] ALSA device list:
[    3.069759]   #0: NVIDIA Tegra Dalmore
[    3.074692] EXT4-fs (mmcblk1p1): mounting ext3 file system using the ext4 subsystem
[    3.106342] EXT4-fs (mmcblk1p1): recovery complete
[    3.111154] EXT4-fs (mmcblk1p1): mounted filesystem with ordered data mode. Opts: (null)
[    3.119508] VFS: Mounted root (ext3 filesystem) on device 179:1.
[    3.130876] devtmpfs: mounted
[    3.134914] Freeing unused kernel memory: 1024K
[    3.155749] 1 (bash): Uhuuh, elf segment at 0dcf9b03 requested but the memory is mapped already
[    3.164560] Kernel panic - not syncing: Requested init /bin/bash failed (error -95).
[    3.172309] CPU: 2 PID: 1 Comm: bash Not tainted 4.15.0-rc3-next-20171218-20106-g53600ec #1
[    3.180660] Hardware name: NVIDIA Tegra SoC (Flattened Device Tree)
[    3.186956] [<c0110f48>] (unwind_backtrace) from [<c010c588>] (show_stack+0x10/0x14)
[    3.194701] [<c010c588>] (show_stack) from [<c096a1bc>] (dump_stack+0x84/0xa4)
[    3.201942] [<c096a1bc>] (dump_stack) from [<c0121c70>] (panic+0xd0/0x274)
[    3.208819] [<c0121c70>] (panic) from [<c097df28>] (kernel_init+0x94/0x114)
[    3.215796] [<c097df28>] (kernel_init) from [<c01010e8>] (ret_from_fork+0x14/0x2c)
[    3.223356] Exception stack(0xee8a3fb0 to 0xee8a3ff8)
[    3.228411] 3fa0:                                     00000000 00000000 00000000 00000000
[    3.236590] 3fc0: 00000000 00000000 00000000 00000000 00000000 00000000 00000000 00000000
[    3.244759] 3fe0: 00000000 00000000 00000000 00000000 00000013 00000000
[    3.251446] CPU0: stopping
[    3.254162] CPU: 0 PID: 0 Comm: swapper/0 Not tainted 4.15.0-rc3-next-20171218-20106-g53600ec #1
[    3.262932] Hardware name: NVIDIA Tegra SoC (Flattened Device Tree)
[    3.269210] [<c0110f48>] (unwind_backtrace) from [<c010c588>] (show_stack+0x10/0x14)
[    3.276952] [<c010c588>] (show_stack) from [<c096a1bc>] (dump_stack+0x84/0xa4)
[    3.284171] [<c096a1bc>] (dump_stack) from [<c010f4a0>] (handle_IPI+0x18c/0x32c)
[    3.291563] [<c010f4a0>] (handle_IPI) from [<c03fe7fc>] (gic_handle_irq+0x88/0x94)
[    3.299127] [<c03fe7fc>] (gic_handle_irq) from [<c0101a0c>] (__irq_svc+0x6c/0xa8)
[    3.306596] Exception stack(0xc0e01f00 to 0xc0e01f48)
[    3.311644] 1f00: 00000000 00000005 00000001 00000008 00000001 c0e0b020 00000000 00000001
[    3.319812] 1f20: c0eb5e1c c0d8d1b8 eefa31c0 00000001 c06bcf00 c0e01f50 c069c770 c069c85c
[    3.327974] 1f40: 60000113 ffffffff
[    3.331465] [<c0101a0c>] (__irq_svc) from [<c069c85c>] (cpuidle_enter_state+0x1b4/0x3bc)
[    3.339552] [<c069c85c>] (cpuidle_enter_state) from [<c0162dfc>] (do_idle+0x184/0x204)
[    3.347464] [<c0162dfc>] (do_idle) from [<c0163104>] (cpu_startup_entry+0x18/0x1c)
[    3.355030] [<c0163104>] (cpu_startup_entry) from [<c0d00c58>] (start_kernel+0x394/0x400)
[    3.363198] CPU3: stopping
[    3.365908] CPU: 3 PID: 0 Comm: swapper/3 Not tainted 4.15.0-rc3-next-20171218-20106-g53600ec #1
[    3.374678] Hardware name: NVIDIA Tegra SoC (Flattened Device Tree)
[    3.380948] [<c0110f48>] (unwind_backtrace) from [<c010c588>] (show_stack+0x10/0x14)
[    3.388689] [<c010c588>] (show_stack) from [<c096a1bc>] (dump_stack+0x84/0xa4)
[    3.395906] [<c096a1bc>] (dump_stack) from [<c010f4a0>] (handle_IPI+0x18c/0x32c)
[    3.403297] [<c010f4a0>] (handle_IPI) from [<c03fe7fc>] (gic_handle_irq+0x88/0x94)
[    3.410859] [<c03fe7fc>] (gic_handle_irq) from [<c0101a0c>] (__irq_svc+0x6c/0xa8)
[    3.418329] Exception stack(0xee8e1f38 to 0xee8e1f80)
[    3.423373] 1f20:                                                       00000000 00000005
[    3.431541] 1f40: 00000001 00000008 00000001 c0e0b020 00000003 00000001 c0eb5e1c c0d8d1b8
[    3.439708] 1f60: eefd61c0 00000001 00000000 ee8e1f88 c069c770 c069c85c 60000113 ffffffff
[    3.447879] [<c0101a0c>] (__irq_svc) from [<c069c85c>] (cpuidle_enter_state+0x1b4/0x3bc)
[    3.455964] [<c069c85c>] (cpuidle_enter_state) from [<c0162dfc>] (do_idle+0x184/0x204)
[    3.463875] [<c0162dfc>] (do_idle) from [<c0163104>] (cpu_startup_entry+0x18/0x1c)
[    3.471438] [<c0163104>] (cpu_startup_entry) from [<801025ac>] (0x801025ac)
[    3.478390] CPU1: stopping
[    3.481099] CPU: 1 PID: 0 Comm: swapper/1 Not tainted 4.15.0-rc3-next-20171218-20106-g53600ec #1
[    3.489869] Hardware name: NVIDIA Tegra SoC (Flattened Device Tree)
[    3.496139] [<c0110f48>] (unwind_backtrace) from [<c010c588>] (show_stack+0x10/0x14)
[    3.503877] [<c010c588>] (show_stack) from [<c096a1bc>] (dump_stack+0x84/0xa4)
[    3.511096] [<c096a1bc>] (dump_stack) from [<c010f4a0>] (handle_IPI+0x18c/0x32c)
[    3.518486] [<c010f4a0>] (handle_IPI) from [<c03fe7fc>] (gic_handle_irq+0x88/0x94)
[    3.526049] [<c03fe7fc>] (gic_handle_irq) from [<c0101a0c>] (__irq_svc+0x6c/0xa8)
[    3.533519] Exception stack(0xee8bdf38 to 0xee8bdf80)
[    3.538564] df20:                                                       00000000 00000005
[    3.546732] df40: 00000001 00000008 00000001 c0e0b020 00000001 00000001 c0eb5e1c c0d8d1b8
[    3.554899] df60: eefb41c0 00000001 c06bcf00 ee8bdf88 c069c770 c069c85c 60000113 ffffffff
[    3.563070] [<c0101a0c>] (__irq_svc) from [<c069c85c>] (cpuidle_enter_state+0x1b4/0x3bc)
[    3.571153] [<c069c85c>] (cpuidle_enter_state) from [<c0162dfc>] (do_idle+0x184/0x204)
[    3.579064] [<c0162dfc>] (do_idle) from [<c0163104>] (cpu_startup_entry+0x18/0x1c)
[    3.586627] [<c0163104>] (cpu_startup_entry) from [<801025ac>] (0x801025ac)
[    3.593599] ---[ end Kernel panic - not syncing: Requested init /bin/bash failed (error -95).
