

U-Boot 2015.04-00466-gedec83e90172 (Mar 14 2016 - 10:42:01)

TEGRA124
Model: Acer Chromebook 13 CB5-311
DRAM:  4 GiB
:   Tegra SD/MMC: 0, Tegra SD/MMC: 1, Tegra SD/MMC: 2
MMC init failed
Using default environment

In:    serial
Out:   serial
Err:   serial
Net:   Net Initialization Skipped
No ethernet found.
Hit any key to stop autoboot:  2  0 
Tegra124 (Nyan-big) # 
Tegra124 (Nyan-big) # usb start
starting USB...
USB0:   USB EHCI 1.10
scanning bus 0 for devices... 2 USB Device(s) found
USB1:   USB EHCI 1.10
scanning bus 1 for devices... 2 USB Device(s) found
       scanning usb for storage devices... 1 Storage Device(s) found
       scanning usb for ethernet devices... 
Warning: asx0 using MAC address from net device
1 Ethernet Device(s) found
Tegra124 (Nyan-big) # mw 0x7000e4a0 0x00080000
Tegra124 (Nyan-big) # setenv bootargs 'ignore_loglevel console=ttyS0,115200n8 rw root=PARTUUID=4d36e82a-b3c0-4b4b-bfcd-afe5217ac023 rootwait gpt debug noinitrd earlyprintk init=/bin/bash'
Tegra124 (Nyan-big) # setenv ipaddr 192.168.100.102; setenv serverip 192.168.100.1; setenv tftpserverip 192.168.100.1
Tegra124 (Nyan-big) # tftpboot 0x82000000 zImage.multi_v7_defconfig
Using asx0 device
TFTP from server 192.168.100.1; our IP address is 192.168.100.102
Filename 'zImage.multi_v7_defconfig'.
Load address: 0x82000000
Loading: *#################################################################
	 #################################################################
	 #################################################################
	 #################################################################
	 #################################################################
	 #################################################################
	 #################################################################
	 ##################################################
	 2.9 MiB/s
done
Bytes transferred = 7400656 (70ecd0 hex)
Tegra124 (Nyan-big) # tftpboot 0x83000000 tegra124-nyan-big.dtb
Using asx0 device
TFTP from server 192.168.100.1; our IP address is 192.168.100.102
Filename 'tegra124-nyan-big.dtb'.
Load address: 0x83000000
Loading: *#####
	 2.7 MiB/s
done
Bytes transferred = 67943 (10967 hex)
Tegra124 (Nyan-big) # bootz 0x82000000 - 0x83000000
Kernel image @ 0x82000000 [ 0x000000 - 0x70ecd0 ]
## Flattened Device Tree blob at 83000000
   Booting using the fdt blob at 0x83000000
   Using Device Tree in place at 83000000, end 83013966

Starting kernel ...

[    0.000000] Booting Linux on physical CPU 0x0
[    0.000000] Linux version 4.9.0-next-20161221-141935-ge4efff9 (pwalmsley@sellafield) (gcc version 4.7.3 20130328 (prerelease) (crosstool-NG linaro-1.13.1-4.7-2013.04-20130415 - Linaro GCC 2013.04) ) #1 SMP Tue Dec 20 18:50:23 PST 2016
[    0.000000] CPU: ARMv7 Processor [413fc0f3] revision 3 (ARMv7), cr=10c5387d
[    0.000000] CPU: div instructions available: patching division code
[    0.000000] CPU: PIPT / VIPT nonaliasing data cache, PIPT instruction cache
[    0.000000] OF: fdt:Machine model: Acer Chromebook 13 CB5-311
[    0.000000] OF: fdt:Ignoring memory range 0x100000000 - 0x17ffff000
[    0.000000] debug: ignoring loglevel setting.
[    0.000000] efi: Getting EFI parameters from FDT:
[    0.000000] efi: UEFI not found.
[    0.000000] cma: Reserved 64 MiB at 0xfb800000
[    0.000000] Memory policy: Data cache writealloc
[    0.000000] On node 0 totalpages: 524287
[    0.000000] free_area_init_node: node 0, pgdat c142a640, node_mem_map eeff8000
[    0.000000]   DMA zone: 1536 pages used for memmap
[    0.000000]   DMA zone: 0 pages reserved
[    0.000000]   DMA zone: 196608 pages, LIFO batch:31
[    0.000000]   HighMem zone: 327679 pages, LIFO batch:31
[    0.000000] percpu: Embedded 14 pages/cpu @eef8d000 s26048 r8192 d23104 u57344
[    0.000000] pcpu-alloc: s26048 r8192 d23104 u57344 alloc=14*4096
[    0.000000] pcpu-alloc: [0] 0 [0] 1 [0] 2 [0] 3 
[    0.000000] Built 1 zonelists in Zone order, mobility grouping on.  Total pages: 522751
[    0.000000] Kernel command line: ignore_loglevel console=ttyS0,115200n8 rw root=PARTUUID=4d36e82a-b3c0-4b4b-bfcd-afe5217ac023 rootwait gpt debug noinitrd earlyprintk init=/bin/bash
[    0.000000] PID hash table entries: 4096 (order: 2, 16384 bytes)
[    0.000000] Dentry cache hash table entries: 131072 (order: 7, 524288 bytes)
[    0.000000] Inode-cache hash table entries: 65536 (order: 6, 262144 bytes)
[    0.000000] Memory: 1995844K/2097148K available (9216K kernel code, 1200K rwdata, 4144K rodata, 2048K init, 470K bss, 35768K reserved, 65536K cma-reserved, 1245180K highmem)
[    0.000000] Virtual kernel memory layout:
[    0.000000]     vector  : 0xffff0000 - 0xffff1000   (   4 kB)
[    0.000000]     fixmap  : 0xffc00000 - 0xfff00000   (3072 kB)
[    0.000000]     vmalloc : 0xf0800000 - 0xff800000   ( 240 MB)
[    0.000000]     lowmem  : 0xc0000000 - 0xf0000000   ( 768 MB)
[    0.000000]     pkmap   : 0xbfe00000 - 0xc0000000   (   2 MB)
[    0.000000]     modules : 0xbf000000 - 0xbfe00000   (  14 MB)
[    0.000000]       .text : 0xc0208000 - 0xc0c00000   (10208 kB)
[    0.000000]       .init : 0xc1100000 - 0xc1300000   (2048 kB)
[    0.000000]       .data : 0xc1300000 - 0xc142c140   (1201 kB)
[    0.000000]        .bss : 0xc142e000 - 0xc14a3bb0   ( 471 kB)
[    0.000000] SLUB: HWalign=64, Order=0-3, MinObjects=0, CPUs=4, Nodes=1
[    0.000000] Hierarchical RCU implementation.
[    0.000000] 	Build-time adjustment of leaf fanout to 32.
[    0.000000] 	RCU restricting CPUs from NR_CPUS=16 to nr_cpu_ids=4.
[    0.000000] RCU: Adjusting geometry for rcu_fanout_leaf=32, nr_cpu_ids=4
[    0.000000] NR_IRQS:16 nr_irqs:16 16
[    0.000000] /interrupt-controller@60004000: 160 interrupts forwarded to /interrupt-controller@50041000
[    0.000000] Tegra clk 127: register failed with -17
[    0.000003] sched_clock: 32 bits at 1000kHz, resolution 1000ns, wraps every 2147483647500ns
[    0.000011] clocksource: timer_us: mask: 0xffffffff max_cycles: 0xffffffff, max_idle_ns: 1911260446275 ns
[    0.000017] Switching to timer-based delay loop, resolution 1000ns
[    0.001695] arm_arch_timer: Architected cp15 timer(s) running at 12.00MHz (virt).
[    0.001701] clocksource: arch_sys_counter: mask: 0xffffffffffffff max_cycles: 0x2c47f4ee7, max_idle_ns: 440795202497 ns
[    0.001708] sched_clock: 56 bits at 12MHz, resolution 83ns, wraps every 4398046511096ns
[    0.001712] Switching to timer-based delay loop, resolution 83ns
[    0.001916] Console: colour dummy device 80x30
[    0.001932] Calibrating delay loop (skipped), value calculated using timer frequency.. 24.00 BogoMIPS (lpj=120000)
[    0.001937] pid_max: default: 32768 minimum: 301
[    0.001978] Mount-cache hash table entries: 2048 (order: 1, 8192 bytes)
[    0.001982] Mountpoint-cache hash table entries: 2048 (order: 1, 8192 bytes)
[    0.002177] CPU: Testing write buffer coherency: ok
[    0.002300] /cpus/cpu@0 missing clock-frequency property
[    0.002315] /cpus/cpu@1 missing clock-frequency property
[    0.002329] /cpus/cpu@2 missing clock-frequency property
[    0.002344] /cpus/cpu@3 missing clock-frequency property
[    0.002349] CPU0: thread -1, cpu 0, socket 0, mpidr 80000000
[    0.002430] Setting up static identity map for 0x80300000 - 0x80300098
[    0.003683] Tegra Revision: A01 SKU: 131 CPU Process: 1 SoC Process: 1
[    0.003903] EFI services will not be available.
[    0.004000] smp: Bringing up secondary CPUs ...
[    0.004240] CPU1: thread -1, cpu 1, socket 0, mpidr 80000001
[    0.011815] CPU2: thread -1, cpu 2, socket 0, mpidr 80000002
[    0.021814] CPU3: thread -1, cpu 3, socket 0, mpidr 80000003
[    0.031592] smp: Brought up 1 node, 4 CPUs
[    0.031599] SMP: Total of 4 processors activated (96.00 BogoMIPS).
[    0.031602] CPU: All CPU(s) started in SVC mode.
[    0.032142] devtmpfs: initialized
[    0.037769] VFP support v0.3: implementor 41 architecture 4 part 30 variant f rev 0
[    0.037957] clocksource: jiffies: mask: 0xffffffff max_cycles: 0xffffffff, max_idle_ns: 19112604462750000 ns
[    0.038478] pinctrl core: initialized pinctrl subsystem
[    0.039139] NET: Registered protocol family 16
[    0.039814] DMA: preallocated 256 KiB pool for atomic coherent allocations
[    0.061613] cpuidle: using governor menu
[    0.070599] No ATAGs?
[    0.070655] hw-breakpoint: found 5 (+1 reserved) breakpoint and 4 watchpoint registers.
[    0.070660] hw-breakpoint: maximum watchpoint size is 8 bytes.
[    0.073223] Serial: AMBA PL011 UART driver
[    0.073563] tegra-mc 70019000.memory-controller: no memory timings for RAM code 0 registered
[    0.103420] +5V_SYS: supplied by +VDD_MUX
[    0.103519] +3.3V_SYS: supplied by +VDD_MUX
[    0.103727] +VDD_LED: Failed to request enable GPIO122: -517
[    0.103733] reg-fixed-voltage regulators:regulator@5: Failed to register regulator: -517
[    0.103763] +5V_VDD_TS_SW: Failed to request enable GPIO81: -517
[    0.103767] reg-fixed-voltage regulators:regulator@6: Failed to register regulator: -517
[    0.103797] +5V_USB_HS: Failed to request enable GPIO108: -517
[    0.103801] reg-fixed-voltage regulators:regulator@7: Failed to register regulator: -517
[    0.103830] +5V_USB_SS: Failed to request enable GPIO109: -517
[    0.103834] reg-fixed-voltage regulators:regulator@8: Failed to register regulator: -517
[    0.103914] +1.05V_RUN_AVDD_HDMI_PLL: Failed to request enable GPIO63: -517
[    0.103918] reg-fixed-voltage regulators:regulator@11: Failed to register regulator: -517
[    0.103946] +5V_HDMI_CON: Failed to request enable GPIO86: -517
[    0.103950] reg-fixed-voltage regulators:regulator@12: Failed to register regulator: -517
[    0.105034] vgaarb: loaded
[    0.105311] SCSI subsystem initialized
[    0.105377] libata version 3.00 loaded.
[    0.105459] usbcore: registered new interface driver usbfs
[    0.105482] usbcore: registered new interface driver hub
[    0.105502] usbcore: registered new device driver usb
[    0.106784] pps_core: LinuxPPS API ver. 1 registered
[    0.106787] pps_core: Software ver. 5.3.6 - Copyright 2005-2007 Rodolfo Giometti <giometti@linux.it>
[    0.106794] PTP clock support registered
[    0.106860] EDAC MC: Ver: 3.0.0
[    0.107295] tegra-emc 7001b000.emc: no memory timings for RAM code 0 found in DT
[    0.107304] tegra-emc: probe of 7001b000.emc failed with error -2
[    0.107744] clocksource: Switched to clocksource arch_sys_counter
[    0.111026] NET: Registered protocol family 2
[    0.111220] TCP established hash table entries: 8192 (order: 3, 32768 bytes)
[    0.111253] TCP bind hash table entries: 8192 (order: 4, 65536 bytes)
[    0.111314] TCP: Hash tables configured (established 8192 bind 8192)
[    0.111336] UDP hash table entries: 512 (order: 2, 16384 bytes)
[    0.111350] UDP-Lite hash table entries: 512 (order: 2, 16384 bytes)
[    0.111406] NET: Registered protocol family 1
[    0.111520] RPC: Registered named UNIX socket transport module.
[    0.111523] RPC: Registered udp transport module.
[    0.111526] RPC: Registered tcp transport module.
[    0.111528] RPC: Registered tcp NFSv4.1 backchannel transport module.
[    0.111532] PCI: CLS 0 bytes, default 64
[    0.112012] hw perfevents: enabled with armv7_cortex_a15 PMU driver, 7 counters available
[    0.112483] futex hash table entries: 1024 (order: 4, 65536 bytes)
[    0.112732] workingset: timestamp_bits=30 max_order=19 bucket_order=0
[    0.115503] squashfs: version 4.0 (2009/01/31) Phillip Lougher
[    0.115749] NFS: Registering the id_resolver key type
[    0.115760] Key type id_resolver registered
[    0.115763] Key type id_legacy registered
[    0.115778] ntfs: driver 2.1.32 [Flags: R/O].
[    0.116364] bounce: pool size: 64 pages
[    0.116428] Block layer SCSI generic (bsg) driver version 0.4 loaded (major 248)
[    0.116432] io scheduler noop registered
[    0.116434] io scheduler deadline registered
[    0.116487] io scheduler cfq registered (default)
[    0.118138] tegra-xusb-padctl 7009f000.padctl: failed to setup XUSB ports: -517
[    0.127785] tegra-apbdma 60020000.dma: Tegra20 APB DMA driver register 32 channels
[    0.128472] tegra-pmc 7000e400.pmc: i2c-thermtrip node not found, emergency thermal reset disabled.
[    0.147876] Serial: 8250/16550 driver, 4 ports, IRQ sharing disabled
[    0.149026] console [ttyS0] disabled
[    0.149043] 70006000.serial: ttyS0 at MMIO 0x70006000 (irq = 333, base_baud = 25500000) is a Tegra
[    1.023697] console [ttyS0] enabled
[    1.027473] SuperH (H)SCI(F) driver initialized
[    1.032341] msm_serial: driver initialized
[    1.036486] STMicroelectronics ASC driver initialized
[    1.042915] [drm] Initialized
[    1.047004] tegra-hdmi 54280000.hdmi: failed to get HDMI regulator
[    1.053539] tegra-dpaux 545c0000.dpaux: failed to get VDD supply: -517
[    1.060818] panel supply power not found, using dummy regulator
[    1.070214] brd: module loaded
[    1.075147] loop: module loaded
[    1.079174] as3722 4-0040: AS3722 with revision 0x1 found
[    1.089138] as3722-sd2: supplied by +5V_SYS
[    1.093541] as3722-sd3: supplied by +5V_SYS
[    1.097867] +1.35V_LP0(sd3): Bringing 0uV into 1350000-1350000uV
[    1.104037] as3722-sd4: supplied by +5V_SYS
[    1.108380] +1.05V_RUN: Bringing 0uV into 1050000-1050000uV
[    1.114109] as3722-sd5: supplied by +5V_SYS
[    1.119710] as3722-ldo0: supplied by +1.35V_LP0(sd2)
[    1.125432] +1.8V_RUN_CAM: Bringing 0uV into 1800000-1800000uV
[    1.131457] as3722-ldo2: supplied by +1.8V_VDDIO
[    1.137067] as3722-ldo3: supplied by +3.3V_SYS
[    1.141525] +1.00V_LP0_VDD_RTC: Bringing 1100000uV into 1000000-1000000uV
[    1.149094] as3722-ldo4: supplied by +3.3V_SYS
[    1.153685] +3.3V_RUN_CAM: Bringing 0uV into 2800000-2800000uV
[    1.159701] as3722-ldo5: supplied by +1.8V_VDDIO
[    1.164464] +1.2V_RUN_CAM_FRONT: Bringing 0uV into 1200000-1200000uV
[    1.171150] +VDDIO_SDMMC3: Bringing 0uV into 1800000-1800000uV
[    1.177178] as3722-ldo7: supplied by +1.8V_VDDIO
[    1.181950] +1.05V_RUN_CAM_REAR: Bringing 0uV into 1050000-1050000uV
[    1.188501] as3722-ldo9: supplied by +5V_SYS
[    1.193061] +2.8V_RUN_TOUCH: Bringing 0uV into 2800000-2800000uV
[    1.199270] as3722-ldo10: supplied by +5V_SYS
[    1.203777] +2.8V_RUN_CAM_AF: Bringing 0uV into 2800000-2800000uV
[    1.210219] +1.8V_RUN_VPP_FUSE: Bringing 0uV into 1800000-1800000uV
[    1.222963] random: fast init done
[    1.228522] m25p80 spi32765.0: w25q32dw (4096 Kbytes)
[    1.234593] libphy: Fixed MDIO Bus: probed
[    1.239035] CAN device driver interface
[    1.243183] bgmac_bcma: Broadcom 47xx GBit MAC driver loaded
[    1.249307] e1000e: Intel(R) PRO/1000 Network Driver - 3.2.6-k
[    1.255123] e1000e: Copyright(c) 1999 - 2015 Intel Corporation.
[    1.261054] igb: Intel(R) Gigabit Ethernet Network Driver - version 5.4.0-k
[    1.268002] igb: Copyright (c) 2007-2014 Intel Corporation.
[    1.274790] pegasus: v0.9.3 (2013/04/25), Pegasus/Pegasus II USB Ethernet driver
[    1.282196] usbcore: registered new interface driver pegasus
[    1.287863] usbcore: registered new interface driver asix
[    1.293257] usbcore: registered new interface driver ax88179_178a
[    1.299350] usbcore: registered new interface driver cdc_ether
[    1.305184] usbcore: registered new interface driver smsc75xx
[    1.310938] usbcore: registered new interface driver smsc95xx
[    1.316678] usbcore: registered new interface driver net1080
[    1.322339] usbcore: registered new interface driver cdc_subset
[    1.328258] usbcore: registered new interface driver zaurus
[    1.333831] usbcore: registered new interface driver cdc_ncm
[    1.340127] ehci_hcd: USB 2.0 'Enhanced' Host Controller (EHCI) Driver
[    1.346636] ehci-pci: EHCI PCI platform driver
[    1.351084] ehci-platform: EHCI generic platform driver
[    1.356364] ehci-orion: EHCI orion driver
[    1.360417] SPEAr-ehci: EHCI SPEAr driver
[    1.364461] ehci-st: EHCI STMicroelectronics driver
[    1.369378] ehci-exynos: EHCI EXYNOS driver
[    1.373602] ehci-atmel: EHCI Atmel driver
[    1.377647] tegra-ehci: Tegra EHCI driver
[    1.381712] ohci_hcd: USB 1.1 'Open' Host Controller (OHCI) Driver
[    1.387886] ohci-pci: OHCI PCI platform driver
[    1.392327] ohci-platform: OHCI generic platform driver
[    1.397591] ohci-omap3: OHCI OMAP3 driver
[    1.401641] SPEAr-ohci: OHCI SPEAr driver
[    1.405685] ohci-st: OHCI STMicroelectronics driver
[    1.410602] ohci-atmel: OHCI Atmel driver
[    1.414853] usbcore: registered new interface driver usb-storage
[    1.421399] mousedev: PS/2 mouse device common for all mice
[    1.427303] 1-0015 supply vcc not found, using dummy regulator
[    1.433185] as3722-rtc as3722-rtc: rtc core: registered as3722-rtc as rtc0
[    1.440058] as3722-rtc as3722-rtc: RTC interrupt 372
[    1.446928] tegra_rtc 7000e000.rtc: rtc core: registered 7000e000.rtc as rtc1
[    1.454066] tegra_rtc 7000e000.rtc: Tegra internal Real Time Clock
[    1.460418] i2c /dev entries driver
[    1.466253] 0-004c supply vcc not found, using dummy regulator
[    1.476237] sdhci: Secure Digital Host Controller Interface driver
[    1.482411] sdhci: Copyright(c) Pierre Ossman
[    1.487303] Synopsys Designware Multimedia Card Interface Driver
[    1.493699] sdhci-pltfm: SDHCI platform and OF driver helper
[    1.499619] sdhci-tegra 700b0000.sdhci: allocated mmc-pwrseq
[    1.505375] sdhci-tegra 700b0400.sdhci: Got CD GPIO
[    1.510253] sdhci-tegra 700b0400.sdhci: Got WP GPIO
[    1.515234] mmc0: Unknown controller version (3). You may experience problems.
[    1.522473] mmc0: Invalid maximum block size, assuming 512 bytes
[    1.587751] mmc0: SDHCI controller on 700b0600.sdhci [700b0600.sdhci] using ADMA
[    1.595857] ledtrig-cpu: registered to indicate activity on CPUs
[    1.602049] usbcore: registered new interface driver usbhid
[    1.607612] usbhid: USB HID core driver
[    1.612756] NET: Registered protocol family 10
[    1.617518] Segment Routing with IPv6
[    1.621222] sit: IPv6, IPv4 and MPLS over IPv4 tunneling driver
[    1.627341] NET: Registered protocol family 17
[    1.631787] can: controller area network core (rev 20120528 abi 9)
[    1.637986] NET: Registered protocol family 29
[    1.642423] can: raw protocol (rev 20120528)
[    1.646685] can: broadcast manager protocol (rev 20161123 t)
[    1.652340] can: netlink gateway (rev 20130117) max_hops=1
[    1.657952] Key type dns_resolver registered
[    1.662423] ThumbEE CPU extension supported.
[    1.666688] Registering SWP/SWPB emulation handler
[    1.677232] +3.3V_RUN: supplied by +3.3V_SYS
[    1.678272] elan_i2c 1-0015: Elan Touchpad: Module ID: 0x002a, Firmware: 0x0005, Sample: 0x0007, IAP: 0x0009
[    1.691796] input: Elan Touchpad as /devices/soc0/7000c400.i2c/i2c-1/1-0015/input/input0
[    1.691989] +3.3V_AVDD_HDMI_AP_GATED: supplied by +3.3V_RUN
[    1.692035] +1.8V_RUN_CAM: supplied by +3.3V_RUN
[    1.692075] +VDDIO_SDMMC3: supplied by +3.3V_RUN
[    1.692113] +1.8V_RUN_VPP_FUSE: supplied by +3.3V_RUN
[    1.692404] +VDD_LED: supplied by +VDD_MUX
[    1.692644] +5V_VDD_TS_SW: supplied by +5V_SYS
[    1.692887] +5V_USB_HS: supplied by +5V_SYS
[    1.693126] +5V_USB_SS: supplied by +5V_SYS
[    1.714884] +3.3V_PANEL: supplied by +3.3V_RUN
[    1.732744] +3.3V_LP0: supplied by +3.3V_SYS
[    1.745684] elan_i2c 1-0015: failed to read report data: -121
[    1.746191] +1.05V_RUN_AVDD_HDMI_PLL: supplied by +1.05V_RUN
[    1.746707] +5V_HDMI_CON: supplied by +5V_SYS
[    1.748203] usb3-0 supply vbus not found, using dummy regulator
[    1.748283] usb3-1 supply vbus not found, using dummy regulator
[    1.753272] tegra-sor 54540000.sor: failed to probe output: -517
[    1.754032] panel supply power not found, using dummy regulator
[    1.755020] sdhci-tegra 700b0000.sdhci: allocated mmc-pwrseq
[    1.755119] mmc1: Unknown controller version (3). You may experience problems.
[    1.755164] mmc1: Invalid maximum block size, assuming 512 bytes
[    1.755659] mmc1: Switching to 3.3V signalling voltage failed
[    1.767553] mmc0: new high speed MMC card at address 0001
[    1.768146] mmcblk0: mmc0:0001 MMC16G 14.4 GiB 
[    1.780008] mmcblk0boot0: mmc0:0001 MMC16G partition 1 2.00 MiB
[    1.780272] mmcblk0boot1: mmc0:0001 MMC16G partition 2 2.00 MiB
[    1.780570] mmcblk0rpmb: mmc0:0001 MMC16G partition 3 128 KiB
[    1.785982]  mmcblk0: p1 p2 p3 p4 p5 p6 p7 p8 p9 p10 p11 p12
[    1.807882] mmc1: SDHCI controller on 700b0000.sdhci [700b0000.sdhci] using ADMA
[    1.808945] sdhci-tegra 700b0400.sdhci: Got CD GPIO
[    1.808955] sdhci-tegra 700b0400.sdhci: Got WP GPIO
[    1.809088] mmc2: Unknown controller version (3). You may experience problems.
[    1.809215] mmc2: Invalid maximum block size, assuming 512 bytes
[    1.850484] mmc1: new high speed SDIO card at address 0001
[    1.868098] mmc2: SDHCI controller on 700b0400.sdhci [700b0400.sdhci] using ADMA
[    1.896755] elan_i2c 1-0015: invalid report id data (ff)
[    1.965375] [drm] Supports vblank timestamp caching Rev 2 (21.10.2013).
[    1.971995] [drm] No driver support for vblank timestamp query.
[    2.019979] mmc2: new high speed SDHC card at address 0007
[    2.020244] mmcblk2: mmc2:0007 SD08G 7.42 GiB 
[    2.028641] GPT:Primary header alternate_lba != Alt. header my_lba
[    2.028645] GPT:3014591 != 15564799
[    2.028646] GPT:Primary header thinks Alt. header is not at the end of the disk.
[    2.028647] GPT:3014591 != 15564799
[    2.028648] GPT: Use GNU Parted to correct GPT errors.
[    2.028678]  mmcblk2: p1 p2 p3 p4 p5 p6 p7 p8 p9 p10 p11 p12
[    2.060746] Console: switching to colour frame buffer device 170x48
[    2.124853] drm drm: fb0:  frame buffer device
[    2.167845] [drm] Initialized tegra 0.0.0 20120330 on minor 0
[    2.174689] input: gpio-keys as /devices/soc0/gpio-keys/input/input1
[    2.182374] as3722-rtc as3722-rtc: setting system clock to 2000-01-01 00:00:23 UTC (946684823)
[    2.191502] +1.8V_RUN_CAM: disabling
[    2.195274] +3.3V_RUN_CAM: disabling
[    2.199127] +1.2V_RUN_CAM_FRONT: disabling
[    2.203422] +1.05V_RUN_CAM_REAR: disabling
[    2.207675] +2.8V_RUN_TOUCH: disabling
[    2.211656] +2.8V_RUN_CAM_AF: disabling
[    2.215647] +1.8V_RUN_VPP_FUSE: disabling
[    2.219893] +5V_VDD_TS_SW: disabling
[    2.223465] +5V_USB_HS: disabling
[    2.226775] +5V_USB_SS: disabling
[    2.230995] EXT4-fs (mmcblk0p3): couldn't mount as ext3 due to feature incompatibilities
[    2.239647] EXT4-fs (mmcblk0p3): couldn't mount as ext2 due to feature incompatibilities
[    2.716393] EXT4-fs (mmcblk0p3): recovery complete
[    2.721935] EXT4-fs (mmcblk0p3): mounted filesystem with ordered data mode. Opts: (null)
[    2.730065] VFS: Mounted root (ext4 filesystem) on device 179:3.
[    2.736751] devtmpfs: mounted
[    2.740442] Freeing unused kernel memory: 2048K
bash: cannot set terminal process group (-1): Inappropriate ioctl for device
bash: no job control in this shell
root@(none):/# mount -t sysfs none /sys
root@(none):/# 
root@(none):/# mount -t debugfs none /sys/kernel/debug
root@(none):/# 
root@(none):/# rtcwake -d rtc1 -m mem -s 3
rtcwake: assuming RTC uses UTC ...
rtcwake: wakeup from "mem" using /dev/rtc1 at Thu Jan  1 00:00:28 1970
[    5.789503] PM: Syncing filesystems ... done.
[    5.810441] Freezing user space processes ... (elapsed 0.001 seconds) done.
[    5.818594] Freezing remaining freezable tasks ... (elapsed 0.001 seconds) done.
[    5.827183] Suspending console(s) (use no_console_suspend to debug)
[    5.873961] PM: suspend of devices complete after 39.939 msecs
[    5.875374] PM: late suspend of devices complete after 1.403 msecs
[    5.876334] PM: noirq suspend of devices complete after 0.955 msecs
[    5.876335] Disabling non-boot CPUs ...
[    5.876741] CPU1: shutdown
[    5.968776] IRQ17 no longer affine to CPU2
[    5.968959] CPU2: shutdown
[    6.028734] CPU3: shutdown
[    6.058377] Entering suspend state LP1
[    6.058377] Suspended for 3.063 seconds
[    6.058387] Enabling non-boot CPUs ...
[    6.088353] CPU1 is up
[    6.128321] CPU2 is up
[    6.168394] CPU3 is up
[    6.168860] PM: noirq resume of devices complete after 0.462 msecs
[    6.169984] PM: early resume of devices complete after 0.819 msecs
[    6.326791] mmc1: Switching to 3.3V signalling voltage failed
[    6.577775] tegra-sor 54540000.sor: failed to attach SOR: -110
[    6.614409] PM: resume of devices complete after 444.418 msecs
[    6.698080] Restarting tasks ... done.
root@(none):/# 
root@(none):/# rtcwake -d rtc1 -m mem -s 3
rtcwake: assuming RTC uses UTC ...
rtcwake: wakeup from "mem" using /dev/rtc1 at Thu Jan  1 00:00:33 1970
[    7.807481] PM: Syncing filesystems ... done.
[    7.831226] Freezing user space processes ... (elapsed 0.001 seconds) done.
[    7.839290] Freezing remaining freezable tasks ... (elapsed 0.001 seconds) done.
[    7.847795] Suspending console(s) (use no_console_suspend to debug)
[    7.893366] PM: suspend of devices complete after 38.816 msecs
[    7.894739] PM: late suspend of devices complete after 1.363 msecs
[    7.895693] PM: noirq suspend of devices complete after 0.949 msecs
[    7.895695] Disabling non-boot CPUs ...
[    7.895898] IRQ17 no longer affine to CPU1
[    7.896060] CPU1: shutdown
[    7.958709] CPU2: shutdown
[    8.018637] CPU3: shutdown
[    8.068160] Entering suspend state LP1
[    8.068160] Suspended for 2.990 seconds
[    8.068170] Enabling non-boot CPUs ...
[    8.098310] CPU1 is up
[    8.138294] CPU2 is up
[    8.178368] CPU3 is up
[    8.178835] PM: noirq resume of devices complete after 0.462 msecs
[    8.179992] PM: early resume of devices complete after 0.828 msecs
[    8.336875] mmc1: Switching to 3.3V signalling voltage failed
[    8.587753] tegra-sor 54540000.sor: failed to attach SOR: -110
[    8.624629] PM: resume of devices complete after 444.631 msecs
[    8.708315] Restarting tasks ... done.
root@(none):/# 
root@(none):/# rtcwake -d rtc1 -m mem -s 3
rtcwake: assuming RTC uses UTC ...
rtcwake: wakeup from "mem" using /dev/rtc1 at Thu Jan  1 00:00:38 1970
[    9.817545] PM: Syncing filesystems ... done.
[    9.841428] Freezing user space processes ... (elapsed 0.001 seconds) done.
[    9.849593] Freezing remaining freezable tasks ... (elapsed 0.001 seconds) done.
[    9.858219] Suspending console(s) (use no_console_suspend to debug)
[    9.904053] PM: suspend of devices complete after 39.019 msecs
[    9.905315] PM: late suspend of devices complete after 1.254 msecs
[    9.906184] PM: noirq suspend of devices complete after 0.865 msecs
[    9.906186] Disabling non-boot CPUs ...
[    9.906553] CPU1: shutdown
[    9.978505] IRQ17 no longer affine to CPU2
[    9.978688] CPU2: shutdown
[   10.018612] CPU3: shutdown
[   10.048189] Entering suspend state LP1
[   10.048189] Suspended for 3.019 seconds
[   10.048199] Enabling non-boot CPUs ...
[   10.078286] CPU1 is up
[   10.118260] CPU2 is up
[   10.158341] CPU3 is up
[   10.158811] PM: noirq resume of devices complete after 0.465 msecs
[   10.160117] PM: early resume of devices complete after 0.988 msecs
[   10.316959] mmc1: Switching to 3.3V signalling voltage failed
[   10.567688] tegra-sor 54540000.sor: failed to attach SOR: -110
[   10.604600] PM: resume of devices complete after 444.477 msecs
[   10.688279] Restarting tasks ... done.
root@(none):/# 
root@(none):/# rtcwake -d rtc1 -m mem -s 3
rtcwake: assuming RTC uses UTC ...
rtcwake: wakeup from "mem" using /dev/rtc1 at Thu Jan  1 00:00:43 1970
[   11.797196] PM: Syncing filesystems ... done.
[   11.821349] Freezing user space processes ... (elapsed 0.001 seconds) done.
[   11.829508] Freezing remaining freezable tasks ... (elapsed 0.001 seconds) done.
[   11.838113] Suspending console(s) (use no_console_suspend to debug)
[   11.884221] PM: suspend of devices complete after 39.300 msecs
[   11.885753] PM: late suspend of devices complete after 1.522 msecs
[   11.886707] PM: noirq suspend of devices complete after 0.950 msecs
[   11.886709] Disabling non-boot CPUs ...
[   11.887070] CPU1: shutdown
[   11.948668] CPU2: shutdown
[   12.008597] CPU3: shutdown
[   12.058101] Entering suspend state LP1
[   12.058101] Suspended for 2.989 seconds
[   12.058111] Enabling non-boot CPUs ...
[   12.088259] CPU1 is up
[   12.128235] CPU2 is up
[   12.168312] CPU3 is up
[   12.168775] PM: noirq resume of devices complete after 0.459 msecs
[   12.170223] PM: early resume of devices complete after 1.150 msecs
[   12.326716] mmc1: Switching to 3.3V signalling voltage failed
[   12.577707] tegra-sor 54540000.sor: failed to attach SOR: -110
[   12.614579] PM: resume of devices complete after 444.349 msecs
[   12.694179] Restarting tasks ... done.
root@(none):/# 
root@(none):/# rtcwake -d rtc1 -m mem -s 3
rtcwake: assuming RTC uses UTC ...
rtcwake: wakeup from "mem" using /dev/rtc1 at Thu Jan  1 00:00:48 1970
[   13.807488] PM: Syncing filesystems ... done.
[   13.831382] Freezing user space processes ... (elapsed 0.001 seconds) done.
[   13.839549] Freezing remaining freezable tasks ... (elapsed 0.001 seconds) done.
[   13.848178] Suspending console(s) (use no_console_suspend to debug)
[   13.894935] PM: suspend of devices complete after 39.947 msecs
[   13.896021] PM: late suspend of devices complete after 1.081 msecs
[   13.896873] PM: noirq suspend of devices complete after 0.848 msecs
[   13.896874] Disabling non-boot CPUs ...
[   13.897243] CPU1: shutdown
[   13.958446] IRQ17 no longer affine to CPU2
[   13.958628] CPU2: shutdown
[   14.018534] CPU3: shutdown
[   14.078133] Entering suspend state LP1
[   14.078133] Suspended for 2.979 seconds
[   14.078143] Enabling non-boot CPUs ...
[   14.108232] CPU1 is up
[   14.148207] CPU2 is up
[   14.188286] CPU3 is up
[   14.188751] PM: noirq resume of devices complete after 0.460 msecs
[   14.190110] PM: early resume of devices complete after 1.067 msecs
[   14.346892] mmc1: Switching to 3.3V signalling voltage failed
[   14.597702] tegra-sor 54540000.sor: failed to attach SOR: -110
[   14.634558] PM: resume of devices complete after 444.443 msecs
[   14.718230] Restarting tasks ... done.
root@(none):/# 
root@(none):/# rtcwake -d rtc1 -m mem -s 3
rtcwake: assuming RTC uses UTC ...
rtcwake: wakeup from "mem" using /dev/rtc1 at Thu Jan  1 00:00:53 1970
[   15.826854] PM: Syncing filesystems ... done.
[   15.851375] Freezing user space processes ... (elapsed 0.001 seconds) done.
[   15.859533] Freezing remaining freezable tasks ... (elapsed 0.001 seconds) done.
[   15.868155] Suspending console(s) (use no_console_suspend to debug)
[   15.914816] PM: suspend of devices complete after 39.858 msecs
[   15.916293] PM: late suspend of devices complete after 1.466 msecs
[   15.917241] PM: noirq suspend of devices complete after 0.944 msecs
[   15.917243] Disabling non-boot CPUs ...
[   15.917621] CPU1: shutdown
[   15.978420] IRQ17 no longer affine to CPU2
[   15.978611] CPU2: shutdown
[   16.018523] CPU3: shutdown
[   16.068047] Entering suspend state LP1
[   16.068047] Suspended for 3.010 seconds
[   16.068057] Enabling non-boot CPUs ...
[   16.098195] CPU1 is up
[   16.138176] CPU2 is up
[   16.178259] CPU3 is up
[   16.178723] PM: noirq resume of devices complete after 0.460 msecs
[   16.180178] PM: early resume of devices complete after 1.154 msecs
[   16.337644] mmc1: Switching to 3.3V signalling voltage failed
[   16.597697] tegra-sor 54540000.sor: failed to attach SOR: -110
[   16.625353] PM: resume of devices complete after 445.166 msecs
[   16.709161] Restarting tasks ... done.
root@(none):/# 
root@(none):/# rtcwake -d rtc1 -m mem -s 3
rtcwake: assuming RTC uses UTC ...
rtcwake: wakeup from "mem" using /dev/rtc1 at Thu Jan  1 00:00:58 1970
[   17.817443] PM: Syncing filesystems ... done.
[   17.842077] Freezing user space processes ... (elapsed 0.001 seconds) done.
[   17.850251] Freezing remaining freezable tasks ... (elapsed 0.001 seconds) done.
[   17.858880] Suspending console(s) (use no_console_suspend to debug)
[   17.905665] PM: suspend of devices complete after 39.973 msecs
[   17.907141] PM: late suspend of devices complete after 1.467 msecs
[   17.908115] PM: noirq suspend of devices complete after 0.970 msecs
[   17.908117] Disabling non-boot CPUs ...
[   17.908480] CPU1: shutdown
[   17.948574] CPU2: shutdown
[   18.008503] CPU3: shutdown
[   18.058033] Entering suspend state LP1
[   18.058033] Suspended for 3.009 seconds
[   18.058043] Enabling non-boot CPUs ...
[   18.088170] CPU1 is up
[   18.128155] CPU2 is up
[   18.168237] CPU3 is up
[   18.168708] PM: noirq resume of devices complete after 0.465 msecs
[   18.170055] PM: early resume of devices complete after 1.045 msecs
[   18.326862] mmc1: Switching to 3.3V signalling voltage failed
[   18.577634] tegra-sor 54540000.sor: failed to attach SOR: -110
[   18.614481] PM: resume of devices complete after 444.420 msecs
[   18.694077] Restarting tasks ... done.
root@(none):/# 
root@(none):/# rtcwake -d rtc1 -m mem -s 3
rtcwake: assuming RTC uses UTC ...
rtcwake: wakeup from "mem" using /dev/rtc1 at Thu Jan  1 00:01:03 1970
[   19.807407] PM: Syncing filesystems ... done.
[   19.831279] Freezing user space processes ... (elapsed 0.001 seconds) done.
[   19.839450] Freezing remaining freezable tasks ... (elapsed 0.001 seconds) done.
[   19.848079] Suspending console(s) (use no_console_suspend to debug)
[   19.893770] PM: suspend of devices complete after 38.881 msecs
[   19.895144] PM: late suspend of devices complete after 1.365 msecs
[   19.896095] PM: noirq suspend of devices complete after 0.948 msecs
[   19.896097] Disabling non-boot CPUs ...
[   19.896449] CPU1: shutdown
[   19.958616] CPU2: shutdown
[   20.018439] CPU3: shutdown
[   20.068027] Entering suspend state LP1
[   20.068027] Suspended for 2.989 seconds
[   20.068037] Enabling non-boot CPUs ...
[   20.098145] CPU1 is up
[   20.138129] CPU2 is up
[   20.178207] CPU3 is up
[   20.178673] PM: noirq resume of devices complete after 0.462 msecs
[   20.180097] PM: early resume of devices complete after 1.129 msecs
[   20.336683] mmc1: Switching to 3.3V signalling voltage failed
[   20.587523] tegra-sor 54540000.sor: failed to attach SOR: -110
[   20.624527] PM: resume of devices complete after 444.424 msecs
[   20.704032] Restarting tasks ... done.
root@(none):/# 
root@(none):/# rtcwake -d rtc1 -m mem -s 3
rtcwake: assuming RTC uses UTC ...
rtcwake: wakeup from "mem" using /dev/rtc1 at Thu Jan  1 00:01:08 1970
[   21.817381] PM: Syncing filesystems ... done.
[   21.841329] Freezing user space processes ... (elapsed 0.001 seconds) done.
[   21.849497] Freezing remaining freezable tasks ... (elapsed 0.001 seconds) done.
[   21.858121] Suspending console(s) (use no_console_suspend to debug)
[   21.904850] PM: suspend of devices complete after 39.920 msecs
[   21.906252] PM: late suspend of devices complete after 1.393 msecs
[   21.907137] PM: noirq suspend of devices complete after 0.881 msecs
[   21.907139] Disabling non-boot CPUs ...
[   21.907530] CPU1: shutdown
[   21.968544] CPU2: shutdown
[   22.048269] IRQ17 no longer affine to CPU3
[   22.048440] CPU3: shutdown
[   22.097979] Entering suspend state LP1
[   22.097979] Suspended for 2.969 seconds
[   22.097990] Enabling non-boot CPUs ...
[   22.128110] CPU1 is up
[   22.168102] CPU2 is up
[   22.208175] CPU3 is up
[   22.208651] PM: noirq resume of devices complete after 0.471 msecs
[   22.209854] PM: early resume of devices complete after 0.897 msecs
[   22.366842] mmc1: Switching to 3.3V signalling voltage failed
[   22.617518] tegra-sor 54540000.sor: failed to attach SOR: -110
[   22.654370] PM: resume of devices complete after 444.510 msecs
[   22.738046] Restarting tasks ... done.
root@(none):/# 
root@(none):/# rtcwake -d rtc1 -m mem -s 3
rtcwake: assuming RTC uses UTC ...
rtcwake: wakeup from "mem" using /dev/rtc1 at Thu Jan  1 00:01:13 1970
[   23.847343] PM: Syncing filesystems ... done.
[   23.871240] Freezing user space processes ... (elapsed 0.001 seconds) done.
[   23.879313] Freezing remaining freezable tasks ... (elapsed 0.001 seconds) done.
[   23.887923] Suspending console(s) (use no_console_suspend to debug)
[   23.934694] PM: suspend of devices complete after 39.962 msecs
[   23.936168] PM: late suspend of devices complete after 1.465 msecs
[   23.937140] PM: noirq suspend of devices complete after 0.968 msecs
[   23.937143] Disabling non-boot CPUs ...
[   23.937346] IRQ17 no longer affine to CPU1
[   23.937534] CPU1: shutdown
[   24.018525] CPU2: shutdown
[   24.078422] CPU3: shutdown
[   24.127967] Entering suspend state LP1
[   24.127967] Suspended for 2.969 seconds
[   24.127977] Enabling non-boot CPUs ...
[   24.158099] CPU1 is up
[   24.198087] CPU2 is up
[   24.238165] CPU3 is up
[   24.238636] PM: noirq resume of devices complete after 0.467 msecs
[   24.240015] PM: early resume of devices complete after 1.072 msecs
[   24.397732] mmc1: Switching to 3.3V signalling voltage failed
[   24.657515] tegra-sor 54540000.sor: failed to attach SOR: -110
[   24.685393] PM: resume of devices complete after 445.372 msecs
[   24.769077] Restarting tasks ... done.
root@(none):/# 
root@(none):/# NVTB SYSTEM SUSPEND TEST COMPLETE
