
U-Boot SPL 2016.05-rc2 (Apr 21 2016 - 16:23:00)
Trying to boot from RAM


U-Boot 2016.05-rc2 (Apr 21 2016 - 16:23:00 -0700)

TEGRA124
Model: NVIDIA Jetson TK1
Board: NVIDIA Jetson TK1
DRAM:  2 GiB
MC:   Tegra SD/MMC: 0, Tegra SD/MMC: 1
In:    serial
Out:   serial
Err:   serial
Net:   No ethernet found.
Hit any key to stop autoboot:  2  0 
Tegra124 (Jetson TK1) # 
Tegra124 (Jetson TK1) # pci enum
Tegra124 (Jetson TK1) # setenv bootargs 'ignore_loglevel console=ttyS0,115200n8 rw root=PARTUUID=b1791faa-84e8-4e27-83a1-9fb0a77e8803 rootwait gpt debug noinitrd earlyprintk init=/bin/bash'
Tegra124 (Jetson TK1) # setenv ipaddr 192.168.100.102; setenv serverip 192.168.100.1; setenv tftpserverip 192.168.100.1
Tegra124 (Jetson TK1) # tftpboot 0x82000000 zImage.tegra_defconfig%tegra-fw

Warning: eth_rtl8169 using MAC address from ROM
Using eth_rtl8169 device
TFTP from server 192.168.100.1; our IP address is 192.168.100.102
Filename 'zImage.tegra_defconfig%tegra-fw'.
Load address: 0x82000000
Loading: *#################################################################
	 #################################################################
	 #################################################################
	 #################################################################
	 #################################################################
	 #################################################################
	 ############################################
	 3.9 MiB/s
done
Bytes transferred = 6360056 (610bf8 hex)
Tegra124 (Jetson TK1) # tftpboot 0x83000000 tegra124-jetson-tk1.dtb
Using eth_rtl8169 device
TFTP from server 192.168.100.1; our IP address is 192.168.100.102
Filename 'tegra124-jetson-tk1.dtb'.
Load address: 0x83000000
Loading: *#####
	 3.7 MiB/s
done
Bytes transferred = 66544 (103f0 hex)
Tegra124 (Jetson TK1) # bootz 0x82000000 - 0x83000000
Kernel image @ 0x82000000 [ 0x000000 - 0x610bf8 ]
## Flattened Device Tree blob at 83000000
   Booting using the fdt blob at 0x83000000
   Using Device Tree in place at 83000000, end 830133ef

Starting kernel ...

[    0.000000] Booting Linux on physical CPU 0x0
[    0.000000] Linux version 4.15.0-rc4-next-20171221-222604-g0e08c46 (jonathanh@sellafield) (gcc version 4.7.3 20130328 (prerelease) (crosstool-NG linaro-1.13.1-4.7-2013.04-20130415 - Linaro GCC 2013.04)) #1 SMP PREEMPT Wed Dec 20 21:04:12 PST 2017
[    0.000000] CPU: ARMv7 Processor [413fc0f3] revision 3 (ARMv7), cr=10c5387d
[    0.000000] CPU: div instructions available: patching division code
[    0.000000] CPU: PIPT / VIPT nonaliasing data cache, PIPT instruction cache
[    0.000000] OF: fdt: Machine model: NVIDIA Tegra124 Jetson TK1
[    0.000000] debug: ignoring loglevel setting.
[    0.000000] bootconsole [earlycon0] enabled
[    0.000000] Memory policy: Data cache writealloc
[    0.000000] cma: Reserved 64 MiB at 0xfbc00000
[    0.000000] On node 0 totalpages: 524032
[    0.000000]   Normal zone: 1536 pages used for memmap
[    0.000000]   Normal zone: 0 pages reserved
[    0.000000]   Normal zone: 196608 pages, LIFO batch:31
[    0.000000]   HighMem zone: 327424 pages, LIFO batch:31
[    0.000000] random: fast init done
[    0.000000] percpu: Embedded 17 pages/cpu @(ptrval) s39104 r8192 d22336 u69632
[    0.000000] pcpu-alloc: s39104 r8192 d22336 u69632 alloc=17*4096
[    0.000000] pcpu-alloc: [0] 0 [0] 1 [0] 2 [0] 3 
[    0.000000] Built 1 zonelists, mobility grouping on.  Total pages: 522496
[    0.000000] Kernel command line: ignore_loglevel console=ttyS0,115200n8 rw root=PARTUUID=b1791faa-84e8-4e27-83a1-9fb0a77e8803 rootwait gpt debug noinitrd earlyprintk init=/bin/bash
[    0.000000] Dentry cache hash table entries: 131072 (order: 7, 524288 bytes)
[    0.000000] Inode-cache hash table entries: 65536 (order: 6, 262144 bytes)
[    0.000000] Memory: 1997468K/2096128K available (9216K kernel code, 780K rwdata, 2836K rodata, 1024K init, 298K bss, 33124K reserved, 65536K cma-reserved, 1244160K highmem)
[    0.000000] Virtual kernel memory layout:
[    0.000000]     vector  : 0xffff0000 - 0xffff1000   (   4 kB)
[    0.000000]     fixmap  : 0xffc00000 - 0xfff00000   (3072 kB)
[    0.000000]     vmalloc : 0xf0800000 - 0xff800000   ( 240 MB)
[    0.000000]     lowmem  : 0xc0000000 - 0xf0000000   ( 768 MB)
[    0.000000]     pkmap   : 0xbfe00000 - 0xc0000000   (   2 MB)
[    0.000000]     modules : 0xbf000000 - 0xbfe00000   (  14 MB)
[    0.000000]       .text : 0x(ptrval) - 0x(ptrval)   (10208 kB)
[    0.000000]       .init : 0x(ptrval) - 0x(ptrval)   (1024 kB)
[    0.000000]       .data : 0x(ptrval) - 0x(ptrval)   ( 781 kB)
[    0.000000]        .bss : 0x(ptrval) - 0x(ptrval)   ( 299 kB)
[    0.000000] Preemptible hierarchical RCU implementation.
[    0.000000] 	Tasks RCU enabled.
[    0.000000] NR_IRQS: 16, nr_irqs: 16, preallocated irqs: 16
[    0.000000] /interrupt-controller@60004000: 160 interrupts forwarded to /interrupt-controller@50041000
[    0.000000] Tegra clk 127: register failed with -17
[    0.000008] sched_clock: 32 bits at 1000kHz, resolution 1000ns, wraps every 2147483647500ns
[    0.007470] clocksource: timer_us: mask: 0xffffffff max_cycles: 0xffffffff, max_idle_ns: 1911260446275 ns
[    0.016997] Switching to timer-based delay loop, resolution 1000ns
[    0.024168] arch_timer: cp15 timer(s) running at 12.00MHz (virt).
[    0.029222] clocksource: arch_sys_counter: mask: 0xffffffffffffff max_cycles: 0x2c47f4ee7, max_idle_ns: 440795202497 ns
[    0.039968] sched_clock: 56 bits at 12MHz, resolution 83ns, wraps every 4398046511096ns
[    0.047936] Switching to timer-based delay loop, resolution 83ns
[    0.054404] Console: colour dummy device 80x30
[    0.058352] Calibrating delay loop (skipped), value calculated using timer frequency.. 24.00 BogoMIPS (lpj=120000)
[    0.068660] pid_max: default: 32768 minimum: 301
[    0.073745] Mount-cache hash table entries: 2048 (order: 1, 8192 bytes)
[    0.079846] Mountpoint-cache hash table entries: 2048 (order: 1, 8192 bytes)
[    0.087692] CPU: Testing write buffer coherency: ok
[    0.092018] /cpus/cpu@0 missing clock-frequency property
[    0.097019] /cpus/cpu@1 missing clock-frequency property
[    0.102328] /cpus/cpu@2 missing clock-frequency property
[    0.107593] /cpus/cpu@3 missing clock-frequency property
[    0.112865] CPU0: thread -1, cpu 0, socket 0, mpidr 80000000
[    0.152983] Setting up static identity map for 0x80100000 - 0x801000a0
[    0.157737] Hierarchical SRCU implementation.
[    0.173507] Tegra Revision: A01 SKU: 129 CPU Process: 1 SoC Process: 1
[    0.193003] smp: Bringing up secondary CPUs ...
[    0.243631] CPU1: thread -1, cpu 1, socket 0, mpidr 80000001
[    0.323746] CPU2: thread -1, cpu 2, socket 0, mpidr 80000002
[    0.403862] CPU3: thread -1, cpu 3, socket 0, mpidr 80000003
[    0.413438] smp: Brought up 1 node, 4 CPUs
[    0.432526] SMP: Total of 4 processors activated (96.00 BogoMIPS).
[    0.438694] CPU: All CPU(s) started in SVC mode.
[    0.445128] devtmpfs: initialized
[    0.466601] Built 1 zonelists, mobility grouping on.  Total pages: 515751
[    0.471864] VFP support v0.3: implementor 41 architecture 4 part 30 variant f rev 0
[    0.479442] clocksource: jiffies: mask: 0xffffffff max_cycles: 0xffffffff, max_idle_ns: 19112604462750000 ns
[    0.488922] futex hash table entries: 1024 (order: 4, 65536 bytes)
[    0.495313] pinctrl core: initialized pinctrl subsystem
[    0.501461] NET: Registered protocol family 16
[    0.505918] DMA: preallocated 256 KiB pool for atomic coherent allocations
[    0.512982] cpuidle: using governor menu
[    0.538752] No ATAGs?
[    0.538888] hw-breakpoint: found 5 (+1 reserved) breakpoint and 4 watchpoint registers.
[    0.547249] hw-breakpoint: maximum watchpoint size is 8 bytes.
[    0.555004] iommu: Adding device 50000000.host1x to group 0
[    0.558772] iommu: Adding device 54200000.dc to group 1
[    0.563916] iommu: Adding device 54240000.dc to group 1
[    0.569157] iommu: Adding device 57000000.gpu to group 2
[    0.591678] +5V_SYS: supplied by +VDD_MUX
[    0.594170] +3.3V_SYS: supplied by +VDD_MUX
[    0.598736] +USB0_VBUS_SW: Failed to request enable GPIO108: -517
[    0.604046] reg-fixed-voltage regulators:regulator@7: Failed to register regulator: -517
[    0.612172] +5V_USB_HS: Failed to request enable GPIO109: -517
[    0.617896] reg-fixed-voltage regulators:regulator@8: Failed to register regulator: -517
[    0.626133] +1.05V_RUN_AVDD_HDMI_PLL: Failed to request enable GPIO63: -517
[    0.632925] reg-fixed-voltage regulators:regulator@11: Failed to register regulator: -517
[    0.641119] +5V_HDMI_CON: Failed to request enable GPIO86: -517
[    0.646935] reg-fixed-voltage regulators:regulator@12: Failed to register regulator: -517
[    0.655160] +5V_SATA: Failed to request enable GPIO242: -517
[    0.660709] reg-fixed-voltage regulators:regulator@13: Failed to register regulator: -517
[    0.668935] +12V_SATA: Failed to request enable GPIO242: -517
[    0.674579] reg-fixed-voltage regulators:regulator@14: Failed to register regulator: -517
[    0.684022] vgaarb: loaded
[    0.686185] SCSI subsystem initialized
[    0.689355] libata version 3.00 loaded.
[    0.693259] usbcore: registered new interface driver usbfs
[    0.698479] usbcore: registered new interface driver hub
[    0.703770] usbcore: registered new device driver usb
[    0.711958] Linux video capture interface: v2.00
[    0.714737] pps_core: LinuxPPS API ver. 1 registered
[    0.719626] pps_core: Software ver. 5.3.6 - Copyright 2005-2007 Rodolfo Giometti <giometti@linux.it>
[    0.728742] PTP clock support registered
[    0.734065] Advanced Linux Sound Architecture Driver Initialized.
[    0.739332] Bluetooth: Core ver 2.22
[    0.742275] NET: Registered protocol family 31
[    0.746671] Bluetooth: HCI device and connection manager initialized
[    0.752976] Bluetooth: HCI socket layer initialized
[    0.757855] Bluetooth: L2CAP socket layer initialized
[    0.762884] Bluetooth: SCO socket layer initialized
[    0.768359] clocksource: Switched to clocksource arch_sys_counter
[    0.864941] NET: Registered protocol family 2
[    0.868417] tcp_listen_portaddr_hash hash table entries: 512 (order: 0, 6144 bytes)
[    0.875078] TCP established hash table entries: 8192 (order: 3, 32768 bytes)
[    0.882150] TCP bind hash table entries: 8192 (order: 4, 65536 bytes)
[    0.888648] TCP: Hash tables configured (established 8192 bind 8192)
[    0.895262] UDP hash table entries: 512 (order: 2, 16384 bytes)
[    0.900732] UDP-Lite hash table entries: 512 (order: 2, 16384 bytes)
[    0.907319] NET: Registered protocol family 1
[    0.912076] RPC: Registered named UNIX socket transport module.
[    0.917221] RPC: Registered udp transport module.
[    0.921929] RPC: Registered tcp transport module.
[    0.926581] RPC: Registered tcp NFSv4.1 backchannel transport module.
[    0.933628] PCI: CLS 0 bytes, default 64
[    0.938769] hw perfevents: enabled with armv7_cortex_a15 PMU driver, 7 counters available
[    0.946812] Initialise system trusted keyrings
[    0.949665] workingset: timestamp_bits=30 max_order=19 bucket_order=0
[    0.957248] squashfs: version 4.0 (2009/01/31) Phillip Lougher
[    0.962492] NFS: Registering the id_resolver key type
[    0.966734] Key type id_resolver registered
[    0.970925] Key type id_legacy registered
[    0.980070] Key type asymmetric registered
[    0.982257] Asymmetric key parser 'x509' registered
[    0.987243] bounce: pool size: 64 pages
[    0.991007] io scheduler noop registered (default)
[    0.995691] io scheduler mq-deadline registered
[    1.000216] io scheduler kyber registered
[    1.006028]  usb2-0: usb2-0 supply vbus not found, using dummy regulator
[    1.011021]  usb2-1: usb2-1 supply vbus not found, using dummy regulator
[    1.017948] tegra-xusb-padctl 7009f000.padctl: failed to setup XUSB ports: -517
[    1.034174] tegra-pcie 1003000.pcie: 2x1, 1x1 configuration
[    1.037877] tegra-pcie 1003000.pcie: Failed to get supply 'avddio-pex': -517
[    1.047779] tegra124-dfll 70110000.clock: couldn't get vdd_cpu regulator
[    1.058538] tegra-apbdma 60020000.dma: Tegra20 APB DMA driver register 32 channels
[    1.065488] tegra-pmc 7000e400.pmc: emergency thermal reset enabled
[    1.071095] Serial: 8250/16550 driver, 4 ports, IRQ sharing disabled
[    1.078690] console [ttyS0] disabled
[    1.080400] 70006300.serial: ttyS0 at MMIO 0x70006300 (irq = 335, base_baud = 25500000) is a Tegra
[    1.089351] console [ttyS0] enabled
[    1.089351] console [ttyS0] enabled
[    1.095526] bootconsole [earlycon0] disabled
[    1.095526] bootconsole [earlycon0] disabled
[    1.104937] 70006000.serial: ttyTHS1 at MMIO 0x70006000 (irq = 333, base_baud = 0) is a TEGRA_UART
[    1.116334] 70006040.serial: ttyTHS2 at MMIO 0x70006040 (irq = 334, base_baud = 0) is a TEGRA_UART
[    1.145108] tegra-hdmi 54280000.hdmi: failed to get HDMI regulator
[    1.164933] loop: module loaded
[    1.169538] at24 0-0056: 256 byte 24c02 EEPROM, writable, 8 bytes/write
[    1.176951] as3722 4-0040: AS3722 with revision 0x1 found
[    1.189187] as3722-sd2: supplied by +5V_SYS
[    1.193860] as3722-sd3: supplied by +5V_SYS
[    1.198280] +1.35V_LP0(sd3): Bringing 0uV into 1350000-1350000uV
[    1.204681] as3722-sd4: supplied by +5V_SYS
[    1.209370] as3722-sd5: supplied by +5V_SYS
[    1.215460] as3722-ldo0: supplied by +1.35V_LP0(sd2)
[    1.221569] +1.8V_RUN_CAM: Bringing 0uV into 1800000-1800000uV
[    1.227807] as3722-ldo2: supplied by +1.8V_VDDIO
[    1.233844] as3722-ldo3: supplied by +3.3V_SYS
[    1.238374] +1.05V_LP0_VDD_RTC: Bringing 1100000uV into 1000000-1000000uV
[    1.246179] as3722-ldo4: supplied by +3.3V_SYS
[    1.250873] +2.8V_RUN_CAM: Bringing 0uV into 2800000-2800000uV
[    1.257115] as3722-ldo5: supplied by +1.8V_VDDIO
[    1.261984] +1.2V_RUN_CAM_FRONT: Bringing 0uV into 1200000-1200000uV
[    1.268954] +VDDIO_SDMMC3: bypassed regulator has no supply!
[    1.274607] +VDDIO_SDMMC3: failed to get the current voltage(-517)
[    1.280812] as3722-regulator as3722-regulator: regulator 13 register failed -517
[    1.292209] tegra-ahci 70027000.sata: couldn't get PHY in node sata: -517
[    1.310404] m25p80 spi1.0: w25q32dw (4096 Kbytes)
[    1.317283] libphy: Fixed MDIO Bus: probed
[    1.321426] CAN device driver interface
[    1.325311] igb: Intel(R) Gigabit Ethernet Network Driver - version 5.4.0-k
[    1.332285] igb: Copyright (c) 2007-2014 Intel Corporation.
[    1.337994] pegasus: v0.9.3 (2013/04/25), Pegasus/Pegasus II USB Ethernet driver
[    1.345674] usbcore: registered new interface driver pegasus
[    1.351427] usbcore: registered new interface driver asix
[    1.356874] usbcore: registered new interface driver ax88179_178a
[    1.363038] usbcore: registered new interface driver cdc_ether
[    1.368947] usbcore: registered new interface driver smsc75xx
[    1.374756] usbcore: registered new interface driver smsc95xx
[    1.380569] usbcore: registered new interface driver net1080
[    1.386272] usbcore: registered new interface driver cdc_subset
[    1.392253] usbcore: registered new interface driver zaurus
[    1.397886] usbcore: registered new interface driver cdc_ncm
[    1.403802] tegra-phy 7d000000.usb-phy: no vbus regulator
[    1.409448] tegra-phy 7d004000.usb-phy: no vbus regulator
[    1.415147] ehci_hcd: USB 2.0 'Enhanced' Host Controller (EHCI) Driver
[    1.421689] ehci-pci: EHCI PCI platform driver
[    1.426185] tegra-ehci: Tegra EHCI driver
[    1.433059] tegra-ehci 7d004000.usb: EHCI Host Controller
[    1.438500] tegra-ehci 7d004000.usb: new USB bus registered, assigned bus number 1
[    1.446300] tegra-ehci 7d004000.usb: irq 356, io mem 0x7d004000
[    1.478390] tegra-ehci 7d004000.usb: USB 2.0 started, EHCI 1.10
[    1.485225] hub 1-0:1.0: USB hub found
[    1.489035] hub 1-0:1.0: 1 port detected
[    1.494199] usbcore: registered new interface driver cdc_acm
[    1.499872] cdc_acm: USB Abstract Control Model driver for USB modems and ISDN adapters
[    1.507922] usbcore: registered new interface driver cdc_wdm
[    1.513677] usbcore: registered new interface driver usb-storage
[    1.527969] as3722-rtc as3722-rtc: rtc core: registered as3722-rtc as rtc0
[    1.534863] as3722-rtc as3722-rtc: RTC interrupt 379
[    1.542705] tegra_rtc 7000e000.rtc: rtc core: registered 7000e000.rtc as rtc1
[    1.549906] tegra_rtc 7000e000.rtc: Tegra internal Real Time Clock
[    1.556422] i2c /dev entries driver
[    1.561201] usbcore: registered new interface driver uvcvideo
[    1.566937] USB Video Class driver (1.1.1)
[    1.571049] gspca_main: v2.14.0 registered
[    1.575783] lm90 0-004c: 0-004c supply vcc not found, using dummy regulator
[    1.586108] tegra-wdt 60005000.timer: initialized (heartbeat = 120 sec, nowayout = 0)
[    1.595024] sdhci: Secure Digital Host Controller Interface driver
[    1.601348] sdhci: Copyright(c) Pierre Ossman
[    1.605699] sdhci-pltfm: SDHCI platform and OF driver helper
[    1.611696] sdhci-tegra 700b0400.sdhci: Got CD GPIO
[    1.616584] sdhci-tegra 700b0400.sdhci: Got WP GPIO
[    1.637871] mmc0: Unknown controller version (3). You may experience problems.
[    1.645151] mmc0: Invalid maximum block size, assuming 512 bytes
[    1.682280] mmc0: SDHCI controller on 700b0600.sdhci [700b0600.sdhci] using ADMA
[    1.690665] usbcore: registered new interface driver usbhid
[    1.696271] usbhid: USB HID core driver
[    1.740258] mmc0: new high speed MMC card at address 0001
[    1.750956] mmcblk0: mmc0:0001 SEM16G 14.7 GiB 
[    1.760664] mmcblk0boot0: mmc0:0001 SEM16G partition 1 4.00 MiB
[    1.771696] mmcblk0boot1: mmc0:0001 SEM16G partition 2 4.00 MiB
[    1.777846] mmcblk0rpmb: mmc0:0001 SEM16G partition 3 4.00 MiB, chardev (247:0)
[    1.786975]  mmcblk0: p1
[    2.139740] tegra30-i2s 70301100.i2s: DMA channels sourced from device 70300000.ahub
[    2.160039] tegra-snd-rt5640 sound: rt5640-aif1 <-> 70301100.i2s mapping ok
[    2.170884] input: NVIDIA Tegra Jetson TK1 Headphones as /devices/soc0/sound/sound/card1/input0
[    2.182131] NET: Registered protocol family 10
[    2.188001] Segment Routing with IPv6
[    2.191938] mip6: Mobile IPv6
[    2.194905] sit: IPv6, IPv4 and MPLS over IPv4 tunneling driver
[    2.202354] NET: Registered protocol family 17
[    2.206811] NET: Registered protocol family 15
[    2.211311] can: controller area network core (rev 20170425 abi 9)
[    2.217716] NET: Registered protocol family 29
[    2.222176] can: raw protocol (rev 20170425)
[    2.226441] can: broadcast manager protocol (rev 20170425 t)
[    2.232117] can: netlink gateway (rev 20170425) max_hops=1
[    2.237783] Bluetooth: RFCOMM socket layer initialized
[    2.242998] Bluetooth: RFCOMM ver 1.11
[    2.246767] Bluetooth: BNEP (Ethernet Emulation) ver 1.3
[    2.252094] Bluetooth: BNEP socket layer initialized
[    2.257052] Bluetooth: HIDP (Human Interface Emulation) ver 1.2
[    2.262985] Bluetooth: HIDP socket layer initialized
[    2.268166] Key type dns_resolver registered
[    2.273002] Registering SWP/SWPB emulation handler
[    2.278614] Loading compiled-in X.509 certificates
[    2.303195] +3.3V_RUN: supplied by +3.3V_SYS
[    2.308113] +USB0_VBUS_SW: supplied by +5V_SYS
[    2.313012] +3.3V_AVDD_HDMI_AP_GATED: supplied by +3.3V_RUN
[    2.319080] +5V_USB_HS: supplied by +5V_SYS
[    2.324173] +3.3V_LP0: supplied by +3.3V_SYS
[    2.329678] +5V_HDMI_CON: supplied by +5V_SYS
[    2.334467] +5V_SATA: supplied by +5V_SYS
[    2.338933] +12V_SATA: supplied by +VDD_MUX
[    2.344521]  usb2-0: usb2-0 supply vbus not found, using dummy regulator
[    2.351364]  usb2-1: usb2-1 supply vbus not found, using dummy regulator
[    2.358411]  usb3-0: usb3-0 supply vbus not found, using dummy regulator
[    2.365887] tegra-pcie 1003000.pcie: 2x1, 1x1 configuration
[    2.371523] tegra-pcie 1003000.pcie: Failed to get supply 'avddio-pex': -517
[    2.380644] tegra124-dfll 70110000.clock: couldn't get vdd_cpu regulator
[    2.389978] tegra-hdmi 54280000.hdmi: failed to get PLL regulator
[    2.398324] as3722-sd2: supplied by +5V_SYS
[    2.402864] as3722-sd3: supplied by +5V_SYS
[    2.407354] as3722-sd4: supplied by +5V_SYS
[    2.412044] as3722-sd5: supplied by +5V_SYS
[    2.417729] as3722-ldo0: supplied by +1.35V_LP0(sd2)
[    2.423574] as3722-ldo1: supplied by +3.3V_RUN
[    2.428320] as3722-ldo2: supplied by +1.8V_VDDIO
[    2.434202] as3722-ldo3: supplied by +3.3V_SYS
[    2.439591] as3722-ldo4: supplied by +3.3V_SYS
[    2.444335] as3722-ldo5: supplied by +1.8V_VDDIO
[    2.450222] input: tegra-hda HDMI/DP,pcm=3 as /devices/soc0/70030000.hda/sound/card0/input1
[    2.458873] as3722-ldo6: supplied by +3.3V_RUN
[    2.463868] as3722-ldo7: supplied by +1.8V_VDDIO
[    2.469291] +1.05V_RUN_CAM_REAR: Bringing 0uV into 1050000-1050000uV
[    2.476369] as3722-ldo9: supplied by +5V_SYS
[    2.481870] +3.3V_RUN_TOUCH: Bringing 0uV into 2800000-2800000uV
[    2.488647] as3722-ldo10: supplied by +5V_SYS
[    2.493755] +2.8V_RUN_CAM_AF: Bringing 0uV into 2800000-2800000uV
[    2.500622] as3722-ldo11: supplied by +3.3V_RUN
[    2.505900] +1.8V_RUN_VPP_FUSE: Bringing 0uV into 1800000-1800000uV
[    2.515176] tegra-ahci 70027000.sata: AHCI 0001.0301 32 slots 2 ports 3 Gbps 0x1 impl platform mode
[    2.524254] tegra-ahci 70027000.sata: flags: 64bit ncq sntf pm led pio slum part sadm sds apst 
[    2.534768] scsi host0: tegra-ahci
[    2.538925] scsi host1: tegra-ahci
[    2.542575] ata1: SATA max UDMA/133 mmio [mem 0x70027000-0x70028fff] port 0x100 irq 345
[    2.550591] ata2: DUMMY
[    2.554304] tegra-ehci 7d008000.usb: EHCI Host Controller
[    2.559787] tegra-ehci 7d008000.usb: new USB bus registered, assigned bus number 2
[    2.567619] tegra-ehci 7d008000.usb: irq 357, io mem 0x7d008000
[    2.598491] tegra-ehci 7d008000.usb: USB 2.0 started, EHCI 1.10
[    2.605618] hub 2-0:1.0: USB hub found
[    2.609489] hub 2-0:1.0: 1 port detected
[    2.689162] tegra-xusb 70090000.usb: Firmware timestamp: 2014-09-16 02:10:07 UTC
[    2.696588] tegra-xusb 70090000.usb: xHCI Host Controller
[    2.702033] tegra-xusb 70090000.usb: new USB bus registered, assigned bus number 3
[    2.712149] tegra-xusb 70090000.usb: hcc params 0x0184f525 hci version 0x100 quirks 0x00010010
[    2.720833] tegra-xusb 70090000.usb: irq 347, io mem 0x70090000
[    2.728209] hub 3-0:1.0: USB hub found
[    2.732085] hub 3-0:1.0: 6 ports detected
[    2.736984] tegra-xusb 70090000.usb: xHCI Host Controller
[    2.742451] tegra-xusb 70090000.usb: new USB bus registered, assigned bus number 4
[    2.750209] usb usb4: We don't know the algorithms for LPM for this host, disabling LPM.
[    2.759572] hub 4-0:1.0: USB hub found
[    2.763369] hub 4-0:1.0: 2 ports detected
[    2.769494] sdhci-tegra 700b0400.sdhci: Got CD GPIO
[    2.774421] sdhci-tegra 700b0400.sdhci: Got WP GPIO
[    2.787716] mmc1: Unknown controller version (3). You may experience problems.
[    2.795074] mmc1: Invalid maximum block size, assuming 512 bytes
[    2.831649] mmc1: SDHCI controller on 700b0400.sdhci [700b0400.sdhci] using ADMA
[    2.839432] tegra-pcie 1003000.pcie: 2x1, 1x1 configuration
[    2.847244] tegra-pcie 1003000.pcie: probing port 0, using 2 lanes
[    2.855091] tegra-pcie 1003000.pcie: Slot present pin change, signature: 00000008
[    2.879907] tegra-pcie 1003000.pcie: probing port 1, using 1 lanes
[    2.881947] ata1: SATA link down (SStatus 0 SControl 300)
[    2.893780] tegra-pcie 1003000.pcie: Slot present pin change, signature: 00000000
[    2.907768] tegra-pcie 1003000.pcie: PCI host bridge to bus 0000:00
[    2.914075] pci_bus 0000:00: root bus resource [io  0x0000-0xffff]
[    2.920328] pci_bus 0000:00: root bus resource [mem 0x13000000-0x1fffffff]
[    2.927308] pci_bus 0000:00: root bus resource [mem 0x20000000-0x3fffffff pref]
[    2.934693] pci_bus 0000:00: root bus resource [bus 00-ff]
[    2.940245] pci 0000:00:01.0: [10de:0e12] type 01 class 0x060400
[    2.946259] pci_bus 0000:00: 2-byte config write to 0000:00:01.0 offset 0x4 may corrupt adjacent RW1C bits
[    2.955967] pci_bus 0000:00: 2-byte config write to 0000:00:01.0 offset 0x4 may corrupt adjacent RW1C bits
[    2.965781] pci 0000:00:01.0: enabling Extended Tags
[    2.970810] pci_bus 0000:00: 2-byte config write to 0000:00:01.0 offset 0x88 may corrupt adjacent RW1C bits
[    2.980586] pci_bus 0000:00: 2-byte config write to 0000:00:01.0 offset 0x52 may corrupt adjacent RW1C bits
[    2.990420] pci 0000:00:01.0: PME# supported from D0 D1 D2 D3hot D3cold
[    2.997144] pci_bus 0000:00: 2-byte config write to 0000:00:01.0 offset 0x4c may corrupt adjacent RW1C bits
[    3.007257] pci 0000:00:02.0: [10de:0e13] type 01 class 0x060400
[    3.013290] pci_bus 0000:00: 2-byte config write to 0000:00:02.0 offset 0x4 may corrupt adjacent RW1C bits
[    3.022987] pci_bus 0000:00: 2-byte config write to 0000:00:02.0 offset 0x4 may corrupt adjacent RW1C bits
[    3.032729] pci 0000:00:02.0: enabling Extended Tags
[    3.037734] pci_bus 0000:00: 2-byte config write to 0000:00:02.0 offset 0x88 may corrupt adjacent RW1C bits
[    3.047507] pci_bus 0000:00: 2-byte config write to 0000:00:02.0 offset 0x52 may corrupt adjacent RW1C bits
[    3.057322] pci 0000:00:02.0: PME# supported from D0 D1 D2 D3hot D3cold
[    3.064004] pci_bus 0000:00: 2-byte config write to 0000:00:02.0 offset 0x4c may corrupt adjacent RW1C bits
[    3.074054] PCI: bus0: Fast back to back transfers disabled
[    3.079646] pci 0000:00:01.0: bridge configuration invalid ([bus 00-00]), reconfiguring
[    3.087689] pci 0000:00:02.0: bridge configuration invalid ([bus 00-00]), reconfiguring
[    3.095967] pci 0000:01:00.0: [8086:4232] type 00 class 0x028000
[    3.102093] pci 0000:01:00.0: reg 0x10: [mem 0x00000000-0x00001fff 64bit]
[    3.109246] PCI: bus1: Fast back to back transfers disabled
[    3.114877] pci_bus 0000:01: busn_res: [bus 01-ff] end is updated to 01
[    3.121779] pci 0000:02:00.0: [10ec:8168] type 00 class 0x020000
[    3.127867] pci 0000:02:00.0: reg 0x10: [io  0x0000-0x00ff]
[    3.133562] pci 0000:02:00.0: reg 0x18: [mem 0x00000000-0x00000fff 64bit]
[    3.140443] pci 0000:02:00.0: reg 0x20: [mem 0x00000000-0x00003fff 64bit pref]
[    3.147921] PCI: bus2: Fast back to back transfers disabled
[    3.153578] pci_bus 0000:02: busn_res: [bus 02-ff] end is updated to 02
[    3.160309] pci 0000:00:01.0: BAR 8: assigned [mem 0x13000000-0x130fffff]
[    3.167284] mmc1: new high speed SDHC card at address aaaa
[    3.172626] mmcblk1: mmc1:aaaa SD04G 3.69 GiB 
[    3.183441] pci 0000:00:02.0: BAR 8: assigned [mem 0x13100000-0x131fffff]
[    3.190520] pci 0000:00:02.0: BAR 9: assigned [mem 0x20000000-0x200fffff 64bit pref]
[    3.198441] pci 0000:00:02.0: BAR 7: assigned [io  0x1000-0x1fff]
[    3.204793] pci 0000:01:00.0: BAR 0: assigned [mem 0x13000000-0x13001fff 64bit]
[    3.212396] pci 0000:00:01.0: PCI bridge to [bus 01]
[    3.217605] pci 0000:00:01.0:   bridge window [mem 0x13000000-0x130fffff]
[    3.224562] pci 0000:02:00.0: BAR 4: assigned [mem 0x20000000-0x20003fff 64bit pref]
[    3.232490] pci 0000:02:00.0: BAR 2: assigned [mem 0x13100000-0x13100fff 64bit]
[    3.239978] pci 0000:02:00.0: BAR 0: assigned [io  0x1000-0x10ff]
[    3.246254]  mmcblk1: p1 p2 p3
[    3.249516] pci 0000:00:02.0: PCI bridge to [bus 02]
[    3.254691] pci 0000:00:02.0:   bridge window [io  0x1000-0x1fff]
[    3.261060] pci 0000:00:02.0:   bridge window [mem 0x13100000-0x131fffff]
[    3.268957] pci 0000:00:02.0:   bridge window [mem 0x20000000-0x200fffff 64bit pref]
[    3.276731] pci 0000:00:01.0: nv_msi_ht_cap_quirk didn't locate host bridge
[    3.283928] pcieport 0000:00:01.0: enabling device (0140 -> 0142)
[    3.290413] pcieport 0000:00:01.0: Signaling PME with IRQ 395
[    3.296376] pci 0000:00:02.0: nv_msi_ht_cap_quirk didn't locate host bridge
[    3.303557] pcieport 0000:00:02.0: enabling device (0140 -> 0143)
[    3.310061] pcieport 0000:00:02.0: Signaling PME with IRQ 396
[    3.316198] r8169 Gigabit Ethernet driver 2.3LK-NAPI loaded
[    3.321886] r8169 0000:02:00.0: enabling device (0140 -> 0143)
[    3.327776] r8169 0000:02:00.0 (unnamed net_device) (uninitialized): not PCI Express
[    3.360147] r8169 0000:02:00.0 eth0: RTL8168g/8111g at 0x4508b650, 00:04:4b:3a:d9:81, XID 0c000800 IRQ 22
[    3.369736] r8169 0000:02:00.0 eth0: jumbo features [frames: 9200 bytes, tx checksumming: ko]
[    3.381919] +1.05V_RUN_AVDD_HDMI_PLL: supplied by +1.05V_RUN
[    3.391243] [drm] Supports vblank timestamp caching Rev 2 (21.10.2013).
[    3.397870] [drm] No driver support for vblank timestamp query.
[    3.537733] tegra-hdmi 54280000.hdmi: cannot set audio to 48000 Hz at 297000000 Hz pixel clock
[    3.701930] Console: switching to colour frame buffer device 512x135
[    3.797910] drm drm: fb0:  frame buffer device
[    3.802568] [drm] Initialized tegra 0.0.0 20120330 for drm on minor 0
[    3.810045] cpufreq: cpufreq_online: CPU0: Running at unlisted freq: 696000 KHz
[    3.817369] cpufreq: cpufreq_online: CPU0: Unlisted initial frequency changed to: 714000 KHz
[    3.826400] input: gpio-keys as /devices/soc0/gpio-keys/input/input2
[    3.833826] as3722-rtc as3722-rtc: setting system clock to 2000-01-01 00:02:38 UTC (946684958)
[    3.842584] cfg80211: Loading compiled-in X.509 certificates for regulatory database
[    3.852292] cfg80211: Loaded X.509 cert 'sforshee: 00b28ddf47aef9cea7'
[    3.858987] platform regulatory.0: Direct firmware load for regulatory.db failed with error -2
[    3.867583] cfg80211: failed to load regulatory.db
[    3.872642] +USB0_VBUS_SW: disabling
[    3.872654] +1.8V_RUN_CAM: disabling
[    3.876277] +2.8V_RUN_CAM: disabling
[    3.879925] +1.2V_RUN_CAM_FRONT: disabling
[    3.883518] +1.05V_RUN_CAM_REAR: disabling
[    3.887621] +3.3V_RUN_TOUCH: disabling
[    3.891795] +2.8V_RUN_CAM_AF: disabling
[    3.895621] +1.8V_RUN_VPP_FUSE: disabling
[    3.899536] ALSA device list:
[    3.899539]   #0: tegra-hda at 0x70038000 irq 346
[    3.899540]   #1: NVIDIA Tegra Jetson TK1
[    3.915941] EXT4-fs (mmcblk0p1): mounting ext3 file system using the ext4 subsystem
[    3.968195] EXT4-fs (mmcblk0p1): recovery complete
[    3.973836] EXT4-fs (mmcblk0p1): mounted filesystem with ordered data mode. Opts: (null)
[    3.982052] VFS: Mounted root (ext3 filesystem) on device 179:1.
[    3.992916] devtmpfs: mounted
[    3.996266] Freeing unused kernel memory: 1024K
bash: cannot set terminal process group (-1): Inappropriate ioctl for device
bash: no job control in this shell
root@(none):/# 