
U-Boot SPL 2014.01-00219-gc4d376f (Feb 18 2014 - 19:57:32)


U-Boot 2014.01-00219-gc4d376f (Feb 18 2014 - 19:57:32)

TEGRA114
Board: NVIDIA Dalmore
I2C:   ready
DRAM:  2 GiB
MMC:   Tegra SD/MMC: 0, Tegra SD/MMC: 1
In:    serial
Out:   serial
Err:   serial
Net:   Net Initialization Skipped
No ethernet found.
Hit any key to stop autoboot:  2  0 
Tegra114 (Dalmore) # 
Tegra114 (Dalmore) # usb reset
(Re)start USB...
USB0:   USB EHCI 1.10
scanning bus 0 for devices... 2 USB Device(s) found
       scanning usb for storage devices... 0 Storage Device(s) found
       scanning usb for ethernet devices... 
Warning: asx0 using MAC address from net device
1 Ethernet Device(s) found
Tegra114 (Dalmore) # setenv bootargs 'ignore_loglevel console=ttyS0,115200n8 rw root=/dev/mmcblk0p1 rootwait gpt debug earlyprintk init=/bin/bash'
Tegra114 (Dalmore) # setenv ipaddr 192.168.100.100; setenv serverip 192.168.100.1; setenv tftpserverip 192.168.100.1
Tegra114 (Dalmore) # tftpboot 0x81000000 zImage.multi_v7_defconfig
Using asx0 device
TFTP from server 192.168.100.1; our IP address is 192.168.100.100
Filename 'zImage.multi_v7_defconfig'.
Load address: 0x81000000
Loading: *#################################################################
	 #################################################################
	 #################################################################
	 #################################################################
	 #################################################################
	 #################################################################
	 #################################################################
	 ########
	 3.2 MiB/s
done
Bytes transferred = 6788728 (679678 hex)
Tegra114 (Dalmore) # tftpboot 0x82000000 tegra114-dalmore.dtb
Using asx0 device
TFTP from server 192.168.100.1; our IP address is 192.168.100.100
Filename 'tegra114-dalmore.dtb'.
Load address: 0x82000000
Loading: *###
	 3 MiB/s
done
Bytes transferred = 34894 (884e hex)
Tegra114 (Dalmore) # bootz 0x81000000 - 0x82000000
Kernel image @ 0x81000000 [ 0x000000 - 0x679678 ]
## Flattened Device Tree blob at 82000000
   Booting using the fdt blob at 0x82000000
   Loading Device Tree to 8fff4000, end 8ffff84d ... OK

Starting kernel ...

[    0.000000] Booting Linux on physical CPU 0x0
[    0.000000] Linux version 4.5.0-rc1-next-20160201-69474-g99e8324 (pwalmsley@sellafield) (gcc version 4.7.3 20130328 (prerelease) (crosstool-NG linaro-1.13.1-4.7-2013.04-20130415 - Linaro GCC 2013.04) ) #1 SMP Sun Jan 31 22:47:50 PST 2016
[    0.000000] CPU: ARMv7 Processor [412fc0f2] revision 2 (ARMv7), cr=10c5387d
[    0.000000] CPU: div instructions available: patching division code
[    0.000000] CPU: PIPT / VIPT nonaliasing data cache, PIPT instruction cache
[    0.000000] Machine model: NVIDIA Tegra114 Dalmore evaluation board
[    0.000000] debug: ignoring loglevel setting.
[    0.000000] cma: Reserved 64 MiB at 0xfb800000
[    0.000000] Memory policy: Data cache writealloc
[    0.000000] On node 0 totalpages: 524032
[    0.000000] free_area_init_node: node 0, pgdat c1074580, node_mem_map eeff8000
[    0.000000]   DMA zone: 1536 pages used for memmap
[    0.000000]   DMA zone: 0 pages reserved
[    0.000000]   DMA zone: 196608 pages, LIFO batch:31
[    0.000000]   HighMem zone: 327424 pages, LIFO batch:31
[    0.000000] PERCPU: Embedded 13 pages/cpu @eef9f000 s22976 r8192 d22080 u53248
[    0.000000] pcpu-alloc: s22976 r8192 d22080 u53248 alloc=13*4096
[    0.000000] pcpu-alloc: [0] 0 [0] 1 [0] 2 [0] 3 
[    0.000000] Built 1 zonelists in Zone order, mobility grouping on.  Total pages: 522496
[    0.000000] Kernel command line: ignore_loglevel console=ttyS0,115200n8 rw root=/dev/mmcblk0p1 rootwait gpt debug earlyprintk init=/bin/bash
[    0.000000] PID hash table entries: 4096 (order: 2, 16384 bytes)
[    0.000000] Dentry cache hash table entries: 131072 (order: 7, 524288 bytes)
[    0.000000] Inode-cache hash table entries: 65536 (order: 6, 262144 bytes)
[    0.000000] Memory: 1997860K/2096128K available (8507K kernel code, 1113K rwdata, 4052K rodata, 1100K init, 345K bss, 32732K reserved, 65536K cma-reserved, 1244160K highmem)
[    0.000000] Virtual kernel memory layout:
[    0.000000]     vector  : 0xffff0000 - 0xffff1000   (   4 kB)
[    0.000000]     fixmap  : 0xffc00000 - 0xfff00000   (3072 kB)
[    0.000000]     vmalloc : 0xf0800000 - 0xff800000   ( 240 MB)
[    0.000000]     lowmem  : 0xc0000000 - 0xf0000000   ( 768 MB)
[    0.000000]     pkmap   : 0xbfe00000 - 0xc0000000   (   2 MB)
[    0.000000]     modules : 0xbf000000 - 0xbfe00000   (  14 MB)
[    0.000000]       .text : 0xc0208000 - 0xc0e4cf00   (12564 kB)
[    0.000000]       .init : 0xc0e4d000 - 0xc0f60000   (1100 kB)
[    0.000000]       .data : 0xc0f60000 - 0xc1076540   (1114 kB)
[    0.000000]        .bss : 0xc1079000 - 0xc10cf5e0   ( 346 kB)
[    0.000000] SLUB: HWalign=64, Order=0-3, MinObjects=0, CPUs=4, Nodes=1
[    0.000000] Hierarchical RCU implementation.
[    0.000000] 	Build-time adjustment of leaf fanout to 32.
[    0.000000] 	RCU restricting CPUs from NR_CPUS=16 to nr_cpu_ids=4.
[    0.000000] RCU: Adjusting geometry for rcu_fanout_leaf=32, nr_cpu_ids=4
[    0.000000] NR_IRQS:16 nr_irqs:16 16
[    0.000000] /interrupt-controller@60004000: 160 interrupts forwarded to /interrupt-controller@50041000
[    0.000000] Tegra clk 127: register failed with -17
[    0.000009] sched_clock: 32 bits at 1000kHz, resolution 1000ns, wraps every 2147483647500ns
[    0.000027] clocksource: timer_us: mask: 0xffffffff max_cycles: 0xffffffff, max_idle_ns: 1911260446275 ns
[    0.000041] Switching to timer-based delay loop, resolution 1000ns
[    0.003041] Architected cp15 timer(s) running at 12.00MHz (virt).
[    0.003060] clocksource: arch_sys_counter: mask: 0xffffffffffffff max_cycles: 0x2c47f4ee7, max_idle_ns: 440795202497 ns
[    0.003078] sched_clock: 56 bits at 12MHz, resolution 83ns, wraps every 4398046511096ns
[    0.003091] Switching to timer-based delay loop, resolution 83ns
[    0.003473] Console: colour dummy device 80x30
[    0.003499] Calibrating delay loop (skipped), value calculated using timer frequency.. 24.00 BogoMIPS (lpj=60000)
[    0.003514] pid_max: default: 32768 minimum: 301
[    0.003621] Mount-cache hash table entries: 2048 (order: 1, 8192 bytes)
[    0.003632] Mountpoint-cache hash table entries: 2048 (order: 1, 8192 bytes)
[    0.004238] CPU: Testing write buffer coherency: ok
[    0.004455] /cpus/cpu@0 missing clock-frequency property
[    0.004485] /cpus/cpu@1 missing clock-frequency property
[    0.004513] /cpus/cpu@2 missing clock-frequency property
[    0.004541] /cpus/cpu@3 missing clock-frequency property
[    0.004553] CPU0: thread -1, cpu 0, socket 0, mpidr 80000000
[    0.004599] Setting up static identity map for 0x80209000 - 0x80209098
[    0.006915] Tegra Revision: A01 SKU: 0 CPU Process: 1 SoC Process: 0
[    0.008217] CPU1: thread -1, cpu 1, socket 0, mpidr 80000001
[    0.008879] CPU2: thread -1, cpu 2, socket 0, mpidr 80000002
[    0.009524] CPU3: thread -1, cpu 3, socket 0, mpidr 80000003
[    0.009604] Brought up 4 CPUs
[    0.009624] SMP: Total of 4 processors activated (96.00 BogoMIPS).
[    0.009632] CPU: All CPU(s) started in SVC mode.
[    0.011039] devtmpfs: initialized
[    0.021572] VFP support v0.3: implementor 41 architecture 4 part 30 variant f rev 0
[    0.022188] clocksource: jiffies: mask: 0xffffffff max_cycles: 0xffffffff, max_idle_ns: 9556302231375000 ns
[    0.023792] pinctrl core: initialized pinctrl subsystem
[    0.025479] NET: Registered protocol family 16
[    0.027651] DMA: preallocated 256 KiB pool for atomic coherent allocations
[    0.042986] cpuidle: using governor menu
[    0.057660] No ATAGs?
[    0.057694] hw-breakpoint: found 5 (+1 reserved) breakpoint and 4 watchpoint registers.
[    0.057705] hw-breakpoint: maximum watchpoint size is 8 bytes.
[    0.062814] Serial: AMBA PL011 UART driver
[    0.064119] tegra-mc 70019000.memory-controller: no memory timings for RAM code 3 registered
[    0.092820] dvdd_ts: Failed to request enable GPIO61: -517
[    0.092939] reg-fixed-voltage regulators:regulator@1: Failed to register regulator: -517
[    0.093187] usb1_vbus: Failed to request enable GPIO108: -517
[    0.093295] reg-fixed-voltage regulators:regulator@3: Failed to register regulator: -517
[    0.093517] usb2_vbus: Failed to request enable GPIO86: -517
[    0.093621] reg-fixed-voltage regulators:regulator@4: Failed to register regulator: -517
[    0.094140] VDD_5V0_HDMI_CON: Failed to request enable GPIO81: -517
[    0.094250] reg-fixed-voltage regulators:regulator@7: Failed to register regulator: -517
[    0.097310] vgaarb: loaded
[    0.098348] SCSI subsystem initialized
[    0.098530] libata version 3.00 loaded.
[    0.098839] usbcore: registered new interface driver usbfs
[    0.098907] usbcore: registered new interface driver hub
[    0.098987] usbcore: registered new device driver usb
[    0.102723] tps65090 2-0048: No cache defaults, reading back from HW
[    0.108922] genirq: Setting trigger mode 8 for irq 341 failed (irq_chip_set_type_parent+0x0/0x28)
[    0.108944] palmas 2-0058: Irq flag is 0x00000000
[    0.112158] palmas 2-0058: Muxing GPIO ff, PWM 0, LED 0
[    0.121876] sdhci-vdd-sd-slot: ramp_delay not set
[    0.146286] pps_core: LinuxPPS API ver. 1 registered
[    0.146296] pps_core: Software ver. 5.3.6 - Copyright 2005-2007 Rodolfo Giometti <giometti@linux.it>
[    0.146324] PTP clock support registered
[    0.146546] EDAC MC: Ver: 3.0.0
[    0.149087] clocksource: Switched to clocksource arch_sys_counter
[    0.159993] NET: Registered protocol family 2
[    0.160514] TCP established hash table entries: 8192 (order: 3, 32768 bytes)
[    0.160613] TCP bind hash table entries: 8192 (order: 4, 65536 bytes)
[    0.160800] TCP: Hash tables configured (established 8192 bind 8192)
[    0.160855] UDP hash table entries: 512 (order: 2, 16384 bytes)
[    0.160897] UDP-Lite hash table entries: 512 (order: 2, 16384 bytes)
[    0.161068] NET: Registered protocol family 1
[    0.161331] RPC: Registered named UNIX socket transport module.
[    0.161341] RPC: Registered udp transport module.
[    0.161349] RPC: Registered tcp transport module.
[    0.161357] RPC: Registered tcp NFSv4.1 backchannel transport module.
[    0.161380] PCI: CLS 0 bytes, default 64
[    0.163666] futex hash table entries: 1024 (order: 4, 65536 bytes)
[    0.176348] squashfs: version 4.0 (2009/01/31) Phillip Lougher
[    0.177301] NFS: Registering the id_resolver key type
[    0.177339] Key type id_resolver registered
[    0.177348] Key type id_legacy registered
[    0.177431] ntfs: driver 2.1.32 [Flags: R/O].
[    0.178905] bounce: pool size: 64 pages
[    0.179160] Block layer SCSI generic (bsg) driver version 0.4 loaded (major 249)
[    0.179182] io scheduler noop registered
[    0.179201] io scheduler deadline registered
[    0.179243] io scheduler cfq registered (default)
[    0.200992] vdd-lcd-bl: supplied by vdd_ac_bat
[    0.207688] tegra-apbdma 6000a000.dma: Tegra20 APB DMA driver register 32 channels
[    0.209409] tegra-pmc 7000e400.pmc: i2c-thermtrip node not found, emergency thermal reset disabled.
[    0.270205] Serial: 8250/16550 driver, 4 ports, IRQ sharing disabled
[    0.273225] console [ttyS0] disabled
[    0.273262] 70006300.serial: ttyS0 at MMIO 0x70006300 (irq = 329, base_baud = 25500000) is a Tegra
[    1.082095] console [ttyS0] enabled
[    1.086407] SuperH (H)SCI(F) driver initialized
[    1.091930] msm_serial: driver initialized
[    1.096245] STMicroelectronics ASC driver initialized
[    1.103637] [drm] Initialized drm 1.1.0 20060810
[    1.110280] tegra-hdmi 54280000.hdmi: failed to get HDMI regulator
[    1.117026] vdd-ao: supplied by vdd_ac_bat
[    1.121361] vddio-1v8: supplied by vdd-ao
[    1.125784] avdd-dsi-csi: supplied by vddio-1v8
[    1.134090] vdd-sys-3v3: supplied by vdd_ac_bat
[    1.138833] avdd-lcd: supplied by vdd-sys-3v3
[    1.154758] brd: module loaded
[    1.164036] loop: module loaded
[    1.174450] m25p80 spi32766.0: w25q32dw (4096 Kbytes)
[    1.183067] libphy: Fixed MDIO Bus: probed
[    1.187922] CAN device driver interface
[    1.193716] igb: Intel(R) Gigabit Ethernet Network Driver - version 5.3.0-k
[    1.200685] igb: Copyright (c) 2007-2014 Intel Corporation.
[    1.209369] pegasus: v0.9.3 (2013/04/25), Pegasus/Pegasus II USB Ethernet driver
[    1.216826] usbcore: registered new interface driver pegasus
[    1.222560] usbcore: registered new interface driver asix
[    1.228018] usbcore: registered new interface driver ax88179_178a
[    1.234170] usbcore: registered new interface driver cdc_ether
[    1.240085] usbcore: registered new interface driver smsc75xx
[    1.245909] usbcore: registered new interface driver smsc95xx
[    1.251713] usbcore: registered new interface driver net1080
[    1.257430] usbcore: registered new interface driver cdc_subset
[    1.263407] usbcore: registered new interface driver zaurus
[    1.269098] usbcore: registered new interface driver cdc_ncm
[    1.276720] ehci_hcd: USB 2.0 'Enhanced' Host Controller (EHCI) Driver
[    1.283266] ehci-pci: EHCI PCI platform driver
[    1.287776] ehci-platform: EHCI generic platform driver
[    1.293223] ehci-omap: OMAP-EHCI Host Controller driver
[    1.298602] ehci-orion: EHCI orion driver
[    1.302766] SPEAr-ehci: EHCI SPEAr driver
[    1.306935] ehci-st: EHCI STMicroelectronics driver
[    1.311969] ehci-exynos: EHCI EXYNOS driver
[    1.316325] ehci-atmel: EHCI Atmel driver
[    1.320489] tegra-ehci: Tegra EHCI driver
[    1.324838] ohci_hcd: USB 1.1 'Open' Host Controller (OHCI) Driver
[    1.331048] ohci-pci: OHCI PCI platform driver
[    1.335557] ohci-platform: OHCI generic platform driver
[    1.340957] ohci-omap3: OHCI OMAP3 driver
[    1.345122] SPEAr-ohci: OHCI SPEAr driver
[    1.349296] ohci-st: OHCI STMicroelectronics driver
[    1.354330] ohci-atmel: OHCI Atmel driver
[    1.358881] usbcore: registered new interface driver usb-storage
[    1.366474] mousedev: PS/2 mouse device common for all mice
[    1.377216] palmas-rtc 7000d000.i2c:tps65913@58:rtc: rtc core: registered 7000d000.i2c:tps659 as rtc0
[    1.388376] tegra_rtc 7000e000.rtc: rtc core: registered 7000e000.rtc as rtc1
[    1.395573] tegra_rtc 7000e000.rtc: Tegra internal Real Time Clock
[    1.402357] i2c /dev entries driver
[    1.409862] sbs-battery 0-000b: sbs_probe: Failed to get device status
[    1.416418] sbs-battery: probe of 0-000b failed with error -121
[    1.425517] vdd-sensor-2v85: supplied by vdd-sys-3v3
[    1.438465] sdhci: Secure Digital Host Controller Interface driver
[    1.444658] sdhci: Copyright(c) Pierre Ossman
[    1.450572] Synopsys Designware Multimedia Card Interface Driver
[    1.457695] sdhci-pltfm: SDHCI platform and OF driver helper
[    1.464154] sdhci-tegra 78000400.sdhci: Got CD GPIO
[    1.469039] sdhci-tegra 78000400.sdhci: Got WP GPIO
[    1.475095] mmc0: Invalid maximum block size, assuming 512 bytes
[    1.514329] mmc0: SDHCI controller on 78000400.sdhci [78000400.sdhci] using ADMA
[    1.524059] mmc1: Invalid maximum block size, assuming 512 bytes
[    1.564107] mmc1: SDHCI controller on 78000600.sdhci [78000600.sdhci] using ADMA
[    1.573112] ledtrig-cpu: registered to indicate activity on CPUs
[    1.579494] usbcore: registered new interface driver usbhid
[    1.585074] usbhid: USB HID core driver
[    1.594010] NET: Registered protocol family 10
[    1.599225] sit: IPv6 over IPv4 tunneling driver
[    1.604561] NET: Registered protocol family 17
[    1.609016] can: controller area network core (rev 20120528 abi 9)
[    1.615274] NET: Registered protocol family 29
[    1.619740] can: raw protocol (rev 20120528)
[    1.624012] can: broadcast manager protocol (rev 20120528 t)
[    1.629694] can: netlink gateway (rev 20130117) max_hops=1
[    1.635588] Key type dns_resolver registered
[    1.640535] ThumbEE CPU extension supported.
[    1.644838] Registering SWP/SWPB emulation handler
[    1.656010] vdd-sys-5v0: supplied by vdd_ac_bat
[    1.662874] VDD_5V0_HDMI_CON: supplied by vdd-sys-5v0
[    1.677582] vdd_hdmi_5v0: supplied by vdd-sys-5v0
[    1.694840] [drm] Supports vblank timestamp caching Rev 2 (21.10.2013).
[    1.701535] [drm] No driver support for vblank timestamp query.
[    1.742286] mmc1: new HS200 MMC card at address 0001
[    1.743150] mmcblk0: mmc1:0001 SEM32G 29.1 GiB 
[    1.744048] mmcblk0boot0: mmc1:0001 SEM32G partition 1 4.00 MiB
[    1.745073] mmcblk0boot1: mmc1:0001 SEM32G partition 2 4.00 MiB
[    1.746068] mmcblk0rpmb: mmc1:0001 SEM32G partition 3 4.00 MiB
[    1.750322]  mmcblk0: p1 p2 p3 p4 p5 p6 p7 p8
[    1.766487] Console: switching to colour frame buffer device 240x75
[    1.825954] drm drm: fb0:  frame buffer device
[    1.844194] [drm] Initialized tegra 0.0.0 20120330 on minor 0
[    1.851267] usb2_vbus: supplied by vdd-sys-5v0
[    1.858093] tegra-ehci 7d008000.usb: EHCI Host Controller
[    1.863571] tegra-ehci 7d008000.usb: new USB bus registered, assigned bus number 1
[    1.871887] tegra-ehci 7d008000.usb: irq 339, io mem 0x7d008000
[    1.884213] tegra-ehci 7d008000.usb: USB 2.0 started, EHCI 1.10
[    1.891403] hub 1-0:1.0: USB hub found
[    1.895267] hub 1-0:1.0: 1 port detected
[    1.901237] input: gpio-keys as /devices/soc0/gpio-keys/input/input0
[    1.910646] palmas-rtc 7000d000.i2c:tps65913@58:rtc: setting system clock to 2000-01-12 11:57:47 UTC (947678267)
[    1.936819] dvdd_ts: disabling
[    1.939927] usb1_vbus: disabling
[    1.943153] vdd_cam_1v8_reg: disabling
[    1.948810] EXT4-fs (mmcblk0p1): mounting ext3 file system using the ext4 subsystem
[    2.007995] EXT4-fs (mmcblk0p1): recovery complete
[    2.014164] EXT4-fs (mmcblk0p1): mounted filesystem with ordered data mode. Opts: (null)
[    2.022343] VFS: Mounted root (ext3 filesystem) on device 179:1.
[    2.031972] devtmpfs: mounted
[    2.035870] Freeing unused kernel memory: 1100K (c0e4d000 - c0f60000)
bash: cannot set terminal process group (-1): Inappropriate ioctl for device
bash: no job control in this shell
root@(none):/# [    2.209159] usb 1-1: new high-speed USB device number 2 using tegra-ehci
