
U-Boot SPL 2015.04-rc3-00209-ga74ef40 (Mar 16 2015 - 14:43:39)


U-Boot 2015.04-rc3-00209-ga74ef40 (Mar 16 2015 - 14:43:39)

TEGRA20
Model: Compulab TrimSlice board
DRAM:  1 GiB
MMC:   Tegra SD/MMC: 0, Tegra SD/MMC: 1
SF: Detected W25Q80BL with page size 256 Bytes, erase size 4 KiB, total 1 MiB
tegra-pcie: PCI regions:
tegra-pcie:   I/O: 0x82000000-0x82010000
tegra-pcie:   non-prefetchable memory: 0xa0000000-0xa8000000
tegra-pcie:   prefetchable memory: 0xa8000000-0xc0000000
tegra-pcie: dual-mode configuration
tegra-pcie: probing port 0, using 2 lanes
In:    serial
Out:   serial
Err:   serial
Net:   RTL8169#0
Hit any key to stop autoboot:  2  0 
Tegra20 (TrimSlice) # 
Tegra20 (TrimSlice) # usb reset
resetting USB...
USB0:   USB EHCI 1.00
scanning bus 0 for devices... 3 USB Device(s) found
USB1:   USB EHCI 1.00
scanning bus 1 for devices... 1 USB Device(s) found
USB2:   lowlevel init failed
       scanning usb for storage devices... 0 Storage Device(s) found
       scanning usb for ethernet devices... 
Warning: asx0 using MAC address from net device
1 Ethernet Device(s) found
Tegra20 (TrimSlice) # setenv bootargs 'ignore_loglevel console=ttyS0,115200n8 rw root=PARTUUID=11eb23c1-01 rootwait gpt debug noinitrd earlyprintk init=/bin/bash'
Tegra20 (TrimSlice) # setenv ipaddr 192.168.100.103; setenv serverip 192.168.100.1; setenv tftpserverip 192.168.100.1
Tegra20 (TrimSlice) # tftpboot 0x00408000 zImage.tegra_defconfig
Using RTL8169#0 device
TFTP from server 192.168.100.1; our IP address is 192.168.100.103
Filename 'zImage.tegra_defconfig'.
Load address: 0x408000
Loading: *#################################################################
	 #################################################################
	 #################################################################
	 #################################################################
	 #################################################################
	 #################################################################
	 ##################################
	 3.9 MiB/s
done
Bytes transferred = 6210600 (5ec428 hex)
Tegra20 (TrimSlice) # tftpboot 0x02408000 tegra20-trimslice.dtb
Using RTL8169#0 device
TFTP from server 192.168.100.1; our IP address is 192.168.100.103
Filename 'tegra20-trimslice.dtb'.
Load address: 0x2408000
Loading: *##
	 3.4 MiB/s
done
Bytes transferred = 21686 (54b6 hex)
Tegra20 (TrimSlice) # bootz 0x00408000 - 0x02408000
Kernel image @ 0x408000 [ 0x000000 - 0x5ec428 ]
## Flattened Device Tree blob at 02408000
   Booting using the fdt blob at 0x2408000
   Using Device Tree in place at 02408000, end 024104b5

Starting kernel ...

[    0.000000] Booting Linux on physical CPU 0x0
[    0.000000] Linux version 4.15.0-rc7-next-20180115-25676-gb625c1f (jonathanh@kaivo) (gcc version 4.7.3 20130328 (prerelease) (crosstool-NG linaro-1.13.1-4.7-2013.04-20130415 - Linaro GCC 2013.04)) #1 SMP PREEMPT Sun Jan 14 21:47:09 PST 2018
[    0.000000] CPU: ARMv7 Processor [411fc090] revision 0 (ARMv7), cr=10c5387d
[    0.000000] CPU: PIPT / VIPT nonaliasing data cache, VIPT aliasing instruction cache
[    0.000000] OF: fdt: Machine model: Compulab TrimSlice board
[    0.000000] debug: ignoring loglevel setting.
[    0.000000] bootconsole [earlycon0] enabled
[    0.000000] Memory policy: Data cache writealloc
[    0.000000] cma: Reserved 64 MiB at 0x3c000000
[    0.000000] On node 0 totalpages: 262144
[    0.000000]   Normal zone: 1536 pages used for memmap
[    0.000000]   Normal zone: 0 pages reserved
[    0.000000]   Normal zone: 196608 pages, LIFO batch:31
[    0.000000]   HighMem zone: 65536 pages, LIFO batch:15
[    0.000000] random: fast init done
[    0.000000] percpu: Embedded 17 pages/cpu @(ptrval) s39104 r8192 d22336 u69632
[    0.000000] pcpu-alloc: s39104 r8192 d22336 u69632 alloc=17*4096
[    0.000000] pcpu-alloc: [0] 0 [0] 1 
[    0.000000] Built 1 zonelists, mobility grouping on.  Total pages: 260608
[    0.000000] Kernel command line: ignore_loglevel console=ttyS0,115200n8 rw root=PARTUUID=11eb23c1-01 rootwait gpt debug noinitrd earlyprintk init=/bin/bash
[    0.000000] Dentry cache hash table entries: 131072 (order: 7, 524288 bytes)
[    0.000000] Inode-cache hash table entries: 65536 (order: 6, 262144 bytes)
[    0.000000] Memory: 959420K/1048576K available (9216K kernel code, 781K rwdata, 2580K rodata, 1024K init, 298K bss, 23620K reserved, 65536K cma-reserved, 196608K highmem)
[    0.000000] Virtual kernel memory layout:
[    0.000000]     vector  : 0xffff0000 - 0xffff1000   (   4 kB)
[    0.000000]     fixmap  : 0xffc00000 - 0xfff00000   (3072 kB)
[    0.000000]     vmalloc : 0xf0800000 - 0xff800000   ( 240 MB)
[    0.000000]     lowmem  : 0xc0000000 - 0xf0000000   ( 768 MB)
[    0.000000]     pkmap   : 0xbfe00000 - 0xc0000000   (   2 MB)
[    0.000000]     modules : 0xbf000000 - 0xbfe00000   (  14 MB)
[    0.000000]       .text : 0x(ptrval) - 0x(ptrval)   (10208 kB)
[    0.000000]       .init : 0x(ptrval) - 0x(ptrval)   (1024 kB)
[    0.000000]       .data : 0x(ptrval) - 0x(ptrval)   ( 782 kB)
[    0.000000]        .bss : 0x(ptrval) - 0x(ptrval)   ( 299 kB)
[    0.000000] Preemptible hierarchical RCU implementation.
[    0.000000] 	RCU restricting CPUs from NR_CPUS=4 to nr_cpu_ids=2.
[    0.000000] 	Tasks RCU enabled.
[    0.000000] RCU: Adjusting geometry for rcu_fanout_leaf=16, nr_cpu_ids=2
[    0.000000] NR_IRQS: 16, nr_irqs: 16, preallocated irqs: 16
[    0.000000] /interrupt-controller@60004000: 128 interrupts forwarded to /interrupt-controller@50041000
[    0.000000] L2C: platform modifies aux control register: 0x02080000 -> 0x3e480001
[    0.000000] L2C: DT/platform modifies aux control register: 0x02080000 -> 0x3e480001
[    0.000000] L2C-310 errata 727915 769419 enabled
[    0.000000] L2C-310 enabling early BRESP for Cortex-A9
[    0.000000] L2C-310: enabling full line of zeros but not enabled in Cortex-A9
[    0.000000] L2C-310 ID prefetch enabled, offset 1 lines
[    0.000000] L2C-310 cache controller enabled, 8 ways, 1024 kB
[    0.000000] L2C-310: CACHE_ID 0x410000c4, AUX_CTRL 0x7e480001
[    0.000009] sched_clock: 32 bits at 1000kHz, resolution 1000ns, wraps every 2147483647500ns
[    0.008267] clocksource: timer_us: mask: 0xffffffff max_cycles: 0xffffffff, max_idle_ns: 1911260446275 ns
[    0.017795] Switching to timer-based delay loop, resolution 1000ns
[    0.024633] Console: colour dummy device 80x30
[    0.028995] Calibrating delay loop (skipped), value calculated using timer frequency.. 2.00 BogoMIPS (lpj=10000)
[    0.039132] pid_max: default: 32768 minimum: 301
[    0.044138] Mount-cache hash table entries: 2048 (order: 1, 8192 bytes)
[    0.050668] Mountpoint-cache hash table entries: 2048 (order: 1, 8192 bytes)
[    0.058471] CPU: Testing write buffer coherency: ok
[    0.063561] CPU0: thread -1, cpu 0, socket 0, mpidr 80000000
[    0.100009] Setting up static identity map for 0x100000 - 0x1000a0
[    0.106226] Hierarchical SRCU implementation.
[    0.130318] Tegra Revision: A03 prime SKU: 8 CPU Process: 1 SoC Process: 2
[    0.149972] smp: Bringing up secondary CPUs ...
[    0.200568] CPU1: thread -1, cpu 1, socket 0, mpidr 80000001
[    0.200657] smp: Brought up 1 node, 2 CPUs
[    0.210329] SMP: Total of 2 processors activated (4.00 BogoMIPS).
[    0.216357] CPU: All CPU(s) started in SVC mode.
[    0.222030] devtmpfs: initialized
[    0.233238] Built 1 zonelists, mobility grouping on.  Total pages: 256239
[    0.240349] VFP support v0.3: implementor 41 architecture 3 part 30 variant 9 rev 1
[    0.248245] clocksource: jiffies: mask: 0xffffffff max_cycles: 0xffffffff, max_idle_ns: 19112604462750000 ns
[    0.257989] futex hash table entries: 512 (order: 3, 32768 bytes)
[    0.264281] pinctrl core: initialized pinctrl subsystem
[    0.270686] NET: Registered protocol family 16
[    0.276534] DMA: preallocated 256 KiB pool for atomic coherent allocations
[    0.284654] cpuidle: using governor menu
[    0.304553] No ATAGs?
[    0.304630] hw-breakpoint: found 5 (+1 reserved) breakpoint and 1 watchpoint registers.
[    0.314802] hw-breakpoint: maximum watchpoint size is 4 bytes.
[    0.339180] usb1_vbus: Failed to request enable GPIO170: -517
[    0.344884] reg-fixed-voltage regulators:regulator@2: Failed to register regulator: -517
[    0.356080] vgaarb: loaded
[    0.359478] SCSI subsystem initialized
[    0.363426] libata version 3.00 loaded.
[    0.367518] usbcore: registered new interface driver usbfs
[    0.373006] usbcore: registered new interface driver hub
[    0.378310] usbcore: registered new device driver usb
[    0.385227] Linux video capture interface: v2.00
[    0.389844] pps_core: LinuxPPS API ver. 1 registered
[    0.394727] pps_core: Software ver. 5.3.6 - Copyright 2005-2007 Rodolfo Giometti <giometti@linux.it>
[    0.403867] PTP clock support registered
[    0.408343] Advanced Linux Sound Architecture Driver Initialized.
[    0.415013] Bluetooth: Core ver 2.22
[    0.418553] NET: Registered protocol family 31
[    0.422929] Bluetooth: HCI device and connection manager initialized
[    0.429246] Bluetooth: HCI socket layer initialized
[    0.434109] Bluetooth: L2CAP socket layer initialized
[    0.439150] Bluetooth: SCO socket layer initialized
[    0.444618] clocksource: Switched to clocksource timer_us
[    0.531630] NET: Registered protocol family 2
[    0.536890] tcp_listen_portaddr_hash hash table entries: 512 (order: 0, 6144 bytes)
[    0.544489] TCP established hash table entries: 8192 (order: 3, 32768 bytes)
[    0.551566] TCP bind hash table entries: 8192 (order: 4, 65536 bytes)
[    0.558030] TCP: Hash tables configured (established 8192 bind 8192)
[    0.564994] UDP hash table entries: 512 (order: 2, 16384 bytes)
[    0.570860] UDP-Lite hash table entries: 512 (order: 2, 16384 bytes)
[    0.577448] NET: Registered protocol family 1
[    0.582380] RPC: Registered named UNIX socket transport module.
[    0.588222] RPC: Registered udp transport module.
[    0.592880] RPC: Registered tcp transport module.
[    0.597575] RPC: Registered tcp NFSv4.1 backchannel transport module.
[    0.604694] PCI: CLS 0 bytes, default 64
[    0.609873] hw perfevents: no interrupt-affinity property for /pmu, guessing.
[    0.617116] hw perfevents: enabled with armv7_cortex_a9 PMU driver, 7 counters available
[    0.626606] Initialise system trusted keyrings
[    0.631130] workingset: timestamp_bits=30 max_order=18 bucket_order=0
[    0.638568] squashfs: version 4.0 (2009/01/31) Phillip Lougher
[    0.645014] NFS: Registering the id_resolver key type
[    0.649980] Key type id_resolver registered
[    0.654127] Key type id_legacy registered
[    0.662724] Key type asymmetric registered
[    0.666742] Asymmetric key parser 'x509' registered
[    0.671790] bounce: pool size: 64 pages
[    0.675633] io scheduler noop registered (default)
[    0.680327] io scheduler mq-deadline registered
[    0.684847] io scheduler kyber registered
[    0.693409] tegra-pcie 80003000.pcie: dual-mode configuration
[    0.700006] tegra-pcie 80003000.pcie: probing port 0, using 2 lanes
[    0.776801] tegra-pcie 80003000.pcie: PCI host bridge to bus 0000:00
[    0.783059] pci_bus 0000:00: root bus resource [io  0x0000-0xffff]
[    0.789231] pci_bus 0000:00: root bus resource [mem 0xa0000000-0xa7ffffff]
[    0.796070] pci_bus 0000:00: root bus resource [mem 0xa8000000-0xbfffffff pref]
[    0.803337] pci_bus 0000:00: root bus resource [bus 00-ff]
[    0.808851] pci 0000:00:01.0: [10de:0bf0] type 01 class 0x060000
[    0.814801] pci_bus 0000:00: 2-byte config write to 0000:00:01.0 offset 0x4 may corrupt adjacent RW1C bits
[    0.824399] pci_bus 0000:00: 2-byte config write to 0000:00:01.0 offset 0x4 may corrupt adjacent RW1C bits
[    0.834041] pci 0000:00:01.0: enabling Extended Tags
[    0.838972] pci_bus 0000:00: 2-byte config write to 0000:00:01.0 offset 0x88 may corrupt adjacent RW1C bits
[    0.848694] pci_bus 0000:00: 2-byte config write to 0000:00:01.0 offset 0x52 may corrupt adjacent RW1C bits
[    0.858400] pci 0000:00:01.0: PME# supported from D0 D1 D2 D3hot D3cold
[    0.864972] pci_bus 0000:00: 2-byte config write to 0000:00:01.0 offset 0x4c may corrupt adjacent RW1C bits
[    0.874872] pci_bus 0000:00: 2-byte config write to 0000:00:01.0 offset 0x3e may corrupt adjacent RW1C bits
[    0.884509] pci_bus 0000:00: 2-byte config write to 0000:00:01.0 offset 0x4 may corrupt adjacent RW1C bits
[    0.894146] pci_bus 0000:00: 1-byte config write to 0000:00:01.0 offset 0xc may corrupt adjacent RW1C bits
[    0.903758] PCI: bus0: Fast back to back transfers disabled
[    0.909311] pci 0000:00:01.0: bridge configuration invalid ([bus 00-00]), reconfiguring
[    0.917282] pci_bus 0000:00: 2-byte config write to 0000:00:01.0 offset 0x3e may corrupt adjacent RW1C bits
[    0.926988] pci_bus 0000:00: 2-byte config write to 0000:00:01.0 offset 0x3e may corrupt adjacent RW1C bits
[    0.936861] pci 0000:01:00.0: [10ec:8168] type 00 class 0x020000
[    0.942792] pci 0000:01:00.0: reg 0x10: [io  0x0000-0x00ff]
[    0.948350] pci 0000:01:00.0: reg 0x18: [mem 0x00000000-0x00000fff 64bit pref]
[    0.955532] pci 0000:01:00.0: reg 0x20: [mem 0x00000000-0x00003fff 64bit pref]
[    0.962708] pci 0000:01:00.0: reg 0x30: [mem 0x00000000-0x0001ffff pref]
[    0.969465] pci 0000:01:00.0: supports D1 D2
[    0.973639] pci 0000:01:00.0: PME# supported from D0 D1 D2 D3hot D3cold
[    1.004656] PCI: bus1: Fast back to back transfers disabled
[    1.010135] pci_bus 0000:01: busn_res: [bus 01-ff] end is updated to 01
[    1.016759] pci 0000:00:01.0: BAR 8: assigned [mem 0xa0000000-0xa00fffff]
[    1.023481] pci 0000:00:01.0: BAR 9: assigned [mem 0xa8000000-0xa80fffff 64bit pref]
[    1.031208] pci 0000:00:01.0: BAR 7: assigned [io  0x1000-0x1fff]
[    1.037279] pci 0000:01:00.0: BAR 6: assigned [mem 0xa0000000-0xa001ffff pref]
[    1.044454] pci 0000:01:00.0: BAR 4: assigned [mem 0xa8000000-0xa8003fff 64bit pref]
[    1.052187] pci 0000:01:00.0: BAR 2: assigned [mem 0xa8004000-0xa8004fff 64bit pref]
[    1.059899] pci 0000:01:00.0: BAR 0: assigned [io  0x1000-0x10ff]
[    1.065962] pci 0000:00:01.0: PCI bridge to [bus 01]
[    1.070885] pci 0000:00:01.0:   bridge window [io  0x1000-0x1fff]
[    1.076966] pci 0000:00:01.0:   bridge window [mem 0xa0000000-0xa00fffff]
[    1.083712] pci 0000:00:01.0:   bridge window [mem 0xa8000000-0xa80fffff 64bit pref]
[    1.091453] pci 0000:00:01.0: nv_msi_ht_cap_quirk didn't locate host bridge
[    1.098424] Disabling cpuidle LP2 state, since PCIe IRQs are in use
[    1.104640] pcieport 0000:00:01.0: enabling device (0140 -> 0143)
[    1.110919] pcieport 0000:00:01.0: Signaling PME with IRQ 298
[    1.119822] tegra-apbdma 6000a000.dma: Tegra20 APB DMA driver register 16 channels
[    1.128948] Serial: 8250/16550 driver, 4 ports, IRQ sharing disabled
[    1.137155] console [ttyS0] disabled
[    1.140674] 70006000.serial: ttyS0 at MMIO 0x70006000 (irq = 282, base_baud = 13500000) is a Tegra
[    1.149612] console [ttyS0] enabled
[    1.149612] console [ttyS0] enabled
[    1.156516] bootconsole [earlycon0] disabled
[    1.156516] bootconsole [earlycon0] disabled
[    1.175290] tegra-dc 54240000.dc: Linked as a consumer to 54200000.dc
[    1.190258] tegra-hdmi 54280000.hdmi: 54280000.hdmi supply hdmi not found, using dummy regulator
[    1.202204] [drm] Supports vblank timestamp caching Rev 2 (21.10.2013).
[    1.208822] [drm] No driver support for vblank timestamp query.
[    1.214858] [drm] Cannot find any crtc or sizes
[    1.219464] [drm] Cannot find any crtc or sizes
[    1.224081] [drm] Initialized tegra 0.0.0 20120330 for drm on minor 0
[    1.241581] loop: module loaded
[    1.247019] m25p80 spi0.0: found s25fl008k, expected w25q80bl
[    1.252831] m25p80 spi0.0: s25fl008k (1024 Kbytes)
[    1.259593] libphy: Fixed MDIO Bus: probed
[    1.263680] CAN device driver interface
[    1.267607] igb: Intel(R) Gigabit Ethernet Network Driver - version 5.4.0-k
[    1.274551] igb: Copyright (c) 2007-2014 Intel Corporation.
[    1.280309] r8169 Gigabit Ethernet driver 2.3LK-NAPI loaded
[    1.285949] r8169 0000:01:00.0: enabling device (0140 -> 0143)
[    1.292547] r8169 0000:01:00.0 eth0: RTL8168d/8111d at 0x477d44f8, 00:01:c0:13:7d:63, XID 081000c0 IRQ 299
[    1.302222] r8169 0000:01:00.0 eth0: jumbo features [frames: 9200 bytes, tx checksumming: ko]
[    1.310900] pegasus: v0.9.3 (2013/04/25), Pegasus/Pegasus II USB Ethernet driver
[    1.318384] usbcore: registered new interface driver pegasus
[    1.324101] usbcore: registered new interface driver asix
[    1.329565] usbcore: registered new interface driver ax88179_178a
[    1.335721] usbcore: registered new interface driver cdc_ether
[    1.341608] usbcore: registered new interface driver smsc75xx
[    1.347434] usbcore: registered new interface driver smsc95xx
[    1.353223] usbcore: registered new interface driver net1080
[    1.358944] usbcore: registered new interface driver cdc_subset
[    1.364925] usbcore: registered new interface driver zaurus
[    1.370556] usbcore: registered new interface driver cdc_ncm
[    1.376533] tegra-phy c5004000.usb-phy: no vbus regulator
[    1.383073] tegra-phy c5008000.usb-phy: no vbus regulator
[    1.388622] ehci_hcd: USB 2.0 'Enhanced' Host Controller (EHCI) Driver
[    1.395154] ehci-pci: EHCI PCI platform driver
[    1.399653] tegra-ehci: Tegra EHCI driver
[    1.455602] ulpi_phy_power_on: ulpi write failed
[    1.460210] tegra-ehci c5004000.usb: Failed to power on the phy
[    1.466150] tegra-ehci: probe of c5004000.usb failed with error -110
[    1.475140] tegra-ehci c5008000.usb: EHCI Host Controller
[    1.480550] tegra-ehci c5008000.usb: new USB bus registered, assigned bus number 1
[    1.488349] tegra-ehci c5008000.usb: irq 293, io mem 0xc5008000
[    1.514643] tegra-ehci c5008000.usb: USB 2.0 started, EHCI 1.00
[    1.521415] hub 1-0:1.0: USB hub found
[    1.525207] hub 1-0:1.0: 1 port detected
[    1.529974] usbcore: registered new interface driver cdc_acm
[    1.535640] cdc_acm: USB Abstract Control Model driver for USB modems and ISDN adapters
[    1.543690] usbcore: registered new interface driver cdc_wdm
[    1.549446] usbcore: registered new interface driver usb-storage
[    1.558028] rtc-em3027 2-0056: rtc core: registered rtc-em3027 as rtc0
[    1.565224] tegra_rtc 7000e000.rtc: rtc core: registered 7000e000.rtc as rtc1
[    1.572386] tegra_rtc 7000e000.rtc: Tegra internal Real Time Clock
[    1.578853] i2c /dev entries driver
[    1.583234] usbcore: registered new interface driver uvcvideo
[    1.588989] USB Video Class driver (1.1.1)
[    1.593071] gspca_main: v2.14.0 registered
[    1.598487] sdhci: Secure Digital Host Controller Interface driver
[    1.604696] sdhci: Copyright(c) Pierre Ossman
[    1.609040] sdhci-pltfm: SDHCI platform and OF driver helper
[    1.623126] mmc0: Invalid maximum block size, assuming 512 bytes
[    1.655613] mmc0: SDHCI controller on c8000000.sdhci [c8000000.sdhci] using ADMA
[    1.663870] sdhci-tegra c8000600.sdhci: Got CD GPIO
[    1.668941] sdhci-tegra c8000600.sdhci: Got WP GPIO
[    1.682685] mmc1: Invalid maximum block size, assuming 512 bytes
[    1.715170] mmc1: SDHCI controller on c8000600.sdhci [c8000600.sdhci] using ADMA
[    1.724109] usbcore: registered new interface driver usbhid
[    1.729784] usbhid: USB HID core driver
[    1.746512] tegra-snd-trimslice sound: tlv320aic23-hifi <-> 70002800.i2s mapping ok
[    1.756717] NET: Registered protocol family 10
[    1.762608] Segment Routing with IPv6
[    1.766481] mip6: Mobile IPv6
[    1.769489] sit: IPv6, IPv4 and MPLS over IPv4 tunneling driver
[    1.777018] NET: Registered protocol family 17
[    1.781466] NET: Registered protocol family 15
[    1.785967] can: controller area network core (rev 20170425 abi 9)
[    1.792395] NET: Registered protocol family 29
[    1.796881] can: raw protocol (rev 20170425)
[    1.801171] can: broadcast manager protocol (rev 20170425 t)
[    1.806860] can: netlink gateway (rev 20170425) max_hops=1
[    1.812524] Bluetooth: RFCOMM socket layer initialized
[    1.817730] Bluetooth: RFCOMM ver 1.11
[    1.821510] Bluetooth: BNEP (Ethernet Emulation) ver 1.3
[    1.826905] Bluetooth: BNEP socket layer initialized
[    1.831857] Bluetooth: HIDP (Human Interface Emulation) ver 1.2
[    1.837825] Bluetooth: HIDP socket layer initialized
[    1.843036] Key type dns_resolver registered
[    1.847691] Registering SWP/SWPB emulation handler
[    1.853437] Loading compiled-in X.509 certificates
[    1.864857] mmc1: new high speed SD card at address b368
[    1.877738] mmcblk1: mmc1:b368 NCard 1.83 GiB (ro)
[    1.880362] utmi_phy_clk_enable: timeout waiting for phy to stabilize
[    1.880389] tegra-ehci c5000000.usb: EHCI Host Controller
[    1.880416] tegra-ehci c5000000.usb: new USB bus registered, assigned bus number 2
[    1.880718] tegra-ehci c5000000.usb: irq 291, io mem 0xc5000000
[    1.896714] usb 1-1: new high-speed USB device number 2 using tegra-ehci
[    1.924653] tegra-ehci c5000000.usb: USB 2.0 started, EHCI 1.00
[    1.929905]  mmcblk1: p1 p2
[    1.934354] hub 2-0:1.0: USB hub found
[    1.938156] hub 2-0:1.0: 1 port detected
[    1.942917] input: gpio-keys as /devices/soc0/gpio-keys/input/input0
[    1.951186] rtc-em3027 2-0056: hctosys: unable to read the hardware clock
[    1.958160] cfg80211: Loading compiled-in X.509 certificates for regulatory database
[    1.969044] cfg80211: Loaded X.509 cert 'sforshee: 00b28ddf47aef9cea7'
[    1.975860] platform regulatory.0: Direct firmware load for regulatory.db failed with error -2
[    1.984454] cfg80211: failed to load regulatory.db
[    1.989395] ALSA device list:
[    1.992354]   #0: tegra-trimslice
[    1.996550] Waiting for root device PARTUUID=11eb23c1-01...
[    2.128359] hub 1-1:1.0: USB hub found
[    2.132594] hub 1-1:1.0: 4 ports detected
[    2.454743] usb 1-1.2: new high-speed USB device number 3 using tegra-ehci
[    2.925935] mmc0: host does not support reading read-only switch, assuming write-enable
[    2.935888] mmc0: new high speed SDHC card at address b368
[    2.956957] mmcblk0: mmc0:b368 NCard 3.70 GiB 
[    2.964278]  mmcblk0: p1
[    3.092974] asix 1-1.2:1.0 eth1: register 'asix' at usb-c5008000.usb-1.2, ASIX AX88772 USB 2.0 Ethernet, 00:60:6e:60:6c:68
[    3.135838] EXT4-fs (mmcblk0p1): mounting ext3 file system using the ext4 subsystem
[    3.602476] EXT4-fs (mmcblk0p1): warning: mounting fs with errors, running e2fsck is recommended
[    3.682417] EXT4-fs (mmcblk0p1): recovery complete
[    3.756641] EXT4-fs (mmcblk0p1): mounted filesystem with ordered data mode. Opts: (null)
[    3.764976] VFS: Mounted root (ext3 filesystem) on device 179:17.
[    3.781775] devtmpfs: mounted
[    3.785770] Freeing unused kernel memory: 1024K
bash: cannot set terminal process group (-1): Inappropriate ioctl for device
bash: no job control in this shell
root@(none):/# 