
U-Boot SPL 2013.04-rc2-06423-gf2e8a87-dirty (May 15 2013 - 09:45:39)


U-Boot 2013.04-rc2-06423-gf2e8a87-dirty (May 15 2013 - 09:45:39)

TEGRA30
Board: NVIDIA Beaver
DRAM:  2 GiB
MMC:   Tegra SD/MMC: 0, Tegra SD/MMC: 1
*** Warning - bad CRC, using default environment

In:    serial
Out:   serial
Err:   serial
Hit any key to stop autoboot:  2  0 
Tegra30 (Beaver) # 
Tegra30 (Beaver) # setenv bootargs 'console=ttyS0,230400n8 noinitrd root=/dev/mmcblk0p1 rw rootwait gpt ignore_loglevel debug'
Tegra30 (Beaver) # loady 0x81000000
## Ready for binary (ymodem) download to 0x81000000 at 230400 bps...
CSending: zImage
Sending: 

Transfer complete
yzModem - CRC mode, 3(SOH)/4326(STX)/0(CAN) packets, 3 retries
## Total Size      = 0x00439830 = 4429872 Bytes
Tegra30 (Beaver) # loady 0x82000000
## Ready for binary (ymodem) download to 0x82000000 at 230400 bps...
CSending: tegra30-beaver.dtb
Sending: 

Transfer complete
yzModem - CRC mode, 6(SOH)/20(STX)/0(CAN) packets, 3 retries
## Total Size      = 0x00005188 = 20872 Bytes
Tegra30 (Beaver) # bootz 0x81000000 - 0x82000000
## Flattened Device Tree blob at 82000000
   Booting using the fdt blob at 0x82000000
   Loading Device Tree to 8fff7000, end 8ffff187 ... OK

Starting kernel ...

[    0.000000] Booting Linux on physical CPU 0x0
[    0.000000] Initializing cgroup subsys cpu
[    0.000000] Initializing cgroup subsys cpuacct
[    0.000000] Linux version 3.11.0-rc5-next-20130815-06315-g0ff7211 (pwalmsley@tamien) (gcc version 4.5.1 (Sourcery G++ Lite 2010.09-50) ) #1 SMP PREEMPT Thu Aug 15 00:35:12 PDT 2013
[    0.000000] CPU: ARMv7 Processor [412fc099] revision 9 (ARMv7), cr=10c5387d
[    0.000000] CPU: PIPT / VIPT nonaliasing data cache, VIPT aliasing instruction cache
[    0.000000] Machine: NVIDIA Tegra SoC (Flattened Device Tree), model: NVIDIA Tegra30 Beaver evaluation board
[    0.000000] debug: ignoring loglevel setting.
[    0.000000] Memory policy: ECC disabled, Data cache writealloc
[    0.000000] On node 0 totalpages: 524032
[    0.000000] free_area_init_node: node 0, pgdat c0827c40, node_mem_map c087f000
[    0.000000]   Normal zone: 1520 pages used for memmap
[    0.000000]   Normal zone: 0 pages reserved
[    0.000000]   Normal zone: 194560 pages, LIFO batch:31
[    0.000000]   HighMem zone: 2574 pages used for memmap
[    0.000000]   HighMem zone: 329472 pages, LIFO batch:31
[    0.000000] fuse_speedo_calib: ATE prog ver 3.3
[    0.000000] Tegra30: CPU Speedo ID 5, Soc Speedo ID 2
[    0.000000] Tegra Revision: A03 SKU: 128 CPU Process: 4 Core Process: 0
[    0.000000] L310 cache controller enabled
[    0.000000] l2x0: 8 ways, CACHE_ID 0x410000c7, AUX_CTRL 0x7e480001, Cache size: 1048576 B
[    0.000000] PERCPU: Embedded 8 pages/cpu @c1892000 s9088 r8192 d15488 u32768
[    0.000000] pcpu-alloc: s9088 r8192 d15488 u32768 alloc=8*4096
[    0.000000] pcpu-alloc: [0] 0 [0] 1 [0] 2 [0] 3 
[    0.000000] Built 1 zonelists in Zone order, mobility grouping on.  Total pages: 522512
[    0.000000] Kernel command line: console=ttyS0,230400n8 noinitrd root=/dev/mmcblk0p1 rw rootwait gpt ignore_loglevel debug
[    0.000000] PID hash table entries: 4096 (order: 2, 16384 bytes)
[    0.000000] Dentry cache hash table entries: 131072 (order: 7, 524288 bytes)
[    0.000000] Inode-cache hash table entries: 65536 (order: 6, 262144 bytes)
[    0.000000] Memory: 2070000K/2096128K available (6050K kernel code, 292K rwdata, 1752K rodata, 224K init, 341K bss, 26128K reserved, 1317888K highmem)
[    0.000000] Virtual kernel memory layout:
[    0.000000]     vector  : 0xffff0000 - 0xffff1000   (   4 kB)
[    0.000000]     fixmap  : 0xfff00000 - 0xfffe0000   ( 896 kB)
[    0.000000]     vmalloc : 0xf0000000 - 0xff000000   ( 240 MB)
[    0.000000]     lowmem  : 0xc0000000 - 0xef800000   ( 760 MB)
[    0.000000]     pkmap   : 0xbfe00000 - 0xc0000000   (   2 MB)
[    0.000000]     modules : 0xbf000000 - 0xbfe00000   (  14 MB)
[    0.000000]       .text : 0xc0008000 - 0xc07a6c78   (7804 kB)
[    0.000000]       .init : 0xc07a7000 - 0xc07df380   ( 225 kB)
[    0.000000]       .data : 0xc07e0000 - 0xc0829340   ( 293 kB)
[    0.000000]        .bss : 0xc082934c - 0xc087ea78   ( 342 kB)
[    0.000000] Preemptible hierarchical RCU implementation.
[    0.000000] NR_IRQS:16 nr_irqs:16 16
[    0.000000] sched_clock: 32 bits at 1000kHz, resolution 1000ns, wraps every 4294967ms
[    0.000000] Console: colour dummy device 80x30
[    0.000551] Calibrating delay loop... 2793.47 BogoMIPS (lpj=13967360)
[    0.059941] pid_max: default: 32768 minimum: 301
[    0.060292] Mount-cache hash table entries: 512
[    0.070431] Initializing cgroup subsys debug
[    0.070451] Initializing cgroup subsys freezer
[    0.070501] CPU: Testing write buffer coherency: ok
[    0.070877] CPU0: thread -1, cpu 0, socket 0, mpidr 80000000
[    0.070924] Setting up static identity map for 0xc05c1798 - 0xc05c1830
[    0.131286] CPU1: Booted secondary processor
[    0.189982] CPU1: thread -1, cpu 1, socket 0, mpidr 80000001
[    0.211257] CPU2: Booted secondary processor
[    0.269982] CPU2: thread -1, cpu 2, socket 0, mpidr 80000002
[    0.291250] CPU3: Booted secondary processor
[    0.349981] CPU3: thread -1, cpu 3, socket 0, mpidr 80000003
[    0.350049] Brought up 4 CPUs
[    0.350067] SMP: Total of 4 processors activated (11173.88 BogoMIPS).
[    0.350074] CPU: All CPU(s) started in SVC mode.
[    0.350876] devtmpfs: initialized
[    0.361531] VFP support v0.3: implementor 41 architecture 3 part 30 variant 9 rev 4
[    0.361824] pinctrl core: initialized pinctrl subsystem
[    0.362222] regulator-dummy: no parameters
[    0.362600] NET: Registered protocol family 16
[    0.363962] DMA: preallocated 256 KiB pool for atomic coherent allocations
[    0.364578] cpuidle: using governor ladder
[    0.364584] cpuidle: using governor menu
[    0.372181] No ATAGs?
[    0.372202] hw-breakpoint: found 5 (+1 reserved) breakpoint and 1 watchpoint registers.
[    0.372209] hw-breakpoint: maximum watchpoint size is 4 bytes.
[    0.381359] bio: create slab <bio-0> at 0
[    0.382416] vdd_5v_in: 5000 mV 
[    0.382542] platform 1.regulator: Driver reg-fixed-voltage requests probe deferral
[    0.382581] platform 2.regulator: Driver reg-fixed-voltage requests probe deferral
[    0.382724] vdd_5v_sata: 5000 mV 
[    0.382753] vdd_5v_sata: supplied by vdd_5v_in
[    0.382985] usb1_vbus: 5000 mV 
[    0.383023] usb1_vbus: supplied by vdd_5v_in
[    0.383221] usb3_vbus: 5000 mV 
[    0.383242] usb3_vbus: supplied by vdd_5v_in
[    0.383354] platform 6.regulator: Driver reg-fixed-voltage requests probe deferral
[    0.383504] sys_3v3_pexs: 3300 mV 
[    0.383529] reg-fixed-voltage 7.regulator: Failed to find supply vin
[    0.383620] reg-fixed-voltage 7.regulator: Failed to register regulator: -517
[    0.383633] platform 7.regulator: Driver reg-fixed-voltage requests probe deferral
[    0.384418] vgaarb: loaded
[    0.385288] SCSI subsystem initialized
[    0.385600] usbcore: registered new interface driver usbfs
[    0.385683] usbcore: registered new interface driver hub
[    0.385829] usbcore: registered new device driver usb
[    0.389300] tps62361-vout: 500 <--> 1500 mV at 1160 mV 
[    0.389656] tps65910 4-002d: VMBCH-Threshold not specified
[    0.389663] tps65910 4-002d: VMBCH2-Threshold not specified
[    0.394977] vdd_1v8_gen: 1800 mV 
[    0.395020] vdd_1v8_gen: supplied by vdd_5v_in
[    0.398177] vddio_ddr_1v2: 1200 mV 
[    0.398667] vddio_ddr_1v2: supplied by vdd_5v_in
[    0.402030] vdd_1v5_gen: 1500 mV 
[    0.402063] vdd_1v5_gen: supplied by vdd_5v_in
[    0.405453] vdd_cpu,vdd_sys: 1000 mV 
[    0.407889] vdd_pexa,vdd_pexb: 1050 mV 
[    0.407921] vdd_pexa,vdd_pexb: supplied by vdd_1v5_gen
[    0.410715] vdd_sata,avdd_plle: 1050 mV 
[    0.410745] vdd_sata,avdd_plle: supplied by vdd_1v5_gen
[    0.413210] vdd_rtc: 1200 mV 
[    0.413241] vdd_rtc: supplied by vdd_5v_in
[    0.415711] vddio_sdmmc,avdd_vdac: 3300 mV 
[    0.415743] vddio_sdmmc,avdd_vdac: supplied by vdd_5v_in
[    0.418527] avdd_dsi_csi,pwrdet_mipi: 1200 mV 
[    0.418558] avdd_dsi_csi,pwrdet_mipi: supplied by vdd_1v8_gen
[    0.421036] vdd_pllm,x,u,a_p_c_s: 1200 mV 
[    0.421068] vdd_pllm,x,u,a_p_c_s: supplied by vdd_1v8_gen
[    0.423845] vdd_ddr_hs: 1000 mV 
[    0.423877] vdd_ddr_hs: supplied by vdd_1v8_gen
[    0.424251] Linux video capture interface: v2.00
[    0.424739] platform 7000f010.iommu: Driver tegra-smmu requests probe deferral
[    0.424980] Advanced Linux Sound Architecture Driver Initialized.
[    0.425596] Bluetooth: Core ver 2.16
[    0.425656] NET: Registered protocol family 31
[    0.425661] Bluetooth: HCI device and connection manager initialized
[    0.425681] Bluetooth: HCI socket layer initialized
[    0.425697] Bluetooth: L2CAP socket layer initialized
[    0.425734] Bluetooth: SCO socket layer initialized
[    0.426232] cfg80211: Calling CRDA to update world regulatory domain
[    0.427004] Switched to clocksource timer_us
[    0.436706] NET: Registered protocol family 2
[    0.437439] TCP established hash table entries: 8192 (order: 4, 65536 bytes)
[    0.437532] TCP bind hash table entries: 8192 (order: 4, 65536 bytes)
[    0.437608] TCP: Hash tables configured (established 8192 bind 8192)
[    0.438118] TCP: reno registered
[    0.438131] UDP hash table entries: 512 (order: 2, 16384 bytes)
[    0.438195] UDP-Lite hash table entries: 512 (order: 2, 16384 bytes)
[    0.438582] NET: Registered protocol family 1
[    0.439233] RPC: Registered named UNIX socket transport module.
[    0.439240] RPC: Registered udp transport module.
[    0.439244] RPC: Registered tcp transport module.
[    0.439248] RPC: Registered tcp NFSv4.1 backchannel transport module.
[    0.439257] PCI: CLS 0 bytes, default 64
[    0.440258] hw perfevents: enabled with ARMv7 Cortex-A9 PMU driver, 7 counters available
[    0.442617] bounce pool size: 64 pages
[    0.443813] squashfs: version 4.0 (2009/01/31) Phillip Lougher
[    0.444484] msgmni has been set to 1468
[    0.445621] io scheduler noop registered (default)
[    0.446346] platform 3000.pcie-controller: Driver tegra-pcie requests probe deferral
[    0.450189] tegra-apbdma 6000a000.dma: Tegra20 APB DMA driver register 32 channels
[    0.450603] Serial: 8250/16550 driver, 4 ports, IRQ sharing disabled
[    0.451960] 70006000.serial: ttyS0 at MMIO 0x70006000 (irq = 68, base_baud = 25500000) is a Tegra
[    0.858219] console [ttyS0] enabled
[    0.860611] [drm] Initialized drm 1.1.0 20060810
[    0.864114] tegra-hdmi 54280000.hdmi: failed to get VDD regulator
[    0.867203] platform 54280000.hdmi: Driver tegra-hdmi requests probe deferral
[    0.874431] loop: module loaded
[    0.878585] m25p80 spi32766.1: w25q32 (4096 Kbytes)
[    0.882167] pegasus: v0.9.3 (2013/04/25), Pegasus/Pegasus II USB Ethernet driver
[    0.885964] usbcore: registered new interface driver pegasus
[    0.888886] usbcore: registered new interface driver asix
[    0.891647] usbcore: registered new interface driver ax88179_178a
[    0.894754] usbcore: registered new interface driver cdc_ether
[    0.897742] usbcore: registered new interface driver r815x
[    0.900558] usbcore: registered new interface driver smsc75xx
[    0.903517] usbcore: registered new interface driver smsc95xx
[    0.906449] usbcore: registered new interface driver net1080
[    0.909349] usbcore: registered new interface driver cdc_subset
[    0.912366] usbcore: registered new interface driver zaurus
[    0.915236] usbcore: registered new interface driver cdc_ncm
[    0.918123] ehci_hcd: USB 2.0 'Enhanced' Host Controller (EHCI) Driver
[    0.921397] ehci-pci: EHCI PCI platform driver
[    0.923679] tegra-ehci: Tegra EHCI driver
[    0.925850] platform 7d008000.usb: Driver tegra-ehci requests probe deferral
[    0.929618] usbcore: registered new interface driver cdc_acm
[    0.932456] cdc_acm: USB Abstract Control Model driver for USB modems and ISDN adapters
[    0.936520] usbcore: registered new interface driver cdc_wdm
[    0.939433] usbcore: registered new interface driver usb-storage
[    0.944958] clk_pll_wait_for_lock: Timed out waiting for pll pll_u lock
[    0.948331] tegra-phy: probe of 7d008000.usb-phy failed with error -1
[    0.951976] mousedev: PS/2 mouse device common for all mice
[    0.955787] tegra_rtc 7000e000.rtc: rtc core: registered 7000e000.rtc as rtc0
[    0.959406] tegra_rtc 7000e000.rtc: Tegra internal Real Time Clock
[    0.975428] tps65910-rtc tps65910-rtc: rtc core: registered tps65910-rtc as rtc1
[    0.980473] sdhci: Secure Digital Host Controller Interface driver
[    0.983573] sdhci: Copyright(c) Pierre Ossman
[    0.985757] sdhci-pltfm: SDHCI platform and OF driver helper
[    0.988935] sdhci-tegra 78000000.sdhci: Got CD GPIO #69.
[    0.991613] sdhci-tegra 78000000.sdhci: Got WP GPIO #155.
[    0.995373] mmc0: no vqmmc regulator found
[    0.997445] mmc0: no vmmc regulator found
[    0.999457] mmc0: Invalid maximum block size, assuming 512 bytes
[    1.047016] mmc0: SDHCI controller on 78000000.sdhci [78000000.sdhci] using ADMA
[    1.051830] mmc1: no vqmmc regulator found
[    1.053888] mmc1: no vmmc regulator found
[    1.055898] mmc1: Invalid maximum block size, assuming 512 bytes
[    1.097013] mmc1: SDHCI controller on 78000600.sdhci [78000600.sdhci] using ADMA
[    1.103536] usbcore: registered new interface driver usbhid
[    1.108374] usbhid: USB HID core driver
[    1.255490] mmc1: new high speed MMC card at address 0001
[    1.258687] mmcblk0: mmc1:0001 SEM16G 14.8 GiB 
[    1.261219] mmcblk0boot0: mmc1:0001 SEM16G partition 1 1.00 MiB
[    1.264431] mmcblk0boot1: mmc1:0001 SEM16G partition 2 1.00 MiB
[    1.267626] mmcblk0rpmb: mmc1:0001 SEM16G partition 3 128 KiB
[    1.274650] Primary GPT is invalid, using alternate GPT.
[    1.277353]  mmcblk0: p1 p2 p3 p4 p5
[    1.283358]  mmcblk0boot1: unknown partition table
[    1.288749]  mmcblk0boot0: unknown partition table
[    1.541550] tegra-snd-rt5640 sound.4:  rt5640-aif1 <-> 70080400.i2s mapping ok
[    1.546068] input: NVIDIA Tegra Beaver Headphones as /devices/soc0/sound.4/sound/card0/input0
[    1.551606] TCP: cubic registered
[    1.553463] NET: Registered protocol family 10
[    1.556756] mip6: Mobile IPv6
[    1.558273] sit: IPv6 over IPv4 tunneling driver
[    1.561798] NET: Registered protocol family 17
[    1.564063] NET: Registered protocol family 15
[    1.566484] Bluetooth: RFCOMM socket layer initialized
[    1.569079] Bluetooth: RFCOMM ver 1.11
[    1.570960] Bluetooth: BNEP (Ethernet Emulation) ver 1.3
[    1.573636] Bluetooth: BNEP socket layer initialized
[    1.576125] Bluetooth: HIDP (Human Interface Emulation) ver 1.2
[    1.579114] Bluetooth: HIDP socket layer initialized
[    1.582043] Registering SWP/SWPB emulation handler
[    1.584980] vdd_sata,avdd_plle: disabling
[    1.588705] chargepump_5v: 5000 mV 
[    1.591977] vdd_ddr: 1500 mV 
[    1.593503] vdd_ddr: supplied by vdd_5v_in
[    1.596720] sys_3v3,vdd_3v3_alw: 3300 mV 
[    1.598782] sys_3v3,vdd_3v3_alw: supplied by vdd_5v_in
[    1.601596] sys_3v3_pexs: 3300 mV 
[    1.603321] sys_3v3_pexs: supplied by sys_3v3,vdd_3v3_alw
[    1.606526] tegra-pcie 3000.pcie-controller: 2x3 configuration
[    1.613812] tegra-pcie 3000.pcie-controller: probing port 0, using 2 lanes
[    1.671570] tegra-pcie 3000.pcie-controller: probing port 2, using 2 lanes
[    2.079190] tegra-pcie 3000.pcie-controller: link 2 down, retrying
[    2.486449] tegra-pcie 3000.pcie-controller: link 2 down, retrying
[    2.893827] tegra-pcie 3000.pcie-controller: link 2 down, retrying
[    2.898945] tegra-pcie 3000.pcie-controller: link 2 down, ignoring
[    2.902222] tegra-pcie 3000.pcie-controller: PCI host bridge to bus 0000:00
[    2.905720] pci_bus 0000:00: root bus resource [mem 0x20000000-0x27ffffff]
[    2.909192] pci_bus 0000:00: root bus resource [mem 0x28000000-0x3fffffff pref]
[    2.912862] pci_bus 0000:00: root bus resource [bus 00-ff]
[    2.915615] pci_bus 0000:00: root bus resource [io  0x1000-0xffff]
[    2.918761] pci 0000:00:01.0: [10de:0e1c] type 01 class 0x060400
[    2.921826] pci 0000:00:01.0: PME# supported from D0 D1 D2 D3hot D3cold
[    2.925335] PCI: bus0: Fast back to back transfers disabled
[    2.928149] pci 0000:00:01.0: bridge configuration invalid ([bus 00-00]), reconfiguring
[    2.932320] pci 0000:01:00.0: [10ec:8168] type 00 class 0x020000
[    2.935355] pci 0000:01:00.0: reg 0x10: [io  0x0000-0x00ff]
[    2.938181] pci 0000:01:00.0: reg 0x18: [mem 0x00000000-0x00000fff 64bit pref]
[    2.941814] pci 0000:01:00.0: reg 0x20: [mem 0x00000000-0x00003fff 64bit pref]
[    2.945483] pci 0000:01:00.0: supports D1 D2
[    2.947636] pci 0000:01:00.0: PME# supported from D0 D1 D2 D3hot D3cold
[    2.967027] PCI: bus1: Fast back to back transfers disabled
[    2.969828] pci_bus 0000:01: busn_res: [bus 01-ff] end is updated to 01
[    2.973185] pci 0000:00:01.0: BAR 9: assigned [mem 0x28000000-0x280fffff 64bit pref]
[    2.977082] pci 0000:00:01.0: BAR 7: assigned [io  0x1000-0x1fff]
[    2.980147] pci 0000:01:00.0: BAR 4: assigned [mem 0x28000000-0x28003fff 64bit pref]
[    2.984039] pci 0000:01:00.0: BAR 2: assigned [mem 0x28004000-0x28004fff 64bit pref]
[    2.987939] pci 0000:01:00.0: BAR 0: assigned [io  0x1000-0x10ff]
[    2.990999] pci 0000:00:01.0: PCI bridge to [bus 01]
[    2.993492] pci 0000:00:01.0:   bridge window [io  0x1000-0x1fff]
[    2.996550] pci 0000:00:01.0:   bridge window [mem 0x28000000-0x280fffff 64bit pref]
[    3.000447] PCI: enabling device 0000:00:01.0 (0140 -> 0143)
[    3.003301] pci 0000:00:01.0: nv_msi_ht_cap_quirk didn't locate host bridge
[    3.006958] r8169 Gigabit Ethernet driver 2.3LK-NAPI loaded
[    3.009823] PCI: enabling device 0000:01:00.0 (0140 -> 0143)
[    3.013523] r8169 0000:01:00.0 eth0: RTL8168evl/8111evl at 0xf00a6000, 02:04:4b:01:60:a6, XID 0c900800 IRQ 472
[    3.018561] r8169 0000:01:00.0 eth0: jumbo features [frames: 9200 bytes, tx checksumming: ko]
[    3.025076] [drm] Supports vblank timestamp caching Rev 1 (10.10.2010).
[    3.028567] [drm] No driver support for vblank timestamp query.
[    3.031565] tegra-host1x 50000000.host1x: No connectors reported connected with modes
[    3.035498] [drm] Cannot find any crtc or sizes - going 1024x768
[    3.052308] Console: switching to colour frame buffer device 128x48
[    3.061517] tegra-host1x 50000000.host1x: fb0:  frame buffer device
[    3.064661] tegra-host1x 50000000.host1x: registered panic notifier
[    3.067825] [drm] Initialized tegra 0.0.0 20120330 on minor 0
[    3.070899] platform 7d008000.usb: Driver tegra-ehci requests probe deferral
[    3.075167] tegra_rtc 7000e000.rtc: setting system clock to 1970-01-01 00:03:47 UTC (227)
[    3.079518] ALSA device list:
[    3.081008]   #0: NVIDIA Tegra Beaver
[    3.226268] kjournald starting.  Commit interval 5 seconds
[    3.227965] EXT3-fs (mmcblk0p1): using internal journal
[    3.229447] EXT3-fs (mmcblk0p1): recovery complete
[    3.229450] EXT3-fs (mmcblk0p1): mounted filesystem with writeback data mode
[    3.229530] VFS: Mounted root (ext3 filesystem) on device 179:1.
[    3.231827] devtmpfs: mounted
[    3.232049] Freeing unused kernel memory: 224K (c07a7000 - c07df000)
 
INIT: version 2.88 booting
[info] Using makefile-style concurrent boot in runlevel S.
[....] Starting the hotplug events dispatcher: udevd[    4.140310] udevd[180]: starting version 175
[ ok .
[....] Synthesizing the initial hotplug events...[ ok done.
[....] Waiting for /dev to be fully populated...[ ok done.
[....] Activating swap...[ ok done.
[....] Cleaning up temporary files... /tmp[ ok .
[....] Activating lvm and md swap...[ ok done.
[....] Checking file systems...fsck from util-linux 2.20.1
[ ok done.
[....] Mounting local filesystems...[ ok done.
[....] Activating swapfile swap...[ ok done.
[....] Cleaning up temporary files...[ ok .
[....] Setting kernel variables ...[ ok done.
[....] Configuring network interfaces...[ ok done.
[....] Starting rpcbind daemon...[ ok .
[....] Starting NFS common utilities: statd idmapd[FAIL failed!
[....] Cleaning up temporary files...[ ok .
[....] Starting network benchmark server[ ok .
[....] startpar: service(s) returned failure: nfs-common ...[FAIL failed!
INIT: Entering runlevel: 2
[info] Using makefile-style concurrent boot in runlevel 2.
[....] Starting network benchmark server[FAIL failed!
[....] Starting rpcbind daemon...[....] Already running.[ ok .
[....] Starting NFS common utilities: statd idmapd[FAIL failed!
[....] Starting system message bus: dbus[ ok [....] startpar: service(s) returned failure: nfs-common ...[FAIL failed!

Debian GNU/Linux wheezy/sid armel ttyS0

armel login: 