
U-Boot SPL 2013.04-rc2-06423-gf2e8a87-dirty (May 15 2013 - 09:45:39)


U-Boot 2013.04-rc2-06423-gf2e8a87-dirty (May 15 2013 - 09:45:39)

TEGRA30
Board: NVIDIA Beaver
DRAM:  2 GiB
MMC:   Tegra SD/MMC: 0, Tegra SD/MMC: 1
*** Warning - bad CRC, using default environment

In:    serial
Out:   serial
Err:   serial
Hit any key to stop autoboot:  2  0 
Tegra30 (Beaver) # 
Tegra30 (Beaver) # setenv bootargs 'console=ttyS0,230400n8 noinitrd root=/dev/mmcblk0p1 rw rootwait gpt ignore_loglevel debug'
Tegra30 (Beaver) # loady 0x81000000
## Ready for binary (ymodem) download to 0x81000000 at 230400 bps...
CSending: zImage
Sending: 

Transfer complete
yzModem - CRC mode, 4(SOH)/4345(STX)/0(CAN) packets, 3 retries
## Total Size      = 0x0043e500 = 4449536 Bytes
Tegra30 (Beaver) # loady 0x82000000
## Ready for binary (ymodem) download to 0x82000000 at 230400 bps...
CSending: tegra30-beaver.dtb
Sending: 

Transfer complete
yzModem - CRC mode, 6(SOH)/20(STX)/0(CAN) packets, 3 retries
## Total Size      = 0x00005188 = 20872 Bytes
Tegra30 (Beaver) # bootz 0x81000000 - 0x82000000
## Flattened Device Tree blob at 82000000
   Booting using the fdt blob at 0x82000000
   Loading Device Tree to 8fff7000, end 8ffff187 ... OK

Starting kernel ...

[    0.000000] Booting Linux on physical CPU 0x0
[    0.000000] Initializing cgroup subsys cpu
[    0.000000] Initializing cgroup subsys cpuacct
[    0.000000] Linux version 3.11.0-rc5-next-20130815-06315-g0ff7211 (pwalmsley@tamien) (gcc version 4.5.1 (Sourcery G++ Lite 2010.09-50) ) #1 SMP PREEMPT Thu Aug 15 00:18:07 PDT 2013
[    0.000000] CPU: ARMv7 Processor [412fc099] revision 9 (ARMv7), cr=10c5387d
[    0.000000] CPU: PIPT / VIPT nonaliasing data cache, VIPT aliasing instruction cache
[    0.000000] Machine: NVIDIA Tegra SoC (Flattened Device Tree), model: NVIDIA Tegra30 Beaver evaluation board
[    0.000000] debug: ignoring loglevel setting.
[    0.000000] Memory policy: ECC disabled, Data cache writealloc
[    0.000000] On node 0 totalpages: 524032
[    0.000000] free_area_init_node: node 0, pgdat c0838ac0, node_mem_map c0890000
[    0.000000]   Normal zone: 1520 pages used for memmap
[    0.000000]   Normal zone: 0 pages reserved
[    0.000000]   Normal zone: 194560 pages, LIFO batch:31
[    0.000000]   HighMem zone: 2574 pages used for memmap
[    0.000000]   HighMem zone: 329472 pages, LIFO batch:31
[    0.000000] fuse_speedo_calib: ATE prog ver 3.3
[    0.000000] Tegra30: CPU Speedo ID 5, Soc Speedo ID 2
[    0.000000] Tegra Revision: A03 SKU: 128 CPU Process: 4 Core Process: 0
[    0.000000] L310 cache controller enabled
[    0.000000] l2x0: 8 ways, CACHE_ID 0x410000c7, AUX_CTRL 0x7e480001, Cache size: 1048576 B
[    0.000000] PERCPU: Embedded 8 pages/cpu @c18a3000 s9152 r8192 d15424 u32768
[    0.000000] pcpu-alloc: s9152 r8192 d15424 u32768 alloc=8*4096
[    0.000000] pcpu-alloc: [0] 0 [0] 1 [0] 2 [0] 3 
[    0.000000] Built 1 zonelists in Zone order, mobility grouping on.  Total pages: 522512
[    0.000000] Kernel command line: console=ttyS0,230400n8 noinitrd root=/dev/mmcblk0p1 rw rootwait gpt ignore_loglevel debug
[    0.000000] PID hash table entries: 4096 (order: 2, 16384 bytes)
[    0.000000] Dentry cache hash table entries: 131072 (order: 7, 524288 bytes)
[    0.000000] Inode-cache hash table entries: 65536 (order: 6, 262144 bytes)
[    0.000000] Memory: 2069932K/2096128K available (6066K kernel code, 304K rwdata, 1784K rodata, 232K init, 342K bss, 26196K reserved, 1317888K highmem)
[    0.000000] Virtual kernel memory layout:
[    0.000000]     vector  : 0xffff0000 - 0xffff1000   (   4 kB)
[    0.000000]     fixmap  : 0xfff00000 - 0xfffe0000   ( 896 kB)
[    0.000000]     vmalloc : 0xf0000000 - 0xff000000   ( 240 MB)
[    0.000000]     lowmem  : 0xc0000000 - 0xef800000   ( 760 MB)
[    0.000000]     pkmap   : 0xbfe00000 - 0xc0000000   (   2 MB)
[    0.000000]     modules : 0xbf000000 - 0xbfe00000   (  14 MB)
[    0.000000]       .text : 0xc0008000 - 0xc07b2ea8   (7852 kB)
[    0.000000]       .init : 0xc07b3000 - 0xc07ed3c0   ( 233 kB)
[    0.000000]       .data : 0xc07ee000 - 0xc083a1c0   ( 305 kB)
[    0.000000]        .bss : 0xc083a1cc - 0xc088fcf8   ( 343 kB)
[    0.000000] Preemptible hierarchical RCU implementation.
[    0.000000] NR_IRQS:16 nr_irqs:16 16
[    0.000000] sched_clock: 32 bits at 1000kHz, resolution 1000ns, wraps every 4294967ms
[    0.000000] Console: colour dummy device 80x30
[    0.000560] Calibrating delay loop... 2793.47 BogoMIPS (lpj=13967360)
[    0.059942] pid_max: default: 32768 minimum: 301
[    0.060290] Mount-cache hash table entries: 512
[    0.070569] Initializing cgroup subsys debug
[    0.070588] Initializing cgroup subsys freezer
[    0.070640] CPU: Testing write buffer coherency: ok
[    0.071009] CPU0: thread -1, cpu 0, socket 0, mpidr 80000000
[    0.071054] Setting up static identity map for 0xc05c5200 - 0xc05c5298
[    0.131282] CPU1: Booted secondary processor
[    0.189983] CPU1: thread -1, cpu 1, socket 0, mpidr 80000001
[    0.211264] CPU2: Booted secondary processor
[    0.269983] CPU2: thread -1, cpu 2, socket 0, mpidr 80000002
[    0.291255] CPU3: Booted secondary processor
[    0.349982] CPU3: thread -1, cpu 3, socket 0, mpidr 80000003
[    0.350051] Brought up 4 CPUs
[    0.350068] SMP: Total of 4 processors activated (11173.88 BogoMIPS).
[    0.350074] CPU: All CPU(s) started in SVC mode.
[    0.350877] devtmpfs: initialized
[    0.361637] VFP support v0.3: implementor 41 architecture 3 part 30 variant 9 rev 4
[    0.361927] pinctrl core: initialized pinctrl subsystem
[    0.362325] regulator-dummy: no parameters
[    0.362706] NET: Registered protocol family 16
[    0.364062] DMA: preallocated 256 KiB pool for atomic coherent allocations
[    0.364680] cpuidle: using governor ladder
[    0.364687] cpuidle: using governor menu
[    0.372382] No ATAGs?
[    0.372404] hw-breakpoint: found 5 (+1 reserved) breakpoint and 1 watchpoint registers.
[    0.372410] hw-breakpoint: maximum watchpoint size is 4 bytes.
[    0.381692] bio: create slab <bio-0> at 0
[    0.382770] vdd_5v_in: 5000 mV 
[    0.382878] platform 1.regulator: Driver reg-fixed-voltage requests probe deferral
[    0.382915] platform 2.regulator: Driver reg-fixed-voltage requests probe deferral
[    0.383077] vdd_5v_sata: 5000 mV 
[    0.383107] vdd_5v_sata: supplied by vdd_5v_in
[    0.383346] usb1_vbus: 5000 mV 
[    0.383368] usb1_vbus: supplied by vdd_5v_in
[    0.383561] usb3_vbus: 5000 mV 
[    0.383582] usb3_vbus: supplied by vdd_5v_in
[    0.383690] platform 6.regulator: Driver reg-fixed-voltage requests probe deferral
[    0.383837] sys_3v3_pexs: 3300 mV 
[    0.383861] reg-fixed-voltage 7.regulator: Failed to find supply vin
[    0.383953] reg-fixed-voltage 7.regulator: Failed to register regulator: -517
[    0.383965] platform 7.regulator: Driver reg-fixed-voltage requests probe deferral
[    0.384749] vgaarb: loaded
[    0.385620] SCSI subsystem initialized
[    0.385939] usbcore: registered new interface driver usbfs
[    0.386005] usbcore: registered new interface driver hub
[    0.386146] usbcore: registered new device driver usb
[    0.389611] tps62361-vout: 500 <--> 1500 mV at 1160 mV 
[    0.390000] tps65910 4-002d: VMBCH-Threshold not specified
[    0.390008] tps65910 4-002d: VMBCH2-Threshold not specified
[    0.395307] vdd_1v8_gen: 1800 mV 
[    0.395350] vdd_1v8_gen: supplied by vdd_5v_in
[    0.398502] vddio_ddr_1v2: 1200 mV 
[    0.398993] vddio_ddr_1v2: supplied by vdd_5v_in
[    0.402363] vdd_1v5_gen: 1500 mV 
[    0.402394] vdd_1v5_gen: supplied by vdd_5v_in
[    0.405779] vdd_cpu,vdd_sys: 1000 mV 
[    0.408214] vdd_pexa,vdd_pexb: 1050 mV 
[    0.408243] vdd_pexa,vdd_pexb: supplied by vdd_1v5_gen
[    0.411044] vdd_sata,avdd_plle: 1050 mV 
[    0.411075] vdd_sata,avdd_plle: supplied by vdd_1v5_gen
[    0.413538] vdd_rtc: 1200 mV 
[    0.413570] vdd_rtc: supplied by vdd_5v_in
[    0.416035] vddio_sdmmc,avdd_vdac: 3300 mV 
[    0.416069] vddio_sdmmc,avdd_vdac: supplied by vdd_5v_in
[    0.418855] avdd_dsi_csi,pwrdet_mipi: 1200 mV 
[    0.418901] avdd_dsi_csi,pwrdet_mipi: supplied by vdd_1v8_gen
[    0.421361] vdd_pllm,x,u,a_p_c_s: 1200 mV 
[    0.421392] vdd_pllm,x,u,a_p_c_s: supplied by vdd_1v8_gen
[    0.424169] vdd_ddr_hs: 1000 mV 
[    0.424215] vdd_ddr_hs: supplied by vdd_1v8_gen
[    0.424573] Linux video capture interface: v2.00
[    0.425156] platform 7000f010.iommu: Driver tegra-smmu requests probe deferral
[    0.425379] Advanced Linux Sound Architecture Driver Initialized.
[    0.425993] Bluetooth: Core ver 2.16
[    0.426052] NET: Registered protocol family 31
[    0.426057] Bluetooth: HCI device and connection manager initialized
[    0.426076] Bluetooth: HCI socket layer initialized
[    0.426091] Bluetooth: L2CAP socket layer initialized
[    0.426130] Bluetooth: SCO socket layer initialized
[    0.426643] cfg80211: Calling CRDA to update world regulatory domain
[    0.427391] Switched to clocksource timer_us
[    0.437066] NET: Registered protocol family 2
[    0.437792] TCP established hash table entries: 8192 (order: 4, 65536 bytes)
[    0.437885] TCP bind hash table entries: 8192 (order: 4, 65536 bytes)
[    0.437956] TCP: Hash tables configured (established 8192 bind 8192)
[    0.438464] TCP: reno registered
[    0.438478] UDP hash table entries: 512 (order: 2, 16384 bytes)
[    0.438544] UDP-Lite hash table entries: 512 (order: 2, 16384 bytes)
[    0.438934] NET: Registered protocol family 1
[    0.439581] RPC: Registered named UNIX socket transport module.
[    0.439589] RPC: Registered udp transport module.
[    0.439593] RPC: Registered tcp transport module.
[    0.439597] RPC: Registered tcp NFSv4.1 backchannel transport module.
[    0.439606] PCI: CLS 0 bytes, default 64
[    0.440597] hw perfevents: enabled with ARMv7 Cortex-A9 PMU driver, 7 counters available
[    0.443020] bounce pool size: 64 pages
[    0.444239] squashfs: version 4.0 (2009/01/31) Phillip Lougher
[    0.444906] msgmni has been set to 1468
[    0.446043] io scheduler noop registered (default)
[    0.446753] platform 3000.pcie-controller: Driver tegra-pcie requests probe deferral
[    0.450581] tegra-apbdma 6000a000.dma: Tegra20 APB DMA driver register 32 channels
[    0.451001] Serial: 8250/16550 driver, 4 ports, IRQ sharing disabled
[    0.452345] 70006000.serial: ttyS0 at MMIO 0x70006000 (irq = 68, base_baud = 25500000) is a Tegra
[    0.858635] console [ttyS0] enabled
[    0.861030] [drm] Initialized drm 1.1.0 20060810
[    0.864503] tegra-hdmi 54280000.hdmi: failed to get VDD regulator
[    0.867588] platform 54280000.hdmi: Driver tegra-hdmi requests probe deferral
[    0.874784] loop: module loaded
[    0.878912] m25p80 spi32766.1: w25q32 (4096 Kbytes)
[    0.882500] pegasus: v0.9.3 (2013/04/25), Pegasus/Pegasus II USB Ethernet driver
[    0.886281] usbcore: registered new interface driver pegasus
[    0.889203] usbcore: registered new interface driver asix
[    0.891977] usbcore: registered new interface driver ax88179_178a
[    0.895084] usbcore: registered new interface driver cdc_ether
[    0.898071] usbcore: registered new interface driver r815x
[    0.900886] usbcore: registered new interface driver smsc75xx
[    0.903830] usbcore: registered new interface driver smsc95xx
[    0.906761] usbcore: registered new interface driver net1080
[    0.909679] usbcore: registered new interface driver cdc_subset
[    0.912697] usbcore: registered new interface driver zaurus
[    0.915565] usbcore: registered new interface driver cdc_ncm
[    0.918453] ehci_hcd: USB 2.0 'Enhanced' Host Controller (EHCI) Driver
[    0.921727] ehci-pci: EHCI PCI platform driver
[    0.924009] tegra-ehci: Tegra EHCI driver
[    0.926177] platform 7d008000.usb: Driver tegra-ehci requests probe deferral
[    0.929932] usbcore: registered new interface driver cdc_acm
[    0.932770] cdc_acm: USB Abstract Control Model driver for USB modems and ISDN adapters
[    0.936848] usbcore: registered new interface driver cdc_wdm
[    0.939760] usbcore: registered new interface driver usb-storage
[    0.945284] clk_pll_wait_for_lock: Timed out waiting for pll pll_u lock
[    0.948657] tegra-phy: probe of 7d008000.usb-phy failed with error -1
[    0.952284] mousedev: PS/2 mouse device common for all mice
[    0.956118] tegra_rtc 7000e000.rtc: rtc core: registered 7000e000.rtc as rtc0
[    0.959735] tegra_rtc 7000e000.rtc: Tegra internal Real Time Clock
[    0.975765] tps65910-rtc tps65910-rtc: rtc core: registered tps65910-rtc as rtc1
[    0.980816] sdhci: Secure Digital Host Controller Interface driver
[    0.983915] sdhci: Copyright(c) Pierre Ossman
[    0.986099] sdhci-pltfm: SDHCI platform and OF driver helper
[    0.989272] sdhci-tegra 78000000.sdhci: Got CD GPIO #69.
[    0.991949] sdhci-tegra 78000000.sdhci: Got WP GPIO #155.
[    0.995709] mmc0: no vqmmc regulator found
[    0.997781] mmc0: no vmmc regulator found
[    0.999793] mmc0: Invalid maximum block size, assuming 512 bytes
[    1.047403] mmc0: SDHCI controller on 78000000.sdhci [78000000.sdhci] using ADMA
[    1.052219] mmc1: no vqmmc regulator found
[    1.054277] mmc1: no vmmc regulator found
[    1.056288] mmc1: Invalid maximum block size, assuming 512 bytes
[    1.097402] mmc1: SDHCI controller on 78000600.sdhci [78000600.sdhci] using ADMA
[    1.103917] usbcore: registered new interface driver usbhid
[    1.108753] usbhid: USB HID core driver
[    1.255865] mmc1: new high speed MMC card at address 0001
[    1.259040] mmcblk0: mmc1:0001 SEM16G 14.8 GiB 
[    1.261571] mmcblk0boot0: mmc1:0001 SEM16G partition 1 1.00 MiB
[    1.264787] mmcblk0boot1: mmc1:0001 SEM16G partition 2 1.00 MiB
[    1.267991] mmcblk0rpmb: mmc1:0001 SEM16G partition 3 128 KiB
[    1.275016] Primary GPT is invalid, using alternate GPT.
[    1.277719]  mmcblk0: p1 p2 p3 p4 p5
[    1.283724]  mmcblk0boot1: unknown partition table
[    1.289100]  mmcblk0boot0: unknown partition table
[    1.542011] tegra-snd-rt5640 sound.4:  rt5640-aif1 <-> 70080400.i2s mapping ok
[    1.546529] input: NVIDIA Tegra Beaver Headphones as /devices/soc0/sound.4/sound/card0/input0
[    1.552069] TCP: cubic registered
[    1.553937] NET: Registered protocol family 10
[    1.557248] mip6: Mobile IPv6
[    1.558769] sit: IPv6 over IPv4 tunneling driver
[    1.562264] NET: Registered protocol family 17
[    1.564526] NET: Registered protocol family 15
[    1.566901] Bluetooth: RFCOMM socket layer initialized
[    1.569496] Bluetooth: RFCOMM ver 1.11
[    1.571377] Bluetooth: BNEP (Ethernet Emulation) ver 1.3
[    1.574053] Bluetooth: BNEP socket layer initialized
[    1.576542] Bluetooth: HIDP (Human Interface Emulation) ver 1.2
[    1.579533] Bluetooth: HIDP socket layer initialized
[    1.582479] Registering SWP/SWPB emulation handler
[    1.585373] vdd_sata,avdd_plle: disabling
[    1.589866] chargepump_5v: 5000 mV 
[    1.595078] vdd_ddr: 1500 mV 
[    1.596604] vdd_ddr: supplied by vdd_5v_in
[    1.600988] sys_3v3,vdd_3v3_alw: 3300 mV 
[    1.603093] sys_3v3,vdd_3v3_alw: supplied by vdd_5v_in
[    1.605932] sys_3v3_pexs: 3300 mV 
[    1.607672] sys_3v3_pexs: supplied by sys_3v3,vdd_3v3_alw
[    1.610821] tegra-pcie 3000.pcie-controller: 2x3 configuration
[    1.618859] tegra-pcie 3000.pcie-controller: probing port 0, using 2 lanes
[    1.676605] tegra-pcie 3000.pcie-controller: probing port 2, using 2 lanes
[    2.084158] tegra-pcie 3000.pcie-controller: link 2 down, retrying
[    2.491354] tegra-pcie 3000.pcie-controller: link 2 down, retrying
[    2.898550] tegra-pcie 3000.pcie-controller: link 2 down, retrying
[    2.903663] tegra-pcie 3000.pcie-controller: link 2 down, ignoring
[    2.906928] tegra-pcie 3000.pcie-controller: PCI host bridge to bus 0000:00
[    2.910475] pci_bus 0000:00: root bus resource [mem 0x20000000-0x27ffffff]
[    2.913927] pci_bus 0000:00: root bus resource [mem 0x28000000-0x3fffffff pref]
[    2.917607] pci_bus 0000:00: root bus resource [bus 00-ff]
[    2.920368] pci_bus 0000:00: root bus resource [io  0x1000-0xffff]
[    2.923496] pci 0000:00:01.0: [10de:0e1c] type 01 class 0x060400
[    2.926563] pci 0000:00:01.0: PME# supported from D0 D1 D2 D3hot D3cold
[    2.930081] PCI: bus0: Fast back to back transfers disabled
[    2.932881] pci 0000:00:01.0: bridge configuration invalid ([bus 00-00]), reconfiguring
[    2.937059] pci 0000:01:00.0: [10ec:8168] type 00 class 0x020000
[    2.940101] pci 0000:01:00.0: reg 0x10: [io  0x0000-0x00ff]
[    2.942915] pci 0000:01:00.0: reg 0x18: [mem 0x00000000-0x00000fff 64bit pref]
[    2.946547] pci 0000:01:00.0: reg 0x20: [mem 0x00000000-0x00003fff 64bit pref]
[    2.950225] pci 0000:01:00.0: supports D1 D2
[    2.952369] pci 0000:01:00.0: PME# supported from D0 D1 D2 D3hot D3cold
[    2.967416] PCI: bus1: Fast back to back transfers disabled
[    2.970217] pci_bus 0000:01: busn_res: [bus 01-ff] end is updated to 01
[    2.973572] pci 0000:00:01.0: BAR 9: assigned [mem 0x28000000-0x280fffff 64bit pref]
[    2.977470] pci 0000:00:01.0: BAR 7: assigned [io  0x1000-0x1fff]
[    2.980534] pci 0000:01:00.0: BAR 4: assigned [mem 0x28000000-0x28003fff 64bit pref]
[    2.984427] pci 0000:01:00.0: BAR 2: assigned [mem 0x28004000-0x28004fff 64bit pref]
[    2.988326] pci 0000:01:00.0: BAR 0: assigned [io  0x1000-0x10ff]
[    2.991387] pci 0000:00:01.0: PCI bridge to [bus 01]
[    2.993879] pci 0000:00:01.0:   bridge window [io  0x1000-0x1fff]
[    2.996937] pci 0000:00:01.0:   bridge window [mem 0x28000000-0x280fffff 64bit pref]
[    3.000833] PCI: enabling device 0000:00:01.0 (0140 -> 0143)
[    3.003685] pci 0000:00:01.0: nv_msi_ht_cap_quirk didn't locate host bridge
[    3.007353] r8169 Gigabit Ethernet driver 2.3LK-NAPI loaded
[    3.010216] PCI: enabling device 0000:01:00.0 (0140 -> 0143)
[    3.013876] r8169 0000:01:00.0 eth0: RTL8168evl/8111evl at 0xf00a6000, 02:04:4b:01:60:a6, XID 0c900800 IRQ 472
[    3.019055] r8169 0000:01:00.0 eth0: jumbo features [frames: 9200 bytes, tx checksumming: ko]
[    3.024764] [drm] Supports vblank timestamp caching Rev 1 (10.10.2010).
[    3.028105] [drm] No driver support for vblank timestamp query.
[    3.031100] tegra-host1x 50000000.host1x: No connectors reported connected with modes
[    3.035033] [drm] Cannot find any crtc or sizes - going 1024x768
[    3.051799] Console: switching to colour frame buffer device 128x48
[    3.061006] tegra-host1x 50000000.host1x: fb0:  frame buffer device
[    3.064150] tegra-host1x 50000000.host1x: registered panic notifier
[    3.067300] [drm] Initialized tegra 0.0.0 20120330 on minor 0
[    3.070391] platform 7d008000.usb: Driver tegra-ehci requests probe deferral
[    3.074599] tegra_rtc 7000e000.rtc: setting system clock to 1970-01-01 00:03:48 UTC (228)
[    3.078952] ALSA device list:
[    3.080443]   #0: NVIDIA Tegra Beaver
[    3.250939] kjournald starting.  Commit interval 5 seconds
[    3.252706] EXT3-fs (mmcblk0p1): using internal journal
[    3.254197] EXT3-fs (mmcblk0p1): recovery complete
[    3.254200] EXT3-fs (mmcblk0p1): mounted filesystem with writeback data mode
[    3.254278] VFS: Mounted root (ext3 filesystem) on device 179:1.
[    3.256594] devtmpfs: mounted
[    3.256827] Freeing unused kernel memory: 232K (c07b3000 - c07ed000)
 
INIT: version 2.88 booting
[info] Using makefile-style concurrent boot in runlevel S.
[....] Starting the hotplug events dispatcher: udevd[    4.145426] udevd[179]: starting version 175
[ ok .
[....] Synthesizing the initial hotplug events...[ ok done.
[....] Waiting for /dev to be fully populated...[ ok done.
[....] Activating swap...[ ok done.
[....] Cleaning up temporary files... /tmp[ ok .
[....] Activating lvm and md swap...[ ok done.
[....] Checking file systems...fsck from util-linux 2.20.1
[ ok done.
[....] Mounting local filesystems...[ ok done.
[....] Activating swapfile swap...[ ok done.
[....] Cleaning up temporary files...[ ok .
[....] Setting kernel variables ...[ ok done.
[....] Configuring network interfaces...[ ok done.
[....] Starting rpcbind daemon...[ ok .
[....] Starting NFS common utilities: statd idmapd[FAIL failed!
[....] Cleaning up temporary files...[ ok .
[....] Starting network benchmark server[ ok .
[....] startpar: service(s) returned failure: nfs-common ...[FAIL failed!
INIT: Entering runlevel: 2
[info] Using makefile-style concurrent boot in runlevel 2.
[....] Starting network benchmark server[FAIL failed!
[....] Starting rpcbind daemon...[....] Already running.[ ok .
[....] Starting system message bus: dbus[ ok .
[....] Starting NFS common utilities: statd idmapd[FAIL failed!
[....] startpar: service(s) returned failure: nfs-common ...[FAIL failed!

De