
U-Boot SPL 2013.04-rc2-06423-gf2e8a87-dirty (May 15 2013 - 09:45:39)


U-Boot 2013.04-rc2-06423-gf2e8a87-dirty (May 15 2013 - 09:45:39)

TEGRA30
Board: NVIDIA Beaver
DRAM:  2 GiB
MMC:   Tegra SD/MMC: 0, Tegra SD/MMC: 1
*** Warning - bad CRC, using default environment

In:    serial
Out:   serial
Err:   serial
Hit any key to stop autoboot:  2  0 
Tegra30 (Beaver) # 
Tegra30 (Beaver) # setenv bootargs 'console=ttyS0,230400n8 noinitrd root=/dev/mmcblk0p1 rw rootwait gpt ignore_loglevel debug'
Tegra30 (Beaver) # loady 0x81000000
## Ready for binary (ymodem) download to 0x81000000 at 230400 bps...
CSending: zImage
Sending: 

Transfer complete
odem - CRC mode, 8(SOH)/4360(STX)/0(CAN) packets, 3 retries
## Total Size      = 0x004422a0 = 4465312 Bytes
Tegra30 (Beaver) # loady 0x82000000
## Ready for binary (ymodem) download to 0x82000000 at 230400 bps...
CSending: tegra30-beaver.dtb
Sending: 

Transfer complete
yzModem - CRC mode, 6(SOH)/20(STX)/0(CAN) packets, 3 retries
## Total Size      = 0x000051a8 = 20904 Bytes
Tegra30 (Beaver) # bootz 0x81000000 - 0x82000000
## Flattened Device Tree blob at 82000000
   Booting using the fdt blob at 0x82000000
   Loading Device Tree to 8fff7000, end 8ffff1a7 ... OK

Starting kernel .ø†ø†æ€˜€æ€˜€fæžÎžæžøÎxÎøÎžøž~8˜†žøžf†ø†ø†8xþžøžf†8àÎžþž`Îžøž~8~€žf8æÎxžfžø†æ€˜€[    0.000000] Booting Linux on physical CPU 0x0
[    0.000000] Initializing cgroup subsys cpu
[    0.000000] Initializing cgroup subsys cpuacct
[    0.000000] Linux version 3.11.0-rc7-next-20130902-10723-g110d245 (pwalmsley@tamien) (gcc version 4.5.1 (Sourcery G++ Lite 2010.09-50) ) #1 SMP PREEMPT Mon Sep 2 03:05:36 PDT 2013
[    0.000000] CPU: ARMv7 Processor [412fc099] revision 9 (ARMv7), cr=10c5387d
[    0.000000] CPU: PIPT / VIPT nonaliasing data cache, VIPT aliasing instruction cache
[    0.000000] Machine: NVIDIA Tegra SoC (Flattened Device Tree), model: NVIDIA Tegra30 Beaver evaluation board
[    0.000000] debug: ignoring loglevel setting.
[    0.000000] Memory policy: ECC disabled, Data cache writealloc
[    0.000000] On node 0 totalpages: 524032
[    0.000000] free_area_init_node: node 0, pgdat c083e100, node_mem_map c0896000
[    0.000000]   Normal zone: 1520 pages used for memmap
[    0.000000]   Normal zone: 0 pages reserved
[    0.000000]   Normal zone: 194560 pages, LIFO batch:31
[    0.000000]   HighMem zone: 2574 pages used for memmap
[    0.000000]   HighMem zone: 329472 pages, LIFO batch:31
[    0.000000] fuse_speedo_calib: ATE prog ver 3.3
[    0.000000] Tegra30: CPU Speedo ID 5, Soc Speedo ID 2
[    0.000000] Tegra Revision: A03 SKU: 128 CPU Process: 4 Core Process: 0
[    0.000000] L310 cache controller enabled
[    0.000000] l2x0: 8 ways, CACHE_ID 0x410000c7, AUX_CTRL 0x7e480001, Cache size: 1024 kB
[    0.000000] PERCPU: Embedded 8 pages/cpu @c18a9000 s9024 r8192 d15552 u32768
[    0.000000] pcpu-alloc: s9024 r8192 d15552 u32768 alloc=8*4096
[    0.000000] pcpu-alloc: [0] 0 [0] 1 [0] 2 [0] 3 
[    0.000000] Built 1 zonelists in Zone order, mobility grouping on.  Total pages: 522512
[    0.000000] Kernel command line: console=ttyS0,230400n8 noinitrd root=/dev/mmcblk0p1 rw rootwait gpt ignore_loglevel debug
[    0.000000] PID hash table entries: 4096 (order: 2, 16384 bytes)
[    0.000000] Dentry cache hash table entries: 131072 (order: 7, 524288 bytes)
[    0.000000] Inode-cache hash table entries: 65536 (order: 6, 262144 bytes)
[    0.000000] Memory: 2069908K/2096128K available (6095K kernel code, 293K rwdata, 1788K rodata, 228K init, 342K bss, 26220K reserved, 1317888K highmem)
[    0.000000] Virtual kernel memory layout:
[    0.000000]     vector  : 0xffff0000 - 0xffff1000   (   4 kB)
[    0.000000]     fixmap  : 0xfff00000 - 0xfffe0000   ( 896 kB)
[    0.000000]     vmalloc : 0xf0000000 - 0xff000000   ( 240 MB)
[    0.000000]     lowmem  : 0xc0000000 - 0xef800000   ( 760 MB)
[    0.000000]     pkmap   : 0xbfe00000 - 0xc0000000   (   2 MB)
[    0.000000]     modules : 0xbf000000 - 0xbfe00000   (  14 MB)
[    0.000000]       .text : 0xc0008000 - 0xc07bb118   (7885 kB)
[    0.000000]       .init : 0xc07bc000 - 0xc07f5340   ( 229 kB)
[    0.000000]       .data : 0xc07f6000 - 0xc083f740   ( 294 kB)
[    0.000000]        .bss : 0xc083f74c - 0xc08950fc   ( 343 kB)
[    0.000000] Preemptible hierarchical RCU implementation.
[    0.000000] NR_IRQS:16 nr_irqs:16 16
[    0.000000] sched_clock: 32 bits at 1MHz, resolution 1000ns, wraps every 4294967ms
[    0.000000] Console: colour dummy device 80x30
[    0.000572] Calibrating delay loop... 2793.47 BogoMIPS (lpj=13967360)
[    0.059936] pid_max: default: 32768 minimum: 301
[    0.060289] Mount-cache hash table entries: 512
[    0.070526] Initializing cgroup subsys debug
[    0.070546] Initializing cgroup subsys freezer
[    0.070599] CPU: Testing write buffer coherency: ok
[    0.071001] CPU0: thread -1, cpu 0, socket 0, mpidr 80000000
[    0.071050] Setting up static identity map for 0xc05cc340 - 0xc05cc3d8
[    0.131287] CPU1: Booted secondary processor
[    0.189977] CPU1: thread -1, cpu 1, socket 0, mpidr 80000001
[    0.211242] CPU2: Booted secondary processor
[    0.269977] CPU2: thread -1, cpu 2, socket 0, mpidr 80000002
[    0.291261] CPU3: Booted secondary processor
[    0.349976] CPU3: thread -1, cpu 3, socket 0, mpidr 80000003
[    0.350048] Brought up 4 CPUs
[    0.350066] SMP: Total of 4 processors activated (11173.88 BogoMIPS).
[    0.350072] CPU: All CPU(s) started in SVC mode.
[    0.350872] devtmpfs: initialized
[    0.361644] VFP support v0.3: implementor 41 architecture 3 part 30 variant 9 rev 4
[    0.361936] pinctrl core: initialized pinctrl subsystem
[    0.362331] regulator-dummy: no parameters
[    0.364354] NET: Registered protocol family 16
[    0.365718] DMA: preallocated 256 KiB pool for atomic coherent allocations
[    0.366330] cpuidle: using governor ladder
[    0.366337] cpuidle: using governor menu
[    0.374318] No ATAGs?
[    0.374339] hw-breakpoint: found 5 (+1 reserved) breakpoint and 1 watchpoint registers.
[    0.374345] hw-breakpoint: maximum watchpoint size is 4 bytes.
[    0.383620] bio: create slab <bio-0> at 0
[    0.384702] vdd_5v_in: 5000 mV 
[    0.384815] platform 1.regulator: Driver reg-fixed-voltage requests probe deferral
[    0.384858] platform 2.regulator: Driver reg-fixed-voltage requests probe deferral
[    0.385017] vdd_5v_sata: 5000 mV 
[    0.385046] vdd_5v_sata: supplied by vdd_5v_in
[    0.385286] usb1_vbus: 5000 mV 
[    0.385310] usb1_vbus: supplied by vdd_5v_in
[    0.385502] usb3_vbus: 5000 mV 
[    0.385522] usb3_vbus: supplied by vdd_5v_in
[    0.385632] platform 6.regulator: Driver reg-fixed-voltage requests probe deferral
[    0.385783] sys_3v3_pexs: 3300 mV 
[    0.385810] reg-fixed-voltage 7.regulator: Failed to find supply vin
[    0.385901] reg-fixed-voltage 7.regulator: Failed to register regulator: -517
[    0.385913] platform 7.regulator: Driver reg-fixed-voltage requests probe deferral
[    0.386714] vgaarb: loaded
[    0.387565] SCSI subsystem initialized
[    0.387887] usbcore: registered new interface driver usbfs
[    0.387954] usbcore: registered new interface driver hub
[    0.388098] usbcore: registered new device driver usb
[    0.391609] tps62361-vout: 500 <--> 1500 mV at 1160 mV 
[    0.391970] tps65910 4-002d: VMBCH-Threshold not specified
[    0.391979] tps65910 4-002d: VMBCH2-Threshold not specified
[    0.397299] vdd_1v8_gen: 1800 mV 
[    0.397340] vdd_1v8_gen: supplied by vdd_5v_in
[    0.400493] vddio_ddr_1v2: 1200 mV 
[    0.400984] vddio_ddr_1v2: supplied by vdd_5v_in
[    0.404345] vdd_1v5_gen: 1500 mV 
[    0.404377] vdd_1v5_gen: supplied by vdd_5v_in
[    0.407765] vdd_cpu,vdd_sys: 1000 mV 
[    0.410205] vdd_pexa,vdd_pexb: 1050 mV 
[    0.410236] vdd_pexa,vdd_pexb: supplied by vdd_1v5_gen
[    0.413033] vdd_sata,avdd_plle: 1050 mV 
[    0.413063] vdd_sata,avdd_plle: supplied by vdd_1v5_gen
[    0.415530] vdd_rtc: 1200 mV 
[    0.415563] vdd_rtc: supplied by vdd_5v_in
[    0.418033] vddio_sdmmc,avdd_vdac: 3300 mV 
[    0.418065] vddio_sdmmc,avdd_vdac: supplied by vdd_5v_in
[    0.420861] avdd_dsi_csi,pwrdet_mipi: 1200 mV 
[    0.420893] avdd_dsi_csi,pwrdet_mipi: supplied by vdd_1v8_gen
[    0.423368] vdd_pllm,x,u,a_p_c_s: 1200 mV 
[    0.423400] vdd_pllm,x,u,a_p_c_s: supplied by vdd_1v8_gen
[    0.426176] vdd_ddr_hs: 1000 mV 
[    0.426205] vdd_ddr_hs: supplied by vdd_1v8_gen
[    0.426580] Linux video capture interface: v2.00
[    0.427054] platform 7000f010.iommu: Driver tegra-smmu requests probe deferral
[    0.427298] Advanced Linux Sound Architecture Driver Initialized.
[    0.427916] Bluetooth: Core ver 2.16
[    0.427983] NET: Registered protocol family 31
[    0.427988] Bluetooth: HCI device and connection manager initialized
[    0.428008] Bluetooth: HCI socket layer initialized
[    0.428023] Bluetooth: L2CAP socket layer initialized
[    0.428061] Bluetooth: SCO socket layer initialized
[    0.428581] cfg80211: Calling CRDA to update world regulatory domain
[    0.429323] Switched to clocksource timer_us
[    0.439015] NET: Registered protocol family 2
[    0.439743] TCP established hash table entries: 8192 (order: 4, 65536 bytes)
[    0.439836] TCP bind hash table entries: 8192 (order: 4, 65536 bytes)
[    0.439913] TCP: Hash tables configured (established 8192 bind 8192)
[    0.440423] TCP: reno registered
[    0.440438] UDP hash table entries: 512 (order: 2, 16384 bytes)
[    0.440499] UDP-Lite hash table entries: 512 (order: 2, 16384 bytes)
[    0.440888] NET: Registered protocol family 1
[    0.441510] RPC: Registered named UNIX socket transport module.
[    0.441517] RPC: Registered udp transport module.
[    0.441521] RPC: Registered tcp transport module.
[    0.441525] RPC: Registered tcp NFSv4.1 backchannel transport module.
[    0.441534] PCI: CLS 0 bytes, default 64
[    0.442517] hw perfevents: enabled with ARMv7 Cortex-A9 PMU driver, 7 counters available
[    0.444867] bounce pool size: 64 pages
[    0.446075] squashfs: version 4.0 (2009/01/31) Phillip Lougher
[    0.446749] msgmni has been set to 1468
[    0.447876] io scheduler noop registered (default)
[    0.448606] platform 3000.pcie-controller: Driver tegra-pcie requests probe deferral
[    0.452439] tegra-apbdma 6000a000.dma: Tegra20 APB DMA driver register 32 channels
[    0.452852] Serial: 8250/16550 driver, 4 ports, IRQ sharing disabled
[    0.454180] 70006000.serial: ttyS0 at MMIO 0x70006000 (irq = 68, base_baud = 25500000) is a Tegra
[    0.860166] console [ttyS0] enabled
[    0.862538] [drm] Initialized drm 1.1.0 20060810
[    0.866068] tegra-hdmi 54280000.hdmi: failed to get VDD regulator
[    0.869135] platform 54280000.hdmi: Driver tegra-hdmi requests probe deferral
[    0.876372] loop: module loaded
[    0.880552] m25p80 spi32766.1: w25q32 (4096 Kbytes)
[    0.884121] pegasus: v0.9.3 (2013/04/25), Pegasus/Pegasus II USB Ethernet driver
[    0.887917] usbcore: registered new interface driver pegasus
[    0.890840] usbcore: registered new interface driver asix
[    0.893600] usbcore: registered new interface driver ax88179_178a
[    0.896704] usbcore: registered new interface driver cdc_ether
[    0.899693] usbcore: registered new interface driver r815x
[    0.902507] usbcore: registered new interface driver smsc75xx
[    0.905466] usbcore: registered new interface driver smsc95xx
[    0.908396] usbcore: registered new interface driver net1080
[    0.911297] usbcore: registered new interface driver cdc_subset
[    0.914314] usbcore: registered new interface driver zaurus
[    0.917181] usbcore: registered new interface driver cdc_ncm
[    0.920068] ehci_hcd: USB 2.0 'Enhanced' Host Controller (EHCI) Driver
[    0.923341] ehci-pci: EHCI PCI platform driver
[    0.925623] tegra-ehci: Tegra EHCI driver
[    0.927788] platform 7d008000.usb: Driver tegra-ehci requests probe deferral
[    0.931563] usbcore: registered new interface driver cdc_acm
[    0.934400] cdc_acm: USB Abstract Control Model driver for USB modems and ISDN adapters
[    0.938464] usbcore: registered new interface driver cdc_wdm
[    0.941378] usbcore: registered new interface driver usb-storage
[    0.945993] mousedev: PS/2 mouse device common for all mice
[    0.949843] tegra_rtc 7000e000.rtc: rtc core: registered 7000e000.rtc as rtc0
[    0.953450] tegra_rtc 7000e000.rtc: Tegra internal Real Time Clock
[    0.969477] tps65910-rtc tps65910-rtc: rtc core: registered tps65910-rtc as rtc1
[    0.974508] sdhci: Secure Digital Host Controller Interface driver
[    0.977609] sdhci: Copyright(c) Pierre Ossman
[    0.979806] sdhci-pltfm: SDHCI platform and OF driver helper
[    0.982985] sdhci-tegra 78000000.sdhci: Got CD GPIO #69.
[    0.985664] sdhci-tegra 78000000.sdhci: Got WP GPIO #155.
[    0.988430] mmc0: no vqmmc regulator found
[    0.990501] mmc0: no vmmc regulator found
[    0.992513] mmc0: Invalid maximum block size, assuming 512 bytes
[    1.039334] mmc0: SDHCI controller on 78000000.sdhci [78000000.sdhci] using ADMA
[    1.044142] mmc1: no vqmmc regulator found
[    1.046200] mmc1: no vmmc regulator found
[    1.048210] mmc1: Invalid maximum block size, assuming 512 bytes
[    1.089331] mmc1: SDHCI controller on 78000600.sdhci [78000600.sdhci] using ADMA
[    1.095854] usbcore: registered new interface driver usbhid
[    1.100692] usbhid: USB HID core driver
[    1.247785] mmc1: new high speed MMC card at address 0001
[    1.250976] mmcblk0: mmc1:0001 SEM16G 14.8 GiB 
[    1.253508] mmcblk0boot0: mmc1:0001 SEM16G partition 1 1.00 MiB
[    1.256722] mmcblk0boot1: mmc1:0001 SEM16G partition 2 1.00 MiB
[    1.259933] mmcblk0rpmb: mmc1:0001 SEM16G partition 3 128 KiB
[    1.266962] Primary GPT is invalid, using alternate GPT.
[    1.269662]  mmcblk0: p1 p2 p3 p4 p5
[    1.275636]  mmcblk0boot1: unknown partition table
[    1.281024]  mmcblk0boot0: unknown partition table
[    1.527895] tegra-snd-rt5640 sound.4:  rt5640-aif1 <-> 70080400.i2s mapping ok
[    1.534584] input: NVIDIA Tegra Beaver Headphones as /devices/soc0/sound.4/sound/card0/input0
[    1.540111] TCP: cubic registered
[    1.541972] NET: Registered protocol family 10
[    1.545275] mip6: Mobile IPv6
[    1.546769] sit: IPv6 over IPv4 tunneling driver
[    1.550330] NET: Registered protocol family 17
[    1.552595] NET: Registered protocol family 15
[    1.555001] Bluetooth: RFCOMM socket layer initialized
[    1.557583] Bluetooth: RFCOMM ver 1.11
[    1.559479] Bluetooth: BNEP (Ethernet Emulation) ver 1.3
[    1.562156] Bluetooth: BNEP socket layer initialized
[    1.564645] Bluetooth: HIDP (Human Interface Emulation) ver 1.2
[    1.567624] Bluetooth: HIDP socket layer initialized
[    1.570551] Registering SWP/SWPB emulation handler
[    1.573474] vdd_sata,avdd_plle: disabling
[    1.577161] chargepump_5v: 5000 mV 
[    1.580457] vdd_ddr: 1500 mV 
[    1.581981] vdd_ddr: supplied by vdd_5v_in
[    1.585196] sys_3v3,vdd_3v3_alw: 3300 mV 
[    1.587244] sys_3v3,vdd_3v3_alw: supplied by vdd_5v_in
[    1.590058] sys_3v3_pexs: 3300 mV 
[    1.591848] sys_3v3_pexs: supplied by sys_3v3,vdd_3v3_alw
[    1.594997] tegra-pcie 3000.pcie-controller: 2x3 configuration
[    1.602274] tegra-pcie 3000.pcie-controller: probing port 0, using 2 lanes
[    1.660035] tegra-pcie 3000.pcie-controller: probing port 2, using 2 lanes
[    2.067654] tegra-pcie 3000.pcie-controller: link 2 down, retrying
[    2.475049] tegra-pcie 3000.pcie-controller: link 2 down, retrying
[    2.882328] tegra-pcie 3000.pcie-controller: link 2 down, retrying
[    2.887442] tegra-pcie 3000.pcie-controller: link 2 down, ignoring
[    2.890731] tegra-pcie 3000.pcie-controller: PCI host bridge to bus 0000:00
[    2.894229] pci_bus 0000:00: root bus resource [mem 0x20000000-0x27ffffff]
[    2.897680] pci_bus 0000:00: root bus resource [mem 0x28000000-0x3fffffff pref]
[    2.901361] pci_bus 0000:00: root bus resource [bus 00-ff]
[    2.904114] pci_bus 0000:00: root bus resource [io  0x1000-0xffff]
[    2.907247] pci 0000:00:01.0: [10de:0e1c] type 01 class 0x060400
[    2.910318] pci 0000:00:01.0: PME# supported from D0 D1 D2 D3hot D3cold
[    2.913829] PCI: bus0: Fast back to back transfers disabled
[    2.916628] pci 0000:00:01.0: bridge configuration invalid ([bus 00-00]), reconfiguring
[    2.920803] pci 0000:01:00.0: [10ec:8168] type 00 class 0x020000
[    2.923837] pci 0000:01:00.0: reg 0x10: [io  0x0000-0x00ff]
[    2.926644] pci 0000:01:00.0: reg 0x18: [mem 0x00000000-0x00000fff 64bit pref]
[    2.930285] pci 0000:01:00.0: reg 0x20: [mem 0x00000000-0x00003fff 64bit pref]
[    2.933955] pci 0000:01:00.0: supports D1 D2
[    2.936098] pci 0000:01:00.0: PME# supported from D0 D1 D2 D3hot D3cold
[    2.959350] PCI: bus1: Fast back to back transfers disabled
[    2.962150] pci_bus 0000:01: busn_res: [bus 01-ff] end is updated to 01
[    2.965506] pci 0000:00:01.0: BAR 9: assigned [mem 0x28000000-0x280fffff 64bit pref]
[    2.969403] pci 0000:00:01.0: BAR 7: assigned [io  0x1000-0x1fff]
[    2.972466] pci 0000:01:00.0: BAR 4: assigned [mem 0x28000000-0x28003fff 64bit pref]
[    2.976358] pci 0000:01:00.0: BAR 2: assigned [mem 0x28004000-0x28004fff 64bit pref]
[    2.980258] pci 0000:01:00.0: BAR 0: assigned [io  0x1000-0x10ff]
[    2.983318] pci 0000:00:01.0: PCI bridge to [bus 01]
[    2.985810] pci 0000:00:01.0:   bridge window [io  0x1000-0x1fff]
[    2.988868] pci 0000:00:01.0:   bridge window [mem 0x28000000-0x280fffff 64bit pref]
[    2.992772] pci 0000:00:01.0: nv_msi_ht_cap_quirk didn't locate host bridge
[    2.996434] r8169 Gigabit Ethernet driver 2.3LK-NAPI loaded
[    2.999282] PCI: enabling device 0000:01:00.0 (0140 -> 0143)
[    3.002986] r8169 0000:01:00.0 eth0: RTL8168evl/8111evl at 0xf00a6000, 02:04:4b:01:60:a6, XID 0c900800 IRQ 472
[    3.008005] r8169 0000:01:00.0 eth0: jumbo features [frames: 9200 bytes, tx checksumming: ko]
[    3.014535] [drm] Supports vblank timestamp caching Rev 1 (10.10.2010).
[    3.017855] [drm] No driver support for vblank timestamp query.
[    3.021030] tegra-host1x 50000000.host1x: No connectors reported connected with modes
[    3.024974] [drm] Cannot find any crtc or sizes - going 1024x768
[    3.041968] Console: switching to colour frame buffer device 128x48
[    3.051178] tegra-host1x 50000000.host1x: fb0:  frame buffer device
[    3.054324] tegra-host1x 50000000.host1x: registered panic notifier
[    3.057473] [drm] Initialized tegra 0.0.0 20120330 on minor 0
[    3.063445] utmi_phy_clk_enable: timeout waiting for phy to stabilize
[    3.066681] tegra-ehci 7d008000.usb: EHCI Host Controller
[    3.069424] tegra-ehci 7d008000.usb: new USB bus registered, assigned bus number 1
[    3.073413] tegra-ehci 7d008000.usb: irq 129, io mem 0x7d008000
[    3.089338] tegra-ehci 7d008000.usb: USB 2.0 started, EHCI 1.00
[    3.092887] hub 1-0:1.0: USB hub found
[    3.094796] hub 1-0:1.0: 1 port detected
[    3.097707] tegra_rtc 7000e000.rtc: setting system clock to 1970-01-01 00:03:50 UTC (230)
[    3.102087] ALSA device list:
[    3.103578]   #0: NVIDIA Tegra Beaver
[    3.265445] kjournald starting.  Commit interval 5 seconds
[    3.267133] EXT3-fs (mmcblk0p1): using internal journal
[    3.268621] EXT3-fs (mmcblk0p1): recovery complete
[    3.268624] EXT3-fs (mmcblk0p1): mounted filesystem with writeback data mode
[    3.268702] VFS: Mounted root (ext3 filesystem) on device 179:1.
[    3.271038] devtmpfs: mounted
[    3.271274] Freeing unused kernel memory: 228K (c07bc000 - c07f5000)
 
INIT: version 2.88 booting
[info] Using makefile-style concurrent boot in runlevel S.
[....] Starting the hotplug events dispatcher: udevd[    4.166746] udevd[178]: starting version 175
[ ok .
[....] Synthesizing the initial hotplug events...[ ok done.
[....] Waiting for /dev to be fully populated...[ ok done.
[....] Activating swap...[ ok done.
[....] Cleaning up temporary files... /tmp[ ok .
[....] Activating lvm and md swap...[ ok done.
[....] Checking file systems...fsck from util-linux 2.20.1
[ ok done.
[....] Mounting local filesystems...[ ok done.
[....] Activating swapfile swap...[ ok done.
[....] Cleaning up temporary files...[ ok .
[....] Setting kernel variables ...[ ok done.
[....] Configuring network interfaces...[ ok done.
[....] Starting rpcbind daemon...[ ok .
[....] Starting NFS common utilities: statd idmapd[FAIL failed!
[....] Cleaning up temporary files...[ ok .
[....] Starting network benchmark server[ ok .
[....] startpar: service(s) returned failure: nfs-common ...[FAIL failed!
INIT: Entering runlevel: 2
[info] Using makefile-style concurrent boot in runlevel 2.
[....] Starting network benchmark server[FAIL failed!
[....] Starting rpcbind daemon...[....] Already running.[ ok .
[....] Starting NFS common utilities: statd idmapd[FAIL failed!
[....] Starting system message bus: dbus[ ok [....] startpar: service(s) returned failure: nfs-common ...[FAIL failed!

Debian GNU/Linux wheezy/sid armel ttyS0

armel login: 