[    0.000000] Booting Linux on physical CPU 0x0
[    0.000000] Linux version 4.7.0-next-20160728+ (pwalmsley@tamien) (gcc version 4.9.2 20140904 (prerelease) (crosstool-NG linaro-1.13.1-4.9-2014.09 - Linaro GCC 4.9-2014.09) ) #1 SMP PREEMPT Wed Jul 27 22:38:54 PDT 2016
[    0.000000] Boot CPU: AArch64 Processor [411fd070]
[    0.000000] Memory limited to 1024MB
[    0.000000] efi: Getting EFI parameters from FDT:
[    0.000000] efi: UEFI not found.
[    0.000000] cma: Reserved 16 MiB at 0x000000007f000000
[    0.000000] psci: probing for conduit method from DT.
[    0.000000] psci: PSCIv0.2 detected in firmware.
[    0.000000] psci: Using standard PSCI v0.2 function IDs
[    0.000000] psci: Trusted OS migration not required
[    0.000000] percpu: Embedded 21 pages/cpu @ffff80003efcf000 s48256 r8192 d29568 u86016
[    0.000000] Detected PIPT I-cache on CPU0
[    0.000000] CPU features: enabling workaround for ARM erratum 832075
[    0.000000] CPU features: enabling workaround for ARM erratum 834220
[    0.000000] Built 1 zonelists in Zone order, mobility grouping on.  Total pages: 258048
[    0.000000] Kernel command line: root=/dev/vda2 rw rootwait mem=1024M console=ttyAMA0,38400n8 init=/bin/bash
[    0.000000] PID hash table entries: 4096 (order: 3, 32768 bytes)
[    0.000000] Dentry cache hash table entries: 131072 (order: 8, 1048576 bytes)
[    0.000000] Inode-cache hash table entries: 65536 (order: 7, 524288 bytes)
[    0.000000] Memory: 1000428K/1048576K available (7804K kernel code, 776K rwdata, 3684K rodata, 960K init, 268K bss, 31764K reserved, 16384K cma-reserved)
[    0.000000] Virtual kernel memory layout:
[    0.000000]     modules : 0xffff000000000000 - 0xffff000008000000   (   128 MB)
[    0.000000]     vmalloc : 0xffff000008000000 - 0xffff7dffbfff0000   (129022 GB)
[    0.000000]       .text : 0xffff000008080000 - 0xffff000008820000   (  7808 KB)
[    0.000000]     .rodata : 0xffff000008820000 - 0xffff000008bc0000   (  3712 KB)
[    0.000000]       .init : 0xffff000008bc0000 - 0xffff000008cb0000   (   960 KB)
[    0.000000]       .data : 0xffff000008cb0000 - 0xffff000008d72000   (   776 KB)
[    0.000000]        .bss : 0xffff000008d72000 - 0xffff000008db5038   (   269 KB)
[    0.000000]     fixed   : 0xffff7dfffe7fd000 - 0xffff7dfffec00000   (  4108 KB)
[    0.000000]     PCI I/O : 0xffff7dfffee00000 - 0xffff7dffffe00000   (    16 MB)
[    0.000000]     vmemmap : 0xffff7e0000000000 - 0xffff800000000000   (  2048 GB maximum)
[    0.000000]               0xffff7e0000000000 - 0xffff7e0001000000   (    16 MB actual)
[    0.000000]     memory  : 0xffff800000000000 - 0xffff800040000000   (  1024 MB)
[    0.000000] SLUB: HWalign=64, Order=0-3, MinObjects=0, CPUs=1, Nodes=1
[    0.000000] Preemptible hierarchical RCU implementation.
[    0.000000] 	Build-time adjustment of leaf fanout to 64.
[    0.000000] 	RCU restricting CPUs from NR_CPUS=64 to nr_cpu_ids=1.
[    0.000000] RCU: Adjusting geometry for rcu_fanout_leaf=64, nr_cpu_ids=1
[    0.000000] NR_IRQS:64 nr_irqs:64 0
[    0.000000] GICv2m: range[mem 0x08020000-0x08020fff], SPI[80:143]
[    0.000000] Architected cp15 timer(s) running at 62.50MHz (virt).
[    0.000000] clocksource: arch_sys_counter: mask: 0xffffffffffffff max_cycles: 0x1cd42e208c, max_idle_ns: 881590405314 ns
[    0.000164] sched_clock: 56 bits at 62MHz, resolution 16ns, wraps every 4398046511096ns
[    0.006841] Console: colour dummy device 80x25
[    0.007560] Calibrating delay loop (skipped), value calculated using timer frequency.. 125.00 BogoMIPS (lpj=250000)
[    0.007837] pid_max: default: 32768 minimum: 301
[    0.008781] Security Framework initialized
[    0.009540] Mount-cache hash table entries: 2048 (order: 2, 16384 bytes)
[    0.009584] Mountpoint-cache hash table entries: 2048 (order: 2, 16384 bytes)
[    0.040051] ASID allocator initialised with 65536 entries
[    0.076404] EFI services will not be available.
[    0.084793] Brought up 1 CPUs
[    0.084846] SMP: Total of 1 processors activated.
[    0.084951] CPU features: detected feature: 32-bit EL0 Support
[    0.085214] CPU: All CPU(s) started at EL1
[    0.085916] alternatives: patching kernel code
[    0.105985] devtmpfs: initialized
[    0.117209] DMI not present or invalid.
[    0.119236] clocksource: jiffies: mask: 0xffffffff max_cycles: 0xffffffff, max_idle_ns: 7645041785100000 ns
[    0.122103] pinctrl core: initialized pinctrl subsystem
[    0.150720] NET: Registered protocol family 16
[    0.174253] cpuidle: using governor menu
[    0.175337] vdso: 2 pages (1 code @ ffff000008826000, 1 data @ ffff000008cb4000)
[    0.175617] hw-breakpoint: found 6 breakpoint and 4 watchpoint registers.
[    0.186273] DMA: preallocated 256 KiB pool for atomic allocations
[    0.189306] Serial: AMBA PL011 UART driver
[    0.250126] 9000000.pl011: ttyAMA0 at MMIO 0x9000000 (irq = 39, base_baud = 0) is a PL011 rev1
[    0.272819] console [ttyAMA0] enabled
[    0.428790] HugeTLB registered 2 MB page size, pre-allocated 0 pages
[    0.445423] ACPI: Interpreter disabled.
[    0.453277] vgaarb: loaded
[    0.456702] SCSI subsystem initialized
[    0.465604] usbcore: registered new interface driver usbfs
[    0.467816] usbcore: registered new interface driver hub
[    0.469369] usbcore: registered new device driver usb
[    0.475324] pps_core: LinuxPPS API ver. 1 registered
[    0.475591] pps_core: Software ver. 5.3.6 - Copyright 2005-2007 Rodolfo Giometti <giometti@linux.it>
[    0.476345] PTP clock support registered
[    0.479163] dmi: Firmware registration failed.
[    0.484734] Advanced Linux Sound Architecture Driver Initialized.
[    0.499137] clocksource: Switched to clocksource arch_sys_counter
[    0.500305] VFS: Disk quotas dquot_6.6.0
[    0.500789] VFS: Dquot-cache hash table entries: 512 (order 0, 4096 bytes)
[    0.505917] pnp: PnP ACPI: disabled
[    0.589590] NET: Registered protocol family 2
[    0.596389] TCP established hash table entries: 8192 (order: 4, 65536 bytes)
[    0.597016] TCP bind hash table entries: 8192 (order: 5, 131072 bytes)
[    0.597666] TCP: Hash tables configured (established 8192 bind 8192)
[    0.598794] UDP hash table entries: 512 (order: 2, 16384 bytes)
[    0.599710] UDP-Lite hash table entries: 512 (order: 2, 16384 bytes)
[    0.601566] NET: Registered protocol family 1
[    0.613453] RPC: Registered named UNIX socket transport module.
[    0.613790] RPC: Registered udp transport module.
[    0.614034] RPC: Registered tcp transport module.
[    0.614259] RPC: Registered tcp NFSv4.1 backchannel transport module.
[    0.621034] kvm [1]: HYP mode not available
[    0.637585] futex hash table entries: 256 (order: 3, 32768 bytes)
[    0.638616] audit: initializing netlink subsys (disabled)
[    0.640402] audit: type=2000 audit(0.608:1): initialized
[    0.656861] workingset: timestamp_bits=46 max_order=18 bucket_order=0
[    0.736576] squashfs: version 4.0 (2009/01/31) Phillip Lougher
[    0.746972] NFS: Registering the id_resolver key type
[    0.748817] Key type id_resolver registered
[    0.749064] Key type id_legacy registered
[    0.749381] nfs4filelayout_init: NFSv4 File Layout Driver Registering...
[    0.751389] fuse init (API version 7.25)
[    0.755709] 9p: Installing v9fs 9p2000 file system support
[    0.770477] io scheduler noop registered
[    0.772147] io scheduler cfq registered (default)
[    0.784241] libphy: mdio_driver_register: phy-bcm-ns2-pci
[    0.801852] pl061_gpio 9030000.pl061: PL061 GPIO chip @0x0000000009030000 registered
[    0.810751] OF: PCI: host bridge /pcie@10000000 ranges:
[    0.812554] OF: PCI:    IO 0x3eff0000..0x3effffff -> 0x00000000
[    0.813343] OF: PCI:   MEM 0x10000000..0x3efeffff -> 0x10000000
[    0.813858] OF: PCI:   MEM 0x8000000000..0xffffffffff -> 0x8000000000
[    0.815693] pci-host-generic 3f000000.pcie: ECAM at [mem 0x3f000000-0x3fffffff] for [bus 00-0f]
[    0.817862] pci-host-generic 3f000000.pcie: PCI host bridge to bus 0000:00
[    0.818635] pci_bus 0000:00: root bus resource [bus 00-0f]
[    0.819650] pci_bus 0000:00: root bus resource [io  0x0000-0xffff]
[    0.820195] pci_bus 0000:00: root bus resource [mem 0x10000000-0x3efeffff]
[    0.820752] pci_bus 0000:00: root bus resource [mem 0x8000000000-0xffffffffff]
[    0.857264] xenfs: not registering filesystem on non-xen platform
[    0.897867] Serial: 8250/16550 driver, 4 ports, IRQ sharing disabled
[    0.913271] SuperH (H)SCI(F) driver initialized
[    0.917004] msm_serial: driver initialized
[    0.922063] Unable to detect cache hierarchy from DT for CPU 0
[    1.003099] loop: module loaded
[    1.036237]  vda: vda1 vda2
[    1.067002] libphy: Fixed MDIO Bus: probed
[    1.075625] tun: Universal TUN/TAP device driver, 1.6
[    1.076067] tun: (C) 1999-2004 Max Krasnyansky <maxk@qualcomm.com>
[    1.091500] e1000e: Intel(R) PRO/1000 Network Driver - 3.2.6-k
[    1.092007] e1000e: Copyright(c) 1999 - 2015 Intel Corporation.
[    1.093205] igb: Intel(R) Gigabit Ethernet Network Driver - version 5.3.0-k
[    1.093774] igb: Copyright (c) 2007-2014 Intel Corporation.
[    1.094681] igbvf: Intel(R) Gigabit Virtual Function Network Driver - version 2.0.2-k
[    1.095963] igbvf: Copyright (c) 2009 - 2012 Intel Corporation.
[    1.097200] sky2: driver version 1.30
[    1.102646] VFIO - User Level meta-driver version: 0.3
[    1.120154] ehci_hcd: USB 2.0 'Enhanced' Host Controller (EHCI) Driver
[    1.120786] ehci-pci: EHCI PCI platform driver
[    1.121762] ehci-platform: EHCI generic platform driver
[    1.126014] ehci-exynos: EHCI EXYNOS driver
[    1.128230] ehci-msm: Qualcomm On-Chip EHCI Host Controller
[    1.129476] ohci_hcd: USB 1.1 'Open' Host Controller (OHCI) Driver
[    1.130175] ohci-pci: OHCI PCI platform driver
[    1.131877] ohci-platform: OHCI generic platform driver
[    1.133327] ohci-exynos: OHCI EXYNOS driver
[    1.138189] usbcore: registered new interface driver usb-storage
[    1.149912] mousedev: PS/2 mouse device common for all mice
[    1.167315] rtc-pl031 9010000.pl031: rtc core: registered pl031 as rtc0
[    1.173898] i2c /dev entries driver
[    1.199460] sdhci: Secure Digital Host Controller Interface driver
[    1.199999] sdhci: Copyright(c) Pierre Ossman
[    1.200922] Synopsys Designware Multimedia Card Interface Driver
[    1.205487] sdhci-pltfm: SDHCI platform and OF driver helper
[    1.212732] ledtrig-cpu: registered to indicate activity on CPUs
[    1.224940] usbcore: registered new interface driver usbhid
[    1.225433] usbhid: USB HID core driver
[    1.248694] NET: Registered protocol family 17
[    1.250290] 9pnet: Installing 9P2000 support
[    1.251994] Key type dns_resolver registered
[    1.256368] registered taskstats version 1
[    1.269544] input: gpio-keys as /devices/platform/gpio-keys/input/input0
[    1.273737] rtc-pl031 9010000.pl031: setting system clock to 2016-07-28 05:39:30 UTC (1469684370)
[    1.276456] ALSA device list:
[    1.276760]   No soundcards found.
[    1.280590] uart-pl011 9000000.pl011: no DMA platform data
[    1.299639] EXT4-fs (vda2): couldn't mount as ext3 due to feature incompatibilities
[    1.382451] EXT4-fs (vda2): recovery complete
[    1.384164] EXT4-fs (vda2): mounted filesystem with ordered data mode. Opts: (null)
[    1.384795] VFS: Mounted root (ext4 filesystem) on device 254:2.
[    1.397519] devtmpfs: mounted
[    1.440014] Freeing unused kernel memory: 960K (ffff800000bc0000 - ffff800000cb0000)
bash: cannot set terminal process group (-1): Inappropriate ioctl for device
bash: no job control in this shell
bash-4.3# 