
U-Boot SPL 2014.01-00219-gc4d376f (Feb 18 2014 - 19:57:18)


U-Boot 2014.01-00219-gc4d376f (Feb 18 2014 - 19:57:18)

TEGRA30
Board: NVIDIA Beaver
I2C:   ready
DRAM:  2 GiB
MMC:   Tegra SD/MMC: 0, Tegra SD/MMC: 1
In:    serial
Out:   serial
Err:   serial
Net:   Net Initialization Skipped
No ethernet found.
Hit any key to stop autoboot:  2  0 
Tegra30 (Beaver) # 
Tegra30 (Beaver) # usb reset
(Re)start USB...
USB0:   USB EHCI 1.00
scanning bus 0 for devices... 2 USB Device(s) found
       scanning usb for storage devices... 0 Storage Device(s) found
       scanning usb for ethernet devices... 
Warning: asx0 using MAC address from net device
1 Ethernet Device(s) found
Tegra30 (Beaver) # setenv bootargs 'ignore_loglevel console=ttyS0,115200n8 rw root=/dev/mmcblk0p1 rootwait gpt debug init=/bin/bash noinitrd'
Tegra30 (Beaver) # setenv ipaddr 192.168.100.101; setenv serverip 192.168.100.1; setenv tftpserverip 192.168.100.1
Tegra30 (Beaver) # tftpboot 0x81000000 zImage.multi_v7_defconfig
Using asx0 device
TFTP from server 192.168.100.1; our IP address is 192.168.100.101
Filename 'zImage.multi_v7_defconfig'.
Load address: 0x81000000
Loading: *#################################################################
	 #################################################################
	 #################################################################
	 #################################################################
	 ####################################################
	 3.5 MiB/s
done
Bytes transferred = 4574104 (45cb98 hex)
Tegra30 (Beaver) # tftpboot 0x82000000 tegra30-beaver.dtb
Using asx0 device
TFTP from server 192.168.100.1; our IP address is 192.168.100.101
Filename 'tegra30-beaver.dtb'.
Load address: 0x82000000
Loading: *##
	 3.2 MiB/s
done
Bytes transferred = 23852 (5d2c hex)
Tegra30 (Beaver) # bootz 0x81000000 - 0x82000000
Kernel image @ 0x81000000 [ 0x000000 - 0x45cb98 ]
## Flattened Device Tree blob at 82000000
   Booting using the fdt blob at 0x82000000
   Loading Device Tree to 8fff7000, end 8ffffd2b ... OK

Starting kernel ...

[    0.000000] Booting Linux on physical CPU 0x0
[    0.000000] Linux version 3.14.0-rc4-next-20140228-05738-gb148a42 (pwalmsley@kaivo) (gcc version 4.7.3 20130328 (prerelease) (crosstool-NG linaro-1.13.1-4.7-2013.04-20130415 - Linaro GCC 2013.04) ) #1 SMP Thu Feb 27 23:47:31 PST 2014
[    0.000000] CPU: ARMv7 Processor [412fc099] revision 9 (ARMv7), cr=10c5387d
[    0.000000] CPU: PIPT / VIPT nonaliasing data cache, VIPT aliasing instruction cache
[    0.000000] Machine model: NVIDIA Tegra30 Beaver evaluation board
[    0.000000] debug: ignoring loglevel setting.
[    0.000000] cma: CMA: reserved 16 MiB at ae800000
[    0.000000] Memory policy: Data cache writealloc
[    0.000000] On node 0 totalpages: 524032
[    0.000000] free_area_init_node: node 0, pgdat c0b66880, node_mem_map ed7f1000
[    0.000000]   DMA zone: 1520 pages used for memmap
[    0.000000]   DMA zone: 0 pages reserved
[    0.000000]   DMA zone: 194560 pages, LIFO batch:31
[    0.000000]   HighMem zone: 2574 pages used for memmap
[    0.000000]   HighMem zone: 329472 pages, LIFO batch:31
[    0.000000] fuse_speedo_calib: ATE prog ver 3.3
[    0.000000] Tegra30: CPU Speedo ID 5, Soc Speedo ID 2
[    0.000000] Tegra Revision: A03 SKU: 128 CPU Process: 4 Core Process: 0
[    0.000000] L310 cache controller enabled
[    0.000000] l2x0: 8 ways, CACHE_ID 0x410000c7, AUX_CTRL 0x7e480001, Cache size: 1024 kB
[    0.000000] PERCPU: Embedded 7 pages/cpu @ed7bd000 s8128 r8192 d12352 u32768
[    0.000000] pcpu-alloc: s8128 r8192 d12352 u32768 alloc=8*4096
[    0.000000] pcpu-alloc: [0] 0 [0] 1 [0] 2 [0] 3 
[    0.000000] Built 1 zonelists in Zone order, mobility grouping on.  Total pages: 522512
[    0.000000] Kernel command line: ignore_loglevel console=ttyS0,115200n8 rw root=/dev/mmcblk0p1 rootwait gpt debug init=/bin/bash noinitrd
[    0.000000] PID hash table entries: 4096 (order: 2, 16384 bytes)
[    0.000000] Dentry cache hash table entries: 131072 (order: 7, 524288 bytes)
[    0.000000] Inode-cache hash table entries: 65536 (order: 6, 262144 bytes)
[    0.000000] Memory: 2052400K/2096128K available (5910K kernel code, 769K rwdata, 2392K rodata, 527K init, 288K bss, 43728K reserved, 1317888K highmem)
[    0.000000] Virtual kernel memory layout:
[    0.000000]     vector  : 0xffff0000 - 0xffff1000   (   4 kB)
[    0.000000]     fixmap  : 0xfff00000 - 0xfffe0000   ( 896 kB)
[    0.000000]     vmalloc : 0xf0000000 - 0xff000000   ( 240 MB)
[    0.000000]     lowmem  : 0xc0000000 - 0xef800000   ( 760 MB)
[    0.000000]     pkmap   : 0xbfe00000 - 0xc0000000   (   2 MB)
[    0.000000]     modules : 0xbf000000 - 0xbfe00000   (  14 MB)
[    0.000000]       .text : 0xc0208000 - 0xc0a23ad4   (8303 kB)
[    0.000000]       .init : 0xc0a24000 - 0xc0aa7fc0   ( 528 kB)
[    0.000000]       .data : 0xc0aa8000 - 0xc0b68520   ( 770 kB)
[    0.000000]        .bss : 0xc0b68528 - 0xc0bb0838   ( 289 kB)
[    0.000000] SLUB: HWalign=64, Order=0-3, MinObjects=0, CPUs=4, Nodes=1
[    0.000000] Hierarchical RCU implementation.
[    0.000000] NR_IRQS:16 nr_irqs:16 16
[    0.000009] sched_clock: 32 bits at 1000kHz, resolution 1000ns, wraps every 2147483648000ns
[    0.000761] Console: colour dummy device 80x30
[    0.000795] Calibrating delay loop... 2793.47 BogoMIPS (lpj=13967360)
[    0.059938] pid_max: default: 32768 minimum: 301
[    0.060068] Mount-cache hash table entries: 512
[    0.062739] CPU: Testing write buffer coherency: ok
[    0.063029] CPU0: thread -1, cpu 0, socket 0, mpidr 80000000
[    0.063093] Setting up static identity map for 0x807956d0 - 0x80795768
[    0.063228] unable to find compatible sirf rstc node in dtb
[    0.064663] CPU1: Booted secondary processor
[    0.119981] CPU1: thread -1, cpu 1, socket 0, mpidr 80000001
[    0.120852] CPU2: Booted secondary processor
[    0.179980] CPU2: thread -1, cpu 2, socket 0, mpidr 80000002
[    0.180837] CPU3: Booted secondary processor
[    0.239980] CPU3: thread -1, cpu 3, socket 0, mpidr 80000003
[    0.240041] Brought up 4 CPUs
[    0.240057] SMP: Total of 4 processors activated.
[    0.240064] CPU: All CPU(s) started in SVC mode.
[    0.240637] devtmpfs: initialized
[    0.243140] VFP support v0.3: implementor 41 architecture 3 part 30 variant 9 rev 4
[    0.243473] pinctrl core: initialized pinctrl subsystem
[    0.243760] regulator-dummy: no parameters
[    0.244902] NET: Registered protocol family 16
[    0.247865] DMA: preallocated 256 KiB pool for atomic coherent allocations
[    0.248364] cpuidle: using governor ladder
[    0.248369] cpuidle: using governor menu
[    0.255358] No ATAGs?
[    0.257126] Serial: AMBA PL011 UART driver
[    0.262718] edma-dma-engine edma-dma-engine.0: Can't allocate PaRAM dummy slot
[    0.262737] edma-dma-engine: probe of edma-dma-engine.0 failed with error -5
[    0.263046] vdd_5v_in: 5000 mV 
[    0.263122] platform 1.regulator: Driver reg-fixed-voltage requests probe deferral
[    0.263155] platform 2.regulator: Driver reg-fixed-voltage requests probe deferral
[    0.263262] vdd_5v_sata: 5000 mV 
[    0.263287] vdd_5v_sata: supplied by vdd_5v_in
[    0.263418] usb1_vbus: 5000 mV 
[    0.263441] usb1_vbus: supplied by vdd_5v_in
[    0.263576] usb3_vbus: 5000 mV 
[    0.263598] usb3_vbus: supplied by vdd_5v_in
[    0.263669] platform 6.regulator: Driver reg-fixed-voltage requests probe deferral
[    0.263759] sys_3v3_pexs: 3300 mV 
[    0.263787] reg-fixed-voltage 7.regulator: Failed to find supply vin
[    0.263851] reg-fixed-voltage 7.regulator: Failed to register regulator: -517
[    0.263861] platform 7.regulator: Driver reg-fixed-voltage requests probe deferral
[    0.265086] vgaarb: loaded
[    0.265415] SCSI subsystem initialized
[    0.265575] libata version 3.00 loaded.
[    0.265737] usbcore: registered new interface driver usbfs
[    0.265799] usbcore: registered new interface driver hub
[    0.265858] usbcore: registered new device driver usb
[    0.279971] vdd_1v8_gen: 1800 mV 
[    0.280020] vdd_1v8_gen: supplied by vdd_5v_in
[    0.289967] vddio_ddr_1v2: 1200 mV 
[    0.290456] vddio_ddr_1v2: supplied by vdd_5v_in
[    0.299967] vdd_1v5_gen: 1500 mV 
[    0.300000] vdd_1v5_gen: supplied by vdd_5v_in
[    0.309967] vdd_cpu,vdd_sys: 1000 mV 
[    0.312331] vdd_pexa,vdd_pexb: 1050 mV 
[    0.312362] vdd_pexa,vdd_pexb: supplied by vdd_1v5_gen
[    0.315033] vdd_sata,avdd_plle: 1050 mV 
[    0.315061] vdd_sata,avdd_plle: supplied by vdd_1v5_gen
[    0.319967] vdd_rtc: 1200 mV 
[    0.319999] vdd_rtc: supplied by vdd_5v_in
[    0.329967] vddio_sdmmc,avdd_vdac: 3300 mV 
[    0.329999] vddio_sdmmc,avdd_vdac: supplied by vdd_5v_in
[    0.332693] avdd_dsi_csi,pwrdet_mipi: 1200 mV 
[    0.332723] avdd_dsi_csi,pwrdet_mipi: supplied by vdd_1v8_gen
[    0.339966] vdd_pllm,x,u,a_p_c_s: 1200 mV 
[    0.339995] vdd_pllm,x,u,a_p_c_s: supplied by vdd_1v8_gen
[    0.349966] vdd_ddr_hs: 1000 mV 
[    0.349995] vdd_ddr_hs: supplied by vdd_1v8_gen
[    0.351747] tps62361-vout: 500 <--> 1500 mV at 1160 mV 
[    0.351897] Linux video capture interface: v2.00
[    0.351927] pps_core: LinuxPPS API ver. 1 registered
[    0.351931] pps_core: Software ver. 5.3.6 - Copyright 2005-2007 Rodolfo Giometti <giometti@linux.it>
[    0.351956] PTP clock support registered
[    0.351985] EDAC MC: Ver: 3.0.0
[    0.352386] platform 7000f010.iommu: Driver tegra-smmu requests probe deferral
[    0.352491] Advanced Linux Sound Architecture Driver Initialized.
[    0.353136] Switched to clocksource timer_us
[    0.358878] NET: Registered protocol family 2
[    0.359264] TCP established hash table entries: 8192 (order: 3, 32768 bytes)
[    0.359312] TCP bind hash table entries: 8192 (order: 4, 65536 bytes)
[    0.359393] TCP: Hash tables configured (established 8192 bind 8192)
[    0.359467] TCP: reno registered
[    0.359478] UDP hash table entries: 512 (order: 2, 16384 bytes)
[    0.359539] UDP-Lite hash table entries: 512 (order: 2, 16384 bytes)
[    0.359754] NET: Registered protocol family 1
[    0.360023] RPC: Registered named UNIX socket transport module.
[    0.360029] RPC: Registered udp transport module.
[    0.360032] RPC: Registered tcp transport module.
[    0.360036] RPC: Registered tcp NFSv4.1 backchannel transport module.
[    0.360044] PCI: CLS 0 bytes, default 64
[    0.361189] futex hash table entries: 1024 (order: 4, 65536 bytes)
[    0.362107] bounce pool size: 64 pages
[    0.367623] squashfs: version 4.0 (2009/01/31) Phillip Lougher
[    0.368060] NFS: Registering the id_resolver key type
[    0.368099] Key type id_resolver registered
[    0.368104] Key type id_legacy registered
[    0.368141] msgmni has been set to 1466
[    0.368542] Block layer SCSI generic (bsg) driver version 0.4 loaded (major 249)
[    0.368550] io scheduler noop registered
[    0.368555] io scheduler deadline registered
[    0.368658] io scheduler cfq registered (default)
[    0.370095] platform 3000.pcie-controller: Driver tegra-pcie requests probe deferral
[    0.372816] tegra-apbdma 6000a000.dma: Tegra20 APB DMA driver register 32 channels
[    0.406426] Serial: 8250/16550 driver, 4 ports, IRQ sharing disabled
[    0.407426] Serial: IMX driver
[    0.407626] msm_serial: driver initialized
[    0.408171] 70006000.serial: ttyS0 at MMIO 0x70006000 (irq = 68, base_baud = 25500000) is a Tegra
[    1.226442] console [ttyS0] enabled
[    1.230355] STMicroelectronics ASC driver initialized
[    1.235796] serial: Freescale lpuart driver
[    1.240097] [drm] Initialized drm 1.1.0 20060810
[    1.245466] tegra-hdmi 54280000.hdmi: failed to get VDD regulator
[    1.251553] platform 54280000.hdmi: Driver tegra-hdmi requests probe deferral
[    1.262514] loop: module loaded
[    1.268216] m25p80 spi32766.1: w25q32 (4096 Kbytes)
[    1.274598] pegasus: v0.9.3 (2013/04/25), Pegasus/Pegasus II USB Ethernet driver
[    1.282022] usbcore: registered new interface driver pegasus
[    1.287720] usbcore: registered new interface driver asix
[    1.293136] usbcore: registered new interface driver ax88179_178a
[    1.299237] usbcore: registered new interface driver cdc_ether
[    1.305083] usbcore: registered new interface driver r815x
[    1.310598] usbcore: registered new interface driver smsc75xx
[    1.316369] usbcore: registered new interface driver smsc95xx
[    1.322132] usbcore: registered new interface driver net1080
[    1.327805] usbcore: registered new interface driver cdc_subset
[    1.333737] usbcore: registered new interface driver zaurus
[    1.339347] usbcore: registered new interface driver cdc_ncm
[    1.345019] ehci_hcd: USB 2.0 'Enhanced' Host Controller (EHCI) Driver
[    1.351528] ehci-pci: EHCI PCI platform driver
[    1.355990] ehci-platform: EHCI generic platform driver
[    1.361297] ehci-omap: OMAP-EHCI Host Controller driver
[    1.366572] ehci-orion: EHCI orion driver
[    1.370623] SPEAr-ehci: EHCI SPEAr driver
[    1.374684] tegra-ehci: Tegra EHCI driver
[    1.378815] platform 7d004000.usb: Driver tegra-ehci requests probe deferral
[    1.385897] platform 7d008000.usb: Driver tegra-ehci requests probe deferral
[    1.393212] usbcore: registered new interface driver usb-storage
[    1.399559] platform 7d004000.usb-phy: Driver tegra-phy requests probe deferral
[    1.408548] mousedev: PS/2 mouse device common for all mice
[    1.415112] tegra_rtc 7000e000.rtc: rtc core: registered 7000e000.rtc as rtc1
[    1.422248] tegra_rtc 7000e000.rtc: Tegra internal Real Time Clock
[    1.441043] tps65910-rtc tps65910-rtc: rtc core: registered tps65910-rtc as rtc0
[    1.448523] i2c /dev entries driver
[    1.454353] sdhci: Secure Digital Host Controller Interface driver
[    1.460516] sdhci: Copyright(c) Pierre Ossman
[    1.465180] sdhci-pltfm: SDHCI platform and OF driver helper
[    1.471208] sdhci-tegra 78000000.sdhci: Got CD GPIO #69.
[    1.476529] sdhci-tegra 78000000.sdhci: Got WP GPIO #155.
[    1.482951] mmc0: no vqmmc regulator found
[    1.487045] mmc0: no vmmc regulator found
[    1.491041] mmc0: Invalid maximum block size, assuming 512 bytes
[    1.543147] mmc0: SDHCI controller on 78000000.sdhci [78000000.sdhci] using ADMA
[    1.551588] mmc1: no vqmmc regulator found
[    1.555686] mmc1: no vmmc regulator found
[    1.559684] mmc1: Invalid maximum block size, assuming 512 bytes
[    1.603141] mmc1: SDHCI controller on 78000600.sdhci [78000600.sdhci] using ADMA
[    1.612782] usbcore: registered new interface driver usbhid
[    1.620356] usbhid: USB HID core driver
[    1.771519] mmc1: new high speed MMC card at address 0001
[    1.777208] mmcblk0: mmc1:0001 SEM16G 14.8 GiB 
[    1.781844] mmcblk0boot0: mmc1:0001 SEM16G partition 1 1.00 MiB
[    1.787889] mmcblk0boot1: mmc1:0001 SEM16G partition 2 1.00 MiB
[    1.793919] mmcblk0rpmb: mmc1:0001 SEM16G partition 3 128 KiB
[    1.803517] Primary GPT is invalid, using alternate GPT.
[    1.808829]  mmcblk0: p1 p2 p3 p4 p5
[    1.816349]  mmcblk0boot1: unknown partition table
[    1.823964]  mmcblk0boot0: unknown partition table
[    2.043957] tegra30-i2s 70080400.i2s: DMA channels sourced from device 70080000.ahub
[    2.059028] tegra-snd-rt5640 sound.4: rt5640-aif1 <-> 70080400.i2s mapping ok
[    2.068220] input: NVIDIA Tegra Beaver Headphones as /devices/soc0/sound.4/sound/card0/input0
[    2.077486] TCP: cubic registered
[    2.080795] NET: Registered protocol family 17
[    2.085384] Key type dns_resolver registered
[    2.089969] Registering SWP/SWPB emulation handler
[    2.095104] vdd_sata,avdd_plle: disabling
[    2.099465] usb1_vbus: disabling
[    2.104384] chargepump_5v: 5000 mV 
[    2.109744] vdd_ddr: 1500 mV 
[    2.112733] vdd_ddr: supplied by vdd_5v_in
[    2.118370] sys_3v3,vdd_3v3_alw: 3300 mV 
[    2.122386] sys_3v3,vdd_3v3_alw: supplied by vdd_5v_in
[    2.127701] sys_3v3_pexs: 3300 mV 
[    2.131117] sys_3v3_pexs: supplied by sys_3v3,vdd_3v3_alw
[    2.136962] tegra-pcie 3000.pcie-controller: 2x3 configuration
[    2.147287] tegra-pcie 3000.pcie-controller: probing port 0, using 2 lanes
[    2.208405] tegra-pcie 3000.pcie-controller: probing port 2, using 2 lanes
[    2.619013] tegra-pcie 3000.pcie-controller: link 2 down, retrying
[    3.028938] tegra-pcie 3000.pcie-controller: link 2 down, retrying
[    3.438851] tegra-pcie 3000.pcie-controller: link 2 down, retrying
[    3.447039] tegra-pcie 3000.pcie-controller: link 2 down, ignoring
[    3.453325] tegra-pcie 3000.pcie-controller: PCI host bridge to bus 0000:00
[    3.460274] pci_bus 0000:00: root bus resource [mem 0x20000000-0x27ffffff]
[    3.467142] pci_bus 0000:00: root bus resource [mem 0x28000000-0x3fffffff pref]
[    3.474441] pci_bus 0000:00: root bus resource [bus 00-ff]
[    3.479913] pci_bus 0000:00: root bus resource [io  0x1000-0xffff]
[    3.486104] pci 0000:00:01.0: [10de:0e1c] type 01 class 0x060400
[    3.492144] pci 0000:00:01.0: PME# supported from D0 D1 D2 D3hot D3cold
[    3.498887] PCI: bus0: Fast back to back transfers disabled
[    3.504458] pci 0000:00:01.0: bridge configuration invalid ([bus 00-00]), reconfiguring
[    3.512540] pci 0000:01:00.0: [10ec:8168] type 00 class 0x020000
[    3.518556] pci 0000:01:00.0: reg 0x10: [io  0x0000-0x00ff]
[    3.524132] pci 0000:01:00.0: reg 0x18: [mem 0x00000000-0x00000fff 64bit pref]
[    3.531344] pci 0000:01:00.0: reg 0x20: [mem 0x00000000-0x00003fff 64bit pref]
[    3.538597] pci 0000:01:00.0: supports D1 D2
[    3.542856] pci 0000:01:00.0: PME# supported from D0 D1 D2 D3hot D3cold
[    3.549582] PCI: bus1: Fast back to back transfers disabled
[    3.555153] pci_bus 0000:01: busn_res: [bus 01-ff] end is updated to 01
[    3.561781] pci 0000:00:01.0: BAR 9: assigned [mem 0x28000000-0x280fffff 64bit pref]
[    3.569516] pci 0000:00:01.0: BAR 7: assigned [io  0x1000-0x1fff]
[    3.575605] pci 0000:01:00.0: BAR 4: assigned [mem 0x28000000-0x28003fff 64bit pref]
[    3.583345] pci 0000:01:00.0: BAR 2: assigned [mem 0x28004000-0x28004fff 64bit pref]
[    3.591076] pci 0000:01:00.0: BAR 0: assigned [io  0x1000-0x10ff]
[    3.597163] pci 0000:00:01.0: PCI bridge to [bus 01]
[    3.602114] pci 0000:00:01.0:   bridge window [io  0x1000-0x1fff]
[    3.608201] pci 0000:00:01.0:   bridge window [mem 0x28000000-0x280fffff 64bit pref]
[    3.615942] pci 0000:00:01.0: nv_msi_ht_cap_quirk didn't locate host bridge
[    3.623031] r8169 Gigabit Ethernet driver 2.3LK-NAPI loaded
[    3.628636] r8169 0000:01:00.0: enabling device (0140 -> 0143)
[    3.635016] r8169 0000:01:00.0 eth0: RTL8168evl/8111evl at 0xf002e000, 02:04:4b:01:60:a6, XID 0c900800 IRQ 472
[    3.645009] r8169 0000:01:00.0 eth0: jumbo features [frames: 9200 bytes, tx checksumming: ko]
[    3.654515] [drm] Supports vblank timestamp caching Rev 2 (21.10.2013).
[    3.661114] [drm] No driver support for vblank timestamp query.
[    3.667086] host1x drm: No connectors reported connected with modes
[    3.673348] [drm] Cannot find any crtc or sizes - going 1024x768
[    3.693423] Console: switching to colour frame buffer device 128x48
[    3.705826] host1x drm: fb0:  frame buffer device
[    3.710517] host1x drm: registered panic notifier
[    3.715221] [drm] Initialized tegra 0.0.0 20120330 on minor 0
[    3.721395] platform 7d004000.usb: Driver tegra-ehci requests probe deferral
[    3.731314] tegra-ehci 7d008000.usb: EHCI Host Controller
[    3.736722] tegra-ehci 7d008000.usb: new USB bus registered, assigned bus number 1
[    3.744545] tegra-ehci 7d008000.usb: irq 129, io mem 0x7d008000
[    3.763151] tegra-ehci 7d008000.usb: USB 2.0 started, EHCI 1.00
[    3.769495] hub 1-0:1.0: USB hub found
[    3.773273] hub 1-0:1.0: 1 port detected
[    3.777885] tegra-ehci 7d004000.usb: EHCI Host Controller
[    3.783307] tegra-ehci 7d004000.usb: new USB bus registered, assigned bus number 2
[    3.791032] tegra-ehci 7d004000.usb: irq 53, io mem 0x7d004000
[    3.813141] tegra-ehci 7d004000.usb: USB 2.0 started, EHCI 1.00
[    3.819429] hub 2-0:1.0: USB hub found
[    3.823201] hub 2-0:1.0: 1 port detected
[    3.831062] tps65910-rtc tps65910-rtc: setting system clock to 2000-01-01 00:00:02 UTC (946684802)
[    3.840016] spear_cpufreq: Invalid cpufreq_tbl
[    3.848203] ALSA device list:
[    3.851347]   #0: NVIDIA Tegra Beaver
[    3.857711] EXT4-fs (mmcblk0p1): mounting ext3 file system using the ext4 subsystem
[    3.882161] EXT4-fs (mmcblk0p1): warning: mounting fs with errors, running e2fsck is recommended
[    3.892538] EXT4-fs (mmcblk0p1): recovery complete
[    3.897338] EXT4-fs (mmcblk0p1): mounted filesystem with ordered data mode. Opts: (null)
[    3.905443] VFS: Mounted root (ext3 filesystem) on device 179:1.
[    3.930048] devtmpfs: mounted
[    3.933484] Freeing unused kernel memory: 524K (c0a24000 - c0aa7000)
[    4.093197] usb 1-1: new high-speed USB device number 2 using tegra-ehci
bash: cannot set terminal process group (-1): Inappropriate ioctl for device
bash: no job control in this shell
root@(none):/# [    4.574544] asix 1-1:1.0 eth1: register 'asix' at usb-7d008000.usb-1, ASIX AX88772 USB 2.0 Ethernet, 00:50:b6:0f:68:6d
