
U-Boot SPL 2015.04-rc3-00209-ga74ef40 (Mar 16 2015 - 14:43:39)


U-Boot 2015.04-rc3-00209-ga74ef40 (Mar 16 2015 - 14:43:39)

TEGRA20
Model: Compulab TrimSlice board
DRAM:  1 GiB
MMC:   Tegra SD/MMC: 0, Tegra SD/MMC: 1
SF: Detected W25Q80BL with page size 256 Bytes, erase size 4 KiB, total 1 MiB
tegra-pcie: PCI regions:
tegra-pcie:   I/O: 0x82000000-0x82010000
tegra-pcie:   non-prefetchable memory: 0xa0000000-0xa8000000
tegra-pcie:   prefetchable memory: 0xa8000000-0xc0000000
tegra-pcie: dual-mode configuration
tegra-pcie: probing port 0, using 2 lanes
In:    serial
Out:   serial
Err:   serial
Net:   RTL8169#0
Hit any key to stop autoboot:  2  0 
Tegra20 (TrimSlice) # 
Tegra20 (TrimSlice) # usb reset
resetting USB...
USB0:   USB EHCI 1.00
scanning bus 0 for devices... 3 USB Device(s) found
USB1:   USB EHCI 1.00
scanning bus 1 for devices... 1 USB Device(s) found
USB2:   lowlevel init failed
       scanning usb for storage devices... 0 Storage Device(s) found
       scanning usb for ethernet devices... 
Warning: asx0 using MAC address from net device
1 Ethernet Device(s) found
Tegra20 (TrimSlice) # setenv bootargs 'ignore_loglevel console=ttyS0,115200n8 rw root=PARTUUID=11eb23c1-01 rootwait gpt debug noinitrd earlyprintk init=/bin/bash'
Tegra20 (TrimSlice) # setenv ipaddr 192.168.100.103; setenv serverip 192.168.100.1; setenv tftpserverip 192.168.100.1
Tegra20 (TrimSlice) # tftpboot 0x00408000 zImage.multi_v7_defconfig
Using RTL8169#0 device
TFTP from server 192.168.100.1; our IP address is 192.168.100.103
Filename 'zImage.multi_v7_defconfig'.
Load address: 0x408000
Loading: *#################################################################
	 #################################################################
	 #################################################################
	 #################################################################
	 #################################################################
	 #################################################################
	 #################################################################
	 #################################################################
	 ################################
	 3.7 MiB/s
done
Bytes transferred = 8098304 (7b9200 hex)
Tegra20 (TrimSlice) # tftpboot 0x02408000 tegra20-trimslice.dtb
Using RTL8169#0 device
TFTP from server 192.168.100.1; our IP address is 192.168.100.103
Filename 'tegra20-trimslice.dtb'.
Load address: 0x2408000
Loading: *##
	 3.4 MiB/s
done
Bytes transferred = 21686 (54b6 hex)
Tegra20 (TrimSlice) # bootz 0x00408000 - 0x02408000
Kernel image @ 0x408000 [ 0x000000 - 0x7b9200 ]
## Flattened Device Tree blob at 02408000
   Booting using the fdt blob at 0x2408000
   Using Device Tree in place at 02408000, end 024104b5

Starting kernel ...

[    0.000000] Booting Linux on physical CPU 0x0
[    0.000000] Linux version 4.15.0-rc7-next-20180110-344559-gb4464bcab38d (jonathanh@tamien) (gcc version 4.7.3 20130328 (prerelease) (crosstool-NG linaro-1.13.1-4.7-2013.04-20130415 - Linaro GCC 2013.04)) #1 SMP Tue Jan 9 21:20:07 PST 2018
[    0.000000] CPU: ARMv7 Processor [411fc090] revision 0 (ARMv7), cr=10c5387d
[    0.000000] CPU: PIPT / VIPT nonaliasing data cache, VIPT aliasing instruction cache
[    0.000000] OF: fdt: Machine model: Compulab TrimSlice board
[    0.000000] debug: ignoring loglevel setting.
[    0.000000] Memory policy: Data cache writealloc
[    0.000000] efi: Getting EFI parameters from FDT:
[    0.000000] efi: UEFI not found.
[    0.000000] cma: Reserved 64 MiB at 0x3c000000
[    0.000000] On node 0 totalpages: 262144
[    0.000000]   DMA zone: 1536 pages used for memmap
[    0.000000]   DMA zone: 0 pages reserved
[    0.000000]   DMA zone: 196608 pages, LIFO batch:31
[    0.000000]   HighMem zone: 65536 pages, LIFO batch:15
[    0.000000] random: fast init done
[    0.000000] percpu: Embedded 17 pages/cpu @(ptrval) s39040 r8192 d22400 u69632
[    0.000000] pcpu-alloc: s39040 r8192 d22400 u69632 alloc=17*4096
[    0.000000] pcpu-alloc: [0] 0 [0] 1 
[    0.000000] Built 1 zonelists, mobility grouping on.  Total pages: 260608
[    0.000000] Kernel command line: ignore_loglevel console=ttyS0,115200n8 rw root=PARTUUID=11eb23c1-01 rootwait gpt debug noinitrd earlyprintk init=/bin/bash
[    0.000000] Dentry cache hash table entries: 131072 (order: 7, 524288 bytes)
[    0.000000] Inode-cache hash table entries: 65536 (order: 6, 262144 bytes)
[    0.000000] Memory: 953408K/1048576K available (11264K kernel code, 1563K rwdata, 4328K rodata, 2048K init, 405K bss, 29632K reserved, 65536K cma-reserved, 196608K highmem)
[    0.000000] Virtual kernel memory layout:
[    0.000000]     vector  : 0xffff0000 - 0xffff1000   (   4 kB)
[    0.000000]     fixmap  : 0xffc00000 - 0xfff00000   (3072 kB)
[    0.000000]     vmalloc : 0xf0800000 - 0xff800000   ( 240 MB)
[    0.000000]     lowmem  : 0xc0000000 - 0xf0000000   ( 768 MB)
[    0.000000]     pkmap   : 0xbfe00000 - 0xc0000000   (   2 MB)
[    0.000000]     modules : 0xbf000000 - 0xbfe00000   (  14 MB)
[    0.000000]       .text : 0x(ptrval) - 0x(ptrval)   (12256 kB)
[    0.000000]       .init : 0x(ptrval) - 0x(ptrval)   (2048 kB)
[    0.000000]       .data : 0x(ptrval) - 0x(ptrval)   (1564 kB)
[    0.000000]        .bss : 0x(ptrval) - 0x(ptrval)   ( 406 kB)
[    0.000000] SLUB: HWalign=64, Order=0-3, MinObjects=0, CPUs=2, Nodes=1
[    0.000000] Hierarchical RCU implementation.
[    0.000000] 	RCU event tracing is enabled.
[    0.000000] 	RCU restricting CPUs from NR_CPUS=16 to nr_cpu_ids=2.
[    0.000000] RCU: Adjusting geometry for rcu_fanout_leaf=16, nr_cpu_ids=2
[    0.000000] NR_IRQS: 16, nr_irqs: 16, preallocated irqs: 16
[    0.000000] /interrupt-controller@60004000: 128 interrupts forwarded to /interrupt-controller@50041000
[    0.000000] L2C: platform modifies aux control register: 0x02080000 -> 0x3e480001
[    0.000000] L2C: DT/platform modifies aux control register: 0x02080000 -> 0x3e480001
[    0.000000] L2C-310 errata 727915 769419 enabled
[    0.000000] L2C-310 enabling early BRESP for Cortex-A9
[    0.000000] L2C-310: enabling full line of zeros but not enabled in Cortex-A9
[    0.000000] L2C-310 ID prefetch enabled, offset 1 lines
[    0.000000] L2C-310 cache controller enabled, 8 ways, 1024 kB
[    0.000000] L2C-310: CACHE_ID 0x410000c4, AUX_CTRL 0x7e480001
[    0.000010] sched_clock: 32 bits at 1000kHz, resolution 1000ns, wraps every 2147483647500ns
[    0.000026] clocksource: timer_us: mask: 0xffffffff max_cycles: 0xffffffff, max_idle_ns: 1911260446275 ns
[    0.000037] Switching to timer-based delay loop, resolution 1000ns
[    0.001633] Console: colour dummy device 80x30
[    0.001662] Calibrating delay loop (skipped), value calculated using timer frequency.. 2.00 BogoMIPS (lpj=10000)
[    0.001674] pid_max: default: 32768 minimum: 301
[    0.001770] Mount-cache hash table entries: 2048 (order: 1, 8192 bytes)
[    0.001781] Mountpoint-cache hash table entries: 2048 (order: 1, 8192 bytes)
[    0.002225] CPU: Testing write buffer coherency: ok
[    0.002449] CPU0: thread -1, cpu 0, socket 0, mpidr 80000000
[    0.002690] Setting up static identity map for 0x300000 - 0x3000a0
[    0.003347] Hierarchical SRCU implementation.
[    0.003982] brcmstb: biuctrl: missing BIU control node
[    0.003990] brcmstb: biuctrl: MCP: Unable to disable write pairing!
[    0.004551] Tegra Revision: A03 prime SKU: 8 CPU Process: 1 SoC Process: 2
[    0.005035] EFI services will not be available.
[    0.005133] smp: Bringing up secondary CPUs ...
[    0.005673] CPU1: thread -1, cpu 1, socket 0, mpidr 80000001
[    0.005756] smp: Brought up 1 node, 2 CPUs
[    0.005767] SMP: Total of 2 processors activated (4.00 BogoMIPS).
[    0.005773] CPU: All CPU(s) started in SVC mode.
[    0.006443] devtmpfs: initialized
[    0.012979] Built 1 zonelists, mobility grouping on.  Total pages: 254736
[    0.013320] VFP support v0.3: implementor 41 architecture 3 part 30 variant 9 rev 1
[    0.013571] clocksource: jiffies: mask: 0xffffffff max_cycles: 0xffffffff, max_idle_ns: 19112604462750000 ns
[    0.013593] futex hash table entries: 512 (order: 3, 32768 bytes)
[    0.013773] pinctrl core: initialized pinctrl subsystem
[    0.014656] DMI not present or invalid.
[    0.014890] NET: Registered protocol family 16
[    0.016831] DMA: preallocated 256 KiB pool for atomic coherent allocations
[    0.018226] cpuidle: using governor menu
[    0.034159] No ATAGs?
[    0.034226] hw-breakpoint: found 5 (+1 reserved) breakpoint and 1 watchpoint registers.
[    0.034237] hw-breakpoint: maximum watchpoint size is 4 bytes.
[    0.038879] Serial: AMBA PL011 UART driver
[    0.049275] AT91: Could not find identification node
[    0.049779] usb1_vbus: Failed to request enable GPIO170: -517
[    0.049796] reg-fixed-voltage regulators:regulator@2: Failed to register regulator: -517
[    0.053524] vgaarb: loaded
[    0.054085] SCSI subsystem initialized
[    0.054219] libata version 3.00 loaded.
[    0.054377] usbcore: registered new interface driver usbfs
[    0.054421] usbcore: registered new interface driver hub
[    0.054461] usbcore: registered new device driver usb
[    0.056473] pps_core: LinuxPPS API ver. 1 registered
[    0.056481] pps_core: Software ver. 5.3.6 - Copyright 2005-2007 Rodolfo Giometti <giometti@linux.it>
[    0.056500] PTP clock support registered
[    0.056644] EDAC MC: Ver: 3.0.0
[    0.058428] clocksource: Switched to clocksource timer_us
[    0.094006] NET: Registered protocol family 2
[    0.094441] tcp_listen_portaddr_hash hash table entries: 512 (order: 0, 6144 bytes)
[    0.094464] TCP established hash table entries: 8192 (order: 3, 32768 bytes)
[    0.094532] TCP bind hash table entries: 8192 (order: 4, 65536 bytes)
[    0.094636] TCP: Hash tables configured (established 8192 bind 8192)
[    0.094754] UDP hash table entries: 512 (order: 2, 16384 bytes)
[    0.094803] UDP-Lite hash table entries: 512 (order: 2, 16384 bytes)
[    0.094963] NET: Registered protocol family 1
[    0.095286] RPC: Registered named UNIX socket transport module.
[    0.095294] RPC: Registered udp transport module.
[    0.095300] RPC: Registered tcp transport module.
[    0.095304] RPC: Registered tcp NFSv4.1 backchannel transport module.
[    0.095313] PCI: CLS 0 bytes, default 64
[    0.096130] hw perfevents: no interrupt-affinity property for /pmu, guessing.
[    0.096306] hw perfevents: enabled with armv7_cortex_a9 PMU driver, 7 counters available
[    0.097404] Initialise system trusted keyrings
[    0.097527] workingset: timestamp_bits=30 max_order=18 bucket_order=0
[    0.102492] squashfs: version 4.0 (2009/01/31) Phillip Lougher
[    0.102959] NFS: Registering the id_resolver key type
[    0.102987] Key type id_resolver registered
[    0.102993] Key type id_legacy registered
[    0.103024] ntfs: driver 2.1.32 [Flags: R/O].
[    0.104271] Key type asymmetric registered
[    0.104279] Asymmetric key parser 'x509' registered
[    0.104317] bounce: pool size: 64 pages
[    0.104360] Block layer SCSI generic (bsg) driver version 0.4 loaded (major 246)
[    0.104368] io scheduler noop registered
[    0.104374] io scheduler deadline registered
[    0.104550] io scheduler cfq registered (default)
[    0.104558] io scheduler mq-deadline registered
[    0.104564] io scheduler kyber registered
[    0.116755] tegra-pcie 80003000.pcie: dual-mode configuration
[    0.117472] tegra-pcie 80003000.pcie: probing port 0, using 2 lanes
[    0.199976] tegra-pcie 80003000.pcie: PCI host bridge to bus 0000:00
[    0.199988] pci_bus 0000:00: root bus resource [io  0x0000-0xffff]
[    0.199997] pci_bus 0000:00: root bus resource [mem 0xa0000000-0xa7ffffff]
[    0.200005] pci_bus 0000:00: root bus resource [mem 0xa8000000-0xbfffffff pref]
[    0.200013] pci_bus 0000:00: root bus resource [bus 00-ff]
[    0.200043] pci 0000:00:01.0: [10de:0bf0] type 01 class 0x060000
[    0.200062] pci_bus 0000:00: 2-byte config write to 0000:00:01.0 offset 0x4 may corrupt adjacent RW1C bits
[    0.200073] pci_bus 0000:00: 2-byte config write to 0000:00:01.0 offset 0x4 may corrupt adjacent RW1C bits
[    0.200091] pci 0000:00:01.0: enabling Extended Tags
[    0.200101] pci_bus 0000:00: 2-byte config write to 0000:00:01.0 offset 0x88 may corrupt adjacent RW1C bits
[    0.200128] pci_bus 0000:00: 2-byte config write to 0000:00:01.0 offset 0x52 may corrupt adjacent RW1C bits
[    0.200152] pci 0000:00:01.0: PME# supported from D0 D1 D2 D3hot D3cold
[    0.200163] pci_bus 0000:00: 2-byte config write to 0000:00:01.0 offset 0x4c may corrupt adjacent RW1C bits
[    0.200314] pci_bus 0000:00: 2-byte config write to 0000:00:01.0 offset 0x3e may corrupt adjacent RW1C bits
[    0.200326] pci_bus 0000:00: 2-byte config write to 0000:00:01.0 offset 0x4 may corrupt adjacent RW1C bits
[    0.200337] pci_bus 0000:00: 1-byte config write to 0000:00:01.0 offset 0xc may corrupt adjacent RW1C bits
[    0.200343] PCI: bus0: Fast back to back transfers disabled
[    0.200352] pci 0000:00:01.0: bridge configuration invalid ([bus 00-00]), reconfiguring
[    0.200362] pci_bus 0000:00: 2-byte config write to 0000:00:01.0 offset 0x3e may corrupt adjacent RW1C bits
[    0.200373] pci_bus 0000:00: 2-byte config write to 0000:00:01.0 offset 0x3e may corrupt adjacent RW1C bits
[    0.200473] pci 0000:01:00.0: [10ec:8168] type 00 class 0x020000
[    0.200504] pci 0000:01:00.0: reg 0x10: [io  0x0000-0x00ff]
[    0.200527] pci 0000:01:00.0: reg 0x18: [mem 0x00000000-0x00000fff 64bit pref]
[    0.200544] pci 0000:01:00.0: reg 0x20: [mem 0x00000000-0x00003fff 64bit pref]
[    0.200556] pci 0000:01:00.0: reg 0x30: [mem 0x00000000-0x0001ffff pref]
[    0.200635] pci 0000:01:00.0: supports D1 D2
[    0.200642] pci 0000:01:00.0: PME# supported from D0 D1 D2 D3hot D3cold
[    0.228477] PCI: bus1: Fast back to back transfers disabled
[    0.228490] pci_bus 0000:01: busn_res: [bus 01-ff] end is updated to 01
[    0.228518] pci 0000:00:01.0: BAR 8: assigned [mem 0xa0000000-0xa00fffff]
[    0.228529] pci 0000:00:01.0: BAR 9: assigned [mem 0xa8000000-0xa80fffff 64bit pref]
[    0.228538] pci 0000:00:01.0: BAR 7: assigned [io  0x1000-0x1fff]
[    0.228550] pci 0000:01:00.0: BAR 6: assigned [mem 0xa0000000-0xa001ffff pref]
[    0.228559] pci 0000:01:00.0: BAR 4: assigned [mem 0xa8000000-0xa8003fff 64bit pref]
[    0.228575] pci 0000:01:00.0: BAR 2: assigned [mem 0xa8004000-0xa8004fff 64bit pref]
[    0.228590] pci 0000:01:00.0: BAR 0: assigned [io  0x1000-0x10ff]
[    0.228601] pci 0000:00:01.0: PCI bridge to [bus 01]
[    0.228609] pci 0000:00:01.0:   bridge window [io  0x1000-0x1fff]
[    0.228619] pci 0000:00:01.0:   bridge window [mem 0xa0000000-0xa00fffff]
[    0.228627] pci 0000:00:01.0:   bridge window [mem 0xa8000000-0xa80fffff 64bit pref]
[    0.228650] pci 0000:00:01.0: nv_msi_ht_cap_quirk didn't locate host bridge
[    0.228708] Disabling cpuidle LP2 state, since PCIe IRQs are in use
[    0.228744] pcieport 0000:00:01.0: enabling device (0140 -> 0143)
[    0.228914] pcieport 0000:00:01.0: Signaling PME with IRQ 298
[    0.235409] tegra-apbdma 6000a000.dma: Tegra20 APB DMA driver register 16 channels
[    0.279223] Serial: 8250/16550 driver, 4 ports, IRQ sharing disabled
[    0.281427] console [ttyS0] disabled
[    0.281466] 70006000.serial: ttyS0 at MMIO 0x70006000 (irq = 282, base_baud = 13500000) is a Tegra
[    1.387327] console [ttyS0] enabled
[    1.391419] SuperH (H)SCI(F) driver initialized
[    1.396696] msm_serial: driver initialized
[    1.400947] STMicroelectronics ASC driver initialized
[    1.418212] tegra-dc 54240000.dc: Linked as a consumer to 54200000.dc
[    1.433112] tegra-hdmi 54280000.hdmi: 54280000.hdmi supply hdmi not found, using dummy regulator
[    1.444207] [drm] Supports vblank timestamp caching Rev 2 (21.10.2013).
[    1.450825] [drm] No driver support for vblank timestamp query.
[    1.456762] [drm] Cannot find any crtc or sizes
[    1.461383] [drm] Initialized tegra 0.0.0 20120330 for drm on minor 0
[    1.469485] [drm] Cannot find any crtc or sizes
[    1.479696] brd: module loaded
[    1.487910] loop: module loaded
[    1.497119] m25p80 spi0.0: found s25fl008k, expected w25q80bl
[    1.502944] m25p80 spi0.0: s25fl008k (1024 Kbytes)
[    1.509782] libphy: Fixed MDIO Bus: probed
[    1.514587] CAN device driver interface
[    1.519115] bgmac_bcma: Broadcom 47xx GBit MAC driver loaded
[    1.525705] e1000e: Intel(R) PRO/1000 Network Driver - 3.2.6-k
[    1.531540] e1000e: Copyright(c) 1999 - 2015 Intel Corporation.
[    1.537492] igb: Intel(R) Gigabit Ethernet Network Driver - version 5.4.0-k
[    1.544447] igb: Copyright (c) 2007-2014 Intel Corporation.
[    1.550592] r8169 Gigabit Ethernet driver 2.3LK-NAPI loaded
[    1.556176] r8169 0000:01:00.0: enabling device (0140 -> 0143)
[    1.562609] r8169 0000:01:00.0 eth0: RTL8168d/8111d at 0xf32c9720, 00:01:c0:13:7d:63, XID 081000c0 IRQ 299
[    1.572267] r8169 0000:01:00.0 eth0: jumbo features [frames: 9200 bytes, tx checksumming: ko]
[    1.583144] pegasus: v0.9.3 (2013/04/25), Pegasus/Pegasus II USB Ethernet driver
[    1.590595] usbcore: registered new interface driver pegasus
[    1.596269] usbcore: registered new interface driver asix
[    1.601691] usbcore: registered new interface driver ax88179_178a
[    1.607796] usbcore: registered new interface driver cdc_ether
[    1.613670] usbcore: registered new interface driver smsc75xx
[    1.619450] usbcore: registered new interface driver smsc95xx
[    1.625202] usbcore: registered new interface driver net1080
[    1.630886] usbcore: registered new interface driver cdc_subset
[    1.636811] usbcore: registered new interface driver zaurus
[    1.642424] usbcore: registered new interface driver cdc_ncm
[    1.648339] tegra-phy c5004000.usb-phy: no vbus regulator
[    1.654852] tegra-phy c5008000.usb-phy: no vbus regulator
[    1.661632] ehci_hcd: USB 2.0 'Enhanced' Host Controller (EHCI) Driver
[    1.668144] ehci-pci: EHCI PCI platform driver
[    1.672625] ehci-platform: EHCI generic platform driver
[    1.677992] ehci-orion: EHCI orion driver
[    1.682125] SPEAr-ehci: EHCI SPEAr driver
[    1.686220] ehci-st: EHCI STMicroelectronics driver
[    1.691203] ehci-exynos: EHCI EXYNOS driver
[    1.695498] ehci-atmel: EHCI Atmel driver
[    1.699612] tegra-ehci: Tegra EHCI driver
[    1.759407] ulpi_phy_power_on: ulpi write failed
[    1.764014] tegra-ehci c5004000.usb: Failed to power on the phy
[    1.769950] tegra-ehci: probe of c5004000.usb failed with error -110
[    1.778928] tegra-ehci c5008000.usb: EHCI Host Controller
[    1.784330] tegra-ehci c5008000.usb: new USB bus registered, assigned bus number 1
[    1.792051] tegra-ehci c5008000.usb: irq 293, io mem 0xc5008000
[    1.818445] tegra-ehci c5008000.usb: USB 2.0 started, EHCI 1.00
[    1.824868] hub 1-0:1.0: USB hub found
[    1.828651] hub 1-0:1.0: 1 port detected
[    1.832877] ohci_hcd: USB 1.1 'Open' Host Controller (OHCI) Driver
[    1.839083] ohci-pci: OHCI PCI platform driver
[    1.843553] ohci-platform: OHCI generic platform driver
[    1.848949] SPEAr-ohci: OHCI SPEAr driver
[    1.853050] ohci-st: OHCI STMicroelectronics driver
[    1.858012] ohci-atmel: OHCI Atmel driver
[    1.862619] usbcore: registered new interface driver usb-storage
[    1.871850] rtc-em3027 2-0056: rtc core: registered rtc-em3027 as rtc0
[    1.879499] tegra_rtc 7000e000.rtc: rtc core: registered 7000e000.rtc as rtc1
[    1.886650] tegra_rtc 7000e000.rtc: Tegra internal Real Time Clock
[    1.893239] i2c /dev entries driver
[    1.906402] sdhci: Secure Digital Host Controller Interface driver
[    1.912602] sdhci: Copyright(c) Pierre Ossman
[    1.918199] Synopsys Designware Multimedia Card Interface Driver
[    1.925300] sdhci-pltfm: SDHCI platform and OF driver helper
[    1.939010] mmc0: Invalid maximum block size, assuming 512 bytes
[    1.971785] mmc0: SDHCI controller on c8000000.sdhci [c8000000.sdhci] using ADMA
[    1.979457] sdhci-tegra c8000600.sdhci: Got CD GPIO
[    1.984357] sdhci-tegra c8000600.sdhci: Got WP GPIO
[    1.997465] mmc1: Invalid maximum block size, assuming 512 bytes
[    2.029544] mmc1: SDHCI controller on c8000600.sdhci [c8000600.sdhci] using ADMA
[    2.043966] ledtrig-cpu: registered to indicate activity on CPUs
[    2.051124] usbcore: registered new interface driver usbhid
[    2.056711] usbhid: USB HID core driver
[    2.075146] NET: Registered protocol family 10
[    2.082236] Segment Routing with IPv6
[    2.085941] sit: IPv6, IPv4 and MPLS over IPv4 tunneling driver
[    2.092410] NET: Registered protocol family 17
[    2.096848] can: controller area network core (rev 20170425 abi 9)
[    2.103092] NET: Registered protocol family 29
[    2.107523] can: raw protocol (rev 20170425)
[    2.111794] can: broadcast manager protocol (rev 20170425 t)
[    2.117442] can: netlink gateway (rev 20170425) max_hops=1
[    2.123211] Key type dns_resolver registered
[    2.127816] ThumbEE CPU extension supported.
[    2.132099] Registering SWP/SWPB emulation handler
[    2.137353] Loading compiled-in X.509 certificates
[    2.151283] utmi_phy_clk_enable: timeout waiting for phy to stabilize
[    2.157738] tegra-ehci c5000000.usb: EHCI Host Controller
[    2.163158] tegra-ehci c5000000.usb: new USB bus registered, assigned bus number 2
[    2.170906] tegra-ehci c5000000.usb: irq 291, io mem 0xc5000000
[    2.228568] usb 1-1: new high-speed USB device number 2 using tegra-ehci
[    2.258533] tegra-ehci c5000000.usb: USB 2.0 started, EHCI 1.00
[    2.260120] mmc1: new high speed SD card at address b368
[    2.261656] mmcblk1: mmc1:b368 NCard 1.83 GiB (ro)
[    2.276268] hub 2-0:1.0: USB hub found
[    2.280318] hub 2-0:1.0: 1 port detected
[    2.285240] input: gpio-keys as /devices/soc0/gpio-keys/input/input0
[    2.285426]  mmcblk1: p1 p2
[    2.294995] rtc-em3027 2-0056: hctosys: unable to read the hardware clock
[    2.302838] Waiting for root device PARTUUID=11eb23c1-01...
[    2.470950] hub 1-1:1.0: USB hub found
[    2.474914] hub 1-1:1.0: 4 ports detected
[    2.798564] usb 1-1.2: new high-speed USB device number 3 using tegra-ehci
[    3.248482] mmc0: host does not support reading read-only switch, assuming write-enable
[    3.258400] mmc0: new high speed SDHC card at address b368
[    3.264995] mmcblk0: mmc0:b368 NCard 3.70 GiB 
[    3.272144]  mmcblk0: p1
[    3.423141] asix 1-1.2:1.0 eth1: register 'asix' at usb-c5008000.usb-1.2, ASIX AX88772 USB 2.0 Ethernet, 00:60:6e:60:6c:68
[    3.449160] EXT4-fs (mmcblk0p1): mounting ext3 file system using the ext4 subsystem
[    3.473200] print_req_error: I/O error, dev mmcblk0, sector 2887816
[    3.480131] JBD2: Failed to read block at offset 12
[    3.485016] JBD2: recovery failed
[    3.488328] EXT4-fs (mmcblk0p1): error loading journal
[    3.493832] VFS: Cannot open root device "PARTUUID=11eb23c1-01" or unknown-block(179,17): error -5
[    3.502818] Please append a correct "root=" boot option; here are the available partitions:
[    3.511184] 0100           65536 ram0 
[    3.511189]  (driver?)
[    3.517293] 0101           65536 ram1 
[    3.517297]  (driver?)
[    3.523412] 0102           65536 ram2 
[    3.523416]  (driver?)
[    3.529527] 0103           65536 ram3 
[    3.529532]  (driver?)
[    3.535623] 0104           65536 ram4 
[    3.535626]  (driver?)
[    3.541738] 0105           65536 ram5 
[    3.541742]  (driver?)
[    3.547832] 0106           65536 ram6 
[    3.547835]  (driver?)
[    3.553948] 0107           65536 ram7 
[    3.553953]  (driver?)
[    3.560070] 0108           65536 ram8 
[    3.560075]  (driver?)
[    3.566165] 0109           65536 ram9 
[    3.566169]  (driver?)
[    3.572284] 010a           65536 ram10 
[    3.572289]  (driver?)
[    3.578493] 010b           65536 ram11 
[    3.578497]  (driver?)
[    3.584675] 010c           65536 ram12 
[    3.584679]  (driver?)
[    3.590879] 010d           65536 ram13 
[    3.590883]  (driver?)
[    3.597059] 010e           65536 ram14 
[    3.597063]  (driver?)
[    3.603257] 010f           65536 ram15 
[    3.603261]  (driver?)
[    3.609465] 1f00            1024 mtdblock0 
[    3.609470]  (driver?)
[    3.615993] b300         1920000 mmcblk1 
[    3.615997]  driver: mmcblk
[    3.622805]   b301          870400 mmcblk1p1 00000000-01
[    3.622809] 
[    3.629613]   b302          870398 mmcblk1p2 00000000-02
[    3.629617] 
[    3.636401] b310         3879936 mmcblk0 
[    3.636405]  driver: mmcblk
[    3.643206]   b311         3879928 mmcblk0p1 11eb23c1-01
[    3.643210] 
[    3.650014] Kernel panic - not syncing: VFS: Unable to mount root fs on unknown-block(179,17)
[    3.658527] CPU: 0 PID: 1 Comm: swapper/0 Not tainted 4.15.0-rc7-next-20180110-344559-gb4464bcab38d #1
[    3.667814] Hardware name: NVIDIA Tegra SoC (Flattened Device Tree)
[    3.674097] [<c0311070>] (unwind_backtrace) from [<c030c714>] (show_stack+0x10/0x14)
[    3.681837] [<c030c714>] (show_stack) from [<c0cfa3a4>] (dump_stack+0x84/0xa4)
[    3.689062] [<c0cfa3a4>] (dump_stack) from [<c0343268>] (panic+0xd0/0x274)
[    3.695940] [<c0343268>] (panic) from [<c13011a0>] (mount_block_root+0x180/0x288)
[    3.703417] [<c13011a0>] (mount_block_root) from [<c13014c4>] (mount_root+0x108/0x12c)
[    3.711325] [<c13014c4>] (mount_root) from [<c130164c>] (prepare_namespace+0x164/0x1c4)
[    3.719321] [<c130164c>] (prepare_namespace) from [<c1300e48>] (kernel_init_freeable+0x18c/0x1d0)
[    3.728188] [<c1300e48>] (kernel_init_freeable) from [<c0d0dfd4>] (kernel_init+0x8/0x114)
[    3.736357] [<c0d0dfd4>] (kernel_init) from [<c03010e8>] (ret_from_fork+0x14/0x2c)
[    3.743910] Exception stack(0xee89ffb0 to 0xee89fff8)
[    3.748952] ffa0:                                     00000000 00000000 00000000 00000000
[    3.757116] ffc0: 00000000 00000000 00000000 00000000 00000000 00000000 00000000 00000000
[    3.765278] ffe0: 00000000 00000000 00000000 00000000 00000013 00000000
[    3.771891] CPU1: stopping
[    3.774599] CPU: 1 PID: 0 Comm: swapper/1 Not tainted 4.15.0-rc7-next-20180110-344559-gb4464bcab38d #1
[    3.783887] Hardware name: NVIDIA Tegra SoC (Flattened Device Tree)
[    3.790156] [<c0311070>] (unwind_backtrace) from [<c030c714>] (show_stack+0x10/0x14)
[    3.797893] [<c030c714>] (show_stack) from [<c0cfa3a4>] (dump_stack+0x84/0xa4)
[    3.805109] [<c0cfa3a4>] (dump_stack) from [<c030f62c>] (handle_IPI+0x190/0x2b0)
[    3.812502] [<c030f62c>] (handle_IPI) from [<c064c840>] (gic_handle_irq+0x94/0xa0)
[    3.820064] [<c064c840>] (gic_handle_irq) from [<c0301a0c>] (__irq_svc+0x6c/0x90)
[    3.827530] Exception stack(0xee8cdf38 to 0xee8cdf80)
[    3.832571] df20:                                                       00000000 00000000
[    3.840737] df40: 2e38c000 ef7ded80 00000000 c152fb60 00000001 00000000 c167c090 c1452178
[    3.848902] df60: ef7de180 00000000 fa000000 ee8cdf88 c0b39b40 c0b39c2c 60000013 ffffffff
[    3.857078] [<c0301a0c>] (__irq_svc) from [<c0b39c2c>] (cpuidle_enter_state+0x1b4/0x32c)
[    3.865162] [<c0b39c2c>] (cpuidle_enter_state) from [<c037d608>] (do_idle+0x184/0x204)
[    3.873069] [<c037d608>] (do_idle) from [<c037d8e0>] (cpu_startup_entry+0x18/0x1c)
[    3.880628] [<c037d8e0>] (cpu_startup_entry) from [<003024ec>] (0x3024ec)
[    3.887411] ---[ end Kernel panic - not syncing: VFS: Unable to mount root fs on unknown-block(179,17)
