
U-Boot SPL 2013.04-rc2-06423-gf2e8a87-dirty (May 15 2013 - 09:45:39)


U-Boot 2013.04-rc2-06423-gf2e8a87-dirty (May 15 2013 - 09:45:39)

TEGRA30
Board: NVIDIA Beaver
DRAM:  2 GiB
MMC:   Tegra SD/MMC: 0, Tegra SD/MMC: 1
*** Warning - bad CRC, using default environment

In:    serial
Out:   serial
Err:   serial
Hit any key to stop autoboot:  2  0 
Tegra30 (Beaver) # 
Tegra30 (Beaver) # setenv bootargs 'console=ttyS0,230400n8 noinitrd root=/dev/mmcblk0p1 rw rootwait gpt ignore_loglevel debug'
Tegra30 (Beaver) # loady 0x81000000
## Ready for binary (ymodem) download to 0x81000000 at 230400 bps...
CSending: zImage
Sending: 

Transfer complete
yzModem - CRC mode, 7(SOH)/3585(STX)/0(CAN) packets, 3 retries
## Total Size      = 0x00380678 = 3671672 Bytes
Tegra30 (Beaver) # loady 0x82000000
## Ready for binary (ymodem) download to 0x82000000 at 230400 bps...
CSending: tegra30-beaver.dtb
Sending: 

Transfer complete
xyzModem - CRC mode, 6(SOH)/20(STX)/0(CAN) packets, 3 retries
## Total Size      = 0x000051b8 = 20920 Bytes
Tegra30 (Beaver) # bootz 0x81000000 - 0x82000000
## Flattened Device Tree blob at 82000000
   Booting using the fdt blob at 0x82000000
   Loading Device Tree to 8fff7000, end 8ffff1b7 ... OK

Starting kernel ...

[    0.000000] Booting Linux on physical CPU 0x0
[    0.000000] Linux version 3.13.0-rc2-next-20131206-27984-gc0a1029 (pwalmsley@kaivo) (gcc version 4.7.3 20130328 (prerelease) (crosstool-NG linaro-1.13.1-4.7-2013.04-20130415 - Linaro GCC 2013.04) ) #1 SMP Thu Dec 5 20:17:05 PST 2013
[    0.000000] CPU: ARMv7 Processor [412fc099] revision 9 (ARMv7), cr=10c5387d
[    0.000000] CPU: PIPT / VIPT nonaliasing data cache, VIPT aliasing instruction cache
[    0.000000] Machine model: NVIDIA Tegra30 Beaver evaluation board
[    0.000000] debug: ignoring loglevel setting.
[    0.000000] Memory policy: Data cache writealloc
[    0.000000] On node 0 totalpages: 524032
[    0.000000] free_area_init_node: node 0, pgdat c0751f80, node_mem_map c079a000
[    0.000000]   DMA zone: 1520 pages used for memmap
[    0.000000]   DMA zone: 0 pages reserved
[    0.000000]   DMA zone: 194560 pages, LIFO batch:31
[    0.000000]   HighMem zone: 2574 pages used for memmap
[    0.000000]   HighMem zone: 329472 pages, LIFO batch:31
[    0.000000] fuse_speedo_calib: ATE prog ver 3.3
[    0.000000] Tegra30: CPU Speedo ID 5, Soc Speedo ID 2
[    0.000000] Tegra Revision: A03 SKU: 128 CPU Process: 4 Core Process: 0
[    0.000000] L310 cache controller enabled
[    0.000000] l2x0: 8 ways, CACHE_ID 0x410000c7, AUX_CTRL 0x7e480001, Cache size: 1024 kB
[    0.000000] PERCPU: Embedded 5 pages/cpu @c17ad000 s6976 r0 d13504 u32768
[    0.000000] pcpu-alloc: s6976 r0 d13504 u32768 alloc=8*4096
[    0.000000] pcpu-alloc: [0] 0 [0] 1 [0] 2 [0] 3 
[    0.000000] Built 1 zonelists in Zone order, mobility grouping on.  Total pages: 522512
[    0.000000] Kernel command line: console=ttyS0,230400n8 noinitrd root=/dev/mmcblk0p1 rw rootwait gpt ignore_loglevel debug
[    0.000000] PID hash table entries: 4096 (order: 2, 16384 bytes)
[    0.000000] Dentry cache hash table entries: 131072 (order: 7, 524288 bytes)
[    0.000000] Inode-cache hash table entries: 65536 (order: 6, 262144 bytes)
[    0.000000] Memory: 2070968K/2096128K available (4982K kernel code, 587K rwdata, 1432K rodata, 462K init, 281K bss, 25160K reserved, 1317888K highmem)
[    0.000000] Virtual kernel memory layout:
[    0.000000]     vector  : 0xffff0000 - 0xffff1000   (   4 kB)
[    0.000000]     fixmap  : 0xfff00000 - 0xfffe0000   ( 896 kB)
[    0.000000]     vmalloc : 0xf0000000 - 0xff000000   ( 240 MB)
[    0.000000]     lowmem  : 0xc0000000 - 0xef800000   ( 760 MB)
[    0.000000]     pkmap   : 0xbfe00000 - 0xc0000000   (   2 MB)
[    0.000000]       .text : 0xc0008000 - 0xc064bb20   (6415 kB)
[    0.000000]       .init : 0xc064c000 - 0xc06bfb40   ( 463 kB)
[    0.000000]       .data : 0xc06c0000 - 0xc0752d80   ( 588 kB)
[    0.000000]        .bss : 0xc0752d88 - 0xc0799354   ( 282 kB)
[    0.000000] SLUB: HWalign=64, Order=0-3, MinObjects=0, CPUs=4, Nodes=1
[    0.000000] Hierarchical RCU implementation.
[    0.000000] NR_IRQS:16 nr_irqs:16 16
[    0.000000] sched_clock: 32 bits at 1000kHz, resolution 1000ns, wraps every 2147483648000ns
[    0.000000] Console: colour dummy device 80x30
[    0.000269] Calibrating delay loop... 2793.47 BogoMIPS (lpj=13967360)
[    0.059942] pid_max: default: 32768 minimum: 301
[    0.060062] Mount-cache hash table entries: 512
[    0.062362] CPU: Testing write buffer coherency: ok
[    0.062644] CPU0: thread -1, cpu 0, socket 0, mpidr 80000000
[    0.062686] Setting up static identity map for 0x804b6ae0 - 0x804b6b78
[    0.062788] unable to find compatible sirf rstc node in dtb
[    0.064199] CPU1: Booted secondary processor
[    0.119984] CPU1: thread -1, cpu 1, socket 0, mpidr 80000001
[    0.120852] CPU2: Booted secondary processor
[    0.179983] CPU2: thread -1, cpu 2, socket 0, mpidr 80000002
[    0.180833] CPU3: Booted secondary processor
[    0.239983] CPU3: thread -1, cpu 3, socket 0, mpidr 80000003
[    0.240046] Brought up 4 CPUs
[    0.240063] SMP: Total of 4 processors activated.
[    0.240070] CPU: All CPU(s) started in SVC mode.
[    0.240628] devtmpfs: initialized
[    0.243025] VFP support v0.3: implementor 41 architecture 3 part 30 variant 9 rev 4
[    0.243223] pinctrl core: initialized pinctrl subsystem
[    0.243463] regulator-dummy: no parameters
[    0.243747] NET: Registered protocol family 16
[    0.245205] DMA: preallocated 256 KiB pool for atomic coherent allocations
[    0.253151] Serial: AMBA PL011 UART driver
[    0.256634] bio: create slab <bio-0> at 0
[    0.257468] edma-dma-engine edma-dma-engine.0: Can't allocate PaRAM dummy slot
[    0.257483] edma-dma-engine: probe of edma-dma-engine.0 failed with error -5
[    0.257710] vdd_5v_in: 5000 mV 
[    0.257780] platform 1.regulator: Driver reg-fixed-voltage requests probe deferral
[    0.257810] platform 2.regulator: Driver reg-fixed-voltage requests probe deferral
[    0.257897] vdd_5v_sata: 5000 mV 
[    0.257931] vdd_5v_sata: supplied by vdd_5v_in
[    0.258057] usb1_vbus: 5000 mV 
[    0.258077] usb1_vbus: supplied by vdd_5v_in
[    0.258207] usb3_vbus: 5000 mV 
[    0.258228] usb3_vbus: supplied by vdd_5v_in
[    0.258295] platform 6.regulator: Driver reg-fixed-voltage requests probe deferral
[    0.258389] sys_3v3_pexs: 3300 mV 
[    0.258412] reg-fixed-voltage 7.regulator: Failed to find supply vin
[    0.258467] reg-fixed-voltage 7.regulator: Failed to register regulator: -517
[    0.258477] platform 7.regulator: Driver reg-fixed-voltage requests probe deferral
[    0.258988] SCSI subsystem initialized
[    0.259115] libata version 3.00 loaded.
[    0.259248] usbcore: registered new interface driver usbfs
[    0.259275] usbcore: registered new interface driver hub
[    0.259336] usbcore: registered new device driver usb
[    0.261861] tps62361-vout: 500 <--> 1500 mV at 1160 mV 
[    0.262040] pps_core: LinuxPPS API ver. 1 registered
[    0.262045] pps_core: Software ver. 5.3.6 - Copyright 2005-2007 Rodolfo Giometti <giometti@linux.it>
[    0.262057] PTP clock support registered
[    0.262076] EDAC MC: Ver: 3.0.0
[    0.262783] Switched to clocksource timer_us
[    0.268216] NET: Registered protocol family 2
[    0.268585] TCP established hash table entries: 8192 (order: 3, 32768 bytes)
[    0.268633] TCP bind hash table entries: 8192 (order: 4, 65536 bytes)
[    0.268710] TCP: Hash tables configured (established 8192 bind 8192)
[    0.268801] TCP: reno registered
[    0.268812] UDP hash table entries: 512 (order: 2, 16384 bytes)
[    0.268871] UDP-Lite hash table entries: 512 (order: 2, 16384 bytes)
[    0.269116] NET: Registered protocol family 1
[    0.269328] RPC: Registered named UNIX socket transport module.
[    0.269335] RPC: Registered udp transport module.
[    0.269339] RPC: Registered tcp transport module.
[    0.269343] RPC: Registered tcp NFSv4.1 backchannel transport module.
[    0.271127] bounce pool size: 64 pages
[    0.276567] NFS: Registering the id_resolver key type
[    0.276605] Key type id_resolver registered
[    0.276609] Key type id_legacy registered
[    0.276775] Block layer SCSI generic (bsg) driver version 0.4 loaded (major 251)
[    0.276783] io scheduler noop registered
[    0.276787] io scheduler deadline registered
[    0.276873] io scheduler cfq registered (default)
[    0.279668] tegra-apbdma 6000a000.dma: Tegra20 APB DMA driver register 32 channels
[    0.312825] Serial: 8250/16550 driver, 4 ports, IRQ sharing disabled
[    0.313705] Serial: IMX driver
[    0.314203] 70006000.serial: ttyS0 at MMIO 0x70006000 (irq = 68, base_baud = 25500000) is a Tegra
[    0.645177] console [ttyS0] enabled
[    0.647221] STMicroelectronics ASC driver initialized
[    0.650088] serial: Freescale lpuart driver
[    0.652356] [drm] Initialized drm 1.1.0 20060810
[    0.655229] tegra-hdmi 54280000.hdmi: failed to get VDD regulator
[    0.658294] platform 54280000.hdmi: Driver tegra-hdmi requests probe deferral
[    0.664426] ehci_hcd: USB 2.0 'Enhanced' Host Controller (EHCI) Driver
[    0.667702] ehci-platform: EHCI generic platform driver
[    0.670373] ehci-omap: OMAP-EHCI Host Controller driver
[    0.673060] ehci-orion: EHCI orion driver
[    0.675119] SPEAr-ehci: EHCI SPEAr driver
[    0.677176] tegra-ehci: Tegra EHCI driver
[    0.679291] platform 7d008000.usb: Driver tegra-ehci requests probe deferral
[    0.682997] usbcore: registered new interface driver usb-storage
[    0.687803] mousedev: PS/2 mouse device common for all mice
[    0.691073] tegra_rtc 7000e000.rtc: rtc core: registered 7000e000.rtc as rtc0
[    0.694679] tegra_rtc 7000e000.rtc: Tegra internal Real Time Clock
[    0.698217] sdhci: Secure Digital Host Controller Interface driver
[    0.701316] sdhci: Copyright(c) Pierre Ossman
[    0.703710] sdhci-pltfm: SDHCI platform and OF driver helper
[    0.706849] sdhci-tegra 78000000.sdhci: Got CD GPIO #69.
[    0.709525] sdhci-tegra 78000000.sdhci: Got WP GPIO #155.
[    0.713274] sdhci-tegra 78000000.sdhci: dummy supplies not allowed
[    0.716374] mmc0: no vqmmc regulator found
[    0.718431] sdhci-tegra 78000000.sdhci: dummy supplies not allowed
[    0.721528] mmc0: no vmmc regulator found
[    0.723546] mmc0: Invalid maximum block size, assuming 512 bytes
[    0.772792] mmc0: SDHCI controller on 78000000.sdhci [78000000.sdhci] using ADMA
[    0.777557] sdhci-tegra 78000600.sdhci: dummy supplies not allowed
[    0.780656] mmc1: no vqmmc regulator found
[    0.782711] sdhci-tegra 78000600.sdhci: dummy supplies not allowed
[    0.785821] mmc1: no vmmc regulator found
[    0.787831] mmc1: Invalid maximum block size, assuming 512 bytes
[    0.832787] mmc1: SDHCI controller on 78000600.sdhci [78000600.sdhci] using ADMA
[    0.836880] usbcore: registered new interface driver usbhid
[    0.839675] usbhid: USB HID core driver
[    0.841795] TCP: cubic registered
[    0.843850] NET: Registered protocol family 10
[    0.846548] sit: IPv6 over IPv4 tunneling driver
[    0.849325] Key type dns_resolver registered
[    0.851589] Registering SWP/SWPB emulation handler
[    0.855662] platform 1.regulator: Driver reg-fixed-voltage requests probe deferral
[    0.859712] platform 2.regulator: Driver reg-fixed-voltage requests probe deferral
[    0.863660] platform 6.regulator: Driver reg-fixed-voltage requests probe deferral
[    0.867655] sys_3v3_pexs: 3300 mV 
[    0.869394] reg-fixed-voltage 7.regulator: Failed to find supply vin
[    0.872630] reg-fixed-voltage 7.regulator: Failed to register regulator: -517
[    0.876223] platform 7.regulator: Driver reg-fixed-voltage requests probe deferral
[    0.880202] tegra-hdmi 54280000.hdmi: failed to get VDD regulator
[    0.883273] platform 54280000.hdmi: Driver tegra-hdmi requests probe deferral
[    0.889920] utmi_phy_clk_enable: timeout waiting for phy to stabilize
[    0.893163] tegra-ehci 7d008000.usb: EHCI Host Controller
[    0.895886] tegra-ehci 7d008000.usb: new USB bus registered, assigned bus number 1
[    0.899810] tegra-ehci 7d008000.usb: irq 129, io mem 0x7d008000
[    0.922793] tegra-ehci 7d008000.usb: USB 2.0 started, EHCI 1.00
[    0.926220] hub 1-0:1.0: USB hub found
[    0.928124] hub 1-0:1.0: 1 port detected
[    0.930505] platform 1.regulator: Driver reg-fixed-voltage requests probe deferral
[    0.934477] platform 2.regulator: Driver reg-fixed-voltage requests probe deferral
[    0.938395] platform 6.regulator: Driver reg-fixed-voltage requests probe deferral
[    0.942368] sys_3v3_pexs: 3300 mV 
[    0.944111] reg-fixed-voltage 7.regulator: Failed to find supply vin
[    0.947339] reg-fixed-voltage 7.regulator: Failed to register regulator: -517
[    0.950922] platform 7.regulator: Driver reg-fixed-voltage requests probe deferral
[    0.954893] tegra-hdmi 54280000.hdmi: failed to get VDD regulator
[    0.957955] platform 54280000.hdmi: Driver tegra-hdmi requests probe deferral
[    0.961726] tegra_rtc 7000e000.rtc: setting system clock to 1970-01-01 00:03:11 UTC (191)
[    0.966395] Waiting for root device /dev/mmcblk0p1...
[    0.971282] mmc1: new high speed MMC card at address 0001
[    0.974257] isa bounce pool size: 16 pages
[    0.976385] mmcblk0: mmc1:0001 SEM16G 14.8 GiB 
[    0.978790] mmcblk0boot0: mmc1:0001 SEM16G partition 1 1.00 MiB
[    0.981877] mmcblk0boot1: mmc1:0001 SEM16G partition 2 1.00 MiB
[    0.984979] mmcblk0rpmb: mmc1:0001 SEM16G partition 3 128 KiB
[    0.991778] Primary GPT is invalid, using alternate GPT.
[    0.994471]  mmcblk0: p1 p2 p3 p4 p5
[    0.999949]  mmcblk0boot1: unknown partition table
[    1.005182]  mmcblk0boot0: unknown partition table
[    1.007842] platform 1.regulator: Driver reg-fixed-voltage requests probe deferral
[    1.011858] platform 2.regulator: Driver reg-fixed-voltage requests probe deferral
[    1.015804] platform 6.regulator: Driver reg-fixed-voltage requests probe deferral
[    1.019784] sys_3v3_pexs: 3300 mV 
[    1.021522] reg-fixed-voltage 7.regulator: Failed to find supply vin
[    1.024771] reg-fixed-voltage 7.regulator: Failed to register regulator: -517
[    1.028355] platform 7.regulator: Driver reg-fixed-voltage requests probe deferral
[    1.032327] tegra-hdmi 54280000.hdmi: failed to get VDD regulator
[    1.035400] platform 54280000.hdmi: Driver tegra-hdmi requests probe deferral
[    1.074653] EXT4-fs (mmcblk0p1): mounting ext3 file system using the ext4 subsystem
[    1.253633] EXT4-fs (mmcblk0p1): recovery complete
[    1.257588] EXT4-fs (mmcblk0p1): mounted filesystem with ordered data mode. Opts: (null)
[    1.261687] VFS: Mounted root (ext3 filesystem) on device 179:1.
[    1.269607] devtmpfs: mounted
[    1.271464] Freeing unused kernel memory: 460K (c064c000 - c06bf000)
 
INIT: version 2.88 booting
[info] Using makefile-style concurrent boot in runlevel S.
[....] Starting the hotplug events dispatcher: udevd[    2.148669] udevd[158]: starting version 175
[ ok .
[....] Synthesizing the initial hotplug events...[ ok done.
[....] Waiting for /dev to be fully populated...[ ok done.
[....] Activating swap...[ ok done.
[    3.183535] EXT4-fs (mmcblk0p1): re-mounted. Opts: (null)
[....] Cleaning up temporary files... /tmp[ ok .
[....] Activating lvm and md swap...[ ok done.
[....] Checking file systems...fsck from util-linux 2.20.1
[ ok done.
[....] Mounting local filesystems...[ ok done.
[....] Activating swapfile swap...[ ok done.
[....] Cleaning up temporary files...[ ok .
[....] Setting kernel variables ...[    4.705093] random: nonblocking pool is initialized
[ ok done.
[....] Configuring network interfaces...[ ok done.
[....] Starting rpcbind daemon...[ ok .
[....] Starting NFS common utilities: statd idmapd[ ok .
[....] Cleaning up temporary files...[ ok .
[....] Starting network benchmark server[ ok .
INIT: Entering runlevel: 2
[info] Using makefile-style concurrent boot in runlevel 2.
[....] Starting network benchmark server[FAIL failed!
[....] Starting rpcbind daemon...[....] Already running.[ ok .
[....] Starting NFS common utilities: statd idmapd[ ok .
[....] Starting system message bus: dbus[ ok .

Debian GNU/Linux wheezy/sid armel ttyS0

armel login: 