
U-Boot SPL 2016.05-rc2 (Apr 21 2016 - 16:23:00)
Trying to boot from RAM


U-Boot 2016.05-rc2 (Apr 21 2016 - 16:23:00 -0700)

TEGRA124
Model: NVIDIA Jetson TK1
Board: NVIDIA Jetson TK1
DRAM:  2 GiB
MC:   Tegra SD/MMC: 0, Tegra SD/MMC: 1
In:    serial
Out:   serial
Err:   serial
Net:   No ethernet found.
Hit any key to stop autoboot:  2  0 
Tegra124 (Jetson TK1) # 
Tegra124 (Jetson TK1) # pci enum
Tegra124 (Jetson TK1) # setenv bootargs 'ignore_loglevel console=ttyS0,115200n8 rw root=PARTUUID=b1791faa-84e8-4e27-83a1-9fb0a77e8803 rootwait gpt debug noinitrd earlyprintk init=/bin/bash'
Tegra124 (Jetson TK1) # setenv ipaddr 192.168.100.102; setenv serverip 192.168.100.1; setenv tftpserverip 192.168.100.1
Tegra124 (Jetson TK1) # tftpboot 0x82000000 zImage.multi_v7_defconfig

Warning: eth_rtl8169 using MAC address from ROM
Using eth_rtl8169 device
TFTP from server 192.168.100.1; our IP address is 192.168.100.102
Filename 'zImage.multi_v7_defconfig'.
Load address: 0x82000000
Loading: *#################################################################
	 #################################################################
	 #################################################################
	 #################################################################
	 #################################################################
	 #################################################################
	 #################################################################
	 #################################################################
	 #####################################
	 3.9 MiB/s
done
Bytes transferred = 8167936 (7ca200 hex)
Tegra124 (Jetson TK1) # tftpboot 0x83000000 tegra124-jetson-tk1.dtb
Using eth_rtl8169 device
TFTP from server 192.168.100.1; our IP address is 192.168.100.102
Filename 'tegra124-jetson-tk1.dtb'.
Load address: 0x83000000
Loading: *#####
	 3.7 MiB/s
done
Bytes transferred = 66544 (103f0 hex)
Tegra124 (Jetson TK1) # bootz 0x82000000 - 0x83000000
Kernel image @ 0x82000000 [ 0x000000 - 0x7ca200 ]
## Flattened Device Tree blob at 83000000
   Booting using the fdt blob at 0x83000000
   Using Device Tree in place at 83000000, end 830133ef

Starting kernel ...

[    0.000000] Booting Linux on physical CPU 0x0
[    0.000000] Linux version 4.15.0-next-20180209-349478-g611f09f4907a (jonathanh@tamien) (gcc version 4.7.3 20130328 (prerelease) (crosstool-NG linaro-1.13.1-4.7-2013.04-20130415 - Linaro GCC 2013.04)) #1 SMP Thu Feb 8 19:04:12 PST 2018
[    0.000000] CPU: ARMv7 Processor [413fc0f3] revision 3 (ARMv7), cr=10c5387d
[    0.000000] CPU: div instructions available: patching division code
[    0.000000] CPU: PIPT / VIPT nonaliasing data cache, PIPT instruction cache
[    0.000000] OF: fdt: Machine model: NVIDIA Tegra124 Jetson TK1
[    0.000000] debug: ignoring loglevel setting.
[    0.000000] Memory policy: Data cache writealloc
[    0.000000] efi: Getting EFI parameters from FDT:
[    0.000000] efi: UEFI not found.
[    0.000000] cma: Reserved 64 MiB at 0xfb800000
[    0.000000] On node 0 totalpages: 524032
[    0.000000]   DMA zone: 1536 pages used for memmap
[    0.000000]   DMA zone: 0 pages reserved
[    0.000000]   DMA zone: 196608 pages, LIFO batch:31
[    0.000000]   HighMem zone: 327424 pages, LIFO batch:31
[    0.000000] random: fast init done
[    0.000000] percpu: Embedded 17 pages/cpu @(ptrval) s39232 r8192 d22208 u69632
[    0.000000] pcpu-alloc: s39232 r8192 d22208 u69632 alloc=17*4096
[    0.000000] pcpu-alloc: [0] 0 [0] 1 [0] 2 [0] 3 
[    0.000000] Built 1 zonelists, mobility grouping on.  Total pages: 522496
[    0.000000] Kernel command line: ignore_loglevel console=ttyS0,115200n8 rw root=PARTUUID=b1791faa-84e8-4e27-83a1-9fb0a77e8803 rootwait gpt debug noinitrd earlyprintk init=/bin/bash
[    0.000000] Dentry cache hash table entries: 131072 (order: 7, 524288 bytes)
[    0.000000] Inode-cache hash table entries: 65536 (order: 6, 262144 bytes)
[    0.000000] Memory: 1992472K/2096128K available (11264K kernel code, 1570K rwdata, 4352K rodata, 2048K init, 405K bss, 38120K reserved, 65536K cma-reserved, 1244160K highmem)
[    0.000000] Virtual kernel memory layout:
[    0.000000]     vector  : 0xffff0000 - 0xffff1000   (   4 kB)
[    0.000000]     fixmap  : 0xffc00000 - 0xfff00000   (3072 kB)
[    0.000000]     vmalloc : 0xf0800000 - 0xff800000   ( 240 MB)
[    0.000000]     lowmem  : 0xc0000000 - 0xf0000000   ( 768 MB)
[    0.000000]     pkmap   : 0xbfe00000 - 0xc0000000   (   2 MB)
[    0.000000]     modules : 0xbf000000 - 0xbfe00000   (  14 MB)
[    0.000000]       .text : 0x(ptrval) - 0x(ptrval)   (12256 kB)
[    0.000000]       .init : 0x(ptrval) - 0x(ptrval)   (2048 kB)
[    0.000000]       .data : 0x(ptrval) - 0x(ptrval)   (1571 kB)
[    0.000000]        .bss : 0x(ptrval) - 0x(ptrval)   ( 406 kB)
[    0.000000] SLUB: HWalign=64, Order=0-3, MinObjects=0, CPUs=4, Nodes=1
[    0.000000] Hierarchical RCU implementation.
[    0.000000] 	RCU event tracing is enabled.
[    0.000000] 	RCU restricting CPUs from NR_CPUS=16 to nr_cpu_ids=4.
[    0.000000] RCU: Adjusting geometry for rcu_fanout_leaf=16, nr_cpu_ids=4
[    0.000000] NR_IRQS: 16, nr_irqs: 16, preallocated irqs: 16
[    0.000000] /interrupt-controller@60004000: 160 interrupts forwarded to /interrupt-controller@50041000
[    0.000000] Tegra clk 127: register failed with -17
[    0.000009] sched_clock: 32 bits at 1000kHz, resolution 1000ns, wraps every 2147483647500ns
[    0.000029] clocksource: timer_us: mask: 0xffffffff max_cycles: 0xffffffff, max_idle_ns: 1911260446275 ns
[    0.000044] Switching to timer-based delay loop, resolution 1000ns
[    0.005542] arch_timer: cp15 timer(s) running at 12.00MHz (virt).
[    0.005561] clocksource: arch_sys_counter: mask: 0xffffffffffffff max_cycles: 0x2c47f4ee7, max_idle_ns: 440795202497 ns
[    0.005581] sched_clock: 56 bits at 12MHz, resolution 83ns, wraps every 4398046511096ns
[    0.005595] Switching to timer-based delay loop, resolution 83ns
[    0.006064] Console: colour dummy device 80x30
[    0.006098] Calibrating delay loop (skipped), value calculated using timer frequency.. 24.00 BogoMIPS (lpj=120000)
[    0.006117] pid_max: default: 32768 minimum: 301
[    0.006230] Mount-cache hash table entries: 2048 (order: 1, 8192 bytes)
[    0.006245] Mountpoint-cache hash table entries: 2048 (order: 1, 8192 bytes)
[    0.006737] CPU: Testing write buffer coherency: ok
[    0.007000] /cpus/cpu@0 missing clock-frequency property
[    0.007046] /cpus/cpu@1 missing clock-frequency property
[    0.007090] /cpus/cpu@2 missing clock-frequency property
[    0.007136] /cpus/cpu@3 missing clock-frequency property
[    0.007150] CPU0: thread -1, cpu 0, socket 0, mpidr 80000000
[    0.007453] Setting up static identity map for 0x80300000 - 0x803000a0
[    0.009467] Hierarchical SRCU implementation.
[    0.012572] Tegra Revision: A01 SKU: 129 CPU Process: 1 SoC Process: 1
[    0.013443] EFI services will not be available.
[    0.013609] smp: Bringing up secondary CPUs ...
[    0.014108] CPU1: thread -1, cpu 1, socket 0, mpidr 80000001
[    0.015980] CPU2: thread -1, cpu 2, socket 0, mpidr 80000002
[    0.026002] CPU3: thread -1, cpu 3, socket 0, mpidr 80000003
[    0.035540] smp: Brought up 1 node, 4 CPUs
[    0.035564] SMP: Total of 4 processors activated (96.00 BogoMIPS).
[    0.035574] CPU: All CPU(s) started in SVC mode.
[    0.037110] devtmpfs: initialized
[    0.051569] Built 1 zonelists, mobility grouping on.  Total pages: 514502
[    0.051916] VFP support v0.3: implementor 41 architecture 4 part 30 variant f rev 0
[    0.052335] clocksource: jiffies: mask: 0xffffffff max_cycles: 0xffffffff, max_idle_ns: 19112604462750000 ns
[    0.052355] futex hash table entries: 1024 (order: 4, 65536 bytes)
[    0.052544] pinctrl core: initialized pinctrl subsystem
[    0.054054] DMI not present or invalid.
[    0.054310] NET: Registered protocol family 16
[    0.056332] DMA: preallocated 256 KiB pool for atomic coherent allocations
[    0.058841] cpuidle: using governor menu
[    0.084311] No ATAGs?
[    0.084438] hw-breakpoint: found 5 (+1 reserved) breakpoint and 4 watchpoint registers.
[    0.084455] hw-breakpoint: maximum watchpoint size is 8 bytes.
[    0.092164] Serial: AMBA PL011 UART driver
[    0.093606] iommu: Adding device 50000000.host1x to group 0
[    0.093685] iommu: Adding device 54200000.dc to group 1
[    0.093743] iommu: Adding device 54240000.dc to group 1
[    0.093815] iommu: Adding device 57000000.gpu to group 2
[    0.108861] AT91: Could not find identification node
[    0.109421] +5V_SYS: supplied by +VDD_MUX
[    0.109703] +3.3V_SYS: supplied by +VDD_MUX
[    0.110315] +USB0_VBUS_SW: Failed to request enable GPIO108: -517
[    0.110331] reg-fixed-voltage regulators:regulator@7: Failed to register regulator: -517
[    0.110431] +5V_USB_HS: Failed to request enable GPIO109: -517
[    0.110446] reg-fixed-voltage regulators:regulator@8: Failed to register regulator: -517
[    0.110628] +1.05V_RUN_AVDD_HDMI_PLL: Failed to request enable GPIO63: -517
[    0.110643] reg-fixed-voltage regulators:regulator@11: Failed to register regulator: -517
[    0.110739] +5V_HDMI_CON: Failed to request enable GPIO86: -517
[    0.110754] reg-fixed-voltage regulators:regulator@12: Failed to register regulator: -517
[    0.110851] +5V_SATA: Failed to request enable GPIO242: -517
[    0.110865] reg-fixed-voltage regulators:regulator@13: Failed to register regulator: -517
[    0.110960] +12V_SATA: Failed to request enable GPIO242: -517
[    0.110974] reg-fixed-voltage regulators:regulator@14: Failed to register regulator: -517
[    0.113968] vgaarb: loaded
[    0.114703] SCSI subsystem initialized
[    0.114885] libata version 3.00 loaded.
[    0.115076] usbcore: registered new interface driver usbfs
[    0.115129] usbcore: registered new interface driver hub
[    0.115191] usbcore: registered new device driver usb
[    0.118671] pps_core: LinuxPPS API ver. 1 registered
[    0.118683] pps_core: Software ver. 5.3.6 - Copyright 2005-2007 Rodolfo Giometti <giometti@linux.it>
[    0.118705] PTP clock support registered
[    0.118895] EDAC MC: Ver: 3.0.0
[    0.121908] clocksource: Switched to clocksource arch_sys_counter
[    0.173942] NET: Registered protocol family 2
[    0.174450] tcp_listen_portaddr_hash hash table entries: 512 (order: 0, 6144 bytes)
[    0.174492] TCP established hash table entries: 8192 (order: 3, 32768 bytes)
[    0.174591] TCP bind hash table entries: 8192 (order: 4, 65536 bytes)
[    0.174779] TCP: Hash tables configured (established 8192 bind 8192)
[    0.174862] UDP hash table entries: 512 (order: 2, 16384 bytes)
[    0.174908] UDP-Lite hash table entries: 512 (order: 2, 16384 bytes)
[    0.175062] NET: Registered protocol family 1
[    0.175451] RPC: Registered named UNIX socket transport module.
[    0.175462] RPC: Registered udp transport module.
[    0.175472] RPC: Registered tcp transport module.
[    0.175480] RPC: Registered tcp NFSv4.1 backchannel transport module.
[    0.175493] PCI: CLS 0 bytes, default 64
[    0.176995] hw perfevents: enabled with armv7_cortex_a15 PMU driver, 7 counters available
[    0.178539] Initialise system trusted keyrings
[    0.178673] workingset: timestamp_bits=30 max_order=19 bucket_order=0
[    0.185443] squashfs: version 4.0 (2009/01/31) Phillip Lougher
[    0.186032] NFS: Registering the id_resolver key type
[    0.186053] Key type id_resolver registered
[    0.186064] Key type id_legacy registered
[    0.186105] ntfs: driver 2.1.32 [Flags: R/O].
[    0.187637] Key type asymmetric registered
[    0.187649] Asymmetric key parser 'x509' registered
[    0.187702] bounce: pool size: 64 pages
[    0.187748] Block layer SCSI generic (bsg) driver version 0.4 loaded (major 246)
[    0.187760] io scheduler noop registered
[    0.187770] io scheduler deadline registered
[    0.187993] io scheduler cfq registered (default)
[    0.188004] io scheduler mq-deadline registered
[    0.188014] io scheduler kyber registered
[    0.192139]  usb2-0: usb2-0 supply vbus not found, using dummy regulator
[    0.192244]  usb2-1: usb2-1 supply vbus not found, using dummy regulator
[    0.192622] tegra-xusb-padctl 7009f000.padctl: failed to setup XUSB ports: -517
[    0.211762] tegra-pcie 1003000.pcie: 2x1, 1x1 configuration
[    0.211819] tegra-pcie 1003000.pcie: Failed to get supply 'avddio-pex': -517
[    0.218617] tegra124-dfll 70110000.clock: couldn't get vdd_cpu regulator
[    0.225164] tegra-apbdma 60020000.dma: Tegra20 APB DMA driver register 32 channels
[    0.228561] tegra-pmc 7000e400.pmc: emergency thermal reset enabled
[    0.278845] Serial: 8250/16550 driver, 4 ports, IRQ sharing disabled
[    0.281385] console [ttyS0] disabled
[    0.281427] 70006300.serial: ttyS0 at MMIO 0x70006300 (irq = 335, base_baud = 25500000) is a Tegra
[    1.218647] console [ttyS0] enabled
[    1.223054] SuperH (H)SCI(F) driver initialized
[    1.228686] msm_serial: driver initialized
[    1.232996] STMicroelectronics ASC driver initialized
[    1.238730] 70006000.serial: ttyTHS1 at MMIO 0x70006000 (irq = 333, base_baud = 0) is a TEGRA_UART
[    1.247996] 70006040.serial: ttyTHS2 at MMIO 0x70006040 (irq = 334, base_baud = 0) is a TEGRA_UART
[    1.262682] Failed to attached device 54200000.dc to IOMMU_mapping
[    1.277075] Failed to attached device 54240000.dc to IOMMU_mapping
[    1.292021] tegra-hdmi 54280000.hdmi: failed to get HDMI regulator
[    1.309171] brd: module loaded
[    1.318593] loop: module loaded
[    1.323061] at24 0-0056: 256 byte 24c02 EEPROM, writable, 8 bytes/write
[    1.331363] as3722 4-0040: AS3722 with revision 0x1 found
[    1.343018] as3722-sd2: supplied by +5V_SYS
[    1.347607] as3722-sd3: supplied by +5V_SYS
[    1.351996] +1.35V_LP0(sd3): Bringing 0uV into 1350000-1350000uV
[    1.358314] as3722-sd4: supplied by +5V_SYS
[    1.362921] as3722-sd5: supplied by +5V_SYS
[    1.368839] as3722-ldo0: supplied by +1.35V_LP0(sd2)
[    1.374874] +1.8V_RUN_CAM: Bringing 0uV into 1800000-1800000uV
[    1.381054] as3722-ldo2: supplied by +1.8V_VDDIO
[    1.386925] as3722-ldo3: supplied by +3.3V_SYS
[    1.391401] +1.05V_LP0_VDD_RTC: Bringing 1100000uV into 1000000-1000000uV
[    1.399166] as3722-ldo4: supplied by +3.3V_SYS
[    1.403844] +2.8V_RUN_CAM: Bringing 0uV into 2800000-2800000uV
[    1.410014] as3722-ldo5: supplied by +1.8V_VDDIO
[    1.414856] +1.2V_RUN_CAM_FRONT: Bringing 0uV into 1200000-1200000uV
[    1.421735] +VDDIO_SDMMC3: bypassed regulator has no supply!
[    1.427409] +VDDIO_SDMMC3: failed to get the current voltage(-517)
[    1.433604] as3722-regulator as3722-regulator: regulator 13 register failed -517
[    1.446180] tegra-ahci 70027000.sata: couldn't get PHY in node sata: -517
[    1.468629] m25p80 spi1.0: w25q32dw (4096 Kbytes)
[    1.476031] libphy: Fixed MDIO Bus: probed
[    1.481058] CAN device driver interface
[    1.485870] bgmac_bcma: Broadcom 47xx GBit MAC driver loaded
[    1.492962] e1000e: Intel(R) PRO/1000 Network Driver - 3.2.6-k
[    1.498786] e1000e: Copyright(c) 1999 - 2015 Intel Corporation.
[    1.504850] igb: Intel(R) Gigabit Ethernet Network Driver - version 5.4.0-k
[    1.511801] igb: Copyright (c) 2007-2014 Intel Corporation.
[    1.521418] pegasus: v0.9.3 (2013/04/25), Pegasus/Pegasus II USB Ethernet driver
[    1.528866] usbcore: registered new interface driver pegasus
[    1.534575] usbcore: registered new interface driver asix
[    1.539995] usbcore: registered new interface driver ax88179_178a
[    1.546127] usbcore: registered new interface driver cdc_ether
[    1.552007] usbcore: registered new interface driver smsc75xx
[    1.557782] usbcore: registered new interface driver smsc95xx
[    1.563567] usbcore: registered new interface driver net1080
[    1.569253] usbcore: registered new interface driver cdc_subset
[    1.575207] usbcore: registered new interface driver zaurus
[    1.580814] usbcore: registered new interface driver cdc_ncm
[    1.586715] tegra-phy 7d000000.usb-phy: no vbus regulator
[    1.592324] tegra-phy 7d004000.usb-phy: no vbus regulator
[    1.599793] ehci_hcd: USB 2.0 'Enhanced' Host Controller (EHCI) Driver
[    1.606335] ehci-pci: EHCI PCI platform driver
[    1.610805] ehci-platform: EHCI generic platform driver
[    1.616257] ehci-orion: EHCI orion driver
[    1.620425] SPEAr-ehci: EHCI SPEAr driver
[    1.624592] ehci-st: EHCI STMicroelectronics driver
[    1.629603] ehci-exynos: EHCI EXYNOS driver
[    1.633959] ehci-atmel: EHCI Atmel driver
[    1.638100] tegra-ehci: Tegra EHCI driver
[    1.644971] tegra-ehci 7d004000.usb: EHCI Host Controller
[    1.650383] tegra-ehci 7d004000.usb: new USB bus registered, assigned bus number 1
[    1.658170] tegra-ehci 7d004000.usb: irq 356, io mem 0x7d004000
[    1.691929] tegra-ehci 7d004000.usb: USB 2.0 started, EHCI 1.10
[    1.698500] hub 1-0:1.0: USB hub found
[    1.702315] hub 1-0:1.0: 1 port detected
[    1.706802] ohci_hcd: USB 1.1 'Open' Host Controller (OHCI) Driver
[    1.713022] ohci-pci: OHCI PCI platform driver
[    1.717501] ohci-platform: OHCI generic platform driver
[    1.722940] SPEAr-ohci: OHCI SPEAr driver
[    1.727091] ohci-st: OHCI STMicroelectronics driver
[    1.732126] ohci-atmel: OHCI Atmel driver
[    1.736937] usbcore: registered new interface driver usb-storage
[    1.751753] as3722-rtc as3722-rtc: rtc core: registered as3722-rtc as rtc0
[    1.758658] as3722-rtc as3722-rtc: RTC interrupt 379
[    1.767054] tegra_rtc 7000e000.rtc: rtc core: registered 7000e000.rtc as rtc1
[    1.774250] tegra_rtc 7000e000.rtc: Tegra internal Real Time Clock
[    1.780977] i2c /dev entries driver
[    1.791550] lm90 0-004c: 0-004c supply vcc not found, using dummy regulator
[    1.809237] sdhci: Secure Digital Host Controller Interface driver
[    1.815439] sdhci: Copyright(c) Pierre Ossman
[    1.821562] Synopsys Designware Multimedia Card Interface Driver
[    1.829127] sdhci-pltfm: SDHCI platform and OF driver helper
[    1.835612] sdhci-tegra 700b0400.sdhci: Got CD GPIO
[    1.840504] sdhci-tegra 700b0400.sdhci: Got WP GPIO
[    1.861784] mmc0: Unknown controller version (3). You may experience problems.
[    1.869065] mmc0: Invalid maximum block size, assuming 512 bytes
[    1.906044] mmc0: SDHCI controller on 700b0600.sdhci [700b0600.sdhci] using ADMA
[    1.915644] ledtrig-cpu: registered to indicate activity on CPUs
[    1.921956] usbcore: registered new interface driver usbhid
[    1.927521] usbhid: USB HID core driver
[    1.935565] NET: Registered protocol family 10
[    1.940860] Segment Routing with IPv6
[    1.944617] sit: IPv6, IPv4 and MPLS over IPv4 tunneling driver
[    1.951035] NET: Registered protocol family 17
[    1.955516] can: controller area network core (rev 20170425 abi 9)
[    1.961742] NET: Registered protocol family 29
[    1.966198] can: raw protocol (rev 20170425)
[    1.970463] can: broadcast manager protocol (rev 20170425 t)
[    1.976138] can: netlink gateway (rev 20170425) max_hops=1
[    1.981932] Key type dns_resolver registered
[    1.986716] ThumbEE CPU extension supported.
[    1.990988] Registering SWP/SWPB emulation handler
[    1.996383] Loading compiled-in X.509 certificates
[    2.014717] +3.3V_RUN: supplied by +3.3V_SYS
[    2.020656] +USB0_VBUS_SW: supplied by +5V_SYS
[    2.025455] +3.3V_AVDD_HDMI_AP_GATED: supplied by +3.3V_RUN
[    2.031566] +5V_USB_HS: supplied by +5V_SYS
[    2.037489] +3.3V_LP0: supplied by +3.3V_SYS
[    2.044020] +5V_HDMI_CON: supplied by +5V_SYS
[    2.048885] +5V_SATA: supplied by +5V_SYS
[    2.053430] +12V_SATA: supplied by +VDD_MUX
[    2.058940]  usb2-0: usb2-0 supply vbus not found, using dummy regulator
[    2.065749]  usb2-1: usb2-1 supply vbus not found, using dummy regulator
[    2.072689]  usb3-0: usb3-0 supply vbus not found, using dummy regulator
[    2.080797] tegra-pcie 1003000.pcie: 2x1, 1x1 configuration
[    2.086475] tegra-pcie 1003000.pcie: Failed to get supply 'avddio-pex': -517
[    2.096321] tegra124-dfll 70110000.clock: couldn't get vdd_cpu regulator
[    2.106994] tegra-hdmi 54280000.hdmi: failed to get PLL regulator
[    2.118244] as3722-sd2: supplied by +5V_SYS
[    2.122813] as3722-sd3: supplied by +5V_SYS
[    2.127227] as3722-sd4: supplied by +5V_SYS
[    2.131620] as3722-sd5: supplied by +5V_SYS
[    2.137855] as3722-ldo0: supplied by +1.35V_LP0(sd2)
[    2.143901] as3722-ldo1: supplied by +3.3V_RUN
[    2.148631] as3722-ldo2: supplied by +1.8V_VDDIO
[    2.154327] as3722-ldo3: supplied by +3.3V_SYS
[    2.159762] as3722-ldo4: supplied by +3.3V_SYS
[    2.164632] as3722-ldo5: supplied by +1.8V_VDDIO
[    2.169569] as3722-ldo6: supplied by +3.3V_RUN
[    2.174336] as3722-ldo7: supplied by +1.8V_VDDIO
[    2.179811] +1.05V_RUN_CAM_REAR: Bringing 0uV into 1050000-1050000uV
[    2.186933] as3722-ldo9: supplied by +5V_SYS
[    2.192656] +3.3V_RUN_TOUCH: Bringing 0uV into 2800000-2800000uV
[    2.199463] as3722-ldo10: supplied by +5V_SYS
[    2.204777] +2.8V_RUN_CAM_AF: Bringing 0uV into 2800000-2800000uV
[    2.211707] as3722-ldo11: supplied by +3.3V_RUN
[    2.217164] +1.8V_RUN_VPP_FUSE: Bringing 0uV into 1800000-1800000uV
[    2.226766] mmc0: new high speed MMC card at address 0001
[    2.232911] mmcblk0: mmc0:0001 SEM16G 14.7 GiB 
[    2.237847] mmcblk0boot0: mmc0:0001 SEM16G partition 1 4.00 MiB
[    2.244201] mmcblk0boot1: mmc0:0001 SEM16G partition 2 4.00 MiB
[    2.250346] mmcblk0rpmb: mmc0:0001 SEM16G partition 3 4.00 MiB, chardev (236:0)
[    2.258126] tegra-ahci 70027000.sata: AHCI 0001.0301 32 slots 2 ports 3 Gbps 0x1 impl platform mode
[    2.267220] tegra-ahci 70027000.sata: flags: 64bit ncq sntf pm led pio slum part sadm sds apst 
[    2.277829] scsi host0: tegra-ahci
[    2.282258] scsi host1: tegra-ahci
[    2.285918] ata1: SATA max UDMA/133 mmio [mem 0x70027000-0x70028fff] port 0x100 irq 345
[    2.293961] ata2: DUMMY
[    2.300029] tegra-ehci 7d008000.usb: EHCI Host Controller
[    2.305503] tegra-ehci 7d008000.usb: new USB bus registered, assigned bus number 2
[    2.313201]  mmcblk0: p1
[    2.316869] tegra-ehci 7d008000.usb: irq 357, io mem 0x7d008000
[    2.352038] tegra-ehci 7d008000.usb: USB 2.0 started, EHCI 1.10
[    2.358976] hub 2-0:1.0: USB hub found
[    2.362834] hub 2-0:1.0: 1 port detected
[    2.369327] sdhci-tegra 700b0400.sdhci: Got CD GPIO
[    2.374284] sdhci-tegra 700b0400.sdhci: Got WP GPIO
[    2.386342] mmc1: Unknown controller version (3). You may experience problems.
[    2.393697] mmc1: Invalid maximum block size, assuming 512 bytes
[    2.431961] mmc1: SDHCI controller on 700b0400.sdhci [700b0400.sdhci] using ADMA
[    2.440142] tegra-pcie 1003000.pcie: 2x1, 1x1 configuration
[    2.447785] tegra-pcie 1003000.pcie: probing port 0, using 2 lanes
[    2.455485] tegra-pcie 1003000.pcie: Slot present pin change, signature: 00000008
[    2.481425] tegra-pcie 1003000.pcie: probing port 1, using 1 lanes
[    2.489766] tegra-pcie 1003000.pcie: Slot present pin change, signature: 00000000
[    2.504618] tegra-pcie 1003000.pcie: PCI host bridge to bus 0000:00
[    2.510886] pci_bus 0000:00: root bus resource [io  0x0000-0xffff]
[    2.517126] pci_bus 0000:00: root bus resource [mem 0x13000000-0x1fffffff]
[    2.524044] pci_bus 0000:00: root bus resource [mem 0x20000000-0x3fffffff pref]
[    2.531359] pci_bus 0000:00: root bus resource [bus 00-ff]
[    2.536918] pci 0000:00:01.0: [10de:0e12] type 01 class 0x060400
[    2.542997] pci_bus 0000:00: 2-byte config write to 0000:00:01.0 offset 0x4 may corrupt adjacent RW1C bits
[    2.552693] pci_bus 0000:00: 2-byte config write to 0000:00:01.0 offset 0x4 may corrupt adjacent RW1C bits
[    2.562425] pci 0000:00:01.0: enabling Extended Tags
[    2.567408] pci_bus 0000:00: 2-byte config write to 0000:00:01.0 offset 0x88 may corrupt adjacent RW1C bits
[    2.577206] pci_bus 0000:00: 2-byte config write to 0000:00:01.0 offset 0x52 may corrupt adjacent RW1C bits
[    2.587030] pci 0000:00:01.0: PME# supported from D0 D1 D2 D3hot D3cold
[    2.593699] pci_bus 0000:00: 2-byte config write to 0000:00:01.0 offset 0x4c may corrupt adjacent RW1C bits
[    2.603722] pci 0000:00:02.0: [10de:0e13] type 01 class 0x060400
[    2.609750] pci_bus 0000:00: 2-byte config write to 0000:00:02.0 offset 0x4 may corrupt adjacent RW1C bits
[    2.619440] pci_bus 0000:00: 2-byte config write to 0000:00:02.0 offset 0x4 may corrupt adjacent RW1C bits
[    2.625678] ata1: SATA link down (SStatus 0 SControl 300)
[    2.629164] pci 0000:00:02.0: enabling Extended Tags
[    2.639486] pci_bus 0000:00: 2-byte config write to 0000:00:02.0 offset 0x88 may corrupt adjacent RW1C bits
[    2.649281] pci_bus 0000:00: 2-byte config write to 0000:00:02.0 offset 0x52 may corrupt adjacent RW1C bits
[    2.659066] pci 0000:00:02.0: PME# supported from D0 D1 D2 D3hot D3cold
[    2.665693] pci_bus 0000:00: 2-byte config write to 0000:00:02.0 offset 0x4c may corrupt adjacent RW1C bits
[    2.675698] PCI: bus0: Fast back to back transfers disabled
[    2.681269] pci 0000:00:01.0: bridge configuration invalid ([bus 00-00]), reconfiguring
[    2.689291] pci 0000:00:02.0: bridge configuration invalid ([bus 00-00]), reconfiguring
[    2.697500] pci 0000:01:00.0: [8086:4232] type 00 class 0x028000
[    2.703619] pci 0000:01:00.0: reg 0x10: [mem 0x00000000-0x00001fff 64bit]
[    2.710632] pci 0000:01:00.0: PME# supported from D0 D3hot D3cold
[    2.731868] mmc1: new high speed SDHC card at address aaaa
[    2.738022] mmcblk1: mmc1:aaaa SD04G 3.69 GiB 
[    2.742746] PCI: bus1: Fast back to back transfers disabled
[    2.748346] pci_bus 0000:01: busn_res: [bus 01-ff] end is updated to 01
[    2.755208] pci 0000:02:00.0: [10ec:8168] type 00 class 0x020000
[    2.761268] pci 0000:02:00.0: reg 0x10: [io  0x0000-0x00ff]
[    2.766928] pci 0000:02:00.0: reg 0x18: [mem 0x00000000-0x00000fff 64bit]
[    2.773795] pci 0000:02:00.0: reg 0x20: [mem 0x00000000-0x00003fff 64bit pref]
[    2.781193] pci 0000:02:00.0: supports D1 D2
[    2.785504] pci 0000:02:00.0: PME# supported from D0 D1 D2 D3hot D3cold
[    2.803634]  mmcblk1: p1 p2 p3
[    2.822068] PCI: bus2: Fast back to back transfers disabled
[    2.827647] pci_bus 0000:02: busn_res: [bus 02-ff] end is updated to 02
[    2.834363] pci 0000:00:01.0: BAR 8: assigned [mem 0x13000000-0x130fffff]
[    2.841162] pci 0000:00:02.0: BAR 8: assigned [mem 0x13100000-0x131fffff]
[    2.848001] pci 0000:00:02.0: BAR 9: assigned [mem 0x20000000-0x200fffff 64bit pref]
[    2.855781] pci 0000:00:02.0: BAR 7: assigned [io  0x1000-0x1fff]
[    2.861879] pci 0000:01:00.0: BAR 0: assigned [mem 0x13000000-0x13001fff 64bit]
[    2.869224] pci 0000:00:01.0: PCI bridge to [bus 01]
[    2.874232] pci 0000:00:01.0:   bridge window [mem 0x13000000-0x130fffff]
[    2.881032] pci 0000:02:00.0: BAR 4: assigned [mem 0x20000000-0x20003fff 64bit pref]
[    2.888807] pci 0000:02:00.0: BAR 2: assigned [mem 0x13100000-0x13100fff 64bit]
[    2.896169] pci 0000:02:00.0: BAR 0: assigned [io  0x1000-0x10ff]
[    2.902286] pci 0000:00:02.0: PCI bridge to [bus 02]
[    2.907249] pci 0000:00:02.0:   bridge window [io  0x1000-0x1fff]
[    2.913382] pci 0000:00:02.0:   bridge window [mem 0x13100000-0x131fffff]
[    2.920165] pci 0000:00:02.0:   bridge window [mem 0x20000000-0x200fffff 64bit pref]
[    2.927951] pci 0000:00:01.0: nv_msi_ht_cap_quirk didn't locate host bridge
[    2.935090] pcieport 0000:00:01.0: enabling device (0140 -> 0142)
[    2.941429] pcieport 0000:00:01.0: Signaling PME with IRQ 395
[    2.947333] pci 0000:00:02.0: nv_msi_ht_cap_quirk didn't locate host bridge
[    2.954470] pcieport 0000:00:02.0: enabling device (0140 -> 0143)
[    2.960807] pcieport 0000:00:02.0: Signaling PME with IRQ 396
[    2.966909] r8169 Gigabit Ethernet driver 2.3LK-NAPI loaded
[    2.972556] r8169 0000:02:00.0: enabling device (0140 -> 0143)
[    3.003526] r8169 0000:02:00.0 eth0: RTL8168g/8111g at 0x74c7a6cb, 00:04:4b:3a:d9:81, XID 0c000800 IRQ 397
[    3.013203] r8169 0000:02:00.0 eth0: jumbo features [frames: 9200 bytes, tx checksumming: ko]
[    3.025768] +1.05V_RUN_AVDD_HDMI_PLL: supplied by +1.05V_RUN
[    3.034082] [drm] Supports vblank timestamp caching Rev 2 (21.10.2013).
[    3.040697] [drm] No driver support for vblank timestamp query.
[    3.175979] tegra-hdmi 54280000.hdmi: cannot set audio to 48000 Hz at 297000000 Hz pixel clock
[    3.339771] Console: switching to colour frame buffer device 512x135
[    3.438437] drm drm: fb0:  frame buffer device
[    3.443034] [drm] Initialized tegra 0.0.0 20120330 for drm on minor 0
[    3.450921] cpufreq: cpufreq_online: CPU0: Running at unlisted freq: 696000 KHz
[    3.458265] cpufreq: cpufreq_online: CPU0: Unlisted initial frequency changed to: 714000 KHz
[    3.467621] input: gpio-keys as /devices/soc0/gpio-keys/input/input0
[    3.475141] as3722-rtc as3722-rtc: setting system clock to 2000-01-01 00:02:56 UTC (946684976)
[    3.484206] +USB0_VBUS_SW: disabling
[    3.487790] +1.8V_RUN_CAM: disabling
[    3.491637] +2.8V_RUN_CAM: disabling
[    3.495439] +1.2V_RUN_CAM_FRONT: disabling
[    3.499734] +1.05V_RUN_CAM_REAR: disabling
[    3.504006] +3.3V_RUN_TOUCH: disabling
[    3.507904] +2.8V_RUN_CAM_AF: disabling
[    3.511904] +1.8V_RUN_VPP_FUSE: disabling
[    3.516946] EXT4-fs (mmcblk0p1): mounting ext3 file system using the ext4 subsystem
[    3.538424] EXT4-fs (mmcblk0p1): recovery complete
[    3.543254] EXT4-fs (mmcblk0p1): mounted filesystem with ordered data mode. Opts: (null)
[    3.551352] VFS: Mounted root (ext3 filesystem) on device 179:1.
[    3.561778] devtmpfs: mounted
[    3.565584] Freeing unused kernel memory: 2048K
bash: cannot set terminal process group (-1): Inappropriate ioctl for device
bash: no job control in this shell
root@(none):/# mount -t sysfs none /sys
root@(none):/# 
root@(none):/# mount -t debugfs none /sys/kernel/debug
root@(none):/# 
root@(none):/# rtcwake -d rtc1 -m mem -s 3
rtcwake: assuming RTC uses UTC ...
rtcwake: wakeup from "mem" using /dev/rtc1 at Thu Jan  1 00:00:20 1970
[    6.462784] PM: suspend entry (deep)
[    6.466370] PM: Syncing filesystems ... done.
[    6.581734] Freezing user space processes ... (elapsed 0.001 seconds) done.
[    6.589875] OOM killer disabled.
[    6.593108] Freezing remaining freezable tasks ... (elapsed 0.001 seconds) done.
[    6.601633] Suspending console(s) (use no_console_suspend to debug)
[    6.782826] Disabling non-boot CPUs ...
[    6.892040] IRQ17 no longer affine to CPU2
[    6.932438] Entering suspend state LP1
[    6.932450] Enabling non-boot CPUs ...
[    6.932724] CPU1 is up
[    6.932956] CPU2 is up
[    6.933213] CPU3 is up
[    6.933938] pcieport 0000:00:01.0: nv_msi_ht_cap_quirk didn't locate host bridge
[    6.934001] pcieport 0000:00:02.0: nv_msi_ht_cap_quirk didn't locate host bridge
[    7.012305] tegra-hdmi 54280000.hdmi: cannot set audio to 48000 Hz at 297000000 Hz pixel clock
[    7.172358] OOM killer enabled.
[    7.175487] Restarting tasks ... done.
[    7.268750] PM: suspend exit
root@(none):/# 
root@(none):/# [    7.316606] ata1: SATA link down (SStatus 0 SControl 300)
rtcwake -d rtc1 -m mem -s 3
rtcwake: assuming RTC uses UTC ...
rtcwake: wakeup from "mem" using /dev/rtc1 at Thu Jan  1 00:00:24 1970
[    7.606071] PM: suspend entry (deep)
[    7.609665] PM: Syncing filesystems ... done.
[    7.714514] Freezing user space processes ... (elapsed 0.001 seconds) done.
[    7.722784] OOM killer disabled.
[    7.726015] Freezing remaining freezable tasks ... (elapsed 0.001 seconds) done.
[    7.734688] Suspending console(s) (use no_console_suspend to debug)
[    7.766509] pci_generic_config_write32: 80 callbacks suppressed
[    7.766521] pci_bus 0000:00: 2-byte config write to 0000:00:02.0 offset 0x9c may corrupt adjacent RW1C bits
[    7.766547] pci_bus 0000:00: 2-byte config write to 0000:00:01.0 offset 0x9c may corrupt adjacent RW1C bits
[    7.902855] Disabling non-boot CPUs ...
[    8.062492] Entering suspend state LP1
[    8.062504] Enabling non-boot CPUs ...
[    8.062797] CPU1 is up
[    8.063035] CPU2 is up
[    8.063309] CPU3 is up
[    8.063977] pci_bus 0000:00: 2-byte config write to 0000:00:01.0 offset 0x4c may corrupt adjacent RW1C bits
[    8.063983] pci_bus 0000:00: 2-byte config write to 0000:00:02.0 offset 0x4c may corrupt adjacent RW1C bits
[    8.063994] pci_bus 0000:00: 2-byte config write to 0000:00:01.0 offset 0x88 may corrupt adjacent RW1C bits
[    8.063999] pci_bus 0000:00: 2-byte config write to 0000:00:02.0 offset 0x88 may corrupt adjacent RW1C bits
[    8.064004] pci_bus 0000:00: 2-byte config write to 0000:00:01.0 offset 0x90 may corrupt adjacent RW1C bits
[    8.064009] pci_bus 0000:00: 2-byte config write to 0000:00:02.0 offset 0x90 may corrupt adjacent RW1C bits
[    8.064013] pci_bus 0000:00: 2-byte config write to 0000:00:01.0 offset 0x98 may corrupt adjacent RW1C bits
[    8.064018] pci_bus 0000:00: 2-byte config write to 0000:00:02.0 offset 0x98 may corrupt adjacent RW1C bits
[    8.064114] pcieport 0000:00:01.0: nv_msi_ht_cap_quirk didn't locate host bridge
[    8.064116] pcieport 0000:00:02.0: nv_msi_ht_cap_quirk didn't locate host bridge
[    8.142290] tegra-hdmi 54280000.hdmi: cannot set audio to 48000 Hz at 297000000 Hz pixel clock
[    8.402090] OOM killer enabled.
[    8.405227] Restarting tasks ... done.
rtcwake -d rtc1 -m mem -s 3

[    8.445192] ata1: SATA link down (SStatus 0 SControl 300)
[    8.698466] PM: suspend exit
root@(none):/# 
root@(none):/# rtcwake -d rtc1 -m mem -s 3
rtcwake: assuming RTC uses UTC ...
rtcwake: wakeup from "mem" using /dev/rtc1 at Thu Jan  1 00:00:28 1970
[    8.858633] PM: suspend entry (deep)
[    8.862304] PM: Syncing filesystems ... done.
[    8.969886] Freezing user space processes ... (elapsed 0.001 seconds) done.
[    8.978158] OOM killer disabled.
[    8.981387] Freezing remaining freezable tasks ... (elapsed 0.001 seconds) done.
[    8.990028] Suspending console(s) (use no_console_suspend to debug)
[    9.162759] Disabling non-boot CPUs ...
[    9.332384] Entering suspend state LP1
[    9.332396] Enabling non-boot CPUs ...
[    9.332687] CPU1 is up
[    9.332918] CPU2 is up
[    9.333182] CPU3 is up
[    9.333880] pcieport 0000:00:02.0: nv_msi_ht_cap_quirk didn't locate host bridge
[    9.333941] pcieport 0000:00:01.0: nv_msi_ht_cap_quirk didn't locate host bridge
[    9.412264] tegra-hdmi 54280000.hdmi: cannot set audio to 48000 Hz at 297000000 Hz pixel clock
[    9.567953] OOM killer enabled.
[    9.571082] Restarting tasks ... done.
[    9.609059] PM: suspend exit
root@(none):/# 
root@(none):/# [    9.715972] ata1: SATA link down (SStatus 0 SControl 300)
rtcwake -d rtc1 -m mem -s 3
rtcwake: assuming RTC uses UTC ...
rtcwake: wakeup from "mem" using /dev/rtc1 at Thu Jan  1 00:00:32 1970
[   10.007549] PM: suspend entry (deep)
[   10.011142] PM: Syncing filesystems ... done.
[   10.114591] Freezing user space processes ... (elapsed 0.001 seconds) done.
[   10.122862] OOM killer disabled.
[   10.126093] Freezing remaining freezable tasks ... (elapsed 0.001 seconds) done.
[   10.134752] Suspending console(s) (use no_console_suspend to debug)
[   10.302771] Disabling non-boot CPUs ...
[   10.401985] IRQ17 no longer affine to CPU2
[   10.452382] Entering suspend state LP1
[   10.452395] Enabling non-boot CPUs ...
[   10.452692] CPU1 is up
[   10.452931] CPU2 is up
[   10.453204] CPU3 is up
[   10.453949] pcieport 0000:00:02.0: nv_msi_ht_cap_quirk didn't locate host bridge
[   10.453951] pcieport 0000:00:01.0: nv_msi_ht_cap_quirk didn't locate host bridge
[   10.532249] tegra-hdmi 54280000.hdmi: cannot set audio to 48000 Hz at 297000000 Hz pixel clock
[   10.692813] OOM killer enabled.
[   10.695941] Restarting tasks ... done.
[   10.822548] ata1: SATA link down (SStatus 0 SControl 300)
[   11.004332] PM: suspend exit
root@(none):/# 
root@(none):/# rtcwake -d rtc1 -m mem -s 3
rtcwake: assuming RTC uses UTC ...
rtcwake: wakeup from "mem" using /dev/rtc1 at Thu Jan  1 00:00:36 1970
[   11.178673] PM: suspend entry (deep)
[   11.182345] PM: Syncing filesystems ... done.
[   11.374064] Freezing user space processes ... (elapsed 0.001 seconds) done.
[   11.382338] OOM killer disabled.
[   11.385562] Freezing remaining freezable tasks ... (elapsed 0.001 seconds) done.
[   11.394159] Suspending console(s) (use no_console_suspend to debug)
[   11.552796] Disabling non-boot CPUs ...
[   11.721939] IRQ17 no longer affine to CPU3
[   11.722379] Entering suspend state LP1
[   11.722393] Enabling non-boot CPUs ...
[   11.722739] CPU1 is up
[   11.723032] CPU2 is up
[   11.723365] CPU3 is up
[   11.724295] pcieport 0000:00:02.0: nv_msi_ht_cap_quirk didn't locate host bridge
[   11.724297] pcieport 0000:00:01.0: nv_msi_ht_cap_quirk didn't locate host bridge
[   11.792248] tegra-hdmi 54280000.hdmi: cannot set audio to 48000 Hz at 297000000 Hz pixel clock
[   11.960083] OOM killer enabled.
[   11.963220] Restarting tasks ... done.
[   12.046314] PM: suspend exit
root@(none):/# 
root@(none):/# [   12.095853] ata1: SATA link down (SStatus 0 SControl 300)
rtcwake -d rtc1 -m mem -s 3
rtcwake: assuming RTC uses UTC ...
rtcwake: wakeup from "mem" using /dev/rtc1 at Thu Jan  1 00:00:40 1970
[   12.390797] PM: suspend entry (deep)
[   12.394454] PM: Syncing filesystems ... done.
[   12.464170] Freezing user space processes ... (elapsed 0.001 seconds) done.
[   12.472352] OOM killer disabled.
[   12.475580] Freezing remaining freezable tasks ... (elapsed 0.001 seconds) done.
[   12.484196] Suspending console(s) (use no_console_suspend to debug)
[   12.642697] Disabling non-boot CPUs ...
[   12.802336] Entering suspend state LP1
[   12.802350] Enabling non-boot CPUs ...
[   12.802696] CPU1 is up
[   12.802989] CPU2 is up
[   12.803326] CPU3 is up
[   12.804125] pci_generic_config_write32: 104 callbacks suppressed
[   12.804132] pci_bus 0000:00: 2-byte config write to 0000:00:02.0 offset 0x4c may corrupt adjacent RW1C bits
[   12.804143] pci_bus 0000:00: 2-byte config write to 0000:00:02.0 offset 0x88 may corrupt adjacent RW1C bits
[   12.804149] pci_bus 0000:00: 2-byte config write to 0000:00:02.0 offset 0x90 may corrupt adjacent RW1C bits
[   12.804154] pci_bus 0000:00: 2-byte config write to 0000:00:02.0 offset 0x98 may corrupt adjacent RW1C bits
[   12.804160] pci_bus 0000:00: 2-byte config write to 0000:00:02.0 offset 0x9c may corrupt adjacent RW1C bits
[   12.804165] pci_bus 0000:00: 2-byte config write to 0000:00:02.0 offset 0xa8 may corrupt adjacent RW1C bits
[   12.804171] pci_bus 0000:00: 2-byte config write to 0000:00:02.0 offset 0xb0 may corrupt adjacent RW1C bits
[   12.804199] pci_bus 0000:00: 2-byte config write to 0000:00:02.0 offset 0x52 may corrupt adjacent RW1C bits
[   12.804206] pci_bus 0000:00: 2-byte config write to 0000:00:02.0 offset 0x52 may corrupt adjacent RW1C bits
[   12.804213] pci_bus 0000:00: 2-byte config write to 0000:00:02.0 offset 0x5c may corrupt adjacent RW1C bits
[   12.804238] pcieport 0000:00:02.0: nv_msi_ht_cap_quirk didn't locate host bridge
[   12.804338] pcieport 0000:00:01.0: nv_msi_ht_cap_quirk didn't locate host bridge
[   12.872164] tegra-hdmi 54280000.hdmi: cannot set audio to 48000 Hz at 297000000 Hz pixel clock
[   13.139418] OOM killer enabled.
[   13.142558] Restarting tasks ... done.
[   13.174606] ata1: SATA link down (SStatus 0 SControl 300)
[   13.275083] PM: suspend exit
root@(none):/# 
root@(none):/# rtcwake -d rtc1 -m mem -s 3
rtcwake: assuming RTC uses UTC ...
rtcwake: wakeup from "mem" using /dev/rtc1 at Thu Jan  1 00:00:44 1970
[   13.475120] PM: suspend entry (deep)
[   13.478714] PM: Syncing filesystems ... done.
[   13.574372] Freezing user space processes ... (elapsed 0.001 seconds) done.
[   13.582643] OOM killer disabled.
[   13.585875] Freezing remaining freezable tasks ... (elapsed 0.001 seconds) done.
[   13.594534] Suspending console(s) (use no_console_suspend to debug)
[   13.762757] Disabling non-boot CPUs ...
[   13.922319] Entering suspend state LP1
[   13.922331] Enabling non-boot CPUs ...
[   13.922628] CPU1 is up
[   13.922868] CPU2 is up
[   13.923142] CPU3 is up
[   13.923849] pcieport 0000:00:01.0: nv_msi_ht_cap_quirk didn't locate host bridge
[   13.924013] pcieport 0000:00:02.0: nv_msi_ht_cap_quirk didn't locate host bridge
[   14.002209] tegra-hdmi 54280000.hdmi: cannot set audio to 48000 Hz at 297000000 Hz pixel clock
[   14.158783] OOM killer enabled.
[   14.161916] Restarting tasks ... done.
[   14.200509] PM: suspend exit
root@(none):/# 
root@(none):/# [   14.296550] ata1: SATA link down (SStatus 0 SControl 300)
rtcwake -d rtc1 -m mem -s 3
rtcwake: assuming RTC uses UTC ...
rtcwake: wakeup from "mem" using /dev/rtc1 at Thu Jan  1 00:00:48 1970
[   14.596294] PM: suspend entry (deep)
[   14.599887] PM: Syncing filesystems ... done.
[   14.704376] Freezing user space processes ... (elapsed 0.001 seconds) done.
[   14.712646] OOM killer disabled.
[   14.715877] Freezing remaining freezable tasks ... (elapsed 0.001 seconds) done.
[   14.724557] Suspending console(s) (use no_console_suspend to debug)
[   14.892694] Disabling non-boot CPUs ...
[   15.001891] IRQ17 no longer affine to CPU2
[   15.062359] Entering suspend state LP1
[   15.062371] Enabling non-boot CPUs ...
[   15.062670] CPU1 is up
[   15.062910] CPU2 is up
[   15.063181] CPU3 is up
[   15.063926] pcieport 0000:00:02.0: nv_msi_ht_cap_quirk didn't locate host bridge
[   15.063928] pcieport 0000:00:01.0: nv_msi_ht_cap_quirk didn't locate host bridge
[   15.132151] tegra-hdmi 54280000.hdmi: cannot set audio to 48000 Hz at 297000000 Hz pixel clock
[   15.292699] OOM killer enabled.
[   15.295828] Restarting tasks ... done.
[   15.388509] PM: suspend exit
root@(none):/# 
root@(none):/# [   15.436401] ata1: SATA link down (SStatus 0 SControl 300)
rtcwake -d rtc1 -m mem -s 3
rtcwake: assuming RTC uses UTC ...
rtcwake: wakeup from "mem" using /dev/rtc1 at Thu Jan  1 00:00:52 1970
[   15.733251] PM: suspend entry (deep)
[   15.736844] PM: Syncing filesystems ... done.
[   15.812252] Freezing user space processes ... (elapsed 0.001 seconds) done.
[   15.820438] OOM killer disabled.
[   15.823682] Freezing remaining freezable tasks ... (elapsed 0.001 seconds) done.
[   15.832284] Suspending console(s) (use no_console_suspend to debug)
[   15.982669] Disabling non-boot CPUs ...
[   16.151842] IRQ17 no longer affine to CPU3
[   16.152271] Entering suspend state LP1
[   16.152285] Enabling non-boot CPUs ...
[   16.152631] CPU1 is up
[   16.152923] CPU2 is up
[   16.153258] CPU3 is up
[   16.154181] pcieport 0000:00:02.0: nv_msi_ht_cap_quirk didn't locate host bridge
[   16.154183] pcieport 0000:00:01.0: nv_msi_ht_cap_quirk didn't locate host bridge
[   16.222133] tegra-hdmi 54280000.hdmi: cannot set audio to 48000 Hz at 297000000 Hz pixel clock
[   16.390058] OOM killer enabled.
[   16.393196] Restarting tasks ... done.
[   16.476196] PM: suspend exit
root@(none):/# 
root@(none):/# [   16.525626] ata1: SATA link down (SStatus 0 SControl 300)
rtcwake -d rtc1 -m mem -s 3
rtcwake: assuming RTC uses UTC ...
rtcwake: wakeup from "mem" using /dev/rtc1 at Thu Jan  1 00:00:56 1970
[   16.823228] PM: suspend entry (deep)
[   16.826827] PM: Syncing filesystems ... done.
[   16.897711] Freezing user space processes ... (elapsed 0.001 seconds) done.
[   16.905915] OOM killer disabled.
[   16.909135] Freezing remaining freezable tasks ... (elapsed 0.001 seconds) done.
[   16.917728] Suspending console(s) (use no_console_suspend to debug)
[   17.072646] Disabling non-boot CPUs ...
[   17.232310] Entering suspend state LP1
[   17.232324] Enabling non-boot CPUs ...
[   17.232671] CPU1 is up
[   17.232963] CPU2 is up
[   17.233302] CPU3 is up
[   17.234222] pcieport 0000:00:01.0: nv_msi_ht_cap_quirk didn't locate host bridge
[   17.234224] pcieport 0000:00:02.0: nv_msi_ht_cap_quirk didn't locate host bridge
[   17.302140] tegra-hdmi 54280000.hdmi: cannot set audio to 48000 Hz at 297000000 Hz pixel clock
[   17.465959] OOM killer enabled.
[   17.469088] Restarting tasks ... done.
[   17.554931] PM: suspend exit
root@(none):/# 
root@(none):/# NVTB SYSTEM SUSPEND TEST COMPLETE
[   17.606381] ata1: SATA link down (SStatus 0 SControl 300)
