

U-Boot 2015.04-00466-gedec83e90172 (Mar 14 2016 - 10:42:01)

TEGRA124
Model: Acer Chromebook 13 CB5-311
DRAM:  4 GiB
:   Tegra SD/MMC: 0, Tegra SD/MMC: 1, Tegra SD/MMC: 2
MMC init failed
Using default environment

In:    serial
Out:   serial
Err:   serial
Net:   Net Initialization Skipped
No ethernet found.
Hit any key to stop autoboot:  2  0 
Tegra124 (Nyan-big) # 
Tegra124 (Nyan-big) # usb start
starting USB...
USB0:   USB EHCI 1.10
scanning bus 0 for devices... 2 USB Device(s) found
USB1:   USB EHCI 1.10
scanning bus 1 for devices... 2 USB Device(s) found
       scanning usb for storage devices... 1 Storage Device(s) found
       scanning usb for ethernet devices... 
Warning: asx0 using MAC address from net device
1 Ethernet Device(s) found
Tegra124 (Nyan-big) # mw 0x7000e4a0 0x00080000
Tegra124 (Nyan-big) # setenv bootargs 'ignore_loglevel console=ttyS0,115200n8 rw root=PARTUUID=4d36e82a-b3c0-4b4b-bfcd-afe5217ac023 rootwait gpt debug noinitrd earlyprintk init=/bin/bash'
Tegra124 (Nyan-big) # setenv ipaddr 192.168.100.102; setenv serverip 192.168.100.1; setenv tftpserverip 192.168.100.1
Tegra124 (Nyan-big) # tftpboot 0x82000000 zImage.multi_v7_defconfig
Using asx0 device
TFTP from server 192.168.100.1; our IP address is 192.168.100.102
Filename 'zImage.multi_v7_defconfig'.
Load address: 0x82000000
Loading: *#################################################################
	 #################################################################
	 #################################################################
	 #################################################################
	 #################################################################
	 #################################################################
	 #################################################################
	 #################################################################
	 ###########################
	 3.6 MiB/s
done
Bytes transferred = 8015960 (7a5058 hex)
Tegra124 (Nyan-big) # tftpboot 0x83000000 tegra124-nyan-big.dtb
Using asx0 device
TFTP from server 192.168.100.1; our IP address is 192.168.100.102
Filename 'tegra124-nyan-big.dtb'.
Load address: 0x83000000
Loading: *#####
	 3.3 MiB/s
done
Bytes transferred = 68183 (10a57 hex)
Tegra124 (Nyan-big) # bootz 0x82000000 - 0x83000000
Kernel image @ 0x82000000 [ 0x000000 - 0x7a5058 ]
## Flattened Device Tree blob at 83000000
   Booting using the fdt blob at 0x83000000
   Using Device Tree in place at 83000000, end 83013a56

Starting kernel ...

[    0.000000] Booting Linux on physical CPU 0x0
[    0.000000] Linux version 4.13.0-rc1-next-20170721-187381-g83d9512 (jonathanh@sellafield) (gcc version 4.7.3 20130328 (prerelease) (crosstool-NG linaro-1.13.1-4.7-2013.04-20130415 - Linaro GCC 2013.04)) #1 SMP Thu Jul 20 21:35:49 PDT 2017
[    0.000000] CPU: ARMv7 Processor [413fc0f3] revision 3 (ARMv7), cr=10c5387d
[    0.000000] CPU: div instructions available: patching division code
[    0.000000] CPU: PIPT / VIPT nonaliasing data cache, PIPT instruction cache
[    0.000000] OF: fdt: Machine model: Acer Chromebook 13 CB5-311
[    0.000000] OF: fdt: Ignoring memory range 0x100000000 - 0x17ffff000
[    0.000000] debug: ignoring loglevel setting.
[    0.000000] Memory policy: Data cache writealloc
[    0.000000] efi: Getting EFI parameters from FDT:
[    0.000000] efi: UEFI not found.
[    0.000000] cma: Reserved 64 MiB at 0xfb800000
[    0.000000] On node 0 totalpages: 524287
[    0.000000] free_area_init_node: node 0, pgdat c157ed80, node_mem_map eeff8000
[    0.000000]   DMA zone: 1536 pages used for memmap
[    0.000000]   DMA zone: 0 pages reserved
[    0.000000]   DMA zone: 196608 pages, LIFO batch:31
[    0.000000]   HighMem zone: 327679 pages, LIFO batch:31
[    0.000000] percpu: Embedded 17 pages/cpu @eef81000 s39360 r8192 d22080 u69632
[    0.000000] pcpu-alloc: s39360 r8192 d22080 u69632 alloc=17*4096
[    0.000000] pcpu-alloc: [0] 0 [0] 1 [0] 2 [0] 3 
[    0.000000] Built 1 zonelists in Zone order, mobility grouping on.  Total pages: 522751
[    0.000000] Kernel command line: ignore_loglevel console=ttyS0,115200n8 rw root=PARTUUID=4d36e82a-b3c0-4b4b-bfcd-afe5217ac023 rootwait gpt debug noinitrd earlyprintk init=/bin/bash
[    0.000000] PID hash table entries: 4096 (order: 2, 16384 bytes)
[    0.000000] Dentry cache hash table entries: 131072 (order: 7, 524288 bytes)
[    0.000000] Inode-cache hash table entries: 65536 (order: 6, 262144 bytes)
[    0.000000] Memory: 1994448K/2097148K available (10240K kernel code, 1562K rwdata, 4464K rodata, 2048K init, 402K bss, 37164K reserved, 65536K cma-reserved, 1245180K highmem)
[    0.000000] Virtual kernel memory layout:
[    0.000000]     vector  : 0xffff0000 - 0xffff1000   (   4 kB)
[    0.000000]     fixmap  : 0xffc00000 - 0xfff00000   (3072 kB)
[    0.000000]     vmalloc : 0xf0800000 - 0xff800000   ( 240 MB)
[    0.000000]     lowmem  : 0xc0000000 - 0xf0000000   ( 768 MB)
[    0.000000]     pkmap   : 0xbfe00000 - 0xc0000000   (   2 MB)
[    0.000000]     modules : 0xbf000000 - 0xbfe00000   (  14 MB)
[    0.000000]       .text : 0xc0208000 - 0xc0d00000   (11232 kB)
[    0.000000]       .init : 0xc1200000 - 0xc1400000   (2048 kB)
[    0.000000]       .data : 0xc1400000 - 0xc1586ba0   (1563 kB)
[    0.000000]        .bss : 0xc158fc98 - 0xc15f46fc   ( 403 kB)
[    0.000000] SLUB: HWalign=64, Order=0-3, MinObjects=0, CPUs=4, Nodes=1
[    0.000000] Hierarchical RCU implementation.
[    0.000000] 	RCU event tracing is enabled.
[    0.000000] 	RCU restricting CPUs from NR_CPUS=16 to nr_cpu_ids=4.
[    0.000000] RCU: Adjusting geometry for rcu_fanout_leaf=16, nr_cpu_ids=4
[    0.000000] NR_IRQS: 16, nr_irqs: 16, preallocated irqs: 16
[    0.000000] /interrupt-controller@60004000: 160 interrupts forwarded to /interrupt-controller@50041000
[    0.000000] Tegra clk 127: register failed with -17
[    0.000004] sched_clock: 32 bits at 1000kHz, resolution 1000ns, wraps every 2147483647500ns
[    0.000011] clocksource: timer_us: mask: 0xffffffff max_cycles: 0xffffffff, max_idle_ns: 1911260446275 ns
[    0.000017] Switching to timer-based delay loop, resolution 1000ns
[    0.001740] arch_timer: cp15 timer(s) running at 12.00MHz (virt).
[    0.001747] clocksource: arch_sys_counter: mask: 0xffffffffffffff max_cycles: 0x2c47f4ee7, max_idle_ns: 440795202497 ns
[    0.001754] sched_clock: 56 bits at 12MHz, resolution 83ns, wraps every 4398046511096ns
[    0.001758] Switching to timer-based delay loop, resolution 83ns
[    0.001972] Console: colour dummy device 80x30
[    0.001985] Calibrating delay loop (skipped), value calculated using timer frequency.. 24.00 BogoMIPS (lpj=120000)
[    0.001992] pid_max: default: 32768 minimum: 301
[    0.002028] Mount-cache hash table entries: 2048 (order: 1, 8192 bytes)
[    0.002034] Mountpoint-cache hash table entries: 2048 (order: 1, 8192 bytes)
[    0.002224] CPU: Testing write buffer coherency: ok
[    0.002343] /cpus/cpu@0 missing clock-frequency property
[    0.002358] /cpus/cpu@1 missing clock-frequency property
[    0.002373] /cpus/cpu@2 missing clock-frequency property
[    0.002388] /cpus/cpu@3 missing clock-frequency property
[    0.002393] CPU0: thread -1, cpu 0, socket 0, mpidr 80000000
[    0.002507] Setting up static identity map for 0x80300000 - 0x803000a0
[    0.003213] Hierarchical SRCU implementation.
[    0.003884] Tegra Revision: A01 SKU: 131 CPU Process: 1 SoC Process: 1
[    0.004151] EFI services will not be available.
[    0.004208] smp: Bringing up secondary CPUs ...
[    0.004487] CPU1: thread -1, cpu 1, socket 0, mpidr 80000001
[    0.011997] CPU2: thread -1, cpu 2, socket 0, mpidr 80000002
[    0.022007] CPU3: thread -1, cpu 3, socket 0, mpidr 80000003
[    0.031733] smp: Brought up 1 node, 4 CPUs
[    0.031741] SMP: Total of 4 processors activated (96.00 BogoMIPS).
[    0.031745] CPU: All CPU(s) started in SVC mode.
[    0.032299] devtmpfs: initialized
[    0.037987] VFP support v0.3: implementor 41 architecture 4 part 30 variant f rev 0
[    0.038178] clocksource: jiffies: mask: 0xffffffff max_cycles: 0xffffffff, max_idle_ns: 19112604462750000 ns
[    0.038187] futex hash table entries: 1024 (order: 4, 65536 bytes)
[    0.038752] pinctrl core: initialized pinctrl subsystem
[    0.039402] DMI not present or invalid.
[    0.039484] random: get_random_u32 called from bucket_table_alloc+0xe8/0x254 with crng_init=0
[    0.039519] NET: Registered protocol family 16
[    0.040265] DMA: preallocated 256 KiB pool for atomic coherent allocations
[    0.041232] cpuidle: using governor menu
[    0.050161] No ATAGs?
[    0.050218] hw-breakpoint: found 5 (+1 reserved) breakpoint and 4 watchpoint registers.
[    0.050224] hw-breakpoint: maximum watchpoint size is 8 bytes.
[    0.053049] Serial: AMBA PL011 UART driver
[    0.053411] tegra-mc 70019000.memory-controller: no memory timings for RAM code 0 registered
[    0.058937] AT91: Could not find identification node
[    0.059148] +5V_SYS: supplied by +VDD_MUX
[    0.059250] +3.3V_SYS: supplied by +VDD_MUX
[    0.059469] +VDD_LED: Failed to request enable GPIO122: -517
[    0.059475] reg-fixed-voltage regulators:regulator@5: Failed to register regulator: -517
[    0.059510] +5V_VDD_TS_SW: Failed to request enable GPIO81: -517
[    0.059515] reg-fixed-voltage regulators:regulator@6: Failed to register regulator: -517
[    0.059548] +5V_USB_HS: Failed to request enable GPIO108: -517
[    0.059553] reg-fixed-voltage regulators:regulator@7: Failed to register regulator: -517
[    0.059586] +5V_USB_SS: Failed to request enable GPIO109: -517
[    0.059591] reg-fixed-voltage regulators:regulator@8: Failed to register regulator: -517
[    0.059682] +1.05V_RUN_AVDD_HDMI_PLL: Failed to request enable GPIO63: -517
[    0.059687] reg-fixed-voltage regulators:regulator@11: Failed to register regulator: -517
[    0.059720] +5V_HDMI_CON: Failed to request enable GPIO86: -517
[    0.059725] reg-fixed-voltage regulators:regulator@12: Failed to register regulator: -517
[    0.060734] vgaarb: loaded
[    0.061013] SCSI subsystem initialized
[    0.061075] libata version 3.00 loaded.
[    0.061164] usbcore: registered new interface driver usbfs
[    0.061186] usbcore: registered new interface driver hub
[    0.061211] usbcore: registered new device driver usb
[    0.062551] pps_core: LinuxPPS API ver. 1 registered
[    0.062555] pps_core: Software ver. 5.3.6 - Copyright 2005-2007 Rodolfo Giometti <giometti@linux.it>
[    0.062563] PTP clock support registered
[    0.062630] EDAC MC: Ver: 3.0.0
[    0.062759] dmi: Firmware registration failed.
[    0.063068] tegra-emc 7001b000.emc: no memory timings for RAM code 0 found in DT
[    0.063077] tegra-emc: probe of 7001b000.emc failed with error -2
[    0.063515] clocksource: Switched to clocksource arch_sys_counter
[    0.082901] NET: Registered protocol family 2
[    0.083088] TCP established hash table entries: 8192 (order: 3, 32768 bytes)
[    0.083123] TCP bind hash table entries: 8192 (order: 4, 65536 bytes)
[    0.083185] TCP: Hash tables configured (established 8192 bind 8192)
[    0.083219] UDP hash table entries: 512 (order: 2, 16384 bytes)
[    0.083235] UDP-Lite hash table entries: 512 (order: 2, 16384 bytes)
[    0.083290] NET: Registered protocol family 1
[    0.083455] RPC: Registered named UNIX socket transport module.
[    0.083459] RPC: Registered udp transport module.
[    0.083462] RPC: Registered tcp transport module.
[    0.083465] RPC: Registered tcp NFSv4.1 backchannel transport module.
[    0.083471] PCI: CLS 0 bytes, default 64
[    0.084051] hw perfevents: enabled with armv7_cortex_a15 PMU driver, 7 counters available
[    0.084729] workingset: timestamp_bits=30 max_order=19 bucket_order=0
[    0.087478] squashfs: version 4.0 (2009/01/31) Phillip Lougher
[    0.087741] NFS: Registering the id_resolver key type
[    0.087758] Key type id_resolver registered
[    0.087762] Key type id_legacy registered
[    0.087777] ntfs: driver 2.1.32 [Flags: R/O].
[    0.088022] random: fast init done
[    0.088380] bounce: pool size: 64 pages
[    0.088398] Block layer SCSI generic (bsg) driver version 0.4 loaded (major 248)
[    0.088403] io scheduler noop registered
[    0.088406] io scheduler deadline registered
[    0.088464] io scheduler cfq registered (default)
[    0.088467] io scheduler mq-deadline registered
[    0.088471] io scheduler kyber registered
[    0.089702] tegra-xusb-padctl 7009f000.padctl: failed to setup XUSB ports: -517
[    0.100317] tegra-apbdma 60020000.dma: Tegra20 APB DMA driver register 32 channels
[    0.101209] tegra-pmc 7000e400.pmc: i2c-thermtrip node not found, emergency thermal reset disabled.
[    0.119553] Serial: 8250/16550 driver, 4 ports, IRQ sharing disabled
[    0.120612] console [ttyS0] disabled
[    0.120631] 70006000.serial: ttyS0 at MMIO 0x70006000 (irq = 333, base_baud = 25500000) is a Tegra
[    1.033218] console [ttyS0] enabled
[    1.036991] SuperH (H)SCI(F) driver initialized
[    1.041868] msm_serial: driver initialized
[    1.046022] STMicroelectronics ASC driver initialized
[    1.053095] tegra-hdmi 54280000.hdmi: failed to get HDMI regulator
[    1.059639] tegra-dpaux 545c0000.dpaux: failed to get VDD supply: -517
[    1.067070] panel-simple panel: panel supply power not found, using dummy regulator
[    1.077778] brd: module loaded
[    1.083266] loop: module loaded
[    1.087364] as3722 4-0040: AS3722 with revision 0x1 found
[    1.097398] as3722-sd2: supplied by +5V_SYS
[    1.101809] as3722-sd3: supplied by +5V_SYS
[    1.106145] +1.35V_LP0(sd3): Bringing 0uV into 1350000-1350000uV
[    1.112311] as3722-sd4: supplied by +5V_SYS
[    1.116692] +1.05V_RUN: Bringing 0uV into 1050000-1050000uV
[    1.122439] as3722-sd5: supplied by +5V_SYS
[    1.128020] as3722-ldo0: supplied by +1.35V_LP0(sd2)
[    1.133746] +1.8V_RUN_CAM: Bringing 0uV into 1800000-1800000uV
[    1.139751] as3722-ldo2: supplied by +1.8V_VDDIO
[    1.145364] as3722-ldo3: supplied by +3.3V_SYS
[    1.149809] +1.00V_LP0_VDD_RTC: Bringing 1100000uV into 1000000-1000000uV
[    1.157382] as3722-ldo4: supplied by +3.3V_SYS
[    1.161976] +3.3V_RUN_CAM: Bringing 0uV into 2800000-2800000uV
[    1.167991] as3722-ldo5: supplied by +1.8V_VDDIO
[    1.172755] +1.2V_RUN_CAM_FRONT: Bringing 0uV into 1200000-1200000uV
[    1.179441] +VDDIO_SDMMC3: Bringing 0uV into 1800000-1800000uV
[    1.185462] as3722-ldo7: supplied by +1.8V_VDDIO
[    1.190234] +1.05V_RUN_CAM_REAR: Bringing 0uV into 1050000-1050000uV
[    1.196780] as3722-ldo9: supplied by +5V_SYS
[    1.201340] +2.8V_RUN_TOUCH: Bringing 0uV into 2800000-2800000uV
[    1.207534] as3722-ldo10: supplied by +5V_SYS
[    1.212035] +2.8V_RUN_CAM_AF: Bringing 0uV into 2800000-2800000uV
[    1.218478] +1.8V_RUN_VPP_FUSE: Bringing 0uV into 1800000-1800000uV
[    1.237012] m25p80 spi32765.0: w25q32dw (4096 Kbytes)
[    1.243074] libphy: Fixed MDIO Bus: probed
[    1.247572] CAN device driver interface
[    1.251717] bgmac_bcma: Broadcom 47xx GBit MAC driver loaded
[    1.257830] e1000e: Intel(R) PRO/1000 Network Driver - 3.2.6-k
[    1.263652] e1000e: Copyright(c) 1999 - 2015 Intel Corporation.
[    1.269573] igb: Intel(R) Gigabit Ethernet Network Driver - version 5.4.0-k
[    1.276522] igb: Copyright (c) 2007-2014 Intel Corporation.
[    1.283382] pegasus: v0.9.3 (2013/04/25), Pegasus/Pegasus II USB Ethernet driver
[    1.290787] usbcore: registered new interface driver pegasus
[    1.296455] usbcore: registered new interface driver asix
[    1.301849] usbcore: registered new interface driver ax88179_178a
[    1.307942] usbcore: registered new interface driver cdc_ether
[    1.313783] usbcore: registered new interface driver smsc75xx
[    1.319529] usbcore: registered new interface driver smsc95xx
[    1.325279] usbcore: registered new interface driver net1080
[    1.330933] usbcore: registered new interface driver cdc_subset
[    1.336852] usbcore: registered new interface driver zaurus
[    1.342429] usbcore: registered new interface driver cdc_ncm
[    1.348748] ehci_hcd: USB 2.0 'Enhanced' Host Controller (EHCI) Driver
[    1.355266] ehci-pci: EHCI PCI platform driver
[    1.359708] ehci-platform: EHCI generic platform driver
[    1.364994] ehci-orion: EHCI orion driver
[    1.369046] SPEAr-ehci: EHCI SPEAr driver
[    1.373090] ehci-st: EHCI STMicroelectronics driver
[    1.378006] ehci-exynos: EHCI EXYNOS driver
[    1.382230] ehci-atmel: EHCI Atmel driver
[    1.386279] tegra-ehci: Tegra EHCI driver
[    1.390338] ohci_hcd: USB 1.1 'Open' Host Controller (OHCI) Driver
[    1.396512] ohci-pci: OHCI PCI platform driver
[    1.400955] ohci-platform: OHCI generic platform driver
[    1.406236] SPEAr-ohci: OHCI SPEAr driver
[    1.410282] ohci-st: OHCI STMicroelectronics driver
[    1.415198] ohci-atmel: OHCI Atmel driver
[    1.419449] usbcore: registered new interface driver usb-storage
[    1.426594] elan_i2c 1-0015: 1-0015 supply vcc not found, using dummy regulator
[    1.435253] as3722-rtc as3722-rtc: rtc core: registered as3722-rtc as rtc0
[    1.442112] as3722-rtc as3722-rtc: RTC interrupt 372
[    1.449072] tegra_rtc 7000e000.rtc: rtc core: registered 7000e000.rtc as rtc1
[    1.456212] tegra_rtc 7000e000.rtc: Tegra internal Real Time Clock
[    1.462560] i2c /dev entries driver
[    1.468477] lm90 0-004c: 0-004c supply vcc not found, using dummy regulator
[    1.479920] sdhci: Secure Digital Host Controller Interface driver
[    1.486101] sdhci: Copyright(c) Pierre Ossman
[    1.490984] Synopsys Designware Multimedia Card Interface Driver
[    1.497432] sdhci-pltfm: SDHCI platform and OF driver helper
[    1.503362] sdhci-tegra 700b0000.sdhci: allocated mmc-pwrseq
[    1.517174] sdhci-tegra 700b0400.sdhci: Got CD GPIO
[    1.522044] sdhci-tegra 700b0400.sdhci: Got WP GPIO
[    1.541638] mmc0: Unknown controller version (3). You may experience problems.
[    1.548881] mmc0: Invalid maximum block size, assuming 512 bytes
[    1.604457] elan_i2c 1-0015: Elan Touchpad: Module ID: 0x002a, Firmware: 0x0005, Sample: 0x0007, IAP: 0x0009
[    1.613529] mmc0: SDHCI controller on 700b0600.sdhci [700b0600.sdhci] using ADMA
[    1.621784] ledtrig-cpu: registered to indicate activity on CPUs
[    1.621895] input: Elan Touchpad as /devices/soc0/7000c400.i2c/i2c-1/1-0015/input/input0
[    1.635969] usbcore: registered new interface driver usbhid
[    1.641526] usbhid: USB HID core driver
[    1.646783] NET: Registered protocol family 10
[    1.652566] Segment Routing with IPv6
[    1.656249] sit: IPv6, IPv4 and MPLS over IPv4 tunneling driver
[    1.662372] NET: Registered protocol family 17
[    1.666812] can: controller area network core (rev 20170425 abi 9)
[    1.672997] NET: Registered protocol family 29
[    1.677433] can: raw protocol (rev 20170425)
[    1.681690] can: broadcast manager protocol (rev 20170425 t)
[    1.687340] can: netlink gateway (rev 20170425) max_hops=1
[    1.692937] Key type dns_resolver registered
[    1.697431] ThumbEE CPU extension supported.
[    1.701690] Registering SWP/SWPB emulation handler
[    1.713365] +3.3V_RUN: supplied by +3.3V_SYS
[    1.718553] +VDD_LED: supplied by +VDD_MUX
[    1.722752] +3.3V_AVDD_HDMI_AP_GATED: supplied by +3.3V_RUN
[    1.728398] +1.8V_RUN_CAM: supplied by +3.3V_RUN
[    1.733090] +VDDIO_SDMMC3: supplied by +3.3V_RUN
[    1.737762] +1.8V_RUN_VPP_FUSE: supplied by +3.3V_RUN
[    1.743074] +5V_VDD_TS_SW: supplied by +5V_SYS
[    1.747895] +5V_USB_HS: supplied by +5V_SYS
[    1.752292] +5V_USB_SS: supplied by +5V_SYS
[    1.757519] +3.3V_PANEL: supplied by +3.3V_RUN
[    1.762975] +3.3V_LP0: supplied by +3.3V_SYS
[    1.768269] +1.05V_RUN_AVDD_HDMI_PLL: supplied by +1.05V_RUN
[    1.768360] elan_i2c 1-0015: failed to read report data: -121
[    1.780058] +5V_HDMI_CON: supplied by +5V_SYS
[    1.785241]  usb3-0: usb3-0 supply vbus not found, using dummy regulator
[    1.791968]  usb3-1: usb3-1 supply vbus not found, using dummy regulator
[    1.805308] tegra-sor 54540000.sor: failed to probe output: -517
[    1.811829] panel-simple panel: panel supply power not found, using dummy regulator
[    1.820208] sdhci-tegra 700b0000.sdhci: allocated mmc-pwrseq
[    1.833721] mmc1: Unknown controller version (3). You may experience problems.
[    1.841019] mmc1: Invalid maximum block size, assuming 512 bytes
[    1.847516] mmc1: Switching to 3.3V signalling voltage failed
[    1.858968] mmc0: new high speed MMC card at address 0001
[    1.864748] mmcblk0: mmc0:0001 MMC16G 14.4 GiB 
[    1.869394] mmcblk0boot0: mmc0:0001 MMC16G partition 1 2.00 MiB
[    1.875742] mmcblk0boot1: mmc0:0001 MMC16G partition 2 2.00 MiB
[    1.881893] mmcblk0rpmb: mmc0:0001 MMC16G partition 3 128 KiB
[    1.891594]  mmcblk0: p1 p2 p3 p4 p5 p6 p7 p8 p9 p10 p11 p12
[    1.903579] mmc1: SDHCI controller on 700b0000.sdhci [700b0000.sdhci] using ADMA
[    1.906674] elan_i2c 1-0015: invalid report id data (ff)
[    1.917023] sdhci-tegra 700b0400.sdhci: Got CD GPIO
[    1.921894] sdhci-tegra 700b0400.sdhci: Got WP GPIO
[    1.933679] mmc2: Unknown controller version (3). You may experience problems.
[    1.940976] mmc2: Invalid maximum block size, assuming 512 bytes
[    1.977082] mmc1: new high speed SDIO card at address 0001
[    2.003602] mmc2: SDHCI controller on 700b0400.sdhci [700b0400.sdhci] using ADMA
[    2.016868] input: gpio-keys as /devices/soc0/gpio-keys/input/input1
[    2.024709] as3722-rtc as3722-rtc: setting system clock to 2000-01-01 00:00:23 UTC (946684823)
[    2.033691] +3.3V_AVDD_HDMI_AP_GATED: disabling
[    2.038220] +1.05V_RUN: disabling
[    2.041685] +1.8V_RUN_CAM: disabling
[    2.045533] +3.3V_RUN_CAM: disabling
[    2.049269] +1.2V_RUN_CAM_FRONT: disabling
[    2.054498] +1.05V_RUN_CAM_REAR: disabling
[    2.060726] +2.8V_RUN_TOUCH: disabling
[    2.064717] +2.8V_RUN_CAM_AF: disabling
[    2.068713] +1.8V_RUN_VPP_FUSE: disabling
[    2.072882] +VDD_LED: disabling
[    2.076056] +5V_VDD_TS_SW: disabling
[    2.079632] +5V_USB_HS: disabling
[    2.082939] +5V_USB_SS: disabling
[    2.086279] +3.3V_PANEL: disabling
[    2.089679] +1.05V_RUN_AVDD_HDMI_PLL: disabling
[    2.094242] +5V_HDMI_CON: disabling
[    2.098620] EXT4-fs (mmcblk0p3): couldn't mount as ext3 due to feature incompatibilities
[    2.107282] EXT4-fs (mmcblk0p3): couldn't mount as ext2 due to feature incompatibilities
[    2.195388] mmc2: new high speed SDHC card at address 0007
[    2.201039] mmcblk2: mmc2:0007 SD08G 7.42 GiB 
[    2.214600] GPT:Primary header alternate_lba != Alt. header my_lba
[    2.220773] GPT:3014591 != 15564799
[    2.224281] GPT:Primary header thinks Alt. header is not at the end of the disk.
[    2.231659] GPT:3014591 != 15564799
[    2.235140] GPT: Use GNU Parted to correct GPT errors.
[    2.240286]  mmcblk2: p1 p2 p3 p4 p5 p6 p7 p8 p9 p10 p11 p12
[    2.475685] EXT4-fs (mmcblk0p3): recovery complete
[    2.480473] EXT4-fs (mmcblk0p3): mounted filesystem with ordered data mode. Opts: (null)
[    2.488600] VFS: Mounted root (ext4 filesystem) on device 179:3.
[    2.495634] devtmpfs: mounted
[    2.499299] Freeing unused kernel memory: 2048K
bash: cannot set terminal process group (-1): Inappropriate ioctl for device
bash: no job control in this shell
root@(none):/# mount -t sysfs none /sys
root@(none):/# 
root@(none):/# mount -t debugfs none /sys/kernel/debug
root@(none):/# 
root@(none):/# rtcwake -d rtc1 -m mem -s 3
rtcwake: assuming RTC uses UTC ...
rtcwake: wakeup from "mem" using /dev/rtc1 at Thu Jan  1 00:00:28 1970
[    5.914658] PM: Syncing filesystems ... done.
[    5.920849] Freezing user space processes ... (elapsed 0.001 seconds) done.
[    5.928970] OOM killer disabled.
[    5.932190] Freezing remaining freezable tasks ... (elapsed 0.001 seconds) done.
[    5.940770] Suspending console(s) (use no_console_suspend to debug)
[    5.966399] Disabling non-boot CPUs ...
[    6.023783] IRQ352 no longer affine to CPU1
[    6.083785] IRQ353 no longer affine to CPU2
[    6.143791] IRQ354 no longer affine to CPU3
[    6.144153] Entering suspend state LP1
[    6.144153] Suspended for 2.844 seconds
[    6.144163] Enabling non-boot CPUs ...
[    6.144511] CPU1 is up
[    6.144813] CPU2 is up
[    6.145115] CPU3 is up
[    6.303645] mmc1: Switching to 3.3V signalling voltage failed
[    6.435863] OOM killer enabled.
[    6.438993] Restarting tasks ... done.
root@(none):/# 
root@(none):/# rtcwake -d rtc1 -m mem -s 3
rtcwake: assuming RTC uses UTC ...
rtcwake: wakeup from "mem" using /dev/rtc1 at Thu Jan  1 00:00:32 1970
[    7.142771] PM: Syncing filesystems ... done.
[    7.148484] Freezing user space processes ... (elapsed 0.001 seconds) done.
[    7.156609] OOM killer disabled.
[    7.159828] Freezing remaining freezable tasks ... (elapsed 0.001 seconds) done.
[    7.168408] Suspending console(s) (use no_console_suspend to debug)
[    7.193566] Disabling non-boot CPUs ...
[    7.233721] IRQ352 no longer affine to CPU1
[    7.293758] IRQ353 no longer affine to CPU2
[    7.353726] IRQ354 no longer affine to CPU3
[    7.354056] Entering suspend state LP1
[    7.354056] Suspended for 2.790 seconds
[    7.354066] Enabling non-boot CPUs ...
[    7.354417] CPU1 is up
[    7.354718] CPU2 is up
[    7.355026] CPU3 is up
[    7.513782] mmc1: Switching to 3.3V signalling voltage failed
[    7.646969] OOM killer enabled.
[    7.650098] Restarting tasks ... done.
root@(none):/# 
root@(none):/# rtcwake -d rtc1 -m mem -s 3
rtcwake: assuming RTC uses UTC ...
rtcwake: wakeup from "mem" using /dev/rtc1 at Thu Jan  1 00:00:36 1970
[    8.352733] PM: Syncing filesystems ... done.
[    8.358394] Freezing user space processes ... (elapsed 0.001 seconds) done.
[    8.366501] OOM killer disabled.
[    8.369717] Freezing remaining freezable tasks ... (elapsed 0.001 seconds) done.
[    8.378266] Suspending console(s) (use no_console_suspend to debug)
[    8.404136] Disabling non-boot CPUs ...
[    8.443676] IRQ352 no longer affine to CPU1
[    8.503624] IRQ17 no longer affine to CPU2
[    8.503733] IRQ353 no longer affine to CPU2
[    8.563699] IRQ354 no longer affine to CPU3
[    8.564062] Entering suspend state LP1
[    8.564062] Suspended for 2.789 seconds
[    8.564073] Enabling non-boot CPUs ...
[    8.564425] CPU1 is up
[    8.564725] CPU2 is up
[    8.565027] CPU3 is up
[    8.723593] mmc1: Switching to 3.3V signalling voltage failed
[    8.860887] OOM killer enabled.
[    8.864021] Restarting tasks ... done.
root@(none):/# 
root@(none):/# rtcwake -d rtc1 -m mem -s 3
rtcwake: assuming RTC uses UTC ...
rtcwake: wakeup from "mem" using /dev/rtc1 at Thu Jan  1 00:00:40 1970
[    9.562349] PM: Syncing filesystems ... done.
[    9.567984] Freezing user space processes ... (elapsed 0.001 seconds) done.
[    9.576106] OOM killer disabled.
[    9.579325] Freezing remaining freezable tasks ... (elapsed 0.001 seconds) done.
[    9.587912] Suspending console(s) (use no_console_suspend to debug)
[    9.613409] Disabling non-boot CPUs ...
[    9.794007] Entering suspend state LP1
[    9.794007] Suspended for 2.770 seconds
[    9.794018] Enabling non-boot CPUs ...
[    9.794372] CPU1 is up
[    9.794674] CPU2 is up
[    9.794974] CPU3 is up
[    9.953697] mmc1: Switching to 3.3V signalling voltage failed
[   10.073944] OOM killer enabled.
[   10.077074] Restarting tasks ... done.
root@(none):/# 
root@(none):/# rtcwake -d rtc1 -m mem -s 3
rtcwake: assuming RTC uses UTC ...
rtcwake: wakeup from "mem" using /dev/rtc1 at Thu Jan  1 00:00:44 1970
[   10.791910] PM: Syncing filesystems ... done.
[   10.797548] Freezing user space processes ... (elapsed 0.001 seconds) done.
[   10.805660] OOM killer disabled.
[   10.808876] Freezing remaining freezable tasks ... (elapsed 0.001 seconds) done.
[   10.817425] Suspending console(s) (use no_console_suspend to debug)
[   10.842833] Disabling non-boot CPUs ...
[   11.003995] Entering suspend state LP1
[   11.003995] Suspended for 2.789 seconds
[   11.004005] Enabling non-boot CPUs ...
[   11.004359] CPU1 is up
[   11.004662] CPU2 is up
[   11.004966] CPU3 is up
[   11.163624] mmc1: Switching to 3.3V signalling voltage failed
[   11.284474] OOM killer enabled.
[   11.287604] Restarting tasks ... done.
root@(none):/# 
root@(none):/# rtcwake -d rtc1 -m mem -s 3
rtcwake: assuming RTC uses UTC ...
rtcwake: wakeup from "mem" using /dev/rtc1 at Thu Jan  1 00:00:48 1970
[   12.002656] PM: Syncing filesystems ... done.
[   12.008368] Freezing user space processes ... (elapsed 0.001 seconds) done.
[   12.016486] OOM killer disabled.
[   12.019706] Freezing remaining freezable tasks ... (elapsed 0.001 seconds) done.
[   12.028220] Suspending console(s) (use no_console_suspend to debug)
[   12.054539] Disabling non-boot CPUs ...
[   12.103593] migrate_irqs: 6 callbacks suppressed
[   12.103596] IRQ352 no longer affine to CPU1
[   12.183639] IRQ353 no longer affine to CPU2
[   12.243614] IRQ354 no longer affine to CPU3
[   12.243960] Entering suspend state LP1
[   12.243960] Suspended for 2.759 seconds
[   12.243971] Enabling non-boot CPUs ...
[   12.244324] CPU1 is up
[   12.244626] CPU2 is up
[   12.244933] CPU3 is up
[   12.403598] mmc1: Switching to 3.3V signalling voltage failed
[   12.541472] OOM killer enabled.
[   12.544609] Restarting tasks ... done.
root@(none):/# 
root@(none):/# rtcwake -d rtc1 -m mem -s 3
rtcwake: assuming RTC uses UTC ...
rtcwake: wakeup from "mem" using /dev/rtc1 at Thu Jan  1 00:00:52 1970
[   13.242571] PM: Syncing filesystems ... done.
[   13.248183] Freezing user space processes ... (elapsed 0.001 seconds) done.
[   13.256294] OOM killer disabled.
[   13.259510] Freezing remaining freezable tasks ... (elapsed 0.001 seconds) done.
[   13.268061] Suspending console(s) (use no_console_suspend to debug)
[   13.293464] Disabling non-boot CPUs ...
[   13.333565] IRQ352 no longer affine to CPU1
[   13.413616] IRQ353 no longer affine to CPU2
[   13.473586] IRQ354 no longer affine to CPU3
[   13.473898] Entering suspend state LP1
[   13.473898] Suspended for 2.769 seconds
[   13.473908] Enabling non-boot CPUs ...
[   13.474263] CPU1 is up
[   13.474566] CPU2 is up
[   13.474865] CPU3 is up
[   13.633597] mmc1: Switching to 3.3V signalling voltage failed
[   13.766787] OOM killer enabled.
[   13.769916] Restarting tasks ... done.
root@(none):/# 
root@(none):/# rtcwake -d rtc1 -m mem -s 3
rtcwake: assuming RTC uses UTC ...
rtcwake: wakeup from "mem" using /dev/rtc1 at Thu Jan  1 00:00:56 1970
[   14.472380] PM: Syncing filesystems ... done.
[   14.477992] Freezing user space processes ... (elapsed 0.001 seconds) done.
[   14.486029] OOM killer disabled.
[   14.489245] Freezing remaining freezable tasks ... (elapsed 0.001 seconds) done.
[   14.497704] Suspending console(s) (use no_console_suspend to debug)
[   14.523436] Disabling non-boot CPUs ...
[   14.583540] IRQ352 no longer affine to CPU1
[   14.643586] IRQ353 no longer affine to CPU2
[   14.703558] IRQ354 no longer affine to CPU3
[   14.703866] Entering suspend state LP1
[   14.703866] Suspended for 2.769 seconds
[   14.703877] Enabling non-boot CPUs ...
[   14.704229] CPU1 is up
[   14.704531] CPU2 is up
[   14.704832] CPU3 is up
[   14.864248] mmc1: Switching to 3.3V signalling voltage failed
[   14.996261] OOM killer enabled.
[   14.999390] Restarting tasks ... done.
root@(none):/# 
root@(none):/# rtcwake -d rtc1 -m mem -s 3
rtcwake: assuming RTC uses UTC ...
rtcwake: wakeup from "mem" using /dev/rtc1 at Thu Jan  1 00:01:00 1970
[   15.702086] PM: Syncing filesystems ... done.
[   15.707560] Freezing user space processes ... (elapsed 0.001 seconds) done.
[   15.715594] OOM killer disabled.
[   15.718809] Freezing remaining freezable tasks ... (elapsed 0.001 seconds) done.
[   15.727354] Suspending console(s) (use no_console_suspend to debug)
[   15.752786] Disabling non-boot CPUs ...
[   15.793510] IRQ352 no longer affine to CPU1
[   15.923879] Entering suspend state LP1
[   15.923879] Suspended for 2.779 seconds
[   15.923890] Enabling non-boot CPUs ...
[   15.924245] CPU1 is up
[   15.924550] CPU2 is up
[   15.924854] CPU3 is up
[   16.084434] mmc1: Switching to 3.3V signalling voltage failed
[   16.207248] OOM killer enabled.
[   16.210377] Restarting tasks ... done.
root@(none):/# 
root@(none):/# rtcwake -d rtc1 -m mem -s 3
rtcwake: assuming RTC uses UTC ...
rtcwake: wakeup from "mem" using /dev/rtc1 at Thu Jan  1 00:01:04 1970
[   16.921703] PM: Syncing filesystems ... done.
[   16.927328] Freezing user space processes ... (elapsed 0.001 seconds) done.
[   16.935439] OOM killer disabled.
[   16.938655] Freezing remaining freezable tasks ... (elapsed 0.001 seconds) done.
[   16.947202] Suspending console(s) (use no_console_suspend to debug)
[   16.973414] Disabling non-boot CPUs ...
[   17.143500] migrate_irqs: 4 callbacks suppressed
[   17.143503] IRQ354 no longer affine to CPU3
[   17.143869] Entering suspend state LP1
[   17.143869] Suspended for 2.779 seconds
[   17.143880] Enabling non-boot CPUs ...
[   17.144268] CPU1 is up
[   17.144570] CPU2 is up
[   17.144870] CPU3 is up
[   17.303510] mmc1: Switching to 3.3V signalling voltage failed
[   17.433059] OOM killer enabled.
[   17.436195] Restarting tasks ... done.
root@(none):/# 
root@(none):/# NVTB SYSTEM SUSPEND TEST COMPLETE
