

U-Boot 2015.04-00466-gedec83e90172 (Mar 14 2016 - 10:42:01)

TEGRA124
Model: Acer Chromebook 13 CB5-311
DRAM:  4 GiB
:   Tegra SD/MMC: 0, Tegra SD/MMC: 1, Tegra SD/MMC: 2
MMC init failed
Using default environment

In:    serial
Out:   serial
Err:   serial
Net:   Net Initialization Skipped
No ethernet found.
Hit any key to stop autoboot:  2  1  0 
Tegra124 (Nyan-big) # 
Tegra124 (Nyan-big) # usb start
starting USB...
USB0:   USB EHCI 1.10
scanning bus 0 for devices... 2 USB Device(s) found
USB1:   USB EHCI 1.10
scanning bus 1 for devices... 2 USB Device(s) found
       scanning usb for storage devices... 1 Storage Device(s) found
       scanning usb for ethernet devices... 
Warning: asx0 using MAC address from net device
1 Ethernet Device(s) found
Tegra124 (Nyan-big) # mw 0x7000e4a0 0x00080000
Tegra124 (Nyan-big) # setenv bootargs 'ignore_loglevel console=ttyS0,115200n8 rw root=PARTUUID=4d36e82a-b3c0-4b4b-bfcd-afe5217ac023 rootwait gpt debug noinitrd earlyprintk init=/bin/bash'
Tegra124 (Nyan-big) # setenv ipaddr 192.168.100.102; setenv serverip 192.168.100.1; setenv tftpserverip 192.168.100.1
Tegra124 (Nyan-big) # tftpboot 0x82000000 zImage.tegra_defconfig
Using asx0 device
TFTP from server 192.168.100.1; our IP address is 192.168.100.102
Filename 'zImage.tegra_defconfig'.
Load address: 0x82000000
Loading: *#################################################################
	 #################################################################
	 #################################################################
	 #################################################################
	 #################################################################
	 #################################################################
	 #############################
	 3.5 MiB/s
done
Bytes transferred = 6149608 (5dd5e8 hex)
Tegra124 (Nyan-big) # tftpboot 0x83000000 tegra124-nyan-big.dtb
Using asx0 device
TFTP from server 192.168.100.1; our IP address is 192.168.100.102
Filename 'tegra124-nyan-big.dtb'.
Load address: 0x83000000
Loading: *#####
	 3.4 MiB/s
done
Bytes transferred = 68183 (10a57 hex)
Tegra124 (Nyan-big) # bootz 0x82000000 - 0x83000000
Kernel image @ 0x82000000 [ 0x000000 - 0x5dd5e8 ]
## Flattened Device Tree blob at 83000000
   Booting using the fdt blob at 0x83000000
   Using Device Tree in place at 83000000, end 83013a56

Starting kernel ...

Uncompressing Linux... done, booting the kernel.
[    0.000000] Booting Linux on physical CPU 0x0
[    0.000000] Linux version 4.13.0-rc1-next-20170721-187381-g83d9512 (jonathanh@kaivo) (gcc version 4.7.3 20130328 (prerelease) (crosstool-NG linaro-1.13.1-4.7-2013.04-20130415 - Linaro GCC 2013.04)) #1 SMP PREEMPT Thu Jul 20 21:35:46 PDT 2017
[    0.000000] CPU: ARMv7 Processor [413fc0f3] revision 3 (ARMv7), cr=10c5387d
[    0.000000] CPU: div instructions available: patching division code
[    0.000000] CPU: PIPT / VIPT nonaliasing data cache, PIPT instruction cache
[    0.000000] OF: fdt: Machine model: Acer Chromebook 13 CB5-311
[    0.000000] OF: fdt: Ignoring memory range 0x100000000 - 0x17ffff000
[    0.000000] debug: ignoring loglevel setting.
[    0.000000] bootconsole [earlycon0] enabled
[    0.000000] Memory policy: Data cache writealloc
[    0.000000] cma: Reserved 64 MiB at 0xfbc00000
[    0.000000] On node 0 totalpages: 524287
[    0.000000] free_area_init_node: node 0, pgdat c0eaf9c0, node_mem_map eeff7000
[    0.000000]   Normal zone: 1536 pages used for memmap
[    0.000000]   Normal zone: 0 pages reserved
[    0.000000]   Normal zone: 196608 pages, LIFO batch:31
[    0.000000]   HighMem zone: 327679 pages, LIFO batch:31
[    0.000000] percpu: Embedded 17 pages/cpu @eef80000 s39424 r8192 d22016 u69632
[    0.000000] pcpu-alloc: s39424 r8192 d22016 u69632 alloc=17*4096
[    0.000000] pcpu-alloc: [0] 0 [0] 1 [0] 2 [0] 3 
[    0.000000] Built 1 zonelists in Zone order, mobility grouping on.  Total pages: 522751
[    0.000000] Kernel command line: ignore_loglevel console=ttyS0,115200n8 rw root=PARTUUID=4d36e82a-b3c0-4b4b-bfcd-afe5217ac023 rootwait gpt debug noinitrd earlyprintk init=/bin/bash
[    0.000000] PID hash table entries: 4096 (order: 2, 16384 bytes)
[    0.000000] Dentry cache hash table entries: 131072 (order: 7, 524288 bytes)
[    0.000000] Inode-cache hash table entries: 65536 (order: 6, 262144 bytes)
[    0.000000] Memory: 1999456K/2097148K available (9216K kernel code, 744K rwdata, 2732K rodata, 1024K init, 299K bss, 32156K reserved, 65536K cma-reserved, 1245180K highmem)
[    0.000000] Virtual kernel memory layout:
[    0.000000]     vector  : 0xffff0000 - 0xffff1000   (   4 kB)
[    0.000000]     fixmap  : 0xffc00000 - 0xfff00000   (3072 kB)
[    0.000000]     vmalloc : 0xf0800000 - 0xff800000   ( 240 MB)
[    0.000000]     lowmem  : 0xc0000000 - 0xf0000000   ( 768 MB)
[    0.000000]     pkmap   : 0xbfe00000 - 0xc0000000   (   2 MB)
[    0.000000]     modules : 0xbf000000 - 0xbfe00000   (  14 MB)
[    0.000000]       .text : 0xc0008000 - 0xc0a00000   (10208 kB)
[    0.000000]       .init : 0xc0d00000 - 0xc0e00000   (1024 kB)
[    0.000000]       .data : 0xc0e00000 - 0xc0eba1e0   ( 745 kB)
[    0.000000]        .bss : 0xc0ec45ec - 0xc0f0f37c   ( 300 kB)
[    0.000000] Preemptible hierarchical RCU implementation.
[    0.000000] 	Tasks RCU enabled.
[    0.000000] NR_IRQS: 16, nr_irqs: 16, preallocated irqs: 16
[    0.000000] /interrupt-controller@60004000: 160 interrupts forwarded to /interrupt-controller@50041000
[    0.000000] Tegra clk 127: register failed with -17
[    0.000004] sched_clock: 32 bits at 1000kHz, resolution 1000ns, wraps every 2147483647500ns
[    0.008106] clocksource: timer_us: mask: 0xffffffff max_cycles: 0xffffffff, max_idle_ns: 1911260446275 ns
[    0.017724] Switching to timer-based delay loop, resolution 1000ns
[    0.024350] arch_timer: cp15 timer(s) running at 12.00MHz (virt).
[    0.030118] clocksource: arch_sys_counter: mask: 0xffffffffffffff max_cycles: 0x2c47f4ee7, max_idle_ns: 440795202497 ns
[    0.040952] sched_clock: 56 bits at 12MHz, resolution 83ns, wraps every 4398046511096ns
[    0.049010] Switching to timer-based delay loop, resolution 83ns
[    0.055269] Console: colour dummy device 80x30
[    0.059591] Calibrating delay loop (skipped), value calculated using timer frequency.. 24.00 BogoMIPS (lpj=120000)
[    0.069988] pid_max: default: 32768 minimum: 301
[    0.074879] Mount-cache hash table entries: 2048 (order: 1, 8192 bytes)
[    0.081343] Mountpoint-cache hash table entries: 2048 (order: 1, 8192 bytes)
[    0.088764] CPU: Testing write buffer coherency: ok
[    0.093527] /cpus/cpu@0 missing clock-frequency property
[    0.098766] /cpus/cpu@1 missing clock-frequency property
[    0.104148] /cpus/cpu@2 missing clock-frequency property
[    0.109514] /cpus/cpu@3 missing clock-frequency property
[    0.114882] CPU0: thread -1, cpu 0, socket 0, mpidr 80000000
[    0.154925] Setting up static identity map for 0x80100000 - 0x801000a0
[    0.159665] Hierarchical SRCU implementation.
[    0.175144] Tegra Revision: A01 SKU: 131 CPU Process: 1 SoC Process: 1
[    0.194929] smp: Bringing up secondary CPUs ...
[    0.245226] CPU1: thread -1, cpu 1, socket 0, mpidr 80000001
[    0.325251] CPU2: thread -1, cpu 2, socket 0, mpidr 80000002
[    0.405293] CPU3: thread -1, cpu 3, socket 0, mpidr 80000003
[    0.415064] smp: Brought up 1 node, 4 CPUs
[    0.434488] SMP: Total of 4 processors activated (96.00 BogoMIPS).
[    0.440733] CPU: All CPU(s) started in SVC mode.
[    0.446105] devtmpfs: initialized
[    0.456786] VFP support v0.3: implementor 41 architecture 4 part 30 variant f rev 0
[    0.462735] clocksource: jiffies: mask: 0xffffffff max_cycles: 0xffffffff, max_idle_ns: 19112604462750000 ns
[    0.472497] futex hash table entries: 1024 (order: 4, 65536 bytes)
[    0.479265] pinctrl core: initialized pinctrl subsystem
[    0.484448] random: get_random_u32 called from bucket_table_alloc+0xec/0x258 with crng_init=0
[    0.492683] NET: Registered protocol family 16
[    0.497637] DMA: preallocated 256 KiB pool for atomic coherent allocations
[    0.504606] cpuidle: using governor menu
[    0.516983] No ATAGs?
[    0.517039] hw-breakpoint: found 5 (+1 reserved) breakpoint and 4 watchpoint registers.
[    0.525552] hw-breakpoint: maximum watchpoint size is 8 bytes.
[    0.532402] tegra-mc 70019000.memory-controller: no memory timings for RAM code 0 registered
[    0.546457] +5V_SYS: supplied by +VDD_MUX
[    0.548768] +3.3V_SYS: supplied by +VDD_MUX
[    0.553158] +VDD_LED: Failed to request enable GPIO122: -517
[    0.558602] reg-fixed-voltage regulators:regulator@5: Failed to register regulator: -517
[    0.566792] +5V_VDD_TS_SW: Failed to request enable GPIO81: -517
[    0.572815] reg-fixed-voltage regulators:regulator@6: Failed to register regulator: -517
[    0.581002] +5V_USB_HS: Failed to request enable GPIO108: -517
[    0.586856] reg-fixed-voltage regulators:regulator@7: Failed to register regulator: -517
[    0.595043] +5V_USB_SS: Failed to request enable GPIO109: -517
[    0.600895] reg-fixed-voltage regulators:regulator@8: Failed to register regulator: -517
[    0.609143] +1.05V_RUN_AVDD_HDMI_PLL: Failed to request enable GPIO63: -517
[    0.616062] reg-fixed-voltage regulators:regulator@11: Failed to register regulator: -517
[    0.624335] +5V_HDMI_CON: Failed to request enable GPIO86: -517
[    0.630275] reg-fixed-voltage regulators:regulator@12: Failed to register regulator: -517
[    0.638971] vgaarb: loaded
[    0.641567] SCSI subsystem initialized
[    0.645185] libata version 3.00 loaded.
[    0.649131] usbcore: registered new interface driver usbfs
[    0.654566] usbcore: registered new interface driver hub
[    0.659954] usbcore: registered new device driver usb
[    0.666249] Linux video capture interface: v2.00
[    0.669734] pps_core: LinuxPPS API ver. 1 registered
[    0.674741] pps_core: Software ver. 5.3.6 - Copyright 2005-2007 Rodolfo Giometti <giometti@linux.it>
[    0.683934] PTP clock support registered
[    0.688063] tegra-emc 7001b000.emc: no memory timings for RAM code 0 found in DT
[    0.695367] tegra-emc: probe of 7001b000.emc failed with error -2
[    0.701630] Advanced Linux Sound Architecture Driver Initialized.
[    0.707958] Bluetooth: Core ver 2.22
[    0.711326] NET: Registered protocol family 31
[    0.715822] Bluetooth: HCI device and connection manager initialized
[    0.722230] Bluetooth: HCI socket layer initialized
[    0.727174] Bluetooth: L2CAP socket layer initialized
[    0.732296] Bluetooth: SCO socket layer initialized
[    0.737714] clocksource: Switched to clocksource arch_sys_counter
[    0.775445] NET: Registered protocol family 2
[    0.778391] TCP established hash table entries: 8192 (order: 3, 32768 bytes)
[    0.785108] TCP bind hash table entries: 8192 (order: 4, 65536 bytes)
[    0.791645] TCP: Hash tables configured (established 8192 bind 8192)
[    0.798171] UDP hash table entries: 512 (order: 2, 16384 bytes)
[    0.803983] UDP-Lite hash table entries: 512 (order: 2, 16384 bytes)
[    0.810519] NET: Registered protocol family 1
[    0.815098] RPC: Registered named UNIX socket transport module.
[    0.820794] RPC: Registered udp transport module.
[    0.825550] RPC: Registered tcp transport module.
[    0.830322] RPC: Registered tcp NFSv4.1 backchannel transport module.
[    0.836819] PCI: CLS 0 bytes, default 64
[    0.841510] hw perfevents: enabled with armv7_cortex_a15 PMU driver, 7 counters available
[    0.849880] workingset: timestamp_bits=30 max_order=19 bucket_order=0
[    0.856123] squashfs: version 4.0 (2009/01/31) Phillip Lougher
[    0.861763] NFS: Registering the id_resolver key type
[    0.866555] Key type id_resolver registered
[    0.870819] Key type id_legacy registered
[    0.875026] random: fast init done
[    0.879884] bounce: pool size: 64 pages
[    0.882252] io scheduler noop registered (default)
[    0.887084] io scheduler mq-deadline registered
[    0.891696] io scheduler kyber registered
[    0.896492] tegra-xusb-padctl 7009f000.padctl: failed to setup XUSB ports: -517
[    0.909204] tegra-apbdma 60020000.dma: Tegra20 APB DMA driver register 32 channels
[    0.915332] tegra-pmc 7000e400.pmc: i2c-thermtrip node not found, emergency thermal reset disabled.
[    0.924259] Serial: 8250/16550 driver, 4 ports, IRQ sharing disabled
[    0.931209] console [ttyS0] disabled
[    0.934106] 70006000.serial: ttyS0 at MMIO 0x70006000 (irq = 333, base_baud = 25500000) is a Tegra
[    0.943129] console [ttyS0] enabled
[    0.943129] console [ttyS0] enabled
[    0.949441] bootconsole [earlycon0] disabled
[    0.949441] bootconsole [earlycon0] disabled
[    0.959000] tegra-hdmi 54280000.hdmi: failed to get HDMI regulator
[    0.967147] tegra-dpaux 545c0000.dpaux: failed to get VDD supply: -517
[    0.974607] panel-simple panel: panel supply power not found, using dummy regulator
[    0.986140] loop: module loaded
[    0.989866] as3722 4-0040: AS3722 with revision 0x1 found
[    1.000063] as3722-sd2: supplied by +5V_SYS
[    1.004503] as3722-sd3: supplied by +5V_SYS
[    1.008864] +1.35V_LP0(sd3): Bringing 0uV into 1350000-1350000uV
[    1.015050] as3722-sd4: supplied by +5V_SYS
[    1.019397] +1.05V_RUN: Bringing 0uV into 1050000-1050000uV
[    1.025155] as3722-sd5: supplied by +5V_SYS
[    1.030801] as3722-ldo0: supplied by +1.35V_LP0(sd2)
[    1.036560] +1.8V_RUN_CAM: Bringing 0uV into 1800000-1800000uV
[    1.042602] as3722-ldo2: supplied by +1.8V_VDDIO
[    1.048246] as3722-ldo3: supplied by +3.3V_SYS
[    1.052696] +1.00V_LP0_VDD_RTC: Bringing 1100000uV into 1000000-1000000uV
[    1.060300] as3722-ldo4: supplied by +3.3V_SYS
[    1.064896] +3.3V_RUN_CAM: Bringing 0uV into 2800000-2800000uV
[    1.070940] as3722-ldo5: supplied by +1.8V_VDDIO
[    1.075709] +1.2V_RUN_CAM_FRONT: Bringing 0uV into 1200000-1200000uV
[    1.082423] +VDDIO_SDMMC3: Bringing 0uV into 1800000-1800000uV
[    1.088479] as3722-ldo7: supplied by +1.8V_VDDIO
[    1.093251] +1.05V_RUN_CAM_REAR: Bringing 0uV into 1050000-1050000uV
[    1.099829] as3722-ldo9: supplied by +5V_SYS
[    1.104395] +2.8V_RUN_TOUCH: Bringing 0uV into 2800000-2800000uV
[    1.110623] as3722-ldo10: supplied by +5V_SYS
[    1.115133] +2.8V_RUN_CAM_AF: Bringing 0uV into 2800000-2800000uV
[    1.121605] +1.8V_RUN_VPP_FUSE: Bringing 0uV into 1800000-1800000uV
[    1.144865] cros-ec-spi spi32766.0: packet too long (249 bytes, expected 4)
[    1.163247] cros-ec-spi spi32766.0: Chrome EC device registered
[    1.178481] m25p80 spi32765.0: w25q32dw (4096 Kbytes)
[    1.184370] libphy: Fixed MDIO Bus: probed
[    1.188478] CAN device driver interface
[    1.192328] igb: Intel(R) Gigabit Ethernet Network Driver - version 5.4.0-k
[    1.199279] igb: Copyright (c) 2007-2014 Intel Corporation.
[    1.204893] pegasus: v0.9.3 (2013/04/25), Pegasus/Pegasus II USB Ethernet driver
[    1.212319] usbcore: registered new interface driver pegasus
[    1.218005] usbcore: registered new interface driver asix
[    1.223414] usbcore: registered new interface driver ax88179_178a
[    1.229528] usbcore: registered new interface driver cdc_ether
[    1.235373] usbcore: registered new interface driver smsc75xx
[    1.241151] usbcore: registered new interface driver smsc95xx
[    1.246902] usbcore: registered new interface driver net1080
[    1.252583] usbcore: registered new interface driver cdc_subset
[    1.258522] usbcore: registered new interface driver zaurus
[    1.264108] usbcore: registered new interface driver cdc_ncm
[    1.269859] ehci_hcd: USB 2.0 'Enhanced' Host Controller (EHCI) Driver
[    1.276369] ehci-pci: EHCI PCI platform driver
[    1.280827] tegra-ehci: Tegra EHCI driver
[    1.285095] usbcore: registered new interface driver cdc_acm
[    1.290747] cdc_acm: USB Abstract Control Model driver for USB modems and ISDN adapters
[    1.298759] usbcore: registered new interface driver cdc_wdm
[    1.304431] usbcore: registered new interface driver usb-storage
[    1.310618] input: cros_ec as /devices/soc0/7000d400.spi/spi_master/spi32766/spi32766.0/7000d400.spi:cros-ec@0:keyboard-controller/input/input0
[    1.330798] as3722-rtc as3722-rtc: rtc core: registered as3722-rtc as rtc0
[    1.337657] as3722-rtc as3722-rtc: RTC interrupt 372
[    1.344422] tegra_rtc 7000e000.rtc: rtc core: registered 7000e000.rtc as rtc1
[    1.351571] tegra_rtc 7000e000.rtc: Tegra internal Real Time Clock
[    1.357849] i2c /dev entries driver
[    1.361807] usbcore: registered new interface driver uvcvideo
[    1.367537] USB Video Class driver (1.1.1)
[    1.371636] gspca_main: v2.14.0 registered
[    1.375955] lm90 0-004c: 0-004c supply vcc not found, using dummy regulator
[    1.384638] tegra-wdt 60005000.timer: initialized (heartbeat = 120 sec, nowayout = 0)
[    1.392979] sdhci: Secure Digital Host Controller Interface driver
[    1.399162] sdhci: Copyright(c) Pierre Ossman
[    1.403504] sdhci-pltfm: SDHCI platform and OF driver helper
[    1.409280] sdhci-tegra 700b0000.sdhci: allocated mmc-pwrseq
[    1.421864] sdhci-tegra 700b0400.sdhci: Got CD GPIO
[    1.426735] sdhci-tegra 700b0400.sdhci: Got WP GPIO
[    1.445854] mmc0: Unknown controller version (3). You may experience problems.
[    1.453094] mmc0: Invalid maximum block size, assuming 512 bytes
[    1.517746] mmc0: SDHCI controller on 700b0600.sdhci [700b0600.sdhci] using ADMA
[    1.525387] usbcore: registered new interface driver usbhid
[    1.532014] usbhid: USB HID core driver
[    1.540576] tegra30-i2s 70301100.i2s: DMA channels sourced from device 70300000.ahub
[    1.588210] max98090 0-0010: MAX98090 REVID=0x43
[    1.594736] max98090 0-0010: use default 2.8v micbias
[    1.602218] tegra-snd-max98090 sound: HiFi <-> 70301100.i2s mapping ok
[    1.609495] mmc0: new high speed MMC card at address 0001
[    1.615125] mmcblk0: mmc0:0001 MMC16G 14.4 GiB 
[    1.619839] mmcblk0boot0: mmc0:0001 MMC16G partition 1 2.00 MiB
[    1.620155] input: GoogleNyanBig Headphones as /devices/soc0/sound/sound/card1/input1
[    1.620341] input: GoogleNyanBig Mic Jack as /devices/soc0/sound/sound/card1/input2
[    1.620986] NET: Registered protocol family 10
[    1.621588] Segment Routing with IPv6
[    1.621663] mip6: Mobile IPv6
[    1.621666] sit: IPv6, IPv4 and MPLS over IPv4 tunneling driver
[    1.622369] NET: Registered protocol family 17
[    1.622379] NET: Registered protocol family 15
[    1.622382] can: controller area network core (rev 20170425 abi 9)
[    1.622480] NET: Registered protocol family 29
[    1.622483] can: raw protocol (rev 20170425)
[    1.622486] can: broadcast manager protocol (rev 20170425 t)
[    1.622492] can: netlink gateway (rev 20170425) max_hops=1
[    1.622588] Bluetooth: RFCOMM socket layer initialized
[    1.622602] Bluetooth: RFCOMM ver 1.11
[    1.622610] Bluetooth: BNEP (Ethernet Emulation) ver 1.3
[    1.622619] Bluetooth: BNEP socket layer initialized
[    1.622622] Bluetooth: HIDP (Human Interface Emulation) ver 1.2
[    1.622628] Bluetooth: HIDP socket layer initialized
[    1.622745] Key type dns_resolver registered
[    1.625938] Registering SWP/SWPB emulation handler
[    1.634241] +3.3V_RUN: supplied by +3.3V_SYS
[    1.635060] +VDD_LED: supplied by +VDD_MUX
[    1.635200] +3.3V_AVDD_HDMI_AP_GATED: supplied by +3.3V_RUN
[    1.635249] +1.8V_RUN_CAM: supplied by +3.3V_RUN
[    1.635298] +VDDIO_SDMMC3: supplied by +3.3V_RUN
[    1.635346] +1.8V_RUN_VPP_FUSE: supplied by +3.3V_RUN
[    1.635451] +5V_VDD_TS_SW: supplied by +5V_SYS
[    1.635645] +5V_USB_HS: supplied by +5V_SYS
[    1.635828] +5V_USB_SS: supplied by +5V_SYS
[    1.636771] +3.3V_PANEL: supplied by +3.3V_RUN
[    1.637799] +3.3V_LP0: supplied by +3.3V_SYS
[    1.638741] +1.05V_RUN_AVDD_HDMI_PLL: supplied by +1.05V_RUN
[    1.638968] +5V_HDMI_CON: supplied by +5V_SYS
[    1.639820]  usb3-0: usb3-0 supply vbus not found, using dummy regulator
[    1.639891]  usb3-1: usb3-1 supply vbus not found, using dummy regulator
[    1.642461] tegra-sor 54540000.sor: failed to probe output: -517
[    1.642671] panel-simple panel: panel supply power not found, using dummy regulator
[    1.708456] tegra-xusb 70090000.usb: Firmware timestamp: 2014-09-16 02:10:07 UTC
[    1.708478] tegra-xusb 70090000.usb: xHCI Host Controller
[    1.708502] tegra-xusb 70090000.usb: new USB bus registered, assigned bus number 1
[    1.710557] tegra-xusb 70090000.usb: hcc params 0x0184f525 hci version 0x100 quirks 0x00010010
[    1.710590] tegra-xusb 70090000.usb: irq 344, io mem 0x70090000
[    1.711329] hub 1-0:1.0: USB hub found
[    1.711359] hub 1-0:1.0: 6 ports detected
[    1.711801] tegra-xusb 70090000.usb: xHCI Host Controller
[    1.711811] tegra-xusb 70090000.usb: new USB bus registered, assigned bus number 2
[    1.711869] usb usb2: We don't know the algorithms for LPM for this host, disabling LPM.
[    1.712579] hub 2-0:1.0: USB hub found
[    1.712603] hub 2-0:1.0: 2 ports detected
[    1.713929] sdhci-tegra 700b0000.sdhci: allocated mmc-pwrseq
[    1.722067] mmc1: Unknown controller version (3). You may experience problems.
[    1.722113] mmc1: Invalid maximum block size, assuming 512 bytes
[    1.722659] mmc1: Switching to 3.3V signalling voltage failed
[    1.777808] mmc1: SDHCI controller on 700b0000.sdhci [700b0000.sdhci] using ADMA
[    1.778070] sdhci-tegra 700b0400.sdhci: Got CD GPIO
[    1.778082] sdhci-tegra 700b0400.sdhci: Got WP GPIO
[    1.786760] mmc2: Unknown controller version (3). You may experience problems.
[    1.786816] mmc2: Invalid maximum block size, assuming 512 bytes
[    1.816728] mmc1: new high speed SDIO card at address 0001
[    1.857867] mmc2: SDHCI controller on 700b0400.sdhci [700b0400.sdhci] using ADMA
[    1.865330] input: gpio-keys as /devices/soc0/gpio-keys/input/input3
[    1.867149] as3722-rtc as3722-rtc: setting system clock to 2000-01-01 00:00:23 UTC (946684823)
[    1.867547] +3.3V_AVDD_HDMI_AP_GATED: disabling
[    1.867558] +1.8V_RUN_CAM: disabling
[    1.868731] +1.2V_RUN_CAM_FRONT: disabling
[    1.868900] +1.05V_RUN_CAM_REAR: disabling
[    1.870999] +2.8V_RUN_TOUCH: disabling
[    1.871108] +2.8V_RUN_CAM_AF: disabling
[    1.871218] +1.8V_RUN_VPP_FUSE: disabling
[    1.871337] +VDD_LED: disabling
[    1.871339] +5V_VDD_TS_SW: disabling
[    1.871345] +3.3V_PANEL: disabling
[    1.871349] +1.05V_RUN_AVDD_HDMI_PLL: disabling
[    1.871351] +5V_HDMI_CON: disabling
[    1.871354] ALSA device list:
[    1.871357]   #1: GoogleNyanBig
[    2.009972] mmc2: new high speed SDHC card at address 0007
[    2.010540] mmcblk2: mmc2:0007 SD08G 7.42 GiB 
[    2.020098] GPT:Primary header alternate_lba != Alt. header my_lba
[    2.020102] GPT:3014591 != 15564799
[    2.020103] GPT:Primary header thinks Alt. header is not at the end of the disk.
[    2.020105] GPT:3014591 != 15564799
[    2.020106] GPT: Use GNU Parted to correct GPT errors.
[    2.020132]  mmcblk2: p1 p2 p3 p4 p5 p6 p7 p8 p9 p10 p11 p12
[    2.067448] mmcblk0boot1: mmc0:0001 MMC16G partition 2 2.00 MiB
[    2.073699] mmcblk0rpmb: mmc0:0001 MMC16G partition 3 128 KiB
[    2.083286]  mmcblk0: p1 p2 p3 p4 p5 p6 p7 p8 p9 p10 p11 p12
[    2.097795] usb 1-2: new high-speed USB device number 2 using tegra-xusb
[    2.298438] EXT4-fs (mmcblk0p3): couldn't mount as ext3 due to feature incompatibilities
[    2.298570] input: tegra-hda HDMI/DP,pcm=3 as /devices/soc0/70030000.hda/sound/card0/input4
[    2.410280] uvcvideo: Found UVC 1.00 device HD WebCam (1bcf:2c67)
[    2.425190] input: HD WebCam: HD WebCam as /devices/soc0/70090000.usb/usb1/1-2/1-2:1.0/input/input5
[    2.654709] EXT4-fs (mmcblk0p3): recovery complete
[    2.659527] EXT4-fs (mmcblk0p3): mounted filesystem with ordered data mode. Opts: (null)
[    2.667627] VFS: Mounted root (ext4 filesystem) on device 179:3.
[    2.674860] devtmpfs: mounted
[    2.678290] Freeing unused kernel memory: 1024K
bash: cannot set terminal process group (-1): Inappropriate ioctl for device
bash: no j[    2.767770] usb 1-3: new high-speed USB device number 3 using tegra-xusb
ob control in this shell
root@(none):/# [    3.433499] asix 1-3:1.0 eth0: register 'asix' at usb-70090000.usb-3, ASIX AX88772 USB 2.0 Ethernet, c8:d7:19:90:fa:65
mount -t sysfs none /sys
root@(none):/# 
root@(none):/# [    3.777805] usb 1-1: new high-speed USB device number 4 using tegra-xusb
[    3.955872] usb-storage 1-1:1.0: USB Mass Storage device detected
[    3.962476] scsi host0: usb-storage 1-1:1.0
mount -t debugfs none /sys/kernel/debug
root@(none):/# 
root@(none):/# [    4.999344] scsi 0:0:0:0: Direct-Access     SanDisk  SDDR-113         9412 PQ: 0 ANSI: 0
[    5.172536] sd 0:0:0:0: [sda] 15523840 512-byte logical blocks: (7.95 GB/7.40 GiB)
[    5.181103] sd 0:0:0:0: [sda] Write Protect is off
[    5.185886] sd 0:0:0:0: [sda] Mode Sense: 03 00 00 00
[    5.191943] sd 0:0:0:0: [sda] No Caching mode page found
[    5.197246] sd 0:0:0:0: [sda] Assuming drive cache: write through
[    5.223093]  sda: sda1 sda2 sda3 sda4 sda5 sda6 sda7 sda8 sda9 sda10 sda11 sda12 sda13
[    5.236085] sd 0:0:0:0: [sda] Attached SCSI removable disk
rtcwake -d rtc1 -m mem -s 3
rtcwake: assuming RTC uses UTC ...
rtcwake: wakeup from "mem" using /dev/rtc1 at Thu Jan  1 00:00:28 1970
[    5.598877] PM: Syncing filesystems ... done.
[    5.605031] Freezing user space processes ... (elapsed 0.001 seconds) done.
[    5.613191] OOM killer disabled.
[    5.616411] Freezing remaining freezable tasks ... (elapsed 0.001 seconds) done.
[    5.625029] Suspending console(s) (use no_console_suspend to debug)
[    5.811133] Disabling non-boot CPUs ...
[    5.847982] IRQ352 no longer affine to CPU1
[    5.908079] IRQ353 no longer affine to CPU2
[    5.967881] IRQ17 no longer affine to CPU3
[    5.967987] IRQ354 no longer affine to CPU3
[    5.968558] Entering suspend state LP1
[    5.968558] Suspended for 3.102 seconds
[    5.968581] Enabling non-boot CPUs ...
[    5.969294] CPU1 is up
[    5.969935] CPU2 is up
[    5.970594] CPU3 is up
[    6.028245] mmc1: Switching to 3.3V signalling voltage failed
[    6.605986] OOM killer enabled.
[    6.609130] Restarting tasks ... done.
root@(none):/# 
root@(none):/# rtcwake -d rtc1 -m mem -s 3
rtcwake: assuming RTC uses UTC ...
rtcwake: wakeup from "mem" using /dev/rtc1 at Thu Jan  1 00:00:33 1970
[    7.576052] PM: Syncing filesystems ... done.
[    7.581553] Freezing user space processes ... (elapsed 0.001 seconds) done.
[    7.589715] OOM killer disabled.
[    7.592931] Freezing remaining freezable tasks ... (elapsed 0.001 seconds) done.
[    7.601539] Suspending console(s) (use no_console_suspend to debug)
[    7.790742] Disabling non-boot CPUs ...
[    7.827943] IRQ352 no longer affine to CPU1
[    7.877872] IRQ17 no longer affine to CPU2
[    7.877983] IRQ353 no longer affine to CPU2
[    7.937951] IRQ354 no longer affine to CPU3
[    7.938363] Entering suspend state LP1
[    7.938363] Suspended for 3.030 seconds
[    7.938386] Enabling non-boot CPUs ...
[    7.939126] CPU1 is up
[    7.939778] CPU2 is up
[    7.940436] CPU3 is up
[    7.998592] mmc1: Switching to 3.3V signalling voltage failed
[    8.577289] OOM killer enabled.
[    8.580430] Restarting tasks ... done.
root@(none):/# 
root@(none):/# rtcwake -d rtc1 -m mem -s 3
rtcwake: assuming RTC uses UTC ...
rtcwake: wakeup from "mem" using /dev/rtc1 at Thu Jan  1 00:00:38 1970
[    9.546023] PM: Syncing filesystems ... done.
[    9.551513] Freezing user space processes ... (elapsed 0.001 seconds) done.
[    9.559580] OOM killer disabled.
[    9.562796] Freezing remaining freezable tasks ... (elapsed 0.001 seconds) done.
[    9.571396] Suspending console(s) (use no_console_suspend to debug)
[    9.761049] Disabling non-boot CPUs ...
[    9.797915] IRQ352 no longer affine to CPU1
[    9.857953] IRQ353 no longer affine to CPU2
[    9.918324] Entering suspend state LP1
[    9.918324] Suspended for 3.019 seconds
[    9.918346] Enabling non-boot CPUs ...
[    9.919086] CPU1 is up
[    9.919739] CPU2 is up
[    9.920399] CPU3 is up
[    9.978629] mmc1: Switching to 3.3V signalling voltage failed
[   10.549886] OOM killer enabled.
[   10.553015] Restarting tasks ... done.
root@(none):/# 
root@(none):/# rtcwake -d rtc1 -m mem -s 3
rtcwake: assuming RTC uses UTC ...
rtcwake: wakeup from "mem" using /dev/rtc1 at Thu Jan  1 00:00:43 1970
[   11.526006] PM: Syncing filesystems ... done.
[   11.531511] Freezing user space processes ... (elapsed 0.001 seconds) done.
[   11.539678] OOM killer disabled.
[   11.542894] Freezing remaining freezable tasks ... (elapsed 0.001 seconds) done.
[   11.551506] Suspending console(s) (use no_console_suspend to debug)
[   11.741395] Disabling non-boot CPUs ...
[   11.777827] migrate_irqs: 1 callbacks suppressed
[   11.777829] IRQ17 no longer affine to CPU1
[   11.777887] IRQ352 no longer affine to CPU1
[   11.827926] IRQ353 no longer affine to CPU2
[   11.887891] IRQ354 no longer affine to CPU3
[   11.888294] Entering suspend state LP1
[   11.888294] Suspended for 3.029 seconds
[   11.888317] Enabling non-boot CPUs ...
[   11.889073] CPU1 is up
[   11.889722] CPU2 is up
[   11.890390] CPU3 is up
[   11.948551] mmc1: Switching to 3.3V signalling voltage failed
[   12.158024] usb 1-1: reset high-speed USB device number 4 using tegra-xusb
[   12.538491] OOM killer enabled.
[   12.541620] Restarting tasks ... done.
root@(none):/# 
root@(none):/# rtcwake -d rtc1 -m mem -s 3
rtcwake: assuming RTC uses UTC ...
rtcwake: wakeup from "mem" using /dev/rtc1 at Thu Jan  1 00:00:48 1970
[   13.496874] PM: Syncing filesystems ... done.
[   13.502440] Freezing user space processes ... (elapsed 0.001 seconds) done.
[   13.510608] OOM killer disabled.
[   13.513824] Freezing remaining freezable tasks ... (elapsed 0.001 seconds) done.
[   13.522434] Suspending console(s) (use no_console_suspend to debug)
[   13.711423] Disabling non-boot CPUs ...
[   13.747847] IRQ352 no longer affine to CPU1
[   13.797896] IRQ353 no longer affine to CPU2
[   13.857862] IRQ354 no longer affine to CPU3
[   13.858263] Entering suspend state LP1
[   13.858263] Suspended for 3.029 seconds
[   13.858286] Enabling non-boot CPUs ...
[   13.859028] CPU1 is up
[   13.859684] CPU2 is up
[   13.860345] CPU3 is up
[   13.918508] mmc1: Switching to 3.3V signalling voltage failed
[   14.128016] usb 1-1: reset high-speed USB device number 4 using tegra-xusb
[   14.498736] OOM killer enabled.
[   14.501865] Restarting tasks ... done.
root@(none):/# 
root@(none):/# rtcwake -d rtc1 -m mem -s 3
rtcwake: assuming RTC uses UTC ...
rtcwake: wakeup from "mem" using /dev/rtc1 at Thu Jan  1 00:00:53 1970
[   15.466663] PM: Syncing filesystems ... done.
[   15.472219] Freezing user space processes ... (elapsed 0.001 seconds) done.
[   15.480381] OOM killer disabled.
[   15.483598] Freezing remaining freezable tasks ... (elapsed 0.001 seconds) done.
[   15.492199] Suspending console(s) (use no_console_suspend to debug)
[   15.680877] Disabling non-boot CPUs ...
[   15.717755] IRQ17 no longer affine to CPU1
[   15.717814] IRQ352 no longer affine to CPU1
[   15.767866] IRQ353 no longer affine to CPU2
[   15.828225] Entering suspend state LP1
[   15.828225] Suspended for 3.029 seconds
[   15.828247] Enabling non-boot CPUs ...
[   15.828988] CPU1 is up
[   15.829641] CPU2 is up
[   15.830300] CPU3 is up
[   15.889100] mmc1: Switching to 3.3V signalling voltage failed
[   16.097964] usb 1-1: reset high-speed USB device number 4 using tegra-xusb
[   16.468652] OOM killer enabled.
[   16.471781] Restarting tasks ... done.
root@(none):/# 
root@(none):/# rtcwake -d rtc1 -m mem -s 3
rtcwake: assuming RTC uses UTC ...
rtcwake: wakeup from "mem" using /dev/rtc1 at Thu Jan  1 00:00:58 1970
[   17.435817] PM: Syncing filesystems ... done.
[   17.441324] Freezing user space processes ... (elapsed 0.001 seconds) done.
[   17.449492] OOM killer disabled.
[   17.452708] Freezing remaining freezable tasks ... (elapsed 0.001 seconds) done.
[   17.461321] Suspending console(s) (use no_console_suspend to debug)
[   17.650586] Disabling non-boot CPUs ...
[   17.687786] migrate_irqs: 1 callbacks suppressed
[   17.687789] IRQ352 no longer affine to CPU1
[   17.737719] IRQ17 no longer affine to CPU2
[   17.737831] IRQ353 no longer affine to CPU2
[   17.797799] IRQ354 no longer affine to CPU3
[   17.798221] Entering suspend state LP1
[   17.798221] Suspended for 3.029 seconds
[   17.798243] Enabling non-boot CPUs ...
[   17.799000] CPU1 is up
[   17.799654] CPU2 is up
[   17.800315] CPU3 is up
[   17.858868] mmc1: Switching to 3.3V signalling voltage failed
[   18.067936] usb 1-1: reset high-speed USB device number 4 using tegra-xusb
[   18.449679] OOM killer enabled.
[   18.452808] Restarting tasks ... done.
root@(none):/# 
root@(none):/# rtcwake -d rtc1 -m mem -s 3
rtcwake: assuming RTC uses UTC ...
rtcwake: wakeup from "mem" using /dev/rtc1 at Thu Jan  1 00:01:03 1970
[   19.405878] PM: Syncing filesystems ... done.
[   19.411362] Freezing user space processes ... (elapsed 0.001 seconds) done.
[   19.419529] OOM killer disabled.
[   19.422745] Freezing remaining freezable tasks ... (elapsed 0.001 seconds) done.
[   19.431346] Suspending console(s) (use no_console_suspend to debug)
[   19.620787] Disabling non-boot CPUs ...
[   19.657764] IRQ352 no longer affine to CPU1
[   19.717805] IRQ353 no longer affine to CPU2
[   19.777768] IRQ354 no longer affine to CPU3
[   19.778190] Entering suspend state LP1
[   19.778190] Suspended for 3.019 seconds
[   19.778212] Enabling non-boot CPUs ...
[   19.778953] CPU1 is up
[   19.779606] CPU2 is up
[   19.780275] CPU3 is up
[   19.838557] mmc1: Switching to 3.3V signalling voltage failed
[   20.047906] usb 1-1: reset high-speed USB device number 4 using tegra-xusb
[   20.420469] OOM killer enabled.
[   20.423598] Restarting tasks ... done.
root@(none):/# 
root@(none):/# rtcwake -d rtc1 -m mem -s 3
rtcwake: assuming RTC uses UTC ...
rtcwake: wakeup from "mem" using /dev/rtc1 at Thu Jan  1 00:01:08 1970
[   21.385847] PM: Syncing filesystems ... done.
[   21.391330] Freezing user space processes ... (elapsed 0.001 seconds) done.
[   21.399496] OOM killer disabled.
[   21.402712] Freezing remaining freezable tasks ... (elapsed 0.001 seconds) done.
[   21.411324] Suspending console(s) (use no_console_suspend to debug)
[   21.600938] Disabling non-boot CPUs ...
[   21.637728] IRQ352 no longer affine to CPU1
[   21.687775] IRQ353 no longer affine to CPU2
[   21.747635] IRQ17 no longer affine to CPU3
[   21.748146] Entering suspend state LP1
[   21.748146] Suspended for 3.029 seconds
[   21.748169] Enabling non-boot CPUs ...
[   21.748923] CPU1 is up
[   21.749577] CPU2 is up
[   21.750235] CPU3 is up
[   21.808292] mmc1: Switching to 3.3V signalling voltage failed
[   22.017901] usb 1-1: reset high-speed USB device number 4 using tegra-xusb
[   22.389498] OOM killer enabled.
[   22.392627] Restarting tasks ... done.
root@(none):/# 
root@(none):/# rtcwake -d rtc1 -m mem -s 3
rtcwake: assuming RTC uses UTC ...
rtcwake: wakeup from "mem" using /dev/rtc1 at Thu Jan  1 00:01:13 1970
[   23.356756] PM: Syncing filesystems ... done.
[   23.362415] Freezing user space processes ... (elapsed 0.001 seconds) done.
[   23.370583] OOM killer disabled.
[   23.373799] Freezing remaining freezable tasks ... (elapsed 0.001 seconds) done.
[   23.382410] Suspending console(s) (use no_console_suspend to debug)
[   23.570975] Disabling non-boot CPUs ...
[   23.607645] migrate_irqs: 1 callbacks suppressed
[   23.607648] IRQ17 no longer affine to CPU1
[   23.607704] IRQ352 no longer affine to CPU1
[   23.667748] IRQ353 no longer affine to CPU2
[   23.727709] IRQ354 no longer affine to CPU3
[   23.728116] Entering suspend state LP1
[   23.728116] Suspended for 3.019 seconds
[   23.728138] Enabling non-boot CPUs ...
[   23.728882] CPU1 is up
[   23.729537] CPU2 is up
[   23.730198] CPU3 is up
[   23.788999] mmc1: Switching to 3.3V signalling voltage failed
[   23.997865] usb 1-1: reset high-speed USB device number 4 using tegra-xusb
[   24.379049] OOM killer enabled.
[   24.382178] Restarting tasks ... done.
root@(none):/# 
root@(none):/# NVTB SYSTEM SUSPEND TEST COMPLETE
