
U-Boot SPL 2016.05-rc2 (Apr 21 2016 - 16:23:00)
Trying to boot from RAM


U-Boot 2016.05-rc2 (Apr 21 2016 - 16:23:00 -0700)

TEGRA124
Model: NVIDIA Jetson TK1
Board: NVIDIA Jetson TK1
DRAM:  2 GiB
MC:   Tegra SD/MMC: 0, Tegra SD/MMC: 1
In:    serial
Out:   serial
Err:   serial
Net:   No ethernet found.
Hit any key to stop autoboot:  2  0 
Tegra124 (Jetson TK1) # 
Tegra124 (Jetson TK1) # pci enum
Tegra124 (Jetson TK1) # setenv bootargs 'ignore_loglevel console=ttyS0,115200n8 rw root=PARTUUID=b1791faa-84e8-4e27-83a1-9fb0a77e8803 rootwait gpt debug noinitrd earlyprintk init=/bin/bash'
Tegra124 (Jetson TK1) # setenv ipaddr 192.168.100.102; setenv serverip 192.168.100.1; setenv tftpserverip 192.168.100.1
Tegra124 (Jetson TK1) # tftpboot 0x82000000 zImage.multi_v7_defconfig

Warning: eth_rtl8169 using MAC address from ROM
Using eth_rtl8169 device
TFTP from server 192.168.100.1; our IP address is 192.168.100.102
Filename 'zImage.multi_v7_defconfig'.
Load address: 0x82000000
Loading: *#################################################################
	 #################################################################
	 #################################################################
	 #################################################################
	 #################################################################
	 #################################################################
	 #################################################################
	 #################################################################
	 #################################
	 3.9 MiB/s
done
Bytes transferred = 8106496 (7bb200 hex)
Tegra124 (Jetson TK1) # tftpboot 0x83000000 tegra124-jetson-tk1.dtb
Using eth_rtl8169 device
TFTP from server 192.168.100.1; our IP address is 192.168.100.102
Filename 'tegra124-jetson-tk1.dtb'.
Load address: 0x83000000
Loading: *#####
	 4 MiB/s
done
Bytes transferred = 66544 (103f0 hex)
Tegra124 (Jetson TK1) # bootz 0x82000000 - 0x83000000
Kernel image @ 0x82000000 [ 0x000000 - 0x7bb200 ]
## Flattened Device Tree blob at 83000000
   Booting using the fdt blob at 0x83000000
   Using Device Tree in place at 83000000, end 830133ef

Starting kernel ...

[    0.000000] Booting Linux on physical CPU 0x0
[    0.000000] Linux version 4.15.0-rc7-next-20180115-345625-gb625c1ff8227 (jonathanh@tamien) (gcc version 4.7.3 20130328 (prerelease) (crosstool-NG linaro-1.13.1-4.7-2013.04-20130415 - Linaro GCC 2013.04)) #1 SMP Sun Jan 14 21:48:11 PST 2018
[    0.000000] CPU: ARMv7 Processor [413fc0f3] revision 3 (ARMv7), cr=10c5387d
[    0.000000] CPU: div instructions available: patching division code
[    0.000000] CPU: PIPT / VIPT nonaliasing data cache, PIPT instruction cache
[    0.000000] OF: fdt: Machine model: NVIDIA Tegra124 Jetson TK1
[    0.000000] debug: ignoring loglevel setting.
[    0.000000] Memory policy: Data cache writealloc
[    0.000000] efi: Getting EFI parameters from FDT:
[    0.000000] efi: UEFI not found.
[    0.000000] cma: Reserved 64 MiB at 0xfb800000
[    0.000000] On node 0 totalpages: 524032
[    0.000000]   DMA zone: 1536 pages used for memmap
[    0.000000]   DMA zone: 0 pages reserved
[    0.000000]   DMA zone: 196608 pages, LIFO batch:31
[    0.000000]   HighMem zone: 327424 pages, LIFO batch:31
[    0.000000] random: fast init done
[    0.000000] percpu: Embedded 17 pages/cpu @(ptrval) s39040 r8192 d22400 u69632
[    0.000000] pcpu-alloc: s39040 r8192 d22400 u69632 alloc=17*4096
[    0.000000] pcpu-alloc: [0] 0 [0] 1 [0] 2 [0] 3 
[    0.000000] Built 1 zonelists, mobility grouping on.  Total pages: 522496
[    0.000000] Kernel command line: ignore_loglevel console=ttyS0,115200n8 rw root=PARTUUID=b1791faa-84e8-4e27-83a1-9fb0a77e8803 rootwait gpt debug noinitrd earlyprintk init=/bin/bash
[    0.000000] Dentry cache hash table entries: 131072 (order: 7, 524288 bytes)
[    0.000000] Inode-cache hash table entries: 65536 (order: 6, 262144 bytes)
[    0.000000] Memory: 1992476K/2096128K available (11264K kernel code, 1563K rwdata, 4332K rodata, 2048K init, 405K bss, 38116K reserved, 65536K cma-reserved, 1244160K highmem)
[    0.000000] Virtual kernel memory layout:
[    0.000000]     vector  : 0xffff0000 - 0xffff1000   (   4 kB)
[    0.000000]     fixmap  : 0xffc00000 - 0xfff00000   (3072 kB)
[    0.000000]     vmalloc : 0xf0800000 - 0xff800000   ( 240 MB)
[    0.000000]     lowmem  : 0xc0000000 - 0xf0000000   ( 768 MB)
[    0.000000]     pkmap   : 0xbfe00000 - 0xc0000000   (   2 MB)
[    0.000000]     modules : 0xbf000000 - 0xbfe00000   (  14 MB)
[    0.000000]       .text : 0x(ptrval) - 0x(ptrval)   (12256 kB)
[    0.000000]       .init : 0x(ptrval) - 0x(ptrval)   (2048 kB)
[    0.000000]       .data : 0x(ptrval) - 0x(ptrval)   (1564 kB)
[    0.000000]        .bss : 0x(ptrval) - 0x(ptrval)   ( 406 kB)
[    0.000000] SLUB: HWalign=64, Order=0-3, MinObjects=0, CPUs=4, Nodes=1
[    0.000000] Hierarchical RCU implementation.
[    0.000000] 	RCU event tracing is enabled.
[    0.000000] 	RCU restricting CPUs from NR_CPUS=16 to nr_cpu_ids=4.
[    0.000000] RCU: Adjusting geometry for rcu_fanout_leaf=16, nr_cpu_ids=4
[    0.000000] NR_IRQS: 16, nr_irqs: 16, preallocated irqs: 16
[    0.000000] /interrupt-controller@60004000: 160 interrupts forwarded to /interrupt-controller@50041000
[    0.000000] Tegra clk 127: register failed with -17
[    0.000008] sched_clock: 32 bits at 1000kHz, resolution 1000ns, wraps every 2147483647500ns
[    0.000028] clocksource: timer_us: mask: 0xffffffff max_cycles: 0xffffffff, max_idle_ns: 1911260446275 ns
[    0.000043] Switching to timer-based delay loop, resolution 1000ns
[    0.005062] arch_timer: cp15 timer(s) running at 12.00MHz (virt).
[    0.005081] clocksource: arch_sys_counter: mask: 0xffffffffffffff max_cycles: 0x2c47f4ee7, max_idle_ns: 440795202497 ns
[    0.005101] sched_clock: 56 bits at 12MHz, resolution 83ns, wraps every 4398046511096ns
[    0.005115] Switching to timer-based delay loop, resolution 83ns
[    0.005593] Console: colour dummy device 80x30
[    0.005627] Calibrating delay loop (skipped), value calculated using timer frequency.. 24.00 BogoMIPS (lpj=120000)
[    0.005646] pid_max: default: 32768 minimum: 301
[    0.005760] Mount-cache hash table entries: 2048 (order: 1, 8192 bytes)
[    0.005775] Mountpoint-cache hash table entries: 2048 (order: 1, 8192 bytes)
[    0.006275] CPU: Testing write buffer coherency: ok
[    0.006541] /cpus/cpu@0 missing clock-frequency property
[    0.006586] /cpus/cpu@1 missing clock-frequency property
[    0.006630] /cpus/cpu@2 missing clock-frequency property
[    0.006675] /cpus/cpu@3 missing clock-frequency property
[    0.006689] CPU0: thread -1, cpu 0, socket 0, mpidr 80000000
[    0.006989] Setting up static identity map for 0x80300000 - 0x803000a0
[    0.008918] Hierarchical SRCU implementation.
[    0.010604] brcmstb: biuctrl: missing BIU control node
[    0.010615] brcmstb: biuctrl: MCP: Unable to disable write pairing!
[    0.011849] Tegra Revision: A01 SKU: 129 CPU Process: 1 SoC Process: 1
[    0.012670] EFI services will not be available.
[    0.012834] smp: Bringing up secondary CPUs ...
[    0.013396] CPU1: thread -1, cpu 1, socket 0, mpidr 80000001
[    0.015580] CPU2: thread -1, cpu 2, socket 0, mpidr 80000002
[    0.025601] CPU3: thread -1, cpu 3, socket 0, mpidr 80000003
[    0.035061] smp: Brought up 1 node, 4 CPUs
[    0.035082] SMP: Total of 4 processors activated (96.00 BogoMIPS).
[    0.035091] CPU: All CPU(s) started in SVC mode.
[    0.036631] devtmpfs: initialized
[    0.051520] Built 1 zonelists, mobility grouping on.  Total pages: 514503
[    0.051883] VFP support v0.3: implementor 41 architecture 4 part 30 variant f rev 0
[    0.052305] clocksource: jiffies: mask: 0xffffffff max_cycles: 0xffffffff, max_idle_ns: 19112604462750000 ns
[    0.052326] futex hash table entries: 1024 (order: 4, 65536 bytes)
[    0.052509] pinctrl core: initialized pinctrl subsystem
[    0.053978] DMI not present or invalid.
[    0.054229] NET: Registered protocol family 16
[    0.056275] DMA: preallocated 256 KiB pool for atomic coherent allocations
[    0.058727] cpuidle: using governor menu
[    0.083720] No ATAGs?
[    0.083847] hw-breakpoint: found 5 (+1 reserved) breakpoint and 4 watchpoint registers.
[    0.083862] hw-breakpoint: maximum watchpoint size is 8 bytes.
[    0.090588] Serial: AMBA PL011 UART driver
[    0.092045] iommu: Adding device 50000000.host1x to group 0
[    0.092120] iommu: Adding device 54200000.dc to group 1
[    0.092180] iommu: Adding device 54240000.dc to group 1
[    0.092254] iommu: Adding device 57000000.gpu to group 2
[    0.107226] AT91: Could not find identification node
[    0.107786] +5V_SYS: supplied by +VDD_MUX
[    0.108073] +3.3V_SYS: supplied by +VDD_MUX
[    0.108698] +USB0_VBUS_SW: Failed to request enable GPIO108: -517
[    0.108714] reg-fixed-voltage regulators:regulator@7: Failed to register regulator: -517
[    0.108817] +5V_USB_HS: Failed to request enable GPIO109: -517
[    0.108831] reg-fixed-voltage regulators:regulator@8: Failed to register regulator: -517
[    0.109018] +1.05V_RUN_AVDD_HDMI_PLL: Failed to request enable GPIO63: -517
[    0.109033] reg-fixed-voltage regulators:regulator@11: Failed to register regulator: -517
[    0.109131] +5V_HDMI_CON: Failed to request enable GPIO86: -517
[    0.109145] reg-fixed-voltage regulators:regulator@12: Failed to register regulator: -517
[    0.109243] +5V_SATA: Failed to request enable GPIO242: -517
[    0.109256] reg-fixed-voltage regulators:regulator@13: Failed to register regulator: -517
[    0.109355] +12V_SATA: Failed to request enable GPIO242: -517
[    0.109368] reg-fixed-voltage regulators:regulator@14: Failed to register regulator: -517
[    0.112364] vgaarb: loaded
[    0.113099] SCSI subsystem initialized
[    0.113279] libata version 3.00 loaded.
[    0.113470] usbcore: registered new interface driver usbfs
[    0.113525] usbcore: registered new interface driver hub
[    0.113584] usbcore: registered new device driver usb
[    0.117062] pps_core: LinuxPPS API ver. 1 registered
[    0.117073] pps_core: Software ver. 5.3.6 - Copyright 2005-2007 Rodolfo Giometti <giometti@linux.it>
[    0.117095] PTP clock support registered
[    0.117288] EDAC MC: Ver: 3.0.0
[    0.120293] clocksource: Switched to clocksource arch_sys_counter
[    0.171149] NET: Registered protocol family 2
[    0.171651] tcp_listen_portaddr_hash hash table entries: 512 (order: 0, 6144 bytes)
[    0.171683] TCP established hash table entries: 8192 (order: 3, 32768 bytes)
[    0.171783] TCP bind hash table entries: 8192 (order: 4, 65536 bytes)
[    0.171970] TCP: Hash tables configured (established 8192 bind 8192)
[    0.172055] UDP hash table entries: 512 (order: 2, 16384 bytes)
[    0.172100] UDP-Lite hash table entries: 512 (order: 2, 16384 bytes)
[    0.172249] NET: Registered protocol family 1
[    0.172592] RPC: Registered named UNIX socket transport module.
[    0.172603] RPC: Registered udp transport module.
[    0.172612] RPC: Registered tcp transport module.
[    0.172620] RPC: Registered tcp NFSv4.1 backchannel transport module.
[    0.172633] PCI: CLS 0 bytes, default 64
[    0.174111] hw perfevents: enabled with armv7_cortex_a15 PMU driver, 7 counters available
[    0.175637] Initialise system trusted keyrings
[    0.175771] workingset: timestamp_bits=30 max_order=19 bucket_order=0
[    0.182454] squashfs: version 4.0 (2009/01/31) Phillip Lougher
[    0.183026] NFS: Registering the id_resolver key type
[    0.183052] Key type id_resolver registered
[    0.183062] Key type id_legacy registered
[    0.183106] ntfs: driver 2.1.32 [Flags: R/O].
[    0.184602] Key type asymmetric registered
[    0.184613] Asymmetric key parser 'x509' registered
[    0.184665] bounce: pool size: 64 pages
[    0.184714] Block layer SCSI generic (bsg) driver version 0.4 loaded (major 246)
[    0.184726] io scheduler noop registered
[    0.184736] io scheduler deadline registered
[    0.184957] io scheduler cfq registered (default)
[    0.184968] io scheduler mq-deadline registered
[    0.184978] io scheduler kyber registered
[    0.189069]  usb2-0: usb2-0 supply vbus not found, using dummy regulator
[    0.189174]  usb2-1: usb2-1 supply vbus not found, using dummy regulator
[    0.189552] tegra-xusb-padctl 7009f000.padctl: failed to setup XUSB ports: -517
[    0.208918] tegra-pcie 1003000.pcie: 2x1, 1x1 configuration
[    0.208973] tegra-pcie 1003000.pcie: Failed to get supply 'avddio-pex': -517
[    0.215811] tegra124-dfll 70110000.clock: couldn't get vdd_cpu regulator
[    0.222357] tegra-apbdma 60020000.dma: Tegra20 APB DMA driver register 32 channels
[    0.225769] tegra-pmc 7000e400.pmc: emergency thermal reset enabled
[    0.275125] Serial: 8250/16550 driver, 4 ports, IRQ sharing disabled
[    0.277711] console [ttyS0] disabled
[    0.277753] 70006300.serial: ttyS0 at MMIO 0x70006300 (irq = 335, base_baud = 25500000) is a Tegra
[    1.226633] console [ttyS0] enabled
[    1.231051] SuperH (H)SCI(F) driver initialized
[    1.236690] msm_serial: driver initialized
[    1.240997] STMicroelectronics ASC driver initialized
[    1.246720] 70006000.serial: ttyTHS1 at MMIO 0x70006000 (irq = 333, base_baud = 0) is a TEGRA_UART
[    1.255986] 70006040.serial: ttyTHS2 at MMIO 0x70006040 (irq = 334, base_baud = 0) is a TEGRA_UART
[    1.270612] Failed to attached device 54200000.dc to IOMMU_mapping
[    1.285011] Failed to attached device 54240000.dc to IOMMU_mapping
[    1.299921] tegra-hdmi 54280000.hdmi: failed to get HDMI regulator
[    1.317085] brd: module loaded
[    1.326478] loop: module loaded
[    1.330850] at24 0-0056: 256 byte 24c02 EEPROM, writable, 8 bytes/write
[    1.339158] as3722 4-0040: AS3722 with revision 0x1 found
[    1.350876] as3722-sd2: supplied by +5V_SYS
[    1.355470] as3722-sd3: supplied by +5V_SYS
[    1.359875] +1.35V_LP0(sd3): Bringing 0uV into 1350000-1350000uV
[    1.366209] as3722-sd4: supplied by +5V_SYS
[    1.370823] as3722-sd5: supplied by +5V_SYS
[    1.376769] as3722-ldo0: supplied by +1.35V_LP0(sd2)
[    1.382781] +1.8V_RUN_CAM: Bringing 0uV into 1800000-1800000uV
[    1.388954] as3722-ldo2: supplied by +1.8V_VDDIO
[    1.394848] as3722-ldo3: supplied by +3.3V_SYS
[    1.399325] +1.05V_LP0_VDD_RTC: Bringing 1100000uV into 1000000-1000000uV
[    1.407089] as3722-ldo4: supplied by +3.3V_SYS
[    1.411765] +2.8V_RUN_CAM: Bringing 0uV into 2800000-2800000uV
[    1.417953] as3722-ldo5: supplied by +1.8V_VDDIO
[    1.422809] +1.2V_RUN_CAM_FRONT: Bringing 0uV into 1200000-1200000uV
[    1.429693] +VDDIO_SDMMC3: bypassed regulator has no supply!
[    1.435367] +VDDIO_SDMMC3: failed to get the current voltage(-517)
[    1.441561] as3722-regulator as3722-regulator: regulator 13 register failed -517
[    1.454154] tegra-ahci 70027000.sata: couldn't get PHY in node sata: -517
[    1.476468] m25p80 spi1.0: w25q32dw (4096 Kbytes)
[    1.483906] libphy: Fixed MDIO Bus: probed
[    1.488925] CAN device driver interface
[    1.493730] bgmac_bcma: Broadcom 47xx GBit MAC driver loaded
[    1.500826] e1000e: Intel(R) PRO/1000 Network Driver - 3.2.6-k
[    1.506650] e1000e: Copyright(c) 1999 - 2015 Intel Corporation.
[    1.512683] igb: Intel(R) Gigabit Ethernet Network Driver - version 5.4.0-k
[    1.519634] igb: Copyright (c) 2007-2014 Intel Corporation.
[    1.529269] pegasus: v0.9.3 (2013/04/25), Pegasus/Pegasus II USB Ethernet driver
[    1.536716] usbcore: registered new interface driver pegasus
[    1.542420] usbcore: registered new interface driver asix
[    1.547839] usbcore: registered new interface driver ax88179_178a
[    1.553969] usbcore: registered new interface driver cdc_ether
[    1.559831] usbcore: registered new interface driver smsc75xx
[    1.565628] usbcore: registered new interface driver smsc95xx
[    1.571411] usbcore: registered new interface driver net1080
[    1.577090] usbcore: registered new interface driver cdc_subset
[    1.583041] usbcore: registered new interface driver zaurus
[    1.588653] usbcore: registered new interface driver cdc_ncm
[    1.594561] tegra-phy 7d000000.usb-phy: no vbus regulator
[    1.600150] tegra-phy 7d004000.usb-phy: no vbus regulator
[    1.607636] ehci_hcd: USB 2.0 'Enhanced' Host Controller (EHCI) Driver
[    1.614176] ehci-pci: EHCI PCI platform driver
[    1.618646] ehci-platform: EHCI generic platform driver
[    1.624096] ehci-orion: EHCI orion driver
[    1.628266] SPEAr-ehci: EHCI SPEAr driver
[    1.632431] ehci-st: EHCI STMicroelectronics driver
[    1.637443] ehci-exynos: EHCI EXYNOS driver
[    1.641801] ehci-atmel: EHCI Atmel driver
[    1.645943] tegra-ehci: Tegra EHCI driver
[    1.652798] tegra-ehci 7d004000.usb: EHCI Host Controller
[    1.658212] tegra-ehci 7d004000.usb: new USB bus registered, assigned bus number 1
[    1.665954] tegra-ehci 7d004000.usb: irq 356, io mem 0x7d004000
[    1.700319] tegra-ehci 7d004000.usb: USB 2.0 started, EHCI 1.10
[    1.706892] hub 1-0:1.0: USB hub found
[    1.710694] hub 1-0:1.0: 1 port detected
[    1.715177] ohci_hcd: USB 1.1 'Open' Host Controller (OHCI) Driver
[    1.721378] ohci-pci: OHCI PCI platform driver
[    1.725850] ohci-platform: OHCI generic platform driver
[    1.731291] SPEAr-ohci: OHCI SPEAr driver
[    1.735440] ohci-st: OHCI STMicroelectronics driver
[    1.740467] ohci-atmel: OHCI Atmel driver
[    1.745270] usbcore: registered new interface driver usb-storage
[    1.760142] as3722-rtc as3722-rtc: rtc core: registered as3722-rtc as rtc0
[    1.767043] as3722-rtc as3722-rtc: RTC interrupt 379
[    1.775428] tegra_rtc 7000e000.rtc: rtc core: registered 7000e000.rtc as rtc1
[    1.782626] tegra_rtc 7000e000.rtc: Tegra internal Real Time Clock
[    1.789360] i2c /dev entries driver
[    1.800015] lm90 0-004c: 0-004c supply vcc not found, using dummy regulator
[    1.817695] sdhci: Secure Digital Host Controller Interface driver
[    1.823894] sdhci: Copyright(c) Pierre Ossman
[    1.830032] Synopsys Designware Multimedia Card Interface Driver
[    1.837610] sdhci-pltfm: SDHCI platform and OF driver helper
[    1.844099] sdhci-tegra 700b0400.sdhci: Got CD GPIO
[    1.848990] sdhci-tegra 700b0400.sdhci: Got WP GPIO
[    1.870257] mmc0: Unknown controller version (3). You may experience problems.
[    1.877534] mmc0: Invalid maximum block size, assuming 512 bytes
[    1.914500] mmc0: SDHCI controller on 700b0600.sdhci [700b0600.sdhci] using ADMA
[    1.924132] ledtrig-cpu: registered to indicate activity on CPUs
[    1.930519] usbcore: registered new interface driver usbhid
[    1.936083] usbhid: USB HID core driver
[    1.944132] NET: Registered protocol family 10
[    1.949463] Segment Routing with IPv6
[    1.953223] sit: IPv6, IPv4 and MPLS over IPv4 tunneling driver
[    1.959638] NET: Registered protocol family 17
[    1.964116] can: controller area network core (rev 20170425 abi 9)
[    1.970361] NET: Registered protocol family 29
[    1.974800] can: raw protocol (rev 20170425)
[    1.979063] can: broadcast manager protocol (rev 20170425 t)
[    1.984738] can: netlink gateway (rev 20170425) max_hops=1
[    1.990528] Key type dns_resolver registered
[    1.995302] ThumbEE CPU extension supported.
[    1.999573] Registering SWP/SWPB emulation handler
[    2.004898] Loading compiled-in X.509 certificates
[    2.024515] +3.3V_RUN: supplied by +3.3V_SYS
[    2.029730] +USB0_VBUS_SW: supplied by +5V_SYS
[    2.034508] +3.3V_AVDD_HDMI_AP_GATED: supplied by +3.3V_RUN
[    2.040662] +5V_USB_HS: supplied by +5V_SYS
[    2.046775] +3.3V_LP0: supplied by +3.3V_SYS
[    2.047872] mmc0: new high speed MMC card at address 0001
[    2.048565] mmcblk0: mmc0:0001 SEM16G 14.7 GiB 
[    2.048984] mmcblk0boot0: mmc0:0001 SEM16G partition 1 4.00 MiB
[    2.049410] mmcblk0boot1: mmc0:0001 SEM16G partition 2 4.00 MiB
[    2.051369] mmcblk0rpmb: mmc0:0001 SEM16G partition 3 4.00 MiB, chardev (236:0)
[    2.053808]  mmcblk0: p1
[    2.084671] +5V_HDMI_CON: supplied by +5V_SYS
[    2.089535] +5V_SATA: supplied by +5V_SYS
[    2.094250] +12V_SATA: supplied by +VDD_MUX
[    2.099752]  usb2-0: usb2-0 supply vbus not found, using dummy regulator
[    2.106618]  usb2-1: usb2-1 supply vbus not found, using dummy regulator
[    2.113663]  usb3-0: usb3-0 supply vbus not found, using dummy regulator
[    2.121655] tegra-pcie 1003000.pcie: 2x1, 1x1 configuration
[    2.127271] tegra-pcie 1003000.pcie: Failed to get supply 'avddio-pex': -517
[    2.137052] tegra124-dfll 70110000.clock: couldn't get vdd_cpu regulator
[    2.146786] tegra-hdmi 54280000.hdmi: failed to get PLL regulator
[    2.157744] as3722-sd2: supplied by +5V_SYS
[    2.162302] as3722-sd3: supplied by +5V_SYS
[    2.166714] as3722-sd4: supplied by +5V_SYS
[    2.171244] as3722-sd5: supplied by +5V_SYS
[    2.177103] as3722-ldo0: supplied by +1.35V_LP0(sd2)
[    2.182931] as3722-ldo1: supplied by +3.3V_RUN
[    2.187688] as3722-ldo2: supplied by +1.8V_VDDIO
[    2.193394] as3722-ldo3: supplied by +3.3V_SYS
[    2.198678] as3722-ldo4: supplied by +3.3V_SYS
[    2.203481] as3722-ldo5: supplied by +1.8V_VDDIO
[    2.208343] as3722-ldo6: supplied by +3.3V_RUN
[    2.213035] as3722-ldo7: supplied by +1.8V_VDDIO
[    2.218433] +1.05V_RUN_CAM_REAR: Bringing 0uV into 1050000-1050000uV
[    2.225612] as3722-ldo9: supplied by +5V_SYS
[    2.231211] +3.3V_RUN_TOUCH: Bringing 0uV into 2800000-2800000uV
[    2.237760] as3722-ldo10: supplied by +5V_SYS
[    2.242726] +2.8V_RUN_CAM_AF: Bringing 0uV into 2800000-2800000uV
[    2.249527] as3722-ldo11: supplied by +3.3V_RUN
[    2.254877] +1.8V_RUN_VPP_FUSE: Bringing 0uV into 1800000-1800000uV
[    2.264914] tegra-ahci 70027000.sata: AHCI 0001.0301 32 slots 2 ports 3 Gbps 0x1 impl platform mode
[    2.273988] tegra-ahci 70027000.sata: flags: 64bit ncq sntf pm led pio slum part sadm sds apst 
[    2.284419] scsi host0: tegra-ahci
[    2.289037] scsi host1: tegra-ahci
[    2.292734] ata1: SATA max UDMA/133 mmio [mem 0x70027000-0x70028fff] port 0x100 irq 345
[    2.300772] ata2: DUMMY
[    2.306424] tegra-ehci 7d008000.usb: EHCI Host Controller
[    2.311865] tegra-ehci 7d008000.usb: new USB bus registered, assigned bus number 2
[    2.319625] tegra-ehci 7d008000.usb: irq 357, io mem 0x7d008000
[    2.350413] tegra-ehci 7d008000.usb: USB 2.0 started, EHCI 1.10
[    2.357355] hub 2-0:1.0: USB hub found
[    2.361208] hub 2-0:1.0: 1 port detected
[    2.367691] sdhci-tegra 700b0400.sdhci: Got CD GPIO
[    2.372645] sdhci-tegra 700b0400.sdhci: Got WP GPIO
[    2.384520] mmc1: Unknown controller version (3). You may experience problems.
[    2.391867] mmc1: Invalid maximum block size, assuming 512 bytes
[    2.429896] mmc1: SDHCI controller on 700b0400.sdhci [700b0400.sdhci] using ADMA
[    2.438136] tegra-pcie 1003000.pcie: 2x1, 1x1 configuration
[    2.445813] tegra-pcie 1003000.pcie: probing port 0, using 2 lanes
[    2.453511] tegra-pcie 1003000.pcie: Slot present pin change, signature: 00000008
[    2.479346] tegra-pcie 1003000.pcie: probing port 1, using 1 lanes
[    2.487691] tegra-pcie 1003000.pcie: Slot present pin change, signature: 00000000
[    2.502518] tegra-pcie 1003000.pcie: PCI host bridge to bus 0000:00
[    2.508785] pci_bus 0000:00: root bus resource [io  0x0000-0xffff]
[    2.515004] pci_bus 0000:00: root bus resource [mem 0x13000000-0x1fffffff]
[    2.521891] pci_bus 0000:00: root bus resource [mem 0x20000000-0x3fffffff pref]
[    2.529204] pci_bus 0000:00: root bus resource [bus 00-ff]
[    2.534770] pci 0000:00:01.0: [10de:0e12] type 01 class 0x060400
[    2.540829] pci_bus 0000:00: 2-byte config write to 0000:00:01.0 offset 0x4 may corrupt adjacent RW1C bits
[    2.550528] pci_bus 0000:00: 2-byte config write to 0000:00:01.0 offset 0x4 may corrupt adjacent RW1C bits
[    2.560212] pci 0000:00:01.0: enabling Extended Tags
[    2.565217] pci_bus 0000:00: 2-byte config write to 0000:00:01.0 offset 0x88 may corrupt adjacent RW1C bits
[    2.575025] pci_bus 0000:00: 2-byte config write to 0000:00:01.0 offset 0x52 may corrupt adjacent RW1C bits
[    2.584834] pci 0000:00:01.0: PME# supported from D0 D1 D2 D3hot D3cold
[    2.591494] pci_bus 0000:00: 2-byte config write to 0000:00:01.0 offset 0x4c may corrupt adjacent RW1C bits
[    2.601535] pci 0000:00:02.0: [10de:0e13] type 01 class 0x060400
[    2.607561] pci_bus 0000:00: 2-byte config write to 0000:00:02.0 offset 0x4 may corrupt adjacent RW1C bits
[    2.617256] pci_bus 0000:00: 2-byte config write to 0000:00:02.0 offset 0x4 may corrupt adjacent RW1C bits
[    2.626970] pci 0000:00:02.0: enabling Extended Tags
[    2.631984] pci_bus 0000:00: 2-byte config write to 0000:00:02.0 offset 0x88 may corrupt adjacent RW1C bits
[    2.641790] pci_bus 0000:00: 2-byte config write to 0000:00:02.0 offset 0x52 may corrupt adjacent RW1C bits
[    2.644079] ata1: SATA link down (SStatus 0 SControl 300)
[    2.656993] pci 0000:00:02.0: PME# supported from D0 D1 D2 D3hot D3cold
[    2.663622] pci_bus 0000:00: 2-byte config write to 0000:00:02.0 offset 0x4c may corrupt adjacent RW1C bits
[    2.673613] PCI: bus0: Fast back to back transfers disabled
[    2.679184] pci 0000:00:01.0: bridge configuration invalid ([bus 00-00]), reconfiguring
[    2.687214] pci 0000:00:02.0: bridge configuration invalid ([bus 00-00]), reconfiguring
[    2.695462] pci 0000:01:00.0: [8086:4232] type 00 class 0x028000
[    2.701555] pci 0000:01:00.0: reg 0x10: [mem 0x00000000-0x00001fff 64bit]
[    2.708562] pci 0000:01:00.0: PME# supported from D0 D3hot D3cold
[    2.729726] mmc1: new high speed SDHC card at address aaaa
[    2.735873] mmcblk1: mmc1:aaaa SD04G 3.69 GiB 
[    2.740597] PCI: bus1: Fast back to back transfers disabled
[    2.746193] pci_bus 0000:01: busn_res: [bus 01-ff] end is updated to 01
[    2.753061] pci 0000:02:00.0: [10ec:8168] type 00 class 0x020000
[    2.759121] pci 0000:02:00.0: reg 0x10: [io  0x0000-0x00ff]
[    2.764786] pci 0000:02:00.0: reg 0x18: [mem 0x00000000-0x00000fff 64bit]
[    2.771643] pci 0000:02:00.0: reg 0x20: [mem 0x00000000-0x00003fff 64bit pref]
[    2.779032] pci 0000:02:00.0: supports D1 D2
[    2.783317] pci 0000:02:00.0: PME# supported from D0 D1 D2 D3hot D3cold
[    2.801674]  mmcblk1: p1 p2 p3
[    2.810464] PCI: bus2: Fast back to back transfers disabled
[    2.816053] pci_bus 0000:02: busn_res: [bus 02-ff] end is updated to 02
[    2.822753] pci 0000:00:01.0: BAR 8: assigned [mem 0x13000000-0x130fffff]
[    2.829535] pci 0000:00:02.0: BAR 8: assigned [mem 0x13100000-0x131fffff]
[    2.836361] pci 0000:00:02.0: BAR 9: assigned [mem 0x20000000-0x200fffff 64bit pref]
[    2.844117] pci 0000:00:02.0: BAR 7: assigned [io  0x1000-0x1fff]
[    2.850212] pci 0000:01:00.0: BAR 0: assigned [mem 0x13000000-0x13001fff 64bit]
[    2.857580] pci 0000:00:01.0: PCI bridge to [bus 01]
[    2.862566] pci 0000:00:01.0:   bridge window [mem 0x13000000-0x130fffff]
[    2.869362] pci 0000:02:00.0: BAR 4: assigned [mem 0x20000000-0x20003fff 64bit pref]
[    2.877158] pci 0000:02:00.0: BAR 2: assigned [mem 0x13100000-0x13100fff 64bit]
[    2.884500] pci 0000:02:00.0: BAR 0: assigned [io  0x1000-0x10ff]
[    2.890612] pci 0000:00:02.0: PCI bridge to [bus 02]
[    2.895581] pci 0000:00:02.0:   bridge window [io  0x1000-0x1fff]
[    2.901709] pci 0000:00:02.0:   bridge window [mem 0x13100000-0x131fffff]
[    2.908490] pci 0000:00:02.0:   bridge window [mem 0x20000000-0x200fffff 64bit pref]
[    2.916296] pci 0000:00:01.0: nv_msi_ht_cap_quirk didn't locate host bridge
[    2.923413] pcieport 0000:00:01.0: enabling device (0140 -> 0142)
[    2.929737] pcieport 0000:00:01.0: Signaling PME with IRQ 395
[    2.935686] pci 0000:00:02.0: nv_msi_ht_cap_quirk didn't locate host bridge
[    2.942788] pcieport 0000:00:02.0: enabling device (0140 -> 0143)
[    2.949114] pcieport 0000:00:02.0: Signaling PME with IRQ 396
[    2.955296] r8169 Gigabit Ethernet driver 2.3LK-NAPI loaded
[    2.960914] r8169 0000:02:00.0: enabling device (0140 -> 0143)
[    2.991923] r8169 0000:02:00.0 eth0: RTL8168g/8111g at 0x15ab662c, 00:04:4b:3a:d9:81, XID 0c000800 IRQ 397
[    3.001614] r8169 0000:02:00.0 eth0: jumbo features [frames: 9200 bytes, tx checksumming: ko]
[    3.014156] +1.05V_RUN_AVDD_HDMI_PLL: supplied by +1.05V_RUN
[    3.022520] [drm] Supports vblank timestamp caching Rev 2 (21.10.2013).
[    3.029133] [drm] No driver support for vblank timestamp query.
[    3.165242] tegra-hdmi 54280000.hdmi: cannot set audio to 48000 Hz at 297000000 Hz pixel clock
[    3.329711] Console: switching to colour frame buffer device 512x135
[    3.428379] drm drm: fb0:  frame buffer device
[    3.432970] [drm] Initialized tegra 0.0.0 20120330 for drm on minor 0
[    3.440972] cpufreq: cpufreq_online: CPU0: Running at unlisted freq: 696000 KHz
[    3.448295] cpufreq: cpufreq_online: CPU0: Unlisted initial frequency changed to: 714000 KHz
[    3.457578] input: gpio-keys as /devices/soc0/gpio-keys/input/input0
[    3.464904] as3722-rtc as3722-rtc: setting system clock to 2000-01-01 00:02:30 UTC (946684950)
[    3.473878] +USB0_VBUS_SW: disabling
[    3.477456] +1.8V_RUN_CAM: disabling
[    3.481265] +2.8V_RUN_CAM: disabling
[    3.485039] +1.2V_RUN_CAM_FRONT: disabling
[    3.489287] +1.05V_RUN_CAM_REAR: disabling
[    3.493612] +3.3V_RUN_TOUCH: disabling
[    3.497512] +2.8V_RUN_CAM_AF: disabling
[    3.501521] +1.8V_RUN_VPP_FUSE: disabling
[    3.506560] EXT4-fs (mmcblk0p1): mounting ext3 file system using the ext4 subsystem
[    3.527859] EXT4-fs (mmcblk0p1): recovery complete
[    3.532691] EXT4-fs (mmcblk0p1): mounted filesystem with ordered data mode. Opts: (null)
[    3.540829] VFS: Mounted root (ext3 filesystem) on device 179:1.
[    3.551193] devtmpfs: mounted
[    3.554852] Freeing unused kernel memory: 2048K
bash: cannot set terminal process group (-1): Inappropriate ioctl for device
bash: no job control in this shell
root@(none):/# mount -t sysfs none /sys
root@(none):/# 
root@(none):/# mount -t debugfs none /sys/kernel/debug
root@(none):/# 
root@(none):/# rtcwake -d rtc1 -m mem -s 3
rtcwake: assuming RTC uses UTC ...
rtcwake: wakeup from "mem" using /dev/rtc1 at Thu Jan  1 00:00:20 1970
[    6.404087] PM: suspend entry (deep)
[    6.407673] PM: Syncing filesystems ... done.
[    6.490655] Freezing user space processes ... (elapsed 0.001 seconds) done.
[    6.498847] OOM killer disabled.
[    6.502098] Freezing remaining freezable tasks ... (elapsed 0.001 seconds) done.
[    6.510705] Suspending console(s) (use no_console_suspend to debug)
[    6.691204] Disabling non-boot CPUs ...
[    6.850408] IRQ17 no longer affine to CPU3
[    6.850877] Entering suspend state LP1
[    6.850889] Enabling non-boot CPUs ...
[    6.851229] CPU1 is up
[    6.851524] CPU2 is up
[    6.851845] CPU3 is up
[    6.852619] pcieport 0000:00:01.0: nv_msi_ht_cap_quirk didn't locate host bridge
[    6.852684] pcieport 0000:00:02.0: nv_msi_ht_cap_quirk didn't locate host bridge
[    6.930687] tegra-hdmi 54280000.hdmi: cannot set audio to 48000 Hz at 297000000 Hz pixel clock
[    7.091542] OOM killer enabled.
[    7.094671] Restarting tasks ... done.
[    7.187061] PM: suspend exit
root@(none):/# 
root@(none):/# [    7.234924] ata1: SATA link down (SStatus 0 SControl 300)
rtcwake -d rtc1 -m mem -s 3
rtcwake: assuming RTC uses UTC ...
rtcwake: wakeup from "mem" using /dev/rtc1 at Thu Jan  1 00:00:24 1970
[    7.476252] PM: suspend entry (deep)
[    7.479845] PM: Syncing filesystems ... done.
[    7.575069] Freezing user space processes ... (elapsed 0.001 seconds) done.
[    7.583296] OOM killer disabled.
[    7.586522] Freezing remaining freezable tasks ... (elapsed 0.001 seconds) done.
[    7.595174] Suspending console(s) (use no_console_suspend to debug)
[    7.641483] pci_generic_config_write32: 80 callbacks suppressed
[    7.641490] pci_bus 0000:00: 2-byte config write to 0000:00:02.0 offset 0x9c may corrupt adjacent RW1C bits
[    7.641507] pci_bus 0000:00: 2-byte config write to 0000:00:01.0 offset 0x9c may corrupt adjacent RW1C bits
[    7.781221] Disabling non-boot CPUs ...
[    7.880407] IRQ17 no longer affine to CPU2
[    7.940857] Entering suspend state LP1
[    7.940869] Enabling non-boot CPUs ...
[    7.941211] CPU1 is up
[    7.941502] CPU2 is up
[    7.941825] CPU3 is up
[    7.942482] pci_bus 0000:00: 2-byte config write to 0000:00:01.0 offset 0x4c may corrupt adjacent RW1C bits
[    7.942490] pci_bus 0000:00: 2-byte config write to 0000:00:02.0 offset 0x4c may corrupt adjacent RW1C bits
[    7.942498] pci_bus 0000:00: 2-byte config write to 0000:00:01.0 offset 0x88 may corrupt adjacent RW1C bits
[    7.942503] pci_bus 0000:00: 2-byte config write to 0000:00:01.0 offset 0x90 may corrupt adjacent RW1C bits
[    7.942508] pci_bus 0000:00: 2-byte config write to 0000:00:02.0 offset 0x88 may corrupt adjacent RW1C bits
[    7.942512] pci_bus 0000:00: 2-byte config write to 0000:00:01.0 offset 0x98 may corrupt adjacent RW1C bits
[    7.942517] pci_bus 0000:00: 2-byte config write to 0000:00:02.0 offset 0x90 may corrupt adjacent RW1C bits
[    7.942521] pci_bus 0000:00: 2-byte config write to 0000:00:01.0 offset 0x9c may corrupt adjacent RW1C bits
[    7.942616] pcieport 0000:00:02.0: nv_msi_ht_cap_quirk didn't locate host bridge
[    7.942617] pcieport 0000:00:01.0: nv_msi_ht_cap_quirk didn't locate host bridge
[    8.010673] tegra-hdmi 54280000.hdmi: cannot set audio to 48000 Hz at 297000000 Hz pixel clock
[    8.274118] OOM killer enabled.
[    8.277254] Restarting tasks ... done.
[    8.313103] ata1: SATA link down (SStatus 0 SControl 300)
[    8.396296] PM: suspend exit
root@(none):/# 
root@(none):/# rtcwake -d rtc1 -m mem -s 3
rtcwake: assuming RTC uses UTC ...
rtcwake: wakeup from "mem" using /dev/rtc1 at Thu Jan  1 00:00:29 1970
[    9.564328] PM: suspend entry (deep)
[    9.567920] PM: Syncing filesystems ... done.
[    9.675005] Freezing user space processes ... (elapsed 0.001 seconds) done.
[    9.683278] OOM killer disabled.
[    9.686509] Freezing remaining freezable tasks ... (elapsed 0.001 seconds) done.
[    9.695177] Suspending console(s) (use no_console_suspend to debug)
[    9.861115] Disabling non-boot CPUs ...
[    9.910386] IRQ17 no longer affine to CPU1
[   10.010807] Entering suspend state LP1
[   10.010819] Enabling non-boot CPUs ...
[   10.011165] CPU1 is up
[   10.011456] CPU2 is up
[   10.011776] CPU3 is up
[   10.012536] pcieport 0000:00:01.0: nv_msi_ht_cap_quirk didn't locate host bridge
[   10.012538] pcieport 0000:00:02.0: nv_msi_ht_cap_quirk didn't locate host bridge
[   10.090669] tegra-hdmi 54280000.hdmi: cannot set audio to 48000 Hz at 297000000 Hz pixel clock
[   10.250702] OOM killer enabled.
[   10.253830] Restarting tasks ... done.
[   10.346842] PM: suspend exit
root@(none):/# 
root@(none):/# [   10.394635] ata1: SATA link down (SStatus 0 SControl 300)
rtcwake -d rtc1 -m mem -s 3
rtcwake: assuming RTC uses UTC ...
rtcwake: wakeup from "mem" using /dev/rtc1 at Thu Jan  1 00:00:33 1970
[   10.636758] PM: suspend entry (deep)
[   10.640431] PM: Syncing filesystems ... done.
[   10.751640] Freezing user space processes ... (elapsed 0.001 seconds) done.
[   10.759875] OOM killer disabled.
[   10.763140] Freezing remaining freezable tasks ... (elapsed 0.001 seconds) done.
[   10.771816] Suspending console(s) (use no_console_suspend to debug)
[   10.941156] Disabling non-boot CPUs ...
[   10.990371] IRQ17 no longer affine to CPU1
[   11.090823] Entering suspend state LP1
[   11.090837] Enabling non-boot CPUs ...
[   11.091239] CPU1 is up
[   11.091588] CPU2 is up
[   11.091979] CPU3 is up
[   11.092950] pcieport 0000:00:02.0: nv_msi_ht_cap_quirk didn't locate host bridge
[   11.092952] pcieport 0000:00:01.0: nv_msi_ht_cap_quirk didn't locate host bridge
[   11.160700] tegra-hdmi 54280000.hdmi: cannot set audio to 48000 Hz at 297000000 Hz pixel clock
[   11.328652] OOM killer enabled.
[   11.331789] Restarting tasks ... done.
[   11.414404] PM: suspend exit
root@(none):/# 
root@(none):/# [   11.464655] ata1: SATA link down (SStatus 0 SControl 300)
rtcwake -d rtc1 -m mem -s 3
rtcwake: assuming RTC uses UTC ...
rtcwake: wakeup from "mem" using /dev/rtc1 at Thu Jan  1 00:00:37 1970
[   11.720146] PM: suspend entry (deep)
[   11.723796] PM: Syncing filesystems ... done.
[   11.877609] Freezing user space processes ... (elapsed 0.001 seconds) done.
[   11.886032] OOM killer disabled.
[   11.889269] Freezing remaining freezable tasks ... (elapsed 0.001 seconds) done.
[   11.897997] Suspending console(s) (use no_console_suspend to debug)
[   12.051059] Disabling non-boot CPUs ...
[   12.210800] Entering suspend state LP1
[   12.210812] Enabling non-boot CPUs ...
[   12.211159] CPU1 is up
[   12.211450] CPU2 is up
[   12.211769] CPU3 is up
[   12.212520] pcieport 0000:00:02.0: nv_msi_ht_cap_quirk didn't locate host bridge
[   12.212522] pcieport 0000:00:01.0: nv_msi_ht_cap_quirk didn't locate host bridge
[   12.280606] tegra-hdmi 54280000.hdmi: cannot set audio to 48000 Hz at 297000000 Hz pixel clock
[   12.436576] OOM killer enabled.
[   12.439704] Restarting tasks ... done.
[   12.477440] PM: suspend exit
root@(none):/# 
root@(none):/# [   12.585302] ata1: SATA link down (SStatus 0 SControl 300)
rtcwake -d rtc1 -m mem -s 3
rtcwake: assuming RTC uses UTC ...
rtcwake: wakeup from "mem" using /dev/rtc1 at Thu Jan  1 00:00:41 1970
[   12.834238] PM: suspend entry (deep)
[   12.837835] PM: Syncing filesystems ... done.
[   12.914735] Freezing user space processes ... (elapsed 0.001 seconds) done.
[   12.922929] OOM killer disabled.
[   12.926155] Freezing remaining freezable tasks ... (elapsed 0.001 seconds) done.
[   12.934787] Suspending console(s) (use no_console_suspend to debug)
[   12.950094] pci_generic_config_write32: 102 callbacks suppressed
[   12.950100] pci_bus 0000:00: 2-byte config write to 0000:00:02.0 offset 0x9c may corrupt adjacent RW1C bits
[   12.950118] pci_bus 0000:00: 2-byte config write to 0000:00:01.0 offset 0x9c may corrupt adjacent RW1C bits
[   13.091131] Disabling non-boot CPUs ...
[   13.260299] IRQ17 no longer affine to CPU3
[   13.260769] Entering suspend state LP1
[   13.260783] Enabling non-boot CPUs ...
[   13.261186] CPU1 is up
[   13.261537] CPU2 is up
[   13.261930] CPU3 is up
[   13.262793] pci_bus 0000:00: 2-byte config write to 0000:00:01.0 offset 0x4c may corrupt adjacent RW1C bits
[   13.262801] pci_bus 0000:00: 2-byte config write to 0000:00:02.0 offset 0x4c may corrupt adjacent RW1C bits
[   13.262813] pci_bus 0000:00: 2-byte config write to 0000:00:01.0 offset 0x88 may corrupt adjacent RW1C bits
[   13.262819] pci_bus 0000:00: 2-byte config write to 0000:00:02.0 offset 0x88 may corrupt adjacent RW1C bits
[   13.262825] pci_bus 0000:00: 2-byte config write to 0000:00:01.0 offset 0x90 may corrupt adjacent RW1C bits
[   13.262831] pci_bus 0000:00: 2-byte config write to 0000:00:02.0 offset 0x90 may corrupt adjacent RW1C bits
[   13.262837] pci_bus 0000:00: 2-byte config write to 0000:00:01.0 offset 0x98 may corrupt adjacent RW1C bits
[   13.262842] pci_bus 0000:00: 2-byte config write to 0000:00:02.0 offset 0x98 may corrupt adjacent RW1C bits
[   13.262949] pcieport 0000:00:02.0: nv_msi_ht_cap_quirk didn't locate host bridge
[   13.262951] pcieport 0000:00:01.0: nv_msi_ht_cap_quirk didn't locate host bridge
[   13.350605] tegra-hdmi 54280000.hdmi: cannot set audio to 48000 Hz at 297000000 Hz pixel clock
[   13.622091] OOM killer enabled.
[   13.625227] Restarting tasks ... done.
[   13.643060] ata1: SATA link down (SStatus 0 SControl 300)
[   13.680842] PM: suspend exit
root@(none):/# 
root@(none):/# rtcwake -d rtc1 -m mem -s 3
rtcwake: assuming RTC uses UTC ...
rtcwake: wakeup from "mem" using /dev/rtc1 at Thu Jan  1 00:00:46 1970
[   14.883114] PM: suspend entry (deep)
[   14.886708] PM: Syncing filesystems ... done.
[   14.950890] Freezing user space processes ... (elapsed 0.001 seconds) done.
[   14.959068] OOM killer disabled.
[   14.962316] Freezing remaining freezable tasks ... (elapsed 0.001 seconds) done.
[   14.970924] Suspending console(s) (use no_console_suspend to debug)
[   15.121133] Disabling non-boot CPUs ...
[   15.160307] IRQ17 no longer affine to CPU1
[   15.270761] Entering suspend state LP1
[   15.270774] Enabling non-boot CPUs ...
[   15.271181] CPU1 is up
[   15.271534] CPU2 is up
[   15.271926] CPU3 is up
[   15.272888] pcieport 0000:00:01.0: nv_msi_ht_cap_quirk didn't locate host bridge
[   15.272890] pcieport 0000:00:02.0: nv_msi_ht_cap_quirk didn't locate host bridge
[   15.340552] tegra-hdmi 54280000.hdmi: cannot set audio to 48000 Hz at 297000000 Hz pixel clock
[   15.508497] OOM killer enabled.
[   15.511634] Restarting tasks ... done.
[   15.594329] PM: suspend exit
root@(none):/# 
root@(none):/# [   15.644564] ata1: SATA link down (SStatus 0 SControl 300)
rtcwake -d rtc1 -m mem -s 3
rtcwake: assuming RTC uses UTC ...
rtcwake: wakeup from "mem" using /dev/rtc1 at Thu Jan  1 00:00:50 1970
[   15.894724] PM: suspend entry (deep)
[   15.898322] PM: Syncing filesystems ... done.
[   16.001551] Freezing user space processes ... (elapsed 0.001 seconds) done.
[   16.009790] OOM killer disabled.
[   16.013056] Freezing remaining freezable tasks ... (elapsed 0.001 seconds) done.
[   16.021735] Suspending console(s) (use no_console_suspend to debug)
[   16.191106] Disabling non-boot CPUs ...
[   16.230273] IRQ17 no longer affine to CPU1
[   16.330724] Entering suspend state LP1
[   16.330736] Enabling non-boot CPUs ...
[   16.331091] CPU1 is up
[   16.331388] CPU2 is up
[   16.331716] CPU3 is up
[   16.332487] pcieport 0000:00:01.0: nv_msi_ht_cap_quirk didn't locate host bridge
[   16.332488] pcieport 0000:00:02.0: nv_msi_ht_cap_quirk didn't locate host bridge
[   16.400557] tegra-hdmi 54280000.hdmi: cannot set audio to 48000 Hz at 297000000 Hz pixel clock
[   16.561314] OOM killer enabled.
[   16.564443] Restarting tasks ... done.
[   16.656950] PM: suspend exit
root@(none):/# 
root@(none):/# [   16.704888] ata1: SATA link down (SStatus 0 SControl 300)
rtcwake -d rtc1 -m mem -s 3
rtcwake: assuming RTC uses UTC ...
rtcwake: wakeup from "mem" using /dev/rtc1 at Thu Jan  1 00:00:54 1970
[   16.951700] PM: suspend entry (deep)
[   16.955293] PM: Syncing filesystems ... done.
[   17.034708] Freezing user space processes ... (elapsed 0.001 seconds) done.
[   17.042905] OOM killer disabled.
[   17.046132] Freezing remaining freezable tasks ... (elapsed 0.001 seconds) done.
[   17.054768] Suspending console(s) (use no_console_suspend to debug)
[   17.211043] Disabling non-boot CPUs ...
[   17.260259] IRQ17 no longer affine to CPU1
[   17.360692] Entering suspend state LP1
[   17.360704] Enabling non-boot CPUs ...
[   17.361051] CPU1 is up
[   17.361342] CPU2 is up
[   17.361667] CPU3 is up
[   17.362432] pcieport 0000:00:01.0: nv_msi_ht_cap_quirk didn't locate host bridge
[   17.362433] pcieport 0000:00:02.0: nv_msi_ht_cap_quirk didn't locate host bridge
[   17.440522] tegra-hdmi 54280000.hdmi: cannot set audio to 48000 Hz at 297000000 Hz pixel clock
[   17.600564] OOM killer enabled.
[   17.603693] Restarting tasks ... done.
rtcwake -d rtc1 -m mem -s 3

[   17.730848] ata1: SATA link down (SStatus 0 SControl 300)
[   17.914623] PM: suspend exit
root@(none):/# 
root@(none):/# rtcwake -d rtc1 -m mem -s 3
rtcwake: assuming RTC uses UTC ...
rtcwake: wakeup from "mem" using /dev/rtc1 at Thu Jan  1 00:00:58 1970
[   18.062277] PM: suspend entry (deep)
[   18.065874] PM: Syncing filesystems ... done.
[   18.158239] Freezing user space processes ... (elapsed 0.001 seconds) done.
[   18.166439] OOM killer disabled.
[   18.169667] Freezing remaining freezable tasks ... (elapsed 0.001 seconds) done.
[   18.178291] Suspending console(s) (use no_console_suspend to debug)
[   18.193618] pci_generic_config_write32: 102 callbacks suppressed
[   18.193625] pci_bus 0000:00: 2-byte config write to 0000:00:02.0 offset 0x9c may corrupt adjacent RW1C bits
[   18.193644] pci_bus 0000:00: 2-byte config write to 0000:00:01.0 offset 0x9c may corrupt adjacent RW1C bits
[   18.331049] Disabling non-boot CPUs ...
[   18.380240] IRQ17 no longer affine to CPU1
[   18.500678] Entering suspend state LP1
[   18.500690] Enabling non-boot CPUs ...
[   18.501035] CPU1 is up
[   18.501324] CPU2 is up
[   18.501644] CPU3 is up
[   18.502292] pci_bus 0000:00: 2-byte config write to 0000:00:02.0 offset 0x4c may corrupt adjacent RW1C bits
[   18.502299] pci_bus 0000:00: 2-byte config write to 0000:00:01.0 offset 0x4c may corrupt adjacent RW1C bits
[   18.502309] pci_bus 0000:00: 2-byte config write to 0000:00:02.0 offset 0x88 may corrupt adjacent RW1C bits
[   18.502313] pci_bus 0000:00: 2-byte config write to 0000:00:01.0 offset 0x88 may corrupt adjacent RW1C bits
[   18.502318] pci_bus 0000:00: 2-byte config write to 0000:00:02.0 offset 0x90 may corrupt adjacent RW1C bits
[   18.502322] pci_bus 0000:00: 2-byte config write to 0000:00:01.0 offset 0x90 may corrupt adjacent RW1C bits
[   18.502327] pci_bus 0000:00: 2-byte config write to 0000:00:02.0 offset 0x98 may corrupt adjacent RW1C bits
[   18.502331] pci_bus 0000:00: 2-byte config write to 0000:00:01.0 offset 0x98 may corrupt adjacent RW1C bits
[   18.502425] pcieport 0000:00:01.0: nv_msi_ht_cap_quirk didn't locate host bridge
[   18.502426] pcieport 0000:00:02.0: nv_msi_ht_cap_quirk didn't locate host bridge
[   18.570519] tegra-hdmi 54280000.hdmi: cannot set audio to 48000 Hz at 297000000 Hz pixel clock
[   18.833894] OOM killer enabled.
[   18.837026] Restarting tasks ... done.
[   18.873067] ata1: SATA link down (SStatus 0 SControl 300)
[   18.956162] PM: suspend exit
root@(none):/# 
root@(none):/# NVTB SYSTEM SUSPEND TEST COMPLETE
