
U-Boot SPL 2015.04-rc3-00209-ga74ef40 (Mar 16 2015 - 14:43:39)


U-Boot 2015.04-rc3-00209-ga74ef40 (Mar 16 2015 - 14:43:39)

TEGRA20
Model: Compulab TrimSlice board
DRAM:  1 GiB
MMC:   Tegra SD/MMC: 0, Tegra SD/MMC: 1
SF: Detected W25Q80BL with page size 256 Bytes, erase size 4 KiB, total 1 MiB
tegra-pcie: PCI regions:
tegra-pcie:   I/O: 0x82000000-0x82010000
tegra-pcie:   non-prefetchable memory: 0xa0000000-0xa8000000
tegra-pcie:   prefetchable memory: 0xa8000000-0xc0000000
tegra-pcie: dual-mode configuration
tegra-pcie: probing port 0, using 2 lanes
In:    serial
Out:   serial
Err:   serial
Net:   RTL8169#0
Hit any key to stop autoboot:  2  0 
Tegra20 (TrimSlice) # 
Tegra20 (TrimSlice) # usb reset
resetting USB...
USB0:   USB EHCI 1.00
scanning bus 0 for devices... 2 USB Device(s) found
USB1:   USB EHCI 1.00
scanning bus 1 for devices... 1 USB Device(s) found
USB2:   lowlevel init failed
       scanning usb for storage devices... 0 Storage Device(s) found
       scanning usb for ethernet devices... 0 Ethernet Device(s) found
Tegra20 (TrimSlice) # setenv bootargs 'ignore_loglevel console=ttyS0,115200n8 rw root=/dev/mmcblk0p1 rootwait gpt debug noinitrd earlyprintk init=/bin/bash'
Tegra20 (TrimSlice) # setenv ipaddr 192.168.100.103; setenv serverip 192.168.100.1; setenv tftpserverip 192.168.100.1
Tegra20 (TrimSlice) # tftpboot 0x00408000 zImage.multi_v7_defconfig
Using RTL8169#0 device
TFTP from server 192.168.100.1; our IP address is 192.168.100.103
Filename 'zImage.multi_v7_defconfig'.
Load address: 0x408000
Loading: *#################################################################
	 #################################################################
	 #################################################################
	 #################################################################
	 #################################################################
	 #################################################################
	 ################################################
	 4.1 MiB/s
done
Bytes transferred = 6429744 (621c30 hex)
Tegra20 (TrimSlice) # tftpboot 0x02408000 tegra20-trimslice.dtb
Using RTL8169#0 device
TFTP from server 192.168.100.1; our IP address is 192.168.100.103
Filename 'tegra20-trimslice.dtb'.
Load address: 0x2408000
Loading: *##
	 3.4 MiB/s
done
Bytes transferred = 21130 (528a hex)
Tegra20 (TrimSlice) # bootz 0x00408000 - 0x02408000
Kernel image @ 0x408000 [ 0x000000 - 0x621c30 ]
## Flattened Device Tree blob at 02408000
   Booting using the fdt blob at 0x2408000
   Using Device Tree in place at 02408000, end 02410289

Starting kernel ...

[    0.000000] Booting Linux on physical CPU 0x0
[    0.000000] Linux version 4.1.0-rc5-next-20150529-20768-g7732a98 (pwalmsley@sellafield) (gcc version 4.7.3 20130328 (prerelease) (crosstool-NG linaro-1.13.1-4.7-2013.04-20130415 - Linaro GCC 2013.04) ) #1 SMP Fri May 29 05:49:02 PDT 2015
[    0.000000] CPU: ARMv7 Processor [411fc090] revision 0 (ARMv7), cr=10c5387d
[    0.000000] CPU: PIPT / VIPT nonaliasing data cache, VIPT aliasing instruction cache
[    0.000000] Machine model: Compulab TrimSlice board
[    0.000000] debug: ignoring loglevel setting.
[    0.000000] cma: Reserved 64 MiB at 0x3c000000
[    0.000000] Memory policy: Data cache writealloc
[    0.000000] On node 0 totalpages: 262144
[    0.000000] free_area_init_node: node 0, pgdat c0fa5dc0, node_mem_map eeff8000
[    0.000000]   DMA zone: 1520 pages used for memmap
[    0.000000]   DMA zone: 0 pages reserved
[    0.000000]   DMA zone: 194560 pages, LIFO batch:31
[    0.000000]   HighMem zone: 67584 pages, LIFO batch:15
[    0.000000] PERCPU: Embedded 12 pages/cpu @eefca000 s16896 r8192 d24064 u49152
[    0.000000] pcpu-alloc: s16896 r8192 d24064 u49152 alloc=12*4096
[    0.000000] pcpu-alloc: [0] 0 [0] 1 
[    0.000000] Built 1 zonelists in Zone order, mobility grouping on.  Total pages: 260624
[    0.000000] Kernel command line: ignore_loglevel console=ttyS0,115200n8 rw root=/dev/mmcblk0p1 rootwait gpt debug noinitrd earlyprintk init=/bin/bash
[    0.000000] PID hash table entries: 4096 (order: 2, 16384 bytes)
[    0.000000] Dentry cache hash table entries: 131072 (order: 7, 524288 bytes)
[    0.000000] Inode-cache hash table entries: 65536 (order: 6, 262144 bytes)
[    0.000000] Memory: 959524K/1048576K available (8166K kernel code, 1079K rwdata, 3756K rodata, 944K init, 334K bss, 23516K reserved, 65536K cma-reserved, 204800K highmem)
[    0.000000] Virtual kernel memory layout:
[    0.000000]     vector  : 0xffff0000 - 0xffff1000   (   4 kB)
[    0.000000]     fixmap  : 0xffc00000 - 0xfff00000   (3072 kB)
[    0.000000]     vmalloc : 0xf0000000 - 0xff000000   ( 240 MB)
[    0.000000]     lowmem  : 0xc0000000 - 0xef800000   ( 760 MB)
[    0.000000]     pkmap   : 0xbfe00000 - 0xc0000000   (   2 MB)
[    0.000000]     modules : 0xbf000000 - 0xbfe00000   (  14 MB)
[    0.000000]       .text : 0xc0208000 - 0xc0dad8b4   (11927 kB)
[    0.000000]       .init : 0xc0dae000 - 0xc0e9a000   ( 944 kB)
[    0.000000]       .data : 0xc0e9a000 - 0xc0fa7da0   (1080 kB)
[    0.000000]        .bss : 0xc0faa000 - 0xc0ffdb28   ( 335 kB)
[    0.000000] SLUB: HWalign=64, Order=0-3, MinObjects=0, CPUs=2, Nodes=1
[    0.000000] Hierarchical RCU implementation.
[    0.000000] 	Additional per-CPU info printed with stalls.
[    0.000000] 	Build-time adjustment of leaf fanout to 32.
[    0.000000] 	RCU restricting CPUs from NR_CPUS=16 to nr_cpu_ids=2.
[    0.000000] RCU: Adjusting geometry for rcu_fanout_leaf=32, nr_cpu_ids=2
[    0.000000] NR_IRQS:16 nr_irqs:16 16
[    0.000000] /interrupt-controller@60004000: 128 interrupts forwarded to /interrupt-controller@50041000
[    0.000000] L2C: platform modifies aux control register: 0x02080000 -> 0x3e480001
[    0.000000] L2C: DT/platform modifies aux control register: 0x02080000 -> 0x3e480001
[    0.000000] L2C-310 errata 727915 769419 enabled
[    0.000000] L2C-310 enabling early BRESP for Cortex-A9
[    0.000000] L2C-310: enabling full line of zeros but not enabled in Cortex-A9
[    0.000000] L2C-310 ID prefetch enabled, offset 1 lines
[    0.000000] L2C-310 cache controller enabled, 8 ways, 1024 kB
[    0.000000] L2C-310: CACHE_ID 0x410000c4, AUX_CTRL 0x7e480001
[    0.000010] sched_clock: 32 bits at 1000kHz, resolution 1000ns, wraps every 2147483647500ns
[    0.000026] clocksource timer_us: mask: 0xffffffff max_cycles: 0xffffffff, max_idle_ns: 1911260446275 ns
[    0.000036] Switching to timer-based delay loop, resolution 1000ns
[    0.001453] Console: colour dummy device 80x30
[    0.001473] Calibrating delay loop (skipped), value calculated using timer frequency.. 2.00 BogoMIPS (lpj=5000)
[    0.001484] pid_max: default: 32768 minimum: 301
[    0.001571] Mount-cache hash table entries: 2048 (order: 1, 8192 bytes)
[    0.001580] Mountpoint-cache hash table entries: 2048 (order: 1, 8192 bytes)
[    0.002044] CPU: Testing write buffer coherency: ok
[    0.002213] CPU0: thread -1, cpu 0, socket 0, mpidr 80000000
[    0.002259] Setting up static identity map for 0x209000 - 0x209098
[    0.003580] Tegra Revision: A03 prime SKU: 8 CPU Process: 1 SoC Process: 2
[    0.004724] CPU1: thread -1, cpu 1, socket 0, mpidr 80000001
[    0.004777] Brought up 2 CPUs
[    0.004788] SMP: Total of 2 processors activated (4.00 BogoMIPS).
[    0.004794] CPU: All CPU(s) started in SVC mode.
[    0.005184] devtmpfs: initialized
[    0.009461] VFP support v0.3: implementor 41 architecture 3 part 30 variant 9 rev 1
[    0.009781] clocksource jiffies: mask: 0xffffffff max_cycles: 0xffffffff, max_idle_ns: 9556302231375000 ns
[    0.012966] pinctrl core: initialized pinctrl subsystem
[    0.014163] NET: Registered protocol family 16
[    0.016213] DMA: preallocated 256 KiB pool for atomic coherent allocations
[    0.029927] cpuidle: using governor ladder
[    0.044925] cpuidle: using governor menu
[    0.055456] No ATAGs?
[    0.055484] hw-breakpoint: found 5 (+1 reserved) breakpoint and 1 watchpoint registers.
[    0.055491] hw-breakpoint: maximum watchpoint size is 4 bytes.
[    0.058380] Serial: AMBA PL011 UART driver
[    0.083306] usb1_vbus: Failed to request enable GPIO170: -517
[    0.083391] reg-fixed-voltage regulators:regulator@2: Failed to register regulator: -517
[    0.086953] vgaarb: loaded
[    0.087527] SCSI subsystem initialized
[    0.087653] libata version 3.00 loaded.
[    0.087894] usbcore: registered new interface driver usbfs
[    0.087948] usbcore: registered new interface driver hub
[    0.087989] usbcore: registered new device driver usb
[    0.089963] media: Linux media interface: v0.10
[    0.090007] Linux video capture interface: v2.00
[    0.090041] pps_core: LinuxPPS API ver. 1 registered
[    0.090047] pps_core: Software ver. 5.3.6 - Copyright 2005-2007 Rodolfo Giometti <giometti@linux.it>
[    0.090067] PTP clock support registered
[    0.090246] EDAC MC: Ver: 3.0.0
[    0.091261] Advanced Linux Sound Architecture Driver Initialized.
[    0.092136] Switched to clocksource timer_us
[    0.099742] NET: Registered protocol family 2
[    0.100194] TCP established hash table entries: 8192 (order: 3, 32768 bytes)
[    0.100269] TCP bind hash table entries: 8192 (order: 4, 65536 bytes)
[    0.100382] TCP: Hash tables configured (established 8192 bind 8192)
[    0.100463] UDP hash table entries: 512 (order: 2, 16384 bytes)
[    0.100511] UDP-Lite hash table entries: 512 (order: 2, 16384 bytes)
[    0.100676] NET: Registered protocol family 1
[    0.100883] RPC: Registered named UNIX socket transport module.
[    0.100890] RPC: Registered udp transport module.
[    0.100895] RPC: Registered tcp transport module.
[    0.100900] RPC: Registered tcp NFSv4.1 backchannel transport module.
[    0.100918] PCI: CLS 0 bytes, default 64
[    0.101721] CPU PMU: Failed to parse /pmu/interrupt-affinity[0]
[    0.101753] hw perfevents: enabled with armv7_cortex_a9 PMU driver, 7 counters available
[    0.102813] futex hash table entries: 512 (order: 3, 32768 bytes)
[    0.111361] squashfs: version 4.0 (2009/01/31) Phillip Lougher
[    0.112043] NFS: Registering the id_resolver key type
[    0.112070] Key type id_resolver registered
[    0.112075] Key type id_legacy registered
[    0.112151] ntfs: driver 2.1.32 [Flags: R/O].
[    0.113026] bounce: pool size: 64 pages
[    0.113208] Block layer SCSI generic (bsg) driver version 0.4 loaded (major 248)
[    0.113222] io scheduler noop registered
[    0.113233] io scheduler deadline registered
[    0.113392] io scheduler cfq registered (default)
[    0.122170] tegra-pcie 80003000.pcie-controller: dual-mode configuration
[    0.122735] tegra-pcie 80003000.pcie-controller: probing port 0, using 2 lanes
[    0.206320] tegra-pcie 80003000.pcie-controller: PCI host bridge to bus 0000:00
[    0.206334] pci_bus 0000:00: root bus resource [mem 0xa0000000-0xa7ffffff]
[    0.206344] pci_bus 0000:00: root bus resource [mem 0xa8000000-0xbfffffff pref]
[    0.206353] pci_bus 0000:00: root bus resource [bus 00-ff]
[    0.206361] pci_bus 0000:00: root bus resource [io  0x1000-0xffff]
[    0.206387] pci 0000:00:01.0: [10de:0bf0] type 01 class 0x060000
[    0.206421] pci 0000:00:01.0: IOMMU is currently not supported for PCI
[    0.206450] pci 0000:00:01.0: PME# supported from D0 D1 D2 D3hot D3cold
[    0.206643] PCI: bus0: Fast back to back transfers disabled
[    0.206655] pci 0000:00:01.0: bridge configuration invalid ([bus 00-00]), reconfiguring
[    0.206784] pci 0000:01:00.0: [10ec:8168] type 00 class 0x020000
[    0.206821] pci 0000:01:00.0: reg 0x10: [io  0x0000-0x00ff]
[    0.206844] pci 0000:01:00.0: reg 0x18: [mem 0x00000000-0x00000fff 64bit pref]
[    0.206861] pci 0000:01:00.0: reg 0x20: [mem 0x00000000-0x00003fff 64bit pref]
[    0.206873] pci 0000:01:00.0: reg 0x30: [mem 0x00000000-0x0001ffff pref]
[    0.206888] pci 0000:01:00.0: IOMMU is currently not supported for PCI
[    0.206941] pci 0000:01:00.0: supports D1 D2
[    0.206949] pci 0000:01:00.0: PME# supported from D0 D1 D2 D3hot D3cold
[    0.217163] PCI: bus1: Fast back to back transfers disabled
[    0.217175] pci_bus 0000:01: busn_res: [bus 01-ff] end is updated to 01
[    0.217187] Disabling cpuidle LP2 state, since PCIe IRQs are in use
[    0.217241] pci 0000:00:01.0: BAR 8: assigned [mem 0xa0000000-0xa00fffff]
[    0.217253] pci 0000:00:01.0: BAR 9: assigned [mem 0xa8000000-0xa80fffff 64bit pref]
[    0.217263] pci 0000:00:01.0: BAR 7: assigned [io  0x1000-0x1fff]
[    0.217275] pci 0000:01:00.0: BAR 6: assigned [mem 0xa0000000-0xa001ffff pref]
[    0.217285] pci 0000:01:00.0: BAR 4: assigned [mem 0xa8000000-0xa8003fff 64bit pref]
[    0.217302] pci 0000:01:00.0: BAR 2: assigned [mem 0xa8004000-0xa8004fff 64bit pref]
[    0.217318] pci 0000:01:00.0: BAR 0: assigned [io  0x1000-0x10ff]
[    0.217329] pci 0000:00:01.0: PCI bridge to [bus 01]
[    0.217338] pci 0000:00:01.0:   bridge window [io  0x1000-0x1fff]
[    0.217347] pci 0000:00:01.0:   bridge window [mem 0xa0000000-0xa00fffff]
[    0.217355] pci 0000:00:01.0:   bridge window [mem 0xa8000000-0xa80fffff 64bit pref]
[    0.217374] pci 0000:00:01.0: nv_msi_ht_cap_quirk didn't locate host bridge
[    0.217437] pcieport 0000:00:01.0: enabling device (0140 -> 0143)
[    0.217589] pcieport 0000:00:01.0: Signaling PME through PCIe PME interrupt
[    0.217597] pci 0000:01:00.0: Signaling PME through PCIe PME interrupt
[    0.217607] pcie_pme 0000:00:01.0:pcie01: service driver pcie_pme loaded
[    0.218878] tegra-ahb 6000c004.ahb: incorrect AHB base address in DT data - enabling workaround
[    0.221034] tegra-apbdma 6000a000.dma: Tegra20 APB DMA driver register 16 channels
[    0.270361] Serial: 8250/16550 driver, 4 ports, IRQ sharing disabled
[    0.272179] SuperH (H)SCI(F) driver initialized
[    0.272883] msm_serial: driver initialized
[    0.273519] console [ttyS0] disabled
[    0.273554] 70006000.serial: ttyS0 at MMIO 0x70006000 (irq = 279, base_baud = 13500000) is a Tegra
[    1.270584] console [ttyS0] enabled
[    1.274635] STMicroelectronics ASC driver initialized
[    1.281301] [drm] Initialized drm 1.1.0 20060810
[    1.287296] 54280000.hdmi supply hdmi not found, using dummy regulator
[    1.296432] [drm] Supports vblank timestamp caching Rev 2 (21.10.2013).
[    1.303055] [drm] No driver support for vblank timestamp query.
[    1.308985] drm drm: No connectors reported connected with modes
[    1.314991] [drm] Cannot find any crtc or sizes - going 1024x768
[    1.336921] Console: switching to colour frame buffer device 128x48
[    1.351601] drm drm: fb0:  frame buffer device
[    1.356043] drm drm: registered panic notifier
[    1.372154] [drm] Initialized tegra 0.0.0 20120330 on minor 0
[    1.382411] loop: module loaded
[    1.389870] m25p80 spi32766.0: found s25fl008k, expected w25q80bl
[    1.395972] m25p80 spi32766.0: s25fl008k (1024 Kbytes)
[    1.403500] CAN device driver interface
[    1.408291] igb: Intel(R) Gigabit Ethernet Network Driver - version 5.2.15-k
[    1.415335] igb: Copyright (c) 2007-2014 Intel Corporation.
[    1.421435] r8169 Gigabit Ethernet driver 2.3LK-NAPI loaded
[    1.427039] r8169 0000:01:00.0: enabling device (0140 -> 0143)
[    1.433502] r8169 0000:01:00.0 eth0: RTL8168d/8111d at 0xf005e000, 00:01:c0:13:7d:63, XID 081000c0 IRQ 296
[    1.443155] r8169 0000:01:00.0 eth0: jumbo features [frames: 9200 bytes, tx checksumming: ko]
[    1.453318] pegasus: v0.9.3 (2013/04/25), Pegasus/Pegasus II USB Ethernet driver
[    1.460767] usbcore: registered new interface driver pegasus
[    1.466479] usbcore: registered new interface driver asix
[    1.471922] usbcore: registered new interface driver ax88179_178a
[    1.478053] usbcore: registered new interface driver cdc_ether
[    1.483947] usbcore: registered new interface driver smsc75xx
[    1.489746] usbcore: registered new interface driver smsc95xx
[    1.495530] usbcore: registered new interface driver net1080
[    1.501227] usbcore: registered new interface driver cdc_subset
[    1.507189] usbcore: registered new interface driver zaurus
[    1.512832] usbcore: registered new interface driver cdc_ncm
[    1.518767] tegra-phy c5004000.usb-phy: no vbus regulator
[    1.525254] tegra-phy c5008000.usb-phy: no vbus regulator
[    1.531806] ehci_hcd: USB 2.0 'Enhanced' Host Controller (EHCI) Driver
[    1.538339] ehci-pci: EHCI PCI platform driver
[    1.542838] ehci-platform: EHCI generic platform driver
[    1.548226] ehci-omap: OMAP-EHCI Host Controller driver
[    1.553563] ehci-orion: EHCI orion driver
[    1.557681] SPEAr-ehci: EHCI SPEAr driver
[    1.561787] ehci-st: EHCI STMicroelectronics driver
[    1.566773] ehci-exynos: EHCI EXYNOS driver
[    1.571082] ehci-atmel: EHCI Atmel driver
[    1.575201] tegra-ehci: Tegra EHCI driver
[    1.598342] ulpi_phy_power_on: ulpi write failed
[    1.602960] tegra-ehci c5004000.usb: Failed to power on the phy
[    1.608888] tegra-ehci: probe of c5004000.usb failed with error -110
[    1.617864] tegra-ehci c5008000.usb: EHCI Host Controller
[    1.623275] tegra-ehci c5008000.usb: new USB bus registered, assigned bus number 1
[    1.631124] tegra-ehci c5008000.usb: irq 290, io mem 0xc5008000
[    1.642152] tegra-ehci c5008000.usb: USB 2.0 started, EHCI 1.00
[    1.648663] hub 1-0:1.0: USB hub found
[    1.652467] hub 1-0:1.0: 1 port detected
[    1.656690] ohci_hcd: USB 1.1 'Open' Host Controller (OHCI) Driver
[    1.662891] ohci-pci: OHCI PCI platform driver
[    1.667391] ohci-platform: OHCI generic platform driver
[    1.672768] ohci-omap3: OHCI OMAP3 driver
[    1.676872] SPEAr-ohci: OHCI SPEAr driver
[    1.680995] ohci-st: OHCI STMicroelectronics driver
[    1.685979] ohci-atmel: OHCI Atmel driver
[    1.690179] usbcore: registered new interface driver usb-storage
[    1.697336] mousedev: PS/2 mouse device common for all mice
[    1.705014] rtc-em3027 2-0056: rtc core: registered rtc-em3027 as rtc0
[    1.712619] tegra_rtc 7000e000.rtc: rtc core: registered 7000e000.rtc as rtc1
[    1.719780] tegra_rtc 7000e000.rtc: Tegra internal Real Time Clock
[    1.726478] i2c /dev entries driver
[    1.731840] usbcore: registered new interface driver uvcvideo
[    1.737587] USB Video Class driver (1.1.1)
[    1.741674] gspca_main: v2.14.0 registered
[    1.749925] sdhci: Secure Digital Host Controller Interface driver
[    1.756101] sdhci: Copyright(c) Pierre Ossman
[    1.761658] Synopsys Designware Multimedia Card Interface Driver
[    1.768496] sdhci-pltfm: SDHCI platform and OF driver helper
[    1.774883] sdhci-tegra c8000000.sdhci: No vmmc regulator found
[    1.780805] sdhci-tegra c8000000.sdhci: No vqmmc regulator found
[    1.786805] mmc0: Invalid maximum block size, assuming 512 bytes
[    1.822153] mmc0: SDHCI controller on c8000000.sdhci [c8000000.sdhci] using ADMA
[    1.829634] sdhci-tegra c8000600.sdhci: Got CD GPIO
[    1.834524] sdhci-tegra c8000600.sdhci: Got WP GPIO
[    1.839568] sdhci-tegra c8000600.sdhci: No vmmc regulator found
[    1.845491] sdhci-tegra c8000600.sdhci: No vqmmc regulator found
[    1.851493] mmc1: Invalid maximum block size, assuming 512 bytes
[    1.887223] mmc1: SDHCI controller on c8000600.sdhci [c8000600.sdhci] using ADMA
[    1.895462] ledtrig-cpu: registered to indicate activity on CPUs
[    1.901659] usbcore: registered new interface driver usbhid
[    1.907233] usbhid: USB HID core driver
[    1.914186] usbcore: registered new interface driver snd-usb-audio
[    1.924081] tlv320aic23-codec 2-001a: Control not supported for path LLINEIN -> [NULL] -> Line Input
[    1.933214] tlv320aic23-codec 2-001a: ASoC: no dapm match for LLINEIN --> NULL --> Line Input
[    1.941735] tlv320aic23-codec 2-001a: ASoC: Failed to add route LLINEIN -> NULL -> Line Input
[    1.950256] tlv320aic23-codec 2-001a: Control not supported for path RLINEIN -> [NULL] -> Line Input
[    1.959380] tlv320aic23-codec 2-001a: ASoC: no dapm match for RLINEIN --> NULL --> Line Input
[    1.962174] usb 1-1: new high-speed USB device number 2 using tegra-ehci
[    1.974608] tlv320aic23-codec 2-001a: ASoC: Failed to add route RLINEIN -> NULL -> Line Input
[    1.983134] tlv320aic23-codec 2-001a: Control not supported for path MICIN -> [NULL] -> Mic Input
[    1.992000] tlv320aic23-codec 2-001a: ASoC: no dapm match for MICIN --> NULL --> Mic Input
[    2.000257] tlv320aic23-codec 2-001a: ASoC: Failed to add route MICIN -> NULL -> Mic Input
[    2.009139] tegra-snd-trimslice sound: tlv320aic23-hifi <-> 70002800.i2s mapping ok
[    2.018894] NET: Registered protocol family 17
[    2.023379] can: controller area network core (rev 20120528 abi 9)
[    2.029626] NET: Registered protocol family 29
[    2.034081] can: raw protocol (rev 20120528)
[    2.038356] can: broadcast manager protocol (rev 20120528 t)
[    2.044024] can: netlink gateway (rev 20130117) max_hops=1
[    2.044723] mmc0: host does not support reading read-only switch, assuming write-enable
[    2.046696] mmc0: new high speed SDHC card at address b368
[    2.046991] mmcblk0: mmc0:b368 NCard 3.70 GiB 
[    2.067808] Key type dns_resolver registered
[    2.072530] ThumbEE CPU extension supported.
[    2.076802] Registering SWP/SWPB emulation handler
[    2.086758] utmi_phy_clk_enable: timeout waiting for phy to stabilize
[    2.093237] tegra-ehci c5000000.usb: EHCI Host Controller
[    2.097176]  mmcblk0: p1
[    2.101180] tegra-ehci c5000000.usb: new USB bus registered, assigned bus number 2
[    2.109143] tegra-ehci c5000000.usb: irq 288, io mem 0xc5000000
[    2.142160] tegra-ehci c5000000.usb: USB 2.0 started, EHCI 1.00
[    2.148811] hub 2-0:1.0: USB hub found
[    2.152637] hub 2-0:1.0: 1 port detected
[    2.157432] hub 1-1:1.0: USB hub found
[    2.157943] input: gpio-keys as /devices/soc0/gpio-keys/input/input0
[    2.167644] hub 1-1:1.0: 4 ports detected
[    2.171662] rtc-em3027 2-0056: setting system clock to 2014-12-26 11:35:05 UTC (1419593705)
[    2.184309] ALSA device list:
[    2.187292]   #0: tegra-trimslice
[    2.191937] EXT4-fs (mmcblk0p1): mounting ext3 file system using the ext4 subsystem
[    2.236681] mmc1: new high speed SD card at address b368
[    2.242335] mmcblk1: mmc1:b368 NCard 1.83 GiB (ro)
[    2.249590]  mmcblk1: p1 p2
[    2.282597] EXT4-fs (mmcblk0p1): recovery complete
[    2.287402] EXT4-fs (mmcblk0p1): mounted filesystem with ordered data mode. Opts: (null)
[    2.295511] VFS: Mounted root (ext3 filesystem) on device 179:1.
[    2.309540] devtmpfs: mounted
[    2.313310] Freeing unused kernel memory: 944K (c0dae000 - c0e9a000)
bash: cannot set terminal process group (-1): Inappropriate ioctl for device
bash: no job control in this shell
root@(none):/# 