
U-Boot SPL 2016.05-rc2 (Apr 21 2016 - 16:23:00)
Trying to boot from RAM


U-Boot 2016.05-rc2 (Apr 21 2016 - 16:23:00 -0700)

TEGRA124
Model: NVIDIA Jetson TK1
Board: NVIDIA Jetson TK1
DRAM:  2 GiB
MC:   Tegra SD/MMC: 0, Tegra SD/MMC: 1
In:    serial
Out:   serial
Err:   serial
Net:   No ethernet found.
Hit any key to stop autoboot:  2  0 
Tegra124 (Jetson TK1) # 
Tegra124 (Jetson TK1) # pci enum
Tegra124 (Jetson TK1) # setenv bootargs 'ignore_loglevel console=ttyS0,115200n8 rw root=PARTUUID=b1791faa-84e8-4e27-83a1-9fb0a77e8803 rootwait gpt debug noinitrd earlyprintk init=/bin/bash'
Tegra124 (Jetson TK1) # setenv ipaddr 192.168.100.102; setenv serverip 192.168.100.1; setenv tftpserverip 192.168.100.1
Tegra124 (Jetson TK1) # tftpboot 0x82000000 zImage.multi_v7_defconfig

Warning: eth_rtl8169 using MAC address from ROM
Using eth_rtl8169 device
TFTP from server 192.168.100.1; our IP address is 192.168.100.102
Filename 'zImage.multi_v7_defconfig'.
Load address: 0x82000000
Loading: *#################################################################
	 #################################################################
	 #################################################################
	 #################################################################
	 #################################################################
	 #################################################################
	 #################################################################
	 ############################
	 3.9 MiB/s
done
Bytes transferred = 7077128 (6bfd08 hex)
Tegra124 (Jetson TK1) # tftpboot 0x83000000 tegra124-jetson-tk1.dtb
Using eth_rtl8169 device
TFTP from server 192.168.100.1; our IP address is 192.168.100.102
Filename 'tegra124-jetson-tk1.dtb'.
Load address: 0x83000000
Loading: *#####
	 4 MiB/s
done
Bytes transferred = 66737 (104b1 hex)
Tegra124 (Jetson TK1) # bootz 0x82000000 - 0x83000000
Kernel image @ 0x82000000 [ 0x000000 - 0x6bfd08 ]
## Flattened Device Tree blob at 83000000
   Booting using the fdt blob at 0x83000000
   Using Device Tree in place at 83000000, end 830134b0

Starting kernel ...

[    0.000000] Booting Linux on physical CPU 0x0
[    0.000000] Linux version 4.6.0-rc7-next-20160513-94712-g7fd1a86 (pwalmsley@sellafield) (gcc version 4.7.3 20130328 (prerelease) (crosstool-NG linaro-1.13.1-4.7-2013.04-20130415 - Linaro GCC 2013.04) ) #1 SMP Thu May 12 23:19:30 PDT 2016
[    0.000000] CPU: ARMv7 Processor [413fc0f3] revision 3 (ARMv7), cr=10c5387d
[    0.000000] CPU: div instructions available: patching division code
[    0.000000] CPU: PIPT / VIPT nonaliasing data cache, PIPT instruction cache
[    0.000000] Machine model: NVIDIA Tegra124 Jetson TK1
[    0.000000] debug: ignoring loglevel setting.
[    0.000000] cma: Reserved 64 MiB at 0xfb800000
[    0.000000] Memory policy: Data cache writealloc
[    0.000000] On node 0 totalpages: 524032
[    0.000000] free_area_init_node: node 0, pgdat c141bc00, node_mem_map eeff8000
[    0.000000]   DMA zone: 1536 pages used for memmap
[    0.000000]   DMA zone: 0 pages reserved
[    0.000000]   DMA zone: 196608 pages, LIFO batch:31
[    0.000000]   HighMem zone: 327424 pages, LIFO batch:31
[    0.000000] percpu: Embedded 13 pages/cpu @eef89000 s23808 r8192 d21248 u53248
[    0.000000] pcpu-alloc: s23808 r8192 d21248 u53248 alloc=13*4096
[    0.000000] pcpu-alloc: [0] 0 [0] 1 [0] 2 [0] 3 
[    0.000000] Built 1 zonelists in Zone order, mobility grouping on.  Total pages: 522496
[    0.000000] Kernel command line: ignore_loglevel console=ttyS0,115200n8 rw root=PARTUUID=b1791faa-84e8-4e27-83a1-9fb0a77e8803 rootwait gpt debug noinitrd earlyprintk init=/bin/bash
[    0.000000] PID hash table entries: 4096 (order: 2, 16384 bytes)
[    0.000000] Dentry cache hash table entries: 131072 (order: 7, 524288 bytes)
[    0.000000] Inode-cache hash table entries: 65536 (order: 6, 262144 bytes)
[    0.000000] Memory: 1994996K/2096128K available (9529K kernel code, 1143K rwdata, 4212K rodata, 2048K init, 343K bss, 35596K reserved, 65536K cma-reserved, 1244160K highmem)
[    0.000000] Virtual kernel memory layout:
[    0.000000]     vector  : 0xffff0000 - 0xffff1000   (   4 kB)
[    0.000000]     fixmap  : 0xffc00000 - 0xfff00000   (3072 kB)
[    0.000000]     vmalloc : 0xf0800000 - 0xff800000   ( 240 MB)
[    0.000000]     lowmem  : 0xc0000000 - 0xf0000000   ( 768 MB)
[    0.000000]     pkmap   : 0xbfe00000 - 0xc0000000   (   2 MB)
[    0.000000]     modules : 0xbf000000 - 0xbfe00000   (  14 MB)
[    0.000000]       .text : 0xc0208000 - 0xc106b4ec   (14734 kB)
[    0.000000]       .init : 0xc1100000 - 0xc1300000   (2048 kB)
[    0.000000]       .data : 0xc1300000 - 0xc141dc60   (1144 kB)
[    0.000000]        .bss : 0xc141f000 - 0xc1474ca0   ( 344 kB)
[    0.000000] SLUB: HWalign=64, Order=0-3, MinObjects=0, CPUs=4, Nodes=1
[    0.000000] Hierarchical RCU implementation.
[    0.000000] 	Build-time adjustment of leaf fanout to 32.
[    0.000000] 	RCU restricting CPUs from NR_CPUS=16 to nr_cpu_ids=4.
[    0.000000] RCU: Adjusting geometry for rcu_fanout_leaf=32, nr_cpu_ids=4
[    0.000000] NR_IRQS:16 nr_irqs:16 16
[    0.000000] /interrupt-controller@60004000: 160 interrupts forwarded to /interrupt-controller@0,50041000
[    0.000000] Tegra clk 127: register failed with -17
[    0.000008] sched_clock: 32 bits at 1000kHz, resolution 1000ns, wraps every 2147483647500ns
[    0.000032] clocksource: timer_us: mask: 0xffffffff max_cycles: 0xffffffff, max_idle_ns: 1911260446275 ns
[    0.000046] Switching to timer-based delay loop, resolution 1000ns
[    0.005386] Architected cp15 timer(s) running at 12.00MHz (virt).
[    0.005404] clocksource: arch_sys_counter: mask: 0xffffffffffffff max_cycles: 0x2c47f4ee7, max_idle_ns: 440795202497 ns
[    0.005422] sched_clock: 56 bits at 12MHz, resolution 83ns, wraps every 4398046511096ns
[    0.005434] Switching to timer-based delay loop, resolution 83ns
[    0.005939] Console: colour dummy device 80x30
[    0.005965] Calibrating delay loop (skipped), value calculated using timer frequency.. 24.00 BogoMIPS (lpj=60000)
[    0.005981] pid_max: default: 32768 minimum: 301
[    0.006076] Mount-cache hash table entries: 2048 (order: 1, 8192 bytes)
[    0.006088] Mountpoint-cache hash table entries: 2048 (order: 1, 8192 bytes)
[    0.006684] CPU: Testing write buffer coherency: ok
[    0.006904] /cpus/cpu@0 missing clock-frequency property
[    0.006945] /cpus/cpu@1 missing clock-frequency property
[    0.006986] /cpus/cpu@2 missing clock-frequency property
[    0.007029] /cpus/cpu@3 missing clock-frequency property
[    0.007041] CPU0: thread -1, cpu 0, socket 0, mpidr 80000000
[    0.007063] Setting up static identity map for 0x80300000 - 0x80300098
[    0.010658] Tegra Revision: A01 SKU: 129 CPU Process: 1 SoC Process: 1
[    0.012120] CPU1: thread -1, cpu 1, socket 0, mpidr 80000001
[    0.015804] CPU2: thread -1, cpu 2, socket 0, mpidr 80000002
[    0.020799] CPU3: thread -1, cpu 3, socket 0, mpidr 80000003
[    0.025243] Brought up 4 CPUs
[    0.025263] SMP: Total of 4 processors activated (96.00 BogoMIPS).
[    0.025270] CPU: All CPU(s) started in SVC mode.
[    0.026745] devtmpfs: initialized
[    0.045743] VFP support v0.3: implementor 41 architecture 4 part 30 variant f rev 0
[    0.046437] clocksource: jiffies: mask: 0xffffffff max_cycles: 0xffffffff, max_idle_ns: 9556302231375000 ns
[    0.047796] pinctrl core: initialized pinctrl subsystem
[    0.049460] NET: Registered protocol family 16
[    0.051421] DMA: preallocated 256 KiB pool for atomic coherent allocations
[    0.065374] cpuidle: using governor menu
[    0.085303] No ATAGs?
[    0.085331] hw-breakpoint: found 5 (+1 reserved) breakpoint and 4 watchpoint registers.
[    0.085341] hw-breakpoint: maximum watchpoint size is 8 bytes.
[    0.091697] Serial: AMBA PL011 UART driver
[    0.125660] +5V_SYS: supplied by +VDD_MUX
[    0.125980] +3.3V_SYS: supplied by +VDD_MUX
[    0.126663] +USB0_VBUS_SW: Failed to request enable GPIO108: -517
[    0.126679] reg-fixed-voltage regulators:regulator@7: Failed to register regulator: -517
[    0.126768] +5V_USB_HS: Failed to request enable GPIO109: -517
[    0.126781] reg-fixed-voltage regulators:regulator@8: Failed to register regulator: -517
[    0.126949] +1.05V_RUN_AVDD_HDMI_PLL: Failed to request enable GPIO63: -517
[    0.126962] reg-fixed-voltage regulators:regulator@11: Failed to register regulator: -517
[    0.127048] +5V_HDMI_CON: Failed to request enable GPIO86: -517
[    0.127060] reg-fixed-voltage regulators:regulator@12: Failed to register regulator: -517
[    0.127148] +5V_SATA: Failed to request enable GPIO242: -517
[    0.127159] reg-fixed-voltage regulators:regulator@13: Failed to register regulator: -517
[    0.127248] +12V_SATA: Failed to request enable GPIO242: -517
[    0.127259] reg-fixed-voltage regulators:regulator@14: Failed to register regulator: -517
[    0.130698] vgaarb: loaded
[    0.131563] SCSI subsystem initialized
[    0.131713] libata version 3.00 loaded.
[    0.132021] usbcore: registered new interface driver usbfs
[    0.132100] usbcore: registered new interface driver hub
[    0.132175] usbcore: registered new device driver usb
[    0.135994] pps_core: LinuxPPS API ver. 1 registered
[    0.136003] pps_core: Software ver. 5.3.6 - Copyright 2005-2007 Rodolfo Giometti <giometti@linux.it>
[    0.136025] PTP clock support registered
[    0.136227] EDAC MC: Ver: 3.0.0
[    0.139429] clocksource: Switched to clocksource arch_sys_counter
[    0.150585] NET: Registered protocol family 2
[    0.151100] TCP established hash table entries: 8192 (order: 3, 32768 bytes)
[    0.151199] TCP bind hash table entries: 8192 (order: 4, 65536 bytes)
[    0.151386] TCP: Hash tables configured (established 8192 bind 8192)
[    0.151439] UDP hash table entries: 512 (order: 2, 16384 bytes)
[    0.151482] UDP-Lite hash table entries: 512 (order: 2, 16384 bytes)
[    0.151635] NET: Registered protocol family 1
[    0.151865] RPC: Registered named UNIX socket transport module.
[    0.151874] RPC: Registered udp transport module.
[    0.151881] RPC: Registered tcp transport module.
[    0.151888] RPC: Registered tcp NFSv4.1 backchannel transport module.
[    0.151899] PCI: CLS 0 bytes, default 64
[    0.153091] hw perfevents: enabled with armv7_cortex_a15 PMU driver, 7 counters available
[    0.154605] futex hash table entries: 1024 (order: 4, 65536 bytes)
[    0.155313] workingset: timestamp_bits=28 max_order=19 bucket_order=0
[    0.166599] squashfs: version 4.0 (2009/01/31) Phillip Lougher
[    0.167432] NFS: Registering the id_resolver key type
[    0.167459] Key type id_resolver registered
[    0.167467] Key type id_legacy registered
[    0.167511] ntfs: driver 2.1.32 [Flags: R/O].
[    0.168811] bounce: pool size: 64 pages
[    0.169016] Block layer SCSI generic (bsg) driver version 0.4 loaded (major 248)
[    0.169027] io scheduler noop registered
[    0.169035] io scheduler deadline registered
[    0.169070] io scheduler cfq registered (default)
[    0.174861] usb2-0 supply vbus not found, using dummy regulator
[    0.174987] usb2-1 supply vbus not found, using dummy regulator
[    0.175383] tegra-xusb-padctl 7009f000.padctl: failed to setup XUSB ports: -517
[    0.192054] tegra-pcie 1003000.pcie-controller: 2x1, 1x1 configuration
[    0.192108] tegra-pcie 1003000.pcie-controller: Failed to get supply 'avddio-pex': -517
[    0.199468] tegra-apbdma 60020000.dma: Tegra20 APB DMA driver register 32 channels
[    0.201510] tegra-pmc 7000e400.pmc: emergency thermal reset enabled
[    0.263745] Serial: 8250/16550 driver, 4 ports, IRQ sharing disabled
[    0.266732] console [ttyS0] disabled
[    0.266767] 70006300.serial: ttyS0 at MMIO 0x70006300 (irq = 333, base_baud = 25500000) is a Tegra
[    1.118760] console [ttyS0] enabled
[    1.123227] SuperH (H)SCI(F) driver initialized
[    1.128849] msm_serial: driver initialized
[    1.133168] STMicroelectronics ASC driver initialized
[    1.139150] serial-tegra serial@70006000: failed to get alias id, errno -19
[    1.146177] serial-tegra serial@70006040: failed to get alias id, errno -19
[    1.156300] [drm] Initialized drm 1.1.0 20060810
[    1.164453] tegra-hdmi 54280000.hdmi: failed to get HDMI regulator
[    1.184031] brd: module loaded
[    1.193101] loop: module loaded
[    1.196717] at24 0-0056: 256 byte 24c02 EEPROM, writable, 8 bytes/write
[    1.205041] as3722 4-0040: AS3722 with revision 0x1 found
[    1.216243] as3722-sd2: supplied by +5V_SYS
[    1.220906] as3722-sd3: supplied by +5V_SYS
[    1.225326] +1.35V_LP0(sd3): Bringing 0uV into 1350000-1350000uV
[    1.231722] as3722-sd4: supplied by +5V_SYS
[    1.236375] as3722-sd5: supplied by +5V_SYS
[    1.242453] as3722-ldo0: supplied by +1.35V_LP0(sd2)
[    1.248544] +1.8V_RUN_CAM: Bringing 0uV into 1800000-1800000uV
[    1.254801] as3722-ldo2: supplied by +1.8V_VDDIO
[    1.260732] as3722-ldo3: supplied by +3.3V_SYS
[    1.265239] +1.05V_LP0_VDD_RTC: Bringing 1100000uV into 1000000-1000000uV
[    1.273057] as3722-ldo4: supplied by +3.3V_SYS
[    1.277730] +2.8V_RUN_CAM: Bringing 0uV into 2800000-2800000uV
[    1.283981] as3722-ldo5: supplied by +1.8V_VDDIO
[    1.288826] +1.2V_RUN_CAM_FRONT: Bringing 0uV into 1200000-1200000uV
[    1.295813] +VDDIO_SDMMC3: bypassed regulator has no supply!
[    1.301484] +VDDIO_SDMMC3: failed to get the current voltage(-517)
[    1.307676] as3722-regulator as3722-regulator: regulator 13 register failed -517
[    1.319958] tegra-ahci 70027000.sata: couldn't get PHY in node sata: -517
[    1.341779] m25p80 spi32765.0: w25q32dw (4096 Kbytes)
[    1.350326] libphy: Fixed MDIO Bus: probed
[    1.355135] CAN device driver interface
[    1.361136] igb: Intel(R) Gigabit Ethernet Network Driver - version 5.3.0-k
[    1.368105] igb: Copyright (c) 2007-2014 Intel Corporation.
[    1.377217] pegasus: v0.9.3 (2013/04/25), Pegasus/Pegasus II USB Ethernet driver
[    1.384674] usbcore: registered new interface driver pegasus
[    1.390401] usbcore: registered new interface driver asix
[    1.395849] usbcore: registered new interface driver ax88179_178a
[    1.401992] usbcore: registered new interface driver cdc_ether
[    1.407891] usbcore: registered new interface driver smsc75xx
[    1.413707] usbcore: registered new interface driver smsc95xx
[    1.419504] usbcore: registered new interface driver net1080
[    1.425215] usbcore: registered new interface driver cdc_subset
[    1.431183] usbcore: registered new interface driver zaurus
[    1.436833] usbcore: registered new interface driver cdc_ncm
[    1.442756] tegra-phy 7d004000.usb-phy: no vbus regulator
[    1.450412] ehci_hcd: USB 2.0 'Enhanced' Host Controller (EHCI) Driver
[    1.456947] ehci-pci: EHCI PCI platform driver
[    1.461442] ehci-platform: EHCI generic platform driver
[    1.466907] ehci-omap: OMAP-EHCI Host Controller driver
[    1.472295] ehci-orion: EHCI orion driver
[    1.476465] SPEAr-ehci: EHCI SPEAr driver
[    1.480641] ehci-st: EHCI STMicroelectronics driver
[    1.485685] ehci-exynos: EHCI EXYNOS driver
[    1.490053] ehci-atmel: EHCI Atmel driver
[    1.494211] tegra-ehci: Tegra EHCI driver
[    1.498478] ------------[ cut here ]------------
[    1.503117] WARNING: CPU: 1 PID: 1 at drivers/reset/core.c:187 __of_reset_control_get+0x1bc/0x228
[    1.511985] Modules linked in:
[    1.515064] CPU: 1 PID: 1 Comm: swapper/0 Not tainted 4.6.0-rc7-next-20160513-94712-g7fd1a86 #1
[    1.523747] Hardware name: NVIDIA Tegra SoC (Flattened Device Tree)
[    1.530025] [<c030f9d0>] (unwind_backtrace) from [<c030b0c8>] (show_stack+0x10/0x14)
[    1.537766] [<c030b0c8>] (show_stack) from [<c0586208>] (dump_stack+0x84/0xa4)
[    1.544986] [<c0586208>] (dump_stack) from [<c0341b6c>] (__warn+0xd4/0x100)
[    1.551945] [<c0341b6c>] (__warn) from [<c0341bb8>] (warn_slowpath_null+0x20/0x28)
[    1.559508] [<c0341bb8>] (warn_slowpath_null) from [<c069fbe0>] (__of_reset_control_get+0x1bc/0x228)
[    1.568634] [<c069fbe0>] (__of_reset_control_get) from [<c0911510>] (tegra_ehci_probe+0x2d0/0x51c)
[    1.577589] [<c0911510>] (tegra_ehci_probe) from [<c0778758>] (platform_drv_probe+0x50/0xb0)
[    1.586023] [<c0778758>] (platform_drv_probe) from [<c07770bc>] (driver_probe_device+0x1f4/0x2b0)
[    1.594887] [<c07770bc>] (driver_probe_device) from [<c0777224>] (__driver_attach+0xac/0xb0)
[    1.603316] [<c0777224>] (__driver_attach) from [<c07756d0>] (bus_for_each_dev+0x54/0x88)
[    1.611485] [<c07756d0>] (bus_for_each_dev) from [<c07766b0>] (bus_add_driver+0xe8/0x1f4)
[    1.619656] [<c07766b0>] (bus_add_driver) from [<c0777a40>] (driver_register+0x78/0xf4)
[    1.627653] [<c0777a40>] (driver_register) from [<c0301e7c>] (do_one_initcall+0x3c/0x16c)
[    1.635825] [<c0301e7c>] (do_one_initcall) from [<c1100d80>] (kernel_init_freeable+0x120/0x1ec)
[    1.644519] [<c1100d80>] (kernel_init_freeable) from [<c0b5b154>] (kernel_init+0x8/0x118)
[    1.652690] [<c0b5b154>] (kernel_init) from [<c0307fb8>] (ret_from_fork+0x14/0x3c)
[    1.660280] ---[ end trace 6036934b605b3712 ]---
[    1.664909] tegra-ehci 7d004000.usb: can't get utmi-pads reset from the PHY
[    1.671876] tegra-ehci 7d004000.usb: continuing, but please update your DT
[    1.678854] tegra-ehci 7d004000.usb: EHCI Host Controller
[    1.684285] tegra-ehci 7d004000.usb: new USB bus registered, assigned bus number 1
[    1.692041] tegra-ehci 7d004000.usb: irq 352, io mem 0x7d004000
[    1.704451] tegra-ehci 7d004000.usb: USB 2.0 started, EHCI 1.10
[    1.711198] hub 1-0:1.0: USB hub found
[    1.715006] hub 1-0:1.0: 1 port detected
[    1.719576] ohci_hcd: USB 1.1 'Open' Host Controller (OHCI) Driver
[    1.725776] ohci-pci: OHCI PCI platform driver
[    1.730284] ohci-platform: OHCI generic platform driver
[    1.735707] ohci-omap3: OHCI OMAP3 driver
[    1.739879] SPEAr-ohci: OHCI SPEAr driver
[    1.744037] ohci-st: OHCI STMicroelectronics driver
[    1.749080] ohci-atmel: OHCI Atmel driver
[    1.753932] usbcore: registered new interface driver usb-storage
[    1.761693] mousedev: PS/2 mouse device common for all mice
[    1.770884] as3722-rtc as3722-rtc: rtc core: registered as3722-rtc as rtc0
[    1.777778] as3722-rtc as3722-rtc: RTC interrupt 375
[    1.786181] tegra_rtc 7000e000.rtc: rtc core: registered 7000e000.rtc as rtc1
[    1.793378] tegra_rtc 7000e000.rtc: Tegra internal Real Time Clock
[    1.800163] i2c /dev entries driver
[    1.810665] 0-004c supply vcc not found, using dummy regulator
[    1.826287] sdhci: Secure Digital Host Controller Interface driver
[    1.832478] sdhci: Copyright(c) Pierre Ossman
[    1.838546] Synopsys Designware Multimedia Card Interface Driver
[    1.845765] sdhci-pltfm: SDHCI platform and OF driver helper
[    1.852256] sdhci-tegra 700b0400.sdhci: Got CD GPIO
[    1.857163] sdhci-tegra 700b0400.sdhci: Got WP GPIO
[    1.862108] mmc0: Unknown controller version (3). You may experience problems.
[    1.869611] mmc0: Unknown controller version (3). You may experience problems.
[    1.876900] mmc0: Invalid maximum block size, assuming 512 bytes
[    1.914452] mmc0: SDHCI controller on 700b0600.sdhci [700b0600.sdhci] using ADMA 64-bit
[    1.924194] ledtrig-cpu: registered to indicate activity on CPUs
[    1.930702] usbcore: registered new interface driver usbhid
[    1.936284] usbhid: USB HID core driver
[    1.944700] tegra124-dfll 70110000.clock: couldn't get vdd_cpu regulator
[    1.956355] NET: Registered protocol family 10
[    1.961501] sit: IPv6 over IPv4 tunneling driver
[    1.966806] NET: Registered protocol family 17
[    1.971293] can: controller area network core (rev 20120528 abi 9)
[    1.977565] NET: Registered protocol family 29
[    1.982030] can: raw protocol (rev 20120528)
[    1.986319] can: broadcast manager protocol (rev 20120528 t)
[    1.992004] can: netlink gateway (rev 20130117) max_hops=1
[    1.997912] Key type dns_resolver registered
[    2.002834] ThumbEE CPU extension supported.
[    2.007134] Registering SWP/SWPB emulation handler
[    2.015266] +3.3V_RUN: supplied by +3.3V_SYS
[    2.020837] +3.3V_AVDD_HDMI_AP_GATED: supplied by +3.3V_RUN
[    2.027036] +USB0_VBUS_SW: supplied by +5V_SYS
[    2.032247] +5V_USB_HS: supplied by +5V_SYS
[    2.038249] +3.3V_LP0: supplied by +3.3V_SYS
[    2.044176] +5V_HDMI_CON: supplied by +5V_SYS
[    2.049256] +5V_SATA: supplied by +5V_SYS
[    2.053975] +12V_SATA: supplied by +VDD_MUX
[    2.060384] usb2-0 supply vbus not found, using dummy regulator
[    2.062040] mmc0: new MMC card at address 0001
[    2.063337] mmcblk0: mmc0:0001 SEM16G 14.7 GiB 
[    2.063984] mmcblk0boot0: mmc0:0001 SEM16G partition 1 4.00 MiB
[    2.064983] mmcblk0boot1: mmc0:0001 SEM16G partition 2 4.00 MiB
[    2.065940] mmcblk0rpmb: mmc0:0001 SEM16G partition 3 4.00 MiB
[    2.070667]  mmcblk0: p1
[    2.095887] usb2-1 supply vbus not found, using dummy regulator
[    2.102269] usb3-0 supply vbus not found, using dummy regulator
[    2.109504] tegra-pcie 1003000.pcie-controller: 2x1, 1x1 configuration
[    2.116152] tegra-pcie 1003000.pcie-controller: Failed to get supply 'avddio-pex': -517
[    2.126151] tegra-hdmi 54280000.hdmi: failed to get PLL regulator
[    2.136812] as3722-sd2: supplied by +5V_SYS
[    2.141442] as3722-sd3: supplied by +5V_SYS
[    2.146040] as3722-sd4: supplied by +5V_SYS
[    2.150588] +1.05V_RUN_AVDD_HDMI_PLL: supplied by +1.05V_RUN
[    2.156433] as3722-sd5: supplied by +5V_SYS
[    2.162430] as3722-ldo0: supplied by +1.35V_LP0(sd2)
[    2.168466] as3722-ldo1: supplied by +3.3V_RUN
[    2.173366] as3722-ldo2: supplied by +1.8V_VDDIO
[    2.179011] as3722-ldo3: supplied by +3.3V_SYS
[    2.184358] as3722-ldo4: supplied by +3.3V_SYS
[    2.189087] as3722-ldo5: supplied by +1.8V_VDDIO
[    2.193980] as3722-ldo6: supplied by +3.3V_RUN
[    2.198724] as3722-ldo7: supplied by +1.8V_VDDIO
[    2.204100] +1.05V_RUN_CAM_REAR: Bringing 0uV into 1050000-1050000uV
[    2.211190] as3722-ldo9: supplied by +5V_SYS
[    2.216688] +3.3V_RUN_TOUCH: Bringing 0uV into 2800000-2800000uV
[    2.223287] as3722-ldo10: supplied by +5V_SYS
[    2.228198] +2.8V_RUN_CAM_AF: Bringing 0uV into 2800000-2800000uV
[    2.235045] as3722-ldo11: supplied by +3.3V_RUN
[    2.240366] +1.8V_RUN_VPP_FUSE: Bringing 0uV into 1800000-1800000uV
[    2.250044] tegra-ahci 70027000.sata: AHCI 0001.0301 32 slots 2 ports 3 Gbps 0x1 impl platform mode
[    2.259107] tegra-ahci 70027000.sata: flags: 64bit ncq sntf pm led pio slum part sadm sds apst 
[    2.269732] scsi host0: tegra-ahci
[    2.274327] scsi host1: tegra-ahci
[    2.278115] ata1: SATA max UDMA/133 mmio [mem 0x70027000-0x70028fff] port 0x100 irq 343
[    2.286130] ata2: DUMMY
[    2.291720] tegra-ehci 7d008000.usb: EHCI Host Controller
[    2.297177] tegra-ehci 7d008000.usb: new USB bus registered, assigned bus number 2
[    2.304940] tegra-ehci 7d008000.usb: irq 353, io mem 0x7d008000
[    2.319550] tegra-ehci 7d008000.usb: USB 2.0 started, EHCI 1.10
[    2.326678] hub 2-0:1.0: USB hub found
[    2.330536] hub 2-0:1.0: 1 port detected
[    2.337053] sdhci-tegra 700b0400.sdhci: Got CD GPIO
[    2.342004] sdhci-tegra 700b0400.sdhci: Got WP GPIO
[    2.346998] mmc1: Unknown controller version (3). You may experience problems.
[    2.354537] mmc1: Invalid maximum block size, assuming 512 bytes
[    2.394986] mmc1: SDHCI controller on 700b0400.sdhci [700b0400.sdhci] using ADMA 64-bit
[    2.407557] tegra-pcie 1003000.pcie-controller: 2x1, 1x1 configuration
[    2.416300] tegra-pcie 1003000.pcie-controller: probing port 0, using 2 lanes
[    2.424778] tegra-pcie 1003000.pcie-controller: Slot present pin change, signature: 00000008
[    2.448373] tegra-pcie 1003000.pcie-controller: probing port 1, using 1 lanes
[    2.457613] tegra-pcie 1003000.pcie-controller: Slot present pin change, signature: 00000000
[    2.472295] tegra-pcie 1003000.pcie-controller: PCI host bridge to bus 0000:00
[    2.479559] pci_bus 0000:00: root bus resource [io  0x0000-0xffff]
[    2.485755] pci_bus 0000:00: root bus resource [mem 0x13000000-0x1fffffff]
[    2.492672] pci_bus 0000:00: root bus resource [mem 0x20000000-0x3fffffff pref]
[    2.500019] pci_bus 0000:00: root bus resource [bus 00-ff]
[    2.505592] pci 0000:00:01.0: [10de:0e12] type 01 class 0x060400
[    2.511764] pci 0000:00:01.0: PME# supported from D0 D1 D2 D3hot D3cold
[    2.518776] pci 0000:00:02.0: [10de:0e13] type 01 class 0x060400
[    2.524957] pci 0000:00:02.0: PME# supported from D0 D1 D2 D3hot D3cold
[    2.531976] PCI: bus0: Fast back to back transfers disabled
[    2.537590] pci 0000:00:01.0: bridge configuration invalid ([bus 00-00]), reconfiguring
[    2.545647] pci 0000:00:02.0: bridge configuration invalid ([bus 00-00]), reconfiguring
[    2.553934] pci 0000:01:00.0: [8086:4232] type 00 class 0x028000
[    2.560037] pci 0000:01:00.0: reg 0x10: [mem 0x00000000-0x00001fff 64bit]
[    2.567104] pci 0000:01:00.0: PME# supported from D0 D3hot D3cold
[    2.579581] PCI: bus1: Fast back to back transfers disabled
[    2.585210] pci_bus 0000:01: busn_res: [bus 01-ff] end is updated to 01
[    2.592122] pci 0000:02:00.0: [10ec:8168] type 00 class 0x020000
[    2.598189] pci 0000:02:00.0: reg 0x10: [io  0x0000-0x00ff]
[    2.603221] ata1: SATA link down (SStatus 0 SControl 300)
[    2.609273] pci 0000:02:00.0: reg 0x18: [mem 0x00000000-0x00000fff 64bit]
[    2.616129] pci 0000:02:00.0: reg 0x20: [mem 0x00000000-0x00003fff 64bit pref]
[    2.623558] pci 0000:02:00.0: supports D1 D2
[    2.627871] pci 0000:02:00.0: PME# supported from D0 D1 D2 D3hot D3cold
[    2.644577] PCI: bus2: Fast back to back transfers disabled
[    2.650183] pci_bus 0000:02: busn_res: [bus 02-ff] end is updated to 02
[    2.656978] pci 0000:00:01.0: BAR 8: assigned [mem 0x13000000-0x130fffff]
[    2.663813] pci 0000:00:02.0: BAR 8: assigned [mem 0x13100000-0x131fffff]
[    2.670654] pci 0000:00:02.0: BAR 9: assigned [mem 0x20000000-0x200fffff 64bit pref]
[    2.678443] pci 0000:00:02.0: BAR 7: assigned [io  0x1000-0x1fff]
[    2.684593] pci 0000:01:00.0: BAR 0: assigned [mem 0x13000000-0x13001fff 64bit]
[    2.691975] pci 0000:00:01.0: PCI bridge to [bus 01]
[    2.696993] pci 0000:00:01.0:   bridge window [mem 0x13000000-0x130fffff]
[    2.703845] pci 0000:02:00.0: BAR 4: assigned [mem 0x20000000-0x20003fff 64bit pref]
[    2.711657] pci 0000:02:00.0: BAR 2: assigned [mem 0x13100000-0x13100fff 64bit]
[    2.719036] pci 0000:02:00.0: BAR 0: assigned [io  0x1000-0x10ff]
[    2.725185] pci 0000:00:02.0: PCI bridge to [bus 02]
[    2.730199] pci 0000:00:02.0:   bridge window [io  0x1000-0x1fff]
[    2.736346] pci 0000:00:02.0:   bridge window [mem 0x13100000-0x131fffff]
[    2.743182] pci 0000:00:02.0:   bridge window [mem 0x20000000-0x200fffff 64bit pref]
[    2.751011] pci 0000:00:01.0: nv_msi_ht_cap_quirk didn't locate host bridge
[    2.758141] pcieport 0000:00:01.0: enabling device (0140 -> 0142)
[    2.764582] pcieport 0000:00:01.0: Signaling PME through PCIe PME interrupt
[    2.771588] pci 0000:01:00.0: Signaling PME through PCIe PME interrupt
[    2.778166] pcie_pme 0000:00:01.0:pcie001: service driver pcie_pme loaded
[    2.785102] pci 0000:00:02.0: nv_msi_ht_cap_quirk didn't locate host bridge
[    2.792226] pcieport 0000:00:02.0: enabling device (0140 -> 0143)
[    2.798655] pcieport 0000:00:02.0: Signaling PME through PCIe PME interrupt
[    2.805659] pci 0000:02:00.0: Signaling PME through PCIe PME interrupt
[    2.812234] pcie_pme 0000:00:02.0:pcie001: service driver pcie_pme loaded
[    2.819392] r8169 Gigabit Ethernet driver 2.3LK-NAPI loaded
[    2.825034] r8169 0000:02:00.0: enabling device (0140 -> 0143)
[    2.841248] r8169 0000:02:00.0 eth0: RTL8168g/8111g at 0xf0a52000, 00:04:4b:3a:d9:81, XID 0c000800 IRQ 393
[    2.850965] r8169 0000:02:00.0 eth0: jumbo features [frames: 9200 bytes, tx checksumming: ko]
[    2.863560] [drm] Supports vblank timestamp caching Rev 2 (21.10.2013).
[    2.870224] [drm] No driver support for vblank timestamp query.
[    2.878082] mmc1: new high speed SDHC card at address aaaa
[    2.884537] mmcblk1: mmc1:aaaa SD04G 3.69 GiB 
[    2.899773]  mmcblk1: p1 p2 p3
[    2.997920] tegra-hdmi 54280000.hdmi: cannot set audio to 44100 at 297000000 pclk
[    3.167716] Console: switching to colour frame buffer device 512x135
[    3.263077] drm drm: fb0:  frame buffer device
[    3.279557] [drm] Initialized tegra 0.0.0 20120330 on minor 0
[    3.287098] of: dev_pm_opp_of_cpumask_add_table: couldn't find opp table for cpu:0, -19
[    3.295156] cpufreq: cpufreq_online: CPU0: Running at unlisted freq: 696000 KHz
[    3.302483] cpufreq: cpufreq_online: CPU0: Unlisted initial frequency changed to: 714000 KHz
[    3.311073] cpu cpu1: cpufreq_init: failed to get clk: -2
[    3.316555] cpu cpu2: cpufreq_init: failed to get clk: -2
[    3.322031] cpu cpu3: cpufreq_init: failed to get clk: -2
[    3.328387] input: gpio-keys as /devices/soc0/gpio-keys/input/input0
[    3.336034] as3722-rtc as3722-rtc: setting system clock to 2000-01-01 00:00:13 UTC (946684813)
[    3.350632] +USB0_VBUS_SW: disabling
[    3.354213] +1.8V_RUN_CAM: disabling
[    3.358171] +2.8V_RUN_CAM: disabling
[    3.362141] +1.2V_RUN_CAM_FRONT: disabling
[    3.366473] +1.05V_RUN_CAM_REAR: disabling
[    3.370789] +3.3V_RUN_TOUCH: disabling
[    3.374766] +2.8V_RUN_CAM_AF: disabling
[    3.378796] +1.8V_RUN_VPP_FUSE: disabling
[    3.385529] EXT4-fs (mmcblk0p1): mounting ext3 file system using the ext4 subsystem
[    3.591429] EXT4-fs (mmcblk0p1): recovery complete
[    3.599035] EXT4-fs (mmcblk0p1): mounted filesystem with ordered data mode. Opts: (null)
[    3.607361] VFS: Mounted root (ext3 filesystem) on device 179:1.
[    3.649693] devtmpfs: mounted
[    3.658271] Freeing unused kernel memory: 2048K (c1100000 - c1300000)
bash: cannot set terminal process group (-1): Inappropriate ioctl for device
bash: no job control in this shell
root@(none):/# 