

U-Boot 2011.03 (Jun 11 2013 - 06:07:37)

T114
Board: NVIDIA Dalmore
DRAM:  2 GiB
MMC:   Tegra2 SD/MMC: 0, Tegra2 SD/MMC: 1
In:    serial
Out:   serial
Err:   serial
Net:   Net Initialization Skipped
No ethernet found.
Hit any key to stop autoboot:  2  1  0 
Dalmore #
Dalmore #usb reset
(Re)start USB...
USB:   Register 10011 NbrPorts 1
USB EHCI 1.10
scanning bus for devices... 2 USB Device(s) found
       scanning bus for storage devices... 0 Storage Device(s) found
       scanning bus for ethernet devices... 1 Ethernet Device(s) found
Dalmore #setenv bootargs 'ignore_loglevel console=ttyS0,115200n8 rw root=/dev/mmcblk0p1 rootwait gpt init=/bin/bash'
Dalmore #setenv ipaddr 192.168.100.100; setenv serverip 192.168.100.1; setenv tftpserverip 192.168.100.1
Dalmore #tftpboot 0x81000000 zImage.multi_v7_defconfig
Waiting for Ethernet connection... done.
Using asx0 device
TFTP from server 192.168.100.1; our IP address is 192.168.100.100
Filename 'zImage.multi_v7_defconfig'.
Load address: 0x81000000
Loading: *#################################################  2.8 MiB/s
done
Bytes transferred = 3907264 (3b9ec0 hex)
Dalmore #tftpboot 0x82000000 tegra114-dalmore.dtb
Using asx0 device
TFTP from server 192.168.100.1; our IP address is 192.168.100.100
Filename 'tegra114-dalmore.dtb'.
Load address: 0x82000000
Loading: *#################################################  2.5 MiB/s
done
Bytes transferred = 29073 (7191 hex)
Dalmore #bootz 0x81000000 - 0x82000000
## Flattened Device Tree blob at 82000000
   Booting using the fdt blob at 0x82000000
   Loading Device Tree to 81ff5000, end 81fff190 ... OK

Starting kernel ...

Timer summary in microseconds:
       Mark    Elapsed  Stage
          0          0  awake
  3,104,520  3,104,520  usb_start
  7,107,825  4,003,305  eth_start
  7,107,823         -2  tftp start
 10,872,013  3,764,190  tftp done
 12,119,585  1,247,572  start_kernel
[    0.000000] Booting Linux on physical CPU 0x0
[    0.000000] Linux version 3.11.0-rc7-next-20130827-08894-ge4a745f (pwalmsley@tamien) (gcc version 4.5.1 (Sourcery G++ Lite 2010.09-50) ) #1 SMP Tue Aug 27 04:20:42 PDT 2013
[    0.000000] CPU: ARMv7 Processor [412fc0f2] revision 2 (ARMv7), cr=10c5387d
[    0.000000] CPU: PIPT / VIPT nonaliasing data cache, PIPT instruction cache
[    0.000000] Machine: NVIDIA Tegra SoC (Flattened Device Tree), model: NVIDIA Tegra114 Dalmore evaluation board
[    0.000000] debug: ignoring loglevel setting.
[    0.000000] Memory policy: ECC disabled, Data cache writealloc
[    0.000000] On node 0 totalpages: 524032
[    0.000000] free_area_init_node: node 0, pgdat c079b1c0, node_mem_map c07e2000
[    0.000000]   DMA zone: 1520 pages used for memmap
[    0.000000]   DMA zone: 0 pages reserved
[    0.000000]   DMA zone: 194560 pages, LIFO batch:31
[    0.000000]   HighMem zone: 2574 pages used for memmap
[    0.000000]   HighMem zone: 329472 pages, LIFO batch:31
[    0.000000] Tegra Revision: A01 SKU: 0 CPU Process: 1 Core Process: 1
[    0.000000] PERCPU: Embedded 5 pages/cpu @c17fa000 s6976 r0 d13504 u32768
[    0.000000] pcpu-alloc: s6976 r0 d13504 u32768 alloc=8*4096
[    0.000000] pcpu-alloc: [0] 0 [0] 1 [0] 2 [0] 3 
[    0.000000] Built 1 zonelists in Zone order, mobility grouping on.  Total pages: 522512
[    0.000000] Kernel command line: ignore_loglevel console=ttyS0,115200n8 rw root=/dev/mmcblk0p1 rootwait gpt init=/bin/bash
[    0.000000] PID hash table entries: 4096 (order: 2, 16384 bytes)
[    0.000000] Dentry cache hash table entries: 131072 (order: 7, 524288 bytes)
[    0.000000] Inode-cache hash table entries: 65536 (order: 6, 262144 bytes)
[    0.000000] Memory: 2070648K/2096128K available (5299K kernel code, 591K rwdata, 1384K rodata, 474K init, 277K bss, 25480K reserved, 1317888K highmem)
[    0.000000] Virtual kernel memory layout:
[    0.000000]     vector  : 0xffff0000 - 0xffff1000   (   4 kB)
[    0.000000]     fixmap  : 0xfff00000 - 0xfffe0000   ( 896 kB)
[    0.000000]     vmalloc : 0xf0000000 - 0xff000000   ( 240 MB)
[    0.000000]     lowmem  : 0xc0000000 - 0xef800000   ( 760 MB)
[    0.000000]     pkmap   : 0xbfe00000 - 0xc0000000   (   2 MB)
[    0.000000]       .text : 0xc0008000 - 0xc068f134   (6685 kB)
[    0.000000]       .init : 0xc0690000 - 0xc0706b40   ( 475 kB)
[    0.000000]       .data : 0xc0708000 - 0xc079bfa0   ( 592 kB)
[    0.000000]        .bss : 0xc079bfa8 - 0xc07e1754   ( 278 kB)
[    0.000000] SLUB: HWalign=64, Order=0-3, MinObjects=0, CPUs=4, Nodes=1
[    0.000000] Hierarchical RCU implementation.
[    0.000000] NR_IRQS:16 nr_irqs:16 16
[    0.000000] sched_clock: 32 bits at 1MHz, resolution 1000ns, wraps every 4294967ms
[    0.000000] Architected cp15 timer(s) running at 12.00MHz (virt).
[    0.000000] Switching to timer-based delay loop
[    0.000000] sched_clock: ARM arch timer >56 bits at 12000kHz, resolution 83ns
[    0.000000] Console: colour dummy device 80x30
[   12.072991] Calibrating delay loop (skipped), value calculated using timer frequency.. 24.00 BogoMIPS (lpj=120000)
[   12.073006] pid_max: default: 32768 minimum: 301
[   12.073158] Mount-cache hash table entries: 512
[   12.081165] CPU: Testing write buffer coherency: ok
[   12.081406] /cpus/cpu@0 missing clock-frequency property
[   12.081433] /cpus/cpu@1 missing clock-frequency property
[   12.081457] /cpus/cpu@2 missing clock-frequency property
[   12.081483] /cpus/cpu@3 missing clock-frequency property
[   12.081496] CPU0: thread -1, cpu 0, socket 0, mpidr 80000000
[   12.081522] Setting up static identity map for 0xc0508ab8 - 0xc0508b50
[   12.081729] unable to find compatible sirf rstc node in dtb
[   12.082974] CPU1: Booted secondary processor
[   12.083001] CPU1: thread -1, cpu 1, socket 0, mpidr 80000001
[   12.083531] CPU2: Booted secondary processor
[   12.083556] CPU2: thread -1, cpu 2, socket 0, mpidr 80000002
[   12.084072] CPU3: Booted secondary processor
[   12.084095] CPU3: thread -1, cpu 3, socket 0, mpidr 80000003
[   12.084184] Brought up 4 CPUs
[   12.084211] SMP: Total of 4 processors activated (96.00 BogoMIPS).
[   12.084219] CPU: All CPU(s) started in SVC mode.
[   12.084857] devtmpfs: initialized
[   12.090355] VFP support v0.3: implementor 41 architecture 4 part 30 variant f rev 0
[   12.090543] pinctrl core: initialized pinctrl subsystem
[   12.090899] regulator-dummy: no parameters
[   12.091262] NET: Registered protocol family 16
[   12.091499] DMA: preallocated 256 KiB pool for atomic coherent allocations
[   12.101567] Serial: AMBA PL011 UART driver
[   12.106522] bio: create slab <bio-0> at 0
[   12.107895] edma-dma-engine edma-dma-engine.0: Can't allocate PaRAM dummy slot
[   12.107918] edma-dma-engine: probe of edma-dma-engine.0 failed with error -5
[   12.108309] vdd_ac_bat: 5000 mV 
[   12.108492] dvdd_ts: Failed to request enable GPIO61: -517
[   12.108582] reg-fixed-voltage 1.regulator: Failed to register regulator: -517
[   12.108603] platform 1.regulator: Driver reg-fixed-voltage requests probe deferral
[   12.108719] lcd_bl_en: Failed to request enable GPIO58: -517
[   12.108797] reg-fixed-voltage 2.regulator: Failed to register regulator: -517
[   12.108815] platform 2.regulator: Driver reg-fixed-voltage requests probe deferral
[   12.108931] usb1_vbus: Failed to request enable GPIO108: -517
[   12.109009] reg-fixed-voltage 3.regulator: Failed to register regulator: -517
[   12.109026] platform 3.regulator: Driver reg-fixed-voltage requests probe deferral
[   12.109142] usb2_vbus: Failed to request enable GPIO86: -517
[   12.109218] reg-fixed-voltage 4.regulator: Failed to register regulator: -517
[   12.109235] platform 4.regulator: Driver reg-fixed-voltage requests probe deferral
[   12.109349] vdd_hdmi_5v0: Failed to request enable GPIO81: -517
[   12.109423] reg-fixed-voltage 5.regulator: Failed to register regulator: -517
[   12.109440] platform 5.regulator: Driver reg-fixed-voltage requests probe deferral
[   12.109497] platform 6.regulator: Driver reg-fixed-voltage requests probe deferral
[   12.110609] SCSI subsystem initialized
[   12.110758] libata version 3.00 loaded.
[   12.110934] usbcore: registered new interface driver usbfs
[   12.110972] usbcore: registered new interface driver hub
[   12.111060] usbcore: registered new device driver usb
[   12.113737] vdd-cpu: 500 <--> 1520 mV at 1100 mV 
[   12.113936] genirq: Setting trigger mode 8 for irq 118 failed (gic_set_type+0x0/0x100)
[   12.114130] pps_core: LinuxPPS API ver. 1 registered
[   12.114139] pps_core: Software ver. 5.3.6 - Copyright 2005-2007 Rodolfo Giometti <giometti@linux.it>
[   12.114159] PTP clock support registered
[   12.114191] EDAC MC: Ver: 3.0.0
[   12.115082] Switched to clocksource arch_sys_counter
[   12.122524] NET: Registered protocol family 2
[   12.123028] TCP established hash table entries: 8192 (order: 4, 65536 bytes)
[   12.123213] TCP bind hash table entries: 8192 (order: 4, 65536 bytes)
[   12.123389] TCP: Hash tables configured (established 8192 bind 8192)
[   12.123455] TCP: reno registered
[   12.123469] UDP hash table entries: 512 (order: 2, 16384 bytes)
[   12.123509] UDP-Lite hash table entries: 512 (order: 2, 16384 bytes)
[   12.123742] NET: Registered protocol family 1
[   12.124025] RPC: Registered named UNIX socket transport module.
[   12.124035] RPC: Registered udp transport module.
[   12.124042] RPC: Registered tcp transport module.
[   12.124050] RPC: Registered tcp NFSv4.1 backchannel transport module.
[   12.125977] bounce pool size: 64 pages
[   12.133368] NFS: Registering the id_resolver key type
[   12.133408] Key type id_resolver registered
[   12.133417] Key type id_legacy registered
[   12.133653] Block layer SCSI generic (bsg) driver version 0.4 loaded (major 251)
[   12.133664] io scheduler noop registered
[   12.133672] io scheduler deadline registered
[   12.133807] io scheduler cfq registered (default)
[   12.142308] tegra-apbdma 6000a000.dma: Tegra20 APB DMA driver register 32 channels
[   12.189373] Serial: 8250/16550 driver, 4 ports, IRQ sharing disabled
[   12.190472] Serial: IMX driver
[   12.191468] 70006300.serial: ttyS0 at MMIO 0x70006300 (irq = 122, base_baud = 25500000) is a Tegra
[   12.916595] console [ttyS0] enabled
[   12.920940] serial: Freescale lpuart driver
[   12.925410] [drm] Initialized drm 1.1.0 20060810
[   12.932473] ehci_hcd: USB 2.0 'Enhanced' Host Controller (EHCI) Driver
[   12.938965] ehci-platform: EHCI generic platform driver
[   12.944272] ehci-omap: OMAP-EHCI Host Controller driver
[   12.949545] ehci-orion: EHCI orion driver
[   12.953627] SPEAr-ehci: EHCI SPEAr driver
[   12.957694] tegra-ehci: Tegra EHCI driver
[   12.961874] platform 7d008000.usb: Driver tegra-ehci requests probe deferral
[   12.969137] usbcore: registered new interface driver usb-storage
[   12.975689] platform 7d008000.usb-phy: Driver tegra-phy requests probe deferral
[   12.983723] mousedev: PS/2 mouse device common for all mice
[   12.989937] tegra_rtc 7000e000.rtc: rtc core: registered 7000e000.rtc as rtc0
[   12.997067] tegra_rtc 7000e000.rtc: Tegra internal Real Time Clock
[   13.003816] sdhci: Secure Digital Host Controller Interface driver
[   13.009959] sdhci: Copyright(c) Pierre Ossman
[   13.014623] sdhci-pltfm: SDHCI platform and OF driver helper
[   13.020558] sdhci-tegra 78000400.sdhci: Got CD GPIO #170.
[   13.026978] mmc0: no vqmmc regulator found
[   13.031054] mmc0: no vmmc regulator found
[   13.035052] mmc0: Invalid maximum block size, assuming 512 bytes
[   13.081221] mmc0: SDHCI controller on 78000400.sdhci [78000400.sdhci] using ADMA
[   13.088686] mmc1: no vqmmc regulator found
[   13.092778] mmc1: no vmmc regulator found
[   13.096764] mmc1: Invalid maximum block size, assuming 512 bytes
[   13.140974] mmc1: SDHCI controller on 78000600.sdhci [78000600.sdhci] using ADMA
[   13.148733] usbcore: registered new interface driver usbhid
[   13.154289] usbhid: USB HID core driver
[   13.158330] TCP: cubic registered
[   13.162105] NET: Registered protocol family 10
[   13.167159] sit: IPv6 over IPv4 tunneling driver
[   13.172356] Key type dns_resolver registered
[   13.176728] Registering SWP/SWPB emulation handler
[   13.184561] dvdd_ts: 1800 mV 
[   13.187805] lcd_bl_en: 5000 mV 
[   13.191205] usb1_vbus: 5000 mV 
[   13.194362] reg-fixed-voltage 3.regulator: Failed to find supply vin
[   13.200790] reg-fixed-voltage 3.regulator: Failed to register regulator: -517
[   13.207896] platform 3.regulator: Driver reg-fixed-voltage requests probe deferral
[   13.215876] usb2_vbus: 5000 mV 
[   13.219024] reg-fixed-voltage 4.regulator: Failed to find supply vin
[   13.225437] reg-fixed-voltage 4.regulator: Failed to register regulator: -517
[   13.232560] platform 4.regulator: Driver reg-fixed-voltage requests probe deferral
[   13.240443] vdd_hdmi_5v0: 5000 mV 
[   13.243864] reg-fixed-voltage 5.regulator: Failed to find supply vin
[   13.250261] reg-fixed-voltage 5.regulator: Failed to register regulator: -517
[   13.257378] platform 5.regulator: Driver reg-fixed-voltage requests probe deferral
[   13.262804] mmc1: BKOPS_EN bit is not set
[   13.269187] platform 6.regulator: Driver reg-fixed-voltage requests probe deferral
[   13.277194] platform 7d008000.usb: Driver tegra-ehci requests probe deferral
[   13.284589] platform 7d008000.usb-phy: Driver tegra-phy requests probe deferral
[   13.289247] mmc1: new HS200 MMC card at address 0001
[   13.289682] mmcblk0: mmc1:0001 SEM32G 29.1 GiB 
[   13.289844] mmcblk0boot0: mmc1:0001 SEM32G partition 1 4.00 MiB
[   13.289995] mmcblk0boot1: mmc1:0001 SEM32G partition 2 4.00 MiB
[   13.290148] mmcblk0rpmb: mmc1:0001 SEM32G partition 3 4.00 MiB
[   13.292519] Primary GPT is invalid, using alternate GPT.
[   13.292544]  mmcblk0: p1 p2 p3 p4 p5
[   13.295354]  mmcblk0boot1: unknown partition table
[   13.296898]  mmcblk0boot0: unknown partition table
[   13.337458] usb1_vbus: 5000 mV 
[   13.340628] reg-fixed-voltage 3.regulator: Failed to find supply vin
[   13.347026] reg-fixed-voltage 3.regulator: Failed to register regulator: -517
[   13.354144] platform 3.regulator: Driver reg-fixed-voltage requests probe deferral
[   13.362059] usb2_vbus: 5000 mV 
[   13.365207] reg-fixed-voltage 4.regulator: Failed to find supply vin
[   13.371618] reg-fixed-voltage 4.regulator: Failed to register regulator: -517
[   13.378722] platform 4.regulator: Driver reg-fixed-voltage requests probe deferral
[   13.386613] vdd_hdmi_5v0: 5000 mV 
[   13.390035] reg-fixed-voltage 5.regulator: Failed to find supply vin
[   13.396432] reg-fixed-voltage 5.regulator: Failed to register regulator: -517
[   13.403548] platform 5.regulator: Driver reg-fixed-voltage requests probe deferral
[   13.411371] platform 6.regulator: Driver reg-fixed-voltage requests probe deferral
[   13.419367] platform 7d008000.usb: Driver tegra-ehci requests probe deferral
[   13.426498] tegra_rtc 7000e000.rtc: setting system clock to 1970-01-01 00:00:14 UTC (14)
[   13.439402] EXT4-fs (mmcblk0p1): mounting ext3 file system using the ext4 subsystem
[   13.480346] EXT4-fs (mmcblk0p1): recovery complete
[   13.485126] EXT4-fs (mmcblk0p1): mounted filesystem with ordered data mode. Opts: (null)
[   13.493224] VFS: Mounted root (ext3 filesystem) on device 179:1.
[   13.501269] devtmpfs: mounted
[   13.504637] Freeing unused kernel memory: 472K (c0690000 - c0706000)
bash: cannot set terminal process group (-1): Inappropriate ioctl for device
bash: no job control in this shell
I have no name!@(none):/# 