

U-Boot 2011.03 (Jun 11 2013 - 06:07:37)

T114
Board: NVIDIA Dalmore
DRAM:  2 GiB
MMC:   Tegra2 SD/MMC: 0, Tegra2 SD/MMC: 1
In:    serial
Out:   serial
Err:   serial
Net:   Net Initialization Skipped
No ethernet found.
Hit any key to stop autoboot:  2  1  0 
Dalmore #
Dalmore #usb reset
(Re)start USB...
USB:   Register 10011 NbrPorts 1
USB EHCI 1.10
scanning bus for devices... 2 USB Device(s) found
       scanning bus for storage devices... 0 Storage Device(s) found
       scanning bus for ethernet devices... 1 Ethernet Device(s) found
Dalmore #setenv bootargs 'ignore_loglevel console=ttyS0,115200n8 rw root=/dev/mmcblk0p1 rootwait gpt init=/bin/bash'
Dalmore #setenv ipaddr 192.168.100.100; setenv serverip 192.168.100.1; setenv tftpserverip 192.168.100.1
Dalmore #tftpboot 0x81000000 zImage.tegra_defconfig%tegra20,114_mergeconfig
Waiting for Ethernet connection... done.
Using asx0 device
TFTP from server 192.168.100.1; our IP address is 192.168.100.100
Filename 'zImage.tegra_defconfig%tegra20,114_mergeconfig'.
Load address: 0x81000000
Loading: *#################################################  2.8 MiB/s
done
Bytes transferred = 4445096 (43d3a8 hex)
Dalmore #tftpboot 0x82000000 tegra114-dalmore.dtb
Using asx0 device
TFTP from server 192.168.100.1; our IP address is 192.168.100.100
Filename 'tegra114-dalmore.dtb'.
Load address: 0x82000000
Loading: *#################################################  2.5 MiB/s
done
Bytes transferred = 29073 (7191 hex)
Dalmore #bootz 0x81000000 - 0x82000000
## Flattened Device Tree blob at 82000000
   Booting using the fdt blob at 0x82000000
   Loading Device Tree to 81ff5000, end 81fff190 ... OK

Starting kernel ...

Timer summary in microseconds:
       Mark    Elapsed  Stage
          0          0  awake
  3,081,112  3,081,112  usb_start
  7,086,249  4,005,137  eth_start
  7,086,246         -3  tftp start
 11,034,862  3,948,616  tftp done
 13,096,575  2,061,713  start_kernel
Uncompressing Linux... done, booting the kernel.
[    0.000000] Booting Linux on physical CPU 0x0
[    0.000000] Initializing cgroup subsys cpu
[    0.000000] Initializing cgroup subsys cpuacct
[    0.000000] Linux version 3.11.0-rc7-next-20130827-08894-ge4a745f (pwalmsley@tamien) (gcc version 4.5.1 (Sourcery G++ Lite 2010.09-50) ) #1 SMP PREEMPT Tue Aug 27 04:30:28 PDT 2013
[    0.000000] CPU: ARMv7 Processor [412fc0f2] revision 2 (ARMv7), cr=10c5387d
[    0.000000] CPU: PIPT / VIPT nonaliasing data cache, PIPT instruction cache
[    0.000000] Machine: NVIDIA Tegra SoC (Flattened Device Tree), model: NVIDIA Tegra114 Dalmore evaluation board
[    0.000000] debug: ignoring loglevel setting.
[    0.000000] Memory policy: ECC disabled, Data cache writealloc
[    0.000000] On node 0 totalpages: 524032
[    0.000000] free_area_init_node: node 0, pgdat c082d580, node_mem_map c0885000
[    0.000000]   Normal zone: 1520 pages used for memmap
[    0.000000]   Normal zone: 0 pages reserved
[    0.000000]   Normal zone: 194560 pages, LIFO batch:31
[    0.000000]   HighMem zone: 2574 pages used for memmap
[    0.000000]   HighMem zone: 329472 pages, LIFO batch:31
[    0.000000] Tegra Revision: A01 SKU: 0 CPU Process: 1 Core Process: 1
[    0.000000] PERCPU: Embedded 8 pages/cpu @c189d000 s9088 r8192 d15488 u32768
[    0.000000] pcpu-alloc: s9088 r8192 d15488 u32768 alloc=8*4096
[    0.000000] pcpu-alloc: [0] 0 [0] 1 [0] 2 [0] 3 
[    0.000000] Built 1 zonelists in Zone order, mobility grouping on.  Total pages: 522512
[    0.000000] Kernel command line: ignore_loglevel console=ttyS0,115200n8 rw root=/dev/mmcblk0p1 rootwait gpt init=/bin/bash
[    0.000000] PID hash table entries: 4096 (order: 2, 16384 bytes)
[    0.000000] Dentry cache hash table entries: 131072 (order: 7, 524288 bytes)
[    0.000000] Inode-cache hash table entries: 65536 (order: 6, 262144 bytes)
[    0.000000] Memory: 2069948K/2096128K available (6071K kernel code, 291K rwdata, 1752K rodata, 224K init, 340K bss, 26180K reserved, 1317888K highmem)
[    0.000000] Virtual kernel memory layout:
[    0.000000]     vector  : 0xffff0000 - 0xffff1000   (   4 kB)
[    0.000000]     fixmap  : 0xfff00000 - 0xfffe0000   ( 896 kB)
[    0.000000]     vmalloc : 0xf0000000 - 0xff000000   ( 240 MB)
[    0.000000]     lowmem  : 0xc0000000 - 0xef800000   ( 760 MB)
[    0.000000]     pkmap   : 0xbfe00000 - 0xc0000000   (   2 MB)
[    0.000000]     modules : 0xbf000000 - 0xbfe00000   (  14 MB)
[    0.000000]       .text : 0xc0008000 - 0xc07ac020   (7825 kB)
[    0.000000]       .init : 0xc07ad000 - 0xc07e5380   ( 225 kB)
[    0.000000]       .data : 0xc07e6000 - 0xc082ec80   ( 292 kB)
[    0.000000]        .bss : 0xc082ec8c - 0xc0884038   ( 341 kB)
[    0.000000] Preemptible hierarchical RCU implementation.
[    0.000000] NR_IRQS:16 nr_irqs:16 16
[    0.000000] sched_clock: 32 bits at 1MHz, resolution 1000ns, wraps every 4294967ms
[    0.000000] Architected cp15 timer(s) running at 12.00MHz (virt).
[    0.000000] Switching to timer-based delay loop
[    0.000000] sched_clock: ARM arch timer >56 bits at 12000kHz, resolution 83ns
[    0.000000] Console: colour dummy device 80x30
[   13.092449] Calibrating delay loop (skipped), value calculated using timer frequency.. 24.00 BogoMIPS (lpj=120000)
[   13.092467] pid_max: default: 32768 minimum: 301
[   13.092900] Mount-cache hash table entries: 512
[   13.111359] Initializing cgroup subsys debug
[   13.111386] Initializing cgroup subsys freezer
[   13.111445] CPU: Testing write buffer coherency: ok
[   13.111812] /cpus/cpu@0 missing clock-frequency property
[   13.111840] /cpus/cpu@1 missing clock-frequency property
[   13.111865] /cpus/cpu@2 missing clock-frequency property
[   13.111891] /cpus/cpu@3 missing clock-frequency property
[   13.111904] CPU0: thread -1, cpu 0, socket 0, mpidr 80000000
[   13.111932] Setting up static identity map for 0xc05c6b88 - 0xc05c6c20
[   13.172477] CPU1: Booted secondary processor
[   13.172505] CPU1: thread -1, cpu 1, socket 0, mpidr 80000001
[   13.192422] CPU2: Booted secondary processor
[   13.192446] CPU2: thread -1, cpu 2, socket 0, mpidr 80000002
[   13.212347] CPU3: Booted secondary processor
[   13.212372] CPU3: thread -1, cpu 3, socket 0, mpidr 80000003
[   13.212481] Brought up 4 CPUs
[   13.212510] SMP: Total of 4 processors activated (96.00 BogoMIPS).
[   13.212519] CPU: All CPU(s) started in SVC mode.
[   13.213525] devtmpfs: initialized
[   13.226492] VFP support v0.3: implementor 41 architecture 4 part 30 variant f rev 0
[   13.226875] pinctrl core: initialized pinctrl subsystem
[   13.227399] regulator-dummy: no parameters
[   13.227892] NET: Registered protocol family 16
[   13.228162] DMA: preallocated 256 KiB pool for atomic coherent allocations
[   13.228928] cpuidle: using governor ladder
[   13.228938] cpuidle: using governor menu
[   13.239694] No ATAGs?
[   13.239724] hw-breakpoint: found 5 (+1 reserved) breakpoint and 4 watchpoint registers.
[   13.239734] hw-breakpoint: maximum watchpoint size is 8 bytes.
[   13.250682] bio: create slab <bio-0> at 0
[   13.252158] vdd_ac_bat: 5000 mV 
[   13.252492] dvdd_ts: Failed to request enable GPIO61: -517
[   13.252654] reg-fixed-voltage 1.regulator: Failed to register regulator: -517
[   13.252678] platform 1.regulator: Driver reg-fixed-voltage requests probe deferral
[   13.252878] lcd_bl_en: Failed to request enable GPIO58: -517
[   13.253022] reg-fixed-voltage 2.regulator: Failed to register regulator: -517
[   13.253045] platform 2.regulator: Driver reg-fixed-voltage requests probe deferral
[   13.253241] usb1_vbus: Failed to request enable GPIO108: -517
[   13.253384] reg-fixed-voltage 3.regulator: Failed to register regulator: -517
[   13.253406] platform 3.regulator: Driver reg-fixed-voltage requests probe deferral
[   13.253600] usb2_vbus: Failed to request enable GPIO86: -517
[   13.253741] reg-fixed-voltage 4.regulator: Failed to register regulator: -517
[   13.253763] platform 4.regulator: Driver reg-fixed-voltage requests probe deferral
[   13.253958] vdd_hdmi_5v0: Failed to request enable GPIO81: -517
[   13.254099] reg-fixed-voltage 5.regulator: Failed to register regulator: -517
[   13.254121] platform 5.regulator: Driver reg-fixed-voltage requests probe deferral
[   13.254198] platform 6.regulator: Driver reg-fixed-voltage requests probe deferral
[   13.255190] vgaarb: loaded
[   13.256266] SCSI subsystem initialized
[   13.256629] usbcore: registered new interface driver usbfs
[   13.256741] usbcore: registered new interface driver hub
[   13.256908] usbcore: registered new device driver usb
[   13.260806] vdd-cpu: 500 <--> 1520 mV at 1100 mV 
[   13.261458] tps65090 1-0048: No cache defaults, reading back from HW
[   13.267845] vdd-sys-5v0: no parameters
[   13.267892] vdd-sys-5v0: supplied by vdd_ac_bat
[   13.269333] vdd-sys-3v3: no parameters
[   13.269371] vdd-sys-3v3: supplied by vdd_ac_bat
[   13.270810] vdd-ao: no parameters
[   13.270849] vdd-ao: supplied by vdd_ac_bat
[   13.271098] vdd-lcd-bl: no parameters
[   13.271136] vdd-lcd-bl: supplied by vdd_ac_bat
[   13.271404] TPS65090_RAILSFET2: no parameters
[   13.271441] TPS65090_RAILSFET2: supplied by vdd_ac_bat
[   13.271689] vdd-modem-3v3: no parameters
[   13.271721] vdd-modem-3v3: supplied by vdd-sys-3v3
[   13.271989] avdd-lcd: no parameters
[   13.272022] avdd-lcd: supplied by vdd-sys-3v3
[   13.272279] vdd-lvds: no parameters
[   13.272313] vdd-lvds: supplied by vdd-sys-3v3
[   13.272558] vdd-sd-slot: no parameters
[   13.272592] vdd-sd-slot: supplied by vdd-sys-3v3
[   13.272857] vdd-com-3v3: no parameters
[   13.272893] vdd-com-3v3: supplied by vdd-sys-3v3
[   13.273128] vdd-sby-5v0: no parameters
[   13.273161] vdd-sby-5v0: supplied by vdd_ac_bat
[   13.273411] vdd-sby-3v3: no parameters
[   13.273443] vdd-sby-3v3: supplied by vdd_ac_bat
[   13.273810] genirq: Setting trigger mode 8 for irq 118 failed (gic_set_type+0x0/0xf0)
[   13.274250] palmas 1-0058: Irq flag is 0x00000000
[   13.288549] palmas 1-0058: Muxing GPIO ff, PWM 0, LED 0
[   13.297481] vddio-ddr: 1350 mV 
[   13.298323] vddio-ddr: supplied by vdd-ao
[   13.305277] vddio-1v8: 1800 mV 
[   13.306129] vddio-1v8: supplied by vdd-ao
[   13.313065] vdd-core: 900 <--> 1400 mV at 1100 mV 
[   13.313902] vdd-core: supplied by vdd-sys-3v3
[   13.318084] SMPS6: no parameters
[   13.325798] avdd-pll: 1050 mV 
[   13.326638] avdd-pll: supplied by vdd-sys-3v3
[   13.334965] sdhci-vdd-sd-slot: 2800 mV 
[   13.335817] sdhci-vdd-sd-slot: supplied by vdd-sys-3v3
[   13.337652] SMPS10_OUT2: at 5000 mV 
[   13.339450] SMPS10_OUT1: at 5000 mV 
[   13.342072] avdd-cam1: 2800 mV 
[   13.342909] avdd-cam1: supplied by vdd-sys-3v3
[   13.346907] avdd-cam2: 2800 mV 
[   13.347756] avdd-cam2: supplied by vdd-sys-3v3
[   13.352526] avdd-dsi-csi: 1200 mV 
[   13.353363] avdd-dsi-csi: supplied by vddio-1v8
[   13.358146] vpp-fuse: 1800 mV 
[   13.358994] vpp-fuse: supplied by vdd-sys-3v3
[   13.362191] LDO5: at 1200 mV 
[   13.363033] LDO5: supplied by vdd_ac_bat
[   13.365683] vdd-sensor-2v85: 2850 mV 
[   13.366532] vdd-sensor-2v85: supplied by vdd-sys-3v3
[   13.370536] vdd-af-cam1: 2800 mV 
[   13.371375] vdd-af-cam1: supplied by vdd-sys-3v3
[   13.379458] vdd-rtc: 900 mV 
[   13.380306] vdd-rtc: supplied by vdd-ao
[   13.384302] vddio-sdmmc-2: 1800 <--> 3300 mV at 3300 mV 
[   13.385138] vddio-sdmmc-2: supplied by sdhci-vdd-sd-slot
[   13.389928] hvdd-usb: 3300 mV 
[   13.390776] hvdd-usb: supplied by vdd-sys-5v0
[   13.395555] avdd-usb: 3300 mV 
[   13.396391] avdd-usb: supplied by vdd-sys-5v0
[   13.399606] rail-3v3: no parameters
[   13.402063] rail-5v0: no parameters
[   13.403646] REGEN3: no parameters
[   13.403853] SYSEN1: no parameters
[   13.404040] SYSEN2: no parameters
[   13.404518] Linux video capture interface: v2.00
[   13.405225] platform 7000f010.iommu: Driver tegra-smmu requests probe deferral
[   13.405524] Advanced Linux Sound Architecture Driver Initialized.
[   13.406307] Bluetooth: Core ver 2.16
[   13.406380] NET: Registered protocol family 31
[   13.406388] Bluetooth: HCI device and connection manager initialized
[   13.406414] Bluetooth: HCI socket layer initialized
[   13.406435] Bluetooth: L2CAP socket layer initialized
[   13.406483] Bluetooth: SCO socket layer initialized
[   13.407215] cfg80211: Calling CRDA to update world regulatory domain
[   13.408313] Switched to clocksource arch_sys_counter
[   13.422415] NET: Registered protocol family 2
[   13.423339] TCP established hash table entries: 8192 (order: 4, 65536 bytes)
[   13.423537] TCP bind hash table entries: 8192 (order: 4, 65536 bytes)
[   13.423714] TCP: Hash tables configured (established 8192 bind 8192)
[   13.424161] TCP: reno registered
[   13.424178] UDP hash table entries: 512 (order: 2, 16384 bytes)
[   13.424219] UDP-Lite hash table entries: 512 (order: 2, 16384 bytes)
[   13.424629] NET: Registered protocol family 1
[   13.425371] RPC: Registered named UNIX socket transport module.
[   13.425383] RPC: Registered udp transport module.
[   13.425391] RPC: Registered tcp transport module.
[   13.425398] RPC: Registered tcp NFSv4.1 backchannel transport module.
[   13.425411] PCI: CLS 0 bytes, default 64
[   13.429170] bounce pool size: 64 pages
[   13.430856] squashfs: version 4.0 (2009/01/31) Phillip Lougher
[   13.431662] msgmni has been set to 1468
[   13.433292] io scheduler noop registered (default)
[   13.444974] tegra-apbdma 6000a000.dma: Tegra20 APB DMA driver register 32 channels
[   13.445523] Serial: 8250/16550 driver, 4 ports, IRQ sharing disabled
[   13.447608] 70006300.serial: ttyS0 at MMIO 0x70006300 (irq = 122, base_baud = 25500000) is a Tegra
[   14.472551] console [ttyS0] enabled
[   14.476912] [drm] Initialized drm 1.1.0 20060810
[   14.487289] loop: module loaded
[   14.493020] m25p80 spi32766.0: w25q32dw (4096 Kbytes)
[   14.499918] pegasus: v0.9.3 (2013/04/25), Pegasus/Pegasus II USB Ethernet driver
[   14.507371] usbcore: registered new interface driver pegasus
[   14.513088] usbcore: registered new interface driver asix
[   14.518546] usbcore: registered new interface driver ax88179_178a
[   14.524711] usbcore: registered new interface driver cdc_ether
[   14.530578] usbcore: registered new interface driver r815x
[   14.536134] usbcore: registered new interface driver smsc75xx
[   14.541935] usbcore: registered new interface driver smsc95xx
[   14.547728] usbcore: registered new interface driver net1080
[   14.553420] usbcore: registered new interface driver cdc_subset
[   14.559402] usbcore: registered new interface driver zaurus
[   14.565071] usbcore: registered new interface driver cdc_ncm
[   14.570738] ehci_hcd: USB 2.0 'Enhanced' Host Controller (EHCI) Driver
[   14.577245] ehci-pci: EHCI PCI platform driver
[   14.581732] tegra-ehci: Tegra EHCI driver
[   14.585943] platform 7d008000.usb: Driver tegra-ehci requests probe deferral
[   14.593233] usbcore: registered new interface driver cdc_acm
[   14.598877] cdc_acm: USB Abstract Control Model driver for USB modems and ISDN adapters
[   14.606915] usbcore: registered new interface driver cdc_wdm
[   14.612641] usbcore: registered new interface driver usb-storage
[   14.618866] platform 7d008000.usb-phy: Driver tegra-phy requests probe deferral
[   14.626714] mousedev: PS/2 mouse device common for all mice
[   14.644333] palmas-rtc rtc.7: rtc core: registered rtc.7 as rtc0
[   14.654683] tegra_rtc 7000e000.rtc: rtc core: registered 7000e000.rtc as rtc1
[   14.661809] tegra_rtc 7000e000.rtc: Tegra internal Real Time Clock
[   14.669396] sbs-battery 0-000b: sbs_probe: Failed to get device status
[   14.675920] sbs-battery: probe of 0-000b failed with error -121
[   14.685452] sdhci: Secure Digital Host Controller Interface driver
[   14.691597] sdhci: Copyright(c) Pierre Ossman
[   14.695946] sdhci-pltfm: SDHCI platform and OF driver helper
[   14.701984] sdhci-tegra 78000400.sdhci: Got CD GPIO #170.
[   14.708433] mmc0: no vqmmc regulator found
[   14.712513] mmc0: no vmmc regulator found
[   14.716514] mmc0: Invalid maximum block size, assuming 512 bytes
[   14.762895] mmc0: SDHCI controller on 78000400.sdhci [78000400.sdhci] using ADMA
[   14.772444] mmc1: no vqmmc regulator found
[   14.776542] mmc1: no vmmc regulator found
[   14.780529] mmc1: Invalid maximum block size, assuming 512 bytes
[   14.822650] mmc1: SDHCI controller on 78000600.sdhci [78000600.sdhci] using ADMA
[   14.830688] usbcore: registered new interface driver usbhid
[   14.838290] usbhid: USB HID core driver
[   14.954381] mmc1: BKOPS_EN bit is not set
[   14.984884] mmc1: new HS200 MMC card at address 0001
[   14.990420] mmcblk0: mmc1:0001 SEM32G 29.1 GiB 
[   14.995288] mmcblk0boot0: mmc1:0001 SEM32G partition 1 4.00 MiB
[   15.001488] mmcblk0boot1: mmc1:0001 SEM32G partition 2 4.00 MiB
[   15.007667] mmcblk0rpmb: mmc1:0001 SEM32G partition 3 4.00 MiB
[   15.015987] Primary GPT is invalid, using alternate GPT.
[   15.021294]  mmcblk0: p1 p2 p3 p4 p5
[   15.028225]  mmcblk0boot1: unknown partition table
[   15.034669]  mmcblk0boot0: unknown partition table
[   15.273293] tegra-snd-rt5640 sound.4: ASoC: CPU DAI (null) not registered
[   15.280083] tegra-snd-rt5640 sound.4: snd_soc_register_card failed (-517)
[   15.286971] platform sound.4: Driver tegra-snd-rt5640 requests probe deferral
[   15.295049] TCP: cubic registered
[   15.298630] NET: Registered protocol family 10
[   15.304497] mip6: Mobile IPv6
[   15.307452] sit: IPv6 over IPv4 tunneling driver
[   15.313776] NET: Registered protocol family 17
[   15.318237] NET: Registered protocol family 15
[   15.322870] Bluetooth: RFCOMM socket layer initialized
[   15.327983] Bluetooth: RFCOMM ver 1.11
[   15.331728] Bluetooth: BNEP (Ethernet Emulation) ver 1.3
[   15.337027] Bluetooth: BNEP socket layer initialized
[   15.341976] Bluetooth: HIDP (Human Interface Emulation) ver 1.2
[   15.347876] Bluetooth: HIDP socket layer initialized
[   15.353468] Registering SWP/SWPB emulation handler
[   15.362898] hvdd-usb: disabling
[   15.368418] vdd-af-cam1: disabling
[   15.374515] vdd-sensor-2v85: disabling
[   15.380753] LDO5: disabling
[   15.386217] vpp-fuse: disabling
[   15.391882] avdd-cam2: disabling
[   15.397702] avdd-cam1: disabling
[   15.404736] vdd-com-3v3: disabling
[   15.408715] vdd-lvds: disabling
[   15.412450] avdd-lcd: disabling
[   15.416174] vdd-lcd-bl: disabling
[   15.421206] dvdd_ts: 1800 mV 
[   15.424674] lcd_bl_en: 5000 mV 
[   15.428232] usb1_vbus: 5000 mV 
[   15.431501] usb1_vbus: supplied by vdd-sys-5v0
[   15.436417] usb2_vbus: 5000 mV 
[   15.439590] usb2_vbus: supplied by vdd-sys-5v0
[   15.444429] vdd_hdmi_5v0: 5000 mV 
[   15.447844] vdd_hdmi_5v0: supplied by vdd-sys-5v0
[   15.454913] vdd_cam_1v8_reg: 1800 mV 
[   15.459092] platform 7d008000.usb: Driver tegra-ehci requests probe deferral
[   15.466960] tegra-snd-rt5640 sound.4: ASoC: CPU DAI (null) not registered
[   15.473769] tegra-snd-rt5640 sound.4: snd_soc_register_card failed (-517)
[   15.480555] platform sound.4: Driver tegra-snd-rt5640 requests probe deferral
[   15.487887] tegra-ehci 7d008000.usb: EHCI Host Controller
[   15.493323] tegra-ehci 7d008000.usb: new USB bus registered, assigned bus number 1
[   15.501179] tegra-ehci 7d008000.usb: irq 129, io mem 0x7d008000
[   15.519980] tegra-ehci 7d008000.usb: USB 2.0 started, EHCI 1.10
[   15.527299] hub 1-0:1.0: USB hub found
[   15.531146] hub 1-0:1.0: 1 port detected
[   15.536032] tegra-snd-rt5640 sound.4: ASoC: CPU DAI (null) not registered
[   15.542906] tegra-snd-rt5640 sound.4: snd_soc_register_card failed (-517)
[   15.549768] platform sound.4: Driver tegra-snd-rt5640 requests probe deferral
[   15.557985] input: gpio-keys.2 as /devices/soc0/gpio-keys.2/input/input0
[   15.566126] tegra-snd-rt5640 sound.4: ASoC: CPU DAI (null) not registered
[   15.572940] palmas-rtc rtc.7: setting system clock to 2000-01-21 18:37:04 UTC (948479824)
[   15.573101] tegra-snd-rt5640 sound.4: snd_soc_register_card failed (-517)
[   15.573139] platform sound.4: Driver tegra-snd-rt5640 requests probe deferral
[   15.595474] ALSA device list:
[   15.598435]   No soundcards found.
[   15.627807] kjournald starting.  Commit interval 5 seconds
[   15.635026] EXT3-fs (mmcblk0p1): using internal journal
[   15.640301] EXT3-fs (mmcblk0p1): recovery complete
[   15.645066] EXT3-fs (mmcblk0p1): mounted filesystem with writeback data mode
[   15.652165] VFS: Mounted root (ext3 filesystem) on device 179:1.
[   15.659640] devtmpfs: mounted
[   15.662865] Freeing unused kernel memory: 224K (c07ad000 - c07e5000)
bash: cannot set terminal process group (-1): Inappropriate ioctl for device
bash: no job control in this shell
I have no name!@(none):/# [   15.848700] usb 1-1: new high-speed USB device number 2 using tegra-ehci
