
U-Boot SPL 2015.04-rc3-00209-ga74ef40 (Mar 16 2015 - 14:43:39)


U-Boot 2015.04-rc3-00209-ga74ef40 (Mar 16 2015 - 14:43:39)

TEGRA20
Model: Compulab TrimSlice board
DRAM:  1 GiB
MMC:   Tegra SD/MMC: 0, Tegra SD/MMC: 1
SF: Detected W25Q80BL with page size 256 Bytes, erase size 4 KiB, total 1 MiB
tegra-pcie: PCI regions:
tegra-pcie:   I/O: 0x82000000-0x82010000
tegra-pcie:   non-prefetchable memory: 0xa0000000-0xa8000000
tegra-pcie:   prefetchable memory: 0xa8000000-0xc0000000
tegra-pcie: dual-mode configuration
tegra-pcie: probing port 0, using 2 lanes
In:    serial
Out:   serial
Err:   serial
Net:   RTL8169#0
Hit any key to stop autoboot:  2  1  0 
Tegra20 (TrimSlice) # 
Tegra20 (TrimSlice) # usb reset
resetting USB...
USB0:   USB EHCI 1.00
scanning bus 0 for devices... 3 USB Device(s) found
USB1:   USB EHCI 1.00
scanning bus 1 for devices... 1 USB Device(s) found
USB2:   lowlevel init failed
       scanning usb for storage devices... 0 Storage Device(s) found
       scanning usb for ethernet devices... 
Warning: asx0 using MAC address from net device
1 Ethernet Device(s) found
Tegra20 (TrimSlice) # setenv bootargs 'ignore_loglevel console=ttyS0,115200n8 rw root=PARTUUID=11eb23c1-01 rootwait gpt debug noinitrd earlyprintk init=/bin/bash'
Tegra20 (TrimSlice) # setenv ipaddr 192.168.100.103; setenv serverip 192.168.100.1; setenv tftpserverip 192.168.100.1
Tegra20 (TrimSlice) # tftpboot 0x00408000 zImage.multi_v7_defconfig
Using RTL8169#0 device
TFTP from server 192.168.100.1; our IP address is 192.168.100.103
Filename 'zImage.multi_v7_defconfig'.
Load address: 0x408000
Loading: *#################################################################
	 #################################################################
	 #################################################################
	 #################################################################
	 #################################################################
	 #################################################################
	 #################################################################
	 ######################
	 4.1 MiB/s
done
Bytes transferred = 7000248 (6ad0b8 hex)
Tegra20 (TrimSlice) # tftpboot 0x02408000 tegra20-trimslice.dtb
Using RTL8169#0 device
TFTP from server 192.168.100.1; our IP address is 192.168.100.103
Filename 'tegra20-trimslice.dtb'.
Load address: 0x2408000
Loading: *##
	 3.4 MiB/s
done
Bytes transferred = 21172 (52b4 hex)
Tegra20 (TrimSlice) # bootz 0x00408000 - 0x02408000
Kernel image @ 0x408000 [ 0x000000 - 0x6ad0b8 ]
## Flattened Device Tree blob at 02408000
   Booting using the fdt blob at 0x2408000
   Using Device Tree in place at 02408000, end 024102b3

Starting kernel ...

[    0.000000] Booting Linux on physical CPU 0x0
[    0.000000] Linux version 4.6.0-rc2-next-20160411-86067-gcb1c952 (pwalmsley@sellafield) (gcc version 4.7.3 20130328 (prerelease) (crosstool-NG linaro-1.13.1-4.7-2013.04-20130415 - Linaro GCC 2013.04) ) #1 SMP Sun Apr 10 21:48:21 PDT 2016
[    0.000000] CPU: ARMv7 Processor [411fc090] revision 0 (ARMv7), cr=10c5387d
[    0.000000] CPU: PIPT / VIPT nonaliasing data cache, VIPT aliasing instruction cache
[    0.000000] Machine model: Compulab TrimSlice board
[    0.000000] debug: ignoring loglevel setting.
[    0.000000] cma: Reserved 64 MiB at 0x3c000000
[    0.000000] Memory policy: Data cache writealloc
[    0.000000] On node 0 totalpages: 262144
[    0.000000] free_area_init_node: node 0, pgdat c141d8c0, node_mem_map ef7f8000
[    0.000000]   DMA zone: 1536 pages used for memmap
[    0.000000]   DMA zone: 0 pages reserved
[    0.000000]   DMA zone: 196608 pages, LIFO batch:31
[    0.000000]   HighMem zone: 65536 pages, LIFO batch:15
[    0.000000] percpu: Embedded 12 pages/cpu @ef7cb000 s19648 r8192 d21312 u49152
[    0.000000] pcpu-alloc: s19648 r8192 d21312 u49152 alloc=12*4096
[    0.000000] pcpu-alloc: [0] 0 [0] 1 
[    0.000000] Built 1 zonelists in Zone order, mobility grouping on.  Total pages: 260608
[    0.000000] Kernel command line: ignore_loglevel console=ttyS0,115200n8 rw root=PARTUUID=11eb23c1-01 rootwait gpt debug noinitrd earlyprintk init=/bin/bash
[    0.000000] PID hash table entries: 4096 (order: 2, 16384 bytes)
[    0.000000] Dentry cache hash table entries: 131072 (order: 7, 524288 bytes)
[    0.000000] Inode-cache hash table entries: 65536 (order: 6, 262144 bytes)
[    0.000000] Memory: 955932K/1048576K available (9525K kernel code, 1150K rwdata, 4148K rodata, 2048K init, 341K bss, 27108K reserved, 65536K cma-reserved, 196608K highmem)
[    0.000000] Virtual kernel memory layout:
[    0.000000]     vector  : 0xffff0000 - 0xffff1000   (   4 kB)
[    0.000000]     fixmap  : 0xffc00000 - 0xfff00000   (3072 kB)
[    0.000000]     vmalloc : 0xf0800000 - 0xff800000   ( 240 MB)
[    0.000000]     lowmem  : 0xc0000000 - 0xf0000000   ( 768 MB)
[    0.000000]     pkmap   : 0xbfe00000 - 0xc0000000   (   2 MB)
[    0.000000]     modules : 0xbf000000 - 0xbfe00000   (  14 MB)
[    0.000000]       .text : 0xc0208000 - 0xc105a63c   (14666 kB)
[    0.000000]       .init : 0xc1100000 - 0xc1300000   (2048 kB)
[    0.000000]       .data : 0xc1300000 - 0xc141f900   (1151 kB)
[    0.000000]        .bss : 0xc1421000 - 0xc1476598   ( 342 kB)
[    0.000000] SLUB: HWalign=64, Order=0-3, MinObjects=0, CPUs=2, Nodes=1
[    0.000000] Hierarchical RCU implementation.
[    0.000000] 	Build-time adjustment of leaf fanout to 32.
[    0.000000] 	RCU restricting CPUs from NR_CPUS=16 to nr_cpu_ids=2.
[    0.000000] RCU: Adjusting geometry for rcu_fanout_leaf=32, nr_cpu_ids=2
[    0.000000] NR_IRQS:16 nr_irqs:16 16
[    0.000000] /interrupt-controller@60004000: 128 interrupts forwarded to /interrupt-controller@50041000
[    0.000000] L2C: platform modifies aux control register: 0x02080000 -> 0x3e480001
[    0.000000] L2C: DT/platform modifies aux control register: 0x02080000 -> 0x3e480001
[    0.000000] L2C-310 errata 727915 769419 enabled
[    0.000000] L2C-310 enabling early BRESP for Cortex-A9
[    0.000000] L2C-310: enabling full line of zeros but not enabled in Cortex-A9
[    0.000000] L2C-310 ID prefetch enabled, offset 1 lines
[    0.000000] L2C-310 cache controller enabled, 8 ways, 1024 kB
[    0.000000] L2C-310: CACHE_ID 0x410000c4, AUX_CTRL 0x7e480001
[    0.000010] sched_clock: 32 bits at 1000kHz, resolution 1000ns, wraps every 2147483647500ns
[    0.000026] clocksource: timer_us: mask: 0xffffffff max_cycles: 0xffffffff, max_idle_ns: 1911260446275 ns
[    0.000037] Switching to timer-based delay loop, resolution 1000ns
[    0.001727] Console: colour dummy device 80x30
[    0.001748] Calibrating delay loop (skipped), value calculated using timer frequency.. 2.00 BogoMIPS (lpj=5000)
[    0.001759] pid_max: default: 32768 minimum: 301
[    0.001832] Mount-cache hash table entries: 2048 (order: 1, 8192 bytes)
[    0.001841] Mountpoint-cache hash table entries: 2048 (order: 1, 8192 bytes)
[    0.002321] CPU: Testing write buffer coherency: ok
[    0.002503] CPU0: thread -1, cpu 0, socket 0, mpidr 80000000
[    0.002527] Setting up static identity map for 0x300000 - 0x300098
[    0.003081] ------------[ cut here ]------------
[    0.003103] WARNING: CPU: 0 PID: 1 at arch/arm/mach-omap2/id.c:49 omap_rev+0x3c/0x50
[    0.003108] Modules linked in:
[    0.003119] CPU: 0 PID: 1 Comm: swapper/0 Not tainted 4.6.0-rc2-next-20160411-86067-gcb1c952 #1
[    0.003124] Hardware name: NVIDIA Tegra SoC (Flattened Device Tree)
[    0.003155] [<c030f9a8>] (unwind_backtrace) from [<c030b088>] (show_stack+0x10/0x14)
[    0.003175] [<c030b088>] (show_stack) from [<c05821a8>] (dump_stack+0x84/0xa4)
[    0.003193] [<c05821a8>] (dump_stack) from [<c0341bf8>] (__warn+0xd4/0x100)
[    0.003205] [<c0341bf8>] (__warn) from [<c0341c44>] (warn_slowpath_null+0x20/0x28)
[    0.003216] [<c0341c44>] (warn_slowpath_null) from [<c03243fc>] (omap_rev+0x3c/0x50)
[    0.003230] [<c03243fc>] (omap_rev) from [<c1114acc>] (__omap4_sar_ram_init+0x8/0x88)
[    0.003243] [<c1114acc>] (__omap4_sar_ram_init) from [<c0301e5c>] (do_one_initcall+0x3c/0x16c)
[    0.003257] [<c0301e5c>] (do_one_initcall) from [<c1100ccc>] (kernel_init_freeable+0x70/0x1ec)
[    0.003276] [<c1100ccc>] (kernel_init_freeable) from [<c0b42150>] (kernel_init+0x8/0x118)
[    0.003289] [<c0b42150>] (kernel_init) from [<c0307f78>] (ret_from_fork+0x14/0x3c)
[    0.003308] ---[ end trace cb88537fdc8fa200 ]---
[    0.004093] Tegra Revision: A03 prime SKU: 8 CPU Process: 1 SoC Process: 2
[    0.005126] CPU1: thread -1, cpu 1, socket 0, mpidr 80000001
[    0.005189] Brought up 2 CPUs
[    0.005201] SMP: Total of 2 processors activated (4.00 BogoMIPS).
[    0.005207] CPU: All CPU(s) started in SVC mode.
[    0.005850] devtmpfs: initialized
[    0.009660] VFP support v0.3: implementor 41 architecture 3 part 30 variant 9 rev 1
[    0.009996] clocksource: jiffies: mask: 0xffffffff max_cycles: 0xffffffff, max_idle_ns: 9556302231375000 ns
[    0.012968] pinctrl core: initialized pinctrl subsystem
[    0.014122] NET: Registered protocol family 16
[    0.016363] DMA: preallocated 256 KiB pool for atomic coherent allocations
[    0.029910] cpuidle: using governor menu
[    0.041308] No ATAGs?
[    0.041330] hw-breakpoint: found 5 (+1 reserved) breakpoint and 1 watchpoint registers.
[    0.041337] hw-breakpoint: maximum watchpoint size is 4 bytes.
[    0.044733] Serial: AMBA PL011 UART driver
[    0.068307] usb1_vbus: Failed to request enable GPIO170: -517
[    0.068322] reg-fixed-voltage regulators:regulator@2: Failed to register regulator: -517
[    0.072055] vgaarb: loaded
[    0.072705] SCSI subsystem initialized
[    0.072823] libata version 3.00 loaded.
[    0.073010] usbcore: registered new interface driver usbfs
[    0.073064] usbcore: registered new interface driver hub
[    0.073104] usbcore: registered new device driver usb
[    0.075236] pps_core: LinuxPPS API ver. 1 registered
[    0.075243] pps_core: Software ver. 5.3.6 - Copyright 2005-2007 Rodolfo Giometti <giometti@linux.it>
[    0.075260] PTP clock support registered
[    0.075406] EDAC MC: Ver: 3.0.0
[    0.077168] clocksource: Switched to clocksource timer_us
[    0.084844] NET: Registered protocol family 2
[    0.085277] TCP established hash table entries: 8192 (order: 3, 32768 bytes)
[    0.085352] TCP bind hash table entries: 8192 (order: 4, 65536 bytes)
[    0.085457] TCP: Hash tables configured (established 8192 bind 8192)
[    0.085530] UDP hash table entries: 512 (order: 2, 16384 bytes)
[    0.085574] UDP-Lite hash table entries: 512 (order: 2, 16384 bytes)
[    0.085725] NET: Registered protocol family 1
[    0.085957] RPC: Registered named UNIX socket transport module.
[    0.085965] RPC: Registered udp transport module.
[    0.085970] RPC: Registered tcp transport module.
[    0.085975] RPC: Registered tcp NFSv4.1 backchannel transport module.
[    0.085984] PCI: CLS 0 bytes, default 64
[    0.086784] hw perfevents: enabled with armv7_cortex_a9 PMU driver, 7 counters available
[    0.087760] futex hash table entries: 512 (order: 3, 32768 bytes)
[    0.088336] workingset: timestamp_bits=28 max_order=18 bucket_order=0
[    0.095951] squashfs: version 4.0 (2009/01/31) Phillip Lougher
[    0.096523] NFS: Registering the id_resolver key type
[    0.096566] Key type id_resolver registered
[    0.096573] Key type id_legacy registered
[    0.096606] ntfs: driver 2.1.32 [Flags: R/O].
[    0.097552] bounce: pool size: 64 pages
[    0.097706] Block layer SCSI generic (bsg) driver version 0.4 loaded (major 248)
[    0.097715] io scheduler noop registered
[    0.097721] io scheduler deadline registered
[    0.097746] io scheduler cfq registered (default)
[    0.108774] tegra-pcie 80003000.pcie-controller: dual-mode configuration
[    0.109374] tegra-pcie 80003000.pcie-controller: probing port 0, using 2 lanes
[    0.191634] tegra-pcie 80003000.pcie-controller: PCI host bridge to bus 0000:00
[    0.191645] pci_bus 0000:00: root bus resource [io  0x0000-0xffff]
[    0.191654] pci_bus 0000:00: root bus resource [mem 0xa0000000-0xa7ffffff]
[    0.191662] pci_bus 0000:00: root bus resource [mem 0xa8000000-0xbfffffff pref]
[    0.191671] pci_bus 0000:00: root bus resource [bus 00-ff]
[    0.191699] pci 0000:00:01.0: [10de:0bf0] type 01 class 0x060000
[    0.191758] pci 0000:00:01.0: PME# supported from D0 D1 D2 D3hot D3cold
[    0.191942] PCI: bus0: Fast back to back transfers disabled
[    0.191952] pci 0000:00:01.0: bridge configuration invalid ([bus 00-00]), reconfiguring
[    0.192092] pci 0000:01:00.0: [10ec:8168] type 00 class 0x020000
[    0.192114] pci 0000:01:00.0: reg 0x10: [io  0x0000-0x00ff]
[    0.192137] pci 0000:01:00.0: reg 0x18: [mem 0x00000000-0x00000fff 64bit pref]
[    0.192154] pci 0000:01:00.0: reg 0x20: [mem 0x00000000-0x00003fff 64bit pref]
[    0.192190] pci 0000:01:00.0: reg 0x30: [mem 0x00000000-0x0001ffff pref]
[    0.192268] pci 0000:01:00.0: supports D1 D2
[    0.192277] pci 0000:01:00.0: PME# supported from D0 D1 D2 D3hot D3cold
[    0.202198] PCI: bus1: Fast back to back transfers disabled
[    0.202210] pci_bus 0000:01: busn_res: [bus 01-ff] end is updated to 01
[    0.202223] Disabling cpuidle LP2 state, since PCIe IRQs are in use
[    0.202280] pci 0000:00:01.0: BAR 8: assigned [mem 0xa0000000-0xa00fffff]
[    0.202292] pci 0000:00:01.0: BAR 9: assigned [mem 0xa8000000-0xa80fffff 64bit pref]
[    0.202301] pci 0000:00:01.0: BAR 7: assigned [io  0x1000-0x1fff]
[    0.202313] pci 0000:01:00.0: BAR 6: assigned [mem 0xa0000000-0xa001ffff pref]
[    0.202324] pci 0000:01:00.0: BAR 4: assigned [mem 0xa8000000-0xa8003fff 64bit pref]
[    0.202341] pci 0000:01:00.0: BAR 2: assigned [mem 0xa8004000-0xa8004fff 64bit pref]
[    0.202356] pci 0000:01:00.0: BAR 0: assigned [io  0x1000-0x10ff]
[    0.202369] pci 0000:00:01.0: PCI bridge to [bus 01]
[    0.202377] pci 0000:00:01.0:   bridge window [io  0x1000-0x1fff]
[    0.202386] pci 0000:00:01.0:   bridge window [mem 0xa0000000-0xa00fffff]
[    0.202395] pci 0000:00:01.0:   bridge window [mem 0xa8000000-0xa80fffff 64bit pref]
[    0.202415] pci 0000:00:01.0: nv_msi_ht_cap_quirk didn't locate host bridge
[    0.202481] pcieport 0000:00:01.0: enabling device (0140 -> 0143)
[    0.202648] pcieport 0000:00:01.0: Signaling PME through PCIe PME interrupt
[    0.202657] pci 0000:01:00.0: Signaling PME through PCIe PME interrupt
[    0.202666] pcie_pme 0000:00:01.0:pcie01: service driver pcie_pme loaded
[    0.206363] tegra-apbdma 6000a000.dma: Tegra20 APB DMA driver register 16 channels
[    0.255731] Serial: 8250/16550 driver, 4 ports, IRQ sharing disabled
[    0.258163] console [ttyS0] disabled
[    0.258198] 70006000.serial: ttyS0 at MMIO 0x70006000 (irq = 279, base_baud = 13500000) is a Tegra
[    1.315815] console [ttyS0] enabled
[    1.319935] SuperH (H)SCI(F) driver initialized
[    1.325232] msm_serial: driver initialized
[    1.329480] STMicroelectronics ASC driver initialized
[    1.336282] [drm] Initialized drm 1.1.0 20060810
[    1.343233] 54280000.hdmi supply hdmi not found, using dummy regulator
[    1.352822] [drm] Supports vblank timestamp caching Rev 2 (21.10.2013).
[    1.359430] [drm] No driver support for vblank timestamp query.
[    1.365373] drm drm: No connectors reported connected with modes
[    1.371380] [drm] Cannot find any crtc or sizes - going 1024x768
[    1.393353] Console: switching to colour frame buffer device 128x48
[    1.408032] drm drm: fb0:  frame buffer device
[    1.427176] [drm] Initialized tegra 0.0.0 20120330 on minor 0
[    1.441557] brd: module loaded
[    1.448768] loop: module loaded
[    1.457261] m25p80 spi32766.0: found s25fl008k, expected w25q80bl
[    1.463398] m25p80 spi32766.0: s25fl008k (1024 Kbytes)
[    1.470842] libphy: Fixed MDIO Bus: probed
[    1.475441] CAN device driver interface
[    1.480759] igb: Intel(R) Gigabit Ethernet Network Driver - version 5.3.0-k
[    1.487717] igb: Copyright (c) 2007-2014 Intel Corporation.
[    1.493797] r8169 Gigabit Ethernet driver 2.3LK-NAPI loaded
[    1.499395] r8169 0000:01:00.0: enabling device (0140 -> 0143)
[    1.505988] r8169 0000:01:00.0 eth0: RTL8168d/8111d at 0xf0878000, 00:01:c0:13:7d:63, XID 081000c0 IRQ 296
[    1.515644] r8169 0000:01:00.0 eth0: jumbo features [frames: 9200 bytes, tx checksumming: ko]
[    1.526123] pegasus: v0.9.3 (2013/04/25), Pegasus/Pegasus II USB Ethernet driver
[    1.533576] usbcore: registered new interface driver pegasus
[    1.539290] usbcore: registered new interface driver asix
[    1.544721] usbcore: registered new interface driver ax88179_178a
[    1.550846] usbcore: registered new interface driver cdc_ether
[    1.556720] usbcore: registered new interface driver smsc75xx
[    1.562513] usbcore: registered new interface driver smsc95xx
[    1.568288] usbcore: registered new interface driver net1080
[    1.573975] usbcore: registered new interface driver cdc_subset
[    1.579921] usbcore: registered new interface driver zaurus
[    1.585559] usbcore: registered new interface driver cdc_ncm
[    1.591500] tegra-phy c5004000.usb-phy: no vbus regulator
[    1.598003] tegra-phy c5008000.usb-phy: no vbus regulator
[    1.604809] ehci_hcd: USB 2.0 'Enhanced' Host Controller (EHCI) Driver
[    1.611340] ehci-pci: EHCI PCI platform driver
[    1.615818] ehci-platform: EHCI generic platform driver
[    1.621210] ehci-omap: OMAP-EHCI Host Controller driver
[    1.626540] ehci-orion: EHCI orion driver
[    1.630656] SPEAr-ehci: EHCI SPEAr driver
[    1.634773] ehci-st: EHCI STMicroelectronics driver
[    1.639757] ehci-exynos: EHCI EXYNOS driver
[    1.644077] ehci-atmel: EHCI Atmel driver
[    1.648195] tegra-ehci: Tegra EHCI driver
[    1.673375] ulpi_phy_power_on: ulpi write failed
[    1.677997] tegra-ehci c5004000.usb: Failed to power on the phy
[    1.683927] tegra-ehci: probe of c5004000.usb failed with error -110
[    1.692919] tegra-ehci c5008000.usb: EHCI Host Controller
[    1.698333] tegra-ehci c5008000.usb: new USB bus registered, assigned bus number 1
[    1.706148] tegra-ehci c5008000.usb: irq 290, io mem 0xc5008000
[    1.717186] tegra-ehci c5008000.usb: USB 2.0 started, EHCI 1.00
[    1.723728] hub 1-0:1.0: USB hub found
[    1.727508] hub 1-0:1.0: 1 port detected
[    1.731734] ohci_hcd: USB 1.1 'Open' Host Controller (OHCI) Driver
[    1.737924] ohci-pci: OHCI PCI platform driver
[    1.742411] ohci-platform: OHCI generic platform driver
[    1.747793] ohci-omap3: OHCI OMAP3 driver
[    1.751896] SPEAr-ohci: OHCI SPEAr driver
[    1.756013] ohci-st: OHCI STMicroelectronics driver
[    1.761000] ohci-atmel: OHCI Atmel driver
[    1.765626] usbcore: registered new interface driver usb-storage
[    1.772897] mousedev: PS/2 mouse device common for all mice
[    1.780333] rtc-em3027 2-0056: rtc core: registered rtc-em3027 as rtc0
[    1.788027] tegra_rtc 7000e000.rtc: rtc core: registered 7000e000.rtc as rtc1
[    1.795194] tegra_rtc 7000e000.rtc: Tegra internal Real Time Clock
[    1.801783] i2c /dev entries driver
[    1.813668] sdhci: Secure Digital Host Controller Interface driver
[    1.819860] sdhci: Copyright(c) Pierre Ossman
[    1.825429] Synopsys Designware Multimedia Card Interface Driver
[    1.832294] sdhci-pltfm: SDHCI platform and OF driver helper
[    1.838786] mmc0: Invalid maximum block size, assuming 512 bytes
[    1.872187] mmc0: SDHCI controller on c8000000.sdhci [c8000000.sdhci] using ADMA
[    1.879694] sdhci-tegra c8000600.sdhci: Got CD GPIO
[    1.884589] sdhci-tegra c8000600.sdhci: Got WP GPIO
[    1.889626] mmc1: Invalid maximum block size, assuming 512 bytes
[    1.922253] mmc1: SDHCI controller on c8000600.sdhci [c8000600.sdhci] using ADMA
[    1.930824] ledtrig-cpu: registered to indicate activity on CPUs
[    1.937223] usbcore: registered new interface driver usbhid
[    1.942796] usbhid: USB HID core driver
[    1.950824] NET: Registered protocol family 10
[    1.955934] sit: IPv6 over IPv4 tunneling driver
[    1.961039] NET: Registered protocol family 17
[    1.965497] can: controller area network core (rev 20120528 abi 9)
[    1.971723] NET: Registered protocol family 29
[    1.976167] can: raw protocol (rev 20120528)
[    1.980436] can: broadcast manager protocol (rev 20120528 t)
[    1.986095] can: netlink gateway (rev 20130117) max_hops=1
[    1.991893] Key type dns_resolver registered
[    1.996508] ThumbEE CPU extension supported.
[    2.000790] Registering SWP/SWPB emulation handler
[    2.011351] utmi_phy_clk_enable: timeout waiting for phy to stabilize
[    2.017854] tegra-ehci c5000000.usb: EHCI Host Controller
[    2.023303] tegra-ehci c5000000.usb: new USB bus registered, assigned bus number 2
[    2.031189] tegra-ehci c5000000.usb: irq 288, io mem 0xc5000000
[    2.047189] usb 1-1: new high-speed USB device number 2 using tegra-ehci
[    2.062187] tegra-ehci c5000000.usb: USB 2.0 started, EHCI 1.00
[    2.068760] hub 2-0:1.0: USB hub found
[    2.072580] hub 2-0:1.0: 1 port detected
[    2.077460] input: gpio-keys as /devices/soc0/gpio-keys/input/input0
[    2.084373] rtc-em3027 2-0056: setting system clock to 2014-12-28 14:05:58 UTC (1419775558)
[   2.096407] mmc0: host does not support reading read-only switch, assuming write-enable
[    2.104441] Waiting for root device PARTUUID=11eb23c1-01...
[    2.110144] mmc0: new high speed SDHC card at address b368
[    2.116027] mmcblk0: mmc0:b368 NCard 3.70 GiB 
[    2.122481]  mmcblk0: p1
[    2.131459] mmc1: new high speed SD card at address b368
[    2.137295] mmcblk1: mmc1:b368 NCard 1.83 GiB (ro)
[    2.144782]  mmcblk1: p1 p2
[    2.193390] hub 1-1:1.0: USB hub found
[    2.197293] hub 1-1:1.0: 4 ports detected
[    2.213045] EXT4-fs (mmcblk0p1): mounting ext3 file system using the ext4 subsystem
[    2.303147] EXT4-fs (mmcblk0p1): recovery complete
[    2.307971] EXT4-fs (mmcblk0p1): mounted filesystem with ordered data mode. Opts: (null)
[    2.316092] VFS: Mounted root (ext3 filesystem) on device 179:1.
[    2.325626] devtmpfs: mounted
[    2.331232] Freeing unused kernel memory: 2048K (c1100000 - c1300000)
[    2.487267] usb 1-1.2: new high-speed USB device number 3 using tegra-ehci
bash: cannot set terminal process group (-1): Inappropriate ioctl for device
bash: no job control in this shell
root@(none):/# mount -t sysfs none /sys
root@(none):/# 
root@(none):/# mount -t debugfs none /sys/kernel/debug
root@(none):/# 
root@(none):/# rtcwake -d rtc1 -m mem -s 3
rtcwake: assuming RTC uses UTC ...
rtcwake: wakeup from "mem" using /dev/rtc1 at Thu Jan  1 00:00:23 1970
[    7.559855] PM: Syncing filesystems ... done.
[    7.606374] Freezing user space processes ... (elapsed 0.001 seconds) done.
[    7.614907] Freezing remaining freezable tasks ... (elapsed 0.001 seconds) done.
[    7.623966] Suspending console(s) (use no_console_suspend to debug)
[    7.659944] PM: suspend of devices complete after 27.045 msecs
[    7.663633] PM: late suspend of devices complete after 3.658 msecs
[    7.677830] PM: noirq suspend of devices complete after 14.167 msecs
[    7.677841] Disabling non-boot CPUs ...
[    7.679773] CPU1: shutdown
[    7.705333] Entering suspend state LP1
[    7.705383] Enabling non-boot CPUs ...
[    7.731411] CPU1 is up
[    7.732335] pcieport 0000:00:01.0: nv_msi_ht_cap_quirk didn't locate host bridge
[    7.747465] PM: noirq resume of devices complete after 16.021 msecs
[    7.751041] PM: early resume of devices complete after 2.842 msecs
[    7.818023] PM: resume of devices complete after 66.949 msecs
[    7.881505] Restarting tasks ... done.
root@(none):/# 
root@(none):/# rtcwake -d rtc1 -m mem -s 3
rtcwake: assuming RTC uses UTC ...
rtcwake: wakeup from "mem" using /dev/rtc1 at Thu Jan  1 00:00:27 1970
[    8.505921] PM: Syncing filesystems ... done.
[    8.551498] Freezing user space processes ... (elapsed 0.001 seconds) done.
[    8.560043] Freezing remaining freezable tasks ... (elapsed 0.001 seconds) done.
[    8.569198] Suspending console(s) (use no_console_suspend to debug)
[    8.604327] PM: suspend of devices complete after 26.224 msecs
[    8.607898] PM: late suspend of devices complete after 3.539 msecs
[    8.622740] PM: noirq suspend of devices complete after 14.812 msecs
[    8.622751] Disabling non-boot CPUs ...
[    8.624546] CPU1: shutdown
[    8.650291] Entering suspend state LP1
[    8.650339] Enabling non-boot CPUs ...
[    8.676371] CPU1 is up
[    8.677735] pcieport 0000:00:01.0: nv_msi_ht_cap_quirk didn't locate host bridge
[    8.692389] PM: noirq resume of devices complete after 15.985 msecs
[    8.696055] PM: early resume of devices complete after 2.929 msecs
[    8.760273] PM: resume of devices complete after 64.185 msecs
[    8.824416] Restarting tasks ... done.
root@(none):/# 
root@(none):/# rtcwake -d rtc1 -m mem -s 3
rtcwake: assuming RTC uses UTC ...
rtcwake: wakeup from "mem" using /dev/rtc1 at Thu Jan  1 00:00:31 1970
[    9.452566] PM: Syncing filesystems ... done.
[    9.485357] Freezing user space processes ... (elapsed 0.001 seconds) done.
[    9.493775] Freezing remaining freezable tasks ... (elapsed 0.001 seconds) done.
[    9.502676] Suspending console(s) (use no_console_suspend to debug)
[    9.530621] PM: suspend of devices complete after 19.828 msecs
[    9.534195] PM: late suspend of devices complete after 3.544 msecs
[    9.552690] PM: noirq suspend of devices complete after 18.465 msecs
[    9.552701] Disabling non-boot CPUs ...
[    9.554614] CPU1: shutdown
[    9.580215] Entering suspend state LP1
[    9.580264] Enabling non-boot CPUs ...
[    9.606322] CPU1 is up
[    9.607518] pcieport 0000:00:01.0: nv_msi_ht_cap_quirk didn't locate host bridge
[    9.622363] PM: noirq resume of devices complete after 16.008 msecs
[    9.625955] PM: early resume of devices complete after 2.871 msecs
[    9.695398] PM: resume of devices complete after 69.410 msecs
[    9.759525] Restarting tasks ... done.
root@(none):/# 
root@(none):/# rtcwake -d rtc1 -m mem -s 3
rtcwake: assuming RTC uses UTC ...
rtcwake: wakeup from "mem" using /dev/rtc1 at Thu Jan  1 00:00:35 1970
[   10.382585] PM: Syncing filesystems ... done.
[   10.415362] Freezing user space processes ... (elapsed 0.001 seconds) done.
[   10.423769] Freezing remaining freezable tasks ... (elapsed 0.001 seconds) done.
[   10.432667] Suspending console(s) (use no_console_suspend to debug)
[   10.464016] PM: suspend of devices complete after 23.239 msecs
[   10.467715] PM: late suspend of devices complete after 3.668 msecs
[   10.482612] PM: noirq suspend of devices complete after 14.866 msecs
[   10.482622] Disabling non-boot CPUs ...
[   10.484419] CPU1: shutdown
[   10.510162] Entering suspend state LP1
[   10.510211] Enabling non-boot CPUs ...
[   10.536280] CPU1 is up
[   10.537579] pcieport 0000:00:01.0: nv_msi_ht_cap_quirk didn't locate host bridge
[   10.552285] PM: noirq resume of devices complete after 15.970 msecs
[   10.555919] PM: early resume of devices complete after 2.889 msecs
[   10.625275] PM: resume of devices complete after 69.324 msecs
[   10.689397] Restarting tasks ... done.
root@(none):/# 
root@(none):/# rtcwake -d rtc1 -m mem -s 3
rtcwake: assuming RTC uses UTC ...
rtcwake: wakeup from "mem" using /dev/rtc1 at Thu Jan  1 00:00:39 1970
[   11.316883] PM: Syncing filesystems ... done.
[   11.362472] Freezing user space processes ... (elapsed 0.001 seconds) done.
[   11.371009] Freezing remaining freezable tasks ... (elapsed 0.001 seconds) done.
[   11.380090] Suspending console(s) (use no_console_suspend to debug)
[   11.409082] PM: suspend of devices complete after 20.042 msecs
[   11.412680] PM: late suspend of devices complete after 3.566 msecs
[   11.427543] PM: noirq suspend of devices complete after 14.833 msecs
[   11.427554] Disabling non-boot CPUs ...
[   11.429357] CPU1: shutdown
[   11.445100] Entering suspend state LP1
[   11.445149] Enabling non-boot CPUs ...
[   11.471226] CPU1 is up
[   11.472719] pcieport 0000:00:01.0: nv_msi_ht_cap_quirk didn't locate host bridge
[   11.487206] PM: noirq resume of devices complete after 15.946 msecs
[   11.490855] PM: early resume of devices complete after 2.919 msecs
[   11.560532] PM: resume of devices complete after 69.644 msecs
[   11.624685] Restarting tasks ... done.
root@(none):/# 
root@(none):/# rtcwake -d rtc1 -m mem -s 3
rtcwake: assuming RTC uses UTC ...
rtcwake: wakeup from "mem" using /dev/rtc1 at Thu Jan  1 00:00:43 1970
[   12.247380] PM: Syncing filesystems ... done.
[   12.280161] Freezing user space processes ... (elapsed 0.001 seconds) done.
[   12.288589] Freezing remaining freezable tasks ... (elapsed 0.001 seconds) done.
[   12.297494] Suspending console(s) (use no_console_suspend to debug)
[   12.324553] PM: suspend of devices complete after 18.946 msecs
[   12.328199] PM: late suspend of devices complete after 3.616 msecs
[   12.342488] PM: noirq suspend of devices complete after 14.259 msecs
[   12.342499] Disabling non-boot CPUs ...
[   12.344301] CPU1: shutdown
[   12.370045] Entering suspend state LP1
[   12.370094] Enabling non-boot CPUs ...
[   12.396139] CPU1 is up
[   12.397357] pcieport 0000:00:01.0: nv_msi_ht_cap_quirk didn't locate host bridge
[   12.412136] PM: noirq resume of devices complete after 15.964 msecs
[   12.415804] PM: early resume of devices complete after 2.920 msecs
[   12.480293] PM: resume of devices complete after 64.456 msecs
[   12.544462] Restarting tasks ... done.
root@(none):/# 
root@(none):/# rtcwake -d rtc1 -m mem -s 3
rtcwake: assuming RTC uses UTC ...
rtcwake: wakeup from "mem" using /dev/rtc1 at Thu Jan  1 00:00:47 1970
[   13.172520] PM: Syncing filesystems ... done.
[   13.205312] Freezing user space processes ... (elapsed 0.001 seconds) done.
[   13.213731] Freezing remaining freezable tasks ... (elapsed 0.001 seconds) done.
[   13.222630] Suspending console(s) (use no_console_suspend to debug)
[   13.253767] PM: suspend of devices complete after 23.028 msecs
[   13.257388] PM: late suspend of devices complete after 3.590 msecs
[   13.272451] PM: noirq suspend of devices complete after 15.033 msecs
[   13.272463] Disabling non-boot CPUs ...
[   13.274387] CPU1: shutdown
[   13.299983] Entering suspend state LP1
[   13.300031] Enabling non-boot CPUs ...
[   13.326054] CPU1 is up
[   13.327299] pcieport 0000:00:01.0: nv_msi_ht_cap_quirk didn't locate host bridge
[   13.342097] PM: noirq resume of devices complete after 16.011 msecs
[   13.345768] PM: early resume of devices complete after 2.918 msecs
[   13.415387] PM: resume of devices complete after 69.587 msecs
[   13.479522] Restarting tasks ... done.
root@(none):/# 
root@(none):/# rtcwake -d rtc1 -m mem -s 3
rtcwake: assuming RTC uses UTC ...
rtcwake: wakeup from "mem" using /dev/rtc1 at Thu Jan  1 00:00:51 1970
[   14.107001] PM: Syncing filesystems ... done.
[   14.152478] Freezing user space processes ... (elapsed 0.001 seconds) done.
[   14.161002] Freezing remaining freezable tasks ... (elapsed 0.001 seconds) done.
[   14.170079] Suspending console(s) (use no_console_suspend to debug)
[   14.199111] PM: suspend of devices complete after 20.115 msecs
[   14.202644] PM: late suspend of devices complete after 3.503 msecs
[   14.217357] PM: noirq suspend of devices complete after 14.683 msecs
[   14.217368] Disabling non-boot CPUs ...
[   14.219173] CPU1: shutdown
[   14.244920] Entering suspend state LP1
[   14.244969] Enabling non-boot CPUs ...
[   14.271021] CPU1 is up
[   14.271845] pcieport 0000:00:01.0: nv_msi_ht_cap_quirk didn't locate host bridge
[   14.287005] PM: noirq resume of devices complete after 15.950 msecs
[   14.290634] PM: early resume of devices complete after 2.906 msecs
[   14.358980] PM: resume of devices complete after 68.314 msecs
[   14.423134] Restarting tasks ... done.
root@(none):/# 
root@(none):/# rtcwake -d rtc1 -m mem -s 3
rtcwake: assuming RTC uses UTC ...
rtcwake: wakeup from "mem" using /dev/rtc1 at Thu Jan  1 00:00:55 1970
[   15.047430] PM: Syncing filesystems ... done.
[   15.080219] Freezing user space processes ... (elapsed 0.001 seconds) done.
[   15.088644] Freezing remaining freezable tasks ... (elapsed 0.001 seconds) done.
[   15.097545] Suspending console(s) (use no_console_suspend to debug)
[   15.128225] PM: suspend of devices complete after 22.570 msecs
[   15.131844] PM: late suspend of devices complete after 3.587 msecs
[   15.147287] PM: noirq suspend of devices complete after 15.412 msecs
[   15.147299] Disabling non-boot CPUs ...
[   15.149094] CPU1: shutdown
[   15.164861] Entering suspend state LP1
[   15.164910] Enabling non-boot CPUs ...
[   15.190942] CPU1 is up
[   15.192373] pcieport 0000:00:01.0: nv_msi_ht_cap_quirk didn't locate host bridge
[   15.206979] PM: noirq resume of devices complete after 16.005 msecs
[   15.210642] PM: early resume of devices complete after 2.915 msecs
[   15.275107] PM: resume of devices complete after 64.432 msecs
[   15.339234] Restarting tasks ... done.
root@(none):/# 
root@(none):/# rtcwake -d rtc1 -m mem -s 3
rtcwake: assuming RTC uses UTC ...
rtcwake: wakeup from "mem" using /dev/rtc1 at Thu Jan  1 00:00:59 1970
[   15.972091] PM: Syncing filesystems ... done.
[   16.017663] Freezing user space processes ... (elapsed 0.001 seconds) done.
[   16.026188] Freezing remaining freezable tasks ... (elapsed 0.001 seconds) done.
[   16.035269] Suspending console(s) (use no_console_suspend to debug)
[   16.069042] PM: suspend of devices complete after 24.875 msecs
[   16.072669] PM: late suspend of devices complete after 3.598 msecs
[   16.087238] PM: noirq suspend of devices complete after 14.538 msecs
[   16.087249] Disabling non-boot CPUs ...
[   16.089048] CPU1: shutdown
[   16.114784] Entering suspend state LP1
[   16.114833] Enabling non-boot CPUs ...
[   16.140870] CPU1 is up
[   16.142218] pcieport 0000:00:01.0: nv_msi_ht_cap_quirk didn't locate host bridge
[   16.156884] PM: noirq resume of devices complete after 15.981 msecs
[   16.160553] PM: early resume of devices complete after 2.932 msecs
[   16.224820] PM: resume of devices complete after 64.234 msecs
[   16.288953] Restarting tasks ... done.
root@(none):/# 
root@(none):/# NVTB SYSTEM SUSPEND TEST COMPLETE
