
U-Boot SPL 2016.05-rc2 (Apr 21 2016 - 16:23:00)
Trying to boot from RAM


U-Boot 2016.05-rc2 (Apr 21 2016 - 16:23:00 -0700)

TEGRA124
Model: NVIDIA Jetson TK1
Board: NVIDIA Jetson TK1
DRAM:  2 GiB
MMC:   Tegra SD/MMC: 0, Tegra SD/MMC: 1
In:    serial
Out:   serial
Err:   serial
Net:   No ethernet found.
Hit any key to stop autoboot:  2  0 
Tegra124 (Jetson TK1) # 
Tegra124 (Jetson TK1) # pci enum
Tegra124 (Jetson TK1) # setenv bootargs 'ignore_loglevel console=ttyS0,115200n8 rw root=PARTUUID=b1791faa-84e8-4e27-83a1-9fb0a77e8803 rootwait gpt debug noinitrd earlyprintk init=/bin/bash'
Tegra124 (Jetson TK1) # setenv ipaddr 192.168.100.102; setenv serverip 192.168.100.1; setenv tftpserverip 192.168.100.1
Tegra124 (Jetson TK1) # tftpboot 0x82000000 zImage.tegra_defconfig

Warning: eth_rtl8169 using MAC address from ROM
Using eth_rtl8169 device
TFTP from server 192.168.100.1; our IP address is 192.168.100.102
Filename 'zImage.tegra_defconfig'.
Load address: 0x82000000
Loading: *#################################################################
	 #################################################################
	 #################################################################
	 #################################################################
	 #################################################################
	 #################################################################
	 ##################################
	 945.3 KiB/s
done
Bytes transferred = 6221496 (5eeeb8 hex)
Tegra124 (Jetson TK1) # tftpboot 0x83000000 tegra124-jetson-tk1.dtb
Using eth_rtl8169 device
TFTP from server 192.168.100.1; our IP address is 192.168.100.102
Filename 'tegra124-jetson-tk1.dtb'.
Load address: 0x83000000
Loading: *#####
	 927.7 KiB/s
done
Bytes transferred = 66544 (103f0 hex)
Tegra124 (Jetson TK1) # bootz 0x82000000 - 0x83000000
Kernel image @ 0x82000000 [ 0x000000 - 0x5eeeb8 ]
## Flattened Device Tree blob at 83000000
   Booting using the fdt blob at 0x83000000
   Using Device Tree in place at 83000000, end 830133ef

Starting kernel ...

[    0.000000] Booting Linux on physical CPU 0x0
[    0.000000] Linux version 4.15.0-next-20180208-29428-g957f771 (jonathanh@kaivo) (gcc version 4.7.3 20130328 (prerelease) (crosstool-NG linaro-1.13.1-4.7-2013.04-20130415 - Linaro GCC 2013.04)) #1 SMP PREEMPT Wed Feb 7 19:16:46 PST 2018
[    0.000000] CPU: ARMv7 Processor [413fc0f3] revision 3 (ARMv7), cr=10c5387d
[    0.000000] CPU: div instructions available: patching division code
[    0.000000] CPU: PIPT / VIPT nonaliasing data cache, PIPT instruction cache
[    0.000000] OF: fdt: Machine model: NVIDIA Tegra124 Jetson TK1
[    0.000000] debug: ignoring loglevel setting.
[    0.000000] bootconsole [earlycon0] enabled
[    0.000000] Memory policy: Data cache writealloc
[    0.000000] cma: Reserved 64 MiB at 0xfbc00000
[    0.000000] On node 0 totalpages: 524032
[    0.000000]   Normal zone: 1536 pages used for memmap
[    0.000000]   Normal zone: 0 pages reserved
[    0.000000]   Normal zone: 196608 pages, LIFO batch:31
[    0.000000]   HighMem zone: 327424 pages, LIFO batch:31
[    0.000000] random: fast init done
[    0.000000] percpu: Embedded 17 pages/cpu @(ptrval) s39296 r8192 d22144 u69632
[    0.000000] pcpu-alloc: s39296 r8192 d22144 u69632 alloc=17*4096
[    0.000000] pcpu-alloc: [0] 0 [0] 1 [0] 2 [0] 3 
[    0.000000] Built 1 zonelists, mobility grouping on.  Total pages: 522496
[    0.000000] Kernel command line: ignore_loglevel console=ttyS0,115200n8 rw root=PARTUUID=b1791faa-84e8-4e27-83a1-9fb0a77e8803 rootwait gpt debug noinitrd earlyprintk init=/bin/bash
[    0.000000] Dentry cache hash table entries: 131072 (order: 7, 524288 bytes)
[    0.000000] Inode-cache hash table entries: 65536 (order: 6, 262144 bytes)
[    0.000000] Memory: 1998488K/2096128K available (9216K kernel code, 783K rwdata, 2584K rodata, 1024K init, 298K bss, 32104K reserved, 65536K cma-reserved, 1244160K highmem)
[    0.000000] Virtual kernel memory layout:
[    0.000000]     vector  : 0xffff0000 - 0xffff1000   (   4 kB)
[    0.000000]     fixmap  : 0xffc00000 - 0xfff00000   (3072 kB)
[    0.000000]     vmalloc : 0xf0800000 - 0xff800000   ( 240 MB)
[    0.000000]     lowmem  : 0xc0000000 - 0xf0000000   ( 768 MB)
[    0.000000]     pkmap   : 0xbfe00000 - 0xc0000000   (   2 MB)
[    0.000000]     modules : 0xbf000000 - 0xbfe00000   (  14 MB)
[    0.000000]       .text : 0x(ptrval) - 0x(ptrval)   (10208 kB)
[    0.000000]       .init : 0x(ptrval) - 0x(ptrval)   (1024 kB)
[    0.000000]       .data : 0x(ptrval) - 0x(ptrval)   ( 784 kB)
[    0.000000]        .bss : 0x(ptrval) - 0x(ptrval)   ( 299 kB)
[    0.000000] Preemptible hierarchical RCU implementation.
[    0.000000] 	Tasks RCU enabled.
[    0.000000] NR_IRQS: 16, nr_irqs: 16, preallocated irqs: 16
[    0.000000] /interrupt-controller@60004000: 160 interrupts forwarded to /interrupt-controller@50041000
[    0.000000] Tegra clk 127: register failed with -17
[    0.000009] sched_clock: 32 bits at 1000kHz, resolution 1000ns, wraps every 2147483647500ns
[    0.007462] clocksource: timer_us: mask: 0xffffffff max_cycles: 0xffffffff, max_idle_ns: 1911260446275 ns
[    0.016990] Switching to timer-based delay loop, resolution 1000ns
[    0.024221] arch_timer: cp15 timer(s) running at 12.00MHz (virt).
[    0.029214] clocksource: arch_sys_counter: mask: 0xffffffffffffff max_cycles: 0x2c47f4ee7, max_idle_ns: 440795202497 ns
[    0.039961] sched_clock: 56 bits at 12MHz, resolution 83ns, wraps every 4398046511096ns
[    0.047929] Switching to timer-based delay loop, resolution 83ns
[    0.054402] Console: colour dummy device 80x30
[    0.058344] Calibrating delay loop (skipped), value calculated using timer frequency.. 24.00 BogoMIPS (lpj=120000)
[    0.068654] pid_max: default: 32768 minimum: 301
[    0.073734] Mount-cache hash table entries: 2048 (order: 1, 8192 bytes)
[    0.079840] Mountpoint-cache hash table entries: 2048 (order: 1, 8192 bytes)
[    0.087674] CPU: Testing write buffer coherency: ok
[    0.092009] /cpus/cpu@0 missing clock-frequency property
[    0.097012] /cpus/cpu@1 missing clock-frequency property
[    0.102321] /cpus/cpu@2 missing clock-frequency property
[    0.107586] /cpus/cpu@3 missing clock-frequency property
[    0.112857] CPU0: thread -1, cpu 0, socket 0, mpidr 80000000
[    0.152974] Setting up static identity map for 0x80100000 - 0x801000a0
[    0.157728] Hierarchical SRCU implementation.
[    0.173529] Tegra Revision: A01 SKU: 129 CPU Process: 1 SoC Process: 1
[    0.193000] smp: Bringing up secondary CPUs ...
[    0.243630] CPU1: thread -1, cpu 1, socket 0, mpidr 80000001
[    0.323745] CPU2: thread -1, cpu 2, socket 0, mpidr 80000002
[    0.403863] CPU3: thread -1, cpu 3, socket 0, mpidr 80000003
[    0.413435] smp: Brought up 1 node, 4 CPUs
[    0.432540] SMP: Total of 4 processors activated (96.00 BogoMIPS).
[    0.438692] CPU: All CPU(s) started in SVC mode.
[    0.445124] devtmpfs: initialized
[    0.466739] Built 1 zonelists, mobility grouping on.  Total pages: 516006
[    0.472011] VFP support v0.3: implementor 41 architecture 4 part 30 variant f rev 0
[    0.479600] clocksource: jiffies: mask: 0xffffffff max_cycles: 0xffffffff, max_idle_ns: 19112604462750000 ns
[    0.489065] futex hash table entries: 1024 (order: 4, 65536 bytes)
[    0.495446] pinctrl core: initialized pinctrl subsystem
[    0.501626] NET: Registered protocol family 16
[    0.506049] DMA: preallocated 256 KiB pool for atomic coherent allocations
[    0.513105] cpuidle: using governor menu
[    0.538474] No ATAGs?
[    0.538606] hw-breakpoint: found 5 (+1 reserved) breakpoint and 4 watchpoint registers.
[    0.546968] hw-breakpoint: maximum watchpoint size is 8 bytes.
[    0.554743] iommu: Adding device 50000000.host1x to group 0
[    0.558510] iommu: Adding device 54200000.dc to group 1
[    0.563655] iommu: Adding device 54240000.dc to group 1
[    0.568893] iommu: Adding device 57000000.gpu to group 2
[    0.591269] +5V_SYS: supplied by +VDD_MUX
[    0.593768] +3.3V_SYS: supplied by +VDD_MUX
[    0.598327] +USB0_VBUS_SW: Failed to request enable GPIO108: -517
[    0.603640] reg-fixed-voltage regulators:regulator@7: Failed to register regulator: -517
[    0.611766] +5V_USB_HS: Failed to request enable GPIO109: -517
[    0.617495] reg-fixed-voltage regulators:regulator@8: Failed to register regulator: -517
[    0.625725] +1.05V_RUN_AVDD_HDMI_PLL: Failed to request enable GPIO63: -517
[    0.632518] reg-fixed-voltage regulators:regulator@11: Failed to register regulator: -517
[    0.640714] +5V_HDMI_CON: Failed to request enable GPIO86: -517
[    0.646526] reg-fixed-voltage regulators:regulator@12: Failed to register regulator: -517
[    0.654751] +5V_SATA: Failed to request enable GPIO242: -517
[    0.660300] reg-fixed-voltage regulators:regulator@13: Failed to register regulator: -517
[    0.668530] +12V_SATA: Failed to request enable GPIO242: -517
[    0.674171] reg-fixed-voltage regulators:regulator@14: Failed to register regulator: -517
[    0.683600] vgaarb: loaded
[    0.685767] SCSI subsystem initialized
[    0.688959] libata version 3.00 loaded.
[    0.692851] usbcore: registered new interface driver usbfs
[    0.698068] usbcore: registered new interface driver hub
[    0.703364] usbcore: registered new device driver usb
[    0.711551] Linux video capture interface: v2.00
[    0.714333] pps_core: LinuxPPS API ver. 1 registered
[    0.719220] pps_core: Software ver. 5.3.6 - Copyright 2005-2007 Rodolfo Giometti <giometti@linux.it>
[    0.728335] PTP clock support registered
[    0.733652] Advanced Linux Sound Architecture Driver Initialized.
[    0.738924] Bluetooth: Core ver 2.22
[    0.741871] NET: Registered protocol family 31
[    0.746266] Bluetooth: HCI device and connection manager initialized
[    0.752570] Bluetooth: HCI socket layer initialized
[    0.757447] Bluetooth: L2CAP socket layer initialized
[    0.762477] Bluetooth: SCO socket layer initialized
[    0.767939] clocksource: Switched to clocksource arch_sys_counter
[    0.865710] NET: Registered protocol family 2
[    0.869180] tcp_listen_portaddr_hash hash table entries: 512 (order: 0, 6144 bytes)
[    0.875849] TCP established hash table entries: 8192 (order: 3, 32768 bytes)
[    0.882933] TCP bind hash table entries: 8192 (order: 4, 65536 bytes)
[    0.889418] TCP: Hash tables configured (established 8192 bind 8192)
[    0.896036] UDP hash table entries: 512 (order: 2, 16384 bytes)
[    0.901502] UDP-Lite hash table entries: 512 (order: 2, 16384 bytes)
[    0.908118] NET: Registered protocol family 1
[    0.912807] RPC: Registered named UNIX socket transport module.
[    0.918021] RPC: Registered udp transport module.
[    0.922671] RPC: Registered tcp transport module.
[    0.927352] RPC: Registered tcp NFSv4.1 backchannel transport module.
[    0.934407] PCI: CLS 0 bytes, default 64
[    0.939520] hw perfevents: enabled with armv7_cortex_a15 PMU driver, 7 counters available
[    0.947615] Initialise system trusted keyrings
[    0.950436] workingset: timestamp_bits=30 max_order=19 bucket_order=0
[    0.958044] squashfs: version 4.0 (2009/01/31) Phillip Lougher
[    0.973246] NFS: Registering the id_resolver key type
[    0.976398] Key type id_resolver registered
[    0.980574] Key type id_legacy registered
[    0.989486] Key type asymmetric registered
[    0.991672] Asymmetric key parser 'x509' registered
[    0.996656] bounce: pool size: 64 pages
[    1.000443] io scheduler noop registered (default)
[    1.005106] io scheduler mq-deadline registered
[    1.009634] io scheduler kyber registered
[    1.015423]  usb2-0: usb2-0 supply vbus not found, using dummy regulator
[    1.020439]  usb2-1: usb2-1 supply vbus not found, using dummy regulator
[    1.027363] tegra-xusb-padctl 7009f000.padctl: failed to setup XUSB ports: -517
[    1.043613] tegra-pcie 1003000.pcie: 2x1, 1x1 configuration
[    1.047315] tegra-pcie 1003000.pcie: Failed to get supply 'avddio-pex': -517
[    1.057252] tegra124-dfll 70110000.clock: couldn't get vdd_cpu regulator
[    1.068028] tegra-apbdma 60020000.dma: Tegra20 APB DMA driver register 32 channels
[    1.074996] tegra-pmc 7000e400.pmc: emergency thermal reset enabled
[    1.080578] Serial: 8250/16550 driver, 4 ports, IRQ sharing disabled
[    1.088174] console [ttyS0] disabled
[    1.089885] 70006300.serial: ttyS0 at MMIO 0x70006300 (irq = 335, base_baud = 25500000) is a Tegra
[    1.098832] console [ttyS0] enabled
[    1.098832] console [ttyS0] enabled
[    1.105009] bootconsole [earlycon0] disabled
[    1.105009] bootconsole [earlycon0] disabled
[    1.114765] 70006000.serial: ttyTHS1 at MMIO 0x70006000 (irq = 333, base_baud = 0) is a TEGRA_UART
[    1.125441] 70006040.serial: ttyTHS2 at MMIO 0x70006040 (irq = 334, base_baud = 0) is a TEGRA_UART
[    1.154246] tegra-hdmi 54280000.hdmi: failed to get HDMI regulator
[    1.174110] loop: module loaded
[    1.178710] at24 0-0056: 256 byte 24c02 EEPROM, writable, 8 bytes/write
[    1.186140] as3722 4-0040: AS3722 with revision 0x1 found
[    1.198406] as3722-sd2: supplied by +5V_SYS
[    1.203071] as3722-sd3: supplied by +5V_SYS
[    1.207482] +1.35V_LP0(sd3): Bringing 0uV into 1350000-1350000uV
[    1.213887] as3722-sd4: supplied by +5V_SYS
[    1.218585] as3722-sd5: supplied by +5V_SYS
[    1.224666] as3722-ldo0: supplied by +1.35V_LP0(sd2)
[    1.230861] +1.8V_RUN_CAM: Bringing 0uV into 1800000-1800000uV
[    1.237096] as3722-ldo2: supplied by +1.8V_VDDIO
[    1.243056] as3722-ldo3: supplied by +3.3V_SYS
[    1.247557] +1.05V_LP0_VDD_RTC: Bringing 1100000uV into 1000000-1000000uV
[    1.255390] as3722-ldo4: supplied by +3.3V_SYS
[    1.260092] +2.8V_RUN_CAM: Bringing 0uV into 2800000-2800000uV
[    1.266328] as3722-ldo5: supplied by +1.8V_VDDIO
[    1.271205] +1.2V_RUN_CAM_FRONT: Bringing 0uV into 1200000-1200000uV
[    1.278197] +VDDIO_SDMMC3: bypassed regulator has no supply!
[    1.283850] +VDDIO_SDMMC3: failed to get the current voltage(-517)
[    1.290051] as3722-regulator as3722-regulator: regulator 13 register failed -517
[    1.301440] tegra-ahci 70027000.sata: couldn't get PHY in node sata: -517
[    1.319931] m25p80 spi1.0: w25q32dw (4096 Kbytes)
[    1.336821] libphy: Fixed MDIO Bus: probed
[    1.340944] CAN device driver interface
[    1.344826] igb: Intel(R) Gigabit Ethernet Network Driver - version 5.4.0-k
[    1.351839] igb: Copyright (c) 2007-2014 Intel Corporation.
[    1.357546] pegasus: v0.9.3 (2013/04/25), Pegasus/Pegasus II USB Ethernet driver
[    1.365024] usbcore: registered new interface driver pegasus
[    1.370947] usbcore: registered new interface driver asix
[    1.376398] usbcore: registered new interface driver ax88179_178a
[    1.382566] usbcore: registered new interface driver cdc_ether
[    1.388491] usbcore: registered new interface driver smsc75xx
[    1.394296] usbcore: registered new interface driver smsc95xx
[    1.400111] usbcore: registered new interface driver net1080
[    1.405814] usbcore: registered new interface driver cdc_subset
[    1.411807] usbcore: registered new interface driver zaurus
[    1.417442] usbcore: registered new interface driver cdc_ncm
[    1.423366] tegra-phy 7d000000.usb-phy: no vbus regulator
[    1.429022] tegra-phy 7d004000.usb-phy: no vbus regulator
[    1.434711] ehci_hcd: USB 2.0 'Enhanced' Host Controller (EHCI) Driver
[    1.441256] ehci-pci: EHCI PCI platform driver
[    1.445751] tegra-ehci: Tegra EHCI driver
[    1.452618] tegra-ehci 7d004000.usb: EHCI Host Controller
[    1.458060] tegra-ehci 7d004000.usb: new USB bus registered, assigned bus number 1
[    1.465864] tegra-ehci 7d004000.usb: irq 356, io mem 0x7d004000
[    1.497971] tegra-ehci 7d004000.usb: USB 2.0 started, EHCI 1.10
[    1.504795] hub 1-0:1.0: USB hub found
[    1.508607] hub 1-0:1.0: 1 port detected
[    1.513771] usbcore: registered new interface driver cdc_acm
[    1.519444] cdc_acm: USB Abstract Control Model driver for USB modems and ISDN adapters
[    1.527494] usbcore: registered new interface driver cdc_wdm
[    1.533256] usbcore: registered new interface driver usb-storage
[    1.547651] as3722-rtc as3722-rtc: rtc core: registered as3722-rtc as rtc0
[    1.554546] as3722-rtc as3722-rtc: RTC interrupt 379
[    1.562333] tegra_rtc 7000e000.rtc: rtc core: registered 7000e000.rtc as rtc1
[    1.569540] tegra_rtc 7000e000.rtc: Tegra internal Real Time Clock
[    1.576052] i2c /dev entries driver
[    1.580826] usbcore: registered new interface driver uvcvideo
[    1.586565] USB Video Class driver (1.1.1)
[    1.590678] gspca_main: v2.14.0 registered
[    1.595415] lm90 0-004c: 0-004c supply vcc not found, using dummy regulator
[    1.605745] tegra-wdt 60005000.timer: initialized (heartbeat = 120 sec, nowayout = 0)
[    1.614627] sdhci: Secure Digital Host Controller Interface driver
[    1.620950] sdhci: Copyright(c) Pierre Ossman
[    1.625301] sdhci-pltfm: SDHCI platform and OF driver helper
[    1.631317] sdhci-tegra 700b0400.sdhci: Got CD GPIO
[    1.636208] sdhci-tegra 700b0400.sdhci: Got WP GPIO
[    1.657513] mmc0: Unknown controller version (3). You may experience problems.
[    1.664792] mmc0: Invalid maximum block size, assuming 512 bytes
[    1.701937] mmc0: SDHCI controller on 700b0600.sdhci [700b0600.sdhci] using ADMA
[    1.710323] usbcore: registered new interface driver usbhid
[    1.715930] usbhid: USB HID core driver
[    1.759992] mmc0: new high speed MMC card at address 0001
[    1.770678] mmcblk0: mmc0:0001 SEM16G 14.7 GiB 
[    1.780336] mmcblk0boot0: mmc0:0001 SEM16G partition 1 4.00 MiB
[    1.791423] mmcblk0boot1: mmc0:0001 SEM16G partition 2 4.00 MiB
[    1.797570] mmcblk0rpmb: mmc0:0001 SEM16G partition 3 4.00 MiB, chardev (247:0)
[    1.806747]  mmcblk0: p1
[    2.159316] tegra30-i2s 70301100.i2s: DMA channels sourced from device 70300000.ahub
[    2.179673] tegra-snd-rt5640 sound: rt5640-aif1 <-> 70301100.i2s mapping ok
[    2.190634] input: NVIDIA Tegra Jetson TK1 Headphones as /devices/soc0/sound/sound/card1/input0
[    2.201805] NET: Registered protocol family 10
[    2.207686] Segment Routing with IPv6
[    2.211606] mip6: Mobile IPv6
[    2.214573] sit: IPv6, IPv4 and MPLS over IPv4 tunneling driver
[    2.222018] NET: Registered protocol family 17
[    2.226474] NET: Registered protocol family 15
[    2.230941] can: controller area network core (rev 20170425 abi 9)
[    2.237320] NET: Registered protocol family 29
[    2.241823] can: raw protocol (rev 20170425)
[    2.246102] can: broadcast manager protocol (rev 20170425 t)
[    2.251784] can: netlink gateway (rev 20170425) max_hops=1
[    2.257452] Bluetooth: RFCOMM socket layer initialized
[    2.262628] Bluetooth: RFCOMM ver 1.11
[    2.266385] Bluetooth: BNEP (Ethernet Emulation) ver 1.3
[    2.271750] Bluetooth: BNEP socket layer initialized
[    2.276720] Bluetooth: HIDP (Human Interface Emulation) ver 1.2
[    2.282656] Bluetooth: HIDP socket layer initialized
[    2.287823] Key type dns_resolver registered
[    2.292623] Registering SWP/SWPB emulation handler
[    2.298252] Loading compiled-in X.509 certificates
[    2.322736] +3.3V_RUN: supplied by +3.3V_SYS
[    2.327773] +USB0_VBUS_SW: supplied by +5V_SYS
[    2.332770] +3.3V_AVDD_HDMI_AP_GATED: supplied by +3.3V_RUN
[    2.338764] +5V_USB_HS: supplied by +5V_SYS
[    2.343839] +3.3V_LP0: supplied by +3.3V_SYS
[    2.349357] +5V_HDMI_CON: supplied by +5V_SYS
[    2.354151] +5V_SATA: supplied by +5V_SYS
[    2.358707] +12V_SATA: supplied by +VDD_MUX
[    2.364286]  usb2-0: usb2-0 supply vbus not found, using dummy regulator
[    2.371208]  usb2-1: usb2-1 supply vbus not found, using dummy regulator
[    2.378266]  usb3-0: usb3-0 supply vbus not found, using dummy regulator
[    2.385765] tegra-pcie 1003000.pcie: 2x1, 1x1 configuration
[    2.391459] tegra-pcie 1003000.pcie: Failed to get supply 'avddio-pex': -517
[    2.400587] tegra124-dfll 70110000.clock: couldn't get vdd_cpu regulator
[    2.409618] tegra-hdmi 54280000.hdmi: failed to get PLL regulator
[    2.418320] as3722-sd2: supplied by +5V_SYS
[    2.422832] as3722-sd3: supplied by +5V_SYS
[    2.427309] as3722-sd4: supplied by +5V_SYS
[    2.432002] as3722-sd5: supplied by +5V_SYS
[    2.437703] as3722-ldo0: supplied by +1.35V_LP0(sd2)
[    2.443387] as3722-ldo1: supplied by +3.3V_RUN
[    2.448293] as3722-ldo2: supplied by +1.8V_VDDIO
[    2.453950] as3722-ldo3: supplied by +3.3V_SYS
[    2.459630] as3722-ldo4: supplied by +3.3V_SYS
[    2.464379] as3722-ldo5: supplied by +1.8V_VDDIO
[    2.469466] as3722-ldo6: supplied by +3.3V_RUN
[    2.474229] as3722-ldo7: supplied by +1.8V_VDDIO
[    2.480515] input: tegra-hda HDMI/DP,pcm=3 as /devices/soc0/70030000.hda/sound/card0/input1
[    2.489040] +1.05V_RUN_CAM_REAR: Bringing 0uV into 1050000-1050000uV
[    2.496147] as3722-ldo9: supplied by +5V_SYS
[    2.501657] +3.3V_RUN_TOUCH: Bringing 0uV into 2800000-2800000uV
[    2.508406] as3722-ldo10: supplied by +5V_SYS
[    2.513246] +2.8V_RUN_CAM_AF: Bringing 0uV into 2800000-2800000uV
[    2.520106] as3722-ldo11: supplied by +3.3V_RUN
[    2.525392] +1.8V_RUN_VPP_FUSE: Bringing 0uV into 1800000-1800000uV
[    2.534675] tegra-ahci 70027000.sata: AHCI 0001.0301 32 slots 2 ports 3 Gbps 0x1 impl platform mode
[    2.543756] tegra-ahci 70027000.sata: flags: 64bit ncq sntf pm led pio slum part sadm sds apst 
[    2.553910] scsi host0: tegra-ahci
[    2.558622] scsi host1: tegra-ahci
[    2.562342] ata1: SATA max UDMA/133 mmio [mem 0x70027000-0x70028fff] port 0x100 irq 345
[    2.570397] ata2: DUMMY
[    2.574245] tegra-ehci 7d008000.usb: EHCI Host Controller
[    2.579704] tegra-ehci 7d008000.usb: new USB bus registered, assigned bus number 2
[    2.587523] tegra-ehci 7d008000.usb: irq 357, io mem 0x7d008000
[    2.618071] tegra-ehci 7d008000.usb: USB 2.0 started, EHCI 1.10
[    2.625183] hub 2-0:1.0: USB hub found
[    2.629109] hub 2-0:1.0: 1 port detected
[    2.646281] tegra-xusb 70090000.usb: Direct firmware load for nvidia/tegra124/xusb.bin failed with error -2
[    2.656080] tegra-xusb 70090000.usb: failed to request firmware: -2
[    2.662485] tegra-xusb 70090000.usb: failed to load firmware: -2
[    2.669136] tegra-xusb: probe of 70090000.usb failed with error -2
[    2.676150] sdhci-tegra 700b0400.sdhci: Got CD GPIO
[    2.681130] sdhci-tegra 700b0400.sdhci: Got WP GPIO
[    2.694419] mmc1: Unknown controller version (3). You may experience problems.
[    2.701798] mmc1: Invalid maximum block size, assuming 512 bytes
[    2.738358] mmc1: SDHCI controller on 700b0400.sdhci [700b0400.sdhci] using ADMA
[    2.746062] tegra-pcie 1003000.pcie: 2x1, 1x1 configuration
[    2.753567] tegra-pcie 1003000.pcie: probing port 0, using 2 lanes
[    2.761519] tegra-pcie 1003000.pcie: Slot present pin change, signature: 00000008
[    2.786326] tegra-pcie 1003000.pcie: probing port 1, using 1 lanes
[    2.794664] tegra-pcie 1003000.pcie: Slot present pin change, signature: 00000000
[    2.808712] tegra-pcie 1003000.pcie: PCI host bridge to bus 0000:00
[    2.814994] pci_bus 0000:00: root bus resource [io  0x0000-0xffff]
[    2.821298] pci_bus 0000:00: root bus resource [mem 0x13000000-0x1fffffff]
[    2.828313] pci_bus 0000:00: root bus resource [mem 0x20000000-0x3fffffff pref]
[    2.835709] pci_bus 0000:00: root bus resource [bus 00-ff]
[    2.841300] pci 0000:00:01.0: [10de:0e12] type 01 class 0x060400
[    2.847333] pci_bus 0000:00: 2-byte config write to 0000:00:01.0 offset 0x4 may corrupt adjacent RW1C bits
[    2.857093] pci_bus 0000:00: 2-byte config write to 0000:00:01.0 offset 0x4 may corrupt adjacent RW1C bits
[    2.866905] pci 0000:00:01.0: enabling Extended Tags
[    2.871994] pci_bus 0000:00: 2-byte config write to 0000:00:01.0 offset 0x88 may corrupt adjacent RW1C bits
[    2.881810] pci_bus 0000:00: 2-byte config write to 0000:00:01.0 offset 0x52 may corrupt adjacent RW1C bits
[    2.891719] pci 0000:00:01.0: PME# supported from D0 D1 D2 D3hot D3cold
[    2.898479] pci_bus 0000:00: 2-byte config write to 0000:00:01.0 offset 0x4c may corrupt adjacent RW1C bits
[    2.901602] ata1: SATA link down (SStatus 0 SControl 300)
[    2.908644] pci 0000:00:02.0: [10de:0e13] type 01 class 0x060400
[    2.919802] pci_bus 0000:00: 2-byte config write to 0000:00:02.0 offset 0x4 may corrupt adjacent RW1C bits
[    2.929596] pci_bus 0000:00: 2-byte config write to 0000:00:02.0 offset 0x4 may corrupt adjacent RW1C bits
[    2.939335] pci 0000:00:02.0: enabling Extended Tags
[    2.944302] pci_bus 0000:00: 2-byte config write to 0000:00:02.0 offset 0x88 may corrupt adjacent RW1C bits
[    2.954113] pci_bus 0000:00: 2-byte config write to 0000:00:02.0 offset 0x52 may corrupt adjacent RW1C bits
[    2.963954] pci 0000:00:02.0: PME# supported from D0 D1 D2 D3hot D3cold
[    2.970629] pci_bus 0000:00: 2-byte config write to 0000:00:02.0 offset 0x4c may corrupt adjacent RW1C bits
[    2.980682] PCI: bus0: Fast back to back transfers disabled
[    2.986296] pci 0000:00:01.0: bridge configuration invalid ([bus 00-00]), reconfiguring
[    2.994376] pci 0000:00:02.0: bridge configuration invalid ([bus 00-00]), reconfiguring
[    3.002681] pci 0000:01:00.0: [8086:4232] type 00 class 0x028000
[    3.008851] pci 0000:01:00.0: reg 0x10: [mem 0x00000000-0x00001fff 64bit]
[    3.015912] pci 0000:01:00.0: PME# supported from D0 D3hot D3cold
[    3.032723] mmc1: new high speed SDHC card at address aaaa
[    3.043525] mmcblk1: mmc1:aaaa SD04G 3.69 GiB 
[    3.048064] PCI: bus1: Fast back to back transfers disabled
[    3.053637] pci_bus 0000:01: busn_res: [bus 01-ff] end is updated to 01
[    3.061178] pci 0000:02:00.0: [10ec:8168] type 00 class 0x020000
[    3.067556] pci 0000:02:00.0: reg 0x10: [io  0x0000-0x00ff]
[    3.073352] pci 0000:02:00.0: reg 0x18: [mem 0x00000000-0x00000fff 64bit]
[    3.080329] pci 0000:02:00.0: reg 0x20: [mem 0x00000000-0x00003fff 64bit pref]
[    3.087862] pci 0000:02:00.0: supports D1 D2
[    3.092393] pci 0000:02:00.0: PME# supported from D0 D1 D2 D3hot D3cold
[    3.102864]  mmcblk1: p1 p2 p3
[    3.128140] PCI: bus2: Fast back to back transfers disabled
[    3.133724] pci_bus 0000:02: busn_res: [bus 02-ff] end is updated to 02
[    3.140449] pci 0000:00:01.0: BAR 8: assigned [mem 0x13000000-0x130fffff]
[    3.147232] pci 0000:00:02.0: BAR 8: assigned [mem 0x13100000-0x131fffff]
[    3.154086] pci 0000:00:02.0: BAR 9: assigned [mem 0x20000000-0x200fffff 64bit pref]
[    3.161891] pci 0000:00:02.0: BAR 7: assigned [io  0x1000-0x1fff]
[    3.168014] pci 0000:01:00.0: BAR 0: assigned [mem 0x13000000-0x13001fff 64bit]
[    3.175361] pci 0000:00:01.0: PCI bridge to [bus 01]
[    3.180377] pci 0000:00:01.0:   bridge window [mem 0x13000000-0x130fffff]
[    3.187179] pci 0000:02:00.0: BAR 4: assigned [mem 0x20000000-0x20003fff 64bit pref]
[    3.194951] pci 0000:02:00.0: BAR 2: assigned [mem 0x13100000-0x13100fff 64bit]
[    3.202288] pci 0000:02:00.0: BAR 0: assigned [io  0x1000-0x10ff]
[    3.208400] pci 0000:00:02.0: PCI bridge to [bus 02]
[    3.213361] pci 0000:00:02.0:   bridge window [io  0x1000-0x1fff]
[    3.219471] pci 0000:00:02.0:   bridge window [mem 0x13100000-0x131fffff]
[    3.226253] pci 0000:00:02.0:   bridge window [mem 0x20000000-0x200fffff 64bit pref]
[    3.234046] pci 0000:00:01.0: nv_msi_ht_cap_quirk didn't locate host bridge
[    3.241165] pcieport 0000:00:01.0: enabling device (0140 -> 0142)
[    3.247574] pcieport 0000:00:01.0: Signaling PME with IRQ 395
[    3.253520] pci 0000:00:02.0: nv_msi_ht_cap_quirk didn't locate host bridge
[    3.260596] pcieport 0000:00:02.0: enabling device (0140 -> 0143)
[    3.266953] pcieport 0000:00:02.0: Signaling PME with IRQ 396
[    3.273095] r8169 Gigabit Ethernet driver 2.3LK-NAPI loaded
[    3.278730] r8169 0000:02:00.0: enabling device (0140 -> 0143)
[    3.309800] r8169 0000:02:00.0 eth0: RTL8168g/8111g at 0x3a0cf871, 00:04:4b:3a:d9:81, XID 0c000800 IRQ 397
[    3.319478] r8169 0000:02:00.0 eth0: jumbo features [frames: 9200 bytes, tx checksumming: ko]
[    3.331662] +1.05V_RUN_AVDD_HDMI_PLL: supplied by +1.05V_RUN
[    3.340499] [drm] Supports vblank timestamp caching Rev 2 (21.10.2013).
[    3.347126] [drm] No driver support for vblank timestamp query.
[    3.487012] tegra-hdmi 54280000.hdmi: cannot set audio to 48000 Hz at 297000000 Hz pixel clock
[    3.651194] Console: switching to colour frame buffer device 512x135
[    3.747171] drm drm: fb0:  frame buffer device
[    3.751818] [drm] Initialized tegra 0.0.0 20120330 for drm on minor 0
[    3.759247] cpufreq: cpufreq_online: CPU0: Running at unlisted freq: 696000 KHz
[    3.766572] cpufreq: cpufreq_online: CPU0: Unlisted initial frequency changed to: 714000 KHz
[    3.775610] input: gpio-keys as /devices/soc0/gpio-keys/input/input2
[    3.783101] as3722-rtc as3722-rtc: setting system clock to 2000-01-01 00:00:18 UTC (946684818)
[    3.791862] cfg80211: Loading compiled-in X.509 certificates for regulatory database
[    3.801478] cfg80211: Loaded X.509 cert 'sforshee: 00b28ddf47aef9cea7'
[    3.808302] platform regulatory.0: Direct firmware load for regulatory.db failed with error -2
[    3.816909] cfg80211: failed to load regulatory.db
[    3.818325] +USB0_VBUS_SW: disabling
[    3.825264] +1.8V_RUN_CAM: disabling
[    3.829176] +2.8V_RUN_CAM: disabling
[    3.833063] +1.2V_RUN_CAM_FRONT: disabling
[    3.837412] +1.05V_RUN_CAM_REAR: disabling
[    3.841776] +3.3V_RUN_TOUCH: disabling
[    3.845831] +2.8V_RUN_CAM_AF: disabling
[    3.849942] +1.8V_RUN_VPP_FUSE: disabling
[    3.854120] ALSA device list:
[    3.857083]   #0: tegra-hda at 0x70038000 irq 346
[    3.861803]   #1: NVIDIA Tegra Jetson TK1
[    3.866734] EXT4-fs (mmcblk0p1): mounting ext3 file system using the ext4 subsystem
[    3.919118] EXT4-fs (mmcblk0p1): recovery complete
[    3.924902] EXT4-fs (mmcblk0p1): mounted filesystem with ordered data mode. Opts: (null)
[    3.933116] VFS: Mounted root (ext3 filesystem) on device 179:1.
[    3.943937] devtmpfs: mounted
[    3.947278] Freeing unused kernel memory: 1024K
bash: cannot set terminal process group (-1): Inappropriate ioctl for device
bash: no job control in this shell
root@(none):/# 