
U-Boot SPL 2014.07-00097-g772e173 (Jul 25 2014 - 20:02:52)


U-Boot 2014.07-00097-g772e173 (Jul 25 2014 - 20:02:52)

TEGRA124
Board: NVIDIA Jetson TK1
I2C:   ready
DRAM:  2 GiB
MMC:   Tegra SD/MMC: 0, Tegra SD/MMC: 1
In:    serial
Out:   serial
Err:   serial
Net:   Net Initialization Skipped
No ethernet found.
Hit any key to stop autoboot:  2  0 
Tegra124 (Jetson TK1) # 
Tegra124 (Jetson TK1) # usb reset
(Re)start USB...
USB0:   USB EHCI 1.10
scanning bus 0 for devices... 1 USB Device(s) found
USB1:   USB EHCI 1.10
scanning bus 1 for devices... 2 USB Device(s) found
       scanning usb for storage devices... 0 Storage Device(s) found
       scanning usb for ethernet devices... 
Warning: asx0 using MAC address from net device
1 Ethernet Device(s) found
Tegra124 (Jetson TK1) # setenv bootargs 'ignore_loglevel console=ttyS0,115200n8 rw root=/dev/mmcblk0p1 rootwait gpt debug noinitrd earlyprintk init=/bin/bash'
Tegra124 (Jetson TK1) # setenv ipaddr 192.168.100.102; setenv serverip 192.168.100.1; setenv tftpserverip 192.168.100.1
Tegra124 (Jetson TK1) # tftpboot 0x82000000 zImage.multi_v7_defconfig
Using asx0 device
TFTP from server 192.168.100.1; our IP address is 192.168.100.102
Filename 'zImage.multi_v7_defconfig'.
Load address: 0x82000000
Loading: *#################################################################
	 #################################################################
	 #################################################################
	 #################################################################
	 #################################################################
	 #################################################################
	 #################################################################
	 ######################
	 3.1 MiB/s
done
Bytes transferred = 6999736 (6aceb8 hex)
Tegra124 (Jetson TK1) # tftpboot 0x83000000 tegra124-jetson-tk1.dtb
Using asx0 device
TFTP from server 192.168.100.1; our IP address is 192.168.100.102
Filename 'tegra124-jetson-tk1.dtb'.
Load address: 0x83000000
Loading: *#####
	 3.2 MiB/s
done
Bytes transferred = 64488 (fbe8 hex)
Tegra124 (Jetson TK1) # bootz 0x82000000 - 0x83000000
Kernel image @ 0x82000000 [ 0x000000 - 0x6aceb8 ]
## Flattened Device Tree blob at 83000000
   Booting using the fdt blob at 0x83000000
   Using Device Tree in place at 83000000, end 83012be7

Starting kernel ...

[    0.000000] Booting Linux on physical CPU 0x0
[    0.000000] Linux version 4.6.0-rc3-next-20160413-86423-g54ea972 (pwalmsley@sellafield) (gcc version 4.7.3 20130328 (prerelease) (crosstool-NG linaro-1.13.1-4.7-2013.04-20130415 - Linaro GCC 2013.04) ) #1 SMP Tue Apr 12 22:19:15 PDT 2016
[    0.000000] CPU: ARMv7 Processor [413fc0f3] revision 3 (ARMv7), cr=10c5387d
[    0.000000] CPU: div instructions available: patching division code
[    0.000000] CPU: PIPT / VIPT nonaliasing data cache, PIPT instruction cache
[    0.000000] Machine model: NVIDIA Tegra124 Jetson TK1
[    0.000000] debug: ignoring loglevel setting.
[    0.000000] cma: Reserved 64 MiB at 0xfb800000
[    0.000000] Memory policy: Data cache writealloc
[    0.000000] On node 0 totalpages: 524032
[    0.000000] free_area_init_node: node 0, pgdat c141d480, node_mem_map eeff8000
[    0.000000]   DMA zone: 1536 pages used for memmap
[    0.000000]   DMA zone: 0 pages reserved
[    0.000000]   DMA zone: 196608 pages, LIFO batch:31
[    0.000000]   HighMem zone: 327424 pages, LIFO batch:31
[    0.000000] percpu: Embedded 12 pages/cpu @eef8f000 s19648 r8192 d21312 u49152
[    0.000000] pcpu-alloc: s19648 r8192 d21312 u49152 alloc=12*4096
[    0.000000] pcpu-alloc: [0] 0 [0] 1 [0] 2 [0] 3 
[    0.000000] Built 1 zonelists in Zone order, mobility grouping on.  Total pages: 522496
[    0.000000] Kernel command line: ignore_loglevel console=ttyS0,115200n8 rw root=/dev/mmcblk0p1 rootwait gpt debug noinitrd earlyprintk init=/bin/bash
[    0.000000] PID hash table entries: 4096 (order: 2, 16384 bytes)
[    0.000000] Dentry cache hash table entries: 131072 (order: 7, 524288 bytes)
[    0.000000] Inode-cache hash table entries: 65536 (order: 6, 262144 bytes)
[    0.000000] Memory: 1995016K/2096128K available (9525K kernel code, 1149K rwdata, 4152K rodata, 2048K init, 341K bss, 35576K reserved, 65536K cma-reserved, 1244160K highmem)
[    0.000000] Virtual kernel memory layout:
[    0.000000]     vector  : 0xffff0000 - 0xffff1000   (   4 kB)
[    0.000000]     fixmap  : 0xffc00000 - 0xfff00000   (3072 kB)
[    0.000000]     vmalloc : 0xf0800000 - 0xff800000   ( 240 MB)
[    0.000000]     lowmem  : 0xc0000000 - 0xf0000000   ( 768 MB)
[    0.000000]     pkmap   : 0xbfe00000 - 0xc0000000   (   2 MB)
[    0.000000]     modules : 0xbf000000 - 0xbfe00000   (  14 MB)
[    0.000000]       .text : 0xc0208000 - 0xc105b654   (14670 kB)
[    0.000000]       .init : 0xc1100000 - 0xc1300000   (2048 kB)
[    0.000000]       .data : 0xc1300000 - 0xc141f4c0   (1150 kB)
[    0.000000]        .bss : 0xc1421000 - 0xc1476598   ( 342 kB)
[    0.000000] SLUB: HWalign=64, Order=0-3, MinObjects=0, CPUs=4, Nodes=1
[    0.000000] Hierarchical RCU implementation.
[    0.000000] 	Build-time adjustment of leaf fanout to 32.
[    0.000000] 	RCU restricting CPUs from NR_CPUS=16 to nr_cpu_ids=4.
[    0.000000] RCU: Adjusting geometry for rcu_fanout_leaf=32, nr_cpu_ids=4
[    0.000000] NR_IRQS:16 nr_irqs:16 16
[    0.000000] /interrupt-controller@60004000: 160 interrupts forwarded to /interrupt-controller@0,50041000
[    0.000000] Tegra clk 127: register failed with -17
[    0.000008] sched_clock: 32 bits at 1000kHz, resolution 1000ns, wraps every 2147483647500ns
[    0.000031] clocksource: timer_us: mask: 0xffffffff max_cycles: 0xffffffff, max_idle_ns: 1911260446275 ns
[    0.000045] Switching to timer-based delay loop, resolution 1000ns
[    0.005212] Architected cp15 timer(s) running at 12.00MHz (virt).
[    0.005230] clocksource: arch_sys_counter: mask: 0xffffffffffffff max_cycles: 0x2c47f4ee7, max_idle_ns: 440795202497 ns
[    0.005247] sched_clock: 56 bits at 12MHz, resolution 83ns, wraps every 4398046511096ns
[    0.005259] Switching to timer-based delay loop, resolution 83ns
[    0.005767] Console: colour dummy device 80x30
[    0.005792] Calibrating delay loop (skipped), value calculated using timer frequency.. 24.00 BogoMIPS (lpj=60000)
[    0.005806] pid_max: default: 32768 minimum: 301
[    0.005899] Mount-cache hash table entries: 2048 (order: 1, 8192 bytes)
[    0.005911] Mountpoint-cache hash table entries: 2048 (order: 1, 8192 bytes)
[    0.006509] CPU: Testing write buffer coherency: ok
[    0.006728] /cpus/cpu@0 missing clock-frequency property
[    0.006767] /cpus/cpu@1 missing clock-frequency property
[    0.006806] /cpus/cpu@2 missing clock-frequency property
[    0.006845] /cpus/cpu@3 missing clock-frequency property
[    0.006858] CPU0: thread -1, cpu 0, socket 0, mpidr 80000000
[    0.006878] Setting up static identity map for 0x80300000 - 0x80300098
[    0.008533] ------------[ cut here ]------------
[    0.008556] WARNING: CPU: 0 PID: 1 at arch/arm/mach-omap2/id.c:49 omap_rev+0x3c/0x50
[    0.008564] Modules linked in:
[    0.008580] CPU: 0 PID: 1 Comm: swapper/0 Not tainted 4.6.0-rc3-next-20160413-86423-g54ea972 #1
[    0.008588] Hardware name: NVIDIA Tegra SoC (Flattened Device Tree)
[    0.008617] [<c030f9a8>] (unwind_backtrace) from [<c030b088>] (show_stack+0x10/0x14)
[    0.008639] [<c030b088>] (show_stack) from [<c0582708>] (dump_stack+0x84/0xa4)
[    0.008659] [<c0582708>] (dump_stack) from [<c0341bf8>] (__warn+0xd4/0x100)
[    0.008675] [<c0341bf8>] (__warn) from [<c0341c44>] (warn_slowpath_null+0x20/0x28)
[    0.008690] [<c0341c44>] (warn_slowpath_null) from [<c03243fc>] (omap_rev+0x3c/0x50)
[    0.008708] [<c03243fc>] (omap_rev) from [<c1114acc>] (__omap4_sar_ram_init+0x8/0x88)
[    0.008723] [<c1114acc>] (__omap4_sar_ram_init) from [<c0301e5c>] (do_one_initcall+0x3c/0x16c)
[    0.008740] [<c0301e5c>] (do_one_initcall) from [<c1100ccc>] (kernel_init_freeable+0x70/0x1ec)
[    0.008758] [<c1100ccc>] (kernel_init_freeable) from [<c0b42a44>] (kernel_init+0x8/0x118)
[    0.008775] [<c0b42a44>] (kernel_init) from [<c0307f78>] (ret_from_fork+0x14/0x3c)
[    0.008795] ---[ end trace cb88537fdc8fa200 ]---
[    0.010143] Tegra Revision: A01 SKU: 129 CPU Process: 1 SoC Process: 1
[    0.011530] CPU1: thread -1, cpu 1, socket 0, mpidr 80000001
[    0.015599] CPU2: thread -1, cpu 2, socket 0, mpidr 80000002
[    0.020596] CPU3: thread -1, cpu 3, socket 0, mpidr 80000003
[    0.025110] Brought up 4 CPUs
[    0.025129] SMP: Total of 4 processors activated (96.00 BogoMIPS).
[    0.025136] CPU: All CPU(s) started in SVC mode.
[    0.026632] devtmpfs: initialized
[    0.044500] VFP support v0.3: implementor 41 architecture 4 part 30 variant f rev 0
[    0.045202] clocksource: jiffies: mask: 0xffffffff max_cycles: 0xffffffff, max_idle_ns: 9556302231375000 ns
[    0.046688] pinctrl core: initialized pinctrl subsystem
[    0.048278] NET: Registered protocol family 16
[    0.050358] DMA: preallocated 256 KiB pool for atomic coherent allocations
[    0.065241] cpuidle: using governor menu
[    0.083572] No ATAGs?
[    0.083600] hw-breakpoint: found 5 (+1 reserved) breakpoint and 4 watchpoint registers.
[    0.083610] hw-breakpoint: maximum watchpoint size is 8 bytes.
[    0.089446] Serial: AMBA PL011 UART driver
[    0.120406] +5V_SYS: supplied by +VDD_MUX
[    0.120702] +3.3V_SYS: supplied by +VDD_MUX
[    0.121147] +USB0_VBUS_SW: Failed to request enable GPIO108: -517
[    0.121162] reg-fixed-voltage regulators:regulator@7: Failed to register regulator: -517
[    0.121252] +5V_USB_HS: Failed to request enable GPIO109: -517
[    0.121265] reg-fixed-voltage regulators:regulator@8: Failed to register regulator: -517
[    0.121428] +1.05V_RUN_AVDD_HDMI_PLL: Failed to request enable GPIO63: -517
[    0.121441] reg-fixed-voltage regulators:regulator@11: Failed to register regulator: -517
[    0.121525] +5V_HDMI_CON: Failed to request enable GPIO86: -517
[    0.121538] reg-fixed-voltage regulators:regulator@12: Failed to register regulator: -517
[    0.121622] +5V_SATA: Failed to request enable GPIO242: -517
[    0.121633] reg-fixed-voltage regulators:regulator@13: Failed to register regulator: -517
[    0.121716] +12V_SATA: Failed to request enable GPIO242: -517
[    0.121728] reg-fixed-voltage regulators:regulator@14: Failed to register regulator: -517
[    0.124995] vgaarb: loaded
[    0.125942] SCSI subsystem initialized
[    0.126110] libata version 3.00 loaded.
[    0.126390] usbcore: registered new interface driver usbfs
[    0.126455] usbcore: registered new interface driver hub
[    0.126532] usbcore: registered new device driver usb
[    0.130200] pps_core: LinuxPPS API ver. 1 registered
[    0.130209] pps_core: Software ver. 5.3.6 - Copyright 2005-2007 Rodolfo Giometti <giometti@linux.it>
[    0.130231] PTP clock support registered
[    0.130460] EDAC MC: Ver: 3.0.0
[    0.133592] clocksource: Switched to clocksource arch_sys_counter
[    0.144727] NET: Registered protocol family 2
[    0.145246] TCP established hash table entries: 8192 (order: 3, 32768 bytes)
[    0.145344] TCP bind hash table entries: 8192 (order: 4, 65536 bytes)
[    0.145530] TCP: Hash tables configured (established 8192 bind 8192)
[    0.145583] UDP hash table entries: 512 (order: 2, 16384 bytes)
[    0.145624] UDP-Lite hash table entries: 512 (order: 2, 16384 bytes)
[    0.145777] NET: Registered protocol family 1
[    0.146015] RPC: Registered named UNIX socket transport module.
[    0.146024] RPC: Registered udp transport module.
[    0.146031] RPC: Registered tcp transport module.
[    0.146038] RPC: Registered tcp NFSv4.1 backchannel transport module.
[    0.146048] PCI: CLS 0 bytes, default 64
[    0.147026] hw perfevents: enabled with armv7_cortex_a15 PMU driver, 7 counters available
[    0.148518] futex hash table entries: 1024 (order: 4, 65536 bytes)
[    0.149305] workingset: timestamp_bits=28 max_order=19 bucket_order=0
[    0.160811] squashfs: version 4.0 (2009/01/31) Phillip Lougher
[    0.161660] NFS: Registering the id_resolver key type
[    0.161696] Key type id_resolver registered
[    0.161704] Key type id_legacy registered
[    0.161747] ntfs: driver 2.1.32 [Flags: R/O].
[    0.163021] bounce: pool size: 64 pages
[    0.163223] Block layer SCSI generic (bsg) driver version 0.4 loaded (major 248)
[    0.163233] io scheduler noop registered
[    0.163241] io scheduler deadline registered
[    0.163272] io scheduler cfq registered (default)
[    0.183202] tegra-pcie 1003000.pcie-controller: 2x1, 1x1 configuration
[    0.183256] tegra-pcie 1003000.pcie-controller: Failed to get supply 'avddio-pex': -517
[    0.190461] tegra-apbdma 60020000.dma: Tegra20 APB DMA driver register 32 channels
[    0.192411] tegra-pmc 7000e400.pmc: emergency thermal reset enabled
[    0.255692] Serial: 8250/16550 driver, 4 ports, IRQ sharing disabled
[    0.258689] console [ttyS0] disabled
[    0.258723] 70006300.serial: ttyS0 at MMIO 0x70006300 (irq = 331, base_baud = 25500000) is a Tegra
[    1.201806] console [ttyS0] enabled
[    1.206224] SuperH (H)SCI(F) driver initialized
[    1.211806] msm_serial: driver initialized
[    1.216112] STMicroelectronics ASC driver initialized
[    1.222070] serial-tegra serial@70006000: failed to get alias id, errno -19
[    1.229096] serial-tegra serial@70006040: failed to get alias id, errno -19
[    1.237738] [drm] Initialized drm 1.1.0 20060810
[    1.245580] tegra-hdmi 54280000.hdmi: failed to get HDMI regulator
[    1.265139] brd: module loaded
[    1.274341] loop: module loaded
[    1.277944] at24 0-0056: 256 byte 24c02 EEPROM, writable, 8 bytes/write
[    1.286141] as3722 4-0040: AS3722 with revision 0x1 found
[    1.297839] +1.35V_LP0(sd3): Bringing 0uV into 1350000-1350000uV
[    1.304387] +1.05V_RUN: Bringing 0uV into 1050000-1050000uV
[    1.313155] +1.8V_RUN_CAM: Bringing 0uV into 1800000-1800000uV
[    1.320542] +1.05V_LP0_VDD_RTC: Bringing 1100000uV into 1000000-1000000uV
[    1.328476] +2.8V_RUN_CAM: Bringing 0uV into 2800000-2800000uV
[    1.334858] +1.2V_RUN_CAM_FRONT: Bringing 0uV into 1200000-1200000uV
[    1.341751] +VDDIO_SDMMC3: failed to get the current voltage(-22)
[    1.347971] as3722-regulator as3722-regulator: regulator 13 register failed -22
[    1.357072] as3722-regulator: probe of as3722-regulator failed with error -22
[    1.366816] tegra-ahci 70027000.sata: Failed to get supply 'avdd': -517
[    1.373445] tegra-ahci 70027000.sata: Failed to get regulators
[    1.393800] m25p80 spi32765.0: w25q32dw (4096 Kbytes)
[    1.402287] libphy: Fixed MDIO Bus: probed
[    1.407104] CAN device driver interface
[    1.413050] igb: Intel(R) Gigabit Ethernet Network Driver - version 5.3.0-k
[    1.420016] igb: Copyright (c) 2007-2014 Intel Corporation.
[    1.429002] pegasus: v0.9.3 (2013/04/25), Pegasus/Pegasus II USB Ethernet driver
[    1.436453] usbcore: registered new interface driver pegasus
[    1.442175] usbcore: registered new interface driver asix
[    1.447621] usbcore: registered new interface driver ax88179_178a
[    1.453765] usbcore: registered new interface driver cdc_ether
[    1.459667] usbcore: registered new interface driver smsc75xx
[    1.465485] usbcore: registered new interface driver smsc95xx
[    1.471279] usbcore: registered new interface driver net1080
[    1.476987] usbcore: registered new interface driver cdc_subset
[    1.482952] usbcore: registered new interface driver zaurus
[    1.488615] usbcore: registered new interface driver cdc_ncm
[    1.494526] tegra-phy 7d004000.usb-phy: no vbus regulator
[    1.502130] ehci_hcd: USB 2.0 'Enhanced' Host Controller (EHCI) Driver
[    1.508668] ehci-pci: EHCI PCI platform driver
[    1.513147] ehci-platform: EHCI generic platform driver
[    1.518614] ehci-omap: OMAP-EHCI Host Controller driver
[    1.523992] ehci-orion: EHCI orion driver
[    1.528139] SPEAr-ehci: EHCI SPEAr driver
[    1.532312] ehci-st: EHCI STMicroelectronics driver
[    1.537357] ehci-exynos: EHCI EXYNOS driver
[    1.541726] ehci-atmel: EHCI Atmel driver
[    1.545897] tegra-ehci: Tegra EHCI driver
[    1.550250] tegra-ehci 7d004000.usb: EHCI Host Controller
[    1.555693] tegra-ehci 7d004000.usb: new USB bus registered, assigned bus number 1
[    1.563535] tegra-ehci 7d004000.usb: irq 348, io mem 0x7d004000
[    1.578603] tegra-ehci 7d004000.usb: USB 2.0 started, EHCI 1.10
[    1.585387] hub 1-0:1.0: USB hub found
[    1.589193] hub 1-0:1.0: 1 port detected
[    1.593751] ohci_hcd: USB 1.1 'Open' Host Controller (OHCI) Driver
[    1.599965] ohci-pci: OHCI PCI platform driver
[    1.604462] ohci-platform: OHCI generic platform driver
[    1.609877] ohci-omap3: OHCI OMAP3 driver
[    1.614042] SPEAr-ohci: OHCI SPEAr driver
[    1.618198] ohci-st: OHCI STMicroelectronics driver
[    1.623230] ohci-atmel: OHCI Atmel driver
[    1.628064] usbcore: registered new interface driver usb-storage
[    1.635796] mousedev: PS/2 mouse device common for all mice
[    1.644620] as3722-rtc as3722-rtc: rtc core: registered as3722-rtc as rtc0
[    1.651507] as3722-rtc as3722-rtc: RTC interrupt 371
[    1.659854] tegra_rtc 7000e000.rtc: rtc core: registered 7000e000.rtc as rtc1
[    1.667037] tegra_rtc 7000e000.rtc: Tegra internal Real Time Clock
[    1.673828] i2c /dev entries driver
[    1.684103] 0-004c supply vcc not found, using dummy regulator
[    1.697993] sdhci: Secure Digital Host Controller Interface driver
[    1.704185] sdhci: Copyright(c) Pierre Ossman
[    1.710228] Synopsys Designware Multimedia Card Interface Driver
[    1.717417] sdhci-pltfm: SDHCI platform and OF driver helper
[    1.723895] sdhci-tegra 700b0400.sdhci: Got CD GPIO
[    1.728799] sdhci-tegra 700b0400.sdhci: Got WP GPIO
[    1.733736] mmc0: Unknown controller version (3). You may experience problems.
[    1.741195] mmc0: Unknown controller version (3). You may experience problems.
[    1.748485] mmc0: Invalid maximum block size, assuming 512 bytes
[    1.788606] mmc0: SDHCI controller on 700b0600.sdhci [700b0600.sdhci] using ADMA 64-bit
[    1.798283] ledtrig-cpu: registered to indicate activity on CPUs
[    1.804778] usbcore: registered new interface driver usbhid
[    1.810360] usbhid: USB HID core driver
[    1.818487] tegra124-dfll 70110000.clock: couldn't get vdd_cpu regulator
[    1.828034] NET: Registered protocol family 10
[    1.833181] sit: IPv6 over IPv4 tunneling driver
[    1.838486] NET: Registered protocol family 17
[    1.842953] can: controller area network core (rev 20120528 abi 9)
[    1.849205] NET: Registered protocol family 29
[    1.853660] can: raw protocol (rev 20120528)
[    1.857926] can: broadcast manager protocol (rev 20120528 t)
[    1.863598] can: netlink gateway (rev 20130117) max_hops=1
[    1.869466] Key type dns_resolver registered
[    1.874385] ThumbEE CPU extension supported.
[    1.878675] Registering SWP/SWPB emulation handler
[    1.892975] +3.3V_RUN: supplied by +3.3V_SYS
[    1.897378] +3.3V_AVDD_HDMI_AP_GATED: supplied by +3.3V_RUN
[    1.903760] +USB0_VBUS_SW: supplied by +5V_SYS
[    1.908913] +5V_USB_HS: supplied by +5V_SYS
[    1.915748] +3.3V_LP0: supplied by +3.3V_SYS
[    1.922657] tegra-pcie 1003000.pcie-controller: 2x1, 1x1 configuration
[    1.929283] tegra-pcie 1003000.pcie-controller: Failed to get supply 'avddio-pex': -517
[    1.939360] +5V_HDMI_CON: supplied by +5V_SYS
[    1.943968] tegra-hdmi 54280000.hdmi: failed to get PLL regulator
[    1.948770] mmc0: new HS200 MMC card at address 0001
[    1.949407] mmcblk0: mmc0:0001 SEM16G 14.7 GiB 
[    1.949870] mmcblk0boot0: mmc0:0001 SEM16G partition 1 4.00 MiB
[    1.950199] mmcblk0boot1: mmc0:0001 SEM16G partition 2 4.00 MiB
[    1.950746] mmcblk0rpmb: mmc0:0001 SEM16G partition 3 4.00 MiB
[    1.952965] Primary GPT is invalid, using alternate GPT.
[    1.952994]  mmcblk0: p1 p2 p3 p4 p5 p6 p7 p8 p9
[    1.989129] tegra-ahci 70027000.sata: Failed to get supply 'avdd': -517
[    1.995780] tegra-ahci 70027000.sata: Failed to get regulators
[    2.005130] tegra-ehci 7d008000.usb: EHCI Host Controller
[    2.010595] tegra-ehci 7d008000.usb: new USB bus registered, assigned bus number 2
[    2.018531] tegra-ehci 7d008000.usb: irq 349, io mem 0x7d008000
[    2.033721] tegra-ehci 7d008000.usb: USB 2.0 started, EHCI 1.10
[    2.040647] hub 2-0:1.0: USB hub found
[    2.044507] hub 2-0:1.0: 1 port detected
[    2.050835] sdhci-tegra 700b0400.sdhci: Got CD GPIO
[    2.055803] sdhci-tegra 700b0400.sdhci: Got WP GPIO
[    2.060803] mmc1: Unknown controller version (3). You may experience problems.
[    2.069744] cpu cpu0: _opp_add: duplicate OPPs detected. Existing: freq: 204000000, volt: 900000, enabled: 1. New: freq: 204000000, volt: 900000, enabled: 1
[    2.083766] cpu cpu0: _opp_add: duplicate OPPs detected. Existing: freq: 306000000, volt: 900000, enabled: 1. New: freq: 306000000, volt: 900000, enabled: 1
[    2.097793] cpu cpu0: _opp_add: duplicate OPPs detected. Existing: freq: 408000000, volt: 900000, enabled: 1. New: freq: 408000000, volt: 900000, enabled: 1
[    2.111819] cpu cpu0: _opp_add: duplicate OPPs detected. Existing: freq: 510000000, volt: 900000, enabled: 1. New: freq: 510000000, volt: 900000, enabled: 1
[    2.125845] cpu cpu0: _opp_add: duplicate OPPs detected. Existing: freq: 612000000, volt: 900000, enabled: 1. New: freq: 612000000, volt: 900000, enabled: 1
[    2.139872] cpu cpu0: _opp_add: duplicate OPPs detected. Existing: freq: 714000000, volt: 900000, enabled: 1. New: freq: 714000000, volt: 900000, enabled: 1
[    2.153903] cpu cpu0: _opp_add: duplicate OPPs detected. Existing: freq: 816000000, volt: 900000, enabled: 1. New: freq: 816000000, volt: 900000, enabled: 1
[    2.167934] cpu cpu0: _opp_add: duplicate OPPs detected. Existing: freq: 918000000, volt: 900000, enabled: 1. New: freq: 918000000, volt: 900000, enabled: 1
[    2.181972] cpu cpu0: _opp_add: duplicate OPPs detected. Existing: freq: 1020000000, volt: 900000, enabled: 1. New: freq: 1020000000, volt: 900000, enabled: 1
[    2.196178] cpu cpu0: _opp_add: duplicate OPPs detected. Existing: freq: 1122000000, volt: 900000, enabled: 1. New: freq: 1122000000, volt: 900000, enabled: 1
[    2.210384] cpu cpu0: _opp_add: duplicate OPPs detected. Existing: freq: 1224000000, volt: 900000, enabled: 1. New: freq: 1224000000, volt: 900000, enabled: 1
[    2.224589] cpu cpu0: _opp_add: duplicate OPPs detected. Existing: freq: 1326000000, volt: 900000, enabled: 1. New: freq: 1326000000, volt: 900000, enabled: 1
[    2.238784] cpu cpu0: _opp_add: duplicate OPPs detected. Existing: freq: 1428000000, volt: 900000, enabled: 1. New: freq: 1428000000, volt: 900000, enabled: 1
[    2.252988] cpu cpu0: _opp_add: duplicate OPPs detected. Existing: freq: 1530000000, volt: 900000, enabled: 1. New: freq: 1530000000, volt: 900000, enabled: 1
[    2.267191] cpu cpu0: _opp_add: duplicate OPPs detected. Existing: freq: 1632000000, volt: 920000, enabled: 1. New: freq: 1632000000, volt: 920000, enabled: 1
[    2.281398] cpu cpu0: _opp_add: duplicate OPPs detected. Existing: freq: 1734000000, volt: 960000, enabled: 1. New: freq: 1734000000, volt: 960000, enabled: 1
[    2.295614] cpu cpu0: _opp_add: duplicate OPPs detected. Existing: freq: 1836000000, volt: 990000, enabled: 1. New: freq: 1836000000, volt: 990000, enabled: 1
[    2.309819] cpu cpu0: _opp_add: duplicate OPPs detected. Existing: freq: 1938000000, volt: 1030000, enabled: 1. New: freq: 1938000000, volt: 1030000, enabled: 1
[    2.324198] cpu cpu0: _opp_add: duplicate OPPs detected. Existing: freq: 2014500000, volt: 1060000, enabled: 1. New: freq: 2014500000, volt: 1060000, enabled: 1
[    2.338604] cpu cpu0: _opp_add: duplicate OPPs detected. Existing: freq: 2116500000, volt: 1100000, enabled: 1. New: freq: 2116500000, volt: 1100000, enabled: 1
[    2.352983] cpu cpu0: _opp_add: duplicate OPPs detected. Existing: freq: 2218500000, volt: 1140000, enabled: 1. New: freq: 2218500000, volt: 1140000, enabled: 1
[    2.367362] cpu cpu0: _opp_add: duplicate OPPs detected. Existing: freq: 2320500000, volt: 1180000, enabled: 1. New: freq: 2320500000, volt: 1180000, enabled: 1
[    2.381795] tegra124-dfll 70110000.clock: couldn't get vdd_cpu regulator
[    2.389345] tegra-pcie 1003000.pcie-controller: 2x1, 1x1 configuration
[    2.395998] tegra-pcie 1003000.pcie-controller: Failed to get supply 'avddio-pex': -517
[    2.405869] tegra-hdmi 54280000.hdmi: failed to get PLL regulator
[    2.413802] tegra-ahci 70027000.sata: Failed to get supply 'avdd': -517
[    2.420459] tegra-ahci 70027000.sata: Failed to get regulators
[    2.428220] input: gpio-keys as /devices/soc0/gpio-keys/input/input0
[    2.436371] as3722-rtc as3722-rtc: setting system clock to 2000-01-01 20:22:53 UTC (946758173)
[    2.437966] sdhci-tegra 700b0400.sdhci: Got CD GPIO
[    2.437986] sdhci-tegra 700b0400.sdhci: Got WP GPIO
[    2.438058] mmc1: Unknown controller version (3). You may experience problems.
[    2.440106] cpu cpu0: _opp_add: duplicate OPPs detected. Existing: freq: 204000000, volt: 900000, enabled: 1. New: freq: 204000000, volt: 900000, enabled: 1
[    2.440119] cpu cpu0: _opp_add: duplicate OPPs detected. Existing: freq: 306000000, volt: 900000, enabled: 1. New: freq: 306000000, volt: 900000, enabled: 1
[    2.440129] cpu cpu0: _opp_add: duplicate OPPs detected. Existing: freq: 408000000, volt: 900000, enabled: 1. New: freq: 408000000, volt: 900000, enabled: 1
[    2.440139] cpu cpu0: _opp_add: duplicate OPPs detected. Existing: freq: 510000000, volt: 900000, enabled: 1. New: freq: 510000000, volt: 900000, enabled: 1
[    2.440148] cpu cpu0: _opp_add: duplicate OPPs detected. Existing: freq: 612000000, volt: 900000, enabled: 1. New: freq: 612000000, volt: 900000, enabled: 1
[    2.440157] cpu cpu0: _opp_add: duplicate OPPs detected. Existing: freq: 714000000, volt: 900000, enabled: 1. New: freq: 714000000, volt: 900000, enabled: 1
[    2.440166] cpu cpu0: _opp_add: duplicate OPPs detected. Existing: freq: 816000000, volt: 900000, enabled: 1. New: freq: 816000000, volt: 900000, enabled: 1
[    2.440175] cpu cpu0: _opp_add: duplicate OPPs detected. Existing: freq: 918000000, volt: 900000, enabled: 1. New: freq: 918000000, volt: 900000, enabled: 1
[    2.440186] cpu cpu0: _opp_add: duplicate OPPs detected. Existing: freq: 1020000000, volt: 900000, enabled: 1. New: freq: 1020000000, volt: 900000, enabled: 1
[    2.440196] cpu cpu0: _opp_add: duplicate OPPs detected. Existing: freq: 1122000000, volt: 900000, enabled: 1. New: freq: 1122000000, volt: 900000, enabled: 1
[    2.440205] cpu cpu0: _opp_add: duplicate OPPs detected. Existing: freq: 1224000000, volt: 900000, enabled: 1. New: freq: 1224000000, volt: 900000, enabled: 1
[    2.440215] cpu cpu0: _opp_add: duplicate OPPs detected. Existing: freq: 1326000000, volt: 900000, enabled: 1. New: freq: 1326000000, volt: 900000, enabled: 1
[    2.440225] cpu cpu0: _opp_add: duplicate OPPs detected. Existing: freq: 1428000000, volt: 900000, enabled: 1. New: freq: 1428000000, volt: 900000, enabled: 1
[    2.440234] cpu cpu0: _opp_add: duplicate OPPs detected. Existing: freq: 1530000000, volt: 900000, enabled: 1. New: freq: 1530000000, volt: 900000, enabled: 1
[    2.440243] cpu cpu0: _opp_add: duplicate OPPs detected. Existing: freq: 1632000000, volt: 920000, enabled: 1. New: freq: 1632000000, volt: 920000, enabled: 1
[    2.440252] cpu cpu0: _opp_add: duplicate OPPs detected. Existing: freq: 1734000000, volt: 960000, enabled: 1. New: freq: 1734000000, volt: 960000, enabled: 1
[    2.440261] cpu cpu0: _opp_add: duplicate OPPs detected. Existing: freq: 1836000000, volt: 990000, enabled: 1. New: freq: 1836000000, volt: 990000, enabled: 1
[    2.440270] cpu cpu0: _opp_add: duplicate OPPs detected. Existing: freq: 1938000000, volt: 1030000, enabled: 1. New: freq: 1938000000, volt: 1030000, enabled: 1
[    2.440280] cpu cpu0: _opp_add: duplicate OPPs detected. Existing: freq: 2014500000, volt: 1060000, enabled: 1. New: freq: 2014500000, volt: 1060000, enabled: 1
[    2.440290] cpu cpu0: _opp_add: duplicate OPPs detected. Existing: freq: 2116500000, volt: 1100000, enabled: 1. New: freq: 2116500000, volt: 1100000, enabled: 1
[    2.440299] cpu cpu0: _opp_add: duplicate OPPs detected. Existing: freq: 2218500000, volt: 1140000, enabled: 1. New: freq: 2218500000, volt: 1140000, enabled: 1
[    2.440308] cpu cpu0: _opp_add: duplicate OPPs detected. Existing: freq: 2320500000, volt: 1180000, enabled: 1. New: freq: 2320500000, volt: 1180000, enabled: 1
[    2.440370] tegra124-dfll 70110000.clock: couldn't get vdd_cpu regulator
[    2.441211] tegra-pcie 1003000.pcie-controller: 2x1, 1x1 configuration
[    2.441266] tegra-pcie 1003000.pcie-controller: Failed to get supply 'avddio-pex': -517
[    2.442962] tegra-hdmi 54280000.hdmi: failed to get PLL regulator
[    2.444901] tegra-ahci 70027000.sata: Failed to get supply 'avdd': -517
[    2.444907] tegra-ahci 70027000.sata: Failed to get regulators
[    2.633738] usb 2-1: new high-speed USB device number 2 using tegra-ehci
[    2.830614] +3.3V_AVDD_HDMI_AP_GATED: disabling
[    2.835198] +USB0_VBUS_SW: disabling
[    2.838817] +1.05V_RUN_AVDD_HDMI_PLL: disabling
[    2.843351] +5V_HDMI_CON: disabling
[    2.846884] +5V_SATA: disabling
[    2.850066] +12V_SATA: disabling
[    3.584375] asix 2-1:1.0 eth0: register 'asix' at usb-7d008000.usb-1, ASIX AX88772 USB 2.0 Ethernet, 00:50:b6:11:31:3b
[    3.597031] sdhci-tegra 700b0400.sdhci: Got CD GPIO
[    3.601970] sdhci-tegra 700b0400.sdhci: Got WP GPIO
[    3.606949] mmc1: Unknown controller version (3). You may experience problems.
[    3.615974] cpu cpu0: _opp_add: duplicate OPPs detected. Existing: freq: 204000000, volt: 900000, enabled: 1. New: freq: 204000000, volt: 900000, enabled: 1
[    3.629987] cpu cpu0: _opp_add: duplicate OPPs detected. Existing: freq: 306000000, volt: 900000, enabled: 1. New: freq: 306000000, volt: 900000, enabled: 1
[    3.633831] EXT4-fs (mmcblk0p1): couldn't mount as ext3 due to feature incompatibilities
[    3.652129] cpu cpu0: _opp_add: duplicate OPPs detected. Existing: freq: 408000000, volt: 900000, enabled: 1. New: freq: 408000000, volt: 900000, enabled: 1
[    3.652191] EXT4-fs (mmcblk0p1): couldn't mount as ext2 due to feature incompatibilities
[    3.674288] cpu cpu0: _opp_add: duplicate OPPs detected. Existing: freq: 510000000, volt: 900000, enabled: 1. New: freq: 510000000, volt: 900000, enabled: 1
[    3.688326] cpu cpu0: _opp_add: duplicate OPPs detected. Existing: freq: 612000000, volt: 900000, enabled: 1. New: freq: 612000000, volt: 900000, enabled: 1
[    3.702368] cpu cpu0: _opp_add: duplicate OPPs detected. Existing: freq: 714000000, volt: 900000, enabled: 1. New: freq: 714000000, volt: 900000, enabled: 1
[    3.716407] cpu cpu0: _opp_add: duplicate OPPs detected. Existing: freq: 816000000, volt: 900000, enabled: 1. New: freq: 816000000, volt: 900000, enabled: 1
[    3.730448] cpu cpu0: _opp_add: duplicate OPPs detected. Existing: freq: 918000000, volt: 900000, enabled: 1. New: freq: 918000000, volt: 900000, enabled: 1
[    3.744486] cpu cpu0: _opp_add: duplicate OPPs detected. Existing: freq: 1020000000, volt: 900000, enabled: 1. New: freq: 1020000000, volt: 900000, enabled: 1
[    3.758699] cpu cpu0: _opp_add: duplicate OPPs detected. Existing: freq: 1122000000, volt: 900000, enabled: 1. New: freq: 1122000000, volt: 900000, enabled: 1
[    3.772910] cpu cpu0: _opp_add: duplicate OPPs detected. Existing: freq: 1224000000, volt: 900000, enabled: 1. New: freq: 1224000000, volt: 900000, enabled: 1
[    3.787123] cpu cpu0: _opp_add: duplicate OPPs detected. Existing: freq: 1326000000, volt: 900000, enabled: 1. New: freq: 1326000000, volt: 900000, enabled: 1
[    3.788049] EXT4-fs (mmcblk0p1): warning: mounting fs with errors, running e2fsck is recommended
[    3.810150] cpu cpu0: _opp_add: duplicate OPPs detected. Existing: freq: 1428000000, volt: 900000, enabled: 1. New: freq: 1428000000, volt: 900000, enabled: 1
[    3.811848] EXT4-fs (mmcblk0p1): recovery complete
[    3.811865] EXT4-fs (mmcblk0p1): mounted filesystem with ordered data mode. Opts: (null)
[    3.811903] VFS: Mounted root (ext4 filesystem) on device 179:1.
[    3.843360] cpu cpu0: _opp_add: duplicate OPPs detected. Existing: freq: 1530000000, volt: 900000, enabled: 1. New: freq: 1530000000, volt: 900000, enabled: 1
[    3.843554] devtmpfs: mounted
[    3.860540] cpu cpu0: _opp_add: duplicate OPPs detected. Existing: freq: 1632000000, volt: 920000, enabled: 1. New: freq: 1632000000, volt: 920000, enabled: 1
[    3.874701] cpu cpu0: _opp_add: duplicate OPPs detected. Existing: freq: 1734000000, volt: 960000, enabled: 1. New: freq: 1734000000, volt: 960000, enabled: 1
[    3.888863] cpu cpu0: _opp_add: duplicate OPPs detected. Existing: freq: 1836000000, volt: 990000, enabled: 1. New: freq: 1836000000, volt: 990000, enabled: 1
[    3.903024] cpu cpu0: _opp_add: duplicate OPPs detected. Existing: freq: 1938000000, volt: 1030000, enabled: 1. New: freq: 1938000000, volt: 1030000, enabled: 1
[    3.917357] cpu cpu0: _opp_add: duplicate OPPs detected. Existing: freq: 2014500000, volt: 1060000, enabled: 1. New: freq: 2014500000, volt: 1060000, enabled: 1
[    3.931690] cpu cpu0: _opp_add: duplicate OPPs detected. Existing: freq: 2116500000, volt: 1100000, enabled: 1. New: freq: 2116500000, volt: 1100000, enabled: 1
[    3.946023] cpu cpu0: _opp_add: duplicate OPPs detected. Existing: freq: 2218500000, volt: 1140000, enabled: 1. New: freq: 2218500000, volt: 1140000, enabled: 1
[    3.960356] cpu cpu0: _opp_add: duplicate OPPs detected. Existing: freq: 2320500000, volt: 1180000, enabled: 1. New: freq: 2320500000, volt: 1180000, enabled: 1
[    3.974755] tegra124-dfll 70110000.clock: couldn't get vdd_cpu regulator
[    3.982265] tegra-pcie 1003000.pcie-controller: 2x1, 1x1 configuration
[    3.988840] tegra-pcie 1003000.pcie-controller: Failed to get supply 'avddio-pex': -517
[    3.998482] tegra-hdmi 54280000.hdmi: failed to get PLL regulator
[    4.005900] tegra-ahci 70027000.sata: Failed to get supply 'avdd': -517
[    4.012519] tegra-ahci 70027000.sata: Failed to get regulators
[    4.020529] Freeing unused kernel memory: 2048K (c1100000 - c1300000)
bash: cannot set terminal process group (-1): Inappropriate ioctl for device
bash: no job control in this shell
root@(none):/# mount -t sysfs none /sys
root@(none):/# 
root@(none):/# mount -t debugfs none /sys/kernel/debug
root@(none):/# 
root@(none):/# rtcwake -d rtc1 -m mem -s 3
rtcwake: assuming RTC uses UTC ...
rtcwake: wakeup from "mem" using /dev/rtc1 at Thu Jan  1 00:00:24 1970
[    7.402995] PM: Syncing filesystems ... done.
[    7.409967] Freezing user space processes ... (elapsed 0.001 seconds) done.
[    7.418255] Freezing remaining freezable tasks ... (elapsed 0.001 seconds) done.
[    7.427048] Suspending console(s) (use no_console_suspend to debug)
[    7.495631] PM: suspend of devices complete after 61.060 msecs
[    7.498398] PM: late suspend of devices complete after 2.751 msecs
[    7.500239] PM: noirq suspend of devices complete after 1.832 msecs
[    7.500243] Disabling non-boot CPUs ...
[    7.501056] CPU1: shutdown
[    7.525905] IRQ16 no longer affine to CPU2
[    7.526276] CPU2: shutdown
[    7.550911] CPU3: shutdown
[    7.564748] Entering suspend state LP1
[    7.564770] Enabling non-boot CPUs ...
[    7.590142] CPU1 is up
[    7.615392] CPU2 is up
[    7.640703] CPU3 is up
[    7.641859] PM: noirq resume of devices complete after 1.146 msecs
[    7.644641] PM: early resume of devices complete after 2.365 msecs
[    7.700635] PM: resume of devices complete after 55.977 msecs
[    7.704427] sdhci-tegra 700b0400.sdhci: Got CD GPIO
[    7.704447] sdhci-tegra 700b0400.sdhci: Got WP GPIO
[    7.704515] mmc1: Unknown controller version (3). You may experience problems.
[    7.710358] cpu cpu0: _opp_add: duplicate OPPs detected. Existing: freq: 204000000, volt: 900000, enabled: 1. New: freq: 204000000, volt: 900000, enabled: 1
[    7.710371] cpu cpu0: _opp_add: duplicate OPPs detected. Existing: freq: 306000000, volt: 900000, enabled: 1. New: freq: 306000000, volt: 900000, enabled: 1
[    7.710381] cpu cpu0: _opp_add: duplicate OPPs detected. Existing: freq: 408000000, volt: 900000, enabled: 1. New: freq: 408000000, volt: 900000, enabled: 1
[    7.710392] cpu cpu0: _opp_add: duplicate OPPs detected. Existing: freq: 510000000, volt: 900000, enabled: 1. New: freq: 510000000, volt: 900000, enabled: 1
[    7.710402] cpu cpu0: _opp_add: duplicate OPPs detected. Existing: freq: 612000000, volt: 900000, enabled: 1. New: freq: 612000000, volt: 900000, enabled: 1
[    7.710411] cpu cpu0: _opp_add: duplicate OPPs detected. Existing: freq: 714000000, volt: 900000, enabled: 1. New: freq: 714000000, volt: 900000, enabled: 1
[    7.710421] cpu cpu0: _opp_add: duplicate OPPs detected. Existing: freq: 816000000, volt: 900000, enabled: 1. New: freq: 816000000, volt: 900000, enabled: 1
[    7.710430] cpu cpu0: _opp_add: duplicate OPPs detected. Existing: freq: 918000000, volt: 900000, enabled: 1. New: freq: 918000000, volt: 900000, enabled: 1
[    7.710440] cpu cpu0: _opp_add: duplicate OPPs detected. Existing: freq: 1020000000, volt: 900000, enabled: 1. New: freq: 1020000000, volt: 900000, enabled: 1
[    7.710449] cpu cpu0: _opp_add: duplicate OPPs detected. Existing: freq: 1122000000, volt: 900000, enabled: 1. New: freq: 1122000000, volt: 900000, enabled: 1
[    7.710461] cpu cpu0: _opp_add: duplicate OPPs detected. Existing: freq: 1224000000, volt: 900000, enabled: 1. New: freq: 1224000000, volt: 900000, enabled: 1
[    7.710470] cpu cpu0: _opp_add: duplicate OPPs detected. Existing: freq: 1326000000, volt: 900000, enabled: 1. New: freq: 1326000000, volt: 900000, enabled: 1
[    7.710482] cpu cpu0: _opp_add: duplicate OPPs detected. Existing: freq: 1428000000, volt: 900000, enabled: 1. New: freq: 1428000000, volt: 900000, enabled: 1
[    7.710493] cpu cpu0: _opp_add: duplicate OPPs detected. Existing: freq: 1530000000, volt: 900000, enabled: 1. New: freq: 1530000000, volt: 900000, enabled: 1
[    7.710502] cpu cpu0: _opp_add: duplicate OPPs detected. Existing: freq: 1632000000, volt: 920000, enabled: 1. New: freq: 1632000000, volt: 920000, enabled: 1
[    7.710512] cpu cpu0: _opp_add: duplicate OPPs detected. Existing: freq: 1734000000, volt: 960000, enabled: 1. New: freq: 1734000000, volt: 960000, enabled: 1
[    7.710521] cpu cpu0: _opp_add: duplicate OPPs detected. Existing: freq: 1836000000, volt: 990000, enabled: 1. New: freq: 1836000000, volt: 990000, enabled: 1
[    7.710531] cpu cpu0: _opp_add: duplicate OPPs detected. Existing: freq: 1938000000, volt: 1030000, enabled: 1. New: freq: 1938000000, volt: 1030000, enabled: 1
[    7.710540] cpu cpu0: _opp_add: duplicate OPPs detected. Existing: freq: 2014500000, volt: 1060000, enabled: 1. New: freq: 2014500000, volt: 1060000, enabled: 1
[    7.710549] cpu cpu0: _opp_add: duplicate OPPs detected. Existing: freq: 2116500000, volt: 1100000, enabled: 1. New: freq: 2116500000, volt: 1100000, enabled: 1
[    7.710559] cpu cpu0: _opp_add: duplicate OPPs detected. Existing: freq: 2218500000, volt: 1140000, enabled: 1. New: freq: 2218500000, volt: 1140000, enabled: 1
[    7.710568] cpu cpu0: _opp_add: duplicate OPPs detected. Existing: freq: 2320500000, volt: 1180000, enabled: 1. New: freq: 2320500000, volt: 1180000, enabled: 1
[    7.710614] tegra124-dfll 70110000.clock: couldn't get vdd_cpu regulator
[    7.711310] tegra-pcie 1003000.pcie-controller: 2x1, 1x1 configuration
[    7.711363] tegra-pcie 1003000.pcie-controller: Failed to get supply 'avddio-pex': -517
[    7.713054] tegra-hdmi 54280000.hdmi: failed to get PLL regulator
[    7.714831] tegra-ahci 70027000.sata: Failed to get supply 'avdd': -517
[    7.714837] tegra-ahci 70027000.sata: Failed to get regulators
[    8.136893] Restarting tasks ... done.
root@(none):/# 
root@(none):/# rtcwake -d rtc1 -m mem -s 3
rtcwake: assuming RTC uses UTC ...
rtcwake: wakeup from "mem" using /dev/rtc1 at Thu Jan  1 00:00:29 1970
[    9.121683] PM: Syncing filesystems ... done.
[    9.127712] Freezing user space processes ... (elapsed 0.001 seconds) done.
[    9.136045] Freezing remaining freezable tasks ... (elapsed 0.001 seconds) done.
[    9.144846] Suspending console(s) (use no_console_suspend to debug)
[    9.215168] PM: suspend of devices complete after 62.821 msecs
[    9.217205] PM: late suspend of devices complete after 2.029 msecs
[    9.218973] PM: noirq suspend of devices complete after 1.759 msecs
[    9.218976] Disabling non-boot CPUs ...
[    9.219453] IRQ16 no longer affine to CPU1
[    9.219830] CPU1: shutdown
[    9.246148] CPU2: shutdown
[    9.270717] CPU3: shutdown
[    9.284731] Entering suspend state LP1
[    9.284753] Enabling non-boot CPUs ...
[    9.310104] CPU1 is up
[    9.335366] CPU2 is up
[    9.360671] CPU3 is up
[    9.361826] PM: noirq resume of devices complete after 1.145 msecs
[    9.363904] PM: early resume of devices complete after 1.647 msecs
[    9.420647] PM: resume of devices complete after 56.727 msecs
[    9.424675] sdhci-tegra 700b0400.sdhci: Got CD GPIO
[    9.424695] sdhci-tegra 700b0400.sdhci: Got WP GPIO
[    9.424766] mmc1: Unknown controller version (3). You may experience problems.
[    9.426531] cpu cpu0: _opp_add: duplicate OPPs detected. Existing: freq: 204000000, volt: 900000, enabled: 1. New: freq: 204000000, volt: 900000, enabled: 1
[    9.426543] cpu cpu0: _opp_add: duplicate OPPs detected. Existing: freq: 306000000, volt: 900000, enabled: 1. New: freq: 306000000, volt: 900000, enabled: 1
[    9.426553] cpu cpu0: _opp_add: duplicate OPPs detected. Existing: freq: 408000000, volt: 900000, enabled: 1. New: freq: 408000000, volt: 900000, enabled: 1
[    9.426563] cpu cpu0: _opp_add: duplicate OPPs detected. Existing: freq: 510000000, volt: 900000, enabled: 1. New: freq: 510000000, volt: 900000, enabled: 1
[    9.426572] cpu cpu0: _opp_add: duplicate OPPs detected. Existing: freq: 612000000, volt: 900000, enabled: 1. New: freq: 612000000, volt: 900000, enabled: 1
[    9.426582] cpu cpu0: _opp_add: duplicate OPPs detected. Existing: freq: 714000000, volt: 900000, enabled: 1. New: freq: 714000000, volt: 900000, enabled: 1
[    9.426591] cpu cpu0: _opp_add: duplicate OPPs detected. Existing: freq: 816000000, volt: 900000, enabled: 1. New: freq: 816000000, volt: 900000, enabled: 1
[    9.426600] cpu cpu0: _opp_add: duplicate OPPs detected. Existing: freq: 918000000, volt: 900000, enabled: 1. New: freq: 918000000, volt: 900000, enabled: 1
[    9.426610] cpu cpu0: _opp_add: duplicate OPPs detected. Existing: freq: 1020000000, volt: 900000, enabled: 1. New: freq: 1020000000, volt: 900000, enabled: 1
[    9.426620] cpu cpu0: _opp_add: duplicate OPPs detected. Existing: freq: 1122000000, volt: 900000, enabled: 1. New: freq: 1122000000, volt: 900000, enabled: 1
[    9.426630] cpu cpu0: _opp_add: duplicate OPPs detected. Existing: freq: 1224000000, volt: 900000, enabled: 1. New: freq: 1224000000, volt: 900000, enabled: 1
[    9.426639] cpu cpu0: _opp_add: duplicate OPPs detected. Existing: freq: 1326000000, volt: 900000, enabled: 1. New: freq: 1326000000, volt: 900000, enabled: 1
[    9.426648] cpu cpu0: _opp_add: duplicate OPPs detected. Existing: freq: 1428000000, volt: 900000, enabled: 1. New: freq: 1428000000, volt: 900000, enabled: 1
[    9.426657] cpu cpu0: _opp_add: duplicate OPPs detected. Existing: freq: 1530000000, volt: 900000, enabled: 1. New: freq: 1530000000, volt: 900000, enabled: 1
[    9.426667] cpu cpu0: _opp_add: duplicate OPPs detected. Existing: freq: 1632000000, volt: 920000, enabled: 1. New: freq: 1632000000, volt: 920000, enabled: 1
[    9.426676] cpu cpu0: _opp_add: duplicate OPPs detected. Existing: freq: 1734000000, volt: 960000, enabled: 1. New: freq: 1734000000, volt: 960000, enabled: 1
[    9.426685] cpu cpu0: _opp_add: duplicate OPPs detected. Existing: freq: 1836000000, volt: 990000, enabled: 1. New: freq: 1836000000, volt: 990000, enabled: 1
[    9.426694] cpu cpu0: _opp_add: duplicate OPPs detected. Existing: freq: 1938000000, volt: 1030000, enabled: 1. New: freq: 1938000000, volt: 1030000, enabled: 1
[    9.426704] cpu cpu0: _opp_add: duplicate OPPs detected. Existing: freq: 2014500000, volt: 1060000, enabled: 1. New: freq: 2014500000, volt: 1060000, enabled: 1
[    9.426713] cpu cpu0: _opp_add: duplicate OPPs detected. Existing: freq: 2116500000, volt: 1100000, enabled: 1. New: freq: 2116500000, volt: 1100000, enabled: 1
[    9.426723] cpu cpu0: _opp_add: duplicate OPPs detected. Existing: freq: 2218500000, volt: 1140000, enabled: 1. New: freq: 2218500000, volt: 1140000, enabled: 1
[    9.426732] cpu cpu0: _opp_add: duplicate OPPs detected. Existing: freq: 2320500000, volt: 1180000, enabled: 1. New: freq: 2320500000, volt: 1180000, enabled: 1
[    9.426768] tegra124-dfll 70110000.clock: couldn't get vdd_cpu regulator
[    9.427448] tegra-pcie 1003000.pcie-controller: 2x1, 1x1 configuration
[    9.427501] tegra-pcie 1003000.pcie-controller: Failed to get supply 'avddio-pex': -517
[    9.429654] tegra-hdmi 54280000.hdmi: failed to get PLL regulator
[    9.431391] tegra-ahci 70027000.sata: Failed to get supply 'avdd': -517
[    9.431396] tegra-ahci 70027000.sata: Failed to get regulators
[    9.856818] Restarting tasks ... done.
root@(none):/# 
root@(none):/# rtcwake -d rtc1 -m mem -s 3
rtcwake: assuming RTC uses UTC ...
rtcwake: wakeup from "mem" using /dev/rtc1 at Thu Jan  1 00:00:34 1970
[   10.844723] PM: Syncing filesystems ... done.
[   10.851063] Freezing user space processes ... (elapsed 0.001 seconds) done.
[   10.859391] Freezing remaining freezable tasks ... (elapsed 0.001 seconds) done.
[   10.868165] Suspending console(s) (use no_console_suspend to debug)
[   10.935175] PM: suspend of devices complete after 59.493 msecs
[   10.937707] PM: late suspend of devices complete after 2.517 msecs
[   10.939537] PM: noirq suspend of devices complete after 1.821 msecs
[   10.939541] Disabling non-boot CPUs ...
[   10.940368] CPU1: shutdown
[   10.971084] CPU2: shutdown
[   10.995303] IRQ16 no longer affine to CPU3
[   10.995686] CPU3: shutdown
[   11.009676] Entering suspend state LP1
[   11.009698] Enabling non-boot CPUs ...
[   11.035074] CPU1 is up
[   11.060309] CPU2 is up
[   11.085614] CPU3 is up
[   11.086753] PM: noirq resume of devices complete after 1.129 msecs
[   11.089535] PM: early resume of devices complete after 2.333 msecs
[   11.145566] PM: resume of devices complete after 56.016 msecs
[   11.149525] sdhci-tegra 700b0400.sdhci: Got CD GPIO
[   11.149546] sdhci-tegra 700b0400.sdhci: Got WP GPIO
[   11.149617] mmc1: Unknown controller version (3). You may experience problems.
[   11.151411] cpu cpu0: _opp_add: duplicate OPPs detected. Existing: freq: 204000000, volt: 900000, enabled: 1. New: freq: 204000000, volt: 900000, enabled: 1
[   11.151424] cpu cpu0: _opp_add: duplicate OPPs detected. Existing: freq: 306000000, volt: 900000, enabled: 1. New: freq: 306000000, volt: 900000, enabled: 1
[   11.151434] cpu cpu0: _opp_add: duplicate OPPs detected. Existing: freq: 408000000, volt: 900000, enabled: 1. New: freq: 408000000, volt: 900000, enabled: 1
[   11.151445] cpu cpu0: _opp_add: duplicate OPPs detected. Existing: freq: 510000000, volt: 900000, enabled: 1. New: freq: 510000000, volt: 900000, enabled: 1
[   11.151454] cpu cpu0: _opp_add: duplicate OPPs detected. Existing: freq: 612000000, volt: 900000, enabled: 1. New: freq: 612000000, volt: 900000, enabled: 1
[   11.151463] cpu cpu0: _opp_add: duplicate OPPs detected. Existing: freq: 714000000, volt: 900000, enabled: 1. New: freq: 714000000, volt: 900000, enabled: 1
[   11.151472] cpu cpu0: _opp_add: duplicate OPPs detected. Existing: freq: 816000000, volt: 900000, enabled: 1. New: freq: 816000000, volt: 900000, enabled: 1
[   11.151481] cpu cpu0: _opp_add: duplicate OPPs detected. Existing: freq: 918000000, volt: 900000, enabled: 1. New: freq: 918000000, volt: 900000, enabled: 1
[   11.151490] cpu cpu0: _opp_add: duplicate OPPs detected. Existing: freq: 1020000000, volt: 900000, enabled: 1. New: freq: 1020000000, volt: 900000, enabled: 1
[   11.151499] cpu cpu0: _opp_add: duplicate OPPs detected. Existing: freq: 1122000000, volt: 900000, enabled: 1. New: freq: 1122000000, volt: 900000, enabled: 1
[   11.151509] cpu cpu0: _opp_add: duplicate OPPs detected. Existing: freq: 1224000000, volt: 900000, enabled: 1. New: freq: 1224000000, volt: 900000, enabled: 1
[   11.151518] cpu cpu0: _opp_add: duplicate OPPs detected. Existing: freq: 1326000000, volt: 900000, enabled: 1. New: freq: 1326000000, volt: 900000, enabled: 1
[   11.151528] cpu cpu0: _opp_add: duplicate OPPs detected. Existing: freq: 1428000000, volt: 900000, enabled: 1. New: freq: 1428000000, volt: 900000, enabled: 1
[   11.151537] cpu cpu0: _opp_add: duplicate OPPs detected. Existing: freq: 1530000000, volt: 900000, enabled: 1. New: freq: 1530000000, volt: 900000, enabled: 1
[   11.151546] cpu cpu0: _opp_add: duplicate OPPs detected. Existing: freq: 1632000000, volt: 920000, enabled: 1. New: freq: 1632000000, volt: 920000, enabled: 1
[   11.151555] cpu cpu0: _opp_add: duplicate OPPs detected. Existing: freq: 1734000000, volt: 960000, enabled: 1. New: freq: 1734000000, volt: 960000, enabled: 1
[   11.151565] cpu cpu0: _opp_add: duplicate OPPs detected. Existing: freq: 1836000000, volt: 990000, enabled: 1. New: freq: 1836000000, volt: 990000, enabled: 1
[   11.151575] cpu cpu0: _opp_add: duplicate OPPs detected. Existing: freq: 1938000000, volt: 1030000, enabled: 1. New: freq: 1938000000, volt: 1030000, enabled: 1
[   11.151585] cpu cpu0: _opp_add: duplicate OPPs detected. Existing: freq: 2014500000, volt: 1060000, enabled: 1. New: freq: 2014500000, volt: 1060000, enabled: 1
[   11.151594] cpu cpu0: _opp_add: duplicate OPPs detected. Existing: freq: 2116500000, volt: 1100000, enabled: 1. New: freq: 2116500000, volt: 1100000, enabled: 1
[   11.151603] cpu cpu0: _opp_add: duplicate OPPs detected. Existing: freq: 2218500000, volt: 1140000, enabled: 1. New: freq: 2218500000, volt: 1140000, enabled: 1
[   11.151613] cpu cpu0: _opp_add: duplicate OPPs detected. Existing: freq: 2320500000, volt: 1180000, enabled: 1. New: freq: 2320500000, volt: 1180000, enabled: 1
[   11.151650] tegra124-dfll 70110000.clock: couldn't get vdd_cpu regulator
[   11.152330] tegra-pcie 1003000.pcie-controller: 2x1, 1x1 configuration
[   11.152382] tegra-pcie 1003000.pcie-controller: Failed to get supply 'avddio-pex': -517
[   11.154536] tegra-hdmi 54280000.hdmi: failed to get PLL regulator
[   11.156286] tegra-ahci 70027000.sata: Failed to get supply 'avdd': -517
[   11.156292] tegra-ahci 70027000.sata: Failed to get regulators
[   11.581811] Restarting tasks ... done.
root@(none):/# 
root@(none):/# rtcwake -d rtc1 -m mem -s 3
rtcwake: assuming RTC uses UTC ...
rtcwake: wakeup from "mem" using /dev/rtc1 at Thu Jan  1 00:00:39 1970
[   12.570699] PM: Syncing filesystems ... done.
[   12.577029] Freezing user space processes ... (elapsed 0.001 seconds) done.
[   12.585366] Freezing remaining freezable tasks ... (elapsed 0.001 seconds) done.
[   12.594161] Suspending console(s) (use no_console_suspend to debug)
[   12.665169] PM: suspend of devices complete after 63.508 msecs
[   12.667558] PM: late suspend of devices complete after 2.373 msecs
[   12.669429] PM: noirq suspend of devices complete after 1.862 msecs
[   12.669433] Disabling non-boot CPUs ...
[   12.670262] CPU1: shutdown
[   12.701055] CPU2: shutdown
[   12.725258] IRQ16 no longer affine to CPU3
[   12.725640] CPU3: shutdown
[   12.739661] Entering suspend state LP1
[   12.739683] Enabling non-boot CPUs ...
[   12.765032] CPU1 is up
[   12.790283] CPU2 is up
[   12.815594] CPU3 is up
[   12.816749] PM: noirq resume of devices complete after 1.144 msecs
[   12.819214] PM: early resume of devices complete after 2.027 msecs
[   12.875520] PM: resume of devices complete after 56.290 msecs
[   12.879316] sdhci-tegra 700b0400.sdhci: Got CD GPIO
[   12.879337] sdhci-tegra 700b0400.sdhci: Got WP GPIO
[   12.879407] mmc1: Unknown controller version (3). You may experience problems.
[   12.884788] cpu cpu0: _opp_add: duplicate OPPs detected. Existing: freq: 204000000, volt: 900000, enabled: 1. New: freq: 204000000, volt: 900000, enabled: 1
[   12.884801] cpu cpu0: _opp_add: duplicate OPPs detected. Existing: freq: 306000000, volt: 900000, enabled: 1. New: freq: 306000000, volt: 900000, enabled: 1
[   12.884811] cpu cpu0: _opp_add: duplicate OPPs detected. Existing: freq: 408000000, volt: 900000, enabled: 1. New: freq: 408000000, volt: 900000, enabled: 1
[   12.884821] cpu cpu0: _opp_add: duplicate OPPs detected. Existing: freq: 510000000, volt: 900000, enabled: 1. New: freq: 510000000, volt: 900000, enabled: 1
[   12.884831] cpu cpu0: _opp_add: duplicate OPPs detected. Existing: freq: 612000000, volt: 900000, enabled: 1. New: freq: 612000000, volt: 900000, enabled: 1
[   12.884840] cpu cpu0: _opp_add: duplicate OPPs detected. Existing: freq: 714000000, volt: 900000, enabled: 1. New: freq: 714000000, volt: 900000, enabled: 1
[   12.884849] cpu cpu0: _opp_add: duplicate OPPs detected. Existing: freq: 816000000, volt: 900000, enabled: 1. New: freq: 816000000, volt: 900000, enabled: 1
[   12.884858] cpu cpu0: _opp_add: duplicate OPPs detected. Existing: freq: 918000000, volt: 900000, enabled: 1. New: freq: 918000000, volt: 900000, enabled: 1
[   12.884867] cpu cpu0: _opp_add: duplicate OPPs detected. Existing: freq: 1020000000, volt: 900000, enabled: 1. New: freq: 1020000000, volt: 900000, enabled: 1
[   12.884878] cpu cpu0: _opp_add: duplicate OPPs detected. Existing: freq: 1122000000, volt: 900000, enabled: 1. New: freq: 1122000000, volt: 900000, enabled: 1
[   12.884887] cpu cpu0: _opp_add: duplicate OPPs detected. Existing: freq: 1224000000, volt: 900000, enabled: 1. New: freq: 1224000000, volt: 900000, enabled: 1
[   12.884896] cpu cpu0: _opp_add: duplicate OPPs detected. Existing: freq: 1326000000, volt: 900000, enabled: 1. New: freq: 1326000000, volt: 900000, enabled: 1
[   12.884905] cpu cpu0: _opp_add: duplicate OPPs detected. Existing: freq: 1428000000, volt: 900000, enabled: 1. New: freq: 1428000000, volt: 900000, enabled: 1
[   12.884915] cpu cpu0: _opp_add: duplicate OPPs detected. Existing: freq: 1530000000, volt: 900000, enabled: 1. New: freq: 1530000000, volt: 900000, enabled: 1
[   12.884925] cpu cpu0: _opp_add: duplicate OPPs detected. Existing: freq: 1632000000, volt: 920000, enabled: 1. New: freq: 1632000000, volt: 920000, enabled: 1
[   12.884934] cpu cpu0: _opp_add: duplicate OPPs detected. Existing: freq: 1734000000, volt: 960000, enabled: 1. New: freq: 1734000000, volt: 960000, enabled: 1
[   12.884943] cpu cpu0: _opp_add: duplicate OPPs detected. Existing: freq: 1836000000, volt: 990000, enabled: 1. New: freq: 1836000000, volt: 990000, enabled: 1
[   12.884953] cpu cpu0: _opp_add: duplicate OPPs detected. Existing: freq: 1938000000, volt: 1030000, enabled: 1. New: freq: 1938000000, volt: 1030000, enabled: 1
[   12.884962] cpu cpu0: _opp_add: duplicate OPPs detected. Existing: freq: 2014500000, volt: 1060000, enabled: 1. New: freq: 2014500000, volt: 1060000, enabled: 1
[   12.884972] cpu cpu0: _opp_add: duplicate OPPs detected. Existing: freq: 2116500000, volt: 1100000, enabled: 1. New: freq: 2116500000, volt: 1100000, enabled: 1
[   12.884981] cpu cpu0: _opp_add: duplicate OPPs detected. Existing: freq: 2218500000, volt: 1140000, enabled: 1. New: freq: 2218500000, volt: 1140000, enabled: 1
[   12.884993] cpu cpu0: _opp_add: duplicate OPPs detected. Existing: freq: 2320500000, volt: 1180000, enabled: 1. New: freq: 2320500000, volt: 1180000, enabled: 1
[   12.885055] tegra124-dfll 70110000.clock: couldn't get vdd_cpu regulator
[   12.885770] tegra-pcie 1003000.pcie-controller: 2x1, 1x1 configuration
[   12.885824] tegra-pcie 1003000.pcie-controller: Failed to get supply 'avddio-pex': -517
[   12.887507] tegra-hdmi 54280000.hdmi: failed to get PLL regulator
[   12.889164] tegra-ahci 70027000.sata: Failed to get supply 'avdd': -517
[   12.889169] tegra-ahci 70027000.sata: Failed to get regulators
[   13.311659] Restarting tasks ... done.
root@(none):/# 
root@(none):/# rtcwake -d rtc1 -m mem -s 3
rtcwake: assuming RTC uses UTC ...
rtcwake: wakeup from "mem" using /dev/rtc1 at Thu Jan  1 00:00:44 1970
[   14.299710] PM: Syncing filesystems ... done.
[   14.306040] Freezing user space processes ... (elapsed 0.001 seconds) done.
[   14.314375] Freezing remaining freezable tasks ... (elapsed 0.001 seconds) done.
[   14.323153] Suspending console(s) (use no_console_suspend to debug)
[   14.395432] PM: suspend of devices complete after 64.768 msecs
[   14.397906] PM: late suspend of devices complete after 2.460 msecs
[   14.399716] PM: noirq suspend of devices complete after 1.800 msecs
[   14.399719] Disabling non-boot CPUs ...
[   14.400569] CPU1: shutdown
[   14.430681] IRQ16 no longer affine to CPU2
[   14.431046] CPU2: shutdown
[   14.455610] CPU3: shutdown
[   14.469619] Entering suspend state LP1
[   14.469641] Enabling non-boot CPUs ...
[   14.494997] CPU1 is up
[   14.520237] CPU2 is up
[   14.545559] CPU3 is up
[   14.546693] PM: noirq resume of devices complete after 1.125 msecs
[   14.549058] PM: early resume of devices complete after 1.945 msecs
[   14.605540] PM: resume of devices complete after 56.466 msecs
[   14.609552] sdhci-tegra 700b0400.sdhci: Got CD GPIO
[   14.609573] sdhci-tegra 700b0400.sdhci: Got WP GPIO
[   14.609644] mmc1: Unknown controller version (3). You may experience problems.
[   14.614830] cpu cpu0: _opp_add: duplicate OPPs detected. Existing: freq: 204000000, volt: 900000, enabled: 1. New: freq: 204000000, volt: 900000, enabled: 1
[   14.614843] cpu cpu0: _opp_add: duplicate OPPs detected. Existing: freq: 306000000, volt: 900000, enabled: 1. New: freq: 306000000, volt: 900000, enabled: 1
[   14.614853] cpu cpu0: _opp_add: duplicate OPPs detected. Existing: freq: 408000000, volt: 900000, enabled: 1. New: freq: 408000000, volt: 900000, enabled: 1
[   14.614863] cpu cpu0: _opp_add: duplicate OPPs detected. Existing: freq: 510000000, volt: 900000, enabled: 1. New: freq: 510000000, volt: 900000, enabled: 1
[   14.614872] cpu cpu0: _opp_add: duplicate OPPs detected. Existing: freq: 612000000, volt: 900000, enabled: 1. New: freq: 612000000, volt: 900000, enabled: 1
[   14.614881] cpu cpu0: _opp_add: duplicate OPPs detected. Existing: freq: 714000000, volt: 900000, enabled: 1. New: freq: 714000000, volt: 900000, enabled: 1
[   14.614891] cpu cpu0: _opp_add: duplicate OPPs detected. Existing: freq: 816000000, volt: 900000, enabled: 1. New: freq: 816000000, volt: 900000, enabled: 1
[   14.614900] cpu cpu0: _opp_add: duplicate OPPs detected. Existing: freq: 918000000, volt: 900000, enabled: 1. New: freq: 918000000, volt: 900000, enabled: 1
[   14.614910] cpu cpu0: _opp_add: duplicate OPPs detected. Existing: freq: 1020000000, volt: 900000, enabled: 1. New: freq: 1020000000, volt: 900000, enabled: 1
[   14.614920] cpu cpu0: _opp_add: duplicate OPPs detected. Existing: freq: 1122000000, volt: 900000, enabled: 1. New: freq: 1122000000, volt: 900000, enabled: 1
[   14.614929] cpu cpu0: _opp_add: duplicate OPPs detected. Existing: freq: 1224000000, volt: 900000, enabled: 1. New: freq: 1224000000, volt: 900000, enabled: 1
[   14.614939] cpu cpu0: _opp_add: duplicate OPPs detected. Existing: freq: 1326000000, volt: 900000, enabled: 1. New: freq: 1326000000, volt: 900000, enabled: 1
[   14.614948] cpu cpu0: _opp_add: duplicate OPPs detected. Existing: freq: 1428000000, volt: 900000, enabled: 1. New: freq: 1428000000, volt: 900000, enabled: 1
[   14.614957] cpu cpu0: _opp_add: duplicate OPPs detected. Existing: freq: 1530000000, volt: 900000, enabled: 1. New: freq: 1530000000, volt: 900000, enabled: 1
[   14.614967] cpu cpu0: _opp_add: duplicate OPPs detected. Existing: freq: 1632000000, volt: 920000, enabled: 1. New: freq: 1632000000, volt: 920000, enabled: 1
[   14.614976] cpu cpu0: _opp_add: duplicate OPPs detected. Existing: freq: 1734000000, volt: 960000, enabled: 1. New: freq: 1734000000, volt: 960000, enabled: 1
[   14.614986] cpu cpu0: _opp_add: duplicate OPPs detected. Existing: freq: 1836000000, volt: 990000, enabled: 1. New: freq: 1836000000, volt: 990000, enabled: 1
[   14.614995] cpu cpu0: _opp_add: duplicate OPPs detected. Existing: freq: 1938000000, volt: 1030000, enabled: 1. New: freq: 1938000000, volt: 1030000, enabled: 1
[   14.615005] cpu cpu0: _opp_add: duplicate OPPs detected. Existing: freq: 2014500000, volt: 1060000, enabled: 1. New: freq: 2014500000, volt: 1060000, enabled: 1
[   14.615014] cpu cpu0: _opp_add: duplicate OPPs detected. Existing: freq: 2116500000, volt: 1100000, enabled: 1. New: freq: 2116500000, volt: 1100000, enabled: 1
[   14.615024] cpu cpu0: _opp_add: duplicate OPPs detected. Existing: freq: 2218500000, volt: 1140000, enabled: 1. New: freq: 2218500000, volt: 1140000, enabled: 1
[   14.615033] cpu cpu0: _opp_add: duplicate OPPs detected. Existing: freq: 2320500000, volt: 1180000, enabled: 1. New: freq: 2320500000, volt: 1180000, enabled: 1
[   14.615096] tegra124-dfll 70110000.clock: couldn't get vdd_cpu regulator
[   14.615800] tegra-pcie 1003000.pcie-controller: 2x1, 1x1 configuration
[   14.615854] tegra-pcie 1003000.pcie-controller: Failed to get supply 'avddio-pex': -517
[   14.617547] tegra-hdmi 54280000.hdmi: failed to get PLL regulator
[   14.619197] tegra-ahci 70027000.sata: Failed to get supply 'avdd': -517
[   14.619203] tegra-ahci 70027000.sata: Failed to get regulators
[   15.041702] Restarting tasks ... done.
root@(none):/# 
root@(none):/# rtcwake -d rtc1 -m mem -s 3
rtcwake: assuming RTC uses UTC ...
rtcwake: wakeup from "mem" using /dev/rtc1 at Thu Jan  1 00:00:49 1970
[   16.040498] PM: Syncing filesystems ... done.
[   16.046523] Freezing user space processes ... (elapsed 0.001 seconds) done.
[   16.054852] Freezing remaining freezable tasks ... (elapsed 0.001 seconds) done.
[   16.063660] Suspending console(s) (use no_console_suspend to debug)
[   16.135025] PM: suspend of devices complete after 63.871 msecs
[   16.137063] PM: late suspend of devices complete after 2.029 msecs
[   16.138834] PM: noirq suspend of devices complete after 1.763 msecs
[   16.138837] Disabling non-boot CPUs ...
[   16.139686] CPU1: shutdown
[   16.170631] IRQ16 no longer affine to CPU2
[   16.170996] CPU2: shutdown
[   16.195574] CPU3: shutdown
[   16.209581] Entering suspend state LP1
[   16.209603] Enabling non-boot CPUs ...
[   16.234972] CPU1 is up
[   16.260220] CPU2 is up
[   16.285540] CPU3 is up
[   16.286690] PM: noirq resume of devices complete after 1.140 msecs
[   16.288743] PM: early resume of devices complete after 1.637 msecs
[   16.345455] PM: resume of devices complete after 56.696 msecs
[   16.349265] sdhci-tegra 700b0400.sdhci: Got CD GPIO
[   16.349284] sdhci-tegra 700b0400.sdhci: Got WP GPIO
[   16.349356] mmc1: Unknown controller version (3). You may experience problems.
[   16.354780] cpu cpu0: _opp_add: duplicate OPPs detected. Existing: freq: 204000000, volt: 900000, enabled: 1. New: freq: 204000000, volt: 900000, enabled: 1
[   16.354792] cpu cpu0: _opp_add: duplicate OPPs detected. Existing: freq: 306000000, volt: 900000, enabled: 1. New: freq: 306000000, volt: 900000, enabled: 1
[   16.354803] cpu cpu0: _opp_add: duplicate OPPs detected. Existing: freq: 408000000, volt: 900000, enabled: 1. New: freq: 408000000, volt: 900000, enabled: 1
[   16.354813] cpu cpu0: _opp_add: duplicate OPPs detected. Existing: freq: 510000000, volt: 900000, enabled: 1. New: freq: 510000000, volt: 900000, enabled: 1
[   16.354822] cpu cpu0: _opp_add: duplicate OPPs detected. Existing: freq: 612000000, volt: 900000, enabled: 1. New: freq: 612000000, volt: 900000, enabled: 1
[   16.354831] cpu cpu0: _opp_add: duplicate OPPs detected. Existing: freq: 714000000, volt: 900000, enabled: 1. New: freq: 714000000, volt: 900000, enabled: 1
[   16.354841] cpu cpu0: _opp_add: duplicate OPPs detected. Existing: freq: 816000000, volt: 900000, enabled: 1. New: freq: 816000000, volt: 900000, enabled: 1
[   16.354850] cpu cpu0: _opp_add: duplicate OPPs detected. Existing: freq: 918000000, volt: 900000, enabled: 1. New: freq: 918000000, volt: 900000, enabled: 1
[   16.354860] cpu cpu0: _opp_add: duplicate OPPs detected. Existing: freq: 1020000000, volt: 900000, enabled: 1. New: freq: 1020000000, volt: 900000, enabled: 1
[   16.354871] cpu cpu0: _opp_add: duplicate OPPs detected. Existing: freq: 1122000000, volt: 900000, enabled: 1. New: freq: 1122000000, volt: 900000, enabled: 1
[   16.354882] cpu cpu0: _opp_add: duplicate OPPs detected. Existing: freq: 1224000000, volt: 900000, enabled: 1. New: freq: 1224000000, volt: 900000, enabled: 1
[   16.354892] cpu cpu0: _opp_add: duplicate OPPs detected. Existing: freq: 1326000000, volt: 900000, enabled: 1. New: freq: 1326000000, volt: 900000, enabled: 1
[   16.354901] cpu cpu0: _opp_add: duplicate OPPs detected. Existing: freq: 1428000000, volt: 900000, enabled: 1. New: freq: 1428000000, volt: 900000, enabled: 1
[   16.354910] cpu cpu0: _opp_add: duplicate OPPs detected. Existing: freq: 1530000000, volt: 900000, enabled: 1. New: freq: 1530000000, volt: 900000, enabled: 1
[   16.354919] cpu cpu0: _opp_add: duplicate OPPs detected. Existing: freq: 1632000000, volt: 920000, enabled: 1. New: freq: 1632000000, volt: 920000, enabled: 1
[   16.354929] cpu cpu0: _opp_add: duplicate OPPs detected. Existing: freq: 1734000000, volt: 960000, enabled: 1. New: freq: 1734000000, volt: 960000, enabled: 1
[   16.354938] cpu cpu0: _opp_add: duplicate OPPs detected. Existing: freq: 1836000000, volt: 990000, enabled: 1. New: freq: 1836000000, volt: 990000, enabled: 1
[   16.354948] cpu cpu0: _opp_add: duplicate OPPs detected. Existing: freq: 1938000000, volt: 1030000, enabled: 1. New: freq: 1938000000, volt: 1030000, enabled: 1
[   16.354958] cpu cpu0: _opp_add: duplicate OPPs detected. Existing: freq: 2014500000, volt: 1060000, enabled: 1. New: freq: 2014500000, volt: 1060000, enabled: 1
[   16.354967] cpu cpu0: _opp_add: duplicate OPPs detected. Existing: freq: 2116500000, volt: 1100000, enabled: 1. New: freq: 2116500000, volt: 1100000, enabled: 1
[   16.354977] cpu cpu0: _opp_add: duplicate OPPs detected. Existing: freq: 2218500000, volt: 1140000, enabled: 1. New: freq: 2218500000, volt: 1140000, enabled: 1
[   16.354999] cpu cpu0: _opp_add: duplicate OPPs detected. Existing: freq: 2320500000, volt: 1180000, enabled: 1. New: freq: 2320500000, volt: 1180000, enabled: 1
[   16.355061] tegra124-dfll 70110000.clock: couldn't get vdd_cpu regulator
[   16.355769] tegra-pcie 1003000.pcie-controller: 2x1, 1x1 configuration
[   16.355824] tegra-pcie 1003000.pcie-controller: Failed to get supply 'avddio-pex': -517
[   16.357514] tegra-hdmi 54280000.hdmi: failed to get PLL regulator
[   16.359169] tegra-ahci 70027000.sata: Failed to get supply 'avdd': -517
[   16.359176] tegra-ahci 70027000.sata: Failed to get regulators
[   16.781685] Restarting tasks ... done.
root@(none):/# 
root@(none):/# rtcwake -d rtc1 -m mem -s 3
rtcwake: assuming RTC uses UTC ...
rtcwake: wakeup from "mem" using /dev/rtc1 at Thu Jan  1 00:00:54 1970
[   17.777844] PM: Syncing filesystems ... done.
[   17.784247] Freezing user space processes ... (elapsed 0.001 seconds) done.
[   17.792535] Freezing remaining freezable tasks ... (elapsed 0.001 seconds) done.
[   17.801326] Suspending console(s) (use no_console_suspend to debug)
[   17.870036] PM: suspend of devices complete after 61.185 msecs
[   17.872370] PM: late suspend of devices complete after 2.321 msecs
[   17.874091] PM: noirq suspend of devices complete after 1.712 msecs
[   17.874095] Disabling non-boot CPUs ...
[   17.874937] CPU1: shutdown
[   17.900602] IRQ16 no longer affine to CPU2
[   17.900974] CPU2: shutdown
[   17.925534] CPU3: shutdown
[   17.939556] Entering suspend state LP1
[   17.939578] Enabling non-boot CPUs ...
[   17.964935] CPU1 is up
[   17.990193] CPU2 is up
[   18.015490] CPU3 is up
[   18.016624] PM: noirq resume of devices complete after 1.124 msecs
[   18.019305] PM: early resume of devices complete after 2.253 msecs
[   18.075415] PM: resume of devices complete after 56.095 msecs
[   18.079256] sdhci-tegra 700b0400.sdhci: Got CD GPIO
[   18.079276] sdhci-tegra 700b0400.sdhci: Got WP GPIO
[   18.079345] mmc1: Unknown controller version (3). You may experience problems.
[   18.084726] cpu cpu0: _opp_add: duplicate OPPs detected. Existing: freq: 204000000, volt: 900000, enabled: 1. New: freq: 204000000, volt: 900000, enabled: 1
[   18.084738] cpu cpu0: _opp_add: duplicate OPPs detected. Existing: freq: 306000000, volt: 900000, enabled: 1. New: freq: 306000000, volt: 900000, enabled: 1
[   18.084748] cpu cpu0: _opp_add: duplicate OPPs detected. Existing: freq: 408000000, volt: 900000, enabled: 1. New: freq: 408000000, volt: 900000, enabled: 1
[   18.084759] cpu cpu0: _opp_add: duplicate OPPs detected. Existing: freq: 510000000, volt: 900000, enabled: 1. New: freq: 510000000, volt: 900000, enabled: 1
[   18.084769] cpu cpu0: _opp_add: duplicate OPPs detected. Existing: freq: 612000000, volt: 900000, enabled: 1. New: freq: 612000000, volt: 900000, enabled: 1
[   18.084780] cpu cpu0: _opp_add: duplicate OPPs detected. Existing: freq: 714000000, volt: 900000, enabled: 1. New: freq: 714000000, volt: 900000, enabled: 1
[   18.084789] cpu cpu0: _opp_add: duplicate OPPs detected. Existing: freq: 816000000, volt: 900000, enabled: 1. New: freq: 816000000, volt: 900000, enabled: 1
[   18.084798] cpu cpu0: _opp_add: duplicate OPPs detected. Existing: freq: 918000000, volt: 900000, enabled: 1. New: freq: 918000000, volt: 900000, enabled: 1
[   18.084807] cpu cpu0: _opp_add: duplicate OPPs detected. Existing: freq: 1020000000, volt: 900000, enabled: 1. New: freq: 1020000000, volt: 900000, enabled: 1
[   18.084818] cpu cpu0: _opp_add: duplicate OPPs detected. Existing: freq: 1122000000, volt: 900000, enabled: 1. New: freq: 1122000000, volt: 900000, enabled: 1
[   18.084828] cpu cpu0: _opp_add: duplicate OPPs detected. Existing: freq: 1224000000, volt: 900000, enabled: 1. New: freq: 1224000000, volt: 900000, enabled: 1
[   18.084837] cpu cpu0: _opp_add: duplicate OPPs detected. Existing: freq: 1326000000, volt: 900000, enabled: 1. New: freq: 1326000000, volt: 900000, enabled: 1
[   18.084846] cpu cpu0: _opp_add: duplicate OPPs detected. Existing: freq: 1428000000, volt: 900000, enabled: 1. New: freq: 1428000000, volt: 900000, enabled: 1
[   18.084855] cpu cpu0: _opp_add: duplicate OPPs detected. Existing: freq: 1530000000, volt: 900000, enabled: 1. New: freq: 1530000000, volt: 900000, enabled: 1
[   18.084865] cpu cpu0: _opp_add: duplicate OPPs detected. Existing: freq: 1632000000, volt: 920000, enabled: 1. New: freq: 1632000000, volt: 920000, enabled: 1
[   18.084875] cpu cpu0: _opp_add: duplicate OPPs detected. Existing: freq: 1734000000, volt: 960000, enabled: 1. New: freq: 1734000000, volt: 960000, enabled: 1
[   18.084884] cpu cpu0: _opp_add: duplicate OPPs detected. Existing: freq: 1836000000, volt: 990000, enabled: 1. New: freq: 1836000000, volt: 990000, enabled: 1
[   18.084893] cpu cpu0: _opp_add: duplicate OPPs detected. Existing: freq: 1938000000, volt: 1030000, enabled: 1. New: freq: 1938000000, volt: 1030000, enabled: 1
[   18.084903] cpu cpu0: _opp_add: duplicate OPPs detected. Existing: freq: 2014500000, volt: 1060000, enabled: 1. New: freq: 2014500000, volt: 1060000, enabled: 1
[   18.084913] cpu cpu0: _opp_add: duplicate OPPs detected. Existing: freq: 2116500000, volt: 1100000, enabled: 1. New: freq: 2116500000, volt: 1100000, enabled: 1
[   18.084923] cpu cpu0: _opp_add: duplicate OPPs detected. Existing: freq: 2218500000, volt: 1140000, enabled: 1. New: freq: 2218500000, volt: 1140000, enabled: 1
[   18.084932] cpu cpu0: _opp_add: duplicate OPPs detected. Existing: freq: 2320500000, volt: 1180000, enabled: 1. New: freq: 2320500000, volt: 1180000, enabled: 1
[   18.084996] tegra124-dfll 70110000.clock: couldn't get vdd_cpu regulator
[   18.085708] tegra-pcie 1003000.pcie-controller: 2x1, 1x1 configuration
[   18.085762] tegra-pcie 1003000.pcie-controller: Failed to get supply 'avddio-pex': -517
[   18.087462] tegra-hdmi 54280000.hdmi: failed to get PLL regulator
[   18.089113] tegra-ahci 70027000.sata: Failed to get supply 'avdd': -517
[   18.089118] tegra-ahci 70027000.sata: Failed to get regulators
[   18.511591] Restarting tasks ... done.
root@(none):/# 
root@(none):/# rtcwake -d rtc1 -m mem -s 3
rtcwake: assuming RTC uses UTC ...
rtcwake: wakeup from "mem" using /dev/rtc1 at Thu Jan  1 00:00:59 1970
[   19.499974] PM: Syncing filesystems ... done.
[   19.506301] Freezing user space processes ... (elapsed 0.001 seconds) done.
[   19.514632] Freezing remaining freezable tasks ... (elapsed 0.001 seconds) done.
[   19.523442] Suspending console(s) (use no_console_suspend to debug)
[   19.590306] PM: suspend of devices complete after 59.280 msecs
[   19.592725] PM: late suspend of devices complete after 2.405 msecs
[   19.594488] PM: noirq suspend of devices complete after 1.753 msecs
[   19.594492] Disabling non-boot CPUs ...
[   19.595344] CPU1: shutdown
[   19.630582] IRQ16 no longer affine to CPU2
[   19.630948] CPU2: shutdown
[   19.645508] CPU3: shutdown
[   19.659512] Entering suspend state LP1
[   19.659534] Enabling non-boot CPUs ...
[   19.684899] CPU1 is up
[   19.710141] CPU2 is up
[   19.735447] CPU3 is up
[   19.736589] PM: noirq resume of devices complete after 1.132 msecs
[   19.739604] PM: early resume of devices complete after 2.596 msecs
[   19.795442] PM: resume of devices complete after 55.823 msecs
[   19.799455] sdhci-tegra 700b0400.sdhci: Got CD GPIO
[   19.799476] sdhci-tegra 700b0400.sdhci: Got WP GPIO
[   19.799546] mmc1: Unknown controller version (3). You may experience problems.
[   19.804745] cpu cpu0: _opp_add: duplicate OPPs detected. Existing: freq: 204000000, volt: 900000, enabled: 1. New: freq: 204000000, volt: 900000, enabled: 1
[   19.804757] cpu cpu0: _opp_add: duplicate OPPs detected. Existing: freq: 306000000, volt: 900000, enabled: 1. New: freq: 306000000, volt: 900000, enabled: 1
[   19.804768] cpu cpu0: _opp_add: duplicate OPPs detected. Existing: freq: 408000000, volt: 900000, enabled: 1. New: freq: 408000000, volt: 900000, enabled: 1
[   19.804778] cpu cpu0: _opp_add: duplicate OPPs detected. Existing: freq: 510000000, volt: 900000, enabled: 1. New: freq: 510000000, volt: 900000, enabled: 1
[   19.804787] cpu cpu0: _opp_add: duplicate OPPs detected. Existing: freq: 612000000, volt: 900000, enabled: 1. New: freq: 612000000, volt: 900000, enabled: 1
[   19.804796] cpu cpu0: _opp_add: duplicate OPPs detected. Existing: freq: 714000000, volt: 900000, enabled: 1. New: freq: 714000000, volt: 900000, enabled: 1
[   19.804805] cpu cpu0: _opp_add: duplicate OPPs detected. Existing: freq: 816000000, volt: 900000, enabled: 1. New: freq: 816000000, volt: 900000, enabled: 1
[   19.804814] cpu cpu0: _opp_add: duplicate OPPs detected. Existing: freq: 918000000, volt: 900000, enabled: 1. New: freq: 918000000, volt: 900000, enabled: 1
[   19.804824] cpu cpu0: _opp_add: duplicate OPPs detected. Existing: freq: 1020000000, volt: 900000, enabled: 1. New: freq: 1020000000, volt: 900000, enabled: 1
[   19.804833] cpu cpu0: _opp_add: duplicate OPPs detected. Existing: freq: 1122000000, volt: 900000, enabled: 1. New: freq: 1122000000, volt: 900000, enabled: 1
[   19.804845] cpu cpu0: _opp_add: duplicate OPPs detected. Existing: freq: 1224000000, volt: 900000, enabled: 1. New: freq: 1224000000, volt: 900000, enabled: 1
[   19.804855] cpu cpu0: _opp_add: duplicate OPPs detected. Existing: freq: 1326000000, volt: 900000, enabled: 1. New: freq: 1326000000, volt: 900000, enabled: 1
[   19.804865] cpu cpu0: _opp_add: duplicate OPPs detected. Existing: freq: 1428000000, volt: 900000, enabled: 1. New: freq: 1428000000, volt: 900000, enabled: 1
[   19.804874] cpu cpu0: _opp_add: duplicate OPPs detected. Existing: freq: 1530000000, volt: 900000, enabled: 1. New: freq: 1530000000, volt: 900000, enabled: 1
[   19.804884] cpu cpu0: _opp_add: duplicate OPPs detected. Existing: freq: 1632000000, volt: 920000, enabled: 1. New: freq: 1632000000, volt: 920000, enabled: 1
[   19.804893] cpu cpu0: _opp_add: duplicate OPPs detected. Existing: freq: 1734000000, volt: 960000, enabled: 1. New: freq: 1734000000, volt: 960000, enabled: 1
[   19.804902] cpu cpu0: _opp_add: duplicate OPPs detected. Existing: freq: 1836000000, volt: 990000, enabled: 1. New: freq: 1836000000, volt: 990000, enabled: 1
[   19.804912] cpu cpu0: _opp_add: duplicate OPPs detected. Existing: freq: 1938000000, volt: 1030000, enabled: 1. New: freq: 1938000000, volt: 1030000, enabled: 1
[   19.804922] cpu cpu0: _opp_add: duplicate OPPs detected. Existing: freq: 2014500000, volt: 1060000, enabled: 1. New: freq: 2014500000, volt: 1060000, enabled: 1
[   19.804932] cpu cpu0: _opp_add: duplicate OPPs detected. Existing: freq: 2116500000, volt: 1100000, enabled: 1. New: freq: 2116500000, volt: 1100000, enabled: 1
[   19.804941] cpu cpu0: _opp_add: duplicate OPPs detected. Existing: freq: 2218500000, volt: 1140000, enabled: 1. New: freq: 2218500000, volt: 1140000, enabled: 1
[   19.804951] cpu cpu0: _opp_add: duplicate OPPs detected. Existing: freq: 2320500000, volt: 1180000, enabled: 1. New: freq: 2320500000, volt: 1180000, enabled: 1
[   19.805015] tegra124-dfll 70110000.clock: couldn't get vdd_cpu regulator
[   19.805728] tegra-pcie 1003000.pcie-controller: 2x1, 1x1 configuration
[   19.805781] tegra-pcie 1003000.pcie-controller: Failed to get supply 'avddio-pex': -517
[   19.807473] tegra-hdmi 54280000.hdmi: failed to get PLL regulator
[   19.809129] tegra-ahci 70027000.sata: Failed to get supply 'avdd': -517
[   19.809135] tegra-ahci 70027000.sata: Failed to get regulators
[   20.231645] Restarting tasks ... done.
root@(none):/# 
root@(none):/# rtcwake -d rtc1 -m mem -s 3
rtcwake: assuming RTC uses UTC ...
rtcwake: wakeup from "mem" using /dev/rtc1 at Thu Jan  1 00:01:04 1970
[   21.226811] PM: Syncing filesystems ... done.
[   21.233136] Freezing user space processes ... (elapsed 0.001 seconds) done.
[   21.241444] Freezing remaining freezable tasks ... (elapsed 0.001 seconds) done.
[   21.250265] Suspending console(s) (use no_console_suspend to debug)
[   21.320230] PM: suspend of devices complete after 62.467 msecs
[   21.322754] PM: late suspend of devices complete after 2.510 msecs
[   21.324588] PM: noirq suspend of devices complete after 1.825 msecs
[   21.324592] Disabling non-boot CPUs ...
[   21.325419] CPU1: shutdown
[   21.350539] IRQ16 no longer affine to CPU2
[   21.350927] CPU2: shutdown
[   21.365467] CPU3: shutdown
[   21.379466] Entering suspend state LP1
[   21.379488] Enabling non-boot CPUs ...
[   21.404845] CPU1 is up
[   21.430092] CPU2 is up
[   21.455410] CPU3 is up
[   21.456545] PM: noirq resume of devices complete after 1.124 msecs
[   21.458966] PM: early resume of devices complete after 2.004 msecs
[   21.515410] PM: resume of devices complete after 56.428 msecs
[   21.519196] sdhci-tegra 700b0400.sdhci: Got CD GPIO
[   21.519217] sdhci-tegra 700b0400.sdhci: Got WP GPIO
[   21.519288] mmc1: Unknown controller version (3). You may experience problems.
[   21.524672] cpu cpu0: _opp_add: duplicate OPPs detected. Existing: freq: 204000000, volt: 900000, enabled: 1. New: freq: 204000000, volt: 900000, enabled: 1
[   21.524685] cpu cpu0: _opp_add: duplicate OPPs detected. Existing: freq: 306000000, volt: 900000, enabled: 1. New: freq: 306000000, volt: 900000, enabled: 1
[   21.524694] cpu cpu0: _opp_add: duplicate OPPs detected. Existing: freq: 408000000, volt: 900000, enabled: 1. New: freq: 408000000, volt: 900000, enabled: 1
[   21.524704] cpu cpu0: _opp_add: duplicate OPPs detected. Existing: freq: 510000000, volt: 900000, enabled: 1. New: freq: 510000000, volt: 900000, enabled: 1
[   21.524714] cpu cpu0: _opp_add: duplicate OPPs detected. Existing: freq: 612000000, volt: 900000, enabled: 1. New: freq: 612000000, volt: 900000, enabled: 1
[   21.524724] cpu cpu0: _opp_add: duplicate OPPs detected. Existing: freq: 714000000, volt: 900000, enabled: 1. New: freq: 714000000, volt: 900000, enabled: 1
[   21.524733] cpu cpu0: _opp_add: duplicate OPPs detected. Existing: freq: 816000000, volt: 900000, enabled: 1. New: freq: 816000000, volt: 900000, enabled: 1
[   21.524743] cpu cpu0: _opp_add: duplicate OPPs detected. Existing: freq: 918000000, volt: 900000, enabled: 1. New: freq: 918000000, volt: 900000, enabled: 1
[   21.524752] cpu cpu0: _opp_add: duplicate OPPs detected. Existing: freq: 1020000000, volt: 900000, enabled: 1. New: freq: 1020000000, volt: 900000, enabled: 1
[   21.524762] cpu cpu0: _opp_add: duplicate OPPs detected. Existing: freq: 1122000000, volt: 900000, enabled: 1. New: freq: 1122000000, volt: 900000, enabled: 1
[   21.524771] cpu cpu0: _opp_add: duplicate OPPs detected. Existing: freq: 1224000000, volt: 900000, enabled: 1. New: freq: 1224000000, volt: 900000, enabled: 1
[   21.524782] cpu cpu0: _opp_add: duplicate OPPs detected. Existing: freq: 1326000000, volt: 900000, enabled: 1. New: freq: 1326000000, volt: 900000, enabled: 1
[   21.524791] cpu cpu0: _opp_add: duplicate OPPs detected. Existing: freq: 1428000000, volt: 900000, enabled: 1. New: freq: 1428000000, volt: 900000, enabled: 1
[   21.524803] cpu cpu0: _opp_add: duplicate OPPs detected. Existing: freq: 1530000000, volt: 900000, enabled: 1. New: freq: 1530000000, volt: 900000, enabled: 1
[   21.524812] cpu cpu0: _opp_add: duplicate OPPs detected. Existing: freq: 1632000000, volt: 920000, enabled: 1. New: freq: 1632000000, volt: 920000, enabled: 1
[   21.524821] cpu cpu0: _opp_add: duplicate OPPs detected. Existing: freq: 1734000000, volt: 960000, enabled: 1. New: freq: 1734000000, volt: 960000, enabled: 1
[   21.524830] cpu cpu0: _opp_add: duplicate OPPs detected. Existing: freq: 1836000000, volt: 990000, enabled: 1. New: freq: 1836000000, volt: 990000, enabled: 1
[   21.524839] cpu cpu0: _opp_add: duplicate OPPs detected. Existing: freq: 1938000000, volt: 1030000, enabled: 1. New: freq: 1938000000, volt: 1030000, enabled: 1
[   21.524848] cpu cpu0: _opp_add: duplicate OPPs detected. Existing: freq: 2014500000, volt: 1060000, enabled: 1. New: freq: 2014500000, volt: 1060000, enabled: 1
[   21.524858] cpu cpu0: _opp_add: duplicate OPPs detected. Existing: freq: 2116500000, volt: 1100000, enabled: 1. New: freq: 2116500000, volt: 1100000, enabled: 1
[   21.524867] cpu cpu0: _opp_add: duplicate OPPs detected. Existing: freq: 2218500000, volt: 1140000, enabled: 1. New: freq: 2218500000, volt: 1140000, enabled: 1
[   21.524876] cpu cpu0: _opp_add: duplicate OPPs detected. Existing: freq: 2320500000, volt: 1180000, enabled: 1. New: freq: 2320500000, volt: 1180000, enabled: 1
[   21.524941] tegra124-dfll 70110000.clock: couldn't get vdd_cpu regulator
[   21.525656] tegra-pcie 1003000.pcie-controller: 2x1, 1x1 configuration
[   21.525709] tegra-pcie 1003000.pcie-controller: Failed to get supply 'avddio-pex': -517
[   21.527401] tegra-hdmi 54280000.hdmi: failed to get PLL regulator
[   21.529067] tegra-ahci 70027000.sata: Failed to get supply 'avdd': -517
[   21.529072] tegra-ahci 70027000.sata: Failed to get regulators
[   21.951579] Restarting tasks ... done.
root@(none):/# 
root@(none):/# rtcwake -d rtc1 -m mem -s 3
rtcwake: assuming RTC uses UTC ...
rtcwake: wakeup from "mem" using /dev/rtc1 at Thu Jan  1 00:01:09 1970
[   22.942616] PM: Syncing filesystems ... done.
[   22.949006] Freezing user space processes ... (elapsed 0.001 seconds) done.
[   22.957287] Freezing remaining freezable tasks ... (elapsed 0.001 seconds) done.
[   22.966100] Suspending console(s) (use no_console_suspend to debug)
[   23.035169] PM: suspend of devices complete after 61.560 msecs
[   23.037676] PM: late suspend of devices complete after 2.491 msecs
[   23.039523] PM: noirq suspend of devices complete after 1.837 msecs
[   23.039527] Disabling non-boot CPUs ...
[   23.040368] CPU1: shutdown
[   23.065500] IRQ16 no longer affine to CPU2
[   23.065883] CPU2: shutdown
[   23.090441] CPU3: shutdown
[   23.104444] Entering suspend state LP1
[   23.104466] Enabling non-boot CPUs ...
[   23.129826] CPU1 is up
[   23.155073] CPU2 is up
[   23.180368] CPU3 is up
[   23.181501] PM: noirq resume of devices complete after 1.122 msecs
[   23.184179] PM: early resume of devices complete after 2.240 msecs
[   23.240380] PM: resume of devices complete after 56.186 msecs
[   23.244387] sdhci-tegra 700b0400.sdhci: Got CD GPIO
[   23.244409] sdhci-tegra 700b0400.sdhci: Got WP GPIO
[   23.244480] mmc1: Unknown controller version (3). You may experience problems.
[   23.249657] cpu cpu0: _opp_add: duplicate OPPs detected. Existing: freq: 204000000, volt: 900000, enabled: 1. New: freq: 204000000, volt: 900000, enabled: 1
[   23.249669] cpu cpu0: _opp_add: duplicate OPPs detected. Existing: freq: 306000000, volt: 900000, enabled: 1. New: freq: 306000000, volt: 900000, enabled: 1
[   23.249679] cpu cpu0: _opp_add: duplicate OPPs detected. Existing: freq: 408000000, volt: 900000, enabled: 1. New: freq: 408000000, volt: 900000, enabled: 1
[   23.249689] cpu cpu0: _opp_add: duplicate OPPs detected. Existing: freq: 510000000, volt: 900000, enabled: 1. New: freq: 510000000, volt: 900000, enabled: 1
[   23.249699] cpu cpu0: _opp_add: duplicate OPPs detected. Existing: freq: 612000000, volt: 900000, enabled: 1. New: freq: 612000000, volt: 900000, enabled: 1
[   23.249708] cpu cpu0: _opp_add: duplicate OPPs detected. Existing: freq: 714000000, volt: 900000, enabled: 1. New: freq: 714000000, volt: 900000, enabled: 1
[   23.249718] cpu cpu0: _opp_add: duplicate OPPs detected. Existing: freq: 816000000, volt: 900000, enabled: 1. New: freq: 816000000, volt: 900000, enabled: 1
[   23.249727] cpu cpu0: _opp_add: duplicate OPPs detected. Existing: freq: 918000000, volt: 900000, enabled: 1. New: freq: 918000000, volt: 900000, enabled: 1
[   23.249737] cpu cpu0: _opp_add: duplicate OPPs detected. Existing: freq: 1020000000, volt: 900000, enabled: 1. New: freq: 1020000000, volt: 900000, enabled: 1
[   23.249747] cpu cpu0: _opp_add: duplicate OPPs detected. Existing: freq: 1122000000, volt: 900000, enabled: 1. New: freq: 1122000000, volt: 900000, enabled: 1
[   23.249757] cpu cpu0: _opp_add: duplicate OPPs detected. Existing: freq: 1224000000, volt: 900000, enabled: 1. New: freq: 1224000000, volt: 900000, enabled: 1
[   23.249766] cpu cpu0: _opp_add: duplicate OPPs detected. Existing: freq: 1326000000, volt: 900000, enabled: 1. New: freq: 1326000000, volt: 900000, enabled: 1
[   23.249776] cpu cpu0: _opp_add: duplicate OPPs detected. Existing: freq: 1428000000, volt: 900000, enabled: 1. New: freq: 1428000000, volt: 900000, enabled: 1
[   23.249787] cpu cpu0: _opp_add: duplicate OPPs detected. Existing: freq: 1530000000, volt: 900000, enabled: 1. New: freq: 1530000000, volt: 900000, enabled: 1
[   23.249800] cpu cpu0: _opp_add: duplicate OPPs detected. Existing: freq: 1632000000, volt: 920000, enabled: 1. New: freq: 1632000000, volt: 920000, enabled: 1
[   23.249810] cpu cpu0: _opp_add: duplicate OPPs detected. Existing: freq: 1734000000, volt: 960000, enabled: 1. New: freq: 1734000000, volt: 960000, enabled: 1
[   23.249819] cpu cpu0: _opp_add: duplicate OPPs detected. Existing: freq: 1836000000, volt: 990000, enabled: 1. New: freq: 1836000000, volt: 990000, enabled: 1
[   23.249829] cpu cpu0: _opp_add: duplicate OPPs detected. Existing: freq: 1938000000, volt: 1030000, enabled: 1. New: freq: 1938000000, volt: 1030000, enabled: 1
[   23.249841] cpu cpu0: _opp_add: duplicate OPPs detected. Existing: freq: 2014500000, volt: 1060000, enabled: 1. New: freq: 2014500000, volt: 1060000, enabled: 1
[   23.249851] cpu cpu0: _opp_add: duplicate OPPs detected. Existing: freq: 2116500000, volt: 1100000, enabled: 1. New: freq: 2116500000, volt: 1100000, enabled: 1
[   23.249860] cpu cpu0: _opp_add: duplicate OPPs detected. Existing: freq: 2218500000, volt: 1140000, enabled: 1. New: freq: 2218500000, volt: 1140000, enabled: 1
[   23.249870] cpu cpu0: _opp_add: duplicate OPPs detected. Existing: freq: 2320500000, volt: 1180000, enabled: 1. New: freq: 2320500000, volt: 1180000, enabled: 1
[   23.249933] tegra124-dfll 70110000.clock: couldn't get vdd_cpu regulator
[   23.250638] tegra-pcie 1003000.pcie-controller: 2x1, 1x1 configuration
[   23.250693] tegra-pcie 1003000.pcie-controller: Failed to get supply 'avddio-pex': -517
[   23.252380] tegra-hdmi 54280000.hdmi: failed to get PLL regulator
[   23.254048] tegra-ahci 70027000.sata: Failed to get supply 'avdd': -517
[   23.254054] tegra-ahci 70027000.sata: Failed to get regulators
[   23.676636] Restarting tasks ... done.
root@(none):/# 
root@(none):/# NVTB SYSTEM SUSPEND TEST COMPLETE
