
U-Boot SPL 2014.01-00219-gc4d376f (Feb 18 2014 - 19:57:18)


U-Boot 2014.01-00219-gc4d376f (Feb 18 2014 - 19:57:18)

TEGRA30
Board: NVIDIA Beaver
I2C:   ready
DRAM:  2 GiB
MMC:   Tegra SD/MMC: 0, Tegra SD/MMC: 1
In:    serial
Out:   serial
Err:   serial
Net:   Net Initialization Skipped
No ethernet found.
Hit any key to stop autoboot:  2  0 
Tegra30 (Beaver) # 
Tegra30 (Beaver) # usb reset
(Re)start USB...
USB0:   USB EHCI 1.00
scanning bus 0 for devices... 2 USB Device(s) found
       scanning usb for storage devices... 0 Storage Device(s) found
       scanning usb for ethernet devices... 
Warning: asx0 using MAC address from net device
1 Ethernet Device(s) found
Tegra30 (Beaver) # setenv bootargs 'ignore_loglevel console=ttyS0,115200n8 rw root=/dev/mmcblk0p1 rootwait gpt debug init=/bin/bash noinitrd'
Tegra30 (Beaver) # setenv ipaddr 192.168.100.101; setenv serverip 192.168.100.1; setenv tftpserverip 192.168.100.1
Tegra30 (Beaver) # tftpboot 0x81000000 zImage.multi_v7_defconfig
Using asx0 device
TFTP from server 192.168.100.1; our IP address is 192.168.100.101
Filename 'zImage.multi_v7_defconfig'.
Load address: 0x81000000
Loading: *#################################################################
	 #################################################################
	 #################################################################
	 #################################################################
	 #######################################################
	 3 MiB/s
done
Bytes transferred = 4612352 (466100 hex)
Tegra30 (Beaver) # tftpboot 0x82000000 tegra30-beaver.dtb
Using asx0 device
TFTP from server 192.168.100.1; our IP address is 192.168.100.101
Filename 'tegra30-beaver.dtb'.
Load address: 0x82000000
Loading: *##
	 2.9 MiB/s
done
Bytes transferred = 23973 (5da5 hex)
Tegra30 (Beaver) # bootz 0x81000000 - 0x82000000
Kernel image @ 0x81000000 [ 0x000000 - 0x466100 ]
## Flattened Device Tree blob at 82000000
   Booting using the fdt blob at 0x82000000
   Loading Device Tree to 8fff7000, end 8ffffda4 ... OK

Starting kernel ...

[    0.000000] Booting Linux on physical CPU 0x0
[    0.000000] Linux version 3.14.0-rc7-next-20140319-49802-g86c990c (pwalmsley@tamien) (gcc version 4.7.3 20130328 (prerelease) (crosstool-NG linaro-1.13.1-4.7-2013.04-20130415 - Linaro GCC 2013.04) ) #1 SMP Wed Mar 19 00:51:34 PDT 2014
[    0.000000] CPU: ARMv7 Processor [412fc099] revision 9 (ARMv7), cr=10c5387d
[    0.000000] CPU: PIPT / VIPT nonaliasing data cache, VIPT aliasing instruction cache
[    0.000000] Machine model: NVIDIA Tegra30 Beaver evaluation board
[    0.000000] debug: ignoring loglevel setting.
[    0.000000] cma: CMA: reserved 16 MiB at ae800000
[    0.000000] Memory policy: Data cache writealloc
[    0.000000] On node 0 totalpages: 524032
[    0.000000] free_area_init_node: node 0, pgdat c0b7d500, node_mem_map ed7f1000
[    0.000000]   DMA zone: 1520 pages used for memmap
[    0.000000]   DMA zone: 0 pages reserved
[    0.000000]   DMA zone: 194560 pages, LIFO batch:31
[    0.000000]   HighMem zone: 2574 pages used for memmap
[    0.000000]   HighMem zone: 329472 pages, LIFO batch:31
[    0.000000] fuse_speedo_calib: ATE prog ver 3.3
[    0.000000] Tegra30: CPU Speedo ID 5, Soc Speedo ID 2
[    0.000000] Tegra Revision: A03 SKU: 128 CPU Process: 4 Core Process: 0
[    0.000000] L310 cache controller enabled
[    0.000000] l2x0: 8 ways, CACHE_ID 0x410000c7, AUX_CTRL 0x7e480001, Cache size: 1024 kB
[    0.000000] PERCPU: Embedded 7 pages/cpu @ed7b6000 s8192 r8192 d12288 u32768
[    0.000000] pcpu-alloc: s8192 r8192 d12288 u32768 alloc=8*4096
[    0.000000] pcpu-alloc: [0] 0 [0] 1 [0] 2 [0] 3 
[    0.000000] Built 1 zonelists in Zone order, mobility grouping on.  Total pages: 522512
[    0.000000] Kernel command line: ignore_loglevel console=ttyS0,115200n8 rw root=/dev/mmcblk0p1 rootwait gpt debug init=/bin/bash noinitrd
[    0.000000] PID hash table entries: 4096 (order: 2, 16384 bytes)
[    0.000000] Dentry cache hash table entries: 131072 (order: 7, 524288 bytes)
[    0.000000] Inode-cache hash table entries: 65536 (order: 6, 262144 bytes)
[    0.000000] Memory: 2052280K/2096128K available (5956K kernel code, 788K rwdata, 2400K rodata, 540K init, 289K bss, 43848K reserved, 1317888K highmem)
[    0.000000] Virtual kernel memory layout:
[    0.000000]     vector  : 0xffff0000 - 0xffff1000   (   4 kB)
[    0.000000]     fixmap  : 0xfff00000 - 0xfffe0000   ( 896 kB)
[    0.000000]     vmalloc : 0xf0000000 - 0xff000000   ( 240 MB)
[    0.000000]     lowmem  : 0xc0000000 - 0xef800000   ( 760 MB)
[    0.000000]     pkmap   : 0xbfe00000 - 0xc0000000   (   2 MB)
[    0.000000]     modules : 0xbf000000 - 0xbfe00000   (  14 MB)
[    0.000000]       .text : 0xc0208000 - 0xc0a31208   (8357 kB)
[    0.000000]       .init : 0xc0a32000 - 0xc0ab9000   ( 540 kB)
[    0.000000]       .data : 0xc0aba000 - 0xc0b7f1a0   ( 789 kB)
[    0.000000]        .bss : 0xc0b7f1a8 - 0xc0bc79a0   ( 290 kB)
[    0.000000] SLUB: HWalign=64, Order=0-3, MinObjects=0, CPUs=4, Nodes=1
[    0.000000] Hierarchical RCU implementation.
[    0.000000] NR_IRQS:16 nr_irqs:16 16
[    0.000010] sched_clock: 32 bits at 1000kHz, resolution 1000ns, wraps every 2147483648000ns
[    0.000731] Console: colour dummy device 80x30
[    0.000760] Calibrating delay loop... 2793.47 BogoMIPS (lpj=13967360)
[    0.059937] pid_max: default: 32768 minimum: 301
[    0.060037] Mount-cache hash table entries: 512
[    0.060495] CPU: Testing write buffer coherency: ok
[    0.060770] CPU0: thread -1, cpu 0, socket 0, mpidr 80000000
[    0.060834] Setting up static identity map for 0x807a0900 - 0x807a0998
[    0.062330] CPU1: Booted secondary processor
[    0.119979] CPU1: thread -1, cpu 1, socket 0, mpidr 80000001
[    0.120837] CPU2: Booted secondary processor
[    0.179978] CPU2: thread -1, cpu 2, socket 0, mpidr 80000002
[    0.180839] CPU3: Booted secondary processor
[    0.239978] CPU3: thread -1, cpu 3, socket 0, mpidr 80000003
[    0.240039] Brought up 4 CPUs
[    0.240054] SMP: Total of 4 processors activated.
[    0.240060] CPU: All CPU(s) started in SVC mode.
[    0.240562] devtmpfs: initialized
[    0.243018] VFP support v0.3: implementor 41 architecture 3 part 30 variant 9 rev 4
[    0.243330] pinctrl core: initialized pinctrl subsystem
[    0.243593] regulator-dummy: no parameters
[    0.247310] NET: Registered protocol family 16
[    0.250338] DMA: preallocated 256 KiB pool for atomic coherent allocations
[    0.250902] cpuidle: using governor ladder
[    0.250908] cpuidle: using governor menu
[    0.257149] No ATAGs?
[    0.258273] Serial: AMBA PL011 UART driver
[    0.263942] edma-dma-engine edma-dma-engine.0: Can't allocate PaRAM dummy slot
[    0.263964] edma-dma-engine: probe of edma-dma-engine.0 failed with error -5
[    0.264264] vdd_5v_in: 5000 mV 
[    0.264341] platform 1.regulator: Driver reg-fixed-voltage requests probe deferral
[    0.264373] platform 2.regulator: Driver reg-fixed-voltage requests probe deferral
[    0.264472] vdd_5v_sata: Failed to request enable GPIO30: -517
[    0.264524] reg-fixed-voltage 3.regulator: Failed to register regulator: -517
[    0.264534] platform 3.regulator: Driver reg-fixed-voltage requests probe deferral
[    0.264616] usb1_vbus: Failed to request enable GPIO238: -517
[    0.264658] reg-fixed-voltage 4.regulator: Failed to register regulator: -517
[    0.264668] platform 4.regulator: Driver reg-fixed-voltage requests probe deferral
[    0.264748] usb3_vbus: Failed to request enable GPIO236: -517
[    0.264790] reg-fixed-voltage 5.regulator: Failed to register regulator: -517
[    0.264800] platform 5.regulator: Driver reg-fixed-voltage requests probe deferral
[    0.264833] platform 6.regulator: Driver reg-fixed-voltage requests probe deferral
[    0.264911] sys_3v3_pexs: Failed to request enable GPIO95: -517
[    0.264952] reg-fixed-voltage 7.regulator: Failed to register regulator: -517
[    0.264962] platform 7.regulator: Driver reg-fixed-voltage requests probe deferral
[    0.266103] vgaarb: loaded
[    0.266419] SCSI subsystem initialized
[    0.266571] libata version 3.00 loaded.
[    0.266758] usbcore: registered new interface driver usbfs
[    0.266794] usbcore: registered new interface driver hub
[    0.266855] usbcore: registered new device driver usb
[    0.279971] vdd_1v8_gen: 1800 mV 
[    0.280017] vdd_1v8_gen: supplied by vdd_5v_in
[    0.289967] vddio_ddr_1v2: 1200 mV 
[    0.290456] vddio_ddr_1v2: supplied by vdd_5v_in
[    0.299968] vdd_1v5_gen: 1500 mV 
[    0.300004] vdd_1v5_gen: supplied by vdd_5v_in
[    0.309967] vdd_cpu,vdd_sys: 1000 mV 
[    0.312310] vdd_pexa,vdd_pexb: 1050 mV 
[    0.312339] vdd_pexa,vdd_pexb: supplied by vdd_1v5_gen
[    0.315028] vdd_sata,avdd_plle: 1050 mV 
[    0.315057] vdd_sata,avdd_plle: supplied by vdd_1v5_gen
[    0.319967] vdd_rtc: 1200 mV 
[    0.319999] vdd_rtc: supplied by vdd_5v_in
[    0.329968] vddio_sdmmc,avdd_vdac: 3300 mV 
[    0.329999] vddio_sdmmc,avdd_vdac: supplied by vdd_5v_in
[    0.332701] avdd_dsi_csi,pwrdet_mipi: 1200 mV 
[    0.332730] avdd_dsi_csi,pwrdet_mipi: supplied by vdd_1v8_gen
[    0.339966] vdd_pllm,x,u,a_p_c_s: 1200 mV 
[    0.339995] vdd_pllm,x,u,a_p_c_s: supplied by vdd_1v8_gen
[    0.349965] vdd_ddr_hs: 1000 mV 
[    0.350005] vdd_ddr_hs: supplied by vdd_1v8_gen
[    0.351774] tps62361-vout: 500 <--> 1500 mV at 1160 mV 
[    0.351911] Linux video capture interface: v2.00
[    0.351944] pps_core: LinuxPPS API ver. 1 registered
[    0.351949] pps_core: Software ver. 5.3.6 - Copyright 2005-2007 Rodolfo Giometti <giometti@linux.it>
[    0.351961] PTP clock support registered
[    0.351992] EDAC MC: Ver: 3.0.0
[    0.352411] platform 7000f010.iommu: Driver tegra-smmu requests probe deferral
[    0.352520] Advanced Linux Sound Architecture Driver Initialized.
[    0.353134] Switched to clocksource timer_us
[    0.358691] NET: Registered protocol family 2
[    0.359034] TCP established hash table entries: 8192 (order: 3, 32768 bytes)
[    0.359083] TCP bind hash table entries: 8192 (order: 4, 65536 bytes)
[    0.359165] TCP: Hash tables configured (established 8192 bind 8192)
[    0.359241] TCP: reno registered
[    0.359252] UDP hash table entries: 512 (order: 2, 16384 bytes)
[    0.359315] UDP-Lite hash table entries: 512 (order: 2, 16384 bytes)
[    0.359482] NET: Registered protocol family 1
[    0.359758] RPC: Registered named UNIX socket transport module.
[    0.359766] RPC: Registered udp transport module.
[    0.359769] RPC: Registered tcp transport module.
[    0.359773] RPC: Registered tcp NFSv4.1 backchannel transport module.
[    0.359781] PCI: CLS 0 bytes, default 64
[    0.360939] futex hash table entries: 1024 (order: 4, 65536 bytes)
[    0.361836] bounce pool size: 64 pages
[    0.367158] squashfs: version 4.0 (2009/01/31) Phillip Lougher
[    0.367573] NFS: Registering the id_resolver key type
[    0.367613] Key type id_resolver registered
[    0.367618] Key type id_legacy registered
[    0.367649] msgmni has been set to 1466
[    0.368058] Block layer SCSI generic (bsg) driver version 0.4 loaded (major 249)
[    0.368066] io scheduler noop registered
[    0.368071] io scheduler deadline registered
[    0.368175] io scheduler cfq registered (default)
[    0.371081] platform 3000.pcie-controller: Driver tegra-pcie requests probe deferral
[    0.373630] tegra-apbdma 6000a000.dma: Tegra20 APB DMA driver register 32 channels
[    0.406456] Serial: 8250/16550 driver, 4 ports, IRQ sharing disabled
[    0.407457] Serial: IMX driver
[    0.407664] msm_serial: driver initialized
[    0.408190] console [ttyS0] disabled
[    0.408220] 70006000.serial: ttyS0 at MMIO 0x70006000 (irq = 68, base_baud = 25500000) is a Tegra
[    1.259416] console [ttyS0] enabled
[    1.263330] STMicroelectronics ASC driver initialized
[    1.268770] serial: Freescale lpuart driver
[    1.273077] [drm] Initialized drm 1.1.0 20060810
[    1.278419] tegra-hdmi 54280000.hdmi: failed to get VDD regulator
[    1.284521] platform 54280000.hdmi: Driver tegra-hdmi requests probe deferral
[    1.295041] loop: module loaded
[    1.300690] m25p80 spi32766.1: w25q32 (4096 Kbytes)
[    1.307266] pegasus: v0.9.3 (2013/04/25), Pegasus/Pegasus II USB Ethernet driver
[    1.314703] usbcore: registered new interface driver pegasus
[    1.320378] usbcore: registered new interface driver asix
[    1.325792] usbcore: registered new interface driver ax88179_178a
[    1.331892] usbcore: registered new interface driver cdc_ether
[    1.337759] usbcore: registered new interface driver smsc75xx
[    1.343542] usbcore: registered new interface driver smsc95xx
[    1.349294] usbcore: registered new interface driver net1080
[    1.354966] usbcore: registered new interface driver cdc_subset
[    1.360890] usbcore: registered new interface driver zaurus
[    1.366505] usbcore: registered new interface driver cdc_ncm
[    1.372168] ehci_hcd: USB 2.0 'Enhanced' Host Controller (EHCI) Driver
[    1.378685] ehci-pci: EHCI PCI platform driver
[    1.383148] ehci-platform: EHCI generic platform driver
[    1.388459] ehci-omap: OMAP-EHCI Host Controller driver
[    1.393740] ehci-orion: EHCI orion driver
[    1.397796] SPEAr-ehci: EHCI SPEAr driver
[    1.401852] tegra-ehci: Tegra EHCI driver
[    1.405992] platform 7d004000.usb: Driver tegra-ehci requests probe deferral
[    1.413062] platform 7d008000.usb: Driver tegra-ehci requests probe deferral
[    1.420382] usbcore: registered new interface driver usb-storage
[    1.426703] platform 7d004000.usb-phy: Driver tegra-phy requests probe deferral
[    1.434055] platform 7d008000.usb-phy: Driver tegra-phy requests probe deferral
[    1.442034] mousedev: PS/2 mouse device common for all mice
[    1.448590] tegra_rtc 7000e000.rtc: rtc core: registered 7000e000.rtc as rtc1
[    1.455738] tegra_rtc 7000e000.rtc: Tegra internal Real Time Clock
[    1.474554] tps65910-rtc tps65910-rtc: rtc core: registered tps65910-rtc as rtc0
[    1.482026] i2c /dev entries driver
[    1.487935] sdhci: Secure Digital Host Controller Interface driver
[    1.494112] sdhci: Copyright(c) Pierre Ossman
[    1.498804] sdhci-pltfm: SDHCI platform and OF driver helper
[    1.504857] sdhci-tegra 78000000.sdhci: Got CD GPIO #69.
[    1.510167] sdhci-tegra 78000000.sdhci: Got WP GPIO #155.
[    1.516612] mmc0: no vqmmc regulator found
[    1.520698] mmc0: no vmmc regulator found
[    1.524703] mmc0: Invalid maximum block size, assuming 512 bytes
[    1.573140] mmc0: SDHCI controller on 78000000.sdhci [78000000.sdhci] using ADMA
[    1.581579] mmc1: no vqmmc regulator found
[    1.585676] mmc1: no vmmc regulator found
[    1.589672] mmc1: Invalid maximum block size, assuming 512 bytes
[    1.633135] mmc1: SDHCI controller on 78000600.sdhci [78000600.sdhci] using ADMA
[    1.642783] usbcore: registered new interface driver usbhid
[    1.650360] usbhid: USB HID core driver
[    1.801601] mmc1: new high speed MMC card at address 0001
[    1.807246] mmcblk0: mmc1:0001 SEM16G 14.8 GiB 
[    1.811827] mmcblk0boot0: mmc1:0001 SEM16G partition 1 1.00 MiB
[    1.817806] mmcblk0boot1: mmc1:0001 SEM16G partition 2 1.00 MiB
[    1.823784] mmcblk0rpmb: mmc1:0001 SEM16G partition 3 128 KiB
[    1.833389] Primary GPT is invalid, using alternate GPT.
[    1.838703]  mmcblk0: p1 p2 p3 p4 p5
[    1.846130]  mmcblk0boot1: unknown partition table
[    1.853759]  mmcblk0boot0: unknown partition table
[    2.074001] tegra30-i2s 70080400.i2s: DMA channels sourced from device 70080000.ahub
[    2.089196] tegra-snd-rt5640 sound.4: rt5640-aif1 <-> 70080400.i2s mapping ok
[    2.098522] input: NVIDIA Tegra Beaver Headphones as /devices/soc0/sound.4/sound/card0/input0
[    2.107813] TCP: cubic registered
[    2.111122] NET: Registered protocol family 17
[    2.115695] Key type dns_resolver registered
[    2.120270] ThumbEE CPU extension supported.
[    2.124552] Registering SWP/SWPB emulation handler
[    2.129329] PJ4 iWMMXt coprocessor enabled.
[    2.133836] vdd_sata,avdd_plle: disabling
[    2.141061] chargepump_5v: 5000 mV 
[    2.148825] vdd_ddr: 1500 mV 
[    2.151816] vdd_ddr: supplied by vdd_5v_in
[    2.156116] vdd_5v_sata: 5000 mV 
[    2.159449] vdd_5v_sata: supplied by vdd_5v_in
[    2.164075] usb1_vbus: 5000 mV 
[    2.167223] usb1_vbus: supplied by vdd_5v_in
[    2.171648] usb3_vbus: 5000 mV 
[    2.174810] usb3_vbus: supplied by vdd_5v_in
[    2.182948] sys_3v3,vdd_3v3_alw: 3300 mV 
[    2.186977] sys_3v3,vdd_3v3_alw: supplied by vdd_5v_in
[    2.192287] sys_3v3_pexs: 3300 mV 
[    2.195707] sys_3v3_pexs: supplied by sys_3v3,vdd_3v3_alw
[    2.201584] tegra-pcie 3000.pcie-controller: 2x3 configuration
[    2.212307] tegra-pcie 3000.pcie-controller: probing port 0, using 2 lanes
[    2.273421] tegra-pcie 3000.pcie-controller: probing port 2, using 2 lanes
[    2.683959] tegra-pcie 3000.pcie-controller: link 2 down, retrying
[    3.093805] tegra-pcie 3000.pcie-controller: link 2 down, retrying
[    3.503634] tegra-pcie 3000.pcie-controller: link 2 down, retrying
[    3.511809] tegra-pcie 3000.pcie-controller: link 2 down, ignoring
[    3.518113] tegra-pcie 3000.pcie-controller: PCI host bridge to bus 0000:00
[    3.525076] pci_bus 0000:00: root bus resource [mem 0x20000000-0x27ffffff]
[    3.531935] pci_bus 0000:00: root bus resource [mem 0x28000000-0x3fffffff pref]
[    3.539234] pci_bus 0000:00: root bus resource [bus 00-ff]
[    3.544712] pci_bus 0000:00: root bus resource [io  0x1000-0xffff]
[    3.550898] pci 0000:00:01.0: [10de:0e1c] type 01 class 0x060400
[    3.556960] pci 0000:00:01.0: PME# supported from D0 D1 D2 D3hot D3cold
[    3.563697] PCI: bus0: Fast back to back transfers disabled
[    3.569257] pci 0000:00:01.0: bridge configuration invalid ([bus 00-00]), reconfiguring
[    3.577358] pci 0000:01:00.0: [10ec:8168] type 00 class 0x020000
[    3.583372] pci 0000:01:00.0: reg 0x10: [io  size 0x0100]
[    3.588767] pci 0000:01:00.0: reg 0x18: [mem size 0x00001000 64bit pref]
[    3.595466] pci 0000:01:00.0: reg 0x20: [mem size 0x00004000 64bit pref]
[    3.602194] pci 0000:01:00.0: supports D1 D2
[    3.606459] pci 0000:01:00.0: PME# supported from D0 D1 D2 D3hot D3cold
[    3.613180] PCI: bus1: Fast back to back transfers disabled
[    3.618742] pci_bus 0000:01: busn_res: [bus 01-ff] end is updated to 01
[    3.625379] pci 0000:00:01.0: BAR 9: assigned [mem 0x28000000-0x280fffff 64bit pref]
[    3.633106] pci 0000:00:01.0: BAR 7: assigned [io  0x1000-0x1fff]
[    3.639196] pci 0000:01:00.0: BAR 4: assigned [mem 0x28000000-0x28003fff 64bit pref]
[    3.646936] pci 0000:01:00.0: BAR 2: assigned [mem 0x28004000-0x28004fff 64bit pref]
[    3.654675] pci 0000:01:00.0: BAR 0: assigned [io  0x1000-0x10ff]
[    3.660754] pci 0000:00:01.0: PCI bridge to [bus 01]
[    3.665712] pci 0000:00:01.0:   bridge window [io  0x1000-0x1fff]
[    3.671792] pci 0000:00:01.0:   bridge window [mem 0x28000000-0x280fffff 64bit pref]
[    3.679534] pci 0000:00:01.0: nv_msi_ht_cap_quirk didn't locate host bridge
[    3.686639] r8169 Gigabit Ethernet driver 2.3LK-NAPI loaded
[    3.692221] r8169 0000:01:00.0: enabling device (0140 -> 0143)
[    3.698587] r8169 0000:01:00.0 eth0: RTL8168evl/8111evl at 0xf002e000, 02:04:4b:01:60:a6, XID 0c900800 IRQ 472
[    3.708580] r8169 0000:01:00.0 eth0: jumbo features [frames: 9200 bytes, tx checksumming: ko]
[    3.718202] [drm] Supports vblank timestamp caching Rev 2 (21.10.2013).
[    3.724843] [drm] No driver support for vblank timestamp query.
[    3.730751] ------------[ cut here ]------------
[    3.735386] WARNING: CPU: 0 PID: 67 at drivers/gpu/drm/drm_crtc.c:94 drm_warn_on_modeset_not_all_locked+0x70/0x7c()
[    3.745815] Modules linked in:
[    3.748874] CPU: 0 PID: 67 Comm: kworker/u8:2 Not tainted 3.14.0-rc7-next-20140319-49802-g86c990c #1
[    3.758010] Workqueue: deferwq deferred_probe_work_func
[    3.763277] [<c0215ba8>] (unwind_backtrace) from [<c02117e0>] (show_stack+0x10/0x14)
[    3.771012] [<c02117e0>] (show_stack) from [<c079bdac>] (dump_stack+0x78/0x94)
[    3.778250] [<c079bdac>] (dump_stack) from [<c0243370>] (warn_slowpath_common+0x64/0x88)
[    3.786341] [<c0243370>] (warn_slowpath_common) from [<c02433b0>] (warn_slowpath_null+0x1c/0x24)
[    3.795129] [<c02433b0>] (warn_slowpath_null) from [<c04d8bb8>] (drm_warn_on_modeset_not_all_locked+0x70/0x7c)
[    3.805132] [<c04d8bb8>] (drm_warn_on_modeset_not_all_locked) from [<c04c8668>] (drm_helper_disable_unused_functions+0xc/0x110)
[    3.816614] [<c04c8668>] (drm_helper_disable_unused_functions) from [<c04e73c4>] (tegra_drm_fb_init+0x88/0x10c)
[    3.826700] [<c04e73c4>] (tegra_drm_fb_init) from [<c04e60f8>] (tegra_drm_load+0x94/0xc0)
[    3.834878] [<c04e60f8>] (tegra_drm_load) from [<c04d41bc>] (drm_dev_register+0xa0/0x100)
[    3.843041] [<c04d41bc>] (drm_dev_register) from [<c04e5cd4>] (drm_host1x_init+0x2c/0x88)
[    3.851219] [<c04e5cd4>] (drm_host1x_init) from [<c04f5c6c>] (host1x_subdev_register+0xb8/0xd4)
[    3.859914] [<c04f5c6c>] (host1x_subdev_register) from [<c04f63bc>] (host1x_client_register+0xf4/0x11c)
[    3.869307] [<c04f63bc>] (host1x_client_register) from [<c04eed34>] (tegra_hdmi_probe+0x17c/0x244)
[    3.878269] [<c04eed34>] (tegra_hdmi_probe) from [<c0503458>] (platform_drv_probe+0x18/0x48)
[    3.886708] [<c0503458>] (platform_drv_probe) from [<c05020d0>] (driver_probe_device+0x114/0x22c)
[    3.895578] [<c05020d0>] (driver_probe_device) from [<c0500818>] (bus_for_each_drv+0x44/0x8c)
[    3.904102] [<c0500818>] (bus_for_each_drv) from [<c0501f84>] (device_attach+0x70/0x88)
[    3.912092] [<c0501f84>] (device_attach) from [<c0501690>] (bus_probe_device+0x84/0xa8)
[    3.920092] [<c0501690>] (bus_probe_device) from [<c0501a80>] (deferred_probe_work_func+0x60/0x8c)
[    3.929059] [<c0501a80>] (deferred_probe_work_func) from [<c0257a34>] (process_one_work+0x110/0x368)
[    3.938192] [<c0257a34>] (process_one_work) from [<c02580fc>] (worker_thread+0x13c/0x3ac)
[    3.946374] [<c02580fc>] (worker_thread) from [<c025d840>] (kthread+0xcc/0xe8)
[    3.953599] [<c025d840>] (kthread) from [<c020e7f8>] (ret_from_fork+0x14/0x3c)
[    3.960805] ---[ end trace 2728209d4e76583b ]---
[    3.965420] ------------[ cut here ]------------
[    3.970030] WARNING: CPU: 0 PID: 67 at drivers/gpu/drm/drm_crtc.c:94 drm_warn_on_modeset_not_all_locked+0x70/0x7c()
[    3.980454] Modules linked in:
[    3.983517] CPU: 0 PID: 67 Comm: kworker/u8:2 Tainted: G        W     3.14.0-rc7-next-20140319-49802-g86c990c #1
[    3.993681] Workqueue: deferwq deferred_probe_work_func
[    3.998907] [<c0215ba8>] (unwind_backtrace) from [<c02117e0>] (show_stack+0x10/0x14)
[    4.006649] [<c02117e0>] (show_stack) from [<c079bdac>] (dump_stack+0x78/0x94)
[    4.013875] [<c079bdac>] (dump_stack) from [<c0243370>] (warn_slowpath_common+0x64/0x88)
[    4.021952] [<c0243370>] (warn_slowpath_common) from [<c02433b0>] (warn_slowpath_null+0x1c/0x24)
[    4.030735] [<c02433b0>] (warn_slowpath_null) from [<c04d8bb8>] (drm_warn_on_modeset_not_all_locked+0x70/0x7c)
[    4.040730] [<c04d8bb8>] (drm_warn_on_modeset_not_all_locked) from [<c04c8668>] (drm_helper_disable_unused_functions+0xc/0x110)
[    4.052202] [<c04c8668>] (drm_helper_disable_unused_functions) from [<c04e73c4>] (tegra_drm_fb_init+0x88/0x10c)
[    4.062282] [<c04e73c4>] (tegra_drm_fb_init) from [<c04e60f8>] (tegra_drm_load+0x94/0xc0)
[    4.070466] [<c04e60f8>] (tegra_drm_load) from [<c04d41bc>] (drm_dev_register+0xa0/0x100)
[    4.078638] [<c04d41bc>] (drm_dev_register) from [<c04e5cd4>] (drm_host1x_init+0x2c/0x88)
[    4.086815] [<c04e5cd4>] (drm_host1x_init) from [<c04f5c6c>] (host1x_subdev_register+0xb8/0xd4)
[    4.095511] [<c04f5c6c>] (host1x_subdev_register) from [<c04f63bc>] (host1x_client_register+0xf4/0x11c)
[    4.104902] [<c04f63bc>] (host1x_client_register) from [<c04eed34>] (tegra_hdmi_probe+0x17c/0x244)
[    4.113861] [<c04eed34>] (tegra_hdmi_probe) from [<c0503458>] (platform_drv_probe+0x18/0x48)
[    4.122284] [<c0503458>] (platform_drv_probe) from [<c05020d0>] (driver_probe_device+0x114/0x22c)
[    4.131152] [<c05020d0>] (driver_probe_device) from [<c0500818>] (bus_for_each_drv+0x44/0x8c)
[    4.139672] [<c0500818>] (bus_for_each_drv) from [<c0501f84>] (device_attach+0x70/0x88)
[    4.147674] [<c0501f84>] (device_attach) from [<c0501690>] (bus_probe_device+0x84/0xa8)
[    4.155677] [<c0501690>] (bus_probe_device) from [<c0501a80>] (deferred_probe_work_func+0x60/0x8c)
[    4.164637] [<c0501a80>] (deferred_probe_work_func) from [<c0257a34>] (process_one_work+0x110/0x368)
[    4.173768] [<c0257a34>] (process_one_work) from [<c02580fc>] (worker_thread+0x13c/0x3ac)
[    4.181933] [<c02580fc>] (worker_thread) from [<c025d840>] (kthread+0xcc/0xe8)
[    4.189154] [<c025d840>] (kthread) from [<c020e7f8>] (ret_from_fork+0x14/0x3c)
[    4.196372] ---[ end trace 2728209d4e76583c ]---
[    4.200976] ------------[ cut here ]------------
[    4.205597] WARNING: CPU: 0 PID: 67 at drivers/gpu/drm/drm_crtc.c:96 drm_helper_disable_unused_functions+0xc/0x110()
[    4.216104] Modules linked in:
[    4.219157] CPU: 0 PID: 67 Comm: kworker/u8:2 Tainted: G        W     3.14.0-rc7-next-20140319-49802-g86c990c #1
[    4.229321] Workqueue: deferwq deferred_probe_work_func
[    4.234562] [<c0215ba8>] (unwind_backtrace) from [<c02117e0>] (show_stack+0x10/0x14)
[    4.242293] [<c02117e0>] (show_stack) from [<c079bdac>] (dump_stack+0x78/0x94)
[    4.249516] [<c079bdac>] (dump_stack) from [<c0243370>] (warn_slowpath_common+0x64/0x88)
[    4.257608] [<c0243370>] (warn_slowpath_common) from [<c02433b0>] (warn_slowpath_null+0x1c/0x24)
[    4.266392] [<c02433b0>] (warn_slowpath_null) from [<c04c8668>] (drm_helper_disable_unused_functions+0xc/0x110)
[    4.276477] [<c04c8668>] (drm_helper_disable_unused_functions) from [<c04e73c4>] (tegra_drm_fb_init+0x88/0x10c)
[    4.286561] [<c04e73c4>] (tegra_drm_fb_init) from [<c04e60f8>] (tegra_drm_load+0x94/0xc0)
[    4.294738] [<c04e60f8>] (tegra_drm_load) from [<c04d41bc>] (drm_dev_register+0xa0/0x100)
[    4.302901] [<c04d41bc>] (drm_dev_register) from [<c04e5cd4>] (drm_host1x_init+0x2c/0x88)
[    4.311075] [<c04e5cd4>] (drm_host1x_init) from [<c04f5c6c>] (host1x_subdev_register+0xb8/0xd4)
[    4.319768] [<c04f5c6c>] (host1x_subdev_register) from [<c04f63bc>] (host1x_client_register+0xf4/0x11c)
[    4.329159] [<c04f63bc>] (host1x_client_register) from [<c04eed34>] (tegra_hdmi_probe+0x17c/0x244)
[    4.338117] [<c04eed34>] (tegra_hdmi_probe) from [<c0503458>] (platform_drv_probe+0x18/0x48)
[    4.346553] [<c0503458>] (platform_drv_probe) from [<c05020d0>] (driver_probe_device+0x114/0x22c)
[    4.355423] [<c05020d0>] (driver_probe_device) from [<c0500818>] (bus_for_each_drv+0x44/0x8c)
[    4.363944] [<c0500818>] (bus_for_each_drv) from [<c0501f84>] (device_attach+0x70/0x88)
[    4.371934] [<c0501f84>] (device_attach) from [<c0501690>] (bus_probe_device+0x84/0xa8)
[    4.379934] [<c0501690>] (bus_probe_device) from [<c0501a80>] (deferred_probe_work_func+0x60/0x8c)
[    4.388892] [<c0501a80>] (deferred_probe_work_func) from [<c0257a34>] (process_one_work+0x110/0x368)
[    4.398022] [<c0257a34>] (process_one_work) from [<c02580fc>] (worker_thread+0x13c/0x3ac)
[    4.406200] [<c02580fc>] (worker_thread) from [<c025d840>] (kthread+0xcc/0xe8)
[    4.413423] [<c025d840>] (kthread) from [<c020e7f8>] (ret_from_fork+0x14/0x3c)
[    4.420629] ---[ end trace 2728209d4e76583d ]---
[    4.425245] ------------[ cut here ]------------
[    4.429854] WARNING: CPU: 0 PID: 67 at drivers/gpu/drm/drm_crtc_helper.c:232 drm_helper_encoder_in_use+0x68/0x70()
[    4.440188] Modules linked in:
[    4.443253] CPU: 0 PID: 67 Comm: kworker/u8:2 Tainted: G        W     3.14.0-rc7-next-20140319-49802-g86c990c #1
[    4.453419] Workqueue: deferwq deferred_probe_work_func
[    4.458643] [<c0215ba8>] (unwind_backtrace) from [<c02117e0>] (show_stack+0x10/0x14)
[    4.466385] [<c02117e0>] (show_stack) from [<c079bdac>] (dump_stack+0x78/0x94)
[    4.473610] [<c079bdac>] (dump_stack) from [<c0243370>] (warn_slowpath_common+0x64/0x88)
[    4.481688] [<c0243370>] (warn_slowpath_common) from [<c02433b0>] (warn_slowpath_null+0x1c/0x24)
[    4.490469] [<c02433b0>] (warn_slowpath_null) from [<c04c811c>] (drm_helper_encoder_in_use+0x68/0x70)
[    4.499687] [<c04c811c>] (drm_helper_encoder_in_use) from [<c04c86d8>] (drm_helper_disable_unused_functions+0x7c/0x110)
[    4.510464] [<c04c86d8>] (drm_helper_disable_unused_functions) from [<c04e73c4>] (tegra_drm_fb_init+0x88/0x10c)
[    4.520545] [<c04e73c4>] (tegra_drm_fb_init) from [<c04e60f8>] (tegra_drm_load+0x94/0xc0)
[    4.528721] [<c04e60f8>] (tegra_drm_load) from [<c04d41bc>] (drm_dev_register+0xa0/0x100)
[    4.536895] [<c04d41bc>] (drm_dev_register) from [<c04e5cd4>] (drm_host1x_init+0x2c/0x88)
[    4.545072] [<c04e5cd4>] (drm_host1x_init) from [<c04f5c6c>] (host1x_subdev_register+0xb8/0xd4)
[    4.553768] [<c04f5c6c>] (host1x_subdev_register) from [<c04f63bc>] (host1x_client_register+0xf4/0x11c)
[    4.563159] [<c04f63bc>] (host1x_client_register) from [<c04eed34>] (tegra_hdmi_probe+0x17c/0x244)
[    4.572104] [<c04eed34>] (tegra_hdmi_probe) from [<c0503458>] (platform_drv_probe+0x18/0x48)
[    4.580539] [<c0503458>] (platform_drv_probe) from [<c05020d0>] (driver_probe_device+0x114/0x22c)
[    4.589406] [<c05020d0>] (driver_probe_device) from [<c0500818>] (bus_for_each_drv+0x44/0x8c)
[    4.597928] [<c0500818>] (bus_for_each_drv) from [<c0501f84>] (device_attach+0x70/0x88)
[    4.605931] [<c0501f84>] (device_attach) from [<c0501690>] (bus_probe_device+0x84/0xa8)
[    4.613933] [<c0501690>] (bus_probe_device) from [<c0501a80>] (deferred_probe_work_func+0x60/0x8c)
[    4.622878] [<c0501a80>] (deferred_probe_work_func) from [<c0257a34>] (process_one_work+0x110/0x368)
[    4.632006] [<c0257a34>] (process_one_work) from [<c02580fc>] (worker_thread+0x13c/0x3ac)
[    4.640180] [<c02580fc>] (worker_thread) from [<c025d840>] (kthread+0xcc/0xe8)
[    4.647403] [<c025d840>] (kthread) from [<c020e7f8>] (ret_from_fork+0x14/0x3c)
[    4.654622] ---[ end trace 2728209d4e76583e ]---
[    4.659228] ------------[ cut here ]------------
[    4.663849] WARNING: CPU: 0 PID: 67 at drivers/gpu/drm/drm_crtc_helper.c:256 drm_helper_crtc_in_use+0x74/0x7c()
[    4.673924] Modules linked in:
[    4.676977] CPU: 0 PID: 67 Comm: kworker/u8:2 Tainted: G        W     3.14.0-rc7-next-20140319-49802-g86c990c #1
[    4.687142] Workqueue: deferwq deferred_probe_work_func
[    4.692366] [<c0215ba8>] (unwind_backtrace) from [<c02117e0>] (show_stack+0x10/0x14)
[    4.700107] [<c02117e0>] (show_stack) from [<c079bdac>] (dump_stack+0x78/0x94)
[    4.707331] [<c079bdac>] (dump_stack) from [<c0243370>] (warn_slowpath_common+0x64/0x88)
[    4.715421] [<c0243370>] (warn_slowpath_common) from [<c02433b0>] (warn_slowpath_null+0x1c/0x24)
[    4.724205] [<c02433b0>] (warn_slowpath_null) from [<c04c8198>] (drm_helper_crtc_in_use+0x74/0x7c)
[    4.733162] [<c04c8198>] (drm_helper_crtc_in_use) from [<c04c871c>] (drm_helper_disable_unused_functions+0xc0/0x110)
[    4.743680] [<c04c871c>] (drm_helper_disable_unused_functions) from [<c04e73c4>] (tegra_drm_fb_init+0x88/0x10c)
[    4.753767] [<c04e73c4>] (tegra_drm_fb_init) from [<c04e60f8>] (tegra_drm_load+0x94/0xc0)
[    4.761931] [<c04e60f8>] (tegra_drm_load) from [<c04d41bc>] (drm_dev_register+0xa0/0x100)
[    4.770104] [<c04d41bc>] (drm_dev_register) from [<c04e5cd4>] (drm_host1x_init+0x2c/0x88)
[    4.778280] [<c04e5cd4>] (drm_host1x_init) from [<c04f5c6c>] (host1x_subdev_register+0xb8/0xd4)
[    4.786976] [<c04f5c6c>] (host1x_subdev_register) from [<c04f63bc>] (host1x_client_register+0xf4/0x11c)
[    4.796368] [<c04f63bc>] (host1x_client_register) from [<c04eed34>] (tegra_hdmi_probe+0x17c/0x244)
[    4.805325] [<c04eed34>] (tegra_hdmi_probe) from [<c0503458>] (platform_drv_probe+0x18/0x48)
[    4.813763] [<c0503458>] (platform_drv_probe) from [<c05020d0>] (driver_probe_device+0x114/0x22c)
[    4.822620] [<c05020d0>] (driver_probe_device) from [<c0500818>] (bus_for_each_drv+0x44/0x8c)
[    4.831140] [<c0500818>] (bus_for_each_drv) from [<c0501f84>] (device_attach+0x70/0x88)
[    4.839139] [<c0501f84>] (device_attach) from [<c0501690>] (bus_probe_device+0x84/0xa8)
[    4.847141] [<c0501690>] (bus_probe_device) from [<c0501a80>] (deferred_probe_work_func+0x60/0x8c)
[    4.856098] [<c0501a80>] (deferred_probe_work_func) from [<c0257a34>] (process_one_work+0x110/0x368)
[    4.865229] [<c0257a34>] (process_one_work) from [<c02580fc>] (worker_thread+0x13c/0x3ac)
[    4.873406] [<c02580fc>] (worker_thread) from [<c025d840>] (kthread+0xcc/0xe8)
[    4.880618] [<c025d840>] (kthread) from [<c020e7f8>] (ret_from_fork+0x14/0x3c)
[    4.887834] ---[ end trace 2728209d4e76583f ]---
[    4.892443] ------------[ cut here ]------------
[    4.897065] WARNING: CPU: 0 PID: 67 at drivers/gpu/drm/drm_crtc_helper.c:256 drm_helper_crtc_in_use+0x74/0x7c()
[    4.907140] Modules linked in:
[    4.910193] CPU: 0 PID: 67 Comm: kworker/u8:2 Tainted: G        W     3.14.0-rc7-next-20140319-49802-g86c990c #1
[    4.920357] Workqueue: deferwq deferred_probe_work_func
[    4.925594] [<c0215ba8>] (unwind_backtrace) from [<c02117e0>] (show_stack+0x10/0x14)
[    4.933337] [<c02117e0>] (show_stack) from [<c079bdac>] (dump_stack+0x78/0x94)
[    4.940549] [<c079bdac>] (dump_stack) from [<c0243370>] (warn_slowpath_common+0x64/0x88)
[    4.948638] [<c0243370>] (warn_slowpath_common) from [<c02433b0>] (warn_slowpath_null+0x1c/0x24)
[    4.957422] [<c02433b0>] (warn_slowpath_null) from [<c04c8198>] (drm_helper_crtc_in_use+0x74/0x7c)
[    4.966380] [<c04c8198>] (drm_helper_crtc_in_use) from [<c04c871c>] (drm_helper_disable_unused_functions+0xc0/0x110)
[    4.976897] [<c04c871c>] (drm_helper_disable_unused_functions) from [<c04e73c4>] (tegra_drm_fb_init+0x88/0x10c)
[    4.986981] [<c04e73c4>] (tegra_drm_fb_init) from [<c04e60f8>] (tegra_drm_load+0x94/0xc0)
[    4.995157] [<c04e60f8>] (tegra_drm_load) from [<c04d41bc>] (drm_dev_register+0xa0/0x100)
[    5.003334] [<c04d41bc>] (drm_dev_register) from [<c04e5cd4>] (drm_host1x_init+0x2c/0x88)
[    5.011498] [<c04e5cd4>] (drm_host1x_init) from [<c04f5c6c>] (host1x_subdev_register+0xb8/0xd4)
[    5.020197] [<c04f5c6c>] (host1x_subdev_register) from [<c04f63bc>] (host1x_client_register+0xf4/0x11c)
[    5.029588] [<c04f63bc>] (host1x_client_register) from [<c04eed34>] (tegra_hdmi_probe+0x17c/0x244)
[    5.038546] [<c04eed34>] (tegra_hdmi_probe) from [<c0503458>] (platform_drv_probe+0x18/0x48)
[    5.046983] [<c0503458>] (platform_drv_probe) from [<c05020d0>] (driver_probe_device+0x114/0x22c)
[    5.055856] [<c05020d0>] (driver_probe_device) from [<c0500818>] (bus_for_each_drv+0x44/0x8c)
[    5.064379] [<c0500818>] (bus_for_each_drv) from [<c0501f84>] (device_attach+0x70/0x88)
[    5.072368] [<c0501f84>] (device_attach) from [<c0501690>] (bus_probe_device+0x84/0xa8)
[    5.080368] [<c0501690>] (bus_probe_device) from [<c0501a80>] (deferred_probe_work_func+0x60/0x8c)
[    5.089326] [<c0501a80>] (deferred_probe_work_func) from [<c0257a34>] (process_one_work+0x110/0x368)
[    5.098457] [<c0257a34>] (process_one_work) from [<c02580fc>] (worker_thread+0x13c/0x3ac)
[    5.106635] [<c02580fc>] (worker_thread) from [<c025d840>] (kthread+0xcc/0xe8)
[    5.113859] [<c025d840>] (kthread) from [<c020e7f8>] (ret_from_fork+0x14/0x3c)
[    5.121064] ---[ end trace 2728209d4e765840 ]---
[    5.125689] ------------[ cut here ]------------
[    5.130298] WARNING: CPU: 0 PID: 67 at drivers/gpu/drm/drm_crtc_helper.c:131 drm_helper_probe_single_connector_modes+0x330/0x350()
[    5.142020] Modules linked in:
[    5.145082] CPU: 0 PID: 67 Comm: kworker/u8:2 Tainted: G        W     3.14.0-rc7-next-20140319-49802-g86c990c #1
[    5.155247] Workqueue: deferwq deferred_probe_work_func
[    5.160471] [<c0215ba8>] (unwind_backtrace) from [<c02117e0>] (show_stack+0x10/0x14)
[    5.168213] [<c02117e0>] (show_stack) from [<c079bdac>] (dump_stack+0x78/0x94)
[    5.175438] [<c079bdac>] (dump_stack) from [<c0243370>] (warn_slowpath_common+0x64/0x88)
[    5.183529] [<c0243370>] (warn_slowpath_common) from [<c02433b0>] (warn_slowpath_null+0x1c/0x24)
[    5.192300] [<c02433b0>] (warn_slowpath_null) from [<c04c9564>] (drm_helper_probe_single_connector_modes+0x330/0x350)
[    5.202905] [<c04c9564>] (drm_helper_probe_single_connector_modes) from [<c04ca474>] (drm_fb_helper_probe_connector_modes+0x48/0x68)
[    5.214811] [<c04ca474>] (drm_fb_helper_probe_connector_modes) from [<c04cb5fc>] (drm_fb_helper_initial_config+0x134/0x4b8)
[    5.225935] [<c04cb5fc>] (drm_fb_helper_initial_config) from [<c04e73d0>] (tegra_drm_fb_init+0x94/0x10c)
[    5.235411] [<c04e73d0>] (tegra_drm_fb_init) from [<c04e60f8>] (tegra_drm_load+0x94/0xc0)
[    5.243587] [<c04e60f8>] (tegra_drm_load) from [<c04d41bc>] (drm_dev_register+0xa0/0x100)
[    5.251750] [<c04d41bc>] (drm_dev_register) from [<c04e5cd4>] (drm_host1x_init+0x2c/0x88)
[    5.259924] [<c04e5cd4>] (drm_host1x_init) from [<c04f5c6c>] (host1x_subdev_register+0xb8/0xd4)
[    5.268619] [<c04f5c6c>] (host1x_subdev_register) from [<c04f63bc>] (host1x_client_register+0xf4/0x11c)
[    5.278013] [<c04f63bc>] (host1x_client_register) from [<c04eed34>] (tegra_hdmi_probe+0x17c/0x244)
[    5.286971] [<c04eed34>] (tegra_hdmi_probe) from [<c0503458>] (platform_drv_probe+0x18/0x48)
[    5.295408] [<c0503458>] (platform_drv_probe) from [<c05020d0>] (driver_probe_device+0x114/0x22c)
[    5.304278] [<c05020d0>] (driver_probe_device) from [<c0500818>] (bus_for_each_drv+0x44/0x8c)
[    5.312788] [<c0500818>] (bus_for_each_drv) from [<c0501f84>] (device_attach+0x70/0x88)
[    5.320788] [<c0501f84>] (device_attach) from [<c0501690>] (bus_probe_device+0x84/0xa8)
[    5.328786] [<c0501690>] (bus_probe_device) from [<c0501a80>] (deferred_probe_work_func+0x60/0x8c)
[    5.337743] [<c0501a80>] (deferred_probe_work_func) from [<c0257a34>] (process_one_work+0x110/0x368)
[    5.346874] [<c0257a34>] (process_one_work) from [<c02580fc>] (worker_thread+0x13c/0x3ac)
[    5.355052] [<c02580fc>] (worker_thread) from [<c025d840>] (kthread+0xcc/0xe8)
[    5.362262] [<c025d840>] (kthread) from [<c020e7f8>] (ret_from_fork+0x14/0x3c)
[    5.369478] ---[ end trace 2728209d4e765841 ]---
[    5.374107] host1x drm: No connectors reported connected with modes
[    5.380364] [drm] Cannot find any crtc or sizes - going 1024x768
[    5.401414] Console: switching to colour frame buffer device 128x48
[    5.413718] host1x drm: fb0:  frame buffer device
[    5.418409] host1x drm: registered panic notifier
[    5.423106] [drm] Initialized tegra 0.0.0 20120330 on minor 0
[    5.429313] platform 7d004000.usb: Driver tegra-ehci requests probe deferral
[    5.436710] platform 7d008000.usb: Driver tegra-ehci requests probe deferral
[    5.448102] tegra-ehci 7d004000.usb: EHCI Host Controller
[    5.453514] tegra-ehci 7d004000.usb: new USB bus registered, assigned bus number 1
[    5.461711] tegra-ehci 7d004000.usb: irq 53, io mem 0x7d004000
[    5.483140] tegra-ehci 7d004000.usb: USB 2.0 started, EHCI 1.00
[    5.489492] hub 1-0:1.0: USB hub found
[    5.493277] hub 1-0:1.0: 1 port detected
[    5.497623] tegra-ehci 7d008000.usb: EHCI Host Controller
[    5.503019] tegra-ehci 7d008000.usb: new USB bus registered, assigned bus number 2
[    5.510771] tegra-ehci 7d008000.usb: irq 129, io mem 0x7d008000
[    5.533145] tegra-ehci 7d008000.usb: USB 2.0 started, EHCI 1.00
[    5.539450] hub 2-0:1.0: USB hub found
[    5.543227] hub 2-0:1.0: 1 port detected
[    5.551111] tps65910-rtc tps65910-rtc: setting system clock to 2000-01-01 00:00:04 UTC (946684804)
[    5.564033] ALSA device list:
[    5.567002]   #0: NVIDIA Tegra Beaver
[    5.573203] EXT4-fs (mmcblk0p1): mounting ext3 file system using the ext4 subsystem
[    5.597506] EXT4-fs (mmcblk0p1): warning: mounting fs with errors, running e2fsck is recommended
[    5.607899] EXT4-fs (mmcblk0p1): recovery complete
[    5.612685] EXT4-fs (mmcblk0p1): mounted filesystem with ordered data mode. Opts: (null)
[    5.620796] VFS: Mounted root (ext3 filesystem) on device 179:1.
[    5.645420] devtmpfs: mounted
[    5.648833] Freeing unused kernel memory: 540K (c0a32000 - c0ab9000)
[    5.741909] Internal error: Oops - undefined instruction: 0 [#1] SMP ARM
