
U-Boot SPL 2015.04-rc3-00209-ga74ef40 (Mar 16 2015 - 14:43:39)


U-Boot 2015.04-rc3-00209-ga74ef40 (Mar 16 2015 - 14:43:39)

TEGRA20
Model: Compulab TrimSlice board
DRAM:  1 GiB
MMC:   Tegra SD/MMC: 0, Tegra SD/MMC: 1
SF: Detected W25Q80BL with page size 256 Bytes, erase size 4 KiB, total 1 MiB
tegra-pcie: PCI regions:
tegra-pcie:   I/O: 0x82000000-0x82010000
tegra-pcie:   non-prefetchable memory: 0xa0000000-0xa8000000
tegra-pcie:   prefetchable memory: 0xa8000000-0xc0000000
tegra-pcie: dual-mode configuration
tegra-pcie: probing port 0, using 2 lanes
In:    serial
Out:   serial
Err:   serial
Net:   RTL8169#0
Hit any key to stop autoboot:  2  0 
Tegra20 (TrimSlice) # 
Tegra20 (TrimSlice) # usb reset
resetting USB...
USB0:   USB EHCI 1.00
scanning bus 0 for devices... 3 USB Device(s) found
USB1:   USB EHCI 1.00
scanning bus 1 for devices... 1 USB Device(s) found
USB2:   lowlevel init failed
       scanning usb for storage devices... 0 Storage Device(s) found
       scanning usb for ethernet devices... 
Warning: asx0 using MAC address from net device
1 Ethernet Device(s) found
Tegra20 (TrimSlice) # setenv bootargs 'ignore_loglevel console=ttyS0,115200n8 rw root=PARTUUID=11eb23c1-01 rootwait gpt debug noinitrd earlyprintk init=/bin/bash'
Tegra20 (TrimSlice) # setenv ipaddr 192.168.100.103; setenv serverip 192.168.100.1; setenv tftpserverip 192.168.100.1
Tegra20 (TrimSlice) # tftpboot 0x00408000 zImage.multi_v7_defconfig
Using RTL8169#0 device
TFTP from server 192.168.100.1; our IP address is 192.168.100.103
Filename 'zImage.multi_v7_defconfig'.
Load address: 0x408000
Loading: *#################################################################
	 #################################################################
	 #################################################################
	 #################################################################
	 #################################################################
	 #################################################################
	 #################################################################
	 #######################################
	 4.1 MiB/s
done
Bytes transferred = 7248848 (6e9bd0 hex)
Tegra20 (TrimSlice) # tftpboot 0x02408000 tegra20-trimslice.dtb
Using RTL8169#0 device
TFTP from server 192.168.100.1; our IP address is 192.168.100.103
Filename 'tegra20-trimslice.dtb'.
Load address: 0x2408000
Loading: *##
	 3.4 MiB/s
done
Bytes transferred = 21172 (52b4 hex)
Tegra20 (TrimSlice) # bootz 0x00408000 - 0x02408000
Kernel image @ 0x408000 [ 0x000000 - 0x6e9bd0 ]
## Flattened Device Tree blob at 02408000
   Booting using the fdt blob at 0x2408000
   Using Device Tree in place at 02408000, end 024102b3

Starting kernel ...

[    0.000000] Booting Linux on physical CPU 0x0
[    0.000000] Linux version 4.7.0-rc2-next-20160607-97824-g7b95734 (pwalmsley@sellafield) (gcc version 4.7.3 20130328 (prerelease) (crosstool-NG linaro-1.13.1-4.7-2013.04-20130415 - Linaro GCC 2013.04) ) #1 SMP Mon Jun 6 22:19:22 PDT 2016
[    0.000000] CPU: ARMv7 Processor [411fc090] revision 0 (ARMv7), cr=10c5387d
[    0.000000] CPU: PIPT / VIPT nonaliasing data cache, VIPT aliasing instruction cache
[    0.000000] Machine model: Compulab TrimSlice board
[    0.000000] debug: ignoring loglevel setting.
[    0.000000] cma: Reserved 64 MiB at 0x3c000000
[    0.000000] Memory policy: Data cache writealloc
[    0.000000] On node 0 totalpages: 262144
[    0.000000] free_area_init_node: node 0, pgdat c141c100, node_mem_map ef7f8000
[    0.000000]   DMA zone: 1536 pages used for memmap
[    0.000000]   DMA zone: 0 pages reserved
[    0.000000]   DMA zone: 196608 pages, LIFO batch:31
[    0.000000]   HighMem zone: 65536 pages, LIFO batch:15
[    0.000000] percpu: Embedded 13 pages/cpu @ef7c9000 s23808 r8192 d21248 u53248
[    0.000000] pcpu-alloc: s23808 r8192 d21248 u53248 alloc=13*4096
[    0.000000] pcpu-alloc: [0] 0 [0] 1 
[    0.000000] Built 1 zonelists in Zone order, mobility grouping on.  Total pages: 260608
[    0.000000] Kernel command line: ignore_loglevel console=ttyS0,115200n8 rw root=PARTUUID=11eb23c1-01 rootwait gpt debug noinitrd earlyprintk init=/bin/bash
[    0.000000] PID hash table entries: 4096 (order: 2, 16384 bytes)
[    0.000000] Dentry cache hash table entries: 131072 (order: 7, 524288 bytes)
[    0.000000] Inode-cache hash table entries: 65536 (order: 6, 262144 bytes)
[    0.000000] Memory: 955928K/1048576K available (9529K kernel code, 1144K rwdata, 4480K rodata, 2048K init, 342K bss, 27112K reserved, 65536K cma-reserved, 196608K highmem)
[    0.000000] Virtual kernel memory layout:
[    0.000000]     vector  : 0xffff0000 - 0xffff1000   (   4 kB)
[    0.000000]     fixmap  : 0xffc00000 - 0xfff00000   (3072 kB)
[    0.000000]     vmalloc : 0xf0800000 - 0xff800000   ( 240 MB)
[    0.000000]     lowmem  : 0xc0000000 - 0xf0000000   ( 768 MB)
[    0.000000]     pkmap   : 0xbfe00000 - 0xc0000000   (   2 MB)
[    0.000000]     modules : 0xbf000000 - 0xbfe00000   (  14 MB)
[    0.000000]       .text : 0xc0208000 - 0xc10ae60c   (15002 kB)
[    0.000000]       .init : 0xc1100000 - 0xc1300000   (2048 kB)
[    0.000000]       .data : 0xc1300000 - 0xc141e160   (1145 kB)
[    0.000000]        .bss : 0xc1420000 - 0xc1475920   ( 343 kB)
[    0.000000] SLUB: HWalign=64, Order=0-3, MinObjects=0, CPUs=2, Nodes=1
[    0.000000] Hierarchical RCU implementation.
[    0.000000] 	Build-time adjustment of leaf fanout to 32.
[    0.000000] 	RCU restricting CPUs from NR_CPUS=16 to nr_cpu_ids=2.
[    0.000000] RCU: Adjusting geometry for rcu_fanout_leaf=32, nr_cpu_ids=2
[    0.000000] NR_IRQS:16 nr_irqs:16 16
[    0.000000] /interrupt-controller@60004000: 128 interrupts forwarded to /interrupt-controller@50041000
[    0.000000] L2C: platform modifies aux control register: 0x02080000 -> 0x3e480001
[    0.000000] L2C: DT/platform modifies aux control register: 0x02080000 -> 0x3e480001
[    0.000000] L2C-310 errata 727915 769419 enabled
[    0.000000] L2C-310 enabling early BRESP for Cortex-A9
[    0.000000] L2C-310: enabling full line of zeros but not enabled in Cortex-A9
[    0.000000] L2C-310 ID prefetch enabled, offset 1 lines
[    0.000000] L2C-310 cache controller enabled, 8 ways, 1024 kB
[    0.000000] L2C-310: CACHE_ID 0x410000c4, AUX_CTRL 0x7e480001
[    0.000010] sched_clock: 32 bits at 1000kHz, resolution 1000ns, wraps every 2147483647500ns
[    0.000026] clocksource: timer_us: mask: 0xffffffff max_cycles: 0xffffffff, max_idle_ns: 1911260446275 ns
[    0.000037] Switching to timer-based delay loop, resolution 1000ns
[    0.001666] Console: colour dummy device 80x30
[    0.001688] Calibrating delay loop (skipped), value calculated using timer frequency.. 2.00 BogoMIPS (lpj=5000)
[    0.001699] pid_max: default: 32768 minimum: 301
[    0.001773] Mount-cache hash table entries: 2048 (order: 1, 8192 bytes)
[    0.001782] Mountpoint-cache hash table entries: 2048 (order: 1, 8192 bytes)
[    0.002276] CPU: Testing write buffer coherency: ok
[    0.002459] CPU0: thread -1, cpu 0, socket 0, mpidr 80000000
[    0.002482] Setting up static identity map for 0x300000 - 0x300098
[    0.003985] Tegra Revision: A03 prime SKU: 8 CPU Process: 1 SoC Process: 2
[    0.005019] CPU1: thread -1, cpu 1, socket 0, mpidr 80000001
[    0.005083] Brought up 2 CPUs
[    0.005096] SMP: Total of 2 processors activated (4.00 BogoMIPS).
[    0.005101] CPU: All CPU(s) started in SVC mode.
[    0.005757] devtmpfs: initialized
[    0.009671] VFP support v0.3: implementor 41 architecture 3 part 30 variant 9 rev 1
[    0.009935] clocksource: jiffies: mask: 0xffffffff max_cycles: 0xffffffff, max_idle_ns: 9556302231375000 ns
[    0.012816] pinctrl core: initialized pinctrl subsystem
[    0.014036] NET: Registered protocol family 16
[    0.016164] DMA: preallocated 256 KiB pool for atomic coherent allocations
[    0.029915] cpuidle: using governor menu
[    0.041565] No ATAGs?
[    0.041586] hw-breakpoint: found 5 (+1 reserved) breakpoint and 1 watchpoint registers.
[    0.041594] hw-breakpoint: maximum watchpoint size is 4 bytes.
[    0.045190] Serial: AMBA PL011 UART driver
[    0.073315] usb1_vbus: Failed to request enable GPIO170: -517
[    0.073329] reg-fixed-voltage regulators:regulator@2: Failed to register regulator: -517
[    0.077029] vgaarb: loaded
[    0.077618] SCSI subsystem initialized
[    0.077739] libata version 3.00 loaded.
[    0.077937] usbcore: registered new interface driver usbfs
[    0.077982] usbcore: registered new interface driver hub
[    0.078022] usbcore: registered new device driver usb
[    0.080190] pps_core: LinuxPPS API ver. 1 registered
[    0.080198] pps_core: Software ver. 5.3.6 - Copyright 2005-2007 Rodolfo Giometti <giometti@linux.it>
[    0.080214] PTP clock support registered
[    0.080363] EDAC MC: Ver: 3.0.0
[    0.082163] clocksource: Switched to clocksource timer_us
[    0.089887] NET: Registered protocol family 2
[    0.090320] TCP established hash table entries: 8192 (order: 3, 32768 bytes)
[    0.090391] TCP bind hash table entries: 8192 (order: 4, 65536 bytes)
[    0.090505] TCP: Hash tables configured (established 8192 bind 8192)
[    0.090593] UDP hash table entries: 512 (order: 2, 16384 bytes)
[    0.090641] UDP-Lite hash table entries: 512 (order: 2, 16384 bytes)
[    0.090777] NET: Registered protocol family 1
[    0.091000] RPC: Registered named UNIX socket transport module.
[    0.091008] RPC: Registered udp transport module.
[    0.091013] RPC: Registered tcp transport module.
[    0.091019] RPC: Registered tcp NFSv4.1 backchannel transport module.
[    0.091027] PCI: CLS 0 bytes, default 64
[    0.091826] hw perfevents: enabled with armv7_cortex_a9 PMU driver, 7 counters available
[    0.092807] futex hash table entries: 512 (order: 3, 32768 bytes)
[    0.093374] workingset: timestamp_bits=28 max_order=18 bucket_order=0
[    0.100816] squashfs: version 4.0 (2009/01/31) Phillip Lougher
[    0.101419] NFS: Registering the id_resolver key type
[    0.101453] Key type id_resolver registered
[    0.101459] Key type id_legacy registered
[    0.101491] ntfs: driver 2.1.32 [Flags: R/O].
[    0.102470] bounce: pool size: 64 pages
[    0.102623] Block layer SCSI generic (bsg) driver version 0.4 loaded (major 248)
[    0.102632] io scheduler noop registered
[    0.102638] io scheduler deadline registered
[    0.102663] io scheduler cfq registered (default)
[    0.114480] tegra-pcie 80003000.pcie-controller: dual-mode configuration
[    0.115194] tegra-pcie 80003000.pcie-controller: probing port 0, using 2 lanes
[    0.197570] tegra-pcie 80003000.pcie-controller: PCI host bridge to bus 0000:00
[    0.197582] pci_bus 0000:00: root bus resource [io  0x0000-0xffff]
[    0.197592] pci_bus 0000:00: root bus resource [mem 0xa0000000-0xa7ffffff]
[    0.197600] pci_bus 0000:00: root bus resource [mem 0xa8000000-0xbfffffff pref]
[    0.197609] pci_bus 0000:00: root bus resource [bus 00-ff]
[    0.197642] pci 0000:00:01.0: [10de:0bf0] type 01 class 0x060000
[    0.197702] pci 0000:00:01.0: PME# supported from D0 D1 D2 D3hot D3cold
[    0.197895] PCI: bus0: Fast back to back transfers disabled
[    0.197906] pci 0000:00:01.0: bridge configuration invalid ([bus 00-00]), reconfiguring
[    0.198032] pci 0000:01:00.0: [10ec:8168] type 00 class 0x020000
[    0.198055] pci 0000:01:00.0: reg 0x10: [io  0x0000-0x00ff]
[    0.198076] pci 0000:01:00.0: reg 0x18: [mem 0x00000000-0x00000fff 64bit pref]
[    0.198093] pci 0000:01:00.0: reg 0x20: [mem 0x00000000-0x00003fff 64bit pref]
[    0.198105] pci 0000:01:00.0: reg 0x30: [mem 0x00000000-0x0001ffff pref]
[    0.198181] pci 0000:01:00.0: supports D1 D2
[    0.198189] pci 0000:01:00.0: PME# supported from D0 D1 D2 D3hot D3cold
[    0.207199] PCI: bus1: Fast back to back transfers disabled
[    0.207212] pci_bus 0000:01: busn_res: [bus 01-ff] end is updated to 01
[    0.207224] Disabling cpuidle LP2 state, since PCIe IRQs are in use
[    0.207279] pci 0000:00:01.0: BAR 8: assigned [mem 0xa0000000-0xa00fffff]
[    0.207292] pci 0000:00:01.0: BAR 9: assigned [mem 0xa8000000-0xa80fffff 64bit pref]
[    0.207301] pci 0000:00:01.0: BAR 7: assigned [io  0x1000-0x1fff]
[    0.207314] pci 0000:01:00.0: BAR 6: assigned [mem 0xa0000000-0xa001ffff pref]
[    0.207324] pci 0000:01:00.0: BAR 4: assigned [mem 0xa8000000-0xa8003fff 64bit pref]
[    0.207341] pci 0000:01:00.0: BAR 2: assigned [mem 0xa8004000-0xa8004fff 64bit pref]
[    0.207357] pci 0000:01:00.0: BAR 0: assigned [io  0x1000-0x10ff]
[    0.207368] pci 0000:00:01.0: PCI bridge to [bus 01]
[    0.207376] pci 0000:00:01.0:   bridge window [io  0x1000-0x1fff]
[    0.207385] pci 0000:00:01.0:   bridge window [mem 0xa0000000-0xa00fffff]
[    0.207393] pci 0000:00:01.0:   bridge window [mem 0xa8000000-0xa80fffff 64bit pref]
[    0.207414] pci 0000:00:01.0: nv_msi_ht_cap_quirk didn't locate host bridge
[    0.207481] pcieport 0000:00:01.0: enabling device (0140 -> 0143)
[    0.207628] pcieport 0000:00:01.0: Signaling PME through PCIe PME interrupt
[    0.207637] pci 0000:01:00.0: Signaling PME through PCIe PME interrupt
[    0.207647] pcie_pme 0000:00:01.0:pcie001: service driver pcie_pme loaded
[    0.211440] tegra-apbdma 6000a000.dma: Tegra20 APB DMA driver register 16 channels
[    0.257128] Serial: 8250/16550 driver, 4 ports, IRQ sharing disabled
[    0.259469] console [ttyS0] disabled
[    0.259503] 70006000.serial: ttyS0 at MMIO 0x70006000 (irq = 279, base_baud = 13500000) is a Tegra
[    1.204359] console [ttyS0] enabled
[    1.208462] SuperH (H)SCI(F) driver initialized
[    1.213780] msm_serial: driver initialized
[    1.218030] STMicroelectronics ASC driver initialized
[    1.225815] [drm] Initialized drm 1.1.0 20060810
[    1.232770] 54280000.hdmi supply hdmi not found, using dummy regulator
[    1.242515] [drm] Supports vblank timestamp caching Rev 2 (21.10.2013).
[    1.249129] [drm] No driver support for vblank timestamp query.
[    1.255068] drm drm: No connectors reported connected with modes
[    1.261077] [drm] Cannot find any crtc or sizes - going 1024x768
[    1.283138] Console: switching to colour frame buffer device 128x48
[    1.297821] drm drm: fb0:  frame buffer device
[    1.317175] [drm] Initialized tegra 0.0.0 20120330 on minor 0
[    1.331532] brd: module loaded
[    1.338776] loop: module loaded
[    1.347499] m25p80 spi32766.0: found s25fl008k, expected w25q80bl
[    1.353601] m25p80 spi32766.0: s25fl008k (1024 Kbytes)
[    1.361086] libphy: Fixed MDIO Bus: probed
[    1.365713] CAN device driver interface
[    1.371044] igb: Intel(R) Gigabit Ethernet Network Driver - version 5.3.0-k
[    1.378003] igb: Copyright (c) 2007-2014 Intel Corporation.
[    1.384104] r8169 Gigabit Ethernet driver 2.3LK-NAPI loaded
[    1.389699] r8169 0000:01:00.0: enabling device (0140 -> 0143)
[    1.396289] r8169 0000:01:00.0 eth0: RTL8168d/8111d at 0xf0878000, 00:01:c0:13:7d:63, XID 081000c0 IRQ 296
[    1.405944] r8169 0000:01:00.0 eth0: jumbo features [frames: 9200 bytes, tx checksumming: ko]
[    1.416458] pegasus: v0.9.3 (2013/04/25), Pegasus/Pegasus II USB Ethernet driver
[    1.423912] usbcore: registered new interface driver pegasus
[    1.429622] usbcore: registered new interface driver asix
[    1.435054] usbcore: registered new interface driver ax88179_178a
[    1.441181] usbcore: registered new interface driver cdc_ether
[    1.447058] usbcore: registered new interface driver smsc75xx
[    1.452853] usbcore: registered new interface driver smsc95xx
[    1.458630] usbcore: registered new interface driver net1080
[    1.464319] usbcore: registered new interface driver cdc_subset
[    1.470274] usbcore: registered new interface driver zaurus
[    1.475910] usbcore: registered new interface driver cdc_ncm
[    1.481857] tegra-phy c5004000.usb-phy: no vbus regulator
[    1.488352] tegra-phy c5008000.usb-phy: no vbus regulator
[    1.495203] ehci_hcd: USB 2.0 'Enhanced' Host Controller (EHCI) Driver
[    1.501733] ehci-pci: EHCI PCI platform driver
[    1.506213] ehci-platform: EHCI generic platform driver
[    1.511605] ehci-omap: OMAP-EHCI Host Controller driver
[    1.516939] ehci-orion: EHCI orion driver
[    1.521059] SPEAr-ehci: EHCI SPEAr driver
[    1.525182] ehci-st: EHCI STMicroelectronics driver
[    1.530178] ehci-exynos: EHCI EXYNOS driver
[    1.534490] ehci-atmel: EHCI Atmel driver
[    1.538612] tegra-ehci: Tegra EHCI driver
[    1.542797] ------------[ cut here ]------------
[    1.547430] WARNING: CPU: 1 PID: 1 at drivers/reset/core.c:224 __of_reset_control_get+0x1bc/0x228
[    1.556291] Modules linked in:
[    1.559353] CPU: 1 PID: 1 Comm: swapper/0 Not tainted 4.7.0-rc2-next-20160607-97824-g7b95734 #1
[    1.568030] Hardware name: NVIDIA Tegra SoC (Flattened Device Tree)
[    1.574307] [<c030f9a8>] (unwind_backtrace) from [<c030b088>] (show_stack+0x10/0x14)
[    1.582038] [<c030b088>] (show_stack) from [<c0587468>] (dump_stack+0x84/0xa4)
[    1.589253] [<c0587468>] (dump_stack) from [<c0341b8c>] (__warn+0xd4/0x100)
[    1.596202] [<c0341b8c>] (__warn) from [<c0341bd8>] (warn_slowpath_null+0x20/0x28)
[    1.603757] [<c0341bd8>] (warn_slowpath_null) from [<c06a1e20>] (__of_reset_control_get+0x1bc/0x228)
[    1.612880] [<c06a1e20>] (__of_reset_control_get) from [<c09144cc>] (tegra_ehci_probe+0x2d0/0x51c)
[    1.621824] [<c09144cc>] (tegra_ehci_probe) from [<c077af40>] (platform_drv_probe+0x50/0xb0)
[    1.630251] [<c077af40>] (platform_drv_probe) from [<c07798a4>] (driver_probe_device+0x1f4/0x2b0)
[    1.639108] [<c07798a4>] (driver_probe_device) from [<c0779a0c>] (__driver_attach+0xac/0xb0)
[    1.647529] [<c0779a0c>] (__driver_attach) from [<c0777eb8>] (bus_for_each_dev+0x54/0x88)
[    1.655691] [<c0777eb8>] (bus_for_each_dev) from [<c0778e98>] (bus_add_driver+0xe8/0x1f4)
[    1.663853] [<c0778e98>] (bus_add_driver) from [<c077a228>] (driver_register+0x78/0xf4)
[    1.671840] [<c077a228>] (driver_register) from [<c0301e5c>] (do_one_initcall+0x3c/0x16c)
[    1.680006] [<c0301e5c>] (do_one_initcall) from [<c1100d80>] (kernel_init_freeable+0x120/0x1ec)
[    1.688690] [<c1100d80>] (kernel_init_freeable) from [<c0b5e5a4>] (kernel_init+0x8/0x118)
[    1.696851] [<c0b5e5a4>] (kernel_init) from [<c0307f78>] (ret_from_fork+0x14/0x3c)
[    1.704433] ---[ end trace 39019e1f586a79cb ]---
[    1.709052] tegra-ehci c5000000.usb: can't get utmi-pads reset from the PHY
[    1.716008] tegra-ehci c5000000.usb: continuing, but please update your DT
[    1.743370] ulpi_phy_power_on: ulpi write failed
[    1.747991] tegra-ehci c5004000.usb: Failed to power on the phy
[    1.753920] tegra-ehci: probe of c5004000.usb failed with error -110
[    1.762913] tegra-ehci c5008000.usb: EHCI Host Controller
[    1.768328] tegra-ehci c5008000.usb: new USB bus registered, assigned bus number 1
[    1.776148] tegra-ehci c5008000.usb: irq 290, io mem 0xc5008000
[    1.787182] tegra-ehci c5008000.usb: USB 2.0 started, EHCI 1.00
[    1.793712] hub 1-0:1.0: USB hub found
[    1.797506] hub 1-0:1.0: 1 port detected
[    1.801722] ohci_hcd: USB 1.1 'Open' Host Controller (OHCI) Driver
[    1.807918] ohci-pci: OHCI PCI platform driver
[    1.812407] ohci-platform: OHCI generic platform driver
[    1.817799] ohci-omap3: OHCI OMAP3 driver
[    1.821905] SPEAr-ohci: OHCI SPEAr driver
[    1.826041] ohci-st: OHCI STMicroelectronics driver
[    1.831031] ohci-atmel: OHCI Atmel driver
[    1.835644] usbcore: registered new interface driver usb-storage
[    1.842951] mousedev: PS/2 mouse device common for all mice
[    1.850264] rtc-em3027 2-0056: rtc core: registered rtc-em3027 as rtc0
[    1.857984] tegra_rtc 7000e000.rtc: rtc core: registered 7000e000.rtc as rtc1
[    1.865153] tegra_rtc 7000e000.rtc: Tegra internal Real Time Clock
[    1.871755] i2c /dev entries driver
[    1.884519] sdhci: Secure Digital Host Controller Interface driver
[    1.890711] sdhci: Copyright(c) Pierre Ossman
[    1.896278] Synopsys Designware Multimedia Card Interface Driver
[    1.903161] sdhci-pltfm: SDHCI platform and OF driver helper
[    1.909756] mmc0: Invalid maximum block size, assuming 512 bytes
[    1.942183] mmc0: SDHCI controller on c8000000.sdhci [c8000000.sdhci] using ADMA
[    1.949691] sdhci-tegra c8000600.sdhci: Got CD GPIO
[    1.954585] sdhci-tegra c8000600.sdhci: Got WP GPIO
[    1.959622] mmc1: Invalid maximum block size, assuming 512 bytes
[    1.992265] mmc1: SDHCI controller on c8000600.sdhci [c8000600.sdhci] using ADMA
[    2.000884] ledtrig-cpu: registered to indicate activity on CPUs
[    2.007183] usbcore: registered new interface driver usbhid
[    2.012753] usbhid: USB HID core driver
[    2.021086] NET: Registered protocol family 10
[    2.026237] sit: IPv6 over IPv4 tunneling driver
[    2.031338] NET: Registered protocol family 17
[    2.035797] can: controller area network core (rev 20120528 abi 9)
[    2.042026] NET: Registered protocol family 29
[    2.046471] can: raw protocol (rev 20120528)
[    2.050742] can: broadcast manager protocol (rev 20120528 t)
[    2.056401] can: netlink gateway (rev 20130117) max_hops=1
[    2.062218] Key type dns_resolver registered
[    2.066832] ThumbEE CPU extension supported.
[    2.071113] Registering SWP/SWPB emulation handler
[    2.080893] utmi_phy_clk_enable: timeout waiting for phy to stabilize
[    2.087382] tegra-ehci c5000000.usb: EHCI Host Controller
[    2.092826] tegra-ehci c5000000.usb: new USB bus registered, assigned bus number 2
[    2.100734] tegra-ehci c5000000.usb: irq 288, io mem 0xc5000000
[    2.119203] mmc0: host does not support reading read-only switch, assuming write-enable
[    2.129025] mmc0: new high speed SDHC card at address b368
[    2.134840] mmcblk0: mmc0:b368 NCard 3.70 GiB 
[    2.141163]  mmcblk0: p1
[    2.182186] usb 1-1: new high-speed USB device number 2 using tegra-ehci
[    2.192220] tegra-ehci c5000000.usb: USB 2.0 started, EHCI 1.00
[    2.199162] hub 2-0:1.0: USB hub found
[    2.203004] hub 2-0:1.0: 1 port detected
[    2.208356] input: gpio-keys as /devices/soc0/gpio-keys/input/input0
[    2.215037] mmc1: new high speed SD card at address b368
[    2.215474] rtc-em3027 2-0056: hctosys: unable to read the hardware clock
[    2.227755] mmcblk1: mmc1:b368 NCard 1.83 GiB (ro)
[    2.235206]  mmcblk1: p1 p2
[    2.239655] EXT4-fs (mmcblk0p1): mounting ext3 file system using the ext4 subsystem
[    2.328493] hub 1-1:1.0: USB hub found
[    2.332419] hub 1-1:1.0: 4 ports detected
[    2.480603] EXT4-fs (mmcblk0p1): recovery complete
[    2.559666] EXT4-fs (mmcblk0p1): mounted filesystem with ordered data mode. Opts: (null)
[    2.567890] VFS: Mounted root (ext3 filesystem) on device 179:1.
[    2.577968] devtmpfs: mounted
[    2.586834] Freeing unused kernel memory: 2048K (c1100000 - c1300000)
[    2.627260] usb 1-1.2: new high-speed USB device number 3 using tegra-ehci
bash: cannot set terminal process group (-1): Inappropriate ioctl for device
bash: no job control in this shell
root@(none):/# [    3.545693] asix 1-1.2:1.0 eth1: register 'asix' at usb-c5008000.usb-1.2, ASIX AX88772 USB 2.0 Ethernet, 00:60:6e:60:6c:68
mount -t sysfs none /sys
root@(none):/# 
root@(none):/# mount -t debugfs none /sys/kernel/debug
root@(none):/# 
root@(none):/# rtcwake -d rtc1 -m mem -s 3
rtcwake: assuming RTC uses UTC ...
rtcwake: wakeup from "mem" using /dev/rtc1 at Thu Jan  1 00:00:22 1970
[    6.333699] PM: Syncing filesystems ... done.
[    6.380247] Freezing user space processes ... (elapsed 0.001 seconds) done.
[    6.388815] Freezing remaining freezable tasks ... (elapsed 0.001 seconds) done.
[    6.397935] Suspending console(s) (use no_console_suspend to debug)
[    6.435567] PM: suspend of devices complete after 28.746 msecs
[    6.439407] PM: late suspend of devices complete after 3.808 msecs
[    6.457822] PM: noirq suspend of devices complete after 18.384 msecs
[    6.457833] Disabling non-boot CPUs ...
[    6.459621] CPU1: shutdown
[    6.485332] Entering suspend state LP1
[    6.485383] Enabling non-boot CPUs ...
[    6.511458] CPU1 is up
[    6.512478] pcieport 0000:00:01.0: nv_msi_ht_cap_quirk didn't locate host bridge
[    6.527464] PM: noirq resume of devices complete after 15.973 msecs
[    6.531066] PM: early resume of devices complete after 2.870 msecs
[    6.595661] PM: resume of devices complete after 64.561 msecs
[    6.659773] Restarting tasks ... done.
root@(none):/# 
root@(none):/# rtcwake -d rtc1 -m mem -s 3
rtcwake: assuming RTC uses UTC ...
rtcwake: wakeup from "mem" using /dev/rtc1 at Thu Jan  1 00:00:26 1970
[    7.351375] PM: Syncing filesystems ... done.
[    7.396833] Freezing user space processes ... (elapsed 0.001 seconds) done.
[    7.405445] Freezing remaining freezable tasks ... (elapsed 0.001 seconds) done.
[    7.414628] Suspending console(s) (use no_console_suspend to debug)
[    7.449992] PM: suspend of devices complete after 26.435 msecs
[    7.453685] PM: late suspend of devices complete after 3.662 msecs
[    7.467745] PM: noirq suspend of devices complete after 14.028 msecs
[    7.467756] Disabling non-boot CPUs ...
[    7.469536] CPU1: shutdown
[    7.495264] Entering suspend state LP1
[    7.495315] Enabling non-boot CPUs ...
[    7.521359] CPU1 is up
[    7.522933] pcieport 0000:00:01.0: nv_msi_ht_cap_quirk didn't locate host bridge
[    7.537440] PM: noirq resume of devices complete after 16.047 msecs
[    7.541064] PM: early resume of devices complete after 2.904 msecs
[    7.610724] PM: resume of devices complete after 69.627 msecs
[    7.674804] Restarting tasks ... done.
root@(none):/# 
root@(none):/# rtcwake -d rtc1 -m mem -s 3
rtcwake: assuming RTC uses UTC ...
rtcwake: wakeup from "mem" using /dev/rtc1 at Thu Jan  1 00:00:30 1970
[    8.360865] PM: Syncing filesystems ... done.
[    8.406333] Freezing user space processes ... (elapsed 0.001 seconds) done.
[    8.414971] Freezing remaining freezable tasks ... (elapsed 0.001 seconds) done.
[    8.424160] Suspending console(s) (use no_console_suspend to debug)
[    8.459041] PM: suspend of devices complete after 25.980 msecs
[    8.462626] PM: late suspend of devices complete after 3.553 msecs
[    8.477678] PM: noirq suspend of devices complete after 15.021 msecs
[    8.477689] Disabling non-boot CPUs ...
[    8.479463] CPU1: shutdown
[    8.505255] Entering suspend state LP1
[    8.505305] Enabling non-boot CPUs ...
[    8.531345] CPU1 is up
[    8.532170] pcieport 0000:00:01.0: nv_msi_ht_cap_quirk didn't locate host bridge
[    8.547323] PM: noirq resume of devices complete after 15.944 msecs
[    8.550927] PM: early resume of devices complete after 2.896 msecs
[    8.620592] PM: resume of devices complete after 69.631 msecs
[    8.684654] Restarting tasks ... done.
root@(none):/# 
root@(none):/# rtcwake -d rtc1 -m mem -s 3
rtcwake: assuming RTC uses UTC ...
rtcwake: wakeup from "mem" using /dev/rtc1 at Thu Jan  1 00:00:34 1970
[    9.366915] PM: Syncing filesystems ... done.
[    9.399724] Freezing user space processes ... (elapsed 0.001 seconds) done.
[    9.408174] Freezing remaining freezable tasks ... (elapsed 0.001 seconds) done.
[    9.417094] Suspending console(s) (use no_console_suspend to debug)
[    9.448843] PM: suspend of devices complete after 23.631 msecs
[    9.452421] PM: late suspend of devices complete after 3.545 msecs
[    9.467616] PM: noirq suspend of devices complete after 15.163 msecs
[    9.467628] Disabling non-boot CPUs ...
[    9.469525] CPU1: shutdown
[    9.495145] Entering suspend state LP1
[    9.495196] Enabling non-boot CPUs ...
[    9.521253] CPU1 is up
[    9.523820] pcieport 0000:00:01.0: nv_msi_ht_cap_quirk didn't locate host bridge
[    9.537230] PM: noirq resume of devices complete after 15.943 msecs
[    9.541020] PM: early resume of devices complete after 3.072 msecs
[    9.610606] PM: resume of devices complete after 69.551 msecs
[    9.674632] Restarting tasks ... done.
root@(none):/# 
root@(none):/# rtcwake -d rtc1 -m mem -s 3
rtcwake: assuming RTC uses UTC ...
rtcwake: wakeup from "mem" using /dev/rtc1 at Thu Jan  1 00:00:38 1970
[   10.356572] PM: Syncing filesystems ... done.
[   10.389370] Freezing user space processes ... (elapsed 0.001 seconds) done.
[   10.397815] Freezing remaining freezable tasks ... (elapsed 0.001 seconds) done.
[   10.406723] Suspending console(s) (use no_console_suspend to debug)
[   10.434562] PM: suspend of devices complete after 19.712 msecs
[   10.438203] PM: late suspend of devices complete after 3.608 msecs
[   10.452548] PM: noirq suspend of devices complete after 14.313 msecs
[   10.452559] Disabling non-boot CPUs ...
[   10.454339] CPU1: shutdown
[   10.470112] Entering suspend state LP1
[   10.470163] Enabling non-boot CPUs ...
[   10.496214] CPU1 is up
[   10.497470] pcieport 0000:00:01.0: nv_msi_ht_cap_quirk didn't locate host bridge
[   10.512222] PM: noirq resume of devices complete after 15.972 msecs
[   10.515917] PM: early resume of devices complete after 2.966 msecs
[   10.580432] PM: resume of devices complete after 64.481 msecs
[   10.644504] Restarting tasks ... done.
root@(none):/# 
root@(none):/# rtcwake -d rtc1 -m mem -s 3
rtcwake: assuming RTC uses UTC ...
rtcwake: wakeup from "mem" using /dev/rtc1 at Thu Jan  1 00:00:42 1970
[   11.335691] PM: Syncing filesystems ... done.
[   11.381237] Freezing user space processes ... (elapsed 0.001 seconds) done.
[   11.389835] Freezing remaining freezable tasks ... (elapsed 0.001 seconds) done.
[   11.399008] Suspending console(s) (use no_console_suspend to debug)
[   11.433840] PM: suspend of devices complete after 25.934 msecs
[   11.437428] PM: late suspend of devices complete after 3.556 msecs
[   11.452505] PM: noirq suspend of devices complete after 15.045 msecs
[   11.452516] Disabling non-boot CPUs ...
[   11.454426] CPU1: shutdown
[   11.470034] Entering suspend state LP1
[   11.470086] Enabling non-boot CPUs ...
[   11.496153] CPU1 is up
[   11.497271] pcieport 0000:00:01.0: nv_msi_ht_cap_quirk didn't locate host bridge
[   11.512189] PM: noirq resume of devices complete after 16.001 msecs
[   11.515791] PM: early resume of devices complete after 2.890 msecs
[   11.585397] PM: resume of devices complete after 69.572 msecs
[   11.649468] Restarting tasks ... done.
root@(none):/# 
root@(none):/# rtcwake -d rtc1 -m mem -s 3
rtcwake: assuming RTC uses UTC ...
rtcwake: wakeup from "mem" using /dev/rtc1 at Thu Jan  1 00:00:46 1970
[   12.340864] PM: Syncing filesystems ... done.
[   12.386298] Freezing user space processes ... (elapsed 0.001 seconds) done.
[   12.394910] Freezing remaining freezable tasks ... (elapsed 0.001 seconds) done.
[   12.404086] Suspending console(s) (use no_console_suspend to debug)
[   12.439407] PM: suspend of devices complete after 26.419 msecs
[   12.443079] PM: late suspend of devices complete after 3.639 msecs
[   12.457433] PM: noirq suspend of devices complete after 14.321 msecs
[   12.457444] Disabling non-boot CPUs ...
[   12.459223] CPU1: shutdown
[   12.484977] Entering suspend state LP1
[   12.485027] Enabling non-boot CPUs ...
[   12.511131] CPU1 is up
[   12.512443] pcieport 0000:00:01.0: nv_msi_ht_cap_quirk didn't locate host bridge
[   12.527081] PM: noirq resume of devices complete after 15.913 msecs
[   12.530733] PM: early resume of devices complete after 2.919 msecs
[   12.595258] PM: resume of devices complete after 64.491 msecs
[   12.659323] Restarting tasks ... done.
root@(none):/# 
root@(none):/# rtcwake -d rtc1 -m mem -s 3
rtcwake: assuming RTC uses UTC ...
rtcwake: wakeup from "mem" using /dev/rtc1 at Thu Jan  1 00:00:50 1970
[   13.355588] PM: Syncing filesystems ... done.
[   13.401074] Freezing user space processes ... (elapsed 0.001 seconds) done.
[   13.409679] Freezing remaining freezable tasks ... (elapsed 0.001 seconds) done.
[   13.418860] Suspending console(s) (use no_console_suspend to debug)
[   13.453281] PM: suspend of devices complete after 25.513 msecs
[   13.456726] PM: late suspend of devices complete after 3.412 msecs
[   13.472387] PM: noirq suspend of devices complete after 15.526 msecs
[   13.472398] Disabling non-boot CPUs ...
[   13.474291] CPU1: shutdown
[   13.499885] Entering suspend state LP1
[   13.499935] Enabling non-boot CPUs ...
[   13.526082] CPU1 is up
[   13.528663] pcieport 0000:00:01.0: nv_msi_ht_cap_quirk didn't locate host bridge
[   13.541982] PM: noirq resume of devices complete after 15.867 msecs
[   13.545761] PM: early resume of devices complete after 3.072 msecs
[   13.615307] PM: resume of devices complete after 69.513 msecs
[   13.679355] Restarting tasks ... done.
root@(none):/# 
root@(none):/# rtcwake -d rtc1 -m mem -s 3
rtcwake: assuming RTC uses UTC ...
rtcwake: wakeup from "mem" using /dev/rtc1 at Thu Jan  1 00:00:54 1970
[   14.366353] PM: Syncing filesystems ... done.
[   14.399160] Freezing user space processes ... (elapsed 0.001 seconds) done.
[   14.407610] Freezing remaining freezable tasks ... (elapsed 0.001 seconds) done.
[   14.416490] Suspending console(s) (use no_console_suspend to debug)
[   14.443980] PM: suspend of devices complete after 19.357 msecs
[   14.447593] PM: late suspend of devices complete after 3.580 msecs
[   14.462377] PM: noirq suspend of devices complete after 14.754 msecs
[   14.462388] Disabling non-boot CPUs ...
[   14.464155] CPU1: shutdown
[   14.489826] Entering suspend state LP1
[   14.489877] Enabling non-boot CPUs ...
[   14.515986] CPU1 is up
[   14.518562] pcieport 0000:00:01.0: nv_msi_ht_cap_quirk didn't locate host bridge
[   14.531928] PM: noirq resume of devices complete after 15.909 msecs
[   14.535280] PM: early resume of devices complete after 2.826 msecs
[   14.603955] PM: resume of devices complete after 68.642 msecs
[   14.668036] Restarting tasks ... done.
root@(none):/# 
root@(none):/# rtcwake -d rtc1 -m mem -s 3
rtcwake: assuming RTC uses UTC ...
rtcwake: wakeup from "mem" using /dev/rtc1 at Thu Jan  1 00:00:58 1970
[   15.356292] PM: Syncing filesystems ... done.
[   15.389151] Freezing user space processes ... (elapsed 0.001 seconds) done.
[   15.397591] Freezing remaining freezable tasks ... (elapsed 0.001 seconds) done.
[   15.406497] Suspending console(s) (use no_console_suspend to debug)
[   15.433718] PM: suspend of devices complete after 19.085 msecs
[   15.437391] PM: late suspend of devices complete after 3.639 msecs
[   15.452240] PM: noirq suspend of devices complete after 14.819 msecs
[   15.452251] Disabling non-boot CPUs ...
[   15.454127] CPU1: shutdown
[   15.469795] Entering suspend state LP1
[   15.469847] Enabling non-boot CPUs ...
[   15.495914] CPU1 is up
[   15.496706] pcieport 0000:00:01.0: nv_msi_ht_cap_quirk didn't locate host bridge
[   15.511935] PM: noirq resume of devices complete after 15.988 msecs
[   15.515658] PM: early resume of devices complete after 2.998 msecs
[   15.580203] PM: resume of devices complete after 64.510 msecs
[   15.644288] Restarting tasks ... done.
root@(none):/# 
root@(none):/# NVTB SYSTEM SUSPEND TEST COMPLETE
