

U-Boot 2015.04-00466-gedec83e90172 (Mar 14 2016 - 10:42:01)

TEGRA124
Model: Acer Chromebook 13 CB5-311
DRAM:  4 GiB
C:   Tegra SD/MMC: 0, Tegra SD/MMC: 1, Tegra SD/MMC: 2
MMC init failed
Using default environment

In:    serial
Out:   serial
Err:   serial
Net:   Net Initialization Skipped
No ethernet found.
Hit any key to stop autoboot:  2  0 
Tegra124 (Nyan-big) # 
Tegra124 (Nyan-big) # usb start
starting USB...
USB0:   USB EHCI 1.10
scanning bus 0 for devices... 2 USB Device(s) found
USB1:   USB EHCI 1.10
scanning bus 1 for devices... 2 USB Device(s) found
       scanning usb for storage devices... 1 Storage Device(s) found
       scanning usb for ethernet devices... 
Warning: asx0 using MAC address from net device
1 Ethernet Device(s) found
Tegra124 (Nyan-big) # setenv bootargs 'ignore_loglevel console=ttyS0,115200n8 rw root=PARTUUID=4d36e82a-b3c0-4b4b-bfcd-afe5217ac023 rootwait gpt debug noinitrd earlyprintk init=/bin/bash'
Tegra124 (Nyan-big) # setenv ipaddr 192.168.100.102; setenv serverip 192.168.100.1; setenv tftpserverip 192.168.100.1
Tegra124 (Nyan-big) # tftpboot 0x82000000 zImage.multi_v7_defconfig
Using asx0 device
TFTP from server 192.168.100.1; our IP address is 192.168.100.102
Filename 'zImage.multi_v7_defconfig'.
Load address: 0x82000000
Loading: *#################################################################
	 #################################################################
	 #################################################################
	 #################################################################
	 #################################################################
	 #################################################################
	 #################################################################
	 ##########################################
	 2.8 MiB/s
done
Bytes transferred = 7290376 (6f3e08 hex)
Tegra124 (Nyan-big) # tftpboot 0x83000000 tegra124-nyan-big.dtb
Using asx0 device
TFTP from server 192.168.100.1; our IP address is 192.168.100.102
Filename 'tegra124-nyan-big.dtb'.
Load address: 0x83000000
Loading: *#####
	 2.7 MiB/s
done
Bytes transferred = 67899 (1093b hex)
Tegra124 (Nyan-big) # bootz 0x82000000 - 0x83000000
Kernel image @ 0x82000000 [ 0x000000 - 0x6f3e08 ]
## Flattened Device Tree blob at 83000000
   Booting using the fdt blob at 0x83000000
   Using Device Tree in place at 83000000, end 8301393a

Starting kernel ...

[    0.000000] Booting Linux on physical CPU 0x0
[    0.000000] Linux version 4.9.0-rc1-next-20161024-129025-gce571494 (pwalmsley@sellafield) (gcc version 4.7.3 20130328 (prerelease) (crosstool-NG linaro-1.13.1-4.7-2013.04-20130415 - Linaro GCC 2013.04) ) #1 SMP Sun Oct 23 20:34:01 PDT 2016
[    0.000000] CPU: ARMv7 Processor [413fc0f3] revision 3 (ARMv7), cr=10c5387d
[    0.000000] CPU: div instructions available: patching division code
[    0.000000] CPU: PIPT / VIPT nonaliasing data cache, PIPT instruction cache
[    0.000000] OF: fdt:Machine model: Acer Chromebook 13 CB5-311
[    0.000000] OF: fdt:Ignoring memory range 0x100000000 - 0x17ffff000
[    0.000000] debug: ignoring loglevel setting.
[    0.000000] efi: Getting EFI parameters from FDT:
[    0.000000] efi: UEFI not found.
[    0.000000] cma: Reserved 64 MiB at 0xfb800000
[    0.000000] Memory policy: Data cache writealloc
[    0.000000] On node 0 totalpages: 524287
[    0.000000] free_area_init_node: node 0, pgdat c14274c0, node_mem_map eeff8000
[    0.000000]   DMA zone: 1536 pages used for memmap
[    0.000000]   DMA zone: 0 pages reserved
[    0.000000]   DMA zone: 196608 pages, LIFO batch:31
[    0.000000]   HighMem zone: 327679 pages, LIFO batch:31
[    0.000000] percpu: Embedded 14 pages/cpu @eef84000 s26624 r8192 d22528 u57344
[    0.000000] pcpu-alloc: s26624 r8192 d22528 u57344 alloc=14*4096
[    0.000000] pcpu-alloc: [0] 0 [0] 1 [0] 2 [0] 3 
[    0.000000] Built 1 zonelists in Zone order, mobility grouping on.  Total pages: 522751
[    0.000000] Kernel command line: ignore_loglevel console=ttyS0,115200n8 rw root=PARTUUID=4d36e82a-b3c0-4b4b-bfcd-afe5217ac023 rootwait gpt debug noinitrd earlyprintk init=/bin/bash
[    0.000000] PID hash table entries: 4096 (order: 2, 16384 bytes)
[    0.000000] Dentry cache hash table entries: 131072 (order: 7, 524288 bytes)
[    0.000000] Inode-cache hash table entries: 65536 (order: 6, 262144 bytes)
[    0.000000] Memory: 1995952K/2097148K available (9216K kernel code, 1187K rwdata, 4076K rodata, 2048K init, 343K bss, 35660K reserved, 65536K cma-reserved, 1245180K highmem)
[    0.000000] Virtual kernel memory layout:
[    0.000000]     vector  : 0xffff0000 - 0xffff1000   (   4 kB)
[    0.000000]     fixmap  : 0xffc00000 - 0xfff00000   (3072 kB)
[    0.000000]     vmalloc : 0xf0800000 - 0xff800000   ( 240 MB)
[    0.000000]     lowmem  : 0xc0000000 - 0xf0000000   ( 768 MB)
[    0.000000]     pkmap   : 0xbfe00000 - 0xc0000000   (   2 MB)
[    0.000000]     modules : 0xbf000000 - 0xbfe00000   (  14 MB)
[    0.000000]       .text : 0xc0208000 - 0xc0c00000   (10208 kB)
[    0.000000]       .init : 0xc1100000 - 0xc1300000   (2048 kB)
[    0.000000]       .data : 0xc1300000 - 0xc1428fa0   (1188 kB)
[    0.000000]        .bss : 0xc142a000 - 0xc147ffc8   ( 344 kB)
[    0.000000] SLUB: HWalign=64, Order=0-3, MinObjects=0, CPUs=4, Nodes=1
[    0.000000] Hierarchical RCU implementation.
[    0.000000] 	Build-time adjustment of leaf fanout to 32.
[    0.000000] 	RCU restricting CPUs from NR_CPUS=16 to nr_cpu_ids=4.
[    0.000000] RCU: Adjusting geometry for rcu_fanout_leaf=32, nr_cpu_ids=4
[    0.000000] NR_IRQS:16 nr_irqs:16 16
[    0.000000] /interrupt-controller@60004000: 160 interrupts forwarded to /interrupt-controller@50041000
[    0.000000] Tegra clk 127: register failed with -17
[    0.000003] sched_clock: 32 bits at 1000kHz, resolution 1000ns, wraps every 2147483647500ns
[    0.000012] clocksource: timer_us: mask: 0xffffffff max_cycles: 0xffffffff, max_idle_ns: 1911260446275 ns
[    0.000017] Switching to timer-based delay loop, resolution 1000ns
[    0.001858] arm_arch_timer: Architected cp15 timer(s) running at 12.00MHz (virt).
[    0.001865] clocksource: arch_sys_counter: mask: 0xffffffffffffff max_cycles: 0x2c47f4ee7, max_idle_ns: 440795202497 ns
[    0.001871] sched_clock: 56 bits at 12MHz, resolution 83ns, wraps every 4398046511096ns
[    0.001875] Switching to timer-based delay loop, resolution 83ns
[    0.002079] Console: colour dummy device 80x30
[    0.002094] Calibrating delay loop (skipped), value calculated using timer frequency.. 24.00 BogoMIPS (lpj=60000)
[    0.002100] pid_max: default: 32768 minimum: 301
[    0.002143] Mount-cache hash table entries: 2048 (order: 1, 8192 bytes)
[    0.002146] Mountpoint-cache hash table entries: 2048 (order: 1, 8192 bytes)
[    0.002384] CPU: Testing write buffer coherency: ok
[    0.002495] /cpus/cpu@0 missing clock-frequency property
[    0.002510] /cpus/cpu@1 missing clock-frequency property
[    0.002523] /cpus/cpu@2 missing clock-frequency property
[    0.002537] /cpus/cpu@3 missing clock-frequency property
[    0.002542] CPU0: thread -1, cpu 0, socket 0, mpidr 80000000
[    0.002640] Setting up static identity map for 0x80300000 - 0x80300098
[    0.003847] Tegra Revision: A01 SKU: 131 CPU Process: 1 SoC Process: 1
[    0.004076] EFI services will not be available.
[    0.004405] CPU1: thread -1, cpu 1, socket 0, mpidr 80000001
[    0.006976] CPU2: thread -1, cpu 2, socket 0, mpidr 80000002
[    0.011975] CPU3: thread -1, cpu 3, socket 0, mpidr 80000003
[    0.016750] Brought up 4 CPUs
[    0.016757] SMP: Total of 4 processors activated (96.00 BogoMIPS).
[    0.016760] CPU: All CPU(s) started in SVC mode.
[    0.017309] devtmpfs: initialized
[    0.024543] VFP support v0.3: implementor 41 architecture 4 part 30 variant f rev 0
[    0.024749] clocksource: jiffies: mask: 0xffffffff max_cycles: 0xffffffff, max_idle_ns: 9556302231375000 ns
[    0.025276] pinctrl core: initialized pinctrl subsystem
[    0.025980] NET: Registered protocol family 16
[    0.026646] DMA: preallocated 256 KiB pool for atomic coherent allocations
[    0.041820] cpuidle: using governor menu
[    0.051781] No ATAGs?
[    0.051794] hw-breakpoint: found 5 (+1 reserved) breakpoint and 4 watchpoint registers.
[    0.051798] hw-breakpoint: maximum watchpoint size is 8 bytes.
[    0.054490] Serial: AMBA PL011 UART driver
[    0.054838] tegra-mc 70019000.memory-controller: no memory timings for RAM code 0 registered
[    0.073729] +5V_SYS: supplied by +VDD_MUX
[    0.073833] +3.3V_SYS: supplied by +VDD_MUX
[    0.074055] +VDD_LED: Failed to request enable GPIO122: -517
[    0.074060] reg-fixed-voltage regulators:regulator@5: Failed to register regulator: -517
[    0.074091] +5V_VDD_TS_SW: Failed to request enable GPIO81: -517
[    0.074095] reg-fixed-voltage regulators:regulator@6: Failed to register regulator: -517
[    0.074124] +5V_USB_HS: Failed to request enable GPIO108: -517
[    0.074128] reg-fixed-voltage regulators:regulator@7: Failed to register regulator: -517
[    0.074157] +5V_USB_SS: Failed to request enable GPIO109: -517
[    0.074161] reg-fixed-voltage regulators:regulator@8: Failed to register regulator: -517
[    0.074239] +1.05V_RUN_AVDD_HDMI_PLL: Failed to request enable GPIO63: -517
[    0.074243] reg-fixed-voltage regulators:regulator@11: Failed to register regulator: -517
[    0.074271] +5V_HDMI_CON: Failed to request enable GPIO86: -517
[    0.074275] reg-fixed-voltage regulators:regulator@12: Failed to register regulator: -517
[    0.075354] vgaarb: loaded
[    0.075654] SCSI subsystem initialized
[    0.075722] libata version 3.00 loaded.
[    0.075825] usbcore: registered new interface driver usbfs
[    0.075848] usbcore: registered new interface driver hub
[    0.075870] usbcore: registered new device driver usb
[    0.077206] pps_core: LinuxPPS API ver. 1 registered
[    0.077209] pps_core: Software ver. 5.3.6 - Copyright 2005-2007 Rodolfo Giometti <giometti@linux.it>
[    0.077217] PTP clock support registered
[    0.077284] EDAC MC: Ver: 3.0.0
[    0.077731] tegra-emc 7001b000.emc: no memory timings for RAM code 0 found in DT
[    0.077740] tegra-emc: probe of 7001b000.emc failed with error -2
[    0.078223] clocksource: Switched to clocksource arch_sys_counter
[    0.081967] NET: Registered protocol family 2
[    0.082168] TCP established hash table entries: 8192 (order: 3, 32768 bytes)
[    0.082201] TCP bind hash table entries: 8192 (order: 4, 65536 bytes)
[    0.082263] TCP: Hash tables configured (established 8192 bind 8192)
[    0.082284] UDP hash table entries: 512 (order: 2, 16384 bytes)
[    0.082298] UDP-Lite hash table entries: 512 (order: 2, 16384 bytes)
[    0.082361] NET: Registered protocol family 1
[    0.082495] RPC: Registered named UNIX socket transport module.
[    0.082498] RPC: Registered udp transport module.
[    0.082501] RPC: Registered tcp transport module.
[    0.082503] RPC: Registered tcp NFSv4.1 backchannel transport module.
[    0.082507] PCI: CLS 0 bytes, default 64
[    0.082951] hw perfevents: enabled with armv7_cortex_a15 PMU driver, 7 counters available
[    0.083494] futex hash table entries: 1024 (order: 4, 65536 bytes)
[    0.083779] workingset: timestamp_bits=30 max_order=19 bucket_order=0
[    0.087509] squashfs: version 4.0 (2009/01/31) Phillip Lougher
[    0.087816] NFS: Registering the id_resolver key type
[    0.087827] Key type id_resolver registered
[    0.087830] Key type id_legacy registered
[    0.087847] ntfs: driver 2.1.32 [Flags: R/O].
[    0.088306] bounce: pool size: 64 pages
[    0.088377] Block layer SCSI generic (bsg) driver version 0.4 loaded (major 248)
[    0.088381] io scheduler noop registered
[    0.088384] io scheduler deadline registered
[    0.088449] io scheduler cfq registered (default)
[    0.090299] tegra-xusb-padctl 7009f000.padctl: failed to setup XUSB ports: -517
[    0.090476] libphy: mdio_driver_register: phy-bcm-ns2-pci
[    0.100402] tegra-apbdma 60020000.dma: Tegra20 APB DMA driver register 32 channels
[    0.101063] tegra-pmc 7000e400.pmc: i2c-thermtrip node not found, emergency thermal reset disabled.
[    0.122455] Serial: 8250/16550 driver, 4 ports, IRQ sharing disabled
[    0.123636] console [ttyS0] disabled
[    0.123652] 70006000.serial: ttyS0 at MMIO 0x70006000 (irq = 331, base_baud = 25500000) is a Tegra
[    0.998418] console [ttyS0] enabled
[    1.002206] SuperH (H)SCI(F) driver initialized
[    1.007086] msm_serial: driver initialized
[    1.011241] STMicroelectronics ASC driver initialized
[    1.017690] [drm] Initialized
[    1.021785] tegra-hdmi 54280000.hdmi: failed to get HDMI regulator
[    1.028331] tegra-dpaux 545c0000.dpaux: failed to get VDD supply: -517
[    1.035574] panel supply power not found, using dummy regulator
[    1.045373] brd: module loaded
[    1.050586] loop: module loaded
[    1.054639] as3722 4-0040: AS3722 with revision 0x1 found
[    1.064753] as3722-sd2: supplied by +5V_SYS
[    1.069198] as3722-sd3: supplied by +5V_SYS
[    1.073537] +1.35V_LP0(sd3): Bringing 0uV into 1350000-1350000uV
[    1.079635] +1.35V_LP0(sd3): ramp_delay not set
[    1.084240] as3722-sd4: supplied by +5V_SYS
[    1.088581] +1.05V_RUN: Bringing 0uV into 1050000-1050000uV
[    1.094246] +1.05V_RUN: ramp_delay not set
[    1.098420] as3722-sd5: supplied by +5V_SYS
[    1.104006] as3722-ldo0: supplied by +1.35V_LP0(sd2)
[    1.109747] +1.8V_RUN_CAM: Bringing 0uV into 1800000-1800000uV
[    1.115672] +1.8V_RUN_CAM: ramp_delay not set
[    1.120117] as3722-ldo2: supplied by +1.8V_VDDIO
[    1.125739] as3722-ldo3: supplied by +3.3V_SYS
[    1.130195] +1.00V_LP0_VDD_RTC: Bringing 1100000uV into 1000000-1000000uV
[    1.137072] +1.00V_LP0_VDD_RTC: ramp_delay not set
[    1.142557] as3722-ldo4: supplied by +3.3V_SYS
[    1.147154] +3.3V_RUN_CAM: Bringing 0uV into 2800000-2800000uV
[    1.153077] +3.3V_RUN_CAM: ramp_delay not set
[    1.157525] as3722-ldo5: supplied by +1.8V_VDDIO
[    1.162295] +1.2V_RUN_CAM_FRONT: Bringing 0uV into 1200000-1200000uV
[    1.168738] +1.2V_RUN_CAM_FRONT: ramp_delay not set
[    1.173853] +VDDIO_SDMMC3: Bringing 0uV into 1800000-1800000uV
[    1.179777] +VDDIO_SDMMC3: ramp_delay not set
[    1.184244] as3722-ldo7: supplied by +1.8V_VDDIO
[    1.189015] +1.05V_RUN_CAM_REAR: Bringing 0uV into 1050000-1050000uV
[    1.195459] +1.05V_RUN_CAM_REAR: ramp_delay not set
[    1.200439] as3722-ldo9: supplied by +5V_SYS
[    1.205005] +2.8V_RUN_TOUCH: Bringing 0uV into 2800000-2800000uV
[    1.211101] +2.8V_RUN_TOUCH: ramp_delay not set
[    1.215738] as3722-ldo10: supplied by +5V_SYS
[    1.220251] +2.8V_RUN_CAM_AF: Bringing 0uV into 2800000-2800000uV
[    1.226436] +2.8V_RUN_CAM_AF: ramp_delay not set
[    1.231312] +1.8V_RUN_VPP_FUSE: Bringing 0uV into 1800000-1800000uV
[    1.237669] +1.8V_RUN_VPP_FUSE: ramp_delay not set
[    1.249002] random: fast init done
[    1.254556] m25p80 spi32765.0: w25q32dw (4096 Kbytes)
[    1.260718] libphy: Fixed MDIO Bus: probed
[    1.265226] CAN device driver interface
[    1.269813] e1000e: Intel(R) PRO/1000 Network Driver - 3.2.6-k
[    1.275635] e1000e: Copyright(c) 1999 - 2015 Intel Corporation.
[    1.281567] igb: Intel(R) Gigabit Ethernet Network Driver - version 5.4.0-k
[    1.288516] igb: Copyright (c) 2007-2014 Intel Corporation.
[    1.295317] pegasus: v0.9.3 (2013/04/25), Pegasus/Pegasus II USB Ethernet driver
[    1.302724] usbcore: registered new interface driver pegasus
[    1.308393] usbcore: registered new interface driver asix
[    1.313797] usbcore: registered new interface driver ax88179_178a
[    1.319893] usbcore: registered new interface driver cdc_ether
[    1.325740] usbcore: registered new interface driver smsc75xx
[    1.331497] usbcore: registered new interface driver smsc95xx
[    1.337247] usbcore: registered new interface driver net1080
[    1.342910] usbcore: registered new interface driver cdc_subset
[    1.348833] usbcore: registered new interface driver zaurus
[    1.354417] usbcore: registered new interface driver cdc_ncm
[    1.360750] ehci_hcd: USB 2.0 'Enhanced' Host Controller (EHCI) Driver
[    1.367266] ehci-pci: EHCI PCI platform driver
[    1.371716] ehci-platform: EHCI generic platform driver
[    1.377002] ehci-orion: EHCI orion driver
[    1.381053] SPEAr-ehci: EHCI SPEAr driver
[    1.385105] ehci-st: EHCI STMicroelectronics driver
[    1.390024] ehci-exynos: EHCI EXYNOS driver
[    1.394257] ehci-atmel: EHCI Atmel driver
[    1.398308] tegra-ehci: Tegra EHCI driver
[    1.402368] ohci_hcd: USB 1.1 'Open' Host Controller (OHCI) Driver
[    1.408541] ohci-pci: OHCI PCI platform driver
[    1.412986] ohci-platform: OHCI generic platform driver
[    1.418263] ohci-omap3: OHCI OMAP3 driver
[    1.422308] SPEAr-ohci: OHCI SPEAr driver
[    1.426363] ohci-st: OHCI STMicroelectronics driver
[    1.431283] ohci-atmel: OHCI Atmel driver
[    1.435541] usbcore: registered new interface driver usb-storage
[    1.442106] mousedev: PS/2 mouse device common for all mice
[    1.448320] 1-0015 supply vcc not found, using dummy regulator
[    1.455514] as3722-rtc as3722-rtc: rtc core: registered as3722-rtc as rtc0
[    1.462379] as3722-rtc as3722-rtc: RTC interrupt 370
[    1.469311] tegra_rtc 7000e000.rtc: rtc core: registered 7000e000.rtc as rtc1
[    1.476453] tegra_rtc 7000e000.rtc: Tegra internal Real Time Clock
[    1.482817] i2c /dev entries driver
[    1.488743] 0-004c supply vcc not found, using dummy regulator
[    1.498805] sdhci: Secure Digital Host Controller Interface driver
[    1.504978] sdhci: Copyright(c) Pierre Ossman
[    1.509889] Synopsys Designware Multimedia Card Interface Driver
[    1.516287] sdhci-pltfm: SDHCI platform and OF driver helper
[    1.522223] sdhci-tegra 700b0000.sdhci: allocated mmc-pwrseq
[    1.527989] sdhci-tegra 700b0400.sdhci: Got CD GPIO
[    1.532868] sdhci-tegra 700b0400.sdhci: Got WP GPIO
[    1.537859] mmc0: Unknown controller version (3). You may experience problems.
[    1.545098] mmc0: Invalid maximum block size, assuming 512 bytes
[    1.593231] mmc0: SDHCI controller on 700b0600.sdhci [700b0600.sdhci] using ADMA
[    1.601331] ledtrig-cpu: registered to indicate activity on CPUs
[    1.607454] usbcore: registered new interface driver usbhid
[    1.610035] input: Elan Touchpad as /devices/soc0/7000c400.i2c/i2c-1/1-0015/input/input0
[    1.621091] usbhid: USB HID core driver
[    1.626176] NET: Registered protocol family 10
[    1.630956] sit: IPv6, IPv4 and MPLS over IPv4 tunneling driver
[    1.637116] NET: Registered protocol family 17
[    1.641560] can: controller area network core (rev 20120528 abi 9)
[    1.647751] NET: Registered protocol family 29
[    1.652188] can: raw protocol (rev 20120528)
[    1.656450] can: broadcast manager protocol (rev 20160617 t)
[    1.662101] can: netlink gateway (rev 20130117) max_hops=1
[    1.667717] Key type dns_resolver registered
[    1.672215] ThumbEE CPU extension supported.
[    1.676481] Registering SWP/SWPB emulation handler
[    1.688807] +3.3V_RUN: supplied by +3.3V_SYS
[    1.693622] +3.3V_AVDD_HDMI_AP_GATED: supplied by +3.3V_RUN
[    1.699305] +1.8V_RUN_CAM: supplied by +3.3V_RUN
[    1.704055] +VDDIO_SDMMC3: supplied by +3.3V_RUN
[    1.708778] +1.8V_RUN_VPP_FUSE: supplied by +3.3V_RUN
[    1.714028] +VDD_LED: supplied by +VDD_MUX
[    1.718362] +5V_VDD_TS_SW: supplied by +5V_SYS
[    1.723143] +5V_USB_HS: supplied by +5V_SYS
[    1.727500] +5V_USB_SS: supplied by +5V_SYS
[    1.732547] +3.3V_PANEL: supplied by +3.3V_RUN
[    1.738300] +3.3V_LP0: supplied by +3.3V_SYS
[    1.740833] mmc0: new high speed MMC card at address 0001
[    1.741777] mmcblk0: mmc0:0001 MMC16G 14.4 GiB 
[    1.742396] mmcblk0boot0: mmc0:0001 MMC16G partition 1 2.00 MiB
[    1.742884] mmcblk0boot1: mmc0:0001 MMC16G partition 2 2.00 MiB
[    1.743402] mmcblk0rpmb: mmc0:0001 MMC16G partition 3 128 KiB
[    1.752993]  mmcblk0: p1 p2 p3 p4 p5 p6 p7 p8 p9 p10 p11 p12
[    1.776577] +1.05V_RUN_AVDD_HDMI_PLL: supplied by +1.05V_RUN
[    1.776833] elan_i2c 1-0015: failed to read report data: -121
[    1.777237] elan_i2c 1-0015: failed to read report data: -121
[    1.794103] +5V_HDMI_CON: supplied by +5V_SYS
[    1.799327] usb3-0 supply vbus not found, using dummy regulator
[    1.805354] usb3-1 supply vbus not found, using dummy regulator
[    1.814923] tegra-sor 54540000.sor: failed to probe output: -517
[    1.821703] panel supply power not found, using dummy regulator
[    1.828703] sdhci-tegra 700b0000.sdhci: allocated mmc-pwrseq
[    1.834516] mmc1: Unknown controller version (3). You may experience problems.
[    1.841815] mmc1: Invalid maximum block size, assuming 512 bytes
[    1.848108] mmc1: Switching to 3.3V signalling voltage failed
[    1.893309] mmc1: SDHCI controller on 700b0000.sdhci [700b0000.sdhci] using ADMA
[    1.901454] sdhci-tegra 700b0400.sdhci: Got CD GPIO
[    1.906331] sdhci-tegra 700b0400.sdhci: Got WP GPIO
[    1.911301] mmc2: Unknown controller version (3). You may experience problems.
[    1.918550] mmc2: Invalid maximum block size, assuming 512 bytes
[    1.925316] +VDDIO_SDMMC3: ramp_delay not set
[    1.935023] elan_i2c 1-0015: invalid report id data (ff)
[    1.971645] mmc1: new high speed SDIO card at address 0001
[    1.977448] mmc2: SDHCI controller on 700b0400.sdhci [700b0400.sdhci] using ADMA
[    2.083372] [drm] Supports vblank timestamp caching Rev 2 (21.10.2013).
[    2.089988] [drm] No driver support for vblank timestamp query.
[    2.130683] mmc2: new high speed SDHC card at address 0007
[    2.131137] mmcblk2: mmc2:0007 SD08G 7.42 GiB 
[    2.141226] GPT:Primary header alternate_lba != Alt. header my_lba
[    2.141229] GPT:3014591 != 15564799
[    2.141231] GPT:Primary header thinks Alt. header is not at the end of the disk.
[    2.141232] GPT:3014591 != 15564799
[    2.141233] GPT: Use GNU Parted to correct GPT errors.
[    2.141257]  mmcblk2: p1 p2 p3 p4 p5 p6 p7 p8 p9 p10 p11 p12
[    2.151974] Console: switching to colour frame buffer device 170x48
[    2.203298] drm drm: fb0:  frame buffer device
[    2.228326] [drm] Initialized tegra 0.0.0 20120330 on minor 0
[    2.235242] input: gpio-keys as /devices/soc0/gpio-keys/input/input1
[    2.243072] as3722-rtc as3722-rtc: setting system clock to 2000-01-01 00:00:22 UTC (946684822)
[    2.252207] +1.8V_RUN_CAM: disabling
[    2.256010] +3.3V_RUN_CAM: disabling
[    2.259844] +1.2V_RUN_CAM_FRONT: disabling
[    2.264177] +1.05V_RUN_CAM_REAR: disabling
[    2.268526] +2.8V_RUN_TOUCH: disabling
[    2.272431] +2.8V_RUN_CAM_AF: disabling
[    2.276447] +1.8V_RUN_VPP_FUSE: disabling
[    2.280684] +5V_VDD_TS_SW: disabling
[    2.284293] +5V_USB_HS: disabling
[    2.287606] +5V_USB_SS: disabling
[    2.291883] EXT4-fs (mmcblk0p3): couldn't mount as ext3 due to feature incompatibilities
[    2.300513] EXT4-fs (mmcblk0p3): couldn't mount as ext2 due to feature incompatibilities
[    2.397645] EXT4-fs (mmcblk0p3): recovery complete
[    2.403185] EXT4-fs (mmcblk0p3): mounted filesystem with ordered data mode. Opts: (null)
[    2.411318] VFS: Mounted root (ext4 filesystem) on device 179:3.
[    2.418013] devtmpfs: mounted
[    2.421697] Freeing unused kernel memory: 2048K (c1100000 - c1300000)
bash: cannot set terminal process group (-1): Inappropriate ioctl for device
bash: no job control in this shell
root@(none):/# mount -t sysfs none /sys
root@(none):/# 
root@(none):/# mount -t debugfs none /sys/kernel/debug
root@(none):/# 
root@(none):/# rtcwake -d rtc1 -m mem -s 3
rtcwake: assuming RTC uses UTC ...
rtcwake: wakeup from "mem" using /dev/rtc1 at Thu Jan  1 00:00:27 1970
[    5.776848] PM: Syncing filesystems ... [    5.781594] done.
[    5.788191] Freezing user space processes ... (elapsed 0.001 seconds) done.
[    5.796376] Freezing remaining freezable tasks ... (elapsed 0.001 seconds) done.
[    5.805020] Suspending console(s) (use no_console_suspend to debug)
[    5.874791] PM: suspend of devices complete after 62.954 msecs
[    5.876013] PM: late suspend of devices complete after 1.213 msecs
[    5.876763] PM: noirq suspend of devices complete after 0.746 msecs
[    5.876765] Disabling non-boot CPUs ...
[    5.877173] CPU1: shutdown
[    5.909429] IRQ17 no longer affine to CPU2
[    5.909607] CPU2: shutdown
[    5.939305] CPU3: shutdown
[    5.963807] Entering suspend state LP1
[    5.963807] Suspended for 3.119 seconds
[    5.963817] Enabling non-boot CPUs ...
[    5.978846] CPU1 is up
[    5.998856] CPU2 is up
[    6.018950] CPU3 is up
[    6.019464] PM: noirq resume of devices complete after 0.510 msecs
[    6.020635] PM: early resume of devices complete after 0.880 msecs
[    6.172512] mmc1: Switching to 3.3V signalling voltage failed
[    6.428248] tegra-sor 54540000.sor: failed to attach SOR: -110
[    6.443514] PM: resume of devices complete after 422.874 msecs
[    6.527107] Restarting tasks ... done.
root@(none):/# 
root@(none):/# 