

U-Boot 2015.04-00466-gedec83e90172 (Mar 14 2016 - 10:42:01)

TEGRA124
Model: Acer Chromebook 13 CB5-311
DRAM:  4 GiB
:   Tegra SD/MMC: 0, Tegra SD/MMC: 1, Tegra SD/MMC: 2
MMC init failed
Using default environment

In:    serial
Out:   serial
Err:   serial
Net:   Net Initialization Skipped
No ethernet found.
Hit any key to stop autoboot:  2  1  0 
Tegra124 (Nyan-big) # 
Tegra124 (Nyan-big) # usb start
starting USB...
USB0:   USB EHCI 1.10
scanning bus 0 for devices... 2 USB Device(s) found
USB1:   USB EHCI 1.10
scanning bus 1 for devices... 2 USB Device(s) found
       scanning usb for storage devices... 1 Storage Device(s) found
       scanning usb for ethernet devices... 
Warning: asx0 using MAC address from net device
1 Ethernet Device(s) found
Tegra124 (Nyan-big) # setenv bootargs 'ignore_loglevel console=ttyS0,115200n8 rw root=PARTUUID=4d36e82a-b3c0-4b4b-bfcd-afe5217ac023 rootwait gpt debug noinitrd earlyprintk init=/bin/bash'
Tegra124 (Nyan-big) # setenv ipaddr 192.168.100.102; setenv serverip 192.168.100.1; setenv tftpserverip 192.168.100.1
Tegra124 (Nyan-big) # tftpboot 0x82000000 zImage.tegra_defconfig
Using asx0 device
TFTP from server 192.168.100.1; our IP address is 192.168.100.102
Filename 'zImage.tegra_defconfig'.
Load address: 0x82000000
Loading: *#################################################################
	 #################################################################
	 #################################################################
	 #################################################################
	 #################################################################
	 ###############################################
	 2.8 MiB/s
done
Bytes transferred = 5453384 (533648 hex)
Tegra124 (Nyan-big) # tftpboot 0x83000000 tegra124-nyan-big.dtb
Using asx0 device
TFTP from server 192.168.100.1; our IP address is 192.168.100.102
Filename 'tegra124-nyan-big.dtb'.
Load address: 0x83000000
Loading: *#####
	 2.6 MiB/s
done
Bytes transferred = 67899 (1093b hex)
Tegra124 (Nyan-big) # bootz 0x82000000 - 0x83000000
Kernel image @ 0x82000000 [ 0x000000 - 0x533648 ]
## Flattened Device Tree blob at 83000000
   Booting using the fdt blob at 0x83000000
   Using Device Tree in place at 83000000, end 8301393a

Starting kernel ...

[    0.472820] console [ttyS0] enabled
[    0.476296] bootconsole [earlycon0] disabled
[    0.481584] [drm] Initialized
[    0.484954] tegra-hdmi 54280000.hdmi: failed to get HDMI regulator
[    0.491543] tegra-dpaux 545c0000.dpaux: failed to get VDD supply: -517
[    0.498876] panel supply power not found, using dummy regulator
[    0.510375] loop: module loaded
[    0.514175] as3722 4-0040: AS3722 with revision 0x1 found
[    0.525424] as3722-sd2: supplied by +5V_SYS
[    0.529947] as3722-sd3: supplied by +5V_SYS
[    0.534282] +1.35V_LP0(sd3): Bringing 0uV into 1350000-1350000uV
[    0.540393] +1.35V_LP0(sd3): ramp_delay not set
[    0.545079] as3722-sd4: supplied by +5V_SYS
[    0.549424] +1.05V_RUN: Bringing 0uV into 1050000-1050000uV
[    0.555080] +1.05V_RUN: ramp_delay not set
[    0.559341] as3722-sd5: supplied by +5V_SYS
[    0.565128] as3722-ldo0: supplied by +1.35V_LP0(sd2)
[    0.570961] +1.8V_RUN_CAM: Bringing 0uV into 1800000-1800000uV
[    0.576879] +1.8V_RUN_CAM: ramp_delay not set
[    0.581428] as3722-ldo2: supplied by +1.8V_VDDIO
[    0.587150] as3722-ldo3: supplied by +3.3V_SYS
[    0.591610] +1.00V_LP0_VDD_RTC: Bringing 1100000uV into 1000000-1000000uV
[    0.598489] +1.00V_LP0_VDD_RTC: ramp_delay not set
[    0.604051] as3722-ldo4: supplied by +3.3V_SYS
[    0.608658] +3.3V_RUN_CAM: Bringing 0uV into 2800000-2800000uV
[    0.614574] +3.3V_RUN_CAM: ramp_delay not set
[    0.619113] as3722-ldo5: supplied by +1.8V_VDDIO
[    0.623888] +1.2V_RUN_CAM_FRONT: Bringing 0uV into 1200000-1200000uV
[    0.630334] +1.2V_RUN_CAM_FRONT: ramp_delay not set
[    0.635540] +VDDIO_SDMMC3: Bringing 0uV into 1800000-1800000uV
[    0.641467] +VDDIO_SDMMC3: ramp_delay not set
[    0.646016] as3722-ldo7: supplied by +1.8V_VDDIO
[    0.650800] +1.05V_RUN_CAM_REAR: Bringing 0uV into 1050000-1050000uV
[    0.657238] +1.05V_RUN_CAM_REAR: ramp_delay not set
[    0.662313] as3722-ldo9: supplied by +5V_SYS
[    0.666885] +2.8V_RUN_TOUCH: Bringing 0uV into 2800000-2800000uV
[    0.672983] +2.8V_RUN_TOUCH: ramp_delay not set
[    0.677710] as3722-ldo10: supplied by +5V_SYS
[    0.682218] +2.8V_RUN_CAM_AF: Bringing 0uV into 2800000-2800000uV
[    0.688404] +2.8V_RUN_CAM_AF: ramp_delay not set
[    0.693368] +1.8V_RUN_VPP_FUSE: Bringing 0uV into 1800000-1800000uV
[    0.699728] +1.8V_RUN_VPP_FUSE: ramp_delay not set
[    0.715580] cros-ec-spi spi32766.0: Chrome EC device registered
[    0.725146] random: fast init done
[    0.731039] m25p80 spi32765.0: w25q32dw (4096 Kbytes)
[    0.737446] libphy: Fixed MDIO Bus: probed
[    0.741547] CAN device driver interface
[    0.745403] igb: Intel(R) Gigabit Ethernet Network Driver - version 5.4.0-k
[    0.752353] igb: Copyright (c) 2007-2014 Intel Corporation.
[    0.758033] pegasus: v0.9.3 (2013/04/25), Pegasus/Pegasus II USB Ethernet driver
[    0.765456] usbcore: registered new interface driver pegasus
[    0.771164] usbcore: registered new interface driver asix
[    0.776587] usbcore: registered new interface driver ax88179_178a
[    0.782710] usbcore: registered new interface driver cdc_ether
[    0.788589] usbcore: registered new interface driver smsc75xx
[    0.794378] usbcore: registered new interface driver smsc95xx
[    0.800154] usbcore: registered new interface driver net1080
[    0.805837] usbcore: registered new interface driver cdc_subset
[    0.811787] usbcore: registered new interface driver zaurus
[    0.817401] usbcore: registered new interface driver cdc_ncm
[    0.823153] ehci_hcd: USB 2.0 'Enhanced' Host Controller (EHCI) Driver
[    0.829670] ehci-pci: EHCI PCI platform driver
[    0.834146] tegra-ehci: Tegra EHCI driver
[    0.838490] usbcore: registered new interface driver cdc_acm
[    0.844133] cdc_acm: USB Abstract Control Model driver for USB modems and ISDN adapters
[    0.852165] usbcore: registered new interface driver cdc_wdm
[    0.857875] usbcore: registered new interface driver usb-storage
[    0.864138] mousedev: PS/2 mouse device common for all mice
[    0.870009] input: cros_ec as /devices/soc0/7000d400.spi/spi_master/spi32766/spi32766.0/7000d400.spi:cros-ec@0:keyboard-controller/input/input0
[    0.885010] as3722-rtc as3722-rtc: rtc core: registered as3722-rtc as rtc0
[    0.891875] as3722-rtc as3722-rtc: RTC interrupt 370
[    0.898820] tegra_rtc 7000e000.rtc: rtc core: registered 7000e000.rtc as rtc1
[    0.905969] tegra_rtc 7000e000.rtc: Tegra internal Real Time Clock
[    0.912277] i2c /dev entries driver
[    0.916528] usbcore: registered new interface driver uvcvideo
[    0.922267] USB Video Class driver (1.1.1)
[    0.926350] gspca_main: v2.14.0 registered
[    0.930738] 0-004c supply vcc not found, using dummy regulator
[    0.938560] tegra-wdt 60005000.timer: initialized (heartbeat = 120 sec, nowayout = 0)
[    0.946970] sdhci: Secure Digital Host Controller Interface driver
[    0.953147] sdhci: Copyright(c) Pierre Ossman
[    0.957490] sdhci-pltfm: SDHCI platform and OF driver helper
[    0.963286] sdhci-tegra 700b0000.sdhci: allocated mmc-pwrseq
[    0.969085] sdhci-tegra 700b0400.sdhci: Got CD GPIO
[    0.973956] sdhci-tegra 700b0400.sdhci: Got WP GPIO
[    0.978984] mmc0: Unknown controller version (3). You may experience problems.
[    0.986216] mmc0: Invalid maximum block size, assuming 512 bytes
[    1.057592] mmc0: SDHCI controller on 700b0600.sdhci [700b0600.sdhci] using ADMA
[    1.067522] usbcore: registered new interface driver usbhid
[    1.076152] usbhid: USB HID core driver
[    1.084506] tegra30-i2s 70301100.i2s: DMA channels sourced from device 70300000.ahub
[    1.138053] max98090 0-0010: MAX98090 REVID=0x43
[    1.145425] max98090 0-0010: use default 2.8v micbias
[    1.148044] mmc0: new high speed MMC card at address 0001
[    1.148513] mmcblk0: mmc0:0001 MMC16G 14.4 GiB 
[    1.148708] mmcblk0boot0: mmc0:0001 MMC16G partition 1 2.00 MiB
[    1.148903] mmcblk0boot1: mmc0:0001 MMC16G partition 2 2.00 MiB
[    1.149082] mmcblk0rpmb: mmc0:0001 MMC16G partition 3 128 KiB
[    1.152293]  mmcblk0: p1 p2 p3 p4 p5 p6 p7 p8 p9 p10 p11 p12
[    1.186269] tegra-snd-max98090 sound: HiFi <-> 70301100.i2s mapping ok
[    1.194067] input: GoogleNyanBig Headphones as /devices/soc0/sound/sound/card1/input1
[    1.202178] input: GoogleNyanBig Mic Jack as /devices/soc0/sound/sound/card1/input2
[    1.210321] NET: Registered protocol family 10
[    1.225346] mip6: Mobile IPv6
[    1.228315] sit: IPv6, IPv4 and MPLS over IPv4 tunneling driver
[    1.235286] NET: Registered protocol family 17
[    1.239757] NET: Registered protocol family 15
[    1.244187] can: controller area network core (rev 20120528 abi 9)
[    1.250425] NET: Registered protocol family 29
[    1.254856] can: raw protocol (rev 20120528)
[    1.259119] can: broadcast manager protocol (rev 20160617 t)
[    1.264767] can: netlink gateway (rev 20130117) max_hops=1
[    1.270313] Bluetooth: RFCOMM socket layer initialized
[    1.275445] Bluetooth: RFCOMM ver 1.11
[    1.279192] Bluetooth: BNEP (Ethernet Emulation) ver 1.3
[    1.284493] Bluetooth: BNEP socket layer initialized
[    1.289459] Bluetooth: HIDP (Human Interface Emulation) ver 1.2
[    1.295367] Bluetooth: HIDP socket layer initialized
[    1.300452] Key type dns_resolver registered
[    1.305177] Registering SWP/SWPB emulation handler
[    1.326593] +3.3V_RUN: supplied by +3.3V_SYS
[    1.331530] +3.3V_AVDD_HDMI_AP_GATED: supplied by +3.3V_RUN
[    1.337136] +1.8V_RUN_CAM: supplied by +3.3V_RUN
[    1.341909] +VDDIO_SDMMC3: supplied by +3.3V_RUN
[    1.346556] +1.8V_RUN_VPP_FUSE: supplied by +3.3V_RUN
[    1.351717] +VDD_LED: supplied by +VDD_MUX
[    1.356030] +5V_VDD_TS_SW: supplied by +5V_SYS
[    1.360732] +5V_USB_HS: supplied by +5V_SYS
[    1.365330] +5V_USB_SS: supplied by +5V_SYS
[    1.370934] +3.3V_PANEL: supplied by +3.3V_RUN
[    1.376466] +3.3V_LP0: supplied by +3.3V_SYS
[    1.381617] +1.05V_RUN_AVDD_HDMI_PLL: supplied by +1.05V_RUN
[    1.387511] +5V_HDMI_CON: supplied by +5V_SYS
[    1.393026] usb3-0 supply vbus not found, using dummy regulator
[    1.399107] usb3-1 supply vbus not found, using dummy regulator
[    1.407721] tegra-sor 54540000.sor: failed to probe output: -517
[    1.413872] panel supply power not found, using dummy regulator
[    1.488314] tegra-xusb 70090000.usb: Firmware timestamp: 2014-09-16 02:10:07 UTC
[    1.495723] tegra-xusb 70090000.usb: xHCI Host Controller
[    1.501153] tegra-xusb 70090000.usb: new USB bus registered, assigned bus number 1
[    1.510746] tegra-xusb 70090000.usb: hcc params 0x0184f525 hci version 0x100 quirks 0x00010010
[    1.519417] tegra-xusb 70090000.usb: irq 342, io mem 0x70090000
[    1.526191] hub 1-0:1.0: USB hub found
[    1.530033] hub 1-0:1.0: 6 ports detected
[    1.534733] tegra-xusb 70090000.usb: xHCI Host Controller
[    1.540165] tegra-xusb 70090000.usb: new USB bus registered, assigned bus number 2
[    1.547852] usb usb2: We don't know the algorithms for LPM for this host, disabling LPM.
[    1.556764] hub 2-0:1.0: USB hub found
[    1.560576] hub 2-0:1.0: 2 ports detected
[    1.565810] sdhci-tegra 700b0000.sdhci: allocated mmc-pwrseq
[    1.571688] mmc1: Unknown controller version (3). You may experience problems.
[    1.578971] mmc1: Invalid maximum block size, assuming 512 bytes
[    1.585530] mmc1: Switching to 3.3V signalling voltage failed
[    1.647657] mmc1: SDHCI controller on 700b0000.sdhci [700b0000.sdhci] using ADMA
[    1.655243] sdhci-tegra 700b0400.sdhci: Got CD GPIO
[    1.660126] sdhci-tegra 700b0400.sdhci: Got WP GPIO
[    1.665104] mmc2: Unknown controller version (3). You may experience problems.
[    1.672406] mmc2: Invalid maximum block size, assuming 512 bytes
[    1.679481] +VDDIO_SDMMC3: ramp_delay not set
[    1.723111] mmc1: new high speed SDIO card at address 0001
[    1.747757] mmc2: SDHCI controller on 700b0400.sdhci [700b0400.sdhci] using ADMA
[    1.848739] input: tegra-hda HDMI/DP,pcm=3 as /devices/soc0/70030000.hda/sound/card0/input3
[    1.855588] [drm] Supports vblank timestamp caching Rev 2 (21.10.2013).
[    1.855589] [drm] No driver support for vblank timestamp query.
[    1.887613] usb 1-2: new high-speed USB device number 2 using tegra-xusb
[    1.909588] mmc2: new high speed SDHC card at address 0007
[    1.920151] mmcblk2: mmc2:0007 SD08G 7.42 GiB 
[    1.925257] Console: switching to colour frame buffer device 170x48
[    1.952117] drm drm: fb0:  frame buffer device
[    1.962277] GPT:Primary header alternate_lba != Alt. header my_lba
[    1.968492] GPT:3014591 != 15564799
[    1.971969] GPT:Primary header thinks Alt. header is not at the end of the disk.
[    1.979399] GPT:3014591 != 15564799
[    1.982881] GPT: Use GNU Parted to correct GPT errors.
[    1.988054] [drm] Initialized tegra 0.0.0 20120330 on minor 0
[    1.988734] input: gpio-keys as /devices/soc0/gpio-keys/input/input4
[    2.001218]  mmcblk2: p1 p2 p3 p4 p5 p6 p7 p8 p9 p10 p11 p12
[    2.006976] as3722-rtc as3722-rtc: setting system clock to 2000-01-01 00:00:22 UTC (946684822)
[    2.007328] +1.8V_RUN_CAM: disabling
[    2.016016] +1.2V_RUN_CAM_FRONT: disabling
[    2.019672] +1.05V_RUN_CAM_REAR: disabling
[    2.023809] +2.8V_RUN_TOUCH: disabling
[    2.027977] +2.8V_RUN_CAM_AF: disabling
[    2.031787] +1.8V_RUN_VPP_FUSE: disabling
[    2.035694] +5V_VDD_TS_SW: disabling
[    2.035704] ALSA device list:
[    2.035707]   #0: tegra-hda at 0x70038000 irq 341
[    2.035708]   #1: GoogleNyanBig
[    2.057618] EXT4-fs (mmcblk0p3): couldn't mount as ext3 due to feature incompatibilities
[    2.204575] uvcvideo: Found UVC 1.00 device HD WebCam (1bcf:2c67)
[    2.219659] input: HD WebCam as /devices/soc0/70090000.usb/usb1/1-2/1-2:1.0/input/input5
[    2.353928] EXT4-fs (mmcblk0p3): recovery complete
[    2.359483] EXT4-fs (mmcblk0p3): mounted filesystem with ordered data mode. Opts: (null)
[    2.367625] VFS: Mounted root (ext4 filesystem) on device 179:3.
[    2.374698] devtmpfs: mounted
[    2.378170] Freeing unused kernel memory: 1024K (c0c00000 - c0d00000)
bash: cannot set terminal process group (-1): Inappropriate ioctl for device
bash: no job control in this shell
root@(none):/# [    2.567648] usb 1-3: new high-speed USB device number 3 using tegra-xusb
[    3.217926] asix 1-3:1.0 eth0: register 'asix' at usb-70090000.usb-3, ASIX AX88772 USB 2.0 Ethernet, c8:d7:19:90:fa:65
[    3.567643] usb 1-1: new high-speed USB device number 4 using tegra-xusb
[    3.746387] usb-storage 1-1:1.0: USB Mass Storage device detected
[    3.763340] scsi host0: usb-storage 1-1:1.0
[    4.809547] scsi 0:0:0:0: Direct-Access     SanDisk  SDDR-113         9412 PQ: 0 ANSI: 0
[    4.982257] sd 0:0:0:0: [sda] 15523840 512-byte logical blocks: (7.95 GB/7.40 GiB)
[    4.991127] sd 0:0:0:0: [sda] Write Protect is off
[    4.995910] sd 0:0:0:0: [sda] Mode Sense: 03 00 00 00
[    5.002167] sd 0:0:0:0: [sda] No Caching mode page found
[    5.007479] sd 0:0:0:0: [sda] Assuming drive cache: write through
[    5.033183]  sda: sda1 sda2 sda3 sda4 sda5 sda6 sda7 sda8 sda9 sda10 sda11 sda12 sda13
[    5.046450] sd 0:0:0:0: [sda] Attached SCSI removable disk
mount -t sysfs none /sys
root@(none):/# 
root@(none):/# mount -t debugfs none /sys/kernel/debug
root@(none):/# 
root@(none):/# rtcwake -d rtc1 -m mem -s 3
rtcwake: assuming RTC uses UTC ...
rtcwake: wakeup from "mem" using /dev/rtc1 at Thu Jan  1 00:00:54 1970
[   31.858629] PM: Syncing filesystems ... [   31.863359] done.
[   31.869665] Freezing user space processes ... (elapsed 0.001 seconds) done.
[   31.877844] Freezing remaining freezable tasks ... (elapsed 0.001 seconds) done.
[   31.886504] Suspending console(s) (use no_console_suspend to debug)
[   31.893571] asix 1-3:1.0 eth0: Failed to read reg index 0x0000: -19
[   31.893576] asix 1-3:1.0 eth0: Error reading Medium Status register: ffffffed
[   31.893581] asix 1-3:1.0 eth0: Failed to write reg index 0x0000: -19
[   31.893585] asix 1-3:1.0 eth0: Failed to write Medium Mode mode to 0xfeed: ffffffed
[   32.119044] PM: suspend of devices complete after 225.674 msecs
[   32.120491] PM: late suspend of devices complete after 1.438 msecs
[   32.121392] PM: noirq suspend of devices complete after 0.897 msecs
[   32.121394] Disabling non-boot CPUs ...
[   32.177895] CPU1: shutdown
[   32.257911] CPU2: shutdown
[   32.357775] IRQ17 no longer affine to CPU3
[   32.357938] CPU3: shutdown
[   32.408569] Entering suspend state LP1
[   32.408569] Suspended for 2.984 seconds
[   32.408579] Enabling non-boot CPUs ...
[   32.438683] CPU1 is up
[   32.478842] CPU2 is up
[   32.519070] CPU3 is up
[   32.519646] PM: noirq resume of devices complete after 0.571 msecs
[   32.521023] PM: early resume of devices complete after 0.872 msecs
[   32.570667] mmc1: Switching to 3.3V signalling voltage failed
[   32.817601] tegra-sor 54540000.sor: failed to attach SOR: -110
[   33.071009] PM: resume of devices complete after 549.976 msecs
[   33.181796] Restarting tasks ... done.
root@(none):/# 
root@(none):/# 