
U-Boot SPL 2014.01-00219-gc4d376f (Feb 18 2014 - 19:57:18)


U-Boot 2014.01-00219-gc4d376f (Feb 18 2014 - 19:57:18)

TEGRA30
Board: NVIDIA Beaver
I2C:   ready
DRAM:  2 GiB
MMC:   Tegra SD/MMC: 0, Tegra SD/MMC: 1
In:    serial
Out:   serial
Err:   serial
Net:   Net Initialization Skipped
No ethernet found.
Hit any key to stop autoboot:  2  0 
Tegra30 (Beaver) # 
Tegra30 (Beaver) # usb reset
(Re)start USB...
USB0:   USB EHCI 1.00
scanning bus 0 for devices... 2 USB Device(s) found
       scanning usb for storage devices... 0 Storage Device(s) found
       scanning usb for ethernet devices... 
Warning: asx0 using MAC address from net device
1 Ethernet Device(s) found
Tegra30 (Beaver) # setenv bootargs 'ignore_loglevel console=ttyS0,115200n8 rw root=/dev/mmcblk0p1 rootwait gpt debug noinitrd earlyprintk init=/bin/bash'
Tegra30 (Beaver) # setenv ipaddr 192.168.100.101; setenv serverip 192.168.100.1; setenv tftpserverip 192.168.100.1
Tegra30 (Beaver) # tftpboot 0x81000000 zImage.multi_v7_defconfig
Using asx0 device
TFTP from server 192.168.100.1; our IP address is 192.168.100.101
Filename 'zImage.multi_v7_defconfig'.
Load address: 0x81000000
Loading: *#################################################################
	 #################################################################
	 #################################################################
	 #################################################################
	 #################################################################
	 #################################################################
	 #################################################################
	 ########
	 3.1 MiB/s
done
Bytes transferred = 6787472 (679190 hex)
Tegra30 (Beaver) # tftpboot 0x82000000 tegra30-beaver.dtb
Using asx0 device
TFTP from server 192.168.100.1; our IP address is 192.168.100.101
Filename 'tegra30-beaver.dtb'.
Load address: 0x82000000
Loading: *####
	 2.9 MiB/s
done
Bytes transferred = 51467 (c90b hex)
Tegra30 (Beaver) # bootz 0x81000000 - 0x82000000
Kernel image @ 0x81000000 [ 0x000000 - 0x679190 ]
## Flattened Device Tree blob at 82000000
   Booting using the fdt blob at 0x82000000
   Loading Device Tree to 8fff0000, end 8ffff90a ... OK

Starting kernel ...

[    0.000000] Booting Linux on physical CPU 0x0
[    0.000000] Linux version 4.5.0-rc2-next-20160202-69716-g65df5e9 (pwalmsley@sellafield) (gcc version 4.7.3 20130328 (prerelease) (crosstool-NG linaro-1.13.1-4.7-2013.04-20130415 - Linaro GCC 2013.04) ) #1 SMP Mon Feb 1 20:47:53 PST 2016
[    0.000000] CPU: ARMv7 Processor [412fc099] revision 9 (ARMv7), cr=10c5387d
[    0.000000] CPU: PIPT / VIPT nonaliasing data cache, VIPT aliasing instruction cache
[    0.000000] Machine model: NVIDIA Tegra30 Beaver evaluation board
[    0.000000] debug: ignoring loglevel setting.
[    0.000000] cma: Reserved 64 MiB at 0xfb800000
[    0.000000] Memory policy: Data cache writealloc
[    0.000000] On node 0 totalpages: 524032
[    0.000000] free_area_init_node: node 0, pgdat c1074600, node_mem_map eeff8000
[    0.000000]   DMA zone: 1536 pages used for memmap
[    0.000000]   DMA zone: 0 pages reserved
[    0.000000]   DMA zone: 196608 pages, LIFO batch:31
[    0.000000]   HighMem zone: 327424 pages, LIFO batch:31
[    0.000000] PERCPU: Embedded 13 pages/cpu @eef8f000 s22976 r8192 d22080 u53248
[    0.000000] pcpu-alloc: s22976 r8192 d22080 u53248 alloc=13*4096
[    0.000000] pcpu-alloc: [0] 0 [0] 1 [0] 2 [0] 3 
[    0.000000] Built 1 zonelists in Zone order, mobility grouping on.  Total pages: 522496
[    0.000000] Kernel command line: ignore_loglevel console=ttyS0,115200n8 rw root=/dev/mmcblk0p1 rootwait gpt debug noinitrd earlyprintk init=/bin/bash
[    0.000000] PID hash table entries: 4096 (order: 2, 16384 bytes)
[    0.000000] Dentry cache hash table entries: 131072 (order: 7, 524288 bytes)
[    0.000000] Inode-cache hash table entries: 65536 (order: 6, 262144 bytes)
[    0.000000] Memory: 1997780K/2096128K available (8503K kernel code, 1113K rwdata, 4052K rodata, 1104K init, 345K bss, 32812K reserved, 65536K cma-reserved, 1244160K highmem)
[    0.000000] Virtual kernel memory layout:
[    0.000000]     vector  : 0xffff0000 - 0xffff1000   (   4 kB)
[    0.000000]     fixmap  : 0xffc00000 - 0xfff00000   (3072 kB)
[    0.000000]     vmalloc : 0xf0800000 - 0xff800000   ( 240 MB)
[    0.000000]     lowmem  : 0xc0000000 - 0xf0000000   ( 768 MB)
[    0.000000]     pkmap   : 0xbfe00000 - 0xc0000000   (   2 MB)
[    0.000000]     modules : 0xbf000000 - 0xbfe00000   (  14 MB)
[    0.000000]       .text : 0xc0208000 - 0xc0e4beec   (12560 kB)
[    0.000000]       .init : 0xc0e4c000 - 0xc0f60000   (1104 kB)
[    0.000000]       .data : 0xc0f60000 - 0xc10765c0   (1114 kB)
[    0.000000]        .bss : 0xc1079000 - 0xc10cf620   ( 346 kB)
[    0.000000] SLUB: HWalign=64, Order=0-3, MinObjects=0, CPUs=4, Nodes=1
[    0.000000] Hierarchical RCU implementation.
[    0.000000] 	Build-time adjustment of leaf fanout to 32.
[    0.000000] 	RCU restricting CPUs from NR_CPUS=16 to nr_cpu_ids=4.
[    0.000000] RCU: Adjusting geometry for rcu_fanout_leaf=32, nr_cpu_ids=4
[    0.000000] NR_IRQS:16 nr_irqs:16 16
[    0.000000] /interrupt-controller@60004000: 160 interrupts forwarded to /interrupt-controller@50041000
[    0.000000] L2C: platform modifies aux control register: 0x02080000 -> 0x3e480001
[    0.000000] L2C: DT/platform modifies aux control register: 0x02080000 -> 0x3e480001
[    0.000000] L2C-310 erratum 769419 enabled
[    0.000000] L2C-310 enabling early BRESP for Cortex-A9
[    0.000000] L2C-310: enabling full line of zeros but not enabled in Cortex-A9
[    0.000000] L2C-310 dynamic clock gating enabled, standby mode enabled
[    0.000000] L2C-310 cache controller enabled, 8 ways, 1024 kB
[    0.000000] L2C-310: CACHE_ID 0x410000c7, AUX_CTRL 0x4e480001
[    0.000014] sched_clock: 32 bits at 1000kHz, resolution 1000ns, wraps every 2147483647500ns
[    0.000032] clocksource: timer_us: mask: 0xffffffff max_cycles: 0xffffffff, max_idle_ns: 1911260446275 ns
[    0.000041] Switching to timer-based delay loop, resolution 1000ns
[    0.002700] Console: colour dummy device 80x30
[    0.002726] Calibrating delay loop (skipped), value calculated using timer frequency.. 2.00 BogoMIPS (lpj=5000)
[    0.002735] pid_max: default: 32768 minimum: 301
[    0.002823] Mount-cache hash table entries: 2048 (order: 1, 8192 bytes)
[    0.002831] Mountpoint-cache hash table entries: 2048 (order: 1, 8192 bytes)
[    0.003251] CPU: Testing write buffer coherency: ok
[    0.003540] CPU0: thread -1, cpu 0, socket 0, mpidr 80000000
[    0.003607] Setting up static identity map for 0x80209000 - 0x80209098
[    0.005911] Tegra Revision: A03 SKU: 128 CPU Process: 4 SoC Process: 0
[    0.007132] CPU1: thread -1, cpu 1, socket 0, mpidr 80000001
[    0.007772] CPU2: thread -1, cpu 2, socket 0, mpidr 80000002
[    0.008411] CPU3: thread -1, cpu 3, socket 0, mpidr 80000003
[    0.008450] Brought up 4 CPUs
[    0.008462] SMP: Total of 4 processors activated (8.00 BogoMIPS).
[    0.008467] CPU: All CPU(s) started in SVC mode.
[    0.009050] devtmpfs: initialized
[    0.017187] VFP support v0.3: implementor 41 architecture 3 part 30 variant 9 rev 4
[    0.017859] clocksource: jiffies: mask: 0xffffffff max_cycles: 0xffffffff, max_idle_ns: 9556302231375000 ns
[    0.021304] pinctrl core: initialized pinctrl subsystem
[    0.022854] NET: Registered protocol family 16
[    0.025068] DMA: preallocated 256 KiB pool for atomic coherent allocations
[    0.039931] cpuidle: using governor menu
[    0.048340] No ATAGs?
[    0.048373] hw-breakpoint: found 5 (+1 reserved) breakpoint and 1 watchpoint registers.
[    0.048380] hw-breakpoint: maximum watchpoint size is 4 bytes.
[    0.051541] Serial: AMBA PL011 UART driver
[    0.052700] tegra-mc 7000f000.memory-controller: no memory timings for RAM code 3 registered
[    0.073041] vdd_5v_sata: Failed to request enable GPIO30: -517
[    0.073110] reg-fixed-voltage regulators:regulator@3: Failed to register regulator: -517
[    0.073222] usb1_vbus: Failed to request enable GPIO238: -517
[    0.073271] reg-fixed-voltage regulators:regulator@4: Failed to register regulator: -517
[    0.073378] usb3_vbus: Failed to request enable GPIO236: -517
[    0.073426] reg-fixed-voltage regulators:regulator@5: Failed to register regulator: -517
[    0.073582] sys_3v3_pexs: Failed to request enable GPIO95: -517
[    0.073630] reg-fixed-voltage regulators:regulator@7: Failed to register regulator: -517
[    0.075733] vgaarb: loaded
[    0.076347] SCSI subsystem initialized
[    0.076469] libata version 3.00 loaded.
[    0.076654] usbcore: registered new interface driver usbfs
[    0.076693] usbcore: registered new interface driver hub
[    0.076732] usbcore: registered new device driver usb
[    0.131721] pps_core: LinuxPPS API ver. 1 registered
[    0.131729] pps_core: Software ver. 5.3.6 - Copyright 2005-2007 Rodolfo Giometti <giometti@linux.it>
[    0.131744] PTP clock support registered
[    0.131887] EDAC MC: Ver: 3.0.0
[    0.133485] clocksource: Switched to clocksource timer_us
[    0.139505] NET: Registered protocol family 2
[    0.139892] TCP established hash table entries: 8192 (order: 3, 32768 bytes)
[    0.139946] TCP bind hash table entries: 8192 (order: 4, 65536 bytes)
[    0.140028] TCP: Hash tables configured (established 8192 bind 8192)
[    0.140119] UDP hash table entries: 512 (order: 2, 16384 bytes)
[    0.140179] UDP-Lite hash table entries: 512 (order: 2, 16384 bytes)
[    0.140356] NET: Registered protocol family 1
[    0.140629] RPC: Registered named UNIX socket transport module.
[    0.140636] RPC: Registered udp transport module.
[    0.140640] RPC: Registered tcp transport module.
[    0.140645] RPC: Registered tcp NFSv4.1 backchannel transport module.
[    0.140666] PCI: CLS 0 bytes, default 64
[    0.141419] hw perfevents: enabled with armv7_cortex_a9 PMU driver, 7 counters available
[    0.142393] futex hash table entries: 1024 (order: 4, 65536 bytes)
[    0.148672] squashfs: version 4.0 (2009/01/31) Phillip Lougher
[    0.149175] NFS: Registering the id_resolver key type
[    0.149213] Key type id_resolver registered
[    0.149218] Key type id_legacy registered
[    0.149272] ntfs: driver 2.1.32 [Flags: R/O].
[    0.150137] bounce: pool size: 64 pages
[    0.150268] Block layer SCSI generic (bsg) driver version 0.4 loaded (major 249)
[    0.150282] io scheduler noop registered
[    0.150292] io scheduler deadline registered
[    0.150313] io scheduler cfq registered (default)
[    0.155576] tegra30-pinctrl 70000868.pinmux: invalid group "sdmmc3_dat6_pd3" for function "rsvd1"
[    0.155591] tegra30-pinctrl 70000868.pinmux: invalid group "sdmmc3_dat7_pd4" for function "rsvd1"
[    0.155606] tegra30-pinctrl 70000868.pinmux: invalid group "vi_vsync_pd6" for function "rsvd1"
[    0.155616] tegra30-pinctrl 70000868.pinmux: invalid group "vi_hsync_pd7" for function "rsvd1"
[    0.156080] tegra30-pinctrl 70000868.pinmux: invalid group "hdmi_int_pn7" for function "rsvd1"
[    0.156124] tegra30-pinctrl 70000868.pinmux: invalid group "ulpi_data3_po4" for function "rsvd1"
[    0.156445] tegra30-pinctrl 70000868.pinmux: invalid group "vi_d10_pt2" for function "rsvd1"
[    0.156458] tegra30-pinctrl 70000868.pinmux: invalid group "vi_d11_pt3" for function "rsvd1"
[    0.156470] tegra30-pinctrl 70000868.pinmux: invalid group "vi_d0_pt4" for function "rsvd1"
[    0.156510] tegra30-pinctrl 70000868.pinmux: invalid group "pu0" for function "rsvd1"
[    0.156539] tegra30-pinctrl 70000868.pinmux: invalid group "pu3" for function "rsvd1"
[    0.156568] tegra30-pinctrl 70000868.pinmux: invalid group "pu6" for function "rsvd1"
[    0.156607] tegra30-pinctrl 70000868.pinmux: invalid group "pv3" for function "rsvd1"
[    0.157094] tegra30-pinctrl 70000868.pinmux: invalid group "pbb0" for function "rsvd1"
[    0.157204] tegra30-pinctrl 70000868.pinmux: invalid group "pcc1" for function "rsvd1"
[    0.162389] tegra-pcie 3000.pcie-controller: 2x3 configuration
[    0.162504] vdd_1v5_gen: supplied by vdd_5v_in
[    0.162551] vdd_pexa,vdd_pexb: supplied by vdd_1v5_gen
[    0.162650] tegra-pcie 3000.pcie-controller: Failed to get supply 'hvdd-pex': -517
[    0.166620] tegra-apbdma 6000a000.dma: Tegra20 APB DMA driver register 32 channels
[    0.167655] tegra-pmc 7000e400.pmc: i2c-thermtrip node not found, emergency thermal reset disabled.
[    0.200843] Serial: 8250/16550 driver, 4 ports, IRQ sharing disabled
[    0.202975] console [ttyS0] disabled
[    0.203013] 70006000.serial: ttyS0 at MMIO 0x70006000 (irq = 331, base_baud = 25500000) is a Tegra
[    1.118688] console [ttyS0] enabled
[    1.122672] SuperH (H)SCI(F) driver initialized
[    1.127799] msm_serial: driver initialized
[    1.132020] STMicroelectronics ASC driver initialized
[    1.138725] [drm] Initialized drm 1.1.0 20060810
[    1.144612] tegra-hdmi 54280000.hdmi: failed to get HDMI regulator
[    1.158599] brd: module loaded
[    1.165530] loop: module loaded
[    1.173472] m25p80 spi32766.1: w25q32 (4096 Kbytes)
[    1.180373] libphy: Fixed MDIO Bus: probed
[    1.184895] CAN device driver interface
[    1.189842] igb: Intel(R) Gigabit Ethernet Network Driver - version 5.3.0-k
[    1.196796] igb: Copyright (c) 2007-2014 Intel Corporation.
[    1.204127] pegasus: v0.9.3 (2013/04/25), Pegasus/Pegasus II USB Ethernet driver
[    1.211564] usbcore: registered new interface driver pegasus
[    1.217253] usbcore: registered new interface driver asix
[    1.222674] usbcore: registered new interface driver ax88179_178a
[    1.228787] usbcore: registered new interface driver cdc_ether
[    1.234656] usbcore: registered new interface driver smsc75xx
[    1.240434] usbcore: registered new interface driver smsc95xx
[    1.246201] usbcore: registered new interface driver net1080
[    1.251880] usbcore: registered new interface driver cdc_subset
[    1.257819] usbcore: registered new interface driver zaurus
[    1.263447] usbcore: registered new interface driver cdc_ncm
[    1.270482] ehci_hcd: USB 2.0 'Enhanced' Host Controller (EHCI) Driver
[    1.277014] ehci-pci: EHCI PCI platform driver
[    1.281484] ehci-platform: EHCI generic platform driver
[    1.286832] ehci-omap: OMAP-EHCI Host Controller driver
[    1.292134] ehci-orion: EHCI orion driver
[    1.296219] SPEAr-ehci: EHCI SPEAr driver
[    1.300305] ehci-st: EHCI STMicroelectronics driver
[    1.305259] ehci-exynos: EHCI EXYNOS driver
[    1.309531] ehci-atmel: EHCI Atmel driver
[    1.313617] tegra-ehci: Tegra EHCI driver
[    1.317944] ohci_hcd: USB 1.1 'Open' Host Controller (OHCI) Driver
[    1.324137] ohci-pci: OHCI PCI platform driver
[    1.328611] ohci-platform: OHCI generic platform driver
[    1.333940] ohci-omap3: OHCI OMAP3 driver
[    1.338024] SPEAr-ohci: OHCI SPEAr driver
[    1.342114] ohci-st: OHCI STMicroelectronics driver
[    1.347069] ohci-atmel: OHCI Atmel driver
[    1.351404] usbcore: registered new interface driver usb-storage
[    1.358401] mousedev: PS/2 mouse device common for all mice
[    1.366047] tegra_rtc 7000e000.rtc: rtc core: registered 7000e000.rtc as rtc1
[    1.373218] tegra_rtc 7000e000.rtc: Tegra internal Real Time Clock
[    1.391945] tps65910-rtc tps65910-rtc: rtc core: registered tps65910-rtc as rtc0
[    1.399542] i2c /dev entries driver
[    1.409396] sdhci: Secure Digital Host Controller Interface driver
[    1.415573] sdhci: Copyright(c) Pierre Ossman
[    1.420826] Synopsys Designware Multimedia Card Interface Driver
[    1.427474] sdhci-pltfm: SDHCI platform and OF driver helper
[    1.433658] sdhci-tegra 78000000.sdhci: Got CD GPIO
[    1.438553] sdhci-tegra 78000000.sdhci: Got WP GPIO
[    1.444568] mmc0: Invalid maximum block size, assuming 512 bytes
[    1.483565] mmc0: SDHCI controller on 78000000.sdhci [78000000.sdhci] using ADMA
[    1.494189] mmc1: Invalid maximum block size, assuming 512 bytes
[    1.533519] mmc1: SDHCI controller on 78000600.sdhci [78000600.sdhci] using ADMA
[    1.542060] ledtrig-cpu: registered to indicate activity on CPUs
[    1.548310] usbcore: registered new interface driver usbhid
[    1.553878] usbhid: USB HID core driver
[    1.560685] NET: Registered protocol family 10
[    1.565729] sit: IPv6 over IPv4 tunneling driver
[    1.572834] NET: Registered protocol family 17
[    1.577293] can: controller area network core (rev 20120528 abi 9)
[    1.583512] NET: Registered protocol family 29
[    1.587949] can: raw protocol (rev 20120528)
[    1.592219] can: broadcast manager protocol (rev 20120528 t)
[    1.597878] can: netlink gateway (rev 20130117) max_hops=1
[    1.603659] Key type dns_resolver registered
[    1.608342] ThumbEE CPU extension supported.
[    1.612630] Registering SWP/SWPB emulation handler
[    1.648573] tegra-pcie 3000.pcie-controller: 2x3 configuration
[    1.654546] sys_3v3,vdd_3v3_alw: supplied by vdd_5v_in
[    1.659704] sys_3v3_pexs: supplied by sys_3v3,vdd_3v3_alw
[    1.668363] tegra-pcie 3000.pcie-controller: probing port 0, using 2 lanes
[    1.696911] mmc1: new high speed MMC card at address 0001
[    1.704271] mmcblk0: mmc1:0001 SEM16G 14.8 GiB 
[    1.710145] mmcblk0boot0: mmc1:0001 SEM16G partition 1 1.00 MiB
[    1.717383] mmcblk0boot1: mmc1:0001 SEM16G partition 2 1.00 MiB
[    1.724627] mmcblk0rpmb: mmc1:0001 SEM16G partition 3 128 KiB
[    1.733550] tegra-pcie 3000.pcie-controller: probing port 2, using 2 lanes
[    1.736783] Primary GPT is invalid, using alternate GPT.
[    1.736797]  mmcblk0: p1 p2 p3 p4 p5
[    2.153104] tegra-pcie 3000.pcie-controller: link 2 down, retrying
[    2.562882] tegra-pcie 3000.pcie-controller: link 2 down, retrying
[    2.972860] tegra-pcie 3000.pcie-controller: link 2 down, retrying
[    2.981050] tegra-pcie 3000.pcie-controller: link 2 down, ignoring
[    2.987365] tegra-pcie 3000.pcie-controller: PCI host bridge to bus 0000:00
[    2.994328] pci_bus 0000:00: root bus resource [mem 0x20000000-0x27ffffff]
[    3.001194] pci_bus 0000:00: root bus resource [mem 0x28000000-0x3fffffff pref]
[    3.008494] pci_bus 0000:00: root bus resource [bus 00-ff]
[    3.013971] pci_bus 0000:00: root bus resource [io  0x1000-0xffff]
[    3.020164] pci 0000:00:01.0: [10de:0e1c] type 01 class 0x060400
[    3.026223] pci 0000:00:01.0: PME# supported from D0 D1 D2 D3hot D3cold
[    3.032997] PCI: bus0: Fast back to back transfers disabled
[    3.038568] pci 0000:00:01.0: bridge configuration invalid ([bus 00-00]), reconfiguring
[    3.046662] pci 0000:01:00.0: [10ec:8168] type 00 class 0x020000
[    3.052677] pci 0000:01:00.0: reg 0x10: [io  0x0000-0x00ff]
[    3.058256] pci 0000:01:00.0: reg 0x18: [mem 0x00000000-0x00000fff 64bit pref]
[    3.065476] pci 0000:01:00.0: reg 0x20: [mem 0x00000000-0x00003fff 64bit pref]
[    3.072759] pci 0000:01:00.0: supports D1 D2
[    3.077025] pci 0000:01:00.0: PME# supported from D0 D1 D2 D3hot D3cold
[    3.093508] PCI: bus1: Fast back to back transfers disabled
[    3.099079] pci_bus 0000:01: busn_res: [bus 01-ff] end is updated to 01
[    3.105746] pci 0000:00:01.0: BAR 9: assigned [mem 0x28000000-0x280fffff 64bit pref]
[    3.113483] pci 0000:00:01.0: BAR 7: assigned [io  0x1000-0x1fff]
[    3.119572] pci 0000:01:00.0: BAR 4: assigned [mem 0x28000000-0x28003fff 64bit pref]
[    3.127315] pci 0000:01:00.0: BAR 2: assigned [mem 0x28004000-0x28004fff 64bit pref]
[    3.135054] pci 0000:01:00.0: BAR 0: assigned [io  0x1000-0x10ff]
[    3.141142] pci 0000:00:01.0: PCI bridge to [bus 01]
[    3.146101] pci 0000:00:01.0:   bridge window [io  0x1000-0x1fff]
[    3.152185] pci 0000:00:01.0:   bridge window [mem 0x28000000-0x280fffff 64bit pref]
[    3.159931] pci 0000:00:01.0: nv_msi_ht_cap_quirk didn't locate host bridge
[    3.166985] pcieport 0000:00:01.0: enabling device (0140 -> 0143)
[    3.173221] pcieport 0000:00:01.0: Signaling PME through PCIe PME interrupt
[    3.180178] pci 0000:01:00.0: Signaling PME through PCIe PME interrupt
[    3.186697] pcie_pme 0000:00:01.0:pcie01: service driver pcie_pme loaded
[    3.193581] r8169 Gigabit Ethernet driver 2.3LK-NAPI loaded
[    3.199165] r8169 0000:01:00.0: enabling device (0140 -> 0143)
[    3.206271] r8169 0000:01:00.0 eth0: RTL8168evl/8111evl at 0xf09f2000, 02:04:4b:01:60:a6, XID 0c900800 IRQ 375
[    3.216271] r8169 0000:01:00.0 eth0: jumbo features [frames: 9200 bytes, tx checksumming: ko]
[    3.225698] +VDD_5V_HDMI: supplied by sys_3v3,vdd_3v3_alw
[    3.231209] vdd_1v8_gen: supplied by vdd_5v_in
[    3.238686] [drm] Supports vblank timestamp caching Rev 2 (21.10.2013).
[    3.245296] [drm] No driver support for vblank timestamp query.
[    3.251232] drm drm: No connectors reported connected with modes
[    3.257237] [drm] Cannot find any crtc or sizes - going 1024x768
[    3.284502] Console: switching to colour frame buffer device 128x48
[    3.296881] drm drm: fb0:  frame buffer device
[    3.313496] [drm] Initialized tegra 0.0.0 20120330 on minor 0
[    3.322142] usb3_vbus: supplied by vdd_5v_in
[    3.328662] utmi_phy_clk_enable: timeout waiting for phy to stabilize
[    3.335121] tegra-ehci 7d004000.usb: EHCI Host Controller
[    3.340536] tegra-ehci 7d004000.usb: new USB bus registered, assigned bus number 1
[    3.349209] tegra-ehci 7d004000.usb: irq 343, io mem 0x7d004000
[    3.363497] tegra-ehci 7d004000.usb: USB 2.0 started, EHCI 1.00
[    3.370353] hub 1-0:1.0: USB hub found
[    3.374136] hub 1-0:1.0: 1 port detected
[    3.379126] tegra-ehci 7d008000.usb: EHCI Host Controller
[    3.384540] tegra-ehci 7d008000.usb: new USB bus registered, assigned bus number 2
[    3.392324] tegra-ehci 7d008000.usb: irq 344, io mem 0x7d008000
[    3.403495] tegra-ehci 7d008000.usb: USB 2.0 started, EHCI 1.00
[    3.410256] hub 2-0:1.0: USB hub found
[    3.414032] hub 2-0:1.0: 1 port detected
[    3.422824] tps65910-rtc tps65910-rtc: setting system clock to 2000-01-01 00:00:02 UTC (946684802)
[    3.436669] vdd_sata,avdd_plle: disabling
[    3.441481] usb1_vbus: disabling
[    3.446730] EXT4-fs (mmcblk0p1): mounting ext3 file system using the ext4 subsystem
[    3.462773] EXT4-fs (mmcblk0p1): warning: mounting fs with errors, running e2fsck is recommended
[    3.473849] EXT4-fs (mmcblk0p1): recovery complete
[    3.478651] EXT4-fs (mmcblk0p1): mounted filesystem with ordered data mode. Opts: (null)
[    3.486761] VFS: Mounted root (ext3 filesystem) on device 179:1.
[    3.494690] devtmpfs: mounted
[    3.498715] Freeing unused kernel memory: 1104K (c0e4c000 - c0f60000)
bash: cannot set terminal process group (-1): Inappropriate ioctl for device
bash: no job control in this shell
root@(none):/# [    3.723509] usb 2-1: new high-speed USB device number 2 using tegra-ehci
mount -t sysfs none /sys
root@(none):/# 
root@(none):/# [    4.662099] asix 2-1:1.0 eth1: register 'asix' at usb-7d008000.usb-1, ASIX AX88772 USB 2.0 Ethernet, 00:50:b6:0f:67:60
mount -t debugfs none /sys/kernel/debug
root@(none):/# 
root@(none):/# rtcwake -d rtc1 -m mem -s 3
rtcwake: wakeup from "mem" using /dev/rtc1 at Thu Jan  1 00:00:21 1970
[    6.512203] PM: Syncing filesystems ... done.
[    6.526152] Freezing user space processes ... (elapsed 0.001 seconds) done.
[    6.534264] Freezing remaining freezable tasks ... (elapsed 0.001 seconds) done.
[    6.542876] Suspending console(s) (use no_console_suspend to debug)
[    6.582078] PM: suspend of devices complete after 31.929 msecs
[    6.582729] PM: late suspend of devices complete after 0.644 msecs
[    6.593960] PM: noirq suspend of devices complete after 11.223 msecs
[    6.593963] Disabling non-boot CPUs ...
[    6.594588] CPU1: shutdown
[    6.609868] CPU2: shutdown
[    6.624290] IRQ17 no longer affine to CPU3
[    6.624484] CPU3: shutdown
[    6.638970] Entering suspend state LP1
[    6.638982] Enabling non-boot CPUs ...
[    6.664488] CPU1 is up
[    6.689603] CPU2 is up
[    6.714732] CPU3 is up
[    6.715346] pcieport 0000:00:01.0: nv_msi_ht_cap_quirk didn't locate host bridge
[    6.728548] PM: noirq resume of devices complete after 13.808 msecs
[    6.730693] PM: early resume of devices complete after 1.750 msecs
[    6.796381] PM: resume of devices complete after 65.680 msecs
[    6.871580] Restarting tasks ... done.
root@(none):/# 
root@(none):/# rtcwake -d rtc1 -m mem -s 3
rtcwake: wakeup from "mem" using /dev/rtc1 at Thu Jan  1 00:00:25 1970
[    7.265294] PM: Syncing filesystems ... done.
[    7.278099] Freezing user space processes ... (elapsed 0.001 seconds) done.
[    7.286194] Freezing remaining freezable tasks ... (elapsed 0.001 seconds) done.
[    7.294805] Suspending console(s) (use no_console_suspend to debug)
[    7.337812] PM: suspend of devices complete after 35.833 msecs
[    7.340861] PM: late suspend of devices complete after 3.042 msecs
[    7.353927] PM: noirq suspend of devices complete after 13.059 msecs
[    7.353929] Disabling non-boot CPUs ...
[    7.354525] CPU1: shutdown
[    7.384603] IRQ17 no longer affine to CPU2
[    7.384820] CPU2: shutdown
[    7.399452] CPU3: shutdown
[    7.413950] Entering suspend state LP1
[    7.413965] Enabling non-boot CPUs ...
[    7.439622] CPU1 is up
[    7.464731] CPU2 is up
[    7.489870] CPU3 is up
[    7.490598] pcieport 0000:00:01.0: nv_msi_ht_cap_quirk didn't locate host bridge
[    7.503532] PM: noirq resume of devices complete after 13.649 msecs
[    7.505257] PM: early resume of devices complete after 1.283 msecs
[    7.571783] PM: resume of devices complete after 66.512 msecs
[    7.647226] Restarting tasks ... done.
root@(none):/# 
root@(none):/# rtcwake -d rtc1 -m mem -s 3
rtcwake: wakeup from "mem" using /dev/rtc1 at Thu Jan  1 00:00:29 1970
[    8.042282] PM: Syncing filesystems ... done.
[    8.056519] Freezing user space processes ... (elapsed 0.001 seconds) done.
[    8.064673] Freezing remaining freezable tasks ... (elapsed 0.001 seconds) done.
[    8.073324] Suspending console(s) (use no_console_suspend to debug)
[    8.112914] PM: suspend of devices complete after 32.134 msecs
[    8.116291] PM: late suspend of devices complete after 3.368 msecs
[    8.128990] PM: noirq suspend of devices complete after 12.691 msecs
[    8.128995] Disabling non-boot CPUs ...
[    8.129371] IRQ17 no longer affine to CPU1
[    8.129751] CPU1: shutdown
[    8.145059] CPU2: shutdown
[    8.159548] CPU3: shutdown
[    8.173952] Entering suspend state LP1
[    8.173967] Enabling non-boot CPUs ...
[    8.199590] CPU1 is up
[    8.224711] CPU2 is up
[    8.249819] CPU3 is up
[    8.250529] pcieport 0000:00:01.0: nv_msi_ht_cap_quirk didn't locate host bridge
[    8.263508] PM: noirq resume of devices complete after 13.678 msecs
[    8.264687] PM: early resume of devices complete after 0.745 msecs
[    8.331841] PM: resume of devices complete after 67.144 msecs
[    8.407284] Restarting tasks ... done.
root@(none):/# 
root@(none):/# rtcwake -d rtc1 -m mem -s 3
rtcwake: wakeup from "mem" using /dev/rtc1 at Thu Jan  1 00:00:33 1970
[    8.804325] PM: Syncing filesystems ... done.
[    8.817561] Freezing user space processes ... (elapsed 0.001 seconds) done.
[    8.825721] Freezing remaining freezable tasks ... (elapsed 0.001 seconds) done.
[    8.834372] Suspending console(s) (use no_console_suspend to debug)
[    8.872862] PM: suspend of devices complete after 31.050 msecs
[    8.873687] PM: late suspend of devices complete after 0.816 msecs
[    8.888983] PM: noirq suspend of devices complete after 15.287 msecs
[    8.888988] Disabling non-boot CPUs ...
[    8.889376] IRQ17 no longer affine to CPU1
[    8.889757] CPU1: shutdown
[    8.915038] CPU2: shutdown
[    8.929514] CPU3: shutdown
[    8.943923] Entering suspend state LP1
[    8.943938] Enabling non-boot CPUs ...
[    8.969569] CPU1 is up
[    8.994668] CPU2 is up
[    9.019809] CPU3 is up
[    9.020516] pcieport 0000:00:01.0: nv_msi_ht_cap_quirk didn't locate host bridge
[    9.033477] PM: noirq resume of devices complete after 13.659 msecs
[    9.035634] PM: early resume of devices complete after 1.720 msecs
[    9.106776] PM: resume of devices complete after 71.131 msecs
[    9.182208] Restarting tasks ... done.
root@(none):/# 
root@(none):/# rtcwake -d rtc1 -m mem -s 3
rtcwake: wakeup from "mem" using /dev/rtc1 at Thu Jan  1 00:00:37 1970
[    9.568012] PM: Syncing filesystems ... done.
[    9.582246] Freezing user space processes ... (elapsed 0.001 seconds) done.
[    9.590398] Freezing remaining freezable tasks ... (elapsed 0.001 seconds) done.
[    9.599059] Suspending console(s) (use no_console_suspend to debug)
[    9.642386] PM: suspend of devices complete after 35.866 msecs
[    9.643123] PM: late suspend of devices complete after 0.729 msecs
[    9.658951] PM: noirq suspend of devices complete after 15.820 msecs
[    9.658956] Disabling non-boot CPUs ...
[    9.659726] CPU1: shutdown
[    9.685005] CPU2: shutdown
[    9.699266] IRQ17 no longer affine to CPU3
[    9.699474] CPU3: shutdown
[    9.713898] Entering suspend state LP1
[    9.713914] Enabling non-boot CPUs ...
[    9.739557] CPU1 is up
[    9.764649] CPU2 is up
[    9.789782] CPU3 is up
[    9.790491] pcieport 0000:00:01.0: nv_msi_ht_cap_quirk didn't locate host bridge
[    9.803459] PM: noirq resume of devices complete after 13.670 msecs
[    9.806150] PM: early resume of devices complete after 2.255 msecs
[    9.876784] PM: resume of devices complete after 70.620 msecs
[    9.952221] Restarting tasks ... done.
root@(none):/# 
root@(none):/# NVTB SYSTEM SUSPEND TEST COMPLETE
