
U-Boot SPL 2016.05-rc2 (Apr 21 2016 - 16:23:00)
Trying to boot from RAM


U-Boot 2016.05-rc2 (Apr 21 2016 - 16:23:00 -0700)

TEGRA124
Model: NVIDIA Jetson TK1
Board: NVIDIA Jetson TK1
DRAM:  2 GiB
C:   Tegra SD/MMC: 0, Tegra SD/MMC: 1
In:    serial
Out:   serial
Err:   serial
Net:   No ethernet found.
Hit any key to stop autoboot:  2  0 
Tegra124 (Jetson TK1) # 
Tegra124 (Jetson TK1) # pci enum
Tegra124 (Jetson TK1) # setenv bootargs 'ignore_loglevel console=ttyS0,115200n8 rw root=PARTUUID=b1791faa-84e8-4e27-83a1-9fb0a77e8803 rootwait gpt debug noinitrd earlyprintk init=/bin/bash'
Tegra124 (Jetson TK1) # setenv ipaddr 192.168.100.102; setenv serverip 192.168.100.1; setenv tftpserverip 192.168.100.1
Tegra124 (Jetson TK1) # tftpboot 0x82000000 zImage.multi_v7_defconfig

Warning: eth_rtl8169 using MAC address from ROM
Using eth_rtl8169 device
TFTP from server 192.168.100.1; our IP address is 192.168.100.102
Filename 'zImage.multi_v7_defconfig'.
Load address: 0x82000000
Loading: *#################################################################
	 ###############################################################T T T ##
	 #################################################################
	 #################################################################
	 #################################################################
	 #################################################################
	 #################################################################
	 ##################################################
	 429.7 KiB/s
done
Bytes transferred = 7400656 (70ecd0 hex)
Tegra124 (Jetson TK1) # tftpboot 0x83000000 tegra124-jetson-tk1.dtb
Using eth_rtl8169 device
TFTP from server 192.168.100.1; our IP address is 192.168.100.102
Filename 'tegra124-jetson-tk1.dtb'.
Load address: 0x83000000
Loading: *#####
	 3.8 MiB/s
done
Bytes transferred = 67133 (1063d hex)
Tegra124 (Jetson TK1) # bootz 0x82000000 - 0x83000000
Kernel image @ 0x82000000 [ 0x000000 - 0x70ecd0 ]
## Flattened Device Tree blob at 83000000
   Booting using the fdt blob at 0x83000000
   Using Device Tree in place at 83000000, end 8301363c

Starting kernel ...

[    0.000000] Booting Linux on physical CPU 0x0
[    0.000000] Linux version 4.9.0-next-20161221-141935-ge4efff9 (pwalmsley@sellafield) (gcc version 4.7.3 20130328 (prerelease) (crosstool-NG linaro-1.13.1-4.7-2013.04-20130415 - Linaro GCC 2013.04) ) #1 SMP Tue Dec 20 18:50:23 PST 2016
[    0.000000] CPU: ARMv7 Processor [413fc0f3] revision 3 (ARMv7), cr=10c5387d
[    0.000000] CPU: div instructions available: patching division code
[    0.000000] CPU: PIPT / VIPT nonaliasing data cache, PIPT instruction cache
[    0.000000] OF: fdt:Machine model: NVIDIA Tegra124 Jetson TK1
[    0.000000] debug: ignoring loglevel setting.
[    0.000000] efi: Getting EFI parameters from FDT:
[    0.000000] efi: UEFI not found.
[    0.000000] cma: Reserved 64 MiB at 0xfb800000
[    0.000000] Memory policy: Data cache writealloc
[    0.000000] On node 0 totalpages: 524032
[    0.000000] free_area_init_node: node 0, pgdat c142a640, node_mem_map eeff8000
[    0.000000]   DMA zone: 1536 pages used for memmap
[    0.000000]   DMA zone: 0 pages reserved
[    0.000000]   DMA zone: 196608 pages, LIFO batch:31
[    0.000000]   HighMem zone: 327424 pages, LIFO batch:31
[    0.000000] percpu: Embedded 14 pages/cpu @eef8e000 s26048 r8192 d23104 u57344
[    0.000000] pcpu-alloc: s26048 r8192 d23104 u57344 alloc=14*4096
[    0.000000] pcpu-alloc: [0] 0 [0] 1 [0] 2 [0] 3 
[    0.000000] Built 1 zonelists in Zone order, mobility grouping on.  Total pages: 522496
[    0.000000] Kernel command line: ignore_loglevel console=ttyS0,115200n8 rw root=PARTUUID=b1791faa-84e8-4e27-83a1-9fb0a77e8803 rootwait gpt debug noinitrd earlyprintk init=/bin/bash
[    0.000000] PID hash table entries: 4096 (order: 2, 16384 bytes)
[    0.000000] Dentry cache hash table entries: 131072 (order: 7, 524288 bytes)
[    0.000000] Inode-cache hash table entries: 65536 (order: 6, 262144 bytes)
[    0.000000] Memory: 1994828K/2096128K available (9216K kernel code, 1200K rwdata, 4144K rodata, 2048K init, 470K bss, 35764K reserved, 65536K cma-reserved, 1244160K highmem)
[    0.000000] Virtual kernel memory layout:
[    0.000000]     vector  : 0xffff0000 - 0xffff1000   (   4 kB)
[    0.000000]     fixmap  : 0xffc00000 - 0xfff00000   (3072 kB)
[    0.000000]     vmalloc : 0xf0800000 - 0xff800000   ( 240 MB)
[    0.000000]     lowmem  : 0xc0000000 - 0xf0000000   ( 768 MB)
[    0.000000]     pkmap   : 0xbfe00000 - 0xc0000000   (   2 MB)
[    0.000000]     modules : 0xbf000000 - 0xbfe00000   (  14 MB)
[    0.000000]       .text : 0xc0208000 - 0xc0c00000   (10208 kB)
[    0.000000]       .init : 0xc1100000 - 0xc1300000   (2048 kB)
[    0.000000]       .data : 0xc1300000 - 0xc142c140   (1201 kB)
[    0.000000]        .bss : 0xc142e000 - 0xc14a3bb0   ( 471 kB)
[    0.000000] SLUB: HWalign=64, Order=0-3, MinObjects=0, CPUs=4, Nodes=1
[    0.000000] Hierarchical RCU implementation.
[    0.000000] 	Build-time adjustment of leaf fanout to 32.
[    0.000000] 	RCU restricting CPUs from NR_CPUS=16 to nr_cpu_ids=4.
[    0.000000] RCU: Adjusting geometry for rcu_fanout_leaf=32, nr_cpu_ids=4
[    0.000000] NR_IRQS:16 nr_irqs:16 16
[    0.000000] /interrupt-controller@60004000: 160 interrupts forwarded to /interrupt-controller@50041000
[    0.000000] Tegra clk 127: register failed with -17
[    0.000007] sched_clock: 32 bits at 1000kHz, resolution 1000ns, wraps every 2147483647500ns
[    0.000029] clocksource: timer_us: mask: 0xffffffff max_cycles: 0xffffffff, max_idle_ns: 1911260446275 ns
[    0.000043] Switching to timer-based delay loop, resolution 1000ns
[    0.004948] arm_arch_timer: Architected cp15 timer(s) running at 12.00MHz (virt).
[    0.004965] clocksource: arch_sys_counter: mask: 0xffffffffffffff max_cycles: 0x2c47f4ee7, max_idle_ns: 440795202497 ns
[    0.004982] sched_clock: 56 bits at 12MHz, resolution 83ns, wraps every 4398046511096ns
[    0.004994] Switching to timer-based delay loop, resolution 83ns
[    0.005449] Console: colour dummy device 80x30
[    0.005480] Calibrating delay loop (skipped), value calculated using timer frequency.. 24.00 BogoMIPS (lpj=120000)
[    0.005494] pid_max: default: 32768 minimum: 301
[    0.005593] Mount-cache hash table entries: 2048 (order: 1, 8192 bytes)
[    0.005604] Mountpoint-cache hash table entries: 2048 (order: 1, 8192 bytes)
[    0.006071] CPU: Testing write buffer coherency: ok
[    0.006318] /cpus/cpu@0 missing clock-frequency property
[    0.006359] /cpus/cpu@1 missing clock-frequency property
[    0.006400] /cpus/cpu@2 missing clock-frequency property
[    0.006442] /cpus/cpu@3 missing clock-frequency property
[    0.006454] CPU0: thread -1, cpu 0, socket 0, mpidr 80000000
[    0.006657] Setting up static identity map for 0x80300000 - 0x80300098
[    0.010198] Tegra Revision: A01 SKU: 129 CPU Process: 1 SoC Process: 1
[    0.010834] EFI services will not be available.
[    0.011077] smp: Bringing up secondary CPUs ...
[    0.011596] CPU1: thread -1, cpu 1, socket 0, mpidr 80000001
[    0.015110] CPU2: thread -1, cpu 2, socket 0, mpidr 80000002
[    0.025113] CPU3: thread -1, cpu 3, socket 0, mpidr 80000003
[    0.034629] smp: Brought up 1 node, 4 CPUs
[    0.034646] SMP: Total of 4 processors activated (96.00 BogoMIPS).
[    0.034653] CPU: All CPU(s) started in SVC mode.
[    0.036119] devtmpfs: initialized
[    0.052283] VFP support v0.3: implementor 41 architecture 4 part 30 variant f rev 0
[    0.052678] clocksource: jiffies: mask: 0xffffffff max_cycles: 0xffffffff, max_idle_ns: 19112604462750000 ns
[    0.054031] pinctrl core: initialized pinctrl subsystem
[    0.055702] NET: Registered protocol family 16
[    0.057643] DMA: preallocated 256 KiB pool for atomic coherent allocations
[    0.084833] cpuidle: using governor menu
[    0.111869] No ATAGs?
[    0.112009] hw-breakpoint: found 5 (+1 reserved) breakpoint and 4 watchpoint registers.
[    0.112022] hw-breakpoint: maximum watchpoint size is 8 bytes.
[    0.118628] Serial: AMBA PL011 UART driver
[    0.159972] +5V_SYS: supplied by +VDD_MUX
[    0.160250] +3.3V_SYS: supplied by +VDD_MUX
[    0.160850] +USB0_VBUS_SW: Failed to request enable GPIO108: -517
[    0.160864] reg-fixed-voltage regulators:regulator@7: Failed to register regulator: -517
[    0.160955] +5V_USB_HS: Failed to request enable GPIO109: -517
[    0.160967] reg-fixed-voltage regulators:regulator@8: Failed to register regulator: -517
[    0.161132] +1.05V_RUN_AVDD_HDMI_PLL: Failed to request enable GPIO63: -517
[    0.161144] reg-fixed-voltage regulators:regulator@11: Failed to register regulator: -517
[    0.161231] +5V_HDMI_CON: Failed to request enable GPIO86: -517
[    0.161242] reg-fixed-voltage regulators:regulator@12: Failed to register regulator: -517
[    0.161327] +5V_SATA: Failed to request enable GPIO242: -517
[    0.161338] reg-fixed-voltage regulators:regulator@13: Failed to register regulator: -517
[    0.161423] +12V_SATA: Failed to request enable GPIO242: -517
[    0.161435] reg-fixed-voltage regulators:regulator@14: Failed to register regulator: -517
[    0.164656] vgaarb: loaded
[    0.165466] SCSI subsystem initialized
[    0.165627] libata version 3.00 loaded.
[    0.165866] usbcore: registered new interface driver usbfs
[    0.165925] usbcore: registered new interface driver hub
[    0.165983] usbcore: registered new device driver usb
[    0.169443] pps_core: LinuxPPS API ver. 1 registered
[    0.169453] pps_core: Software ver. 5.3.6 - Copyright 2005-2007 Rodolfo Giometti <giometti@linux.it>
[    0.169476] PTP clock support registered
[    0.169665] EDAC MC: Ver: 3.0.0
[    0.172647] clocksource: Switched to clocksource arch_sys_counter
[    0.182480] NET: Registered protocol family 2
[    0.183010] TCP established hash table entries: 8192 (order: 3, 32768 bytes)
[    0.183107] TCP bind hash table entries: 8192 (order: 4, 65536 bytes)
[    0.183293] TCP: Hash tables configured (established 8192 bind 8192)
[    0.183346] UDP hash table entries: 512 (order: 2, 16384 bytes)
[    0.183387] UDP-Lite hash table entries: 512 (order: 2, 16384 bytes)
[    0.183524] NET: Registered protocol family 1
[    0.183814] RPC: Registered named UNIX socket transport module.
[    0.183823] RPC: Registered udp transport module.
[    0.183830] RPC: Registered tcp transport module.
[    0.183837] RPC: Registered tcp NFSv4.1 backchannel transport module.
[    0.183847] PCI: CLS 0 bytes, default 64
[    0.185061] hw perfevents: enabled with armv7_cortex_a15 PMU driver, 7 counters available
[    0.186339] futex hash table entries: 1024 (order: 4, 65536 bytes)
[    0.186978] workingset: timestamp_bits=30 max_order=19 bucket_order=0
[    0.195245] squashfs: version 4.0 (2009/01/31) Phillip Lougher
[    0.195954] NFS: Registering the id_resolver key type
[    0.195979] Key type id_resolver registered
[    0.195987] Key type id_legacy registered
[    0.196027] ntfs: driver 2.1.32 [Flags: R/O].
[    0.197581] bounce: pool size: 64 pages
[    0.197758] Block layer SCSI generic (bsg) driver version 0.4 loaded (major 248)
[    0.197768] io scheduler noop registered
[    0.197775] io scheduler deadline registered
[    0.197940] io scheduler cfq registered (default)
[    0.202791] usb2-0 supply vbus not found, using dummy regulator
[    0.202909] usb2-1 supply vbus not found, using dummy regulator
[    0.203303] tegra-xusb-padctl 7009f000.padctl: failed to setup XUSB ports: -517
[    0.219876] tegra-pcie 1003000.pcie-controller: 2x1, 1x1 configuration
[    0.219930] tegra-pcie 1003000.pcie-controller: Failed to get supply 'avddio-pex': -517
[    0.226011] tegra124-dfll 70110000.clock: couldn't get vdd_cpu regulator
[    0.233730] tegra-apbdma 60020000.dma: Tegra20 APB DMA driver register 32 channels
[    0.235741] tegra-pmc 7000e400.pmc: emergency thermal reset enabled
[    0.292407] Serial: 8250/16550 driver, 4 ports, IRQ sharing disabled
[    0.295263] console [ttyS0] disabled
[    0.295299] 70006300.serial: ttyS0 at MMIO 0x70006300 (irq = 335, base_baud = 25500000) is a Tegra
[    1.173380] console [ttyS0] enabled
[    1.177718] SuperH (H)SCI(F) driver initialized
[    1.183299] msm_serial: driver initialized
[    1.187578] STMicroelectronics ASC driver initialized
[    1.193512] 70006000.serial: ttyTHS1 at MMIO 0x70006000 (irq = 333, base_baud = 0) is a TEGRA_UART
[    1.202817] 70006040.serial: ttyTHS2 at MMIO 0x70006040 (irq = 334, base_baud = 0) is a TEGRA_UART
[    1.215011] [drm] Initialized
[    1.221194] tegra-hdmi 54280000.hdmi: failed to get HDMI regulator
[    1.239982] brd: module loaded
[    1.248425] loop: module loaded
[    1.252774] at24 0-0056: 256 byte 24c02 EEPROM, writable, 8 bytes/write
[    1.260997] as3722 4-0040: AS3722 with revision 0x1 found
[    1.272718] as3722-sd2: supplied by +5V_SYS
[    1.277322] as3722-sd3: supplied by +5V_SYS
[    1.281702] +1.35V_LP0(sd3): Bringing 0uV into 1350000-1350000uV
[    1.288146] as3722-sd4: supplied by +5V_SYS
[    1.292775] as3722-sd5: supplied by +5V_SYS
[    1.298760] as3722-ldo0: supplied by +1.35V_LP0(sd2)
[    1.304819] +1.8V_RUN_CAM: Bringing 0uV into 1800000-1800000uV
[    1.311032] as3722-ldo2: supplied by +1.8V_VDDIO
[    1.316936] as3722-ldo3: supplied by +3.3V_SYS
[    1.321410] +1.05V_LP0_VDD_RTC: Bringing 1100000uV into 1000000-1000000uV
[    1.329214] as3722-ldo4: supplied by +3.3V_SYS
[    1.333880] +2.8V_RUN_CAM: Bringing 0uV into 2800000-2800000uV
[    1.340089] as3722-ldo5: supplied by +1.8V_VDDIO
[    1.344930] +1.2V_RUN_CAM_FRONT: Bringing 0uV into 1200000-1200000uV
[    1.351851] +VDDIO_SDMMC3: bypassed regulator has no supply!
[    1.357522] +VDDIO_SDMMC3: failed to get the current voltage(-517)
[    1.363714] as3722-regulator as3722-regulator: regulator 13 register failed -517
[    1.376391] tegra-ahci 70027000.sata: couldn't get PHY in node sata: -517
[    1.397842] random: fast init done
[    1.401370] m25p80 spi32765.0: w25q32dw (4096 Kbytes)
[    1.409237] libphy: Fixed MDIO Bus: probed
[    1.414291] CAN device driver interface
[    1.419064] bgmac_bcma: Broadcom 47xx GBit MAC driver loaded
[    1.426224] e1000e: Intel(R) PRO/1000 Network Driver - 3.2.6-k
[    1.432047] e1000e: Copyright(c) 1999 - 2015 Intel Corporation.
[    1.438022] igb: Intel(R) Gigabit Ethernet Network Driver - version 5.4.0-k
[    1.444987] igb: Copyright (c) 2007-2014 Intel Corporation.
[    1.454243] pegasus: v0.9.3 (2013/04/25), Pegasus/Pegasus II USB Ethernet driver
[    1.461668] usbcore: registered new interface driver pegasus
[    1.467386] usbcore: registered new interface driver asix
[    1.472828] usbcore: registered new interface driver ax88179_178a
[    1.478943] usbcore: registered new interface driver cdc_ether
[    1.484838] usbcore: registered new interface driver smsc75xx
[    1.490621] usbcore: registered new interface driver smsc95xx
[    1.496404] usbcore: registered new interface driver net1080
[    1.502085] usbcore: registered new interface driver cdc_subset
[    1.508046] usbcore: registered new interface driver zaurus
[    1.513673] usbcore: registered new interface driver cdc_ncm
[    1.519539] tegra-phy 7d004000.usb-phy: no vbus regulator
[    1.526972] ehci_hcd: USB 2.0 'Enhanced' Host Controller (EHCI) Driver
[    1.533504] ehci-pci: EHCI PCI platform driver
[    1.537983] ehci-platform: EHCI generic platform driver
[    1.543436] ehci-orion: EHCI orion driver
[    1.547579] SPEAr-ehci: EHCI SPEAr driver
[    1.551729] ehci-st: EHCI STMicroelectronics driver
[    1.556758] ehci-exynos: EHCI EXYNOS driver
[    1.561099] ehci-atmel: EHCI Atmel driver
[    1.565263] tegra-ehci: Tegra EHCI driver
[    1.572096] tegra-ehci 7d004000.usb: EHCI Host Controller
[    1.577521] tegra-ehci 7d004000.usb: new USB bus registered, assigned bus number 1
[    1.585301] tegra-ehci 7d004000.usb: irq 354, io mem 0x7d004000
[    1.612676] tegra-ehci 7d004000.usb: USB 2.0 started, EHCI 1.10
[    1.619375] hub 1-0:1.0: USB hub found
[    1.623178] hub 1-0:1.0: 1 port detected
[    1.627666] ohci_hcd: USB 1.1 'Open' Host Controller (OHCI) Driver
[    1.633882] ohci-pci: OHCI PCI platform driver
[    1.638363] ohci-platform: OHCI generic platform driver
[    1.643776] ohci-omap3: OHCI OMAP3 driver
[    1.647923] SPEAr-ohci: OHCI SPEAr driver
[    1.652072] ohci-st: OHCI STMicroelectronics driver
[    1.657101] ohci-atmel: OHCI Atmel driver
[    1.661905] usbcore: registered new interface driver usb-storage
[    1.669540] mousedev: PS/2 mouse device common for all mice
[    1.678359] as3722-rtc as3722-rtc: rtc core: registered as3722-rtc as rtc0
[    1.685247] as3722-rtc as3722-rtc: RTC interrupt 377
[    1.693535] tegra_rtc 7000e000.rtc: rtc core: registered 7000e000.rtc as rtc1
[    1.700692] tegra_rtc 7000e000.rtc: Tegra internal Real Time Clock
[    1.707439] i2c /dev entries driver
[    1.717796] 0-004c supply vcc not found, using dummy regulator
[    1.733468] sdhci: Secure Digital Host Controller Interface driver
[    1.739639] sdhci: Copyright(c) Pierre Ossman
[    1.745655] Synopsys Designware Multimedia Card Interface Driver
[    1.752853] sdhci-pltfm: SDHCI platform and OF driver helper
[    1.759259] sdhci-tegra 700b0400.sdhci: Got CD GPIO
[    1.764169] sdhci-tegra 700b0400.sdhci: Got WP GPIO
[    1.769283] mmc0: Unknown controller version (3). You may experience problems.
[    1.776593] mmc0: Invalid maximum block size, assuming 512 bytes
[    1.842671] mmc0: SDHCI controller on 700b0600.sdhci [700b0600.sdhci] using ADMA
[    1.852044] ledtrig-cpu: registered to indicate activity on CPUs
[    1.858451] usbcore: registered new interface driver usbhid
[    1.864033] usbhid: USB HID core driver
[    1.871749] NET: Registered protocol family 10
[    1.877091] Segment Routing with IPv6
[    1.880798] sit: IPv6, IPv4 and MPLS over IPv4 tunneling driver
[    1.887339] NET: Registered protocol family 17
[    1.891783] can: controller area network core (rev 20120528 abi 9)
[    1.898024] NET: Registered protocol family 29
[    1.902462] can: raw protocol (rev 20120528)
[    1.906742] can: broadcast manager protocol (rev 20161123 t)
[    1.912395] can: netlink gateway (rev 20130117) max_hops=1
[    1.918203] Key type dns_resolver registered
[    1.923008] ThumbEE CPU extension supported.
[    1.927277] Registering SWP/SWPB emulation handler
[    1.946313] +3.3V_RUN: supplied by +3.3V_SYS
[    1.951359] +3.3V_AVDD_HDMI_AP_GATED: supplied by +3.3V_RUN
[    1.957441] +USB0_VBUS_SW: supplied by +5V_SYS
[    1.962373] +5V_USB_HS: supplied by +5V_SYS
[    1.967911] +3.3V_LP0: supplied by +3.3V_SYS
[    1.973708] +5V_HDMI_CON: supplied by +5V_SYS
[    1.978580] +5V_SATA: supplied by +5V_SYS
[    1.983317] +12V_SATA: supplied by +VDD_MUX
[    1.989118] usb2-0 supply vbus not found, using dummy regulator
[    1.995228] usb2-1 supply vbus not found, using dummy regulator
[    2.001501] usb3-0 supply vbus not found, using dummy regulator
[    2.002204] mmc0: new high speed MMC card at address 0001
[    2.003573] mmcblk0: mmc0:0001 SEM16G 14.7 GiB 
[    2.004658] mmcblk0boot0: mmc0:0001 SEM16G partition 1 4.00 MiB
[    2.005697] mmcblk0boot1: mmc0:0001 SEM16G partition 2 4.00 MiB
[    2.006461] mmcblk0rpmb: mmc0:0001 SEM16G partition 3 4.00 MiB
[    2.009394]  mmcblk0: p1
[    2.038909] tegra-pcie 1003000.pcie-controller: 2x1, 1x1 configuration
[    2.045549] tegra-pcie 1003000.pcie-controller: Failed to get supply 'avddio-pex': -517
[    2.056736] tegra124-dfll 70110000.clock: couldn't get vdd_cpu regulator
[    2.067524] tegra-hdmi 54280000.hdmi: failed to get PLL regulator
[    2.078788] as3722-sd2: supplied by +5V_SYS
[    2.083405] as3722-sd3: supplied by +5V_SYS
[    2.087904] as3722-sd4: supplied by +5V_SYS
[    2.092285] +1.05V_RUN_AVDD_HDMI_PLL: supplied by +1.05V_RUN
[    2.098114] as3722-sd5: supplied by +5V_SYS
[    2.104083] as3722-ldo0: supplied by +1.35V_LP0(sd2)
[    2.109793] as3722-ldo1: supplied by +3.3V_RUN
[    2.114686] as3722-ldo2: supplied by +1.8V_VDDIO
[    2.120179] as3722-ldo3: supplied by +3.3V_SYS
[    2.125593] as3722-ldo4: supplied by +3.3V_SYS
[    2.130265] as3722-ldo5: supplied by +1.8V_VDDIO
[    2.135131] as3722-ldo6: supplied by +3.3V_RUN
[    2.139800] as3722-ldo7: supplied by +1.8V_VDDIO
[    2.144971] +1.05V_RUN_CAM_REAR: Bringing 0uV into 1050000-1050000uV
[    2.151820] as3722-ldo9: supplied by +5V_SYS
[    2.157201] +3.3V_RUN_TOUCH: Bringing 0uV into 2800000-2800000uV
[    2.163937] as3722-ldo10: supplied by +5V_SYS
[    2.169061] +2.8V_RUN_CAM_AF: Bringing 0uV into 2800000-2800000uV
[    2.175889] as3722-ldo11: supplied by +3.3V_RUN
[    2.181189] +1.8V_RUN_VPP_FUSE: Bringing 0uV into 1800000-1800000uV
[    2.190728] tegra-ahci 70027000.sata: AHCI 0001.0301 32 slots 2 ports 3 Gbps 0x1 impl platform mode
[    2.199802] tegra-ahci 70027000.sata: flags: 64bit ncq sntf pm led pio slum part sadm sds apst 
[    2.210285] scsi host0: tegra-ahci
[    2.214888] scsi host1: tegra-ahci
[    2.218582] ata1: SATA max UDMA/133 mmio [mem 0x70027000-0x70028fff] port 0x100 irq 345
[    2.226618] ata2: DUMMY
[    2.232487] tegra-ehci 7d008000.usb: EHCI Host Controller
[    2.237941] tegra-ehci 7d008000.usb: new USB bus registered, assigned bus number 2
[    2.245690] tegra-ehci 7d008000.usb: irq 355, io mem 0x7d008000
[    2.272769] tegra-ehci 7d008000.usb: USB 2.0 started, EHCI 1.10
[    2.279798] hub 2-0:1.0: USB hub found
[    2.283650] hub 2-0:1.0: 1 port detected
[    2.290097] sdhci-tegra 700b0400.sdhci: Got CD GPIO
[    2.295045] sdhci-tegra 700b0400.sdhci: Got WP GPIO
[    2.300118] mmc1: Unknown controller version (3). You may experience problems.
[    2.307450] mmc1: Invalid maximum block size, assuming 512 bytes
[    2.373196] mmc1: SDHCI controller on 700b0400.sdhci [700b0400.sdhci] using ADMA
[    2.381323] tegra-pcie 1003000.pcie-controller: 2x1, 1x1 configuration
[    2.389852] tegra-pcie 1003000.pcie-controller: probing port 0, using 2 lanes
[    2.399222] tegra-pcie 1003000.pcie-controller: Slot present pin change, signature: 00000008
[    2.423661] tegra-pcie 1003000.pcie-controller: probing port 1, using 1 lanes
[    2.432875] tegra-pcie 1003000.pcie-controller: Slot present pin change, signature: 00000000
[    2.447090] tegra-pcie 1003000.pcie-controller: PCI host bridge to bus 0000:00
[    2.454354] pci_bus 0000:00: root bus resource [io  0x0000-0xffff]
[    2.460539] pci_bus 0000:00: root bus resource [mem 0x13000000-0x1fffffff]
[    2.467446] pci_bus 0000:00: root bus resource [mem 0x20000000-0x3fffffff pref]
[    2.474797] pci_bus 0000:00: root bus resource [bus 00-ff]
[    2.480323] pci 0000:00:01.0: [10de:0e12] type 01 class 0x060400
[    2.486453] pci_bus 0000:00: 2-byte config write to 0000:00:01.0 offset 0x52 may corrupt adjacent RW1C bits
[    2.496276] pci 0000:00:01.0: PME# supported from D0 D1 D2 D3hot D3cold
[    2.502942] pci_bus 0000:00: 2-byte config write to 0000:00:01.0 offset 0x4c may corrupt adjacent RW1C bits
[    2.513043] pci 0000:00:02.0: [10de:0e13] type 01 class 0x060400
[    2.519129] pci_bus 0000:00: 2-byte config write to 0000:00:02.0 offset 0x52 may corrupt adjacent RW1C bits
[    2.528950] pci 0000:00:02.0: PME# supported from D0 D1 D2 D3hot D3cold
[    2.535611] pci_bus 0000:00: 2-byte config write to 0000:00:02.0 offset 0x4c may corrupt adjacent RW1C bits
[    2.545677] pci_bus 0000:00: 2-byte config write to 0000:00:01.0 offset 0x3e may corrupt adjacent RW1C bits
[    2.555465] pci_bus 0000:00: 2-byte config write to 0000:00:02.0 offset 0x3e may corrupt adjacent RW1C bits
[    2.556419] ata1: SATA link down (SStatus 0 SControl 300)
[    2.570631] pci_bus 0000:00: 2-byte config write to 0000:00:01.0 offset 0x4 may corrupt adjacent RW1C bits
[    2.580288] pci_bus 0000:00: 1-byte config write to 0000:00:01.0 offset 0xc may corrupt adjacent RW1C bits
[    2.589946] pci_bus 0000:00: 2-byte config write to 0000:00:02.0 offset 0x4 may corrupt adjacent RW1C bits
[    2.599604] pci_bus 0000:00: 1-byte config write to 0000:00:02.0 offset 0xc may corrupt adjacent RW1C bits
[    2.609288] PCI: bus0: Fast back to back transfers disabled
[    2.614876] pci 0000:00:01.0: bridge configuration invalid ([bus 00-00]), reconfiguring
[    2.622902] pci 0000:00:02.0: bridge configuration invalid ([bus 00-00]), reconfiguring
[    2.631138] pci 0000:01:00.0: [8086:4232] type 00 class 0x028000
[    2.637221] pci 0000:01:00.0: reg 0x10: [mem 0x00000000-0x00001fff 64bit]
[    2.644220] pci 0000:01:00.0: PME# supported from D0 D3hot D3cold
[    2.666394] mmc1: new high speed SDHC card at address aaaa
[    2.672758] PCI: bus1: Fast back to back transfers disabled
[    2.678356] pci_bus 0000:01: busn_res: [bus 01-ff] end is updated to 01
[    2.685232] pci 0000:02:00.0: [10ec:8168] type 00 class 0x020000
[    2.691264] pci 0000:02:00.0: reg 0x10: [io  0x0000-0x00ff]
[    2.696903] pci 0000:02:00.0: reg 0x18: [mem 0x00000000-0x00000fff 64bit]
[    2.703730] pci 0000:02:00.0: reg 0x20: [mem 0x00000000-0x00003fff 64bit pref]
[    2.711096] pci 0000:02:00.0: supports D1 D2
[    2.715379] pci 0000:02:00.0: PME# supported from D0 D1 D2 D3hot D3cold
[    2.722278] mmcblk1: mmc1:aaaa SD04G 3.69 GiB 
[    2.739587]  mmcblk1: p1 p2 p3
[    2.742865] PCI: bus2: Fast back to back transfers disabled
[    2.748460] pci_bus 0000:02: busn_res: [bus 02-ff] end is updated to 02
[    2.755315] pci 0000:00:01.0: BAR 8: assigned [mem 0x13000000-0x130fffff]
[    2.762104] pci 0000:00:02.0: BAR 8: assigned [mem 0x13100000-0x131fffff]
[    2.768942] pci 0000:00:02.0: BAR 9: assigned [mem 0x20000000-0x200fffff 64bit pref]
[    2.776720] pci 0000:00:02.0: BAR 7: assigned [io  0x1000-0x1fff]
[    2.782844] pci 0000:01:00.0: BAR 0: assigned [mem 0x13000000-0x13001fff 64bit]
[    2.790182] pci 0000:00:01.0: PCI bridge to [bus 01]
[    2.795189] pci 0000:00:01.0:   bridge window [mem 0x13000000-0x130fffff]
[    2.801986] pci 0000:02:00.0: BAR 4: assigned [mem 0x20000000-0x20003fff 64bit pref]
[    2.809761] pci 0000:02:00.0: BAR 2: assigned [mem 0x13100000-0x13100fff 64bit]
[    2.817121] pci 0000:02:00.0: BAR 0: assigned [io  0x1000-0x10ff]
[    2.823238] pci 0000:00:02.0: PCI bridge to [bus 02]
[    2.828210] pci 0000:00:02.0:   bridge window [io  0x1000-0x1fff]
[    2.834342] pci 0000:00:02.0:   bridge window [mem 0x13100000-0x131fffff]
[    2.841124] pci 0000:00:02.0:   bridge window [mem 0x20000000-0x200fffff 64bit pref]
[    2.848911] pci 0000:00:01.0: nv_msi_ht_cap_quirk didn't locate host bridge
[    2.855994] pcieport 0000:00:01.0: enabling device (0140 -> 0142)
[    2.862324] pcieport 0000:00:01.0: Signaling PME with IRQ 393
[    2.868188] pci 0000:00:02.0: nv_msi_ht_cap_quirk didn't locate host bridge
[    2.875267] pcieport 0000:00:02.0: enabling device (0140 -> 0143)
[    2.881595] pcieport 0000:00:02.0: Signaling PME with IRQ 394
[    2.887629] r8169 Gigabit Ethernet driver 2.3LK-NAPI loaded
[    2.893264] r8169 0000:02:00.0: enabling device (0140 -> 0143)
[    2.924370] r8169 0000:02:00.0 eth0: RTL8168g/8111g at 0xf0b54000, 00:04:4b:3a:d9:81, XID 0c000800 IRQ 395
[    2.934067] r8169 0000:02:00.0 eth0: jumbo features [frames: 9200 bytes, tx checksumming: ko]
[    2.949048] [drm] Supports vblank timestamp caching Rev 2 (21.10.2013).
[    2.955704] [drm] No driver support for vblank timestamp query.
[    3.085600] tegra-hdmi 54280000.hdmi: cannot set audio to 48000 Hz at 297000000 Hz pixel clock
[    3.332348] Console: switching to colour frame buffer device 512x135
[    3.430944] drm drm: fb0:  frame buffer device
[    3.472824] [drm] Initialized tegra 0.0.0 20120330 on minor 0
[    3.480082] of: dev_pm_opp_of_cpumask_add_table: couldn't find opp table for cpu:0, -19
[    3.488172] cpufreq: cpufreq_online: CPU0: Running at unlisted freq: 696000 KHz
[    3.495535] cpufreq: cpufreq_online: CPU0: Unlisted initial frequency changed to: 714000 KHz
[    3.504772] input: gpio-keys as /devices/soc0/gpio-keys/input/input0
[    3.512029] as3722-rtc as3722-rtc: setting system clock to 2000-01-01 00:00:30 UTC (946684830)
[    3.521123] +USB0_VBUS_SW: disabling
[    3.524726] +1.8V_RUN_CAM: disabling
[    3.528540] +2.8V_RUN_CAM: disabling
[    3.532317] +1.2V_RUN_CAM_FRONT: disabling
[    3.536606] +1.05V_RUN_CAM_REAR: disabling
[    3.540857] +3.3V_RUN_TOUCH: disabling
[    3.544779] +2.8V_RUN_CAM_AF: disabling
[    3.548769] +1.8V_RUN_VPP_FUSE: disabling
[    3.553932] EXT4-fs (mmcblk0p1): mounting ext3 file system using the ext4 subsystem
[    3.575510] EXT4-fs (mmcblk0p1): recovery complete
[    3.580295] EXT4-fs (mmcblk0p1): mounted filesystem with ordered data mode. Opts: (null)
[    3.588427] VFS: Mounted root (ext3 filesystem) on device 179:1.
[    3.598657] devtmpfs: mounted
[    3.602338] Freeing unused kernel memory: 2048K
bash: cannot set terminal process group (-1): Inappropriate ioctl for device
bash: no job control in this shell
root@(none):/# mount -t sysfs none /sys
root@(none):/# 
root@(none):/# mount -t debugfs none /sys/kernel/debug
root@(none):/# 
root@(none):/# rtcwake -d rtc1 -m mem -s 3
rtcwake: assuming RTC uses UTC ...
rtcwake: wakeup from "mem" using /dev/rtc1 at Thu Jan  1 00:00:35 1970
[    6.473972] PM: Syncing filesystems ... done.
[    6.707521] Freezing user space processes ... (elapsed 0.001 seconds) done.
[    6.715852] Freezing remaining freezable tasks ... (elapsed 0.001 seconds) done.
[    6.724502] Suspending console(s) (use no_console_suspend to debug)
[    6.874360] PM: suspend of devices complete after 142.917 msecs
[    6.877043] PM: late suspend of devices complete after 2.672 msecs
[    6.904012] PM: noirq suspend of devices complete after 26.962 msecs
[    6.904015] Disabling non-boot CPUs ...
[    6.904536] CPU1: shutdown
[    6.954294] CPU2: shutdown
[    7.014071] IRQ17 no longer affine to CPU3
[    7.014317] CPU3: shutdown
[    7.063619] Entering suspend state LP1
[    7.063619] Suspended for 2.863 seconds
[    7.063630] Enabling non-boot CPUs ...
[    7.093364] CPU1 is up
[    7.133395] CPU2 is up
[    7.173493] CPU3 is up
[    7.174219] pcieport 0000:00:01.0: nv_msi_ht_cap_quirk didn't locate host bridge
[    7.174221] pcieport 0000:00:02.0: nv_msi_ht_cap_quirk didn't locate host bridge
[    7.202732] PM: noirq resume of devices complete after 29.234 msecs
[    7.204113] PM: early resume of devices complete after 1.035 msecs
[    7.208041] tegra-hdmi 54280000.hdmi: cannot set audio to 48000 Hz at 297000000 Hz pixel clock
[    7.329716] PM: resume of devices complete after 125.593 msecs
[    7.425056] Restarting tasks ... done.
root@(none):/# 
root@(none):/# [    7.535316] ata1: SATA link down (SStatus 0 SControl 300)
rtcwake -d rtc1 -m mem -s 3
rtcwake: assuming RTC uses UTC ...
rtcwake: wakeup from "mem" using /dev/rtc1 at Thu Jan  1 00:00:40 1970
[    8.649663] PM: Syncing filesystems ... done.
[    8.785515] Freezing user space processes ... (elapsed 0.001 seconds) done.
[    8.793927] Freezing remaining freezable tasks ... (elapsed 0.001 seconds) done.
[    8.802865] Suspending console(s) (use no_console_suspend to debug)
[    8.839142] pci_generic_config_write32: 116 callbacks suppressed
[    8.839164] pci_bus 0000:00: 2-byte config write to 0000:00:02.0 offset 0x9c may corrupt adjacent RW1C bits
[    8.839220] pci_bus 0000:00: 2-byte config write to 0000:00:01.0 offset 0x9c may corrupt adjacent RW1C bits
[    8.945569] PM: suspend of devices complete after 134.618 msecs
[    8.953587] PM: late suspend of devices complete after 7.991 msecs
[    8.954708] pci_bus 0000:02: 2-byte config write to 0000:02:00.0 offset 0x44 may corrupt adjacent RW1C bits
[    8.954746] pci_bus 0000:02: 2-byte config write to 0000:02:00.0 offset 0x44 may corrupt adjacent RW1C bits
[    8.987578] PM: noirq suspend of devices complete after 33.971 msecs
[    8.987585] Disabling non-boot CPUs ...
[    8.989206] CPU1: shutdown
[    9.027570] CPU2: shutdown
[    9.087124] CPU3: shutdown
[    9.135092] Entering suspend state LP1
[    9.135092] Suspended for 2.928 seconds
[    9.135103] Enabling non-boot CPUs ...
[    9.163337] CPU1 is up
[    9.203355] CPU2 is up
[    9.243460] CPU3 is up
[    9.244111] pci_bus 0000:00: 2-byte config write to 0000:00:01.0 offset 0x4c may corrupt adjacent RW1C bits
[    9.244121] pci_bus 0000:00: 2-byte config write to 0000:00:02.0 offset 0x4c may corrupt adjacent RW1C bits
[    9.244130] pci_bus 0000:00: 2-byte config write to 0000:00:01.0 offset 0x88 may corrupt adjacent RW1C bits
[    9.244136] pci_bus 0000:00: 2-byte config write to 0000:00:01.0 offset 0x90 may corrupt adjacent RW1C bits
[    9.244142] pci_bus 0000:00: 2-byte config write to 0000:00:02.0 offset 0x88 may corrupt adjacent RW1C bits
[    9.244147] pci_bus 0000:00: 2-byte config write to 0000:00:01.0 offset 0x98 may corrupt adjacent RW1C bits
[    9.244253] pcieport 0000:00:01.0: nv_msi_ht_cap_quirk didn't locate host bridge
[    9.244255] pcieport 0000:00:02.0: nv_msi_ht_cap_quirk didn't locate host bridge
[    9.272705] PM: noirq resume of devices complete after 29.239 msecs
[    9.274656] PM: early resume of devices complete after 1.624 msecs
[    9.277846] tegra-hdmi 54280000.hdmi: cannot set audio to 48000 Hz at 297000000 Hz pixel clock
[    9.399522] PM: resume of devices complete after 124.857 msecs
[    9.594263] Restarting tasks ... done.
[    9.605368] ata1: SATA link down (SStatus 0 SControl 300)
root@(none):/# 
root@(none):/# rtcwake -d rtc1 -m mem -s 3
rtcwake: assuming RTC uses UTC ...
rtcwake: wakeup from "mem" using /dev/rtc1 at Thu Jan  1 00:00:45 1970
[   10.720860] PM: Syncing filesystems ... done.
[   10.910277] Freezing user space processes ... (elapsed 0.001 seconds) done.
[   10.918619] Freezing remaining freezable tasks ... (elapsed 0.001 seconds) done.
[   10.927242] Suspending console(s) (use no_console_suspend to debug)
[   11.054280] PM: suspend of devices complete after 120.180 msecs
[   11.056580] PM: late suspend of devices complete after 2.289 msecs
[   11.083941] PM: noirq suspend of devices complete after 27.354 msecs
[   11.083943] Disabling non-boot CPUs ...
[   11.084234] IRQ17 no longer affine to CPU1
[   11.084476] CPU1: shutdown
[   11.134126] CPU2: shutdown
[   11.193938] CPU3: shutdown
[   11.223401] Entering suspend state LP1
[   11.223401] Suspended for 2.911 seconds
[   11.223412] Enabling non-boot CPUs ...
[   11.253324] CPU1 is up
[   11.293323] CPU2 is up
[   11.333445] CPU3 is up
[   11.334134] pcieport 0000:00:01.0: nv_msi_ht_cap_quirk didn't locate host bridge
[   11.334292] pcieport 0000:00:02.0: nv_msi_ht_cap_quirk didn't locate host bridge
[   11.362679] PM: noirq resume of devices complete after 29.228 msecs
[   11.364423] PM: early resume of devices complete after 1.410 msecs
[   11.367889] tegra-hdmi 54280000.hdmi: cannot set audio to 48000 Hz at 297000000 Hz pixel clock
[   11.489578] PM: resume of devices complete after 125.145 msecs
[   11.584935] Restarting tasks ... done.
root@(none):/# 
root@(none):/# [   11.695407] ata1: SATA link down (SStatus 0 SControl 300)
rtcwake -d rtc1 -m mem -s 3
rtcwake: assuming RTC uses UTC ...
rtcwake: wakeup from "mem" using /dev/rtc1 at Thu Jan  1 00:00:50 1970
[   12.811908] PM: Syncing filesystems ... done.
[   13.000300] Freezing user space processes ... (elapsed 0.001 seconds) done.
[   13.008625] Freezing remaining freezable tasks ... (elapsed 0.001 seconds) done.
[   13.017237] Suspending console(s) (use no_console_suspend to debug)
[   13.144214] PM: suspend of devices complete after 120.188 msecs
[   13.146606] PM: late suspend of devices complete after 2.382 msecs
[   13.173702] PM: noirq suspend of devices complete after 27.090 msecs
[   13.173705] Disabling non-boot CPUs ...
[   13.174175] CPU1: shutdown
[   13.233872] CPU2: shutdown
[   13.293772] CPU3: shutdown
[   13.343185] Entering suspend state LP1
[   13.343185] Suspended for 2.880 seconds
[   13.343196] Enabling non-boot CPUs ...
[   13.373286] CPU1 is up
[   13.413290] CPU2 is up
[   13.453394] CPU3 is up
[   13.454151] pcieport 0000:00:01.0: nv_msi_ht_cap_quirk didn't locate host bridge
[   13.454154] pcieport 0000:00:02.0: nv_msi_ht_cap_quirk didn't locate host bridge
[   13.482644] PM: noirq resume of devices complete after 29.244 msecs
[   13.484512] PM: early resume of devices complete after 1.533 msecs
[   13.487637] tegra-hdmi 54280000.hdmi: cannot set audio to 48000 Hz at 297000000 Hz pixel clock
[   13.609342] PM: resume of devices complete after 124.820 msecs
[   13.700640] Restarting tasks ... done.
root@(none):/# 
root@(none):/# [   13.825254] ata1: SATA link down (SStatus 0 SControl 300)
rtcwake -d rtc1 -m mem -s 3
rtcwake: assuming RTC uses UTC ...
rtcwake: wakeup from "mem" using /dev/rtc1 at Thu Jan  1 00:00:55 1970
[   14.935572] PM: Syncing filesystems ... done.
[   15.120118] Freezing user space processes ... (elapsed 0.001 seconds) done.
[   15.128454] Freezing remaining freezable tasks ... (elapsed 0.001 seconds) done.
[   15.137060] Suspending console(s) (use no_console_suspend to debug)
[   15.160466] pci_generic_config_write32: 116 callbacks suppressed
[   15.160474] pci_bus 0000:00: 2-byte config write to 0000:00:02.0 offset 0x9c may corrupt adjacent RW1C bits
[   15.160507] pci_bus 0000:00: 2-byte config write to 0000:00:01.0 offset 0x9c may corrupt adjacent RW1C bits
[   15.264109] PM: suspend of devices complete after 120.281 msecs
[   15.266344] PM: late suspend of devices complete after 2.226 msecs
[   15.266685] pci_bus 0000:02: 2-byte config write to 0000:02:00.0 offset 0x44 may corrupt adjacent RW1C bits
[   15.266710] pci_bus 0000:02: 2-byte config write to 0000:02:00.0 offset 0x44 may corrupt adjacent RW1C bits
[   15.293557] PM: noirq suspend of devices complete after 27.207 msecs
[   15.293559] Disabling non-boot CPUs ...
[   15.294000] CPU1: shutdown
[   15.363783] CPU2: shutdown
[   15.423588] CPU3: shutdown
[   15.453181] Entering suspend state LP1
[   15.453181] Suspended for 2.889 seconds
[   15.453191] Enabling non-boot CPUs ...
[   15.483273] CPU1 is up
[   15.523257] CPU2 is up
[   15.563365] CPU3 is up
[   15.564012] pci_bus 0000:00: 2-byte config write to 0000:00:01.0 offset 0x4c may corrupt adjacent RW1C bits
[   15.564022] pci_bus 0000:00: 2-byte config write to 0000:00:02.0 offset 0x4c may corrupt adjacent RW1C bits
[   15.564032] pci_bus 0000:00: 2-byte config write to 0000:00:01.0 offset 0x88 may corrupt adjacent RW1C bits
[   15.564038] pci_bus 0000:00: 2-byte config write to 0000:00:01.0 offset 0x90 may corrupt adjacent RW1C bits
[   15.564043] pci_bus 0000:00: 2-byte config write to 0000:00:02.0 offset 0x88 may corrupt adjacent RW1C bits
[   15.564049] pci_bus 0000:00: 2-byte config write to 0000:00:01.0 offset 0x98 may corrupt adjacent RW1C bits
[   15.564155] pcieport 0000:00:01.0: nv_msi_ht_cap_quirk didn't locate host bridge
[   15.564156] pcieport 0000:00:02.0: nv_msi_ht_cap_quirk didn't locate host bridge
[   15.592614] PM: noirq resume of devices complete after 29.244 msecs
[   15.594374] PM: early resume of devices complete after 1.429 msecs
[   15.597809] tegra-hdmi 54280000.hdmi: cannot set audio to 48000 Hz at 297000000 Hz pixel clock
[   15.719533] PM: resume of devices complete after 125.148 msecs
[   15.914296] Restarting tasks ... done.
[   15.925281] ata1: SATA link down (SStatus 0 SControl 300)
root@(none):/# 
root@(none):/# rtcwake -d rtc1 -m mem -s 3
rtcwake: assuming RTC uses UTC ...
rtcwake: wakeup from "mem" using /dev/rtc1 at Thu Jan  1 00:01:00 1970
[   17.041993] PM: Syncing filesystems ... done.
[   17.175365] Freezing user space processes ... (elapsed 0.001 seconds) done.
[   17.183793] Freezing remaining freezable tasks ... (elapsed 0.001 seconds) done.
[   17.192748] Suspending console(s) (use no_console_suspend to debug)
[   17.335316] PM: suspend of devices complete after 134.487 msecs
[   17.343937] PM: late suspend of devices complete after 8.594 msecs
[   17.377412] PM: noirq suspend of devices complete after 33.455 msecs
[   17.377419] Disabling non-boot CPUs ...
[   17.379069] CPU1: shutdown
[   17.417364] CPU2: shutdown
[   17.477028] CPU3: shutdown
[   17.524945] Entering suspend state LP1
[   17.524945] Suspended for 2.928 seconds
[   17.524956] Enabling non-boot CPUs ...
[   17.553213] CPU1 is up
[   17.593228] CPU2 is up
[   17.633335] CPU3 is up
[   17.634071] pcieport 0000:00:02.0: nv_msi_ht_cap_quirk didn't locate host bridge
[   17.634074] pcieport 0000:00:01.0: nv_msi_ht_cap_quirk didn't locate host bridge
[   17.662579] PM: noirq resume of devices complete after 29.239 msecs
[   17.664457] PM: early resume of devices complete after 1.548 msecs
[   17.667583] tegra-hdmi 54280000.hdmi: cannot set audio to 48000 Hz at 297000000 Hz pixel clock
[   17.789251] PM: resume of devices complete after 124.784 msecs
[   17.880557] Restarting tasks ... done.
root@(none):/# 
root@(none):/# [   18.005194] ata1: SATA link down (SStatus 0 SControl 300)
rtcwake -d rtc1 -m mem -s 3
rtcwake: assuming RTC uses UTC ...
rtcwake: wakeup from "mem" using /dev/rtc1 at Thu Jan  1 00:01:05 1970
[   19.110527] PM: Syncing filesystems ... done.
[   19.300052] Freezing user space processes ... (elapsed 0.001 seconds) done.
[   19.308395] Freezing remaining freezable tasks ... (elapsed 0.001 seconds) done.
[   19.317013] Suspending console(s) (use no_console_suspend to debug)
[   19.444105] PM: suspend of devices complete after 120.305 msecs
[   19.445599] PM: late suspend of devices complete after 1.488 msecs
[   19.473545] PM: noirq suspend of devices complete after 27.942 msecs
[   19.473547] Disabling non-boot CPUs ...
[   19.474008] CPU1: shutdown
[   19.533769] CPU2: shutdown
[   19.593702] CPU3: shutdown
[   19.643078] Entering suspend state LP1
[   19.643078] Suspended for 2.881 seconds
[   19.643089] Enabling non-boot CPUs ...
[   19.673175] CPU1 is up
[   19.713198] CPU2 is up
[   19.753302] CPU3 is up
[   19.754039] pcieport 0000:00:02.0: nv_msi_ht_cap_quirk didn't locate host bridge
[   19.754041] pcieport 0000:00:01.0: nv_msi_ht_cap_quirk didn't locate host bridge
[   19.782553] PM: noirq resume of devices complete after 29.245 msecs
[   19.784308] PM: early resume of devices complete after 1.435 msecs
[   19.787619] tegra-hdmi 54280000.hdmi: cannot set audio to 48000 Hz at 297000000 Hz pixel clock
[   19.909285] PM: resume of devices complete after 124.967 msecs
[   20.000556] Restarting tasks ... done.
root@(none):/# 
root@(none):/# [   20.125137] ata1: SATA link down (SStatus 0 SControl 300)
rtcwake -d rtc1 -m mem -s 3
rtcwake: assuming RTC uses UTC ...
rtcwake: wakeup from "mem" using /dev/rtc1 at Thu Jan  1 00:01:10 1970
[   21.232155] PM: Syncing filesystems ... done.
[   21.420111] Freezing user space processes ... (elapsed 0.001 seconds) done.
[   21.428464] Freezing remaining freezable tasks ... (elapsed 0.001 seconds) done.
[   21.437083] Suspending console(s) (use no_console_suspend to debug)
[   21.460609] pci_generic_config_write32: 116 callbacks suppressed
[   21.460617] pci_bus 0000:00: 2-byte config write to 0000:00:02.0 offset 0x9c may corrupt adjacent RW1C bits
[   21.460639] pci_bus 0000:00: 2-byte config write to 0000:00:01.0 offset 0x9c may corrupt adjacent RW1C bits
[   21.564075] PM: suspend of devices complete after 120.201 msecs
[   21.565773] PM: late suspend of devices complete after 1.688 msecs
[   21.566210] pci_bus 0000:02: 2-byte config write to 0000:02:00.0 offset 0x44 may corrupt adjacent RW1C bits
[   21.566225] pci_bus 0000:02: 2-byte config write to 0000:02:00.0 offset 0x44 may corrupt adjacent RW1C bits
[   21.593597] PM: noirq suspend of devices complete after 27.818 msecs
[   21.593599] Disabling non-boot CPUs ...
[   21.594073] CPU1: shutdown
[   21.633736] CPU2: shutdown
[   21.693665] CPU3: shutdown
[   21.743063] Entering suspend state LP1
[   21.743063] Suspended for 2.899 seconds
[   21.743074] Enabling non-boot CPUs ...
[   21.773149] CPU1 is up
[   21.813164] CPU2 is up
[   21.853273] CPU3 is up
[   21.853895] pci_bus 0000:00: 2-byte config write to 0000:00:01.0 offset 0x4c may corrupt adjacent RW1C bits
[   21.853905] pci_bus 0000:00: 2-byte config write to 0000:00:02.0 offset 0x4c may corrupt adjacent RW1C bits
[   21.853915] pci_bus 0000:00: 2-byte config write to 0000:00:01.0 offset 0x88 may corrupt adjacent RW1C bits
[   21.853921] pci_bus 0000:00: 2-byte config write to 0000:00:01.0 offset 0x90 may corrupt adjacent RW1C bits
[   21.853927] pci_bus 0000:00: 2-byte config write to 0000:00:02.0 offset 0x88 may corrupt adjacent RW1C bits
[   21.853932] pci_bus 0000:00: 2-byte config write to 0000:00:01.0 offset 0x98 may corrupt adjacent RW1C bits
[   21.854039] pcieport 0000:00:01.0: nv_msi_ht_cap_quirk didn't locate host bridge
[   21.854040] pcieport 0000:00:02.0: nv_msi_ht_cap_quirk didn't locate host bridge
[   21.882523] PM: noirq resume of devices complete after 29.244 msecs
[   21.884465] PM: early resume of devices complete after 1.603 msecs
[   21.887442] tegra-hdmi 54280000.hdmi: cannot set audio to 48000 Hz at 297000000 Hz pixel clock
[   22.009099] PM: resume of devices complete after 124.625 msecs
[   22.203852] Restarting tasks ... done.
[   22.214940] ata1: SATA link down (SStatus 0 SControl 300)
root@(none):/# 
root@(none):/# rtcwake -d rtc1 -m mem -s 3
rtcwake: assuming RTC uses UTC ...
rtcwake: wakeup from "mem" using /dev/rtc1 at Thu Jan  1 00:01:15 1970
[   23.331244] PM: Syncing filesystems ... done.
[   23.519933] Freezing user space processes ... (elapsed 0.001 seconds) done.
[   23.528297] Freezing remaining freezable tasks ... (elapsed 0.001 seconds) done.
[   23.536941] Suspending console(s) (use no_console_suspend to debug)
[   23.664105] PM: suspend of devices complete after 120.257 msecs
[   23.666395] PM: late suspend of devices complete after 2.278 msecs
[   23.693865] PM: noirq suspend of devices complete after 27.463 msecs
[   23.693867] Disabling non-boot CPUs ...
[   23.694190] IRQ17 no longer affine to CPU1
[   23.694448] CPU1: shutdown
[   23.764029] CPU2: shutdown
[   23.823939] CPU3: shutdown
[   23.873170] Entering suspend state LP1
[   23.873170] Suspended for 2.869 seconds
[   23.873181] Enabling non-boot CPUs ...
[   23.903126] CPU1 is up
[   23.943139] CPU2 is up
[   23.983238] CPU3 is up
[   23.983981] pcieport 0000:00:01.0: nv_msi_ht_cap_quirk didn't locate host bridge
[   23.983984] pcieport 0000:00:02.0: nv_msi_ht_cap_quirk didn't locate host bridge
[   24.012489] PM: noirq resume of devices complete after 29.245 msecs
[   24.014162] PM: early resume of devices complete after 1.349 msecs
[   24.017421] tegra-hdmi 54280000.hdmi: cannot set audio to 48000 Hz at 297000000 Hz pixel clock
[   24.139079] PM: resume of devices complete after 124.907 msecs
[   24.234442] Restarting tasks ... done.
root@(none):/# 
root@(none):/# [   24.345158] ata1: SATA link down (SStatus 0 SControl 300)
rtcwake -d rtc1 -m mem -s 3
rtcwake: assuming RTC uses UTC ...
rtcwake: wakeup from "mem" using /dev/rtc1 at Thu Jan  1 00:01:20 1970
[   25.461686] PM: Syncing filesystems ... done.
[   25.649956] Freezing user space processes ... (elapsed 0.001 seconds) done.
[   25.658323] Freezing remaining freezable tasks ... (elapsed 0.001 seconds) done.
[   25.666937] Suspending console(s) (use no_console_suspend to debug)
[   25.794019] PM: suspend of devices complete after 120.295 msecs
[   25.796202] PM: late suspend of devices complete after 2.172 msecs
[   25.823485] PM: noirq suspend of devices complete after 27.278 msecs
[   25.823488] Disabling non-boot CPUs ...
[   25.823749] IRQ17 no longer affine to CPU1
[   25.823961] CPU1: shutdown
[   25.873676] CPU2: shutdown
[   25.933600] CPU3: shutdown
[   25.983004] Entering suspend state LP1
[   25.983004] Suspended for 2.890 seconds
[   25.983014] Enabling non-boot CPUs ...
[   26.013092] CPU1 is up
[   26.053107] CPU2 is up
[   26.093227] CPU3 is up
[   26.093961] pcieport 0000:00:02.0: nv_msi_ht_cap_quirk didn't locate host bridge
[   26.093964] pcieport 0000:00:01.0: nv_msi_ht_cap_quirk didn't locate host bridge
[   26.122457] PM: noirq resume of devices complete after 29.224 msecs
[   26.124401] PM: early resume of devices complete after 1.597 msecs
[   26.127510] tegra-hdmi 54280000.hdmi: cannot set audio to 48000 Hz at 297000000 Hz pixel clock
[   26.249153] PM: resume of devices complete after 124.742 msecs
[   26.344519] Restarting tasks ... done.
root@(none):/# 
root@(none):/# [   26.455180] ata1: SATA link down (SStatus 0 SControl 300)
NVTB SYSTEM SUSPEND TEST COMPLETE
