
U-Boot SPL 2014.01-00219-gc4d376f (Feb 18 2014 - 19:57:32)


U-Boot 2014.01-00219-gc4d376f (Feb 18 2014 - 19:57:32)

TEGRA114
Board: NVIDIA Dalmore
I2C:   ready
DRAM:  2 GiB
MMC:   Tegra SD/MMC: 0, Tegra SD/MMC: 1
In:    serial
Out:   serial
Err:   serial
Net:   Net Initialization Skipped
No ethernet found.
Hit any key to stop autoboot:  2  0 
Tegra114 (Dalmore) # 
Tegra114 (Dalmore) # usb reset
(Re)start USB...
USB0:   USB EHCI 1.10
scanning bus 0 for devices... 2 USB Device(s) found
       scanning usb for storage devices... 0 Storage Device(s) found
       scanning usb for ethernet devices... 
Warning: asx0 using MAC address from net device
1 Ethernet Device(s) found
Tegra114 (Dalmore) # setenv bootargs 'ignore_loglevel console=ttyS0,115200n8 rw root=PARTUUID=7369c667-ff51-ec4a-29cd-baabf2fbe346 rootwait gpt debug earlyprintk init=/bin/bash'
Tegra114 (Dalmore) # setenv ipaddr 192.168.100.100; setenv serverip 192.168.100.1; setenv tftpserverip 192.168.100.1
Tegra114 (Dalmore) # tftpboot 0x81000000 zImage.tegra_defconfig
Using asx0 device
TFTP from server 192.168.100.1; our IP address is 192.168.100.100
Filename 'zImage.tegra_defconfig'.
Load address: 0x81000000
Loading: *#################################################################
	 #################################################################
	 #################################################################
	 #################################################################
	 #################################################################
	 ##########################################
	 2.9 MiB/s
done
Bytes transferred = 5377384 (520d68 hex)
Tegra114 (Dalmore) # tftpboot 0x82000000 tegra114-dalmore.dtb
Using asx0 device
TFTP from server 192.168.100.1; our IP address is 192.168.100.100
Filename 'tegra114-dalmore.dtb'.
Load address: 0x82000000
Loading: *###
	 2.8 MiB/s
done
Bytes transferred = 34956 (888c hex)
Tegra114 (Dalmore) # bootz 0x81000000 - 0x82000000
Kernel image @ 0x81000000 [ 0x000000 - 0x520d68 ]
## Flattened Device Tree blob at 82000000
   Booting using the fdt blob at 0x82000000
   Loading Device Tree to 8fff4000, end 8ffff88b ... OK

Starting kernel ...

Uncompressing Linux... done, booting the kernel.
[    0.000000] Booting Linux on physical CPU 0x0
[    0.000000] Linux version 4.6.0-next-20160519-95140-g3c60f7e (pwalmsley@kaivo) (gcc version 4.7.3 20130328 (prerelease) (crosstool-NG linaro-1.13.1-4.7-2013.04-20130415 - Linaro GCC 2013.04) ) #1 SMP PREEMPT Thu May 19 00:34:38 PDT 2016
[    0.000000] CPU: ARMv7 Processor [412fc0f2] revision 2 (ARMv7), cr=10c5387d
[    0.000000] CPU: div instructions available: patching division code
[    0.000000] CPU: PIPT / VIPT nonaliasing data cache, PIPT instruction cache
[    0.000000] Machine model: NVIDIA Tegra114 Dalmore evaluation board
[    0.000000] debug: ignoring loglevel setting.
[    0.000000] bootconsole [earlycon0] enabled
[    0.000000] cma: Reserved 64 MiB at 0xfbc00000
[    0.000000] Memory policy: Data cache writealloc
[    0.000000] On node 0 totalpages: 524032
[    0.000000] free_area_init_node: node 0, pgdat c0c5bd40, node_mem_map eeff7000
[    0.000000]   Normal zone: 1536 pages used for memmap
[    0.000000]   Normal zone: 0 pages reserved
[    0.000000]   Normal zone: 196608 pages, LIFO batch:31
[    0.000000]   HighMem zone: 327424 pages, LIFO batch:31
[    0.000000] percpu: Embedded 13 pages/cpu @eef9e000 s23936 r8192 d21120 u53248
[    0.000000] pcpu-alloc: s23936 r8192 d21120 u53248 alloc=13*4096
[    0.000000] pcpu-alloc: [0] 0 [0] 1 [0] 2 [0] 3 
[    0.000000] Built 1 zonelists in Zone order, mobility grouping on.  Total pages: 522496
[    0.000000] Kernel command line: ignore_loglevel console=ttyS0,115200n8 rw root=PARTUUID=7369c667-ff51-ec4a-29cd-baabf2fbe346 rootwait gpt debug earlyprintk init=/bin/bash
[    0.000000] PID hash table entries: 4096 (order: 2, 16384 bytes)
[    0.000000] Dentry cache hash table entries: 131072 (order: 7, 524288 bytes)
[    0.000000] Inode-cache hash table entries: 65536 (order: 6, 262144 bytes)
[    0.000000] Memory: 2000976K/2096128K available (7416K kernel code, 374K rwdata, 2560K rodata, 1024K init, 366K bss, 29616K reserved, 65536K cma-reserved, 1244160K highmem)
[    0.000000] Virtual kernel memory layout:
[    0.000000]     vector  : 0xffff0000 - 0xffff1000   (   4 kB)
[    0.000000]     fixmap  : 0xffc00000 - 0xfff00000   (3072 kB)
[    0.000000]     vmalloc : 0xf0800000 - 0xff800000   ( 240 MB)
[    0.000000]     lowmem  : 0xc0000000 - 0xf0000000   ( 768 MB)
[    0.000000]     pkmap   : 0xbfe00000 - 0xc0000000   (   2 MB)
[    0.000000]     modules : 0xbf000000 - 0xbfe00000   (  14 MB)
[    0.000000]       .text : 0xc0008000 - 0xc0abe028   (10969 kB)
[    0.000000]       .init : 0xc0b00000 - 0xc0c00000   (1024 kB)
[    0.000000]       .data : 0xc0c00000 - 0xc0c5d8c0   ( 375 kB)
[    0.000000]        .bss : 0xc0c5f000 - 0xc0cbab18   ( 367 kB)
[    0.000000] Preemptible hierarchical RCU implementation.
[    0.000000] 	Build-time adjustment of leaf fanout to 32.
[    0.000000] NR_IRQS:16 nr_irqs:16 16
[    0.000000] /interrupt-controller@60004000: 160 interrupts forwarded to /interrupt-controller@50041000
[    0.000000] Tegra clk 127: register failed with -17
[    0.000000] Architected cp15 timer(s) running at 12.00MHz (virt).
[    0.000000] clocksource: arch_sys_counter: mask: 0xffffffffffffff max_cycles: 0x2c47f4ee7, max_idle_ns: 440795202497 ns
[    0.000005] sched_clock: 56 bits at 12MHz, resolution 83ns, wraps every 4398046511096ns
[    0.008057] Switching to timer-based delay loop, resolution 83ns
[    0.014645] clocksource: timer_us: mask: 0xffffffff max_cycles: 0xffffffff, max_idle_ns: 1911260446275 ns
[    0.023745] Ignoring duplicate/late registration of read_current_timer delay
[    0.031327] Console: colour dummy device 80x30
[    0.035370] Calibrating delay loop (skipped), value calculated using timer frequency.. 24.00 BogoMIPS (lpj=120000)
[    0.045754] pid_max: default: 32768 minimum: 301
[    0.051014] Mount-cache hash table entries: 2048 (order: 1, 8192 bytes)
[    0.057124] Mountpoint-cache hash table entries: 2048 (order: 1, 8192 bytes)
[    0.065676] CPU: Testing write buffer coherency: ok
[    0.069417] /cpus/cpu@0 missing clock-frequency property
[    0.074530] /cpus/cpu@3 missing clock-frequency property
[    0.079927] /cpus/cpu@2 missing clock-frequency property
[    0.085281] /cpus/cpu@1 missing clock-frequency property
[    0.090663] CPU0: thread -1, cpu 0, socket 0, mpidr 80000000
[    0.096382] Setting up static identity map for 0x80100000 - 0x80100098
[    0.153738] Tegra Revision: A01 SKU: 0 CPU Process: 1 SoC Process: 0
[    0.203608] CPU1: thread -1, cpu 3, socket 0, mpidr 80000003
[    0.243662] CPU2: thread -1, cpu 2, socket 0, mpidr 80000002
[    0.283727] CPU3: thread -1, cpu 1, socket 0, mpidr 80000001
[    0.283831] Brought up 4 CPUs
[    0.302137] SMP: Total of 4 processors activated (96.00 BogoMIPS).
[    0.308388] CPU: All CPU(s) started in SVC mode.
[    0.339900] devtmpfs: initialized
[    0.371093] VFP support v0.3: implementor 41 architecture 4 part 30 variant f rev 0
[    0.377548] clocksource: jiffies: mask: 0xffffffff max_cycles: 0xffffffff, max_idle_ns: 19112604462750000 ns
[    0.446945] pinctrl core: initialized pinctrl subsystem
[    0.537515] NET: Registered protocol family 16
[    0.541408] DMA: preallocated 256 KiB pool for atomic coherent allocations
[    0.577151] cpuidle: using governor menu
[    0.601013] No ATAGs?
[    0.601224] hw-breakpoint: found 5 (+1 reserved) breakpoint and 4 watchpoint registers.
[    0.609541] hw-breakpoint: maximum watchpoint size is 8 bytes.
[    0.640566] tegra-mc 70019000.memory-controller: no memory timings for RAM code 3 registered
[    0.950932] VDD_5V0_HDMI_CON: Failed to request enable GPIO81: -517
[    0.955377] reg-fixed-voltage regulators:regulator@7: Failed to register regulator: -517
[    0.964349] usb2_vbus: Failed to request enable GPIO86: -517
[    0.969242] reg-fixed-voltage regulators:regulator@4: Failed to register regulator: -517
[    0.977545] usb1_vbus: Failed to request enable GPIO108: -517
[    0.983194] reg-fixed-voltage regulators:regulator@3: Failed to register regulator: -517
[    0.991490] dvdd_ts: Failed to request enable GPIO61: -517
[    0.996888] reg-fixed-voltage regulators:regulator@1: Failed to register regulator: -517
[    1.007453] vgaarb: loaded
[    1.035648] SCSI subsystem initialized
[    1.037853] libata version 3.00 loaded.
[    1.042162] usbcore: registered new interface driver usbfs
[    1.047201] usbcore: registered new interface driver hub
[    1.052550] usbcore: registered new device driver usb
[    1.058880] genirq: Setting trigger mode 8 for irq 340 failed (irq_chip_set_type_parent+0x0/0x28)
[    1.066445] palmas 0-0058: Irq flag is 0x00000000
[    1.074958] palmas 0-0058: Muxing GPIO ff, PWM 0, LED 0
[    1.089391] sdhci-vdd-sd-slot: Bringing 2840000uV into 2800000-2800000uV
[    1.095028] sdhci-vdd-sd-slot: ramp_delay not set
[    1.106871] LDO5: supplied by vdd_ac_bat
[    1.110317] vdd-sensor-2v85: Bringing 2900000uV into 2850000-2850000uV
[    1.119327] vdd-rtc: Bringing 675000uV into 900000-900000uV
[    1.153271] tps65090 0-0048: No cache defaults, reading back from HW
[    1.159979] TPS65090_RAILSDCDC1: supplied by vdd_ac_bat
[    1.164188] vdd_hdmi_5v0: supplied by vdd-sys-5v0
[    1.168827] hvdd-usb: supplied by vdd-sys-5v0
[    1.172990] avdd-usb: supplied by vdd-sys-5v0
[    1.177933] TPS65090_RAILSDCDC2: supplied by vdd_ac_bat
[    1.183145] vdd-core: supplied by vdd-sys-3v3
[    1.187139] avdd-pll: supplied by vdd-sys-3v3
[    1.191528] sdhci-vdd-sd-slot: supplied by vdd-sys-3v3
[    1.196800] avdd-cam1: supplied by vdd-sys-3v3
[    1.201256] avdd-cam2: supplied by vdd-sys-3v3
[    1.205779] vpp-fuse: supplied by vdd-sys-3v3
[    1.210188] vdd-sensor-2v85: supplied by vdd-sys-3v3
[    1.215185] vdd-af-cam1: supplied by vdd-sys-3v3
[    1.219902] vddio-sdmmc-2: supplied by sdhci-vdd-sd-slot
[    1.225782] TPS65090_RAILSDCDC3: supplied by vdd_ac_bat
[    1.230925] vddio-ddr: supplied by vdd-ao
[    1.234600] vddio-1v8: supplied by vdd-ao
[    1.238745] avdd-dsi-csi: supplied by vddio-1v8
[    1.243303] vdd-rtc: supplied by vdd-ao
[    1.247183] TPS65090_RAILSFET1: supplied by vdd_ac_bat
[    1.252651] TPS65090_RAILSFET2: supplied by vdd_ac_bat
[    1.257898] TPS65090_RAILSFET3: supplied by vdd-sys-3v3
[    1.263324] TPS65090_RAILSFET4: supplied by vdd-sys-3v3
[    1.268650] TPS65090_RAILSFET5: supplied by vdd-sys-3v3
[    1.273914] TPS65090_RAILSFET6: supplied by vdd-sys-3v3
[    1.279541] TPS65090_RAILSFET7: supplied by vdd-sys-3v3
[    1.284458] TPS65090_RAILSLDO1: supplied by vdd_ac_bat
[    1.289382] TPS65090_RAILSLDO2: supplied by vdd_ac_bat
[    1.298373] Linux video capture interface: v2.00
[    1.301293] pps_core: LinuxPPS API ver. 1 registered
[    1.306190] pps_core: Software ver. 5.3.6 - Copyright 2005-2007 Rodolfo Giometti <giometti@linux.it>
[    1.315446] PTP clock support registered
[    1.320374] Advanced Linux Sound Architecture Driver Initialized.
[    1.327236] Bluetooth: Core ver 2.21
[    1.329221] NET: Registered protocol family 31
[    1.333662] Bluetooth: HCI device and connection manager initialized
[    1.340112] Bluetooth: HCI socket layer initialized
[    1.345029] Bluetooth: L2CAP socket layer initialized
[    1.350193] Bluetooth: SCO socket layer initialized
[    1.356656] clocksource: Switched to clocksource arch_sys_counter
[    1.596678] NET: Registered protocol family 2
[    1.756683] TCP established hash table entries: 8192 (order: 3, 32768 bytes)
[    1.761992] TCP bind hash table entries: 8192 (order: 4, 65536 bytes)
[    1.768621] TCP: Hash tables configured (established 8192 bind 8192)
[    1.775257] UDP hash table entries: 512 (order: 2, 16384 bytes)
[    1.780876] UDP-Lite hash table entries: 512 (order: 2, 16384 bytes)
[    1.876689] NET: Registered protocol family 1
[    1.966694] RPC: Registered named UNIX socket transport module.
[    1.970785] RPC: Registered udp transport module.
[    1.975551] RPC: Registered tcp transport module.
[    1.980340] RPC: Registered tcp NFSv4.1 backchannel transport module.
[    1.986860] PCI: CLS 0 bytes, default 64
[    2.019021] futex hash table entries: 1024 (order: 4, 65536 bytes)
[    2.034481] workingset: timestamp_bits=28 max_order=19 bucket_order=0
[    2.646688] squashfs: version 4.0 (2009/01/31) Phillip Lougher
[    2.886745] NFS: Registering the id_resolver key type
[    2.890001] Key type id_resolver registered
[    2.894216] Key type id_legacy registered
[    2.902658] bounce: pool size: 64 pages
[    2.904671] io scheduler noop registered (default)
[    3.050604] tegra-apbdma 6000a000.dma: Tegra20 APB DMA driver register 32 channels
[    3.057154] tegra-pmc 7000e400.pmc: i2c-thermtrip node not found, emergency thermal reset disabled.
[    3.066247] Serial: 8250/16550 driver, 4 ports, IRQ sharing disabled
[    3.075851] console [ttyS0] disabled
[    3.077679] 70006300.serial: ttyS0 at MMIO 0x70006300 (irq = 32, base_baud = 25500000) is a Tegra
[    3.086571] console [ttyS0] enabled
[    3.086571] console [ttyS0] enabled
[    3.092877] bootconsole [earlycon0] disabled
[    3.092877] bootconsole [earlycon0] disabled
[    3.104155] [drm] Initialized drm 1.1.0 20060810
[    3.110530] tegra-hdmi 54280000.hdmi: failed to get HDMI regulator
[    3.148059] loop: module loaded
[    3.189171] m25p80 spi32766.0: w25q32dw (4096 Kbytes)
[    3.207613] CAN device driver interface
[    3.211545] igb: Intel(R) Gigabit Ethernet Network Driver - version 5.3.0-k
[    3.218522] igb: Copyright (c) 2007-2014 Intel Corporation.
[    3.224430] pegasus: v0.9.3 (2013/04/25), Pegasus/Pegasus II USB Ethernet driver
[    3.231985] usbcore: registered new interface driver pegasus
[    3.237839] usbcore: registered new interface driver asix
[    3.243352] usbcore: registered new interface driver ax88179_178a
[    3.249585] usbcore: registered new interface driver cdc_ether
[    3.255579] usbcore: registered new interface driver smsc75xx
[    3.261519] usbcore: registered new interface driver smsc95xx
[    3.267405] usbcore: registered new interface driver net1080
[    3.273176] usbcore: registered new interface driver cdc_subset
[    3.279231] usbcore: registered new interface driver zaurus
[    3.284973] usbcore: registered new interface driver cdc_ncm
[    3.291128] ehci_hcd: USB 2.0 'Enhanced' Host Controller (EHCI) Driver
[    3.297668] ehci-pci: EHCI PCI platform driver
[    3.302242] tegra-ehci: Tegra EHCI driver
[    3.306466] ------------[ cut here ]------------
[    3.311114] WARNING: CPU: 0 PID: 1 at drivers/reset/core.c:187 __of_reset_control_get+0x1b4/0x218
[    3.319985] Modules linked in:
[    3.323050] CPU: 0 PID: 1 Comm: swapper/0 Not tainted 4.6.0-next-20160519-95140-g3c60f7e #1
[    3.331385] Hardware name: NVIDIA Tegra SoC (Flattened Device Tree)
[    3.337662] [<c010f1e8>] (unwind_backtrace) from [<c010a864>] (show_stack+0x10/0x14)
[    3.345402] [<c010a864>] (show_stack) from [<c033dc54>] (dump_stack+0x84/0xa4)
[    3.352622] [<c033dc54>] (dump_stack) from [<c011f308>] (__warn+0xd4/0x100)
[    3.359580] [<c011f308>] (__warn) from [<c011f354>] (warn_slowpath_null+0x20/0x28)
[    3.367146] [<c011f354>] (warn_slowpath_null) from [<c03c119c>] (__of_reset_control_get+0x1b4/0x218)
[    3.376272] [<c03c119c>] (__of_reset_control_get) from [<c0513dcc>] (tegra_ehci_probe+0x2c8/0x514)
[    3.385224] [<c0513dcc>] (tegra_ehci_probe) from [<c044155c>] (platform_drv_probe+0x50/0xb0)
[    3.393655] [<c044155c>] (platform_drv_probe) from [<c043ff88>] (driver_probe_device+0x1f4/0x2b0)
[    3.402517] [<c043ff88>] (driver_probe_device) from [<c04400f0>] (__driver_attach+0xac/0xb0)
[    3.410948] [<c04400f0>] (__driver_attach) from [<c043e5ac>] (bus_for_each_dev+0x54/0x88)
[    3.419119] [<c043e5ac>] (bus_for_each_dev) from [<c043f57c>] (bus_add_driver+0xe8/0x1f4)
[    3.427287] [<c043f57c>] (bus_add_driver) from [<c04408ec>] (driver_register+0x78/0xf4)
[    3.435282] [<c04408ec>] (driver_register) from [<c010179c>] (do_one_initcall+0x3c/0x16c)
[    3.443453] [<c010179c>] (do_one_initcall) from [<c0b00d94>] (kernel_init_freeable+0x11c/0x1e8)
[    3.452146] [<c0b00d94>] (kernel_init_freeable) from [<c07f14f4>] (kernel_init+0x8/0x118)
[    3.460317] [<c07f14f4>] (kernel_init) from [<c0107938>] (ret_from_fork+0x14/0x3c)
[    3.467911] ---[ end trace ada2752f271b16c4 ]---
[    3.472525] tegra-ehci 7d008000.usb: can't get utmi-pads reset from the PHY
[    3.479495] tegra-ehci 7d008000.usb: continuing, but please update your DT
[    3.487111] usbcore: registered new interface driver cdc_acm
[    3.492761] cdc_acm: USB Abstract Control Model driver for USB modems and ISDN adapters
[    3.500893] usbcore: registered new interface driver cdc_wdm
[    3.506737] usbcore: registered new interface driver usb-storage
[    3.513552] mousedev: PS/2 mouse device common for all mice
[    3.524277] palmas-rtc 7000d000.i2c:tps65913@58:rtc: rtc core: registered 7000d000.i2c:tps659 as rtc0
[    3.535311] tegra_rtc 7000e000.rtc: rtc core: registered 7000e000.rtc as rtc1
[    3.542553] tegra_rtc 7000e000.rtc: Tegra internal Real Time Clock
[    3.549145] i2c /dev entries driver
[    3.554280] usbcore: registered new interface driver uvcvideo
[    3.560038] USB Video Class driver (1.1.1)
[    3.564127] gspca_main: v2.14.0 registered
[    3.568975] sbs-battery 2-000b: sbs_probe: Failed to get device status
[    3.575512] sbs-battery: probe of 2-000b failed with error -121
[    3.587969] tegra-wdt 60005000.timer: initialized (heartbeat = 120 sec, nowayout = 0)
[    3.596559] sdhci: Secure Digital Host Controller Interface driver
[    3.602754] sdhci: Copyright(c) Pierre Ossman
[    3.607119] sdhci-pltfm: SDHCI platform and OF driver helper
[    3.613292] mmc0: Invalid maximum block size, assuming 512 bytes
[    3.656719] mmc0: SDHCI controller on 78000600.sdhci [78000600.sdhci] using ADMA
[    3.666391] sdhci-tegra 78000400.sdhci: Got CD GPIO
[    3.674405] sdhci-tegra 78000400.sdhci: Got WP GPIO
[    3.683847] mmc1: Invalid maximum block size, assuming 512 bytes
[    3.736892] mmc1: SDHCI controller on 78000400.sdhci [78000400.sdhci] using ADMA
[    3.745555] usbcore: registered new interface driver usbhid
[    3.751234] usbhid: USB HID core driver
[    3.755529] mmc0: new high speed MMC card at address 0001
[    3.762005] mmcblk0: mmc0:0001 SEM32G 29.1 GiB 
[    3.767105] mmcblk0boot0: mmc0:0001 SEM32G partition 1 4.00 MiB
[    3.773480] mmcblk0boot1: mmc0:0001 SEM32G partition 2 4.00 MiB
[    3.784963] mmcblk0rpmb: mmc0:0001 SEM32G partition 3 4.00 MiB
[    3.806714]  mmcblk0: p1 p2 p3 p4 p5 p6 p7 p8
[    3.937998] mmc1: new high speed SDHC card at address aaaa
[    3.944423] mmcblk1: mmc1:aaaa SL16G 14.8 GiB 
[    3.965951]  mmcblk1: p1 p2 p3
[    4.180438] tegra30-i2s 70080400.i2s: DMA channels sourced from device 70080000.ahub
[    4.197931] tegra-snd-rt5640 sound: rt5640-aif1 <-> 70080400.i2s mapping ok
[    4.210434] input: NVIDIA Tegra Dalmore Headphones as /devices/soc0/sound/sound/card0/input0
[    4.426676] NET: Registered protocol family 10
[    4.556704] mip6: Mobile IPv6
[    4.559672] sit: IPv6 over IPv4 tunneling driver
[    4.567517] NET: Registered protocol family 17
[    4.571992] NET: Registered protocol family 15
[    4.576428] can: controller area network core (rev 20120528 abi 9)
[    4.606798] NET: Registered protocol family 29
[    4.611239] can: raw protocol (rev 20120528)
[    4.615503] can: broadcast manager protocol (rev 20120528 t)
[    4.621198] can: netlink gateway (rev 20130117) max_hops=1
[    4.656805] Bluetooth: RFCOMM socket layer initialized
[    4.661961] Bluetooth: RFCOMM ver 1.11
[    4.665715] Bluetooth: BNEP (Ethernet Emulation) ver 1.3
[    4.671056] Bluetooth: BNEP socket layer initialized
[    4.676012] Bluetooth: HIDP (Human Interface Emulation) ver 1.2
[    4.681956] Bluetooth: HIDP socket layer initialized
[    4.687265] Key type dns_resolver registered
[    4.692865] Registering SWP/SWPB emulation handler
[    4.709466] VDD_5V0_HDMI_CON: supplied by vdd-sys-5v0
[    4.716712] usb2_vbus: supplied by vdd-sys-5v0
[    4.722307] usb1_vbus: supplied by vdd-sys-5v0
[    4.733316] [drm] Supports vblank timestamp caching Rev 2 (21.10.2013).
[    4.740024] [drm] No driver support for vblank timestamp query.
[    4.805407] Console: switching to colour frame buffer device 240x75
[    4.832763] drm drm: fb0:  frame buffer device
[    4.866809] [drm] Initialized tegra 0.0.0 20120330 on minor 0
[    4.873715] tegra-ehci 7d008000.usb: EHCI Host Controller
[    4.879185] tegra-ehci 7d008000.usb: new USB bus registered, assigned bus number 1
[    4.887177] tegra-ehci 7d008000.usb: irq 22, io mem 0x7d008000
[    4.906791] tegra-ehci 7d008000.usb: USB 2.0 started, EHCI 1.10
[    4.914834] hub 1-0:1.0: USB hub found
[    4.918759] hub 1-0:1.0: 1 port detected
[    4.925170] input: gpio-keys as /devices/soc0/gpio-keys/input/input1
[    4.934200] palmas-rtc 7000d000.i2c:tps65913@58:rtc: setting system clock to 2000-03-12 18:56:58 UTC (952887418)
[    4.964681] vdd_cam_1v8_reg: disabling
[    4.968498] usb1_vbus: disabling
[    4.971725] dvdd_ts: disabling
[    4.975054] ALSA device list:
[    4.978041]   #0: NVIDIA Tegra Dalmore
[    4.983245] EXT4-fs (mmcblk0p1): mounting ext3 file system using the ext4 subsystem
[    5.087430] EXT4-fs (mmcblk0p1): recovery complete
[    5.093681] EXT4-fs (mmcblk0p1): mounted filesystem with ordered data mode. Opts: (null)
[    5.101865] VFS: Mounted root (ext3 filesystem) on device 179:1.
[    5.113307] devtmpfs: mounted
[    5.117436] Freeing unused kernel memory: 1024K (c0b00000 - c0c00000)
bash: cannot set terminal process group (-1): Inappropriate ioctl for device
bash: no job control in this shell
[    5.236734] usb 1-1: new high-speed USB device number 2 using tegra-ehci
root@(none):/# 