
U-Boot SPL 2014.01-00219-gc4d376f (Feb 18 2014 - 19:57:18)


U-Boot 2014.01-00219-gc4d376f (Feb 18 2014 - 19:57:18)

TEGRA30
Board: NVIDIA Beaver
I2C:   ready
DRAM:  2 GiB
MMC:   Tegra SD/MMC: 0, Tegra SD/MMC: 1
In:    serial
Out:   serial
Err:   serial
Net:   Net Initialization Skipped
No ethernet found.
Hit any key to stop autoboot:  2  0 
Tegra30 (Beaver) # 
Tegra30 (Beaver) # usb reset
(Re)start USB...
USB0:   USB EHCI 1.00
scanning bus 0 for devices... 2 USB Device(s) found
       scanning usb for storage devices... 0 Storage Device(s) found
       scanning usb for ethernet devices... 
Warning: asx0 using MAC address from net device
1 Ethernet Device(s) found
Tegra30 (Beaver) # setenv bootargs 'ignore_loglevel console=ttyS0,115200n8 rw root=/dev/mmcblk0p1 rootwait gpt debug noinitrd earlyprintk init=/bin/bash'
Tegra30 (Beaver) # setenv ipaddr 192.168.100.101; setenv serverip 192.168.100.1; setenv tftpserverip 192.168.100.1
Tegra30 (Beaver) # tftpboot 0x81000000 zImage.multi_v7_defconfig
Using asx0 device
TFTP from server 192.168.100.1; our IP address is 192.168.100.101
Filename 'zImage.multi_v7_defconfig'.
Load address: 0x81000000
Loading: *#################################################################
	 #################################################################
	 #################################################################
	 #################################################################
	 #################################################################
	 #################################################################
	 #################################################################
	 ########
	 3.2 MiB/s
done
Bytes transferred = 6784824 (678738 hex)
Tegra30 (Beaver) # tftpboot 0x82000000 tegra30-beaver.dtb
Using asx0 device
TFTP from server 192.168.100.1; our IP address is 192.168.100.101
Filename 'tegra30-beaver.dtb'.
Load address: 0x82000000
Loading: *####
	 3.1 MiB/s
done
Bytes transferred = 51467 (c90b hex)
Tegra30 (Beaver) # bootz 0x81000000 - 0x82000000
Kernel image @ 0x81000000 [ 0x000000 - 0x678738 ]
## Flattened Device Tree blob at 82000000
   Booting using the fdt blob at 0x82000000
   Loading Device Tree to 8fff0000, end 8ffff90a ... OK

Starting kernel ...

[    0.000000] Booting Linux on physical CPU 0x0
[    0.000000] Linux version 4.5.0-rc1-next-20160129-68987-g735cfa5 (pwalmsley@sellafield) (gcc version 4.7.3 20130328 (prerelease) (crosstool-NG linaro-1.13.1-4.7-2013.04-20130415 - Linaro GCC 2013.04) ) #1 SMP Fri Jan 29 01:17:35 PST 2016
[    0.000000] CPU: ARMv7 Processor [412fc099] revision 9 (ARMv7), cr=10c5387d
[    0.000000] CPU: PIPT / VIPT nonaliasing data cache, VIPT aliasing instruction cache
[    0.000000] Machine model: NVIDIA Tegra30 Beaver evaluation board
[    0.000000] debug: ignoring loglevel setting.
[    0.000000] cma: Reserved 64 MiB at 0xfb800000
[    0.000000] Memory policy: Data cache writealloc
[    0.000000] On node 0 totalpages: 524032
[    0.000000] free_area_init_node: node 0, pgdat c1072500, node_mem_map eeff8000
[    0.000000]   DMA zone: 1536 pages used for memmap
[    0.000000]   DMA zone: 0 pages reserved
[    0.000000]   DMA zone: 196608 pages, LIFO batch:31
[    0.000000]   HighMem zone: 327424 pages, LIFO batch:31
[    0.000000] PERCPU: Embedded 13 pages/cpu @eef8f000 s22912 r8192 d22144 u53248
[    0.000000] pcpu-alloc: s22912 r8192 d22144 u53248 alloc=13*4096
[    0.000000] pcpu-alloc: [0] 0 [0] 1 [0] 2 [0] 3 
[    0.000000] Built 1 zonelists in Zone order, mobility grouping on.  Total pages: 522496
[    0.000000] Kernel command line: ignore_loglevel console=ttyS0,115200n8 rw root=/dev/mmcblk0p1 rootwait gpt debug noinitrd earlyprintk init=/bin/bash
[    0.000000] PID hash table entries: 4096 (order: 2, 16384 bytes)
[    0.000000] Dentry cache hash table entries: 131072 (order: 7, 524288 bytes)
[    0.000000] Inode-cache hash table entries: 65536 (order: 6, 262144 bytes)
[    0.000000] Memory: 1997788K/2096128K available (8503K kernel code, 1113K rwdata, 4048K rodata, 1100K init, 345K bss, 32804K reserved, 65536K cma-reserved, 1244160K highmem)
[    0.000000] Virtual kernel memory layout:
[    0.000000]     vector  : 0xffff0000 - 0xffff1000   (   4 kB)
[    0.000000]     fixmap  : 0xffc00000 - 0xfff00000   (3072 kB)
[    0.000000]     vmalloc : 0xf0800000 - 0xff800000   ( 240 MB)
[    0.000000]     lowmem  : 0xc0000000 - 0xf0000000   ( 768 MB)
[    0.000000]     pkmap   : 0xbfe00000 - 0xc0000000   (   2 MB)
[    0.000000]     modules : 0xbf000000 - 0xbfe00000   (  14 MB)
[    0.000000]       .text : 0xc0208000 - 0xc0e4ae44   (12556 kB)
[    0.000000]       .init : 0xc0e4b000 - 0xc0f5e000   (1100 kB)
[    0.000000]       .data : 0xc0f5e000 - 0xc1074480   (1114 kB)
[    0.000000]        .bss : 0xc1077000 - 0xc10cd5e0   ( 346 kB)
[    0.000000] SLUB: HWalign=64, Order=0-3, MinObjects=0, CPUs=4, Nodes=1
[    0.000000] Hierarchical RCU implementation.
[    0.000000] 	Build-time adjustment of leaf fanout to 32.
[    0.000000] 	RCU restricting CPUs from NR_CPUS=16 to nr_cpu_ids=4.
[    0.000000] RCU: Adjusting geometry for rcu_fanout_leaf=32, nr_cpu_ids=4
[    0.000000] NR_IRQS:16 nr_irqs:16 16
[    0.000000] /interrupt-controller@60004000: 160 interrupts forwarded to /interrupt-controller@50041000
[    0.000000] L2C: platform modifies aux control register: 0x02080000 -> 0x3e480001
[    0.000000] L2C: DT/platform modifies aux control register: 0x02080000 -> 0x3e480001
[    0.000000] L2C-310 erratum 769419 enabled
[    0.000000] L2C-310 enabling early BRESP for Cortex-A9
[    0.000000] L2C-310: enabling full line of zeros but not enabled in Cortex-A9
[    0.000000] L2C-310 dynamic clock gating enabled, standby mode enabled
[    0.000000] L2C-310 cache controller enabled, 8 ways, 1024 kB
[    0.000000] L2C-310: CACHE_ID 0x410000c7, AUX_CTRL 0x4e480001
[    0.000014] sched_clock: 32 bits at 1000kHz, resolution 1000ns, wraps every 2147483647500ns
[    0.000032] clocksource: timer_us: mask: 0xffffffff max_cycles: 0xffffffff, max_idle_ns: 1911260446275 ns
[    0.000041] Switching to timer-based delay loop, resolution 1000ns
[    0.002719] Console: colour dummy device 80x30
[    0.002745] Calibrating delay loop (skipped), value calculated using timer frequency.. 2.00 BogoMIPS (lpj=5000)
[    0.002754] pid_max: default: 32768 minimum: 301
[    0.002841] Mount-cache hash table entries: 2048 (order: 1, 8192 bytes)
[    0.002849] Mountpoint-cache hash table entries: 2048 (order: 1, 8192 bytes)
[    0.003271] CPU: Testing write buffer coherency: ok
[    0.003563] CPU0: thread -1, cpu 0, socket 0, mpidr 80000000
[    0.003628] Setting up static identity map for 0x80209000 - 0x80209098
[    0.005913] Tegra Revision: A03 SKU: 128 CPU Process: 4 SoC Process: 0
[    0.007136] CPU1: thread -1, cpu 1, socket 0, mpidr 80000001
[    0.007782] CPU2: thread -1, cpu 2, socket 0, mpidr 80000002
[    0.008427] CPU3: thread -1, cpu 3, socket 0, mpidr 80000003
[    0.008469] Brought up 4 CPUs
[    0.008482] SMP: Total of 4 processors activated (8.00 BogoMIPS).
[    0.008487] CPU: All CPU(s) started in SVC mode.
[    0.009074] devtmpfs: initialized
[    0.017216] VFP support v0.3: implementor 41 architecture 3 part 30 variant 9 rev 4
[    0.017913] clocksource: jiffies: mask: 0xffffffff max_cycles: 0xffffffff, max_idle_ns: 9556302231375000 ns
[    0.021445] pinctrl core: initialized pinctrl subsystem
[    0.023005] NET: Registered protocol family 16
[    0.025205] DMA: preallocated 256 KiB pool for atomic coherent allocations
[    0.039936] cpuidle: using governor menu
[    0.048213] No ATAGs?
[    0.048245] hw-breakpoint: found 5 (+1 reserved) breakpoint and 1 watchpoint registers.
[    0.048252] hw-breakpoint: maximum watchpoint size is 4 bytes.
[    0.051451] Serial: AMBA PL011 UART driver
[    0.052620] tegra-mc 7000f000.memory-controller: no memory timings for RAM code 3 registered
[    0.073083] vdd_5v_sata: Failed to request enable GPIO30: -517
[    0.073154] reg-fixed-voltage regulators:regulator@3: Failed to register regulator: -517
[    0.073264] usb1_vbus: Failed to request enable GPIO238: -517
[    0.073313] reg-fixed-voltage regulators:regulator@4: Failed to register regulator: -517
[    0.073416] usb3_vbus: Failed to request enable GPIO236: -517
[    0.073464] reg-fixed-voltage regulators:regulator@5: Failed to register regulator: -517
[    0.073622] sys_3v3_pexs: Failed to request enable GPIO95: -517
[    0.073671] reg-fixed-voltage regulators:regulator@7: Failed to register regulator: -517
[    0.075774] vgaarb: loaded
[    0.076413] SCSI subsystem initialized
[    0.076535] libata version 3.00 loaded.
[    0.076721] usbcore: registered new interface driver usbfs
[    0.076760] usbcore: registered new interface driver hub
[    0.076795] usbcore: registered new device driver usb
[    0.131738] pps_core: LinuxPPS API ver. 1 registered
[    0.131745] pps_core: Software ver. 5.3.6 - Copyright 2005-2007 Rodolfo Giometti <giometti@linux.it>
[    0.131762] PTP clock support registered
[    0.131911] EDAC MC: Ver: 3.0.0
[    0.133527] clocksource: Switched to clocksource timer_us
[    0.139531] NET: Registered protocol family 2
[    0.139923] TCP established hash table entries: 8192 (order: 3, 32768 bytes)
[    0.139976] TCP bind hash table entries: 8192 (order: 4, 65536 bytes)
[    0.140059] TCP: Hash tables configured (established 8192 bind 8192)
[    0.140147] UDP hash table entries: 512 (order: 2, 16384 bytes)
[    0.140207] UDP-Lite hash table entries: 512 (order: 2, 16384 bytes)
[    0.140387] NET: Registered protocol family 1
[    0.140658] RPC: Registered named UNIX socket transport module.
[    0.140667] RPC: Registered udp transport module.
[    0.140671] RPC: Registered tcp transport module.
[    0.140675] RPC: Registered tcp NFSv4.1 backchannel transport module.
[    0.140696] PCI: CLS 0 bytes, default 64
[    0.141455] hw perfevents: enabled with armv7_cortex_a9 PMU driver, 7 counters available
[    0.142417] futex hash table entries: 1024 (order: 4, 65536 bytes)
[    0.148619] squashfs: version 4.0 (2009/01/31) Phillip Lougher
[    0.149126] NFS: Registering the id_resolver key type
[    0.149163] Key type id_resolver registered
[    0.149168] Key type id_legacy registered
[    0.149221] ntfs: driver 2.1.32 [Flags: R/O].
[    0.150060] bounce: pool size: 64 pages
[    0.150189] Block layer SCSI generic (bsg) driver version 0.4 loaded (major 249)
[    0.150202] io scheduler noop registered
[    0.150210] io scheduler deadline registered
[    0.150232] io scheduler cfq registered (default)
[    0.155539] tegra30-pinctrl 70000868.pinmux: invalid group "sdmmc3_dat6_pd3" for function "rsvd1"
[    0.155555] tegra30-pinctrl 70000868.pinmux: invalid group "sdmmc3_dat7_pd4" for function "rsvd1"
[    0.155569] tegra30-pinctrl 70000868.pinmux: invalid group "vi_vsync_pd6" for function "rsvd1"
[    0.155578] tegra30-pinctrl 70000868.pinmux: invalid group "vi_hsync_pd7" for function "rsvd1"
[    0.156034] tegra30-pinctrl 70000868.pinmux: invalid group "hdmi_int_pn7" for function "rsvd1"
[    0.156078] tegra30-pinctrl 70000868.pinmux: invalid group "ulpi_data3_po4" for function "rsvd1"
[    0.156399] tegra30-pinctrl 70000868.pinmux: invalid group "vi_d10_pt2" for function "rsvd1"
[    0.156412] tegra30-pinctrl 70000868.pinmux: invalid group "vi_d11_pt3" for function "rsvd1"
[    0.156424] tegra30-pinctrl 70000868.pinmux: invalid group "vi_d0_pt4" for function "rsvd1"
[    0.156463] tegra30-pinctrl 70000868.pinmux: invalid group "pu0" for function "rsvd1"
[    0.156492] tegra30-pinctrl 70000868.pinmux: invalid group "pu3" for function "rsvd1"
[    0.156521] tegra30-pinctrl 70000868.pinmux: invalid group "pu6" for function "rsvd1"
[    0.156560] tegra30-pinctrl 70000868.pinmux: invalid group "pv3" for function "rsvd1"
[    0.157043] tegra30-pinctrl 70000868.pinmux: invalid group "pbb0" for function "rsvd1"
[    0.157155] tegra30-pinctrl 70000868.pinmux: invalid group "pcc1" for function "rsvd1"
[    0.162384] tegra-pcie 3000.pcie-controller: 2x3 configuration
[    0.162495] vdd_1v5_gen: supplied by vdd_5v_in
[    0.162542] vdd_pexa,vdd_pexb: supplied by vdd_1v5_gen
[    0.162644] tegra-pcie 3000.pcie-controller: Failed to get supply 'hvdd-pex': -517
[    0.166695] tegra-apbdma 6000a000.dma: Tegra20 APB DMA driver register 32 channels
[    0.167748] tegra-pmc 7000e400.pmc: i2c-thermtrip node not found, emergency thermal reset disabled.
[    0.200339] Serial: 8250/16550 driver, 4 ports, IRQ sharing disabled
[    0.202466] console [ttyS0] disabled
[    0.202504] 70006000.serial: ttyS0 at MMIO 0x70006000 (irq = 331, base_baud = 25500000) is a Tegra
[    1.118249] console [ttyS0] enabled
[    1.122249] SuperH (H)SCI(F) driver initialized
[    1.127378] msm_serial: driver initialized
[    1.131595] STMicroelectronics ASC driver initialized
[    1.138302] [drm] Initialized drm 1.1.0 20060810
[    1.144214] tegra-hdmi 54280000.hdmi: failed to get HDMI regulator
[    1.158105] brd: module loaded
[    1.165070] loop: module loaded
[    1.173086] m25p80 spi32766.1: w25q32 (4096 Kbytes)
[    1.180000] libphy: Fixed MDIO Bus: probed
[    1.184523] CAN device driver interface
[    1.189504] igb: Intel(R) Gigabit Ethernet Network Driver - version 5.3.0-k
[    1.196458] igb: Copyright (c) 2007-2014 Intel Corporation.
[    1.203800] pegasus: v0.9.3 (2013/04/25), Pegasus/Pegasus II USB Ethernet driver
[    1.211241] usbcore: registered new interface driver pegasus
[    1.216930] usbcore: registered new interface driver asix
[    1.222351] usbcore: registered new interface driver ax88179_178a
[    1.228462] usbcore: registered new interface driver cdc_ether
[    1.234333] usbcore: registered new interface driver smsc75xx
[    1.240114] usbcore: registered new interface driver smsc95xx
[    1.245881] usbcore: registered new interface driver net1080
[    1.251559] usbcore: registered new interface driver cdc_subset
[    1.257497] usbcore: registered new interface driver zaurus
[    1.263122] usbcore: registered new interface driver cdc_ncm
[    1.270177] ehci_hcd: USB 2.0 'Enhanced' Host Controller (EHCI) Driver
[    1.276709] ehci-pci: EHCI PCI platform driver
[    1.281178] ehci-platform: EHCI generic platform driver
[    1.286527] ehci-omap: OMAP-EHCI Host Controller driver
[    1.291829] ehci-orion: EHCI orion driver
[    1.295914] SPEAr-ehci: EHCI SPEAr driver
[    1.300000] ehci-st: EHCI STMicroelectronics driver
[    1.304954] ehci-exynos: EHCI EXYNOS driver
[    1.309227] ehci-atmel: EHCI Atmel driver
[    1.313302] tegra-ehci: Tegra EHCI driver
[    1.317639] ohci_hcd: USB 1.1 'Open' Host Controller (OHCI) Driver
[    1.323831] ohci-pci: OHCI PCI platform driver
[    1.328297] ohci-platform: OHCI generic platform driver
[    1.333628] ohci-omap3: OHCI OMAP3 driver
[    1.337711] SPEAr-ohci: OHCI SPEAr driver
[    1.341802] ohci-st: OHCI STMicroelectronics driver
[    1.346757] ohci-atmel: OHCI Atmel driver
[    1.351090] usbcore: registered new interface driver usb-storage
[    1.358096] mousedev: PS/2 mouse device common for all mice
[    1.365752] tegra_rtc 7000e000.rtc: rtc core: registered 7000e000.rtc as rtc1
[    1.372925] tegra_rtc 7000e000.rtc: Tegra internal Real Time Clock
[    1.391631] tps65910-rtc tps65910-rtc: rtc core: registered tps65910-rtc as rtc0
[    1.399230] i2c /dev entries driver
[    1.409258] sdhci: Secure Digital Host Controller Interface driver
[    1.415434] sdhci: Copyright(c) Pierre Ossman
[    1.420691] Synopsys Designware Multimedia Card Interface Driver
[    1.427341] sdhci-pltfm: SDHCI platform and OF driver helper
[    1.433528] sdhci-tegra 78000000.sdhci: Got CD GPIO
[    1.438402] sdhci-tegra 78000000.sdhci: Got WP GPIO
[    1.444429] mmc0: Invalid maximum block size, assuming 512 bytes
[    1.483610] mmc0: SDHCI controller on 78000000.sdhci [78000000.sdhci] using ADMA
[    1.494225] mmc1: Invalid maximum block size, assuming 512 bytes
[    1.533562] mmc1: SDHCI controller on 78000600.sdhci [78000600.sdhci] using ADMA
[    1.542101] ledtrig-cpu: registered to indicate activity on CPUs
[    1.548340] usbcore: registered new interface driver usbhid
[    1.553909] usbhid: USB HID core driver
[    1.560737] NET: Registered protocol family 10
[    1.565763] sit: IPv6 over IPv4 tunneling driver
[    1.572864] NET: Registered protocol family 17
[    1.577322] can: controller area network core (rev 20120528 abi 9)
[    1.583543] NET: Registered protocol family 29
[    1.587980] can: raw protocol (rev 20120528)
[    1.592250] can: broadcast manager protocol (rev 20120528 t)
[    1.597909] can: netlink gateway (rev 20130117) max_hops=1
[    1.603691] Key type dns_resolver registered
[    1.608358] ThumbEE CPU extension supported.
[    1.612644] Registering SWP/SWPB emulation handler
[    1.649711] tegra-pcie 3000.pcie-controller: 2x3 configuration
[    1.655695] sys_3v3,vdd_3v3_alw: supplied by vdd_5v_in
[    1.660855] sys_3v3_pexs: supplied by sys_3v3,vdd_3v3_alw
[    1.670323] tegra-pcie 3000.pcie-controller: probing port 0, using 2 lanes
[    1.694882] mmc1: new high speed MMC card at address 0001
[    1.700633] mmcblk0: mmc1:0001 SEM16G 14.8 GiB 
[    1.706061] mmcblk0boot0: mmc1:0001 SEM16G partition 1 1.00 MiB
[    1.712100] mmcblk0boot1: mmc1:0001 SEM16G partition 2 1.00 MiB
[    1.718920] mmcblk0rpmb: mmc1:0001 SEM16G partition 3 128 KiB
[    1.727777] Primary GPT is invalid, using alternate GPT.
[    1.733100]  mmcblk0: p1 p2 p3 p4 p5
[    1.736628] tegra-pcie 3000.pcie-controller: probing port 2, using 2 lanes
[    2.140156] tegra-pcie 3000.pcie-controller: link 2 down, retrying
[    2.550174] tegra-pcie 3000.pcie-controller: link 2 down, retrying
[    2.960197] tegra-pcie 3000.pcie-controller: link 2 down, retrying
[    2.968386] tegra-pcie 3000.pcie-controller: link 2 down, ignoring
[    2.974703] tegra-pcie 3000.pcie-controller: PCI host bridge to bus 0000:00
[    2.981663] pci_bus 0000:00: root bus resource [mem 0x20000000-0x27ffffff]
[    2.988529] pci_bus 0000:00: root bus resource [mem 0x28000000-0x3fffffff pref]
[    2.995827] pci_bus 0000:00: root bus resource [bus 00-ff]
[    3.001304] pci_bus 0000:00: root bus resource [io  0x1000-0xffff]
[    3.007498] pci 0000:00:01.0: [10de:0e1c] type 01 class 0x060400
[    3.013565] pci 0000:00:01.0: PME# supported from D0 D1 D2 D3hot D3cold
[    3.020336] PCI: bus0: Fast back to back transfers disabled
[    3.025906] pci 0000:00:01.0: bridge configuration invalid ([bus 00-00]), reconfiguring
[    3.033998] pci 0000:01:00.0: [10ec:8168] type 00 class 0x020000
[    3.040012] pci 0000:01:00.0: reg 0x10: [io  0x0000-0x00ff]
[    3.045591] pci 0000:01:00.0: reg 0x18: [mem 0x00000000-0x00000fff 64bit pref]
[    3.052811] pci 0000:01:00.0: reg 0x20: [mem 0x00000000-0x00003fff 64bit pref]
[    3.060091] pci 0000:01:00.0: supports D1 D2
[    3.064357] pci 0000:01:00.0: PME# supported from D0 D1 D2 D3hot D3cold
[    3.078549] PCI: bus1: Fast back to back transfers disabled
[    3.084119] pci_bus 0000:01: busn_res: [bus 01-ff] end is updated to 01
[    3.090787] pci 0000:00:01.0: BAR 9: assigned [mem 0x28000000-0x280fffff 64bit pref]
[    3.098524] pci 0000:00:01.0: BAR 7: assigned [io  0x1000-0x1fff]
[    3.104612] pci 0000:01:00.0: BAR 4: assigned [mem 0x28000000-0x28003fff 64bit pref]
[    3.112355] pci 0000:01:00.0: BAR 2: assigned [mem 0x28004000-0x28004fff 64bit pref]
[    3.120093] pci 0000:01:00.0: BAR 0: assigned [io  0x1000-0x10ff]
[    3.126181] pci 0000:00:01.0: PCI bridge to [bus 01]
[    3.131139] pci 0000:00:01.0:   bridge window [io  0x1000-0x1fff]
[    3.137224] pci 0000:00:01.0:   bridge window [mem 0x28000000-0x280fffff 64bit pref]
[    3.144970] pci 0000:00:01.0: nv_msi_ht_cap_quirk didn't locate host bridge
[    3.152021] pcieport 0000:00:01.0: enabling device (0140 -> 0143)
[    3.158259] pcieport 0000:00:01.0: Signaling PME through PCIe PME interrupt
[    3.165215] pci 0000:01:00.0: Signaling PME through PCIe PME interrupt
[    3.171735] pcie_pme 0000:00:01.0:pcie01: service driver pcie_pme loaded
[    3.178601] r8169 Gigabit Ethernet driver 2.3LK-NAPI loaded
[    3.184186] r8169 0000:01:00.0: enabling device (0140 -> 0143)
[    3.191293] r8169 0000:01:00.0 eth0: RTL8168evl/8111evl at 0xf09f2000, 02:04:4b:01:60:a6, XID 0c900800 IRQ 375
[    3.201293] r8169 0000:01:00.0 eth0: jumbo features [frames: 9200 bytes, tx checksumming: ko]
[    3.210699] +VDD_5V_HDMI: supplied by sys_3v3,vdd_3v3_alw
[    3.216210] vdd_1v8_gen: supplied by vdd_5v_in
[    3.222900] [drm] Supports vblank timestamp caching Rev 2 (21.10.2013).
[    3.229523] [drm] No driver support for vblank timestamp query.
[    3.235467] drm drm: No connectors reported connected with modes
[    3.241474] [drm] Cannot find any crtc or sizes - going 1024x768
[    3.269580] Console: switching to colour frame buffer device 128x48
[    3.282326] drm drm: fb0:  frame buffer device
[    3.298920] [drm] Initialized tegra 0.0.0 20120330 on minor 0
[    3.307536] usb3_vbus: supplied by vdd_5v_in
[    3.314014] utmi_phy_clk_enable: timeout waiting for phy to stabilize
[    3.320472] tegra-ehci 7d004000.usb: EHCI Host Controller
[    3.325881] tegra-ehci 7d004000.usb: new USB bus registered, assigned bus number 1
[    3.333891] ------------[ cut here ]------------
[    3.338511] WARNING: CPU: 1 PID: 6 at kernel/workqueue.c:2361 check_flush_dependency+0xc8/0x124()
[    3.347387] workqueue: WQ_MEM_RECLAIM deferwq:deferred_probe_work_func is flushing !WQ_MEM_RECLAIM events:lru_add_drain_per_cpu
[    3.358662] Modules linked in:
[    3.361891] CPU: 1 PID: 6 Comm: kworker/u8:0 Not tainted 4.5.0-rc1-next-20160129-68987-g735cfa5 #1
[    3.370826] Hardware name: NVIDIA Tegra SoC (Flattened Device Tree)
[    3.377077] Workqueue: deferwq deferred_probe_work_func
[    3.382323] [<c02188b8>] (unwind_backtrace) from [<c0213f94>] (show_stack+0x10/0x14)
[    3.390058] [<c0213f94>] (show_stack) from [<c0489bf4>] (dump_stack+0x78/0x94)
[    3.397273] [<c0489bf4>] (dump_stack) from [<c024ab38>] (warn_slowpath_common+0x74/0xb0)
[    3.405346] [<c024ab38>] (warn_slowpath_common) from [<c024ac08>] (warn_slowpath_fmt+0x30/0x40)
[    3.414026] [<c024ac08>] (warn_slowpath_fmt) from [<c025dc80>] (check_flush_dependency+0xc8/0x124)
[    3.422965] [<c025dc80>] (check_flush_dependency) from [<c025dd94>] (flush_work+0x54/0x144)
[    3.431298] [<c025dd94>] (flush_work) from [<c02db314>] (lru_add_drain_all+0x124/0x180)
[    3.439288] [<c02db314>] (lru_add_drain_all) from [<c030cda4>] (migrate_prep+0x8/0x10)
[    3.447189] [<c030cda4>] (migrate_prep) from [<c02d6310>] (alloc_contig_range+0xc4/0x2f8)
[    3.455350] [<c02d6310>] (alloc_contig_range) from [<c030e6d0>] (cma_alloc+0xd8/0x1a0)
[    3.463252] [<c030e6d0>] (cma_alloc) from [<c021e39c>] (__alloc_from_contiguous+0x38/0xdc)
[    3.471501] [<c021e39c>] (__alloc_from_contiguous) from [<c021ff8c>] (__dma_alloc+0x21c/0x250)
[    3.480093] [<c021ff8c>] (__dma_alloc) from [<c0220044>] (arm_dma_alloc+0x48/0x54)
[    3.487653] [<c0220044>] (arm_dma_alloc) from [<c03072b8>] (dma_pool_alloc+0x1dc/0x210)
[    3.495641] [<c03072b8>] (dma_pool_alloc) from [<c07c8590>] (ehci_qh_alloc+0x3c/0xb4)
[    3.503456] [<c07c8590>] (ehci_qh_alloc) from [<c07ccb88>] (ehci_setup+0x154/0x484)
[    3.511098] [<c07ccb88>] (ehci_setup) from [<c07d2c64>] (tegra_ehci_reset+0xc/0x50)
[    3.518745] [<c07d2c64>] (tegra_ehci_reset) from [<c07a3010>] (usb_add_hcd+0x300/0x840)
[    3.526731] [<c07a3010>] (usb_add_hcd) from [<c07d25dc>] (tegra_ehci_probe+0x3b8/0x504)
[    3.534722] [<c07d25dc>] (tegra_ehci_probe) from [<c065a41c>] (platform_drv_probe+0x50/0xb0)
[    3.543144] [<c065a41c>] (platform_drv_probe) from [<c0658d88>] (driver_probe_device+0x1f4/0x2b0)
[    3.551997] [<c0658d88>] (driver_probe_device) from [<c0657318>] (bus_for_each_drv+0x44/0x8c)
[    3.560503] [<c0657318>] (bus_for_each_drv) from [<c0658b0c>] (__device_attach+0x9c/0x100)
[    3.568748] [<c0658b0c>] (__device_attach) from [<c0658198>] (bus_probe_device+0x84/0x8c)
[    3.576906] [<c0658198>] (bus_probe_device) from [<c06585cc>] (deferred_probe_work_func+0x60/0x8c)
[    3.585847] [<c06585cc>] (deferred_probe_work_func) from [<c025ebdc>] (process_one_work+0x134/0x338)
[    3.594959] [<c025ebdc>] (process_one_work) from [<c025ee44>] (worker_thread+0x2c/0x4f0)
[    3.603037] [<c025ee44>] (worker_thread) from [<c0263fd0>] (kthread+0xd8/0xf4)
[    3.610247] [<c0263fd0>] (kthread) from [<c0210e78>] (ret_from_fork+0x14/0x3c)
[    3.617450] ---[ end trace 5cbed534e3d6c38d ]---
[    3.622304] tegra-ehci 7d004000.usb: irq 343, io mem 0x7d004000
[    3.633927] tegra-ehci 7d004000.usb: USB 2.0 started, EHCI 1.00
[    3.640378] hub 1-0:1.0: USB hub found
[    3.644158] hub 1-0:1.0: 1 port detected
[    3.649117] tegra-ehci 7d008000.usb: EHCI Host Controller
[    3.654529] tegra-ehci 7d008000.usb: new USB bus registered, assigned bus number 2
[    3.662284] tegra-ehci 7d008000.usb: irq 344, io mem 0x7d008000
[    3.673919] tegra-ehci 7d008000.usb: USB 2.0 started, EHCI 1.00
[    3.680287] hub 2-0:1.0: USB hub found
[    3.684057] hub 2-0:1.0: 1 port detected
[    3.692859] tps65910-rtc tps65910-rtc: setting system clock to 2000-01-01 00:00:02 UTC (946684802)
[    3.706698] vdd_sata,avdd_plle: disabling
[    3.711504] usb1_vbus: disabling
[    3.717490] EXT4-fs (mmcblk0p1): mounting ext3 file system using the ext4 subsystem
[    3.735948] EXT4-fs (mmcblk0p1): warning: mounting fs with errors, running e2fsck is recommended
[    3.747813] EXT4-fs (mmcblk0p1): recovery complete
[    3.752615] EXT4-fs (mmcblk0p1): mounted filesystem with ordered data mode. Opts: (null)
[    3.760721] VFS: Mounted root (ext3 filesystem) on device 179:1.
[    3.770012] devtmpfs: mounted
[    3.774097] Freeing unused kernel memory: 1100K (c0e4b000 - c0f5e000)
bash: cannot set terminal process group (-1): Inappropriate ioctl for device
bash: no job control in this shell
root@(none):/# [    3.993944] usb 2-1: new high-speed USB device number 2 using tegra-ehci
mount -t sysfs none /sys
root@(none):/# 
root@(none):/# [    4.945578] asix 2-1:1.0 eth1: register 'asix' at usb-7d008000.usb-1, ASIX AX88772 USB 2.0 Ethernet, 00:50:b6:0f:67:60
mount -t debugfs none /sys/kernel/debug
root@(none):/# 
root@(none):/# rtcwake -d rtc1 -m mem -s 3
rtcwake: wakeup from "mem" using /dev/rtc1 at Thu Jan  1 00:00:21 1970
[    6.504725] PM: Syncing filesystems ... done.
[    6.519045] Freezing user space processes ... (elapsed 0.001 seconds) done.
[    6.527138] Freezing remaining freezable tasks ... (elapsed 0.001 seconds) done.
[    6.535773] Suspending console(s) (use no_console_suspend to debug)
[    6.583619] PM: suspend of devices complete after 40.570 msecs
[    6.584283] PM: late suspend of devices complete after 0.655 msecs
[    6.598999] PM: noirq suspend of devices complete after 14.709 msecs
[    6.599002] Disabling non-boot CPUs ...
[    6.599314] IRQ17 no longer affine to CPU1
[    6.599629] CPU1: shutdown
[    6.629919] CPU2: shutdown
[    6.644510] CPU3: shutdown
[    6.659010] Entering suspend state LP1
[    6.659021] Enabling non-boot CPUs ...
[    6.684525] CPU1 is up
[    6.709640] CPU2 is up
[    6.734763] CPU3 is up
[    6.735397] pcieport 0000:00:01.0: nv_msi_ht_cap_quirk didn't locate host bridge
[    6.748591] PM: noirq resume of devices complete after 13.820 msecs
[    6.750789] PM: early resume of devices complete after 1.811 msecs
[    6.815780] PM: resume of devices complete after 64.978 msecs
[    6.890971] Restarting tasks ... done.
root@(none):/# 
root@(none):/# rtcwake -d rtc1 -m mem -s 3
rtcwake: wakeup from "mem" using /dev/rtc1 at Thu Jan  1 00:00:25 1970
[    7.259282] PM: Syncing filesystems ... done.
[    7.272074] Freezing user space processes ... (elapsed 0.001 seconds) done.
[    7.280192] Freezing remaining freezable tasks ... (elapsed 0.001 seconds) done.
[    7.288802] Suspending console(s) (use no_console_suspend to debug)
[    7.328589] PM: suspend of devices complete after 32.609 msecs
[    7.331611] PM: late suspend of devices complete after 3.014 msecs
[    7.343973] PM: noirq suspend of devices complete after 12.355 msecs
[    7.343976] Disabling non-boot CPUs ...
[    7.344283] IRQ17 no longer affine to CPU1
[    7.344588] CPU1: shutdown
[    7.359863] CPU2: shutdown
[    7.374481] CPU3: shutdown
[    7.388969] Entering suspend state LP1
[    7.388984] Enabling non-boot CPUs ...
[    7.414660] CPU1 is up
[    7.439771] CPU2 is up
[    7.464881] CPU3 is up
[    7.465672] pcieport 0000:00:01.0: nv_msi_ht_cap_quirk didn't locate host bridge
[    7.478572] PM: noirq resume of devices complete after 13.679 msecs
[    7.480742] PM: early resume of devices complete after 1.745 msecs
[    7.556698] PM: resume of devices complete after 75.944 msecs
[    7.632116] Restarting tasks ... done.
root@(none):/# 
root@(none):/# rtcwake -d rtc1 -m mem -s 3
rtcwake: wakeup from "mem" using /dev/rtc1 at Thu Jan  1 00:00:29 1970
[    7.993896] PM: Syncing filesystems ... done.
[    8.009161] Freezing user space processes ... (elapsed 0.001 seconds) done.
[    8.017305] Freezing remaining freezable tasks ... (elapsed 0.001 seconds) done.
[    8.025979] Suspending console(s) (use no_console_suspend to debug)
[    8.069415] PM: suspend of devices complete after 35.986 msecs
[    8.070205] PM: late suspend of devices complete after 0.779 msecs
[    8.084024] PM: noirq suspend of devices complete after 13.810 msecs
[    8.084029] Disabling non-boot CPUs ...
[    8.084819] CPU1: shutdown
[    8.099812] IRQ17 no longer affine to CPU2
[    8.100078] CPU2: shutdown
[    8.124533] CPU3: shutdown
[    8.138996] Entering suspend state LP1
[    8.139009] Enabling non-boot CPUs ...
[    8.164643] CPU1 is up
[    8.189740] CPU2 is up
[    8.214853] CPU3 is up
[    8.215566] pcieport 0000:00:01.0: nv_msi_ht_cap_quirk didn't locate host bridge
[    8.228558] PM: noirq resume of devices complete after 13.696 msecs
[    8.230732] PM: early resume of devices complete after 1.738 msecs
[    8.301910] PM: resume of devices complete after 71.166 msecs
[    8.377343] Restarting tasks ... done.
root@(none):/# 
root@(none):/# rtcwake -d rtc1 -m mem -s 3
rtcwake: wakeup from "mem" using /dev/rtc1 at Thu Jan  1 00:00:33 1970
[    8.745445] PM: Syncing filesystems ... done.
[    8.760230] Freezing user space processes ... (elapsed 0.001 seconds) done.
[    8.768369] Freezing remaining freezable tasks ... (elapsed 0.001 seconds) done.
[    8.777044] Suspending console(s) (use no_console_suspend to debug)
[    8.819878] PM: suspend of devices complete after 35.349 msecs
[    8.823718] PM: late suspend of devices complete after 3.829 msecs
[    8.839019] PM: noirq suspend of devices complete after 15.292 msecs
[    8.839022] Disabling non-boot CPUs ...
[    8.839804] CPU1: shutdown
[    8.855056] CPU2: shutdown
[    8.869331] IRQ17 no longer affine to CPU3
[    8.869558] CPU3: shutdown
[    8.883967] Entering suspend state LP1
[    8.883982] Enabling non-boot CPUs ...
[    8.909605] CPU1 is up
[    8.934713] CPU2 is up
[    8.959846] CPU3 is up
[    8.960568] pcieport 0000:00:01.0: nv_msi_ht_cap_quirk didn't locate host bridge
[    8.973529] PM: noirq resume of devices complete after 13.673 msecs
[    8.975667] PM: early resume of devices complete after 1.708 msecs
[    9.047312] PM: resume of devices complete after 71.631 msecs
[    9.122715] Restarting tasks ... done.
root@(none):/# 
root@(none):/# rtcwake -d rtc1 -m mem -s 3
rtcwake: wakeup from "mem" using /dev/rtc1 at Thu Jan  1 00:00:37 1970
[    9.489460] PM: Syncing filesystems ... done.
[    9.504214] Freezing user space processes ... (elapsed 0.001 seconds) done.
[    9.512362] Freezing remaining freezable tasks ... (elapsed 0.001 seconds) done.
[    9.521034] Suspending console(s) (use no_console_suspend to debug)
[    9.563873] PM: suspend of devices complete after 35.367 msecs
[    9.567707] PM: late suspend of devices complete after 3.823 msecs
[    9.583978] PM: noirq suspend of devices complete after 16.262 msecs
[    9.583981] Disabling non-boot CPUs ...
[    9.584370] IRQ17 no longer affine to CPU1
[    9.584755] CPU1: shutdown
[    9.600035] CPU2: shutdown
[    9.614524] CPU3: shutdown
[    9.628939] Entering suspend state LP1
[    9.628953] Enabling non-boot CPUs ...
[    9.654590] CPU1 is up
[    9.679696] CPU2 is up
[    9.704815] CPU3 is up
[    9.705544] pcieport 0000:00:01.0: nv_msi_ht_cap_quirk didn't locate host bridge
[    9.718507] PM: noirq resume of devices complete after 13.683 msecs
[    9.721166] PM: early resume of devices complete after 2.232 msecs
[    9.791082] PM: resume of devices complete after 69.903 msecs
[    9.866526] Restarting tasks ... done.
root@(none):/# 
root@(none):/# NVTB SYSTEM SUSPEND TEST COMPLETE
