

U-Boot 2011.03 (Jun 11 2013 - 06:07:37)

T114
Board: NVIDIA Dalmore
DRAM:  2 GiB
MMC:   Tegra2 SD/MMC: 0, Tegra2 SD/MMC: 1
In:    serial
Out:   serial
Err:   serial
Net:   Net Initialization Skipped
No ethernet found.
Hit any key to stop autoboot:  2  1  0 
Dalmore #
Dalmore #usb reset
(Re)start USB...
USB:   Register 10011 NbrPorts 1
USB EHCI 1.10
scanning bus for devices... 2 USB Device(s) found
       scanning bus for storage devices... 0 Storage Device(s) found
       scanning bus for ethernet devices... 1 Ethernet Device(s) found
Dalmore #setenv bootargs 'ignore_loglevel console=ttyS0,115200n8 rw root=/dev/mmcblk0p1 rootwait gpt init=/bin/bash'
Dalmore #setenv ipaddr 192.168.100.100; setenv serverip 192.168.100.1; setenv tftpserverip 192.168.100.1
Dalmore #tftpboot 0x81000000 zImage.tegra_defconfig
Waiting for Ethernet connection... done.
Using asx0 device
TFTP from server 192.168.100.1; our IP address is 192.168.100.100
Filename 'zImage.tegra_defconfig'.
Load address: 0x81000000
Loading: *#################################################  2.8 MiB/s
done
Bytes transferred = 4353016 (426bf8 hex)
Dalmore #tftpboot 0x82000000 tegra114-dalmore.dtb
Using asx0 device
TFTP from server 192.168.100.1; our IP address is 192.168.100.100
Filename 'tegra114-dalmore.dtb'.
Load address: 0x82000000
Loading: *#################################################  2.6 MiB/s
done
Bytes transferred = 27540 (6b94 hex)
Dalmore #bootz 0x81000000 - 0x82000000
## Flattened Device Tree blob at 82000000
   Booting using the fdt blob at 0x82000000
   Loading Device Tree to 81ff6000, end 81fffb93 ... OK

Starting kernel ...

Timer summary in microseconds:
       Mark    Elapsed  Stage
          0          0  awake
  3,091,363  3,091,363  usb_start
  7,094,397  4,003,034  eth_start
  7,094,395         -2  tftp start
 11,183,862  4,089,467  tftp done
 13,106,460  1,922,598  start_kernel
[    0.000000] Booting Linux on physical CPU 0x0
[    0.000000] Initializing cgroup subsys cpu
[    0.000000] Initializing cgroup subsys cpuacct
[    0.000000] Linux version 3.11.0-rc2-next-20130724-13111-ged38ddcb (pwalmsley@tamien) (gcc version 4.5.1 (Sourcery G++ Lite 2010.09-50) ) #1 SMP PREEMPT Thu Jul 25 02:58:08 PDT 2013
[    0.000000] CPU: ARMv7 Processor [412fc0f2] revision 2 (ARMv7), cr=10c5387d
[    0.000000] CPU: PIPT / VIPT nonaliasing data cache, PIPT instruction cache
[    0.000000] Machine: NVIDIA Tegra SoC (Flattened Device Tree), model: NVIDIA Tegra114 Dalmore evaluation board
[    0.000000] debug: ignoring loglevel setting.
[    0.000000] Memory policy: ECC disabled, Data cache writealloc
[    0.000000] On node 0 totalpages: 524032
[    0.000000] free_area_init_node: node 0, pgdat c080de80, node_mem_map c0865000
[    0.000000]   Normal zone: 1520 pages used for memmap
[    0.000000]   Normal zone: 0 pages reserved
[    0.000000]   Normal zone: 194560 pages, LIFO batch:31
[    0.000000]   HighMem zone: 2574 pages used for memmap
[    0.000000]   HighMem zone: 329472 pages, LIFO batch:31
[    0.000000] Tegra Revision: A01 SKU: 0 CPU Process: 1 Core Process: 1
[    0.000000] PERCPU: Embedded 8 pages/cpu @c187c000 s9216 r8192 d15360 u32768
[    0.000000] pcpu-alloc: s9216 r8192 d15360 u32768 alloc=8*4096
[    0.000000] pcpu-alloc: [0] 0 [0] 1 [0] 2 [0] 3 
[    0.000000] Built 1 zonelists in Zone order, mobility grouping on.  Total pages: 522512
[    0.000000] Kernel command line: ignore_loglevel console=ttyS0,115200n8 rw root=/dev/mmcblk0p1 rootwait gpt init=/bin/bash
[    0.000000] PID hash table entries: 4096 (order: 2, 16384 bytes)
[    0.000000] Dentry cache hash table entries: 131072 (order: 7, 524288 bytes)
[    0.000000] Inode-cache hash table entries: 65536 (order: 6, 262144 bytes)
[    0.000000] Memory: 2070088K/2096128K available (5919K kernel code, 301K rwdata, 1752K rodata, 237K init, 342K bss, 26040K reserved, 1317888K highmem)
[    0.000000] Virtual kernel memory layout:
[    0.000000]     vector  : 0xffff0000 - 0xffff1000   (   4 kB)
[    0.000000]     fixmap  : 0xfff00000 - 0xfffe0000   ( 896 kB)
[    0.000000]     vmalloc : 0xf0000000 - 0xff000000   ( 240 MB)
[    0.000000]     lowmem  : 0xc0000000 - 0xef800000   ( 760 MB)
[    0.000000]     pkmap   : 0xbfe00000 - 0xc0000000   (   2 MB)
[    0.000000]     modules : 0xbf000000 - 0xbfe00000   (  14 MB)
[    0.000000]       .text : 0xc0008000 - 0xc078625c   (7673 kB)
[    0.000000]       .init : 0xc0787000 - 0xc07c2400   ( 237 kB)
[    0.000000]       .data : 0xc07c4000 - 0xc080f560   ( 302 kB)
[    0.000000]        .bss : 0xc080f560 - 0xc0864dc8   ( 343 kB)
[    0.000000] Preemptible hierarchical RCU implementation.
[    0.000000] NR_IRQS:16 nr_irqs:16 16
[    0.000000] sched_clock: 32 bits at 1000kHz, resolution 1000ns, wraps every 4294967ms
[    0.000000] Architected local timer running at 12.00MHz (virt).
[    0.000000] Switching to timer-based delay loop
[    0.000000] sched_clock: ARM arch timer >56 bits at 12000kHz, resolution 83ns
[    0.000000] Console: colour dummy device 80x30
[   13.335914] Calibrating delay loop (skipped), value calculated using timer frequency.. 24.00 BogoMIPS (lpj=120000)
[   13.335930] pid_max: default: 32768 minimum: 301
[   13.336380] Mount-cache hash table entries: 512
[   13.354020] Initializing cgroup subsys debug
[   13.354036] Initializing cgroup subsys freezer
[   13.354092] CPU: Testing write buffer coherency: ok
[   13.354421] /cpus/cpu@0 missing clock-frequency property
[   13.354434] /cpus/cpu@1 missing clock-frequency property
[   13.354443] /cpus/cpu@2 missing clock-frequency property
[   13.354452] /cpus/cpu@3 missing clock-frequency property
[   13.354467] CPU0: thread -1, cpu 0, socket 0, mpidr 80000000
[   13.354501] Setting up static identity map for 0xc05a18a8 - 0xc05a1940
[   13.406146] CPU1: Booted secondary processor
[   13.406176] CPU1: thread -1, cpu 1, socket 0, mpidr 80000001
[   13.426088] CPU2: Booted secondary processor
[   13.426112] CPU2: thread -1, cpu 2, socket 0, mpidr 80000002
[   13.446015] CPU3: Booted secondary processor
[   13.446041] CPU3: thread -1, cpu 3, socket 0, mpidr 80000003
[   13.446148] Brought up 4 CPUs
[   13.446178] SMP: Total of 4 processors activated (96.00 BogoMIPS).
[   13.446185] CPU: All CPU(s) started in SVC mode.
[   13.447204] devtmpfs: initialized
[   13.459871] VFP support v0.3: implementor 41 architecture 4 part 30 variant f rev 0
[   13.460264] pinctrl core: initialized pinctrl subsystem
[   13.460799] regulator-dummy: no parameters
[   13.461298] NET: Registered protocol family 16
[   13.461567] DMA: preallocated 256 KiB pool for atomic coherent allocations
[   13.462343] cpuidle: using governor ladder
[   13.462355] cpuidle: using governor menu
[   13.473134] No ATAGs?
[   13.473163] hw-breakpoint: found 5 (+1 reserved) breakpoint and 4 watchpoint registers.
[   13.473174] hw-breakpoint: maximum watchpoint size is 8 bytes.
[   13.484057] bio: create slab <bio-0> at 0
[   13.485366] vdd_ac_bat: 5000 mV 
[   13.485671] dvdd_ts: Failed to request enable GPIO61: -517
[   13.485838] reg-fixed-voltage 1.regulator: Failed to register regulator: -517
[   13.485861] platform 1.regulator: Driver reg-fixed-voltage requests probe deferral
[   13.486058] lcd_bl_en: Failed to request enable GPIO58: -517
[   13.486206] reg-fixed-voltage 2.regulator: Failed to register regulator: -517
[   13.486227] platform 2.regulator: Driver reg-fixed-voltage requests probe deferral
[   13.486424] usb1_vbus: Failed to request enable GPIO108: -517
[   13.486571] reg-fixed-voltage 3.regulator: Failed to register regulator: -517
[   13.486593] platform 3.regulator: Driver reg-fixed-voltage requests probe deferral
[   13.486788] usb2_vbus: Failed to request enable GPIO86: -517
[   13.486933] reg-fixed-voltage 4.regulator: Failed to register regulator: -517
[   13.486954] platform 4.regulator: Driver reg-fixed-voltage requests probe deferral
[   13.487149] vdd_hdmi_5v0: Failed to request enable GPIO81: -517
[   13.487293] reg-fixed-voltage 5.regulator: Failed to register regulator: -517
[   13.487315] platform 5.regulator: Driver reg-fixed-voltage requests probe deferral
[   13.487398] platform 6.regulator: Driver reg-fixed-voltage requests probe deferral
[   13.488495] vgaarb: loaded
[   13.489600] SCSI subsystem initialized
[   13.489977] usbcore: registered new interface driver usbfs
[   13.490080] usbcore: registered new interface driver hub
[   13.490241] usbcore: registered new device driver usb
[   13.494156] vdd-cpu: 500 <--> 1520 mV at 1100 mV 
[   13.494803] tps65090 1-0048: No cache defaults, reading back from HW
[   13.501161] vdd-sys-5v0: no parameters
[   13.501211] vdd-sys-5v0: supplied by vdd_ac_bat
[   13.502677] vdd-sys-3v3: no parameters
[   13.502716] vdd-sys-3v3: supplied by vdd_ac_bat
[   13.504153] vdd-ao: no parameters
[   13.504192] vdd-ao: supplied by vdd_ac_bat
[   13.504459] vdd-lcd-bl: no parameters
[   13.504497] vdd-lcd-bl: supplied by vdd_ac_bat
[   13.504742] TPS65090_RAILSFET2: no parameters
[   13.504777] TPS65090_RAILSFET2: supplied by vdd_ac_bat
[   13.505054] vdd-modem-3v3: no parameters
[   13.505098] vdd-modem-3v3: supplied by vdd-sys-3v3
[   13.505365] avdd-lcd: no parameters
[   13.505398] avdd-lcd: supplied by vdd-sys-3v3
[   13.505646] vdd-lvds: no parameters
[   13.505679] vdd-lvds: supplied by vdd-sys-3v3
[   13.505950] vdd-sd-slot: no parameters
[   13.505984] vdd-sd-slot: supplied by vdd-sys-3v3
[   13.506248] vdd-com-3v3: no parameters
[   13.506283] vdd-com-3v3: supplied by vdd-sys-3v3
[   13.506536] vdd-sby-5v0: no parameters
[   13.506570] vdd-sby-5v0: supplied by vdd_ac_bat
[   13.506817] vdd-sby-3v3: no parameters
[   13.506850] vdd-sby-3v3: supplied by vdd_ac_bat
[   13.507629] palmas 1-0058: Irq flag is 0x00000004
[   13.516119] palmas 1-0058: Muxing GPIO ff, PWM 0, LED 0
[   13.525013] vddio-ddr: 1350 mV 
[   13.525865] vddio-ddr: supplied by vdd-ao
[   13.532824] vddio-1v8: 1800 mV 
[   13.533668] vddio-1v8: supplied by vdd-ao
[   13.540605] vdd-core: 900 <--> 1400 mV at 1100 mV 
[   13.541444] vdd-core: supplied by vdd-sys-3v3
[   13.545657] SMPS6: no parameters
[   13.553367] avdd-pll: 1050 mV 
[   13.554207] avdd-pll: supplied by vdd-sys-3v3
[   13.562539] sdhci-vdd-sd-slot: 2800 mV 
[   13.563381] sdhci-vdd-sd-slot: supplied by vdd-sys-3v3
[   13.565221] SMPS10: at 5000 mV 
[   13.567823] avdd-cam1: 2800 mV 
[   13.568662] avdd-cam1: supplied by vdd-sys-3v3
[   13.572665] avdd-cam2: 2800 mV 
[   13.573502] avdd-cam2: supplied by vdd-sys-3v3
[   13.578296] avdd-dsi-csi: 1200 mV 
[   13.579136] avdd-dsi-csi: supplied by vddio-1v8
[   13.583913] vpp-fuse: 1800 mV 
[   13.584767] vpp-fuse: supplied by vdd-sys-3v3
[   13.587992] LDO5: at 1200 mV 
[   13.588833] LDO5: supplied by vdd_ac_bat
[   13.591459] vdd-sensor-2v85: 2850 mV 
[   13.592298] vdd-sensor-2v85: supplied by vdd-sys-3v3
[   13.596325] vdd-af-cam1: 2800 mV 
[   13.597167] vdd-af-cam1: supplied by vdd-sys-3v3
[   13.605277] vdd-rtc: 900 mV 
[   13.606115] vdd-rtc: supplied by vdd-ao
[   13.610132] vddio-sdmmc-2: 1800 <--> 3300 mV at 3300 mV 
[   13.610972] vddio-sdmmc-2: supplied by sdhci-vdd-sd-slot
[   13.615752] hvdd-usb: 3300 mV 
[   13.616590] hvdd-usb: supplied by vdd-sys-5v0
[   13.621390] avdd-usb: 3300 mV 
[   13.622228] avdd-usb: supplied by vdd-sys-5v0
[   13.625449] rail-3v3: no parameters
[   13.627853] rail-5v0: no parameters
[   13.629428] REGEN3: no parameters
[   13.629660] SYSEN1: no parameters
[   13.629938] SYSEN2: no parameters
[   13.630382] Linux video capture interface: v2.00
[   13.631094] platform 7000f010.iommu: Driver tegra-smmu requests probe deferral
[   13.631388] Advanced Linux Sound Architecture Driver Initialized.
[   13.632151] Bluetooth: Core ver 2.16
[   13.632222] NET: Registered protocol family 31
[   13.632230] Bluetooth: HCI device and connection manager initialized
[   13.632256] Bluetooth: HCI socket layer initialized
[   13.632279] Bluetooth: L2CAP socket layer initialized
[   13.632334] Bluetooth: SCO socket layer initialized
[   13.633071] cfg80211: Calling CRDA to update world regulatory domain
[   13.634170] Switched to clocksource arch_sys_counter
[   13.648387] NET: Registered protocol family 2
[   13.649306] TCP established hash table entries: 8192 (order: 4, 65536 bytes)
[   13.649514] TCP bind hash table entries: 8192 (order: 4, 65536 bytes)
[   13.649691] TCP: Hash tables configured (established 8192 bind 8192)
[   13.650135] TCP: reno registered
[   13.650151] UDP hash table entries: 512 (order: 2, 16384 bytes)
[   13.650194] UDP-Lite hash table entries: 512 (order: 2, 16384 bytes)
[   13.650608] NET: Registered protocol family 1
[   13.651305] RPC: Registered named UNIX socket transport module.
[   13.651317] RPC: Registered udp transport module.
[   13.651325] RPC: Registered tcp transport module.
[   13.651332] RPC: Registered tcp NFSv4.1 backchannel transport module.
[   13.651345] PCI: CLS 0 bytes, default 64
[   13.655120] bounce pool size: 64 pages
[   13.656802] squashfs: version 4.0 (2009/01/31) Phillip Lougher
[   13.657620] msgmni has been set to 1469
[   13.659239] io scheduler noop registered (default)
[   13.670575] tegra-apbdma 6000a000.dma: Tegra20 APB DMA driver register 32 channels
[   13.671078] Serial: 8250/16550 driver, 4 ports, IRQ sharing disabled
[   13.673148] 70006300.serial: ttyS0 at MMIO 0x70006300 (irq = 122) is a Tegra
[   14.684560] console [ttyS0] enabled
[   14.688889] [drm] Initialized drm 1.1.0 20060810
[   14.699400] loop: module loaded
[   14.705195] m25p80 spi32766.0: w25q32dw (4096 Kbytes)
[   14.712063] pegasus: v0.9.3 (2013/04/25), Pegasus/Pegasus II USB Ethernet driver
[   14.719495] usbcore: registered new interface driver pegasus
[   14.725244] usbcore: registered new interface driver asix
[   14.730703] usbcore: registered new interface driver ax88179_178a
[   14.736829] usbcore: registered new interface driver cdc_ether
[   14.742735] usbcore: registered new interface driver r815x
[   14.748278] usbcore: registered new interface driver smsc75xx
[   14.754095] usbcore: registered new interface driver smsc95xx
[   14.759902] usbcore: registered new interface driver net1080
[   14.765595] usbcore: registered new interface driver cdc_subset
[   14.771570] usbcore: registered new interface driver zaurus
[   14.777211] usbcore: registered new interface driver cdc_ncm
[   14.782893] ehci_hcd: USB 2.0 'Enhanced' Host Controller (EHCI) Driver
[   14.789383] ehci-pci: EHCI PCI platform driver
[   14.793884] tegra-ehci: Tegra EHCI driver
[   14.798101] usbcore: registered new interface driver cdc_acm
[   14.803742] cdc_acm: USB Abstract Control Model driver for USB modems and ISDN adapters
[   14.811790] usbcore: registered new interface driver cdc_wdm
[   14.817508] usbcore: registered new interface driver usb-storage
[   14.824099] mousedev: PS/2 mouse device common for all mice
[   14.841683] palmas-rtc rtc.7: rtc core: registered rtc.7 as rtc0
[   14.852058] tegra_rtc 7000e000.rtc: rtc core: registered 7000e000.rtc as rtc1
[   14.859181] tegra_rtc 7000e000.rtc: Tegra internal Real Time Clock
[   14.866826] sbs-battery 0-000b: sbs_probe: Failed to get device status
[   14.873357] sbs-battery: probe of 0-000b failed with error -121
[   14.882909] sdhci: Secure Digital Host Controller Interface driver
[   14.889054] sdhci: Copyright(c) Pierre Ossman
[   14.893403] sdhci-pltfm: SDHCI platform and OF driver helper
[   14.899477] sdhci-tegra 78000400.sdhci: Got CD GPIO #170.
[   14.905903] mmc0: no vqmmc regulator found
[   14.910002] mmc0: no vmmc regulator found
[   14.913991] mmc0: Invalid maximum block size, assuming 512 bytes
[   14.958873] mmc0: SDHCI controller on 78000400.sdhci [78000400.sdhci] using ADMA
[   14.968424] mmc1: no vqmmc regulator found
[   14.972523] mmc1: no vmmc regulator found
[   14.976510] mmc1: Invalid maximum block size, assuming 512 bytes
[   15.018629] mmc1: SDHCI controller on 78000600.sdhci [78000600.sdhci] using ADMA
[   15.026671] usbcore: registered new interface driver usbhid
[   15.034273] usbhid: USB HID core driver
[   15.150429] mmc1: BKOPS_EN bit is not set
[   15.180856] mmc1: new HS200 MMC card at address 0001
[   15.186379] mmcblk0: mmc1:0001 SEM32G 29.1 GiB 
[   15.191224] mmcblk0boot0: mmc1:0001 SEM32G partition 1 4.00 MiB
[   15.197416] mmcblk0boot1: mmc1:0001 SEM32G partition 2 4.00 MiB
[   15.203577] mmcblk0rpmb: mmc1:0001 SEM32G partition 3 4.00 MiB
[   15.211892] Primary GPT is invalid, using alternate GPT.
[   15.217198]  mmcblk0: p1 p2 p3 p4 p5
[   15.224124]  mmcblk0boot1: unknown partition table
[   15.230567]  mmcblk0boot0: unknown partition table
[   15.487855] tegra-snd-rt5640 sound.4:  rt5640-aif1 <-> 70080400.i2s mapping ok
[   15.496393] input: NVIDIA Tegra Dalmore Headphones as /devices/soc0/sound.4/sound/card0/input0
[   15.506550] TCP: cubic registered
[   15.510161] NET: Registered protocol family 10
[   15.515950] mip6: Mobile IPv6
[   15.518926] sit: IPv6 over IPv4 tunneling driver
[   15.525181] NET: Registered protocol family 17
[   15.529663] NET: Registered protocol family 15
[   15.534235] Bluetooth: RFCOMM socket layer initialized
[   15.539364] Bluetooth: RFCOMM ver 1.11
[   15.543094] Bluetooth: BNEP (Ethernet Emulation) ver 1.3
[   15.548405] Bluetooth: BNEP socket layer initialized
[   15.553341] Bluetooth: HIDP (Human Interface Emulation) ver 1.2
[   15.559254] Bluetooth: HIDP socket layer initialized
[   15.564914] Registering SWP/SWPB emulation handler
[   15.574290] hvdd-usb: disabling
[   15.579854] vdd-af-cam1: disabling
[   15.585922] vdd-sensor-2v85: disabling
[   15.592196] LDO5: disabling
[   15.597666] vpp-fuse: disabling
[   15.603300] avdd-cam2: disabling
[   15.609149] avdd-cam1: disabling
[   15.615368] vdd-com-3v3: disabling
[   15.619380] vdd-lvds: disabling
[   15.623100] avdd-lcd: disabling
[   15.627050] vdd-lcd-bl: disabling
[   15.631702] dvdd_ts: 1800 mV 
[   15.635186] lcd_bl_en: 5000 mV 
[   15.638931] usb1_vbus: 5000 mV 
[   15.642157] usb1_vbus: supplied by vdd-sys-5v0
[   15.647089] usb2_vbus: 5000 mV 
[   15.650243] usb2_vbus: supplied by vdd-sys-5v0
[   15.655021] vdd_hdmi_5v0: 5000 mV 
[   15.658463] vdd_hdmi_5v0: supplied by vdd-sys-5v0
[   15.663363] platform 6.regulator: Driver reg-fixed-voltage requests probe deferral
[   15.671388] platform 6.regulator: Driver reg-fixed-voltage requests probe deferral
[   15.680152] input: gpio-keys.2 as /devices/soc0/gpio-keys.2/input/input1
[   15.687867] platform 6.regulator: Driver reg-fixed-voltage requests probe deferral
[   15.695456] palmas-rtc rtc.7: setting system clock to 2000-01-04 05:20:41 UTC (946963241)
[   15.704083] ALSA device list:
[   15.707055]   #0: NVIDIA Tegra Dalmore
[   15.721054] kjournald starting.  Commit interval 5 seconds
[   15.723019] EXT3-fs (mmcblk0p1): using internal journal
[   15.723036] EXT3-fs (mmcblk0p1): recovery complete
[   15.723041] EXT3-fs (mmcblk0p1): mounted filesystem with writeback data mode
[   15.723130] VFS: Mounted root (ext3 filesystem) on device 179:1.
[   15.724270] devtmpfs: mounted
[   15.724572] Freeing unused kernel memory: 236K (c0787000 - c07c2000)
bash: cannot set terminal process group (-1): Inappropriate ioctl for device
bash: no job control in this shell
I have no name!@(none):/# 