
U-Boot SPL 2015.04-rc3-00209-ga74ef40 (Mar 16 2015 - 14:43:39)


U-Boot 2015.04-rc3-00209-ga74ef40 (Mar 16 2015 - 14:43:39)

TEGRA20
Model: Compulab TrimSlice board
DRAM:  1 GiB
MMC:   Tegra SD/MMC: 0, Tegra SD/MMC: 1
SF: Detected W25Q80BL with page size 256 Bytes, erase size 4 KiB, total 1 MiB
tegra-pcie: PCI regions:
tegra-pcie:   I/O: 0x82000000-0x82010000
tegra-pcie:   non-prefetchable memory: 0xa0000000-0xa8000000
tegra-pcie:   prefetchable memory: 0xa8000000-0xc0000000
tegra-pcie: dual-mode configuration
tegra-pcie: probing port 0, using 2 lanes
In:    serial
Out:   serial
Err:   serial
Net:   RTL8169#0
Hit any key to stop autoboot:  2  0 
Tegra20 (TrimSlice) # 
Tegra20 (TrimSlice) # usb reset
resetting USB...
USB0:   USB EHCI 1.00
scanning bus 0 for devices... 3 USB Device(s) found
USB1:   USB EHCI 1.00
scanning bus 1 for devices... 1 USB Device(s) found
USB2:   lowlevel init failed
       scanning usb for storage devices... 0 Storage Device(s) found
       scanning usb for ethernet devices... 
Warning: asx0 using MAC address from net device
1 Ethernet Device(s) found
Tegra20 (TrimSlice) # setenv bootargs 'ignore_loglevel console=ttyS0,115200n8 rw root=PARTUUID=11eb23c1-01 rootwait gpt debug noinitrd earlyprintk init=/bin/bash'
Tegra20 (TrimSlice) # setenv ipaddr 192.168.100.103; setenv serverip 192.168.100.1; setenv tftpserverip 192.168.100.1
Tegra20 (TrimSlice) # tftpboot 0x00408000 zImage.multi_v7_defconfig
Using RTL8169#0 device
TFTP from server 192.168.100.1; our IP address is 192.168.100.103
Filename 'zImage.multi_v7_defconfig'.
Load address: 0x408000
Loading: *#################################################################
	 #################################################################
	 #################################################################
	 #################################################################
	 #################################################################
	 #################################################################
	 #################################################################
	 #################################################################
	 ####################################
	 4.1 MiB/s
done
Bytes transferred = 8159752 (7c8208 hex)
Tegra20 (TrimSlice) # tftpboot 0x02408000 tegra20-trimslice.dtb
Using RTL8169#0 device
TFTP from server 192.168.100.1; our IP address is 192.168.100.103
Filename 'tegra20-trimslice.dtb'.
Load address: 0x2408000
Loading: *##
	 3.4 MiB/s
done
Bytes transferred = 21454 (53ce hex)
Tegra20 (TrimSlice) # bootz 0x00408000 - 0x02408000
Kernel image @ 0x408000 [ 0x000000 - 0x7c8200 ]
## Flattened Device Tree blob at 02408000
   Booting using the fdt blob at 0x2408000
   Using Device Tree in place at 02408000, end 024103cd

Starting kernel ...

[    0.000000] Booting Linux on physical CPU 0x0
[    0.000000] Linux version 4.13.0-next-20170904-199136-g9829d9f (jonathanh@sellafield) (gcc version 4.7.3 20130328 (prerelease) (crosstool-NG linaro-1.13.1-4.7-2013.04-20130415 - Linaro GCC 2013.04)) #1 SMP Mon Sep 4 02:36:12 PDT 2017
[    0.000000] CPU: ARMv7 Processor [411fc090] revision 0 (ARMv7), cr=10c5387d
[    0.000000] CPU: PIPT / VIPT nonaliasing data cache, VIPT aliasing instruction cache
[    0.000000] OF: fdt: Machine model: Compulab TrimSlice board
[    0.000000] debug: ignoring loglevel setting.
[    0.000000] Memory policy: Data cache writealloc
[    0.000000] efi: Getting EFI parameters from FDT:
[    0.000000] efi: UEFI not found.
[    0.000000] cma: Reserved 64 MiB at 0x3c000000
[    0.000000] On node 0 totalpages: 262144
[    0.000000] free_area_init_node: node 0, pgdat c158e440, node_mem_map ef7f8000
[    0.000000]   DMA zone: 1536 pages used for memmap
[    0.000000]   DMA zone: 0 pages reserved
[    0.000000]   DMA zone: 196608 pages, LIFO batch:31
[    0.000000]   HighMem zone: 65536 pages, LIFO batch:15
[    0.000000] random: fast init done
[    0.000000] percpu: Embedded 17 pages/cpu @ef7c4000 s39552 r8192 d21888 u69632
[    0.000000] pcpu-alloc: s39552 r8192 d21888 u69632 alloc=17*4096
[    0.000000] pcpu-alloc: [0] 0 [0] 1 
[    0.000000] Built 1 zonelists, mobility grouping on.  Total pages: 260608
[    0.000000] Kernel command line: ignore_loglevel console=ttyS0,115200n8 rw root=PARTUUID=11eb23c1-01 rootwait gpt debug noinitrd earlyprintk init=/bin/bash
[    0.000000] PID hash table entries: 4096 (order: 2, 16384 bytes)
[    0.000000] Dentry cache hash table entries: 131072 (order: 7, 524288 bytes)
[    0.000000] Inode-cache hash table entries: 65536 (order: 6, 262144 bytes)
[    0.000000] Memory: 954308K/1048576K available (10240K kernel code, 1625K rwdata, 4500K rodata, 2048K init, 405K bss, 28732K reserved, 65536K cma-reserved, 196608K highmem)
[    0.000000] Virtual kernel memory layout:
[    0.000000]     vector  : 0xffff0000 - 0xffff1000   (   4 kB)
[    0.000000]     fixmap  : 0xffc00000 - 0xfff00000   (3072 kB)
[    0.000000]     vmalloc : 0xf0800000 - 0xff800000   ( 240 MB)
[    0.000000]     lowmem  : 0xc0000000 - 0xf0000000   ( 768 MB)
[    0.000000]     pkmap   : 0xbfe00000 - 0xc0000000   (   2 MB)
[    0.000000]     modules : 0xbf000000 - 0xbfe00000   (  14 MB)
[    0.000000]       .text : 0xc0208000 - 0xc0d00000   (11232 kB)
[    0.000000]       .init : 0xc1200000 - 0xc1400000   (2048 kB)
[    0.000000]       .data : 0xc1400000 - 0xc1596790   (1626 kB)
[    0.000000]        .bss : 0xc159fbc0 - 0xc16052fc   ( 406 kB)
[    0.000000] SLUB: HWalign=64, Order=0-3, MinObjects=0, CPUs=2, Nodes=1
[    0.000000] Hierarchical RCU implementation.
[    0.000000] 	RCU event tracing is enabled.
[    0.000000] 	RCU restricting CPUs from NR_CPUS=16 to nr_cpu_ids=2.
[    0.000000] RCU: Adjusting geometry for rcu_fanout_leaf=16, nr_cpu_ids=2
[    0.000000] NR_IRQS: 16, nr_irqs: 16, preallocated irqs: 16
[    0.000000] /interrupt-controller@60004000: 128 interrupts forwarded to /interrupt-controller@50041000
[    0.000000] L2C: platform modifies aux control register: 0x02080000 -> 0x3e480001
[    0.000000] L2C: DT/platform modifies aux control register: 0x02080000 -> 0x3e480001
[    0.000000] L2C-310 errata 727915 769419 enabled
[    0.000000] L2C-310 enabling early BRESP for Cortex-A9
[    0.000000] L2C-310: enabling full line of zeros but not enabled in Cortex-A9
[    0.000000] L2C-310 ID prefetch enabled, offset 1 lines
[    0.000000] L2C-310 cache controller enabled, 8 ways, 1024 kB
[    0.000000] L2C-310: CACHE_ID 0x410000c4, AUX_CTRL 0x7e480001
[    0.000010] sched_clock: 32 bits at 1000kHz, resolution 1000ns, wraps every 2147483647500ns
[    0.000026] clocksource: timer_us: mask: 0xffffffff max_cycles: 0xffffffff, max_idle_ns: 1911260446275 ns
[    0.000037] Switching to timer-based delay loop, resolution 1000ns
[    0.001617] Console: colour dummy device 80x30
[    0.001645] Calibrating delay loop (skipped), value calculated using timer frequency.. 2.00 BogoMIPS (lpj=10000)
[    0.001656] pid_max: default: 32768 minimum: 301
[    0.001738] Mount-cache hash table entries: 2048 (order: 1, 8192 bytes)
[    0.001749] Mountpoint-cache hash table entries: 2048 (order: 1, 8192 bytes)
[    0.002185] CPU: Testing write buffer coherency: ok
[    0.002393] CPU0: thread -1, cpu 0, socket 0, mpidr 80000000
[    0.002624] Setting up static identity map for 0x300000 - 0x3000a0
[    0.003264] Hierarchical SRCU implementation.
[    0.004107] Tegra Revision: A03 prime SKU: 8 CPU Process: 1 SoC Process: 2
[    0.004558] EFI services will not be available.
[    0.004648] smp: Bringing up secondary CPUs ...
[    0.005164] CPU1: thread -1, cpu 1, socket 0, mpidr 80000001
[    0.005241] smp: Brought up 1 node, 2 CPUs
[    0.005252] SMP: Total of 2 processors activated (4.00 BogoMIPS).
[    0.005258] CPU: All CPU(s) started in SVC mode.
[    0.005904] devtmpfs: initialized
[    0.012248] Built 1 zonelists, mobility grouping on.  Total pages: 254961
[    0.012609] VFP support v0.3: implementor 41 architecture 3 part 30 variant 9 rev 1
[    0.012863] clocksource: jiffies: mask: 0xffffffff max_cycles: 0xffffffff, max_idle_ns: 19112604462750000 ns
[    0.012884] futex hash table entries: 512 (order: 3, 32768 bytes)
[    0.013060] pinctrl core: initialized pinctrl subsystem
[    0.013928] DMI not present or invalid.
[    0.014152] NET: Registered protocol family 16
[    0.016315] DMA: preallocated 256 KiB pool for atomic coherent allocations
[    0.017688] cpuidle: using governor menu
[    0.032999] No ATAGs?
[    0.033063] hw-breakpoint: found 5 (+1 reserved) breakpoint and 1 watchpoint registers.
[    0.033074] hw-breakpoint: maximum watchpoint size is 4 bytes.
[    0.037743] Serial: AMBA PL011 UART driver
[    0.047842] AT91: Could not find identification node
[    0.048341] usb1_vbus: Failed to request enable GPIO170: -517
[    0.048357] reg-fixed-voltage regulators:regulator@2: Failed to register regulator: -517
[    0.051745] vgaarb: loaded
[    0.052291] SCSI subsystem initialized
[    0.052418] libata version 3.00 loaded.
[    0.052591] usbcore: registered new interface driver usbfs
[    0.052628] usbcore: registered new interface driver hub
[    0.052669] usbcore: registered new device driver usb
[    0.054619] pps_core: LinuxPPS API ver. 1 registered
[    0.054627] pps_core: Software ver. 5.3.6 - Copyright 2005-2007 Rodolfo Giometti <giometti@linux.it>
[    0.054643] PTP clock support registered
[    0.054790] EDAC MC: Ver: 3.0.0
[    0.055031] dmi: Firmware registration failed.
[    0.056445] clocksource: Switched to clocksource timer_us
[    0.094091] NET: Registered protocol family 2
[    0.094524] TCP established hash table entries: 8192 (order: 3, 32768 bytes)
[    0.094599] TCP bind hash table entries: 8192 (order: 4, 65536 bytes)
[    0.094712] TCP: Hash tables configured (established 8192 bind 8192)
[    0.094838] UDP hash table entries: 512 (order: 2, 16384 bytes)
[    0.094893] UDP-Lite hash table entries: 512 (order: 2, 16384 bytes)
[    0.095052] NET: Registered protocol family 1
[    0.095353] RPC: Registered named UNIX socket transport module.
[    0.095361] RPC: Registered udp transport module.
[    0.095366] RPC: Registered tcp transport module.
[    0.095371] RPC: Registered tcp NFSv4.1 backchannel transport module.
[    0.095380] PCI: CLS 0 bytes, default 64
[    0.096188] hw perfevents: no interrupt-affinity property for /pmu, guessing.
[    0.096353] hw perfevents: enabled with armv7_cortex_a9 PMU driver, 7 counters available
[    0.097545] workingset: timestamp_bits=30 max_order=18 bucket_order=0
[    0.101764] squashfs: version 4.0 (2009/01/31) Phillip Lougher
[    0.102222] NFS: Registering the id_resolver key type
[    0.102247] Key type id_resolver registered
[    0.102253] Key type id_legacy registered
[    0.102284] ntfs: driver 2.1.32 [Flags: R/O].
[    0.103375] bounce: pool size: 64 pages
[    0.103431] Block layer SCSI generic (bsg) driver version 0.4 loaded (major 248)
[    0.103440] io scheduler noop registered
[    0.103446] io scheduler deadline registered
[    0.103615] io scheduler cfq registered (default)
[    0.103623] io scheduler mq-deadline registered
[    0.103629] io scheduler kyber registered
[    0.115023] tegra-pcie 80003000.pcie: dual-mode configuration
[    0.115741] tegra-pcie 80003000.pcie: probing port 0, using 2 lanes
[    0.198217] tegra-pcie 80003000.pcie: PCI host bridge to bus 0000:00
[    0.198230] pci_bus 0000:00: root bus resource [io  0x0000-0xffff]
[    0.198239] pci_bus 0000:00: root bus resource [mem 0xa0000000-0xa7ffffff]
[    0.198248] pci_bus 0000:00: root bus resource [mem 0xa8000000-0xbfffffff pref]
[    0.198256] pci_bus 0000:00: root bus resource [bus 00-ff]
[    0.198285] pci 0000:00:01.0: [10de:0bf0] type 01 class 0x060000
[    0.198304] pci_bus 0000:00: 2-byte config write to 0000:00:01.0 offset 0x4 may corrupt adjacent RW1C bits
[    0.198316] pci_bus 0000:00: 2-byte config write to 0000:00:01.0 offset 0x4 may corrupt adjacent RW1C bits
[    0.198334] pci 0000:00:01.0: enabling Extended Tags
[    0.198344] pci_bus 0000:00: 2-byte config write to 0000:00:01.0 offset 0x88 may corrupt adjacent RW1C bits
[    0.198369] pci_bus 0000:00: 2-byte config write to 0000:00:01.0 offset 0x52 may corrupt adjacent RW1C bits
[    0.198393] pci 0000:00:01.0: PME# supported from D0 D1 D2 D3hot D3cold
[    0.198403] pci_bus 0000:00: 2-byte config write to 0000:00:01.0 offset 0x4c may corrupt adjacent RW1C bits
[    0.198552] pci_bus 0000:00: 2-byte config write to 0000:00:01.0 offset 0x3e may corrupt adjacent RW1C bits
[    0.198565] pci_bus 0000:00: 2-byte config write to 0000:00:01.0 offset 0x4 may corrupt adjacent RW1C bits
[    0.198575] pci_bus 0000:00: 1-byte config write to 0000:00:01.0 offset 0xc may corrupt adjacent RW1C bits
[    0.198581] PCI: bus0: Fast back to back transfers disabled
[    0.198590] pci 0000:00:01.0: bridge configuration invalid ([bus 00-00]), reconfiguring
[    0.198600] pci_bus 0000:00: 2-byte config write to 0000:00:01.0 offset 0x3e may corrupt adjacent RW1C bits
[    0.198610] pci_bus 0000:00: 2-byte config write to 0000:00:01.0 offset 0x3e may corrupt adjacent RW1C bits
[    0.198715] pci 0000:01:00.0: [10ec:8168] type 00 class 0x020000
[    0.198749] pci 0000:01:00.0: reg 0x10: [io  0x0000-0x00ff]
[    0.198773] pci 0000:01:00.0: reg 0x18: [mem 0x00000000-0x00000fff 64bit pref]
[    0.198791] pci 0000:01:00.0: reg 0x20: [mem 0x00000000-0x00003fff 64bit pref]
[    0.198805] pci 0000:01:00.0: reg 0x30: [mem 0x00000000-0x0001ffff pref]
[    0.198881] pci 0000:01:00.0: supports D1 D2
[    0.198889] pci 0000:01:00.0: PME# supported from D0 D1 D2 D3hot D3cold
[    0.226487] PCI: bus1: Fast back to back transfers disabled
[    0.226499] pci_bus 0000:01: busn_res: [bus 01-ff] end is updated to 01
[    0.226527] pci 0000:00:01.0: BAR 8: assigned [mem 0xa0000000-0xa00fffff]
[    0.226538] pci 0000:00:01.0: BAR 9: assigned [mem 0xa8000000-0xa80fffff 64bit pref]
[    0.226548] pci 0000:00:01.0: BAR 7: assigned [io  0x1000-0x1fff]
[    0.226560] pci 0000:01:00.0: BAR 6: assigned [mem 0xa0000000-0xa001ffff pref]
[    0.226569] pci 0000:01:00.0: BAR 4: assigned [mem 0xa8000000-0xa8003fff 64bit pref]
[    0.226589] pci 0000:01:00.0: BAR 2: assigned [mem 0xa8004000-0xa8004fff 64bit pref]
[    0.226608] pci 0000:01:00.0: BAR 0: assigned [io  0x1000-0x10ff]
[    0.226619] pci 0000:00:01.0: PCI bridge to [bus 01]
[    0.226627] pci 0000:00:01.0:   bridge window [io  0x1000-0x1fff]
[    0.226636] pci 0000:00:01.0:   bridge window [mem 0xa0000000-0xa00fffff]
[    0.226645] pci 0000:00:01.0:   bridge window [mem 0xa8000000-0xa80fffff 64bit pref]
[    0.226667] pci 0000:00:01.0: nv_msi_ht_cap_quirk didn't locate host bridge
[    0.226719] Disabling cpuidle LP2 state, since PCIe IRQs are in use
[    0.226756] pcieport 0000:00:01.0: enabling device (0140 -> 0143)
[    0.226941] pcieport 0000:00:01.0: Signaling PME with IRQ 295
[    0.232768] tegra-apbdma 6000a000.dma: Tegra20 APB DMA driver register 16 channels
[    0.276144] Serial: 8250/16550 driver, 4 ports, IRQ sharing disabled
[    0.278332] console [ttyS0] disabled
[    0.278369] 70006000.serial: ttyS0 at MMIO 0x70006000 (irq = 279, base_baud = 13500000) is a Tegra
[    1.369181] console [ttyS0] enabled
[    1.373230] SuperH (H)SCI(F) driver initialized
[    1.378509] msm_serial: driver initialized
[    1.382727] STMicroelectronics ASC driver initialized
[    1.392093] tegra-hdmi 54280000.hdmi: 54280000.hdmi supply hdmi not found, using dummy regulator
[    1.403109] [drm] Supports vblank timestamp caching Rev 2 (21.10.2013).
[    1.409729] [drm] No driver support for vblank timestamp query.
[    1.415669] [drm] Cannot find any crtc or sizes
[    1.420223] [drm] Initialized tegra 0.0.0 20120330 for drm on minor 0
[    1.428192] [drm] Cannot find any crtc or sizes
[    1.438288] brd: module loaded
[    1.446243] loop: module loaded
[    1.455267] m25p80 spi0.0: found s25fl008k, expected w25q80bl
[    1.461107] m25p80 spi0.0: s25fl008k (1024 Kbytes)
[    1.467876] libphy: Fixed MDIO Bus: probed
[    1.472644] CAN device driver interface
[    1.477142] bgmac_bcma: Broadcom 47xx GBit MAC driver loaded
[    1.483698] e1000e: Intel(R) PRO/1000 Network Driver - 3.2.6-k
[    1.489538] e1000e: Copyright(c) 1999 - 2015 Intel Corporation.
[    1.495488] igb: Intel(R) Gigabit Ethernet Network Driver - version 5.4.0-k
[    1.502450] igb: Copyright (c) 2007-2014 Intel Corporation.
[    1.508584] r8169 Gigabit Ethernet driver 2.3LK-NAPI loaded
[    1.514166] r8169 0000:01:00.0: enabling device (0140 -> 0143)
[    1.520606] r8169 0000:01:00.0 eth0: RTL8168d/8111d at 0xf0a5c000, 00:01:c0:13:7d:63, XID 081000c0 IRQ 296
[    1.530267] r8169 0000:01:00.0 eth0: jumbo features [frames: 9200 bytes, tx checksumming: ko]
[    1.540944] pegasus: v0.9.3 (2013/04/25), Pegasus/Pegasus II USB Ethernet driver
[    1.548400] usbcore: registered new interface driver pegasus
[    1.554073] usbcore: registered new interface driver asix
[    1.559508] usbcore: registered new interface driver ax88179_178a
[    1.565608] usbcore: registered new interface driver cdc_ether
[    1.571486] usbcore: registered new interface driver smsc75xx
[    1.577268] usbcore: registered new interface driver smsc95xx
[    1.583020] usbcore: registered new interface driver net1080
[    1.588707] usbcore: registered new interface driver cdc_subset
[    1.594638] usbcore: registered new interface driver zaurus
[    1.600252] usbcore: registered new interface driver cdc_ncm
[    1.606172] tegra-phy c5004000.usb-phy: no vbus regulator
[    1.612695] tegra-phy c5008000.usb-phy: no vbus regulator
[    1.619391] ehci_hcd: USB 2.0 'Enhanced' Host Controller (EHCI) Driver
[    1.625902] ehci-pci: EHCI PCI platform driver
[    1.630389] ehci-platform: EHCI generic platform driver
[    1.635748] ehci-orion: EHCI orion driver
[    1.639879] SPEAr-ehci: EHCI SPEAr driver
[    1.643973] ehci-st: EHCI STMicroelectronics driver
[    1.648955] ehci-exynos: EHCI EXYNOS driver
[    1.653236] ehci-atmel: EHCI Atmel driver
[    1.657357] tegra-ehci: Tegra EHCI driver
[    1.717655] ulpi_phy_power_on: ulpi write failed
[    1.722264] tegra-ehci c5004000.usb: Failed to power on the phy
[    1.728204] tegra-ehci: probe of c5004000.usb failed with error -110
[    1.737185] tegra-ehci c5008000.usb: EHCI Host Controller
[    1.742589] tegra-ehci c5008000.usb: new USB bus registered, assigned bus number 1
[    1.750325] tegra-ehci c5008000.usb: irq 290, io mem 0xc5008000
[    1.776469] tegra-ehci c5008000.usb: USB 2.0 started, EHCI 1.00
[    1.782910] hub 1-0:1.0: USB hub found
[    1.786696] hub 1-0:1.0: 1 port detected
[    1.790915] ohci_hcd: USB 1.1 'Open' Host Controller (OHCI) Driver
[    1.797109] ohci-pci: OHCI PCI platform driver
[    1.801580] ohci-platform: OHCI generic platform driver
[    1.806975] SPEAr-ohci: OHCI SPEAr driver
[    1.811074] ohci-st: OHCI STMicroelectronics driver
[    1.816034] ohci-atmel: OHCI Atmel driver
[    1.820611] usbcore: registered new interface driver usb-storage
[    1.829605] rtc-em3027 2-0056: rtc core: registered rtc-em3027 as rtc0
[    1.837239] tegra_rtc 7000e000.rtc: rtc core: registered 7000e000.rtc as rtc1
[    1.844391] tegra_rtc 7000e000.rtc: Tegra internal Real Time Clock
[    1.850986] i2c /dev entries driver
[    1.857047] IR NEC protocol handler initialized
[    1.861565] IR RC5(x/sz) protocol handler initialized
[    1.866622] IR RC6 protocol handler initialized
[    1.871138] IR JVC protocol handler initialized
[    1.875652] IR Sony protocol handler initialized
[    1.880268] IR SANYO protocol handler initialized
[    1.884957] IR Sharp protocol handler initialized
[    1.889658] IR MCE Keyboard/mouse protocol handler initialized
[    1.895474] IR XMP protocol handler initialized
[    1.906770] sdhci: Secure Digital Host Controller Interface driver
[    1.912934] sdhci: Copyright(c) Pierre Ossman
[    1.918441] Synopsys Designware Multimedia Card Interface Driver
[    1.925345] sdhci-pltfm: SDHCI platform and OF driver helper
[    1.939769] mmc0: Invalid maximum block size, assuming 512 bytes
[    2.006501] mmc0: SDHCI controller on c8000000.sdhci [c8000000.sdhci] using ADMA
[    2.014408] sdhci-tegra c8000600.sdhci: Got CD GPIO
[    2.019473] sdhci-tegra c8000600.sdhci: Got WP GPIO
[    2.033021] mmc1: Invalid maximum block size, assuming 512 bytes
[    2.097029] mmc1: SDHCI controller on c8000600.sdhci [c8000600.sdhci] using ADMA
[    2.111198] ledtrig-cpu: registered to indicate activity on CPUs
[    2.117848] usbcore: registered new interface driver usbhid
[    2.123405] usbhid: USB HID core driver
[    2.130365] NET: Registered protocol family 10
[    2.135628] Segment Routing with IPv6
[    2.139368] sit: IPv6, IPv4 and MPLS over IPv4 tunneling driver
[    2.145689] NET: Registered protocol family 17
[    2.150151] can: controller area network core (rev 20170425 abi 9)
[    2.156365] NET: Registered protocol family 29
[    2.160815] can: raw protocol (rev 20170425)
[    2.165073] can: broadcast manager protocol (rev 20170425 t)
[    2.170735] can: netlink gateway (rev 20170425) max_hops=1
[    2.176499] Key type dns_resolver registered
[    2.181123] ThumbEE CPU extension supported.
[    2.185386] Registering SWP/SWPB emulation handler
[    2.200686] utmi_phy_clk_enable: timeout waiting for phy to stabilize
[    2.207182] tegra-ehci c5000000.usb: EHCI Host Controller
[    2.212685] tegra-ehci c5000000.usb: new USB bus registered, assigned bus number 2
[    2.220452] usb 1-1: new high-speed USB device number 2 using tegra-ehci
[    2.227373] tegra-ehci c5000000.usb: irq 288, io mem 0xc5000000
[    2.256474] tegra-ehci c5000000.usb: USB 2.0 started, EHCI 1.00
[    2.262945] hub 2-0:1.0: USB hub found
[    2.266732] hub 2-0:1.0: 1 port detected
[    2.271560] input: gpio-keys as /devices/soc0/gpio-keys/input/input0
[    2.278500] rtc-em3027 2-0056: hctosys: unable to read the hardware clock
[    2.285896] Waiting for root device PARTUUID=11eb23c1-01...
[    2.297128] mmc1: new high speed SD card at address b368
[    2.302835] mmcblk1: mmc1:b368 NCard 1.83 GiB (ro)
[    2.310660]  mmcblk1: p1 p2
[    2.458956] hub 1-1:1.0: USB hub found
[    2.462918] hub 1-1:1.0: 4 ports detected
[    2.786603] usb 1-1.2: new high-speed USB device number 3 using tegra-ehci
[    3.274381] mmc0: host does not support reading read-only switch, assuming write-enable
[    3.284309] mmc0: new high speed SDHC card at address b368
[    3.290117] mmcblk0: mmc0:b368 NCard 3.70 GiB 
[    3.296919]  mmcblk0: p1
[    3.410231] asix 1-1.2:1.0 eth1: register 'asix' at usb-c5008000.usb-1.2, ASIX AX88772 USB 2.0 Ethernet, 00:60:6e:60:6c:68
[    3.427188] EXT4-fs (mmcblk0p1): mounting ext3 file system using the ext4 subsystem
[    3.669582] EXT4-fs (mmcblk0p1): recovery complete
[    3.746735] EXT4-fs (mmcblk0p1): mounted filesystem with ordered data mode. Opts: (null)
[    3.754915] VFS: Mounted root (ext3 filesystem) on device 179:17.
[    3.769794] devtmpfs: mounted
[    3.776368] Freeing unused kernel memory: 2048K
bash: cannot set terminal process group (-1): Inappropriate ioctl for device
bash: no job control in this shell
root@(none):/#  
root@(none):/# mount -t sysfs none /sys
root@(none):/# 
root@(none):/# mount -t debugfs none /sys/kernel/debug
root@(none):/# 
root@(none):/# rtcwake -d rtc1 -m mem -s 3
rtcwake: assuming RTC uses UTC ...
rtcwake: wakeup from "mem" using /dev/rtc1 at Thu Jan  1 00:00:32 1970
[   14.116237] PM: suspend entry (deep)
[   14.119992] PM: Syncing filesystems ... done.
[   14.126831] Freezing user space processes ... (elapsed 0.001 seconds) done.
[   14.134946] OOM killer disabled.
[   14.138190] Freezing remaining freezable tasks ... (elapsed 0.001 seconds) done.
[   14.146684] Suspending console(s) (use no_console_suspend to debug)
[   14.183152] pci_generic_config_write32: 43 callbacks suppressed
[   14.183196] pci_bus 0000:00: 2-byte config write to 0000:00:01.0 offset 0x9c may corrupt adjacent RW1C bits
[   14.204791] pci_bus 0000:01: 2-byte config write to 0000:01:00.0 offset 0x44 may corrupt adjacent RW1C bits
[   14.204849] pci_bus 0000:01: 2-byte config write to 0000:01:00.0 offset 0x44 may corrupt adjacent RW1C bits
[   14.227136] Disabling non-boot CPUs ...
[   14.260158] Entering suspend state LP1
[   14.260206] Enabling non-boot CPUs ...
[   14.261700] CPU1 is up
[   14.262403] pci_bus 0000:00: 2-byte config write to 0000:00:01.0 offset 0x4c may corrupt adjacent RW1C bits
[   14.262450] pci_bus 0000:00: 2-byte config write to 0000:00:01.0 offset 0x88 may corrupt adjacent RW1C bits
[   14.262481] pci_bus 0000:00: 2-byte config write to 0000:00:01.0 offset 0x90 may corrupt adjacent RW1C bits
[   14.262510] pci_bus 0000:00: 2-byte config write to 0000:00:01.0 offset 0x98 may corrupt adjacent RW1C bits
[   14.262537] pci_bus 0000:00: 2-byte config write to 0000:00:01.0 offset 0x9c may corrupt adjacent RW1C bits
[   14.262617] pci_bus 0000:00: 2-byte config write to 0000:00:01.0 offset 0x52 may corrupt adjacent RW1C bits
[   14.262649] pci_bus 0000:00: 2-byte config write to 0000:00:01.0 offset 0x52 may corrupt adjacent RW1C bits
[   14.262730] pcieport 0000:00:01.0: nv_msi_ht_cap_quirk didn't locate host bridge
[   14.963654] OOM killer enabled.
[   14.966802] Restarting tasks ... done.
[   14.970885] PM: suspend exit
root@(none):/# 
root@(none):/# rtcwake -d rtc1 -m mem -s 3
rtcwake: assuming RTC uses UTC ...
rtcwake: wakeup from "mem" using /dev/rtc1 at Thu Jan  1 00:00:37 1970
[   15.808480] PM: suspend entry (deep)
[   15.812068] PM: Syncing filesystems ... done.
[   15.817570] Freezing user space processes ... (elapsed 0.001 seconds) done.
[   15.825676] OOM killer disabled.
[   15.828928] Freezing remaining freezable tasks ... (elapsed 0.001 seconds) done.
[   15.837435] Suspending console(s) (use no_console_suspend to debug)
[   15.917094] Disabling non-boot CPUs ...
[   15.969257] Entering suspend state LP1
[   15.969306] Enabling non-boot CPUs ...
[   15.970859] CPU1 is up
[   15.971677] pcieport 0000:00:01.0: nv_msi_ht_cap_quirk didn't locate host bridge
[   16.570596] OOM killer enabled.
[   16.573732] Restarting tasks ... done.
[   16.578346] PM: suspend exit
root@(none):/# 
root@(none):/# rtcwake -d rtc1 -m mem -s 3
rtcwake: assuming RTC uses UTC ...
rtcwake: wakeup from "mem" using /dev/rtc1 at Thu Jan  1 00:00:42 1970
[   17.518243] PM: suspend entry (deep)
[   17.521832] PM: Syncing filesystems ... done.
[   17.527379] Freezing user space processes ... (elapsed 0.001 seconds) done.
[   17.535487] OOM killer disabled.
[   17.538735] Freezing remaining freezable tasks ... (elapsed 0.001 seconds) done.
[   17.547252] Suspending console(s) (use no_console_suspend to debug)
[   17.607034] Disabling non-boot CPUs ...
[   17.649015] Entering suspend state LP1
[   17.649063] Enabling non-boot CPUs ...
[   17.650611] CPU1 is up
[   17.653061] pcieport 0000:00:01.0: nv_msi_ht_cap_quirk didn't locate host bridge
[   18.250200] OOM killer enabled.
[   18.253330] Restarting tasks ... done.
[   18.257520] PM: suspend exit
root@(none):/# 
root@(none):/# rtcwake -d rtc1 -m mem -s 3
rtcwake: assuming RTC uses UTC ...
rtcwake: wakeup from "mem" using /dev/rtc1 at Thu Jan  1 00:00:47 1970
[   19.199218] PM: suspend entry (deep)
[   19.202806] PM: Syncing filesystems ... done.
[   19.208350] Freezing user space processes ... (elapsed 0.001 seconds) done.
[   19.216488] OOM killer disabled.
[   19.219704] Freezing remaining freezable tasks ... (elapsed 0.001 seconds) done.
[   19.228230] Suspending console(s) (use no_console_suspend to debug)
[   19.272145] pci_generic_config_write32: 71 callbacks suppressed
[   19.272189] pci_bus 0000:00: 2-byte config write to 0000:00:01.0 offset 0x9c may corrupt adjacent RW1C bits
[   19.293732] pci_bus 0000:01: 2-byte config write to 0000:01:00.0 offset 0x44 may corrupt adjacent RW1C bits
[   19.293791] pci_bus 0000:01: 2-byte config write to 0000:01:00.0 offset 0x44 may corrupt adjacent RW1C bits
[   19.316918] Disabling non-boot CPUs ...
[   19.348959] Entering suspend state LP1
[   19.349008] Enabling non-boot CPUs ...
[   19.350557] CPU1 is up
[   19.351213] pci_bus 0000:00: 2-byte config write to 0000:00:01.0 offset 0x4c may corrupt adjacent RW1C bits
[   19.351260] pci_bus 0000:00: 2-byte config write to 0000:00:01.0 offset 0x88 may corrupt adjacent RW1C bits
[   19.351289] pci_bus 0000:00: 2-byte config write to 0000:00:01.0 offset 0x90 may corrupt adjacent RW1C bits
[   19.351318] pci_bus 0000:00: 2-byte config write to 0000:00:01.0 offset 0x98 may corrupt adjacent RW1C bits
[   19.351345] pci_bus 0000:00: 2-byte config write to 0000:00:01.0 offset 0x9c may corrupt adjacent RW1C bits
[   19.351424] pci_bus 0000:00: 2-byte config write to 0000:00:01.0 offset 0x52 may corrupt adjacent RW1C bits
[   19.351455] pci_bus 0000:00: 2-byte config write to 0000:00:01.0 offset 0x52 may corrupt adjacent RW1C bits
[   19.351534] pcieport 0000:00:01.0: nv_msi_ht_cap_quirk didn't locate host bridge
[   20.063276] OOM killer enabled.
[   20.066430] Restarting tasks ... done.
[   20.070791] PM: suspend exit
root@(none):/# 
root@(none):/# rtcwake -d rtc1 -m mem -s 3
rtcwake: assuming RTC uses UTC ...
rtcwake: wakeup from "mem" using /dev/rtc1 at Thu Jan  1 00:00:52 1970
[   20.898281] PM: suspend entry (deep)
[   20.901868] PM: Syncing filesystems ... done.
[   20.907387] Freezing user space processes ... (elapsed 0.001 seconds) done.
[   20.916059] OOM killer disabled.
[   20.919315] Freezing remaining freezable tasks ... (elapsed 0.001 seconds) done.
[   20.927819] Suspending console(s) (use no_console_suspend to debug)
[   20.986899] Disabling non-boot CPUs ...
[   21.038942] Entering suspend state LP1
[   21.038990] Enabling non-boot CPUs ...
[   21.040546] CPU1 is up
[   21.043019] pcieport 0000:00:01.0: nv_msi_ht_cap_quirk didn't locate host bridge
[   21.640185] OOM killer enabled.
[   21.643315] Restarting tasks ... done.
[   21.648136] PM: suspend exit
root@(none):/# 
root@(none):/# rtcwake -d rtc1 -m mem -s 3
rtcwake: assuming RTC uses UTC ...
rtcwake: wakeup from "mem" using /dev/rtc1 at Thu Jan  1 00:00:57 1970
[   22.587447] PM: suspend entry (deep)
[   22.591047] PM: Syncing filesystems ... done.
[   22.597033] Freezing user space processes ... (elapsed 0.001 seconds) done.
[   22.605181] OOM killer disabled.
[   22.608425] Freezing remaining freezable tasks ... (elapsed 0.001 seconds) done.
[   22.616937] Suspending console(s) (use no_console_suspend to debug)
[   22.696839] Disabling non-boot CPUs ...
[   22.738789] Entering suspend state LP1
[   22.738837] Enabling non-boot CPUs ...
[   22.740383] CPU1 is up
[   22.741228] pcieport 0000:00:01.0: nv_msi_ht_cap_quirk didn't locate host bridge
[   23.339869] OOM killer enabled.
[   23.343004] Restarting tasks ... done.
[   23.347364] PM: suspend exit
root@(none):/# 
root@(none):/# rtcwake -d rtc1 -m mem -s 3
rtcwake: assuming RTC uses UTC ...
rtcwake: wakeup from "mem" using /dev/rtc1 at Thu Jan  1 00:01:02 1970
[   24.297572] PM: suspend entry (deep)
[   24.301172] PM: Syncing filesystems ... done.
[   24.307183] Freezing user space processes ... (elapsed 0.001 seconds) done.
[   24.315334] OOM killer disabled.
[   24.318583] Freezing remaining freezable tasks ... (elapsed 0.001 seconds) done.
[   24.327099] Suspending console(s) (use no_console_suspend to debug)
[   24.361094] pci_generic_config_write32: 71 callbacks suppressed
[   24.361140] pci_bus 0000:00: 2-byte config write to 0000:00:01.0 offset 0x9c may corrupt adjacent RW1C bits
[   24.382931] pci_bus 0000:01: 2-byte config write to 0000:01:00.0 offset 0x44 may corrupt adjacent RW1C bits
[   24.382987] pci_bus 0000:01: 2-byte config write to 0000:01:00.0 offset 0x44 may corrupt adjacent RW1C bits
[   24.406758] Disabling non-boot CPUs ...
[   24.448768] Entering suspend state LP1
[   24.448817] Enabling non-boot CPUs ...
[   24.450361] CPU1 is up
[   24.451075] pci_bus 0000:00: 2-byte config write to 0000:00:01.0 offset 0x4c may corrupt adjacent RW1C bits
[   24.451123] pci_bus 0000:00: 2-byte config write to 0000:00:01.0 offset 0x88 may corrupt adjacent RW1C bits
[   24.451154] pci_bus 0000:00: 2-byte config write to 0000:00:01.0 offset 0x90 may corrupt adjacent RW1C bits
[   24.451181] pci_bus 0000:00: 2-byte config write to 0000:00:01.0 offset 0x98 may corrupt adjacent RW1C bits
[   24.451207] pci_bus 0000:00: 2-byte config write to 0000:00:01.0 offset 0x9c may corrupt adjacent RW1C bits
[   24.451288] pci_bus 0000:00: 2-byte config write to 0000:00:01.0 offset 0x52 may corrupt adjacent RW1C bits
[   24.451320] pci_bus 0000:00: 2-byte config write to 0000:00:01.0 offset 0x52 may corrupt adjacent RW1C bits
[   24.451399] pcieport 0000:00:01.0: nv_msi_ht_cap_quirk didn't locate host bridge
[   25.153418] OOM killer enabled.
[   25.156571] Restarting tasks ... done.
[   25.160772] PM: suspend exit
root@(none):/# 
root@(none):/# rtcwake -d rtc1 -m mem -s 3
rtcwake: assuming RTC uses UTC ...
rtcwake: wakeup from "mem" using /dev/rtc1 at Thu Jan  1 00:01:07 1970
[   26.008035] PM: suspend entry (deep)
[   26.011623] PM: Syncing filesystems ... done.
[   26.017136] Freezing user space processes ... (elapsed 0.001 seconds) done.
[   26.025811] OOM killer disabled.
[   26.029069] Freezing remaining freezable tasks ... (elapsed 0.001 seconds) done.
[   26.037572] Suspending console(s) (use no_console_suspend to debug)
[   26.126656] Disabling non-boot CPUs ...
[   26.158667] Entering suspend state LP1
[   26.158716] Enabling non-boot CPUs ...
[   26.160253] CPU1 is up
[   26.161027] pcieport 0000:00:01.0: nv_msi_ht_cap_quirk didn't locate host bridge
[   26.770015] OOM killer enabled.
[   26.773150] Restarting tasks ... done.
[   26.777166] PM: suspend exit
root@(none):/# 
root@(none):/# rtcwake -d rtc1 -m mem -s 3
rtcwake: assuming RTC uses UTC ...
rtcwake: wakeup from "mem" using /dev/rtc1 at Thu Jan  1 00:01:12 1970
[   27.717529] PM: suspend entry (deep)
[   27.721129] PM: Syncing filesystems ... done.
[   27.727142] Freezing user space processes ... (elapsed 0.001 seconds) done.
[   27.735293] OOM killer disabled.
[   27.738541] Freezing remaining freezable tasks ... (elapsed 0.001 seconds) done.
[   27.747056] Suspending console(s) (use no_console_suspend to debug)
[   27.806642] Disabling non-boot CPUs ...
[   27.858624] Entering suspend state LP1
[   27.858672] Enabling non-boot CPUs ...
[   27.860227] CPU1 is up
[   27.861635] pcieport 0000:00:01.0: nv_msi_ht_cap_quirk didn't locate host bridge
[   28.469717] OOM killer enabled.
[   28.472847] Restarting tasks ... done.
[   28.477390] PM: suspend exit
root@(none):/# 
root@(none):/# rtcwake -d rtc1 -m mem -s 3
rtcwake: assuming RTC uses UTC ...
rtcwake: wakeup from "mem" using /dev/rtc1 at Thu Jan  1 00:01:17 1970
[   29.417077] PM: suspend entry (deep)
[   29.420678] PM: Syncing filesystems ... done.
[   29.426668] Freezing user space processes ... (elapsed 0.001 seconds) done.
[   29.434814] OOM killer disabled.
[   29.438058] Freezing remaining freezable tasks ... (elapsed 0.001 seconds) done.
[   29.446568] Suspending console(s) (use no_console_suspend to debug)
[   29.481112] pci_generic_config_write32: 71 callbacks suppressed
[   29.481158] pci_bus 0000:00: 2-byte config write to 0000:00:01.0 offset 0x9c may corrupt adjacent RW1C bits
[   29.503030] pci_bus 0000:01: 2-byte config write to 0000:01:00.0 offset 0x44 may corrupt adjacent RW1C bits
[   29.503088] pci_bus 0000:01: 2-byte config write to 0000:01:00.0 offset 0x44 may corrupt adjacent RW1C bits
[   29.526546] Disabling non-boot CPUs ...
[   29.558616] Entering suspend state LP1
[   29.558664] Enabling non-boot CPUs ...
[   29.560201] CPU1 is up
[   29.562496] pci_bus 0000:00: 2-byte config write to 0000:00:01.0 offset 0x4c may corrupt adjacent RW1C bits
[   29.562543] pci_bus 0000:00: 2-byte config write to 0000:00:01.0 offset 0x88 may corrupt adjacent RW1C bits
[   29.562573] pci_bus 0000:00: 2-byte config write to 0000:00:01.0 offset 0x90 may corrupt adjacent RW1C bits
[   29.562600] pci_bus 0000:00: 2-byte config write to 0000:00:01.0 offset 0x98 may corrupt adjacent RW1C bits
[   29.562625] pci_bus 0000:00: 2-byte config write to 0000:00:01.0 offset 0x9c may corrupt adjacent RW1C bits
[   29.562704] pci_bus 0000:00: 2-byte config write to 0000:00:01.0 offset 0x52 may corrupt adjacent RW1C bits
[   29.562735] pci_bus 0000:00: 2-byte config write to 0000:00:01.0 offset 0x52 may corrupt adjacent RW1C bits
[   29.562814] pcieport 0000:00:01.0: nv_msi_ht_cap_quirk didn't locate host bridge
[   30.261150] OOM killer enabled.
[   30.264279] Restarting tasks ... done.
[   30.268839] PM: suspend exit
root@(none):/# 
root@(none):/# NVTB SYSTEM SUSPEND TEST COMPLETE
