
U-Boot SPL 2015.04-rc3-00209-ga74ef40 (Mar 16 2015 - 14:43:39)


U-Boot 2015.04-rc3-00209-ga74ef40 (Mar 16 2015 - 14:43:39)

TEGRA20
Model: Compulab TrimSlice board
DRAM:  1 GiB
MMC:   Tegra SD/MMC: 0, Tegra SD/MMC: 1
SF: Detected W25Q80BL with page size 256 Bytes, erase size 4 KiB, total 1 MiB
tegra-pcie: PCI regions:
tegra-pcie:   I/O: 0x82000000-0x82010000
tegra-pcie:   non-prefetchable memory: 0xa0000000-0xa8000000
tegra-pcie:   prefetchable memory: 0xa8000000-0xc0000000
tegra-pcie: dual-mode configuration
tegra-pcie: probing port 0, using 2 lanes
In:    serial
Out:   serial
Err:   serial
Net:   RTL8169#0
Hit any key to stop autoboot:  2  1  0 
Tegra20 (TrimSlice) # 
Tegra20 (TrimSlice) # usb reset
resetting USB...
USB0:   USB EHCI 1.00
scanning bus 0 for devices... 3 USB Device(s) found
USB1:   USB EHCI 1.00
scanning bus 1 for devices... 1 USB Device(s) found
USB2:   lowlevel init failed
       scanning usb for storage devices... 0 Storage Device(s) found
       scanning usb for ethernet devices... 
Warning: asx0 using MAC address from net device
1 Ethernet Device(s) found
Tegra20 (TrimSlice) # setenv bootargs 'ignore_loglevel console=ttyS0,115200n8 rw root=PARTUUID=11eb23c1-01 rootwait gpt debug noinitrd earlyprintk init=/bin/bash'
Tegra20 (TrimSlice) # setenv ipaddr 192.168.100.103; setenv serverip 192.168.100.1; setenv tftpserverip 192.168.100.1
Tegra20 (TrimSlice) # tftpboot 0x00408000 zImage.tegra_defconfig
Using RTL8169#0 device
TFTP from server 192.168.100.1; our IP address is 192.168.100.103
Filename 'zImage.tegra_defconfig'.
Load address: 0x408000
Loading: *#################################################################
	 #################################################################
	 #################################################################
	 #################################################################
	 #################################################################
	 ##################################################
	 4.1 MiB/s
done
Bytes transferred = 5503680 (53fac0 hex)
Tegra20 (TrimSlice) # tftpboot 0x02408000 tegra20-trimslice.dtb
Using RTL8169#0 device
TFTP from server 192.168.100.1; our IP address is 192.168.100.103
Filename 'tegra20-trimslice.dtb'.
Load address: 0x2408000
Loading: *##
	 3.4 MiB/s
done
Bytes transferred = 21404 (539c hex)
Tegra20 (TrimSlice) # bootz 0x00408000 - 0x02408000
Kernel image @ 0x408000 [ 0x000000 - 0x53fac0 ]
## Flattened Device Tree blob at 02408000
   Booting using the fdt blob at 0x2408000
   Using Device Tree in place at 02408000, end 0241039b

Starting kernel ...

Uncompressing Linux... done, booting the kernel.
[    0.000000] Booting Linux on physical CPU 0x0
[    0.000000] Linux version 4.9.0-next-20161224-142234-g84ede50 (pwalmsley@kaivo) (gcc version 4.7.3 20130328 (prerelease) (crosstool-NG linaro-1.13.1-4.7-2013.04-20130415 - Linaro GCC 2013.04) ) #1 SMP PREEMPT Fri Dec 23 20:03:38 PST 2016
[    0.000000] CPU: ARMv7 Processor [411fc090] revision 0 (ARMv7), cr=10c5387d
[    0.000000] CPU: PIPT / VIPT nonaliasing data cache, VIPT aliasing instruction cache
[    0.000000] OF: fdt:Machine model: Compulab TrimSlice board
[    0.000000] debug: ignoring loglevel setting.
[    0.000000] bootconsole [earlycon0] enabled
[    0.000000] cma: Reserved 64 MiB at 0x3c000000
[    0.000000] Memory policy: Data cache writealloc
[    0.000000] On node 0 totalpages: 262144
[    0.000000] free_area_init_node: node 0, pgdat c0d5e600, node_mem_map ef7f7000
[    0.000000]   Normal zone: 1536 pages used for memmap
[    0.000000]   Normal zone: 0 pages reserved
[    0.000000]   Normal zone: 196608 pages, LIFO batch:31
[    0.000000]   HighMem zone: 65536 pages, LIFO batch:15
[    0.000000] percpu: Embedded 14 pages/cpu @ef7c9000 s26240 r8192 d22912 u57344
[    0.000000] pcpu-alloc: s26240 r8192 d22912 u57344 alloc=14*4096
[    0.000000] pcpu-alloc: [0] 0 [0] 1 
[    0.000000] Built 1 zonelists in Zone order, mobility grouping on.  Total pages: 260608
[    0.000000] Kernel command line: ignore_loglevel console=ttyS0,115200n8 rw root=PARTUUID=11eb23c1-01 rootwait gpt debug noinitrd earlyprintk init=/bin/bash
[    0.000000] PID hash table entries: 4096 (order: 2, 16384 bytes)
[    0.000000] Dentry cache hash table entries: 131072 (order: 7, 524288 bytes)
[    0.000000] Inode-cache hash table entries: 65536 (order: 6, 262144 bytes)
[    0.000000] Memory: 960764K/1048576K available (8192K kernel code, 383K rwdata, 2476K rodata, 1024K init, 368K bss, 22276K reserved, 65536K cma-reserved, 196608K highmem)
[    0.000000] Virtual kernel memory layout:
[    0.000000]     vector  : 0xffff0000 - 0xffff1000   (   4 kB)
[    0.000000]     fixmap  : 0xffc00000 - 0xfff00000   (3072 kB)
[    0.000000]     vmalloc : 0xf0800000 - 0xff800000   ( 240 MB)
[    0.000000]     lowmem  : 0xc0000000 - 0xf0000000   ( 768 MB)
[    0.000000]     pkmap   : 0xbfe00000 - 0xc0000000   (   2 MB)
[    0.000000]     modules : 0xbf000000 - 0xbfe00000   (  14 MB)
[    0.000000]       .text : 0xc0008000 - 0xc0900000   (9184 kB)
[    0.000000]       .init : 0xc0c00000 - 0xc0d00000   (1024 kB)
[    0.000000]       .data : 0xc0d00000 - 0xc0d5fcc0   ( 384 kB)
[    0.000000]        .bss : 0xc0d61000 - 0xc0dbd308   ( 369 kB)
[    0.000000] Preemptible hierarchical RCU implementation.
[    0.000000] 	Build-time adjustment of leaf fanout to 32.
[    0.000000] 	RCU restricting CPUs from NR_CPUS=4 to nr_cpu_ids=2.
[    0.000000] RCU: Adjusting geometry for rcu_fanout_leaf=32, nr_cpu_ids=2
[    0.000000] NR_IRQS:16 nr_irqs:16 16
[    0.000000] /interrupt-controller@60004000: 128 interrupts forwarded to /interrupt-controller@50041000
[    0.000000] L2C: platform modifies aux control register: 0x02080000 -> 0x3e480001
[    0.000000] L2C: DT/platform modifies aux control register: 0x02080000 -> 0x3e480001
[    0.000000] L2C-310 errata 727915 769419 enabled
[    0.000000] L2C-310 enabling early BRESP for Cortex-A9
[    0.000000] L2C-310: enabling full line of zeros but not enabled in Cortex-A9
[    0.000000] L2C-310 ID prefetch enabled, offset 1 lines
[    0.000000] L2C-310 cache controller enabled, 8 ways, 1024 kB
[    0.000000] L2C-310: CACHE_ID 0x410000c4, AUX_CTRL 0x7e480001
[    0.000009] sched_clock: 32 bits at 1000kHz, resolution 1000ns, wraps every 2147483647500ns
[    0.008353] clocksource: timer_us: mask: 0xffffffff max_cycles: 0xffffffff, max_idle_ns: 1911260446275 ns
[    0.017967] Switching to timer-based delay loop, resolution 1000ns
[    0.024845] Console: colour dummy device 80x30
[    0.029301] Calibrating delay loop (skipped), value calculated using timer frequency.. 2.00 BogoMIPS (lpj=10000)
[    0.039516] pid_max: default: 32768 minimum: 301
[    0.044634] Mount-cache hash table entries: 2048 (order: 1, 8192 bytes)
[    0.051247] Mountpoint-cache hash table entries: 2048 (order: 1, 8192 bytes)
[    0.059154] CPU: Testing write buffer coherency: ok
[    0.064321] CPU0: thread -1, cpu 0, socket 0, mpidr 80000000
[    0.099985] Setting up static identity map for 0x100000 - 0x100098
[    0.130265] Tegra Revision: A03 prime SKU: 8 CPU Process: 1 SoC Process: 2
[    0.137658] smp: Bringing up secondary CPUs ...
[    0.210567] CPU1: thread -1, cpu 1, socket 0, mpidr 80000001
[    0.210632] smp: Brought up 1 node, 2 CPUs
[    0.220451] SMP: Total of 2 processors activated (4.00 BogoMIPS).
[    0.226591] CPU: All CPU(s) started in SVC mode.
[    0.232322] devtmpfs: initialized
[    0.241962] VFP support v0.3: implementor 41 architecture 3 part 30 variant 9 rev 1
[    0.249862] clocksource: jiffies: mask: 0xffffffff max_cycles: 0xffffffff, max_idle_ns: 19112604462750000 ns
[    0.262407] pinctrl core: initialized pinctrl subsystem
[    0.269030] NET: Registered protocol family 16
[    0.275000] DMA: preallocated 256 KiB pool for atomic coherent allocations
[    0.309967] cpuidle: using governor menu
[    0.333905] No ATAGs?
[    0.333917] hw-breakpoint: found 5 (+1 reserved) breakpoint and 1 watchpoint registers.
[    0.344262] hw-breakpoint: maximum watchpoint size is 4 bytes.
[    0.392521] usb1_vbus: Failed to request enable GPIO170: -517
[    0.398262] reg-fixed-voltage regulators:regulator@2: Failed to register regulator: -517
[    0.409393] vgaarb: loaded
[    0.412975] SCSI subsystem initialized
[    0.416981] libata version 3.00 loaded.
[    0.421266] usbcore: registered new interface driver usbfs
[    0.426823] usbcore: registered new interface driver hub
[    0.432230] usbcore: registered new device driver usb
[    0.439173] Linux video capture interface: v2.00
[    0.443904] pps_core: LinuxPPS API ver. 1 registered
[    0.448856] pps_core: Software ver. 5.3.6 - Copyright 2005-2007 Rodolfo Giometti <giometti@linux.it>
[    0.458131] PTP clock support registered
[    0.462800] Advanced Linux Sound Architecture Driver Initialized.
[    0.469755] Bluetooth: Core ver 2.22
[    0.473412] NET: Registered protocol family 31
[    0.477844] Bluetooth: HCI device and connection manager initialized
[    0.484276] Bluetooth: HCI socket layer initialized
[    0.489201] Bluetooth: L2CAP socket layer initialized
[    0.494352] Bluetooth: SCO socket layer initialized
[    0.500699] clocksource: Switched to clocksource timer_us
[    0.522197] NET: Registered protocol family 2
[    0.527659] TCP established hash table entries: 8192 (order: 3, 32768 bytes)
[    0.534788] TCP bind hash table entries: 8192 (order: 4, 65536 bytes)
[    0.541335] TCP: Hash tables configured (established 8192 bind 8192)
[    0.548358] UDP hash table entries: 512 (order: 2, 16384 bytes)
[    0.554322] UDP-Lite hash table entries: 512 (order: 2, 16384 bytes)
[    0.560971] NET: Registered protocol family 1
[    0.565973] RPC: Registered named UNIX socket transport module.
[    0.571902] RPC: Registered udp transport module.
[    0.576645] RPC: Registered tcp transport module.
[    0.581423] RPC: Registered tcp NFSv4.1 backchannel transport module.
[    0.587916] PCI: CLS 0 bytes, default 64
[    0.594286] hw perfevents: enabled with armv7_cortex_a9 PMU driver, 7 counters available
[    0.603602] futex hash table entries: 512 (order: 3, 32768 bytes)
[    0.610587] workingset: timestamp_bits=30 max_order=18 bucket_order=0
[    0.618189] squashfs: version 4.0 (2009/01/31) Phillip Lougher
[    0.624765] NFS: Registering the id_resolver key type
[    0.629832] Key type id_resolver registered
[    0.634077] Key type id_legacy registered
[    0.642679] bounce: pool size: 64 pages
[    0.646509] io scheduler noop registered (default)
[    0.656032] tegra-pcie 80003000.pcie-controller: dual-mode configuration
[    0.663670] tegra-pcie 80003000.pcie-controller: probing port 0, using 2 lanes
[    0.741515] tegra-pcie 80003000.pcie-controller: PCI host bridge to bus 0000:00
[    0.748813] pci_bus 0000:00: root bus resource [io  0x0000-0xffff]
[    0.755073] pci_bus 0000:00: root bus resource [mem 0xa0000000-0xa7ffffff]
[    0.761997] pci_bus 0000:00: root bus resource [mem 0xa8000000-0xbfffffff pref]
[    0.769352] pci_bus 0000:00: root bus resource [bus 00-ff]
[    0.774951] pci 0000:00:01.0: [10de:0bf0] type 01 class 0x060000
[    0.781017] pci_bus 0000:00: 2-byte config write to 0000:00:01.0 offset 0x52 may corrupt adjacent RW1C bits
[    0.790791] pci 0000:00:01.0: PME# supported from D0 D1 D2 D3hot D3cold
[    0.797433] pci_bus 0000:00: 2-byte config write to 0000:00:01.0 offset 0x4c may corrupt adjacent RW1C bits
[    0.807483] pci_bus 0000:00: 2-byte config write to 0000:00:01.0 offset 0x3e may corrupt adjacent RW1C bits
[    0.817222] pci_bus 0000:00: 2-byte config write to 0000:00:01.0 offset 0x4 may corrupt adjacent RW1C bits
[    0.826924] pci_bus 0000:00: 1-byte config write to 0000:00:01.0 offset 0xc may corrupt adjacent RW1C bits
[    0.836625] PCI: bus0: Fast back to back transfers disabled
[    0.842262] pci 0000:00:01.0: bridge configuration invalid ([bus 00-00]), reconfiguring
[    0.850312] pci_bus 0000:00: 2-byte config write to 0000:00:01.0 offset 0x3e may corrupt adjacent RW1C bits
[    0.860117] pci_bus 0000:00: 2-byte config write to 0000:00:01.0 offset 0x3e may corrupt adjacent RW1C bits
[    0.869910] pci_bus 0000:00: 2-byte config write to 0000:00:01.0 offset 0x3e may corrupt adjacent RW1C bits
[    0.879703] pci_bus 0000:00: 2-byte config write to 0000:00:01.0 offset 0x6 may corrupt adjacent RW1C bits
[    0.889626] pci 0000:01:00.0: [10ec:8168] type 00 class 0x020000
[    0.895651] pci 0000:01:00.0: reg 0x10: [io  0x0000-0x00ff]
[    0.901282] pci 0000:01:00.0: reg 0x18: [mem 0x00000000-0x00000fff 64bit pref]
[    0.908544] pci 0000:01:00.0: reg 0x20: [mem 0x00000000-0x00003fff 64bit pref]
[    0.915830] pci 0000:01:00.0: reg 0x30: [mem 0x00000000-0x0001ffff pref]
[    0.922621] pci_bus 0000:01: 2-byte config write to 0000:01:00.0 offset 0x52 may corrupt adjacent RW1C bits
[    0.932425] pci 0000:01:00.0: supports D1 D2
[    0.936699] pci 0000:01:00.0: PME# supported from D0 D1 D2 D3hot D3cold
[    0.970737] PCI: bus1: Fast back to back transfers disabled
[    0.976302] pci_bus 0000:01: busn_res: [bus 01-ff] end is updated to 01
[    0.982991] Disabling cpuidle LP2 state, since PCIe IRQs are in use
[    0.989352] pci 0000:00:01.0: BAR 8: assigned [mem 0xa0000000-0xa00fffff]
[    0.996164] pci 0000:00:01.0: BAR 9: assigned [mem 0xa8000000-0xa80fffff 64bit pref]
[    1.003958] pci 0000:00:01.0: BAR 7: assigned [io  0x1000-0x1fff]
[    1.010107] pci 0000:01:00.0: BAR 6: assigned [mem 0xa0000000-0xa001ffff pref]
[    1.017394] pci 0000:01:00.0: BAR 4: assigned [mem 0xa8000000-0xa8003fff 64bit pref]
[    1.025202] pci 0000:01:00.0: BAR 2: assigned [mem 0xa8004000-0xa8004fff 64bit pref]
[    1.033001] pci 0000:01:00.0: BAR 0: assigned [io  0x1000-0x10ff]
[    1.039137] pci 0000:00:01.0: PCI bridge to [bus 01]
[    1.044170] pci 0000:00:01.0:   bridge window [io  0x1000-0x1fff]
[    1.050313] pci 0000:00:01.0:   bridge window [mem 0xa0000000-0xa00fffff]
[    1.057170] pci 0000:00:01.0:   bridge window [mem 0xa8000000-0xa80fffff 64bit pref]
[    1.064984] pci 0000:00:01.0: nv_msi_ht_cap_quirk didn't locate host bridge
[    1.072042] pcieport 0000:00:01.0: enabling device (0140 -> 0143)
[    1.078394] pcieport 0000:00:01.0: Signaling PME with IRQ 295
[    1.087630] tegra-apbdma 6000a000.dma: Tegra20 APB DMA driver register 16 channels
[    1.096447] Serial: 8250/16550 driver, 4 ports, IRQ sharing disabled
[    1.104916] console [ttyS0] disabled
[    1.108516] 70006000.serial: ttyS0 at MMIO 0x70006000 (irq = 279, base_baud = 13500000) is a Tegra
[    1.117540] console [ttyS0] enabled
[    1.117540] console [ttyS0] enabled
[    1.124532] bootconsole [earlycon0] disabled
[    1.124532] bootconsole [earlycon0] disabled
[    1.134697] [drm] Initialized
[    1.138456] 54280000.hdmi supply hdmi not found, using dummy regulator
[    1.147877] [drm] Supports vblank timestamp caching Rev 2 (21.10.2013).
[    1.154493] [drm] No driver support for vblank timestamp query.
[    1.160523] [drm] Cannot find any crtc or sizes - going 1024x768
[    1.183156] Console: switching to colour frame buffer device 128x48
[    1.197191] drm drm: fb0:  frame buffer device
[    1.240747] [drm] Initialized tegra 0.0.0 20120330 on minor 0
[    1.255683] loop: module loaded
[    1.261354] m25p80 spi32766.0: found s25fl008k, expected w25q80bl
[    1.267501] m25p80 spi32766.0: s25fl008k (1024 Kbytes)
[    1.274752] libphy: Fixed MDIO Bus: probed
[    1.278838] CAN device driver interface
[    1.282756] igb: Intel(R) Gigabit Ethernet Network Driver - version 5.4.0-k
[    1.289699] igb: Copyright (c) 2007-2014 Intel Corporation.
[    1.295436] r8169 Gigabit Ethernet driver 2.3LK-NAPI loaded
[    1.301068] r8169 0000:01:00.0: enabling device (0140 -> 0143)
[    1.307918] r8169 0000:01:00.0 eth0: RTL8168d/8111d at 0xf08e1000, 00:01:c0:13:7d:63, XID 081000c0 IRQ 296
[    1.317597] r8169 0000:01:00.0 eth0: jumbo features [frames: 9200 bytes, tx checksumming: ko]
[    1.326237] pegasus: v0.9.3 (2013/04/25), Pegasus/Pegasus II USB Ethernet driver
[    1.333725] usbcore: registered new interface driver pegasus
[    1.339465] usbcore: registered new interface driver asix
[    1.344936] usbcore: registered new interface driver ax88179_178a
[    1.351100] usbcore: registered new interface driver cdc_ether
[    1.357000] usbcore: registered new interface driver smsc75xx
[    1.362832] usbcore: registered new interface driver smsc95xx
[    1.368642] usbcore: registered new interface driver net1080
[    1.374377] usbcore: registered new interface driver cdc_subset
[    1.380347] usbcore: registered new interface driver zaurus
[    1.386028] usbcore: registered new interface driver cdc_ncm
[    1.391989] tegra-phy c5004000.usb-phy: no vbus regulator
[    1.398472] tegra-phy c5008000.usb-phy: no vbus regulator
[    1.403978] ehci_hcd: USB 2.0 'Enhanced' Host Controller (EHCI) Driver
[    1.410488] ehci-pci: EHCI PCI platform driver
[    1.415012] tegra-ehci: Tegra EHCI driver
[    1.471911] ulpi_phy_power_on: ulpi write failed
[    1.476518] tegra-ehci c5004000.usb: Failed to power on the phy
[    1.482457] tegra-ehci: probe of c5004000.usb failed with error -110
[    1.491447] tegra-ehci c5008000.usb: EHCI Host Controller
[    1.496865] tegra-ehci c5008000.usb: new USB bus registered, assigned bus number 1
[    1.504754] tegra-ehci c5008000.usb: irq 290, io mem 0xc5008000
[    1.530725] tegra-ehci c5008000.usb: USB 2.0 started, EHCI 1.00
[    1.537661] hub 1-0:1.0: USB hub found
[    1.541453] hub 1-0:1.0: 1 port detected
[    1.546177] usbcore: registered new interface driver cdc_acm
[    1.551839] cdc_acm: USB Abstract Control Model driver for USB modems and ISDN adapters
[    1.559901] usbcore: registered new interface driver cdc_wdm
[    1.565683] usbcore: registered new interface driver usb-storage
[    1.572195] mousedev: PS/2 mouse device common for all mice
[    1.579388] rtc-em3027 2-0056: rtc core: registered rtc-em3027 as rtc0
[    1.586603] tegra_rtc 7000e000.rtc: rtc core: registered 7000e000.rtc as rtc1
[    1.593800] tegra_rtc 7000e000.rtc: Tegra internal Real Time Clock
[    1.600243] i2c /dev entries driver
[    1.604764] usbcore: registered new interface driver uvcvideo
[    1.610495] USB Video Class driver (1.1.1)
[    1.614596] gspca_main: v2.14.0 registered
[    1.620035] sdhci: Secure Digital Host Controller Interface driver
[    1.626243] sdhci: Copyright(c) Pierre Ossman
[    1.630586] sdhci-pltfm: SDHCI platform and OF driver helper
[    1.636650] mmc0: Invalid maximum block size, assuming 512 bytes
[    1.700755] mmc0: SDHCI controller on c8000000.sdhci [c8000000.sdhci] using ADMA
[    1.708315] sdhci-tegra c8000600.sdhci: Got CD GPIO
[    1.714268] sdhci-tegra c8000600.sdhci: Got WP GPIO
[    1.721316] mmc1: Invalid maximum block size, assuming 512 bytes
[    1.780837] mmc1: SDHCI controller on c8000600.sdhci [c8000600.sdhci] using ADMA
[    1.788843] usbcore: registered new interface driver usbhid
[    1.794563] usbhid: USB HID core driver
[    1.806552] tlv320aic23-codec 2-001a: Control not supported for path LLINEIN -> [NULL] -> Line Input
[    1.815709] tlv320aic23-codec 2-001a: ASoC: no dapm match for LLINEIN --> NULL --> Line Input
[    1.824231] tlv320aic23-codec 2-001a: ASoC: Failed to add route LLINEIN -> NULL -> Line Input
[    1.832769] tlv320aic23-codec 2-001a: Control not supported for path RLINEIN -> [NULL] -> Line Input
[    1.841894] tlv320aic23-codec 2-001a: ASoC: no dapm match for RLINEIN --> NULL --> Line Input
[    1.850399] tlv320aic23-codec 2-001a: ASoC: Failed to add route RLINEIN -> NULL -> Line Input
[    1.858933] tlv320aic23-codec 2-001a: Control not supported for path MICIN -> [NULL] -> Mic Input
[    1.867735] mmc0: host does not support reading read-only switch, assuming write-enable
[    1.869545] mmc0: new high speed SDHC card at address b368
[    1.880281] mmcblk0: mmc0:b368 NCard 3.70 GiB 
[    1.883140]  mmcblk0: p1
[    1.888377] tlv320aic23-codec 2-001a: ASoC: no dapm match for MICIN --> NULL --> Mic Input
[    1.896657] tlv320aic23-codec 2-001a: ASoC: Failed to add route MICIN -> NULL -> Mic Input
[    1.905723] tegra-snd-trimslice sound: tlv320aic23-hifi <-> 70002800.i2s mapping ok
[    1.910727] usb 1-1: new high-speed USB device number 2 using tegra-ehci
[    1.922707] NET: Registered protocol family 10
[    1.929618] mmc1: new high speed SD card at address b368
[    1.939076] Segment Routing with IPv6
[    1.943021] mip6: Mobile IPv6
[    1.945984] sit: IPv6, IPv4 and MPLS over IPv4 tunneling driver
[    1.946129] mmcblk1: mmc1:b368 NCard 1.83 GiB (ro)
[    1.954550]  mmcblk1: p1 p2
[    1.962634] NET: Registered protocol family 17
[    1.967096] NET: Registered protocol family 15
[    1.971563] can: controller area network core (rev 20120528 abi 9)
[    1.977878] NET: Registered protocol family 29
[    1.982349] can: raw protocol (rev 20120528)
[    1.986611] can: broadcast manager protocol (rev 20161123 t)
[    1.992288] can: netlink gateway (rev 20130117) max_hops=1
[    1.998017] Bluetooth: RFCOMM socket layer initialized
[    2.003201] Bluetooth: RFCOMM ver 1.11
[    2.006960] Bluetooth: BNEP (Ethernet Emulation) ver 1.3
[    2.012294] Bluetooth: BNEP socket layer initialized
[    2.017250] Bluetooth: HIDP (Human Interface Emulation) ver 1.2
[    2.023186] Bluetooth: HIDP socket layer initialized
[    2.028493] Key type dns_resolver registered
[    2.033392] Registering SWP/SWPB emulation handler
[    2.054881] utmi_phy_clk_enable: timeout waiting for phy to stabilize
[    2.061402] tegra-ehci c5000000.usb: EHCI Host Controller
[    2.066830] tegra-ehci c5000000.usb: new USB bus registered, assigned bus number 2
[    2.074980] tegra-ehci c5000000.usb: irq 288, io mem 0xc5000000
[    2.092619] hub 1-1:1.0: USB hub found
[    2.096541] hub 1-1:1.0: 4 ports detected
[    2.110750] tegra-ehci c5000000.usb: USB 2.0 started, EHCI 1.00
[    2.118268] hub 2-0:1.0: USB hub found
[    2.122120] hub 2-0:1.0: 1 port detected
[    2.127362] input: gpio-keys as /devices/soc0/gpio-keys/input/input0
[    2.134778] rtc-em3027 2-0056: setting system clock to 2015-02-06 02:45:40 UTC (1423190740)
[    2.143542] ALSA device list:
[    2.146518]   #0: tegra-trimslice
[    2.151395] EXT4-fs (mmcblk0p1): mounting ext3 file system using the ext4 subsystem
[    2.250344] EXT4-fs (mmcblk0p1): recovery complete
[    2.255164] EXT4-fs (mmcblk0p1): mounted filesystem with ordered data mode. Opts: (null)
[    2.263327] VFS: Mounted root (ext3 filesystem) on device 179:1.
[    2.278160] devtmpfs: mounted
[    2.282339] Freeing unused kernel memory: 1024K
[    2.332455] random: fast init done
[    2.430744] usb 1-1.2: new high-speed USB device number 3 using tegra-ehci
bash: cannot set terminal process group (-1): Inappropriate ioctl for device
bash: no job control in this shell
root@(none):/# mount -t sysfs none /sys
root@(none):/# 
root@(none):/# mount -t debugfs none /sys/kernel/debug
root@(none):/# 
root@(none):/# rtcwake -d rtc1 -m mem -s 3
rtcwake: assuming RTC uses UTC ...
rtcwake: wakeup from "mem" using /dev/rtc1 at Thu Jan  1 00:00:23 1970
[    7.226540] PM: Syncing filesystems ... done.
[    7.241261] Freezing user space processes ... (elapsed 0.009 seconds) done.
[    7.250910] Freezing remaining freezable tasks ... (elapsed 0.001 seconds) done.
[    7.252410] Suspending console(s) (use no_console_suspend to debug)
[    7.324033] pci_generic_config_write32: 37 callbacks suppressed
[    7.324076] pci_bus 0000:00: 2-byte config write to 0000:00:01.0 offset 0x9c may corrupt adjacent RW1C bits
[    7.336652] PM: suspend of devices complete after 39.919 msecs
[    7.339120] PM: late suspend of devices complete after 2.437 msecs
[    7.341063] pci_bus 0000:01: 2-byte config write to 0000:01:00.0 offset 0x44 may corrupt adjacent RW1C bits
[    7.341125] pci_bus 0000:01: 2-byte config write to 0000:01:00.0 offset 0x44 may corrupt adjacent RW1C bits
[    7.371459] PM: noirq suspend of devices complete after 32.307 msecs
[    7.371470] Disabling non-boot CPUs ...
[    7.422830] CPU1: shutdown
[    7.456954] Entering suspend state LP1
[    7.456954] Suspended for 1.364 seconds
[    7.457053] Enabling non-boot CPUs ...
[    7.496795] CPU1: shutdown
[    7.524387] Error taking CPU1 up: -2
[    7.525619] pci_bus 0000:00: 2-byte config write to 0000:00:01.0 offset 0x4c may corrupt adjacent RW1C bits
[    7.525668] pci_bus 0000:00: 2-byte config write to 0000:00:01.0 offset 0x88 may corrupt adjacent RW1C bits
[    7.525700] pci_bus 0000:00: 2-byte config write to 0000:00:01.0 offset 0x90 may corrupt adjacent RW1C bits
[    7.525729] pci_bus 0000:00: 2-byte config write to 0000:00:01.0 offset 0x98 may corrupt adjacent RW1C bits
[    7.525756] pci_bus 0000:00: 2-byte config write to 0000:00:01.0 offset 0x9c may corrupt adjacent RW1C bits
[    7.525840] pci_bus 0000:00: 2-byte config write to 0000:00:01.0 offset 0x52 may corrupt adjacent RW1C bits
[    7.525872] pci_bus 0000:00: 2-byte config write to 0000:00:01.0 offset 0x52 may corrupt adjacent RW1C bits
[    7.525943] pcieport 0000:00:01.0: nv_msi_ht_cap_quirk didn't locate host bridge
[    7.550989] PM: noirq resume of devices complete after 26.571 msecs
[    7.553804] PM: early resume of devices complete after 1.849 msecs
[    8.102112] PM: resume of devices complete after 548.277 msecs
[    8.275079] Restarting tasks ... done.
root@(none):/# 
root@(none):/# rtcwake -d rtc1 -m mem -s 3
rtcwake: assuming RTC uses UTC ...
rtcwake: wakeup from "mem" using /dev/rtc1 at Thu Jan  1 00:00:28 1970
[    9.140480] PM: Syncing filesystems ... done.
[    9.161124] Freezing user space processes ... (elapsed 0.001 seconds) done.
[    9.162553] Freezing remaining freezable tasks ... (elapsed 0.001 seconds) done.
[    9.164008] Suspending console(s) (use no_console_suspend to debug)
[    9.248473] PM: suspend of devices complete after 40.338 msecs
[    9.252338] PM: late suspend of devices complete after 3.834 msecs
[    9.281357] PM: noirq suspend of devices complete after 28.986 msecs
[    9.281368] Disabling non-boot CPUs ...
[    9.281376] Entering suspend state LP1
[    9.281376] Suspended for 3.175 seconds
[    9.283061] pcieport 0000:00:01.0: nv_msi_ht_cap_quirk didn't locate host bridge
[    9.310895] PM: noirq resume of devices complete after 29.402 msecs
[    9.313721] PM: early resume of devices complete after 1.851 msecs
[    9.869132] PM: resume of devices complete after 555.380 msecs
[    9.926379] Restarting tasks ... done.
root@(none):/# 
root@(none):/# rtcwake -d rtc1 -m mem -s 3
rtcwake: assuming RTC uses UTC ...
rtcwake: wakeup from "mem" using /dev/rtc1 at Thu Jan  1 00:00:33 1970
[   10.970306] PM: Syncing filesystems ... done.
[   10.991036] Freezing user space processes ... (elapsed 0.001 seconds) done.
[   10.992475] Freezing remaining freezable tasks ... (elapsed 0.001 seconds) done.
[   10.993943] Suspending console(s) (use no_console_suspend to debug)
[   11.077639] PM: suspend of devices complete after 39.651 msecs
[   11.081476] PM: late suspend of devices complete after 3.805 msecs
[   11.111267] PM: noirq suspend of devices complete after 29.759 msecs
[   11.111278] Disabling non-boot CPUs ...
[   11.111286] Entering suspend state LP1
[   11.111286] Suspended for 3.169 seconds
[   11.113180] pcieport 0000:00:01.0: nv_msi_ht_cap_quirk didn't locate host bridge
[   11.140783] PM: noirq resume of devices complete after 29.378 msecs
[   11.143579] PM: early resume of devices complete after 1.828 msecs
[   11.692113] PM: resume of devices complete after 548.503 msecs
[   11.749281] Restarting tasks ... done.
root@(none):/# 
root@(none):/# rtcwake -d rtc1 -m mem -s 3[   12.802675] random: crng init done

rtcwake: assuming RTC uses UTC ...
rtcwake: wakeup from "mem" using /dev/rtc1 at Thu Jan  1 00:00:38 1970
[   12.854661] PM: Syncing filesystems ... done.
[   12.870829] Freezing user space processes ... (elapsed 0.001 seconds) done.
[   12.872151] Freezing remaining freezable tasks ... (elapsed 0.001 seconds) done.
[   12.873482] Suspending console(s) (use no_console_suspend to debug)
[   12.913417] pci_generic_config_write32: 65 callbacks suppressed
[   12.913461] pci_bus 0000:00: 2-byte config write to 0000:00:01.0 offset 0x9c may corrupt adjacent RW1C bits
[   12.933666] PM: suspend of devices complete after 24.528 msecs
[   12.937371] PM: late suspend of devices complete after 3.673 msecs
[   12.940375] pci_bus 0000:01: 2-byte config write to 0000:01:00.0 offset 0x44 may corrupt adjacent RW1C bits
[   12.940437] pci_bus 0000:01: 2-byte config write to 0000:01:00.0 offset 0x44 may corrupt adjacent RW1C bits
[   12.971115] PM: noirq suspend of devices complete after 33.713 msecs
[   12.971126] Disabling non-boot CPUs ...
[   12.971134] Entering suspend state LP1
[   12.971134] Suspended for 3.140 seconds
[   12.972995] pci_bus 0000:00: 2-byte config write to 0000:00:01.0 offset 0x4c may corrupt adjacent RW1C bits
[   12.973041] pci_bus 0000:00: 2-byte config write to 0000:00:01.0 offset 0x88 may corrupt adjacent RW1C bits
[   12.973072] pci_bus 0000:00: 2-byte config write to 0000:00:01.0 offset 0x90 may corrupt adjacent RW1C bits
[   12.973100] pci_bus 0000:00: 2-byte config write to 0000:00:01.0 offset 0x98 may corrupt adjacent RW1C bits
[   12.973131] pci_bus 0000:00: 2-byte config write to 0000:00:01.0 offset 0x9c may corrupt adjacent RW1C bits
[   12.973214] pci_bus 0000:00: 2-byte config write to 0000:00:01.0 offset 0x52 may corrupt adjacent RW1C bits
[   12.973247] pci_bus 0000:00: 2-byte config write to 0000:00:01.0 offset 0x52 may corrupt adjacent RW1C bits
[   12.973317] pcieport 0000:00:01.0: nv_msi_ht_cap_quirk didn't locate host bridge
[   13.000708] PM: noirq resume of devices complete after 29.458 msecs
[   13.003535] PM: early resume of devices complete after 1.843 msecs
[   13.552082] PM: resume of devices complete after 548.516 msecs
[   13.712372] Restarting tasks ... done.
root@(none):/# 
root@(none):/# rtcwake -d rtc1 -m mem -s 3
rtcwake: assuming RTC uses UTC ...
rtcwake: wakeup from "mem" using /dev/rtc1 at Thu Jan  1 00:00:43 1970
[   14.659949] PM: Syncing filesystems ... done.
[   14.680851] Freezing user space processes ... (elapsed 0.001 seconds) done.
[   14.682309] Freezing remaining freezable tasks ... (elapsed 0.001 seconds) done.
[   14.683785] Suspending console(s) (use no_console_suspend to debug)
[   14.768092] PM: suspend of devices complete after 40.457 msecs
[   14.771944] PM: late suspend of devices complete after 3.820 msecs
[   14.801080] PM: noirq suspend of devices complete after 29.105 msecs
[   14.801092] Disabling non-boot CPUs ...
[   14.801099] Entering suspend state LP1
[   14.801099] Suspended for 3.169 seconds
[   14.803192] pcieport 0000:00:01.0: nv_msi_ht_cap_quirk didn't locate host bridge
[   14.830598] PM: noirq resume of devices complete after 29.382 msecs
[   14.833455] PM: early resume of devices complete after 1.887 msecs
[   15.382062] PM: resume of devices complete after 548.577 msecs
[   15.439235] Restarting tasks ... done.
root@(none):/# 
root@(none):/# rtcwake -d rtc1 -m mem -s 3
rtcwake: assuming RTC uses UTC ...
rtcwake: wakeup from "mem" using /dev/rtc1 at Thu Jan  1 00:00:48 1970
[   16.489852] PM: Syncing filesystems ... done.
[   16.510810] Freezing user space processes ... (elapsed 0.001 seconds) done.
[   16.512264] Freezing remaining freezable tasks ... (elapsed 0.001 seconds) done.
[   16.513743] Suspending console(s) (use no_console_suspend to debug)
[   16.597475] PM: suspend of devices complete after 39.565 msecs
[   16.601331] PM: late suspend of devices complete after 3.824 msecs
[   16.630990] PM: noirq suspend of devices complete after 29.628 msecs
[   16.631001] Disabling non-boot CPUs ...
[   16.631009] Entering suspend state LP1
[   16.631009] Suspended for 3.169 seconds
[   16.633307] pcieport 0000:00:01.0: nv_msi_ht_cap_quirk didn't locate host bridge
[   16.660532] PM: noirq resume of devices complete after 29.407 msecs
[   16.663351] PM: early resume of devices complete after 1.844 msecs
[   17.211822] PM: resume of devices complete after 548.440 msecs
[   17.268212] Restarting tasks ... done.
root@(none):/# 
root@(none):/# rtcwake -d rtc1 -m mem [   18.787264] irq 279: nobody cared (try booting with the "irqpoll" option)
[   18.794085] CPU: 0 PID: 1 Comm: bash Not tainted 4.9.0-next-20161224-142234-g84ede50 #1
[   18.802092] Hardware name: NVIDIA Tegra SoC (Flattened Device Tree)
[   18.808446] [<c010f308>] (unwind_backtrace) from [<c010a900>] (show_stack+0x10/0x14)
[   18.816238] [<c010a900>] (show_stack) from [<c034ce1c>] (dump_stack+0x84/0xa4)
[   18.823493] [<c034ce1c>] (dump_stack) from [<c016f068>] (__report_bad_irq+0x24/0xc0)
[   18.831261] [<c016f068>] (__report_bad_irq) from [<c016f43c>] (note_interrupt+0x260/0x2bc)
[   18.839562] [<c016f43c>] (note_interrupt) from [<c016ca3c>] (handle_irq_event_percpu+0x48/0x58)
[   18.848289] [<c016ca3c>] (handle_irq_event_percpu) from [<c016ca84>] (handle_irq_event+0x38/0x5c)
[   18.857186] [<c016ca84>] (handle_irq_event) from [<c016fd84>] (handle_fasteoi_irq+0xb4/0x188)
[   18.865732] [<c016fd84>] (handle_fasteoi_irq) from [<c016c134>] (generic_handle_irq+0x18/0x28)
[   18.874369] [<c016c134>] (generic_handle_irq) from [<c016c230>] (__handle_domain_irq+0x54/0xb4)
[   18.883087] [<c016c230>] (__handle_domain_irq) from [<c01013f0>] (gic_handle_irq+0x44/0x90)
[   18.891453] [<c01013f0>] (gic_handle_irq) from [<c010b48c>] (__irq_svc+0x6c/0xa8)
[   18.898938] Exception stack(0xef041d20 to 0xef041d68)
[   18.904013] 1d20: c0d61a00 00000000 00000000 00000000 00000002 c0c59dd0 00000000 c0c56338
[   18.912209] 1d40: c0d02080 fe441100 ef041df0 00000000 0000000a ef041d70 c012426c c0123db0
[   18.920389] 1d60: 60070113 ffffffff
[   18.923907] [<c010b48c>] (__irq_svc) from [<c0123db0>] (__do_softirq+0x80/0x23c)
[   18.931322] [<c0123db0>] (__do_softirq) from [<c012426c>] (irq_exit+0xd4/0x13c)
[   18.938654] [<c012426c>] (irq_exit) from [<c016c234>] (__handle_domain_irq+0x58/0xb4)
[   18.946504] [<c016c234>] (__handle_domain_irq) from [<c01013f0>] (gic_handle_irq+0x44/0x90)
[   18.954867] [<c01013f0>] (gic_handle_irq) from [<c010b48c>] (__irq_svc+0x6c/0xa8)
[   18.962350] Exception stack(0xef041df0 to 0xef041e38)
[   18.967416] 1de0:                                     c0dac390 a0070013 00000000 00000000
[   18.975610] 1e00: 00000000 ef2ec800 00000001 ee8bc600 c0dac390 ee8fbc01 a0070013 00000000
[   18.983798] 1e20: 00000000 ef041e40 c0400338 c040033c 60070013 ffffffff
[   18.990443] [<c010b48c>] (__irq_svc) from [<c040033c>] (uart_write+0xf4/0x170)
[   18.997706] [<c040033c>] (uart_write) from [<c03e8eec>] (n_tty_write+0x194/0x468)
[   19.005216] [<c03e8eec>] (n_tty_write) from [<c03e4e1c>] (tty_write+0x180/0x280)
[   19.012648] [<c03e4e1c>] (tty_write) from [<c01ff684>] (__vfs_write+0x2c/0x114)
[   19.019985] [<c01ff684>] (__vfs_write) from [<c0200bf8>] (vfs_write+0xa4/0x164)
[   19.027321] [<c0200bf8>] (vfs_write) from [<c0200e98>] (SyS_write+0x40/0x8c)
[   19.034402] [<c0200e98>] (SyS_write) from [<c0107880>] (ret_fast_syscall+0x0/0x3c)
[   19.041971] handlers:
[   19.044267] [<c0402344>] serial8250_interrupt
[   19.048637] Disabling IRQ #279
-s 3
[   19.204911] PM: Syncing filesystems ... done.
[   19.217990] Freezing user space processes ... (elapsed 0.001 seconds) done.
[   19.226112] Freezing remaining freezable tasks ... (elapsed 0.001 seconds) done.
[   19.234655] Suspending console(s) (use no_console_suspend to debug)
rtcwake: assuming RTC uses UTC ...
rtcwake: wakeup from "mem" using /dev/rtc1 at Thu Jan  1 00:00:54 1970
[   19.275340] pci_generic_config_write32: 65 callbacks suppressed
[   19.275382] pci_bus 0000:00: 2-byte config write to 0000:00:01.0 offset 0x9c may corrupt adjacent RW1C bits
[   19.288264] PM: suspend of devices complete after 47.073 msecs
[   19.292180] PM: late suspend of devices complete after 3.885 msecs
[   19.295161] pci_bus 0000:01: 2-byte config write to 0000:01:00.0 offset 0x44 may corrupt adjacent RW1C bits
[   19.295221] pci_bus 0000:01: 2-byte config write to 0000:01:00.0 offset 0x44 may corrupt adjacent RW1C bits
[   19.320892] PM: noirq suspend of devices complete after 28.681 msecs
[   19.320902] Disabling non-boot CPUs ...
[   19.320910] Entering suspend state LP1
[   19.320910] Suspended for 3.310 seconds
[   19.322932] pci_bus 0000:00: 2-byte config write to 0000:00:01.0 offset 0x4c may corrupt adjacent RW1C bits
[   19.322977] pci_bus 0000:00: 2-byte config write to 0000:00:01.0 offset 0x88 may corrupt adjacent RW1C bits
[   19.323008] pci_bus 0000:00: 2-byte config write to 0000:00:01.0 offset 0x90 may corrupt adjacent RW1C bits
[   19.323038] pci_bus 0000:00: 2-byte config write to 0000:00:01.0 offset 0x98 may corrupt adjacent RW1C bits
[   19.323065] pci_bus 0000:00: 2-byte config write to 0000:00:01.0 offset 0x9c may corrupt adjacent RW1C bits
[   19.323146] pci_bus 0000:00: 2-byte config write to 0000:00:01.0 offset 0x52 may corrupt adjacent RW1C bits
[   19.323179] pci_bus 0000:00: 2-byte config write to 0000:00:01.0 offset 0x52 may corrupt adjacent RW1C bits
[   19.323249] pcieport 0000:00:01.0: nv_msi_ht_cap_quirk didn't locate host bridge
[   19.350452] PM: noirq resume of devices complete after 29.425 msecs
[   19.354793] PM: early resume of devices complete after 3.391 msecs
[   19.901766] PM: resume of devices complete after 546.943 msecs
[   20.062122] Restarting tasks ... done.
root@(none):/# 
root@(none):/# rtcwake -d rtc1 -m mem -s 3
rtcwake: assuming RTC uses UTC ...
rtcwake: wakeup from "mem" using /dev/rtc1 at Thu Jan  1 00:00:59 1970
[   21.009799] PM: Syncing filesystems ... done.
[   21.030733] Freezing user space processes ... (elapsed 0.001 seconds) done.
[   21.032200] Freezing remaining freezable tasks ... (elapsed 0.001 seconds) done.
[   21.033688] Suspending console(s) (use no_console_suspend to debug)
[   21.117037] PM: suspend of devices complete after 39.353 msecs
[   21.120891] PM: late suspend of devices complete after 3.822 msecs
[   21.150813] PM: noirq suspend of devices complete after 29.890 msecs
[   21.150825] Disabling non-boot CPUs ...
[   21.150832] Entering suspend state LP1
[   21.150832] Suspended for 3.169 seconds
[   21.152962] pcieport 0000:00:01.0: nv_msi_ht_cap_quirk didn't locate host bridge
[   21.180402] PM: noirq resume of devices complete after 29.454 msecs
[   21.184722] PM: early resume of devices complete after 3.366 msecs
[   21.731602] PM: resume of devices complete after 546.849 msecs
[   21.788773] Restarting tasks ... done.
root@(none):/# 
root@(none):/# rtcwake -d rtc1 -m mem -s 3
rtcwake: assuming RTC uses UTC ...
rtcwake: wakeup from "mem" using /dev/rtc1 at Thu Jan  1 00:01:04 1970
[   22.839755] PM: Syncing filesystems ... done.
[   22.860494] Freezing user space processes ... (elapsed 0.001 seconds) done.
[   22.861957] Freezing remaining freezable tasks ... (elapsed 0.001 seconds) done.
[   22.863447] Suspending console(s) (use no_console_suspend to debug)
[   22.947505] PM: suspend of devices complete after 39.868 msecs
[   22.951379] PM: late suspend of devices complete after 3.843 msecs
[   22.980714] PM: noirq suspend of devices complete after 29.305 msecs
[   22.980725] Disabling non-boot CPUs ...
[   22.980733] Entering suspend state LP1
[   22.980733] Suspended for 3.170 seconds
[   22.982864] pcieport 0000:00:01.0: nv_msi_ht_cap_quirk didn't locate host bridge
[   23.010411] PM: noirq resume of devices complete after 29.561 msecs
[   23.014727] PM: early resume of devices complete after 3.346 msecs
[   23.561265] PM: resume of devices complete after 546.507 msecs
[   23.618435] Restarting tasks ... done.
root@(none):/# 
root@(none):/# rtcwake -d rtc1 -m mem -s 3
rtcwake: assuming RTC uses UTC ...
rtcwake: wakeup from "mem" using /dev/rtc1 at Thu Jan  1 00:01:09 1970
[   24.669674] PM: Syncing filesystems ... done.
[   24.690393] Freezing user space processes ... (elapsed 0.001 seconds) done.
[   24.691856] Freezing remaining freezable tasks ... (elapsed 0.001 seconds) done.
[   24.693343] Suspending console(s) (use no_console_suspend to debug)
[   24.765573] pci_generic_config_write32: 65 callbacks suppressed
[   24.765616] pci_bus 0000:00: 2-byte config write to 0000:00:01.0 offset 0x9c may corrupt adjacent RW1C bits
[   24.777916] PM: suspend of devices complete after 40.543 msecs
[   24.781767] PM: late suspend of devices complete after 3.819 msecs
[   24.784739] pci_bus 0000:01: 2-byte config write to 0000:01:00.0 offset 0x44 may corrupt adjacent RW1C bits
[   24.784799] pci_bus 0000:01: 2-byte config write to 0000:01:00.0 offset 0x44 may corrupt adjacent RW1C bits
[   24.810622] PM: noirq suspend of devices complete after 28.824 msecs
[   24.810634] Disabling non-boot CPUs ...
[   24.810642] Entering suspend state LP1
[   24.810642] Suspended for 3.169 seconds
[   24.812667] pci_bus 0000:00: 2-byte config write to 0000:00:01.0 offset 0x4c may corrupt adjacent RW1C bits
[   24.812713] pci_bus 0000:00: 2-byte config write to 0000:00:01.0 offset 0x88 may corrupt adjacent RW1C bits
[   24.812745] pci_bus 0000:00: 2-byte config write to 0000:00:01.0 offset 0x90 may corrupt adjacent RW1C bits
[   24.812774] pci_bus 0000:00: 2-byte config write to 0000:00:01.0 offset 0x98 may corrupt adjacent RW1C bits
[   24.812802] pci_bus 0000:00: 2-byte config write to 0000:00:01.0 offset 0x9c may corrupt adjacent RW1C bits
[   24.812885] pci_bus 0000:00: 2-byte config write to 0000:00:01.0 offset 0x52 may corrupt adjacent RW1C bits
[   24.812919] pci_bus 0000:00: 2-byte config write to 0000:00:01.0 offset 0x52 may corrupt adjacent RW1C bits
[   24.812990] pcieport 0000:00:01.0: nv_msi_ht_cap_quirk didn't locate host bridge
[   24.840174] PM: noirq resume of devices complete after 29.415 msecs
[   24.844532] PM: early resume of devices complete after 3.391 msecs
[   25.391519] PM: resume of devices complete after 546.955 msecs
[   25.551856] Restarting tasks ... done.
root@(none):/# 
root@(none):/# NVTB SYSTEM SUSPEND TEST COMPLETE
