

U-Boot 2011.03 (Jun 11 2013 - 06:07:37)

T114
Board: NVIDIA Dalmore
DRAM:  2 GiB
MMC:   Tegra2 SD/MMC: 0, Tegra2 SD/MMC: 1
In:    serial
Out:   serial
Err:   serial
Net:   Net Initialization Skipped
No ethernet found.
Hit any key to stop autoboot:  2  0 
Dalmore #
Dalmore #usb reset
(Re)start USB...
USB:   Register 10011 NbrPorts 1
USB EHCI 1.10
scanning bus for devices... 2 USB Device(s) found
       scanning bus for storage devices... 0 Storage Device(s) found
       scanning bus for ethernet devices... 1 Ethernet Device(s) found
Dalmore #setenv bootargs 'ignore_loglevel console=ttyS0,115200n8 rw root=/dev/mmcblk0p1 rootwait gpt debug init=/bin/bash'
Dalmore #setenv ipaddr 192.168.100.100; setenv serverip 192.168.100.1; setenv tftpserverip 192.168.100.1
Dalmore #tftpboot 0x81000000 zImage.tegra_defconfig
Waiting for Ethernet connection... done.
Using asx0 device
TFTP from server 192.168.100.1; our IP address is 192.168.100.100
Filename 'zImage.tegra_defconfig'.
Load address: 0x81000000
Loading: *#################################################  2.9 MiB/s
done
Bytes transferred = 4157360 (3f6fb0 hex)
Dalmore #tftpboot 0x82000000 tegra114-dalmore.dtb
Using asx0 device
TFTP from server 192.168.100.1; our IP address is 192.168.100.100
Filename 'tegra114-dalmore.dtb'.
Load address: 0x82000000
Loading: *#################################################  2.6 MiB/s
done
Bytes transferred = 29436 (72fc hex)
Dalmore #bootz 0x81000000 - 0x82000000
## Flattened Device Tree blob at 82000000
   Booting using the fdt blob at 0x82000000
   Loading Device Tree to 81ff5000, end 81fff2fb ... OK

Starting kernel ...

Timer summary in microseconds:
       Mark    Elapsed  Stage
          0          0  awake
  2,124,963  2,124,963  usb_start
  6,128,180  4,003,217  eth_start
  6,128,178         -2  tftp start
  9,942,210  3,814,032  tftp done
 12,140,750  2,198,540  start_kernel
Uncompressing Linux... done, booting the kernel.
[    0.000000] Booting Linux on physical CPU 0x0
[    0.000000] Initializing cgroup subsys cpu
[    0.000000] Initializing cgroup subsys cpuacct
[    0.000000] Linux version 3.13.0-rc1-next-20131126-25977-g7e34d79 (pwalmsley@tamien) (gcc version 4.7.3 20130328 (prerelease) (crosstool-NG linaro-1.13.1-4.7-2013.04-20130415 - Linaro GCC 2013.04) ) #1 SMP PREEMPT Mon Nov 25 20:18:48 PST 2013
[    0.000000] CPU: ARMv7 Processor [412fc0f2] revision 2 (ARMv7), cr=10c5387d
[    0.000000] CPU: PIPT / VIPT nonaliasing data cache, PIPT instruction cache
[    0.000000] Machine model: NVIDIA Tegra114 Dalmore evaluation board
[    0.000000] debug: ignoring loglevel setting.
[    0.000000] cma: CMA: reserved 16 MiB at ae800000
[    0.000000] Memory policy: Data cache writealloc
[    0.000000] On node 0 totalpages: 524032
[    0.000000] free_area_init_node: node 0, pgdat c07e7b40, node_mem_map c0841000
[    0.000000]   Normal zone: 1520 pages used for memmap
[    0.000000]   Normal zone: 0 pages reserved
[    0.000000]   Normal zone: 194560 pages, LIFO batch:31
[    0.000000]   HighMem zone: 2574 pages used for memmap
[    0.000000]   HighMem zone: 329472 pages, LIFO batch:31
[    0.000000] Tegra Revision: A01 SKU: 0 CPU Process: 1 Core Process: 1
[    0.000000] PERCPU: Embedded 8 pages/cpu @c1859000 s9088 r8192 d15488 u32768
[    0.000000] pcpu-alloc: s9088 r8192 d15488 u32768 alloc=8*4096
[    0.000000] pcpu-alloc: [0] 0 [0] 1 [0] 2 [0] 3 
[    0.000000] Built 1 zonelists in Zone order, mobility grouping on.  Total pages: 522512
[    0.000000] Kernel command line: ignore_loglevel console=ttyS0,115200n8 rw root=/dev/mmcblk0p1 rootwait gpt debug init=/bin/bash
[    0.000000] PID hash table entries: 4096 (order: 2, 16384 bytes)
[    0.000000] Dentry cache hash table entries: 131072 (order: 7, 524288 bytes)
[    0.000000] Inode-cache hash table entries: 65536 (order: 6, 262144 bytes)
[    0.000000] Memory: 2053804K/2096128K available (5647K kernel code, 308K rwdata, 1860K rodata, 244K init, 347K bss, 42324K reserved, 1317888K highmem)
[    0.000000] Virtual kernel memory layout:
[    0.000000]     vector  : 0xffff0000 - 0xffff1000   (   4 kB)
[    0.000000]     fixmap  : 0xfff00000 - 0xfffe0000   ( 896 kB)
[    0.000000]     vmalloc : 0xf0000000 - 0xff000000   ( 240 MB)
[    0.000000]     lowmem  : 0xc0000000 - 0xef800000   ( 760 MB)
[    0.000000]     pkmap   : 0xbfe00000 - 0xc0000000   (   2 MB)
[    0.000000]     modules : 0xbf000000 - 0xbfe00000   (  14 MB)
[    0.000000]       .text : 0xc0008000 - 0xc075d304   (7509 kB)
[    0.000000]       .init : 0xc075e000 - 0xc079b380   ( 245 kB)
[    0.000000]       .data : 0xc079c000 - 0xc07e92a0   ( 309 kB)
[    0.000000]        .bss : 0xc07e92ac - 0xc0840030   ( 348 kB)
[    0.000000] Preemptible hierarchical RCU implementation.
[    0.000000] NR_IRQS:16 nr_irqs:16 16
[    0.000000] sched_clock: 32 bits at 1000kHz, resolution 1000ns, wraps every 2147483648000ns
[    0.000000] Architected cp15 timer(s) running at 12.00MHz (virt).
[    0.000000] sched_clock: 56 bits at 12MHz, resolution 83ns, wraps every 2863311536128ns
[    0.000000] Switching to timer-based delay loop
[    0.000000] Console: colour dummy device 80x30
[    0.000479] Calibrating delay loop (skipped), value calculated using timer frequency.. 24.00 BogoMIPS (lpj=120000)
[    0.000495] pid_max: default: 32768 minimum: 301
[    0.000921] Mount-cache hash table entries: 512
[    0.019459] Initializing cgroup subsys debug
[    0.019477] Initializing cgroup subsys freezer
[    0.019544] CPU: Testing write buffer coherency: ok
[    0.019900] /cpus/cpu@0 missing clock-frequency property
[    0.019924] /cpus/cpu@1 missing clock-frequency property
[    0.019945] /cpus/cpu@2 missing clock-frequency property
[    0.019969] /cpus/cpu@3 missing clock-frequency property
[    0.019982] CPU0: thread -1, cpu 0, socket 0, mpidr 80000000
[    0.020009] Setting up static identity map for 0x8055a298 - 0x8055a330
[    0.080742] CPU1: Booted secondary processor
[    0.080771] CPU1: thread -1, cpu 1, socket 0, mpidr 80000001
[    0.100758] CPU2: Booted secondary processor
[    0.100783] CPU2: thread -1, cpu 2, socket 0, mpidr 80000002
[    0.120762] CPU3: Booted secondary processor
[    0.120788] CPU3: thread -1, cpu 3, socket 0, mpidr 80000003
[    0.120966] Brought up 4 CPUs
[    0.120992] SMP: Total of 4 processors activated.
[    0.121000] CPU: All CPU(s) started in SVC mode.
[    0.122025] devtmpfs: initialized
[    0.134824] VFP support v0.3: implementor 41 architecture 4 part 30 variant f rev 0
[    0.135246] pinctrl core: initialized pinctrl subsystem
[    0.135765] regulator-dummy: no parameters
[    0.136555] NET: Registered protocol family 16
[    0.137917] DMA: preallocated 256 KiB pool for atomic coherent allocations
[    0.138686] cpuidle: using governor ladder
[    0.138697] cpuidle: using governor menu
[    0.150220] No ATAGs?
[    0.150250] hw-breakpoint: found 5 (+1 reserved) breakpoint and 4 watchpoint registers.
[    0.150261] hw-breakpoint: maximum watchpoint size is 8 bytes.
[    0.161441] bio: create slab <bio-0> at 0
[    0.162894] vdd_ac_bat: 5000 mV 
[    0.163225] dvdd_ts: Failed to request enable GPIO61: -517
[    0.163384] reg-fixed-voltage 1.regulator: Failed to register regulator: -517
[    0.163409] platform 1.regulator: Driver reg-fixed-voltage requests probe deferral
[    0.163609] lcd_bl_en: Failed to request enable GPIO58: -517
[    0.163754] reg-fixed-voltage 2.regulator: Failed to register regulator: -517
[    0.163777] platform 2.regulator: Driver reg-fixed-voltage requests probe deferral
[    0.163976] usb1_vbus: Failed to request enable GPIO108: -517
[    0.164119] reg-fixed-voltage 3.regulator: Failed to register regulator: -517
[    0.164142] platform 3.regulator: Driver reg-fixed-voltage requests probe deferral
[    0.164338] usb2_vbus: Failed to request enable GPIO86: -517
[    0.164480] reg-fixed-voltage 4.regulator: Failed to register regulator: -517
[    0.164503] platform 4.regulator: Driver reg-fixed-voltage requests probe deferral
[    0.164699] vdd_hdmi_5v0: Failed to request enable GPIO81: -517
[    0.164840] reg-fixed-voltage 5.regulator: Failed to register regulator: -517
[    0.164863] platform 5.regulator: Driver reg-fixed-voltage requests probe deferral
[    0.164941] platform 6.regulator: Driver reg-fixed-voltage requests probe deferral
[    0.165954] vgaarb: loaded
[    0.167014] SCSI subsystem initialized
[    0.167391] usbcore: registered new interface driver usbfs
[    0.167488] usbcore: registered new interface driver hub
[    0.167640] usbcore: registered new device driver usb
[    0.171919] vdd-cpu: 500 <--> 1520 mV at 1100 mV 
[    0.172542] tps65090 1-0048: No cache defaults, reading back from HW
[    0.178929] vdd-sys-5v0: no parameters
[    0.178980] vdd-sys-5v0: supplied by vdd_ac_bat
[    0.180432] vdd-sys-3v3: no parameters
[    0.180471] vdd-sys-3v3: supplied by vdd_ac_bat
[    0.181894] vdd-ao: no parameters
[    0.181931] vdd-ao: supplied by vdd_ac_bat
[    0.182197] vdd-lcd-bl: no parameters
[    0.182235] vdd-lcd-bl: supplied by vdd_ac_bat
[    0.182488] TPS65090_RAILSFET2: no parameters
[    0.182525] TPS65090_RAILSFET2: supplied by vdd_ac_bat
[    0.182770] vdd-modem-3v3: no parameters
[    0.182804] vdd-modem-3v3: supplied by vdd-sys-3v3
[    0.183056] avdd-lcd: no parameters
[    0.183091] avdd-lcd: supplied by vdd-sys-3v3
[    0.183336] vdd-lvds: no parameters
[    0.183369] vdd-lvds: supplied by vdd-sys-3v3
[    0.183633] vdd-sd-slot: no parameters
[    0.183666] vdd-sd-slot: supplied by vdd-sys-3v3
[    0.183920] vdd-com-3v3: no parameters
[    0.183954] vdd-com-3v3: supplied by vdd-sys-3v3
[    0.184208] vdd-sby-5v0: no parameters
[    0.184242] vdd-sby-5v0: supplied by vdd_ac_bat
[    0.184486] vdd-sby-3v3: no parameters
[    0.184519] vdd-sby-3v3: supplied by vdd_ac_bat
[    0.184885] genirq: Setting trigger mode 8 for irq 118 failed (gic_set_type+0x0/0xf0)
[    0.185312] palmas 1-0058: Irq flag is 0x00000000
[    0.199645] palmas 1-0058: Muxing GPIO ff, PWM 0, LED 0
[    0.208636] vddio-ddr: 1350 mV 
[    0.209483] vddio-ddr: supplied by vdd-ao
[    0.216470] vddio-1v8: 1800 mV 
[    0.217314] vddio-1v8: supplied by vdd-ao
[    0.224279] vdd-core: 900 <--> 1400 mV at 1100 mV 
[    0.225124] vdd-core: supplied by vdd-sys-3v3
[    0.229323] SMPS6: no parameters
[    0.237063] avdd-pll: 1050 mV 
[    0.237909] avdd-pll: supplied by vdd-sys-3v3
[    0.246237] sdhci-vdd-sd-slot: 2800 mV 
[    0.247081] sdhci-vdd-sd-slot: supplied by vdd-sys-3v3
[    0.248918] SMPS10_OUT2: at 5000 mV 
[    0.250746] SMPS10_OUT1: at 5000 mV 
[    0.253374] avdd-cam1: 2800 mV 
[    0.254214] avdd-cam1: supplied by vdd-sys-3v3
[    0.258238] avdd-cam2: 2800 mV 
[    0.259078] avdd-cam2: supplied by vdd-sys-3v3
[    0.263864] avdd-dsi-csi: 1200 mV 
[    0.264706] avdd-dsi-csi: supplied by vddio-1v8
[    0.269511] vpp-fuse: 1800 mV 
[    0.270353] vpp-fuse: supplied by vdd-sys-3v3
[    0.273570] LDO5: at 1200 mV 
[    0.274415] LDO5: supplied by vdd_ac_bat
[    0.277048] vdd-sensor-2v85: 2850 mV 
[    0.277887] vdd-sensor-2v85: supplied by vdd-sys-3v3
[    0.281923] vdd-af-cam1: 2800 mV 
[    0.282763] vdd-af-cam1: supplied by vdd-sys-3v3
[    0.290891] vdd-rtc: 900 mV 
[    0.291732] vdd-rtc: supplied by vdd-ao
[    0.295749] vddio-sdmmc-2: 1800 <--> 3300 mV at 3300 mV 
[    0.296589] vddio-sdmmc-2: supplied by sdhci-vdd-sd-slot
[    0.301388] hvdd-usb: 3300 mV 
[    0.302230] hvdd-usb: supplied by vdd-sys-5v0
[    0.307024] avdd-usb: 3300 mV 
[    0.307865] avdd-usb: supplied by vdd-sys-5v0
[    0.311175] rail-3v3: no parameters
[    0.313551] rail-5v0: no parameters
[    0.315157] REGEN3: no parameters
[    0.315349] SYSEN1: no parameters
[    0.315538] SYSEN2: no parameters
[    0.316171] Linux video capture interface: v2.00
[    0.316875] platform 70019010.iommu: Driver tegra-smmu requests probe deferral
[    0.317182] Advanced Linux Sound Architecture Driver Initialized.
[    0.317904] Bluetooth: Core ver 2.17
[    0.317973] NET: Registered protocol family 31
[    0.317982] Bluetooth: HCI device and connection manager initialized
[    0.318007] Bluetooth: HCI socket layer initialized
[    0.318029] Bluetooth: L2CAP socket layer initialized
[    0.318064] Bluetooth: SCO socket layer initialized
[    0.318645] cfg80211: Calling CRDA to update world regulatory domain
[    0.319663] Switched to clocksource arch_sys_counter
[    0.333955] NET: Registered protocol family 2
[    0.334872] TCP established hash table entries: 8192 (order: 3, 32768 bytes)
[    0.334976] TCP bind hash table entries: 8192 (order: 4, 65536 bytes)
[    0.335163] TCP: Hash tables configured (established 8192 bind 8192)
[    0.335577] TCP: reno registered
[    0.335593] UDP hash table entries: 512 (order: 2, 16384 bytes)
[    0.335635] UDP-Lite hash table entries: 512 (order: 2, 16384 bytes)
[    0.336059] NET: Registered protocol family 1
[    0.336780] RPC: Registered named UNIX socket transport module.
[    0.336791] RPC: Registered udp transport module.
[    0.336798] RPC: Registered tcp transport module.
[    0.336806] RPC: Registered tcp NFSv4.1 backchannel transport module.
[    0.336820] PCI: CLS 0 bytes, default 64
[    0.340965] bounce pool size: 64 pages
[    0.342638] squashfs: version 4.0 (2009/01/31) Phillip Lougher
[    0.343401] msgmni has been set to 1469
[    0.345104] io scheduler noop registered (default)
[    0.368574] tegra-apbdma 6000a000.dma: Tegra20 APB DMA driver register 32 channels
[    0.369121] Serial: 8250/16550 driver, 4 ports, IRQ sharing disabled
[    0.371246] 70006300.serial: ttyS0 at MMIO 0x70006300 (irq = 122, base_baud = 25500000) is a Tegra
[    1.406040] console [ttyS0] enabled
[    1.410601] [drm] Initialized drm 1.1.0 20060810
[    1.421327] loop: module loaded
[    1.427385] m25p80 spi32766.0: w25q32dw (4096 Kbytes)
[    1.434303] pegasus: v0.9.3 (2013/04/25), Pegasus/Pegasus II USB Ethernet driver
[    1.441793] usbcore: registered new interface driver pegasus
[    1.447528] usbcore: registered new interface driver asix
[    1.453011] usbcore: registered new interface driver ax88179_178a
[    1.459159] usbcore: registered new interface driver cdc_ether
[    1.465070] usbcore: registered new interface driver r815x
[    1.470649] usbcore: registered new interface driver smsc75xx
[    1.476472] usbcore: registered new interface driver smsc95xx
[    1.482294] usbcore: registered new interface driver net1080
[    1.488024] usbcore: registered new interface driver cdc_subset
[    1.494013] usbcore: registered new interface driver zaurus
[    1.499694] usbcore: registered new interface driver cdc_ncm
[    1.505382] ehci_hcd: USB 2.0 'Enhanced' Host Controller (EHCI) Driver
[    1.511912] ehci-pci: EHCI PCI platform driver
[    1.516416] tegra-ehci: Tegra EHCI driver
[    1.520621] platform 7d008000.usb: Driver tegra-ehci requests probe deferral
[    1.527928] usbcore: registered new interface driver cdc_acm
[    1.533594] cdc_acm: USB Abstract Control Model driver for USB modems and ISDN adapters
[    1.541681] usbcore: registered new interface driver cdc_wdm
[    1.547496] usbcore: registered new interface driver usb-storage
[    1.553733] platform 7d008000.usb-phy: Driver tegra-phy requests probe deferral
[    1.561587] mousedev: PS/2 mouse device common for all mice
[    1.579231] palmas-rtc rtc.7: rtc core: registered rtc.7 as rtc0
[    1.589637] tegra_rtc 7000e000.rtc: rtc core: registered 7000e000.rtc as rtc1
[    1.596808] tegra_rtc 7000e000.rtc: Tegra internal Real Time Clock
[    1.604397] sbs-battery 0-000b: sbs_probe: Failed to get device status
[    1.610946] sbs-battery: probe of 0-000b failed with error -121
[    1.635148] sdhci: Secure Digital Host Controller Interface driver
[    1.641351] sdhci: Copyright(c) Pierre Ossman
[    1.645711] sdhci-pltfm: SDHCI platform and OF driver helper
[    1.651806] sdhci-tegra 78000400.sdhci: Got CD GPIO #170.
[    1.658285] sdhci-tegra 78000400.sdhci: dummy supplies not allowed
[    1.664487] mmc0: no vqmmc regulator found
[    1.668599] sdhci-tegra 78000400.sdhci: dummy supplies not allowed
[    1.674794] mmc0: no vmmc regulator found
[    1.678808] mmc0: Invalid maximum block size, assuming 512 bytes
[    1.729689] mmc0: SDHCI controller on 78000400.sdhci [78000400.sdhci] using ADMA
[    1.739289] sdhci-tegra 78000600.sdhci: dummy supplies not allowed
[    1.745492] mmc1: no vqmmc regulator found
[    1.749607] sdhci-tegra 78000600.sdhci: dummy supplies not allowed
[    1.755802] mmc1: no vmmc regulator found
[    1.759832] mmc1: Invalid maximum block size, assuming 512 bytes
[    1.809686] mmc1: SDHCI controller on 78000600.sdhci [78000600.sdhci] using ADMA
[    1.817824] usbcore: registered new interface driver usbhid
[    1.825478] usbhid: USB HID core driver
[    1.942002] mmc1: BKOPS_EN bit is not set
[    1.972653] mmc1: new HS200 MMC card at address 0001
[    1.978149] isa bounce pool size: 16 pages
[    1.982470] mmcblk0: mmc1:0001 SEM32G 29.1 GiB 
[    1.987348] mmcblk0boot0: mmc1:0001 SEM32G partition 1 4.00 MiB
[    1.993660] mmcblk0boot1: mmc1:0001 SEM32G partition 2 4.00 MiB
[    1.999901] mmcblk0rpmb: mmc1:0001 SEM32G partition 3 4.00 MiB
[    2.008328] Primary GPT is invalid, using alternate GPT.
[    2.013709]  mmcblk0: p1 p2 p3 p4 p5
[    2.021030]  mmcblk0boot1: unknown partition table
[    2.027563]  mmcblk0boot0: unknown partition table
[    2.308029] tegra-snd-rt5640 sound.4: rt5640-aif1 <-> 70080400.i2s mapping ok
[    2.320345] input: NVIDIA Tegra Dalmore Headphones as /devices/soc0/sound.4/sound/card0/input0
[    2.330799] TCP: cubic registered
[    2.334415] NET: Registered protocol family 10
[    2.340434] mip6: Mobile IPv6
[    2.343463] sit: IPv6 over IPv4 tunneling driver
[    2.350042] NET: Registered protocol family 17
[    2.354575] NET: Registered protocol family 15
[    2.359163] Bluetooth: RFCOMM socket layer initialized
[    2.364391] Bluetooth: RFCOMM ver 1.11
[    2.368172] Bluetooth: BNEP (Ethernet Emulation) ver 1.3
[    2.373559] Bluetooth: BNEP socket layer initialized
[    2.378540] Bluetooth: HIDP (Human Interface Emulation) ver 1.2
[    2.384533] Bluetooth: HIDP socket layer initialized
[    2.390232] Registering SWP/SWPB emulation handler
[    2.399822] hvdd-usb: disabling
[    2.405801] vdd-af-cam1: disabling
[    2.412120] LDO5: disabling
[    2.417751] vpp-fuse: disabling
[    2.423614] avdd-cam2: disabling
[    2.429577] avdd-cam1: disabling
[    2.436670] vdd-com-3v3: disabling
[    2.440693] vdd-lvds: disabling
[    2.444436] avdd-lcd: disabling
[    2.448222] vdd-lcd-bl: disabling
[    2.453562] dvdd_ts: 1800 mV 
[    2.457137] lcd_bl_en: 5000 mV 
[    2.461041] usb1_vbus: 5000 mV 
[    2.464389] usb1_vbus: supplied by vdd-sys-5v0
[    2.469461] usb2_vbus: 5000 mV 
[    2.472798] usb2_vbus: supplied by vdd-sys-5v0
[    2.477869] vdd_hdmi_5v0: 5000 mV 
[    2.481470] vdd_hdmi_5v0: supplied by vdd-sys-5v0
[    2.489458] vdd_cam_1v8_reg: 1800 mV 
[    2.494132] platform 7d008000.usb: Driver tegra-ehci requests probe deferral
[    2.502445] tegra-ehci 7d008000.usb: EHCI Host Controller
[    2.507968] tegra-ehci 7d008000.usb: new USB bus registered, assigned bus number 1
[    2.516887] tegra-ehci 7d008000.usb: irq 129, io mem 0x7d008000
[    2.539759] tegra-ehci 7d008000.usb: USB 2.0 started, EHCI 1.10
[    2.547178] hub 1-0:1.0: USB hub found
[    2.551209] hub 1-0:1.0: 1 port detected
[    2.556944] input: gpio-keys.2 as /devices/soc0/gpio-keys.2/input/input1
[    2.568219] palmas-rtc rtc.7: setting system clock to 2000-02-20 06:44:42 UTC (951029082)
[    2.590970] ALSA device list:
[    2.593983]   #0: NVIDIA Tegra Dalmore
[    2.608910] kjournald starting.  Commit interval 5 seconds
[    2.610519] EXT3-fs (mmcblk0p1): using internal journal
[    2.610535] EXT3-fs (mmcblk0p1): recovery complete
[    2.610539] EXT3-fs (mmcblk0p1): mounted filesystem with writeback data mode
[    2.610612] VFS: Mounted root (ext3 filesystem) on device 179:1.
[    2.611744] devtmpfs: mounted
[    2.612030] Freeing unused kernel memory: 244K (c075e000 - c079b000)
bash: cannot set terminal process group (-1): Inappropriate ioctl for device
bash: no job control in this shell
I have no name!@(none):/# [    2.879854] usb 1-1: new high-speed USB device number 2 using tegra-ehci
