Diff for ./qemu-vexpress64/__internal/defconfig_log.txt
--- /tmp/fooa	2017-06-08 00:55:26.044394638 -0700
+++ /tmp/foob	2017-06-08 00:55:26.048394654 -0700
@@ -1,5 +1,5 @@
 Booting Linux on physical CPU 0x0
-Linux version 4.12.0-rc4-next-20170607-295456-g8d1b80c (jonathanh@tamien) (gcc version 4.9.2 20140904 (prerelease) (crosstool-NG linaro-1.13.1-4.9-2014.09 - Linaro GCC 4.9-2014.09) ) #1 SMP PREEMPT Tue Jun 6 23:40:43 PDT 2017
+Linux version 4.12.0-rc4-next-20170608-295668-ge4689b9 (jonathanh@tamien) (gcc version 4.9.2 20140904 (prerelease) (crosstool-NG linaro-1.13.1-4.9-2014.09 - Linaro GCC 4.9-2014.09) ) #1 SMP PREEMPT Thu Jun 8 00:53:34 PDT 2017
 Boot CPU: AArch64 Processor [411fd070]
 Machine model: linux,dummy-virt
 Memory limited to 1024MB
@@ -116,7 +116,7 @@
 RPC: Registered tcp NFSv4.1 backchannel transport module.
 kvm [1]: HYP mode not available
 audit: initializing netlink subsys (disabled)
-audit: type=2000 audit(0.691:1): state=initialized audit_enabled=0 res=1
+audit: type=2000 audit(0.702:1): state=initialized audit_enabled=0 res=1
 workingset: timestamp_bits=44 max_order=18 bucket_order=0
 squashfs: version 4.0 (2009/01/31) Phillip Lougher
 NFS: Registering the id_resolver key type
@@ -183,7 +183,7 @@
 Key type dns_resolver registered
 registered taskstats version 1
 input: gpio-keys as /devices/platform/gpio-keys/input/input0
-rtc-pl031 9010000.pl031: setting system clock to 2017-06-07 06:41:30 UTC (1496817690)
+rtc-pl031 9010000.pl031: setting system clock to 2017-06-08 07:54:22 UTC (1496908462)
 ALSA device list:
   No soundcards found.
 uart-pl011 9000000.pl011: no DMA platform data
Diff for ./tegra114-dalmore-a04/tegra114-dalmore/multi_v7_defconfig_log.txt
--- /tmp/fooa	2017-06-08 00:55:26.060394705 -0700
+++ /tmp/foob	2017-06-08 00:55:26.064394721 -0700
@@ -40,20 +40,20 @@
 	 #################################################################
 	 #################################################################
 	 #####################
-	 3.1 MiB/s
+	 3.2 MiB/s
 done
-Bytes transferred = 7937840 (791f30 hex)
+Bytes transferred = 7939032 (7923d8 hex)
 Tegra114 (Dalmore) # tftpboot 0x82000000 tegra114-dalmore.dtb
 Using asx0 device
 TFTP from server 192.168.100.1; our IP address is 192.168.100.100
 Filename 'tegra114-dalmore.dtb'.
 Load address: 0x82000000
 Loading: *###
-	 3 MiB/s
+	 3.3 MiB/s
 done
 Bytes transferred = 35044 (88e4 hex)
 Tegra114 (Dalmore) # bootz 0x81000000 - 0x82000000
-Kernel image @ 0x81000000 [ 0x000000 - 0x791f30 ]
+Kernel image @ 0x81000000 [ 0x000000 - 0x7923d8 ]
 ## Flattened Device Tree blob at 82000000
    Booting using the fdt blob at 0x82000000
    Loading Device Tree to 8fff4000, end 8ffff8e3 ... OK
@@ -61,7 +61,7 @@
 Starting kernel ...
 
 Booting Linux on physical CPU 0x0
-Linux version 4.12.0-rc4-next-20170607-177215-g8d1b80c (jonathanh@sellafield) (gcc version 4.7.3 20130328 (prerelease) (crosstool-NG linaro-1.13.1-4.7-2013.04-20130415 - Linaro GCC 2013.04) ) #1 SMP Tue Jun 6 23:35:57 PDT 2017
+Linux version 4.12.0-rc4-next-20170608-177427-ge4689b9 (jonathanh@sellafield) (gcc version 4.7.3 20130328 (prerelease) (crosstool-NG linaro-1.13.1-4.7-2013.04-20130415 - Linaro GCC 2013.04) ) #1 SMP Thu Jun 8 00:49:22 PDT 2017
 CPU: ARMv7 Processor [412fc0f2] revision 2 (ARMv7), cr=10c5387d
 CPU: div instructions available: patching division code
 CPU: PIPT / VIPT nonaliasing data cache, PIPT instruction cache
@@ -330,7 +330,7 @@
 hub 1-0:1.0: USB hub found
 hub 1-0:1.0: 1 port detected
 input: gpio-keys as /devices/soc0/gpio-keys/input/input0
-palmas-rtc 7000d000.i2c:tps65913@58:rtc: setting system clock to 2001-03-31 18:13:07 UTC (986062387)
+palmas-rtc 7000d000.i2c:tps65913@58:rtc: setting system clock to 2001-04-01 19:26:33 UTC (986153193)
 vdd_hdmi_5v0: disabling
 dvdd_ts: disabling
 usb1_vbus: disabling
@@ -344,4 +344,4 @@
 Freeing unused kernel memory: 2048K
 bash: cannot set terminal process group (-1): Inappropriate ioctl for device
 bash: no job control in this shell
-root@(none):/# [    2.449048] usb 1-1: new high-speed USB device number 2 using tegra-ehci
+root@(none):/# [    2.449108] usb 1-1: new high-speed USB device number 2 using tegra-ehci
Diff for ./tegra114-dalmore-a04/tegra114-dalmore/tegra_defconfig_log.txt
--- /tmp/fooa	2017-06-08 00:55:26.068394739 -0700
+++ /tmp/foob	2017-06-08 00:55:26.072394756 -0700
@@ -40,18 +40,18 @@
 	 ###########################
 	 3.2 MiB/s
 done
-Bytes transferred = 6110184 (5d3be8 hex)
+Bytes transferred = 6109928 (5d3ae8 hex)
 Tegra114 (Dalmore) # tftpboot 0x82000000 tegra114-dalmore.dtb
 Using asx0 device
 TFTP from server 192.168.100.1; our IP address is 192.168.100.100
 Filename 'tegra114-dalmore.dtb'.
 Load address: 0x82000000
 Loading: *###
-	 2.8 MiB/s
+	 698.2 KiB/s
 done
 Bytes transferred = 35044 (88e4 hex)
 Tegra114 (Dalmore) # bootz 0x81000000 - 0x82000000
-Kernel image @ 0x81000000 [ 0x000000 - 0x5d3be8 ]
+Kernel image @ 0x81000000 [ 0x000000 - 0x5d3ae8 ]
 ## Flattened Device Tree blob at 82000000
    Booting using the fdt blob at 0x82000000
    Loading Device Tree to 8fff4000, end 8ffff8e3 ... OK
@@ -60,7 +60,7 @@
 
 Uncompressing Linux... done, booting the kernel.
 Booting Linux on physical CPU 0x0
-Linux version 4.12.0-rc4-next-20170607-177215-g8d1b80c (jonathanh@kaivo) (gcc version 4.7.3 20130328 (prerelease) (crosstool-NG linaro-1.13.1-4.7-2013.04-20130415 - Linaro GCC 2013.04) ) #1 SMP PREEMPT Tue Jun 6 23:35:56 PDT 2017
+Linux version 4.12.0-rc4-next-20170608-177427-ge4689b9 (jonathanh@kaivo) (gcc version 4.7.3 20130328 (prerelease) (crosstool-NG linaro-1.13.1-4.7-2013.04-20130415 - Linaro GCC 2013.04) ) #1 SMP PREEMPT Thu Jun 8 00:49:28 PDT 2017
 CPU: ARMv7 Processor [412fc0f2] revision 2 (ARMv7), cr=10c5387d
 CPU: div instructions available: patching division code
 CPU: PIPT / VIPT nonaliasing data cache, PIPT instruction cache
@@ -322,7 +322,7 @@
 hub 1-0:1.0: USB hub found
 hub 1-0:1.0: 1 port detected
 input: gpio-keys as /devices/soc0/gpio-keys/input/input1
-palmas-rtc 7000d000.i2c:tps65913@58:rtc: setting system clock to 2001-03-31 18:15:49 UTC (986062549)
+palmas-rtc 7000d000.i2c:tps65913@58:rtc: setting system clock to 2001-04-01 19:29:11 UTC (986153351)
 vdd_hdmi_5v0: disabling
 dvdd_ts: disabling
 usb1_vbus: disabling
@@ -338,4 +338,4 @@
 Freeing unused kernel memory: 1024K
 bash: cannot set terminal process group (-1): Inappropriate ioctl for device
 bash: no job control in this shell
-root@(none):/# [    2.658657] usb 1-1: new high-speed USB device number 2 using tegra-ehci
+root@(none):/# [    2.658898] usb 1-1: new high-speed USB device number 2 using tegra-ehci
Diff for ./tegra124-jetson-tk1/tegra124-jetson-tk1/multi_v7_defconfig_log.txt
--- /tmp/fooa	2017-06-08 00:55:26.076394773 -0700
+++ /tmp/foob	2017-06-08 00:55:26.080394790 -0700
@@ -9,7 +9,7 @@
 Model: NVIDIA Jetson TK1
 Board: NVIDIA Jetson TK1
 DRAM:  2 GiB
-MC:   Tegra SD/MMC: 0, Tegra SD/MMC: 1
+MMC:   Tegra SD/MMC: 0, Tegra SD/MMC: 1
 In:    serial
 Out:   serial
 Err:   serial
@@ -35,9 +35,9 @@
 	 #################################################################
 	 #################################################################
 	 #####################
-	 4 MiB/s
+	 3.9 MiB/s
 done
-Bytes transferred = 7937840 (791f30 hex)
+Bytes transferred = 7939032 (7923d8 hex)
 Tegra124 (Jetson TK1) # tftpboot 0x83000000 tegra124-jetson-tk1.dtb
 Using eth_rtl8169 device
 TFTP from server 192.168.100.1; our IP address is 192.168.100.102
@@ -48,7 +48,7 @@
 done
 Bytes transferred = 67133 (1063d hex)
 Tegra124 (Jetson TK1) # bootz 0x82000000 - 0x83000000
-Kernel image @ 0x82000000 [ 0x000000 - 0x791f30 ]
+Kernel image @ 0x82000000 [ 0x000000 - 0x7923d8 ]
 ## Flattened Device Tree blob at 83000000
    Booting using the fdt blob at 0x83000000
    Using Device Tree in place at 83000000, end 8301363c
@@ -56,7 +56,7 @@
 Starting kernel ...
 
 Booting Linux on physical CPU 0x0
-Linux version 4.12.0-rc4-next-20170607-177215-g8d1b80c (jonathanh@sellafield) (gcc version 4.7.3 20130328 (prerelease) (crosstool-NG linaro-1.13.1-4.7-2013.04-20130415 - Linaro GCC 2013.04) ) #1 SMP Tue Jun 6 23:35:57 PDT 2017
+Linux version 4.12.0-rc4-next-20170608-177427-ge4689b9 (jonathanh@sellafield) (gcc version 4.7.3 20130328 (prerelease) (crosstool-NG linaro-1.13.1-4.7-2013.04-20130415 - Linaro GCC 2013.04) ) #1 SMP Thu Jun 8 00:49:22 PDT 2017
 CPU: ARMv7 Processor [413fc0f3] revision 3 (ARMv7), cr=10c5387d
 CPU: div instructions available: patching division code
 CPU: PIPT / VIPT nonaliasing data cache, PIPT instruction cache
@@ -233,7 +233,7 @@
 as3722-ldo5: supplied by +1.8V_VDDIO
 WARNING: CPU: 0 PID: 0 at kernel/time/tick-sched.c:774 __tick_nohz_idle_enter+0x2f0/0x500
 Modules linked in:
-CPU: 0 PID: 0 Comm: swapper/0 Not tainted 4.12.0-rc4-next-20170607-177215-g8d1b80c #1
+CPU: 0 PID: 0 Comm: swapper/0 Not tainted 4.12.0-rc4-next-20170608-177427-ge4689b9 #1
 Hardware name: NVIDIA Tegra SoC (Flattened Device Tree)
 [<c0310770>] (unwind_backtrace) from [<c030b8ac>] (show_stack+0x10/0x14)
 [<c030b8ac>] (show_stack) from [<c0604f78>] (dump_stack+0x84/0xa4)
@@ -244,17 +244,17 @@
 [<c0348af0>] (irq_exit) from [<c038a688>] (__handle_domain_irq+0x58/0xb4)
 [<c038a688>] (__handle_domain_irq) from [<c0301754>] (gic_handle_irq+0x50/0x9c)
 [<c0301754>] (gic_handle_irq) from [<c030c44c>] (__irq_svc+0x6c/0x90)
-Exception stack(0xc1401f30 to 0xc1401f78)
-1f20:                                     00000000 c1585b0c 00000000 c158278c
-1f40: 60000013 2dc43000 00000000 c1403cdc c14401b4 00000000 00000001 00000000
-1f60: c1343470 c1401f80 c039870c c039a20c 60000013 ffffffff
-[<c030c44c>] (__irq_svc) from [<c039a20c>] (rcu_idle_exit+0x5c/0x64)
-[<c039a20c>] (rcu_idle_exit) from [<c037b018>] (do_idle+0x13c/0x200)
-[<c037b018>] (do_idle) from [<c037b334>] (cpu_startup_entry+0x18/0x1c)
+Exception stack(0xc1401f38 to 0xc1401f80)
+1f20:                                                       00000001 00000000
+1f40: c1401f90 c031c0e0 c1403cd0 c1403c74 c1347258 c1403cdc c14401b4 00000000
+1f60: 00000001 00000000 c1585b0c c1401f88 c03089c4 c03089c8 60000013 ffffffff
+[<c030c44c>] (__irq_svc) from [<c03089c8>] (arch_cpu_idle+0x30/0x3c)
+[<c03089c8>] (arch_cpu_idle) from [<c037b020>] (do_idle+0x144/0x200)
+[<c037b020>] (do_idle) from [<c037b334>] (cpu_startup_entry+0x18/0x1c)
 [<c037b334>] (cpu_startup_entry) from [<c1200c0c>] (start_kernel+0x33c/0x3a8)
 [<c1200c0c>] (start_kernel) from [<8020807c>] (0x8020807c)
----[ end trace 710e08cf382c9d11 ]---
-basemono: 1350000000 ts->next_tick: 1355948416 dev->next_event: 1356578833 timer->active: 1 timer->expires: 1355948416
+---[ end trace 2127a91ca87808bf ]---
+basemono: 1350000000 ts->next_tick: 1355948416 dev->next_event: 1356700166 timer->active: 1 timer->expires: 1355948416
 +1.2V_RUN_CAM_FRONT: Bringing 0uV into 1200000-1200000uV
 +VDDIO_SDMMC3: bypassed regulator has no supply!
 +VDDIO_SDMMC3: failed to get the current voltage(-517)
@@ -342,15 +342,10 @@
 +5V_SATA: supplied by +5V_SYS
 +12V_SATA: supplied by +VDD_MUX
  usb2-0: usb2-0 supply vbus not found, using dummy regulator
-mmc0: new high speed MMC card at address 0001
-mmcblk0: mmc0:0001 SEM16G 14.7 GiB 
-mmcblk0boot0: mmc0:0001 SEM16G partition 1 4.00 MiB
-mmcblk0boot1: mmc0:0001 SEM16G partition 2 4.00 MiB
-mmcblk0rpmb: mmc0:0001 SEM16G partition 3 4.00 MiB
  usb2-1: usb2-1 supply vbus not found, using dummy regulator
  usb3-0: usb3-0 supply vbus not found, using dummy regulator
+mmc0: new high speed MMC card at address 0001
 tegra-pcie 1003000.pcie-controller: 2x1, 1x1 configuration
- mmcblk0: p1
 tegra-pcie 1003000.pcie-controller: Failed to get supply 'avddio-pex': -517
 tegra124-dfll 70110000.clock: couldn't get vdd_cpu regulator
 tegra-hdmi 54280000.hdmi: failed to get PLL regulator
@@ -410,7 +405,6 @@
 pci_bus 0000:00: 2-byte config write to 0000:00:02.0 offset 0x52 may corrupt adjacent RW1C bits
 pci 0000:00:02.0: PME# supported from D0 D1 D2 D3hot D3cold
 pci_bus 0000:00: 2-byte config write to 0000:00:02.0 offset 0x4c may corrupt adjacent RW1C bits
-ata1: SATA link down (SStatus 0 SControl 300)
 pci_bus 0000:00: 2-byte config write to 0000:00:01.0 offset 0x3e may corrupt adjacent RW1C bits
 pci_bus 0000:00: 2-byte config write to 0000:00:02.0 offset 0x3e may corrupt adjacent RW1C bits
 pci_bus 0000:00: 2-byte config write to 0000:00:01.0 offset 0x4 may corrupt adjacent RW1C bits
@@ -421,8 +415,6 @@
 pci 0000:01:00.0: [8086:4232] type 00 class 0x028000
 pci 0000:01:00.0: reg 0x10: [mem 0x00000000-0x00001fff 64bit]
 pci 0000:01:00.0: PME# supported from D0 D3hot D3cold
-mmc1: new high speed SDHC card at address aaaa
-mmcblk1: mmc1:aaaa SD04G 3.69 GiB 
 PCI: bus1: Fast back to back transfers disabled
 pci_bus 0000:01: busn_res: [bus 01-ff] end is updated to 01
 pci 0000:02:00.0: [10ec:8168] type 00 class 0x020000
@@ -431,7 +423,6 @@
 pci 0000:02:00.0: reg 0x20: [mem 0x00000000-0x00003fff 64bit pref]
 pci 0000:02:00.0: supports D1 D2
 pci 0000:02:00.0: PME# supported from D0 D1 D2 D3hot D3cold
- mmcblk1: p1 p2 p3
 PCI: bus2: Fast back to back transfers disabled
 pci_bus 0000:02: busn_res: [bus 02-ff] end is updated to 02
 pci 0000:00:01.0: BAR 8: assigned [mem 0x13000000-0x130fffff]
@@ -456,14 +447,14 @@
 pcieport 0000:00:02.0: Signaling PME with IRQ 394
 r8169 Gigabit Ethernet driver 2.3LK-NAPI loaded
 r8169 0000:02:00.0: enabling device (0140 -> 0143)
-r8169 0000:02:00.0 eth0: RTL8168g/8111g at 0xf0b72000, 00:04:4b:3a:d9:81, XID 0c000800 IRQ 395
+r8169 0000:02:00.0 eth0: RTL8168g/8111g at 0xf0b5f000, 00:04:4b:3a:d9:81, XID 0c000800 IRQ 395
 r8169 0000:02:00.0 eth0: jumbo features [frames: 9200 bytes, tx checksumming: ko]
 +1.05V_RUN_AVDD_HDMI_PLL: supplied by +1.05V_RUN
 of: dev_pm_opp_of_cpumask_add_table: couldn't find opp table for cpu:0, -19
 cpufreq: cpufreq_online: CPU0: Running at unlisted freq: 696000 KHz
 cpufreq: cpufreq_online: CPU0: Unlisted initial frequency changed to: 714000 KHz
 input: gpio-keys as /devices/soc0/gpio-keys/input/input0
-as3722-rtc as3722-rtc: setting system clock to 2000-01-01 00:00:14 UTC (946684814)
+as3722-rtc as3722-rtc: setting system clock to 2000-01-01 00:00:13 UTC (946684813)
 +3.3V_AVDD_HDMI_AP_GATED: disabling
 +USB0_VBUS_SW: disabling
 +1.05V_RUN_AVDD_HDMI_PLL: disabling
@@ -475,10 +466,19 @@
 +3.3V_RUN_TOUCH: disabling
 +2.8V_RUN_CAM_AF: disabling
 +1.8V_RUN_VPP_FUSE: disabling
+ata1: SATA link down (SStatus 0 SControl 300)
+mmc1: new high speed SDHC card at address aaaa
+mmcblk1: mmc1:aaaa SD04G 3.69 GiB 
+ mmcblk1: p1 p2 p3
+mmcblk0: mmc0:0001 SEM16G 14.7 GiB 
+mmcblk0boot0: mmc0:0001 SEM16G partition 1 4.00 MiB
+mmcblk0boot1: mmc0:0001 SEM16G partition 2 4.00 MiB
+mmcblk0rpmb: mmc0:0001 SEM16G partition 3 4.00 MiB
+ mmcblk0: p1
 EXT4-fs (mmcblk0p1): mounting ext3 file system using the ext4 subsystem
 EXT4-fs (mmcblk0p1): recovery complete
 EXT4-fs (mmcblk0p1): mounted filesystem with ordered data mode. Opts: (null)
-VFS: Mounted root (ext3 filesystem) on device 179:1.
+VFS: Mounted root (ext3 filesystem) on device 179:17.
 devtmpfs: mounted
 Freeing unused kernel memory: 2048K
 bash: cannot set terminal process group (-1): Inappropriate ioctl for device
Diff for ./tegra124-jetson-tk1/tegra124-jetson-tk1/tegra_defconfig_log.txt
--- /tmp/fooa	2017-06-08 00:55:26.084394806 -0700
+++ /tmp/foob	2017-06-08 00:55:26.088394823 -0700
@@ -35,7 +35,7 @@
 	 ###########################
 	 3.9 MiB/s
 done
-Bytes transferred = 6110184 (5d3be8 hex)
+Bytes transferred = 6109928 (5d3ae8 hex)
 Tegra124 (Jetson TK1) # tftpboot 0x83000000 tegra124-jetson-tk1.dtb
 Using eth_rtl8169 device
 TFTP from server 192.168.100.1; our IP address is 192.168.100.102
@@ -46,7 +46,7 @@
 done
 Bytes transferred = 67133 (1063d hex)
 Tegra124 (Jetson TK1) # bootz 0x82000000 - 0x83000000
-Kernel image @ 0x82000000 [ 0x000000 - 0x5d3be8 ]
+Kernel image @ 0x82000000 [ 0x000000 - 0x5d3ae8 ]
 ## Flattened Device Tree blob at 83000000
    Booting using the fdt blob at 0x83000000
    Using Device Tree in place at 83000000, end 8301363c
@@ -55,7 +55,7 @@
 
 Uncompressing Linux... done, booting the kernel.
 Booting Linux on physical CPU 0x0
-Linux version 4.12.0-rc4-next-20170607-177215-g8d1b80c (jonathanh@kaivo) (gcc version 4.7.3 20130328 (prerelease) (crosstool-NG linaro-1.13.1-4.7-2013.04-20130415 - Linaro GCC 2013.04) ) #1 SMP PREEMPT Tue Jun 6 23:35:56 PDT 2017
+Linux version 4.12.0-rc4-next-20170608-177427-ge4689b9 (jonathanh@kaivo) (gcc version 4.7.3 20130328 (prerelease) (crosstool-NG linaro-1.13.1-4.7-2013.04-20130415 - Linaro GCC 2013.04) ) #1 SMP PREEMPT Thu Jun 8 00:49:28 PDT 2017
 CPU: ARMv7 Processor [413fc0f3] revision 3 (ARMv7), cr=10c5387d
 CPU: div instructions available: patching division code
 CPU: PIPT / VIPT nonaliasing data cache, PIPT instruction cache
@@ -443,7 +443,7 @@
 cpufreq: cpufreq_online: CPU0: Running at unlisted freq: 696000 KHz
 cpufreq: cpufreq_online: CPU0: Unlisted initial frequency changed to: 714000 KHz
 input: gpio-keys as /devices/soc0/gpio-keys/input/input2
-as3722-rtc as3722-rtc: setting system clock to 2000-01-01 00:01:36 UTC (946684896)
+as3722-rtc as3722-rtc: setting system clock to 2000-01-01 00:01:30 UTC (946684890)
 +3.3V_AVDD_HDMI_AP_GATED: disabling
 +USB0_VBUS_SW: disabling
 +1.05V_RUN_AVDD_HDMI_PLL: disabling
Diff for ./tegra124-nyan-big/tegra124-nyan-big/multi_v7_defconfig_log.txt
--- /tmp/fooa	2017-06-08 00:55:26.092394841 -0700
+++ /tmp/foob	2017-06-08 00:55:26.092394841 -0700
@@ -5,7 +5,7 @@
 TEGRA124
 Model: Acer Chromebook 13 CB5-311
 DRAM:  4 GiB
-:   Tegra SD/MMC: 0, Tegra SD/MMC: 1, Tegra SD/MMC: 2
+C:   Tegra SD/MMC: 0, Tegra SD/MMC: 1, Tegra SD/MMC: 2
 MMC init failed
 Using default environment
 
@@ -43,20 +43,20 @@
 	 #################################################################
 	 #################################################################
 	 #####################
-	 3.6 MiB/s
+	 3.3 MiB/s
 done
-Bytes transferred = 7937840 (791f30 hex)
+Bytes transferred = 7939032 (7923d8 hex)
 Tegra124 (Nyan-big) # tftpboot 0x83000000 tegra124-nyan-big.dtb
 Using asx0 device
 TFTP from server 192.168.100.1; our IP address is 192.168.100.102
 Filename 'tegra124-nyan-big.dtb'.
 Load address: 0x83000000
 Loading: *#####
-	 3.4 MiB/s
+	 3.2 MiB/s
 done
 Bytes transferred = 68155 (10a3b hex)
 Tegra124 (Nyan-big) # bootz 0x82000000 - 0x83000000
-Kernel image @ 0x82000000 [ 0x000000 - 0x791f30 ]
+Kernel image @ 0x82000000 [ 0x000000 - 0x7923d8 ]
 ## Flattened Device Tree blob at 83000000
    Booting using the fdt blob at 0x83000000
    Using Device Tree in place at 83000000, end 83013a3a
@@ -64,7 +64,7 @@
 Starting kernel ...
 
 Booting Linux on physical CPU 0x0
-Linux version 4.12.0-rc4-next-20170607-177215-g8d1b80c (jonathanh@sellafield) (gcc version 4.7.3 20130328 (prerelease) (crosstool-NG linaro-1.13.1-4.7-2013.04-20130415 - Linaro GCC 2013.04) ) #1 SMP Tue Jun 6 23:35:57 PDT 2017
+Linux version 4.12.0-rc4-next-20170608-177427-ge4689b9 (jonathanh@sellafield) (gcc version 4.7.3 20130328 (prerelease) (crosstool-NG linaro-1.13.1-4.7-2013.04-20130415 - Linaro GCC 2013.04) ) #1 SMP Thu Jun 8 00:49:22 PDT 2017
 CPU: ARMv7 Processor [413fc0f3] revision 3 (ARMv7), cr=10c5387d
 CPU: div instructions available: patching division code
 CPU: PIPT / VIPT nonaliasing data cache, PIPT instruction cache
Diff for ./tegra124-nyan-big/tegra124-nyan-big/tegra_defconfig_log.txt
--- /tmp/fooa	2017-06-08 00:55:26.100394874 -0700
+++ /tmp/foob	2017-06-08 00:55:26.100394874 -0700
@@ -5,7 +5,7 @@
 TEGRA124
 Model: Acer Chromebook 13 CB5-311
 DRAM:  4 GiB
-:   Tegra SD/MMC: 0, Tegra SD/MMC: 1, Tegra SD/MMC: 2
+C:   Tegra SD/MMC: 0, Tegra SD/MMC: 1, Tegra SD/MMC: 2
 MMC init failed
 Using default environment
 
@@ -14,7 +14,7 @@
 Err:   serial
 Net:   Net Initialization Skipped
 No ethernet found.
-Hit any key to stop autoboot:  2  1  0 
+Hit any key to stop autoboot:  2  0 
 Tegra124 (Nyan-big) # 
 Tegra124 (Nyan-big) # usb start
 starting USB...
@@ -36,25 +36,26 @@
 Load address: 0x82000000
 Loading: *#################################################################
 	 #################################################################
+	 ###############################################T EHCI timed out on TD - token=0x8008d80
+T ##################
 	 #################################################################
 	 #################################################################
 	 #################################################################
-	 ####################T T #############################################
 	 ###########################
-	 464.8 KiB/s
+	 463.9 KiB/s
 done
-Bytes transferred = 6110184 (5d3be8 hex)
+Bytes transferred = 6109928 (5d3ae8 hex)
 Tegra124 (Nyan-big) # tftpboot 0x83000000 tegra124-nyan-big.dtb
 Using asx0 device
 TFTP from server 192.168.100.1; our IP address is 192.168.100.102
 Filename 'tegra124-nyan-big.dtb'.
 Load address: 0x83000000
 Loading: *#####
-	 3.4 MiB/s
+	 3.2 MiB/s
 done
 Bytes transferred = 68155 (10a3b hex)
 Tegra124 (Nyan-big) # bootz 0x82000000 - 0x83000000
-Kernel image @ 0x82000000 [ 0x000000 - 0x5d3be8 ]
+Kernel image @ 0x82000000 [ 0x000000 - 0x5d3ae8 ]
 ## Flattened Device Tree blob at 83000000
    Booting using the fdt blob at 0x83000000
    Using Device Tree in place at 83000000, end 83013a3a
@@ -63,7 +64,7 @@
 
 Uncompressing Linux... done, booting the kernel.
 Booting Linux on physical CPU 0x0
-Linux version 4.12.0-rc4-next-20170607-177215-g8d1b80c (jonathanh@kaivo) (gcc version 4.7.3 20130328 (prerelease) (crosstool-NG linaro-1.13.1-4.7-2013.04-20130415 - Linaro GCC 2013.04) ) #1 SMP PREEMPT Tue Jun 6 23:35:56 PDT 2017
+Linux version 4.12.0-rc4-next-20170608-177427-ge4689b9 (jonathanh@kaivo) (gcc version 4.7.3 20130328 (prerelease) (crosstool-NG linaro-1.13.1-4.7-2013.04-20130415 - Linaro GCC 2013.04) ) #1 SMP PREEMPT Thu Jun 8 00:49:28 PDT 2017
 CPU: ARMv7 Processor [413fc0f3] revision 3 (ARMv7), cr=10c5387d
 CPU: div instructions available: patching division code
 CPU: PIPT / VIPT nonaliasing data cache, PIPT instruction cache
@@ -296,9 +297,8 @@
 input: GoogleNyanBig Headphones as /devices/soc0/sound/sound/card1/input1
 input: GoogleNyanBig Mic Jack as /devices/soc0/sound/sound/card1/input2
 mmcblk0boot1: mmc0:0001 MMC16G partition 2 2.00 MiB
-mmcblk0rpmb: mmc0:0001 MMC16G partition 3 128 KiB
- mmcblk0: p1 p2 p3 p4 p5 p6 p7 p8 p9 p10 p11 p12
 NET: Registered protocol family 10
+mmcblk0rpmb: mmc0:0001 MMC16G partition 3 128 KiB
 Segment Routing with IPv6
 mip6: Mobile IPv6
 sit: IPv6, IPv4 and MPLS over IPv4 tunneling driver
@@ -355,10 +355,10 @@
 sdhci-tegra 700b0400.sdhci: Got WP GPIO
 mmc2: Unknown controller version (3). You may experience problems.
 mmc2: Invalid maximum block size, assuming 512 bytes
-mmc1: new high speed SDIO card at address 0001
+ mmcblk0: p1 p2 p3 p4 p5 p6 p7 p8 p9 p10 p11 p12
 mmc2: SDHCI controller on 700b0400.sdhci [700b0400.sdhci] using ADMA
 input: gpio-keys as /devices/soc0/gpio-keys/input/input3
-as3722-rtc as3722-rtc: setting system clock to 2000-01-01 00:00:35 UTC (946684835)
+as3722-rtc as3722-rtc: setting system clock to 2000-01-01 00:00:33 UTC (946684833)
 +3.3V_AVDD_HDMI_AP_GATED: disabling
 +1.8V_RUN_CAM: disabling
 +1.2V_RUN_CAM_FRONT: disabling
@@ -373,24 +373,25 @@
 +5V_HDMI_CON: disabling
 ALSA device list:
   #1: GoogleNyanBig
-input: tegra-hda HDMI/DP,pcm=3 as /devices/soc0/70030000.hda/sound/card0/input4
-EXT4-fs (mmcblk0p3): couldn't mount as ext3 due to feature incompatibilities
-usb 1-2: new high-speed USB device number 2 using tegra-xusb
+mmc1: new high speed SDIO card at address 0001
 mmc2: new high speed SDHC card at address 0007
 mmcblk2: mmc2:0007 SD08G 7.42 GiB 
 GPT:Primary header alternate_lba != Alt. header my_lba
 GPT:3014591 != 15564799
+usb 1-2: new high-speed USB device number 2 using tegra-xusb
 GPT:Primary header thinks Alt. header is not at the end of the disk.
 GPT:3014591 != 15564799
 GPT: Use GNU Parted to correct GPT errors.
  mmcblk2: p1 p2 p3 p4 p5 p6 p7 p8 p9 p10 p11 p12
+input: tegra-hda HDMI/DP,pcm=3 as /devices/soc0/70030000.hda/sound/card0/input4
+EXT4-fs (mmcblk0p3): couldn't mount as ext3 due to feature incompatibilities
+uvcvideo: Found UVC 1.00 device HD WebCam (1bcf:2c67)
+input: HD WebCam: HD WebCam as /devices/soc0/70090000.usb/usb1/1-2/1-2:1.0/input/input5
 EXT4-fs (mmcblk0p3): recovery complete
 EXT4-fs (mmcblk0p3): mounted filesystem with ordered data mode. Opts: (null)
 VFS: Mounted root (ext4 filesystem) on device 179:3.
 devtmpfs: mounted
 Freeing unused kernel memory: 1024K
-uvcvideo: Found UVC 1.00 device HD WebCam (1bcf:2c67)
-input: HD WebCam: HD WebCam as /devices/soc0/70090000.usb/usb1/1-2/1-2:1.0/input/input5
 bash: cannot set terminal process group (-1): Inappropriate ioctl for device
 bash: no job control in this shell
-root@(none):/# [    3.009068] usb 1-3: new high-speed USB device number 3 using tegra-xusb
+root@(none):/# [    2.869185] usb 1-3: new high-speed USB device number 3 using tegra-xusb
Diff for ./tegra132-norrin/tegra132-norrin/defconfig_log.txt
--- /tmp/fooa	2017-06-08 00:55:26.108394908 -0700
+++ /tmp/foob	2017-06-08 00:55:26.108394908 -0700
@@ -31,7 +31,7 @@
 MSENC clock is set to  79200 KHz
 Vde clock is set to 204000 KHz
 
-Bootloader-Cpu Init at (time stamp): 1800832 us
+Bootloader-Cpu Init at (time stamp): 1800842 us
 
 Pinmux changes applied in kernel way
 
@@ -62,22 +62,22 @@
 Board Id Read Time: 3 us
 Power Rail enable Time: 1 us
 
-Miscellaneous avp time: 1800806  us
-Bootloader (AosInit) time: 734247 us
-Bootloader Main Init time: 180084 us
-BlockDevMgrInit time: 157545 us
-PartMgrInit time: 9 us
-StorMgrInit time: 30 us
+Miscellaneous avp time: 1800816  us
+Bootloader (AosInit) time: 734266 us
+Bootloader Main Init time: 180081 us
+BlockDevMgrInit time: 157551 us
+PartMgrInit time: 8 us
+StorMgrInit time: 31 us
 FsMgrInit time: 2 us
-Partition Table load: 77107 us 
-Display init time: 574543 us
+Partition Table load: 76725 us 
+Display init time: 574690 us
 Kernel read time: 393 msec
 Load Kernel Size:   17113088 Bytes
 Bl Kernel ReadSpeed: 43544000 Bytes/sec
-Pre-Kernel Jump time: 1801529 us
-Clearing 32 Bit State and Warm resetting to 64bit mode: 5925348 us
+Pre-Kernel Jump time: 1802038 us
+Clearing 32 Bit State and Warm resetting to 64bit mode: 5925919 us
 Booting Linux on physical CPU 0x0
-Linux version 4.12.0-rc4-next-20170607-295456-g8d1b80c (jonathanh@tamien) (gcc version 4.9.2 20140904 (prerelease) (crosstool-NG linaro-1.13.1-4.9-2014.09 - Linaro GCC 4.9-2014.09) ) #1 SMP PREEMPT Tue Jun 6 23:40:43 PDT 2017
+Linux version 4.12.0-rc4-next-20170608-295668-ge4689b9 (jonathanh@tamien) (gcc version 4.9.2 20140904 (prerelease) (crosstool-NG linaro-1.13.1-4.9-2014.09 - Linaro GCC 4.9-2014.09) ) #1 SMP PREEMPT Thu Jun 8 00:53:34 PDT 2017
 Boot CPU: AArch64 Processor [4e0f0000]
 Machine model: NVIDIA Tegra132 Norrin
 Memory limited to 1734MB
@@ -200,7 +200,7 @@
 Freeing initrd memory: 1284K
 kvm [1]: HYP mode not available
 audit: initializing netlink subsys (disabled)
-audit: type=2000 audit(0.923:1): state=initialized audit_enabled=0 res=1
+audit: type=2000 audit(0.920:1): state=initialized audit_enabled=0 res=1
 workingset: timestamp_bits=44 max_order=19 bucket_order=0
 squashfs: version 4.0 (2009/01/31) Phillip Lougher
 NFS: Registering the id_resolver key type
@@ -271,19 +271,16 @@
 registered taskstats version 1
 mmcblk0: mmc0:0001 SEM16G 14.7 GiB 
 mmcblk0boot0: mmc0:0001 SEM16G partition 1 4.00 MiB
-mmcblk0boot1: mmc0:0001 SEM16G partition 2 4.00 MiB
 +VDD_LED: supplied by +VDD_MUX
-+5V_USB_HS: supplied by +5V_SYS
+mmcblk0boot1: mmc0:0001 SEM16G partition 2 4.00 MiB
 mmcblk0rpmb: mmc0:0001 SEM16G partition 3 4.00 MiB
- mmcblk0: p1 p2 p3 p4 p5 p6 p7 p8
++5V_USB_HS: supplied by +5V_SYS
 +5V_USB_SS: supplied by +5V_SYS
 +5V_HDMI_CON: supplied by +5V_SYS
 sdhci-tegra 700b0400.sdhci: Got CD GPIO
 sdhci-tegra 700b0400.sdhci: Got WP GPIO
 input: gpio-keys as /devices/platform/gpio-keys/input/input0
 hctosys: unable to open rtc device (rtc0)
-sdhci-tegra 700b0400.sdhci: Got CD GPIO
-sdhci-tegra 700b0400.sdhci: Got WP GPIO
 +3.3V_AVDD_HDMI_AP_GATED: disabling
 +VDD_LED: disabling
 +5V_USB_HS: disabling
@@ -293,6 +290,11 @@
 ALSA device list:
   No soundcards found.
 Freeing unused kernel memory: 1088K
+sdhci-tegra 700b0400.sdhci: Got CD GPIO
+sdhci-tegra 700b0400.sdhci: Got WP GPIO
+ mmcblk0: p1 p2 p3 p4 p5 p6 p7 p8
+sdhci-tegra 700b0400.sdhci: Got CD GPIO
+sdhci-tegra 700b0400.sdhci: Got WP GPIO
 
 System initialization...
 
Diff for ./tegra20-trimslice/tegra20-trimslice/multi_v7_defconfig_log.txt
--- /tmp/fooa	2017-06-08 00:55:26.112394926 -0700
+++ /tmp/foob	2017-06-08 00:55:26.116394943 -0700
@@ -50,7 +50,7 @@
 	 #####################
 	 4.1 MiB/s
 done
-Bytes transferred = 7937840 (791f30 hex)
+Bytes transferred = 7939032 (7923d8 hex)
 Tegra20 (TrimSlice) # tftpboot 0x02408000 tegra20-trimslice.dtb
 Using RTL8169#0 device
 TFTP from server 192.168.100.1; our IP address is 192.168.100.103
@@ -61,7 +61,7 @@
 done
 Bytes transferred = 21426 (53b2 hex)
 Tegra20 (TrimSlice) # bootz 0x00408000 - 0x02408000
-Kernel image @ 0x408000 [ 0x000000 - 0x791f30 ]
+Kernel image @ 0x408000 [ 0x000000 - 0x7923d8 ]
 ## Flattened Device Tree blob at 02408000
    Booting using the fdt blob at 0x2408000
    Using Device Tree in place at 02408000, end 024103b1
@@ -69,7 +69,7 @@
 Starting kernel ...
 
 Booting Linux on physical CPU 0x0
-Linux version 4.12.0-rc4-next-20170607-177215-g8d1b80c (jonathanh@sellafield) (gcc version 4.7.3 20130328 (prerelease) (crosstool-NG linaro-1.13.1-4.7-2013.04-20130415 - Linaro GCC 2013.04) ) #1 SMP Tue Jun 6 23:35:57 PDT 2017
+Linux version 4.12.0-rc4-next-20170608-177427-ge4689b9 (jonathanh@sellafield) (gcc version 4.7.3 20130328 (prerelease) (crosstool-NG linaro-1.13.1-4.7-2013.04-20130415 - Linaro GCC 2013.04) ) #1 SMP Thu Jun 8 00:49:22 PDT 2017
 CPU: ARMv7 Processor [411fc090] revision 0 (ARMv7), cr=10c5387d
 CPU: PIPT / VIPT nonaliasing data cache, VIPT aliasing instruction cache
 OF: fdt: Machine model: Compulab TrimSlice board
@@ -347,8 +347,8 @@
 hub 2-0:1.0: USB hub found
 hub 2-0:1.0: 1 port detected
 input: gpio-keys as /devices/soc0/gpio-keys/input/input0
-rtc-em3027 2-0056: hctosys: unable to read the hardware clock
 hub 1-1:1.0: USB hub found
+rtc-em3027 2-0056: hctosys: unable to read the hardware clock
 hub 1-1:1.0: 4 ports detected
 Waiting for root device PARTUUID=11eb23c1-01...
 usb 1-1.2: new high-speed USB device number 3 using tegra-ehci
Diff for ./tegra20-trimslice/tegra20-trimslice/tegra_defconfig_log.txt
--- /tmp/fooa	2017-06-08 00:55:26.120394959 -0700
+++ /tmp/foob	2017-06-08 00:55:26.124394976 -0700
@@ -48,7 +48,7 @@
 	 ###########################
 	 4 MiB/s
 done
-Bytes transferred = 6110184 (5d3be8 hex)
+Bytes transferred = 6109928 (5d3ae8 hex)
 Tegra20 (TrimSlice) # tftpboot 0x02408000 tegra20-trimslice.dtb
 Using RTL8169#0 device
 TFTP from server 192.168.100.1; our IP address is 192.168.100.103
@@ -59,7 +59,7 @@
 done
 Bytes transferred = 21426 (53b2 hex)
 Tegra20 (TrimSlice) # bootz 0x00408000 - 0x02408000
-Kernel image @ 0x408000 [ 0x000000 - 0x5d3be8 ]
+Kernel image @ 0x408000 [ 0x000000 - 0x5d3ae8 ]
 ## Flattened Device Tree blob at 02408000
    Booting using the fdt blob at 0x2408000
    Using Device Tree in place at 02408000, end 024103b1
@@ -68,7 +68,7 @@
 
 Uncompressing Linux... done, booting the kernel.
 Booting Linux on physical CPU 0x0
-Linux version 4.12.0-rc4-next-20170607-177215-g8d1b80c (jonathanh@kaivo) (gcc version 4.7.3 20130328 (prerelease) (crosstool-NG linaro-1.13.1-4.7-2013.04-20130415 - Linaro GCC 2013.04) ) #1 SMP PREEMPT Tue Jun 6 23:35:56 PDT 2017
+Linux version 4.12.0-rc4-next-20170608-177427-ge4689b9 (jonathanh@kaivo) (gcc version 4.7.3 20130328 (prerelease) (crosstool-NG linaro-1.13.1-4.7-2013.04-20130415 - Linaro GCC 2013.04) ) #1 SMP PREEMPT Thu Jun 8 00:49:28 PDT 2017
 CPU: ARMv7 Processor [411fc090] revision 0 (ARMv7), cr=10c5387d
 CPU: PIPT / VIPT nonaliasing data cache, VIPT aliasing instruction cache
 OF: fdt: Machine model: Compulab TrimSlice board
Diff for ./tegra210-p2371-0000/tegra210-p2371-0000/defconfig_log.txt
--- /tmp/fooa	2017-06-08 00:55:26.128394993 -0700
+++ /tmp/foob	2017-06-08 00:55:26.132395011 -0700
@@ -64,17 +64,17 @@
 Loading and Validation of Secure OS Successful
 NvTbootPackSdramParams: start. 
 NvTbootPackSdramParams: done. 
-Tegraboot started after 773807 us
-Basic modules init took 349663 us
-Sec Bootdevice Read Time = 202 ms, Read Size = 8459 KB
-Next stage binary read took 14343 us
-Carveout took 252726 us
-CPU initialization took 92310 us
-Total time taken by TegraBoot 709042 us
+Tegraboot started after 787324 us
+Basic modules init took 348778 us
+Sec Bootdevice Read Time = 203 ms, Read Size = 8459 KB
+Next stage binary read took 15010 us
+Carveout took 252719 us
+CPU initialization took 92301 us
+Total time taken by TegraBoot 708808 us
 
 Starting CPU & Halting co-processor 
 
-64b[0001.613] LPDDR4 Training: Number of tables = 10
+64b[0001.626] LPDDR4 Training: Number of tables = 10
 EMC Training (SRC-freq: 204000; DST-freq: 408000)
 EMC Training Successful
 EMC Training (SRC-freq: 204000; DST-freq: 665600)
@@ -108,7 +108,7 @@
 Tegra210 (P2371-0000) # 
 Tegra210 (P2371-0000) # ums 0 mmc 0
 UMS: disk start sector: 0x0, count: 0x1d5a000
-|/-\|/-\/-\|/-\/-\|/-\/-\|/-\/-\|/-\/-\|/-\/-\|/-\/-\|/-\/-\|/-\/-\|/-\/-\|/-\/CTRL+C - Operation aborted
+|/-\|/-\/-\|/-\/-\|/-\/-\|/-\/-\|/-\/-\|/-\/-\|/-\/-\|/-\/-CTRL+C - Operation aborted
 Tegra210 (P2371-0000) # 
 Tegra210 (P2371-0000) # env set fdt_copy_node_names /cpus:/psci
 Tegra210 (P2371-0000) # setenv rootpart 1
@@ -117,11 +117,11 @@
 Tegra210 (P2371-0000) # part uuid ${devtype} ${devnum}:${rootpart} uuid
 Tegra210 (P2371-0000) # setenv bootargs ignore_loglevel console=ttyS0,115200n8 earlycon=uart8250,mmio32,0x70006000 rw root=PARTUUID=00000000-0001-0000-788f-a75600000000 rootwait debug earlyprintk init=/bin/bash
 Tegra210 (P2371-0000) # load ${devtype} ${devnum}:${rootpart} ${kernel_addr_r} /boot/Image.defconfig
-15792640 bytes read in 814 ms (18.5 MiB/s)
+15792640 bytes read in 816 ms (18.5 MiB/s)
 Tegra210 (P2371-0000) # load ${devtype} ${devnum}:${rootpart} ${fdt_addr_r} /boot/tegra210-p2371-0000.dtb
-45142 bytes read in 467 ms (93.8 KiB/s)
+45142 bytes read in 459 ms (95.7 KiB/s)
 Tegra210 (P2371-0000) # load ${devtype} ${devnum}:${rootpart} ${ramdisk_addr_r} /boot/tegra-ramdisk.img
-1627787 bytes read in 494 ms (3.1 MiB/s)
+1627787 bytes read in 495 ms (3.1 MiB/s)
 Tegra210 (P2371-0000) # ramdisk_size=${filesize}
 Tegra210 (P2371-0000) # booti ${kernel_addr_r} - ${fdt_addr_r}
 ## Flattened Device Tree blob at 82000000
@@ -131,7 +131,7 @@
 Starting kernel ...
 
 Booting Linux on physical CPU 0x0
-Linux version 4.12.0-rc4-next-20170607-295456-g8d1b80c (jonathanh@tamien) (gcc version 4.9.2 20140904 (prerelease) (crosstool-NG linaro-1.13.1-4.9-2014.09 - Linaro GCC 4.9-2014.09) ) #1 SMP PREEMPT Tue Jun 6 23:40:43 PDT 2017
+Linux version 4.12.0-rc4-next-20170608-295668-ge4689b9 (jonathanh@tamien) (gcc version 4.9.2 20140904 (prerelease) (crosstool-NG linaro-1.13.1-4.9-2014.09 - Linaro GCC 4.9-2014.09) ) #1 SMP PREEMPT Thu Jun 8 00:53:34 PDT 2017
 Boot CPU: AArch64 Processor [411fd071]
 Machine model: NVIDIA Tegra210 P2371 (P2530/P2595) reference design
 debug: ignoring loglevel setting.
@@ -269,7 +269,7 @@
 RPC: Registered tcp NFSv4.1 backchannel transport module.
 PCI: CLS 0 bytes, default 128
 kvm [1]: 8-bit VMID
-kvm [1]: IDMAP page: 80916000
+kvm [1]: IDMAP page: 80917000
 kvm [1]: HYP VA range: 800000000000:ffffffffffff
 kvm [1]: Hyp mode initialized successfully
 kvm [1]: vgic-v2@50044000
@@ -357,6 +357,6 @@
 devtmpfs: mounted
 Freeing unused kernel memory: 1088K
 bash: cannot set terminal process group (-1): Inappropriate ioctl for device
-bash: no job contr[    1.334787] random: fast init done
+bash: no job contr[    1.336182] random: fast init done
 ol in this shell
 root@(none):/# 
\ No newline at end of file
Diff for ./tegra210-smaug/tegra210-smaug/defconfig_log.txt
--- /tmp/fooa	2017-06-08 00:55:26.136395028 -0700
+++ /tmp/foob	2017-06-08 00:55:26.140395044 -0700
@@ -1,4 +1,5 @@
-.
+ters from FDT:
+efi: UEFI not found.
 cma: Reserved 16 MiB at 0x00000000f5400000
 earlycon: uart0 at MMIO 0x0000000070006000 (options '115200n8')
 bootconsole [uart0] enabled
@@ -75,7 +76,7 @@
 console [tty0] enabled
 bootconsole [uart0] disabled
 Booting Linux on physical CPU 0x0
-Linux version 4.12.0-rc4-next-20170607-295456-g8d1b80c (jonathanh@tamien) (gcc version 4.9.2 20140904 (prerelease) (crosstool-NG linaro-1.13.1-4.9-2014.09 - Linaro GCC 4.9-2014.09) ) #1 SMP PREEMPT Tue Jun 6 23:40:43 PDT 2017
+Linux version 4.12.0-rc4-next-20170608-295668-ge4689b9 (jonathanh@tamien) (gcc version 4.9.2 20140904 (prerelease) (crosstool-NG linaro-1.13.1-4.9-2014.09 - Linaro GCC 4.9-2014.09) ) #1 SMP PREEMPT Thu Jun 8 00:53:34 PDT 2017
 Boot CPU: AArch64 Processor [411fd071]
 Machine model: Google Pixel C
 efi: Getting EFI parameters from FDT:
@@ -227,14 +228,14 @@
 Unpacking initramfs...
 Freeing initrd memory: 1284K
 kvm [1]: 8-bit VMID
-kvm [1]: IDMAP page: 80916000
+kvm [1]: IDMAP page: 80917000
 kvm [1]: HYP VA range: 800000000000:ffffffffffff
 kvm [1]: Hyp mode initialized successfully
 kvm [1]: vgic-v2@50044000
 kvm [1]: vgic interrupt IRQ1
 kvm [1]: virtual timer IRQ4
 audit: initializing netlink subsys (disabled)
-audit: type=2000 audit(0.292:1): state=initialized audit_enabled=0 res=1
+audit: type=2000 audit(0.288:1): state=initialized audit_enabled=0 res=1
 workingset: timestamp_bits=44 max_order=20 bucket_order=0
 squashfs: version 4.0 (2009/01/31) Phillip Lougher
 NFS: Registering the id_resolver key type
@@ -333,15 +334,16 @@
 Key type dns_resolver registered
 registered taskstats version 1
 tegra-i2c 7000d100.i2c: could not find pctldev for node /host1x@50000000/dpaux@545c0000/pinmux-i2c, deferring probe
-input: gpio-keys as /devices/platform/gpio-keys/input/input0
-tegra-i2c 7000d100.i2c: could not find pctldev for node /host1x@50000000/dpaux@545c0000/pinmux-i2c, deferring probe
 mmc0: new high speed MMC card at address 0001
 mmcblk0: mmc0:0001 BGND3R 29.1 GiB 
 mmcblk0boot0: mmc0:0001 BGND3R partition 1 4.00 MiB
 mmcblk0boot1: mmc0:0001 BGND3R partition 2 4.00 MiB
 mmcblk0rpmb: mmc0:0001 BGND3R partition 3 4.00 MiB
  mmcblk0: p1 p2 p3 p4 p5 p6 p7 p8 p9 p10 p11
-max77686-rtc max77620-rtc: setting system clock to 2001-03-18 12:06:35 UTC (984917195)
+tegra-i2c 7000d100.i2c: could not find pctldev for node /host1x@50000000/dpaux@545c0000/pinmux-i2c, deferring probe
+input: gpio-keys as /devices/platform/gpio-keys/input/input0
+tegra-i2c 7000d100.i2c: could not find pctldev for node /host1x@50000000/dpaux@545c0000/pinmux-i2c, deferring probe
+max77686-rtc max77620-rtc: setting system clock to 2001-03-19 13:19:26 UTC (985007966)
 PP1200_AVDD: disabling
 PP1200_RCAM: disabling
 PP2800L_RCAM: disabling
@@ -353,7 +355,6 @@
 ALSA device list:
   No soundcards found.
 Freeing unused kernel memory: 1088K
-tegra-i2c 7000d100.i2c: could not find pctldev for node /host1x@50000000/dpaux@545c0000/pinmux-i2c, deferring probe
 
 System initialization...
 
Diff for ./tegra30-beaver/tegra30-beaver/multi_v7_defconfig_log.txt
--- /tmp/fooa	2017-06-08 00:55:26.144395061 -0700
+++ /tmp/foob	2017-06-08 00:55:26.148395079 -0700
@@ -40,20 +40,20 @@
 	 #################################################################
 	 #################################################################
 	 #####################
-	 2.8 MiB/s
+	 3.3 MiB/s
 done
-Bytes transferred = 7937840 (791f30 hex)
+Bytes transferred = 7939032 (7923d8 hex)
 Tegra30 (Beaver) # tftpboot 0x82000000 tegra30-beaver.dtb
 Using asx0 device
 TFTP from server 192.168.100.1; our IP address is 192.168.100.101
 Filename 'tegra30-beaver.dtb'.
 Load address: 0x82000000
 Loading: *####
-	 2.7 MiB/s
+	 3.3 MiB/s
 done
 Bytes transferred = 51804 (ca5c hex)
 Tegra30 (Beaver) # bootz 0x81000000 - 0x82000000
-Kernel image @ 0x81000000 [ 0x000000 - 0x791f30 ]
+Kernel image @ 0x81000000 [ 0x000000 - 0x7923d8 ]
 ## Flattened Device Tree blob at 82000000
    Booting using the fdt blob at 0x82000000
    Loading Device Tree to 8fff0000, end 8ffffa5b ... OK
@@ -61,7 +61,7 @@
 Starting kernel ...
 
 Booting Linux on physical CPU 0x0
-Linux version 4.12.0-rc4-next-20170607-177215-g8d1b80c (jonathanh@sellafield) (gcc version 4.7.3 20130328 (prerelease) (crosstool-NG linaro-1.13.1-4.7-2013.04-20130415 - Linaro GCC 2013.04) ) #1 SMP Tue Jun 6 23:35:57 PDT 2017
+Linux version 4.12.0-rc4-next-20170608-177427-ge4689b9 (jonathanh@sellafield) (gcc version 4.7.3 20130328 (prerelease) (crosstool-NG linaro-1.13.1-4.7-2013.04-20130415 - Linaro GCC 2013.04) ) #1 SMP Thu Jun 8 00:49:22 PDT 2017
 CPU: ARMv7 Processor [412fc099] revision 9 (ARMv7), cr=10c5387d
 CPU: PIPT / VIPT nonaliasing data cache, VIPT aliasing instruction cache
 OF: fdt: Machine model: NVIDIA Tegra30 Beaver evaluation board
@@ -309,20 +309,20 @@
 usb3_vbus: supplied by vdd_5v_in
 sys_3v3,vdd_3v3_alw: supplied by vdd_5v_in
 sys_3v3_pexs: supplied by sys_3v3,vdd_3v3_alw
++VDD_5V_HDMI: supplied by sys_3v3,vdd_3v3_alw
 mmc1: new high speed MMC card at address 0001
 mmcblk1: mmc1:0001 SEM16G 14.8 GiB 
 mmcblk1boot0: mmc1:0001 SEM16G partition 1 1.00 MiB
 mmcblk1boot1: mmc1:0001 SEM16G partition 2 1.00 MiB
 mmcblk1rpmb: mmc1:0001 SEM16G partition 3 128 KiB
-+VDD_5V_HDMI: supplied by sys_3v3,vdd_3v3_alw
-tegra-pcie 3000.pcie-controller: 2x3 configuration
-tegra-pcie 3000.pcie-controller: probing port 0, using 2 lanes
-Primary GPT is invalid, using alternate GPT.
- mmcblk1: p1 p2 p3 p4 p5
 mmc0: new ultra high speed DDR50 SDHC card at address aaaa
 mmcblk0: mmc0:aaaa SS04G 3.69 GiB 
-tegra-pcie 3000.pcie-controller: probing port 2, using 2 lanes
+Primary GPT is invalid, using alternate GPT.
+ mmcblk1: p1 p2 p3 p4 p5
  mmcblk0: p1 p2 p3
+tegra-pcie 3000.pcie-controller: 2x3 configuration
+tegra-pcie 3000.pcie-controller: probing port 0, using 2 lanes
+tegra-pcie 3000.pcie-controller: probing port 2, using 2 lanes
 tegra-pcie 3000.pcie-controller: link 2 down, retrying
 tegra-pcie 3000.pcie-controller: link 2 down, retrying
 tegra-pcie 3000.pcie-controller: link 2 down, retrying
@@ -394,5 +394,5 @@
 Freeing unused kernel memory: 2048K
 bash: cannot set terminal process group (-1): Inappropriate ioctl for device
 bash: no job control in this shell
-root@(none):/# [    4.103680] usb 2-1: new high-speed USB device number 2 using tegra-ehci
+root@(none):/# [    4.114044] usb 2-1: new high-speed USB device number 2 using tegra-ehci
 asix 2-1:1.0 eth1: register 'asix' at usb-7d008000.usb-1, ASIX AX88772 USB 2.0 Ethernet, 00:50:b6:0f:67:60
Diff for ./tegra30-beaver/tegra30-beaver/tegra_defconfig_log.txt
--- /tmp/fooa	2017-06-08 00:55:26.152395095 -0700
+++ /tmp/foob	2017-06-08 00:55:26.152395095 -0700
@@ -38,20 +38,20 @@
 	 #################################################################
 	 #################################################################
 	 ###########################
-	 3.2 MiB/s
+	 3.3 MiB/s
 done
-Bytes transferred = 6110184 (5d3be8 hex)
+Bytes transferred = 6109928 (5d3ae8 hex)
 Tegra30 (Beaver) # tftpboot 0x82000000 tegra30-beaver.dtb
 Using asx0 device
 TFTP from server 192.168.100.1; our IP address is 192.168.100.101
 Filename 'tegra30-beaver.dtb'.
 Load address: 0x82000000
 Loading: *####
-	 3.1 MiB/s
+	 2.6 MiB/s
 done
 Bytes transferred = 51804 (ca5c hex)
 Tegra30 (Beaver) # bootz 0x81000000 - 0x82000000
-Kernel image @ 0x81000000 [ 0x000000 - 0x5d3be8 ]
+Kernel image @ 0x81000000 [ 0x000000 - 0x5d3ae8 ]
 ## Flattened Device Tree blob at 82000000
    Booting using the fdt blob at 0x82000000
    Loading Device Tree to 8fff0000, end 8ffffa5b ... OK
@@ -60,7 +60,7 @@
 
 Uncompressing Linux... done, booting the kernel.
 Booting Linux on physical CPU 0x0
-Linux version 4.12.0-rc4-next-20170607-177215-g8d1b80c (jonathanh@kaivo) (gcc version 4.7.3 20130328 (prerelease) (crosstool-NG linaro-1.13.1-4.7-2013.04-20130415 - Linaro GCC 2013.04) ) #1 SMP PREEMPT Tue Jun 6 23:35:56 PDT 2017
+Linux version 4.12.0-rc4-next-20170608-177427-ge4689b9 (jonathanh@kaivo) (gcc version 4.7.3 20130328 (prerelease) (crosstool-NG linaro-1.13.1-4.7-2013.04-20130415 - Linaro GCC 2013.04) ) #1 SMP PREEMPT Thu Jun 8 00:49:28 PDT 2017
 CPU: ARMv7 Processor [412fc099] revision 9 (ARMv7), cr=10c5387d
 CPU: PIPT / VIPT nonaliasing data cache, VIPT aliasing instruction cache
 OF: fdt: Machine model: NVIDIA Tegra30 Beaver evaluation board
@@ -388,4 +388,4 @@
 Freeing unused kernel memory: 1024K
 bash: cannot set terminal process group (-1): Inappropriate ioctl for device
 bash: no job control in this shell
-root@(none):/# [    4.350174] usb 2-1: new high-speed USB device number 2 using tegra-ehci
+root@(none):/# [    4.370165] usb 2-1: new high-speed USB device number 2 using tegra-ehci
