
U-Boot SPL 2014.01-00219-gc4d376f (Feb 18 2014 - 19:57:18)


U-Boot 2014.01-00219-gc4d376f (Feb 18 2014 - 19:57:18)

TEGRA30
Board: NVIDIA Beaver
I2C:   ready
DRAM:  2 GiB
MMC:   Tegra SD/MMC: 0, Tegra SD/MMC: 1
In:    serial
Out:   serial
Err:   serial
Net:   Net Initialization Skipped
No ethernet found.
Hit any key to stop autoboot:  2  0 
Tegra30 (Beaver) # 
Tegra30 (Beaver) # usb reset
(Re)start USB...
USB0:   USB EHCI 1.00
scanning bus 0 for devices... 2 USB Device(s) found
       scanning usb for storage devices... 0 Storage Device(s) found
       scanning usb for ethernet devices... 
Warning: asx0 using MAC address from net device
1 Ethernet Device(s) found
Tegra30 (Beaver) # setenv bootargs 'ignore_loglevel console=ttyS0,115200n8 rw root=PARTUUID=edbe1840-3633-c751-7993-b0ac834f81e0 rootwait gpt debug noinitrd earlyprintk init=/bin/bash'
Tegra30 (Beaver) # setenv ipaddr 192.168.100.101; setenv serverip 192.168.100.1; setenv tftpserverip 192.168.100.1
Tegra30 (Beaver) # tftpboot 0x81000000 zImage.multi_v7_defconfig
Using asx0 device
TFTP from server 192.168.100.1; our IP address is 192.168.100.101
Filename 'zImage.multi_v7_defconfig'.
Load address: 0x81000000
Loading: *#################################################################
	 #################################################################
	 #################################################################
	 #################################################################
	 #################################################################
	 #################################################################
	 #################################################################
	 #################################################################
	 ###########################
	 3.2 MiB/s
done
Bytes transferred = 8015848 (7a4fe8 hex)
Tegra30 (Beaver) # tftpboot 0x82000000 tegra30-beaver.dtb
Using asx0 device
TFTP from server 192.168.100.1; our IP address is 192.168.100.101
Filename 'tegra30-beaver.dtb'.
Load address: 0x82000000
Loading: *####
	 2.9 MiB/s
done
Bytes transferred = 51848 (ca88 hex)
Tegra30 (Beaver) # bootz 0x81000000 - 0x82000000
Kernel image @ 0x81000000 [ 0x000000 - 0x7a4fe8 ]
## Flattened Device Tree blob at 82000000
   Booting using the fdt blob at 0x82000000
   Loading Device Tree to 8fff0000, end 8ffffa87 ... OK

Starting kernel ...

[    0.000000] Booting Linux on physical CPU 0x0
[    0.000000] Linux version 4.12.0-next-20170705-184676-g0c5f031 (jonathanh@sellafield) (gcc version 4.7.3 20130328 (prerelease) (crosstool-NG linaro-1.13.1-4.7-2013.04-20130415 - Linaro GCC 2013.04)) #1 SMP Tue Jul 4 23:04:35 PDT 2017
[    0.000000] CPU: ARMv7 Processor [412fc099] revision 9 (ARMv7), cr=10c5387d
[    0.000000] CPU: PIPT / VIPT nonaliasing data cache, VIPT aliasing instruction cache
[    0.000000] OF: fdt: Machine model: NVIDIA Tegra30 Beaver evaluation board
[    0.000000] debug: ignoring loglevel setting.
[    0.000000] Memory policy: Data cache writealloc
[    0.000000] efi: Getting EFI parameters from FDT:
[    0.000000] efi: UEFI not found.
[    0.000000] cma: Reserved 64 MiB at 0xfb800000
[    0.000000] On node 0 totalpages: 524032
[    0.000000] free_area_init_node: node 0, pgdat c157dc80, node_mem_map eeff8000
[    0.000000]   DMA zone: 1536 pages used for memmap
[    0.000000]   DMA zone: 0 pages reserved
[    0.000000]   DMA zone: 196608 pages, LIFO batch:31
[    0.000000]   HighMem zone: 327424 pages, LIFO batch:31
[    0.000000] percpu: Embedded 17 pages/cpu @eef87000 s39360 r8192 d22080 u69632
[    0.000000] pcpu-alloc: s39360 r8192 d22080 u69632 alloc=17*4096
[    0.000000] pcpu-alloc: [0] 0 [0] 1 [0] 2 [0] 3 
[    0.000000] Built 1 zonelists in Zone order, mobility grouping on.  Total pages: 522496
[    0.000000] Kernel command line: ignore_loglevel console=ttyS0,115200n8 rw root=PARTUUID=edbe1840-3633-c751-7993-b0ac834f81e0 rootwait gpt debug noinitrd earlyprintk init=/bin/bash
[    0.000000] PID hash table entries: 4096 (order: 2, 16384 bytes)
[    0.000000] Dentry cache hash table entries: 131072 (order: 7, 524288 bytes)
[    0.000000] Inode-cache hash table entries: 65536 (order: 6, 262144 bytes)
[    0.000000] Memory: 1993472K/2096128K available (10240K kernel code, 1558K rwdata, 4452K rodata, 2048K init, 402K bss, 37120K reserved, 65536K cma-reserved, 1244160K highmem)
[    0.000000] Virtual kernel memory layout:
[    0.000000]     vector  : 0xffff0000 - 0xffff1000   (   4 kB)
[    0.000000]     fixmap  : 0xffc00000 - 0xfff00000   (3072 kB)
[    0.000000]     vmalloc : 0xf0800000 - 0xff800000   ( 240 MB)
[    0.000000]     lowmem  : 0xc0000000 - 0xf0000000   ( 768 MB)
[    0.000000]     pkmap   : 0xbfe00000 - 0xc0000000   (   2 MB)
[    0.000000]     modules : 0xbf000000 - 0xbfe00000   (  14 MB)
[    0.000000]       .text : 0xc0208000 - 0xc0d00000   (11232 kB)
[    0.000000]       .init : 0xc1200000 - 0xc1400000   (2048 kB)
[    0.000000]       .data : 0xc1400000 - 0xc1585a58   (1559 kB)
[    0.000000]        .bss : 0xc158ecbc - 0xc15f37fc   ( 403 kB)
[    0.000000] SLUB: HWalign=64, Order=0-3, MinObjects=0, CPUs=4, Nodes=1
[    0.000000] Hierarchical RCU implementation.
[    0.000000] 	RCU event tracing is enabled.
[    0.000000] 	RCU restricting CPUs from NR_CPUS=16 to nr_cpu_ids=4.
[    0.000000] RCU: Adjusting geometry for rcu_fanout_leaf=16, nr_cpu_ids=4
[    0.000000] NR_IRQS: 16, nr_irqs: 16, preallocated irqs: 16
[    0.000000] /interrupt-controller@60004000: 160 interrupts forwarded to /interrupt-controller@50041000
[    0.000000] L2C: platform modifies aux control register: 0x02080000 -> 0x3e480001
[    0.000000] L2C: DT/platform modifies aux control register: 0x02080000 -> 0x3e480001
[    0.000000] L2C-310 erratum 769419 enabled
[    0.000000] L2C-310 enabling early BRESP for Cortex-A9
[    0.000000] L2C-310: enabling full line of zeros but not enabled in Cortex-A9
[    0.000000] L2C-310 dynamic clock gating enabled, standby mode enabled
[    0.000000] L2C-310 cache controller enabled, 8 ways, 1024 kB
[    0.000000] L2C-310: CACHE_ID 0x410000c7, AUX_CTRL 0x4e480001
[    0.000013] sched_clock: 32 bits at 1000kHz, resolution 1000ns, wraps every 2147483647500ns
[    0.000029] clocksource: timer_us: mask: 0xffffffff max_cycles: 0xffffffff, max_idle_ns: 1911260446275 ns
[    0.000038] Switching to timer-based delay loop, resolution 1000ns
[    0.002930] Console: colour dummy device 80x30
[    0.002961] Calibrating delay loop (skipped), value calculated using timer frequency.. 2.00 BogoMIPS (lpj=10000)
[    0.002971] pid_max: default: 32768 minimum: 301
[    0.003042] Mount-cache hash table entries: 2048 (order: 1, 8192 bytes)
[    0.003051] Mountpoint-cache hash table entries: 2048 (order: 1, 8192 bytes)
[    0.003411] CPU: Testing write buffer coherency: ok
[    0.003740] CPU0: thread -1, cpu 0, socket 0, mpidr 80000000
[    0.003961] Setting up static identity map for 0x80300000 - 0x803000a0
[    0.005290] Hierarchical SRCU implementation.
[    0.006608] Tegra Revision: A03 SKU: 128 CPU Process: 4 SoC Process: 0
[    0.007182] EFI services will not be available.
[    0.007281] smp: Bringing up secondary CPUs ...
[    0.010383] CPU1: thread -1, cpu 1, socket 0, mpidr 80000001
[    0.020358] CPU2: thread -1, cpu 2, socket 0, mpidr 80000002
[    0.030339] CPU3: thread -1, cpu 3, socket 0, mpidr 80000003
[    0.030383] smp: Brought up 1 node, 4 CPUs
[    0.030397] SMP: Total of 4 processors activated (8.00 BogoMIPS).
[    0.030401] CPU: All CPU(s) started in SVC mode.
[    0.031109] devtmpfs: initialized
[    0.039299] VFP support v0.3: implementor 41 architecture 3 part 30 variant 9 rev 4
[    0.039721] clocksource: jiffies: mask: 0xffffffff max_cycles: 0xffffffff, max_idle_ns: 19112604462750000 ns
[    0.039741] futex hash table entries: 1024 (order: 4, 65536 bytes)
[    0.043192] pinctrl core: initialized pinctrl subsystem
[    0.044631] DMI not present or invalid.
[    0.044837] random: get_random_u32 called from bucket_table_alloc+0xe8/0x254 with crng_init=0
[    0.044893] NET: Registered protocol family 16
[    0.047231] DMA: preallocated 256 KiB pool for atomic coherent allocations
[    0.048985] cpuidle: using governor menu
[    0.062864] No ATAGs?
[    0.062971] hw-breakpoint: found 5 (+1 reserved) breakpoint and 1 watchpoint registers.
[    0.062981] hw-breakpoint: maximum watchpoint size is 4 bytes.
[    0.067197] Serial: AMBA PL011 UART driver
[    0.067668] tegra-mc 7000f000.memory-controller: no memory timings for RAM code 3 registered
[    0.077092] AT91: Could not find identification node
[    0.077576] vdd_5v_sata: Failed to request enable GPIO30: -517
[    0.077590] reg-fixed-voltage regulators:regulator@3: Failed to register regulator: -517
[    0.077640] usb1_vbus: Failed to request enable GPIO238: -517
[    0.077647] reg-fixed-voltage regulators:regulator@4: Failed to register regulator: -517
[    0.077694] usb3_vbus: Failed to request enable GPIO236: -517
[    0.077702] reg-fixed-voltage regulators:regulator@5: Failed to register regulator: -517
[    0.077803] sys_3v3_pexs: Failed to request enable GPIO95: -517
[    0.077810] reg-fixed-voltage regulators:regulator@7: Failed to register regulator: -517
[    0.079565] vgaarb: loaded
[    0.080070] SCSI subsystem initialized
[    0.080201] libata version 3.00 loaded.
[    0.080348] usbcore: registered new interface driver usbfs
[    0.080381] usbcore: registered new interface driver hub
[    0.080414] usbcore: registered new device driver usb
[    0.087488] vrtc: supplied by vdd_5v_in
[    0.090792] vio: supplied by vdd_5v_in
[    0.101834] vdd1: supplied by vdd_5v_in
[    0.102285] random: fast init done
[    0.103192] vddio_ddr_1v2: Bringing 600000uV into 1200000-1200000uV
[    0.111840] vdd2: supplied by vdd_5v_in
[    0.131828] ldo1: supplied by vdd_1v5_gen
[    0.134224] ldo2: supplied by vdd_1v5_gen
[    0.134695] vdd_sata,avdd_plle: Bringing 1200000uV into 1050000-1050000uV
[    0.136930] ldo3: supplied by vdd_5v_in
[    0.139297] ldo4: supplied by vdd_5v_in
[    0.141832] ldo5: supplied by vdd_5v_in
[    0.151834] ldo6: supplied by vdd_1v8_gen
[    0.152303] avdd_dsi_csi,pwrdet_mipi: Bringing 1000000uV into 1200000-1200000uV
[    0.154554] ldo7: supplied by vdd_1v8_gen
[    0.161827] ldo8: supplied by vdd_1v8_gen
[    0.171935] pps_core: LinuxPPS API ver. 1 registered
[    0.171941] pps_core: Software ver. 5.3.6 - Copyright 2005-2007 Rodolfo Giometti <giometti@linux.it>
[    0.171954] PTP clock support registered
[    0.172088] EDAC MC: Ver: 3.0.0
[    0.172328] dmi: Firmware registration failed.
[    0.173621] clocksource: Switched to clocksource timer_us
[    0.205942] NET: Registered protocol family 2
[    0.206373] TCP established hash table entries: 8192 (order: 3, 32768 bytes)
[    0.206428] TCP bind hash table entries: 8192 (order: 4, 65536 bytes)
[    0.206512] TCP: Hash tables configured (established 8192 bind 8192)
[    0.206653] UDP hash table entries: 512 (order: 2, 16384 bytes)
[    0.206721] UDP-Lite hash table entries: 512 (order: 2, 16384 bytes)
[    0.206892] NET: Registered protocol family 1
[    0.207237] RPC: Registered named UNIX socket transport module.
[    0.207245] RPC: Registered udp transport module.
[    0.207249] RPC: Registered tcp transport module.
[    0.207253] RPC: Registered tcp NFSv4.1 backchannel transport module.
[    0.207263] PCI: CLS 0 bytes, default 64
[    0.208065] hw perfevents: no interrupt-affinity property for /pmu, guessing.
[    0.208272] hw perfevents: enabled with armv7_cortex_a9 PMU driver, 7 counters available
[    0.209436] workingset: timestamp_bits=30 max_order=19 bucket_order=0
[    0.214116] squashfs: version 4.0 (2009/01/31) Phillip Lougher
[    0.214588] NFS: Registering the id_resolver key type
[    0.214614] Key type id_resolver registered
[    0.214618] Key type id_legacy registered
[    0.214647] ntfs: driver 2.1.32 [Flags: R/O].
[    0.215746] bounce: pool size: 64 pages
[    0.215785] Block layer SCSI generic (bsg) driver version 0.4 loaded (major 248)
[    0.215794] io scheduler noop registered
[    0.215798] io scheduler deadline registered
[    0.215894] io scheduler cfq registered (default)
[    0.215899] io scheduler mq-deadline registered
[    0.215904] io scheduler kyber registered
[    0.222059] tegra30-pinctrl 70000868.pinmux: invalid group "sdmmc3_dat6_pd3" for function "rsvd1"
[    0.222075] tegra30-pinctrl 70000868.pinmux: invalid group "sdmmc3_dat7_pd4" for function "rsvd1"
[    0.222089] tegra30-pinctrl 70000868.pinmux: invalid group "vi_vsync_pd6" for function "rsvd1"
[    0.222098] tegra30-pinctrl 70000868.pinmux: invalid group "vi_hsync_pd7" for function "rsvd1"
[    0.222555] tegra30-pinctrl 70000868.pinmux: invalid group "hdmi_int_pn7" for function "rsvd1"
[    0.222600] tegra30-pinctrl 70000868.pinmux: invalid group "ulpi_data3_po4" for function "rsvd1"
[    0.222927] tegra30-pinctrl 70000868.pinmux: invalid group "vi_d10_pt2" for function "rsvd1"
[    0.222939] tegra30-pinctrl 70000868.pinmux: invalid group "vi_d11_pt3" for function "rsvd1"
[    0.222951] tegra30-pinctrl 70000868.pinmux: invalid group "vi_d0_pt4" for function "rsvd1"
[    0.222992] tegra30-pinctrl 70000868.pinmux: invalid group "pu0" for function "rsvd1"
[    0.223022] tegra30-pinctrl 70000868.pinmux: invalid group "pu3" for function "rsvd1"
[    0.223052] tegra30-pinctrl 70000868.pinmux: invalid group "pu6" for function "rsvd1"
[    0.223092] tegra30-pinctrl 70000868.pinmux: invalid group "pv3" for function "rsvd1"
[    0.223585] tegra30-pinctrl 70000868.pinmux: invalid group "pbb0" for function "rsvd1"
[    0.223748] tegra30-pinctrl 70000868.pinmux: invalid group "pcc1" for function "rsvd1"
[    0.228799] tegra-pcie 3000.pcie: 2x3 configuration
[    0.228957] tegra-pcie 3000.pcie: Failed to get supply 'hvdd-pex': -517
[    0.234610] tegra-apbdma 6000a000.dma: Tegra20 APB DMA driver register 32 channels
[    0.236053] tegra-pmc 7000e400.pmc: i2c-thermtrip node not found, emergency thermal reset disabled.
[    0.268639] Serial: 8250/16550 driver, 4 ports, IRQ sharing disabled
[    0.270728] console [ttyS0] disabled
[    0.270769] 70006000.serial: ttyS0 at MMIO 0x70006000 (irq = 331, base_baud = 25500000) is a Tegra
[    1.315727] console [ttyS0] enabled
[    1.319740] SuperH (H)SCI(F) driver initialized
[    1.324871] msm_serial: driver initialized
[    1.329057] STMicroelectronics ASC driver initialized
[    1.337498] tegra-hdmi 54280000.hdmi: failed to get HDMI regulator
[    1.351115] brd: module loaded
[    1.359385] loop: module loaded
[    1.368278] m25p80 spi32766.1: w25q32 (4096 Kbytes)
[    1.374914] libphy: Fixed MDIO Bus: probed
[    1.379701] CAN device driver interface
[    1.384094] bgmac_bcma: Broadcom 47xx GBit MAC driver loaded
[    1.390450] e1000e: Intel(R) PRO/1000 Network Driver - 3.2.6-k
[    1.396284] e1000e: Copyright(c) 1999 - 2015 Intel Corporation.
[    1.402223] igb: Intel(R) Gigabit Ethernet Network Driver - version 5.4.0-k
[    1.409194] igb: Copyright (c) 2007-2014 Intel Corporation.
[    1.416804] pegasus: v0.9.3 (2013/04/25), Pegasus/Pegasus II USB Ethernet driver
[    1.424244] usbcore: registered new interface driver pegasus
[    1.429913] usbcore: registered new interface driver asix
[    1.435335] usbcore: registered new interface driver ax88179_178a
[    1.441431] usbcore: registered new interface driver cdc_ether
[    1.447286] usbcore: registered new interface driver smsc75xx
[    1.453041] usbcore: registered new interface driver smsc95xx
[    1.458800] usbcore: registered new interface driver net1080
[    1.464470] usbcore: registered new interface driver cdc_subset
[    1.470390] usbcore: registered new interface driver zaurus
[    1.475998] usbcore: registered new interface driver cdc_ncm
[    1.483063] ehci_hcd: USB 2.0 'Enhanced' Host Controller (EHCI) Driver
[    1.489585] ehci-pci: EHCI PCI platform driver
[    1.494050] ehci-platform: EHCI generic platform driver
[    1.499376] ehci-orion: EHCI orion driver
[    1.503458] SPEAr-ehci: EHCI SPEAr driver
[    1.507540] ehci-st: EHCI STMicroelectronics driver
[    1.512474] ehci-exynos: EHCI EXYNOS driver
[    1.516743] ehci-atmel: EHCI Atmel driver
[    1.520810] tegra-ehci: Tegra EHCI driver
[    1.525124] ohci_hcd: USB 1.1 'Open' Host Controller (OHCI) Driver
[    1.531297] ohci-pci: OHCI PCI platform driver
[    1.535768] ohci-platform: OHCI generic platform driver
[    1.541089] SPEAr-ohci: OHCI SPEAr driver
[    1.545178] ohci-st: OHCI STMicroelectronics driver
[    1.550114] ohci-atmel: OHCI Atmel driver
[    1.554543] usbcore: registered new interface driver usb-storage
[    1.563253] tegra_rtc 7000e000.rtc: rtc core: registered 7000e000.rtc as rtc1
[    1.570425] tegra_rtc 7000e000.rtc: Tegra internal Real Time Clock
[    1.589254] tps65910-rtc tps65910-rtc: rtc core: registered tps65910-rtc as rtc0
[    1.596842] i2c /dev entries driver
[    1.608423] sdhci: Secure Digital Host Controller Interface driver
[    1.614613] sdhci: Copyright(c) Pierre Ossman
[    1.619846] Synopsys Designware Multimedia Card Interface Driver
[    1.626572] sdhci-pltfm: SDHCI platform and OF driver helper
[    1.632746] sdhci-tegra 78000000.sdhci: Got CD GPIO
[    1.637638] sdhci-tegra 78000000.sdhci: Got WP GPIO
[    1.650809] mmc0: Invalid maximum block size, assuming 512 bytes
[    1.713707] mmc0: SDHCI controller on 78000000.sdhci [78000000.sdhci] using ADMA
[    1.730058] mmc1: Invalid maximum block size, assuming 512 bytes
[    1.793641] mmc1: SDHCI controller on 78000600.sdhci [78000600.sdhci] using ADMA
[    1.802336] ledtrig-cpu: registered to indicate activity on CPUs
[    1.808555] usbcore: registered new interface driver usbhid
[    1.814126] usbhid: USB HID core driver
[    1.820383] NET: Registered protocol family 10
[    1.825478] Segment Routing with IPv6
[    1.829169] sit: IPv6, IPv4 and MPLS over IPv4 tunneling driver
[    1.835510] NET: Registered protocol family 17
[    1.839946] can: controller area network core (rev 20170425 abi 9)
[    1.846169] NET: Registered protocol family 29
[    1.850601] can: raw protocol (rev 20170425)
[    1.854873] can: broadcast manager protocol (rev 20170425 t)
[    1.860520] can: netlink gateway (rev 20170425) max_hops=1
[    1.866272] Key type dns_resolver registered
[    1.870962] ThumbEE CPU extension supported.
[    1.875241] Registering SWP/SWPB emulation handler
[    1.890267] vdd_ddr: supplied by vdd_5v_in
[    1.895217] vdd_5v_sata: supplied by vdd_5v_in
[    1.899991] usb1_vbus: supplied by vdd_5v_in
[    1.904581] usb3_vbus: supplied by vdd_5v_in
[    1.910082] sys_3v3,vdd_3v3_alw: supplied by vdd_5v_in
[    1.916021] sys_3v3_pexs: supplied by sys_3v3,vdd_3v3_alw
[    1.921536] +VDD_5V_HDMI: supplied by sys_3v3,vdd_3v3_alw
[    1.927594] tegra-pcie 3000.pcie: 2x3 configuration
[    1.936445] tegra-pcie 3000.pcie: probing port 0, using 2 lanes
[    1.942888] mmc1: new high speed MMC card at address 0001
[    1.949135] mmcblk1: mmc1:0001 SEM16G 14.8 GiB 
[    1.954236] mmcblk1boot0: mmc1:0001 SEM16G partition 1 1.00 MiB
[    1.960251] mmcblk1boot1: mmc1:0001 SEM16G partition 2 1.00 MiB
[    1.966711] mmcblk1rpmb: mmc1:0001 SEM16G partition 3 128 KiB
[    1.976859] Primary GPT is invalid, using alternate GPT.
[    1.982176]  mmcblk1: p1 p2 p3 p4 p5
[    1.989504] mmc0: new ultra high speed DDR50 SDHC card at address aaaa
[    1.997103] mmcblk0: mmc0:aaaa SS04G 3.69 GiB 
[    2.000693] tegra-pcie 3000.pcie: probing port 2, using 2 lanes
[    2.028864]  mmcblk0: p1 p2 p3
[    2.404599] tegra-pcie 3000.pcie: link 2 down, retrying
[    2.813680] tegra-pcie 3000.pcie: link 2 down, retrying
[    3.222763] tegra-pcie 3000.pcie: link 2 down, retrying
[    3.230008] tegra-pcie 3000.pcie: link 2 down, ignoring
[    3.235367] tegra-pcie 3000.pcie: PCI host bridge to bus 0000:00
[    3.241363] pci_bus 0000:00: root bus resource [io  0x0000-0xffff]
[    3.247541] pci_bus 0000:00: root bus resource [mem 0x20000000-0x27ffffff]
[    3.254408] pci_bus 0000:00: root bus resource [mem 0x28000000-0x3fffffff pref]
[    3.261700] pci_bus 0000:00: root bus resource [bus 00-ff]
[    3.267204] pci 0000:00:01.0: [10de:0e1c] type 01 class 0x060400
[    3.273209] pci_bus 0000:00: 2-byte config write to 0000:00:01.0 offset 0x4 may corrupt adjacent RW1C bits
[    3.282852] pci_bus 0000:00: 2-byte config write to 0000:00:01.0 offset 0x4 may corrupt adjacent RW1C bits
[    3.292507] pci_bus 0000:00: 2-byte config write to 0000:00:01.0 offset 0x88 may corrupt adjacent RW1C bits
[    3.302252] pci_bus 0000:00: 2-byte config write to 0000:00:01.0 offset 0x52 may corrupt adjacent RW1C bits
[    3.311996] pci 0000:00:01.0: PME# supported from D0 D1 D2 D3hot D3cold
[    3.318605] pci_bus 0000:00: 2-byte config write to 0000:00:01.0 offset 0x4c may corrupt adjacent RW1C bits
[    3.328499] pci_bus 0000:00: 2-byte config write to 0000:00:01.0 offset 0x3e may corrupt adjacent RW1C bits
[    3.338231] pci_bus 0000:00: 2-byte config write to 0000:00:01.0 offset 0x4 may corrupt adjacent RW1C bits
[    3.347873] pci_bus 0000:00: 1-byte config write to 0000:00:01.0 offset 0xc may corrupt adjacent RW1C bits
[    3.357511] PCI: bus0: Fast back to back transfers disabled
[    3.363070] pci 0000:00:01.0: bridge configuration invalid ([bus 00-00]), reconfiguring
[    3.371063] pci_bus 0000:00: 2-byte config write to 0000:00:01.0 offset 0x3e may corrupt adjacent RW1C bits
[    3.380791] pci_bus 0000:00: 2-byte config write to 0000:00:01.0 offset 0x3e may corrupt adjacent RW1C bits
[    3.390613] pci 0000:01:00.0: [10ec:8168] type 00 class 0x020000
[    3.396641] pci 0000:01:00.0: reg 0x10: [io  0x0000-0x00ff]
[    3.402214] pci 0000:01:00.0: reg 0x18: [mem 0x00000000-0x00000fff 64bit pref]
[    3.409437] pci 0000:01:00.0: reg 0x20: [mem 0x00000000-0x00003fff 64bit pref]
[    3.416718] pci 0000:01:00.0: supports D1 D2
[    3.420975] pci 0000:01:00.0: PME# supported from D0 D1 D2 D3hot D3cold
[    3.453655] PCI: bus1: Fast back to back transfers disabled
[    3.459216] pci_bus 0000:01: busn_res: [bus 01-ff] end is updated to 01
[    3.465851] pci 0000:00:01.0: BAR 9: assigned [mem 0x28000000-0x280fffff 64bit pref]
[    3.473577] pci 0000:00:01.0: BAR 7: assigned [io  0x1000-0x1fff]
[    3.479667] pci 0000:01:00.0: BAR 4: assigned [mem 0x28000000-0x28003fff 64bit pref]
[    3.487413] pci 0000:01:00.0: BAR 2: assigned [mem 0x28004000-0x28004fff 64bit pref]
[    3.495156] pci 0000:01:00.0: BAR 0: assigned [io  0x1000-0x10ff]
[    3.501237] pci 0000:00:01.0: PCI bridge to [bus 01]
[    3.506196] pci 0000:00:01.0:   bridge window [io  0x1000-0x1fff]
[    3.512276] pci 0000:00:01.0:   bridge window [mem 0x28000000-0x280fffff 64bit pref]
[    3.520027] pci 0000:00:01.0: nv_msi_ht_cap_quirk didn't locate host bridge
[    3.527085] pcieport 0000:00:01.0: enabling device (0140 -> 0143)
[    3.533367] pcieport 0000:00:01.0: Signaling PME with IRQ 374
[    3.539345] r8169 Gigabit Ethernet driver 2.3LK-NAPI loaded
[    3.544934] r8169 0000:01:00.0: enabling device (0140 -> 0143)
[    3.551706] r8169 0000:01:00.0 eth0: RTL8168evl/8111evl at 0xf0b1c000, 02:04:4b:01:60:a6, XID 0c900800 IRQ 375
[    3.561709] r8169 0000:01:00.0 eth0: jumbo features [frames: 9200 bytes, tx checksumming: ko]
[    3.577101] utmi_phy_clk_enable: timeout waiting for phy to stabilize
[    3.583551] tegra-ehci 7d004000.usb: EHCI Host Controller
[    3.588977] tegra-ehci 7d004000.usb: new USB bus registered, assigned bus number 1
[    3.596741] tegra-ehci 7d004000.usb: irq 343, io mem 0x7d004000
[    3.624033] tegra-ehci 7d004000.usb: USB 2.0 started, EHCI 1.00
[    3.630525] hub 1-0:1.0: USB hub found
[    3.634329] hub 1-0:1.0: 1 port detected
[    3.639420] tegra-ehci 7d008000.usb: EHCI Host Controller
[    3.644844] tegra-ehci 7d008000.usb: new USB bus registered, assigned bus number 2
[    3.652573] tegra-ehci 7d008000.usb: irq 344, io mem 0x7d008000
[    3.684015] tegra-ehci 7d008000.usb: USB 2.0 started, EHCI 1.00
[    3.690393] hub 2-0:1.0: USB hub found
[    3.694179] hub 2-0:1.0: 1 port detected
[    3.703321] tps65910-rtc tps65910-rtc: setting system clock to 2000-01-01 00:00:02 UTC (946684802)
[    3.712836] vdd_sata,avdd_plle: disabling
[    3.717600] usb1_vbus: disabling
[    3.722353] EXT4-fs (mmcblk1p1): mounting ext3 file system using the ext4 subsystem
[    3.782505] EXT4-fs (mmcblk1p1): warning: mounting fs with errors, running e2fsck is recommended
[    3.792728] EXT4-fs (mmcblk1p1): recovery complete
[    3.798713] EXT4-fs (mmcblk1p1): mounted filesystem with ordered data mode. Opts: (null)
[    3.806846] VFS: Mounted root (ext3 filesystem) on device 179:1.
[    3.817432] devtmpfs: mounted
[    3.822906] Freeing unused kernel memory: 2048K
bash: cannot set terminal process group (-1): Inappropriate ioctl for device
bash: no job control in this shell
root@(none):/# [    4.054041] usb 2-1: new high-speed USB device number 2 using tegra-ehci
[    4.734188] asix 2-1:1.0 eth1: register 'asix' at usb-7d008000.usb-1, ASIX AX88772 USB 2.0 Ethernet, 00:50:b6:0f:67:60
