
U-Boot SPL 2014.01-00219-gc4d376f (Feb 18 2014 - 19:57:32)


U-Boot 2014.01-00219-gc4d376f (Feb 18 2014 - 19:57:32)

TEGRA114
Board: NVIDIA Dalmore
I2C:   ready
DRAM:  2 GiB
MMC:   Tegra SD/MMC: 0, Tegra SD/MMC: 1
In:    serial
Out:   serial
Err:   serial
Net:   Net Initialization Skipped
No ethernet found.
Hit any key to stop autoboot:  2  0 
Tegra114 (Dalmore) # 
Tegra114 (Dalmore) # usb reset
(Re)start USB...
USB0:   USB EHCI 1.10
scanning bus 0 for devices... 2 USB Device(s) found
       scanning usb for storage devices... 0 Storage Device(s) found
       scanning usb for ethernet devices... 
Warning: asx0 using MAC address from net device
1 Ethernet Device(s) found
Tegra114 (Dalmore) # setenv bootargs 'ignore_loglevel console=ttyS0,115200n8 rw root=PARTUUID=7369c667-ff51-ec4a-29cd-baabf2fbe346 rootwait gpt debug earlyprintk init=/bin/bash'
Tegra114 (Dalmore) # setenv ipaddr 192.168.100.100; setenv serverip 192.168.100.1; setenv tftpserverip 192.168.100.1
Tegra114 (Dalmore) # tftpboot 0x81000000 zImage.multi_v7_defconfig
Using asx0 device
TFTP from server 192.168.100.1; our IP address is 192.168.100.100
Filename 'zImage.multi_v7_defconfig'.
Load address: 0x81000000
Loading: *#################################################################
	 #################################################################
	 #################################################################
	 #################################################################
	 #################################################################
	 #################################################################
	 #################################################################
	 #################################################################
	 ####################
	 3 MiB/s
done
Bytes transferred = 7917152 (78ce60 hex)
Tegra114 (Dalmore) # tftpboot 0x82000000 tegra114-dalmore.dtb
Using asx0 device
TFTP from server 192.168.100.1; our IP address is 192.168.100.100
Filename 'tegra114-dalmore.dtb'.
Load address: 0x82000000
Loading: *###
	 2 MiB/s
done
Bytes transferred = 35044 (88e4 hex)
Tegra114 (Dalmore) # bootz 0x81000000 - 0x82000000
Kernel image @ 0x81000000 [ 0x000000 - 0x78ce60 ]
## Flattened Device Tree blob at 82000000
   Booting using the fdt blob at 0x82000000
   Loading Device Tree to 8fff4000, end 8ffff8e3 ... OK

Starting kernel ...

[    0.000000] Booting Linux on physical CPU 0x0
[    0.000000] Linux version 4.12.0-rc1-next-20170517-172434-g973d630 (jonathanh@sellafield) (gcc version 4.7.3 20130328 (prerelease) (crosstool-NG linaro-1.13.1-4.7-2013.04-20130415 - Linaro GCC 2013.04) ) #1 SMP Wed May 17 08:48:24 PDT 2017
[    0.000000] CPU: ARMv7 Processor [412fc0f2] revision 2 (ARMv7), cr=10c5387d
[    0.000000] CPU: div instructions available: patching division code
[    0.000000] CPU: PIPT / VIPT nonaliasing data cache, PIPT instruction cache
[    0.000000] OF: fdt: Machine model: NVIDIA Tegra114 Dalmore evaluation board
[    0.000000] debug: ignoring loglevel setting.
[    0.000000] Memory policy: Data cache writealloc
[    0.000000] efi: Getting EFI parameters from FDT:
[    0.000000] efi: UEFI not found.
[    0.000000] cma: Reserved 64 MiB at 0xfb800000
[    0.000000] On node 0 totalpages: 524032
[    0.000000] free_area_init_node: node 0, pgdat c157fc40, node_mem_map eeff8000
[    0.000000]   DMA zone: 1536 pages used for memmap
[    0.000000]   DMA zone: 0 pages reserved
[    0.000000]   DMA zone: 196608 pages, LIFO batch:31
[    0.000000]   HighMem zone: 327424 pages, LIFO batch:31
[    0.000000] percpu: Embedded 17 pages/cpu @eef98000 s39168 r8192 d22272 u69632
[    0.000000] pcpu-alloc: s39168 r8192 d22272 u69632 alloc=17*4096
[    0.000000] pcpu-alloc: [0] 0 [0] 1 [0] 2 [0] 3 
[    0.000000] Built 1 zonelists in Zone order, mobility grouping on.  Total pages: 522496
[    0.000000] Kernel command line: ignore_loglevel console=ttyS0,115200n8 rw root=PARTUUID=7369c667-ff51-ec4a-29cd-baabf2fbe346 rootwait gpt debug earlyprintk init=/bin/bash
[    0.000000] PID hash table entries: 4096 (order: 2, 16384 bytes)
[    0.000000] Dentry cache hash table entries: 131072 (order: 7, 524288 bytes)
[    0.000000] Inode-cache hash table entries: 65536 (order: 6, 262144 bytes)
[    0.000000] Memory: 1993548K/2096128K available (10240K kernel code, 1566K rwdata, 4388K rodata, 2048K init, 401K bss, 37044K reserved, 65536K cma-reserved, 1244160K highmem)
[    0.000000] Virtual kernel memory layout:
[    0.000000]     vector  : 0xffff0000 - 0xffff1000   (   4 kB)
[    0.000000]     fixmap  : 0xffc00000 - 0xfff00000   (3072 kB)
[    0.000000]     vmalloc : 0xf0800000 - 0xff800000   ( 240 MB)
[    0.000000]     lowmem  : 0xc0000000 - 0xf0000000   ( 768 MB)
[    0.000000]     pkmap   : 0xbfe00000 - 0xc0000000   (   2 MB)
[    0.000000]     modules : 0xbf000000 - 0xbfe00000   (  14 MB)
[    0.000000]       .text : 0xc0208000 - 0xc0d00000   (11232 kB)
[    0.000000]       .init : 0xc1200000 - 0xc1400000   (2048 kB)
[    0.000000]       .data : 0xc1400000 - 0xc15878b0   (1567 kB)
[    0.000000]        .bss : 0xc1590d10 - 0xc15f5458   ( 402 kB)
[    0.000000] SLUB: HWalign=64, Order=0-3, MinObjects=0, CPUs=4, Nodes=1
[    0.000000] Hierarchical RCU implementation.
[    0.000000] 	RCU event tracing is enabled.
[    0.000000] 	RCU restricting CPUs from NR_CPUS=16 to nr_cpu_ids=4.
[    0.000000] RCU: Adjusting geometry for rcu_fanout_leaf=16, nr_cpu_ids=4
[    0.000000] NR_IRQS:16 nr_irqs:16 16
[    0.000000] /interrupt-controller@60004000: 160 interrupts forwarded to /interrupt-controller@50041000
[    0.000000] Tegra clk 127: register failed with -17
[    0.000009] sched_clock: 32 bits at 1000kHz, resolution 1000ns, wraps every 2147483647500ns
[    0.000029] clocksource: timer_us: mask: 0xffffffff max_cycles: 0xffffffff, max_idle_ns: 1911260446275 ns
[    0.000045] Switching to timer-based delay loop, resolution 1000ns
[    0.003151] arch_timer: cp15 timer(s) running at 12.00MHz (virt).
[    0.003171] clocksource: arch_sys_counter: mask: 0xffffffffffffff max_cycles: 0x2c47f4ee7, max_idle_ns: 440795202497 ns
[    0.003190] sched_clock: 56 bits at 12MHz, resolution 83ns, wraps every 4398046511096ns
[    0.003205] Switching to timer-based delay loop, resolution 83ns
[    0.003588] Console: colour dummy device 80x30
[    0.003618] Calibrating delay loop (skipped), value calculated using timer frequency.. 24.00 BogoMIPS (lpj=120000)
[    0.003636] pid_max: default: 32768 minimum: 301
[    0.003727] Mount-cache hash table entries: 2048 (order: 1, 8192 bytes)
[    0.003743] Mountpoint-cache hash table entries: 2048 (order: 1, 8192 bytes)
[    0.004243] CPU: Testing write buffer coherency: ok
[    0.004483] /cpus/cpu@0 missing clock-frequency property
[    0.004512] /cpus/cpu@1 missing clock-frequency property
[    0.004542] /cpus/cpu@2 missing clock-frequency property
[    0.004574] /cpus/cpu@3 missing clock-frequency property
[    0.004587] CPU0: thread -1, cpu 0, socket 0, mpidr 80000000
[    0.004880] Setting up static identity map for 0x80300000 - 0x803000a0
[    0.006105] Hierarchical SRCU implementation.
[    0.007423] Tegra Revision: A01 SKU: 0 CPU Process: 1 SoC Process: 0
[    0.008050] EFI services will not be available.
[    0.008281] smp: Bringing up secondary CPUs ...
[    0.008917] CPU1: thread -1, cpu 1, socket 0, mpidr 80000001
[    0.009634] CPU2: thread -1, cpu 2, socket 0, mpidr 80000002
[    0.010318] CPU3: thread -1, cpu 3, socket 0, mpidr 80000003
[    0.010407] smp: Brought up 1 node, 4 CPUs
[    0.010428] SMP: Total of 4 processors activated (96.00 BogoMIPS).
[    0.010438] CPU: All CPU(s) started in SVC mode.
[    0.011923] devtmpfs: initialized
[    0.020794] VFP support v0.3: implementor 41 architecture 4 part 30 variant f rev 0
[    0.021131] clocksource: jiffies: mask: 0xffffffff max_cycles: 0xffffffff, max_idle_ns: 19112604462750000 ns
[    0.021150] futex hash table entries: 1024 (order: 4, 65536 bytes)
[    0.022613] pinctrl core: initialized pinctrl subsystem
[    0.024363] NET: Registered protocol family 16
[    0.026546] DMA: preallocated 256 KiB pool for atomic coherent allocations
[    0.028656] cpuidle: using governor menu
[    0.051231] No ATAGs?
[    0.051359] hw-breakpoint: found 5 (+1 reserved) breakpoint and 4 watchpoint registers.
[    0.051375] hw-breakpoint: maximum watchpoint size is 8 bytes.
[    0.056827] Serial: AMBA PL011 UART driver
[    0.057557] tegra-mc 70019000.memory-controller: no memory timings for RAM code 3 registered
[    0.072447] AT91: Could not find identification node
[    0.072926] dvdd_ts: Failed to request enable GPIO61: -517
[    0.072947] reg-fixed-voltage regulators:regulator@1: Failed to register regulator: -517
[    0.073053] usb1_vbus: Failed to request enable GPIO108: -517
[    0.073069] reg-fixed-voltage regulators:regulator@3: Failed to register regulator: -517
[    0.073172] usb2_vbus: Failed to request enable GPIO86: -517
[    0.073187] reg-fixed-voltage regulators:regulator@4: Failed to register regulator: -517
[    0.073660] VDD_5V0_HDMI_CON: Failed to request enable GPIO81: -517
[    0.073675] reg-fixed-voltage regulators:regulator@7: Failed to register regulator: -517
[    0.076060] vgaarb: loaded
[    0.076793] SCSI subsystem initialized
[    0.076955] libata version 3.00 loaded.
[    0.077175] usbcore: registered new interface driver usbfs
[    0.077228] usbcore: registered new interface driver hub
[    0.077289] usbcore: registered new device driver usb
[    0.080481] tps65090 2-0048: No cache defaults, reading back from HW
[    0.082363] TPS65090_RAILSDCDC1: supplied by vdd_ac_bat
[    0.083432] TPS65090_RAILSDCDC2: supplied by vdd_ac_bat
[    0.084503] TPS65090_RAILSDCDC3: supplied by vdd_ac_bat
[    0.085029] TPS65090_RAILSFET1: supplied by vdd_ac_bat
[    0.085403] TPS65090_RAILSFET2: supplied by vdd_ac_bat
[    0.085763] TPS65090_RAILSFET3: supplied by vdd-sys-3v3
[    0.086279] TPS65090_RAILSFET4: supplied by vdd-sys-3v3
[    0.086808] TPS65090_RAILSFET5: supplied by vdd-sys-3v3
[    0.087326] TPS65090_RAILSFET6: supplied by vdd-sys-3v3
[    0.088160] TPS65090_RAILSFET7: supplied by vdd-sys-3v3
[    0.088689] TPS65090_RAILSLDO1: supplied by vdd_ac_bat
[    0.088890] TPS65090_RAILSLDO2: supplied by vdd_ac_bat
[    0.089801] palmas 2-0058: Irq flag is 0x00000004
[    0.091753] palmas 2-0058: Muxing GPIO ff, PWM 0, LED 0
[    0.094228] SMPS12: supplied by vdd-ao
[    0.095243] vdd_hdmi_5v0: supplied by vdd-sys-5v0
[    0.096053] SMPS3: supplied by vdd-ao
[    0.097787] SMPS457: supplied by vdd-sys-3v3
[    0.099429] SMPS6: supplied by regulator-dummy
[    0.100836] SMPS8: supplied by vdd-sys-3v3
[    0.101499] random: fast init done
[    0.102450] SMPS9: supplied by vdd-sys-3v3
[    0.102968] sdhci-vdd-sd-slot: Bringing 2840000uV into 2800000-2800000uV
[    0.104364] SMPS10_OUT2: supplied by regulator-dummy
[    0.105211] SMPS10_OUT1: supplied by regulator-dummy
[    0.106066] LDO1: supplied by vdd-sys-3v3
[    0.107187] LDO2: supplied by vdd-sys-3v3
[    0.108321] LDO3: supplied by vddio-1v8
[    0.109435] LDO4: supplied by vdd-sys-3v3
[    0.110563] LDO5: supplied by vdd_ac_bat
[    0.111260] LDO6: supplied by vdd-sys-3v3
[    0.111770] vdd-sensor-2v85: Bringing 2900000uV into 2850000-2850000uV
[    0.113115] LDO7: supplied by vdd-sys-3v3
[    0.114757] LDO8: supplied by vdd-ao
[    0.115284] vdd-rtc: Bringing 675000uV into 900000-900000uV
[    0.124073] LDO9: supplied by sdhci-vdd-sd-slot
[    0.134379] LDOLN: supplied by vdd-sys-5v0
[    0.135507] LDOUSB: supplied by vdd-sys-5v0
[    0.146680] pps_core: LinuxPPS API ver. 1 registered
[    0.146691] pps_core: Software ver. 5.3.6 - Copyright 2005-2007 Rodolfo Giometti <giometti@linux.it>
[    0.146715] PTP clock support registered
[    0.146892] EDAC MC: Ver: 3.0.0
[    0.149015] clocksource: Switched to clocksource arch_sys_counter
[    0.205781] NET: Registered protocol family 2
[    0.206303] TCP established hash table entries: 8192 (order: 3, 32768 bytes)
[    0.206404] TCP bind hash table entries: 8192 (order: 4, 65536 bytes)
[    0.206593] TCP: Hash tables configured (established 8192 bind 8192)
[    0.206682] UDP hash table entries: 512 (order: 2, 16384 bytes)
[    0.206726] UDP-Lite hash table entries: 512 (order: 2, 16384 bytes)
[    0.206884] NET: Registered protocol family 1
[    0.207197] RPC: Registered named UNIX socket transport module.
[    0.207208] RPC: Registered udp transport module.
[    0.207217] RPC: Registered tcp transport module.
[    0.207226] RPC: Registered tcp NFSv4.1 backchannel transport module.
[    0.207239] PCI: CLS 0 bytes, default 64
[    0.209595] workingset: timestamp_bits=30 max_order=19 bucket_order=0
[    0.218173] squashfs: version 4.0 (2009/01/31) Phillip Lougher
[    0.218875] NFS: Registering the id_resolver key type
[    0.218902] Key type id_resolver registered
[    0.218912] Key type id_legacy registered
[    0.218953] ntfs: driver 2.1.32 [Flags: R/O].
[    0.220656] bounce: pool size: 64 pages
[    0.220698] Block layer SCSI generic (bsg) driver version 0.4 loaded (major 248)
[    0.220710] io scheduler noop registered
[    0.220720] io scheduler deadline registered
[    0.220749] io scheduler cfq registered (default)
[    0.220759] io scheduler mq-deadline registered
[    0.220768] io scheduler kyber registered
[    0.250459] tegra-apbdma 6000a000.dma: Tegra20 APB DMA driver register 32 channels
[    0.252934] tegra-pmc 7000e400.pmc: i2c-thermtrip node not found, emergency thermal reset disabled.
[    0.307456] Serial: 8250/16550 driver, 4 ports, IRQ sharing disabled
[    0.310142] console [ttyS0] disabled
[    0.310184] 70006300.serial: ttyS0 at MMIO 0x70006300 (irq = 329, base_baud = 25500000) is a Tegra
[    1.312957] console [ttyS0] enabled
[    1.317171] SuperH (H)SCI(F) driver initialized
[    1.322588] msm_serial: driver initialized
[    1.326846] STMicroelectronics ASC driver initialized
[    1.337095] tegra-hdmi 54280000.hdmi: failed to get HDMI regulator
[    1.361515] brd: module loaded
[    1.371973] loop: module loaded
[    1.391565] m25p80 spi32766.0: w25q32dw (4096 Kbytes)
[    1.399537] libphy: Fixed MDIO Bus: probed
[    1.404675] CAN device driver interface
[    1.409349] bgmac_bcma: Broadcom 47xx GBit MAC driver loaded
[    1.416160] e1000e: Intel(R) PRO/1000 Network Driver - 3.2.6-k
[    1.421999] e1000e: Copyright(c) 1999 - 2015 Intel Corporation.
[    1.427961] igb: Intel(R) Gigabit Ethernet Network Driver - version 5.4.0-k
[    1.434929] igb: Copyright (c) 2007-2014 Intel Corporation.
[    1.443613] pegasus: v0.9.3 (2013/04/25), Pegasus/Pegasus II USB Ethernet driver
[    1.451066] usbcore: registered new interface driver pegasus
[    1.456766] usbcore: registered new interface driver asix
[    1.462210] usbcore: registered new interface driver ax88179_178a
[    1.468325] usbcore: registered new interface driver cdc_ether
[    1.474216] usbcore: registered new interface driver smsc75xx
[    1.480014] usbcore: registered new interface driver smsc95xx
[    1.485784] usbcore: registered new interface driver net1080
[    1.491487] usbcore: registered new interface driver cdc_subset
[    1.497430] usbcore: registered new interface driver zaurus
[    1.503065] usbcore: registered new interface driver cdc_ncm
[    1.510591] ehci_hcd: USB 2.0 'Enhanced' Host Controller (EHCI) Driver
[    1.517109] ehci-pci: EHCI PCI platform driver
[    1.521599] ehci-platform: EHCI generic platform driver
[    1.526994] ehci-orion: EHCI orion driver
[    1.531156] SPEAr-ehci: EHCI SPEAr driver
[    1.535284] ehci-st: EHCI STMicroelectronics driver
[    1.540293] ehci-exynos: EHCI EXYNOS driver
[    1.544604] ehci-atmel: EHCI Atmel driver
[    1.548726] tegra-ehci: Tegra EHCI driver
[    1.553050] ohci_hcd: USB 1.1 'Open' Host Controller (OHCI) Driver
[    1.559258] ohci-pci: OHCI PCI platform driver
[    1.563737] ohci-platform: OHCI generic platform driver
[    1.569119] ohci-omap3: OHCI OMAP3 driver
[    1.573243] SPEAr-ohci: OHCI SPEAr driver
[    1.577374] ohci-st: OHCI STMicroelectronics driver
[    1.582389] ohci-atmel: OHCI Atmel driver
[    1.587047] usbcore: registered new interface driver usb-storage
[    1.598651] palmas-rtc 7000d000.i2c:tps65913@58:rtc: rtc core: registered 7000d000.i2c:tps659 as rtc0
[    1.609698] tegra_rtc 7000e000.rtc: rtc core: registered 7000e000.rtc as rtc1
[    1.616858] tegra_rtc 7000e000.rtc: Tegra internal Real Time Clock
[    1.623529] i2c /dev entries driver
[    1.633186] sbs-battery 0-000b: sbs_probe: Failed to get device status
[    1.639743] sbs-battery: probe of 0-000b failed with error -121
[    1.655661] sdhci: Secure Digital Host Controller Interface driver
[    1.661865] sdhci: Copyright(c) Pierre Ossman
[    1.667584] Synopsys Designware Multimedia Card Interface Driver
[    1.674733] sdhci-pltfm: SDHCI platform and OF driver helper
[    1.681098] sdhci-tegra 78000400.sdhci: Got CD GPIO
[    1.685986] sdhci-tegra 78000400.sdhci: Got WP GPIO
[    1.699173] mmc0: Invalid maximum block size, assuming 512 bytes
[    1.769150] mmc0: SDHCI controller on 78000400.sdhci [78000400.sdhci] using ADMA
[    1.785799] mmc1: Invalid maximum block size, assuming 512 bytes
[    1.849058] mmc1: SDHCI controller on 78000600.sdhci [78000600.sdhci] using ADMA
[    1.858193] ledtrig-cpu: registered to indicate activity on CPUs
[    1.864581] usbcore: registered new interface driver usbhid
[    1.870166] usbhid: USB HID core driver
[    1.877704] NET: Registered protocol family 10
[    1.883086] Segment Routing with IPv6
[    1.886804] sit: IPv6, IPv4 and MPLS over IPv4 tunneling driver
[    1.893337] NET: Registered protocol family 17
[    1.897783] can: controller area network core (rev 20170425 abi 9)
[    1.904030] NET: Registered protocol family 29
[    1.908469] can: raw protocol (rev 20170425)
[    1.912757] can: broadcast manager protocol (rev 20170425 t)
[    1.918415] can: netlink gateway (rev 20170425) max_hops=1
[    1.924227] Key type dns_resolver registered
[    1.929087] ThumbEE CPU extension supported.
[    1.933359] Registering SWP/SWPB emulation handler
[    1.951886] usb1_vbus: supplied by vdd-sys-5v0
[    1.954692] mmc0: new high speed SDHC card at address aaaa
[    1.955268] mmcblk0: mmc0:aaaa SL16G 14.8 GiB 
[    1.967308] usb2_vbus: supplied by vdd-sys-5v0
[    1.975414] VDD_5V0_HDMI_CON: supplied by vdd-sys-5v0
[    1.982787]  mmcblk0: p1 p2 p3
[    1.993015] tegra-ehci 7d008000.usb: EHCI Host Controller
[    1.998447] tegra-ehci 7d008000.usb: new USB bus registered, assigned bus number 1
[    2.005201] mmc1: new high speed MMC card at address 0001
[    2.006025] mmcblk1: mmc1:0001 SEM32G 29.1 GiB 
[    2.006554] mmcblk1boot0: mmc1:0001 SEM32G partition 1 4.00 MiB
[    2.006858] mmcblk1boot1: mmc1:0001 SEM32G partition 2 4.00 MiB
[    2.007440] mmcblk1rpmb: mmc1:0001 SEM32G partition 3 4.00 MiB
[    2.010795]  mmcblk1: p1 p2 p3 p4 p5 p6 p7 p8
[    2.038284] tegra-ehci 7d008000.usb: irq 339, io mem 0x7d008000
[    2.069155] tegra-ehci 7d008000.usb: USB 2.0 started, EHCI 1.10
[    2.076259] hub 1-0:1.0: USB hub found
[    2.080140] hub 1-0:1.0: 1 port detected
[    2.085801] input: gpio-keys as /devices/soc0/gpio-keys/input/input0
[    2.094741] palmas-rtc 7000d000.i2c:tps65913@58:rtc: setting system clock to 2001-03-11 03:25:04 UTC (984281104)
[    2.105502] vdd_hdmi_5v0: disabling
[    2.116297] dvdd_ts: disabling
[    2.119419] usb1_vbus: disabling
[    2.122659] vdd_cam_1v8_reg: disabling
[    2.126407] VDD_5V0_HDMI_CON: disabling
[    2.131848] EXT4-fs (mmcblk1p1): mounting ext3 file system using the ext4 subsystem
[    2.155255] EXT4-fs (mmcblk1p1): recovery complete
[    2.160125] EXT4-fs (mmcblk1p1): mounted filesystem with ordered data mode. Opts: (null)
[    2.168258] VFS: Mounted root (ext3 filesystem) on device 179:17.
[    2.176864] devtmpfs: mounted
[    2.181844] Freeing unused kernel memory: 2048K
bash: cannot set terminal process group (-1): Inappropriate ioctl for device
bash: no job control in this shell
root@(none):/# [    2.439154] usb 1-1: new high-speed USB device number 2 using tegra-ehci
[    3.112898] asix 1-1:1.0 eth0: register 'asix' at usb-7d008000.usb-1, ASIX AX88772 USB 2.0 Ethernet, 00:50:b6:0d:b5:16
mount -t sysfs none /sys
root@(none):/# 
root@(none):/# mount -t debugfs none /sys/kernel/debug
root@(none):/# 
root@(none):/# rtcwake -d rtc1 -m mem -s 3
rtcwake: assuming RTC uses UTC ...
rtcwake: wakeup from "mem" using /dev/rtc1 at Thu Jan  1 00:00:20 1970
[    5.388123] PM: Syncing filesystems ... done.
[    5.393599] Freezing user space processes ... (elapsed 0.001 seconds) done.
[    5.401923] OOM killer disabled.
[    5.405147] Freezing remaining freezable tasks ... (elapsed 0.001 seconds) done.
[    5.413957] Suspending console(s) (use no_console_suspend to debug)
[    5.471171] PM: suspend of devices complete after 49.703 msecs
[    5.474220] PM: late suspend of devices complete after 3.032 msecs
[    5.476202] PM: noirq suspend of devices complete after 1.971 msecs
[    5.476208] Disabling non-boot CPUs ...
[    5.609723] IRQ17 no longer affine to CPU2
[    5.752761] Entering suspend state LP1
[    5.752761] Suspended for 7.569 seconds
[    5.752781] Enabling non-boot CPUs ...
[    5.783032] CPU1 is up
[    5.823176] CPU2 is up
[    5.863818] CPU3 is up
[    5.864952] PM: noirq resume of devices complete after 1.121 msecs
[    5.867472] PM: early resume of devices complete after 2.234 msecs
[    6.409450] PM: resume of devices complete after 541.960 msecs
[    6.473796] OOM killer enabled.
[    6.476932] Restarting tasks ... done.
root@(none):/# 
root@(none):/# rtcwake -d rtc1 -m mem -s 3
rtcwake: assuming RTC uses UTC ...
rtcwake: wakeup from "mem" using /dev/rtc1 at Thu Jan  1 00:00:30 1970
[    7.821376] PM: Syncing filesystems ... done.
[    7.826749] Freezing user space processes ... (elapsed 0.001 seconds) done.
[    7.835004] OOM killer disabled.
[    7.838227] Freezing remaining freezable tasks ... (elapsed 0.001 seconds) done.
[    7.847040] Suspending console(s) (use no_console_suspend to debug)
[    7.901297] PM: suspend of devices complete after 46.721 msecs
[    7.904321] PM: late suspend of devices complete after 3.007 msecs
[    7.906272] PM: noirq suspend of devices complete after 1.940 msecs
[    7.906278] Disabling non-boot CPUs ...
[    8.039502] IRQ17 no longer affine to CPU2
[    8.192495] Entering suspend state LP1
[    8.192495] Suspended for 8.143 seconds
[    8.192515] Enabling non-boot CPUs ...
[    8.222985] CPU1 is up
[    8.263120] CPU2 is up
[    8.303795] CPU3 is up
[    8.304932] PM: noirq resume of devices complete after 1.124 msecs
[    8.306915] PM: early resume of devices complete after 1.544 msecs
[    8.847972] PM: resume of devices complete after 541.039 msecs
[    8.912280] OOM killer enabled.
[    8.915414] Restarting tasks ... done.
root@(none):/# 
root@(none):/# rtcwake -d rtc1 -m mem -s 3
rtcwake: assuming RTC uses UTC ...
rtcwake: wakeup from "mem" using /dev/rtc1 at Thu Jan  1 00:00:40 1970
[    9.670684] PM: Syncing filesystems ... done.
[    9.676429] Freezing user space processes ... (elapsed 0.001 seconds) done.
[    9.684808] OOM killer disabled.
[    9.688032] Freezing remaining freezable tasks ... (elapsed 0.001 seconds) done.
[    9.696709] Suspending console(s) (use no_console_suspend to debug)
[    9.751362] PM: suspend of devices complete after 47.131 msecs
[    9.754568] PM: late suspend of devices complete after 3.189 msecs
[    9.756544] PM: noirq suspend of devices complete after 1.965 msecs
[    9.756550] Disabling non-boot CPUs ...
[    9.789412] IRQ17 no longer affine to CPU1
[   10.032619] Entering suspend state LP1
[   10.032619] Suspended for 7.576 seconds
[   10.032639] Enabling non-boot CPUs ...
[   10.063003] CPU1 is up
[   10.103090] CPU2 is up
[   10.143769] CPU3 is up
[   10.144918] PM: noirq resume of devices complete after 1.138 msecs
[   10.147708] PM: early resume of devices complete after 2.331 msecs
[   10.685980] PM: resume of devices complete after 538.254 msecs
[   10.750227] OOM killer enabled.
[   10.753362] Restarting tasks ... done.
root@(none):/# 
root@(none):/# rtcwake -d rtc1 -m mem -s 3
rtcwake: assuming RTC uses UTC ...
rtcwake: wakeup from "mem" using /dev/rtc1 at Thu Jan  1 00:00:50 1970
[   12.099171] PM: Syncing filesystems ... done.
[   12.104693] Freezing user space processes ... (elapsed 0.001 seconds) done.
[   12.112942] OOM killer disabled.
[   12.116165] Freezing remaining freezable tasks ... (elapsed 0.001 seconds) done.
[   12.124988] Suspending console(s) (use no_console_suspend to debug)
[   12.181250] PM: suspend of devices complete after 48.748 msecs
[   12.183994] PM: late suspend of devices complete after 2.728 msecs
[   12.186138] PM: noirq suspend of devices complete after 2.131 msecs
[   12.186145] Disabling non-boot CPUs ...
[   12.472311] Entering suspend state LP1
[   12.472311] Suspended for 8.143 seconds
[   12.472331] Enabling non-boot CPUs ...
[   12.502908] CPU1 is up
[   12.543022] CPU2 is up
[   12.583690] CPU3 is up
[   12.584822] PM: noirq resume of devices complete after 1.121 msecs
[   12.587187] PM: early resume of devices complete after 1.904 msecs
[   13.129188] PM: resume of devices complete after 541.983 msecs
[   13.189325] OOM killer enabled.
[   13.192460] Restarting tasks ... done.
root@(none):/# 
root@(none):/# rtcwake -d rtc1 -m mem -s 3
rtcwake: assuming RTC uses UTC ...
rtcwake: wakeup from "mem" using /dev/rtc1 at Thu Jan  1 00:01:00 1970
[   13.963599] PM: Syncing filesystems ... done.
[   13.969257] Freezing user space processes ... (elapsed 0.001 seconds) done.
[   13.977587] OOM killer disabled.
[   13.980845] Freezing remaining freezable tasks ... (elapsed 0.001 seconds) done.
[   13.989540] Suspending console(s) (use no_console_suspend to debug)
[   14.041215] PM: suspend of devices complete after 44.174 msecs
[   14.044182] PM: late suspend of devices complete after 2.948 msecs
[   14.046130] PM: noirq suspend of devices complete after 1.938 msecs
[   14.046136] Disabling non-boot CPUs ...
[   14.342498] Entering suspend state LP1
[   14.342498] Suspended for 7.546 seconds
[   14.342519] Enabling non-boot CPUs ...
[   14.372885] CPU1 is up
[   14.413020] CPU2 is up
[   14.453661] CPU3 is up
[   14.454792] PM: noirq resume of devices complete after 1.119 msecs
[   14.457161] PM: early resume of devices complete after 1.935 msecs
[   15.000294] PM: resume of devices complete after 543.114 msecs
[   15.060460] OOM killer enabled.
[   15.063596] Restarting tasks ... done.
root@(none):/# 
root@(none):/# rtcwake -d rtc1 -m mem -s 3
rtcwake: assuming RTC uses UTC ...
rtcwake: wakeup from "mem" using /dev/rtc1 at Thu Jan  1 00:01:10 1970
[   16.409598] PM: Syncing filesystems ... done.
[   16.415076] Freezing user space processes ... (elapsed 0.001 seconds) done.
[   16.423316] OOM killer disabled.
[   16.426540] Freezing remaining freezable tasks ... (elapsed 0.001 seconds) done.
[   16.435363] Suspending console(s) (use no_console_suspend to debug)
[   16.491202] PM: suspend of devices complete after 48.323 msecs
[   16.494260] PM: late suspend of devices complete after 3.041 msecs
[   16.496271] PM: noirq suspend of devices complete after 1.999 msecs
[   16.496276] Disabling non-boot CPUs ...
[   16.529269] IRQ17 no longer affine to CPU1
[   16.782251] Entering suspend state LP1
[   16.782251] Suspended for 8.143 seconds
[   16.782271] Enabling non-boot CPUs ...
[   16.812842] CPU1 is up
[   16.852942] CPU2 is up
[   16.893615] CPU3 is up
[   16.894734] PM: noirq resume of devices complete after 1.108 msecs
[   16.897150] PM: early resume of devices complete after 1.956 msecs
[   17.439039] PM: resume of devices complete after 541.870 msecs
[   17.503268] OOM killer enabled.
[   17.506403] Restarting tasks ... done.
root@(none):/# 
root@(none):/# rtcwake -d rtc1 -m mem -s 3
rtcwake: assuming RTC uses UTC ...
rtcwake: wakeup from "mem" using /dev/rtc1 at Thu Jan  1 00:01:20 1970
[   18.257384] PM: Syncing filesystems ... done.
[   18.262932] Freezing user space processes ... (elapsed 0.001 seconds) done.
[   18.271281] OOM killer disabled.
[   18.274505] Freezing remaining freezable tasks ... (elapsed 0.001 seconds) done.
[   18.283342] Suspending console(s) (use no_console_suspend to debug)
[   18.340757] PM: suspend of devices complete after 49.901 msecs
[   18.343714] PM: late suspend of devices complete after 2.939 msecs
[   18.345663] PM: noirq suspend of devices complete after 1.939 msecs
[   18.345669] Disabling non-boot CPUs ...
[   18.379197] IRQ17 no longer affine to CPU1
[   18.632191] Entering suspend state LP1
[   18.632191] Suspended for 7.567 seconds
[   18.632211] Enabling non-boot CPUs ...
[   18.662792] CPU1 is up
[   18.702869] CPU2 is up
[   18.743559] CPU3 is up
[   18.744688] PM: noirq resume of devices complete after 1.118 msecs
[   18.747055] PM: early resume of devices complete after 1.923 msecs
[   19.288901] PM: resume of devices complete after 541.828 msecs
[   19.353134] OOM killer enabled.
[   19.356269] Restarting tasks ... done.
root@(none):/# 
root@(none):/# rtcwake -d rtc1 -m mem -s 3
rtcwake: assuming RTC uses UTC ...
rtcwake: wakeup from "mem" using /dev/rtc1 at Thu Jan  1 00:01:30 1970
[   20.700423] PM: Syncing filesystems ... done.
[   20.705926] Freezing user space processes ... (elapsed 0.001 seconds) done.
[   20.714288] OOM killer disabled.
[   20.717512] Freezing remaining freezable tasks ... (elapsed 0.001 seconds) done.
[   20.726323] Suspending console(s) (use no_console_suspend to debug)
[   20.780976] PM: suspend of devices complete after 47.127 msecs
[   20.783658] PM: late suspend of devices complete after 2.665 msecs
[   20.785619] PM: noirq suspend of devices complete after 1.951 msecs
[   20.785625] Disabling non-boot CPUs ...
[   20.819179] IRQ17 no longer affine to CPU1
[   21.082172] Entering suspend state LP1
[   21.082172] Suspended for 8.133 seconds
[   21.082192] Enabling non-boot CPUs ...
[   21.112732] CPU1 is up
[   21.152841] CPU2 is up
[   21.193503] CPU3 is up
[   21.194636] PM: noirq resume of devices complete after 1.122 msecs
[   21.197317] PM: early resume of devices complete after 2.234 msecs
[   21.739265] PM: resume of devices complete after 541.930 msecs
[   21.803564] OOM killer enabled.
[   21.806698] Restarting tasks ... done.
root@(none):/# 
root@(none):/# rtcwake -d rtc1 -m mem -s 3
rtcwake: assuming RTC uses UTC ...
rtcwake: wakeup from "mem" using /dev/rtc1 at Thu Jan  1 00:01:40 1970
[   22.560371] PM: Syncing filesystems ... done.
[   22.565978] Freezing user space processes ... (elapsed 0.001 seconds) done.
[   22.574352] OOM killer disabled.
[   22.577576] Freezing remaining freezable tasks ... (elapsed 0.001 seconds) done.
[   22.586255] Suspending console(s) (use no_console_suspend to debug)
[   22.641017] PM: suspend of devices complete after 47.240 msecs
[   22.643773] PM: late suspend of devices complete after 2.739 msecs
[   22.645836] PM: noirq suspend of devices complete after 2.053 msecs
[   22.645841] Disabling non-boot CPUs ...
[   22.962329] Entering suspend state LP1
[   22.962329] Suspended for 7.536 seconds
[   22.962349] Enabling non-boot CPUs ...
[   22.992718] CPU1 is up
[   23.032801] CPU2 is up
[   23.073465] CPU3 is up
[   23.074587] PM: noirq resume of devices complete after 1.111 msecs
[   23.076952] PM: early resume of devices complete after 1.924 msecs
[   23.634906] PM: resume of devices complete after 557.937 msecs
[   23.695121] OOM killer enabled.
[   23.698255] Restarting tasks ... done.
root@(none):/# 
root@(none):/# rtcwake -d rtc1 -m mem -s 3
rtcwake: assuming RTC uses UTC ...
rtcwake: wakeup from "mem" using /dev/rtc1 at Thu Jan  1 00:01:50 1970
[   25.030183] PM: Syncing filesystems ... done.
[   25.035721] Freezing user space processes ... (elapsed 0.001 seconds) done.
[   25.044076] OOM killer disabled.
[   25.047300] Freezing remaining freezable tasks ... (elapsed 0.001 seconds) done.
[   25.056127] Suspending console(s) (use no_console_suspend to debug)
[   25.110919] PM: suspend of devices complete after 47.281 msecs
[   25.113661] PM: late suspend of devices complete after 2.725 msecs
[   25.115781] PM: noirq suspend of devices complete after 2.109 msecs
[   25.115786] Disabling non-boot CPUs ...
[   25.402046] Entering suspend state LP1
[   25.402046] Suspended for 8.143 seconds
[   25.402066] Enabling non-boot CPUs ...
[   25.432650] CPU1 is up
[   25.472754] CPU2 is up
[   25.513434] CPU3 is up
[   25.514558] PM: noirq resume of devices complete after 1.111 msecs
[   25.516982] PM: early resume of devices complete after 1.962 msecs
[   26.059397] PM: resume of devices complete after 542.396 msecs
[   26.119654] OOM killer enabled.
[   26.122788] Restarting tasks ... done.
root@(none):/# 
root@(none):/# NVTB SYSTEM SUSPEND TEST COMPLETE
