
U-Boot SPL 2014.01-00219-gc4d376f (Feb 18 2014 - 19:57:18)


U-Boot 2014.01-00219-gc4d376f (Feb 18 2014 - 19:57:18)

TEGRA30
Board: NVIDIA Beaver
I2C:   ready
DRAM:  2 GiB
MMC:   Tegra SD/MMC: 0, Tegra SD/MMC: 1
In:    serial
Out:   serial
Err:   serial
Net:   Net Initialization Skipped
No ethernet found.
Hit any key to stop autoboot:  2  0 
Tegra30 (Beaver) # 
Tegra30 (Beaver) # usb reset
(Re)start USB...
USB0:   USB EHCI 1.00
scanning bus 0 for devices... 2 USB Device(s) found
       scanning usb for storage devices... 0 Storage Device(s) found
       scanning usb for ethernet devices... 
Warning: asx0 using MAC address from net device
1 Ethernet Device(s) found
Tegra30 (Beaver) # setenv bootargs 'ignore_loglevel console=ttyS0,115200n8 rw root=PARTUUID=edbe1840-3633-c751-7993-b0ac834f81e0 rootwait gpt debug noinitrd earlyprintk init=/bin/bash'
Tegra30 (Beaver) # setenv ipaddr 192.168.100.101; setenv serverip 192.168.100.1; setenv tftpserverip 192.168.100.1
Tegra30 (Beaver) # tftpboot 0x81000000 zImage.multi_v7_defconfig
Using asx0 device
TFTP from server 192.168.100.1; our IP address is 192.168.100.101
Filename 'zImage.multi_v7_defconfig'.
Load address: 0x81000000
Loading: *#################################################################
	 #################################################################
	 #################################################################
	 #################################################################
	 #################################################################
	 #################################################################
	 #################################################################
	 #################################################################
	 ####################
	 3.2 MiB/s
done
Bytes transferred = 7916032 (78ca00 hex)
Tegra30 (Beaver) # tftpboot 0x82000000 tegra30-beaver.dtb
Using asx0 device
TFTP from server 192.168.100.1; our IP address is 192.168.100.101
Filename 'tegra30-beaver.dtb'.
Load address: 0x82000000
Loading: *####
	 2.9 MiB/s
done
Bytes transferred = 51804 (ca5c hex)
Tegra30 (Beaver) # bootz 0x81000000 - 0x82000000
Kernel image @ 0x81000000 [ 0x000000 - 0x78ca00 ]
## Flattened Device Tree blob at 82000000
   Booting using the fdt blob at 0x82000000
   Loading Device Tree to 8fff0000, end 8ffffa5b ... OK

Starting kernel ...

[    0.000000] Booting Linux on physical CPU 0x0
[    0.000000] Linux version 4.11.0-next-20170511-171198-g36bcd6a (jonathanh@sellafield) (gcc version 4.7.3 20130328 (prerelease) (crosstool-NG linaro-1.13.1-4.7-2013.04-20130415 - Linaro GCC 2013.04) ) #1 SMP Wed May 10 20:36:16 PDT 2017
[    0.000000] CPU: ARMv7 Processor [412fc099] revision 9 (ARMv7), cr=10c5387d
[    0.000000] CPU: PIPT / VIPT nonaliasing data cache, VIPT aliasing instruction cache
[    0.000000] OF: fdt: Machine model: NVIDIA Tegra30 Beaver evaluation board
[    0.000000] debug: ignoring loglevel setting.
[    0.000000] Memory policy: Data cache writealloc
[    0.000000] efi: Getting EFI parameters from FDT:
[    0.000000] efi: UEFI not found.
[    0.000000] cma: Reserved 64 MiB at 0xfb800000
[    0.000000] On node 0 totalpages: 524032
[    0.000000] free_area_init_node: node 0, pgdat c157fd00, node_mem_map eeff8000
[    0.000000]   DMA zone: 1536 pages used for memmap
[    0.000000]   DMA zone: 0 pages reserved
[    0.000000]   DMA zone: 196608 pages, LIFO batch:31
[    0.000000]   HighMem zone: 327424 pages, LIFO batch:31
[    0.000000] percpu: Embedded 17 pages/cpu @eef88000 s39168 r8192 d22272 u69632
[    0.000000] pcpu-alloc: s39168 r8192 d22272 u69632 alloc=17*4096
[    0.000000] pcpu-alloc: [0] 0 [0] 1 [0] 2 [0] 3 
[    0.000000] Built 1 zonelists in Zone order, mobility grouping on.  Total pages: 522496
[    0.000000] Kernel command line: ignore_loglevel console=ttyS0,115200n8 rw root=PARTUUID=edbe1840-3633-c751-7993-b0ac834f81e0 rootwait gpt debug noinitrd earlyprintk init=/bin/bash
[    0.000000] PID hash table entries: 4096 (order: 2, 16384 bytes)
[    0.000000] Dentry cache hash table entries: 131072 (order: 7, 524288 bytes)
[    0.000000] Inode-cache hash table entries: 65536 (order: 6, 262144 bytes)
[    0.000000] Memory: 1993460K/2096128K available (10240K kernel code, 1566K rwdata, 4388K rodata, 2048K init, 409K bss, 37132K reserved, 65536K cma-reserved, 1244160K highmem)
[    0.000000] Virtual kernel memory layout:
[    0.000000]     vector  : 0xffff0000 - 0xffff1000   (   4 kB)
[    0.000000]     fixmap  : 0xffc00000 - 0xfff00000   (3072 kB)
[    0.000000]     vmalloc : 0xf0800000 - 0xff800000   ( 240 MB)
[    0.000000]     lowmem  : 0xc0000000 - 0xf0000000   ( 768 MB)
[    0.000000]     pkmap   : 0xbfe00000 - 0xc0000000   (   2 MB)
[    0.000000]     modules : 0xbf000000 - 0xbfe00000   (  14 MB)
[    0.000000]       .text : 0xc0208000 - 0xc0d00000   (11232 kB)
[    0.000000]       .init : 0xc1200000 - 0xc1400000   (2048 kB)
[    0.000000]       .data : 0xc1400000 - 0xc1587970   (1567 kB)
[    0.000000]        .bss : 0xc1590d04 - 0xc15f7498   ( 410 kB)
[    0.000000] SLUB: HWalign=64, Order=0-3, MinObjects=0, CPUs=4, Nodes=1
[    0.000000] Hierarchical RCU implementation.
[    0.000000] 	RCU debugfs-based tracing is enabled.
[    0.000000] 	RCU restricting CPUs from NR_CPUS=16 to nr_cpu_ids=4.
[    0.000000] RCU: Adjusting geometry for rcu_fanout_leaf=16, nr_cpu_ids=4
[    0.000000] NR_IRQS:16 nr_irqs:16 16
[    0.000000] /interrupt-controller@60004000: 160 interrupts forwarded to /interrupt-controller@50041000
[    0.000000] L2C: platform modifies aux control register: 0x02080000 -> 0x3e480001
[    0.000000] L2C: DT/platform modifies aux control register: 0x02080000 -> 0x3e480001
[    0.000000] L2C-310 erratum 769419 enabled
[    0.000000] L2C-310 enabling early BRESP for Cortex-A9
[    0.000000] L2C-310: enabling full line of zeros but not enabled in Cortex-A9
[    0.000000] L2C-310 dynamic clock gating enabled, standby mode enabled
[    0.000000] L2C-310 cache controller enabled, 8 ways, 1024 kB
[    0.000000] L2C-310: CACHE_ID 0x410000c7, AUX_CTRL 0x4e480001
[    0.000013] sched_clock: 32 bits at 1000kHz, resolution 1000ns, wraps every 2147483647500ns
[    0.000030] clocksource: timer_us: mask: 0xffffffff max_cycles: 0xffffffff, max_idle_ns: 1911260446275 ns
[    0.000039] Switching to timer-based delay loop, resolution 1000ns
[    0.002816] Console: colour dummy device 80x30
[    0.002848] Calibrating delay loop (skipped), value calculated using timer frequency.. 2.00 BogoMIPS (lpj=10000)
[    0.002858] pid_max: default: 32768 minimum: 301
[    0.002929] Mount-cache hash table entries: 2048 (order: 1, 8192 bytes)
[    0.002938] Mountpoint-cache hash table entries: 2048 (order: 1, 8192 bytes)
[    0.003318] CPU: Testing write buffer coherency: ok
[    0.003640] CPU0: thread -1, cpu 0, socket 0, mpidr 80000000
[    0.003857] Setting up static identity map for 0x80300000 - 0x803000a0
[    0.006432] Tegra Revision: A03 SKU: 128 CPU Process: 4 SoC Process: 0
[    0.006985] EFI services will not be available.
[    0.007139] smp: Bringing up secondary CPUs ...
[    0.010375] CPU1: thread -1, cpu 1, socket 0, mpidr 80000001
[    0.020354] CPU2: thread -1, cpu 2, socket 0, mpidr 80000002
[    0.030336] CPU3: thread -1, cpu 3, socket 0, mpidr 80000003
[    0.030386] smp: Brought up 1 node, 4 CPUs
[    0.030399] SMP: Total of 4 processors activated (8.00 BogoMIPS).
[    0.030404] CPU: All CPU(s) started in SVC mode.
[    0.031074] devtmpfs: initialized
[    0.039230] VFP support v0.3: implementor 41 architecture 3 part 30 variant 9 rev 4
[    0.039664] clocksource: jiffies: mask: 0xffffffff max_cycles: 0xffffffff, max_idle_ns: 19112604462750000 ns
[    0.039682] futex hash table entries: 1024 (order: 4, 65536 bytes)
[    0.043106] pinctrl core: initialized pinctrl subsystem
[    0.044831] NET: Registered protocol family 16
[    0.047325] DMA: preallocated 256 KiB pool for atomic coherent allocations
[    0.048995] cpuidle: using governor menu
[    0.063010] No ATAGs?
[    0.063110] hw-breakpoint: found 5 (+1 reserved) breakpoint and 1 watchpoint registers.
[    0.063122] hw-breakpoint: maximum watchpoint size is 4 bytes.
[    0.067465] Serial: AMBA PL011 UART driver
[    0.067944] tegra-mc 7000f000.memory-controller: no memory timings for RAM code 3 registered
[    0.077064] AT91: Could not find identification node
[    0.077546] vdd_5v_sata: Failed to request enable GPIO30: -517
[    0.077560] reg-fixed-voltage regulators:regulator@3: Failed to register regulator: -517
[    0.077606] usb1_vbus: Failed to request enable GPIO238: -517
[    0.077614] reg-fixed-voltage regulators:regulator@4: Failed to register regulator: -517
[    0.077660] usb3_vbus: Failed to request enable GPIO236: -517
[    0.077667] reg-fixed-voltage regulators:regulator@5: Failed to register regulator: -517
[    0.077767] sys_3v3_pexs: Failed to request enable GPIO95: -517
[    0.077774] reg-fixed-voltage regulators:regulator@7: Failed to register regulator: -517
[    0.079543] vgaarb: loaded
[    0.080037] SCSI subsystem initialized
[    0.080171] libata version 3.00 loaded.
[    0.080319] usbcore: registered new interface driver usbfs
[    0.080358] usbcore: registered new interface driver hub
[    0.080391] usbcore: registered new device driver usb
[    0.087424] vrtc: supplied by vdd_5v_in
[    0.090713] vio: supplied by vdd_5v_in
[    0.101825] vdd1: supplied by vdd_5v_in
[    0.103183] vddio_ddr_1v2: Bringing 600000uV into 1200000-1200000uV
[    0.111830] vdd2: supplied by vdd_5v_in
[    0.131823] ldo1: supplied by vdd_1v5_gen
[    0.134208] ldo2: supplied by vdd_1v5_gen
[    0.134679] vdd_sata,avdd_plle: Bringing 1200000uV into 1050000-1050000uV
[    0.136910] ldo3: supplied by vdd_5v_in
[    0.139268] ldo4: supplied by vdd_5v_in
[    0.141831] ldo5: supplied by vdd_5v_in
[    0.151815] ldo6: supplied by vdd_1v8_gen
[    0.152285] avdd_dsi_csi,pwrdet_mipi: Bringing 1000000uV into 1200000-1200000uV
[    0.154545] ldo7: supplied by vdd_1v8_gen
[    0.161821] ldo8: supplied by vdd_1v8_gen
[    0.171926] pps_core: LinuxPPS API ver. 1 registered
[    0.171932] pps_core: Software ver. 5.3.6 - Copyright 2005-2007 Rodolfo Giometti <giometti@linux.it>
[    0.171946] PTP clock support registered
[    0.172081] EDAC MC: Ver: 3.0.0
[    0.173613] clocksource: Switched to clocksource timer_us
[    0.206755] NET: Registered protocol family 2
[    0.207188] TCP established hash table entries: 8192 (order: 3, 32768 bytes)
[    0.207244] TCP bind hash table entries: 8192 (order: 4, 65536 bytes)
[    0.207329] TCP: Hash tables configured (established 8192 bind 8192)
[    0.207473] UDP hash table entries: 512 (order: 2, 16384 bytes)
[    0.207539] UDP-Lite hash table entries: 512 (order: 2, 16384 bytes)
[    0.207701] NET: Registered protocol family 1
[    0.208021] RPC: Registered named UNIX socket transport module.
[    0.208028] RPC: Registered udp transport module.
[    0.208032] RPC: Registered tcp transport module.
[    0.208036] RPC: Registered tcp NFSv4.1 backchannel transport module.
[    0.208045] PCI: CLS 0 bytes, default 64
[    0.208883] hw perfevents: no interrupt-affinity property for /pmu, guessing.
[    0.209086] hw perfevents: enabled with armv7_cortex_a9 PMU driver, 7 counters available
[    0.210317] workingset: timestamp_bits=30 max_order=19 bucket_order=0
[    0.215144] squashfs: version 4.0 (2009/01/31) Phillip Lougher
[    0.215569] NFS: Registering the id_resolver key type
[    0.215596] Key type id_resolver registered
[    0.215601] Key type id_legacy registered
[    0.215634] ntfs: driver 2.1.32 [Flags: R/O].
[    0.216749] bounce: pool size: 64 pages
[    0.216786] Block layer SCSI generic (bsg) driver version 0.4 loaded (major 248)
[    0.216794] io scheduler noop registered
[    0.216799] io scheduler deadline registered
[    0.216820] io scheduler cfq registered (default)
[    0.216825] io scheduler mq-deadline registered
[    0.216829] io scheduler kyber registered
[    0.223022] tegra30-pinctrl 70000868.pinmux: invalid group "sdmmc3_dat6_pd3" for function "rsvd1"
[    0.223037] tegra30-pinctrl 70000868.pinmux: invalid group "sdmmc3_dat7_pd4" for function "rsvd1"
[    0.223051] tegra30-pinctrl 70000868.pinmux: invalid group "vi_vsync_pd6" for function "rsvd1"
[    0.223060] tegra30-pinctrl 70000868.pinmux: invalid group "vi_hsync_pd7" for function "rsvd1"
[    0.223508] tegra30-pinctrl 70000868.pinmux: invalid group "hdmi_int_pn7" for function "rsvd1"
[    0.223552] tegra30-pinctrl 70000868.pinmux: invalid group "ulpi_data3_po4" for function "rsvd1"
[    0.223927] tegra30-pinctrl 70000868.pinmux: invalid group "vi_d10_pt2" for function "rsvd1"
[    0.223941] tegra30-pinctrl 70000868.pinmux: invalid group "vi_d11_pt3" for function "rsvd1"
[    0.223953] tegra30-pinctrl 70000868.pinmux: invalid group "vi_d0_pt4" for function "rsvd1"
[    0.224009] tegra30-pinctrl 70000868.pinmux: invalid group "pu0" for function "rsvd1"
[    0.224039] tegra30-pinctrl 70000868.pinmux: invalid group "pu3" for function "rsvd1"
[    0.224069] tegra30-pinctrl 70000868.pinmux: invalid group "pu6" for function "rsvd1"
[    0.224109] tegra30-pinctrl 70000868.pinmux: invalid group "pv3" for function "rsvd1"
[    0.224599] tegra30-pinctrl 70000868.pinmux: invalid group "pbb0" for function "rsvd1"
[    0.224714] tegra30-pinctrl 70000868.pinmux: invalid group "pcc1" for function "rsvd1"
[    0.229856] tegra-pcie 3000.pcie-controller: 2x3 configuration
[    0.230001] tegra-pcie 3000.pcie-controller: Failed to get supply 'hvdd-pex': -517
[    0.235479] tegra-apbdma 6000a000.dma: Tegra20 APB DMA driver register 32 channels
[    0.237054] tegra-pmc 7000e400.pmc: i2c-thermtrip node not found, emergency thermal reset disabled.
[    0.270235] Serial: 8250/16550 driver, 4 ports, IRQ sharing disabled
[    0.272243] console [ttyS0] disabled
[    0.272284] 70006000.serial: ttyS0 at MMIO 0x70006000 (irq = 331, base_baud = 25500000) is a Tegra
[    1.293472] console [ttyS0] enabled
[    1.297493] SuperH (H)SCI(F) driver initialized
[    1.302578] msm_serial: driver initialized
[    1.306802] STMicroelectronics ASC driver initialized
[    1.315316] tegra-hdmi 54280000.hdmi: failed to get HDMI regulator
[    1.329932] brd: module loaded
[    1.338775] loop: module loaded
[    1.347399] m25p80 spi32766.1: w25q32 (4096 Kbytes)
[    1.354111] libphy: Fixed MDIO Bus: probed
[    1.358891] CAN device driver interface
[    1.363264] bgmac_bcma: Broadcom 47xx GBit MAC driver loaded
[    1.369757] e1000e: Intel(R) PRO/1000 Network Driver - 3.2.6-k
[    1.375583] e1000e: Copyright(c) 1999 - 2015 Intel Corporation.
[    1.381521] igb: Intel(R) Gigabit Ethernet Network Driver - version 5.4.0-k
[    1.388474] igb: Copyright (c) 2007-2014 Intel Corporation.
[    1.395981] pegasus: v0.9.3 (2013/04/25), Pegasus/Pegasus II USB Ethernet driver
[    1.403407] usbcore: registered new interface driver pegasus
[    1.409098] usbcore: registered new interface driver asix
[    1.414510] usbcore: registered new interface driver ax88179_178a
[    1.420605] usbcore: registered new interface driver cdc_ether
[    1.426458] usbcore: registered new interface driver smsc75xx
[    1.432214] usbcore: registered new interface driver smsc95xx
[    1.437971] usbcore: registered new interface driver net1080
[    1.443644] usbcore: registered new interface driver cdc_subset
[    1.449570] usbcore: registered new interface driver zaurus
[    1.455168] usbcore: registered new interface driver cdc_ncm
[    1.462231] ehci_hcd: USB 2.0 'Enhanced' Host Controller (EHCI) Driver
[    1.468760] ehci-pci: EHCI PCI platform driver
[    1.473216] ehci-platform: EHCI generic platform driver
[    1.478556] ehci-orion: EHCI orion driver
[    1.482641] SPEAr-ehci: EHCI SPEAr driver
[    1.486725] ehci-st: EHCI STMicroelectronics driver
[    1.491662] ehci-exynos: EHCI EXYNOS driver
[    1.495930] ehci-atmel: EHCI Atmel driver
[    1.500000] tegra-ehci: Tegra EHCI driver
[    1.504302] ohci_hcd: USB 1.1 'Open' Host Controller (OHCI) Driver
[    1.510477] ohci-pci: OHCI PCI platform driver
[    1.514954] ohci-platform: OHCI generic platform driver
[    1.520266] ohci-omap3: OHCI OMAP3 driver
[    1.524351] SPEAr-ohci: OHCI SPEAr driver
[    1.528423] ohci-st: OHCI STMicroelectronics driver
[    1.533360] ohci-atmel: OHCI Atmel driver
[    1.537797] usbcore: registered new interface driver usb-storage
[    1.546299] tegra_rtc 7000e000.rtc: rtc core: registered 7000e000.rtc as rtc1
[    1.553451] tegra_rtc 7000e000.rtc: Tegra internal Real Time Clock
[    1.562379] random: fast init done
[    1.575681] tps65910-rtc tps65910-rtc: rtc core: registered tps65910-rtc as rtc0
[    1.583253] i2c /dev entries driver
[    1.594765] sdhci: Secure Digital Host Controller Interface driver
[    1.600932] sdhci: Copyright(c) Pierre Ossman
[    1.606183] Synopsys Designware Multimedia Card Interface Driver
[    1.612905] sdhci-pltfm: SDHCI platform and OF driver helper
[    1.619081] sdhci-tegra 78000000.sdhci: Got CD GPIO
[    1.623969] sdhci-tegra 78000000.sdhci: Got WP GPIO
[    1.637137] mmc0: Invalid maximum block size, assuming 512 bytes
[    1.703702] mmc0: SDHCI controller on 78000000.sdhci [78000000.sdhci] using ADMA
[    1.720068] mmc1: Invalid maximum block size, assuming 512 bytes
[    1.783629] mmc1: SDHCI controller on 78000600.sdhci [78000600.sdhci] using ADMA
[    1.792310] ledtrig-cpu: registered to indicate activity on CPUs
[    1.798532] usbcore: registered new interface driver usbhid
[    1.804102] usbhid: USB HID core driver
[    1.810322] NET: Registered protocol family 10
[    1.815379] Segment Routing with IPv6
[    1.819069] sit: IPv6, IPv4 and MPLS over IPv4 tunneling driver
[    1.825419] NET: Registered protocol family 17
[    1.829856] can: controller area network core (rev 20170425 abi 9)
[    1.836078] NET: Registered protocol family 29
[    1.840509] can: raw protocol (rev 20170425)
[    1.844780] can: broadcast manager protocol (rev 20170425 t)
[    1.850427] can: netlink gateway (rev 20170425) max_hops=1
[    1.856182] Key type dns_resolver registered
[    1.860839] ThumbEE CPU extension supported.
[    1.865119] Registering SWP/SWPB emulation handler
[    1.882978] vdd_ddr: supplied by vdd_5v_in
[    1.887973] vdd_5v_sata: supplied by vdd_5v_in
[    1.892731] usb1_vbus: supplied by vdd_5v_in
[    1.897304] usb3_vbus: supplied by vdd_5v_in
[    1.902780] sys_3v3,vdd_3v3_alw: supplied by vdd_5v_in
[    1.908735] sys_3v3_pexs: supplied by sys_3v3,vdd_3v3_alw
[    1.914270] +VDD_5V_HDMI: supplied by sys_3v3,vdd_3v3_alw
[    1.920108] mmc1: new high speed MMC card at address 0001
[    1.920265] tegra-pcie 3000.pcie-controller: 2x3 configuration
[    1.922656] tegra-pcie 3000.pcie-controller: probing port 0, using 2 lanes
[    1.939781] mmcblk1: mmc1:0001 SEM16G 14.8 GiB 
[    1.944914] mmcblk1boot0: mmc1:0001 SEM16G partition 1 1.00 MiB
[    1.951858] mmcblk1boot1: mmc1:0001 SEM16G partition 2 1.00 MiB
[    1.958356] mmcblk1rpmb: mmc1:0001 SEM16G partition 3 128 KiB
[    1.967944] Primary GPT is invalid, using alternate GPT.
[    1.973260]  mmcblk1: p1 p2 p3 p4 p5
[    1.980777] mmc0: new ultra high speed DDR50 SDHC card at address aaaa
[    1.980973] tegra-pcie 3000.pcie-controller: probing port 2, using 2 lanes
[    1.995240] mmcblk0: mmc0:aaaa SS04G 3.69 GiB 
[    2.024442]  mmcblk0: p1 p2 p3
[    2.384859] tegra-pcie 3000.pcie-controller: link 2 down, retrying
[    2.794865] tegra-pcie 3000.pcie-controller: link 2 down, retrying
[    3.204868] tegra-pcie 3000.pcie-controller: link 2 down, retrying
[    3.213044] tegra-pcie 3000.pcie-controller: link 2 down, ignoring
[    3.219344] tegra-pcie 3000.pcie-controller: PCI host bridge to bus 0000:00
[    3.226306] pci_bus 0000:00: root bus resource [io  0x0000-0xffff]
[    3.232471] pci_bus 0000:00: root bus resource [mem 0x20000000-0x27ffffff]
[    3.239338] pci_bus 0000:00: root bus resource [mem 0x28000000-0x3fffffff pref]
[    3.246638] pci_bus 0000:00: root bus resource [bus 00-ff]
[    3.252133] pci 0000:00:01.0: [10de:0e1c] type 01 class 0x060400
[    3.258158] pci_bus 0000:00: 2-byte config write to 0000:00:01.0 offset 0x88 may corrupt adjacent RW1C bits
[    3.267903] pci_bus 0000:00: 2-byte config write to 0000:00:01.0 offset 0x52 may corrupt adjacent RW1C bits
[    3.277646] pci 0000:00:01.0: PME# supported from D0 D1 D2 D3hot D3cold
[    3.284254] pci_bus 0000:00: 2-byte config write to 0000:00:01.0 offset 0x4c may corrupt adjacent RW1C bits
[    3.294127] pci_bus 0000:00: 2-byte config write to 0000:00:01.0 offset 0x3e may corrupt adjacent RW1C bits
[    3.303860] pci_bus 0000:00: 2-byte config write to 0000:00:01.0 offset 0x4 may corrupt adjacent RW1C bits
[    3.313492] pci_bus 0000:00: 1-byte config write to 0000:00:01.0 offset 0xc may corrupt adjacent RW1C bits
[    3.323129] PCI: bus0: Fast back to back transfers disabled
[    3.328696] pci 0000:00:01.0: bridge configuration invalid ([bus 00-00]), reconfiguring
[    3.336689] pci_bus 0000:00: 2-byte config write to 0000:00:01.0 offset 0x3e may corrupt adjacent RW1C bits
[    3.346416] pci_bus 0000:00: 2-byte config write to 0000:00:01.0 offset 0x3e may corrupt adjacent RW1C bits
[    3.356143] pci_bus 0000:00: 2-byte config write to 0000:00:01.0 offset 0x3e may corrupt adjacent RW1C bits
[    3.365869] pci_bus 0000:00: 2-byte config write to 0000:00:01.0 offset 0x6 may corrupt adjacent RW1C bits
[    3.375602] pci 0000:01:00.0: [10ec:8168] type 00 class 0x020000
[    3.381611] pci 0000:01:00.0: reg 0x10: [io  0x0000-0x00ff]
[    3.387195] pci 0000:01:00.0: reg 0x18: [mem 0x00000000-0x00000fff 64bit pref]
[    3.394417] pci 0000:01:00.0: reg 0x20: [mem 0x00000000-0x00003fff 64bit pref]
[    3.401691] pci 0000:01:00.0: supports D1 D2
[    3.405957] pci 0000:01:00.0: PME# supported from D0 D1 D2 D3hot D3cold
[    3.433638] PCI: bus1: Fast back to back transfers disabled
[    3.439199] pci_bus 0000:01: busn_res: [bus 01-ff] end is updated to 01
[    3.445879] pci 0000:00:01.0: BAR 9: assigned [mem 0x28000000-0x280fffff 64bit pref]
[    3.453615] pci 0000:00:01.0: BAR 7: assigned [io  0x1000-0x1fff]
[    3.459696] pci 0000:01:00.0: BAR 4: assigned [mem 0x28000000-0x28003fff 64bit pref]
[    3.467442] pci 0000:01:00.0: BAR 2: assigned [mem 0x28004000-0x28004fff 64bit pref]
[    3.475185] pci 0000:01:00.0: BAR 0: assigned [io  0x1000-0x10ff]
[    3.481266] pci 0000:00:01.0: PCI bridge to [bus 01]
[    3.486226] pci 0000:00:01.0:   bridge window [io  0x1000-0x1fff]
[    3.492305] pci 0000:00:01.0:   bridge window [mem 0x28000000-0x280fffff 64bit pref]
[    3.500054] pci 0000:00:01.0: nv_msi_ht_cap_quirk didn't locate host bridge
[    3.507074] pcieport 0000:00:01.0: enabling device (0140 -> 0143)
[    3.513361] pcieport 0000:00:01.0: Signaling PME with IRQ 374
[    3.519324] r8169 Gigabit Ethernet driver 2.3LK-NAPI loaded
[    3.524916] r8169 0000:01:00.0: enabling device (0140 -> 0143)
[    3.531667] r8169 0000:01:00.0 eth0: RTL8168evl/8111evl at 0xf0b1c000, 02:04:4b:01:60:a6, XID 0c900800 IRQ 375
[    3.541669] r8169 0000:01:00.0 eth0: jumbo features [frames: 9200 bytes, tx checksumming: ko]
[    3.556922] utmi_phy_clk_enable: timeout waiting for phy to stabilize
[    3.563369] tegra-ehci 7d004000.usb: EHCI Host Controller
[    3.568792] tegra-ehci 7d004000.usb: new USB bus registered, assigned bus number 1
[    3.576551] tegra-ehci 7d004000.usb: irq 343, io mem 0x7d004000
[    3.604020] tegra-ehci 7d004000.usb: USB 2.0 started, EHCI 1.00
[    3.610916] hub 1-0:1.0: USB hub found
[    3.614690] hub 1-0:1.0: 1 port detected
[    3.619761] tegra-ehci 7d008000.usb: EHCI Host Controller
[    3.625177] tegra-ehci 7d008000.usb: new USB bus registered, assigned bus number 2
[    3.632902] tegra-ehci 7d008000.usb: irq 344, io mem 0x7d008000
[    3.664006] tegra-ehci 7d008000.usb: USB 2.0 started, EHCI 1.00
[    3.670792] hub 2-0:1.0: USB hub found
[    3.674558] hub 2-0:1.0: 1 port detected
[    3.684941] tps65910-rtc tps65910-rtc: setting system clock to 2000-01-01 00:00:02 UTC (946684802)
[    3.694444] vdd_sata,avdd_plle: disabling
[    3.699187] usb1_vbus: disabling
[    3.703799] EXT4-fs (mmcblk1p1): mounting ext3 file system using the ext4 subsystem
[    3.718732] EXT4-fs (mmcblk1p1): warning: mounting fs with errors, running e2fsck is recommended
[    3.728979] EXT4-fs (mmcblk1p1): recovery complete
[    3.733780] EXT4-fs (mmcblk1p1): mounted filesystem with ordered data mode. Opts: (null)
[    3.741879] VFS: Mounted root (ext3 filesystem) on device 179:1.
[    3.752053] devtmpfs: mounted
[    3.757554] Freeing unused kernel memory: 2048K
bash: cannot set terminal process group (-1): Inappropriate ioctl for device
bash: no job control in this shell
root@(none):/# mount -t sysfs none /sys
root@(none):/# 
root@(none):/# [    4.714306] asix 2-1:1.0 eth1: register 'asix' at usb-7d008000.usb-1, ASIX AX88772 USB 2.0 Ethernet, 00:50:b6:0f:67:60
mount -t debugfs none /sys/kernel/debug
root@(none):/# 
root@(none):/# rtcwake -d rtc1 -m mem -s 3
rtcwake: wakeup from "mem" using /dev/rtc1 at Thu Jan  1 00:00:21 1970
[    6.481644] PM: Syncing filesystems ... done.
[    6.487705] Freezing user space processes ... (elapsed 0.001 seconds) done.
[    6.495799] OOM killer disabled.
[    6.499016] Freezing remaining freezable tasks ... (elapsed 0.001 seconds) done.
[    6.507638] Suspending console(s) (use no_console_suspend to debug)
[    6.586614] PM: suspend of devices complete after 71.861 msecs
[    6.588448] PM: late suspend of devices complete after 1.824 msecs
[    6.614253] PM: noirq suspend of devices complete after 25.799 msecs
[    6.614257] Disabling non-boot CPUs ...
[    6.614703] IRQ17 no longer affine to CPU1
[    6.614862] IRQ346 no longer affine to CPU1
[    6.687115] IRQ347 no longer affine to CPU2
[    6.746157] IRQ348 no longer affine to CPU3
[    6.785382] Entering suspend state LP1
[    6.785382] Suspended for 3.180 seconds
[    6.785398] Enabling non-boot CPUs ...
[    6.815889] CPU1 is up
[    6.855737] CPU2 is up
[    6.895946] CPU3 is up
[    6.896662] pcieport 0000:00:01.0: nv_msi_ht_cap_quirk didn't locate host bridge
[    6.923669] PM: noirq resume of devices complete after 27.713 msecs
[    6.925068] PM: early resume of devices complete after 1.132 msecs
[    7.458144] PM: resume of devices complete after 533.066 msecs
[    7.541790] OOM killer enabled.
[    7.544925] Restarting tasks ... done.
root@(none):/# 
root@(none):/# rtcwake -d rtc1 -m mem -s 3
rtcwake: wakeup from "mem" using /dev/rtc1 at Thu Jan  1 00:00:26 1970
[    8.374221] PM: Syncing filesystems ... done.
[    8.379609] Freezing user space processes ... (elapsed 0.001 seconds) done.
[    8.387720] OOM killer disabled.
[    8.390936] Freezing remaining freezable tasks ... (elapsed 0.001 seconds) done.
[    8.399541] Suspending console(s) (use no_console_suspend to debug)
[    8.434086] pci_generic_config_write32: 63 callbacks suppressed
[    8.434100] pci_bus 0000:00: 2-byte config write to 0000:00:01.0 offset 0x9c may corrupt adjacent RW1C bits
[    8.477347] PM: suspend of devices complete after 70.772 msecs
[    8.478324] PM: late suspend of devices complete after 0.968 msecs
[    8.478740] pci_bus 0000:01: 2-byte config write to 0000:01:00.0 offset 0x44 may corrupt adjacent RW1C bits
[    8.478755] pci_bus 0000:01: 2-byte config write to 0000:01:00.0 offset 0x44 may corrupt adjacent RW1C bits
[    8.504208] PM: noirq suspend of devices complete after 25.878 msecs
[    8.504211] Disabling non-boot CPUs ...
[    8.504708] IRQ346 no longer affine to CPU1
[    8.566878] IRQ17 no longer affine to CPU2
[    8.567044] IRQ347 no longer affine to CPU2
[    8.625973] IRQ348 no longer affine to CPU3
[    8.675176] Entering suspend state LP1
[    8.675176] Suspended for 3.110 seconds
[    8.675194] Enabling non-boot CPUs ...
[    8.705887] CPU1 is up
[    8.746011] CPU2 is up
[    8.786329] CPU3 is up
[    8.787203] pci_bus 0000:00: 2-byte config write to 0000:00:01.0 offset 0x4c may corrupt adjacent RW1C bits
[    8.787221] pci_bus 0000:00: 2-byte config write to 0000:00:01.0 offset 0x88 may corrupt adjacent RW1C bits
[    8.787226] pci_bus 0000:00: 2-byte config write to 0000:00:01.0 offset 0x90 may corrupt adjacent RW1C bits
[    8.787232] pci_bus 0000:00: 2-byte config write to 0000:00:01.0 offset 0x98 may corrupt adjacent RW1C bits
[    8.787237] pci_bus 0000:00: 2-byte config write to 0000:00:01.0 offset 0x9c may corrupt adjacent RW1C bits
[    8.787263] pci_bus 0000:00: 2-byte config write to 0000:00:01.0 offset 0x52 may corrupt adjacent RW1C bits
[    8.787270] pci_bus 0000:00: 2-byte config write to 0000:00:01.0 offset 0x52 may corrupt adjacent RW1C bits
[    8.787300] pcieport 0000:00:01.0: nv_msi_ht_cap_quirk didn't locate host bridge
[    8.813646] PM: noirq resume of devices complete after 27.305 msecs
[    8.816573] PM: early resume of devices complete after 2.397 msecs
[    9.360118] PM: resume of devices complete after 543.534 msecs
[    9.547218] OOM killer enabled.
[    9.550348] Restarting tasks ... done.
root@(none):/# 
root@(none):/# rtcwake -d rtc1 -m mem -s 3
rtcwake: wakeup from "mem" using /dev/rtc1 at Thu Jan  1 00:00:31 1970
[   10.277259] PM: Syncing filesystems ... done.
[   10.283418] Freezing user space processes ... (elapsed 0.001 seconds) done.
[   10.291584] OOM killer disabled.
[   10.294812] Freezing remaining freezable tasks ... (elapsed 0.001 seconds) done.
[   10.303471] Suspending console(s) (use no_console_suspend to debug)
[   10.387149] PM: suspend of devices complete after 76.395 msecs
[   10.391372] PM: late suspend of devices complete after 4.213 msecs
[   10.414334] PM: noirq suspend of devices complete after 22.952 msecs
[   10.414340] Disabling non-boot CPUs ...
[   10.415003] IRQ346 no longer affine to CPU1
[   10.467563] IRQ17 no longer affine to CPU2
[   10.555514] Entering suspend state LP1
[   10.555514] Suspended for 3.119 seconds
[   10.555535] Enabling non-boot CPUs ...
[   10.586235] CPU1 is up
[   10.626079] CPU2 is up
[   10.666241] CPU3 is up
[   10.667181] pcieport 0000:00:01.0: nv_msi_ht_cap_quirk didn't locate host bridge
[   10.693615] PM: noirq resume of devices complete after 27.360 msecs
[   10.696035] PM: early resume of devices complete after 1.900 msecs
[   11.239178] PM: resume of devices complete after 543.131 msecs
[   11.314814] OOM killer enabled.
[   11.317944] Restarting tasks ... done.
root@(none):/# 
root@(none):/# rtcwake -d rtc1 -m mem -s 3
rtcwake: wakeup from "mem" using /dev/rtc1 at Thu Jan  1 00:00:36 1970
[   12.154094] PM: Syncing filesystems ... done.
[   12.159753] Freezing user space processes ... (elapsed 0.001 seconds) done.
[   12.167909] OOM killer disabled.
[   12.171127] Freezing remaining freezable tasks ... (elapsed 0.001 seconds) done.
[   12.179796] Suspending console(s) (use no_console_suspend to debug)
[   12.267612] PM: suspend of devices complete after 80.526 msecs
[   12.271858] PM: late suspend of devices complete after 4.235 msecs
[   12.294288] PM: noirq suspend of devices complete after 22.417 msecs
[   12.294292] Disabling non-boot CPUs ...
[   12.294956] migrate_irqs: 2 callbacks suppressed
[   12.294959] IRQ346 no longer affine to CPU1
[   12.357449] IRQ17 no longer affine to CPU2
[   12.357656] IRQ347 no longer affine to CPU2
[   12.396310] IRQ348 no longer affine to CPU3
[   12.425551] Entering suspend state LP1
[   12.425551] Suspended for 3.129 seconds
[   12.425569] Enabling non-boot CPUs ...
[   12.456252] CPU1 is up
[   12.496059] CPU2 is up
[   12.536285] CPU3 is up
[   12.537179] pcieport 0000:00:01.0: nv_msi_ht_cap_quirk didn't locate host bridge
[   12.563582] PM: noirq resume of devices complete after 27.286 msecs
[   12.565943] PM: early resume of devices complete after 1.831 msecs
[   13.114669] PM: resume of devices complete after 548.715 msecs
[   13.203286] OOM killer enabled.
[   13.206425] Restarting tasks ... done.
root@(none):/# 
root@(none):/# rtcwake -d rtc1 -m mem -s 3
rtcwake: wakeup from "mem" using /dev/rtc1 at Thu Jan  1 00:00:41 1970
[   14.014056] PM: Syncing filesystems ... done.
[   14.019709] Freezing user space processes ... (elapsed 0.001 seconds) done.
[   14.027873] OOM killer disabled.
[   14.031090] Freezing remaining freezable tasks ... (elapsed 0.001 seconds) done.
[   14.039759] Suspending console(s) (use no_console_suspend to debug)
[   14.085115] pci_generic_config_write32: 65 callbacks suppressed
[   14.085131] pci_bus 0000:00: 2-byte config write to 0000:00:01.0 offset 0x9c may corrupt adjacent RW1C bits
[   14.128039] PM: suspend of devices complete after 81.019 msecs
[   14.132231] PM: late suspend of devices complete after 4.183 msecs
[   14.132743] pci_bus 0000:01: 2-byte config write to 0000:01:00.0 offset 0x44 may corrupt adjacent RW1C bits
[   14.132759] pci_bus 0000:01: 2-byte config write to 0000:01:00.0 offset 0x44 may corrupt adjacent RW1C bits
[   14.154250] PM: noirq suspend of devices complete after 22.010 msecs
[   14.154253] Disabling non-boot CPUs ...
[   14.154719] IRQ17 no longer affine to CPU1
[   14.154922] IRQ346 no longer affine to CPU1
[   14.197632] IRQ347 no longer affine to CPU2
[   14.256268] IRQ348 no longer affine to CPU3
[   14.285547] Entering suspend state LP1
[   14.285547] Suspended for 3.139 seconds
[   14.285567] Enabling non-boot CPUs ...
[   14.316214] CPU1 is up
[   14.355974] CPU2 is up
[   14.396230] CPU3 is up
[   14.397061] pci_bus 0000:00: 2-byte config write to 0000:00:01.0 offset 0x4c may corrupt adjacent RW1C bits
[   14.397078] pci_bus 0000:00: 2-byte config write to 0000:00:01.0 offset 0x88 may corrupt adjacent RW1C bits
[   14.397085] pci_bus 0000:00: 2-byte config write to 0000:00:01.0 offset 0x90 may corrupt adjacent RW1C bits
[   14.397090] pci_bus 0000:00: 2-byte config write to 0000:00:01.0 offset 0x98 may corrupt adjacent RW1C bits
[   14.397095] pci_bus 0000:00: 2-byte config write to 0000:00:01.0 offset 0x9c may corrupt adjacent RW1C bits
[   14.397118] pci_bus 0000:00: 2-byte config write to 0000:00:01.0 offset 0x52 may corrupt adjacent RW1C bits
[   14.397126] pci_bus 0000:00: 2-byte config write to 0000:00:01.0 offset 0x52 may corrupt adjacent RW1C bits
[   14.397155] pcieport 0000:00:01.0: nv_msi_ht_cap_quirk didn't locate host bridge
[   14.433572] PM: noirq resume of devices complete after 37.330 msecs
[   14.435801] PM: early resume of devices complete after 1.882 msecs
[   14.985970] PM: resume of devices complete after 550.157 msecs
[   15.173003] OOM killer enabled.
[   15.176141] Restarting tasks ... done.
root@(none):/# 
root@(none):/# rtcwake -d rtc1 -m mem -s 3
rtcwake: wakeup from "mem" using /dev/rtc1 at Thu Jan  1 00:00:46 1970
[   15.873514] PM: Syncing filesystems ... done.
[   15.879167] Freezing user space processes ... (elapsed 0.001 seconds) done.
[   15.887320] OOM killer disabled.
[   15.890536] Freezing remaining freezable tasks ... (elapsed 0.001 seconds) done.
[   15.899193] Suspending console(s) (use no_console_suspend to debug)
[   15.975484] PM: suspend of devices complete after 69.034 msecs
[   15.977711] PM: late suspend of devices complete after 2.214 msecs
[   16.004225] PM: noirq suspend of devices complete after 26.504 msecs
[   16.004231] Disabling non-boot CPUs ...
[   16.004690] IRQ17 no longer affine to CPU1
[   16.004890] IRQ346 no longer affine to CPU1
[   16.165394] Entering suspend state LP1
[   16.165394] Suspended for 3.120 seconds
[   16.165412] Enabling non-boot CPUs ...
[   16.195799] CPU1 is up
[   16.235941] CPU2 is up
[   16.276188] CPU3 is up
[   16.277077] pcieport 0000:00:01.0: nv_msi_ht_cap_quirk didn't locate host bridge
[   16.303507] PM: noirq resume of devices complete after 27.306 msecs
[   16.305926] PM: early resume of devices complete after 1.909 msecs
[   16.837541] PM: resume of devices complete after 531.600 msecs
[   16.913169] OOM killer enabled.
[   16.916305] Restarting tasks ... done.
root@(none):/# 
root@(none):/# rtcwake -d rtc1 -m mem -s 3
rtcwake: wakeup from "mem" using /dev/rtc1 at Thu Jan  1 00:00:51 1970
[   17.753998] PM: Syncing filesystems ... done.
[   17.759696] Freezing user space processes ... (elapsed 0.001 seconds) done.
[   17.767862] OOM killer disabled.
[   17.771079] Freezing remaining freezable tasks ... (elapsed 0.001 seconds) done.
[   17.779748] Suspending console(s) (use no_console_suspend to debug)
[   17.857939] PM: suspend of devices complete after 70.904 msecs
[   17.860686] PM: late suspend of devices complete after 2.737 msecs
[   17.884157] PM: noirq suspend of devices complete after 23.459 msecs
[   17.884161] Disabling non-boot CPUs ...
[   17.884638] migrate_irqs: 2 callbacks suppressed
[   17.884641] IRQ17 no longer affine to CPU1
[   17.884837] IRQ346 no longer affine to CPU1
[   17.957556] IRQ347 no longer affine to CPU2
[   18.016200] IRQ348 no longer affine to CPU3
[   18.045409] Entering suspend state LP1
[   18.045409] Suspended for 3.119 seconds
[   18.045430] Enabling non-boot CPUs ...
[   18.076117] CPU1 is up
[   18.115954] CPU2 is up
[   18.156164] CPU3 is up
[   18.157025] pcieport 0000:00:01.0: nv_msi_ht_cap_quirk didn't locate host bridge
[   18.183472] PM: noirq resume of devices complete after 27.296 msecs
[   18.184827] PM: early resume of devices complete after 0.858 msecs
[   18.729485] PM: resume of devices complete after 544.646 msecs
[   18.818038] OOM killer enabled.
[   18.821168] Restarting tasks ... done.
root@(none):/# 
root@(none):/# rtcwake -d rtc1 -m mem -s 3
rtcwake: wakeup from "mem" using /dev/rtc1 at Thu Jan  1 00:00:56 1970
[   19.638635] PM: Syncing filesystems ... done.
[   19.643799] Freezing user space processes ... (elapsed 0.001 seconds) done.
[   19.651927] OOM killer disabled.
[   19.655160] Freezing remaining freezable tasks ... (elapsed 0.001 seconds) done.
[   19.663815] Suspending console(s) (use no_console_suspend to debug)
[   19.704994] pci_generic_config_write32: 65 callbacks suppressed
[   19.705009] pci_bus 0000:00: 2-byte config write to 0000:00:01.0 offset 0x9c may corrupt adjacent RW1C bits
[   19.747450] PM: suspend of devices complete after 76.382 msecs
[   19.751648] PM: late suspend of devices complete after 4.186 msecs
[   19.752355] pci_bus 0000:01: 2-byte config write to 0000:01:00.0 offset 0x44 may corrupt adjacent RW1C bits
[   19.752371] pci_bus 0000:01: 2-byte config write to 0000:01:00.0 offset 0x44 may corrupt adjacent RW1C bits
[   19.774145] PM: noirq suspend of devices complete after 22.485 msecs
[   19.774148] Disabling non-boot CPUs ...
[   19.774613] IRQ17 no longer affine to CPU1
[   19.774816] IRQ346 no longer affine to CPU1
[   19.827561] IRQ347 no longer affine to CPU2
[   19.886209] IRQ348 no longer affine to CPU3
[   19.915429] Entering suspend state LP1
[   19.915429] Suspended for 3.129 seconds
[   19.915448] Enabling non-boot CPUs ...
[   19.946148] CPU1 is up
[   19.985944] CPU2 is up
[   20.026185] CPU3 is up
[   20.027035] pci_bus 0000:00: 2-byte config write to 0000:00:01.0 offset 0x4c may corrupt adjacent RW1C bits
[   20.027054] pci_bus 0000:00: 2-byte config write to 0000:00:01.0 offset 0x88 may corrupt adjacent RW1C bits
[   20.027059] pci_bus 0000:00: 2-byte config write to 0000:00:01.0 offset 0x90 may corrupt adjacent RW1C bits
[   20.027066] pci_bus 0000:00: 2-byte config write to 0000:00:01.0 offset 0x98 may corrupt adjacent RW1C bits
[   20.027070] pci_bus 0000:00: 2-byte config write to 0000:00:01.0 offset 0x9c may corrupt adjacent RW1C bits
[   20.027093] pci_bus 0000:00: 2-byte config write to 0000:00:01.0 offset 0x52 may corrupt adjacent RW1C bits
[   20.027101] pci_bus 0000:00: 2-byte config write to 0000:00:01.0 offset 0x52 may corrupt adjacent RW1C bits
[   20.027132] pcieport 0000:00:01.0: nv_msi_ht_cap_quirk didn't locate host bridge
[   20.053439] PM: noirq resume of devices complete after 27.241 msecs
[   20.055842] PM: early resume of devices complete after 1.874 msecs
[   20.600610] PM: resume of devices complete after 544.757 msecs
[   20.787666] OOM killer enabled.
[   20.790795] Restarting tasks ... done.
root@(none):/# 
root@(none):/# rtcwake -d rtc1 -m mem -s 3
rtcwake: wakeup from "mem" using /dev/rtc1 at Thu Jan  1 00:01:01 1970
[   21.511350] PM: Syncing filesystems ... done.
[   21.517554] Freezing user space processes ... (elapsed 0.001 seconds) done.
[   21.525714] OOM killer disabled.
[   21.528932] Freezing remaining freezable tasks ... (elapsed 0.001 seconds) done.
[   21.537600] Suspending console(s) (use no_console_suspend to debug)
[   21.626415] PM: suspend of devices complete after 81.539 msecs
[   21.628624] PM: late suspend of devices complete after 2.199 msecs
[   21.654095] PM: noirq suspend of devices complete after 25.458 msecs
[   21.654099] Disabling non-boot CPUs ...
[   21.654763] IRQ346 no longer affine to CPU1
[   21.727351] IRQ17 no longer affine to CPU2
[   21.835144] Entering suspend state LP1
[   21.835144] Suspended for 3.080 seconds
[   21.835162] Enabling non-boot CPUs ...
[   21.865761] CPU1 is up
[   21.905887] CPU2 is up
[   21.946097] CPU3 is up
[   21.946981] pcieport 0000:00:01.0: nv_msi_ht_cap_quirk didn't locate host bridge
[   21.973406] PM: noirq resume of devices complete after 27.295 msecs
[   21.976253] PM: early resume of devices complete after 2.354 msecs
[   22.518791] PM: resume of devices complete after 542.523 msecs
[   22.594393] OOM killer enabled.
[   22.597522] Restarting tasks ... done.
root@(none):/# 
root@(none):/# rtcwake -d rtc1 -m mem -s 3
rtcwake: wakeup from "mem" using /dev/rtc1 at Thu Jan  1 00:01:06 1970
[   23.431846] PM: Syncing filesystems ... done.
[   23.438053] Freezing user space processes ... (elapsed 0.001 seconds) done.
[   23.446209] OOM killer disabled.
[   23.449426] Freezing remaining freezable tasks ... (elapsed 0.001 seconds) done.
[   23.458100] Suspending console(s) (use no_console_suspend to debug)
[   23.546338] PM: suspend of devices complete after 80.969 msecs
[   23.549149] PM: late suspend of devices complete after 2.798 msecs
[   23.574101] PM: noirq suspend of devices complete after 24.941 msecs
[   23.574104] Disabling non-boot CPUs ...
[   23.574582] migrate_irqs: 2 callbacks suppressed
[   23.574587] IRQ17 no longer affine to CPU1
[   23.574775] IRQ346 no longer affine to CPU1
[   23.627532] IRQ347 no longer affine to CPU2
[   23.686233] IRQ348 no longer affine to CPU3
[   23.735140] Entering suspend state LP1
[   23.735140] Suspended for 3.099 seconds
[   23.735159] Enabling non-boot CPUs ...
[   23.765643] CPU1 is up
[   23.805815] CPU2 is up
[   23.846088] CPU3 is up
[   23.846979] pcieport 0000:00:01.0: nv_msi_ht_cap_quirk didn't locate host bridge
[   23.873374] PM: noirq resume of devices complete after 27.274 msecs
[   23.875679] PM: early resume of devices complete after 1.812 msecs
[   24.425335] PM: resume of devices complete after 549.641 msecs
[   24.513886] OOM killer enabled.
[   24.517014] Restarting tasks ... done.
root@(none):/# 
root@(none):/# NVTB SYSTEM SUSPEND TEST COMPLETE
