
U-Boot SPL 2014.01-00219-gc4d376f (Feb 18 2014 - 19:57:18)


U-Boot 2014.01-00219-gc4d376f (Feb 18 2014 - 19:57:18)

TEGRA30
Board: NVIDIA Beaver
I2C:   ready
DRAM:  2 GiB
MMC:   Tegra SD/MMC: 0, Tegra SD/MMC: 1
In:    serial
Out:   serial
Err:   serial
Net:   Net Initialization Skipped
No ethernet found.
Hit any key to stop autoboot:  2  0 
Tegra30 (Beaver) # 
Tegra30 (Beaver) # usb reset
(Re)start USB...
USB0:   USB EHCI 1.00
scanning bus 0 for devices... 2 USB Device(s) found
       scanning usb for storage devices... 0 Storage Device(s) found
       scanning usb for ethernet devices... 
Warning: asx0 using MAC address from net device
1 Ethernet Device(s) found
Tegra30 (Beaver) # setenv bootargs 'ignore_loglevel console=ttyS0,115200n8 rw root=PARTUUID=edbe1840-3633-c751-7993-b0ac834f81e0 rootwait gpt debug noinitrd earlyprintk init=/bin/bash'
Tegra30 (Beaver) # setenv ipaddr 192.168.100.101; setenv serverip 192.168.100.1; setenv tftpserverip 192.168.100.1
Tegra30 (Beaver) # tftpboot 0x81000000 zImage.multi_v7_defconfig
Using asx0 device
TFTP from server 192.168.100.1; our IP address is 192.168.100.101
Filename 'zImage.multi_v7_defconfig'.
Load address: 0x81000000
Loading: *#################################################################
	 #################################################################
	 #################################################################
	 #################################################################
	 #################################################################
	 #################################################################
	 #################################################################
	 #################################################################
	 ############################
	 3.3 MiB/s
done
Bytes transferred = 8037920 (7aa620 hex)
Tegra30 (Beaver) # tftpboot 0x82000000 tegra30-beaver.dtb
Using asx0 device
TFTP from server 192.168.100.1; our IP address is 192.168.100.101
Filename 'tegra30-beaver.dtb'.
Load address: 0x82000000
Loading: *####
	 3.1 MiB/s
done
Bytes transferred = 51848 (ca88 hex)
Tegra30 (Beaver) # bootz 0x81000000 - 0x82000000
Kernel image @ 0x81000000 [ 0x000000 - 0x7aa620 ]
## Flattened Device Tree blob at 82000000
   Booting using the fdt blob at 0x82000000
   Loading Device Tree to 8fff0000, end 8ffffa87 ... OK

Starting kernel ...

[    0.000000] Booting Linux on physical CPU 0x0
[    0.000000] Linux version 4.13.0-rc5-next-20170815-193001-g4972470 (jonathanh@sellafield) (gcc version 4.7.3 20130328 (prerelease) (crosstool-NG linaro-1.13.1-4.7-2013.04-20130415 - Linaro GCC 2013.04)) #1 SMP Tue Aug 15 15:18:23 PDT 2017
[    0.000000] CPU: ARMv7 Processor [412fc099] revision 9 (ARMv7), cr=10c5387d
[    0.000000] CPU: PIPT / VIPT nonaliasing data cache, VIPT aliasing instruction cache
[    0.000000] OF: fdt: Machine model: NVIDIA Tegra30 Beaver evaluation board
[    0.000000] debug: ignoring loglevel setting.
[    0.000000] Memory policy: Data cache writealloc
[    0.000000] efi: Getting EFI parameters from FDT:
[    0.000000] efi: UEFI not found.
[    0.000000] cma: Reserved 64 MiB at 0xfb800000
[    0.000000] On node 0 totalpages: 524032
[    0.000000] free_area_init_node: node 0, pgdat c157c980, node_mem_map eeff8000
[    0.000000]   DMA zone: 1536 pages used for memmap
[    0.000000]   DMA zone: 0 pages reserved
[    0.000000]   DMA zone: 196608 pages, LIFO batch:31
[    0.000000]   HighMem zone: 327424 pages, LIFO batch:31
[    0.000000] percpu: Embedded 17 pages/cpu @eef88000 s39424 r8192 d22016 u69632
[    0.000000] pcpu-alloc: s39424 r8192 d22016 u69632 alloc=17*4096
[    0.000000] pcpu-alloc: [0] 0 [0] 1 [0] 2 [0] 3 
[    0.000000] Built 1 zonelists, mobility grouping on.  Total pages: 522496
[    0.000000] Kernel command line: ignore_loglevel console=ttyS0,115200n8 rw root=PARTUUID=edbe1840-3633-c751-7993-b0ac834f81e0 rootwait gpt debug noinitrd earlyprintk init=/bin/bash
[    0.000000] PID hash table entries: 4096 (order: 2, 16384 bytes)
[    0.000000] Dentry cache hash table entries: 131072 (order: 7, 524288 bytes)
[    0.000000] Inode-cache hash table entries: 65536 (order: 6, 262144 bytes)
[    0.000000] Memory: 1993472K/2096128K available (10240K kernel code, 1554K rwdata, 4452K rodata, 2048K init, 405K bss, 37120K reserved, 65536K cma-reserved, 1244160K highmem)
[    0.000000] Virtual kernel memory layout:
[    0.000000]     vector  : 0xffff0000 - 0xffff1000   (   4 kB)
[    0.000000]     fixmap  : 0xffc00000 - 0xfff00000   (3072 kB)
[    0.000000]     vmalloc : 0xf0800000 - 0xff800000   ( 240 MB)
[    0.000000]     lowmem  : 0xc0000000 - 0xf0000000   ( 768 MB)
[    0.000000]     pkmap   : 0xbfe00000 - 0xc0000000   (   2 MB)
[    0.000000]     modules : 0xbf000000 - 0xbfe00000   (  14 MB)
[    0.000000]       .text : 0xc0208000 - 0xc0d00000   (11232 kB)
[    0.000000]       .init : 0xc1200000 - 0xc1400000   (2048 kB)
[    0.000000]       .data : 0xc1400000 - 0xc1584b20   (1555 kB)
[    0.000000]        .bss : 0xc158dc08 - 0xc15f32bc   ( 406 kB)
[    0.000000] SLUB: HWalign=64, Order=0-3, MinObjects=0, CPUs=4, Nodes=1
[    0.000000] Hierarchical RCU implementation.
[    0.000000] 	RCU event tracing is enabled.
[    0.000000] 	RCU restricting CPUs from NR_CPUS=16 to nr_cpu_ids=4.
[    0.000000] RCU: Adjusting geometry for rcu_fanout_leaf=16, nr_cpu_ids=4
[    0.000000] NR_IRQS: 16, nr_irqs: 16, preallocated irqs: 16
[    0.000000] /interrupt-controller@60004000: 160 interrupts forwarded to /interrupt-controller@50041000
[    0.000000] L2C: platform modifies aux control register: 0x02080000 -> 0x3e480001
[    0.000000] L2C: DT/platform modifies aux control register: 0x02080000 -> 0x3e480001
[    0.000000] L2C-310 erratum 769419 enabled
[    0.000000] L2C-310 enabling early BRESP for Cortex-A9
[    0.000000] L2C-310: enabling full line of zeros but not enabled in Cortex-A9
[    0.000000] L2C-310 dynamic clock gating enabled, standby mode enabled
[    0.000000] L2C-310 cache controller enabled, 8 ways, 1024 kB
[    0.000000] L2C-310: CACHE_ID 0x410000c7, AUX_CTRL 0x4e480001
[    0.000012] sched_clock: 32 bits at 1000kHz, resolution 1000ns, wraps every 2147483647500ns
[    0.000030] clocksource: timer_us: mask: 0xffffffff max_cycles: 0xffffffff, max_idle_ns: 1911260446275 ns
[    0.000039] Switching to timer-based delay loop, resolution 1000ns
[    0.002996] Console: colour dummy device 80x30
[    0.003027] Calibrating delay loop (skipped), value calculated using timer frequency.. 2.00 BogoMIPS (lpj=10000)
[    0.003038] pid_max: default: 32768 minimum: 301
[    0.003119] Mount-cache hash table entries: 2048 (order: 1, 8192 bytes)
[    0.003127] Mountpoint-cache hash table entries: 2048 (order: 1, 8192 bytes)
[    0.003533] CPU: Testing write buffer coherency: ok
[    0.003842] CPU0: thread -1, cpu 0, socket 0, mpidr 80000000
[    0.004064] Setting up static identity map for 0x80300000 - 0x803000a0
[    0.005395] Hierarchical SRCU implementation.
[    0.006729] Tegra Revision: A03 SKU: 128 CPU Process: 4 SoC Process: 0
[    0.007305] EFI services will not be available.
[    0.007411] smp: Bringing up secondary CPUs ...
[    0.010375] CPU1: thread -1, cpu 1, socket 0, mpidr 80000001
[    0.020348] CPU2: thread -1, cpu 2, socket 0, mpidr 80000002
[    0.030329] CPU3: thread -1, cpu 3, socket 0, mpidr 80000003
[    0.030385] smp: Brought up 1 node, 4 CPUs
[    0.030398] SMP: Total of 4 processors activated (8.00 BogoMIPS).
[    0.030403] CPU: All CPU(s) started in SVC mode.
[    0.031123] devtmpfs: initialized
[    0.038241] VFP support v0.3: implementor 41 architecture 3 part 30 variant 9 rev 4
[    0.038682] clocksource: jiffies: mask: 0xffffffff max_cycles: 0xffffffff, max_idle_ns: 19112604462750000 ns
[    0.038700] futex hash table entries: 1024 (order: 4, 65536 bytes)
[    0.042148] pinctrl core: initialized pinctrl subsystem
[    0.043549] DMI not present or invalid.
[    0.043766] random: get_random_u32 called from bucket_table_alloc+0xe8/0x254 with crng_init=0
[    0.043835] NET: Registered protocol family 16
[    0.046677] DMA: preallocated 256 KiB pool for atomic coherent allocations
[    0.048366] cpuidle: using governor menu
[    0.061147] No ATAGs?
[    0.061251] hw-breakpoint: found 5 (+1 reserved) breakpoint and 1 watchpoint registers.
[    0.061262] hw-breakpoint: maximum watchpoint size is 4 bytes.
[    0.065477] Serial: AMBA PL011 UART driver
[    0.065933] tegra-mc 7000f000.memory-controller: no memory timings for RAM code 3 registered
[    0.065989] iommu: Adding device reg-dummy to group 0
[    0.066013] iommu: Adding device 3000.pcie to group 1
[    0.066045] iommu: Adding device 50000000.host1x to group 2
[    0.066064] iommu: Adding device 54040000.mpe to group 3
[    0.066082] iommu: Adding device 54080000.vi to group 4
[    0.066100] iommu: Adding device 540c0000.epp to group 5
[    0.066118] iommu: Adding device 54100000.isp to group 6
[    0.066135] iommu: Adding device 54140000.gr2d to group 7
[    0.066156] iommu: Adding device 54180000.gr3d to group 8
[    0.066217] iommu: Adding device 54200000.dc to group 9
[    0.066258] iommu: Adding device 54240000.dc to group 10
[    0.066278] iommu: Adding device 54280000.hdmi to group 11
[    0.066295] iommu: Adding device 50040600.timer to group 12
[    0.066320] iommu: Adding device 50043000.cache-controller to group 13
[    0.066337] iommu: Adding device 60005000.timer to group 14
[    0.066355] iommu: Adding device 60007000.flow-controller to group 15
[    0.066373] iommu: Adding device 6000a000.dma to group 16
[    0.066389] iommu: Adding device 6000c000.ahb to group 17
[    0.066407] iommu: Adding device 6000d000.gpio to group 18
[    0.066429] iommu: Adding device 70000800.apbmisc to group 19
[    0.066445] iommu: Adding device 70000868.pinmux to group 20
[    0.066463] iommu: Adding device 70006000.serial to group 21
[    0.066480] iommu: Adding device 7000e000.rtc to group 22
[    0.066497] iommu: Adding device 7000c000.i2c to group 23
[    0.066522] iommu: Adding device 7000c400.i2c to group 24
[    0.066539] iommu: Adding device 7000c500.i2c to group 25
[    0.066558] iommu: Adding device 7000c700.i2c to group 26
[    0.066580] iommu: Adding device 7000d000.i2c to group 27
[    0.066597] iommu: Adding device 7000da00.spi to group 28
[    0.066614] iommu: Adding device 7000e400.pmc to group 29
[    0.066631] iommu: Adding device 7000f000.memory-controller to group 30
[    0.066648] iommu: Adding device 7000f800.fuse to group 31
[    0.066665] iommu: Adding device 70080000.ahub to group 32
[    0.066682] iommu: Adding device 78000000.sdhci to group 33
[    0.066705] iommu: Adding device 78000600.sdhci to group 34
[    0.066722] iommu: Adding device 7d004000.usb to group 35
[    0.066747] iommu: Adding device 7d004000.usb-phy to group 36
[    0.066764] iommu: Adding device 7d008000.usb to group 37
[    0.066783] iommu: Adding device 7d008000.usb-phy to group 38
[    0.066803] iommu: Adding device pmu to group 39
[    0.066820] iommu: Adding device clocks to group 40
[    0.066837] iommu: Adding device gpio-leds to group 41
[    0.066854] iommu: Adding device regulators to group 42
[    0.066872] iommu: Adding device regulators:regulator@0 to group 43
[    0.066893] iommu: Adding device regulators:regulator@1 to group 44
[    0.066918] iommu: Adding device regulators:regulator@2 to group 45
[    0.066936] iommu: Adding device regulators:regulator@3 to group 46
[    0.066953] iommu: Adding device regulators:regulator@4 to group 47
[    0.066970] iommu: Adding device regulators:regulator@5 to group 48
[    0.066987] iommu: Adding device regulators:regulator@6 to group 49
[    0.067003] iommu: Adding device regulators:regulator@7 to group 50
[    0.067019] iommu: Adding device regulators:regulator@8 to group 51
[    0.067040] iommu: Adding device sound to group 52
[    0.075217] AT91: Could not find identification node
[    0.075716] vdd_5v_sata: Failed to request enable GPIO30: -517
[    0.075730] reg-fixed-voltage regulators:regulator@3: Failed to register regulator: -517
[    0.075782] usb1_vbus: Failed to request enable GPIO238: -517
[    0.075789] reg-fixed-voltage regulators:regulator@4: Failed to register regulator: -517
[    0.075838] usb3_vbus: Failed to request enable GPIO236: -517
[    0.075846] reg-fixed-voltage regulators:regulator@5: Failed to register regulator: -517
[    0.075945] sys_3v3_pexs: Failed to request enable GPIO95: -517
[    0.075953] reg-fixed-voltage regulators:regulator@7: Failed to register regulator: -517
[    0.077702] vgaarb: loaded
[    0.078161] SCSI subsystem initialized
[    0.078295] libata version 3.00 loaded.
[    0.078434] usbcore: registered new interface driver usbfs
[    0.078463] usbcore: registered new interface driver hub
[    0.078497] usbcore: registered new device driver usb
[    0.082816] iommu: Adding device tps65910-gpio to group 53
[    0.083087] iommu: Adding device tps65910-pmic to group 54
[    0.085568] vrtc: supplied by vdd_5v_in
[    0.088842] vio: supplied by vdd_5v_in
[    0.091820] vdd1: supplied by vdd_5v_in
[    0.092273] random: fast init done
[    0.093180] vddio_ddr_1v2: Bringing 600000uV into 1200000-1200000uV
[    0.101813] vdd2: supplied by vdd_5v_in
[    0.121838] ldo1: supplied by vdd_1v5_gen
[    0.124212] ldo2: supplied by vdd_1v5_gen
[    0.124684] vdd_sata,avdd_plle: Bringing 1200000uV into 1050000-1050000uV
[    0.126904] ldo3: supplied by vdd_5v_in
[    0.129244] ldo4: supplied by vdd_5v_in
[    0.131806] ldo5: supplied by vdd_5v_in
[    0.141796] ldo6: supplied by vdd_1v8_gen
[    0.142266] avdd_dsi_csi,pwrdet_mipi: Bringing 1000000uV into 1200000-1200000uV
[    0.144504] ldo7: supplied by vdd_1v8_gen
[    0.151795] ldo8: supplied by vdd_1v8_gen
[    0.160071] iommu: Adding device tps65910-rtc to group 55
[    0.160192] iommu: Adding device tps65910-power to group 56
[    0.161941] pps_core: LinuxPPS API ver. 1 registered
[    0.161947] pps_core: Software ver. 5.3.6 - Copyright 2005-2007 Rodolfo Giometti <giometti@linux.it>
[    0.161959] PTP clock support registered
[    0.162093] EDAC MC: Ver: 3.0.0
[    0.162285] dmi: Firmware registration failed.
[    0.163574] clocksource: Switched to clocksource timer_us
[    0.195784] NET: Registered protocol family 2
[    0.196189] TCP established hash table entries: 8192 (order: 3, 32768 bytes)
[    0.196244] TCP bind hash table entries: 8192 (order: 4, 65536 bytes)
[    0.196329] TCP: Hash tables configured (established 8192 bind 8192)
[    0.196480] UDP hash table entries: 512 (order: 2, 16384 bytes)
[    0.196548] UDP-Lite hash table entries: 512 (order: 2, 16384 bytes)
[    0.196722] NET: Registered protocol family 1
[    0.197057] RPC: Registered named UNIX socket transport module.
[    0.197065] RPC: Registered udp transport module.
[    0.197069] RPC: Registered tcp transport module.
[    0.197074] RPC: Registered tcp NFSv4.1 backchannel transport module.
[    0.197084] PCI: CLS 0 bytes, default 64
[    0.197909] hw perfevents: no interrupt-affinity property for /pmu, guessing.
[    0.198123] hw perfevents: enabled with armv7_cortex_a9 PMU driver, 7 counters available
[    0.198603] iommu: Adding device alarmtimer to group 57
[    0.199297] workingset: timestamp_bits=30 max_order=19 bucket_order=0
[    0.202524] squashfs: version 4.0 (2009/01/31) Phillip Lougher
[    0.202906] NFS: Registering the id_resolver key type
[    0.202934] Key type id_resolver registered
[    0.202939] Key type id_legacy registered
[    0.202967] ntfs: driver 2.1.32 [Flags: R/O].
[    0.203951] bounce: pool size: 64 pages
[    0.203990] Block layer SCSI generic (bsg) driver version 0.4 loaded (major 248)
[    0.203999] io scheduler noop registered
[    0.204004] io scheduler deadline registered
[    0.204138] io scheduler cfq registered (default)
[    0.204144] io scheduler mq-deadline registered
[    0.204149] io scheduler kyber registered
[    0.210090] tegra30-pinctrl 70000868.pinmux: invalid group "sdmmc3_dat6_pd3" for function "rsvd1"
[    0.210105] tegra30-pinctrl 70000868.pinmux: invalid group "sdmmc3_dat7_pd4" for function "rsvd1"
[    0.210119] tegra30-pinctrl 70000868.pinmux: invalid group "vi_vsync_pd6" for function "rsvd1"
[    0.210128] tegra30-pinctrl 70000868.pinmux: invalid group "vi_hsync_pd7" for function "rsvd1"
[    0.210596] tegra30-pinctrl 70000868.pinmux: invalid group "hdmi_int_pn7" for function "rsvd1"
[    0.210641] tegra30-pinctrl 70000868.pinmux: invalid group "ulpi_data3_po4" for function "rsvd1"
[    0.210977] tegra30-pinctrl 70000868.pinmux: invalid group "vi_d10_pt2" for function "rsvd1"
[    0.210990] tegra30-pinctrl 70000868.pinmux: invalid group "vi_d11_pt3" for function "rsvd1"
[    0.211002] tegra30-pinctrl 70000868.pinmux: invalid group "vi_d0_pt4" for function "rsvd1"
[    0.211044] tegra30-pinctrl 70000868.pinmux: invalid group "pu0" for function "rsvd1"
[    0.211073] tegra30-pinctrl 70000868.pinmux: invalid group "pu3" for function "rsvd1"
[    0.211103] tegra30-pinctrl 70000868.pinmux: invalid group "pu6" for function "rsvd1"
[    0.211144] tegra30-pinctrl 70000868.pinmux: invalid group "pv3" for function "rsvd1"
[    0.211645] tegra30-pinctrl 70000868.pinmux: invalid group "pbb0" for function "rsvd1"
[    0.211759] tegra30-pinctrl 70000868.pinmux: invalid group "pcc1" for function "rsvd1"
[    0.216830] tegra-pcie 3000.pcie: 2x3 configuration
[    0.216979] tegra-pcie 3000.pcie: Failed to get supply 'hvdd-pex': -517
[    0.222285] tegra-apbdma 6000a000.dma: Tegra20 APB DMA driver register 32 channels
[    0.224100] tegra-pmc 7000e400.pmc: i2c-thermtrip node not found, emergency thermal reset disabled.
[    0.252092] Serial: 8250/16550 driver, 4 ports, IRQ sharing disabled
[    0.252176] iommu: Adding device serial8250 to group 58
[    0.254190] console [ttyS0] disabled
[    0.254227] 70006000.serial: ttyS0 at MMIO 0x70006000 (irq = 331, base_baud = 25500000) is a Tegra
[    1.626079] console [ttyS0] enabled
[    1.630078] SuperH (H)SCI(F) driver initialized
[    1.635201] msm_serial: driver initialized
[    1.639401] STMicroelectronics ASC driver initialized
[    1.648228] tegra-hdmi 54280000.hdmi: failed to get HDMI regulator
[    1.661079] brd: module loaded
[    1.669047] loop: module loaded
[    1.677807] m25p80 spi32766.1: w25q32 (4096 Kbytes)
[    1.683939] iommu: Adding device Fixed MDIO bus.0 to group 59
[    1.690093] libphy: Fixed MDIO Bus: probed
[    1.694810] CAN device driver interface
[    1.699163] bgmac_bcma: Broadcom 47xx GBit MAC driver loaded
[    1.705531] e1000e: Intel(R) PRO/1000 Network Driver - 3.2.6-k
[    1.711347] e1000e: Copyright(c) 1999 - 2015 Intel Corporation.
[    1.717296] igb: Intel(R) Gigabit Ethernet Network Driver - version 5.4.0-k
[    1.724247] igb: Copyright (c) 2007-2014 Intel Corporation.
[    1.731809] pegasus: v0.9.3 (2013/04/25), Pegasus/Pegasus II USB Ethernet driver
[    1.739250] usbcore: registered new interface driver pegasus
[    1.744926] usbcore: registered new interface driver asix
[    1.750327] usbcore: registered new interface driver ax88179_178a
[    1.756436] usbcore: registered new interface driver cdc_ether
[    1.762274] usbcore: registered new interface driver smsc75xx
[    1.768037] usbcore: registered new interface driver smsc95xx
[    1.773793] usbcore: registered new interface driver net1080
[    1.779452] usbcore: registered new interface driver cdc_subset
[    1.785380] usbcore: registered new interface driver zaurus
[    1.790972] usbcore: registered new interface driver cdc_ncm
[    1.798031] ehci_hcd: USB 2.0 'Enhanced' Host Controller (EHCI) Driver
[    1.804559] ehci-pci: EHCI PCI platform driver
[    1.809013] ehci-platform: EHCI generic platform driver
[    1.814353] ehci-orion: EHCI orion driver
[    1.818436] SPEAr-ehci: EHCI SPEAr driver
[    1.822504] ehci-st: EHCI STMicroelectronics driver
[    1.827450] ehci-exynos: EHCI EXYNOS driver
[    1.831707] ehci-atmel: EHCI Atmel driver
[    1.835786] tegra-ehci: Tegra EHCI driver
[    1.840079] ohci_hcd: USB 1.1 'Open' Host Controller (OHCI) Driver
[    1.846265] ohci-pci: OHCI PCI platform driver
[    1.850721] ohci-platform: OHCI generic platform driver
[    1.856056] SPEAr-ohci: OHCI SPEAr driver
[    1.860127] ohci-st: OHCI STMicroelectronics driver
[    1.865073] ohci-atmel: OHCI Atmel driver
[    1.869487] usbcore: registered new interface driver usb-storage
[    1.878187] tegra_rtc 7000e000.rtc: rtc core: registered 7000e000.rtc as rtc1
[    1.885368] tegra_rtc 7000e000.rtc: Tegra internal Real Time Clock
[    1.904141] tps65910-rtc tps65910-rtc: rtc core: registered tps65910-rtc as rtc0
[    1.911715] i2c /dev entries driver
[    1.923067] sdhci: Secure Digital Host Controller Interface driver
[    1.929258] sdhci: Copyright(c) Pierre Ossman
[    1.934486] Synopsys Designware Multimedia Card Interface Driver
[    1.941189] sdhci-pltfm: SDHCI platform and OF driver helper
[    1.947372] sdhci-tegra 78000000.sdhci: Got CD GPIO
[    1.952247] sdhci-tegra 78000000.sdhci: Got WP GPIO
[    1.965418] mmc0: Invalid maximum block size, assuming 512 bytes
[    2.033668] mmc0: SDHCI controller on 78000000.sdhci [78000000.sdhci] using ADMA
[    2.050047] mmc1: Invalid maximum block size, assuming 512 bytes
[    2.113596] mmc1: SDHCI controller on 78000600.sdhci [78000600.sdhci] using ADMA
[    2.122303] ledtrig-cpu: registered to indicate activity on CPUs
[    2.128585] usbcore: registered new interface driver usbhid
[    2.134156] usbhid: USB HID core driver
[    2.140335] NET: Registered protocol family 10
[    2.145469] Segment Routing with IPv6
[    2.149158] sit: IPv6, IPv4 and MPLS over IPv4 tunneling driver
[    2.155452] NET: Registered protocol family 17
[    2.159888] can: controller area network core (rev 20170425 abi 9)
[    2.166115] NET: Registered protocol family 29
[    2.170548] can: raw protocol (rev 20170425)
[    2.174820] can: broadcast manager protocol (rev 20170425 t)
[    2.180467] can: netlink gateway (rev 20170425) max_hops=1
[    2.186213] Key type dns_resolver registered
[    2.190845] ThumbEE CPU extension supported.
[    2.195133] Registering SWP/SWPB emulation handler
[    2.210952] vdd_ddr: supplied by vdd_5v_in
[    2.215875] vdd_5v_sata: supplied by vdd_5v_in
[    2.220647] usb1_vbus: supplied by vdd_5v_in
[    2.225227] usb3_vbus: supplied by vdd_5v_in
[    2.230721] sys_3v3,vdd_3v3_alw: supplied by vdd_5v_in
[    2.236664] sys_3v3_pexs: supplied by sys_3v3,vdd_3v3_alw
[    2.242173] +VDD_5V_HDMI: supplied by sys_3v3,vdd_3v3_alw
[    2.247276] mmc1: new high speed MMC card at address 0001
[    2.248072] mmcblk1: mmc1:0001 SEM16G 14.8 GiB 
[    2.248968] mmcblk1boot0: mmc1:0001 SEM16G partition 1 1.00 MiB
[    2.249521] mmcblk1boot1: mmc1:0001 SEM16G partition 2 1.00 MiB
[    2.250428] mmcblk1rpmb: mmc1:0001 SEM16G partition 3 128 KiB
[    2.251218] mmc0: new ultra high speed DDR50 SDHC card at address aaaa
[    2.251849] mmcblk0: mmc0:aaaa SS04G 3.69 GiB 
[    2.263136] Primary GPT is invalid, using alternate GPT.
[    2.263152]  mmcblk1: p1 p2 p3 p4 p5
[    2.279855]  mmcblk0: p1 p2 p3
[    2.298704] tegra-pcie 3000.pcie: 2x3 configuration
[    2.306014] tegra-pcie 3000.pcie: probing port 0, using 2 lanes
[    2.370205] tegra-pcie 3000.pcie: probing port 2, using 2 lanes
[    2.780008] tegra-pcie 3000.pcie: link 2 down, retrying
[    3.189095] tegra-pcie 3000.pcie: link 2 down, retrying
[    3.598191] tegra-pcie 3000.pcie: link 2 down, retrying
[    3.605417] tegra-pcie 3000.pcie: link 2 down, ignoring
[    3.610737] tegra-pcie 3000.pcie: PCI host bridge to bus 0000:00
[    3.616751] pci_bus 0000:00: root bus resource [io  0x0000-0xffff]
[    3.622915] pci_bus 0000:00: root bus resource [mem 0x20000000-0x27ffffff]
[    3.629783] pci_bus 0000:00: root bus resource [mem 0x28000000-0x3fffffff pref]
[    3.637083] pci_bus 0000:00: root bus resource [bus 00-ff]
[    3.642577] pci 0000:00:01.0: [10de:0e1c] type 01 class 0x060400
[    3.648588] pci_bus 0000:00: 2-byte config write to 0000:00:01.0 offset 0x4 may corrupt adjacent RW1C bits
[    3.658230] pci_bus 0000:00: 2-byte config write to 0000:00:01.0 offset 0x4 may corrupt adjacent RW1C bits
[    3.667883] pci 0000:00:01.0: enabling Extended Tags
[    3.672835] pci_bus 0000:00: 2-byte config write to 0000:00:01.0 offset 0x88 may corrupt adjacent RW1C bits
[    3.682581] pci_bus 0000:00: 2-byte config write to 0000:00:01.0 offset 0x52 may corrupt adjacent RW1C bits
[    3.692331] pci 0000:00:01.0: PME# supported from D0 D1 D2 D3hot D3cold
[    3.698941] pci_bus 0000:00: 2-byte config write to 0000:00:01.0 offset 0x4c may corrupt adjacent RW1C bits
[    3.708801] pci_bus 0000:00: 2-byte config write to 0000:00:01.0 offset 0x3e may corrupt adjacent RW1C bits
[    3.718534] pci_bus 0000:00: 2-byte config write to 0000:00:01.0 offset 0x4 may corrupt adjacent RW1C bits
[    3.728175] pci_bus 0000:00: 1-byte config write to 0000:00:01.0 offset 0xc may corrupt adjacent RW1C bits
[    3.737813] PCI: bus0: Fast back to back transfers disabled
[    3.743373] pci 0000:00:01.0: bridge configuration invalid ([bus 00-00]), reconfiguring
[    3.751367] pci_bus 0000:00: 2-byte config write to 0000:00:01.0 offset 0x3e may corrupt adjacent RW1C bits
[    3.761095] pci_bus 0000:00: 2-byte config write to 0000:00:01.0 offset 0x3e may corrupt adjacent RW1C bits
[    3.770901] pci 0000:01:00.0: [10ec:8168] type 00 class 0x020000
[    3.776929] pci 0000:01:00.0: reg 0x10: [io  0x0000-0x00ff]
[    3.782502] pci 0000:01:00.0: reg 0x18: [mem 0x00000000-0x00000fff 64bit pref]
[    3.789726] pci 0000:01:00.0: reg 0x20: [mem 0x00000000-0x00003fff 64bit pref]
[    3.797007] pci 0000:01:00.0: supports D1 D2
[    3.801264] pci 0000:01:00.0: PME# supported from D0 D1 D2 D3hot D3cold
[    3.833603] PCI: bus1: Fast back to back transfers disabled
[    3.839164] pci_bus 0000:01: busn_res: [bus 01-ff] end is updated to 01
[    3.845798] pci 0000:00:01.0: BAR 9: assigned [mem 0x28000000-0x280fffff 64bit pref]
[    3.853524] pci 0000:00:01.0: BAR 7: assigned [io  0x1000-0x1fff]
[    3.859615] pci 0000:01:00.0: BAR 4: assigned [mem 0x28000000-0x28003fff 64bit pref]
[    3.867360] pci 0000:01:00.0: BAR 2: assigned [mem 0x28004000-0x28004fff 64bit pref]
[    3.875104] pci 0000:01:00.0: BAR 0: assigned [io  0x1000-0x10ff]
[    3.881185] pci 0000:00:01.0: PCI bridge to [bus 01]
[    3.886144] pci 0000:00:01.0:   bridge window [io  0x1000-0x1fff]
[    3.892223] pci 0000:00:01.0:   bridge window [mem 0x28000000-0x280fffff 64bit pref]
[    3.899974] pci 0000:00:01.0: nv_msi_ht_cap_quirk didn't locate host bridge
[    3.907018] pcieport 0000:00:01.0: enabling device (0140 -> 0143)
[    3.913296] pcieport 0000:00:01.0: Signaling PME with IRQ 374
[    3.919280] r8169 Gigabit Ethernet driver 2.3LK-NAPI loaded
[    3.924870] r8169 0000:01:00.0: enabling device (0140 -> 0143)
[    3.931576] r8169 0000:01:00.0 eth0: RTL8168evl/8111evl at 0xf0a16000, 02:04:4b:01:60:a6, XID 0c900800 IRQ 375
[    3.941578] r8169 0000:01:00.0 eth0: jumbo features [frames: 9200 bytes, tx checksumming: ko]
[    3.953190] [drm] Supports vblank timestamp caching Rev 2 (21.10.2013).
[    3.959809] [drm] No driver support for vblank timestamp query.
[    3.965768] [drm] Cannot find any crtc or sizes
[    3.970304] [drm] Initialized tegra 0.0.0 20120330 for drm on minor 0
[    3.981935] utmi_phy_clk_enable: timeout waiting for phy to stabilize
[    3.988403] tegra-ehci 7d004000.usb: EHCI Host Controller
[    3.993813] tegra-ehci 7d004000.usb: new USB bus registered, assigned bus number 1
[    4.001557] tegra-ehci 7d004000.usb: irq 343, io mem 0x7d004000
[    4.007525] [drm] Cannot find any crtc or sizes
[    4.033972] tegra-ehci 7d004000.usb: USB 2.0 started, EHCI 1.00
[    4.041163] hub 1-0:1.0: USB hub found
[    4.044938] hub 1-0:1.0: 1 port detected
[    4.050041] tegra-ehci 7d008000.usb: EHCI Host Controller
[    4.055452] tegra-ehci 7d008000.usb: new USB bus registered, assigned bus number 2
[    4.063184] tegra-ehci 7d008000.usb: irq 344, io mem 0x7d008000
[    4.093972] tegra-ehci 7d008000.usb: USB 2.0 started, EHCI 1.00
[    4.101098] hub 2-0:1.0: USB hub found
[    4.104870] hub 2-0:1.0: 1 port detected
[    4.115194] tps65910-rtc tps65910-rtc: setting system clock to 2000-01-01 00:00:02 UTC (946684802)
[    4.124695] vdd_sata,avdd_plle: disabling
[    4.129441] usb1_vbus: disabling
[    4.135077] EXT4-fs (mmcblk1p1): mounting ext3 file system using the ext4 subsystem
[    4.151409] EXT4-fs (mmcblk1p1): warning: mounting fs with errors, running e2fsck is recommended
[    4.162831] EXT4-fs (mmcblk1p1): recovery complete
[    4.167638] EXT4-fs (mmcblk1p1): mounted filesystem with ordered data mode. Opts: (null)
[    4.175746] VFS: Mounted root (ext3 filesystem) on device 179:1.
[    4.194511] devtmpfs: mounted
[    4.200079] Freeing unused kernel memory: 2048K
bash: cannot set terminal process group (-1): Inappropriate ioctl for device
bash: no job control in this shell
root@(none):/# [    4.464372] usb 2-1: new high-speed USB device number 2 using tegra-ehci
mount -t sysfs none /sys
root@(none):/# 
root@(none):/# mount -t debugfs none /sys/kernel/debug
root@(none):/# 
root@(none):/# rtcwake -d rtc1 -m mem -s 3
rtcwake: wakeup from "mem" using /dev/rtc1 at Thu Jan  1 00:00:22 1970
[    7.488601] PM: suspend entry (deep)
[    7.492177] PM: Syncing filesystems ... done.
[    7.498611] Freezing user space processes ... (elapsed 0.001 seconds) done.
[    7.506668] OOM killer disabled.
[    7.509884] Freezing remaining freezable tasks ... (elapsed 0.001 seconds) done.
[    7.518402] Suspending console(s) (use no_console_suspend to debug)
[    7.634281] Disabling non-boot CPUs ...
[    7.843800] IRQ17 no longer affine to CPU3
[    7.844366] Entering suspend state LP1
[    7.844379] Enabling non-boot CPUs ...
[    7.845020] CPU1 is up
[    7.845631] CPU2 is up
[    7.846247] CPU3 is up
[    7.846830] pcieport 0000:00:01.0: nv_msi_ht_cap_quirk didn't locate host bridge
[    8.453105] OOM killer enabled.
[    8.456242] Restarting tasks ... done.
[    8.460294] PM: suspend exit
root@(none):/# 
root@(none):/# rtcwake -d rtc1 -m mem -s 3
rtcwake: wakeup from "mem" using /dev/rtc1 at Thu Jan  1 00:00:27 1970
[    9.449005] PM: suspend entry (deep)
[    9.452578] PM: Syncing filesystems ... done.
[    9.458724] Freezing user space processes ... (elapsed 0.001 seconds) done.
[    9.466788] OOM killer disabled.
[    9.470004] Freezing remaining freezable tasks ... (elapsed 0.001 seconds) done.
[    9.478508] Suspending console(s) (use no_console_suspend to debug)
[    9.514876] pci_generic_config_write32: 70 callbacks suppressed
[    9.514888] pci_bus 0000:00: 2-byte config write to 0000:00:01.0 offset 0x9c may corrupt adjacent RW1C bits
[    9.560459] pci_bus 0000:01: 2-byte config write to 0000:01:00.0 offset 0x44 may corrupt adjacent RW1C bits
[    9.560473] pci_bus 0000:01: 2-byte config write to 0000:01:00.0 offset 0x44 may corrupt adjacent RW1C bits
[    9.584273] Disabling non-boot CPUs ...
[    9.713749] IRQ17 no longer affine to CPU2
[    9.774149] Entering suspend state LP1
[    9.774164] Enabling non-boot CPUs ...
[    9.774980] CPU1 is up
[    9.775739] CPU2 is up
[    9.776500] CPU3 is up
[    9.777177] pci_bus 0000:00: 2-byte config write to 0000:00:01.0 offset 0x4c may corrupt adjacent RW1C bits
[    9.777191] pci_bus 0000:00: 2-byte config write to 0000:00:01.0 offset 0x88 may corrupt adjacent RW1C bits
[    9.777196] pci_bus 0000:00: 2-byte config write to 0000:00:01.0 offset 0x90 may corrupt adjacent RW1C bits
[    9.777201] pci_bus 0000:00: 2-byte config write to 0000:00:01.0 offset 0x98 may corrupt adjacent RW1C bits
[    9.777207] pci_bus 0000:00: 2-byte config write to 0000:00:01.0 offset 0x9c may corrupt adjacent RW1C bits
[    9.777225] pci_bus 0000:00: 2-byte config write to 0000:00:01.0 offset 0x52 may corrupt adjacent RW1C bits
[    9.777231] pci_bus 0000:00: 2-byte config write to 0000:00:01.0 offset 0x52 may corrupt adjacent RW1C bits
[    9.777258] pcieport 0000:00:01.0: nv_msi_ht_cap_quirk didn't locate host bridge
[   10.501827] OOM killer enabled.
[   10.504965] Restarting tasks ... done.
[   10.509081] PM: suspend exit
root@(none):/# 
root@(none):/# rtcwake -d rtc1 -m mem -s 3
rtcwake: wakeup from "mem" using /dev/rtc1 at Thu Jan  1 00:00:32 1970
[   11.382234] PM: suspend entry (deep)
[   11.385843] PM: Syncing filesystems ... done.
[   11.391993] Freezing user space processes ... (elapsed 0.001 seconds) done.
[   11.400086] OOM killer disabled.
[   11.403302] Freezing remaining freezable tasks ... (elapsed 0.001 seconds) done.
[   11.411829] Suspending console(s) (use no_console_suspend to debug)
[   11.524374] Disabling non-boot CPUs ...
[   11.693714] IRQ17 no longer affine to CPU3
[   11.694146] Entering suspend state LP1
[   11.694162] Enabling non-boot CPUs ...
[   11.694982] CPU1 is up
[   11.695756] CPU2 is up
[   11.696549] CPU3 is up
[   11.697233] pcieport 0000:00:01.0: nv_msi_ht_cap_quirk didn't locate host bridge
[   12.308640] OOM killer enabled.
[   12.311770] Restarting tasks ... done.
[   12.315898] PM: suspend exit
root@(none):/# 
root@(none):/# rtcwake -d rtc1 -m mem -s 3
rtcwake: wakeup from "mem" using /dev/rtc1 at Thu Jan  1 00:00:37 1970
[   13.301566] PM: suspend entry (deep)
[   13.305170] PM: Syncing filesystems ... done.
[   13.311305] Freezing user space processes ... (elapsed 0.001 seconds) done.
[   13.319408] OOM killer disabled.
[   13.322624] Freezing remaining freezable tasks ... (elapsed 0.001 seconds) done.
[   13.331146] Suspending console(s) (use no_console_suspend to debug)
[   13.444363] Disabling non-boot CPUs ...
[   13.493868] IRQ17 no longer affine to CPU1
[   13.614082] Entering suspend state LP1
[   13.614097] Enabling non-boot CPUs ...
[   13.614908] CPU1 is up
[   13.615661] CPU2 is up
[   13.616411] CPU3 is up
[   13.617094] pcieport 0000:00:01.0: nv_msi_ht_cap_quirk didn't locate host bridge
[   14.238690] OOM killer enabled.
[   14.241821] Restarting tasks ... done.
[   14.245936] PM: suspend exit
root@(none):/# 
root@(none):/# rtcwake -d rtc1 -m mem -s 3
rtcwake: wakeup from "mem" using /dev/rtc1 at Thu Jan  1 00:00:42 1970
[   15.222740] PM: suspend entry (deep)
[   15.226344] PM: Syncing filesystems ... done.
[   15.233013] Freezing user space processes ... (elapsed 0.001 seconds) done.
[   15.241093] OOM killer disabled.
[   15.244330] Freezing remaining freezable tasks ... (elapsed 0.001 seconds) done.
[   15.252851] Suspending console(s) (use no_console_suspend to debug)
[   15.294179] pci_generic_config_write32: 71 callbacks suppressed
[   15.294194] pci_bus 0000:00: 2-byte config write to 0000:00:01.0 offset 0x9c may corrupt adjacent RW1C bits
[   15.342035] pci_bus 0000:01: 2-byte config write to 0000:01:00.0 offset 0x44 may corrupt adjacent RW1C bits
[   15.342051] pci_bus 0000:01: 2-byte config write to 0000:01:00.0 offset 0x44 may corrupt adjacent RW1C bits
[   15.364359] Disabling non-boot CPUs ...
[   15.473709] IRQ17 no longer affine to CPU2
[   15.534212] Entering suspend state LP1
[   15.534228] Enabling non-boot CPUs ...
[   15.535052] CPU1 is up
[   15.535816] CPU2 is up
[   15.536586] CPU3 is up
[   15.537270] pci_bus 0000:00: 2-byte config write to 0000:00:01.0 offset 0x4c may corrupt adjacent RW1C bits
[   15.537283] pci_bus 0000:00: 2-byte config write to 0000:00:01.0 offset 0x88 may corrupt adjacent RW1C bits
[   15.537289] pci_bus 0000:00: 2-byte config write to 0000:00:01.0 offset 0x90 may corrupt adjacent RW1C bits
[   15.537295] pci_bus 0000:00: 2-byte config write to 0000:00:01.0 offset 0x98 may corrupt adjacent RW1C bits
[   15.537300] pci_bus 0000:00: 2-byte config write to 0000:00:01.0 offset 0x9c may corrupt adjacent RW1C bits
[   15.537323] pci_bus 0000:00: 2-byte config write to 0000:00:01.0 offset 0x52 may corrupt adjacent RW1C bits
[   15.537331] pci_bus 0000:00: 2-byte config write to 0000:00:01.0 offset 0x52 may corrupt adjacent RW1C bits
[   15.537358] pcieport 0000:00:01.0: nv_msi_ht_cap_quirk didn't locate host bridge
[   16.256368] OOM killer enabled.
[   16.259498] Restarting tasks ... done.
[   16.263631] PM: suspend exit
root@(none):/# 
root@(none):/# rtcwake -d rtc1 -m mem -s 3
rtcwake: wakeup from "mem" using /dev/rtc1 at Thu Jan  1 00:00:47 1970
[   17.142161] PM: suspend entry (deep)
[   17.145764] PM: Syncing filesystems ... done.
[   17.152916] Freezing user space processes ... (elapsed 0.001 seconds) done.
[   17.160991] OOM killer disabled.
[   17.164225] Freezing remaining freezable tasks ... (elapsed 0.001 seconds) done.
[   17.172744] Suspending console(s) (use no_console_suspend to debug)
[   17.284298] Disabling non-boot CPUs ...
[   17.383686] IRQ17 no longer affine to CPU2
[   17.444157] Entering suspend state LP1
[   17.444173] Enabling non-boot CPUs ...
[   17.444990] CPU1 is up
[   17.445751] CPU2 is up
[   17.446501] CPU3 is up
[   17.447226] pcieport 0000:00:01.0: nv_msi_ht_cap_quirk didn't locate host bridge
[   18.053233] OOM killer enabled.
[   18.056372] Restarting tasks ... done.
[   18.060491] PM: suspend exit
root@(none):/# 
root@(none):/# rtcwake -d rtc1 -m mem -s 3
rtcwake: wakeup from "mem" using /dev/rtc1 at Thu Jan  1 00:00:52 1970
[   19.052196] PM: suspend entry (deep)
[   19.055798] PM: Syncing filesystems ... done.
[   19.061941] Freezing user space processes ... (elapsed 0.001 seconds) done.
[   19.070036] OOM killer disabled.
[   19.073252] Freezing remaining freezable tasks ... (elapsed 0.001 seconds) done.
[   19.081772] Suspending console(s) (use no_console_suspend to debug)
[   19.194283] Disabling non-boot CPUs ...
[   19.303664] IRQ17 no longer affine to CPU2
[   19.363987] Entering suspend state LP1
[   19.364001] Enabling non-boot CPUs ...
[   19.364825] CPU1 is up
[   19.365597] CPU2 is up
[   19.366357] CPU3 is up
[   19.367056] pcieport 0000:00:01.0: nv_msi_ht_cap_quirk didn't locate host bridge
[   19.988574] OOM killer enabled.
[   19.991705] Restarting tasks ... done.
[   19.995845] PM: suspend exit
root@(none):/# 
root@(none):/# rtcwake -d rtc1 -m mem -s 3
rtcwake: wakeup from "mem" using /dev/rtc1 at Thu Jan  1 00:00:57 1970
[   20.973103] PM: suspend entry (deep)
[   20.976715] PM: Syncing filesystems ... done.
[   20.983409] Freezing user space processes ... (elapsed 0.001 seconds) done.
[   20.991484] OOM killer disabled.
[   20.994717] Freezing remaining freezable tasks ... (elapsed 0.001 seconds) done.
[   21.003247] Suspending console(s) (use no_console_suspend to debug)
[   21.045124] pci_generic_config_write32: 71 callbacks suppressed
[   21.045140] pci_bus 0000:00: 2-byte config write to 0000:00:01.0 offset 0x9c may corrupt adjacent RW1C bits
[   21.092257] pci_bus 0000:01: 2-byte config write to 0000:01:00.0 offset 0x44 may corrupt adjacent RW1C bits
[   21.092276] pci_bus 0000:01: 2-byte config write to 0000:01:00.0 offset 0x44 may corrupt adjacent RW1C bits
[   21.114275] Disabling non-boot CPUs ...
[   21.223622] IRQ17 no longer affine to CPU2
[   21.284103] Entering suspend state LP1
[   21.284119] Enabling non-boot CPUs ...
[   21.284943] CPU1 is up
[   21.285708] CPU2 is up
[   21.286471] CPU3 is up
[   21.287125] pci_bus 0000:00: 2-byte config write to 0000:00:01.0 offset 0x4c may corrupt adjacent RW1C bits
[   21.287140] pci_bus 0000:00: 2-byte config write to 0000:00:01.0 offset 0x88 may corrupt adjacent RW1C bits
[   21.287145] pci_bus 0000:00: 2-byte config write to 0000:00:01.0 offset 0x90 may corrupt adjacent RW1C bits
[   21.287150] pci_bus 0000:00: 2-byte config write to 0000:00:01.0 offset 0x98 may corrupt adjacent RW1C bits
[   21.287154] pci_bus 0000:00: 2-byte config write to 0000:00:01.0 offset 0x9c may corrupt adjacent RW1C bits
[   21.287176] pci_bus 0000:00: 2-byte config write to 0000:00:01.0 offset 0x52 may corrupt adjacent RW1C bits
[   21.287184] pci_bus 0000:00: 2-byte config write to 0000:00:01.0 offset 0x52 may corrupt adjacent RW1C bits
[   21.287211] pcieport 0000:00:01.0: nv_msi_ht_cap_quirk didn't locate host bridge
[   21.996354] OOM killer enabled.
[   21.999487] Restarting tasks ... done.
[   22.003618] PM: suspend exit
root@(none):/# 
root@(none):/# rtcwake -d rtc1 -m mem -s 3
rtcwake: wakeup from "mem" using /dev/rtc1 at Thu Jan  1 00:01:02 1970
[   22.891500] PM: suspend entry (deep)
[   22.895103] PM: Syncing filesystems ... done.
[   22.901238] Freezing user space processes ... (elapsed 0.001 seconds) done.
[   22.909335] OOM killer disabled.
[   22.912551] Freezing remaining freezable tasks ... (elapsed 0.001 seconds) done.
[   22.921077] Suspending console(s) (use no_console_suspend to debug)
[   23.034214] Disabling non-boot CPUs ...
[   23.143603] IRQ17 no longer affine to CPU2
[   23.203974] Entering suspend state LP1
[   23.203988] Enabling non-boot CPUs ...
[   23.204803] CPU1 is up
[   23.205564] CPU2 is up
[   23.206310] CPU3 is up
[   23.207010] pcieport 0000:00:01.0: nv_msi_ht_cap_quirk didn't locate host bridge
[   23.828282] OOM killer enabled.
[   23.831414] Restarting tasks ... done.
[   23.835541] PM: suspend exit
root@(none):/# 
root@(none):/# rtcwake -d rtc1 -m mem -s 3
rtcwake: wakeup from "mem" using /dev/rtc1 at Thu Jan  1 00:01:07 1970
[   24.825793] PM: suspend entry (deep)
[   24.829371] PM: Syncing filesystems ... done.
[   24.836544] Freezing user space processes ... (elapsed 0.001 seconds) done.
[   24.844638] OOM killer disabled.
[   24.847854] Freezing remaining freezable tasks ... (elapsed 0.001 seconds) done.
[   24.856391] Suspending console(s) (use no_console_suspend to debug)
[   24.974222] Disabling non-boot CPUs ...
[   25.073570] IRQ17 no longer affine to CPU2
[   25.154069] Entering suspend state LP1
[   25.154085] Enabling non-boot CPUs ...
[   25.154951] CPU1 is up
[   25.155709] CPU2 is up
[   25.156464] CPU3 is up
[   25.157158] pcieport 0000:00:01.0: nv_msi_ht_cap_quirk didn't locate host bridge
[   25.772719] OOM killer enabled.
[   25.775857] Restarting tasks ... done.
[   25.779971] PM: suspend exit
root@(none):/# 
root@(none):/# NVTB SYSTEM SUSPEND TEST COMPLETE
