
U-Boot SPL 2014.01-00219-gc4d376f (Feb 18 2014 - 19:57:32)


U-Boot 2014.01-00219-gc4d376f (Feb 18 2014 - 19:57:32)

TEGRA114
Board: NVIDIA Dalmore
I2C:   ready
DRAM:  2 GiB
MMC:   Tegra SD/MMC: 0, Tegra SD/MMC: 1
In:    serial
Out:   serial
Err:   serial
Net:   Net Initialization Skipped
No ethernet found.
Hit any key to stop autoboot:  2  0 
Tegra114 (Dalmore) # 
Tegra114 (Dalmore) # usb reset
(Re)start USB...
USB0:   USB EHCI 1.10
scanning bus 0 for devices... 2 USB Device(s) found
       scanning usb for storage devices... 0 Storage Device(s) found
       scanning usb for ethernet devices... 
Warning: asx0 using MAC address from net device
1 Ethernet Device(s) found
Tegra114 (Dalmore) # setenv bootargs 'ignore_loglevel console=ttyS0,115200n8 rw root=PARTUUID=7369c667-ff51-ec4a-29cd-baabf2fbe346 rootwait gpt debug earlyprintk init=/bin/bash'
Tegra114 (Dalmore) # setenv ipaddr 192.168.100.100; setenv serverip 192.168.100.1; setenv tftpserverip 192.168.100.1
Tegra114 (Dalmore) # tftpboot 0x81000000 zImage.multi_v7_defconfig
Using asx0 device
TFTP from server 192.168.100.1; our IP address is 192.168.100.100
Filename 'zImage.multi_v7_defconfig'.
Load address: 0x81000000
Loading: *#################################################################
	 #################################################################
	 #################################################################
	 #################################################################
	 #################################################################
	 #################################################################
	 #################################################################
	 #################################################################
	 ##################################
	 3.4 MiB/s
done
Bytes transferred = 8122880 (7bf200 hex)
Tegra114 (Dalmore) # tftpboot 0x82000000 tegra114-dalmore.dtb
Using asx0 device
TFTP from server 192.168.100.1; our IP address is 192.168.100.100
Filename 'tegra114-dalmore.dtb'.
Load address: 0x82000000
Loading: *###
	 3.3 MiB/s
done
Bytes transferred = 34502 (86c6 hex)
Tegra114 (Dalmore) # bootz 0x81000000 - 0x82000000
Kernel image @ 0x81000000 [ 0x000000 - 0x7bf200 ]
## Flattened Device Tree blob at 82000000
   Booting using the fdt blob at 0x82000000
   Loading Device Tree to 8fff4000, end 8ffff6c5 ... OK

Starting kernel ...

[    0.000000] Booting Linux on physical CPU 0x0
[    0.000000] Linux version 4.15.0-next-20180130-348510-gadbc9f27e641 (jonathanh@tamien) (gcc version 4.7.3 20130328 (prerelease) (crosstool-NG linaro-1.13.1-4.7-2013.04-20130415 - Linaro GCC 2013.04)) #1 SMP Mon Jan 29 21:34:59 PST 2018
[    0.000000] CPU: ARMv7 Processor [412fc0f2] revision 2 (ARMv7), cr=10c5387d
[    0.000000] CPU: div instructions available: patching division code
[    0.000000] CPU: PIPT / VIPT nonaliasing data cache, PIPT instruction cache
[    0.000000] OF: fdt: Machine model: NVIDIA Tegra114 Dalmore evaluation board
[    0.000000] debug: ignoring loglevel setting.
[    0.000000] Memory policy: Data cache writealloc
[    0.000000] efi: Getting EFI parameters from FDT:
[    0.000000] efi: UEFI not found.
[    0.000000] cma: Reserved 64 MiB at 0xfb800000
[    0.000000] On node 0 totalpages: 524032
[    0.000000]   DMA zone: 1536 pages used for memmap
[    0.000000]   DMA zone: 0 pages reserved
[    0.000000]   DMA zone: 196608 pages, LIFO batch:31
[    0.000000]   HighMem zone: 327424 pages, LIFO batch:31
[    0.000000] random: fast init done
[    0.000000] percpu: Embedded 17 pages/cpu @(ptrval) s39232 r8192 d22208 u69632
[    0.000000] pcpu-alloc: s39232 r8192 d22208 u69632 alloc=17*4096
[    0.000000] pcpu-alloc: [0] 0 [0] 1 [0] 2 [0] 3 
[    0.000000] Built 1 zonelists, mobility grouping on.  Total pages: 522496
[    0.000000] Kernel command line: ignore_loglevel console=ttyS0,115200n8 rw root=PARTUUID=7369c667-ff51-ec4a-29cd-baabf2fbe346 rootwait gpt debug earlyprintk init=/bin/bash
[    0.000000] Dentry cache hash table entries: 131072 (order: 7, 524288 bytes)
[    0.000000] Inode-cache hash table entries: 65536 (order: 6, 262144 bytes)
[    0.000000] Memory: 1992580K/2096128K available (11264K kernel code, 1569K rwdata, 4336K rodata, 2048K init, 405K bss, 38012K reserved, 65536K cma-reserved, 1244160K highmem)
[    0.000000] Virtual kernel memory layout:
[    0.000000]     vector  : 0xffff0000 - 0xffff1000   (   4 kB)
[    0.000000]     fixmap  : 0xffc00000 - 0xfff00000   (3072 kB)
[    0.000000]     vmalloc : 0xf0800000 - 0xff800000   ( 240 MB)
[    0.000000]     lowmem  : 0xc0000000 - 0xf0000000   ( 768 MB)
[    0.000000]     pkmap   : 0xbfe00000 - 0xc0000000   (   2 MB)
[    0.000000]     modules : 0xbf000000 - 0xbfe00000   (  14 MB)
[    0.000000]       .text : 0x(ptrval) - 0x(ptrval)   (12256 kB)
[    0.000000]       .init : 0x(ptrval) - 0x(ptrval)   (2048 kB)
[    0.000000]       .data : 0x(ptrval) - 0x(ptrval)   (1570 kB)
[    0.000000]        .bss : 0x(ptrval) - 0x(ptrval)   ( 406 kB)
[    0.000000] SLUB: HWalign=64, Order=0-3, MinObjects=0, CPUs=4, Nodes=1
[    0.000000] Hierarchical RCU implementation.
[    0.000000] 	RCU event tracing is enabled.
[    0.000000] 	RCU restricting CPUs from NR_CPUS=16 to nr_cpu_ids=4.
[    0.000000] RCU: Adjusting geometry for rcu_fanout_leaf=16, nr_cpu_ids=4
[    0.000000] NR_IRQS: 16, nr_irqs: 16, preallocated irqs: 16
[    0.000000] /interrupt-controller@60004000: 160 interrupts forwarded to /interrupt-controller@50041000
[    0.000000] Tegra clk 127: register failed with -17
[    0.000008] sched_clock: 32 bits at 1000kHz, resolution 1000ns, wraps every 2147483647500ns
[    0.000028] clocksource: timer_us: mask: 0xffffffff max_cycles: 0xffffffff, max_idle_ns: 1911260446275 ns
[    0.000044] Switching to timer-based delay loop, resolution 1000ns
[    0.003245] arch_timer: cp15 timer(s) running at 12.00MHz (virt).
[    0.003265] clocksource: arch_sys_counter: mask: 0xffffffffffffff max_cycles: 0x2c47f4ee7, max_idle_ns: 440795202497 ns
[    0.003285] sched_clock: 56 bits at 12MHz, resolution 83ns, wraps every 4398046511096ns
[    0.003300] Switching to timer-based delay loop, resolution 83ns
[    0.003726] Console: colour dummy device 80x30
[    0.003764] Calibrating delay loop (skipped), value calculated using timer frequency.. 24.00 BogoMIPS (lpj=120000)
[    0.003784] pid_max: default: 32768 minimum: 301
[    0.003902] Mount-cache hash table entries: 2048 (order: 1, 8192 bytes)
[    0.003919] Mountpoint-cache hash table entries: 2048 (order: 1, 8192 bytes)
[    0.004433] CPU: Testing write buffer coherency: ok
[    0.004692] /cpus/cpu@0 missing clock-frequency property
[    0.004724] /cpus/cpu@1 missing clock-frequency property
[    0.004756] /cpus/cpu@2 missing clock-frequency property
[    0.004788] /cpus/cpu@3 missing clock-frequency property
[    0.004803] CPU0: thread -1, cpu 0, socket 0, mpidr 80000000
[    0.005115] Setting up static identity map for 0x80300000 - 0x803000a0
[    0.006366] Hierarchical SRCU implementation.
[    0.008449] Tegra Revision: A01 SKU: 0 CPU Process: 1 SoC Process: 0
[    0.009159] EFI services will not be available.
[    0.009327] smp: Bringing up secondary CPUs ...
[    0.009847] CPU1: thread -1, cpu 1, socket 0, mpidr 80000001
[    0.010457] CPU2: thread -1, cpu 2, socket 0, mpidr 80000002
[    0.011059] CPU3: thread -1, cpu 3, socket 0, mpidr 80000003
[    0.011165] smp: Brought up 1 node, 4 CPUs
[    0.011191] SMP: Total of 4 processors activated (96.00 BogoMIPS).
[    0.011201] CPU: All CPU(s) started in SVC mode.
[    0.012713] devtmpfs: initialized
[    0.021977] Built 1 zonelists, mobility grouping on.  Total pages: 514529
[    0.022331] VFP support v0.3: implementor 41 architecture 4 part 30 variant f rev 0
[    0.022667] clocksource: jiffies: mask: 0xffffffff max_cycles: 0xffffffff, max_idle_ns: 19112604462750000 ns
[    0.022687] futex hash table entries: 1024 (order: 4, 65536 bytes)
[    0.022881] pinctrl core: initialized pinctrl subsystem
[    0.024169] DMI not present or invalid.
[    0.024432] NET: Registered protocol family 16
[    0.026514] DMA: preallocated 256 KiB pool for atomic coherent allocations
[    0.028565] cpuidle: using governor menu
[    0.049926] No ATAGs?
[    0.050056] hw-breakpoint: found 5 (+1 reserved) breakpoint and 4 watchpoint registers.
[    0.050074] hw-breakpoint: maximum watchpoint size is 8 bytes.
[    0.055743] Serial: AMBA PL011 UART driver
[    0.056662] tegra-mc 70019000.memory-controller: no memory timings for RAM code 3 registered
[    0.056849] iommu: Adding device 54200000.dc to group 0
[    0.056909] iommu: Adding device 54240000.dc to group 0
[    0.070676] AT91: Could not find identification node
[    0.071158] dvdd_ts: Failed to request enable GPIO61: -517
[    0.071181] reg-fixed-voltage regulators:regulator@1: Failed to register regulator: -517
[    0.071288] usb1_vbus: Failed to request enable GPIO108: -517
[    0.071304] reg-fixed-voltage regulators:regulator@3: Failed to register regulator: -517
[    0.071408] usb2_vbus: Failed to request enable GPIO86: -517
[    0.071424] reg-fixed-voltage regulators:regulator@4: Failed to register regulator: -517
[    0.071851] VDD_5V0_HDMI_CON: Failed to request enable GPIO81: -517
[    0.071867] reg-fixed-voltage regulators:regulator@7: Failed to register regulator: -517
[    0.074319] vgaarb: loaded
[    0.075025] SCSI subsystem initialized
[    0.075203] libata version 3.00 loaded.
[    0.075403] usbcore: registered new interface driver usbfs
[    0.075452] usbcore: registered new interface driver hub
[    0.075525] usbcore: registered new device driver usb
[    0.078736] tps65090 2-0048: No cache defaults, reading back from HW
[    0.080637] TPS65090_RAILSDCDC1: supplied by vdd_ac_bat
[    0.081675] TPS65090_RAILSDCDC2: supplied by vdd_ac_bat
[    0.082723] TPS65090_RAILSDCDC3: supplied by vdd_ac_bat
[    0.083240] TPS65090_RAILSFET1: supplied by vdd_ac_bat
[    0.083602] TPS65090_RAILSFET2: supplied by vdd_ac_bat
[    0.083947] TPS65090_RAILSFET3: supplied by vdd-sys-3v3
[    0.084453] TPS65090_RAILSFET4: supplied by vdd-sys-3v3
[    0.084971] TPS65090_RAILSFET5: supplied by vdd-sys-3v3
[    0.085471] TPS65090_RAILSFET6: supplied by vdd-sys-3v3
[    0.086293] TPS65090_RAILSFET7: supplied by vdd-sys-3v3
[    0.086802] TPS65090_RAILSLDO1: supplied by vdd_ac_bat
[    0.086992] TPS65090_RAILSLDO2: supplied by vdd_ac_bat
[    0.087888] palmas 2-0058: Irq flag is 0x00000004
[    0.089838] palmas 2-0058: Muxing GPIO ff, PWM 0, LED 0
[    0.092336] SMPS12: supplied by vdd-ao
[    0.093350] vdd_hdmi_5v0: supplied by vdd-sys-5v0
[    0.094159] SMPS3: supplied by vdd-ao
[    0.095872] SMPS457: supplied by vdd-sys-3v3
[    0.097483] SMPS6: supplied by regulator-dummy
[    0.098862] SMPS8: supplied by vdd-sys-3v3
[    0.100419] SMPS9: supplied by vdd-sys-3v3
[    0.100936] sdhci-vdd-sd-slot: Bringing 2840000uV into 2800000-2800000uV
[    0.102306] SMPS10_OUT2: supplied by regulator-dummy
[    0.103127] SMPS10_OUT1: supplied by regulator-dummy
[    0.104029] LDO1: supplied by vdd-sys-3v3
[    0.105121] LDO2: supplied by vdd-sys-3v3
[    0.106221] LDO3: supplied by vddio-1v8
[    0.107303] LDO4: supplied by vdd-sys-3v3
[    0.108400] LDO5: supplied by vdd_ac_bat
[    0.109072] LDO6: supplied by vdd-sys-3v3
[    0.109584] vdd-sensor-2v85: Bringing 2900000uV into 2850000-2850000uV
[    0.110889] LDO7: supplied by vdd-sys-3v3
[    0.112521] LDO8: supplied by vdd-ao
[    0.113037] vdd-rtc: Bringing 675000uV into 900000-900000uV
[    0.123982] LDO9: supplied by sdhci-vdd-sd-slot
[    0.134305] LDOLN: supplied by vdd-sys-5v0
[    0.135404] LDOUSB: supplied by vdd-sys-5v0
[    0.146649] pps_core: LinuxPPS API ver. 1 registered
[    0.146661] pps_core: Software ver. 5.3.6 - Copyright 2005-2007 Rodolfo Giometti <giometti@linux.it>
[    0.146684] PTP clock support registered
[    0.146869] EDAC MC: Ver: 3.0.0
[    0.149070] clocksource: Switched to clocksource arch_sys_counter
[    0.202433] NET: Registered protocol family 2
[    0.202948] tcp_listen_portaddr_hash hash table entries: 512 (order: 0, 6144 bytes)
[    0.202981] TCP established hash table entries: 8192 (order: 3, 32768 bytes)
[    0.203086] TCP bind hash table entries: 8192 (order: 4, 65536 bytes)
[    0.203274] TCP: Hash tables configured (established 8192 bind 8192)
[    0.203360] UDP hash table entries: 512 (order: 2, 16384 bytes)
[    0.203405] UDP-Lite hash table entries: 512 (order: 2, 16384 bytes)
[    0.203564] NET: Registered protocol family 1
[    0.203900] RPC: Registered named UNIX socket transport module.
[    0.203913] RPC: Registered udp transport module.
[    0.203923] RPC: Registered tcp transport module.
[    0.203933] RPC: Registered tcp NFSv4.1 backchannel transport module.
[    0.203948] PCI: CLS 0 bytes, default 64
[    0.206083] Initialise system trusted keyrings
[    0.206220] workingset: timestamp_bits=30 max_order=19 bucket_order=0
[    0.212987] squashfs: version 4.0 (2009/01/31) Phillip Lougher
[    0.213572] NFS: Registering the id_resolver key type
[    0.213597] Key type id_resolver registered
[    0.213608] Key type id_legacy registered
[    0.213656] ntfs: driver 2.1.32 [Flags: R/O].
[    0.215233] Key type asymmetric registered
[    0.215246] Asymmetric key parser 'x509' registered
[    0.215300] bounce: pool size: 64 pages
[    0.215349] Block layer SCSI generic (bsg) driver version 0.4 loaded (major 246)
[    0.215362] io scheduler noop registered
[    0.215372] io scheduler deadline registered
[    0.215599] io scheduler cfq registered (default)
[    0.215612] io scheduler mq-deadline registered
[    0.215623] io scheduler kyber registered
[    0.247875] tegra-apbdma 6000a000.dma: Tegra20 APB DMA driver register 32 channels
[    0.250876] tegra-pmc 7000e400.pmc: i2c-thermtrip node not found, emergency thermal reset disabled.
[    0.303892] Serial: 8250/16550 driver, 4 ports, IRQ sharing disabled
[    0.306543] console [ttyS0] disabled
[    0.306585] 70006300.serial: ttyS0 at MMIO 0x70006300 (irq = 329, base_baud = 25500000) is a Tegra
[    1.338870] console [ttyS0] enabled
[    1.343148] SuperH (H)SCI(F) driver initialized
[    1.348657] msm_serial: driver initialized
[    1.352954] STMicroelectronics ASC driver initialized
[    1.363292] Failed to attached device 54200000.dc to IOMMU_mapping
[    1.377698] Failed to attached device 54240000.dc to IOMMU_mapping
[    1.392576] tegra-hdmi 54280000.hdmi: failed to get HDMI regulator
[    1.414888] brd: module loaded
[    1.424622] loop: module loaded
[    1.444764] m25p80 spi0.0: w25q32dw (4096 Kbytes)
[    1.452119] libphy: Fixed MDIO Bus: probed
[    1.457154] CAN device driver interface
[    1.461910] bgmac_bcma: Broadcom 47xx GBit MAC driver loaded
[    1.468776] e1000e: Intel(R) PRO/1000 Network Driver - 3.2.6-k
[    1.474616] e1000e: Copyright(c) 1999 - 2015 Intel Corporation.
[    1.480594] igb: Intel(R) Gigabit Ethernet Network Driver - version 5.4.0-k
[    1.487545] igb: Copyright (c) 2007-2014 Intel Corporation.
[    1.496620] pegasus: v0.9.3 (2013/04/25), Pegasus/Pegasus II USB Ethernet driver
[    1.504072] usbcore: registered new interface driver pegasus
[    1.509779] usbcore: registered new interface driver asix
[    1.515198] usbcore: registered new interface driver ax88179_178a
[    1.521332] usbcore: registered new interface driver cdc_ether
[    1.527199] usbcore: registered new interface driver smsc75xx
[    1.532997] usbcore: registered new interface driver smsc95xx
[    1.538761] usbcore: registered new interface driver net1080
[    1.544462] usbcore: registered new interface driver cdc_subset
[    1.550415] usbcore: registered new interface driver zaurus
[    1.556023] usbcore: registered new interface driver cdc_ncm
[    1.561919] tegra-phy 7d000000.usb-phy: no vbus regulator
[    1.569356] ehci_hcd: USB 2.0 'Enhanced' Host Controller (EHCI) Driver
[    1.575875] ehci-pci: EHCI PCI platform driver
[    1.580365] ehci-platform: EHCI generic platform driver
[    1.585771] ehci-orion: EHCI orion driver
[    1.589945] SPEAr-ehci: EHCI SPEAr driver
[    1.594077] ehci-st: EHCI STMicroelectronics driver
[    1.599098] ehci-exynos: EHCI EXYNOS driver
[    1.603421] ehci-atmel: EHCI Atmel driver
[    1.607549] tegra-ehci: Tegra EHCI driver
[    1.611867] ohci_hcd: USB 1.1 'Open' Host Controller (OHCI) Driver
[    1.618049] ohci-pci: OHCI PCI platform driver
[    1.622549] ohci-platform: OHCI generic platform driver
[    1.627934] SPEAr-ohci: OHCI SPEAr driver
[    1.632084] ohci-st: OHCI STMicroelectronics driver
[    1.637082] ohci-atmel: OHCI Atmel driver
[    1.641783] usbcore: registered new interface driver usb-storage
[    1.660456] palmas-rtc 7000d000.i2c:tps65913@58:rtc: rtc core: registered 7000d000.i2c:tps65913@58:rtc as rtc0
[    1.672253] tegra_rtc 7000e000.rtc: rtc core: registered 7000e000.rtc as rtc1
[    1.679445] tegra_rtc 7000e000.rtc: Tegra internal Real Time Clock
[    1.686121] i2c /dev entries driver
[    1.696071] sbs-battery 0-000b: sbs_probe: Failed to get device status
[    1.702630] sbs-battery: probe of 0-000b failed with error -121
[    1.718888] sdhci: Secure Digital Host Controller Interface driver
[    1.725096] sdhci: Copyright(c) Pierre Ossman
[    1.731008] Synopsys Designware Multimedia Card Interface Driver
[    1.738360] sdhci-pltfm: SDHCI platform and OF driver helper
[    1.744763] sdhci-tegra 78000400.sdhci: Got CD GPIO
[    1.749687] sdhci-tegra 78000400.sdhci: Got WP GPIO
[    1.762797] mmc0: Invalid maximum block size, assuming 512 bytes
[    1.799909] mmc0: SDHCI controller on 78000400.sdhci [78000400.sdhci] using ADMA
[    1.812523] mmc1: Invalid maximum block size, assuming 512 bytes
[    1.849508] mmc1: SDHCI controller on 78000600.sdhci [78000600.sdhci] using ADMA
[    1.858908] ledtrig-cpu: registered to indicate activity on CPUs
[    1.865303] usbcore: registered new interface driver usbhid
[    1.870890] usbhid: USB HID core driver
[    1.878625] NET: Registered protocol family 10
[    1.884006] Segment Routing with IPv6
[    1.887729] sit: IPv6, IPv4 and MPLS over IPv4 tunneling driver
[    1.894217] NET: Registered protocol family 17
[    1.898663] can: controller area network core (rev 20170425 abi 9)
[    1.904918] NET: Registered protocol family 29
[    1.909376] can: raw protocol (rev 20170425)
[    1.913642] can: broadcast manager protocol (rev 20170425 t)
[    1.919320] can: netlink gateway (rev 20170425) max_hops=1
[    1.925088] Key type dns_resolver registered
[    1.929878] ThumbEE CPU extension supported.
[    1.934148] Registering SWP/SWPB emulation handler
[    1.939529] Loading compiled-in X.509 certificates
[    1.951222] mmc0: new high speed SDHC card at address aaaa
[    1.957444] mmcblk0: mmc0:aaaa SL16G 14.8 GiB 
[    1.959252] usb1_vbus: supplied by vdd-sys-5v0
[    1.967436] usb2_vbus: supplied by vdd-sys-5v0
[    1.974269] VDD_5V0_HDMI_CON: supplied by vdd-sys-5v0
[    1.985230]  mmcblk0: p1 p2 p3
[    1.988736] [drm] Supports vblank timestamp caching Rev 2 (21.10.2013).
[    1.992441] mmc1: new high speed MMC card at address 0001
[    1.995401] [drm] No driver support for vblank timestamp query.
[    2.001577] mmcblk1: mmc1:0001 SEM32G 29.1 GiB 
[    2.011794] mmcblk1boot0: mmc1:0001 SEM32G partition 1 4.00 MiB
[    2.018209] mmcblk1boot1: mmc1:0001 SEM32G partition 2 4.00 MiB
[    2.024514] mmcblk1rpmb: mmc1:0001 SEM32G partition 3 4.00 MiB, chardev (236:0)
[    2.035762]  mmcblk1: p1 p2 p3 p4 p5 p6 p7 p8
[    2.104602] Console: switching to colour frame buffer device 240x75
[    2.148585] drm drm: fb0:  frame buffer device
[    2.153221] [drm] Initialized tegra 0.0.0 20120330 for drm on minor 0
[    2.163207] tegra-ehci 7d008000.usb: EHCI Host Controller
[    2.168647] tegra-ehci 7d008000.usb: new USB bus registered, assigned bus number 1
[    2.176534] alloc_contig_range: [fb84b, fb84c) PFNs busy
[    2.182133] alloc_contig_range: [fb850, fb851) PFNs busy
[    2.187700] alloc_contig_range: [fb851, fb852) PFNs busy
[    2.193241] alloc_contig_range: [fb852, fb853) PFNs busy
[    2.198733] alloc_contig_range: [fb853, fb854) PFNs busy
[    2.204326] alloc_contig_range: [fb854, fb855) PFNs busy
[    2.209846] alloc_contig_range: [fb855, fb856) PFNs busy
[    2.215338] alloc_contig_range: [fb856, fb857) PFNs busy
[    2.220941] alloc_contig_range: [fb857, fb858) PFNs busy
[    2.226435] alloc_contig_range: [fb858, fb859) PFNs busy
[    3.331256] tegra-ehci 7d008000.usb: irq 340, io mem 0x7d008000
[    3.359198] tegra-ehci 7d008000.usb: USB 2.0 started, EHCI 1.10
[    3.366268] hub 1-0:1.0: USB hub found
[    3.370143] hub 1-0:1.0: 1 port detected
[    3.375882] input: gpio-keys as /devices/soc0/gpio-keys/input/input0
[    3.384949] palmas-rtc 7000d000.i2c:tps65913@58:rtc: setting system clock to 2000-06-22 12:39:29 UTC (961677569)
[    3.401013] dvdd_ts: disabling
[    3.404074] usb1_vbus: disabling
[    3.407299] vdd_cam_1v8_reg: disabling
[    3.413192] EXT4-fs (mmcblk1p1): mounting ext3 file system using the ext4 subsystem
[    3.496973] EXT4-fs (mmcblk1p1): recovery complete
[    3.503142] EXT4-fs (mmcblk1p1): mounted filesystem with ordered data mode. Opts: (null)
[    3.511345] VFS: Mounted root (ext3 filesystem) on device 179:17.
[    3.522239] devtmpfs: mounted
[    3.527086] Freeing unused kernel memory: 2048K
bash: cannot set terminal process group (-1): Inappropriate ioctl for device
bash: no job control in this shell
root@(none):/# [    3.759211] usb 1-1: new high-speed USB device number 2 using tegra-ehci
