
U-Boot SPL 2014.07-00097-g772e173 (Jul 25 2014 - 20:02:52)


U-Boot 2014.07-00097-g772e173 (Jul 25 2014 - 20:02:52)

TEGRA124
Board: NVIDIA Jetson TK1
I2C:   ready
DRAM:  2 GiB
MMC:   Tegra SD/MMC: 0, Tegra SD/MMC: 1
In:    serial
Out:   serial
Err:   serial
Net:   Net Initialization Skipped
No ethernet found.
Hit any key to stop autoboot:  2  0 
Tegra124 (Jetson TK1) # 
Tegra124 (Jetson TK1) # usb reset
(Re)start USB...
USB0:   USB EHCI 1.10
scanning bus 0 for devices... 1 USB Device(s) found
USB1:   USB EHCI 1.10
scanning bus 1 for devices... 2 USB Device(s) found
       scanning usb for storage devices... 0 Storage Device(s) found
       scanning usb for ethernet devices... 
Warning: asx0 using MAC address from net device
1 Ethernet Device(s) found
Tegra124 (Jetson TK1) # setenv bootargs 'ignore_loglevel console=ttyS0,115200n8 rw root=/dev/mmcblk0p1 rootwait gpt debug init=/bin/bash noinitrd'
Tegra124 (Jetson TK1) # setenv ipaddr 192.168.100.102; setenv serverip 192.168.100.1; setenv tftpserverip 192.168.100.1
Tegra124 (Jetson TK1) # tftpboot 0x81000000 zImage.multi_v7_defconfig
Using asx0 device
TFTP from server 192.168.100.1; our IP address is 192.168.100.102
Filename 'zImage.multi_v7_defconfig'.
Load address: 0x81000000
Loading: *#################################################################
	 #################################################################
	 #################################################################
	 #################################################################
	 #################################################################
	 #################################################################
	 #########################################
	 3.2 MiB/s
done
Bytes transferred = 6320144 (607010 hex)
Tegra124 (Jetson TK1) # tftpboot 0x82000000 tegra124-jetson-tk1.dtb
Using asx0 device
TFTP from server 192.168.100.1; our IP address is 192.168.100.102
Filename 'tegra124-jetson-tk1.dtb'.
Load address: 0x82000000
Loading: *#####
	 2.9 MiB/s
done
Bytes transferred = 63859 (f973 hex)
Tegra124 (Jetson TK1) # bootz 0x81000000 - 0x82000000
Kernel image @ 0x81000000 [ 0x000000 - 0x607010 ]
## Flattened Device Tree blob at 82000000
   Booting using the fdt blob at 0x82000000
   Using Device Tree in place at 82000000, end 82012972

Starting kernel ...

[    0.000000] Booting Linux on physical CPU 0x0
[    0.000000] Linux version 4.2.0-rc3-next-20150722-31033-g72a68fd (pwalmsley@sellafield) (gcc version 4.7.3 20130328 (prerelease) (crosstool-NG linaro-1.13.1-4.7-2013.04-20130415 - Linaro GCC 2013.04) ) #1 SMP Wed Jul 22 05:17:38 PDT 2015
[    0.000000] CPU: ARMv7 Processor [413fc0f3] revision 3 (ARMv7), cr=10c5387d
[    0.000000] CPU: PIPT / VIPT nonaliasing data cache, PIPT instruction cache
[    0.000000] Machine model: NVIDIA Tegra124 Jetson TK1
[    0.000000] debug: ignoring loglevel setting.
[    0.000000] cma: Reserved 64 MiB at 0xfb800000
[    0.000000] Memory policy: Data cache writealloc
[    0.000000] On node 0 totalpages: 524032
[    0.000000] free_area_init_node: node 0, pgdat c0f33cc0, node_mem_map ee7f8000
[    0.000000]   DMA zone: 1520 pages used for memmap
[    0.000000]   DMA zone: 0 pages reserved
[    0.000000]   DMA zone: 194560 pages, LIFO batch:31
[    0.000000]   HighMem zone: 329472 pages, LIFO batch:31
[    0.000000] PERCPU: Embedded 11 pages/cpu @ee794000 s15040 r8192 d21824 u45056
[    0.000000] pcpu-alloc: s15040 r8192 d21824 u45056 alloc=11*4096
[    0.000000] pcpu-alloc: [0] 0 [0] 1 [0] 2 [0] 3 
[    0.000000] Built 1 zonelists in Zone order, mobility grouping on.  Total pages: 522512
[    0.000000] Kernel command line: ignore_loglevel console=ttyS0,115200n8 rw root=/dev/mmcblk0p1 rootwait gpt debug init=/bin/bash noinitrd
[    0.000000] PID hash table entries: 4096 (order: 2, 16384 bytes)
[    0.000000] Dentry cache hash table entries: 131072 (order: 7, 524288 bytes)
[    0.000000] Inode-cache hash table entries: 65536 (order: 6, 262144 bytes)
[    0.000000] Memory: 1999080K/2096128K available (7964K kernel code, 1007K rwdata, 3556K rodata, 960K init, 337K bss, 31512K reserved, 65536K cma-reserved, 1252352K highmem)
[    0.000000] Virtual kernel memory layout:
[    0.000000]     vector  : 0xffff0000 - 0xffff1000   (   4 kB)
[    0.000000]     fixmap  : 0xffc00000 - 0xfff00000   (3072 kB)
[    0.000000]     vmalloc : 0xf0000000 - 0xff000000   ( 240 MB)
[    0.000000]     lowmem  : 0xc0000000 - 0xef800000   ( 760 MB)
[    0.000000]     pkmap   : 0xbfe00000 - 0xc0000000   (   2 MB)
[    0.000000]     modules : 0xbf000000 - 0xbfe00000   (  14 MB)
[    0.000000]       .text : 0xc0208000 - 0xc0d49214   (11525 kB)
[    0.000000]       .init : 0xc0d4a000 - 0xc0e3a000   ( 960 kB)
[    0.000000]       .data : 0xc0e3a000 - 0xc0f35cc0   (1008 kB)
[    0.000000]        .bss : 0xc0f38000 - 0xc0f8c660   ( 338 kB)
[    0.000000] SLUB: HWalign=64, Order=0-3, MinObjects=0, CPUs=4, Nodes=1
[    0.000000] Hierarchical RCU implementation.
[    0.000000] 	Build-time adjustment of leaf fanout to 32.
[    0.000000] 	RCU restricting CPUs from NR_CPUS=16 to nr_cpu_ids=4.
[    0.000000] RCU: Adjusting geometry for rcu_fanout_leaf=32, nr_cpu_ids=4
[    0.000000] NR_IRQS:16 nr_irqs:16 16
[    0.000000] /interrupt-controller@60004000: 160 interrupts forwarded to /interrupt-controller@0,50041000
[    0.000000] L2C: failed to init: -19
[    0.000010] sched_clock: 32 bits at 1000kHz, resolution 1000ns, wraps every 2147483647500ns
[    0.000029] clocksource: timer_us: mask: 0xffffffff max_cycles: 0xffffffff, max_idle_ns: 1911260446275 ns
[    0.000042] Switching to timer-based delay loop, resolution 1000ns
[    0.004917] Architected cp15 timer(s) running at 12.00MHz (virt).
[    0.004934] clocksource: arch_sys_counter: mask: 0xffffffffffffff max_cycles: 0x2c47f4ee7, max_idle_ns: 440795202497 ns
[    0.004952] sched_clock: 56 bits at 12MHz, resolution 83ns, wraps every 4398046511096ns
[    0.004964] Switching to timer-based delay loop, resolution 83ns
[    0.005383] Console: colour dummy device 80x30
[    0.005407] Calibrating delay loop (skipped), value calculated using timer frequency.. 24.00 BogoMIPS (lpj=60000)
[    0.005421] pid_max: default: 32768 minimum: 301
[    0.005530] Mount-cache hash table entries: 2048 (order: 1, 8192 bytes)
[    0.005542] Mountpoint-cache hash table entries: 2048 (order: 1, 8192 bytes)
[    0.006132] CPU: Testing write buffer coherency: ok
[    0.006339] /cpus/cpu@0 missing clock-frequency property
[    0.006377] /cpus/cpu@1 missing clock-frequency property
[    0.006415] /cpus/cpu@2 missing clock-frequency property
[    0.006453] /cpus/cpu@3 missing clock-frequency property
[    0.006465] CPU0: thread -1, cpu 0, socket 0, mpidr 80000000
[    0.006506] Setting up static identity map for 0x80209000 - 0x80209098
[    0.009507] Tegra Revision: A01 SKU: 129 CPU Process: 1 SoC Process: 1
[    0.010800] CPU1: thread -1, cpu 1, socket 0, mpidr 80000001
[    0.011299] CPU2: thread -1, cpu 2, socket 0, mpidr 80000002
[    0.011788] CPU3: thread -1, cpu 3, socket 0, mpidr 80000003
[    0.011850] Brought up 4 CPUs
[    0.011870] SMP: Total of 4 processors activated (96.00 BogoMIPS).
[    0.011877] CPU: All CPU(s) started in SVC mode.
[    0.012403] devtmpfs: initialized
[    0.030992] VFP support v0.3: implementor 41 architecture 4 part 30 variant f rev 0
[    0.031788] clocksource: jiffies: mask: 0xffffffff max_cycles: 0xffffffff, max_idle_ns: 9556302231375000 ns
[    0.033445] pinctrl core: initialized pinctrl subsystem
[    0.035033] NET: Registered protocol family 16
[    0.037060] DMA: preallocated 256 KiB pool for atomic coherent allocations
[    0.050158] cpuidle: using governor ladder
[    0.065177] cpuidle: using governor menu
[    0.081915] No ATAGs?
[    0.081952] hw-breakpoint: found 5 (+1 reserved) breakpoint and 4 watchpoint registers.
[    0.081963] hw-breakpoint: maximum watchpoint size is 8 bytes.
[    0.086576] Serial: AMBA PL011 UART driver
[    0.115880] +USB0_VBUS_SW: Failed to request enable GPIO108: -517
[    0.116013] reg-fixed-voltage regulators:regulator@7: Failed to register regulator: -517
[    0.116233] +5V_USB_HS: Failed to request enable GPIO109: -517
[    0.116347] reg-fixed-voltage regulators:regulator@8: Failed to register regulator: -517
[    0.116639] +1.05V_RUN_AVDD_HDMI_PLL: Failed to request enable GPIO63: -517
[    0.116753] reg-fixed-voltage regulators:regulator@11: Failed to register regulator: -517
[    0.116969] +5V_HDMI_CON: Failed to request enable GPIO86: -517
[    0.117079] reg-fixed-voltage regulators:regulator@12: Failed to register regulator: -517
[    0.117293] +5V_SATA: Failed to request enable GPIO242: -517
[    0.117403] reg-fixed-voltage regulators:regulator@13: Failed to register regulator: -517
[    0.117618] +12V_SATA: Failed to request enable GPIO242: -517
[    0.117728] reg-fixed-voltage regulators:regulator@14: Failed to register regulator: -517
[    0.120725] vgaarb: loaded
[    0.121513] SCSI subsystem initialized
[    0.121703] libata version 3.00 loaded.
[    0.122033] usbcore: registered new interface driver usbfs
[    0.122099] usbcore: registered new interface driver hub
[    0.122171] usbcore: registered new device driver usb
[    0.125757] pps_core: LinuxPPS API ver. 1 registered
[    0.125768] pps_core: Software ver. 5.3.6 - Copyright 2005-2007 Rodolfo Giometti <giometti@linux.it>
[    0.125798] PTP clock support registered
[    0.126027] EDAC MC: Ver: 3.0.0
[    0.129214] clocksource: Switched to clocksource arch_sys_counter
[    0.140950] NET: Registered protocol family 2
[    0.141476] TCP established hash table entries: 8192 (order: 3, 32768 bytes)
[    0.141575] TCP bind hash table entries: 8192 (order: 4, 65536 bytes)
[    0.141761] TCP: Hash tables configured (established 8192 bind 8192)
[    0.141811] UDP hash table entries: 512 (order: 2, 16384 bytes)
[    0.141853] UDP-Lite hash table entries: 512 (order: 2, 16384 bytes)
[    0.142021] NET: Registered protocol family 1
[    0.142267] RPC: Registered named UNIX socket transport module.
[    0.142277] RPC: Registered udp transport module.
[    0.142284] RPC: Registered tcp transport module.
[    0.142291] RPC: Registered tcp NFSv4.1 backchannel transport module.
[    0.142311] PCI: CLS 0 bytes, default 64
[    0.144625] futex hash table entries: 1024 (order: 4, 65536 bytes)
[    0.156887] squashfs: version 4.0 (2009/01/31) Phillip Lougher
[    0.157833] NFS: Registering the id_resolver key type
[    0.157861] Key type id_resolver registered
[    0.157870] Key type id_legacy registered
[    0.157939] ntfs: driver 2.1.32 [Flags: R/O].
[    0.158960] bounce: pool size: 64 pages
[    0.159181] Block layer SCSI generic (bsg) driver version 0.4 loaded (major 249)
[    0.159226] io scheduler noop registered
[    0.159244] io scheduler deadline registered
[    0.159449] io scheduler cfq registered (default)
[    0.176252] tegra-pcie 1003000.pcie-controller: 2x1, 1x1 configuration
[    0.176303] tegra-pcie 1003000.pcie-controller: Failed to get supply 'avddio-pex': -517
[    0.183147] tegra-apbdma 60020000.dma: Tegra20 APB DMA driver register 32 channels
[    0.184588] tegra-pmc 7000e400.pmc: emergency thermal reset enabled
[    0.248953] Serial: 8250/16550 driver, 4 ports, IRQ sharing disabled
[    0.251436] SuperH (H)SCI(F) driver initialized
[    0.252399] msm_serial: driver initialized
[    0.253229] console [ttyS0] disabled
[    0.253264] 70006300.serial: ttyS0 at MMIO 0x70006300 (irq = 331, base_baud = 25500000) is a Tegra
[    1.064238] console [ttyS0] enabled
[    1.068539] STMicroelectronics ASC driver initialized
[    1.075977] [drm] Initialized drm 1.1.0 20060810
[    1.082720] tegra-hdmi 54280000.hdmi: failed to get HDMI regulator
[    1.095990] loop: module loaded
[    1.099452] at24 0-0056: 256 byte 24c02 EEPROM, writable, 8 bytes/write
[    1.107501] as3722 4-0040: AS3722 with revision 0x1 found
[    1.130841] +5V_SYS: supplied by +VDD_MUX
[    1.134905] +1.05V_RUN: supplied by +5V_SYS
[    1.139180] tegra-ahci 70027000.sata: Failed to get supply 'hvdd': -517
[    1.145852] tegra-ahci 70027000.sata: Failed to get regulators
[    1.156792] m25p80 spi32765.0: w25q32dw (4096 Kbytes)
[    1.165243] CAN device driver interface
[    1.170463] igb: Intel(R) Gigabit Ethernet Network Driver - version 5.2.18-k
[    1.177518] igb: Copyright (c) 2007-2014 Intel Corporation.
[    1.186279] pegasus: v0.9.3 (2013/04/25), Pegasus/Pegasus II USB Ethernet driver
[    1.193735] usbcore: registered new interface driver pegasus
[    1.199489] usbcore: registered new interface driver asix
[    1.204955] usbcore: registered new interface driver ax88179_178a
[    1.211111] usbcore: registered new interface driver cdc_ether
[    1.217034] usbcore: registered new interface driver smsc75xx
[    1.222865] usbcore: registered new interface driver smsc95xx
[    1.228674] usbcore: registered new interface driver net1080
[    1.234403] usbcore: registered new interface driver cdc_subset
[    1.240391] usbcore: registered new interface driver zaurus
[    1.246067] usbcore: registered new interface driver cdc_ncm
[    1.252004] tegra-phy 7d004000.usb-phy: no vbus regulator
[    1.259584] ehci_hcd: USB 2.0 'Enhanced' Host Controller (EHCI) Driver
[    1.266128] ehci-pci: EHCI PCI platform driver
[    1.270640] ehci-platform: EHCI generic platform driver
[    1.276104] ehci-omap: OMAP-EHCI Host Controller driver
[    1.281493] ehci-orion: EHCI orion driver
[    1.285667] SPEAr-ehci: EHCI SPEAr driver
[    1.289846] ehci-st: EHCI STMicroelectronics driver
[    1.294898] ehci-exynos: EHCI EXYNOS driver
[    1.299270] ehci-atmel: EHCI Atmel driver
[    1.303429] tegra-ehci: Tegra EHCI driver
[    1.307778] tegra-ehci 7d004000.usb: EHCI Host Controller
[    1.313209] tegra-ehci 7d004000.usb: new USB bus registered, assigned bus number 1
[    1.320955] tegra-ehci 7d004000.usb: irq 348, io mem 0x7d004000
[    1.334235] tegra-ehci 7d004000.usb: USB 2.0 started, EHCI 1.10
[    1.340976] hub 1-0:1.0: USB hub found
[    1.344787] hub 1-0:1.0: 1 port detected
[    1.349358] ohci_hcd: USB 1.1 'Open' Host Controller (OHCI) Driver
[    1.355572] ohci-pci: OHCI PCI platform driver
[    1.360093] ohci-platform: OHCI generic platform driver
[    1.365517] ohci-omap3: OHCI OMAP3 driver
[    1.369697] SPEAr-ohci: OHCI SPEAr driver
[    1.373859] ohci-st: OHCI STMicroelectronics driver
[    1.378913] ohci-atmel: OHCI Atmel driver
[    1.383183] usbcore: registered new interface driver usb-storage
[    1.390782] mousedev: PS/2 mouse device common for all mice
[    1.400225] as3722-rtc as3722-rtc: rtc core: registered as3722-rtc as rtc0
[    1.407111] as3722-rtc as3722-rtc: RTC interrupt 367
[    1.415472] tegra_rtc 7000e000.rtc: rtc core: registered 7000e000.rtc as rtc1
[    1.422660] tegra_rtc 7000e000.rtc: Tegra internal Real Time Clock
[    1.429461] i2c /dev entries driver
[    1.437952] 0-004c supply vcc not found, using dummy regulator
[    1.450115] sdhci: Secure Digital Host Controller Interface driver
[    1.456312] sdhci: Copyright(c) Pierre Ossman
[    1.462363] Synopsys Designware Multimedia Card Interface Driver
[    1.469570] sdhci-pltfm: SDHCI platform and OF driver helper
[    1.475976] sdhci-tegra 700b0400.sdhci: Got CD GPIO
[    1.480883] sdhci-tegra 700b0400.sdhci: Got WP GPIO
[    1.485817] mmc0: Unknown controller version (3). You may experience problems.
[    1.493149] +VDDIO_SDMMC3: supplied by regulator-dummy
[    1.498383] sdhci-tegra 700b0400.sdhci: No vmmc regulator found
[    1.504349] mmc0: Invalid maximum block size, assuming 512 bytes
[    1.544343] mmc0: SDHCI controller on 700b0400.sdhci [700b0400.sdhci] using ADMA 64-bit
[    1.552490] mmc1: Unknown controller version (3). You may experience problems.
[    1.559810] sdhci-tegra 700b0600.sdhci: No vmmc regulator found
[    1.565751] sdhci-tegra 700b0600.sdhci: No vqmmc regulator found
[    1.571768] mmc1: Invalid maximum block size, assuming 512 bytes
[    1.614233] mmc1: SDHCI controller on 700b0600.sdhci [700b0600.sdhci] using ADMA 64-bit
[    1.623600] ledtrig-cpu: registered to indicate activity on CPUs
[    1.629864] usbcore: registered new interface driver usbhid
[    1.635445] usbhid: USB HID core driver
[    1.648105] NET: Registered protocol family 10
[    1.653437] sit: IPv6 over IPv4 tunneling driver
[    1.658795] NET: Registered protocol family 17
[    1.663279] can: controller area network core (rev 20120528 abi 9)
[    1.669580] NET: Registered protocol family 29
[    1.674085] can: raw protocol (rev 20120528)
[    1.678381] can: broadcast manager protocol (rev 20120528 t)
[    1.684115] can: netlink gateway (rev 20130117) max_hops=1
[    1.690126] Key type dns_resolver registered
[    1.695025] ThumbEE CPU extension supported.
[    1.699381] Registering SWP/SWPB emulation handler
[    1.715616] tegra-pcie 1003000.pcie-controller: 2x1, 1x1 configuration
[    1.722483] +3.3V_SYS: supplied by +VDD_MUX
[    1.726748] +3.3V_LP0: supplied by +3.3V_SYS
[    1.731354] +1.35V_LP0(sd2): supplied by +5V_SYS
[    1.736063] +1.05V_RUN_AVDD: supplied by +1.35V_LP0(sd2)
[    1.738897] mmc1: MAN_BKOPS_EN bit is not set
[    1.743425] mmc1: new high speed MMC card at address 0001
[    1.744273] mmcblk0: mmc1:0001 SEM16G 14.6 GiB 
[    1.744796] mmcblk0boot0: mmc1:0001 SEM16G partition 1 4.00 MiB
[    1.745302] mmcblk0boot1: mmc1:0001 SEM16G partition 2 4.00 MiB
[    1.745814] mmcblk0rpmb: mmc1:0001 SEM16G partition 3 4.00 MiB
[    1.748555] Primary GPT is invalid, using alternate GPT.
[    1.748586]  mmcblk0: p1 p2 p3 p4 p5 p6 p7 p8 p9
[    1.785267] tegra-pcie 1003000.pcie-controller: probing port 0, using 2 lanes
[    1.794855] tegra-pcie 1003000.pcie-controller: Slot present pin change, signature: 00000008
[    2.228313] tegra-pcie 1003000.pcie-controller: link 0 down, retrying
[    2.663824] tegra-pcie 1003000.pcie-controller: link 0 down, retrying
[    3.099574] tegra-pcie 1003000.pcie-controller: link 0 down, retrying
[    3.108198] tegra-pcie 1003000.pcie-controller: link 0 down, ignoring
[    3.114708] tegra-pcie 1003000.pcie-controller: probing port 1, using 1 lanes
[    3.124208] tegra-pcie 1003000.pcie-controller: Slot present pin change, signature: 00000000
[    3.556995] tegra-pcie 1003000.pcie-controller: link 1 down, retrying
[    3.992371] tegra-pcie 1003000.pcie-controller: link 1 down, retrying
[    4.427594] tegra-pcie 1003000.pcie-controller: link 1 down, retrying
[    4.436236] tegra-pcie 1003000.pcie-controller: link 1 down, ignoring
[    4.442955] tegra-pcie 1003000.pcie-controller: PCI host bridge to bus 0000:00
[    4.450195] pci_bus 0000:00: root bus resource [mem 0x13000000-0x1fffffff]
[    4.457079] pci_bus 0000:00: root bus resource [mem 0x20000000-0x3fffffff pref]
[    4.464394] pci_bus 0000:00: root bus resource [bus 00-ff]
[    4.469888] pci_bus 0000:00: root bus resource [io  0x1000-0xffff]
[    4.476102] PCI: bus0: Fast back to back transfers enabled
[    4.482374] +5V_HDMI_CON: supplied by +5V_SYS
[    4.486869] +1.05V_RUN_AVDD_HDMI_PLL: supplied by +1.05V_RUN
[    4.492668] +3.3V_RUN: supplied by +3.3V_SYS
[    4.496988] +3.3V_AVDD_HDMI_AP_GATED: supplied by +3.3V_RUN
[    4.504864] [drm] Supports vblank timestamp caching Rev 2 (21.10.2013).
[    4.511523] [drm] No driver support for vblank timestamp query.
[    4.615995] tegra-hdmi 54280000.hdmi: cannot set audio to 44100 at 297000000 pclk
[    4.726227] Console: switching to colour frame buffer device 512x135
[    4.820109] drm drm: fb0:  frame buffer device
[    4.839388] [drm] Initialized tegra 0.0.0 20120330 on minor 0
[    4.846297] +5V_SATA: supplied by +5V_SYS
[    4.850528] +12V_SATA: supplied by +VDD_MUX
[    4.855202] tegra-ahci 70027000.sata: AHCI 0001.0301 32 slots 2 ports 3 Gbps 0x1 impl platform mode
[    4.864289] tegra-ahci 70027000.sata: flags: 64bit ncq sntf pm led pio slum part sadm sds apst 
[    4.875554] scsi host0: tegra-ahci
[    4.880195] scsi host1: tegra-ahci
[    4.883928] ata1: SATA max UDMA/133 mmio [mem 0x70027000-0x70028fff] port 0x100 irq 341
[    4.891964] ata2: DUMMY
[    4.895602] +5V_USB_HS: supplied by +5V_SYS
[    4.901276] tegra-ehci 7d008000.usb: EHCI Host Controller
[    4.906735] tegra-ehci 7d008000.usb: new USB bus registered, assigned bus number 2
[    4.914545] tegra-ehci 7d008000.usb: irq 349, io mem 0x7d008000
[    4.929332] tegra-ehci 7d008000.usb: USB 2.0 started, EHCI 1.10
[    4.936273] hub 2-0:1.0: USB hub found
[    4.940116] hub 2-0:1.0: 1 port detected
[    4.945667] cpufreq: cpufreq_add_dev: CPU0: Running at unlisted freq: 696000 KHz
[    4.953150] cpufreq: cpufreq_add_dev: CPU0: Unlisted initial frequency changed to: 714000 KHz
[    4.962343] input: gpio-keys as /devices/soc0/gpio-keys/input/input0
[    4.969475] as3722-rtc as3722-rtc: setting system clock to 2000-02-01 00:00:18 UTC (949363218)
[    4.982166] +USB0_VBUS_SW: disabling
[    4.985739] +1.8V_RUN_VPP_FUSE: disabling
[    4.989955] +2.8V_RUN_CAM_AF: disabling
[    4.993955] +3.3V_RUN_TOUCH: disabling
[    4.997814] +1.05V_RUN_CAM_REAR: disabling
[    5.002066] +1.2V_RUN_CAM_FRONT: disabling
[    5.006381] +2.8V_RUN_CAM: disabling
[    5.010140] +1.8V_RUN_CAM: disabling
[    5.229323] ata1: SATA link down (SStatus 0 SControl 300)
[    5.235413] EXT4-fs (mmcblk0p1): couldn't mount as ext3 due to feature incompatibilities
[    5.243951] EXT4-fs (mmcblk0p1): couldn't mount as ext2 due to feature incompatibilities
[    5.254248] usb 2-1: new high-speed USB device number 2 using tegra-ehci
[    5.263494] EXT4-fs (mmcblk0p1): recovery complete
[    5.268313] EXT4-fs (mmcblk0p1): mounted filesystem with ordered data mode. Opts: (null)
[    5.276434] VFS: Mounted root (ext4 filesystem) on device 179:1.
[    5.286467] devtmpfs: mounted
[    5.289697] Freeing unused kernel memory: 960K (c0d4a000 - c0e3a000)
bash: cannot set terminal process group (-1): Inappropriate ioctl for device
bash: no job control in this shell
root@(none):/# 