
U-Boot SPL 2014.01-00219-gc4d376f (Feb 18 2014 - 19:57:32)


U-Boot 2014.01-00219-gc4d376f (Feb 18 2014 - 19:57:32)

TEGRA114
Board: NVIDIA Dalmore
I2C:   ready
DRAM:  2 GiB
MMC:   Tegra SD/MMC: 0, Tegra SD/MMC: 1
In:    serial
Out:   serial
Err:   serial
Net:   Net Initialization Skipped
No ethernet found.
Hit any key to stop autoboot:  2  0 
Tegra114 (Dalmore) # 
Tegra114 (Dalmore) # usb reset
(Re)start USB...
USB0:   USB EHCI 1.10
scanning bus 0 for devices... 2 USB Device(s) found
       scanning usb for storage devices... 0 Storage Device(s) found
       scanning usb for ethernet devices... 
Warning: asx0 using MAC address from net device
1 Ethernet Device(s) found
Tegra114 (Dalmore) # setenv bootargs 'ignore_loglevel console=ttyS0,115200n8 rw root=PARTUUID=7369c667-ff51-ec4a-29cd-baabf2fbe346 rootwait gpt debug earlyprintk init=/bin/bash'
Tegra114 (Dalmore) # setenv ipaddr 192.168.100.100; setenv serverip 192.168.100.1; setenv tftpserverip 192.168.100.1
Tegra114 (Dalmore) # tftpboot 0x81000000 zImage.multi_v7_defconfig
Using asx0 device
TFTP from server 192.168.100.1; our IP address is 192.168.100.100
Filename 'zImage.multi_v7_defconfig'.
Load address: 0x81000000
Loading: *#################################################################
	 #################################################################
	 #################################################################
	 #################################################################
	 #################################################################
	 #################################################################
	 #################################################################
	 ##########################################
	 3.2 MiB/s
done
Bytes transferred = 7288992 (6f38a0 hex)
Tegra114 (Dalmore) # tftpboot 0x82000000 tegra114-dalmore.dtb
Using asx0 device
TFTP from server 192.168.100.1; our IP address is 192.168.100.100
Filename 'tegra114-dalmore.dtb'.
Load address: 0x82000000
Loading: *###
	 2.6 MiB/s
done
Bytes transferred = 35044 (88e4 hex)
Tegra114 (Dalmore) # bootz 0x81000000 - 0x82000000
Kernel image @ 0x81000000 [ 0x000000 - 0x6f38a0 ]
## Flattened Device Tree blob at 82000000
   Booting using the fdt blob at 0x82000000
   Loading Device Tree to 8fff4000, end 8ffff8e3 ... OK

Starting kernel ...

[    0.000000] Booting Linux on physical CPU 0x0
[    0.000000] Linux version 4.9.0-rc1-next-20161021-128635-g4a764da (pwalmsley@sellafield) (gcc version 4.7.3 20130328 (prerelease) (crosstool-NG linaro-1.13.1-4.7-2013.04-20130415 - Linaro GCC 2013.04) ) #1 SMP Thu Oct 20 20:48:59 PDT 2016
[    0.000000] CPU: ARMv7 Processor [412fc0f2] revision 2 (ARMv7), cr=10c5387d
[    0.000000] CPU: div instructions available: patching division code
[    0.000000] CPU: PIPT / VIPT nonaliasing data cache, PIPT instruction cache
[    0.000000] OF: fdt:Machine model: NVIDIA Tegra114 Dalmore evaluation board
[    0.000000] debug: ignoring loglevel setting.
[    0.000000] efi: Getting EFI parameters from FDT:
[    0.000000] efi: UEFI not found.
[    0.000000] cma: Reserved 64 MiB at 0xfb800000
[    0.000000] Memory policy: Data cache writealloc
[    0.000000] On node 0 totalpages: 524032
[    0.000000] free_area_init_node: node 0, pgdat c14274c0, node_mem_map eeff8000
[    0.000000]   DMA zone: 1536 pages used for memmap
[    0.000000]   DMA zone: 0 pages reserved
[    0.000000]   DMA zone: 196608 pages, LIFO batch:31
[    0.000000]   HighMem zone: 327424 pages, LIFO batch:31
[    0.000000] percpu: Embedded 14 pages/cpu @eef9b000 s26624 r8192 d22528 u57344
[    0.000000] pcpu-alloc: s26624 r8192 d22528 u57344 alloc=14*4096
[    0.000000] pcpu-alloc: [0] 0 [0] 1 [0] 2 [0] 3 
[    0.000000] Built 1 zonelists in Zone order, mobility grouping on.  Total pages: 522496
[    0.000000] Kernel command line: ignore_loglevel console=ttyS0,115200n8 rw root=PARTUUID=7369c667-ff51-ec4a-29cd-baabf2fbe346 rootwait gpt debug earlyprintk init=/bin/bash
[    0.000000] PID hash table entries: 4096 (order: 2, 16384 bytes)
[    0.000000] Dentry cache hash table entries: 131072 (order: 7, 524288 bytes)
[    0.000000] Inode-cache hash table entries: 65536 (order: 6, 262144 bytes)
[    0.000000] Memory: 1995056K/2096128K available (9216K kernel code, 1187K rwdata, 4072K rodata, 2048K init, 343K bss, 35536K reserved, 65536K cma-reserved, 1244160K highmem)
[    0.000000] Virtual kernel memory layout:
[    0.000000]     vector  : 0xffff0000 - 0xffff1000   (   4 kB)
[    0.000000]     fixmap  : 0xffc00000 - 0xfff00000   (3072 kB)
[    0.000000]     vmalloc : 0xf0800000 - 0xff800000   ( 240 MB)
[    0.000000]     lowmem  : 0xc0000000 - 0xf0000000   ( 768 MB)
[    0.000000]     pkmap   : 0xbfe00000 - 0xc0000000   (   2 MB)
[    0.000000]     modules : 0xbf000000 - 0xbfe00000   (  14 MB)
[    0.000000]       .text : 0xc0208000 - 0xc0c00000   (10208 kB)
[    0.000000]       .init : 0xc1100000 - 0xc1300000   (2048 kB)
[    0.000000]       .data : 0xc1300000 - 0xc1428fa0   (1188 kB)
[    0.000000]        .bss : 0xc142a000 - 0xc147ff88   ( 344 kB)
[    0.000000] SLUB: HWalign=64, Order=0-3, MinObjects=0, CPUs=4, Nodes=1
[    0.000000] Hierarchical RCU implementation.
[    0.000000] 	Build-time adjustment of leaf fanout to 32.
[    0.000000] 	RCU restricting CPUs from NR_CPUS=16 to nr_cpu_ids=4.
[    0.000000] RCU: Adjusting geometry for rcu_fanout_leaf=32, nr_cpu_ids=4
[    0.000000] NR_IRQS:16 nr_irqs:16 16
[    0.000000] /interrupt-controller@60004000: 160 interrupts forwarded to /interrupt-controller@50041000
[    0.000000] Tegra clk 127: register failed with -17
[    0.000007] sched_clock: 32 bits at 1000kHz, resolution 1000ns, wraps every 2147483647500ns
[    0.000026] clocksource: timer_us: mask: 0xffffffff max_cycles: 0xffffffff, max_idle_ns: 1911260446275 ns
[    0.000039] Switching to timer-based delay loop, resolution 1000ns
[    0.003272] arm_arch_timer: Architected cp15 timer(s) running at 12.00MHz (virt).
[    0.003291] clocksource: arch_sys_counter: mask: 0xffffffffffffff max_cycles: 0x2c47f4ee7, max_idle_ns: 440795202497 ns
[    0.003309] sched_clock: 56 bits at 12MHz, resolution 83ns, wraps every 4398046511096ns
[    0.003322] Switching to timer-based delay loop, resolution 83ns
[    0.003709] Console: colour dummy device 80x30
[    0.003742] Calibrating delay loop (skipped), value calculated using timer frequency.. 24.00 BogoMIPS (lpj=60000)
[    0.003758] pid_max: default: 32768 minimum: 301
[    0.003861] Mount-cache hash table entries: 2048 (order: 1, 8192 bytes)
[    0.003872] Mountpoint-cache hash table entries: 2048 (order: 1, 8192 bytes)
[    0.004496] CPU: Testing write buffer coherency: ok
[    0.004709] /cpus/cpu@0 missing clock-frequency property
[    0.004738] /cpus/cpu@1 missing clock-frequency property
[    0.004767] /cpus/cpu@2 missing clock-frequency property
[    0.004797] /cpus/cpu@3 missing clock-frequency property
[    0.004808] CPU0: thread -1, cpu 0, socket 0, mpidr 80000000
[    0.005051] Setting up static identity map for 0x80300000 - 0x80300098
[    0.007331] Tegra Revision: A01 SKU: 0 CPU Process: 1 SoC Process: 0
[    0.007877] EFI services will not be available.
[    0.008687] CPU1: thread -1, cpu 1, socket 0, mpidr 80000001
[    0.009315] CPU2: thread -1, cpu 2, socket 0, mpidr 80000002
[    0.009925] CPU3: thread -1, cpu 3, socket 0, mpidr 80000003
[    0.010014] Brought up 4 CPUs
[    0.010035] SMP: Total of 4 processors activated (96.00 BogoMIPS).
[    0.010044] CPU: All CPU(s) started in SVC mode.
[    0.011506] devtmpfs: initialized
[    0.023000] VFP support v0.3: implementor 41 architecture 4 part 30 variant f rev 0
[    0.023392] clocksource: jiffies: mask: 0xffffffff max_cycles: 0xffffffff, max_idle_ns: 9556302231375000 ns
[    0.024797] pinctrl core: initialized pinctrl subsystem
[    0.026410] NET: Registered protocol family 16
[    0.028451] DMA: preallocated 256 KiB pool for atomic coherent allocations
[    0.043221] cpuidle: using governor menu
[    0.069291] No ATAGs?
[    0.069320] hw-breakpoint: found 5 (+1 reserved) breakpoint and 4 watchpoint registers.
[    0.069331] hw-breakpoint: maximum watchpoint size is 8 bytes.
[    0.074662] Serial: AMBA PL011 UART driver
[    0.075394] tegra-mc 70019000.memory-controller: no memory timings for RAM code 3 registered
[    0.102887] dvdd_ts: Failed to request enable GPIO61: -517
[    0.102903] reg-fixed-voltage regulators:regulator@1: Failed to register regulator: -517
[    0.102998] usb1_vbus: Failed to request enable GPIO108: -517
[    0.103012] reg-fixed-voltage regulators:regulator@3: Failed to register regulator: -517
[    0.103103] usb2_vbus: Failed to request enable GPIO86: -517
[    0.103116] reg-fixed-voltage regulators:regulator@4: Failed to register regulator: -517
[    0.103560] VDD_5V0_HDMI_CON: Failed to request enable GPIO81: -517
[    0.103573] reg-fixed-voltage regulators:regulator@7: Failed to register regulator: -517
[    0.106169] vgaarb: loaded
[    0.106965] SCSI subsystem initialized
[    0.107134] libata version 3.00 loaded.
[    0.107411] usbcore: registered new interface driver usbfs
[    0.107476] usbcore: registered new interface driver hub
[    0.107545] usbcore: registered new device driver usb
[    0.111009] tps65090 2-0048: No cache defaults, reading back from HW
[    0.112912] TPS65090_RAILSDCDC1: supplied by vdd_ac_bat
[    0.113453] vdd_hdmi_5v0: supplied by vdd-sys-5v0
[    0.114228] TPS65090_RAILSDCDC2: supplied by vdd_ac_bat
[    0.115298] TPS65090_RAILSDCDC3: supplied by vdd_ac_bat
[    0.115834] TPS65090_RAILSFET1: supplied by vdd_ac_bat
[    0.116225] TPS65090_RAILSFET2: supplied by vdd_ac_bat
[    0.116597] TPS65090_RAILSFET3: supplied by vdd-sys-3v3
[    0.117144] TPS65090_RAILSFET4: supplied by vdd-sys-3v3
[    0.117678] TPS65090_RAILSFET5: supplied by vdd-sys-3v3
[    0.118215] TPS65090_RAILSFET6: supplied by vdd-sys-3v3
[    0.119077] TPS65090_RAILSFET7: supplied by vdd-sys-3v3
[    0.119622] TPS65090_RAILSLDO1: supplied by vdd_ac_bat
[    0.119853] TPS65090_RAILSLDO2: supplied by vdd_ac_bat
[    0.120794] palmas 2-0058: Irq flag is 0x00000004
[    0.122796] palmas 2-0058: Muxing GPIO ff, PWM 0, LED 0
[    0.125391] SMPS12: supplied by vdd-ao
[    0.127015] SMPS3: supplied by vdd-ao
[    0.128793] SMPS457: supplied by vdd-sys-3v3
[    0.131751] SMPS8: supplied by vdd-sys-3v3
[    0.132862] random: fast init done
[    0.133397] SMPS9: supplied by vdd-sys-3v3
[    0.133929] sdhci-vdd-sd-slot: Bringing 2840000uV into 2800000-2800000uV
[    0.134818] sdhci-vdd-sd-slot: ramp_delay not set
[    0.136827] LDO1: supplied by vdd-sys-3v3
[    0.138045] LDO2: supplied by vdd-sys-3v3
[    0.139288] LDO3: supplied by vddio-1v8
[    0.140506] LDO4: supplied by vdd-sys-3v3
[    0.141717] LDO5: supplied by vdd_ac_bat
[    0.142496] LDO6: supplied by vdd-sys-3v3
[    0.143008] vdd-sensor-2v85: Bringing 2900000uV into 2850000-2850000uV
[    0.143761] vdd-sensor-2v85: ramp_delay not set
[    0.144473] LDO7: supplied by vdd-sys-3v3
[    0.146225] LDO8: supplied by vdd-ao
[    0.146736] vdd-rtc: Bringing 675000uV into 900000-900000uV
[    0.147472] vdd-rtc: ramp_delay not set
[    0.149372] LDO9: supplied by sdhci-vdd-sd-slot
[    0.154697] LDOLN: supplied by vdd-sys-5v0
[    0.155922] LDOUSB: supplied by vdd-sys-5v0
[    0.162621] pps_core: LinuxPPS API ver. 1 registered
[    0.162632] pps_core: Software ver. 5.3.6 - Copyright 2005-2007 Rodolfo Giometti <giometti@linux.it>
[    0.162656] PTP clock support registered
[    0.162846] EDAC MC: Ver: 3.0.0
[    0.165311] clocksource: Switched to clocksource arch_sys_counter
[    0.176114] NET: Registered protocol family 2
[    0.176638] TCP established hash table entries: 8192 (order: 3, 32768 bytes)
[    0.176737] TCP bind hash table entries: 8192 (order: 4, 65536 bytes)
[    0.176924] TCP: Hash tables configured (established 8192 bind 8192)
[    0.176980] UDP hash table entries: 512 (order: 2, 16384 bytes)
[    0.177021] UDP-Lite hash table entries: 512 (order: 2, 16384 bytes)
[    0.177187] NET: Registered protocol family 1
[    0.177518] RPC: Registered named UNIX socket transport module.
[    0.177528] RPC: Registered udp transport module.
[    0.177537] RPC: Registered tcp transport module.
[    0.177545] RPC: Registered tcp NFSv4.1 backchannel transport module.
[    0.177556] PCI: CLS 0 bytes, default 64
[    0.179743] futex hash table entries: 1024 (order: 4, 65536 bytes)
[    0.180253] workingset: timestamp_bits=30 max_order=19 bucket_order=0
[    0.191768] squashfs: version 4.0 (2009/01/31) Phillip Lougher
[    0.192681] NFS: Registering the id_resolver key type
[    0.192711] Key type id_resolver registered
[    0.192719] Key type id_legacy registered
[    0.192763] ntfs: driver 2.1.32 [Flags: R/O].
[    0.194013] bounce: pool size: 64 pages
[    0.194216] Block layer SCSI generic (bsg) driver version 0.4 loaded (major 248)
[    0.194227] io scheduler noop registered
[    0.194236] io scheduler deadline registered
[    0.194421] io scheduler cfq registered (default)
[    0.198597] libphy: mdio_driver_register: phy-bcm-ns2-pci
[    0.226165] tegra-apbdma 6000a000.dma: Tegra20 APB DMA driver register 32 channels
[    0.227927] tegra-pmc 7000e400.pmc: i2c-thermtrip node not found, emergency thermal reset disabled.
[    0.296092] Serial: 8250/16550 driver, 4 ports, IRQ sharing disabled
[    0.299188] console [ttyS0] disabled
[    0.299226] 70006300.serial: ttyS0 at MMIO 0x70006300 (irq = 329, base_baud = 25500000) is a Tegra
[    1.285555] console [ttyS0] enabled
[    1.289901] SuperH (H)SCI(F) driver initialized
[    1.295437] msm_serial: driver initialized
[    1.299707] STMicroelectronics ASC driver initialized
[    1.308367] [drm] Initialized
[    1.314335] tegra-hdmi 54280000.hdmi: failed to get HDMI regulator
[    1.339238] brd: module loaded
[    1.348684] loop: module loaded
[    1.368515] m25p80 spi32766.0: w25q32dw (4096 Kbytes)
[    1.376785] libphy: Fixed MDIO Bus: probed
[    1.382155] CAN device driver interface
[    1.387996] e1000e: Intel(R) PRO/1000 Network Driver - 3.2.6-k
[    1.393837] e1000e: Copyright(c) 1999 - 2015 Intel Corporation.
[    1.399837] igb: Intel(R) Gigabit Ethernet Network Driver - version 5.4.0-k
[    1.406805] igb: Copyright (c) 2007-2014 Intel Corporation.
[    1.415711] pegasus: v0.9.3 (2013/04/25), Pegasus/Pegasus II USB Ethernet driver
[    1.423175] usbcore: registered new interface driver pegasus
[    1.428908] usbcore: registered new interface driver asix
[    1.434362] usbcore: registered new interface driver ax88179_178a
[    1.440508] usbcore: registered new interface driver cdc_ether
[    1.446413] usbcore: registered new interface driver smsc75xx
[    1.452232] usbcore: registered new interface driver smsc95xx
[    1.458031] usbcore: registered new interface driver net1080
[    1.463746] usbcore: registered new interface driver cdc_subset
[    1.469716] usbcore: registered new interface driver zaurus
[    1.475371] usbcore: registered new interface driver cdc_ncm
[    1.483014] ehci_hcd: USB 2.0 'Enhanced' Host Controller (EHCI) Driver
[    1.489552] ehci-pci: EHCI PCI platform driver
[    1.494052] ehci-platform: EHCI generic platform driver
[    1.499473] ehci-orion: EHCI orion driver
[    1.503625] SPEAr-ehci: EHCI SPEAr driver
[    1.507784] ehci-st: EHCI STMicroelectronics driver
[    1.512811] ehci-exynos: EHCI EXYNOS driver
[    1.517160] ehci-atmel: EHCI Atmel driver
[    1.521317] tegra-ehci: Tegra EHCI driver
[    1.525629] ohci_hcd: USB 1.1 'Open' Host Controller (OHCI) Driver
[    1.531830] ohci-pci: OHCI PCI platform driver
[    1.536332] ohci-platform: OHCI generic platform driver
[    1.541718] ohci-omap3: OHCI OMAP3 driver
[    1.545873] SPEAr-ohci: OHCI SPEAr driver
[    1.550014] ohci-st: OHCI STMicroelectronics driver
[    1.555039] ohci-atmel: OHCI Atmel driver
[    1.559752] usbcore: registered new interface driver usb-storage
[    1.567297] mousedev: PS/2 mouse device common for all mice
[    1.577461] palmas-rtc 7000d000.i2c:tps65913@58:rtc: rtc core: registered 7000d000.i2c:tps659 as rtc0
[    1.588581] tegra_rtc 7000e000.rtc: rtc core: registered 7000e000.rtc as rtc1
[    1.595769] tegra_rtc 7000e000.rtc: Tegra internal Real Time Clock
[    1.602479] i2c /dev entries driver
[    1.612445] sbs-battery 0-000b: sbs_probe: Failed to get device status
[    1.618999] sbs-battery: probe of 0-000b failed with error -121
[    1.634974] sdhci: Secure Digital Host Controller Interface driver
[    1.641169] sdhci: Copyright(c) Pierre Ossman
[    1.647015] Synopsys Designware Multimedia Card Interface Driver
[    1.654097] sdhci-pltfm: SDHCI platform and OF driver helper
[    1.660493] sdhci-tegra 78000400.sdhci: Got CD GPIO
[    1.665401] sdhci-tegra 78000400.sdhci: Got WP GPIO
[    1.671506] mmc0: Invalid maximum block size, assuming 512 bytes
[    1.720460] mmc0: SDHCI controller on 78000400.sdhci [78000400.sdhci] using ADMA
[    1.728153] mmc1: Invalid maximum block size, assuming 512 bytes
[    1.780359] mmc1: SDHCI controller on 78000600.sdhci [78000600.sdhci] using ADMA
[    1.789722] ledtrig-cpu: registered to indicate activity on CPUs
[    1.798135] usbcore: registered new interface driver usbhid
[    1.803720] usbhid: USB HID core driver
[    1.810946] NET: Registered protocol family 10
[    1.818377] sit: IPv6, IPv4 and MPLS over IPv4 tunneling driver
[    1.824996] NET: Registered protocol family 17
[    1.829465] can: controller area network core (rev 20120528 abi 9)
[    1.835727] NET: Registered protocol family 29
[    1.840165] can: raw protocol (rev 20120528)
[    1.844447] can: broadcast manager protocol (rev 20160617 t)
[    1.850121] can: netlink gateway (rev 20130117) max_hops=1
[    1.855987] Key type dns_resolver registered
[    1.860905] ThumbEE CPU extension supported.
[    1.865177] Registering SWP/SWPB emulation handler
[    1.882278] usb1_vbus: supplied by vdd-sys-5v0
[    1.889208] usb2_vbus: supplied by vdd-sys-5v0
[    1.899151] VDD_5V0_HDMI_CON: supplied by vdd-sys-5v0
[    1.901569] mmc0: new high speed SDHC card at address aaaa
[    1.905175] mmcblk0: mmc0:aaaa SL16G 14.8 GiB 
[    1.919955] [drm] Supports vblank timestamp caching Rev 2 (21.10.2013).
[    1.926621] [drm] No driver support for vblank timestamp query.
[    1.927561]  mmcblk0: p1 p2 p3
[    1.937852] mmc1: new high speed MMC card at address 0001
[    1.944377] mmcblk1: mmc1:0001 SEM32G 29.1 GiB 
[    1.949694] mmcblk1boot0: mmc1:0001 SEM32G partition 1 4.00 MiB
[    1.956671] mmcblk1boot1: mmc1:0001 SEM32G partition 2 4.00 MiB
[    1.963370] mmcblk1rpmb: mmc1:0001 SEM32G partition 3 4.00 MiB
[    1.966491]  mmcblk1: p1 p2 p3 p4 p5 p6 p7 p8
[    1.999371] Console: switching to colour frame buffer device 240x75
[    2.037360] drm drm: fb0:  frame buffer device
[    2.060455] [drm] Initialized tegra 0.0.0 20120330 on minor 0
[    2.072079] tegra-ehci 7d008000.usb: EHCI Host Controller
[    2.077550] tegra-ehci 7d008000.usb: new USB bus registered, assigned bus number 1
[    2.085544] tegra-ehci 7d008000.usb: irq 339, io mem 0x7d008000
[    2.105441] tegra-ehci 7d008000.usb: USB 2.0 started, EHCI 1.10
[    2.112679] hub 1-0:1.0: USB hub found
[    2.116542] hub 1-0:1.0: 1 port detected
[    2.122427] input: gpio-keys as /devices/soc0/gpio-keys/input/input0
[    2.131431] palmas-rtc 7000d000.i2c:tps65913@58:rtc: setting system clock to 2000-08-14 15:18:02 UTC (966266282)
[    2.147178] dvdd_ts: disabling
[    2.150242] usb1_vbus: disabling
[    2.153534] vdd_cam_1v8_reg: disabling
[    2.158918] EXT4-fs (mmcblk1p1): mounting ext3 file system using the ext4 subsystem
[    2.225239] EXT4-fs (mmcblk1p1): recovery complete
[    2.231474] EXT4-fs (mmcblk1p1): mounted filesystem with ordered data mode. Opts: (null)
[    2.239657] VFS: Mounted root (ext3 filesystem) on device 179:17.
[    2.250393] devtmpfs: mounted
[    2.255222] Freeing unused kernel memory: 2048K (c1100000 - c1300000)
bash: cannot set terminal process group (-1): Inappropriate ioctl for device
bash: no job control in this shell
root@(none):/# [    2.450463] usb 1-1: new high-speed USB device number 2 using tegra-ehci
