

U-Boot 2015.04-00466-gedec83e90172 (Mar 14 2016 - 10:42:01)

TEGRA124
Model: Acer Chromebook 13 CB5-311
DRAM:  4 GiB
:   Tegra SD/MMC: 0, Tegra SD/MMC: 1, Tegra SD/MMC: 2
MMC init failed
Using default environment

In:    serial
Out:   serial
Err:   serial
Net:   Net Initialization Skipped
No ethernet found.
Hit any key to stop autoboot:  2  0 
Tegra124 (Nyan-big) # 
Tegra124 (Nyan-big) # usb start
starting USB...
USB0:   USB EHCI 1.10
scanning bus 0 for devices... 2 USB Device(s) found
USB1:   USB EHCI 1.10
scanning bus 1 for devices... 2 USB Device(s) found
       scanning usb for storage devices... 1 Storage Device(s) found
       scanning usb for ethernet devices... 
Warning: asx0 using MAC address from net device
1 Ethernet Device(s) found
Tegra124 (Nyan-big) # mw 0x7000e4a0 0x00080000
Tegra124 (Nyan-big) # setenv bootargs 'ignore_loglevel console=ttyS0,115200n8 rw root=PARTUUID=4d36e82a-b3c0-4b4b-bfcd-afe5217ac023 rootwait gpt debug noinitrd earlyprintk init=/bin/bash'
Tegra124 (Nyan-big) # setenv ipaddr 192.168.100.102; setenv serverip 192.168.100.1; setenv tftpserverip 192.168.100.1
Tegra124 (Nyan-big) # tftpboot 0x82000000 zImage.multi_v7_defconfig
Using asx0 device
TFTP from server 192.168.100.1; our IP address is 192.168.100.102
Filename 'zImage.multi_v7_defconfig'.
Load address: 0x82000000
Loading: *#################################################################
	 #################################################################
	 #################################################################
	 #################################################################
	 #################################################################
	 #################################################################
	 #################################################################
	 #################################################################
	 ########################
	 3.4 MiB/s
done
Bytes transferred = 7972240 (79a590 hex)
Tegra124 (Nyan-big) # tftpboot 0x83000000 tegra124-nyan-big.dtb
Using asx0 device
TFTP from server 192.168.100.1; our IP address is 192.168.100.102
Filename 'tegra124-nyan-big.dtb'.
Load address: 0x83000000
Loading: *#####
	 3.4 MiB/s
done
Bytes transferred = 68183 (10a57 hex)
Tegra124 (Nyan-big) # bootz 0x82000000 - 0x83000000
Kernel image @ 0x82000000 [ 0x000000 - 0x79a590 ]
## Flattened Device Tree blob at 83000000
   Booting using the fdt blob at 0x83000000
   Using Device Tree in place at 83000000, end 83013a56

Starting kernel ...

[    0.000000] Booting Linux on physical CPU 0x0
[    0.000000] Linux version 4.12.0-rc6-next-20170622-181880-g09c1728 (jonathanh@sellafield) (gcc version 4.7.3 20130328 (prerelease) (crosstool-NG linaro-1.13.1-4.7-2013.04-20130415 - Linaro GCC 2013.04)) #1 SMP Tue Jun 27 03:37:06 PDT 2017
[    0.000000] CPU: ARMv7 Processor [413fc0f3] revision 3 (ARMv7), cr=10c5387d
[    0.000000] CPU: div instructions available: patching division code
[    0.000000] CPU: PIPT / VIPT nonaliasing data cache, PIPT instruction cache
[    0.000000] OF: fdt: Machine model: Acer Chromebook 13 CB5-311
[    0.000000] OF: fdt: Ignoring memory range 0x100000000 - 0x17ffff000
[    0.000000] debug: ignoring loglevel setting.
[    0.000000] Memory policy: Data cache writealloc
[    0.000000] efi: Getting EFI parameters from FDT:
[    0.000000] efi: UEFI not found.
[    0.000000] cma: Reserved 64 MiB at 0xfb800000
[    0.000000] On node 0 totalpages: 524287
[    0.000000] free_area_init_node: node 0, pgdat c157e480, node_mem_map eeff8000
[    0.000000]   DMA zone: 1536 pages used for memmap
[    0.000000]   DMA zone: 0 pages reserved
[    0.000000]   DMA zone: 196608 pages, LIFO batch:31
[    0.000000]   HighMem zone: 327679 pages, LIFO batch:31
[    0.000000] percpu: Embedded 17 pages/cpu @eef81000 s39168 r8192 d22272 u69632
[    0.000000] pcpu-alloc: s39168 r8192 d22272 u69632 alloc=17*4096
[    0.000000] pcpu-alloc: [0] 0 [0] 1 [0] 2 [0] 3 
[    0.000000] Built 1 zonelists in Zone order, mobility grouping on.  Total pages: 522751
[    0.000000] Kernel command line: ignore_loglevel console=ttyS0,115200n8 rw root=PARTUUID=4d36e82a-b3c0-4b4b-bfcd-afe5217ac023 rootwait gpt debug noinitrd earlyprintk init=/bin/bash
[    0.000000] PID hash table entries: 4096 (order: 2, 16384 bytes)
[    0.000000] Dentry cache hash table entries: 131072 (order: 7, 524288 bytes)
[    0.000000] Inode-cache hash table entries: 65536 (order: 6, 262144 bytes)
[    0.000000] Memory: 1994448K/2097148K available (10240K kernel code, 1560K rwdata, 4436K rodata, 2048K init, 401K bss, 37164K reserved, 65536K cma-reserved, 1245180K highmem)
[    0.000000] Virtual kernel memory layout:
[    0.000000]     vector  : 0xffff0000 - 0xffff1000   (   4 kB)
[    0.000000]     fixmap  : 0xffc00000 - 0xfff00000   (3072 kB)
[    0.000000]     vmalloc : 0xf0800000 - 0xff800000   ( 240 MB)
[    0.000000]     lowmem  : 0xc0000000 - 0xf0000000   ( 768 MB)
[    0.000000]     pkmap   : 0xbfe00000 - 0xc0000000   (   2 MB)
[    0.000000]     modules : 0xbf000000 - 0xbfe00000   (  14 MB)
[    0.000000]       .text : 0xc0208000 - 0xc0d00000   (11232 kB)
[    0.000000]       .init : 0xc1200000 - 0xc1400000   (2048 kB)
[    0.000000]       .data : 0xc1400000 - 0xc1586168   (1561 kB)
[    0.000000]        .bss : 0xc158fcbc - 0xc15f42fc   ( 402 kB)
[    0.000000] SLUB: HWalign=64, Order=0-3, MinObjects=0, CPUs=4, Nodes=1
[    0.000000] Hierarchical RCU implementation.
[    0.000000] 	RCU event tracing is enabled.
[    0.000000] 	RCU restricting CPUs from NR_CPUS=16 to nr_cpu_ids=4.
[    0.000000] RCU: Adjusting geometry for rcu_fanout_leaf=16, nr_cpu_ids=4
[    0.000000] NR_IRQS: 16, nr_irqs: 16, preallocated irqs: 16
[    0.000000] /interrupt-controller@60004000: 160 interrupts forwarded to /interrupt-controller@50041000
[    0.000000] Tegra clk 127: register failed with -17
[    0.000004] sched_clock: 32 bits at 1000kHz, resolution 1000ns, wraps every 2147483647500ns
[    0.000011] clocksource: timer_us: mask: 0xffffffff max_cycles: 0xffffffff, max_idle_ns: 1911260446275 ns
[    0.000017] Switching to timer-based delay loop, resolution 1000ns
[    0.001663] arch_timer: cp15 timer(s) running at 12.00MHz (virt).
[    0.001670] clocksource: arch_sys_counter: mask: 0xffffffffffffff max_cycles: 0x2c47f4ee7, max_idle_ns: 440795202497 ns
[    0.001678] sched_clock: 56 bits at 12MHz, resolution 83ns, wraps every 4398046511096ns
[    0.001683] Switching to timer-based delay loop, resolution 83ns
[    0.001894] Console: colour dummy device 80x30
[    0.001908] Calibrating delay loop (skipped), value calculated using timer frequency.. 24.00 BogoMIPS (lpj=120000)
[    0.001915] pid_max: default: 32768 minimum: 301
[    0.001950] Mount-cache hash table entries: 2048 (order: 1, 8192 bytes)
[    0.001955] Mountpoint-cache hash table entries: 2048 (order: 1, 8192 bytes)
[    0.002147] CPU: Testing write buffer coherency: ok
[    0.002266] /cpus/cpu@0 missing clock-frequency property
[    0.002281] /cpus/cpu@1 missing clock-frequency property
[    0.002295] /cpus/cpu@2 missing clock-frequency property
[    0.002309] /cpus/cpu@3 missing clock-frequency property
[    0.002315] CPU0: thread -1, cpu 0, socket 0, mpidr 80000000
[    0.002431] Setting up static identity map for 0x80300000 - 0x803000a0
[    0.003109] Hierarchical SRCU implementation.
[    0.003774] Tegra Revision: A01 SKU: 131 CPU Process: 1 SoC Process: 1
[    0.004033] EFI services will not be available.
[    0.004091] smp: Bringing up secondary CPUs ...
[    0.004318] CPU1: thread -1, cpu 1, socket 0, mpidr 80000001
[    0.011845] CPU2: thread -1, cpu 2, socket 0, mpidr 80000002
[    0.021863] CPU3: thread -1, cpu 3, socket 0, mpidr 80000003
[    0.031639] smp: Brought up 1 node, 4 CPUs
[    0.031647] SMP: Total of 4 processors activated (96.00 BogoMIPS).
[    0.031651] CPU: All CPU(s) started in SVC mode.
[    0.032202] devtmpfs: initialized
[    0.037877] VFP support v0.3: implementor 41 architecture 4 part 30 variant f rev 0
[    0.038068] clocksource: jiffies: mask: 0xffffffff max_cycles: 0xffffffff, max_idle_ns: 19112604462750000 ns
[    0.038076] futex hash table entries: 1024 (order: 4, 65536 bytes)
[    0.038657] pinctrl core: initialized pinctrl subsystem
[    0.039312] DMI not present or invalid.
[    0.039391] random: bucket_table_alloc+0xe8/0x254 get_random_u32 called with crng_init=0
[    0.039425] NET: Registered protocol family 16
[    0.040181] DMA: preallocated 256 KiB pool for atomic coherent allocations
[    0.041055] cpuidle: using governor menu
[    0.049977] No ATAGs?
[    0.050029] hw-breakpoint: found 5 (+1 reserved) breakpoint and 4 watchpoint registers.
[    0.050035] hw-breakpoint: maximum watchpoint size is 8 bytes.
[    0.052792] Serial: AMBA PL011 UART driver
[    0.053147] tegra-mc 70019000.memory-controller: no memory timings for RAM code 0 registered
[    0.058622] AT91: Could not find identification node
[    0.058828] +5V_SYS: supplied by +VDD_MUX
[    0.058928] +3.3V_SYS: supplied by +VDD_MUX
[    0.059146] +VDD_LED: Failed to request enable GPIO122: -517
[    0.059151] reg-fixed-voltage regulators:regulator@5: Failed to register regulator: -517
[    0.059187] +5V_VDD_TS_SW: Failed to request enable GPIO81: -517
[    0.059191] reg-fixed-voltage regulators:regulator@6: Failed to register regulator: -517
[    0.059225] +5V_USB_HS: Failed to request enable GPIO108: -517
[    0.059230] reg-fixed-voltage regulators:regulator@7: Failed to register regulator: -517
[    0.059263] +5V_USB_SS: Failed to request enable GPIO109: -517
[    0.059267] reg-fixed-voltage regulators:regulator@8: Failed to register regulator: -517
[    0.059358] +1.05V_RUN_AVDD_HDMI_PLL: Failed to request enable GPIO63: -517
[    0.059362] reg-fixed-voltage regulators:regulator@11: Failed to register regulator: -517
[    0.059395] +5V_HDMI_CON: Failed to request enable GPIO86: -517
[    0.059399] reg-fixed-voltage regulators:regulator@12: Failed to register regulator: -517
[    0.060389] vgaarb: loaded
[    0.060672] SCSI subsystem initialized
[    0.060740] libata version 3.00 loaded.
[    0.060828] usbcore: registered new interface driver usbfs
[    0.060851] usbcore: registered new interface driver hub
[    0.060876] usbcore: registered new device driver usb
[    0.062179] pps_core: LinuxPPS API ver. 1 registered
[    0.062183] pps_core: Software ver. 5.3.6 - Copyright 2005-2007 Rodolfo Giometti <giometti@linux.it>
[    0.062191] PTP clock support registered
[    0.062256] EDAC MC: Ver: 3.0.0
[    0.062372] dmi: Firmware registration failed.
[    0.062664] tegra-emc 7001b000.emc: no memory timings for RAM code 0 found in DT
[    0.062674] tegra-emc: probe of 7001b000.emc failed with error -2
[    0.063109] clocksource: Switched to clocksource arch_sys_counter
[    0.082432] NET: Registered protocol family 2
[    0.082460] random: neigh_hash_alloc+0x70/0xb8 get_random_u32 called with crng_init=0
[    0.082637] random: rt_genid_init+0x18/0x28 get_random_u32 called with crng_init=0
[    0.082651] TCP established hash table entries: 8192 (order: 3, 32768 bytes)
[    0.082684] TCP bind hash table entries: 8192 (order: 4, 65536 bytes)
[    0.082747] TCP: Hash tables configured (established 8192 bind 8192)
[    0.082781] UDP hash table entries: 512 (order: 2, 16384 bytes)
[    0.082796] UDP-Lite hash table entries: 512 (order: 2, 16384 bytes)
[    0.082855] NET: Registered protocol family 1
[    0.083003] RPC: Registered named UNIX socket transport module.
[    0.083007] RPC: Registered udp transport module.
[    0.083011] RPC: Registered tcp transport module.
[    0.083014] RPC: Registered tcp NFSv4.1 backchannel transport module.
[    0.083019] PCI: CLS 0 bytes, default 64
[    0.083589] hw perfevents: enabled with armv7_cortex_a15 PMU driver, 7 counters available
[    0.084256] workingset: timestamp_bits=30 max_order=19 bucket_order=0
[    0.087098] squashfs: version 4.0 (2009/01/31) Phillip Lougher
[    0.087358] NFS: Registering the id_resolver key type
[    0.087371] random: key_alloc+0x220/0x394 get_random_bytes called with crng_init=0
[    0.087379] Key type id_resolver registered
[    0.087382] Key type id_legacy registered
[    0.087399] ntfs: driver 2.1.32 [Flags: R/O].
[    0.087992] bounce: pool size: 64 pages
[    0.088011] Block layer SCSI generic (bsg) driver version 0.4 loaded (major 248)
[    0.088016] io scheduler noop registered
[    0.088019] io scheduler deadline registered
[    0.088030] io scheduler cfq registered (default)
[    0.088033] io scheduler mq-deadline registered
[    0.088037] io scheduler kyber registered
[    0.089250] tegra-xusb-padctl 7009f000.padctl: failed to setup XUSB ports: -517
[    0.099699] tegra-apbdma 60020000.dma: Tegra20 APB DMA driver register 32 channels
[    0.100551] tegra-pmc 7000e400.pmc: i2c-thermtrip node not found, emergency thermal reset disabled.
[    0.118849] Serial: 8250/16550 driver, 4 ports, IRQ sharing disabled
[    0.119889] console [ttyS0] disabled
[    0.119907] 70006000.serial: ttyS0 at MMIO 0x70006000 (irq = 333, base_baud = 25500000) is a Tegra
[    1.051468] console [ttyS0] enabled
[    1.055236] SuperH (H)SCI(F) driver initialized
[    1.060116] msm_serial: driver initialized
[    1.064269] STMicroelectronics ASC driver initialized
[    1.071279] tegra-hdmi 54280000.hdmi: failed to get HDMI regulator
[    1.077816] tegra-dpaux 545c0000.dpaux: failed to get VDD supply: -517
[    1.085274] panel-simple panel: panel supply power not found, using dummy regulator
[    1.095976] brd: module loaded
[    1.101446] loop: module loaded
[    1.105529] as3722 4-0040: AS3722 with revision 0x1 found
[    1.115598] as3722-sd2: supplied by +5V_SYS
[    1.120005] as3722-sd3: supplied by +5V_SYS
[    1.124347] +1.35V_LP0(sd3): Bringing 0uV into 1350000-1350000uV
[    1.130513] as3722-sd4: supplied by +5V_SYS
[    1.134856] +1.05V_RUN: Bringing 0uV into 1050000-1050000uV
[    1.140588] as3722-sd5: supplied by +5V_SYS
[    1.146211] as3722-ldo0: supplied by +1.35V_LP0(sd2)
[    1.151935] +1.8V_RUN_CAM: Bringing 0uV into 1800000-1800000uV
[    1.157948] as3722-ldo2: supplied by +1.8V_VDDIO
[    1.163556] as3722-ldo3: supplied by +3.3V_SYS
[    1.168007] +1.00V_LP0_VDD_RTC: Bringing 1100000uV into 1000000-1000000uV
[    1.175580] as3722-ldo4: supplied by +3.3V_SYS
[    1.180169] +3.3V_RUN_CAM: Bringing 0uV into 2800000-2800000uV
[    1.186175] as3722-ldo5: supplied by +1.8V_VDDIO
[    1.190938] +1.2V_RUN_CAM_FRONT: Bringing 0uV into 1200000-1200000uV
[    1.197615] +VDDIO_SDMMC3: Bringing 0uV into 1800000-1800000uV
[    1.203640] as3722-ldo7: supplied by +1.8V_VDDIO
[    1.208404] +1.05V_RUN_CAM_REAR: Bringing 0uV into 1050000-1050000uV
[    1.214944] as3722-ldo9: supplied by +5V_SYS
[    1.219503] +2.8V_RUN_TOUCH: Bringing 0uV into 2800000-2800000uV
[    1.225703] as3722-ldo10: supplied by +5V_SYS
[    1.230211] +2.8V_RUN_CAM_AF: Bringing 0uV into 2800000-2800000uV
[    1.236643] +1.8V_RUN_VPP_FUSE: Bringing 0uV into 1800000-1800000uV
[    1.249428] random: fast init done
[    1.254907] m25p80 spi32765.0: w25q32dw (4096 Kbytes)
[    1.260936] libphy: Fixed MDIO Bus: probed
[    1.265432] CAN device driver interface
[    1.269565] bgmac_bcma: Broadcom 47xx GBit MAC driver loaded
[    1.275672] e1000e: Intel(R) PRO/1000 Network Driver - 3.2.6-k
[    1.281489] e1000e: Copyright(c) 1999 - 2015 Intel Corporation.
[    1.287416] igb: Intel(R) Gigabit Ethernet Network Driver - version 5.4.0-k
[    1.294364] igb: Copyright (c) 2007-2014 Intel Corporation.
[    1.301201] pegasus: v0.9.3 (2013/04/25), Pegasus/Pegasus II USB Ethernet driver
[    1.308606] usbcore: registered new interface driver pegasus
[    1.314270] usbcore: registered new interface driver asix
[    1.319665] usbcore: registered new interface driver ax88179_178a
[    1.325759] usbcore: registered new interface driver cdc_ether
[    1.331593] usbcore: registered new interface driver smsc75xx
[    1.337346] usbcore: registered new interface driver smsc95xx
[    1.343087] usbcore: registered new interface driver net1080
[    1.348747] usbcore: registered new interface driver cdc_subset
[    1.354666] usbcore: registered new interface driver zaurus
[    1.360242] usbcore: registered new interface driver cdc_ncm
[    1.366546] ehci_hcd: USB 2.0 'Enhanced' Host Controller (EHCI) Driver
[    1.373056] ehci-pci: EHCI PCI platform driver
[    1.377508] ehci-platform: EHCI generic platform driver
[    1.382786] ehci-orion: EHCI orion driver
[    1.386843] SPEAr-ehci: EHCI SPEAr driver
[    1.390889] ehci-st: EHCI STMicroelectronics driver
[    1.395806] ehci-exynos: EHCI EXYNOS driver
[    1.400028] ehci-atmel: EHCI Atmel driver
[    1.404077] tegra-ehci: Tegra EHCI driver
[    1.408135] ohci_hcd: USB 1.1 'Open' Host Controller (OHCI) Driver
[    1.414312] ohci-pci: OHCI PCI platform driver
[    1.418755] ohci-platform: OHCI generic platform driver
[    1.424034] SPEAr-ohci: OHCI SPEAr driver
[    1.428077] ohci-st: OHCI STMicroelectronics driver
[    1.432986] ohci-atmel: OHCI Atmel driver
[    1.437243] usbcore: registered new interface driver usb-storage
[    1.444085] elan_i2c 1-0015: 1-0015 supply vcc not found, using dummy regulator
[    1.445754] as3722-rtc as3722-rtc: rtc core: registered as3722-rtc as rtc0
[    1.445756] as3722-rtc as3722-rtc: RTC interrupt 372
[    1.448002] tegra_rtc 7000e000.rtc: rtc core: registered 7000e000.rtc as rtc1
[    1.448020] tegra_rtc 7000e000.rtc: Tegra internal Real Time Clock
[    1.448270] i2c /dev entries driver
[    1.451482] lm90 0-004c: 0-004c supply vcc not found, using dummy regulator
[    1.489875] sdhci: Secure Digital Host Controller Interface driver
[    1.496058] sdhci: Copyright(c) Pierre Ossman
[    1.500932] Synopsys Designware Multimedia Card Interface Driver
[    1.507364] sdhci-pltfm: SDHCI platform and OF driver helper
[    1.513293] sdhci-tegra 700b0000.sdhci: allocated mmc-pwrseq
[    1.527086] sdhci-tegra 700b0400.sdhci: Got CD GPIO
[    1.531957] sdhci-tegra 700b0400.sdhci: Got WP GPIO
[    1.551236] mmc0: Unknown controller version (3). You may experience problems.
[    1.558477] mmc0: Invalid maximum block size, assuming 512 bytes
[    1.623120] mmc0: SDHCI controller on 700b0600.sdhci [700b0600.sdhci] using ADMA
[    1.631174] ledtrig-cpu: registered to indicate activity on CPUs
[    1.637359] usbcore: registered new interface driver usbhid
[    1.642922] usbhid: USB HID core driver
[    1.648178] NET: Registered protocol family 10
[    1.652953] Segment Routing with IPv6
[    1.656660] sit: IPv6, IPv4 and MPLS over IPv4 tunneling driver
[    1.662793] NET: Registered protocol family 17
[    1.667240] can: controller area network core (rev 20170425 abi 9)
[    1.673442] NET: Registered protocol family 29
[    1.677879] can: raw protocol (rev 20170425)
[    1.682144] can: broadcast manager protocol (rev 20170425 t)
[    1.687803] can: netlink gateway (rev 20170425) max_hops=1
[    1.693418] Key type dns_resolver registered
[    1.697902] ThumbEE CPU extension supported.
[    1.702167] Registering SWP/SWPB emulation handler
[    1.712957] +3.3V_RUN: supplied by +3.3V_SYS
[    1.717840] +VDD_LED: supplied by +VDD_MUX
[    1.720443] elan_i2c 1-0015: Elan Touchpad: Module ID: 0x002a, Firmware: 0x0005, Sample: 0x0007, IAP: 0x0009
[    1.720854] input: Elan Touchpad as /devices/soc0/7000c400.i2c/i2c-1/1-0015/input/input0
[    1.740028] +3.3V_AVDD_HDMI_AP_GATED: supplied by +3.3V_RUN
[    1.745696] +1.8V_RUN_CAM: supplied by +3.3V_RUN
[    1.750395] +VDDIO_SDMMC3: supplied by +3.3V_RUN
[    1.755119] +1.8V_RUN_VPP_FUSE: supplied by +3.3V_RUN
[    1.760476] +5V_VDD_TS_SW: supplied by +5V_SYS
[    1.764373] mmc0: new high speed MMC card at address 0001
[    1.764807] mmcblk0: mmc0:0001 MMC16G 14.4 GiB 
[    1.764946] mmcblk0boot0: mmc0:0001 MMC16G partition 1 2.00 MiB
[    1.765267] mmcblk0boot1: mmc0:0001 MMC16G partition 2 2.00 MiB
[    1.765580] mmcblk0rpmb: mmc0:0001 MMC16G partition 3 128 KiB
[    1.771591]  mmcblk0: p1 p2 p3 p4 p5 p6 p7 p8 p9 p10 p11 p12
[    1.798405] +5V_USB_HS: supplied by +5V_SYS
[    1.802743] +5V_USB_SS: supplied by +5V_SYS
[    1.808046] +3.3V_PANEL: supplied by +3.3V_RUN
[    1.813527] +3.3V_LP0: supplied by +3.3V_SYS
[    1.818615] +1.05V_RUN_AVDD_HDMI_PLL: supplied by +1.05V_RUN
[    1.818838] elan_i2c 1-0015: failed to read report data: -121
[    1.830359] +5V_HDMI_CON: supplied by +5V_SYS
[    1.835497]  usb3-0: usb3-0 supply vbus not found, using dummy regulator
[    1.842224]  usb3-1: usb3-1 supply vbus not found, using dummy regulator
[    1.852266] tegra-sor 54540000.sor: failed to probe output: -517
[    1.859012] panel-simple panel: panel supply power not found, using dummy regulator
[    1.867386] sdhci-tegra 700b0000.sdhci: allocated mmc-pwrseq
[    1.881316] mmc1: Unknown controller version (3). You may experience problems.
[    1.888578] mmc1: Invalid maximum block size, assuming 512 bytes
[    1.894950] mmc1: Switching to 3.3V signalling voltage failed
[    1.953202] mmc1: SDHCI controller on 700b0000.sdhci [700b0000.sdhci] using ADMA
[    1.956889] elan_i2c 1-0015: invalid report id data (ff)
[    1.966633] sdhci-tegra 700b0400.sdhci: Got CD GPIO
[    1.971504] sdhci-tegra 700b0400.sdhci: Got WP GPIO
[    1.984941] mmc2: Unknown controller version (3). You may experience problems.
[    1.992236] mmc2: Invalid maximum block size, assuming 512 bytes
[    2.024929] mmc1: new high speed SDIO card at address 0001
[    2.063189] mmc2: SDHCI controller on 700b0400.sdhci [700b0400.sdhci] using ADMA
[    2.076450] input: gpio-keys as /devices/soc0/gpio-keys/input/input1
[    2.084136] as3722-rtc as3722-rtc: setting system clock to 2000-01-01 02:07:57 UTC (946692477)
[    2.093151] +3.3V_AVDD_HDMI_AP_GATED: disabling
[    2.097683] +1.05V_RUN: disabling
[    2.101147] +1.8V_RUN_CAM: disabling
[    2.104973] +3.3V_RUN_CAM: disabling
[    2.108709] +1.2V_RUN_CAM_FRONT: disabling
[    2.113228] +1.05V_RUN_CAM_REAR: disabling
[    2.117586] +2.8V_RUN_TOUCH: disabling
[    2.121538] +2.8V_RUN_CAM_AF: disabling
[    2.125638] +1.8V_RUN_VPP_FUSE: disabling
[    2.129847] +VDD_LED: disabling
[    2.132986] +5V_VDD_TS_SW: disabling
[    2.136592] +5V_USB_HS: disabling
[    2.139906] +5V_USB_SS: disabling
[    2.143239] +3.3V_PANEL: disabling
[    2.146639] +1.05V_RUN_AVDD_HDMI_PLL: disabling
[    2.151158] +5V_HDMI_CON: disabling
[    2.155535] EXT4-fs (mmcblk0p3): couldn't mount as ext3 due to feature incompatibilities
[    2.164252] EXT4-fs (mmcblk0p3): couldn't mount as ext2 due to feature incompatibilities
[    2.244978] mmc2: new high speed SDHC card at address 0007
[    2.250795] mmcblk2: mmc2:0007 SD08G 7.42 GiB 
[    2.264394] GPT:Primary header alternate_lba != Alt. header my_lba
[    2.270570] GPT:3014591 != 15564799
[    2.274076] GPT:Primary header thinks Alt. header is not at the end of the disk.
[    2.276481] EXT4-fs (mmcblk0p3): recovery complete
[    2.277331] EXT4-fs (mmcblk0p3): mounted filesystem with ordered data mode. Opts: (null)
[    2.277360] VFS: Mounted root (ext4 filesystem) on device 179:3.
[    2.277976] devtmpfs: mounted
[    2.303270] GPT:3014591 != 15564799
[    2.306746] GPT: Use GNU Parted to correct GPT errors.
[    2.311897]  mmcblk2: p1 p2 p3 p4 p5 p6 p7 p8 p9 p10 p11 p12
[    2.318432] Freeing unused kernel memory: 2048K
bash: cannot set terminal process group (-1): Inappropriate ioctl for device
bash: no job control in this shell
root@(none):/# mount -t sysfs none /sys
root@(none):/# 
root@(none):/# mount -t debugfs none /sys/kernel/debug
root@(none):/# 
root@(none):/# rtcwake -d rtc1 -m mem -s 3
rtcwake: assuming RTC uses UTC ...
rtcwake: wakeup from "mem" using /dev/rtc1 at Thu Jan  1 00:00:27 1970
[    4.865355] PM: Syncing filesystems ... done.
[    4.871619] Freezing user space processes ... (elapsed 0.001 seconds) done.
[    4.879700] OOM killer disabled.
[    4.882920] Freezing remaining freezable tasks ... (elapsed 0.001 seconds) done.
[    4.891465] Suspending console(s) (use no_console_suspend to debug)
[    4.917446] Disabling non-boot CPUs ...
[    4.983331] IRQ352 no longer affine to CPU1
[    5.083512] IRQ353 no longer affine to CPU2
[    5.183434] IRQ354 no longer affine to CPU3
[    5.234540] Entering suspend state LP1
[    5.234540] Suspended for 2.901 seconds
[    5.234550] Enabling non-boot CPUs ...
[    5.264684] CPU1 is up
[    5.304534] CPU2 is up
[    5.344762] CPU3 is up
[    5.503352] mmc1: Switching to 3.3V signalling voltage failed
[    5.636563] OOM killer enabled.
[    5.639692] Restarting tasks ... done.
root@(none):/# 
root@(none):/# rtcwake -d rtc1 -m mem -s 3
rtcwake: assuming RTC uses UTC ...
rtcwake: wakeup from "mem" using /dev/rtc1 at Thu Jan  1 00:00:31 1970
[    6.043201] PM: Syncing filesystems ... done.
[    6.048957] Freezing user space processes ... (elapsed 0.001 seconds) done.
[    6.057092] OOM killer disabled.
[    6.060311] Freezing remaining freezable tasks ... (elapsed 0.001 seconds) done.
[    6.068914] Suspending console(s) (use no_console_suspend to debug)
[    6.095692] Disabling non-boot CPUs ...
[    6.133288] IRQ352 no longer affine to CPU1
[    6.233384] IRQ353 no longer affine to CPU2
[    6.333350] IRQ354 no longer affine to CPU3
[    6.384470] Entering suspend state LP1
[    6.384470] Suspended for 2.849 seconds
[    6.384481] Enabling non-boot CPUs ...
[    6.414638] CPU1 is up
[    6.454514] CPU2 is up
[    6.494723] CPU3 is up
[    6.653353] mmc1: Switching to 3.3V signalling voltage failed
[    6.786393] OOM killer enabled.
[    6.789522] Restarting tasks ... done.
root@(none):/# 
root@(none):/# rtcwake -d rtc1 -m mem -s 3
rtcwake: assuming RTC uses UTC ...
rtcwake: wakeup from "mem" using /dev/rtc1 at Thu Jan  1 00:00:35 1970
[    7.192802] PM: Syncing filesystems ... done.
[    7.198541] Freezing user space processes ... (elapsed 0.001 seconds) done.
[    7.206668] OOM killer disabled.
[    7.209887] Freezing remaining freezable tasks ... (elapsed 0.001 seconds) done.
[    7.218492] Suspending console(s) (use no_console_suspend to debug)
[    7.244824] Disabling non-boot CPUs ...
[    7.283268] IRQ352 no longer affine to CPU1
[    7.373248] IRQ17 no longer affine to CPU2
[    7.373358] IRQ353 no longer affine to CPU2
[    7.473321] IRQ354 no longer affine to CPU3
[    7.524425] Entering suspend state LP1
[    7.524425] Suspended for 2.860 seconds
[    7.524436] Enabling non-boot CPUs ...
[    7.554628] CPU1 is up
[    7.594495] CPU2 is up
[    7.634691] CPU3 is up
[    7.793197] mmc1: Switching to 3.3V signalling voltage failed
[    7.930275] OOM killer enabled.
[    7.933410] Restarting tasks ... done.
root@(none):/# 
root@(none):/# rtcwake -d rtc1 -m mem -s 3
rtcwake: assuming RTC uses UTC ...
rtcwake: wakeup from "mem" using /dev/rtc1 at Thu Jan  1 00:00:39 1970
[    8.332772] PM: Syncing filesystems ... done.
[    8.338378] Freezing user space processes ... (elapsed 0.001 seconds) done.
[    8.346496] OOM killer disabled.
[    8.349712] Freezing remaining freezable tasks ... (elapsed 0.001 seconds) done.
[    8.358267] Suspending console(s) (use no_console_suspend to debug)
[    8.383796] Disabling non-boot CPUs ...
[    8.654406] Entering suspend state LP1
[    8.654406] Suspended for 2.869 seconds
[    8.654417] Enabling non-boot CPUs ...
[    8.684593] CPU1 is up
[    8.724471] CPU2 is up
[    8.764661] CPU3 is up
[    8.923247] mmc1: Switching to 3.3V signalling voltage failed
[    9.041583] OOM killer enabled.
[    9.044719] Restarting tasks ... done.
root@(none):/# 
root@(none):/# rtcwake -d rtc1 -m mem -s 3
rtcwake: assuming RTC uses UTC ...
rtcwake: wakeup from "mem" using /dev/rtc1 at Thu Jan  1 00:00:43 1970
[    9.463264] PM: Syncing filesystems ... done.
[    9.468996] Freezing user space processes ... (elapsed 0.001 seconds) done.
[    9.477117] OOM killer disabled.
[    9.480333] Freezing remaining freezable tasks ... (elapsed 0.001 seconds) done.
[    9.488885] Suspending console(s) (use no_console_suspend to debug)
[    9.515837] Disabling non-boot CPUs ...
[    9.804373] Entering suspend state LP1
[    9.804373] Suspended for 2.849 seconds
[    9.804383] Enabling non-boot CPUs ...
[    9.834570] CPU1 is up
[    9.874444] CPU2 is up
[    9.914648] CPU3 is up
[   10.073507] mmc1: Switching to 3.3V signalling voltage failed
[   10.192380] OOM killer enabled.
[   10.195516] Restarting tasks ... done.
root@(none):/# 
root@(none):/# rtcwake -d rtc1 -m mem -s 3
rtcwake: assuming RTC uses UTC ...
rtcwake: wakeup from "mem" using /dev/rtc1 at Thu Jan  1 00:00:47 1970
[   10.613247] PM: Syncing filesystems ... done.
[   10.619129] Freezing user space processes ... (elapsed 0.001 seconds) done.
[   10.627265] OOM killer disabled.
[   10.630484] Freezing remaining freezable tasks ... (elapsed 0.001 seconds) done.
[   10.639083] Suspending console(s) (use no_console_suspend to debug)
[   10.665934] Disabling non-boot CPUs ...
[   10.713192] migrate_irqs: 7 callbacks suppressed
[   10.713195] IRQ352 no longer affine to CPU1
[   10.823222] IRQ17 no longer affine to CPU2
[   10.823332] IRQ353 no longer affine to CPU2
[   10.923244] IRQ354 no longer affine to CPU3
[   10.974361] Entering suspend state LP1
[   10.974361] Suspended for 2.829 seconds
[   10.974372] Enabling non-boot CPUs ...
[   11.004538] CPU1 is up
[   11.044412] CPU2 is up
[   11.084617] CPU3 is up
[   11.244157] mmc1: Switching to 3.3V signalling voltage failed
[   11.385083] OOM killer enabled.
[   11.388215] Restarting tasks ... done.
root@(none):/# 
root@(none):/# rtcwake -d rtc1 -m mem -s 3
rtcwake: assuming RTC uses UTC ...
rtcwake: wakeup from "mem" using /dev/rtc1 at Thu Jan  1 00:00:51 1970
[   11.782717] PM: Syncing filesystems ... done.
[   11.788375] Freezing user space processes ... (elapsed 0.001 seconds) done.
[   11.796496] OOM killer disabled.
[   11.799712] Freezing remaining freezable tasks ... (elapsed 0.001 seconds) done.
[   11.808276] Suspending console(s) (use no_console_suspend to debug)
[   11.834641] Disabling non-boot CPUs ...
[   11.873118] IRQ17 no longer affine to CPU1
[   11.873174] IRQ352 no longer affine to CPU1
[   11.973248] IRQ353 no longer affine to CPU2
[   12.073245] IRQ354 no longer affine to CPU3
[   12.124334] Entering suspend state LP1
[   12.124334] Suspended for 2.849 seconds
[   12.124345] Enabling non-boot CPUs ...
[   12.154536] CPU1 is up
[   12.194396] CPU2 is up
[   12.234607] CPU3 is up
[   12.393135] mmc1: Switching to 3.3V signalling voltage failed
[   12.530527] OOM killer enabled.
[   12.533662] Restarting tasks ... done.
root@(none):/# 
root@(none):/# rtcwake -d rtc1 -m mem -s 3
rtcwake: assuming RTC uses UTC ...
rtcwake: wakeup from "mem" using /dev/rtc1 at Thu Jan  1 00:00:55 1970
[   12.933185] PM: Syncing filesystems ... done.
[   12.938876] Freezing user space processes ... (elapsed 0.001 seconds) done.
[   12.947007] OOM killer disabled.
[   12.950223] Freezing remaining freezable tasks ... (elapsed 0.001 seconds) done.
[   12.958773] Suspending console(s) (use no_console_suspend to debug)
[   12.984797] Disabling non-boot CPUs ...
[   13.023090] IRQ17 no longer affine to CPU1
[   13.023146] IRQ352 no longer affine to CPU1
[   13.274316] Entering suspend state LP1
[   13.274316] Suspended for 2.849 seconds
[   13.274327] Enabling non-boot CPUs ...
[   13.304510] CPU1 is up
[   13.344367] CPU2 is up
[   13.384576] CPU3 is up
[   13.543109] mmc1: Switching to 3.3V signalling voltage failed
[   13.672083] OOM killer enabled.
[   13.675219] Restarting tasks ... done.
root@(none):/# 
root@(none):/# rtcwake -d rtc1 -m mem -s 3
rtcwake: assuming RTC uses UTC ...
rtcwake: wakeup from "mem" using /dev/rtc1 at Thu Jan  1 00:00:59 1970
[   14.083181] PM: Syncing filesystems ... done.
[   14.089059] Freezing user space processes ... (elapsed 0.001 seconds) done.
[   14.097180] OOM killer disabled.
[   14.100396] Freezing remaining freezable tasks ... (elapsed 0.001 seconds) done.
[   14.108945] Suspending console(s) (use no_console_suspend to debug)
[   14.135767] Disabling non-boot CPUs ...
[   14.444285] Entering suspend state LP1
[   14.444285] Suspended for 2.829 seconds
[   14.444296] Enabling non-boot CPUs ...
[   14.474474] CPU1 is up
[   14.514334] CPU2 is up
[   14.554532] CPU3 is up
[   14.712976] mmc1: Switching to 3.3V signalling voltage failed
[   14.833703] OOM killer enabled.
[   14.836832] Restarting tasks ... done.
root@(none):/# 
root@(none):/# rtcwake -d rtc1 -m mem -s 3
rtcwake: assuming RTC uses UTC ...
rtcwake: wakeup from "mem" using /dev/rtc1 at Thu Jan  1 00:01:03 1970
[   15.253134] PM: Syncing filesystems ... done.
[   15.259014] Freezing user space processes ... (elapsed 0.001 seconds) done.
[   15.267152] OOM killer disabled.
[   15.270371] Freezing remaining freezable tasks ... (elapsed 0.001 seconds) done.
[   15.278971] Suspending console(s) (use no_console_suspend to debug)
[   15.304810] Disabling non-boot CPUs ...
[   15.604255] Entering suspend state LP1
[   15.604255] Suspended for 2.839 seconds
[   15.604266] Enabling non-boot CPUs ...
[   15.634450] CPU1 is up
[   15.674310] CPU2 is up
[   15.714511] CPU3 is up
[   15.873090] mmc1: Switching to 3.3V signalling voltage failed
[   15.993458] OOM killer enabled.
[   15.996587] Restarting tasks ... done.
root@(none):/# 
root@(none):/# NVTB SYSTEM SUSPEND TEST COMPLETE
