
U-Boot SPL 2016.05-rc2 (Apr 21 2016 - 16:23:00)
Trying to boot from RAM


U-Boot 2016.05-rc2 (Apr 21 2016 - 16:23:00 -0700)

TEGRA124
Model: NVIDIA Jetson TK1
Board: NVIDIA Jetson TK1
DRAM:  2 GiB
MC:   Tegra SD/MMC: 0, Tegra SD/MMC: 1
In:    serial
Out:   serial
Err:   serial
Net:   No ethernet found.
Hit any key to stop autoboot:  2  0 
Tegra124 (Jetson TK1) # 
Tegra124 (Jetson TK1) # pci enum
Tegra124 (Jetson TK1) # setenv bootargs 'ignore_loglevel console=ttyS0,115200n8 rw root=PARTUUID=b1791faa-84e8-4e27-83a1-9fb0a77e8803 rootwait gpt debug noinitrd earlyprintk init=/bin/bash'
Tegra124 (Jetson TK1) # setenv ipaddr 192.168.100.102; setenv serverip 192.168.100.1; setenv tftpserverip 192.168.100.1
Tegra124 (Jetson TK1) # tftpboot 0x82000000 zImage.multi_v7_defconfig

Warning: eth_rtl8169 using MAC address from ROM
Using eth_rtl8169 device
TFTP from server 192.168.100.1; our IP address is 192.168.100.102
Filename 'zImage.multi_v7_defconfig'.
Load address: 0x82000000
Loading: *#################################################################
	 #################################################################
	 #################################################################
	 #################################################################
	 #################################################################
	 #################################################################
	 #################################################################
	 ############################
	 3.9 MiB/s
done
Bytes transferred = 7087512 (6c2598 hex)
Tegra124 (Jetson TK1) # tftpboot 0x83000000 tegra124-jetson-tk1.dtb
Using eth_rtl8169 device
TFTP from server 192.168.100.1; our IP address is 192.168.100.102
Filename 'tegra124-jetson-tk1.dtb'.
Load address: 0x83000000
Loading: *#####
	 3.7 MiB/s
done
Bytes transferred = 66621 (1043d hex)
Tegra124 (Jetson TK1) # bootz 0x82000000 - 0x83000000
Kernel image @ 0x82000000 [ 0x000000 - 0x6c2598 ]
## Flattened Device Tree blob at 83000000
   Booting using the fdt blob at 0x83000000
   Using Device Tree in place at 83000000, end 8301343c

Starting kernel ...

[    0.000000] Booting Linux on physical CPU 0x0
[    0.000000] Linux version 4.7.0-next-20160725-109243-gf7d63d9 (pwalmsley@sellafield) (gcc version 4.7.3 20130328 (prerelease) (crosstool-NG linaro-1.13.1-4.7-2013.04-20130415 - Linaro GCC 2013.04) ) #1 SMP Sun Jul 24 23:33:46 PDT 2016
[    0.000000] CPU: ARMv7 Processor [413fc0f3] revision 3 (ARMv7), cr=10c5387d
[    0.000000] CPU: div instructions available: patching division code
[    0.000000] CPU: PIPT / VIPT nonaliasing data cache, PIPT instruction cache
[    0.000000] OF: fdt:Machine model: NVIDIA Tegra124 Jetson TK1
[    0.000000] debug: ignoring loglevel setting.
[    0.000000] cma: Reserved 64 MiB at 0xfb800000
[    0.000000] Memory policy: Data cache writealloc
[    0.000000] On node 0 totalpages: 524032
[    0.000000] free_area_init_node: node 0, pgdat c141cf40, node_mem_map eeffa000
[    0.000000]   DMA zone: 1536 pages used for memmap
[    0.000000]   DMA zone: 0 pages reserved
[    0.000000]   DMA zone: 196608 pages, LIFO batch:31
[    0.000000]   HighMem zone: 327424 pages, LIFO batch:31
[    0.000000] percpu: Embedded 14 pages/cpu @eef87000 s26624 r8192 d22528 u57344
[    0.000000] pcpu-alloc: s26624 r8192 d22528 u57344 alloc=14*4096
[    0.000000] pcpu-alloc: [0] 0 [0] 1 [0] 2 [0] 3 
[    0.000000] Built 1 zonelists in Zone order, mobility grouping on.  Total pages: 522496
[    0.000000] Kernel command line: ignore_loglevel console=ttyS0,115200n8 rw root=PARTUUID=b1791faa-84e8-4e27-83a1-9fb0a77e8803 rootwait gpt debug noinitrd earlyprintk init=/bin/bash
[    0.000000] PID hash table entries: 4096 (order: 2, 16384 bytes)
[    0.000000] Dentry cache hash table entries: 131072 (order: 7, 524288 bytes)
[    0.000000] Inode-cache hash table entries: 65536 (order: 6, 262144 bytes)
[    0.000000] Memory: 1994984K/2096128K available (9216K kernel code, 1147K rwdata, 3976K rodata, 2048K init, 343K bss, 35608K reserved, 65536K cma-reserved, 1244160K highmem)
[    0.000000] Virtual kernel memory layout:
[    0.000000]     vector  : 0xffff0000 - 0xffff1000   (   4 kB)
[    0.000000]     fixmap  : 0xffc00000 - 0xfff00000   (3072 kB)
[    0.000000]     vmalloc : 0xf0800000 - 0xff800000   ( 240 MB)
[    0.000000]     lowmem  : 0xc0000000 - 0xf0000000   ( 768 MB)
[    0.000000]     pkmap   : 0xbfe00000 - 0xc0000000   (   2 MB)
[    0.000000]     modules : 0xbf000000 - 0xbfe00000   (  14 MB)
[    0.000000]       .text : 0xc0208000 - 0xc0c00000   (10208 kB)
[    0.000000]       .init : 0xc1100000 - 0xc1300000   (2048 kB)
[    0.000000]       .data : 0xc1300000 - 0xc141edc0   (1148 kB)
[    0.000000]        .bss : 0xc1420000 - 0xc1475c48   ( 344 kB)
[    0.000000] SLUB: HWalign=64, Order=0-3, MinObjects=0, CPUs=4, Nodes=1
[    0.000000] Hierarchical RCU implementation.
[    0.000000] 	Build-time adjustment of leaf fanout to 32.
[    0.000000] 	RCU restricting CPUs from NR_CPUS=16 to nr_cpu_ids=4.
[    0.000000] RCU: Adjusting geometry for rcu_fanout_leaf=32, nr_cpu_ids=4
[    0.000000] NR_IRQS:16 nr_irqs:16 16
[    0.000000] /interrupt-controller@60004000: 160 interrupts forwarded to /interrupt-controller@50041000
[    0.000000] Tegra clk 127: register failed with -17
[    0.000008] sched_clock: 32 bits at 1000kHz, resolution 1000ns, wraps every 2147483647500ns
[    0.000032] clocksource: timer_us: mask: 0xffffffff max_cycles: 0xffffffff, max_idle_ns: 1911260446275 ns
[    0.000046] Switching to timer-based delay loop, resolution 1000ns
[    0.005412] Architected cp15 timer(s) running at 12.00MHz (virt).
[    0.005430] clocksource: arch_sys_counter: mask: 0xffffffffffffff max_cycles: 0x2c47f4ee7, max_idle_ns: 440795202497 ns
[    0.005448] sched_clock: 56 bits at 12MHz, resolution 83ns, wraps every 4398046511096ns
[    0.005460] Switching to timer-based delay loop, resolution 83ns
[    0.005975] Console: colour dummy device 80x30
[    0.006003] Calibrating delay loop (skipped), value calculated using timer frequency.. 24.00 BogoMIPS (lpj=60000)
[    0.006017] pid_max: default: 32768 minimum: 301
[    0.006113] Mount-cache hash table entries: 2048 (order: 1, 8192 bytes)
[    0.006125] Mountpoint-cache hash table entries: 2048 (order: 1, 8192 bytes)
[    0.006729] CPU: Testing write buffer coherency: ok
[    0.006946] /cpus/cpu@0 missing clock-frequency property
[    0.006989] /cpus/cpu@1 missing clock-frequency property
[    0.007030] /cpus/cpu@2 missing clock-frequency property
[    0.007072] /cpus/cpu@3 missing clock-frequency property
[    0.007084] CPU0: thread -1, cpu 0, socket 0, mpidr 80000000
[    0.007105] Setting up static identity map for 0x80300000 - 0x80300098
[    0.010814] Tegra Revision: A01 SKU: 129 CPU Process: 1 SoC Process: 1
[    0.012257] CPU1: thread -1, cpu 1, socket 0, mpidr 80000001
[    0.015938] CPU2: thread -1, cpu 2, socket 0, mpidr 80000002
[    0.020936] CPU3: thread -1, cpu 3, socket 0, mpidr 80000003
[    0.025398] Brought up 4 CPUs
[    0.025418] SMP: Total of 4 processors activated (96.00 BogoMIPS).
[    0.025426] CPU: All CPU(s) started in SVC mode.
[    0.026901] devtmpfs: initialized
[    0.047577] VFP support v0.3: implementor 41 architecture 4 part 30 variant f rev 0
[    0.048009] clocksource: jiffies: mask: 0xffffffff max_cycles: 0xffffffff, max_idle_ns: 9556302231375000 ns
[    0.049379] pinctrl core: initialized pinctrl subsystem
[    0.051193] NET: Registered protocol family 16
[    0.053126] DMA: preallocated 256 KiB pool for atomic coherent allocations
[    0.065664] cpuidle: using governor menu
[    0.084352] No ATAGs?hw-breakpoint: found 5 (+1 reserved) breakpoint and 4 watchpoint registers.
[    0.084385] hw-breakpoint: maximum watchpoint size is 8 bytes.
[    0.090663] Serial: AMBA PL011 UART driver
[    0.125750] +5V_SYS: supplied by +VDD_MUX
[    0.126069] +3.3V_SYS: supplied by +VDD_MUX
[    0.126707] +USB0_VBUS_SW: Failed to request enable GPIO108: -517
[    0.126723] reg-fixed-voltage regulators:regulator@7: Failed to register regulator: -517
[    0.126810] +5V_USB_HS: Failed to request enable GPIO109: -517
[    0.126823] reg-fixed-voltage regulators:regulator@8: Failed to register regulator: -517
[    0.126985] +1.05V_RUN_AVDD_HDMI_PLL: Failed to request enable GPIO63: -517
[    0.126998] reg-fixed-voltage regulators:regulator@11: Failed to register regulator: -517
[    0.127083] +5V_HDMI_CON: Failed to request enable GPIO86: -517
[    0.127095] reg-fixed-voltage regulators:regulator@12: Failed to register regulator: -517
[    0.127180] +5V_SATA: Failed to request enable GPIO242: -517
[    0.127192] reg-fixed-voltage regulators:regulator@13: Failed to register regulator: -517
[    0.127275] +12V_SATA: Failed to request enable GPIO242: -517
[    0.127287] reg-fixed-voltage regulators:regulator@14: Failed to register regulator: -517
[    0.130568] vgaarb: loaded
[    0.131404] SCSI subsystem initialized
[    0.131571] libata version 3.00 loaded.
[    0.131851] usbcore: registered new interface driver usbfs
[    0.131918] usbcore: registered new interface driver hub
[    0.131992] usbcore: registered new device driver usb
[    0.135586] pps_core: LinuxPPS API ver. 1 registered
[    0.135597] pps_core: Software ver. 5.3.6 - Copyright 2005-2007 Rodolfo Giometti <giometti@linux.it>
[    0.135618] PTP clock support registered
[    0.135818] EDAC MC: Ver: 3.0.0
[    0.139032] clocksource: Switched to clocksource arch_sys_counter
[    0.150332] NET: Registered protocol family 2
[    0.150852] TCP established hash table entries: 8192 (order: 3, 32768 bytes)
[    0.150951] TCP bind hash table entries: 8192 (order: 4, 65536 bytes)
[    0.151138] TCP: Hash tables configured (established 8192 bind 8192)
[    0.151189] UDP hash table entries: 512 (order: 2, 16384 bytes)
[    0.151230] UDP-Lite hash table entries: 512 (order: 2, 16384 bytes)
[    0.151395] NET: Registered protocol family 1
[    0.151718] RPC: Registered named UNIX socket transport module.
[    0.151728] RPC: Registered udp transport module.
[    0.151735] RPC: Registered tcp transport module.
[    0.151743] RPC: Registered tcp NFSv4.1 backchannel transport module.
[    0.151754] PCI: CLS 0 bytes, default 64
[    0.152926] hw perfevents: enabled with armv7_cortex_a15 PMU driver, 7 counters available
[    0.154451] futex hash table entries: 1024 (order: 4, 65536 bytes)
[    0.155168] workingset: timestamp_bits=30 max_order=19 bucket_order=0
[    0.166745] squashfs: version 4.0 (2009/01/31) Phillip Lougher
[    0.167598] NFS: Registering the id_resolver key type
[    0.167625] Key type id_resolver registered
[    0.167633] Key type id_legacy registered
[    0.167678] ntfs: driver 2.1.32 [Flags: R/O].
[    0.168932] bounce: pool size: 64 pages
[    0.169170] Block layer SCSI generic (bsg) driver version 0.4 loaded (major 248)
[    0.169181] io scheduler noop registered
[    0.169189] io scheduler deadline registered
[    0.169392] io scheduler cfq registered (default)
[    0.175097] usb2-0 supply vbus not found, using dummy regulator
[    0.175223] usb2-1 supply vbus not found, using dummy regulator
[    0.175619] tegra-xusb-padctl 7009f000.padctl: failed to setup XUSB ports: -517
[    0.176316] libphy: mdio_driver_register: phy-bcm-ns2-pci
[    0.192325] tegra-pcie 1003000.pcie-controller: 2x1, 1x1 configuration
[    0.192378] tegra-pcie 1003000.pcie-controller: Failed to get supply 'avddio-pex': -517
[    0.199665] tegra-apbdma 60020000.dma: Tegra20 APB DMA driver register 32 channels
[    0.201455] tegra-pmc 7000e400.pmc: emergency thermal reset enabled
[    0.268082] Serial: 8250/16550 driver, 4 ports, IRQ sharing disabled
[    0.271034] console [ttyS0] disabled
[    0.271097] 70006300.serial: ttyS0 at MMIO 0x70006300 (irq = 333, base_baud = 25500000) is a Tegra
[    1.126741] console [ttyS0] enabled
[    1.131169] SuperH (H)SCI(F) driver initialized
[    1.136748] msm_serial: driver initialized
[    1.141055] STMicroelectronics ASC driver initialized
[    1.146996] serial-tegra serial@0,70006000: failed to get alias id, errno -19
[    1.154183] serial-tegra serial@0,70006040: failed to get alias id, errno -19
[    1.164434] [drm] Initialized drm 1.1.0 20060810
[    1.172280] tegra-hdmi 54280000.hdmi: failed to get HDMI regulator
[    1.192159] brd: module loaded
[    1.201502] loop: module loaded
[    1.205093] at24 0-0056: 256 byte 24c02 EEPROM, writable, 8 bytes/write
[    1.213416] as3722 4-0040: AS3722 with revision 0x1 found
[    1.224616] as3722-sd2: supplied by +5V_SYS
[    1.229267] as3722-sd3: supplied by +5V_SYS
[    1.233658] +1.35V_LP0(sd3): Bringing 0uV into 1350000-1350000uV
[    1.240047] as3722-sd4: supplied by +5V_SYS
[    1.244686] as3722-sd5: supplied by +5V_SYS
[    1.250744] as3722-ldo0: supplied by +1.35V_LP0(sd2)
[    1.256836] +1.8V_RUN_CAM: Bringing 0uV into 1800000-1800000uV
[    1.263086] as3722-ldo2: supplied by +1.8V_VDDIO
[    1.269034] as3722-ldo3: supplied by +3.3V_SYS
[    1.273517] +1.05V_LP0_VDD_RTC: Bringing 1100000uV into 1000000-1000000uV
[    1.281330] as3722-ldo4: supplied by +3.3V_SYS
[    1.285991] +2.8V_RUN_CAM: Bringing 0uV into 2800000-2800000uV
[    1.292251] as3722-ldo5: supplied by +1.8V_VDDIO
[    1.297090] +1.2V_RUN_CAM_FRONT: Bringing 0uV into 1200000-1200000uV
[    1.304064] +VDDIO_SDMMC3: bypassed regulator has no supply!
[    1.309733] +VDDIO_SDMMC3: failed to get the current voltage(-517)
[    1.315919] as3722-regulator as3722-regulator: regulator 13 register failed -517
[    1.328349] tegra-ahci 70027000.sata: couldn't get PHY in node sata: -517
[    1.350157] m25p80 spi32765.0: w25q32dw (4096 Kbytes)
[    1.358647] libphy: Fixed MDIO Bus: probed
[    1.363673] CAN device driver interface
[    1.369853] igb: Intel(R) Gigabit Ethernet Network Driver - version 5.3.0-k
[    1.376820] igb: Copyright (c) 2007-2014 Intel Corporation.
[    1.385909] pegasus: v0.9.3 (2013/04/25), Pegasus/Pegasus II USB Ethernet driver
[    1.393366] usbcore: registered new interface driver pegasus
[    1.399095] usbcore: registered new interface driver asix
[    1.404542] usbcore: registered new interface driver ax88179_178a
[    1.410686] usbcore: registered new interface driver cdc_ether
[    1.416588] usbcore: registered new interface driver smsc75xx
[    1.422405] usbcore: registered new interface driver smsc95xx
[    1.428197] usbcore: registered new interface driver net1080
[    1.433908] usbcore: registered new interface driver cdc_subset
[    1.439880] usbcore: registered new interface driver zaurus
[    1.445529] usbcore: registered new interface driver cdc_ncm
[    1.451418] tegra-phy 7d004000.usb-phy: no vbus regulator
[    1.458864] ehci_hcd: USB 2.0 'Enhanced' Host Controller (EHCI) Driver
[    1.465400] ehci-pci: EHCI PCI platform driver
[    1.469906] ehci-platform: EHCI generic platform driver
[    1.475365] ehci-orion: EHCI orion driver
[    1.479536] SPEAr-ehci: EHCI SPEAr driver
[    1.483691] ehci-st: EHCI STMicroelectronics driver
[    1.488725] ehci-exynos: EHCI EXYNOS driver
[    1.493094] ehci-atmel: EHCI Atmel driver
[    1.497260] tegra-ehci: Tegra EHCI driver
[    1.504106] tegra-ehci 7d004000.usb: EHCI Host Controller
[    1.509537] tegra-ehci 7d004000.usb: new USB bus registered, assigned bus number 1
[    1.517323] tegra-ehci 7d004000.usb: irq 352, io mem 0x7d004000
[    1.534058] tegra-ehci 7d004000.usb: USB 2.0 started, EHCI 1.10
[    1.540822] hub 1-0:1.0: USB hub found
[    1.544627] hub 1-0:1.0: 1 port detected
[    1.549226] ohci_hcd: USB 1.1 'Open' Host Controller (OHCI) Driver
[    1.555438] ohci-pci: OHCI PCI platform driver
[    1.559949] ohci-platform: OHCI generic platform driver
[    1.565366] ohci-omap3: OHCI OMAP3 driver
[    1.569542] SPEAr-ohci: OHCI SPEAr driver
[    1.573705] ohci-st: OHCI STMicroelectronics driver
[    1.578745] ohci-atmel: OHCI Atmel driver
[    1.583595] usbcore: registered new interface driver usb-storage
[    1.591356] mousedev: PS/2 mouse device common for all mice
[    1.600392] as3722-rtc as3722-rtc: rtc core: registered as3722-rtc as rtc0
[    1.607284] as3722-rtc as3722-rtc: RTC interrupt 375
[    1.615674] tegra_rtc 7000e000.rtc: rtc core: registered 7000e000.rtc as rtc1
[    1.622860] tegra_rtc 7000e000.rtc: Tegra internal Real Time Clock
[    1.629637] i2c /dev entries driver
[    1.640372] 0-004c supply vcc not found, using dummy regulator
[    1.656054] sdhci: Secure Digital Host Controller Interface driver
[    1.662241] sdhci: Copyright(c) Pierre Ossman
[    1.668274] Synopsys Designware Multimedia Card Interface Driver
[    1.675486] sdhci-pltfm: SDHCI platform and OF driver helper
[    1.681943] sdhci-tegra 700b0400.sdhci: Got CD GPIO
[    1.686849] sdhci-tegra 700b0400.sdhci: Got WP GPIO
[    1.691980] mmc0: Unknown controller version (3). You may experience problems.
[    1.699288] mmc0: Invalid maximum block size, assuming 512 bytes
[    1.749059] mmc0: SDHCI controller on 700b0600.sdhci [700b0600.sdhci] using ADMA 64-bit
[    1.759140] ledtrig-cpu: registered to indicate activity on CPUs
[    1.765508] usbcore: registered new interface driver usbhid
[    1.771093] usbhid: USB HID core driver
[    1.779822] tegra124-dfll 70110000.clock: couldn't get vdd_cpu regulator
[    1.792484] NET: Registered protocol family 10
[    1.797797] sit: IPv6, IPv4 and MPLS over IPv4 tunneling driver
[    1.804424] NET: Registered protocol family 17
[    1.808869] can: controller area network core (rev 20120528 abi 9)
[    1.815131] NET: Registered protocol family 29
[    1.819593] can: raw protocol (rev 20120528)
[    1.823857] can: broadcast manager protocol (rev 20160617 t)
[    1.829535] can: netlink gateway (rev 20130117) max_hops=1
[    1.835411] Key type dns_resolver registered
[    1.836926] mmc0: new high speed MMC card at address 0001
[    1.837492] mmcblk0: mmc0:0001 SEM16G 14.7 GiB 
[    1.837750] mmcblk0boot0: mmc0:0001 SEM16G partition 1 4.00 MiB
[    1.837983] mmcblk0boot1: mmc0:0001 SEM16G partition 2 4.00 MiB
[    1.838200] mmcblk0rpmb: mmc0:0001 SEM16G partition 3 4.00 MiB
[    1.839789]  mmcblk0: p1
[    1.870531] ThumbEE CPU extension supported.
[    1.874831] Registering SWP/SWPB emulation handler
[    1.882037] +3.3V_RUN: supplied by +3.3V_SYS
[    1.887388] +3.3V_AVDD_HDMI_AP_GATED: supplied by +3.3V_RUN
[    1.893537] +USB0_VBUS_SW: supplied by +5V_SYS
[    1.898661] +5V_USB_HS: supplied by +5V_SYS
[    1.904713] +3.3V_LP0: supplied by +3.3V_SYS
[    1.910834] +5V_HDMI_CON: supplied by +5V_SYS
[    1.915909] +5V_SATA: supplied by +5V_SYS
[    1.920612] +12V_SATA: supplied by +VDD_MUX
[    1.926505] usb2-0 supply vbus not found, using dummy regulator
[    1.932626] usb2-1 supply vbus not found, using dummy regulator
[    1.938875] usb3-0 supply vbus not found, using dummy regulator
[    1.946048] tegra-pcie 1003000.pcie-controller: 2x1, 1x1 configuration
[    1.952685] tegra-pcie 1003000.pcie-controller: Failed to get supply 'avddio-pex': -517
[    1.962503] tegra-hdmi 54280000.hdmi: failed to get PLL regulator
[    1.973650] as3722-sd2: supplied by +5V_SYS
[    1.978265] as3722-sd3: supplied by +5V_SYS
[    1.982854] as3722-sd4: supplied by +5V_SYS
[    1.987284] +1.05V_RUN_AVDD_HDMI_PLL: supplied by +1.05V_RUN
[    1.993110] as3722-sd5: supplied by +5V_SYS
[    1.999121] as3722-ldo0: supplied by +1.35V_LP0(sd2)
[    2.005199] as3722-ldo1: supplied by +3.3V_RUN
[    2.010091] as3722-ldo2: supplied by +1.8V_VDDIO
[    2.015709] as3722-ldo3: supplied by +3.3V_SYS
[    2.021154] as3722-ldo4: supplied by +3.3V_SYS
[    2.025888] as3722-ldo5: supplied by +1.8V_VDDIO
[    2.030781] as3722-ldo6: supplied by +3.3V_RUN
[    2.035517] as3722-ldo7: supplied by +1.8V_VDDIO
[    2.040899] +1.05V_RUN_CAM_REAR: Bringing 0uV into 1050000-1050000uV
[    2.047988] as3722-ldo9: supplied by +5V_SYS
[    2.053485] +3.3V_RUN_TOUCH: Bringing 0uV into 2800000-2800000uV
[    2.060083] as3722-ldo10: supplied by +5V_SYS
[    2.064980] +2.8V_RUN_CAM_AF: Bringing 0uV into 2800000-2800000uV
[    2.071818] as3722-ldo11: supplied by +3.3V_RUN
[    2.077154] +1.8V_RUN_VPP_FUSE: Bringing 0uV into 1800000-1800000uV
[    2.087156] tegra-ahci 70027000.sata: AHCI 0001.0301 32 slots 2 ports 3 Gbps 0x1 impl platform mode
[    2.096232] tegra-ahci 70027000.sata: flags: 64bit ncq sntf pm led pio slum part sadm sds apst 
[    2.107183] scsi host0: tegra-ahci
[    2.111870] scsi host1: tegra-ahci
[    2.115672] ata1: SATA max UDMA/133 mmio [mem 0x70027000-0x70028fff] port 0x100 irq 343
[    2.123684] ata2: DUMMY
[    2.129339] tegra-ehci 7d008000.usb: EHCI Host Controller
[    2.134774] tegra-ehci 7d008000.usb: new USB bus registered, assigned bus number 2
[    2.142529] tegra-ehci 7d008000.usb: irq 353, io mem 0x7d008000
[    2.159158] tegra-ehci 7d008000.usb: USB 2.0 started, EHCI 1.10
[    2.166318] hub 2-0:1.0: USB hub found
[    2.170172] hub 2-0:1.0: 1 port detected
[    2.176644] sdhci-tegra 700b0400.sdhci: Got CD GPIO
[    2.181593] sdhci-tegra 700b0400.sdhci: Got WP GPIO
[    2.186718] mmc1: Unknown controller version (3). You may experience problems.
[    2.194067] mmc1: Invalid maximum block size, assuming 512 bytes
[    2.244639] mmc1: SDHCI controller on 700b0400.sdhci [700b0400.sdhci] using ADMA 64-bit
[    2.257262] tegra-pcie 1003000.pcie-controller: 2x1, 1x1 configuration
[    2.266171] tegra-pcie 1003000.pcie-controller: probing port 0, using 2 lanes
[    2.275476] tegra-pcie 1003000.pcie-controller: Slot present pin change, signature: 00000008
[    2.299691] tegra-pcie 1003000.pcie-controller: probing port 1, using 1 lanes
[    2.308926] tegra-pcie 1003000.pcie-controller: Slot present pin change, signature: 00000000
[    2.322733] tegra-pcie 1003000.pcie-controller: PCI host bridge to bus 0000:00
[    2.329988] pci_bus 0000:00: root bus resource [io  0x0000-0xffff]
[    2.336209] pci_bus 0000:00: root bus resource [mem 0x13000000-0x1fffffff]
[    2.343121] pci_bus 0000:00: root bus resource [mem 0x20000000-0x3fffffff pref]
[    2.350471] pci_bus 0000:00: root bus resource [bus 00-ff]
[    2.356028] pci 0000:00:01.0: [10de:0e12] type 01 class 0x060400
[    2.362196] pci 0000:00:01.0: PME# supported from D0 D1 D2 D3hot D3cold
[    2.369261] pci 0000:00:02.0: [10de:0e13] type 01 class 0x060400
[    2.375455] pci 0000:00:02.0: PME# supported from D0 D1 D2 D3hot D3cold
[    2.382484] PCI: bus0: Fast back to back transfers disabled
[    2.388101] pci 0000:00:01.0: bridge configuration invalid ([bus 00-00]), reconfiguring
[    2.396174] pci 0000:00:02.0: bridge configuration invalid ([bus 00-00]), reconfiguring
[    2.404477] pci 0000:01:00.0: [8086:4232] type 00 class 0x028000
[    2.410579] pci 0000:01:00.0: reg 0x10: [mem 0x00000000-0x00001fff 64bit]
[    2.417623] pci 0000:01:00.0: PME# supported from D0 D3hot D3cold
[    2.439190] PCI: bus1: Fast back to back transfers disabled
[    2.442723] ata1: SATA link down (SStatus 0 SControl 300)
[    2.450235] pci_bus 0000:01: busn_res: [bus 01-ff] end is updated to 01
[    2.457124] pci 0000:02:00.0: [10ec:8168] type 00 class 0x020000
[    2.463178] pci 0000:02:00.0: reg 0x10: [io  0x0000-0x00ff]
[    2.468832] pci 0000:02:00.0: reg 0x18: [mem 0x00000000-0x00000fff 64bit]
[    2.475692] pci 0000:02:00.0: reg 0x20: [mem 0x00000000-0x00003fff 64bit pref]
[    2.483128] pci 0000:02:00.0: supports D1 D2
[    2.487442] pci 0000:02:00.0: PME# supported from D0 D1 D2 D3hot D3cold
[    2.509183] PCI: bus2: Fast back to back transfers disabled
[    2.514790] pci_bus 0000:02: busn_res: [bus 02-ff] end is updated to 02
[    2.521584] pci 0000:00:01.0: BAR 8: assigned [mem 0x13000000-0x130fffff]
[    2.528415] pci 0000:00:02.0: BAR 8: assigned [mem 0x13100000-0x131fffff]
[    2.535227] pci 0000:00:02.0: BAR 9: assigned [mem 0x20000000-0x200fffff 64bit pref]
[    2.543012] pci 0000:00:02.0: BAR 7: assigned [io  0x1000-0x1fff]
[    2.549128] pci 0000:01:00.0: BAR 0: assigned [mem 0x13000000-0x13001fff 64bit]
[    2.556508] pci 0000:00:01.0: PCI bridge to [bus 01]
[    2.561529] pci 0000:00:01.0:   bridge window [mem 0x13000000-0x130fffff]
[    2.568384] pci 0000:02:00.0: BAR 4: assigned [mem 0x20000000-0x20003fff 64bit pref]
[    2.576203] pci 0000:02:00.0: BAR 2: assigned [mem 0x13100000-0x13100fff 64bit]
[    2.583581] pci 0000:02:00.0: BAR 0: assigned [io  0x1000-0x10ff]
[    2.589730] pci 0000:00:02.0: PCI bridge to [bus 02]
[    2.594744] pci 0000:00:02.0:   bridge window [io  0x1000-0x1fff]
[    2.600892] pci 0000:00:02.0:   bridge window [mem 0x13100000-0x131fffff]
[    2.607731] pci 0000:00:02.0:   bridge window [mem 0x20000000-0x200fffff 64bit pref]
[    2.615561] pci 0000:00:01.0: nv_msi_ht_cap_quirk didn't locate host bridge
[    2.622682] pcieport 0000:00:01.0: enabling device (0140 -> 0142)
[    2.629115] pcieport 0000:00:01.0: Signaling PME through PCIe PME interrupt
[    2.636122] pci 0000:01:00.0: Signaling PME through PCIe PME interrupt
[    2.642699] pcie_pme 0000:00:01.0:pcie001: service driver pcie_pme loaded
[    2.649659] pci 0000:00:02.0: nv_msi_ht_cap_quirk didn't locate host bridge
[    2.656770] pcieport 0000:00:02.0: enabling device (0140 -> 0143)
[    2.663179] pcieport 0000:00:02.0: Signaling PME through PCIe PME interrupt
[    2.670184] pci 0000:02:00.0: Signaling PME through PCIe PME interrupt
[    2.676760] pcie_pme 0000:00:02.0:pcie001: service driver pcie_pme loaded
[    2.683949] r8169 Gigabit Ethernet driver 2.3LK-NAPI loaded
[    2.689590] r8169 0000:02:00.0: enabling device (0140 -> 0143)
[    2.711830] r8169 0000:02:00.0 eth0: RTL8168g/8111g at 0xf0a50000, 00:04:4b:3a:d9:81, XID 0c000800 IRQ 393
[    2.721526] r8169 0000:02:00.0 eth0: jumbo features [frames: 9200 bytes, tx checksumming: ko]
[    2.731505] mmc1: new high speed SDHC card at address aaaa
[    2.738577] mmcblk1: mmc1:aaaa SD04G 3.69 GiB 
[    2.739944] [drm] Supports vblank timestamp caching Rev 2 (21.10.2013).
[    2.739948] [drm] No driver support for vblank timestamp query.
[    2.739996] drm drm: No connectors reported connected with modes
[    2.740005] [drm] Cannot find any crtc or sizes - going 1024x768
[    2.781990]  mmcblk1: p1 p2 p3
[    2.871487] Console: switching to colour frame buffer device 128x48
[    2.888172] drm drm: fb0:  frame buffer device
[    2.909142] [drm] Initialized tegra 0.0.0 20120330 on minor 0
[    2.916393] of: dev_pm_opp_of_cpumask_add_table: couldn't find opp table for cpu:0, -19
[    2.924479] cpufreq: cpufreq_online: CPU0: Running at unlisted freq: 696000 KHz
[    2.931836] cpufreq: cpufreq_online: CPU0: Unlisted initial frequency changed to: 714000 KHz
[    2.941182] input: gpio-keys as /devices/soc0/gpio-keys/input/input0
[    2.948439] as3722-rtc as3722-rtc: setting system clock to 2000-01-01 00:00:12 UTC (946684812)
[    2.960328] +USB0_VBUS_SW: disabling
[    2.963901] +1.8V_RUN_CAM: disabling
[    2.967754] +2.8V_RUN_CAM: disabling
[    2.971631] +1.2V_RUN_CAM_FRONT: disabling
[    2.975974] +1.05V_RUN_CAM_REAR: disabling
[    2.980264] +3.3V_RUN_TOUCH: disabling
[    2.984268] +2.8V_RUN_CAM_AF: disabling
[    2.988307] +1.8V_RUN_VPP_FUSE: disabling
[    2.993601] EXT4-fs (mmcblk0p1): mounting ext3 file system using the ext4 subsystem
[    3.032948] EXT4-fs (mmcblk0p1): recovery complete
[    3.038580] EXT4-fs (mmcblk0p1): mounted filesystem with ordered data mode. Opts: (null)
[    3.046703] VFS: Mounted root (ext3 filesystem) on device 179:1.
[    3.056692] devtmpfs: mounted
[    3.060282] Freeing unused kernel memory: 2048K (c1100000 - c1300000)
bash: cannot set terminal process group (-1): Inappropriate ioctl for device
bash: no job control in this shell
root@(none):/# 