Diff for ./qemu-vexpress64/__internal/defconfig_log.txt
--- /tmp/fooa	2016-10-05 20:57:46.404238719 -0700
+++ /tmp/foob	2016-10-05 20:57:46.404238719 -0700
@@ -1,5 +1,5 @@
 Booting Linux on physical CPU 0x0
-Linux version 4.8.0-next-20161005-126395-g0a766d8 (pwalmsley@sellafield) (gcc version 4.9.2 20140904 (prerelease) (crosstool-NG linaro-1.13.1-4.9-2014.09 - Linaro GCC 4.9-2014.09) ) #1 SMP PREEMPT Tue Oct 4 22:52:13 PDT 2016
+Linux version 4.8.0-next-20161006-150886-gc802e87 (pwalmsley@tamien) (gcc version 4.9.2 20140904 (prerelease) (crosstool-NG linaro-1.13.1-4.9-2014.09 - Linaro GCC 4.9-2014.09) ) #1 SMP PREEMPT Wed Oct 5 20:53:39 PDT 2016
 Boot CPU: AArch64 Processor [411fd070]
 Memory limited to 1024MB
 efi: Getting EFI parameters from FDT:
@@ -100,7 +100,7 @@
 kvm [1]: HYP mode not available
 futex hash table entries: 256 (order: 3, 32768 bytes)
 audit: initializing netlink subsys (disabled)
-audit: type=2000 audit(1.132:1): initialized
+audit: type=2000 audit(0.672:1): initialized
 workingset: timestamp_bits=46 max_order=18 bucket_order=0
 squashfs: version 4.0 (2009/01/31) Phillip Lougher
 NFS: Registering the id_resolver key type
@@ -167,7 +167,7 @@
 Key type dns_resolver registered
 registered taskstats version 1
 input: gpio-keys as /devices/platform/gpio-keys/input/input0
-rtc-pl031 9010000.pl031: setting system clock to 2016-10-05 05:52:47 UTC (1475646767)
+rtc-pl031 9010000.pl031: setting system clock to 2016-10-06 03:54:17 UTC (1475726057)
 ALSA device list:
   No soundcards found.
 uart-pl011 9000000.pl011: no DMA platform data
Diff for ./tegra114-dalmore-a04/tegra114-dalmore/tegra_defconfig_log.txt
--- /tmp/fooa	2016-10-05 20:57:46.416238741 -0700
+++ /tmp/foob	2016-10-05 20:57:46.420238748 -0700
@@ -37,9 +37,9 @@
 	 #################################################################
 	 #################################################################
 	 ###############################################
-	 3.3 MiB/s
+	 3.1 MiB/s
 done
-Bytes transferred = 5449824 (532860 hex)
+Bytes transferred = 5451416 (532e98 hex)
 Tegra114 (Dalmore) # tftpboot 0x82000000 tegra114-dalmore.dtb
 Using asx0 device
 TFTP from server 192.168.100.1; our IP address is 192.168.100.100
@@ -50,7 +50,7 @@
 done
 Bytes transferred = 35044 (88e4 hex)
 Tegra114 (Dalmore) # bootz 0x81000000 - 0x82000000
-Kernel image @ 0x81000000 [ 0x000000 - 0x532860 ]
+Kernel image @ 0x81000000 [ 0x000000 - 0x532e98 ]
 ## Flattened Device Tree blob at 82000000
    Booting using the fdt blob at 0x82000000
    Loading Device Tree to 8fff4000, end 8ffff8e3 ... OK
@@ -59,7 +59,7 @@
 
 Uncompressing Linux... done, booting the kernel.
 Booting Linux on physical CPU 0x0
-Linux version 4.8.0-next-20161005-126395-g0a766d8 (pwalmsley@kaivo) (gcc version 4.7.3 20130328 (prerelease) (crosstool-NG linaro-1.13.1-4.7-2013.04-20130415 - Linaro GCC 2013.04) ) #1 SMP PREEMPT Tue Oct 4 22:50:02 PDT 2016
+Linux version 4.8.0-next-20161006-126453-gc802e87 (pwalmsley@kaivo) (gcc version 4.7.3 20130328 (prerelease) (crosstool-NG linaro-1.13.1-4.7-2013.04-20130415 - Linaro GCC 2013.04) ) #1 SMP PREEMPT Wed Oct 5 20:49:55 PDT 2016
 CPU: ARMv7 Processor [412fc0f2] revision 2 (ARMv7), cr=10c5387d
 CPU: div instructions available: patching division code
 CPU: PIPT / VIPT nonaliasing data cache, PIPT instruction cache
@@ -323,7 +323,7 @@
 hub 1-0:1.0: USB hub found
 hub 1-0:1.0: 1 port detected
 input: gpio-keys as /devices/soc0/gpio-keys/input/input1
-palmas-rtc 7000d000.i2c:tps65913@58:rtc: setting system clock to 2000-07-29 17:15:57 UTC (964890957)
+palmas-rtc 7000d000.i2c:tps65913@58:rtc: setting system clock to 2000-07-30 15:15:53 UTC (964970153)
 dvdd_ts: disabling
 usb1_vbus: disabling
 vdd_cam_1v8_reg: disabling
@@ -337,4 +337,5 @@
 Freeing unused kernel memory: 1024K (c0c00000 - c0d00000)
 bash: cannot set terminal process group (-1): Inappropriate ioctl for device
 bash: no job control in this shell
-root@(none):/# [    6.146464] usb 1-1: new high-speed USB device number 2 using tegra-ehci
+usb 1-1: new high-speed USB device number 2 using tegra-ehci
+root@(none):/# 
\ No newline at end of file
Diff for ./tegra124-jetson-tk1/tegra124-jetson-tk1/tegra_defconfig_log.txt
--- /tmp/fooa	2016-10-05 20:57:46.428238763 -0700
+++ /tmp/foob	2016-10-05 20:57:46.432238770 -0700
@@ -9,7 +9,7 @@
 Model: NVIDIA Jetson TK1
 Board: NVIDIA Jetson TK1
 DRAM:  2 GiB
-MC:   Tegra SD/MMC: 0, Tegra SD/MMC: 1
+MMC:   Tegra SD/MMC: 0, Tegra SD/MMC: 1
 In:    serial
 Out:   serial
 Err:   serial
@@ -34,18 +34,18 @@
 	 ###############################################
 	 4 MiB/s
 done
-Bytes transferred = 5449824 (532860 hex)
+Bytes transferred = 5451416 (532e98 hex)
 Tegra124 (Jetson TK1) # tftpboot 0x83000000 tegra124-jetson-tk1.dtb
 Using eth_rtl8169 device
 TFTP from server 192.168.100.1; our IP address is 192.168.100.102
 Filename 'tegra124-jetson-tk1.dtb'.
 Load address: 0x83000000
 Loading: *#####
-	 3.8 MiB/s
+	 3.2 MiB/s
 done
 Bytes transferred = 67133 (1063d hex)
 Tegra124 (Jetson TK1) # bootz 0x82000000 - 0x83000000
-Kernel image @ 0x82000000 [ 0x000000 - 0x532860 ]
+Kernel image @ 0x82000000 [ 0x000000 - 0x532e98 ]
 ## Flattened Device Tree blob at 83000000
    Booting using the fdt blob at 0x83000000
    Using Device Tree in place at 83000000, end 8301363c
@@ -54,7 +54,7 @@
 
 Uncompressing Linux... done, booting the kernel.
 Booting Linux on physical CPU 0x0
-Linux version 4.8.0-next-20161005-126395-g0a766d8 (pwalmsley@kaivo) (gcc version 4.7.3 20130328 (prerelease) (crosstool-NG linaro-1.13.1-4.7-2013.04-20130415 - Linaro GCC 2013.04) ) #1 SMP PREEMPT Tue Oct 4 22:50:02 PDT 2016
+Linux version 4.8.0-next-20161006-126453-gc802e87 (pwalmsley@kaivo) (gcc version 4.7.3 20130328 (prerelease) (crosstool-NG linaro-1.13.1-4.7-2013.04-20130415 - Linaro GCC 2013.04) ) #1 SMP PREEMPT Wed Oct 5 20:49:55 PDT 2016
 CPU: ARMv7 Processor [413fc0f3] revision 3 (ARMv7), cr=10c5387d
 CPU: div instructions available: patching division code
 CPU: PIPT / VIPT nonaliasing data cache, PIPT instruction cache
@@ -382,8 +382,8 @@
 mmc1: SDHCI controller on 700b0400.sdhci [700b0400.sdhci] using ADMA
 tegra-pcie 1003000.pcie-controller: 2x1, 1x1 configuration
 tegra-pcie 1003000.pcie-controller: probing port 0, using 2 lanes
-ata1: SATA link down (SStatus 0 SControl 300)
 tegra-pcie 1003000.pcie-controller: Slot present pin change, signature: 00000008
+ata1: SATA link down (SStatus 0 SControl 300)
 tegra-pcie 1003000.pcie-controller: probing port 1, using 1 lanes
 tegra-pcie 1003000.pcie-controller: Slot present pin change, signature: 00000000
 tegra-pcie 1003000.pcie-controller: PCI host bridge to bus 0000:00
@@ -410,9 +410,9 @@
 pci 0000:02:00.0: supports D1 D2
 pci 0000:02:00.0: PME# supported from D0 D1 D2 D3hot D3cold
 mmc1: new high speed SDHC card at address aaaa
+mmcblk1: mmc1:aaaa SD04G 3.69 GiB 
 PCI: bus2: Fast back to back transfers disabled
 pci_bus 0000:02: busn_res: [bus 02-ff] end is updated to 02
-mmcblk1: mmc1:aaaa SD04G 3.69 GiB 
 pci 0000:00:01.0: BAR 8: assigned [mem 0x13000000-0x130fffff]
 pci 0000:00:02.0: BAR 8: assigned [mem 0x13100000-0x131fffff]
 pci 0000:00:02.0: BAR 9: assigned [mem 0x20000000-0x200fffff 64bit pref]
@@ -428,10 +428,10 @@
 pci 0000:00:02.0:   bridge window [mem 0x13100000-0x131fffff]
 pci 0000:00:02.0:   bridge window [mem 0x20000000-0x200fffff 64bit pref]
 pci 0000:00:01.0: nv_msi_ht_cap_quirk didn't locate host bridge
+ mmcblk1: p1 p2 p3
 pcieport 0000:00:01.0: enabling device (0140 -> 0142)
 pcieport 0000:00:01.0: Signaling PME through PCIe PME interrupt
 pci 0000:01:00.0: Signaling PME through PCIe PME interrupt
- mmcblk1: p1 p2 p3
 pcie_pme 0000:00:01.0:pcie001: service driver pcie_pme loaded
 pci 0000:00:02.0: nv_msi_ht_cap_quirk didn't locate host bridge
 pcieport 0000:00:02.0: enabling device (0140 -> 0143)
Diff for ./tegra124-nyan-big/tegra124-nyan-big/tegra_defconfig_log.txt
--- /tmp/fooa	2016-10-05 20:57:46.452238806 -0700
+++ /tmp/foob	2016-10-05 20:57:46.452238806 -0700
@@ -41,18 +41,18 @@
 	 ###############################################
 	 3.6 MiB/s
 done
-Bytes transferred = 5449824 (532860 hex)
+Bytes transferred = 5451416 (532e98 hex)
 Tegra124 (Nyan-big) # tftpboot 0x83000000 tegra124-nyan-big.dtb
 Using asx0 device
 TFTP from server 192.168.100.1; our IP address is 192.168.100.102
 Filename 'tegra124-nyan-big.dtb'.
 Load address: 0x83000000
 Loading: *#####
-	 3.6 MiB/s
+	 3.4 MiB/s
 done
 Bytes transferred = 67899 (1093b hex)
 Tegra124 (Nyan-big) # bootz 0x82000000 - 0x83000000
-Kernel image @ 0x82000000 [ 0x000000 - 0x532860 ]
+Kernel image @ 0x82000000 [ 0x000000 - 0x532e98 ]
 ## Flattened Device Tree blob at 83000000
    Booting using the fdt blob at 0x83000000
    Using Device Tree in place at 83000000, end 8301393a
@@ -181,6 +181,7 @@
 Registering SWP/SWPB emulation handler
 +3.3V_RUN: supplied by +3.3V_SYS
 +3.3V_AVDD_HDMI_AP_GATED: supplied by +3.3V_RUN
+input: tegra-hda HDMI/DP,pcm=3 as /devices/soc0/70030000.hda/sound/card0/input3
 +1.8V_RUN_CAM: supplied by +3.3V_RUN
 +VDDIO_SDMMC3: supplied by +3.3V_RUN
 +1.8V_RUN_VPP_FUSE: supplied by +3.3V_RUN
@@ -189,7 +190,6 @@
 +5V_USB_HS: supplied by +5V_SYS
 +5V_USB_SS: supplied by +5V_SYS
 +3.3V_PANEL: supplied by +3.3V_RUN
-input: tegra-hda HDMI/DP,pcm=3 as /devices/soc0/70030000.hda/sound/card0/input3
 +3.3V_LP0: supplied by +3.3V_SYS
 +1.05V_RUN_AVDD_HDMI_PLL: supplied by +1.05V_RUN
 +5V_HDMI_CON: supplied by +5V_SYS
@@ -236,7 +236,7 @@
 drm drm: fb0:  frame buffer device
 [drm] Initialized tegra 0.0.0 20120330 on minor 0
 input: gpio-keys as /devices/soc0/gpio-keys/input/input4
-as3722-rtc as3722-rtc: setting system clock to 2000-01-01 19:47:14 UTC (946756034)
+as3722-rtc as3722-rtc: setting system clock to 2000-01-01 00:00:24 UTC (946684824)
 +1.8V_RUN_CAM: disabling
 +1.2V_RUN_CAM_FRONT: disabling
 +1.05V_RUN_CAM_REAR: disabling
@@ -248,17 +248,17 @@
   #0: tegra-hda at 0x70038000 irq 341
   #1: GoogleNyanBig
 EXT4-fs (mmcblk0p3): couldn't mount as ext3 due to feature incompatibilities
-uvcvideo: Found UVC 1.00 device HD WebCam (1bcf:2c67)
-input: HD WebCam as /devices/soc0/70090000.usb/usb1/1-2/1-2:1.0/input/input5
-usb 1-3: new high-speed USB device number 3 using tegra-xusb
 EXT4-fs (mmcblk0p3): recovery complete
 EXT4-fs (mmcblk0p3): mounted filesystem with ordered data mode. Opts: (null)
 VFS: Mounted root (ext4 filesystem) on device 179:3.
+uvcvideo: Found UVC 1.00 device HD WebCam (1bcf:2c67)
 devtmpfs: mounted
 Freeing unused kernel memory: 1024K (c0c00000 - c0d00000)
+input: HD WebCam as /devices/soc0/70090000.usb/usb1/1-2/1-2:1.0/input/input5
 bash: cannot set terminal process group (-1): Inappropriate ioctl for device
 bash: no job control in this shell
-root@(none):/# [    6.524537] asix 1-3:1.0 eth0: register 'asix' at usb-70090000.usb-3, ASIX AX88772 USB 2.0 Ethernet, c8:d7:19:90:fa:65
+root@(none):/# [    5.924905] usb 1-3: new high-speed USB device number 3 using tegra-xusb
+asix 1-3:1.0 eth0: register 'asix' at usb-70090000.usb-3, ASIX AX88772 USB 2.0 Ethernet, c8:d7:19:90:fa:65
 usb 1-1: new high-speed USB device number 4 using tegra-xusb
 usb-storage 1-1:1.0: USB Mass Storage device detected
 scsi host0: usb-storage 1-1:1.0
Diff for ./tegra132-norrin/tegra132-norrin/defconfig_log.txt
--- /tmp/fooa	2016-10-05 20:57:46.460238820 -0700
+++ /tmp/foob	2016-10-05 20:57:46.460238820 -0700
@@ -31,7 +31,7 @@
 MSENC clock is set to  79200 KHz
 Vde clock is set to 204000 KHz
 
-Bootloader-Cpu Init at (time stamp): 1800582 us
+Bootloader-Cpu Init at (time stamp): 1801483 us
 
 Pinmux changes applied in kernel way
 
@@ -59,47 +59,47 @@
 The proc BoardInfo: 0x0176:0x0001:0x01:0x43:0x00
 FastbootAddAtag: setting ATAG (0)
 
-Board Id Read Time: 4 us
+Board Id Read Time: 3 us
 Power Rail enable Time: 1 us
 
-Miscellaneous avp time: 1800555  us
-Bootloader (AosInit) time: 734395 us
-Bootloader Main Init time: 180348 us
-BlockDevMgrInit time: 157486 us
-PartMgrInit time: 9 us
-StorMgrInit time: 31 us
+Miscellaneous avp time: 1801457  us
+Bootloader (AosInit) time: 733562 us
+Bootloader Main Init time: 180118 us
+BlockDevMgrInit time: 157538 us
+PartMgrInit time: 8 us
+StorMgrInit time: 30 us
 FsMgrInit time: 2 us
-Partition Table load: 76693 us 
-Display init time: 574935 us
-Kernel read time: 375 msec
-Load Kernel Size:   16224256 Bytes
-Bl Kernel ReadSpeed: 43264000 Bytes/sec
-Pre-Kernel Jump time: 1734659 us
-Clearing 32 Bit State and Warm resetting to 64bit mode: 5836801 us
+Partition Table load: 77121 us 
+Display init time: 574438 us
+Kernel read time: 377 msec
+Load Kernel Size:   16302080 Bytes
+Bl Kernel ReadSpeed: 43241000 Bytes/sec
+Pre-Kernel Jump time: 1740861 us
+Clearing 32 Bit State and Warm resetting to 64bit mode: 5842745 us
 Booting Linux on physical CPU 0x0
-Linux version 4.8.0-231430-g21f54dd (pwalmsley@tamien) (gcc version 4.9.2 20140904 (prerelease) (crosstool-NG linaro-1.13.1-4.9-2014.09 - Linaro GCC 4.9-2014.09) ) #1 SMP PREEMPT Tue Oct 4 09:03:02 PDT 2016
+Linux version 4.8.0-232155-ga3443cd (pwalmsley@tamien) (gcc version 4.9.2 20140904 (prerelease) (crosstool-NG linaro-1.13.1-4.9-2014.09 - Linaro GCC 4.9-2014.09) ) #1 SMP PREEMPT Wed Oct 5 01:22:26 PDT 2016
 Boot CPU: AArch64 Processor [4e0f0000]
 Memory limited to 1734MB
 efi: Getting EFI parameters from FDT:
 efi: UEFI not found.
 cma: Reserved 16 MiB at 0x00000000eb400000
 /cpus/cpu@1: missing enable-method property
-percpu: Embedded 21 pages/cpu @ffff80006c59b000 s47488 r8192 d30336 u86016
+percpu: Embedded 21 pages/cpu @ffff80006c59c000 s47488 r8192 d30336 u86016
 Detected PIPT I-cache on CPU0
 Built 1 zonelists in Zone order, mobility grouping on.  Total pages: 436968
 Kernel command line: tegraid=13.1.3.0.0 mem=1734M@2048M memtype=255 vpr=151M@3817M ddr_die=2048M@2048M section=256M commchip_id=0 usb_port_owner_info=0 lane_owner_info=0 emc_max_dvfs=0 touch_id=0@0 video=tegrafb no_console_suspend=1 console=ttyS0,115200n8 debug_uartport=lsport,0 earlyprintk=uart8250-32bit,0x70006000 usbcore.old_scheme_first=1 lp0_vec=0@0x0 tegra_fbmem=32899072@0xad012000 core_edp_mv=1150 core_edp_ma=4000 pmuboard=0x0176:0x0001:0x01:0x43:0x00 displayboard=0x0162:0x0001:0x00:0x42:0x00 power_supply=Adapter audio_codec=rt5640 board_info=0x0176:0x0001:0x01:0x43:0x00 tegraboot=sdmmc gpt gpt_sector=94207 modem_id=0 android.kerneltype=normal
 PID hash table entries: 4096 (order: 3, 32768 bytes)
 Dentry cache hash table entries: 262144 (order: 9, 2097152 bytes)
 Inode-cache hash table entries: 131072 (order: 8, 1048576 bytes)
-Memory: 1706788K/1775616K available (7932K kernel code, 800K rwdata, 3716K rodata, 960K init, 275K bss, 52444K reserved, 16384K cma-reserved)
+Memory: 1706716K/1775616K available (7932K kernel code, 812K rwdata, 3764K rodata, 960K init, 275K bss, 52516K reserved, 16384K cma-reserved)
 Virtual kernel memory layout:
     modules : 0xffff000000000000 - 0xffff000008000000   (   128 MB)
     vmalloc : 0xffff000008000000 - 0xffff7dffbfff0000   (129022 GB)
       .text : 0xffff000008080000 - 0xffff000008840000   (  7936 KB)
-    .rodata : 0xffff000008840000 - 0xffff000008bf0000   (  3776 KB)
-      .init : 0xffff000008bf0000 - 0xffff000008ce0000   (   960 KB)
-      .data : 0xffff000008ce0000 - 0xffff000008da8200   (   801 KB)
-       .bss : 0xffff000008da8200 - 0xffff000008decf38   (   276 KB)
+    .rodata : 0xffff000008840000 - 0xffff000008c00000   (  3840 KB)
+      .init : 0xffff000008c00000 - 0xffff000008cf0000   (   960 KB)
+      .data : 0xffff000008cf0000 - 0xffff000008dbb200   (   813 KB)
+       .bss : 0xffff000008dbb200 - 0xffff000008dffe38   (   276 KB)
     fixed   : 0xffff7dfffe7fd000 - 0xffff7dfffec00000   (  4108 KB)
     PCI I/O : 0xffff7dfffee00000 - 0xffff7dffffe00000   (    16 MB)
     vmemmap : 0xffff7e0000000000 - 0xffff800000000000   (  2048 GB maximum)
@@ -134,7 +134,7 @@
 pinctrl core: initialized pinctrl subsystem
 NET: Registered protocol family 16
 cpuidle: using governor menu
-vdso: 2 pages (1 code @ ffff000008847000, 1 data @ ffff000008ce4000)
+vdso: 2 pages (1 code @ ffff000008847000, 1 data @ ffff000008cf4000)
 hw-breakpoint: found 6 breakpoint and 4 watchpoint registers.
 DMA: preallocated 256 KiB pool for atomic allocations
 Serial: AMBA PL011 UART driver
@@ -184,7 +184,7 @@
 kvm [1]: HYP mode not available
 futex hash table entries: 256 (order: 3, 32768 bytes)
 audit: initializing netlink subsys (disabled)
-audit: type=2000 audit(1.179:1): initialized
+audit: type=2000 audit(1.147:1): initialized
 workingset: timestamp_bits=46 max_order=19 bucket_order=0
 squashfs: version 4.0 (2009/01/31) Phillip Lougher
 NFS: Registering the id_resolver key type
@@ -269,7 +269,7 @@
 +5V_HDMI_CON: disabling
 ALSA device list:
   No soundcards found.
-Freeing unused kernel memory: 960K (ffff800000bf0000 - ffff800000ce0000)
+Freeing unused kernel memory: 960K (ffff800000c00000 - ffff800000cf0000)
 sdhci-tegra 700b0400.sdhci: Got CD GPIO
 sdhci-tegra 700b0400.sdhci: Got WP GPIO
  mmcblk0: p1 p2 p3 p4 p5 p6 p7 p8
Diff for ./tegra20-trimslice/tegra20-trimslice/tegra_defconfig_log.txt
--- /tmp/fooa	2016-10-05 20:57:46.464238828 -0700
+++ /tmp/foob	2016-10-05 20:57:46.468238835 -0700
@@ -45,20 +45,20 @@
 	 #################################################################
 	 #################################################################
 	 ###############################################
-	 4.1 MiB/s
+	 903.3 KiB/s
 done
-Bytes transferred = 5449824 (532860 hex)
+Bytes transferred = 5451416 (532e98 hex)
 Tegra20 (TrimSlice) # tftpboot 0x02408000 tegra20-trimslice.dtb
 Using RTL8169#0 device
 TFTP from server 192.168.100.1; our IP address is 192.168.100.103
 Filename 'tegra20-trimslice.dtb'.
 Load address: 0x2408000
 Loading: *##
-	 3.4 MiB/s
+	 861.3 KiB/s
 done
 Bytes transferred = 21172 (52b4 hex)
 Tegra20 (TrimSlice) # bootz 0x00408000 - 0x02408000
-Kernel image @ 0x408000 [ 0x000000 - 0x532860 ]
+Kernel image @ 0x408000 [ 0x000000 - 0x532e98 ]
 ## Flattened Device Tree blob at 02408000
    Booting using the fdt blob at 0x2408000
    Using Device Tree in place at 02408000, end 024102b3
@@ -67,7 +67,7 @@
 
 Uncompressing Linux... done, booting the kernel.
 Booting Linux on physical CPU 0x0
-Linux version 4.8.0-next-20161005-126395-g0a766d8 (pwalmsley@kaivo) (gcc version 4.7.3 20130328 (prerelease) (crosstool-NG linaro-1.13.1-4.7-2013.04-20130415 - Linaro GCC 2013.04) ) #1 SMP PREEMPT Tue Oct 4 22:50:02 PDT 2016
+Linux version 4.8.0-next-20161006-126453-gc802e87 (pwalmsley@kaivo) (gcc version 4.7.3 20130328 (prerelease) (crosstool-NG linaro-1.13.1-4.7-2013.04-20130415 - Linaro GCC 2013.04) ) #1 SMP PREEMPT Wed Oct 5 20:49:55 PDT 2016
 CPU: ARMv7 Processor [411fc090] revision 0 (ARMv7), cr=10c5387d
 CPU: PIPT / VIPT nonaliasing data cache, VIPT aliasing instruction cache
 OF: fdt:Machine model: Compulab TrimSlice board
@@ -305,11 +305,11 @@
 tlv320aic23-codec 2-001a: ASoC: no dapm match for MICIN --> NULL --> Mic Input
 tlv320aic23-codec 2-001a: ASoC: Failed to add route MICIN -> NULL -> Mic Input
 tegra-snd-trimslice sound: tlv320aic23-hifi <-> 70002800.i2s mapping ok
+usb 1-1: new high-speed USB device number 2 using tegra-ehci
 mmc0: host does not support reading read-only switch, assuming write-enable
 mmc0: new high speed SDHC card at address b368
 mmcblk0: mmc0:b368 NCard 3.70 GiB 
  mmcblk0: p1
-usb 1-1: new high-speed USB device number 2 using tegra-ehci
 mmc1: new high speed SD card at address b368
 mmcblk1: mmc1:b368 NCard 1.83 GiB (ro)
  mmcblk1: p1 p2
@@ -321,10 +321,10 @@
 NET: Registered protocol family 17
 NET: Registered protocol family 15
 can: controller area network core (rev 20120528 abi 9)
-usb 1-1.2: new high-speed USB device number 3 using tegra-ehci
 NET: Registered protocol family 29
 can: raw protocol (rev 20120528)
 can: broadcast manager protocol (rev 20160617 t)
+usb 1-1.2: new high-speed USB device number 3 using tegra-ehci
 can: netlink gateway (rev 20130117) max_hops=1
 Bluetooth: RFCOMM socket layer initialized
 Bluetooth: RFCOMM ver 1.11
@@ -342,7 +342,7 @@
 hub 2-0:1.0: USB hub found
 hub 2-0:1.0: 1 port detected
 input: gpio-keys as /devices/soc0/gpio-keys/input/input0
-rtc-em3027 2-0056: setting system clock to 2015-02-05 19:02:52 UTC (1423162972)
+rtc-em3027 2-0056: setting system clock to 2015-02-05 19:07:39 UTC (1423163259)
 ALSA device list:
   #0: tegra-trimslice
 asix 1-1.2:1.0 eth1: register 'asix' at usb-c5008000.usb-1.2, ASIX AX88772 USB 2.0 Ethernet, 00:60:6e:60:6c:68
Diff for ./tegra210-p2371-0000/tegra210-p2371-0000/defconfig_log.txt
--- /tmp/fooa	2016-10-05 20:57:46.488238871 -0700
+++ /tmp/foob	2016-10-05 20:57:46.492238878 -0700
@@ -64,17 +64,17 @@
 Loading and Validation of Secure OS Successful
 NvTbootPackSdramParams: start. 
 NvTbootPackSdramParams: done. 
-Tegraboot started after 742870 us
-Basic modules init took 348965 us
-Sec Bootdevice Read Time = 203 ms, Read Size = 8459 KB
-Next stage binary read took 15907 us
-Carveout took 252721 us
-CPU initialization took 92312 us
-Total time taken by TegraBoot 709905 us
+Tegraboot started after 722396 us
+Basic modules init took 350432 us
+Sec Bootdevice Read Time = 202 ms, Read Size = 8459 KB
+Next stage binary read took 14370 us
+Carveout took 252738 us
+CPU initialization took 92294 us
+Total time taken by TegraBoot 709834 us
 
 Starting CPU & Halting co-processor 
 
-64b[0001.583] LPDDR4 Training: Number of tables = 10
+64b[0001.563] LPDDR4 Training: Number of tables = 10
 EMC Training (SRC-freq: 204000; DST-freq: 408000)
 EMC Training Successful
 EMC Training (SRC-freq: 204000; DST-freq: 665600)
@@ -108,7 +108,7 @@
 Tegra210 (P2371-0000) # 
 Tegra210 (P2371-0000) # ums 0 mmc 0
 UMS: disk start sector: 0x0, count: 0x1d5a000
-|/-\|/-\/-\|/-\/-\|/-\/-\|/-\/-\|/-\/-\|/-\/-\|/-\/-\|/-\/-\|/-CTRL+C - Operation aborted
+|/-\|/-\/-\|/-\/-\|/-\/-\|/-\/-\|/-\/-\|/-\/-\|/-\/-\|/-\/-\|/-\/-\|/-\/-\|/-\/-\|/-\/-\|/-\/-\|/-\/-\|/-\/-\|/-\/-\|/-\/-\|/-\/CTRL+C - Operation aborted
 Tegra210 (P2371-0000) # 
 Tegra210 (P2371-0000) # env set fdt_copy_node_names /cpus:/psci
 Tegra210 (P2371-0000) # setenv rootpart 1
@@ -117,11 +117,11 @@
 Tegra210 (P2371-0000) # part uuid ${devtype} ${devnum}:${rootpart} uuid
 Tegra210 (P2371-0000) # setenv bootargs ignore_loglevel console=ttyS0,115200n8 earlycon=uart8250,mmio32,0x70006000 rw root=PARTUUID=00000000-0001-0000-788f-a75600000000 rootwait debug earlyprintk init=/bin/bash
 Tegra210 (P2371-0000) # load ${devtype} ${devnum}:${rootpart} ${kernel_addr_r} /boot/Image.defconfig
-14438912 bytes read in 783 ms (17.6 MiB/s)
+14438912 bytes read in 782 ms (17.6 MiB/s)
 Tegra210 (P2371-0000) # load ${devtype} ${devnum}:${rootpart} ${fdt_addr_r} /boot/tegra210-p2371-0000.dtb
-43755 bytes read in 454 ms (93.8 KiB/s)
+43755 bytes read in 453 ms (93.8 KiB/s)
 Tegra210 (P2371-0000) # load ${devtype} ${devnum}:${rootpart} ${ramdisk_addr_r} /boot/tegra-ramdisk.img
-1627787 bytes read in 500 ms (3.1 MiB/s)
+1627787 bytes read in 501 ms (3.1 MiB/s)
 Tegra210 (P2371-0000) # ramdisk_size=${filesize}
 Tegra210 (P2371-0000) # booti ${kernel_addr_r} - ${fdt_addr_r}
 ## Flattened Device Tree blob at 82000000
@@ -131,7 +131,7 @@
 Starting kernel ...
 
 Booting Linux on physical CPU 0x0
-Linux version 4.8.0-next-20161005-126395-g0a766d8 (pwalmsley@sellafield) (gcc version 4.9.2 20140904 (prerelease) (crosstool-NG linaro-1.13.1-4.9-2014.09 - Linaro GCC 4.9-2014.09) ) #1 SMP PREEMPT Tue Oct 4 22:52:13 PDT 2016
+Linux version 4.8.0-next-20161006-150886-gc802e87 (pwalmsley@tamien) (gcc version 4.9.2 20140904 (prerelease) (crosstool-NG linaro-1.13.1-4.9-2014.09 - Linaro GCC 4.9-2014.09) ) #1 SMP PREEMPT Wed Oct 5 20:53:39 PDT 2016
 Boot CPU: AArch64 Processor [411fd071]
 debug: ignoring loglevel setting.
 earlycon: uart8250 at MMIO32 0x0000000070006000 (options '')
@@ -161,7 +161,7 @@
 log_buf_len total cpu_extra contributions: 12288 bytes
 log_buf_len min size: 16384 bytes
 log_buf_len: 32768 bytes
-early log buf free: 14260(87%)
+early log buf free: 14264(87%)
 PID hash table entries: 4096 (order: 3, 32768 bytes)
 Dentry cache hash table entries: 524288 (order: 10, 4194304 bytes)
 Inode-cache hash table entries: 262144 (order: 9, 2097152 bytes)
@@ -258,7 +258,7 @@
 RPC: Registered tcp NFSv4.1 backchannel transport module.
 PCI: CLS 0 bytes, default 128
 kvm [1]: 8-bit VMID
-kvm [1]: IDMAP page: 8087d000
+kvm [1]: IDMAP page: 8087e000
 kvm [1]: HYP VA range: 800000000000:ffffffffffff
 kvm [1]: Hyp mode initialized successfully
 kvm [1]: vgic-v2@50044000
@@ -266,7 +266,7 @@
 kvm [1]: virtual timer IRQ4
 futex hash table entries: 1024 (order: 5, 131072 bytes)
 audit: initializing netlink subsys (disabled)
-audit: type=2000 audit(0.547:1): initialized
+audit: type=2000 audit(0.527:1): initialized
 workingset: timestamp_bits=46 max_order=20 bucket_order=0
 squashfs: version 4.0 (2009/01/31) Phillip Lougher
 NFS: Registering the id_resolver key type
@@ -347,6 +347,6 @@
 devtmpfs: mounted
 Freeing unused kernel memory: 1024K (ffff800000c70000 - ffff800000d70000)
 bash: cannot set terminal process group (-1): Inappropriate ioctl for device
-bash: no job contr[    1.427035] random: fast init done
+bash: no job contr[    1.455719] random: fast init done
 ol in this shell
 root@(none):/# 
\ No newline at end of file
Diff for ./tegra210-smaug/tegra210-smaug/defconfig_log.txt
--- /tmp/fooa	2016-10-05 20:57:46.500238893 -0700
+++ /tmp/foob	2016-10-05 20:57:46.500238893 -0700
@@ -1,3 +1,6 @@
+.000000] cma: Reserved 16 MiB at 0x00000000f5400000
+earlycon: uart0 at MMIO 0x0000000070006000 (options '115200n8')
+bootconsole [uart0] enabled
 psci: probing for conduit method from DT.
 psci: PSCIv1.0 detected in firmware.
 psci: Using standard PSCI v0.2 function IDs
@@ -12,7 +15,7 @@
 log_buf_len total cpu_extra contributions: 12288 bytes
 log_buf_len min size: 16384 bytes
 log_buf_len: 32768 bytes
-early log buf free: 14408(87%)
+early log buf free: 14412(87%)
 PID hash table entries: 4096 (order: 3, 32768 bytes)
 Dentry cache hash table entries: 524288 (order: 10, 4194304 bytes)
 Inode-cache hash table entries: 262144 (order: 9, 2097152 bytes)
@@ -54,7 +57,7 @@
  (comparison mask = 0xf8000000)
 boot misc2 0x0: expected 0xf400f0da
  (comparison mask = 0xffffffff)
-boot misc3 0x4eb8: expected 0x2004f400
+boot misc3 0x4f38: expected 0x2004f400
  (comparison mask = 0xffffffff)
 PLL_P already enabled. Postponing set full defaults
 PLL_X already enabled. Postponing set full defaults
@@ -131,7 +134,7 @@
 Unpacking initramfs...
 Freeing initrd memory: 2360K (ffff80000a06f000 - ffff80000a2bd000)
 kvm [1]: 8-bit VMID
-kvm [1]: IDMAP page: 8087d000
+kvm [1]: IDMAP page: 8087e000
 kvm [1]: HYP VA range: 800000000000:ffffffffffff
 kvm [1]: Hyp mode initialized successfully
 kvm [1]: vgic-v2@50044000
@@ -227,16 +230,16 @@
 Key type dns_resolver registered
 registered taskstats version 1
 tegra-i2c 7000d100.i2c: could not find pctldev for node /host1x@50000000/dpaux@545c0000/pinmux-i2c, deferring probe
+input: gpio-keys as /devices/platform/gpio-keys/input/input0
+tegra-i2c 7000d100.i2c: could not find pctldev for node /host1x@50000000/dpaux@545c0000/pinmux-i2c, deferring probe
 mmc0: new high speed MMC card at address 0001
 mmcblk0: mmc0:0001 BGND3R 29.1 GiB 
 mmcblk0boot0: mmc0:0001 BGND3R partition 1 4.00 MiB
+max77686-rtc max77620-rtc: setting system clock to 2000-07-17 09:23:03 UTC (963825783)
 mmcblk0boot1: mmc0:0001 BGND3R partition 2 4.00 MiB
 mmcblk0rpmb: mmc0:0001 BGND3R partition 3 4.00 MiB
  mmcblk0: p1 p2 p3 p4 p5 p6 p7 p8 p9 p10 p11
 tegra-i2c 7000d100.i2c: could not find pctldev for node /host1x@50000000/dpaux@545c0000/pinmux-i2c, deferring probe
-input: gpio-keys as /devices/platform/gpio-keys/input/input0
-tegra-i2c 7000d100.i2c: could not find pctldev for node /host1x@50000000/dpaux@545c0000/pinmux-i2c, deferring probe
-max77686-rtc max77620-rtc: setting system clock to 2000-07-16 11:21:33 UTC (963746493)
 PP1200_AVDD: disabling
 PP1200_RCAM: disabling
 PP2800L_RCAM: disabling
Diff for ./tegra30-beaver/tegra30-beaver/tegra_defconfig_log.txt
--- /tmp/fooa	2016-10-05 20:57:46.508238908 -0700
+++ /tmp/foob	2016-10-05 20:57:46.508238908 -0700
@@ -27,6 +27,7 @@
 Tegra30 (Beaver) # setenv bootargs 'ignore_loglevel console=ttyS0,115200n8 rw root=PARTUUID=edbe1840-3633-c751-7993-b0ac834f81e0 rootwait gpt debug noinitrd earlyprintk init=/bin/bash'
 Tegra30 (Beaver) # setenv ipaddr 192.168.100.101; setenv serverip 192.168.100.1; setenv tftpserverip 192.168.100.1
 Tegra30 (Beaver) # tftpboot 0x81000000 zImage.tegra_defconfig
+Waiting for Ethernet connection... done.
 Using asx0 device
 TFTP from server 192.168.100.1; our IP address is 192.168.100.101
 Filename 'zImage.tegra_defconfig'.
@@ -37,9 +38,9 @@
 	 #################################################################
 	 #################################################################
 	 ###############################################
-	 3.3 MiB/s
+	 3.2 MiB/s
 done
-Bytes transferred = 5449824 (532860 hex)
+Bytes transferred = 5451416 (532e98 hex)
 Tegra30 (Beaver) # tftpboot 0x82000000 tegra30-beaver.dtb
 Using asx0 device
 TFTP from server 192.168.100.1; our IP address is 192.168.100.101
@@ -50,7 +51,7 @@
 done
 Bytes transferred = 51572 (c974 hex)
 Tegra30 (Beaver) # bootz 0x81000000 - 0x82000000
-Kernel image @ 0x81000000 [ 0x000000 - 0x532860 ]
+Kernel image @ 0x81000000 [ 0x000000 - 0x532e98 ]
 ## Flattened Device Tree blob at 82000000
    Booting using the fdt blob at 0x82000000
    Loading Device Tree to 8fff0000, end 8ffff973 ... OK
@@ -59,7 +60,7 @@
 
 Uncompressing Linux... done, booting the kernel.
 Booting Linux on physical CPU 0x0
-Linux version 4.8.0-next-20161005-126395-g0a766d8 (pwalmsley@kaivo) (gcc version 4.7.3 20130328 (prerelease) (crosstool-NG linaro-1.13.1-4.7-2013.04-20130415 - Linaro GCC 2013.04) ) #1 SMP PREEMPT Tue Oct 4 22:50:02 PDT 2016
+Linux version 4.8.0-next-20161006-126453-gc802e87 (pwalmsley@kaivo) (gcc version 4.7.3 20130328 (prerelease) (crosstool-NG linaro-1.13.1-4.7-2013.04-20130415 - Linaro GCC 2013.04) ) #1 SMP PREEMPT Wed Oct 5 20:49:55 PDT 2016
 CPU: ARMv7 Processor [412fc099] revision 9 (ARMv7), cr=10c5387d
 CPU: PIPT / VIPT nonaliasing data cache, VIPT aliasing instruction cache
 OF: fdt:Machine model: NVIDIA Tegra30 Beaver evaluation board
@@ -385,4 +386,5 @@
 Freeing unused kernel memory: 1024K (c0c00000 - c0d00000)
 bash: cannot set terminal process group (-1): Inappropriate ioctl for device
 bash: no job control in this shell
+usb 2-1: new high-speed USB device number 2 using tegra-ehci
 root@(none):/# 
\ No newline at end of file
