
U-Boot SPL 2014.01-00219-gc4d376f (Feb 18 2014 - 19:57:18)


U-Boot 2014.01-00219-gc4d376f (Feb 18 2014 - 19:57:18)

TEGRA30
Board: NVIDIA Beaver
I2C:   ready
DRAM:  2 GiB
MMC:   Tegra SD/MMC: 0, Tegra SD/MMC: 1
In:    serial
Out:   serial
Err:   serial
Net:   Net Initialization Skipped
No ethernet found.
Hit any key to stop autoboot:  2  0 
Tegra30 (Beaver) # 
Tegra30 (Beaver) # usb reset
(Re)start USB...
USB0:   USB EHCI 1.00
scanning bus 0 for devices... 2 USB Device(s) found
       scanning usb for storage devices... 0 Storage Device(s) found
       scanning usb for ethernet devices... 
Warning: asx0 using MAC address from net device
1 Ethernet Device(s) found
Tegra30 (Beaver) # setenv bootargs 'ignore_loglevel console=ttyS0,115200n8 rw root=PARTUUID=edbe1840-3633-c751-7993-b0ac834f81e0 rootwait gpt debug noinitrd earlyprintk init=/bin/bash'
Tegra30 (Beaver) # setenv ipaddr 192.168.100.101; setenv serverip 192.168.100.1; setenv tftpserverip 192.168.100.1
Tegra30 (Beaver) # tftpboot 0x81000000 zImage.multi_v7_defconfig
Using asx0 device
TFTP from server 192.168.100.1; our IP address is 192.168.100.101
Filename 'zImage.multi_v7_defconfig'.
Load address: 0x81000000
Loading: *#################################################################
	 #################################################################
	 #################################################################
	 #################################################################
	 #################################################################
	 #################################################################
	 #################################################################
	 #################################################################
	 ####################################
	 1 MiB/s
done
Bytes transferred = 8159752 (7c8208 hex)
Tegra30 (Beaver) # tftpboot 0x82000000 tegra30-beaver.dtb
Waiting for Ethernet connection... done.
Using asx0 device
TFTP from server 192.168.100.1; our IP address is 192.168.100.101
Filename 'tegra30-beaver.dtb'.
Load address: 0x82000000
Loading: *####
	 3.1 MiB/s
done
Bytes transferred = 51860 (ca94 hex)
Tegra30 (Beaver) # bootz 0x81000000 - 0x82000000
Kernel image @ 0x81000000 [ 0x000000 - 0x7c8200 ]
## Flattened Device Tree blob at 82000000
   Booting using the fdt blob at 0x82000000
   Loading Device Tree to 8fff0000, end 8ffffa93 ... OK

Starting kernel ...

[    0.000000] Booting Linux on physical CPU 0x0
[    0.000000] Linux version 4.13.0-next-20170904-199136-g9829d9f (jonathanh@sellafield) (gcc version 4.7.3 20130328 (prerelease) (crosstool-NG linaro-1.13.1-4.7-2013.04-20130415 - Linaro GCC 2013.04)) #1 SMP Mon Sep 4 02:36:12 PDT 2017
[    0.000000] CPU: ARMv7 Processor [412fc099] revision 9 (ARMv7), cr=10c5387d
[    0.000000] CPU: PIPT / VIPT nonaliasing data cache, VIPT aliasing instruction cache
[    0.000000] OF: fdt: Machine model: NVIDIA Tegra30 Beaver evaluation board
[    0.000000] debug: ignoring loglevel setting.
[    0.000000] Memory policy: Data cache writealloc
[    0.000000] efi: Getting EFI parameters from FDT:
[    0.000000] efi: UEFI not found.
[    0.000000] cma: Reserved 64 MiB at 0xfb800000
[    0.000000] On node 0 totalpages: 524032
[    0.000000] free_area_init_node: node 0, pgdat c158e440, node_mem_map eeff8000
[    0.000000]   DMA zone: 1536 pages used for memmap
[    0.000000]   DMA zone: 0 pages reserved
[    0.000000]   DMA zone: 196608 pages, LIFO batch:31
[    0.000000]   HighMem zone: 327424 pages, LIFO batch:31
[    0.000000] random: fast init done
[    0.000000] percpu: Embedded 17 pages/cpu @eef88000 s39552 r8192 d21888 u69632
[    0.000000] pcpu-alloc: s39552 r8192 d21888 u69632 alloc=17*4096
[    0.000000] pcpu-alloc: [0] 0 [0] 1 [0] 2 [0] 3 
[    0.000000] Built 1 zonelists, mobility grouping on.  Total pages: 522496
[    0.000000] Kernel command line: ignore_loglevel console=ttyS0,115200n8 rw root=PARTUUID=edbe1840-3633-c751-7993-b0ac834f81e0 rootwait gpt debug noinitrd earlyprintk init=/bin/bash
[    0.000000] PID hash table entries: 4096 (order: 2, 16384 bytes)
[    0.000000] Dentry cache hash table entries: 131072 (order: 7, 524288 bytes)
[    0.000000] Inode-cache hash table entries: 65536 (order: 6, 262144 bytes)
[    0.000000] Memory: 1993400K/2096128K available (10240K kernel code, 1625K rwdata, 4500K rodata, 2048K init, 405K bss, 37192K reserved, 65536K cma-reserved, 1244160K highmem)
[    0.000000] Virtual kernel memory layout:
[    0.000000]     vector  : 0xffff0000 - 0xffff1000   (   4 kB)
[    0.000000]     fixmap  : 0xffc00000 - 0xfff00000   (3072 kB)
[    0.000000]     vmalloc : 0xf0800000 - 0xff800000   ( 240 MB)
[    0.000000]     lowmem  : 0xc0000000 - 0xf0000000   ( 768 MB)
[    0.000000]     pkmap   : 0xbfe00000 - 0xc0000000   (   2 MB)
[    0.000000]     modules : 0xbf000000 - 0xbfe00000   (  14 MB)
[    0.000000]       .text : 0xc0208000 - 0xc0d00000   (11232 kB)
[    0.000000]       .init : 0xc1200000 - 0xc1400000   (2048 kB)
[    0.000000]       .data : 0xc1400000 - 0xc1596790   (1626 kB)
[    0.000000]        .bss : 0xc159fbc0 - 0xc16052fc   ( 406 kB)
[    0.000000] SLUB: HWalign=64, Order=0-3, MinObjects=0, CPUs=4, Nodes=1
[    0.000000] Hierarchical RCU implementation.
[    0.000000] 	RCU event tracing is enabled.
[    0.000000] 	RCU restricting CPUs from NR_CPUS=16 to nr_cpu_ids=4.
[    0.000000] RCU: Adjusting geometry for rcu_fanout_leaf=16, nr_cpu_ids=4
[    0.000000] NR_IRQS: 16, nr_irqs: 16, preallocated irqs: 16
[    0.000000] /interrupt-controller@60004000: 160 interrupts forwarded to /interrupt-controller@50041000
[    0.000000] L2C: platform modifies aux control register: 0x02080000 -> 0x3e480001
[    0.000000] L2C: DT/platform modifies aux control register: 0x02080000 -> 0x3e480001
[    0.000000] L2C-310 erratum 769419 enabled
[    0.000000] L2C-310 enabling early BRESP for Cortex-A9
[    0.000000] L2C-310: enabling full line of zeros but not enabled in Cortex-A9
[    0.000000] L2C-310 dynamic clock gating enabled, standby mode enabled
[    0.000000] L2C-310 cache controller enabled, 8 ways, 1024 kB
[    0.000000] L2C-310: CACHE_ID 0x410000c7, AUX_CTRL 0x4e480001
[    0.000014] sched_clock: 32 bits at 1000kHz, resolution 1000ns, wraps every 2147483647500ns
[    0.000031] clocksource: timer_us: mask: 0xffffffff max_cycles: 0xffffffff, max_idle_ns: 1911260446275 ns
[    0.000040] Switching to timer-based delay loop, resolution 1000ns
[    0.002975] Console: colour dummy device 80x30
[    0.003006] Calibrating delay loop (skipped), value calculated using timer frequency.. 2.00 BogoMIPS (lpj=10000)
[    0.003016] pid_max: default: 32768 minimum: 301
[    0.003095] Mount-cache hash table entries: 2048 (order: 1, 8192 bytes)
[    0.003104] Mountpoint-cache hash table entries: 2048 (order: 1, 8192 bytes)
[    0.003507] CPU: Testing write buffer coherency: ok
[    0.003813] CPU0: thread -1, cpu 0, socket 0, mpidr 80000000
[    0.004034] Setting up static identity map for 0x80300000 - 0x803000a0
[    0.005374] Hierarchical SRCU implementation.
[    0.006717] Tegra Revision: A03 SKU: 128 CPU Process: 4 SoC Process: 0
[    0.007289] EFI services will not be available.
[    0.007392] smp: Bringing up secondary CPUs ...
[    0.010387] CPU1: thread -1, cpu 1, socket 0, mpidr 80000001
[    0.020358] CPU2: thread -1, cpu 2, socket 0, mpidr 80000002
[    0.030348] CPU3: thread -1, cpu 3, socket 0, mpidr 80000003
[    0.030400] smp: Brought up 1 node, 4 CPUs
[    0.030412] SMP: Total of 4 processors activated (8.00 BogoMIPS).
[    0.030417] CPU: All CPU(s) started in SVC mode.
[    0.031111] devtmpfs: initialized
[    0.041309] Built 1 zonelists, mobility grouping on.  Total pages: 514734
[    0.041718] VFP support v0.3: implementor 41 architecture 3 part 30 variant 9 rev 4
[    0.042364] clocksource: jiffies: mask: 0xffffffff max_cycles: 0xffffffff, max_idle_ns: 19112604462750000 ns
[    0.042393] futex hash table entries: 1024 (order: 4, 65536 bytes)
[    0.042618] pinctrl core: initialized pinctrl subsystem
[    0.043769] DMI not present or invalid.
[    0.044002] NET: Registered protocol family 16
[    0.046376] DMA: preallocated 256 KiB pool for atomic coherent allocations
[    0.048153] cpuidle: using governor menu
[    0.061299] No ATAGs?
[    0.061389] hw-breakpoint: found 5 (+1 reserved) breakpoint and 1 watchpoint registers.
[    0.061401] hw-breakpoint: maximum watchpoint size is 4 bytes.
[    0.065562] Serial: AMBA PL011 UART driver
[    0.066025] tegra-mc 7000f000.memory-controller: no memory timings for RAM code 3 registered
[    0.066128] iommu: Adding device reg-dummy to group 0
[    0.066160] iommu: Adding device 3000.pcie to group 1
[    0.066181] iommu: Adding device 50000000.host1x to group 2
[    0.066198] iommu: Adding device 54040000.mpe to group 3
[    0.066216] iommu: Adding device 54080000.vi to group 4
[    0.066233] iommu: Adding device 540c0000.epp to group 5
[    0.066251] iommu: Adding device 54100000.isp to group 6
[    0.066270] iommu: Adding device 54140000.gr2d to group 7
[    0.066288] iommu: Adding device 54180000.gr3d to group 8
[    0.066358] iommu: Adding device 54200000.dc to group 9
[    0.066408] iommu: Adding device 54240000.dc to group 10
[    0.066428] iommu: Adding device 54280000.hdmi to group 11
[    0.066446] iommu: Adding device 50040600.timer to group 12
[    0.066464] iommu: Adding device 50043000.cache-controller to group 13
[    0.066480] iommu: Adding device 60005000.timer to group 14
[    0.066496] iommu: Adding device 60007000.flow-controller to group 15
[    0.066514] iommu: Adding device 6000a000.dma to group 16
[    0.066534] iommu: Adding device 6000c000.ahb to group 17
[    0.066553] iommu: Adding device 6000d000.gpio to group 18
[    0.066569] iommu: Adding device 70000800.apbmisc to group 19
[    0.066592] iommu: Adding device 70000868.pinmux to group 20
[    0.066610] iommu: Adding device 70006000.serial to group 21
[    0.066628] iommu: Adding device 7000e000.rtc to group 22
[    0.066645] iommu: Adding device 7000c000.i2c to group 23
[    0.066662] iommu: Adding device 7000c400.i2c to group 24
[    0.066685] iommu: Adding device 7000c500.i2c to group 25
[    0.066703] iommu: Adding device 7000c700.i2c to group 26
[    0.066721] iommu: Adding device 7000d000.i2c to group 27
[    0.066737] iommu: Adding device 7000da00.spi to group 28
[    0.066755] iommu: Adding device 7000e400.pmc to group 29
[    0.066773] iommu: Adding device 7000f000.memory-controller to group 30
[    0.066797] iommu: Adding device 7000f800.fuse to group 31
[    0.066820] iommu: Adding device 70080000.ahub to group 32
[    0.066838] iommu: Adding device 78000000.sdhci to group 33
[    0.066861] iommu: Adding device 78000600.sdhci to group 34
[    0.066878] iommu: Adding device 7d000000.usb to group 35
[    0.066897] iommu: Adding device 7d000000.usb-phy to group 36
[    0.066914] iommu: Adding device 7d004000.usb to group 37
[    0.066932] iommu: Adding device 7d004000.usb-phy to group 38
[    0.066949] iommu: Adding device 7d008000.usb to group 39
[    0.066968] iommu: Adding device 7d008000.usb-phy to group 40
[    0.066984] iommu: Adding device pmu to group 41
[    0.067011] iommu: Adding device clocks to group 42
[    0.067027] iommu: Adding device gpio-leds to group 43
[    0.067044] iommu: Adding device regulators to group 44
[    0.067062] iommu: Adding device regulators:regulator@0 to group 45
[    0.067079] iommu: Adding device regulators:regulator@1 to group 46
[    0.067098] iommu: Adding device regulators:regulator@2 to group 47
[    0.067115] iommu: Adding device regulators:regulator@3 to group 48
[    0.067133] iommu: Adding device regulators:regulator@4 to group 49
[    0.067150] iommu: Adding device regulators:regulator@5 to group 50
[    0.067173] iommu: Adding device regulators:regulator@6 to group 51
[    0.067197] iommu: Adding device regulators:regulator@7 to group 52
[    0.067215] iommu: Adding device regulators:regulator@8 to group 53
[    0.067232] iommu: Adding device sound to group 54
[    0.075458] AT91: Could not find identification node
[    0.075968] vdd_5v_sata: Failed to request enable GPIO30: -517
[    0.075983] reg-fixed-voltage regulators:regulator@3: Failed to register regulator: -517
[    0.076033] usb1_vbus: Failed to request enable GPIO238: -517
[    0.076040] reg-fixed-voltage regulators:regulator@4: Failed to register regulator: -517
[    0.076091] usb3_vbus: Failed to request enable GPIO236: -517
[    0.076098] reg-fixed-voltage regulators:regulator@5: Failed to register regulator: -517
[    0.076200] sys_3v3_pexs: Failed to request enable GPIO95: -517
[    0.076208] reg-fixed-voltage regulators:regulator@7: Failed to register regulator: -517
[    0.077983] vgaarb: loaded
[    0.078434] SCSI subsystem initialized
[    0.078569] libata version 3.00 loaded.
[    0.078696] usbcore: registered new interface driver usbfs
[    0.078731] usbcore: registered new interface driver hub
[    0.078764] usbcore: registered new device driver usb
[    0.083110] iommu: Adding device tps65910-gpio to group 55
[    0.083390] iommu: Adding device tps65910-pmic to group 56
[    0.085870] vrtc: supplied by vdd_5v_in
[    0.089148] vio: supplied by vdd_5v_in
[    0.091820] vdd1: supplied by vdd_5v_in
[    0.093178] vddio_ddr_1v2: Bringing 600000uV into 1200000-1200000uV
[    0.101860] vdd2: supplied by vdd_5v_in
[    0.121812] ldo1: supplied by vdd_1v5_gen
[    0.124185] ldo2: supplied by vdd_1v5_gen
[    0.124655] vdd_sata,avdd_plle: Bringing 1200000uV into 1050000-1050000uV
[    0.126872] ldo3: supplied by vdd_5v_in
[    0.129216] ldo4: supplied by vdd_5v_in
[    0.131811] ldo5: supplied by vdd_5v_in
[    0.141814] ldo6: supplied by vdd_1v8_gen
[    0.142286] avdd_dsi_csi,pwrdet_mipi: Bringing 1000000uV into 1200000-1200000uV
[    0.144516] ldo7: supplied by vdd_1v8_gen
[    0.151814] ldo8: supplied by vdd_1v8_gen
[    0.160082] iommu: Adding device tps65910-rtc to group 57
[    0.160190] iommu: Adding device tps65910-power to group 58
[    0.161958] pps_core: LinuxPPS API ver. 1 registered
[    0.161964] pps_core: Software ver. 5.3.6 - Copyright 2005-2007 Rodolfo Giometti <giometti@linux.it>
[    0.161980] PTP clock support registered
[    0.162111] EDAC MC: Ver: 3.0.0
[    0.162301] dmi: Firmware registration failed.
[    0.163613] clocksource: Switched to clocksource timer_us
[    0.195513] NET: Registered protocol family 2
[    0.195915] TCP established hash table entries: 8192 (order: 3, 32768 bytes)
[    0.195972] TCP bind hash table entries: 8192 (order: 4, 65536 bytes)
[    0.196056] TCP: Hash tables configured (established 8192 bind 8192)
[    0.196197] UDP hash table entries: 512 (order: 2, 16384 bytes)
[    0.196265] UDP-Lite hash table entries: 512 (order: 2, 16384 bytes)
[    0.196428] NET: Registered protocol family 1
[    0.196751] RPC: Registered named UNIX socket transport module.
[    0.196759] RPC: Registered udp transport module.
[    0.196763] RPC: Registered tcp transport module.
[    0.196768] RPC: Registered tcp NFSv4.1 backchannel transport module.
[    0.196776] PCI: CLS 0 bytes, default 64
[    0.197611] hw perfevents: no interrupt-affinity property for /pmu, guessing.
[    0.197837] hw perfevents: enabled with armv7_cortex_a9 PMU driver, 7 counters available
[    0.198321] iommu: Adding device alarmtimer to group 59
[    0.198994] workingset: timestamp_bits=30 max_order=19 bucket_order=0
[    0.202227] squashfs: version 4.0 (2009/01/31) Phillip Lougher
[    0.202622] NFS: Registering the id_resolver key type
[    0.202655] Key type id_resolver registered
[    0.202660] Key type id_legacy registered
[    0.202690] ntfs: driver 2.1.32 [Flags: R/O].
[    0.203698] bounce: pool size: 64 pages
[    0.203737] Block layer SCSI generic (bsg) driver version 0.4 loaded (major 248)
[    0.203745] io scheduler noop registered
[    0.203750] io scheduler deadline registered
[    0.203895] io scheduler cfq registered (default)
[    0.203902] io scheduler mq-deadline registered
[    0.203906] io scheduler kyber registered
[    0.210089] tegra30-pinctrl 70000868.pinmux: invalid group "sdmmc3_dat6_pd3" for function "rsvd1"
[    0.210104] tegra30-pinctrl 70000868.pinmux: invalid group "sdmmc3_dat7_pd4" for function "rsvd1"
[    0.210120] tegra30-pinctrl 70000868.pinmux: invalid group "vi_vsync_pd6" for function "rsvd1"
[    0.210129] tegra30-pinctrl 70000868.pinmux: invalid group "vi_hsync_pd7" for function "rsvd1"
[    0.210569] tegra30-pinctrl 70000868.pinmux: invalid group "hdmi_int_pn7" for function "rsvd1"
[    0.210618] tegra30-pinctrl 70000868.pinmux: invalid group "ulpi_data3_po4" for function "rsvd1"
[    0.210944] tegra30-pinctrl 70000868.pinmux: invalid group "vi_d10_pt2" for function "rsvd1"
[    0.210957] tegra30-pinctrl 70000868.pinmux: invalid group "vi_d11_pt3" for function "rsvd1"
[    0.210969] tegra30-pinctrl 70000868.pinmux: invalid group "vi_d0_pt4" for function "rsvd1"
[    0.211010] tegra30-pinctrl 70000868.pinmux: invalid group "pu0" for function "rsvd1"
[    0.211040] tegra30-pinctrl 70000868.pinmux: invalid group "pu3" for function "rsvd1"
[    0.211069] tegra30-pinctrl 70000868.pinmux: invalid group "pu6" for function "rsvd1"
[    0.211109] tegra30-pinctrl 70000868.pinmux: invalid group "pv3" for function "rsvd1"
[    0.211585] tegra30-pinctrl 70000868.pinmux: invalid group "pbb0" for function "rsvd1"
[    0.211710] tegra30-pinctrl 70000868.pinmux: invalid group "pcc1" for function "rsvd1"
[    0.216840] tegra-pcie 3000.pcie: 2x3 configuration
[    0.217023] tegra-pcie 3000.pcie: Failed to get supply 'hvdd-pex': -517
[    0.222515] tegra-apbdma 6000a000.dma: Tegra20 APB DMA driver register 32 channels
[    0.224431] tegra-pmc 7000e400.pmc: i2c-thermtrip node not found, emergency thermal reset disabled.
[    0.252828] Serial: 8250/16550 driver, 4 ports, IRQ sharing disabled
[    0.252914] iommu: Adding device serial8250 to group 60
[    0.254987] console [ttyS0] disabled
[    0.255025] 70006000.serial: ttyS0 at MMIO 0x70006000 (irq = 331, base_baud = 25500000) is a Tegra
[    1.635979] console [ttyS0] enabled
[    1.639993] SuperH (H)SCI(F) driver initialized
[    1.645123] msm_serial: driver initialized
[    1.649316] STMicroelectronics ASC driver initialized
[    1.658230] tegra-hdmi 54280000.hdmi: failed to get HDMI regulator
[    1.671064] brd: module loaded
[    1.679441] loop: module loaded
[    1.688258] m25p80 spi0.1: w25q32 (4096 Kbytes)
[    1.694041] iommu: Adding device Fixed MDIO bus.0 to group 61
[    1.700195] libphy: Fixed MDIO Bus: probed
[    1.704853] CAN device driver interface
[    1.709212] bgmac_bcma: Broadcom 47xx GBit MAC driver loaded
[    1.715613] e1000e: Intel(R) PRO/1000 Network Driver - 3.2.6-k
[    1.721429] e1000e: Copyright(c) 1999 - 2015 Intel Corporation.
[    1.727380] igb: Intel(R) Gigabit Ethernet Network Driver - version 5.4.0-k
[    1.734335] igb: Copyright (c) 2007-2014 Intel Corporation.
[    1.741908] pegasus: v0.9.3 (2013/04/25), Pegasus/Pegasus II USB Ethernet driver
[    1.749351] usbcore: registered new interface driver pegasus
[    1.755032] usbcore: registered new interface driver asix
[    1.760432] usbcore: registered new interface driver ax88179_178a
[    1.766540] usbcore: registered new interface driver cdc_ether
[    1.772384] usbcore: registered new interface driver smsc75xx
[    1.778153] usbcore: registered new interface driver smsc95xx
[    1.783914] usbcore: registered new interface driver net1080
[    1.789574] usbcore: registered new interface driver cdc_subset
[    1.795508] usbcore: registered new interface driver zaurus
[    1.801096] usbcore: registered new interface driver cdc_ncm
[    1.806946] tegra-phy 7d000000.usb-phy: no vbus regulator
[    1.814722] ehci_hcd: USB 2.0 'Enhanced' Host Controller (EHCI) Driver
[    1.821234] ehci-pci: EHCI PCI platform driver
[    1.825705] ehci-platform: EHCI generic platform driver
[    1.831034] ehci-orion: EHCI orion driver
[    1.835134] SPEAr-ehci: EHCI SPEAr driver
[    1.839204] ehci-st: EHCI STMicroelectronics driver
[    1.844156] ehci-exynos: EHCI EXYNOS driver
[    1.848410] ehci-atmel: EHCI Atmel driver
[    1.852476] tegra-ehci: Tegra EHCI driver
[    1.856794] ohci_hcd: USB 1.1 'Open' Host Controller (OHCI) Driver
[    1.862968] ohci-pci: OHCI PCI platform driver
[    1.867441] ohci-platform: OHCI generic platform driver
[    1.872763] SPEAr-ohci: OHCI SPEAr driver
[    1.876853] ohci-st: OHCI STMicroelectronics driver
[    1.881789] ohci-atmel: OHCI Atmel driver
[    1.886223] usbcore: registered new interface driver usb-storage
[    1.894470] utmi_phy_clk_enable: timeout waiting for phy to stabilize
[    1.900977] iommu: Adding device ci_hdrc.0 to group 62
[    1.911542] tegra_rtc 7000e000.rtc: rtc core: registered 7000e000.rtc as rtc1
[    1.918719] tegra_rtc 7000e000.rtc: Tegra internal Real Time Clock
[    1.937515] tps65910-rtc tps65910-rtc: rtc core: registered tps65910-rtc as rtc0
[    1.945112] i2c /dev entries driver
[    1.950724] IR NEC protocol handler initialized
[    1.955260] IR RC5(x/sz) protocol handler initialized
[    1.960296] IR RC6 protocol handler initialized
[    1.964819] IR JVC protocol handler initialized
[    1.969334] IR Sony protocol handler initialized
[    1.973943] IR SANYO protocol handler initialized
[    1.978632] IR Sharp protocol handler initialized
[    1.983320] IR MCE Keyboard/mouse protocol handler initialized
[    1.989142] IR XMP protocol handler initialized
[    1.999587] sdhci: Secure Digital Host Controller Interface driver
[    2.005772] sdhci: Copyright(c) Pierre Ossman
[    2.011016] Synopsys Designware Multimedia Card Interface Driver
[    2.017752] sdhci-pltfm: SDHCI platform and OF driver helper
[    2.023934] sdhci-tegra 78000000.sdhci: Got CD GPIO
[    2.028808] sdhci-tegra 78000000.sdhci: Got WP GPIO
[    2.041978] mmc0: Invalid maximum block size, assuming 512 bytes
[    2.113707] mmc0: SDHCI controller on 78000000.sdhci [78000000.sdhci] using ADMA
[    2.127719] mmc1: Invalid maximum block size, assuming 512 bytes
[    2.193620] mmc1: SDHCI controller on 78000600.sdhci [78000600.sdhci] using ADMA
[    2.202411] ledtrig-cpu: registered to indicate activity on CPUs
[    2.208736] usbcore: registered new interface driver usbhid
[    2.214320] usbhid: USB HID core driver
[    2.220507] NET: Registered protocol family 10
[    2.225625] Segment Routing with IPv6
[    2.229378] sit: IPv6, IPv4 and MPLS over IPv4 tunneling driver
[    2.235690] NET: Registered protocol family 17
[    2.240128] can: controller area network core (rev 20170425 abi 9)
[    2.246359] NET: Registered protocol family 29
[    2.250790] can: raw protocol (rev 20170425)
[    2.255060] can: broadcast manager protocol (rev 20170425 t)
[    2.260707] can: netlink gateway (rev 20170425) max_hops=1
[    2.266446] Key type dns_resolver registered
[    2.271085] ThumbEE CPU extension supported.
[    2.275376] Registering SWP/SWPB emulation handler
[    2.291199] vdd_ddr: supplied by vdd_5v_in
[    2.296137] vdd_5v_sata: supplied by vdd_5v_in
[    2.300903] usb1_vbus: supplied by vdd_5v_in
[    2.305488] usb3_vbus: supplied by vdd_5v_in
[    2.310959] sys_3v3,vdd_3v3_alw: supplied by vdd_5v_in
[    2.318809] sys_3v3_pexs: supplied by sys_3v3,vdd_3v3_alw
[    2.324346] +VDD_5V_HDMI: supplied by sys_3v3,vdd_3v3_alw
[    2.330371] tegra-pcie 3000.pcie: 2x3 configuration
[    2.338946] tegra-pcie 3000.pcie: probing port 0, using 2 lanes
[    2.353101] mmc1: new high speed MMC card at address 0001
[    2.356769] mmc0: new ultra high speed DDR50 SDHC card at address aaaa
[    2.357488] mmcblk0: mmc0:aaaa SS04G 3.69 GiB 
[    2.370903] mmcblk1: mmc1:0001 SEM16G 14.8 GiB 
[    2.376332] mmcblk1boot0: mmc1:0001 SEM16G partition 1 1.00 MiB
[    2.383147] mmcblk1boot1: mmc1:0001 SEM16G partition 2 1.00 MiB
[    2.389712]  mmcblk0: p1 p2 p3
[    2.389991] mmcblk1rpmb: mmc1:0001 SEM16G partition 3 128 KiB
[    2.402677] tegra-pcie 3000.pcie: probing port 2, using 2 lanes
[    2.410825] Primary GPT is invalid, using alternate GPT.
[    2.416145]  mmcblk1: p1 p2 p3 p4 p5
[    2.812526] tegra-pcie 3000.pcie: link 2 down, retrying
[    3.221660] tegra-pcie 3000.pcie: link 2 down, retrying
[    3.630799] tegra-pcie 3000.pcie: link 2 down, retrying
[    3.638042] tegra-pcie 3000.pcie: link 2 down, ignoring
[    3.643361] tegra-pcie 3000.pcie: PCI host bridge to bus 0000:00
[    3.649377] pci_bus 0000:00: root bus resource [io  0x0000-0xffff]
[    3.655559] pci_bus 0000:00: root bus resource [mem 0x20000000-0x27ffffff]
[    3.662420] pci_bus 0000:00: root bus resource [mem 0x28000000-0x3fffffff pref]
[    3.669724] pci_bus 0000:00: root bus resource [bus 00-ff]
[    3.675234] pci 0000:00:01.0: [10de:0e1c] type 01 class 0x060400
[    3.681241] pci_bus 0000:00: 2-byte config write to 0000:00:01.0 offset 0x4 may corrupt adjacent RW1C bits
[    3.690887] pci_bus 0000:00: 2-byte config write to 0000:00:01.0 offset 0x4 may corrupt adjacent RW1C bits
[    3.700544] pci 0000:00:01.0: enabling Extended Tags
[    3.705510] pci_bus 0000:00: 2-byte config write to 0000:00:01.0 offset 0x88 may corrupt adjacent RW1C bits
[    3.715263] pci_bus 0000:00: 2-byte config write to 0000:00:01.0 offset 0x52 may corrupt adjacent RW1C bits
[    3.725011] pci 0000:00:01.0: PME# supported from D0 D1 D2 D3hot D3cold
[    3.731613] pci_bus 0000:00: 2-byte config write to 0000:00:01.0 offset 0x4c may corrupt adjacent RW1C bits
[    3.741476] pci_bus 0000:00: 2-byte config write to 0000:00:01.0 offset 0x3e may corrupt adjacent RW1C bits
[    3.751214] pci_bus 0000:00: 2-byte config write to 0000:00:01.0 offset 0x4 may corrupt adjacent RW1C bits
[    3.760861] pci_bus 0000:00: 1-byte config write to 0000:00:01.0 offset 0xc may corrupt adjacent RW1C bits
[    3.770504] PCI: bus0: Fast back to back transfers disabled
[    3.776077] pci 0000:00:01.0: bridge configuration invalid ([bus 00-00]), reconfiguring
[    3.784077] pci_bus 0000:00: 2-byte config write to 0000:00:01.0 offset 0x3e may corrupt adjacent RW1C bits
[    3.793811] pci_bus 0000:00: 2-byte config write to 0000:00:01.0 offset 0x3e may corrupt adjacent RW1C bits
[    3.803630] pci 0000:01:00.0: [10ec:8168] type 00 class 0x020000
[    3.809648] pci 0000:01:00.0: reg 0x10: [io  0x0000-0x00ff]
[    3.815236] pci 0000:01:00.0: reg 0x18: [mem 0x00000000-0x00000fff 64bit pref]
[    3.822453] pci 0000:01:00.0: reg 0x20: [mem 0x00000000-0x00003fff 64bit pref]
[    3.829742] pci 0000:01:00.0: supports D1 D2
[    3.834013] pci 0000:01:00.0: PME# supported from D0 D1 D2 D3hot D3cold
[    3.863642] PCI: bus1: Fast back to back transfers disabled
[    3.869205] pci_bus 0000:01: busn_res: [bus 01-ff] end is updated to 01
[    3.875842] pci 0000:00:01.0: BAR 9: assigned [mem 0x28000000-0x280fffff 64bit pref]
[    3.883570] pci 0000:00:01.0: BAR 7: assigned [io  0x1000-0x1fff]
[    3.889667] pci 0000:01:00.0: BAR 4: assigned [mem 0x28000000-0x28003fff 64bit pref]
[    3.897418] pci 0000:01:00.0: BAR 2: assigned [mem 0x28004000-0x28004fff 64bit pref]
[    3.905169] pci 0000:01:00.0: BAR 0: assigned [io  0x1000-0x10ff]
[    3.911252] pci 0000:00:01.0: PCI bridge to [bus 01]
[    3.916216] pci 0000:00:01.0:   bridge window [io  0x1000-0x1fff]
[    3.922298] pci 0000:00:01.0:   bridge window [mem 0x28000000-0x280fffff 64bit pref]
[    3.930056] pci 0000:00:01.0: nv_msi_ht_cap_quirk didn't locate host bridge
[    3.937127] pcieport 0000:00:01.0: enabling device (0140 -> 0143)
[    3.943408] pcieport 0000:00:01.0: Signaling PME with IRQ 375
[    3.949404] r8169 Gigabit Ethernet driver 2.3LK-NAPI loaded
[    3.955003] r8169 0000:01:00.0: enabling device (0140 -> 0143)
[    3.961708] r8169 0000:01:00.0 eth0: RTL8168evl/8111evl at 0xf0a2a000, 02:04:4b:01:60:a6, XID 0c900800 IRQ 376
[    3.971715] r8169 0000:01:00.0 eth0: jumbo features [frames: 9200 bytes, tx checksumming: ko]
[    3.983586] [drm] Supports vblank timestamp caching Rev 2 (21.10.2013).
[    3.990230] [drm] No driver support for vblank timestamp query.
[    3.996190] [drm] Cannot find any crtc or sizes
[    4.000729] [drm] Initialized tegra 0.0.0 20120330 for drm on minor 0
[    4.010006] tegra-ehci 7d004000.usb: EHCI Host Controller
[    4.015442] tegra-ehci 7d004000.usb: new USB bus registered, assigned bus number 1
[    4.023197] tegra-ehci 7d004000.usb: irq 344, io mem 0x7d004000
[    4.029160] [drm] Cannot find any crtc or sizes
[    4.053621] tegra-ehci 7d004000.usb: USB 2.0 started, EHCI 1.00
[    4.060039] hub 1-0:1.0: USB hub found
[    4.063831] hub 1-0:1.0: 1 port detected
[    4.068949] tegra-ehci 7d008000.usb: EHCI Host Controller
[    4.074376] tegra-ehci 7d008000.usb: new USB bus registered, assigned bus number 2
[    4.082110] tegra-ehci 7d008000.usb: irq 345, io mem 0x7d008000
[    4.113621] tegra-ehci 7d008000.usb: USB 2.0 started, EHCI 1.00
[    4.119931] hub 2-0:1.0: USB hub found
[    4.123713] hub 2-0:1.0: 1 port detected
[    4.131764] tps65910-rtc tps65910-rtc: setting system clock to 2000-01-01 00:00:02 UTC (946684802)
[    4.141311] vdd_sata,avdd_plle: disabling
[    4.145686] usb1_vbus: disabling
[    4.151223] EXT4-fs (mmcblk1p1): mounting ext3 file system using the ext4 subsystem
[    4.205041] EXT4-fs (mmcblk1p1): warning: mounting fs with errors, running e2fsck is recommended
[    4.215280] EXT4-fs (mmcblk1p1): recovery complete
[    4.221255] EXT4-fs (mmcblk1p1): mounted filesystem with ordered data mode. Opts: (null)
[    4.229379] VFS: Mounted root (ext3 filesystem) on device 179:17.
[    4.239662] devtmpfs: mounted
[    4.245215] Freeing unused kernel memory: 2048K
bash: cannot set terminal process group (-1): Inappropriate ioctl for device
bash: no job control in this shell
root@(none):/# [    4.493639] usb 2-1: new high-speed USB device number 2 using tegra-ehci
