Diff for ./tegra30-beaver/tegra30-beaver/tegra_defconfig%tegra30,114_mergeconfig_log.txt
--- /tmp/fooa	2013-12-11 21:37:47.235362517 -0800
+++ /tmp/foob	2013-12-11 21:37:47.239362518 -0800
@@ -22,8 +22,8 @@
 Sending: 
 
 Transfer complete
-yzModem - CRC mode, 4(SOH)/4054(STX)/0(CAN) packets, 3 retries
-## Total Size      = 0x003f5898 = 4151448 Bytes
+yzModem - CRC mode, 6(SOH)/4059(STX)/0(CAN) packets, 3 retries
+## Total Size      = 0x003f6dd8 = 4156888 Bytes
 Tegra30 (Beaver) # loady 0x82000000
 ## Ready for binary (ymodem) download to 0x82000000 at 230400 bps...
 CSending: tegra30-beaver.dtb
@@ -43,7 +43,7 @@
 Booting Linux on physical CPU 0x0
 Initializing cgroup subsys cpu
 Initializing cgroup subsys cpuacct
-Linux version 3.13.0-rc3-next-20131211-28822-g7596ebc (pwalmsley@kaivo) (gcc version 4.7.3 20130328 (prerelease) (crosstool-NG linaro-1.13.1-4.7-2013.04-20130415 - Linaro GCC 2013.04) ) #1 SMP PREEMPT Tue Dec 10 21:24:56 PST 2013
+Linux version 3.13.0-rc3-next-20131212-29201-g2959b1c (pwalmsley@kaivo) (gcc version 4.7.3 20130328 (prerelease) (crosstool-NG linaro-1.13.1-4.7-2013.04-20130415 - Linaro GCC 2013.04) ) #1 SMP PREEMPT Wed Dec 11 21:25:03 PST 2013
 CPU: ARMv7 Processor [412fc099] revision 9 (ARMv7), cr=10c5387d
 CPU: PIPT / VIPT nonaliasing data cache, VIPT aliasing instruction cache
 Machine model: NVIDIA Tegra30 Beaver evaluation board
@@ -51,7 +51,7 @@
 cma: CMA: reserved 16 MiB at ae800000
 Memory policy: Data cache writealloc
 On node 0 totalpages: 524032
-free_area_init_node: node 0, pgdat c07dc0c0, node_mem_map c0834000
+free_area_init_node: node 0, pgdat c07e0140, node_mem_map c0838000
   Normal zone: 1520 pages used for memmap
   Normal zone: 0 pages reserved
   Normal zone: 194560 pages, LIFO batch:31
@@ -62,7 +62,7 @@
 Tegra Revision: A03 SKU: 128 CPU Process: 4 Core Process: 0
 L310 cache controller enabled
 l2x0: 8 ways, CACHE_ID 0x410000c7, AUX_CTRL 0x7e480001, Cache size: 1024 kB
-PERCPU: Embedded 8 pages/cpu @c1847000 s9024 r8192 d15552 u32768
+PERCPU: Embedded 8 pages/cpu @c184b000 s9024 r8192 d15552 u32768
 pcpu-alloc: s9024 r8192 d15552 u32768 alloc=8*4096
 pcpu-alloc: [0] 0 [0] 1 [0] 2 [0] 3 
 Built 1 zonelists in Zone order, mobility grouping on.  Total pages: 522512
@@ -70,7 +70,7 @@
 PID hash table entries: 4096 (order: 2, 16384 bytes)
 Dentry cache hash table entries: 131072 (order: 7, 524288 bytes)
 Inode-cache hash table entries: 65536 (order: 6, 262144 bytes)
-Memory: 2053884K/2096128K available (5648K kernel code, 302K rwdata, 1824K rodata, 240K init, 342K bss, 42244K reserved, 1317888K highmem)
+Memory: 2053868K/2096128K available (5660K kernel code, 302K rwdata, 1824K rodata, 240K init, 342K bss, 42260K reserved, 1317888K highmem)
 Virtual kernel memory layout:
     vector  : 0xffff0000 - 0xffff1000   (   4 kB)
     fixmap  : 0xfff00000 - 0xfffe0000   ( 896 kB)
@@ -78,10 +78,10 @@
     lowmem  : 0xc0000000 - 0xef800000   ( 760 MB)
     pkmap   : 0xbfe00000 - 0xc0000000   (   2 MB)
     modules : 0xbf000000 - 0xbfe00000   (  14 MB)
-      .text : 0xc0008000 - 0xc075442c   (7474 kB)
-      .init : 0xc0755000 - 0xc0791340   ( 241 kB)
-      .data : 0xc0792000 - 0xc07dd820   ( 303 kB)
-       .bss : 0xc07dd82c - 0xc08332fc   ( 343 kB)
+      .text : 0xc0008000 - 0xc07574dc   (7486 kB)
+      .init : 0xc0758000 - 0xc0794340   ( 241 kB)
+      .data : 0xc0796000 - 0xc07e18a0   ( 303 kB)
+       .bss : 0xc07e18ac - 0xc0837380   ( 343 kB)
 Preemptible hierarchical RCU implementation.
 NR_IRQS:16 nr_irqs:16 16
 sched_clock: 32 bits at 1000kHz, resolution 1000ns, wraps every 2147483648000ns
@@ -93,7 +93,7 @@
 Initializing cgroup subsys freezer
 CPU: Testing write buffer coherency: ok
 CPU0: thread -1, cpu 0, socket 0, mpidr 80000000
-Setting up static identity map for 0x8055b1c0 - 0x8055b258
+Setting up static identity map for 0x8055daa0 - 0x8055db38
 CPU1: Booted secondary processor
 CPU1: thread -1, cpu 1, socket 0, mpidr 80000001
 CPU2: Booted secondary processor
@@ -335,19 +335,19 @@
 EXT3-fs (mmcblk0p1): mounted filesystem with writeback data mode
 VFS: Mounted root (ext3 filesystem) on device 179:1.
 devtmpfs: mounted
-Freeing unused kernel memory: 240K (c0755000 - c0791000)
+Freeing unused kernel memory: 240K (c0758000 - c0794000)
  
 INIT: version 2.88 booting
 Using makefile-style concurrent boot in runlevel S.
-Starting the hotplug events dispatcher: udevd[    4.247656] udevd[178]: starting version 175
+Starting the hotplug events dispatcher: udevd[    4.213822] udevd[178]: starting version 175
 [ ok .
 Synthesizing the initial hotplug events...[ ok done.
 Waiting for /dev to be fully populated...[ ok done.
 Activating swap...[ ok done.
 Cleaning up temporary files... /tmp[ ok .
+random: nonblocking pool is initialized
 Activating lvm and md swap...[ ok done.
-Checking file systems...[    6.713301] random: nonblocking pool is initialized
-fsck from util-linux 2.20.1
+Checking file systems...fsck from util-linux 2.20.1
 [ ok done.
 Mounting local filesystems...[ ok done.
 Activating swapfile swap...[ ok done.
Diff for ./tegra30-beaver/tegra30-beaver/tegra_defconfig_log.txt
--- /tmp/fooa	2013-12-11 21:37:47.247362518 -0800
+++ /tmp/foob	2013-12-11 21:37:47.251362522 -0800
@@ -22,15 +22,15 @@
 Sending: 
 
 Transfer complete
-zModem - CRC mode, 3(SOH)/4069(STX)/0(CAN) packets, 3 retries
-## Total Size      = 0x003f9468 = 4166760 Bytes
+xyzModem - CRC mode, 3(SOH)/4077(STX)/0(CAN) packets, 3 retries
+## Total Size      = 0x003fb480 = 4174976 Bytes
 Tegra30 (Beaver) # loady 0x82000000
 ## Ready for binary (ymodem) download to 0x82000000 at 230400 bps...
 CSending: tegra30-beaver.dtb
 Sending: 
 
 Transfer complete
-yzModem - CRC mode, 6(SOH)/20(STX)/0(CAN) packets, 3 retries
+xyzModem - CRC mode, 6(SOH)/20(STX)/0(CAN) packets, 3 retries
 ## Total Size      = 0x000051b8 = 20920 Bytes
 Tegra30 (Beaver) # bootz 0x81000000 - 0x82000000
 ## Flattened Device Tree blob at 82000000
@@ -43,7 +43,7 @@
 Booting Linux on physical CPU 0x0
 Initializing cgroup subsys cpu
 Initializing cgroup subsys cpuacct
-Linux version 3.13.0-rc3-next-20131211-28822-g7596ebc (pwalmsley@tamien) (gcc version 4.7.3 20130328 (prerelease) (crosstool-NG linaro-1.13.1-4.7-2013.04-20130415 - Linaro GCC 2013.04) ) #1 SMP PREEMPT Tue Dec 10 21:18:09 PST 2013
+Linux version 3.13.0-rc3-next-20131212-29201-g2959b1c (pwalmsley@tamien) (gcc version 4.7.3 20130328 (prerelease) (crosstool-NG linaro-1.13.1-4.7-2013.04-20130415 - Linaro GCC 2013.04) ) #1 SMP PREEMPT Wed Dec 11 21:18:06 PST 2013
 CPU: ARMv7 Processor [412fc099] revision 9 (ARMv7), cr=10c5387d
 CPU: PIPT / VIPT nonaliasing data cache, VIPT aliasing instruction cache
 Machine model: NVIDIA Tegra30 Beaver evaluation board
@@ -51,7 +51,7 @@
 cma: CMA: reserved 16 MiB at ae800000
 Memory policy: Data cache writealloc
 On node 0 totalpages: 524032
-free_area_init_node: node 0, pgdat c07ec100, node_mem_map c0844000
+free_area_init_node: node 0, pgdat c07ee1c0, node_mem_map c0846000
   Normal zone: 1520 pages used for memmap
   Normal zone: 0 pages reserved
   Normal zone: 194560 pages, LIFO batch:31
@@ -62,7 +62,7 @@
 Tegra Revision: A03 SKU: 128 CPU Process: 4 Core Process: 0
 L310 cache controller enabled
 l2x0: 8 ways, CACHE_ID 0x410000c7, AUX_CTRL 0x7e480001, Cache size: 1024 kB
-PERCPU: Embedded 8 pages/cpu @c1857000 s9088 r8192 d15488 u32768
+PERCPU: Embedded 8 pages/cpu @c1859000 s9088 r8192 d15488 u32768
 pcpu-alloc: s9088 r8192 d15488 u32768 alloc=8*4096
 pcpu-alloc: [0] 0 [0] 1 [0] 2 [0] 3 
 Built 1 zonelists in Zone order, mobility grouping on.  Total pages: 522512
@@ -70,7 +70,7 @@
 PID hash table entries: 4096 (order: 2, 16384 bytes)
 Dentry cache hash table entries: 131072 (order: 7, 524288 bytes)
 Inode-cache hash table entries: 65536 (order: 6, 262144 bytes)
-Memory: 2053820K/2096128K available (5664K kernel code, 310K rwdata, 1852K rodata, 248K init, 342K bss, 42308K reserved, 1317888K highmem)
+Memory: 2053812K/2096128K available (5672K kernel code, 310K rwdata, 1856K rodata, 248K init, 342K bss, 42316K reserved, 1317888K highmem)
 Virtual kernel memory layout:
     vector  : 0xffff0000 - 0xffff1000   (   4 kB)
     fixmap  : 0xfff00000 - 0xfffe0000   ( 896 kB)
@@ -78,10 +78,10 @@
     lowmem  : 0xc0000000 - 0xef800000   ( 760 MB)
     pkmap   : 0xbfe00000 - 0xc0000000   (   2 MB)
     modules : 0xbf000000 - 0xbfe00000   (  14 MB)
-      .text : 0xc0008000 - 0xc075f644   (7518 kB)
-      .init : 0xc0760000 - 0xc079e380   ( 249 kB)
-      .data : 0xc07a0000 - 0xc07ed860   ( 311 kB)
-       .bss : 0xc07ed86c - 0xc084337c   ( 343 kB)
+      .text : 0xc0008000 - 0xc07626fc   (7530 kB)
+      .init : 0xc0763000 - 0xc07a1380   ( 249 kB)
+      .data : 0xc07a2000 - 0xc07ef920   ( 311 kB)
+       .bss : 0xc07ef92c - 0xc0845440   ( 343 kB)
 Preemptible hierarchical RCU implementation.
 NR_IRQS:16 nr_irqs:16 16
 sched_clock: 32 bits at 1000kHz, resolution 1000ns, wraps every 2147483648000ns
@@ -93,7 +93,7 @@
 Initializing cgroup subsys freezer
 CPU: Testing write buffer coherency: ok
 CPU0: thread -1, cpu 0, socket 0, mpidr 80000000
-Setting up static identity map for 0x8055e440 - 0x8055e4d8
+Setting up static identity map for 0x80560d18 - 0x80560db0
 CPU1: Booted secondary processor
 CPU1: thread -1, cpu 1, socket 0, mpidr 80000001
 CPU2: Booted secondary processor
@@ -326,7 +326,7 @@
 tegra-ehci 7d008000.usb: USB 2.0 started, EHCI 1.00
 hub 1-0:1.0: USB hub found
 hub 1-0:1.0: 1 port detected
-tegra_rtc 7000e000.rtc: setting system clock to 1970-01-01 00:03:36 UTC (216)
+tegra_rtc 7000e000.rtc: setting system clock to 1970-01-01 00:03:37 UTC (217)
 ALSA device list:
   #0: NVIDIA Tegra Beaver
 kjournald starting.  Commit interval 5 seconds
@@ -335,22 +335,22 @@
 EXT3-fs (mmcblk0p1): mounted filesystem with writeback data mode
 VFS: Mounted root (ext3 filesystem) on device 179:1.
 devtmpfs: mounted
-Freeing unused kernel memory: 248K (c0760000 - c079e000)
+Freeing unused kernel memory: 248K (c0763000 - c07a1000)
  
 INIT: version 2.88 booting
 Using makefile-style concurrent boot in runlevel S.
-Starting the hotplug events dispatcher: udevd[    4.180183] udevd[178]: starting version 175
+Starting the hotplug events dispatcher: udevd[    4.184679] udevd[178]: starting version 175
 [ ok .
 Synthesizing the initial hotplug events...[ ok done.
 Waiting for /dev to be fully populated...[ ok done.
 Activating swap...[ ok done.
 Cleaning up temporary files... /tmp[ ok .
 Activating lvm and md swap...[ ok done.
-Checking file systems...[    6.628736] random: nonblocking pool is initialized
-fsck from util-linux 2.20.1
+Checking file systems...fsck from util-linux 2.20.1
 [ ok done.
 Mounting local filesystems...[ ok done.
 Activating swapfile swap...[ ok done.
+random: nonblocking pool is initialized
 Cleaning up temporary files...[ ok .
 Setting kernel variables ...[ ok done.
 Configuring network interfaces...[ ok done.
Diff for ./tegra30-beaver/tegra30-beaver/tegra_defconfig%tegra30_mergeconfig_log.txt
--- /tmp/fooa	2013-12-11 21:37:47.255362528 -0800
+++ /tmp/foob	2013-12-11 21:37:47.259362534 -0800
@@ -22,8 +22,8 @@
 Sending: 
 
 Transfer complete
-yzModem - CRC mode, 8(SOH)/4045(STX)/0(CAN) packets, 3 retries
-## Total Size      = 0x003f36d8 = 4142808 Bytes
+yzModem - CRC mode, 5(SOH)/4050(STX)/0(CAN) packets, 3 retries
+## Total Size      = 0x003f4968 = 4147560 Bytes
 Tegra30 (Beaver) # loady 0x82000000
 ## Ready for binary (ymodem) download to 0x82000000 at 230400 bps...
 CSending: tegra30-beaver.dtb
@@ -43,7 +43,7 @@
 Booting Linux on physical CPU 0x0
 Initializing cgroup subsys cpu
 Initializing cgroup subsys cpuacct
-Linux version 3.13.0-rc3-next-20131211-28822-g7596ebc (pwalmsley@tamien) (gcc version 4.7.3 20130328 (prerelease) (crosstool-NG linaro-1.13.1-4.7-2013.04-20130415 - Linaro GCC 2013.04) ) #1 SMP PREEMPT Tue Dec 10 21:20:50 PST 2013
+Linux version 3.13.0-rc3-next-20131212-29201-g2959b1c (pwalmsley@tamien) (gcc version 4.7.3 20130328 (prerelease) (crosstool-NG linaro-1.13.1-4.7-2013.04-20130415 - Linaro GCC 2013.04) ) #1 SMP PREEMPT Wed Dec 11 21:20:47 PST 2013
 CPU: ARMv7 Processor [412fc099] revision 9 (ARMv7), cr=10c5387d
 CPU: PIPT / VIPT nonaliasing data cache, VIPT aliasing instruction cache
 Machine model: NVIDIA Tegra30 Beaver evaluation board
@@ -51,7 +51,7 @@
 cma: CMA: reserved 16 MiB at ae800000
 Memory policy: Data cache writealloc
 On node 0 totalpages: 524032
-free_area_init_node: node 0, pgdat c07d34c0, node_mem_map c082b000
+free_area_init_node: node 0, pgdat c07d7540, node_mem_map c082f000
   Normal zone: 1520 pages used for memmap
   Normal zone: 0 pages reserved
   Normal zone: 194560 pages, LIFO batch:31
@@ -62,7 +62,7 @@
 Tegra Revision: A03 SKU: 128 CPU Process: 4 Core Process: 0
 L310 cache controller enabled
 l2x0: 8 ways, CACHE_ID 0x410000c7, AUX_CTRL 0x7e480001, Cache size: 1024 kB
-PERCPU: Embedded 8 pages/cpu @c183e000 s9024 r8192 d15552 u32768
+PERCPU: Embedded 8 pages/cpu @c1842000 s9024 r8192 d15552 u32768
 pcpu-alloc: s9024 r8192 d15552 u32768 alloc=8*4096
 pcpu-alloc: [0] 0 [0] 1 [0] 2 [0] 3 
 Built 1 zonelists in Zone order, mobility grouping on.  Total pages: 522512
@@ -70,7 +70,7 @@
 PID hash table entries: 4096 (order: 2, 16384 bytes)
 Dentry cache hash table entries: 131072 (order: 7, 524288 bytes)
 Inode-cache hash table entries: 65536 (order: 6, 262144 bytes)
-Memory: 2053920K/2096128K available (5647K kernel code, 299K rwdata, 1796K rodata, 236K init, 342K bss, 42208K reserved, 1317888K highmem)
+Memory: 2053904K/2096128K available (5660K kernel code, 299K rwdata, 1796K rodata, 236K init, 342K bss, 42224K reserved, 1317888K highmem)
 Virtual kernel memory layout:
     vector  : 0xffff0000 - 0xffff1000   (   4 kB)
     fixmap  : 0xfff00000 - 0xfffe0000   ( 896 kB)
@@ -78,10 +78,10 @@
     lowmem  : 0xc0000000 - 0xef800000   ( 760 MB)
     pkmap   : 0xbfe00000 - 0xc0000000   (   2 MB)
     modules : 0xbf000000 - 0xbfe00000   (  14 MB)
-      .text : 0xc0008000 - 0xc074d39c   (7445 kB)
-      .init : 0xc074e000 - 0xc0789340   ( 237 kB)
-      .data : 0xc078a000 - 0xc07d4c20   ( 300 kB)
-       .bss : 0xc07d4c2c - 0xc082a6bc   ( 343 kB)
+      .text : 0xc0008000 - 0xc075044c   (7458 kB)
+      .init : 0xc0751000 - 0xc078c340   ( 237 kB)
+      .data : 0xc078e000 - 0xc07d8ca0   ( 300 kB)
+       .bss : 0xc07d8cac - 0xc082e740   ( 343 kB)
 Preemptible hierarchical RCU implementation.
 NR_IRQS:16 nr_irqs:16 16
 sched_clock: 32 bits at 1000kHz, resolution 1000ns, wraps every 2147483648000ns
@@ -93,7 +93,7 @@
 Initializing cgroup subsys freezer
 CPU: Testing write buffer coherency: ok
 CPU0: thread -1, cpu 0, socket 0, mpidr 80000000
-Setting up static identity map for 0x8055ac48 - 0x8055ace0
+Setting up static identity map for 0x8055d520 - 0x8055d5b8
 CPU1: Booted secondary processor
 CPU1: thread -1, cpu 1, socket 0, mpidr 80000001
 CPU2: Booted secondary processor
@@ -326,7 +326,7 @@
 tegra-ehci 7d008000.usb: USB 2.0 started, EHCI 1.00
 hub 1-0:1.0: USB hub found
 hub 1-0:1.0: 1 port detected
-tegra_rtc 7000e000.rtc: setting system clock to 1970-01-01 00:03:35 UTC (215)
+tegra_rtc 7000e000.rtc: setting system clock to 1970-01-01 00:03:36 UTC (216)
 ALSA device list:
   #0: NVIDIA Tegra Beaver
 kjournald starting.  Commit interval 5 seconds
@@ -335,11 +335,11 @@
 EXT3-fs (mmcblk0p1): mounted filesystem with writeback data mode
 VFS: Mounted root (ext3 filesystem) on device 179:1.
 devtmpfs: mounted
-Freeing unused kernel memory: 236K (c074e000 - c0789000)
+Freeing unused kernel memory: 236K (c0751000 - c078c000)
  
 INIT: version 2.88 booting
 Using makefile-style concurrent boot in runlevel S.
-Starting the hotplug events dispatcher: udevd[    4.243032] udevd[178]: starting version 175
+Starting the hotplug events dispatcher: udevd[    4.252322] udevd[178]: starting version 175
 [ ok .
 Synthesizing the initial hotplug events...[ ok done.
 Waiting for /dev to be fully populated...[ ok done.
Diff for ./tegra30-beaver/tegra30-beaver/multi_v7_defconfig_log.txt
--- /tmp/fooa	2013-12-11 21:37:47.263362538 -0800
+++ /tmp/foob	2013-12-11 21:37:47.267362542 -0800
@@ -22,15 +22,15 @@
 Sending: 
 
 Transfer complete
-yzModem - CRC mode, 9(SOH)/3585(STX)/0(CAN) packets, 3 retries
-## Total Size      = 0x00380748 = 3671880 Bytes
+yzModem - CRC mode, 3(SOH)/3586(STX)/0(CAN) packets, 3 retries
+## Total Size      = 0x00380870 = 3672176 Bytes
 Tegra30 (Beaver) # loady 0x82000000
 ## Ready for binary (ymodem) download to 0x82000000 at 230400 bps...
 CSending: tegra30-beaver.dtb
 Sending: 
 
 Transfer complete
-xyzModem - CRC mode, 6(SOH)/20(STX)/0(CAN) packets, 3 retries
+yzModem - CRC mode, 6(SOH)/20(STX)/0(CAN) packets, 3 retries
 ## Total Size      = 0x000051b8 = 20920 Bytes
 Tegra30 (Beaver) # bootz 0x81000000 - 0x82000000
 ## Flattened Device Tree blob at 82000000
@@ -40,14 +40,14 @@
 Starting kernel ...
 
 Booting Linux on physical CPU 0x0
-Linux version 3.13.0-rc3-next-20131211-28822-g7596ebc (pwalmsley@kaivo) (gcc version 4.7.3 20130328 (prerelease) (crosstool-NG linaro-1.13.1-4.7-2013.04-20130415 - Linaro GCC 2013.04) ) #1 SMP Tue Dec 10 21:17:06 PST 2013
+Linux version 3.13.0-rc3-next-20131212-29201-g2959b1c (pwalmsley@kaivo) (gcc version 4.7.3 20130328 (prerelease) (crosstool-NG linaro-1.13.1-4.7-2013.04-20130415 - Linaro GCC 2013.04) ) #1 SMP Wed Dec 11 21:17:05 PST 2013
 CPU: ARMv7 Processor [412fc099] revision 9 (ARMv7), cr=10c5387d
 CPU: PIPT / VIPT nonaliasing data cache, VIPT aliasing instruction cache
 Machine model: NVIDIA Tegra30 Beaver evaluation board
 debug: ignoring loglevel setting.
 Memory policy: Data cache writealloc
 On node 0 totalpages: 524032
-free_area_init_node: node 0, pgdat c0754000, node_mem_map c079c000
+free_area_init_node: node 0, pgdat c0754080, node_mem_map c079c000
   DMA zone: 1520 pages used for memmap
   DMA zone: 0 pages reserved
   DMA zone: 194560 pages, LIFO batch:31
@@ -73,10 +73,10 @@
     vmalloc : 0xf0000000 - 0xff000000   ( 240 MB)
     lowmem  : 0xc0000000 - 0xef800000   ( 760 MB)
     pkmap   : 0xbfe00000 - 0xc0000000   (   2 MB)
-      .text : 0xc0008000 - 0xc064cb90   (6419 kB)
+      .text : 0xc0008000 - 0xc064cba8   (6419 kB)
       .init : 0xc064d000 - 0xc06c0b40   ( 463 kB)
-      .data : 0xc06c2000 - 0xc0754e00   ( 588 kB)
-       .bss : 0xc0754e08 - 0xc079b3d4   ( 282 kB)
+      .data : 0xc06c2000 - 0xc0754e80   ( 588 kB)
+       .bss : 0xc0754e88 - 0xc079b454   ( 282 kB)
 SLUB: HWalign=64, Order=0-3, MinObjects=0, CPUs=4, Nodes=1
 Hierarchical RCU implementation.
 NR_IRQS:16 nr_irqs:16 16
@@ -87,7 +87,7 @@
 Mount-cache hash table entries: 512
 CPU: Testing write buffer coherency: ok
 CPU0: thread -1, cpu 0, socket 0, mpidr 80000000
-Setting up static identity map for 0x804b74e0 - 0x804b7578
+Setting up static identity map for 0x804b7698 - 0x804b7730
 unable to find compatible sirf rstc node in dtb
 CPU1: Booted secondary processor
 CPU1: thread -1, cpu 1, socket 0, mpidr 80000001
@@ -253,7 +253,7 @@
  
 INIT: version 2.88 booting
 Using makefile-style concurrent boot in runlevel S.
-Starting the hotplug events dispatcher: udevd[    2.118972] udevd[158]: starting version 175
+Starting the hotplug events dispatcher: udevd[    2.148998] udevd[158]: starting version 175
 [ ok .
 Synthesizing the initial hotplug events...[ ok done.
 Waiting for /dev to be fully populated...[ ok done.
@@ -265,10 +265,11 @@
 [ ok done.
 Mounting local filesystems...[ ok done.
 Activating swapfile swap...[ ok done.
-random: nonblocking pool is initialized
 Cleaning up temporary files...[ ok .
 Setting kernel variables ...[ ok done.
-Configuring network interfaces...[ ok done.
+random: dd urandom read with 128 bits of entropy available
+Configuring network interfaces...[    4.807254] random: nonblocking pool is initialized
+[ ok done.
 Starting rpcbind daemon...[ ok .
 Starting NFS common utilities: statd idmapd[ ok .
 Cleaning up temporary files...[ ok .
Diff for ./tegra30-beaver/tegra30-beaver/tegra_defconfig%tegra20,30_mergeconfig_log.txt
--- /tmp/fooa	2013-12-11 21:37:47.275362546 -0800
+++ /tmp/foob	2013-12-11 21:37:47.279362547 -0800
@@ -22,8 +22,8 @@
 Sending: 
 
 Transfer complete
-yzModem - CRC mode, 8(SOH)/4061(STX)/0(CAN) packets, 3 retries
-## Total Size      = 0x003f7700 = 4159232 Bytes
+yzModem - CRC mode, 2(SOH)/4068(STX)/0(CAN) packets, 3 retries
+## Total Size      = 0x003f8ff8 = 4165624 Bytes
 Tegra30 (Beaver) # loady 0x82000000
 ## Ready for binary (ymodem) download to 0x82000000 at 230400 bps...
 CSending: tegra30-beaver.dtb
@@ -43,7 +43,7 @@
 Booting Linux on physical CPU 0x0
 Initializing cgroup subsys cpu
 Initializing cgroup subsys cpuacct
-Linux version 3.13.0-rc3-next-20131211-28822-g7596ebc (pwalmsley@kaivo) (gcc version 4.7.3 20130328 (prerelease) (crosstool-NG linaro-1.13.1-4.7-2013.04-20130415 - Linaro GCC 2013.04) ) #1 SMP PREEMPT Tue Dec 10 21:23:00 PST 2013
+Linux version 3.13.0-rc3-next-20131212-29201-g2959b1c (pwalmsley@kaivo) (gcc version 4.7.3 20130328 (prerelease) (crosstool-NG linaro-1.13.1-4.7-2013.04-20130415 - Linaro GCC 2013.04) ) #1 SMP PREEMPT Wed Dec 11 21:23:09 PST 2013
 CPU: ARMv7 Processor [412fc099] revision 9 (ARMv7), cr=10c5387d
 CPU: PIPT / VIPT nonaliasing data cache, VIPT aliasing instruction cache
 Machine model: NVIDIA Tegra30 Beaver evaluation board
@@ -51,7 +51,7 @@
 cma: CMA: reserved 16 MiB at ae800000
 Memory policy: Data cache writealloc
 On node 0 totalpages: 524032
-free_area_init_node: node 0, pgdat c07e1500, node_mem_map c0839000
+free_area_init_node: node 0, pgdat c07e55c0, node_mem_map c083d000
   Normal zone: 1520 pages used for memmap
   Normal zone: 0 pages reserved
   Normal zone: 194560 pages, LIFO batch:31
@@ -62,7 +62,7 @@
 Tegra Revision: A03 SKU: 128 CPU Process: 4 Core Process: 0
 L310 cache controller enabled
 l2x0: 8 ways, CACHE_ID 0x410000c7, AUX_CTRL 0x7e480001, Cache size: 1024 kB
-PERCPU: Embedded 8 pages/cpu @c184c000 s9088 r8192 d15488 u32768
+PERCPU: Embedded 8 pages/cpu @c1850000 s9088 r8192 d15488 u32768
 pcpu-alloc: s9088 r8192 d15488 u32768 alloc=8*4096
 pcpu-alloc: [0] 0 [0] 1 [0] 2 [0] 3 
 Built 1 zonelists in Zone order, mobility grouping on.  Total pages: 522512
@@ -70,7 +70,7 @@
 PID hash table entries: 4096 (order: 2, 16384 bytes)
 Dentry cache hash table entries: 131072 (order: 7, 524288 bytes)
 Inode-cache hash table entries: 65536 (order: 6, 262144 bytes)
-Memory: 2053864K/2096128K available (5660K kernel code, 307K rwdata, 1824K rodata, 240K init, 342K bss, 42264K reserved, 1317888K highmem)
+Memory: 2053848K/2096128K available (5672K kernel code, 307K rwdata, 1828K rodata, 240K init, 342K bss, 42280K reserved, 1317888K highmem)
 Virtual kernel memory layout:
     vector  : 0xffff0000 - 0xffff1000   (   4 kB)
     fixmap  : 0xfff00000 - 0xfffe0000   ( 896 kB)
@@ -78,10 +78,10 @@
     lowmem  : 0xc0000000 - 0xef800000   ( 760 MB)
     pkmap   : 0xbfe00000 - 0xc0000000   (   2 MB)
     modules : 0xbf000000 - 0xbfe00000   (  14 MB)
-      .text : 0xc0008000 - 0xc07575bc   (7486 kB)
-      .init : 0xc0758000 - 0xc0794380   ( 241 kB)
-      .data : 0xc0796000 - 0xc07e2c60   ( 308 kB)
-       .bss : 0xc07e2c6c - 0xc083873c   ( 343 kB)
+      .text : 0xc0008000 - 0xc075b674   (7502 kB)
+      .init : 0xc075c000 - 0xc0798380   ( 241 kB)
+      .data : 0xc079a000 - 0xc07e6d20   ( 308 kB)
+       .bss : 0xc07e6d2c - 0xc083c800   ( 343 kB)
 Preemptible hierarchical RCU implementation.
 NR_IRQS:16 nr_irqs:16 16
 sched_clock: 32 bits at 1000kHz, resolution 1000ns, wraps every 2147483648000ns
@@ -93,7 +93,7 @@
 Initializing cgroup subsys freezer
 CPU: Testing write buffer coherency: ok
 CPU0: thread -1, cpu 0, socket 0, mpidr 80000000
-Setting up static identity map for 0x8055dec0 - 0x8055df58
+Setting up static identity map for 0x80560798 - 0x80560830
 CPU1: Booted secondary processor
 CPU1: thread -1, cpu 1, socket 0, mpidr 80000001
 CPU2: Booted secondary processor
@@ -335,19 +335,19 @@
 EXT3-fs (mmcblk0p1): mounted filesystem with writeback data mode
 VFS: Mounted root (ext3 filesystem) on device 179:1.
 devtmpfs: mounted
-Freeing unused kernel memory: 240K (c0758000 - c0794000)
+Freeing unused kernel memory: 240K (c075c000 - c0798000)
  
 INIT: version 2.88 booting
 Using makefile-style concurrent boot in runlevel S.
-Starting the hotplug events dispatcher: udevd[    4.229286] udevd[178]: starting version 175
+Starting the hotplug events dispatcher: udevd[    4.244519] udevd[178]: starting version 175
 [ ok .
 Synthesizing the initial hotplug events...[ ok done.
 Waiting for /dev to be fully populated...[ ok done.
 Activating swap...[ ok done.
 Cleaning up temporary files... /tmp[ ok .
+random: nonblocking pool is initialized
 Activating lvm and md swap...[ ok done.
-Checking file systems...[    6.739274] random: nonblocking pool is initialized
-fsck from util-linux 2.20.1
+Checking file systems...fsck from util-linux 2.20.1
 [ ok done.
 Mounting local filesystems...[ ok done.
 Activating swapfile swap...[ ok done.
@@ -363,8 +363,8 @@
 Using makefile-style concurrent boot in runlevel 2.
 Starting network benchmark server[FAIL failed!
 Starting rpcbind daemon...[....] Already running.[ ok .
-Starting NFS common utilities: statd idmapd[FAIL failed!
 Starting system message bus: dbus[ ok .
+Starting NFS common utilities: statd idmapd[FAIL failed!
 startpar: service(s) returned failure: nfs-common ...[FAIL failed!
 
 Debian GNU/Linux wheezy/sid armel ttyS0
Diff for ./tegra114-dalmore-headless/tegra114-dalmore/tegra_defconfig%tegra30,114_mergeconfig_log.txt
--- /tmp/fooa	2013-12-11 21:37:47.283362550 -0800
+++ /tmp/foob	2013-12-11 21:37:47.287362554 -0800
@@ -30,13 +30,13 @@
 Load address: 0x81000000
 Loading: *#################################################  2.8 MiB/s
 done
-Bytes transferred = 4151448 (3f5898 hex)
+Bytes transferred = 4156888 (3f6dd8 hex)
 Dalmore #tftpboot 0x82000000 tegra114-dalmore.dtb
 Using asx0 device
 TFTP from server 192.168.100.1; our IP address is 192.168.100.100
 Filename 'tegra114-dalmore.dtb'.
 Load address: 0x82000000
-Loading: *#################################################  2.3 MiB/s
+Loading: *#################################################  2.6 MiB/s
 done
 Bytes transferred = 29436 (72fc hex)
 Dalmore #bootz 0x81000000 - 0x82000000
@@ -49,16 +49,16 @@
 Timer summary in microseconds:
        Mark    Elapsed  Stage
           0          0  awake
-  3,056,539  3,056,539  usb_start
-  7,061,668  4,005,129  eth_start
-  7,061,665         -3  tftp start
- 10,917,662  3,855,997  tftp done
- 13,071,656  2,153,994  start_kernel
+  3,010,255  3,010,255  usb_start
+  7,017,631  4,007,376  eth_start
+  7,017,629         -2  tftp start
+ 10,874,626  3,856,997  tftp done
+ 13,025,388  2,150,762  start_kernel
 Uncompressing Linux... done, booting the kernel.
 Booting Linux on physical CPU 0x0
 Initializing cgroup subsys cpu
 Initializing cgroup subsys cpuacct
-Linux version 3.13.0-rc3-next-20131211-28822-g7596ebc (pwalmsley@kaivo) (gcc version 4.7.3 20130328 (prerelease) (crosstool-NG linaro-1.13.1-4.7-2013.04-20130415 - Linaro GCC 2013.04) ) #1 SMP PREEMPT Tue Dec 10 21:24:56 PST 2013
+Linux version 3.13.0-rc3-next-20131212-29201-g2959b1c (pwalmsley@kaivo) (gcc version 4.7.3 20130328 (prerelease) (crosstool-NG linaro-1.13.1-4.7-2013.04-20130415 - Linaro GCC 2013.04) ) #1 SMP PREEMPT Wed Dec 11 21:25:03 PST 2013
 CPU: ARMv7 Processor [412fc0f2] revision 2 (ARMv7), cr=10c5387d
 CPU: PIPT / VIPT nonaliasing data cache, PIPT instruction cache
 Machine model: NVIDIA Tegra114 Dalmore evaluation board
@@ -66,14 +66,14 @@
 cma: CMA: reserved 16 MiB at ae800000
 Memory policy: Data cache writealloc
 On node 0 totalpages: 524032
-free_area_init_node: node 0, pgdat c07dc0c0, node_mem_map c0834000
+free_area_init_node: node 0, pgdat c07e0140, node_mem_map c0838000
   Normal zone: 1520 pages used for memmap
   Normal zone: 0 pages reserved
   Normal zone: 194560 pages, LIFO batch:31
   HighMem zone: 2574 pages used for memmap
   HighMem zone: 329472 pages, LIFO batch:31
 Tegra Revision: A01 SKU: 0 CPU Process: 1 Core Process: 1
-PERCPU: Embedded 8 pages/cpu @c184c000 s9024 r8192 d15552 u32768
+PERCPU: Embedded 8 pages/cpu @c1850000 s9024 r8192 d15552 u32768
 pcpu-alloc: s9024 r8192 d15552 u32768 alloc=8*4096
 pcpu-alloc: [0] 0 [0] 1 [0] 2 [0] 3 
 Built 1 zonelists in Zone order, mobility grouping on.  Total pages: 522512
@@ -81,7 +81,7 @@
 PID hash table entries: 4096 (order: 2, 16384 bytes)
 Dentry cache hash table entries: 131072 (order: 7, 524288 bytes)
 Inode-cache hash table entries: 65536 (order: 6, 262144 bytes)
-Memory: 2053856K/2096128K available (5648K kernel code, 302K rwdata, 1824K rodata, 240K init, 342K bss, 42272K reserved, 1317888K highmem)
+Memory: 2053840K/2096128K available (5660K kernel code, 302K rwdata, 1824K rodata, 240K init, 342K bss, 42288K reserved, 1317888K highmem)
 Virtual kernel memory layout:
     vector  : 0xffff0000 - 0xffff1000   (   4 kB)
     fixmap  : 0xfff00000 - 0xfffe0000   ( 896 kB)
@@ -89,10 +89,10 @@
     lowmem  : 0xc0000000 - 0xef800000   ( 760 MB)
     pkmap   : 0xbfe00000 - 0xc0000000   (   2 MB)
     modules : 0xbf000000 - 0xbfe00000   (  14 MB)
-      .text : 0xc0008000 - 0xc075442c   (7474 kB)
-      .init : 0xc0755000 - 0xc0791340   ( 241 kB)
-      .data : 0xc0792000 - 0xc07dd820   ( 303 kB)
-       .bss : 0xc07dd82c - 0xc08332fc   ( 343 kB)
+      .text : 0xc0008000 - 0xc07574dc   (7486 kB)
+      .init : 0xc0758000 - 0xc0794340   ( 241 kB)
+      .data : 0xc0796000 - 0xc07e18a0   ( 303 kB)
+       .bss : 0xc07e18ac - 0xc0837380   ( 343 kB)
 Preemptible hierarchical RCU implementation.
 NR_IRQS:16 nr_irqs:16 16
 sched_clock: 32 bits at 1000kHz, resolution 1000ns, wraps every 2147483648000ns
@@ -111,7 +111,7 @@
 /cpus/cpu@2 missing clock-frequency property
 /cpus/cpu@3 missing clock-frequency property
 CPU0: thread -1, cpu 0, socket 0, mpidr 80000000
-Setting up static identity map for 0x8055b1c0 - 0x8055b258
+Setting up static identity map for 0x8055daa0 - 0x8055db38
 CPU1: Booted secondary processor
 CPU1: thread -1, cpu 1, socket 0, mpidr 80000001
 CPU2: Booted secondary processor
@@ -357,7 +357,7 @@
 hub 1-0:1.0: USB hub found
 hub 1-0:1.0: 1 port detected
 input: gpio-keys.2 as /devices/soc0/gpio-keys.2/input/input1
-palmas-rtc rtc.7: setting system clock to 2000-03-06 07:50:51 UTC (952329051)
+palmas-rtc rtc.7: setting system clock to 2000-03-07 07:51:00 UTC (952415460)
 ALSA device list:
   #0: NVIDIA Tegra Dalmore
 kjournald starting.  Commit interval 5 seconds
@@ -366,7 +366,7 @@
 EXT3-fs (mmcblk0p1): mounted filesystem with writeback data mode
 VFS: Mounted root (ext3 filesystem) on device 179:1.
 devtmpfs: mounted
-Freeing unused kernel memory: 240K (c0755000 - c0791000)
+Freeing unused kernel memory: 240K (c0758000 - c0794000)
 bash: cannot set terminal process group (-1): Inappropriate ioctl for device
 bash: no job control in this shell
-I have no name!@(none):/# [    2.910280] usb 1-1: new high-speed USB device number 2 using tegra-ehci
+I have no name!@(none):/# [    2.910370] usb 1-1: new high-speed USB device number 2 using tegra-ehci
Diff for ./tegra114-dalmore-headless/tegra114-dalmore/tegra_defconfig%tegra20,114_mergeconfig_log.txt
--- /tmp/fooa	2013-12-11 21:37:47.295362563 -0800
+++ /tmp/foob	2013-12-11 21:37:47.295362563 -0800
@@ -30,7 +30,7 @@
 Load address: 0x81000000
 Loading: *#################################################  2.8 MiB/s
 done
-Bytes transferred = 4151040 (3f5700 hex)
+Bytes transferred = 4155744 (3f6960 hex)
 Dalmore #tftpboot 0x82000000 tegra114-dalmore.dtb
 Using asx0 device
 TFTP from server 192.168.100.1; our IP address is 192.168.100.100
@@ -49,16 +49,16 @@
 Timer summary in microseconds:
        Mark    Elapsed  Stage
           0          0  awake
-  2,232,005  2,232,005  usb_start
-  6,237,325  4,005,320  eth_start
-  6,237,322         -3  tftp start
- 10,143,250  3,905,928  tftp done
- 12,250,767  2,107,517  start_kernel
+  2,132,621  2,132,621  usb_start
+  6,137,873  4,005,252  eth_start
+  6,137,870         -3  tftp start
+ 10,046,496  3,908,626  tftp done
+ 12,147,859  2,101,363  start_kernel
 Uncompressing Linux... done, booting the kernel.
 Booting Linux on physical CPU 0x0
 Initializing cgroup subsys cpu
 Initializing cgroup subsys cpuacct
-Linux version 3.13.0-rc3-next-20131211-28822-g7596ebc (pwalmsley@tamien) (gcc version 4.7.3 20130328 (prerelease) (crosstool-NG linaro-1.13.1-4.7-2013.04-20130415 - Linaro GCC 2013.04) ) #1 SMP PREEMPT Tue Dec 10 21:23:33 PST 2013
+Linux version 3.13.0-rc3-next-20131212-29201-g2959b1c (pwalmsley@tamien) (gcc version 4.7.3 20130328 (prerelease) (crosstool-NG linaro-1.13.1-4.7-2013.04-20130415 - Linaro GCC 2013.04) ) #1 SMP PREEMPT Wed Dec 11 21:23:27 PST 2013
 CPU: ARMv7 Processor [412fc0f2] revision 2 (ARMv7), cr=10c5387d
 CPU: PIPT / VIPT nonaliasing data cache, PIPT instruction cache
 Machine model: NVIDIA Tegra114 Dalmore evaluation board
@@ -66,14 +66,14 @@
 cma: CMA: reserved 16 MiB at ae800000
 Memory policy: Data cache writealloc
 On node 0 totalpages: 524032
-free_area_init_node: node 0, pgdat c07da700, node_mem_map c0832000
+free_area_init_node: node 0, pgdat c07dc7c0, node_mem_map c0834000
   Normal zone: 1520 pages used for memmap
   Normal zone: 0 pages reserved
   Normal zone: 194560 pages, LIFO batch:31
   HighMem zone: 2574 pages used for memmap
   HighMem zone: 329472 pages, LIFO batch:31
 Tegra Revision: A01 SKU: 0 CPU Process: 1 Core Process: 1
-PERCPU: Embedded 8 pages/cpu @c184a000 s9088 r8192 d15488 u32768
+PERCPU: Embedded 8 pages/cpu @c184c000 s9088 r8192 d15488 u32768
 pcpu-alloc: s9088 r8192 d15488 u32768 alloc=8*4096
 pcpu-alloc: [0] 0 [0] 1 [0] 2 [0] 3 
 Built 1 zonelists in Zone order, mobility grouping on.  Total pages: 522512
@@ -81,7 +81,7 @@
 PID hash table entries: 4096 (order: 2, 16384 bytes)
 Dentry cache hash table entries: 131072 (order: 7, 524288 bytes)
 Inode-cache hash table entries: 65536 (order: 6, 262144 bytes)
-Memory: 2053864K/2096128K available (5652K kernel code, 303K rwdata, 1808K rodata, 240K init, 342K bss, 42264K reserved, 1317888K highmem)
+Memory: 2053856K/2096128K available (5664K kernel code, 303K rwdata, 1808K rodata, 240K init, 342K bss, 42272K reserved, 1317888K highmem)
 Virtual kernel memory layout:
     vector  : 0xffff0000 - 0xffff1000   (   4 kB)
     fixmap  : 0xfff00000 - 0xfffe0000   ( 896 kB)
@@ -89,10 +89,10 @@
     lowmem  : 0xc0000000 - 0xef800000   ( 760 MB)
     pkmap   : 0xbfe00000 - 0xc0000000   (   2 MB)
     modules : 0xbf000000 - 0xbfe00000   (  14 MB)
-      .text : 0xc0008000 - 0xc07514d8   (7462 kB)
-      .init : 0xc0752000 - 0xc078e380   ( 241 kB)
-      .data : 0xc0790000 - 0xc07dbe60   ( 304 kB)
-       .bss : 0xc07dbe6c - 0xc083193c   ( 343 kB)
+      .text : 0xc0008000 - 0xc0754590   (7474 kB)
+      .init : 0xc0755000 - 0xc0791380   ( 241 kB)
+      .data : 0xc0792000 - 0xc07ddf20   ( 304 kB)
+       .bss : 0xc07ddf2c - 0xc0833a00   ( 343 kB)
 Preemptible hierarchical RCU implementation.
 NR_IRQS:16 nr_irqs:16 16
 sched_clock: 32 bits at 1000kHz, resolution 1000ns, wraps every 2147483648000ns
@@ -111,7 +111,7 @@
 /cpus/cpu@2 missing clock-frequency property
 /cpus/cpu@3 missing clock-frequency property
 CPU0: thread -1, cpu 0, socket 0, mpidr 80000000
-Setting up static identity map for 0x8055ba78 - 0x8055bb10
+Setting up static identity map for 0x8055e358 - 0x8055e3f0
 CPU1: Booted secondary processor
 CPU1: thread -1, cpu 1, socket 0, mpidr 80000001
 CPU2: Booted secondary processor
@@ -365,9 +365,9 @@
 platform sound.4: Driver tegra-snd-rt5640 requests probe deferral
 input: gpio-keys.2 as /devices/soc0/gpio-keys.2/input/input0
 tegra-snd-rt5640 sound.4: ASoC: CPU DAI (null) not registered
+palmas-rtc rtc.7: setting system clock to 2000-03-07 07:49:27 UTC (952415367)
 tegra-snd-rt5640 sound.4: snd_soc_register_card failed (-517)
 platform sound.4: Driver tegra-snd-rt5640 requests probe deferral
-palmas-rtc rtc.7: setting system clock to 2000-03-06 07:49:31 UTC (952328971)
 ALSA device list:
   No soundcards found.
 kjournald starting.  Commit interval 5 seconds
@@ -376,7 +376,7 @@
 EXT3-fs (mmcblk0p1): mounted filesystem with writeback data mode
 VFS: Mounted root (ext3 filesystem) on device 179:1.
 devtmpfs: mounted
-Freeing unused kernel memory: 240K (c0752000 - c078e000)
+Freeing unused kernel memory: 240K (c0755000 - c0791000)
 bash: cannot set terminal process group (-1): Inappropriate ioctl for device
 bash: no job control in this shell
-I have no name!@(none):/# [    2.910791] usb 1-1: new high-speed USB device number 2 using tegra-ehci
+I have no name!@(none):/# [    2.910778] usb 1-1: new high-speed USB device number 2 using tegra-ehci
Diff for ./tegra114-dalmore-headless/tegra114-dalmore/tegra_defconfig_log.txt
--- /tmp/fooa	2013-12-11 21:37:47.303362569 -0800
+++ /tmp/foob	2013-12-11 21:37:47.307362571 -0800
@@ -11,7 +11,7 @@
 Err:   serial
 Net:   Net Initialization Skipped
 No ethernet found.
-Hit any key to stop autoboot:  2  1  0 
+Hit any key to stop autoboot:  2  0 
 Dalmore #
 Dalmore #usb reset
 (Re)start USB...
@@ -28,9 +28,9 @@
 TFTP from server 192.168.100.1; our IP address is 192.168.100.100
 Filename 'zImage.tegra_defconfig'.
 Load address: 0x81000000
-Loading: *#################################################  2.8 MiB/s
+Loading: *#################################################  2.7 MiB/s
 done
-Bytes transferred = 4166760 (3f9468 hex)
+Bytes transferred = 4174976 (3fb480 hex)
 Dalmore #tftpboot 0x82000000 tegra114-dalmore.dtb
 Using asx0 device
 TFTP from server 192.168.100.1; our IP address is 192.168.100.100
@@ -49,16 +49,16 @@
 Timer summary in microseconds:
        Mark    Elapsed  Stage
           0          0  awake
-  3,100,494  3,100,494  usb_start
-  7,103,537  4,003,043  eth_start
-  7,103,535         -2  tftp start
- 10,960,741  3,857,206  tftp done
- 13,115,618  2,154,877  start_kernel
+  2,118,927  2,118,927  usb_start
+  6,121,962  4,003,035  eth_start
+  6,121,960         -2  tftp start
+ 10,010,300  3,888,340  tftp done
+ 12,134,063  2,123,763  start_kernel
 Uncompressing Linux... done, booting the kernel.
 Booting Linux on physical CPU 0x0
 Initializing cgroup subsys cpu
 Initializing cgroup subsys cpuacct
-Linux version 3.13.0-rc3-next-20131211-28822-g7596ebc (pwalmsley@tamien) (gcc version 4.7.3 20130328 (prerelease) (crosstool-NG linaro-1.13.1-4.7-2013.04-20130415 - Linaro GCC 2013.04) ) #1 SMP PREEMPT Tue Dec 10 21:18:09 PST 2013
+Linux version 3.13.0-rc3-next-20131212-29201-g2959b1c (pwalmsley@tamien) (gcc version 4.7.3 20130328 (prerelease) (crosstool-NG linaro-1.13.1-4.7-2013.04-20130415 - Linaro GCC 2013.04) ) #1 SMP PREEMPT Wed Dec 11 21:18:06 PST 2013
 CPU: ARMv7 Processor [412fc0f2] revision 2 (ARMv7), cr=10c5387d
 CPU: PIPT / VIPT nonaliasing data cache, PIPT instruction cache
 Machine model: NVIDIA Tegra114 Dalmore evaluation board
@@ -66,14 +66,14 @@
 cma: CMA: reserved 16 MiB at ae800000
 Memory policy: Data cache writealloc
 On node 0 totalpages: 524032
-free_area_init_node: node 0, pgdat c07ec100, node_mem_map c0844000
+free_area_init_node: node 0, pgdat c07ee1c0, node_mem_map c0846000
   Normal zone: 1520 pages used for memmap
   Normal zone: 0 pages reserved
   Normal zone: 194560 pages, LIFO batch:31
   HighMem zone: 2574 pages used for memmap
   HighMem zone: 329472 pages, LIFO batch:31
 Tegra Revision: A01 SKU: 0 CPU Process: 1 Core Process: 1
-PERCPU: Embedded 8 pages/cpu @c185c000 s9088 r8192 d15488 u32768
+PERCPU: Embedded 8 pages/cpu @c185e000 s9088 r8192 d15488 u32768
 pcpu-alloc: s9088 r8192 d15488 u32768 alloc=8*4096
 pcpu-alloc: [0] 0 [0] 1 [0] 2 [0] 3 
 Built 1 zonelists in Zone order, mobility grouping on.  Total pages: 522512
@@ -81,7 +81,7 @@
 PID hash table entries: 4096 (order: 2, 16384 bytes)
 Dentry cache hash table entries: 131072 (order: 7, 524288 bytes)
 Inode-cache hash table entries: 65536 (order: 6, 262144 bytes)
-Memory: 2053792K/2096128K available (5664K kernel code, 310K rwdata, 1852K rodata, 248K init, 342K bss, 42336K reserved, 1317888K highmem)
+Memory: 2053784K/2096128K available (5672K kernel code, 310K rwdata, 1856K rodata, 248K init, 342K bss, 42344K reserved, 1317888K highmem)
 Virtual kernel memory layout:
     vector  : 0xffff0000 - 0xffff1000   (   4 kB)
     fixmap  : 0xfff00000 - 0xfffe0000   ( 896 kB)
@@ -89,10 +89,10 @@
     lowmem  : 0xc0000000 - 0xef800000   ( 760 MB)
     pkmap   : 0xbfe00000 - 0xc0000000   (   2 MB)
     modules : 0xbf000000 - 0xbfe00000   (  14 MB)
-      .text : 0xc0008000 - 0xc075f644   (7518 kB)
-      .init : 0xc0760000 - 0xc079e380   ( 249 kB)
-      .data : 0xc07a0000 - 0xc07ed860   ( 311 kB)
-       .bss : 0xc07ed86c - 0xc084337c   ( 343 kB)
+      .text : 0xc0008000 - 0xc07626fc   (7530 kB)
+      .init : 0xc0763000 - 0xc07a1380   ( 249 kB)
+      .data : 0xc07a2000 - 0xc07ef920   ( 311 kB)
+       .bss : 0xc07ef92c - 0xc0845440   ( 343 kB)
 Preemptible hierarchical RCU implementation.
 NR_IRQS:16 nr_irqs:16 16
 sched_clock: 32 bits at 1000kHz, resolution 1000ns, wraps every 2147483648000ns
@@ -111,7 +111,7 @@
 /cpus/cpu@2 missing clock-frequency property
 /cpus/cpu@3 missing clock-frequency property
 CPU0: thread -1, cpu 0, socket 0, mpidr 80000000
-Setting up static identity map for 0x8055e440 - 0x8055e4d8
+Setting up static identity map for 0x80560d18 - 0x80560db0
 CPU1: Booted secondary processor
 CPU1: thread -1, cpu 1, socket 0, mpidr 80000001
 CPU2: Booted secondary processor
@@ -357,7 +357,7 @@
 hub 1-0:1.0: USB hub found
 hub 1-0:1.0: 1 port detected
 input: gpio-keys.2 as /devices/soc0/gpio-keys.2/input/input1
-palmas-rtc rtc.7: setting system clock to 2000-03-06 07:44:29 UTC (952328669)
+palmas-rtc rtc.7: setting system clock to 2000-03-07 07:45:02 UTC (952415102)
 ALSA device list:
   #0: NVIDIA Tegra Dalmore
 kjournald starting.  Commit interval 5 seconds
@@ -366,7 +366,7 @@
 EXT3-fs (mmcblk0p1): mounted filesystem with writeback data mode
 VFS: Mounted root (ext3 filesystem) on device 179:1.
 devtmpfs: mounted
-Freeing unused kernel memory: 248K (c0760000 - c079e000)
+Freeing unused kernel memory: 248K (c0763000 - c07a1000)
 bash: cannot set terminal process group (-1): Inappropriate ioctl for device
 bash: no job control in this shell
-I have no name!@(none):/# [    2.910904] usb 1-1: new high-speed USB device number 2 using tegra-ehci
+I have no name!@(none):/# [    2.910593] usb 1-1: new high-speed USB device number 2 using tegra-ehci
Diff for ./tegra114-dalmore-headless/tegra114-dalmore/multi_v7_defconfig_log.txt
--- /tmp/fooa	2013-12-11 21:37:47.311362574 -0800
+++ /tmp/foob	2013-12-11 21:37:47.315362579 -0800
@@ -30,13 +30,13 @@
 Load address: 0x81000000
 Loading: *#################################################  2.8 MiB/s
 done
-Bytes transferred = 3671880 (380748 hex)
+Bytes transferred = 3672176 (380870 hex)
 Dalmore #tftpboot 0x82000000 tegra114-dalmore.dtb
 Using asx0 device
 TFTP from server 192.168.100.1; our IP address is 192.168.100.100
 Filename 'tegra114-dalmore.dtb'.
 Load address: 0x82000000
-Loading: *#################################################  2.3 MiB/s
+Loading: *#################################################  2.6 MiB/s
 done
 Bytes transferred = 29436 (72fc hex)
 Dalmore #bootz 0x81000000 - 0x82000000
@@ -49,20 +49,20 @@
 Timer summary in microseconds:
        Mark    Elapsed  Stage
           0          0  awake
-  3,100,489  3,100,489  usb_start
-  7,104,731  4,004,242  eth_start
-  7,104,729         -2  tftp start
- 10,822,977  3,718,248  tftp done
- 12,116,795  1,293,818  start_kernel
+  3,082,275  3,082,275  usb_start
+  7,085,813  4,003,538  eth_start
+  7,085,811         -2  tftp start
+ 10,782,512  3,696,701  tftp done
+ 12,097,566  1,315,054  start_kernel
 Booting Linux on physical CPU 0x0
-Linux version 3.13.0-rc3-next-20131211-28822-g7596ebc (pwalmsley@kaivo) (gcc version 4.7.3 20130328 (prerelease) (crosstool-NG linaro-1.13.1-4.7-2013.04-20130415 - Linaro GCC 2013.04) ) #1 SMP Tue Dec 10 21:17:06 PST 2013
+Linux version 3.13.0-rc3-next-20131212-29201-g2959b1c (pwalmsley@kaivo) (gcc version 4.7.3 20130328 (prerelease) (crosstool-NG linaro-1.13.1-4.7-2013.04-20130415 - Linaro GCC 2013.04) ) #1 SMP Wed Dec 11 21:17:05 PST 2013
 CPU: ARMv7 Processor [412fc0f2] revision 2 (ARMv7), cr=10c5387d
 CPU: PIPT / VIPT nonaliasing data cache, PIPT instruction cache
 Machine model: NVIDIA Tegra114 Dalmore evaluation board
 debug: ignoring loglevel setting.
 Memory policy: Data cache writealloc
 On node 0 totalpages: 524032
-free_area_init_node: node 0, pgdat c0754000, node_mem_map c079c000
+free_area_init_node: node 0, pgdat c0754080, node_mem_map c079c000
   DMA zone: 1520 pages used for memmap
   DMA zone: 0 pages reserved
   DMA zone: 194560 pages, LIFO batch:31
@@ -84,10 +84,10 @@
     vmalloc : 0xf0000000 - 0xff000000   ( 240 MB)
     lowmem  : 0xc0000000 - 0xef800000   ( 760 MB)
     pkmap   : 0xbfe00000 - 0xc0000000   (   2 MB)
-      .text : 0xc0008000 - 0xc064cb90   (6419 kB)
+      .text : 0xc0008000 - 0xc064cba8   (6419 kB)
       .init : 0xc064d000 - 0xc06c0b40   ( 463 kB)
-      .data : 0xc06c2000 - 0xc0754e00   ( 588 kB)
-       .bss : 0xc0754e08 - 0xc079b3d4   ( 282 kB)
+      .data : 0xc06c2000 - 0xc0754e80   ( 588 kB)
+       .bss : 0xc0754e88 - 0xc079b454   ( 282 kB)
 SLUB: HWalign=64, Order=0-3, MinObjects=0, CPUs=4, Nodes=1
 Hierarchical RCU implementation.
 NR_IRQS:16 nr_irqs:16 16
@@ -105,7 +105,7 @@
 /cpus/cpu@2 missing clock-frequency property
 /cpus/cpu@3 missing clock-frequency property
 CPU0: thread -1, cpu 0, socket 0, mpidr 80000000
-Setting up static identity map for 0x804b74e0 - 0x804b7578
+Setting up static identity map for 0x804b7698 - 0x804b7730
 unable to find compatible sirf rstc node in dtb
 CPU1: Booted secondary processor
 CPU1: thread -1, cpu 1, socket 0, mpidr 80000001
Diff for ./tegra114-dalmore-headless/tegra114-dalmore/tegra_defconfig%tegra114_mergeconfig_log.txt
--- /tmp/fooa	2013-12-11 21:37:47.319362583 -0800
+++ /tmp/foob	2013-12-11 21:37:47.323362586 -0800
@@ -30,7 +30,7 @@
 Load address: 0x81000000
 Loading: *#################################################  2.8 MiB/s
 done
-Bytes transferred = 4128736 (3effe0 hex)
+Bytes transferred = 4135976 (3f1c28 hex)
 Dalmore #tftpboot 0x82000000 tegra114-dalmore.dtb
 Using asx0 device
 TFTP from server 192.168.100.1; our IP address is 192.168.100.100
@@ -49,16 +49,16 @@
 Timer summary in microseconds:
        Mark    Elapsed  Stage
           0          0  awake
-  3,061,869  3,061,869  usb_start
-  7,066,755  4,004,886  eth_start
-  7,066,752         -3  tftp start
- 10,912,239  3,845,487  tftp done
- 13,077,002  2,164,763  start_kernel
+  3,056,308  3,056,308  usb_start
+  7,061,193  4,004,885  eth_start
+  7,061,191         -2  tftp start
+ 10,859,929  3,798,738  tftp done
+ 13,071,440  2,211,511  start_kernel
 Uncompressing Linux... done, booting the kernel.
 Booting Linux on physical CPU 0x0
 Initializing cgroup subsys cpu
 Initializing cgroup subsys cpuacct
-Linux version 3.13.0-rc3-next-20131211-28822-g7596ebc (pwalmsley@kaivo) (gcc version 4.7.3 20130328 (prerelease) (crosstool-NG linaro-1.13.1-4.7-2013.04-20130415 - Linaro GCC 2013.04) ) #1 SMP PREEMPT Tue Dec 10 21:21:03 PST 2013
+Linux version 3.13.0-rc3-next-20131212-29201-g2959b1c (pwalmsley@kaivo) (gcc version 4.7.3 20130328 (prerelease) (crosstool-NG linaro-1.13.1-4.7-2013.04-20130415 - Linaro GCC 2013.04) ) #1 SMP PREEMPT Wed Dec 11 21:21:14 PST 2013
 CPU: ARMv7 Processor [412fc0f2] revision 2 (ARMv7), cr=10c5387d
 CPU: PIPT / VIPT nonaliasing data cache, PIPT instruction cache
 Machine model: NVIDIA Tegra114 Dalmore evaluation board
@@ -66,14 +66,14 @@
 cma: CMA: reserved 16 MiB at ae800000
 Memory policy: Data cache writealloc
 On node 0 totalpages: 524032
-free_area_init_node: node 0, pgdat c07ca6c0, node_mem_map c0822000
+free_area_init_node: node 0, pgdat c07cc740, node_mem_map c0824000
   Normal zone: 1520 pages used for memmap
   Normal zone: 0 pages reserved
   Normal zone: 194560 pages, LIFO batch:31
   HighMem zone: 2574 pages used for memmap
   HighMem zone: 329472 pages, LIFO batch:31
 Tegra Revision: A01 SKU: 0 CPU Process: 1 Core Process: 1
-PERCPU: Embedded 8 pages/cpu @c183a000 s9024 r8192 d15552 u32768
+PERCPU: Embedded 8 pages/cpu @c183c000 s9024 r8192 d15552 u32768
 pcpu-alloc: s9024 r8192 d15552 u32768 alloc=8*4096
 pcpu-alloc: [0] 0 [0] 1 [0] 2 [0] 3 
 Built 1 zonelists in Zone order, mobility grouping on.  Total pages: 522512
@@ -81,7 +81,7 @@
 PID hash table entries: 4096 (order: 2, 16384 bytes)
 Dentry cache hash table entries: 131072 (order: 7, 524288 bytes)
 Inode-cache hash table entries: 65536 (order: 6, 262144 bytes)
-Memory: 2053928K/2096128K available (5639K kernel code, 295K rwdata, 1776K rodata, 232K init, 342K bss, 42200K reserved, 1317888K highmem)
+Memory: 2053920K/2096128K available (5647K kernel code, 295K rwdata, 1776K rodata, 232K init, 342K bss, 42208K reserved, 1317888K highmem)
 Virtual kernel memory layout:
     vector  : 0xffff0000 - 0xffff1000   (   4 kB)
     fixmap  : 0xfff00000 - 0xfffe0000   ( 896 kB)
@@ -89,10 +89,10 @@
     lowmem  : 0xc0000000 - 0xef800000   ( 760 MB)
     pkmap   : 0xbfe00000 - 0xc0000000   (   2 MB)
     modules : 0xbf000000 - 0xbfe00000   (  14 MB)
-      .text : 0xc0008000 - 0xc074629c   (7417 kB)
-      .init : 0xc0747000 - 0xc0781340   ( 233 kB)
-      .data : 0xc0782000 - 0xc07cbe20   ( 296 kB)
-       .bss : 0xc07cbe2c - 0xc082187c   ( 343 kB)
+      .text : 0xc0008000 - 0xc074834c   (7425 kB)
+      .init : 0xc0749000 - 0xc0783340   ( 233 kB)
+      .data : 0xc0784000 - 0xc07cdea0   ( 296 kB)
+       .bss : 0xc07cdeac - 0xc0823900   ( 343 kB)
 Preemptible hierarchical RCU implementation.
 NR_IRQS:16 nr_irqs:16 16
 sched_clock: 32 bits at 1000kHz, resolution 1000ns, wraps every 2147483648000ns
@@ -111,7 +111,7 @@
 /cpus/cpu@2 missing clock-frequency property
 /cpus/cpu@3 missing clock-frequency property
 CPU0: thread -1, cpu 0, socket 0, mpidr 80000000
-Setting up static identity map for 0x80558740 - 0x805587d8
+Setting up static identity map for 0x8055b020 - 0x8055b0b8
 CPU1: Booted secondary processor
 CPU1: thread -1, cpu 1, socket 0, mpidr 80000001
 CPU2: Booted secondary processor
@@ -365,7 +365,7 @@
 platform sound.4: Driver tegra-snd-rt5640 requests probe deferral
 input: gpio-keys.2 as /devices/soc0/gpio-keys.2/input/input0
 tegra-snd-rt5640 sound.4: ASoC: CPU DAI (null) not registered
-palmas-rtc rtc.7: setting system clock to 2000-03-06 07:47:53 UTC (952328873)
+palmas-rtc rtc.7: setting system clock to 2000-03-07 07:47:59 UTC (952415279)
 tegra-snd-rt5640 sound.4: snd_soc_register_card failed (-517)
 platform sound.4: Driver tegra-snd-rt5640 requests probe deferral
 ALSA device list:
@@ -376,7 +376,7 @@
 EXT3-fs (mmcblk0p1): mounted filesystem with writeback data mode
 VFS: Mounted root (ext3 filesystem) on device 179:1.
 devtmpfs: mounted
-Freeing unused kernel memory: 232K (c0747000 - c0781000)
+Freeing unused kernel memory: 232K (c0749000 - c0783000)
 bash: cannot set terminal process group (-1): Inappropriate ioctl for device
 bash: no job control in this shell
-I have no name!@(none):/# [    2.910683] usb 1-1: new high-speed USB device number 2 using tegra-ehci
+I have no name!@(none):/# [    2.910242] usb 1-1: new high-speed USB device number 2 using tegra-ehci
