
U-Boot SPL 2015.04-rc3-00209-ga74ef40 (Mar 16 2015 - 14:43:39)


U-Boot 2015.04-rc3-00209-ga74ef40 (Mar 16 2015 - 14:43:39)

TEGRA20
Model: Compulab TrimSlice board
DRAM:  1 GiB
MMC:   Tegra SD/MMC: 0, Tegra SD/MMC: 1
SF: Detected W25Q80BL with page size 256 Bytes, erase size 4 KiB, total 1 MiB
tegra-pcie: PCI regions:
tegra-pcie:   I/O: 0x82000000-0x82010000
tegra-pcie:   non-prefetchable memory: 0xa0000000-0xa8000000
tegra-pcie:   prefetchable memory: 0xa8000000-0xc0000000
tegra-pcie: dual-mode configuration
tegra-pcie: probing port 0, using 2 lanes
In:    serial
Out:   serial
Err:   serial
Net:   RTL8169#0
Hit any key to stop autoboot:  2  1  0 
Tegra20 (TrimSlice) # 
Tegra20 (TrimSlice) # usb reset
resetting USB...
USB0:   USB EHCI 1.00
scanning bus 0 for devices... 3 USB Device(s) found
USB1:   USB EHCI 1.00
scanning bus 1 for devices... 1 USB Device(s) found
USB2:   lowlevel init failed
       scanning usb for storage devices... 0 Storage Device(s) found
       scanning usb for ethernet devices... 
Warning: asx0 using MAC address from net device
1 Ethernet Device(s) found
Tegra20 (TrimSlice) # setenv bootargs 'ignore_loglevel console=ttyS0,115200n8 rw root=PARTUUID=11eb23c1-01 rootwait gpt debug noinitrd earlyprintk init=/bin/bash'
Tegra20 (TrimSlice) # setenv ipaddr 192.168.100.103; setenv serverip 192.168.100.1; setenv tftpserverip 192.168.100.1
Tegra20 (TrimSlice) # tftpboot 0x00408000 zImage.multi_v7_defconfig
Using RTL8169#0 device
TFTP from server 192.168.100.1; our IP address is 192.168.100.103
Filename 'zImage.multi_v7_defconfig'.
Load address: 0x408000
Loading: *#################################################################
	 #################################################################
	 #################################################################
	 #################################################################
	 #################################################################
	 #################################################################
	 #################################################################
	 #######################################
	 4 MiB/s
done
Bytes transferred = 7240808 (6e7c68 hex)
Tegra20 (TrimSlice) # tftpboot 0x02408000 tegra20-trimslice.dtb
Using RTL8169#0 device
TFTP from server 192.168.100.1; our IP address is 192.168.100.103
Filename 'tegra20-trimslice.dtb'.
Load address: 0x2408000
Loading: *##
	 2.5 MiB/s
done
Bytes transferred = 21172 (52b4 hex)
Tegra20 (TrimSlice) # bootz 0x00408000 - 0x02408000
Kernel image @ 0x408000 [ 0x000000 - 0x6e7c68 ]
## Flattened Device Tree blob at 02408000
   Booting using the fdt blob at 0x2408000
   Using Device Tree in place at 02408000, end 024102b3

Starting kernel ...

[    0.000000] Booting Linux on physical CPU 0x0
[    0.000000] Linux version 4.7.0-rc1-next-20160530-96165-g421ed81 (pwalmsley@sellafield) (gcc version 4.7.3 20130328 (prerelease) (crosstool-NG linaro-1.13.1-4.7-2013.04-20130415 - Linaro GCC 2013.04) ) #1 SMP Tue May 31 07:03:30 PDT 2016
[    0.000000] CPU: ARMv7 Processor [411fc090] revision 0 (ARMv7), cr=10c5387d
[    0.000000] CPU: PIPT / VIPT nonaliasing data cache, VIPT aliasing instruction cache
[    0.000000] Machine model: Compulab TrimSlice board
[    0.000000] debug: ignoring loglevel setting.
[    0.000000] cma: Reserved 64 MiB at 0x3c000000
[    0.000000] Memory policy: Data cache writealloc
[    0.000000] On node 0 totalpages: 262144
[    0.000000] free_area_init_node: node 0, pgdat c141bb80, node_mem_map ef7f8000
[    0.000000]   DMA zone: 1536 pages used for memmap
[    0.000000]   DMA zone: 0 pages reserved
[    0.000000]   DMA zone: 196608 pages, LIFO batch:31
[    0.000000]   HighMem zone: 65536 pages, LIFO batch:15
[    0.000000] percpu: Embedded 13 pages/cpu @ef7c9000 s23808 r8192 d21248 u53248
[    0.000000] pcpu-alloc: s23808 r8192 d21248 u53248 alloc=13*4096
[    0.000000] pcpu-alloc: [0] 0 [0] 1 
[    0.000000] Built 1 zonelists in Zone order, mobility grouping on.  Total pages: 260608
[    0.000000] Kernel command line: ignore_loglevel console=ttyS0,115200n8 rw root=PARTUUID=11eb23c1-01 rootwait gpt debug noinitrd earlyprintk init=/bin/bash
[    0.000000] PID hash table entries: 4096 (order: 2, 16384 bytes)
[    0.000000] Dentry cache hash table entries: 131072 (order: 7, 524288 bytes)
[    0.000000] Inode-cache hash table entries: 65536 (order: 6, 262144 bytes)
[    0.000000] Memory: 955932K/1048576K available (9529K kernel code, 1142K rwdata, 4476K rodata, 2048K init, 343K bss, 27108K reserved, 65536K cma-reserved, 196608K highmem)
[    0.000000] Virtual kernel memory layout:
[    0.000000]     vector  : 0xffff0000 - 0xffff1000   (   4 kB)
[    0.000000]     fixmap  : 0xffc00000 - 0xfff00000   (3072 kB)
[    0.000000]     vmalloc : 0xf0800000 - 0xff800000   ( 240 MB)
[    0.000000]     lowmem  : 0xc0000000 - 0xf0000000   ( 768 MB)
[    0.000000]     pkmap   : 0xbfe00000 - 0xc0000000   (   2 MB)
[    0.000000]     modules : 0xbf000000 - 0xbfe00000   (  14 MB)
[    0.000000]       .text : 0xc0208000 - 0xc10ad604   (14998 kB)
[    0.000000]       .init : 0xc1100000 - 0xc1300000   (2048 kB)
[    0.000000]       .data : 0xc1300000 - 0xc141dbe0   (1143 kB)
[    0.000000]        .bss : 0xc141f000 - 0xc1474ca0   ( 344 kB)
[    0.000000] SLUB: HWalign=64, Order=0-3, MinObjects=0, CPUs=2, Nodes=1
[    0.000000] Hierarchical RCU implementation.
[    0.000000] 	Build-time adjustment of leaf fanout to 32.
[    0.000000] 	RCU restricting CPUs from NR_CPUS=16 to nr_cpu_ids=2.
[    0.000000] RCU: Adjusting geometry for rcu_fanout_leaf=32, nr_cpu_ids=2
[    0.000000] NR_IRQS:16 nr_irqs:16 16
[    0.000000] /interrupt-controller@60004000: 128 interrupts forwarded to /interrupt-controller@50041000
[    0.000000] L2C: platform modifies aux control register: 0x02080000 -> 0x3e480001
[    0.000000] L2C: DT/platform modifies aux control register: 0x02080000 -> 0x3e480001
[    0.000000] L2C-310 errata 727915 769419 enabled
[    0.000000] L2C-310 enabling early BRESP for Cortex-A9
[    0.000000] L2C-310: enabling full line of zeros but not enabled in Cortex-A9
[    0.000000] L2C-310 ID prefetch enabled, offset 1 lines
[    0.000000] L2C-310 cache controller enabled, 8 ways, 1024 kB
[    0.000000] L2C-310: CACHE_ID 0x410000c4, AUX_CTRL 0x7e480001
[    0.000011] sched_clock: 32 bits at 1000kHz, resolution 1000ns, wraps every 2147483647500ns
[    0.000026] clocksource: timer_us: mask: 0xffffffff max_cycles: 0xffffffff, max_idle_ns: 1911260446275 ns
[    0.000037] Switching to timer-based delay loop, resolution 1000ns
[    0.001640] Console: colour dummy device 80x30
[    0.001661] Calibrating delay loop (skipped), value calculated using timer frequency.. 2.00 BogoMIPS (lpj=5000)
[    0.001671] pid_max: default: 32768 minimum: 301
[    0.001744] Mount-cache hash table entries: 2048 (order: 1, 8192 bytes)
[    0.001753] Mountpoint-cache hash table entries: 2048 (order: 1, 8192 bytes)
[    0.002243] CPU: Testing write buffer coherency: ok
[    0.002425] CPU0: thread -1, cpu 0, socket 0, mpidr 80000000
[    0.002448] Setting up static identity map for 0x300000 - 0x300098
[    0.003913] Tegra Revision: A03 prime SKU: 8 CPU Process: 1 SoC Process: 2
[    0.004946] CPU1: thread -1, cpu 1, socket 0, mpidr 80000001
[    0.005009] Brought up 2 CPUs
[    0.005021] SMP: Total of 2 processors activated (4.00 BogoMIPS).
[    0.005027] CPU: All CPU(s) started in SVC mode.
[    0.005683] devtmpfs: initialized
[    0.009567] VFP support v0.3: implementor 41 architecture 3 part 30 variant 9 rev 1
[    0.009877] clocksource: jiffies: mask: 0xffffffff max_cycles: 0xffffffff, max_idle_ns: 9556302231375000 ns
[    0.012780] pinctrl core: initialized pinctrl subsystem
[    0.013948] NET: Registered protocol family 16
[    0.016077] DMA: preallocated 256 KiB pool for atomic coherent allocations
[    0.029915] cpuidle: using governor menu
[    0.041507] No ATAGs?
[    0.041527] hw-breakpoint: found 5 (+1 reserved) breakpoint and 1 watchpoint registers.
[    0.041535] hw-breakpoint: maximum watchpoint size is 4 bytes.
[    0.045070] Serial: AMBA PL011 UART driver
[    0.068259] usb1_vbus: Failed to request enable GPIO170: -517
[    0.068273] reg-fixed-voltage regulators:regulator@2: Failed to register regulator: -517
[    0.071949] vgaarb: loaded
[    0.072522] SCSI subsystem initialized
[    0.072640] libata version 3.00 loaded.
[    0.072837] usbcore: registered new interface driver usbfs
[    0.072882] usbcore: registered new interface driver hub
[    0.072922] usbcore: registered new device driver usb
[    0.075054] pps_core: LinuxPPS API ver. 1 registered
[    0.075061] pps_core: Software ver. 5.3.6 - Copyright 2005-2007 Rodolfo Giometti <giometti@linux.it>
[    0.075078] PTP clock support registered
[    0.075226] EDAC MC: Ver: 3.0.0
[    0.077014] clocksource: Switched to clocksource timer_us
[    0.084622] NET: Registered protocol family 2
[    0.085058] TCP established hash table entries: 8192 (order: 3, 32768 bytes)
[    0.085129] TCP bind hash table entries: 8192 (order: 4, 65536 bytes)
[    0.085243] TCP: Hash tables configured (established 8192 bind 8192)
[    0.085322] UDP hash table entries: 512 (order: 2, 16384 bytes)
[    0.085368] UDP-Lite hash table entries: 512 (order: 2, 16384 bytes)
[    0.085505] NET: Registered protocol family 1
[    0.085726] RPC: Registered named UNIX socket transport module.
[    0.085734] RPC: Registered udp transport module.
[    0.085739] RPC: Registered tcp transport module.
[    0.085744] RPC: Registered tcp NFSv4.1 backchannel transport module.
[    0.085753] PCI: CLS 0 bytes, default 64
[    0.086545] hw perfevents: enabled with armv7_cortex_a9 PMU driver, 7 counters available
[    0.087521] futex hash table entries: 512 (order: 3, 32768 bytes)
[    0.088080] workingset: timestamp_bits=28 max_order=18 bucket_order=0
[    0.095415] squashfs: version 4.0 (2009/01/31) Phillip Lougher
[    0.095993] NFS: Registering the id_resolver key type
[    0.096022] Key type id_resolver registered
[    0.096028] Key type id_legacy registered
[    0.096061] ntfs: driver 2.1.32 [Flags: R/O].
[    0.096980] bounce: pool size: 64 pages
[    0.097154] Block layer SCSI generic (bsg) driver version 0.4 loaded (major 248)
[    0.097164] io scheduler noop registered
[    0.097170] io scheduler deadline registered
[    0.097197] io scheduler cfq registered (default)
[    0.108719] tegra-pcie 80003000.pcie-controller: dual-mode configuration
[    0.109433] tegra-pcie 80003000.pcie-controller: probing port 0, using 2 lanes
[    0.193220] tegra-pcie 80003000.pcie-controller: PCI host bridge to bus 0000:00
[    0.193232] pci_bus 0000:00: root bus resource [io  0x0000-0xffff]
[    0.193241] pci_bus 0000:00: root bus resource [mem 0xa0000000-0xa7ffffff]
[    0.193250] pci_bus 0000:00: root bus resource [mem 0xa8000000-0xbfffffff pref]
[    0.193258] pci_bus 0000:00: root bus resource [bus 00-ff]
[    0.193291] pci 0000:00:01.0: [10de:0bf0] type 01 class 0x060000
[    0.193350] pci 0000:00:01.0: PME# supported from D0 D1 D2 D3hot D3cold
[    0.193544] PCI: bus0: Fast back to back transfers disabled
[    0.193555] pci 0000:00:01.0: bridge configuration invalid ([bus 00-00]), reconfiguring
[    0.193683] pci 0000:01:00.0: [10ec:8168] type 00 class 0x020000
[    0.193705] pci 0000:01:00.0: reg 0x10: [io  0x0000-0x00ff]
[    0.193727] pci 0000:01:00.0: reg 0x18: [mem 0x00000000-0x00000fff 64bit pref]
[    0.193744] pci 0000:01:00.0: reg 0x20: [mem 0x00000000-0x00003fff 64bit pref]
[    0.193756] pci 0000:01:00.0: reg 0x30: [mem 0x00000000-0x0001ffff pref]
[    0.193833] pci 0000:01:00.0: supports D1 D2
[    0.193841] pci 0000:01:00.0: PME# supported from D0 D1 D2 D3hot D3cold
[    0.202050] PCI: bus1: Fast back to back transfers disabled
[    0.202063] pci_bus 0000:01: busn_res: [bus 01-ff] end is updated to 01
[    0.202074] Disabling cpuidle LP2 state, since PCIe IRQs are in use
[    0.202131] pci 0000:00:01.0: BAR 8: assigned [mem 0xa0000000-0xa00fffff]
[    0.202143] pci 0000:00:01.0: BAR 9: assigned [mem 0xa8000000-0xa80fffff 64bit pref]
[    0.202152] pci 0000:00:01.0: BAR 7: assigned [io  0x1000-0x1fff]
[    0.202164] pci 0000:01:00.0: BAR 6: assigned [mem 0xa0000000-0xa001ffff pref]
[    0.202174] pci 0000:01:00.0: BAR 4: assigned [mem 0xa8000000-0xa8003fff 64bit pref]
[    0.202191] pci 0000:01:00.0: BAR 2: assigned [mem 0xa8004000-0xa8004fff 64bit pref]
[    0.202207] pci 0000:01:00.0: BAR 0: assigned [io  0x1000-0x10ff]
[    0.202217] pci 0000:00:01.0: PCI bridge to [bus 01]
[    0.202225] pci 0000:00:01.0:   bridge window [io  0x1000-0x1fff]
[    0.202234] pci 0000:00:01.0:   bridge window [mem 0xa0000000-0xa00fffff]
[    0.202241] pci 0000:00:01.0:   bridge window [mem 0xa8000000-0xa80fffff 64bit pref]
[    0.202261] pci 0000:00:01.0: nv_msi_ht_cap_quirk didn't locate host bridge
[    0.202327] pcieport 0000:00:01.0: enabling device (0140 -> 0143)
[    0.202475] pcieport 0000:00:01.0: Signaling PME through PCIe PME interrupt
[    0.202484] pci 0000:01:00.0: Signaling PME through PCIe PME interrupt
[    0.202493] pcie_pme 0000:00:01.0:pcie001: service driver pcie_pme loaded
[    0.206255] tegra-apbdma 6000a000.dma: Tegra20 APB DMA driver register 16 channels
[    0.251767] Serial: 8250/16550 driver, 4 ports, IRQ sharing disabled
[    0.254105] console [ttyS0] disabled
[    0.254140] 70006000.serial: ttyS0 at MMIO 0x70006000 (irq = 279, base_baud = 13500000) is a Tegra
[    1.199032] console [ttyS0] enabled
[    1.203130] SuperH (H)SCI(F) driver initialized
[    1.208436] msm_serial: driver initialized
[    1.212690] STMicroelectronics ASC driver initialized
[    1.220439] [drm] Initialized drm 1.1.0 20060810
[    1.227375] 54280000.hdmi supply hdmi not found, using dummy regulator
[    1.237114] [drm] Supports vblank timestamp caching Rev 2 (21.10.2013).
[    1.243728] [drm] No driver support for vblank timestamp query.
[    1.249671] drm drm: No connectors reported connected with modes
[    1.255680] [drm] Cannot find any crtc or sizes - going 1024x768
[    1.277792] Console: switching to colour frame buffer device 128x48
[    1.292482] drm drm: fb0:  frame buffer device
[    1.312024] [drm] Initialized tegra 0.0.0 20120330 on minor 0
[    1.326364] brd: module loaded
[    1.333573] loop: module loaded
[    1.342274] m25p80 spi32766.0: found s25fl008k, expected w25q80bl
[    1.348373] m25p80 spi32766.0: s25fl008k (1024 Kbytes)
[    1.355819] libphy: Fixed MDIO Bus: probed
[    1.360442] CAN device driver interface
[    1.365749] igb: Intel(R) Gigabit Ethernet Network Driver - version 5.3.0-k
[    1.372709] igb: Copyright (c) 2007-2014 Intel Corporation.
[    1.378809] r8169 Gigabit Ethernet driver 2.3LK-NAPI loaded
[    1.384405] r8169 0000:01:00.0: enabling device (0140 -> 0143)
[    1.391000] r8169 0000:01:00.0 eth0: RTL8168d/8111d at 0xf0878000, 00:01:c0:13:7d:63, XID 081000c0 IRQ 296
[    1.400656] r8169 0000:01:00.0 eth0: jumbo features [frames: 9200 bytes, tx checksumming: ko]
[    1.411137] pegasus: v0.9.3 (2013/04/25), Pegasus/Pegasus II USB Ethernet driver
[    1.418592] usbcore: registered new interface driver pegasus
[    1.424302] usbcore: registered new interface driver asix
[    1.429734] usbcore: registered new interface driver ax88179_178a
[    1.435859] usbcore: registered new interface driver cdc_ether
[    1.441734] usbcore: registered new interface driver smsc75xx
[    1.447529] usbcore: registered new interface driver smsc95xx
[    1.453304] usbcore: registered new interface driver net1080
[    1.458992] usbcore: registered new interface driver cdc_subset
[    1.464946] usbcore: registered new interface driver zaurus
[    1.470579] usbcore: registered new interface driver cdc_ncm
[    1.476526] tegra-phy c5004000.usb-phy: no vbus regulator
[    1.483034] tegra-phy c5008000.usb-phy: no vbus regulator
[    1.489853] ehci_hcd: USB 2.0 'Enhanced' Host Controller (EHCI) Driver
[    1.496382] ehci-pci: EHCI PCI platform driver
[    1.500861] ehci-platform: EHCI generic platform driver
[    1.506253] ehci-omap: OMAP-EHCI Host Controller driver
[    1.511586] ehci-orion: EHCI orion driver
[    1.515703] SPEAr-ehci: EHCI SPEAr driver
[    1.519823] ehci-st: EHCI STMicroelectronics driver
[    1.524818] ehci-exynos: EHCI EXYNOS driver
[    1.529127] ehci-atmel: EHCI Atmel driver
[    1.533245] tegra-ehci: Tegra EHCI driver
[    1.537442] ------------[ cut here ]------------
[    1.542074] WARNING: CPU: 1 PID: 1 at drivers/reset/core.c:187 __of_reset_control_get+0x1bc/0x228
[    1.550936] Modules linked in:
[    1.553999] CPU: 1 PID: 1 Comm: swapper/0 Not tainted 4.7.0-rc1-next-20160530-96165-g421ed81 #1
[    1.562675] Hardware name: NVIDIA Tegra SoC (Flattened Device Tree)
[    1.568952] [<c030f9d0>] (unwind_backtrace) from [<c030b0c8>] (show_stack+0x10/0x14)
[    1.576684] [<c030b0c8>] (show_stack) from [<c0586548>] (dump_stack+0x84/0xa4)
[    1.583897] [<c0586548>] (dump_stack) from [<c0341b88>] (__warn+0xd4/0x100)
[    1.590845] [<c0341b88>] (__warn) from [<c0341bd4>] (warn_slowpath_null+0x20/0x28)
[    1.598400] [<c0341bd4>] (warn_slowpath_null) from [<c06a0cf8>] (__of_reset_control_get+0x1bc/0x228)
[    1.607521] [<c06a0cf8>] (__of_reset_control_get) from [<c0912e50>] (tegra_ehci_probe+0x2d0/0x51c)
[    1.616466] [<c0912e50>] (tegra_ehci_probe) from [<c077a01c>] (platform_drv_probe+0x50/0xb0)
[    1.624893] [<c077a01c>] (platform_drv_probe) from [<c0778980>] (driver_probe_device+0x1f4/0x2b0)
[    1.633749] [<c0778980>] (driver_probe_device) from [<c0778ae8>] (__driver_attach+0xac/0xb0)
[    1.642170] [<c0778ae8>] (__driver_attach) from [<c0776f94>] (bus_for_each_dev+0x54/0x88)
[    1.650331] [<c0776f94>] (bus_for_each_dev) from [<c0777f74>] (bus_add_driver+0xe8/0x1f4)
[    1.658493] [<c0777f74>] (bus_add_driver) from [<c0779304>] (driver_register+0x78/0xf4)
[    1.666480] [<c0779304>] (driver_register) from [<c0301e7c>] (do_one_initcall+0x3c/0x16c)
[    1.674647] [<c0301e7c>] (do_one_initcall) from [<c1100d80>] (kernel_init_freeable+0x120/0x1ec)
[    1.683330] [<c1100d80>] (kernel_init_freeable) from [<c0b5c468>] (kernel_init+0x8/0x118)
[    1.691492] [<c0b5c468>] (kernel_init) from [<c0307fb8>] (ret_from_fork+0x14/0x3c)
[    1.699072] ---[ end trace 53d4c3d98cce3bff ]---
[    1.703690] tegra-ehci c5000000.usb: can't get utmi-pads reset from the PHY
[    1.710646] tegra-ehci c5000000.usb: continuing, but please update your DT
[    1.738220] ulpi_phy_power_on: ulpi write failed
[    1.742842] tegra-ehci c5004000.usb: Failed to power on the phy
[    1.748771] tegra-ehci: probe of c5004000.usb failed with error -110
[    1.757764] tegra-ehci c5008000.usb: EHCI Host Controller
[    1.763179] tegra-ehci c5008000.usb: new USB bus registered, assigned bus number 1
[    1.770986] tegra-ehci c5008000.usb: irq 290, io mem 0xc5008000
[    1.782032] tegra-ehci c5008000.usb: USB 2.0 started, EHCI 1.00
[    1.788561] hub 1-0:1.0: USB hub found
[    1.792353] hub 1-0:1.0: 1 port detected
[    1.796573] ohci_hcd: USB 1.1 'Open' Host Controller (OHCI) Driver
[    1.802771] ohci-pci: OHCI PCI platform driver
[    1.807262] ohci-platform: OHCI generic platform driver
[    1.812653] ohci-omap3: OHCI OMAP3 driver
[    1.816758] SPEAr-ohci: OHCI SPEAr driver
[    1.820889] ohci-st: OHCI STMicroelectronics driver
[    1.825878] ohci-atmel: OHCI Atmel driver
[    1.830488] usbcore: registered new interface driver usb-storage
[    1.837759] mousedev: PS/2 mouse device common for all mice
[    1.845063] rtc-em3027 2-0056: rtc core: registered rtc-em3027 as rtc0
[    1.852769] tegra_rtc 7000e000.rtc: rtc core: registered 7000e000.rtc as rtc1
[    1.859932] tegra_rtc 7000e000.rtc: Tegra internal Real Time Clock
[    1.866530] i2c /dev entries driver
[    1.879202] sdhci: Secure Digital Host Controller Interface driver
[    1.885396] sdhci: Copyright(c) Pierre Ossman
[    1.890952] Synopsys Designware Multimedia Card Interface Driver
[    1.897831] sdhci-pltfm: SDHCI platform and OF driver helper
[    1.904355] mmc0: Invalid maximum block size, assuming 512 bytes
[    1.937034] mmc0: SDHCI controller on c8000000.sdhci [c8000000.sdhci] using ADMA
[    1.944537] sdhci-tegra c8000600.sdhci: Got CD GPIO
[    1.949432] sdhci-tegra c8000600.sdhci: Got WP GPIO
[    1.954472] mmc1: Invalid maximum block size, assuming 512 bytes
[    1.987113] mmc1: SDHCI controller on c8000600.sdhci [c8000600.sdhci] using ADMA
[    1.995723] ledtrig-cpu: registered to indicate activity on CPUs
[    2.001994] usbcore: registered new interface driver usbhid
[    2.007568] usbhid: USB HID core driver
[    2.015817] NET: Registered protocol family 10
[    2.020974] sit: IPv6 over IPv4 tunneling driver
[    2.026081] NET: Registered protocol family 17
[    2.030544] can: controller area network core (rev 20120528 abi 9)
[    2.036768] NET: Registered protocol family 29
[    2.041213] can: raw protocol (rev 20120528)
[    2.045480] can: broadcast manager protocol (rev 20120528 t)
[    2.051140] can: netlink gateway (rev 20130117) max_hops=1
[    2.056958] Key type dns_resolver registered
[    2.061583] ThumbEE CPU extension supported.
[    2.065864] Registering SWP/SWPB emulation handler
[    2.076171] utmi_phy_clk_enable: timeout waiting for phy to stabilize
[    2.082650] tegra-ehci c5000000.usb: EHCI Host Controller
[    2.088072] tegra-ehci c5000000.usb: new USB bus registered, assigned bus number 2
[    2.095926] tegra-ehci c5000000.usb: irq 288, io mem 0xc5000000
[    2.112037] usb 1-1: new high-speed USB device number 2 using tegra-ehci
[    2.124014] mmc0: host does not support reading read-only switch, assuming write-enable
[    2.132067] tegra-ehci c5000000.usb: USB 2.0 started, EHCI 1.00
[    2.138109] mmc0: new high speed SDHC card at address b368
[    2.144477] hub 2-0:1.0: USB hub found
[    2.148284] mmcblk0: mmc0:b368 NCard 3.70 GiB 
[    2.152931] hub 2-0:1.0: 1 port detected
[    2.157964] input: gpio-keys as /devices/soc0/gpio-keys/input/input0
[    2.162831]  mmcblk0: p1
[    2.167414] rtc-em3027 2-0056: hctosys: unable to read the hardware clock
[    2.178818] EXT4-fs (mmcblk0p1): mounting ext3 file system using the ext4 subsystem
[    2.180824] mmc1: new high speed SD card at address b368
[    2.181158] mmcblk1: mmc1:b368 NCard 1.83 GiB (ro)
[    2.189225]  mmcblk1: p1 p2
[    2.273338] hub 1-1:1.0: USB hub found
[    2.277263] hub 1-1:1.0: 4 ports detected
[    2.281804] EXT4-fs (mmcblk0p1): recovery complete
[    2.286625] EXT4-fs (mmcblk0p1): mounted filesystem with ordered data mode. Opts: (null)
[    2.294746] VFS: Mounted root (ext3 filesystem) on device 179:1.
[    2.309350] devtmpfs: mounted
[    2.314877] Freeing unused kernel memory: 2048K (c1100000 - c1300000)
bash: cannot set terminal process group (-1): Inappropriate ioctl for device
bash: no job control in this shell
[    2.587111] usb 1-1.2: new high-speed USB device number 3 using tegra-ehci
root@(none):/# [    3.505354] asix 1-1.2:1.0 eth1: register 'asix' at usb-c5008000.usb-1.2, ASIX AX88772 USB 2.0 Ethernet, 00:60:6e:60:6c:68
mount -t sysfs none /sys
root@(none):/# 
root@(none):/# mount -t debugfs none /sys/kernel/debug
root@(none):/# 
root@(none):/# rtcwake -d rtc1 -m mem -s 3
rtcwake: assuming RTC uses UTC ...
rtcwake: wakeup from "mem" using /dev/rtc1 at Thu Jan  1 00:00:23 1970
[    7.245217] PM: Syncing filesystems ... done.
[    7.291686] Freezing user space processes ... (elapsed 0.001 seconds) done.
[    7.300104] Freezing remaining freezable tasks ... (elapsed 0.001 seconds) done.
[    7.308995] Suspending console(s) (use no_console_suspend to debug)
[    7.344522] PM: suspend of devices complete after 27.348 msecs
[    7.348091] PM: late suspend of devices complete after 3.536 msecs
[    7.362666] PM: noirq suspend of devices complete after 14.543 msecs
[    7.362678] Disabling non-boot CPUs ...
[    7.364541] CPU1: shutdown
[    7.390127] Entering suspend state LP1
[    7.390178] Enabling non-boot CPUs ...
[    7.416240] CPU1 is up
[    7.417264] pcieport 0000:00:01.0: nv_msi_ht_cap_quirk didn't locate host bridge
[    7.432303] PM: noirq resume of devices complete after 16.031 msecs
[    7.435714] PM: early resume of devices complete after 2.882 msecs
[    7.500440] PM: resume of devices complete after 64.692 msecs
[    7.564517] Restarting tasks ... done.
root@(none):/# 
root@(none):/# rtcwake -d rtc1 -m mem -s 3
rtcwake: assuming RTC uses UTC ...
rtcwake: wakeup from "mem" using /dev/rtc1 at Thu Jan  1 00:00:27 1970
[    8.176891] PM: Syncing filesystems ... done.
[    8.209710] Freezing user space processes ... (elapsed 0.001 seconds) done.
[    8.218134] Freezing remaining freezable tasks ... (elapsed 0.001 seconds) done.
[    8.227039] Suspending console(s) (use no_console_suspend to debug)
[    8.254689] PM: suspend of devices complete after 19.535 msecs
[    8.258349] PM: late suspend of devices complete after 3.627 msecs
[    8.272588] PM: noirq suspend of devices complete after 14.205 msecs
[    8.272599] Disabling non-boot CPUs ...
[    8.274474] CPU1: shutdown
[    8.300155] Entering suspend state LP1
[    8.300205] Enabling non-boot CPUs ...
[    8.326176] CPU1 is up
[    8.328808] pcieport 0000:00:01.0: nv_msi_ht_cap_quirk didn't locate host bridge
[    8.342199] PM: noirq resume of devices complete after 15.990 msecs
[    8.346186] PM: early resume of devices complete after 3.256 msecs
[    8.410401] PM: resume of devices complete after 64.180 msecs
[    8.474432] Restarting tasks ... done.
root@(none):/# 
root@(none):/# rtcwake -d rtc1 -m mem -s 3
rtcwake: assuming RTC uses UTC ...
rtcwake: wakeup from "mem" using /dev/rtc1 at Thu Jan  1 00:00:31 1970
[    9.086647] PM: Syncing filesystems ... done.
[    9.119475] Freezing user space processes ... (elapsed 0.001 seconds) done.
[    9.127902] Freezing remaining freezable tasks ... (elapsed 0.001 seconds) done.
[    9.136761] Suspending console(s) (use no_console_suspend to debug)
[    9.164356] PM: suspend of devices complete after 19.468 msecs
[    9.167914] PM: late suspend of devices complete after 3.525 msecs
[    9.182509] PM: noirq suspend of devices complete after 14.562 msecs
[    9.182520] Disabling non-boot CPUs ...
[    9.184436] CPU1: shutdown
[    9.200029] Entering suspend state LP1
[    9.200080] Enabling non-boot CPUs ...
[    9.226135] CPU1 is up
[    9.227324] pcieport 0000:00:01.0: nv_msi_ht_cap_quirk didn't locate host bridge
[    9.242180] PM: noirq resume of devices complete after 16.013 msecs
[    9.245609] PM: early resume of devices complete after 2.902 msecs
[    9.307863] PM: resume of devices complete after 62.221 msecs
[    9.371839] Restarting tasks ... done.
root@(none):/# 
root@(none):/# rtcwake -d rtc1 -m mem -s 3
rtcwake: assuming RTC uses UTC ...
rtcwake: wakeup from "mem" using /dev/rtc1 at Thu Jan  1 00:00:35 1970
[    9.986426] PM: Syncing filesystems ... done.
[   10.019233] Freezing user space processes ... (elapsed 0.001 seconds) done.
[   10.027653] Freezing remaining freezable tasks ... (elapsed 0.001 seconds) done.
[   10.036516] Suspending console(s) (use no_console_suspend to debug)
[   10.069153] PM: suspend of devices complete after 24.506 msecs
[   10.072770] PM: late suspend of devices complete after 3.585 msecs
[   10.087490] PM: noirq suspend of devices complete after 14.687 msecs
[   10.087501] Disabling non-boot CPUs ...
[   10.089301] CPU1: shutdown
[   10.104974] Entering suspend state LP1
[   10.105024] Enabling non-boot CPUs ...
[   10.131088] CPU1 is up
[   10.131924] pcieport 0000:00:01.0: nv_msi_ht_cap_quirk didn't locate host bridge
[   10.147073] PM: noirq resume of devices complete after 15.953 msecs
[   10.150486] PM: early resume of devices complete after 2.884 msecs
[   10.210410] PM: resume of devices complete after 59.891 msecs
[   10.274440] Restarting tasks ... done.
root@(none):/# 
root@(none):/# rtcwake -d rtc1 -m mem -s 3
rtcwake: assuming RTC uses UTC ...
rtcwake: wakeup from "mem" using /dev/rtc1 at Thu Jan  1 00:00:39 1970
[   10.900436] PM: Syncing filesystems ... done.
[   10.945898] Freezing user space processes ... (elapsed 0.001 seconds) done.
[   10.954517] Freezing remaining freezable tasks ... (elapsed 0.001 seconds) done.
[   10.963644] Suspending console(s) (use no_console_suspend to debug)
[   10.999380] PM: suspend of devices complete after 26.823 msecs
[   11.002999] PM: late suspend of devices complete after 3.587 msecs
[   11.017395] PM: noirq suspend of devices complete after 14.362 msecs
[   11.017407] Disabling non-boot CPUs ...
[   11.019342] CPU1: shutdown
[   11.044911] Entering suspend state LP1
[   11.044960] Enabling non-boot CPUs ...
[   11.071016] CPU1 is up
[   11.073660] pcieport 0000:00:01.0: nv_msi_ht_cap_quirk didn't locate host bridge
[   11.087006] PM: noirq resume of devices complete after 15.957 msecs
[   11.090875] PM: early resume of devices complete after 3.160 msecs
[   11.155227] PM: resume of devices complete after 64.317 msecs
[   11.219266] Restarting tasks ... done.
root@(none):/# 
root@(none):/# rtcwake -d rtc1 -m mem -s 3
rtcwake: assuming RTC uses UTC ...
rtcwake: wakeup from "mem" using /dev/rtc1 at Thu Jan  1 00:00:43 1970
[   11.840396] PM: Syncing filesystems ... done.
[   11.885856] Freezing user space processes ... (elapsed 0.001 seconds) done.
[   11.894460] Freezing remaining freezable tasks ... (elapsed 0.001 seconds) done.
[   11.903624] Suspending console(s) (use no_console_suspend to debug)
[   11.939491] PM: suspend of devices complete after 26.962 msecs
[   11.943206] PM: late suspend of devices complete after 3.684 msecs
[   11.957384] PM: noirq suspend of devices complete after 14.147 msecs
[   11.957395] Disabling non-boot CPUs ...
[   11.959362] CPU1: shutdown
[   11.984850] Entering suspend state LP1
[   11.984901] Enabling non-boot CPUs ...
[   12.010940] CPU1 is up
[   12.012148] pcieport 0000:00:01.0: nv_msi_ht_cap_quirk didn't locate host bridge
[   12.026988] PM: noirq resume of devices complete after 16.015 msecs
[   12.030376] PM: early resume of devices complete after 2.862 msecs
[   12.090166] PM: resume of devices complete after 59.757 msecs
[   12.154198] Restarting tasks ... done.
root@(none):/# 
root@(none):/# rtcwake -d rtc1 -m mem -s 3
rtcwake: assuming RTC uses UTC ...
rtcwake: wakeup from "mem" using /dev/rtc1 at Thu Jan  1 00:00:47 1970
[   12.776558] PM: Syncing filesystems ... done.
[   12.809379] Freezing user space processes ... (elapsed 0.001 seconds) done.
[   12.817800] Freezing remaining freezable tasks ... (elapsed 0.001 seconds) done.
[   12.826707] Suspending console(s) (use no_console_suspend to debug)
[   12.858428] PM: suspend of devices complete after 23.610 msecs
[   12.862188] PM: late suspend of devices complete after 3.728 msecs
[   12.877321] PM: noirq suspend of devices complete after 15.102 msecs
[   12.877334] Disabling non-boot CPUs ...
[   12.879360] CPU1: shutdown
[   12.894773] Entering suspend state LP1
[   12.894823] Enabling non-boot CPUs ...
[   12.920893] CPU1 is up
[   12.923559] pcieport 0000:00:01.0: nv_msi_ht_cap_quirk didn't locate host bridge
[   12.936902] PM: noirq resume of devices complete after 15.977 msecs
[   12.940291] PM: early resume of devices complete after 2.862 msecs
[   13.000218] PM: resume of devices complete after 59.892 msecs
[   13.064243] Restarting tasks ... done.
root@(none):/# 
root@(none):/# rtcwake -d rtc1 -m mem -s 3
rtcwake: assuming RTC uses UTC ...
rtcwake: wakeup from "mem" using /dev/rtc1 at Thu Jan  1 00:00:51 1970
[   13.686293] PM: Syncing filesystems ... done.
[   13.719131] Freezing user space processes ... (elapsed 0.001 seconds) done.
[   13.727559] Freezing remaining freezable tasks ... (elapsed 0.001 seconds) done.
[   13.736418] Suspending console(s) (use no_console_suspend to debug)
[   13.764153] PM: suspend of devices complete after 19.607 msecs
[   13.767797] PM: late suspend of devices complete after 3.612 msecs
[   13.782209] PM: noirq suspend of devices complete after 14.381 msecs
[   13.782222] Disabling non-boot CPUs ...
[   13.784097] CPU1: shutdown
[   13.799727] Entering suspend state LP1
[   13.799777] Enabling non-boot CPUs ...
[   13.825820] CPU1 is up
[   13.826842] pcieport 0000:00:01.0: nv_msi_ht_cap_quirk didn't locate host bridge
[   13.841887] PM: noirq resume of devices complete after 16.032 msecs
[   13.845556] PM: early resume of devices complete after 2.964 msecs
[   13.909968] PM: resume of devices complete after 64.379 msecs
[   13.974041] Restarting tasks ... done.
root@(none):/# 
root@(none):/# rtcwake -d rtc1 -m mem -s 3
rtcwake: assuming RTC uses UTC ...
rtcwake: wakeup from "mem" using /dev/rtc1 at Thu Jan  1 00:00:55 1970
[   14.591133] PM: Syncing filesystems ... done.
[   14.636169] Freezing user space processes ... (elapsed 0.001 seconds) done.
[   14.644721] Freezing remaining freezable tasks ... (elapsed 0.001 seconds) done.
[   14.653867] Suspending console(s) (use no_console_suspend to debug)
[   14.688705] PM: suspend of devices complete after 25.938 msecs
[   14.692245] PM: late suspend of devices complete after 3.509 msecs
[   14.707147] PM: noirq suspend of devices complete after 14.868 msecs
[   14.707159] Disabling non-boot CPUs ...
[   14.708938] CPU1: shutdown
[   14.734625] Entering suspend state LP1
[   14.734676] Enabling non-boot CPUs ...
[   14.760787] CPU1 is up
[   14.762134] pcieport 0000:00:01.0: nv_msi_ht_cap_quirk didn't locate host bridge
[   14.776802] PM: noirq resume of devices complete after 15.981 msecs
[   14.780448] PM: early resume of devices complete after 2.925 msecs
[   14.845054] PM: resume of devices complete after 64.572 msecs
[   14.909151] Restarting tasks ... done.
root@(none):/# 
root@(none):/# rtcwake -d rtc1 -m mem -s 3
rtcwake: assuming RTC uses UTC ...
rtcwake: wakeup from "mem" using /dev/rtc1 at Thu Jan  1 00:00:59 1970
[   15.526069] PM: Syncing filesystems ... done.
[   15.558965] Freezing user space processes ... (elapsed 0.001 seconds) done.
[   15.567377] Freezing remaining freezable tasks ... (elapsed 0.001 seconds) done.
[   15.576229] Suspending console(s) (use no_console_suspend to debug)
[   15.608949] PM: suspend of devices complete after 24.591 msecs
[   15.612524] PM: late suspend of devices complete after 3.543 msecs
[   15.627075] PM: noirq suspend of devices complete after 14.519 msecs
[   15.627087] Disabling non-boot CPUs ...
[   15.628856] CPU1: shutdown
[   15.654593] Entering suspend state LP1
[   15.654644] Enabling non-boot CPUs ...
[   15.680663] CPU1 is up
[   15.681516] pcieport 0000:00:01.0: nv_msi_ht_cap_quirk didn't locate host bridge
[   15.696724] PM: noirq resume of devices complete after 16.029 msecs
[   15.700162] PM: early resume of devices complete after 2.906 msecs
[   15.765059] PM: resume of devices complete after 64.863 msecs
[   15.829146] Restarting tasks ... done.
root@(none):/# 
root@(none):/# NVTB SYSTEM SUSPEND TEST COMPLETE
