[    0.000000] Booting Linux on physical CPU 0x0
[    0.000000] Linux version 4.5.0-rc7-next-20160310+ (pwalmsley@tamien) (gcc version 4.9.2 20140904 (prerelease) (crosstool-NG linaro-1.13.1-4.9-2014.09 - Linaro GCC 4.9-2014.09) ) #1 SMP PREEMPT Wed Mar 9 23:19:56 PST 2016
[    0.000000] Boot CPU: AArch64 Processor [411fd070]
[    0.000000] Memory limited to 1024MB
[    0.000000] efi: Getting EFI parameters from FDT:
[    0.000000] efi: UEFI not found.
[    0.000000] cma: Reserved 16 MiB at 0x000000007f000000
[    0.000000] psci: probing for conduit method from DT.
[    0.000000] psci: PSCIv0.2 detected in firmware.
[    0.000000] psci: Using standard PSCI v0.2 function IDs
[    0.000000] psci: Trusted OS migration not required
[    0.000000] percpu: Embedded 20 pages/cpu @ffffffc03efd4000 s43008 r8192 d30720 u81920
[    0.000000] Detected PIPT I-cache on CPU0
[    0.000000] CPU features: enabling workaround for ARM erratum 832075
[    0.000000] CPU features: enabling workaround for ARM erratum 834220
[    0.000000] Built 1 zonelists in Zone order, mobility grouping on.  Total pages: 258048
[    0.000000] Kernel command line: root=/dev/vda2 rw rootwait mem=1024M console=ttyAMA0,38400n8 init=/bin/bash
[    0.000000] PID hash table entries: 4096 (order: 3, 32768 bytes)
[    0.000000] Dentry cache hash table entries: 131072 (order: 8, 1048576 bytes)
[    0.000000] Inode-cache hash table entries: 65536 (order: 7, 524288 bytes)
[    0.000000] software IO TLB [mem 0x79c00000-0x7dc00000] (64MB) mapped at [ffffffc039c00000-ffffffc03dbfffff]
[    0.000000] Memory: 936628K/1048576K available (6836K kernel code, 615K rwdata, 2884K rodata, 812K init, 241K bss, 95564K reserved, 16384K cma-reserved)
[    0.000000] Virtual kernel memory layout:
[    0.000000]     modules : 0xffffff8000000000 - 0xffffff8008000000   (   128 MB)
[    0.000000]     vmalloc : 0xffffff8008000000 - 0xffffffbebfff0000   (   250 GB)
[    0.000000]       .text : 0xffffff8008080000 - 0xffffff800872b000   (  6828 KB)
[    0.000000]     .rodata : 0xffffff800872b000 - 0xffffff8008a00000   (  2900 KB)
[    0.000000]       .init : 0xffffff8008a00000 - 0xffffff8008acb000   (   812 KB)
[    0.000000]       .data : 0xffffff8008acb000 - 0xffffff8008b64e00   (   616 KB)
[    0.000000]     vmemmap : 0xffffffbec0000000 - 0xffffffbfc0000000   (     4 GB maximum)
[    0.000000]               0xffffffbec0000000 - 0xffffffbec1000000   (    16 MB actual)
[    0.000000]     fixed   : 0xffffffbffe7fd000 - 0xffffffbffec00000   (  4108 KB)
[    0.000000]     PCI I/O : 0xffffffbffee00000 - 0xffffffbfffe00000   (    16 MB)
[    0.000000]     memory  : 0xffffffc000000000 - 0xffffffc040000000   (  1024 MB)
[    0.000000] SLUB: HWalign=64, Order=0-3, MinObjects=0, CPUs=1, Nodes=1
[    0.000000] Preemptible hierarchical RCU implementation.
[    0.000000] 	Build-time adjustment of leaf fanout to 64.
[    0.000000] 	RCU restricting CPUs from NR_CPUS=64 to nr_cpu_ids=1.
[    0.000000] RCU: Adjusting geometry for rcu_fanout_leaf=64, nr_cpu_ids=1
[    0.000000] NR_IRQS:64 nr_irqs:64 0
[    0.000000] GICv2m: range[mem 0x08020000-0x08020fff], SPI[80:143]
[    0.000000] Architected cp15 timer(s) running at 62.50MHz (virt).
[    0.000000] clocksource: arch_sys_counter: mask: 0xffffffffffffff max_cycles: 0x1cd42e208c, max_idle_ns: 881590405314 ns
[    0.000186] sched_clock: 56 bits at 62MHz, resolution 16ns, wraps every 4398046511096ns
[    0.007052] Console: colour dummy device 80x25
[    0.007747] Calibrating delay loop (skipped), value calculated using timer frequency.. 125.00 BogoMIPS (lpj=250000)
[    0.007911] pid_max: default: 32768 minimum: 301
[    0.008852] Security Framework initialized
[    0.009616] Mount-cache hash table entries: 2048 (order: 2, 16384 bytes)
[    0.009667] Mountpoint-cache hash table entries: 2048 (order: 2, 16384 bytes)
[    0.033965] ASID allocator initialised with 65536 entries
[    0.054155] EFI services will not be available.
[    0.060775] Brought up 1 CPUs
[    0.060836] SMP: Total of 1 processors activated.
[    0.061138] CPU: All CPU(s) started at EL1
[    0.062012] alternatives: patching kernel code
[    0.075553] devtmpfs: initialized
[    0.087445] DMI not present or invalid.
[    0.089354] clocksource: jiffies: mask: 0xffffffff max_cycles: 0xffffffff, max_idle_ns: 7645041785100000 ns
[    0.091957] pinctrl core: initialized pinctrl subsystem
[    0.119361] NET: Registered protocol family 16
[    0.144496] cpuidle: using governor menu
[    0.145579] vdso: 2 pages (1 code @ ffffff8008731000, 1 data @ ffffff8008ad0000)
[    0.145901] hw-breakpoint: found 6 breakpoint and 4 watchpoint registers.
[    0.152750] DMA: preallocated 256 KiB pool for atomic allocations
[    0.155153] Serial: AMBA PL011 UART driver
[    0.210037] 9000000.pl011: ttyAMA0 at MMIO 0x9000000 (irq = 39, base_baud = 0) is a PL011 rev1
[    0.231675] console [ttyAMA0] enabled
[    0.380218] HugeTLB registered 2 MB page size, pre-allocated 0 pages
[    0.402242] vgaarb: loaded
[    0.405690] SCSI subsystem initialized
[    0.412971] usbcore: registered new interface driver usbfs
[    0.414958] usbcore: registered new interface driver hub
[    0.416499] usbcore: registered new device driver usb
[    0.418477] pps_core: LinuxPPS API ver. 1 registered
[    0.418684] pps_core: Software ver. 5.3.6 - Copyright 2005-2007 Rodolfo Giometti <giometti@linux.it>
[    0.419362] PTP clock support registered
[    0.423973] dmi: Firmware registration failed.
[    0.427272] Advanced Linux Sound Architecture Driver Initialized.
[    0.440097] clocksource: Switched to clocksource arch_sys_counter
[    0.442572] VFS: Disk quotas dquot_6.6.0
[    0.443195] VFS: Dquot-cache hash table entries: 512 (order 0, 4096 bytes)
[    0.526723] NET: Registered protocol family 2
[    0.533668] TCP established hash table entries: 8192 (order: 4, 65536 bytes)
[    0.534320] TCP bind hash table entries: 8192 (order: 5, 131072 bytes)
[    0.534968] TCP: Hash tables configured (established 8192 bind 8192)
[    0.536560] UDP hash table entries: 512 (order: 2, 16384 bytes)
[    0.537051] UDP-Lite hash table entries: 512 (order: 2, 16384 bytes)
[    0.538905] NET: Registered protocol family 1
[    0.546868] RPC: Registered named UNIX socket transport module.
[    0.547240] RPC: Registered udp transport module.
[    0.547485] RPC: Registered tcp transport module.
[    0.547715] RPC: Registered tcp NFSv4.1 backchannel transport module.
[    0.554503] kvm [1]: HYP mode not available
[    0.575203] futex hash table entries: 256 (order: 3, 32768 bytes)
[    0.577204] audit: initializing netlink subsys (disabled)
[    0.578404] audit: type=2000 audit(0.552:1): initialized
[    0.589364] workingset: timestamp_bits=44 max_order=18 bucket_order=0
[    0.674648] squashfs: version 4.0 (2009/01/31) Phillip Lougher
[    0.686317] NFS: Registering the id_resolver key type
[    0.687585] Key type id_resolver registered
[    0.688872] Key type id_legacy registered
[    0.690722] fuse init (API version 7.24)
[    0.695151] 9p: Installing v9fs 9p2000 file system support
[    0.710754] io scheduler noop registered
[    0.712600] io scheduler cfq registered (default)
[    0.734446] pl061_gpio 9030000.pl061: PL061 GPIO chip @0x0000000009030000 registered
[    0.742499] PCI host bridge /pcie@10000000 ranges:
[    0.743421]    IO 0x3eff0000..0x3effffff -> 0x00000000
[    0.745211]   MEM 0x10000000..0x3efeffff -> 0x10000000
[    0.745710]   MEM 0x8000000000..0xffffffffff -> 0x8000000000
[    0.749195] pci-host-generic 3f000000.pcie: PCI host bridge to bus 0000:00
[    0.750062] pci_bus 0000:00: root bus resource [bus 00-0f]
[    0.750646] pci_bus 0000:00: root bus resource [io  0x0000-0xffff]
[    0.751169] pci_bus 0000:00: root bus resource [mem 0x10000000-0x3efeffff]
[    0.751745] pci_bus 0000:00: root bus resource [mem 0x8000000000-0xffffffffff]
[    0.782271] xenfs: not registering filesystem on non-xen platform
[    0.819328] Serial: 8250/16550 driver, 4 ports, IRQ sharing disabled
[    0.834091] SuperH (H)SCI(F) driver initialized
[    0.837109] msm_serial: driver initialized
[    0.842042] Unable to detect cache hierarchy from DT for CPU 0
[    0.910960] loop: module loaded
[    0.946822]  vda: vda1 vda2
[    0.972835] tun: Universal TUN/TAP device driver, 1.6
[    0.973210] tun: (C) 1999-2004 Max Krasnyansky <maxk@qualcomm.com>
[    0.989372] e1000e: Intel(R) PRO/1000 Network Driver - 3.2.6-k
[    0.989893] e1000e: Copyright(c) 1999 - 2015 Intel Corporation.
[    0.991909] igb: Intel(R) Gigabit Ethernet Network Driver - version 5.3.0-k
[    0.993006] igb: Copyright (c) 2007-2014 Intel Corporation.
[    0.994174] igbvf: Intel(R) Gigabit Virtual Function Network Driver - version 2.0.2-k
[    0.994813] igbvf: Copyright (c) 2009 - 2012 Intel Corporation.
[    0.996474] sky2: driver version 1.30
[    1.001802] VFIO - User Level meta-driver version: 0.3
[    1.013315] ehci_hcd: USB 2.0 'Enhanced' Host Controller (EHCI) Driver
[    1.013958] ehci-pci: EHCI PCI platform driver
[    1.015715] ehci-platform: EHCI generic platform driver
[    1.017900] ehci-msm: Qualcomm On-Chip EHCI Host Controller
[    1.019084] ohci_hcd: USB 1.1 'Open' Host Controller (OHCI) Driver
[    1.019785] ohci-pci: OHCI PCI platform driver
[    1.021503] ohci-platform: OHCI generic platform driver
[    1.026166] usbcore: registered new interface driver usb-storage
[    1.037683] mousedev: PS/2 mouse device common for all mice
[    1.049791] rtc-pl031 9010000.pl031: rtc core: registered pl031 as rtc0
[    1.053387] i2c /dev entries driver
[    1.066695] sdhci: Secure Digital Host Controller Interface driver
[    1.067179] sdhci: Copyright(c) Pierre Ossman
[    1.069351] Synopsys Designware Multimedia Card Interface Driver
[    1.072388] sdhci-pltfm: SDHCI platform and OF driver helper
[    1.075887] ledtrig-cpu: registered to indicate activity on CPUs
[    1.086231] usbcore: registered new interface driver usbhid
[    1.086727] usbhid: USB HID core driver
[    1.101559] NET: Registered protocol family 17
[    1.103095] 9pnet: Installing 9P2000 support
[    1.105314] Key type dns_resolver registered
[    1.110644] registered taskstats version 1
[    1.125276] input: gpio-keys as /devices/platform/gpio-keys/input/input0
[    1.130206] rtc-pl031 9010000.pl031: setting system clock to 2016-03-10 07:20:26 UTC (1457594426)
[    1.133809] ALSA device list:
[    1.134235]   No soundcards found.
[    1.139516] uart-pl011 9000000.pl011: no DMA platform data
[    1.147180] EXT4-fs (vda2): couldn't mount as ext3 due to feature incompatibilities
[    1.213633] EXT4-fs (vda2): recovery complete
[    1.214568] EXT4-fs (vda2): mounted filesystem with ordered data mode. Opts: (null)
[    1.215554] VFS: Mounted root (ext4 filesystem) on device 254:2.
[    1.219185] devtmpfs: mounted
[    1.259179] Freeing unused kernel memory: 812K (ffffff8008a00000 - ffffff8008acb000)
bash: cannot set terminal process group (-1): Inappropriate ioctl for device
bash: no job control in this shell
bash-4.3# 