
U-Boot SPL 2014.07-00097-g772e173 (Jul 25 2014 - 20:02:52)


U-Boot 2014.07-00097-g772e173 (Jul 25 2014 - 20:02:52)

TEGRA124
Board: NVIDIA Jetson TK1
I2C:   ready
DRAM:  2 GiB
MMC:   Tegra SD/MMC: 0, Tegra SD/MMC: 1
In:    serial
Out:   serial
Err:   serial
Net:   Net Initialization Skipped
No ethernet found.
Hit any key to stop autoboot:  2  0 
Tegra124 (Jetson TK1) # 
Tegra124 (Jetson TK1) # usb reset
(Re)start USB...
USB0:   USB EHCI 1.10
scanning bus 0 for devices... 1 USB Device(s) found
USB1:   USB EHCI 1.10
scanning bus 1 for devices... 2 USB Device(s) found
       scanning usb for storage devices... 0 Storage Device(s) found
       scanning usb for ethernet devices... 
Warning: asx0 using MAC address from net device
1 Ethernet Device(s) found
Tegra124 (Jetson TK1) # setenv bootargs 'ignore_loglevel console=ttyS0,115200n8 rw root=/dev/mmcblk0p1 rootwait gpt debug noinitrd earlyprintk init=/bin/bash'
Tegra124 (Jetson TK1) # setenv ipaddr 192.168.100.102; setenv serverip 192.168.100.1; setenv tftpserverip 192.168.100.1
Tegra124 (Jetson TK1) # tftpboot 0x82000000 zImage.multi_v7_defconfig
Using asx0 device
TFTP from server 192.168.100.1; our IP address is 192.168.100.102
Filename 'zImage.multi_v7_defconfig'.
Load address: 0x82000000
Loading: *#################################################################
	 #################################################################
	 #################################################################
	 #################################################################
	 #################################################################
	 #################################################################
	 #################################################################
	 ################
	 3.2 MiB/s
done
Bytes transferred = 6904528 (695ad0 hex)
Tegra124 (Jetson TK1) # tftpboot 0x83000000 tegra124-jetson-tk1.dtb
Using asx0 device
TFTP from server 192.168.100.1; our IP address is 192.168.100.102
Filename 'tegra124-jetson-tk1.dtb'.
Load address: 0x83000000
Loading: *#####
	 3.1 MiB/s
done
Bytes transferred = 64236 (faec hex)
Tegra124 (Jetson TK1) # bootz 0x82000000 - 0x83000000
Kernel image @ 0x82000000 [ 0x000000 - 0x695ad0 ]
## Flattened Device Tree blob at 83000000
   Booting using the fdt blob at 0x83000000
   Using Device Tree in place at 83000000, end 83012aeb

Starting kernel ...

[    0.000000] Booting Linux on physical CPU 0x0
[    0.000000] Linux version 4.5.0-rc6-next-20160301-77477-g6fa6381 (pwalmsley@sellafield) (gcc version 4.7.3 20130328 (prerelease) (crosstool-NG linaro-1.13.1-4.7-2013.04-20130415 - Linaro GCC 2013.04) ) #1 SMP Mon Feb 29 22:19:33 PST 2016
[    0.000000] CPU: ARMv7 Processor [413fc0f3] revision 3 (ARMv7), cr=10c5387d
[    0.000000] CPU: div instructions available: patching division code
[    0.000000] CPU: PIPT / VIPT nonaliasing data cache, PIPT instruction cache
[    0.000000] Machine model: NVIDIA Tegra124 Jetson TK1
[    0.000000] debug: ignoring loglevel setting.
[    0.000000] cma: Reserved 64 MiB at 0xfb800000
[    0.000000] Memory policy: Data cache writealloc
[    0.000000] On node 0 totalpages: 524032
[    0.000000] free_area_init_node: node 0, pgdat c1417d00, node_mem_map eeff8000
[    0.000000]   DMA zone: 1536 pages used for memmap
[    0.000000]   DMA zone: 0 pages reserved
[    0.000000]   DMA zone: 196608 pages, LIFO batch:31
[    0.000000]   HighMem zone: 327424 pages, LIFO batch:31
[    0.000000] PERCPU: Embedded 13 pages/cpu @eef8b000 s23808 r8192 d21248 u53248
[    0.000000] pcpu-alloc: s23808 r8192 d21248 u53248 alloc=13*4096
[    0.000000] pcpu-alloc: [0] 0 [0] 1 [0] 2 [0] 3 
[    0.000000] Built 1 zonelists in Zone order, mobility grouping on.  Total pages: 522496
[    0.000000] Kernel command line: ignore_loglevel console=ttyS0,115200n8 rw root=/dev/mmcblk0p1 rootwait gpt debug noinitrd earlyprintk init=/bin/bash
[    0.000000] PID hash table entries: 4096 (order: 2, 16384 bytes)
[    0.000000] Dentry cache hash table entries: 131072 (order: 7, 524288 bytes)
[    0.000000] Inode-cache hash table entries: 65536 (order: 6, 262144 bytes)
[    0.000000] Memory: 1995024K/2096128K available (9521K kernel code, 1127K rwdata, 4100K rodata, 2048K init, 342K bss, 35568K reserved, 65536K cma-reserved, 1244160K highmem)
[    0.000000] Virtual kernel memory layout:
[    0.000000]     vector  : 0xffff0000 - 0xffff1000   (   4 kB)
[    0.000000]     fixmap  : 0xffc00000 - 0xfff00000   (3072 kB)
[    0.000000]     vmalloc : 0xf0800000 - 0xff800000   ( 240 MB)
[    0.000000]     lowmem  : 0xc0000000 - 0xf0000000   ( 768 MB)
[    0.000000]     pkmap   : 0xbfe00000 - 0xc0000000   (   2 MB)
[    0.000000]     modules : 0xbf000000 - 0xbfe00000   (  14 MB)
[    0.000000]       .text : 0xc0208000 - 0xc104d664   (14614 kB)
[    0.000000]       .init : 0xc1100000 - 0xc1300000   (2048 kB)
[    0.000000]       .data : 0xc1300000 - 0xc1419d40   (1128 kB)
[    0.000000]        .bss : 0xc141b000 - 0xc14708a0   ( 343 kB)
[    0.000000] SLUB: HWalign=64, Order=0-3, MinObjects=0, CPUs=4, Nodes=1
[    0.000000] Hierarchical RCU implementation.
[    0.000000] 	Build-time adjustment of leaf fanout to 32.
[    0.000000] 	RCU restricting CPUs from NR_CPUS=16 to nr_cpu_ids=4.
[    0.000000] RCU: Adjusting geometry for rcu_fanout_leaf=32, nr_cpu_ids=4
[    0.000000] NR_IRQS:16 nr_irqs:16 16
[    0.000000] /interrupt-controller@60004000: 160 interrupts forwarded to /interrupt-controller@0,50041000
[    0.000000] Tegra clk 127: register failed with -17
[    0.000009] sched_clock: 32 bits at 1000kHz, resolution 1000ns, wraps every 2147483647500ns
[    0.000033] clocksource: timer_us: mask: 0xffffffff max_cycles: 0xffffffff, max_idle_ns: 1911260446275 ns
[    0.000047] Switching to timer-based delay loop, resolution 1000ns
[    0.004631] Architected cp15 timer(s) running at 12.00MHz (virt).
[    0.004649] clocksource: arch_sys_counter: mask: 0xffffffffffffff max_cycles: 0x2c47f4ee7, max_idle_ns: 440795202497 ns
[    0.004668] sched_clock: 56 bits at 12MHz, resolution 83ns, wraps every 4398046511096ns
[    0.004681] Switching to timer-based delay loop, resolution 83ns
[    0.005120] Console: colour dummy device 80x30
[    0.005145] Calibrating delay loop (skipped), value calculated using timer frequency.. 24.00 BogoMIPS (lpj=60000)
[    0.005160] pid_max: default: 32768 minimum: 301
[    0.005255] Mount-cache hash table entries: 2048 (order: 1, 8192 bytes)
[    0.005267] Mountpoint-cache hash table entries: 2048 (order: 1, 8192 bytes)
[    0.005857] CPU: Testing write buffer coherency: ok
[    0.006073] /cpus/cpu@0 missing clock-frequency property
[    0.006113] /cpus/cpu@1 missing clock-frequency property
[    0.006153] /cpus/cpu@2 missing clock-frequency property
[    0.006192] /cpus/cpu@3 missing clock-frequency property
[    0.006204] CPU0: thread -1, cpu 0, socket 0, mpidr 80000000
[    0.006244] Setting up static identity map for 0x80300000 - 0x80300098
[    0.009217] Tegra Revision: A01 SKU: 129 CPU Process: 1 SoC Process: 1
[    0.010585] CPU1: thread -1, cpu 1, socket 0, mpidr 80000001
[    0.015328] CPU2: thread -1, cpu 2, socket 0, mpidr 80000002
[    0.020324] CPU3: thread -1, cpu 3, socket 0, mpidr 80000003
[    0.024799] Brought up 4 CPUs
[    0.024819] SMP: Total of 4 processors activated (96.00 BogoMIPS).
[    0.024827] CPU: All CPU(s) started in SVC mode.
[    0.026321] devtmpfs: initialized
[    0.043987] VFP support v0.3: implementor 41 architecture 4 part 30 variant f rev 0
[    0.044747] clocksource: jiffies: mask: 0xffffffff max_cycles: 0xffffffff, max_idle_ns: 9556302231375000 ns
[    0.046340] pinctrl core: initialized pinctrl subsystem
[    0.048165] NET: Registered protocol family 16
[    0.050245] DMA: preallocated 256 KiB pool for atomic coherent allocations
[    0.064881] cpuidle: using governor menu
[    0.082850] No ATAGs?
[    0.082881] hw-breakpoint: found 5 (+1 reserved) breakpoint and 4 watchpoint registers.
[    0.082892] hw-breakpoint: maximum watchpoint size is 8 bytes.
[    0.088865] Serial: AMBA PL011 UART driver
[    0.121042] +USB0_VBUS_SW: Failed to request enable GPIO108: -517
[    0.121059] reg-fixed-voltage regulators:regulator@7: Failed to register regulator: -517
[    0.121150] +5V_USB_HS: Failed to request enable GPIO109: -517
[    0.121164] reg-fixed-voltage regulators:regulator@8: Failed to register regulator: -517
[    0.121332] +1.05V_RUN_AVDD_HDMI_PLL: Failed to request enable GPIO63: -517
[    0.121345] reg-fixed-voltage regulators:regulator@11: Failed to register regulator: -517
[    0.121433] +5V_HDMI_CON: Failed to request enable GPIO86: -517
[    0.121446] reg-fixed-voltage regulators:regulator@12: Failed to register regulator: -517
[    0.121531] +5V_SATA: Failed to request enable GPIO242: -517
[    0.121544] reg-fixed-voltage regulators:regulator@13: Failed to register regulator: -517
[    0.121630] +12V_SATA: Failed to request enable GPIO242: -517
[    0.121643] reg-fixed-voltage regulators:regulator@14: Failed to register regulator: -517
[    0.125273] vgaarb: loaded
[    0.126328] SCSI subsystem initialized
[    0.126498] libata version 3.00 loaded.
[    0.126809] usbcore: registered new interface driver usbfs
[    0.126878] usbcore: registered new interface driver hub
[    0.126955] usbcore: registered new device driver usb
[    0.130776] pps_core: LinuxPPS API ver. 1 registered
[    0.130786] pps_core: Software ver. 5.3.6 - Copyright 2005-2007 Rodolfo Giometti <giometti@linux.it>
[    0.130819] PTP clock support registered
[    0.131050] EDAC MC: Ver: 3.0.0
[    0.134301] clocksource: Switched to clocksource arch_sys_counter
[    0.145887] NET: Registered protocol family 2
[    0.146399] TCP established hash table entries: 8192 (order: 3, 32768 bytes)
[    0.146498] TCP bind hash table entries: 8192 (order: 4, 65536 bytes)
[    0.146684] TCP: Hash tables configured (established 8192 bind 8192)
[    0.146735] UDP hash table entries: 512 (order: 2, 16384 bytes)
[    0.146776] UDP-Lite hash table entries: 512 (order: 2, 16384 bytes)
[    0.146946] NET: Registered protocol family 1
[    0.147196] RPC: Registered named UNIX socket transport module.
[    0.147205] RPC: Registered udp transport module.
[    0.147213] RPC: Registered tcp transport module.
[    0.147220] RPC: Registered tcp NFSv4.1 backchannel transport module.
[    0.147242] PCI: CLS 0 bytes, default 64
[    0.148277] hw perfevents: enabled with armv7_cortex_a15 PMU driver, 7 counters available
[    0.149900] futex hash table entries: 1024 (order: 4, 65536 bytes)
[    0.150748] workingset: timestamp_bits=28 max_order=19 bucket_order=0
[    0.162332] squashfs: version 4.0 (2009/01/31) Phillip Lougher
[    0.163218] NFS: Registering the id_resolver key type
[    0.163249] Key type id_resolver registered
[    0.163257] Key type id_legacy registered
[    0.163336] ntfs: driver 2.1.32 [Flags: R/O].
[    0.164786] bounce: pool size: 64 pages
[    0.165001] Block layer SCSI generic (bsg) driver version 0.4 loaded (major 248)
[    0.165021] io scheduler noop registered
[    0.165037] io scheduler deadline registered
[    0.165077] io scheduler cfq registered (default)
[    0.185856] tegra-pcie 1003000.pcie-controller: 2x1, 1x1 configuration
[    0.185909] tegra-pcie 1003000.pcie-controller: Failed to get supply 'avddio-pex': -517
[    0.193598] tegra-apbdma 60020000.dma: Tegra20 APB DMA driver register 32 channels
[    0.195466] tegra-pmc 7000e400.pmc: emergency thermal reset enabled
[    0.258776] Serial: 8250/16550 driver, 4 ports, IRQ sharing disabled
[    0.261854] console [ttyS0] disabled
[    0.261891] 70006300.serial: ttyS0 at MMIO 0x70006300 (irq = 333, base_baud = 25500000) is a Tegra
[    1.083850] console [ttyS0] enabled
[    1.088269] SuperH (H)SCI(F) driver initialized
[    1.093903] msm_serial: driver initialized
[    1.098233] STMicroelectronics ASC driver initialized
[    1.104224] 70006000.serial: ttyTHS1 at MMIO 0x70006000 (irq = 331, base_baud = 0) is a TEGRA_UART
[    1.113544] 70006040.serial: ttyTHS2 at MMIO 0x70006040 (irq = 332, base_baud = 0) is a TEGRA_UART
[    1.124564] [drm] Initialized drm 1.1.0 20060810
[    1.132274] tegra-hdmi 54280000.hdmi: failed to get HDMI regulator
[    1.151621] brd: module loaded
[    1.160733] loop: module loaded
[    1.164251] at24 0-0056: 256 byte 24c02 EEPROM, writable, 8 bytes/write
[    1.172549] as3722 4-0040: AS3722 with revision 0x1 found
[    1.196275] +5V_SYS: supplied by +VDD_MUX
[    1.200342] +1.05V_RUN: supplied by +5V_SYS
[    1.204662] tegra-ahci 70027000.sata: Failed to get supply 'hvdd': -517
[    1.211334] tegra-ahci 70027000.sata: Failed to get regulators
[    1.223261] m25p80 spi32765.0: w25q32dw (4096 Kbytes)
[    1.231767] libphy: Fixed MDIO Bus: probed
[    1.236608] CAN device driver interface
[    1.242658] igb: Intel(R) Gigabit Ethernet Network Driver - version 5.3.0-k
[    1.249626] igb: Copyright (c) 2007-2014 Intel Corporation.
[    1.258808] pegasus: v0.9.3 (2013/04/25), Pegasus/Pegasus II USB Ethernet driver
[    1.266266] usbcore: registered new interface driver pegasus
[    1.272001] usbcore: registered new interface driver asix
[    1.277460] usbcore: registered new interface driver ax88179_178a
[    1.283616] usbcore: registered new interface driver cdc_ether
[    1.289527] usbcore: registered new interface driver smsc75xx
[    1.295350] usbcore: registered new interface driver smsc95xx
[    1.301154] usbcore: registered new interface driver net1080
[    1.306871] usbcore: registered new interface driver cdc_subset
[    1.312849] usbcore: registered new interface driver zaurus
[    1.318516] usbcore: registered new interface driver cdc_ncm
[    1.324481] tegra-phy 7d004000.usb-phy: no vbus regulator
[    1.331936] ehci_hcd: USB 2.0 'Enhanced' Host Controller (EHCI) Driver
[    1.338481] ehci-pci: EHCI PCI platform driver
[    1.342987] ehci-platform: EHCI generic platform driver
[    1.348456] ehci-omap: OMAP-EHCI Host Controller driver
[    1.353852] ehci-orion: EHCI orion driver
[    1.358029] SPEAr-ehci: EHCI SPEAr driver
[    1.362211] ehci-st: EHCI STMicroelectronics driver
[    1.367261] ehci-exynos: EHCI EXYNOS driver
[    1.371638] ehci-atmel: EHCI Atmel driver
[    1.375817] tegra-ehci: Tegra EHCI driver
[    1.380152] tegra-ehci 7d004000.usb: EHCI Host Controller
[    1.385584] tegra-ehci 7d004000.usb: new USB bus registered, assigned bus number 1
[    1.393332] tegra-ehci 7d004000.usb: irq 350, io mem 0x7d004000
[    1.404324] tegra-ehci 7d004000.usb: USB 2.0 started, EHCI 1.10
[    1.411115] hub 1-0:1.0: USB hub found
[    1.414915] hub 1-0:1.0: 1 port detected
[    1.419476] ohci_hcd: USB 1.1 'Open' Host Controller (OHCI) Driver
[    1.425681] ohci-pci: OHCI PCI platform driver
[    1.430198] ohci-platform: OHCI generic platform driver
[    1.435628] ohci-omap3: OHCI OMAP3 driver
[    1.439813] SPEAr-ohci: OHCI SPEAr driver
[    1.443979] ohci-st: OHCI STMicroelectronics driver
[    1.449032] ohci-atmel: OHCI Atmel driver
[    1.453884] usbcore: registered new interface driver usb-storage
[    1.461776] mousedev: PS/2 mouse device common for all mice
[    1.471012] as3722-rtc as3722-rtc: rtc core: registered as3722-rtc as rtc0
[    1.477900] as3722-rtc as3722-rtc: RTC interrupt 373
[    1.486330] tegra_rtc 7000e000.rtc: rtc core: registered 7000e000.rtc as rtc1
[    1.493521] tegra_rtc 7000e000.rtc: Tegra internal Real Time Clock
[    1.500343] i2c /dev entries driver
[    1.510561] 0-004c supply vcc not found, using dummy regulator
[    1.524609] sdhci: Secure Digital Host Controller Interface driver
[    1.530800] sdhci: Copyright(c) Pierre Ossman
[    1.536920] Synopsys Designware Multimedia Card Interface Driver
[    1.544164] sdhci-pltfm: SDHCI platform and OF driver helper
[    1.550648] sdhci-tegra 700b0400.sdhci: Got CD GPIO
[    1.555560] sdhci-tegra 700b0400.sdhci: Got WP GPIO
[    1.560497] mmc0: Unknown controller version (3). You may experience problems.
[    1.568093] mmc0: Unknown controller version (3). You may experience problems.
[    1.575449] mmc0: Invalid maximum block size, assuming 512 bytes
[    1.614324] mmc0: SDHCI controller on 700b0600.sdhci [700b0600.sdhci] using ADMA 64-bit
[    1.624310] ledtrig-cpu: registered to indicate activity on CPUs
[    1.630869] usbcore: registered new interface driver usbhid
[    1.636453] usbhid: USB HID core driver
[    1.649901] NET: Registered protocol family 10
[    1.655085] sit: IPv6 over IPv4 tunneling driver
[    1.660385] NET: Registered protocol family 17
[    1.664862] can: controller area network core (rev 20120528 abi 9)
[    1.671110] NET: Registered protocol family 29
[    1.675573] can: raw protocol (rev 20120528)
[    1.679865] can: broadcast manager protocol (rev 20120528 t)
[    1.685546] can: netlink gateway (rev 20130117) max_hops=1
[    1.691446] Key type dns_resolver registered
[    1.696375] ThumbEE CPU extension supported.
[    1.700670] Registering SWP/SWPB emulation handler
[    1.719929] tegra-pcie 1003000.pcie-controller: 2x1, 1x1 configuration
[    1.726832] +3.3V_SYS: supplied by +VDD_MUX
[    1.731134] +3.3V_LP0: supplied by +3.3V_SYS
[    1.735821] +1.35V_LP0(sd2): supplied by +5V_SYS
[    1.740543] +1.05V_RUN_AVDD: supplied by +1.35V_LP0(sd2)
[    1.748387] tegra-pcie 1003000.pcie-controller: probing port 0, using 2 lanes
[    1.759712] tegra-pcie 1003000.pcie-controller: Slot present pin change, signature: 00000008
[    1.828977] mmc0: new HS200 MMC card at address 0001
[    1.834960] mmcblk0: mmc0:0001 SEM16G 14.7 GiB 
[    1.840187] mmcblk0boot0: mmc0:0001 SEM16G partition 1 4.00 MiB
[    1.846829] mmcblk0boot1: mmc0:0001 SEM16G partition 2 4.00 MiB
[    1.853641] mmcblk0rpmb: mmc0:0001 SEM16G partition 3 4.00 MiB
[    1.862498] Primary GPT is invalid, using alternate GPT.
[    1.867876]  mmcblk0: p1 p2 p3 p4 p5 p6 p7 p8 p9
[    2.180215] tegra-pcie 1003000.pcie-controller: link 0 down, retrying
[    2.609893] tegra-pcie 1003000.pcie-controller: link 0 down, retrying
[    3.039462] tegra-pcie 1003000.pcie-controller: link 0 down, retrying
[    3.048050] tegra-pcie 1003000.pcie-controller: link 0 down, ignoring
[    3.054548] tegra-pcie 1003000.pcie-controller: probing port 1, using 1 lanes
[    3.063851] tegra-pcie 1003000.pcie-controller: Slot present pin change, signature: 00000000
[    3.076697] tegra-pcie 1003000.pcie-controller: PCI host bridge to bus 0000:00
[    3.083952] pci_bus 0000:00: root bus resource [mem 0x13000000-0x1fffffff]
[    3.090838] pci_bus 0000:00: root bus resource [mem 0x20000000-0x3fffffff pref]
[    3.098154] pci_bus 0000:00: root bus resource [bus 00-ff]
[    3.103647] pci_bus 0000:00: root bus resource [io  0x1000-0xffff]
[    3.109865] pci 0000:00:02.0: [10de:0e13] type 01 class 0x060400
[    3.115977] pci 0000:00:02.0: PME# supported from D0 D1 D2 D3hot D3cold
[    3.122884] PCI: bus0: Fast back to back transfers disabled
[    3.128470] pci 0000:00:02.0: bridge configuration invalid ([bus 00-00]), reconfiguring
[    3.136668] pci 0000:01:00.0: [10ec:8168] type 00 class 0x020000
[    3.142709] pci 0000:01:00.0: reg 0x10: [io  0x0000-0x00ff]
[    3.148318] pci 0000:01:00.0: reg 0x18: [mem 0x00000000-0x00000fff 64bit]
[    3.155131] pci 0000:01:00.0: reg 0x20: [mem 0x00000000-0x00003fff 64bit pref]
[    3.162489] pci 0000:01:00.0: supports D1 D2
[    3.166768] pci 0000:01:00.0: PME# supported from D0 D1 D2 D3hot D3cold
[    3.179444] PCI: bus1: Fast back to back transfers disabled
[    3.185044] pci_bus 0000:01: busn_res: [bus 01-ff] end is updated to 01
[    3.191758] pci 0000:00:02.0: BAR 8: assigned [mem 0x13000000-0x130fffff]
[    3.198559] pci 0000:00:02.0: BAR 9: assigned [mem 0x20000000-0x200fffff 64bit pref]
[    3.206310] pci 0000:00:02.0: BAR 7: assigned [io  0x1000-0x1fff]
[    3.212416] pci 0000:01:00.0: BAR 4: assigned [mem 0x20000000-0x20003fff 64bit pref]
[    3.220183] pci 0000:01:00.0: BAR 2: assigned [mem 0x13000000-0x13000fff 64bit]
[    3.227515] pci 0000:01:00.0: BAR 0: assigned [io  0x1000-0x10ff]
[    3.233623] pci 0000:00:02.0: PCI bridge to [bus 01]
[    3.238598] pci 0000:00:02.0:   bridge window [io  0x1000-0x1fff]
[    3.244701] pci 0000:00:02.0:   bridge window [mem 0x13000000-0x130fffff]
[    3.251495] pci 0000:00:02.0:   bridge window [mem 0x20000000-0x200fffff 64bit pref]
[    3.259265] pci 0000:00:02.0: nv_msi_ht_cap_quirk didn't locate host bridge
[    3.266341] pcieport 0000:00:02.0: enabling device (0140 -> 0143)
[    3.272684] pcieport 0000:00:02.0: Signaling PME through PCIe PME interrupt
[    3.279654] pci 0000:01:00.0: Signaling PME through PCIe PME interrupt
[    3.286192] pcie_pme 0000:00:02.0:pcie01: service driver pcie_pme loaded
[    3.293086] r8169 Gigabit Ethernet driver 2.3LK-NAPI loaded
[    3.298687] r8169 0000:01:00.0: enabling device (0140 -> 0143)
[    3.316113] r8169 0000:01:00.0 eth0: RTL8168g/8111g at 0xf0a1c000, 00:04:4b:25:b3:b4, XID 0c000800 IRQ 390
[    3.325802] r8169 0000:01:00.0 eth0: jumbo features [frames: 9200 bytes, tx checksumming: ko]
[    3.335282] +5V_HDMI_CON: supplied by +5V_SYS
[    3.339814] +1.05V_RUN_AVDD_HDMI_PLL: supplied by +1.05V_RUN
[    3.345755] +3.3V_RUN: supplied by +3.3V_SYS
[    3.350128] +3.3V_AVDD_HDMI_AP_GATED: supplied by +3.3V_RUN
[    3.358516] [drm] Supports vblank timestamp caching Rev 2 (21.10.2013).
[    3.365169] [drm] No driver support for vblank timestamp query.
[    3.469635] tegra-hdmi 54280000.hdmi: cannot set audio to 44100 at 297000000 pclk
[    3.621368] Console: switching to colour frame buffer device 512x135
[    3.715592] drm drm: fb0:  frame buffer device
[    3.734427] [drm] Initialized tegra 0.0.0 20120330 on minor 0
[    3.741612] +5V_SATA: supplied by +5V_SYS
[    3.745859] +12V_SATA: supplied by +VDD_MUX
[    3.750478] tegra-ahci 70027000.sata: AHCI 0001.0301 32 slots 2 ports 3 Gbps 0x1 impl platform mode
[    3.759563] tegra-ahci 70027000.sata: flags: 64bit ncq sntf pm led pio slum part sadm sds apst 
[    3.770801] scsi host0: tegra-ahci
[    3.775195] scsi host1: tegra-ahci
[    3.778946] ata1: SATA max UDMA/133 mmio [mem 0x70027000-0x70028fff] port 0x100 irq 343
[    3.786983] ata2: DUMMY
[    3.790995] +5V_USB_HS: supplied by +5V_SYS
[    3.796818] tegra-ehci 7d008000.usb: EHCI Host Controller
[    3.802255] tegra-ehci 7d008000.usb: new USB bus registered, assigned bus number 2
[    3.810064] tegra-ehci 7d008000.usb: irq 351, io mem 0x7d008000
[    3.824423] tegra-ehci 7d008000.usb: USB 2.0 started, EHCI 1.10
[    3.831582] hub 2-0:1.0: USB hub found
[    3.835438] hub 2-0:1.0: 1 port detected
[    3.841219] cpu: dev_pm_opp_of_cpumask_add_table: couldn't find opp table for cpu:0, -19
[    3.849407] cpu cpu0: dev_pm_opp_get_max_volt_latency: Invalid regulator (-6)
[    3.856654] cpufreq: cpufreq_online: CPU0: Running at unlisted freq: 696000 KHz
[    3.864024] cpufreq: cpufreq_online: CPU0: Unlisted initial frequency changed to: 714000 KHz
[    3.873890] sdhci-tegra 700b0400.sdhci: Got CD GPIO
[    3.878802] sdhci-tegra 700b0400.sdhci: Got WP GPIO
[    3.883736] mmc1: Unknown controller version (3). You may experience problems.
[    3.891068] +VDDIO_SDMMC3: supplied by +3.3V_RUN
[    3.895763] mmc1: Invalid maximum block size, assuming 512 bytes
[    3.934565] mmc1: SDHCI controller on 700b0400.sdhci [700b0400.sdhci] using ADMA 64-bit
[    3.944357] input: gpio-keys as /devices/soc0/gpio-keys/input/input0
[    3.951542] as3722-rtc as3722-rtc: setting system clock to 2000-01-01 00:00:50 UTC (946684850)
[    3.963905] +1.8V_RUN_CAM: disabling
[    3.967691] +2.8V_RUN_CAM: disabling
[    3.971472] +1.2V_RUN_CAM_FRONT: disabling
[    3.975744] +1.05V_RUN_CAM_REAR: disabling
[    3.980010] +3.3V_RUN_TOUCH: disabling
[    3.983904] +2.8V_RUN_CAM_AF: disabling
[    3.987908] +1.8V_RUN_VPP_FUSE: disabling
[    3.992084] +USB0_VBUS_SW: disabling
[    4.101707] ata1: SATA link down (SStatus 0 SControl 300)
[    4.107791] EXT4-fs (mmcblk0p1): couldn't mount as ext3 due to feature incompatibilities
[    4.116360] EXT4-fs (mmcblk0p1): couldn't mount as ext2 due to feature incompatibilities
[    4.132333] EXT4-fs (mmcblk0p1): warning: mounting fs with errors, running e2fsck is recommended
[    4.143130] EXT4-fs (mmcblk0p1): recovery complete
[    4.147955] EXT4-fs (mmcblk0p1): mounted filesystem with ordered data mode. Opts: (null)
[    4.149348] usb 2-1: new high-speed USB device number 2 using tegra-ehci
[    4.162811] VFS: Mounted root (ext4 filesystem) on device 179:1.
[    4.170307] devtmpfs: mounted
[    4.173944] Freeing unused kernel memory: 2048K (c1100000 - c1300000)
bash: cannot set terminal process group (-1): Inappropriate ioctl for device
bash: no job control in this shell
root@(none):/# mount -t sysfs none /sys
root@(none):/# 
root@(none):/# mount -t debugfs none /sys/kernel/debug
root@(none):/# 
root@(none):/# rtcwake -d rtc1 -m mem -s 3
rtcwake: assuming RTC uses UTC ...
rtcwake: wakeup from "mem" using /dev/rtc1 at Thu Jan  1 00:00:24 1970
[    7.507581] PM: Syncing filesystems ... done.
[    7.773455] Freezing user space processes ... (elapsed 0.001 seconds) done.
[    7.781926] Freezing remaining freezable tasks ... (elapsed 0.001 seconds) done.
[    7.790588] Suspending console(s) (use no_console_suspend to debug)
[    7.876037] PM: suspend of devices complete after 78.501 msecs
[    7.877451] PM: late suspend of devices complete after 1.404 msecs
[    7.889988] PM: noirq suspend of devices complete after 12.531 msecs
[    7.889990] Disabling non-boot CPUs ...
[    7.890418] CPU1: shutdown
[    7.905580] CPU2: shutdown
[    7.920224] IRQ16 no longer affine to CPU3
[    7.920440] CPU3: shutdown
[    7.934843] Entering suspend state LP1
[    7.934857] Enabling non-boot CPUs ...
[    7.960068] CPU1 is up
[    7.985131] CPU2 is up
[    8.010259] CPU3 is up
[    8.010932] pcieport 0000:00:02.0: nv_msi_ht_cap_quirk didn't locate host bridge
[    8.024390] PM: noirq resume of devices complete after 14.125 msecs
[    8.025640] PM: early resume of devices complete after 0.947 msecs
[    8.027976] tegra-hdmi 54280000.hdmi: cannot set audio to 44100 at 297000000 pclk
[    8.160964] PM: resume of devices complete after 135.314 msecs
[    8.243771] Restarting tasks ... done.
root@(none):/# 
root@(none):/# [    8.416851] ata1: SATA link down (SStatus 0 SControl 300)
rtcwake -d rtc1 -m mem -s 3
rtcwake: assuming RTC uses UTC ...
rtcwake: wakeup from "mem" using /dev/rtc1 at Thu Jan  1 00:00:29 1970
[    9.603827] PM: Syncing filesystems ... done.
[    9.868280] Freezing user space processes ... (elapsed 0.001 seconds) done.
[    9.876845] Freezing remaining freezable tasks ... (elapsed 0.001 seconds) done.
[    9.885512] Suspending console(s) (use no_console_suspend to debug)
[    9.970663] PM: suspend of devices complete after 78.252 msecs
[    9.972243] PM: late suspend of devices complete after 1.571 msecs
[    9.984925] PM: noirq suspend of devices complete after 12.677 msecs
[    9.984927] Disabling non-boot CPUs ...
[    9.985320] CPU1: shutdown
[   10.000466] CPU2: shutdown
[   10.015302] CPU3: shutdown
[   10.029795] Entering suspend state LP1
[   10.029809] Enabling non-boot CPUs ...
[   10.055043] CPU1 is up
[   10.080109] CPU2 is up
[   10.105230] CPU3 is up
[   10.105887] pcieport 0000:00:02.0: nv_msi_ht_cap_quirk didn't locate host bridge
[   10.119368] PM: noirq resume of devices complete after 14.133 msecs
[   10.121065] PM: early resume of devices complete after 1.391 msecs
[   10.123361] tegra-hdmi 54280000.hdmi: cannot set audio to 44100 at 297000000 pclk
[   10.255965] PM: resume of devices complete after 134.890 msecs
[   10.334739] Restarting tasks ... done.
root@(none):/# 
root@(none):/# [   10.511880] ata1: SATA link down (SStatus 0 SControl 300)
rtcwake -d rtc1 -m mem -s 3
rtcwake: assuming RTC uses UTC ...
rtcwake: wakeup from "mem" using /dev/rtc1 at Thu Jan  1 00:00:34 1970
[   11.653892] PM: Syncing filesystems ... done.
[   11.830616] Freezing user space processes ... (elapsed 0.001 seconds) done.
[   11.839307] Freezing remaining freezable tasks ... (elapsed 0.001 seconds) done.
[   11.848463] Suspending console(s) (use no_console_suspend to debug)
[   11.942487] PM: suspend of devices complete after 85.056 msecs
[   11.947921] PM: late suspend of devices complete after 5.406 msecs
[   11.962444] PM: noirq suspend of devices complete after 14.503 msecs
[   11.962451] Disabling non-boot CPUs ...
[   11.963983] CPU1: shutdown
[   11.989476] CPU2: shutdown
[   12.008539] CPU3: shutdown
[   12.021654] Entering suspend state LP1
[   12.021669] Enabling non-boot CPUs ...
[   12.045014] CPU1 is up
[   12.070081] CPU2 is up
[   12.095201] CPU3 is up
[   12.095857] pcieport 0000:00:02.0: nv_msi_ht_cap_quirk didn't locate host bridge
[   12.109339] PM: noirq resume of devices complete after 14.132 msecs
[   12.111022] PM: early resume of devices complete after 1.377 msecs
[   12.113274] tegra-hdmi 54280000.hdmi: cannot set audio to 44100 at 297000000 pclk
[   12.245972] PM: resume of devices complete after 134.940 msecs
[   12.324722] Restarting tasks ... done.
root@(none):/# 
root@(none):/# [   12.501848] ata1: SATA link down (SStatus 0 SControl 300)
rtcwake -d rtc1 -m mem -s 3
rtcwake: assuming RTC uses UTC ...
rtcwake: wakeup from "mem" using /dev/rtc1 at Thu Jan  1 00:00:39 1970
[   13.695306] PM: Syncing filesystems ... done.
[   13.959473] Freezing user space processes ... (elapsed 0.001 seconds) done.
[   13.967942] Freezing remaining freezable tasks ... (elapsed 0.001 seconds) done.
[   13.976629] Suspending console(s) (use no_console_suspend to debug)
[   14.055873] PM: suspend of devices complete after 72.306 msecs
[   14.057742] PM: late suspend of devices complete after 1.859 msecs
[   14.069918] PM: noirq suspend of devices complete after 12.170 msecs
[   14.069920] Disabling non-boot CPUs ...
[   14.070344] CPU1: shutdown
[   14.085257] IRQ16 no longer affine to CPU2
[   14.085471] CPU2: shutdown
[   14.110309] CPU3: shutdown
[   14.124772] Entering suspend state LP1
[   14.124786] Enabling non-boot CPUs ...
[   14.149984] CPU1 is up
[   14.175055] CPU2 is up
[   14.200181] CPU3 is up
[   14.200821] pcieport 0000:00:02.0: nv_msi_ht_cap_quirk didn't locate host bridge
[   14.214315] PM: noirq resume of devices complete after 14.128 msecs
[   14.215679] PM: early resume of devices complete after 1.059 msecs
[   14.218101] tegra-hdmi 54280000.hdmi: cannot set audio to 44100 at 297000000 pclk
[   14.350721] PM: resume of devices complete after 135.031 msecs
[   14.433572] Restarting tasks ... done.
root@(none):/# 
root@(none):/# [   14.606844] ata1: SATA link down (SStatus 0 SControl 300)
rtcwake -d rtc1 -m mem -s 3
rtcwake: assuming RTC uses UTC ...
rtcwake: wakeup from "mem" using /dev/rtc1 at Thu Jan  1 00:00:44 1970
[   15.757623] PM: Syncing filesystems ... done.
[   16.021358] Freezing user space processes ... (elapsed 0.001 seconds) done.
[   16.029915] Freezing remaining freezable tasks ... (elapsed 0.001 seconds) done.
[   16.038587] Suspending console(s) (use no_console_suspend to debug)
[   16.120780] PM: suspend of devices complete after 75.205 msecs
[   16.122887] PM: late suspend of devices complete after 2.097 msecs
[   16.134932] PM: noirq suspend of devices complete after 12.039 msecs
[   16.134935] Disabling non-boot CPUs ...
[   16.135156] IRQ16 no longer affine to CPU1
[   16.135370] CPU1: shutdown
[   16.150551] CPU2: shutdown
[   16.165356] CPU3: shutdown
[   16.179790] Entering suspend state LP1
[   16.179805] Enabling non-boot CPUs ...
[   16.204959] CPU1 is up
[   16.230032] CPU2 is up
[   16.255157] CPU3 is up
[   16.255793] pcieport 0000:00:02.0: nv_msi_ht_cap_quirk didn't locate host bridge
[   16.269294] PM: noirq resume of devices complete after 14.131 msecs
[   16.270989] PM: early resume of devices complete after 1.383 msecs
[   16.273309] tegra-hdmi 54280000.hdmi: cannot set audio to 44100 at 297000000 pclk
[   16.405918] PM: resume of devices complete after 134.919 msecs
[   16.488736] Restarting tasks ... done.
root@(none):/# 
root@(none):/# [   16.661806] ata1: SATA link down (SStatus 0 SControl 300)
NVTB SYSTEM SUSPEND TEST COMPLETE
