
U-Boot SPL 2013.04-rc2-06423-gf2e8a87-dirty (May 15 2013 - 09:45:39)


U-Boot 2013.04-rc2-06423-gf2e8a87-dirty (May 15 2013 - 09:45:39)

TEGRA30
Board: NVIDIA Beaver
DRAM:  2 GiB
MMC:   Tegra SD/MMC: 0, Tegra SD/MMC: 1
*** Warning - bad CRC, using default environment

In:    serial
Out:   serial
Err:   serial
Hit any key to stop autoboot:  2  0 
Tegra30 (Beaver) # 
Tegra30 (Beaver) # setenv bootargs 'console=ttyS0,230400n8 noinitrd root=/dev/mmcblk0p1 rw rootwait gpt ignore_loglevel debug'
Tegra30 (Beaver) # loady 0x81000000
## Ready for binary (ymodem) download to 0x81000000 at 230400 bps...
CSending: zImage
Sending: 

Transfer complete
yzModem - CRC mode, 5(SOH)/4340(STX)/0(CAN) packets, 3 retries
## Total Size      = 0x0043d118 = 4444440 Bytes
Tegra30 (Beaver) # loady 0x82000000
## Ready for binary (ymodem) download to 0x82000000 at 230400 bps...
CSending: tegra30-beaver.dtb
Sending: 

Transfer complete
yzModem - CRC mode, 6(SOH)/20(STX)/0(CAN) packets, 3 retries
## Total Size      = 0x000051a8 = 20904 Bytes
Tegra30 (Beaver) # bootz 0x81000000 - 0x82000000
## Flattened Device Tree blob at 82000000
   Booting using the fdt blob at 0x82000000
   Loading Device Tree to 8fff7000, end 8ffff1a7 ... OK

Starting kernel .ø†ø†æ€˜€æ€˜€fæžÎžæžøÎxÎøÎžøž~8˜†žøžf†ø†ø†8xþžøžf†8àÎžþž`Îžøž~8~€žf8æÎxžfžø†æ€˜€[    0.000000] Booting Linux on physical CPU 0x0
[    0.000000] Initializing cgroup subsys cpu
[    0.000000] Initializing cgroup subsys cpuacct
[    0.000000] Linux version 3.11.0-rc7-next-20130830-10189-g797c8d18 (pwalmsley@tamien) (gcc version 4.5.1 (Sourcery G++ Lite 2010.09-50) ) #1 SMP PREEMPT Fri Aug 30 03:10:35 PDT 2013
[    0.000000] CPU: ARMv7 Processor [412fc099] revision 9 (ARMv7), cr=10c5387d
[    0.000000] CPU: PIPT / VIPT nonaliasing data cache, VIPT aliasing instruction cache
[    0.000000] Machine: NVIDIA Tegra SoC (Flattened Device Tree), model: NVIDIA Tegra30 Beaver evaluation board
[    0.000000] debug: ignoring loglevel setting.
[    0.000000] Memory policy: ECC disabled, Data cache writealloc
[    0.000000] On node 0 totalpages: 524032
[    0.000000] free_area_init_node: node 0, pgdat c082a4c0, node_mem_map c0881000
[    0.000000]   Normal zone: 1520 pages used for memmap
[    0.000000]   Normal zone: 0 pages reserved
[    0.000000]   Normal zone: 194560 pages, LIFO batch:31
[    0.000000]   HighMem zone: 2574 pages used for memmap
[    0.000000]   HighMem zone: 329472 pages, LIFO batch:31
[    0.000000] fuse_speedo_calib: ATE prog ver 3.3
[    0.000000] Tegra30: CPU Speedo ID 5, Soc Speedo ID 2
[    0.000000] Tegra Revision: A03 SKU: 128 CPU Process: 4 Core Process: 0
[    0.000000] L310 cache controller enabled
[    0.000000] l2x0: 8 ways, CACHE_ID 0x410000c7, AUX_CTRL 0x7e480001, Cache size: 1024 kB
[    0.000000] PERCPU: Embedded 8 pages/cpu @c1894000 s9024 r8192 d15552 u32768
[    0.000000] pcpu-alloc: s9024 r8192 d15552 u32768 alloc=8*4096
[    0.000000] pcpu-alloc: [0] 0 [0] 1 [0] 2 [0] 3 
[    0.000000] Built 1 zonelists in Zone order, mobility grouping on.  Total pages: 522512
[    0.000000] Kernel command line: console=ttyS0,230400n8 noinitrd root=/dev/mmcblk0p1 rw rootwait gpt ignore_loglevel debug
[    0.000000] PID hash table entries: 4096 (order: 2, 16384 bytes)
[    0.000000] Dentry cache hash table entries: 131072 (order: 7, 524288 bytes)
[    0.000000] Inode-cache hash table entries: 65536 (order: 6, 262144 bytes)
[    0.000000] Memory: 2069992K/2096128K available (6082K kernel code, 278K rwdata, 1756K rodata, 212K init, 340K bss, 26136K reserved, 1317888K highmem)
[    0.000000] Virtual kernel memory layout:
[    0.000000]     vector  : 0xffff0000 - 0xffff1000   (   4 kB)
[    0.000000]     fixmap  : 0xfff00000 - 0xfffe0000   ( 896 kB)
[    0.000000]     vmalloc : 0xf0000000 - 0xff000000   ( 240 MB)
[    0.000000]     lowmem  : 0xc0000000 - 0xef800000   ( 760 MB)
[    0.000000]     pkmap   : 0xbfe00000 - 0xc0000000   (   2 MB)
[    0.000000]     modules : 0xbf000000 - 0xbfe00000   (  14 MB)
[    0.000000]       .text : 0xc0008000 - 0xc07afeb0   (7840 kB)
[    0.000000]       .init : 0xc07b0000 - 0xc07e5340   ( 213 kB)
[    0.000000]       .data : 0xc07e6000 - 0xc082bb00   ( 279 kB)
[    0.000000]        .bss : 0xc082bb0c - 0xc0880c7c   ( 341 kB)
[    0.000000] Preemptible hierarchical RCU implementation.
[    0.000000] NR_IRQS:16 nr_irqs:16 16
[    0.000000] sched_clock: 32 bits at 1MHz, resolution 1000ns, wraps every 4294967ms
[    0.000000] Console: colour dummy device 80x30
[    0.000515] Calibrating delay loop... 2786.91 BogoMIPS (lpj=13934592)
[    0.059917] pid_max: default: 32768 minimum: 301
[    0.060256] Mount-cache hash table entries: 512
[    0.069724] Initializing cgroup subsys debug
[    0.069742] Initializing cgroup subsys freezer
[    0.069789] CPU: Testing write buffer coherency: ok
[    0.070210] CPU0: thread -1, cpu 0, socket 0, mpidr 80000000
[    0.070260] Setting up static identity map for 0xc05c99b0 - 0xc05c9a48
[    0.131252] CPU1: Booted secondary processor
[    0.189982] CPU1: thread -1, cpu 1, socket 0, mpidr 80000001
[    0.211205] CPU2: Booted secondary processor
[    0.269981] CPU2: thread -1, cpu 2, socket 0, mpidr 80000002
[    0.291224] CPU3: Booted secondary processor
[    0.349981] CPU3: thread -1, cpu 3, socket 0, mpidr 80000003
[    0.350049] Brought up 4 CPUs
[    0.350067] SMP: Total of 4 processors activated (11167.33 BogoMIPS).
[    0.350074] CPU: All CPU(s) started in SVC mode.
[    0.350849] devtmpfs: initialized
[    0.360881] VFP support v0.3: implementor 41 architecture 3 part 30 variant 9 rev 4
[    0.361165] pinctrl core: initialized pinctrl subsystem
[    0.361552] regulator-dummy: no parameters
[    0.361919] NET: Registered protocol family 16
[    0.363276] DMA: preallocated 256 KiB pool for atomic coherent allocations
[    0.363841] cpuidle: using governor ladder
[    0.363847] cpuidle: using governor menu
[    0.371395] No ATAGs?
[    0.371415] hw-breakpoint: found 5 (+1 reserved) breakpoint and 1 watchpoint registers.
[    0.371422] hw-breakpoint: maximum watchpoint size is 4 bytes.
[    0.380121] bio: create slab <bio-0> at 0
[    0.381168] vdd_5v_in: 5000 mV 
[    0.381284] platform 1.regulator: Driver reg-fixed-voltage requests probe deferral
[    0.381324] platform 2.regulator: Driver reg-fixed-voltage requests probe deferral
[    0.381478] vdd_5v_sata: 5000 mV 
[    0.381505] vdd_5v_sata: supplied by vdd_5v_in
[    0.381734] usb1_vbus: 5000 mV 
[    0.381758] usb1_vbus: supplied by vdd_5v_in
[    0.381940] usb3_vbus: 5000 mV 
[    0.381961] usb3_vbus: supplied by vdd_5v_in
[    0.382068] platform 6.regulator: Driver reg-fixed-voltage requests probe deferral
[    0.382211] sys_3v3_pexs: 3300 mV 
[    0.382236] reg-fixed-voltage 7.regulator: Failed to find supply vin
[    0.382326] reg-fixed-voltage 7.regulator: Failed to register regulator: -517
[    0.382338] platform 7.regulator: Driver reg-fixed-voltage requests probe deferral
[    0.383101] vgaarb: loaded
[    0.383900] SCSI subsystem initialized
[    0.384202] usbcore: registered new interface driver usbfs
[    0.384265] usbcore: registered new interface driver hub
[    0.384408] usbcore: registered new device driver usb
[    0.387839] tps62361-vout: 500 <--> 1500 mV at 1160 mV 
[    0.388192] tps65910 4-002d: VMBCH-Threshold not specified
[    0.388200] tps65910 4-002d: VMBCH2-Threshold not specified
[    0.393485] vdd_1v8_gen: 1800 mV 
[    0.393532] vdd_1v8_gen: supplied by vdd_5v_in
[    0.396681] vddio_ddr_1v2: 1200 mV 
[    0.397171] vddio_ddr_1v2: supplied by vdd_5v_in
[    0.400522] vdd_1v5_gen: 1500 mV 
[    0.400554] vdd_1v5_gen: supplied by vdd_5v_in
[    0.403934] vdd_cpu,vdd_sys: 1000 mV 
[    0.406360] vdd_pexa,vdd_pexb: 1050 mV 
[    0.406391] vdd_pexa,vdd_pexb: supplied by vdd_1v5_gen
[    0.409176] vdd_sata,avdd_plle: 1050 mV 
[    0.409206] vdd_sata,avdd_plle: supplied by vdd_1v5_gen
[    0.411667] vdd_rtc: 1200 mV 
[    0.411700] vdd_rtc: supplied by vdd_5v_in
[    0.414166] vddio_sdmmc,avdd_vdac: 3300 mV 
[    0.414197] vddio_sdmmc,avdd_vdac: supplied by vdd_5v_in
[    0.416977] avdd_dsi_csi,pwrdet_mipi: 1200 mV 
[    0.417009] avdd_dsi_csi,pwrdet_mipi: supplied by vdd_1v8_gen
[    0.419475] vdd_pllm,x,u,a_p_c_s: 1200 mV 
[    0.419507] vdd_pllm,x,u,a_p_c_s: supplied by vdd_1v8_gen
[    0.422276] vdd_ddr_hs: 1000 mV 
[    0.422306] vdd_ddr_hs: supplied by vdd_1v8_gen
[    0.422666] Linux video capture interface: v2.00
[    0.423117] platform 7000f010.iommu: Driver tegra-smmu requests probe deferral
[    0.423347] Advanced Linux Sound Architecture Driver Initialized.
[    0.423936] Bluetooth: Core ver 2.16
[    0.423999] NET: Registered protocol family 31
[    0.424004] Bluetooth: HCI device and connection manager initialized
[    0.424022] Bluetooth: HCI socket layer initialized
[    0.424036] Bluetooth: L2CAP socket layer initialized
[    0.424072] Bluetooth: SCO socket layer initialized
[    0.424556] cfg80211: Calling CRDA to update world regulatory domain
[    0.425284] Switched to clocksource timer_us
[    0.434543] NET: Registered protocol family 2
[    0.435216] TCP established hash table entries: 8192 (order: 4, 65536 bytes)
[    0.435337] TCP bind hash table entries: 8192 (order: 4, 65536 bytes)
[    0.435415] TCP: Hash tables configured (established 8192 bind 8192)
[    0.435881] TCP: reno registered
[    0.435896] UDP hash table entries: 512 (order: 2, 16384 bytes)
[    0.435959] UDP-Lite hash table entries: 512 (order: 2, 16384 bytes)
[    0.436337] NET: Registered protocol family 1
[    0.436929] RPC: Registered named UNIX socket transport module.
[    0.436936] RPC: Registered udp transport module.
[    0.436940] RPC: Registered tcp transport module.
[    0.436943] RPC: Registered tcp NFSv4.1 backchannel transport module.
[    0.436953] PCI: CLS 0 bytes, default 64
[    0.437880] hw perfevents: enabled with ARMv7 Cortex-A9 PMU driver, 7 counters available
[    0.440140] bounce pool size: 64 pages
[    0.441291] squashfs: version 4.0 (2009/01/31) Phillip Lougher
[    0.441922] msgmni has been set to 1468
[    0.443035] io scheduler noop registered (default)
[    0.443658] platform 3000.pcie-controller: Driver tegra-pcie requests probe deferral
[    0.447310] tegra-apbdma 6000a000.dma: Tegra20 APB DMA driver register 32 channels
[    0.447706] Serial: 8250/16550 driver, 4 ports, IRQ sharing disabled
[    0.449013] 70006000.serial: ttyS0 at MMIO 0x70006000 (irq = 68, base_baud = 25500000) is a Tegra
[    0.855104] console [ttyS0] enabled
[    0.857479] [drm] Initialized drm 1.1.0 20060810
[    0.860976] tegra-hdmi 54280000.hdmi: failed to get VDD regulator
[    0.864044] platform 54280000.hdmi: Driver tegra-hdmi requests probe deferral
[    0.871133] loop: module loaded
[    0.874651] spi_master spi32766: /spi@7000da00/spi-flash@1 has no 'spi-tx-nbits' property
[    0.879456] pegasus: v0.9.3 (2013/04/25), Pegasus/Pegasus II USB Ethernet driver
[    0.883233] usbcore: registered new interface driver pegasus
[    0.886165] usbcore: registered new interface driver asix
[    0.888920] usbcore: registered new interface driver ax88179_178a
[    0.892022] usbcore: registered new interface driver cdc_ether
[    0.894992] usbcore: registered new interface driver r815x
[    0.897844] usbcore: registered new interface driver smsc75xx
[    0.900795] usbcore: registered new interface driver smsc95xx
[    0.903725] usbcore: registered new interface driver net1080
[    0.906642] usbcore: registered new interface driver cdc_subset
[    0.909657] usbcore: registered new interface driver zaurus
[    0.912523] usbcore: registered new interface driver cdc_ncm
[    0.915409] ehci_hcd: USB 2.0 'Enhanced' Host Controller (EHCI) Driver
[    0.918683] ehci-pci: EHCI PCI platform driver
[    0.920960] tegra-ehci: Tegra EHCI driver
[    0.923125] platform 7d008000.usb: Driver tegra-ehci requests probe deferral
[    0.926861] usbcore: registered new interface driver cdc_acm
[    0.929698] cdc_acm: USB Abstract Control Model driver for USB modems and ISDN adapters
[    0.933773] usbcore: registered new interface driver cdc_wdm
[    0.936690] usbcore: registered new interface driver usb-storage
[    0.942206] clk_pll_wait_for_lock: Timed out waiting for pll pll_u lock
[    0.945583] tegra-phy: probe of 7d008000.usb-phy failed with error -1
[    0.949217] mousedev: PS/2 mouse device common for all mice
[    0.952995] tegra_rtc 7000e000.rtc: rtc core: registered 7000e000.rtc as rtc0
[    0.956612] tegra_rtc 7000e000.rtc: Tegra internal Real Time Clock
[    0.972528] tps65910-rtc tps65910-rtc: rtc core: registered tps65910-rtc as rtc1
[    0.977526] sdhci: Secure Digital Host Controller Interface driver
[    0.980625] sdhci: Copyright(c) Pierre Ossman
[    0.982809] sdhci-pltfm: SDHCI platform and OF driver helper
[    0.985980] sdhci-tegra 78000000.sdhci: Got CD GPIO #69.
[    0.988660] sdhci-tegra 78000000.sdhci: Got WP GPIO #155.
[    0.991416] mmc0: no vqmmc regulator found
[    0.993474] mmc0: no vmmc regulator found
[    0.995498] mmc0: Invalid maximum block size, assuming 512 bytes
[    1.045300] mmc0: SDHCI controller on 78000000.sdhci [78000000.sdhci] using ADMA
[    1.052132] mmc1: no vqmmc regulator found
[    1.054191] mmc1: no vmmc regulator found
[    1.056215] mmc1: Invalid maximum block size, assuming 512 bytes
[    1.105295] mmc1: SDHCI controller on 78000600.sdhci [78000600.sdhci] using ADMA
[    1.109715] usbcore: registered new interface driver usbhid
[    1.114545] usbhid: USB HID core driver
[    1.253766] mmc1: new high speed MMC card at address 0001
[    1.256927] mmcblk0: mmc1:0001 SEM16G 14.8 GiB 
[    1.259432] mmcblk0boot0: mmc1:0001 SEM16G partition 1 1.00 MiB
[    1.262615] mmcblk0boot1: mmc1:0001 SEM16G partition 2 1.00 MiB
[    1.265807] mmcblk0rpmb: mmc1:0001 SEM16G partition 3 128 KiB
[    1.272828] Primary GPT is invalid, using alternate GPT.
[    1.275529]  mmcblk0: p1 p2 p3 p4 p5
[    1.281460]  mmcblk0boot1: unknown partition table
[    1.286854]  mmcblk0boot0: unknown partition table
[    1.547426] tegra-snd-rt5640 sound.4:  rt5640-aif1 <-> 70080400.i2s mapping ok
[    1.553827] input: NVIDIA Tegra Beaver Headphones as /devices/soc0/sound.4/sound/card0/input0
[    1.559318] TCP: cubic registered
[    1.561171] NET: Registered protocol family 10
[    1.564417] mip6: Mobile IPv6
[    1.565936] sit: IPv6 over IPv4 tunneling driver
[    1.569405] NET: Registered protocol family 17
[    1.571666] NET: Registered protocol family 15
[    1.574056] Bluetooth: RFCOMM socket layer initialized
[    1.576652] Bluetooth: RFCOMM ver 1.11
[    1.578533] Bluetooth: BNEP (Ethernet Emulation) ver 1.3
[    1.581208] Bluetooth: BNEP socket layer initialized
[    1.583697] Bluetooth: HIDP (Human Interface Emulation) ver 1.2
[    1.586685] Bluetooth: HIDP socket layer initialized
[    1.589612] Registering SWP/SWPB emulation handler
[    1.592481] vdd_sata,avdd_plle: disabling
[    1.596154] chargepump_5v: 5000 mV 
[    1.599417] vdd_ddr: 1500 mV 
[    1.600940] vdd_ddr: supplied by vdd_5v_in
[    1.604157] sys_3v3,vdd_3v3_alw: 3300 mV 
[    1.606210] sys_3v3,vdd_3v3_alw: supplied by vdd_5v_in
[    1.609020] sys_3v3_pexs: 3300 mV 
[    1.610744] sys_3v3_pexs: supplied by sys_3v3,vdd_3v3_alw
[    1.613885] tegra-pcie 3000.pcie-controller: 2x3 configuration
[    1.621158] tegra-pcie 3000.pcie-controller: probing port 0, using 2 lanes
[    1.678910] tegra-pcie 3000.pcie-controller: probing port 2, using 2 lanes
[    2.086494] tegra-pcie 3000.pcie-controller: link 2 down, retrying
[    2.493724] tegra-pcie 3000.pcie-controller: link 2 down, retrying
[    2.901091] tegra-pcie 3000.pcie-controller: link 2 down, retrying
[    2.906208] tegra-pcie 3000.pcie-controller: link 2 down, ignoring
[    2.909467] tegra-pcie 3000.pcie-controller: PCI host bridge to bus 0000:00
[    2.912964] pci_bus 0000:00: root bus resource [mem 0x20000000-0x27ffffff]
[    2.916434] pci_bus 0000:00: root bus resource [mem 0x28000000-0x3fffffff pref]
[    2.920104] pci_bus 0000:00: root bus resource [bus 00-ff]
[    2.922856] pci_bus 0000:00: root bus resource [io  0x1000-0xffff]
[    2.925994] pci 0000:00:01.0: [10de:0e1c] type 01 class 0x060400
[    2.929057] pci 0000:00:01.0: PME# supported from D0 D1 D2 D3hot D3cold
[    2.932638] PCI: bus0: Fast back to back transfers disabled
[    2.935453] pci 0000:00:01.0: bridge configuration invalid ([bus 00-00]), reconfiguring
[    2.939631] pci 0000:01:00.0: [10ec:8168] type 00 class 0x020000
[    2.942664] pci 0000:01:00.0: reg 0x10: [io  0x0000-0x00ff]
[    2.945485] pci 0000:01:00.0: reg 0x18: [mem 0x00000000-0x00000fff 64bit pref]
[    2.949115] pci 0000:01:00.0: reg 0x20: [mem 0x00000000-0x00003fff 64bit pref]
[    2.952783] pci 0000:01:00.0: supports D1 D2
[    2.954925] pci 0000:01:00.0: PME# supported from D0 D1 D2 D3hot D3cold
[    2.975311] PCI: bus1: Fast back to back transfers disabled
[    2.978112] pci_bus 0000:01: busn_res: [bus 01-ff] end is updated to 01
[    2.981467] pci 0000:00:01.0: BAR 9: assigned [mem 0x28000000-0x280fffff 64bit pref]
[    2.985364] pci 0000:00:01.0: BAR 7: assigned [io  0x1000-0x1fff]
[    2.988428] pci 0000:01:00.0: BAR 4: assigned [mem 0x28000000-0x28003fff 64bit pref]
[    2.992320] pci 0000:01:00.0: BAR 2: assigned [mem 0x28004000-0x28004fff 64bit pref]
[    2.996220] pci 0000:01:00.0: BAR 0: assigned [io  0x1000-0x10ff]
[    2.999281] pci 0000:00:01.0: PCI bridge to [bus 01]
[    3.001772] pci 0000:00:01.0:   bridge window [io  0x1000-0x1fff]
[    3.004831] pci 0000:00:01.0:   bridge window [mem 0x28000000-0x280fffff 64bit pref]
[    3.008736] pci 0000:00:01.0: nv_msi_ht_cap_quirk didn't locate host bridge
[    3.012412] r8169 Gigabit Ethernet driver 2.3LK-NAPI loaded
[    3.015258] PCI: enabling device 0000:01:00.0 (0140 -> 0143)
[    3.018928] r8169 0000:01:00.0 eth0: RTL8168evl/8111evl at 0xf00a6000, 02:04:4b:01:60:a6, XID 0c900800 IRQ 472
[    3.023946] r8169 0000:01:00.0 eth0: jumbo features [frames: 9200 bytes, tx checksumming: ko]
[    3.030025] [drm] Supports vblank timestamp caching Rev 1 (10.10.2010).
[    3.033347] [drm] No driver support for vblank timestamp query.
[    3.036487] tegra-host1x 50000000.host1x: No connectors reported connected with modes
[    3.040422] [drm] Cannot find any crtc or sizes - going 1024x768
[    3.058518] Console: switching to colour frame buffer device 128x48
[    3.067726] tegra-host1x 50000000.host1x: fb0:  frame buffer device
[    3.070872] tegra-host1x 50000000.host1x: registered panic notifier
[    3.074021] [drm] Initialized tegra 0.0.0 20120330 on minor 0
[    3.077101] platform 7d008000.usb: Driver tegra-ehci requests probe deferral
[    3.081301] tegra_rtc 7000e000.rtc: setting system clock to 1970-01-01 00:03:49 UTC (229)
[    3.085656] ALSA device list:
[    3.087147]   #0: NVIDIA Tegra Beaver
[    3.185181] kjournald starting.  Commit interval 5 seconds
[    3.186873] EXT3-fs (mmcblk0p1): using internal journal
[    3.188352] EXT3-fs (mmcblk0p1): recovery complete
[    3.188355] EXT3-fs (mmcblk0p1): mounted filesystem with writeback data mode
[    3.188430] VFS: Mounted root (ext3 filesystem) on device 179:1.
[    3.190730] devtmpfs: mounted
[    3.190943] Freeing unused kernel memory: 212K (c07b0000 - c07e5000)
 
INIT: version 2.88 booting
[info] Using makefile-style concurrent boot in runlevel S.
[....] Starting the hotplug events dispatcher: udevd[    4.083110] udevd[174]: starting version 175
[ ok .
[....] Synthesizing the initial hotplug events...[ ok done.
[....] Waiting for /dev to be fully populated...[ ok done.
[....] Activating swap...[ ok done.
[....] Cleaning up temporary files... /tmp[ ok .
[....] Activating lvm and md swap...[ ok done.
[....] Checking file systems...fsck from util-linux 2.20.1
[ ok done.
[....] Mounting local filesystems...[ ok done.
[....] Activating swapfile swap...[ ok done.
[....] Cleaning up temporary files...[ ok .
[....] Setting kernel variables ...[ ok done.
[....] Configuring network interfaces...[ ok done.
[....] Starting rpcbind daemon...[ ok .
[....] Starting NFS common utilities: statd idmapd[FAIL failed!
[....] Cleaning up temporary files...[ ok .
[....] Starting network benchmark server[ ok .
[....] startpar: service(s) returned failure: nfs-common ...[FAIL failed!
INIT: Entering runlevel: 2
[info] Using makefile-style concurrent boot in runlevel 2.
[....] Starting network benchmark server[FAIL failed!
[....] Starting rpcbind daemon...[....] Already running.[ ok .
[....] Starting NFS common utilities: statd idmapd[FAIL failed!
[....] Starting system message bus: dbus[ ok [....] startpar: service(s) returned failure: nfs-common ...[FAIL failed!

Debian GNU/Linux wheezy/sid armel ttyS0

armel login: 