

U-Boot 2011.03 (Jun 11 2013 - 06:07:37)

T114
Board: NVIDIA Dalmore
DRAM:  2 GiB
MMC:   Tegra2 SD/MMC: 0, Tegra2 SD/MMC: 1
In:    serial
Out:   serial
Err:   serial
Net:   Net Initialization Skipped
No ethernet found.
Hit any key to stop autoboot:  2  0 
Dalmore #
Dalmore #usb reset
(Re)start USB...
USB:   Register 10011 NbrPorts 1
USB EHCI 1.10
scanning bus for devices... 2 USB Device(s) found
       scanning bus for storage devices... 0 Storage Device(s) found
       scanning bus for ethernet devices... 1 Ethernet Device(s) found
Dalmore #setenv bootargs 'ignore_loglevel console=ttyS0,115200n8 rw root=/dev/mmcblk0p1 rootwait gpt debug init=/bin/bash'
Dalmore #setenv ipaddr 192.168.100.100; setenv serverip 192.168.100.1; setenv tftpserverip 192.168.100.1
Dalmore #tftpboot 0x81000000 zImage.tegra_defconfig%tegra114_mergeconfig
Waiting for Ethernet connection... done.
Using asx0 device
TFTP from server 192.168.100.1; our IP address is 192.168.100.100
Filename 'zImage.tegra_defconfig%tegra114_mergeconfig'.
Load address: 0x81000000
Loading: *#################################################  2.8 MiB/s
done
Bytes transferred = 4131760 (3f0bb0 hex)
Dalmore #tftpboot 0x82000000 tegra114-dalmore.dtb
Using asx0 device
TFTP from server 192.168.100.1; our IP address is 192.168.100.100
Filename 'tegra114-dalmore.dtb'.
Load address: 0x82000000
Loading: *#################################################  2.5 MiB/s
done
Bytes transferred = 34015 (84df hex)
Dalmore #bootz 0x81000000 - 0x82000000
## Flattened Device Tree blob at 82000000
   Booting using the fdt blob at 0x82000000
   Loading Device Tree to 81ff4000, end 81fff4de ... OK

Starting kernel ...

Timer summary in microseconds:
       Mark    Elapsed  Stage
          0          0  awake
  2,128,517  2,128,517  usb_start
  6,133,400  4,004,883  eth_start
  6,133,398         -2  tftp start
  9,975,385  3,841,987  tftp done
 12,143,648  2,168,263  start_kernel
Uncompressing Linux... done, booting the kernel.
[    0.000000] Booting Linux on physical CPU 0x0
[    0.000000] Initializing cgroup subsys cpu
[    0.000000] Initializing cgroup subsys cpuacct
[    0.000000] Linux version 3.13.0-rc7-next-20140106-08010-gb4a839b (pwalmsley@kaivo) (gcc version 4.7.3 20130328 (prerelease) (crosstool-NG linaro-1.13.1-4.7-2013.04-20130415 - Linaro GCC 2013.04) ) #1 SMP PREEMPT Mon Jan 6 02:36:28 PST 2014
[    0.000000] CPU: ARMv7 Processor [412fc0f2] revision 2 (ARMv7), cr=10c5387d
[    0.000000] CPU: PIPT / VIPT nonaliasing data cache, PIPT instruction cache
[    0.000000] Machine model: NVIDIA Tegra114 Dalmore evaluation board
[    0.000000] debug: ignoring loglevel setting.
[    0.000000] cma: CMA: reserved 16 MiB at ae800000
[    0.000000] Memory policy: Data cache writealloc
[    0.000000] On node 0 totalpages: 524032
[    0.000000] free_area_init_node: node 0, pgdat c07d20c0, node_mem_map c0829000
[    0.000000]   Normal zone: 1520 pages used for memmap
[    0.000000]   Normal zone: 0 pages reserved
[    0.000000]   Normal zone: 194560 pages, LIFO batch:31
[    0.000000]   HighMem zone: 2574 pages used for memmap
[    0.000000]   HighMem zone: 329472 pages, LIFO batch:31
[    0.000000] Tegra Revision: A01 SKU: 0 CPU Process: 1 Core Process: 1
[    0.000000] PERCPU: Embedded 8 pages/cpu @c1842000 s9024 r8192 d15552 u32768
[    0.000000] pcpu-alloc: s9024 r8192 d15552 u32768 alloc=8*4096
[    0.000000] pcpu-alloc: [0] 0 [0] 1 [0] 2 [0] 3 
[    0.000000] Built 1 zonelists in Zone order, mobility grouping on.  Total pages: 522512
[    0.000000] Kernel command line: ignore_loglevel console=ttyS0,115200n8 rw root=/dev/mmcblk0p1 rootwait gpt debug init=/bin/bash
[    0.000000] PID hash table entries: 4096 (order: 2, 16384 bytes)
[    0.000000] Dentry cache hash table entries: 131072 (order: 7, 524288 bytes)
[    0.000000] Inode-cache hash table entries: 65536 (order: 6, 262144 bytes)
[    0.000000] Memory: 2053892K/2096128K available (5640K kernel code, 302K rwdata, 1800K rodata, 232K init, 339K bss, 42236K reserved, 1317888K highmem)
[    0.000000] Virtual kernel memory layout:
[    0.000000]     vector  : 0xffff0000 - 0xffff1000   (   4 kB)
[    0.000000]     fixmap  : 0xfff00000 - 0xfffe0000   ( 896 kB)
[    0.000000]     vmalloc : 0xf0000000 - 0xff000000   ( 240 MB)
[    0.000000]     lowmem  : 0xc0000000 - 0xef800000   ( 760 MB)
[    0.000000]     pkmap   : 0xbfe00000 - 0xc0000000   (   2 MB)
[    0.000000]     modules : 0xbf000000 - 0xbfe00000   (  14 MB)
[    0.000000]       .text : 0xc0008000 - 0xc074c4ec   (7442 kB)
[    0.000000]       .init : 0xc074d000 - 0xc0787340   ( 233 kB)
[    0.000000]       .data : 0xc0788000 - 0xc07d3840   ( 303 kB)
[    0.000000]        .bss : 0xc07d384c - 0xc0828618   ( 340 kB)
[    0.000000] Preemptible hierarchical RCU implementation.
[    0.000000] NR_IRQS:16 nr_irqs:16 16
[    0.000000] sched_clock: 32 bits at 1000kHz, resolution 1000ns, wraps every 2147483648000ns
[    0.000000] Architected cp15 timer(s) running at 12.00MHz (virt).
[    0.000000] sched_clock: 56 bits at 12MHz, resolution 83ns, wraps every 2863311536128ns
[    0.000000] Switching to timer-based delay loop
[    0.000000] Console: colour dummy device 80x30
[    0.000481] Calibrating delay loop (skipped), value calculated using timer frequency.. 24.00 BogoMIPS (lpj=120000)
[    0.000496] pid_max: default: 32768 minimum: 301
[    0.000925] Mount-cache hash table entries: 512
[    0.021852] Initializing cgroup subsys debug
[    0.021871] Initializing cgroup subsys freezer
[    0.021937] CPU: Testing write buffer coherency: ok
[    0.022281] /cpus/cpu@0 missing clock-frequency property
[    0.022305] /cpus/cpu@1 missing clock-frequency property
[    0.022328] /cpus/cpu@2 missing clock-frequency property
[    0.022352] /cpus/cpu@3 missing clock-frequency property
[    0.022365] CPU0: thread -1, cpu 0, socket 0, mpidr 80000000
[    0.022393] Setting up static identity map for 0x80558ef0 - 0x80558f88
[    0.080894] CPU1: Booted secondary processor
[    0.080922] CPU1: thread -1, cpu 1, socket 0, mpidr 80000001
[    0.100930] CPU2: Booted secondary processor
[    0.100954] CPU2: thread -1, cpu 2, socket 0, mpidr 80000002
[    0.120916] CPU3: Booted secondary processor
[    0.120940] CPU3: thread -1, cpu 3, socket 0, mpidr 80000003
[    0.121099] Brought up 4 CPUs
[    0.121128] SMP: Total of 4 processors activated.
[    0.121137] CPU: All CPU(s) started in SVC mode.
[    0.122159] devtmpfs: initialized
[    0.135727] VFP support v0.3: implementor 41 architecture 4 part 30 variant f rev 0
[    0.136450] pinctrl core: initialized pinctrl subsystem
[    0.137027] regulator-dummy: no parameters
[    0.137902] NET: Registered protocol family 16
[    0.139237] DMA: preallocated 256 KiB pool for atomic coherent allocations
[    0.140467] cpuidle: using governor ladder
[    0.140480] cpuidle: using governor menu
[    0.157534] No ATAGs?
[    0.157564] hw-breakpoint: found 5 (+1 reserved) breakpoint and 4 watchpoint registers.
[    0.157574] hw-breakpoint: maximum watchpoint size is 8 bytes.
[    0.175114] bio: create slab <bio-0> at 0
[    0.176718] vdd_ac_bat: 5000 mV 
[    0.177128] dvdd_ts: Failed to request enable GPIO61: -517
[    0.177297] reg-fixed-voltage 1.regulator: Failed to register regulator: -517
[    0.177323] platform 1.regulator: Driver reg-fixed-voltage requests probe deferral
[    0.177664] usb1_vbus: Failed to request enable GPIO108: -517
[    0.177817] reg-fixed-voltage 3.regulator: Failed to register regulator: -517
[    0.177841] platform 3.regulator: Driver reg-fixed-voltage requests probe deferral
[    0.178178] usb2_vbus: Failed to request enable GPIO86: -517
[    0.178329] reg-fixed-voltage 4.regulator: Failed to register regulator: -517
[    0.178354] platform 4.regulator: Driver reg-fixed-voltage requests probe deferral
[    0.178690] vdd_hdmi_5v0: Failed to request enable GPIO81: -517
[    0.178839] reg-fixed-voltage 5.regulator: Failed to register regulator: -517
[    0.178864] platform 5.regulator: Driver reg-fixed-voltage requests probe deferral
[    0.178961] platform 6.regulator: Driver reg-fixed-voltage requests probe deferral
[    0.180417] vgaarb: loaded
[    0.181666] SCSI subsystem initialized
[    0.182224] usbcore: registered new interface driver usbfs
[    0.182381] usbcore: registered new interface driver hub
[    0.182567] usbcore: registered new device driver usb
[    0.187981] vdd-cpu: 500 <--> 1520 mV at 1100 mV 
[    0.188607] tps65090 2-0048: No cache defaults, reading back from HW
[    0.195223] vdd-sys-5v0: no parameters
[    0.195317] vdd-sys-5v0: supplied by vdd_ac_bat
[    0.196789] vdd-sys-3v3: no parameters
[    0.196861] vdd-sys-3v3: supplied by vdd_ac_bat
[    0.198324] vdd-ao: no parameters
[    0.198409] vdd-ao: supplied by vdd_ac_bat
[    0.198689] vdd-lcd-bl: no parameters
[    0.198759] vdd-lcd-bl: supplied by vdd_ac_bat
[    0.199024] TPS65090_RAILSFET2: no parameters
[    0.199093] TPS65090_RAILSFET2: supplied by vdd_ac_bat
[    0.199375] vdd-modem-3v3: no parameters
[    0.199442] vdd-modem-3v3: supplied by vdd-sys-3v3
[    0.199720] avdd-lcd: no parameters
[    0.199787] avdd-lcd: supplied by vdd-sys-3v3
[    0.200073] vdd-lvds: no parameters
[    0.200163] vdd-lvds: supplied by vdd-sys-3v3
[    0.200437] vdd-sd-slot: no parameters
[    0.200505] vdd-sd-slot: supplied by vdd-sys-3v3
[    0.200785] vdd-com-3v3: no parameters
[    0.200852] vdd-com-3v3: supplied by vdd-sys-3v3
[    0.201134] vdd-sby-5v0: no parameters
[    0.201193] vdd-sby-5v0: supplied by vdd_ac_bat
[    0.201473] vdd-sby-3v3: no parameters
[    0.201533] vdd-sby-3v3: supplied by vdd_ac_bat
[    0.201889] genirq: Setting trigger mode 8 for irq 118 failed (gic_set_type+0x0/0xf0)
[    0.202420] palmas 2-0058: Irq flag is 0x00000000
[    0.216808] palmas 2-0058: Muxing GPIO ff, PWM 0, LED 0
[    0.226131] vddio-ddr: 1350 mV 
[    0.227044] vddio-ddr: supplied by vdd-ao
[    0.234043] vddio-1v8: 1800 mV 
[    0.234955] vddio-1v8: supplied by vdd-ao
[    0.241962] vdd-core: 900 <--> 1400 mV at 1100 mV 
[    0.242873] vdd-core: supplied by vdd-sys-3v3
[    0.247107] SMPS6: no parameters
[    0.254967] avdd-pll: 1050 mV 
[    0.255889] avdd-pll: supplied by vdd-sys-3v3
[    0.264251] sdhci-vdd-sd-slot: 2800 mV 
[    0.265162] sdhci-vdd-sd-slot: supplied by vdd-sys-3v3
[    0.267040] SMPS10_OUT2: at 5000 mV 
[    0.268979] SMPS10_OUT1: at 5000 mV 
[    0.271725] avdd-cam1: 2800 mV 
[    0.272624] avdd-cam1: supplied by vdd-sys-3v3
[    0.276655] avdd-cam2: 2800 mV 
[    0.277553] avdd-cam2: supplied by vdd-sys-3v3
[    0.282388] avdd-dsi-csi: 1200 mV 
[    0.283286] avdd-dsi-csi: supplied by vddio-1v8
[    0.288108] vpp-fuse: 1800 mV 
[    0.289007] vpp-fuse: supplied by vdd-sys-3v3
[    0.292253] LDO5: at 1200 mV 
[    0.293155] LDO5: supplied by vdd_ac_bat
[    0.295806] vdd-sensor-2v85: 2850 mV 
[    0.296714] vdd-sensor-2v85: supplied by vdd-sys-3v3
[    0.300746] vdd-af-cam1: 2800 mV 
[    0.301643] vdd-af-cam1: supplied by vdd-sys-3v3
[    0.309793] vdd-rtc: 900 mV 
[    0.310706] vdd-rtc: supplied by vdd-ao
[    0.314732] vddio-sdmmc-2: 1800 <--> 3300 mV at 3300 mV 
[    0.315627] vddio-sdmmc-2: supplied by sdhci-vdd-sd-slot
[    0.320459] hvdd-usb: 3300 mV 
[    0.321355] hvdd-usb: supplied by vdd-sys-5v0
[    0.326172] avdd-usb: 3300 mV 
[    0.327070] avdd-usb: supplied by vdd-sys-5v0
[    0.330311] rail-3v3: no parameters
[    0.332781] rail-5v0: no parameters
[    0.334466] REGEN3: no parameters
[    0.334763] SYSEN1: no parameters
[    0.335063] SYSEN2: no parameters
[    0.335840] Linux video capture interface: v2.00
[    0.336596] platform 70019010.iommu: Driver tegra-smmu requests probe deferral
[    0.336962] Advanced Linux Sound Architecture Driver Initialized.
[    0.338267] Bluetooth: Core ver 2.18
[    0.338332] NET: Registered protocol family 31
[    0.338341] Bluetooth: HCI device and connection manager initialized
[    0.338365] Bluetooth: HCI socket layer initialized
[    0.338388] Bluetooth: L2CAP socket layer initialized
[    0.338410] Bluetooth: SCO socket layer initialized
[    0.339059] cfg80211: Calling CRDA to update world regulatory domain
[    0.339751] Switched to clocksource arch_sys_counter
[    0.361613] NET: Registered protocol family 2
[    0.362550] TCP established hash table entries: 8192 (order: 3, 32768 bytes)
[    0.362663] TCP bind hash table entries: 8192 (order: 4, 65536 bytes)
[    0.362850] TCP: Hash tables configured (established 8192 bind 8192)
[    0.363266] TCP: reno registered
[    0.363283] UDP hash table entries: 512 (order: 2, 16384 bytes)
[    0.363325] UDP-Lite hash table entries: 512 (order: 2, 16384 bytes)
[    0.363746] NET: Registered protocol family 1
[    0.364491] RPC: Registered named UNIX socket transport module.
[    0.364504] RPC: Registered udp transport module.
[    0.364512] RPC: Registered tcp transport module.
[    0.364521] RPC: Registered tcp NFSv4.1 backchannel transport module.
[    0.364534] PCI: CLS 0 bytes, default 64
[    0.369658] bounce pool size: 64 pages
[    0.371389] squashfs: version 4.0 (2009/01/31) Phillip Lougher
[    0.372192] msgmni has been set to 1469
[    0.373872] io scheduler noop registered (default)
[    0.402546] tegra-apbdma 6000a000.dma: Tegra20 APB DMA driver register 32 channels
[    0.403420] Serial: 8250/16550 driver, 4 ports, IRQ sharing disabled
[    0.406763] 70006300.serial: ttyS0 at MMIO 0x70006300 (irq = 122, base_baud = 25500000) is a Tegra
[    1.421127] console [ttyS0] enabled
[    1.425702] [drm] Initialized drm 1.1.0 20060810
[    1.431431] platform 54300000.dsi: Driver tegra-dsi requests probe deferral
[    1.438957] tegra-hdmi 54280000.hdmi: failed to get VDD regulator
[    1.445098] platform 54280000.hdmi: Driver tegra-hdmi requests probe deferral
[    1.464123] loop: module loaded
[    1.471253] m25p80 spi32766.0: w25q32dw (4096 Kbytes)
[    1.479161] pegasus: v0.9.3 (2013/04/25), Pegasus/Pegasus II USB Ethernet driver
[    1.486694] usbcore: registered new interface driver pegasus
[    1.492526] usbcore: registered new interface driver asix
[    1.498028] usbcore: registered new interface driver ax88179_178a
[    1.504252] usbcore: registered new interface driver cdc_ether
[    1.510204] usbcore: registered new interface driver r815x
[    1.515839] usbcore: registered new interface driver smsc75xx
[    1.521755] usbcore: registered new interface driver smsc95xx
[    1.527602] usbcore: registered new interface driver net1080
[    1.533381] usbcore: registered new interface driver cdc_subset
[    1.539412] usbcore: registered new interface driver zaurus
[    1.545161] usbcore: registered new interface driver cdc_ncm
[    1.550866] ehci_hcd: USB 2.0 'Enhanced' Host Controller (EHCI) Driver
[    1.557382] ehci-pci: EHCI PCI platform driver
[    1.561952] tegra-ehci: Tegra EHCI driver
[    1.566200] platform 7d008000.usb: Driver tegra-ehci requests probe deferral
[    1.573664] usbcore: registered new interface driver cdc_acm
[    1.579314] cdc_acm: USB Abstract Control Model driver for USB modems and ISDN adapters
[    1.587445] usbcore: registered new interface driver cdc_wdm
[    1.593273] usbcore: registered new interface driver usb-storage
[    1.599516] platform 7d008000.usb-phy: Driver tegra-phy requests probe deferral
[    1.607610] mousedev: PS/2 mouse device common for all mice
[    1.626096] palmas-rtc rtc.8: rtc core: registered rtc.8 as rtc0
[    1.636817] tegra_rtc 7000e000.rtc: rtc core: registered 7000e000.rtc as rtc1
[    1.643988] tegra_rtc 7000e000.rtc: Tegra internal Real Time Clock
[    1.651747] sbs-battery 0-000b: sbs_probe: Failed to get device status
[    1.658281] sbs-battery: probe of 0-000b failed with error -121
[    1.683336] sdhci: Secure Digital Host Controller Interface driver
[    1.689518] sdhci: Copyright(c) Pierre Ossman
[    1.693897] sdhci-pltfm: SDHCI platform and OF driver helper
[    1.700089] sdhci-tegra 78000400.sdhci: Got CD GPIO #170.
[    1.706554] mmc0: no vqmmc regulator found
[    1.710683] mmc0: no vmmc regulator found
[    1.714700] mmc0: Invalid maximum block size, assuming 512 bytes
[    1.759775] mmc0: SDHCI controller on 78000400.sdhci [78000400.sdhci] using ADMA
[    1.769389] mmc1: no vqmmc regulator found
[    1.773518] mmc1: no vmmc regulator found
[    1.777534] mmc1: Invalid maximum block size, assuming 512 bytes
[    1.819772] mmc1: SDHCI controller on 78000600.sdhci [78000600.sdhci] using ADMA
[    1.828214] usbcore: registered new interface driver usbhid
[    1.835885] usbhid: USB HID core driver
[    1.952077] mmc1: BKOPS_EN bit is not set
[    1.982710] mmc1: new HS200 MMC card at address 0001
[    1.988377] isa bounce pool size: 16 pages
[    1.992690] mmcblk0: mmc1:0001 SEM32G 29.1 GiB 
[    1.997592] mmcblk0boot0: mmc1:0001 SEM32G partition 1 4.00 MiB
[    2.003882] mmcblk0boot1: mmc1:0001 SEM32G partition 2 4.00 MiB
[    2.010149] mmcblk0rpmb: mmc1:0001 SEM32G partition 3 4.00 MiB
[    2.018962] Primary GPT is invalid, using alternate GPT.
[    2.024367]  mmcblk0: p1 p2 p3 p4 p5
[    2.033756]  mmcblk0boot1: unknown partition table
[    2.041048]  mmcblk0boot0: unknown partition table
[    2.283629] tegra-snd-rt5640 sound.5: ASoC: CPU DAI (null) not registered
[    2.290550] tegra-snd-rt5640 sound.5: snd_soc_register_card failed (-517)
[    2.297384] platform sound.5: Driver tegra-snd-rt5640 requests probe deferral
[    2.306004] TCP: cubic registered
[    2.309602] NET: Registered protocol family 10
[    2.315594] mip6: Mobile IPv6
[    2.318575] sit: IPv6 over IPv4 tunneling driver
[    2.326130] NET: Registered protocol family 17
[    2.330663] NET: Registered protocol family 15
[    2.335276] Bluetooth: RFCOMM socket layer initialized
[    2.340438] Bluetooth: RFCOMM ver 1.11
[    2.344194] Bluetooth: BNEP (Ethernet Emulation) ver 1.3
[    2.349528] Bluetooth: BNEP socket layer initialized
[    2.354511] Bluetooth: HIDP (Human Interface Emulation) ver 1.2
[    2.360462] Bluetooth: HIDP socket layer initialized
[    2.366719] Registering SWP/SWPB emulation handler
[    2.377230] hvdd-usb: disabling
[    2.383040] vdd-af-cam1: disabling
[    2.389431] LDO5: disabling
[    2.395583] vpp-fuse: disabling
[    2.401680] avdd-cam2: disabling
[    2.407256] avdd-cam1: disabling
[    2.414343] vdd-com-3v3: disabling
[    2.418352] vdd-lvds: disabling
[    2.422114] avdd-lcd: disabling
[    2.427270] dvdd_ts: 1800 mV 
[    2.431163] usb1_vbus: 5000 mV 
[    2.434553] usb1_vbus: supplied by vdd-sys-5v0
[    2.439651] usb2_vbus: 5000 mV 
[    2.443039] usb2_vbus: supplied by vdd-sys-5v0
[    2.448134] vdd_hdmi_5v0: 5000 mV 
[    2.451790] vdd_hdmi_5v0: supplied by vdd-sys-5v0
[    2.459306] vdd_cam_1v8_reg: 1800 mV 
[    2.469813] [drm] Supports vblank timestamp caching Rev 2 (21.10.2013).
[    2.476460] [drm] No driver support for vblank timestamp query.
[    2.533820] Console: switching to colour frame buffer device 240x75
[    2.562018] host1x drm: fb0:  frame buffer device
[    2.566729] host1x drm: registered panic notifier
[    2.571466] [drm] Initialized tegra 0.0.0 20120330 on minor 0
[    2.577777] platform 7d008000.usb: Driver tegra-ehci requests probe deferral
[    2.586325] tegra-snd-rt5640 sound.5: ASoC: CPU DAI (null) not registered
[    2.593203] tegra-snd-rt5640 sound.5: snd_soc_register_card failed (-517)
[    2.600159] platform sound.5: Driver tegra-snd-rt5640 requests probe deferral
[    2.607873] tegra-ehci 7d008000.usb: EHCI Host Controller
[    2.613457] tegra-ehci 7d008000.usb: new USB bus registered, assigned bus number 1
[    2.622130] tegra-ehci 7d008000.usb: irq 129, io mem 0x7d008000
[    2.639835] tegra-ehci 7d008000.usb: USB 2.0 started, EHCI 1.10
[    2.647716] hub 1-0:1.0: USB hub found
[    2.651587] hub 1-0:1.0: 1 port detected
[    2.657067] tegra-snd-rt5640 sound.5: ASoC: CPU DAI (null) not registered
[    2.664047] tegra-snd-rt5640 sound.5: snd_soc_register_card failed (-517)
[    2.671033] platform sound.5: Driver tegra-snd-rt5640 requests probe deferral
[    2.679987] input: gpio-keys.3 as /devices/soc0/gpio-keys.3/input/input0
[    2.688556] tegra-snd-rt5640 sound.5: ASoC: CPU DAI (null) not registered
[    2.695400] palmas-rtc rtc.8: setting system clock to 2000-04-01 13:04:07 UTC (954594247)
[    2.695478] tegra-snd-rt5640 sound.5: snd_soc_register_card failed (-517)
[    2.695532] platform sound.5: Driver tegra-snd-rt5640 requests probe deferral
[    2.718103] ALSA device list:
[    2.721161]   No soundcards found.
[    2.735525] kjournald starting.  Commit interval 5 seconds
[    2.737167] EXT3-fs (mmcblk0p1): using internal journal
[    2.737186] EXT3-fs (mmcblk0p1): recovery complete
[    2.737192] EXT3-fs (mmcblk0p1): mounted filesystem with writeback data mode
[    2.737268] VFS: Mounted root (ext3 filesystem) on device 179:1.
[    2.738418] devtmpfs: mounted
[    2.738696] Freeing unused kernel memory: 232K (c074d000 - c0787000)
bash: cannot set terminal process group (-1): Inappropriate ioctl for device
bash: no job control in this shell
I have no name!@(none):/# 