

U-Boot 2011.03 (Jun 11 2013 - 06:07:37)

T114
Board: NVIDIA Dalmore
DRAM:  2 GiB
MMC:   Tegra2 SD/MMC: 0, Tegra2 SD/MMC: 1
In:    serial
Out:   serial
Err:   serial
Net:   Net Initialization Skipped
No ethernet found.
Hit any key to stop autoboot:  2  0 
Dalmore #
Dalmore #usb reset
(Re)start USB...
USB:   Register 10011 NbrPorts 1
USB EHCI 1.10
scanning bus for devices... 2 USB Device(s) found
       scanning bus for storage devices... 0 Storage Device(s) found
       scanning bus for ethernet devices... 1 Ethernet Device(s) found
Dalmore #setenv bootargs 'ignore_loglevel console=ttyS0,115200n8 rw root=/dev/mmcblk0p1 rootwait gpt init=/bin/bash'
Dalmore #setenv ipaddr 192.168.100.100; setenv serverip 192.168.100.1; setenv tftpserverip 192.168.100.1
Dalmore #tftpboot 0x81000000 zImage.tegra_defconfig%tegra114_mergeconfig
Waiting for Ethernet connection... done.
Using asx0 device
TFTP from server 192.168.100.1; our IP address is 192.168.100.100
Filename 'zImage.tegra_defconfig%tegra114_mergeconfig'.
Load address: 0x81000000
Loading: *#################################################  2.8 MiB/s
done
Bytes transferred = 4449048 (43e318 hex)
Dalmore #tftpboot 0x82000000 tegra114-dalmore.dtb
Using asx0 device
TFTP from server 192.168.100.1; our IP address is 192.168.100.100
Filename 'tegra114-dalmore.dtb'.
Load address: 0x82000000
Loading: *#################################################  2.5 MiB/s
done
Bytes transferred = 29265 (7251 hex)
Dalmore #bootz 0x81000000 - 0x82000000
## Flattened Device Tree blob at 82000000
   Booting using the fdt blob at 0x82000000
   Loading Device Tree to 81ff5000, end 81fff250 ... OK

Starting kernel ...

Timer summary in microseconds:
       Mark    Elapsed  Stage
          0          0  awake
  2,377,513  2,377,513  usb_start
  6,382,346  4,004,833  eth_start
  6,382,343         -3  tftp start
 10,339,387  3,957,044  tftp done
 12,392,589  2,053,202  start_kernel
Uncompressing Linux... done, booting the kernel.
[    0.000000] Booting Linux on physical CPU 0x0
[    0.000000] Initializing cgroup subsys cpu
[    0.000000] Initializing cgroup subsys cpuacct
[    0.000000] Linux version 3.12.0-rc2-next-20130926-14012-g9acc1f5 (pwalmsley@tamien) (gcc version 4.5.1 (Sourcery G++ Lite 2010.09-50) ) #1 SMP PREEMPT Wed Sep 25 22:31:25 PDT 2013
[    0.000000] CPU: ARMv7 Processor [412fc0f2] revision 2 (ARMv7), cr=10c5387d
[    0.000000] CPU: PIPT / VIPT nonaliasing data cache, PIPT instruction cache
[    0.000000] Machine: NVIDIA Tegra SoC (Flattened Device Tree), model: NVIDIA Tegra114 Dalmore evaluation board
[    0.000000] debug: ignoring loglevel setting.
[    0.000000] cma: CMA: reserved 16 MiB at ae800000
[    0.000000] Memory policy: ECC disabled, Data cache writealloc
[    0.000000] On node 0 totalpages: 524032
[    0.000000] free_area_init_node: node 0, pgdat c082ecc0, node_mem_map c0886000
[    0.000000]   Normal zone: 1520 pages used for memmap
[    0.000000]   Normal zone: 0 pages reserved
[    0.000000]   Normal zone: 194560 pages, LIFO batch:31
[    0.000000]   HighMem zone: 2574 pages used for memmap
[    0.000000]   HighMem zone: 329472 pages, LIFO batch:31
[    0.000000] Tegra Revision: A01 SKU: 0 CPU Process: 1 Core Process: 1
[    0.000000] PERCPU: Embedded 8 pages/cpu @c189e000 s9024 r8192 d15552 u32768
[    0.000000] pcpu-alloc: s9024 r8192 d15552 u32768 alloc=8*4096
[    0.000000] pcpu-alloc: [0] 0 [0] 1 [0] 2 [0] 3 
[    0.000000] Built 1 zonelists in Zone order, mobility grouping on.  Total pages: 522512
[    0.000000] Kernel command line: ignore_loglevel console=ttyS0,115200n8 rw root=/dev/mmcblk0p1 rootwait gpt init=/bin/bash
[    0.000000] PID hash table entries: 4096 (order: 2, 16384 bytes)
[    0.000000] Dentry cache hash table entries: 131072 (order: 7, 524288 bytes)
[    0.000000] Inode-cache hash table entries: 65536 (order: 6, 262144 bytes)
[    0.000000] Memory: 2053528K/2096128K available (6095K kernel code, 280K rwdata, 1748K rodata, 220K init, 340K bss, 42600K reserved, 1317888K highmem)
[    0.000000] Virtual kernel memory layout:
[    0.000000]     vector  : 0xffff0000 - 0xffff1000   (   4 kB)
[    0.000000]     fixmap  : 0xfff00000 - 0xfffe0000   ( 896 kB)
[    0.000000]     vmalloc : 0xf0000000 - 0xff000000   ( 240 MB)
[    0.000000]     lowmem  : 0xc0000000 - 0xef800000   ( 760 MB)
[    0.000000]     pkmap   : 0xbfe00000 - 0xc0000000   (   2 MB)
[    0.000000]     modules : 0xbf000000 - 0xbfe00000   (  14 MB)
[    0.000000]       .text : 0xc0008000 - 0xc07b132c   (7845 kB)
[    0.000000]       .init : 0xc07b2000 - 0xc07e9340   ( 221 kB)
[    0.000000]       .data : 0xc07ea000 - 0xc0830300   ( 281 kB)
[    0.000000]        .bss : 0xc083030c - 0xc08856dc   ( 341 kB)
[    0.000000] Preemptible hierarchical RCU implementation.
[    0.000000] NR_IRQS:16 nr_irqs:16 16
[    0.000000] sched_clock: 32 bits at 1000kHz, resolution 1000ns, wraps every 2147483648000ns
[    0.000000] Architected cp15 timer(s) running at 12.00MHz (virt).
[    0.000000] Switching to timer-based delay loop
[    0.000000] sched_clock: ARM arch timer >56 bits at 12000kHz, resolution 83ns
[    0.000000] Console: colour dummy device 80x30
[   12.413251] Calibrating delay loop (skipped), value calculated using timer frequency.. 24.00 BogoMIPS (lpj=120000)
[   12.413268] pid_max: default: 32768 minimum: 301
[   12.413697] Mount-cache hash table entries: 512
[   12.432450] Initializing cgroup subsys debug
[   12.432469] Initializing cgroup subsys freezer
[   12.432550] CPU: Testing write buffer coherency: ok
[   12.432894] /cpus/cpu@0 missing clock-frequency property
[   12.432921] /cpus/cpu@1 missing clock-frequency property
[   12.432947] /cpus/cpu@2 missing clock-frequency property
[   12.432974] /cpus/cpu@3 missing clock-frequency property
[   12.432987] CPU0: thread -1, cpu 0, socket 0, mpidr 80000000
[   12.433015] Setting up static identity map for 0xc05ccbb8 - 0xc05ccc50
[   12.493266] CPU1: Booted secondary processor
[   12.493295] CPU1: thread -1, cpu 1, socket 0, mpidr 80000001
[   12.513205] CPU2: Booted secondary processor
[   12.513230] CPU2: thread -1, cpu 2, socket 0, mpidr 80000002
[   12.533148] CPU3: Booted secondary processor
[   12.533173] CPU3: thread -1, cpu 3, socket 0, mpidr 80000003
[   12.533283] Brought up 4 CPUs
[   12.533312] SMP: Total of 4 processors activated.
[   12.533320] CPU: All CPU(s) started in SVC mode.
[   12.534350] devtmpfs: initialized
[   12.547303] VFP support v0.3: implementor 41 architecture 4 part 30 variant f rev 0
[   12.547689] pinctrl core: initialized pinctrl subsystem
[   12.548212] regulator-dummy: no parameters
[   12.551393] NET: Registered protocol family 16
[   12.552717] DMA: preallocated 256 KiB pool for atomic coherent allocations
[   12.553502] cpuidle: using governor ladder
[   12.553514] cpuidle: using governor menu
[   12.564572] No ATAGs?
[   12.564602] hw-breakpoint: found 5 (+1 reserved) breakpoint and 4 watchpoint registers.
[   12.564613] hw-breakpoint: maximum watchpoint size is 8 bytes.
[   12.575747] bio: create slab <bio-0> at 0
[   12.577156] vdd_ac_bat: 5000 mV 
[   12.577563] dvdd_ts: Failed to request enable GPIO61: -517
[   12.577726] reg-fixed-voltage 1.regulator: Failed to register regulator: -517
[   12.577751] platform 1.regulator: Driver reg-fixed-voltage requests probe deferral
[   12.577952] lcd_bl_en: Failed to request enable GPIO58: -517
[   12.578097] reg-fixed-voltage 2.regulator: Failed to register regulator: -517
[   12.578121] platform 2.regulator: Driver reg-fixed-voltage requests probe deferral
[   12.578322] usb1_vbus: Failed to request enable GPIO108: -517
[   12.578465] reg-fixed-voltage 3.regulator: Failed to register regulator: -517
[   12.578489] platform 3.regulator: Driver reg-fixed-voltage requests probe deferral
[   12.578689] usb2_vbus: Failed to request enable GPIO86: -517
[   12.578832] reg-fixed-voltage 4.regulator: Failed to register regulator: -517
[   12.578855] platform 4.regulator: Driver reg-fixed-voltage requests probe deferral
[   12.579054] vdd_hdmi_5v0: Failed to request enable GPIO81: -517
[   12.579196] reg-fixed-voltage 5.regulator: Failed to register regulator: -517
[   12.579219] platform 5.regulator: Driver reg-fixed-voltage requests probe deferral
[   12.579299] platform 6.regulator: Driver reg-fixed-voltage requests probe deferral
[   12.580313] vgaarb: loaded
[   12.581394] SCSI subsystem initialized
[   12.581768] usbcore: registered new interface driver usbfs
[   12.581869] usbcore: registered new interface driver hub
[   12.582038] usbcore: registered new device driver usb
[   12.585977] vdd-cpu: 500 <--> 1520 mV at 1100 mV 
[   12.586633] tps65090 1-0048: No cache defaults, reading back from HW
[   12.593013] vdd-sys-5v0: no parameters
[   12.593063] vdd-sys-5v0: supplied by vdd_ac_bat
[   12.594515] vdd-sys-3v3: no parameters
[   12.594556] vdd-sys-3v3: supplied by vdd_ac_bat
[   12.595999] vdd-ao: no parameters
[   12.596039] vdd-ao: supplied by vdd_ac_bat
[   12.596299] vdd-lcd-bl: no parameters
[   12.596338] vdd-lcd-bl: supplied by vdd_ac_bat
[   12.596584] TPS65090_RAILSFET2: no parameters
[   12.596633] TPS65090_RAILSFET2: supplied by vdd_ac_bat
[   12.596883] vdd-modem-3v3: no parameters
[   12.596918] vdd-modem-3v3: supplied by vdd-sys-3v3
[   12.597173] avdd-lcd: no parameters
[   12.597208] avdd-lcd: supplied by vdd-sys-3v3
[   12.597476] vdd-lvds: no parameters
[   12.597512] vdd-lvds: supplied by vdd-sys-3v3
[   12.597763] vdd-sd-slot: no parameters
[   12.597800] vdd-sd-slot: supplied by vdd-sys-3v3
[   12.598072] vdd-com-3v3: no parameters
[   12.598107] vdd-com-3v3: supplied by vdd-sys-3v3
[   12.598349] vdd-sby-5v0: no parameters
[   12.598383] vdd-sby-5v0: supplied by vdd_ac_bat
[   12.598628] vdd-sby-3v3: no parameters
[   12.598674] vdd-sby-3v3: supplied by vdd_ac_bat
[   12.599050] genirq: Setting trigger mode 8 for irq 118 failed (gic_set_type+0x0/0xf0)
[   12.599476] palmas 1-0058: Irq flag is 0x00000000
[   12.613766] palmas 1-0058: Muxing GPIO ff, PWM 0, LED 0
[   12.622713] vddio-ddr: 1350 mV 
[   12.623559] vddio-ddr: supplied by vdd-ao
[   12.630500] vddio-1v8: 1800 mV 
[   12.631340] vddio-1v8: supplied by vdd-ao
[   12.638285] vdd-core: 900 <--> 1400 mV at 1100 mV 
[   12.639126] vdd-core: supplied by vdd-sys-3v3
[   12.643314] SMPS6: no parameters
[   12.651018] avdd-pll: 1050 mV 
[   12.651863] avdd-pll: supplied by vdd-sys-3v3
[   12.660190] sdhci-vdd-sd-slot: 2800 mV 
[   12.661030] sdhci-vdd-sd-slot: supplied by vdd-sys-3v3
[   12.662879] SMPS10_OUT2: at 5000 mV 
[   12.664683] SMPS10_OUT1: at 5000 mV 
[   12.667310] avdd-cam1: 2800 mV 
[   12.668152] avdd-cam1: supplied by vdd-sys-3v3
[   12.672165] avdd-cam2: 2800 mV 
[   12.673003] avdd-cam2: supplied by vdd-sys-3v3
[   12.677779] avdd-dsi-csi: 1200 mV 
[   12.678617] avdd-dsi-csi: supplied by vddio-1v8
[   12.683427] vpp-fuse: 1800 mV 
[   12.684266] vpp-fuse: supplied by vdd-sys-3v3
[   12.687494] LDO5: at 1200 mV 
[   12.688337] LDO5: supplied by vdd_ac_bat
[   12.690975] vdd-sensor-2v85: 2850 mV 
[   12.691830] vdd-sensor-2v85: supplied by vdd-sys-3v3
[   12.695845] vdd-af-cam1: 2800 mV 
[   12.696684] vdd-af-cam1: supplied by vdd-sys-3v3
[   12.704781] vdd-rtc: 900 mV 
[   12.705618] vdd-rtc: supplied by vdd-ao
[   12.709622] vddio-sdmmc-2: 1800 <--> 3300 mV at 3300 mV 
[   12.710463] vddio-sdmmc-2: supplied by sdhci-vdd-sd-slot
[   12.715267] hvdd-usb: 3300 mV 
[   12.716105] hvdd-usb: supplied by vdd-sys-5v0
[   12.720894] avdd-usb: 3300 mV 
[   12.721749] avdd-usb: supplied by vdd-sys-5v0
[   12.724954] rail-3v3: no parameters
[   12.727409] rail-5v0: no parameters
[   12.728997] REGEN3: no parameters
[   12.729214] SYSEN1: no parameters
[   12.729407] SYSEN2: no parameters
[   12.730041] Linux video capture interface: v2.00
[   12.730607] platform 7000f010.iommu: Driver tegra-smmu requests probe deferral
[   12.730926] Advanced Linux Sound Architecture Driver Initialized.
[   12.731740] Bluetooth: Core ver 2.16
[   12.731813] NET: Registered protocol family 31
[   12.731821] Bluetooth: HCI device and connection manager initialized
[   12.731848] Bluetooth: HCI socket layer initialized
[   12.731870] Bluetooth: L2CAP socket layer initialized
[   12.731918] Bluetooth: SCO socket layer initialized
[   12.732650] cfg80211: Calling CRDA to update world regulatory domain
[   12.733665] Switched to clocksource arch_sys_counter
[   12.747833] NET: Registered protocol family 2
[   12.748770] TCP established hash table entries: 8192 (order: 4, 65536 bytes)
[   12.748973] TCP bind hash table entries: 8192 (order: 4, 65536 bytes)
[   12.749150] TCP: Hash tables configured (established 8192 bind 8192)
[   12.749597] TCP: reno registered
[   12.749615] UDP hash table entries: 512 (order: 2, 16384 bytes)
[   12.749657] UDP-Lite hash table entries: 512 (order: 2, 16384 bytes)
[   12.750072] NET: Registered protocol family 1
[   12.750783] RPC: Registered named UNIX socket transport module.
[   12.750794] RPC: Registered udp transport module.
[   12.750802] RPC: Registered tcp transport module.
[   12.750810] RPC: Registered tcp NFSv4.1 backchannel transport module.
[   12.750822] PCI: CLS 0 bytes, default 64
[   12.754509] bounce pool size: 64 pages
[   12.756187] squashfs: version 4.0 (2009/01/31) Phillip Lougher
[   12.757000] msgmni has been set to 1468
[   12.758649] io scheduler noop registered (default)
[   12.782281] tegra-apbdma 6000a000.dma: Tegra20 APB DMA driver register 32 channels
[   12.782844] Serial: 8250/16550 driver, 4 ports, IRQ sharing disabled
[   12.784992] 70006300.serial: ttyS0 at MMIO 0x70006300 (irq = 122, base_baud = 25500000) is a Tegra
[   13.813940] console [ttyS0] enabled
[   13.818311] [drm] Initialized drm 1.1.0 20060810
[   13.828781] loop: module loaded
[   13.834778] m25p80 spi32766.0: w25q32dw (4096 Kbytes)
[   13.841697] pegasus: v0.9.3 (2013/04/25), Pegasus/Pegasus II USB Ethernet driver
[   13.849132] usbcore: registered new interface driver pegasus
[   13.854870] usbcore: registered new interface driver asix
[   13.860330] usbcore: registered new interface driver ax88179_178a
[   13.866464] usbcore: registered new interface driver cdc_ether
[   13.872348] usbcore: registered new interface driver r815x
[   13.877904] usbcore: registered new interface driver smsc75xx
[   13.883724] usbcore: registered new interface driver smsc95xx
[   13.889522] usbcore: registered new interface driver net1080
[   13.895216] usbcore: registered new interface driver cdc_subset
[   13.901188] usbcore: registered new interface driver zaurus
[   13.906840] usbcore: registered new interface driver cdc_ncm
[   13.912523] ehci_hcd: USB 2.0 'Enhanced' Host Controller (EHCI) Driver
[   13.919029] ehci-pci: EHCI PCI platform driver
[   13.923518] tegra-ehci: Tegra EHCI driver
[   13.927707] platform 7d008000.usb: Driver tegra-ehci requests probe deferral
[   13.935009] usbcore: registered new interface driver cdc_acm
[   13.940650] cdc_acm: USB Abstract Control Model driver for USB modems and ISDN adapters
[   13.948686] usbcore: registered new interface driver cdc_wdm
[   13.954431] usbcore: registered new interface driver usb-storage
[   13.960657] platform 7d008000.usb-phy: Driver tegra-phy requests probe deferral
[   13.968522] mousedev: PS/2 mouse device common for all mice
[   13.986167] palmas-rtc rtc.7: rtc core: registered rtc.7 as rtc0
[   13.996548] tegra_rtc 7000e000.rtc: rtc core: registered 7000e000.rtc as rtc1
[   14.003690] tegra_rtc 7000e000.rtc: Tegra internal Real Time Clock
[   14.011271] sbs-battery 0-000b: sbs_probe: Failed to get device status
[   14.017777] sbs-battery: probe of 0-000b failed with error -121
[   14.027415] sdhci: Secure Digital Host Controller Interface driver
[   14.033582] sdhci: Copyright(c) Pierre Ossman
[   14.037912] sdhci-pltfm: SDHCI platform and OF driver helper
[   14.043979] sdhci-tegra 78000400.sdhci: Got CD GPIO #170.
[   14.050431] sdhci-tegra 78000400.sdhci: dummy supplies not allowed
[   14.056578] mmc0: no vqmmc regulator found
[   14.060677] sdhci-tegra 78000400.sdhci: dummy supplies not allowed
[   14.066821] mmc0: no vmmc regulator found
[   14.070824] mmc0: Invalid maximum block size, assuming 512 bytes
[   14.118130] mmc0: SDHCI controller on 78000400.sdhci [78000400.sdhci] using ADMA
[   14.127685] sdhci-tegra 78000600.sdhci: dummy supplies not allowed
[   14.133850] mmc1: no vqmmc regulator found
[   14.137932] sdhci-tegra 78000600.sdhci: dummy supplies not allowed
[   14.144091] mmc1: no vmmc regulator found
[   14.148092] mmc1: Invalid maximum block size, assuming 512 bytes
[   14.197807] mmc1: SDHCI controller on 78000600.sdhci [78000600.sdhci] using ADMA
[   14.205870] usbcore: registered new interface driver usbhid
[   14.213474] usbhid: USB HID core driver
[   14.329577] mmc1: BKOPS_EN bit is not set
[   14.359986] mmc1: new HS200 MMC card at address 0001
[   14.365523] mmcblk0: mmc1:0001 SEM32G 29.1 GiB 
[   14.370375] mmcblk0boot0: mmc1:0001 SEM32G partition 1 4.00 MiB
[   14.376581] mmcblk0boot1: mmc1:0001 SEM32G partition 2 4.00 MiB
[   14.382758] mmcblk0rpmb: mmc1:0001 SEM32G partition 3 4.00 MiB
[   14.391090] Primary GPT is invalid, using alternate GPT.
[   14.396397]  mmcblk0: p1 p2 p3 p4 p5
[   14.403332]  mmcblk0boot1: unknown partition table
[   14.409793]  mmcblk0boot0: unknown partition table
[   14.643310] tegra-snd-rt5640 sound.4: ASoC: CPU DAI (null) not registered
[   14.650217] tegra-snd-rt5640 sound.4: snd_soc_register_card failed (-517)
[   14.657006] platform sound.4: Driver tegra-snd-rt5640 requests probe deferral
[   14.665051] TCP: cubic registered
[   14.668688] NET: Registered protocol family 10
[   14.674511] mip6: Mobile IPv6
[   14.677510] sit: IPv6 over IPv4 tunneling driver
[   14.683840] NET: Registered protocol family 17
[   14.688321] NET: Registered protocol family 15
[   14.692897] Bluetooth: RFCOMM socket layer initialized
[   14.698035] Bluetooth: RFCOMM ver 1.11
[   14.701765] Bluetooth: BNEP (Ethernet Emulation) ver 1.3
[   14.707076] Bluetooth: BNEP socket layer initialized
[   14.712011] Bluetooth: HIDP (Human Interface Emulation) ver 1.2
[   14.717927] Bluetooth: HIDP socket layer initialized
[   14.723514] Registering SWP/SWPB emulation handler
[   14.732959] hvdd-usb: disabling
[   14.738511] vdd-af-cam1: disabling
[   14.744566] vdd-sensor-2v85: disabling
[   14.750828] LDO5: disabling
[   14.756293] vpp-fuse: disabling
[   14.761919] avdd-cam2: disabling
[   14.767811] avdd-cam1: disabling
[   14.775529] vdd-com-3v3: disabling
[   14.779639] vdd-lvds: disabling
[   14.783373] avdd-lcd: disabling
[   14.787127] vdd-lcd-bl: disabling
[   14.791780] dvdd_ts: 1800 mV 
[   14.795307] lcd_bl_en: 5000 mV 
[   14.799032] usb1_vbus: 5000 mV 
[   14.802221] usb1_vbus: supplied by vdd-sys-5v0
[   14.807115] usb2_vbus: 5000 mV 
[   14.810270] usb2_vbus: supplied by vdd-sys-5v0
[   14.815058] vdd_hdmi_5v0: 5000 mV 
[   14.818493] vdd_hdmi_5v0: supplied by vdd-sys-5v0
[   14.825544] vdd_cam_1v8_reg: 1800 mV 
[   14.829719] platform 7d008000.usb: Driver tegra-ehci requests probe deferral
[   14.837563] tegra-snd-rt5640 sound.4: ASoC: CPU DAI (null) not registered
[   14.844354] tegra-snd-rt5640 sound.4: snd_soc_register_card failed (-517)
[   14.851142] platform sound.4: Driver tegra-snd-rt5640 requests probe deferral
[   14.858617] tegra-ehci 7d008000.usb: EHCI Host Controller
[   14.864033] tegra-ehci 7d008000.usb: new USB bus registered, assigned bus number 1
[   14.872574] tegra-ehci 7d008000.usb: irq 129, io mem 0x7d008000
[   14.895119] tegra-ehci 7d008000.usb: USB 2.0 started, EHCI 1.10
[   14.902482] hub 1-0:1.0: USB hub found
[   14.906344] hub 1-0:1.0: 1 port detected
[   14.911213] tegra-snd-rt5640 sound.4: ASoC: CPU DAI (null) not registered
[   14.918069] tegra-snd-rt5640 sound.4: snd_soc_register_card failed (-517)
[   14.924933] platform sound.4: Driver tegra-snd-rt5640 requests probe deferral
[   14.933184] input: gpio-keys.2 as /devices/soc0/gpio-keys.2/input/input0
[   14.940974] tegra-snd-rt5640 sound.4: ASoC: CPU DAI (null) not registered
[   14.947962] tegra-snd-rt5640 sound.4: snd_soc_register_card failed (-517)
[   14.954855] platform sound.4: Driver tegra-snd-rt5640 requests probe deferral
[   14.963457] palmas-rtc rtc.7: setting system clock to 2000-02-20 12:39:42 UTC (951050382)
[   14.986550] ALSA device list:
[   14.989510]   No soundcards found.
[   15.022421] kjournald starting.  Commit interval 5 seconds
[   15.029237] EXT3-fs (mmcblk0p1): using internal journal
[   15.034520] EXT3-fs (mmcblk0p1): recovery complete
[   15.039291] EXT3-fs (mmcblk0p1): mounted filesystem with writeback data mode
[   15.046392] VFS: Mounted root (ext3 filesystem) on device 179:1.
[   15.054403] devtmpfs: mounted
[   15.057647] Freeing unused kernel memory: 220K (c07b2000 - c07e9000)
bash: cannot set terminal process group (-1): Inappropriate ioctl for device
bash: no job control in this shell
I have no name!@(none):/# [   15.223834] usb 1-1: new high-speed USB device number 2 using tegra-ehci
