

U-Boot 2011.03 (Jun 11 2013 - 06:07:37)

T114
Board: NVIDIA Dalmore
DRAM:  2 GiB
MMC:   Tegra2 SD/MMC: 0, Tegra2 SD/MMC: 1
In:    serial
Out:   serial
Err:   serial
Net:   Net Initialization Skipped
No ethernet found.
Hit any key to stop autoboot:  2  0 
Dalmore #
Dalmore #usb reset
(Re)start USB...
USB:   Register 10011 NbrPorts 1
USB EHCI 1.10
scanning bus for devices... 2 USB Device(s) found
       scanning bus for storage devices... 0 Storage Device(s) found
       scanning bus for ethernet devices... 1 Ethernet Device(s) found
Dalmore #setenv bootargs 'ignore_loglevel console=ttyS0,115200n8 rw root=/dev/mmcblk0p1 rootwait gpt init=/bin/bash'
Dalmore #setenv ipaddr 192.168.100.100; setenv serverip 192.168.100.1; setenv tftpserverip 192.168.100.1
Dalmore #tftpboot 0x81000000 zImage.tegra_defconfig%tegra20,114_mergeconfig
Waiting for Ethernet connection... done.
Using asx0 device
TFTP from server 192.168.100.1; our IP address is 192.168.100.100
Filename 'zImage.tegra_defconfig%tegra20,114_mergeconfig'.
Load address: 0x81000000
Loading: *#################################################  2.8 MiB/s
done
Bytes transferred = 4477256 (445148 hex)
Dalmore #tftpboot 0x82000000 tegra114-dalmore.dtb
Using asx0 device
TFTP from server 192.168.100.1; our IP address is 192.168.100.100
Filename 'tegra114-dalmore.dtb'.
Load address: 0x82000000
Loading: *#################################################  2.8 MiB/s
done
Bytes transferred = 29265 (7251 hex)
Dalmore #bootz 0x81000000 - 0x82000000
## Flattened Device Tree blob at 82000000
   Booting using the fdt blob at 0x82000000
   Loading Device Tree to 81ff5000, end 81fff250 ... OK

Starting kernel ...

Timer summary in microseconds:
       Mark    Elapsed  Stage
          0          0  awake
  2,446,482  2,446,482  usb_start
  6,451,820  4,005,338  eth_start
  6,451,817         -3  tftp start
 10,416,232  3,964,415  tftp done
 12,461,929  2,045,697  start_kernel
Uncompressing Linux... done, booting the kernel.
[    0.000000] Booting Linux on physical CPU 0x0
[    0.000000] Initializing cgroup subsys cpu
[    0.000000] Initializing cgroup subsys cpuacct
[    0.000000] Linux version 3.12.0-rc2-next-20130926-14012-g9acc1f5 (pwalmsley@tamien) (gcc version 4.5.1 (Sourcery G++ Lite 2010.09-50) ) #1 SMP PREEMPT Wed Sep 25 22:33:57 PDT 2013
[    0.000000] CPU: ARMv7 Processor [412fc0f2] revision 2 (ARMv7), cr=10c5387d
[    0.000000] CPU: PIPT / VIPT nonaliasing data cache, PIPT instruction cache
[    0.000000] Machine: NVIDIA Tegra SoC (Flattened Device Tree), model: NVIDIA Tegra114 Dalmore evaluation board
[    0.000000] debug: ignoring loglevel setting.
[    0.000000] cma: CMA: reserved 16 MiB at ae800000
[    0.000000] Memory policy: ECC disabled, Data cache writealloc
[    0.000000] On node 0 totalpages: 524032
[    0.000000] free_area_init_node: node 0, pgdat c083fbc0, node_mem_map c0897000
[    0.000000]   Normal zone: 1520 pages used for memmap
[    0.000000]   Normal zone: 0 pages reserved
[    0.000000]   Normal zone: 194560 pages, LIFO batch:31
[    0.000000]   HighMem zone: 2574 pages used for memmap
[    0.000000]   HighMem zone: 329472 pages, LIFO batch:31
[    0.000000] Tegra Revision: A01 SKU: 0 CPU Process: 1 Core Process: 1
[    0.000000] PERCPU: Embedded 8 pages/cpu @c18af000 s9088 r8192 d15488 u32768
[    0.000000] pcpu-alloc: s9088 r8192 d15488 u32768 alloc=8*4096
[    0.000000] pcpu-alloc: [0] 0 [0] 1 [0] 2 [0] 3 
[    0.000000] Built 1 zonelists in Zone order, mobility grouping on.  Total pages: 522512
[    0.000000] Kernel command line: ignore_loglevel console=ttyS0,115200n8 rw root=/dev/mmcblk0p1 rootwait gpt init=/bin/bash
[    0.000000] PID hash table entries: 4096 (order: 2, 16384 bytes)
[    0.000000] Dentry cache hash table entries: 131072 (order: 7, 524288 bytes)
[    0.000000] Inode-cache hash table entries: 65536 (order: 6, 262144 bytes)
[    0.000000] Memory: 2053460K/2096128K available (6112K kernel code, 292K rwdata, 1784K rodata, 224K init, 341K bss, 42668K reserved, 1317888K highmem)
[    0.000000] Virtual kernel memory layout:
[    0.000000]     vector  : 0xffff0000 - 0xffff1000   (   4 kB)
[    0.000000]     fixmap  : 0xfff00000 - 0xfffe0000   ( 896 kB)
[    0.000000]     vmalloc : 0xf0000000 - 0xff000000   ( 240 MB)
[    0.000000]     lowmem  : 0xc0000000 - 0xef800000   ( 760 MB)
[    0.000000]     pkmap   : 0xbfe00000 - 0xc0000000   (   2 MB)
[    0.000000]     modules : 0xbf000000 - 0xbfe00000   (  14 MB)
[    0.000000]       .text : 0xc0008000 - 0xc07be568   (7898 kB)
[    0.000000]       .init : 0xc07bf000 - 0xc07f7380   ( 225 kB)
[    0.000000]       .data : 0xc07f8000 - 0xc0841200   ( 293 kB)
[    0.000000]        .bss : 0xc084120c - 0xc089699c   ( 342 kB)
[    0.000000] Preemptible hierarchical RCU implementation.
[    0.000000] NR_IRQS:16 nr_irqs:16 16
[    0.000000] sched_clock: 32 bits at 1000kHz, resolution 1000ns, wraps every 2147483648000ns
[    0.000000] Architected cp15 timer(s) running at 12.00MHz (virt).
[    0.000000] Switching to timer-based delay loop
[    0.000000] sched_clock: ARM arch timer >56 bits at 12000kHz, resolution 83ns
[    0.000000] Console: colour dummy device 80x30
[   12.488924] Calibrating delay loop (skipped), value calculated using timer frequency.. 24.00 BogoMIPS (lpj=120000)
[   12.488941] pid_max: default: 32768 minimum: 301
[   12.489379] Mount-cache hash table entries: 512
[   12.508013] Initializing cgroup subsys debug
[   12.508032] Initializing cgroup subsys freezer
[   12.508094] CPU: Testing write buffer coherency: ok
[   12.508466] /cpus/cpu@0 missing clock-frequency property
[   12.508494] /cpus/cpu@1 missing clock-frequency property
[   12.508519] /cpus/cpu@2 missing clock-frequency property
[   12.508545] /cpus/cpu@3 missing clock-frequency property
[   12.508558] CPU0: thread -1, cpu 0, socket 0, mpidr 80000000
[   12.508585] Setting up static identity map for 0xc05d07f0 - 0xc05d0888
[   12.568965] CPU1: Booted secondary processor
[   12.568993] CPU1: thread -1, cpu 1, socket 0, mpidr 80000001
[   12.588902] CPU2: Booted secondary processor
[   12.588927] CPU2: thread -1, cpu 2, socket 0, mpidr 80000002
[   12.608840] CPU3: Booted secondary processor
[   12.608864] CPU3: thread -1, cpu 3, socket 0, mpidr 80000003
[   12.608975] Brought up 4 CPUs
[   12.609002] SMP: Total of 4 processors activated.
[   12.609010] CPU: All CPU(s) started in SVC mode.
[   12.610049] devtmpfs: initialized
[   12.623038] VFP support v0.3: implementor 41 architecture 4 part 30 variant f rev 0
[   12.623421] pinctrl core: initialized pinctrl subsystem
[   12.623938] regulator-dummy: no parameters
[   12.627119] NET: Registered protocol family 16
[   12.628445] DMA: preallocated 256 KiB pool for atomic coherent allocations
[   12.629229] cpuidle: using governor ladder
[   12.629239] cpuidle: using governor menu
[   12.640323] No ATAGs?
[   12.640355] hw-breakpoint: found 5 (+1 reserved) breakpoint and 4 watchpoint registers.
[   12.640364] hw-breakpoint: maximum watchpoint size is 8 bytes.
[   12.651722] bio: create slab <bio-0> at 0
[   12.653214] vdd_ac_bat: 5000 mV 
[   12.653552] dvdd_ts: Failed to request enable GPIO61: -517
[   12.653713] reg-fixed-voltage 1.regulator: Failed to register regulator: -517
[   12.653737] platform 1.regulator: Driver reg-fixed-voltage requests probe deferral
[   12.653937] lcd_bl_en: Failed to request enable GPIO58: -517
[   12.654083] reg-fixed-voltage 2.regulator: Failed to register regulator: -517
[   12.654105] platform 2.regulator: Driver reg-fixed-voltage requests probe deferral
[   12.654304] usb1_vbus: Failed to request enable GPIO108: -517
[   12.654447] reg-fixed-voltage 3.regulator: Failed to register regulator: -517
[   12.654470] platform 3.regulator: Driver reg-fixed-voltage requests probe deferral
[   12.654670] usb2_vbus: Failed to request enable GPIO86: -517
[   12.654815] reg-fixed-voltage 4.regulator: Failed to register regulator: -517
[   12.654838] platform 4.regulator: Driver reg-fixed-voltage requests probe deferral
[   12.655036] vdd_hdmi_5v0: Failed to request enable GPIO81: -517
[   12.655178] reg-fixed-voltage 5.regulator: Failed to register regulator: -517
[   12.655200] platform 5.regulator: Driver reg-fixed-voltage requests probe deferral
[   12.655277] platform 6.regulator: Driver reg-fixed-voltage requests probe deferral
[   12.656293] vgaarb: loaded
[   12.657390] SCSI subsystem initialized
[   12.657805] usbcore: registered new interface driver usbfs
[   12.657921] usbcore: registered new interface driver hub
[   12.658082] usbcore: registered new device driver usb
[   12.661995] vdd-cpu: 500 <--> 1520 mV at 1100 mV 
[   12.662657] tps65090 1-0048: No cache defaults, reading back from HW
[   12.669050] vdd-sys-5v0: no parameters
[   12.669101] vdd-sys-5v0: supplied by vdd_ac_bat
[   12.670545] vdd-sys-3v3: no parameters
[   12.670583] vdd-sys-3v3: supplied by vdd_ac_bat
[   12.672028] vdd-ao: no parameters
[   12.672067] vdd-ao: supplied by vdd_ac_bat
[   12.672328] vdd-lcd-bl: no parameters
[   12.672364] vdd-lcd-bl: supplied by vdd_ac_bat
[   12.672617] TPS65090_RAILSFET2: no parameters
[   12.672654] TPS65090_RAILSFET2: supplied by vdd_ac_bat
[   12.672904] vdd-modem-3v3: no parameters
[   12.672938] vdd-modem-3v3: supplied by vdd-sys-3v3
[   12.673212] avdd-lcd: no parameters
[   12.673247] avdd-lcd: supplied by vdd-sys-3v3
[   12.673499] vdd-lvds: no parameters
[   12.673532] vdd-lvds: supplied by vdd-sys-3v3
[   12.673782] vdd-sd-slot: no parameters
[   12.673816] vdd-sd-slot: supplied by vdd-sys-3v3
[   12.674090] vdd-com-3v3: no parameters
[   12.674126] vdd-com-3v3: supplied by vdd-sys-3v3
[   12.674365] vdd-sby-5v0: no parameters
[   12.674398] vdd-sby-5v0: supplied by vdd_ac_bat
[   12.674654] vdd-sby-3v3: no parameters
[   12.674687] vdd-sby-3v3: supplied by vdd_ac_bat
[   12.675057] genirq: Setting trigger mode 8 for irq 118 failed (gic_set_type+0x0/0xf0)
[   12.675489] palmas 1-0058: Irq flag is 0x00000000
[   12.689800] palmas 1-0058: Muxing GPIO ff, PWM 0, LED 0
[   12.698774] vddio-ddr: 1350 mV 
[   12.699619] vddio-ddr: supplied by vdd-ao
[   12.706572] vddio-1v8: 1800 mV 
[   12.707425] vddio-1v8: supplied by vdd-ao
[   12.714365] vdd-core: 900 <--> 1400 mV at 1100 mV 
[   12.715206] vdd-core: supplied by vdd-sys-3v3
[   12.719406] SMPS6: no parameters
[   12.727116] avdd-pll: 1050 mV 
[   12.727960] avdd-pll: supplied by vdd-sys-3v3
[   12.736272] sdhci-vdd-sd-slot: 2800 mV 
[   12.737124] sdhci-vdd-sd-slot: supplied by vdd-sys-3v3
[   12.738962] SMPS10_OUT2: at 5000 mV 
[   12.740779] SMPS10_OUT1: at 5000 mV 
[   12.743394] avdd-cam1: 2800 mV 
[   12.744229] avdd-cam1: supplied by vdd-sys-3v3
[   12.748258] avdd-cam2: 2800 mV 
[   12.749098] avdd-cam2: supplied by vdd-sys-3v3
[   12.753879] avdd-dsi-csi: 1200 mV 
[   12.754716] avdd-dsi-csi: supplied by vddio-1v8
[   12.759518] vpp-fuse: 1800 mV 
[   12.760357] vpp-fuse: supplied by vdd-sys-3v3
[   12.763584] LDO5: at 1200 mV 
[   12.764425] LDO5: supplied by vdd_ac_bat
[   12.767074] vdd-sensor-2v85: 2850 mV 
[   12.767914] vdd-sensor-2v85: supplied by vdd-sys-3v3
[   12.771918] vdd-af-cam1: 2800 mV 
[   12.772757] vdd-af-cam1: supplied by vdd-sys-3v3
[   12.780851] vdd-rtc: 900 mV 
[   12.781690] vdd-rtc: supplied by vdd-ao
[   12.785702] vddio-sdmmc-2: 1800 <--> 3300 mV at 3300 mV 
[   12.786540] vddio-sdmmc-2: supplied by sdhci-vdd-sd-slot
[   12.791366] hvdd-usb: 3300 mV 
[   12.792206] hvdd-usb: supplied by vdd-sys-5v0
[   12.796989] avdd-usb: 3300 mV 
[   12.797829] avdd-usb: supplied by vdd-sys-5v0
[   12.801052] rail-3v3: no parameters
[   12.803495] rail-5v0: no parameters
[   12.805084] REGEN3: no parameters
[   12.805305] SYSEN1: no parameters
[   12.805497] SYSEN2: no parameters
[   12.806130] Linux video capture interface: v2.00
[   12.806840] platform 7000f010.iommu: Driver tegra-smmu requests probe deferral
[   12.807160] Advanced Linux Sound Architecture Driver Initialized.
[   12.807958] Bluetooth: Core ver 2.16
[   12.808029] NET: Registered protocol family 31
[   12.808037] Bluetooth: HCI device and connection manager initialized
[   12.808063] Bluetooth: HCI socket layer initialized
[   12.808085] Bluetooth: L2CAP socket layer initialized
[   12.808134] Bluetooth: SCO socket layer initialized
[   12.808869] cfg80211: Calling CRDA to update world regulatory domain
[   12.809906] Switched to clocksource arch_sys_counter
[   12.824180] NET: Registered protocol family 2
[   12.825099] TCP established hash table entries: 8192 (order: 4, 65536 bytes)
[   12.825302] TCP bind hash table entries: 8192 (order: 4, 65536 bytes)
[   12.825478] TCP: Hash tables configured (established 8192 bind 8192)
[   12.825923] TCP: reno registered
[   12.825938] UDP hash table entries: 512 (order: 2, 16384 bytes)
[   12.825980] UDP-Lite hash table entries: 512 (order: 2, 16384 bytes)
[   12.826391] NET: Registered protocol family 1
[   12.827109] RPC: Registered named UNIX socket transport module.
[   12.827120] RPC: Registered udp transport module.
[   12.827127] RPC: Registered tcp transport module.
[   12.827134] RPC: Registered tcp NFSv4.1 backchannel transport module.
[   12.827146] PCI: CLS 0 bytes, default 64
[   12.830968] bounce pool size: 64 pages
[   12.832664] squashfs: version 4.0 (2009/01/31) Phillip Lougher
[   12.833481] msgmni has been set to 1468
[   12.835141] io scheduler noop registered (default)
[   12.859022] tegra-apbdma 6000a000.dma: Tegra20 APB DMA driver register 32 channels
[   12.859573] Serial: 8250/16550 driver, 4 ports, IRQ sharing disabled
[   12.861735] 70006300.serial: ttyS0 at MMIO 0x70006300 (irq = 122, base_baud = 25500000) is a Tegra
[   13.890549] console [ttyS0] enabled
[   13.894893] [drm] Initialized drm 1.1.0 20060810
[   13.905395] loop: module loaded
[   13.911435] m25p80 spi32766.0: w25q32dw (4096 Kbytes)
[   13.918373] pegasus: v0.9.3 (2013/04/25), Pegasus/Pegasus II USB Ethernet driver
[   13.925829] usbcore: registered new interface driver pegasus
[   13.931557] usbcore: registered new interface driver asix
[   13.937021] usbcore: registered new interface driver ax88179_178a
[   13.943149] usbcore: registered new interface driver cdc_ether
[   13.949032] usbcore: registered new interface driver r815x
[   13.954588] usbcore: registered new interface driver smsc75xx
[   13.960406] usbcore: registered new interface driver smsc95xx
[   13.966215] usbcore: registered new interface driver net1080
[   13.971920] usbcore: registered new interface driver cdc_subset
[   13.977893] usbcore: registered new interface driver zaurus
[   13.983538] usbcore: registered new interface driver cdc_ncm
[   13.989223] ehci_hcd: USB 2.0 'Enhanced' Host Controller (EHCI) Driver
[   13.995729] ehci-pci: EHCI PCI platform driver
[   14.000217] tegra-ehci: Tegra EHCI driver
[   14.004401] platform 7d008000.usb: Driver tegra-ehci requests probe deferral
[   14.011718] usbcore: registered new interface driver cdc_acm
[   14.017359] cdc_acm: USB Abstract Control Model driver for USB modems and ISDN adapters
[   14.025400] usbcore: registered new interface driver cdc_wdm
[   14.031121] usbcore: registered new interface driver usb-storage
[   14.037341] platform 7d008000.usb-phy: Driver tegra-phy requests probe deferral
[   14.045313] mousedev: PS/2 mouse device common for all mice
[   14.062912] palmas-rtc rtc.7: rtc core: registered rtc.7 as rtc0
[   14.073305] tegra_rtc 7000e000.rtc: rtc core: registered 7000e000.rtc as rtc1
[   14.080447] tegra_rtc 7000e000.rtc: Tegra internal Real Time Clock
[   14.088004] sbs-battery 0-000b: sbs_probe: Failed to get device status
[   14.094509] sbs-battery: probe of 0-000b failed with error -121
[   14.104146] sdhci: Secure Digital Host Controller Interface driver
[   14.110312] sdhci: Copyright(c) Pierre Ossman
[   14.114644] sdhci-pltfm: SDHCI platform and OF driver helper
[   14.120707] sdhci-tegra 78000400.sdhci: Got CD GPIO #170.
[   14.127157] sdhci-tegra 78000400.sdhci: dummy supplies not allowed
[   14.133303] mmc0: no vqmmc regulator found
[   14.137401] sdhci-tegra 78000400.sdhci: dummy supplies not allowed
[   14.143546] mmc0: no vmmc regulator found
[   14.147547] mmc0: Invalid maximum block size, assuming 512 bytes
[   14.194371] mmc0: SDHCI controller on 78000400.sdhci [78000400.sdhci] using ADMA
[   14.203928] sdhci-tegra 78000600.sdhci: dummy supplies not allowed
[   14.210093] mmc1: no vqmmc regulator found
[   14.214175] sdhci-tegra 78000600.sdhci: dummy supplies not allowed
[   14.220333] mmc1: no vmmc regulator found
[   14.224333] mmc1: Invalid maximum block size, assuming 512 bytes
[   14.274047] mmc1: SDHCI controller on 78000600.sdhci [78000600.sdhci] using ADMA
[   14.282120] usbcore: registered new interface driver usbhid
[   14.289723] usbhid: USB HID core driver
[   14.405821] mmc1: BKOPS_EN bit is not set
[   14.436322] mmc1: new HS200 MMC card at address 0001
[   14.441868] mmcblk0: mmc1:0001 SEM32G 29.1 GiB 
[   14.446727] mmcblk0boot0: mmc1:0001 SEM32G partition 1 4.00 MiB
[   14.452937] mmcblk0boot1: mmc1:0001 SEM32G partition 2 4.00 MiB
[   14.459107] mmcblk0rpmb: mmc1:0001 SEM32G partition 3 4.00 MiB
[   14.467439] Primary GPT is invalid, using alternate GPT.
[   14.472742]  mmcblk0: p1 p2 p3 p4 p5
[   14.479704]  mmcblk0boot1: unknown partition table
[   14.486149]  mmcblk0boot0: unknown partition table
[   14.719817] tegra-snd-rt5640 sound.4: ASoC: CPU DAI (null) not registered
[   14.726725] tegra-snd-rt5640 sound.4: snd_soc_register_card failed (-517)
[   14.733513] platform sound.4: Driver tegra-snd-rt5640 requests probe deferral
[   14.741582] TCP: cubic registered
[   14.745216] NET: Registered protocol family 10
[   14.751046] mip6: Mobile IPv6
[   14.754046] sit: IPv6 over IPv4 tunneling driver
[   14.760359] NET: Registered protocol family 17
[   14.764842] NET: Registered protocol family 15
[   14.769423] Bluetooth: RFCOMM socket layer initialized
[   14.774557] Bluetooth: RFCOMM ver 1.11
[   14.778285] Bluetooth: BNEP (Ethernet Emulation) ver 1.3
[   14.783594] Bluetooth: BNEP socket layer initialized
[   14.788530] Bluetooth: HIDP (Human Interface Emulation) ver 1.2
[   14.794444] Bluetooth: HIDP socket layer initialized
[   14.800038] Registering SWP/SWPB emulation handler
[   14.809581] hvdd-usb: disabling
[   14.815140] vdd-af-cam1: disabling
[   14.821207] vdd-sensor-2v85: disabling
[   14.827477] LDO5: disabling
[   14.832945] vpp-fuse: disabling
[   14.838579] avdd-cam2: disabling
[   14.844428] avdd-cam1: disabling
[   14.851438] vdd-com-3v3: disabling
[   14.855448] vdd-lvds: disabling
[   14.859166] avdd-lcd: disabling
[   14.862906] vdd-lcd-bl: disabling
[   14.867439] dvdd_ts: 1800 mV 
[   14.870945] lcd_bl_en: 5000 mV 
[   14.874674] usb1_vbus: 5000 mV 
[   14.877860] usb1_vbus: supplied by vdd-sys-5v0
[   14.882759] usb2_vbus: 5000 mV 
[   14.885926] usb2_vbus: supplied by vdd-sys-5v0
[   14.890711] vdd_hdmi_5v0: 5000 mV 
[   14.894143] vdd_hdmi_5v0: supplied by vdd-sys-5v0
[   14.901195] vdd_cam_1v8_reg: 1800 mV 
[   14.905407] platform 7d008000.usb: Driver tegra-ehci requests probe deferral
[   14.913280] tegra-snd-rt5640 sound.4: ASoC: CPU DAI (null) not registered
[   14.920074] tegra-snd-rt5640 sound.4: snd_soc_register_card failed (-517)
[   14.926861] platform sound.4: Driver tegra-snd-rt5640 requests probe deferral
[   14.934326] tegra-ehci 7d008000.usb: EHCI Host Controller
[   14.939740] tegra-ehci 7d008000.usb: new USB bus registered, assigned bus number 1
[   14.948315] tegra-ehci 7d008000.usb: irq 129, io mem 0x7d008000
[   14.971362] tegra-ehci 7d008000.usb: USB 2.0 started, EHCI 1.10
[   14.978728] hub 1-0:1.0: USB hub found
[   14.982589] hub 1-0:1.0: 1 port detected
[   14.987482] tegra-snd-rt5640 sound.4: ASoC: CPU DAI (null) not registered
[   14.994344] tegra-snd-rt5640 sound.4: snd_soc_register_card failed (-517)
[   15.001206] platform sound.4: Driver tegra-snd-rt5640 requests probe deferral
[   15.009485] input: gpio-keys.2 as /devices/soc0/gpio-keys.2/input/input0
[   15.017313] tegra-snd-rt5640 sound.4: ASoC: CPU DAI (null) not registered
[   15.024302] tegra-snd-rt5640 sound.4: snd_soc_register_card failed (-517)
[   15.031187] platform sound.4: Driver tegra-snd-rt5640 requests probe deferral
[   15.039801] palmas-rtc rtc.7: setting system clock to 2000-02-20 12:41:38 UTC (951050498)
[   15.063080] ALSA device list:
[   15.066040]   No soundcards found.
[   15.099457] kjournald starting.  Commit interval 5 seconds
[   15.106297] EXT3-fs (mmcblk0p1): using internal journal
[   15.111581] EXT3-fs (mmcblk0p1): recovery complete
[   15.116350] EXT3-fs (mmcblk0p1): mounted filesystem with writeback data mode
[   15.123450] VFS: Mounted root (ext3 filesystem) on device 179:1.
[   15.131428] devtmpfs: mounted
[   15.134680] Freeing unused kernel memory: 224K (c07bf000 - c07f7000)
bash: cannot set terminal process group (-1): Inappropriate ioctl for device
bash: no job control in this shell
I have no name!@(none):/# [   15.300205] usb 1-1: new high-speed USB device number 2 using tegra-ehci
