
U-Boot SPL 2014.01-00219-gc4d376f (Feb 18 2014 - 19:57:18)


U-Boot 2014.01-00219-gc4d376f (Feb 18 2014 - 19:57:18)

TEGRA30
Board: NVIDIA Beaver
I2C:   ready
DRAM:  2 GiB
MMC:   Tegra SD/MMC: 0, Tegra SD/MMC: 1
In:    serial
Out:   serial
Err:   serial
Net:   Net Initialization Skipped
No ethernet found.
Hit any key to stop autoboot:  2  0 
Tegra30 (Beaver) # 
Tegra30 (Beaver) # usb reset
(Re)start USB...
USB0:   USB EHCI 1.00
scanning bus 0 for devices... 2 USB Device(s) found
       scanning usb for storage devices... 0 Storage Device(s) found
       scanning usb for ethernet devices... 
Warning: asx0 using MAC address from net device
1 Ethernet Device(s) found
Tegra30 (Beaver) # setenv bootargs 'ignore_loglevel console=ttyS0,115200n8 rw root=PARTUUID=edbe1840-3633-c751-7993-b0ac834f81e0 rootwait gpt debug noinitrd earlyprintk init=/bin/bash'
Tegra30 (Beaver) # setenv ipaddr 192.168.100.101; setenv serverip 192.168.100.1; setenv tftpserverip 192.168.100.1
Tegra30 (Beaver) # tftpboot 0x81000000 zImage.multi_v7_defconfig
Using asx0 device
TFTP from server 192.168.100.1; our IP address is 192.168.100.101
Filename 'zImage.multi_v7_defconfig'.
Load address: 0x81000000
Loading: *#################################################################
	 #################################################################
	 #################################################################
	 #################################################################
	 #################################################################
	 #################################################################
	 #################################################################
	 ############################
	 3.2 MiB/s
done
Bytes transferred = 7089088 (6c2bc0 hex)
Tegra30 (Beaver) # tftpboot 0x82000000 tegra30-beaver.dtb
Using asx0 device
TFTP from server 192.168.100.1; our IP address is 192.168.100.101
Filename 'tegra30-beaver.dtb'.
Load address: 0x82000000
Loading: *####
	 3.1 MiB/s
done
Bytes transferred = 51572 (c974 hex)
Tegra30 (Beaver) # bootz 0x81000000 - 0x82000000
Kernel image @ 0x81000000 [ 0x000000 - 0x6c2bc0 ]
## Flattened Device Tree blob at 82000000
   Booting using the fdt blob at 0x82000000
   Loading Device Tree to 8fff0000, end 8ffff973 ... OK

Starting kernel ...

[    0.000000] Booting Linux on physical CPU 0x0
[    0.000000] Linux version 4.7.0-next-20160727-109474-gd9c4432 (pwalmsley@sellafield) (gcc version 4.7.3 20130328 (prerelease) (crosstool-NG linaro-1.13.1-4.7-2013.04-20130415 - Linaro GCC 2013.04) ) #1 SMP Wed Jul 27 00:20:22 PDT 2016
[    0.000000] CPU: ARMv7 Processor [412fc099] revision 9 (ARMv7), cr=10c5387d
[    0.000000] CPU: PIPT / VIPT nonaliasing data cache, VIPT aliasing instruction cache
[    0.000000] OF: fdt:Machine model: NVIDIA Tegra30 Beaver evaluation board
[    0.000000] debug: ignoring loglevel setting.
[    0.000000] cma: Reserved 64 MiB at 0xfb800000
[    0.000000] Memory policy: Data cache writealloc
[    0.000000] On node 0 totalpages: 524032
[    0.000000] free_area_init_node: node 0, pgdat c141cf00, node_mem_map eeffa000
[    0.000000]   DMA zone: 1536 pages used for memmap
[    0.000000]   DMA zone: 0 pages reserved
[    0.000000]   DMA zone: 196608 pages, LIFO batch:31
[    0.000000]   HighMem zone: 327424 pages, LIFO batch:31
[    0.000000] percpu: Embedded 14 pages/cpu @eef8d000 s26624 r8192 d22528 u57344
[    0.000000] pcpu-alloc: s26624 r8192 d22528 u57344 alloc=14*4096
[    0.000000] pcpu-alloc: [0] 0 [0] 1 [0] 2 [0] 3 
[    0.000000] Built 1 zonelists in Zone order, mobility grouping on.  Total pages: 522496
[    0.000000] Kernel command line: ignore_loglevel console=ttyS0,115200n8 rw root=PARTUUID=edbe1840-3633-c751-7993-b0ac834f81e0 rootwait gpt debug noinitrd earlyprintk init=/bin/bash
[    0.000000] PID hash table entries: 4096 (order: 2, 16384 bytes)
[    0.000000] Dentry cache hash table entries: 131072 (order: 7, 524288 bytes)
[    0.000000] Inode-cache hash table entries: 65536 (order: 6, 262144 bytes)
[    0.000000] Memory: 1995024K/2096128K available (9216K kernel code, 1147K rwdata, 3976K rodata, 2048K init, 343K bss, 35568K reserved, 65536K cma-reserved, 1244160K highmem)
[    0.000000] Virtual kernel memory layout:
[    0.000000]     vector  : 0xffff0000 - 0xffff1000   (   4 kB)
[    0.000000]     fixmap  : 0xffc00000 - 0xfff00000   (3072 kB)
[    0.000000]     vmalloc : 0xf0800000 - 0xff800000   ( 240 MB)
[    0.000000]     lowmem  : 0xc0000000 - 0xf0000000   ( 768 MB)
[    0.000000]     pkmap   : 0xbfe00000 - 0xc0000000   (   2 MB)
[    0.000000]     modules : 0xbf000000 - 0xbfe00000   (  14 MB)
[    0.000000]       .text : 0xc0208000 - 0xc0c00000   (10208 kB)
[    0.000000]       .init : 0xc1100000 - 0xc1300000   (2048 kB)
[    0.000000]       .data : 0xc1300000 - 0xc141ed80   (1148 kB)
[    0.000000]        .bss : 0xc1420000 - 0xc1475c08   ( 344 kB)
[    0.000000] SLUB: HWalign=64, Order=0-3, MinObjects=0, CPUs=4, Nodes=1
[    0.000000] Hierarchical RCU implementation.
[    0.000000] 	Build-time adjustment of leaf fanout to 32.
[    0.000000] 	RCU restricting CPUs from NR_CPUS=16 to nr_cpu_ids=4.
[    0.000000] RCU: Adjusting geometry for rcu_fanout_leaf=32, nr_cpu_ids=4
[    0.000000] NR_IRQS:16 nr_irqs:16 16
[    0.000000] /interrupt-controller@60004000: 160 interrupts forwarded to /interrupt-controller@50041000
[    0.000000] L2C: platform modifies aux control register: 0x02080000 -> 0x3e480001
[    0.000000] L2C: DT/platform modifies aux control register: 0x02080000 -> 0x3e480001
[    0.000000] L2C-310 erratum 769419 enabled
[    0.000000] L2C-310 enabling early BRESP for Cortex-A9
[    0.000000] L2C-310: enabling full line of zeros but not enabled in Cortex-A9
[    0.000000] L2C-310 dynamic clock gating enabled, standby mode enabled
[    0.000000] L2C-310 cache controller enabled, 8 ways, 1024 kB
[    0.000000] L2C-310: CACHE_ID 0x410000c7, AUX_CTRL 0x4e480001
[    0.000013] sched_clock: 32 bits at 1000kHz, resolution 1000ns, wraps every 2147483647500ns
[    0.000030] clocksource: timer_us: mask: 0xffffffff max_cycles: 0xffffffff, max_idle_ns: 1911260446275 ns
[    0.000039] Switching to timer-based delay loop, resolution 1000ns
[    0.002801] Console: colour dummy device 80x30
[    0.002829] Calibrating delay loop (skipped), value calculated using timer frequency.. 2.00 BogoMIPS (lpj=5000)
[    0.002839] pid_max: default: 32768 minimum: 301
[    0.002926] Mount-cache hash table entries: 2048 (order: 1, 8192 bytes)
[    0.002933] Mountpoint-cache hash table entries: 2048 (order: 1, 8192 bytes)
[    0.003366] CPU: Testing write buffer coherency: ok
[    0.003649] CPU0: thread -1, cpu 0, socket 0, mpidr 80000000
[    0.003693] Setting up static identity map for 0x80300000 - 0x80300098
[    0.006217] Tegra Revision: A03 SKU: 128 CPU Process: 4 SoC Process: 0
[    0.010354] CPU1: thread -1, cpu 1, socket 0, mpidr 80000001
[    0.015330] CPU2: thread -1, cpu 2, socket 0, mpidr 80000002
[    0.020333] CPU3: thread -1, cpu 3, socket 0, mpidr 80000003
[    0.020377] Brought up 4 CPUs
[    0.020390] SMP: Total of 4 processors activated (8.00 BogoMIPS).
[    0.020395] CPU: All CPU(s) started in SVC mode.
[    0.021082] devtmpfs: initialized
[    0.030268] VFP support v0.3: implementor 41 architecture 3 part 30 variant 9 rev 4
[    0.030705] clocksource: jiffies: mask: 0xffffffff max_cycles: 0xffffffff, max_idle_ns: 9556302231375000 ns
[    0.033970] pinctrl core: initialized pinctrl subsystem
[    0.035597] NET: Registered protocol family 16
[    0.038113] DMA: preallocated 256 KiB pool for atomic coherent allocations
[    0.049920] cpuidle: using governor menu
[    0.058803] No ATAGs?hw-breakpoint: found 5 (+1 reserved) breakpoint and 1 watchpoint registers.
[    0.058831] hw-breakpoint: maximum watchpoint size is 4 bytes.
[    0.062158] Serial: AMBA PL011 UART driver
[    0.063482] tegra-mc 7000f000.memory-controller: no memory timings for RAM code 3 registered
[    0.082965] vdd_5v_sata: Failed to request enable GPIO30: -517
[    0.082981] reg-fixed-voltage regulators:regulator@3: Failed to register regulator: -517
[    0.083024] usb1_vbus: Failed to request enable GPIO238: -517
[    0.083031] reg-fixed-voltage regulators:regulator@4: Failed to register regulator: -517
[    0.083072] usb3_vbus: Failed to request enable GPIO236: -517
[    0.083079] reg-fixed-voltage regulators:regulator@5: Failed to register regulator: -517
[    0.083169] sys_3v3_pexs: Failed to request enable GPIO95: -517
[    0.083176] reg-fixed-voltage regulators:regulator@7: Failed to register regulator: -517
[    0.085175] vgaarb: loaded
[    0.085674] SCSI subsystem initialized
[    0.085818] libata version 3.00 loaded.
[    0.086000] usbcore: registered new interface driver usbfs
[    0.086037] usbcore: registered new interface driver hub
[    0.086071] usbcore: registered new device driver usb
[    0.092806] vrtc: supplied by vdd_5v_in
[    0.096106] vio: supplied by vdd_5v_in
[    0.101834] vdd1: supplied by vdd_5v_in
[    0.103196] vddio_ddr_1v2: Bringing 600000uV into 1200000-1200000uV
[    0.106836] vdd2: supplied by vdd_5v_in
[    0.116820] ldo1: supplied by vdd_1v5_gen
[    0.119209] ldo2: supplied by vdd_1v5_gen
[    0.119680] vdd_sata,avdd_plle: Bringing 1200000uV into 1050000-1050000uV
[    0.121930] ldo3: supplied by vdd_5v_in
[    0.124296] ldo4: supplied by vdd_5v_in
[    0.126830] ldo5: supplied by vdd_5v_in
[    0.131834] ldo6: supplied by vdd_1v8_gen
[    0.132304] avdd_dsi_csi,pwrdet_mipi: Bringing 1000000uV into 1200000-1200000uV
[    0.134565] ldo7: supplied by vdd_1v8_gen
[    0.141825] ldo8: supplied by vdd_1v8_gen
[    0.146869] pps_core: LinuxPPS API ver. 1 registered
[    0.146875] pps_core: Software ver. 5.3.6 - Copyright 2005-2007 Rodolfo Giometti <giometti@linux.it>
[    0.146888] PTP clock support registered
[    0.147024] EDAC MC: Ver: 3.0.0
[    0.148598] clocksource: Switched to clocksource timer_us
[    0.154500] NET: Registered protocol family 2
[    0.154895] TCP established hash table entries: 8192 (order: 3, 32768 bytes)
[    0.154951] TCP bind hash table entries: 8192 (order: 4, 65536 bytes)
[    0.155033] TCP: Hash tables configured (established 8192 bind 8192)
[    0.155119] UDP hash table entries: 512 (order: 2, 16384 bytes)
[    0.155178] UDP-Lite hash table entries: 512 (order: 2, 16384 bytes)
[    0.155340] NET: Registered protocol family 1
[    0.155612] RPC: Registered named UNIX socket transport module.
[    0.155620] RPC: Registered udp transport module.
[    0.155624] RPC: Registered tcp transport module.
[    0.155628] RPC: Registered tcp NFSv4.1 backchannel transport module.
[    0.155637] PCI: CLS 0 bytes, default 64
[    0.156368] hw perfevents: /pmu: failed to probe PMU!
[    0.156375] hw perfevents: /pmu: failed to register PMU devices!
[    0.156386] armv7-pmu: probe of pmu failed with error -22
[    0.157287] futex hash table entries: 1024 (order: 4, 65536 bytes)
[    0.157667] workingset: timestamp_bits=30 max_order=19 bucket_order=0
[    0.163158] squashfs: version 4.0 (2009/01/31) Phillip Lougher
[    0.163640] NFS: Registering the id_resolver key type
[    0.163666] Key type id_resolver registered
[    0.163670] Key type id_legacy registered
[    0.163700] ntfs: driver 2.1.32 [Flags: R/O].
[    0.164479] bounce: pool size: 64 pages
[    0.164599] Block layer SCSI generic (bsg) driver version 0.4 loaded (major 248)
[    0.164609] io scheduler noop registered
[    0.164613] io scheduler deadline registered
[    0.164716] io scheduler cfq registered (default)
[    0.167087] libphy: mdio_driver_register: phy-bcm-ns2-pci
[    0.170679] tegra30-pinctrl 70000868.pinmux: invalid group "sdmmc3_dat6_pd3" for function "rsvd1"
[    0.170694] tegra30-pinctrl 70000868.pinmux: invalid group "sdmmc3_dat7_pd4" for function "rsvd1"
[    0.170709] tegra30-pinctrl 70000868.pinmux: invalid group "vi_vsync_pd6" for function "rsvd1"
[    0.170718] tegra30-pinctrl 70000868.pinmux: invalid group "vi_hsync_pd7" for function "rsvd1"
[    0.171188] tegra30-pinctrl 70000868.pinmux: invalid group "hdmi_int_pn7" for function "rsvd1"
[    0.171233] tegra30-pinctrl 70000868.pinmux: invalid group "ulpi_data3_po4" for function "rsvd1"
[    0.171571] tegra30-pinctrl 70000868.pinmux: invalid group "vi_d10_pt2" for function "rsvd1"
[    0.171584] tegra30-pinctrl 70000868.pinmux: invalid group "vi_d11_pt3" for function "rsvd1"
[    0.171596] tegra30-pinctrl 70000868.pinmux: invalid group "vi_d0_pt4" for function "rsvd1"
[    0.171638] tegra30-pinctrl 70000868.pinmux: invalid group "pu0" for function "rsvd1"
[    0.171668] tegra30-pinctrl 70000868.pinmux: invalid group "pu3" for function "rsvd1"
[    0.171706] tegra30-pinctrl 70000868.pinmux: invalid group "pu6" for function "rsvd1"
[    0.171748] tegra30-pinctrl 70000868.pinmux: invalid group "pv3" for function "rsvd1"
[    0.172251] tegra30-pinctrl 70000868.pinmux: invalid group "pbb0" for function "rsvd1"
[    0.172368] tegra30-pinctrl 70000868.pinmux: invalid group "pcc1" for function "rsvd1"
[    0.177747] tegra-pcie 3000.pcie-controller: 2x3 configuration
[    0.177887] tegra-pcie 3000.pcie-controller: Failed to get supply 'hvdd-pex': -517
[    0.181692] tegra-apbdma 6000a000.dma: Tegra20 APB DMA driver register 32 channels
[    0.182710] tegra-pmc 7000e400.pmc: i2c-thermtrip node not found, emergency thermal reset disabled.
[    0.215324] Serial: 8250/16550 driver, 4 ports, IRQ sharing disabled
[    0.217469] console [ttyS0] disabled
[    0.217527] 70006000.serial: ttyS0 at MMIO 0x70006000 (irq = 331, base_baud = 25500000) is a Tegra
[    1.212600] console [ttyS0] enabled
[    1.216608] SuperH (H)SCI(F) driver initialized
[    1.221754] msm_serial: driver initialized
[    1.225977] STMicroelectronics ASC driver initialized
[    1.233210] [drm] Initialized drm 1.1.0 20060810
[    1.239817] tegra-hdmi 54280000.hdmi: failed to get HDMI regulator
[    1.254122] brd: module loaded
[    1.261077] loop: module loaded
[    1.269292] m25p80 spi32766.1: w25q32 (4096 Kbytes)
[    1.276198] libphy: Fixed MDIO Bus: probed
[    1.280776] CAN device driver interface
[    1.285856] igb: Intel(R) Gigabit Ethernet Network Driver - version 5.3.0-k
[    1.292808] igb: Copyright (c) 2007-2014 Intel Corporation.
[    1.300229] pegasus: v0.9.3 (2013/04/25), Pegasus/Pegasus II USB Ethernet driver
[    1.307671] usbcore: registered new interface driver pegasus
[    1.313360] usbcore: registered new interface driver asix
[    1.318773] usbcore: registered new interface driver ax88179_178a
[    1.324880] usbcore: registered new interface driver cdc_ether
[    1.330734] usbcore: registered new interface driver smsc75xx
[    1.336508] usbcore: registered new interface driver smsc95xx
[    1.342266] usbcore: registered new interface driver net1080
[    1.347939] usbcore: registered new interface driver cdc_subset
[    1.353885] usbcore: registered new interface driver zaurus
[    1.359485] usbcore: registered new interface driver cdc_ncm
[    1.366495] ehci_hcd: USB 2.0 'Enhanced' Host Controller (EHCI) Driver
[    1.373018] ehci-pci: EHCI PCI platform driver
[    1.377482] ehci-platform: EHCI generic platform driver
[    1.382829] ehci-orion: EHCI orion driver
[    1.386915] SPEAr-ehci: EHCI SPEAr driver
[    1.390999] ehci-st: EHCI STMicroelectronics driver
[    1.395952] ehci-exynos: EHCI EXYNOS driver
[    1.400222] ehci-atmel: EHCI Atmel driver
[    1.404313] tegra-ehci: Tegra EHCI driver
[    1.408610] ohci_hcd: USB 1.1 'Open' Host Controller (OHCI) Driver
[    1.414793] ohci-pci: OHCI PCI platform driver
[    1.419258] ohci-platform: OHCI generic platform driver
[    1.424586] ohci-omap3: OHCI OMAP3 driver
[    1.428671] SPEAr-ohci: OHCI SPEAr driver
[    1.432746] ohci-st: OHCI STMicroelectronics driver
[    1.437698] ohci-atmel: OHCI Atmel driver
[    1.442152] usbcore: registered new interface driver usb-storage
[    1.449124] mousedev: PS/2 mouse device common for all mice
[    1.456522] tegra_rtc 7000e000.rtc: rtc core: registered 7000e000.rtc as rtc1
[    1.463684] tegra_rtc 7000e000.rtc: Tegra internal Real Time Clock
[    1.472524] random: fast init done
[    1.485812] tps65910-rtc tps65910-rtc: rtc core: registered tps65910-rtc as rtc0
[    1.493404] i2c /dev entries driver
[    1.504699] sdhci: Secure Digital Host Controller Interface driver
[    1.510875] sdhci: Copyright(c) Pierre Ossman
[    1.516144] Synopsys Designware Multimedia Card Interface Driver
[    1.522786] sdhci-pltfm: SDHCI platform and OF driver helper
[    1.528974] sdhci-tegra 78000000.sdhci: Got CD GPIO
[    1.533859] sdhci-tegra 78000000.sdhci: Got WP GPIO
[    1.539923] mmc0: Invalid maximum block size, assuming 512 bytes
[    1.588687] mmc0: SDHCI controller on 78000000.sdhci [78000000.sdhci] using ADMA
[    1.597251] mmc1: Invalid maximum block size, assuming 512 bytes
[    1.643608] mmc1: SDHCI controller on 78000600.sdhci [78000600.sdhci] using ADMA
[    1.652359] ledtrig-cpu: registered to indicate activity on CPUs
[    1.660538] usbcore: registered new interface driver usbhid
[    1.666106] usbhid: USB HID core driver
[    1.673681] NET: Registered protocol family 10
[    1.678820] sit: IPv6, IPv4 and MPLS over IPv4 tunneling driver
[    1.685165] NET: Registered protocol family 17
[    1.689615] can: controller area network core (rev 20120528 abi 9)
[    1.695828] NET: Registered protocol family 29
[    1.700270] can: raw protocol (rev 20120528)
[    1.704534] can: broadcast manager protocol (rev 20160617 t)
[    1.710189] can: netlink gateway (rev 20130117) max_hops=1
[    1.715958] Key type dns_resolver registered
[    1.720635] ThumbEE CPU extension supported.
[    1.724909] Registering SWP/SWPB emulation handler
[    1.736472] vdd_ddr: supplied by vdd_5v_in
[    1.738455] mmc1: new high speed MMC card at address 0001
[    1.744489] mmcblk1: mmc1:0001 SEM16G 14.8 GiB 
[    1.744637] mmcblk1boot0: mmc1:0001 SEM16G partition 1 1.00 MiB
[    1.745764] mmcblk1boot1: mmc1:0001 SEM16G partition 2 1.00 MiB
[    1.745908] mmcblk1rpmb: mmc1:0001 SEM16G partition 3 128 KiB
[    1.756337] Primary GPT is invalid, using alternate GPT.
[    1.756355]  mmcblk1: p1 p2 p3 p4 p5
[    1.778270] vdd_5v_sata: supplied by vdd_5v_in
[    1.783058] usb1_vbus: supplied by vdd_5v_in
[    1.787670] usb3_vbus: supplied by vdd_5v_in
[    1.790399] mmc0: new ultra high speed DDR50 SDHC card at address aaaa
[    1.791469] mmcblk0: mmc0:aaaa SS04G 3.69 GiB 
[    1.805761] sys_3v3,vdd_3v3_alw: supplied by vdd_5v_in
[    1.811530] +VDD_5V_HDMI: supplied by sys_3v3,vdd_3v3_alw
[    1.817168] sys_3v3_pexs: supplied by sys_3v3,vdd_3v3_alw
[    1.820738]  mmcblk0: p1 p2 p3
[    1.826337] tegra-pcie 3000.pcie-controller: 2x3 configuration
[    1.835008] tegra-pcie 3000.pcie-controller: probing port 0, using 2 lanes
[    1.900169] tegra-pcie 3000.pcie-controller: probing port 2, using 2 lanes
[    2.310941] tegra-pcie 3000.pcie-controller: link 2 down, retrying
[    2.720997] tegra-pcie 3000.pcie-controller: link 2 down, retrying
[    3.131083] tegra-pcie 3000.pcie-controller: link 2 down, retrying
[    3.139273] tegra-pcie 3000.pcie-controller: link 2 down, ignoring
[    3.145575] tegra-pcie 3000.pcie-controller: PCI host bridge to bus 0000:00
[    3.152535] pci_bus 0000:00: root bus resource [io  0x0000-0xffff]
[    3.158707] pci_bus 0000:00: root bus resource [mem 0x20000000-0x27ffffff]
[    3.165573] pci_bus 0000:00: root bus resource [mem 0x28000000-0x3fffffff pref]
[    3.172871] pci_bus 0000:00: root bus resource [bus 00-ff]
[    3.178371] pci 0000:00:01.0: [10de:0e1c] type 01 class 0x060400
[    3.184433] pci 0000:00:01.0: PME# supported from D0 D1 D2 D3hot D3cold
[    3.191197] PCI: bus0: Fast back to back transfers disabled
[    3.196769] pci 0000:00:01.0: bridge configuration invalid ([bus 00-00]), reconfiguring
[    3.204864] pci 0000:01:00.0: [10ec:8168] type 00 class 0x020000
[    3.210879] pci 0000:01:00.0: reg 0x10: [io  0x0000-0x00ff]
[    3.216459] pci 0000:01:00.0: reg 0x18: [mem 0x00000000-0x00000fff 64bit pref]
[    3.223680] pci 0000:01:00.0: reg 0x20: [mem 0x00000000-0x00003fff 64bit pref]
[    3.230964] pci 0000:01:00.0: supports D1 D2
[    3.235230] pci 0000:01:00.0: PME# supported from D0 D1 D2 D3hot D3cold
[    3.253622] PCI: bus1: Fast back to back transfers disabled
[    3.259192] pci_bus 0000:01: busn_res: [bus 01-ff] end is updated to 01
[    3.265858] pci 0000:00:01.0: BAR 9: assigned [mem 0x28000000-0x280fffff 64bit pref]
[    3.273595] pci 0000:00:01.0: BAR 7: assigned [io  0x1000-0x1fff]
[    3.279684] pci 0000:01:00.0: BAR 4: assigned [mem 0x28000000-0x28003fff 64bit pref]
[    3.287426] pci 0000:01:00.0: BAR 2: assigned [mem 0x28004000-0x28004fff 64bit pref]
[    3.295166] pci 0000:01:00.0: BAR 0: assigned [io  0x1000-0x10ff]
[    3.301253] pci 0000:00:01.0: PCI bridge to [bus 01]
[    3.306212] pci 0000:00:01.0:   bridge window [io  0x1000-0x1fff]
[    3.312299] pci 0000:00:01.0:   bridge window [mem 0x28000000-0x280fffff 64bit pref]
[    3.320044] pci 0000:00:01.0: nv_msi_ht_cap_quirk didn't locate host bridge
[    3.327051] pcieport 0000:00:01.0: enabling device (0140 -> 0143)
[    3.333310] pcieport 0000:00:01.0: Signaling PME through PCIe PME interrupt
[    3.340267] pci 0000:01:00.0: Signaling PME through PCIe PME interrupt
[    3.346787] pcie_pme 0000:00:01.0:pcie001: service driver pcie_pme loaded
[    3.353756] r8169 Gigabit Ethernet driver 2.3LK-NAPI loaded
[    3.359344] r8169 0000:01:00.0: enabling device (0140 -> 0143)
[    3.366462] r8169 0000:01:00.0 eth0: RTL8168evl/8111evl at 0xf09fa000, 02:04:4b:01:60:a6, XID 0c900800 IRQ 375
[    3.376465] r8169 0000:01:00.0 eth0: jumbo features [frames: 9200 bytes, tx checksumming: ko]
[    3.388283] [drm] Supports vblank timestamp caching Rev 2 (21.10.2013).
[    3.394900] [drm] No driver support for vblank timestamp query.
[    3.400846] drm drm: No connectors reported connected with modes
[    3.406853] [drm] Cannot find any crtc or sizes - going 1024x768
[    3.433532] Console: switching to colour frame buffer device 128x48
[    3.446265] drm drm: fb0:  frame buffer device
[    3.464376] [drm] Initialized tegra 0.0.0 20120330 on minor 0
[    3.475415] utmi_phy_clk_enable: timeout waiting for phy to stabilize
[    3.481886] tegra-ehci 7d004000.usb: EHCI Host Controller
[    3.487297] tegra-ehci 7d004000.usb: new USB bus registered, assigned bus number 1
[    3.495135] tegra-ehci 7d004000.usb: irq 343, io mem 0x7d004000
[    3.514000] tegra-ehci 7d004000.usb: USB 2.0 started, EHCI 1.00
[    3.520897] hub 1-0:1.0: USB hub found
[    3.524686] hub 1-0:1.0: 1 port detected
[    3.529745] tegra-ehci 7d008000.usb: EHCI Host Controller
[    3.535163] tegra-ehci 7d008000.usb: new USB bus registered, assigned bus number 2
[    3.542900] tegra-ehci 7d008000.usb: irq 344, io mem 0x7d008000
[    3.563997] tegra-ehci 7d008000.usb: USB 2.0 started, EHCI 1.00
[    3.571141] hub 2-0:1.0: USB hub found
[    3.574909] hub 2-0:1.0: 1 port detected
[    3.583681] tps65910-rtc tps65910-rtc: setting system clock to 2000-01-01 00:00:02 UTC (946684802)
[    3.597462] vdd_sata,avdd_plle: disabling
[    3.601903] usb1_vbus: disabling
[    3.607059] EXT4-fs (mmcblk1p1): mounting ext3 file system using the ext4 subsystem
[    3.622110] EXT4-fs (mmcblk1p1): warning: mounting fs with errors, running e2fsck is recommended
[    3.632342] EXT4-fs (mmcblk1p1): recovery complete
[    3.637148] EXT4-fs (mmcblk1p1): mounted filesystem with ordered data mode. Opts: (null)
[    3.645261] VFS: Mounted root (ext3 filesystem) on device 179:1.
[    3.654174] devtmpfs: mounted
[    3.659825] Freeing unused kernel memory: 2048K (c1100000 - c1300000)
bash: cannot set terminal process group (-1): Inappropriate ioctl for device
bash: no job control in this shell
root@(none):/# [    3.909011] usb 2-1: new high-speed USB device number 2 using tegra-ehci
mount -t sysfs none /sys
root@(none):/# 
root@(none):/# [    4.906056] asix 2-1:1.0 eth1: register 'asix' at usb-7d008000.usb-1, ASIX AX88772 USB 2.0 Ethernet, 00:50:b6:0f:67:60
mount -t debugfs none /sys/kernel/debug
root@(none):/# 
root@(none):/# rtcwake -d rtc1 -m mem -s 3
rtcwake: wakeup from "mem" using /dev/rtc1 at Thu Jan  1 00:00:21 1970
[    6.510764] PM: Syncing filesystems ... done.
[    6.523458] Freezing user space processes ... (elapsed 0.001 seconds) done.
[    6.531579] Double checking all user space processes after OOM killer disable... (elapsed 0.000 seconds) 
[    6.541165] Freezing remaining freezable tasks ... (elapsed 0.001 seconds) done.
[    6.549810] Suspending console(s) (use no_console_suspend to debug)
[    6.597050] PM: suspend of devices complete after 39.957 msecs
[    6.597736] PM: late suspend of devices complete after 0.680 msecs
[    6.619076] PM: noirq suspend of devices complete after 21.332 msecs
[    6.619078] Disabling non-boot CPUs ...
[    6.619518] IRQ17 no longer affine to CPU1
[    6.619838] CPU1: shutdown
[    6.660026] CPU2: shutdown
[    6.689669] CPU3: shutdown
[    6.714106] Entering suspend state LP1
[    6.714117] Enabling non-boot CPUs ...
[    6.729635] CPU1 is up
[    6.749727] CPU2 is up
[    6.769855] CPU3 is up
[    6.770463] pcieport 0000:00:01.0: nv_msi_ht_cap_quirk didn't locate host bridge
[    6.788655] PM: noirq resume of devices complete after 18.792 msecs
[    6.789635] PM: early resume of devices complete after 0.605 msecs
[    6.861072] PM: resume of devices complete after 71.428 msecs
[    6.936318] Restarting tasks ... done.
root@(none):/# 
root@(none):/# rtcwake -d rtc1 -m mem -s 3
rtcwake: wakeup from "mem" using /dev/rtc1 at Thu Jan  1 00:00:25 1970
[    7.390942] PM: Syncing filesystems ... done.
[    7.402574] Freezing user space processes ... (elapsed 0.001 seconds) done.
[    7.410703] Double checking all user space processes after OOM killer disable... (elapsed 0.000 seconds) 
[    7.420294] Freezing remaining freezable tasks ... (elapsed 0.001 seconds) done.
[    7.428919] Suspending console(s) (use no_console_suspend to debug)
[    7.477042] PM: suspend of devices complete after 40.931 msecs
[    7.478528] PM: late suspend of devices complete after 1.480 msecs
[    7.499056] PM: noirq suspend of devices complete after 20.521 msecs
[    7.499060] Disabling non-boot CPUs ...
[    7.499715] CPU1: shutdown
[   28.508571] INFO: rcu_sched detected stalls on CPUs/tasks:
[   28.508581] 	1-O.N: (0 ticks this GP) idle=00d/140000000000000/0 softirq=707/707 fqs=0 
[   28.508587] 	(detected by 0, t=4202 jiffies, g=-210, c=-211, q=28)
[   28.508590] Task dump for CPU 1:
[   28.508597] swapper/1       R running      0     0      1 0x00000000
[   28.508645] [<c0b7bd54>] (__schedule) from [<c033b808>] (tegra_cpu_die+0x30/0x48)
[   28.508661] [<c033b808>] (tegra_cpu_die) from [<c030dd4c>] (arch_cpu_idle_dead+0x44/0x88)
[   28.508675] [<c030dd4c>] (arch_cpu_idle_dead) from [<c03794a4>] (cpu_startup_entry+0x1c0/0x220)
[   28.508683] [<c03794a4>] (cpu_startup_entry) from [<80301c2c>] (0x80301c2c)
[   28.508691] rcu_sched kthread starved for 4202 jiffies! g4294967086 c4294967085 f0x0 RCU_GP_WAIT_FQS(3) ->state=0x1
[   28.508697] rcu_sched       S c0b7bd54     0     7      2 0x00000000
[   28.508703] [<c0b7bd54>] (__schedule) from [<c0b7c1dc>] (schedule+0x38/0x9c)
[   28.508714] [<c0b7c1dc>] (schedule) from [<c0b7ece4>] (schedule_timeout+0x158/0x21c)
[   28.508729] [<c0b7ece4>] (schedule_timeout) from [<c0392018>] (rcu_gp_kthread+0x414/0x99c)
[   28.508739] [<c0392018>] (rcu_gp_kthread) from [<c035cda0>] (kthread+0xd8/0xf4)
[   28.508753] [<c035cda0>] (kthread) from [<c0307fb8>] (ret_from_fork+0x14/0x3c)
[   28.534802] IRQ17 no longer affine to CPU2
[   28.535031] CPU2: shutdown
[   28.564593] CPU3: shutdown
[   28.579091] Enabling non-boot CPUs ...
[   28.594657] CPU1 is up
[   28.614720] CPU2 is up
[   28.634859] CPU3 is up
[   28.635476] pcieport 0000:00:01.0: nv_msi_ht_cap_quirk didn't locate host bridge
[   28.653671] PM: noirq resume of devices complete after 18.806 msecs
[   28.655480] PM: early resume of devices complete after 1.410 msecs
[   28.726447] PM: resume of devices complete after 70.956 msecs
[   28.912629] Restarting tasks ... done.
root@(none):/# 
root@(none):/# 