
U-Boot SPL 2016.05-rc2 (Apr 21 2016 - 16:23:00)
Trying to boot from RAM


U-Boot 2016.05-rc2 (Apr 21 2016 - 16:23:00 -0700)

TEGRA124
Model: NVIDIA Jetson TK1
Board: NVIDIA Jetson TK1
DRAM:  2 GiB
MC:   Tegra SD/MMC: 0, Tegra SD/MMC: 1
In:    serial
Out:   serial
Err:   serial
Net:   No ethernet found.
Hit any key to stop autoboot:  2  0 
Tegra124 (Jetson TK1) # 
Tegra124 (Jetson TK1) # pci enum
Tegra124 (Jetson TK1) # setenv bootargs 'ignore_loglevel console=ttyS0,115200n8 rw root=PARTUUID=b1791faa-84e8-4e27-83a1-9fb0a77e8803 rootwait gpt debug noinitrd earlyprintk init=/bin/bash'
Tegra124 (Jetson TK1) # setenv ipaddr 192.168.100.102; setenv serverip 192.168.100.1; setenv tftpserverip 192.168.100.1
Tegra124 (Jetson TK1) # tftpboot 0x82000000 zImage.tegra_defconfig%tegra-fw

Warning: eth_rtl8169 using MAC address from ROM
Using eth_rtl8169 device
TFTP from server 192.168.100.1; our IP address is 192.168.100.102
Filename 'zImage.tegra_defconfig%tegra-fw'.
Load address: 0x82000000
Loading: *#################################################################
	 #################################################################
	 #################################################################
	 #################################################################
	 #################################################################
	 #################################################################
	 #############################################
	 4 MiB/s
done
Bytes transferred = 6378824 (615548 hex)
Tegra124 (Jetson TK1) # tftpboot 0x83000000 tegra124-jetson-tk1.dtb
Using eth_rtl8169 device
TFTP from server 192.168.100.1; our IP address is 192.168.100.102
Filename 'tegra124-jetson-tk1.dtb'.
Load address: 0x83000000
Loading: *#####
	 3.7 MiB/s
done
Bytes transferred = 66544 (103f0 hex)
Tegra124 (Jetson TK1) # bootz 0x82000000 - 0x83000000
Kernel image @ 0x82000000 [ 0x000000 - 0x615548 ]
## Flattened Device Tree blob at 83000000
   Booting using the fdt blob at 0x83000000
   Using Device Tree in place at 83000000, end 830133ef

Starting kernel ...

[    0.000000] Booting Linux on physical CPU 0x0
[    0.000000] Linux version 4.15.0-rc9-next-20180126-229715-gf0701bf (jonathanh@sellafield) (gcc version 4.7.3 20130328 (prerelease) (crosstool-NG linaro-1.13.1-4.7-2013.04-20130415 - Linaro GCC 2013.04)) #1 SMP PREEMPT Thu Jan 25 19:19:27 PST 2018
[    0.000000] CPU: ARMv7 Processor [413fc0f3] revision 3 (ARMv7), cr=10c5387d
[    0.000000] CPU: div instructions available: patching division code
[    0.000000] CPU: PIPT / VIPT nonaliasing data cache, PIPT instruction cache
[    0.000000] OF: fdt: Machine model: NVIDIA Tegra124 Jetson TK1
[    0.000000] debug: ignoring loglevel setting.
[    0.000000] bootconsole [earlycon0] enabled
[    0.000000] Memory policy: Data cache writealloc
[    0.000000] cma: Reserved 64 MiB at 0xfbc00000
[    0.000000] On node 0 totalpages: 524032
[    0.000000]   Normal zone: 1536 pages used for memmap
[    0.000000]   Normal zone: 0 pages reserved
[    0.000000]   Normal zone: 196608 pages, LIFO batch:31
[    0.000000]   HighMem zone: 327424 pages, LIFO batch:31
[    0.000000] random: fast init done
[    0.000000] percpu: Embedded 17 pages/cpu @(ptrval) s39296 r8192 d22144 u69632
[    0.000000] pcpu-alloc: s39296 r8192 d22144 u69632 alloc=17*4096
[    0.000000] pcpu-alloc: [0] 0 [0] 1 [0] 2 [0] 3 
[    0.000000] Built 1 zonelists, mobility grouping on.  Total pages: 522496
[    0.000000] Kernel command line: ignore_loglevel console=ttyS0,115200n8 rw root=PARTUUID=b1791faa-84e8-4e27-83a1-9fb0a77e8803 rootwait gpt debug noinitrd earlyprintk init=/bin/bash
[    0.000000] Dentry cache hash table entries: 131072 (order: 7, 524288 bytes)
[    0.000000] Inode-cache hash table entries: 65536 (order: 6, 262144 bytes)
[    0.000000] Memory: 1997464K/2096128K available (9216K kernel code, 783K rwdata, 2844K rodata, 1024K init, 298K bss, 33128K reserved, 65536K cma-reserved, 1244160K highmem)
[    0.000000] Virtual kernel memory layout:
[    0.000000]     vector  : 0xffff0000 - 0xffff1000   (   4 kB)
[    0.000000]     fixmap  : 0xffc00000 - 0xfff00000   (3072 kB)
[    0.000000]     vmalloc : 0xf0800000 - 0xff800000   ( 240 MB)
[    0.000000]     lowmem  : 0xc0000000 - 0xf0000000   ( 768 MB)
[    0.000000]     pkmap   : 0xbfe00000 - 0xc0000000   (   2 MB)
[    0.000000]     modules : 0xbf000000 - 0xbfe00000   (  14 MB)
[    0.000000]       .text : 0x(ptrval) - 0x(ptrval)   (10208 kB)
[    0.000000]       .init : 0x(ptrval) - 0x(ptrval)   (1024 kB)
[    0.000000]       .data : 0x(ptrval) - 0x(ptrval)   ( 784 kB)
[    0.000000]        .bss : 0x(ptrval) - 0x(ptrval)   ( 299 kB)
[    0.000000] Preemptible hierarchical RCU implementation.
[    0.000000] 	Tasks RCU enabled.
[    0.000000] NR_IRQS: 16, nr_irqs: 16, preallocated irqs: 16
[    0.000000] /interrupt-controller@60004000: 160 interrupts forwarded to /interrupt-controller@50041000
[    0.000000] Tegra clk 127: register failed with -17
[    0.000009] sched_clock: 32 bits at 1000kHz, resolution 1000ns, wraps every 2147483647500ns
[    0.007464] clocksource: timer_us: mask: 0xffffffff max_cycles: 0xffffffff, max_idle_ns: 1911260446275 ns
[    0.016992] Switching to timer-based delay loop, resolution 1000ns
[    0.024236] arch_timer: cp15 timer(s) running at 12.00MHz (virt).
[    0.029215] clocksource: arch_sys_counter: mask: 0xffffffffffffff max_cycles: 0x2c47f4ee7, max_idle_ns: 440795202497 ns
[    0.039963] sched_clock: 56 bits at 12MHz, resolution 83ns, wraps every 4398046511096ns
[    0.047931] Switching to timer-based delay loop, resolution 83ns
[    0.054398] Console: colour dummy device 80x30
[    0.058347] Calibrating delay loop (skipped), value calculated using timer frequency.. 24.00 BogoMIPS (lpj=120000)
[    0.068657] pid_max: default: 32768 minimum: 301
[    0.073736] Mount-cache hash table entries: 2048 (order: 1, 8192 bytes)
[    0.079842] Mountpoint-cache hash table entries: 2048 (order: 1, 8192 bytes)
[    0.087681] CPU: Testing write buffer coherency: ok
[    0.092010] /cpus/cpu@0 missing clock-frequency property
[    0.097015] /cpus/cpu@1 missing clock-frequency property
[    0.102323] /cpus/cpu@2 missing clock-frequency property
[    0.107588] /cpus/cpu@3 missing clock-frequency property
[    0.112860] CPU0: thread -1, cpu 0, socket 0, mpidr 80000000
[    0.152974] Setting up static identity map for 0x80100000 - 0x801000a0
[    0.157728] Hierarchical SRCU implementation.
[    0.173533] Tegra Revision: A01 SKU: 129 CPU Process: 1 SoC Process: 1
[    0.192998] smp: Bringing up secondary CPUs ...
[    0.243551] CPU1: thread -1, cpu 1, socket 0, mpidr 80000001
[    0.323664] CPU2: thread -1, cpu 2, socket 0, mpidr 80000002
[    0.403781] CPU3: thread -1, cpu 3, socket 0, mpidr 80000003
[    0.413432] smp: Brought up 1 node, 4 CPUs
[    0.432536] SMP: Total of 4 processors activated (96.00 BogoMIPS).
[    0.438689] CPU: All CPU(s) started in SVC mode.
[    0.445121] devtmpfs: initialized
[    0.466655] Built 1 zonelists, mobility grouping on.  Total pages: 515750
[    0.471919] VFP support v0.3: implementor 41 architecture 4 part 30 variant f rev 0
[    0.479516] clocksource: jiffies: mask: 0xffffffff max_cycles: 0xffffffff, max_idle_ns: 19112604462750000 ns
[    0.488981] futex hash table entries: 1024 (order: 4, 65536 bytes)
[    0.495368] pinctrl core: initialized pinctrl subsystem
[    0.501530] NET: Registered protocol family 16
[    0.505989] DMA: preallocated 256 KiB pool for atomic coherent allocations
[    0.513034] cpuidle: using governor menu
[    0.538483] No ATAGs?
[    0.538619] hw-breakpoint: found 5 (+1 reserved) breakpoint and 4 watchpoint registers.
[    0.546980] hw-breakpoint: maximum watchpoint size is 8 bytes.
[    0.554729] iommu: Adding device 50000000.host1x to group 0
[    0.558496] iommu: Adding device 54200000.dc to group 1
[    0.563643] iommu: Adding device 54240000.dc to group 1
[    0.568882] iommu: Adding device 57000000.gpu to group 2
[    0.591306] +5V_SYS: supplied by +VDD_MUX
[    0.593800] +3.3V_SYS: supplied by +VDD_MUX
[    0.598373] +USB0_VBUS_SW: Failed to request enable GPIO108: -517
[    0.603674] reg-fixed-voltage regulators:regulator@7: Failed to register regulator: -517
[    0.611801] +5V_USB_HS: Failed to request enable GPIO109: -517
[    0.617531] reg-fixed-voltage regulators:regulator@8: Failed to register regulator: -517
[    0.625761] +1.05V_RUN_AVDD_HDMI_PLL: Failed to request enable GPIO63: -517
[    0.632555] reg-fixed-voltage regulators:regulator@11: Failed to register regulator: -517
[    0.640750] +5V_HDMI_CON: Failed to request enable GPIO86: -517
[    0.646564] reg-fixed-voltage regulators:regulator@12: Failed to register regulator: -517
[    0.654788] +5V_SATA: Failed to request enable GPIO242: -517
[    0.660338] reg-fixed-voltage regulators:regulator@13: Failed to register regulator: -517
[    0.668567] +12V_SATA: Failed to request enable GPIO242: -517
[    0.674209] reg-fixed-voltage regulators:regulator@14: Failed to register regulator: -517
[    0.683648] vgaarb: loaded
[    0.685808] SCSI subsystem initialized
[    0.688984] libata version 3.00 loaded.
[    0.692888] usbcore: registered new interface driver usbfs
[    0.698103] usbcore: registered new interface driver hub
[    0.703398] usbcore: registered new device driver usb
[    0.711600] Linux video capture interface: v2.00
[    0.714383] pps_core: LinuxPPS API ver. 1 registered
[    0.719271] pps_core: Software ver. 5.3.6 - Copyright 2005-2007 Rodolfo Giometti <giometti@linux.it>
[    0.728385] PTP clock support registered
[    0.733713] Advanced Linux Sound Architecture Driver Initialized.
[    0.738967] Bluetooth: Core ver 2.22
[    0.741921] NET: Registered protocol family 31
[    0.746315] Bluetooth: HCI device and connection manager initialized
[    0.752621] Bluetooth: HCI socket layer initialized
[    0.757498] Bluetooth: L2CAP socket layer initialized
[    0.762529] Bluetooth: SCO socket layer initialized
[    0.767984] clocksource: Switched to clocksource arch_sys_counter
[    0.868843] NET: Registered protocol family 2
[    0.872276] tcp_listen_portaddr_hash hash table entries: 512 (order: 0, 6144 bytes)
[    0.879022] TCP established hash table entries: 8192 (order: 3, 32768 bytes)
[    0.886029] TCP bind hash table entries: 8192 (order: 4, 65536 bytes)
[    0.892553] TCP: Hash tables configured (established 8192 bind 8192)
[    0.899188] UDP hash table entries: 512 (order: 2, 16384 bytes)
[    0.904607] UDP-Lite hash table entries: 512 (order: 2, 16384 bytes)
[    0.911254] NET: Registered protocol family 1
[    0.915933] RPC: Registered named UNIX socket transport module.
[    0.921153] RPC: Registered udp transport module.
[    0.925803] RPC: Registered tcp transport module.
[    0.930504] RPC: Registered tcp NFSv4.1 backchannel transport module.
[    0.937516] PCI: CLS 0 bytes, default 64
[    0.942642] hw perfevents: enabled with armv7_cortex_a15 PMU driver, 7 counters available
[    0.950724] Initialise system trusted keyrings
[    0.953529] workingset: timestamp_bits=30 max_order=19 bucket_order=0
[    0.961190] squashfs: version 4.0 (2009/01/31) Phillip Lougher
[    0.976390] NFS: Registering the id_resolver key type
[    0.979580] Key type id_resolver registered
[    0.983689] Key type id_legacy registered
[    0.992689] Key type asymmetric registered
[    0.994877] Asymmetric key parser 'x509' registered
[    0.999901] bounce: pool size: 64 pages
[    1.003604] io scheduler noop registered (default)
[    1.008334] io scheduler mq-deadline registered
[    1.012816] io scheduler kyber registered
[    1.018656]  usb2-0: usb2-0 supply vbus not found, using dummy regulator
[    1.023620]  usb2-1: usb2-1 supply vbus not found, using dummy regulator
[    1.030795] tegra-xusb-padctl 7009f000.padctl: failed to setup XUSB ports: -517
[    1.046592] tegra-pcie 1003000.pcie: 2x1, 1x1 configuration
[    1.050327] tegra-pcie 1003000.pcie: Failed to get supply 'avddio-pex': -517
[    1.060282] tegra124-dfll 70110000.clock: couldn't get vdd_cpu regulator
[    1.071010] tegra-apbdma 60020000.dma: Tegra20 APB DMA driver register 32 channels
[    1.078004] tegra-pmc 7000e400.pmc: emergency thermal reset enabled
[    1.083549] Serial: 8250/16550 driver, 4 ports, IRQ sharing disabled
[    1.091147] console [ttyS0] disabled
[    1.092857] 70006300.serial: ttyS0 at MMIO 0x70006300 (irq = 335, base_baud = 25500000) is a Tegra
[    1.101809] console [ttyS0] enabled
[    1.101809] console [ttyS0] enabled
[    1.108003] bootconsole [earlycon0] disabled
[    1.108003] bootconsole [earlycon0] disabled
[    1.117358] 70006000.serial: ttyTHS1 at MMIO 0x70006000 (irq = 333, base_baud = 0) is a TEGRA_UART
[    1.128795] 70006040.serial: ttyTHS2 at MMIO 0x70006040 (irq = 334, base_baud = 0) is a TEGRA_UART
[    1.157602] tegra-hdmi 54280000.hdmi: failed to get HDMI regulator
[    1.177560] loop: module loaded
[    1.182208] at24 0-0056: 256 byte 24c02 EEPROM, writable, 8 bytes/write
[    1.189668] as3722 4-0040: AS3722 with revision 0x1 found
[    1.201917] as3722-sd2: supplied by +5V_SYS
[    1.206599] as3722-sd3: supplied by +5V_SYS
[    1.211060] +1.35V_LP0(sd3): Bringing 0uV into 1350000-1350000uV
[    1.217435] as3722-sd4: supplied by +5V_SYS
[    1.222131] as3722-sd5: supplied by +5V_SYS
[    1.228238] as3722-ldo0: supplied by +1.35V_LP0(sd2)
[    1.234344] +1.8V_RUN_CAM: Bringing 0uV into 1800000-1800000uV
[    1.240677] as3722-ldo2: supplied by +1.8V_VDDIO
[    1.246628] as3722-ldo3: supplied by +3.3V_SYS
[    1.251152] +1.05V_LP0_VDD_RTC: Bringing 1100000uV into 1000000-1000000uV
[    1.258962] as3722-ldo4: supplied by +3.3V_SYS
[    1.263643] +2.8V_RUN_CAM: Bringing 0uV into 2800000-2800000uV
[    1.269911] as3722-ldo5: supplied by +1.8V_VDDIO
[    1.274769] +1.2V_RUN_CAM_FRONT: Bringing 0uV into 1200000-1200000uV
[    1.281770] +VDDIO_SDMMC3: bypassed regulator has no supply!
[    1.287423] +VDDIO_SDMMC3: failed to get the current voltage(-517)
[    1.293625] as3722-regulator as3722-regulator: regulator 13 register failed -517
[    1.304952] tegra-ahci 70027000.sata: couldn't get PHY in node sata: -517
[    1.323342] m25p80 spi1.0: w25q32dw (4096 Kbytes)
[    1.340285] libphy: Fixed MDIO Bus: probed
[    1.344381] CAN device driver interface
[    1.348296] igb: Intel(R) Gigabit Ethernet Network Driver - version 5.4.0-k
[    1.355248] igb: Copyright (c) 2007-2014 Intel Corporation.
[    1.360976] pegasus: v0.9.3 (2013/04/25), Pegasus/Pegasus II USB Ethernet driver
[    1.368456] usbcore: registered new interface driver pegasus
[    1.374173] usbcore: registered new interface driver asix
[    1.379653] usbcore: registered new interface driver ax88179_178a
[    1.385790] usbcore: registered new interface driver cdc_ether
[    1.391708] usbcore: registered new interface driver smsc75xx
[    1.397524] usbcore: registered new interface driver smsc95xx
[    1.403340] usbcore: registered new interface driver net1080
[    1.409071] usbcore: registered new interface driver cdc_subset
[    1.415032] usbcore: registered new interface driver zaurus
[    1.420694] usbcore: registered new interface driver cdc_ncm
[    1.426596] tegra-phy 7d000000.usb-phy: no vbus regulator
[    1.432249] tegra-phy 7d004000.usb-phy: no vbus regulator
[    1.437943] ehci_hcd: USB 2.0 'Enhanced' Host Controller (EHCI) Driver
[    1.444488] ehci-pci: EHCI PCI platform driver
[    1.449002] tegra-ehci: Tegra EHCI driver
[    1.455846] tegra-ehci 7d004000.usb: EHCI Host Controller
[    1.461287] tegra-ehci 7d004000.usb: new USB bus registered, assigned bus number 1
[    1.469116] tegra-ehci 7d004000.usb: irq 356, io mem 0x7d004000
[    1.498018] tegra-ehci 7d004000.usb: USB 2.0 started, EHCI 1.10
[    1.504834] hub 1-0:1.0: USB hub found
[    1.508645] hub 1-0:1.0: 1 port detected
[    1.513813] usbcore: registered new interface driver cdc_acm
[    1.519488] cdc_acm: USB Abstract Control Model driver for USB modems and ISDN adapters
[    1.527541] usbcore: registered new interface driver cdc_wdm
[    1.533298] usbcore: registered new interface driver usb-storage
[    1.547584] as3722-rtc as3722-rtc: rtc core: registered as3722-rtc as rtc0
[    1.554480] as3722-rtc as3722-rtc: RTC interrupt 379
[    1.562307] tegra_rtc 7000e000.rtc: rtc core: registered 7000e000.rtc as rtc1
[    1.569511] tegra_rtc 7000e000.rtc: Tegra internal Real Time Clock
[    1.576027] i2c /dev entries driver
[    1.580814] usbcore: registered new interface driver uvcvideo
[    1.586553] USB Video Class driver (1.1.1)
[    1.590666] gspca_main: v2.14.0 registered
[    1.595403] lm90 0-004c: 0-004c supply vcc not found, using dummy regulator
[    1.605726] tegra-wdt 60005000.timer: initialized (heartbeat = 120 sec, nowayout = 0)
[    1.614635] sdhci: Secure Digital Host Controller Interface driver
[    1.620962] sdhci: Copyright(c) Pierre Ossman
[    1.625314] sdhci-pltfm: SDHCI platform and OF driver helper
[    1.631319] sdhci-tegra 700b0400.sdhci: Got CD GPIO
[    1.636212] sdhci-tegra 700b0400.sdhci: Got WP GPIO
[    1.657509] mmc0: Unknown controller version (3). You may experience problems.
[    1.664790] mmc0: Invalid maximum block size, assuming 512 bytes
[    1.701917] mmc0: SDHCI controller on 700b0600.sdhci [700b0600.sdhci] using ADMA
[    1.710315] usbcore: registered new interface driver usbhid
[    1.715922] usbhid: USB HID core driver
[    1.759896] mmc0: new high speed MMC card at address 0001
[    1.770586] mmcblk0: mmc0:0001 SEM16G 14.7 GiB 
[    1.780240] mmcblk0boot0: mmc0:0001 SEM16G partition 1 4.00 MiB
[    1.791326] mmcblk0boot1: mmc0:0001 SEM16G partition 2 4.00 MiB
[    1.797475] mmcblk0rpmb: mmc0:0001 SEM16G partition 3 4.00 MiB, chardev (247:0)
[    1.806611]  mmcblk0: p1
[    2.159373] tegra30-i2s 70301100.i2s: DMA channels sourced from device 70300000.ahub
[    2.179734] tegra-snd-rt5640 sound: rt5640-aif1 <-> 70301100.i2s mapping ok
[    2.190735] input: NVIDIA Tegra Jetson TK1 Headphones as /devices/soc0/sound/sound/card1/input0
[    2.201926] NET: Registered protocol family 10
[    2.207795] Segment Routing with IPv6
[    2.211715] mip6: Mobile IPv6
[    2.214683] sit: IPv6, IPv4 and MPLS over IPv4 tunneling driver
[    2.222128] NET: Registered protocol family 17
[    2.226586] NET: Registered protocol family 15
[    2.231051] can: controller area network core (rev 20170425 abi 9)
[    2.237434] NET: Registered protocol family 29
[    2.241938] can: raw protocol (rev 20170425)
[    2.246218] can: broadcast manager protocol (rev 20170425 t)
[    2.251901] can: netlink gateway (rev 20170425) max_hops=1
[    2.257567] Bluetooth: RFCOMM socket layer initialized
[    2.262748] Bluetooth: RFCOMM ver 1.11
[    2.266504] Bluetooth: BNEP (Ethernet Emulation) ver 1.3
[    2.271872] Bluetooth: BNEP socket layer initialized
[    2.276843] Bluetooth: HIDP (Human Interface Emulation) ver 1.2
[    2.282780] Bluetooth: HIDP socket layer initialized
[    2.287957] Key type dns_resolver registered
[    2.292739] Registering SWP/SWPB emulation handler
[    2.298394] Loading compiled-in X.509 certificates
[    2.323561] +3.3V_RUN: supplied by +3.3V_SYS
[    2.328803] +USB0_VBUS_SW: supplied by +5V_SYS
[    2.333523] +3.3V_AVDD_HDMI_AP_GATED: supplied by +3.3V_RUN
[    2.339415] +5V_USB_HS: supplied by +5V_SYS
[    2.344467] +3.3V_LP0: supplied by +3.3V_SYS
[    2.349961] +5V_HDMI_CON: supplied by +5V_SYS
[    2.354764] +5V_SATA: supplied by +5V_SYS
[    2.359334] +12V_SATA: supplied by +VDD_MUX
[    2.364909]  usb2-0: usb2-0 supply vbus not found, using dummy regulator
[    2.371831]  usb2-1: usb2-1 supply vbus not found, using dummy regulator
[    2.378897]  usb3-0: usb3-0 supply vbus not found, using dummy regulator
[    2.386393] tegra-pcie 1003000.pcie: 2x1, 1x1 configuration
[    2.392092] tegra-pcie 1003000.pcie: Failed to get supply 'avddio-pex': -517
[    2.401313] tegra124-dfll 70110000.clock: couldn't get vdd_cpu regulator
[    2.410041] tegra-hdmi 54280000.hdmi: failed to get PLL regulator
[    2.418867] as3722-sd2: supplied by +5V_SYS
[    2.423373] as3722-sd3: supplied by +5V_SYS
[    2.427861] as3722-sd4: supplied by +5V_SYS
[    2.432383] as3722-sd5: supplied by +5V_SYS
[    2.438058] as3722-ldo0: supplied by +1.35V_LP0(sd2)
[    2.443644] as3722-ldo1: supplied by +3.3V_RUN
[    2.448942] as3722-ldo2: supplied by +1.8V_VDDIO
[    2.454502] as3722-ldo3: supplied by +3.3V_SYS
[    2.460033] as3722-ldo4: supplied by +3.3V_SYS
[    2.464800] as3722-ldo5: supplied by +1.8V_VDDIO
[    2.469761] as3722-ldo6: supplied by +3.3V_RUN
[    2.474519] as3722-ldo7: supplied by +1.8V_VDDIO
[    2.480788] input: tegra-hda HDMI/DP,pcm=3 as /devices/soc0/70030000.hda/sound/card0/input1
[    2.489322] +1.05V_RUN_CAM_REAR: Bringing 0uV into 1050000-1050000uV
[    2.496436] as3722-ldo9: supplied by +5V_SYS
[    2.501976] +3.3V_RUN_TOUCH: Bringing 0uV into 2800000-2800000uV
[    2.508749] as3722-ldo10: supplied by +5V_SYS
[    2.513594] +2.8V_RUN_CAM_AF: Bringing 0uV into 2800000-2800000uV
[    2.520458] as3722-ldo11: supplied by +3.3V_RUN
[    2.525743] +1.8V_RUN_VPP_FUSE: Bringing 0uV into 1800000-1800000uV
[    2.535068] tegra-ahci 70027000.sata: AHCI 0001.0301 32 slots 2 ports 3 Gbps 0x1 impl platform mode
[    2.544147] tegra-ahci 70027000.sata: flags: 64bit ncq sntf pm led pio slum part sadm sds apst 
[    2.554678] scsi host0: tegra-ahci
[    2.559128] scsi host1: tegra-ahci
[    2.562848] ata1: SATA max UDMA/133 mmio [mem 0x70027000-0x70028fff] port 0x100 irq 345
[    2.570893] ata2: DUMMY
[    2.574739] tegra-ehci 7d008000.usb: EHCI Host Controller
[    2.580223] tegra-ehci 7d008000.usb: new USB bus registered, assigned bus number 2
[    2.588077] tegra-ehci 7d008000.usb: irq 357, io mem 0x7d008000
[    2.618117] tegra-ehci 7d008000.usb: USB 2.0 started, EHCI 1.10
[    2.625226] hub 2-0:1.0: USB hub found
[    2.629151] hub 2-0:1.0: 1 port detected
[    2.708779] tegra-xusb 70090000.usb: Firmware timestamp: 2014-09-16 02:10:07 UTC
[    2.716205] tegra-xusb 70090000.usb: xHCI Host Controller
[    2.721736] tegra-xusb 70090000.usb: new USB bus registered, assigned bus number 3
[    2.731894] tegra-xusb 70090000.usb: hcc params 0x0184f525 hci version 0x100 quirks 0x00010010
[    2.740582] tegra-xusb 70090000.usb: irq 347, io mem 0x70090000
[    2.747701] hub 3-0:1.0: USB hub found
[    2.751622] hub 3-0:1.0: 6 ports detected
[    2.756506] tegra-xusb 70090000.usb: xHCI Host Controller
[    2.761980] tegra-xusb 70090000.usb: new USB bus registered, assigned bus number 4
[    2.769745] usb usb4: We don't know the algorithms for LPM for this host, disabling LPM.
[    2.779126] hub 4-0:1.0: USB hub found
[    2.782926] hub 4-0:1.0: 2 ports detected
[    2.789108] sdhci-tegra 700b0400.sdhci: Got CD GPIO
[    2.794045] sdhci-tegra 700b0400.sdhci: Got WP GPIO
[    2.807475] mmc1: Unknown controller version (3). You may experience problems.
[    2.814841] mmc1: Invalid maximum block size, assuming 512 bytes
[    2.851350] mmc1: SDHCI controller on 700b0400.sdhci [700b0400.sdhci] using ADMA
[    2.859114] tegra-pcie 1003000.pcie: 2x1, 1x1 configuration
[    2.866943] tegra-pcie 1003000.pcie: probing port 0, using 2 lanes
[    2.874786] tegra-pcie 1003000.pcie: Slot present pin change, signature: 00000008
[    2.899546] tegra-pcie 1003000.pcie: probing port 1, using 1 lanes
[    2.901219] ata1: SATA link down (SStatus 0 SControl 300)
[    2.907855] tegra-pcie 1003000.pcie: Slot present pin change, signature: 00000000
[    2.923088] tegra-pcie 1003000.pcie: PCI host bridge to bus 0000:00
[    2.929398] pci_bus 0000:00: root bus resource [io  0x0000-0xffff]
[    2.935629] pci_bus 0000:00: root bus resource [mem 0x13000000-0x1fffffff]
[    2.942576] pci_bus 0000:00: root bus resource [mem 0x20000000-0x3fffffff pref]
[    2.949938] pci_bus 0000:00: root bus resource [bus 00-ff]
[    2.955469] pci 0000:00:01.0: [10de:0e12] type 01 class 0x060400
[    2.961537] pci_bus 0000:00: 2-byte config write to 0000:00:01.0 offset 0x4 may corrupt adjacent RW1C bits
[    2.971255] pci_bus 0000:00: 2-byte config write to 0000:00:01.0 offset 0x4 may corrupt adjacent RW1C bits
[    2.980984] pci 0000:00:01.0: enabling Extended Tags
[    2.985950] pci_bus 0000:00: 2-byte config write to 0000:00:01.0 offset 0x88 may corrupt adjacent RW1C bits
[    2.995757] pci_bus 0000:00: 2-byte config write to 0000:00:01.0 offset 0x52 may corrupt adjacent RW1C bits
[    3.005596] pci 0000:00:01.0: PME# supported from D0 D1 D2 D3hot D3cold
[    3.012267] pci_bus 0000:00: 2-byte config write to 0000:00:01.0 offset 0x4c may corrupt adjacent RW1C bits
[    3.022281] pci 0000:00:02.0: [10de:0e13] type 01 class 0x060400
[    3.028358] pci_bus 0000:00: 2-byte config write to 0000:00:02.0 offset 0x4 may corrupt adjacent RW1C bits
[    3.038148] pci_bus 0000:00: 2-byte config write to 0000:00:02.0 offset 0x4 may corrupt adjacent RW1C bits
[    3.047869] pci 0000:00:02.0: enabling Extended Tags
[    3.052855] pci_bus 0000:00: 2-byte config write to 0000:00:02.0 offset 0x88 may corrupt adjacent RW1C bits
[    3.062665] pci_bus 0000:00: 2-byte config write to 0000:00:02.0 offset 0x52 may corrupt adjacent RW1C bits
[    3.072509] pci 0000:00:02.0: PME# supported from D0 D1 D2 D3hot D3cold
[    3.079181] pci_bus 0000:00: 2-byte config write to 0000:00:02.0 offset 0x4c may corrupt adjacent RW1C bits
[    3.089254] PCI: bus0: Fast back to back transfers disabled
[    3.094870] pci 0000:00:01.0: bridge configuration invalid ([bus 00-00]), reconfiguring
[    3.102949] pci 0000:00:02.0: bridge configuration invalid ([bus 00-00]), reconfiguring
[    3.111235] pci 0000:01:00.0: [8086:4232] type 00 class 0x028000
[    3.117388] pci 0000:01:00.0: reg 0x10: [mem 0x00000000-0x00001fff 64bit]
[    3.124472] pci 0000:01:00.0: PME# supported from D0 D3hot D3cold
[    3.141611] mmc1: new high speed SDHC card at address aaaa
[    3.152422] mmcblk1: mmc1:aaaa SD04G 3.69 GiB 
[    3.158104] PCI: bus1: Fast back to back transfers disabled
[    3.163779] pci_bus 0000:01: busn_res: [bus 01-ff] end is updated to 01
[    3.170690] pci 0000:02:00.0: [10ec:8168] type 00 class 0x020000
[    3.176752] pci 0000:02:00.0: reg 0x10: [io  0x0000-0x00ff]
[    3.182676] pci 0000:02:00.0: reg 0x18: [mem 0x00000000-0x00000fff 64bit]
[    3.189668] pci 0000:02:00.0: reg 0x20: [mem 0x00000000-0x00003fff 64bit pref]
[    3.197210] pci 0000:02:00.0: supports D1 D2
[    3.201653] pci 0000:02:00.0: PME# supported from D0 D1 D2 D3hot D3cold
[    3.213665]  mmcblk1: p1 p2 p3
[    3.238183] PCI: bus2: Fast back to back transfers disabled
[    3.243773] pci_bus 0000:02: busn_res: [bus 02-ff] end is updated to 02
[    3.250498] pci 0000:00:01.0: BAR 8: assigned [mem 0x13000000-0x130fffff]
[    3.257282] pci 0000:00:02.0: BAR 8: assigned [mem 0x13100000-0x131fffff]
[    3.264135] pci 0000:00:02.0: BAR 9: assigned [mem 0x20000000-0x200fffff 64bit pref]
[    3.271946] pci 0000:00:02.0: BAR 7: assigned [io  0x1000-0x1fff]
[    3.278068] pci 0000:01:00.0: BAR 0: assigned [mem 0x13000000-0x13001fff 64bit]
[    3.285415] pci 0000:00:01.0: PCI bridge to [bus 01]
[    3.290436] pci 0000:00:01.0:   bridge window [mem 0x13000000-0x130fffff]
[    3.297236] pci 0000:02:00.0: BAR 4: assigned [mem 0x20000000-0x20003fff 64bit pref]
[    3.305008] pci 0000:02:00.0: BAR 2: assigned [mem 0x13100000-0x13100fff 64bit]
[    3.312347] pci 0000:02:00.0: BAR 0: assigned [io  0x1000-0x10ff]
[    3.318458] pci 0000:00:02.0: PCI bridge to [bus 02]
[    3.323420] pci 0000:00:02.0:   bridge window [io  0x1000-0x1fff]
[    3.329528] pci 0000:00:02.0:   bridge window [mem 0x13100000-0x131fffff]
[    3.336311] pci 0000:00:02.0:   bridge window [mem 0x20000000-0x200fffff 64bit pref]
[    3.344093] pci 0000:00:01.0: nv_msi_ht_cap_quirk didn't locate host bridge
[    3.351218] pcieport 0000:00:01.0: enabling device (0140 -> 0142)
[    3.357607] pcieport 0000:00:01.0: Signaling PME with IRQ 395
[    3.363552] pci 0000:00:02.0: nv_msi_ht_cap_quirk didn't locate host bridge
[    3.370633] pcieport 0000:00:02.0: enabling device (0140 -> 0143)
[    3.376995] pcieport 0000:00:02.0: Signaling PME with IRQ 396
[    3.383149] r8169 Gigabit Ethernet driver 2.3LK-NAPI loaded
[    3.388786] r8169 0000:02:00.0: enabling device (0140 -> 0143)
[    3.419867] r8169 0000:02:00.0 eth0: RTL8168g/8111g at 0xa1b30023, 00:04:4b:3a:d9:81, XID 0c000800 IRQ 397
[    3.429544] r8169 0000:02:00.0 eth0: jumbo features [frames: 9200 bytes, tx checksumming: ko]
[    3.441819] +1.05V_RUN_AVDD_HDMI_PLL: supplied by +1.05V_RUN
[    3.450650] [drm] Supports vblank timestamp caching Rev 2 (21.10.2013).
[    3.457278] [drm] No driver support for vblank timestamp query.
[    3.596694] tegra-hdmi 54280000.hdmi: cannot set audio to 48000 Hz at 297000000 Hz pixel clock
[    3.759717] Console: switching to colour frame buffer device 512x135
[    3.855839] drm drm: fb0:  frame buffer device
[    3.860507] [drm] Initialized tegra 0.0.0 20120330 for drm on minor 0
[    3.867918] cpufreq: cpufreq_online: CPU0: Running at unlisted freq: 696000 KHz
[    3.875264] cpufreq: cpufreq_online: CPU0: Unlisted initial frequency changed to: 714000 KHz
[    3.884311] input: gpio-keys as /devices/soc0/gpio-keys/input/input2
[    3.891812] as3722-rtc as3722-rtc: setting system clock to 2000-01-01 00:02:27 UTC (946684947)
[    3.900570] cfg80211: Loading compiled-in X.509 certificates for regulatory database
[    3.910105] cfg80211: Loaded X.509 cert 'sforshee: 00b28ddf47aef9cea7'
[    3.916762] platform regulatory.0: Direct firmware load for regulatory.db failed with error -2
[    3.925431] cfg80211: failed to load regulatory.db
[    3.925850] +USB0_VBUS_SW: disabling
[    3.933830] +1.8V_RUN_CAM: disabling
[    3.937554] +2.8V_RUN_CAM: disabling
[    3.941407] +1.2V_RUN_CAM_FRONT: disabling
[    3.945751] +1.05V_RUN_CAM_REAR: disabling
[    3.950118] +3.3V_RUN_TOUCH: disabling
[    3.954052] +2.8V_RUN_CAM_AF: disabling
[    3.958087] +1.8V_RUN_VPP_FUSE: disabling
[    3.962266] ALSA device list:
[    3.965228]   #0: tegra-hda at 0x70038000 irq 346
[    3.969950]   #1: NVIDIA Tegra Jetson TK1
[    3.974923] EXT4-fs (mmcblk0p1): mounting ext3 file system using the ext4 subsystem
[    3.996426] EXT4-fs (mmcblk0p1): recovery complete
[    4.001318] EXT4-fs (mmcblk0p1): mounted filesystem with ordered data mode. Opts: (null)
[    4.009478] VFS: Mounted root (ext3 filesystem) on device 179:1.
[    4.020790] devtmpfs: mounted
[    4.024279] Freeing unused kernel memory: 1024K
bash: cannot set terminal process group (-1): Inappropriate ioctl for device
bash: no job control in this shell
root@(none):/# mount -t sysfs none /sys
root@(none):/# 
root@(none):/# mount -t debugfs none /sys/kernel/debug
root@(none):/# 
root@(none):/# rtcwake -d rtc1 -m mem -s 3
rtcwake: assuming RTC uses UTC ...
rtcwake: wakeup from "mem" using /dev/rtc1 at Thu Jan  1 00:00:20 1970
[    7.353679] PM: suspend entry (deep)
[    7.357262] PM: Syncing filesystems ... done.
[    7.366174] Freezing user space processes ... (elapsed 0.001 seconds) done.
[    7.367511] OOM killer disabled.
[    7.367516] Freezing remaining freezable tasks ... (elapsed 0.001 seconds) done.
[    7.368869] Suspending console(s) (use no_console_suspend to debug)
[    7.928568] Disabling non-boot CPUs ...
[    8.108674] Entering suspend state LP1
[    8.108696] Enabling non-boot CPUs ...
[    8.109305] CPU1 is up
[    8.109817] CPU2 is up
[    8.110400] CPU3 is up
[    8.110841] pci_generic_config_write32: 54 callbacks suppressed
[    8.110847] pci_bus 0000:00: 2-byte config write to 0000:00:02.0 offset 0x4c may corrupt adjacent RW1C bits
[    8.110853] pci_bus 0000:00: 2-byte config write to 0000:00:01.0 offset 0x4c may corrupt adjacent RW1C bits
[    8.110863] pci_bus 0000:00: 2-byte config write to 0000:00:02.0 offset 0x88 may corrupt adjacent RW1C bits
[    8.110868] pci_bus 0000:00: 2-byte config write to 0000:00:01.0 offset 0x88 may corrupt adjacent RW1C bits
[    8.110872] pci_bus 0000:00: 2-byte config write to 0000:00:02.0 offset 0x90 may corrupt adjacent RW1C bits
[    8.110877] pci_bus 0000:00: 2-byte config write to 0000:00:01.0 offset 0x90 may corrupt adjacent RW1C bits
[    8.110881] pci_bus 0000:00: 2-byte config write to 0000:00:02.0 offset 0x98 may corrupt adjacent RW1C bits
[    8.110886] pci_bus 0000:00: 2-byte config write to 0000:00:01.0 offset 0x98 may corrupt adjacent RW1C bits
[    8.110890] pci_bus 0000:00: 2-byte config write to 0000:00:02.0 offset 0x9c may corrupt adjacent RW1C bits
[    8.110895] pci_bus 0000:00: 2-byte config write to 0000:00:01.0 offset 0x9c may corrupt adjacent RW1C bits
[    8.110985] pcieport 0000:00:02.0: nv_msi_ht_cap_quirk didn't locate host bridge
[    8.110986] pcieport 0000:00:01.0: nv_msi_ht_cap_quirk didn't locate host bridge
[    8.188415] tegra-hdmi 54280000.hdmi: cannot set audio to 48000 Hz at 297000000 Hz pixel clock
[    8.480651] ata1: SATA link down (SStatus 0 SControl 300)
[   11.268958] OOM killer enabled.
[   11.272087] Restarting tasks ... done.
root@(none):/# 
root@(none):/# [   11.276571] PM: suspend exit
rtcwake -d rtc1 -m mem -s 3
rtcwake: assuming RTC uses UTC ...
rtcwake: wakeup from "mem" using /dev/rtc1 at Thu Jan  1 00:00:27 1970
[   11.706602] PM: suspend entry (deep)
[   11.710397] PM: Syncing filesystems ... done.
[   11.715628] Freezing user space processes ... (elapsed 0.001 seconds) done.
[   11.716920] OOM killer disabled.
[   11.716924] Freezing remaining freezable tasks ... (elapsed 0.001 seconds) done.
[   11.718219] Suspending console(s) (use no_console_suspend to debug)
[   12.109346] Disabling non-boot CPUs ...
[   12.258256] IRQ17 no longer affine to CPU3
[   12.259232] Entering suspend state LP1
[   12.259244] Enabling non-boot CPUs ...
[   12.260142] CPU1 is up
[   12.260927] CPU2 is up
[   12.261791] CPU3 is up
[   12.262530] pcieport 0000:00:02.0: nv_msi_ht_cap_quirk didn't locate host bridge
[   12.262532] pcieport 0000:00:01.0: nv_msi_ht_cap_quirk didn't locate host bridge
[   12.338410] tegra-hdmi 54280000.hdmi: cannot set audio to 48000 Hz at 297000000 Hz pixel clock
[   12.640839] ata1: SATA link down (SStatus 0 SControl 300)
[   15.319796] OOM killer enabled.
[   15.322925] Restarting tasks ... done.
[   15.397227] PM: suspend exit
root@(none):/# 
root@(none):/# rtcwake -d rtc1 -m mem -s 3
rtcwake: assuming RTC uses UTC ...
rtcwake: wakeup from "mem" using /dev/rtc1 at Thu Jan  1 00:00:34 1970
[   15.853894] PM: suspend entry (deep)
[   15.857489] PM: Syncing filesystems ... done.
[   15.863035] Freezing user space processes ... (elapsed 0.001 seconds) done.
[   15.864254] OOM killer disabled.
[   15.864256] Freezing remaining freezable tasks ... (elapsed 0.001 seconds) done.
[   15.865497] Suspending console(s) (use no_console_suspend to debug)
[   15.977146] pci_generic_config_write32: 44 callbacks suppressed
[   15.977156] pci_bus 0000:00: 2-byte config write to 0000:00:02.0 offset 0x9c may corrupt adjacent RW1C bits
[   15.977183] pci_bus 0000:00: 2-byte config write to 0000:00:01.0 offset 0x9c may corrupt adjacent RW1C bits
[   16.219048] Disabling non-boot CPUs ...
[   16.368807] Entering suspend state LP1
[   16.368819] Enabling non-boot CPUs ...
[   16.369717] CPU1 is up
[   16.370509] CPU2 is up
[   16.371378] CPU3 is up
[   16.371978] pci_bus 0000:00: 2-byte config write to 0000:00:01.0 offset 0x4c may corrupt adjacent RW1C bits
[   16.371987] pci_bus 0000:00: 2-byte config write to 0000:00:02.0 offset 0x4c may corrupt adjacent RW1C bits
[   16.371999] pci_bus 0000:00: 2-byte config write to 0000:00:01.0 offset 0x88 may corrupt adjacent RW1C bits
[   16.372006] pci_bus 0000:00: 2-byte config write to 0000:00:02.0 offset 0x88 may corrupt adjacent RW1C bits
[   16.372012] pci_bus 0000:00: 2-byte config write to 0000:00:01.0 offset 0x90 may corrupt adjacent RW1C bits
[   16.372018] pci_bus 0000:00: 2-byte config write to 0000:00:02.0 offset 0x90 may corrupt adjacent RW1C bits
[   16.372024] pci_bus 0000:00: 2-byte config write to 0000:00:01.0 offset 0x98 may corrupt adjacent RW1C bits
[   16.372030] pci_bus 0000:00: 2-byte config write to 0000:00:02.0 offset 0x98 may corrupt adjacent RW1C bits
[   16.372138] pcieport 0000:00:01.0: nv_msi_ht_cap_quirk didn't locate host bridge
[   16.372139] pcieport 0000:00:02.0: nv_msi_ht_cap_quirk didn't locate host bridge
[   16.458384] tegra-hdmi 54280000.hdmi: cannot set audio to 48000 Hz at 297000000 Hz pixel clock
[   16.760810] ata1: SATA link down (SStatus 0 SControl 300)
[   19.538866] OOM killer enabled.
[   19.541994] Restarting tasks ... done.
root@(none):/# 
root@(none):/# [   19.546461] PM: suspend exit
rtcwake -d rtc1 -m mem -s 3
rtcwake: assuming RTC uses UTC ...
rtcwake: wakeup from "mem" using /dev/rtc1 at Thu Jan  1 00:00:41 1970
[   19.963681] PM: suspend entry (deep)
[   19.967274] PM: Syncing filesystems ... done.
[   19.972796] Freezing user space processes ... (elapsed 0.001 seconds) done.
[   19.974012] OOM killer disabled.
[   19.974014] Freezing remaining freezable tasks ... (elapsed 0.001 seconds) done.
[   19.975257] Suspending console(s) (use no_console_suspend to debug)
[   20.482031] Disabling non-boot CPUs ...
[   20.630506] Entering suspend state LP1
[   20.630533] Enabling non-boot CPUs ...
[   20.631431] CPU1 is up
[   20.632222] CPU2 is up
[   20.633090] CPU3 is up
[   20.633837] pcieport 0000:00:02.0: nv_msi_ht_cap_quirk didn't locate host bridge
[   20.633839] pcieport 0000:00:01.0: nv_msi_ht_cap_quirk didn't locate host bridge
[   20.708376] tegra-hdmi 54280000.hdmi: cannot set audio to 48000 Hz at 297000000 Hz pixel clock
[   21.010802] ata1: SATA link down (SStatus 0 SControl 300)
[   23.675787] OOM killer enabled.
[   23.678925] Restarting tasks ... done.
root@(none):/# 
root@(none):/# [   23.683235] PM: suspend exit
rtcwake -d rtc1 -m mem -s 3
rtcwake: assuming RTC uses UTC ...
rtcwake: wakeup from "mem" using /dev/rtc1 at Thu Jan  1 00:00:48 1970
[   24.233290] PM: suspend entry (deep)
[   24.236877] PM: Syncing filesystems ... done.
[   24.243046] Freezing user space processes ... (elapsed 0.001 seconds) done.
[   24.244529] OOM killer disabled.
[   24.244536] Freezing remaining freezable tasks ... (elapsed 0.001 seconds) done.
[   24.246056] Suspending console(s) (use no_console_suspend to debug)
[   24.430194] pci_generic_config_write32: 46 callbacks suppressed
[   24.430202] pci_bus 0000:00: 2-byte config write to 0000:00:02.0 offset 0x9c may corrupt adjacent RW1C bits
[   24.430234] pci_bus 0000:00: 2-byte config write to 0000:00:01.0 offset 0x9c may corrupt adjacent RW1C bits
[   24.668627] Disabling non-boot CPUs ...
[   24.828549] Entering suspend state LP1
[   24.828561] Enabling non-boot CPUs ...
[   24.829447] CPU1 is up
[   24.830224] CPU2 is up
[   24.831073] CPU3 is up
[   24.831647] pci_bus 0000:00: 2-byte config write to 0000:00:02.0 offset 0x4c may corrupt adjacent RW1C bits
[   24.831655] pci_bus 0000:00: 2-byte config write to 0000:00:01.0 offset 0x4c may corrupt adjacent RW1C bits
[   24.831668] pci_bus 0000:00: 2-byte config write to 0000:00:02.0 offset 0x88 may corrupt adjacent RW1C bits
[   24.831674] pci_bus 0000:00: 2-byte config write to 0000:00:01.0 offset 0x88 may corrupt adjacent RW1C bits
[   24.831680] pci_bus 0000:00: 2-byte config write to 0000:00:02.0 offset 0x90 may corrupt adjacent RW1C bits
[   24.831686] pci_bus 0000:00: 2-byte config write to 0000:00:01.0 offset 0x90 may corrupt adjacent RW1C bits
[   24.831692] pci_bus 0000:00: 2-byte config write to 0000:00:02.0 offset 0x98 may corrupt adjacent RW1C bits
[   24.831698] pci_bus 0000:00: 2-byte config write to 0000:00:01.0 offset 0x98 may corrupt adjacent RW1C bits
[   24.831805] pcieport 0000:00:02.0: nv_msi_ht_cap_quirk didn't locate host bridge
[   24.831806] pcieport 0000:00:01.0: nv_msi_ht_cap_quirk didn't locate host bridge
[   24.918259] tegra-hdmi 54280000.hdmi: cannot set audio to 48000 Hz at 297000000 Hz pixel clock
[   25.210684] ata1: SATA link down (SStatus 0 SControl 300)
[   27.998904] OOM killer enabled.
[   28.002033] Restarting tasks ... done.
root@(none):/# 
root@(none):/# [   28.006386] PM: suspend exit
rtcwake -d rtc1 -m mem -s 3
rtcwake: assuming RTC uses UTC ...
rtcwake: wakeup from "mem" using /dev/rtc1 at Thu Jan  1 00:00:55 1970
[   28.424724] PM: suspend entry (deep)
[   28.428511] PM: Syncing filesystems ... done.
[   28.433687] Freezing user space processes ... (elapsed 0.001 seconds) done.
[   28.434978] OOM killer disabled.
[   28.434981] Freezing remaining freezable tasks ... (elapsed 0.001 seconds) done.
[   28.436287] Suspending console(s) (use no_console_suspend to debug)
[   28.799043] Disabling non-boot CPUs ...
[   28.838203] IRQ17 no longer affine to CPU1
[   28.948912] Entering suspend state LP1
[   28.948924] Enabling non-boot CPUs ...
[   28.949840] CPU1 is up
[   28.950639] CPU2 is up
[   28.951495] CPU3 is up
[   28.952209] pcieport 0000:00:01.0: nv_msi_ht_cap_quirk didn't locate host bridge
[   28.952211] pcieport 0000:00:02.0: nv_msi_ht_cap_quirk didn't locate host bridge
[   29.038302] tegra-hdmi 54280000.hdmi: cannot set audio to 48000 Hz at 297000000 Hz pixel clock
[   29.340686] ata1: SATA link down (SStatus 0 SControl 300)
[   32.009880] OOM killer enabled.
[   32.013012] Restarting tasks ... done.
root@(none):/# 
root@(none):/# [   32.017320] PM: suspend exit
rtcwake -d rtc1 -m mem -s 3
rtcwake: assuming RTC uses UTC ...
rtcwake: wakeup from "mem" using /dev/rtc1 at Thu Jan  1 00:01:02 1970
[   32.541611] PM: suspend entry (deep)
[   32.545206] PM: Syncing filesystems ... done.
[   32.551999] Freezing user space processes ... (elapsed 0.001 seconds) done.
[   32.553357] OOM killer disabled.
[   32.553361] Freezing remaining freezable tasks ... (elapsed 0.001 seconds) done.
[   32.554714] Suspending console(s) (use no_console_suspend to debug)
[   32.719565] pci_generic_config_write32: 46 callbacks suppressed
[   32.719580] pci_bus 0000:00: 2-byte config write to 0000:00:02.0 offset 0x9c may corrupt adjacent RW1C bits
[   32.719600] pci_bus 0000:00: 2-byte config write to 0000:00:01.0 offset 0x9c may corrupt adjacent RW1C bits
[   32.959807] Disabling non-boot CPUs ...
[   33.119301] Entering suspend state LP1
[   33.119328] Enabling non-boot CPUs ...
[   33.120241] CPU1 is up
[   33.121039] CPU2 is up
[   33.121893] CPU3 is up
[   33.122450] pci_bus 0000:00: 2-byte config write to 0000:00:02.0 offset 0x4c may corrupt adjacent RW1C bits
[   33.122464] pci_bus 0000:00: 2-byte config write to 0000:00:02.0 offset 0x88 may corrupt adjacent RW1C bits
[   33.122471] pci_bus 0000:00: 2-byte config write to 0000:00:02.0 offset 0x90 may corrupt adjacent RW1C bits
[   33.122476] pci_bus 0000:00: 2-byte config write to 0000:00:02.0 offset 0x98 may corrupt adjacent RW1C bits
[   33.122482] pci_bus 0000:00: 2-byte config write to 0000:00:02.0 offset 0x9c may corrupt adjacent RW1C bits
[   33.122488] pci_bus 0000:00: 2-byte config write to 0000:00:02.0 offset 0xa8 may corrupt adjacent RW1C bits
[   33.122494] pci_bus 0000:00: 2-byte config write to 0000:00:02.0 offset 0xb0 may corrupt adjacent RW1C bits
[   33.122523] pci_bus 0000:00: 2-byte config write to 0000:00:02.0 offset 0x52 may corrupt adjacent RW1C bits
[   33.122556] pcieport 0000:00:02.0: nv_msi_ht_cap_quirk didn't locate host bridge
[   33.122653] pcieport 0000:00:01.0: nv_msi_ht_cap_quirk didn't locate host bridge
[   33.198278] tegra-hdmi 54280000.hdmi: cannot set audio to 48000 Hz at 297000000 Hz pixel clock
[   33.500663] ata1: SATA link down (SStatus 0 SControl 300)
[   36.268930] OOM killer enabled.
[   36.272059] Restarting tasks ... done.
root@(none):/# 
root@(none):/# [   36.276327] PM: suspend exit
rtcwake -d rtc1 -m mem -s 3
rtcwake: assuming RTC uses UTC ...
rtcwake: wakeup from "mem" using /dev/rtc1 at Thu Jan  1 00:01:09 1970
[   36.713540] PM: suspend entry (deep)
[   36.717133] PM: Syncing filesystems ... done.
[   36.722612] Freezing user space processes ... (elapsed 0.001 seconds) done.
[   36.723841] OOM killer disabled.
[   36.723843] Freezing remaining freezable tasks ... (elapsed 0.001 seconds) done.
[   36.725098] Suspending console(s) (use no_console_suspend to debug)
[   37.078770] Disabling non-boot CPUs ...
[   37.168042] IRQ17 no longer affine to CPU2
[   37.228737] Entering suspend state LP1
[   37.228750] Enabling non-boot CPUs ...
[   37.229707] CPU1 is up
[   37.230502] CPU2 is up
[   37.231354] CPU3 is up
[   37.232090] pcieport 0000:00:02.0: nv_msi_ht_cap_quirk didn't locate host bridge
[   37.232092] pcieport 0000:00:01.0: nv_msi_ht_cap_quirk didn't locate host bridge
[   37.318174] tegra-hdmi 54280000.hdmi: cannot set audio to 48000 Hz at 297000000 Hz pixel clock
[   37.620634] ata1: SATA link down (SStatus 0 SControl 300)
[   40.289656] OOM killer enabled.
[   40.292787] Restarting tasks ... done.
root@(none):/# 
root@(none):/# [   40.297308] PM: suspend exit
rtcwake -d rtc1 -m mem -s 3
rtcwake: assuming RTC uses UTC ...
rtcwake: wakeup from "mem" using /dev/rtc1 at Thu Jan  1 00:01:16 1970
[   40.821887] PM: suspend entry (deep)
[   40.825481] PM: Syncing filesystems ... done.
[   40.830948] Freezing user space processes ... (elapsed 0.001 seconds) done.
[   40.832154] OOM killer disabled.
[   40.832156] Freezing remaining freezable tasks ... (elapsed 0.001 seconds) done.
[   40.833407] Suspending console(s) (use no_console_suspend to debug)
[   40.956913] pci_generic_config_write32: 46 callbacks suppressed
[   40.956921] pci_bus 0000:00: 2-byte config write to 0000:00:02.0 offset 0x9c may corrupt adjacent RW1C bits
[   40.956943] pci_bus 0000:00: 2-byte config write to 0000:00:01.0 offset 0x9c may corrupt adjacent RW1C bits
[   41.198794] Disabling non-boot CPUs ...
[   41.308019] IRQ17 no longer affine to CPU2
[   41.368672] Entering suspend state LP1
[   41.368684] Enabling non-boot CPUs ...
[   41.369601] CPU1 is up
[   41.370404] CPU2 is up
[   41.371261] CPU3 is up
[   41.371867] pci_bus 0000:00: 2-byte config write to 0000:00:02.0 offset 0x4c may corrupt adjacent RW1C bits
[   41.371875] pci_bus 0000:00: 2-byte config write to 0000:00:01.0 offset 0x4c may corrupt adjacent RW1C bits
[   41.371888] pci_bus 0000:00: 2-byte config write to 0000:00:02.0 offset 0x88 may corrupt adjacent RW1C bits
[   41.371895] pci_bus 0000:00: 2-byte config write to 0000:00:01.0 offset 0x88 may corrupt adjacent RW1C bits
[   41.371901] pci_bus 0000:00: 2-byte config write to 0000:00:02.0 offset 0x90 may corrupt adjacent RW1C bits
[   41.371907] pci_bus 0000:00: 2-byte config write to 0000:00:01.0 offset 0x90 may corrupt adjacent RW1C bits
[   41.371913] pci_bus 0000:00: 2-byte config write to 0000:00:02.0 offset 0x98 may corrupt adjacent RW1C bits
[   41.371919] pci_bus 0000:00: 2-byte config write to 0000:00:01.0 offset 0x98 may corrupt adjacent RW1C bits
[   41.372027] pcieport 0000:00:02.0: nv_msi_ht_cap_quirk didn't locate host bridge
[   41.372029] pcieport 0000:00:01.0: nv_msi_ht_cap_quirk didn't locate host bridge
[   41.458225] tegra-hdmi 54280000.hdmi: cannot set audio to 48000 Hz at 297000000 Hz pixel clock
[   41.760614] ata1: SATA link down (SStatus 0 SControl 300)
[   44.532902] OOM killer enabled.
[   44.536031] Restarting tasks ... done.
root@(none):/# 
root@(none):/# [   44.540544] PM: suspend exit
rtcwake -d rtc1 -m mem -s 3
rtcwake: assuming RTC uses UTC ...
rtcwake: wakeup from "mem" using /dev/rtc1 at Thu Jan  1 00:01:23 1970
[   44.963014] PM: suspend entry (deep)
[   44.966609] PM: Syncing filesystems ... done.
[   44.972131] Freezing user space processes ... (elapsed 0.001 seconds) done.
[   44.973354] OOM killer disabled.
[   44.973357] Freezing remaining freezable tasks ... (elapsed 0.001 seconds) done.
[   44.974596] Suspending console(s) (use no_console_suspend to debug)
[   45.338692] Disabling non-boot CPUs ...
[   45.428000] IRQ17 no longer affine to CPU2
[   45.488643] Entering suspend state LP1
[   45.488655] Enabling non-boot CPUs ...
[   45.489574] CPU1 is up
[   45.490374] CPU2 is up
[   45.491229] CPU3 is up
[   45.491850] pcieport 0000:00:02.0: nv_msi_ht_cap_quirk didn't locate host bridge
[   45.491985] pcieport 0000:00:01.0: nv_msi_ht_cap_quirk didn't locate host bridge
[   45.578220] tegra-hdmi 54280000.hdmi: cannot set audio to 48000 Hz at 297000000 Hz pixel clock
[   45.880584] ata1: SATA link down (SStatus 0 SControl 300)
[   48.549669] OOM killer enabled.
[   48.552802] Restarting tasks ... done.
root@(none):/# 
root@(none):/# NVTB SYSTEM SUSPEND TEST COMPLETE
[   48.557289] PM: suspend exit
