
U-Boot SPL 2016.05-rc2 (Apr 21 2016 - 16:23:00)
Trying to boot from RAM


U-Boot 2016.05-rc2 (Apr 21 2016 - 16:23:00 -0700)

TEGRA124
Model: NVIDIA Jetson TK1
Board: NVIDIA Jetson TK1
DRAM:  2 GiB
MC:   Tegra SD/MMC: 0, Tegra SD/MMC: 1
In:    serial
Out:   serial
Err:   serial
Net:   No ethernet found.
Hit any key to stop autoboot:  2  0 
Tegra124 (Jetson TK1) # 
Tegra124 (Jetson TK1) # pci enum
Tegra124 (Jetson TK1) # setenv bootargs 'ignore_loglevel console=ttyS0,115200n8 rw root=PARTUUID=b1791faa-84e8-4e27-83a1-9fb0a77e8803 rootwait gpt debug noinitrd earlyprintk init=/bin/bash'
Tegra124 (Jetson TK1) # setenv ipaddr 192.168.100.102; setenv serverip 192.168.100.1; setenv tftpserverip 192.168.100.1
Tegra124 (Jetson TK1) # tftpboot 0x82000000 zImage.tegra_defconfig%tegra-fw

Warning: eth_rtl8169 using MAC address from ROM
Using eth_rtl8169 device
TFTP from server 192.168.100.1; our IP address is 192.168.100.102
Filename 'zImage.tegra_defconfig%tegra-fw'.
Load address: 0x82000000
Loading: *#################################################################
	 #################################################################
	 #################################################################
	 #################################################################
	 #################################################################
	 #################################################################
	 ############################################
	 4 MiB/s
done
Bytes transferred = 6365400 (6120d8 hex)
Tegra124 (Jetson TK1) # tftpboot 0x83000000 tegra124-jetson-tk1.dtb
Using eth_rtl8169 device
TFTP from server 192.168.100.1; our IP address is 192.168.100.102
Filename 'tegra124-jetson-tk1.dtb'.
Load address: 0x83000000
Loading: *#####
	 3.7 MiB/s
done
Bytes transferred = 66544 (103f0 hex)
Tegra124 (Jetson TK1) # bootz 0x82000000 - 0x83000000
Kernel image @ 0x82000000 [ 0x000000 - 0x6120d8 ]
## Flattened Device Tree blob at 83000000
   Booting using the fdt blob at 0x83000000
   Using Device Tree in place at 83000000, end 830133ef

Starting kernel ...

[    0.000000] Booting Linux on physical CPU 0x0
[    0.000000] Linux version 4.15.0-rc6-next-20180102-224118-ge0e9981 (jonathanh@sellafield) (gcc version 4.7.3 20130328 (prerelease) (crosstool-NG linaro-1.13.1-4.7-2013.04-20130415 - Linaro GCC 2013.04)) #1 SMP PREEMPT Tue Jan 2 07:17:16 PST 2018
[    0.000000] CPU: ARMv7 Processor [413fc0f3] revision 3 (ARMv7), cr=10c5387d
[    0.000000] CPU: div instructions available: patching division code
[    0.000000] CPU: PIPT / VIPT nonaliasing data cache, PIPT instruction cache
[    0.000000] OF: fdt: Machine model: NVIDIA Tegra124 Jetson TK1
[    0.000000] debug: ignoring loglevel setting.
[    0.000000] bootconsole [earlycon0] enabled
[    0.000000] Memory policy: Data cache writealloc
[    0.000000] cma: Reserved 64 MiB at 0xfbc00000
[    0.000000] On node 0 totalpages: 524032
[    0.000000]   Normal zone: 1536 pages used for memmap
[    0.000000]   Normal zone: 0 pages reserved
[    0.000000]   Normal zone: 196608 pages, LIFO batch:31
[    0.000000]   HighMem zone: 327424 pages, LIFO batch:31
[    0.000000] random: fast init done
[    0.000000] percpu: Embedded 17 pages/cpu @(ptrval) s39104 r8192 d22336 u69632
[    0.000000] pcpu-alloc: s39104 r8192 d22336 u69632 alloc=17*4096
[    0.000000] pcpu-alloc: [0] 0 [0] 1 [0] 2 [0] 3 
[    0.000000] Built 1 zonelists, mobility grouping on.  Total pages: 522496
[    0.000000] Kernel command line: ignore_loglevel console=ttyS0,115200n8 rw root=PARTUUID=b1791faa-84e8-4e27-83a1-9fb0a77e8803 rootwait gpt debug noinitrd earlyprintk init=/bin/bash
[    0.000000] Dentry cache hash table entries: 131072 (order: 7, 524288 bytes)
[    0.000000] Inode-cache hash table entries: 65536 (order: 6, 262144 bytes)
[    0.000000] Memory: 1997468K/2096128K available (9216K kernel code, 780K rwdata, 2836K rodata, 1024K init, 298K bss, 33124K reserved, 65536K cma-reserved, 1244160K highmem)
[    0.000000] Virtual kernel memory layout:
[    0.000000]     vector  : 0xffff0000 - 0xffff1000   (   4 kB)
[    0.000000]     fixmap  : 0xffc00000 - 0xfff00000   (3072 kB)
[    0.000000]     vmalloc : 0xf0800000 - 0xff800000   ( 240 MB)
[    0.000000]     lowmem  : 0xc0000000 - 0xf0000000   ( 768 MB)
[    0.000000]     pkmap   : 0xbfe00000 - 0xc0000000   (   2 MB)
[    0.000000]     modules : 0xbf000000 - 0xbfe00000   (  14 MB)
[    0.000000]       .text : 0x(ptrval) - 0x(ptrval)   (10208 kB)
[    0.000000]       .init : 0x(ptrval) - 0x(ptrval)   (1024 kB)
[    0.000000]       .data : 0x(ptrval) - 0x(ptrval)   ( 781 kB)
[    0.000000]        .bss : 0x(ptrval) - 0x(ptrval)   ( 299 kB)
[    0.000000] Preemptible hierarchical RCU implementation.
[    0.000000] 	Tasks RCU enabled.
[    0.000000] NR_IRQS: 16, nr_irqs: 16, preallocated irqs: 16
[    0.000000] /interrupt-controller@60004000: 160 interrupts forwarded to /interrupt-controller@50041000
[    0.000000] Tegra clk 127: register failed with -17
[    0.000009] sched_clock: 32 bits at 1000kHz, resolution 1000ns, wraps every 2147483647500ns
[    0.007447] clocksource: timer_us: mask: 0xffffffff max_cycles: 0xffffffff, max_idle_ns: 1911260446275 ns
[    0.016976] Switching to timer-based delay loop, resolution 1000ns
[    0.024254] arch_timer: cp15 timer(s) running at 12.00MHz (virt).
[    0.029200] clocksource: arch_sys_counter: mask: 0xffffffffffffff max_cycles: 0x2c47f4ee7, max_idle_ns: 440795202497 ns
[    0.039946] sched_clock: 56 bits at 12MHz, resolution 83ns, wraps every 4398046511096ns
[    0.047914] Switching to timer-based delay loop, resolution 83ns
[    0.054387] Console: colour dummy device 80x30
[    0.058330] Calibrating delay loop (skipped), value calculated using timer frequency.. 24.00 BogoMIPS (lpj=120000)
[    0.068639] pid_max: default: 32768 minimum: 301
[    0.073721] Mount-cache hash table entries: 2048 (order: 1, 8192 bytes)
[    0.079826] Mountpoint-cache hash table entries: 2048 (order: 1, 8192 bytes)
[    0.087669] CPU: Testing write buffer coherency: ok
[    0.091995] /cpus/cpu@0 missing clock-frequency property
[    0.096996] /cpus/cpu@1 missing clock-frequency property
[    0.102307] /cpus/cpu@2 missing clock-frequency property
[    0.107571] /cpus/cpu@3 missing clock-frequency property
[    0.112844] CPU0: thread -1, cpu 0, socket 0, mpidr 80000000
[    0.152956] Setting up static identity map for 0x80100000 - 0x801000a0
[    0.157710] Hierarchical SRCU implementation.
[    0.173505] Tegra Revision: A01 SKU: 129 CPU Process: 1 SoC Process: 1
[    0.192976] smp: Bringing up secondary CPUs ...
[    0.243602] CPU1: thread -1, cpu 1, socket 0, mpidr 80000001
[    0.323710] CPU2: thread -1, cpu 2, socket 0, mpidr 80000002
[    0.403821] CPU3: thread -1, cpu 3, socket 0, mpidr 80000003
[    0.413396] smp: Brought up 1 node, 4 CPUs
[    0.432483] SMP: Total of 4 processors activated (96.00 BogoMIPS).
[    0.438652] CPU: All CPU(s) started in SVC mode.
[    0.445091] devtmpfs: initialized
[    0.466594] Built 1 zonelists, mobility grouping on.  Total pages: 515751
[    0.471859] VFP support v0.3: implementor 41 architecture 4 part 30 variant f rev 0
[    0.479459] clocksource: jiffies: mask: 0xffffffff max_cycles: 0xffffffff, max_idle_ns: 19112604462750000 ns
[    0.488920] futex hash table entries: 1024 (order: 4, 65536 bytes)
[    0.495309] pinctrl core: initialized pinctrl subsystem
[    0.501474] NET: Registered protocol family 16
[    0.505894] DMA: preallocated 256 KiB pool for atomic coherent allocations
[    0.513004] cpuidle: using governor menu
[    0.538761] No ATAGs?
[    0.538895] hw-breakpoint: found 5 (+1 reserved) breakpoint and 4 watchpoint registers.
[    0.547257] hw-breakpoint: maximum watchpoint size is 8 bytes.
[    0.555008] iommu: Adding device 50000000.host1x to group 0
[    0.558777] iommu: Adding device 54200000.dc to group 1
[    0.563921] iommu: Adding device 54240000.dc to group 1
[    0.569162] iommu: Adding device 57000000.gpu to group 2
[    0.591824] +5V_SYS: supplied by +VDD_MUX
[    0.594315] +3.3V_SYS: supplied by +VDD_MUX
[    0.598887] +USB0_VBUS_SW: Failed to request enable GPIO108: -517
[    0.604194] reg-fixed-voltage regulators:regulator@7: Failed to register regulator: -517
[    0.612317] +5V_USB_HS: Failed to request enable GPIO109: -517
[    0.618044] reg-fixed-voltage regulators:regulator@8: Failed to register regulator: -517
[    0.626279] +1.05V_RUN_AVDD_HDMI_PLL: Failed to request enable GPIO63: -517
[    0.633071] reg-fixed-voltage regulators:regulator@11: Failed to register regulator: -517
[    0.641265] +5V_HDMI_CON: Failed to request enable GPIO86: -517
[    0.647081] reg-fixed-voltage regulators:regulator@12: Failed to register regulator: -517
[    0.655305] +5V_SATA: Failed to request enable GPIO242: -517
[    0.660856] reg-fixed-voltage regulators:regulator@13: Failed to register regulator: -517
[    0.669083] +12V_SATA: Failed to request enable GPIO242: -517
[    0.674726] reg-fixed-voltage regulators:regulator@14: Failed to register regulator: -517
[    0.684239] vgaarb: loaded
[    0.686325] SCSI subsystem initialized
[    0.689513] libata version 3.00 loaded.
[    0.693407] usbcore: registered new interface driver usbfs
[    0.698626] usbcore: registered new interface driver hub
[    0.703915] usbcore: registered new device driver usb
[    0.712131] Linux video capture interface: v2.00
[    0.714911] pps_core: LinuxPPS API ver. 1 registered
[    0.719799] pps_core: Software ver. 5.3.6 - Copyright 2005-2007 Rodolfo Giometti <giometti@linux.it>
[    0.728914] PTP clock support registered
[    0.734244] Advanced Linux Sound Architecture Driver Initialized.
[    0.739499] Bluetooth: Core ver 2.22
[    0.742449] NET: Registered protocol family 31
[    0.746846] Bluetooth: HCI device and connection manager initialized
[    0.753149] Bluetooth: HCI socket layer initialized
[    0.758027] Bluetooth: L2CAP socket layer initialized
[    0.763058] Bluetooth: SCO socket layer initialized
[    0.768509] clocksource: Switched to clocksource arch_sys_counter
[    0.865320] NET: Registered protocol family 2
[    0.868785] tcp_listen_portaddr_hash hash table entries: 512 (order: 0, 6144 bytes)
[    0.875458] TCP established hash table entries: 8192 (order: 3, 32768 bytes)
[    0.882541] TCP bind hash table entries: 8192 (order: 4, 65536 bytes)
[    0.889028] TCP: Hash tables configured (established 8192 bind 8192)
[    0.895641] UDP hash table entries: 512 (order: 2, 16384 bytes)
[    0.901111] UDP-Lite hash table entries: 512 (order: 2, 16384 bytes)
[    0.907697] NET: Registered protocol family 1
[    0.912426] RPC: Registered named UNIX socket transport module.
[    0.917601] RPC: Registered udp transport module.
[    0.922309] RPC: Registered tcp transport module.
[    0.926961] RPC: Registered tcp NFSv4.1 backchannel transport module.
[    0.934010] PCI: CLS 0 bytes, default 64
[    0.939132] hw perfevents: enabled with armv7_cortex_a15 PMU driver, 7 counters available
[    0.947217] Initialise system trusted keyrings
[    0.950043] workingset: timestamp_bits=30 max_order=19 bucket_order=0
[    0.957618] squashfs: version 4.0 (2009/01/31) Phillip Lougher
[    0.962855] NFS: Registering the id_resolver key type
[    0.967112] Key type id_resolver registered
[    0.971302] Key type id_legacy registered
[    0.980428] Key type asymmetric registered
[    0.982616] Asymmetric key parser 'x509' registered
[    0.987602] bounce: pool size: 64 pages
[    0.991364] io scheduler noop registered (default)
[    0.996049] io scheduler mq-deadline registered
[    1.000579] io scheduler kyber registered
[    1.006393]  usb2-0: usb2-0 supply vbus not found, using dummy regulator
[    1.011382]  usb2-1: usb2-1 supply vbus not found, using dummy regulator
[    1.018293] tegra-xusb-padctl 7009f000.padctl: failed to setup XUSB ports: -517
[    1.034385] tegra-pcie 1003000.pcie: 2x1, 1x1 configuration
[    1.038097] tegra-pcie 1003000.pcie: Failed to get supply 'avddio-pex': -517
[    1.048057] tegra124-dfll 70110000.clock: couldn't get vdd_cpu regulator
[    1.058830] tegra-apbdma 60020000.dma: Tegra20 APB DMA driver register 32 channels
[    1.065813] tegra-pmc 7000e400.pmc: emergency thermal reset enabled
[    1.071382] Serial: 8250/16550 driver, 4 ports, IRQ sharing disabled
[    1.078994] console [ttyS0] disabled
[    1.080705] 70006300.serial: ttyS0 at MMIO 0x70006300 (irq = 335, base_baud = 25500000) is a Tegra
[    1.089652] console [ttyS0] enabled
[    1.089652] console [ttyS0] enabled
[    1.095830] bootconsole [earlycon0] disabled
[    1.095830] bootconsole [earlycon0] disabled
[    1.105275] 70006000.serial: ttyTHS1 at MMIO 0x70006000 (irq = 333, base_baud = 0) is a TEGRA_UART
[    1.116639] 70006040.serial: ttyTHS2 at MMIO 0x70006040 (irq = 334, base_baud = 0) is a TEGRA_UART
[    1.145381] tegra-hdmi 54280000.hdmi: failed to get HDMI regulator
[    1.165832] loop: module loaded
[    1.170450] at24 0-0056: 256 byte 24c02 EEPROM, writable, 8 bytes/write
[    1.177874] as3722 4-0040: AS3722 with revision 0x1 found
[    1.190201] as3722-sd2: supplied by +5V_SYS
[    1.194876] as3722-sd3: supplied by +5V_SYS
[    1.199335] +1.35V_LP0(sd3): Bringing 0uV into 1350000-1350000uV
[    1.205705] as3722-sd4: supplied by +5V_SYS
[    1.210398] as3722-sd5: supplied by +5V_SYS
[    1.216496] as3722-ldo0: supplied by +1.35V_LP0(sd2)
[    1.222638] +1.8V_RUN_CAM: Bringing 0uV into 1800000-1800000uV
[    1.228882] as3722-ldo2: supplied by +1.8V_VDDIO
[    1.234841] as3722-ldo3: supplied by +3.3V_SYS
[    1.239417] +1.05V_LP0_VDD_RTC: Bringing 1100000uV into 1000000-1000000uV
[    1.247229] as3722-ldo4: supplied by +3.3V_SYS
[    1.251927] +2.8V_RUN_CAM: Bringing 0uV into 2800000-2800000uV
[    1.258165] as3722-ldo5: supplied by +1.8V_VDDIO
[    1.263042] +1.2V_RUN_CAM_FRONT: Bringing 0uV into 1200000-1200000uV
[    1.270033] +VDDIO_SDMMC3: bypassed regulator has no supply!
[    1.275687] +VDDIO_SDMMC3: failed to get the current voltage(-517)
[    1.281889] as3722-regulator as3722-regulator: regulator 13 register failed -517
[    1.293213] tegra-ahci 70027000.sata: couldn't get PHY in node sata: -517
[    1.311583] m25p80 spi1.0: w25q32dw (4096 Kbytes)
[    1.318471] libphy: Fixed MDIO Bus: probed
[    1.322591] CAN device driver interface
[    1.326475] igb: Intel(R) Gigabit Ethernet Network Driver - version 5.4.0-k
[    1.333453] igb: Copyright (c) 2007-2014 Intel Corporation.
[    1.339404] pegasus: v0.9.3 (2013/04/25), Pegasus/Pegasus II USB Ethernet driver
[    1.346860] usbcore: registered new interface driver pegasus
[    1.352622] usbcore: registered new interface driver asix
[    1.358069] usbcore: registered new interface driver ax88179_178a
[    1.364235] usbcore: registered new interface driver cdc_ether
[    1.370145] usbcore: registered new interface driver smsc75xx
[    1.375957] usbcore: registered new interface driver smsc95xx
[    1.381773] usbcore: registered new interface driver net1080
[    1.387475] usbcore: registered new interface driver cdc_subset
[    1.393460] usbcore: registered new interface driver zaurus
[    1.399119] usbcore: registered new interface driver cdc_ncm
[    1.405017] tegra-phy 7d000000.usb-phy: no vbus regulator
[    1.410663] tegra-phy 7d004000.usb-phy: no vbus regulator
[    1.416366] ehci_hcd: USB 2.0 'Enhanced' Host Controller (EHCI) Driver
[    1.422907] ehci-pci: EHCI PCI platform driver
[    1.427405] tegra-ehci: Tegra EHCI driver
[    1.434281] tegra-ehci 7d004000.usb: EHCI Host Controller
[    1.439722] tegra-ehci 7d004000.usb: new USB bus registered, assigned bus number 1
[    1.447516] tegra-ehci 7d004000.usb: irq 356, io mem 0x7d004000
[    1.478539] tegra-ehci 7d004000.usb: USB 2.0 started, EHCI 1.10
[    1.485375] hub 1-0:1.0: USB hub found
[    1.489187] hub 1-0:1.0: 1 port detected
[    1.494363] usbcore: registered new interface driver cdc_acm
[    1.500036] cdc_acm: USB Abstract Control Model driver for USB modems and ISDN adapters
[    1.508087] usbcore: registered new interface driver cdc_wdm
[    1.513842] usbcore: registered new interface driver usb-storage
[    1.528280] as3722-rtc as3722-rtc: rtc core: registered as3722-rtc as rtc0
[    1.535172] as3722-rtc as3722-rtc: RTC interrupt 379
[    1.543015] tegra_rtc 7000e000.rtc: rtc core: registered 7000e000.rtc as rtc1
[    1.550217] tegra_rtc 7000e000.rtc: Tegra internal Real Time Clock
[    1.556738] i2c /dev entries driver
[    1.561517] usbcore: registered new interface driver uvcvideo
[    1.567255] USB Video Class driver (1.1.1)
[    1.571368] gspca_main: v2.14.0 registered
[    1.576108] lm90 0-004c: 0-004c supply vcc not found, using dummy regulator
[    1.586440] tegra-wdt 60005000.timer: initialized (heartbeat = 120 sec, nowayout = 0)
[    1.595355] sdhci: Secure Digital Host Controller Interface driver
[    1.601675] sdhci: Copyright(c) Pierre Ossman
[    1.606026] sdhci-pltfm: SDHCI platform and OF driver helper
[    1.612034] sdhci-tegra 700b0400.sdhci: Got CD GPIO
[    1.616923] sdhci-tegra 700b0400.sdhci: Got WP GPIO
[    1.638214] mmc0: Unknown controller version (3). You may experience problems.
[    1.645495] mmc0: Invalid maximum block size, assuming 512 bytes
[    1.682621] mmc0: SDHCI controller on 700b0600.sdhci [700b0600.sdhci] using ADMA
[    1.691039] usbcore: registered new interface driver usbhid
[    1.696646] usbhid: USB HID core driver
[    1.740611] mmc0: new high speed MMC card at address 0001
[    1.751311] mmcblk0: mmc0:0001 SEM16G 14.7 GiB 
[    1.760998] mmcblk0boot0: mmc0:0001 SEM16G partition 1 4.00 MiB
[    1.772012] mmcblk0boot1: mmc0:0001 SEM16G partition 2 4.00 MiB
[    1.778155] mmcblk0rpmb: mmc0:0001 SEM16G partition 3 4.00 MiB, chardev (247:0)
[    1.787311]  mmcblk0: p1
[    2.139941] tegra30-i2s 70301100.i2s: DMA channels sourced from device 70300000.ahub
[    2.160287] tegra-snd-rt5640 sound: rt5640-aif1 <-> 70301100.i2s mapping ok
[    2.171090] input: NVIDIA Tegra Jetson TK1 Headphones as /devices/soc0/sound/sound/card1/input0
[    2.182360] NET: Registered protocol family 10
[    2.188213] Segment Routing with IPv6
[    2.192153] mip6: Mobile IPv6
[    2.195119] sit: IPv6, IPv4 and MPLS over IPv4 tunneling driver
[    2.202581] NET: Registered protocol family 17
[    2.207037] NET: Registered protocol family 15
[    2.211539] can: controller area network core (rev 20170425 abi 9)
[    2.217932] NET: Registered protocol family 29
[    2.222393] can: raw protocol (rev 20170425)
[    2.226657] can: broadcast manager protocol (rev 20170425 t)
[    2.232334] can: netlink gateway (rev 20170425) max_hops=1
[    2.237992] Bluetooth: RFCOMM socket layer initialized
[    2.243206] Bluetooth: RFCOMM ver 1.11
[    2.246974] Bluetooth: BNEP (Ethernet Emulation) ver 1.3
[    2.252304] Bluetooth: BNEP socket layer initialized
[    2.257262] Bluetooth: HIDP (Human Interface Emulation) ver 1.2
[    2.263196] Bluetooth: HIDP socket layer initialized
[    2.268367] Key type dns_resolver registered
[    2.273203] Registering SWP/SWPB emulation handler
[    2.278822] Loading compiled-in X.509 certificates
[    2.303475] +3.3V_RUN: supplied by +3.3V_SYS
[    2.308402] +USB0_VBUS_SW: supplied by +5V_SYS
[    2.313297] +3.3V_AVDD_HDMI_AP_GATED: supplied by +3.3V_RUN
[    2.319368] +5V_USB_HS: supplied by +5V_SYS
[    2.324568] +3.3V_LP0: supplied by +3.3V_SYS
[    2.330075] +5V_HDMI_CON: supplied by +5V_SYS
[    2.334874] +5V_SATA: supplied by +5V_SYS
[    2.339479] +12V_SATA: supplied by +VDD_MUX
[    2.345084]  usb2-0: usb2-0 supply vbus not found, using dummy regulator
[    2.351937]  usb2-1: usb2-1 supply vbus not found, using dummy regulator
[    2.359015]  usb3-0: usb3-0 supply vbus not found, using dummy regulator
[    2.366483] tegra-pcie 1003000.pcie: 2x1, 1x1 configuration
[    2.372119] tegra-pcie 1003000.pcie: Failed to get supply 'avddio-pex': -517
[    2.381279] tegra124-dfll 70110000.clock: couldn't get vdd_cpu regulator
[    2.390634] tegra-hdmi 54280000.hdmi: failed to get PLL regulator
[    2.398990] as3722-sd2: supplied by +5V_SYS
[    2.403480] as3722-sd3: supplied by +5V_SYS
[    2.407970] as3722-sd4: supplied by +5V_SYS
[    2.412661] as3722-sd5: supplied by +5V_SYS
[    2.418352] as3722-ldo0: supplied by +1.35V_LP0(sd2)
[    2.424065] as3722-ldo1: supplied by +3.3V_RUN
[    2.428926] as3722-ldo2: supplied by +1.8V_VDDIO
[    2.434560] as3722-ldo3: supplied by +3.3V_SYS
[    2.440228] as3722-ldo4: supplied by +3.3V_SYS
[    2.444972] as3722-ldo5: supplied by +1.8V_VDDIO
[    2.450871] input: tegra-hda HDMI/DP,pcm=3 as /devices/soc0/70030000.hda/sound/card0/input1
[    2.459524] as3722-ldo6: supplied by +3.3V_RUN
[    2.464515] as3722-ldo7: supplied by +1.8V_VDDIO
[    2.469936] +1.05V_RUN_CAM_REAR: Bringing 0uV into 1050000-1050000uV
[    2.477022] as3722-ldo9: supplied by +5V_SYS
[    2.482522] +3.3V_RUN_TOUCH: Bringing 0uV into 2800000-2800000uV
[    2.489290] as3722-ldo10: supplied by +5V_SYS
[    2.494394] +2.8V_RUN_CAM_AF: Bringing 0uV into 2800000-2800000uV
[    2.501259] as3722-ldo11: supplied by +3.3V_RUN
[    2.506537] +1.8V_RUN_VPP_FUSE: Bringing 0uV into 1800000-1800000uV
[    2.516156] tegra-ahci 70027000.sata: AHCI 0001.0301 32 slots 2 ports 3 Gbps 0x1 impl platform mode
[    2.525235] tegra-ahci 70027000.sata: flags: 64bit ncq sntf pm led pio slum part sadm sds apst 
[    2.535765] scsi host0: tegra-ahci
[    2.539919] scsi host1: tegra-ahci
[    2.543570] ata1: SATA max UDMA/133 mmio [mem 0x70027000-0x70028fff] port 0x100 irq 345
[    2.551588] ata2: DUMMY
[    2.555411] tegra-ehci 7d008000.usb: EHCI Host Controller
[    2.560897] tegra-ehci 7d008000.usb: new USB bus registered, assigned bus number 2
[    2.568756] tegra-ehci 7d008000.usb: irq 357, io mem 0x7d008000
[    2.598641] tegra-ehci 7d008000.usb: USB 2.0 started, EHCI 1.10
[    2.605759] hub 2-0:1.0: USB hub found
[    2.609632] hub 2-0:1.0: 1 port detected
[    2.689310] tegra-xusb 70090000.usb: Firmware timestamp: 2014-09-16 02:10:07 UTC
[    2.696735] tegra-xusb 70090000.usb: xHCI Host Controller
[    2.702182] tegra-xusb 70090000.usb: new USB bus registered, assigned bus number 3
[    2.712312] tegra-xusb 70090000.usb: hcc params 0x0184f525 hci version 0x100 quirks 0x00010010
[    2.721003] tegra-xusb 70090000.usb: irq 347, io mem 0x70090000
[    2.728371] hub 3-0:1.0: USB hub found
[    2.732248] hub 3-0:1.0: 6 ports detected
[    2.737144] tegra-xusb 70090000.usb: xHCI Host Controller
[    2.742612] tegra-xusb 70090000.usb: new USB bus registered, assigned bus number 4
[    2.750369] usb usb4: We don't know the algorithms for LPM for this host, disabling LPM.
[    2.759726] hub 4-0:1.0: USB hub found
[    2.763522] hub 4-0:1.0: 2 ports detected
[    2.769635] sdhci-tegra 700b0400.sdhci: Got CD GPIO
[    2.774563] sdhci-tegra 700b0400.sdhci: Got WP GPIO
[    2.787904] mmc1: Unknown controller version (3). You may experience problems.
[    2.795266] mmc1: Invalid maximum block size, assuming 512 bytes
[    2.831808] mmc1: SDHCI controller on 700b0400.sdhci [700b0400.sdhci] using ADMA
[    2.839598] tegra-pcie 1003000.pcie: 2x1, 1x1 configuration
[    2.847374] tegra-pcie 1003000.pcie: probing port 0, using 2 lanes
[    2.855219] tegra-pcie 1003000.pcie: Slot present pin change, signature: 00000008
[    2.880039] tegra-pcie 1003000.pcie: probing port 1, using 1 lanes
[    2.882079] ata1: SATA link down (SStatus 0 SControl 300)
[    2.893910] tegra-pcie 1003000.pcie: Slot present pin change, signature: 00000000
[    2.907897] tegra-pcie 1003000.pcie: PCI host bridge to bus 0000:00
[    2.914205] pci_bus 0000:00: root bus resource [io  0x0000-0xffff]
[    2.920454] pci_bus 0000:00: root bus resource [mem 0x13000000-0x1fffffff]
[    2.927432] pci_bus 0000:00: root bus resource [mem 0x20000000-0x3fffffff pref]
[    2.934819] pci_bus 0000:00: root bus resource [bus 00-ff]
[    2.940373] pci 0000:00:01.0: [10de:0e12] type 01 class 0x060400
[    2.946387] pci_bus 0000:00: 2-byte config write to 0000:00:01.0 offset 0x4 may corrupt adjacent RW1C bits
[    2.956095] pci_bus 0000:00: 2-byte config write to 0000:00:01.0 offset 0x4 may corrupt adjacent RW1C bits
[    2.965910] pci 0000:00:01.0: enabling Extended Tags
[    2.970942] pci_bus 0000:00: 2-byte config write to 0000:00:01.0 offset 0x88 may corrupt adjacent RW1C bits
[    2.980717] pci_bus 0000:00: 2-byte config write to 0000:00:01.0 offset 0x52 may corrupt adjacent RW1C bits
[    2.990553] pci 0000:00:01.0: PME# supported from D0 D1 D2 D3hot D3cold
[    2.997277] pci_bus 0000:00: 2-byte config write to 0000:00:01.0 offset 0x4c may corrupt adjacent RW1C bits
[    3.007392] pci 0000:00:02.0: [10de:0e13] type 01 class 0x060400
[    3.013425] pci_bus 0000:00: 2-byte config write to 0000:00:02.0 offset 0x4 may corrupt adjacent RW1C bits
[    3.023123] pci_bus 0000:00: 2-byte config write to 0000:00:02.0 offset 0x4 may corrupt adjacent RW1C bits
[    3.032866] pci 0000:00:02.0: enabling Extended Tags
[    3.037872] pci_bus 0000:00: 2-byte config write to 0000:00:02.0 offset 0x88 may corrupt adjacent RW1C bits
[    3.047648] pci_bus 0000:00: 2-byte config write to 0000:00:02.0 offset 0x52 may corrupt adjacent RW1C bits
[    3.057464] pci 0000:00:02.0: PME# supported from D0 D1 D2 D3hot D3cold
[    3.064146] pci_bus 0000:00: 2-byte config write to 0000:00:02.0 offset 0x4c may corrupt adjacent RW1C bits
[    3.074203] PCI: bus0: Fast back to back transfers disabled
[    3.079794] pci 0000:00:01.0: bridge configuration invalid ([bus 00-00]), reconfiguring
[    3.087838] pci 0000:00:02.0: bridge configuration invalid ([bus 00-00]), reconfiguring
[    3.096127] pci 0000:01:00.0: [8086:4232] type 00 class 0x028000
[    3.102279] pci 0000:01:00.0: reg 0x10: [mem 0x00000000-0x00001fff 64bit]
[    3.109383] pci 0000:01:00.0: PME# supported from D0 D3hot D3cold
[    3.127895] mmc1: new high speed SDHC card at address aaaa
[    3.138731] mmcblk1: mmc1:aaaa SD04G 3.69 GiB 
[    3.143484] PCI: bus1: Fast back to back transfers disabled
[    3.149132] pci_bus 0000:01: busn_res: [bus 01-ff] end is updated to 01
[    3.156015] pci 0000:02:00.0: [10ec:8168] type 00 class 0x020000
[    3.162404] pci 0000:02:00.0: reg 0x10: [io  0x0000-0x00ff]
[    3.168349] pci 0000:02:00.0: reg 0x18: [mem 0x00000000-0x00000fff 64bit]
[    3.175340] pci 0000:02:00.0: reg 0x20: [mem 0x00000000-0x00003fff 64bit pref]
[    3.182904] pci 0000:02:00.0: supports D1 D2
[    3.187316] pci 0000:02:00.0: PME# supported from D0 D1 D2 D3hot D3cold
[    3.199341]  mmcblk1: p1 p2 p3
[    3.218681] PCI: bus2: Fast back to back transfers disabled
[    3.224260] pci_bus 0000:02: busn_res: [bus 02-ff] end is updated to 02
[    3.230984] pci 0000:00:01.0: BAR 8: assigned [mem 0x13000000-0x130fffff]
[    3.237768] pci 0000:00:02.0: BAR 8: assigned [mem 0x13100000-0x131fffff]
[    3.244586] pci 0000:00:02.0: BAR 9: assigned [mem 0x20000000-0x200fffff 64bit pref]
[    3.252362] pci 0000:00:02.0: BAR 7: assigned [io  0x1000-0x1fff]
[    3.258455] pci 0000:01:00.0: BAR 0: assigned [mem 0x13000000-0x13001fff 64bit]
[    3.265800] pci 0000:00:01.0: PCI bridge to [bus 01]
[    3.270782] pci 0000:00:01.0:   bridge window [mem 0x13000000-0x130fffff]
[    3.277577] pci 0000:02:00.0: BAR 4: assigned [mem 0x20000000-0x20003fff 64bit pref]
[    3.285347] pci 0000:02:00.0: BAR 2: assigned [mem 0x13100000-0x13100fff 64bit]
[    3.292684] pci 0000:02:00.0: BAR 0: assigned [io  0x1000-0x10ff]
[    3.298794] pci 0000:00:02.0: PCI bridge to [bus 02]
[    3.303755] pci 0000:00:02.0:   bridge window [io  0x1000-0x1fff]
[    3.309862] pci 0000:00:02.0:   bridge window [mem 0x13100000-0x131fffff]
[    3.316644] pci 0000:00:02.0:   bridge window [mem 0x20000000-0x200fffff 64bit pref]
[    3.324427] pci 0000:00:01.0: nv_msi_ht_cap_quirk didn't locate host bridge
[    3.331544] pcieport 0000:00:01.0: enabling device (0140 -> 0142)
[    3.337945] pcieport 0000:00:01.0: Signaling PME with IRQ 395
[    3.343889] pci 0000:00:02.0: nv_msi_ht_cap_quirk didn't locate host bridge
[    3.350966] pcieport 0000:00:02.0: enabling device (0140 -> 0143)
[    3.357333] pcieport 0000:00:02.0: Signaling PME with IRQ 396
[    3.363480] r8169 Gigabit Ethernet driver 2.3LK-NAPI loaded
[    3.369114] r8169 0000:02:00.0: enabling device (0140 -> 0143)
[    3.400399] r8169 0000:02:00.0 eth0: RTL8168g/8111g at 0x60c267a0, 00:04:4b:3a:d9:81, XID 0c000800 IRQ 397
[    3.410075] r8169 0000:02:00.0 eth0: jumbo features [frames: 9200 bytes, tx checksumming: ko]
[    3.422269] +1.05V_RUN_AVDD_HDMI_PLL: supplied by +1.05V_RUN
[    3.431542] [drm] Supports vblank timestamp caching Rev 2 (21.10.2013).
[    3.438168] [drm] No driver support for vblank timestamp query.
[    3.578532] tegra-hdmi 54280000.hdmi: cannot set audio to 48000 Hz at 297000000 Hz pixel clock
[    3.742716] Console: switching to colour frame buffer device 512x135
[    3.838767] drm drm: fb0:  frame buffer device
[    3.843387] [drm] Initialized tegra 0.0.0 20120330 for drm on minor 0
[    3.850854] cpufreq: cpufreq_online: CPU0: Running at unlisted freq: 696000 KHz
[    3.858178] cpufreq: cpufreq_online: CPU0: Unlisted initial frequency changed to: 714000 KHz
[    3.867208] input: gpio-keys as /devices/soc0/gpio-keys/input/input2
[    3.874685] as3722-rtc as3722-rtc: setting system clock to 2000-01-01 00:02:55 UTC (946684975)
[    3.883520] cfg80211: Loading compiled-in X.509 certificates for regulatory database
[    3.893204] cfg80211: Loaded X.509 cert 'sforshee: 00b28ddf47aef9cea7'
[    3.899865] platform regulatory.0: Direct firmware load for regulatory.db failed with error -2
[    3.908457] cfg80211: failed to load regulatory.db
[    3.913518] +USB0_VBUS_SW: disabling
[    3.913530] +1.8V_RUN_CAM: disabling
[    3.917150] +2.8V_RUN_CAM: disabling
[    3.920789] +1.2V_RUN_CAM_FRONT: disabling
[    3.924382] +1.05V_RUN_CAM_REAR: disabling
[    3.928486] +3.3V_RUN_TOUCH: disabling
[    3.932638] +2.8V_RUN_CAM_AF: disabling
[    3.936404] +1.8V_RUN_VPP_FUSE: disabling
[    3.940312] ALSA device list:
[    3.940316]   #0: tegra-hda at 0x70038000 irq 346
[    3.940317]   #1: NVIDIA Tegra Jetson TK1
[    3.956711] EXT4-fs (mmcblk0p1): mounting ext3 file system using the ext4 subsystem
[    3.977922] EXT4-fs (mmcblk0p1): recovery complete
[    3.982757] EXT4-fs (mmcblk0p1): mounted filesystem with ordered data mode. Opts: (null)
[    3.990959] VFS: Mounted root (ext3 filesystem) on device 179:1.
[    4.001670] devtmpfs: mounted
[    4.005202] Freeing unused kernel memory: 1024K
bash: cannot set terminal process group (-1): Inappropriate ioctl for device
bash: no job control in this shell
root@(none):/# mount -t sysfs none /sys
root@(none):/# 
root@(none):/# mount -t debugfs none /sys/kernel/debug
root@(none):/# 
root@(none):/# rtcwake -d rtc1 -m mem -s 3
rtcwake: assuming RTC uses UTC ...
rtcwake: wakeup from "mem" using /dev/rtc1 at Thu Jan  1 00:00:20 1970
[    7.342367] PM: suspend entry (deep)
[    7.345956] PM: Syncing filesystems ... done.
[    7.355746] Freezing user space processes ... (elapsed 0.001 seconds) done.
[    7.356910] OOM killer disabled.
[    7.356912] Freezing remaining freezable tasks ... (elapsed 0.001 seconds) done.
[    7.358087] Suspending console(s) (use no_console_suspend to debug)
[    7.709328] Disabling non-boot CPUs ...
[    7.768747] IRQ17 no longer affine to CPU1
[    7.889409] Entering suspend state LP1
[    7.889421] Enabling non-boot CPUs ...
[    7.890324] CPU1 is up
[    7.891141] CPU2 is up
[    7.892039] CPU3 is up
[    7.892689] pcieport 0000:00:02.0: nv_msi_ht_cap_quirk didn't locate host bridge
[    7.892692] pcieport 0000:00:01.0: nv_msi_ht_cap_quirk didn't locate host bridge
[    7.948627] pci_generic_config_write32: 79 callbacks suppressed
[    7.948634] pci_bus 0000:00: 2-byte config write to 0000:00:01.0 offset 0x9c may corrupt adjacent RW1C bits
[    7.978885] tegra-hdmi 54280000.hdmi: cannot set audio to 48000 Hz at 297000000 Hz pixel clock
[    8.271269] ata1: SATA link down (SStatus 0 SControl 300)
[   10.966149] OOM killer enabled.
[   10.969304] Restarting tasks ... done.
[   11.018728] PM: suspend exit
root@(none):/# 
root@(none):/# rtcwake -d rtc1 -m mem -s 3
rtcwake: assuming RTC uses UTC ...
rtcwake: wakeup from "mem" using /dev/rtc1 at Thu Jan  1 00:00:27 1970
[   11.495268] PM: suspend entry (deep)
[   11.499051] PM: Syncing filesystems ... done.
[   11.504218] Freezing user space processes ... (elapsed 0.001 seconds) done.
[   11.505484] OOM killer disabled.
[   11.505487] Freezing remaining freezable tasks ... (elapsed 0.001 seconds) done.
[   11.506768] Suspending console(s) (use no_console_suspend to debug)
[   11.617598] pci_bus 0000:00: 2-byte config write to 0000:00:02.0 offset 0x9c may corrupt adjacent RW1C bits
[   11.617629] pci_bus 0000:00: 2-byte config write to 0000:00:01.0 offset 0x9c may corrupt adjacent RW1C bits
[   11.859656] Disabling non-boot CPUs ...
[   12.008742] IRQ17 no longer affine to CPU3
[   12.009552] Entering suspend state LP1
[   12.009565] Enabling non-boot CPUs ...
[   12.010515] CPU1 is up
[   12.011348] CPU2 is up
[   12.012261] CPU3 is up
[   12.012872] pci_bus 0000:00: 2-byte config write to 0000:00:01.0 offset 0x4c may corrupt adjacent RW1C bits
[   12.012880] pci_bus 0000:00: 2-byte config write to 0000:00:02.0 offset 0x4c may corrupt adjacent RW1C bits
[   12.012892] pci_bus 0000:00: 2-byte config write to 0000:00:01.0 offset 0x88 may corrupt adjacent RW1C bits
[   12.012898] pci_bus 0000:00: 2-byte config write to 0000:00:02.0 offset 0x88 may corrupt adjacent RW1C bits
[   12.012904] pci_bus 0000:00: 2-byte config write to 0000:00:01.0 offset 0x90 may corrupt adjacent RW1C bits
[   12.012910] pci_bus 0000:00: 2-byte config write to 0000:00:02.0 offset 0x90 may corrupt adjacent RW1C bits
[   12.012915] pci_bus 0000:00: 2-byte config write to 0000:00:01.0 offset 0x98 may corrupt adjacent RW1C bits
[   12.013024] pcieport 0000:00:01.0: nv_msi_ht_cap_quirk didn't locate host bridge
[   12.013026] pcieport 0000:00:02.0: nv_msi_ht_cap_quirk didn't locate host bridge
[   12.088898] tegra-hdmi 54280000.hdmi: cannot set audio to 48000 Hz at 297000000 Hz pixel clock
[   12.381254] ata1: SATA link down (SStatus 0 SControl 300)
[   15.148091] OOM killer enabled.
[   15.151229] Restarting tasks ... done.
[   15.231959] PM: suspend exit
root@(none):/# 
root@(none):/# rtcwake -d rtc1 -m mem -s 3
rtcwake: assuming RTC uses UTC ...
rtcwake: wakeup from "mem" using /dev/rtc1 at Thu Jan  1 00:00:34 1970
[   15.615328] PM: suspend entry (deep)
[   15.619115] PM: Syncing filesystems ... done.
[   15.624283] Freezing user space processes ... (elapsed 0.001 seconds) done.
[   15.625569] OOM killer disabled.
[   15.625572] Freezing remaining freezable tasks ... (elapsed 0.001 seconds) done.
[   15.626867] Suspending console(s) (use no_console_suspend to debug)
[   15.727650] pci_generic_config_write32: 19 callbacks suppressed
[   15.727660] pci_bus 0000:00: 2-byte config write to 0000:00:02.0 offset 0x9c may corrupt adjacent RW1C bits
[   15.727690] pci_bus 0000:00: 2-byte config write to 0000:00:01.0 offset 0x9c may corrupt adjacent RW1C bits
[   15.969669] Disabling non-boot CPUs ...
[   16.118724] IRQ17 no longer affine to CPU3
[   16.119538] Entering suspend state LP1
[   16.119550] Enabling non-boot CPUs ...
[   16.120510] CPU1 is up
[   16.121359] CPU2 is up
[   16.122270] CPU3 is up
[   16.122823] pci_bus 0000:00: 2-byte config write to 0000:00:02.0 offset 0x4c may corrupt adjacent RW1C bits
[   16.122834] pci_bus 0000:00: 2-byte config write to 0000:00:02.0 offset 0x88 may corrupt adjacent RW1C bits
[   16.122840] pci_bus 0000:00: 2-byte config write to 0000:00:02.0 offset 0x90 may corrupt adjacent RW1C bits
[   16.122845] pci_bus 0000:00: 2-byte config write to 0000:00:02.0 offset 0x98 may corrupt adjacent RW1C bits
[   16.122850] pci_bus 0000:00: 2-byte config write to 0000:00:02.0 offset 0x9c may corrupt adjacent RW1C bits
[   16.122856] pci_bus 0000:00: 2-byte config write to 0000:00:02.0 offset 0xa8 may corrupt adjacent RW1C bits
[   16.122861] pci_bus 0000:00: 2-byte config write to 0000:00:02.0 offset 0xb0 may corrupt adjacent RW1C bits
[   16.122890] pci_bus 0000:00: 2-byte config write to 0000:00:02.0 offset 0x52 may corrupt adjacent RW1C bits
[   16.122921] pcieport 0000:00:02.0: nv_msi_ht_cap_quirk didn't locate host bridge
[   16.123045] pcieport 0000:00:01.0: nv_msi_ht_cap_quirk didn't locate host bridge
[   16.198891] tegra-hdmi 54280000.hdmi: cannot set audio to 48000 Hz at 297000000 Hz pixel clock
[   16.501207] ata1: SATA link down (SStatus 0 SControl 300)
[   19.273623] OOM killer enabled.
[   19.276752] Restarting tasks ... done.
root@(none):/# 
root@(none):/# [   19.281241] PM: suspend exit
rtcwake -d rtc1 -m mem -s 3
rtcwake: assuming RTC uses UTC ...
rtcwake: wakeup from "mem" using /dev/rtc1 at Thu Jan  1 00:00:41 1970
[   19.735526] PM: suspend entry (deep)
[   19.739335] PM: Syncing filesystems ... done.
[   19.744561] Freezing user space processes ... (elapsed 0.001 seconds) done.
[   19.745862] OOM killer disabled.
[   19.745865] Freezing remaining freezable tasks ... (elapsed 0.001 seconds) done.
[   19.747182] Suspending console(s) (use no_console_suspend to debug)
[   20.119773] Disabling non-boot CPUs ...
[   20.158822] IRQ17 no longer affine to CPU1
[   20.259599] Entering suspend state LP1
[   20.259611] Enabling non-boot CPUs ...
[   20.260575] CPU1 is up
[   20.261422] CPU2 is up
[   20.262332] CPU3 is up
[   20.263035] pcieport 0000:00:01.0: nv_msi_ht_cap_quirk didn't locate host bridge
[   20.263037] pcieport 0000:00:02.0: nv_msi_ht_cap_quirk didn't locate host bridge
[   20.338863] tegra-hdmi 54280000.hdmi: cannot set audio to 48000 Hz at 297000000 Hz pixel clock
[   20.631299] ata1: SATA link down (SStatus 0 SControl 300)
[   23.310396] OOM killer enabled.
[   23.313528] Restarting tasks ... done.
[   23.398062] PM: suspend exit
root@(none):/# 
root@(none):/# rtcwake -d rtc1 -m mem -s 3
rtcwake: assuming RTC uses UTC ...
rtcwake: wakeup from "mem" using /dev/rtc1 at Thu Jan  1 00:00:48 1970
[   23.883914] PM: suspend entry (deep)
[   23.887504] PM: Syncing filesystems ... done.
[   23.893638] Freezing user space processes ... (elapsed 0.001 seconds) done.
[   23.895108] OOM killer disabled.
[   23.895113] Freezing remaining freezable tasks ... (elapsed 0.001 seconds) done.
[   23.896648] Suspending console(s) (use no_console_suspend to debug)
[   24.102845] pci_generic_config_write32: 46 callbacks suppressed
[   24.102867] pci_bus 0000:00: 2-byte config write to 0000:00:02.0 offset 0x9c may corrupt adjacent RW1C bits
[   24.102929] pci_bus 0000:00: 2-byte config write to 0000:00:01.0 offset 0x9c may corrupt adjacent RW1C bits
[   24.340983] Disabling non-boot CPUs ...
[   24.379096] IRQ17 no longer affine to CPU1
[   24.490466] Entering suspend state LP1
[   24.490493] Enabling non-boot CPUs ...
[   24.491452] CPU1 is up
[   24.492282] CPU2 is up
[   24.493200] CPU3 is up
[   24.493788] pci_bus 0000:00: 2-byte config write to 0000:00:02.0 offset 0x4c may corrupt adjacent RW1C bits
[   24.493799] pci_bus 0000:00: 2-byte config write to 0000:00:01.0 offset 0x4c may corrupt adjacent RW1C bits
[   24.493809] pci_bus 0000:00: 2-byte config write to 0000:00:02.0 offset 0x88 may corrupt adjacent RW1C bits
[   24.493816] pci_bus 0000:00: 2-byte config write to 0000:00:02.0 offset 0x90 may corrupt adjacent RW1C bits
[   24.493822] pci_bus 0000:00: 2-byte config write to 0000:00:01.0 offset 0x88 may corrupt adjacent RW1C bits
[   24.493828] pci_bus 0000:00: 2-byte config write to 0000:00:02.0 offset 0x98 may corrupt adjacent RW1C bits
[   24.493833] pci_bus 0000:00: 2-byte config write to 0000:00:01.0 offset 0x90 may corrupt adjacent RW1C bits
[   24.493839] pci_bus 0000:00: 2-byte config write to 0000:00:02.0 offset 0x9c may corrupt adjacent RW1C bits
[   24.493947] pcieport 0000:00:02.0: nv_msi_ht_cap_quirk didn't locate host bridge
[   24.493948] pcieport 0000:00:01.0: nv_msi_ht_cap_quirk didn't locate host bridge
[   24.578865] tegra-hdmi 54280000.hdmi: cannot set audio to 48000 Hz at 297000000 Hz pixel clock
[   24.871152] ata1: SATA link down (SStatus 0 SControl 300)
[   27.643514] OOM killer enabled.
[   27.646643] Restarting tasks ... done.
root@(none):/# 
root@(none):/# [   27.651203] PM: suspend exit
rtcwake -d rtc1 -m mem -s 3
rtcwake: assuming RTC uses UTC ...
rtcwake: wakeup from "mem" using /dev/rtc1 at Thu Jan  1 00:00:55 1970
[   28.102286] PM: suspend entry (deep)
[   28.105879] PM: Syncing filesystems ... done.
[   28.111921] Freezing user space processes ... (elapsed 0.001 seconds) done.
[   28.113144] OOM killer disabled.
[   28.113146] Freezing remaining freezable tasks ... (elapsed 0.001 seconds) done.
[   28.114406] Suspending console(s) (use no_console_suspend to debug)
[   28.459603] Disabling non-boot CPUs ...
[   28.619299] Entering suspend state LP1
[   28.619311] Enabling non-boot CPUs ...
[   28.620272] CPU1 is up
[   28.621107] CPU2 is up
[   28.622028] CPU3 is up
[   28.622700] pcieport 0000:00:02.0: nv_msi_ht_cap_quirk didn't locate host bridge
[   28.622704] pcieport 0000:00:01.0: nv_msi_ht_cap_quirk didn't locate host bridge
[   28.708817] tegra-hdmi 54280000.hdmi: cannot set audio to 48000 Hz at 297000000 Hz pixel clock
[   29.011198] ata1: SATA link down (SStatus 0 SControl 300)
[   31.676272] OOM killer enabled.
[   31.679410] Restarting tasks ... done.
root@(none):/# 
root@(none):/# [   31.683780] PM: suspend exit
rtcwake -d rtc1 -m mem -s 3
rtcwake: assuming RTC uses UTC ...
rtcwake: wakeup from "mem" using /dev/rtc1 at Thu Jan  1 00:01:02 1970
[   32.233098] PM: suspend entry (deep)
[   32.236690] PM: Syncing filesystems ... done.
[   32.242696] Freezing user space processes ... (elapsed 0.001 seconds) done.
[   32.243916] OOM killer disabled.
[   32.243918] Freezing remaining freezable tasks ... (elapsed 0.001 seconds) done.
[   32.245167] Suspending console(s) (use no_console_suspend to debug)
[   32.346886] pci_generic_config_write32: 46 callbacks suppressed
[   32.346893] pci_bus 0000:00: 2-byte config write to 0000:00:02.0 offset 0x9c may corrupt adjacent RW1C bits
[   32.346906] pci_bus 0000:00: 2-byte config write to 0000:00:01.0 offset 0x9c may corrupt adjacent RW1C bits
[   32.589495] Disabling non-boot CPUs ...
[   32.628624] IRQ17 no longer affine to CPU1
[   32.739226] Entering suspend state LP1
[   32.739238] Enabling non-boot CPUs ...
[   32.740200] CPU1 is up
[   32.741032] CPU2 is up
[   32.741947] CPU3 is up
[   32.742528] pci_bus 0000:00: 2-byte config write to 0000:00:01.0 offset 0x4c may corrupt adjacent RW1C bits
[   32.742538] pci_bus 0000:00: 2-byte config write to 0000:00:02.0 offset 0x4c may corrupt adjacent RW1C bits
[   32.742551] pci_bus 0000:00: 2-byte config write to 0000:00:01.0 offset 0x88 may corrupt adjacent RW1C bits
[   32.742557] pci_bus 0000:00: 2-byte config write to 0000:00:02.0 offset 0x88 may corrupt adjacent RW1C bits
[   32.742563] pci_bus 0000:00: 2-byte config write to 0000:00:01.0 offset 0x90 may corrupt adjacent RW1C bits
[   32.742569] pci_bus 0000:00: 2-byte config write to 0000:00:02.0 offset 0x90 may corrupt adjacent RW1C bits
[   32.742574] pci_bus 0000:00: 2-byte config write to 0000:00:01.0 offset 0x98 may corrupt adjacent RW1C bits
[   32.742580] pci_bus 0000:00: 2-byte config write to 0000:00:02.0 offset 0x98 may corrupt adjacent RW1C bits
[   32.742688] pcieport 0000:00:01.0: nv_msi_ht_cap_quirk didn't locate host bridge
[   32.742689] pcieport 0000:00:02.0: nv_msi_ht_cap_quirk didn't locate host bridge
[   32.818762] tegra-hdmi 54280000.hdmi: cannot set audio to 48000 Hz at 297000000 Hz pixel clock
[   33.111242] ata1: SATA link down (SStatus 0 SControl 300)
[   35.903374] OOM killer enabled.
[   35.906502] Restarting tasks ... done.
root@(none):/# 
root@(none):/# [   35.911017] PM: suspend exit
rtcwake -d rtc1 -m mem -s 3
rtcwake: assuming RTC uses UTC ...
rtcwake: wakeup from "mem" using /dev/rtc1 at Thu Jan  1 00:01:09 1970
[   36.354714] PM: suspend entry (deep)
[   36.358308] PM: Syncing filesystems ... done.
[   36.363809] Freezing user space processes ... (elapsed 0.001 seconds) done.
[   36.365099] OOM killer disabled.
[   36.365101] Freezing remaining freezable tasks ... (elapsed 0.001 seconds) done.
[   36.366402] Suspending console(s) (use no_console_suspend to debug)
[   36.699547] Disabling non-boot CPUs ...
[   36.848594] IRQ17 no longer affine to CPU3
[   36.849426] Entering suspend state LP1
[   36.849438] Enabling non-boot CPUs ...
[   36.850400] CPU1 is up
[   36.851231] CPU2 is up
[   36.852147] CPU3 is up
[   36.852802] pcieport 0000:00:02.0: nv_msi_ht_cap_quirk didn't locate host bridge
[   36.852807] pcieport 0000:00:01.0: nv_msi_ht_cap_quirk didn't locate host bridge
[   36.928776] tegra-hdmi 54280000.hdmi: cannot set audio to 48000 Hz at 297000000 Hz pixel clock
[   37.231186] ata1: SATA link down (SStatus 0 SControl 300)
[   39.900367] OOM killer enabled.
[   39.903498] Restarting tasks ... done.
[   39.987983] PM: suspend exit
root@(none):/# 
root@(none):/# rtcwake -d rtc1 -m mem -s 3
rtcwake: assuming RTC uses UTC ...
rtcwake: wakeup from "mem" using /dev/rtc1 at Thu Jan  1 00:01:16 1970
[   40.463701] PM: suspend entry (deep)
[   40.467293] PM: Syncing filesystems ... done.
[   40.473393] Freezing user space processes ... (elapsed 0.001 seconds) done.
[   40.474622] OOM killer disabled.
[   40.474624] Freezing remaining freezable tasks ... (elapsed 0.001 seconds) done.
[   40.475875] Suspending console(s) (use no_console_suspend to debug)
[   40.567971] pci_generic_config_write32: 46 callbacks suppressed
[   40.567979] pci_bus 0000:00: 2-byte config write to 0000:00:01.0 offset 0x9c may corrupt adjacent RW1C bits
[   40.568015] pci_bus 0000:00: 2-byte config write to 0000:00:02.0 offset 0x9c may corrupt adjacent RW1C bits
[   40.809246] Disabling non-boot CPUs ...
[   40.958508] IRQ17 no longer affine to CPU3
[   40.959209] Entering suspend state LP1
[   40.959221] Enabling non-boot CPUs ...
[   40.960184] CPU1 is up
[   40.961015] CPU2 is up
[   40.961936] CPU3 is up
[   40.962477] pci_bus 0000:00: 2-byte config write to 0000:00:02.0 offset 0x4c may corrupt adjacent RW1C bits
[   40.962488] pci_bus 0000:00: 2-byte config write to 0000:00:02.0 offset 0x88 may corrupt adjacent RW1C bits
[   40.962495] pci_bus 0000:00: 2-byte config write to 0000:00:02.0 offset 0x90 may corrupt adjacent RW1C bits
[   40.962504] pci_bus 0000:00: 2-byte config write to 0000:00:01.0 offset 0x4c may corrupt adjacent RW1C bits
[   40.962509] pci_bus 0000:00: 2-byte config write to 0000:00:02.0 offset 0x98 may corrupt adjacent RW1C bits
[   40.962515] pci_bus 0000:00: 2-byte config write to 0000:00:02.0 offset 0x9c may corrupt adjacent RW1C bits
[   40.962521] pci_bus 0000:00: 2-byte config write to 0000:00:02.0 offset 0xa8 may corrupt adjacent RW1C bits
[   40.962527] pci_bus 0000:00: 2-byte config write to 0000:00:02.0 offset 0xb0 may corrupt adjacent RW1C bits
[   40.962633] pcieport 0000:00:02.0: nv_msi_ht_cap_quirk didn't locate host bridge
[   40.962635] pcieport 0000:00:01.0: nv_msi_ht_cap_quirk didn't locate host bridge
[   41.038753] tegra-hdmi 54280000.hdmi: cannot set audio to 48000 Hz at 297000000 Hz pixel clock
[   41.341184] ata1: SATA link down (SStatus 0 SControl 300)
[   44.113472] OOM killer enabled.
[   44.116604] Restarting tasks ... done.
root@(none):/# 
root@(none):/# [   44.120973] PM: suspend exit
rtcwake -d rtc1 -m mem -s 3
rtcwake: assuming RTC uses UTC ...
rtcwake: wakeup from "mem" using /dev/rtc1 at Thu Jan  1 00:01:23 1970
[   44.574928] PM: suspend entry (deep)
[   44.578717] PM: Syncing filesystems ... done.
[   44.583880] Freezing user space processes ... (elapsed 0.001 seconds) done.
[   44.585167] OOM killer disabled.
[   44.585170] Freezing remaining freezable tasks ... (elapsed 0.001 seconds) done.
[   44.586474] Suspending console(s) (use no_console_suspend to debug)
[   44.919524] Disabling non-boot CPUs ...
[   44.978630] IRQ17 no longer affine to CPU1
[   45.089340] Entering suspend state LP1
[   45.089352] Enabling non-boot CPUs ...
[   45.090314] CPU1 is up
[   45.091145] CPU2 is up
[   45.092049] CPU3 is up
[   45.092750] pcieport 0000:00:02.0: nv_msi_ht_cap_quirk didn't locate host bridge
[   45.092753] pcieport 0000:00:01.0: nv_msi_ht_cap_quirk didn't locate host bridge
[   45.168703] tegra-hdmi 54280000.hdmi: cannot set audio to 48000 Hz at 297000000 Hz pixel clock
[   45.471094] ata1: SATA link down (SStatus 0 SControl 300)
[   48.140198] OOM killer enabled.
[   48.143328] Restarting tasks ... done.
root@(none):/# 
root@(none):/# [   48.147646] PM: suspend exit
NVTB SYSTEM SUSPEND TEST COMPLETE
