
U-Boot SPL 2014.01-00219-gc4d376f (Feb 18 2014 - 19:57:32)


U-Boot 2014.01-00219-gc4d376f (Feb 18 2014 - 19:57:32)

TEGRA114
Board: NVIDIA Dalmore
I2C:   ready
DRAM:  2 GiB
MMC:   Tegra SD/MMC: 0, Tegra SD/MMC: 1
In:    serial
Out:   serial
Err:   serial
Net:   Net Initialization Skipped
No ethernet found.
Hit any key to stop autoboot:  2  0 
Tegra114 (Dalmore) # 
Tegra114 (Dalmore) # usb reset
(Re)start USB...
USB0:   USB EHCI 1.10
scanning bus 0 for devices... 2 USB Device(s) found
       scanning usb for storage devices... 0 Storage Device(s) found
       scanning usb for ethernet devices... 
Warning: asx0 using MAC address from net device
1 Ethernet Device(s) found
Tegra114 (Dalmore) # setenv bootargs 'ignore_loglevel console=ttyS0,115200n8 rw root=PARTUUID=7369c667-ff51-ec4a-29cd-baabf2fbe346 rootwait gpt debug earlyprintk init=/bin/bash'
Tegra114 (Dalmore) # setenv ipaddr 192.168.100.100; setenv serverip 192.168.100.1; setenv tftpserverip 192.168.100.1
Tegra114 (Dalmore) # tftpboot 0x81000000 zImage.tegra_defconfig
Using asx0 device
TFTP from server 192.168.100.1; our IP address is 192.168.100.100
Filename 'zImage.tegra_defconfig'.
Load address: 0x81000000
Loading: *#################################################################
	 #################################################################
	 #################################################################
	 #################################################################
	 #################################################################
	 #####################################################
	 3.1 MiB/s
done
Bytes transferred = 5537568 (547f20 hex)
Tegra114 (Dalmore) # tftpboot 0x82000000 tegra114-dalmore.dtb
Using asx0 device
TFTP from server 192.168.100.1; our IP address is 192.168.100.100
Filename 'tegra114-dalmore.dtb'.
Load address: 0x82000000
Loading: *###
	 2.8 MiB/s
done
Bytes transferred = 35044 (88e4 hex)
Tegra114 (Dalmore) # bootz 0x81000000 - 0x82000000
Kernel image @ 0x81000000 [ 0x000000 - 0x547f20 ]
## Flattened Device Tree blob at 82000000
   Booting using the fdt blob at 0x82000000
   Loading Device Tree to 8fff4000, end 8ffff8e3 ... OK

Starting kernel ...

Uncompressing Linux... done, booting the kernel.
[    0.000000] Booting Linux on physical CPU 0x0
[    0.000000] Linux version 4.10.0-rc4-next-20170120-146976-g567192f (pwalmsley@kaivo) (gcc version 4.7.3 20130328 (prerelease) (crosstool-NG linaro-1.13.1-4.7-2013.04-20130415 - Linaro GCC 2013.04) ) #1 SMP PREEMPT Thu Jan 19 21:19:51 PST 2017
[    0.000000] CPU: ARMv7 Processor [412fc0f2] revision 2 (ARMv7), cr=10c5387d
[    0.000000] CPU: div instructions available: patching division code
[    0.000000] CPU: PIPT / VIPT nonaliasing data cache, PIPT instruction cache
[    0.000000] OF: fdt:Machine model: NVIDIA Tegra114 Dalmore evaluation board
[    0.000000] debug: ignoring loglevel setting.
[    0.000000] bootconsole [earlycon0] enabled
[    0.000000] cma: Reserved 64 MiB at 0xfbc00000
[    0.000000] Memory policy: Data cache writealloc
[    0.000000] On node 0 totalpages: 524032
[    0.000000] free_area_init_node: node 0, pgdat c0d5f100, node_mem_map eeff7000
[    0.000000]   Normal zone: 1536 pages used for memmap
[    0.000000]   Normal zone: 0 pages reserved
[    0.000000]   Normal zone: 196608 pages, LIFO batch:31
[    0.000000]   HighMem zone: 327424 pages, LIFO batch:31
[    0.000000] percpu: Embedded 16 pages/cpu @eef9b000 s34496 r8192 d22848 u65536
[    0.000000] pcpu-alloc: s34496 r8192 d22848 u65536 alloc=16*4096
[    0.000000] pcpu-alloc: [0] 0 [0] 1 [0] 2 [0] 3 
[    0.000000] Built 1 zonelists in Zone order, mobility grouping on.  Total pages: 522496
[    0.000000] Kernel command line: ignore_loglevel console=ttyS0,115200n8 rw root=PARTUUID=7369c667-ff51-ec4a-29cd-baabf2fbe346 rootwait gpt debug earlyprintk init=/bin/bash
[    0.000000] PID hash table entries: 4096 (order: 2, 16384 bytes)
[    0.000000] Dentry cache hash table entries: 131072 (order: 7, 524288 bytes)
[    0.000000] Inode-cache hash table entries: 65536 (order: 6, 262144 bytes)
[    0.000000] Memory: 1999924K/2096128K available (8192K kernel code, 385K rwdata, 2480K rodata, 1024K init, 368K bss, 30668K reserved, 65536K cma-reserved, 1244160K highmem)
[    0.000000] Virtual kernel memory layout:
[    0.000000]     vector  : 0xffff0000 - 0xffff1000   (   4 kB)
[    0.000000]     fixmap  : 0xffc00000 - 0xfff00000   (3072 kB)
[    0.000000]     vmalloc : 0xf0800000 - 0xff800000   ( 240 MB)
[    0.000000]     lowmem  : 0xc0000000 - 0xf0000000   ( 768 MB)
[    0.000000]     pkmap   : 0xbfe00000 - 0xc0000000   (   2 MB)
[    0.000000]     modules : 0xbf000000 - 0xbfe00000   (  14 MB)
[    0.000000]       .text : 0xc0008000 - 0xc0900000   (9184 kB)
[    0.000000]       .init : 0xc0c00000 - 0xc0d00000   (1024 kB)
[    0.000000]       .data : 0xc0d00000 - 0xc0d607c0   ( 386 kB)
[    0.000000]        .bss : 0xc0d62000 - 0xc0dbe34c   ( 369 kB)
[    0.000000] Preemptible hierarchical RCU implementation.
[    0.000000] 	Build-time adjustment of leaf fanout to 32.
[    0.000000] NR_IRQS:16 nr_irqs:16 16
[    0.000000] /interrupt-controller@60004000: 160 interrupts forwarded to /interrupt-controller@50041000
[    0.000000] Tegra clk 127: register failed with -17
[    0.000008] sched_clock: 32 bits at 1000kHz, resolution 1000ns, wraps every 2147483647500ns
[    0.007767] clocksource: timer_us: mask: 0xffffffff max_cycles: 0xffffffff, max_idle_ns: 1911260446275 ns
[    0.017381] Switching to timer-based delay loop, resolution 1000ns
[    0.024425] arm_arch_timer: Architected cp15 timer(s) running at 12.00MHz (virt).
[    0.031165] clocksource: arch_sys_counter: mask: 0xffffffffffffff max_cycles: 0x2c47f4ee7, max_idle_ns: 440795202497 ns
[    0.041998] sched_clock: 56 bits at 12MHz, resolution 83ns, wraps every 4398046511096ns
[    0.050053] Switching to timer-based delay loop, resolution 83ns
[    0.056559] Console: colour dummy device 80x30
[    0.060639] Calibrating delay loop (skipped), value calculated using timer frequency.. 24.00 BogoMIPS (lpj=120000)
[    0.071036] pid_max: default: 32768 minimum: 301
[    0.076210] Mount-cache hash table entries: 2048 (order: 1, 8192 bytes)
[    0.082393] Mountpoint-cache hash table entries: 2048 (order: 1, 8192 bytes)
[    0.090303] CPU: Testing write buffer coherency: ok
[    0.094715] /cpus/cpu@0 missing clock-frequency property
[    0.099815] /cpus/cpu@1 missing clock-frequency property
[    0.105209] /cpus/cpu@2 missing clock-frequency property
[    0.110563] /cpus/cpu@3 missing clock-frequency property
[    0.115934] CPU0: thread -1, cpu 0, socket 0, mpidr 80000000
[    0.146011] Setting up static identity map for 0x80100000 - 0x80100098
[    0.176447] Tegra Revision: A01 SKU: 0 CPU Process: 1 SoC Process: 0
[    0.181764] smp: Bringing up secondary CPUs ...
[    0.246707] CPU1: thread -1, cpu 1, socket 0, mpidr 80000001
[    0.316800] CPU2: thread -1, cpu 2, socket 0, mpidr 80000002
[    0.386907] CPU3: thread -1, cpu 3, socket 0, mpidr 80000003
[    0.386997] smp: Brought up 1 node, 4 CPUs
[    0.406433] SMP: Total of 4 processors activated (96.00 BogoMIPS).
[    0.412682] CPU: All CPU(s) started in SVC mode.
[    0.419193] devtmpfs: initialized
[    0.433518] VFP support v0.3: implementor 41 architecture 4 part 30 variant f rev 0
[    0.439672] clocksource: jiffies: mask: 0xffffffff max_cycles: 0xffffffff, max_idle_ns: 19112604462750000 ns
[    0.450490] pinctrl core: initialized pinctrl subsystem
[    0.455855] NET: Registered protocol family 16
[    0.460311] DMA: preallocated 256 KiB pool for atomic coherent allocations
[    0.467856] cpuidle: using governor menu
[    0.492821] No ATAGs?
[    0.492969] hw-breakpoint: found 5 (+1 reserved) breakpoint and 4 watchpoint registers.
[    0.501504] hw-breakpoint: maximum watchpoint size is 8 bytes.
[    0.508380] tegra-mc 70019000.memory-controller: no memory timings for RAM code 3 registered
[    0.533322] dvdd_ts: Failed to request enable GPIO61: -517
[    0.537014] reg-fixed-voltage regulators:regulator@1: Failed to register regulator: -517
[    0.545230] usb1_vbus: Failed to request enable GPIO108: -517
[    0.550959] reg-fixed-voltage regulators:regulator@3: Failed to register regulator: -517
[    0.559179] usb2_vbus: Failed to request enable GPIO86: -517
[    0.564824] reg-fixed-voltage regulators:regulator@4: Failed to register regulator: -517
[    0.573434] VDD_5V0_HDMI_CON: Failed to request enable GPIO81: -517
[    0.579297] reg-fixed-voltage regulators:regulator@7: Failed to register regulator: -517
[    0.588660] vgaarb: loaded
[    0.591005] SCSI subsystem initialized
[    0.594255] libata version 3.00 loaded.
[    0.598295] usbcore: registered new interface driver usbfs
[    0.603553] usbcore: registered new interface driver hub
[    0.608934] usbcore: registered new device driver usb
[    0.617071] tps65090 2-0048: No cache defaults, reading back from HW
[    0.623571] TPS65090_RAILSDCDC1: supplied by vdd_ac_bat
[    0.628172] TPS65090_RAILSDCDC2: supplied by vdd_ac_bat
[    0.633411] TPS65090_RAILSDCDC3: supplied by vdd_ac_bat
[    0.638174] TPS65090_RAILSFET1: supplied by vdd_ac_bat
[    0.643214] TPS65090_RAILSFET2: supplied by vdd_ac_bat
[    0.648407] TPS65090_RAILSFET3: supplied by vdd-sys-3v3
[    0.653864] TPS65090_RAILSFET4: supplied by vdd-sys-3v3
[    0.659149] TPS65090_RAILSFET5: supplied by vdd-sys-3v3
[    0.664429] TPS65090_RAILSFET6: supplied by vdd-sys-3v3
[    0.670046] TPS65090_RAILSFET7: supplied by vdd-sys-3v3
[    0.675000] TPS65090_RAILSLDO1: supplied by vdd_ac_bat
[    0.679887] TPS65090_RAILSLDO2: supplied by vdd_ac_bat
[    0.685634] palmas 2-0058: Irq flag is 0x00000004
[    0.691753] palmas 2-0058: Muxing GPIO ff, PWM 0, LED 0
[    0.697594] SMPS12: supplied by vdd-ao
[    0.700638] vdd_hdmi_5v0: supplied by vdd-sys-5v0
[    0.705129] SMPS3: supplied by vdd-ao
[    0.709854] SMPS457: supplied by vdd-sys-3v3
[    0.715405] SMPS8: supplied by vdd-sys-3v3
[    0.718590] random: fast init done
[    0.721962] SMPS9: supplied by vdd-sys-3v3
[    0.725839] sdhci-vdd-sd-slot: Bringing 2840000uV into 2800000-2800000uV
[    0.735136] LDO1: supplied by vdd-sys-3v3
[    0.738589] LDO2: supplied by vdd-sys-3v3
[    0.742687] LDO3: supplied by vddio-1v8
[    0.746562] LDO4: supplied by vdd-sys-3v3
[    0.750648] LDO5: supplied by vdd_ac_bat
[    0.754222] LDO6: supplied by vdd-sys-3v3
[    0.757961] vdd-sensor-2v85: Bringing 2900000uV into 2850000-2850000uV
[    0.765525] LDO7: supplied by vdd-sys-3v3
[    0.769927] LDO8: supplied by vdd-ao
[    0.772274] vdd-rtc: Bringing 675000uV into 900000-900000uV
[    0.788160] LDO9: supplied by sdhci-vdd-sd-slot
[    0.798495] LDOLN: supplied by vdd-sys-5v0
[    0.802058] LDOUSB: supplied by vdd-sys-5v0
[    0.811313] Linux video capture interface: v2.00
[    0.814184] pps_core: LinuxPPS API ver. 1 registered
[    0.819153] pps_core: Software ver. 5.3.6 - Copyright 2005-2007 Rodolfo Giometti <giometti@linux.it>
[    0.828360] PTP clock support registered
[    0.832995] Advanced Linux Sound Architecture Driver Initialized.
[    0.839251] Bluetooth: Core ver 2.22
[    0.842154] NET: Registered protocol family 31
[    0.846624] Bluetooth: HCI device and connection manager initialized
[    0.853025] Bluetooth: HCI socket layer initialized
[    0.857978] Bluetooth: L2CAP socket layer initialized
[    0.863106] Bluetooth: SCO socket layer initialized
[    0.869360] clocksource: Switched to clocksource arch_sys_counter
[    0.889230] NET: Registered protocol family 2
[    0.892979] TCP established hash table entries: 8192 (order: 3, 32768 bytes)
[    0.898960] TCP bind hash table entries: 8192 (order: 4, 65536 bytes)
[    0.905573] TCP: Hash tables configured (established 8192 bind 8192)
[    0.912286] UDP hash table entries: 512 (order: 2, 16384 bytes)
[    0.917798] UDP-Lite hash table entries: 512 (order: 2, 16384 bytes)
[    0.924527] NET: Registered protocol family 1
[    0.929288] RPC: Registered named UNIX socket transport module.
[    0.934602] RPC: Registered udp transport module.
[    0.939342] RPC: Registered tcp transport module.
[    0.944109] RPC: Registered tcp NFSv4.1 backchannel transport module.
[    0.950629] PCI: CLS 0 bytes, default 64
[    0.957615] futex hash table entries: 1024 (order: 4, 65536 bytes)
[    0.962731] workingset: timestamp_bits=30 max_order=19 bucket_order=0
[    0.970122] squashfs: version 4.0 (2009/01/31) Phillip Lougher
[    0.975151] NFS: Registering the id_resolver key type
[    0.979577] Key type id_resolver registered
[    0.983721] Key type id_legacy registered
[    0.992532] bounce: pool size: 64 pages
[    0.994547] io scheduler noop registered (default)
[    0.999454] io scheduler mq-deadline registered
[    1.021297] tegra-apbdma 6000a000.dma: Tegra20 APB DMA driver register 32 channels
[    1.027724] tegra-pmc 7000e400.pmc: i2c-thermtrip node not found, emergency thermal reset disabled.
[    1.036697] Serial: 8250/16550 driver, 4 ports, IRQ sharing disabled
[    1.044728] console [ttyS0] disabled
[    1.046523] 70006300.serial: ttyS0 at MMIO 0x70006300 (irq = 329, base_baud = 25500000) is a Tegra
[    1.055558] console [ttyS0] enabled
[    1.055558] console [ttyS0] enabled
[    1.061868] bootconsole [earlycon0] disabled
[    1.061868] bootconsole [earlycon0] disabled
[    1.073121] tegra-hdmi 54280000.hdmi: failed to get HDMI regulator
[    1.095755] loop: module loaded
[    1.110707] m25p80 spi32766.0: w25q32dw (4096 Kbytes)
[    1.118057] libphy: Fixed MDIO Bus: probed
[    1.122210] CAN device driver interface
[    1.126104] igb: Intel(R) Gigabit Ethernet Network Driver - version 5.4.0-k
[    1.133086] igb: Copyright (c) 2007-2014 Intel Corporation.
[    1.138834] pegasus: v0.9.3 (2013/04/25), Pegasus/Pegasus II USB Ethernet driver
[    1.146347] usbcore: registered new interface driver pegasus
[    1.152122] usbcore: registered new interface driver asix
[    1.157578] usbcore: registered new interface driver ax88179_178a
[    1.163779] usbcore: registered new interface driver cdc_ether
[    1.169722] usbcore: registered new interface driver smsc75xx
[    1.175541] usbcore: registered new interface driver smsc95xx
[    1.181393] usbcore: registered new interface driver net1080
[    1.187107] usbcore: registered new interface driver cdc_subset
[    1.193108] usbcore: registered new interface driver zaurus
[    1.198760] usbcore: registered new interface driver cdc_ncm
[    1.204869] ehci_hcd: USB 2.0 'Enhanced' Host Controller (EHCI) Driver
[    1.211411] ehci-pci: EHCI PCI platform driver
[    1.215917] tegra-ehci: Tegra EHCI driver
[    1.220611] usbcore: registered new interface driver cdc_acm
[    1.226263] cdc_acm: USB Abstract Control Model driver for USB modems and ISDN adapters
[    1.234344] usbcore: registered new interface driver cdc_wdm
[    1.240113] usbcore: registered new interface driver usb-storage
[    1.246600] mousedev: PS/2 mouse device common for all mice
[    1.256471] palmas-rtc 7000d000.i2c:tps65913@58:rtc: rtc core: registered 7000d000.i2c:tps659 as rtc0
[    1.267179] tegra_rtc 7000e000.rtc: rtc core: registered 7000e000.rtc as rtc1
[    1.274372] tegra_rtc 7000e000.rtc: Tegra internal Real Time Clock
[    1.280855] i2c /dev entries driver
[    1.285339] usbcore: registered new interface driver uvcvideo
[    1.291102] USB Video Class driver (1.1.1)
[    1.295194] gspca_main: v2.14.0 registered
[    1.300231] sbs-battery 0-000b: sbs_probe: Failed to get device status
[    1.306767] sbs-battery: probe of 0-000b failed with error -121
[    1.317848] tegra-wdt 60005000.timer: initialized (heartbeat = 120 sec, nowayout = 0)
[    1.326301] sdhci: Secure Digital Host Controller Interface driver
[    1.332567] sdhci: Copyright(c) Pierre Ossman
[    1.336918] sdhci-pltfm: SDHCI platform and OF driver helper
[    1.342853] sdhci-tegra 78000400.sdhci: Got CD GPIO
[    1.347741] sdhci-tegra 78000400.sdhci: Got WP GPIO
[    1.353823] mmc0: Invalid maximum block size, assuming 512 bytes
[    1.419586] mmc0: SDHCI controller on 78000400.sdhci [78000400.sdhci] using ADMA
[    1.429321] mmc1: Invalid maximum block size, assuming 512 bytes
[    1.499420] mmc1: SDHCI controller on 78000600.sdhci [78000600.sdhci] using ADMA
[    1.516755] usbcore: registered new interface driver usbhid
[    1.524421] usbhid: USB HID core driver
[    1.564701] mmc0: new high speed SDHC card at address aaaa
[    1.570885] mmcblk0: mmc0:aaaa SL16G 14.8 GiB 
[    1.591930]  mmcblk0: p1 p2 p3
[    1.597022] mmc1: new high speed MMC card at address 0001
[    1.603131] mmcblk1: mmc1:0001 SEM32G 29.1 GiB 
[    1.608066] mmcblk1boot0: mmc1:0001 SEM32G partition 1 4.00 MiB
[    1.614427] mmcblk1boot1: mmc1:0001 SEM32G partition 2 4.00 MiB
[    1.620749] mmcblk1rpmb: mmc1:0001 SEM32G partition 3 4.00 MiB
[    1.629247]  mmcblk1: p1 p2 p3 p4 p5 p6 p7 p8
[    1.982976] tegra30-i2s 70080400.i2s: DMA channels sourced from device 70080000.ahub
[    1.999418] tegra-snd-rt5640 sound: rt5640-aif1 <-> 70080400.i2s mapping ok
[    2.011119] input: NVIDIA Tegra Dalmore Headphones as /devices/soc0/sound/sound/card0/input0
[    2.021848] NET: Registered protocol family 10
[    2.027654] Segment Routing with IPv6
[    2.031516] mip6: Mobile IPv6
[    2.034484] sit: IPv6, IPv4 and MPLS over IPv4 tunneling driver
[    2.042092] NET: Registered protocol family 17
[    2.046548] NET: Registered protocol family 15
[    2.051012] can: controller area network core (rev 20120528 abi 9)
[    2.057298] NET: Registered protocol family 29
[    2.061759] can: raw protocol (rev 20120528)
[    2.066025] can: broadcast manager protocol (rev 20161123 t)
[    2.071700] can: netlink gateway (rev 20130117) max_hops=1
[    2.077376] Bluetooth: RFCOMM socket layer initialized
[    2.082551] Bluetooth: RFCOMM ver 1.11
[    2.086307] Bluetooth: BNEP (Ethernet Emulation) ver 1.3
[    2.091636] Bluetooth: BNEP socket layer initialized
[    2.096593] Bluetooth: HIDP (Human Interface Emulation) ver 1.2
[    2.102529] Bluetooth: HIDP socket layer initialized
[    2.107697] Key type dns_resolver registered
[    2.112594] Registering SWP/SWPB emulation handler
[    2.134442] usb1_vbus: supplied by vdd-sys-5v0
[    2.139717] usb2_vbus: supplied by vdd-sys-5v0
[    2.145877] VDD_5V0_HDMI_CON: supplied by vdd-sys-5v0
[    2.154893] [drm] Supports vblank timestamp caching Rev 2 (21.10.2013).
[    2.161560] [drm] No driver support for vblank timestamp query.
[    2.261168] Console: switching to colour frame buffer device 240x75
[    2.300741] drm drm: fb0:  frame buffer device
[    2.305283] [drm] Initialized tegra 0.0.0 20120330 for drm on minor 0
[    2.315383] tegra-ehci 7d008000.usb: EHCI Host Controller
[    2.320838] tegra-ehci 7d008000.usb: new USB bus registered, assigned bus number 1
[    2.328725] tegra-ehci 7d008000.usb: irq 339, io mem 0x7d008000
[    2.369503] tegra-ehci 7d008000.usb: USB 2.0 started, EHCI 1.10
[    2.376878] hub 1-0:1.0: USB hub found
[    2.380763] hub 1-0:1.0: 1 port detected
[    2.385936] input: gpio-keys as /devices/soc0/gpio-keys/input/input1
[    2.394759] palmas-rtc 7000d000.i2c:tps65913@58:rtc: setting system clock to 2000-11-13 16:51:26 UTC (974134286)
[    2.409551] dvdd_ts: disabling
[    2.412617] usb1_vbus: disabling
[    2.415846] vdd_cam_1v8_reg: disabling
[    2.419635] ALSA device list:
[    2.422613]   #0: NVIDIA Tegra Dalmore
[    2.427694] EXT4-fs (mmcblk1p1): mounting ext3 file system using the ext4 subsystem
[    2.450999] EXT4-fs (mmcblk1p1): recovery complete
[    2.455804] EXT4-fs (mmcblk1p1): mounted filesystem with ordered data mode. Opts: (null)
[    2.464030] VFS: Mounted root (ext3 filesystem) on device 179:17.
[    2.476150] devtmpfs: mounted
[    2.480285] Freeing unused kernel memory: 1024K
bash: cannot set terminal process group (-1): Inappropriate ioctl for device
bash: no job control in this shell
root@(none):/# [    2.739532] usb 1-1: new high-speed USB device number 2 using tegra-ehci
mount -t sysfs none /sys
root@(none):/# 
root@(none):/# [    3.415053] asix 1-1:1.0 eth0: register 'asix' at usb-7d008000.usb-1, ASIX AX88772 USB 2.0 Ethernet, 00:50:b6:0d:b5:16
mount -t debugfs none /sys/kernel/debug
root@(none):/# 
root@(none):/# rtcwake -d rtc1 -m mem -s 3
rtcwake: assuming RTC uses UTC ...
rtcwake: wakeup from "mem" using /dev/rtc1 at Thu Jan  1 00:00:18 1970
[    5.266783] PM: Syncing filesystems ... done.
[    5.273554] Freezing user space processes ... (elapsed 0.001 seconds) done.
[    5.274843] Freezing remaining freezable tasks ... (elapsed 0.001 seconds) done.
[    5.276198] Suspending console(s) (use no_console_suspend to debug)
[    5.421960] PM: suspend of devices complete after 91.198 msecs
[    5.423862] PM: late suspend of devices complete after 1.885 msecs
[    5.425403] PM: noirq suspend of devices complete after 1.529 msecs
[    5.425408] Disabling non-boot CPUs ...
[    5.479876] IRQ17 no longer affine to CPU1
[    5.480207] CPU1: shutdown
[    5.580162] ------------[ cut here ]------------
[    5.580182] WARNING: CPU: 2 PID: 19 at kernel/sched/sched.h:804 set_next_entity+0xbcc/0xf20
[    5.580187] rq->clock_update_flags < RQCF_ACT_SKIP
[    5.580192] Modules linked in:
[    5.580207] CPU: 2 PID: 19 Comm: migration/2 Not tainted 4.10.0-rc4-next-20170120-146976-g567192f #1
[    5.580212] Hardware name: NVIDIA Tegra SoC (Flattened Device Tree)
[    5.580243] [<c010f358>] (unwind_backtrace) from [<c010a900>] (show_stack+0x10/0x14)
[    5.580260] [<c010a900>] (show_stack) from [<c0353d5c>] (dump_stack+0x84/0xa4)
[    5.580276] [<c0353d5c>] (dump_stack) from [<c011fbbc>] (__warn+0xd4/0x100)
[    5.580292] [<c011fbbc>] (__warn) from [<c011fc88>] (warn_slowpath_fmt+0x38/0x48)
[    5.580305] [<c011fc88>] (warn_slowpath_fmt) from [<c014c0fc>] (set_next_entity+0xbcc/0xf20)
[    5.580317] [<c014c0fc>] (set_next_entity) from [<c01574fc>] (pick_next_task_fair+0x78/0x598)
[    5.580331] [<c01574fc>] (pick_next_task_fair) from [<c014715c>] (sched_cpu_dying+0x24c/0x2d4)
[    5.580346] [<c014715c>] (sched_cpu_dying) from [<c011fce4>] (cpuhp_invoke_callback+0x4c/0x124)
[    5.580360] [<c011fce4>] (cpuhp_invoke_callback) from [<c012015c>] (take_cpu_down+0x64/0xa8)
[    5.580378] [<c012015c>] (take_cpu_down) from [<c01a497c>] (multi_cpu_stop+0xe4/0x110)
[    5.580393] [<c01a497c>] (multi_cpu_stop) from [<c01a45e8>] (cpu_stopper_thread+0x7c/0x128)
[    5.580410] [<c01a45e8>] (cpu_stopper_thread) from [<c013dca0>] (smpboot_thread_fn+0x180/0x2b4)
[    5.580425] [<c013dca0>] (smpboot_thread_fn) from [<c013a4ec>] (kthread+0xfc/0x134)
[    5.580437] [<c013a4ec>] (kthread) from [<c0107938>] (ret_from_fork+0x14/0x3c)
[    5.580444] ---[ end trace 03a8265d7ed84151 ]---
[    5.580511] CPU2: shutdown
[    5.690121] CPU3: shutdown
[    5.740896] Entering suspend state LP1
[    5.740896] Suspended for 6.752 seconds
[    5.740940] Enabling non-boot CPUs ...
[    5.771222] CPU1 is up
[    5.811391] CPU2 is up
[    5.851686] CPU3 is up
[    5.852564] PM: noirq resume of devices complete after 0.866 msecs
[    5.854531] PM: early resume of devices complete after 1.335 msecs
[    6.452510] PM: resume of devices complete after 597.962 msecs
[    6.677235] Restarting tasks ... done.
root@(none):/# 
root@(none):/# rtcwake -d rtc1 -m mem -s 3
rtcwake: assuming RTC uses UTC ...
rtcwake: wakeup from "mem" using /dev/rtc1 at Thu Jan  1 00:00:27 1970
[    7.538638] PM: Syncing filesystems ... done.
[    7.544221] Freezing user space processes ... (elapsed 0.001 seconds) done.
[    7.545581] Freezing remaining freezable tasks ... (elapsed 0.001 seconds) done.
[    7.546979] Suspending console(s) (use no_console_suspend to debug)
[    7.691500] PM: suspend of devices complete after 91.703 msecs
[    7.693342] PM: late suspend of devices complete after 1.825 msecs
[    7.694833] PM: noirq suspend of devices complete after 1.479 msecs
[    7.694838] Disabling non-boot CPUs ...
[    7.730135] CPU1: shutdown
[    7.840144] CPU2: shutdown
[    7.939686] IRQ17 no longer affine to CPU3
[    7.940089] CPU3: shutdown
[    7.991029] Entering suspend state LP1
[    7.991029] Suspended for 8.333 seconds
[    7.991074] Enabling non-boot CPUs ...
[    8.021199] CPU1 is up
[    8.061355] CPU2 is up
[    8.101656] CPU3 is up
[    8.102594] PM: noirq resume of devices complete after 0.926 msecs
[    8.104679] PM: early resume of devices complete after 1.444 msecs
[    8.700585] PM: resume of devices complete after 595.887 msecs
[    8.772453] Restarting tasks ... done.
root@(none):/# 
root@(none):/# rtcwake -d rtc1 -m mem -s 3
rtcwake: assuming RTC uses UTC ...
rtcwake: wakeup from "mem" using /dev/rtc1 at Thu Jan  1 00:00:37 1970
[    9.198005] PM: Syncing filesystems ... done.
[    9.203192] Freezing user space processes ... (elapsed 0.001 seconds) done.
[    9.204418] Freezing remaining freezable tasks ... (elapsed 0.001 seconds) done.
[    9.205799] Suspending console(s) (use no_console_suspend to debug)
[    9.341232] PM: suspend of devices complete after 91.177 msecs
[    9.343129] PM: late suspend of devices complete after 1.880 msecs
[    9.344646] PM: noirq suspend of devices complete after 1.506 msecs
[    9.344652] Disabling non-boot CPUs ...
[    9.379739] IRQ17 no longer affine to CPU1
[    9.380082] CPU1: shutdown
[    9.480125] CPU2: shutdown
[    9.590004] CPU3: shutdown
[    9.640693] Entering suspend state LP1
[    9.640693] Suspended for 6.767 seconds
[    9.640737] Enabling non-boot CPUs ...
[    9.671141] CPU1 is up
[    9.711297] CPU2 is up
[    9.751603] CPU3 is up
[    9.752360] PM: noirq resume of devices complete after 0.745 msecs
[    9.754751] PM: early resume of devices complete after 1.732 msecs
[   10.352506] PM: resume of devices complete after 597.738 msecs
[   10.424270] Restarting tasks ... done.
root@(none):/# 
root@(none):/# rtcwake -d rtc1 -m mem -s 3
rtcwake: assuming RTC uses UTC ...
rtcwake: wakeup from "mem" using /dev/rtc1 at Thu Jan  1 00:00:46 1970
[   11.435773] PM: Syncing filesystems ... done.
[   11.441289] Freezing user space processes ... (elapsed 0.001 seconds) done.
[   11.442636] Freezing remaining freezable tasks ... (elapsed 0.001 seconds) done.
[   11.444027] Suspending console(s) (use no_console_suspend to debug)
[   11.591419] PM: suspend of devices complete after 91.954 msecs
[   11.593052] PM: late suspend of devices complete after 1.617 msecs
[   11.594547] PM: noirq suspend of devices complete after 1.483 msecs
[   11.594553] Disabling non-boot CPUs ...
[   11.629688] IRQ17 no longer affine to CPU1
[   11.630031] CPU1: shutdown
[   11.730060] CPU2: shutdown
[   11.829960] CPU3: shutdown
[   11.880626] Entering suspend state LP1
[   11.880626] Suspended for 8.343 seconds
[   11.880671] Enabling non-boot CPUs ...
[   11.911101] CPU1 is up
[   11.951237] CPU2 is up
[   11.991540] CPU3 is up
[   11.992229] PM: noirq resume of devices complete after 0.678 msecs
[   11.994296] PM: early resume of devices complete after 1.433 msecs
[   12.592321] PM: resume of devices complete after 598.006 msecs
[   12.664181] Restarting tasks ... done.
root@(none):/# 
root@(none):/# rtcwake -d rtc1 -m mem -s 3
rtcwake: assuming RTC uses UTC ...
rtcwake: wakeup from "mem" using /dev/rtc1 at Thu Jan  1 00:00:56 1970
[   13.099840] PM: Syncing filesystems ... done.
[   13.105526] Freezing user space processes ... (elapsed 0.001 seconds) done.
[   13.106878] Freezing remaining freezable tasks ... (elapsed 0.001 seconds) done.
[   13.108270] Suspending console(s) (use no_console_suspend to debug)
[   13.251104] PM: suspend of devices complete after 94.901 msecs
[   13.252743] PM: late suspend of devices complete after 1.623 msecs
[   13.254281] PM: noirq suspend of devices complete after 1.526 msecs
[   13.254286] Disabling non-boot CPUs ...
[   13.289980] CPU1: shutdown
[   13.390019] CPU2: shutdown
[   13.499525] IRQ17 no longer affine to CPU3
[   13.499911] CPU3: shutdown
[   13.550630] Entering suspend state LP1
[   13.550630] Suspended for 6.746 seconds
[   13.550674] Enabling non-boot CPUs ...
[   13.581045] CPU1 is up
[   13.621186] CPU2 is up
[   13.661501] CPU3 is up
[   13.662158] PM: noirq resume of devices complete after 0.644 msecs
[   13.663946] PM: early resume of devices complete after 1.140 msecs
[   14.262399] PM: resume of devices complete after 598.434 msecs
[   14.334266] Restarting tasks ... done.
root@(none):/# 
root@(none):/# rtcwake -d rtc1 -m mem -s 3
rtcwake: assuming RTC uses UTC ...
rtcwake: wakeup from "mem" using /dev/rtc1 at Thu Jan  1 00:01:05 1970
[   15.347736] PM: Syncing filesystems ... done.
[   15.353143] Freezing user space processes ... (elapsed 0.001 seconds) done.
[   15.354378] Freezing remaining freezable tasks ... (elapsed 0.001 seconds) done.
[   15.355756] Suspending console(s) (use no_console_suspend to debug)
[   15.501484] PM: suspend of devices complete after 92.574 msecs
[   15.503081] PM: late suspend of devices complete after 1.581 msecs
[   15.504601] PM: noirq suspend of devices complete after 1.509 msecs
[   15.504607] Disabling non-boot CPUs ...
[   15.539618] IRQ17 no longer affine to CPU1
[   15.539972] CPU1: shutdown
[   15.639971] CPU2: shutdown
[   15.739850] CPU3: shutdown
[   15.790530] Entering suspend state LP1
[   15.790530] Suspended for 8.343 seconds
[   15.790575] Enabling non-boot CPUs ...
[   15.820999] CPU1 is up
[   15.861153] CPU2 is up
[   15.901456] CPU3 is up
[   15.902131] PM: noirq resume of devices complete after 0.663 msecs
[   15.904244] PM: early resume of devices complete after 1.479 msecs
[   16.502243] PM: resume of devices complete after 597.982 msecs
[   16.574055] Restarting tasks ... done.
root@(none):/# 
root@(none):/# rtcwake -d rtc1 -m mem -s 3
rtcwake: assuming RTC uses UTC ...
rtcwake: wakeup from "mem" using /dev/rtc1 at Thu Jan  1 00:01:15 1970
[   16.995165] PM: Syncing filesystems ... done.
[   17.000635] Freezing user space processes ... (elapsed 0.001 seconds) done.
[   17.001979] Freezing remaining freezable tasks ... (elapsed 0.001 seconds) done.
[   17.003376] Suspending console(s) (use no_console_suspend to debug)
[   17.141340] PM: suspend of devices complete after 91.641 msecs
[   17.143294] PM: late suspend of devices complete after 1.938 msecs
[   17.144911] PM: noirq suspend of devices complete after 1.605 msecs
[   17.144916] Disabling non-boot CPUs ...
[   17.179561] IRQ17 no longer affine to CPU1
[   17.179908] CPU1: shutdown
[   17.279906] CPU2: shutdown
[   17.389789] CPU3: shutdown
[   17.440505] Entering suspend state LP1
[   17.440505] Suspended for 6.767 seconds
[   17.440550] Enabling non-boot CPUs ...
[   17.470943] CPU1 is up
[   17.511090] CPU2 is up
[   17.551390] CPU3 is up
[   17.552050] PM: noirq resume of devices complete after 0.648 msecs
[   17.554156] PM: early resume of devices complete after 1.465 msecs
[   18.156259] PM: resume of devices complete after 602.086 msecs
[   18.228367] Restarting tasks ... done.
root@(none):/# 
root@(none):/# rtcwake -d rtc1 -m mem -s 3
rtcwake: assuming RTC uses UTC ...
rtcwake: wakeup from "mem" using /dev/rtc1 at Thu Jan  1 00:01:24 1970
[   19.236789] PM: Syncing filesystems ... done.
[   19.242234] Freezing user space processes ... (elapsed 0.001 seconds) done.
[   19.243577] Freezing remaining freezable tasks ... (elapsed 0.001 seconds) done.
[   19.244977] Suspending console(s) (use no_console_suspend to debug)
[   19.371372] PM: suspend of devices complete after 72.019 msecs
[   19.373302] PM: late suspend of devices complete after 1.912 msecs
[   19.374802] PM: noirq suspend of devices complete after 1.488 msecs
[   19.374807] Disabling non-boot CPUs ...
[   19.409495] IRQ17 no longer affine to CPU1
[   19.409839] CPU1: shutdown
[   19.509829] CPU2: shutdown
[   19.609743] CPU3: shutdown
[   19.660442] Entering suspend state LP1
[   19.660442] Suspended for 8.363 seconds
[   19.660486] Enabling non-boot CPUs ...
[   19.690890] CPU1 is up
[   19.731033] CPU2 is up
[   19.771338] CPU3 is up
[   19.771999] PM: noirq resume of devices complete after 0.650 msecs
[   19.774095] PM: early resume of devices complete after 1.446 msecs
[   20.370920] PM: resume of devices complete after 596.806 msecs
[   20.442771] Restarting tasks ... done.
root@(none):/# 
root@(none):/# rtcwake -d rtc1 -m mem -s 3
rtcwake: assuming RTC uses UTC ...
rtcwake: wakeup from "mem" using /dev/rtc1 at Thu Jan  1 00:01:34 1970
[   20.866745] PM: Syncing filesystems ... done.
[   20.872184] Freezing user space processes ... (elapsed 0.001 seconds) done.
[   20.873531] Freezing remaining freezable tasks ... (elapsed 0.001 seconds) done.
[   20.874936] Suspending console(s) (use no_console_suspend to debug)
[   21.011066] PM: suspend of devices complete after 91.414 msecs
[   21.012946] PM: late suspend of devices complete after 1.862 msecs
[   21.014522] PM: noirq suspend of devices complete after 1.565 msecs
[   21.014528] Disabling non-boot CPUs ...
[   21.049777] CPU1: shutdown
[   21.149397] IRQ17 no longer affine to CPU2
[   21.149800] CPU2: shutdown
[   21.259689] CPU3: shutdown
[   21.310458] Entering suspend state LP1
[   21.310458] Suspended for 6.766 seconds
[   21.310502] Enabling non-boot CPUs ...
[   21.340831] CPU1 is up
[   21.381009] CPU2 is up
[   21.421305] CPU3 is up
[   21.422006] PM: noirq resume of devices complete after 0.690 msecs
[   21.424117] PM: early resume of devices complete after 1.454 msecs
[   22.022280] PM: resume of devices complete after 598.145 msecs
[   22.094110] Restarting tasks ... done.
root@(none):/# 
root@(none):/# rtcwake -d rtc1 -m mem -s 3
rtcwake: assuming RTC uses UTC ...
rtcwake: wakeup from "mem" using /dev/rtc1 at Thu Jan  1 00:01:43 1970
[   23.107337] PM: Syncing filesystems ... done.
[   23.112760] Freezing user space processes ... (elapsed 0.001 seconds) done.
[   23.114103] Freezing remaining freezable tasks ... (elapsed 0.001 seconds) done.
[   23.115510] Suspending console(s) (use no_console_suspend to debug)
[   23.261439] PM: suspend of devices complete after 91.687 msecs
[   23.263357] PM: late suspend of devices complete after 1.901 msecs
[   23.264866] PM: noirq suspend of devices complete after 1.497 msecs
[   23.264871] Disabling non-boot CPUs ...
[   23.309720] CPU1: shutdown
[   23.399722] CPU2: shutdown
[   23.499640] CPU3: shutdown
[   23.550345] Entering suspend state LP1
[   23.550345] Suspended for 8.343 seconds
[   23.550390] Enabling non-boot CPUs ...
[   23.580779] CPU1 is up
[   23.620932] CPU2 is up
[   23.661240] CPU3 is up
[   23.661916] PM: noirq resume of devices complete after 0.666 msecs
[   23.663987] PM: early resume of devices complete after 1.438 msecs
[   24.261692] PM: resume of devices complete after 597.687 msecs
[   24.329380] Restarting tasks ... done.
root@(none):/# 
root@(none):/# NVTB SYSTEM SUSPEND TEST COMPLETE
