
U-Boot SPL 2014.01-00219-gc4d376f (Feb 18 2014 - 19:57:18)


U-Boot 2014.01-00219-gc4d376f (Feb 18 2014 - 19:57:18)

TEGRA30
Board: NVIDIA Beaver
I2C:   ready
DRAM:  2 GiB
MMC:   Tegra SD/MMC: 0, Tegra SD/MMC: 1
In:    serial
Out:   serial
Err:   serial
Net:   Net Initialization Skipped
No ethernet found.
Hit any key to stop autoboot:  2  0 
Tegra30 (Beaver) # 
Tegra30 (Beaver) # usb reset
(Re)start USB...
USB0:   USB EHCI 1.00
scanning bus 0 for devices... 2 USB Device(s) found
       scanning usb for storage devices... 0 Storage Device(s) found
       scanning usb for ethernet devices... 
Warning: asx0 using MAC address from net device
1 Ethernet Device(s) found
Tegra30 (Beaver) # setenv bootargs 'ignore_loglevel console=ttyS0,115200n8 rw root=/dev/mmcblk0p1 rootwait gpt debug init=/bin/bash noinitrd'
Tegra30 (Beaver) # setenv ipaddr 192.168.100.101; setenv serverip 192.168.100.1; setenv tftpserverip 192.168.100.1
Tegra30 (Beaver) # tftpboot 0x81000000 zImage.multi_v7_defconfig
Using asx0 device
TFTP from server 192.168.100.1; our IP address is 192.168.100.101
Filename 'zImage.multi_v7_defconfig'.
Load address: 0x81000000
Loading: *#################################################################
	 #################################################################
	 #################################################################
	 #################################################################
	 ######################################################
	 3.1 MiB/s
done
Bytes transferred = 4597736 (4627e8 hex)
Tegra30 (Beaver) # tftpboot 0x82000000 tegra30-beaver.dtb
Using asx0 device
TFTP from server 192.168.100.1; our IP address is 192.168.100.101
Filename 'tegra30-beaver.dtb'.
Load address: 0x82000000
Loading: *##
	 2.9 MiB/s
done
Bytes transferred = 23973 (5da5 hex)
Tegra30 (Beaver) # bootz 0x81000000 - 0x82000000
Kernel image @ 0x81000000 [ 0x000000 - 0x4627e8 ]
## Flattened Device Tree blob at 82000000
   Booting using the fdt blob at 0x82000000
   Loading Device Tree to 8fff7000, end 8ffffda4 ... OK

Starting kernel ...

[    0.000000] Booting Linux on physical CPU 0x0
[    0.000000] Linux version 3.14.0-rc8-next-20140327-51602-g9eee010 (pwalmsley@tamien) (gcc version 4.7.3 20130328 (prerelease) (crosstool-NG linaro-1.13.1-4.7-2013.04-20130415 - Linaro GCC 2013.04) ) #1 SMP Thu Mar 27 01:21:47 PDT 2014
[    0.000000] CPU: ARMv7 Processor [412fc099] revision 9 (ARMv7), cr=10c5387d
[    0.000000] CPU: PIPT / VIPT nonaliasing data cache, VIPT aliasing instruction cache
[    0.000000] Machine model: NVIDIA Tegra30 Beaver evaluation board
[    0.000000] debug: ignoring loglevel setting.
[    0.000000] cma: CMA: reserved 16 MiB at ae800000
[    0.000000] Memory policy: Data cache writealloc
[    0.000000] On node 0 totalpages: 524032
[    0.000000] free_area_init_node: node 0, pgdat c0b74280, node_mem_map ed7f1000
[    0.000000]   DMA zone: 1520 pages used for memmap
[    0.000000]   DMA zone: 0 pages reserved
[    0.000000]   DMA zone: 194560 pages, LIFO batch:31
[    0.000000]   HighMem zone: 2574 pages used for memmap
[    0.000000]   HighMem zone: 329472 pages, LIFO batch:31
[    0.000000] fuse_speedo_calib: ATE prog ver 3.3
[    0.000000] Tegra30: CPU Speedo ID 5, Soc Speedo ID 2
[    0.000000] Tegra Revision: A03 SKU: 128 CPU Process: 4 Core Process: 0
[    0.000000] L310 cache controller enabled
[    0.000000] l2x0: 8 ways, CACHE_ID 0x410000c7, AUX_CTRL 0x7e480001, Cache size: 1024 kB
[    0.000000] PERCPU: Embedded 7 pages/cpu @ed7b6000 s8192 r8192 d12288 u32768
[    0.000000] pcpu-alloc: s8192 r8192 d12288 u32768 alloc=8*4096
[    0.000000] pcpu-alloc: [0] 0 [0] 1 [0] 2 [0] 3 
[    0.000000] Built 1 zonelists in Zone order, mobility grouping on.  Total pages: 522512
[    0.000000] Kernel command line: ignore_loglevel console=ttyS0,115200n8 rw root=/dev/mmcblk0p1 rootwait gpt debug init=/bin/bash noinitrd
[    0.000000] PID hash table entries: 4096 (order: 2, 16384 bytes)
[    0.000000] Dentry cache hash table entries: 131072 (order: 7, 524288 bytes)
[    0.000000] Inode-cache hash table entries: 65536 (order: 6, 262144 bytes)
[    0.000000] Memory: 2052316K/2096128K available (5943K kernel code, 775K rwdata, 2392K rodata, 540K init, 289K bss, 43812K reserved, 1317888K highmem)
[    0.000000] Virtual kernel memory layout:
[    0.000000]     vector  : 0xffff0000 - 0xffff1000   (   4 kB)
[    0.000000]     fixmap  : 0xfff00000 - 0xfffe0000   ( 896 kB)
[    0.000000]     vmalloc : 0xf0000000 - 0xff000000   ( 240 MB)
[    0.000000]     lowmem  : 0xc0000000 - 0xef800000   ( 760 MB)
[    0.000000]     pkmap   : 0xbfe00000 - 0xc0000000   (   2 MB)
[    0.000000]     modules : 0xbf000000 - 0xbfe00000   (  14 MB)
[    0.000000]       .text : 0xc0208000 - 0xc0a2bff0   (8336 kB)
[    0.000000]       .init : 0xc0a2c000 - 0xc0ab3000   ( 540 kB)
[    0.000000]       .data : 0xc0ab4000 - 0xc0b75f20   ( 776 kB)
[    0.000000]        .bss : 0xc0b75f28 - 0xc0bbe5e0   ( 290 kB)
[    0.000000] SLUB: HWalign=64, Order=0-3, MinObjects=0, CPUs=4, Nodes=1
[    0.000000] Hierarchical RCU implementation.
[    0.000000] NR_IRQS:16 nr_irqs:16 16
[    0.000012] sched_clock: 32 bits at 1000kHz, resolution 1000ns, wraps every 2147483648000ns
[    0.000779] Console: colour dummy device 80x30
[    0.000808] Calibrating delay loop... 2793.47 BogoMIPS (lpj=13967360)
[    0.059934] pid_max: default: 32768 minimum: 301
[    0.060036] Mount-cache hash table entries: 512
[    0.060507] CPU: Testing write buffer coherency: ok
[    0.060781] CPU0: thread -1, cpu 0, socket 0, mpidr 80000000
[    0.060842] Setting up static identity map for 0x8079d398 - 0x8079d430
[    0.062361] CPU1: Booted secondary processor
[    0.119977] CPU1: thread -1, cpu 1, socket 0, mpidr 80000001
[    0.120838] CPU2: Booted secondary processor
[    0.179976] CPU2: thread -1, cpu 2, socket 0, mpidr 80000002
[    0.180834] CPU3: Booted secondary processor
[    0.239977] CPU3: thread -1, cpu 3, socket 0, mpidr 80000003
[    0.240036] Brought up 4 CPUs
[    0.240052] SMP: Total of 4 processors activated.
[    0.240059] CPU: All CPU(s) started in SVC mode.
[    0.240560] devtmpfs: initialized
[    0.243061] VFP support v0.3: implementor 41 architecture 3 part 30 variant 9 rev 4
[    0.243379] pinctrl core: initialized pinctrl subsystem
[    0.243648] regulator-dummy: no parameters
[    0.247339] NET: Registered protocol family 16
[    0.250369] DMA: preallocated 256 KiB pool for atomic coherent allocations
[    0.250953] cpuidle: using governor ladder
[    0.250959] cpuidle: using governor menu
[    0.257193] No ATAGs?
[    0.258302] Serial: AMBA PL011 UART driver
[    0.264053] edma-dma-engine edma-dma-engine.0: Can't allocate PaRAM dummy slot
[    0.264075] edma-dma-engine: probe of edma-dma-engine.0 failed with error -5
[    0.264368] vdd_5v_in: 5000 mV 
[    0.264447] platform 1.regulator: Driver reg-fixed-voltage requests probe deferral
[    0.264481] platform 2.regulator: Driver reg-fixed-voltage requests probe deferral
[    0.264583] vdd_5v_sata: Failed to request enable GPIO30: -517
[    0.264635] reg-fixed-voltage 3.regulator: Failed to register regulator: -517
[    0.264646] platform 3.regulator: Driver reg-fixed-voltage requests probe deferral
[    0.264727] usb1_vbus: Failed to request enable GPIO238: -517
[    0.264768] reg-fixed-voltage 4.regulator: Failed to register regulator: -517
[    0.264778] platform 4.regulator: Driver reg-fixed-voltage requests probe deferral
[    0.264860] usb3_vbus: Failed to request enable GPIO236: -517
[    0.264900] reg-fixed-voltage 5.regulator: Failed to register regulator: -517
[    0.264910] platform 5.regulator: Driver reg-fixed-voltage requests probe deferral
[    0.264944] platform 6.regulator: Driver reg-fixed-voltage requests probe deferral
[    0.265026] sys_3v3_pexs: Failed to request enable GPIO95: -517
[    0.265066] reg-fixed-voltage 7.regulator: Failed to register regulator: -517
[    0.265076] platform 7.regulator: Driver reg-fixed-voltage requests probe deferral
[    0.266246] vgaarb: loaded
[    0.266585] SCSI subsystem initialized
[    0.266742] libata version 3.00 loaded.
[    0.266925] usbcore: registered new interface driver usbfs
[    0.266962] usbcore: registered new interface driver hub
[    0.267021] usbcore: registered new device driver usb
[    0.279969] vdd_1v8_gen: 1800 mV 
[    0.280019] vdd_1v8_gen: supplied by vdd_5v_in
[    0.289964] vddio_ddr_1v2: 1200 mV 
[    0.290452] vddio_ddr_1v2: supplied by vdd_5v_in
[    0.299965] vdd_1v5_gen: 1500 mV 
[    0.300000] vdd_1v5_gen: supplied by vdd_5v_in
[    0.309964] vdd_cpu,vdd_sys: 1000 mV 
[    0.312314] vdd_pexa,vdd_pexb: 1050 mV 
[    0.312344] vdd_pexa,vdd_pexb: supplied by vdd_1v5_gen
[    0.315052] vdd_sata,avdd_plle: 1050 mV 
[    0.315081] vdd_sata,avdd_plle: supplied by vdd_1v5_gen
[    0.319965] vdd_rtc: 1200 mV 
[    0.319996] vdd_rtc: supplied by vdd_5v_in
[    0.329964] vddio_sdmmc,avdd_vdac: 3300 mV 
[    0.329995] vddio_sdmmc,avdd_vdac: supplied by vdd_5v_in
[    0.332703] avdd_dsi_csi,pwrdet_mipi: 1200 mV 
[    0.332733] avdd_dsi_csi,pwrdet_mipi: supplied by vdd_1v8_gen
[    0.339963] vdd_pllm,x,u,a_p_c_s: 1200 mV 
[    0.339993] vdd_pllm,x,u,a_p_c_s: supplied by vdd_1v8_gen
[    0.349963] vdd_ddr_hs: 1000 mV 
[    0.350004] vdd_ddr_hs: supplied by vdd_1v8_gen
[    0.351764] tps62361-vout: 500 <--> 1500 mV at 1160 mV 
[    0.351897] Linux video capture interface: v2.00
[    0.351930] pps_core: LinuxPPS API ver. 1 registered
[    0.351935] pps_core: Software ver. 5.3.6 - Copyright 2005-2007 Rodolfo Giometti <giometti@linux.it>
[    0.351948] PTP clock support registered
[    0.351977] EDAC MC: Ver: 3.0.0
[    0.352399] platform 7000f010.iommu: Driver tegra-smmu requests probe deferral
[    0.352501] Advanced Linux Sound Architecture Driver Initialized.
[    0.353135] Switched to clocksource timer_us
[    0.358818] NET: Registered protocol family 2
[    0.359166] TCP established hash table entries: 8192 (order: 3, 32768 bytes)
[    0.359214] TCP bind hash table entries: 8192 (order: 4, 65536 bytes)
[    0.359296] TCP: Hash tables configured (established 8192 bind 8192)
[    0.359381] TCP: reno registered
[    0.359391] UDP hash table entries: 512 (order: 2, 16384 bytes)
[    0.359452] UDP-Lite hash table entries: 512 (order: 2, 16384 bytes)
[    0.359614] NET: Registered protocol family 1
[    0.359841] RPC: Registered named UNIX socket transport module.
[    0.359848] RPC: Registered udp transport module.
[    0.359851] RPC: Registered tcp transport module.
[    0.359855] RPC: Registered tcp NFSv4.1 backchannel transport module.
[    0.359863] PCI: CLS 0 bytes, default 64
[    0.360976] futex hash table entries: 1024 (order: 4, 65536 bytes)
[    0.361854] bounce pool size: 64 pages
[    0.367302] squashfs: version 4.0 (2009/01/31) Phillip Lougher
[    0.367709] NFS: Registering the id_resolver key type
[    0.367752] Key type id_resolver registered
[    0.367756] Key type id_legacy registered
[    0.367788] msgmni has been set to 1466
[    0.368103] Block layer SCSI generic (bsg) driver version 0.4 loaded (major 249)
[    0.368111] io scheduler noop registered
[    0.368116] io scheduler deadline registered
[    0.368233] io scheduler cfq registered (default)
[    0.370943] platform 3000.pcie-controller: Driver tegra-pcie requests probe deferral
[    0.373484] tegra-apbdma 6000a000.dma: Tegra20 APB DMA driver register 32 channels
[    0.407341] Serial: 8250/16550 driver, 4 ports, IRQ sharing disabled
[    0.408365] Serial: IMX driver
[    0.408567] msm_serial: driver initialized
[    0.409125] console [ttyS0] disabled
[    0.409154] 70006000.serial: ttyS0 at MMIO 0x70006000 (irq = 68, base_baud = 25500000) is a Tegra
[    1.260447] console [ttyS0] enabled
[    1.264379] STMicroelectronics ASC driver initialized
[    1.269810] serial: Freescale lpuart driver
[    1.274118] [drm] Initialized drm 1.1.0 20060810
[    1.279420] tegra-hdmi 54280000.hdmi: failed to get VDD regulator
[    1.285522] platform 54280000.hdmi: Driver tegra-hdmi requests probe deferral
[    1.296139] loop: module loaded
[    1.301718] m25p80 spi32766.1: w25q32 (4096 Kbytes)
[    1.308179] pegasus: v0.9.3 (2013/04/25), Pegasus/Pegasus II USB Ethernet driver
[    1.315636] usbcore: registered new interface driver pegasus
[    1.321312] usbcore: registered new interface driver asix
[    1.326731] usbcore: registered new interface driver ax88179_178a
[    1.332831] usbcore: registered new interface driver cdc_ether
[    1.338689] usbcore: registered new interface driver smsc75xx
[    1.344458] usbcore: registered new interface driver smsc95xx
[    1.350210] usbcore: registered new interface driver net1080
[    1.355886] usbcore: registered new interface driver cdc_subset
[    1.361822] usbcore: registered new interface driver zaurus
[    1.367444] usbcore: registered new interface driver cdc_ncm
[    1.373106] ehci_hcd: USB 2.0 'Enhanced' Host Controller (EHCI) Driver
[    1.379624] ehci-pci: EHCI PCI platform driver
[    1.384085] ehci-platform: EHCI generic platform driver
[    1.389390] ehci-omap: OMAP-EHCI Host Controller driver
[    1.394665] ehci-orion: EHCI orion driver
[    1.398719] SPEAr-ehci: EHCI SPEAr driver
[    1.402771] tegra-ehci: Tegra EHCI driver
[    1.406909] platform 7d004000.usb: Driver tegra-ehci requests probe deferral
[    1.413993] platform 7d008000.usb: Driver tegra-ehci requests probe deferral
[    1.421315] usbcore: registered new interface driver usb-storage
[    1.427608] platform 7d004000.usb-phy: Driver tegra-phy requests probe deferral
[    1.434961] platform 7d008000.usb-phy: Driver tegra-phy requests probe deferral
[    1.442920] mousedev: PS/2 mouse device common for all mice
[    1.449477] tegra_rtc 7000e000.rtc: rtc core: registered 7000e000.rtc as rtc1
[    1.456626] tegra_rtc 7000e000.rtc: Tegra internal Real Time Clock
[    1.475505] tps65910-rtc tps65910-rtc: rtc core: registered tps65910-rtc as rtc0
[    1.482969] i2c /dev entries driver
[    1.488845] sdhci: Secure Digital Host Controller Interface driver
[    1.495024] sdhci: Copyright(c) Pierre Ossman
[    1.499706] sdhci-pltfm: SDHCI platform and OF driver helper
[    1.505761] sdhci-tegra 78000000.sdhci: Got CD GPIO #69.
[    1.511070] sdhci-tegra 78000000.sdhci: Got WP GPIO #155.
[    1.517504] mmc0: no vqmmc regulator found
[    1.521590] mmc0: no vmmc regulator found
[    1.525595] mmc0: Invalid maximum block size, assuming 512 bytes
[    1.573142] mmc0: SDHCI controller on 78000000.sdhci [78000000.sdhci] using ADMA
[    1.581581] mmc1: no vqmmc regulator found
[    1.585679] mmc1: no vmmc regulator found
[    1.589675] mmc1: Invalid maximum block size, assuming 512 bytes
[    1.633137] mmc1: SDHCI controller on 78000600.sdhci [78000600.sdhci] using ADMA
[    1.642777] usbcore: registered new interface driver usbhid
[    1.650353] usbhid: USB HID core driver
[    1.801526] mmc1: new high speed MMC card at address 0001
[    1.807153] mmcblk0: mmc1:0001 SEM16G 14.8 GiB 
[    1.811734] mmcblk0boot0: mmc1:0001 SEM16G partition 1 1.00 MiB
[    1.817722] mmcblk0boot1: mmc1:0001 SEM16G partition 2 1.00 MiB
[    1.823701] mmcblk0rpmb: mmc1:0001 SEM16G partition 3 128 KiB
[    1.833360] Primary GPT is invalid, using alternate GPT.
[    1.838672]  mmcblk0: p1 p2 p3 p4 p5
[    1.846140]  mmcblk0boot1: unknown partition table
[    1.853781]  mmcblk0boot0: unknown partition table
[    2.073980] tegra30-i2s 70080400.i2s: DMA channels sourced from device 70080000.ahub
[    2.089070] tegra-snd-rt5640 sound.4: rt5640-aif1 <-> 70080400.i2s mapping ok
[    2.098385] input: NVIDIA Tegra Beaver Headphones as /devices/soc0/sound.4/sound/card0/input0
[    2.107656] TCP: cubic registered
[    2.110963] NET: Registered protocol family 17
[    2.115531] Key type dns_resolver registered
[    2.120135] Registering SWP/SWPB emulation handler
[    2.125297] vdd_sata,avdd_plle: disabling
[    2.131353] chargepump_5v: 5000 mV 
[    2.136756] vdd_ddr: 1500 mV 
[    2.139743] vdd_ddr: supplied by vdd_5v_in
[    2.144037] vdd_5v_sata: 5000 mV 
[    2.147363] vdd_5v_sata: supplied by vdd_5v_in
[    2.151981] usb1_vbus: 5000 mV 
[    2.155148] usb1_vbus: supplied by vdd_5v_in
[    2.159580] usb3_vbus: 5000 mV 
[    2.162728] usb3_vbus: supplied by vdd_5v_in
[    2.168555] sys_3v3,vdd_3v3_alw: 3300 mV 
[    2.172583] sys_3v3,vdd_3v3_alw: supplied by vdd_5v_in
[    2.177886] sys_3v3_pexs: 3300 mV 
[    2.181294] sys_3v3_pexs: supplied by sys_3v3,vdd_3v3_alw
[    2.187169] tegra-pcie 3000.pcie-controller: 2x3 configuration
[    2.197489] tegra-pcie 3000.pcie-controller: probing port 0, using 2 lanes
[    2.258606] tegra-pcie 3000.pcie-controller: probing port 2, using 2 lanes
[    2.669216] tegra-pcie 3000.pcie-controller: link 2 down, retrying
[    3.079134] tegra-pcie 3000.pcie-controller: link 2 down, retrying
[    3.489047] tegra-pcie 3000.pcie-controller: link 2 down, retrying
[    3.497236] tegra-pcie 3000.pcie-controller: link 2 down, ignoring
[    3.503541] tegra-pcie 3000.pcie-controller: PCI host bridge to bus 0000:00
[    3.510492] pci_bus 0000:00: root bus resource [mem 0x20000000-0x27ffffff]
[    3.517363] pci_bus 0000:00: root bus resource [mem 0x28000000-0x3fffffff pref]
[    3.524663] pci_bus 0000:00: root bus resource [bus 00-ff]
[    3.530134] pci_bus 0000:00: root bus resource [io  0x1000-0xffff]
[    3.536326] pci 0000:00:01.0: [10de:0e1c] type 01 class 0x060400
[    3.542368] pci 0000:00:01.0: PME# supported from D0 D1 D2 D3hot D3cold
[    3.549119] PCI: bus0: Fast back to back transfers disabled
[    3.554690] pci 0000:00:01.0: bridge configuration invalid ([bus 00-00]), reconfiguring
[    3.562775] pci 0000:01:00.0: [10ec:8168] type 00 class 0x020000
[    3.568795] pci 0000:01:00.0: reg 0x10: [io  0x0000-0x00ff]
[    3.574372] pci 0000:01:00.0: reg 0x18: [mem 0x00000000-0x00000fff 64bit pref]
[    3.581584] pci 0000:01:00.0: reg 0x20: [mem 0x00000000-0x00003fff 64bit pref]
[    3.588838] pci 0000:01:00.0: supports D1 D2
[    3.593096] pci 0000:01:00.0: PME# supported from D0 D1 D2 D3hot D3cold
[    3.599827] PCI: bus1: Fast back to back transfers disabled
[    3.605398] pci_bus 0000:01: busn_res: [bus 01-ff] end is updated to 01
[    3.612027] pci 0000:00:01.0: BAR 9: assigned [mem 0x28000000-0x280fffff 64bit pref]
[    3.619763] pci 0000:00:01.0: BAR 7: assigned [io  0x1000-0x1fff]
[    3.625851] pci 0000:01:00.0: BAR 4: assigned [mem 0x28000000-0x28003fff 64bit pref]
[    3.633591] pci 0000:01:00.0: BAR 2: assigned [mem 0x28004000-0x28004fff 64bit pref]
[    3.641322] pci 0000:01:00.0: BAR 0: assigned [io  0x1000-0x10ff]
[    3.647409] pci 0000:00:01.0: PCI bridge to [bus 01]
[    3.652361] pci 0000:00:01.0:   bridge window [io  0x1000-0x1fff]
[    3.658446] pci 0000:00:01.0:   bridge window [mem 0x28000000-0x280fffff 64bit pref]
[    3.666189] pci 0000:00:01.0: nv_msi_ht_cap_quirk didn't locate host bridge
[    3.673286] r8169 Gigabit Ethernet driver 2.3LK-NAPI loaded
[    3.678866] r8169 0000:01:00.0: enabling device (0140 -> 0143)
[    3.685252] r8169 0000:01:00.0 eth0: RTL8168evl/8111evl at 0xf002e000, 02:04:4b:01:60:a6, XID 0c900800 IRQ 472
[    3.695248] r8169 0000:01:00.0 eth0: jumbo features [frames: 9200 bytes, tx checksumming: ko]
[    3.705610] [drm] Supports vblank timestamp caching Rev 2 (21.10.2013).
[    3.712208] [drm] No driver support for vblank timestamp query.
[    3.718186] host1x drm: No connectors reported connected with modes
[    3.724454] [drm] Cannot find any crtc or sizes - going 1024x768
[    3.744375] Console: switching to colour frame buffer device 128x48
[    3.756654] host1x drm: fb0:  frame buffer device
[    3.761345] host1x drm: registered panic notifier
[    3.766049] [drm] Initialized tegra 0.0.0 20120330 on minor 0
[    3.772243] platform 7d004000.usb: Driver tegra-ehci requests probe deferral
[    3.779631] platform 7d008000.usb: Driver tegra-ehci requests probe deferral
[    3.790989] tegra-ehci 7d004000.usb: EHCI Host Controller
[    3.796398] tegra-ehci 7d004000.usb: new USB bus registered, assigned bus number 1
[    3.804219] tegra-ehci 7d004000.usb: irq 53, io mem 0x7d004000
[    3.823144] tegra-ehci 7d004000.usb: USB 2.0 started, EHCI 1.00
[    3.829516] hub 1-0:1.0: USB hub found
[    3.833295] hub 1-0:1.0: 1 port detected
[    3.837641] tegra-ehci 7d008000.usb: EHCI Host Controller
[    3.843036] tegra-ehci 7d008000.usb: new USB bus registered, assigned bus number 2
[    3.850775] tegra-ehci 7d008000.usb: irq 129, io mem 0x7d008000
[    3.873525] tegra-ehci 7d008000.usb: USB 2.0 started, EHCI 1.00
[    3.879825] hub 2-0:1.0: USB hub found
[    3.883602] hub 2-0:1.0: 1 port detected
[    3.891507] tps65910-rtc tps65910-rtc: setting system clock to 2000-01-01 00:00:02 UTC (946684802)
[    3.904372] ALSA device list:
[    3.907341]   #0: NVIDIA Tegra Beaver
[    3.913606] EXT4-fs (mmcblk0p1): mounting ext3 file system using the ext4 subsystem
[    3.938442] EXT4-fs (mmcblk0p1): warning: mounting fs with errors, running e2fsck is recommended
[    3.948784] EXT4-fs (mmcblk0p1): recovery complete
[    3.953581] EXT4-fs (mmcblk0p1): mounted filesystem with ordered data mode. Opts: (null)
[    3.961682] VFS: Mounted root (ext3 filesystem) on device 179:1.
[    3.986282] devtmpfs: mounted
[    3.989676] Freeing unused kernel memory: 540K (c0a2c000 - c0ab3000)
[    4.203791] usb 2-1: new high-speed USB device number 2 using tegra-ehci
bash: cannot set terminal process group (-1): Inappropriate ioctl for device
bash: no job control in this shell
root@(none):/# [    4.694523] asix 2-1:1.0 eth1: register 'asix' at usb-7d008000.usb-1, ASIX AX88772 USB 2.0 Ethernet, 00:50:b6:0f:68:6d
