
U-Boot SPL 2016.05-rc2 (Apr 21 2016 - 16:23:00)
Trying to boot from RAM


U-Boot 2016.05-rc2 (Apr 21 2016 - 16:23:00 -0700)

TEGRA124
Model: NVIDIA Jetson TK1
Board: NVIDIA Jetson TK1
DRAM:  2 GiB
MC:   Tegra SD/MMC: 0, Tegra SD/MMC: 1
In:    serial
Out:   serial
Err:   serial
Net:   No ethernet found.
Hit any key to stop autoboot:  2  0 
Tegra124 (Jetson TK1) # 
Tegra124 (Jetson TK1) # pci enum
Tegra124 (Jetson TK1) # setenv bootargs 'ignore_loglevel console=ttyS0,115200n8 rw root=PARTUUID=b1791faa-84e8-4e27-83a1-9fb0a77e8803 rootwait gpt debug noinitrd earlyprintk init=/bin/bash'
Tegra124 (Jetson TK1) # setenv ipaddr 192.168.100.102; setenv serverip 192.168.100.1; setenv tftpserverip 192.168.100.1
Tegra124 (Jetson TK1) # tftpboot 0x82000000 zImage.multi_v7_defconfig

Warning: eth_rtl8169 using MAC address from ROM
Using eth_rtl8169 device
TFTP from server 192.168.100.1; our IP address is 192.168.100.102
Filename 'zImage.multi_v7_defconfig'.
Load address: 0x82000000
Loading: *#################################################################
	 #################################################################
	 #################################################################
	 #################################################################
	 #################################################################
	 #################################################################
	 #################################################################
	 ##############################
	 3.9 MiB/s
done
Bytes transferred = 7118336 (6c9e00 hex)
Tegra124 (Jetson TK1) # tftpboot 0x83000000 tegra124-jetson-tk1.dtb
Using eth_rtl8169 device
TFTP from server 192.168.100.1; our IP address is 192.168.100.102
Filename 'tegra124-jetson-tk1.dtb'.
Load address: 0x83000000
Loading: *#####
	 3.7 MiB/s
done
Bytes transferred = 66621 (1043d hex)
Tegra124 (Jetson TK1) # bootz 0x82000000 - 0x83000000
Kernel image @ 0x82000000 [ 0x000000 - 0x6c9e00 ]
## Flattened Device Tree blob at 83000000
   Booting using the fdt blob at 0x83000000
   Using Device Tree in place at 83000000, end 8301343c

Starting kernel ...

[    0.000000] Booting Linux on physical CPU 0x0
[    0.000000] Linux version 4.8.0-rc2-next-20160819-112933-g94b33aa (pwalmsley@sellafield) (gcc version 4.7.3 20130328 (prerelease) (crosstool-NG linaro-1.13.1-4.7-2013.04-20130415 - Linaro GCC 2013.04) ) #1 SMP Thu Aug 18 21:19:19 PDT 2016
[    0.000000] CPU: ARMv7 Processor [413fc0f3] revision 3 (ARMv7), cr=10c5387d
[    0.000000] CPU: div instructions available: patching division code
[    0.000000] CPU: PIPT / VIPT nonaliasing data cache, PIPT instruction cache
[    0.000000] OF: fdt:Machine model: NVIDIA Tegra124 Jetson TK1
[    0.000000] debug: ignoring loglevel setting.
[    0.000000] cma: Reserved 64 MiB at 0xfb800000
[    0.000000] Memory policy: Data cache writealloc
[    0.000000] On node 0 totalpages: 524032
[    0.000000] free_area_init_node: node 0, pgdat c141bb80, node_mem_map eeff8000
[    0.000000]   DMA zone: 1536 pages used for memmap
[    0.000000]   DMA zone: 0 pages reserved
[    0.000000]   DMA zone: 196608 pages, LIFO batch:31
[    0.000000]   HighMem zone: 327424 pages, LIFO batch:31
[    0.000000] percpu: Embedded 14 pages/cpu @eef85000 s26112 r8192 d23040 u57344
[    0.000000] pcpu-alloc: s26112 r8192 d23040 u57344 alloc=14*4096
[    0.000000] pcpu-alloc: [0] 0 [0] 1 [0] 2 [0] 3 
[    0.000000] Built 1 zonelists in Zone order, mobility grouping on.  Total pages: 522496
[    0.000000] Kernel command line: ignore_loglevel console=ttyS0,115200n8 rw root=PARTUUID=b1791faa-84e8-4e27-83a1-9fb0a77e8803 rootwait gpt debug noinitrd earlyprintk init=/bin/bash
[    0.000000] PID hash table entries: 4096 (order: 2, 16384 bytes)
[    0.000000] Dentry cache hash table entries: 131072 (order: 7, 524288 bytes)
[    0.000000] Inode-cache hash table entries: 65536 (order: 6, 262144 bytes)
[    0.000000] Memory: 1994980K/2096128K available (9216K kernel code, 1142K rwdata, 3988K rodata, 2048K init, 342K bss, 35612K reserved, 65536K cma-reserved, 1244160K highmem)
[    0.000000] Virtual kernel memory layout:
[    0.000000]     vector  : 0xffff0000 - 0xffff1000   (   4 kB)
[    0.000000]     fixmap  : 0xffc00000 - 0xfff00000   (3072 kB)
[    0.000000]     vmalloc : 0xf0800000 - 0xff800000   ( 240 MB)
[    0.000000]     lowmem  : 0xc0000000 - 0xf0000000   ( 768 MB)
[    0.000000]     pkmap   : 0xbfe00000 - 0xc0000000   (   2 MB)
[    0.000000]     modules : 0xbf000000 - 0xbfe00000   (  14 MB)
[    0.000000]       .text : 0xc0208000 - 0xc0c00000   (10208 kB)
[    0.000000]       .init : 0xc1100000 - 0xc1300000   (2048 kB)
[    0.000000]       .data : 0xc1300000 - 0xc141da20   (1143 kB)
[    0.000000]        .bss : 0xc141f000 - 0xc1474ac8   ( 343 kB)
[    0.000000] SLUB: HWalign=64, Order=0-3, MinObjects=0, CPUs=4, Nodes=1
[    0.000000] Hierarchical RCU implementation.
[    0.000000] 	Build-time adjustment of leaf fanout to 32.
[    0.000000] 	RCU restricting CPUs from NR_CPUS=16 to nr_cpu_ids=4.
[    0.000000] RCU: Adjusting geometry for rcu_fanout_leaf=32, nr_cpu_ids=4
[    0.000000] NR_IRQS:16 nr_irqs:16 16
[    0.000000] /interrupt-controller@60004000: 160 interrupts forwarded to /interrupt-controller@50041000
[    0.000000] Tegra clk 127: register failed with -17
[    0.000008] sched_clock: 32 bits at 1000kHz, resolution 1000ns, wraps every 2147483647500ns
[    0.000031] clocksource: timer_us: mask: 0xffffffff max_cycles: 0xffffffff, max_idle_ns: 1911260446275 ns
[    0.000044] Switching to timer-based delay loop, resolution 1000ns
[    0.005491] arm_arch_timer: Architected cp15 timer(s) running at 12.00MHz (virt).
[    0.005508] clocksource: arch_sys_counter: mask: 0xffffffffffffff max_cycles: 0x2c47f4ee7, max_idle_ns: 440795202497 ns
[    0.005526] sched_clock: 56 bits at 12MHz, resolution 83ns, wraps every 4398046511096ns
[    0.005538] Switching to timer-based delay loop, resolution 83ns
[    0.006068] Console: colour dummy device 80x30
[    0.006095] Calibrating delay loop (skipped), value calculated using timer frequency.. 24.00 BogoMIPS (lpj=60000)
[    0.006109] pid_max: default: 32768 minimum: 301
[    0.006202] Mount-cache hash table entries: 2048 (order: 1, 8192 bytes)
[    0.006214] Mountpoint-cache hash table entries: 2048 (order: 1, 8192 bytes)
[    0.006811] CPU: Testing write buffer coherency: ok
[    0.007025] /cpus/cpu@0 missing clock-frequency property
[    0.007066] /cpus/cpu@1 missing clock-frequency property
[    0.007107] /cpus/cpu@2 missing clock-frequency property
[    0.007149] /cpus/cpu@3 missing clock-frequency property
[    0.007161] CPU0: thread -1, cpu 0, socket 0, mpidr 80000000
[    0.007181] Setting up static identity map for 0x80300000 - 0x80300098
[    0.010954] Tegra Revision: A01 SKU: 129 CPU Process: 1 SoC Process: 1
[    0.012452] CPU1: thread -1, cpu 1, socket 0, mpidr 80000001
[    0.016109] CPU2: thread -1, cpu 2, socket 0, mpidr 80000002
[    0.021107] CPU3: thread -1, cpu 3, socket 0, mpidr 80000003
[    0.025540] Brought up 4 CPUs
[    0.025561] SMP: Total of 4 processors activated (96.00 BogoMIPS).
[    0.025568] CPU: All CPU(s) started in SVC mode.
[    0.025624] span: 0-3 (max cpu_capacity = 1024)
[    0.027034] devtmpfs: initialized
[    0.047263] VFP support v0.3: implementor 41 architecture 4 part 30 variant f rev 0
[    0.047701] clocksource: jiffies: mask: 0xffffffff max_cycles: 0xffffffff, max_idle_ns: 9556302231375000 ns
[    0.049046] pinctrl core: initialized pinctrl subsystem
[    0.050799] NET: Registered protocol family 16
[    0.052730] DMA: preallocated 256 KiB pool for atomic coherent allocations
[    0.065661] cpuidle: using governor menu
[    0.084075] No ATAGs?
[    0.084102] hw-breakpoint: found 5 (+1 reserved) breakpoint and 4 watchpoint registers.
[    0.084112] hw-breakpoint: maximum watchpoint size is 8 bytes.
[    0.090248] Serial: AMBA PL011 UART driver
[    0.125692] +5V_SYS: supplied by +VDD_MUX
[    0.126036] +3.3V_SYS: supplied by +VDD_MUX
[    0.126670] +USB0_VBUS_SW: Failed to request enable GPIO108: -517
[    0.126686] reg-fixed-voltage regulators:regulator@7: Failed to register regulator: -517
[    0.126774] +5V_USB_HS: Failed to request enable GPIO109: -517
[    0.126787] reg-fixed-voltage regulators:regulator@8: Failed to register regulator: -517
[    0.126950] +1.05V_RUN_AVDD_HDMI_PLL: Failed to request enable GPIO63: -517
[    0.126963] reg-fixed-voltage regulators:regulator@11: Failed to register regulator: -517
[    0.127047] +5V_HDMI_CON: Failed to request enable GPIO86: -517
[    0.127059] reg-fixed-voltage regulators:regulator@12: Failed to register regulator: -517
[    0.127142] +5V_SATA: Failed to request enable GPIO242: -517
[    0.127155] reg-fixed-voltage regulators:regulator@13: Failed to register regulator: -517
[    0.127238] +12V_SATA: Failed to request enable GPIO242: -517
[    0.127249] reg-fixed-voltage regulators:regulator@14: Failed to register regulator: -517
[    0.130420] vgaarb: loaded
[    0.131243] SCSI subsystem initialized
[    0.131404] libata version 3.00 loaded.
[    0.131678] usbcore: registered new interface driver usbfs
[    0.131747] usbcore: registered new interface driver hub
[    0.131811] usbcore: registered new device driver usb
[    0.135361] pps_core: LinuxPPS API ver. 1 registered
[    0.135371] pps_core: Software ver. 5.3.6 - Copyright 2005-2007 Rodolfo Giometti <giometti@linux.it>
[    0.135394] PTP clock support registered
[    0.135590] EDAC MC: Ver: 3.0.0
[    0.138763] clocksource: Switched to clocksource arch_sys_counter
[    0.149764] NET: Registered protocol family 2
[    0.150266] TCP established hash table entries: 8192 (order: 3, 32768 bytes)
[    0.150364] TCP bind hash table entries: 8192 (order: 4, 65536 bytes)
[    0.150551] TCP: Hash tables configured (established 8192 bind 8192)
[    0.150603] UDP hash table entries: 512 (order: 2, 16384 bytes)
[    0.150644] UDP-Lite hash table entries: 512 (order: 2, 16384 bytes)
[    0.150809] NET: Registered protocol family 1
[    0.151136] RPC: Registered named UNIX socket transport module.
[    0.151145] RPC: Registered udp transport module.
[    0.151152] RPC: Registered tcp transport module.
[    0.151159] RPC: Registered tcp NFSv4.1 backchannel transport module.
[    0.151170] PCI: CLS 0 bytes, default 64
[    0.152327] hw perfevents: enabled with armv7_cortex_a15 PMU driver, 7 counters available
[    0.153829] futex hash table entries: 1024 (order: 4, 65536 bytes)
[    0.154551] workingset: timestamp_bits=30 max_order=19 bucket_order=0
[    0.165886] squashfs: version 4.0 (2009/01/31) Phillip Lougher
[    0.166726] NFS: Registering the id_resolver key type
[    0.166749] Key type id_resolver registered
[    0.166757] Key type id_legacy registered
[    0.166798] ntfs: driver 2.1.32 [Flags: R/O].
[    0.168047] bounce: pool size: 64 pages
[    0.168259] Block layer SCSI generic (bsg) driver version 0.4 loaded (major 248)
[    0.168270] io scheduler noop registered
[    0.168278] io scheduler deadline registered
[    0.168474] io scheduler cfq registered (default)
[    0.174123] usb2-0 supply vbus not found, using dummy regulator
[    0.174253] usb2-1 supply vbus not found, using dummy regulator
[    0.174643] tegra-xusb-padctl 7009f000.padctl: failed to setup XUSB ports: -517
[    0.175329] libphy: mdio_driver_register: phy-bcm-ns2-pci
[    0.191149] tegra-pcie 1003000.pcie-controller: 2x1, 1x1 configuration
[    0.191203] tegra-pcie 1003000.pcie-controller: Failed to get supply 'avddio-pex': -517
[    0.198342] tegra-apbdma 60020000.dma: Tegra20 APB DMA driver register 32 channels
[    0.200117] tegra-pmc 7000e400.pmc: emergency thermal reset enabled
[    0.265028] Serial: 8250/16550 driver, 4 ports, IRQ sharing disabled
[    0.267927] console [ttyS0] disabled
[    0.267991] 70006300.serial: ttyS0 at MMIO 0x70006300 (irq = 333, base_baud = 25500000) is a Tegra
[    1.131946] console [ttyS0] enabled
[    1.136350] SuperH (H)SCI(F) driver initialized
[    1.141929] msm_serial: driver initialized
[    1.146238] STMicroelectronics ASC driver initialized
[    1.152180] serial-tegra serial@0,70006000: failed to get alias id, errno -19
[    1.159374] serial-tegra serial@0,70006040: failed to get alias id, errno -19
[    1.169597] [drm:drm_core_init] Initialized drm 1.1.0 20060810
[    1.178634] tegra-hdmi 54280000.hdmi: failed to get HDMI regulator
[    1.198283] brd: module loaded
[    1.207421] loop: module loaded
[    1.211046] at24 0-0056: 256 byte 24c02 EEPROM, writable, 8 bytes/write
[    1.219335] as3722 4-0040: AS3722 with revision 0x1 found
[    1.230400] as3722-sd2: supplied by +5V_SYS
[    1.235101] as3722-sd3: supplied by +5V_SYS
[    1.239517] +1.35V_LP0(sd3): Bringing 0uV into 1350000-1350000uV
[    1.245915] as3722-sd4: supplied by +5V_SYS
[    1.250564] as3722-sd5: supplied by +5V_SYS
[    1.256639] as3722-ldo0: supplied by +1.35V_LP0(sd2)
[    1.262739] +1.8V_RUN_CAM: Bringing 0uV into 1800000-1800000uV
[    1.269010] as3722-ldo2: supplied by +1.8V_VDDIO
[    1.274946] as3722-ldo3: supplied by +3.3V_SYS
[    1.279450] +1.05V_LP0_VDD_RTC: Bringing 1100000uV into 1000000-1000000uV
[    1.287262] as3722-ldo4: supplied by +3.3V_SYS
[    1.291934] +2.8V_RUN_CAM: Bringing 0uV into 2800000-2800000uV
[    1.298183] as3722-ldo5: supplied by +1.8V_VDDIO
[    1.303031] +1.2V_RUN_CAM_FRONT: Bringing 0uV into 1200000-1200000uV
[    1.310005] +VDDIO_SDMMC3: bypassed regulator has no supply!
[    1.315678] +VDDIO_SDMMC3: failed to get the current voltage(-517)
[    1.321870] as3722-regulator as3722-regulator: regulator 13 register failed -517
[    1.334477] tegra-ahci 70027000.sata: couldn't get PHY in node sata: -517
[    1.354663] random: fast init done
[    1.358233] m25p80 spi32765.0: w25q32dw (4096 Kbytes)
[    1.366782] libphy: Fixed MDIO Bus: probed
[    1.371724] CAN device driver interface
[    1.377824] igb: Intel(R) Gigabit Ethernet Network Driver - version 5.3.0-k
[    1.384793] igb: Copyright (c) 2007-2014 Intel Corporation.
[    1.393817] pegasus: v0.9.3 (2013/04/25), Pegasus/Pegasus II USB Ethernet driver
[    1.401271] usbcore: registered new interface driver pegasus
[    1.407002] usbcore: registered new interface driver asix
[    1.412453] usbcore: registered new interface driver ax88179_178a
[    1.418596] usbcore: registered new interface driver cdc_ether
[    1.424496] usbcore: registered new interface driver smsc75xx
[    1.430310] usbcore: registered new interface driver smsc95xx
[    1.436106] usbcore: registered new interface driver net1080
[    1.441815] usbcore: registered new interface driver cdc_subset
[    1.447783] usbcore: registered new interface driver zaurus
[    1.453432] usbcore: registered new interface driver cdc_ncm
[    1.459316] tegra-phy 7d004000.usb-phy: no vbus regulator
[    1.466734] ehci_hcd: USB 2.0 'Enhanced' Host Controller (EHCI) Driver
[    1.473273] ehci-pci: EHCI PCI platform driver
[    1.477771] ehci-platform: EHCI generic platform driver
[    1.483233] ehci-orion: EHCI orion driver
[    1.487403] SPEAr-ehci: EHCI SPEAr driver
[    1.491576] ehci-st: EHCI STMicroelectronics driver
[    1.496615] ehci-exynos: EHCI EXYNOS driver
[    1.500981] ehci-atmel: EHCI Atmel driver
[    1.505149] tegra-ehci: Tegra EHCI driver
[    1.512002] tegra-ehci 7d004000.usb: EHCI Host Controller
[    1.517440] tegra-ehci 7d004000.usb: new USB bus registered, assigned bus number 1
[    1.525190] tegra-ehci 7d004000.usb: irq 352, io mem 0x7d004000
[    1.543787] tegra-ehci 7d004000.usb: USB 2.0 started, EHCI 1.10
[    1.550531] hub 1-0:1.0: USB hub found
[    1.554340] hub 1-0:1.0: 1 port detected
[    1.558937] ohci_hcd: USB 1.1 'Open' Host Controller (OHCI) Driver
[    1.565133] ohci-pci: OHCI PCI platform driver
[    1.569644] ohci-platform: OHCI generic platform driver
[    1.575062] ohci-omap3: OHCI OMAP3 driver
[    1.579234] SPEAr-ohci: OHCI SPEAr driver
[    1.583390] ohci-st: OHCI STMicroelectronics driver
[    1.588429] ohci-atmel: OHCI Atmel driver
[    1.593272] usbcore: registered new interface driver usb-storage
[    1.601013] mousedev: PS/2 mouse device common for all mice
[    1.610034] as3722-rtc as3722-rtc: rtc core: registered as3722-rtc as rtc0
[    1.616925] as3722-rtc as3722-rtc: RTC interrupt 375
[    1.625276] tegra_rtc 7000e000.rtc: rtc core: registered 7000e000.rtc as rtc1
[    1.632465] tegra_rtc 7000e000.rtc: Tegra internal Real Time Clock
[    1.639252] i2c /dev entries driver
[    1.649880] 0-004c supply vcc not found, using dummy regulator
[    1.665589] sdhci: Secure Digital Host Controller Interface driver
[    1.671785] sdhci: Copyright(c) Pierre Ossman
[    1.677795] Synopsys Designware Multimedia Card Interface Driver
[    1.684980] sdhci-pltfm: SDHCI platform and OF driver helper
[    1.691438] sdhci-tegra 700b0400.sdhci: Got CD GPIO
[    1.696348] sdhci-tegra 700b0400.sdhci: Got WP GPIO
[    1.701487] mmc0: Unknown controller version (3). You may experience problems.
[    1.708816] mmc0: Invalid maximum block size, assuming 512 bytes
[    1.758789] mmc0: SDHCI controller on 700b0600.sdhci [700b0600.sdhci] using ADMA 64-bit
[    1.768822] ledtrig-cpu: registered to indicate activity on CPUs
[    1.775257] usbcore: registered new interface driver usbhid
[    1.780841] usbhid: USB HID core driver
[    1.789787] tegra124-dfll 70110000.clock: couldn't get vdd_cpu regulator
[    1.804319] NET: Registered protocol family 10
[    1.809625] sit: IPv6, IPv4 and MPLS over IPv4 tunneling driver
[    1.816213] NET: Registered protocol family 17
[    1.820677] can: controller area network core (rev 20120528 abi 9)
[    1.826925] NET: Registered protocol family 29
[    1.831376] can: raw protocol (rev 20120528)
[    1.835653] can: broadcast manager protocol (rev 20160617 t)
[    1.841328] can: netlink gateway (rev 20130117) max_hops=1
[    1.846596] mmc0: new high speed MMC card at address 0001
[    1.847171] mmcblk0: mmc0:0001 SEM16G 14.7 GiB 
[    1.847417] mmcblk0boot0: mmc0:0001 SEM16G partition 1 4.00 MiB
[    1.847660] mmcblk0boot1: mmc0:0001 SEM16G partition 2 4.00 MiB
[    1.847890] mmcblk0rpmb: mmc0:0001 SEM16G partition 3 4.00 MiB
[    1.853464]  mmcblk0: p1
[    1.877350] Key type dns_resolver registered
[    1.882262] ThumbEE CPU extension supported.
[    1.886552] Registering SWP/SWPB emulation handler
[    1.894280] +3.3V_RUN: supplied by +3.3V_SYS
[    1.899023] +3.3V_AVDD_HDMI_AP_GATED: supplied by +3.3V_RUN
[    1.905146] +USB0_VBUS_SW: supplied by +5V_SYS
[    1.910296] +5V_USB_HS: supplied by +5V_SYS
[    1.916231] +3.3V_LP0: supplied by +3.3V_SYS
[    1.922381] +5V_HDMI_CON: supplied by +5V_SYS
[    1.927477] +5V_SATA: supplied by +5V_SYS
[    1.932198] +12V_SATA: supplied by +VDD_MUX
[    1.938228] usb2-0 supply vbus not found, using dummy regulator
[    1.944355] usb2-1 supply vbus not found, using dummy regulator
[    1.950673] usb3-0 supply vbus not found, using dummy regulator
[    1.957861] tegra-pcie 1003000.pcie-controller: 2x1, 1x1 configuration
[    1.964504] tegra-pcie 1003000.pcie-controller: Failed to get supply 'avddio-pex': -517
[    1.974505] tegra-hdmi 54280000.hdmi: failed to get PLL regulator
[    1.984096] as3722-sd2: supplied by +5V_SYS
[    1.988642] as3722-sd3: supplied by +5V_SYS
[    1.993127] as3722-sd4: supplied by +5V_SYS
[    1.997663] +1.05V_RUN_AVDD_HDMI_PLL: supplied by +1.05V_RUN
[    2.003446] as3722-sd5: supplied by +5V_SYS
[    2.009157] as3722-ldo0: supplied by +1.35V_LP0(sd2)
[    2.014715] as3722-ldo1: supplied by +3.3V_RUN
[    2.019614] as3722-ldo2: supplied by +1.8V_VDDIO
[    2.025220] as3722-ldo3: supplied by +3.3V_SYS
[    2.030686] as3722-ldo4: supplied by +3.3V_SYS
[    2.035423] as3722-ldo5: supplied by +1.8V_VDDIO
[    2.040322] as3722-ldo6: supplied by +3.3V_RUN
[    2.045058] as3722-ldo7: supplied by +1.8V_VDDIO
[    2.050390] +1.05V_RUN_CAM_REAR: Bringing 0uV into 1050000-1050000uV
[    2.057454] as3722-ldo9: supplied by +5V_SYS
[    2.062876] +3.3V_RUN_TOUCH: Bringing 0uV into 2800000-2800000uV
[    2.069577] as3722-ldo10: supplied by +5V_SYS
[    2.074682] +2.8V_RUN_CAM_AF: Bringing 0uV into 2800000-2800000uV
[    2.081501] as3722-ldo11: supplied by +3.3V_RUN
[    2.086761] +1.8V_RUN_VPP_FUSE: Bringing 0uV into 1800000-1800000uV
[    2.096941] tegra-ahci 70027000.sata: AHCI 0001.0301 32 slots 2 ports 3 Gbps 0x1 impl platform mode
[    2.106018] tegra-ahci 70027000.sata: flags: 64bit ncq sntf pm led pio slum part sadm sds apst 
[    2.116906] scsi host0: tegra-ahci
[    2.121615] scsi host1: tegra-ahci
[    2.125408] ata1: SATA max UDMA/133 mmio [mem 0x70027000-0x70028fff] port 0x100 irq 343
[    2.133421] ata2: DUMMY
[    2.139067] tegra-ehci 7d008000.usb: EHCI Host Controller
[    2.144503] tegra-ehci 7d008000.usb: new USB bus registered, assigned bus number 2
[    2.152264] tegra-ehci 7d008000.usb: irq 353, io mem 0x7d008000
[    2.168888] tegra-ehci 7d008000.usb: USB 2.0 started, EHCI 1.10
[    2.176014] hub 2-0:1.0: USB hub found
[    2.179870] hub 2-0:1.0: 1 port detected
[    2.186359] sdhci-tegra 700b0400.sdhci: Got CD GPIO
[    2.191320] sdhci-tegra 700b0400.sdhci: Got WP GPIO
[    2.196459] mmc1: Unknown controller version (3). You may experience problems.
[    2.203815] mmc1: Invalid maximum block size, assuming 512 bytes
[    2.254368] mmc1: SDHCI controller on 700b0400.sdhci [700b0400.sdhci] using ADMA 64-bit
[    2.267013] tegra-pcie 1003000.pcie-controller: 2x1, 1x1 configuration
[    2.280896] tegra-pcie 1003000.pcie-controller: probing port 0, using 2 lanes
[    2.290114] tegra-pcie 1003000.pcie-controller: Slot present pin change, signature: 00000008
[    2.314173] tegra-pcie 1003000.pcie-controller: probing port 1, using 1 lanes
[    2.323446] tegra-pcie 1003000.pcie-controller: Slot present pin change, signature: 00000000
[    2.338406] tegra-pcie 1003000.pcie-controller: PCI host bridge to bus 0000:00
[    2.345676] pci_bus 0000:00: root bus resource [io  0x0000-0xffff]
[    2.351909] pci_bus 0000:00: root bus resource [mem 0x13000000-0x1fffffff]
[    2.358841] pci_bus 0000:00: root bus resource [mem 0x20000000-0x3fffffff pref]
[    2.366192] pci_bus 0000:00: root bus resource [bus 00-ff]
[    2.371774] pci 0000:00:01.0: [10de:0e12] type 01 class 0x060400
[    2.377928] pci 0000:00:01.0: PME# supported from D0 D1 D2 D3hot D3cold
[    2.384964] pci 0000:00:02.0: [10de:0e13] type 01 class 0x060400
[    2.391146] pci 0000:00:02.0: PME# supported from D0 D1 D2 D3hot D3cold
[    2.398174] PCI: bus0: Fast back to back transfers disabled
[    2.403808] pci 0000:00:01.0: bridge configuration invalid ([bus 00-00]), reconfiguring
[    2.411874] pci 0000:00:02.0: bridge configuration invalid ([bus 00-00]), reconfiguring
[    2.420201] pci 0000:01:00.0: [8086:4232] type 00 class 0x028000
[    2.426309] pci 0000:01:00.0: reg 0x10: [mem 0x00000000-0x00001fff 64bit]
[    2.433366] pci 0000:01:00.0: PME# supported from D0 D3hot D3cold
[    2.452431] ata1: SATA link down (SStatus 0 SControl 300)
[    2.453904] PCI: bus1: Fast back to back transfers disabled
[    2.453916] pci_bus 0000:01: busn_res: [bus 01-ff] end is updated to 01
[    2.454206] pci 0000:02:00.0: [10ec:8168] type 00 class 0x020000
[    2.454243] pci 0000:02:00.0: reg 0x10: [io  0x0000-0x00ff]
[    2.454285] pci 0000:02:00.0: reg 0x18: [mem 0x00000000-0x00000fff 64bit]
[    2.454313] pci 0000:02:00.0: reg 0x20: [mem 0x00000000-0x00003fff 64bit pref]
[    2.454485] pci 0000:02:00.0: supports D1 D2
[    2.454491] pci 0000:02:00.0: PME# supported from D0 D1 D2 D3hot D3cold
[    2.468916] PCI: bus2: Fast back to back transfers disabled
[    2.468930] pci_bus 0000:02: busn_res: [bus 02-ff] end is updated to 02
[    2.469118] pci 0000:00:01.0: BAR 8: assigned [mem 0x13000000-0x130fffff]
[    2.469127] pci 0000:00:02.0: BAR 8: assigned [mem 0x13100000-0x131fffff]
[    2.469138] pci 0000:00:02.0: BAR 9: assigned [mem 0x20000000-0x200fffff 64bit pref]
[    2.469146] pci 0000:00:02.0: BAR 7: assigned [io  0x1000-0x1fff]
[    2.469159] pci 0000:01:00.0: BAR 0: assigned [mem 0x13000000-0x13001fff 64bit]
[    2.469194] pci 0000:00:01.0: PCI bridge to [bus 01]
[    2.469206] pci 0000:00:01.0:   bridge window [mem 0x13000000-0x130fffff]
[    2.469224] pci 0000:02:00.0: BAR 4: assigned [mem 0x20000000-0x20003fff 64bit pref]
[    2.469253] pci 0000:02:00.0: BAR 2: assigned [mem 0x13100000-0x13100fff 64bit]
[    2.469281] pci 0000:02:00.0: BAR 0: assigned [io  0x1000-0x10ff]
[    2.469293] pci 0000:00:02.0: PCI bridge to [bus 02]
[    2.469301] pci 0000:00:02.0:   bridge window [io  0x1000-0x1fff]
[    2.469312] pci 0000:00:02.0:   bridge window [mem 0x13100000-0x131fffff]
[    2.469321] pci 0000:00:02.0:   bridge window [mem 0x20000000-0x200fffff 64bit pref]
[    2.469363] pci 0000:00:01.0: nv_msi_ht_cap_quirk didn't locate host bridge
[    2.469487] pcieport 0000:00:01.0: enabling device (0140 -> 0142)
[    2.469763] pcieport 0000:00:01.0: Signaling PME through PCIe PME interrupt
[    2.469770] pci 0000:01:00.0: Signaling PME through PCIe PME interrupt
[    2.469781] pcie_pme 0000:00:01.0:pcie001: service driver pcie_pme loaded
[    2.469900] pci 0000:00:02.0: nv_msi_ht_cap_quirk didn't locate host bridge
[    2.469984] pcieport 0000:00:02.0: enabling device (0140 -> 0143)
[    2.470242] pcieport 0000:00:02.0: Signaling PME through PCIe PME interrupt
[    2.470248] pci 0000:02:00.0: Signaling PME through PCIe PME interrupt
[    2.470259] pcie_pme 0000:00:02.0:pcie001: service driver pcie_pme loaded
[    2.470596] r8169 Gigabit Ethernet driver 2.3LK-NAPI loaded
[    2.470619] r8169 0000:02:00.0: enabling device (0140 -> 0143)
[    2.490564] r8169 0000:02:00.0 eth0: RTL8168g/8111g at 0xf0a4d000, 00:04:4b:3a:d9:81, XID 0c000800 IRQ 393
[    2.490572] r8169 0000:02:00.0 eth0: jumbo features [frames: 9200 bytes, tx checksumming: ko]
[    2.495128] [drm:drm_vblank_init] Supports vblank timestamp caching Rev 2 (21.10.2013).
[    2.495134] [drm:drm_vblank_init] No driver support for vblank timestamp query.
[    2.495181] drm drm: No connectors reported connected with modes
[    2.495192] [drm:drm_fb_helper_single_fb_probe] Cannot find any crtc or sizes - going 1024x768
[    2.538855] mmc1: new high speed SDHC card at address aaaa
[    2.540645] mmcblk1: mmc1:aaaa SD04G 3.69 GiB 
[    2.553546]  mmcblk1: p1 p2 p3
[    2.759860] Console: switching to colour frame buffer device 128x48
[    2.773526] drm drm: fb0:  frame buffer device
[    2.793884] [drm:host1x_drm_probe] Initialized tegra 0.0.0 20120330 on minor 0
[    2.802825] of: dev_pm_opp_of_cpumask_add_table: couldn't find opp table for cpu:0, -19
[    2.810916] cpufreq: cpufreq_online: CPU0: Running at unlisted freq: 696000 KHz
[    2.818251] cpufreq: cpufreq_online: CPU0: Unlisted initial frequency changed to: 714000 KHz
[    2.827485] input: gpio-keys as /devices/soc0/gpio-keys/input/input0
[    2.834684] as3722-rtc as3722-rtc: setting system clock to 2000-01-01 00:00:12 UTC (946684812)
[    2.846563] +USB0_VBUS_SW: disabling
[    2.850163] +1.8V_RUN_CAM: disabling
[    2.853956] +2.8V_RUN_CAM: disabling
[    2.857694] +1.2V_RUN_CAM_FRONT: disabling
[    2.861977] +1.05V_RUN_CAM_REAR: disabling
[    2.866256] +3.3V_RUN_TOUCH: disabling
[    2.870198] +2.8V_RUN_CAM_AF: disabling
[    2.874212] +1.8V_RUN_VPP_FUSE: disabling
[    2.879587] EXT4-fs (mmcblk0p1): mounting ext3 file system using the ext4 subsystem
[    2.901761] EXT4-fs (mmcblk0p1): recovery complete
[    2.906588] EXT4-fs (mmcblk0p1): mounted filesystem with ordered data mode. Opts: (null)
[    2.914714] VFS: Mounted root (ext3 filesystem) on device 179:1.
[    2.924917] devtmpfs: mounted
[    2.928772] Freeing unused kernel memory: 2048K (c1100000 - c1300000)
bash: cannot set terminal process group (-1): Inappropriate ioctl for device
bash: no job control in this shell
root@(none):/# mount -t sysfs none /sys
root@(none):/# 
root@(none):/# mount -t debugfs none /sys/kernel/debug
root@(none):/# 
root@(none):/# rtcwake -d rtc1 -m mem -s 3
rtcwake: assuming RTC uses UTC ...
rtcwake: wakeup from "mem" using /dev/rtc1 at Thu Jan  1 00:00:19 1970
[    6.419821] PM: Syncing filesystems ... done.
[    6.452467] Freezing user space processes ... (elapsed 0.001 seconds) done.
[    6.461422] Double checking all user space processes after OOM killer disable... (elapsed 0.000 seconds) 
[    6.471356] Freezing remaining freezable tasks ... (elapsed 0.001 seconds) done.
[    6.480866] Suspending console(s) (use no_console_suspend to debug)
[    6.587146] PM: suspend of devices complete after 95.818 msecs
[    6.594801] PM: late suspend of devices complete after 7.610 msecs
[    6.619369] PM: noirq suspend of devices complete after 24.535 msecs
[    6.619380] Disabling non-boot CPUs ...
[    6.619864] span: 0,2-3 (max cpu_capacity = 1024)
[    6.621929] CPU1: shutdown
[    6.659502] span: 0,3 (max cpu_capacity = 1024)
[    6.660657] IRQ17 no longer affine to CPU2
[    6.661657] CPU2: shutdown
[    6.683600] span: 0 (max cpu_capacity = 1024)
[    6.685393] CPU3: shutdown
[    6.707323] Entering suspend state LP1
[    6.707338] Enabling non-boot CPUs ...
[    6.719537] span: 0-1 (max cpu_capacity = 1024)
[    6.719588] CPU1 is up
[    6.739574] span: 0-2 (max cpu_capacity = 1024)
[    6.739628] CPU2 is up
[    6.759702] span: 0-3 (max cpu_capacity = 1024)
[    6.759758] CPU3 is up
[    6.760466] pcieport 0000:00:01.0: nv_msi_ht_cap_quirk didn't locate host bridge
[    6.760470] pcieport 0000:00:02.0: nv_msi_ht_cap_quirk didn't locate host bridge
[    6.778840] PM: noirq resume of devices complete after 19.077 msecs
[    6.779945] PM: early resume of devices complete after 0.785 msecs
[    6.809287] PM: resume of devices complete after 29.333 msecs
[    6.919134] Restarting tasks ... done.
root@(none):/# 
root@(none):/# [    7.101552] ata1: SATA link down (SStatus 0 SControl 300)
rtcwake -d rtc1 -m mem -s 3
rtcwake: assuming RTC uses UTC ...
rtcwake: wakeup from "mem" using /dev/rtc1 at Thu Jan  1 00:00:24 1970
[    8.014776] PM: Syncing filesystems ... done.
[    8.038070] Freezing user space processes ... (elapsed 0.001 seconds) done.
[    8.046740] Double checking all user space processes after OOM killer disable... (elapsed 0.000 seconds) 
[    8.056558] Freezing remaining freezable tasks ... (elapsed 0.001 seconds) done.
[    8.065763] Suspending console(s) (use no_console_suspend to debug)
[    8.186519] PM: suspend of devices complete after 111.784 msecs
[    8.193679] PM: late suspend of devices complete after 7.131 msecs
[    8.217210] PM: noirq suspend of devices complete after 23.512 msecs
[    8.217217] Disabling non-boot CPUs ...
[    8.217508] span: 0,2-3 (max cpu_capacity = 1024)
[    8.218129] IRQ17 no longer affine to CPU1
[    8.218912] CPU1: shutdown
[    8.257594] span: 0,3 (max cpu_capacity = 1024)
[    8.258929] CPU2: shutdown
[    8.296931] span: 0 (max cpu_capacity = 1024)
[    8.298144] CPU3: shutdown
[    8.321138] Entering suspend state LP1
[    8.321153] Enabling non-boot CPUs ...
[    8.334519] span: 0-1 (max cpu_capacity = 1024)
[    8.334570] CPU1 is up
[    8.354557] span: 0-2 (max cpu_capacity = 1024)
[    8.354607] CPU2 is up
[    8.374687] span: 0-3 (max cpu_capacity = 1024)
[    8.374741] CPU3 is up
[    8.375455] pcieport 0000:00:01.0: nv_msi_ht_cap_quirk didn't locate host bridge
[    8.375610] pcieport 0000:00:02.0: nv_msi_ht_cap_quirk didn't locate host bridge
[    8.393825] PM: noirq resume of devices complete after 19.078 msecs
[    8.395513] PM: early resume of devices complete after 1.373 msecs
[    8.424558] PM: resume of devices complete after 29.036 msecs
[    8.534445] Restarting tasks ... done.
root@(none):/# 
root@(none):/# [    8.716475] ata1: SATA link down (SStatus 0 SControl 300)
rtcwake -d rtc1 -m mem -s 3
rtcwake: assuming RTC uses UTC ...
rtcwake: wakeup from "mem" using /dev/rtc1 at Thu Jan  1 00:00:29 1970
[    9.636828] PM: Syncing filesystems ... done.
[    9.669517] Freezing user space processes ... (elapsed 0.001 seconds) done.
[    9.678504] Double checking all user space processes after OOM killer disable... (elapsed 0.000 seconds) 
[    9.688435] Freezing remaining freezable tasks ... (elapsed 0.001 seconds) done.
[    9.697979] Suspending console(s) (use no_console_suspend to debug)
[    9.802110] PM: suspend of devices complete after 93.908 msecs
[    9.810557] PM: late suspend of devices complete after 8.406 msecs
[    9.834029] PM: noirq suspend of devices complete after 23.443 msecs
[    9.834040] Disabling non-boot CPUs ...
[    9.834550] span: 0,2-3 (max cpu_capacity = 1024)
[    9.835494] IRQ17 no longer affine to CPU1
[    9.836547] CPU1: shutdown
[    9.874502] span: 0,3 (max cpu_capacity = 1024)
[    9.876366] CPU2: shutdown
[    9.903501] span: 0 (max cpu_capacity = 1024)
[    9.905309] CPU3: shutdown
[    9.927269] Entering suspend state LP1
[    9.927283] Enabling non-boot CPUs ...
[    9.939492] span: 0-1 (max cpu_capacity = 1024)
[    9.939544] CPU1 is up
[    9.959524] span: 0-2 (max cpu_capacity = 1024)
[    9.959573] CPU2 is up
[    9.979652] span: 0-3 (max cpu_capacity = 1024)
[    9.979704] CPU3 is up
[    9.980440] pcieport 0000:00:01.0: nv_msi_ht_cap_quirk didn't locate host bridge
[    9.980442] pcieport 0000:00:02.0: nv_msi_ht_cap_quirk didn't locate host bridge
[    9.998794] PM: noirq resume of devices complete after 19.084 msecs
[   10.000294] PM: early resume of devices complete after 1.180 msecs
[   10.028955] PM: resume of devices complete after 28.650 msecs
[   10.138753] Restarting tasks ... done.
root@(none):/# 
root@(none):/# [   10.321482] ata1: SATA link down (SStatus 0 SControl 300)
rtcwake -d rtc1 -m mem -s 3
rtcwake: assuming RTC uses UTC ...
rtcwake: wakeup from "mem" using /dev/rtc1 at Thu Jan  1 00:00:34 1970
[   11.239720] PM: Syncing filesystems ... done.
[   11.271195] Freezing user space processes ... (elapsed 0.001 seconds) done.
[   11.280227] Double checking all user space processes after OOM killer disable... (elapsed 0.000 seconds) 
[   11.290154] Freezing remaining freezable tasks ... (elapsed 0.001 seconds) done.
[   11.299690] Suspending console(s) (use no_console_suspend to debug)
[   11.406982] PM: suspend of devices complete after 97.059 msecs
[   11.417710] PM: late suspend of devices complete after 10.686 msecs
[   11.444263] PM: noirq suspend of devices complete after 26.523 msecs
[   11.444273] Disabling non-boot CPUs ...
[   11.444698] span: 0,2-3 (max cpu_capacity = 1024)
[   11.446532] CPU1: shutdown
[   11.469432] span: 0,3 (max cpu_capacity = 1024)
[   11.471296] CPU2: shutdown
[   11.498476] span: 0 (max cpu_capacity = 1024)
[   11.499291] IRQ17 no longer affine to CPU3
[   11.500298] CPU3: shutdown
[   11.522190] Entering suspend state LP1
[   11.522205] Enabling non-boot CPUs ...
[   11.534454] span: 0-1 (max cpu_capacity = 1024)
[   11.534505] CPU1 is up
[   11.554490] span: 0-2 (max cpu_capacity = 1024)
[   11.554538] CPU2 is up
[   11.574621] span: 0-3 (max cpu_capacity = 1024)
[   11.574676] CPU3 is up
[   11.575411] pcieport 0000:00:01.0: nv_msi_ht_cap_quirk didn't locate host bridge
[   11.575413] pcieport 0000:00:02.0: nv_msi_ht_cap_quirk didn't locate host bridge
[   11.593752] PM: noirq resume of devices complete after 19.070 msecs
[   11.594878] PM: early resume of devices complete after 0.789 msecs
[   11.624011] PM: resume of devices complete after 29.124 msecs
[   11.733930] Restarting tasks ... done.
root@(none):/# 
root@(none):/# [   11.916480] ata1: SATA link down (SStatus 0 SControl 300)
rtcwake -d rtc1 -m mem -s 3
rtcwake: assuming RTC uses UTC ...
rtcwake: wakeup from "mem" using /dev/rtc1 at Thu Jan  1 00:00:39 1970
[   12.841981] PM: Syncing filesystems ... done.
[   12.873819] Freezing user space processes ... (elapsed 0.001 seconds) done.
[   12.882715] Double checking all user space processes after OOM killer disable... (elapsed 0.000 seconds) 
[   12.892686] Freezing remaining freezable tasks ... (elapsed 0.001 seconds) done.
[   12.902187] Suspending console(s) (use no_console_suspend to debug)
[   13.022256] PM: suspend of devices complete after 109.770 msecs
[   13.033009] PM: late suspend of devices complete after 10.713 msecs
[   13.059135] PM: noirq suspend of devices complete after 26.097 msecs
[   13.059144] Disabling non-boot CPUs ...
[   13.059577] span: 0,2-3 (max cpu_capacity = 1024)
[   13.060482] IRQ17 no longer affine to CPU1
[   13.061531] CPU1: shutdown
[   13.084475] span: 0,3 (max cpu_capacity = 1024)
[   13.086344] CPU2: shutdown
[   13.113505] span: 0 (max cpu_capacity = 1024)
[   13.115333] CPU3: shutdown
[   13.137194] Entering suspend state LP1
[   13.137209] Enabling non-boot CPUs ...
[   13.149437] span: 0-1 (max cpu_capacity = 1024)
[   13.149488] CPU1 is up
[   13.169461] span: 0-2 (max cpu_capacity = 1024)
[   13.169510] CPU2 is up
[   13.189584] span: 0-3 (max cpu_capacity = 1024)
[   13.189635] CPU3 is up
[   13.190372] pcieport 0000:00:02.0: nv_msi_ht_cap_quirk didn't locate host bridge
[   13.190375] pcieport 0000:00:01.0: nv_msi_ht_cap_quirk didn't locate host bridge
[   13.208737] PM: noirq resume of devices complete after 19.095 msecs
[   13.209921] PM: early resume of devices complete after 1.023 msecs
[   13.239216] PM: resume of devices complete after 29.286 msecs
[   13.349251] Restarting tasks ... done.
root@(none):/# 
root@(none):/# [   13.531423] ata1: SATA link down (SStatus 0 SControl 300)
rtcwake -d rtc1 -m mem -s 3
rtcwake: assuming RTC uses UTC ...
rtcwake: wakeup from "mem" using /dev/rtc1 at Thu Jan  1 00:00:44 1970
[   14.455807] PM: Syncing filesystems ... done.
[   14.486750] Freezing user space processes ... (elapsed 0.001 seconds) done.
[   14.495777] Double checking all user space processes after OOM killer disable... (elapsed 0.000 seconds) 
[   14.505713] Freezing remaining freezable tasks ... (elapsed 0.001 seconds) done.
[   14.515323] Suspending console(s) (use no_console_suspend to debug)
[   14.632662] PM: suspend of devices complete after 107.110 msecs
[   14.641153] PM: late suspend of devices complete after 8.451 msecs
[   14.664188] PM: noirq suspend of devices complete after 23.007 msecs
[   14.664198] Disabling non-boot CPUs ...
[   14.664650] span: 0,2-3 (max cpu_capacity = 1024)
[   14.666661] CPU1: shutdown
[   14.704365] span: 0,3 (max cpu_capacity = 1024)
[   14.705233] IRQ17 no longer affine to CPU2
[   14.706286] CPU2: shutdown
[   14.733439] span: 0 (max cpu_capacity = 1024)
[   14.735252] CPU3: shutdown
[   14.757165] Entering suspend state LP1
[   14.757180] Enabling non-boot CPUs ...
[   14.769404] span: 0-1 (max cpu_capacity = 1024)
[   14.769456] CPU1 is up
[   14.789428] span: 0-2 (max cpu_capacity = 1024)
[   14.789477] CPU2 is up
[   14.809556] span: 0-3 (max cpu_capacity = 1024)
[   14.809608] CPU3 is up
[   14.810296] pcieport 0000:00:01.0: nv_msi_ht_cap_quirk didn't locate host bridge
[   14.810358] pcieport 0000:00:02.0: nv_msi_ht_cap_quirk didn't locate host bridge
[   14.828689] PM: noirq resume of devices complete after 19.076 msecs
[   14.829774] PM: early resume of devices complete after 0.767 msecs
[   14.858541] PM: resume of devices complete after 28.757 msecs
[   14.968473] Restarting tasks ... done.
root@(none):/# 
root@(none):/# [   15.146397] ata1: SATA link down (SStatus 0 SControl 300)
rtcwake -d rtc1 -m mem -s 3
rtcwake: assuming RTC uses UTC ...
rtcwake: wakeup from "mem" using /dev/rtc1 at Thu Jan  1 00:00:49 1970
[   16.073424] PM: Syncing filesystems ... done.
[   16.105923] Freezing user space processes ... (elapsed 0.001 seconds) done.
[   16.114948] Double checking all user space processes after OOM killer disable... (elapsed 0.000 seconds) 
[   16.124881] Freezing remaining freezable tasks ... (elapsed 0.001 seconds) done.
[   16.134496] Suspending console(s) (use no_console_suspend to debug)
[   16.237648] PM: suspend of devices complete after 92.923 msecs
[   16.247615] PM: late suspend of devices complete after 9.927 msecs
[   16.274068] PM: noirq suspend of devices complete after 26.424 msecs
[   16.274077] Disabling non-boot CPUs ...
[   16.274530] span: 0,2-3 (max cpu_capacity = 1024)
[   16.276519] CPU1: shutdown
[   16.314370] span: 0,3 (max cpu_capacity = 1024)
[   16.316228] CPU2: shutdown
[   16.343399] span: 0 (max cpu_capacity = 1024)
[   16.344218] IRQ17 no longer affine to CPU3
[   16.345242] CPU3: shutdown
[   16.367116] Entering suspend state LP1
[   16.367130] Enabling non-boot CPUs ...
[   16.379371] span: 0-1 (max cpu_capacity = 1024)
[   16.379425] CPU1 is up
[   16.399398] span: 0-2 (max cpu_capacity = 1024)
[   16.399446] CPU2 is up
[   16.419535] span: 0-3 (max cpu_capacity = 1024)
[   16.419587] CPU3 is up
[   16.420308] pcieport 0000:00:02.0: nv_msi_ht_cap_quirk didn't locate host bridge
[   16.420419] pcieport 0000:00:01.0: nv_msi_ht_cap_quirk didn't locate host bridge
[   16.438671] PM: noirq resume of devices complete after 19.079 msecs
[   16.440283] PM: early resume of devices complete after 1.290 msecs
[   16.469081] PM: resume of devices complete after 28.788 msecs
[   16.578973] Restarting tasks ... done.
root@(none):/# 
root@(none):/# [   16.761375] ata1: SATA link down (SStatus 0 SControl 300)
rtcwake -d rtc1 -m mem -s 3
rtcwake: assuming RTC uses UTC ...
rtcwake: wakeup from "mem" using /dev/rtc1 at Thu Jan  1 00:00:54 1970
[   17.679612] PM: Syncing filesystems ... done.
[   17.702511] Freezing user space processes ... (elapsed 0.001 seconds) done.
[   17.711242] Double checking all user space processes after OOM killer disable... (elapsed 0.000 seconds) 
[   17.721057] Freezing remaining freezable tasks ... (elapsed 0.001 seconds) done.
[   17.730325] Suspending console(s) (use no_console_suspend to debug)
[   17.841333] PM: suspend of devices complete after 102.006 msecs
[   17.847504] PM: late suspend of devices complete after 6.141 msecs
[   17.872048] PM: noirq suspend of devices complete after 24.526 msecs
[   17.872055] Disabling non-boot CPUs ...
[   17.872355] span: 0,2-3 (max cpu_capacity = 1024)
[   17.872993] IRQ17 no longer affine to CPU1
[   17.873776] CPU1: shutdown
[   17.907425] span: 0,3 (max cpu_capacity = 1024)
[   17.908766] CPU2: shutdown
[   17.946771] span: 0 (max cpu_capacity = 1024)
[   17.948000] CPU3: shutdown
[   17.970966] Entering suspend state LP1
[   17.970981] Enabling non-boot CPUs ...
[   17.984346] span: 0-1 (max cpu_capacity = 1024)
[   17.984399] CPU1 is up
[   18.004377] span: 0-2 (max cpu_capacity = 1024)
[   18.004427] CPU2 is up
[   18.024500] span: 0-3 (max cpu_capacity = 1024)
[   18.024556] CPU3 is up
[   18.025259] pcieport 0000:00:02.0: nv_msi_ht_cap_quirk didn't locate host bridge
[   18.025325] pcieport 0000:00:01.0: nv_msi_ht_cap_quirk didn't locate host bridge
[   18.043643] PM: noirq resume of devices complete after 19.081 msecs
[   18.045217] PM: early resume of devices complete after 1.246 msecs
[   18.074006] PM: resume of devices complete after 28.778 msecs
[   18.183935] Restarting tasks ... done.
root@(none):/# 
root@(none):/# [   18.366309] ata1: SATA link down (SStatus 0 SControl 300)
rtcwake -d rtc1 -m mem -s 3
rtcwake: assuming RTC uses UTC ...
rtcwake: wakeup from "mem" using /dev/rtc1 at Thu Jan  1 00:00:59 1970
[   19.291073] PM: Syncing filesystems ... done.
[   19.322593] Freezing user space processes ... (elapsed 0.001 seconds) done.
[   19.331599] Double checking all user space processes after OOM killer disable... (elapsed 0.000 seconds) 
[   19.341548] Freezing remaining freezable tasks ... (elapsed 0.001 seconds) done.
[   19.351113] Suspending console(s) (use no_console_suspend to debug)
[   19.472104] PM: suspend of devices complete after 110.764 msecs
[   19.482211] PM: late suspend of devices complete after 10.066 msecs
[   19.508847] PM: noirq suspend of devices complete after 26.608 msecs
[   19.508857] Disabling non-boot CPUs ...
[   19.509305] span: 0,2-3 (max cpu_capacity = 1024)
[   19.511241] CPU1: shutdown
[   19.539320] span: 0,3 (max cpu_capacity = 1024)
[   19.541214] CPU2: shutdown
[   19.568327] span: 0 (max cpu_capacity = 1024)
[   19.569155] IRQ17 no longer affine to CPU3
[   19.570164] CPU3: shutdown
[   19.592083] Entering suspend state LP1
[   19.592098] Enabling non-boot CPUs ...
[   19.604318] span: 0-1 (max cpu_capacity = 1024)
[   19.604373] CPU1 is up
[   19.624352] span: 0-2 (max cpu_capacity = 1024)
[   19.624403] CPU2 is up
[   19.644479] span: 0-3 (max cpu_capacity = 1024)
[   19.644533] CPU3 is up
[   19.645281] pcieport 0000:00:02.0: nv_msi_ht_cap_quirk didn't locate host bridge
[   19.645283] pcieport 0000:00:01.0: nv_msi_ht_cap_quirk didn't locate host bridge
[   19.663619] PM: noirq resume of devices complete after 19.080 msecs
[   19.665262] PM: early resume of devices complete after 1.297 msecs
[   19.693921] PM: resume of devices complete after 28.650 msecs
[   19.803940] Restarting tasks ... done.
root@(none):/# 
root@(none):/# [   19.986313] ata1: SATA link down (SStatus 0 SControl 300)
rtcwake -d rtc1 -m mem -s 3
rtcwake: assuming RTC uses UTC ...
rtcwake: wakeup from "mem" using /dev/rtc1 at Thu Jan  1 00:01:04 1970
[   20.909637] PM: Syncing filesystems ... done.
[   20.941313] Freezing user space processes ... (elapsed 0.001 seconds) done.
[   20.950340] Double checking all user space processes after OOM killer disable... (elapsed 0.000 seconds) 
[   20.960271] Freezing remaining freezable tasks ... (elapsed 0.001 seconds) done.
[   20.969891] Suspending console(s) (use no_console_suspend to debug)
[   21.072058] PM: suspend of devices complete after 91.927 msecs
[   21.082518] PM: late suspend of devices complete after 10.419 msecs
[   21.108821] PM: noirq suspend of devices complete after 26.275 msecs
[   21.108831] Disabling non-boot CPUs ...
[   21.109345] span: 0,2-3 (max cpu_capacity = 1024)
[   21.110306] IRQ17 no longer affine to CPU1
[   21.111358] CPU1: shutdown
[   21.149288] span: 0,3 (max cpu_capacity = 1024)
[   21.151154] CPU2: shutdown
[   21.178358] span: 0 (max cpu_capacity = 1024)
[   21.180159] CPU3: shutdown
[   21.202068] Entering suspend state LP1
[   21.202082] Enabling non-boot CPUs ...
[   21.214287] span: 0-1 (max cpu_capacity = 1024)
[   21.214337] CPU1 is up
[   21.234314] span: 0-2 (max cpu_capacity = 1024)
[   21.234363] CPU2 is up
[   21.254444] span: 0-3 (max cpu_capacity = 1024)
[   21.254497] CPU3 is up
[   21.255247] pcieport 0000:00:02.0: nv_msi_ht_cap_quirk didn't locate host bridge
[   21.255249] pcieport 0000:00:01.0: nv_msi_ht_cap_quirk didn't locate host bridge
[   21.273588] PM: noirq resume of devices complete after 19.086 msecs
[   21.275299] PM: early resume of devices complete after 1.387 msecs
[   21.304185] PM: resume of devices complete after 28.876 msecs
[   21.414127] Restarting tasks ... done.
root@(none):/# 
root@(none):/# [   21.596242] ata1: SATA link down (SStatus 0 SControl 300)
NVTB SYSTEM SUSPEND TEST COMPLETE
