
U-Boot SPL 2016.05-rc2 (Apr 21 2016 - 16:23:00)
Trying to boot from RAM


U-Boot 2016.05-rc2 (Apr 21 2016 - 16:23:00 -0700)

TEGRA124
Model: NVIDIA Jetson TK1
Board: NVIDIA Jetson TK1
DRAM:  2 GiB
MMC:   Tegra SD/MMC: 0, Tegra SD/MMC: 1
In:    serial
Out:   serial
Err:   serial
Net:   No ethernet found.
Hit any key to stop autoboot:  2  0 
Tegra124 (Jetson TK1) # 
Tegra124 (Jetson TK1) # pci enum
Tegra124 (Jetson TK1) # setenv bootargs 'ignore_loglevel console=ttyS0,115200n8 rw root=PARTUUID=b1791faa-84e8-4e27-83a1-9fb0a77e8803 rootwait gpt debug noinitrd earlyprintk init=/bin/bash'
Tegra124 (Jetson TK1) # setenv ipaddr 192.168.100.102; setenv serverip 192.168.100.1; setenv tftpserverip 192.168.100.1
Tegra124 (Jetson TK1) # tftpboot 0x82000000 zImage.multi_v7_defconfig

Warning: eth_rtl8169 using MAC address from ROM
Using eth_rtl8169 device
TFTP from server 192.168.100.1; our IP address is 192.168.100.102
Filename 'zImage.multi_v7_defconfig'.
Load address: 0x82000000
Loading: *#################################################################
	 #################################################################
	 #################################################################
	 #################################################################
	 #################################################################
	 #################################################################
	 #################################################################
	 #########################################################
	 3.9 MiB/s
done
Bytes transferred = 7512216 (72a098 hex)
Tegra124 (Jetson TK1) # tftpboot 0x83000000 tegra124-jetson-tk1.dtb
Using eth_rtl8169 device
TFTP from server 192.168.100.1; our IP address is 192.168.100.102
Filename 'tegra124-jetson-tk1.dtb'.
Load address: 0x83000000
Loading: *#####
	 3 MiB/s
done
Bytes transferred = 67133 (1063d hex)
Tegra124 (Jetson TK1) # bootz 0x82000000 - 0x83000000
Kernel image @ 0x82000000 [ 0x000000 - 0x72a098 ]
## Flattened Device Tree blob at 83000000
   Booting using the fdt blob at 0x83000000
   Using Device Tree in place at 83000000, end 8301363c

Starting kernel ...

[    0.000000] Booting Linux on physical CPU 0x0
[    0.000000] Linux version 4.10.0-rc7-next-20170209-152254-g9f7e70f (pwalmsley@sellafield) (gcc version 4.7.3 20130328 (prerelease) (crosstool-NG linaro-1.13.1-4.7-2013.04-20130415 - Linaro GCC 2013.04) ) #1 SMP Wed Feb 8 22:50:29 PST 2017
[    0.000000] CPU: ARMv7 Processor [413fc0f3] revision 3 (ARMv7), cr=10c5387d
[    0.000000] CPU: div instructions available: patching division code
[    0.000000] CPU: PIPT / VIPT nonaliasing data cache, PIPT instruction cache
[    0.000000] OF: fdt:Machine model: NVIDIA Tegra124 Jetson TK1
[    0.000000] debug: ignoring loglevel setting.
[    0.000000] efi: Getting EFI parameters from FDT:
[    0.000000] efi: UEFI not found.
[    0.000000] cma: Reserved 64 MiB at 0xfb800000
[    0.000000] Memory policy: Data cache writealloc
[    0.000000] On node 0 totalpages: 524032
[    0.000000] free_area_init_node: node 0, pgdat c153a840, node_mem_map eeff8000
[    0.000000]   DMA zone: 1536 pages used for memmap
[    0.000000]   DMA zone: 0 pages reserved
[    0.000000]   DMA zone: 196608 pages, LIFO batch:31
[    0.000000]   HighMem zone: 327424 pages, LIFO batch:31
[    0.000000] percpu: Embedded 16 pages/cpu @eef86000 s34432 r8192 d22912 u65536
[    0.000000] pcpu-alloc: s34432 r8192 d22912 u65536 alloc=16*4096
[    0.000000] pcpu-alloc: [0] 0 [0] 1 [0] 2 [0] 3 
[    0.000000] Built 1 zonelists in Zone order, mobility grouping on.  Total pages: 522496
[    0.000000] Kernel command line: ignore_loglevel console=ttyS0,115200n8 rw root=PARTUUID=b1791faa-84e8-4e27-83a1-9fb0a77e8803 rootwait gpt debug noinitrd earlyprintk init=/bin/bash
[    0.000000] PID hash table entries: 4096 (order: 2, 16384 bytes)
[    0.000000] Dentry cache hash table entries: 131072 (order: 7, 524288 bytes)
[    0.000000] Inode-cache hash table entries: 65536 (order: 6, 262144 bytes)
[    0.000000] Memory: 1993640K/2096128K available (10240K kernel code, 1264K rwdata, 4204K rodata, 2048K init, 536K bss, 36952K reserved, 65536K cma-reserved, 1244160K highmem)
[    0.000000] Virtual kernel memory layout:
[    0.000000]     vector  : 0xffff0000 - 0xffff1000   (   4 kB)
[    0.000000]     fixmap  : 0xffc00000 - 0xfff00000   (3072 kB)
[    0.000000]     vmalloc : 0xf0800000 - 0xff800000   ( 240 MB)
[    0.000000]     lowmem  : 0xc0000000 - 0xf0000000   ( 768 MB)
[    0.000000]     pkmap   : 0xbfe00000 - 0xc0000000   (   2 MB)
[    0.000000]     modules : 0xbf000000 - 0xbfe00000   (  14 MB)
[    0.000000]       .text : 0xc0208000 - 0xc0d00000   (11232 kB)
[    0.000000]       .init : 0xc1200000 - 0xc1400000   (2048 kB)
[    0.000000]       .data : 0xc1400000 - 0xc153c1e0   (1265 kB)
[    0.000000]        .bss : 0xc153e000 - 0xc15c4178   ( 537 kB)
[    0.000000] SLUB: HWalign=64, Order=0-3, MinObjects=0, CPUs=4, Nodes=1
[    0.000000] Hierarchical RCU implementation.
[    0.000000] 	RCU debugfs-based tracing is enabled.
[    0.000000] 	RCU restricting CPUs from NR_CPUS=16 to nr_cpu_ids=4.
[    0.000000] RCU: Adjusting geometry for rcu_fanout_leaf=16, nr_cpu_ids=4
[    0.000000] NR_IRQS:16 nr_irqs:16 16
[    0.000000] /interrupt-controller@60004000: 160 interrupts forwarded to /interrupt-controller@50041000
[    0.000000] Tegra clk 127: register failed with -17
[    0.000008] sched_clock: 32 bits at 1000kHz, resolution 1000ns, wraps every 2147483647500ns
[    0.000032] clocksource: timer_us: mask: 0xffffffff max_cycles: 0xffffffff, max_idle_ns: 1911260446275 ns
[    0.000047] Switching to timer-based delay loop, resolution 1000ns
[    0.005475] arm_arch_timer: Architected cp15 timer(s) running at 12.00MHz (virt).
[    0.005494] clocksource: arch_sys_counter: mask: 0xffffffffffffff max_cycles: 0x2c47f4ee7, max_idle_ns: 440795202497 ns
[    0.005513] sched_clock: 56 bits at 12MHz, resolution 83ns, wraps every 4398046511096ns
[    0.005528] Switching to timer-based delay loop, resolution 83ns
[    0.005983] Console: colour dummy device 80x30
[    0.006013] Calibrating delay loop (skipped), value calculated using timer frequency.. 24.00 BogoMIPS (lpj=120000)
[    0.006032] pid_max: default: 32768 minimum: 301
[    0.006137] Mount-cache hash table entries: 2048 (order: 1, 8192 bytes)
[    0.006150] Mountpoint-cache hash table entries: 2048 (order: 1, 8192 bytes)
[    0.006624] CPU: Testing write buffer coherency: ok
[    0.006871] /cpus/cpu@0 missing clock-frequency property
[    0.006913] /cpus/cpu@1 missing clock-frequency property
[    0.006955] /cpus/cpu@2 missing clock-frequency property
[    0.006999] /cpus/cpu@3 missing clock-frequency property
[    0.007013] CPU0: thread -1, cpu 0, socket 0, mpidr 80000000
[    0.007208] Setting up static identity map for 0x80300000 - 0x80300098
[    0.011068] Tegra Revision: A01 SKU: 129 CPU Process: 1 SoC Process: 1
[    0.011743] EFI services will not be available.
[    0.011980] smp: Bringing up secondary CPUs ...
[    0.012475] CPU1: thread -1, cpu 1, socket 0, mpidr 80000001
[    0.015597] CPU2: thread -1, cpu 2, socket 0, mpidr 80000002
[    0.025602] CPU3: thread -1, cpu 3, socket 0, mpidr 80000003
[    0.035146] smp: Brought up 1 node, 4 CPUs
[    0.035168] SMP: Total of 4 processors activated (96.00 BogoMIPS).
[    0.035177] CPU: All CPU(s) started in SVC mode.
[    0.036663] devtmpfs: initialized
[    0.052941] VFP support v0.3: implementor 41 architecture 4 part 30 variant f rev 0
[    0.053334] clocksource: jiffies: mask: 0xffffffff max_cycles: 0xffffffff, max_idle_ns: 19112604462750000 ns
[    0.054685] pinctrl core: initialized pinctrl subsystem
[    0.056609] NET: Registered protocol family 16
[    0.058661] DMA: preallocated 256 KiB pool for atomic coherent allocations
[    0.061156] cpuidle: using governor menu
[    0.088416] No ATAGs?
[    0.088542] hw-breakpoint: found 5 (+1 reserved) breakpoint and 4 watchpoint registers.
[    0.088558] hw-breakpoint: maximum watchpoint size is 8 bytes.
[    0.095374] Serial: AMBA PL011 UART driver
[    0.111531] +5V_SYS: supplied by +VDD_MUX
[    0.111809] +3.3V_SYS: supplied by +VDD_MUX
[    0.112401] +USB0_VBUS_SW: Failed to request enable GPIO108: -517
[    0.112418] reg-fixed-voltage regulators:regulator@7: Failed to register regulator: -517
[    0.112505] +5V_USB_HS: Failed to request enable GPIO109: -517
[    0.112520] reg-fixed-voltage regulators:regulator@8: Failed to register regulator: -517
[    0.112684] +1.05V_RUN_AVDD_HDMI_PLL: Failed to request enable GPIO63: -517
[    0.112699] reg-fixed-voltage regulators:regulator@11: Failed to register regulator: -517
[    0.112783] +5V_HDMI_CON: Failed to request enable GPIO86: -517
[    0.112797] reg-fixed-voltage regulators:regulator@12: Failed to register regulator: -517
[    0.112883] +5V_SATA: Failed to request enable GPIO242: -517
[    0.112896] reg-fixed-voltage regulators:regulator@13: Failed to register regulator: -517
[    0.112980] +12V_SATA: Failed to request enable GPIO242: -517
[    0.112993] reg-fixed-voltage regulators:regulator@14: Failed to register regulator: -517
[    0.116260] vgaarb: loaded
[    0.117047] SCSI subsystem initialized
[    0.117209] libata version 3.00 loaded.
[    0.117448] usbcore: registered new interface driver usbfs
[    0.117505] usbcore: registered new interface driver hub
[    0.117567] usbcore: registered new device driver usb
[    0.121055] pps_core: LinuxPPS API ver. 1 registered
[    0.121066] pps_core: Software ver. 5.3.6 - Copyright 2005-2007 Rodolfo Giometti <giometti@linux.it>
[    0.121092] PTP clock support registered
[    0.121289] EDAC MC: Ver: 3.0.0
[    0.124183] clocksource: Switched to clocksource arch_sys_counter
[    0.133636] NET: Registered protocol family 2
[    0.134126] TCP established hash table entries: 8192 (order: 3, 32768 bytes)
[    0.134246] TCP bind hash table entries: 8192 (order: 4, 65536 bytes)
[    0.134433] TCP: Hash tables configured (established 8192 bind 8192)
[    0.134514] UDP hash table entries: 512 (order: 2, 16384 bytes)
[    0.134558] UDP-Lite hash table entries: 512 (order: 2, 16384 bytes)
[    0.134703] NET: Registered protocol family 1
[    0.134987] RPC: Registered named UNIX socket transport module.
[    0.134998] RPC: Registered udp transport module.
[    0.135007] RPC: Registered tcp transport module.
[    0.135016] RPC: Registered tcp NFSv4.1 backchannel transport module.
[    0.135028] PCI: CLS 0 bytes, default 64
[    0.136227] hw perfevents: enabled with armv7_cortex_a15 PMU driver, 7 counters available
[    0.137564] futex hash table entries: 1024 (order: 4, 65536 bytes)
[    0.138162] workingset: timestamp_bits=30 max_order=19 bucket_order=0
[    0.146392] squashfs: version 4.0 (2009/01/31) Phillip Lougher
[    0.147069] NFS: Registering the id_resolver key type
[    0.147093] Key type id_resolver registered
[    0.147103] Key type id_legacy registered
[    0.147147] ntfs: driver 2.1.32 [Flags: R/O].
[    0.148587] bounce: pool size: 64 pages
[    0.148628] Block layer SCSI generic (bsg) driver version 0.4 loaded (major 248)
[    0.148640] io scheduler noop registered
[    0.148650] io scheduler deadline registered
[    0.148814] io scheduler cfq registered (default)
[    0.148825] io scheduler mq-deadline registered
[    0.154205]  usb2-0: usb2-0 supply vbus not found, using dummy regulator
[    0.154331]  usb2-1: usb2-1 supply vbus not found, using dummy regulator
[    0.154706] tegra-xusb-padctl 7009f000.padctl: failed to setup XUSB ports: -517
[    0.171184] tegra-pcie 1003000.pcie-controller: 2x1, 1x1 configuration
[    0.171239] tegra-pcie 1003000.pcie-controller: Failed to get supply 'avddio-pex': -517
[    0.177713] tegra124-dfll 70110000.clock: couldn't get vdd_cpu regulator
[    0.185006] tegra-apbdma 60020000.dma: Tegra20 APB DMA driver register 32 channels
[    0.187074] tegra-pmc 7000e400.pmc: emergency thermal reset enabled
[    0.241166] Serial: 8250/16550 driver, 4 ports, IRQ sharing disabled
[    0.243901] console [ttyS0] disabled
[    0.243939] 70006300.serial: ttyS0 at MMIO 0x70006300 (irq = 335, base_baud = 25500000) is a Tegra
[    1.127852] console [ttyS0] enabled
[    1.132161] SuperH (H)SCI(F) driver initialized
[    1.137724] msm_serial: driver initialized
[    1.142006] STMicroelectronics ASC driver initialized
[    1.147950] 70006000.serial: ttyTHS1 at MMIO 0x70006000 (irq = 333, base_baud = 0) is a TEGRA_UART
[    1.157234] 70006040.serial: ttyTHS2 at MMIO 0x70006040 (irq = 334, base_baud = 0) is a TEGRA_UART
[    1.172867] tegra-hdmi 54280000.hdmi: failed to get HDMI regulator
[    1.191651] brd: module loaded
[    1.201010] loop: module loaded
[    1.205363] at24 0-0056: 256 byte 24c02 EEPROM, writable, 8 bytes/write
[    1.213623] as3722 4-0040: AS3722 with revision 0x1 found
[    1.225334] as3722-sd2: supplied by +5V_SYS
[    1.229945] as3722-sd3: supplied by +5V_SYS
[    1.234359] +1.35V_LP0(sd3): Bringing 0uV into 1350000-1350000uV
[    1.240689] as3722-sd4: supplied by +5V_SYS
[    1.245325] as3722-sd5: supplied by +5V_SYS
[    1.251288] as3722-ldo0: supplied by +1.35V_LP0(sd2)
[    1.257419] +1.8V_RUN_CAM: Bringing 0uV into 1800000-1800000uV
[    1.263639] as3722-ldo2: supplied by +1.8V_VDDIO
[    1.269541] as3722-ldo3: supplied by +3.3V_SYS
[    1.274016] +1.05V_LP0_VDD_RTC: Bringing 1100000uV into 1000000-1000000uV
[    1.281814] as3722-ldo4: supplied by +3.3V_SYS
[    1.286491] +2.8V_RUN_CAM: Bringing 0uV into 2800000-2800000uV
[    1.292700] as3722-ldo5: supplied by +1.8V_VDDIO
[    1.297546] +1.2V_RUN_CAM_FRONT: Bringing 0uV into 1200000-1200000uV
[    1.304464] +VDDIO_SDMMC3: bypassed regulator has no supply!
[    1.310116] +VDDIO_SDMMC3: failed to get the current voltage(-517)
[    1.316314] as3722-regulator as3722-regulator: regulator 13 register failed -517
[    1.329007] tegra-ahci 70027000.sata: couldn't get PHY in node sata: -517
[    1.348822] random: fast init done
[    1.352347] m25p80 spi32765.0: w25q32dw (4096 Kbytes)
[    1.360261] libphy: Fixed MDIO Bus: probed
[    1.365435] CAN device driver interface
[    1.370216] bgmac_bcma: Broadcom 47xx GBit MAC driver loaded
[    1.377384] e1000e: Intel(R) PRO/1000 Network Driver - 3.2.6-k
[    1.383208] e1000e: Copyright(c) 1999 - 2015 Intel Corporation.
[    1.389189] igb: Intel(R) Gigabit Ethernet Network Driver - version 5.4.0-k
[    1.396154] igb: Copyright (c) 2007-2014 Intel Corporation.
[    1.405442] pegasus: v0.9.3 (2013/04/25), Pegasus/Pegasus II USB Ethernet driver
[    1.412875] usbcore: registered new interface driver pegasus
[    1.418596] usbcore: registered new interface driver asix
[    1.424023] usbcore: registered new interface driver ax88179_178a
[    1.430155] usbcore: registered new interface driver cdc_ether
[    1.436047] usbcore: registered new interface driver smsc75xx
[    1.441842] usbcore: registered new interface driver smsc95xx
[    1.447629] usbcore: registered new interface driver net1080
[    1.453318] usbcore: registered new interface driver cdc_subset
[    1.459279] usbcore: registered new interface driver zaurus
[    1.464910] usbcore: registered new interface driver cdc_ncm
[    1.470782] tegra-phy 7d004000.usb-phy: no vbus regulator
[    1.478230] ehci_hcd: USB 2.0 'Enhanced' Host Controller (EHCI) Driver
[    1.484763] ehci-pci: EHCI PCI platform driver
[    1.489240] ehci-platform: EHCI generic platform driver
[    1.494690] ehci-orion: EHCI orion driver
[    1.498839] SPEAr-ehci: EHCI SPEAr driver
[    1.502992] ehci-st: EHCI STMicroelectronics driver
[    1.508024] ehci-exynos: EHCI EXYNOS driver
[    1.512368] ehci-atmel: EHCI Atmel driver
[    1.516537] tegra-ehci: Tegra EHCI driver
[    1.523378] tegra-ehci 7d004000.usb: EHCI Host Controller
[    1.528805] tegra-ehci 7d004000.usb: new USB bus registered, assigned bus number 1
[    1.536589] tegra-ehci 7d004000.usb: irq 354, io mem 0x7d004000
[    1.564212] tegra-ehci 7d004000.usb: USB 2.0 started, EHCI 1.10
[    1.570910] hub 1-0:1.0: USB hub found
[    1.574713] hub 1-0:1.0: 1 port detected
[    1.579197] ohci_hcd: USB 1.1 'Open' Host Controller (OHCI) Driver
[    1.585414] ohci-pci: OHCI PCI platform driver
[    1.589898] ohci-platform: OHCI generic platform driver
[    1.595315] ohci-omap3: OHCI OMAP3 driver
[    1.599465] SPEAr-ohci: OHCI SPEAr driver
[    1.603620] ohci-st: OHCI STMicroelectronics driver
[    1.608658] ohci-atmel: OHCI Atmel driver
[    1.613473] usbcore: registered new interface driver usb-storage
[    1.623800] as3722-rtc as3722-rtc: rtc core: registered as3722-rtc as rtc0
[    1.630700] as3722-rtc as3722-rtc: RTC interrupt 377
[    1.638932] tegra_rtc 7000e000.rtc: rtc core: registered 7000e000.rtc as rtc1
[    1.646111] tegra_rtc 7000e000.rtc: Tegra internal Real Time Clock
[    1.652839] i2c /dev entries driver
[    1.663278] lm90 0-004c: 0-004c supply vcc not found, using dummy regulator
[    1.680264] sdhci: Secure Digital Host Controller Interface driver
[    1.686462] sdhci: Copyright(c) Pierre Ossman
[    1.692473] Synopsys Designware Multimedia Card Interface Driver
[    1.699700] sdhci-pltfm: SDHCI platform and OF driver helper
[    1.706144] sdhci-tegra 700b0400.sdhci: Got CD GPIO
[    1.711043] sdhci-tegra 700b0400.sdhci: Got WP GPIO
[    1.716183] mmc0: Unknown controller version (3). You may experience problems.
[    1.723475] mmc0: Invalid maximum block size, assuming 512 bytes
[    1.794208] mmc0: SDHCI controller on 700b0600.sdhci [700b0600.sdhci] using ADMA
[    1.803607] ledtrig-cpu: registered to indicate activity on CPUs
[    1.809946] usbcore: registered new interface driver usbhid
[    1.815531] usbhid: USB HID core driver
[    1.823621] NET: Registered protocol family 10
[    1.828932] Segment Routing with IPv6
[    1.832643] sit: IPv6, IPv4 and MPLS over IPv4 tunneling driver
[    1.839121] NET: Registered protocol family 17
[    1.843567] can: controller area network core (rev 20120528 abi 9)
[    1.849927] NET: Registered protocol family 29
[    1.854386] can: raw protocol (rev 20120528)
[    1.858651] can: broadcast manager protocol (rev 20161123 t)
[    1.864322] can: netlink gateway (rev 20130117) max_hops=1
[    1.870109] Key type dns_resolver registered
[    1.874910] ThumbEE CPU extension supported.
[    1.879181] Registering SWP/SWPB emulation handler
[    1.901761] +3.3V_RUN: supplied by +3.3V_SYS
[    1.907835] +USB0_VBUS_SW: supplied by +5V_SYS
[    1.912501] +3.3V_AVDD_HDMI_AP_GATED: supplied by +3.3V_RUN
[    1.918722] +5V_USB_HS: supplied by +5V_SYS
[    1.924649] +3.3V_LP0: supplied by +3.3V_SYS
[    1.931687] +5V_HDMI_CON: supplied by +5V_SYS
[    1.936871] +5V_SATA: supplied by +5V_SYS
[    1.941424] +12V_SATA: supplied by +VDD_MUX
[    1.947124]  usb2-0: usb2-0 supply vbus not found, using dummy regulator
[    1.953927]  usb2-1: usb2-1 supply vbus not found, using dummy regulator
[    1.960987]  usb3-0: usb3-0 supply vbus not found, using dummy regulator
[    1.975092] tegra-pcie 1003000.pcie-controller: 2x1, 1x1 configuration
[    1.981680] tegra-pcie 1003000.pcie-controller: Failed to get supply 'avddio-pex': -517
[    1.992900] tegra124-dfll 70110000.clock: couldn't get vdd_cpu regulator
[    2.003199] tegra-hdmi 54280000.hdmi: failed to get PLL regulator
[    2.014314] as3722-sd2: supplied by +5V_SYS
[    2.018840] as3722-sd3: supplied by +5V_SYS
[    2.023285] as3722-sd4: supplied by +5V_SYS
[    2.027890] as3722-sd5: supplied by +5V_SYS
[    2.033977] as3722-ldo0: supplied by +1.35V_LP0(sd2)
[    2.041195] as3722-ldo1: supplied by +3.3V_RUN
[    2.046037] as3722-ldo2: supplied by +1.8V_VDDIO
[    2.051686] as3722-ldo3: supplied by +3.3V_SYS
[    2.057149] as3722-ldo4: supplied by +3.3V_SYS
[    2.061858] as3722-ldo5: supplied by +1.8V_VDDIO
[    2.066917] as3722-ldo6: supplied by +3.3V_RUN
[    2.071673] as3722-ldo7: supplied by +1.8V_VDDIO
[    2.077166] +1.05V_RUN_CAM_REAR: Bringing 0uV into 1050000-1050000uV
[    2.084399] as3722-ldo9: supplied by +5V_SYS
[    2.090678] +3.3V_RUN_TOUCH: Bringing 0uV into 2800000-2800000uV
[    2.097560] as3722-ldo10: supplied by +5V_SYS
[    2.102544] +2.8V_RUN_CAM_AF: Bringing 0uV into 2800000-2800000uV
[    2.109528] as3722-ldo11: supplied by +3.3V_RUN
[    2.114281] mmc0: new high speed MMC card at address 0001
[    2.120484] +1.8V_RUN_VPP_FUSE: Bringing 0uV into 1800000-1800000uV
[    2.129245] mmcblk0: mmc0:0001 SEM16G 14.7 GiB 
[    2.134627] mmcblk0boot0: mmc0:0001 SEM16G partition 1 4.00 MiB
[    2.141060] tegra-ahci 70027000.sata: AHCI 0001.0301 32 slots 2 ports 3 Gbps 0x1 impl platform mode
[    2.150164] tegra-ahci 70027000.sata: flags: 64bit ncq sntf pm led pio slum part sadm sds apst 
[    2.160052] mmcblk0boot1: mmc0:0001 SEM16G partition 2 4.00 MiB
[    2.166605] scsi host0: tegra-ahci
[    2.170787] mmcblk0rpmb: mmc0:0001 SEM16G partition 3 4.00 MiB
[    2.177469] scsi host1: tegra-ahci
[    2.181143] ata1: SATA max UDMA/133 mmio [mem 0x70027000-0x70028fff] port 0x100 irq 345
[    2.189193] ata2: DUMMY
[    2.195045] tegra-ehci 7d008000.usb: EHCI Host Controller
[    2.200479] tegra-ehci 7d008000.usb: new USB bus registered, assigned bus number 2
[    2.208531] tegra-ehci 7d008000.usb: irq 355, io mem 0x7d008000
[    2.215661]  mmcblk0: p1
[    2.244323] tegra-ehci 7d008000.usb: USB 2.0 started, EHCI 1.10
[    2.251381] hub 2-0:1.0: USB hub found
[    2.255240] hub 2-0:1.0: 1 port detected
[    2.261758] sdhci-tegra 700b0400.sdhci: Got CD GPIO
[    2.266721] sdhci-tegra 700b0400.sdhci: Got WP GPIO
[    2.271825] mmc1: Unknown controller version (3). You may experience problems.
[    2.279164] mmc1: Invalid maximum block size, assuming 512 bytes
[    2.344756] mmc1: SDHCI controller on 700b0400.sdhci [700b0400.sdhci] using ADMA
[    2.352906] tegra-pcie 1003000.pcie-controller: 2x1, 1x1 configuration
[    2.361212] tegra-pcie 1003000.pcie-controller: probing port 0, using 2 lanes
[    2.370592] tegra-pcie 1003000.pcie-controller: Slot present pin change, signature: 00000008
[    2.395014] tegra-pcie 1003000.pcie-controller: probing port 1, using 1 lanes
[    2.404250] tegra-pcie 1003000.pcie-controller: Slot present pin change, signature: 00000000
[    2.418624] tegra-pcie 1003000.pcie-controller: PCI host bridge to bus 0000:00
[    2.425892] pci_bus 0000:00: root bus resource [io  0x0000-0xffff]
[    2.432078] pci_bus 0000:00: root bus resource [mem 0x13000000-0x1fffffff]
[    2.438984] pci_bus 0000:00: root bus resource [mem 0x20000000-0x3fffffff pref]
[    2.446335] pci_bus 0000:00: root bus resource [bus 00-ff]
[    2.451872] pci 0000:00:01.0: [10de:0e12] type 01 class 0x060400
[    2.458004] pci_bus 0000:00: 2-byte config write to 0000:00:01.0 offset 0x52 may corrupt adjacent RW1C bits
[    2.467829] pci 0000:00:01.0: PME# supported from D0 D1 D2 D3hot D3cold
[    2.474497] pci_bus 0000:00: 2-byte config write to 0000:00:01.0 offset 0x4c may corrupt adjacent RW1C bits
[    2.484562] pci 0000:00:02.0: [10de:0e13] type 01 class 0x060400
[    2.490648] pci_bus 0000:00: 2-byte config write to 0000:00:02.0 offset 0x52 may corrupt adjacent RW1C bits
[    2.500470] pci 0000:00:02.0: PME# supported from D0 D1 D2 D3hot D3cold
[    2.507135] pci_bus 0000:00: 2-byte config write to 0000:00:02.0 offset 0x4c may corrupt adjacent RW1C bits
[    2.517220] pci_bus 0000:00: 2-byte config write to 0000:00:01.0 offset 0x3e may corrupt adjacent RW1C bits
[    2.527009] pci_bus 0000:00: 2-byte config write to 0000:00:02.0 offset 0x3e may corrupt adjacent RW1C bits
[    2.527908] ata1: SATA link down (SStatus 0 SControl 300)
[    2.542178] pci_bus 0000:00: 2-byte config write to 0000:00:01.0 offset 0x4 may corrupt adjacent RW1C bits
[    2.551879] pci_bus 0000:00: 1-byte config write to 0000:00:01.0 offset 0xc may corrupt adjacent RW1C bits
[    2.561541] pci_bus 0000:00: 2-byte config write to 0000:00:02.0 offset 0x4 may corrupt adjacent RW1C bits
[    2.571197] pci_bus 0000:00: 1-byte config write to 0000:00:02.0 offset 0xc may corrupt adjacent RW1C bits
[    2.580850] PCI: bus0: Fast back to back transfers disabled
[    2.586437] pci 0000:00:01.0: bridge configuration invalid ([bus 00-00]), reconfiguring
[    2.594490] pci 0000:00:02.0: bridge configuration invalid ([bus 00-00]), reconfiguring
[    2.602701] pci 0000:01:00.0: [8086:4232] type 00 class 0x028000
[    2.608772] pci 0000:01:00.0: reg 0x10: [mem 0x00000000-0x00001fff 64bit]
[    2.615809] pci 0000:01:00.0: PME# supported from D0 D3hot D3cold
[    2.637887] mmc1: new high speed SDHC card at address aaaa
[    2.644282] PCI: bus1: Fast back to back transfers disabled
[    2.649886] pci_bus 0000:01: busn_res: [bus 01-ff] end is updated to 01
[    2.656763] pci 0000:02:00.0: [10ec:8168] type 00 class 0x020000
[    2.662799] pci 0000:02:00.0: reg 0x10: [io  0x0000-0x00ff]
[    2.668444] pci 0000:02:00.0: reg 0x18: [mem 0x00000000-0x00000fff 64bit]
[    2.675292] pci 0000:02:00.0: reg 0x20: [mem 0x00000000-0x00003fff 64bit pref]
[    2.682663] pci 0000:02:00.0: supports D1 D2
[    2.686947] pci 0000:02:00.0: PME# supported from D0 D1 D2 D3hot D3cold
[    2.693875] mmcblk1: mmc1:aaaa SD04G 3.69 GiB 
[    2.712138]  mmcblk1: p1 p2 p3
[    2.715447] PCI: bus2: Fast back to back transfers disabled
[    2.721045] pci_bus 0000:02: busn_res: [bus 02-ff] end is updated to 02
[    2.727897] pci 0000:00:01.0: BAR 8: assigned [mem 0x13000000-0x130fffff]
[    2.734738] pci 0000:00:02.0: BAR 8: assigned [mem 0x13100000-0x131fffff]
[    2.741538] pci 0000:00:02.0: BAR 9: assigned [mem 0x20000000-0x200fffff 64bit pref]
[    2.749321] pci 0000:00:02.0: BAR 7: assigned [io  0x1000-0x1fff]
[    2.755439] pci 0000:01:00.0: BAR 0: assigned [mem 0x13000000-0x13001fff 64bit]
[    2.762779] pci 0000:00:01.0: PCI bridge to [bus 01]
[    2.767790] pci 0000:00:01.0:   bridge window [mem 0x13000000-0x130fffff]
[    2.774638] pci 0000:02:00.0: BAR 4: assigned [mem 0x20000000-0x20003fff 64bit pref]
[    2.782396] pci 0000:02:00.0: BAR 2: assigned [mem 0x13100000-0x13100fff 64bit]
[    2.789757] pci 0000:02:00.0: BAR 0: assigned [io  0x1000-0x10ff]
[    2.795875] pci 0000:00:02.0: PCI bridge to [bus 02]
[    2.800849] pci 0000:00:02.0:   bridge window [io  0x1000-0x1fff]
[    2.806981] pci 0000:00:02.0:   bridge window [mem 0x13100000-0x131fffff]
[    2.813765] pci 0000:00:02.0:   bridge window [mem 0x20000000-0x200fffff 64bit pref]
[    2.821553] pci 0000:00:01.0: nv_msi_ht_cap_quirk didn't locate host bridge
[    2.828639] pcieport 0000:00:01.0: enabling device (0140 -> 0142)
[    2.835019] pcieport 0000:00:01.0: Signaling PME with IRQ 393
[    2.840883] pci 0000:00:02.0: nv_msi_ht_cap_quirk didn't locate host bridge
[    2.847968] pcieport 0000:00:02.0: enabling device (0140 -> 0143)
[    2.854318] pcieport 0000:00:02.0: Signaling PME with IRQ 394
[    2.860332] r8169 Gigabit Ethernet driver 2.3LK-NAPI loaded
[    2.865971] r8169 0000:02:00.0: enabling device (0140 -> 0143)
[    2.895875] r8169 0000:02:00.0 eth0: RTL8168g/8111g at 0xf0b53000, 00:04:4b:3a:d9:81, XID 0c000800 IRQ 395
[    2.905572] r8169 0000:02:00.0 eth0: jumbo features [frames: 9200 bytes, tx checksumming: ko]
[    2.918708] +1.05V_RUN_AVDD_HDMI_PLL: supplied by +1.05V_RUN
[    2.926518] [drm] Supports vblank timestamp caching Rev 2 (21.10.2013).
[    2.933133] [drm] No driver support for vblank timestamp query.
[    3.062202] tegra-hdmi 54280000.hdmi: cannot set audio to 48000 Hz at 297000000 Hz pixel clock
[    3.308949] Console: switching to colour frame buffer device 512x135
[    3.407544] drm drm: fb0:  frame buffer device
[    3.412080] [drm] Initialized tegra 0.0.0 20120330 for drm on minor 0
[    3.420061] of: dev_pm_opp_of_cpumask_add_table: couldn't find opp table for cpu:0, -19
[    3.428124] cpufreq: cpufreq_online: CPU0: Running at unlisted freq: 696000 KHz
[    3.435452] cpufreq: cpufreq_online: CPU0: Unlisted initial frequency changed to: 714000 KHz
[    3.444562] input: gpio-keys as /devices/soc0/gpio-keys/input/input0
[    3.451838] as3722-rtc as3722-rtc: setting system clock to 2000-01-01 00:02:40 UTC (946684960)
[    3.460906] +USB0_VBUS_SW: disabling
[    3.464526] +1.8V_RUN_CAM: disabling
[    3.468294] +2.8V_RUN_CAM: disabling
[    3.472061] +1.2V_RUN_CAM_FRONT: disabling
[    3.476420] +1.05V_RUN_CAM_REAR: disabling
[    3.480668] +3.3V_RUN_TOUCH: disabling
[    3.484633] +2.8V_RUN_CAM_AF: disabling
[    3.488621] +1.8V_RUN_VPP_FUSE: disabling
[    3.493727] EXT4-fs (mmcblk0p1): mounting ext3 file system using the ext4 subsystem
[    3.535524] EXT4-fs (mmcblk0p1): recovery complete
[    3.541109] EXT4-fs (mmcblk0p1): mounted filesystem with ordered data mode. Opts: (null)
[    3.549222] VFS: Mounted root (ext3 filesystem) on device 179:1.
[    3.559425] devtmpfs: mounted
[    3.562997] Freeing unused kernel memory: 2048K
bash: cannot set terminal process group (-1): Inappropriate ioctl for device
bash: no job control in this shell
root@(none):/# 