[    0.000000] Booting Linux on physical CPU 0x0
[    0.000000] Linux version 4.8.0-rc2-next-20160819-137366-g94b33aa (pwalmsley@tamien) (gcc version 4.9.2 20140904 (prerelease) (crosstool-NG linaro-1.13.1-4.9-2014.09 - Linaro GCC 4.9-2014.09) ) #1 SMP PREEMPT Thu Aug 18 21:22:39 PDT 2016
[    0.000000] Boot CPU: AArch64 Processor [411fd070]
[    0.000000] Memory limited to 1024MB
[    0.000000] efi: Getting EFI parameters from FDT:
[    0.000000] efi: UEFI not found.
[    0.000000] cma: Reserved 16 MiB at 0x000000007f000000
[    0.000000] psci: probing for conduit method from DT.
[    0.000000] psci: PSCIv0.2 detected in firmware.
[    0.000000] psci: Using standard PSCI v0.2 function IDs
[    0.000000] psci: Trusted OS migration not required
[    0.000000] percpu: Embedded 21 pages/cpu @ffff80003efcf000 s47488 r8192 d30336 u86016
[    0.000000] Detected PIPT I-cache on CPU0
[    0.000000] CPU features: enabling workaround for ARM erratum 832075
[    0.000000] CPU features: enabling workaround for ARM erratum 834220
[    0.000000] Built 1 zonelists in Zone order, mobility grouping on.  Total pages: 258048
[    0.000000] Kernel command line: root=/dev/vda2 rw rootwait mem=1024M console=ttyAMA0,38400n8 init=/bin/bash
[    0.000000] PID hash table entries: 4096 (order: 3, 32768 bytes)
[    0.000000] Dentry cache hash table entries: 131072 (order: 8, 1048576 bytes)
[    0.000000] Inode-cache hash table entries: 65536 (order: 7, 524288 bytes)
[    0.000000] Memory: 1000200K/1048576K available (7932K kernel code, 806K rwdata, 3720K rodata, 960K init, 273K bss, 31992K reserved, 16384K cma-reserved)
[    0.000000] Virtual kernel memory layout:
[    0.000000]     modules : 0xffff000000000000 - 0xffff000008000000   (   128 MB)
[    0.000000]     vmalloc : 0xffff000008000000 - 0xffff7dffbfff0000   (129022 GB)
[    0.000000]       .text : 0xffff000008080000 - 0xffff000008840000   (  7936 KB)
[    0.000000]     .rodata : 0xffff000008840000 - 0xffff000008bf0000   (  3776 KB)
[    0.000000]       .init : 0xffff000008bf0000 - 0xffff000008ce0000   (   960 KB)
[    0.000000]       .data : 0xffff000008ce0000 - 0xffff000008da9a00   (   807 KB)
[    0.000000]        .bss : 0xffff000008da9a00 - 0xffff000008dee0b8   (   274 KB)
[    0.000000]     fixed   : 0xffff7dfffe7fd000 - 0xffff7dfffec00000   (  4108 KB)
[    0.000000]     PCI I/O : 0xffff7dfffee00000 - 0xffff7dffffe00000   (    16 MB)
[    0.000000]     vmemmap : 0xffff7e0000000000 - 0xffff800000000000   (  2048 GB maximum)
[    0.000000]               0xffff7e0000000000 - 0xffff7e0001000000   (    16 MB actual)
[    0.000000]     memory  : 0xffff800000000000 - 0xffff800040000000   (  1024 MB)
[    0.000000] SLUB: HWalign=64, Order=0-3, MinObjects=0, CPUs=1, Nodes=1
[    0.000000] Preemptible hierarchical RCU implementation.
[    0.000000] 	Build-time adjustment of leaf fanout to 64.
[    0.000000] 	RCU restricting CPUs from NR_CPUS=64 to nr_cpu_ids=1.
[    0.000000] RCU: Adjusting geometry for rcu_fanout_leaf=64, nr_cpu_ids=1
[    0.000000] NR_IRQS:64 nr_irqs:64 0
[    0.000000] GICv2m: range[mem 0x08020000-0x08020fff], SPI[80:143]
[    0.000000] arm_arch_timer: WARNING: Invalid trigger for IRQ3, assuming level low
[    0.000000] arm_arch_timer: WARNING: Please fix your firmware
[    0.000000] arm_arch_timer: Architected cp15 timer(s) running at 62.50MHz (virt).
[    0.000000] clocksource: arch_sys_counter: mask: 0xffffffffffffff max_cycles: 0x1cd42e208c, max_idle_ns: 881590405314 ns
[    0.000178] sched_clock: 56 bits at 62MHz, resolution 16ns, wraps every 4398046511096ns
[    0.007472] Console: colour dummy device 80x25
[    0.008282] Calibrating delay loop (skipped), value calculated using timer frequency.. 125.00 BogoMIPS (lpj=250000)
[    0.008578] pid_max: default: 32768 minimum: 301
[    0.009892] Security Framework initialized
[    0.010452] Mount-cache hash table entries: 2048 (order: 2, 16384 bytes)
[    0.010501] Mountpoint-cache hash table entries: 2048 (order: 2, 16384 bytes)
[    0.050638] ASID allocator initialised with 65536 entries
[    0.078677] EFI services will not be available.
[    0.093215] Brought up 1 CPUs
[    0.093284] SMP: Total of 1 processors activated.
[    0.093396] CPU features: detected feature: 32-bit EL0 Support
[    0.093671] CPU: All CPU(s) started at EL1
[    0.094589] alternatives: patching kernel code
[    0.099101] span: 0 (max cpu_capacity = 1024)
[    0.111192] devtmpfs: initialized
[    0.128198] DMI not present or invalid.
[    0.130280] clocksource: jiffies: mask: 0xffffffff max_cycles: 0xffffffff, max_idle_ns: 7645041785100000 ns
[    0.133795] pinctrl core: initialized pinctrl subsystem
[    0.168166] NET: Registered protocol family 16
[    0.199431] cpuidle: using governor menu
[    0.200939] vdso: 2 pages (1 code @ ffff000008846000, 1 data @ ffff000008ce4000)
[    0.201292] hw-breakpoint: found 6 breakpoint and 4 watchpoint registers.
[    0.214545] DMA: preallocated 256 KiB pool for atomic allocations
[    0.220538] Serial: AMBA PL011 UART driver
[    0.308776] 9000000.pl011: ttyAMA0 at MMIO 0x9000000 (irq = 39, base_baud = 0) is a PL011 rev1
[    0.331618] console [ttyAMA0] enabled
[    0.344664] irq: type mismatch, failed to map hwirq-27 for /intc!
[    0.623482] HugeTLB registered 2 MB page size, pre-allocated 0 pages
[    0.639969] ACPI: Interpreter disabled.
[    0.649008] vgaarb: loaded
[    0.653472] SCSI subsystem initialized
[    0.662546] usbcore: registered new interface driver usbfs
[    0.665430] usbcore: registered new interface driver hub
[    0.666456] usbcore: registered new device driver usb
[    0.673771] pps_core: LinuxPPS API ver. 1 registered
[    0.674082] pps_core: Software ver. 5.3.6 - Copyright 2005-2007 Rodolfo Giometti <giometti@linux.it>
[    0.675234] PTP clock support registered
[    0.679525] dmi: Firmware registration failed.
[    0.685683] Advanced Linux Sound Architecture Driver Initialized.
[    0.703590] clocksource: Switched to clocksource arch_sys_counter
[    0.705165] VFS: Disk quotas dquot_6.6.0
[    0.708240] VFS: Dquot-cache hash table entries: 512 (order 0, 4096 bytes)
[    0.712168] pnp: PnP ACPI: disabled
[    0.822061] NET: Registered protocol family 2
[    0.830279] TCP established hash table entries: 8192 (order: 4, 65536 bytes)
[    0.830944] TCP bind hash table entries: 8192 (order: 5, 131072 bytes)
[    0.832225] TCP: Hash tables configured (established 8192 bind 8192)
[    0.833710] UDP hash table entries: 512 (order: 2, 16384 bytes)
[    0.834169] UDP-Lite hash table entries: 512 (order: 2, 16384 bytes)
[    0.837182] NET: Registered protocol family 1
[    0.852799] RPC: Registered named UNIX socket transport module.
[    0.853164] RPC: Registered udp transport module.
[    0.853423] RPC: Registered tcp transport module.
[    0.853659] RPC: Registered tcp NFSv4.1 backchannel transport module.
[    0.861361] kvm [1]: HYP mode not available
[    0.879477] futex hash table entries: 256 (order: 3, 32768 bytes)
[    0.881260] audit: initializing netlink subsys (disabled)
[    0.882392] audit: type=2000 audit(0.820:1): initialized
[    0.893358] workingset: timestamp_bits=46 max_order=18 bucket_order=0
[    0.997321] squashfs: version 4.0 (2009/01/31) Phillip Lougher
[    1.010586] NFS: Registering the id_resolver key type
[    1.012689] Key type id_resolver registered
[    1.012954] Key type id_legacy registered
[    1.013330] nfs4filelayout_init: NFSv4 File Layout Driver Registering...
[    1.015201] 9p: Installing v9fs 9p2000 file system support
[    1.034566] io scheduler noop registered
[    1.036496] io scheduler cfq registered (default)
[    1.051009] libphy: mdio_driver_register: phy-bcm-ns2-pci
[    1.073381] pl061_gpio 9030000.pl061: PL061 GPIO chip @0x0000000009030000 registered
[    1.084445] OF: PCI: host bridge /pcie@10000000 ranges:
[    1.085175] OF: PCI:    IO 0x3eff0000..0x3effffff -> 0x00000000
[    1.085789] OF: PCI:   MEM 0x10000000..0x3efeffff -> 0x10000000
[    1.086111] OF: PCI:   MEM 0x8000000000..0xffffffffff -> 0x8000000000
[    1.087130] pci-host-generic 3f000000.pcie: ECAM at [mem 0x3f000000-0x3fffffff] for [bus 00-0f]
[    1.090321] pci-host-generic 3f000000.pcie: PCI host bridge to bus 0000:00
[    1.091181] pci_bus 0000:00: root bus resource [bus 00-0f]
[    1.092606] pci_bus 0000:00: root bus resource [io  0x0000-0xffff]
[    1.093147] pci_bus 0000:00: root bus resource [mem 0x10000000-0x3efeffff]
[    1.093728] pci_bus 0000:00: root bus resource [mem 0x8000000000-0xffffffffff]
[    1.136523] xenfs: not registering filesystem on non-xen platform
[    1.189809] Serial: 8250/16550 driver, 4 ports, IRQ sharing disabled
[    1.210134] SuperH (H)SCI(F) driver initialized
[    1.214803] msm_serial: driver initialized
[    1.221553] Unable to detect cache hierarchy from DT for CPU 0
[    1.303156] loop: module loaded
[    1.344006]  vda: vda1 vda2
[    1.386990] libphy: Fixed MDIO Bus: probed
[    1.398909] tun: Universal TUN/TAP device driver, 1.6
[    1.399230] tun: (C) 1999-2004 Max Krasnyansky <maxk@qualcomm.com>
[    1.418022] e1000e: Intel(R) PRO/1000 Network Driver - 3.2.6-k
[    1.418407] e1000e: Copyright(c) 1999 - 2015 Intel Corporation.
[    1.420367] igb: Intel(R) Gigabit Ethernet Network Driver - version 5.3.0-k
[    1.420749] igb: Copyright (c) 2007-2014 Intel Corporation.
[    1.421829] igbvf: Intel(R) Gigabit Virtual Function Network Driver - version 2.0.2-k
[    1.422218] igbvf: Copyright (c) 2009 - 2012 Intel Corporation.
[    1.424416] sky2: driver version 1.30
[    1.433173] VFIO - User Level meta-driver version: 0.3
[    1.468234] ehci_hcd: USB 2.0 'Enhanced' Host Controller (EHCI) Driver
[    1.468638] ehci-pci: EHCI PCI platform driver
[    1.469997] ehci-platform: EHCI generic platform driver
[    1.472117] ehci-exynos: EHCI EXYNOS driver
[    1.473782] ehci-msm: Qualcomm On-Chip EHCI Host Controller
[    1.476164] ohci_hcd: USB 1.1 'Open' Host Controller (OHCI) Driver
[    1.476796] ohci-pci: OHCI PCI platform driver
[    1.478499] ohci-platform: OHCI generic platform driver
[    1.480669] ohci-exynos: OHCI EXYNOS driver
[    1.486753] usbcore: registered new interface driver usb-storage
[    1.501867] mousedev: PS/2 mouse device common for all mice
[    1.520032] rtc-pl031 9010000.pl031: rtc core: registered pl031 as rtc0
[    1.529216] i2c /dev entries driver
[    1.561413] sdhci: Secure Digital Host Controller Interface driver
[    1.561817] sdhci: Copyright(c) Pierre Ossman
[    1.562959] Synopsys Designware Multimedia Card Interface Driver
[    1.570327] sdhci-pltfm: SDHCI platform and OF driver helper
[    1.578881] ledtrig-cpu: registered to indicate activity on CPUs
[    1.594419] usbcore: registered new interface driver usbhid
[    1.594764] usbhid: USB HID core driver
[    1.631159] NET: Registered protocol family 17
[    1.634064] 9pnet: Installing 9P2000 support
[    1.635177] Key type dns_resolver registered
[    1.641923] registered taskstats version 1
[    1.657225] input: gpio-keys as /devices/platform/gpio-keys/input/input0
[    1.661830] rtc-pl031 9010000.pl031: setting system clock to 2016-08-19 04:23:17 UTC (1471580597)
[    1.664863] ALSA device list:
[    1.665119]   No soundcards found.
[    1.669294] uart-pl011 9000000.pl011: no DMA platform data
[    1.677218] EXT4-fs (vda2): couldn't mount as ext3 due to feature incompatibilities
[    1.772066] EXT4-fs (vda2): recovery complete
[    1.772976] EXT4-fs (vda2): mounted filesystem with ordered data mode. Opts: (null)
[    1.773909] VFS: Mounted root (ext4 filesystem) on device 254:2.
[    1.777642] devtmpfs: mounted
[    1.821506] Freeing unused kernel memory: 960K (ffff800000bf0000 - ffff800000ce0000)
bash: cannot set terminal process group (-1): Inappropriate ioctl for device
bash: no job control in this shell
bash-4.3# 