
U-Boot SPL 2015.04-rc3-00209-ga74ef40 (Mar 16 2015 - 14:43:39)


U-Boot 2015.04-rc3-00209-ga74ef40 (Mar 16 2015 - 14:43:39)

TEGRA20
Model: Compulab TrimSlice board
DRAM:  1 GiB
MMC:   Tegra SD/MMC: 0, Tegra SD/MMC: 1
SF: Detected W25Q80BL with page size 256 Bytes, erase size 4 KiB, total 1 MiB
tegra-pcie: PCI regions:
tegra-pcie:   I/O: 0x82000000-0x82010000
tegra-pcie:   non-prefetchable memory: 0xa0000000-0xa8000000
tegra-pcie:   prefetchable memory: 0xa8000000-0xc0000000
tegra-pcie: dual-mode configuration
tegra-pcie: probing port 0, using 2 lanes
In:    serial
Out:   serial
Err:   serial
Net:   RTL8169#0
Hit any key to stop autoboot:  2  1  0 
Tegra20 (TrimSlice) # 
Tegra20 (TrimSlice) # usb reset
resetting USB...
USB0:   USB EHCI 1.00
scanning bus 0 for devices... 3 USB Device(s) found
USB1:   USB EHCI 1.00
scanning bus 1 for devices... 1 USB Device(s) found
USB2:   lowlevel init failed
       scanning usb for storage devices... 0 Storage Device(s) found
       scanning usb for ethernet devices... 
Warning: asx0 using MAC address from net device
1 Ethernet Device(s) found
Tegra20 (TrimSlice) # setenv bootargs 'ignore_loglevel console=ttyS0,115200n8 rw root=PARTUUID=11eb23c1-01 rootwait gpt debug noinitrd earlyprintk init=/bin/bash'
Tegra20 (TrimSlice) # setenv ipaddr 192.168.100.103; setenv serverip 192.168.100.1; setenv tftpserverip 192.168.100.1
Tegra20 (TrimSlice) # tftpboot 0x00408000 zImage.multi_v7_defconfig
Using RTL8169#0 device
TFTP from server 192.168.100.1; our IP address is 192.168.100.103
Filename 'zImage.multi_v7_defconfig'.
Load address: 0x408000
Loading: *#################################################################
	 #################################################################
	 #################################################################
	 #################################################################
	 #################################################################
	 #################################################################
	 #################################################################
	 #################################################################
	 ##################################
	 3.7 MiB/s
done
Bytes transferred = 8118784 (7be200 hex)
Tegra20 (TrimSlice) # tftpboot 0x02408000 tegra20-trimslice.dtb
Using RTL8169#0 device
TFTP from server 192.168.100.1; our IP address is 192.168.100.103
Filename 'tegra20-trimslice.dtb'.
Load address: 0x2408000
Loading: *##
	 3.4 MiB/s
done
Bytes transferred = 21686 (54b6 hex)
Tegra20 (TrimSlice) # bootz 0x00408000 - 0x02408000
Kernel image @ 0x408000 [ 0x000000 - 0x7be200 ]
## Flattened Device Tree blob at 02408000
   Booting using the fdt blob at 0x2408000
   Using Device Tree in place at 02408000, end 024104b5

Starting kernel ...

[    0.000000] Booting Linux on physical CPU 0x0
[    0.000000] Linux version 4.15.0-rc8-next-20180118-346523-ga362f6d2cdbd (jonathanh@tamien) (gcc version 4.7.3 20130328 (prerelease) (crosstool-NG linaro-1.13.1-4.7-2013.04-20130415 - Linaro GCC 2013.04)) #1 SMP Fri Jan 19 08:22:20 PST 2018
[    0.000000] CPU: ARMv7 Processor [411fc090] revision 0 (ARMv7), cr=10c5387d
[    0.000000] CPU: PIPT / VIPT nonaliasing data cache, VIPT aliasing instruction cache
[    0.000000] OF: fdt: Machine model: Compulab TrimSlice board
[    0.000000] debug: ignoring loglevel setting.
[    0.000000] Memory policy: Data cache writealloc
[    0.000000] efi: Getting EFI parameters from FDT:
[    0.000000] efi: UEFI not found.
[    0.000000] cma: Reserved 64 MiB at 0x3c000000
[    0.000000] On node 0 totalpages: 262144
[    0.000000]   DMA zone: 1536 pages used for memmap
[    0.000000]   DMA zone: 0 pages reserved
[    0.000000]   DMA zone: 196608 pages, LIFO batch:31
[    0.000000]   HighMem zone: 65536 pages, LIFO batch:15
[    0.000000] random: fast init done
[    0.000000] percpu: Embedded 17 pages/cpu @(ptrval) s39232 r8192 d22208 u69632
[    0.000000] pcpu-alloc: s39232 r8192 d22208 u69632 alloc=17*4096
[    0.000000] pcpu-alloc: [0] 0 [0] 1 
[    0.000000] Built 1 zonelists, mobility grouping on.  Total pages: 260608
[    0.000000] Kernel command line: ignore_loglevel console=ttyS0,115200n8 rw root=PARTUUID=11eb23c1-01 rootwait gpt debug noinitrd earlyprintk init=/bin/bash
[    0.000000] Dentry cache hash table entries: 131072 (order: 7, 524288 bytes)
[    0.000000] Inode-cache hash table entries: 65536 (order: 6, 262144 bytes)
[    0.000000] Memory: 953408K/1048576K available (11264K kernel code, 1564K rwdata, 4336K rodata, 2048K init, 405K bss, 29632K reserved, 65536K cma-reserved, 196608K highmem)
[    0.000000] Virtual kernel memory layout:
[    0.000000]     vector  : 0xffff0000 - 0xffff1000   (   4 kB)
[    0.000000]     fixmap  : 0xffc00000 - 0xfff00000   (3072 kB)
[    0.000000]     vmalloc : 0xf0800000 - 0xff800000   ( 240 MB)
[    0.000000]     lowmem  : 0xc0000000 - 0xf0000000   ( 768 MB)
[    0.000000]     pkmap   : 0xbfe00000 - 0xc0000000   (   2 MB)
[    0.000000]     modules : 0xbf000000 - 0xbfe00000   (  14 MB)
[    0.000000]       .text : 0x(ptrval) - 0x(ptrval)   (12256 kB)
[    0.000000]       .init : 0x(ptrval) - 0x(ptrval)   (2048 kB)
[    0.000000]       .data : 0x(ptrval) - 0x(ptrval)   (1565 kB)
[    0.000000]        .bss : 0x(ptrval) - 0x(ptrval)   ( 406 kB)
[    0.000000] SLUB: HWalign=64, Order=0-3, MinObjects=0, CPUs=2, Nodes=1
[    0.000000] Hierarchical RCU implementation.
[    0.000000] 	RCU event tracing is enabled.
[    0.000000] 	RCU restricting CPUs from NR_CPUS=16 to nr_cpu_ids=2.
[    0.000000] RCU: Adjusting geometry for rcu_fanout_leaf=16, nr_cpu_ids=2
[    0.000000] NR_IRQS: 16, nr_irqs: 16, preallocated irqs: 16
[    0.000000] /interrupt-controller@60004000: 128 interrupts forwarded to /interrupt-controller@50041000
[    0.000000] L2C: platform modifies aux control register: 0x02080000 -> 0x3e480001
[    0.000000] L2C: DT/platform modifies aux control register: 0x02080000 -> 0x3e480001
[    0.000000] L2C-310 errata 727915 769419 enabled
[    0.000000] L2C-310 enabling early BRESP for Cortex-A9
[    0.000000] L2C-310: enabling full line of zeros but not enabled in Cortex-A9
[    0.000000] L2C-310 ID prefetch enabled, offset 1 lines
[    0.000000] L2C-310 cache controller enabled, 8 ways, 1024 kB
[    0.000000] L2C-310: CACHE_ID 0x410000c4, AUX_CTRL 0x7e480001
[    0.000010] sched_clock: 32 bits at 1000kHz, resolution 1000ns, wraps every 2147483647500ns
[    0.000027] clocksource: timer_us: mask: 0xffffffff max_cycles: 0xffffffff, max_idle_ns: 1911260446275 ns
[    0.000037] Switching to timer-based delay loop, resolution 1000ns
[    0.001660] Console: colour dummy device 80x30
[    0.001689] Calibrating delay loop (skipped), value calculated using timer frequency.. 2.00 BogoMIPS (lpj=10000)
[    0.001701] pid_max: default: 32768 minimum: 301
[    0.001799] Mount-cache hash table entries: 2048 (order: 1, 8192 bytes)
[    0.001810] Mountpoint-cache hash table entries: 2048 (order: 1, 8192 bytes)
[    0.002250] CPU: Testing write buffer coherency: ok
[    0.002472] CPU0: thread -1, cpu 0, socket 0, mpidr 80000000
[    0.002714] Setting up static identity map for 0x300000 - 0x3000a0
[    0.003358] Hierarchical SRCU implementation.
[    0.004566] Tegra Revision: A03 prime SKU: 8 CPU Process: 1 SoC Process: 2
[    0.005052] EFI services will not be available.
[    0.005149] smp: Bringing up secondary CPUs ...
[    0.005686] CPU1: thread -1, cpu 1, socket 0, mpidr 80000001
[    0.005769] smp: Brought up 1 node, 2 CPUs
[    0.005781] SMP: Total of 2 processors activated (4.00 BogoMIPS).
[    0.005787] CPU: All CPU(s) started in SVC mode.
[    0.006463] devtmpfs: initialized
[    0.012895] Built 1 zonelists, mobility grouping on.  Total pages: 254736
[    0.013239] VFP support v0.3: implementor 41 architecture 3 part 30 variant 9 rev 1
[    0.013490] clocksource: jiffies: mask: 0xffffffff max_cycles: 0xffffffff, max_idle_ns: 19112604462750000 ns
[    0.013514] futex hash table entries: 512 (order: 3, 32768 bytes)
[    0.013700] pinctrl core: initialized pinctrl subsystem
[    0.014575] DMI not present or invalid.
[    0.014810] NET: Registered protocol family 16
[    0.016732] DMA: preallocated 256 KiB pool for atomic coherent allocations
[    0.018135] cpuidle: using governor menu
[    0.034078] No ATAGs?
[    0.034144] hw-breakpoint: found 5 (+1 reserved) breakpoint and 1 watchpoint registers.
[    0.034155] hw-breakpoint: maximum watchpoint size is 4 bytes.
[    0.039113] Serial: AMBA PL011 UART driver
[    0.049462] AT91: Could not find identification node
[    0.049999] usb1_vbus: Failed to request enable GPIO170: -517
[    0.050015] reg-fixed-voltage regulators:regulator@2: Failed to register regulator: -517
[    0.053668] vgaarb: loaded
[    0.054220] SCSI subsystem initialized
[    0.054352] libata version 3.00 loaded.
[    0.054513] usbcore: registered new interface driver usbfs
[    0.054555] usbcore: registered new interface driver hub
[    0.054597] usbcore: registered new device driver usb
[    0.056618] pps_core: LinuxPPS API ver. 1 registered
[    0.056626] pps_core: Software ver. 5.3.6 - Copyright 2005-2007 Rodolfo Giometti <giometti@linux.it>
[    0.056646] PTP clock support registered
[    0.056788] EDAC MC: Ver: 3.0.0
[    0.058576] clocksource: Switched to clocksource timer_us
[    0.093638] NET: Registered protocol family 2
[    0.094080] tcp_listen_portaddr_hash hash table entries: 512 (order: 0, 6144 bytes)
[    0.094102] TCP established hash table entries: 8192 (order: 3, 32768 bytes)
[    0.094170] TCP bind hash table entries: 8192 (order: 4, 65536 bytes)
[    0.094283] TCP: Hash tables configured (established 8192 bind 8192)
[    0.094398] UDP hash table entries: 512 (order: 2, 16384 bytes)
[    0.094449] UDP-Lite hash table entries: 512 (order: 2, 16384 bytes)
[    0.094612] NET: Registered protocol family 1
[    0.094930] RPC: Registered named UNIX socket transport module.
[    0.094939] RPC: Registered udp transport module.
[    0.094944] RPC: Registered tcp transport module.
[    0.094949] RPC: Registered tcp NFSv4.1 backchannel transport module.
[    0.094958] PCI: CLS 0 bytes, default 64
[    0.095767] hw perfevents: no interrupt-affinity property for /pmu, guessing.
[    0.095949] hw perfevents: enabled with armv7_cortex_a9 PMU driver, 7 counters available
[    0.097036] Initialise system trusted keyrings
[    0.097164] workingset: timestamp_bits=30 max_order=18 bucket_order=0
[    0.102139] squashfs: version 4.0 (2009/01/31) Phillip Lougher
[    0.102610] NFS: Registering the id_resolver key type
[    0.102631] Key type id_resolver registered
[    0.102637] Key type id_legacy registered
[    0.102669] ntfs: driver 2.1.32 [Flags: R/O].
[    0.103904] Key type asymmetric registered
[    0.103913] Asymmetric key parser 'x509' registered
[    0.103952] bounce: pool size: 64 pages
[    0.103996] Block layer SCSI generic (bsg) driver version 0.4 loaded (major 246)
[    0.104005] io scheduler noop registered
[    0.104011] io scheduler deadline registered
[    0.104182] io scheduler cfq registered (default)
[    0.104190] io scheduler mq-deadline registered
[    0.104197] io scheduler kyber registered
[    0.116450] tegra-pcie 80003000.pcie: dual-mode configuration
[    0.117165] tegra-pcie 80003000.pcie: probing port 0, using 2 lanes
[    0.198760] tegra-pcie 80003000.pcie: PCI host bridge to bus 0000:00
[    0.198772] pci_bus 0000:00: root bus resource [io  0x0000-0xffff]
[    0.198782] pci_bus 0000:00: root bus resource [mem 0xa0000000-0xa7ffffff]
[    0.198791] pci_bus 0000:00: root bus resource [mem 0xa8000000-0xbfffffff pref]
[    0.198800] pci_bus 0000:00: root bus resource [bus 00-ff]
[    0.198834] pci 0000:00:01.0: [10de:0bf0] type 01 class 0x060000
[    0.198854] pci_bus 0000:00: 2-byte config write to 0000:00:01.0 offset 0x4 may corrupt adjacent RW1C bits
[    0.198865] pci_bus 0000:00: 2-byte config write to 0000:00:01.0 offset 0x4 may corrupt adjacent RW1C bits
[    0.198883] pci 0000:00:01.0: enabling Extended Tags
[    0.198894] pci_bus 0000:00: 2-byte config write to 0000:00:01.0 offset 0x88 may corrupt adjacent RW1C bits
[    0.198920] pci_bus 0000:00: 2-byte config write to 0000:00:01.0 offset 0x52 may corrupt adjacent RW1C bits
[    0.198945] pci 0000:00:01.0: PME# supported from D0 D1 D2 D3hot D3cold
[    0.198956] pci_bus 0000:00: 2-byte config write to 0000:00:01.0 offset 0x4c may corrupt adjacent RW1C bits
[    0.199108] pci_bus 0000:00: 2-byte config write to 0000:00:01.0 offset 0x3e may corrupt adjacent RW1C bits
[    0.199120] pci_bus 0000:00: 2-byte config write to 0000:00:01.0 offset 0x4 may corrupt adjacent RW1C bits
[    0.199130] pci_bus 0000:00: 1-byte config write to 0000:00:01.0 offset 0xc may corrupt adjacent RW1C bits
[    0.199136] PCI: bus0: Fast back to back transfers disabled
[    0.199146] pci 0000:00:01.0: bridge configuration invalid ([bus 00-00]), reconfiguring
[    0.199155] pci_bus 0000:00: 2-byte config write to 0000:00:01.0 offset 0x3e may corrupt adjacent RW1C bits
[    0.199166] pci_bus 0000:00: 2-byte config write to 0000:00:01.0 offset 0x3e may corrupt adjacent RW1C bits
[    0.199268] pci 0000:01:00.0: [10ec:8168] type 00 class 0x020000
[    0.199300] pci 0000:01:00.0: reg 0x10: [io  0x0000-0x00ff]
[    0.199323] pci 0000:01:00.0: reg 0x18: [mem 0x00000000-0x00000fff 64bit pref]
[    0.199341] pci 0000:01:00.0: reg 0x20: [mem 0x00000000-0x00003fff 64bit pref]
[    0.199354] pci 0000:01:00.0: reg 0x30: [mem 0x00000000-0x0001ffff pref]
[    0.199431] pci 0000:01:00.0: supports D1 D2
[    0.199439] pci 0000:01:00.0: PME# supported from D0 D1 D2 D3hot D3cold
[    0.228605] PCI: bus1: Fast back to back transfers disabled
[    0.228618] pci_bus 0000:01: busn_res: [bus 01-ff] end is updated to 01
[    0.228647] pci 0000:00:01.0: BAR 8: assigned [mem 0xa0000000-0xa00fffff]
[    0.228658] pci 0000:00:01.0: BAR 9: assigned [mem 0xa8000000-0xa80fffff 64bit pref]
[    0.228667] pci 0000:00:01.0: BAR 7: assigned [io  0x1000-0x1fff]
[    0.228679] pci 0000:01:00.0: BAR 6: assigned [mem 0xa0000000-0xa001ffff pref]
[    0.228688] pci 0000:01:00.0: BAR 4: assigned [mem 0xa8000000-0xa8003fff 64bit pref]
[    0.228704] pci 0000:01:00.0: BAR 2: assigned [mem 0xa8004000-0xa8004fff 64bit pref]
[    0.228720] pci 0000:01:00.0: BAR 0: assigned [io  0x1000-0x10ff]
[    0.228731] pci 0000:00:01.0: PCI bridge to [bus 01]
[    0.228739] pci 0000:00:01.0:   bridge window [io  0x1000-0x1fff]
[    0.228748] pci 0000:00:01.0:   bridge window [mem 0xa0000000-0xa00fffff]
[    0.228758] pci 0000:00:01.0:   bridge window [mem 0xa8000000-0xa80fffff 64bit pref]
[    0.228781] pci 0000:00:01.0: nv_msi_ht_cap_quirk didn't locate host bridge
[    0.228835] Disabling cpuidle LP2 state, since PCIe IRQs are in use
[    0.228871] pcieport 0000:00:01.0: enabling device (0140 -> 0143)
[    0.229057] pcieport 0000:00:01.0: Signaling PME with IRQ 298
[    0.235522] tegra-apbdma 6000a000.dma: Tegra20 APB DMA driver register 16 channels
[    0.275701] Serial: 8250/16550 driver, 4 ports, IRQ sharing disabled
[    0.277870] console [ttyS0] disabled
[    0.277909] 70006000.serial: ttyS0 at MMIO 0x70006000 (irq = 282, base_baud = 13500000) is a Tegra
[    1.372648] console [ttyS0] enabled
[    1.376701] SuperH (H)SCI(F) driver initialized
[    1.382008] msm_serial: driver initialized
[    1.386232] STMicroelectronics ASC driver initialized
[    1.403504] tegra-dc 54240000.dc: Linked as a consumer to 54200000.dc
[    1.418406] tegra-hdmi 54280000.hdmi: 54280000.hdmi supply hdmi not found, using dummy regulator
[    1.429557] [drm] Supports vblank timestamp caching Rev 2 (21.10.2013).
[    1.436156] [drm] No driver support for vblank timestamp query.
[    1.442123] [drm] Cannot find any crtc or sizes
[    1.446732] [drm] Initialized tegra 0.0.0 20120330 for drm on minor 0
[    1.454819] [drm] Cannot find any crtc or sizes
[    1.464514] brd: module loaded
[    1.472821] loop: module loaded
[    1.482097] m25p80 spi0.0: found s25fl008k, expected w25q80bl
[    1.487898] m25p80 spi0.0: s25fl008k (1024 Kbytes)
[    1.494707] libphy: Fixed MDIO Bus: probed
[    1.499516] CAN device driver interface
[    1.504013] bgmac_bcma: Broadcom 47xx GBit MAC driver loaded
[    1.510634] e1000e: Intel(R) PRO/1000 Network Driver - 3.2.6-k
[    1.516451] e1000e: Copyright(c) 1999 - 2015 Intel Corporation.
[    1.522429] igb: Intel(R) Gigabit Ethernet Network Driver - version 5.4.0-k
[    1.529408] igb: Copyright (c) 2007-2014 Intel Corporation.
[    1.535545] r8169 Gigabit Ethernet driver 2.3LK-NAPI loaded
[    1.541146] r8169 0000:01:00.0: enabling device (0140 -> 0143)
[    1.547648] r8169 0000:01:00.0 eth0: RTL8168d/8111d at 0x62618fd7, 00:01:c0:13:7d:63, XID 081000c0 IRQ 299
[    1.557312] r8169 0000:01:00.0 eth0: jumbo features [frames: 9200 bytes, tx checksumming: ko]
[    1.568191] pegasus: v0.9.3 (2013/04/25), Pegasus/Pegasus II USB Ethernet driver
[    1.575645] usbcore: registered new interface driver pegasus
[    1.581339] usbcore: registered new interface driver asix
[    1.586746] usbcore: registered new interface driver ax88179_178a
[    1.592864] usbcore: registered new interface driver cdc_ether
[    1.598732] usbcore: registered new interface driver smsc75xx
[    1.604499] usbcore: registered new interface driver smsc95xx
[    1.610279] usbcore: registered new interface driver net1080
[    1.615945] usbcore: registered new interface driver cdc_subset
[    1.621889] usbcore: registered new interface driver zaurus
[    1.627483] usbcore: registered new interface driver cdc_ncm
[    1.633415] tegra-phy c5004000.usb-phy: no vbus regulator
[    1.639933] tegra-phy c5008000.usb-phy: no vbus regulator
[    1.646698] ehci_hcd: USB 2.0 'Enhanced' Host Controller (EHCI) Driver
[    1.653232] ehci-pci: EHCI PCI platform driver
[    1.657694] ehci-platform: EHCI generic platform driver
[    1.663078] ehci-orion: EHCI orion driver
[    1.667191] SPEAr-ehci: EHCI SPEAr driver
[    1.671311] ehci-st: EHCI STMicroelectronics driver
[    1.676274] ehci-exynos: EHCI EXYNOS driver
[    1.680580] ehci-atmel: EHCI Atmel driver
[    1.684677] tegra-ehci: Tegra EHCI driver
[    1.749556] ulpi_phy_power_on: ulpi write failed
[    1.754164] tegra-ehci c5004000.usb: Failed to power on the phy
[    1.760100] tegra-ehci: probe of c5004000.usb failed with error -110
[    1.769076] tegra-ehci c5008000.usb: EHCI Host Controller
[    1.774479] tegra-ehci c5008000.usb: new USB bus registered, assigned bus number 1
[    1.782209] tegra-ehci c5008000.usb: irq 293, io mem 0xc5008000
[    1.808595] tegra-ehci c5008000.usb: USB 2.0 started, EHCI 1.00
[    1.815010] hub 1-0:1.0: USB hub found
[    1.818812] hub 1-0:1.0: 1 port detected
[    1.823027] ohci_hcd: USB 1.1 'Open' Host Controller (OHCI) Driver
[    1.829222] ohci-pci: OHCI PCI platform driver
[    1.833698] ohci-platform: OHCI generic platform driver
[    1.839101] SPEAr-ohci: OHCI SPEAr driver
[    1.843206] ohci-st: OHCI STMicroelectronics driver
[    1.848171] ohci-atmel: OHCI Atmel driver
[    1.852773] usbcore: registered new interface driver usb-storage
[    1.862039] rtc-em3027 2-0056: rtc core: registered rtc-em3027 as rtc0
[    1.869683] tegra_rtc 7000e000.rtc: rtc core: registered 7000e000.rtc as rtc1
[    1.876839] tegra_rtc 7000e000.rtc: Tegra internal Real Time Clock
[    1.883446] i2c /dev entries driver
[    1.896614] sdhci: Secure Digital Host Controller Interface driver
[    1.902797] sdhci: Copyright(c) Pierre Ossman
[    1.908388] Synopsys Designware Multimedia Card Interface Driver
[    1.915485] sdhci-pltfm: SDHCI platform and OF driver helper
[    1.928721] mmc0: Invalid maximum block size, assuming 512 bytes
[    1.960697] mmc0: SDHCI controller on c8000000.sdhci [c8000000.sdhci] using ADMA
[    1.968327] sdhci-tegra c8000600.sdhci: Got CD GPIO
[    1.973296] sdhci-tegra c8000600.sdhci: Got WP GPIO
[    1.986376] mmc1: Invalid maximum block size, assuming 512 bytes
[    2.018646] mmc1: SDHCI controller on c8000600.sdhci [c8000600.sdhci] using ADMA
[    2.029888] ledtrig-cpu: registered to indicate activity on CPUs
[    2.036297] usbcore: registered new interface driver usbhid
[    2.041896] usbhid: USB HID core driver
[    2.050573] NET: Registered protocol family 10
[    2.055861] Segment Routing with IPv6
[    2.059618] sit: IPv6, IPv4 and MPLS over IPv4 tunneling driver
[    2.065925] NET: Registered protocol family 17
[    2.070393] can: controller area network core (rev 20170425 abi 9)
[    2.076610] NET: Registered protocol family 29
[    2.081056] can: raw protocol (rev 20170425)
[    2.085313] can: broadcast manager protocol (rev 20170425 t)
[    2.090977] can: netlink gateway (rev 20170425) max_hops=1
[    2.096735] Key type dns_resolver registered
[    2.101361] ThumbEE CPU extension supported.
[    2.105624] Registering SWP/SWPB emulation handler
[    2.110888] Loading compiled-in X.509 certificates
[    2.124903] utmi_phy_clk_enable: timeout waiting for phy to stabilize
[    2.131417] tegra-ehci c5000000.usb: EHCI Host Controller
[    2.136820] tegra-ehci c5000000.usb: new USB bus registered, assigned bus number 2
[    2.144658] tegra-ehci c5000000.usb: irq 291, io mem 0xc5000000
[    2.208768] usb 1-1: new high-speed USB device number 2 using tegra-ehci
[    2.225057] mmc1: new high speed SD card at address b368
[    2.231497] mmcblk1: mmc1:b368 NCard 1.83 GiB (ro)
[    2.238659] tegra-ehci c5000000.usb: USB 2.0 started, EHCI 1.00
[    2.245369] hub 2-0:1.0: USB hub found
[    2.249198]  mmcblk1: p1 p2
[    2.252110] hub 2-0:1.0: 1 port detected
[    2.257882] input: gpio-keys as /devices/soc0/gpio-keys/input/input0
[    2.264812] rtc-em3027 2-0056: hctosys: unable to read the hardware clock
[    2.272268] Waiting for root device PARTUUID=11eb23c1-01...
[    2.441228] hub 1-1:1.0: USB hub found
[    2.445314] hub 1-1:1.0: 4 ports detected
[    2.768731] usb 1-1.2: new high-speed USB device number 3 using tegra-ehci
[    3.266476] mmc0: host does not support reading read-only switch, assuming write-enable
[    3.276490] mmc0: new high speed SDHC card at address b368
[    3.283061] mmcblk0: mmc0:b368 NCard 3.70 GiB 
[    3.290259]  mmcblk0: p1
[    3.393120] asix 1-1.2:1.0 eth1: register 'asix' at usb-c5008000.usb-1.2, ASIX AX88772 USB 2.0 Ethernet, 00:60:6e:60:6c:68
[    3.409546] EXT4-fs (mmcblk0p1): mounting ext3 file system using the ext4 subsystem
[    3.854780] EXT4-fs (mmcblk0p1): warning: mounting fs with errors, running e2fsck is recommended
[    3.932974] EXT4-fs (mmcblk0p1): recovery complete
[    4.007370] EXT4-fs (mmcblk0p1): mounted filesystem with ordered data mode. Opts: (null)
[    4.015592] VFS: Mounted root (ext3 filesystem) on device 179:17.
[    4.031625] devtmpfs: mounted
[    4.036643] Freeing unused kernel memory: 2048K
bash: cannot set terminal process group (-1): Inappropriate ioctl for device
bash: no job control in this shell
root@(none):/# 