
U-Boot SPL 2014.01-00219-gc4d376f (Feb 18 2014 - 19:57:18)


U-Boot 2014.01-00219-gc4d376f (Feb 18 2014 - 19:57:18)

TEGRA30
Board: NVIDIA Beaver
I2C:   ready
DRAM:  2 GiB
MMC:   Tegra SD/MMC: 0, Tegra SD/MMC: 1
In:    serial
Out:   serial
Err:   serial
Net:   Net Initialization Skipped
No ethernet found.
Hit any key to stop autoboot:  2  0 
Tegra30 (Beaver) # 
Tegra30 (Beaver) # usb reset
(Re)start USB...
USB0:   USB EHCI 1.00
scanning bus 0 for devices... 2 USB Device(s) found
       scanning usb for storage devices... 0 Storage Device(s) found
       scanning usb for ethernet devices... 
Warning: asx0 using MAC address from net device
1 Ethernet Device(s) found
Tegra30 (Beaver) # setenv bootargs 'ignore_loglevel console=ttyS0,115200n8 rw root=PARTUUID=edbe1840-3633-c751-7993-b0ac834f81e0 rootwait gpt debug noinitrd earlyprintk init=/bin/bash'
Tegra30 (Beaver) # setenv ipaddr 192.168.100.101; setenv serverip 192.168.100.1; setenv tftpserverip 192.168.100.1
Tegra30 (Beaver) # tftpboot 0x81000000 zImage.multi_v7_defconfig
Using asx0 device
TFTP from server 192.168.100.1; our IP address is 192.168.100.101
Filename 'zImage.multi_v7_defconfig'.
Load address: 0x81000000
Loading: *#################################################################
	 #################################################################
	 #################################################################
	 #################################################################
	 #################################################################
	 #################################################################
	 #################################################################
	 #######################################
	 2.9 MiB/s
done
Bytes transferred = 7240808 (6e7c68 hex)
Tegra30 (Beaver) # tftpboot 0x82000000 tegra30-beaver.dtb
Using asx0 device
TFTP from server 192.168.100.1; our IP address is 192.168.100.101
Filename 'tegra30-beaver.dtb'.
Load address: 0x82000000
Loading: *####
	 3.1 MiB/s
done
Bytes transferred = 51627 (c9ab hex)
Tegra30 (Beaver) # bootz 0x81000000 - 0x82000000
Kernel image @ 0x81000000 [ 0x000000 - 0x6e7c68 ]
## Flattened Device Tree blob at 82000000
   Booting using the fdt blob at 0x82000000
   Loading Device Tree to 8fff0000, end 8ffff9aa ... OK

Starting kernel ...

[    0.000000] Booting Linux on physical CPU 0x0
[    0.000000] Linux version 4.7.0-rc1-next-20160530-96165-g421ed81 (pwalmsley@sellafield) (gcc version 4.7.3 20130328 (prerelease) (crosstool-NG linaro-1.13.1-4.7-2013.04-20130415 - Linaro GCC 2013.04) ) #1 SMP Tue May 31 07:03:30 PDT 2016
[    0.000000] CPU: ARMv7 Processor [412fc099] revision 9 (ARMv7), cr=10c5387d
[    0.000000] CPU: PIPT / VIPT nonaliasing data cache, VIPT aliasing instruction cache
[    0.000000] Machine model: NVIDIA Tegra30 Beaver evaluation board
[    0.000000] debug: ignoring loglevel setting.
[    0.000000] cma: Reserved 64 MiB at 0xfb800000
[    0.000000] Memory policy: Data cache writealloc
[    0.000000] On node 0 totalpages: 524032
[    0.000000] free_area_init_node: node 0, pgdat c141bb80, node_mem_map eeff8000
[    0.000000]   DMA zone: 1536 pages used for memmap
[    0.000000]   DMA zone: 0 pages reserved
[    0.000000]   DMA zone: 196608 pages, LIFO batch:31
[    0.000000]   HighMem zone: 327424 pages, LIFO batch:31
[    0.000000] percpu: Embedded 13 pages/cpu @eef8f000 s23808 r8192 d21248 u53248
[    0.000000] pcpu-alloc: s23808 r8192 d21248 u53248 alloc=13*4096
[    0.000000] pcpu-alloc: [0] 0 [0] 1 [0] 2 [0] 3 
[    0.000000] Built 1 zonelists in Zone order, mobility grouping on.  Total pages: 522496
[    0.000000] Kernel command line: ignore_loglevel console=ttyS0,115200n8 rw root=PARTUUID=edbe1840-3633-c751-7993-b0ac834f81e0 rootwait gpt debug noinitrd earlyprintk init=/bin/bash
[    0.000000] PID hash table entries: 4096 (order: 2, 16384 bytes)
[    0.000000] Dentry cache hash table entries: 131072 (order: 7, 524288 bytes)
[    0.000000] Inode-cache hash table entries: 65536 (order: 6, 262144 bytes)
[    0.000000] Memory: 1995036K/2096128K available (9529K kernel code, 1142K rwdata, 4476K rodata, 2048K init, 343K bss, 35556K reserved, 65536K cma-reserved, 1244160K highmem)
[    0.000000] Virtual kernel memory layout:
[    0.000000]     vector  : 0xffff0000 - 0xffff1000   (   4 kB)
[    0.000000]     fixmap  : 0xffc00000 - 0xfff00000   (3072 kB)
[    0.000000]     vmalloc : 0xf0800000 - 0xff800000   ( 240 MB)
[    0.000000]     lowmem  : 0xc0000000 - 0xf0000000   ( 768 MB)
[    0.000000]     pkmap   : 0xbfe00000 - 0xc0000000   (   2 MB)
[    0.000000]     modules : 0xbf000000 - 0xbfe00000   (  14 MB)
[    0.000000]       .text : 0xc0208000 - 0xc10ad604   (14998 kB)
[    0.000000]       .init : 0xc1100000 - 0xc1300000   (2048 kB)
[    0.000000]       .data : 0xc1300000 - 0xc141dbe0   (1143 kB)
[    0.000000]        .bss : 0xc141f000 - 0xc1474ca0   ( 344 kB)
[    0.000000] SLUB: HWalign=64, Order=0-3, MinObjects=0, CPUs=4, Nodes=1
[    0.000000] Hierarchical RCU implementation.
[    0.000000] 	Build-time adjustment of leaf fanout to 32.
[    0.000000] 	RCU restricting CPUs from NR_CPUS=16 to nr_cpu_ids=4.
[    0.000000] RCU: Adjusting geometry for rcu_fanout_leaf=32, nr_cpu_ids=4
[    0.000000] NR_IRQS:16 nr_irqs:16 16
[    0.000000] /interrupt-controller@60004000: 160 interrupts forwarded to /interrupt-controller@50041000
[    0.000000] L2C: platform modifies aux control register: 0x02080000 -> 0x3e480001
[    0.000000] L2C: DT/platform modifies aux control register: 0x02080000 -> 0x3e480001
[    0.000000] L2C-310 erratum 769419 enabled
[    0.000000] L2C-310 enabling early BRESP for Cortex-A9
[    0.000000] L2C-310: enabling full line of zeros but not enabled in Cortex-A9
[    0.000000] L2C-310 dynamic clock gating enabled, standby mode enabled
[    0.000000] L2C-310 cache controller enabled, 8 ways, 1024 kB
[    0.000000] L2C-310: CACHE_ID 0x410000c7, AUX_CTRL 0x4e480001
[    0.000013] sched_clock: 32 bits at 1000kHz, resolution 1000ns, wraps every 2147483647500ns
[    0.000030] clocksource: timer_us: mask: 0xffffffff max_cycles: 0xffffffff, max_idle_ns: 1911260446275 ns
[    0.000040] Switching to timer-based delay loop, resolution 1000ns
[    0.002764] Console: colour dummy device 80x30
[    0.002789] Calibrating delay loop (skipped), value calculated using timer frequency.. 2.00 BogoMIPS (lpj=5000)
[    0.002798] pid_max: default: 32768 minimum: 301
[    0.002885] Mount-cache hash table entries: 2048 (order: 1, 8192 bytes)
[    0.002893] Mountpoint-cache hash table entries: 2048 (order: 1, 8192 bytes)
[    0.003321] CPU: Testing write buffer coherency: ok
[    0.003609] CPU0: thread -1, cpu 0, socket 0, mpidr 80000000
[    0.003653] Setting up static identity map for 0x80300000 - 0x80300098
[    0.006125] Tegra Revision: A03 SKU: 128 CPU Process: 4 SoC Process: 0
[    0.010344] CPU1: thread -1, cpu 1, socket 0, mpidr 80000001
[    0.015328] CPU2: thread -1, cpu 2, socket 0, mpidr 80000002
[    0.020325] CPU3: thread -1, cpu 3, socket 0, mpidr 80000003
[    0.020369] Brought up 4 CPUs
[    0.020383] SMP: Total of 4 processors activated (8.00 BogoMIPS).
[    0.020388] CPU: All CPU(s) started in SVC mode.
[    0.021085] devtmpfs: initialized
[    0.029085] VFP support v0.3: implementor 41 architecture 3 part 30 variant 9 rev 4
[    0.029713] clocksource: jiffies: mask: 0xffffffff max_cycles: 0xffffffff, max_idle_ns: 9556302231375000 ns
[    0.033014] pinctrl core: initialized pinctrl subsystem
[    0.034479] NET: Registered protocol family 16
[    0.036921] DMA: preallocated 256 KiB pool for atomic coherent allocations
[    0.049923] cpuidle: using governor menu
[    0.058952] No ATAGs?
[    0.058977] hw-breakpoint: found 5 (+1 reserved) breakpoint and 1 watchpoint registers.
[    0.058984] hw-breakpoint: maximum watchpoint size is 4 bytes.
[    0.062215] Serial: AMBA PL011 UART driver
[    0.063830] tegra-mc 7000f000.memory-controller: no memory timings for RAM code 3 registered
[    0.082838] vdd_5v_sata: Failed to request enable GPIO30: -517
[    0.082852] reg-fixed-voltage regulators:regulator@3: Failed to register regulator: -517
[    0.082897] usb1_vbus: Failed to request enable GPIO238: -517
[    0.082904] reg-fixed-voltage regulators:regulator@4: Failed to register regulator: -517
[    0.082948] usb3_vbus: Failed to request enable GPIO236: -517
[    0.082956] reg-fixed-voltage regulators:regulator@5: Failed to register regulator: -517
[    0.083044] sys_3v3_pexs: Failed to request enable GPIO95: -517
[    0.083051] reg-fixed-voltage regulators:regulator@7: Failed to register regulator: -517
[    0.085109] vgaarb: loaded
[    0.085582] SCSI subsystem initialized
[    0.085691] libata version 3.00 loaded.
[    0.085867] usbcore: registered new interface driver usbfs
[    0.085904] usbcore: registered new interface driver hub
[    0.085939] usbcore: registered new device driver usb
[    0.092665] vrtc: supplied by vdd_5v_in
[    0.095975] vio: supplied by vdd_5v_in
[    0.101820] vdd1: supplied by vdd_5v_in
[    0.103185] vddio_ddr_1v2: Bringing 600000uV into 1200000-1200000uV
[    0.106817] vdd2: supplied by vdd_5v_in
[    0.116828] ldo1: supplied by vdd_1v5_gen
[    0.119198] ldo2: supplied by vdd_1v5_gen
[    0.119687] vdd_sata,avdd_plle: Bringing 1200000uV into 1050000-1050000uV
[    0.121936] ldo3: supplied by vdd_5v_in
[    0.124303] ldo4: supplied by vdd_5v_in
[    0.126835] ldo5: supplied by vdd_5v_in
[    0.131821] ldo6: supplied by vdd_1v8_gen
[    0.132294] avdd_dsi_csi,pwrdet_mipi: Bringing 1000000uV into 1200000-1200000uV
[    0.134532] ldo7: supplied by vdd_1v8_gen
[    0.141843] ldo8: supplied by vdd_1v8_gen
[    0.146872] pps_core: LinuxPPS API ver. 1 registered
[    0.146878] pps_core: Software ver. 5.3.6 - Copyright 2005-2007 Rodolfo Giometti <giometti@linux.it>
[    0.146891] PTP clock support registered
[    0.147031] EDAC MC: Ver: 3.0.0
[    0.148529] clocksource: Switched to clocksource timer_us
[    0.154310] NET: Registered protocol family 2
[    0.154715] TCP established hash table entries: 8192 (order: 3, 32768 bytes)
[    0.154768] TCP bind hash table entries: 8192 (order: 4, 65536 bytes)
[    0.154852] TCP: Hash tables configured (established 8192 bind 8192)
[    0.154934] UDP hash table entries: 512 (order: 2, 16384 bytes)
[    0.154991] UDP-Lite hash table entries: 512 (order: 2, 16384 bytes)
[    0.155166] NET: Registered protocol family 1
[    0.155421] RPC: Registered named UNIX socket transport module.
[    0.155428] RPC: Registered udp transport module.
[    0.155432] RPC: Registered tcp transport module.
[    0.155436] RPC: Registered tcp NFSv4.1 backchannel transport module.
[    0.155446] PCI: CLS 0 bytes, default 64
[    0.156198] hw perfevents: enabled with armv7_cortex_a9 PMU driver, 7 counters available
[    0.157096] futex hash table entries: 1024 (order: 4, 65536 bytes)
[    0.157578] workingset: timestamp_bits=28 max_order=19 bucket_order=0
[    0.162772] squashfs: version 4.0 (2009/01/31) Phillip Lougher
[    0.163225] NFS: Registering the id_resolver key type
[    0.163265] Key type id_resolver registered
[    0.163270] Key type id_legacy registered
[    0.163299] ntfs: driver 2.1.32 [Flags: R/O].
[    0.164147] bounce: pool size: 64 pages
[    0.164266] Block layer SCSI generic (bsg) driver version 0.4 loaded (major 248)
[    0.164276] io scheduler noop registered
[    0.164281] io scheduler deadline registered
[    0.164300] io scheduler cfq registered (default)
[    0.176964] tegra-pcie 3000.pcie-controller: 2x3 configuration
[    0.177112] tegra-pcie 3000.pcie-controller: Failed to get supply 'hvdd-pex': -517
[    0.180925] tegra-apbdma 6000a000.dma: Tegra20 APB DMA driver register 32 channels
[    0.182098] tegra-pmc 7000e400.pmc: i2c-thermtrip node not found, emergency thermal reset disabled.
[    0.213796] Serial: 8250/16550 driver, 4 ports, IRQ sharing disabled
[    0.215878] console [ttyS0] disabled
[    0.215915] 70006000.serial: ttyS0 at MMIO 0x70006000 (irq = 331, base_baud = 25500000) is a Tegra
[    1.073814] console [ttyS0] enabled
[    1.077812] SuperH (H)SCI(F) driver initialized
[    1.082962] msm_serial: driver initialized
[    1.087171] STMicroelectronics ASC driver initialized
[    1.094483] [drm] Initialized drm 1.1.0 20060810
[    1.101073] tegra-hdmi 54280000.hdmi: failed to get HDMI regulator
[    1.115123] brd: module loaded
[    1.121989] loop: module loaded
[    1.130200] m25p80 spi32766.1: w25q32 (4096 Kbytes)
[    1.137075] libphy: Fixed MDIO Bus: probed
[    1.141579] CAN device driver interface
[    1.146552] igb: Intel(R) Gigabit Ethernet Network Driver - version 5.3.0-k
[    1.153507] igb: Copyright (c) 2007-2014 Intel Corporation.
[    1.160901] pegasus: v0.9.3 (2013/04/25), Pegasus/Pegasus II USB Ethernet driver
[    1.168345] usbcore: registered new interface driver pegasus
[    1.174030] usbcore: registered new interface driver asix
[    1.179451] usbcore: registered new interface driver ax88179_178a
[    1.185566] usbcore: registered new interface driver cdc_ether
[    1.191424] usbcore: registered new interface driver smsc75xx
[    1.197196] usbcore: registered new interface driver smsc95xx
[    1.202957] usbcore: registered new interface driver net1080
[    1.208632] usbcore: registered new interface driver cdc_subset
[    1.214563] usbcore: registered new interface driver zaurus
[    1.220182] usbcore: registered new interface driver cdc_ncm
[    1.227312] ehci_hcd: USB 2.0 'Enhanced' Host Controller (EHCI) Driver
[    1.233844] ehci-pci: EHCI PCI platform driver
[    1.238300] ehci-platform: EHCI generic platform driver
[    1.243646] ehci-omap: OMAP-EHCI Host Controller driver
[    1.248943] ehci-orion: EHCI orion driver
[    1.253015] SPEAr-ehci: EHCI SPEAr driver
[    1.257099] ehci-st: EHCI STMicroelectronics driver
[    1.262050] ehci-exynos: EHCI EXYNOS driver
[    1.266320] ehci-atmel: EHCI Atmel driver
[    1.270405] tegra-ehci: Tegra EHCI driver
[    1.274597] ------------[ cut here ]------------
[    1.279231] WARNING: CPU: 1 PID: 1 at drivers/reset/core.c:187 __of_reset_control_get+0x1bc/0x228
[    1.288087] Modules linked in:
[    1.291147] CPU: 1 PID: 1 Comm: swapper/0 Not tainted 4.7.0-rc1-next-20160530-96165-g421ed81 #1
[    1.299822] Hardware name: NVIDIA Tegra SoC (Flattened Device Tree)
[    1.306112] [<c030f9d0>] (unwind_backtrace) from [<c030b0c8>] (show_stack+0x10/0x14)
[    1.313843] [<c030b0c8>] (show_stack) from [<c0586548>] (dump_stack+0x84/0xa4)
[    1.321059] [<c0586548>] (dump_stack) from [<c0341b88>] (__warn+0xd4/0x100)
[    1.328007] [<c0341b88>] (__warn) from [<c0341bd4>] (warn_slowpath_null+0x20/0x28)
[    1.335560] [<c0341bd4>] (warn_slowpath_null) from [<c06a0cf8>] (__of_reset_control_get+0x1bc/0x228)
[    1.344684] [<c06a0cf8>] (__of_reset_control_get) from [<c0912e50>] (tegra_ehci_probe+0x2d0/0x51c)
[    1.353629] [<c0912e50>] (tegra_ehci_probe) from [<c077a01c>] (platform_drv_probe+0x50/0xb0)
[    1.362060] [<c077a01c>] (platform_drv_probe) from [<c0778980>] (driver_probe_device+0x1f4/0x2b0)
[    1.370915] [<c0778980>] (driver_probe_device) from [<c0778ae8>] (__driver_attach+0xac/0xb0)
[    1.379334] [<c0778ae8>] (__driver_attach) from [<c0776f94>] (bus_for_each_dev+0x54/0x88)
[    1.387493] [<c0776f94>] (bus_for_each_dev) from [<c0777f74>] (bus_add_driver+0xe8/0x1f4)
[    1.395654] [<c0777f74>] (bus_add_driver) from [<c0779304>] (driver_register+0x78/0xf4)
[    1.403640] [<c0779304>] (driver_register) from [<c0301e7c>] (do_one_initcall+0x3c/0x16c)
[    1.411810] [<c0301e7c>] (do_one_initcall) from [<c1100d80>] (kernel_init_freeable+0x120/0x1ec)
[    1.420493] [<c1100d80>] (kernel_init_freeable) from [<c0b5c468>] (kernel_init+0x8/0x118)
[    1.428654] [<c0b5c468>] (kernel_init) from [<c0307fb8>] (ret_from_fork+0x14/0x3c)
[    1.436229] ---[ end trace 21e246fed60606b7 ]---
[    1.440844] tegra-ehci 7d004000.usb: can't get utmi-pads reset from the PHY
[    1.447795] tegra-ehci 7d004000.usb: continuing, but please update your DT
[    1.454836] ohci_hcd: USB 1.1 'Open' Host Controller (OHCI) Driver
[    1.461022] ohci-pci: OHCI PCI platform driver
[    1.465504] ohci-platform: OHCI generic platform driver
[    1.470838] ohci-omap3: OHCI OMAP3 driver
[    1.474925] SPEAr-ohci: OHCI SPEAr driver
[    1.479012] ohci-st: OHCI STMicroelectronics driver
[    1.483965] ohci-atmel: OHCI Atmel driver
[    1.488398] usbcore: registered new interface driver usb-storage
[    1.495385] mousedev: PS/2 mouse device common for all mice
[    1.502834] tegra_rtc 7000e000.rtc: rtc core: registered 7000e000.rtc as rtc1
[    1.510005] tegra_rtc 7000e000.rtc: Tegra internal Real Time Clock
[    1.528707] tps65910-rtc tps65910-rtc: rtc core: registered tps65910-rtc as rtc0
[    1.536301] i2c /dev entries driver
[    1.547266] sdhci: Secure Digital Host Controller Interface driver
[    1.553451] sdhci: Copyright(c) Pierre Ossman
[    1.558738] Synopsys Designware Multimedia Card Interface Driver
[    1.565378] sdhci-pltfm: SDHCI platform and OF driver helper
[    1.571601] sdhci-tegra 78000000.sdhci: Got CD GPIO
[    1.576489] sdhci-tegra 78000000.sdhci: Got WP GPIO
[    1.582521] mmc0: Invalid maximum block size, assuming 512 bytes
[    1.623609] mmc0: SDHCI controller on 78000000.sdhci [78000000.sdhci] using ADMA
[    1.632245] mmc1: Invalid maximum block size, assuming 512 bytes
[    1.673536] mmc1: SDHCI controller on 78000600.sdhci [78000600.sdhci] using ADMA
[    1.682053] ledtrig-cpu: registered to indicate activity on CPUs
[    1.688259] usbcore: registered new interface driver usbhid
[    1.693826] usbhid: USB HID core driver
[    1.700915] NET: Registered protocol family 10
[    1.705906] sit: IPv6 over IPv4 tunneling driver
[    1.710951] NET: Registered protocol family 17
[    1.715405] can: controller area network core (rev 20120528 abi 9)
[    1.721618] NET: Registered protocol family 29
[    1.726058] can: raw protocol (rev 20120528)
[    1.730323] can: broadcast manager protocol (rev 20120528 t)
[    1.735983] can: netlink gateway (rev 20130117) max_hops=1
[    1.741757] Key type dns_resolver registered
[    1.746428] ThumbEE CPU extension supported.
[    1.750705] Registering SWP/SWPB emulation handler
[    1.763615] vdd_ddr: supplied by vdd_5v_in
[    1.772608] vdd_5v_sata: supplied by vdd_5v_in
[    1.777415] usb1_vbus: supplied by vdd_5v_in
[    1.784035] usb3_vbus: supplied by vdd_5v_in
[    1.795457] sys_3v3,vdd_3v3_alw: supplied by vdd_5v_in
[    1.803109] +VDD_5V_HDMI: supplied by sys_3v3,vdd_3v3_alw
[    1.810762] sys_3v3_pexs: supplied by sys_3v3,vdd_3v3_alw
[    1.816835] tegra-pcie 3000.pcie-controller: 2x3 configuration
[    1.827095] tegra-pcie 3000.pcie-controller: probing port 0, using 2 lanes
[    1.854347] mmc0: error -110 whilst initialising SD card
[    1.893176] tegra-pcie 3000.pcie-controller: probing port 2, using 2 lanes
[    1.902566] mmc1: new high speed MMC card at address 0001
[    1.920261] mmcblk1: mmc1:0001 SEM16G 14.8 GiB 
[    1.926864] mmcblk1boot0: mmc1:0001 SEM16G partition 1 1.00 MiB
[    1.944845] mmcblk1boot1: mmc1:0001 SEM16G partition 2 1.00 MiB
[    1.959848] mmcblk1rpmb: mmc1:0001 SEM16G partition 3 128 KiB
[    1.978006] Primary GPT is invalid, using alternate GPT.
[    1.983331]  mmcblk1: p1 p2 p3 p4 p5
[    2.303957] tegra-pcie 3000.pcie-controller: link 2 down, retrying
[    2.713839] tegra-pcie 3000.pcie-controller: link 2 down, retrying
[    3.132944] tegra-pcie 3000.pcie-controller: link 2 down, retrying
[    3.141133] tegra-pcie 3000.pcie-controller: link 2 down, ignoring
[    3.147445] tegra-pcie 3000.pcie-controller: PCI host bridge to bus 0000:00
[    3.154403] pci_bus 0000:00: root bus resource [io  0x0000-0xffff]
[    3.160575] pci_bus 0000:00: root bus resource [mem 0x20000000-0x27ffffff]
[    3.167439] pci_bus 0000:00: root bus resource [mem 0x28000000-0x3fffffff pref]
[    3.174735] pci_bus 0000:00: root bus resource [bus 00-ff]
[    3.180233] pci 0000:00:01.0: [10de:0e1c] type 01 class 0x060400
[    3.186296] pci 0000:00:01.0: PME# supported from D0 D1 D2 D3hot D3cold
[    3.193055] PCI: bus0: Fast back to back transfers disabled
[    3.198626] pci 0000:00:01.0: bridge configuration invalid ([bus 00-00]), reconfiguring
[    3.206715] pci 0000:01:00.0: [10ec:8168] type 00 class 0x020000
[    3.212729] pci 0000:01:00.0: reg 0x10: [io  0x0000-0x00ff]
[    3.218308] pci 0000:01:00.0: reg 0x18: [mem 0x00000000-0x00000fff 64bit pref]
[    3.225526] pci 0000:01:00.0: reg 0x20: [mem 0x00000000-0x00003fff 64bit pref]
[    3.232811] pci 0000:01:00.0: supports D1 D2
[    3.237075] pci 0000:01:00.0: PME# supported from D0 D1 D2 D3hot D3cold
[    3.253551] PCI: bus1: Fast back to back transfers disabled
[    3.259120] pci_bus 0000:01: busn_res: [bus 01-ff] end is updated to 01
[    3.265786] pci 0000:00:01.0: BAR 9: assigned [mem 0x28000000-0x280fffff 64bit pref]
[    3.273521] pci 0000:00:01.0: BAR 7: assigned [io  0x1000-0x1fff]
[    3.279609] pci 0000:01:00.0: BAR 4: assigned [mem 0x28000000-0x28003fff 64bit pref]
[    3.287349] pci 0000:01:00.0: BAR 2: assigned [mem 0x28004000-0x28004fff 64bit pref]
[    3.295087] pci 0000:01:00.0: BAR 0: assigned [io  0x1000-0x10ff]
[    3.301173] pci 0000:00:01.0: PCI bridge to [bus 01]
[    3.306131] pci 0000:00:01.0:   bridge window [io  0x1000-0x1fff]
[    3.312215] pci 0000:00:01.0:   bridge window [mem 0x28000000-0x280fffff 64bit pref]
[    3.319960] pci 0000:00:01.0: nv_msi_ht_cap_quirk didn't locate host bridge
[    3.327012] pcieport 0000:00:01.0: enabling device (0140 -> 0143)
[    3.333237] pcieport 0000:00:01.0: Signaling PME through PCIe PME interrupt
[    3.340193] pci 0000:01:00.0: Signaling PME through PCIe PME interrupt
[    3.346711] pcie_pme 0000:00:01.0:pcie001: service driver pcie_pme loaded
[    3.353676] r8169 Gigabit Ethernet driver 2.3LK-NAPI loaded
[    3.359260] r8169 0000:01:00.0: enabling device (0140 -> 0143)
[    3.366020] r8169 0000:01:00.0 eth0: RTL8168evl/8111evl at 0xf09f2000, 02:04:4b:01:60:a6, XID 0c900800 IRQ 375
[    3.376013] r8169 0000:01:00.0 eth0: jumbo features [frames: 9200 bytes, tx checksumming: ko]
[    3.387772] [drm] Supports vblank timestamp caching Rev 2 (21.10.2013).
[    3.394387] [drm] No driver support for vblank timestamp query.
[    3.400326] drm drm: No connectors reported connected with modes
[    3.406332] [drm] Cannot find any crtc or sizes - going 1024x768
[    3.442536] Console: switching to colour frame buffer device 128x48
[    3.455195] drm drm: fb0:  frame buffer device
[    3.558532] [drm] Initialized tegra 0.0.0 20120330 on minor 0
[    3.569580] utmi_phy_clk_enable: timeout waiting for phy to stabilize
[    3.576044] tegra-ehci 7d004000.usb: EHCI Host Controller
[    3.581456] tegra-ehci 7d004000.usb: new USB bus registered, assigned bus number 1
[    3.589302] tegra-ehci 7d004000.usb: irq 343, io mem 0x7d004000
[    3.603538] tegra-ehci 7d004000.usb: USB 2.0 started, EHCI 1.00
[    3.610394] hub 1-0:1.0: USB hub found
[    3.614172] hub 1-0:1.0: 1 port detected
[    3.619197] tegra-ehci 7d008000.usb: EHCI Host Controller
[    3.624607] tegra-ehci 7d008000.usb: new USB bus registered, assigned bus number 2
[    3.632371] tegra-ehci 7d008000.usb: irq 344, io mem 0x7d008000
[    3.643537] tegra-ehci 7d008000.usb: USB 2.0 started, EHCI 1.00
[    3.650308] hub 2-0:1.0: USB hub found
[    3.654076] hub 2-0:1.0: 1 port detected
[    3.662493] tps65910-rtc tps65910-rtc: setting system clock to 2000-01-01 00:00:02 UTC (946684802)
[    3.676436] vdd_sata,avdd_plle: disabling
[    3.680832] usb1_vbus: disabling
[    3.686045] EXT4-fs (mmcblk1p1): mounting ext3 file system using the ext4 subsystem
[    3.701054] EXT4-fs (mmcblk1p1): warning: mounting fs with errors, running e2fsck is recommended
[    3.711275] EXT4-fs (mmcblk1p1): recovery complete
[    3.716079] EXT4-fs (mmcblk1p1): mounted filesystem with ordered data mode. Opts: (null)
[    3.724192] VFS: Mounted root (ext3 filesystem) on device 179:1.
[    3.741257] devtmpfs: mounted
[    3.747248] Freeing unused kernel memory: 2048K (c1100000 - c1300000)
bash: cannot set terminal process group (-1): Inappropriate ioctl for device
bash: no job control in this shell
root@(none):/# [    3.963562] usb 2-1: new high-speed USB device number 2 using tegra-ehci
mount -t sysfs none /sys
root@(none):/# 
root@(none):/# [    4.902155] asix 2-1:1.0 eth1: register 'asix' at usb-7d008000.usb-1, ASIX AX88772 USB 2.0 Ethernet, 00:50:b6:0f:67:60
mount -t debugfs none /sys/kernel/debug
root@(none):/# 
root@(none):/# rtcwake -d rtc1 -m mem -s 3
rtcwake: wakeup from "mem" using /dev/rtc1 at Thu Jan  1 00:00:21 1970
[    6.432837] PM: Syncing filesystems ... done.
[    6.446812] Freezing user space processes ... (elapsed 0.001 seconds) done.
[    6.454934] Freezing remaining freezable tasks ... (elapsed 0.001 seconds) done.
[    6.463572] Suspending console(s) (use no_console_suspend to debug)
[    6.502553] PM: suspend of devices complete after 31.708 msecs
[    6.503208] PM: late suspend of devices complete after 0.648 msecs
[    6.519023] PM: noirq suspend of devices complete after 15.806 msecs
[    6.519026] Disabling non-boot CPUs ...
[    6.519427] IRQ17 no longer affine to CPU1
[    6.519745] CPU1: shutdown
[    6.544925] CPU2: shutdown
[    6.559492] CPU3: shutdown
[    6.574021] Entering suspend state LP1
[    6.574034] Enabling non-boot CPUs ...
[    6.599545] CPU1 is up
[    6.624647] CPU2 is up
[    6.649760] CPU3 is up
[    6.650384] pcieport 0000:00:01.0: nv_msi_ht_cap_quirk didn't locate host bridge
[    6.663594] PM: noirq resume of devices complete after 13.825 msecs
[    6.664555] PM: early resume of devices complete after 0.596 msecs
[    6.730780] PM: resume of devices complete after 66.215 msecs
[    6.805990] Restarting tasks ... done.
root@(none):/# 
root@(none):/# rtcwake -d rtc1 -m mem -s 3
rtcwake: wakeup from "mem" using /dev/rtc1 at Thu Jan  1 00:00:25 1970
[    7.175340] PM: Syncing filesystems ... done.
[   11.073592] Freezing user space processes ... (elapsed 0.001 seconds) done.
[   11.081678] Freezing remaining freezable tasks ... (elapsed 0.001 seconds) done.
[   11.090306] Suspending console(s) (use no_console_suspend to debug)
