
U-Boot SPL 2015.04-rc3-00209-ga74ef40 (Mar 16 2015 - 14:43:39)


U-Boot 2015.04-rc3-00209-ga74ef40 (Mar 16 2015 - 14:43:39)

TEGRA20
Model: Compulab TrimSlice board
DRAM:  1 GiB
MMC:   Tegra SD/MMC: 0, Tegra SD/MMC: 1
SF: Detected W25Q80BL with page size 256 Bytes, erase size 4 KiB, total 1 MiB
tegra-pcie: PCI regions:
tegra-pcie:   I/O: 0x82000000-0x82010000
tegra-pcie:   non-prefetchable memory: 0xa0000000-0xa8000000
tegra-pcie:   prefetchable memory: 0xa8000000-0xc0000000
tegra-pcie: dual-mode configuration
tegra-pcie: probing port 0, using 2 lanes
In:    serial
Out:   serial
Err:   serial
Net:   RTL8169#0
Hit any key to stop autoboot:  2  0 
Tegra20 (TrimSlice) # 
Tegra20 (TrimSlice) # usb reset
resetting USB...
USB0:   USB EHCI 1.00
scanning bus 0 for devices... 3 USB Device(s) found
USB1:   USB EHCI 1.00
scanning bus 1 for devices... 1 USB Device(s) found
USB2:   lowlevel init failed
       scanning usb for storage devices... 0 Storage Device(s) found
       scanning usb for ethernet devices... 
Warning: asx0 using MAC address from net device
1 Ethernet Device(s) found
Tegra20 (TrimSlice) # setenv bootargs 'ignore_loglevel console=ttyS0,115200n8 rw root=PARTUUID=11eb23c1-01 rootwait gpt debug noinitrd earlyprintk init=/bin/bash'
Tegra20 (TrimSlice) # setenv ipaddr 192.168.100.103; setenv serverip 192.168.100.1; setenv tftpserverip 192.168.100.1
Tegra20 (TrimSlice) # tftpboot 0x00408000 zImage.tegra_defconfig
Using RTL8169#0 device
TFTP from server 192.168.100.1; our IP address is 192.168.100.103
Filename 'zImage.tegra_defconfig'.
Load address: 0x408000
Loading: *#################################################################
	 #################################################################
	 #################################################################
	 #################################################################
	 #################################################################
	 ######################################################
	 4.1 MiB/s
done
Bytes transferred = 5560792 (54d9d8 hex)
Tegra20 (TrimSlice) # tftpboot 0x02408000 tegra20-trimslice.dtb
Using RTL8169#0 device
TFTP from server 192.168.100.1; our IP address is 192.168.100.103
Filename 'tegra20-trimslice.dtb'.
Load address: 0x2408000
Loading: *##
	 4.1 MiB/s
done
Bytes transferred = 21426 (53b2 hex)
Tegra20 (TrimSlice) # bootz 0x00408000 - 0x02408000
Kernel image @ 0x408000 [ 0x000000 - 0x54d9d8 ]
## Flattened Device Tree blob at 02408000
   Booting using the fdt blob at 0x2408000
   Using Device Tree in place at 02408000, end 024103b1

Starting kernel ...

Uncompressing Linux... done, booting the kernel.
[    0.000000] Booting Linux on physical CPU 0x0
[    0.000000] Linux version 4.10.0-rc8-next-20170217-153790-g4ce4a75 (pwalmsley@kaivo) (gcc version 4.7.3 20130328 (prerelease) (crosstool-NG linaro-1.13.1-4.7-2013.04-20130415 - Linaro GCC 2013.04) ) #1 SMP PREEMPT Thu Feb 16 22:03:43 PST 2017
[    0.000000] CPU: ARMv7 Processor [411fc090] revision 0 (ARMv7), cr=10c5387d
[    0.000000] CPU: PIPT / VIPT nonaliasing data cache, VIPT aliasing instruction cache
[    0.000000] OF: fdt: Machine model: Compulab TrimSlice board
[    0.000000] debug: ignoring loglevel setting.
[    0.000000] bootconsole [earlycon0] enabled
[    0.000000] cma: Reserved 64 MiB at 0x3c000000
[    0.000000] Memory policy: Data cache writealloc
[    0.000000] On node 0 totalpages: 262144
[    0.000000] free_area_init_node: node 0, pgdat c0d5df80, node_mem_map ef7f7000
[    0.000000]   Normal zone: 1536 pages used for memmap
[    0.000000]   Normal zone: 0 pages reserved
[    0.000000]   Normal zone: 196608 pages, LIFO batch:31
[    0.000000]   HighMem zone: 65536 pages, LIFO batch:15
[    0.000000] percpu: Embedded 16 pages/cpu @ef7c5000 s34368 r8192 d22976 u65536
[    0.000000] pcpu-alloc: s34368 r8192 d22976 u65536 alloc=16*4096
[    0.000000] pcpu-alloc: [0] 0 [0] 1 
[    0.000000] Built 1 zonelists in Zone order, mobility grouping on.  Total pages: 260608
[    0.000000] Kernel command line: ignore_loglevel console=ttyS0,115200n8 rw root=PARTUUID=11eb23c1-01 rootwait gpt debug noinitrd earlyprintk init=/bin/bash
[    0.000000] PID hash table entries: 4096 (order: 2, 16384 bytes)
[    0.000000] Dentry cache hash table entries: 131072 (order: 7, 524288 bytes)
[    0.000000] Inode-cache hash table entries: 65536 (order: 6, 262144 bytes)
[    0.000000] Memory: 960812K/1048576K available (8192K kernel code, 381K rwdata, 2492K rodata, 1024K init, 305K bss, 22228K reserved, 65536K cma-reserved, 196608K highmem)
[    0.000000] Virtual kernel memory layout:
[    0.000000]     vector  : 0xffff0000 - 0xffff1000   (   4 kB)
[    0.000000]     fixmap  : 0xffc00000 - 0xfff00000   (3072 kB)
[    0.000000]     vmalloc : 0xf0800000 - 0xff800000   ( 240 MB)
[    0.000000]     lowmem  : 0xc0000000 - 0xf0000000   ( 768 MB)
[    0.000000]     pkmap   : 0xbfe00000 - 0xc0000000   (   2 MB)
[    0.000000]     modules : 0xbf000000 - 0xbfe00000   (  14 MB)
[    0.000000]       .text : 0xc0008000 - 0xc0900000   (9184 kB)
[    0.000000]       .init : 0xc0c00000 - 0xc0d00000   (1024 kB)
[    0.000000]       .data : 0xc0d00000 - 0xc0d5f460   ( 382 kB)
[    0.000000]        .bss : 0xc0d61000 - 0xc0dad40c   ( 306 kB)
[    0.000000] Preemptible hierarchical RCU implementation.
[    0.000000] 	Build-time adjustment of leaf fanout to 32.
[    0.000000] 	RCU restricting CPUs from NR_CPUS=4 to nr_cpu_ids=2.
[    0.000000] RCU: Adjusting geometry for rcu_fanout_leaf=32, nr_cpu_ids=2
[    0.000000] NR_IRQS:16 nr_irqs:16 16
[    0.000000] /interrupt-controller@60004000: 128 interrupts forwarded to /interrupt-controller@50041000
[    0.000000] L2C: platform modifies aux control register: 0x02080000 -> 0x3e480001
[    0.000000] L2C: DT/platform modifies aux control register: 0x02080000 -> 0x3e480001
[    0.000000] L2C-310 errata 727915 769419 enabled
[    0.000000] L2C-310 enabling early BRESP for Cortex-A9
[    0.000000] L2C-310: enabling full line of zeros but not enabled in Cortex-A9
[    0.000000] L2C-310 ID prefetch enabled, offset 1 lines
[    0.000000] L2C-310 cache controller enabled, 8 ways, 1024 kB
[    0.000000] L2C-310: CACHE_ID 0x410000c4, AUX_CTRL 0x7e480001
[    0.000009] sched_clock: 32 bits at 1000kHz, resolution 1000ns, wraps every 2147483647500ns
[    0.008354] clocksource: timer_us: mask: 0xffffffff max_cycles: 0xffffffff, max_idle_ns: 1911260446275 ns
[    0.017968] Switching to timer-based delay loop, resolution 1000ns
[    0.024843] Console: colour dummy device 80x30
[    0.029299] Calibrating delay loop (skipped), value calculated using timer frequency.. 2.00 BogoMIPS (lpj=10000)
[    0.039515] pid_max: default: 32768 minimum: 301
[    0.044617] Mount-cache hash table entries: 2048 (order: 1, 8192 bytes)
[    0.051231] Mountpoint-cache hash table entries: 2048 (order: 1, 8192 bytes)
[    0.059099] CPU: Testing write buffer coherency: ok
[    0.064260] CPU0: thread -1, cpu 0, socket 0, mpidr 80000000
[    0.099986] Setting up static identity map for 0x100000 - 0x100098
[    0.130271] Tegra Revision: A03 prime SKU: 8 CPU Process: 1 SoC Process: 2
[    0.137676] smp: Bringing up secondary CPUs ...
[    0.210526] CPU1: thread -1, cpu 1, socket 0, mpidr 80000001
[    0.210592] smp: Brought up 1 node, 2 CPUs
[    0.220412] SMP: Total of 2 processors activated (4.00 BogoMIPS).
[    0.226551] CPU: All CPU(s) started in SVC mode.
[    0.232263] devtmpfs: initialized
[    0.241821] VFP support v0.3: implementor 41 architecture 3 part 30 variant 9 rev 1
[    0.249719] clocksource: jiffies: mask: 0xffffffff max_cycles: 0xffffffff, max_idle_ns: 19112604462750000 ns
[    0.259550] futex hash table entries: 512 (order: 3, 32768 bytes)
[    0.268474] pinctrl core: initialized pinctrl subsystem
[    0.275030] NET: Registered protocol family 16
[    0.281259] DMA: preallocated 256 KiB pool for atomic coherent allocations
[    0.289614] cpuidle: using governor menu
[    0.312850] No ATAGs?
[    0.312926] hw-breakpoint: found 5 (+1 reserved) breakpoint and 1 watchpoint registers.
[    0.323271] hw-breakpoint: maximum watchpoint size is 4 bytes.
[    0.348706] usb1_vbus: Failed to request enable GPIO170: -517
[    0.354468] reg-fixed-voltage regulators:regulator@2: Failed to register regulator: -517
[    0.365436] vgaarb: loaded
[    0.369002] SCSI subsystem initialized
[    0.373017] libata version 3.00 loaded.
[    0.377254] usbcore: registered new interface driver usbfs
[    0.382826] usbcore: registered new interface driver hub
[    0.388217] usbcore: registered new device driver usb
[    0.395139] Linux video capture interface: v2.00
[    0.399843] pps_core: LinuxPPS API ver. 1 registered
[    0.404810] pps_core: Software ver. 5.3.6 - Copyright 2005-2007 Rodolfo Giometti <giometti@linux.it>
[    0.414040] PTP clock support registered
[    0.418648] Advanced Linux Sound Architecture Driver Initialized.
[    0.425560] Bluetooth: Core ver 2.22
[    0.429201] NET: Registered protocol family 31
[    0.433655] Bluetooth: HCI device and connection manager initialized
[    0.440063] Bluetooth: HCI socket layer initialized
[    0.444990] Bluetooth: L2CAP socket layer initialized
[    0.450141] Bluetooth: SCO socket layer initialized
[    0.456369] clocksource: Switched to clocksource timer_us
[    0.476774] NET: Registered protocol family 2
[    0.482146] TCP established hash table entries: 8192 (order: 3, 32768 bytes)
[    0.489270] TCP bind hash table entries: 8192 (order: 4, 65536 bytes)
[    0.495803] TCP: Hash tables configured (established 8192 bind 8192)
[    0.502825] UDP hash table entries: 512 (order: 2, 16384 bytes)
[    0.508797] UDP-Lite hash table entries: 512 (order: 2, 16384 bytes)
[    0.515424] NET: Registered protocol family 1
[    0.520418] RPC: Registered named UNIX socket transport module.
[    0.526324] RPC: Registered udp transport module.
[    0.531112] RPC: Registered tcp transport module.
[    0.535858] RPC: Registered tcp NFSv4.1 backchannel transport module.
[    0.542373] PCI: CLS 0 bytes, default 64
[    0.548564] hw perfevents: enabled with armv7_cortex_a9 PMU driver, 7 counters available
[    0.558677] workingset: timestamp_bits=30 max_order=18 bucket_order=0
[    0.566261] squashfs: version 4.0 (2009/01/31) Phillip Lougher
[    0.572770] NFS: Registering the id_resolver key type
[    0.577902] Key type id_resolver registered
[    0.582074] Key type id_legacy registered
[    0.590479] bounce: pool size: 64 pages
[    0.594309] io scheduler noop registered (default)
[    0.599213] io scheduler mq-deadline registered
[    0.608308] tegra-pcie 80003000.pcie-controller: dual-mode configuration
[    0.615882] tegra-pcie 80003000.pcie-controller: probing port 0, using 2 lanes
[    0.692680] tegra-pcie 80003000.pcie-controller: PCI host bridge to bus 0000:00
[    0.699998] pci_bus 0000:00: root bus resource [io  0x0000-0xffff]
[    0.706217] pci_bus 0000:00: root bus resource [mem 0xa0000000-0xa7ffffff]
[    0.713163] pci_bus 0000:00: root bus resource [mem 0xa8000000-0xbfffffff pref]
[    0.720528] pci_bus 0000:00: root bus resource [bus 00-ff]
[    0.726103] pci 0000:00:01.0: [10de:0bf0] type 01 class 0x060000
[    0.732161] pci_bus 0000:00: 2-byte config write to 0000:00:01.0 offset 0x88 may corrupt adjacent RW1C bits
[    0.741960] pci_bus 0000:00: 2-byte config write to 0000:00:01.0 offset 0x52 may corrupt adjacent RW1C bits
[    0.751745] pci 0000:00:01.0: PME# supported from D0 D1 D2 D3hot D3cold
[    0.758403] pci_bus 0000:00: 2-byte config write to 0000:00:01.0 offset 0x4c may corrupt adjacent RW1C bits
[    0.768422] pci_bus 0000:00: 2-byte config write to 0000:00:01.0 offset 0x3e may corrupt adjacent RW1C bits
[    0.778162] pci_bus 0000:00: 2-byte config write to 0000:00:01.0 offset 0x4 may corrupt adjacent RW1C bits
[    0.787864] pci_bus 0000:00: 1-byte config write to 0000:00:01.0 offset 0xc may corrupt adjacent RW1C bits
[    0.797565] PCI: bus0: Fast back to back transfers disabled
[    0.803192] pci 0000:00:01.0: bridge configuration invalid ([bus 00-00]), reconfiguring
[    0.811268] pci_bus 0000:00: 2-byte config write to 0000:00:01.0 offset 0x3e may corrupt adjacent RW1C bits
[    0.821058] pci_bus 0000:00: 2-byte config write to 0000:00:01.0 offset 0x3e may corrupt adjacent RW1C bits
[    0.830851] pci_bus 0000:00: 2-byte config write to 0000:00:01.0 offset 0x3e may corrupt adjacent RW1C bits
[    0.840643] pci_bus 0000:00: 2-byte config write to 0000:00:01.0 offset 0x6 may corrupt adjacent RW1C bits
[    0.850533] pci 0000:01:00.0: [10ec:8168] type 00 class 0x020000
[    0.856559] pci 0000:01:00.0: reg 0x10: [io  0x0000-0x00ff]
[    0.862178] pci 0000:01:00.0: reg 0x18: [mem 0x00000000-0x00000fff 64bit pref]
[    0.869465] pci 0000:01:00.0: reg 0x20: [mem 0x00000000-0x00003fff 64bit pref]
[    0.876739] pci 0000:01:00.0: reg 0x30: [mem 0x00000000-0x0001ffff pref]
[    0.883558] pci 0000:01:00.0: supports D1 D2
[    0.887832] pci 0000:01:00.0: PME# supported from D0 D1 D2 D3hot D3cold
[    0.916413] PCI: bus1: Fast back to back transfers disabled
[    0.921978] pci_bus 0000:01: busn_res: [bus 01-ff] end is updated to 01
[    0.928667] Disabling cpuidle LP2 state, since PCIe IRQs are in use
[    0.935028] pci 0000:00:01.0: BAR 8: assigned [mem 0xa0000000-0xa00fffff]
[    0.941840] pci 0000:00:01.0: BAR 9: assigned [mem 0xa8000000-0xa80fffff 64bit pref]
[    0.949635] pci 0000:00:01.0: BAR 7: assigned [io  0x1000-0x1fff]
[    0.955783] pci 0000:01:00.0: BAR 6: assigned [mem 0xa0000000-0xa001ffff pref]
[    0.963069] pci 0000:01:00.0: BAR 4: assigned [mem 0xa8000000-0xa8003fff 64bit pref]
[    0.970879] pci 0000:01:00.0: BAR 2: assigned [mem 0xa8004000-0xa8004fff 64bit pref]
[    0.978678] pci 0000:01:00.0: BAR 0: assigned [io  0x1000-0x10ff]
[    0.984813] pci 0000:00:01.0: PCI bridge to [bus 01]
[    0.989847] pci 0000:00:01.0:   bridge window [io  0x1000-0x1fff]
[    0.995989] pci 0000:00:01.0:   bridge window [mem 0xa0000000-0xa00fffff]
[    1.002846] pci 0000:00:01.0:   bridge window [mem 0xa8000000-0xa80fffff 64bit pref]
[    1.010659] pci 0000:00:01.0: nv_msi_ht_cap_quirk didn't locate host bridge
[    1.017718] pcieport 0000:00:01.0: enabling device (0140 -> 0143)
[    1.024069] pcieport 0000:00:01.0: Signaling PME with IRQ 295
[    1.033035] tegra-apbdma 6000a000.dma: Tegra20 APB DMA driver register 16 channels
[    1.041847] Serial: 8250/16550 driver, 4 ports, IRQ sharing disabled
[    1.050264] console [ttyS0] disabled
[    1.053866] 70006000.serial: ttyS0 at MMIO 0x70006000 (irq = 279, base_baud = 13500000) is a Tegra
[    1.062907] console [ttyS0] enabled
[    1.062907] console [ttyS0] enabled
[    1.069879] bootconsole [earlycon0] disabled
[    1.069879] bootconsole [earlycon0] disabled
[    1.080784] tegra-hdmi 54280000.hdmi: 54280000.hdmi supply hdmi not found, using dummy regulator
[    1.092284] [drm] Supports vblank timestamp caching Rev 2 (21.10.2013).
[    1.098927] [drm] No driver support for vblank timestamp query.
[    1.104947] [drm] Cannot find any crtc or sizes - going 1024x768
[    1.127796] Console: switching to colour frame buffer device 128x48
[    1.141836] drm drm: fb0:  frame buffer device
[    1.146327] [drm] Initialized tegra 0.0.0 20120330 for drm on minor 0
[    1.163177] loop: module loaded
[    1.168693] m25p80 spi32766.0: found s25fl008k, expected w25q80bl
[    1.174778] m25p80 spi32766.0: s25fl008k (1024 Kbytes)
[    1.191977] libphy: Fixed MDIO Bus: probed
[    1.196063] CAN device driver interface
[    1.200002] igb: Intel(R) Gigabit Ethernet Network Driver - version 5.4.0-k
[    1.206960] igb: Copyright (c) 2007-2014 Intel Corporation.
[    1.212673] r8169 Gigabit Ethernet driver 2.3LK-NAPI loaded
[    1.218319] r8169 0000:01:00.0: enabling device (0140 -> 0143)
[    1.225245] r8169 0000:01:00.0 eth0: RTL8168d/8111d at 0xf08e1000, 00:01:c0:13:7d:63, XID 081000c0 IRQ 296
[    1.234910] r8169 0000:01:00.0 eth0: jumbo features [frames: 9200 bytes, tx checksumming: ko]
[    1.243568] pegasus: v0.9.3 (2013/04/25), Pegasus/Pegasus II USB Ethernet driver
[    1.251057] usbcore: registered new interface driver pegasus
[    1.256823] usbcore: registered new interface driver asix
[    1.262278] usbcore: registered new interface driver ax88179_178a
[    1.268457] usbcore: registered new interface driver cdc_ether
[    1.274362] usbcore: registered new interface driver smsc75xx
[    1.280215] usbcore: registered new interface driver smsc95xx
[    1.286015] usbcore: registered new interface driver net1080
[    1.291746] usbcore: registered new interface driver cdc_subset
[    1.297745] usbcore: registered new interface driver zaurus
[    1.303394] usbcore: registered new interface driver cdc_ncm
[    1.309360] tegra-phy c5004000.usb-phy: no vbus regulator
[    1.315847] tegra-phy c5008000.usb-phy: no vbus regulator
[    1.321352] ehci_hcd: USB 2.0 'Enhanced' Host Controller (EHCI) Driver
[    1.327899] ehci-pci: EHCI PCI platform driver
[    1.332413] tegra-ehci: Tegra EHCI driver
[    1.397581] ulpi_phy_power_on: ulpi write failed
[    1.402189] tegra-ehci c5004000.usb: Failed to power on the phy
[    1.408128] tegra-ehci: probe of c5004000.usb failed with error -110
[    1.417121] tegra-ehci c5008000.usb: EHCI Host Controller
[    1.422549] tegra-ehci c5008000.usb: new USB bus registered, assigned bus number 1
[    1.430438] tegra-ehci c5008000.usb: irq 290, io mem 0xc5008000
[    1.456394] tegra-ehci c5008000.usb: USB 2.0 started, EHCI 1.00
[    1.463319] hub 1-0:1.0: USB hub found
[    1.467126] hub 1-0:1.0: 1 port detected
[    1.471799] usbcore: registered new interface driver cdc_acm
[    1.477459] cdc_acm: USB Abstract Control Model driver for USB modems and ISDN adapters
[    1.485516] usbcore: registered new interface driver cdc_wdm
[    1.491303] usbcore: registered new interface driver usb-storage
[    1.498774] rtc-em3027 2-0056: rtc core: registered rtc-em3027 as rtc0
[    1.505941] tegra_rtc 7000e000.rtc: rtc core: registered 7000e000.rtc as rtc1
[    1.513134] tegra_rtc 7000e000.rtc: Tegra internal Real Time Clock
[    1.519555] i2c /dev entries driver
[    1.523988] usbcore: registered new interface driver uvcvideo
[    1.529739] USB Video Class driver (1.1.1)
[    1.533822] gspca_main: v2.14.0 registered
[    1.539193] sdhci: Secure Digital Host Controller Interface driver
[    1.545357] sdhci: Copyright(c) Pierre Ossman
[    1.549743] sdhci-pltfm: SDHCI platform and OF driver helper
[    1.555797] mmc0: Invalid maximum block size, assuming 512 bytes
[    1.616426] mmc0: SDHCI controller on c8000000.sdhci [c8000000.sdhci] using ADMA
[    1.623980] sdhci-tegra c8000600.sdhci: Got CD GPIO
[    1.629934] sdhci-tegra c8000600.sdhci: Got WP GPIO
[    1.636985] mmc1: Invalid maximum block size, assuming 512 bytes
[    1.696544] mmc1: SDHCI controller on c8000600.sdhci [c8000600.sdhci] using ADMA
[    1.705688] usbcore: registered new interface driver usbhid
[    1.713353] usbhid: USB HID core driver
[    1.726712] tlv320aic23-codec 2-001a: Control not supported for path LLINEIN -> [NULL] -> Line Input
[    1.735829] tlv320aic23-codec 2-001a: ASoC: no dapm match for LLINEIN --> NULL --> Line Input
[    1.744381] tlv320aic23-codec 2-001a: ASoC: Failed to add route LLINEIN -> NULL -> Line Input
[    1.752970] tlv320aic23-codec 2-001a: Control not supported for path RLINEIN -> [NULL] -> Line Input
[    1.762229] tlv320aic23-codec 2-001a: ASoC: no dapm match for RLINEIN --> NULL --> Line Input
[    1.770812] tlv320aic23-codec 2-001a: ASoC: Failed to add route RLINEIN -> NULL -> Line Input
[    1.779333] tlv320aic23-codec 2-001a: Control not supported for path MICIN -> [NULL] -> Mic Input
[    1.788197] tlv320aic23-codec 2-001a: ASoC: no dapm match for MICIN --> NULL --> Mic Input
[    1.796496] tlv320aic23-codec 2-001a: ASoC: Failed to add route MICIN -> NULL -> Mic Input
[    1.805738] tegra-snd-trimslice sound: tlv320aic23-hifi <-> 70002800.i2s mapping ok
[    1.816257] NET: Registered protocol family 10
[    1.822167] Segment Routing with IPv6
[    1.825853] mmc0: host does not support reading read-only switch, assuming write-enable
[    1.833946] usb 1-1: new high-speed USB device number 2 using tegra-ehci
[    1.834115] mmc0: new high speed SDHC card at address b368
[    1.841502] mmcblk0: mmc0:b368 NCard 3.70 GiB 
[    1.852872]  mmcblk0: p1
[    1.856342] mip6: Mobile IPv6
[    1.859417] sit: IPv6, IPv4 and MPLS over IPv4 tunneling driver
[    1.867691] NET: Registered protocol family 17
[    1.872214] NET: Registered protocol family 15
[    1.876817] mmc1: new high speed SD card at address b368
[    1.882778] can: controller area network core (rev 20120528 abi 9)
[    1.889069] mmcblk1: mmc1:b368 NCard 1.83 GiB (ro)
[    1.894521] NET: Registered protocol family 29
[    1.899195] can: raw protocol (rev 20120528)
[    1.903480] can: broadcast manager protocol (rev 20161123 t)
[    1.909180]  mmcblk1: p1 p2
[    1.912312] can: netlink gateway (rev 20130117) max_hops=1
[    1.918479] Bluetooth: RFCOMM socket layer initialized
[    1.923624] Bluetooth: RFCOMM ver 1.11
[    1.927415] Bluetooth: BNEP (Ethernet Emulation) ver 1.3
[    1.932724] Bluetooth: BNEP socket layer initialized
[    1.937703] Bluetooth: HIDP (Human Interface Emulation) ver 1.2
[    1.943616] Bluetooth: HIDP socket layer initialized
[    1.948866] Key type dns_resolver registered
[    1.953603] Registering SWP/SWPB emulation handler
[    1.971565] utmi_phy_clk_enable: timeout waiting for phy to stabilize
[    1.978059] tegra-ehci c5000000.usb: EHCI Host Controller
[    1.983484] tegra-ehci c5000000.usb: new USB bus registered, assigned bus number 2
[    1.991543] tegra-ehci c5000000.usb: irq 288, io mem 0xc5000000
[    2.017942] hub 1-1:1.0: USB hub found
[    2.021834] hub 1-1:1.0: 4 ports detected
[    2.026404] tegra-ehci c5000000.usb: USB 2.0 started, EHCI 1.00
[    2.034324] hub 2-0:1.0: USB hub found
[    2.038134] hub 2-0:1.0: 1 port detected
[    2.043054] input: gpio-keys as /devices/soc0/gpio-keys/input/input0
[    2.050369] rtc-em3027 2-0056: hctosys: unable to read the hardware clock
[    2.057498] ALSA device list:
[    2.060470]   #0: tegra-trimslice
[    2.065121] EXT4-fs (mmcblk0p1): mounting ext3 file system using the ext4 subsystem
[    2.303497] EXT4-fs (mmcblk0p1): recovery complete
[    2.346416] usb 1-1.2: new high-speed USB device number 3 using tegra-ehci
[    2.377861] EXT4-fs (mmcblk0p1): mounted filesystem with ordered data mode. Opts: (null)
[    2.386028] VFS: Mounted root (ext3 filesystem) on device 179:1.
[    2.401068] devtmpfs: mounted
[    2.405503] Freeing unused kernel memory: 1024K
[    2.422526] random: fast init done
bash: cannot set terminal process group (-1): Inappropriate ioctl for device
bash: no job control in this shell
root@(none):/# [    2.980940] asix 1-1.2:1.0 eth1: register 'asix' at usb-c5008000.usb-1.2, ASIX AX88772 USB 2.0 Ethernet, 00:60:6e:60:6c:68
 
root@(none):/# mount -t sysfs none /sys
root@(none):/# 
root@(none):/# mount -t debugfs none /sys/kernel/debug
root@(none):/# 
root@(none):/# rtcwake -d rtc1 -m mem -s 3
rtcwake: assuming RTC uses UTC ...
rtcwake: wakeup from "mem" using /dev/rtc1 at Thu Jan  1 00:00:32 1970
[   15.897487] PM: Syncing filesystems ... done.
[   15.916903] Freezing user space processes ... (elapsed 0.001 seconds) done.
[   15.918302] Freezing remaining freezable tasks ... (elapsed 0.001 seconds) done.
[   15.919697] Suspending console(s) (use no_console_suspend to debug)
[   15.999707] pci_generic_config_write32: 38 callbacks suppressed
[   15.999751] pci_bus 0000:00: 2-byte config write to 0000:00:01.0 offset 0x9c may corrupt adjacent RW1C bits
[   16.012087] PM: suspend of devices complete after 44.682 msecs
[   16.014516] PM: late suspend of devices complete after 2.397 msecs
[   16.017675] pci_bus 0000:01: 2-byte config write to 0000:01:00.0 offset 0x44 may corrupt adjacent RW1C bits
[   16.017737] pci_bus 0000:01: 2-byte config write to 0000:01:00.0 offset 0x44 may corrupt adjacent RW1C bits
[   16.047074] PM: noirq suspend of devices complete after 32.527 msecs
[   16.047087] Disabling non-boot CPUs ...
[   16.141594] Entering suspend state LP1
[   16.141594] Suspended for 1.845 seconds
[   16.141695] Enabling non-boot CPUs ...
[   16.180613] CPU1 is up
[   16.181696] pci_bus 0000:00: 2-byte config write to 0000:00:01.0 offset 0x4c may corrupt adjacent RW1C bits
[   16.181746] pci_bus 0000:00: 2-byte config write to 0000:00:01.0 offset 0x88 may corrupt adjacent RW1C bits
[   16.181778] pci_bus 0000:00: 2-byte config write to 0000:00:01.0 offset 0x90 may corrupt adjacent RW1C bits
[   16.181809] pci_bus 0000:00: 2-byte config write to 0000:00:01.0 offset 0x98 may corrupt adjacent RW1C bits
[   16.181861] pci_bus 0000:00: 2-byte config write to 0000:00:01.0 offset 0x9c may corrupt adjacent RW1C bits
[   16.181950] pci_bus 0000:00: 2-byte config write to 0000:00:01.0 offset 0x52 may corrupt adjacent RW1C bits
[   16.182004] pci_bus 0000:00: 2-byte config write to 0000:00:01.0 offset 0x52 may corrupt adjacent RW1C bits
[   16.182080] pcieport 0000:00:01.0: nv_msi_ht_cap_quirk didn't locate host bridge
[   16.206755] PM: noirq resume of devices complete after 26.106 msecs
[   16.209554] PM: early resume of devices complete after 1.792 msecs
[   16.747287] PM: resume of devices complete after 537.699 msecs
[   16.913010] Restarting tasks ... done.
root@(none):/# 
root@(none):/# rtcwake -d rtc1 -m mem -s 3
rtcwake: assuming RTC uses UTC ...
rtcwake: wakeup from "mem" using /dev/rtc1 at Thu Jan  1 00:00:37 1970
[   17.695117] PM: Syncing filesystems ... done.
[   17.706855] Freezing user space processes ... (elapsed 0.009 seconds) done.
[   17.716575] Freezing remaining freezable tasks ... (elapsed 0.001 seconds) done.
[   17.717993] Suspending console(s) (use no_console_suspend to debug)
[   17.801850] PM: suspend of devices complete after 39.174 msecs
[   17.805381] PM: late suspend of devices complete after 3.500 msecs
[   17.836994] PM: noirq suspend of devices complete after 31.581 msecs
[   17.837007] Disabling non-boot CPUs ...
[   17.929393] Entering suspend state LP1
[   17.929393] Suspended for 3.212 seconds
[   17.929493] Enabling non-boot CPUs ...
[   17.970872] CPU1 is up
[   17.972338] pcieport 0000:00:01.0: nv_msi_ht_cap_quirk didn't locate host bridge
[   17.996661] PM: noirq resume of devices complete after 25.753 msecs
[   17.999483] PM: early resume of devices complete after 1.816 msecs
[   18.537873] PM: resume of devices complete after 538.356 msecs
[   18.601131] Restarting tasks ... done.
root@(none):/# 
root@(none):/# rtcwake -d rtc1 -m mem -s 3
rtcwake: assuming RTC uses UTC ...
rtcwake: wakeup from "mem" using /dev/rtc1 at Thu Jan  1 00:00:42 1970
[   19.475277] PM: Syncing filesystems ... done.
[   19.486766] Freezing user space processes ... (elapsed 0.009 seconds) done.
[   19.496481] Freezing remaining freezable tasks ... (elapsed 0.001 seconds) done.
[   19.497918] Suspending console(s) (use no_console_suspend to debug)
[   19.582270] PM: suspend of devices complete after 39.405 msecs
[   19.585221] PM: late suspend of devices complete after 2.919 msecs
[   19.616908] PM: noirq suspend of devices complete after 31.654 msecs
[   19.616920] Disabling non-boot CPUs ...
[   19.709046] Entering suspend state LP1
[   19.709046] Suspended for 3.220 seconds
[   19.709147] Enabling non-boot CPUs ...
[   19.750650] CPU1 is up
[   19.752559] pcieport 0000:00:01.0: nv_msi_ht_cap_quirk didn't locate host bridge
[   19.776568] PM: noirq resume of devices complete after 25.882 msecs
[   19.779706] PM: early resume of devices complete after 2.109 msecs
[   20.317352] PM: resume of devices complete after 537.612 msecs
[   20.379962] Restarting tasks ... done.
root@(none):/# 
root@(none):/# rtcwake -d rtc1 -m mem -s 3
rtcwake: assuming RTC uses UTC ...
rtcwake: wakeup from "mem" using /dev/rtc1 at Thu Jan  1 00:00:47 1970
[   21.255658] PM: Syncing filesystems ... done.
[   21.276620] Freezing user space processes ... (elapsed 0.001 seconds) done.
[   21.278071] Freezing remaining freezable tasks ... (elapsed 0.001 seconds) done.
[   21.279537] Suspending console(s) (use no_console_suspend to debug)
[   21.350784] pci_generic_config_write32: 65 callbacks suppressed
[   21.350829] pci_bus 0000:00: 2-byte config write to 0000:00:01.0 offset 0x9c may corrupt adjacent RW1C bits
[   21.362233] PM: suspend of devices complete after 39.062 msecs
[   21.365928] PM: late suspend of devices complete after 3.664 msecs
[   21.369044] pci_bus 0000:01: 2-byte config write to 0000:01:00.0 offset 0x44 may corrupt adjacent RW1C bits
[   21.369106] pci_bus 0000:01: 2-byte config write to 0000:01:00.0 offset 0x44 may corrupt adjacent RW1C bits
[   21.396863] PM: noirq suspend of devices complete after 30.905 msecs
[   21.396876] Disabling non-boot CPUs ...
[   21.437957] ------------[ cut here ]------------
[   21.438027] WARNING: CPU: 1 PID: 14 at kernel/sched/sched.h:812 set_next_entity+0xbcc/0xf20
[   21.438036] rq->clock_update_flags < RQCF_ACT_SKIP
[   21.438045] Modules linked in:
[   21.438079] CPU: 1 PID: 14 Comm: migration/1 Not tainted 4.10.0-rc8-next-20170217-153790-g4ce4a75 #1
[   21.438091] Hardware name: NVIDIA Tegra SoC (Flattened Device Tree)
[   21.438179] [<c010f3e8>] (unwind_backtrace) from [<c010a920>] (show_stack+0x10/0x14)
[   21.438232] [<c010a920>] (show_stack) from [<c035665c>] (dump_stack+0x84/0xa4)
[   21.438290] [<c035665c>] (dump_stack) from [<c011fd58>] (__warn+0xd4/0x100)
[   21.438332] [<c011fd58>] (__warn) from [<c011fe24>] (warn_slowpath_fmt+0x38/0x48)
[   21.438376] [<c011fe24>] (warn_slowpath_fmt) from [<c014a78c>] (set_next_entity+0xbcc/0xf20)
[   21.438418] [<c014a78c>] (set_next_entity) from [<c0155b8c>] (pick_next_task_fair+0x78/0x598)
[   21.438454] [<c0155b8c>] (pick_next_task_fair) from [<c01456f0>] (sched_cpu_dying+0x238/0x2a8)
[   21.438494] [<c01456f0>] (sched_cpu_dying) from [<c011fe80>] (cpuhp_invoke_callback+0x4c/0x124)
[   21.438532] [<c011fe80>] (cpuhp_invoke_callback) from [<c01202f0>] (take_cpu_down+0x64/0xa8)
[   21.438586] [<c01202f0>] (take_cpu_down) from [<c01a4a98>] (multi_cpu_stop+0xe4/0x110)
[   21.438624] [<c01a4a98>] (multi_cpu_stop) from [<c01a4704>] (cpu_stopper_thread+0x7c/0x128)
[   21.438660] [<c01a4704>] (cpu_stopper_thread) from [<c013df64>] (smpboot_thread_fn+0x180/0x2b4)
[   21.438695] [<c013df64>] (smpboot_thread_fn) from [<c013a7dc>] (kthread+0xfc/0x134)
[   21.438732] [<c013a7dc>] (kthread) from [<c0107938>] (ret_from_fork+0x14/0x3c)
[   21.438748] ---[ end trace a491a982195fa9fe ]---
[   21.499584] Entering suspend state LP1
[   21.499584] Suspended for 3.209 seconds
[   21.499684] Enabling non-boot CPUs ...
[   21.540618] CPU1 is up
[   21.542493] pci_bus 0000:00: 2-byte config write to 0000:00:01.0 offset 0x4c may corrupt adjacent RW1C bits
[   21.542546] pci_bus 0000:00: 2-byte config write to 0000:00:01.0 offset 0x88 may corrupt adjacent RW1C bits
[   21.542579] pci_bus 0000:00: 2-byte config write to 0000:00:01.0 offset 0x90 may corrupt adjacent RW1C bits
[   21.542611] pci_bus 0000:00: 2-byte config write to 0000:00:01.0 offset 0x98 may corrupt adjacent RW1C bits
[   21.542665] pci_bus 0000:00: 2-byte config write to 0000:00:01.0 offset 0x9c may corrupt adjacent RW1C bits
[   21.542751] pci_bus 0000:00: 2-byte config write to 0000:00:01.0 offset 0x52 may corrupt adjacent RW1C bits
[   21.542786] pci_bus 0000:00: 2-byte config write to 0000:00:01.0 offset 0x52 may corrupt adjacent RW1C bits
[   21.542862] pcieport 0000:00:01.0: nv_msi_ht_cap_quirk didn't locate host bridge
[   21.566386] PM: noirq resume of devices complete after 25.733 msecs
[   21.569402] PM: early resume of devices complete after 2.001 msecs
[   22.107027] PM: resume of devices complete after 537.591 msecs
[   22.425947] Restarting tasks ... done.
root@(none):/# 
root@(none):/# rtcwake -d rtc1 -m mem -s 3
rtcwake: assuming RTC uses UTC ...
rtcwake: wakeup from "mem" using /dev/rtc1 at Thu Jan  1 00:00:52 1970
[   23.049308] PM: Syncing filesystems ... done.
[   23.066394] Freezing user space processes ... (elapsed 0.001 seconds) done.
[   23.067680] Freezing remaining freezable tasks ... (elapsed 0.001 seconds) done.
[   23.069000] Suspending console(s) (use no_console_suspend to debug)
[   23.141946] PM: suspend of devices complete after 38.129 msecs
[   23.144158] PM: late suspend of devices complete after 2.180 msecs
[   23.176736] PM: noirq suspend of devices complete after 32.545 msecs
[   23.176749] Disabling non-boot CPUs ...
[   23.268980] Entering suspend state LP1
[   23.268980] Suspended for 3.230 seconds
[   23.269080] Enabling non-boot CPUs ...
[   23.310509] CPU1 is up
[   23.312677] pcieport 0000:00:01.0: nv_msi_ht_cap_quirk didn't locate host bridge
[   23.336386] PM: noirq resume of devices complete after 25.842 msecs
[   23.339202] PM: early resume of devices complete after 1.830 msecs
[   23.877627] PM: resume of devices complete after 538.392 msecs
[   23.940874] Restarting tasks ... done.
root@(none):/# 
root@(none):/# rtcwake -d rtc1 -m mem -s 3
rtcwake: assuming RTC uses UTC ...
rtcwake: wakeup from "mem" using /dev/rtc1 at Thu Jan  1 00:00:57 1970
[   24.824941] PM: Syncing filesystems ... done.
[   24.836470] Freezing user space processes ... (elapsed 0.009 seconds) done.
[   24.846205] Freezing remaining freezable tasks ... (elapsed 0.001 seconds) done.
[   24.847658] Suspending console(s) (use no_console_suspend to debug)
[   24.931945] PM: suspend of devices complete after 39.396 msecs
[   24.934889] PM: late suspend of devices complete after 2.911 msecs
[   24.966629] PM: noirq suspend of devices complete after 31.707 msecs
[   24.966642] Disabling non-boot CPUs ...
[   25.058783] Entering suspend state LP1
[   25.058783] Suspended for 3.210 seconds
[   25.058883] Enabling non-boot CPUs ...
[   25.100424] CPU1 is up
[   25.102234] pcieport 0000:00:01.0: nv_msi_ht_cap_quirk didn't locate host bridge
[   25.126382] PM: noirq resume of devices complete after 25.922 msecs
[   25.129466] PM: early resume of devices complete after 2.479 msecs
[   25.676750] PM: resume of devices complete after 547.250 msecs
[   25.739987] Restarting tasks ... done.
root@(none):/# 
root@(none):/# rtcwake -d rtc1 -m mem -s 3
rtcwake: assuming RTC uses UTC ...
rtcwake: wakeup from "mem" using /dev/rtc1 at Thu Jan  1 00:01:02 1970
[   26.614921] PM: Syncing filesystems ... done.
[   26.626385] Freezing user space processes ... (elapsed 0.009 seconds) done.
[   26.636110] Freezing remaining freezable tasks ... (elapsed 0.001 seconds) done.
[   26.637574] Suspending console(s) (use no_console_suspend to debug)
[   26.709427] pci_generic_config_write32: 65 callbacks suppressed
[   26.709473] pci_bus 0000:00: 2-byte config write to 0000:00:01.0 offset 0x9c may corrupt adjacent RW1C bits
[   26.722283] PM: suspend of devices complete after 39.743 msecs
[   26.725240] PM: late suspend of devices complete after 2.923 msecs
[   26.728369] pci_bus 0000:01: 2-byte config write to 0000:01:00.0 offset 0x44 may corrupt adjacent RW1C bits
[   26.728431] pci_bus 0000:01: 2-byte config write to 0000:01:00.0 offset 0x44 may corrupt adjacent RW1C bits
[   26.756541] PM: noirq suspend of devices complete after 31.270 msecs
[   26.756553] Disabling non-boot CPUs ...
[   26.848795] Entering suspend state LP1
[   26.848795] Suspended for 3.209 seconds
[   26.848895] Enabling non-boot CPUs ...
[   26.890322] CPU1 is up
[   26.891924] pci_bus 0000:00: 2-byte config write to 0000:00:01.0 offset 0x4c may corrupt adjacent RW1C bits
[   26.891977] pci_bus 0000:00: 2-byte config write to 0000:00:01.0 offset 0x88 may corrupt adjacent RW1C bits
[   26.892032] pci_bus 0000:00: 2-byte config write to 0000:00:01.0 offset 0x90 may corrupt adjacent RW1C bits
[   26.892088] pci_bus 0000:00: 2-byte config write to 0000:00:01.0 offset 0x98 may corrupt adjacent RW1C bits
[   26.892119] pci_bus 0000:00: 2-byte config write to 0000:00:01.0 offset 0x9c may corrupt adjacent RW1C bits
[   26.892223] pci_bus 0000:00: 2-byte config write to 0000:00:01.0 offset 0x52 may corrupt adjacent RW1C bits
[   26.892260] pci_bus 0000:00: 2-byte config write to 0000:00:01.0 offset 0x52 may corrupt adjacent RW1C bits
[   26.892334] pcieport 0000:00:01.0: nv_msi_ht_cap_quirk didn't locate host bridge
[   26.916189] PM: noirq resume of devices complete after 25.832 msecs
[   26.919900] PM: early resume of devices complete after 2.710 msecs
[   27.467361] PM: resume of devices complete after 547.427 msecs
[   27.633732] Restarting tasks ... done.
root@(none):/# 
root@(none):/# rtcwake -d rtc1 -m mem -s 3
rtcwake: assuming RTC uses UTC ...
rtcwake: wakeup from "mem" using /dev/rtc1 at Thu Jan  1 00:01:07 1970
[   28.404543] PM: Syncing filesystems ... done.
[   28.416282] Freezing user space processes ... (elapsed 0.009 seconds) done.
[   28.426031] Freezing remaining freezable tasks ... (elapsed 0.001 seconds) done.
[   28.427553] Suspending console(s) (use no_console_suspend to debug)
[   28.511512] PM: suspend of devices complete after 39.308 msecs
[   28.514451] PM: late suspend of devices complete after 2.906 msecs
[   28.546466] PM: noirq suspend of devices complete after 31.983 msecs
[   28.546479] Disabling non-boot CPUs ...
[   28.639134] Entering suspend state LP1
[   28.639134] Suspended for 3.209 seconds
[   28.639233] Enabling non-boot CPUs ...
[   28.680200] CPU1 is up
[   28.681983] pcieport 0000:00:01.0: nv_msi_ht_cap_quirk didn't locate host bridge
[   28.706100] PM: noirq resume of devices complete after 25.864 msecs
[   28.709931] PM: early resume of devices complete after 2.826 msecs
[   29.256853] PM: resume of devices complete after 546.891 msecs
[   29.319332] Restarting tasks ... done.
root@(none):/# 
root@(none):/# rtcwake -d rtc1 -m mem -s 3
rtcwake: assuming RTC uses UTC ...
rtcwake: wakeup from "mem" using /dev/rtc1 at Thu Jan  1 00:01:12 1970
[   30.194617] PM: Syncing filesystems ... done.
[   30.206188] Freezing user space processes ... (elapsed 0.009 seconds) done.
[   30.215928] Freezing remaining freezable tasks ... (elapsed 0.001 seconds) done.
[   30.217408] Suspending console(s) (use no_console_suspend to debug)
[   30.302247] PM: suspend of devices complete after 40.014 msecs
[   30.305213] PM: late suspend of devices complete after 2.934 msecs
[   30.336377] PM: noirq suspend of devices complete after 31.132 msecs
[   30.336390] Disabling non-boot CPUs ...
[   30.428842] Entering suspend state LP1
[   30.428842] Suspended for 3.210 seconds
[   30.428943] Enabling non-boot CPUs ...
[   30.470089] CPU1 is up
[   30.471616] pcieport 0000:00:01.0: nv_msi_ht_cap_quirk didn't locate host bridge
[   30.496001] PM: noirq resume of devices complete after 25.875 msecs
[   30.499403] PM: early resume of devices complete after 2.378 msecs
[   31.047213] PM: resume of devices complete after 547.778 msecs
[   31.110460] Restarting tasks ... done.
root@(none):/# 
root@(none):/# rtcwake -d rtc1 -m mem -s 3
rtcwake: assuming RTC uses UTC ...
rtcwake: wakeup from "mem" using /dev/rtc1 at Thu Jan  1 00:01:17 1970
[   31.984460] PM: Syncing filesystems ... done.
[   31.996093] Freezing user space processes ... (elapsed 0.009 seconds) done.
[   32.005828] Freezing remaining freezable tasks ... (elapsed 0.001 seconds) done.
[   32.007283] Suspending console(s) (use no_console_suspend to debug)
[   32.078262] pci_generic_config_write32: 65 callbacks suppressed
[   32.078308] pci_bus 0000:00: 2-byte config write to 0000:00:01.0 offset 0x9c may corrupt adjacent RW1C bits
[   32.091826] PM: suspend of devices complete after 39.741 msecs
[   32.094803] PM: late suspend of devices complete after 2.946 msecs
[   32.097968] pci_bus 0000:01: 2-byte config write to 0000:01:00.0 offset 0x44 may corrupt adjacent RW1C bits
[   32.098030] pci_bus 0000:01: 2-byte config write to 0000:01:00.0 offset 0x44 may corrupt adjacent RW1C bits
[   32.126286] PM: noirq suspend of devices complete after 31.452 msecs
[   32.126300] Disabling non-boot CPUs ...
[   32.218423] Entering suspend state LP1
[   32.218423] Suspended for 3.210 seconds
[   32.218525] Enabling non-boot CPUs ...
[   32.260052] CPU1 is up
[   32.261615] pci_bus 0000:00: 2-byte config write to 0000:00:01.0 offset 0x4c may corrupt adjacent RW1C bits
[   32.261711] pci_bus 0000:00: 2-byte config write to 0000:00:01.0 offset 0x88 may corrupt adjacent RW1C bits
[   32.261745] pci_bus 0000:00: 2-byte config write to 0000:00:01.0 offset 0x90 may corrupt adjacent RW1C bits
[   32.261779] pci_bus 0000:00: 2-byte config write to 0000:00:01.0 offset 0x98 may corrupt adjacent RW1C bits
[   32.261808] pci_bus 0000:00: 2-byte config write to 0000:00:01.0 offset 0x9c may corrupt adjacent RW1C bits
[   32.261892] pci_bus 0000:00: 2-byte config write to 0000:00:01.0 offset 0x52 may corrupt adjacent RW1C bits
[   32.261925] pci_bus 0000:00: 2-byte config write to 0000:00:01.0 offset 0x52 may corrupt adjacent RW1C bits
[   32.261999] pcieport 0000:00:01.0: nv_msi_ht_cap_quirk didn't locate host bridge
[   32.285915] PM: noirq resume of devices complete after 25.827 msecs
[   32.289472] PM: early resume of devices complete after 2.561 msecs
[   32.843772] PM: resume of devices complete after 554.268 msecs
[   33.010253] Restarting tasks ... done.
root@(none):/# 
root@(none):/# NVTB SYSTEM SUSPEND TEST COMPLETE
