
U-Boot SPL 2014.01-00219-gc4d376f (Feb 18 2014 - 19:57:32)


U-Boot 2014.01-00219-gc4d376f (Feb 18 2014 - 19:57:32)

TEGRA114
Board: NVIDIA Dalmore
I2C:   ready
DRAM:  2 GiB
MMC:   Tegra SD/MMC: 0, Tegra SD/MMC: 1
In:    serial
Out:   serial
Err:   serial
Net:   Net Initialization Skipped
No ethernet found.
Hit any key to stop autoboot:  2  0 
Tegra114 (Dalmore) # 
Tegra114 (Dalmore) # usb reset
(Re)start USB...
USB0:   USB EHCI 1.10
scanning bus 0 for devices... 2 USB Device(s) found
       scanning usb for storage devices... 0 Storage Device(s) found
       scanning usb for ethernet devices... 
Warning: asx0 using MAC address from net device
1 Ethernet Device(s) found
Tegra114 (Dalmore) # setenv bootargs 'ignore_loglevel console=ttyS0,115200n8 rw root=PARTUUID=7369c667-ff51-ec4a-29cd-baabf2fbe346 rootwait gpt debug earlyprintk init=/bin/bash'
Tegra114 (Dalmore) # setenv ipaddr 192.168.100.100; setenv serverip 192.168.100.1; setenv tftpserverip 192.168.100.1
Tegra114 (Dalmore) # tftpboot 0x81000000 zImage.multi_v7_defconfig
Using asx0 device
TFTP from server 192.168.100.1; our IP address is 192.168.100.100
Filename 'zImage.multi_v7_defconfig'.
Load address: 0x81000000
Loading: *#################################################################
	 #################################################################
	 #################################################################
	 #################################################################
	 #################################################################
	 #################################################################
	 #################################################################
	 #################################################################
	 #####################################
	 2.9 MiB/s
done
Bytes transferred = 8172040 (7cb208 hex)
Tegra114 (Dalmore) # tftpboot 0x82000000 tegra114-dalmore.dtb
Using asx0 device
TFTP from server 192.168.100.1; our IP address is 192.168.100.100
Filename 'tegra114-dalmore.dtb'.
Load address: 0x82000000
Loading: *###
	 2.6 MiB/s
done
Bytes transferred = 35036 (88dc hex)
Tegra114 (Dalmore) # bootz 0x81000000 - 0x82000000
Kernel image @ 0x81000000 [ 0x000000 - 0x7cb200 ]
## Flattened Device Tree blob at 82000000
   Booting using the fdt blob at 0x82000000
   Loading Device Tree to 8fff4000, end 8ffff8db ... OK

Starting kernel ...

[    0.000000] Booting Linux on physical CPU 0x0
[    0.000000] Linux version 4.14.0-rc2-next-20170927-202386-g045c520 (jonathanh@sellafield) (gcc version 4.7.3 20130328 (prerelease) (crosstool-NG linaro-1.13.1-4.7-2013.04-20130415 - Linaro GCC 2013.04)) #1 SMP Tue Sep 26 23:51:57 PDT 2017
[    0.000000] CPU: ARMv7 Processor [412fc0f2] revision 2 (ARMv7), cr=10c5387d
[    0.000000] CPU: div instructions available: patching division code
[    0.000000] CPU: PIPT / VIPT nonaliasing data cache, PIPT instruction cache
[    0.000000] OF: fdt: Machine model: NVIDIA Tegra114 Dalmore evaluation board
[    0.000000] debug: ignoring loglevel setting.
[    0.000000] Memory policy: Data cache writealloc
[    0.000000] efi: Getting EFI parameters from FDT:
[    0.000000] efi: UEFI not found.
[    0.000000] cma: Reserved 64 MiB at 0xfb800000
[    0.000000] On node 0 totalpages: 524032
[    0.000000] free_area_init_node: node 0, pgdat c1590380, node_mem_map eeff8000
[    0.000000]   DMA zone: 1536 pages used for memmap
[    0.000000]   DMA zone: 0 pages reserved
[    0.000000]   DMA zone: 196608 pages, LIFO batch:31
[    0.000000]   HighMem zone: 327424 pages, LIFO batch:31
[    0.000000] random: fast init done
[    0.000000] percpu: Embedded 17 pages/cpu @eef99000 s39616 r8192 d21824 u69632
[    0.000000] pcpu-alloc: s39616 r8192 d21824 u69632 alloc=17*4096
[    0.000000] pcpu-alloc: [0] 0 [0] 1 [0] 2 [0] 3 
[    0.000000] Built 1 zonelists, mobility grouping on.  Total pages: 522496
[    0.000000] Kernel command line: ignore_loglevel console=ttyS0,115200n8 rw root=PARTUUID=7369c667-ff51-ec4a-29cd-baabf2fbe346 rootwait gpt debug earlyprintk init=/bin/bash
[    0.000000] PID hash table entries: 4096 (order: 2, 16384 bytes)
[    0.000000] Dentry cache hash table entries: 131072 (order: 7, 524288 bytes)
[    0.000000] Inode-cache hash table entries: 65536 (order: 6, 262144 bytes)
[    0.000000] Memory: 1993480K/2096128K available (10240K kernel code, 1634K rwdata, 4508K rodata, 2048K init, 401K bss, 37112K reserved, 65536K cma-reserved, 1244160K highmem)
[    0.000000] Virtual kernel memory layout:
[    0.000000]     vector  : 0xffff0000 - 0xffff1000   (   4 kB)
[    0.000000]     fixmap  : 0xffc00000 - 0xfff00000   (3072 kB)
[    0.000000]     vmalloc : 0xf0800000 - 0xff800000   ( 240 MB)
[    0.000000]     lowmem  : 0xc0000000 - 0xf0000000   ( 768 MB)
[    0.000000]     pkmap   : 0xbfe00000 - 0xc0000000   (   2 MB)
[    0.000000]     modules : 0xbf000000 - 0xbfe00000   (  14 MB)
[    0.000000]       .text : 0xc0208000 - 0xc0d00000   (11232 kB)
[    0.000000]       .init : 0xc1200000 - 0xc1400000   (2048 kB)
[    0.000000]       .data : 0xc1400000 - 0xc1598828   (1635 kB)
[    0.000000]        .bss : 0xc15a1ba8 - 0xc16061bc   ( 402 kB)
[    0.000000] SLUB: HWalign=64, Order=0-3, MinObjects=0, CPUs=4, Nodes=1
[    0.000000] Hierarchical RCU implementation.
[    0.000000] 	RCU event tracing is enabled.
[    0.000000] 	RCU restricting CPUs from NR_CPUS=16 to nr_cpu_ids=4.
[    0.000000] RCU: Adjusting geometry for rcu_fanout_leaf=16, nr_cpu_ids=4
[    0.000000] NR_IRQS: 16, nr_irqs: 16, preallocated irqs: 16
[    0.000000] /interrupt-controller@60004000: 160 interrupts forwarded to /interrupt-controller@50041000
[    0.000000] Tegra clk 127: register failed with -17
[    0.000008] sched_clock: 32 bits at 1000kHz, resolution 1000ns, wraps every 2147483647500ns
[    0.000028] clocksource: timer_us: mask: 0xffffffff max_cycles: 0xffffffff, max_idle_ns: 1911260446275 ns
[    0.000045] Switching to timer-based delay loop, resolution 1000ns
[    0.003301] arch_timer: cp15 timer(s) running at 12.00MHz (virt).
[    0.003322] clocksource: arch_sys_counter: mask: 0xffffffffffffff max_cycles: 0x2c47f4ee7, max_idle_ns: 440795202497 ns
[    0.003342] sched_clock: 56 bits at 12MHz, resolution 83ns, wraps every 4398046511096ns
[    0.003356] Switching to timer-based delay loop, resolution 83ns
[    0.003767] Console: colour dummy device 80x30
[    0.003802] Calibrating delay loop (skipped), value calculated using timer frequency.. 24.00 BogoMIPS (lpj=120000)
[    0.003820] pid_max: default: 32768 minimum: 301
[    0.003923] Mount-cache hash table entries: 2048 (order: 1, 8192 bytes)
[    0.003938] Mountpoint-cache hash table entries: 2048 (order: 1, 8192 bytes)
[    0.004458] CPU: Testing write buffer coherency: ok
[    0.004706] /cpus/cpu@0 missing clock-frequency property
[    0.004738] /cpus/cpu@1 missing clock-frequency property
[    0.004770] /cpus/cpu@2 missing clock-frequency property
[    0.004803] /cpus/cpu@3 missing clock-frequency property
[    0.004817] CPU0: thread -1, cpu 0, socket 0, mpidr 80000000
[    0.005126] Setting up static identity map for 0x80300000 - 0x803000a0
[    0.006371] Hierarchical SRCU implementation.
[    0.007734] Tegra Revision: A01 SKU: 0 CPU Process: 1 SoC Process: 0
[    0.008394] EFI services will not be available.
[    0.008547] smp: Bringing up secondary CPUs ...
[    0.009051] CPU1: thread -1, cpu 1, socket 0, mpidr 80000001
[    0.009640] CPU2: thread -1, cpu 2, socket 0, mpidr 80000002
[    0.010231] CPU3: thread -1, cpu 3, socket 0, mpidr 80000003
[    0.010335] smp: Brought up 1 node, 4 CPUs
[    0.010357] SMP: Total of 4 processors activated (96.00 BogoMIPS).
[    0.010366] CPU: All CPU(s) started in SVC mode.
[    0.011853] devtmpfs: initialized
[    0.019895] VFP support v0.3: implementor 41 architecture 4 part 30 variant f rev 0
[    0.020195] clocksource: jiffies: mask: 0xffffffff max_cycles: 0xffffffff, max_idle_ns: 19112604462750000 ns
[    0.020215] futex hash table entries: 1024 (order: 4, 65536 bytes)
[    0.021689] pinctrl core: initialized pinctrl subsystem
[    0.022968] DMI not present or invalid.
[    0.023226] NET: Registered protocol family 16
[    0.025470] DMA: preallocated 256 KiB pool for atomic coherent allocations
[    0.027448] cpuidle: using governor menu
[    0.048925] No ATAGs?
[    0.049059] hw-breakpoint: found 5 (+1 reserved) breakpoint and 4 watchpoint registers.
[    0.049077] hw-breakpoint: maximum watchpoint size is 8 bytes.
[    0.054597] Serial: AMBA PL011 UART driver
[    0.055355] tegra-mc 70019000.memory-controller: no memory timings for RAM code 3 registered
[    0.055483] iommu: Adding device reg-dummy to group 0
[    0.055520] iommu: Adding device 50000000.host1x to group 1
[    0.055559] iommu: Adding device 54140000.gr2d to group 2
[    0.055593] iommu: Adding device 54180000.gr3d to group 3
[    0.055665] iommu: Adding device 54200000.dc to group 4
[    0.055731] iommu: Adding device 54240000.dc to group 5
[    0.055766] iommu: Adding device 54280000.hdmi to group 6
[    0.055805] iommu: Adding device 54300000.dsi to group 7
[    0.055838] iommu: Adding device 60005000.timer to group 8
[    0.055880] iommu: Adding device 60007000.flow-controller to group 9
[    0.055914] iommu: Adding device 6000a000.dma to group 10
[    0.055946] iommu: Adding device 6000c000.ahb to group 11
[    0.055980] iommu: Adding device 6000d000.gpio to group 12
[    0.056012] iommu: Adding device 70000800.apbmisc to group 13
[    0.056043] iommu: Adding device 70000868.pinmux to group 14
[    0.056075] iommu: Adding device 70006300.serial to group 15
[    0.056107] iommu: Adding device 7000a000.pwm to group 16
[    0.056144] iommu: Adding device 7000c000.i2c to group 17
[    0.056181] iommu: Adding device 7000c700.i2c to group 18
[    0.056215] iommu: Adding device 7000d000.i2c to group 19
[    0.056247] iommu: Adding device 7000da00.spi to group 20
[    0.056279] iommu: Adding device 7000e000.rtc to group 21
[    0.056311] iommu: Adding device 7000e400.pmc to group 22
[    0.056343] iommu: Adding device 7000f800.fuse to group 23
[    0.056375] iommu: Adding device 70019000.memory-controller to group 24
[    0.056408] iommu: Adding device 70080000.ahub to group 25
[    0.056444] iommu: Adding device 700e3000.mipi to group 26
[    0.056480] iommu: Adding device 78000400.sdhci to group 27
[    0.056517] iommu: Adding device 78000600.sdhci to group 28
[    0.056550] iommu: Adding device 7d000000.usb to group 29
[    0.056583] iommu: Adding device 7d000000.usb-phy to group 30
[    0.056617] iommu: Adding device 7d008000.usb to group 31
[    0.056650] iommu: Adding device 7d008000.usb-phy to group 32
[    0.056682] iommu: Adding device timer to group 33
[    0.056718] iommu: Adding device backlight to group 34
[    0.056750] iommu: Adding device clocks to group 35
[    0.056782] iommu: Adding device gpio-keys to group 36
[    0.056813] iommu: Adding device regulators to group 37
[    0.056846] iommu: Adding device regulators:regulator@0 to group 38
[    0.056883] iommu: Adding device regulators:regulator@1 to group 39
[    0.056916] iommu: Adding device regulators:regulator@3 to group 40
[    0.056947] iommu: Adding device regulators:regulator@4 to group 41
[    0.056980] iommu: Adding device regulators:regulator@5 to group 42
[    0.057015] iommu: Adding device regulators:regulator@6 to group 43
[    0.057050] iommu: Adding device regulators:regulator@7 to group 44
[    0.057082] iommu: Adding device sound to group 45
[    0.070953] AT91: Could not find identification node
[    0.071429] dvdd_ts: Failed to request enable GPIO61: -517
[    0.071450] reg-fixed-voltage regulators:regulator@1: Failed to register regulator: -517
[    0.071555] usb1_vbus: Failed to request enable GPIO108: -517
[    0.071571] reg-fixed-voltage regulators:regulator@3: Failed to register regulator: -517
[    0.071675] usb2_vbus: Failed to request enable GPIO86: -517
[    0.071689] reg-fixed-voltage regulators:regulator@4: Failed to register regulator: -517
[    0.072110] VDD_5V0_HDMI_CON: Failed to request enable GPIO81: -517
[    0.072126] reg-fixed-voltage regulators:regulator@7: Failed to register regulator: -517
[    0.074564] vgaarb: loaded
[    0.075254] SCSI subsystem initialized
[    0.075429] libata version 3.00 loaded.
[    0.075623] usbcore: registered new interface driver usbfs
[    0.075677] usbcore: registered new interface driver hub
[    0.075749] usbcore: registered new device driver usb
[    0.079003] tps65090 2-0048: No cache defaults, reading back from HW
[    0.080010] iommu: Adding device tps65090-pmic to group 46
[    0.080954] TPS65090_RAILSDCDC1: supplied by vdd_ac_bat
[    0.082015] TPS65090_RAILSDCDC2: supplied by vdd_ac_bat
[    0.083063] TPS65090_RAILSDCDC3: supplied by vdd_ac_bat
[    0.083576] TPS65090_RAILSFET1: supplied by vdd_ac_bat
[    0.083945] TPS65090_RAILSFET2: supplied by vdd_ac_bat
[    0.084282] TPS65090_RAILSFET3: supplied by vdd-sys-3v3
[    0.084797] TPS65090_RAILSFET4: supplied by vdd-sys-3v3
[    0.085315] TPS65090_RAILSFET5: supplied by vdd-sys-3v3
[    0.085822] TPS65090_RAILSFET6: supplied by vdd-sys-3v3
[    0.086654] TPS65090_RAILSFET7: supplied by vdd-sys-3v3
[    0.087169] TPS65090_RAILSLDO1: supplied by vdd_ac_bat
[    0.087356] TPS65090_RAILSLDO2: supplied by vdd_ac_bat
[    0.087676] iommu: Adding device tps65090-charger to group 47
[    0.088283] palmas 2-0058: Irq flag is 0x00000004
[    0.090238] palmas 2-0058: Muxing GPIO ff, PWM 0, LED 0
[    0.090479] iommu: Adding device 7000d000.i2c:tps65913@58:gpio to group 48
[    0.091007] iommu: Adding device 7000d000.i2c:tps65913@58:pmic to group 49
[    0.092819] SMPS12: supplied by vdd-ao
[    0.093820] vdd_hdmi_5v0: supplied by vdd-sys-5v0
[    0.094636] SMPS3: supplied by vdd-ao
[    0.096364] SMPS457: supplied by vdd-sys-3v3
[    0.097997] SMPS6: supplied by regulator-dummy
[    0.099398] SMPS8: supplied by vdd-sys-3v3
[    0.100980] SMPS9: supplied by vdd-sys-3v3
[    0.101503] sdhci-vdd-sd-slot: Bringing 2840000uV into 2800000-2800000uV
[    0.102887] SMPS10_OUT2: supplied by regulator-dummy
[    0.103796] SMPS10_OUT1: supplied by regulator-dummy
[    0.104632] LDO1: supplied by vdd-sys-3v3
[    0.105734] LDO2: supplied by vdd-sys-3v3
[    0.106851] LDO3: supplied by vddio-1v8
[    0.107945] LDO4: supplied by vdd-sys-3v3
[    0.109049] LDO5: supplied by vdd_ac_bat
[    0.109728] LDO6: supplied by vdd-sys-3v3
[    0.110248] vdd-sensor-2v85: Bringing 2900000uV into 2850000-2850000uV
[    0.111569] LDO7: supplied by vdd-sys-3v3
[    0.113191] LDO8: supplied by vdd-ao
[    0.113755] vdd-rtc: Bringing 675000uV into 900000-900000uV
[    0.124038] LDO9: supplied by sdhci-vdd-sd-slot
[    0.134368] LDOLN: supplied by vdd-sys-5v0
[    0.135480] LDOUSB: supplied by vdd-sys-5v0
[    0.145792] iommu: Adding device 7000d000.i2c:tps65913@58:rtc to group 50
[    0.146214] iommu: Adding device 7000d000.i2c:tps65913@58:pinmux to group 51
[    0.146780] pps_core: LinuxPPS API ver. 1 registered
[    0.146790] pps_core: Software ver. 5.3.6 - Copyright 2005-2007 Rodolfo Giometti <giometti@linux.it>
[    0.146812] PTP clock support registered
[    0.146997] EDAC MC: Ver: 3.0.0
[    0.147271] dmi: Firmware registration failed.
[    0.149047] clocksource: Switched to clocksource arch_sys_counter
[    0.204431] NET: Registered protocol family 2
[    0.204931] TCP established hash table entries: 8192 (order: 3, 32768 bytes)
[    0.205031] TCP bind hash table entries: 8192 (order: 4, 65536 bytes)
[    0.205220] TCP: Hash tables configured (established 8192 bind 8192)
[    0.205306] UDP hash table entries: 512 (order: 2, 16384 bytes)
[    0.205351] UDP-Lite hash table entries: 512 (order: 2, 16384 bytes)
[    0.205504] NET: Registered protocol family 1
[    0.205851] RPC: Registered named UNIX socket transport module.
[    0.205862] RPC: Registered udp transport module.
[    0.205871] RPC: Registered tcp transport module.
[    0.205881] RPC: Registered tcp NFSv4.1 backchannel transport module.
[    0.205895] PCI: CLS 0 bytes, default 64
[    0.207346] iommu: Adding device alarmtimer to group 52
[    0.208156] workingset: timestamp_bits=30 max_order=19 bucket_order=0
[    0.214150] squashfs: version 4.0 (2009/01/31) Phillip Lougher
[    0.214739] NFS: Registering the id_resolver key type
[    0.214767] Key type id_resolver registered
[    0.214777] Key type id_legacy registered
[    0.214820] ntfs: driver 2.1.32 [Flags: R/O].
[    0.216239] bounce: pool size: 64 pages
[    0.216289] Block layer SCSI generic (bsg) driver version 0.4 loaded (major 248)
[    0.216302] io scheduler noop registered
[    0.216312] io scheduler deadline registered
[    0.216531] io scheduler cfq registered (default)
[    0.216543] io scheduler mq-deadline registered
[    0.216552] io scheduler kyber registered
[    0.247937] tegra-apbdma 6000a000.dma: Tegra20 APB DMA driver register 32 channels
[    0.250705] tegra-pmc 7000e400.pmc: i2c-thermtrip node not found, emergency thermal reset disabled.
[    0.300501] Serial: 8250/16550 driver, 4 ports, IRQ sharing disabled
[    0.300602] iommu: Adding device serial8250 to group 53
[    0.303171] console [ttyS0] disabled
[    0.303212] 70006300.serial: ttyS0 at MMIO 0x70006300 (irq = 329, base_baud = 25500000) is a Tegra
[    1.619607] console [ttyS0] enabled
[    1.623864] SuperH (H)SCI(F) driver initialized
[    1.629400] msm_serial: driver initialized
[    1.633664] STMicroelectronics ASC driver initialized
[    1.644655] tegra-hdmi 54280000.hdmi: failed to get HDMI regulator
[    1.666473] brd: module loaded
[    1.675784] loop: module loaded
[    1.696043] m25p80 spi0.0: w25q32dw (4096 Kbytes)
[    1.702933] iommu: Adding device Fixed MDIO bus.0 to group 54
[    1.709133] libphy: Fixed MDIO Bus: probed
[    1.714213] CAN device driver interface
[    1.718870] bgmac_bcma: Broadcom 47xx GBit MAC driver loaded
[    1.725845] e1000e: Intel(R) PRO/1000 Network Driver - 3.2.6-k
[    1.731684] e1000e: Copyright(c) 1999 - 2015 Intel Corporation.
[    1.737646] igb: Intel(R) Gigabit Ethernet Network Driver - version 5.4.0-k
[    1.744615] igb: Copyright (c) 2007-2014 Intel Corporation.
[    1.753565] pegasus: v0.9.3 (2013/04/25), Pegasus/Pegasus II USB Ethernet driver
[    1.761013] usbcore: registered new interface driver pegasus
[    1.766702] usbcore: registered new interface driver asix
[    1.772144] usbcore: registered new interface driver ax88179_178a
[    1.778257] usbcore: registered new interface driver cdc_ether
[    1.784142] usbcore: registered new interface driver smsc75xx
[    1.789937] usbcore: registered new interface driver smsc95xx
[    1.795701] usbcore: registered new interface driver net1080
[    1.801399] usbcore: registered new interface driver cdc_subset
[    1.807341] usbcore: registered new interface driver zaurus
[    1.812966] usbcore: registered new interface driver cdc_ncm
[    1.818840] tegra-phy 7d000000.usb-phy: no vbus regulator
[    1.826232] ehci_hcd: USB 2.0 'Enhanced' Host Controller (EHCI) Driver
[    1.832768] ehci-pci: EHCI PCI platform driver
[    1.837239] ehci-platform: EHCI generic platform driver
[    1.842658] ehci-orion: EHCI orion driver
[    1.846812] SPEAr-ehci: EHCI SPEAr driver
[    1.850968] ehci-st: EHCI STMicroelectronics driver
[    1.855971] ehci-exynos: EHCI EXYNOS driver
[    1.860310] ehci-atmel: EHCI Atmel driver
[    1.864438] tegra-ehci: Tegra EHCI driver
[    1.868742] ohci_hcd: USB 1.1 'Open' Host Controller (OHCI) Driver
[    1.874942] ohci-pci: OHCI PCI platform driver
[    1.879432] ohci-platform: OHCI generic platform driver
[    1.884817] SPEAr-ohci: OHCI SPEAr driver
[    1.888949] ohci-st: OHCI STMicroelectronics driver
[    1.893962] ohci-atmel: OHCI Atmel driver
[    1.898634] usbcore: registered new interface driver usb-storage
[    1.908543] iommu: Adding device ci_hdrc.0 to group 55
[    1.922389] palmas-rtc 7000d000.i2c:tps65913@58:rtc: rtc core: registered 7000d000.i2c:tps65913@58:rtc as rtc0
[    1.934205] tegra_rtc 7000e000.rtc: rtc core: registered 7000e000.rtc as rtc1
[    1.941393] tegra_rtc 7000e000.rtc: Tegra internal Real Time Clock
[    1.948082] i2c /dev entries driver
[    1.954969] IR NEC protocol handler initialized
[    1.959517] IR RC5(x/sz) protocol handler initialized
[    1.964561] IR RC6 protocol handler initialized
[    1.969099] IR JVC protocol handler initialized
[    1.973621] IR Sony protocol handler initialized
[    1.978230] IR SANYO protocol handler initialized
[    1.982939] IR Sharp protocol handler initialized
[    1.987636] IR MCE Keyboard/mouse protocol handler initialized
[    1.993472] IR XMP protocol handler initialized
[    2.001158] sbs-battery 0-000b: sbs_probe: Failed to get device status
[    2.007692] sbs-battery: probe of 0-000b failed with error -121
[    2.023998] sdhci: Secure Digital Host Controller Interface driver
[    2.030196] sdhci: Copyright(c) Pierre Ossman
[    2.036029] Synopsys Designware Multimedia Card Interface Driver
[    2.043249] sdhci-pltfm: SDHCI platform and OF driver helper
[    2.049644] sdhci-tegra 78000400.sdhci: Got CD GPIO
[    2.054532] sdhci-tegra 78000400.sdhci: Got WP GPIO
[    2.067655] mmc0: Invalid maximum block size, assuming 512 bytes
[    2.139199] mmc0: SDHCI controller on 78000400.sdhci [78000400.sdhci] using ADMA
[    2.155888] mmc1: Invalid maximum block size, assuming 512 bytes
[    2.219091] mmc1: SDHCI controller on 78000600.sdhci [78000600.sdhci] using ADMA
[    2.228498] ledtrig-cpu: registered to indicate activity on CPUs
[    2.234881] usbcore: registered new interface driver usbhid
[    2.240467] usbhid: USB HID core driver
[    2.248031] NET: Registered protocol family 10
[    2.253197] Segment Routing with IPv6
[    2.256992] sit: IPv6, IPv4 and MPLS over IPv4 tunneling driver
[    2.263456] NET: Registered protocol family 17
[    2.267902] can: controller area network core (rev 20170425 abi 9)
[    2.274155] NET: Registered protocol family 29
[    2.278595] can: raw protocol (rev 20170425)
[    2.282885] can: broadcast manager protocol (rev 20170425 t)
[    2.288543] can: netlink gateway (rev 20170425) max_hops=1
[    2.294316] Key type dns_resolver registered
[    2.299117] ThumbEE CPU extension supported.
[    2.303387] Registering SWP/SWPB emulation handler
[    2.322025] usb1_vbus: supplied by vdd-sys-5v0
[    2.324722] mmc0: new high speed SDHC card at address aaaa
[    2.325145] mmcblk0: mmc0:aaaa SL16G 14.8 GiB 
[    2.337431] usb2_vbus: supplied by vdd-sys-5v0
[    2.345518] VDD_5V0_HDMI_CON: supplied by vdd-sys-5v0
[    2.353023]  mmcblk0: p1 p2 p3
[    2.360065] [drm] Supports vblank timestamp caching Rev 2 (21.10.2013).
[    2.366682] [drm] No driver support for vblank timestamp query.
[    2.375963] mmc1: new high speed MMC card at address 0001
[    2.381917] mmcblk1: mmc1:0001 SEM32G 29.1 GiB 
[    2.386743] mmcblk1boot0: mmc1:0001 SEM32G partition 1 4.00 MiB
[    2.392951] mmcblk1boot1: mmc1:0001 SEM32G partition 2 4.00 MiB
[    2.399204] mmcblk1rpmb: mmc1:0001 SEM32G partition 3 4.00 MiB, chardev (237:0)
[    2.403800]  mmcblk1: p1 p2 p3 p4 p5 p6 p7 p8
[    2.468641] Console: switching to colour frame buffer device 240x75
[    2.519940] drm drm: fb0:  frame buffer device
[    2.524479] [drm] Initialized tegra 0.0.0 20120330 for drm on minor 0
[    2.534199] tegra-ehci 7d008000.usb: EHCI Host Controller
[    2.539642] tegra-ehci 7d008000.usb: new USB bus registered, assigned bus number 1
[    2.547579] tegra-ehci 7d008000.usb: irq 340, io mem 0x7d008000
[    2.579177] tegra-ehci 7d008000.usb: USB 2.0 started, EHCI 1.10
[    2.586259] hub 1-0:1.0: USB hub found
[    2.590129] hub 1-0:1.0: 1 port detected
[    2.595844] input: gpio-keys as /devices/soc0/gpio-keys/input/input0
[    2.604807] palmas-rtc 7000d000.i2c:tps65913@58:rtc: setting system clock to 2000-02-18 13:47:54 UTC (950881674)
[    2.621192] dvdd_ts: disabling
[    2.624251] usb1_vbus: disabling
[    2.627476] vdd_cam_1v8_reg: disabling
[    2.632984] EXT4-fs (mmcblk1p1): mounting ext3 file system using the ext4 subsystem
[    2.658140] EXT4-fs (mmcblk1p1): recovery complete
[    2.663014] EXT4-fs (mmcblk1p1): mounted filesystem with ordered data mode. Opts: (null)
[    2.671182] VFS: Mounted root (ext3 filesystem) on device 179:17.
[    2.680132] devtmpfs: mounted
[    2.685071] Freeing unused kernel memory: 2048K
bash: cannot set terminal process group (-1): Inappropriate ioctl for device
bash: no job control in this shell
root@(none):/# [    2.959181] usb 1-1: new high-speed USB device number 2 using tegra-ehci
mount -t sysfs none /sys
root@(none):/# 
root@(none):/# [    3.642518] asix 1-1:1.0 eth0: register 'asix' at usb-7d008000.usb-1, ASIX AX88772 USB 2.0 Ethernet, 00:50:b6:0d:b5:16
mount -t debugfs none /sys/kernel/debug
root@(none):/# 
root@(none):/# rtcwake -d rtc1 -m mem -s 3
rtcwake: assuming RTC uses UTC ...
rtcwake: wakeup from "mem" using /dev/rtc1 at Thu Jan  1 00:00:20 1970
[    5.292044] PM: suspend entry (deep)
[    5.295641] PM: Syncing filesystems ... done.
[    5.334126] Freezing user space processes ... (elapsed 0.001 seconds) done.
[    5.342401] OOM killer disabled.
[    5.345651] Freezing remaining freezable tasks ... (elapsed 0.001 seconds) done.
[    5.354413] Suspending console(s) (use no_console_suspend to debug)
