

U-Boot 2015.04-00466-gedec83e90172 (Mar 14 2016 - 10:42:01)

TEGRA124
Model: Acer Chromebook 13 CB5-311
DRAM:  4 GiB
C:   Tegra SD/MMC: 0, Tegra SD/MMC: 1, Tegra SD/MMC: 2
MMC init failed
Using default environment

In:    serial
Out:   serial
Err:   serial
Net:   Net Initialization Skipped
No ethernet found.
Hit any key to stop autoboot:  2  0 
Tegra124 (Nyan-big) # 
Tegra124 (Nyan-big) # usb start
starting USB...
USB0:   USB EHCI 1.10
scanning bus 0 for devices... 2 USB Device(s) found
USB1:   USB EHCI 1.10
scanning bus 1 for devices... 2 USB Device(s) found
       scanning usb for storage devices... 1 Storage Device(s) found
       scanning usb for ethernet devices... 
Warning: asx0 using MAC address from net device
1 Ethernet Device(s) found
Tegra124 (Nyan-big) # mw 0x7000e4a0 0x00080000
Tegra124 (Nyan-big) # setenv bootargs 'ignore_loglevel console=ttyS0,115200n8 rw root=PARTUUID=4d36e82a-b3c0-4b4b-bfcd-afe5217ac023 rootwait gpt debug noinitrd earlyprintk init=/bin/bash'
Tegra124 (Nyan-big) # setenv ipaddr 192.168.100.104; setenv serverip 192.168.100.1; setenv tftpserverip 192.168.100.1
Tegra124 (Nyan-big) # tftpboot 0x82000000 zImage.tegra_defconfig%tegra-fw
Using asx0 device
TFTP from server 192.168.100.1; our IP address is 192.168.100.104
Filename 'zImage.tegra_defconfig%tegra-fw'.
Load address: 0x82000000
Loading: *#################################################################
	 #################################################################
	 #################################################################
	 #################################################################
	 #################################################################
	 #################################################################
	 ############################################
	 3.2 MiB/s
done
Bytes transferred = 6368864 (612e60 hex)
Tegra124 (Nyan-big) # tftpboot 0x83000000 tegra124-nyan-big.dtb
Using asx0 device
TFTP from server 192.168.100.1; our IP address is 192.168.100.104
Filename 'tegra124-nyan-big.dtb'.
Load address: 0x83000000
Loading: *#####
	 2.8 MiB/s
done
Bytes transferred = 67482 (1079a hex)
Tegra124 (Nyan-big) # bootz 0x82000000 - 0x83000000
Kernel image @ 0x82000000 [ 0x000000 - 0x612e60 ]
## Flattened Device Tree blob at 83000000
   Booting using the fdt blob at 0x83000000
   Using Device Tree in place at 83000000, end 83013799

Starting kernel ...

[    0.000000] Booting Linux on physical CPU 0x0
[    0.000000] Linux version 4.15.0-rc2-next-20171207-219543-ge40fd8d (jonathanh@sellafield) (gcc version 4.7.3 20130328 (prerelease) (crosstool-NG linaro-1.13.1-4.7-2013.04-20130415 - Linaro GCC 2013.04)) #1 SMP PREEMPT Thu Dec 7 01:31:04 PST 2017
[    0.000000] CPU: ARMv7 Processor [413fc0f3] revision 3 (ARMv7), cr=10c5387d
[    0.000000] CPU: div instructions available: patching division code
[    0.000000] CPU: PIPT / VIPT nonaliasing data cache, PIPT instruction cache
[    0.000000] OF: fdt: Machine model: Acer Chromebook 13 CB5-311
[    0.000000] OF: fdt: Ignoring memory range 0x100000000 - 0x17ffff000
[    0.000000] debug: ignoring loglevel setting.
[    0.000000] bootconsole [earlycon0] enabled
[    0.000000] Memory policy: Data cache writealloc
[    0.000000] cma: Reserved 64 MiB at 0xfbc00000
[    0.000000] On node 0 totalpages: 524287
[    0.000000]   Normal zone: 1536 pages used for memmap
[    0.000000]   Normal zone: 0 pages reserved
[    0.000000]   Normal zone: 196608 pages, LIFO batch:31
[    0.000000]   HighMem zone: 327679 pages, LIFO batch:31
[    0.000000] random: fast init done
[    0.000000] percpu: Embedded 17 pages/cpu @(ptrval) s39104 r8192 d22336 u69632
[    0.000000] pcpu-alloc: s39104 r8192 d22336 u69632 alloc=17*4096
[    0.000000] pcpu-alloc: [0] 0 [0] 1 [0] 2 [0] 3 
[    0.000000] Built 1 zonelists, mobility grouping on.  Total pages: 522751
[    0.000000] Kernel command line: ignore_loglevel console=ttyS0,115200n8 rw root=PARTUUID=4d36e82a-b3c0-4b4b-bfcd-afe5217ac023 rootwait gpt debug noinitrd earlyprintk init=/bin/bash
[    0.000000] Dentry cache hash table entries: 131072 (order: 7, 524288 bytes)
[    0.000000] Inode-cache hash table entries: 65536 (order: 6, 262144 bytes)
[    0.000000] Memory: 1998488K/2097148K available (9216K kernel code, 777K rwdata, 2824K rodata, 1024K init, 298K bss, 33124K reserved, 65536K cma-reserved, 1245180K highmem)
[    0.000000] Virtual kernel memory layout:
[    0.000000]     vector  : 0xffff0000 - 0xffff1000   (   4 kB)
[    0.000000]     fixmap  : 0xffc00000 - 0xfff00000   (3072 kB)
[    0.000000]     vmalloc : 0xf0800000 - 0xff800000   ( 240 MB)
[    0.000000]     lowmem  : 0xc0000000 - 0xf0000000   ( 768 MB)
[    0.000000]     pkmap   : 0xbfe00000 - 0xc0000000   (   2 MB)
[    0.000000]     modules : 0xbf000000 - 0xbfe00000   (  14 MB)
[    0.000000]       .text : 0x(ptrval) - 0x(ptrval)   (10208 kB)
[    0.000000]       .init : 0x(ptrval) - 0x(ptrval)   (1024 kB)
[    0.000000]       .data : 0x(ptrval) - 0x(ptrval)   ( 778 kB)
[    0.000000]        .bss : 0x(ptrval) - 0x(ptrval)   ( 299 kB)
[    0.000000] Preemptible hierarchical RCU implementation.
[    0.000000] 	Tasks RCU enabled.
[    0.000000] NR_IRQS: 16, nr_irqs: 16, preallocated irqs: 16
[    0.000000] /interrupt-controller@60004000: 160 interrupts forwarded to /interrupt-controller@50041000
[    0.000000] Tegra clk 127: register failed with -17
[    0.000005] sched_clock: 32 bits at 1000kHz, resolution 1000ns, wraps every 2147483647500ns
[    0.008021] clocksource: timer_us: mask: 0xffffffff max_cycles: 0xffffffff, max_idle_ns: 1911260446275 ns
[    0.017553] Switching to timer-based delay loop, resolution 1000ns
[    0.024075] arch_timer: cp15 timer(s) running at 12.00MHz (virt).
[    0.029774] clocksource: arch_sys_counter: mask: 0xffffffffffffff max_cycles: 0x2c47f4ee7, max_idle_ns: 440795202497 ns
[    0.040520] sched_clock: 56 bits at 12MHz, resolution 83ns, wraps every 4398046511096ns
[    0.048491] Switching to timer-based delay loop, resolution 83ns
[    0.054668] Console: colour dummy device 80x30
[    0.058900] Calibrating delay loop (skipped), value calculated using timer frequency.. 24.00 BogoMIPS (lpj=120000)
[    0.069209] pid_max: default: 32768 minimum: 301
[    0.073973] Mount-cache hash table entries: 2048 (order: 1, 8192 bytes)
[    0.080391] Mountpoint-cache hash table entries: 2048 (order: 1, 8192 bytes)
[    0.087734] CPU: Testing write buffer coherency: ok
[    0.092405] /cpus/cpu@0 missing clock-frequency property
[    0.097554] /cpus/cpu@1 missing clock-frequency property
[    0.102850] /cpus/cpu@2 missing clock-frequency property
[    0.108128] /cpus/cpu@3 missing clock-frequency property
[    0.113410] CPU0: thread -1, cpu 0, socket 0, mpidr 80000000
[    0.153454] Setting up static identity map for 0x80100000 - 0x801000a0
[    0.158110] Hierarchical SRCU implementation.
[    0.173661] Tegra Revision: A01 SKU: 131 CPU Process: 1 SoC Process: 1
[    0.193457] smp: Bringing up secondary CPUs ...
[    0.243705] CPU1: thread -1, cpu 1, socket 0, mpidr 80000001
[    0.323732] CPU2: thread -1, cpu 2, socket 0, mpidr 80000002
[    0.403775] CPU3: thread -1, cpu 3, socket 0, mpidr 80000003
[    0.413605] smp: Brought up 1 node, 4 CPUs
[    0.432682] SMP: Total of 4 processors activated (96.00 BogoMIPS).
[    0.438841] CPU: All CPU(s) started in SVC mode.
[    0.444128] devtmpfs: initialized
[    0.453029] VFP support v0.3: implementor 41 architecture 4 part 30 variant f rev 0
[    0.458933] clocksource: jiffies: mask: 0xffffffff max_cycles: 0xffffffff, max_idle_ns: 19112604462750000 ns
[    0.468565] futex hash table entries: 1024 (order: 4, 65536 bytes)
[    0.475241] pinctrl core: initialized pinctrl subsystem
[    0.480380] NET: Registered protocol family 16
[    0.484886] DMA: preallocated 256 KiB pool for atomic coherent allocations
[    0.491631] cpuidle: using governor menu
[    0.502614] No ATAGs?
[    0.502673] hw-breakpoint: found 5 (+1 reserved) breakpoint and 4 watchpoint registers.
[    0.511015] hw-breakpoint: maximum watchpoint size is 8 bytes.
[    0.517695] tegra-mc 70019000.memory-controller: no memory timings for RAM code 0 registered
[    0.525358] iommu: Adding device reg-dummy to group 0
[    0.530270] iommu: Adding device 50000000.host1x to group 1
[    0.535823] iommu: Adding device 54200000.dc to group 2
[    0.541013] iommu: Adding device 54240000.dc to group 3
[    0.546207] iommu: Adding device 54280000.hdmi to group 4
[    0.551576] iommu: Adding device 54540000.sor to group 5
[    0.556867] iommu: Adding device 545c0000.dpaux to group 6
[    0.562337] iommu: Adding device 57000000.gpu to group 7
[    0.567613] iommu: Adding device 60005000.timer to group 8
[    0.573067] iommu: Adding device 60007000.flow-controller to group 9
[    0.579400] iommu: Adding device 6000c800.actmon to group 10
[    0.585029] iommu: Adding device 6000d000.gpio to group 11
[    0.590495] iommu: Adding device 60020000.dma to group 12
[    0.595859] iommu: Adding device 70000800.apbmisc to group 13
[    0.601586] iommu: Adding device 70000868.pinmux to group 14
[    0.607214] iommu: Adding device 70006000.serial to group 15
[    0.612853] iommu: Adding device 7000a000.pwm to group 16
[    0.618222] iommu: Adding device 7000c000.i2c to group 17
[    0.623600] iommu: Adding device 7000c400.i2c to group 18
[    0.628969] iommu: Adding device 7000c500.i2c to group 19
[    0.634346] iommu: Adding device 7000c700.i2c to group 20
[    0.639713] iommu: Adding device 7000d000.i2c to group 21
[    0.645096] iommu: Adding device 7000d400.spi to group 22
[    0.650459] iommu: Adding device 7000da00.spi to group 23
[    0.655841] iommu: Adding device 7000e000.rtc to group 24
[    0.661206] iommu: Adding device 7000e400.pmc to group 25
[    0.666588] iommu: Adding device 7000f800.fuse to group 26
[    0.672040] iommu: Adding device 70019000.memory-controller to group 27
[    0.678635] iommu: Adding device 7001b000.emc to group 28
[    0.683999] iommu: Adding device 70030000.hda to group 29
[    0.689381] iommu: Adding device 70090000.usb to group 30
[    0.694746] iommu: Adding device 7009f000.padctl to group 31
[    0.700386] iommu: Adding device 700b0000.sdhci to group 32
[    0.705927] iommu: Adding device 700b0400.sdhci to group 33
[    0.711485] iommu: Adding device 700b0600.sdhci to group 34
[    0.717020] iommu: Adding device 700e2000.thermal-sensor to group 35
[    0.723353] iommu: Adding device 70300000.ahub to group 36
[    0.728808] iommu: Adding device pmu to group 37
[    0.733411] iommu: Adding device timer to group 38
[    0.738167] iommu: Adding device sdhci0_pwrseq to group 39
[    0.743633] iommu: Adding device backlight to group 40
[    0.748742] iommu: Adding device clocks to group 41
[    0.753593] iommu: Adding device gpio-keys to group 42
[    0.758712] iommu: Adding device regulators to group 43
[    0.763907] iommu: Adding device regulators:regulator@0 to group 44
[    0.770152] iommu: Adding device regulators:regulator@1 to group 45
[    0.776386] iommu: Adding device regulators:regulator@2 to group 46
[    0.782633] iommu: Adding device regulators:regulator@3 to group 47
[    0.788869] iommu: Adding device regulators:regulator@4 to group 48
[    0.795117] iommu: Adding device regulators:regulator@5 to group 49
[    0.801346] iommu: Adding device regulators:regulator@6 to group 50
[    0.807593] iommu: Adding device regulators:regulator@7 to group 51
[    0.813826] iommu: Adding device regulators:regulator@8 to group 52
[    0.820076] iommu: Adding device regulators:regulator@9 to group 53
[    0.826307] iommu: Adding device regulators:regulator@10 to group 54
[    0.832641] iommu: Adding device regulators:regulator@11 to group 55
[    0.838960] iommu: Adding device regulators:regulator@12 to group 56
[    0.845293] iommu: Adding device sound to group 57
[    0.850054] iommu: Adding device gpio-restart to group 58
[    0.855432] iommu: Adding device panel to group 59
[    0.865912] +5V_SYS: supplied by +VDD_MUX
[    0.868136] +3.3V_SYS: supplied by +VDD_MUX
[    0.872438] +VDD_LED: Failed to request enable GPIO122: -517
[    0.877807] reg-fixed-voltage regulators:regulator@5: Failed to register regulator: -517
[    0.885892] +5V_VDD_TS_SW: Failed to request enable GPIO81: -517
[    0.891857] reg-fixed-voltage regulators:regulator@6: Failed to register regulator: -517
[    0.899932] +5V_USB_HS: Failed to request enable GPIO108: -517
[    0.905721] reg-fixed-voltage regulators:regulator@7: Failed to register regulator: -517
[    0.913798] +5V_USB_SS: Failed to request enable GPIO109: -517
[    0.919587] reg-fixed-voltage regulators:regulator@8: Failed to register regulator: -517
[    0.927725] +1.05V_RUN_AVDD_HDMI_PLL: Failed to request enable GPIO63: -517
[    0.934572] reg-fixed-voltage regulators:regulator@11: Failed to register regulator: -517
[    0.942743] +5V_HDMI_CON: Failed to request enable GPIO86: -517
[    0.948617] reg-fixed-voltage regulators:regulator@12: Failed to register regulator: -517
[    0.957183] vgaarb: loaded
[    0.959711] SCSI subsystem initialized
[    0.963258] libata version 3.00 loaded.
[    0.967092] usbcore: registered new interface driver usbfs
[    0.972467] usbcore: registered new interface driver hub
[    0.977759] usbcore: registered new device driver usb
[    0.984003] Linux video capture interface: v2.00
[    0.987368] pps_core: LinuxPPS API ver. 1 registered
[    0.992282] pps_core: Software ver. 5.3.6 - Copyright 2005-2007 Rodolfo Giometti <giometti@linux.it>
[    1.001402] PTP clock support registered
[    1.005423] tegra-emc 7001b000.emc: no memory timings for RAM code 0 found in DT
[    1.012662] tegra-emc: probe of 7001b000.emc failed with error -2
[    1.018818] Advanced Linux Sound Architecture Driver Initialized.
[    1.025034] Bluetooth: Core ver 2.22
[    1.028354] NET: Registered protocol family 31
[    1.032755] Bluetooth: HCI device and connection manager initialized
[    1.039092] Bluetooth: HCI socket layer initialized
[    1.043937] Bluetooth: L2CAP socket layer initialized
[    1.048978] Bluetooth: SCO socket layer initialized
[    1.054077] clocksource: Switched to clocksource arch_sys_counter
[    1.091356] NET: Registered protocol family 2
[    1.094181] tcp_listen_portaddr_hash hash table entries: 512 (order: 0, 6144 bytes)
[    1.101445] TCP established hash table entries: 8192 (order: 3, 32768 bytes)
[    1.108498] TCP bind hash table entries: 8192 (order: 4, 65536 bytes)
[    1.114923] TCP: Hash tables configured (established 8192 bind 8192)
[    1.121355] UDP hash table entries: 512 (order: 2, 16384 bytes)
[    1.127111] UDP-Lite hash table entries: 512 (order: 2, 16384 bytes)
[    1.133521] NET: Registered protocol family 1
[    1.138032] RPC: Registered named UNIX socket transport module.
[    1.143629] RPC: Registered udp transport module.
[    1.148329] RPC: Registered tcp transport module.
[    1.152989] RPC: Registered tcp NFSv4.1 backchannel transport module.
[    1.159577] iommu: Adding device regulatory.0 to group 60
[    1.164868] PCI: CLS 0 bytes, default 64
[    1.169371] hw perfevents: enabled with armv7_cortex_a15 PMU driver, 7 counters available
[    1.177104] iommu: Adding device alarmtimer to group 61
[    1.182418] Initialise system trusted keyrings
[    1.186531] workingset: timestamp_bits=30 max_order=19 bucket_order=0
[    1.193337] squashfs: version 4.0 (2009/01/31) Phillip Lougher
[    1.198965] NFS: Registering the id_resolver key type
[    1.203695] Key type id_resolver registered
[    1.207862] Key type id_legacy registered
[    1.213475] Key type asymmetric registered
[    1.215930] Asymmetric key parser 'x509' registered
[    1.220816] bounce: pool size: 64 pages
[    1.224606] io scheduler noop registered (default)
[    1.229343] io scheduler mq-deadline registered
[    1.233849] io scheduler kyber registered
[    1.238490] tegra-xusb-padctl 7009f000.padctl: failed to setup XUSB ports: -517
[    1.250859] tegra-apbdma 60020000.dma: Tegra20 APB DMA driver register 32 channels
[    1.256952] tegra-pmc 7000e400.pmc: i2c-thermtrip node not found, emergency thermal reset disabled.
[    1.265737] Serial: 8250/16550 driver, 4 ports, IRQ sharing disabled
[    1.271887] iommu: Adding device serial8250 to group 62
[    1.277762] console [ttyS0] disabled
[    1.280614] 70006000.serial: ttyS0 at MMIO 0x70006000 (irq = 333, base_baud = 25500000) is a Tegra
[    1.289552] console [ttyS0] enabled
[    1.289552] console [ttyS0] enabled
[    1.295784] bootconsole [earlycon0] disabled
[    1.295784] bootconsole [earlycon0] disabled
[    1.321820] tegra-hdmi 54280000.hdmi: failed to get HDMI regulator
[    1.328365] tegra-dpaux 545c0000.dpaux: failed to get VDD supply: -517
[    1.335840] panel-simple panel: panel supply power not found, using dummy regulator
[    1.347102] loop: module loaded
[    1.350798] as3722 4-0040: AS3722 with revision 0x1 found
[    1.357393] iommu: Adding device as3722-pinctrl to group 63
[    1.364324] iommu: Adding device as3722-regulator to group 64
[    1.372149] as3722-sd2: supplied by +5V_SYS
[    1.376585] as3722-sd3: supplied by +5V_SYS
[    1.380922] +1.35V_LP0(sd3): Bringing 0uV into 1350000-1350000uV
[    1.387118] as3722-sd4: supplied by +5V_SYS
[    1.391454] +1.05V_RUN: Bringing 0uV into 1050000-1050000uV
[    1.397205] as3722-sd5: supplied by +5V_SYS
[    1.402806] as3722-ldo0: supplied by +1.35V_LP0(sd2)
[    1.408553] +1.8V_RUN_CAM: Bringing 0uV into 1800000-1800000uV
[    1.414577] as3722-ldo2: supplied by +1.8V_VDDIO
[    1.420212] as3722-ldo3: supplied by +3.3V_SYS
[    1.424674] +1.00V_LP0_VDD_RTC: Bringing 1100000uV into 1000000-1000000uV
[    1.432247] as3722-ldo4: supplied by +3.3V_SYS
[    1.436853] +3.3V_RUN_CAM: Bringing 0uV into 2800000-2800000uV
[    1.442868] as3722-ldo5: supplied by +1.8V_VDDIO
[    1.447648] +1.2V_RUN_CAM_FRONT: Bringing 0uV into 1200000-1200000uV
[    1.454343] +VDDIO_SDMMC3: Bringing 0uV into 1800000-1800000uV
[    1.460371] as3722-ldo7: supplied by +1.8V_VDDIO
[    1.465153] +1.05V_RUN_CAM_REAR: Bringing 0uV into 1050000-1050000uV
[    1.471702] as3722-ldo9: supplied by +5V_SYS
[    1.476281] +2.8V_RUN_TOUCH: Bringing 0uV into 2800000-2800000uV
[    1.482483] as3722-ldo10: supplied by +5V_SYS
[    1.487010] +2.8V_RUN_CAM_AF: Bringing 0uV into 2800000-2800000uV
[    1.493450] +1.8V_RUN_VPP_FUSE: Bringing 0uV into 1800000-1800000uV
[    1.499972] iommu: Adding device as3722-rtc to group 65
[    1.505254] iommu: Adding device as3722-adc to group 66
[    1.510519] iommu: Adding device as3722-power-off to group 67
[    1.516310] iommu: Adding device as3722-wdt to group 68
[    1.534337] iommu: Adding device cros-ec-ctl.0.auto to group 69
[    1.540322] iommu: Adding device 7000d400.spi:cros-ec@0:i2c-tunnel to group 70
[    1.547652] iommu: Adding device 7000d400.spi:cros-ec@0:keyboard-controller to group 71
[    1.558553] cros-ec-spi spi0.0: Chrome EC device registered
[    1.573421] m25p80 spi1.0: w25q32dw (4096 Kbytes)
[    1.578869] iommu: Adding device Fixed MDIO bus.0 to group 72
[    1.584691] libphy: Fixed MDIO Bus: probed
[    1.588775] CAN device driver interface
[    1.592619] igb: Intel(R) Gigabit Ethernet Network Driver - version 5.4.0-k
[    1.599572] igb: Copyright (c) 2007-2014 Intel Corporation.
[    1.605194] pegasus: v0.9.3 (2013/04/25), Pegasus/Pegasus II USB Ethernet driver
[    1.612597] usbcore: registered new interface driver pegasus
[    1.618280] usbcore: registered new interface driver asix
[    1.623681] usbcore: registered new interface driver ax88179_178a
[    1.629798] usbcore: registered new interface driver cdc_ether
[    1.635645] usbcore: registered new interface driver smsc75xx
[    1.641397] usbcore: registered new interface driver smsc95xx
[    1.647163] usbcore: registered new interface driver net1080
[    1.652824] usbcore: registered new interface driver cdc_subset
[    1.658752] usbcore: registered new interface driver zaurus
[    1.664349] usbcore: registered new interface driver cdc_ncm
[    1.670081] ehci_hcd: USB 2.0 'Enhanced' Host Controller (EHCI) Driver
[    1.676598] ehci-pci: EHCI PCI platform driver
[    1.681047] tegra-ehci: Tegra EHCI driver
[    1.685316] usbcore: registered new interface driver cdc_acm
[    1.690959] cdc_acm: USB Abstract Control Model driver for USB modems and ISDN adapters
[    1.698970] usbcore: registered new interface driver cdc_wdm
[    1.704644] usbcore: registered new interface driver usb-storage
[    1.711298] input: cros_ec as /devices/soc0/7000d400.spi/spi_master/spi0/spi0.0/7000d400.spi:cros-ec@0:keyboard-controller/input/input0
[    1.730811] as3722-rtc as3722-rtc: rtc core: registered as3722-rtc as rtc0
[    1.737678] as3722-rtc as3722-rtc: RTC interrupt 372
[    1.744417] tegra_rtc 7000e000.rtc: rtc core: registered 7000e000.rtc as rtc1
[    1.751552] tegra_rtc 7000e000.rtc: Tegra internal Real Time Clock
[    1.757837] i2c /dev entries driver
[    1.761740] usbcore: registered new interface driver uvcvideo
[    1.767488] USB Video Class driver (1.1.1)
[    1.771571] gspca_main: v2.14.0 registered
[    1.775894] lm90 0-004c: 0-004c supply vcc not found, using dummy regulator
[    1.784543] tegra-wdt 60005000.timer: initialized (heartbeat = 120 sec, nowayout = 0)
[    1.792569] iommu: Adding device cpufreq-tegra124 to group 73
[    1.798628] sdhci: Secure Digital Host Controller Interface driver
[    1.804810] sdhci: Copyright(c) Pierre Ossman
[    1.809153] sdhci-pltfm: SDHCI platform and OF driver helper
[    1.814928] sdhci-tegra 700b0000.sdhci: allocated mmc-pwrseq
[    1.828217] sdhci-tegra 700b0400.sdhci: Got CD GPIO
[    1.833087] sdhci-tegra 700b0400.sdhci: Got WP GPIO
[    1.852218] mmc0: Unknown controller version (3). You may experience problems.
[    1.859458] mmc0: Invalid maximum block size, assuming 512 bytes
[    1.896243] mmc0: SDHCI controller on 700b0600.sdhci [700b0600.sdhci] using ADMA
[    1.903951] usbcore: registered new interface driver usbhid
[    1.909632] usbhid: USB HID core driver
[    1.914356] iommu: Adding device snd-soc-dummy to group 74
[    1.921023] iommu: Adding device 70301100.i2s to group 75
[    1.926968] tegra30-i2s 70301100.i2s: DMA channels sourced from device 70300000.ahub
[    1.973809] mmc0: new high speed MMC card at address 0001
[    1.981025] mmcblk0: mmc0:0001 MMC16G 14.4 GiB 
[    1.986074] max98090 0-0010: MAX98090 REVID=0x43
[    1.992040] mmcblk0boot0: mmc0:0001 MMC16G partition 1 2.00 MiB
[    1.999718] mmcblk0boot1: mmc0:0001 MMC16G partition 2 2.00 MiB
[    2.005766] mmcblk0rpmb: mmc0:0001 MMC16G partition 3 128 KiB, chardev (247:0)
[    2.014315] max98090 0-0010: use default 2.8v micbias
[    2.016097]  mmcblk0: p1 p2 p3 p4 p5 p6 p7 p8 p9 p10 p11 p12
[    2.027429] tegra-snd-max98090 sound: HiFi <-> 70301100.i2s mapping ok
[    2.034929] input: GoogleNyanBig Headphones as /devices/soc0/sound/sound/card1/input1
[    2.042860] input: GoogleNyanBig Mic Jack as /devices/soc0/sound/sound/card1/input2
[    2.051083] NET: Registered protocol family 10
[    2.056027] Segment Routing with IPv6
[    2.059742] mip6: Mobile IPv6
[    2.062701] sit: IPv6, IPv4 and MPLS over IPv4 tunneling driver
[    2.069146] NET: Registered protocol family 17
[    2.073584] NET: Registered protocol family 15
[    2.078023] can: controller area network core (rev 20170425 abi 9)
[    2.084269] NET: Registered protocol family 29
[    2.088700] can: raw protocol (rev 20170425)
[    2.092957] can: broadcast manager protocol (rev 20170425 t)
[    2.098612] can: netlink gateway (rev 20170425) max_hops=1
[    2.104161] Bluetooth: RFCOMM socket layer initialized
[    2.109297] Bluetooth: RFCOMM ver 1.11
[    2.113038] Bluetooth: BNEP (Ethernet Emulation) ver 1.3
[    2.118347] Bluetooth: BNEP socket layer initialized
[    2.123297] Bluetooth: HIDP (Human Interface Emulation) ver 1.2
[    2.129208] Bluetooth: HIDP socket layer initialized
[    2.134258] Key type dns_resolver registered
[    2.138701] Registering SWP/SWPB emulation handler
[    2.143763] Loading compiled-in X.509 certificates
[    2.154908] +3.3V_RUN: supplied by +3.3V_SYS
[    2.159865] +VDD_LED: supplied by +VDD_MUX
[    2.164058] +3.3V_AVDD_HDMI_AP_GATED: supplied by +3.3V_RUN
[    2.169775] +1.8V_RUN_CAM: supplied by +3.3V_RUN
[    2.174514] +VDDIO_SDMMC3: supplied by +3.3V_RUN
[    2.179159] +1.8V_RUN_VPP_FUSE: supplied by +3.3V_RUN
[    2.184406] +5V_VDD_TS_SW: supplied by +5V_SYS
[    2.189029] +5V_USB_HS: supplied by +5V_SYS
[    2.193347] +5V_USB_SS: supplied by +5V_SYS
[    2.198636] +3.3V_PANEL: supplied by +3.3V_RUN
[    2.204151] +3.3V_LP0: supplied by +3.3V_SYS
[    2.209148] +1.05V_RUN_AVDD_HDMI_PLL: supplied by +1.05V_RUN
[    2.215014] +5V_HDMI_CON: supplied by +5V_SYS
[    2.219956]  usb3-0: usb3-0 supply vbus not found, using dummy regulator
[    2.226781]  usb3-1: usb3-1 supply vbus not found, using dummy regulator
[    2.236003] tegra-sor 54540000.sor: failed to probe output: -517
[    2.242162] panel-simple panel: panel supply power not found, using dummy regulator
[    2.314839] tegra-xusb 70090000.usb: Firmware timestamp: 2014-09-16 02:10:07 UTC
[    2.322236] tegra-xusb 70090000.usb: xHCI Host Controller
[    2.327656] tegra-xusb 70090000.usb: new USB bus registered, assigned bus number 1
[    2.337222] tegra-xusb 70090000.usb: hcc params 0x0184f525 hci version 0x100 quirks 0x00010010
[    2.345877] tegra-xusb 70090000.usb: irq 344, io mem 0x70090000
[    2.352406] hub 1-0:1.0: USB hub found
[    2.356225] hub 1-0:1.0: 6 ports detected
[    2.360628] tegra-xusb 70090000.usb: xHCI Host Controller
[    2.366059] tegra-xusb 70090000.usb: new USB bus registered, assigned bus number 2
[    2.373740] usb usb2: We don't know the algorithms for LPM for this host, disabling LPM.
[    2.382399] hub 2-0:1.0: USB hub found
[    2.386211] hub 2-0:1.0: 2 ports detected
[    2.391232] sdhci-tegra 700b0000.sdhci: allocated mmc-pwrseq
[    2.404357] mmc1: Unknown controller version (3). You may experience problems.
[    2.411615] mmc1: Invalid maximum block size, assuming 512 bytes
[    2.418069] mmc1: Switching to 3.3V signalling voltage failed
[    2.446837] mmc1: SDHCI controller on 700b0000.sdhci [700b0000.sdhci] using ADMA
[    2.454492] sdhci-tegra 700b0400.sdhci: Got CD GPIO
[    2.459364] sdhci-tegra 700b0400.sdhci: Got WP GPIO
[    2.469636] mmc2: Unknown controller version (3). You may experience problems.
[    2.476972] mmc2: Invalid maximum block size, assuming 512 bytes
[    2.513347] mmc1: new high speed SDIO card at address 0001
[    2.519176] mmc2: SDHCI controller on 700b0400.sdhci [700b0400.sdhci] using ADMA
[    2.526753] tegra-sor 54540000.sor: failed to probe output: -517
[    2.532911] panel-simple panel: panel supply power not found, using dummy regulator
[    2.541023] input: gpio-keys as /devices/soc0/gpio-keys/input/input3
[    2.547966] tegra-sor 54540000.sor: failed to probe output: -517
[    2.554267] panel-simple panel: panel supply power not found, using dummy regulator
[    2.561929] as3722-rtc as3722-rtc: setting system clock to 2000-01-01 16:58:05 UTC (946745885)
[    2.570811] cfg80211: Loading compiled-in X.509 certificates for regulatory database
[    2.580577] cfg80211: Loaded X.509 cert 'sforshee: 00b28ddf47aef9cea7'
[    2.587326] platform regulatory.0: Direct firmware load for regulatory.db failed with error -2
[    2.594516] +3.3V_AVDD_HDMI_AP_GATED: disabling
[    2.594529] +1.8V_RUN_CAM: disabling
[    2.596147] +1.2V_RUN_CAM_FRONT: disabling
[    2.600765] +1.05V_RUN_CAM_REAR: disabling
[    2.604510] +2.8V_RUN_TOUCH: disabling
[    2.608605] +2.8V_RUN_CAM_AF: disabling
[    2.612744] +1.8V_RUN_VPP_FUSE: disabling
[    2.616505] +VDD_LED: disabling
[    2.616508] +5V_VDD_TS_SW: disabling
[    2.616516] +3.3V_PANEL: disabling
[    2.616521] +1.05V_RUN_AVDD_HDMI_PLL: disabling
[    2.616523] +5V_HDMI_CON: disabling
[    2.616528] ALSA device list:
[    2.616530]   #1: GoogleNyanBig
[    2.649058] cfg80211: failed to load regulatory.db
[    2.674644] input: tegra-hda HDMI/DP,pcm=3 as /devices/soc0/70030000.hda/sound/card0/input4
[    2.683128] EXT4-fs (mmcblk0p3): couldn't mount as ext3 due to feature incompatibilities
[    2.683335] tegra-sor 54540000.sor: failed to probe output: -517
[    2.683699] panel-simple panel: panel supply power not found, using dummy regulator
[    2.734136] usb 1-2: new high-speed USB device number 2 using tegra-xusb
[    2.752235] mmc2: new high speed SDHC card at address 0007
[    2.759600] mmcblk2: mmc2:0007 SD08G 7.42 GiB 
[    2.773516] GPT:Primary header alternate_lba != Alt. header my_lba
[    2.779707] GPT:3014591 != 15564799
[    2.783183] GPT:Primary header thinks Alt. header is not at the end of the disk.
[    2.790565] GPT:3014591 != 15564799
[    2.794041] GPT: Use GNU Parted to correct GPT errors.
[    2.799198]  mmcblk2: p1 p2 p3 p4 p5 p6 p7 p8 p9 p10 p11 p12
[    2.808107] tegra-sor 54540000.sor: failed to probe output: -517
[    2.814439] panel-simple panel: panel supply power not found, using dummy regulator
[    2.873200] EXT4-fs (mmcblk0p3): recovery complete
[    2.878743] EXT4-fs (mmcblk0p3): mounted filesystem with ordered data mode. Opts: (null)
[    2.886899] VFS: Mounted root (ext4 filesystem) on device 179:3.
[    2.893875] devtmpfs: mounted
[    2.897310] Freeing unused kernel memory: 1024K
bash: cannot set terminal process group (-1): Inappropriate ioctl for device
bash: no job control in this shell
root@(none):/# [    3.057012] uvcvideo: Found UVC 1.00 device HD WebCam (1bcf:2c67)
[    3.071898] input: HD WebCam: HD WebCam as /devices/soc0/70090000.usb/usb1/1-2/1-2:1.0/input/input5
[    3.081598] tegra-sor 54540000.sor: failed to probe output: -517
[    3.087781] panel-simple panel: panel supply power not found, using dummy regulator
