

U-Boot 2015.04-00466-gedec83e90172 (Mar 14 2016 - 10:42:01)

TEGRA124
Model: Acer Chromebook 13 CB5-311
DRAM:  4 GiB
:   Tegra SD/MMC: 0, Tegra SD/MMC: 1, Tegra SD/MMC: 2
MMC init failed
Using default environment

In:    serial
Out:   serial
Err:   serial
Net:   Net Initialization Skipped
No ethernet found.
Hit any key to stop autoboot:  2  0 
Tegra124 (Nyan-big) # 
Tegra124 (Nyan-big) # usb start
starting USB...
USB0:   USB EHCI 1.10
scanning bus 0 for devices... 2 USB Device(s) found
USB1:   USB EHCI 1.10
scanning bus 1 for devices... 2 USB Device(s) found
       scanning usb for storage devices... 1 Storage Device(s) found
       scanning usb for ethernet devices... 
Warning: asx0 using MAC address from net device
1 Ethernet Device(s) found
Tegra124 (Nyan-big) # mw 0x7000e4a0 0x00080000
Tegra124 (Nyan-big) # setenv bootargs 'ignore_loglevel console=ttyS0,115200n8 rw root=PARTUUID=4d36e82a-b3c0-4b4b-bfcd-afe5217ac023 rootwait gpt debug noinitrd earlyprintk init=/bin/bash'
Tegra124 (Nyan-big) # setenv ipaddr 192.168.100.104; setenv serverip 192.168.100.1; setenv tftpserverip 192.168.100.1
Tegra124 (Nyan-big) # tftpboot 0x82000000 zImage.tegra_defconfig%tegra-fw
Using asx0 device
TFTP from server 192.168.100.1; our IP address is 192.168.100.104
Filename 'zImage.tegra_defconfig%tegra-fw'.
Load address: 0x82000000
Loading: *#################################################################
	 #################################################################
	 #################################################################
	 #################################################################
	 #################################################################
	 #################################################################
	 #############################################
	 2.8 MiB/s
done
Bytes transferred = 6373968 (614250 hex)
Tegra124 (Nyan-big) # tftpboot 0x83000000 tegra124-nyan-big.dtb
Using asx0 device
TFTP from server 192.168.100.1; our IP address is 192.168.100.104
Filename 'tegra124-nyan-big.dtb'.
Load address: 0x83000000
Loading: *#####
	 2.8 MiB/s
done
Bytes transferred = 67482 (1079a hex)
Tegra124 (Nyan-big) # bootz 0x82000000 - 0x83000000
Kernel image @ 0x82000000 [ 0x000000 - 0x614250 ]
## Flattened Device Tree blob at 83000000
   Booting using the fdt blob at 0x83000000
   Using Device Tree in place at 83000000, end 83013799

Starting kernel ...

[    0.000000] Booting Linux on physical CPU 0x0
[    0.000000] Linux version 4.15.0-rc7-next-20180112-226908-g3e53c74 (jonathanh@sellafield) (gcc version 4.7.3 20130328 (prerelease) (crosstool-NG linaro-1.13.1-4.7-2013.04-20130415 - Linaro GCC 2013.04)) #1 SMP PREEMPT Thu Jan 11 21:49:09 PST 2018
[    0.000000] CPU: ARMv7 Processor [413fc0f3] revision 3 (ARMv7), cr=10c5387d
[    0.000000] CPU: div instructions available: patching division code
[    0.000000] CPU: PIPT / VIPT nonaliasing data cache, PIPT instruction cache
[    0.000000] OF: fdt: Machine model: Acer Chromebook 13 CB5-311
[    0.000000] OF: fdt: Ignoring memory range 0x100000000 - 0x17ffff000
[    0.000000] debug: ignoring loglevel setting.
[    0.000000] bootconsole [earlycon0] enabled
[    0.000000] Memory policy: Data cache writealloc
[    0.000000] cma: Reserved 64 MiB at 0xfbc00000
[    0.000000] On node 0 totalpages: 524287
[    0.000000]   Normal zone: 1536 pages used for memmap
[    0.000000]   Normal zone: 0 pages reserved
[    0.000000]   Normal zone: 196608 pages, LIFO batch:31
[    0.000000]   HighMem zone: 327679 pages, LIFO batch:31
[    0.000000] random: fast init done
[    0.000000] percpu: Embedded 17 pages/cpu @(ptrval) s39104 r8192 d22336 u69632
[    0.000000] pcpu-alloc: s39104 r8192 d22336 u69632 alloc=17*4096
[    0.000000] pcpu-alloc: [0] 0 [0] 1 [0] 2 [0] 3 
[    0.000000] Built 1 zonelists, mobility grouping on.  Total pages: 522751
[    0.000000] Kernel command line: ignore_loglevel console=ttyS0,115200n8 rw root=PARTUUID=4d36e82a-b3c0-4b4b-bfcd-afe5217ac023 rootwait gpt debug noinitrd earlyprintk init=/bin/bash
[    0.000000] Dentry cache hash table entries: 131072 (order: 7, 524288 bytes)
[    0.000000] Inode-cache hash table entries: 65536 (order: 6, 262144 bytes)
[    0.000000] Memory: 1998488K/2097148K available (9216K kernel code, 781K rwdata, 2844K rodata, 1024K init, 298K bss, 33124K reserved, 65536K cma-reserved, 1245180K highmem)
[    0.000000] Virtual kernel memory layout:
[    0.000000]     vector  : 0xffff0000 - 0xffff1000   (   4 kB)
[    0.000000]     fixmap  : 0xffc00000 - 0xfff00000   (3072 kB)
[    0.000000]     vmalloc : 0xf0800000 - 0xff800000   ( 240 MB)
[    0.000000]     lowmem  : 0xc0000000 - 0xf0000000   ( 768 MB)
[    0.000000]     pkmap   : 0xbfe00000 - 0xc0000000   (   2 MB)
[    0.000000]     modules : 0xbf000000 - 0xbfe00000   (  14 MB)
[    0.000000]       .text : 0x(ptrval) - 0x(ptrval)   (10208 kB)
[    0.000000]       .init : 0x(ptrval) - 0x(ptrval)   (1024 kB)
[    0.000000]       .data : 0x(ptrval) - 0x(ptrval)   ( 782 kB)
[    0.000000]        .bss : 0x(ptrval) - 0x(ptrval)   ( 299 kB)
[    0.000000] Preemptible hierarchical RCU implementation.
[    0.000000] 	Tasks RCU enabled.
[    0.000000] NR_IRQS: 16, nr_irqs: 16, preallocated irqs: 16
[    0.000000] /interrupt-controller@60004000: 160 interrupts forwarded to /interrupt-controller@50041000
[    0.000000] Tegra clk 127: register failed with -17
[    0.000003] sched_clock: 32 bits at 1000kHz, resolution 1000ns, wraps every 2147483647500ns
[    0.008027] clocksource: timer_us: mask: 0xffffffff max_cycles: 0xffffffff, max_idle_ns: 1911260446275 ns
[    0.017558] Switching to timer-based delay loop, resolution 1000ns
[    0.024097] arch_timer: cp15 timer(s) running at 12.00MHz (virt).
[    0.029779] clocksource: arch_sys_counter: mask: 0xffffffffffffff max_cycles: 0x2c47f4ee7, max_idle_ns: 440795202497 ns
[    0.040525] sched_clock: 56 bits at 12MHz, resolution 83ns, wraps every 4398046511096ns
[    0.048496] Switching to timer-based delay loop, resolution 83ns
[    0.054676] Console: colour dummy device 80x30
[    0.058905] Calibrating delay loop (skipped), value calculated using timer frequency.. 24.00 BogoMIPS (lpj=120000)
[    0.069214] pid_max: default: 32768 minimum: 301
[    0.073980] Mount-cache hash table entries: 2048 (order: 1, 8192 bytes)
[    0.080396] Mountpoint-cache hash table entries: 2048 (order: 1, 8192 bytes)
[    0.087732] CPU: Testing write buffer coherency: ok
[    0.092406] /cpus/cpu@0 missing clock-frequency property
[    0.097560] /cpus/cpu@1 missing clock-frequency property
[    0.102857] /cpus/cpu@2 missing clock-frequency property
[    0.108133] /cpus/cpu@3 missing clock-frequency property
[    0.113415] CPU0: thread -1, cpu 0, socket 0, mpidr 80000000
[    0.153460] Setting up static identity map for 0x80100000 - 0x801000a0
[    0.158115] Hierarchical SRCU implementation.
[    0.173685] Tegra Revision: A01 SKU: 131 CPU Process: 1 SoC Process: 1
[    0.193463] smp: Bringing up secondary CPUs ...
[    0.243762] CPU1: thread -1, cpu 1, socket 0, mpidr 80000001
[    0.323791] CPU2: thread -1, cpu 2, socket 0, mpidr 80000002
[    0.403829] CPU3: thread -1, cpu 3, socket 0, mpidr 80000003
[    0.413606] smp: Brought up 1 node, 4 CPUs
[    0.432683] SMP: Total of 4 processors activated (96.00 BogoMIPS).
[    0.438842] CPU: All CPU(s) started in SVC mode.
[    0.444131] devtmpfs: initialized
[    0.453608] Built 1 zonelists, mobility grouping on.  Total pages: 516006
[    0.458649] VFP support v0.3: implementor 41 architecture 4 part 30 variant f rev 0
[    0.466285] clocksource: jiffies: mask: 0xffffffff max_cycles: 0xffffffff, max_idle_ns: 19112604462750000 ns
[    0.475898] futex hash table entries: 1024 (order: 4, 65536 bytes)
[    0.482174] pinctrl core: initialized pinctrl subsystem
[    0.487711] NET: Registered protocol family 16
[    0.492109] DMA: preallocated 256 KiB pool for atomic coherent allocations
[    0.499035] cpuidle: using governor menu
[    0.509969] No ATAGs?
[    0.510027] hw-breakpoint: found 5 (+1 reserved) breakpoint and 4 watchpoint registers.
[    0.518369] hw-breakpoint: maximum watchpoint size is 8 bytes.
[    0.525036] tegra-mc 70019000.memory-controller: no memory timings for RAM code 0 registered
[    0.532732] iommu: Adding device 50000000.host1x to group 0
[    0.538144] iommu: Adding device 54200000.dc to group 1
[    0.543346] iommu: Adding device 54240000.dc to group 1
[    0.548546] iommu: Adding device 57000000.gpu to group 2
[    0.559676] +5V_SYS: supplied by +VDD_MUX
[    0.561901] +3.3V_SYS: supplied by +VDD_MUX
[    0.566225] +VDD_LED: Failed to request enable GPIO122: -517
[    0.571562] reg-fixed-voltage regulators:regulator@5: Failed to register regulator: -517
[    0.579666] +5V_VDD_TS_SW: Failed to request enable GPIO81: -517
[    0.585602] reg-fixed-voltage regulators:regulator@6: Failed to register regulator: -517
[    0.593716] +5V_USB_HS: Failed to request enable GPIO108: -517
[    0.599468] reg-fixed-voltage regulators:regulator@7: Failed to register regulator: -517
[    0.607596] +5V_USB_SS: Failed to request enable GPIO109: -517
[    0.613335] reg-fixed-voltage regulators:regulator@8: Failed to register regulator: -517
[    0.621507] +1.05V_RUN_AVDD_HDMI_PLL: Failed to request enable GPIO63: -517
[    0.628329] reg-fixed-voltage regulators:regulator@11: Failed to register regulator: -517
[    0.636525] +5V_HDMI_CON: Failed to request enable GPIO86: -517
[    0.642369] reg-fixed-voltage regulators:regulator@12: Failed to register regulator: -517
[    0.650963] vgaarb: loaded
[    0.653468] SCSI subsystem initialized
[    0.657019] libata version 3.00 loaded.
[    0.660878] usbcore: registered new interface driver usbfs
[    0.666223] usbcore: registered new interface driver hub
[    0.671533] usbcore: registered new device driver usb
[    0.677757] Linux video capture interface: v2.00
[    0.681133] pps_core: LinuxPPS API ver. 1 registered
[    0.686056] pps_core: Software ver. 5.3.6 - Copyright 2005-2007 Rodolfo Giometti <giometti@linux.it>
[    0.695160] PTP clock support registered
[    0.699199] tegra-emc 7001b000.emc: no memory timings for RAM code 0 found in DT
[    0.706420] tegra-emc: probe of 7001b000.emc failed with error -2
[    0.712590] Advanced Linux Sound Architecture Driver Initialized.
[    0.718795] Bluetooth: Core ver 2.22
[    0.722119] NET: Registered protocol family 31
[    0.726528] Bluetooth: HCI device and connection manager initialized
[    0.732850] Bluetooth: HCI socket layer initialized
[    0.737707] Bluetooth: L2CAP socket layer initialized
[    0.742744] Bluetooth: SCO socket layer initialized
[    0.747839] clocksource: Switched to clocksource arch_sys_counter
[    0.785316] NET: Registered protocol family 2
[    0.788148] tcp_listen_portaddr_hash hash table entries: 512 (order: 0, 6144 bytes)
[    0.795404] TCP established hash table entries: 8192 (order: 3, 32768 bytes)
[    0.802448] TCP bind hash table entries: 8192 (order: 4, 65536 bytes)
[    0.808881] TCP: Hash tables configured (established 8192 bind 8192)
[    0.815319] UDP hash table entries: 512 (order: 2, 16384 bytes)
[    0.821057] UDP-Lite hash table entries: 512 (order: 2, 16384 bytes)
[    0.827480] NET: Registered protocol family 1
[    0.831992] RPC: Registered named UNIX socket transport module.
[    0.837588] RPC: Registered udp transport module.
[    0.842278] RPC: Registered tcp transport module.
[    0.846948] RPC: Registered tcp NFSv4.1 backchannel transport module.
[    0.853606] PCI: CLS 0 bytes, default 64
[    0.857969] hw perfevents: enabled with armv7_cortex_a15 PMU driver, 7 counters available
[    0.866064] Initialise system trusted keyrings
[    0.869917] workingset: timestamp_bits=30 max_order=19 bucket_order=0
[    0.876721] squashfs: version 4.0 (2009/01/31) Phillip Lougher
[    0.882333] NFS: Registering the id_resolver key type
[    0.887081] Key type id_resolver registered
[    0.891256] Key type id_legacy registered
[    0.896921] Key type asymmetric registered
[    0.899306] Asymmetric key parser 'x509' registered
[    0.904199] bounce: pool size: 64 pages
[    0.907998] io scheduler noop registered (default)
[    0.912729] io scheduler mq-deadline registered
[    0.917236] io scheduler kyber registered
[    0.921869] tegra-xusb-padctl 7009f000.padctl: failed to setup XUSB ports: -517
[    0.934286] tegra-apbdma 60020000.dma: Tegra20 APB DMA driver register 32 channels
[    0.940378] tegra-pmc 7000e400.pmc: i2c-thermtrip node not found, emergency thermal reset disabled.
[    0.949176] Serial: 8250/16550 driver, 4 ports, IRQ sharing disabled
[    0.955942] console [ttyS0] disabled
[    0.958852] 70006000.serial: ttyS0 at MMIO 0x70006000 (irq = 333, base_baud = 25500000) is a Tegra
[    0.967768] console [ttyS0] enabled
[    0.967768] console [ttyS0] enabled
[    0.974003] bootconsole [earlycon0] disabled
[    0.974003] bootconsole [earlycon0] disabled
[    1.000120] tegra-hdmi 54280000.hdmi: failed to get HDMI regulator
[    1.006594] tegra-dpaux 545c0000.dpaux: failed to get VDD supply: -517
[    1.014111] panel-simple panel: panel supply power not found, using dummy regulator
[    1.025572] loop: module loaded
[    1.029303] as3722 4-0040: AS3722 with revision 0x1 found
[    1.039351] as3722-sd2: supplied by +5V_SYS
[    1.043773] as3722-sd3: supplied by +5V_SYS
[    1.048120] +1.35V_LP0(sd3): Bringing 0uV into 1350000-1350000uV
[    1.054297] as3722-sd4: supplied by +5V_SYS
[    1.058648] +1.05V_RUN: Bringing 0uV into 1050000-1050000uV
[    1.064392] as3722-sd5: supplied by +5V_SYS
[    1.070000] as3722-ldo0: supplied by +1.35V_LP0(sd2)
[    1.075746] +1.8V_RUN_CAM: Bringing 0uV into 1800000-1800000uV
[    1.081772] as3722-ldo2: supplied by +1.8V_VDDIO
[    1.087395] as3722-ldo3: supplied by +3.3V_SYS
[    1.091854] +1.00V_LP0_VDD_RTC: Bringing 1100000uV into 1000000-1000000uV
[    1.099439] as3722-ldo4: supplied by +3.3V_SYS
[    1.104036] +3.3V_RUN_CAM: Bringing 0uV into 2800000-2800000uV
[    1.110066] as3722-ldo5: supplied by +1.8V_VDDIO
[    1.114839] +1.2V_RUN_CAM_FRONT: Bringing 0uV into 1200000-1200000uV
[    1.121537] +VDDIO_SDMMC3: Bringing 0uV into 1800000-1800000uV
[    1.127568] as3722-ldo7: supplied by +1.8V_VDDIO
[    1.132353] +1.05V_RUN_CAM_REAR: Bringing 0uV into 1050000-1050000uV
[    1.138912] as3722-ldo9: supplied by +5V_SYS
[    1.143480] +2.8V_RUN_TOUCH: Bringing 0uV into 2800000-2800000uV
[    1.149688] as3722-ldo10: supplied by +5V_SYS
[    1.154200] +2.8V_RUN_CAM_AF: Bringing 0uV into 2800000-2800000uV
[    1.160651] +1.8V_RUN_VPP_FUSE: Bringing 0uV into 1800000-1800000uV
[    1.183038] cros-ec-spi spi0.0: Chrome EC device registered
[    1.197916] m25p80 spi1.0: w25q32dw (4096 Kbytes)
[    1.203423] libphy: Fixed MDIO Bus: probed
[    1.207508] CAN device driver interface
[    1.211368] igb: Intel(R) Gigabit Ethernet Network Driver - version 5.4.0-k
[    1.218319] igb: Copyright (c) 2007-2014 Intel Corporation.
[    1.223926] pegasus: v0.9.3 (2013/04/25), Pegasus/Pegasus II USB Ethernet driver
[    1.231339] usbcore: registered new interface driver pegasus
[    1.237005] usbcore: registered new interface driver asix
[    1.242448] usbcore: registered new interface driver ax88179_178a
[    1.248553] usbcore: registered new interface driver cdc_ether
[    1.254395] usbcore: registered new interface driver smsc75xx
[    1.260157] usbcore: registered new interface driver smsc95xx
[    1.265904] usbcore: registered new interface driver net1080
[    1.271572] usbcore: registered new interface driver cdc_subset
[    1.277492] usbcore: registered new interface driver zaurus
[    1.283087] usbcore: registered new interface driver cdc_ncm
[    1.288832] ehci_hcd: USB 2.0 'Enhanced' Host Controller (EHCI) Driver
[    1.295342] ehci-pci: EHCI PCI platform driver
[    1.299799] tegra-ehci: Tegra EHCI driver
[    1.304066] usbcore: registered new interface driver cdc_acm
[    1.309718] cdc_acm: USB Abstract Control Model driver for USB modems and ISDN adapters
[    1.317721] usbcore: registered new interface driver cdc_wdm
[    1.323395] usbcore: registered new interface driver usb-storage
[    1.330067] input: cros_ec as /devices/soc0/7000d400.spi/spi_master/spi0/spi0.0/7000d400.spi:cros-ec@0:keyboard-controller/input/input0
[    1.349677] as3722-rtc as3722-rtc: rtc core: registered as3722-rtc as rtc0
[    1.356536] as3722-rtc as3722-rtc: RTC interrupt 372
[    1.363297] tegra_rtc 7000e000.rtc: rtc core: registered 7000e000.rtc as rtc1
[    1.370446] tegra_rtc 7000e000.rtc: Tegra internal Real Time Clock
[    1.376726] i2c /dev entries driver
[    1.380639] usbcore: registered new interface driver uvcvideo
[    1.386369] USB Video Class driver (1.1.1)
[    1.390461] gspca_main: v2.14.0 registered
[    1.394780] lm90 0-004c: 0-004c supply vcc not found, using dummy regulator
[    1.403442] tegra-wdt 60005000.timer: initialized (heartbeat = 120 sec, nowayout = 0)
[    1.411791] sdhci: Secure Digital Host Controller Interface driver
[    1.417965] sdhci: Copyright(c) Pierre Ossman
[    1.422308] sdhci-pltfm: SDHCI platform and OF driver helper
[    1.428084] sdhci-tegra 700b0000.sdhci: allocated mmc-pwrseq
[    1.441873] sdhci-tegra 700b0400.sdhci: Got CD GPIO
[    1.446744] sdhci-tegra 700b0400.sdhci: Got WP GPIO
[    1.465972] mmc0: Unknown controller version (3). You may experience problems.
[    1.473213] mmc0: Invalid maximum block size, assuming 512 bytes
[    1.509991] mmc0: SDHCI controller on 700b0600.sdhci [700b0600.sdhci] using ADMA
[    1.517700] usbcore: registered new interface driver usbhid
[    1.523379] usbhid: USB HID core driver
[    1.529508] tegra30-i2s 70301100.i2s: DMA channels sourced from device 70300000.ahub
[    1.577731] mmc0: new high speed MMC card at address 0001
[    1.583648] max98090 0-0010: MAX98090 REVID=0x43
[    1.585073] mmcblk0: mmc0:0001 MMC16G 14.4 GiB 
[    1.586944] mmcblk0boot0: mmc0:0001 MMC16G partition 1 2.00 MiB
[    1.588852] mmcblk0boot1: mmc0:0001 MMC16G partition 2 2.00 MiB
[    1.592855] mmcblk0rpmb: mmc0:0001 MMC16G partition 3 128 KiB, chardev (247:0)
[    1.607611]  mmcblk0: p1 p2 p3 p4 p5 p6 p7 p8 p9 p10 p11 p12
[    1.619560] max98090 0-0010: use default 2.8v micbias
[    1.626995] tegra-snd-max98090 sound: HiFi <-> 70301100.i2s mapping ok
[    1.634506] input: GoogleNyanBig Headphones as /devices/soc0/sound/sound/card1/input1
[    1.642448] input: GoogleNyanBig Mic Jack as /devices/soc0/sound/sound/card1/input2
[    1.650749] NET: Registered protocol family 10
[    1.655696] Segment Routing with IPv6
[    1.659424] mip6: Mobile IPv6
[    1.662383] sit: IPv6, IPv4 and MPLS over IPv4 tunneling driver
[    1.668834] NET: Registered protocol family 17
[    1.673270] NET: Registered protocol family 15
[    1.677699] can: controller area network core (rev 20170425 abi 9)
[    1.683946] NET: Registered protocol family 29
[    1.688386] can: raw protocol (rev 20170425)
[    1.692642] can: broadcast manager protocol (rev 20170425 t)
[    1.698297] can: netlink gateway (rev 20170425) max_hops=1
[    1.703842] Bluetooth: RFCOMM socket layer initialized
[    1.708986] Bluetooth: RFCOMM ver 1.11
[    1.712727] Bluetooth: BNEP (Ethernet Emulation) ver 1.3
[    1.718031] Bluetooth: BNEP socket layer initialized
[    1.722981] Bluetooth: HIDP (Human Interface Emulation) ver 1.2
[    1.728891] Bluetooth: HIDP socket layer initialized
[    1.733930] Key type dns_resolver registered
[    1.738390] Registering SWP/SWPB emulation handler
[    1.743429] Loading compiled-in X.509 certificates
[    1.755364] +3.3V_RUN: supplied by +3.3V_SYS
[    1.760369] +VDD_LED: supplied by +VDD_MUX
[    1.764561] +3.3V_AVDD_HDMI_AP_GATED: supplied by +3.3V_RUN
[    1.770231] +1.8V_RUN_CAM: supplied by +3.3V_RUN
[    1.774932] +VDDIO_SDMMC3: supplied by +3.3V_RUN
[    1.779689] +1.8V_RUN_VPP_FUSE: supplied by +3.3V_RUN
[    1.784926] +5V_VDD_TS_SW: supplied by +5V_SYS
[    1.789556] +5V_USB_HS: supplied by +5V_SYS
[    1.793872] +5V_USB_SS: supplied by +5V_SYS
[    1.799128] +3.3V_PANEL: supplied by +3.3V_RUN
[    1.804435] +3.3V_LP0: supplied by +3.3V_SYS
[    1.809532] +1.05V_RUN_AVDD_HDMI_PLL: supplied by +1.05V_RUN
[    1.815361] +5V_HDMI_CON: supplied by +5V_SYS
[    1.820356]  usb3-0: usb3-0 supply vbus not found, using dummy regulator
[    1.827088]  usb3-1: usb3-1 supply vbus not found, using dummy regulator
[    1.840138] tegra-sor 54540000.sor: failed to probe output: -517
[    1.846352] panel-simple panel: panel supply power not found, using dummy regulator
[    1.918572] tegra-xusb 70090000.usb: Firmware timestamp: 2014-09-16 02:10:07 UTC
[    1.925968] tegra-xusb 70090000.usb: xHCI Host Controller
[    1.931403] tegra-xusb 70090000.usb: new USB bus registered, assigned bus number 1
[    1.940940] tegra-xusb 70090000.usb: hcc params 0x0184f525 hci version 0x100 quirks 0x00010010
[    1.949566] tegra-xusb 70090000.usb: irq 344, io mem 0x70090000
[    1.955944] hub 1-0:1.0: USB hub found
[    1.959770] hub 1-0:1.0: 6 ports detected
[    1.964140] tegra-xusb 70090000.usb: xHCI Host Controller
[    1.969542] tegra-xusb 70090000.usb: new USB bus registered, assigned bus number 2
[    1.977206] usb usb2: We don't know the algorithms for LPM for this host, disabling LPM.
[    1.985697] hub 2-0:1.0: USB hub found
[    1.989507] hub 2-0:1.0: 2 ports detected
[    1.994546] sdhci-tegra 700b0000.sdhci: allocated mmc-pwrseq
[    2.008063] mmc1: Unknown controller version (3). You may experience problems.
[    2.015306] mmc1: Invalid maximum block size, assuming 512 bytes
[    2.021794] mmc1: Switching to 3.3V signalling voltage failed
[    2.050585] mmc1: SDHCI controller on 700b0000.sdhci [700b0000.sdhci] using ADMA
[    2.058226] sdhci-tegra 700b0400.sdhci: Got CD GPIO
[    2.063097] sdhci-tegra 700b0400.sdhci: Got WP GPIO
[    2.073333] mmc2: Unknown controller version (3). You may experience problems.
[    2.080668] mmc2: Invalid maximum block size, assuming 512 bytes
[    2.115512] mmc1: new high speed SDIO card at address 0001
[    2.121297] mmc2: SDHCI controller on 700b0400.sdhci [700b0400.sdhci] using ADMA
[    2.128854] tegra-sor 54540000.sor: failed to probe output: -517
[    2.135013] panel-simple panel: panel supply power not found, using dummy regulator
[    2.143099] input: gpio-keys as /devices/soc0/gpio-keys/input/input3
[    2.149716] tegra-sor 54540000.sor: failed to probe output: -517
[    2.155938] panel-simple panel: panel supply power not found, using dummy regulator
[    2.163859] as3722-rtc as3722-rtc: setting system clock to 2000-01-01 00:00:23 UTC (946684823)
[    2.172634] cfg80211: Loading compiled-in X.509 certificates for regulatory database
[    2.184389] cfg80211: Loaded X.509 cert 'sforshee: 00b28ddf47aef9cea7'
[    2.191103] platform regulatory.0: Direct firmware load for regulatory.db failed with error -2
[    2.192220] +3.3V_AVDD_HDMI_AP_GATED: disabling
[    2.192232] +1.8V_RUN_CAM: disabling
[    2.192374] +1.2V_RUN_CAM_FRONT: disabling
[    2.192497] +1.05V_RUN_CAM_REAR: disabling
[    2.192619] +2.8V_RUN_TOUCH: disabling
[    2.192740] +2.8V_RUN_CAM_AF: disabling
[    2.192862] +1.8V_RUN_VPP_FUSE: disabling
[    2.192981] +VDD_LED: disabling
[    2.192984] +5V_VDD_TS_SW: disabling
[    2.192989] +3.3V_PANEL: disabling
[    2.192992] +1.05V_RUN_AVDD_HDMI_PLL: disabling
[    2.192994] +5V_HDMI_CON: disabling
[    2.192997] ALSA device list:
[    2.192999]   #1: GoogleNyanBig
[    2.251879] cfg80211: failed to load regulatory.db
[    2.308383] tegra-sor 54540000.sor: failed to probe output: -517
[    2.314433] EXT4-fs (mmcblk0p3): couldn't mount as ext3 due to feature incompatibilities
[    2.322801] input: tegra-hda HDMI/DP,pcm=3 as /devices/soc0/70030000.hda/sound/card0/input4
[    2.327897] usb 1-2: new high-speed USB device number 2 using tegra-xusb
[    2.338740] panel-simple panel: panel supply power not found, using dummy regulator
[    2.355088] mmc2: new high speed SDHC card at address 0007
[    2.362518] mmcblk2: mmc2:0007 SD08G 7.42 GiB 
[    2.374833] GPT:Primary header alternate_lba != Alt. header my_lba
[    2.381021] GPT:3014591 != 15564799
[    2.384498] GPT:Primary header thinks Alt. header is not at the end of the disk.
[    2.391906] GPT:3014591 != 15564799
[    2.395392] GPT: Use GNU Parted to correct GPT errors.
[    2.400580]  mmcblk2: p1 p2 p3 p4 p5 p6 p7 p8 p9 p10 p11 p12
[    2.407704] tegra-sor 54540000.sor: failed to probe output: -517
[    2.414001] panel-simple panel: panel supply power not found, using dummy regulator
[    2.660655] uvcvideo: Found UVC 1.00 device HD WebCam (1bcf:2c67)
[    2.675442] input: HD WebCam: HD WebCam as /devices/soc0/70090000.usb/usb1/1-2/1-2:1.0/input/input5
[    2.684388] EXT4-fs (mmcblk0p3): recovery complete
[    2.684398] EXT4-fs (mmcblk0p3): mounted filesystem with ordered data mode. Opts: (null)
[    2.684431] VFS: Mounted root (ext4 filesystem) on device 179:3.
[    2.685378] devtmpfs: mounted
[    2.689658] Freeing unused kernel memory: 1024K
[    2.711512] tegra-sor 54540000.sor: failed to probe output: -517
[    2.717675] panel-simple panel: panel supply power not found, using dummy regulator
bash: cannot set terminal process group (-1): Inappropriate ioctl for device
bash: no job control in this shell
root@(none):/# [    2.908510] alloc_contig_range: [fbc79, fbc7a) PFNs busy
[    2.914195] alloc_contig_range: [fbc79, fbc7a) PFNs busy
[    2.919550] alloc_contig_range: [fbc7b, fbc7c) PFNs busy
[    2.924854] alloc_contig_range: [fbc7c, fbc7d) PFNs busy
[    2.930168] alloc_contig_range: [fbc7d, fbc7e) PFNs busy
[    2.935471] alloc_contig_range: [fbc7e, fbc7f) PFNs busy
[    2.940779] alloc_contig_range: [fbc7f, fbc80) PFNs busy
[    2.946083] alloc_contig_range: [fbca1, fbca2) PFNs busy
[    2.951393] alloc_contig_range: [fbca2, fbca3) PFNs busy
[    2.956693] alloc_contig_range: [fbca3, fbca4) PFNs busy
[    3.107930] usb 1-3: new high-speed USB device number 3 using tegra-xusb
