
U-Boot SPL 2013.04-rc2-06423-gf2e8a87-dirty (May 15 2013 - 09:45:39)


U-Boot 2013.04-rc2-06423-gf2e8a87-dirty (May 15 2013 - 09:45:39)

TEGRA30
Board: NVIDIA Beaver
DRAM:  2 GiB
MMC:   Tegra SD/MMC: 0, Tegra SD/MMC: 1
*** Warning - bad CRC, using default environment

In:    serial
Out:   serial
Err:   serial
Hit any key to stop autoboot:  2  0 
Tegra30 (Beaver) # 
Tegra30 (Beaver) # setenv bootargs 'console=ttyS0,230400n8 noinitrd root=/dev/mmcblk0p1 rw rootwait gpt ignore_loglevel debug'
Tegra30 (Beaver) # loady 0x81000000
## Ready for binary (ymodem) download to 0x81000000 at 230400 bps...
CSending: zImage
Sending: 

Transfer complete
yzModem - CRC mode, 4(SOH)/4346(STX)/0(CAN) packets, 3 retries
## Total Size      = 0x0043e8b0 = 4450480 Bytes
Tegra30 (Beaver) # loady 0x82000000
## Ready for binary (ymodem) download to 0x82000000 at 230400 bps...
CSending: tegra30-beaver.dtb
Sending: 

Transfer complete
yzModem - CRC mode, 6(SOH)/20(STX)/0(CAN) packets, 3 retries
## Total Size      = 0x000051a8 = 20904 Bytes
Tegra30 (Beaver) # bootz 0x81000000 - 0x82000000
## Flattened Device Tree blob at 82000000
   Booting using the fdt blob at 0x82000000
   Loading Device Tree to 8fff7000, end 8ffff1a7 ... OK

Starting kernel .ø†ø†æ€˜€æ€˜€fæžÎžæžøÎxÎøÎžøž~8˜†žøžf†ø†ø†8xþžøžf†8àÎžþž`Îžøž~8~€žf8æÎxžfžø†æ€˜€[    0.000000] Booting Linux on physical CPU 0x0
[    0.000000] Initializing cgroup subsys cpu
[    0.000000] Initializing cgroup subsys cpuacct
[    0.000000] Linux version 3.12.0-rc1-next-20130917-12427-g2a65ef5 (pwalmsley@tamien) (gcc version 4.5.1 (Sourcery G++ Lite 2010.09-50) ) #1 SMP PREEMPT Mon Sep 16 20:55:21 PDT 2013
[    0.000000] CPU: ARMv7 Processor [412fc099] revision 9 (ARMv7), cr=10c5387d
[    0.000000] CPU: PIPT / VIPT nonaliasing data cache, VIPT aliasing instruction cache
[    0.000000] Machine: NVIDIA Tegra SoC (Flattened Device Tree), model: NVIDIA Tegra30 Beaver evaluation board
[    0.000000] debug: ignoring loglevel setting.
[    0.000000] cma: CMA: reserved 16 MiB at ae800000
[    0.000000] Memory policy: ECC disabled, Data cache writealloc
[    0.000000] On node 0 totalpages: 524032
[    0.000000] free_area_init_node: node 0, pgdat c0830680, node_mem_map c0887000
[    0.000000]   Normal zone: 1520 pages used for memmap
[    0.000000]   Normal zone: 0 pages reserved
[    0.000000]   Normal zone: 194560 pages, LIFO batch:31
[    0.000000]   HighMem zone: 2574 pages used for memmap
[    0.000000]   HighMem zone: 329472 pages, LIFO batch:31
[    0.000000] fuse_speedo_calib: ATE prog ver 3.3
[    0.000000] Tegra30: CPU Speedo ID 5, Soc Speedo ID 2
[    0.000000] Tegra Revision: A03 SKU: 128 CPU Process: 4 Core Process: 0
[    0.000000] L310 cache controller enabled
[    0.000000] l2x0: 8 ways, CACHE_ID 0x410000c7, AUX_CTRL 0x7e480001, Cache size: 1024 kB
[    0.000000] PERCPU: Embedded 8 pages/cpu @c189a000 s9024 r8192 d15552 u32768
[    0.000000] pcpu-alloc: s9024 r8192 d15552 u32768 alloc=8*4096
[    0.000000] pcpu-alloc: [0] 0 [0] 1 [0] 2 [0] 3 
[    0.000000] Built 1 zonelists in Zone order, mobility grouping on.  Total pages: 522512
[    0.000000] Kernel command line: console=ttyS0,230400n8 noinitrd root=/dev/mmcblk0p1 rw rootwait gpt ignore_loglevel debug
[    0.000000] PID hash table entries: 4096 (order: 2, 16384 bytes)
[    0.000000] Dentry cache hash table entries: 131072 (order: 7, 524288 bytes)
[    0.000000] Inode-cache hash table entries: 65536 (order: 6, 262144 bytes)
[    0.000000] Memory: 2053552K/2096128K available (6091K kernel code, 279K rwdata, 1760K rodata, 216K init, 340K bss, 42576K reserved, 1317888K highmem)
[    0.000000] Virtual kernel memory layout:
[    0.000000]     vector  : 0xffff0000 - 0xffff1000   (   4 kB)
[    0.000000]     fixmap  : 0xfff00000 - 0xfffe0000   ( 896 kB)
[    0.000000]     vmalloc : 0xf0000000 - 0xff000000   ( 240 MB)
[    0.000000]     lowmem  : 0xc0000000 - 0xef800000   ( 760 MB)
[    0.000000]     pkmap   : 0xbfe00000 - 0xc0000000   (   2 MB)
[    0.000000]     modules : 0xbf000000 - 0xbfe00000   (  14 MB)
[    0.000000]       .text : 0xc0008000 - 0xc07b30f0   (7853 kB)
[    0.000000]       .init : 0xc07b4000 - 0xc07ea340   ( 217 kB)
[    0.000000]       .data : 0xc07ec000 - 0xc0831cc0   ( 280 kB)
[    0.000000]        .bss : 0xc0831ccc - 0xc0886f5c   ( 341 kB)
[    0.000000] Preemptible hierarchical RCU implementation.
[    0.000000] NR_IRQS:16 nr_irqs:16 16
[    0.000000] sched_clock: 32 bits at 1MHz, resolution 1000ns, wraps every 4294967ms
[    0.000000] Console: colour dummy device 80x30
[    0.000501] Calibrating delay loop... 2793.47 BogoMIPS (lpj=13967360)
[    0.059941] pid_max: default: 32768 minimum: 301
[    0.060269] Mount-cache hash table entries: 512
[    0.069561] Initializing cgroup subsys debug
[    0.069580] Initializing cgroup subsys freezer
[    0.069640] CPU: Testing write buffer coherency: ok
[    0.070050] CPU0: thread -1, cpu 0, socket 0, mpidr 80000000
[    0.070100] Setting up static identity map for 0xc05cb7a0 - 0xc05cb838
[    0.131252] CPU1: Booted secondary processor
[    0.189981] CPU1: thread -1, cpu 1, socket 0, mpidr 80000001
[    0.211204] CPU2: Booted secondary processor
[    0.269981] CPU2: thread -1, cpu 2, socket 0, mpidr 80000002
[    0.291223] CPU3: Booted secondary processor
[    0.349981] CPU3: thread -1, cpu 3, socket 0, mpidr 80000003
[    0.350050] Brought up 4 CPUs
[    0.350066] SMP: Total of 4 processors activated.
[    0.350073] CPU: All CPU(s) started in SVC mode.
[    0.350849] devtmpfs: initialized
[    0.360585] VFP support v0.3: implementor 41 architecture 3 part 30 variant 9 rev 4
[    0.360866] pinctrl core: initialized pinctrl subsystem
[    0.361266] regulator-dummy: no parameters
[    0.364061] NET: Registered protocol family 16
[    0.366503] DMA: preallocated 256 KiB pool for atomic coherent allocations
[    0.367104] cpuidle: using governor ladder
[    0.367110] cpuidle: using governor menu
[    0.374686] No ATAGs?
[    0.374709] hw-breakpoint: found 5 (+1 reserved) breakpoint and 1 watchpoint registers.
[    0.374715] hw-breakpoint: maximum watchpoint size is 4 bytes.
[    0.383452] bio: create slab <bio-0> at 0
[    0.384494] vdd_5v_in: 5000 mV 
[    0.384615] platform 1.regulator: Driver reg-fixed-voltage requests probe deferral
[    0.384657] platform 2.regulator: Driver reg-fixed-voltage requests probe deferral
[    0.384798] vdd_5v_sata: 5000 mV 
[    0.384824] vdd_5v_sata: supplied by vdd_5v_in
[    0.385053] usb1_vbus: 5000 mV 
[    0.385075] usb1_vbus: supplied by vdd_5v_in
[    0.385259] usb3_vbus: 5000 mV 
[    0.385280] usb3_vbus: supplied by vdd_5v_in
[    0.385385] platform 6.regulator: Driver reg-fixed-voltage requests probe deferral
[    0.385529] sys_3v3_pexs: 3300 mV 
[    0.385555] reg-fixed-voltage 7.regulator: Failed to find supply vin
[    0.385645] reg-fixed-voltage 7.regulator: Failed to register regulator: -517
[    0.385658] platform 7.regulator: Driver reg-fixed-voltage requests probe deferral
[    0.386407] vgaarb: loaded
[    0.387226] SCSI subsystem initialized
[    0.387535] usbcore: registered new interface driver usbfs
[    0.387598] usbcore: registered new interface driver hub
[    0.387736] usbcore: registered new device driver usb
[    0.391167] tps62361-vout: 500 <--> 1500 mV at 1160 mV 
[    0.391524] tps65910 4-002d: VMBCH-Threshold not specified
[    0.391532] tps65910 4-002d: VMBCH2-Threshold not specified
[    0.396812] vdd_1v8_gen: 1800 mV 
[    0.396852] vdd_1v8_gen: supplied by vdd_5v_in
[    0.400004] vddio_ddr_1v2: 1200 mV 
[    0.400495] vddio_ddr_1v2: supplied by vdd_5v_in
[    0.403850] vdd_1v5_gen: 1500 mV 
[    0.403883] vdd_1v5_gen: supplied by vdd_5v_in
[    0.407265] vdd_cpu,vdd_sys: 1000 mV 
[    0.409693] vdd_pexa,vdd_pexb: 1050 mV 
[    0.409725] vdd_pexa,vdd_pexb: supplied by vdd_1v5_gen
[    0.412531] vdd_sata,avdd_plle: 1050 mV 
[    0.412561] vdd_sata,avdd_plle: supplied by vdd_1v5_gen
[    0.415013] vdd_rtc: 1200 mV 
[    0.415048] vdd_rtc: supplied by vdd_5v_in
[    0.417515] vddio_sdmmc,avdd_vdac: 3300 mV 
[    0.417546] vddio_sdmmc,avdd_vdac: supplied by vdd_5v_in
[    0.420327] avdd_dsi_csi,pwrdet_mipi: 1200 mV 
[    0.420359] avdd_dsi_csi,pwrdet_mipi: supplied by vdd_1v8_gen
[    0.422823] vdd_pllm,x,u,a_p_c_s: 1200 mV 
[    0.422854] vdd_pllm,x,u,a_p_c_s: supplied by vdd_1v8_gen
[    0.425624] vdd_ddr_hs: 1000 mV 
[    0.425653] vdd_ddr_hs: supplied by vdd_1v8_gen
[    0.426007] Linux video capture interface: v2.00
[    0.426459] platform 7000f010.iommu: Driver tegra-smmu requests probe deferral
[    0.426689] Advanced Linux Sound Architecture Driver Initialized.
[    0.427272] Bluetooth: Core ver 2.16
[    0.427334] NET: Registered protocol family 31
[    0.427339] Bluetooth: HCI device and connection manager initialized
[    0.427358] Bluetooth: HCI socket layer initialized
[    0.427372] Bluetooth: L2CAP socket layer initialized
[    0.427409] Bluetooth: SCO socket layer initialized
[    0.427897] cfg80211: Calling CRDA to update world regulatory domain
[    0.428626] Switched to clocksource timer_us
[    0.438025] NET: Registered protocol family 2
[    0.438735] TCP established hash table entries: 8192 (order: 4, 65536 bytes)
[    0.438825] TCP bind hash table entries: 8192 (order: 4, 65536 bytes)
[    0.438897] TCP: Hash tables configured (established 8192 bind 8192)
[    0.439363] TCP: reno registered
[    0.439377] UDP hash table entries: 512 (order: 2, 16384 bytes)
[    0.439437] UDP-Lite hash table entries: 512 (order: 2, 16384 bytes)
[    0.439802] NET: Registered protocol family 1
[    0.440398] RPC: Registered named UNIX socket transport module.
[    0.440405] RPC: Registered udp transport module.
[    0.440408] RPC: Registered tcp transport module.
[    0.440413] RPC: Registered tcp NFSv4.1 backchannel transport module.
[    0.440421] PCI: CLS 0 bytes, default 64
[    0.441336] hw perfevents: enabled with ARMv7 Cortex-A9 PMU driver, 7 counters available
[    0.443586] bounce pool size: 64 pages
[    0.444717] squashfs: version 4.0 (2009/01/31) Phillip Lougher
[    0.445367] msgmni has been set to 1468
[    0.446463] io scheduler noop registered (default)
[    0.447047] tegra-pcie 3000.pcie-controller: dummy supplies not allowed
[    0.447099] platform 3000.pcie-controller: Driver tegra-pcie requests probe deferral
[    0.450750] tegra-apbdma 6000a000.dma: Tegra20 APB DMA driver register 32 channels
[    0.451165] Serial: 8250/16550 driver, 4 ports, IRQ sharing disabled
[    0.452454] 70006000.serial: ttyS0 at MMIO 0x70006000 (irq = 68, base_baud = 25500000) is a Tegra
[    0.863283] console [ttyS0] enabled
[    0.865649] [drm] Initialized drm 1.1.0 20060810
[    0.869153] tegra-hdmi 54280000.hdmi: dummy supplies not allowed
[    0.872169] tegra-hdmi 54280000.hdmi: failed to get VDD regulator
[    0.875233] platform 54280000.hdmi: Driver tegra-hdmi requests probe deferral
[    0.882365] loop: module loaded
[    0.886684] m25p80 spi32766.1: w25q32 (4096 Kbytes)
[    0.890288] pegasus: v0.9.3 (2013/04/25), Pegasus/Pegasus II USB Ethernet driver
[    0.894088] usbcore: registered new interface driver pegasus
[    0.896986] usbcore: registered new interface driver asix
[    0.899757] usbcore: registered new interface driver ax88179_178a
[    0.902860] usbcore: registered new interface driver cdc_ether
[    0.905830] usbcore: registered new interface driver r815x
[    0.908655] usbcore: registered new interface driver smsc75xx
[    0.911612] usbcore: registered new interface driver smsc95xx
[    0.914547] usbcore: registered new interface driver net1080
[    0.917433] usbcore: registered new interface driver cdc_subset
[    0.920459] usbcore: registered new interface driver zaurus
[    0.923325] usbcore: registered new interface driver cdc_ncm
[    0.926198] ehci_hcd: USB 2.0 'Enhanced' Host Controller (EHCI) Driver
[    0.929482] ehci-pci: EHCI PCI platform driver
[    0.931762] tegra-ehci: Tegra EHCI driver
[    0.933935] platform 7d008000.usb: Driver tegra-ehci requests probe deferral
[    0.937679] usbcore: registered new interface driver cdc_acm
[    0.940530] cdc_acm: USB Abstract Control Model driver for USB modems and ISDN adapters
[    0.944594] usbcore: registered new interface driver cdc_wdm
[    0.947491] usbcore: registered new interface driver usb-storage
[    0.952154] mousedev: PS/2 mouse device common for all mice
[    0.955966] tegra_rtc 7000e000.rtc: rtc core: registered 7000e000.rtc as rtc0
[    0.959587] tegra_rtc 7000e000.rtc: Tegra internal Real Time Clock
[    0.975590] tps65910-rtc tps65910-rtc: rtc core: registered tps65910-rtc as rtc1
[    0.980593] sdhci: Secure Digital Host Controller Interface driver
[    0.983692] sdhci: Copyright(c) Pierre Ossman
[    0.985875] sdhci-pltfm: SDHCI platform and OF driver helper
[    0.989049] sdhci-tegra 78000000.sdhci: Got CD GPIO #69.
[    0.991728] sdhci-tegra 78000000.sdhci: Got WP GPIO #155.
[    0.995492] sdhci-tegra 78000000.sdhci: dummy supplies not allowed
[    0.998592] mmc0: no vqmmc regulator found
[    1.000670] sdhci-tegra 78000000.sdhci: dummy supplies not allowed
[    1.003771] mmc0: no vmmc regulator found
[    1.005782] mmc0: Invalid maximum block size, assuming 512 bytes
[    1.048639] mmc0: SDHCI controller on 78000000.sdhci [78000000.sdhci] using ADMA
[    1.053472] sdhci-tegra 78000600.sdhci: dummy supplies not allowed
[    1.056573] mmc1: no vqmmc regulator found
[    1.058643] sdhci-tegra 78000600.sdhci: dummy supplies not allowed
[    1.061743] mmc1: no vmmc regulator found
[    1.063753] mmc1: Invalid maximum block size, assuming 512 bytes
[    1.108636] mmc1: SDHCI controller on 78000600.sdhci [78000600.sdhci] using ADMA
[    1.115124] usbcore: registered new interface driver usbhid
[    1.119965] usbhid: USB HID core driver
[    1.267050] mmc1: new high speed MMC card at address 0001
[    1.270197] mmcblk0: mmc1:0001 SEM16G 14.8 GiB 
[    1.272706] mmcblk0boot0: mmc1:0001 SEM16G partition 1 1.00 MiB
[    1.275917] mmcblk0boot1: mmc1:0001 SEM16G partition 2 1.00 MiB
[    1.279115] mmcblk0rpmb: mmc1:0001 SEM16G partition 3 128 KiB
[    1.286133] Primary GPT is invalid, using alternate GPT.
[    1.288832]  mmcblk0: p1 p2 p3 p4 p5
[    1.294784]  mmcblk0boot1: unknown partition table
[    1.300148]  mmcblk0boot0: unknown partition table
[    1.547174] tegra-snd-rt5640 sound.4:  rt5640-aif1 <-> 70080400.i2s mapping ok
[    1.553751] input: NVIDIA Tegra Beaver Headphones as /devices/soc0/sound.4/sound/card0/input0
[    1.559236] TCP: cubic registered
[    1.561086] NET: Registered protocol family 10
[    1.564350] mip6: Mobile IPv6
[    1.565845] sit: IPv6 over IPv4 tunneling driver
[    1.569360] NET: Registered protocol family 17
[    1.571621] NET: Registered protocol family 15
[    1.574008] Bluetooth: RFCOMM socket layer initialized
[    1.576587] Bluetooth: RFCOMM ver 1.11
[    1.578467] Bluetooth: BNEP (Ethernet Emulation) ver 1.3
[    1.581162] Bluetooth: BNEP socket layer initialized
[    1.583652] Bluetooth: HIDP (Human Interface Emulation) ver 1.2
[    1.586632] Bluetooth: HIDP socket layer initialized
[    1.589551] Registering SWP/SWPB emulation handler
[    1.592436] vdd_sata,avdd_plle: disabling
[    1.596131] chargepump_5v: 5000 mV 
[    1.599400] vdd_ddr: 1500 mV 
[    1.600926] vdd_ddr: supplied by vdd_5v_in
[    1.604159] sys_3v3,vdd_3v3_alw: 3300 mV 
[    1.606192] sys_3v3,vdd_3v3_alw: supplied by vdd_5v_in
[    1.609018] sys_3v3_pexs: 3300 mV 
[    1.610745] sys_3v3_pexs: supplied by sys_3v3,vdd_3v3_alw
[    1.613938] tegra-pcie 3000.pcie-controller: 2x3 configuration
[    1.621208] tegra-pcie 3000.pcie-controller: probing port 0, using 2 lanes
[    1.678955] tegra-pcie 3000.pcie-controller: probing port 2, using 2 lanes
[    2.086539] tegra-pcie 3000.pcie-controller: link 2 down, retrying
[    2.493899] tegra-pcie 3000.pcie-controller: link 2 down, retrying
[    2.901137] tegra-pcie 3000.pcie-controller: link 2 down, retrying
[    2.906251] tegra-pcie 3000.pcie-controller: link 2 down, ignoring
[    2.909539] tegra-pcie 3000.pcie-controller: PCI host bridge to bus 0000:00
[    2.913036] pci_bus 0000:00: root bus resource [mem 0x20000000-0x27ffffff]
[    2.916486] pci_bus 0000:00: root bus resource [mem 0x28000000-0x3fffffff pref]
[    2.920170] pci_bus 0000:00: root bus resource [bus 00-ff]
[    2.922924] pci_bus 0000:00: root bus resource [io  0x1000-0xffff]
[    2.926052] pci 0000:00:01.0: [10de:0e1c] type 01 class 0x060400
[    2.929126] pci 0000:00:01.0: PME# supported from D0 D1 D2 D3hot D3cold
[    2.932615] PCI: bus0: Fast back to back transfers disabled
[    2.935413] pci 0000:00:01.0: bridge configuration invalid ([bus 00-00]), reconfiguring
[    2.939601] pci 0000:01:00.0: [10ec:8168] type 00 class 0x020000
[    2.942634] pci 0000:01:00.0: reg 0x10: [io  0x0000-0x00ff]
[    2.945442] pci 0000:01:00.0: reg 0x18: [mem 0x00000000-0x00000fff 64bit pref]
[    2.949087] pci 0000:01:00.0: reg 0x20: [mem 0x00000000-0x00003fff 64bit pref]
[    2.952756] pci 0000:01:00.0: supports D1 D2
[    2.954899] pci 0000:01:00.0: PME# supported from D0 D1 D2 D3hot D3cold
[    2.968654] PCI: bus1: Fast back to back transfers disabled
[    2.971454] pci_bus 0000:01: busn_res: [bus 01-ff] end is updated to 01
[    2.974810] pci 0000:00:01.0: BAR 9: assigned [mem 0x28000000-0x280fffff 64bit pref]
[    2.978707] pci 0000:00:01.0: BAR 7: assigned [io  0x1000-0x1fff]
[    2.981770] pci 0000:01:00.0: BAR 4: assigned [mem 0x28000000-0x28003fff 64bit pref]
[    2.985663] pci 0000:01:00.0: BAR 2: assigned [mem 0x28004000-0x28004fff 64bit pref]
[    2.989563] pci 0000:01:00.0: BAR 0: assigned [io  0x1000-0x10ff]
[    2.992624] pci 0000:00:01.0: PCI bridge to [bus 01]
[    2.995115] pci 0000:00:01.0:   bridge window [io  0x1000-0x1fff]
[    2.998173] pci 0000:00:01.0:   bridge window [mem 0x28000000-0x280fffff 64bit pref]
[    3.002079] pci 0000:00:01.0: nv_msi_ht_cap_quirk didn't locate host bridge
[    3.005747] r8169 Gigabit Ethernet driver 2.3LK-NAPI loaded
[    3.008593] PCI: enabling device 0000:01:00.0 (0140 -> 0143)
[    3.012268] r8169 0000:01:00.0 eth0: RTL8168evl/8111evl at 0xf0022000, 02:04:4b:01:60:a6, XID 0c900800 IRQ 472
[    3.017287] r8169 0000:01:00.0 eth0: jumbo features [frames: 9200 bytes, tx checksumming: ko]
[    3.023386] [drm] Supports vblank timestamp caching Rev 1 (10.10.2010).
[    3.026708] [drm] No driver support for vblank timestamp query.
[    3.029858] tegra-host1x 50000000.host1x: No connectors reported connected with modes
[    3.033795] [drm] Cannot find any crtc or sizes - going 1024x768
[    3.052952] Console: switching to colour frame buffer device 128x48
[    3.062163] tegra-host1x 50000000.host1x: fb0:  frame buffer device
[    3.065307] tegra-host1x 50000000.host1x: registered panic notifier
[    3.068457] [drm] Initialized tegra 0.0.0 20120330 on minor 0
[    3.074425] utmi_phy_clk_enable: timeout waiting for phy to stabilize
[    3.077660] tegra-ehci 7d008000.usb: EHCI Host Controller
[    3.080396] tegra-ehci 7d008000.usb: new USB bus registered, assigned bus number 1
[    3.084538] tegra-ehci 7d008000.usb: irq 129, io mem 0x7d008000
[    3.098642] tegra-ehci 7d008000.usb: USB 2.0 started, EHCI 1.00
[    3.102206] hub 1-0:1.0: USB hub found
[    3.104116] hub 1-0:1.0: 1 port detected
[    3.106628] tegra_rtc 7000e000.rtc: setting system clock to 1970-01-01 00:03:49 UTC (229)
[    3.110983] ALSA device list:
[    3.112473]   #0: NVIDIA Tegra Beaver
[    3.208779] kjournald starting.  Commit interval 5 seconds
[    3.210535] EXT3-fs (mmcblk0p1): using internal journal
[    3.212013] EXT3-fs (mmcblk0p1): recovery complete
[    3.212016] EXT3-fs (mmcblk0p1): mounted filesystem with writeback data mode
[    3.212089] VFS: Mounted root (ext3 filesystem) on device 179:1.
[    3.214376] devtmpfs: mounted
[    3.214586] Freeing unused kernel memory: 216K (c07b4000 - c07ea000)
 
INIT: version 2.88 booting
[info] Using makefile-style concurrent boot in runlevel S.
[....] Starting the hotplug events dispatcher: udevd[    4.114522] udevd[178]: starting version 175
[ ok .
[....] Synthesizing the initial hotplug events...[ ok done.
[....] Waiting for /dev to be fully populated...[ ok done.
[....] Activating swap...[ ok done.
[....] Cleaning up temporary files... /tmp[ ok .
[....] Activating lvm and md swap...[ ok done.
[....] Checking file systems...fsck from util-linux 2.20.1
[ ok done.
[....] Mounting local filesystems...[ ok done.
[....] Activating swapfile swap...[ ok done.
[....] Cleaning up temporary files...[ ok .
[....] Setting kernel variables ...[ ok done.
[....] Configuring network interfaces...[ ok done.
[....] Starting rpcbind daemon...[ ok .
[....] Starting NFS common utilities: statd idmapd[FAIL failed!
[....] Cleaning up temporary files...[ ok .
[....] Starting network benchmark server[ ok .
[....] startpar: service(s) returned failure: nfs-common ...[FAIL failed!
INIT: Entering runlevel: 2
[info] Using makefile-style concurrent boot in runlevel 2.
[....] Starting network benchmark server[FAIL failed!
[....] Starting rpcbind daemon...[....] Already running.[ ok .
[....] Starting NFS common utilities: statd idmapd[FAIL failed!
[....] Starting system message bus: dbus[ ok [....] startpar: service(s) returned failure: nfs-common ...[FAIL failed!

Debian GNU/Linux wheezy/sid armel ttyS0

armel login: 