
U-Boot SPL 2016.05-rc2 (Apr 21 2016 - 16:23:00)
Trying to boot from RAM


U-Boot 2016.05-rc2 (Apr 21 2016 - 16:23:00 -0700)

TEGRA124
Model: NVIDIA Jetson TK1
Board: NVIDIA Jetson TK1
DRAM:  2 GiB
MC:   Tegra SD/MMC: 0, Tegra SD/MMC: 1
In:    serial
Out:   serial
Err:   serial
Net:   No ethernet found.
Hit any key to stop autoboot:  2  0 
Tegra124 (Jetson TK1) # 
Tegra124 (Jetson TK1) # pci enum
Tegra124 (Jetson TK1) # setenv bootargs 'ignore_loglevel console=ttyS0,115200n8 rw root=PARTUUID=b1791faa-84e8-4e27-83a1-9fb0a77e8803 rootwait gpt debug noinitrd earlyprintk init=/bin/bash'
Tegra124 (Jetson TK1) # setenv ipaddr 192.168.100.102; setenv serverip 192.168.100.1; setenv tftpserverip 192.168.100.1
Tegra124 (Jetson TK1) # tftpboot 0x82000000 zImage.multi_v7_defconfig

Warning: eth_rtl8169 using MAC address from ROM
Using eth_rtl8169 device
TFTP from server 192.168.100.1; our IP address is 192.168.100.102
Filename 'zImage.multi_v7_defconfig'.
Load address: 0x82000000
Loading: *#################################################################
	 #################################################################
	 #################################################################
	 #################################################################
	 #################################################################
	 #################################################################
	 #################################################################
	 #################################################################
	 ###########################
	 3.9 MiB/s
done
Bytes transferred = 8016272 (7a5190 hex)
Tegra124 (Jetson TK1) # tftpboot 0x83000000 tegra124-jetson-tk1.dtb
Using eth_rtl8169 device
TFTP from server 192.168.100.1; our IP address is 192.168.100.102
Filename 'tegra124-jetson-tk1.dtb'.
Load address: 0x83000000
Loading: *#####
	 3.8 MiB/s
done
Bytes transferred = 67161 (10659 hex)
Tegra124 (Jetson TK1) # bootz 0x82000000 - 0x83000000
Kernel image @ 0x82000000 [ 0x000000 - 0x7a5190 ]
## Flattened Device Tree blob at 83000000
   Booting using the fdt blob at 0x83000000
   Using Device Tree in place at 83000000, end 83013658

Starting kernel ...

[    0.000000] Booting Linux on physical CPU 0x0
[    0.000000] Linux version 4.13.0-rc1-next-20170720-187076-gf80addb (jonathanh@sellafield) (gcc version 4.7.3 20130328 (prerelease) (crosstool-NG linaro-1.13.1-4.7-2013.04-20130415 - Linaro GCC 2013.04)) #1 SMP Wed Jul 19 22:28:18 PDT 2017
[    0.000000] CPU: ARMv7 Processor [413fc0f3] revision 3 (ARMv7), cr=10c5387d
[    0.000000] CPU: div instructions available: patching division code
[    0.000000] CPU: PIPT / VIPT nonaliasing data cache, PIPT instruction cache
[    0.000000] OF: fdt: Machine model: NVIDIA Tegra124 Jetson TK1
[    0.000000] debug: ignoring loglevel setting.
[    0.000000] Memory policy: Data cache writealloc
[    0.000000] efi: Getting EFI parameters from FDT:
[    0.000000] efi: UEFI not found.
[    0.000000] cma: Reserved 64 MiB at 0xfb800000
[    0.000000] On node 0 totalpages: 524032
[    0.000000] free_area_init_node: node 0, pgdat c157ed80, node_mem_map eeff8000
[    0.000000]   DMA zone: 1536 pages used for memmap
[    0.000000]   DMA zone: 0 pages reserved
[    0.000000]   DMA zone: 196608 pages, LIFO batch:31
[    0.000000]   HighMem zone: 327424 pages, LIFO batch:31
[    0.000000] percpu: Embedded 17 pages/cpu @eef81000 s39360 r8192 d22080 u69632
[    0.000000] pcpu-alloc: s39360 r8192 d22080 u69632 alloc=17*4096
[    0.000000] pcpu-alloc: [0] 0 [0] 1 [0] 2 [0] 3 
[    0.000000] Built 1 zonelists in Zone order, mobility grouping on.  Total pages: 522496
[    0.000000] Kernel command line: ignore_loglevel console=ttyS0,115200n8 rw root=PARTUUID=b1791faa-84e8-4e27-83a1-9fb0a77e8803 rootwait gpt debug noinitrd earlyprintk init=/bin/bash
[    0.000000] PID hash table entries: 4096 (order: 2, 16384 bytes)
[    0.000000] Dentry cache hash table entries: 131072 (order: 7, 524288 bytes)
[    0.000000] Inode-cache hash table entries: 65536 (order: 6, 262144 bytes)
[    0.000000] Memory: 1993428K/2096128K available (10240K kernel code, 1562K rwdata, 4460K rodata, 2048K init, 402K bss, 37164K reserved, 65536K cma-reserved, 1244160K highmem)
[    0.000000] Virtual kernel memory layout:
[    0.000000]     vector  : 0xffff0000 - 0xffff1000   (   4 kB)
[    0.000000]     fixmap  : 0xffc00000 - 0xfff00000   (3072 kB)
[    0.000000]     vmalloc : 0xf0800000 - 0xff800000   ( 240 MB)
[    0.000000]     lowmem  : 0xc0000000 - 0xf0000000   ( 768 MB)
[    0.000000]     pkmap   : 0xbfe00000 - 0xc0000000   (   2 MB)
[    0.000000]     modules : 0xbf000000 - 0xbfe00000   (  14 MB)
[    0.000000]       .text : 0xc0208000 - 0xc0d00000   (11232 kB)
[    0.000000]       .init : 0xc1200000 - 0xc1400000   (2048 kB)
[    0.000000]       .data : 0xc1400000 - 0xc1586ba0   (1563 kB)
[    0.000000]        .bss : 0xc158fcb0 - 0xc15f46fc   ( 403 kB)
[    0.000000] SLUB: HWalign=64, Order=0-3, MinObjects=0, CPUs=4, Nodes=1
[    0.000000] Hierarchical RCU implementation.
[    0.000000] 	RCU event tracing is enabled.
[    0.000000] 	RCU restricting CPUs from NR_CPUS=16 to nr_cpu_ids=4.
[    0.000000] RCU: Adjusting geometry for rcu_fanout_leaf=16, nr_cpu_ids=4
[    0.000000] NR_IRQS: 16, nr_irqs: 16, preallocated irqs: 16
[    0.000000] /interrupt-controller@60004000: 160 interrupts forwarded to /interrupt-controller@50041000
[    0.000000] Tegra clk 127: register failed with -17
[    0.000008] sched_clock: 32 bits at 1000kHz, resolution 1000ns, wraps every 2147483647500ns
[    0.000027] clocksource: timer_us: mask: 0xffffffff max_cycles: 0xffffffff, max_idle_ns: 1911260446275 ns
[    0.000042] Switching to timer-based delay loop, resolution 1000ns
[    0.005094] arch_timer: cp15 timer(s) running at 12.00MHz (virt).
[    0.005114] clocksource: arch_sys_counter: mask: 0xffffffffffffff max_cycles: 0x2c47f4ee7, max_idle_ns: 440795202497 ns
[    0.005135] sched_clock: 56 bits at 12MHz, resolution 83ns, wraps every 4398046511096ns
[    0.005149] Switching to timer-based delay loop, resolution 83ns
[    0.005630] Console: colour dummy device 80x30
[    0.005659] Calibrating delay loop (skipped), value calculated using timer frequency.. 24.00 BogoMIPS (lpj=120000)
[    0.005678] pid_max: default: 32768 minimum: 301
[    0.005768] Mount-cache hash table entries: 2048 (order: 1, 8192 bytes)
[    0.005783] Mountpoint-cache hash table entries: 2048 (order: 1, 8192 bytes)
[    0.006243] CPU: Testing write buffer coherency: ok
[    0.006486] /cpus/cpu@0 missing clock-frequency property
[    0.006530] /cpus/cpu@1 missing clock-frequency property
[    0.006573] /cpus/cpu@2 missing clock-frequency property
[    0.006618] /cpus/cpu@3 missing clock-frequency property
[    0.006632] CPU0: thread -1, cpu 0, socket 0, mpidr 80000000
[    0.006923] Setting up static identity map for 0x80300000 - 0x803000a0
[    0.008891] Hierarchical SRCU implementation.
[    0.010758] Tegra Revision: A01 SKU: 129 CPU Process: 1 SoC Process: 1
[    0.011509] EFI services will not be available.
[    0.011656] smp: Bringing up secondary CPUs ...
[    0.012128] CPU1: thread -1, cpu 1, socket 0, mpidr 80000001
[    0.015502] CPU2: thread -1, cpu 2, socket 0, mpidr 80000002
[    0.025540] CPU3: thread -1, cpu 3, socket 0, mpidr 80000003
[    0.035074] smp: Brought up 1 node, 4 CPUs
[    0.035097] SMP: Total of 4 processors activated (96.00 BogoMIPS).
[    0.035106] CPU: All CPU(s) started in SVC mode.
[    0.036628] devtmpfs: initialized
[    0.053147] VFP support v0.3: implementor 41 architecture 4 part 30 variant f rev 0
[    0.053561] clocksource: jiffies: mask: 0xffffffff max_cycles: 0xffffffff, max_idle_ns: 19112604462750000 ns
[    0.053580] futex hash table entries: 1024 (order: 4, 65536 bytes)
[    0.055007] pinctrl core: initialized pinctrl subsystem
[    0.056684] DMI not present or invalid.
[    0.056858] random: get_random_u32 called from bucket_table_alloc+0xe8/0x254 with crng_init=0
[    0.056951] NET: Registered protocol family 16
[    0.059051] DMA: preallocated 256 KiB pool for atomic coherent allocations
[    0.061748] cpuidle: using governor menu
[    0.089138] No ATAGs?
[    0.089260] hw-breakpoint: found 5 (+1 reserved) breakpoint and 4 watchpoint registers.
[    0.089276] hw-breakpoint: maximum watchpoint size is 8 bytes.
[    0.096598] Serial: AMBA PL011 UART driver
[    0.114136] AT91: Could not find identification node
[    0.114717] +5V_SYS: supplied by +VDD_MUX
[    0.115011] +3.3V_SYS: supplied by +VDD_MUX
[    0.115707] +USB0_VBUS_SW: Failed to request enable GPIO108: -517
[    0.115723] reg-fixed-voltage regulators:regulator@7: Failed to register regulator: -517
[    0.115828] +5V_USB_HS: Failed to request enable GPIO109: -517
[    0.115843] reg-fixed-voltage regulators:regulator@8: Failed to register regulator: -517
[    0.116037] +1.05V_RUN_AVDD_HDMI_PLL: Failed to request enable GPIO63: -517
[    0.116052] reg-fixed-voltage regulators:regulator@11: Failed to register regulator: -517
[    0.116153] +5V_HDMI_CON: Failed to request enable GPIO86: -517
[    0.116167] reg-fixed-voltage regulators:regulator@12: Failed to register regulator: -517
[    0.116269] +5V_SATA: Failed to request enable GPIO242: -517
[    0.116283] reg-fixed-voltage regulators:regulator@13: Failed to register regulator: -517
[    0.116383] +12V_SATA: Failed to request enable GPIO242: -517
[    0.116397] reg-fixed-voltage regulators:regulator@14: Failed to register regulator: -517
[    0.119404] vgaarb: loaded
[    0.120207] SCSI subsystem initialized
[    0.120375] libata version 3.00 loaded.
[    0.120622] usbcore: registered new interface driver usbfs
[    0.120682] usbcore: registered new interface driver hub
[    0.120744] usbcore: registered new device driver usb
[    0.124325] pps_core: LinuxPPS API ver. 1 registered
[    0.124336] pps_core: Software ver. 5.3.6 - Copyright 2005-2007 Rodolfo Giometti <giometti@linux.it>
[    0.124359] PTP clock support registered
[    0.124550] EDAC MC: Ver: 3.0.0
[    0.124881] dmi: Firmware registration failed.
[    0.127551] clocksource: Switched to clocksource arch_sys_counter
[    0.181948] NET: Registered protocol family 2
[    0.182425] TCP established hash table entries: 8192 (order: 3, 32768 bytes)
[    0.182527] TCP bind hash table entries: 8192 (order: 4, 65536 bytes)
[    0.182716] TCP: Hash tables configured (established 8192 bind 8192)
[    0.182796] UDP hash table entries: 512 (order: 2, 16384 bytes)
[    0.182843] UDP-Lite hash table entries: 512 (order: 2, 16384 bytes)
[    0.182990] NET: Registered protocol family 1
[    0.183314] RPC: Registered named UNIX socket transport module.
[    0.183325] RPC: Registered udp transport module.
[    0.183334] RPC: Registered tcp transport module.
[    0.183343] RPC: Registered tcp NFSv4.1 backchannel transport module.
[    0.183356] PCI: CLS 0 bytes, default 64
[    0.184792] hw perfevents: enabled with armv7_cortex_a15 PMU driver, 7 counters available
[    0.186557] workingset: timestamp_bits=30 max_order=19 bucket_order=0
[    0.195179] squashfs: version 4.0 (2009/01/31) Phillip Lougher
[    0.195922] NFS: Registering the id_resolver key type
[    0.195957] Key type id_resolver registered
[    0.195966] Key type id_legacy registered
[    0.196007] ntfs: driver 2.1.32 [Flags: R/O].
[    0.196684] random: fast init done
[    0.197661] bounce: pool size: 64 pages
[    0.197707] Block layer SCSI generic (bsg) driver version 0.4 loaded (major 248)
[    0.197718] io scheduler noop registered
[    0.197728] io scheduler deadline registered
[    0.197898] io scheduler cfq registered (default)
[    0.197909] io scheduler mq-deadline registered
[    0.197919] io scheduler kyber registered
[    0.201591]  usb2-0: usb2-0 supply vbus not found, using dummy regulator
[    0.201703]  usb2-1: usb2-1 supply vbus not found, using dummy regulator
[    0.202174] tegra-xusb-padctl 7009f000.padctl: failed to setup XUSB ports: -517
[    0.220930] tegra-pcie 1003000.pcie: 2x1, 1x1 configuration
[    0.220985] tegra-pcie 1003000.pcie: Failed to get supply 'avddio-pex': -517
[    0.227097] tegra124-dfll 70110000.clock: couldn't get vdd_cpu regulator
[    0.234375] tegra-apbdma 60020000.dma: Tegra20 APB DMA driver register 32 channels
[    0.237005] tegra-pmc 7000e400.pmc: emergency thermal reset enabled
[    0.290209] Serial: 8250/16550 driver, 4 ports, IRQ sharing disabled
[    0.292861] console [ttyS0] disabled
[    0.292902] 70006300.serial: ttyS0 at MMIO 0x70006300 (irq = 335, base_baud = 25500000) is a Tegra
[    1.208715] console [ttyS0] enabled
[    1.213051] SuperH (H)SCI(F) driver initialized
[    1.218694] msm_serial: driver initialized
[    1.222971] STMicroelectronics ASC driver initialized
[    1.228916] 70006000.serial: ttyTHS1 at MMIO 0x70006000 (irq = 333, base_baud = 0) is a TEGRA_UART
[    1.238186] 70006040.serial: ttyTHS2 at MMIO 0x70006040 (irq = 334, base_baud = 0) is a TEGRA_UART
[    1.252405] tegra-hdmi 54280000.hdmi: failed to get HDMI regulator
[    1.270433] brd: module loaded
[    1.280030] loop: module loaded
[    1.284383] at24 0-0056: 256 byte 24c02 EEPROM, writable, 8 bytes/write
[    1.292768] as3722 4-0040: AS3722 with revision 0x1 found
[    1.304843] as3722-sd2: supplied by +5V_SYS
[    1.309496] as3722-sd3: supplied by +5V_SYS
[    1.313884] +1.35V_LP0(sd3): Bringing 0uV into 1350000-1350000uV
[    1.320284] as3722-sd4: supplied by +5V_SYS
[    1.324911] as3722-sd5: supplied by +5V_SYS
[    1.330965] as3722-ldo0: supplied by +1.35V_LP0(sd2)
[    1.337036] +1.8V_RUN_CAM: Bringing 0uV into 1800000-1800000uV
[    1.343278] as3722-ldo2: supplied by +1.8V_VDDIO
[    1.349196] as3722-ldo3: supplied by +3.3V_SYS
[    1.353683] +1.05V_LP0_VDD_RTC: Bringing 1100000uV into 1000000-1000000uV
[    1.361478] as3722-ldo4: supplied by +3.3V_SYS
[    1.366134] +2.8V_RUN_CAM: Bringing 0uV into 2800000-2800000uV
[    1.372344] as3722-ldo5: supplied by +1.8V_VDDIO
[    1.377169] +1.2V_RUN_CAM_FRONT: Bringing 0uV into 1200000-1200000uV
[    1.384111] +VDDIO_SDMMC3: bypassed regulator has no supply!
[    1.389784] +VDDIO_SDMMC3: failed to get the current voltage(-517)
[    1.395960] as3722-regulator as3722-regulator: regulator 13 register failed -517
[    1.409370] tegra-ahci 70027000.sata: couldn't get PHY in node sata: -517
[    1.432058] m25p80 spi32765.0: w25q32dw (4096 Kbytes)
[    1.439851] libphy: Fixed MDIO Bus: probed
[    1.445080] CAN device driver interface
[    1.449874] bgmac_bcma: Broadcom 47xx GBit MAC driver loaded
[    1.456918] e1000e: Intel(R) PRO/1000 Network Driver - 3.2.6-k
[    1.462842] e1000e: Copyright(c) 1999 - 2015 Intel Corporation.
[    1.468834] igb: Intel(R) Gigabit Ethernet Network Driver - version 5.4.0-k
[    1.475784] igb: Copyright (c) 2007-2014 Intel Corporation.
[    1.485308] pegasus: v0.9.3 (2013/04/25), Pegasus/Pegasus II USB Ethernet driver
[    1.492765] usbcore: registered new interface driver pegasus
[    1.498480] usbcore: registered new interface driver asix
[    1.503908] usbcore: registered new interface driver ax88179_178a
[    1.510047] usbcore: registered new interface driver cdc_ether
[    1.515929] usbcore: registered new interface driver smsc75xx
[    1.521733] usbcore: registered new interface driver smsc95xx
[    1.527511] usbcore: registered new interface driver net1080
[    1.533218] usbcore: registered new interface driver cdc_subset
[    1.539176] usbcore: registered new interface driver zaurus
[    1.544798] usbcore: registered new interface driver cdc_ncm
[    1.550699] tegra-phy 7d004000.usb-phy: no vbus regulator
[    1.558202] ehci_hcd: USB 2.0 'Enhanced' Host Controller (EHCI) Driver
[    1.564722] ehci-pci: EHCI PCI platform driver
[    1.569220] ehci-platform: EHCI generic platform driver
[    1.574652] ehci-orion: EHCI orion driver
[    1.578836] SPEAr-ehci: EHCI SPEAr driver
[    1.582984] ehci-st: EHCI STMicroelectronics driver
[    1.588024] ehci-exynos: EHCI EXYNOS driver
[    1.592365] ehci-atmel: EHCI Atmel driver
[    1.596507] tegra-ehci: Tegra EHCI driver
[    1.603367] tegra-ehci 7d004000.usb: EHCI Host Controller
[    1.608802] tegra-ehci 7d004000.usb: new USB bus registered, assigned bus number 1
[    1.616566] tegra-ehci 7d004000.usb: irq 354, io mem 0x7d004000
[    1.647571] tegra-ehci 7d004000.usb: USB 2.0 started, EHCI 1.10
[    1.654296] hub 1-0:1.0: USB hub found
[    1.658097] hub 1-0:1.0: 1 port detected
[    1.662587] ohci_hcd: USB 1.1 'Open' Host Controller (OHCI) Driver
[    1.668806] ohci-pci: OHCI PCI platform driver
[    1.673285] ohci-platform: OHCI generic platform driver
[    1.678721] SPEAr-ohci: OHCI SPEAr driver
[    1.682868] ohci-st: OHCI STMicroelectronics driver
[    1.687894] ohci-atmel: OHCI Atmel driver
[    1.692688] usbcore: registered new interface driver usb-storage
[    1.703300] as3722-rtc as3722-rtc: rtc core: registered as3722-rtc as rtc0
[    1.710201] as3722-rtc as3722-rtc: RTC interrupt 377
[    1.718626] tegra_rtc 7000e000.rtc: rtc core: registered 7000e000.rtc as rtc1
[    1.725786] tegra_rtc 7000e000.rtc: Tegra internal Real Time Clock
[    1.732518] i2c /dev entries driver
[    1.743089] lm90 0-004c: 0-004c supply vcc not found, using dummy regulator
[    1.760690] sdhci: Secure Digital Host Controller Interface driver
[    1.766862] sdhci: Copyright(c) Pierre Ossman
[    1.772882] Synopsys Designware Multimedia Card Interface Driver
[    1.780254] sdhci-pltfm: SDHCI platform and OF driver helper
[    1.786714] sdhci-tegra 700b0400.sdhci: Got CD GPIO
[    1.791624] sdhci-tegra 700b0400.sdhci: Got WP GPIO
[    1.812865] mmc0: Unknown controller version (3). You may experience problems.
[    1.820141] mmc0: Invalid maximum block size, assuming 512 bytes
[    1.887571] mmc0: SDHCI controller on 700b0600.sdhci [700b0600.sdhci] using ADMA
[    1.896907] ledtrig-cpu: registered to indicate activity on CPUs
[    1.903248] usbcore: registered new interface driver usbhid
[    1.908832] usbhid: USB HID core driver
[    1.916852] NET: Registered protocol family 10
[    1.922171] Segment Routing with IPv6
[    1.925882] sit: IPv6, IPv4 and MPLS over IPv4 tunneling driver
[    1.932394] NET: Registered protocol family 17
[    1.936839] can: controller area network core (rev 20170425 abi 9)
[    1.943084] NET: Registered protocol family 29
[    1.947522] can: raw protocol (rev 20170425)
[    1.951807] can: broadcast manager protocol (rev 20170425 t)
[    1.957462] can: netlink gateway (rev 20170425) max_hops=1
[    1.963268] Key type dns_resolver registered
[    1.968135] ThumbEE CPU extension supported.
[    1.972407] Registering SWP/SWPB emulation handler
[    1.991581] +3.3V_RUN: supplied by +3.3V_SYS
[    1.997061] +USB0_VBUS_SW: supplied by +5V_SYS
[    2.001791] +3.3V_AVDD_HDMI_AP_GATED: supplied by +3.3V_RUN
[    2.007744] +5V_USB_HS: supplied by +5V_SYS
[    2.013597] +3.3V_LP0: supplied by +3.3V_SYS
[    2.020367] +5V_HDMI_CON: supplied by +5V_SYS
[    2.025419] +5V_SATA: supplied by +5V_SYS
[    2.030008] +12V_SATA: supplied by +VDD_MUX
[    2.036311]  usb2-0: usb2-0 supply vbus not found, using dummy regulator
[    2.038341] mmc0: new high speed MMC card at address 0001
[    2.038861] mmcblk0: mmc0:0001 SEM16G 14.7 GiB 
[    2.039106] mmcblk0boot0: mmc0:0001 SEM16G partition 1 4.00 MiB
[    2.039259] mmcblk0boot1: mmc0:0001 SEM16G partition 2 4.00 MiB
[    2.039402] mmcblk0rpmb: mmc0:0001 SEM16G partition 3 4.00 MiB
[    2.044851]  mmcblk0: p1
[    2.073392]  usb2-1: usb2-1 supply vbus not found, using dummy regulator
[    2.080464]  usb3-0: usb3-0 supply vbus not found, using dummy regulator
[    2.088388] tegra-pcie 1003000.pcie: 2x1, 1x1 configuration
[    2.094022] tegra-pcie 1003000.pcie: Failed to get supply 'avddio-pex': -517
[    2.103618] tegra124-dfll 70110000.clock: couldn't get vdd_cpu regulator
[    2.114162] tegra-hdmi 54280000.hdmi: failed to get PLL regulator
[    2.124838] as3722-sd2: supplied by +5V_SYS
[    2.129420] as3722-sd3: supplied by +5V_SYS
[    2.133842] as3722-sd4: supplied by +5V_SYS
[    2.138295] as3722-sd5: supplied by +5V_SYS
[    2.144203] as3722-ldo0: supplied by +1.35V_LP0(sd2)
[    2.150107] as3722-ldo1: supplied by +3.3V_RUN
[    2.154888] as3722-ldo2: supplied by +1.8V_VDDIO
[    2.160462] as3722-ldo3: supplied by +3.3V_SYS
[    2.165764] as3722-ldo4: supplied by +3.3V_SYS
[    2.170501] as3722-ldo5: supplied by +1.8V_VDDIO
[    2.175370] as3722-ldo6: supplied by +3.3V_RUN
[    2.180102] as3722-ldo7: supplied by +1.8V_VDDIO
[    2.185480] +1.05V_RUN_CAM_REAR: Bringing 0uV into 1050000-1050000uV
[    2.192590] as3722-ldo9: supplied by +5V_SYS
[    2.198145] +3.3V_RUN_TOUCH: Bringing 0uV into 2800000-2800000uV
[    2.204882] as3722-ldo10: supplied by +5V_SYS
[    2.210044] +2.8V_RUN_CAM_AF: Bringing 0uV into 2800000-2800000uV
[    2.216877] as3722-ldo11: supplied by +3.3V_RUN
[    2.222214] +1.8V_RUN_VPP_FUSE: Bringing 0uV into 1800000-1800000uV
[    2.231956] tegra-ahci 70027000.sata: AHCI 0001.0301 32 slots 2 ports 3 Gbps 0x1 impl platform mode
[    2.241043] tegra-ahci 70027000.sata: flags: 64bit ncq sntf pm led pio slum part sadm sds apst 
[    2.251060] scsi host0: tegra-ahci
[    2.255106] scsi host1: tegra-ahci
[    2.258959] ata1: SATA max UDMA/133 mmio [mem 0x70027000-0x70028fff] port 0x100 irq 345
[    2.266955] ata2: DUMMY
[    2.272867] tegra-ehci 7d008000.usb: EHCI Host Controller
[    2.278333] tegra-ehci 7d008000.usb: new USB bus registered, assigned bus number 2
[    2.286074] tegra-ehci 7d008000.usb: irq 355, io mem 0x7d008000
[    2.317614] tegra-ehci 7d008000.usb: USB 2.0 started, EHCI 1.10
[    2.324683] hub 2-0:1.0: USB hub found
[    2.328540] hub 2-0:1.0: 1 port detected
[    2.335026] sdhci-tegra 700b0400.sdhci: Got CD GPIO
[    2.339981] sdhci-tegra 700b0400.sdhci: Got WP GPIO
[    2.351778] mmc1: Unknown controller version (3). You may experience problems.
[    2.359115] mmc1: Invalid maximum block size, assuming 512 bytes
[    2.428128] mmc1: SDHCI controller on 700b0400.sdhci [700b0400.sdhci] using ADMA
[    2.436236] tegra-pcie 1003000.pcie: 2x1, 1x1 configuration
[    2.443946] tegra-pcie 1003000.pcie: probing port 0, using 2 lanes
[    2.453672] tegra-pcie 1003000.pcie: Slot present pin change, signature: 00000008
[    2.477875] tegra-pcie 1003000.pcie: probing port 1, using 1 lanes
[    2.486214] tegra-pcie 1003000.pcie: Slot present pin change, signature: 00000000
[    2.500970] tegra-pcie 1003000.pcie: PCI host bridge to bus 0000:00
[    2.507248] pci_bus 0000:00: root bus resource [io  0x0000-0xffff]
[    2.513471] pci_bus 0000:00: root bus resource [mem 0x13000000-0x1fffffff]
[    2.520384] pci_bus 0000:00: root bus resource [mem 0x20000000-0x3fffffff pref]
[    2.527743] pci_bus 0000:00: root bus resource [bus 00-ff]
[    2.533279] pci 0000:00:01.0: [10de:0e12] type 01 class 0x060400
[    2.539341] pci_bus 0000:00: 2-byte config write to 0000:00:01.0 offset 0x4 may corrupt adjacent RW1C bits
[    2.549042] pci_bus 0000:00: 2-byte config write to 0000:00:01.0 offset 0x4 may corrupt adjacent RW1C bits
[    2.558778] pci_bus 0000:00: 2-byte config write to 0000:00:01.0 offset 0x88 may corrupt adjacent RW1C bits
[    2.568581] pci_bus 0000:00: 2-byte config write to 0000:00:01.0 offset 0x52 may corrupt adjacent RW1C bits
[    2.578411] pci 0000:00:01.0: PME# supported from D0 D1 D2 D3hot D3cold
[    2.585037] pci_bus 0000:00: 2-byte config write to 0000:00:01.0 offset 0x4c may corrupt adjacent RW1C bits
[    2.595088] pci 0000:00:02.0: [10de:0e13] type 01 class 0x060400
[    2.601152] pci_bus 0000:00: 2-byte config write to 0000:00:02.0 offset 0x4 may corrupt adjacent RW1C bits
[    2.601273] ata1: SATA link down (SStatus 0 SControl 300)
[    2.616238] pci_bus 0000:00: 2-byte config write to 0000:00:02.0 offset 0x4 may corrupt adjacent RW1C bits
[    2.625971] pci_bus 0000:00: 2-byte config write to 0000:00:02.0 offset 0x88 may corrupt adjacent RW1C bits
[    2.635772] pci_bus 0000:00: 2-byte config write to 0000:00:02.0 offset 0x52 may corrupt adjacent RW1C bits
[    2.645556] pci 0000:00:02.0: PME# supported from D0 D1 D2 D3hot D3cold
[    2.652187] pci_bus 0000:00: 2-byte config write to 0000:00:02.0 offset 0x4c may corrupt adjacent RW1C bits
[    2.662252] PCI: bus0: Fast back to back transfers disabled
[    2.667848] pci 0000:00:01.0: bridge configuration invalid ([bus 00-00]), reconfiguring
[    2.675865] pci 0000:00:02.0: bridge configuration invalid ([bus 00-00]), reconfiguring
[    2.684118] pci 0000:01:00.0: [8086:4232] type 00 class 0x028000
[    2.690214] pci 0000:01:00.0: reg 0x10: [mem 0x00000000-0x00001fff 64bit]
[    2.697212] pci 0000:01:00.0: PME# supported from D0 D3hot D3cold
[    2.718425] mmc1: new high speed SDHC card at address aaaa
[    2.724637] mmcblk1: mmc1:aaaa SD04G 3.69 GiB 
[    2.729444] PCI: bus1: Fast back to back transfers disabled
[    2.735040] pci_bus 0000:01: busn_res: [bus 01-ff] end is updated to 01
[    2.741906] pci 0000:02:00.0: [10ec:8168] type 00 class 0x020000
[    2.747971] pci 0000:02:00.0: reg 0x10: [io  0x0000-0x00ff]
[    2.753568] pci 0000:02:00.0: reg 0x18: [mem 0x00000000-0x00000fff 64bit]
[    2.760386] pci 0000:02:00.0: reg 0x20: [mem 0x00000000-0x00003fff 64bit pref]
[    2.767751] pci 0000:02:00.0: supports D1 D2
[    2.772017] pci 0000:02:00.0: PME# supported from D0 D1 D2 D3hot D3cold
[    2.786354] mmcblk1: error -5 sending stop command, original cmd response 0x900, card status 0x900
[    2.795353] mmcblk1: error -5 transferring data, sector 7744504, nr 8, cmd response 0x900, card status 0x80000b00
[    2.807705] PCI: bus2: Fast back to back transfers disabled
[    2.813293] pci_bus 0000:02: busn_res: [bus 02-ff] end is updated to 02
[    2.820000] pci 0000:00:01.0: BAR 8: assigned [mem 0x13000000-0x130fffff]
[    2.826787] pci 0000:00:02.0: BAR 8: assigned [mem 0x13100000-0x131fffff]
[    2.833589] pci 0000:00:02.0: BAR 9: assigned [mem 0x20000000-0x200fffff 64bit pref]
[    2.841369] pci 0000:00:02.0: BAR 7: assigned [io  0x1000-0x1fff]
[    2.847465] pci 0000:01:00.0: BAR 0: assigned [mem 0x13000000-0x13001fff 64bit]
[    2.854813] pci 0000:00:01.0: PCI bridge to [bus 01]
[    2.859794] pci 0000:00:01.0:   bridge window [mem 0x13000000-0x130fffff]
[    2.866589] pci 0000:02:00.0: BAR 4: assigned [mem 0x20000000-0x20003fff 64bit pref]
[    2.874387] pci 0000:02:00.0: BAR 2: assigned [mem 0x13100000-0x13100fff 64bit]
[    2.881727] pci 0000:02:00.0: BAR 0: assigned [io  0x1000-0x10ff]
[    2.887836] pci 0000:00:02.0: PCI bridge to [bus 02]
[    2.892797] pci 0000:00:02.0:   bridge window [io  0x1000-0x1fff]
[    2.898920] pci 0000:00:02.0:   bridge window [mem 0x13100000-0x131fffff]
[    2.905719] pci 0000:00:02.0:   bridge window [mem 0x20000000-0x200fffff 64bit pref]
[    2.913556] pci 0000:00:01.0: nv_msi_ht_cap_quirk didn't locate host bridge
[    2.920718] pcieport 0000:00:01.0: enabling device (0140 -> 0142)
[    2.927103] pcieport 0000:00:01.0: Signaling PME with IRQ 393
[    2.932989] pci 0000:00:02.0: nv_msi_ht_cap_quirk didn't locate host bridge
[    2.940094] pcieport 0000:00:02.0: enabling device (0140 -> 0143)
[    2.946467] pcieport 0000:00:02.0: Signaling PME with IRQ 394
[    2.952574] r8169 Gigabit Ethernet driver 2.3LK-NAPI loaded
[    2.958209] r8169 0000:02:00.0: enabling device (0140 -> 0143)
[    2.968050]  mmcblk1: p1 p2 p3
[    2.989259] r8169 0000:02:00.0 eth0: RTL8168g/8111g at 0xf0b72000, 00:04:4b:3a:d9:81, XID 0c000800 IRQ 395
[    2.998939] r8169 0000:02:00.0 eth0: jumbo features [frames: 9200 bytes, tx checksumming: ko]
[    3.011356] +1.05V_RUN_AVDD_HDMI_PLL: supplied by +1.05V_RUN
[    3.019279] cpufreq: cpufreq_online: CPU0: Running at unlisted freq: 696000 KHz
[    3.026598] cpufreq: cpufreq_online: CPU0: Unlisted initial frequency changed to: 714000 KHz
[    3.035799] input: gpio-keys as /devices/soc0/gpio-keys/input/input0
[    3.043236] as3722-rtc as3722-rtc: setting system clock to 2000-01-01 00:02:03 UTC (946684923)
[    3.052200] +3.3V_AVDD_HDMI_AP_GATED: disabling
[    3.056722] +USB0_VBUS_SW: disabling
[    3.060317] +1.05V_RUN_AVDD_HDMI_PLL: disabling
[    3.064843] +5V_HDMI_CON: disabling
[    3.068366] +1.8V_RUN_CAM: disabling
[    3.072151] +2.8V_RUN_CAM: disabling
[    3.075932] +1.2V_RUN_CAM_FRONT: disabling
[    3.080310] +1.05V_RUN_CAM_REAR: disabling
[    3.084561] +3.3V_RUN_TOUCH: disabling
[    3.088542] +2.8V_RUN_CAM_AF: disabling
[    3.092529] +1.8V_RUN_VPP_FUSE: disabling
[    3.097588] EXT4-fs (mmcblk0p1): mounting ext3 file system using the ext4 subsystem
[    3.140445] EXT4-fs (mmcblk0p1): recovery complete
[    3.146097] EXT4-fs (mmcblk0p1): mounted filesystem with ordered data mode. Opts: (null)
[    3.154234] VFS: Mounted root (ext3 filesystem) on device 179:1.
[    3.162361] devtmpfs: mounted
[    3.166094] Freeing unused kernel memory: 2048K
bash: cannot set terminal process group (-1): Inappropriate ioctl for device
bash: no job control in this shell
root@(none):/# 