
U-Boot SPL 2016.05-rc2 (Apr 21 2016 - 16:23:00)
Trying to boot from RAM


U-Boot 2016.05-rc2 (Apr 21 2016 - 16:23:00 -0700)

TEGRA124
Model: NVIDIA Jetson TK1
Board: NVIDIA Jetson TK1
DRAM:  2 GiB
MC:   Tegra SD/MMC: 0, Tegra SD/MMC: 1
In:    serial
Out:   serial
Err:   serial
Net:   No ethernet found.
Hit any key to stop autoboot:  2  0 
Tegra124 (Jetson TK1) # 
Tegra124 (Jetson TK1) # pci enum
Tegra124 (Jetson TK1) # setenv bootargs 'ignore_loglevel console=ttyS0,115200n8 rw root=PARTUUID=b1791faa-84e8-4e27-83a1-9fb0a77e8803 rootwait gpt debug noinitrd earlyprintk init=/bin/bash'
Tegra124 (Jetson TK1) # setenv ipaddr 192.168.100.102; setenv serverip 192.168.100.1; setenv tftpserverip 192.168.100.1
Tegra124 (Jetson TK1) # tftpboot 0x82000000 zImage.multi_v7_defconfig

Warning: eth_rtl8169 using MAC address from ROM
Using eth_rtl8169 device
TFTP from server 192.168.100.1; our IP address is 192.168.100.102
Filename 'zImage.multi_v7_defconfig'.
Load address: 0x82000000
Loading: *#################################################################
	 #################################################################
	 #################################################################
	 #################################################################
	 #################################################################
	 #################################################################
	 #################################################################
	 #################################################################
	 #####################################
	 3.9 MiB/s
done
Bytes transferred = 8167936 (7ca200 hex)
Tegra124 (Jetson TK1) # tftpboot 0x83000000 tegra124-jetson-tk1.dtb
Using eth_rtl8169 device
TFTP from server 192.168.100.1; our IP address is 192.168.100.102
Filename 'tegra124-jetson-tk1.dtb'.
Load address: 0x83000000
Loading: *#####
	 3.7 MiB/s
done
Bytes transferred = 66544 (103f0 hex)
Tegra124 (Jetson TK1) # bootz 0x82000000 - 0x83000000
Kernel image @ 0x82000000 [ 0x000000 - 0x7ca200 ]
## Flattened Device Tree blob at 83000000
   Booting using the fdt blob at 0x83000000
   Using Device Tree in place at 83000000, end 830133ef

Starting kernel ...

[    0.000000] Booting Linux on physical CPU 0x0
[    0.000000] Linux version 4.16.0-rc1-next-20180213-350261-g1e4f57256a18 (jonathanh@tamien) (gcc version 4.7.3 20130328 (prerelease) (crosstool-NG linaro-1.13.1-4.7-2013.04-20130415 - Linaro GCC 2013.04)) #1 SMP Wed Feb 14 08:02:59 PST 2018
[    0.000000] CPU: ARMv7 Processor [413fc0f3] revision 3 (ARMv7), cr=10c5387d
[    0.000000] CPU: div instructions available: patching division code
[    0.000000] CPU: PIPT / VIPT nonaliasing data cache, PIPT instruction cache
[    0.000000] OF: fdt: Machine model: NVIDIA Tegra124 Jetson TK1
[    0.000000] debug: ignoring loglevel setting.
[    0.000000] Memory policy: Data cache writealloc
[    0.000000] efi: Getting EFI parameters from FDT:
[    0.000000] efi: UEFI not found.
[    0.000000] cma: Reserved 64 MiB at 0xfb800000
[    0.000000] On node 0 totalpages: 524032
[    0.000000]   DMA zone: 1536 pages used for memmap
[    0.000000]   DMA zone: 0 pages reserved
[    0.000000]   DMA zone: 196608 pages, LIFO batch:31
[    0.000000]   HighMem zone: 327424 pages, LIFO batch:31
[    0.000000] random: fast init done
[    0.000000] percpu: Embedded 17 pages/cpu @(ptrval) s39232 r8192 d22208 u69632
[    0.000000] pcpu-alloc: s39232 r8192 d22208 u69632 alloc=17*4096
[    0.000000] pcpu-alloc: [0] 0 [0] 1 [0] 2 [0] 3 
[    0.000000] Built 1 zonelists, mobility grouping on.  Total pages: 522496
[    0.000000] Kernel command line: ignore_loglevel console=ttyS0,115200n8 rw root=PARTUUID=b1791faa-84e8-4e27-83a1-9fb0a77e8803 rootwait gpt debug noinitrd earlyprintk init=/bin/bash
[    0.000000] Dentry cache hash table entries: 131072 (order: 7, 524288 bytes)
[    0.000000] Inode-cache hash table entries: 65536 (order: 6, 262144 bytes)
[    0.000000] Memory: 1992472K/2096128K available (11264K kernel code, 1569K rwdata, 4352K rodata, 2048K init, 405K bss, 38120K reserved, 65536K cma-reserved, 1244160K highmem)
[    0.000000] Virtual kernel memory layout:
[    0.000000]     vector  : 0xffff0000 - 0xffff1000   (   4 kB)
[    0.000000]     fixmap  : 0xffc00000 - 0xfff00000   (3072 kB)
[    0.000000]     vmalloc : 0xf0800000 - 0xff800000   ( 240 MB)
[    0.000000]     lowmem  : 0xc0000000 - 0xf0000000   ( 768 MB)
[    0.000000]     pkmap   : 0xbfe00000 - 0xc0000000   (   2 MB)
[    0.000000]     modules : 0xbf000000 - 0xbfe00000   (  14 MB)
[    0.000000]       .text : 0x(ptrval) - 0x(ptrval)   (12256 kB)
[    0.000000]       .init : 0x(ptrval) - 0x(ptrval)   (2048 kB)
[    0.000000]       .data : 0x(ptrval) - 0x(ptrval)   (1570 kB)
[    0.000000]        .bss : 0x(ptrval) - 0x(ptrval)   ( 406 kB)
[    0.000000] SLUB: HWalign=64, Order=0-3, MinObjects=0, CPUs=4, Nodes=1
[    0.000000] Hierarchical RCU implementation.
[    0.000000] 	RCU event tracing is enabled.
[    0.000000] 	RCU restricting CPUs from NR_CPUS=16 to nr_cpu_ids=4.
[    0.000000] RCU: Adjusting geometry for rcu_fanout_leaf=16, nr_cpu_ids=4
[    0.000000] NR_IRQS: 16, nr_irqs: 16, preallocated irqs: 16
[    0.000000] /interrupt-controller@60004000: 160 interrupts forwarded to /interrupt-controller@50041000
[    0.000000] Tegra clk 127: register failed with -17
[    0.000008] sched_clock: 32 bits at 1000kHz, resolution 1000ns, wraps every 2147483647500ns
[    0.000028] clocksource: timer_us: mask: 0xffffffff max_cycles: 0xffffffff, max_idle_ns: 1911260446275 ns
[    0.000044] Switching to timer-based delay loop, resolution 1000ns
[    0.005459] arch_timer: cp15 timer(s) running at 12.00MHz (virt).
[    0.005479] clocksource: arch_sys_counter: mask: 0xffffffffffffff max_cycles: 0x2c47f4ee7, max_idle_ns: 440795202497 ns
[    0.005498] sched_clock: 56 bits at 12MHz, resolution 83ns, wraps every 4398046511096ns
[    0.005513] Switching to timer-based delay loop, resolution 83ns
[    0.005984] Console: colour dummy device 80x30
[    0.006018] Calibrating delay loop (skipped), value calculated using timer frequency.. 24.00 BogoMIPS (lpj=120000)
[    0.006037] pid_max: default: 32768 minimum: 301
[    0.006152] Mount-cache hash table entries: 2048 (order: 1, 8192 bytes)
[    0.006168] Mountpoint-cache hash table entries: 2048 (order: 1, 8192 bytes)
[    0.006666] CPU: Testing write buffer coherency: ok
[    0.006931] /cpus/cpu@0 missing clock-frequency property
[    0.006977] /cpus/cpu@1 missing clock-frequency property
[    0.007023] /cpus/cpu@2 missing clock-frequency property
[    0.007069] /cpus/cpu@3 missing clock-frequency property
[    0.007084] CPU0: thread -1, cpu 0, socket 0, mpidr 80000000
[    0.007386] Setting up static identity map for 0x80300000 - 0x803000a0
[    0.009417] Hierarchical SRCU implementation.
[    0.012536] Tegra Revision: A01 SKU: 129 CPU Process: 1 SoC Process: 1
[    0.013405] EFI services will not be available.
[    0.013571] smp: Bringing up secondary CPUs ...
[    0.014069] CPU1: thread -1, cpu 1, socket 0, mpidr 80000001
[    0.015888] CPU2: thread -1, cpu 2, socket 0, mpidr 80000002
[    0.025914] CPU3: thread -1, cpu 3, socket 0, mpidr 80000003
[    0.035446] smp: Brought up 1 node, 4 CPUs
[    0.035469] SMP: Total of 4 processors activated (96.00 BogoMIPS).
[    0.035478] CPU: All CPU(s) started in SVC mode.
[    0.037016] devtmpfs: initialized
[    0.051598] Built 1 zonelists, mobility grouping on.  Total pages: 514502
[    0.051969] VFP support v0.3: implementor 41 architecture 4 part 30 variant f rev 0
[    0.052392] clocksource: jiffies: mask: 0xffffffff max_cycles: 0xffffffff, max_idle_ns: 19112604462750000 ns
[    0.052412] futex hash table entries: 1024 (order: 4, 65536 bytes)
[    0.052600] pinctrl core: initialized pinctrl subsystem
[    0.054153] DMI not present or invalid.
[    0.054404] NET: Registered protocol family 16
[    0.056455] DMA: preallocated 256 KiB pool for atomic coherent allocations
[    0.059089] cpuidle: using governor menu
[    0.085216] No ATAGs?
[    0.085345] hw-breakpoint: found 5 (+1 reserved) breakpoint and 4 watchpoint registers.
[    0.085361] hw-breakpoint: maximum watchpoint size is 8 bytes.
[    0.093623] Serial: AMBA PL011 UART driver
[    0.095160] iommu: Adding device 50000000.host1x to group 0
[    0.095240] iommu: Adding device 54200000.dc to group 1
[    0.095300] iommu: Adding device 54240000.dc to group 1
[    0.095372] iommu: Adding device 57000000.gpu to group 2
[    0.110771] AT91: Could not find identification node
[    0.111356] +5V_SYS: supplied by +VDD_MUX
[    0.111650] +3.3V_SYS: supplied by +VDD_MUX
[    0.112293] +USB0_VBUS_SW: Failed to request enable GPIO108: -517
[    0.112310] reg-fixed-voltage regulators:regulator@7: Failed to register regulator: -517
[    0.112417] +5V_USB_HS: Failed to request enable GPIO109: -517
[    0.112432] reg-fixed-voltage regulators:regulator@8: Failed to register regulator: -517
[    0.112628] +1.05V_RUN_AVDD_HDMI_PLL: Failed to request enable GPIO63: -517
[    0.112643] reg-fixed-voltage regulators:regulator@11: Failed to register regulator: -517
[    0.112745] +5V_HDMI_CON: Failed to request enable GPIO86: -517
[    0.112759] reg-fixed-voltage regulators:regulator@12: Failed to register regulator: -517
[    0.112861] +5V_SATA: Failed to request enable GPIO242: -517
[    0.112875] reg-fixed-voltage regulators:regulator@13: Failed to register regulator: -517
[    0.112978] +12V_SATA: Failed to request enable GPIO242: -517
[    0.112992] reg-fixed-voltage regulators:regulator@14: Failed to register regulator: -517
[    0.116072] vgaarb: loaded
[    0.116821] SCSI subsystem initialized
[    0.117002] libata version 3.00 loaded.
[    0.117200] usbcore: registered new interface driver usbfs
[    0.117255] usbcore: registered new interface driver hub
[    0.117319] usbcore: registered new device driver usb
[    0.120849] pps_core: LinuxPPS API ver. 1 registered
[    0.120860] pps_core: Software ver. 5.3.6 - Copyright 2005-2007 Rodolfo Giometti <giometti@linux.it>
[    0.120884] PTP clock support registered
[    0.121092] EDAC MC: Ver: 3.0.0
[    0.124197] clocksource: Switched to clocksource arch_sys_counter
[    0.174889] NET: Registered protocol family 2
[    0.175404] tcp_listen_portaddr_hash hash table entries: 512 (order: 0, 6144 bytes)
[    0.175437] TCP established hash table entries: 8192 (order: 3, 32768 bytes)
[    0.175536] TCP bind hash table entries: 8192 (order: 4, 65536 bytes)
[    0.175723] TCP: Hash tables configured (established 8192 bind 8192)
[    0.175806] UDP hash table entries: 512 (order: 2, 16384 bytes)
[    0.175851] UDP-Lite hash table entries: 512 (order: 2, 16384 bytes)
[    0.176003] NET: Registered protocol family 1
[    0.176410] RPC: Registered named UNIX socket transport module.
[    0.176422] RPC: Registered udp transport module.
[    0.176431] RPC: Registered tcp transport module.
[    0.176440] RPC: Registered tcp NFSv4.1 backchannel transport module.
[    0.176453] PCI: CLS 0 bytes, default 64
[    0.177949] hw perfevents: enabled with armv7_cortex_a15 PMU driver, 7 counters available
[    0.179507] Initialise system trusted keyrings
[    0.179637] workingset: timestamp_bits=30 max_order=19 bucket_order=0
[    0.186441] squashfs: version 4.0 (2009/01/31) Phillip Lougher
[    0.187037] NFS: Registering the id_resolver key type
[    0.187059] Key type id_resolver registered
[    0.187069] Key type id_legacy registered
[    0.187111] ntfs: driver 2.1.32 [Flags: R/O].
[    0.188585] Key type asymmetric registered
[    0.188598] Asymmetric key parser 'x509' registered
[    0.188651] bounce: pool size: 64 pages
[    0.188696] Block layer SCSI generic (bsg) driver version 0.4 loaded (major 246)
[    0.188708] io scheduler noop registered
[    0.188718] io scheduler deadline registered
[    0.188937] io scheduler cfq registered (default)
[    0.188949] io scheduler mq-deadline registered
[    0.188958] io scheduler kyber registered
[    0.193274]  usb2-0: usb2-0 supply vbus not found, using dummy regulator
[    0.193379]  usb2-1: usb2-1 supply vbus not found, using dummy regulator
[    0.193748] tegra-xusb-padctl 7009f000.padctl: failed to setup XUSB ports: -517
[    0.214210] tegra-pcie 1003000.pcie: 2x1, 1x1 configuration
[    0.214266] tegra-pcie 1003000.pcie: Failed to get supply 'avddio-pex': -517
[    0.221583] tegra124-dfll 70110000.clock: couldn't get vdd_cpu regulator
[    0.228233] tegra-apbdma 60020000.dma: Tegra20 APB DMA driver register 32 channels
[    0.231876] tegra-pmc 7000e400.pmc: emergency thermal reset enabled
[    0.279055] Serial: 8250/16550 driver, 4 ports, IRQ sharing disabled
[    0.281622] console [ttyS0] disabled
[    0.281662] 70006300.serial: ttyS0 at MMIO 0x70006300 (irq = 335, base_baud = 25500000) is a Tegra
[    1.219264] console [ttyS0] enabled
[    1.223641] SuperH (H)SCI(F) driver initialized
[    1.229360] msm_serial: driver initialized
[    1.233668] STMicroelectronics ASC driver initialized
[    1.239466] 70006000.serial: ttyTHS1 at MMIO 0x70006000 (irq = 333, base_baud = 0) is a TEGRA_UART
[    1.248722] 70006040.serial: ttyTHS2 at MMIO 0x70006040 (irq = 334, base_baud = 0) is a TEGRA_UART
[    1.263737] Failed to attached device 54200000.dc to IOMMU_mapping
[    1.278160] Failed to attached device 54240000.dc to IOMMU_mapping
[    1.293086] tegra-hdmi 54280000.hdmi: failed to get HDMI regulator
[    1.310172] brd: module loaded
[    1.319613] loop: module loaded
[    1.324076] at24 0-0056: 256 byte 24c02 EEPROM, writable, 8 bytes/write
[    1.332482] as3722 4-0040: AS3722 with revision 0x1 found
[    1.344077] as3722-sd2: supplied by +5V_SYS
[    1.348687] as3722-sd3: supplied by +5V_SYS
[    1.353085] +1.35V_LP0(sd3): Bringing 0uV into 1350000-1350000uV
[    1.359507] as3722-sd4: supplied by +5V_SYS
[    1.364080] as3722-sd5: supplied by +5V_SYS
[    1.370068] as3722-ldo0: supplied by +1.35V_LP0(sd2)
[    1.376114] +1.8V_RUN_CAM: Bringing 0uV into 1800000-1800000uV
[    1.382290] as3722-ldo2: supplied by +1.8V_VDDIO
[    1.388178] as3722-ldo3: supplied by +3.3V_SYS
[    1.392657] +1.05V_LP0_VDD_RTC: Bringing 1100000uV into 1000000-1000000uV
[    1.400424] as3722-ldo4: supplied by +3.3V_SYS
[    1.405105] +2.8V_RUN_CAM: Bringing 0uV into 2800000-2800000uV
[    1.411286] as3722-ldo5: supplied by +1.8V_VDDIO
[    1.416137] +1.2V_RUN_CAM_FRONT: Bringing 0uV into 1200000-1200000uV
[    1.423019] +VDDIO_SDMMC3: bypassed regulator has no supply!
[    1.428693] +VDDIO_SDMMC3: failed to get the current voltage(-517)
[    1.434888] as3722-regulator as3722-regulator: regulator 13 register failed -517
[    1.447536] tegra-ahci 70027000.sata: couldn't get PHY in node sata: -517
[    1.470338] m25p80 spi1.0: w25q32dw (4096 Kbytes)
[    1.477771] libphy: Fixed MDIO Bus: probed
[    1.482807] CAN device driver interface
[    1.487668] bgmac_bcma: Broadcom 47xx GBit MAC driver loaded
[    1.494863] e1000e: Intel(R) PRO/1000 Network Driver - 3.2.6-k
[    1.500687] e1000e: Copyright(c) 1999 - 2015 Intel Corporation.
[    1.506749] igb: Intel(R) Gigabit Ethernet Network Driver - version 5.4.0-k
[    1.513699] igb: Copyright (c) 2007-2014 Intel Corporation.
[    1.523582] pegasus: v0.9.3 (2013/04/25), Pegasus/Pegasus II USB Ethernet driver
[    1.531031] usbcore: registered new interface driver pegasus
[    1.536742] usbcore: registered new interface driver asix
[    1.542162] usbcore: registered new interface driver ax88179_178a
[    1.548295] usbcore: registered new interface driver cdc_ether
[    1.554159] usbcore: registered new interface driver smsc75xx
[    1.559952] usbcore: registered new interface driver smsc95xx
[    1.565738] usbcore: registered new interface driver net1080
[    1.571424] usbcore: registered new interface driver cdc_subset
[    1.577379] usbcore: registered new interface driver zaurus
[    1.582987] usbcore: registered new interface driver cdc_ncm
[    1.588900] tegra-phy 7d000000.usb-phy: no vbus regulator
[    1.594512] tegra-phy 7d004000.usb-phy: no vbus regulator
[    1.602086] ehci_hcd: USB 2.0 'Enhanced' Host Controller (EHCI) Driver
[    1.608628] ehci-pci: EHCI PCI platform driver
[    1.613097] ehci-platform: EHCI generic platform driver
[    1.618563] ehci-orion: EHCI orion driver
[    1.622746] SPEAr-ehci: EHCI SPEAr driver
[    1.626931] ehci-st: EHCI STMicroelectronics driver
[    1.631960] ehci-exynos: EHCI EXYNOS driver
[    1.636333] ehci-atmel: EHCI Atmel driver
[    1.640491] tegra-ehci: Tegra EHCI driver
[    1.647368] tegra-ehci 7d004000.usb: EHCI Host Controller
[    1.652779] tegra-ehci 7d004000.usb: new USB bus registered, assigned bus number 1
[    1.660578] tegra-ehci 7d004000.usb: irq 356, io mem 0x7d004000
[    1.694221] tegra-ehci 7d004000.usb: USB 2.0 started, EHCI 1.10
[    1.700824] hub 1-0:1.0: USB hub found
[    1.704629] hub 1-0:1.0: 1 port detected
[    1.709140] ohci_hcd: USB 1.1 'Open' Host Controller (OHCI) Driver
[    1.715362] ohci-pci: OHCI PCI platform driver
[    1.719843] ohci-platform: OHCI generic platform driver
[    1.725304] SPEAr-ohci: OHCI SPEAr driver
[    1.729474] ohci-st: OHCI STMicroelectronics driver
[    1.734530] ohci-atmel: OHCI Atmel driver
[    1.739378] usbcore: registered new interface driver usb-storage
[    1.754515] as3722-rtc as3722-rtc: rtc core: registered as3722-rtc as rtc0
[    1.761384] as3722-rtc as3722-rtc: RTC interrupt 379
[    1.769918] tegra_rtc 7000e000.rtc: rtc core: registered 7000e000.rtc as rtc1
[    1.777111] tegra_rtc 7000e000.rtc: Tegra internal Real Time Clock
[    1.783883] i2c /dev entries driver
[    1.795101] lm90 0-004c: 0-004c supply vcc not found, using dummy regulator
[    1.813152] sdhci: Secure Digital Host Controller Interface driver
[    1.819359] sdhci: Copyright(c) Pierre Ossman
[    1.825640] Synopsys Designware Multimedia Card Interface Driver
[    1.833306] sdhci-pltfm: SDHCI platform and OF driver helper
[    1.839822] sdhci-tegra 700b0400.sdhci: Got CD GPIO
[    1.844746] sdhci-tegra 700b0400.sdhci: Got WP GPIO
[    1.866034] mmc0: Unknown controller version (3). You may experience problems.
[    1.873291] mmc0: Invalid maximum block size, assuming 512 bytes
[    1.910276] mmc0: SDHCI controller on 700b0600.sdhci [700b0600.sdhci] using ADMA
[    1.920058] ledtrig-cpu: registered to indicate activity on CPUs
[    1.926380] usbcore: registered new interface driver usbhid
[    1.931944] usbhid: USB HID core driver
[    1.940253] NET: Registered protocol family 10
[    1.945581] Segment Routing with IPv6
[    1.949301] sit: IPv6, IPv4 and MPLS over IPv4 tunneling driver
[    1.955767] NET: Registered protocol family 17
[    1.960212] can: controller area network core (rev 20170425 abi 9)
[    1.966466] NET: Registered protocol family 29
[    1.970905] can: raw protocol (rev 20170425)
[    1.975187] can: broadcast manager protocol (rev 20170425 t)
[    1.980845] can: netlink gateway (rev 20170425) max_hops=1
[    1.986630] Key type dns_resolver registered
[    1.991410] ThumbEE CPU extension supported.
[    1.995703] Registering SWP/SWPB emulation handler
[    2.001011] Loading compiled-in X.509 certificates
[    2.020967] +3.3V_RUN: supplied by +3.3V_SYS
[    2.026766] +USB0_VBUS_SW: supplied by +5V_SYS
[    2.031487] +3.3V_AVDD_HDMI_AP_GATED: supplied by +3.3V_RUN
[    2.037596] +5V_USB_HS: supplied by +5V_SYS
[    2.043180] +3.3V_LP0: supplied by +3.3V_SYS
[    2.048015] mmc0: new high speed MMC card at address 0001
[    2.049829] +5V_HDMI_CON: supplied by +5V_SYS
[    2.054096] mmcblk0: mmc0:0001 SEM16G 14.7 GiB 
[    2.058495] +5V_SATA: supplied by +5V_SYS
[    2.062774] mmcblk0boot0: mmc0:0001 SEM16G partition 1 4.00 MiB
[    2.067240] +12V_SATA: supplied by +VDD_MUX
[    2.072735] mmcblk0boot1: mmc0:0001 SEM16G partition 2 4.00 MiB
[    2.078380]  usb2-0: usb2-0 supply vbus not found, using dummy regulator
[    2.089296]  usb2-1: usb2-1 supply vbus not found, using dummy regulator
[    2.089375] mmcblk0rpmb: mmc0:0001 SEM16G partition 3 4.00 MiB, chardev (236:0)
[    2.096417]  usb3-0: usb3-0 supply vbus not found, using dummy regulator
[    2.106469]  mmcblk0: p1
[    2.111585] tegra-pcie 1003000.pcie: 2x1, 1x1 configuration
[    2.118233] tegra-pcie 1003000.pcie: Failed to get supply 'avddio-pex': -517
[    2.128208] tegra124-dfll 70110000.clock: couldn't get vdd_cpu regulator
[    2.138555] tegra-hdmi 54280000.hdmi: failed to get PLL regulator
[    2.149841] as3722-sd2: supplied by +5V_SYS
[    2.154443] as3722-sd3: supplied by +5V_SYS
[    2.158937] as3722-sd4: supplied by +5V_SYS
[    2.163348] as3722-sd5: supplied by +5V_SYS
[    2.169312] as3722-ldo0: supplied by +1.35V_LP0(sd2)
[    2.175095] as3722-ldo1: supplied by +3.3V_RUN
[    2.179844] as3722-ldo2: supplied by +1.8V_VDDIO
[    2.185496] as3722-ldo3: supplied by +3.3V_SYS
[    2.190781] as3722-ldo4: supplied by +3.3V_SYS
[    2.195576] as3722-ldo5: supplied by +1.8V_VDDIO
[    2.200431] as3722-ldo6: supplied by +3.3V_RUN
[    2.205134] as3722-ldo7: supplied by +1.8V_VDDIO
[    2.210527] +1.05V_RUN_CAM_REAR: Bringing 0uV into 1050000-1050000uV
[    2.217611] as3722-ldo9: supplied by +5V_SYS
[    2.223188] +3.3V_RUN_TOUCH: Bringing 0uV into 2800000-2800000uV
[    2.229769] as3722-ldo10: supplied by +5V_SYS
[    2.234733] +2.8V_RUN_CAM_AF: Bringing 0uV into 2800000-2800000uV
[    2.241539] as3722-ldo11: supplied by +3.3V_RUN
[    2.246885] +1.8V_RUN_VPP_FUSE: Bringing 0uV into 1800000-1800000uV
[    2.257080] tegra-ahci 70027000.sata: AHCI 0001.0301 32 slots 2 ports 3 Gbps 0x1 impl platform mode
[    2.266156] tegra-ahci 70027000.sata: flags: 64bit ncq sntf pm led pio slum part sadm sds apst 
[    2.276563] scsi host0: tegra-ahci
[    2.281131] scsi host1: tegra-ahci
[    2.284832] ata1: SATA max UDMA/133 mmio [mem 0x70027000-0x70028fff] port 0x100 irq 345
[    2.292831] ata2: DUMMY
[    2.299125] tegra-ehci 7d008000.usb: EHCI Host Controller
[    2.304579] tegra-ehci 7d008000.usb: new USB bus registered, assigned bus number 2
[    2.312321] tegra-ehci 7d008000.usb: irq 357, io mem 0x7d008000
[    2.344318] tegra-ehci 7d008000.usb: USB 2.0 started, EHCI 1.10
[    2.351262] hub 2-0:1.0: USB hub found
[    2.355127] hub 2-0:1.0: 1 port detected
[    2.361745] sdhci-tegra 700b0400.sdhci: Got CD GPIO
[    2.366711] sdhci-tegra 700b0400.sdhci: Got WP GPIO
[    2.378429] mmc1: Unknown controller version (3). You may experience problems.
[    2.385781] mmc1: Invalid maximum block size, assuming 512 bytes
[    2.423937] mmc1: SDHCI controller on 700b0400.sdhci [700b0400.sdhci] using ADMA
[    2.432206] tegra-pcie 1003000.pcie: 2x1, 1x1 configuration
[    2.439848] tegra-pcie 1003000.pcie: probing port 0, using 2 lanes
[    2.447553] tegra-pcie 1003000.pcie: Slot present pin change, signature: 00000008
[    2.473391] tegra-pcie 1003000.pcie: probing port 1, using 1 lanes
[    2.481735] tegra-pcie 1003000.pcie: Slot present pin change, signature: 00000000
[    2.496582] tegra-pcie 1003000.pcie: PCI host bridge to bus 0000:00
[    2.502851] pci_bus 0000:00: root bus resource [io  0x0000-0xffff]
[    2.509072] pci_bus 0000:00: root bus resource [mem 0x13000000-0x1fffffff]
[    2.515990] pci_bus 0000:00: root bus resource [mem 0x20000000-0x3fffffff pref]
[    2.523306] pci_bus 0000:00: root bus resource [bus 00-ff]
[    2.528875] pci 0000:00:01.0: [10de:0e12] type 01 class 0x060400
[    2.534950] pci_bus 0000:00: 2-byte config write to 0000:00:01.0 offset 0x4 may corrupt adjacent RW1C bits
[    2.544652] pci_bus 0000:00: 2-byte config write to 0000:00:01.0 offset 0x4 may corrupt adjacent RW1C bits
[    2.554384] pci 0000:00:01.0: enabling Extended Tags
[    2.559364] pci_bus 0000:00: 2-byte config write to 0000:00:01.0 offset 0x88 may corrupt adjacent RW1C bits
[    2.569164] pci_bus 0000:00: 2-byte config write to 0000:00:01.0 offset 0x52 may corrupt adjacent RW1C bits
[    2.578989] pci 0000:00:01.0: PME# supported from D0 D1 D2 D3hot D3cold
[    2.585652] pci_bus 0000:00: 2-byte config write to 0000:00:01.0 offset 0x4c may corrupt adjacent RW1C bits
[    2.595676] pci 0000:00:02.0: [10de:0e13] type 01 class 0x060400
[    2.601701] pci_bus 0000:00: 2-byte config write to 0000:00:02.0 offset 0x4 may corrupt adjacent RW1C bits
[    2.611391] pci_bus 0000:00: 2-byte config write to 0000:00:02.0 offset 0x4 may corrupt adjacent RW1C bits
[    2.621114] pci 0000:00:02.0: enabling Extended Tags
[    2.626131] pci_bus 0000:00: 2-byte config write to 0000:00:02.0 offset 0x88 may corrupt adjacent RW1C bits
[    2.627945] ata1: SATA link down (SStatus 0 SControl 300)
[    2.635908] pci_bus 0000:00: 2-byte config write to 0000:00:02.0 offset 0x52 may corrupt adjacent RW1C bits
[    2.651074] pci 0000:00:02.0: PME# supported from D0 D1 D2 D3hot D3cold
[    2.657707] pci_bus 0000:00: 2-byte config write to 0000:00:02.0 offset 0x4c may corrupt adjacent RW1C bits
[    2.667703] PCI: bus0: Fast back to back transfers disabled
[    2.673274] pci 0000:00:01.0: bridge configuration invalid ([bus 00-00]), reconfiguring
[    2.681297] pci 0000:00:02.0: bridge configuration invalid ([bus 00-00]), reconfiguring
[    2.689500] pci 0000:01:00.0: [8086:4232] type 00 class 0x028000
[    2.695621] pci 0000:01:00.0: reg 0x10: [mem 0x00000000-0x00001fff 64bit]
[    2.702634] pci 0000:01:00.0: PME# supported from D0 D3hot D3cold
[    2.723509] mmc1: new high speed SDHC card at address aaaa
[    2.729661] mmcblk1: mmc1:aaaa SD04G 3.69 GiB 
[    2.734389] PCI: bus1: Fast back to back transfers disabled
[    2.739986] pci_bus 0000:01: busn_res: [bus 01-ff] end is updated to 01
[    2.746824] pci 0000:02:00.0: [10ec:8168] type 00 class 0x020000
[    2.752877] pci 0000:02:00.0: reg 0x10: [io  0x0000-0x00ff]
[    2.758501] pci 0000:02:00.0: reg 0x18: [mem 0x00000000-0x00000fff 64bit]
[    2.765322] pci 0000:02:00.0: reg 0x20: [mem 0x00000000-0x00003fff 64bit pref]
[    2.772702] pci 0000:02:00.0: supports D1 D2
[    2.776989] pci 0000:02:00.0: PME# supported from D0 D1 D2 D3hot D3cold
[    2.795638]  mmcblk1: p1 p2 p3
[    2.804371] PCI: bus2: Fast back to back transfers disabled
[    2.809960] pci_bus 0000:02: busn_res: [bus 02-ff] end is updated to 02
[    2.816661] pci 0000:00:01.0: BAR 8: assigned [mem 0x13000000-0x130fffff]
[    2.823445] pci 0000:00:02.0: BAR 8: assigned [mem 0x13100000-0x131fffff]
[    2.830274] pci 0000:00:02.0: BAR 9: assigned [mem 0x20000000-0x200fffff 64bit pref]
[    2.838031] pci 0000:00:02.0: BAR 7: assigned [io  0x1000-0x1fff]
[    2.844126] pci 0000:01:00.0: BAR 0: assigned [mem 0x13000000-0x13001fff 64bit]
[    2.851493] pci 0000:00:01.0: PCI bridge to [bus 01]
[    2.856481] pci 0000:00:01.0:   bridge window [mem 0x13000000-0x130fffff]
[    2.863277] pci 0000:02:00.0: BAR 4: assigned [mem 0x20000000-0x20003fff 64bit pref]
[    2.871075] pci 0000:02:00.0: BAR 2: assigned [mem 0x13100000-0x13100fff 64bit]
[    2.878417] pci 0000:02:00.0: BAR 0: assigned [io  0x1000-0x10ff]
[    2.884532] pci 0000:00:02.0: PCI bridge to [bus 02]
[    2.889503] pci 0000:00:02.0:   bridge window [io  0x1000-0x1fff]
[    2.895632] pci 0000:00:02.0:   bridge window [mem 0x13100000-0x131fffff]
[    2.902414] pci 0000:00:02.0:   bridge window [mem 0x20000000-0x200fffff 64bit pref]
[    2.910223] pci 0000:00:01.0: nv_msi_ht_cap_quirk didn't locate host bridge
[    2.917339] pcieport 0000:00:01.0: enabling device (0140 -> 0142)
[    2.923679] pcieport 0000:00:01.0: Signaling PME with IRQ 395
[    2.929629] pci 0000:00:02.0: nv_msi_ht_cap_quirk didn't locate host bridge
[    2.936730] pcieport 0000:00:02.0: enabling device (0140 -> 0143)
[    2.943052] pcieport 0000:00:02.0: Signaling PME with IRQ 396
[    2.949252] r8169 Gigabit Ethernet driver 2.3LK-NAPI loaded
[    2.954875] r8169 0000:02:00.0: enabling device (0140 -> 0143)
[    2.985862] r8169 0000:02:00.0 eth0: RTL8168g/8111g at 0xb2d21a6f, 00:04:4b:3a:d9:81, XID 0c000800 IRQ 397
[    2.995567] r8169 0000:02:00.0 eth0: jumbo features [frames: 9200 bytes, tx checksumming: ko]
[    3.008322] +1.05V_RUN_AVDD_HDMI_PLL: supplied by +1.05V_RUN
[    3.016734] [drm] Supports vblank timestamp caching Rev 2 (21.10.2013).
[    3.023349] [drm] No driver support for vblank timestamp query.
[    3.158636] tegra-hdmi 54280000.hdmi: cannot set audio to 48000 Hz at 297000000 Hz pixel clock
[    3.322295] Console: switching to colour frame buffer device 512x135
[    3.420965] drm drm: fb0:  frame buffer device
[    3.425571] [drm] Initialized tegra 0.0.0 20120330 for drm on minor 0
[    3.433473] cpufreq: cpufreq_online: CPU0: Running at unlisted freq: 696000 KHz
[    3.440818] cpufreq: cpufreq_online: CPU0: Unlisted initial frequency changed to: 714000 KHz
[    3.450108] input: gpio-keys as /devices/soc0/gpio-keys/input/input0
[    3.457513] as3722-rtc as3722-rtc: setting system clock to 2000-01-01 00:05:15 UTC (946685115)
[    3.466517] +USB0_VBUS_SW: disabling
[    3.470095] +1.8V_RUN_CAM: disabling
[    3.473934] +2.8V_RUN_CAM: disabling
[    3.477762] +1.2V_RUN_CAM_FRONT: disabling
[    3.482013] +1.05V_RUN_CAM_REAR: disabling
[    3.486326] +3.3V_RUN_TOUCH: disabling
[    3.490227] +2.8V_RUN_CAM_AF: disabling
[    3.494226] +1.8V_RUN_VPP_FUSE: disabling
[    3.499281] EXT4-fs (mmcblk0p1): mounting ext3 file system using the ext4 subsystem
[    3.520739] EXT4-fs (mmcblk0p1): recovery complete
[    3.525571] EXT4-fs (mmcblk0p1): mounted filesystem with ordered data mode. Opts: (null)
[    3.533668] VFS: Mounted root (ext3 filesystem) on device 179:1.
[    3.544104] devtmpfs: mounted
[    3.547909] Freeing unused kernel memory: 2048K
bash: cannot set terminal process group (-1): Inappropriate ioctl for device
bash: no job control in this shell
root@(none):/# mount -t sysfs none /sys
root@(none):/# 
root@(none):/# mount -t debugfs none /sys/kernel/debug
root@(none):/# 
root@(none):/# rtcwake -d rtc1 -m mem -s 3
rtcwake: assuming RTC uses UTC ...
rtcwake: wakeup from "mem" using /dev/rtc1 at Thu Jan  1 00:00:20 1970
[    6.553119] PM: suspend entry (deep)
[    6.556775] PM: Syncing filesystems ... done.
[    6.715280] Freezing user space processes ... (elapsed 0.001 seconds) done.
[    6.723595] OOM killer disabled.
[    6.726887] Freezing remaining freezable tasks ... (elapsed 0.001 seconds) done.
[    6.735558] Suspending console(s) (use no_console_suspend to debug)
[    6.895148] Disabling non-boot CPUs ...
[    7.004336] IRQ17 no longer affine to CPU2
[    7.054905] Entering suspend state LP1
[    7.054918] Enabling non-boot CPUs ...
[    7.055202] CPU1 is up
[    7.055438] CPU2 is up
[    7.055704] CPU3 is up
[    7.056463] pcieport 0000:00:01.0: nv_msi_ht_cap_quirk didn't locate host bridge
[    7.056528] pcieport 0000:00:02.0: nv_msi_ht_cap_quirk didn't locate host bridge
[    7.134568] tegra-hdmi 54280000.hdmi: cannot set audio to 48000 Hz at 297000000 Hz pixel clock
[    7.295109] OOM killer enabled.
[    7.298237] Restarting tasks ... done.
rtcwake -d rtc1 -m mem -s 3

[    7.435044] ata1: SATA link down (SStatus 0 SControl 300)
[    7.607273] PM: suspend exit
root@(none):/# 
root@(none):/# rtcwake -d rtc1 -m mem -s 3
rtcwake: assuming RTC uses UTC ...
rtcwake: wakeup from "mem" using /dev/rtc1 at Thu Jan  1 00:00:24 1970
[    7.771308] PM: suspend entry (deep)
[    7.774981] PM: Syncing filesystems ... done.
[    7.878497] Freezing user space processes ... (elapsed 0.001 seconds) done.
[    7.886771] OOM killer disabled.
[    7.890001] Freezing remaining freezable tasks ... (elapsed 0.001 seconds) done.
[    7.898672] Suspending console(s) (use no_console_suspend to debug)
[    7.930518] pci_generic_config_write32: 80 callbacks suppressed
[    7.930524] pci_bus 0000:00: 2-byte config write to 0000:00:02.0 offset 0x9c may corrupt adjacent RW1C bits
[    7.930531] pci_bus 0000:00: 2-byte config write to 0000:00:01.0 offset 0x9c may corrupt adjacent RW1C bits
[    8.065097] Disabling non-boot CPUs ...
[    8.234754] Entering suspend state LP1
[    8.234766] Enabling non-boot CPUs ...
[    8.235059] CPU1 is up
[    8.235292] CPU2 is up
[    8.235560] CPU3 is up
[    8.236223] pci_bus 0000:00: 2-byte config write to 0000:00:01.0 offset 0x4c may corrupt adjacent RW1C bits
[    8.236233] pci_bus 0000:00: 2-byte config write to 0000:00:02.0 offset 0x4c may corrupt adjacent RW1C bits
[    8.236240] pci_bus 0000:00: 2-byte config write to 0000:00:01.0 offset 0x88 may corrupt adjacent RW1C bits
[    8.236245] pci_bus 0000:00: 2-byte config write to 0000:00:01.0 offset 0x90 may corrupt adjacent RW1C bits
[    8.236251] pci_bus 0000:00: 2-byte config write to 0000:00:01.0 offset 0x98 may corrupt adjacent RW1C bits
[    8.236256] pci_bus 0000:00: 2-byte config write to 0000:00:02.0 offset 0x88 may corrupt adjacent RW1C bits
[    8.236260] pci_bus 0000:00: 2-byte config write to 0000:00:01.0 offset 0x9c may corrupt adjacent RW1C bits
[    8.236265] pci_bus 0000:00: 2-byte config write to 0000:00:02.0 offset 0x90 may corrupt adjacent RW1C bits
[    8.236360] pcieport 0000:00:01.0: nv_msi_ht_cap_quirk didn't locate host bridge
[    8.236362] pcieport 0000:00:02.0: nv_msi_ht_cap_quirk didn't locate host bridge
[    8.314575] tegra-hdmi 54280000.hdmi: cannot set audio to 48000 Hz at 297000000 Hz pixel clock
[    8.573770] OOM killer enabled.
[    8.576928] Restarting tasks ... done.
[    8.617451] ata1: SATA link down (SStatus 0 SControl 300)
[    8.870293] PM: suspend exit
root@(none):/# 
root@(none):/# rtcwake -d rtc1 -m mem -s 3
rtcwake: assuming RTC uses UTC ...
rtcwake: wakeup from "mem" using /dev/rtc1 at Thu Jan  1 00:00:29 1970
[    9.878911] PM: suspend entry (deep)
[    9.882505] PM: Syncing filesystems ... done.
[    9.978349] Freezing user space processes ... (elapsed 0.001 seconds) done.
[    9.986621] OOM killer disabled.
[    9.989851] Freezing remaining freezable tasks ... (elapsed 0.001 seconds) done.
[    9.998516] Suspending console(s) (use no_console_suspend to debug)
[   10.165078] Disabling non-boot CPUs ...
[   10.304652] Entering suspend state LP1
[   10.304663] Enabling non-boot CPUs ...
[   10.304953] CPU1 is up
[   10.305185] CPU2 is up
[   10.305451] CPU3 is up
[   10.306176] pcieport 0000:00:01.0: nv_msi_ht_cap_quirk didn't locate host bridge
[   10.306207] pcieport 0000:00:02.0: nv_msi_ht_cap_quirk didn't locate host bridge
[   10.384545] tegra-hdmi 54280000.hdmi: cannot set audio to 48000 Hz at 297000000 Hz pixel clock
[   10.540197] OOM killer enabled.
[   10.543325] Restarting tasks ... done.
[   10.581379] PM: suspend exit
root@(none):/# 
root@(none):/# [   10.688183] ata1: SATA link down (SStatus 0 SControl 300)
rtcwake -d rtc1 -m mem -s 3
rtcwake: assuming RTC uses UTC ...
rtcwake: wakeup from "mem" using /dev/rtc1 at Thu Jan  1 00:00:33 1970
[   10.912866] PM: suspend entry (deep)
[   10.916522] PM: Syncing filesystems ... done.
[   10.972865] Freezing user space processes ... (elapsed 0.001 seconds) done.
[   10.981063] OOM killer disabled.
[   10.984314] Freezing remaining freezable tasks ... (elapsed 0.001 seconds) done.
[   10.992932] Suspending console(s) (use no_console_suspend to debug)
[   11.155083] Disabling non-boot CPUs ...
[   11.264270] IRQ17 no longer affine to CPU2
[   11.324620] Entering suspend state LP1
[   11.324632] Enabling non-boot CPUs ...
[   11.324924] CPU1 is up
[   11.325158] CPU2 is up
[   11.325426] CPU3 is up
[   11.326174] pcieport 0000:00:02.0: nv_msi_ht_cap_quirk didn't locate host bridge
[   11.326176] pcieport 0000:00:01.0: nv_msi_ht_cap_quirk didn't locate host bridge
[   11.414531] tegra-hdmi 54280000.hdmi: cannot set audio to 48000 Hz at 297000000 Hz pixel clock
[   11.574394] OOM killer enabled.
[   11.577522] Restarting tasks ... done.
rtcwake -d rtc1 -m mem -s 3

[   11.704890] ata1: SATA link down (SStatus 0 SControl 300)
[   11.887242] PM: suspend exit
root@(none):/# 
root@(none):/# rtcwake -d rtc1 -m mem -s 3
rtcwake: assuming RTC uses UTC ...
rtcwake: wakeup from "mem" using /dev/rtc1 at Thu Jan  1 00:00:37 1970
[   12.061122] PM: suspend entry (deep)
[   12.064760] PM: Syncing filesystems ... done.
[   12.213976] Freezing user space processes ... (elapsed 0.001 seconds) done.
[   12.222244] OOM killer disabled.
[   12.225477] Freezing remaining freezable tasks ... (elapsed 0.001 seconds) done.
[   12.234036] Suspending console(s) (use no_console_suspend to debug)
[   12.385024] Disabling non-boot CPUs ...
[   12.494247] IRQ17 no longer affine to CPU2
[   12.544613] Entering suspend state LP1
[   12.544627] Enabling non-boot CPUs ...
[   12.544972] CPU1 is up
[   12.545265] CPU2 is up
[   12.545607] CPU3 is up
[   12.546546] pcieport 0000:00:02.0: nv_msi_ht_cap_quirk didn't locate host bridge
[   12.546548] pcieport 0000:00:01.0: nv_msi_ht_cap_quirk didn't locate host bridge
[   12.624536] tegra-hdmi 54280000.hdmi: cannot set audio to 48000 Hz at 297000000 Hz pixel clock
[   12.792441] OOM killer enabled.
[   12.795578] Restarting tasks ... done.
[   12.878388] PM: suspend exit
root@(none):/# 
root@(none):/# [   12.928695] ata1: SATA link down (SStatus 0 SControl 300)
rtcwake -d rtc1 -m mem -s 3
rtcwake: assuming RTC uses UTC ...
rtcwake: wakeup from "mem" using /dev/rtc1 at Thu Jan  1 00:00:41 1970
[   13.165978] PM: suspend entry (deep)
[   13.169557] PM: Syncing filesystems ... done.
[   13.340398] Freezing user space processes ... (elapsed 0.001 seconds) done.
[   13.348828] OOM killer disabled.
[   13.352067] Freezing remaining freezable tasks ... (elapsed 0.001 seconds) done.
[   13.360818] Suspending console(s) (use no_console_suspend to debug)
[   13.378204] pci_generic_config_write32: 102 callbacks suppressed
[   13.378209] pci_bus 0000:00: 2-byte config write to 0000:00:02.0 offset 0x9c may corrupt adjacent RW1C bits
[   13.378225] pci_bus 0000:00: 2-byte config write to 0000:00:01.0 offset 0x9c may corrupt adjacent RW1C bits
[   13.515029] Disabling non-boot CPUs ...
[   13.614218] IRQ17 no longer affine to CPU2
[   13.674649] Entering suspend state LP1
[   13.674661] Enabling non-boot CPUs ...
[   13.674954] CPU1 is up
[   13.675187] CPU2 is up
[   13.675450] CPU3 is up
[   13.676109] pci_bus 0000:00: 2-byte config write to 0000:00:02.0 offset 0x4c may corrupt adjacent RW1C bits
[   13.676115] pci_bus 0000:00: 2-byte config write to 0000:00:01.0 offset 0x4c may corrupt adjacent RW1C bits
[   13.676126] pci_bus 0000:00: 2-byte config write to 0000:00:02.0 offset 0x88 may corrupt adjacent RW1C bits
[   13.676131] pci_bus 0000:00: 2-byte config write to 0000:00:01.0 offset 0x88 may corrupt adjacent RW1C bits
[   13.676135] pci_bus 0000:00: 2-byte config write to 0000:00:02.0 offset 0x90 may corrupt adjacent RW1C bits
[   13.676140] pci_bus 0000:00: 2-byte config write to 0000:00:01.0 offset 0x90 may corrupt adjacent RW1C bits
[   13.676145] pci_bus 0000:00: 2-byte config write to 0000:00:02.0 offset 0x98 may corrupt adjacent RW1C bits
[   13.676149] pci_bus 0000:00: 2-byte config write to 0000:00:01.0 offset 0x98 may corrupt adjacent RW1C bits
[   13.676246] pcieport 0000:00:02.0: nv_msi_ht_cap_quirk didn't locate host bridge
[   13.676247] pcieport 0000:00:01.0: nv_msi_ht_cap_quirk didn't locate host bridge
[   13.754473] tegra-hdmi 54280000.hdmi: cannot set audio to 48000 Hz at 297000000 Hz pixel clock
[   14.017787] OOM killer enabled.
[   14.020918] Restarting tasks ... done.
[   14.057040] ata1: SATA link down (SStatus 0 SControl 300)
[   14.149915] PM: suspend exit
root@(none):/# 
root@(none):/# rtcwake -d rtc1 -m mem -s 3
rtcwake: assuming RTC uses UTC ...
rtcwake: wakeup from "mem" using /dev/rtc1 at Thu Jan  1 00:00:46 1970
[   15.317543] PM: suspend entry (deep)
[   15.321136] PM: Syncing filesystems ... done.
[   15.396141] Freezing user space processes ... (elapsed 0.001 seconds) done.
[   15.404350] OOM killer disabled.
[   15.407570] Freezing remaining freezable tasks ... (elapsed 0.001 seconds) done.
[   15.416155] Suspending console(s) (use no_console_suspend to debug)
[   15.565047] Disabling non-boot CPUs ...
[   15.664212] IRQ17 no longer affine to CPU2
[   15.714585] Entering suspend state LP1
[   15.714599] Enabling non-boot CPUs ...
[   15.714946] CPU1 is up
[   15.715239] CPU2 is up
[   15.715574] CPU3 is up
[   15.716505] pcieport 0000:00:02.0: nv_msi_ht_cap_quirk didn't locate host bridge
[   15.716507] pcieport 0000:00:01.0: nv_msi_ht_cap_quirk didn't locate host bridge
[   15.784487] tegra-hdmi 54280000.hdmi: cannot set audio to 48000 Hz at 297000000 Hz pixel clock
[   15.952394] OOM killer enabled.
[   15.955546] Restarting tasks ... done.
[   16.038940] PM: suspend exit
root@(none):/# 
root@(none):/# [   16.088014] ata1: SATA link down (SStatus 0 SControl 300)
rtcwake -d rtc1 -m mem -s 3
rtcwake: assuming RTC uses UTC ...
rtcwake: wakeup from "mem" using /dev/rtc1 at Thu Jan  1 00:00:50 1970
[   16.355209] PM: suspend entry (deep)
[   16.358804] PM: Syncing filesystems ... done.
[   16.418252] Freezing user space processes ... (elapsed 0.001 seconds) done.
[   16.426451] OOM killer disabled.
[   16.429679] Freezing remaining freezable tasks ... (elapsed 0.001 seconds) done.
[   16.438322] Suspending console(s) (use no_console_suspend to debug)
[   16.594929] Disabling non-boot CPUs ...
[   16.704175] IRQ17 no longer affine to CPU2
[   16.764623] Entering suspend state LP1
[   16.764637] Enabling non-boot CPUs ...
[   16.764984] CPU1 is up
[   16.765274] CPU2 is up
[   16.765611] CPU3 is up
[   16.766537] pcieport 0000:00:02.0: nv_msi_ht_cap_quirk didn't locate host bridge
[   16.766539] pcieport 0000:00:01.0: nv_msi_ht_cap_quirk didn't locate host bridge
[   16.844483] tegra-hdmi 54280000.hdmi: cannot set audio to 48000 Hz at 297000000 Hz pixel clock
[   17.012390] OOM killer enabled.
[   17.015531] Restarting tasks ... done.
[   17.098293] PM: suspend exit
root@(none):/# 
root@(none):/# [   17.148592] ata1: SATA link down (SStatus 0 SControl 300)
rtcwake -d rtc1 -m mem -s 3
rtcwake: assuming RTC uses UTC ...
rtcwake: wakeup from "mem" using /dev/rtc1 at Thu Jan  1 00:00:54 1970
[   17.403088] PM: suspend entry (deep)
[   17.406746] PM: Syncing filesystems ... done.
[   17.474624] Freezing user space processes ... (elapsed 0.001 seconds) done.
[   17.482788] OOM killer disabled.
[   17.486027] Freezing remaining freezable tasks ... (elapsed 0.001 seconds) done.
[   17.494631] Suspending console(s) (use no_console_suspend to debug)
[   17.654977] Disabling non-boot CPUs ...
[   17.764161] IRQ17 no longer affine to CPU2
[   17.824602] Entering suspend state LP1
[   17.824616] Enabling non-boot CPUs ...
[   17.824965] CPU1 is up
[   17.825254] CPU2 is up
[   17.825594] CPU3 is up
[   17.826522] pcieport 0000:00:02.0: nv_msi_ht_cap_quirk didn't locate host bridge
[   17.826526] pcieport 0000:00:01.0: nv_msi_ht_cap_quirk didn't locate host bridge
[   17.914437] tegra-hdmi 54280000.hdmi: cannot set audio to 48000 Hz at 297000000 Hz pixel clock
[   18.082333] OOM killer enabled.
[   18.085470] Restarting tasks ... done.
[   18.168289] PM: suspend exit
root@(none):/# 
root@(none):/# [   18.218578] ata1: SATA link down (SStatus 0 SControl 300)
rtcwake -d rtc1 -m mem -s 3
rtcwake: assuming RTC uses UTC ...
rtcwake: wakeup from "mem" using /dev/rtc1 at Thu Jan  1 00:00:58 1970
[   18.464157] PM: suspend entry (deep)
[   18.467750] PM: Syncing filesystems ... done.
[   18.544599] Freezing user space processes ... (elapsed 0.001 seconds) done.
[   18.552764] OOM killer disabled.
[   18.556005] Freezing remaining freezable tasks ... (elapsed 0.001 seconds) done.
[   18.564608] Suspending console(s) (use no_console_suspend to debug)
[   18.584034] pci_generic_config_write32: 102 callbacks suppressed
[   18.584041] pci_bus 0000:00: 2-byte config write to 0000:00:02.0 offset 0x9c may corrupt adjacent RW1C bits
[   18.584058] pci_bus 0000:00: 2-byte config write to 0000:00:01.0 offset 0x9c may corrupt adjacent RW1C bits
[   18.724926] Disabling non-boot CPUs ...
[   18.824137] IRQ17 no longer affine to CPU2
[   18.884592] Entering suspend state LP1
[   18.884606] Enabling non-boot CPUs ...
[   18.884953] CPU1 is up
[   18.885243] CPU2 is up
[   18.885584] CPU3 is up
[   18.886399] pci_bus 0000:00: 2-byte config write to 0000:00:02.0 offset 0x4c may corrupt adjacent RW1C bits
[   18.886410] pci_bus 0000:00: 2-byte config write to 0000:00:01.0 offset 0x4c may corrupt adjacent RW1C bits
[   18.886421] pci_bus 0000:00: 2-byte config write to 0000:00:02.0 offset 0x88 may corrupt adjacent RW1C bits
[   18.886428] pci_bus 0000:00: 2-byte config write to 0000:00:02.0 offset 0x90 may corrupt adjacent RW1C bits
[   18.886434] pci_bus 0000:00: 2-byte config write to 0000:00:01.0 offset 0x88 may corrupt adjacent RW1C bits
[   18.886440] pci_bus 0000:00: 2-byte config write to 0000:00:02.0 offset 0x98 may corrupt adjacent RW1C bits
[   18.886446] pci_bus 0000:00: 2-byte config write to 0000:00:01.0 offset 0x90 may corrupt adjacent RW1C bits
[   18.886452] pci_bus 0000:00: 2-byte config write to 0000:00:02.0 offset 0x9c may corrupt adjacent RW1C bits
[   18.886560] pcieport 0000:00:02.0: nv_msi_ht_cap_quirk didn't locate host bridge
[   18.886562] pcieport 0000:00:01.0: nv_msi_ht_cap_quirk didn't locate host bridge
[   18.964429] tegra-hdmi 54280000.hdmi: cannot set audio to 48000 Hz at 297000000 Hz pixel clock
[   19.235776] OOM killer enabled.
[   19.238911] Restarting tasks ... done.
[   19.266950] ata1: SATA link down (SStatus 0 SControl 300)
[   19.331541] PM: suspend exit
root@(none):/# 
root@(none):/# NVTB SYSTEM SUSPEND TEST COMPLETE
