
U-Boot SPL 2016.05-rc2 (Apr 21 2016 - 16:23:00)
Trying to boot from RAM


U-Boot 2016.05-rc2 (Apr 21 2016 - 16:23:00 -0700)

TEGRA124
Model: NVIDIA Jetson TK1
Board: NVIDIA Jetson TK1
DRAM:  2 GiB
MC:   Tegra SD/MMC: 0, Tegra SD/MMC: 1
In:    serial
Out:   serial
Err:   serial
Net:   No ethernet found.
Hit any key to stop autoboot:  2  0 
Tegra124 (Jetson TK1) # 
Tegra124 (Jetson TK1) # pci enum
Tegra124 (Jetson TK1) # setenv bootargs 'ignore_loglevel console=ttyS0,115200n8 rw root=PARTUUID=b1791faa-84e8-4e27-83a1-9fb0a77e8803 rootwait gpt debug noinitrd earlyprintk init=/bin/bash'
Tegra124 (Jetson TK1) # setenv ipaddr 192.168.100.102; setenv serverip 192.168.100.1; setenv tftpserverip 192.168.100.1
Tegra124 (Jetson TK1) # tftpboot 0x82000000 zImage.tegra_defconfig%tegra-fw

Warning: eth_rtl8169 using MAC address from ROM
Using eth_rtl8169 device
TFTP from server 192.168.100.1; our IP address is 192.168.100.102
Filename 'zImage.tegra_defconfig%tegra-fw'.
Load address: 0x82000000
Loading: *#################################################################
	 #################################################################
	 #################################################################
	 #################################################################
	 #################################################################
	 #################################################################
	 ##############################################
	 3.3 MiB/s
done
Bytes transferred = 6386144 (6171e0 hex)
Tegra124 (Jetson TK1) # tftpboot 0x83000000 tegra124-jetson-tk1.dtb
Using eth_rtl8169 device
TFTP from server 192.168.100.1; our IP address is 192.168.100.102
Filename 'tegra124-jetson-tk1.dtb'.
Load address: 0x83000000
Loading: *#####
	 3 MiB/s
done
Bytes transferred = 66544 (103f0 hex)
Tegra124 (Jetson TK1) # bootz 0x82000000 - 0x83000000
Kernel image @ 0x82000000 [ 0x000000 - 0x6171e0 ]
## Flattened Device Tree blob at 83000000
   Booting using the fdt blob at 0x83000000
   Using Device Tree in place at 83000000, end 830133ef

Starting kernel ...

[    0.000000] Booting Linux on physical CPU 0x0
[    0.000000] Linux version 4.16.0-rc1-next-20180213-232020-g1e4f572 (jonathanh@sellafield) (gcc version 4.7.3 20130328 (prerelease) (crosstool-NG linaro-1.13.1-4.7-2013.04-20130415 - Linaro GCC 2013.04)) #1 SMP PREEMPT Wed Feb 14 08:02:30 PST 2018
[    0.000000] CPU: ARMv7 Processor [413fc0f3] revision 3 (ARMv7), cr=10c5387d
[    0.000000] CPU: div instructions available: patching division code
[    0.000000] CPU: PIPT / VIPT nonaliasing data cache, PIPT instruction cache
[    0.000000] OF: fdt: Machine model: NVIDIA Tegra124 Jetson TK1
[    0.000000] debug: ignoring loglevel setting.
[    0.000000] bootconsole [earlycon0] enabled
[    0.000000] Memory policy: Data cache writealloc
[    0.000000] cma: Reserved 64 MiB at 0xfbc00000
[    0.000000] On node 0 totalpages: 524032
[    0.000000]   Normal zone: 1536 pages used for memmap
[    0.000000]   Normal zone: 0 pages reserved
[    0.000000]   Normal zone: 196608 pages, LIFO batch:31
[    0.000000]   HighMem zone: 327424 pages, LIFO batch:31
[    0.000000] random: fast init done
[    0.000000] percpu: Embedded 17 pages/cpu @(ptrval) s39296 r8192 d22144 u69632
[    0.000000] pcpu-alloc: s39296 r8192 d22144 u69632 alloc=17*4096
[    0.000000] pcpu-alloc: [0] 0 [0] 1 [0] 2 [0] 3 
[    0.000000] Built 1 zonelists, mobility grouping on.  Total pages: 522496
[    0.000000] Kernel command line: ignore_loglevel console=ttyS0,115200n8 rw root=PARTUUID=b1791faa-84e8-4e27-83a1-9fb0a77e8803 rootwait gpt debug noinitrd earlyprintk init=/bin/bash
[    0.000000] Dentry cache hash table entries: 131072 (order: 7, 524288 bytes)
[    0.000000] Inode-cache hash table entries: 65536 (order: 6, 262144 bytes)
[    0.000000] Memory: 1997464K/2096128K available (9216K kernel code, 783K rwdata, 2848K rodata, 1024K init, 298K bss, 33128K reserved, 65536K cma-reserved, 1244160K highmem)
[    0.000000] Virtual kernel memory layout:
[    0.000000]     vector  : 0xffff0000 - 0xffff1000   (   4 kB)
[    0.000000]     fixmap  : 0xffc00000 - 0xfff00000   (3072 kB)
[    0.000000]     vmalloc : 0xf0800000 - 0xff800000   ( 240 MB)
[    0.000000]     lowmem  : 0xc0000000 - 0xf0000000   ( 768 MB)
[    0.000000]     pkmap   : 0xbfe00000 - 0xc0000000   (   2 MB)
[    0.000000]     modules : 0xbf000000 - 0xbfe00000   (  14 MB)
[    0.000000]       .text : 0x(ptrval) - 0x(ptrval)   (10208 kB)
[    0.000000]       .init : 0x(ptrval) - 0x(ptrval)   (1024 kB)
[    0.000000]       .data : 0x(ptrval) - 0x(ptrval)   ( 784 kB)
[    0.000000]        .bss : 0x(ptrval) - 0x(ptrval)   ( 299 kB)
[    0.000000] Preemptible hierarchical RCU implementation.
[    0.000000] 	Tasks RCU enabled.
[    0.000000] NR_IRQS: 16, nr_irqs: 16, preallocated irqs: 16
[    0.000000] /interrupt-controller@60004000: 160 interrupts forwarded to /interrupt-controller@50041000
[    0.000000] Tegra clk 127: register failed with -17
[    0.000009] sched_clock: 32 bits at 1000kHz, resolution 1000ns, wraps every 2147483647500ns
[    0.007469] clocksource: timer_us: mask: 0xffffffff max_cycles: 0xffffffff, max_idle_ns: 1911260446275 ns
[    0.016997] Switching to timer-based delay loop, resolution 1000ns
[    0.024234] arch_timer: cp15 timer(s) running at 12.00MHz (virt).
[    0.029221] clocksource: arch_sys_counter: mask: 0xffffffffffffff max_cycles: 0x2c47f4ee7, max_idle_ns: 440795202497 ns
[    0.039968] sched_clock: 56 bits at 12MHz, resolution 83ns, wraps every 4398046511096ns
[    0.047937] Switching to timer-based delay loop, resolution 83ns
[    0.054410] Console: colour dummy device 80x30
[    0.058352] Calibrating delay loop (skipped), value calculated using timer frequency.. 24.00 BogoMIPS (lpj=120000)
[    0.068662] pid_max: default: 32768 minimum: 301
[    0.073743] Mount-cache hash table entries: 2048 (order: 1, 8192 bytes)
[    0.079847] Mountpoint-cache hash table entries: 2048 (order: 1, 8192 bytes)
[    0.087680] CPU: Testing write buffer coherency: ok
[    0.092013] /cpus/cpu@0 missing clock-frequency property
[    0.097019] /cpus/cpu@1 missing clock-frequency property
[    0.102329] /cpus/cpu@2 missing clock-frequency property
[    0.107594] /cpus/cpu@3 missing clock-frequency property
[    0.112865] CPU0: thread -1, cpu 0, socket 0, mpidr 80000000
[    0.152981] Setting up static identity map for 0x80100000 - 0x801000a0
[    0.157735] Hierarchical SRCU implementation.
[    0.173538] Tegra Revision: A01 SKU: 129 CPU Process: 1 SoC Process: 1
[    0.193005] smp: Bringing up secondary CPUs ...
[    0.243632] CPU1: thread -1, cpu 1, socket 0, mpidr 80000001
[    0.323750] CPU2: thread -1, cpu 2, socket 0, mpidr 80000002
[    0.403868] CPU3: thread -1, cpu 3, socket 0, mpidr 80000003
[    0.413445] smp: Brought up 1 node, 4 CPUs
[    0.432550] SMP: Total of 4 processors activated (96.00 BogoMIPS).
[    0.438702] CPU: All CPU(s) started in SVC mode.
[    0.445150] devtmpfs: initialized
[    0.466425] Built 1 zonelists, mobility grouping on.  Total pages: 515750
[    0.471690] VFP support v0.3: implementor 41 architecture 4 part 30 variant f rev 0
[    0.479265] clocksource: jiffies: mask: 0xffffffff max_cycles: 0xffffffff, max_idle_ns: 19112604462750000 ns
[    0.488748] futex hash table entries: 1024 (order: 4, 65536 bytes)
[    0.495138] pinctrl core: initialized pinctrl subsystem
[    0.501300] NET: Registered protocol family 16
[    0.505756] DMA: preallocated 256 KiB pool for atomic coherent allocations
[    0.512778] cpuidle: using governor menu
[    0.537799] No ATAGs?
[    0.537935] hw-breakpoint: found 5 (+1 reserved) breakpoint and 4 watchpoint registers.
[    0.546297] hw-breakpoint: maximum watchpoint size is 8 bytes.
[    0.554040] iommu: Adding device 50000000.host1x to group 0
[    0.557809] iommu: Adding device 54200000.dc to group 1
[    0.562953] iommu: Adding device 54240000.dc to group 1
[    0.568192] iommu: Adding device 57000000.gpu to group 2
[    0.590433] +5V_SYS: supplied by +VDD_MUX
[    0.592936] +3.3V_SYS: supplied by +VDD_MUX
[    0.597525] +USB0_VBUS_SW: Failed to request enable GPIO108: -517
[    0.602802] reg-fixed-voltage regulators:regulator@7: Failed to register regulator: -517
[    0.610939] +5V_USB_HS: Failed to request enable GPIO109: -517
[    0.616658] reg-fixed-voltage regulators:regulator@8: Failed to register regulator: -517
[    0.624914] +1.05V_RUN_AVDD_HDMI_PLL: Failed to request enable GPIO63: -517
[    0.631683] reg-fixed-voltage regulators:regulator@11: Failed to register regulator: -517
[    0.639887] +5V_HDMI_CON: Failed to request enable GPIO86: -517
[    0.645690] reg-fixed-voltage regulators:regulator@12: Failed to register regulator: -517
[    0.653925] +5V_SATA: Failed to request enable GPIO242: -517
[    0.659466] reg-fixed-voltage regulators:regulator@13: Failed to register regulator: -517
[    0.667704] +12V_SATA: Failed to request enable GPIO242: -517
[    0.673331] reg-fixed-voltage regulators:regulator@14: Failed to register regulator: -517
[    0.682759] vgaarb: loaded
[    0.684929] SCSI subsystem initialized
[    0.688126] libata version 3.00 loaded.
[    0.692013] usbcore: registered new interface driver usbfs
[    0.697234] usbcore: registered new interface driver hub
[    0.702534] usbcore: registered new device driver usb
[    0.710712] Linux video capture interface: v2.00
[    0.713496] pps_core: LinuxPPS API ver. 1 registered
[    0.718387] pps_core: Software ver. 5.3.6 - Copyright 2005-2007 Rodolfo Giometti <giometti@linux.it>
[    0.727497] PTP clock support registered
[    0.732809] Advanced Linux Sound Architecture Driver Initialized.
[    0.738083] Bluetooth: Core ver 2.22
[    0.741031] NET: Registered protocol family 31
[    0.745428] Bluetooth: HCI device and connection manager initialized
[    0.751732] Bluetooth: HCI socket layer initialized
[    0.756609] Bluetooth: L2CAP socket layer initialized
[    0.761639] Bluetooth: SCO socket layer initialized
[    0.767084] clocksource: Switched to clocksource arch_sys_counter
[    0.865002] NET: Registered protocol family 2
[    0.868465] tcp_listen_portaddr_hash hash table entries: 512 (order: 0, 6144 bytes)
[    0.875142] TCP established hash table entries: 8192 (order: 3, 32768 bytes)
[    0.882226] TCP bind hash table entries: 8192 (order: 4, 65536 bytes)
[    0.888710] TCP: Hash tables configured (established 8192 bind 8192)
[    0.895325] UDP hash table entries: 512 (order: 2, 16384 bytes)
[    0.900794] UDP-Lite hash table entries: 512 (order: 2, 16384 bytes)
[    0.907404] NET: Registered protocol family 1
[    0.922194] RPC: Registered named UNIX socket transport module.
[    0.926200] RPC: Registered udp transport module.
[    0.930931] RPC: Registered tcp transport module.
[    0.935560] RPC: Registered tcp NFSv4.1 backchannel transport module.
[    0.942628] PCI: CLS 0 bytes, default 64
[    0.947722] hw perfevents: enabled with armv7_cortex_a15 PMU driver, 7 counters available
[    0.955811] Initialise system trusted keyrings
[    0.958646] workingset: timestamp_bits=30 max_order=19 bucket_order=0
[    0.966205] squashfs: version 4.0 (2009/01/31) Phillip Lougher
[    0.971484] NFS: Registering the id_resolver key type
[    0.975706] Key type id_resolver registered
[    0.979880] Key type id_legacy registered
[    0.988734] Key type asymmetric registered
[    0.990920] Asymmetric key parser 'x509' registered
[    0.995904] bounce: pool size: 64 pages
[    0.999692] io scheduler noop registered (default)
[    1.004354] io scheduler mq-deadline registered
[    1.008883] io scheduler kyber registered
[    1.014666]  usb2-0: usb2-0 supply vbus not found, using dummy regulator
[    1.019846]  usb2-1: usb2-1 supply vbus not found, using dummy regulator
[    1.026611] tegra-xusb-padctl 7009f000.padctl: failed to setup XUSB ports: -517
[    1.042697] tegra-pcie 1003000.pcie: 2x1, 1x1 configuration
[    1.046402] tegra-pcie 1003000.pcie: Failed to get supply 'avddio-pex': -517
[    1.056350] tegra124-dfll 70110000.clock: couldn't get vdd_cpu regulator
[    1.067024] tegra-apbdma 60020000.dma: Tegra20 APB DMA driver register 32 channels
[    1.074021] tegra-pmc 7000e400.pmc: emergency thermal reset enabled
[    1.079594] Serial: 8250/16550 driver, 4 ports, IRQ sharing disabled
[    1.087143] console [ttyS0] disabled
[    1.088855] 70006300.serial: ttyS0 at MMIO 0x70006300 (irq = 335, base_baud = 25500000) is a Tegra
[    1.098165] console [ttyS0] enabled
[    1.098165] console [ttyS0] enabled
[    1.103980] bootconsole [earlycon0] disabled
[    1.103980] bootconsole [earlycon0] disabled
[    1.113367] 70006000.serial: ttyTHS1 at MMIO 0x70006000 (irq = 333, base_baud = 0) is a TEGRA_UART
[    1.124413] 70006040.serial: ttyTHS2 at MMIO 0x70006040 (irq = 334, base_baud = 0) is a TEGRA_UART
[    1.153149] tegra-hdmi 54280000.hdmi: failed to get HDMI regulator
[    1.172988] loop: module loaded
[    1.177605] at24 0-0056: 256 byte 24c02 EEPROM, writable, 8 bytes/write
[    1.185033] as3722 4-0040: AS3722 with revision 0x1 found
[    1.197254] as3722-sd2: supplied by +5V_SYS
[    1.201917] as3722-sd3: supplied by +5V_SYS
[    1.206336] +1.35V_LP0(sd3): Bringing 0uV into 1350000-1350000uV
[    1.212742] as3722-sd4: supplied by +5V_SYS
[    1.217436] as3722-sd5: supplied by +5V_SYS
[    1.223513] as3722-ldo0: supplied by +1.35V_LP0(sd2)
[    1.229699] +1.8V_RUN_CAM: Bringing 0uV into 1800000-1800000uV
[    1.235935] as3722-ldo2: supplied by +1.8V_VDDIO
[    1.241892] as3722-ldo3: supplied by +3.3V_SYS
[    1.246393] +1.05V_LP0_VDD_RTC: Bringing 1100000uV into 1000000-1000000uV
[    1.254228] as3722-ldo4: supplied by +3.3V_SYS
[    1.258930] +2.8V_RUN_CAM: Bringing 0uV into 2800000-2800000uV
[    1.265161] as3722-ldo5: supplied by +1.8V_VDDIO
[    1.270037] +1.2V_RUN_CAM_FRONT: Bringing 0uV into 1200000-1200000uV
[    1.277000] +VDDIO_SDMMC3: bypassed regulator has no supply!
[    1.282682] +VDDIO_SDMMC3: failed to get the current voltage(-517)
[    1.288878] as3722-regulator as3722-regulator: regulator 13 register failed -517
[    1.300268] tegra-ahci 70027000.sata: couldn't get PHY in node sata: -517
[    1.318654] m25p80 spi1.0: w25q32dw (4096 Kbytes)
[    1.335562] libphy: Fixed MDIO Bus: probed
[    1.339686] CAN device driver interface
[    1.343570] igb: Intel(R) Gigabit Ethernet Network Driver - version 5.4.0-k
[    1.350695] igb: Copyright (c) 2007-2014 Intel Corporation.
[    1.356405] pegasus: v0.9.3 (2013/04/25), Pegasus/Pegasus II USB Ethernet driver
[    1.363889] usbcore: registered new interface driver pegasus
[    1.369638] usbcore: registered new interface driver asix
[    1.375083] usbcore: registered new interface driver ax88179_178a
[    1.381247] usbcore: registered new interface driver cdc_ether
[    1.387161] usbcore: registered new interface driver smsc75xx
[    1.392964] usbcore: registered new interface driver smsc95xx
[    1.398773] usbcore: registered new interface driver net1080
[    1.404477] usbcore: registered new interface driver cdc_subset
[    1.410469] usbcore: registered new interface driver zaurus
[    1.416107] usbcore: registered new interface driver cdc_ncm
[    1.422020] tegra-phy 7d000000.usb-phy: no vbus regulator
[    1.427669] tegra-phy 7d004000.usb-phy: no vbus regulator
[    1.433365] ehci_hcd: USB 2.0 'Enhanced' Host Controller (EHCI) Driver
[    1.439906] ehci-pci: EHCI PCI platform driver
[    1.444401] tegra-ehci: Tegra EHCI driver
[    1.451270] tegra-ehci 7d004000.usb: EHCI Host Controller
[    1.456687] tegra-ehci 7d004000.usb: new USB bus registered, assigned bus number 1
[    1.464507] tegra-ehci 7d004000.usb: irq 356, io mem 0x7d004000
[    1.497116] tegra-ehci 7d004000.usb: USB 2.0 started, EHCI 1.10
[    1.503943] hub 1-0:1.0: USB hub found
[    1.507762] hub 1-0:1.0: 1 port detected
[    1.512923] usbcore: registered new interface driver cdc_acm
[    1.518598] cdc_acm: USB Abstract Control Model driver for USB modems and ISDN adapters
[    1.526648] usbcore: registered new interface driver cdc_wdm
[    1.532409] usbcore: registered new interface driver usb-storage
[    1.546666] as3722-rtc as3722-rtc: rtc core: registered as3722-rtc as rtc0
[    1.553560] as3722-rtc as3722-rtc: RTC interrupt 379
[    1.561361] tegra_rtc 7000e000.rtc: rtc core: registered 7000e000.rtc as rtc1
[    1.568570] tegra_rtc 7000e000.rtc: Tegra internal Real Time Clock
[    1.575086] i2c /dev entries driver
[    1.579869] usbcore: registered new interface driver uvcvideo
[    1.585608] USB Video Class driver (1.1.1)
[    1.589722] gspca_main: v2.14.0 registered
[    1.594454] lm90 0-004c: 0-004c supply vcc not found, using dummy regulator
[    1.604785] tegra-wdt 60005000.timer: initialized (heartbeat = 120 sec, nowayout = 0)
[    1.613678] sdhci: Secure Digital Host Controller Interface driver
[    1.620003] sdhci: Copyright(c) Pierre Ossman
[    1.624355] sdhci-pltfm: SDHCI platform and OF driver helper
[    1.630375] sdhci-tegra 700b0400.sdhci: Got CD GPIO
[    1.635278] sdhci-tegra 700b0400.sdhci: Got WP GPIO
[    1.656625] mmc0: Unknown controller version (3). You may experience problems.
[    1.663906] mmc0: Invalid maximum block size, assuming 512 bytes
[    1.701042] mmc0: SDHCI controller on 700b0600.sdhci [700b0600.sdhci] using ADMA
[    1.709425] usbcore: registered new interface driver usbhid
[    1.715032] usbhid: USB HID core driver
[    1.758993] mmc0: new high speed MMC card at address 0001
[    1.769698] mmcblk0: mmc0:0001 SEM16G 14.7 GiB 
[    1.779351] mmcblk0boot0: mmc0:0001 SEM16G partition 1 4.00 MiB
[    1.790446] mmcblk0boot1: mmc0:0001 SEM16G partition 2 4.00 MiB
[    1.796592] mmcblk0rpmb: mmc0:0001 SEM16G partition 3 4.00 MiB, chardev (247:0)
[    1.805777]  mmcblk0: p1
[    2.158456] tegra30-i2s 70301100.i2s: DMA channels sourced from device 70300000.ahub
[    2.178142] tegra30-i2s 70301100.i2s: ASoC: Failed to create component debugfs directory
[    2.186864] tegra-snd-rt5640 sound: rt5640-aif1 <-> 70301100.i2s mapping ok
[    2.197824] input: NVIDIA Tegra Jetson TK1 Headphones as /devices/soc0/sound/sound/card1/input0
[    2.209069] NET: Registered protocol family 10
[    2.214920] Segment Routing with IPv6
[    2.218786] mip6: Mobile IPv6
[    2.221754] sit: IPv6, IPv4 and MPLS over IPv4 tunneling driver
[    2.229191] NET: Registered protocol family 17
[    2.233647] NET: Registered protocol family 15
[    2.238154] can: controller area network core (rev 20170425 abi 9)
[    2.244553] NET: Registered protocol family 29
[    2.249018] can: raw protocol (rev 20170425)
[    2.253284] can: broadcast manager protocol (rev 20170425 t)
[    2.258964] can: netlink gateway (rev 20170425) max_hops=1
[    2.264633] Bluetooth: RFCOMM socket layer initialized
[    2.269839] Bluetooth: RFCOMM ver 1.11
[    2.273608] Bluetooth: BNEP (Ethernet Emulation) ver 1.3
[    2.278942] Bluetooth: BNEP socket layer initialized
[    2.283901] Bluetooth: HIDP (Human Interface Emulation) ver 1.2
[    2.289834] Bluetooth: HIDP socket layer initialized
[    2.295011] Key type dns_resolver registered
[    2.299840] Registering SWP/SWPB emulation handler
[    2.305443] Loading compiled-in X.509 certificates
[    2.329982] +3.3V_RUN: supplied by +3.3V_SYS
[    2.335041] +USB0_VBUS_SW: supplied by +5V_SYS
[    2.339906] +3.3V_AVDD_HDMI_AP_GATED: supplied by +3.3V_RUN
[    2.345774] +5V_USB_HS: supplied by +5V_SYS
[    2.351006] +3.3V_LP0: supplied by +3.3V_SYS
[    2.356275] +5V_HDMI_CON: supplied by +5V_SYS
[    2.361390] +5V_SATA: supplied by +5V_SYS
[    2.365860] +12V_SATA: supplied by +VDD_MUX
[    2.371471]  usb2-0: usb2-0 supply vbus not found, using dummy regulator
[    2.378384]  usb2-1: usb2-1 supply vbus not found, using dummy regulator
[    2.385411]  usb3-0: usb3-0 supply vbus not found, using dummy regulator
[    2.393006] tegra-pcie 1003000.pcie: 2x1, 1x1 configuration
[    2.398647] tegra-pcie 1003000.pcie: Failed to get supply 'avddio-pex': -517
[    2.407786] tegra124-dfll 70110000.clock: couldn't get vdd_cpu regulator
[    2.416502] tegra-hdmi 54280000.hdmi: failed to get PLL regulator
[    2.425386] as3722-sd2: supplied by +5V_SYS
[    2.429927] as3722-sd3: supplied by +5V_SYS
[    2.434408] as3722-sd4: supplied by +5V_SYS
[    2.439097] as3722-sd5: supplied by +5V_SYS
[    2.444787] as3722-ldo0: supplied by +1.35V_LP0(sd2)
[    2.450765] as3722-ldo1: supplied by +3.3V_RUN
[    2.455514] as3722-ldo2: supplied by +1.8V_VDDIO
[    2.461221] as3722-ldo3: supplied by +3.3V_SYS
[    2.466602] as3722-ldo4: supplied by +3.3V_SYS
[    2.471391] as3722-ldo5: supplied by +1.8V_VDDIO
[    2.476309] as3722-ldo6: supplied by +3.3V_RUN
[    2.482023] input: tegra-hda HDMI/DP,pcm=3 as /devices/soc0/70030000.hda/sound/card0/input1
[    2.490627] as3722-ldo7: supplied by +1.8V_VDDIO
[    2.496181] +1.05V_RUN_CAM_REAR: Bringing 0uV into 1050000-1050000uV
[    2.503298] as3722-ldo9: supplied by +5V_SYS
[    2.508804] +3.3V_RUN_TOUCH: Bringing 0uV into 2800000-2800000uV
[    2.515526] as3722-ldo10: supplied by +5V_SYS
[    2.520674] +2.8V_RUN_CAM_AF: Bringing 0uV into 2800000-2800000uV
[    2.527501] as3722-ldo11: supplied by +3.3V_RUN
[    2.532782] +1.8V_RUN_VPP_FUSE: Bringing 0uV into 1800000-1800000uV
[    2.542082] tegra-ahci 70027000.sata: AHCI 0001.0301 32 slots 2 ports 3 Gbps 0x1 impl platform mode
[    2.551162] tegra-ahci 70027000.sata: flags: 64bit ncq sntf pm led pio slum part sadm sds apst 
[    2.561674] scsi host0: tegra-ahci
[    2.566092] scsi host1: tegra-ahci
[    2.569843] ata1: SATA max UDMA/133 mmio [mem 0x70027000-0x70028fff] port 0x100 irq 345
[    2.577859] ata2: DUMMY
[    2.581723] tegra-ehci 7d008000.usb: EHCI Host Controller
[    2.587205] tegra-ehci 7d008000.usb: new USB bus registered, assigned bus number 2
[    2.595040] tegra-ehci 7d008000.usb: irq 357, io mem 0x7d008000
[    2.627216] tegra-ehci 7d008000.usb: USB 2.0 started, EHCI 1.10
[    2.634343] hub 2-0:1.0: USB hub found
[    2.638216] hub 2-0:1.0: 1 port detected
[    2.717836] tegra-xusb 70090000.usb: Firmware timestamp: 2014-09-16 02:10:07 UTC
[    2.725262] tegra-xusb 70090000.usb: xHCI Host Controller
[    2.730709] tegra-xusb 70090000.usb: new USB bus registered, assigned bus number 3
[    2.740836] tegra-xusb 70090000.usb: hcc params 0x0184f525 hci version 0x100 quirks 0x00010010
[    2.749520] tegra-xusb 70090000.usb: irq 347, io mem 0x70090000
[    2.756886] hub 3-0:1.0: USB hub found
[    2.760764] hub 3-0:1.0: 6 ports detected
[    2.765635] tegra-xusb 70090000.usb: xHCI Host Controller
[    2.771112] tegra-xusb 70090000.usb: new USB bus registered, assigned bus number 4
[    2.778872] usb usb4: We don't know the algorithms for LPM for this host, disabling LPM.
[    2.788125] hub 4-0:1.0: USB hub found
[    2.791948] hub 4-0:1.0: 2 ports detected
[    2.798114] sdhci-tegra 700b0400.sdhci: Got CD GPIO
[    2.803059] sdhci-tegra 700b0400.sdhci: Got WP GPIO
[    2.816367] mmc1: Unknown controller version (3). You may experience problems.
[    2.823751] mmc1: Invalid maximum block size, assuming 512 bytes
[    2.860426] mmc1: SDHCI controller on 700b0400.sdhci [700b0400.sdhci] using ADMA
[    2.868185] tegra-pcie 1003000.pcie: 2x1, 1x1 configuration
[    2.875996] tegra-pcie 1003000.pcie: probing port 0, using 2 lanes
[    2.883846] tegra-pcie 1003000.pcie: Slot present pin change, signature: 00000008
[    2.908584] tegra-pcie 1003000.pcie: probing port 1, using 1 lanes
[    2.910305] ata1: SATA link down (SStatus 0 SControl 300)
[    2.916888] tegra-pcie 1003000.pcie: Slot present pin change, signature: 00000000
[    2.932139] tegra-pcie 1003000.pcie: PCI host bridge to bus 0000:00
[    2.938453] pci_bus 0000:00: root bus resource [io  0x0000-0xffff]
[    2.944687] pci_bus 0000:00: root bus resource [mem 0x13000000-0x1fffffff]
[    2.951637] pci_bus 0000:00: root bus resource [mem 0x20000000-0x3fffffff pref]
[    2.959005] pci_bus 0000:00: root bus resource [bus 00-ff]
[    2.964542] pci 0000:00:01.0: [10de:0e12] type 01 class 0x060400
[    2.970612] pci_bus 0000:00: 2-byte config write to 0000:00:01.0 offset 0x4 may corrupt adjacent RW1C bits
[    2.980333] pci_bus 0000:00: 2-byte config write to 0000:00:01.0 offset 0x4 may corrupt adjacent RW1C bits
[    2.990066] pci 0000:00:01.0: enabling Extended Tags
[    2.995030] pci_bus 0000:00: 2-byte config write to 0000:00:01.0 offset 0x88 may corrupt adjacent RW1C bits
[    3.004838] pci_bus 0000:00: 2-byte config write to 0000:00:01.0 offset 0x52 may corrupt adjacent RW1C bits
[    3.014680] pci 0000:00:01.0: PME# supported from D0 D1 D2 D3hot D3cold
[    3.021355] pci_bus 0000:00: 2-byte config write to 0000:00:01.0 offset 0x4c may corrupt adjacent RW1C bits
[    3.031368] pci 0000:00:02.0: [10de:0e13] type 01 class 0x060400
[    3.037448] pci_bus 0000:00: 2-byte config write to 0000:00:02.0 offset 0x4 may corrupt adjacent RW1C bits
[    3.047243] pci_bus 0000:00: 2-byte config write to 0000:00:02.0 offset 0x4 may corrupt adjacent RW1C bits
[    3.056964] pci 0000:00:02.0: enabling Extended Tags
[    3.061952] pci_bus 0000:00: 2-byte config write to 0000:00:02.0 offset 0x88 may corrupt adjacent RW1C bits
[    3.071764] pci_bus 0000:00: 2-byte config write to 0000:00:02.0 offset 0x52 may corrupt adjacent RW1C bits
[    3.081609] pci 0000:00:02.0: PME# supported from D0 D1 D2 D3hot D3cold
[    3.088283] pci_bus 0000:00: 2-byte config write to 0000:00:02.0 offset 0x4c may corrupt adjacent RW1C bits
[    3.098334] PCI: bus0: Fast back to back transfers disabled
[    3.103949] pci 0000:00:01.0: bridge configuration invalid ([bus 00-00]), reconfiguring
[    3.112031] pci 0000:00:02.0: bridge configuration invalid ([bus 00-00]), reconfiguring
[    3.120328] pci 0000:01:00.0: [8086:4232] type 00 class 0x028000
[    3.126481] pci 0000:01:00.0: reg 0x10: [mem 0x00000000-0x00001fff 64bit]
[    3.133564] pci 0000:01:00.0: PME# supported from D0 D3hot D3cold
[    3.150377] mmc1: new high speed SDHC card at address aaaa
[    3.161219] mmcblk1: mmc1:aaaa SD04G 3.69 GiB 
[    3.167207] PCI: bus1: Fast back to back transfers disabled
[    3.172877] pci_bus 0000:01: busn_res: [bus 01-ff] end is updated to 01
[    3.179782] pci 0000:02:00.0: [10ec:8168] type 00 class 0x020000
[    3.185845] pci 0000:02:00.0: reg 0x10: [io  0x0000-0x00ff]
[    3.191771] pci 0000:02:00.0: reg 0x18: [mem 0x00000000-0x00000fff 64bit]
[    3.198764] pci 0000:02:00.0: reg 0x20: [mem 0x00000000-0x00003fff 64bit pref]
[    3.206301] pci 0000:02:00.0: supports D1 D2
[    3.210745] pci 0000:02:00.0: PME# supported from D0 D1 D2 D3hot D3cold
[    3.222351]  mmcblk1: p1 p2 p3
[    3.247281] PCI: bus2: Fast back to back transfers disabled
[    3.252874] pci_bus 0000:02: busn_res: [bus 02-ff] end is updated to 02
[    3.259599] pci 0000:00:01.0: BAR 8: assigned [mem 0x13000000-0x130fffff]
[    3.266382] pci 0000:00:02.0: BAR 8: assigned [mem 0x13100000-0x131fffff]
[    3.273236] pci 0000:00:02.0: BAR 9: assigned [mem 0x20000000-0x200fffff 64bit pref]
[    3.281041] pci 0000:00:02.0: BAR 7: assigned [io  0x1000-0x1fff]
[    3.287166] pci 0000:01:00.0: BAR 0: assigned [mem 0x13000000-0x13001fff 64bit]
[    3.294507] pci 0000:00:01.0: PCI bridge to [bus 01]
[    3.299526] pci 0000:00:01.0:   bridge window [mem 0x13000000-0x130fffff]
[    3.306326] pci 0000:02:00.0: BAR 4: assigned [mem 0x20000000-0x20003fff 64bit pref]
[    3.314099] pci 0000:02:00.0: BAR 2: assigned [mem 0x13100000-0x13100fff 64bit]
[    3.321436] pci 0000:02:00.0: BAR 0: assigned [io  0x1000-0x10ff]
[    3.327550] pci 0000:00:02.0: PCI bridge to [bus 02]
[    3.332511] pci 0000:00:02.0:   bridge window [io  0x1000-0x1fff]
[    3.338621] pci 0000:00:02.0:   bridge window [mem 0x13100000-0x131fffff]
[    3.345402] pci 0000:00:02.0:   bridge window [mem 0x20000000-0x200fffff 64bit pref]
[    3.353184] pci 0000:00:01.0: nv_msi_ht_cap_quirk didn't locate host bridge
[    3.360303] pcieport 0000:00:01.0: enabling device (0140 -> 0142)
[    3.366703] pcieport 0000:00:01.0: Signaling PME with IRQ 395
[    3.372648] pci 0000:00:02.0: nv_msi_ht_cap_quirk didn't locate host bridge
[    3.379725] pcieport 0000:00:02.0: enabling device (0140 -> 0143)
[    3.386079] pcieport 0000:00:02.0: Signaling PME with IRQ 396
[    3.392217] r8169 Gigabit Ethernet driver 2.3LK-NAPI loaded
[    3.397853] r8169 0000:02:00.0: enabling device (0140 -> 0143)
[    3.428964] r8169 0000:02:00.0 eth0: RTL8168g/8111g at 0xa8ddfb9d, 00:04:4b:3a:d9:81, XID 0c000800 IRQ 397
[    3.438643] r8169 0000:02:00.0 eth0: jumbo features [frames: 9200 bytes, tx checksumming: ko]
[    3.450829] +1.05V_RUN_AVDD_HDMI_PLL: supplied by +1.05V_RUN
[    3.460124] [drm] Supports vblank timestamp caching Rev 2 (21.10.2013).
[    3.466752] [drm] No driver support for vblank timestamp query.
[    3.606751] tegra-hdmi 54280000.hdmi: cannot set audio to 48000 Hz at 297000000 Hz pixel clock
[    3.770503] Console: switching to colour frame buffer device 512x135
[    3.866592] drm drm: fb0:  frame buffer device
[    3.871246] [drm] Initialized tegra 0.0.0 20120330 for drm on minor 0
[    3.878671] cpufreq: cpufreq_online: CPU0: Running at unlisted freq: 696000 KHz
[    3.885996] cpufreq: cpufreq_online: CPU0: Unlisted initial frequency changed to: 714000 KHz
[    3.895043] input: gpio-keys as /devices/soc0/gpio-keys/input/input2
[    3.902444] as3722-rtc as3722-rtc: setting system clock to 2000-01-01 00:03:03 UTC (946684983)
[    3.911203] cfg80211: Loading compiled-in X.509 certificates for regulatory database
[    3.920537] cfg80211: Loaded X.509 cert 'sforshee: 00b28ddf47aef9cea7'
[    3.927295] platform regulatory.0: Direct firmware load for regulatory.db failed with error -2
[    3.935894] cfg80211: failed to load regulatory.db
[    3.937448] +USB0_VBUS_SW: disabling
[    3.944248] +1.8V_RUN_CAM: disabling
[    3.948095] +2.8V_RUN_CAM: disabling
[    3.951905] +1.2V_RUN_CAM_FRONT: disabling
[    3.956178] +1.05V_RUN_CAM_REAR: disabling
[    3.960545] +3.3V_RUN_TOUCH: disabling
[    3.964526] +2.8V_RUN_CAM_AF: disabling
[    3.968574] +1.8V_RUN_VPP_FUSE: disabling
[    3.972747] ALSA device list:
[    3.975711]   #0: tegra-hda at 0x70038000 irq 346
[    3.980433]   #1: NVIDIA Tegra Jetson TK1
[    3.985363] EXT4-fs (mmcblk0p1): mounting ext3 file system using the ext4 subsystem
[    4.007055] EXT4-fs (mmcblk0p1): recovery complete
[    4.011917] EXT4-fs (mmcblk0p1): mounted filesystem with ordered data mode. Opts: (null)
[    4.020076] VFS: Mounted root (ext3 filesystem) on device 179:1.
[    4.031231] devtmpfs: mounted
[    4.034712] Freeing unused kernel memory: 1024K
bash: cannot set terminal process group (-1): Inappropriate ioctl for device
bash: no job control in this shell
root@(none):/# mount -t sysfs none /sys
root@(none):/# 
root@(none):/# mount -t debugfs none /sys/kernel/debug
root@(none):/# 
root@(none):/# rtcwake -d rtc1 -m mem -s 3
rtcwake: assuming RTC uses UTC ...
rtcwake: wakeup from "mem" using /dev/rtc1 at Thu Jan  1 00:00:21 1970
[    7.247258] PM: suspend entry (deep)
[    7.250844] PM: Syncing filesystems ... done.
[    7.259778] Freezing user space processes ... (elapsed 0.001 seconds) done.
[    7.261102] OOM killer disabled.
[    7.261107] Freezing remaining freezable tasks ... (elapsed 0.001 seconds) done.
[    7.262465] Suspending console(s) (use no_console_suspend to debug)
[    7.689155] Disabling non-boot CPUs ...
[    7.797677] IRQ17 no longer affine to CPU2
[    7.868686] Entering suspend state LP1
[    7.868714] Enabling non-boot CPUs ...
[    7.869607] CPU1 is up
[    7.870425] CPU2 is up
[    7.871303] CPU3 is up
[    7.871945] pcieport 0000:00:01.0: nv_msi_ht_cap_quirk didn't locate host bridge
[    7.872137] pcieport 0000:00:02.0: nv_msi_ht_cap_quirk didn't locate host bridge
[    7.947535] tegra-hdmi 54280000.hdmi: cannot set audio to 48000 Hz at 297000000 Hz pixel clock
[    8.249864] ata1: SATA link down (SStatus 0 SControl 300)
[   10.918961] OOM killer enabled.
[   10.922090] Restarting tasks ... done.
root@(none):/# 
root@(none):/# [   10.926578] PM: suspend exit
rtcwake -d rtc1 -m mem -s 3
rtcwake: assuming RTC uses UTC ...
rtcwake: wakeup from "mem" using /dev/rtc1 at Thu Jan  1 00:00:28 1970
[   11.474872] PM: suspend entry (deep)
[   11.478670] PM: Syncing filesystems ... done.
[   11.484296] Freezing user space processes ... (elapsed 0.001 seconds) done.
[   11.485595] OOM killer disabled.
[   11.485599] Freezing remaining freezable tasks ... (elapsed 0.001 seconds) done.
[   11.486897] Suspending console(s) (use no_console_suspend to debug)
[   11.628057] pci_generic_config_write32: 80 callbacks suppressed
[   11.628069] pci_bus 0000:00: 2-byte config write to 0000:00:02.0 offset 0x9c may corrupt adjacent RW1C bits
[   11.628111] pci_bus 0000:00: 2-byte config write to 0000:00:01.0 offset 0x9c may corrupt adjacent RW1C bits
[   11.868905] Disabling non-boot CPUs ...
[   12.028533] Entering suspend state LP1
[   12.028560] Enabling non-boot CPUs ...
[   12.029471] CPU1 is up
[   12.030305] CPU2 is up
[   12.031202] CPU3 is up
[   12.031755] pci_bus 0000:00: 2-byte config write to 0000:00:02.0 offset 0x4c may corrupt adjacent RW1C bits
[   12.031767] pci_bus 0000:00: 2-byte config write to 0000:00:02.0 offset 0x88 may corrupt adjacent RW1C bits
[   12.031774] pci_bus 0000:00: 2-byte config write to 0000:00:02.0 offset 0x90 may corrupt adjacent RW1C bits
[   12.031780] pci_bus 0000:00: 2-byte config write to 0000:00:02.0 offset 0x98 may corrupt adjacent RW1C bits
[   12.031787] pci_bus 0000:00: 2-byte config write to 0000:00:02.0 offset 0x9c may corrupt adjacent RW1C bits
[   12.031796] pci_bus 0000:00: 2-byte config write to 0000:00:01.0 offset 0x4c may corrupt adjacent RW1C bits
[   12.031802] pci_bus 0000:00: 2-byte config write to 0000:00:02.0 offset 0xa8 may corrupt adjacent RW1C bits
[   12.031808] pci_bus 0000:00: 2-byte config write to 0000:00:02.0 offset 0xb0 may corrupt adjacent RW1C bits
[   12.031914] pcieport 0000:00:02.0: nv_msi_ht_cap_quirk didn't locate host bridge
[   12.031916] pcieport 0000:00:01.0: nv_msi_ht_cap_quirk didn't locate host bridge
[   12.127566] tegra-hdmi 54280000.hdmi: cannot set audio to 48000 Hz at 297000000 Hz pixel clock
[   12.419878] ata1: SATA link down (SStatus 0 SControl 300)
[   15.188196] OOM killer enabled.
[   15.191325] Restarting tasks ... done.
[   15.251776] PM: suspend exit
root@(none):/# 
root@(none):/# rtcwake -d rtc1 -m mem -s 3
rtcwake: assuming RTC uses UTC ...
rtcwake: wakeup from "mem" using /dev/rtc1 at Thu Jan  1 00:00:35 1970
[   15.631485] PM: suspend entry (deep)
[   15.635078] PM: Syncing filesystems ... done.
[   15.641365] Freezing user space processes ... (elapsed 0.001 seconds) done.
[   15.642721] OOM killer disabled.
[   15.642725] Freezing remaining freezable tasks ... (elapsed 0.001 seconds) done.
[   15.644077] Suspending console(s) (use no_console_suspend to debug)
[   16.048871] Disabling non-boot CPUs ...
[   16.147415] IRQ17 no longer affine to CPU2
[   16.208682] Entering suspend state LP1
[   16.208710] Enabling non-boot CPUs ...
[   16.209651] CPU1 is up
[   16.210504] CPU2 is up
[   16.211413] CPU3 is up
[   16.212135] pcieport 0000:00:01.0: nv_msi_ht_cap_quirk didn't locate host bridge
[   16.212146] pcieport 0000:00:02.0: nv_msi_ht_cap_quirk didn't locate host bridge
[   16.297406] tegra-hdmi 54280000.hdmi: cannot set audio to 48000 Hz at 297000000 Hz pixel clock
[   16.599859] ata1: SATA link down (SStatus 0 SControl 300)
[   19.268945] OOM killer enabled.
[   19.272075] Restarting tasks ... done.
root@(none):/# 
root@(none):/# [   19.276422] PM: suspend exit
rtcwake -d rtc1 -m mem -s 3
rtcwake: assuming RTC uses UTC ...
rtcwake: wakeup from "mem" using /dev/rtc1 at Thu Jan  1 00:00:42 1970
[   19.813309] PM: suspend entry (deep)
[   19.816904] PM: Syncing filesystems ... done.
[   19.822436] Freezing user space processes ... (elapsed 0.001 seconds) done.
[   19.823670] OOM killer disabled.
[   19.823672] Freezing remaining freezable tasks ... (elapsed 0.001 seconds) done.
[   19.824929] Suspending console(s) (use no_console_suspend to debug)
[   19.936566] pci_generic_config_write32: 46 callbacks suppressed
[   19.936574] pci_bus 0000:00: 2-byte config write to 0000:00:02.0 offset 0x9c may corrupt adjacent RW1C bits
[   19.936596] pci_bus 0000:00: 2-byte config write to 0000:00:01.0 offset 0x9c may corrupt adjacent RW1C bits
[   20.178024] Disabling non-boot CPUs ...
[   20.217271] IRQ17 no longer affine to CPU1
[   20.327848] Entering suspend state LP1
[   20.327860] Enabling non-boot CPUs ...
[   20.328808] CPU1 is up
[   20.329662] CPU2 is up
[   20.330571] CPU3 is up
[   20.331243] pci_bus 0000:00: 2-byte config write to 0000:00:02.0 offset 0x4c may corrupt adjacent RW1C bits
[   20.331253] pci_bus 0000:00: 2-byte config write to 0000:00:02.0 offset 0x88 may corrupt adjacent RW1C bits
[   20.331259] pci_bus 0000:00: 2-byte config write to 0000:00:02.0 offset 0x90 may corrupt adjacent RW1C bits
[   20.331265] pci_bus 0000:00: 2-byte config write to 0000:00:02.0 offset 0x98 may corrupt adjacent RW1C bits
[   20.331271] pci_bus 0000:00: 2-byte config write to 0000:00:02.0 offset 0x9c may corrupt adjacent RW1C bits
[   20.331276] pci_bus 0000:00: 2-byte config write to 0000:00:02.0 offset 0xa8 may corrupt adjacent RW1C bits
[   20.331282] pci_bus 0000:00: 2-byte config write to 0000:00:02.0 offset 0xb0 may corrupt adjacent RW1C bits
[   20.331311] pci_bus 0000:00: 2-byte config write to 0000:00:02.0 offset 0x52 may corrupt adjacent RW1C bits
[   20.331342] pcieport 0000:00:02.0: nv_msi_ht_cap_quirk didn't locate host bridge
[   20.331447] pcieport 0000:00:01.0: nv_msi_ht_cap_quirk didn't locate host bridge
[   20.407363] tegra-hdmi 54280000.hdmi: cannot set audio to 48000 Hz at 297000000 Hz pixel clock
[   20.709891] ata1: SATA link down (SStatus 0 SControl 300)
[   23.482068] OOM killer enabled.
[   23.485196] Restarting tasks ... done.
root@(none):/# 
root@(none):/# [   23.489511] PM: suspend exit
rtcwake -d rtc1 -m mem -s 3
rtcwake: assuming RTC uses UTC ...
rtcwake: wakeup from "mem" using /dev/rtc1 at Thu Jan  1 00:00:49 1970
[   23.940902] PM: suspend entry (deep)
[   23.944487] PM: Syncing filesystems ... done.
[   23.951464] Freezing user space processes ... (elapsed 0.001 seconds) done.
[   23.952955] OOM killer disabled.
[   23.952962] Freezing remaining freezable tasks ... (elapsed 0.001 seconds) done.
[   23.954491] Suspending console(s) (use no_console_suspend to debug)
[   24.367587] Disabling non-boot CPUs ...
[   24.407150] IRQ17 no longer affine to CPU1
[   24.527682] Entering suspend state LP1
[   24.527710] Enabling non-boot CPUs ...
[   24.528639] CPU1 is up
[   24.529474] CPU2 is up
[   24.530368] CPU3 is up
[   24.531040] pcieport 0000:00:01.0: nv_msi_ht_cap_quirk didn't locate host bridge
[   24.531089] pcieport 0000:00:02.0: nv_msi_ht_cap_quirk didn't locate host bridge
[   24.607427] tegra-hdmi 54280000.hdmi: cannot set audio to 48000 Hz at 297000000 Hz pixel clock
[   24.909850] ata1: SATA link down (SStatus 0 SControl 300)
[   27.578871] OOM killer enabled.
[   27.582003] Restarting tasks ... done.
root@(none):/# 
root@(none):/# [   27.586270] PM: suspend exit
rtcwake -d rtc1 -m mem -s 3
rtcwake: assuming RTC uses UTC ...
rtcwake: wakeup from "mem" using /dev/rtc1 at Thu Jan  1 00:00:56 1970
[   28.133582] PM: suspend entry (deep)
[   28.137376] PM: Syncing filesystems ... done.
[   28.142427] Freezing user space processes ... (elapsed 0.001 seconds) done.
[   28.143736] OOM killer disabled.
[   28.143739] Freezing remaining freezable tasks ... (elapsed 0.001 seconds) done.
[   28.145051] Suspending console(s) (use no_console_suspend to debug)
[   28.246052] pci_generic_config_write32: 46 callbacks suppressed
[   28.246065] pci_bus 0000:00: 2-byte config write to 0000:00:01.0 offset 0x9c may corrupt adjacent RW1C bits
[   28.246359] pci_bus 0000:00: 2-byte config write to 0000:00:02.0 offset 0x9c may corrupt adjacent RW1C bits
[   28.488418] Disabling non-boot CPUs ...
[   28.638050] Entering suspend state LP1
[   28.638062] Enabling non-boot CPUs ...
[   28.639014] CPU1 is up
[   28.639870] CPU2 is up
[   28.640786] CPU3 is up
[   28.641435] pci_bus 0000:00: 2-byte config write to 0000:00:01.0 offset 0x4c may corrupt adjacent RW1C bits
[   28.641447] pci_bus 0000:00: 2-byte config write to 0000:00:01.0 offset 0x88 may corrupt adjacent RW1C bits
[   28.641454] pci_bus 0000:00: 2-byte config write to 0000:00:01.0 offset 0x90 may corrupt adjacent RW1C bits
[   28.641462] pci_bus 0000:00: 2-byte config write to 0000:00:02.0 offset 0x4c may corrupt adjacent RW1C bits
[   28.641469] pci_bus 0000:00: 2-byte config write to 0000:00:01.0 offset 0x98 may corrupt adjacent RW1C bits
[   28.641475] pci_bus 0000:00: 2-byte config write to 0000:00:01.0 offset 0x9c may corrupt adjacent RW1C bits
[   28.641481] pci_bus 0000:00: 2-byte config write to 0000:00:01.0 offset 0xa8 may corrupt adjacent RW1C bits
[   28.641488] pci_bus 0000:00: 2-byte config write to 0000:00:01.0 offset 0xb0 may corrupt adjacent RW1C bits
[   28.641594] pcieport 0000:00:01.0: nv_msi_ht_cap_quirk didn't locate host bridge
[   28.641596] pcieport 0000:00:02.0: nv_msi_ht_cap_quirk didn't locate host bridge
[   28.717389] tegra-hdmi 54280000.hdmi: cannot set audio to 48000 Hz at 297000000 Hz pixel clock
[   29.019762] ata1: SATA link down (SStatus 0 SControl 300)
[   31.787987] OOM killer enabled.
[   31.791116] Restarting tasks ... done.
root@(none):/# 
root@(none):/# [   31.795342] PM: suspend exit
rtcwake -d rtc1 -m mem -s 3
rtcwake: assuming RTC uses UTC ...
rtcwake: wakeup from "mem" using /dev/rtc1 at Thu Jan  1 00:01:03 1970
[   32.243805] PM: suspend entry (deep)
[   32.247601] PM: Syncing filesystems ... done.
[   32.252798] Freezing user space processes ... (elapsed 0.001 seconds) done.
[   32.254095] OOM killer disabled.
[   32.254099] Freezing remaining freezable tasks ... (elapsed 0.001 seconds) done.
[   32.255409] Suspending console(s) (use no_console_suspend to debug)
[   32.598367] Disabling non-boot CPUs ...
[   32.748021] Entering suspend state LP1
[   32.748033] Enabling non-boot CPUs ...
[   32.748985] CPU1 is up
[   32.749841] CPU2 is up
[   32.750757] CPU3 is up
[   32.751444] pcieport 0000:00:01.0: nv_msi_ht_cap_quirk didn't locate host bridge
[   32.751624] pcieport 0000:00:02.0: nv_msi_ht_cap_quirk didn't locate host bridge
[   32.837348] tegra-hdmi 54280000.hdmi: cannot set audio to 48000 Hz at 297000000 Hz pixel clock
[   33.139750] ata1: SATA link down (SStatus 0 SControl 300)
[   35.804818] OOM killer enabled.
[   35.807995] Restarting tasks ... done.
root@(none):/# 
root@(none):/# [   35.812335] PM: suspend exit
rtcwake -d rtc1 -m mem -s 3
rtcwake: assuming RTC uses UTC ...
rtcwake: wakeup from "mem" using /dev/rtc1 at Thu Jan  1 00:01:10 1970
[   36.351315] PM: suspend entry (deep)
[   36.354914] PM: Syncing filesystems ... done.
[   36.361666] Freezing user space processes ... (elapsed 0.001 seconds) done.
[   36.363017] OOM killer disabled.
[   36.363021] Freezing remaining freezable tasks ... (elapsed 0.001 seconds) done.
[   36.364382] Suspending console(s) (use no_console_suspend to debug)
[   36.517858] pci_generic_config_write32: 46 callbacks suppressed
[   36.517870] pci_bus 0000:00: 2-byte config write to 0000:00:02.0 offset 0x9c may corrupt adjacent RW1C bits
[   36.517910] pci_bus 0000:00: 2-byte config write to 0000:00:01.0 offset 0x9c may corrupt adjacent RW1C bits
[   36.758737] Disabling non-boot CPUs ...
[   36.918369] Entering suspend state LP1
[   36.918396] Enabling non-boot CPUs ...
[   36.919331] CPU1 is up
[   36.920181] CPU2 is up
[   36.921099] CPU3 is up
[   36.921661] pci_bus 0000:00: 2-byte config write to 0000:00:01.0 offset 0x4c may corrupt adjacent RW1C bits
[   36.921675] pci_bus 0000:00: 2-byte config write to 0000:00:01.0 offset 0x88 may corrupt adjacent RW1C bits
[   36.921684] pci_bus 0000:00: 2-byte config write to 0000:00:01.0 offset 0x90 may corrupt adjacent RW1C bits
[   36.921690] pci_bus 0000:00: 2-byte config write to 0000:00:01.0 offset 0x98 may corrupt adjacent RW1C bits
[   36.921696] pci_bus 0000:00: 2-byte config write to 0000:00:01.0 offset 0x9c may corrupt adjacent RW1C bits
[   36.921703] pci_bus 0000:00: 2-byte config write to 0000:00:01.0 offset 0xa8 may corrupt adjacent RW1C bits
[   36.921711] pci_bus 0000:00: 2-byte config write to 0000:00:02.0 offset 0x4c may corrupt adjacent RW1C bits
[   36.921717] pci_bus 0000:00: 2-byte config write to 0000:00:01.0 offset 0xb0 may corrupt adjacent RW1C bits
[   36.921823] pcieport 0000:00:01.0: nv_msi_ht_cap_quirk didn't locate host bridge
[   36.921826] pcieport 0000:00:02.0: nv_msi_ht_cap_quirk didn't locate host bridge
[   36.997369] tegra-hdmi 54280000.hdmi: cannot set audio to 48000 Hz at 297000000 Hz pixel clock
[   37.299719] ata1: SATA link down (SStatus 0 SControl 300)
[   40.067975] OOM killer enabled.
[   40.071104] Restarting tasks ... done.
root@(none):/# 
root@(none):/# [   40.075386] PM: suspend exit
rtcwake -d rtc1 -m mem -s 3
rtcwake: assuming RTC uses UTC ...
rtcwake: wakeup from "mem" using /dev/rtc1 at Thu Jan  1 00:01:17 1970
[   40.509144] PM: suspend entry (deep)
[   40.512766] PM: Syncing filesystems ... done.
[   40.518253] Freezing user space processes ... (elapsed 0.001 seconds) done.
[   40.519476] OOM killer disabled.
[   40.519479] Freezing remaining freezable tasks ... (elapsed 0.001 seconds) done.
[   40.520731] Suspending console(s) (use no_console_suspend to debug)
[   40.877726] Disabling non-boot CPUs ...
[   41.027682] Entering suspend state LP1
[   41.027694] Enabling non-boot CPUs ...
[   41.028629] CPU1 is up
[   41.029483] CPU2 is up
[   41.030402] CPU3 is up
[   41.031061] pcieport 0000:00:02.0: nv_msi_ht_cap_quirk didn't locate host bridge
[   41.031101] pcieport 0000:00:01.0: nv_msi_ht_cap_quirk didn't locate host bridge
[   41.107333] tegra-hdmi 54280000.hdmi: cannot set audio to 48000 Hz at 297000000 Hz pixel clock
[   41.409706] ata1: SATA link down (SStatus 0 SControl 300)
[   44.074682] OOM killer enabled.
[   44.077834] Restarting tasks ... done.
root@(none):/# 
root@(none):/# [   44.082306] PM: suspend exit
rtcwake -d rtc1 -m mem -s 3
rtcwake: assuming RTC uses UTC ...
rtcwake: wakeup from "mem" using /dev/rtc1 at Thu Jan  1 00:01:24 1970
[   44.631556] PM: suspend entry (deep)
[   44.635151] PM: Syncing filesystems ... done.
[   44.641243] Freezing user space processes ... (elapsed 0.001 seconds) done.
[   44.642519] OOM killer disabled.
[   44.642522] Freezing remaining freezable tasks ... (elapsed 0.001 seconds) done.
[   44.643816] Suspending console(s) (use no_console_suspend to debug)
[   44.746369] pci_generic_config_write32: 46 callbacks suppressed
[   44.746379] pci_bus 0000:00: 2-byte config write to 0000:00:02.0 offset 0x9c may corrupt adjacent RW1C bits
[   44.746404] pci_bus 0000:00: 2-byte config write to 0000:00:01.0 offset 0x9c may corrupt adjacent RW1C bits
[   44.987888] Disabling non-boot CPUs ...
[   45.107108] IRQ17 no longer affine to CPU2
[   45.147850] Entering suspend state LP1
[   45.147877] Enabling non-boot CPUs ...
[   45.148812] CPU1 is up
[   45.149669] CPU2 is up
[   45.150582] CPU3 is up
[   45.151202] pci_bus 0000:00: 2-byte config write to 0000:00:02.0 offset 0x4c may corrupt adjacent RW1C bits
[   45.151213] pci_bus 0000:00: 2-byte config write to 0000:00:02.0 offset 0x88 may corrupt adjacent RW1C bits
[   45.151219] pci_bus 0000:00: 2-byte config write to 0000:00:02.0 offset 0x90 may corrupt adjacent RW1C bits
[   45.151224] pci_bus 0000:00: 2-byte config write to 0000:00:02.0 offset 0x98 may corrupt adjacent RW1C bits
[   45.151230] pci_bus 0000:00: 2-byte config write to 0000:00:02.0 offset 0x9c may corrupt adjacent RW1C bits
[   45.151236] pci_bus 0000:00: 2-byte config write to 0000:00:02.0 offset 0xa8 may corrupt adjacent RW1C bits
[   45.151241] pci_bus 0000:00: 2-byte config write to 0000:00:02.0 offset 0xb0 may corrupt adjacent RW1C bits
[   45.151271] pci_bus 0000:00: 2-byte config write to 0000:00:02.0 offset 0x52 may corrupt adjacent RW1C bits
[   45.151302] pcieport 0000:00:02.0: nv_msi_ht_cap_quirk didn't locate host bridge
[   45.151404] pcieport 0000:00:01.0: nv_msi_ht_cap_quirk didn't locate host bridge
[   45.227286] tegra-hdmi 54280000.hdmi: cannot set audio to 48000 Hz at 297000000 Hz pixel clock
[   45.529601] ata1: SATA link down (SStatus 0 SControl 300)
[   48.312065] OOM killer enabled.
[   48.315194] Restarting tasks ... done.
root@(none):/# 
root@(none):/# [   48.319532] PM: suspend exit
NVTB SYSTEM SUSPEND TEST COMPLETE
