

U-Boot 2015.04-00466-gedec83e90172 (Mar 14 2016 - 10:42:01)

TEGRA124
Model: Acer Chromebook 13 CB5-311
DRAM:  4 GiB
C:   Tegra SD/MMC: 0, Tegra SD/MMC: 1, Tegra SD/MMC: 2
MMC init failed
Using default environment

In:    serial
Out:   serial
Err:   serial
Net:   Net Initialization Skipped
No ethernet found.
Hit any key to stop autoboot:  2  1  0 
Tegra124 (Nyan-big) # 
Tegra124 (Nyan-big) # usb start
starting USB...
USB0:   USB EHCI 1.10
scanning bus 0 for devices... 2 USB Device(s) found
USB1:   USB EHCI 1.10
scanning bus 1 for devices... 2 USB Device(s) found
       scanning usb for storage devices... 1 Storage Device(s) found
       scanning usb for ethernet devices... 
Warning: asx0 using MAC address from net device
1 Ethernet Device(s) found
Tegra124 (Nyan-big) # mw 0x7000e4a0 0x00080000
Tegra124 (Nyan-big) # setenv bootargs 'ignore_loglevel console=ttyS0,115200n8 rw root=PARTUUID=4d36e82a-b3c0-4b4b-bfcd-afe5217ac023 rootwait gpt debug noinitrd earlyprintk init=/bin/bash'
Tegra124 (Nyan-big) # setenv ipaddr 192.168.100.104; setenv serverip 192.168.100.1; setenv tftpserverip 192.168.100.1
Tegra124 (Nyan-big) # tftpboot 0x82000000 zImage.multi_v7_defconfig
Using asx0 device
TFTP from server 192.168.100.1; our IP address is 192.168.100.104
Filename 'zImage.multi_v7_defconfig'.
Load address: 0x82000000
Loading: *#################################################################
	 #################################################################
	 #################################################################
	 #################################################################
	 #################################################################
	 #################################################################
	 #################################################################
	 #################################################################
	 ###############################
	 3.5 MiB/s
done
Bytes transferred = 8081920 (7b5200 hex)
Tegra124 (Nyan-big) # tftpboot 0x83000000 tegra124-nyan-big.dtb
Using asx0 device
TFTP from server 192.168.100.1; our IP address is 192.168.100.104
Filename 'tegra124-nyan-big.dtb'.
Load address: 0x83000000
Loading: *#####
	 3.4 MiB/s
done
Bytes transferred = 67482 (1079a hex)
Tegra124 (Nyan-big) # bootz 0x82000000 - 0x83000000
Kernel image @ 0x82000000 [ 0x000000 - 0x7b5200 ]
## Flattened Device Tree blob at 83000000
   Booting using the fdt blob at 0x83000000
   Using Device Tree in place at 83000000, end 83013799

Starting kernel ...

[    0.000000] Booting Linux on physical CPU 0x0
[    0.000000] Linux version 4.15.0-rc4-next-20171222-341486-g3514267557aa (jonathanh@tamien) (gcc version 4.7.3 20130328 (prerelease) (crosstool-NG linaro-1.13.1-4.7-2013.04-20130415 - Linaro GCC 2013.04)) #1 SMP Thu Dec 21 21:48:37 PST 2017
[    0.000000] CPU: ARMv7 Processor [413fc0f3] revision 3 (ARMv7), cr=10c5387d
[    0.000000] CPU: div instructions available: patching division code
[    0.000000] CPU: PIPT / VIPT nonaliasing data cache, PIPT instruction cache
[    0.000000] OF: fdt: Machine model: Acer Chromebook 13 CB5-311
[    0.000000] OF: fdt: Ignoring memory range 0x100000000 - 0x17ffff000
[    0.000000] debug: ignoring loglevel setting.
[    0.000000] Memory policy: Data cache writealloc
[    0.000000] efi: Getting EFI parameters from FDT:
[    0.000000] efi: UEFI not found.
[    0.000000] cma: Reserved 64 MiB at 0xfb800000
[    0.000000] On node 0 totalpages: 524287
[    0.000000]   DMA zone: 1536 pages used for memmap
[    0.000000]   DMA zone: 0 pages reserved
[    0.000000]   DMA zone: 196608 pages, LIFO batch:31
[    0.000000]   HighMem zone: 327679 pages, LIFO batch:31
[    0.000000] random: fast init done
[    0.000000] percpu: Embedded 17 pages/cpu @(ptrval) s39040 r8192 d22400 u69632
[    0.000000] pcpu-alloc: s39040 r8192 d22400 u69632 alloc=17*4096
[    0.000000] pcpu-alloc: [0] 0 [0] 1 [0] 2 [0] 3 
[    0.000000] Built 1 zonelists, mobility grouping on.  Total pages: 522751
[    0.000000] Kernel command line: ignore_loglevel console=ttyS0,115200n8 rw root=PARTUUID=4d36e82a-b3c0-4b4b-bfcd-afe5217ac023 rootwait gpt debug noinitrd earlyprintk init=/bin/bash
[    0.000000] Dentry cache hash table entries: 131072 (order: 7, 524288 bytes)
[    0.000000] Inode-cache hash table entries: 65536 (order: 6, 262144 bytes)
[    0.000000] Memory: 1993496K/2097148K available (11264K kernel code, 1561K rwdata, 4320K rodata, 2048K init, 404K bss, 38116K reserved, 65536K cma-reserved, 1245180K highmem)
[    0.000000] Virtual kernel memory layout:
[    0.000000]     vector  : 0xffff0000 - 0xffff1000   (   4 kB)
[    0.000000]     fixmap  : 0xffc00000 - 0xfff00000   (3072 kB)
[    0.000000]     vmalloc : 0xf0800000 - 0xff800000   ( 240 MB)
[    0.000000]     lowmem  : 0xc0000000 - 0xf0000000   ( 768 MB)
[    0.000000]     pkmap   : 0xbfe00000 - 0xc0000000   (   2 MB)
[    0.000000]     modules : 0xbf000000 - 0xbfe00000   (  14 MB)
[    0.000000]       .text : 0x(ptrval) - 0x(ptrval)   (12256 kB)
[    0.000000]       .init : 0x(ptrval) - 0x(ptrval)   (2048 kB)
[    0.000000]       .data : 0x(ptrval) - 0x(ptrval)   (1562 kB)
[    0.000000]        .bss : 0x(ptrval) - 0x(ptrval)   ( 405 kB)
[    0.000000] SLUB: HWalign=64, Order=0-3, MinObjects=0, CPUs=4, Nodes=1
[    0.000000] Hierarchical RCU implementation.
[    0.000000] 	RCU event tracing is enabled.
[    0.000000] 	RCU restricting CPUs from NR_CPUS=16 to nr_cpu_ids=4.
[    0.000000] RCU: Adjusting geometry for rcu_fanout_leaf=16, nr_cpu_ids=4
[    0.000000] NR_IRQS: 16, nr_irqs: 16, preallocated irqs: 16
[    0.000000] /interrupt-controller@60004000: 160 interrupts forwarded to /interrupt-controller@50041000
[    0.000000] Tegra clk 127: register failed with -17
[    0.000003] sched_clock: 32 bits at 1000kHz, resolution 1000ns, wraps every 2147483647500ns
[    0.000011] clocksource: timer_us: mask: 0xffffffff max_cycles: 0xffffffff, max_idle_ns: 1911260446275 ns
[    0.000017] Switching to timer-based delay loop, resolution 1000ns
[    0.001855] arch_timer: cp15 timer(s) running at 12.00MHz (virt).
[    0.001861] clocksource: arch_sys_counter: mask: 0xffffffffffffff max_cycles: 0x2c47f4ee7, max_idle_ns: 440795202497 ns
[    0.001868] sched_clock: 56 bits at 12MHz, resolution 83ns, wraps every 4398046511096ns
[    0.001872] Switching to timer-based delay loop, resolution 83ns
[    0.002086] Console: colour dummy device 80x30
[    0.002101] Calibrating delay loop (skipped), value calculated using timer frequency.. 24.00 BogoMIPS (lpj=120000)
[    0.002108] pid_max: default: 32768 minimum: 301
[    0.002152] Mount-cache hash table entries: 2048 (order: 1, 8192 bytes)
[    0.002158] Mountpoint-cache hash table entries: 2048 (order: 1, 8192 bytes)
[    0.002362] CPU: Testing write buffer coherency: ok
[    0.002496] /cpus/cpu@0 missing clock-frequency property
[    0.002511] /cpus/cpu@1 missing clock-frequency property
[    0.002526] /cpus/cpu@2 missing clock-frequency property
[    0.002542] /cpus/cpu@3 missing clock-frequency property
[    0.002547] CPU0: thread -1, cpu 0, socket 0, mpidr 80000000
[    0.002666] Setting up static identity map for 0x80300000 - 0x803000a0
[    0.003390] Hierarchical SRCU implementation.
[    0.004101] Tegra Revision: A01 SKU: 131 CPU Process: 1 SoC Process: 1
[    0.004409] EFI services will not be available.
[    0.004472] smp: Bringing up secondary CPUs ...
[    0.004763] CPU1: thread -1, cpu 1, socket 0, mpidr 80000001
[    0.012131] CPU2: thread -1, cpu 2, socket 0, mpidr 80000002
[    0.022135] CPU3: thread -1, cpu 3, socket 0, mpidr 80000003
[    0.031857] smp: Brought up 1 node, 4 CPUs
[    0.031865] SMP: Total of 4 processors activated (96.00 BogoMIPS).
[    0.031869] CPU: All CPU(s) started in SVC mode.
[    0.032420] devtmpfs: initialized
[    0.037706] Built 1 zonelists, mobility grouping on.  Total pages: 514758
[    0.037860] VFP support v0.3: implementor 41 architecture 4 part 30 variant f rev 0
[    0.038082] clocksource: jiffies: mask: 0xffffffff max_cycles: 0xffffffff, max_idle_ns: 19112604462750000 ns
[    0.038090] futex hash table entries: 1024 (order: 4, 65536 bytes)
[    0.038186] pinctrl core: initialized pinctrl subsystem
[    0.038759] DMI not present or invalid.
[    0.038870] NET: Registered protocol family 16
[    0.039563] DMA: preallocated 256 KiB pool for atomic coherent allocations
[    0.040491] cpuidle: using governor menu
[    0.048779] No ATAGs?
[    0.048833] hw-breakpoint: found 5 (+1 reserved) breakpoint and 4 watchpoint registers.
[    0.048840] hw-breakpoint: maximum watchpoint size is 8 bytes.
[    0.051699] Serial: AMBA PL011 UART driver
[    0.052136] tegra-mc 70019000.memory-controller: no memory timings for RAM code 0 registered
[    0.052264] iommu: Adding device 50000000.host1x to group 0
[    0.052290] iommu: Adding device 54200000.dc to group 1
[    0.052311] iommu: Adding device 54240000.dc to group 1
[    0.052340] iommu: Adding device 57000000.gpu to group 2
[    0.057484] AT91: Could not find identification node
[    0.057691] +5V_SYS: supplied by +VDD_MUX
[    0.057788] +3.3V_SYS: supplied by +VDD_MUX
[    0.058001] +VDD_LED: Failed to request enable GPIO122: -517
[    0.058007] reg-fixed-voltage regulators:regulator@5: Failed to register regulator: -517
[    0.058041] +5V_VDD_TS_SW: Failed to request enable GPIO81: -517
[    0.058046] reg-fixed-voltage regulators:regulator@6: Failed to register regulator: -517
[    0.058078] +5V_USB_HS: Failed to request enable GPIO108: -517
[    0.058083] reg-fixed-voltage regulators:regulator@7: Failed to register regulator: -517
[    0.058114] +5V_USB_SS: Failed to request enable GPIO109: -517
[    0.058119] reg-fixed-voltage regulators:regulator@8: Failed to register regulator: -517
[    0.058205] +1.05V_RUN_AVDD_HDMI_PLL: Failed to request enable GPIO63: -517
[    0.058210] reg-fixed-voltage regulators:regulator@11: Failed to register regulator: -517
[    0.058240] +5V_HDMI_CON: Failed to request enable GPIO86: -517
[    0.058245] reg-fixed-voltage regulators:regulator@12: Failed to register regulator: -517
[    0.059196] vgaarb: loaded
[    0.059463] SCSI subsystem initialized
[    0.059534] libata version 3.00 loaded.
[    0.059607] usbcore: registered new interface driver usbfs
[    0.059624] usbcore: registered new interface driver hub
[    0.059644] usbcore: registered new device driver usb
[    0.060903] pps_core: LinuxPPS API ver. 1 registered
[    0.060907] pps_core: Software ver. 5.3.6 - Copyright 2005-2007 Rodolfo Giometti <giometti@linux.it>
[    0.060915] PTP clock support registered
[    0.060981] EDAC MC: Ver: 3.0.0
[    0.061434] tegra-emc 7001b000.emc: no memory timings for RAM code 0 found in DT
[    0.061444] tegra-emc: probe of 7001b000.emc failed with error -2
[    0.061885] clocksource: Switched to clocksource arch_sys_counter
[    0.079923] NET: Registered protocol family 2
[    0.080121] tcp_listen_portaddr_hash hash table entries: 512 (order: 0, 6144 bytes)
[    0.080132] TCP established hash table entries: 8192 (order: 3, 32768 bytes)
[    0.080167] TCP bind hash table entries: 8192 (order: 4, 65536 bytes)
[    0.080229] TCP: Hash tables configured (established 8192 bind 8192)
[    0.080264] UDP hash table entries: 512 (order: 2, 16384 bytes)
[    0.080279] UDP-Lite hash table entries: 512 (order: 2, 16384 bytes)
[    0.080337] NET: Registered protocol family 1
[    0.080512] RPC: Registered named UNIX socket transport module.
[    0.080516] RPC: Registered udp transport module.
[    0.080519] RPC: Registered tcp transport module.
[    0.080522] RPC: Registered tcp NFSv4.1 backchannel transport module.
[    0.080527] PCI: CLS 0 bytes, default 64
[    0.081088] hw perfevents: enabled with armv7_cortex_a15 PMU driver, 7 counters available
[    0.081672] Initialise system trusted keyrings
[    0.081733] workingset: timestamp_bits=30 max_order=19 bucket_order=0
[    0.084034] squashfs: version 4.0 (2009/01/31) Phillip Lougher
[    0.084255] NFS: Registering the id_resolver key type
[    0.084264] Key type id_resolver registered
[    0.084268] Key type id_legacy registered
[    0.084284] ntfs: driver 2.1.32 [Flags: R/O].
[    0.084822] Key type asymmetric registered
[    0.084827] Asymmetric key parser 'x509' registered
[    0.084848] bounce: pool size: 64 pages
[    0.084867] Block layer SCSI generic (bsg) driver version 0.4 loaded (major 246)
[    0.084871] io scheduler noop registered
[    0.084875] io scheduler deadline registered
[    0.084953] io scheduler cfq registered (default)
[    0.084957] io scheduler mq-deadline registered
[    0.084961] io scheduler kyber registered
[    0.086333] tegra-xusb-padctl 7009f000.padctl: failed to setup XUSB ports: -517
[    0.097118] tegra-apbdma 60020000.dma: Tegra20 APB DMA driver register 32 channels
[    0.098285] tegra-pmc 7000e400.pmc: i2c-thermtrip node not found, emergency thermal reset disabled.
[    0.114809] Serial: 8250/16550 driver, 4 ports, IRQ sharing disabled
[    0.115853] console [ttyS0] disabled
[    0.115871] 70006000.serial: ttyS0 at MMIO 0x70006000 (irq = 333, base_baud = 25500000) is a Tegra
[    1.050162] console [ttyS0] enabled
[    1.053946] SuperH (H)SCI(F) driver initialized
[    1.058824] msm_serial: driver initialized
[    1.062980] STMicroelectronics ASC driver initialized
[    1.070103] Failed to attached device 54200000.dc to IOMMU_mapping
[    1.084424] Failed to attached device 54240000.dc to IOMMU_mapping
[    1.098869] tegra-hdmi 54280000.hdmi: failed to get HDMI regulator
[    1.105347] tegra-dpaux 545c0000.dpaux: failed to get VDD supply: -517
[    1.112834] panel-simple panel: panel supply power not found, using dummy regulator
[    1.123241] brd: module loaded
[    1.128710] loop: module loaded
[    1.132769] as3722 4-0040: AS3722 with revision 0x1 found
[    1.142702] as3722-sd2: supplied by +5V_SYS
[    1.147098] as3722-sd3: supplied by +5V_SYS
[    1.151423] +1.35V_LP0(sd3): Bringing 0uV into 1350000-1350000uV
[    1.157610] as3722-sd4: supplied by +5V_SYS
[    1.161939] +1.05V_RUN: Bringing 0uV into 1050000-1050000uV
[    1.167663] as3722-sd5: supplied by +5V_SYS
[    1.173225] as3722-ldo0: supplied by +1.35V_LP0(sd2)
[    1.178940] +1.8V_RUN_CAM: Bringing 0uV into 1800000-1800000uV
[    1.184943] as3722-ldo2: supplied by +1.8V_VDDIO
[    1.190537] as3722-ldo3: supplied by +3.3V_SYS
[    1.194990] +1.00V_LP0_VDD_RTC: Bringing 1100000uV into 1000000-1000000uV
[    1.202551] as3722-ldo4: supplied by +3.3V_SYS
[    1.207143] +3.3V_RUN_CAM: Bringing 0uV into 2800000-2800000uV
[    1.213144] as3722-ldo5: supplied by +1.8V_VDDIO
[    1.217906] +1.2V_RUN_CAM_FRONT: Bringing 0uV into 1200000-1200000uV
[    1.224580] +VDDIO_SDMMC3: Bringing 0uV into 1800000-1800000uV
[    1.230593] as3722-ldo7: supplied by +1.8V_VDDIO
[    1.235367] +1.05V_RUN_CAM_REAR: Bringing 0uV into 1050000-1050000uV
[    1.241901] as3722-ldo9: supplied by +5V_SYS
[    1.246460] +2.8V_RUN_TOUCH: Bringing 0uV into 2800000-2800000uV
[    1.252649] as3722-ldo10: supplied by +5V_SYS
[    1.257156] +2.8V_RUN_CAM_AF: Bringing 0uV into 2800000-2800000uV
[    1.263583] +1.8V_RUN_VPP_FUSE: Bringing 0uV into 1800000-1800000uV
[    1.282186] m25p80 spi1.0: w25q32dw (4096 Kbytes)
[    1.287845] libphy: Fixed MDIO Bus: probed
[    1.292262] CAN device driver interface
[    1.296393] bgmac_bcma: Broadcom 47xx GBit MAC driver loaded
[    1.302499] e1000e: Intel(R) PRO/1000 Network Driver - 3.2.6-k
[    1.308315] e1000e: Copyright(c) 1999 - 2015 Intel Corporation.
[    1.314240] igb: Intel(R) Gigabit Ethernet Network Driver - version 5.4.0-k
[    1.321183] igb: Copyright (c) 2007-2014 Intel Corporation.
[    1.328061] pegasus: v0.9.3 (2013/04/25), Pegasus/Pegasus II USB Ethernet driver
[    1.335466] usbcore: registered new interface driver pegasus
[    1.341122] usbcore: registered new interface driver asix
[    1.346522] usbcore: registered new interface driver ax88179_178a
[    1.352612] usbcore: registered new interface driver cdc_ether
[    1.358444] usbcore: registered new interface driver smsc75xx
[    1.364194] usbcore: registered new interface driver smsc95xx
[    1.369933] usbcore: registered new interface driver net1080
[    1.375591] usbcore: registered new interface driver cdc_subset
[    1.381502] usbcore: registered new interface driver zaurus
[    1.387081] usbcore: registered new interface driver cdc_ncm
[    1.393407] ehci_hcd: USB 2.0 'Enhanced' Host Controller (EHCI) Driver
[    1.399918] ehci-pci: EHCI PCI platform driver
[    1.404365] ehci-platform: EHCI generic platform driver
[    1.409643] ehci-orion: EHCI orion driver
[    1.413699] SPEAr-ehci: EHCI SPEAr driver
[    1.417743] ehci-st: EHCI STMicroelectronics driver
[    1.422659] ehci-exynos: EHCI EXYNOS driver
[    1.426883] ehci-atmel: EHCI Atmel driver
[    1.430926] tegra-ehci: Tegra EHCI driver
[    1.434995] ohci_hcd: USB 1.1 'Open' Host Controller (OHCI) Driver
[    1.441163] ohci-pci: OHCI PCI platform driver
[    1.445614] ohci-platform: OHCI generic platform driver
[    1.450887] SPEAr-ohci: OHCI SPEAr driver
[    1.454938] ohci-st: OHCI STMicroelectronics driver
[    1.459849] ohci-atmel: OHCI Atmel driver
[    1.464102] usbcore: registered new interface driver usb-storage
[    1.471439] elan_i2c 1-0015: 1-0015 supply vcc not found, using dummy regulator
[    1.480096] as3722-rtc as3722-rtc: rtc core: registered as3722-rtc as rtc0
[    1.486963] as3722-rtc as3722-rtc: RTC interrupt 372
[    1.493909] tegra_rtc 7000e000.rtc: rtc core: registered 7000e000.rtc as rtc1
[    1.501044] tegra_rtc 7000e000.rtc: Tegra internal Real Time Clock
[    1.507407] i2c /dev entries driver
[    1.513302] lm90 0-004c: 0-004c supply vcc not found, using dummy regulator
[    1.524731] sdhci: Secure Digital Host Controller Interface driver
[    1.530896] sdhci: Copyright(c) Pierre Ossman
[    1.535827] Synopsys Designware Multimedia Card Interface Driver
[    1.542327] sdhci-pltfm: SDHCI platform and OF driver helper
[    1.548256] sdhci-tegra 700b0000.sdhci: allocated mmc-pwrseq
[    1.562003] sdhci-tegra 700b0400.sdhci: Got CD GPIO
[    1.566873] sdhci-tegra 700b0400.sdhci: Got WP GPIO
[    1.585912] mmc0: Unknown controller version (3). You may experience problems.
[    1.593152] mmc0: Invalid maximum block size, assuming 512 bytes
[    1.629860] mmc0: SDHCI controller on 700b0600.sdhci [700b0600.sdhci] using ADMA
[    1.638003] ledtrig-cpu: registered to indicate activity on CPUs
[    1.644076] elan_i2c 1-0015: Elan Touchpad: Module ID: 0x002a, Firmware: 0x0005, Sample: 0x0007, IAP: 0x0009
[    1.644135] usbcore: registered new interface driver usbhid
[    1.644136] usbhid: USB HID core driver
[    1.646089] NET: Registered protocol family 10
[    1.646499] Segment Routing with IPv6
[    1.646524] sit: IPv6, IPv4 and MPLS over IPv4 tunneling driver
[    1.646772] NET: Registered protocol family 17
[    1.646779] can: controller area network core (rev 20170425 abi 9)
[    1.646810] NET: Registered protocol family 29
[    1.646813] can: raw protocol (rev 20170425)
[    1.646816] can: broadcast manager protocol (rev 20170425 t)
[    1.646822] can: netlink gateway (rev 20170425) max_hops=1
[    1.646985] Key type dns_resolver registered
[    1.654029] ThumbEE CPU extension supported.
[    1.654034] Registering SWP/SWPB emulation handler
[    1.654326] Loading compiled-in X.509 certificates
[    1.671516] +3.3V_RUN: supplied by +3.3V_SYS
[    1.682396] +VDD_LED: supplied by +VDD_MUX
[    1.682493] +3.3V_AVDD_HDMI_AP_GATED: supplied by +3.3V_RUN
[    1.682534] +1.8V_RUN_CAM: supplied by +3.3V_RUN
[    1.682579] +VDDIO_SDMMC3: supplied by +3.3V_RUN
[    1.682618] +1.8V_RUN_VPP_FUSE: supplied by +3.3V_RUN
[    1.682804] +5V_VDD_TS_SW: supplied by +5V_SYS
[    1.683044] +5V_USB_HS: supplied by +5V_SYS
[    1.683284] +5V_USB_SS: supplied by +5V_SYS
[    1.702578] +3.3V_PANEL: supplied by +3.3V_RUN
[    1.721433] +3.3V_LP0: supplied by +3.3V_SYS
[    1.735072] +1.05V_RUN_AVDD_HDMI_PLL: supplied by +1.05V_RUN
[    1.735364] +5V_HDMI_CON: supplied by +5V_SYS
[    1.736186]  usb3-0: usb3-0 supply vbus not found, using dummy regulator
[    1.736247]  usb3-1: usb3-1 supply vbus not found, using dummy regulator
[    1.744590] tegra-sor 54540000.sor: failed to probe output: -517
[    1.745728] panel-simple panel: panel supply power not found, using dummy regulator
[    1.747127] sdhci-tegra 700b0000.sdhci: allocated mmc-pwrseq
[    1.755459] mmc1: Unknown controller version (3). You may experience problems.
[    1.755502] mmc1: Invalid maximum block size, assuming 512 bytes
[    1.755976] mmc1: Switching to 3.3V signalling voltage failed
[    1.781219] mmc1: SDHCI controller on 700b0000.sdhci [700b0000.sdhci] using ADMA
[    1.782337] sdhci-tegra 700b0400.sdhci: Got CD GPIO
[    1.782347] sdhci-tegra 700b0400.sdhci: Got WP GPIO
[    1.790671] mmc2: Unknown controller version (3). You may experience problems.
[    1.790728] mmc2: Invalid maximum block size, assuming 512 bytes
[    1.822284] mmc2: SDHCI controller on 700b0400.sdhci [700b0400.sdhci] using ADMA
[    1.823058] tegra-sor 54540000.sor: failed to probe output: -517
[    1.823902] panel-simple panel: panel supply power not found, using dummy regulator
[    1.825261] input: gpio-keys as /devices/soc0/gpio-keys/input/input0
[    1.826446] tegra-sor 54540000.sor: failed to probe output: -517
[    1.827423] panel-simple panel: panel supply power not found, using dummy regulator
[    1.837723] as3722-rtc as3722-rtc: setting system clock to 2000-01-01 00:00:23 UTC (946684823)
[    1.838127] +3.3V_AVDD_HDMI_AP_GATED: disabling
[    1.838136] +1.05V_RUN: disabling
[    1.845221] +1.8V_RUN_CAM: disabling
[    1.850100] +3.3V_RUN_CAM: disabling
[    1.855007] +1.2V_RUN_CAM_FRONT: disabling
[    1.862258] +1.05V_RUN_CAM_REAR: disabling
[    1.868264] +2.8V_RUN_TOUCH: disabling
[    1.875690] +2.8V_RUN_CAM_AF: disabling
[    1.881698] +1.8V_RUN_VPP_FUSE: disabling
[    1.889380] +VDD_LED: disabling
[    1.889384] +5V_VDD_TS_SW: disabling
[    1.889388] +5V_USB_HS: disabling
[    1.889391] +5V_USB_SS: disabling
[    1.889394] +3.3V_PANEL: disabling
[    1.889398] +1.05V_RUN_AVDD_HDMI_PLL: disabling
[    1.889400] +5V_HDMI_CON: disabling
[   d as /devices/soc0/7000c400.i2c/i2c-1/1-0015/input/input1
[    1.984025] Waiting for root device PARTUUID=4d36e82a-b3c0-4b4b-bfcd-afe5217ac023...
[    1.984706] tegra-sor 54540000.sor: failed to probe output: -517
[    1.985532] panel-simple panel: panel supply power not found, using dummy regulator
[    2.026089] elan_i2c 1-0015: invalid report id data (ff)
[    2.037303] mmc1: new high speed SDIO card at address 0001
[    2.049977] mmc0: new high speed MMC card at address 0001
[    2.055678] mmcblk0: mmc0:0001 MMC16G 14.4 GiB 
[    2.060348] mmcblk0boot0: mmc0:0001 MMC16G partition 1 2.00 MiB
[    2.066480] mmcblk0boot1: mmc0:0001 MMC16G partition 2 2.00 MiB
[    2.072563] mmcblk0rpmb: mmc0:0001 MMC16G partition 3 128 KiB, chardev (236:0)
[    2.084089]  mmcblk0: p1 p2 p3 p4 p5 p6 p7 p8 p9 p10 p11 p12
[    2.092401] tegra-sor 54540000.sor: failed to probe output: -517
[    2.099020] panel-simple panel: panel supply power not found, using dummy regulator
[    2.132869] EXT4-fs (mmcblk0p3): couldn't mount as ext3 due to feature incompatibilities
[    2.141475] EXT4-fs (mmcblk0p3): couldn't mount as ext2 due to feature incompatibilities
[    2.143876] mmc2: new high speed SDHC card at address 0007
[    2.144234] mmcblk2: mmc2:0007 SD08G 7.42 GiB 
[    2.158878] GPT:Primary header alternate_lba != Alt. header my_lba
[    2.158882] GPT:3014591 != 15564799
[    2.158885] GPT:Primary header thinks Alt. header is not at the end of the disk.
[    2.158886] GPT:3014591 != 15564799
[    2.158888] GPT: Use GNU Parted to correct GPT errors.
[    2.158916]  mmcblk2: p1 p2 p3 p4 p5 p6 p7 p8 p9 p10 p11 p12
[    2.166793] tegra-sor 54540000.sor: failed to probe output: -517
[    2.167588] panel-simple panel: panel supply power not found, using dummy regulator
[    2.576290] EXT4-fs (mmcblk0p3): recovery complete
[    2.581078] EXT4-fs (mmcblk0p3): mounted filesystem with ordered data mode. Opts: (null)
[    2.589203] VFS: Mounted root (ext4 filesystem) on device 179:3.
[    2.596183] devtmpfs: mounted
[    2.599849] Freeing unused kernel memory: 2048K
bash: cannot set terminal process group (-1): Inappropriate ioctl for device
bash: no job control in this shell
root@(none):/# mount -t sysfs none /sys
root@(none):/# 
root@(none):/# mount -t debugfs none /sys/kernel/debug
root@(none):/# 
root@(none):/# rtcwake -d rtc1 -m mem -s 3
rtcwake: assuming RTC uses UTC ...
rtcwake: wakeup from "mem" using /dev/rtc1 at Thu Jan  1 00:00:30 1970
[    6.503506] PM: suspend entry (deep)
[    6.507077] PM: Syncing filesystems ... done.
[    6.513345] Freezing user space processes ... (elapsed 0.001 seconds) done.
[    6.521432] OOM killer disabled.
[    6.524682] Freezing remaining freezable tasks ... (elapsed 0.001 seconds) done.
[    6.533258] Suspending console(s) (use no_console_suspend to debug)
[    6.559859] Disabling non-boot CPUs ...
[    6.592053] IRQ17 no longer affine to CPU1
[    6.712487] Entering suspend state LP1
[    6.712500] Enabling non-boot CPUs ...
[    6.712856] CPU1 is up
[    6.713164] CPU2 is up
[    6.713498] CPU3 is up
[    6.882220] mmc1: Switching to 3.3V signalling voltage failed
[    6.942818] tegra-sor 54540000.sor: failed to probe output: -517
[    6.943388] panel-simple panel: panel supply power not found, using dummy regulator
[    6.981836] OOM killer enabled.
[    6.984976] Restarting tasks ... done.
[    6.989231] PM: suspend exit
root@(none):/# 
root@(none):/# rtcwake -d rtc1 -m mem -s 3
rtcwake: assuming RTC uses UTC ...
rtcwake: wakeup from "mem" using /dev/rtc1 at Thu Jan  1 00:00:35 1970
[    7.891443] PM: suspend entry (deep)
[    7.895031] PM: Syncing filesystems ... done.
[    7.900488] Freezing user space processes ... (elapsed 0.001 seconds) done.
[    7.908527] OOM killer disabled.
[    7.911743] Freezing remaining freezable tasks ... (elapsed 0.001 seconds) done.
[    7.920260] Suspending console(s) (use no_console_suspend to debug)
[    7.946401] Disabling non-boot CPUs ...
[    7.982028] IRQ17 no longer affine to CPU1
[    8.082411] Entering suspend state LP1
[    8.082424] Enabling non-boot CPUs ...
[    8.082815] CPU1 is up
[    8.083119] CPU2 is up
[    8.083456] CPU3 is up
[    8.252906] mmc1: Switching to 3.3V signalling voltage failed
[    8.313174] tegra-sor 54540000.sor: failed to probe output: -517
[    8.313743] panel-simple panel: panel supply power not found, using dummy regulator
[    8.352195] OOM killer enabled.
[    8.355324] Restarting tasks ... done.
[    8.359355] PM: suspend exit
root@(none):/# 
root@(none):/# rtcwake -d rtc1 -m mem -s 3
rtcwake: assuming RTC uses UTC ...
rtcwake: wakeup from "mem" using /dev/rtc1 at Thu Jan  1 00:00:40 1970
[    9.260716] PM: suspend entry (deep)
[    9.264301] PM: Syncing filesystems ... done.
[    9.269913] Freezing user space processes ... (elapsed 0.001 seconds) done.
[    9.277960] OOM killer disabled.
[    9.281176] Freezing remaining freezable tasks ... (elapsed 0.001 seconds) done.
[    9.289710] Suspending console(s) (use no_console_suspend to debug)
[    9.316115] Disabling non-boot CPUs ...
[    9.352010] IRQ17 no longer affine to CPU1
[    9.452386] Entering suspend state LP1
[    9.452398] Enabling non-boot CPUs ...
[    9.452759] CPU1 is up
[    9.453065] CPU2 is up
[    9.453402] CPU3 is up
[    9.622894] mmc1: Switching to 3.3V signalling voltage failed
[    9.685444] tegra-sor 54540000.sor: failed to probe output: -517
[    9.686070] panel-simple panel: panel supply power not found, using dummy regulator
[    9.724546] OOM killer enabled.
[    9.727675] Restarting tasks ... done.
[    9.731706] PM: suspend exit
root@(none):/# 
root@(none):/# rtcwake -d rtc1 -m mem -s 3
rtcwake: assuming RTC uses UTC ...
rtcwake: wakeup from "mem" using /dev/rtc1 at Thu Jan  1 00:00:45 1970
[   10.630639] PM: suspend entry (deep)
[   10.634225] PM: Syncing filesystems ... done.
[   10.639847] Freezing user space processes ... (elapsed 0.001 seconds) done.
[   10.647959] OOM killer disabled.
[   10.651175] Freezing remaining freezable tasks ... (elapsed 0.001 seconds) done.
[   10.659713] Suspending console(s) (use no_console_suspend to debug)
[   10.686074] Disabling non-boot CPUs ...
[   10.721991] IRQ17 no longer affine to CPU1
[   10.832363] Entering suspend state LP1
[   10.832376] Enabling non-boot CPUs ...
[   10.832737] CPU1 is up
[   10.833042] CPU2 is up
[   10.833380] CPU3 is up
[   11.002566] mmc1: Switching to 3.3V signalling voltage failed
[   11.065381] tegra-sor 54540000.sor: failed to probe output: -517
[   11.065999] panel-simple panel: panel supply power not found, using dummy regulator
[   11.104471] OOM killer enabled.
[   11.107601] Restarting tasks ... done.
[   11.111640] PM: suspend exit
root@(none):/# 
root@(none):/# rtcwake -d rtc1 -m mem -s 3
rtcwake: assuming RTC uses UTC ...
rtcwake: wakeup from "mem" using /dev/rtc1 at Thu Jan  1 00:00:50 1970
[   12.011401] PM: suspend entry (deep)
[   12.014989] PM: Syncing filesystems ... done.
[   12.020737] Freezing user space processes ... (elapsed 0.001 seconds) done.
[   12.028768] OOM killer disabled.
[   12.031997] Freezing remaining freezable tasks ... (elapsed 0.001 seconds) done.
[   12.040518] Suspending console(s) (use no_console_suspend to debug)
[   12.066967] Disabling non-boot CPUs ...
[   12.121961] IRQ17 no longer affine to CPU1
[   12.242414] Entering suspend state LP1
[   12.242427] Enabling non-boot CPUs ...
[   12.242789] CPU1 is up
[   12.243094] CPU2 is up
[   12.243426] CPU3 is up
[   12.412809] mmc1: Switching to 3.3V signalling voltage failed
[   12.475591] tegra-sor 54540000.sor: failed to probe output: -517
[   12.476214] panel-simple panel: panel supply power not found, using dummy regulator
[   12.514657] OOM killer enabled.
[   12.517786] Restarting tasks ... done.
[   12.521863] PM: suspend exit
root@(none):/# 
root@(none):/# rtcwake -d rtc1 -m mem -s 3
rtcwake: assuming RTC uses UTC ...
rtcwake: wakeup from "mem" using /dev/rtc1 at Thu Jan  1 00:00:55 1970
[   13.420012] PM: suspend entry (deep)
[   13.423596] PM: Syncing filesystems ... done.
[   13.429130] Freezing user space processes ... (elapsed 0.001 seconds) done.
[   13.437241] OOM killer disabled.
[   13.440457] Freezing remaining freezable tasks ... (elapsed 0.001 seconds) done.
[   13.449007] Suspending console(s) (use no_console_suspend to debug)
[   13.475274] Disabling non-boot CPUs ...
[   13.511947] IRQ17 no longer affine to CPU1
[   13.612310] Entering suspend state LP1
[   13.612322] Enabling non-boot CPUs ...
[   13.612685] CPU1 is up
[   13.612990] CPU2 is up
[   13.613328] CPU3 is up
[   13.782727] mmc1: Switching to 3.3V signalling voltage failed
[   13.845242] tegra-sor 54540000.sor: failed to probe output: -517
[   13.845870] panel-simple panel: panel supply power not found, using dummy regulator
[   13.884347] OOM killer enabled.
[   13.887476] Restarting tasks ... done.
[   13.891509] PM: suspend exit
root@(none):/# 
root@(none):/# rtcwake -d rtc1 -m mem -s 3
rtcwake: assuming RTC uses UTC ...
rtcwake: wakeup from "mem" using /dev/rtc1 at Thu Jan  1 00:01:00 1970
[   14.791513] PM: suspend entry (deep)
[   14.795102] PM: Syncing filesystems ... done.
[   14.800874] Freezing user space processes ... (elapsed 0.001 seconds) done.
[   14.808920] OOM killer disabled.
[   14.812149] Freezing remaining freezable tasks ... (elapsed 0.001 seconds) done.
[   14.820671] Suspending console(s) (use no_console_suspend to debug)
[   14.846004] Disabling non-boot CPUs ...
[   14.881927] IRQ17 no longer affine to CPU1
[   14.982352] Entering suspend state LP1
[   14.982365] Enabling non-boot CPUs ...
[   14.982727] CPU1 is up
[   14.983032] CPU2 is up
[   14.983365] CPU3 is up
[   15.153725] mmc1: Switching to 3.3V signalling voltage failed
[   15.216421] tegra-sor 54540000.sor: failed to probe output: -517
[   15.216986] panel-simple panel: panel supply power not found, using dummy regulator
[   15.255432] OOM killer enabled.
[   15.258561] Restarting tasks ... done.
[   15.262865] PM: suspend exit
root@(none):/# 
root@(none):/# rtcwake -d rtc1 -m mem -s 3
rtcwake: assuming RTC uses UTC ...
rtcwake: wakeup from "mem" using /dev/rtc1 at Thu Jan  1 00:01:05 1970
[   16.161154] PM: suspend entry (deep)
[   16.164750] PM: Syncing filesystems ... done.
[   16.170506] Freezing user space processes ... (elapsed 0.001 seconds) done.
[   16.178626] OOM killer disabled.
[   16.181846] Freezing remaining freezable tasks ... (elapsed 0.001 seconds) done.
[   16.190372] Suspending console(s) (use no_console_suspend to debug)
[   16.217012] Disabling non-boot CPUs ...
[   16.372365] Entering suspend state LP1
[   16.372377] Enabling non-boot CPUs ...
[   16.372740] CPU1 is up
[   16.373045] CPU2 is up
[   16.373380] CPU3 is up
[   16.542961] mmc1: Switching to 3.3V signalling voltage failed
[   16.602008] tegra-sor 54540000.sor: failed to probe output: -517
[   16.602752] panel-simple panel: panel supply power not found, using dummy regulator
[   16.637135] OOM killer enabled.
[   16.640267] Restarting tasks ... done.
[   16.644351] PM: suspend exit
root@(none):/# 
root@(none):/# rtcwake -d rtc1 -m mem -s 3
rtcwake: assuming RTC uses UTC ...
rtcwake: wakeup from "mem" using /dev/rtc1 at Thu Jan  1 00:01:10 1970
[   17.549654] PM: suspend entry (deep)
[   17.553229] PM: Syncing filesystems ... done.
[   17.558781] Freezing user space processes ... (elapsed 0.001 seconds) done.
[   17.566895] OOM killer disabled.
[   17.570111] Freezing remaining freezable tasks ... (elapsed 0.001 seconds) done.
[   17.578662] Suspending console(s) (use no_console_suspend to debug)
[   17.605148] Disabling non-boot CPUs ...
[   17.641883] IRQ17 no longer affine to CPU1
[   17.742247] Entering suspend state LP1
[   17.742260] Enabling non-boot CPUs ...
[   17.742620] CPU1 is up
[   17.742924] CPU2 is up
[   17.743261] CPU3 is up
[   17.912616] mmc1: Switching to 3.3V signalling voltage failed
[   17.975282] tegra-sor 54540000.sor: failed to probe output: -517
[   17.975902] panel-simple panel: panel supply power not found, using dummy regulator
[   18.014371] OOM killer enabled.
[   18.017500] Restarting tasks ... done.
[   18.021532] PM: suspend exit
root@(none):/# 
root@(none):/# rtcwake -d rtc1 -m mem -s 3
rtcwake: assuming RTC uses UTC ...
rtcwake: wakeup from "mem" using /dev/rtc1 at Thu Jan  1 00:01:15 1970
[   18.920616] PM: suspend entry (deep)
[   18.924201] PM: Syncing filesystems ... done.
[   18.929899] Freezing user space processes ... (elapsed 0.001 seconds) done.
[   18.937958] OOM killer disabled.
[   18.941173] Freezing remaining freezable tasks ... (elapsed 0.001 seconds) done.
[   18.949702] Suspending console(s) (use no_console_suspend to debug)
[   18.975768] Disabling non-boot CPUs ...
[   19.011862] IRQ17 no longer affine to CPU1
[   19.112308] Entering suspend state LP1
[   19.112321] Enabling non-boot CPUs ...
[   19.112720] CPU1 is up
[   19.113024] CPU2 is up
[   19.113360] CPU3 is up
[   19.282762] mmc1: Switching to 3.3V signalling voltage failed
[   19.345297] tegra-sor 54540000.sor: failed to probe output: -517
[   19.345922] panel-simple panel: panel supply power not found, using dummy regulator
[   19.384365] OOM killer enabled.
[   19.387494] Restarting tasks ... done.
[   19.391532] PM: suspend exit
root@(none):/# 
root@(none):/# NVTB SYSTEM SUSPEND TEST COMPLETE
