
U-Boot SPL 2014.01-00219-gc4d376f (Feb 18 2014 - 19:57:32)


U-Boot 2014.01-00219-gc4d376f (Feb 18 2014 - 19:57:32)

TEGRA114
Board: NVIDIA Dalmore
I2C:   ready
DRAM:  2 GiB
MMC:   Tegra SD/MMC: 0, Tegra SD/MMC: 1
In:    serial
Out:   serial
Err:   serial
Net:   Net Initialization Skipped
No ethernet found.
Hit any key to stop autoboot:  2  0 
Tegra114 (Dalmore) # 
Tegra114 (Dalmore) # usb reset
(Re)start USB...
USB0:   USB EHCI 1.10
scanning bus 0 for devices... 2 USB Device(s) found
       scanning usb for storage devices... 0 Storage Device(s) found
       scanning usb for ethernet devices... 
Warning: asx0 using MAC address from net device
1 Ethernet Device(s) found
Tegra114 (Dalmore) # setenv bootargs 'ignore_loglevel console=ttyS0,115200n8 rw root=/dev/mmcblk0p1 rootwait gpt debug init=/bin/bash'
Tegra114 (Dalmore) # setenv ipaddr 192.168.100.100; setenv serverip 192.168.100.1; setenv tftpserverip 192.168.100.1
Tegra114 (Dalmore) # tftpboot 0x81000000 zImage.tegra_defconfig%tegra30,114_mergeconfig
Using asx0 device
TFTP from server 192.168.100.1; our IP address is 192.168.100.100
Filename 'zImage.tegra_defconfig%tegra30,114_mergeconfig'.
Load address: 0x81000000
Loading: *#################################################################
	 #################################################################
	 #################################################################
	 #################################################################
	 #################################################################
	 ####
	 3.3 MiB/s
done
Bytes transferred = 4823976 (499ba8 hex)
Tegra114 (Dalmore) # tftpboot 0x82000000 tegra114-dalmore.dtb
Using asx0 device
TFTP from server 192.168.100.1; our IP address is 192.168.100.100
Filename 'tegra114-dalmore.dtb'.
Load address: 0x82000000
Loading: *###
	 3.3 MiB/s
done
Bytes transferred = 34638 (874e hex)
Tegra114 (Dalmore) # bootz 0x81000000 - 0x82000000
Kernel image @ 0x81000000 [ 0x000000 - 0x499ba8 ]
## Flattened Device Tree blob at 82000000
   Booting using the fdt blob at 0x82000000
   Loading Device Tree to 8fff4000, end 8ffff74d ... OK

Starting kernel ...

Uncompressing Linux... done, booting the kernel.
[    0.000000] Booting Linux on physical CPU 0x0
[    0.000000] Initializing cgroup subsys cpu
[    0.000000] Initializing cgroup subsys cpuacct
[    0.000000] Linux version 4.0.0-rc3-next-20150313-122670-ga68b04c (pwalmsley@tamien) (gcc version 4.7.3 20130328 (prerelease) (crosstool-NG linaro-1.13.1-4.7-2013.04-20130415 - Linaro GCC 2013.04) ) #1 SMP PREEMPT Fri Mar 13 00:27:26 PDT 2015
[    0.000000] CPU: ARMv7 Processor [412fc0f2] revision 2 (ARMv7), cr=10c5387d
[    0.000000] CPU: PIPT / VIPT nonaliasing data cache, PIPT instruction cache
[    0.000000] Machine model: NVIDIA Tegra114 Dalmore evaluation board
[    0.000000] debug: ignoring loglevel setting.
[    0.000000] cma: Reserved 64 MiB at 0xfbc00000
[    0.000000] Memory policy: Data cache writealloc
[    0.000000] On node 0 totalpages: 524032
[    0.000000] free_area_init_node: node 0, pgdat c093bf80, node_mem_map ee7f7000
[    0.000000]   Normal zone: 1520 pages used for memmap
[    0.000000]   Normal zone: 0 pages reserved
[    0.000000]   Normal zone: 194560 pages, LIFO batch:31
[    0.000000]   HighMem zone: 329472 pages, LIFO batch:31
[    0.000000] PERCPU: Embedded 11 pages/cpu @ee7a6000 s12864 r8192 d24000 u45056
[    0.000000] pcpu-alloc: s12864 r8192 d24000 u45056 alloc=11*4096
[    0.000000] pcpu-alloc: [0] 0 [0] 1 [0] 2 [0] 3 
[    0.000000] Built 1 zonelists in Zone order, mobility grouping on.  Total pages: 522512
[    0.000000] Kernel command line: ignore_loglevel console=ttyS0,115200n8 rw root=/dev/mmcblk0p1 rootwait gpt debug init=/bin/bash
[    0.000000] PID hash table entries: 4096 (order: 2, 16384 bytes)
[    0.000000] Dentry cache hash table entries: 131072 (order: 7, 524288 bytes)
[    0.000000] Inode-cache hash table entries: 65536 (order: 6, 262144 bytes)
[    0.000000] Memory: 2003236K/2096128K available (6618K kernel code, 310K rwdata, 2208K rodata, 292K init, 350K bss, 27356K reserved, 65536K cma-reserved, 1252352K highmem)
[    0.000000] Virtual kernel memory layout:
[    0.000000]     vector  : 0xffff0000 - 0xffff1000   (   4 kB)
[    0.000000]     fixmap  : 0xffc00000 - 0xfff00000   (3072 kB)
[    0.000000]     vmalloc : 0xf0000000 - 0xff000000   ( 240 MB)
[    0.000000]     lowmem  : 0xc0000000 - 0xef800000   ( 760 MB)
[    0.000000]     pkmap   : 0xbfe00000 - 0xc0000000   (   2 MB)
[    0.000000]     modules : 0xbf000000 - 0xbfe00000   (  14 MB)
[    0.000000]       .text : 0xc0008000 - 0xc08a6cc0   (8828 kB)
[    0.000000]       .init : 0xc08a7000 - 0xc08f0000   ( 292 kB)
[    0.000000]       .data : 0xc08f0000 - 0xc093dac0   ( 311 kB)
[    0.000000]        .bss : 0xc093dac0 - 0xc09956ac   ( 351 kB)
[    0.000000] Preemptible hierarchical RCU implementation.
[    0.000000] 	Additional per-CPU info printed with stalls.
[    0.000000] NR_IRQS:16 nr_irqs:16 16
[    0.000000] L2C: failed to init: -19
[    0.000008] sched_clock: 32 bits at 1000kHz, resolution 1000ns, wraps every 2147483648000ns
[    0.000030] Switching to timer-based delay loop, resolution 1000ns
[    0.000884] Architected cp15 timer(s) running at 12.00MHz (virt).
[    0.000909] sched_clock: 56 bits at 12MHz, resolution 83ns, wraps every 2863311536128ns
[    0.000923] Switching to timer-based delay loop, resolution 83ns
[    0.001333] Console: colour dummy device 80x30
[    0.001358] Calibrating delay loop (skipped), value calculated using timer frequency.. 24.00 BogoMIPS (lpj=120000)
[    0.001372] pid_max: default: 32768 minimum: 301
[    0.001780] Mount-cache hash table entries: 2048 (order: 1, 8192 bytes)
[    0.001794] Mountpoint-cache hash table entries: 2048 (order: 1, 8192 bytes)
[    0.003187] Initializing cgroup subsys freezer
[    0.003214] Initializing cgroup subsys debug
[    0.003270] CPU: Testing write buffer coherency: ok
[    0.003583] /cpus/cpu@0 missing clock-frequency property
[    0.003610] /cpus/cpu@1 missing clock-frequency property
[    0.003638] /cpus/cpu@2 missing clock-frequency property
[    0.003668] /cpus/cpu@3 missing clock-frequency property
[    0.003680] CPU0: thread -1, cpu 0, socket 0, mpidr 80000000
[    0.003727] Setting up static identity map for 0x806452f0 - 0x80645388
[    0.041088] Tegra Revision: A01 SKU: 0 CPU Process: 1 Core Process: 0
[    0.061678] CPU1: thread -1, cpu 1, socket 0, mpidr 80000001
[    0.081697] CPU2: thread -1, cpu 2, socket 0, mpidr 80000002
[    0.101705] CPU3: thread -1, cpu 3, socket 0, mpidr 80000003
[    0.101786] Brought up 4 CPUs
[    0.101807] SMP: Total of 4 processors activated (96.00 BogoMIPS).
[    0.101815] CPU: All CPU(s) started in SVC mode.
[    0.102717] devtmpfs: initialized
[    0.104350] VFP support v0.3: implementor 41 architecture 4 part 30 variant f rev 0
[    0.106530] pinctrl core: initialized pinctrl subsystem
[    0.135959] NET: Registered protocol family 16
[    0.137265] DMA: preallocated 256 KiB pool for atomic coherent allocations
[    0.160899] cpuidle: using governor ladder
[    0.190925] cpuidle: using governor menu
[    0.209452] No ATAGs?
[    0.209487] hw-breakpoint: found 5 (+1 reserved) breakpoint and 4 watchpoint registers.
[    0.209498] hw-breakpoint: maximum watchpoint size is 8 bytes.
[    0.264378] dvdd_ts: Failed to request enable GPIO61: -517
[    0.264608] reg-fixed-voltage regulators:regulator@1: Failed to register regulator: -517
[    0.264636] platform regulators:regulator@1: Driver reg-fixed-voltage requests probe deferral
[    0.265064] usb1_vbus: Failed to request enable GPIO108: -517
[    0.265280] reg-fixed-voltage regulators:regulator@3: Failed to register regulator: -517
[    0.265307] platform regulators:regulator@3: Driver reg-fixed-voltage requests probe deferral
[    0.265729] usb2_vbus: Failed to request enable GPIO86: -517
[    0.265943] reg-fixed-voltage regulators:regulator@4: Failed to register regulator: -517
[    0.265970] platform regulators:regulator@4: Driver reg-fixed-voltage requests probe deferral
[    0.266400] reg-fixed-voltage regulators:regulator@5: Failed to find supply vin
[    0.266616] reg-fixed-voltage regulators:regulator@5: Failed to register regulator: -517
[    0.266642] platform regulators:regulator@5: Driver reg-fixed-voltage requests probe deferral
[    0.266754] platform regulators:regulator@6: Driver reg-fixed-voltage requests probe deferral
[    0.267172] VDD_5V0_HDMI_CON: Failed to request enable GPIO81: -517
[    0.267386] reg-fixed-voltage regulators:regulator@7: Failed to register regulator: -517
[    0.267412] platform regulators:regulator@7: Driver reg-fixed-voltage requests probe deferral
[    0.269144] vgaarb: loaded
[    0.270592] SCSI subsystem initialized
[    0.270907] libata version 3.00 loaded.
[    0.271664] usbcore: registered new interface driver usbfs
[    0.271831] usbcore: registered new interface driver hub
[    0.271999] usbcore: registered new device driver usb
[    0.276155] tps65090 2-0048: No cache defaults, reading back from HW
[    0.278739] vdd-sys-5v0: supplied by vdd_ac_bat
[    0.280098] vdd-sys-3v3: supplied by vdd_ac_bat
[    0.281469] vdd-ao: supplied by vdd_ac_bat
[    0.282092] vdd-lcd-bl: supplied by vdd_ac_bat
[    0.282721] TPS65090_RAILSFET2: supplied by vdd_ac_bat
[    0.283351] vdd-modem-3v3: supplied by vdd-sys-3v3
[    0.284148] avdd-lcd: supplied by vdd-sys-3v3
[    0.284922] vdd-lvds: supplied by vdd-sys-3v3
[    0.286048] vdd-sd-slot: supplied by vdd-sys-3v3
[    0.286826] vdd-com-3v3: supplied by vdd-sys-3v3
[    0.287608] vdd-sby-5v0: supplied by vdd_ac_bat
[    0.288078] vdd-sby-3v3: supplied by vdd_ac_bat
[    0.288864] genirq: Setting trigger mode 8 for irq 341 failed (gic_set_type+0x0/0x9c)
[    0.288886] palmas 2-0058: Irq flag is 0x00000000
[    0.292651] palmas 2-0058: Muxing GPIO ff, PWM 0, LED 0
[    0.295779] vddio-ddr: supplied by vdd-ao
[    0.297733] vddio-1v8: supplied by vdd-ao
[    0.299823] vdd-core: supplied by vdd-sys-3v3
[    0.303179] avdd-pll: supplied by vdd-sys-3v3
[    0.305688] sdhci-vdd-sd-slot: ramp_delay not set
[    0.305880] sdhci-vdd-sd-slot: supplied by vdd-sys-3v3
[    0.308569] avdd-cam1: supplied by vdd-sys-3v3
[    0.310011] avdd-cam2: supplied by vdd-sys-3v3
[    0.311460] avdd-dsi-csi: supplied by vddio-1v8
[    0.312902] vpp-fuse: supplied by vdd-sys-3v3
[    0.314352] LDO5: supplied by vdd_ac_bat
[    0.315949] vdd-sensor-2v85: supplied by vdd-sys-3v3
[    0.317387] vdd-af-cam1: supplied by vdd-sys-3v3
[    0.321097] vdd-rtc: supplied by vdd-ao
[    0.331277] vddio-sdmmc-2: supplied by sdhci-vdd-sd-slot
[    0.332729] hvdd-usb: supplied by vdd-sys-5v0
[    0.341129] avdd-usb: supplied by vdd-sys-5v0
[    0.345409] Linux video capture interface: v2.00
[    0.345533] pps_core: LinuxPPS API ver. 1 registered
[    0.345542] pps_core: Software ver. 5.3.6 - Copyright 2005-2007 Rodolfo Giometti <giometti@linux.it>
[    0.345626] PTP clock support registered
[    0.346490] Advanced Linux Sound Architecture Driver Initialized.
[    0.347940] Bluetooth: Core ver 2.20
[    0.348019] NET: Registered protocol family 31
[    0.348027] Bluetooth: HCI device and connection manager initialized
[    0.348050] Bluetooth: HCI socket layer initialized
[    0.348071] Bluetooth: L2CAP socket layer initialized
[    0.348127] Bluetooth: SCO socket layer initialized
[    0.348861] cfg80211: Calling CRDA to update world regulatory domain
[    0.349649] Switched to clocksource arch_sys_counter
[    0.374510] NET: Registered protocol family 2
[    0.375844] TCP established hash table entries: 8192 (order: 3, 32768 bytes)
[    0.375952] TCP bind hash table entries: 8192 (order: 4, 65536 bytes)
[    0.376138] TCP: Hash tables configured (established 8192 bind 8192)
[    0.376561] UDP hash table entries: 512 (order: 2, 16384 bytes)
[    0.376605] UDP-Lite hash table entries: 512 (order: 2, 16384 bytes)
[    0.376970] NET: Registered protocol family 1
[    0.377646] RPC: Registered named UNIX socket transport module.
[    0.377657] RPC: Registered udp transport module.
[    0.377665] RPC: Registered tcp transport module.
[    0.377674] RPC: Registered tcp NFSv4.1 backchannel transport module.
[    0.377694] PCI: CLS 0 bytes, default 64
[    0.382054] futex hash table entries: 1024 (order: 4, 65536 bytes)
[    0.384509] squashfs: version 4.0 (2009/01/31) Phillip Lougher
[    0.387831] bounce: pool size: 64 pages
[    0.387855] io scheduler noop registered (default)
[    0.411618] tegra-apbdma 6000a000.dma: Tegra20 APB DMA driver register 32 channels
[    0.412108] tegra-pmc 7000e400.pmc: i2c-thermtrip node not found, emergency thermal reset disabled.
[    0.412871] Serial: 8250/16550 driver, 4 ports, IRQ sharing disabled
[    0.416670] console [ttyS0] disabled
[    0.416727] 70006300.serial: ttyS0 at MMIO 0x70006300 (irq = 329, base_baud = 25500000) is a Tegra
[    1.363750] console [ttyS0] enabled
[    1.369998] [drm] Initialized drm 1.1.0 20060810
[    1.378014] tegra-hdmi 54280000.hdmi: failed to get HDMI regulator
[    1.384230] platform 54280000.hdmi: Driver tegra-hdmi requests probe deferral
[    1.394737] Unable to handle kernel NULL pointer dereference at virtual address 00000000
[    1.402851] pgd = c0004000
[    1.405554] [00000000] *pgd=00000000
[    1.409141] Internal error: Oops: 80000005 [#1] PREEMPT SMP ARM
[    1.415051] Modules linked in:
[    1.418112] CPU: 1 PID: 1 Comm: swapper/0 Not tainted 4.0.0-rc3-next-20150313-122670-ga68b04c #1
[    1.426882] Hardware name: NVIDIA Tegra SoC (Flattened Device Tree)
[    1.433140] task: ee055840 ti: ee056000 task.ti: ee056000
[    1.438529] PC is at 0x0
[    1.441064] LR is at percpu_ref_kill_and_confirm+0xe4/0x134
[    1.446629] pc : [<00000000>]    lr : [<c0229244>]    psr: 60000113
[    1.446629] sp : ee057e28  ip : c0312ba4  fp : ee0e7e00
[    1.458085] r10: 00000001  r9 : ee0e7f50  r8 : ee0de754
[    1.463301] r7 : ee303b4c  r6 : ee0de76c  r5 : 00000000  r4 : ee303b24
[    1.469817] r3 : 00000000  r2 : 00000000  r1 : 00000000  r0 : ee303b24
[    1.476335] Flags: nZCv  IRQs on  FIQs on  Mode SVC_32  ISA ARM  Segment kernel
[    1.483633] Control: 10c5387d  Table: 8000406a  DAC: 00000015
[    1.489370] Process swapper/0 (pid: 1, stack limit = 0xee056210)
[    1.495366] Stack: (0xee057e28 to 0xee058000)
[    1.499717] 7e20:                   ee000280 c0202920 ee3036e0 00000000 ee0de76c c02092ac
[    1.507883] 7e40: ee0de76c ee3036e0 ee303b4c c0209408 ee3036e0 c020943c ee0de76c c0902dcc
[    1.516048] 7e60: ee0de72c ee3036e0 ee303b4c c0209af4 00000000 c097fc1c 00000080 d0f1a300
[    1.524212] 7e80: ee0e4040 ee0e4140 ee303b70 ee0de72c ee303b70 00000000 ee0de72c ee057ef4
[    1.532376] 7ea0: c08dd554 00000001 00000000 c0209be4 00000005 ee0de600 00000000 c0314140
[    1.540542] 7ec0: 000000d0 00100000 00000008 00000001 00100000 c093dac0 c08c3970 c08dd554
[    1.548707] 7ee0: 00000000 c08c3a64 00000000 00000000 c08f5ed8 ee0e4f00 c08f5ed8 c08f5ed8
[    1.556873] 7f00: ee0e4f00 c0008b24 000000a4 00000000 c07ad26c c086e864 00000000 ee057f30
[    1.565038] 7f20: c003b7dc c021d7a0 80000113 ffffffff ef7fcc91 c0665cc0 000000dd c003b9dc
[    1.573202] 7f40: c086de24 00000006 ef7fcc9f 00000006 c08f9704 ef7fcc40 c08eb8a8 00000006
[    1.581366] 7f60: c08dd548 c093dac0 000000dd c08dd554 c08a7598 c08a7d80 00000006 00000006
[    1.589530] 7f80: c08a7598 ffffffff 00000000 c0639db8 00000000 00000000 00000000 00000000
[    1.597695] 7fa0: 00000000 c0639dc0 00000000 c000ea00 00000000 00000000 00000000 00000000
[    1.605859] 7fc0: 00000000 00000000 00000000 00000000 00000000 00000000 00000000 00000000
[    1.614023] 7fe0: 00000000 00000000 00000000 00000000 00000013 00000000 ffffffff ffffffff
[    1.622202] [<c0229244>] (percpu_ref_kill_and_confirm) from [<c02092ac>] (blk_mq_freeze_queue_start+0x3c/0x4c)
[    1.632194] [<c02092ac>] (blk_mq_freeze_queue_start) from [<c0209408>] (blk_mq_freeze_queue+0xc/0x18)
[    1.641402] [<c0209408>] (blk_mq_freeze_queue) from [<c020943c>] (blk_mq_update_tag_set_depth+0x28/0xa0)
[    1.650873] [<c020943c>] (blk_mq_update_tag_set_depth) from [<c0209af4>] (blk_mq_init_allocated_queue+0x640/0x704)
[    1.661208] [<c0209af4>] (blk_mq_init_allocated_queue) from [<c0209be4>] (blk_mq_init_queue+0x2c/0x4c)
[    1.670507] [<c0209be4>] (blk_mq_init_queue) from [<c0314140>] (loop_add+0xbc/0x224)
[    1.678246] [<c0314140>] (loop_add) from [<c08c3a64>] (loop_init+0xf4/0x158)
[    1.685292] [<c08c3a64>] (loop_init) from [<c0008b24>] (do_one_initcall+0x80/0x1d0)
[    1.692945] [<c0008b24>] (do_one_initcall) from [<c08a7d80>] (kernel_init_freeable+0x108/0x1d4)
[    1.701641] [<c08a7d80>] (kernel_init_freeable) from [<c0639dc0>] (kernel_init+0x8/0xec)
[    1.709727] [<c0639dc0>] (kernel_init) from [<c000ea00>] (ret_from_fork+0x14/0x34)
[    1.717285] Code: bad PC value
[    1.720383] ---[ end trace 3f8ce4abac37a8e6 ]---
[    1.724994] note: swapper/0[1] exited with preempt_count 1
[    1.730509] Kernel panic - not syncing: Attempted to kill init! exitcode=0x0000000b
[    1.730509] 
[    1.739634] CPU2: stopping
[    1.742344] CPU: 2 PID: 0 Comm: swapper/2 Tainted: G      D         4.0.0-rc3-next-20150313-122670-ga68b04c #1
[    1.752327] Hardware name: NVIDIA Tegra SoC (Flattened Device Tree)
[    1.758600] [<c0015ae8>] (unwind_backtrace) from [<c00114e8>] (show_stack+0x10/0x14)
[    1.766341] [<c00114e8>] (show_stack) from [<c063dedc>] (dump_stack+0x80/0xcc)
[    1.773556] [<c063dedc>] (dump_stack) from [<c00142f8>] (handle_IPI+0x130/0x15c)
[    1.780944] [<c00142f8>] (handle_IPI) from [<c00087f0>] (gic_handle_irq+0x54/0x5c)
[    1.788506] [<c00087f0>] (gic_handle_irq) from [<c0012040>] (__irq_svc+0x40/0x74)
[    1.795973] Exception stack(0xee07bf88 to 0xee07bfd0)
[    1.801020] bf80:                   00000001 00000000 00000000 c001eee0 c08f2494 00000000
[    1.809185] bfa0: 00000000 c08edd90 c08f24f8 c08f2500 00000001 00000000 ee07bfd8 ee07bfd0
[    1.817348] bfc0: c000f4cc c000f4d0 60000113 ffffffff
[    1.822401] [<c0012040>] (__irq_svc) from [<c000f4d0>] (arch_cpu_idle+0x30/0x3c)
[    1.829792] [<c000f4d0>] (arch_cpu_idle) from [<c005583c>] (cpu_startup_entry+0x2a0/0x34c)
[    1.838046] [<c005583c>] (cpu_startup_entry) from [<80008884>] (0x80008884)
[    1.844997] CPU0: stopping
[    1.847706] CPU: 0 PID: 0 Comm: swapper/0 Tainted: G      D         4.0.0-rc3-next-20150313-122670-ga68b04c #1
[    1.857688] Hardware name: NVIDIA Tegra SoC (Flattened Device Tree)
[    1.863960] [<c0015ae8>] (unwind_backtrace) from [<c00114e8>] (show_stack+0x10/0x14)
[    1.871700] [<c00114e8>] (show_stack) from [<c063dedc>] (dump_stack+0x80/0xcc)
[    1.878915] [<c063dedc>] (dump_stack) from [<c00142f8>] (handle_IPI+0x130/0x15c)
[    1.886302] [<c00142f8>] (handle_IPI) from [<c00087f0>] (gic_handle_irq+0x54/0x5c)
[    1.893864] [<c00087f0>] (gic_handle_irq) from [<c0012040>] (__irq_svc+0x40/0x74)
[    1.901333] Exception stack(0xc08f1f50 to 0xc08f1f98)
[    1.906377] 1f40:                                     00000001 00000000 00000000 c001eee0
[    1.914542] 1f60: c08f2494 00000000 00000000 c08edd90 c08f24f8 c08f2500 00000001 00000000
[    1.922705] 1f80: c08f1fa0 c08f1f98 c000f4cc c000f4d0 60000113 ffffffff
[    1.929317] [<c0012040>] (__irq_svc) from [<c000f4d0>] (arch_cpu_idle+0x30/0x3c)
[    1.936707] [<c000f4d0>] (arch_cpu_idle) from [<c005583c>] (cpu_startup_entry+0x2a0/0x34c)
[    1.944964] [<c005583c>] (cpu_startup_entry) from [<c08a7c0c>] (start_kernel+0x360/0x3cc)
[    1.953132] [<c08a7c0c>] (start_kernel) from [<80008074>] (0x80008074)
[    1.959648] CPU3: stopping
[    1.962358] CPU: 3 PID: 0 Comm: swapper/3 Tainted: G      D         4.0.0-rc3-next-20150313-122670-ga68b04c #1
[    1.972340] Hardware name: NVIDIA Tegra SoC (Flattened Device Tree)
[    1.978610] [<c0015ae8>] (unwind_backtrace) from [<c00114e8>] (show_stack+0x10/0x14)
[    1.986348] [<c00114e8>] (show_stack) from [<c063dedc>] (dump_stack+0x80/0xcc)
[    1.993562] [<c063dedc>] (dump_stack) from [<c00142f8>] (handle_IPI+0x130/0x15c)
[    2.000948] [<c00142f8>] (handle_IPI) from [<c00087f0>] (gic_handle_irq+0x54/0x5c)
[    2.008509] [<c00087f0>] (gic_handle_irq) from [<c0012040>] (__irq_svc+0x40/0x74)
[    2.015977] Exception stack(0xee07df88 to 0xee07dfd0)
[    2.021022] df80:                   00000001 00000000 00000000 c001eee0 c08f2494 00000000
[    2.029187] dfa0: 00000000 c08edd90 c08f24f8 c08f2500 00000001 00000000 ee07dfd8 ee07dfd0
[    2.037349] dfc0: c000f4cc c000f4d0 60000113 ffffffff
[    2.042400] [<c0012040>] (__irq_svc) from [<c000f4d0>] (arch_cpu_idle+0x30/0x3c)
[    2.049790] [<c000f4d0>] (arch_cpu_idle) from [<c005583c>] (cpu_startup_entry+0x2a0/0x34c)
[    2.058043] [<c005583c>] (cpu_startup_entry) from [<80008884>] (0x80008884)
[    2.064997] ---[ end Kernel panic - not syncing: Attempted to kill init! exitcode=0x0000000b
[    2.064997] 
