
U-Boot SPL 2016.05-rc2 (Apr 21 2016 - 16:23:00)
Trying to boot from RAM


U-Boot 2016.05-rc2 (Apr 21 2016 - 16:23:00 -0700)

TEGRA124
Model: NVIDIA Jetson TK1
Board: NVIDIA Jetson TK1
DRAM:  2 GiB
MMC:   Tegra SD/MMC: 0, Tegra SD/MMC: 1
In:    serial
Out:   serial
Err:   serial
Net:   No ethernet found.
Hit any key to stop autoboot:  2  0 
Tegra124 (Jetson TK1) # 
Tegra124 (Jetson TK1) # pci enum
Tegra124 (Jetson TK1) # setenv bootargs 'ignore_loglevel console=ttyS0,115200n8 rw root=PARTUUID=b1791faa-84e8-4e27-83a1-9fb0a77e8803 rootwait gpt debug noinitrd earlyprintk init=/bin/bash'
Tegra124 (Jetson TK1) # setenv ipaddr 192.168.100.102; setenv serverip 192.168.100.1; setenv tftpserverip 192.168.100.1
Tegra124 (Jetson TK1) # tftpboot 0x82000000 zImage.multi_v7_defconfig

Warning: eth_rtl8169 using MAC address from ROM
Using eth_rtl8169 device
TFTP from server 192.168.100.1; our IP address is 192.168.100.102
Filename 'zImage.multi_v7_defconfig'.
Load address: 0x82000000
Loading: *#################################################################
	 #################################################################
	 #################################################################
	 #################################################################
	 #################################################################
	 #################################################################
	 #################################################################
	 #################################################################
	 ###########################
	 3.6 MiB/s
done
Bytes transferred = 8016488 (7a5268 hex)
Tegra124 (Jetson TK1) # tftpboot 0x83000000 tegra124-jetson-tk1.dtb
Using eth_rtl8169 device
TFTP from server 192.168.100.1; our IP address is 192.168.100.102
Filename 'tegra124-jetson-tk1.dtb'.
Load address: 0x83000000
Loading: *#####
	 3.6 MiB/s
done
Bytes transferred = 67161 (10659 hex)
Tegra124 (Jetson TK1) # bootz 0x82000000 - 0x83000000
Kernel image @ 0x82000000 [ 0x000000 - 0x7a5268 ]
## Flattened Device Tree blob at 83000000
   Booting using the fdt blob at 0x83000000
   Using Device Tree in place at 83000000, end 83013658

Starting kernel ...

[    0.000000] Booting Linux on physical CPU 0x0
[    0.000000] Linux version 4.12.0-next-20170704-184482-g84fae2c (jonathanh@kaivo) (gcc version 4.7.3 20130328 (prerelease) (crosstool-NG linaro-1.13.1-4.7-2013.04-20130415 - Linaro GCC 2013.04)) #1 SMP Tue Jul 4 08:37:39 PDT 2017
[    0.000000] CPU: ARMv7 Processor [413fc0f3] revision 3 (ARMv7), cr=10c5387d
[    0.000000] CPU: div instructions available: patching division code
[    0.000000] CPU: PIPT / VIPT nonaliasing data cache, PIPT instruction cache
[    0.000000] OF: fdt: Machine model: NVIDIA Tegra124 Jetson TK1
[    0.000000] debug: ignoring loglevel setting.
[    0.000000] Memory policy: Data cache writealloc
[    0.000000] efi: Getting EFI parameters from FDT:
[    0.000000] efi: UEFI not found.
[    0.000000] cma: Reserved 64 MiB at 0xfb800000
[    0.000000] On node 0 totalpages: 524032
[    0.000000] free_area_init_node: node 0, pgdat c157dd00, node_mem_map eeff8000
[    0.000000]   DMA zone: 1536 pages used for memmap
[    0.000000]   DMA zone: 0 pages reserved
[    0.000000]   DMA zone: 196608 pages, LIFO batch:31
[    0.000000]   HighMem zone: 327424 pages, LIFO batch:31
[    0.000000] percpu: Embedded 17 pages/cpu @eef81000 s39488 r8192 d21952 u69632
[    0.000000] pcpu-alloc: s39488 r8192 d21952 u69632 alloc=17*4096
[    0.000000] pcpu-alloc: [0] 0 [0] 1 [0] 2 [0] 3 
[    0.000000] Built 1 zonelists in Zone order, mobility grouping on.  Total pages: 522496
[    0.000000] Kernel command line: ignore_loglevel console=ttyS0,115200n8 rw root=PARTUUID=b1791faa-84e8-4e27-83a1-9fb0a77e8803 rootwait gpt debug noinitrd earlyprintk init=/bin/bash
[    0.000000] PID hash table entries: 4096 (order: 2, 16384 bytes)
[    0.000000] Dentry cache hash table entries: 131072 (order: 7, 524288 bytes)
[    0.000000] Inode-cache hash table entries: 65536 (order: 6, 262144 bytes)
[    0.000000] Memory: 1993432K/2096128K available (10240K kernel code, 1558K rwdata, 4452K rodata, 2048K init, 402K bss, 37160K reserved, 65536K cma-reserved, 1244160K highmem)
[    0.000000] Virtual kernel memory layout:
[    0.000000]     vector  : 0xffff0000 - 0xffff1000   (   4 kB)
[    0.000000]     fixmap  : 0xffc00000 - 0xfff00000   (3072 kB)
[    0.000000]     vmalloc : 0xf0800000 - 0xff800000   ( 240 MB)
[    0.000000]     lowmem  : 0xc0000000 - 0xf0000000   ( 768 MB)
[    0.000000]     pkmap   : 0xbfe00000 - 0xc0000000   (   2 MB)
[    0.000000]     modules : 0xbf000000 - 0xbfe00000   (  14 MB)
[    0.000000]       .text : 0xc0208000 - 0xc0d00000   (11232 kB)
[    0.000000]       .init : 0xc1200000 - 0xc1400000   (2048 kB)
[    0.000000]       .data : 0xc1400000 - 0xc1585ab0   (1559 kB)
[    0.000000]        .bss : 0xc158ecc8 - 0xc15f383c   ( 403 kB)
[    0.000000] SLUB: HWalign=64, Order=0-3, MinObjects=0, CPUs=4, Nodes=1
[    0.000000] Hierarchical RCU implementation.
[    0.000000] 	RCU event tracing is enabled.
[    0.000000] 	RCU restricting CPUs from NR_CPUS=16 to nr_cpu_ids=4.
[    0.000000] RCU: Adjusting geometry for rcu_fanout_leaf=16, nr_cpu_ids=4
[    0.000000] NR_IRQS: 16, nr_irqs: 16, preallocated irqs: 16
[    0.000000] /interrupt-controller@60004000: 160 interrupts forwarded to /interrupt-controller@50041000
[    0.000000] Tegra clk 127: register failed with -17
[    0.000008] sched_clock: 32 bits at 1000kHz, resolution 1000ns, wraps every 2147483647500ns
[    0.000027] clocksource: timer_us: mask: 0xffffffff max_cycles: 0xffffffff, max_idle_ns: 1911260446275 ns
[    0.000043] Switching to timer-based delay loop, resolution 1000ns
[    0.005157] arch_timer: cp15 timer(s) running at 12.00MHz (virt).
[    0.005175] clocksource: arch_sys_counter: mask: 0xffffffffffffff max_cycles: 0x2c47f4ee7, max_idle_ns: 440795202497 ns
[    0.005194] sched_clock: 56 bits at 12MHz, resolution 83ns, wraps every 4398046511096ns
[    0.005208] Switching to timer-based delay loop, resolution 83ns
[    0.005689] Console: colour dummy device 80x30
[    0.005719] Calibrating delay loop (skipped), value calculated using timer frequency.. 24.00 BogoMIPS (lpj=120000)
[    0.005738] pid_max: default: 32768 minimum: 301
[    0.005826] Mount-cache hash table entries: 2048 (order: 1, 8192 bytes)
[    0.005841] Mountpoint-cache hash table entries: 2048 (order: 1, 8192 bytes)
[    0.006301] CPU: Testing write buffer coherency: ok
[    0.006550] /cpus/cpu@0 missing clock-frequency property
[    0.006596] /cpus/cpu@1 missing clock-frequency property
[    0.006639] /cpus/cpu@2 missing clock-frequency property
[    0.006683] /cpus/cpu@3 missing clock-frequency property
[    0.006697] CPU0: thread -1, cpu 0, socket 0, mpidr 80000000
[    0.006983] Setting up static identity map for 0x80300000 - 0x803000a0
[    0.008961] Hierarchical SRCU implementation.
[    0.010837] Tegra Revision: A01 SKU: 129 CPU Process: 1 SoC Process: 1
[    0.011602] EFI services will not be available.
[    0.011748] smp: Bringing up secondary CPUs ...
[    0.012216] CPU1: thread -1, cpu 1, socket 0, mpidr 80000001
[    0.015486] CPU2: thread -1, cpu 2, socket 0, mpidr 80000002
[    0.025531] CPU3: thread -1, cpu 3, socket 0, mpidr 80000003
[    0.035071] smp: Brought up 1 node, 4 CPUs
[    0.035092] SMP: Total of 4 processors activated (96.00 BogoMIPS).
[    0.035101] CPU: All CPU(s) started in SVC mode.
[    0.036588] devtmpfs: initialized
[    0.053407] VFP support v0.3: implementor 41 architecture 4 part 30 variant f rev 0
[    0.053824] clocksource: jiffies: mask: 0xffffffff max_cycles: 0xffffffff, max_idle_ns: 19112604462750000 ns
[    0.053843] futex hash table entries: 1024 (order: 4, 65536 bytes)
[    0.055322] pinctrl core: initialized pinctrl subsystem
[    0.056972] DMI not present or invalid.
[    0.057143] random: get_random_u32 called from bucket_table_alloc+0xe8/0x254 with crng_init=0
[    0.057233] NET: Registered protocol family 16
[    0.059346] DMA: preallocated 256 KiB pool for atomic coherent allocations
[    0.061991] cpuidle: using governor menu
[    0.089640] No ATAGs?
[    0.089766] hw-breakpoint: found 5 (+1 reserved) breakpoint and 4 watchpoint registers.
[    0.089783] hw-breakpoint: maximum watchpoint size is 8 bytes.
[    0.097142] Serial: AMBA PL011 UART driver
[    0.114343] AT91: Could not find identification node
[    0.114921] +5V_SYS: supplied by +VDD_MUX
[    0.115244] +3.3V_SYS: supplied by +VDD_MUX
[    0.115902] +USB0_VBUS_SW: Failed to request enable GPIO108: -517
[    0.115918] reg-fixed-voltage regulators:regulator@7: Failed to register regulator: -517
[    0.116023] +5V_USB_HS: Failed to request enable GPIO109: -517
[    0.116037] reg-fixed-voltage regulators:regulator@8: Failed to register regulator: -517
[    0.116231] +1.05V_RUN_AVDD_HDMI_PLL: Failed to request enable GPIO63: -517
[    0.116245] reg-fixed-voltage regulators:regulator@11: Failed to register regulator: -517
[    0.116346] +5V_HDMI_CON: Failed to request enable GPIO86: -517
[    0.116360] reg-fixed-voltage regulators:regulator@12: Failed to register regulator: -517
[    0.116461] +5V_SATA: Failed to request enable GPIO242: -517
[    0.116475] reg-fixed-voltage regulators:regulator@13: Failed to register regulator: -517
[    0.116576] +12V_SATA: Failed to request enable GPIO242: -517
[    0.116589] reg-fixed-voltage regulators:regulator@14: Failed to register regulator: -517
[    0.119603] vgaarb: loaded
[    0.120403] SCSI subsystem initialized
[    0.120566] libata version 3.00 loaded.
[    0.120812] usbcore: registered new interface driver usbfs
[    0.120872] usbcore: registered new interface driver hub
[    0.120934] usbcore: registered new device driver usb
[    0.124498] pps_core: LinuxPPS API ver. 1 registered
[    0.124509] pps_core: Software ver. 5.3.6 - Copyright 2005-2007 Rodolfo Giometti <giometti@linux.it>
[    0.124532] PTP clock support registered
[    0.124722] EDAC MC: Ver: 3.0.0
[    0.125051] dmi: Firmware registration failed.
[    0.127726] clocksource: Switched to clocksource arch_sys_counter
[    0.183467] NET: Registered protocol family 2
[    0.183967] TCP established hash table entries: 8192 (order: 3, 32768 bytes)
[    0.184067] TCP bind hash table entries: 8192 (order: 4, 65536 bytes)
[    0.184255] TCP: Hash tables configured (established 8192 bind 8192)
[    0.184334] UDP hash table entries: 512 (order: 2, 16384 bytes)
[    0.184378] UDP-Lite hash table entries: 512 (order: 2, 16384 bytes)
[    0.184523] NET: Registered protocol family 1
[    0.184875] RPC: Registered named UNIX socket transport module.
[    0.184886] RPC: Registered udp transport module.
[    0.184895] RPC: Registered tcp transport module.
[    0.184904] RPC: Registered tcp NFSv4.1 backchannel transport module.
[    0.184917] PCI: CLS 0 bytes, default 64
[    0.186367] hw perfevents: enabled with armv7_cortex_a15 PMU driver, 7 counters available
[    0.188212] workingset: timestamp_bits=30 max_order=19 bucket_order=0
[    0.196724] squashfs: version 4.0 (2009/01/31) Phillip Lougher
[    0.197460] NFS: Registering the id_resolver key type
[    0.197484] Key type id_resolver registered
[    0.197494] Key type id_legacy registered
[    0.197537] ntfs: driver 2.1.32 [Flags: R/O].
[    0.198240] random: fast init done
[    0.199187] bounce: pool size: 64 pages
[    0.199233] Block layer SCSI generic (bsg) driver version 0.4 loaded (major 248)
[    0.199244] io scheduler noop registered
[    0.199254] io scheduler deadline registered
[    0.199425] io scheduler cfq registered (default)
[    0.199436] io scheduler mq-deadline registered
[    0.199445] io scheduler kyber registered
[    0.203067]  usb2-0: usb2-0 supply vbus not found, using dummy regulator
[    0.203184]  usb2-1: usb2-1 supply vbus not found, using dummy regulator
[    0.203665] tegra-xusb-padctl 7009f000.padctl: failed to setup XUSB ports: -517
[    0.222371] tegra-pcie 1003000.pcie: 2x1, 1x1 configuration
[    0.222427] tegra-pcie 1003000.pcie: Failed to get supply 'avddio-pex': -517
[    0.228559] tegra124-dfll 70110000.clock: couldn't get vdd_cpu regulator
[    0.235794] tegra-apbdma 60020000.dma: Tegra20 APB DMA driver register 32 channels
[    0.238457] tegra-pmc 7000e400.pmc: emergency thermal reset enabled
[    0.295832] Serial: 8250/16550 driver, 4 ports, IRQ sharing disabled
[    0.298529] console [ttyS0] disabled
[    0.298567] 70006300.serial: ttyS0 at MMIO 0x70006300 (irq = 335, base_baud = 25500000) is a Tegra
[    1.213291] console [ttyS0] enabled
[    1.217625] SuperH (H)SCI(F) driver initialized
[    1.223269] msm_serial: driver initialized
[    1.227549] STMicroelectronics ASC driver initialized
[    1.233493] 70006000.serial: ttyTHS1 at MMIO 0x70006000 (irq = 333, base_baud = 0) is a TEGRA_UART
[    1.242772] 70006040.serial: ttyTHS2 at MMIO 0x70006040 (irq = 334, base_baud = 0) is a TEGRA_UART
[    1.257033] tegra-hdmi 54280000.hdmi: failed to get HDMI regulator
[    1.275279] brd: module loaded
[    1.284843] loop: module loaded
[    1.289235] at24 0-0056: 256 byte 24c02 EEPROM, writable, 8 bytes/write
[    1.297578] as3722 4-0040: AS3722 with revision 0x1 found
[    1.309555] as3722-sd2: supplied by +5V_SYS
[    1.314173] as3722-sd3: supplied by +5V_SYS
[    1.318598] +1.35V_LP0(sd3): Bringing 0uV into 1350000-1350000uV
[    1.324943] as3722-sd4: supplied by +5V_SYS
[    1.329576] as3722-sd5: supplied by +5V_SYS
[    1.335557] as3722-ldo0: supplied by +1.35V_LP0(sd2)
[    1.341688] +1.8V_RUN_CAM: Bringing 0uV into 1800000-1800000uV
[    1.347905] as3722-ldo2: supplied by +1.8V_VDDIO
[    1.353788] as3722-ldo3: supplied by +3.3V_SYS
[    1.358286] +1.05V_LP0_VDD_RTC: Bringing 1100000uV into 1000000-1000000uV
[    1.366043] as3722-ldo4: supplied by +3.3V_SYS
[    1.370712] +2.8V_RUN_CAM: Bringing 0uV into 2800000-2800000uV
[    1.376904] as3722-ldo5: supplied by +1.8V_VDDIO
[    1.381755] +1.2V_RUN_CAM_FRONT: Bringing 0uV into 1200000-1200000uV
[    1.388673] +VDDIO_SDMMC3: bypassed regulator has no supply!
[    1.394325] +VDDIO_SDMMC3: failed to get the current voltage(-517)
[    1.400523] as3722-regulator as3722-regulator: regulator 13 register failed -517
[    1.413861] tegra-ahci 70027000.sata: couldn't get PHY in node sata: -517
[    1.436330] m25p80 spi32765.0: w25q32dw (4096 Kbytes)
[    1.444141] libphy: Fixed MDIO Bus: probed
[    1.449447] CAN device driver interface
[    1.454224] bgmac_bcma: Broadcom 47xx GBit MAC driver loaded
[    1.461305] e1000e: Intel(R) PRO/1000 Network Driver - 3.2.6-k
[    1.467129] e1000e: Copyright(c) 1999 - 2015 Intel Corporation.
[    1.473115] igb: Intel(R) Gigabit Ethernet Network Driver - version 5.4.0-k
[    1.480082] igb: Copyright (c) 2007-2014 Intel Corporation.
[    1.489645] pegasus: v0.9.3 (2013/04/25), Pegasus/Pegasus II USB Ethernet driver
[    1.497078] usbcore: registered new interface driver pegasus
[    1.502799] usbcore: registered new interface driver asix
[    1.508246] usbcore: registered new interface driver ax88179_178a
[    1.514365] usbcore: registered new interface driver cdc_ether
[    1.520261] usbcore: registered new interface driver smsc75xx
[    1.526056] usbcore: registered new interface driver smsc95xx
[    1.531850] usbcore: registered new interface driver net1080
[    1.537537] usbcore: registered new interface driver cdc_subset
[    1.543503] usbcore: registered new interface driver zaurus
[    1.549143] usbcore: registered new interface driver cdc_ncm
[    1.555032] tegra-phy 7d004000.usb-phy: no vbus regulator
[    1.562538] ehci_hcd: USB 2.0 'Enhanced' Host Controller (EHCI) Driver
[    1.569077] ehci-pci: EHCI PCI platform driver
[    1.573557] ehci-platform: EHCI generic platform driver
[    1.579008] ehci-orion: EHCI orion driver
[    1.583179] SPEAr-ehci: EHCI SPEAr driver
[    1.587336] ehci-st: EHCI STMicroelectronics driver
[    1.592369] ehci-exynos: EHCI EXYNOS driver
[    1.596711] ehci-atmel: EHCI Atmel driver
[    1.600873] tegra-ehci: Tegra EHCI driver
[    1.607737] tegra-ehci 7d004000.usb: EHCI Host Controller
[    1.613152] tegra-ehci 7d004000.usb: new USB bus registered, assigned bus number 1
[    1.620931] tegra-ehci 7d004000.usb: irq 354, io mem 0x7d004000
[    1.647747] tegra-ehci 7d004000.usb: USB 2.0 started, EHCI 1.10
[    1.654471] hub 1-0:1.0: USB hub found
[    1.658276] hub 1-0:1.0: 1 port detected
[    1.662731] ohci_hcd: USB 1.1 'Open' Host Controller (OHCI) Driver
[    1.668950] ohci-pci: OHCI PCI platform driver
[    1.673429] ohci-platform: OHCI generic platform driver
[    1.678868] SPEAr-ohci: OHCI SPEAr driver
[    1.683017] ohci-st: OHCI STMicroelectronics driver
[    1.688046] ohci-atmel: OHCI Atmel driver
[    1.692840] usbcore: registered new interface driver usb-storage
[    1.703473] as3722-rtc as3722-rtc: rtc core: registered as3722-rtc as rtc0
[    1.710376] as3722-rtc as3722-rtc: RTC interrupt 377
[    1.718817] tegra_rtc 7000e000.rtc: rtc core: registered 7000e000.rtc as rtc1
[    1.725976] tegra_rtc 7000e000.rtc: Tegra internal Real Time Clock
[    1.732710] i2c /dev entries driver
[    1.743289] lm90 0-004c: 0-004c supply vcc not found, using dummy regulator
[    1.760894] sdhci: Secure Digital Host Controller Interface driver
[    1.767065] sdhci: Copyright(c) Pierre Ossman
[    1.773078] Synopsys Designware Multimedia Card Interface Driver
[    1.780446] sdhci-pltfm: SDHCI platform and OF driver helper
[    1.786902] sdhci-tegra 700b0400.sdhci: Got CD GPIO
[    1.791814] sdhci-tegra 700b0400.sdhci: Got WP GPIO
[    1.813060] mmc0: Unknown controller version (3). You may experience problems.
[    1.820336] mmc0: Invalid maximum block size, assuming 512 bytes
[    1.887743] mmc0: SDHCI controller on 700b0600.sdhci [700b0600.sdhci] using ADMA
[    1.897096] ledtrig-cpu: registered to indicate activity on CPUs
[    1.903438] usbcore: registered new interface driver usbhid
[    1.909023] usbhid: USB HID core driver
[    1.917016] NET: Registered protocol family 10
[    1.922331] Segment Routing with IPv6
[    1.926041] sit: IPv6, IPv4 and MPLS over IPv4 tunneling driver
[    1.932544] NET: Registered protocol family 17
[    1.936989] can: controller area network core (rev 20170425 abi 9)
[    1.943237] NET: Registered protocol family 29
[    1.947677] can: raw protocol (rev 20170425)
[    1.951960] can: broadcast manager protocol (rev 20170425 t)
[    1.957615] can: netlink gateway (rev 20170425) max_hops=1
[    1.963417] Key type dns_resolver registered
[    1.968304] ThumbEE CPU extension supported.
[    1.972574] Registering SWP/SWPB emulation handler
[    1.991603] +3.3V_RUN: supplied by +3.3V_SYS
[    1.997159] +USB0_VBUS_SW: supplied by +5V_SYS
[    2.001905] +3.3V_AVDD_HDMI_AP_GATED: supplied by +3.3V_RUN
[    2.007868] +5V_USB_HS: supplied by +5V_SYS
[    2.013695] +3.3V_LP0: supplied by +3.3V_SYS
[    2.020126] +5V_HDMI_CON: supplied by +5V_SYS
[    2.025160] +5V_SATA: supplied by +5V_SYS
[    2.029760] +12V_SATA: supplied by +VDD_MUX
[    2.036035]  usb2-0: usb2-0 supply vbus not found, using dummy regulator
[    2.037995] mmc0: new high speed MMC card at address 0001
[    2.038512] mmcblk0: mmc0:0001 SEM16G 14.7 GiB 
[    2.039022] mmcblk0boot0: mmc0:0001 SEM16G partition 1 4.00 MiB
[    2.039247] mmcblk0boot1: mmc0:0001 SEM16G partition 2 4.00 MiB
[    2.039394] mmcblk0rpmb: mmc0:0001 SEM16G partition 3 4.00 MiB
[    2.044674]  mmcblk0: p1
[    2.073118]  usb2-1: usb2-1 supply vbus not found, using dummy regulator
[    2.080199]  usb3-0: usb3-0 supply vbus not found, using dummy regulator
[    2.088168] tegra-pcie 1003000.pcie: 2x1, 1x1 configuration
[    2.093803] tegra-pcie 1003000.pcie: Failed to get supply 'avddio-pex': -517
[    2.103404] tegra124-dfll 70110000.clock: couldn't get vdd_cpu regulator
[    2.113971] tegra-hdmi 54280000.hdmi: failed to get PLL regulator
[    2.124805] as3722-sd2: supplied by +5V_SYS
[    2.129378] as3722-sd3: supplied by +5V_SYS
[    2.133789] as3722-sd4: supplied by +5V_SYS
[    2.138249] as3722-sd5: supplied by +5V_SYS
[    2.144141] as3722-ldo0: supplied by +1.35V_LP0(sd2)
[    2.150043] as3722-ldo1: supplied by +3.3V_RUN
[    2.154834] as3722-ldo2: supplied by +1.8V_VDDIO
[    2.160397] as3722-ldo3: supplied by +3.3V_SYS
[    2.165701] as3722-ldo4: supplied by +3.3V_SYS
[    2.170422] as3722-ldo5: supplied by +1.8V_VDDIO
[    2.175289] as3722-ldo6: supplied by +3.3V_RUN
[    2.180014] as3722-ldo7: supplied by +1.8V_VDDIO
[    2.185390] +1.05V_RUN_CAM_REAR: Bringing 0uV into 1050000-1050000uV
[    2.192503] as3722-ldo9: supplied by +5V_SYS
[    2.198048] +3.3V_RUN_TOUCH: Bringing 0uV into 2800000-2800000uV
[    2.204782] as3722-ldo10: supplied by +5V_SYS
[    2.209943] +2.8V_RUN_CAM_AF: Bringing 0uV into 2800000-2800000uV
[    2.216766] as3722-ldo11: supplied by +3.3V_RUN
[    2.222099] +1.8V_RUN_VPP_FUSE: Bringing 0uV into 1800000-1800000uV
[    2.231841] tegra-ahci 70027000.sata: AHCI 0001.0301 32 slots 2 ports 3 Gbps 0x1 impl platform mode
[    2.240917] tegra-ahci 70027000.sata: flags: 64bit ncq sntf pm led pio slum part sadm sds apst 
[    2.250929] scsi host0: tegra-ahci
[    2.255216] scsi host1: tegra-ahci
[    2.259086] ata1: SATA max UDMA/133 mmio [mem 0x70027000-0x70028fff] port 0x100 irq 345
[    2.267083] ata2: DUMMY
[    2.272929] tegra-ehci 7d008000.usb: EHCI Host Controller
[    2.278385] tegra-ehci 7d008000.usb: new USB bus registered, assigned bus number 2
[    2.286126] tegra-ehci 7d008000.usb: irq 355, io mem 0x7d008000
[    2.317842] tegra-ehci 7d008000.usb: USB 2.0 started, EHCI 1.10
[    2.324904] hub 2-0:1.0: USB hub found
[    2.328758] hub 2-0:1.0: 1 port detected
[    2.335244] sdhci-tegra 700b0400.sdhci: Got CD GPIO
[    2.340197] sdhci-tegra 700b0400.sdhci: Got WP GPIO
[    2.351951] mmc1: Unknown controller version (3). You may experience problems.
[    2.359288] mmc1: Invalid maximum block size, assuming 512 bytes
[    2.428303] mmc1: SDHCI controller on 700b0400.sdhci [700b0400.sdhci] using ADMA
[    2.436428] tegra-pcie 1003000.pcie: 2x1, 1x1 configuration
[    2.444069] tegra-pcie 1003000.pcie: probing port 0, using 2 lanes
[    2.453791] tegra-pcie 1003000.pcie: Slot present pin change, signature: 00000008
[    2.477950] tegra-pcie 1003000.pcie: probing port 1, using 1 lanes
[    2.486287] tegra-pcie 1003000.pcie: Slot present pin change, signature: 00000000
[    2.501032] tegra-pcie 1003000.pcie: PCI host bridge to bus 0000:00
[    2.507310] pci_bus 0000:00: root bus resource [io  0x0000-0xffff]
[    2.513539] pci_bus 0000:00: root bus resource [mem 0x13000000-0x1fffffff]
[    2.520452] pci_bus 0000:00: root bus resource [mem 0x20000000-0x3fffffff pref]
[    2.527810] pci_bus 0000:00: root bus resource [bus 00-ff]
[    2.533337] pci 0000:00:01.0: [10de:0e12] type 01 class 0x060400
[    2.539414] pci_bus 0000:00: 2-byte config write to 0000:00:01.0 offset 0x4 may corrupt adjacent RW1C bits
[    2.549116] pci_bus 0000:00: 2-byte config write to 0000:00:01.0 offset 0x4 may corrupt adjacent RW1C bits
[    2.558850] pci_bus 0000:00: 2-byte config write to 0000:00:01.0 offset 0x88 may corrupt adjacent RW1C bits
[    2.568652] pci_bus 0000:00: 2-byte config write to 0000:00:01.0 offset 0x52 may corrupt adjacent RW1C bits
[    2.578482] pci 0000:00:01.0: PME# supported from D0 D1 D2 D3hot D3cold
[    2.585108] pci_bus 0000:00: 2-byte config write to 0000:00:01.0 offset 0x4c may corrupt adjacent RW1C bits
[    2.595190] pci 0000:00:02.0: [10de:0e13] type 01 class 0x060400
[    2.601262] pci_bus 0000:00: 2-byte config write to 0000:00:02.0 offset 0x4 may corrupt adjacent RW1C bits
[    2.601428] ata1: SATA link down (SStatus 0 SControl 300)
[    2.616343] pci_bus 0000:00: 2-byte config write to 0000:00:02.0 offset 0x4 may corrupt adjacent RW1C bits
[    2.626044] pci_bus 0000:00: 2-byte config write to 0000:00:02.0 offset 0x88 may corrupt adjacent RW1C bits
[    2.635845] pci_bus 0000:00: 2-byte config write to 0000:00:02.0 offset 0x52 may corrupt adjacent RW1C bits
[    2.645629] pci 0000:00:02.0: PME# supported from D0 D1 D2 D3hot D3cold
[    2.652254] pci_bus 0000:00: 2-byte config write to 0000:00:02.0 offset 0x4c may corrupt adjacent RW1C bits
[    2.662278] PCI: bus0: Fast back to back transfers disabled
[    2.667873] pci 0000:00:01.0: bridge configuration invalid ([bus 00-00]), reconfiguring
[    2.675890] pci 0000:00:02.0: bridge configuration invalid ([bus 00-00]), reconfiguring
[    2.684166] pci 0000:01:00.0: [8086:4232] type 00 class 0x028000
[    2.690292] pci 0000:01:00.0: reg 0x10: [mem 0x00000000-0x00001fff 64bit]
[    2.697289] pci 0000:01:00.0: PME# supported from D0 D3hot D3cold
[    2.718490] mmc1: new high speed SDHC card at address aaaa
[    2.724701] mmcblk1: mmc1:aaaa SD04G 3.69 GiB 
[    2.729525] PCI: bus1: Fast back to back transfers disabled
[    2.735123] pci_bus 0000:01: busn_res: [bus 01-ff] end is updated to 01
[    2.741987] pci 0000:02:00.0: [10ec:8168] type 00 class 0x020000
[    2.748059] pci 0000:02:00.0: reg 0x10: [io  0x0000-0x00ff]
[    2.753657] pci 0000:02:00.0: reg 0x18: [mem 0x00000000-0x00000fff 64bit]
[    2.760484] pci 0000:02:00.0: reg 0x20: [mem 0x00000000-0x00003fff 64bit pref]
[    2.767853] pci 0000:02:00.0: supports D1 D2
[    2.772119] pci 0000:02:00.0: PME# supported from D0 D1 D2 D3hot D3cold
[    2.786460] mmcblk1: error -5 sending stop command, original cmd response 0x900, card status 0x900
[    2.795461] mmcblk1: error -5 transferring data, sector 7744504, nr 8, cmd response 0x900, card status 0x80000b00
[    2.807863] PCI: bus2: Fast back to back transfers disabled
[    2.813455] pci_bus 0000:02: busn_res: [bus 02-ff] end is updated to 02
[    2.820159] pci 0000:00:01.0: BAR 8: assigned [mem 0x13000000-0x130fffff]
[    2.826945] pci 0000:00:02.0: BAR 8: assigned [mem 0x13100000-0x131fffff]
[    2.833748] pci 0000:00:02.0: BAR 9: assigned [mem 0x20000000-0x200fffff 64bit pref]
[    2.841526] pci 0000:00:02.0: BAR 7: assigned [io  0x1000-0x1fff]
[    2.847624] pci 0000:01:00.0: BAR 0: assigned [mem 0x13000000-0x13001fff 64bit]
[    2.854972] pci 0000:00:01.0: PCI bridge to [bus 01]
[    2.859954] pci 0000:00:01.0:   bridge window [mem 0x13000000-0x130fffff]
[    2.866747] pci 0000:02:00.0: BAR 4: assigned [mem 0x20000000-0x20003fff 64bit pref]
[    2.874544] pci 0000:02:00.0: BAR 2: assigned [mem 0x13100000-0x13100fff 64bit]
[    2.881886] pci 0000:02:00.0: BAR 0: assigned [io  0x1000-0x10ff]
[    2.887996] pci 0000:00:02.0: PCI bridge to [bus 02]
[    2.892959] pci 0000:00:02.0:   bridge window [io  0x1000-0x1fff]
[    2.899083] pci 0000:00:02.0:   bridge window [mem 0x13100000-0x131fffff]
[    2.905881] pci 0000:00:02.0:   bridge window [mem 0x20000000-0x200fffff 64bit pref]
[    2.905960] mmcblk1: error -5 sending stop command, original cmd response 0x900, card status 0x900
[    2.905969] mmcblk1: error -5 transferring data, sector 7744504, nr 8, cmd response 0x900, card status 0x80000b00
[    2.905978] mmcblk1: retrying using single block read
[    2.938019] pci 0000:00:01.0: nv_msi_ht_cap_quirk didn't locate host bridge
[    2.945128] pcieport 0000:00:01.0: enabling device (0140 -> 0142)
[    2.951511] pcieport 0000:00:01.0: Signaling PME with IRQ 393
[    2.957353] pci 0000:00:02.0: nv_msi_ht_cap_quirk didn't locate host bridge
[    2.964423] pcieport 0000:00:02.0: enabling device (0140 -> 0143)
[    2.970774] pcieport 0000:00:02.0: Signaling PME with IRQ 394
[    2.976885] r8169 Gigabit Ethernet driver 2.3LK-NAPI loaded
[    2.982519] r8169 0000:02:00.0: enabling device (0140 -> 0143)
[    2.992411]  mmcblk1: p1 p2 p3
[    3.019447] r8169 0000:02:00.0 eth0: RTL8168g/8111g at 0xf0b72000, 00:04:4b:3a:d9:81, XID 0c000800 IRQ 395
[    3.029131] r8169 0000:02:00.0 eth0: jumbo features [frames: 9200 bytes, tx checksumming: ko]
[    3.041547] +1.05V_RUN_AVDD_HDMI_PLL: supplied by +1.05V_RUN
[    3.049565] of: dev_pm_opp_of_cpumask_add_table: couldn't find opp table for cpu:0, -19
[    3.057623] cpufreq: cpufreq_online: CPU0: Running at unlisted freq: 696000 KHz
[    3.064987] cpufreq: cpufreq_online: CPU0: Unlisted initial frequency changed to: 714000 KHz
[    3.074185] input: gpio-keys as /devices/soc0/gpio-keys/input/input0
[    3.081484] as3722-rtc as3722-rtc: setting system clock to 2000-01-01 00:00:47 UTC (946684847)
[    3.090449] +3.3V_AVDD_HDMI_AP_GATED: disabling
[    3.094971] +USB0_VBUS_SW: disabling
[    3.098569] +1.05V_RUN_AVDD_HDMI_PLL: disabling
[    3.103094] +5V_HDMI_CON: disabling
[    3.106581] +1.8V_RUN_CAM: disabling
[    3.110419] +2.8V_RUN_CAM: disabling
[    3.114199] +1.2V_RUN_CAM_FRONT: disabling
[    3.118542] +1.05V_RUN_CAM_REAR: disabling
[    3.122795] +3.3V_RUN_TOUCH: disabling
[    3.126697] +2.8V_RUN_CAM_AF: disabling
[    3.130768] +1.8V_RUN_VPP_FUSE: disabling
[    3.135830] EXT4-fs (mmcblk0p1): mounting ext3 file system using the ext4 subsystem
[    3.157503] EXT4-fs (mmcblk0p1): recovery complete
[    3.162331] EXT4-fs (mmcblk0p1): mounted filesystem with ordered data mode. Opts: (null)
[    3.170438] VFS: Mounted root (ext3 filesystem) on device 179:1.
[    3.178660] devtmpfs: mounted
[    3.182394] Freeing unused kernel memory: 2048K
bash: cannot set terminal process group (-1): Inappropriate ioctl for device
bash: no job control in this shell
root@(none):/# mount -t sysfs none /sys
root@(none):/# 
root@(none):/# mount -t debugfs none /sys/kernel/debug
root@(none):/# 
root@(none):/# rtcwake -d rtc1 -m mem -s 3
rtcwake: assuming RTC uses UTC ...
rtcwake: wakeup from "mem" using /dev/rtc1 at Thu Jan  1 00:00:20 1970
[    6.371481] PM: Syncing filesystems ... done.
[    6.378620] Freezing user space processes ... (elapsed 0.001 seconds) done.
[    6.386943] OOM killer disabled.
[    6.390234] Freezing remaining freezable tasks ... (elapsed 0.001 seconds) done.
[    6.399111] Suspending console(s) (use no_console_suspend to debug)
[    6.562012] Disabling non-boot CPUs ...
[    6.608961] IRQ357 no longer affine to CPU1
[    6.658917] IRQ358 no longer affine to CPU2
[    6.718367] IRQ17 no longer affine to CPU3
[    6.718746] IRQ359 no longer affine to CPU3
[    6.720471] Entering suspend state LP1
[    6.720471] Suspended for 3.175 seconds
[    6.720482] Enabling non-boot CPUs ...
[    6.720819] CPU1 is up
[    6.721111] CPU2 is up
[    6.721407] CPU3 is up
[    6.722106] pcieport 0000:00:01.0: nv_msi_ht_cap_quirk didn't locate host bridge
[    6.722176] pcieport 0000:00:02.0: nv_msi_ht_cap_quirk didn't locate host bridge
[    6.852431] OOM killer enabled.
[    6.855560] Restarting tasks ... done.
root@(none):/# 
root@(none):/# [    7.090288] ata1: SATA link down (SStatus 0 SControl 300)
rtcwake -d rtc1 -m mem -s 3
rtcwake: assuming RTC uses UTC ...
rtcwake: wakeup from "mem" using /dev/rtc1 at Thu Jan  1 00:00:24 1970
[    7.230499] PM: Syncing filesystems ... done.
[    7.235887] Freezing user space processes ... (elapsed 0.001 seconds) done.
[    7.244086] OOM killer disabled.
[    7.247306] Freezing remaining freezable tasks ... (elapsed 0.001 seconds) done.
[    7.255916] Suspending console(s) (use no_console_suspend to debug)
[    7.399875] Disabling non-boot CPUs ...
[    7.438218] IRQ357 no longer affine to CPU1
[    7.518295] IRQ358 no longer affine to CPU2
[    7.578019] IRQ17 no longer affine to CPU3
[    7.578231] IRQ359 no longer affine to CPU3
[    7.579010] Entering suspend state LP1
[    7.579010] Suspended for 3.141 seconds
[    7.579022] Enabling non-boot CPUs ...
[    7.579369] CPU1 is up
[    7.579662] CPU2 is up
[    7.579967] CPU3 is up
[    7.580555] pci_generic_config_write32: 132 callbacks suppressed
[    7.580563] pci_bus 0000:00: 2-byte config write to 0000:00:02.0 offset 0x4c may corrupt adjacent RW1C bits
[    7.580571] pci_bus 0000:00: 2-byte config write to 0000:00:01.0 offset 0x4c may corrupt adjacent RW1C bits
[    7.580583] pci_bus 0000:00: 2-byte config write to 0000:00:02.0 offset 0x88 may corrupt adjacent RW1C bits
[    7.580589] pci_bus 0000:00: 2-byte config write to 0000:00:01.0 offset 0x88 may corrupt adjacent RW1C bits
[    7.580595] pci_bus 0000:00: 2-byte config write to 0000:00:02.0 offset 0x90 may corrupt adjacent RW1C bits
[    7.580601] pci_bus 0000:00: 2-byte config write to 0000:00:01.0 offset 0x90 may corrupt adjacent RW1C bits
[    7.580606] pci_bus 0000:00: 2-byte config write to 0000:00:02.0 offset 0x98 may corrupt adjacent RW1C bits
[    7.580612] pci_bus 0000:00: 2-byte config write to 0000:00:01.0 offset 0x98 may corrupt adjacent RW1C bits
[    7.580617] pci_bus 0000:00: 2-byte config write to 0000:00:02.0 offset 0x9c may corrupt adjacent RW1C bits
[    7.580623] pci_bus 0000:00: 2-byte config write to 0000:00:01.0 offset 0x9c may corrupt adjacent RW1C bits
[    7.580722] pcieport 0000:00:01.0: nv_msi_ht_cap_quirk didn't locate host bridge
[    7.580723] pcieport 0000:00:02.0: nv_msi_ht_cap_quirk didn't locate host bridge
[    7.815551] OOM killer enabled.
[    7.818684] Restarting tasks ... done.
root@(none):/# 
root@(none):/# [    7.950254] ata1: SATA link down (SStatus 0 SControl 300)
rtcwake -d rtc1 -m mem -s 3
rtcwake: assuming RTC uses UTC ...
rtcwake: wakeup from "mem" using /dev/rtc1 at Thu Jan  1 00:00:29 1970
[    9.087178] PM: Syncing filesystems ... done.
[    9.092547] Freezing user space processes ... (elapsed 0.001 seconds) done.
[    9.100611] OOM killer disabled.
[    9.103829] Freezing remaining freezable tasks ... (elapsed 0.001 seconds) done.
[    9.112310] Suspending console(s) (use no_console_suspend to debug)
[    9.258902] Disabling non-boot CPUs ...
[    9.298006] IRQ357 no longer affine to CPU1
[    9.358046] IRQ358 no longer affine to CPU2
[    9.418535] Entering suspend state LP1
[    9.418535] Suspended for 3.160 seconds
[    9.418546] Enabling non-boot CPUs ...
[    9.418894] CPU1 is up
[    9.419188] CPU2 is up
[    9.419491] CPU3 is up
[    9.420222] pcieport 0000:00:02.0: nv_msi_ht_cap_quirk didn't locate host bridge
[    9.420224] pcieport 0000:00:01.0: nv_msi_ht_cap_quirk didn't locate host bridge
[    9.534146] OOM killer enabled.
[    9.537275] Restarting tasks ... done.
root@(none):/# 
root@(none):/# [    9.790253] ata1: SATA link down (SStatus 0 SControl 300)
rtcwake -d rtc1 -m mem -s 3
rtcwake: assuming RTC uses UTC ...
rtcwake: wakeup from "mem" using /dev/rtc1 at Thu Jan  1 00:00:33 1970
[    9.929678] PM: Syncing filesystems ... done.
[    9.935433] Freezing user space processes ... (elapsed 0.001 seconds) done.
[    9.943650] OOM killer disabled.
[    9.946872] Freezing remaining freezable tasks ... (elapsed 0.001 seconds) done.
[    9.955506] Suspending console(s) (use no_console_suspend to debug)
[   10.100202] Disabling non-boot CPUs ...
[   10.259118] Entering suspend state LP1
[   10.259118] Suspended for 3.159 seconds
[   10.259130] Enabling non-boot CPUs ...
[   10.259478] CPU1 is up
[   10.259773] CPU2 is up
[   10.260069] CPU3 is up
[   10.260782] pcieport 0000:00:01.0: nv_msi_ht_cap_quirk didn't locate host bridge
[   10.260784] pcieport 0000:00:02.0: nv_msi_ht_cap_quirk didn't locate host bridge
[   10.365804] OOM killer enabled.
[   10.368943] Restarting tasks ... done.
root@(none):/# 
root@(none):/# [   10.630223] ata1: SATA link down (SStatus 0 SControl 300)
rtcwake -d rtc1 -m mem -s 3
rtcwake: assuming RTC uses UTC ...
rtcwake: wakeup from "mem" using /dev/rtc1 at Thu Jan  1 00:00:37 1970
[   10.796083] PM: Syncing filesystems ... done.
[   10.802306] Freezing user space processes ... (elapsed 0.001 seconds) done.
[   10.810476] OOM killer disabled.
[   10.813700] Freezing remaining freezable tasks ... (elapsed 0.001 seconds) done.
[   10.822407] Suspending console(s) (use no_console_suspend to debug)
[   10.970583] Disabling non-boot CPUs ...
[   11.129579] Entering suspend state LP1
[   11.129579] Suspended for 3.129 seconds
[   11.129590] Enabling non-boot CPUs ...
[   11.129980] CPU1 is up
[   11.130275] CPU2 is up
[   11.130579] CPU3 is up
[   11.131286] pcieport 0000:00:02.0: nv_msi_ht_cap_quirk didn't locate host bridge
[   11.131288] pcieport 0000:00:01.0: nv_msi_ht_cap_quirk didn't locate host bridge
[   11.225777] OOM killer enabled.
[   11.228931] Restarting tasks ... done.
root@(none):/# 
root@(none):/# [   11.490194] ata1: SATA link down (SStatus 0 SControl 300)
rtcwake -d rtc1 -m mem -s 3
rtcwake: assuming RTC uses UTC ...
rtcwake: wakeup from "mem" using /dev/rtc1 at Thu Jan  1 00:00:41 1970
[   11.660651] PM: Syncing filesystems ... done.
[   11.666665] Freezing user space processes ... (elapsed 0.001 seconds) done.
[   11.674820] OOM killer disabled.
[   11.678071] Freezing remaining freezable tasks ... (elapsed 0.001 seconds) done.
[   11.686738] Suspending console(s) (use no_console_suspend to debug)
[   11.830570] Disabling non-boot CPUs ...
[   11.868407] migrate_irqs: 8 callbacks suppressed
[   11.868418] IRQ357 no longer affine to CPU1
[   11.928428] IRQ358 no longer affine to CPU2
[   11.988329] IRQ359 no longer affine to CPU3
[   11.989554] Entering suspend state LP1
[   11.989554] Suspended for 3.139 seconds
[   11.989566] Enabling non-boot CPUs ...
[   11.989916] CPU1 is up
[   11.990211] CPU2 is up
[   11.990514] CPU3 is up
[   11.991204] pcieport 0000:00:01.0: nv_msi_ht_cap_quirk didn't locate host bridge
[   11.991365] pcieport 0000:00:02.0: nv_msi_ht_cap_quirk didn't locate host bridge
[   12.112845] OOM killer enabled.
[   12.115972] Restarting tasks ... done.
root@(none):/# 
root@(none):/# [   12.350160] ata1: SATA link down (SStatus 0 SControl 300)
rtcwake -d rtc1 -m mem -s 3
rtcwake: assuming RTC uses UTC ...
rtcwake: wakeup from "mem" using /dev/rtc1 at Thu Jan  1 00:00:45 1970
[   12.510157] PM: Syncing filesystems ... done.
[   12.516141] Freezing user space processes ... (elapsed 0.001 seconds) done.
[   12.524291] OOM killer disabled.
[   12.527522] Freezing remaining freezable tasks ... (elapsed 0.001 seconds) done.
[   12.536160] Suspending console(s) (use no_console_suspend to debug)
[   12.654185] pci_generic_config_write32: 203 callbacks suppressed
[   12.654202] pci_bus 0000:02: 2-byte config write to 0000:02:00.0 offset 0x44 may corrupt adjacent RW1C bits
[   12.654241] pci_bus 0000:02: 2-byte config write to 0000:02:00.0 offset 0x44 may corrupt adjacent RW1C bits
[   12.679964] Disabling non-boot CPUs ...
[   12.718216] IRQ357 no longer affine to CPU1
[   12.778252] IRQ358 no longer affine to CPU2
[   12.837918] IRQ17 no longer affine to CPU3
[   12.838164] IRQ359 no longer affine to CPU3
[   12.839212] Entering suspend state LP1
[   12.839212] Suspended for 3.150 seconds
[   12.839223] Enabling non-boot CPUs ...
[   12.839572] CPU1 is up
[   12.839869] CPU2 is up
[   12.840166] CPU3 is up
[   12.840770] pci_bus 0000:00: 2-byte config write to 0000:00:01.0 offset 0x4c may corrupt adjacent RW1C bits
[   12.840781] pci_bus 0000:00: 2-byte config write to 0000:00:02.0 offset 0x4c may corrupt adjacent RW1C bits
[   12.840790] pci_bus 0000:00: 2-byte config write to 0000:00:01.0 offset 0x88 may corrupt adjacent RW1C bits
[   12.840797] pci_bus 0000:00: 2-byte config write to 0000:00:01.0 offset 0x90 may corrupt adjacent RW1C bits
[   12.840803] pci_bus 0000:00: 2-byte config write to 0000:00:02.0 offset 0x88 may corrupt adjacent RW1C bits
[   12.840809] pci_bus 0000:00: 2-byte config write to 0000:00:01.0 offset 0x98 may corrupt adjacent RW1C bits
[   12.840815] pci_bus 0000:00: 2-byte config write to 0000:00:02.0 offset 0x90 may corrupt adjacent RW1C bits
[   12.840820] pci_bus 0000:00: 2-byte config write to 0000:00:01.0 offset 0x9c may corrupt adjacent RW1C bits
[   12.840922] pcieport 0000:00:02.0: nv_msi_ht_cap_quirk didn't locate host bridge
[   12.840924] pcieport 0000:00:01.0: nv_msi_ht_cap_quirk didn't locate host bridge
[   13.055500] OOM killer enabled.
[   13.058633] Restarting tasks ... done.
root@(none):/# 
root@(none):/# [   13.200090] ata1: SATA link down (SStatus 0 SControl 300)
rtcwake -d rtc1 -m mem -s 3
rtcwake: assuming RTC uses UTC ...
rtcwake: wakeup from "mem" using /dev/rtc1 at Thu Jan  1 00:00:50 1970
[   14.377557] PM: Syncing filesystems ... done.
[   14.384530] Freezing user space processes ... (elapsed 0.001 seconds) done.
[   14.392882] OOM killer disabled.
[   14.396110] Freezing remaining freezable tasks ... (elapsed 0.001 seconds) done.
[   14.404907] Suspending console(s) (use no_console_suspend to debug)
[   14.561465] Disabling non-boot CPUs ...
[   14.608289] IRQ17 no longer affine to CPU1
[   14.608626] IRQ357 no longer affine to CPU1
[   14.668625] IRQ358 no longer affine to CPU2
[   14.729862] Entering suspend state LP1
[   14.729862] Suspended for 3.109 seconds
[   14.729874] Enabling non-boot CPUs ...
[   14.730223] CPU1 is up
[   14.730520] CPU2 is up
[   14.730816] CPU3 is up
[   14.731527] pcieport 0000:00:01.0: nv_msi_ht_cap_quirk didn't locate host bridge
[   14.731529] pcieport 0000:00:02.0: nv_msi_ht_cap_quirk didn't locate host bridge
[   14.858088] OOM killer enabled.
[   14.861217] Restarting tasks ... done.
root@(none):/# 
root@(none):/# [   15.100078] ata1: SATA link down (SStatus 0 SControl 300)
rtcwake -d rtc1 -m mem -s 3
rtcwake: assuming RTC uses UTC ...
rtcwake: wakeup from "mem" using /dev/rtc1 at Thu Jan  1 00:00:54 1970
[   15.249729] PM: Syncing filesystems ... done.
[   15.255674] Freezing user space processes ... (elapsed 0.001 seconds) done.
[   15.263902] OOM killer disabled.
[   15.267123] Freezing remaining freezable tasks ... (elapsed 0.001 seconds) done.
[   15.275772] Suspending console(s) (use no_console_suspend to debug)
[   15.419890] Disabling non-boot CPUs ...
[   15.578970] Entering suspend state LP1
[   15.578970] Suspended for 3.150 seconds
[   15.578981] Enabling non-boot CPUs ...
[   15.579333] CPU1 is up
[   15.579632] CPU2 is up
[   15.579934] CPU3 is up
[   15.580645] pcieport 0000:00:02.0: nv_msi_ht_cap_quirk didn't locate host bridge
[   15.580647] pcieport 0000:00:01.0: nv_msi_ht_cap_quirk didn't locate host bridge
[   15.675657] OOM killer enabled.
[   15.678816] Restarting tasks ... done.
root@(none):/# 
root@(none):/# [   15.940048] ata1: SATA link down (SStatus 0 SControl 300)
rtcwake -d rtc1 -m mem -s 3
rtcwake: assuming RTC uses UTC ...
rtcwake: wakeup from "mem" using /dev/rtc1 at Thu Jan  1 00:00:58 1970
[   16.110404] PM: Syncing filesystems ... done.
[   16.116576] Freezing user space processes ... (elapsed 0.001 seconds) done.
[   16.124742] OOM killer disabled.
[   16.127992] Freezing remaining freezable tasks ... (elapsed 0.001 seconds) done.
[   16.136672] Suspending console(s) (use no_console_suspend to debug)
[   16.280403] Disabling non-boot CPUs ...
[   16.439432] Entering suspend state LP1
[   16.439432] Suspended for 3.139 seconds
[   16.439444] Enabling non-boot CPUs ...
[   16.439795] CPU1 is up
[   16.440091] CPU2 is up
[   16.440389] CPU3 is up
[   16.441090] pcieport 0000:00:02.0: nv_msi_ht_cap_quirk didn't locate host bridge
[   16.441092] pcieport 0000:00:01.0: nv_msi_ht_cap_quirk didn't locate host bridge
[   16.545606] OOM killer enabled.
[   16.548742] Restarting tasks ... done.
root@(none):/# 
root@(none):/# NVTB SYSTEM SUSPEND TEST COMPLETE
[   16.810090] ata1: SATA link down (SStatus 0 SControl 300)
