
U-Boot SPL 2015.04-rc3-00209-ga74ef40 (Mar 16 2015 - 14:43:39)


U-Boot 2015.04-rc3-00209-ga74ef40 (Mar 16 2015 - 14:43:39)

TEGRA20
Model: Compulab TrimSlice board
DRAM:  1 GiB
MMC:   Tegra SD/MMC: 0, Tegra SD/MMC: 1
SF: Detected W25Q80BL with page size 256 Bytes, erase size 4 KiB, total 1 MiB
tegra-pcie: PCI regions:
tegra-pcie:   I/O: 0x82000000-0x82010000
tegra-pcie:   non-prefetchable memory: 0xa0000000-0xa8000000
tegra-pcie:   prefetchable memory: 0xa8000000-0xc0000000
tegra-pcie: dual-mode configuration
tegra-pcie: probing port 0, using 2 lanes
In:    serial
Out:   serial
Err:   serial
Net:   RTL8169#0
Hit any key to stop autoboot:  2  0 
Tegra20 (TrimSlice) # 
Tegra20 (TrimSlice) # usb reset
resetting USB...
USB0:   USB EHCI 1.00
scanning bus 0 for devices... 3 USB Device(s) found
USB1:   USB EHCI 1.00
scanning bus 1 for devices... 1 USB Device(s) found
USB2:   lowlevel init failed
       scanning usb for storage devices... 0 Storage Device(s) found
       scanning usb for ethernet devices... 
Warning: asx0 using MAC address from net device
1 Ethernet Device(s) found
Tegra20 (TrimSlice) # setenv bootargs 'ignore_loglevel console=ttyS0,115200n8 rw root=PARTUUID=11eb23c1-01 rootwait gpt debug noinitrd earlyprintk init=/bin/bash'
Tegra20 (TrimSlice) # setenv ipaddr 192.168.100.103; setenv serverip 192.168.100.1; setenv tftpserverip 192.168.100.1
Tegra20 (TrimSlice) # tftpboot 0x00408000 zImage.multi_v7_defconfig
Using RTL8169#0 device
TFTP from server 192.168.100.1; our IP address is 192.168.100.103
Filename 'zImage.multi_v7_defconfig'.
Load address: 0x408000
Loading: *#################################################################
	 #################################################################
	 #################################################################
	 #################################################################
	 #################################################################
	 #################################################################
	 #################################################################
	 #######################################
	 4 MiB/s
done
Bytes transferred = 7243896 (6e8878 hex)
Tegra20 (TrimSlice) # tftpboot 0x02408000 tegra20-trimslice.dtb
Using RTL8169#0 device
TFTP from server 192.168.100.1; our IP address is 192.168.100.103
Filename 'tegra20-trimslice.dtb'.
Load address: 0x2408000
Loading: *##
	 4 MiB/s
done
Bytes transferred = 21172 (52b4 hex)
Tegra20 (TrimSlice) # bootz 0x00408000 - 0x02408000
Kernel image @ 0x408000 [ 0x000000 - 0x6e8878 ]
## Flattened Device Tree blob at 02408000
   Booting using the fdt blob at 0x2408000
   Using Device Tree in place at 02408000, end 024102b3

Starting kernel ...

[    0.000000] Booting Linux on physical CPU 0x0
[    0.000000] Linux version 4.7.0-rc1-next-20160603-97168-g64289ca (pwalmsley@sellafield) (gcc version 4.7.3 20130328 (prerelease) (crosstool-NG linaro-1.13.1-4.7-2013.04-20130415 - Linaro GCC 2013.04) ) #1 SMP Thu Jun 2 21:48:41 PDT 2016
[    0.000000] CPU: ARMv7 Processor [411fc090] revision 0 (ARMv7), cr=10c5387d
[    0.000000] CPU: PIPT / VIPT nonaliasing data cache, VIPT aliasing instruction cache
[    0.000000] Machine model: Compulab TrimSlice board
[    0.000000] debug: ignoring loglevel setting.
[    0.000000] cma: Reserved 64 MiB at 0x3c000000
[    0.000000] Memory policy: Data cache writealloc
[    0.000000] On node 0 totalpages: 262144
[    0.000000] free_area_init_node: node 0, pgdat c141bec0, node_mem_map ef7f8000
[    0.000000]   DMA zone: 1536 pages used for memmap
[    0.000000]   DMA zone: 0 pages reserved
[    0.000000]   DMA zone: 196608 pages, LIFO batch:31
[    0.000000]   HighMem zone: 65536 pages, LIFO batch:15
[    0.000000] percpu: Embedded 13 pages/cpu @ef7c9000 s23808 r8192 d21248 u53248
[    0.000000] pcpu-alloc: s23808 r8192 d21248 u53248 alloc=13*4096
[    0.000000] pcpu-alloc: [0] 0 [0] 1 
[    0.000000] Built 1 zonelists in Zone order, mobility grouping on.  Total pages: 260608
[    0.000000] Kernel command line: ignore_loglevel console=ttyS0,115200n8 rw root=PARTUUID=11eb23c1-01 rootwait gpt debug noinitrd earlyprintk init=/bin/bash
[    0.000000] PID hash table entries: 4096 (order: 2, 16384 bytes)
[    0.000000] Dentry cache hash table entries: 131072 (order: 7, 524288 bytes)
[    0.000000] Inode-cache hash table entries: 65536 (order: 6, 262144 bytes)
[    0.000000] Memory: 955932K/1048576K available (9529K kernel code, 1143K rwdata, 4476K rodata, 2048K init, 342K bss, 27108K reserved, 65536K cma-reserved, 196608K highmem)
[    0.000000] Virtual kernel memory layout:
[    0.000000]     vector  : 0xffff0000 - 0xffff1000   (   4 kB)
[    0.000000]     fixmap  : 0xffc00000 - 0xfff00000   (3072 kB)
[    0.000000]     vmalloc : 0xf0800000 - 0xff800000   ( 240 MB)
[    0.000000]     lowmem  : 0xc0000000 - 0xf0000000   ( 768 MB)
[    0.000000]     pkmap   : 0xbfe00000 - 0xc0000000   (   2 MB)
[    0.000000]     modules : 0xbf000000 - 0xbfe00000   (  14 MB)
[    0.000000]       .text : 0xc0208000 - 0xc10ad528   (14998 kB)
[    0.000000]       .init : 0xc1100000 - 0xc1300000   (2048 kB)
[    0.000000]       .data : 0xc1300000 - 0xc141df20   (1144 kB)
[    0.000000]        .bss : 0xc141f000 - 0xc1474920   ( 343 kB)
[    0.000000] SLUB: HWalign=64, Order=0-3, MinObjects=0, CPUs=2, Nodes=1
[    0.000000] Hierarchical RCU implementation.
[    0.000000] 	Build-time adjustment of leaf fanout to 32.
[    0.000000] 	RCU restricting CPUs from NR_CPUS=16 to nr_cpu_ids=2.
[    0.000000] RCU: Adjusting geometry for rcu_fanout_leaf=32, nr_cpu_ids=2
[    0.000000] NR_IRQS:16 nr_irqs:16 16
[    0.000000] /interrupt-controller@60004000: 128 interrupts forwarded to /interrupt-controller@50041000
[    0.000000] L2C: platform modifies aux control register: 0x02080000 -> 0x3e480001
[    0.000000] L2C: DT/platform modifies aux control register: 0x02080000 -> 0x3e480001
[    0.000000] L2C-310 errata 727915 769419 enabled
[    0.000000] L2C-310 enabling early BRESP for Cortex-A9
[    0.000000] L2C-310: enabling full line of zeros but not enabled in Cortex-A9
[    0.000000] L2C-310 ID prefetch enabled, offset 1 lines
[    0.000000] L2C-310 cache controller enabled, 8 ways, 1024 kB
[    0.000000] L2C-310: CACHE_ID 0x410000c4, AUX_CTRL 0x7e480001
[    0.000010] sched_clock: 32 bits at 1000kHz, resolution 1000ns, wraps every 2147483647500ns
[    0.000026] clocksource: timer_us: mask: 0xffffffff max_cycles: 0xffffffff, max_idle_ns: 1911260446275 ns
[    0.000037] Switching to timer-based delay loop, resolution 1000ns
[    0.001620] Console: colour dummy device 80x30
[    0.001641] Calibrating delay loop (skipped), value calculated using timer frequency.. 2.00 BogoMIPS (lpj=5000)
[    0.001652] pid_max: default: 32768 minimum: 301
[    0.001726] Mount-cache hash table entries: 2048 (order: 1, 8192 bytes)
[    0.001735] Mountpoint-cache hash table entries: 2048 (order: 1, 8192 bytes)
[    0.002224] CPU: Testing write buffer coherency: ok
[    0.002406] CPU0: thread -1, cpu 0, socket 0, mpidr 80000000
[    0.002429] Setting up static identity map for 0x300000 - 0x300098
[    0.003899] Tegra Revision: A03 prime SKU: 8 CPU Process: 1 SoC Process: 2
[    0.004938] CPU1: thread -1, cpu 1, socket 0, mpidr 80000001
[    0.005004] Brought up 2 CPUs
[    0.005016] SMP: Total of 2 processors activated (4.00 BogoMIPS).
[    0.005021] CPU: All CPU(s) started in SVC mode.
[    0.005670] devtmpfs: initialized
[    0.009578] VFP support v0.3: implementor 41 architecture 3 part 30 variant 9 rev 1
[    0.009809] clocksource: jiffies: mask: 0xffffffff max_cycles: 0xffffffff, max_idle_ns: 9556302231375000 ns
[    0.012709] pinctrl core: initialized pinctrl subsystem
[    0.013950] NET: Registered protocol family 16
[    0.015978] DMA: preallocated 256 KiB pool for atomic coherent allocations
[    0.029920] cpuidle: using governor menu
[    0.041427] No ATAGs?
[    0.041449] hw-breakpoint: found 5 (+1 reserved) breakpoint and 1 watchpoint registers.
[    0.041456] hw-breakpoint: maximum watchpoint size is 4 bytes.
[    0.044997] Serial: AMBA PL011 UART driver
[    0.068316] usb1_vbus: Failed to request enable GPIO170: -517
[    0.068330] reg-fixed-voltage regulators:regulator@2: Failed to register regulator: -517
[    0.071963] vgaarb: loaded
[    0.072540] SCSI subsystem initialized
[    0.072658] libata version 3.00 loaded.
[    0.072860] usbcore: registered new interface driver usbfs
[    0.072905] usbcore: registered new interface driver hub
[    0.072945] usbcore: registered new device driver usb
[    0.075078] pps_core: LinuxPPS API ver. 1 registered
[    0.075086] pps_core: Software ver. 5.3.6 - Copyright 2005-2007 Rodolfo Giometti <giometti@linux.it>
[    0.075103] PTP clock support registered
[    0.075253] EDAC MC: Ver: 3.0.0
[    0.077050] clocksource: Switched to clocksource timer_us
[    0.084762] NET: Registered protocol family 2
[    0.085200] TCP established hash table entries: 8192 (order: 3, 32768 bytes)
[    0.085271] TCP bind hash table entries: 8192 (order: 4, 65536 bytes)
[    0.085377] TCP: Hash tables configured (established 8192 bind 8192)
[    0.085464] UDP hash table entries: 512 (order: 2, 16384 bytes)
[    0.085509] UDP-Lite hash table entries: 512 (order: 2, 16384 bytes)
[    0.085645] NET: Registered protocol family 1
[    0.085868] RPC: Registered named UNIX socket transport module.
[    0.085876] RPC: Registered udp transport module.
[    0.085882] RPC: Registered tcp transport module.
[    0.085887] RPC: Registered tcp NFSv4.1 backchannel transport module.
[    0.085895] PCI: CLS 0 bytes, default 64
[    0.086690] hw perfevents: enabled with armv7_cortex_a9 PMU driver, 7 counters available
[    0.087658] futex hash table entries: 512 (order: 3, 32768 bytes)
[    0.088226] workingset: timestamp_bits=28 max_order=18 bucket_order=0
[    0.095811] squashfs: version 4.0 (2009/01/31) Phillip Lougher
[    0.096405] NFS: Registering the id_resolver key type
[    0.096434] Key type id_resolver registered
[    0.096440] Key type id_legacy registered
[    0.096472] ntfs: driver 2.1.32 [Flags: R/O].
[    0.097436] bounce: pool size: 64 pages
[    0.097589] Block layer SCSI generic (bsg) driver version 0.4 loaded (major 248)
[    0.097598] io scheduler noop registered
[    0.097604] io scheduler deadline registered
[    0.097630] io scheduler cfq registered (default)
[    0.109415] tegra-pcie 80003000.pcie-controller: dual-mode configuration
[    0.110125] tegra-pcie 80003000.pcie-controller: probing port 0, using 2 lanes
[    0.192513] tegra-pcie 80003000.pcie-controller: PCI host bridge to bus 0000:00
[    0.192526] pci_bus 0000:00: root bus resource [io  0x0000-0xffff]
[    0.192535] pci_bus 0000:00: root bus resource [mem 0xa0000000-0xa7ffffff]
[    0.192543] pci_bus 0000:00: root bus resource [mem 0xa8000000-0xbfffffff pref]
[    0.192552] pci_bus 0000:00: root bus resource [bus 00-ff]
[    0.192584] pci 0000:00:01.0: [10de:0bf0] type 01 class 0x060000
[    0.192644] pci 0000:00:01.0: PME# supported from D0 D1 D2 D3hot D3cold
[    0.192840] PCI: bus0: Fast back to back transfers disabled
[    0.192850] pci 0000:00:01.0: bridge configuration invalid ([bus 00-00]), reconfiguring
[    0.192977] pci 0000:01:00.0: [10ec:8168] type 00 class 0x020000
[    0.193000] pci 0000:01:00.0: reg 0x10: [io  0x0000-0x00ff]
[    0.193021] pci 0000:01:00.0: reg 0x18: [mem 0x00000000-0x00000fff 64bit pref]
[    0.193037] pci 0000:01:00.0: reg 0x20: [mem 0x00000000-0x00003fff 64bit pref]
[    0.193049] pci 0000:01:00.0: reg 0x30: [mem 0x00000000-0x0001ffff pref]
[    0.193124] pci 0000:01:00.0: supports D1 D2
[    0.193132] pci 0000:01:00.0: PME# supported from D0 D1 D2 D3hot D3cold
[    0.202083] PCI: bus1: Fast back to back transfers disabled
[    0.202097] pci_bus 0000:01: busn_res: [bus 01-ff] end is updated to 01
[    0.202108] Disabling cpuidle LP2 state, since PCIe IRQs are in use
[    0.202165] pci 0000:00:01.0: BAR 8: assigned [mem 0xa0000000-0xa00fffff]
[    0.202177] pci 0000:00:01.0: BAR 9: assigned [mem 0xa8000000-0xa80fffff 64bit pref]
[    0.202186] pci 0000:00:01.0: BAR 7: assigned [io  0x1000-0x1fff]
[    0.202198] pci 0000:01:00.0: BAR 6: assigned [mem 0xa0000000-0xa001ffff pref]
[    0.202208] pci 0000:01:00.0: BAR 4: assigned [mem 0xa8000000-0xa8003fff 64bit pref]
[    0.202225] pci 0000:01:00.0: BAR 2: assigned [mem 0xa8004000-0xa8004fff 64bit pref]
[    0.202241] pci 0000:01:00.0: BAR 0: assigned [io  0x1000-0x10ff]
[    0.202252] pci 0000:00:01.0: PCI bridge to [bus 01]
[    0.202260] pci 0000:00:01.0:   bridge window [io  0x1000-0x1fff]
[    0.202268] pci 0000:00:01.0:   bridge window [mem 0xa0000000-0xa00fffff]
[    0.202276] pci 0000:00:01.0:   bridge window [mem 0xa8000000-0xa80fffff 64bit pref]
[    0.202297] pci 0000:00:01.0: nv_msi_ht_cap_quirk didn't locate host bridge
[    0.202364] pcieport 0000:00:01.0: enabling device (0140 -> 0143)
[    0.202513] pcieport 0000:00:01.0: Signaling PME through PCIe PME interrupt
[    0.202522] pci 0000:01:00.0: Signaling PME through PCIe PME interrupt
[    0.202531] pcie_pme 0000:00:01.0:pcie001: service driver pcie_pme loaded
[    0.206318] tegra-apbdma 6000a000.dma: Tegra20 APB DMA driver register 16 channels
[    0.252412] Serial: 8250/16550 driver, 4 ports, IRQ sharing disabled
[    0.254744] console [ttyS0] disabled
[    0.254778] 70006000.serial: ttyS0 at MMIO 0x70006000 (irq = 279, base_baud = 13500000) is a Tegra
[    1.199600] console [ttyS0] enabled
[    1.203691] SuperH (H)SCI(F) driver initialized
[    1.208988] msm_serial: driver initialized
[    1.213243] STMicroelectronics ASC driver initialized
[    1.221029] [drm] Initialized drm 1.1.0 20060810
[    1.227968] 54280000.hdmi supply hdmi not found, using dummy regulator
[    1.237720] [drm] Supports vblank timestamp caching Rev 2 (21.10.2013).
[    1.244334] [drm] No driver support for vblank timestamp query.
[    1.250279] drm drm: No connectors reported connected with modes
[    1.256287] [drm] Cannot find any crtc or sizes - going 1024x768
[    1.278320] Console: switching to colour frame buffer device 128x48
[    1.293009] drm drm: fb0:  frame buffer device
[    1.312060] [drm] Initialized tegra 0.0.0 20120330 on minor 0
[    1.326423] brd: module loaded
[    1.333694] loop: module loaded
[    1.342364] m25p80 spi32766.0: found s25fl008k, expected w25q80bl
[    1.348467] m25p80 spi32766.0: s25fl008k (1024 Kbytes)
[    1.355951] libphy: Fixed MDIO Bus: probed
[    1.360584] CAN device driver interface
[    1.365893] igb: Intel(R) Gigabit Ethernet Network Driver - version 5.3.0-k
[    1.372853] igb: Copyright (c) 2007-2014 Intel Corporation.
[    1.378957] r8169 Gigabit Ethernet driver 2.3LK-NAPI loaded
[    1.384553] r8169 0000:01:00.0: enabling device (0140 -> 0143)
[    1.391141] r8169 0000:01:00.0 eth0: RTL8168d/8111d at 0xf0878000, 00:01:c0:13:7d:63, XID 081000c0 IRQ 296
[    1.400798] r8169 0000:01:00.0 eth0: jumbo features [frames: 9200 bytes, tx checksumming: ko]
[    1.411285] pegasus: v0.9.3 (2013/04/25), Pegasus/Pegasus II USB Ethernet driver
[    1.418739] usbcore: registered new interface driver pegasus
[    1.424449] usbcore: registered new interface driver asix
[    1.429880] usbcore: registered new interface driver ax88179_178a
[    1.436006] usbcore: registered new interface driver cdc_ether
[    1.441884] usbcore: registered new interface driver smsc75xx
[    1.447680] usbcore: registered new interface driver smsc95xx
[    1.453456] usbcore: registered new interface driver net1080
[    1.459146] usbcore: registered new interface driver cdc_subset
[    1.465102] usbcore: registered new interface driver zaurus
[    1.470737] usbcore: registered new interface driver cdc_ncm
[    1.476686] tegra-phy c5004000.usb-phy: no vbus regulator
[    1.483184] tegra-phy c5008000.usb-phy: no vbus regulator
[    1.490016] ehci_hcd: USB 2.0 'Enhanced' Host Controller (EHCI) Driver
[    1.496546] ehci-pci: EHCI PCI platform driver
[    1.501031] ehci-platform: EHCI generic platform driver
[    1.506421] ehci-omap: OMAP-EHCI Host Controller driver
[    1.511756] ehci-orion: EHCI orion driver
[    1.515874] SPEAr-ehci: EHCI SPEAr driver
[    1.519998] ehci-st: EHCI STMicroelectronics driver
[    1.524993] ehci-exynos: EHCI EXYNOS driver
[    1.529305] ehci-atmel: EHCI Atmel driver
[    1.533425] tegra-ehci: Tegra EHCI driver
[    1.537613] ------------[ cut here ]------------
[    1.542246] WARNING: CPU: 1 PID: 1 at drivers/reset/core.c:187 __of_reset_control_get+0x1bc/0x228
[    1.551107] Modules linked in:
[    1.554171] CPU: 1 PID: 1 Comm: swapper/0 Not tainted 4.7.0-rc1-next-20160603-97168-g64289ca #1
[    1.562847] Hardware name: NVIDIA Tegra SoC (Flattened Device Tree)
[    1.569124] [<c030f9d0>] (unwind_backtrace) from [<c030b0c8>] (show_stack+0x10/0x14)
[    1.576856] [<c030b0c8>] (show_stack) from [<c0586608>] (dump_stack+0x84/0xa4)
[    1.584069] [<c0586608>] (dump_stack) from [<c0341b88>] (__warn+0xd4/0x100)
[    1.591018] [<c0341b88>] (__warn) from [<c0341bd4>] (warn_slowpath_null+0x20/0x28)
[    1.598572] [<c0341bd4>] (warn_slowpath_null) from [<c06a0fb0>] (__of_reset_control_get+0x1bc/0x228)
[    1.607693] [<c06a0fb0>] (__of_reset_control_get) from [<c0912c7c>] (tegra_ehci_probe+0x2d0/0x51c)
[    1.616637] [<c0912c7c>] (tegra_ehci_probe) from [<c077a12c>] (platform_drv_probe+0x50/0xb0)
[    1.625065] [<c077a12c>] (platform_drv_probe) from [<c0778a90>] (driver_probe_device+0x1f4/0x2b0)
[    1.633920] [<c0778a90>] (driver_probe_device) from [<c0778bf8>] (__driver_attach+0xac/0xb0)
[    1.642341] [<c0778bf8>] (__driver_attach) from [<c07770a4>] (bus_for_each_dev+0x54/0x88)
[    1.650502] [<c07770a4>] (bus_for_each_dev) from [<c0778084>] (bus_add_driver+0xe8/0x1f4)
[    1.658663] [<c0778084>] (bus_add_driver) from [<c0779414>] (driver_register+0x78/0xf4)
[    1.666651] [<c0779414>] (driver_register) from [<c0301e7c>] (do_one_initcall+0x3c/0x16c)
[    1.674813] [<c0301e7c>] (do_one_initcall) from [<c1100d80>] (kernel_init_freeable+0x120/0x1ec)
[    1.683495] [<c1100d80>] (kernel_init_freeable) from [<c0b5c83c>] (kernel_init+0x8/0x118)
[    1.691656] [<c0b5c83c>] (kernel_init) from [<c0307fb8>] (ret_from_fork+0x14/0x3c)
[    1.699238] ---[ end trace 1e0b944ca231bbb8 ]---
[    1.703858] tegra-ehci c5000000.usb: can't get utmi-pads reset from the PHY
[    1.710815] tegra-ehci c5000000.usb: continuing, but please update your DT
[    1.738254] ulpi_phy_power_on: ulpi write failed
[    1.742876] tegra-ehci c5004000.usb: Failed to power on the phy
[    1.748806] tegra-ehci: probe of c5004000.usb failed with error -110
[    1.757801] tegra-ehci c5008000.usb: EHCI Host Controller
[    1.763216] tegra-ehci c5008000.usb: new USB bus registered, assigned bus number 1
[    1.771027] tegra-ehci c5008000.usb: irq 290, io mem 0xc5008000
[    1.782067] tegra-ehci c5008000.usb: USB 2.0 started, EHCI 1.00
[    1.788604] hub 1-0:1.0: USB hub found
[    1.792399] hub 1-0:1.0: 1 port detected
[    1.796623] ohci_hcd: USB 1.1 'Open' Host Controller (OHCI) Driver
[    1.802819] ohci-pci: OHCI PCI platform driver
[    1.807310] ohci-platform: OHCI generic platform driver
[    1.812701] ohci-omap3: OHCI OMAP3 driver
[    1.816807] SPEAr-ohci: OHCI SPEAr driver
[    1.820940] ohci-st: OHCI STMicroelectronics driver
[    1.825931] ohci-atmel: OHCI Atmel driver
[    1.830539] usbcore: registered new interface driver usb-storage
[    1.837824] mousedev: PS/2 mouse device common for all mice
[    1.845135] rtc-em3027 2-0056: rtc core: registered rtc-em3027 as rtc0
[    1.852845] tegra_rtc 7000e000.rtc: rtc core: registered 7000e000.rtc as rtc1
[    1.860009] tegra_rtc 7000e000.rtc: Tegra internal Real Time Clock
[    1.866605] i2c /dev entries driver
[    1.879301] sdhci: Secure Digital Host Controller Interface driver
[    1.885495] sdhci: Copyright(c) Pierre Ossman
[    1.891044] Synopsys Designware Multimedia Card Interface Driver
[    1.897916] sdhci-pltfm: SDHCI platform and OF driver helper
[    1.904509] mmc0: Invalid maximum block size, assuming 512 bytes
[    1.937068] mmc0: SDHCI controller on c8000000.sdhci [c8000000.sdhci] using ADMA
[    1.944577] sdhci-tegra c8000600.sdhci: Got CD GPIO
[    1.949471] sdhci-tegra c8000600.sdhci: Got WP GPIO
[    1.954509] mmc1: Invalid maximum block size, assuming 512 bytes
[    1.987142] mmc1: SDHCI controller on c8000600.sdhci [c8000600.sdhci] using ADMA
[    1.995768] ledtrig-cpu: registered to indicate activity on CPUs
[    2.002069] usbcore: registered new interface driver usbhid
[    2.007642] usbhid: USB HID core driver
[    2.015950] NET: Registered protocol family 10
[    2.021099] sit: IPv6 over IPv4 tunneling driver
[    2.026208] NET: Registered protocol family 17
[    2.030666] can: controller area network core (rev 20120528 abi 9)
[    2.036896] NET: Registered protocol family 29
[    2.041343] can: raw protocol (rev 20120528)
[    2.045614] can: broadcast manager protocol (rev 20120528 t)
[    2.051272] can: netlink gateway (rev 20130117) max_hops=1
[    2.057091] Key type dns_resolver registered
[    2.061708] ThumbEE CPU extension supported.
[    2.065989] Registering SWP/SWPB emulation handler
[    2.075771] utmi_phy_clk_enable: timeout waiting for phy to stabilize
[    2.082261] tegra-ehci c5000000.usb: EHCI Host Controller
[    2.087704] tegra-ehci c5000000.usb: new USB bus registered, assigned bus number 2
[    2.095608] tegra-ehci c5000000.usb: irq 288, io mem 0xc5000000
[    2.129415] mmc0: host does not support reading read-only switch, assuming write-enable
[    2.139233] mmc0: new high speed SDHC card at address b368
[    2.145044] mmcblk0: mmc0:b368 NCard 3.70 GiB 
[    2.151362]  mmcblk0: p1
[    2.177072] usb 1-1: new high-speed USB device number 2 using tegra-ehci
[    2.187115] tegra-ehci c5000000.usb: USB 2.0 started, EHCI 1.00
[    2.194030] hub 2-0:1.0: USB hub found
[    2.197872] hub 2-0:1.0: 1 port detected
[    2.203216] input: gpio-keys as /devices/soc0/gpio-keys/input/input0
[    2.209894] mmc1: new high speed SD card at address b368
[    2.210337] rtc-em3027 2-0056: hctosys: unable to read the hardware clock
[    2.222631] mmcblk1: mmc1:b368 NCard 1.83 GiB (ro)
[    2.230079]  mmcblk1: p1 p2
[    2.234578] EXT4-fs (mmcblk0p1): mounting ext3 file system using the ext4 subsystem
[    2.321759] EXT4-fs (mmcblk0p1): recovery complete
[    2.326602] EXT4-fs (mmcblk0p1): mounted filesystem with ordered data mode. Opts: (null)
[    2.334751] VFS: Mounted root (ext3 filesystem) on device 179:1.
[    2.341642] hub 1-1:1.0: USB hub found
[    2.345559] hub 1-1:1.0: 4 ports detected
[    2.349891] devtmpfs: mounted
[    2.355445] Freeing unused kernel memory: 2048K (c1100000 - c1300000)
bash: cannot set terminal process group (-1): Inappropriate ioctl for device
bash: no job control in this shell
[    2.647134] usb 1-1.2: new high-speed USB device number 3 using tegra-ehci
root@(none):/# [    3.565431] asix 1-1.2:1.0 eth1: register 'asix' at usb-c5008000.usb-1.2, ASIX AX88772 USB 2.0 Ethernet, 00:60:6e:60:6c:68
mount -t sysfs none /sys
root@(none):/# 
root@(none):/# mount -t debugfs none /sys/kernel/debug
root@(none):/# 
root@(none):/# rtcwake -d rtc1 -m mem -s 3
rtcwake: assuming RTC uses UTC ...
rtcwake: wakeup from "mem" using /dev/rtc1 at Thu Jan  1 00:00:22 1970
[    7.051019] PM: Syncing filesystems ... done.
[    7.097690] Freezing user space processes ... (elapsed 0.001 seconds) done.
[    7.106163] Freezing remaining freezable tasks ... (elapsed 0.001 seconds) done.
[    7.115220] Suspending console(s) (use no_console_suspend to debug)
[    7.144972] PM: suspend of devices complete after 20.768 msecs
[    7.148567] PM: late suspend of devices complete after 3.563 msecs
[    7.162689] PM: noirq suspend of devices complete after 14.091 msecs
[    7.162701] Disabling non-boot CPUs ...
[    7.164482] CPU1: shutdown
[    7.190224] Entering suspend state LP1
[    7.190273] Enabling non-boot CPUs ...
[    7.216390] CPU1 is up
[    7.217405] pcieport 0000:00:01.0: nv_msi_ht_cap_quirk didn't locate host bridge
[    7.232345] PM: noirq resume of devices complete after 15.920 msecs
[    7.235923] PM: early resume of devices complete after 2.867 msecs
[    7.300560] PM: resume of devices complete after 64.603 msecs
[    7.364649] Restarting tasks ... done.
root@(none):/# 
root@(none):/# rtcwake -d rtc1 -m mem -s 3
rtcwake: assuming RTC uses UTC ...
rtcwake: wakeup from "mem" using /dev/rtc1 at Thu Jan  1 00:00:26 1970
[    8.021137] PM: Syncing filesystems ... done.
[    8.066585] Freezing user space processes ... (elapsed 0.001 seconds) done.
[    8.075145] Freezing remaining freezable tasks ... (elapsed 0.001 seconds) done.
[    8.084297] Suspending console(s) (use no_console_suspend to debug)
[    8.119094] PM: suspend of devices complete after 25.894 msecs
[    8.122622] PM: late suspend of devices complete after 3.496 msecs
[    8.137614] PM: noirq suspend of devices complete after 14.961 msecs
[    8.137626] Disabling non-boot CPUs ...
[    8.139413] CPU1: shutdown
[    8.165190] Entering suspend state LP1
[    8.165241] Enabling non-boot CPUs ...
[    8.191271] CPU1 is up
[    8.192094] pcieport 0000:00:01.0: nv_msi_ht_cap_quirk didn't locate host bridge
[    8.207242] PM: noirq resume of devices complete after 15.939 msecs
[    8.210617] PM: early resume of devices complete after 2.845 msecs
[    8.270592] PM: resume of devices complete after 59.942 msecs
[    8.334633] Restarting tasks ... done.
root@(none):/# 
root@(none):/# rtcwake -d rtc1 -m mem -s 3
rtcwake: assuming RTC uses UTC ...
rtcwake: wakeup from "mem" using /dev/rtc1 at Thu Jan  1 00:00:30 1970
[    8.991556] PM: Syncing filesystems ... done.
[    9.024380] Freezing user space processes ... (elapsed 0.001 seconds) done.
[    9.032815] Freezing remaining freezable tasks ... (elapsed 0.001 seconds) done.
[    9.041678] Suspending console(s) (use no_console_suspend to debug)
[    9.074392] PM: suspend of devices complete after 24.588 msecs
[    9.078024] PM: late suspend of devices complete after 3.600 msecs
[    9.092550] PM: noirq suspend of devices complete after 14.494 msecs
[    9.092561] Disabling non-boot CPUs ...
[    9.094343] CPU1: shutdown
[    9.120137] Entering suspend state LP1
[    9.120187] Enabling non-boot CPUs ...
[    9.146284] CPU1 is up
[    9.147561] pcieport 0000:00:01.0: nv_msi_ht_cap_quirk didn't locate host bridge
[    9.162217] PM: noirq resume of devices complete after 15.900 msecs
[    9.165934] PM: early resume of devices complete after 2.995 msecs
[    9.230380] PM: resume of devices complete after 64.411 msecs
[    9.294449] Restarting tasks ... done.
root@(none):/# 
root@(none):/# rtcwake -d rtc1 -m mem -s 3
rtcwake: assuming RTC uses UTC ...
rtcwake: wakeup from "mem" using /dev/rtc1 at Thu Jan  1 00:00:34 1970
[    9.946516] PM: Syncing filesystems ... done.
[    9.979315] Freezing user space processes ... (elapsed 0.001 seconds) done.
[    9.987734] Freezing remaining freezable tasks ... (elapsed 0.001 seconds) done.
[    9.996590] Suspending console(s) (use no_console_suspend to debug)
[   10.029271] PM: suspend of devices complete after 24.537 msecs
[   10.033041] PM: late suspend of devices complete after 3.739 msecs
[   10.047527] PM: noirq suspend of devices complete after 14.454 msecs
[   10.047539] Disabling non-boot CPUs ...
[   10.049312] CPU1: shutdown
[   10.075058] Entering suspend state LP1
[   10.075108] Enabling non-boot CPUs ...
[   10.101229] CPU1 is up
[   10.102651] pcieport 0000:00:01.0: nv_msi_ht_cap_quirk didn't locate host bridge
[   10.117156] PM: noirq resume of devices complete after 15.895 msecs
[   10.120550] PM: early resume of devices complete after 2.865 msecs
[   10.180496] PM: resume of devices complete after 59.912 msecs
[   10.244533] Restarting tasks ... done.
root@(none):/# 
root@(none):/# rtcwake -d rtc1 -m mem -s 3
rtcwake: assuming RTC uses UTC ...
rtcwake: wakeup from "mem" using /dev/rtc1 at Thu Jan  1 00:00:38 1970
[   10.905517] PM: Syncing filesystems ... done.
[   10.950964] Freezing user space processes ... (elapsed 0.001 seconds) done.
[   10.959587] Freezing remaining freezable tasks ... (elapsed 0.001 seconds) done.
[   10.968716] Suspending console(s) (use no_console_suspend to debug)
[   11.003973] PM: suspend of devices complete after 26.350 msecs
[   11.007512] PM: late suspend of devices complete after 3.508 msecs
[   11.022421] PM: noirq suspend of devices complete after 14.877 msecs
[   11.022432] Disabling non-boot CPUs ...
[   11.024223] CPU1: shutdown
[   11.040050] Entering suspend state LP1
[   11.040100] Enabling non-boot CPUs ...
[   11.066196] CPU1 is up
[   11.067446] pcieport 0000:00:01.0: nv_msi_ht_cap_quirk didn't locate host bridge
[   11.082094] PM: noirq resume of devices complete after 15.866 msecs
[   11.085479] PM: early resume of devices complete after 2.856 msecs
[   11.154443] PM: resume of devices complete after 68.932 msecs
[   11.218486] Restarting tasks ... done.
root@(none):/# 
root@(none):/# rtcwake -d rtc1 -m mem -s 3
rtcwake: assuming RTC uses UTC ...
rtcwake: wakeup from "mem" using /dev/rtc1 at Thu Jan  1 00:00:42 1970
[   11.870508] PM: Syncing filesystems ... done.
[   11.916030] Freezing user space processes ... (elapsed 0.001 seconds) done.
[   11.924624] Freezing remaining freezable tasks ... (elapsed 0.001 seconds) done.
[   11.933751] Suspending console(s) (use no_console_suspend to debug)
[   11.969219] PM: suspend of devices complete after 26.569 msecs
[   11.972767] PM: late suspend of devices complete after 3.515 msecs
[   11.987374] PM: noirq suspend of devices complete after 14.575 msecs
[   11.987386] Disabling non-boot CPUs ...
[   11.989333] CPU1: shutdown
[   12.004990] Entering suspend state LP1
[   12.005040] Enabling non-boot CPUs ...
[   12.031052] CPU1 is up
[   12.032213] pcieport 0000:00:01.0: nv_msi_ht_cap_quirk didn't locate host bridge
[   12.047056] PM: noirq resume of devices complete after 15.970 msecs
[   12.050767] PM: early resume of devices complete after 3.006 msecs
[   12.115411] PM: resume of devices complete after 64.612 msecs
[   12.179518] Restarting tasks ... done.
root@(none):/# 
root@(none):/# rtcwake -d rtc1 -m mem -s 3
rtcwake: assuming RTC uses UTC ...
rtcwake: wakeup from "mem" using /dev/rtc1 at Thu Jan  1 00:00:46 1970
[   12.835391] PM: Syncing filesystems ... done.
[   12.880975] Freezing user space processes ... (elapsed 0.001 seconds) done.
[   12.889571] Freezing remaining freezable tasks ... (elapsed 0.001 seconds) done.
[   12.898691] Suspending console(s) (use no_console_suspend to debug)
[   12.933950] PM: suspend of devices complete after 26.362 msecs
[   12.937480] PM: late suspend of devices complete after 3.498 msecs
[   12.952301] PM: noirq suspend of devices complete after 14.789 msecs
[   12.952312] Disabling non-boot CPUs ...
[   12.954076] CPU1: shutdown
[   12.979903] Entering suspend state LP1
[   12.979954] Enabling non-boot CPUs ...
[   13.006038] CPU1 is up
[   13.007608] pcieport 0000:00:01.0: nv_msi_ht_cap_quirk didn't locate host bridge
[   13.021997] PM: noirq resume of devices complete after 15.927 msecs
[   13.025601] PM: early resume of devices complete after 2.896 msecs
[   13.093870] PM: resume of devices complete after 68.235 msecs
[   13.157955] Restarting tasks ... done.
root@(none):/# 
root@(none):/# rtcwake -d rtc1 -m mem -s 3
rtcwake: assuming RTC uses UTC ...
rtcwake: wakeup from "mem" using /dev/rtc1 at Thu Jan  1 00:00:50 1970
[   13.806454] PM: Syncing filesystems ... done.
[   13.851961] Freezing user space processes ... (elapsed 0.001 seconds) done.
[   13.860455] Freezing remaining freezable tasks ... (elapsed 0.001 seconds) done.
[   13.869542] Suspending console(s) (use no_console_suspend to debug)
[   13.899123] PM: suspend of devices complete after 20.663 msecs
[   13.902750] PM: late suspend of devices complete after 3.594 msecs
[   13.917251] PM: noirq suspend of devices complete after 14.468 msecs
[   13.917263] Disabling non-boot CPUs ...
[   13.919150] CPU1: shutdown
[   13.934824] Entering suspend state LP1
[   13.934874] Enabling non-boot CPUs ...
[   13.960946] CPU1 is up
[   13.962391] pcieport 0000:00:01.0: nv_msi_ht_cap_quirk didn't locate host bridge
[   13.976905] PM: noirq resume of devices complete after 15.924 msecs
[   13.980567] PM: early resume of devices complete after 2.937 msecs
[   14.050240] PM: resume of devices complete after 69.642 msecs
[   14.114336] Restarting tasks ... done.
root@(none):/# 
root@(none):/# rtcwake -d rtc1 -m mem -s 3
rtcwake: assuming RTC uses UTC ...
rtcwake: wakeup from "mem" using /dev/rtc1 at Thu Jan  1 00:00:54 1970
[   14.761517] PM: Syncing filesystems ... done.
[   14.794319] Freezing user space processes ... (elapsed 0.001 seconds) done.
[   14.802761] Freezing remaining freezable tasks ... (elapsed 0.001 seconds) done.
[   14.811674] Suspending console(s) (use no_console_suspend to debug)
[   14.843979] PM: suspend of devices complete after 24.190 msecs
[   14.847625] PM: late suspend of devices complete after 3.614 msecs
[   14.862181] PM: noirq suspend of devices complete after 14.524 msecs
[   14.862193] Disabling non-boot CPUs ...
[   14.863974] CPU1: shutdown
[   14.889758] Entering suspend state LP1
[   14.889808] Enabling non-boot CPUs ...
[   14.915899] CPU1 is up
[   14.918445] pcieport 0000:00:01.0: nv_msi_ht_cap_quirk didn't locate host bridge
[   14.931794] PM: noirq resume of devices complete after 15.861 msecs
[   14.935596] PM: early resume of devices complete after 3.102 msecs
[   15.005217] PM: resume of devices complete after 69.587 msecs
[   15.069252] Restarting tasks ... done.
root@(none):/# 
root@(none):/# rtcwake -d rtc1 -m mem -s 3
rtcwake: assuming RTC uses UTC ...
rtcwake: wakeup from "mem" using /dev/rtc1 at Thu Jan  1 00:00:58 1970
[   15.716207] PM: Syncing filesystems ... done.
[   15.749020] Freezing user space processes ... (elapsed 0.001 seconds) done.
[   15.757444] Freezing remaining freezable tasks ... (elapsed 0.001 seconds) done.
[   15.766309] Suspending console(s) (use no_console_suspend to debug)
[   15.794080] PM: suspend of devices complete after 19.649 msecs
[   15.797647] PM: late suspend of devices complete after 3.535 msecs
[   15.812103] PM: noirq suspend of devices complete after 14.424 msecs
[   15.812115] Disabling non-boot CPUs ...
[   15.814066] CPU1: shutdown
[   15.829709] Entering suspend state LP1
[   15.829761] Enabling non-boot CPUs ...
[   15.855806] CPU1 is up
[   15.858345] pcieport 0000:00:01.0: nv_msi_ht_cap_quirk didn't locate host bridge
[   15.871733] PM: noirq resume of devices complete after 15.894 msecs
[   15.875555] PM: early resume of devices complete after 3.102 msecs
[   15.939990] PM: resume of devices complete after 64.402 msecs
[   16.004040] Restarting tasks ... done.
root@(none):/# 
root@(none):/# NVTB SYSTEM SUSPEND TEST COMPLETE
