Diff for ./tegra114-dalmore-a04/tegra114-dalmore/multi_v7_defconfig_log.txt
--- /tmp/fooa	2014-11-11 00:33:08.866806212 -0800
+++ /tmp/foob	2014-11-11 00:33:08.870806211 -0800
@@ -36,21 +36,21 @@
 	 #################################################################
 	 #################################################################
 	 #################################################################
-	 ######################################
-	 2.8 MiB/s
+	 #######################################
+	 2.9 MiB/s
 done
-Bytes transferred = 5320664 (512fd8 hex)
+Bytes transferred = 5331984 (515c10 hex)
 Tegra114 (Dalmore) # tftpboot 0x82000000 tegra114-dalmore.dtb
 Using asx0 device
 TFTP from server 192.168.100.1; our IP address is 192.168.100.100
 Filename 'tegra114-dalmore.dtb'.
 Load address: 0x82000000
 Loading: *###
-	 2.6 MiB/s
+	 2.8 MiB/s
 done
 Bytes transferred = 34770 (87d2 hex)
 Tegra114 (Dalmore) # bootz 0x81000000 - 0x82000000
-Kernel image @ 0x81000000 [ 0x000000 - 0x512fd8 ]
+Kernel image @ 0x81000000 [ 0x000000 - 0x515c10 ]
 ## Flattened Device Tree blob at 82000000
    Booting using the fdt blob at 0x82000000
    Loading Device Tree to 8fff4000, end 8ffff7d1 ... OK
Diff for ./tegra114-dalmore-a04/tegra114-dalmore/tegra_defconfig_log.txt
--- /tmp/fooa	2014-11-11 00:33:08.874806210 -0800
+++ /tmp/foob	2014-11-11 00:33:08.878806208 -0800
@@ -36,9 +36,9 @@
 	 #################################################################
 	 #################################################################
 	 ###############################################################
-	 2.9 MiB/s
+	 2.8 MiB/s
 done
-Bytes transferred = 4729656 (482b38 hex)
+Bytes transferred = 4740152 (485438 hex)
 Tegra114 (Dalmore) # tftpboot 0x82000000 tegra114-dalmore.dtb
 Using asx0 device
 TFTP from server 192.168.100.1; our IP address is 192.168.100.100
@@ -49,7 +49,7 @@
 done
 Bytes transferred = 34770 (87d2 hex)
 Tegra114 (Dalmore) # bootz 0x81000000 - 0x82000000
-Kernel image @ 0x81000000 [ 0x000000 - 0x482b38 ]
+Kernel image @ 0x81000000 [ 0x000000 - 0x485438 ]
 ## Flattened Device Tree blob at 82000000
    Booting using the fdt blob at 0x82000000
    Loading Device Tree to 8fff4000, end 8ffff7d1 ... OK
Diff for ./tegra114-dalmore-a04/tegra114-dalmore/tegra_defconfig%tegra114_mergeconfig_log.txt
--- /tmp/fooa	2014-11-11 00:33:08.882806208 -0800
+++ /tmp/foob	2014-11-11 00:33:08.882806208 -0800
@@ -35,21 +35,21 @@
 	 #################################################################
 	 #################################################################
 	 #################################################################
-	 ############################################################
+	 #############################################################
 	 2.8 MiB/s
 done
-Bytes transferred = 4695784 (47a6e8 hex)
+Bytes transferred = 4706608 (47d130 hex)
 Tegra114 (Dalmore) # tftpboot 0x82000000 tegra114-dalmore.dtb
 Using asx0 device
 TFTP from server 192.168.100.1; our IP address is 192.168.100.100
 Filename 'tegra114-dalmore.dtb'.
 Load address: 0x82000000
 Loading: *###
-	 3 MiB/s
+	 2.6 MiB/s
 done
 Bytes transferred = 34770 (87d2 hex)
 Tegra114 (Dalmore) # bootz 0x81000000 - 0x82000000
-Kernel image @ 0x81000000 [ 0x000000 - 0x47a6e8 ]
+Kernel image @ 0x81000000 [ 0x000000 - 0x47d130 ]
 ## Flattened Device Tree blob at 82000000
    Booting using the fdt blob at 0x82000000
    Loading Device Tree to 8fff4000, end 8ffff7d1 ... OK
Diff for ./tegra114-dalmore-a04/tegra114-dalmore/tegra_defconfig%tegra20,114_mergeconfig_log.txt
--- /tmp/fooa	2014-11-11 00:33:08.886806207 -0800
+++ /tmp/foob	2014-11-11 00:33:08.890806205 -0800
@@ -38,7 +38,7 @@
 	 ##############################################################
 	 2.8 MiB/s
 done
-Bytes transferred = 4712872 (47e9a8 hex)
+Bytes transferred = 4723896 (4814b8 hex)
 Tegra114 (Dalmore) # tftpboot 0x82000000 tegra114-dalmore.dtb
 Using asx0 device
 TFTP from server 192.168.100.1; our IP address is 192.168.100.100
@@ -49,7 +49,7 @@
 done
 Bytes transferred = 34770 (87d2 hex)
 Tegra114 (Dalmore) # bootz 0x81000000 - 0x82000000
-Kernel image @ 0x81000000 [ 0x000000 - 0x47e9a8 ]
+Kernel image @ 0x81000000 [ 0x000000 - 0x4814b8 ]
 ## Flattened Device Tree blob at 82000000
    Booting using the fdt blob at 0x82000000
    Loading Device Tree to 8fff4000, end 8ffff7d1 ... OK
Diff for ./tegra114-dalmore-a04/tegra114-dalmore/tegra_defconfig%tegra30,114_mergeconfig_log.txt
--- /tmp/fooa	2014-11-11 00:33:08.894806205 -0800
+++ /tmp/foob	2014-11-11 00:33:08.898806204 -0800
@@ -38,18 +38,18 @@
 	 ##############################################################
 	 2.8 MiB/s
 done
-Bytes transferred = 4714648 (47f098 hex)
+Bytes transferred = 4724800 (481840 hex)
 Tegra114 (Dalmore) # tftpboot 0x82000000 tegra114-dalmore.dtb
 Using asx0 device
 TFTP from server 192.168.100.1; our IP address is 192.168.100.100
 Filename 'tegra114-dalmore.dtb'.
 Load address: 0x82000000
 Loading: *###
-	 3 MiB/s
+	 2.6 MiB/s
 done
 Bytes transferred = 34770 (87d2 hex)
 Tegra114 (Dalmore) # bootz 0x81000000 - 0x82000000
-Kernel image @ 0x81000000 [ 0x000000 - 0x47f098 ]
+Kernel image @ 0x81000000 [ 0x000000 - 0x481840 ]
 ## Flattened Device Tree blob at 82000000
    Booting using the fdt blob at 0x82000000
    Loading Device Tree to 8fff4000, end 8ffff7d1 ... OK
Diff for ./tegra124-jetson-tk1/tegra124-jetson-tk1/multi_v7_defconfig_log.txt
--- /tmp/fooa	2014-11-11 00:33:08.902806203 -0800
+++ /tmp/foob	2014-11-11 00:33:08.902806203 -0800
@@ -38,11 +38,12 @@
 	 #################################################################
 	 #################################################################
 	 #################################################################
-	 ######################################
-	 2.8 MiB/s
+	 #######################################
+	 763.7 KiB/s
 done
-Bytes transferred = 5320664 (512fd8 hex)
+Bytes transferred = 5331984 (515c10 hex)
 Tegra124 (Jetson TK1) # tftpboot 0x82000000 tegra124-jetson-tk1.dtb
+Waiting for Ethernet connection... done.
 Using asx0 device
 TFTP from server 192.168.100.1; our IP address is 192.168.100.102
 Filename 'tegra124-jetson-tk1.dtb'.
@@ -52,7 +53,7 @@
 done
 Bytes transferred = 48750 (be6e hex)
 Tegra124 (Jetson TK1) # bootz 0x81000000 - 0x82000000
-Kernel image @ 0x81000000 [ 0x000000 - 0x512fd8 ]
+Kernel image @ 0x81000000 [ 0x000000 - 0x515c10 ]
 ## Flattened Device Tree blob at 82000000
    Booting using the fdt blob at 0x82000000
    Using Device Tree in place at 82000000, end 8200ee6d
Diff for ./tegra124-jetson-tk1/tegra124-jetson-tk1/tegra_defconfig_log.txt
--- /tmp/fooa	2014-11-11 00:33:08.906806202 -0800
+++ /tmp/foob	2014-11-11 00:33:08.910806201 -0800
@@ -29,20 +29,34 @@
 Tegra124 (Jetson TK1) # setenv bootargs 'ignore_loglevel console=ttyS0,115200n8 rw root=/dev/mmcblk0p1 rootwait gpt debug init=/bin/bash noinitrd'
 Tegra124 (Jetson TK1) # setenv ipaddr 192.168.100.102; setenv serverip 192.168.100.1; setenv tftpserverip 192.168.100.1
 Tegra124 (Jetson TK1) # tftpboot 0x81000000 zImage.tegra_defconfig
+Waiting for Ethernet connection... done.
 Using asx0 device
 TFTP from server 192.168.100.1; our IP address is 192.168.100.102
 Filename 'zImage.tegra_defconfig'.
 Load address: 0x81000000
-Loading: *EHCI timed out on TD - token=0x8008d80
-T EHCI timed out on TD - token=0x8008d80
-T EHCI timed out on TD - token=0x8008d80
-T EHCI timed out on TD - token=0x8008d80
-T EHCI timed out on TD - token=0x8008d80
-T EHCI timed out on TD - token=0x8008d80
-T EHCI timed out on TD - token=0x8008d80
-T EHCI timed out on TD - token=0x8008d80
-T EHCI timed out on TD - token=0x8008d80
-T EHCI timed out on TD - token=0x8008d80
-T EHCI timed out on TD - token=0x8008d80
+Loading: *#################################################################
+	 #################################################################
+	 #################################################################
+	 #################################################################
+	 ###############################################################
+	 3.2 MiB/s
+done
+Bytes transferred = 4740152 (485438 hex)
+Tegra124 (Jetson TK1) # tftpboot 0x82000000 tegra124-jetson-tk1.dtb
+Using asx0 device
+TFTP from server 192.168.100.1; our IP address is 192.168.100.102
+Filename 'tegra124-jetson-tk1.dtb'.
+Load address: 0x82000000
+Loading: *####
+	 2.9 MiB/s
+done
+Bytes transferred = 48750 (be6e hex)
+Tegra124 (Jetson TK1) # bootz 0x81000000 - 0x82000000
+Kernel image @ 0x81000000 [ 0x000000 - 0x485438 ]
+## Flattened Device Tree blob at 82000000
+   Booting using the fdt blob at 0x82000000
+   Using Device Tree in place at 82000000, end 8200ee6d
+
+Starting kernel ...
 
-Retry count exceeded; starting again
+Uncompressing Linux... done, booting the kernel.
Diff for ./tegra124-jetson-tk1/tegra124-jetson-tk1/tegra_defconfig%tegra124_mergeconfig_log.txt
--- /tmp/fooa	2014-11-11 00:33:08.914806200 -0800
+++ /tmp/foob	2014-11-11 00:33:08.914806200 -0800
@@ -34,29 +34,16 @@
 TFTP from server 192.168.100.1; our IP address is 192.168.100.102
 Filename 'zImage.tegra_defconfig%tegra124_mergeconfig'.
 Load address: 0x81000000
-Loading: *#################################################################
-	 #################################################################
-	 #################################################################
-	 #################################################################
-	 ############################################################
-	 2.9 MiB/s
-done
-Bytes transferred = 4695776 (47a6e0 hex)
-Tegra124 (Jetson TK1) # tftpboot 0x82000000 tegra124-jetson-tk1.dtb
-Using asx0 device
-TFTP from server 192.168.100.1; our IP address is 192.168.100.102
-Filename 'tegra124-jetson-tk1.dtb'.
-Load address: 0x82000000
-Loading: *####
-	 2.6 MiB/s
-done
-Bytes transferred = 48750 (be6e hex)
-Tegra124 (Jetson TK1) # bootz 0x81000000 - 0x82000000
-Kernel image @ 0x81000000 [ 0x000000 - 0x47a6e0 ]
-## Flattened Device Tree blob at 82000000
-   Booting using the fdt blob at 0x82000000
-   Using Device Tree in place at 82000000, end 8200ee6d
-
-Starting kernel ...
+Loading: *EHCI timed out on TD - token=0x8008d80
+T EHCI timed out on TD - token=0x8008d80
+T EHCI timed out on TD - token=0x8008d80
+T EHCI timed out on TD - token=0x8008d80
+T EHCI timed out on TD - token=0x8008d80
+T EHCI timed out on TD - token=0x8008d80
+T EHCI timed out on TD - token=0x8008d80
+T EHCI timed out on TD - token=0x8008d80
+T EHCI timed out on TD - token=0x8008d80
+T EHCI timed out on TD - token=0x8008d80
+T EHCI timed out on TD - token=0x8008d80
 
-Uncompressing Linux... done, booting the kernel.
+Retry count exceeded; starting again
Diff for ./tegra30-beaver/tegra30-beaver/multi_v7_defconfig_log.txt
--- /tmp/fooa	2014-11-11 00:33:08.922806199 -0800
+++ /tmp/foob	2014-11-11 00:33:08.926806198 -0800
@@ -36,10 +36,10 @@
 	 #################################################################
 	 #################################################################
 	 #################################################################
-	 ######################################
-	 2.8 MiB/s
+	 #######################################
+	 2.9 MiB/s
 done
-Bytes transferred = 5320664 (512fd8 hex)
+Bytes transferred = 5331984 (515c10 hex)
 Tegra30 (Beaver) # tftpboot 0x82000000 tegra30-beaver.dtb
 Using asx0 device
 TFTP from server 192.168.100.1; our IP address is 192.168.100.101
@@ -50,7 +50,7 @@
 done
 Bytes transferred = 24893 (613d hex)
 Tegra30 (Beaver) # bootz 0x81000000 - 0x82000000
-Kernel image @ 0x81000000 [ 0x000000 - 0x512fd8 ]
+Kernel image @ 0x81000000 [ 0x000000 - 0x515c10 ]
 ## Flattened Device Tree blob at 82000000
    Booting using the fdt blob at 0x82000000
    Loading Device Tree to 8fff6000, end 8ffff13c ... OK
@@ -58,7 +58,7 @@
 Starting kernel ...
 
 Booting Linux on physical CPU 0x0
-Linux version 3.18.0-rc3-next-20141110-99023-gd54c9f9 (pwalmsley@tamien) (gcc version 4.7.3 20130328 (prerelease) (crosstool-NG linaro-1.13.1-4.7-2013.04-20130415 - Linaro GCC 2013.04) ) #1 SMP Mon Nov 10 02:18:39 PST 2014
+Linux version 3.18.0-rc4-next-20141111-99224-gb0187bd (pwalmsley@tamien) (gcc version 4.7.3 20130328 (prerelease) (crosstool-NG linaro-1.13.1-4.7-2013.04-20130415 - Linaro GCC 2013.04) ) #1 SMP Tue Nov 11 00:18:36 PST 2014
 CPU: ARMv7 Processor [412fc099] revision 9 (ARMv7), cr=10c5387d
 CPU: PIPT / VIPT nonaliasing data cache, VIPT aliasing instruction cache
 Machine model: NVIDIA Tegra30 Beaver evaluation board
@@ -66,21 +66,21 @@
 cma: Reserved 64 MiB at 0xfb800000
 Memory policy: Data cache writealloc
 On node 0 totalpages: 524032
-free_area_init_node: node 0, pgdat c0d5f580, node_mem_map ee7f8000
+free_area_init_node: node 0, pgdat c0d57480, node_mem_map ee7f8000
   DMA zone: 1520 pages used for memmap
   DMA zone: 0 pages reserved
   DMA zone: 194560 pages, LIFO batch:31
   HighMem zone: 2574 pages used for memmap
   HighMem zone: 329472 pages, LIFO batch:31
-PERCPU: Embedded 10 pages/cpu @ee7b4000 s8448 r8192 d24320 u40960
-pcpu-alloc: s8448 r8192 d24320 u40960 alloc=10*4096
+PERCPU: Embedded 10 pages/cpu @ee7b4000 s8512 r8192 d24256 u40960
+pcpu-alloc: s8512 r8192 d24256 u40960 alloc=10*4096
 pcpu-alloc: [0] 0 [0] 1 [0] 2 [0] 3 
 Built 1 zonelists in Zone order, mobility grouping on.  Total pages: 522512
 Kernel command line: ignore_loglevel console=ttyS0,115200n8 rw root=/dev/mmcblk0p1 rootwait gpt debug init=/bin/bash noinitrd
 PID hash table entries: 4096 (order: 2, 16384 bytes)
 Dentry cache hash table entries: 131072 (order: 7, 524288 bytes)
 Inode-cache hash table entries: 65536 (order: 6, 262144 bytes)
-Memory: 2001340K/2096128K available (6883K kernel code, 971K rwdata, 2828K rodata, 740K init, 314K bss, 29252K reserved, 65536K cma-reserved, 1252352K highmem)
+Memory: 2001372K/2096128K available (6895K kernel code, 915K rwdata, 2836K rodata, 744K init, 314K bss, 29220K reserved, 65536K cma-reserved, 1252352K highmem)
 Virtual kernel memory layout:
     vector  : 0xffff0000 - 0xffff1000   (   4 kB)
     fixmap  : 0xffc00000 - 0xffe00000   (2048 kB)
@@ -88,10 +88,10 @@
     lowmem  : 0xc0000000 - 0xef800000   ( 760 MB)
     pkmap   : 0xbfe00000 - 0xc0000000   (   2 MB)
     modules : 0xbf000000 - 0xbfe00000   (  14 MB)
-      .text : 0xc0208000 - 0xc0b84060   (9713 kB)
-      .init : 0xc0b85000 - 0xc0c3e000   ( 740 kB)
-      .data : 0xc0c3e000 - 0xc0d30ea0   ( 972 kB)
-       .bss : 0xc0d30ea0 - 0xc0d7f6e8   ( 315 kB)
+      .text : 0xc0208000 - 0xc0b891f8   (9733 kB)
+      .init : 0xc0b8a000 - 0xc0c44000   ( 744 kB)
+      .data : 0xc0c44000 - 0xc0d28da0   ( 916 kB)
+       .bss : 0xc0d28da0 - 0xc0d775e8   ( 315 kB)
 SLUB: HWalign=64, Order=0-3, MinObjects=0, CPUs=4, Nodes=1
 Hierarchical RCU implementation.
 	RCU restricting CPUs from NR_CPUS=8 to nr_cpu_ids=4.
@@ -115,7 +115,7 @@
 Mountpoint-cache hash table entries: 2048 (order: 1, 8192 bytes)
 CPU: Testing write buffer coherency: ok
 CPU0: thread -1, cpu 0, socket 0, mpidr 80000000
-Setting up static identity map for 0x80880240 - 0x808802d8
+Setting up static identity map for 0x80883690 - 0x80883728
 Tegra Revision: A03 SKU: 128 CPU Process: 4 Core Process: 0
 CPU1: Booted secondary processor
 CPU1: thread -1, cpu 1, socket 0, mpidr 80000001
@@ -136,7 +136,7 @@
 Driver 'vexpress-sysreg' needs an ownerDriver 'gcc-apq8084' needs an owner
 Driver 'gcc-msm8660' needs an ownerDriver 'gcc-msm8960' needs an owner
 Driver 'gcc-msm8974' needs an ownerDriver 'exynos-audss-clk' needs an owner
-Driver 'vexpress-osc' needs an owner[    0.015592] NET: Registered protocol family 16
+Driver 'vexpress-osc' needs an owner[    0.015695] NET: Registered protocol family 16
 DMA: preallocated 256 KiB pool for atomic coherent allocations
 Driver 'imx-mmdc' needs an owner
 Driver 'sirfsoc-rtciobrg' needs an ownerDriver 'rockchip-pinctrl' needs an owner
@@ -204,11 +204,11 @@
 Driver 'tps65910' needs an ownerDriver 'max8907' needs an owner
 Driver 'ab8500-debug' needs an ownerDriver 'tps6586x' needs an owner
 Driver 'tps65090' needs an ownerDriver 'palmas' needs an owner
-Driver 'sec_pmic' needs an owner[    0.075052] SCSI subsystem initialized
+Driver 'sec_pmic' needs an owner[    0.075096] SCSI subsystem initialized
 libata version 3.00 loaded.
 Driver 'ssp-pl022' needs an owner
 Driver 'Generic PHY' needs an ownerDriver 'Generic 10G PHY' needs an owner
-Driver 'usbfs' needs an owner[    0.075385] usbcore: registered new interface driver usbfs
+Driver 'usbfs' needs an owner[    0.075474] usbcore: registered new interface driver usbfs
 Driver 'hub' needs an owner
 usbcore: registered new interface driver hub
 Driver 'usb' needs an owner
@@ -216,7 +216,7 @@
 Driver 'abx5x0-usb' needs an owner
 Driver 'usb_phy_generic' needs an ownerDriver 'i2c_designware' needs an owner
 Driver 'nmk-i2c' needs an ownerDriver 'omap_i2c' needs an owner
-Driver 'tegra-i2c' needs an owner[    0.082862] vrtc: supplied by vdd_5v_in
+Driver 'tegra-i2c' needs an owner[    0.082969] vrtc: supplied by vdd_5v_in
 vdd_1v8_gen: supplied by vdd_5v_in
 vddio_ddr_1v2: supplied by vdd_5v_in
 vdd_1v5_gen: supplied by vdd_5v_in
@@ -235,7 +235,7 @@
 Driver 'brcmstb-reboot' needs an owner
 EDAC MC: Ver: 3.0.0
 Driver 'tegra-gart' needs an owner
-Driver 'tegra-smmu' needs an owner[    0.137562] platform 7000f010.iommu: Driver tegra-smmu requests probe deferral
+Driver 'tegra-smmu' needs an owner[    0.137556] platform 7000f010.iommu: Driver tegra-smmu requests probe deferral
 Advanced Linux Sound Architecture Driver Initialized.
 Driver 'ab8500-gpadc' needs an owner
 Switched to clocksource timer_us
@@ -254,9 +254,9 @@
 RPC: Registered tcp NFSv4.1 backchannel transport module.
 PCI: CLS 0 bytes, default 64
 Driver 'usbhs_omap' needs an owner
-Driver 'arm-pmu' needs an owner[    0.146058] hw perfevents: enabled with armv7_cortex_a9 PMU driver, 7 counters available
+Driver 'arm-pmu' needs an owner[    0.145936] hw perfevents: enabled with armv7_cortex_a9 PMU driver, 7 counters available
 Driver 'omap_timer' needs an owner
-Driver 'alarmtimer' needs an owner[    0.146960] futex hash table entries: 1024 (order: 4, 65536 bytes)
+Driver 'alarmtimer' needs an owner[    0.146858] futex hash table entries: 1024 (order: 4, 65536 bytes)
 squashfs: version 4.0 (2009/01/31) Phillip Lougher
 NFS: Registering the id_resolver key type
 Key type id_resolver registered
@@ -299,7 +299,7 @@
 Driver 'wm8505-fb' needs an ownerDriver 'mx3_sdc_fb' needs an owner
 Driver 'simple-framebuffer' needs an ownerDriver 'tegra-ahb' needs an owner
 Driver 'mv_xor' needs an ownerDriver 'imx-sdma' needs an owner
-Driver 'tegra-apbdma' needs an owner[    0.162050] tegra-apbdma 6000a000.dma: Tegra20 APB DMA driver register 32 channels
+Driver 'tegra-apbdma' needs an owner[    0.162095] tegra-apbdma 6000a000.dma: Tegra20 APB DMA driver register 32 channels
 Driver 'dma-pl330' needs an owner
 Driver 'xilinx-vdma' needs an ownerDriver 'gsbi' needs an owner
 Driver 'tegra-pmc' needs an ownerDriver 'as3722-regulator' needs an owner
@@ -320,7 +320,7 @@
 Driver 'st-asc' needs an owner
 Driver 'vt8500_serial' needs an ownerDriver 'xuartps' needs an owner
 Driver 'sirfsoc-uart' needs an ownerDriver 'serial-tegra' needs an owner
-Driver 'fsl-lpuart' needs an owner[    1.897810] [drm] Initialized drm 1.1.0 20060810
+Driver 'fsl-lpuart' needs an owner[    1.898836] [drm] Initialized drm 1.1.0 20060810
 Driver 'hdmi_msm' needs an owner
 Driver 'adreno' needs an ownerDriver 'msm' needs an owner
 Driver 'tegra-dc' needs an ownerDriver 'tegra-dsi' needs an owner
@@ -331,6 +331,7 @@
 Driver 'tegra-gr2d' needs an ownerDriver 'tegra-gr3d' needs an owner
 Driver 'panel-simple' needs an ownerDriver 'panel-simple-dsi' needs an owner
 Driver 'tegra-host1x' needs an ownerDriver 'tegra-mipi' needs an owner
+error detecting cacheinfo..cpu0
 loop: module loaded
 Driver 'ad_dpot' needs an owner
 Driver 'ics932s401' needs an ownerDriver 'apds9802als' needs an owner
@@ -360,11 +361,11 @@
 Driver 'ICPlus IP175C' needs an ownerDriver 'ICPlus IP1001' needs an owner
 Driver 'ICPlus IP101A/G' needs an ownerDriver 'Atheros 8035 ethernet' needs an owner
 Driver 'Atheros 8030 ethernet' needs an ownerDriver 'Atheros 8031 ethernet' needs an owner
-Driver 'sun4i-mdio' needs an owner[    2.188186] CAN device driver interface
+Driver 'sun4i-mdio' needs an owner[    2.193438] CAN device driver interface
 Driver 'mcp251x' needs an owner
 Driver 'xilinx_can' needs an ownerDriver 'sun4i-emac' needs an owner
 Driver 'macb' needs an ownerDriver 'calxedaxgmac' needs an owner
-Driver 'fec' needs an owner[    2.214890] igb: Intel(R) Gigabit Ethernet Network Driver - version 5.2.15-k
+Driver 'fec' needs an owner[    2.220131] igb: Intel(R) Gigabit Ethernet Network Driver - version 5.2.15-k
 igb: Copyright (c) 2007-2014 Intel Corporation.
 Driver 'igb' needs an owner
 Driver 'orion-mdio' needs an ownerDriver 'mv643xx_eth' needs an owner
@@ -372,7 +373,7 @@
 Driver 'ks8851' needs an ownerDriver 'r8169' needs an owner
 Driver 'smsc911x' needs an ownerDriver 'stmmaceth' needs an owner
 Driver 'davinci_mdio' needs an ownerDriver 'cpsw-phy-sel' needs an owner
-Driver 'xilinx_emaclite' needs an owner[    2.273555] pegasus: v0.9.3 (2013/04/25), Pegasus/Pegasus II USB Ethernet driver
+Driver 'xilinx_emaclite' needs an owner[    2.278806] pegasus: v0.9.3 (2013/04/25), Pegasus/Pegasus II USB Ethernet driver
 Driver 'pegasus' needs an owner
 usbcore: registered new interface driver pegasus
 Driver 'asix' needs an owner
@@ -394,7 +395,7 @@
 Driver 'cdc_ncm' needs an owner
 usbcore: registered new interface driver cdc_ncm
 Driver 'xhci_hcd' needs an owner
-Driver 'xhci-hcd' needs an owner[    2.389550] ehci_hcd: USB 2.0 'Enhanced' Host Controller (EHCI) Driver
+Driver 'xhci-hcd' needs an owner[    2.394805] ehci_hcd: USB 2.0 'Enhanced' Host Controller (EHCI) Driver
 ehci-pci: EHCI PCI platform driver
 Driver 'ehci-pci' needs an owner
 ehci-platform: EHCI generic platform driver
@@ -441,7 +442,7 @@
 Driver 'rtc-mv' needs an ownerDriver 'palmas-rtc' needs an owner
 Driver 'rtc-pl031' needs an ownerDriver 'rtc-spear' needs an owner
 Driver 'sun6i-rtc' needs an ownerDriver 'sunxi-rtc' needs an owner
-Driver 'tegra_rtc' needs an owner[    2.668678] tegra_rtc 7000e000.rtc: rtc core: registered 7000e000.rtc as rtc1
+Driver 'tegra_rtc' needs an owner[    2.674050] tegra_rtc 7000e000.rtc: rtc core: registered 7000e000.rtc as rtc1
 tegra_rtc 7000e000.rtc: Tegra internal Real Time Clock
 Driver 'twl_rtc' needs an owner
 Driver 'tps6586x-rtc' needs an ownerDriver 'tps65910-rtc' needs an owner
@@ -453,7 +454,7 @@
 Driver 'sirfsoc_i2c' needs an ownerDriver 'st-i2c' needs an owner
 Driver 'xiic-i2c' needs an ownerDriver 'bcm-kona-i2c' needs an owner
 Driver 'pca954x' needs an ownerDriver 'i2c-mux-pinctrl' needs an owner
-Driver 'uvcvideo' needs an owner[    2.761395] usbcore: registered new interface driver uvcvideo
+Driver 'uvcvideo' needs an owner[    2.766843] usbcore: registered new interface driver uvcvideo
 USB Video Class driver (1.1.1)
 gspca_main: v2.14.0 registered
 Driver 'sbs-battery' needs an owner
@@ -470,14 +471,14 @@
 Driver 'cpufreq-ux500' needs an ownerDriver 'exynos-cpufreq' needs an owner
 Driver 'exynos5440-cpufreq' needs an ownerDriver 'omap-cpufreq' needs an owner
 Driver 'spear-cpufreq' needs an ownerDriver 'cpuidle-zynq' needs an owner
-Driver 'mmcblk' needs an owner[    2.886946] Driver 'mmcblk' needs updating - please use bus_type methods
+Driver 'mmcblk' needs an owner[    2.892414] Driver 'mmcblk' needs updating - please use bus_type methods
 Driver 'mmci-pl18x' needs an owner
 sdhci: Secure Digital Host Controller Interface driver
 sdhci: Copyright(c) Pierre Ossman
 Driver 'sdhci-pxav3' needs an owner
 Driver 's3c-sdhci' needs an ownerDriver 'sdhci' needs an owner
 Driver 'mmci-omap' needs an ownerDriver 'omap_hsmmc' needs an owner
-Driver 'mvsdio' needs an owner[    2.931809] Synopsys Designware Multimedia Card Interface Driver
+Driver 'mvsdio' needs an owner[    2.937300] Synopsys Designware Multimedia Card Interface Driver
 Driver 'dw_mmc' needs an owner
 Driver 'dwmmc_exynos' needs an ownerDriver 'dwmmc_rockchip' needs an owner
 Driver 'wmt-sdhc' needs an ownerDriver 'sunxi-mmc' needs an owner
@@ -499,7 +500,7 @@
 Driver 'leds-gpio' needs an ownerDriver 'leds_pwm' needs an owner
 ledtrig-cpu: registered to indicate activity on CPUs
 Driver 'hid-generic' needs an owner
-Driver 'usbhid' needs an owner[    3.146126] usbcore: registered new interface driver usbhid
+Driver 'usbhid' needs an owner[    3.151147] usbcore: registered new interface driver usbhid
 usbhid: USB HID core driver
 Driver 'isl29018' needs an owner
 Driver 'isl29028' needs an ownerDriver 'nvec-mouse' needs an owner
@@ -514,7 +515,7 @@
 Driver 'xadc' needs an ownerDriver 'ak8975' needs an owner
 Driver 'snd-soc-dummy' needs an ownerDriver 'soc-audio' needs an owner
 Driver 'alc5632' needs an ownerDriver 'max98090' needs an owner
-Driver 'rt5640' needs an owner[    3.293591] mmc1: new high speed MMC card at address 0001
+Driver 'rt5640' needs an owner[    3.299612] mmc1: new high speed MMC card at address 0001
 mmcblk0: mmc1:0001 SEM16G 14.8 GiB 
 mmcblk0boot0: mmc1:0001 SEM16G partition 1 1.00 MiB
 mmcblk0boot1: mmc1:0001 SEM16G partition 2 1.00 MiB
@@ -525,7 +526,7 @@
 Driver 'wm8753' needs an ownerDriver 'wm8753' needs an owner
 Driver 'wm8903' needs an ownerDriver 'tegra20-das' needs an owner
 Driver 'tegra20-i2s' needs an ownerDriver 'tegra30-ahub' needs an owner
-Driver 'tegra30-i2s' needs an owner[    3.715494] tegra30-i2s 70080400.i2s: DMA channels sourced from device 70080000.ahub
+Driver 'tegra30-i2s' needs an owner[    3.720541] tegra30-i2s 70080400.i2s: DMA channels sourced from device 70080000.ahub
 Driver 'tegra-snd-rt5640' needs an owner
 tegra-snd-rt5640 sound: rt5640-aif1 <-> 70080400.i2s mapping ok
 input: NVIDIA Tegra Beaver Headphones as /devices/soc0/sound/sound/card0/input0
@@ -614,7 +615,7 @@
 hub 2-0:1.0: USB hub found
 hub 2-0:1.0: 1 port detected
 Driver 'cpsw' needs an owner
-Driver 'gpio-keys' needs an owner[    5.624964] tps65910-rtc tps65910-rtc: setting system clock to 2000-01-01 00:00:02 UTC (946684802)
+Driver 'gpio-keys' needs an owner[    5.629956] tps65910-rtc tps65910-rtc: setting system clock to 2000-01-01 00:00:02 UTC (946684802)
 usb1_vbus: disabling
 vdd_sata,avdd_plle: disabling
 ALSA device list:
@@ -625,7 +626,7 @@
 EXT4-fs (mmcblk0p1): mounted filesystem with ordered data mode. Opts: (null)
 VFS: Mounted root (ext3 filesystem) on device 179:1.
 devtmpfs: mounted
-Freeing unused kernel memory: 740K (c0b85000 - c0c3e000)
+Freeing unused kernel memory: 744K (c0b8a000 - c0c44000)
 bash: cannot set terminal process group (-1): Inappropriate ioctl for device
 bash: no job control in this shell
-root@(none):/# [    5.918864] usb 2-1: new high-speed USB device number 2 using tegra-ehci
+root@(none):/# [    5.923873] usb 2-1: new high-speed USB device number 2 using tegra-ehci
Diff for ./tegra30-beaver/tegra30-beaver/tegra_defconfig_log.txt
--- /tmp/fooa	2014-11-11 00:33:08.930806197 -0800
+++ /tmp/foob	2014-11-11 00:33:08.934806196 -0800
@@ -38,7 +38,7 @@
 	 ###############################################################
 	 2.8 MiB/s
 done
-Bytes transferred = 4729656 (482b38 hex)
+Bytes transferred = 4740152 (485438 hex)
 Tegra30 (Beaver) # tftpboot 0x82000000 tegra30-beaver.dtb
 Using asx0 device
 TFTP from server 192.168.100.1; our IP address is 192.168.100.101
@@ -49,7 +49,7 @@
 done
 Bytes transferred = 24893 (613d hex)
 Tegra30 (Beaver) # bootz 0x81000000 - 0x82000000
-Kernel image @ 0x81000000 [ 0x000000 - 0x482b38 ]
+Kernel image @ 0x81000000 [ 0x000000 - 0x485438 ]
 ## Flattened Device Tree blob at 82000000
    Booting using the fdt blob at 0x82000000
    Loading Device Tree to 8fff6000, end 8ffff13c ... OK
@@ -60,7 +60,7 @@
 Booting Linux on physical CPU 0x0
 Initializing cgroup subsys cpu
 Initializing cgroup subsys cpuacct
-Linux version 3.18.0-rc3-next-20141110-60253-gd54c9f9 (pwalmsley@kaivo) (gcc version 4.7.3 20130328 (prerelease) (crosstool-NG linaro-1.13.1-4.7-2013.04-20130415 - Linaro GCC 2013.04) ) #1 SMP PREEMPT Mon Nov 10 02:17:44 PST 2014
+Linux version 3.18.0-rc4-next-20141111-60454-gb0187bd (pwalmsley@kaivo) (gcc version 4.7.3 20130328 (prerelease) (crosstool-NG linaro-1.13.1-4.7-2013.04-20130415 - Linaro GCC 2013.04) ) #1 SMP PREEMPT Tue Nov 11 00:17:41 PST 2014
 CPU: ARMv7 Processor [412fc099] revision 9 (ARMv7), cr=10c5387d
 CPU: PIPT / VIPT nonaliasing data cache, VIPT aliasing instruction cache
 Machine model: NVIDIA Tegra30 Beaver evaluation board
@@ -68,21 +68,21 @@
 cma: Reserved 64 MiB at 0xfbc00000
 Memory policy: Data cache writealloc
 On node 0 totalpages: 524032
-free_area_init_node: node 0, pgdat c0953d00, node_mem_map ee7f7000
+free_area_init_node: node 0, pgdat c0959e80, node_mem_map ee7f7000
   Normal zone: 1520 pages used for memmap
   Normal zone: 0 pages reserved
   Normal zone: 194560 pages, LIFO batch:31
   HighMem zone: 2574 pages used for memmap
   HighMem zone: 329472 pages, LIFO batch:31
-PERCPU: Embedded 10 pages/cpu @ee7b3000 s8832 r8192 d23936 u40960
-pcpu-alloc: s8832 r8192 d23936 u40960 alloc=10*4096
+PERCPU: Embedded 10 pages/cpu @ee7b3000 s8960 r8192 d23808 u40960
+pcpu-alloc: s8960 r8192 d23808 u40960 alloc=10*4096
 pcpu-alloc: [0] 0 [0] 1 [0] 2 [0] 3 
 Built 1 zonelists in Zone order, mobility grouping on.  Total pages: 522512
 Kernel command line: ignore_loglevel console=ttyS0,115200n8 rw root=/dev/mmcblk0p1 rootwait gpt debug init=/bin/bash noinitrd
 PID hash table entries: 4096 (order: 2, 16384 bytes)
 Dentry cache hash table entries: 131072 (order: 7, 524288 bytes)
 Inode-cache hash table entries: 65536 (order: 6, 262144 bytes)
-Memory: 2003440K/2096128K available (6476K kernel code, 343K rwdata, 2148K rodata, 300K init, 366K bss, 27152K reserved, 65536K cma-reserved, 1252352K highmem)
+Memory: 2003416K/2096128K available (6492K kernel code, 344K rwdata, 2156K rodata, 300K init, 366K bss, 27176K reserved, 65536K cma-reserved, 1252352K highmem)
 Virtual kernel memory layout:
     vector  : 0xffff0000 - 0xffff1000   (   4 kB)
     fixmap  : 0xffc00000 - 0xffe00000   (2048 kB)
@@ -90,10 +90,10 @@
     lowmem  : 0xc0000000 - 0xef800000   ( 760 MB)
     pkmap   : 0xbfe00000 - 0xc0000000   (   2 MB)
     modules : 0xbf000000 - 0xbfe00000   (  14 MB)
-      .text : 0xc0008000 - 0xc08744c4   (8626 kB)
-      .init : 0xc0875000 - 0xc08c0000   ( 300 kB)
-      .data : 0xc08c0000 - 0xc0915ea0   ( 344 kB)
-       .bss : 0xc0915ea0 - 0xc097175c   ( 367 kB)
+      .text : 0xc0008000 - 0xc087a658   (8650 kB)
+      .init : 0xc087b000 - 0xc08c6000   ( 300 kB)
+      .data : 0xc08c6000 - 0xc091c020   ( 345 kB)
+       .bss : 0xc091c020 - 0xc09778dc   ( 367 kB)
 Preemptible hierarchical RCU implementation.
 NR_IRQS:16 nr_irqs:16 16
 L2C: platform modifies aux control register: 0x02080000 -> 0x3e480001
@@ -116,7 +116,7 @@
 Initializing cgroup subsys debug
 CPU: Testing write buffer coherency: ok
 CPU0: thread -1, cpu 0, socket 0, mpidr 80000000
-Setting up static identity map for 0x806238e8 - 0x80623980
+Setting up static identity map for 0x80627470 - 0x80627508
 Tegra Revision: A03 SKU: 128 CPU Process: 4 Core Process: 0
 CPU1: Booted secondary processor
 CPU1: thread -1, cpu 1, socket 0, mpidr 80000001
@@ -135,7 +135,7 @@
 DMA: preallocated 256 KiB pool for atomic coherent allocations
 Driver 'tegra-gpio' needs an owner
 Driver 'tegra_fuse' needs an ownerDriver 'tegra20_fuse' needs an owner
-Driver 'dummy' needs an owner[    0.159995] cpuidle: using governor ladder
+Driver 'dummy' needs an owner[    0.159997] cpuidle: using governor ladder
 cpuidle: using governor menu
 No ATAGs?
 hw-breakpoint: found 5 (+1 reserved) breakpoint and 1 watchpoint registers.
@@ -165,11 +165,11 @@
 Driver 'max8907-regulator' needs an ownerDriver 'palmas-pmic' needs an owner
 Driver 'tps51632' needs an ownerDriver 'tps62360' needs an owner
 Driver 'tps65090-pmic' needs an ownerDriver 'tps6586x-regulator' needs an owner
-Driver 'tps65910-pmic' needs an owner[    0.245823] vgaarb: loaded
+Driver 'tps65910-pmic' needs an owner[    0.256091] vgaarb: loaded
 Driver 'stmpe-i2c' needs an owner
 Driver 'tps65910' needs an ownerDriver 'max8907' needs an owner
 Driver 'tps6586x' needs an ownerDriver 'tps65090' needs an owner
-Driver 'palmas' needs an owner[    0.246971] SCSI subsystem initialized
+Driver 'palmas' needs an owner[    0.257293] SCSI subsystem initialized
 libata version 3.00 loaded.
 Driver 'Generic PHY' needs an owner
 Driver 'Generic 10G PHY' needs an ownerDriver 'usbfs' needs an owner
@@ -196,7 +196,7 @@
 pps_core: Software ver. 5.3.6 - Copyright 2005-2007 Rodolfo Giometti <giometti@linux.it>
 PTP clock support registered
 Driver 'tegra-gart' needs an owner
-Driver 'tegra-smmu' needs an owner[    0.353690] platform 7000f010.iommu: Driver tegra-smmu requests probe deferral
+Driver 'tegra-smmu' needs an owner[    0.363811] platform 7000f010.iommu: Driver tegra-smmu requests probe deferral
 Advanced Linux Sound Architecture Driver Initialized.
 Bluetooth: Core ver 2.19
 NET: Registered protocol family 31
@@ -232,14 +232,14 @@
 Driver 'tegra124-pinctrl' needs an ownerDriver 'tegra-xusb-padctl' needs an owner
 Driver 'tegra-pwm' needs an ownerDriver 'pcieport' needs an owner
 Driver 'aer' needs an ownerDriver 'pcie_pme' needs an owner
-Driver 'tegra-pcie' needs an owner[    0.387020] tegra-pcie 3000.pcie-controller: 2x3 configuration
+Driver 'tegra-pcie' needs an owner[    0.399019] tegra-pcie 3000.pcie-controller: 2x3 configuration
 tegra-pcie 3000.pcie-controller: Failed to get supply 'hvdd-pex': -517
 platform 3000.pcie-controller: Driver tegra-pcie requests probe deferral
 Driver 'pwm-backlight' needs an owner
 Driver 'tegra-ahb' needs an ownerDriver 'tegra-apbdma' needs an owner
 tegra-apbdma 6000a000.dma: Tegra20 APB DMA driver register 32 channels
 Driver 'tegra-pmc' needs an owner
-Driver 'as3722-regulator' needs an owner[    0.395165] Serial: 8250/16550 driver, 4 ports, IRQ sharing disabled
+Driver 'as3722-regulator' needs an owner[    0.407700] Serial: 8250/16550 driver, 4 ports, IRQ sharing disabled
 Driver 'serial8250' needs an owner
 Driver 'serial' needs an ownerDriver 'of_serial' needs an owner
 console [ttyS0] disabled
@@ -249,12 +249,13 @@
 [drm] Initialized drm 1.1.0 20060810
 Driver 'tegra-dc' needs an owner
 Driver 'tegra-dsi' needs an ownerDriver 'tegra-sor' needs an owner
-Driver 'tegra-hdmi' needs an owner[    1.563241] tegra-hdmi 54280000.hdmi: failed to get HDMI regulator
+Driver 'tegra-hdmi' needs an owner[    1.575944] tegra-hdmi 54280000.hdmi: failed to get HDMI regulator
 platform 54280000.hdmi: Driver tegra-hdmi requests probe deferral
 Driver 'tegra-dpaux' needs an owner
 Driver 'tegra-gr2d' needs an ownerDriver 'tegra-gr3d' needs an owner
 Driver 'panel-simple' needs an ownerDriver 'panel-simple-dsi' needs an owner
 Driver 'tegra-host1x' needs an ownerDriver 'tegra-mipi' needs an owner
+error detecting cacheinfo..cpu0
 loop: module loaded
 Driver 'ad_dpot' needs an owner
 Driver 'ics932s401' needs an ownerDriver 'apds9802als' needs an owner
@@ -270,7 +271,7 @@
 igb: Intel(R) Gigabit Ethernet Network Driver - version 5.2.15-k
 igb: Copyright (c) 2007-2014 Intel Corporation.
 Driver 'igb' needs an owner
-Driver 'r8169' needs an owner[    1.710023] pegasus: v0.9.3 (2013/04/25), Pegasus/Pegasus II USB Ethernet driver
+Driver 'r8169' needs an owner[    1.727755] pegasus: v0.9.3 (2013/04/25), Pegasus/Pegasus II USB Ethernet driver
 Driver 'pegasus' needs an owner
 usbcore: registered new interface driver pegasus
 Driver 'asix' needs an owner
@@ -320,7 +321,7 @@
 tegra_rtc 7000e000.rtc: rtc core: registered 7000e000.rtc as rtc1
 tegra_rtc 7000e000.rtc: Tegra internal Real Time Clock
 Driver 'tps6586x-rtc' needs an owner
-Driver 'tps65910-rtc' needs an owner[    2.010227] tps65910-rtc tps65910-rtc: rtc core: registered tps65910-rtc as rtc0
+Driver 'tps65910-rtc' needs an owner[    2.028211] tps65910-rtc tps65910-rtc: rtc core: registered tps65910-rtc as rtc0
 i2c /dev entries driver
 Driver 'pca954x' needs an owner
 Driver 'i2c-mux-pinctrl' needs an ownerDriver 'uvcvideo' needs an owner
@@ -348,7 +349,7 @@
 mmc1: SDHCI controller on 78000600.sdhci [78000600.sdhci] using ADMA
 Driver 'leds-gpio' needs an owner
 Driver 'leds_pwm' needs an ownerDriver 'hid-generic' needs an owner
-Driver 'usbhid' needs an owner[    2.270711] usbcore: registered new interface driver usbhid
+Driver 'usbhid' needs an owner[    2.291055] usbcore: registered new interface driver usbhid
 usbhid: USB HID core driver
 Driver 'isl29018' needs an owner
 Driver 'isl29028' needs an ownerDriver 'nvec-mouse' needs an owner
@@ -369,7 +370,7 @@
 Driver 'wm8753' needs an ownerDriver 'wm8753' needs an owner
 Driver 'wm8903' needs an ownerDriver 'tegra20-das' needs an owner
 Driver 'tegra20-i2s' needs an ownerDriver 'tegra30-ahub' needs an owner
-Driver 'tegra30-i2s' needs an owner[    2.778877] tegra30-i2s 70080400.i2s: DMA channels sourced from device 70080000.ahub
+Driver 'tegra30-i2s' needs an owner[    2.809228] tegra30-i2s 70080400.i2s: DMA channels sourced from device 70080000.ahub
 Driver 'tegra-snd-rt5640' needs an owner
 tegra-snd-rt5640 sound: rt5640-aif1 <-> 70080400.i2s mapping ok
 input: NVIDIA Tegra Beaver Headphones as /devices/soc0/sound/sound/card0/input0
@@ -478,7 +479,7 @@
 EXT3-fs (mmcblk0p1): mounted filesystem with writeback data mode
 VFS: Mounted root (ext3 filesystem) on device 179:1.
 devtmpfs: mounted
-Freeing unused kernel memory: 300K (c0875000 - c08c0000)
+Freeing unused kernel memory: 300K (c087b000 - c08c6000)
 bash: cannot set terminal process group (-1): Inappropriate ioctl for device
 bash: no job control in this shell
-root@(none):/# [    5.076946] usb 2-1: new high-speed USB device number 2 using tegra-ehci
+root@(none):/# [    5.107210] usb 2-1: new high-speed USB device number 2 using tegra-ehci
Diff for ./tegra30-beaver/tegra30-beaver/tegra_defconfig%tegra20,30_mergeconfig_log.txt
--- /tmp/fooa	2014-11-11 00:33:08.938806195 -0800
+++ /tmp/foob	2014-11-11 00:33:08.942806194 -0800
@@ -35,10 +35,10 @@
 	 #################################################################
 	 #################################################################
 	 #################################################################
-	 ##############################################################
-	 2.8 MiB/s
+	 ###############################################################
+	 2.9 MiB/s
 done
-Bytes transferred = 4724328 (481668 hex)
+Bytes transferred = 4735608 (484278 hex)
 Tegra30 (Beaver) # tftpboot 0x82000000 tegra30-beaver.dtb
 Using asx0 device
 TFTP from server 192.168.100.1; our IP address is 192.168.100.101
@@ -49,7 +49,7 @@
 done
 Bytes transferred = 24893 (613d hex)
 Tegra30 (Beaver) # bootz 0x81000000 - 0x82000000
-Kernel image @ 0x81000000 [ 0x000000 - 0x481668 ]
+Kernel image @ 0x81000000 [ 0x000000 - 0x484278 ]
 ## Flattened Device Tree blob at 82000000
    Booting using the fdt blob at 0x82000000
    Loading Device Tree to 8fff6000, end 8ffff13c ... OK
@@ -60,7 +60,7 @@
 Booting Linux on physical CPU 0x0
 Initializing cgroup subsys cpu
 Initializing cgroup subsys cpuacct
-Linux version 3.18.0-rc3-next-20141110-60253-gd54c9f9 (pwalmsley@kaivo) (gcc version 4.7.3 20130328 (prerelease) (crosstool-NG linaro-1.13.1-4.7-2013.04-20130415 - Linaro GCC 2013.04) ) #1 SMP PREEMPT Mon Nov 10 02:25:48 PST 2014
+Linux version 3.18.0-rc4-next-20141111-60454-gb0187bd (pwalmsley@kaivo) (gcc version 4.7.3 20130328 (prerelease) (crosstool-NG linaro-1.13.1-4.7-2013.04-20130415 - Linaro GCC 2013.04) ) #1 SMP PREEMPT Tue Nov 11 00:25:33 PST 2014
 CPU: ARMv7 Processor [412fc099] revision 9 (ARMv7), cr=10c5387d
 CPU: PIPT / VIPT nonaliasing data cache, VIPT aliasing instruction cache
 Machine model: NVIDIA Tegra30 Beaver evaluation board
@@ -68,21 +68,21 @@
 cma: Reserved 64 MiB at 0xfbc00000
 Memory policy: Data cache writealloc
 On node 0 totalpages: 524032
-free_area_init_node: node 0, pgdat c094ce00, node_mem_map ee7f7000
+free_area_init_node: node 0, pgdat c0952f80, node_mem_map ee7f7000
   Normal zone: 1520 pages used for memmap
   Normal zone: 0 pages reserved
   Normal zone: 194560 pages, LIFO batch:31
   HighMem zone: 2574 pages used for memmap
   HighMem zone: 329472 pages, LIFO batch:31
-PERCPU: Embedded 10 pages/cpu @ee7b3000 s8832 r8192 d23936 u40960
-pcpu-alloc: s8832 r8192 d23936 u40960 alloc=10*4096
+PERCPU: Embedded 10 pages/cpu @ee7b3000 s8960 r8192 d23808 u40960
+pcpu-alloc: s8960 r8192 d23808 u40960 alloc=10*4096
 pcpu-alloc: [0] 0 [0] 1 [0] 2 [0] 3 
 Built 1 zonelists in Zone order, mobility grouping on.  Total pages: 522512
 Kernel command line: ignore_loglevel console=ttyS0,115200n8 rw root=/dev/mmcblk0p1 rootwait gpt debug init=/bin/bash noinitrd
 PID hash table entries: 4096 (order: 2, 16384 bytes)
 Dentry cache hash table entries: 131072 (order: 7, 524288 bytes)
 Inode-cache hash table entries: 65536 (order: 6, 262144 bytes)
-Memory: 2003468K/2096128K available (6476K kernel code, 339K rwdata, 2132K rodata, 292K init, 366K bss, 27124K reserved, 65536K cma-reserved, 1252352K highmem)
+Memory: 2003444K/2096128K available (6488K kernel code, 340K rwdata, 2140K rodata, 296K init, 366K bss, 27148K reserved, 65536K cma-reserved, 1252352K highmem)
 Virtual kernel memory layout:
     vector  : 0xffff0000 - 0xffff1000   (   4 kB)
     fixmap  : 0xffc00000 - 0xffe00000   (2048 kB)
@@ -90,10 +90,10 @@
     lowmem  : 0xc0000000 - 0xef800000   ( 760 MB)
     pkmap   : 0xbfe00000 - 0xc0000000   (   2 MB)
     modules : 0xbf000000 - 0xbfe00000   (  14 MB)
-      .text : 0xc0008000 - 0xc087044c   (8610 kB)
-      .init : 0xc0871000 - 0xc08ba000   ( 292 kB)
-      .data : 0xc08ba000 - 0xc090efa0   ( 340 kB)
-       .bss : 0xc090efa0 - 0xc096a81c   ( 367 kB)
+      .text : 0xc0008000 - 0xc08755e0   (8630 kB)
+      .init : 0xc0876000 - 0xc08c0000   ( 296 kB)
+      .data : 0xc08c0000 - 0xc0915120   ( 341 kB)
+       .bss : 0xc0915120 - 0xc097099c   ( 367 kB)
 Preemptible hierarchical RCU implementation.
 NR_IRQS:16 nr_irqs:16 16
 L2C: platform modifies aux control register: 0x02080000 -> 0x3e480001
@@ -116,7 +116,7 @@
 Initializing cgroup subsys debug
 CPU: Testing write buffer coherency: ok
 CPU0: thread -1, cpu 0, socket 0, mpidr 80000000
-Setting up static identity map for 0x80623510 - 0x806235a8
+Setting up static identity map for 0x80627098 - 0x80627130
 Tegra Revision: A03 SKU: 128 CPU Process: 4 Core Process: 0
 CPU1: Booted secondary processor
 CPU1: thread -1, cpu 1, socket 0, mpidr 80000001
@@ -165,11 +165,11 @@
 Driver 'max8907-regulator' needs an ownerDriver 'palmas-pmic' needs an owner
 Driver 'tps51632' needs an ownerDriver 'tps62360' needs an owner
 Driver 'tps65090-pmic' needs an ownerDriver 'tps6586x-regulator' needs an owner
-Driver 'tps65910-pmic' needs an owner[    0.256071] vgaarb: loaded
+Driver 'tps65910-pmic' needs an owner[    0.256095] vgaarb: loaded
 Driver 'stmpe-i2c' needs an owner
 Driver 'tps65910' needs an ownerDriver 'max8907' needs an owner
 Driver 'tps6586x' needs an ownerDriver 'tps65090' needs an owner
-Driver 'palmas' needs an owner[    0.257286] SCSI subsystem initialized
+Driver 'palmas' needs an owner[    0.257307] SCSI subsystem initialized
 libata version 3.00 loaded.
 Driver 'Generic PHY' needs an owner
 Driver 'Generic 10G PHY' needs an ownerDriver 'usbfs' needs an owner
@@ -196,7 +196,7 @@
 pps_core: Software ver. 5.3.6 - Copyright 2005-2007 Rodolfo Giometti <giometti@linux.it>
 PTP clock support registered
 Driver 'tegra-gart' needs an owner
-Driver 'tegra-smmu' needs an owner[    0.363823] platform 7000f010.iommu: Driver tegra-smmu requests probe deferral
+Driver 'tegra-smmu' needs an owner[    0.363818] platform 7000f010.iommu: Driver tegra-smmu requests probe deferral
 Advanced Linux Sound Architecture Driver Initialized.
 Bluetooth: Core ver 2.19
 NET: Registered protocol family 31
@@ -239,7 +239,7 @@
 Driver 'tegra-ahb' needs an ownerDriver 'tegra-apbdma' needs an owner
 tegra-apbdma 6000a000.dma: Tegra20 APB DMA driver register 32 channels
 Driver 'tegra-pmc' needs an owner
-Driver 'as3722-regulator' needs an owner[    0.407784] Serial: 8250/16550 driver, 4 ports, IRQ sharing disabled
+Driver 'as3722-regulator' needs an owner[    0.407798] Serial: 8250/16550 driver, 4 ports, IRQ sharing disabled
 Driver 'serial8250' needs an owner
 Driver 'serial' needs an ownerDriver 'of_serial' needs an owner
 console [ttyS0] disabled
@@ -249,12 +249,13 @@
 [drm] Initialized drm 1.1.0 20060810
 Driver 'tegra-dc' needs an owner
 Driver 'tegra-dsi' needs an ownerDriver 'tegra-sor' needs an owner
-Driver 'tegra-hdmi' needs an owner[    1.571245] tegra-hdmi 54280000.hdmi: failed to get HDMI regulator
+Driver 'tegra-hdmi' needs an owner[    1.571315] tegra-hdmi 54280000.hdmi: failed to get HDMI regulator
 platform 54280000.hdmi: Driver tegra-hdmi requests probe deferral
 Driver 'tegra-dpaux' needs an owner
 Driver 'tegra-gr2d' needs an ownerDriver 'tegra-gr3d' needs an owner
 Driver 'panel-simple' needs an ownerDriver 'panel-simple-dsi' needs an owner
 Driver 'tegra-host1x' needs an ownerDriver 'tegra-mipi' needs an owner
+error detecting cacheinfo..cpu0
 loop: module loaded
 Driver 'ad_dpot' needs an owner
 Driver 'ics932s401' needs an ownerDriver 'apds9802als' needs an owner
@@ -270,7 +271,7 @@
 igb: Intel(R) Gigabit Ethernet Network Driver - version 5.2.15-k
 igb: Copyright (c) 2007-2014 Intel Corporation.
 Driver 'igb' needs an owner
-Driver 'r8169' needs an owner[    1.718924] pegasus: v0.9.3 (2013/04/25), Pegasus/Pegasus II USB Ethernet driver
+Driver 'r8169' needs an owner[    1.723204] pegasus: v0.9.3 (2013/04/25), Pegasus/Pegasus II USB Ethernet driver
 Driver 'pegasus' needs an owner
 usbcore: registered new interface driver pegasus
 Driver 'asix' needs an owner
@@ -320,7 +321,7 @@
 tegra_rtc 7000e000.rtc: rtc core: registered 7000e000.rtc as rtc1
 tegra_rtc 7000e000.rtc: Tegra internal Real Time Clock
 Driver 'tps6586x-rtc' needs an owner
-Driver 'tps65910-rtc' needs an owner[    2.019394] tps65910-rtc tps65910-rtc: rtc core: registered tps65910-rtc as rtc0
+Driver 'tps65910-rtc' needs an owner[    2.023675] tps65910-rtc tps65910-rtc: rtc core: registered tps65910-rtc as rtc0
 i2c /dev entries driver
 Driver 'pca954x' needs an owner
 Driver 'i2c-mux-pinctrl' needs an ownerDriver 'uvcvideo' needs an owner
@@ -348,7 +349,7 @@
 mmc1: SDHCI controller on 78000600.sdhci [78000600.sdhci] using ADMA
 Driver 'leds-gpio' needs an owner
 Driver 'leds_pwm' needs an ownerDriver 'hid-generic' needs an owner
-Driver 'usbhid' needs an owner[    2.281061] usbcore: registered new interface driver usbhid
+Driver 'usbhid' needs an owner[    2.281093] usbcore: registered new interface driver usbhid
 usbhid: USB HID core driver
 Driver 'isl29018' needs an owner
 Driver 'isl29028' needs an ownerDriver 'nvec-mouse' needs an owner
@@ -369,7 +370,7 @@
 Driver 'wm8753' needs an ownerDriver 'wm8753' needs an owner
 Driver 'wm8903' needs an ownerDriver 'tegra20-das' needs an owner
 Driver 'tegra20-i2s' needs an ownerDriver 'tegra30-ahub' needs an owner
-Driver 'tegra30-i2s' needs an owner[    2.799225] tegra30-i2s 70080400.i2s: DMA channels sourced from device 70080000.ahub
+Driver 'tegra30-i2s' needs an owner[    2.799250] tegra30-i2s 70080400.i2s: DMA channels sourced from device 70080000.ahub
 Driver 'tegra-snd-rt5640' needs an owner
 tegra-snd-rt5640 sound: rt5640-aif1 <-> 70080400.i2s mapping ok
 input: NVIDIA Tegra Beaver Headphones as /devices/soc0/sound/sound/card0/input0
@@ -478,7 +479,7 @@
 EXT3-fs (mmcblk0p1): mounted filesystem with writeback data mode
 VFS: Mounted root (ext3 filesystem) on device 179:1.
 devtmpfs: mounted
-Freeing unused kernel memory: 292K (c0871000 - c08ba000)
+Freeing unused kernel memory: 296K (c0876000 - c08c0000)
 bash: cannot set terminal process group (-1): Inappropriate ioctl for device
 bash: no job control in this shell
-root@(none):/# [    5.097229] usb 2-1: new high-speed USB device number 2 using tegra-ehci
+root@(none):/# [    5.097259] usb 2-1: new high-speed USB device number 2 using tegra-ehci
Diff for ./tegra30-beaver/tegra30-beaver/tegra_defconfig%tegra30,114_mergeconfig_log.txt
--- /tmp/fooa	2014-11-11 00:33:08.946806193 -0800
+++ /tmp/foob	2014-11-11 00:33:08.950806192 -0800
@@ -36,20 +36,20 @@
 	 #################################################################
 	 #################################################################
 	 ##############################################################
-	 2.8 MiB/s
+	 2.9 MiB/s
 done
-Bytes transferred = 4714648 (47f098 hex)
+Bytes transferred = 4724800 (481840 hex)
 Tegra30 (Beaver) # tftpboot 0x82000000 tegra30-beaver.dtb
 Using asx0 device
 TFTP from server 192.168.100.1; our IP address is 192.168.100.101
 Filename 'tegra30-beaver.dtb'.
 Load address: 0x82000000
 Loading: *##
-	 3 MiB/s
+	 2.6 MiB/s
 done
 Bytes transferred = 24893 (613d hex)
 Tegra30 (Beaver) # bootz 0x81000000 - 0x82000000
-Kernel image @ 0x81000000 [ 0x000000 - 0x47f098 ]
+Kernel image @ 0x81000000 [ 0x000000 - 0x481840 ]
 ## Flattened Device Tree blob at 82000000
    Booting using the fdt blob at 0x82000000
    Loading Device Tree to 8fff6000, end 8ffff13c ... OK
@@ -60,7 +60,7 @@
 Booting Linux on physical CPU 0x0
 Initializing cgroup subsys cpu
 Initializing cgroup subsys cpuacct
-Linux version 3.18.0-rc3-next-20141110-99023-gd54c9f9 (pwalmsley@tamien) (gcc version 4.7.3 20130328 (prerelease) (crosstool-NG linaro-1.13.1-4.7-2013.04-20130415 - Linaro GCC 2013.04) ) #1 SMP PREEMPT Mon Nov 10 02:27:31 PST 2014
+Linux version 3.18.0-rc4-next-20141111-99224-gb0187bd (pwalmsley@tamien) (gcc version 4.7.3 20130328 (prerelease) (crosstool-NG linaro-1.13.1-4.7-2013.04-20130415 - Linaro GCC 2013.04) ) #1 SMP PREEMPT Tue Nov 11 00:27:36 PST 2014
 CPU: ARMv7 Processor [412fc099] revision 9 (ARMv7), cr=10c5387d
 CPU: PIPT / VIPT nonaliasing data cache, VIPT aliasing instruction cache
 Machine model: NVIDIA Tegra30 Beaver evaluation board
@@ -68,21 +68,21 @@
 cma: Reserved 64 MiB at 0xfbc00000
 Memory policy: Data cache writealloc
 On node 0 totalpages: 524032
-free_area_init_node: node 0, pgdat c0945e00, node_mem_map ee7f7000
+free_area_init_node: node 0, pgdat c094df80, node_mem_map ee7f7000
   Normal zone: 1520 pages used for memmap
   Normal zone: 0 pages reserved
   Normal zone: 194560 pages, LIFO batch:31
   HighMem zone: 2574 pages used for memmap
   HighMem zone: 329472 pages, LIFO batch:31
-PERCPU: Embedded 10 pages/cpu @ee7b3000 s8832 r8192 d23936 u40960
-pcpu-alloc: s8832 r8192 d23936 u40960 alloc=10*4096
+PERCPU: Embedded 10 pages/cpu @ee7b3000 s8896 r8192 d23872 u40960
+pcpu-alloc: s8896 r8192 d23872 u40960 alloc=10*4096
 pcpu-alloc: [0] 0 [0] 1 [0] 2 [0] 3 
 Built 1 zonelists in Zone order, mobility grouping on.  Total pages: 522512
 Kernel command line: ignore_loglevel console=ttyS0,115200n8 rw root=/dev/mmcblk0p1 rootwait gpt debug init=/bin/bash noinitrd
 PID hash table entries: 4096 (order: 2, 16384 bytes)
 Dentry cache hash table entries: 131072 (order: 7, 524288 bytes)
 Inode-cache hash table entries: 65536 (order: 6, 262144 bytes)
-Memory: 2003496K/2096128K available (6463K kernel code, 335K rwdata, 2124K rodata, 288K init, 366K bss, 27096K reserved, 65536K cma-reserved, 1252352K highmem)
+Memory: 2003464K/2096128K available (6479K kernel code, 336K rwdata, 2132K rodata, 296K init, 366K bss, 27128K reserved, 65536K cma-reserved, 1252352K highmem)
 Virtual kernel memory layout:
     vector  : 0xffff0000 - 0xffff1000   (   4 kB)
     fixmap  : 0xffc00000 - 0xffe00000   (2048 kB)
@@ -90,10 +90,10 @@
     lowmem  : 0xc0000000 - 0xef800000   ( 760 MB)
     pkmap   : 0xbfe00000 - 0xc0000000   (   2 MB)
     modules : 0xbf000000 - 0xbfe00000   (  14 MB)
-      .text : 0xc0008000 - 0xc086b260   (8589 kB)
-      .init : 0xc086c000 - 0xc08b4000   ( 288 kB)
-      .data : 0xc08b4000 - 0xc0907fa0   ( 336 kB)
-       .bss : 0xc0907fa0 - 0xc09637dc   ( 367 kB)
+      .text : 0xc0008000 - 0xc08713f4   (8613 kB)
+      .init : 0xc0872000 - 0xc08bc000   ( 296 kB)
+      .data : 0xc08bc000 - 0xc0910120   ( 337 kB)
+       .bss : 0xc0910120 - 0xc096b95c   ( 367 kB)
 Preemptible hierarchical RCU implementation.
 NR_IRQS:16 nr_irqs:16 16
 L2C: platform modifies aux control register: 0x02080000 -> 0x3e480001
@@ -116,7 +116,7 @@
 Initializing cgroup subsys debug
 CPU: Testing write buffer coherency: ok
 CPU0: thread -1, cpu 0, socket 0, mpidr 80000000
-Setting up static identity map for 0x806209f8 - 0x80620a90
+Setting up static identity map for 0x80624580 - 0x80624618
 Tegra Revision: A03 SKU: 128 CPU Process: 4 Core Process: 0
 CPU1: Booted secondary processor
 CPU1: thread -1, cpu 1, socket 0, mpidr 80000001
@@ -165,11 +165,11 @@
 Driver 'max8907-regulator' needs an ownerDriver 'palmas-pmic' needs an owner
 Driver 'tps51632' needs an ownerDriver 'tps62360' needs an owner
 Driver 'tps65090-pmic' needs an ownerDriver 'tps6586x-regulator' needs an owner
-Driver 'tps65910-pmic' needs an owner[    0.245826] vgaarb: loaded
+Driver 'tps65910-pmic' needs an owner[    0.256106] vgaarb: loaded
 Driver 'stmpe-i2c' needs an owner
 Driver 'tps65910' needs an ownerDriver 'max8907' needs an owner
 Driver 'tps6586x' needs an ownerDriver 'tps65090' needs an owner
-Driver 'palmas' needs an owner[    0.246960] SCSI subsystem initialized
+Driver 'palmas' needs an owner[    0.257321] SCSI subsystem initialized
 libata version 3.00 loaded.
 Driver 'Generic PHY' needs an owner
 Driver 'Generic 10G PHY' needs an ownerDriver 'usbfs' needs an owner
@@ -239,7 +239,7 @@
 Driver 'tegra-ahb' needs an ownerDriver 'tegra-apbdma' needs an owner
 tegra-apbdma 6000a000.dma: Tegra20 APB DMA driver register 32 channels
 Driver 'tegra-pmc' needs an owner
-Driver 'as3722-regulator' needs an owner[    0.394881] Serial: 8250/16550 driver, 4 ports, IRQ sharing disabled
+Driver 'as3722-regulator' needs an owner[    0.407731] Serial: 8250/16550 driver, 4 ports, IRQ sharing disabled
 Driver 'serial8250' needs an owner
 Driver 'serial' needs an ownerDriver 'of_serial' needs an owner
 console [ttyS0] disabled
@@ -249,12 +249,13 @@
 [drm] Initialized drm 1.1.0 20060810
 Driver 'tegra-dc' needs an owner
 Driver 'tegra-dsi' needs an ownerDriver 'tegra-sor' needs an owner
-Driver 'tegra-hdmi' needs an owner[    1.549688] tegra-hdmi 54280000.hdmi: failed to get HDMI regulator
+Driver 'tegra-hdmi' needs an owner[    1.562719] tegra-hdmi 54280000.hdmi: failed to get HDMI regulator
 platform 54280000.hdmi: Driver tegra-hdmi requests probe deferral
 Driver 'tegra-dpaux' needs an owner
 Driver 'tegra-gr2d' needs an ownerDriver 'tegra-gr3d' needs an owner
 Driver 'panel-simple' needs an ownerDriver 'panel-simple-dsi' needs an owner
 Driver 'tegra-host1x' needs an ownerDriver 'tegra-mipi' needs an owner
+error detecting cacheinfo..cpu0
 loop: module loaded
 Driver 'ad_dpot' needs an owner
 Driver 'ics932s401' needs an ownerDriver 'apds9802als' needs an owner
@@ -270,7 +271,7 @@
 igb: Intel(R) Gigabit Ethernet Network Driver - version 5.2.15-k
 igb: Copyright (c) 2007-2014 Intel Corporation.
 Driver 'igb' needs an owner
-Driver 'r8169' needs an owner[    1.696488] pegasus: v0.9.3 (2013/04/25), Pegasus/Pegasus II USB Ethernet driver
+Driver 'r8169' needs an owner[    1.714677] pegasus: v0.9.3 (2013/04/25), Pegasus/Pegasus II USB Ethernet driver
 Driver 'pegasus' needs an owner
 usbcore: registered new interface driver pegasus
 Driver 'asix' needs an owner
@@ -320,7 +321,7 @@
 tegra_rtc 7000e000.rtc: rtc core: registered 7000e000.rtc as rtc1
 tegra_rtc 7000e000.rtc: Tegra internal Real Time Clock
 Driver 'tps6586x-rtc' needs an owner
-Driver 'tps65910-rtc' needs an owner[    1.996695] tps65910-rtc tps65910-rtc: rtc core: registered tps65910-rtc as rtc0
+Driver 'tps65910-rtc' needs an owner[    2.015138] tps65910-rtc tps65910-rtc: rtc core: registered tps65910-rtc as rtc0
 i2c /dev entries driver
 Driver 'pca954x' needs an owner
 Driver 'i2c-mux-pinctrl' needs an ownerDriver 'uvcvideo' needs an owner
@@ -348,7 +349,7 @@
 mmc1: SDHCI controller on 78000600.sdhci [78000600.sdhci] using ADMA
 Driver 'leds-gpio' needs an owner
 Driver 'leds_pwm' needs an ownerDriver 'hid-generic' needs an owner
-Driver 'usbhid' needs an owner[    2.250558] usbcore: registered new interface driver usbhid
+Driver 'usbhid' needs an owner[    2.270940] usbcore: registered new interface driver usbhid
 usbhid: USB HID core driver
 Driver 'isl29018' needs an owner
 Driver 'isl29028' needs an ownerDriver 'nvec-mouse' needs an owner
@@ -357,7 +358,7 @@
 Driver 'tegra30-mc' needs an ownerDriver 'ak8975' needs an owner
 Driver 'snd-soc-dummy' needs an ownerDriver 'soc-audio' needs an owner
 Driver 'alc5632' needs an ownerDriver 'max98090' needs an owner
-Driver 'rt5640' needs an owner[    2.317638] mmc1: new high speed MMC card at address 0001
+Driver 'rt5640' needs an owner[    2.337937] mmc1: new high speed MMC card at address 0001
 mmcblk0: mmc1:0001 SEM16G 14.8 GiB 
 mmcblk0boot0: mmc1:0001 SEM16G partition 1 1.00 MiB
 mmcblk0boot1: mmc1:0001 SEM16G partition 2 1.00 MiB
@@ -367,7 +368,7 @@
 Driver 'tlv320aic23-codec' needs an owner
 Driver 'wm8753' needs an ownerDriver 'wm8753' needs an owner
 Driver 'wm8903' needs an ownerDriver 'tegra30-ahub' needs an owner
-Driver 'tegra30-i2s' needs an owner[    2.750841] tegra30-i2s 70080400.i2s: DMA channels sourced from device 70080000.ahub
+Driver 'tegra30-i2s' needs an owner[    2.771242] tegra30-i2s 70080400.i2s: DMA channels sourced from device 70080000.ahub
 Driver 'tegra-snd-rt5640' needs an owner
 tegra-snd-rt5640 sound: rt5640-aif1 <-> 70080400.i2s mapping ok
 input: NVIDIA Tegra Beaver Headphones as /devices/soc0/sound/sound/card0/input0
@@ -476,7 +477,7 @@
 EXT3-fs (mmcblk0p1): mounted filesystem with writeback data mode
 VFS: Mounted root (ext3 filesystem) on device 179:1.
 devtmpfs: mounted
-Freeing unused kernel memory: 288K (c086c000 - c08b4000)
+Freeing unused kernel memory: 296K (c0872000 - c08bc000)
 bash: cannot set terminal process group (-1): Inappropriate ioctl for device
 bash: no job control in this shell
-root@(none):/# [    5.046789] usb 2-1: new high-speed USB device number 2 using tegra-ehci
+root@(none):/# [    5.067089] usb 2-1: new high-speed USB device number 2 using tegra-ehci
Diff for ./tegra30-beaver/tegra30-beaver/tegra_defconfig%tegra30_mergeconfig_log.txt
--- /tmp/fooa	2014-11-11 00:33:08.954806192 -0800
+++ /tmp/foob	2014-11-11 00:33:08.958806191 -0800
@@ -35,21 +35,21 @@
 	 #################################################################
 	 #################################################################
 	 #################################################################
-	 #############################################################
-	 3.4 MiB/s
+	 ##############################################################
+	 2.8 MiB/s
 done
-Bytes transferred = 4706656 (47d160 hex)
+Bytes transferred = 4719160 (480238 hex)
 Tegra30 (Beaver) # tftpboot 0x82000000 tegra30-beaver.dtb
 Using asx0 device
 TFTP from server 192.168.100.1; our IP address is 192.168.100.101
 Filename 'tegra30-beaver.dtb'.
 Load address: 0x82000000
 Loading: *##
-	 2.6 MiB/s
+	 2.4 MiB/s
 done
 Bytes transferred = 24893 (613d hex)
 Tegra30 (Beaver) # bootz 0x81000000 - 0x82000000
-Kernel image @ 0x81000000 [ 0x000000 - 0x47d160 ]
+Kernel image @ 0x81000000 [ 0x000000 - 0x480238 ]
 ## Flattened Device Tree blob at 82000000
    Booting using the fdt blob at 0x82000000
    Loading Device Tree to 8fff6000, end 8ffff13c ... OK
@@ -60,7 +60,7 @@
 Booting Linux on physical CPU 0x0
 Initializing cgroup subsys cpu
 Initializing cgroup subsys cpuacct
-Linux version 3.18.0-rc3-next-20141110-99023-gd54c9f9 (pwalmsley@tamien) (gcc version 4.7.3 20130328 (prerelease) (crosstool-NG linaro-1.13.1-4.7-2013.04-20130415 - Linaro GCC 2013.04) ) #1 SMP PREEMPT Mon Nov 10 02:21:32 PST 2014
+Linux version 3.18.0-rc4-next-20141111-99224-gb0187bd (pwalmsley@tamien) (gcc version 4.7.3 20130328 (prerelease) (crosstool-NG linaro-1.13.1-4.7-2013.04-20130415 - Linaro GCC 2013.04) ) #1 SMP PREEMPT Tue Nov 11 00:21:31 PST 2014
 CPU: ARMv7 Processor [412fc099] revision 9 (ARMv7), cr=10c5387d
 CPU: PIPT / VIPT nonaliasing data cache, VIPT aliasing instruction cache
 Machine model: NVIDIA Tegra30 Beaver evaluation board
@@ -68,21 +68,21 @@
 cma: Reserved 64 MiB at 0xfbc00000
 Memory policy: Data cache writealloc
 On node 0 totalpages: 524032
-free_area_init_node: node 0, pgdat c0940f00, node_mem_map ee7f7000
+free_area_init_node: node 0, pgdat c0945080, node_mem_map ee7f7000
   Normal zone: 1520 pages used for memmap
   Normal zone: 0 pages reserved
   Normal zone: 194560 pages, LIFO batch:31
   HighMem zone: 2574 pages used for memmap
   HighMem zone: 329472 pages, LIFO batch:31
-PERCPU: Embedded 10 pages/cpu @ee7b3000 s8832 r8192 d23936 u40960
-pcpu-alloc: s8832 r8192 d23936 u40960 alloc=10*4096
+PERCPU: Embedded 10 pages/cpu @ee7b3000 s8896 r8192 d23872 u40960
+pcpu-alloc: s8896 r8192 d23872 u40960 alloc=10*4096
 pcpu-alloc: [0] 0 [0] 1 [0] 2 [0] 3 
 Built 1 zonelists in Zone order, mobility grouping on.  Total pages: 522512
 Kernel command line: ignore_loglevel console=ttyS0,115200n8 rw root=/dev/mmcblk0p1 rootwait gpt debug init=/bin/bash noinitrd
 PID hash table entries: 4096 (order: 2, 16384 bytes)
 Dentry cache hash table entries: 131072 (order: 7, 524288 bytes)
 Inode-cache hash table entries: 65536 (order: 6, 262144 bytes)
-Memory: 2003516K/2096128K available (6463K kernel code, 332K rwdata, 2108K rodata, 288K init, 365K bss, 27076K reserved, 65536K cma-reserved, 1252352K highmem)
+Memory: 2003500K/2096128K available (6475K kernel code, 332K rwdata, 2116K rodata, 284K init, 366K bss, 27092K reserved, 65536K cma-reserved, 1252352K highmem)
 Virtual kernel memory layout:
     vector  : 0xffff0000 - 0xffff1000   (   4 kB)
     fixmap  : 0xffc00000 - 0xffe00000   (2048 kB)
@@ -90,10 +90,10 @@
     lowmem  : 0xc0000000 - 0xef800000   ( 760 MB)
     pkmap   : 0xbfe00000 - 0xc0000000   (   2 MB)
     modules : 0xbf000000 - 0xbfe00000   (  14 MB)
-      .text : 0xc0008000 - 0xc08671e8   (8573 kB)
-      .init : 0xc0868000 - 0xc08b0000   ( 288 kB)
-      .data : 0xc08b0000 - 0xc09030a0   ( 333 kB)
-       .bss : 0xc09030a0 - 0xc095e89c   ( 366 kB)
+      .text : 0xc0008000 - 0xc086c37c   (8593 kB)
+      .init : 0xc086d000 - 0xc08b4000   ( 284 kB)
+      .data : 0xc08b4000 - 0xc0907220   ( 333 kB)
+       .bss : 0xc0907220 - 0xc0962a5c   ( 367 kB)
 Preemptible hierarchical RCU implementation.
 NR_IRQS:16 nr_irqs:16 16
 L2C: platform modifies aux control register: 0x02080000 -> 0x3e480001
@@ -116,7 +116,7 @@
 Initializing cgroup subsys debug
 CPU: Testing write buffer coherency: ok
 CPU0: thread -1, cpu 0, socket 0, mpidr 80000000
-Setting up static identity map for 0x806205e0 - 0x80620678
+Setting up static identity map for 0x80624168 - 0x80624200
 Tegra Revision: A03 SKU: 128 CPU Process: 4 Core Process: 0
 CPU1: Booted secondary processor
 CPU1: thread -1, cpu 1, socket 0, mpidr 80000001
@@ -165,11 +165,11 @@
 Driver 'max8907-regulator' needs an ownerDriver 'palmas-pmic' needs an owner
 Driver 'tps51632' needs an ownerDriver 'tps62360' needs an owner
 Driver 'tps65090-pmic' needs an ownerDriver 'tps6586x-regulator' needs an owner
-Driver 'tps65910-pmic' needs an owner[    0.245853] vgaarb: loaded
+Driver 'tps65910-pmic' needs an owner[    0.256097] vgaarb: loaded
 Driver 'stmpe-i2c' needs an owner
 Driver 'tps65910' needs an ownerDriver 'max8907' needs an owner
 Driver 'tps6586x' needs an ownerDriver 'tps65090' needs an owner
-Driver 'palmas' needs an owner[    0.246992] SCSI subsystem initialized
+Driver 'palmas' needs an owner[    0.257318] SCSI subsystem initialized
 libata version 3.00 loaded.
 Driver 'Generic PHY' needs an owner
 Driver 'Generic 10G PHY' needs an ownerDriver 'usbfs' needs an owner
@@ -231,14 +231,14 @@
 Driver 'tegra124-pinctrl' needs an ownerDriver 'tegra-xusb-padctl' needs an owner
 Driver 'tegra-pwm' needs an ownerDriver 'pcieport' needs an owner
 Driver 'aer' needs an ownerDriver 'pcie_pme' needs an owner
-Driver 'tegra-pcie' needs an owner[    0.386799] tegra-pcie 3000.pcie-controller: 2x3 configuration
+Driver 'tegra-pcie' needs an owner[    0.398931] tegra-pcie 3000.pcie-controller: 2x3 configuration
 tegra-pcie 3000.pcie-controller: Failed to get supply 'hvdd-pex': -517
 platform 3000.pcie-controller: Driver tegra-pcie requests probe deferral
 Driver 'pwm-backlight' needs an owner
 Driver 'tegra-ahb' needs an ownerDriver 'tegra-apbdma' needs an owner
 tegra-apbdma 6000a000.dma: Tegra20 APB DMA driver register 32 channels
 Driver 'tegra-pmc' needs an owner
-Driver 'as3722-regulator' needs an owner[    0.395006] Serial: 8250/16550 driver, 4 ports, IRQ sharing disabled
+Driver 'as3722-regulator' needs an owner[    0.407735] Serial: 8250/16550 driver, 4 ports, IRQ sharing disabled
 Driver 'serial8250' needs an owner
 Driver 'serial' needs an ownerDriver 'of_serial' needs an owner
 console [ttyS0] disabled
@@ -248,12 +248,13 @@
 [drm] Initialized drm 1.1.0 20060810
 Driver 'tegra-dc' needs an owner
 Driver 'tegra-dsi' needs an ownerDriver 'tegra-sor' needs an owner
-Driver 'tegra-hdmi' needs an owner[    1.546231] tegra-hdmi 54280000.hdmi: failed to get HDMI regulator
+Driver 'tegra-hdmi' needs an owner[    1.559092] tegra-hdmi 54280000.hdmi: failed to get HDMI regulator
 platform 54280000.hdmi: Driver tegra-hdmi requests probe deferral
 Driver 'tegra-dpaux' needs an owner
 Driver 'tegra-gr2d' needs an ownerDriver 'tegra-gr3d' needs an owner
 Driver 'panel-simple' needs an ownerDriver 'panel-simple-dsi' needs an owner
 Driver 'tegra-host1x' needs an ownerDriver 'tegra-mipi' needs an owner
+error detecting cacheinfo..cpu0
 loop: module loaded
 Driver 'ad_dpot' needs an owner
 Driver 'ics932s401' needs an ownerDriver 'apds9802als' needs an owner
@@ -269,7 +270,7 @@
 igb: Intel(R) Gigabit Ethernet Network Driver - version 5.2.15-k
 igb: Copyright (c) 2007-2014 Intel Corporation.
 Driver 'igb' needs an owner
-Driver 'r8169' needs an owner[    1.693302] pegasus: v0.9.3 (2013/04/25), Pegasus/Pegasus II USB Ethernet driver
+Driver 'r8169' needs an owner[    1.711057] pegasus: v0.9.3 (2013/04/25), Pegasus/Pegasus II USB Ethernet driver
 Driver 'pegasus' needs an owner
 usbcore: registered new interface driver pegasus
 Driver 'asix' needs an owner
@@ -319,7 +320,7 @@
 tegra_rtc 7000e000.rtc: rtc core: registered 7000e000.rtc as rtc1
 tegra_rtc 7000e000.rtc: Tegra internal Real Time Clock
 Driver 'tps6586x-rtc' needs an owner
-Driver 'tps65910-rtc' needs an owner[    1.993490] tps65910-rtc tps65910-rtc: rtc core: registered tps65910-rtc as rtc0
+Driver 'tps65910-rtc' needs an owner[    2.011522] tps65910-rtc tps65910-rtc: rtc core: registered tps65910-rtc as rtc0
 i2c /dev entries driver
 Driver 'pca954x' needs an owner
 Driver 'i2c-mux-pinctrl' needs an ownerDriver 'uvcvideo' needs an owner
@@ -347,7 +348,7 @@
 mmc1: SDHCI controller on 78000600.sdhci [78000600.sdhci] using ADMA
 Driver 'leds-gpio' needs an owner
 Driver 'leds_pwm' needs an ownerDriver 'hid-generic' needs an owner
-Driver 'usbhid' needs an owner[    2.250509] usbcore: registered new interface driver usbhid
+Driver 'usbhid' needs an owner[    2.270952] usbcore: registered new interface driver usbhid
 usbhid: USB HID core driver
 Driver 'isl29018' needs an owner
 Driver 'isl29028' needs an ownerDriver 'nvec-mouse' needs an owner
@@ -356,7 +357,7 @@
 Driver 'tegra30-mc' needs an ownerDriver 'ak8975' needs an owner
 Driver 'snd-soc-dummy' needs an ownerDriver 'soc-audio' needs an owner
 Driver 'alc5632' needs an ownerDriver 'max98090' needs an owner
-Driver 'rt5640' needs an owner[    2.317588] mmc1: new high speed MMC card at address 0001
+Driver 'rt5640' needs an owner[    2.337939] mmc1: new high speed MMC card at address 0001
 mmcblk0: mmc1:0001 SEM16G 14.8 GiB 
 mmcblk0boot0: mmc1:0001 SEM16G partition 1 1.00 MiB
 mmcblk0boot1: mmc1:0001 SEM16G partition 2 1.00 MiB
@@ -366,7 +367,7 @@
 Driver 'tlv320aic23-codec' needs an owner
 Driver 'wm8753' needs an ownerDriver 'wm8753' needs an owner
 Driver 'wm8903' needs an ownerDriver 'tegra30-ahub' needs an owner
-Driver 'tegra30-i2s' needs an owner[    2.750813] tegra30-i2s 70080400.i2s: DMA channels sourced from device 70080000.ahub
+Driver 'tegra30-i2s' needs an owner[    2.771269] tegra30-i2s 70080400.i2s: DMA channels sourced from device 70080000.ahub
 Driver 'tegra-snd-rt5640' needs an owner
 tegra-snd-rt5640 sound: rt5640-aif1 <-> 70080400.i2s mapping ok
 input: NVIDIA Tegra Beaver Headphones as /devices/soc0/sound/sound/card0/input0
@@ -475,7 +476,7 @@
 EXT3-fs (mmcblk0p1): mounted filesystem with writeback data mode
 VFS: Mounted root (ext3 filesystem) on device 179:1.
 devtmpfs: mounted
-Freeing unused kernel memory: 288K (c0868000 - c08b0000)
+Freeing unused kernel memory: 284K (c086d000 - c08b4000)
 bash: cannot set terminal process group (-1): Inappropriate ioctl for device
 bash: no job control in this shell
-root@(none):/# [    5.056737] usb 2-1: new high-speed USB device number 2 using tegra-ehci
+root@(none):/# [    5.067113] usb 2-1: new high-speed USB device number 2 using tegra-ehci
