

U-Boot 2015.04-00466-gedec83e90172 (Mar 14 2016 - 10:42:01)

TEGRA124
Model: Acer Chromebook 13 CB5-311
DRAM:  4 GiB
:   Tegra SD/MMC: 0, Tegra SD/MMC: 1, Tegra SD/MMC: 2
MMC init failed
Using default environment

In:    serial
Out:   serial
Err:   serial
Net:   Net Initialization Skipped
No ethernet found.
Hit any key to stop autoboot:  2  1  0 
Tegra124 (Nyan-big) # 
Tegra124 (Nyan-big) # usb start
starting USB...
USB0:   USB EHCI 1.10
scanning bus 0 for devices... 2 USB Device(s) found
USB1:   USB EHCI 1.10
scanning bus 1 for devices... 2 USB Device(s) found
       scanning usb for storage devices... 1 Storage Device(s) found
       scanning usb for ethernet devices... 
Warning: asx0 using MAC address from net device
1 Ethernet Device(s) found
Tegra124 (Nyan-big) # mw 0x7000e4a0 0x00080000
Tegra124 (Nyan-big) # setenv bootargs 'ignore_loglevel console=ttyS0,115200n8 rw root=PARTUUID=4d36e82a-b3c0-4b4b-bfcd-afe5217ac023 rootwait gpt debug noinitrd earlyprintk init=/bin/bash'
Tegra124 (Nyan-big) # setenv ipaddr 192.168.100.104; setenv serverip 192.168.100.1; setenv tftpserverip 192.168.100.1
Tegra124 (Nyan-big) # tftpboot 0x82000000 zImage.multi_v7_defconfig
Using asx0 device
TFTP from server 192.168.100.1; our IP address is 192.168.100.104
Filename 'zImage.multi_v7_defconfig'.
Load address: 0x82000000
Loading: *#################################################################
	 #################################################################
	 #################################################################
	 #################################################################
	 #################################################################
	 #################################################################
	 #################################################################
	 #################################################################
	 ################################
	 3.6 MiB/s
done
Bytes transferred = 8090112 (7b7200 hex)
Tegra124 (Nyan-big) # tftpboot 0x83000000 tegra124-nyan-big.dtb
Using asx0 device
TFTP from server 192.168.100.1; our IP address is 192.168.100.104
Filename 'tegra124-nyan-big.dtb'.
Load address: 0x83000000
Loading: *#####
	 3.4 MiB/s
done
Bytes transferred = 67482 (1079a hex)
Tegra124 (Nyan-big) # bootz 0x82000000 - 0x83000000
Kernel image @ 0x82000000 [ 0x000000 - 0x7b7200 ]
## Flattened Device Tree blob at 83000000
   Booting using the fdt blob at 0x83000000
   Using Device Tree in place at 83000000, end 83013799

Starting kernel ...

[    0.000000] Booting Linux on physical CPU 0x0
[    0.000000] Linux version 4.15.0-rc6-next-20180103-342636-g73005e1a35fd (jonathanh@tamien) (gcc version 4.7.3 20130328 (prerelease) (crosstool-NG linaro-1.13.1-4.7-2013.04-20130415 - Linaro GCC 2013.04)) #1 SMP Wed Jan 3 01:46:20 PST 2018
[    0.000000] CPU: ARMv7 Processor [413fc0f3] revision 3 (ARMv7), cr=10c5387d
[    0.000000] CPU: div instructions available: patching division code
[    0.000000] CPU: PIPT / VIPT nonaliasing data cache, PIPT instruction cache
[    0.000000] OF: fdt: Machine model: Acer Chromebook 13 CB5-311
[    0.000000] OF: fdt: Ignoring memory range 0x100000000 - 0x17ffff000
[    0.000000] debug: ignoring loglevel setting.
[    0.000000] Memory policy: Data cache writealloc
[    0.000000] efi: Getting EFI parameters from FDT:
[    0.000000] efi: UEFI not found.
[    0.000000] cma: Reserved 64 MiB at 0xfb800000
[    0.000000] On node 0 totalpages: 524287
[    0.000000]   DMA zone: 1536 pages used for memmap
[    0.000000]   DMA zone: 0 pages reserved
[    0.000000]   DMA zone: 196608 pages, LIFO batch:31
[    0.000000]   HighMem zone: 327679 pages, LIFO batch:31
[    0.000000] random: fast init done
[    0.000000] percpu: Embedded 17 pages/cpu @(ptrval) s39040 r8192 d22400 u69632
[    0.000000] pcpu-alloc: s39040 r8192 d22400 u69632 alloc=17*4096
[    0.000000] pcpu-alloc: [0] 0 [0] 1 [0] 2 [0] 3 
[    0.000000] Built 1 zonelists, mobility grouping on.  Total pages: 522751
[    0.000000] Kernel command line: ignore_loglevel console=ttyS0,115200n8 rw root=PARTUUID=4d36e82a-b3c0-4b4b-bfcd-afe5217ac023 rootwait gpt debug noinitrd earlyprintk init=/bin/bash
[    0.000000] Dentry cache hash table entries: 131072 (order: 7, 524288 bytes)
[    0.000000] Inode-cache hash table entries: 65536 (order: 6, 262144 bytes)
[    0.000000] Memory: 1993496K/2097148K available (11264K kernel code, 1562K rwdata, 4324K rodata, 2048K init, 405K bss, 38116K reserved, 65536K cma-reserved, 1245180K highmem)
[    0.000000] Virtual kernel memory layout:
[    0.000000]     vector  : 0xffff0000 - 0xffff1000   (   4 kB)
[    0.000000]     fixmap  : 0xffc00000 - 0xfff00000   (3072 kB)
[    0.000000]     vmalloc : 0xf0800000 - 0xff800000   ( 240 MB)
[    0.000000]     lowmem  : 0xc0000000 - 0xf0000000   ( 768 MB)
[    0.000000]     pkmap   : 0xbfe00000 - 0xc0000000   (   2 MB)
[    0.000000]     modules : 0xbf000000 - 0xbfe00000   (  14 MB)
[    0.000000]       .text : 0x(ptrval) - 0x(ptrval)   (12256 kB)
[    0.000000]       .init : 0x(ptrval) - 0x(ptrval)   (2048 kB)
[    0.000000]       .data : 0x(ptrval) - 0x(ptrval)   (1563 kB)
[    0.000000]        .bss : 0x(ptrval) - 0x(ptrval)   ( 406 kB)
[    0.000000] SLUB: HWalign=64, Order=0-3, MinObjects=0, CPUs=4, Nodes=1
[    0.000000] Hierarchical RCU implementation.
[    0.000000] 	RCU event tracing is enabled.
[    0.000000] 	RCU restricting CPUs from NR_CPUS=16 to nr_cpu_ids=4.
[    0.000000] RCU: Adjusting geometry for rcu_fanout_leaf=16, nr_cpu_ids=4
[    0.000000] NR_IRQS: 16, nr_irqs: 16, preallocated irqs: 16
[    0.000000] /interrupt-controller@60004000: 160 interrupts forwarded to /interrupt-controller@50041000
[    0.000000] Tegra clk 127: register failed with -17
[    0.000003] sched_clock: 32 bits at 1000kHz, resolution 1000ns, wraps every 2147483647500ns
[    0.000011] clocksource: timer_us: mask: 0xffffffff max_cycles: 0xffffffff, max_idle_ns: 1911260446275 ns
[    0.000017] Switching to timer-based delay loop, resolution 1000ns
[    0.001903] arch_timer: cp15 timer(s) running at 12.00MHz (virt).
[    0.001910] clocksource: arch_sys_counter: mask: 0xffffffffffffff max_cycles: 0x2c47f4ee7, max_idle_ns: 440795202497 ns
[    0.001917] sched_clock: 56 bits at 12MHz, resolution 83ns, wraps every 4398046511096ns
[    0.001921] Switching to timer-based delay loop, resolution 83ns
[    0.002138] Console: colour dummy device 80x30
[    0.002154] Calibrating delay loop (skipped), value calculated using timer frequency.. 24.00 BogoMIPS (lpj=120000)
[    0.002161] pid_max: default: 32768 minimum: 301
[    0.002206] Mount-cache hash table entries: 2048 (order: 1, 8192 bytes)
[    0.002211] Mountpoint-cache hash table entries: 2048 (order: 1, 8192 bytes)
[    0.002416] CPU: Testing write buffer coherency: ok
[    0.002546] /cpus/cpu@0 missing clock-frequency property
[    0.002562] /cpus/cpu@1 missing clock-frequency property
[    0.002577] /cpus/cpu@2 missing clock-frequency property
[    0.002593] /cpus/cpu@3 missing clock-frequency property
[    0.002598] CPU0: thread -1, cpu 0, socket 0, mpidr 80000000
[    0.002719] Setting up static identity map for 0x80300000 - 0x803000a0
[    0.003439] Hierarchical SRCU implementation.
[    0.004152] Tegra Revision: A01 SKU: 131 CPU Process: 1 SoC Process: 1
[    0.004462] EFI services will not be available.
[    0.004526] smp: Bringing up secondary CPUs ...
[    0.004819] CPU1: thread -1, cpu 1, socket 0, mpidr 80000001
[    0.012178] CPU2: thread -1, cpu 2, socket 0, mpidr 80000002
[    0.022184] CPU3: thread -1, cpu 3, socket 0, mpidr 80000003
[    0.031904] smp: Brought up 1 node, 4 CPUs
[    0.031912] SMP: Total of 4 processors activated (96.00 BogoMIPS).
[    0.031915] CPU: All CPU(s) started in SVC mode.
[    0.032467] devtmpfs: initialized
[    0.037618] Built 1 zonelists, mobility grouping on.  Total pages: 514758
[    0.037769] VFP support v0.3: implementor 41 architecture 4 part 30 variant f rev 0
[    0.038000] clocksource: jiffies: mask: 0xffffffff max_cycles: 0xffffffff, max_idle_ns: 19112604462750000 ns
[    0.038009] futex hash table entries: 1024 (order: 4, 65536 bytes)
[    0.038104] pinctrl core: initialized pinctrl subsystem
[    0.038674] DMI not present or invalid.
[    0.038782] NET: Registered protocol family 16
[    0.039471] DMA: preallocated 256 KiB pool for atomic coherent allocations
[    0.040394] cpuidle: using governor menu
[    0.048566] No ATAGs?
[    0.048620] hw-breakpoint: found 5 (+1 reserved) breakpoint and 4 watchpoint registers.
[    0.048626] hw-breakpoint: maximum watchpoint size is 8 bytes.
[    0.051478] Serial: AMBA PL011 UART driver
[    0.051909] tegra-mc 70019000.memory-controller: no memory timings for RAM code 0 registered
[    0.052037] iommu: Adding device 50000000.host1x to group 0
[    0.052064] iommu: Adding device 54200000.dc to group 1
[    0.052084] iommu: Adding device 54240000.dc to group 1
[    0.052113] iommu: Adding device 57000000.gpu to group 2
[    0.057145] AT91: Could not find identification node
[    0.057349] +5V_SYS: supplied by +VDD_MUX
[    0.057444] +3.3V_SYS: supplied by +VDD_MUX
[    0.057659] +VDD_LED: Failed to request enable GPIO122: -517
[    0.057664] reg-fixed-voltage regulators:regulator@5: Failed to register regulator: -517
[    0.057697] +5V_VDD_TS_SW: Failed to request enable GPIO81: -517
[    0.057702] reg-fixed-voltage regulators:regulator@6: Failed to register regulator: -517
[    0.057734] +5V_USB_HS: Failed to request enable GPIO108: -517
[    0.057738] reg-fixed-voltage regulators:regulator@7: Failed to register regulator: -517
[    0.057770] +5V_USB_SS: Failed to request enable GPIO109: -517
[    0.057774] reg-fixed-voltage regulators:regulator@8: Failed to register regulator: -517
[    0.057859] +1.05V_RUN_AVDD_HDMI_PLL: Failed to request enable GPIO63: -517
[    0.057864] reg-fixed-voltage regulators:regulator@11: Failed to register regulator: -517
[    0.057895] +5V_HDMI_CON: Failed to request enable GPIO86: -517
[    0.057899] reg-fixed-voltage regulators:regulator@12: Failed to register regulator: -517
[    0.058878] vgaarb: loaded
[    0.059142] SCSI subsystem initialized
[    0.059211] libata version 3.00 loaded.
[    0.059284] usbcore: registered new interface driver usbfs
[    0.059302] usbcore: registered new interface driver hub
[    0.059325] usbcore: registered new device driver usb
[    0.060580] pps_core: LinuxPPS API ver. 1 registered
[    0.060584] pps_core: Software ver. 5.3.6 - Copyright 2005-2007 Rodolfo Giometti <giometti@linux.it>
[    0.060592] PTP clock support registered
[    0.060657] EDAC MC: Ver: 3.0.0
[    0.061111] tegra-emc 7001b000.emc: no memory timings for RAM code 0 found in DT
[    0.061121] tegra-emc: probe of 7001b000.emc failed with error -2
[    0.061539] clocksource: Switched to clocksource arch_sys_counter
[    0.079844] NET: Registered protocol family 2
[    0.080044] tcp_listen_portaddr_hash hash table entries: 512 (order: 0, 6144 bytes)
[    0.080055] TCP established hash table entries: 8192 (order: 3, 32768 bytes)
[    0.080090] TCP bind hash table entries: 8192 (order: 4, 65536 bytes)
[    0.080152] TCP: Hash tables configured (established 8192 bind 8192)
[    0.080187] UDP hash table entries: 512 (order: 2, 16384 bytes)
[    0.080202] UDP-Lite hash table entries: 512 (order: 2, 16384 bytes)
[    0.080261] NET: Registered protocol family 1
[    0.080414] RPC: Registered named UNIX socket transport module.
[    0.080418] RPC: Registered udp transport module.
[    0.080421] RPC: Registered tcp transport module.
[    0.080424] RPC: Registered tcp NFSv4.1 backchannel transport module.
[    0.080429] PCI: CLS 0 bytes, default 64
[    0.080993] hw perfevents: enabled with armv7_cortex_a15 PMU driver, 7 counters available
[    0.081602] Initialise system trusted keyrings
[    0.081662] workingset: timestamp_bits=30 max_order=19 bucket_order=0
[    0.083961] squashfs: version 4.0 (2009/01/31) Phillip Lougher
[    0.084181] NFS: Registering the id_resolver key type
[    0.084197] Key type id_resolver registered
[    0.084200] Key type id_legacy registered
[    0.084217] ntfs: driver 2.1.32 [Flags: R/O].
[    0.084759] Key type asymmetric registered
[    0.084763] Asymmetric key parser 'x509' registered
[    0.084783] bounce: pool size: 64 pages
[    0.084803] Block layer SCSI generic (bsg) driver version 0.4 loaded (major 246)
[    0.084808] io scheduler noop registered
[    0.084812] io scheduler deadline registered
[    0.084891] io scheduler cfq registered (default)
[    0.084895] io scheduler mq-deadline registered
[    0.084898] io scheduler kyber registered
[    0.086274] tegra-xusb-padctl 7009f000.padctl: failed to setup XUSB ports: -517
[    0.096990] tegra-apbdma 60020000.dma: Tegra20 APB DMA driver register 32 channels
[    0.098164] tegra-pmc 7000e400.pmc: i2c-thermtrip node not found, emergency thermal reset disabled.
[    0.115310] Serial: 8250/16550 driver, 4 ports, IRQ sharing disabled
[    0.116354] console [ttyS0] disabled
[    0.116373] 70006000.serial: ttyS0 at MMIO 0x70006000 (irq = 333, base_baud = 25500000) is a Tegra
[    1.050605] console [ttyS0] enabled
[    1.054392] SuperH (H)SCI(F) driver initialized
[    1.059271] msm_serial: driver initialized
[    1.063426] STMicroelectronics ASC driver initialized
[    1.070534] Failed to attached device 54200000.dc to IOMMU_mapping
[    1.084854] Failed to attached device 54240000.dc to IOMMU_mapping
[    1.099306] tegra-hdmi 54280000.hdmi: failed to get HDMI regulator
[    1.105785] tegra-dpaux 545c0000.dpaux: failed to get VDD supply: -517
[    1.113279] panel-simple panel: panel supply power not found, using dummy regulator
[    1.123612] brd: module loaded
[    1.129071] loop: module loaded
[    1.133162] as3722 4-0040: AS3722 with revision 0x1 found
[    1.143137] as3722-sd2: supplied by +5V_SYS
[    1.147537] as3722-sd3: supplied by +5V_SYS
[    1.151876] +1.35V_LP0(sd3): Bringing 0uV into 1350000-1350000uV
[    1.158031] as3722-sd4: supplied by +5V_SYS
[    1.162368] +1.05V_RUN: Bringing 0uV into 1050000-1050000uV
[    1.168092] as3722-sd5: supplied by +5V_SYS
[    1.173657] as3722-ldo0: supplied by +1.35V_LP0(sd2)
[    1.179367] +1.8V_RUN_CAM: Bringing 0uV into 1800000-1800000uV
[    1.185378] as3722-ldo2: supplied by +1.8V_VDDIO
[    1.190974] as3722-ldo3: supplied by +3.3V_SYS
[    1.195427] +1.00V_LP0_VDD_RTC: Bringing 1100000uV into 1000000-1000000uV
[    1.202985] as3722-ldo4: supplied by +3.3V_SYS
[    1.207582] +3.3V_RUN_CAM: Bringing 0uV into 2800000-2800000uV
[    1.213587] as3722-ldo5: supplied by +1.8V_VDDIO
[    1.218350] +1.2V_RUN_CAM_FRONT: Bringing 0uV into 1200000-1200000uV
[    1.225024] +VDDIO_SDMMC3: Bringing 0uV into 1800000-1800000uV
[    1.231032] as3722-ldo7: supplied by +1.8V_VDDIO
[    1.235803] +1.05V_RUN_CAM_REAR: Bringing 0uV into 1050000-1050000uV
[    1.242346] as3722-ldo9: supplied by +5V_SYS
[    1.246907] +2.8V_RUN_TOUCH: Bringing 0uV into 2800000-2800000uV
[    1.253096] as3722-ldo10: supplied by +5V_SYS
[    1.257599] +2.8V_RUN_CAM_AF: Bringing 0uV into 2800000-2800000uV
[    1.264026] +1.8V_RUN_VPP_FUSE: Bringing 0uV into 1800000-1800000uV
[    1.282616] m25p80 spi1.0: w25q32dw (4096 Kbytes)
[    1.288269] libphy: Fixed MDIO Bus: probed
[    1.292686] CAN device driver interface
[    1.296825] bgmac_bcma: Broadcom 47xx GBit MAC driver loaded
[    1.302935] e1000e: Intel(R) PRO/1000 Network Driver - 3.2.6-k
[    1.308751] e1000e: Copyright(c) 1999 - 2015 Intel Corporation.
[    1.314679] igb: Intel(R) Gigabit Ethernet Network Driver - version 5.4.0-k
[    1.321626] igb: Copyright (c) 2007-2014 Intel Corporation.
[    1.328510] pegasus: v0.9.3 (2013/04/25), Pegasus/Pegasus II USB Ethernet driver
[    1.335915] usbcore: registered new interface driver pegasus
[    1.341578] usbcore: registered new interface driver asix
[    1.346973] usbcore: registered new interface driver ax88179_178a
[    1.353066] usbcore: registered new interface driver cdc_ether
[    1.358895] usbcore: registered new interface driver smsc75xx
[    1.364645] usbcore: registered new interface driver smsc95xx
[    1.370384] usbcore: registered new interface driver net1080
[    1.376043] usbcore: registered new interface driver cdc_subset
[    1.381963] usbcore: registered new interface driver zaurus
[    1.387535] usbcore: registered new interface driver cdc_ncm
[    1.393867] ehci_hcd: USB 2.0 'Enhanced' Host Controller (EHCI) Driver
[    1.400378] ehci-pci: EHCI PCI platform driver
[    1.404827] ehci-platform: EHCI generic platform driver
[    1.410108] ehci-orion: EHCI orion driver
[    1.414165] SPEAr-ehci: EHCI SPEAr driver
[    1.418208] ehci-st: EHCI STMicroelectronics driver
[    1.423126] ehci-exynos: EHCI EXYNOS driver
[    1.427349] ehci-atmel: EHCI Atmel driver
[    1.431392] tegra-ehci: Tegra EHCI driver
[    1.435458] ohci_hcd: USB 1.1 'Open' Host Controller (OHCI) Driver
[    1.441635] ohci-pci: OHCI PCI platform driver
[    1.446078] ohci-platform: OHCI generic platform driver
[    1.451351] SPEAr-ohci: OHCI SPEAr driver
[    1.455400] ohci-st: OHCI STMicroelectronics driver
[    1.460310] ohci-atmel: OHCI Atmel driver
[    1.464567] usbcore: registered new interface driver usb-storage
[    1.471651] elan_i2c 1-0015: 1-0015 supply vcc not found, using dummy regulator
[    1.480193] as3722-rtc as3722-rtc: rtc core: registered as3722-rtc as rtc0
[    1.487061] as3722-rtc as3722-rtc: RTC interrupt 372
[    1.493992] tegra_rtc 7000e000.rtc: rtc core: registered 7000e000.rtc as rtc1
[    1.501126] tegra_rtc 7000e000.rtc: Tegra internal Real Time Clock
[    1.507482] i2c /dev entries driver
[    1.513358] lm90 0-004c: 0-004c supply vcc not found, using dummy regulator
[    1.524763] sdhci: Secure Digital Host Controller Interface driver
[    1.530927] sdhci: Copyright(c) Pierre Ossman
[    1.535865] Synopsys Designware Multimedia Card Interface Driver
[    1.542370] sdhci-pltfm: SDHCI platform and OF driver helper
[    1.548294] sdhci-tegra 700b0000.sdhci: allocated mmc-pwrseq
[    1.561657] sdhci-tegra 700b0400.sdhci: Got CD GPIO
[    1.566527] sdhci-tegra 700b0400.sdhci: Got WP GPIO
[    1.585566] mmc0: Unknown controller version (3). You may experience problems.
[    1.592807] mmc0: Invalid maximum block size, assuming 512 bytes
[    1.629512] mmc0: SDHCI controller on 700b0600.sdhci [700b0600.sdhci] using ADMA
[    1.637652] ledtrig-cpu: registered to indicate activity on CPUs
[    1.643724] elan_i2c 1-0015: Elan Touchpad: Module ID: 0x002a, Firmware: 0x0005, Sample: 0x0007, IAP: 0x0009
[    1.643786] usbcore: registered new interface driver usbhid
[    1.643788] usbhid: USB HID core driver
[    1.645712] NET: Registered protocol family 10
[    1.667613] input: Elan Touchpad as /devices/soc0/7000c400.i2c/i2c-1/1-0015/input/input0
[    1.667676] Segment Routing with IPv6
[    1.667703] sit: IPv6, IPv4 and MPLS over IPv4 tunneling driver
[    1.667949] NET: Registered protocol family 17
[    1.667956] can: controller area network core (rev 20170425 abi 9)
[    1.667984] NET: Registered protocol family 29
[    1.667988] can: raw protocol (rev 20170425)
[    1.667991] can: broadcast manager protocol (rev 20170425 t)
[    1.667996] can: netlink gateway (rev 20170425) max_hops=1
[    1.668155] Key type dns_resolver registered
[    1.675827] ThumbEE CPU extension supported.
[    1.675832] Registering SWP/SWPB emulation handler
[    1.676130] Loading compiled-in X.509 certificates
[    1.685879] +3.3V_RUN: supplied by +3.3V_SYS
[    1.686848] +VDD_LED: supplied by +VDD_MUX
[    1.686953] +3.3V_AVDD_HDMI_AP_GATED: supplied by +3.3V_RUN
[    1.686998] +1.8V_RUN_CAM: supplied by +3.3V_RUN
[    1.687038] +VDDIO_SDMMC3: supplied by +3.3V_RUN
[    1.687096] +1.8V_RUN_VPP_FUSE: supplied by +3.3V_RUN
[    1.687328] +5V_VDD_TS_SW: supplied by +5V_SYS
[    1.687574] +5V_USB_HS: supplied by +5V_SYS
[    1.687808] +5V_USB_SS: supplied by +5V_SYS
[    1.688913] +3.3V_PANEL: supplied by +3.3V_RUN
[    1.690161] +3.3V_LP0: supplied by +3.3V_SYS
[    1.691169] +1.05V_RUN_AVDD_HDMI_PLL: supplied by +1.05V_RUN
[    1.691475] +5V_HDMI_CON: supplied by +5V_SYS
[    1.692497]  usb3-0: usb3-0 supply vbus not found, using dummy regulator
[    1.692556]  usb3-1: usb3-1 supply vbus not found, using dummy regulator
[    1.700381] tegra-sor 54540000.sor: failed to probe output: -517
[    1.701160] panel-simple panel: panel supply power not found, using dummy regulator
[    1.703574] sdhci-tegra 700b0000.sdhci: allocated mmc-pwrseq
[    1.711812] mmc1: Unknown controller version (3). You may experience problems.
[    1.711868] mmc1: Invalid maximum block size, assuming 512 bytes
[    1.712347] mmc1: Switching to 3.3V signalling voltage failed
[    1.723374] mmc0: new high speed MMC card at address 0001
[    1.723710] mmcblk0: mmc0:0001 MMC16G 14.4 GiB 
[    1.723896] mmcblk0boot0: mmc0:0001 MMC16G partition 1 2.00 MiB
[    1.724090] mmcblk0boot1: mmc0:0001 MMC16G partition 2 2.00 MiB
[    1.724379] mmcblk0rpmb: mmc0:0001 MMC16G partition 3 128 KiB, chardev (236:0)
[    1.727996]  mmcblk0: p1 p2 p3 p4 p5 p6 p7 p8 p9 p10 p11 p12
[    1.737542] mmc1: SDHCI controller on 700b0000.sdhci [700b0000.sdhci] using ADMA
[    1.738626] sdhci-tegra 700b0400.sdhci: Got CD GPIO
[    1.738636] sdhci-tegra 700b0400.sdhci: Got WP GPIO
[    1.746676] mmc2: Unknown controller version (3). You may experience problems.
[    1.746757] mmc2: Invalid maximum block size, assuming 512 bytes
[    1.775745] mmc1: new high speed SDIO card at address 0001
[    1.778173] mmc2: SDHCI controller on 700b0400.sdhci [700b0400.sdhci] using ADMA
[    1.778861] tegra-sor 54540000.sor: failed to probe output: -517
[    1.779667] panel-simple panel: panel supply power not found, using dummy regulator
[    1.780736] input: gpio-keys as /devices/soc0/gpio-keys/input/input1
[    1.781381] tegra-sor 54540000.sor: failed to probe output: -517
[    1.782392] panel-simple panel: panel supply power not found, using dummy regulator
[    1.783509] as3722-rtc as3722-rtc: setting system clock to 2000-01-01 18:28:11 UTC (946751291)
[    1.783935] +3.3V_AVDD_HDMI_AP_GATED: disabling
[    1.783945] +1.05V_RUN: disabling
[    1.784084] +1.8V_RUN_CAM: disabling
[    1.784194] +3.3V_RUN_CAM: disabling
[    1.784304] +1.2V_RUN_CAM_FRONT: disabling
[    1.784413] +1.05V_RUN_CAM_REAR: disabling
[    1.784521] +2.8V_RUN_TOUCH: disabling
[    1.784629] +2.8V_RUN_CAM_AF: disabling
[    1.784753] +1.8V_RUN_VPP_FUSE: disabling
[    1.784862] +VDD_LED: disabling
[    1.784864] +5V_VDD_TS_SW: disabling
[    1.784868] +5V_USB_HS: disabling
[    1.784870] +5V_USB_SS: disabling
[    1.784873] +3.3V_PANEL: disabling
[    1.784876] +1.05V_RUN_AVDD_HDMI_PLL: disabling
[    1.784878] +5V_HDMI_CON: disabling
[    1.927105] mmc2: new high speed SDHC card at address 0007
[    1.927445] mmcblk2: mmc2:0007 SD08G 7.42 GiB 
[    1.935205] GPT:Primary header alternate_lba != Alt. header my_lba
[    1.935210] GPT:3014591 != 15564799
[    1.935211] GPT:Primary header thinks Alt. header is not at the end of the disk.
[    1.935213] GPT:3014591 != 15564799
[    1.935215] GPT: Use GNU Parted to correct GPT errors.
[    1.935240]  mmcblk2: p1 p2 p3 p4 p5 p6 p7 p8 p9 p10 p11 p12
[    1.937008] tegra-sor 54540000.sor: failed to probe output: -517
[    1.937810] panel-simple panel: panel supply power not found, using dummy regulator
[    2.080706] EXT4-fs (mmcblk0p3): couldn't mount as ext3 due to feature incompatibilities
[    2.080947] tegra-sor 54540000.sor: failed to probe output: -517
[    2.082221] panel-simple panel: panel supply power not found, using dummy regulator
[    2.103018] EXT4-fs (mmcblk0p3): couldn't mount as ext2 due to feature incompatibilities
[    2.401636] EXT4-fs (mmcblk0p3): recovery complete
[    2.407128] EXT4-fs (mmcblk0p3): mounted filesystem with ordered data mode. Opts: (null)
[    2.415259] VFS: Mounted root (ext4 filesystem) on device 179:3.
[    2.422245] devtmpfs: mounted
[    2.425913] Freeing unused kernel memory: 2048K
bash: cannot set terminal process group (-1): Inappropriate ioctl for device
bash: no job control in this shell
root@(none):/# 