
U-Boot SPL 2014.01-00219-gc4d376f (Feb 18 2014 - 19:57:32)


U-Boot 2014.01-00219-gc4d376f (Feb 18 2014 - 19:57:32)

TEGRA114
Board: NVIDIA Dalmore
I2C:   ready
DRAM:  2 GiB
MMC:   Tegra SD/MMC: 0, Tegra SD/MMC: 1
In:    serial
Out:   serial
Err:   serial
Net:   Net Initialization Skipped
No ethernet found.
Hit any key to stop autoboot:  2  0 
Tegra114 (Dalmore) # 
Tegra114 (Dalmore) # usb reset
(Re)start USB...
USB0:   USB EHCI 1.10
scanning bus 0 for devices... 2 USB Device(s) found
       scanning usb for storage devices... 0 Storage Device(s) found
       scanning usb for ethernet devices... 
Warning: asx0 using MAC address from net device
1 Ethernet Device(s) found
Tegra114 (Dalmore) # setenv bootargs 'ignore_loglevel console=ttyS0,115200n8 rw root=PARTUUID=7369c667-ff51-ec4a-29cd-baabf2fbe346 rootwait gpt debug earlyprintk init=/bin/bash'
Tegra114 (Dalmore) # setenv ipaddr 192.168.100.100; setenv serverip 192.168.100.1; setenv tftpserverip 192.168.100.1
Tegra114 (Dalmore) # tftpboot 0x81000000 zImage.multi_v7_defconfig
Using asx0 device
TFTP from server 192.168.100.1; our IP address is 192.168.100.100
Filename 'zImage.multi_v7_defconfig'.
Load address: 0x81000000
Loading: *#################################################################
	 #################################################################
	 #################################################################
	 #################################################################
	 #################################################################
	 #################################################################
	 #################################################################
	 ##########################################################
	 3.4 MiB/s
done
Bytes transferred = 7518048 (72b760 hex)
Tegra114 (Dalmore) # tftpboot 0x82000000 tegra114-dalmore.dtb
Using asx0 device
TFTP from server 192.168.100.1; our IP address is 192.168.100.100
Filename 'tegra114-dalmore.dtb'.
Load address: 0x82000000
Loading: *###
	 3.3 MiB/s
done
Bytes transferred = 35044 (88e4 hex)
Tegra114 (Dalmore) # bootz 0x81000000 - 0x82000000
Kernel image @ 0x81000000 [ 0x000000 - 0x72b760 ]
## Flattened Device Tree blob at 82000000
   Booting using the fdt blob at 0x82000000
   Loading Device Tree to 8fff4000, end 8ffff8e3 ... OK

Starting kernel ...

[    0.000000] Booting Linux on physical CPU 0x0
[    0.000000] Linux version 4.10.0-rc8-next-20170215-153117-gfee922e (pwalmsley@sellafield) (gcc version 4.7.3 20130328 (prerelease) (crosstool-NG linaro-1.13.1-4.7-2013.04-20130415 - Linaro GCC 2013.04) ) #1 SMP Tue Feb 14 22:19:05 PST 2017
[    0.000000] CPU: ARMv7 Processor [412fc0f2] revision 2 (ARMv7), cr=10c5387d
[    0.000000] CPU: div instructions available: patching division code
[    0.000000] CPU: PIPT / VIPT nonaliasing data cache, PIPT instruction cache
[    0.000000] OF: fdt: Machine model: NVIDIA Tegra114 Dalmore evaluation board
[    0.000000] debug: ignoring loglevel setting.
[    0.000000] efi: Getting EFI parameters from FDT:
[    0.000000] efi: UEFI not found.
[    0.000000] cma: Reserved 64 MiB at 0xfb800000
[    0.000000] Memory policy: Data cache writealloc
[    0.000000] On node 0 totalpages: 524032
[    0.000000] free_area_init_node: node 0, pgdat c153a680, node_mem_map eeff8000
[    0.000000]   DMA zone: 1536 pages used for memmap
[    0.000000]   DMA zone: 0 pages reserved
[    0.000000]   DMA zone: 196608 pages, LIFO batch:31
[    0.000000]   HighMem zone: 327424 pages, LIFO batch:31
[    0.000000] percpu: Embedded 16 pages/cpu @eef9c000 s34432 r8192 d22912 u65536
[    0.000000] pcpu-alloc: s34432 r8192 d22912 u65536 alloc=16*4096
[    0.000000] pcpu-alloc: [0] 0 [0] 1 [0] 2 [0] 3 
[    0.000000] Built 1 zonelists in Zone order, mobility grouping on.  Total pages: 522496
[    0.000000] Kernel command line: ignore_loglevel console=ttyS0,115200n8 rw root=PARTUUID=7369c667-ff51-ec4a-29cd-baabf2fbe346 rootwait gpt debug earlyprintk init=/bin/bash
[    0.000000] PID hash table entries: 4096 (order: 2, 16384 bytes)
[    0.000000] Dentry cache hash table entries: 131072 (order: 7, 524288 bytes)
[    0.000000] Inode-cache hash table entries: 65536 (order: 6, 262144 bytes)
[    0.000000] Memory: 1993764K/2096128K available (10240K kernel code, 1263K rwdata, 4204K rodata, 2048K init, 536K bss, 36828K reserved, 65536K cma-reserved, 1244160K highmem)
[    0.000000] Virtual kernel memory layout:
[    0.000000]     vector  : 0xffff0000 - 0xffff1000   (   4 kB)
[    0.000000]     fixmap  : 0xffc00000 - 0xfff00000   (3072 kB)
[    0.000000]     vmalloc : 0xf0800000 - 0xff800000   ( 240 MB)
[    0.000000]     lowmem  : 0xc0000000 - 0xf0000000   ( 768 MB)
[    0.000000]     pkmap   : 0xbfe00000 - 0xc0000000   (   2 MB)
[    0.000000]     modules : 0xbf000000 - 0xbfe00000   (  14 MB)
[    0.000000]       .text : 0xc0208000 - 0xc0d00000   (11232 kB)
[    0.000000]       .init : 0xc1200000 - 0xc1400000   (2048 kB)
[    0.000000]       .data : 0xc1400000 - 0xc153bfa0   (1264 kB)
[    0.000000]        .bss : 0xc153d000 - 0xc15c31f8   ( 537 kB)
[    0.000000] SLUB: HWalign=64, Order=0-3, MinObjects=0, CPUs=4, Nodes=1
[    0.000000] Hierarchical RCU implementation.
[    0.000000] 	RCU debugfs-based tracing is enabled.
[    0.000000] 	Build-time adjustment of leaf fanout to 32.
[    0.000000] 	RCU restricting CPUs from NR_CPUS=16 to nr_cpu_ids=4.
[    0.000000] RCU: Adjusting geometry for rcu_fanout_leaf=32, nr_cpu_ids=4
[    0.000000] NR_IRQS:16 nr_irqs:16 16
[    0.000000] /interrupt-controller@60004000: 160 interrupts forwarded to /interrupt-controller@50041000
[    0.000000] Tegra clk 127: register failed with -17
[    0.000008] sched_clock: 32 bits at 1000kHz, resolution 1000ns, wraps every 2147483647500ns
[    0.000028] clocksource: timer_us: mask: 0xffffffff max_cycles: 0xffffffff, max_idle_ns: 1911260446275 ns
[    0.000044] Switching to timer-based delay loop, resolution 1000ns
[    0.003084] arm_arch_timer: Architected cp15 timer(s) running at 12.00MHz (virt).
[    0.003103] clocksource: arch_sys_counter: mask: 0xffffffffffffff max_cycles: 0x2c47f4ee7, max_idle_ns: 440795202497 ns
[    0.003122] sched_clock: 56 bits at 12MHz, resolution 83ns, wraps every 4398046511096ns
[    0.003136] Switching to timer-based delay loop, resolution 83ns
[    0.003528] Console: colour dummy device 80x30
[    0.003558] Calibrating delay loop (skipped), value calculated using timer frequency.. 24.00 BogoMIPS (lpj=120000)
[    0.003577] pid_max: default: 32768 minimum: 301
[    0.003682] Mount-cache hash table entries: 2048 (order: 1, 8192 bytes)
[    0.003695] Mountpoint-cache hash table entries: 2048 (order: 1, 8192 bytes)
[    0.004185] CPU: Testing write buffer coherency: ok
[    0.004428] /cpus/cpu@0 missing clock-frequency property
[    0.004459] /cpus/cpu@1 missing clock-frequency property
[    0.004489] /cpus/cpu@2 missing clock-frequency property
[    0.004519] /cpus/cpu@3 missing clock-frequency property
[    0.004534] CPU0: thread -1, cpu 0, socket 0, mpidr 80000000
[    0.004735] Setting up static identity map for 0x80300000 - 0x80300098
[    0.007242] Tegra Revision: A01 SKU: 0 CPU Process: 1 SoC Process: 0
[    0.007781] EFI services will not be available.
[    0.008029] smp: Bringing up secondary CPUs ...
[    0.008637] CPU1: thread -1, cpu 1, socket 0, mpidr 80000001
[    0.009327] CPU2: thread -1, cpu 2, socket 0, mpidr 80000002
[    0.010010] CPU3: thread -1, cpu 3, socket 0, mpidr 80000003
[    0.010094] smp: Brought up 1 node, 4 CPUs
[    0.010118] SMP: Total of 4 processors activated (96.00 BogoMIPS).
[    0.010127] CPU: All CPU(s) started in SVC mode.
[    0.011611] devtmpfs: initialized
[    0.020386] VFP support v0.3: implementor 41 architecture 4 part 30 variant f rev 0
[    0.020720] clocksource: jiffies: mask: 0xffffffff max_cycles: 0xffffffff, max_idle_ns: 19112604462750000 ns
[    0.022135] pinctrl core: initialized pinctrl subsystem
[    0.023878] NET: Registered protocol family 16
[    0.026044] DMA: preallocated 256 KiB pool for atomic coherent allocations
[    0.028155] cpuidle: using governor menu
[    0.051084] No ATAGs?
[    0.051215] hw-breakpoint: found 5 (+1 reserved) breakpoint and 4 watchpoint registers.
[    0.051231] hw-breakpoint: maximum watchpoint size is 8 bytes.
[    0.056317] Serial: AMBA PL011 UART driver
[    0.057051] tegra-mc 70019000.memory-controller: no memory timings for RAM code 3 registered
[    0.071234] dvdd_ts: Failed to request enable GPIO61: -517
[    0.071252] reg-fixed-voltage regulators:regulator@1: Failed to register regulator: -517
[    0.071345] usb1_vbus: Failed to request enable GPIO108: -517
[    0.071360] reg-fixed-voltage regulators:regulator@3: Failed to register regulator: -517
[    0.071453] usb2_vbus: Failed to request enable GPIO86: -517
[    0.071467] reg-fixed-voltage regulators:regulator@4: Failed to register regulator: -517
[    0.071857] VDD_5V0_HDMI_CON: Failed to request enable GPIO81: -517
[    0.071871] reg-fixed-voltage regulators:regulator@7: Failed to register regulator: -517
[    0.074495] vgaarb: loaded
[    0.075239] SCSI subsystem initialized
[    0.075408] libata version 3.00 loaded.
[    0.075626] usbcore: registered new interface driver usbfs
[    0.075681] usbcore: registered new interface driver hub
[    0.075742] usbcore: registered new device driver usb
[    0.078918] tps65090 2-0048: No cache defaults, reading back from HW
[    0.080807] TPS65090_RAILSDCDC1: supplied by vdd_ac_bat
[    0.081876] TPS65090_RAILSDCDC2: supplied by vdd_ac_bat
[    0.082937] TPS65090_RAILSDCDC3: supplied by vdd_ac_bat
[    0.083486] TPS65090_RAILSFET1: supplied by vdd_ac_bat
[    0.083856] TPS65090_RAILSFET2: supplied by vdd_ac_bat
[    0.084207] TPS65090_RAILSFET3: supplied by vdd-sys-3v3
[    0.084730] TPS65090_RAILSFET4: supplied by vdd-sys-3v3
[    0.085258] TPS65090_RAILSFET5: supplied by vdd-sys-3v3
[    0.085778] TPS65090_RAILSFET6: supplied by vdd-sys-3v3
[    0.086619] TPS65090_RAILSFET7: supplied by vdd-sys-3v3
[    0.087142] TPS65090_RAILSLDO1: supplied by vdd_ac_bat
[    0.087359] TPS65090_RAILSLDO2: supplied by vdd_ac_bat
[    0.088274] palmas 2-0058: Irq flag is 0x00000004
[    0.090219] palmas 2-0058: Muxing GPIO ff, PWM 0, LED 0
[    0.092684] SMPS12: supplied by vdd-ao
[    0.093716] vdd_hdmi_5v0: supplied by vdd-sys-5v0
[    0.094527] SMPS3: supplied by vdd-ao
[    0.096258] SMPS457: supplied by vdd-sys-3v3
[    0.099121] SMPS8: supplied by vdd-sys-3v3
[    0.099984] random: fast init done
[    0.100735] SMPS9: supplied by vdd-sys-3v3
[    0.101255] sdhci-vdd-sd-slot: Bringing 2840000uV into 2800000-2800000uV
[    0.104065] LDO1: supplied by vdd-sys-3v3
[    0.105248] LDO2: supplied by vdd-sys-3v3
[    0.106443] LDO3: supplied by vddio-1v8
[    0.107616] LDO4: supplied by vdd-sys-3v3
[    0.108805] LDO5: supplied by vdd_ac_bat
[    0.109563] LDO6: supplied by vdd-sys-3v3
[    0.110073] vdd-sensor-2v85: Bringing 2900000uV into 2850000-2850000uV
[    0.111481] LDO7: supplied by vdd-sys-3v3
[    0.113202] LDO8: supplied by vdd-ao
[    0.113717] vdd-rtc: Bringing 675000uV into 900000-900000uV
[    0.123813] LDO9: supplied by sdhci-vdd-sd-slot
[    0.134154] LDOLN: supplied by vdd-sys-5v0
[    0.135347] LDOUSB: supplied by vdd-sys-5v0
[    0.146948] pps_core: LinuxPPS API ver. 1 registered
[    0.146960] pps_core: Software ver. 5.3.6 - Copyright 2005-2007 Rodolfo Giometti <giometti@linux.it>
[    0.146983] PTP clock support registered
[    0.147170] EDAC MC: Ver: 3.0.0
[    0.149293] clocksource: Switched to clocksource arch_sys_counter
[    0.158189] NET: Registered protocol family 2
[    0.158683] TCP established hash table entries: 8192 (order: 3, 32768 bytes)
[    0.158783] TCP bind hash table entries: 8192 (order: 4, 65536 bytes)
[    0.158972] TCP: Hash tables configured (established 8192 bind 8192)
[    0.159057] UDP hash table entries: 512 (order: 2, 16384 bytes)
[    0.159102] UDP-Lite hash table entries: 512 (order: 2, 16384 bytes)
[    0.159249] NET: Registered protocol family 1
[    0.159580] RPC: Registered named UNIX socket transport module.
[    0.159591] RPC: Registered udp transport module.
[    0.159601] RPC: Registered tcp transport module.
[    0.159610] RPC: Registered tcp NFSv4.1 backchannel transport module.
[    0.159624] PCI: CLS 0 bytes, default 64
[    0.161633] futex hash table entries: 1024 (order: 4, 65536 bytes)
[    0.162101] workingset: timestamp_bits=30 max_order=19 bucket_order=0
[    0.170421] squashfs: version 4.0 (2009/01/31) Phillip Lougher
[    0.171123] NFS: Registering the id_resolver key type
[    0.171146] Key type id_resolver registered
[    0.171155] Key type id_legacy registered
[    0.171197] ntfs: driver 2.1.32 [Flags: R/O].
[    0.172767] bounce: pool size: 64 pages
[    0.172809] Block layer SCSI generic (bsg) driver version 0.4 loaded (major 248)
[    0.172820] io scheduler noop registered
[    0.172831] io scheduler deadline registered
[    0.172996] io scheduler cfq registered (default)
[    0.173007] io scheduler mq-deadline registered
[    0.202936] tegra-apbdma 6000a000.dma: Tegra20 APB DMA driver register 32 channels
[    0.204779] tegra-pmc 7000e400.pmc: i2c-thermtrip node not found, emergency thermal reset disabled.
[    0.261717] Serial: 8250/16550 driver, 4 ports, IRQ sharing disabled
[    0.264512] console [ttyS0] disabled
[    0.264552] 70006300.serial: ttyS0 at MMIO 0x70006300 (irq = 329, base_baud = 25500000) is a Tegra
[    1.246917] console [ttyS0] enabled
[    1.251145] SuperH (H)SCI(F) driver initialized
[    1.256560] msm_serial: driver initialized
[    1.260847] STMicroelectronics ASC driver initialized
[    1.272361] tegra-hdmi 54280000.hdmi: failed to get HDMI regulator
[    1.295947] brd: module loaded
[    1.305658] loop: module loaded
[    1.325027] m25p80 spi32766.0: w25q32dw (4096 Kbytes)
[    1.333030] libphy: Fixed MDIO Bus: probed
[    1.338247] CAN device driver interface
[    1.342913] bgmac_bcma: Broadcom 47xx GBit MAC driver loaded
[    1.349770] e1000e: Intel(R) PRO/1000 Network Driver - 3.2.6-k
[    1.355593] e1000e: Copyright(c) 1999 - 2015 Intel Corporation.
[    1.361647] igb: Intel(R) Gigabit Ethernet Network Driver - version 5.4.0-k
[    1.368599] igb: Copyright (c) 2007-2014 Intel Corporation.
[    1.377317] pegasus: v0.9.3 (2013/04/25), Pegasus/Pegasus II USB Ethernet driver
[    1.384767] usbcore: registered new interface driver pegasus
[    1.390477] usbcore: registered new interface driver asix
[    1.395900] usbcore: registered new interface driver ax88179_178a
[    1.402033] usbcore: registered new interface driver cdc_ether
[    1.407901] usbcore: registered new interface driver smsc75xx
[    1.413704] usbcore: registered new interface driver smsc95xx
[    1.419493] usbcore: registered new interface driver net1080
[    1.425175] usbcore: registered new interface driver cdc_subset
[    1.431130] usbcore: registered new interface driver zaurus
[    1.436744] usbcore: registered new interface driver cdc_ncm
[    1.444255] ehci_hcd: USB 2.0 'Enhanced' Host Controller (EHCI) Driver
[    1.450790] ehci-pci: EHCI PCI platform driver
[    1.455265] ehci-platform: EHCI generic platform driver
[    1.460682] ehci-orion: EHCI orion driver
[    1.464808] SPEAr-ehci: EHCI SPEAr driver
[    1.468940] ehci-st: EHCI STMicroelectronics driver
[    1.473957] ehci-exynos: EHCI EXYNOS driver
[    1.478277] ehci-atmel: EHCI Atmel driver
[    1.482426] tegra-ehci: Tegra EHCI driver
[    1.486719] ohci_hcd: USB 1.1 'Open' Host Controller (OHCI) Driver
[    1.492916] ohci-pci: OHCI PCI platform driver
[    1.497390] ohci-platform: OHCI generic platform driver
[    1.502773] ohci-omap3: OHCI OMAP3 driver
[    1.506902] SPEAr-ohci: OHCI SPEAr driver
[    1.511050] ohci-st: OHCI STMicroelectronics driver
[    1.516049] ohci-atmel: OHCI Atmel driver
[    1.520743] usbcore: registered new interface driver usb-storage
[    1.532267] palmas-rtc 7000d000.i2c:tps65913@58:rtc: rtc core: registered 7000d000.i2c:tps659 as rtc0
[    1.543309] tegra_rtc 7000e000.rtc: rtc core: registered 7000e000.rtc as rtc1
[    1.550495] tegra_rtc 7000e000.rtc: Tegra internal Real Time Clock
[    1.557180] i2c /dev entries driver
[    1.566967] sbs-battery 0-000b: sbs_probe: Failed to get device status
[    1.573523] sbs-battery: probe of 0-000b failed with error -121
[    1.589635] sdhci: Secure Digital Host Controller Interface driver
[    1.595808] sdhci: Copyright(c) Pierre Ossman
[    1.601578] Synopsys Designware Multimedia Card Interface Driver
[    1.608597] sdhci-pltfm: SDHCI platform and OF driver helper
[    1.614939] sdhci-tegra 78000400.sdhci: Got CD GPIO
[    1.619855] sdhci-tegra 78000400.sdhci: Got WP GPIO
[    1.625942] mmc0: Invalid maximum block size, assuming 512 bytes
[    1.689424] mmc0: SDHCI controller on 78000400.sdhci [78000400.sdhci] using ADMA
[    1.697101] mmc1: Invalid maximum block size, assuming 512 bytes
[    1.769316] mmc1: SDHCI controller on 78000600.sdhci [78000600.sdhci] using ADMA
[    1.778458] ledtrig-cpu: registered to indicate activity on CPUs
[    1.786839] usbcore: registered new interface driver usbhid
[    1.794451] usbhid: USB HID core driver
[    1.806198] NET: Registered protocol family 10
[    1.815495] Segment Routing with IPv6
[    1.821274] sit: IPv6, IPv4 and MPLS over IPv4 tunneling driver
[    1.827787] NET: Registered protocol family 17
[    1.832253] can: controller area network core (rev 20120528 abi 9)
[    1.838606] NET: Registered protocol family 29
[    1.843062] can: raw protocol (rev 20120528)
[    1.847326] can: broadcast manager protocol (rev 20161123 t)
[    1.853000] can: netlink gateway (rev 20130117) max_hops=1
[    1.858783] Key type dns_resolver registered
[    1.863603] ThumbEE CPU extension supported.
[    1.867872] Registering SWP/SWPB emulation handler
[    1.894120] usb1_vbus: supplied by vdd-sys-5v0
[    1.899080] mmc0: new high speed SDHC card at address aaaa
[    1.899847] usb2_vbus: supplied by vdd-sys-5v0
[    1.901825] VDD_5V0_HDMI_CON: supplied by vdd-sys-5v0
[    1.911260] [drm] Supports vblank timestamp caching Rev 2 (21.10.2013).
[    1.911265] [drm] No driver support for vblank timestamp query.
[    1.928083] mmcblk0: mmc0:aaaa SL16G 14.8 GiB 
[    1.953650] mmc1: new high speed MMC card at address 0001
[    1.954571]  mmcblk0: p1 p2 p3
[    1.955312] mmcblk1: mmc1:0001 SEM32G 29.1 GiB 
[    1.956605] mmcblk1boot0: mmc1:0001 SEM32G partition 1 4.00 MiB
[    1.957562] mmcblk1boot1: mmc1:0001 SEM32G partition 2 4.00 MiB
[    1.957868] mmcblk1rpmb: mmc1:0001 SEM32G partition 3 4.00 MiB
[    1.962224]  mmcblk1: p1 p2 p3 p4 p5 p6 p7 p8
[    2.007103] Console: switching to colour frame buffer device 240x75
[    2.081870] drm drm: fb0:  frame buffer device
[    2.086456] [drm] Initialized tegra 0.0.0 20120330 for drm on minor 0
[    2.098848] tegra-ehci 7d008000.usb: EHCI Host Controller
[    2.104348] tegra-ehci 7d008000.usb: new USB bus registered, assigned bus number 1
[    2.112169] tegra-ehci 7d008000.usb: irq 339, io mem 0x7d008000
[    2.139369] tegra-ehci 7d008000.usb: USB 2.0 started, EHCI 1.10
[    2.146477] hub 1-0:1.0: USB hub found
[    2.150349] hub 1-0:1.0: 1 port detected
[    2.155976] input: gpio-keys as /devices/soc0/gpio-keys/input/input0
[    2.164600] palmas-rtc 7000d000.i2c:tps65913@58:rtc: setting system clock to 2000-12-09 17:54:16 UTC (976384456)
[    2.180351] dvdd_ts: disabling
[    2.183410] usb1_vbus: disabling
[    2.186653] vdd_cam_1v8_reg: disabling
[    2.192125] EXT4-fs (mmcblk1p1): mounting ext3 file system using the ext4 subsystem
[    2.213857] EXT4-fs (mmcblk1p1): recovery complete
[    2.218660] EXT4-fs (mmcblk1p1): mounted filesystem with ordered data mode. Opts: (null)
[    2.226849] VFS: Mounted root (ext3 filesystem) on device 179:17.
[    2.237315] devtmpfs: mounted
[    2.242045] Freeing unused kernel memory: 2048K
bash: cannot set terminal process group (-1): Inappropriate ioctl for device
bash: no job control in this shell
root@(none):/# [    2.519369] usb 1-1: new high-speed USB device number 2 using tegra-ehci
[    3.190926] asix 1-1:1.0 eth0: register 'asix' at usb-7d008000.usb-1, ASIX AX88772 USB 2.0 Ethernet, 00:50:b6:0d:b5:16
mount -t sysfs none /sys
root@(none):/# 
root@(none):/# mount -t debugfs none /sys/kernel/debug
root@(none):/# 
root@(none):/# rtcwake -d rtc1 -m mem -s 3
rtcwake: assuming RTC uses UTC ...
rtcwake: wakeup from "mem" using /dev/rtc1 at Thu Jan  1 00:00:20 1970
[    5.328555] PM: Syncing filesystems ... done.
[    5.372408] Freezing user space processes ... (elapsed 0.001 seconds) done.
[    5.380730] Freezing remaining freezable tasks ... (elapsed 0.001 seconds) done.
[    5.389597] Suspending console(s) (use no_console_suspend to debug)
[    5.451444] PM: suspend of devices complete after 54.209 msecs
[    5.454694] PM: late suspend of devices complete after 3.234 msecs
[    5.457223] PM: noirq suspend of devices complete after 2.518 msecs
[    5.457228] Disabling non-boot CPUs ...
[    5.457723] IRQ17 no longer affine to CPU1
[    5.583056] Entering suspend state LP1
[    5.583056] Suspended for 7.647 seconds
[    5.583074] Enabling non-boot CPUs ...
[    5.613706] CPU1 is up
[    5.653425] CPU2 is up
[    5.694068] CPU3 is up
[    5.695370] PM: noirq resume of devices complete after 1.290 msecs
[    5.697459] PM: early resume of devices complete after 1.650 msecs
[    6.290543] PM: resume of devices complete after 593.066 msecs
[    6.355033] Restarting tasks ... done.
root@(none):/# 
root@(none):/# rtcwake -d rtc1 -m mem -s 3
rtcwake: assuming RTC uses UTC ...
rtcwake: wakeup from "mem" using /dev/rtc1 at Thu Jan  1 00:00:30 1970
[    7.718445] PM: Syncing filesystems ... done.
[    7.755410] Freezing user space processes ... (elapsed 0.001 seconds) done.
[    7.763738] Freezing remaining freezable tasks ... (elapsed 0.001 seconds) done.
[    7.772608] Suspending console(s) (use no_console_suspend to debug)
[    7.831500] PM: suspend of devices complete after 51.228 msecs
[    7.834441] PM: late suspend of devices complete after 2.925 msecs
[    7.837030] PM: noirq suspend of devices complete after 2.578 msecs
[    7.837035] Disabling non-boot CPUs ...
[    7.982913] Entering suspend state LP1
[    7.982913] Suspended for 8.183 seconds
[    7.982932] Enabling non-boot CPUs ...
[    8.013690] CPU1 is up
[    8.053367] CPU2 is up
[    8.094052] CPU3 is up
[    8.095357] PM: noirq resume of devices complete after 1.292 msecs
[    8.097913] PM: early resume of devices complete after 2.098 msecs
[    8.687914] PM: resume of devices complete after 589.985 msecs
[    8.748342] Restarting tasks ... done.
root@(none):/# 
root@(none):/# rtcwake -d rtc1 -m mem -s 3
rtcwake: assuming RTC uses UTC ...
rtcwake: wakeup from "mem" using /dev/rtc1 at Thu Jan  1 00:00:40 1970
[    9.527868] PM: Syncing filesystems ... done.
[    9.557312] Freezing user space processes ... (elapsed 0.001 seconds) done.
[    9.565651] Freezing remaining freezable tasks ... (elapsed 0.001 seconds) done.
[    9.574536] Suspending console(s) (use no_console_suspend to debug)
[    9.641024] PM: suspend of devices complete after 58.849 msecs
[    9.644310] PM: late suspend of devices complete after 3.269 msecs
[    9.646843] PM: noirq suspend of devices complete after 2.521 msecs
[    9.646848] Disabling non-boot CPUs ...
[    9.793087] Entering suspend state LP1
[    9.793087] Suspended for 7.606 seconds
[    9.793106] Enabling non-boot CPUs ...
[    9.823182] CPU1 is up
[    9.863324] CPU2 is up
[    9.904038] CPU3 is up
[    9.905342] PM: noirq resume of devices complete after 1.293 msecs
[    9.907991] PM: early resume of devices complete after 2.211 msecs
[   10.497987] PM: resume of devices complete after 589.980 msecs
[   10.558329] Restarting tasks ... done.
root@(none):/# 
root@(none):/# rtcwake -d rtc1 -m mem -s 3
rtcwake: assuming RTC uses UTC ...
rtcwake: wakeup from "mem" using /dev/rtc1 at Thu Jan  1 00:00:49 1970
[   10.928908] PM: Syncing filesystems ... done.
[   10.968314] Freezing user space processes ... (elapsed 0.001 seconds) done.
[   10.976644] Freezing remaining freezable tasks ... (elapsed 0.001 seconds) done.
[   10.985507] Suspending console(s) (use no_console_suspend to debug)
[   11.051536] PM: suspend of devices complete after 58.377 msecs
[   11.054482] PM: late suspend of devices complete after 2.929 msecs
[   11.057056] PM: noirq suspend of devices complete after 2.562 msecs
[   11.057061] Disabling non-boot CPUs ...
[   11.057555] IRQ17 no longer affine to CPU1
[   11.203585] Entering suspend state LP1
[   11.203585] Suspended for 7.589 seconds
[   11.203604] Enabling non-boot CPUs ...
[   11.233136] CPU1 is up
[   11.273284] CPU2 is up
[   11.313971] CPU3 is up
[   11.315246] PM: noirq resume of devices complete after 1.263 msecs
[   11.317805] PM: early resume of devices complete after 2.096 msecs
[   11.910581] PM: resume of devices complete after 592.759 msecs
[   11.974997] Restarting tasks ... done.
root@(none):/# 
root@(none):/# rtcwake -d rtc1 -m mem -s 3
rtcwake: assuming RTC uses UTC ...
rtcwake: wakeup from "mem" using /dev/rtc1 at Thu Jan  1 00:00:59 1970
[   13.353631] PM: Syncing filesystems ... done.
[   13.393641] Freezing user space processes ... (elapsed 0.001 seconds) done.
[   13.401994] Freezing remaining freezable tasks ... (elapsed 0.001 seconds) done.
[   13.410889] Suspending console(s) (use no_console_suspend to debug)
[   13.471424] PM: suspend of devices complete after 52.904 msecs
[   13.474381] PM: late suspend of devices complete after 2.941 msecs
[   13.477138] PM: noirq suspend of devices complete after 2.743 msecs
[   13.477144] Disabling non-boot CPUs ...
[   13.477649] IRQ17 no longer affine to CPU1
[   13.602776] Entering suspend state LP1
[   13.602776] Suspended for 8.184 seconds
[   13.602795] Enabling non-boot CPUs ...
[   13.633519] CPU1 is up
[   13.673227] CPU2 is up
[   13.713879] CPU3 is up
[   13.715139] PM: noirq resume of devices complete after 1.248 msecs
[   13.717716] PM: early resume of devices complete after 2.123 msecs
[   14.308358] PM: resume of devices complete after 590.625 msecs
[   14.372795] Restarting tasks ... done.
root@(none):/# 
root@(none):/# rtcwake -d rtc1 -m mem -s 3
rtcwake: assuming RTC uses UTC ...
rtcwake: wakeup from "mem" using /dev/rtc1 at Thu Jan  1 00:01:09 1970
[   15.131119] PM: Syncing filesystems ... done.
[   15.160322] Freezing user space processes ... (elapsed 0.001 seconds) done.
[   15.168627] Freezing remaining freezable tasks ... (elapsed 0.001 seconds) done.
[   15.177469] Suspending console(s) (use no_console_suspend to debug)
[   15.241064] PM: suspend of devices complete after 55.935 msecs
[   15.244418] PM: late suspend of devices complete after 3.336 msecs
[   15.247011] PM: noirq suspend of devices complete after 2.581 msecs
[   15.247016] Disabling non-boot CPUs ...
[   15.247513] IRQ17 no longer affine to CPU1
[   15.392884] Entering suspend state LP1
[   15.392884] Suspended for 7.626 seconds
[   15.392903] Enabling non-boot CPUs ...
[   15.423047] CPU1 is up
[   15.463179] CPU2 is up
[   15.503856] CPU3 is up
[   15.505098] PM: noirq resume of devices complete after 1.230 msecs
[   15.508005] PM: early resume of devices complete after 2.455 msecs
[   16.098648] PM: resume of devices complete after 590.626 msecs
[   16.163048] Restarting tasks ... done.
root@(none):/# 
root@(none):/# rtcwake -d rtc1 -m mem -s 3
rtcwake: assuming RTC uses UTC ...
rtcwake: wakeup from "mem" using /dev/rtc1 at Thu Jan  1 00:01:18 1970
[   16.498381] PM: Syncing filesystems ... done.
[   16.534683] Freezing user space processes ... (elapsed 0.001 seconds) done.
[   16.543042] Freezing remaining freezable tasks ... (elapsed 0.001 seconds) done.
[   16.551917] Suspending console(s) (use no_console_suspend to debug)
[   16.611624] PM: suspend of devices complete after 52.038 msecs
[   16.614576] PM: late suspend of devices complete after 2.937 msecs
[   16.617291] PM: noirq suspend of devices complete after 2.701 msecs
[   16.617296] Disabling non-boot CPUs ...
[   16.617802] IRQ17 no longer affine to CPU1
[   16.763528] Entering suspend state LP1
[   16.763528] Suspended for 7.629 seconds
[   16.763547] Enabling non-boot CPUs ...
[   16.793034] CPU1 is up
[   16.833136] CPU2 is up
[   16.873811] CPU3 is up
[   16.875072] PM: noirq resume of devices complete after 1.250 msecs
[   16.877590] PM: early resume of devices complete after 2.068 msecs
[   17.469141] PM: resume of devices complete after 591.535 msecs
[   17.533579] Restarting tasks ... done.
root@(none):/# 
root@(none):/# rtcwake -d rtc1 -m mem -s 3
rtcwake: assuming RTC uses UTC ...
rtcwake: wakeup from "mem" using /dev/rtc1 at Thu Jan  1 00:01:27 1970
[   17.903368] PM: Syncing filesystems ... done.
[   17.937670] Freezing user space processes ... (elapsed 0.001 seconds) done.
[   17.946027] Freezing remaining freezable tasks ... (elapsed 0.001 seconds) done.
[   17.954899] Suspending console(s) (use no_console_suspend to debug)
[   18.021347] PM: suspend of devices complete after 58.775 msecs
[   18.024279] PM: late suspend of devices complete after 2.916 msecs
[   18.026813] PM: noirq suspend of devices complete after 2.524 msecs
[   18.026818] Disabling non-boot CPUs ...
[   18.027320] IRQ17 no longer affine to CPU1
[   18.173494] Entering suspend state LP1
[   18.173494] Suspended for 7.590 seconds
[   18.173513] Enabling non-boot CPUs ...
[   18.202973] CPU1 is up
[   18.243141] CPU2 is up
[   18.283781] CPU3 is up
[   18.285030] PM: noirq resume of devices complete after 1.237 msecs
[   18.287533] PM: early resume of devices complete after 2.038 msecs
[   18.878412] PM: resume of devices complete after 590.862 msecs
[   18.942825] Restarting tasks ... done.
root@(none):/# 
root@(none):/# rtcwake -d rtc1 -m mem -s 3
rtcwake: assuming RTC uses UTC ...
rtcwake: wakeup from "mem" using /dev/rtc1 at Thu Jan  1 00:01:36 1970
[   19.311044] PM: Syncing filesystems ... done.
[   19.346783] Freezing user space processes ... (elapsed 0.001 seconds) done.
[   19.355141] Freezing remaining freezable tasks ... (elapsed 0.001 seconds) done.
[   19.364008] Suspending console(s) (use no_console_suspend to debug)
[   19.421240] PM: suspend of devices complete after 49.572 msecs
[   19.424161] PM: late suspend of devices complete after 2.906 msecs
[   19.426716] PM: noirq suspend of devices complete after 2.544 msecs
[   19.426721] Disabling non-boot CPUs ...
[   19.427223] IRQ17 no longer affine to CPU1
[   19.573301] Entering suspend state LP1
[   19.573301] Suspended for 7.600 seconds
[   19.573320] Enabling non-boot CPUs ...
[   19.602911] CPU1 is up
[   19.643064] CPU2 is up
[   19.683734] CPU3 is up
[   19.684978] PM: noirq resume of devices complete after 1.232 msecs
[   19.687499] PM: early resume of devices complete after 2.084 msecs
[   20.279453] PM: resume of devices complete after 591.935 msecs
[   20.343860] Restarting tasks ... done.
root@(none):/# 
root@(none):/# rtcwake -d rtc1 -m mem -s 3
rtcwake: assuming RTC uses UTC ...
rtcwake: wakeup from "mem" using /dev/rtc1 at Thu Jan  1 00:01:45 1970
[   20.708739] PM: Syncing filesystems ... done.
[   20.746758] Freezing user space processes ... (elapsed 0.001 seconds) done.
[   20.755110] Freezing remaining freezable tasks ... (elapsed 0.001 seconds) done.
[   20.763976] Suspending console(s) (use no_console_suspend to debug)
[   20.821476] PM: suspend of devices complete after 49.845 msecs
[   20.824432] PM: late suspend of devices complete after 2.939 msecs
[   20.826994] PM: noirq suspend of devices complete after 2.552 msecs
[   20.827000] Disabling non-boot CPUs ...
[   20.827496] IRQ17 no longer affine to CPU1
[   20.983252] Entering suspend state LP1
[   20.983252] Suspended for 7.590 seconds
[   20.983270] Enabling non-boot CPUs ...
[   21.012840] CPU1 is up
[   21.053022] CPU2 is up
[   21.093697] CPU3 is up
[   21.094963] PM: noirq resume of devices complete after 1.254 msecs
[   21.097586] PM: early resume of devices complete after 2.158 msecs
[   21.688694] PM: resume of devices complete after 591.092 msecs
[   21.753132] Restarting tasks ... done.
NVTB SYSTEM SUSPEND TEST COMPLETE
root@(none):/# 
root@(none):/# 