Diff for ./tegra114-dalmore-a04/tegra114-dalmore/multi_v7_defconfig_log.txt
--- /tmp/fooa	2014-11-19 02:33:19.830931641 -0800
+++ /tmp/foob	2014-11-19 02:33:19.834931642 -0800
@@ -37,20 +37,20 @@
 	 #################################################################
 	 #################################################################
 	 ########################################
-	 3.2 MiB/s
+	 2.8 MiB/s
 done
-Bytes transferred = 5347424 (519860 hex)
+Bytes transferred = 5347104 (519720 hex)
 Tegra114 (Dalmore) # tftpboot 0x82000000 tegra114-dalmore.dtb
 Using asx0 device
 TFTP from server 192.168.100.1; our IP address is 192.168.100.100
 Filename 'tegra114-dalmore.dtb'.
 Load address: 0x82000000
 Loading: *###
-	 2.6 MiB/s
+	 2.8 MiB/s
 done
 Bytes transferred = 34770 (87d2 hex)
 Tegra114 (Dalmore) # bootz 0x81000000 - 0x82000000
-Kernel image @ 0x81000000 [ 0x000000 - 0x519860 ]
+Kernel image @ 0x81000000 [ 0x000000 - 0x519720 ]
 ## Flattened Device Tree blob at 82000000
    Booting using the fdt blob at 0x82000000
    Loading Device Tree to 8fff4000, end 8ffff7d1 ... OK
@@ -58,7 +58,7 @@
 Starting kernel ...
 
 Booting Linux on physical CPU 0x0
-Linux version 3.18.0-rc5-next-20141118-100871-gfad15b6 (pwalmsley@tamien) (gcc version 4.7.3 20130328 (prerelease) (crosstool-NG linaro-1.13.1-4.7-2013.04-20130415 - Linaro GCC 2013.04) ) #1 SMP Tue Nov 18 01:48:38 PST 2014
+Linux version 3.18.0-rc5-next-20141119-101025-g36391a5 (pwalmsley@tamien) (gcc version 4.7.3 20130328 (prerelease) (crosstool-NG linaro-1.13.1-4.7-2013.04-20130415 - Linaro GCC 2013.04) ) #1 SMP Wed Nov 19 02:18:36 PST 2014
 CPU: ARMv7 Processor [412fc0f2] revision 2 (ARMv7), cr=10c5387d
 CPU: PIPT / VIPT nonaliasing data cache, PIPT instruction cache
 Machine model: NVIDIA Tegra114 Dalmore evaluation board
@@ -66,7 +66,7 @@
 cma: Reserved 64 MiB at 0xfb800000
 Memory policy: Data cache writealloc
 On node 0 totalpages: 524032
-free_area_init_node: node 0, pgdat c0d5ff00, node_mem_map ee7f8000
+free_area_init_node: node 0, pgdat c0d5df00, node_mem_map ee7f8000
   DMA zone: 1520 pages used for memmap
   DMA zone: 0 pages reserved
   DMA zone: 194560 pages, LIFO batch:31
@@ -80,7 +80,7 @@
 PID hash table entries: 4096 (order: 2, 16384 bytes)
 Dentry cache hash table entries: 131072 (order: 7, 524288 bytes)
 Inode-cache hash table entries: 65536 (order: 6, 262144 bytes)
-Memory: 2001292K/2096128K available (6912K kernel code, 917K rwdata, 2848K rodata, 748K init, 314K bss, 29300K reserved, 65536K cma-reserved, 1252352K highmem)
+Memory: 2001300K/2096128K available (6912K kernel code, 917K rwdata, 2844K rodata, 744K init, 314K bss, 29292K reserved, 65536K cma-reserved, 1252352K highmem)
 Virtual kernel memory layout:
     vector  : 0xffff0000 - 0xffff1000   (   4 kB)
     fixmap  : 0xffc00000 - 0xfff00000   (3072 kB)
@@ -88,10 +88,10 @@
     lowmem  : 0xc0000000 - 0xef800000   ( 760 MB)
     pkmap   : 0xbfe00000 - 0xc0000000   (   2 MB)
     modules : 0xbf000000 - 0xbfe00000   (  14 MB)
-      .text : 0xc0208000 - 0xc0b9052c   (9762 kB)
-      .init : 0xc0b91000 - 0xc0c4c000   ( 748 kB)
-      .data : 0xc0c4c000 - 0xc0d317e0   ( 918 kB)
-       .bss : 0xc0d317e0 - 0xc0d80068   ( 315 kB)
+      .text : 0xc0208000 - 0xc0b8f534   (9758 kB)
+      .init : 0xc0b90000 - 0xc0c4a000   ( 744 kB)
+      .data : 0xc0c4a000 - 0xc0d2f7e0   ( 918 kB)
+       .bss : 0xc0d2f7e0 - 0xc0d7e068   ( 315 kB)
 SLUB: HWalign=64, Order=0-3, MinObjects=0, CPUs=4, Nodes=1
 Hierarchical RCU implementation.
 	RCU restricting CPUs from NR_CPUS=8 to nr_cpu_ids=4.
@@ -114,7 +114,7 @@
 /cpus/cpu@2 missing clock-frequency property
 /cpus/cpu@3 missing clock-frequency property
 CPU0: thread -1, cpu 0, socket 0, mpidr 80000000
-Setting up static identity map for 0x80887e90 - 0x80887f28
+Setting up static identity map for 0x80887a70 - 0x80887b08
 Tegra Revision: A01 SKU: 0 CPU Process: 1 Core Process: 0
 CPU1: Booted secondary processor
 CPU1: thread -1, cpu 1, socket 0, mpidr 80000001
@@ -317,9 +317,12 @@
 usb2_vbus: supplied by vdd-sys-5v0
 vdd_hdmi_5v0: supplied by vdd-sys-5v0
 VDD_5V0_HDMI_CON: supplied by vdd-sys-5v0
-tegra-dc 54200000.dc: failed to attach to domain: -22
-host1x drm: failed to initialize 54200000.dc: -22
-host1x drm: probe failed: -22
+[drm] Supports vblank timestamp caching Rev 2 (21.10.2013).
+[drm] No driver support for vblank timestamp query.
+Console: switching to colour frame buffer device 240x75
+host1x drm: fb0:  frame buffer device
+host1x drm: registered panic notifier
+[drm] Initialized tegra 0.0.0 20120330 on minor 0
 platform 7d008000.usb: Driver tegra-ehci requests probe deferral
 tegra-ehci 7d008000.usb: EHCI Host Controller
 tegra-ehci 7d008000.usb: new USB bus registered, assigned bus number 1
@@ -328,8 +331,7 @@
 hub 1-0:1.0: USB hub found
 hub 1-0:1.0: 1 port detected
 input: gpio-keys as /devices/soc0/gpio-keys/input/input1
-palmas-rtc 7000d000.i2c:tps65913@58:rtc: setting system clock to 2000-04-25 05:05:43 UTC (956639143)
-VDD_5V0_HDMI_CON: disabling
+palmas-rtc 7000d000.i2c:tps65913@58:rtc: setting system clock to 2000-04-26 05:35:36 UTC (956727336)
 vdd_cam_1v8_reg: disabling
 vdd_hdmi_5v0: disabling
 usb1_vbus: disabling
@@ -341,7 +343,7 @@
 EXT4-fs (mmcblk0p1): mounted filesystem with ordered data mode. Opts: (null)
 VFS: Mounted root (ext3 filesystem) on device 179:1.
 devtmpfs: mounted
-Freeing unused kernel memory: 748K (c0b91000 - c0c4c000)
+Freeing unused kernel memory: 744K (c0b90000 - c0c4a000)
 bash: cannot set terminal process group (-1): Inappropriate ioctl for device
 bash: no job control in this shell
-root@(none):/# [    2.668608] usb 1-1: new high-speed USB device number 2 using tegra-ehci
+root@(none):/# [    2.753565] usb 1-1: new high-speed USB device number 2 using tegra-ehci
Diff for ./tegra114-dalmore-a04/tegra114-dalmore/tegra_defconfig_log.txt
--- /tmp/fooa	2014-11-19 02:33:19.838931642 -0800
+++ /tmp/foob	2014-11-19 02:33:19.842931642 -0800
@@ -38,18 +38,18 @@
 	 ################################################################
 	 2.9 MiB/s
 done
-Bytes transferred = 4746456 (486cd8 hex)
+Bytes transferred = 4746520 (486d18 hex)
 Tegra114 (Dalmore) # tftpboot 0x82000000 tegra114-dalmore.dtb
 Using asx0 device
 TFTP from server 192.168.100.1; our IP address is 192.168.100.100
 Filename 'tegra114-dalmore.dtb'.
 Load address: 0x82000000
 Loading: *###
-	 3.3 MiB/s
+	 2.8 MiB/s
 done
 Bytes transferred = 34770 (87d2 hex)
 Tegra114 (Dalmore) # bootz 0x81000000 - 0x82000000
-Kernel image @ 0x81000000 [ 0x000000 - 0x486cd8 ]
+Kernel image @ 0x81000000 [ 0x000000 - 0x486d18 ]
 ## Flattened Device Tree blob at 82000000
    Booting using the fdt blob at 0x82000000
    Loading Device Tree to 8fff4000, end 8ffff7d1 ... OK
@@ -60,7 +60,7 @@
 Booting Linux on physical CPU 0x0
 Initializing cgroup subsys cpu
 Initializing cgroup subsys cpuacct
-Linux version 3.18.0-rc5-next-20141118-62101-gfad15b6 (pwalmsley@kaivo) (gcc version 4.7.3 20130328 (prerelease) (crosstool-NG linaro-1.13.1-4.7-2013.04-20130415 - Linaro GCC 2013.04) ) #1 SMP PREEMPT Tue Nov 18 01:47:40 PST 2014
+Linux version 3.18.0-rc5-next-20141119-62255-g36391a5 (pwalmsley@kaivo) (gcc version 4.7.3 20130328 (prerelease) (crosstool-NG linaro-1.13.1-4.7-2013.04-20130415 - Linaro GCC 2013.04) ) #1 SMP PREEMPT Wed Nov 19 02:17:41 PST 2014
 CPU: ARMv7 Processor [412fc0f2] revision 2 (ARMv7), cr=10c5387d
 CPU: PIPT / VIPT nonaliasing data cache, PIPT instruction cache
 Machine model: NVIDIA Tegra114 Dalmore evaluation board
@@ -90,7 +90,7 @@
     lowmem  : 0xc0000000 - 0xef800000   ( 760 MB)
     pkmap   : 0xbfe00000 - 0xc0000000   (   2 MB)
     modules : 0xbf000000 - 0xbfe00000   (  14 MB)
-      .text : 0xc0008000 - 0xc087d844   (8663 kB)
+      .text : 0xc0008000 - 0xc087d850   (8663 kB)
       .init : 0xc087e000 - 0xc08c8000   ( 296 kB)
       .data : 0xc08c8000 - 0xc091e120   ( 345 kB)
        .bss : 0xc091e120 - 0xc09799dc   ( 367 kB)
@@ -115,7 +115,7 @@
 /cpus/cpu@2 missing clock-frequency property
 /cpus/cpu@3 missing clock-frequency property
 CPU0: thread -1, cpu 0, socket 0, mpidr 80000000
-Setting up static identity map for 0x80629608 - 0x806296a0
+Setting up static identity map for 0x80629520 - 0x806295b8
 Tegra Revision: A01 SKU: 0 CPU Process: 1 Core Process: 0
 CPU1: Booted secondary processor
 CPU1: thread -1, cpu 1, socket 0, mpidr 80000001
@@ -315,9 +315,12 @@
 usb2_vbus: supplied by vdd-sys-5v0
 vdd_hdmi_5v0: supplied by vdd-sys-5v0
 VDD_5V0_HDMI_CON: supplied by vdd-sys-5v0
-tegra-dc 54200000.dc: failed to attach to domain: -22
-host1x drm: failed to initialize 54200000.dc: -22
-host1x drm: probe failed: -22
+[drm] Supports vblank timestamp caching Rev 2 (21.10.2013).
+[drm] No driver support for vblank timestamp query.
+Console: switching to colour frame buffer device 240x75
+host1x drm: fb0:  frame buffer device
+host1x drm: registered panic notifier
+[drm] Initialized tegra 0.0.0 20120330 on minor 0
 platform 7d008000.usb: Driver tegra-ehci requests probe deferral
 tegra-ehci 7d008000.usb: EHCI Host Controller
 tegra-ehci 7d008000.usb: new USB bus registered, assigned bus number 1
@@ -326,8 +329,7 @@
 hub 1-0:1.0: USB hub found
 hub 1-0:1.0: 1 port detected
 input: gpio-keys as /devices/soc0/gpio-keys/input/input1
-palmas-rtc 7000d000.i2c:tps65913@58:rtc: setting system clock to 2000-04-25 05:05:11 UTC (956639111)
-VDD_5V0_HDMI_CON: disabling
+palmas-rtc 7000d000.i2c:tps65913@58:rtc: setting system clock to 2000-04-26 05:35:04 UTC (956727304)
 vdd_cam_1v8_reg: disabling
 vdd_hdmi_5v0: disabling
 usb1_vbus: disabling
@@ -343,4 +345,4 @@
 Freeing unused kernel memory: 296K (c087e000 - c08c8000)
 bash: cannot set terminal process group (-1): Inappropriate ioctl for device
 bash: no job control in this shell
-root@(none):/# [    2.870648] usb 1-1: new high-speed USB device number 2 using tegra-ehci
+root@(none):/# [    2.980816] usb 1-1: new high-speed USB device number 2 using tegra-ehci
Diff for ./tegra114-dalmore-a04/tegra114-dalmore/tegra_defconfig%tegra114_mergeconfig_log.txt
--- /tmp/fooa	2014-11-19 02:33:19.846931643 -0800
+++ /tmp/foob	2014-11-19 02:33:19.846931643 -0800
@@ -36,9 +36,9 @@
 	 #################################################################
 	 #################################################################
 	 ##############################################################
-	 2.8 MiB/s
+	 2.9 MiB/s
 done
-Bytes transferred = 4713784 (47ed38 hex)
+Bytes transferred = 4713656 (47ecb8 hex)
 Tegra114 (Dalmore) # tftpboot 0x82000000 tegra114-dalmore.dtb
 Using asx0 device
 TFTP from server 192.168.100.1; our IP address is 192.168.100.100
@@ -49,7 +49,7 @@
 done
 Bytes transferred = 34770 (87d2 hex)
 Tegra114 (Dalmore) # bootz 0x81000000 - 0x82000000
-Kernel image @ 0x81000000 [ 0x000000 - 0x47ed38 ]
+Kernel image @ 0x81000000 [ 0x000000 - 0x47ecb8 ]
 ## Flattened Device Tree blob at 82000000
    Booting using the fdt blob at 0x82000000
    Loading Device Tree to 8fff4000, end 8ffff7d1 ... OK
@@ -60,7 +60,7 @@
 Booting Linux on physical CPU 0x0
 Initializing cgroup subsys cpu
 Initializing cgroup subsys cpuacct
-Linux version 3.18.0-rc5-next-20141118-62101-gfad15b6 (pwalmsley@kaivo) (gcc version 4.7.3 20130328 (prerelease) (crosstool-NG linaro-1.13.1-4.7-2013.04-20130415 - Linaro GCC 2013.04) ) #1 SMP PREEMPT Tue Nov 18 01:53:11 PST 2014
+Linux version 3.18.0-rc5-next-20141119-62255-g36391a5 (pwalmsley@kaivo) (gcc version 4.7.3 20130328 (prerelease) (crosstool-NG linaro-1.13.1-4.7-2013.04-20130415 - Linaro GCC 2013.04) ) #1 SMP PREEMPT Wed Nov 19 02:22:55 PST 2014
 CPU: ARMv7 Processor [412fc0f2] revision 2 (ARMv7), cr=10c5387d
 CPU: PIPT / VIPT nonaliasing data cache, PIPT instruction cache
 Machine model: NVIDIA Tegra114 Dalmore evaluation board
@@ -82,7 +82,7 @@
 PID hash table entries: 4096 (order: 2, 16384 bytes)
 Dentry cache hash table entries: 131072 (order: 7, 524288 bytes)
 Inode-cache hash table entries: 65536 (order: 6, 262144 bytes)
-Memory: 2003476K/2096128K available (6476K kernel code, 329K rwdata, 2104K rodata, 280K init, 366K bss, 27116K reserved, 65536K cma-reserved, 1252352K highmem)
+Memory: 2003476K/2096128K available (6476K kernel code, 329K rwdata, 2104K rodata, 280K init, 365K bss, 27116K reserved, 65536K cma-reserved, 1252352K highmem)
 Virtual kernel memory layout:
     vector  : 0xffff0000 - 0xffff1000   (   4 kB)
     fixmap  : 0xffc00000 - 0xfff00000   (3072 kB)
@@ -90,10 +90,10 @@
     lowmem  : 0xc0000000 - 0xef800000   ( 760 MB)
     pkmap   : 0xbfe00000 - 0xc0000000   (   2 MB)
     modules : 0xbf000000 - 0xbfe00000   (  14 MB)
-      .text : 0xc0008000 - 0xc0869480   (8582 kB)
+      .text : 0xc0008000 - 0xc086948c   (8582 kB)
       .init : 0xc086a000 - 0xc08b0000   ( 280 kB)
       .data : 0xc08b0000 - 0xc0902620   ( 330 kB)
-       .bss : 0xc0902620 - 0xc095de5c   ( 367 kB)
+       .bss : 0xc0902620 - 0xc095de1c   ( 366 kB)
 Preemptible hierarchical RCU implementation.
 NR_IRQS:16 nr_irqs:16 16
 L2C: failed to init: -19
@@ -115,7 +115,7 @@
 /cpus/cpu@2 missing clock-frequency property
 /cpus/cpu@3 missing clock-frequency property
 CPU0: thread -1, cpu 0, socket 0, mpidr 80000000
-Setting up static identity map for 0x80624080 - 0x80624118
+Setting up static identity map for 0x80623f98 - 0x80624030
 Tegra Revision: A01 SKU: 0 CPU Process: 1 Core Process: 0
 CPU1: Booted secondary processor
 CPU1: thread -1, cpu 1, socket 0, mpidr 80000001
@@ -315,9 +315,12 @@
 usb2_vbus: supplied by vdd-sys-5v0
 vdd_hdmi_5v0: supplied by vdd-sys-5v0
 VDD_5V0_HDMI_CON: supplied by vdd-sys-5v0
-tegra-dc 54200000.dc: failed to attach to domain: -22
-host1x drm: failed to initialize 54200000.dc: -22
-host1x drm: probe failed: -22
+[drm] Supports vblank timestamp caching Rev 2 (21.10.2013).
+[drm] No driver support for vblank timestamp query.
+Console: switching to colour frame buffer device 240x75
+host1x drm: fb0:  frame buffer device
+host1x drm: registered panic notifier
+[drm] Initialized tegra 0.0.0 20120330 on minor 0
 platform 7d008000.usb: Driver tegra-ehci requests probe deferral
 tegra-snd-rt5640 sound: ASoC: CPU DAI (null) not registered
 tegra-snd-rt5640 sound: snd_soc_register_card failed (-517)
@@ -334,9 +337,8 @@
 input: gpio-keys as /devices/soc0/gpio-keys/input/input0
 tegra-snd-rt5640 sound: ASoC: CPU DAI (null) not registered
 tegra-snd-rt5640 sound: snd_soc_register_card failed (-517)
+palmas-rtc 7000d000.i2c:tps65913@58:rtc: setting system clock to 2000-04-26 05:39:59 UTC (956727599)
 platform sound: Driver tegra-snd-rt5640 requests probe deferral
-palmas-rtc 7000d000.i2c:tps65913@58:rtc: setting system clock to 2000-04-25 05:10:10 UTC (956639410)
-VDD_5V0_HDMI_CON: disabling
 vdd_cam_1v8_reg: disabling
 vdd_hdmi_5v0: disabling
 usb1_vbus: disabling
@@ -352,4 +354,4 @@
 Freeing unused kernel memory: 280K (c086a000 - c08b0000)
 bash: cannot set terminal process group (-1): Inappropriate ioctl for device
 bash: no job control in this shell
-root@(none):/# [    2.860547] usb 1-1: new high-speed USB device number 2 using tegra-ehci
+root@(none):/# [    2.970512] usb 1-1: new high-speed USB device number 2 using tegra-ehci
Diff for ./tegra114-dalmore-a04/tegra114-dalmore/tegra_defconfig%tegra20,114_mergeconfig_log.txt
--- /tmp/fooa	2014-11-19 02:33:19.854931646 -0800
+++ /tmp/foob	2014-11-19 02:33:19.854931646 -0800
@@ -38,7 +38,7 @@
 	 ###############################################################
 	 2.8 MiB/s
 done
-Bytes transferred = 4729744 (482b90 hex)
+Bytes transferred = 4731888 (4833f0 hex)
 Tegra114 (Dalmore) # tftpboot 0x82000000 tegra114-dalmore.dtb
 Using asx0 device
 TFTP from server 192.168.100.1; our IP address is 192.168.100.100
@@ -49,7 +49,7 @@
 done
 Bytes transferred = 34770 (87d2 hex)
 Tegra114 (Dalmore) # bootz 0x81000000 - 0x82000000
-Kernel image @ 0x81000000 [ 0x000000 - 0x482b90 ]
+Kernel image @ 0x81000000 [ 0x000000 - 0x4833f0 ]
 ## Flattened Device Tree blob at 82000000
    Booting using the fdt blob at 0x82000000
    Loading Device Tree to 8fff4000, end 8ffff7d1 ... OK
@@ -60,7 +60,7 @@
 Booting Linux on physical CPU 0x0
 Initializing cgroup subsys cpu
 Initializing cgroup subsys cpuacct
-Linux version 3.18.0-rc5-next-20141118-100871-gfad15b6 (pwalmsley@tamien) (gcc version 4.7.3 20130328 (prerelease) (crosstool-NG linaro-1.13.1-4.7-2013.04-20130415 - Linaro GCC 2013.04) ) #1 SMP PREEMPT Tue Nov 18 01:54:34 PST 2014
+Linux version 3.18.0-rc5-next-20141119-101025-g36391a5 (pwalmsley@tamien) (gcc version 4.7.3 20130328 (prerelease) (crosstool-NG linaro-1.13.1-4.7-2013.04-20130415 - Linaro GCC 2013.04) ) #1 SMP PREEMPT Wed Nov 19 02:24:37 PST 2014
 CPU: ARMv7 Processor [412fc0f2] revision 2 (ARMv7), cr=10c5387d
 CPU: PIPT / VIPT nonaliasing data cache, PIPT instruction cache
 Machine model: NVIDIA Tegra114 Dalmore evaluation board
@@ -90,7 +90,7 @@
     lowmem  : 0xc0000000 - 0xef800000   ( 760 MB)
     pkmap   : 0xbfe00000 - 0xc0000000   (   2 MB)
     modules : 0xbf000000 - 0xbfe00000   (  14 MB)
-      .text : 0xc0008000 - 0xc08726fc   (8618 kB)
+      .text : 0xc0008000 - 0xc0872708   (8618 kB)
       .init : 0xc0873000 - 0xc08bc000   ( 292 kB)
       .data : 0xc08bc000 - 0xc09104a0   ( 338 kB)
        .bss : 0xc09104a0 - 0xc096bd1c   ( 367 kB)
@@ -115,7 +115,7 @@
 /cpus/cpu@2 missing clock-frequency property
 /cpus/cpu@3 missing clock-frequency property
 CPU0: thread -1, cpu 0, socket 0, mpidr 80000000
-Setting up static identity map for 0x80626ff0 - 0x80627088
+Setting up static identity map for 0x80626f08 - 0x80626fa0
 Tegra Revision: A01 SKU: 0 CPU Process: 1 Core Process: 0
 CPU1: Booted secondary processor
 CPU1: thread -1, cpu 1, socket 0, mpidr 80000001
@@ -315,9 +315,12 @@
 usb2_vbus: supplied by vdd-sys-5v0
 vdd_hdmi_5v0: supplied by vdd-sys-5v0
 VDD_5V0_HDMI_CON: supplied by vdd-sys-5v0
-tegra-dc 54200000.dc: failed to attach to domain: -22
-host1x drm: failed to initialize 54200000.dc: -22
-host1x drm: probe failed: -22
+[drm] Supports vblank timestamp caching Rev 2 (21.10.2013).
+[drm] No driver support for vblank timestamp query.
+Console: switching to colour frame buffer device 240x75
+host1x drm: fb0:  frame buffer device
+host1x drm: registered panic notifier
+[drm] Initialized tegra 0.0.0 20120330 on minor 0
 platform 7d008000.usb: Driver tegra-ehci requests probe deferral
 tegra-snd-rt5640 sound: ASoC: CPU DAI (null) not registered
 tegra-snd-rt5640 sound: snd_soc_register_card failed (-517)
@@ -333,10 +336,9 @@
 platform sound: Driver tegra-snd-rt5640 requests probe deferral
 input: gpio-keys as /devices/soc0/gpio-keys/input/input0
 tegra-snd-rt5640 sound: ASoC: CPU DAI (null) not registered
+palmas-rtc 7000d000.i2c:tps65913@58:rtc: setting system clock to 2000-04-26 05:41:44 UTC (956727704)
 tegra-snd-rt5640 sound: snd_soc_register_card failed (-517)
 platform sound: Driver tegra-snd-rt5640 requests probe deferral
-palmas-rtc 7000d000.i2c:tps65913@58:rtc: setting system clock to 2000-04-25 05:11:38 UTC (956639498)
-VDD_5V0_HDMI_CON: disabling
 vdd_cam_1v8_reg: disabling
 vdd_hdmi_5v0: disabling
 usb1_vbus: disabling
@@ -352,4 +354,4 @@
 Freeing unused kernel memory: 292K (c0873000 - c08bc000)
 bash: cannot set terminal process group (-1): Inappropriate ioctl for device
 bash: no job control in this shell
-root@(none):/# [    2.860819] usb 1-1: new high-speed USB device number 2 using tegra-ehci
+root@(none):/# [    2.980847] usb 1-1: new high-speed USB device number 2 using tegra-ehci
Diff for ./tegra114-dalmore-a04/tegra114-dalmore/tegra_defconfig%tegra30,114_mergeconfig_log.txt
--- /tmp/fooa	2014-11-19 02:33:19.862931649 -0800
+++ /tmp/foob	2014-11-19 02:33:19.862931649 -0800
@@ -36,20 +36,20 @@
 	 #################################################################
 	 #################################################################
 	 ###############################################################
-	 2.8 MiB/s
+	 2.9 MiB/s
 done
-Bytes transferred = 4730632 (482f08 hex)
+Bytes transferred = 4730736 (482f70 hex)
 Tegra114 (Dalmore) # tftpboot 0x82000000 tegra114-dalmore.dtb
 Using asx0 device
 TFTP from server 192.168.100.1; our IP address is 192.168.100.100
 Filename 'tegra114-dalmore.dtb'.
 Load address: 0x82000000
 Loading: *###
-	 2.6 MiB/s
+	 2.8 MiB/s
 done
 Bytes transferred = 34770 (87d2 hex)
 Tegra114 (Dalmore) # bootz 0x81000000 - 0x82000000
-Kernel image @ 0x81000000 [ 0x000000 - 0x482f08 ]
+Kernel image @ 0x81000000 [ 0x000000 - 0x482f70 ]
 ## Flattened Device Tree blob at 82000000
    Booting using the fdt blob at 0x82000000
    Loading Device Tree to 8fff4000, end 8ffff7d1 ... OK
@@ -60,7 +60,7 @@
 Booting Linux on physical CPU 0x0
 Initializing cgroup subsys cpu
 Initializing cgroup subsys cpuacct
-Linux version 3.18.0-rc5-next-20141118-100871-gfad15b6 (pwalmsley@tamien) (gcc version 4.7.3 20130328 (prerelease) (crosstool-NG linaro-1.13.1-4.7-2013.04-20130415 - Linaro GCC 2013.04) ) #1 SMP PREEMPT Tue Nov 18 01:57:34 PST 2014
+Linux version 3.18.0-rc5-next-20141119-101025-g36391a5 (pwalmsley@tamien) (gcc version 4.7.3 20130328 (prerelease) (crosstool-NG linaro-1.13.1-4.7-2013.04-20130415 - Linaro GCC 2013.04) ) #1 SMP PREEMPT Wed Nov 19 02:27:38 PST 2014
 CPU: ARMv7 Processor [412fc0f2] revision 2 (ARMv7), cr=10c5387d
 CPU: PIPT / VIPT nonaliasing data cache, PIPT instruction cache
 Machine model: NVIDIA Tegra114 Dalmore evaluation board
@@ -90,7 +90,7 @@
     lowmem  : 0xc0000000 - 0xef800000   ( 760 MB)
     pkmap   : 0xbfe00000 - 0xc0000000   (   2 MB)
     modules : 0xbf000000 - 0xbfe00000   (  14 MB)
-      .text : 0xc0008000 - 0xc08745e0   (8626 kB)
+      .text : 0xc0008000 - 0xc08745ec   (8626 kB)
       .init : 0xc0875000 - 0xc08be000   ( 292 kB)
       .data : 0xc08be000 - 0xc0912220   ( 337 kB)
        .bss : 0xc0912220 - 0xc096da5c   ( 367 kB)
@@ -115,7 +115,7 @@
 /cpus/cpu@2 missing clock-frequency property
 /cpus/cpu@3 missing clock-frequency property
 CPU0: thread -1, cpu 0, socket 0, mpidr 80000000
-Setting up static identity map for 0x80626718 - 0x806267b0
+Setting up static identity map for 0x80626630 - 0x806266c8
 Tegra Revision: A01 SKU: 0 CPU Process: 1 Core Process: 0
 CPU1: Booted secondary processor
 CPU1: thread -1, cpu 1, socket 0, mpidr 80000001
@@ -315,9 +315,12 @@
 usb2_vbus: supplied by vdd-sys-5v0
 vdd_hdmi_5v0: supplied by vdd-sys-5v0
 VDD_5V0_HDMI_CON: supplied by vdd-sys-5v0
-tegra-dc 54200000.dc: failed to attach to domain: -22
-host1x drm: failed to initialize 54200000.dc: -22
-host1x drm: probe failed: -22
+[drm] Supports vblank timestamp caching Rev 2 (21.10.2013).
+[drm] No driver support for vblank timestamp query.
+Console: switching to colour frame buffer device 240x75
+host1x drm: fb0:  frame buffer device
+host1x drm: registered panic notifier
+[drm] Initialized tegra 0.0.0 20120330 on minor 0
 platform 7d008000.usb: Driver tegra-ehci requests probe deferral
 tegra-ehci 7d008000.usb: EHCI Host Controller
 tegra-ehci 7d008000.usb: new USB bus registered, assigned bus number 1
@@ -326,8 +329,7 @@
 hub 1-0:1.0: USB hub found
 hub 1-0:1.0: 1 port detected
 input: gpio-keys as /devices/soc0/gpio-keys/input/input1
-palmas-rtc 7000d000.i2c:tps65913@58:rtc: setting system clock to 2000-04-25 05:14:37 UTC (956639677)
-VDD_5V0_HDMI_CON: disabling
+palmas-rtc 7000d000.i2c:tps65913@58:rtc: setting system clock to 2000-04-26 05:44:44 UTC (956727884)
 vdd_cam_1v8_reg: disabling
 vdd_hdmi_5v0: disabling
 usb1_vbus: disabling
@@ -343,4 +345,4 @@
 Freeing unused kernel memory: 292K (c0875000 - c08be000)
 bash: cannot set terminal process group (-1): Inappropriate ioctl for device
 bash: no job control in this shell
-root@(none):/# [    2.870609] usb 1-1: new high-speed USB device number 2 using tegra-ehci
+root@(none):/# [    2.970545] usb 1-1: new high-speed USB device number 2 using tegra-ehci
Diff for ./tegra124-jetson-tk1/tegra124-jetson-tk1/multi_v7_defconfig_log.txt
--- /tmp/fooa	2014-11-19 02:33:19.866931651 -0800
+++ /tmp/foob	2014-11-19 02:33:19.870931652 -0800
@@ -39,20 +39,20 @@
 	 #################################################################
 	 #################################################################
 	 ########################################
-	 3.1 MiB/s
+	 2.8 MiB/s
 done
-Bytes transferred = 5347424 (519860 hex)
+Bytes transferred = 5347104 (519720 hex)
 Tegra124 (Jetson TK1) # tftpboot 0x82000000 tegra124-jetson-tk1.dtb
 Using asx0 device
 TFTP from server 192.168.100.1; our IP address is 192.168.100.102
 Filename 'tegra124-jetson-tk1.dtb'.
 Load address: 0x82000000
 Loading: *####
-	 3.1 MiB/s
+	 2.6 MiB/s
 done
 Bytes transferred = 48590 (bdce hex)
 Tegra124 (Jetson TK1) # bootz 0x81000000 - 0x82000000
-Kernel image @ 0x81000000 [ 0x000000 - 0x519860 ]
+Kernel image @ 0x81000000 [ 0x000000 - 0x519720 ]
 ## Flattened Device Tree blob at 82000000
    Booting using the fdt blob at 0x82000000
    Using Device Tree in place at 82000000, end 8200edcd
@@ -60,7 +60,7 @@
 Starting kernel ...
 
 Booting Linux on physical CPU 0x0
-Linux version 3.18.0-rc5-next-20141118-100871-gfad15b6 (pwalmsley@tamien) (gcc version 4.7.3 20130328 (prerelease) (crosstool-NG linaro-1.13.1-4.7-2013.04-20130415 - Linaro GCC 2013.04) ) #1 SMP Tue Nov 18 01:48:38 PST 2014
+Linux version 3.18.0-rc5-next-20141119-101025-g36391a5 (pwalmsley@tamien) (gcc version 4.7.3 20130328 (prerelease) (crosstool-NG linaro-1.13.1-4.7-2013.04-20130415 - Linaro GCC 2013.04) ) #1 SMP Wed Nov 19 02:18:36 PST 2014
 CPU: ARMv7 Processor [413fc0f3] revision 3 (ARMv7), cr=10c5387d
 CPU: PIPT / VIPT nonaliasing data cache, PIPT instruction cache
 Machine model: NVIDIA Tegra124 Jetson TK1
@@ -68,7 +68,7 @@
 cma: Reserved 64 MiB at 0xfb800000
 Memory policy: Data cache writealloc
 On node 0 totalpages: 524032
-free_area_init_node: node 0, pgdat c0d5ff00, node_mem_map ee7f8000
+free_area_init_node: node 0, pgdat c0d5df00, node_mem_map ee7f8000
   DMA zone: 1520 pages used for memmap
   DMA zone: 0 pages reserved
   DMA zone: 194560 pages, LIFO batch:31
@@ -82,7 +82,7 @@
 PID hash table entries: 4096 (order: 2, 16384 bytes)
 Dentry cache hash table entries: 131072 (order: 7, 524288 bytes)
 Inode-cache hash table entries: 65536 (order: 6, 262144 bytes)
-Memory: 2001228K/2096128K available (6912K kernel code, 917K rwdata, 2848K rodata, 748K init, 314K bss, 29364K reserved, 65536K cma-reserved, 1252352K highmem)
+Memory: 2001236K/2096128K available (6912K kernel code, 917K rwdata, 2844K rodata, 744K init, 314K bss, 29356K reserved, 65536K cma-reserved, 1252352K highmem)
 Virtual kernel memory layout:
     vector  : 0xffff0000 - 0xffff1000   (   4 kB)
     fixmap  : 0xffc00000 - 0xfff00000   (3072 kB)
@@ -90,10 +90,10 @@
     lowmem  : 0xc0000000 - 0xef800000   ( 760 MB)
     pkmap   : 0xbfe00000 - 0xc0000000   (   2 MB)
     modules : 0xbf000000 - 0xbfe00000   (  14 MB)
-      .text : 0xc0208000 - 0xc0b9052c   (9762 kB)
-      .init : 0xc0b91000 - 0xc0c4c000   ( 748 kB)
-      .data : 0xc0c4c000 - 0xc0d317e0   ( 918 kB)
-       .bss : 0xc0d317e0 - 0xc0d80068   ( 315 kB)
+      .text : 0xc0208000 - 0xc0b8f534   (9758 kB)
+      .init : 0xc0b90000 - 0xc0c4a000   ( 744 kB)
+      .data : 0xc0c4a000 - 0xc0d2f7e0   ( 918 kB)
+       .bss : 0xc0d2f7e0 - 0xc0d7e068   ( 315 kB)
 SLUB: HWalign=64, Order=0-3, MinObjects=0, CPUs=4, Nodes=1
 Hierarchical RCU implementation.
 	RCU restricting CPUs from NR_CPUS=8 to nr_cpu_ids=4.
@@ -116,7 +116,7 @@
 /cpus/cpu@2 missing clock-frequency property
 /cpus/cpu@3 missing clock-frequency property
 CPU0: thread -1, cpu 0, socket 0, mpidr 80000000
-Setting up static identity map for 0x80887e90 - 0x80887f28
+Setting up static identity map for 0x80887a70 - 0x80887b08
 Tegra Revision: A01 SKU: 129 CPU Process: 1 Core Process: 1
 CPU1: Booted secondary processor
 CPU1: thread -1, cpu 1, socket 0, mpidr 80000001
@@ -394,7 +394,7 @@
 hub 2-0:1.0: USB hub found
 hub 2-0:1.0: 1 port detected
 input: gpio-keys as /devices/soc0/gpio-keys/input/input1
-as3722-rtc as3722-rtc: setting system clock to 2000-02-01 00:00:51 UTC (949363251)
+as3722-rtc as3722-rtc: setting system clock to 2000-02-01 00:00:19 UTC (949363219)
 +1.05V_RUN_AVDD_HDMI_PLL: disabling
 +1.8V_RUN_VPP_FUSE: disabling
 +2.8V_RUN_CAM_AF: disabling
@@ -413,7 +413,7 @@
 EXT4-fs (mmcblk0p1): mounted filesystem with ordered data mode. Opts: (null)
 VFS: Mounted root (ext4 filesystem) on device 179:1.
 devtmpfs: mounted
-Freeing unused kernel memory: 748K (c0b91000 - c0c4c000)
+Freeing unused kernel memory: 744K (c0b90000 - c0c4a000)
 bash: cannot set terminal process group (-1): Inappropriate ioctl for device
 bash: no job control in this shell
-root@(none):/# [    5.629535] usb 2-1: new high-speed USB device number 2 using tegra-ehci
+root@(none):/# [    5.634334] usb 2-1: new high-speed USB device number 2 using tegra-ehci
Diff for ./tegra124-jetson-tk1/tegra124-jetson-tk1/tegra_defconfig_log.txt
--- /tmp/fooa	2014-11-19 02:33:19.874931653 -0800
+++ /tmp/foob	2014-11-19 02:33:19.878931654 -0800
@@ -38,20 +38,20 @@
 	 #################################################################
 	 #################################################################
 	 ################################################################
-	 3.1 MiB/s
+	 2.8 MiB/s
 done
-Bytes transferred = 4746456 (486cd8 hex)
+Bytes transferred = 4746520 (486d18 hex)
 Tegra124 (Jetson TK1) # tftpboot 0x82000000 tegra124-jetson-tk1.dtb
 Using asx0 device
 TFTP from server 192.168.100.1; our IP address is 192.168.100.102
 Filename 'tegra124-jetson-tk1.dtb'.
 Load address: 0x82000000
 Loading: *####
-	 2.6 MiB/s
+	 2.7 MiB/s
 done
 Bytes transferred = 48590 (bdce hex)
 Tegra124 (Jetson TK1) # bootz 0x81000000 - 0x82000000
-Kernel image @ 0x81000000 [ 0x000000 - 0x486cd8 ]
+Kernel image @ 0x81000000 [ 0x000000 - 0x486d18 ]
 ## Flattened Device Tree blob at 82000000
    Booting using the fdt blob at 0x82000000
    Using Device Tree in place at 82000000, end 8200edcd
@@ -62,7 +62,7 @@
 Booting Linux on physical CPU 0x0
 Initializing cgroup subsys cpu
 Initializing cgroup subsys cpuacct
-Linux version 3.18.0-rc5-next-20141118-62101-gfad15b6 (pwalmsley@kaivo) (gcc version 4.7.3 20130328 (prerelease) (crosstool-NG linaro-1.13.1-4.7-2013.04-20130415 - Linaro GCC 2013.04) ) #1 SMP PREEMPT Tue Nov 18 01:47:40 PST 2014
+Linux version 3.18.0-rc5-next-20141119-62255-g36391a5 (pwalmsley@kaivo) (gcc version 4.7.3 20130328 (prerelease) (crosstool-NG linaro-1.13.1-4.7-2013.04-20130415 - Linaro GCC 2013.04) ) #1 SMP PREEMPT Wed Nov 19 02:17:41 PST 2014
 CPU: ARMv7 Processor [413fc0f3] revision 3 (ARMv7), cr=10c5387d
 CPU: PIPT / VIPT nonaliasing data cache, PIPT instruction cache
 Machine model: NVIDIA Tegra124 Jetson TK1
@@ -92,7 +92,7 @@
     lowmem  : 0xc0000000 - 0xef800000   ( 760 MB)
     pkmap   : 0xbfe00000 - 0xc0000000   (   2 MB)
     modules : 0xbf000000 - 0xbfe00000   (  14 MB)
-      .text : 0xc0008000 - 0xc087d844   (8663 kB)
+      .text : 0xc0008000 - 0xc087d850   (8663 kB)
       .init : 0xc087e000 - 0xc08c8000   ( 296 kB)
       .data : 0xc08c8000 - 0xc091e120   ( 345 kB)
        .bss : 0xc091e120 - 0xc09799dc   ( 367 kB)
@@ -117,7 +117,7 @@
 /cpus/cpu@2 missing clock-frequency property
 /cpus/cpu@3 missing clock-frequency property
 CPU0: thread -1, cpu 0, socket 0, mpidr 80000000
-Setting up static identity map for 0x80629608 - 0x806296a0
+Setting up static identity map for 0x80629520 - 0x806295b8
 Tegra Revision: A01 SKU: 129 CPU Process: 1 Core Process: 1
 CPU1: Booted secondary processor
 CPU1: thread -1, cpu 1, socket 0, mpidr 80000001
Diff for ./tegra124-jetson-tk1/tegra124-jetson-tk1/tegra_defconfig%tegra124_mergeconfig_log.txt
--- /tmp/fooa	2014-11-19 02:33:19.882931655 -0800
+++ /tmp/foob	2014-11-19 02:33:19.886931657 -0800
@@ -40,7 +40,7 @@
 	 ##############################################################
 	 2.8 MiB/s
 done
-Bytes transferred = 4713784 (47ed38 hex)
+Bytes transferred = 4713656 (47ecb8 hex)
 Tegra124 (Jetson TK1) # tftpboot 0x82000000 tegra124-jetson-tk1.dtb
 Using asx0 device
 TFTP from server 192.168.100.1; our IP address is 192.168.100.102
@@ -51,7 +51,7 @@
 done
 Bytes transferred = 48590 (bdce hex)
 Tegra124 (Jetson TK1) # bootz 0x81000000 - 0x82000000
-Kernel image @ 0x81000000 [ 0x000000 - 0x47ed38 ]
+Kernel image @ 0x81000000 [ 0x000000 - 0x47ecb8 ]
 ## Flattened Device Tree blob at 82000000
    Booting using the fdt blob at 0x82000000
    Using Device Tree in place at 82000000, end 8200edcd
@@ -62,7 +62,7 @@
 Booting Linux on physical CPU 0x0
 Initializing cgroup subsys cpu
 Initializing cgroup subsys cpuacct
-Linux version 3.18.0-rc5-next-20141118-62101-gfad15b6 (pwalmsley@kaivo) (gcc version 4.7.3 20130328 (prerelease) (crosstool-NG linaro-1.13.1-4.7-2013.04-20130415 - Linaro GCC 2013.04) ) #1 SMP PREEMPT Tue Nov 18 01:58:24 PST 2014
+Linux version 3.18.0-rc5-next-20141119-62255-g36391a5 (pwalmsley@kaivo) (gcc version 4.7.3 20130328 (prerelease) (crosstool-NG linaro-1.13.1-4.7-2013.04-20130415 - Linaro GCC 2013.04) ) #1 SMP PREEMPT Wed Nov 19 02:28:10 PST 2014
 CPU: ARMv7 Processor [413fc0f3] revision 3 (ARMv7), cr=10c5387d
 CPU: PIPT / VIPT nonaliasing data cache, PIPT instruction cache
 Machine model: NVIDIA Tegra124 Jetson TK1
@@ -84,7 +84,7 @@
 PID hash table entries: 4096 (order: 2, 16384 bytes)
 Dentry cache hash table entries: 131072 (order: 7, 524288 bytes)
 Inode-cache hash table entries: 65536 (order: 6, 262144 bytes)
-Memory: 2003412K/2096128K available (6476K kernel code, 329K rwdata, 2104K rodata, 280K init, 366K bss, 27180K reserved, 65536K cma-reserved, 1252352K highmem)
+Memory: 2003412K/2096128K available (6476K kernel code, 329K rwdata, 2104K rodata, 280K init, 365K bss, 27180K reserved, 65536K cma-reserved, 1252352K highmem)
 Virtual kernel memory layout:
     vector  : 0xffff0000 - 0xffff1000   (   4 kB)
     fixmap  : 0xffc00000 - 0xfff00000   (3072 kB)
@@ -92,10 +92,10 @@
     lowmem  : 0xc0000000 - 0xef800000   ( 760 MB)
     pkmap   : 0xbfe00000 - 0xc0000000   (   2 MB)
     modules : 0xbf000000 - 0xbfe00000   (  14 MB)
-      .text : 0xc0008000 - 0xc0869480   (8582 kB)
+      .text : 0xc0008000 - 0xc086948c   (8582 kB)
       .init : 0xc086a000 - 0xc08b0000   ( 280 kB)
       .data : 0xc08b0000 - 0xc0902620   ( 330 kB)
-       .bss : 0xc0902620 - 0xc095de5c   ( 367 kB)
+       .bss : 0xc0902620 - 0xc095de1c   ( 366 kB)
 Preemptible hierarchical RCU implementation.
 NR_IRQS:16 nr_irqs:16 16
 L2C: failed to init: -19
@@ -117,7 +117,7 @@
 /cpus/cpu@2 missing clock-frequency property
 /cpus/cpu@3 missing clock-frequency property
 CPU0: thread -1, cpu 0, socket 0, mpidr 80000000
-Setting up static identity map for 0x80624080 - 0x80624118
+Setting up static identity map for 0x80623f98 - 0x80624030
 Tegra Revision: A01 SKU: 129 CPU Process: 1 Core Process: 1
 CPU1: Booted secondary processor
 CPU1: thread -1, cpu 1, socket 0, mpidr 80000001
Diff for ./tegra30-beaver/tegra30-beaver/multi_v7_defconfig_log.txt
--- /tmp/fooa	2014-11-19 02:33:19.890931658 -0800
+++ /tmp/foob	2014-11-19 02:33:19.894931660 -0800
@@ -37,20 +37,20 @@
 	 #################################################################
 	 #################################################################
 	 ########################################
-	 3 MiB/s
+	 2.8 MiB/s
 done
-Bytes transferred = 5347424 (519860 hex)
+Bytes transferred = 5347104 (519720 hex)
 Tegra30 (Beaver) # tftpboot 0x82000000 tegra30-beaver.dtb
 Using asx0 device
 TFTP from server 192.168.100.1; our IP address is 192.168.100.101
 Filename 'tegra30-beaver.dtb'.
 Load address: 0x82000000
 Loading: *##
-	 2.6 MiB/s
+	 2.4 MiB/s
 done
 Bytes transferred = 24893 (613d hex)
 Tegra30 (Beaver) # bootz 0x81000000 - 0x82000000
-Kernel image @ 0x81000000 [ 0x000000 - 0x519860 ]
+Kernel image @ 0x81000000 [ 0x000000 - 0x519720 ]
 ## Flattened Device Tree blob at 82000000
    Booting using the fdt blob at 0x82000000
    Loading Device Tree to 8fff6000, end 8ffff13c ... OK
@@ -58,7 +58,7 @@
 Starting kernel ...
 
 Booting Linux on physical CPU 0x0
-Linux version 3.18.0-rc5-next-20141118-100871-gfad15b6 (pwalmsley@tamien) (gcc version 4.7.3 20130328 (prerelease) (crosstool-NG linaro-1.13.1-4.7-2013.04-20130415 - Linaro GCC 2013.04) ) #1 SMP Tue Nov 18 01:48:38 PST 2014
+Linux version 3.18.0-rc5-next-20141119-101025-g36391a5 (pwalmsley@tamien) (gcc version 4.7.3 20130328 (prerelease) (crosstool-NG linaro-1.13.1-4.7-2013.04-20130415 - Linaro GCC 2013.04) ) #1 SMP Wed Nov 19 02:18:36 PST 2014
 CPU: ARMv7 Processor [412fc099] revision 9 (ARMv7), cr=10c5387d
 CPU: PIPT / VIPT nonaliasing data cache, VIPT aliasing instruction cache
 Machine model: NVIDIA Tegra30 Beaver evaluation board
@@ -66,7 +66,7 @@
 cma: Reserved 64 MiB at 0xfb800000
 Memory policy: Data cache writealloc
 On node 0 totalpages: 524032
-free_area_init_node: node 0, pgdat c0d5ff00, node_mem_map ee7f8000
+free_area_init_node: node 0, pgdat c0d5df00, node_mem_map ee7f8000
   DMA zone: 1520 pages used for memmap
   DMA zone: 0 pages reserved
   DMA zone: 194560 pages, LIFO batch:31
@@ -80,7 +80,7 @@
 PID hash table entries: 4096 (order: 2, 16384 bytes)
 Dentry cache hash table entries: 131072 (order: 7, 524288 bytes)
 Inode-cache hash table entries: 65536 (order: 6, 262144 bytes)
-Memory: 2001336K/2096128K available (6912K kernel code, 917K rwdata, 2848K rodata, 748K init, 314K bss, 29256K reserved, 65536K cma-reserved, 1252352K highmem)
+Memory: 2001344K/2096128K available (6912K kernel code, 917K rwdata, 2844K rodata, 744K init, 314K bss, 29248K reserved, 65536K cma-reserved, 1252352K highmem)
 Virtual kernel memory layout:
     vector  : 0xffff0000 - 0xffff1000   (   4 kB)
     fixmap  : 0xffc00000 - 0xfff00000   (3072 kB)
@@ -88,10 +88,10 @@
     lowmem  : 0xc0000000 - 0xef800000   ( 760 MB)
     pkmap   : 0xbfe00000 - 0xc0000000   (   2 MB)
     modules : 0xbf000000 - 0xbfe00000   (  14 MB)
-      .text : 0xc0208000 - 0xc0b9052c   (9762 kB)
-      .init : 0xc0b91000 - 0xc0c4c000   ( 748 kB)
-      .data : 0xc0c4c000 - 0xc0d317e0   ( 918 kB)
-       .bss : 0xc0d317e0 - 0xc0d80068   ( 315 kB)
+      .text : 0xc0208000 - 0xc0b8f534   (9758 kB)
+      .init : 0xc0b90000 - 0xc0c4a000   ( 744 kB)
+      .data : 0xc0c4a000 - 0xc0d2f7e0   ( 918 kB)
+       .bss : 0xc0d2f7e0 - 0xc0d7e068   ( 315 kB)
 SLUB: HWalign=64, Order=0-3, MinObjects=0, CPUs=4, Nodes=1
 Hierarchical RCU implementation.
 	RCU restricting CPUs from NR_CPUS=8 to nr_cpu_ids=4.
@@ -115,7 +115,7 @@
 Mountpoint-cache hash table entries: 2048 (order: 1, 8192 bytes)
 CPU: Testing write buffer coherency: ok
 CPU0: thread -1, cpu 0, socket 0, mpidr 80000000
-Setting up static identity map for 0x80887e90 - 0x80887f28
+Setting up static identity map for 0x80887a70 - 0x80887b08
 Tegra Revision: A03 SKU: 128 CPU Process: 4 Core Process: 0
 CPU1: Booted secondary processor
 CPU1: thread -1, cpu 1, socket 0, mpidr 80000001
@@ -306,3 +306,81 @@
 sys_3v3_pexs: supplied by sys_3v3,vdd_3v3_alw
 +VDD_5V_HDMI: supplied by sys_3v3,vdd_3v3_alw
 tegra-pcie 3000.pcie-controller: 2x3 configuration
+tegra-pcie 3000.pcie-controller: probing port 0, using 2 lanes
+tegra-pcie 3000.pcie-controller: probing port 2, using 2 lanes
+tegra-pcie 3000.pcie-controller: link 2 down, retrying
+tegra-pcie 3000.pcie-controller: link 2 down, retrying
+tegra-pcie 3000.pcie-controller: link 2 down, retrying
+tegra-pcie 3000.pcie-controller: link 2 down, ignoring
+tegra-pcie 3000.pcie-controller: PCI host bridge to bus 0000:00
+pci_bus 0000:00: root bus resource [mem 0x20000000-0x27ffffff]
+pci_bus 0000:00: root bus resource [mem 0x28000000-0x3fffffff pref]
+pci_bus 0000:00: root bus resource [bus 00-ff]
+pci_bus 0000:00: root bus resource [io  0x1000-0xffff]
+pci 0000:00:01.0: [10de:0e1c] type 01 class 0x060400
+pci 0000:00:01.0: PME# supported from D0 D1 D2 D3hot D3cold
+PCI: bus0: Fast back to back transfers disabled
+pci 0000:00:01.0: bridge configuration invalid ([bus 00-00]), reconfiguring
+pci 0000:01:00.0: [10ec:8168] type 00 class 0x020000
+pci 0000:01:00.0: reg 0x10: [io  0x0000-0x00ff]
+pci 0000:01:00.0: reg 0x18: can't handle BAR larger than 4GB (size 0xfffffffffffff000)
+pci 0000:01:00.0: reg 0x18: [mem size 0x00000001 64bit pref disabled]
+pci 0000:01:00.0: reg 0x20: can't handle BAR larger than 4GB (size 0xffffffffffffc000)
+pci 0000:01:00.0: reg 0x20: [mem size 0x00000001 64bit pref disabled]
+pci 0000:01:00.0: supports D1 D2
+pci 0000:01:00.0: PME# supported from D0 D1 D2 D3hot D3cold
+PCI: bus1: Fast back to back transfers disabled
+pci_bus 0000:01: busn_res: [bus 01-ff] end is updated to 01
+pci 0000:00:01.0: BAR 9: assigned [mem 0x28000000-0x280fffff 64bit pref]
+pci 0000:00:01.0: BAR 7: assigned [io  0x1000-0x1fff]
+pci 0000:01:00.0: BAR 0: assigned [io  0x1000-0x10ff]
+pci 0000:01:00.0: BAR 2: assigned [mem 0x28000000 64bit pref disabled]
+pci 0000:01:00.0: BAR 4: assigned [mem 0x28000001 64bit pref disabled]
+pci 0000:00:01.0: PCI bridge to [bus 01]
+pci 0000:00:01.0:   bridge window [io  0x1000-0x1fff]
+pci 0000:00:01.0:   bridge window [mem 0x28000000-0x280fffff 64bit pref]
+pci 0000:00:01.0: nv_msi_ht_cap_quirk didn't locate host bridge
+pcieport 0000:00:01.0: Signaling PME through PCIe PME interrupt
+pci 0000:01:00.0: Signaling PME through PCIe PME interrupt
+pcie_pme 0000:00:01.0:pcie01: service driver pcie_pme loaded
+r8169 Gigabit Ethernet driver 2.3LK-NAPI loaded
+r8169 0000:01:00.0: enabling device (0140 -> 0143)
+r8169 0000:01:00.0 (unnamed net_device) (uninitialized): Invalid PCI region size(s), aborting
+[drm] Supports vblank timestamp caching Rev 2 (21.10.2013).
+[drm] No driver support for vblank timestamp query.
+host1x drm: No connectors reported connected with modes
+[drm] Cannot find any crtc or sizes - going 1024x768
+Console: switching to colour frame buffer device 128x48
+host1x drm: fb0:  frame buffer device
+host1x drm: registered panic notifier
+[drm] Initialized tegra 0.0.0 20120330 on minor 0
+platform 7d004000.usb: Driver tegra-ehci requests probe deferral
+platform 7d008000.usb: Driver tegra-ehci requests probe deferral
+utmi_phy_clk_enable: timeout waiting for phy to stabilize
+tegra-ehci 7d004000.usb: EHCI Host Controller
+tegra-ehci 7d004000.usb: new USB bus registered, assigned bus number 1
+tegra-ehci 7d004000.usb: irq 53, io mem 0x7d004000
+tegra-ehci 7d004000.usb: USB 2.0 started, EHCI 1.00
+hub 1-0:1.0: USB hub found
+hub 1-0:1.0: 1 port detected
+tegra-ehci 7d008000.usb: EHCI Host Controller
+tegra-ehci 7d008000.usb: new USB bus registered, assigned bus number 2
+tegra-ehci 7d008000.usb: irq 129, io mem 0x7d008000
+tegra-ehci 7d008000.usb: USB 2.0 started, EHCI 1.00
+hub 2-0:1.0: USB hub found
+hub 2-0:1.0: 1 port detected
+tps65910-rtc tps65910-rtc: setting system clock to 2000-01-01 00:00:02 UTC (946684802)
+usb1_vbus: disabling
+vdd_sata,avdd_plle: disabling
+ALSA device list:
+  #0: NVIDIA Tegra Beaver
+EXT4-fs (mmcblk0p1): mounting ext3 file system using the ext4 subsystem
+EXT4-fs (mmcblk0p1): warning: mounting fs with errors, running e2fsck is recommended
+EXT4-fs (mmcblk0p1): recovery complete
+EXT4-fs (mmcblk0p1): mounted filesystem with ordered data mode. Opts: (null)
+VFS: Mounted root (ext3 filesystem) on device 179:1.
+devtmpfs: mounted
+Freeing unused kernel memory: 744K (c0b90000 - c0c4a000)
+bash: cannot set terminal process group (-1): Inappropriate ioctl for device
+bash: no job control in this shell
+root@(none):/# 
\ No newline at end of file
Diff for ./tegra30-beaver/tegra30-beaver/tegra_defconfig_log.txt
--- /tmp/fooa	2014-11-19 02:33:19.898931661 -0800
+++ /tmp/foob	2014-11-19 02:33:19.902931662 -0800
@@ -36,20 +36,20 @@
 	 #################################################################
 	 #################################################################
 	 ################################################################
-	 2.8 MiB/s
+	 3 MiB/s
 done
-Bytes transferred = 4746456 (486cd8 hex)
+Bytes transferred = 4746520 (486d18 hex)
 Tegra30 (Beaver) # tftpboot 0x82000000 tegra30-beaver.dtb
 Using asx0 device
 TFTP from server 192.168.100.1; our IP address is 192.168.100.101
 Filename 'tegra30-beaver.dtb'.
 Load address: 0x82000000
 Loading: *##
-	 2.4 MiB/s
+	 2.6 MiB/s
 done
 Bytes transferred = 24893 (613d hex)
 Tegra30 (Beaver) # bootz 0x81000000 - 0x82000000
-Kernel image @ 0x81000000 [ 0x000000 - 0x486cd8 ]
+Kernel image @ 0x81000000 [ 0x000000 - 0x486d18 ]
 ## Flattened Device Tree blob at 82000000
    Booting using the fdt blob at 0x82000000
    Loading Device Tree to 8fff6000, end 8ffff13c ... OK
@@ -60,7 +60,7 @@
 Booting Linux on physical CPU 0x0
 Initializing cgroup subsys cpu
 Initializing cgroup subsys cpuacct
-Linux version 3.18.0-rc5-next-20141118-62101-gfad15b6 (pwalmsley@kaivo) (gcc version 4.7.3 20130328 (prerelease) (crosstool-NG linaro-1.13.1-4.7-2013.04-20130415 - Linaro GCC 2013.04) ) #1 SMP PREEMPT Tue Nov 18 01:47:40 PST 2014
+Linux version 3.18.0-rc5-next-20141119-62255-g36391a5 (pwalmsley@kaivo) (gcc version 4.7.3 20130328 (prerelease) (crosstool-NG linaro-1.13.1-4.7-2013.04-20130415 - Linaro GCC 2013.04) ) #1 SMP PREEMPT Wed Nov 19 02:17:41 PST 2014
 CPU: ARMv7 Processor [412fc099] revision 9 (ARMv7), cr=10c5387d
 CPU: PIPT / VIPT nonaliasing data cache, VIPT aliasing instruction cache
 Machine model: NVIDIA Tegra30 Beaver evaluation board
@@ -90,7 +90,7 @@
     lowmem  : 0xc0000000 - 0xef800000   ( 760 MB)
     pkmap   : 0xbfe00000 - 0xc0000000   (   2 MB)
     modules : 0xbf000000 - 0xbfe00000   (  14 MB)
-      .text : 0xc0008000 - 0xc087d844   (8663 kB)
+      .text : 0xc0008000 - 0xc087d850   (8663 kB)
       .init : 0xc087e000 - 0xc08c8000   ( 296 kB)
       .data : 0xc08c8000 - 0xc091e120   ( 345 kB)
        .bss : 0xc091e120 - 0xc09799dc   ( 367 kB)
@@ -116,7 +116,7 @@
 Initializing cgroup subsys debug
 CPU: Testing write buffer coherency: ok
 CPU0: thread -1, cpu 0, socket 0, mpidr 80000000
-Setting up static identity map for 0x80629608 - 0x806296a0
+Setting up static identity map for 0x80629520 - 0x806295b8
 Tegra Revision: A03 SKU: 128 CPU Process: 4 Core Process: 0
 CPU1: Booted secondary processor
 CPU1: thread -1, cpu 1, socket 0, mpidr 80000001
@@ -344,9 +344,14 @@
 r8169 Gigabit Ethernet driver 2.3LK-NAPI loaded
 r8169 0000:01:00.0: enabling device (0140 -> 0143)
 r8169 0000:01:00.0 (unnamed net_device) (uninitialized): Invalid PCI region size(s), aborting
-tegra-dc 54200000.dc: failed to attach to domain: -22
-host1x drm: failed to initialize 54200000.dc: -22
-host1x drm: probe failed: -22
+[drm] Supports vblank timestamp caching Rev 2 (21.10.2013).
+[drm] No driver support for vblank timestamp query.
+host1x drm: No connectors reported connected with modes
+[drm] Cannot find any crtc or sizes - going 1024x768
+Console: switching to colour frame buffer device 128x48
+host1x drm: fb0:  frame buffer device
+host1x drm: registered panic notifier
+[drm] Initialized tegra 0.0.0 20120330 on minor 0
 platform 7d004000.usb: Driver tegra-ehci requests probe deferral
 platform 7d008000.usb: Driver tegra-ehci requests probe deferral
 utmi_phy_clk_enable: timeout waiting for phy to stabilize
@@ -367,8 +372,8 @@
 vdd_sata,avdd_plle: disabling
 ALSA device list:
   #0: NVIDIA Tegra Beaver
-EXT3-fs (mmcblk0p1): warning: mounting fs with errors, running e2fsck is recommended
 kjournald starting.  Commit interval 5 seconds
+EXT3-fs (mmcblk0p1): warning: mounting fs with errors, running e2fsck is recommended
 EXT3-fs (mmcblk0p1): using internal journal
 EXT3-fs (mmcblk0p1): recovery complete
 EXT3-fs (mmcblk0p1): mounted filesystem with writeback data mode
@@ -377,4 +382,4 @@
 Freeing unused kernel memory: 296K (c087e000 - c08c8000)
 bash: cannot set terminal process group (-1): Inappropriate ioctl for device
 bash: no job control in this shell
-root@(none):/# [    4.417211] usb 2-1: new high-speed USB device number 2 using tegra-ehci
+root@(none):/# [    4.476900] usb 2-1: new high-speed USB device number 2 using tegra-ehci
Diff for ./tegra30-beaver/tegra30-beaver/tegra_defconfig%tegra20,30_mergeconfig_log.txt
--- /tmp/fooa	2014-11-19 02:33:19.910931665 -0800
+++ /tmp/foob	2014-11-19 02:33:19.910931665 -0800
@@ -38,7 +38,7 @@
 	 ################################################################
 	 2.9 MiB/s
 done
-Bytes transferred = 4742496 (485d60 hex)
+Bytes transferred = 4742208 (485c40 hex)
 Tegra30 (Beaver) # tftpboot 0x82000000 tegra30-beaver.dtb
 Using asx0 device
 TFTP from server 192.168.100.1; our IP address is 192.168.100.101
@@ -49,7 +49,7 @@
 done
 Bytes transferred = 24893 (613d hex)
 Tegra30 (Beaver) # bootz 0x81000000 - 0x82000000
-Kernel image @ 0x81000000 [ 0x000000 - 0x485d60 ]
+Kernel image @ 0x81000000 [ 0x000000 - 0x485c40 ]
 ## Flattened Device Tree blob at 82000000
    Booting using the fdt blob at 0x82000000
    Loading Device Tree to 8fff6000, end 8ffff13c ... OK
@@ -60,7 +60,7 @@
 Booting Linux on physical CPU 0x0
 Initializing cgroup subsys cpu
 Initializing cgroup subsys cpuacct
-Linux version 3.18.0-rc5-next-20141118-62101-gfad15b6 (pwalmsley@kaivo) (gcc version 4.7.3 20130328 (prerelease) (crosstool-NG linaro-1.13.1-4.7-2013.04-20130415 - Linaro GCC 2013.04) ) #1 SMP PREEMPT Tue Nov 18 01:55:47 PST 2014
+Linux version 3.18.0-rc5-next-20141119-62255-g36391a5 (pwalmsley@kaivo) (gcc version 4.7.3 20130328 (prerelease) (crosstool-NG linaro-1.13.1-4.7-2013.04-20130415 - Linaro GCC 2013.04) ) #1 SMP PREEMPT Wed Nov 19 02:25:33 PST 2014
 CPU: ARMv7 Processor [412fc099] revision 9 (ARMv7), cr=10c5387d
 CPU: PIPT / VIPT nonaliasing data cache, VIPT aliasing instruction cache
 Machine model: NVIDIA Tegra30 Beaver evaluation board
@@ -68,7 +68,7 @@
 cma: Reserved 64 MiB at 0xfbc00000
 Memory policy: Data cache writealloc
 On node 0 totalpages: 524032
-free_area_init_node: node 0, pgdat c0957080, node_mem_map ee7f7000
+free_area_init_node: node 0, pgdat c0955080, node_mem_map ee7f7000
   Normal zone: 1520 pages used for memmap
   Normal zone: 0 pages reserved
   Normal zone: 194560 pages, LIFO batch:31
@@ -82,7 +82,7 @@
 PID hash table entries: 4096 (order: 2, 16384 bytes)
 Dentry cache hash table entries: 131072 (order: 7, 524288 bytes)
 Inode-cache hash table entries: 65536 (order: 6, 262144 bytes)
-Memory: 2003428K/2096128K available (6500K kernel code, 340K rwdata, 2144K rodata, 296K init, 366K bss, 27164K reserved, 65536K cma-reserved, 1252352K highmem)
+Memory: 2003436K/2096128K available (6496K kernel code, 340K rwdata, 2140K rodata, 296K init, 366K bss, 27156K reserved, 65536K cma-reserved, 1252352K highmem)
 Virtual kernel memory layout:
     vector  : 0xffff0000 - 0xffff1000   (   4 kB)
     fixmap  : 0xffc00000 - 0xfff00000   (3072 kB)
@@ -90,10 +90,10 @@
     lowmem  : 0xc0000000 - 0xef800000   ( 760 MB)
     pkmap   : 0xbfe00000 - 0xc0000000   (   2 MB)
     modules : 0xbf000000 - 0xbfe00000   (  14 MB)
-      .text : 0xc0008000 - 0xc08797cc   (8646 kB)
-      .init : 0xc087a000 - 0xc08c4000   ( 296 kB)
-      .data : 0xc08c4000 - 0xc0919220   ( 341 kB)
-       .bss : 0xc0919220 - 0xc0974a9c   ( 367 kB)
+      .text : 0xc0008000 - 0xc08777d8   (8638 kB)
+      .init : 0xc0878000 - 0xc08c2000   ( 296 kB)
+      .data : 0xc08c2000 - 0xc0917220   ( 341 kB)
+       .bss : 0xc0917220 - 0xc0972a9c   ( 367 kB)
 Preemptible hierarchical RCU implementation.
 NR_IRQS:16 nr_irqs:16 16
 L2C: platform modifies aux control register: 0x02080000 -> 0x3e480001
@@ -116,7 +116,7 @@
 Initializing cgroup subsys debug
 CPU: Testing write buffer coherency: ok
 CPU0: thread -1, cpu 0, socket 0, mpidr 80000000
-Setting up static identity map for 0x80629230 - 0x806292c8
+Setting up static identity map for 0x80629148 - 0x806291e0
 Tegra Revision: A03 SKU: 128 CPU Process: 4 Core Process: 0
 CPU1: Booted secondary processor
 CPU1: thread -1, cpu 1, socket 0, mpidr 80000001
@@ -344,9 +344,14 @@
 r8169 Gigabit Ethernet driver 2.3LK-NAPI loaded
 r8169 0000:01:00.0: enabling device (0140 -> 0143)
 r8169 0000:01:00.0 (unnamed net_device) (uninitialized): Invalid PCI region size(s), aborting
-tegra-dc 54200000.dc: failed to attach to domain: -22
-host1x drm: failed to initialize 54200000.dc: -22
-host1x drm: probe failed: -22
+[drm] Supports vblank timestamp caching Rev 2 (21.10.2013).
+[drm] No driver support for vblank timestamp query.
+host1x drm: No connectors reported connected with modes
+[drm] Cannot find any crtc or sizes - going 1024x768
+Console: switching to colour frame buffer device 128x48
+host1x drm: fb0:  frame buffer device
+host1x drm: registered panic notifier
+[drm] Initialized tegra 0.0.0 20120330 on minor 0
 platform 7d004000.usb: Driver tegra-ehci requests probe deferral
 platform 7d008000.usb: Driver tegra-ehci requests probe deferral
 utmi_phy_clk_enable: timeout waiting for phy to stabilize
@@ -374,7 +379,7 @@
 EXT3-fs (mmcblk0p1): mounted filesystem with writeback data mode
 VFS: Mounted root (ext3 filesystem) on device 179:1.
 devtmpfs: mounted
-Freeing unused kernel memory: 296K (c087a000 - c08c4000)
+Freeing unused kernel memory: 296K (c0878000 - c08c2000)
 bash: cannot set terminal process group (-1): Inappropriate ioctl for device
 bash: no job control in this shell
-root@(none):/# [    4.406882] usb 2-1: new high-speed USB device number 2 using tegra-ehci
+root@(none):/# [    4.487222] usb 2-1: new high-speed USB device number 2 using tegra-ehci
Diff for ./tegra30-beaver/tegra30-beaver/tegra_defconfig%tegra30,114_mergeconfig_log.txt
--- /tmp/fooa	2014-11-19 02:33:19.918931667 -0800
+++ /tmp/foob	2014-11-19 02:33:19.918931667 -0800
@@ -38,18 +38,18 @@
 	 ###############################################################
 	 2.8 MiB/s
 done
-Bytes transferred = 4730632 (482f08 hex)
+Bytes transferred = 4730736 (482f70 hex)
 Tegra30 (Beaver) # tftpboot 0x82000000 tegra30-beaver.dtb
 Using asx0 device
 TFTP from server 192.168.100.1; our IP address is 192.168.100.101
 Filename 'tegra30-beaver.dtb'.
 Load address: 0x82000000
 Loading: *##
-	 2.4 MiB/s
+	 2.6 MiB/s
 done
 Bytes transferred = 24893 (613d hex)
 Tegra30 (Beaver) # bootz 0x81000000 - 0x82000000
-Kernel image @ 0x81000000 [ 0x000000 - 0x482f08 ]
+Kernel image @ 0x81000000 [ 0x000000 - 0x482f70 ]
 ## Flattened Device Tree blob at 82000000
    Booting using the fdt blob at 0x82000000
    Loading Device Tree to 8fff6000, end 8ffff13c ... OK
@@ -60,7 +60,7 @@
 Booting Linux on physical CPU 0x0
 Initializing cgroup subsys cpu
 Initializing cgroup subsys cpuacct
-Linux version 3.18.0-rc5-next-20141118-100871-gfad15b6 (pwalmsley@tamien) (gcc version 4.7.3 20130328 (prerelease) (crosstool-NG linaro-1.13.1-4.7-2013.04-20130415 - Linaro GCC 2013.04) ) #1 SMP PREEMPT Tue Nov 18 01:57:34 PST 2014
+Linux version 3.18.0-rc5-next-20141119-101025-g36391a5 (pwalmsley@tamien) (gcc version 4.7.3 20130328 (prerelease) (crosstool-NG linaro-1.13.1-4.7-2013.04-20130415 - Linaro GCC 2013.04) ) #1 SMP PREEMPT Wed Nov 19 02:27:38 PST 2014
 CPU: ARMv7 Processor [412fc099] revision 9 (ARMv7), cr=10c5387d
 CPU: PIPT / VIPT nonaliasing data cache, VIPT aliasing instruction cache
 Machine model: NVIDIA Tegra30 Beaver evaluation board
@@ -90,7 +90,7 @@
     lowmem  : 0xc0000000 - 0xef800000   ( 760 MB)
     pkmap   : 0xbfe00000 - 0xc0000000   (   2 MB)
     modules : 0xbf000000 - 0xbfe00000   (  14 MB)
-      .text : 0xc0008000 - 0xc08745e0   (8626 kB)
+      .text : 0xc0008000 - 0xc08745ec   (8626 kB)
       .init : 0xc0875000 - 0xc08be000   ( 292 kB)
       .data : 0xc08be000 - 0xc0912220   ( 337 kB)
        .bss : 0xc0912220 - 0xc096da5c   ( 367 kB)
@@ -116,7 +116,7 @@
 Initializing cgroup subsys debug
 CPU: Testing write buffer coherency: ok
 CPU0: thread -1, cpu 0, socket 0, mpidr 80000000
-Setting up static identity map for 0x80626718 - 0x806267b0
+Setting up static identity map for 0x80626630 - 0x806266c8
 Tegra Revision: A03 SKU: 128 CPU Process: 4 Core Process: 0
 CPU1: Booted secondary processor
 CPU1: thread -1, cpu 1, socket 0, mpidr 80000001
@@ -344,9 +344,14 @@
 r8169 Gigabit Ethernet driver 2.3LK-NAPI loaded
 r8169 0000:01:00.0: enabling device (0140 -> 0143)
 r8169 0000:01:00.0 (unnamed net_device) (uninitialized): Invalid PCI region size(s), aborting
-tegra-dc 54200000.dc: failed to attach to domain: -22
-host1x drm: failed to initialize 54200000.dc: -22
-host1x drm: probe failed: -22
+[drm] Supports vblank timestamp caching Rev 2 (21.10.2013).
+[drm] No driver support for vblank timestamp query.
+host1x drm: No connectors reported connected with modes
+[drm] Cannot find any crtc or sizes - going 1024x768
+Console: switching to colour frame buffer device 128x48
+host1x drm: fb0:  frame buffer device
+host1x drm: registered panic notifier
+[drm] Initialized tegra 0.0.0 20120330 on minor 0
 platform 7d004000.usb: Driver tegra-ehci requests probe deferral
 platform 7d008000.usb: Driver tegra-ehci requests probe deferral
 utmi_phy_clk_enable: timeout waiting for phy to stabilize
@@ -377,4 +382,4 @@
 Freeing unused kernel memory: 292K (c0875000 - c08be000)
 bash: cannot set terminal process group (-1): Inappropriate ioctl for device
 bash: no job control in this shell
-root@(none):/# [    4.417101] usb 2-1: new high-speed USB device number 2 using tegra-ehci
+root@(none):/# [    4.476780] usb 2-1: new high-speed USB device number 2 using tegra-ehci
Diff for ./tegra30-beaver/tegra30-beaver/tegra_defconfig%tegra30_mergeconfig_log.txt
--- /tmp/fooa	2014-11-19 02:33:19.922931669 -0800
+++ /tmp/foob	2014-11-19 02:33:19.926931670 -0800
@@ -36,20 +36,20 @@
 	 #################################################################
 	 #################################################################
 	 ##############################################################
-	 2.8 MiB/s
+	 2.9 MiB/s
 done
-Bytes transferred = 4725616 (481b70 hex)
+Bytes transferred = 4725848 (481c58 hex)
 Tegra30 (Beaver) # tftpboot 0x82000000 tegra30-beaver.dtb
 Using asx0 device
 TFTP from server 192.168.100.1; our IP address is 192.168.100.101
 Filename 'tegra30-beaver.dtb'.
 Load address: 0x82000000
 Loading: *##
-	 2.4 MiB/s
+	 2.6 MiB/s
 done
 Bytes transferred = 24893 (613d hex)
 Tegra30 (Beaver) # bootz 0x81000000 - 0x82000000
-Kernel image @ 0x81000000 [ 0x000000 - 0x481b70 ]
+Kernel image @ 0x81000000 [ 0x000000 - 0x481c58 ]
 ## Flattened Device Tree blob at 82000000
    Booting using the fdt blob at 0x82000000
    Loading Device Tree to 8fff6000, end 8ffff13c ... OK
@@ -60,7 +60,7 @@
 Booting Linux on physical CPU 0x0
 Initializing cgroup subsys cpu
 Initializing cgroup subsys cpuacct
-Linux version 3.18.0-rc5-next-20141118-100871-gfad15b6 (pwalmsley@tamien) (gcc version 4.7.3 20130328 (prerelease) (crosstool-NG linaro-1.13.1-4.7-2013.04-20130415 - Linaro GCC 2013.04) ) #1 SMP PREEMPT Tue Nov 18 01:51:34 PST 2014
+Linux version 3.18.0-rc5-next-20141119-101025-g36391a5 (pwalmsley@tamien) (gcc version 4.7.3 20130328 (prerelease) (crosstool-NG linaro-1.13.1-4.7-2013.04-20130415 - Linaro GCC 2013.04) ) #1 SMP PREEMPT Wed Nov 19 02:21:33 PST 2014
 CPU: ARMv7 Processor [412fc099] revision 9 (ARMv7), cr=10c5387d
 CPU: PIPT / VIPT nonaliasing data cache, VIPT aliasing instruction cache
 Machine model: NVIDIA Tegra30 Beaver evaluation board
@@ -82,7 +82,7 @@
 PID hash table entries: 4096 (order: 2, 16384 bytes)
 Dentry cache hash table entries: 131072 (order: 7, 524288 bytes)
 Inode-cache hash table entries: 65536 (order: 6, 262144 bytes)
-Memory: 2003484K/2096128K available (6488K kernel code, 332K rwdata, 2120K rodata, 284K init, 366K bss, 27108K reserved, 65536K cma-reserved, 1252352K highmem)
+Memory: 2003484K/2096128K available (6488K kernel code, 332K rwdata, 2120K rodata, 284K init, 365K bss, 27108K reserved, 65536K cma-reserved, 1252352K highmem)
 Virtual kernel memory layout:
     vector  : 0xffff0000 - 0xffff1000   (   4 kB)
     fixmap  : 0xffc00000 - 0xfff00000   (3072 kB)
@@ -90,10 +90,10 @@
     lowmem  : 0xc0000000 - 0xef800000   ( 760 MB)
     pkmap   : 0xbfe00000 - 0xc0000000   (   2 MB)
     modules : 0xbf000000 - 0xbfe00000   (  14 MB)
-      .text : 0xc0008000 - 0xc0870568   (8610 kB)
+      .text : 0xc0008000 - 0xc0870574   (8610 kB)
       .init : 0xc0871000 - 0xc08b8000   ( 284 kB)
       .data : 0xc08b8000 - 0xc090b320   ( 333 kB)
-       .bss : 0xc090b320 - 0xc0966b5c   ( 367 kB)
+       .bss : 0xc090b320 - 0xc0966b1c   ( 366 kB)
 Preemptible hierarchical RCU implementation.
 NR_IRQS:16 nr_irqs:16 16
 L2C: platform modifies aux control register: 0x02080000 -> 0x3e480001
@@ -116,7 +116,7 @@
 Initializing cgroup subsys debug
 CPU: Testing write buffer coherency: ok
 CPU0: thread -1, cpu 0, socket 0, mpidr 80000000
-Setting up static identity map for 0x80626300 - 0x80626398
+Setting up static identity map for 0x80626218 - 0x806262b0
 Tegra Revision: A03 SKU: 128 CPU Process: 4 Core Process: 0
 CPU1: Booted secondary processor
 CPU1: thread -1, cpu 1, socket 0, mpidr 80000001
@@ -344,9 +344,14 @@
 r8169 Gigabit Ethernet driver 2.3LK-NAPI loaded
 r8169 0000:01:00.0: enabling device (0140 -> 0143)
 r8169 0000:01:00.0 (unnamed net_device) (uninitialized): Invalid PCI region size(s), aborting
-tegra-dc 54200000.dc: failed to attach to domain: -22
-host1x drm: failed to initialize 54200000.dc: -22
-host1x drm: probe failed: -22
+[drm] Supports vblank timestamp caching Rev 2 (21.10.2013).
+[drm] No driver support for vblank timestamp query.
+host1x drm: No connectors reported connected with modes
+[drm] Cannot find any crtc or sizes - going 1024x768
+Console: switching to colour frame buffer device 128x48
+host1x drm: fb0:  frame buffer device
+host1x drm: registered panic notifier
+[drm] Initialized tegra 0.0.0 20120330 on minor 0
 platform 7d004000.usb: Driver tegra-ehci requests probe deferral
 platform 7d008000.usb: Driver tegra-ehci requests probe deferral
 utmi_phy_clk_enable: timeout waiting for phy to stabilize
@@ -377,4 +382,4 @@
 Freeing unused kernel memory: 284K (c0871000 - c08b8000)
 bash: cannot set terminal process group (-1): Inappropriate ioctl for device
 bash: no job control in this shell
-root@(none):/# [    4.417076] usb 2-1: new high-speed USB device number 2 using tegra-ehci
+root@(none):/# [    4.476689] usb 2-1: new high-speed USB device number 2 using tegra-ehci
