

U-Boot 2011.03 (Jun 11 2013 - 06:07:37)

T114
Board: NVIDIA Dalmore
DRAM:  2 GiB
MMC:   Tegra2 SD/MMC: 0, Tegra2 SD/MMC: 1
In:    serial
Out:   serial
Err:   serial
Net:   Net Initialization Skipped
No ethernet found.
Hit any key to stop autoboot:  2  0 
Dalmore #
Dalmore #usb reset
(Re)start USB...
USB:   Register 10011 NbrPorts 1
USB EHCI 1.10
scanning bus for devices... 2 USB Device(s) found
       scanning bus for storage devices... 0 Storage Device(s) found
       scanning bus for ethernet devices... 1 Ethernet Device(s) found
Dalmore #setenv bootargs 'ignore_loglevel console=ttyS0,115200n8 rw root=/dev/mmcblk0p1 rootwait gpt init=/bin/bash'
Dalmore #setenv ipaddr 192.168.100.100; setenv serverip 192.168.100.1; setenv tftpserverip 192.168.100.1
Dalmore #tftpboot 0x81000000 zImage.tegra_defconfig%tegra114_mergeconfig
Waiting for Ethernet connection... done.
Using asx0 device
TFTP from server 192.168.100.1; our IP address is 192.168.100.100
Filename 'zImage.tegra_defconfig%tegra114_mergeconfig'.
Load address: 0x81000000
Loading: *#################################################  2.8 MiB/s
done
Bytes transferred = 4100224 (3e9080 hex)
Dalmore #tftpboot 0x82000000 tegra114-dalmore.dtb
Using asx0 device
TFTP from server 192.168.100.1; our IP address is 192.168.100.100
Filename 'tegra114-dalmore.dtb'.
Load address: 0x82000000
Loading: *#################################################  2.6 MiB/s
done
Bytes transferred = 29436 (72fc hex)
Dalmore #bootz 0x81000000 - 0x82000000
## Flattened Device Tree blob at 82000000
   Booting using the fdt blob at 0x82000000
   Loading Device Tree to 81ff5000, end 81fff2fb ... OK

Starting kernel ...

Timer summary in microseconds:
       Mark    Elapsed  Stage
          0          0  awake
  2,125,992  2,125,992  usb_start
  6,130,877  4,004,885  eth_start
  6,130,875         -2  tftp start
 10,033,113  3,902,238  tftp done
 12,141,133  2,108,020  start_kernel
Uncompressing Linux... done, booting the kernel.
[    0.000000] Booting Linux on physical CPU 0x0
[    0.000000] Initializing cgroup subsys cpu
[    0.000000] Initializing cgroup subsys cpuacct
[    0.000000] Linux version 3.12.0-rc7-next-20131030-21872-g3a94271 (pwalmsley@kaivo) (gcc version 4.7.3 20130328 (prerelease) (crosstool-NG linaro-1.13.1-4.7-2013.04-20130415 - Linaro GCC 2013.04) ) #1 SMP PREEMPT Tue Nov 5 17:38:59 PST 2013
[    0.000000] CPU: ARMv7 Processor [412fc0f2] revision 2 (ARMv7), cr=10c5387d
[    0.000000] CPU: PIPT / VIPT nonaliasing data cache, PIPT instruction cache
[    0.000000] Machine model: NVIDIA Tegra114 Dalmore evaluation board
[    0.000000] debug: ignoring loglevel setting.
[    0.000000] cma: CMA: reserved 16 MiB at ae800000
[    0.000000] Memory policy: ECC disabled, Data cache writealloc
[    0.000000] On node 0 totalpages: 524032
[    0.000000] free_area_init_node: node 0, pgdat c07be200, node_mem_map c0815000
[    0.000000]   Normal zone: 1520 pages used for memmap
[    0.000000]   Normal zone: 0 pages reserved
[    0.000000]   Normal zone: 194560 pages, LIFO batch:31
[    0.000000]   HighMem zone: 2574 pages used for memmap
[    0.000000]   HighMem zone: 329472 pages, LIFO batch:31
[    0.000000] Tegra Revision: A01 SKU: 0 CPU Process: 1 Core Process: 1
[    0.000000] PERCPU: Embedded 8 pages/cpu @c182d000 s9088 r8192 d15488 u32768
[    0.000000] pcpu-alloc: s9088 r8192 d15488 u32768 alloc=8*4096
[    0.000000] pcpu-alloc: [0] 0 [0] 1 [0] 2 [0] 3 
[    0.000000] Built 1 zonelists in Zone order, mobility grouping on.  Total pages: 522512
[    0.000000] Kernel command line: ignore_loglevel console=ttyS0,115200n8 rw root=/dev/mmcblk0p1 rootwait gpt init=/bin/bash
[    0.000000] PID hash table entries: 4096 (order: 2, 16384 bytes)
[    0.000000] Dentry cache hash table entries: 131072 (order: 7, 524288 bytes)
[    0.000000] Inode-cache hash table entries: 65536 (order: 6, 262144 bytes)
[    0.000000] Memory: 2053980K/2096128K available (5606K kernel code, 286K rwdata, 1776K rodata, 228K init, 340K bss, 42148K reserved, 1317888K highmem)
[    0.000000] Virtual kernel memory layout:
[    0.000000]     vector  : 0xffff0000 - 0xffff1000   (   4 kB)
[    0.000000]     fixmap  : 0xfff00000 - 0xfffe0000   ( 896 kB)
[    0.000000]     vmalloc : 0xf0000000 - 0xff000000   ( 240 MB)
[    0.000000]     lowmem  : 0xc0000000 - 0xef800000   ( 760 MB)
[    0.000000]     pkmap   : 0xbfe00000 - 0xc0000000   (   2 MB)
[    0.000000]     modules : 0xbf000000 - 0xbfe00000   (  14 MB)
[    0.000000]       .text : 0xc0008000 - 0xc073dfb8   (7384 kB)
[    0.000000]       .init : 0xc073e000 - 0xc0777380   ( 229 kB)
[    0.000000]       .data : 0xc0778000 - 0xc07bf940   ( 287 kB)
[    0.000000]        .bss : 0xc07bf94c - 0xc0814b64   ( 341 kB)
[    0.000000] Preemptible hierarchical RCU implementation.
[    0.000000] NR_IRQS:16 nr_irqs:16 16
[    0.000000] sched_clock: 32 bits at 1000kHz, resolution 1000ns, wraps every 2147483648000ns
[    0.000000] arch_timer: No interrupt available, giving up
[    0.000000] Console: colour dummy device 80x30
[    0.000956] Calibrating delay loop... 1384.44 BogoMIPS (lpj=6922240)
[    0.090054] pid_max: default: 32768 minimum: 301
[    0.090489] Mount-cache hash table entries: 512
[    0.109099] Initializing cgroup subsys debug
[    0.109116] Initializing cgroup subsys freezer
[    0.109184] CPU: Testing write buffer coherency: ok
[    0.109526] /cpus/cpu@0 missing clock-frequency property
[    0.109550] /cpus/cpu@1 missing clock-frequency property
[    0.109572] /cpus/cpu@2 missing clock-frequency property
[    0.109596] /cpus/cpu@3 missing clock-frequency property
[    0.109609] CPU0: thread -1, cpu 0, socket 0, mpidr 80000000
[    0.109637] Setting up static identity map for 0x805510d0 - 0x80551168
[    0.161055] CPU1: Booted secondary processor
[    0.250128] CPU1: thread -1, cpu 1, socket 0, mpidr 80000001
[    0.271039] CPU2: Booted secondary processor
[    0.360128] CPU2: thread -1, cpu 2, socket 0, mpidr 80000002
[    0.381040] CPU3: Booted secondary processor
[    0.470128] CPU3: thread -1, cpu 3, socket 0, mpidr 80000003
[    0.470248] Brought up 4 CPUs
[    0.470276] SMP: Total of 4 processors activated.
[    0.470284] CPU: All CPU(s) started in SVC mode.
[    0.471318] devtmpfs: initialized
[    0.484112] VFP support v0.3: implementor 41 architecture 4 part 30 variant f rev 0
[    0.484487] pinctrl core: initialized pinctrl subsystem
[    0.484998] regulator-dummy: no parameters
[    0.485801] NET: Registered protocol family 16
[    0.487112] DMA: preallocated 256 KiB pool for atomic coherent allocations
[    0.487857] cpuidle: using governor ladder
[    0.487868] cpuidle: using governor menu
[    0.499162] No ATAGs?
[    0.499192] hw-breakpoint: found 5 (+1 reserved) breakpoint and 4 watchpoint registers.
[    0.499202] hw-breakpoint: maximum watchpoint size is 8 bytes.
[    0.509787] bio: create slab <bio-0> at 0
[    0.511180] vdd_ac_bat: 5000 mV 
[    0.511576] dvdd_ts: Failed to request enable GPIO61: -517
[    0.511736] reg-fixed-voltage 1.regulator: Failed to register regulator: -517
[    0.511762] platform 1.regulator: Driver reg-fixed-voltage requests probe deferral
[    0.511962] lcd_bl_en: Failed to request enable GPIO58: -517
[    0.512106] reg-fixed-voltage 2.regulator: Failed to register regulator: -517
[    0.512129] platform 2.regulator: Driver reg-fixed-voltage requests probe deferral
[    0.512329] usb1_vbus: Failed to request enable GPIO108: -517
[    0.512471] reg-fixed-voltage 3.regulator: Failed to register regulator: -517
[    0.512494] platform 3.regulator: Driver reg-fixed-voltage requests probe deferral
[    0.512690] usb2_vbus: Failed to request enable GPIO86: -517
[    0.512831] reg-fixed-voltage 4.regulator: Failed to register regulator: -517
[    0.512854] platform 4.regulator: Driver reg-fixed-voltage requests probe deferral
[    0.513049] vdd_hdmi_5v0: Failed to request enable GPIO81: -517
[    0.513191] reg-fixed-voltage 5.regulator: Failed to register regulator: -517
[    0.513214] platform 5.regulator: Driver reg-fixed-voltage requests probe deferral
[    0.513293] platform 6.regulator: Driver reg-fixed-voltage requests probe deferral
[    0.514300] vgaarb: loaded
[    0.515346] SCSI subsystem initialized
[    0.515713] usbcore: registered new interface driver usbfs
[    0.515802] usbcore: registered new interface driver hub
[    0.515956] usbcore: registered new device driver usb
[    0.520198] vdd-cpu: 500 <--> 1520 mV at 1100 mV 
[    0.520814] tps65090 1-0048: No cache defaults, reading back from HW
[    0.527191] vdd-sys-5v0: no parameters
[    0.527240] vdd-sys-5v0: supplied by vdd_ac_bat
[    0.528678] vdd-sys-3v3: no parameters
[    0.528716] vdd-sys-3v3: supplied by vdd_ac_bat
[    0.530177] vdd-ao: no parameters
[    0.530216] vdd-ao: supplied by vdd_ac_bat
[    0.530466] vdd-lcd-bl: no parameters
[    0.530503] vdd-lcd-bl: supplied by vdd_ac_bat
[    0.530750] TPS65090_RAILSFET2: no parameters
[    0.530787] TPS65090_RAILSFET2: supplied by vdd_ac_bat
[    0.531041] vdd-modem-3v3: no parameters
[    0.531074] vdd-modem-3v3: supplied by vdd-sys-3v3
[    0.531322] avdd-lcd: no parameters
[    0.531355] avdd-lcd: supplied by vdd-sys-3v3
[    0.531596] vdd-lvds: no parameters
[    0.531629] vdd-lvds: supplied by vdd-sys-3v3
[    0.531872] vdd-sd-slot: no parameters
[    0.531906] vdd-sd-slot: supplied by vdd-sys-3v3
[    0.532167] vdd-com-3v3: no parameters
[    0.532202] vdd-com-3v3: supplied by vdd-sys-3v3
[    0.532435] vdd-sby-5v0: no parameters
[    0.532469] vdd-sby-5v0: supplied by vdd_ac_bat
[    0.532724] vdd-sby-3v3: no parameters
[    0.532759] vdd-sby-3v3: supplied by vdd_ac_bat
[    0.533115] genirq: Setting trigger mode 8 for irq 118 failed (gic_set_type+0x0/0xf0)
[    0.533541] palmas 1-0058: Irq flag is 0x00000000
[    0.547864] palmas 1-0058: Muxing GPIO ff, PWM 0, LED 0
[    0.556822] vddio-ddr: 1350 mV 
[    0.557668] vddio-ddr: supplied by vdd-ao
[    0.564651] vddio-1v8: 1800 mV 
[    0.565503] vddio-1v8: supplied by vdd-ao
[    0.572460] vdd-core: 900 <--> 1400 mV at 1100 mV 
[    0.573304] vdd-core: supplied by vdd-sys-3v3
[    0.577494] SMPS6: no parameters
[    0.585232] avdd-pll: 1050 mV 
[    0.586074] avdd-pll: supplied by vdd-sys-3v3
[    0.594393] sdhci-vdd-sd-slot: 2800 mV 
[    0.595248] sdhci-vdd-sd-slot: supplied by vdd-sys-3v3
[    0.597079] SMPS10_OUT2: at 5000 mV 
[    0.598892] SMPS10_OUT1: at 5000 mV 
[    0.601504] avdd-cam1: 2800 mV 
[    0.602346] avdd-cam1: supplied by vdd-sys-3v3
[    0.606371] avdd-cam2: 2800 mV 
[    0.607211] avdd-cam2: supplied by vdd-sys-3v3
[    0.612000] avdd-dsi-csi: 1200 mV 
[    0.612842] avdd-dsi-csi: supplied by vddio-1v8
[    0.617645] vpp-fuse: 1800 mV 
[    0.618487] vpp-fuse: supplied by vdd-sys-3v3
[    0.621696] LDO5: at 1200 mV 
[    0.622542] LDO5: supplied by vdd_ac_bat
[    0.625176] vdd-sensor-2v85: 2850 mV 
[    0.626016] vdd-sensor-2v85: supplied by vdd-sys-3v3
[    0.630034] vdd-af-cam1: 2800 mV 
[    0.630876] vdd-af-cam1: supplied by vdd-sys-3v3
[    0.638997] vdd-rtc: 900 mV 
[    0.639839] vdd-rtc: supplied by vdd-ao
[    0.643864] vddio-sdmmc-2: 1800 <--> 3300 mV at 3300 mV 
[    0.644707] vddio-sdmmc-2: supplied by sdhci-vdd-sd-slot
[    0.649511] hvdd-usb: 3300 mV 
[    0.650355] hvdd-usb: supplied by vdd-sys-5v0
[    0.655139] avdd-usb: 3300 mV 
[    0.655979] avdd-usb: supplied by vdd-sys-5v0
[    0.659199] rail-3v3: no parameters
[    0.661642] rail-5v0: no parameters
[    0.663234] REGEN3: no parameters
[    0.663437] SYSEN1: no parameters
[    0.663622] SYSEN2: no parameters
[    0.664185] Linux video capture interface: v2.00
[    0.664741] platform 7000f010.iommu: Driver tegra-smmu requests probe deferral
[    0.665038] Advanced Linux Sound Architecture Driver Initialized.
[    0.665800] Bluetooth: Core ver 2.17
[    0.665869] NET: Registered protocol family 31
[    0.665879] Bluetooth: HCI device and connection manager initialized
[    0.665904] Bluetooth: HCI socket layer initialized
[    0.665927] Bluetooth: L2CAP socket layer initialized
[    0.665963] Bluetooth: SCO socket layer initialized
[    0.666685] cfg80211: Calling CRDA to update world regulatory domain
[    0.667703] Switched to clocksource timer_us
[    0.670111] Clockevents: could not switch to one-shot mode:
[    0.670115] Clockevents: could not switch to one-shot mode:
[    0.670120] Clockevents: could not switch to one-shot mode:
[    0.670126]  dummy_timer is not functional.
[    0.670131]  dummy_timer is not functional.
[    0.670135] Clockevents: could not switch to one-shot mode: dummy_timer is not functional.
[    0.670145] Could not switch to high resolution mode on CPU 3
[    0.670150] Could not switch to high resolution mode on CPU 2
[    0.670155] Could not switch to high resolution mode on CPU 1
[    0.670181]  dummy_timer is not functional.
[    0.670188] Could not switch to high resolution mode on CPU 0
[    0.681426] NET: Registered protocol family 2
[    0.682350] TCP established hash table entries: 8192 (order: 3, 32768 bytes)
[    0.682452] TCP bind hash table entries: 8192 (order: 4, 65536 bytes)
[    0.682639] TCP: Hash tables configured (established 8192 bind 8192)
[    0.683055] TCP: reno registered
[    0.683072] UDP hash table entries: 512 (order: 2, 16384 bytes)
[    0.683114] UDP-Lite hash table entries: 512 (order: 2, 16384 bytes)
[    0.683543] NET: Registered protocol family 1
[    0.684242] RPC: Registered named UNIX socket transport module.
[    0.684252] RPC: Registered udp transport module.
[    0.684261] RPC: Registered tcp transport module.
[    0.684269] RPC: Registered tcp NFSv4.1 backchannel transport module.
[    0.684281] PCI: CLS 0 bytes, default 64
[    0.687805] bounce pool size: 64 pages
[    0.689460] squashfs: version 4.0 (2009/01/31) Phillip Lougher
[    0.690286] msgmni has been set to 1469
[    0.691876] io scheduler noop registered (default)
[    0.715160] tegra-apbdma 6000a000.dma: Tegra20 APB DMA driver register 32 channels
[    0.715705] Serial: 8250/16550 driver, 4 ports, IRQ sharing disabled
[    0.717785] 70006300.serial: ttyS0 at MMIO 0x70006300 (irq = 122, base_baud = 25500000) is a Tegra
[    1.795941] console [ttyS0] enabled
[    1.800244] [drm] Initialized drm 1.1.0 20060810
[    1.811118] loop: module loaded
[    1.817067] m25p80 spi32766.0: w25q32dw (4096 Kbytes)
[    1.823963] pegasus: v0.9.3 (2013/04/25), Pegasus/Pegasus II USB Ethernet driver
[    1.831454] usbcore: registered new interface driver pegasus
[    1.837187] usbcore: registered new interface driver asix
[    1.842685] usbcore: registered new interface driver ax88179_178a
[    1.848830] usbcore: registered new interface driver cdc_ether
[    1.854744] usbcore: registered new interface driver r815x
[    1.860330] usbcore: registered new interface driver smsc75xx
[    1.866159] usbcore: registered new interface driver smsc95xx
[    1.871979] usbcore: registered new interface driver net1080
[    1.877700] usbcore: registered new interface driver cdc_subset
[    1.883692] usbcore: registered new interface driver zaurus
[    1.889348] usbcore: registered new interface driver cdc_ncm
[    1.895055] ehci_hcd: USB 2.0 'Enhanced' Host Controller (EHCI) Driver
[    1.901597] ehci-pci: EHCI PCI platform driver
[    1.906102] tegra-ehci: Tegra EHCI driver
[    1.910327] platform 7d008000.usb: Driver tegra-ehci requests probe deferral
[    1.917630] usbcore: registered new interface driver cdc_acm
[    1.923298] cdc_acm: USB Abstract Control Model driver for USB modems and ISDN adapters
[    1.931379] usbcore: registered new interface driver cdc_wdm
[    1.937115] usbcore: registered new interface driver usb-storage
[    1.943375] platform 7d008000.usb-phy: Driver tegra-phy requests probe deferral
[    1.951358] mousedev: PS/2 mouse device common for all mice
[    1.968839] palmas-rtc rtc.7: rtc core: registered rtc.7 as rtc0
[    1.974868] palmas-rtc rtc.7: IRQ request failed, err = -22
[    1.980689] palmas-rtc: probe of rtc.7 failed with error -22
[    1.986788] tegra_rtc 7000e000.rtc: rtc core: registered 7000e000.rtc as rtc1
[    1.993972] tegra_rtc 7000e000.rtc: Tegra internal Real Time Clock
[    2.001543] sbs-battery 0-000b: sbs_probe: Failed to get device status
[    2.008074] sbs-battery: probe of 0-000b failed with error -121
[    2.020258] sdhci: Secure Digital Host Controller Interface driver
[    2.026430] sdhci: Copyright(c) Pierre Ossman
[    2.030798] sdhci-pltfm: SDHCI platform and OF driver helper
[    2.036851] sdhci-tegra 78000400.sdhci: Got CD GPIO #170.
[    2.060150] sdhci-tegra 78000400.sdhci: dummy supplies not allowed
[    2.066321] mmc0: no vqmmc regulator found
[    2.070437] sdhci-tegra 78000400.sdhci: dummy supplies not allowed
[    2.076606] mmc0: no vmmc regulator found
[    2.080626] mmc0: Invalid maximum block size, assuming 512 bytes
[    2.190124] mmc0: SDHCI controller on 78000400.sdhci [78000400.sdhci] using ADMA
[    2.197694] sdhci-tegra 78000600.sdhci: dummy supplies not allowed
[    2.203883] mmc1: no vqmmc regulator found
[    2.207983] sdhci-tegra 78000600.sdhci: dummy supplies not allowed
[    2.214162] mmc1: no vmmc regulator found
[    2.218165] mmc1: Invalid maximum block size, assuming 512 bytes
[    2.320118] mmc1: SDHCI controller on 78000600.sdhci [78000600.sdhci] using ADMA
[    2.328228] usbcore: registered new interface driver usbhid
[    2.333804] usbhid: USB HID core driver
[    2.757235] tegra-snd-rt5640 sound.4: ASoC: CPU DAI (null) not registered
[    2.764113] tegra-snd-rt5640 sound.4: snd_soc_register_card failed (-517)
[    2.770940] platform sound.4: Driver tegra-snd-rt5640 requests probe deferral
[    2.778980] TCP: cubic registered
[    2.782615] NET: Registered protocol family 10
[    2.788447] mip6: Mobile IPv6
[    2.791448] sit: IPv6 over IPv4 tunneling driver
[    2.797705] NET: Registered protocol family 17
[    2.802214] NET: Registered protocol family 15
[    2.806764] Bluetooth: RFCOMM socket layer initialized
[    2.806821] Bluetooth: Bind failed -22
[    2.815682] Bluetooth: RFCOMM ver 1.11
[    2.819515] Bluetooth: BNEP (Ethernet Emulation) ver 1.3
[    2.824853] Bluetooth: BNEP socket layer initialized
[    2.829809] Bluetooth: HIDP (Human Interface Emulation) ver 1.2
[    2.835768] Bluetooth: HIDP socket layer initialized
[    2.841397] Registering SWP/SWPB emulation handler
[    2.850023] hvdd-usb: disabling
[    2.855359] vdd-af-cam1: disabling
[    2.860930] vdd-sensor-2v85: disabling
[    2.866843] LDO5: disabling
[    2.871807] vpp-fuse: disabling
[    2.877114] avdd-cam2: disabling
[    2.882525] avdd-cam1: disabling
[    2.889509] vdd-com-3v3: disabling
[    2.893518] vdd-lvds: disabling
[    2.897245] avdd-lcd: disabling
[    2.901000] vdd-lcd-bl: disabling
[    2.905457] dvdd_ts: 1800 mV 
[    2.908776] lcd_bl_en: 5000 mV 
[    2.912244] usb1_vbus: 5000 mV 
[    2.915417] usb1_vbus: supplied by vdd-sys-5v0
[    2.920240] usb2_vbus: 5000 mV 
[    2.923410] usb2_vbus: supplied by vdd-sys-5v0
[    2.928195] vdd_hdmi_5v0: 5000 mV 
[    2.931638] vdd_hdmi_5v0: supplied by vdd-sys-5v0
[    2.938662] vdd_cam_1v8_reg: 1800 mV 
[    2.942858] platform 7d008000.usb: Driver tegra-ehci requests probe deferral
[    2.950719] tegra-snd-rt5640 sound.4: ASoC: CPU DAI (null) not registered
[    2.957531] tegra-snd-rt5640 sound.4: snd_soc_register_card failed (-517)
[    2.964339] platform sound.4: Driver tegra-snd-rt5640 requests probe deferral
[    2.971736] tegra-ehci 7d008000.usb: EHCI Host Controller
[    2.977155] tegra-ehci 7d008000.usb: new USB bus registered, assigned bus number 1
[    2.985081] tegra-ehci 7d008000.usb: irq 129, io mem 0x7d008000
[    2.986864] mmc1: BKOPS_EN bit is not set
[    3.010125] tegra-ehci 7d008000.usb: USB 2.0 started, EHCI 1.10
[    3.017020] hub 1-0:1.0: USB hub found
[    3.020825] hub 1-0:1.0: 1 port detected
[    3.025456] tegra-snd-rt5640 sound.4: ASoC: CPU DAI (null) not registered
[    3.032297] tegra-snd-rt5640 sound.4: snd_soc_register_card failed (-517)
[    3.039089] platform sound.4: Driver tegra-snd-rt5640 requests probe deferral
[    3.047169] input: gpio-keys.2 as /devices/soc0/gpio-keys.2/input/input0
[    3.054325] drivers/rtc/hctosys.c: unable to open rtc device (rtc0)
[    3.054601] tegra-snd-rt5640 sound.4: ASoC: CPU DAI (null) not registered
[    3.054644] tegra-snd-rt5640 sound.4: snd_soc_register_card failed (-517)
[    3.054666] platform sound.4: Driver tegra-snd-rt5640 requests probe deferral
[    3.090362] mmc1: new HS200 MMC card at address 0001
[    3.096094] mmcblk0: mmc1:0001 SEM32G 29.1 GiB 
[    3.096475] ALSA device list:
[    3.096478]   No soundcards found.
[    3.107331] mmcblk0boot0: mmc1:0001 SEM32G partition 1 4.00 MiB
[    3.113613] mmcblk0boot1: mmc1:0001 SEM32G partition 2 4.00 MiB
[    3.119801] mmcblk0rpmb: mmc1:0001 SEM32G partition 3 4.00 MiB
[    3.128301] Primary GPT is invalid, using alternate GPT.
[    3.133641]  mmcblk0: p1 p2 p3 p4 p5
[    3.140644]  mmcblk0boot1: unknown partition table
[    3.147152]  mmcblk0boot0: unknown partition table
[    3.152614] tegra-snd-rt5640 sound.4: ASoC: CPU DAI (null) not registered
[    3.159428] tegra-snd-rt5640 sound.4: snd_soc_register_card failed (-517)
[    3.161346] kjournald starting.  Commit interval 5 seconds
[    3.162964] EXT3-fs (mmcblk0p1): using internal journal
[    3.162982] EXT3-fs (mmcblk0p1): recovery complete
[    3.162988] EXT3-fs (mmcblk0p1): mounted filesystem with writeback data mode
[    3.163057] VFS: Mounted root (ext3 filesystem) on device 179:1.
[    3.164210] devtmpfs: mounted
[    3.164490] Freeing unused kernel memory: 228K (c073e000 - c0777000)
[    3.204025] platform sound.4: Driver tegra-snd-rt5640 requests probe deferral
bash: cannot set terminal process group (-1): Inappropriate ioctl for device
bash: no job control in this shell
I have no name!@(none):/# [    3.360167] usb 1-1: new high-speed USB device number 2 using tegra-ehci
[  