

U-Boot 2011.03 (Jun 11 2013 - 06:07:37)

T114
Board: NVIDIA Dalmore
DRAM:  2 GiB
MMC:   Tegra2 SD/MMC: 0, Tegra2 SD/MMC: 1
In:    serial
Out:   serial
Err:   serial
Net:   Net Initialization Skipped
No ethernet found.
Hit any key to stop autoboot:  2  1  0 
Dalmore #
Dalmore #usb reset
(Re)start USB...
USB:   Register 10011 NbrPorts 1
USB EHCI 1.10
scanning bus for devices... 2 USB Device(s) found
       scanning bus for storage devices... 0 Storage Device(s) found
       scanning bus for ethernet devices... 1 Ethernet Device(s) found
Dalmore #setenv bootargs 'ignore_loglevel console=ttyS0,115200n8 rw root=/dev/mmcblk0p1 rootwait gpt init=/bin/bash'
Dalmore #setenv ipaddr 192.168.100.100; setenv serverip 192.168.100.1; setenv tftpserverip 192.168.100.1
Dalmore #tftpboot 0x81000000 zImage.tegra_defconfig%tegra20,114_mergeconfig
Waiting for Ethernet connection... done.
Using asx0 device
TFTP from server 192.168.100.1; our IP address is 192.168.100.100
Filename 'zImage.tegra_defconfig%tegra20,114_mergeconfig'.
Load address: 0x81000000
Loading: *#################################################  2.8 MiB/s
done
Bytes transferred = 4122136 (3ee618 hex)
Dalmore #tftpboot 0x82000000 tegra114-dalmore.dtb
Using asx0 device
TFTP from server 192.168.100.1; our IP address is 192.168.100.100
Filename 'tegra114-dalmore.dtb'.
Load address: 0x82000000
Loading: *#################################################  2.6 MiB/s
done
Bytes transferred = 29436 (72fc hex)
Dalmore #bootz 0x81000000 - 0x82000000
## Flattened Device Tree blob at 82000000
   Booting using the fdt blob at 0x82000000
   Loading Device Tree to 81ff5000, end 81fff2fb ... OK

Starting kernel ...

Timer summary in microseconds:
       Mark    Elapsed  Stage
          0          0  awake
  3,065,851  3,065,851  usb_start
  7,071,084  4,005,233  eth_start
  7,071,082         -2  tftp start
 10,908,597  3,837,515  tftp done
 13,081,208  2,172,611  start_kernel
Uncompressing Linux... done, booting the kernel.
[    0.000000] Booting Linux on physical CPU 0x0
[    0.000000] Initializing cgroup subsys cpu
[    0.000000] Initializing cgroup subsys cpuacct
[    0.000000] Linux version 3.12.0-rc7-next-20131030-21872-g3a94271 (pwalmsley@kaivo) (gcc version 4.7.3 20130328 (prerelease) (crosstool-NG linaro-1.13.1-4.7-2013.04-20130415 - Linaro GCC 2013.04) ) #1 SMP PREEMPT Tue Nov 5 17:40:57 PST 2013
[    0.000000] CPU: ARMv7 Processor [412fc0f2] revision 2 (ARMv7), cr=10c5387d
[    0.000000] CPU: PIPT / VIPT nonaliasing data cache, PIPT instruction cache
[    0.000000] Machine model: NVIDIA Tegra114 Dalmore evaluation board
[    0.000000] debug: ignoring loglevel setting.
[    0.000000] cma: CMA: reserved 16 MiB at ae800000
[    0.000000] Memory policy: ECC disabled, Data cache writealloc
[    0.000000] On node 0 totalpages: 524032
[    0.000000] free_area_init_node: node 0, pgdat c07cf140, node_mem_map c0826000
[    0.000000]   Normal zone: 1520 pages used for memmap
[    0.000000]   Normal zone: 0 pages reserved
[    0.000000]   Normal zone: 194560 pages, LIFO batch:31
[    0.000000]   HighMem zone: 2574 pages used for memmap
[    0.000000]   HighMem zone: 329472 pages, LIFO batch:31
[    0.000000] Tegra Revision: A01 SKU: 0 CPU Process: 1 Core Process: 1
[    0.000000] PERCPU: Embedded 8 pages/cpu @c183e000 s9152 r8192 d15424 u32768
[    0.000000] pcpu-alloc: s9152 r8192 d15424 u32768 alloc=8*4096
[    0.000000] pcpu-alloc: [0] 0 [0] 1 [0] 2 [0] 3 
[    0.000000] Built 1 zonelists in Zone order, mobility grouping on.  Total pages: 522512
[    0.000000] Kernel command line: ignore_loglevel console=ttyS0,115200n8 rw root=/dev/mmcblk0p1 rootwait gpt init=/bin/bash
[    0.000000] PID hash table entries: 4096 (order: 2, 16384 bytes)
[    0.000000] Dentry cache hash table entries: 131072 (order: 7, 524288 bytes)
[    0.000000] Inode-cache hash table entries: 65536 (order: 6, 262144 bytes)
[    0.000000] Memory: 2053912K/2096128K available (5623K kernel code, 298K rwdata, 1808K rodata, 232K init, 341K bss, 42216K reserved, 1317888K highmem)
[    0.000000] Virtual kernel memory layout:
[    0.000000]     vector  : 0xffff0000 - 0xffff1000   (   4 kB)
[    0.000000]     fixmap  : 0xfff00000 - 0xfffe0000   ( 896 kB)
[    0.000000]     vmalloc : 0xf0000000 - 0xff000000   ( 240 MB)
[    0.000000]     lowmem  : 0xc0000000 - 0xef800000   ( 760 MB)
[    0.000000]     pkmap   : 0xbfe00000 - 0xc0000000   (   2 MB)
[    0.000000]     modules : 0xbf000000 - 0xbfe00000   (  14 MB)
[    0.000000]       .text : 0xc0008000 - 0xc074a1fc   (7433 kB)
[    0.000000]       .init : 0xc074b000 - 0xc07853c0   ( 233 kB)
[    0.000000]       .data : 0xc0786000 - 0xc07d0880   ( 299 kB)
[    0.000000]        .bss : 0xc07d088c - 0xc0825ea4   ( 342 kB)
[    0.000000] Preemptible hierarchical RCU implementation.
[    0.000000] NR_IRQS:16 nr_irqs:16 16
[    0.000000] sched_clock: 32 bits at 1000kHz, resolution 1000ns, wraps every 2147483648000ns
[    0.000000] arch_timer: No interrupt available, giving up
[    0.000000] Console: colour dummy device 80x30
[    0.000951] Calibrating delay loop... 1384.44 BogoMIPS (lpj=6922240)
[    0.090057] pid_max: default: 32768 minimum: 301
[    0.090490] Mount-cache hash table entries: 512
[    0.109020] Initializing cgroup subsys debug
[    0.109037] Initializing cgroup subsys freezer
[    0.109102] CPU: Testing write buffer coherency: ok
[    0.109437] /cpus/cpu@0 missing clock-frequency property
[    0.109460] /cpus/cpu@1 missing clock-frequency property
[    0.109483] /cpus/cpu@2 missing clock-frequency property
[    0.109506] /cpus/cpu@3 missing clock-frequency property
[    0.109520] CPU0: thread -1, cpu 0, socket 0, mpidr 80000000
[    0.109547] Setting up static identity map for 0x805543a0 - 0x80554438
[    0.160942] CPU1: Booted secondary processor
[    0.250131] CPU1: thread -1, cpu 1, socket 0, mpidr 80000001
[    0.270937] CPU2: Booted secondary processor
[    0.360131] CPU2: thread -1, cpu 2, socket 0, mpidr 80000002
[    0.380942] CPU3: Booted secondary processor
[    0.470131] CPU3: thread -1, cpu 3, socket 0, mpidr 80000003
[    0.470251] Brought up 4 CPUs
[    0.470277] SMP: Total of 4 processors activated.
[    0.470286] CPU: All CPU(s) started in SVC mode.
[    0.471313] devtmpfs: initialized
[    0.484046] VFP support v0.3: implementor 41 architecture 4 part 30 variant f rev 0
[    0.484438] pinctrl core: initialized pinctrl subsystem
[    0.484953] regulator-dummy: no parameters
[    0.485757] NET: Registered protocol family 16
[    0.487057] DMA: preallocated 256 KiB pool for atomic coherent allocations
[    0.487811] cpuidle: using governor ladder
[    0.487822] cpuidle: using governor menu
[    0.499230] No ATAGs?
[    0.499261] hw-breakpoint: found 5 (+1 reserved) breakpoint and 4 watchpoint registers.
[    0.499271] hw-breakpoint: maximum watchpoint size is 8 bytes.
[    0.510143] bio: create slab <bio-0> at 0
[    0.511574] vdd_ac_bat: 5000 mV 
[    0.511972] dvdd_ts: Failed to request enable GPIO61: -517
[    0.512130] reg-fixed-voltage 1.regulator: Failed to register regulator: -517
[    0.512154] platform 1.regulator: Driver reg-fixed-voltage requests probe deferral
[    0.512351] lcd_bl_en: Failed to request enable GPIO58: -517
[    0.512495] reg-fixed-voltage 2.regulator: Failed to register regulator: -517
[    0.512519] platform 2.regulator: Driver reg-fixed-voltage requests probe deferral
[    0.512714] usb1_vbus: Failed to request enable GPIO108: -517
[    0.512856] reg-fixed-voltage 3.regulator: Failed to register regulator: -517
[    0.512878] platform 3.regulator: Driver reg-fixed-voltage requests probe deferral
[    0.513073] usb2_vbus: Failed to request enable GPIO86: -517
[    0.513214] reg-fixed-voltage 4.regulator: Failed to register regulator: -517
[    0.513237] platform 4.regulator: Driver reg-fixed-voltage requests probe deferral
[    0.513431] vdd_hdmi_5v0: Failed to request enable GPIO81: -517
[    0.513571] reg-fixed-voltage 5.regulator: Failed to register regulator: -517
[    0.513594] platform 5.regulator: Driver reg-fixed-voltage requests probe deferral
[    0.513672] platform 6.regulator: Driver reg-fixed-voltage requests probe deferral
[    0.514682] vgaarb: loaded
[    0.515738] SCSI subsystem initialized
[    0.516115] usbcore: registered new interface driver usbfs
[    0.516215] usbcore: registered new interface driver hub
[    0.516370] usbcore: registered new device driver usb
[    0.520577] vdd-cpu: 500 <--> 1520 mV at 1100 mV 
[    0.521179] tps65090 1-0048: No cache defaults, reading back from HW
[    0.527573] vdd-sys-5v0: no parameters
[    0.527621] vdd-sys-5v0: supplied by vdd_ac_bat
[    0.529091] vdd-sys-3v3: no parameters
[    0.529129] vdd-sys-3v3: supplied by vdd_ac_bat
[    0.530551] vdd-ao: no parameters
[    0.530588] vdd-ao: supplied by vdd_ac_bat
[    0.530840] vdd-lcd-bl: no parameters
[    0.530887] vdd-lcd-bl: supplied by vdd_ac_bat
[    0.531132] TPS65090_RAILSFET2: no parameters
[    0.531169] TPS65090_RAILSFET2: supplied by vdd_ac_bat
[    0.531416] vdd-modem-3v3: no parameters
[    0.531449] vdd-modem-3v3: supplied by vdd-sys-3v3
[    0.531699] avdd-lcd: no parameters
[    0.531732] avdd-lcd: supplied by vdd-sys-3v3
[    0.531972] vdd-lvds: no parameters
[    0.532005] vdd-lvds: supplied by vdd-sys-3v3
[    0.532257] vdd-sd-slot: no parameters
[    0.532290] vdd-sd-slot: supplied by vdd-sys-3v3
[    0.532547] vdd-com-3v3: no parameters
[    0.532581] vdd-com-3v3: supplied by vdd-sys-3v3
[    0.532822] vdd-sby-5v0: no parameters
[    0.532866] vdd-sby-5v0: supplied by vdd_ac_bat
[    0.533104] vdd-sby-3v3: no parameters
[    0.533138] vdd-sby-3v3: supplied by vdd_ac_bat
[    0.533500] genirq: Setting trigger mode 8 for irq 118 failed (gic_set_type+0x0/0xf0)
[    0.533936] palmas 1-0058: Irq flag is 0x00000000
[    0.548258] palmas 1-0058: Muxing GPIO ff, PWM 0, LED 0
[    0.557224] vddio-ddr: 1350 mV 
[    0.558069] vddio-ddr: supplied by vdd-ao
[    0.565053] vddio-1v8: 1800 mV 
[    0.565894] vddio-1v8: supplied by vdd-ao
[    0.572860] vdd-core: 900 <--> 1400 mV at 1100 mV 
[    0.573702] vdd-core: supplied by vdd-sys-3v3
[    0.577891] SMPS6: no parameters
[    0.585617] avdd-pll: 1050 mV 
[    0.586461] avdd-pll: supplied by vdd-sys-3v3
[    0.594788] sdhci-vdd-sd-slot: 2800 mV 
[    0.595629] sdhci-vdd-sd-slot: supplied by vdd-sys-3v3
[    0.597462] SMPS10_OUT2: at 5000 mV 
[    0.599273] SMPS10_OUT1: at 5000 mV 
[    0.601913] avdd-cam1: 2800 mV 
[    0.602752] avdd-cam1: supplied by vdd-sys-3v3
[    0.606777] avdd-cam2: 2800 mV 
[    0.607614] avdd-cam2: supplied by vdd-sys-3v3
[    0.612389] avdd-dsi-csi: 1200 mV 
[    0.613229] avdd-dsi-csi: supplied by vddio-1v8
[    0.618029] vpp-fuse: 1800 mV 
[    0.618867] vpp-fuse: supplied by vdd-sys-3v3
[    0.622077] LDO5: at 1200 mV 
[    0.622921] LDO5: supplied by vdd_ac_bat
[    0.625565] vdd-sensor-2v85: 2850 mV 
[    0.626403] vdd-sensor-2v85: supplied by vdd-sys-3v3
[    0.630424] vdd-af-cam1: 2800 mV 
[    0.631263] vdd-af-cam1: supplied by vdd-sys-3v3
[    0.639390] vdd-rtc: 900 mV 
[    0.640231] vdd-rtc: supplied by vdd-ao
[    0.644249] vddio-sdmmc-2: 1800 <--> 3300 mV at 3300 mV 
[    0.645088] vddio-sdmmc-2: supplied by sdhci-vdd-sd-slot
[    0.649887] hvdd-usb: 3300 mV 
[    0.650729] hvdd-usb: supplied by vdd-sys-5v0
[    0.655517] avdd-usb: 3300 mV 
[    0.656357] avdd-usb: supplied by vdd-sys-5v0
[    0.659644] rail-3v3: no parameters
[    0.662013] rail-5v0: no parameters
[    0.663624] REGEN3: no parameters
[    0.663812] SYSEN1: no parameters
[    0.663998] SYSEN2: no parameters
[    0.664573] Linux video capture interface: v2.00
[    0.665271] platform 7000f010.iommu: Driver tegra-smmu requests probe deferral
[    0.665571] Advanced Linux Sound Architecture Driver Initialized.
[    0.666327] Bluetooth: Core ver 2.17
[    0.666395] NET: Registered protocol family 31
[    0.666404] Bluetooth: HCI device and connection manager initialized
[    0.666429] Bluetooth: HCI socket layer initialized
[    0.666451] Bluetooth: L2CAP socket layer initialized
[    0.666487] Bluetooth: SCO socket layer initialized
[    0.667218] cfg80211: Calling CRDA to update world regulatory domain
[    0.668165] Switched to clocksource timer_us
[    0.670109] Clockevents: could not switch to one-shot mode:
[    0.670113] Clockevents: could not switch to one-shot mode:
[    0.670119] Clockevents: could not switch to one-shot mode:
[    0.670124]  dummy_timer is not functional.
[    0.670128]  dummy_timer is not functional.
[    0.670137] Clockevents: could not switch to one-shot mode: dummy_timer is not functional.
[    0.670142] Could not switch to high resolution mode on CPU 3
[    0.670146] Could not switch to high resolution mode on CPU 2
[    0.670153] Could not switch to high resolution mode on CPU 1
[    0.670176]  dummy_timer is not functional.
[    0.670190] Could not switch to high resolution mode on CPU 0
[    0.681854] NET: Registered protocol family 2
[    0.682777] TCP established hash table entries: 8192 (order: 3, 32768 bytes)
[    0.682878] TCP bind hash table entries: 8192 (order: 4, 65536 bytes)
[    0.683065] TCP: Hash tables configured (established 8192 bind 8192)
[    0.683484] TCP: reno registered
[    0.683500] UDP hash table entries: 512 (order: 2, 16384 bytes)
[    0.683543] UDP-Lite hash table entries: 512 (order: 2, 16384 bytes)
[    0.683969] NET: Registered protocol family 1
[    0.684666] RPC: Registered named UNIX socket transport module.
[    0.684677] RPC: Registered udp transport module.
[    0.684685] RPC: Registered tcp transport module.
[    0.684693] RPC: Registered tcp NFSv4.1 backchannel transport module.
[    0.684705] PCI: CLS 0 bytes, default 64
[    0.688391] bounce pool size: 64 pages
[    0.690048] squashfs: version 4.0 (2009/01/31) Phillip Lougher
[    0.690904] msgmni has been set to 1469
[    0.692606] io scheduler noop registered (default)
[    0.715987] tegra-apbdma 6000a000.dma: Tegra20 APB DMA driver register 32 channels
[    0.716518] Serial: 8250/16550 driver, 4 ports, IRQ sharing disabled
[    0.718581] 70006300.serial: ttyS0 at MMIO 0x70006300 (irq = 122, base_baud = 25500000) is a Tegra
[    1.796801] console [ttyS0] enabled
[    1.801114] [drm] Initialized drm 1.1.0 20060810
[    1.812032] loop: module loaded
[    1.818029] m25p80 spi32766.0: w25q32dw (4096 Kbytes)
[    1.824944] pegasus: v0.9.3 (2013/04/25), Pegasus/Pegasus II USB Ethernet driver
[    1.832445] usbcore: registered new interface driver pegasus
[    1.838180] usbcore: registered new interface driver asix
[    1.843661] usbcore: registered new interface driver ax88179_178a
[    1.849806] usbcore: registered new interface driver cdc_ether
[    1.855724] usbcore: registered new interface driver r815x
[    1.861319] usbcore: registered new interface driver smsc75xx
[    1.867152] usbcore: registered new interface driver smsc95xx
[    1.872973] usbcore: registered new interface driver net1080
[    1.878686] usbcore: registered new interface driver cdc_subset
[    1.884677] usbcore: registered new interface driver zaurus
[    1.890360] usbcore: registered new interface driver cdc_ncm
[    1.896044] ehci_hcd: USB 2.0 'Enhanced' Host Controller (EHCI) Driver
[    1.902586] ehci-pci: EHCI PCI platform driver
[    1.907091] tegra-ehci: Tegra EHCI driver
[    1.911299] platform 7d008000.usb: Driver tegra-ehci requests probe deferral
[    1.918615] usbcore: registered new interface driver cdc_acm
[    1.924283] cdc_acm: USB Abstract Control Model driver for USB modems and ISDN adapters
[    1.932355] usbcore: registered new interface driver cdc_wdm
[    1.938091] usbcore: registered new interface driver usb-storage
[    1.944421] platform 7d008000.usb-phy: Driver tegra-phy requests probe deferral
[    1.952331] mousedev: PS/2 mouse device common for all mice
[    1.969769] palmas-rtc rtc.7: rtc core: registered rtc.7 as rtc0
[    1.975798] palmas-rtc rtc.7: IRQ request failed, err = -22
[    1.981618] palmas-rtc: probe of rtc.7 failed with error -22
[    1.987728] tegra_rtc 7000e000.rtc: rtc core: registered 7000e000.rtc as rtc1
[    1.994910] tegra_rtc 7000e000.rtc: Tegra internal Real Time Clock
[    2.002482] sbs-battery 0-000b: sbs_probe: Failed to get device status
[    2.009013] sbs-battery: probe of 0-000b failed with error -121
[    2.021184] sdhci: Secure Digital Host Controller Interface driver
[    2.027354] sdhci: Copyright(c) Pierre Ossman
[    2.031723] sdhci-pltfm: SDHCI platform and OF driver helper
[    2.037787] sdhci-tegra 78000400.sdhci: Got CD GPIO #170.
[    2.060152] sdhci-tegra 78000400.sdhci: dummy supplies not allowed
[    2.066324] mmc0: no vqmmc regulator found
[    2.070442] sdhci-tegra 78000400.sdhci: dummy supplies not allowed
[    2.076610] mmc0: no vmmc regulator found
[    2.080630] mmc0: Invalid maximum block size, assuming 512 bytes
[    2.190127] mmc0: SDHCI controller on 78000400.sdhci [78000400.sdhci] using ADMA
[    2.197679] sdhci-tegra 78000600.sdhci: dummy supplies not allowed
[    2.203867] mmc1: no vqmmc regulator found
[    2.207968] sdhci-tegra 78000600.sdhci: dummy supplies not allowed
[    2.214149] mmc1: no vmmc regulator found
[    2.218151] mmc1: Invalid maximum block size, assuming 512 bytes
[    2.320120] mmc1: SDHCI controller on 78000600.sdhci [78000600.sdhci] using ADMA
[    2.328239] usbcore: registered new interface driver usbhid
[    2.333816] usbhid: USB HID core driver
[    2.757444] tegra-snd-rt5640 sound.4: ASoC: CPU DAI (null) not registered
[    2.764319] tegra-snd-rt5640 sound.4: snd_soc_register_card failed (-517)
[    2.771147] platform sound.4: Driver tegra-snd-rt5640 requests probe deferral
[    2.779205] TCP: cubic registered
[    2.782849] NET: Registered protocol family 10
[    2.788671] mip6: Mobile IPv6
[    2.791674] sit: IPv6 over IPv4 tunneling driver
[    2.797935] NET: Registered protocol family 17
[    2.802444] NET: Registered protocol family 15
[    2.806997] Bluetooth: RFCOMM socket layer initialized
[    2.807046] Bluetooth: Bind failed -22
[    2.815917] Bluetooth: RFCOMM ver 1.11
[    2.819753] Bluetooth: BNEP (Ethernet Emulation) ver 1.3
[    2.825093] Bluetooth: BNEP socket layer initialized
[    2.830051] Bluetooth: HIDP (Human Interface Emulation) ver 1.2
[    2.836012] Bluetooth: HIDP socket layer initialized
[    2.841673] Registering SWP/SWPB emulation handler
[    2.850296] hvdd-usb: disabling
[    2.855619] vdd-af-cam1: disabling
[    2.861200] vdd-sensor-2v85: disabling
[    2.867125] LDO5: disabling
[    2.872097] vpp-fuse: disabling
[    2.877417] avdd-cam2: disabling
[    2.882833] avdd-cam1: disabling
[    2.889839] vdd-com-3v3: disabling
[    2.893843] vdd-lvds: disabling
[    2.897574] avdd-lcd: disabling
[    2.901322] vdd-lcd-bl: disabling
[    2.905788] dvdd_ts: 1800 mV 
[    2.909103] lcd_bl_en: 5000 mV 
[    2.912575] usb1_vbus: 5000 mV 
[    2.915749] usb1_vbus: supplied by vdd-sys-5v0
[    2.920582] usb2_vbus: 5000 mV 
[    2.923762] usb2_vbus: supplied by vdd-sys-5v0
[    2.928573] vdd_hdmi_5v0: 5000 mV 
[    2.932019] vdd_hdmi_5v0: supplied by vdd-sys-5v0
[    2.939029] vdd_cam_1v8_reg: 1800 mV 
[    2.943213] platform 7d008000.usb: Driver tegra-ehci requests probe deferral
[    2.951109] tegra-snd-rt5640 sound.4: ASoC: CPU DAI (null) not registered
[    2.957920] tegra-snd-rt5640 sound.4: snd_soc_register_card failed (-517)
[    2.964727] platform sound.4: Driver tegra-snd-rt5640 requests probe deferral
[    2.972105] tegra-ehci 7d008000.usb: EHCI Host Controller
[    2.977523] tegra-ehci 7d008000.usb: new USB bus registered, assigned bus number 1
[    2.985448] tegra-ehci 7d008000.usb: irq 129, io mem 0x7d008000
[    2.986856] mmc1: BKOPS_EN bit is not set
[    3.010127] tegra-ehci 7d008000.usb: USB 2.0 started, EHCI 1.10
[    3.017033] hub 1-0:1.0: USB hub found
[    3.020845] hub 1-0:1.0: 1 port detected
[    3.025497] tegra-snd-rt5640 sound.4: ASoC: CPU DAI (null) not registered
[    3.032329] tegra-snd-rt5640 sound.4: snd_soc_register_card failed (-517)
[    3.039123] platform sound.4: Driver tegra-snd-rt5640 requests probe deferral
[    3.047170] input: gpio-keys.2 as /devices/soc0/gpio-keys.2/input/input0
[    3.054284] drivers/rtc/hctosys.c: unable to open rtc device (rtc0)
[    3.054592] tegra-snd-rt5640 sound.4: ASoC: CPU DAI (null) not registered
[    3.054636] tegra-snd-rt5640 sound.4: snd_soc_register_card failed (-517)
[    3.054661] platform sound.4: Driver tegra-snd-rt5640 requests probe deferral
[    3.060371] mmc1: new HS200 MMC card at address 0001
[    3.061167] mmcblk0: mmc1:0001 SEM32G 29.1 GiB 
[    3.061507] mmcblk0boot0: mmc1:0001 SEM32G partition 1 4.00 MiB
[    3.061854] mmcblk0boot1: mmc1:0001 SEM32G partition 2 4.00 MiB
[    3.062163] mmcblk0rpmb: mmc1:0001 SEM32G partition 3 4.00 MiB
[    3.110757] Primary GPT is invalid, using alternate GPT.
[    3.116088]  mmcblk0: p1 p2 p3 p4 p5
[    3.123278]  mmcblk0boot1: unknown partition table
[    3.125613] ALSA device list:
[    3.125617]   No soundcards found.
[    3.136288]  mmcblk0boot0: unknown partition table
[    3.141825] tegra-snd-rt5640 sound.4: ASoC: CPU DAI (null) not registered
[    3.148677] tegra-snd-rt5640 sound.4: snd_soc_register_card failed (-517)
[    3.155696] platform sound.4: Driver tegra-snd-rt5640 requests probe deferral
[    3.167724] kjournald starting.  Commit interval 5 seconds
[    3.174677] EXT3-fs (mmcblk0p1): using internal journal
[    3.179905] EXT3-fs (mmcblk0p1): recovery complete
[    3.184703] EXT3-fs (mmcblk0p1): mounted filesystem with writeback data mode
[    3.191806] VFS: Mounted root (ext3 filesystem) on device 179:1.
[    3.198900] devtmpfs: mounted
[    3.202123] Freeing unused kernel memory: 232K (c074b000 - c0785000)
bash: cannot set terminal process group (-1): Inappropriate ioctl for device
bash: no job control in this shell
[    3.340222] usb 1-1: new high-speed USB device number 2 using tegra-ehci
I have no name!@(none):/# [    3.832850] asix 1-1:1.0 eth0: register 'asix' at usb-7d008000.usb-1, ASIX AX88772 USB 2.0 Ethernet, 00:50:b6:0d:b5:16
[    3.844145] tegra-snd-rt5640 sound.4: ASoC: CPU DAI (null) not registered
[    3.850981] tegra-snd-rt5640 sound.4: snd_soc_register_card failed (-517)
[    3.857776] platform sound.4: Driver tegra-snd-rt5640 requests probe deferral
