

U-Boot 2011.03 (Jun 11 2013 - 06:07:37)

T114
Board: NVIDIA Dalmore
DRAM:  2 GiB
MMC:   Tegra2 SD/MMC: 0, Tegra2 SD/MMC: 1
In:    serial
Out:   serial
Err:   serial
Net:   Net Initialization Skipped
No ethernet found.
Hit any key to stop autoboot:  2  0 
Dalmore #
Dalmore #usb reset
(Re)start USB...
USB:   Register 10011 NbrPorts 1
USB EHCI 1.10
scanning bus for devices... 2 USB Device(s) found
       scanning bus for storage devices... 0 Storage Device(s) found
       scanning bus for ethernet devices... 1 Ethernet Device(s) found
Dalmore #setenv bootargs 'ignore_loglevel console=ttyS0,115200n8 rw root=/dev/mmcblk0p1 rootwait gpt init=/bin/bash'
Dalmore #setenv ipaddr 192.168.100.100; setenv serverip 192.168.100.1; setenv tftpserverip 192.168.100.1
Dalmore #tftpboot 0x81000000 zImage.tegra_defconfig%tegra114_mergeconfig
Waiting for Ethernet connection... done.
Using asx0 device
TFTP from server 192.168.100.1; our IP address is 192.168.100.100
Filename 'zImage.tegra_defconfig%tegra114_mergeconfig'.
Load address: 0x81000000
Loading: *#################################################  2.8 MiB/s
done
Bytes transferred = 4437568 (43b640 hex)
Dalmore #tftpboot 0x82000000 tegra114-dalmore.dtb
Using asx0 device
TFTP from server 192.168.100.1; our IP address is 192.168.100.100
Filename 'tegra114-dalmore.dtb'.
Load address: 0x82000000
Loading: *#################################################  2.5 MiB/s
done
Bytes transferred = 29073 (7191 hex)
Dalmore #bootz 0x81000000 - 0x82000000
## Flattened Device Tree blob at 82000000
   Booting using the fdt blob at 0x82000000
   Loading Device Tree to 81ff5000, end 81fff190 ... OK

Starting kernel ...

Timer summary in microseconds:
       Mark    Elapsed  Stage
          0          0  awake
  2,119,119  2,119,119  usb_start
  6,123,979  4,004,860  eth_start
  6,123,976         -3  tftp start
 10,121,995  3,998,019  tftp done
 12,134,218  2,012,223  start_kernel
Uncompressing Linux... done, booting the kernel.
[    0.000000] Booting Linux on physical CPU 0x0
[    0.000000] Initializing cgroup subsys cpu
[    0.000000] Initializing cgroup subsys cpuacct
[    0.000000] Linux version 3.11.0-next-20130903-10866-g830ad2b (pwalmsley@tamien) (gcc version 4.5.1 (Sourcery G++ Lite 2010.09-50) ) #1 SMP PREEMPT Tue Sep 3 01:58:08 PDT 2013
[    0.000000] CPU: ARMv7 Processor [412fc0f2] revision 2 (ARMv7), cr=10c5387d
[    0.000000] CPU: PIPT / VIPT nonaliasing data cache, PIPT instruction cache
[    0.000000] Machine: NVIDIA Tegra SoC (Flattened Device Tree), model: NVIDIA Tegra114 Dalmore evaluation board
[    0.000000] debug: ignoring loglevel setting.
[    0.000000] Memory policy: ECC disabled, Data cache writealloc
[    0.000000] On node 0 totalpages: 524032
[    0.000000] free_area_init_node: node 0, pgdat c0826780, node_mem_map c087d000
[    0.000000]   Normal zone: 1520 pages used for memmap
[    0.000000]   Normal zone: 0 pages reserved
[    0.000000]   Normal zone: 194560 pages, LIFO batch:31
[    0.000000]   HighMem zone: 2574 pages used for memmap
[    0.000000]   HighMem zone: 329472 pages, LIFO batch:31
[    0.000000] Tegra Revision: A01 SKU: 0 CPU Process: 1 Core Process: 1
[    0.000000] PERCPU: Embedded 8 pages/cpu @c1895000 s9024 r8192 d15552 u32768
[    0.000000] pcpu-alloc: s9024 r8192 d15552 u32768 alloc=8*4096
[    0.000000] pcpu-alloc: [0] 0 [0] 1 [0] 2 [0] 3 
[    0.000000] Built 1 zonelists in Zone order, mobility grouping on.  Total pages: 522512
[    0.000000] Kernel command line: ignore_loglevel console=ttyS0,115200n8 rw root=/dev/mmcblk0p1 rootwait gpt init=/bin/bash
[    0.000000] PID hash table entries: 4096 (order: 2, 16384 bytes)
[    0.000000] Dentry cache hash table entries: 131072 (order: 7, 524288 bytes)
[    0.000000] Inode-cache hash table entries: 65536 (order: 6, 262144 bytes)
[    0.000000] Memory: 2069980K/2096128K available (6082K kernel code, 279K rwdata, 1732K rodata, 216K init, 340K bss, 26148K reserved, 1317888K highmem)
[    0.000000] Virtual kernel memory layout:
[    0.000000]     vector  : 0xffff0000 - 0xffff1000   (   4 kB)
[    0.000000]     fixmap  : 0xfff00000 - 0xfffe0000   ( 896 kB)
[    0.000000]     vmalloc : 0xf0000000 - 0xff000000   ( 240 MB)
[    0.000000]     lowmem  : 0xc0000000 - 0xef800000   ( 760 MB)
[    0.000000]     pkmap   : 0xbfe00000 - 0xc0000000   (   2 MB)
[    0.000000]     modules : 0xbf000000 - 0xbfe00000   (  14 MB)
[    0.000000]       .text : 0xc0008000 - 0xc07a9fbc   (7816 kB)
[    0.000000]       .init : 0xc07aa000 - 0xc07e0340   ( 217 kB)
[    0.000000]       .data : 0xc07e2000 - 0xc0827dc0   ( 280 kB)
[    0.000000]        .bss : 0xc0827dcc - 0xc087cffc   ( 341 kB)
[    0.000000] Preemptible hierarchical RCU implementation.
[    0.000000] NR_IRQS:16 nr_irqs:16 16
[    0.000000] sched_clock: 32 bits at 1MHz, resolution 1000ns, wraps every 4294967ms
[    0.000000] Architected cp15 timer(s) running at 12.00MHz (virt).
[    0.000000] Switching to timer-based delay loop
[    0.000000] sched_clock: ARM arch timer >56 bits at 12000kHz, resolution 83ns
[    0.000000] Console: colour dummy device 80x30
[   12.161662] Calibrating delay loop (skipped), value calculated using timer frequency.. 24.00 BogoMIPS (lpj=120000)
[   12.161679] pid_max: default: 32768 minimum: 301
[   12.162118] Mount-cache hash table entries: 512
[   12.180593] Initializing cgroup subsys debug
[   12.180621] Initializing cgroup subsys freezer
[   12.180677] CPU: Testing write buffer coherency: ok
[   12.181038] /cpus/cpu@0 missing clock-frequency property
[   12.181066] /cpus/cpu@1 missing clock-frequency property
[   12.181091] /cpus/cpu@2 missing clock-frequency property
[   12.181117] /cpus/cpu@3 missing clock-frequency property
[   12.181129] CPU0: thread -1, cpu 0, socket 0, mpidr 80000000
[   12.181158] Setting up static identity map for 0xc05c9738 - 0xc05c97d0
[   12.241709] CPU1: Booted secondary processor
[   12.241737] CPU1: thread -1, cpu 1, socket 0, mpidr 80000001
[   12.261638] CPU2: Booted secondary processor
[   12.261664] CPU2: thread -1, cpu 2, socket 0, mpidr 80000002
[   12.281586] CPU3: Booted secondary processor
[   12.281611] CPU3: thread -1, cpu 3, socket 0, mpidr 80000003
[   12.281715] Brought up 4 CPUs
[   12.281741] SMP: Total of 4 processors activated.
[   12.281749] CPU: All CPU(s) started in SVC mode.
[   12.282774] devtmpfs: initialized
[   12.295625] VFP support v0.3: implementor 41 architecture 4 part 30 variant f rev 0
[   12.296000] pinctrl core: initialized pinctrl subsystem
[   12.296528] regulator-dummy: no parameters
[   12.299221] NET: Registered protocol family 16
[   12.299484] DMA: preallocated 256 KiB pool for atomic coherent allocations
[   12.300246] cpuidle: using governor ladder
[   12.300257] cpuidle: using governor menu
[   12.310998] No ATAGs?
[   12.311026] hw-breakpoint: found 5 (+1 reserved) breakpoint and 4 watchpoint registers.
[   12.311037] hw-breakpoint: maximum watchpoint size is 8 bytes.
[   12.321823] bio: create slab <bio-0> at 0
[   12.323197] vdd_ac_bat: 5000 mV 
[   12.323588] dvdd_ts: Failed to request enable GPIO61: -517
[   12.323746] reg-fixed-voltage 1.regulator: Failed to register regulator: -517
[   12.323770] platform 1.regulator: Driver reg-fixed-voltage requests probe deferral
[   12.323967] lcd_bl_en: Failed to request enable GPIO58: -517
[   12.324110] reg-fixed-voltage 2.regulator: Failed to register regulator: -517
[   12.324133] platform 2.regulator: Driver reg-fixed-voltage requests probe deferral
[   12.324331] usb1_vbus: Failed to request enable GPIO108: -517
[   12.324472] reg-fixed-voltage 3.regulator: Failed to register regulator: -517
[   12.324494] platform 3.regulator: Driver reg-fixed-voltage requests probe deferral
[   12.324689] usb2_vbus: Failed to request enable GPIO86: -517
[   12.324828] reg-fixed-voltage 4.regulator: Failed to register regulator: -517
[   12.324851] platform 4.regulator: Driver reg-fixed-voltage requests probe deferral
[   12.325044] vdd_hdmi_5v0: Failed to request enable GPIO81: -517
[   12.325183] reg-fixed-voltage 5.regulator: Failed to register regulator: -517
[   12.325205] platform 5.regulator: Driver reg-fixed-voltage requests probe deferral
[   12.325284] platform 6.regulator: Driver reg-fixed-voltage requests probe deferral
[   12.326309] vgaarb: loaded
[   12.327394] SCSI subsystem initialized
[   12.327753] usbcore: registered new interface driver usbfs
[   12.327845] usbcore: registered new interface driver hub
[   12.328020] usbcore: registered new device driver usb
[   12.331897] vdd-cpu: 500 <--> 1520 mV at 1100 mV 
[   12.332533] tps65090 1-0048: No cache defaults, reading back from HW
[   12.338922] vdd-sys-5v0: no parameters
[   12.338970] vdd-sys-5v0: supplied by vdd_ac_bat
[   12.340417] vdd-sys-3v3: no parameters
[   12.340456] vdd-sys-3v3: supplied by vdd_ac_bat
[   12.341912] vdd-ao: no parameters
[   12.341950] vdd-ao: supplied by vdd_ac_bat
[   12.342206] vdd-lcd-bl: no parameters
[   12.342242] vdd-lcd-bl: supplied by vdd_ac_bat
[   12.342480] TPS65090_RAILSFET2: no parameters
[   12.342527] TPS65090_RAILSFET2: supplied by vdd_ac_bat
[   12.342771] vdd-modem-3v3: no parameters
[   12.342804] vdd-modem-3v3: supplied by vdd-sys-3v3
[   12.343056] avdd-lcd: no parameters
[   12.343088] avdd-lcd: supplied by vdd-sys-3v3
[   12.343347] vdd-lvds: no parameters
[   12.343381] vdd-lvds: supplied by vdd-sys-3v3
[   12.343634] vdd-sd-slot: no parameters
[   12.343670] vdd-sd-slot: supplied by vdd-sys-3v3
[   12.343939] vdd-com-3v3: no parameters
[   12.343973] vdd-com-3v3: supplied by vdd-sys-3v3
[   12.344207] vdd-sby-5v0: no parameters
[   12.344240] vdd-sby-5v0: supplied by vdd_ac_bat
[   12.344482] vdd-sby-3v3: no parameters
[   12.344525] vdd-sby-3v3: supplied by vdd_ac_bat
[   12.344884] genirq: Setting trigger mode 8 for irq 118 failed (gic_set_type+0x0/0xf0)
[   12.345306] palmas 1-0058: Irq flag is 0x00000000
[   12.359593] palmas 1-0058: Muxing GPIO ff, PWM 0, LED 0
[   12.368535] vddio-ddr: 1350 mV 
[   12.369381] vddio-ddr: supplied by vdd-ao
[   12.376330] vddio-1v8: 1800 mV 
[   12.377170] vddio-1v8: supplied by vdd-ao
[   12.384121] vdd-core: 900 <--> 1400 mV at 1100 mV 
[   12.384963] vdd-core: supplied by vdd-sys-3v3
[   12.389149] SMPS6: no parameters
[   12.396852] avdd-pll: 1050 mV 
[   12.397694] avdd-pll: supplied by vdd-sys-3v3
[   12.406025] sdhci-vdd-sd-slot: 2800 mV 
[   12.406865] sdhci-vdd-sd-slot: supplied by vdd-sys-3v3
[   12.408710] SMPS10_OUT2: at 5000 mV 
[   12.410523] SMPS10_OUT1: at 5000 mV 
[   12.413144] avdd-cam1: 2800 mV 
[   12.413981] avdd-cam1: supplied by vdd-sys-3v3
[   12.417982] avdd-cam2: 2800 mV 
[   12.418819] avdd-cam2: supplied by vdd-sys-3v3
[   12.423600] avdd-dsi-csi: 1200 mV 
[   12.424439] avdd-dsi-csi: supplied by vddio-1v8
[   12.429222] vpp-fuse: 1800 mV 
[   12.430059] vpp-fuse: supplied by vdd-sys-3v3
[   12.433268] LDO5: at 1200 mV 
[   12.434109] LDO5: supplied by vdd_ac_bat
[   12.436753] vdd-sensor-2v85: 2850 mV 
[   12.437590] vdd-sensor-2v85: supplied by vdd-sys-3v3
[   12.441608] vdd-af-cam1: 2800 mV 
[   12.442447] vdd-af-cam1: supplied by vdd-sys-3v3
[   12.450528] vdd-rtc: 900 mV 
[   12.451365] vdd-rtc: supplied by vdd-ao
[   12.455373] vddio-sdmmc-2: 1800 <--> 3300 mV at 3300 mV 
[   12.456211] vddio-sdmmc-2: supplied by sdhci-vdd-sd-slot
[   12.461008] hvdd-usb: 3300 mV 
[   12.461846] hvdd-usb: supplied by vdd-sys-5v0
[   12.466636] avdd-usb: 3300 mV 
[   12.467475] avdd-usb: supplied by vdd-sys-5v0
[   12.470681] rail-3v3: no parameters
[   12.473150] rail-5v0: no parameters
[   12.474733] REGEN3: no parameters
[   12.474939] SYSEN1: no parameters
[   12.475127] SYSEN2: no parameters
[   12.475592] Linux video capture interface: v2.00
[   12.476189] platform 7000f010.iommu: Driver tegra-smmu requests probe deferral
[   12.476491] Advanced Linux Sound Architecture Driver Initialized.
[   12.477258] Bluetooth: Core ver 2.16
[   12.477339] NET: Registered protocol family 31
[   12.477348] Bluetooth: HCI device and connection manager initialized
[   12.477373] Bluetooth: HCI socket layer initialized
[   12.477395] Bluetooth: L2CAP socket layer initialized
[   12.477444] Bluetooth: SCO socket layer initialized
[   12.478166] cfg80211: Calling CRDA to update world regulatory domain
[   12.479271] Switched to clocksource arch_sys_counter
[   12.493513] NET: Registered protocol family 2
[   12.494434] TCP established hash table entries: 8192 (order: 4, 65536 bytes)
[   12.494636] TCP bind hash table entries: 8192 (order: 4, 65536 bytes)
[   12.494813] TCP: Hash tables configured (established 8192 bind 8192)
[   12.495257] TCP: reno registered
[   12.495275] UDP hash table entries: 512 (order: 2, 16384 bytes)
[   12.495317] UDP-Lite hash table entries: 512 (order: 2, 16384 bytes)
[   12.495737] NET: Registered protocol family 1
[   12.496455] RPC: Registered named UNIX socket transport module.
[   12.496466] RPC: Registered udp transport module.
[   12.496473] RPC: Registered tcp transport module.
[   12.496481] RPC: Registered tcp NFSv4.1 backchannel transport module.
[   12.496493] PCI: CLS 0 bytes, default 64
[   12.500111] bounce pool size: 64 pages
[   12.501810] squashfs: version 4.0 (2009/01/31) Phillip Lougher
[   12.502618] msgmni has been set to 1468
[   12.504312] io scheduler noop registered (default)
[   12.515975] tegra-apbdma 6000a000.dma: Tegra20 APB DMA driver register 32 channels
[   12.516512] Serial: 8250/16550 driver, 4 ports, IRQ sharing disabled
[   12.518603] 70006300.serial: ttyS0 at MMIO 0x70006300 (irq = 122, base_baud = 25500000) is a Tegra
[   13.541585] console [ttyS0] enabled
[   13.545951] [drm] Initialized drm 1.1.0 20060810
[   13.556285] loop: module loaded
[   13.562030] m25p80 spi32766.0: w25q32dw (4096 Kbytes)
[   13.568933] pegasus: v0.9.3 (2013/04/25), Pegasus/Pegasus II USB Ethernet driver
[   13.576388] usbcore: registered new interface driver pegasus
[   13.582101] usbcore: registered new interface driver asix
[   13.587558] usbcore: registered new interface driver ax88179_178a
[   13.593682] usbcore: registered new interface driver cdc_ether
[   13.599565] usbcore: registered new interface driver r815x
[   13.605134] usbcore: registered new interface driver smsc75xx
[   13.610941] usbcore: registered new interface driver smsc95xx
[   13.616738] usbcore: registered new interface driver net1080
[   13.622429] usbcore: registered new interface driver cdc_subset
[   13.628403] usbcore: registered new interface driver zaurus
[   13.634043] usbcore: registered new interface driver cdc_ncm
[   13.639725] ehci_hcd: USB 2.0 'Enhanced' Host Controller (EHCI) Driver
[   13.646230] ehci-pci: EHCI PCI platform driver
[   13.650729] tegra-ehci: Tegra EHCI driver
[   13.654939] platform 7d008000.usb: Driver tegra-ehci requests probe deferral
[   13.662220] usbcore: registered new interface driver cdc_acm
[   13.667862] cdc_acm: USB Abstract Control Model driver for USB modems and ISDN adapters
[   13.675899] usbcore: registered new interface driver cdc_wdm
[   13.681617] usbcore: registered new interface driver usb-storage
[   13.687836] platform 7d008000.usb-phy: Driver tegra-phy requests probe deferral
[   13.695691] mousedev: PS/2 mouse device common for all mice
[   13.713329] palmas-rtc rtc.7: rtc core: registered rtc.7 as rtc0
[   13.723698] tegra_rtc 7000e000.rtc: rtc core: registered 7000e000.rtc as rtc1
[   13.730844] tegra_rtc 7000e000.rtc: Tegra internal Real Time Clock
[   13.738391] sbs-battery 0-000b: sbs_probe: Failed to get device status
[   13.744914] sbs-battery: probe of 0-000b failed with error -121
[   13.754527] sdhci: Secure Digital Host Controller Interface driver
[   13.760672] sdhci: Copyright(c) Pierre Ossman
[   13.765017] sdhci-pltfm: SDHCI platform and OF driver helper
[   13.771072] sdhci-tegra 78000400.sdhci: Got CD GPIO #170.
[   13.777517] mmc0: no vqmmc regulator found
[   13.781597] mmc0: no vmmc regulator found
[   13.785599] mmc0: Invalid maximum block size, assuming 512 bytes
[   13.833853] mmc0: SDHCI controller on 78000400.sdhci [78000400.sdhci] using ADMA
[   13.843415] mmc1: no vqmmc regulator found
[   13.847514] mmc1: no vmmc regulator found
[   13.851501] mmc1: Invalid maximum block size, assuming 512 bytes
[   13.893608] mmc1: SDHCI controller on 78000600.sdhci [78000600.sdhci] using ADMA
[   13.901665] usbcore: registered new interface driver usbhid
[   13.909266] usbhid: USB HID core driver
[   14.025417] mmc1: BKOPS_EN bit is not set
[   14.055841] mmc1: new HS200 MMC card at address 0001
[   14.061375] mmcblk0: mmc1:0001 SEM32G 29.1 GiB 
[   14.066220] mmcblk0boot0: mmc1:0001 SEM32G partition 1 4.00 MiB
[   14.072413] mmcblk0boot1: mmc1:0001 SEM32G partition 2 4.00 MiB
[   14.078588] mmcblk0rpmb: mmc1:0001 SEM32G partition 3 4.00 MiB
[   14.086890] Primary GPT is invalid, using alternate GPT.
[   14.092197]  mmcblk0: p1 p2 p3 p4 p5
[   14.099105]  mmcblk0boot1: unknown partition table
[   14.105554]  mmcblk0boot0: unknown partition table
[   14.339100] tegra-snd-rt5640 sound.4: ASoC: CPU DAI (null) not registered
[   14.346000] tegra-snd-rt5640 sound.4: snd_soc_register_card failed (-517)
[   14.352788] platform sound.4: Driver tegra-snd-rt5640 requests probe deferral
[   14.360815] TCP: cubic registered
[   14.364443] NET: Registered protocol family 10
[   14.370260] mip6: Mobile IPv6
[   14.373270] sit: IPv6 over IPv4 tunneling driver
[   14.379566] NET: Registered protocol family 17
[   14.384057] NET: Registered protocol family 15
[   14.388661] Bluetooth: RFCOMM socket layer initialized
[   14.393791] Bluetooth: RFCOMM ver 1.11
[   14.397519] Bluetooth: BNEP (Ethernet Emulation) ver 1.3
[   14.402837] Bluetooth: BNEP socket layer initialized
[   14.407772] Bluetooth: HIDP (Human Interface Emulation) ver 1.2
[   14.413687] Bluetooth: HIDP socket layer initialized
[   14.419249] Registering SWP/SWPB emulation handler
[   14.428674] hvdd-usb: disabling
[   14.434223] vdd-af-cam1: disabling
[   14.440282] vdd-sensor-2v85: disabling
[   14.446546] LDO5: disabling
[   14.452011] vpp-fuse: disabling
[   14.457640] avdd-cam2: disabling
[   14.463530] avdd-cam1: disabling
[   14.471215] vdd-com-3v3: disabling
[   14.475249] vdd-lvds: disabling
[   14.478968] avdd-lcd: disabling
[   14.482709] vdd-lcd-bl: disabling
[   14.487254] dvdd_ts: 1800 mV 
[   14.490836] lcd_bl_en: 5000 mV 
[   14.494548] usb1_vbus: 5000 mV 
[   14.497733] usb1_vbus: supplied by vdd-sys-5v0
[   14.502753] usb2_vbus: 5000 mV 
[   14.505952] usb2_vbus: supplied by vdd-sys-5v0
[   14.510788] vdd_hdmi_5v0: 5000 mV 
[   14.514245] vdd_hdmi_5v0: supplied by vdd-sys-5v0
[   14.521280] vdd_cam_1v8_reg: 1800 mV 
[   14.525464] platform 7d008000.usb: Driver tegra-ehci requests probe deferral
[   14.533307] tegra-snd-rt5640 sound.4: ASoC: CPU DAI (null) not registered
[   14.540098] tegra-snd-rt5640 sound.4: snd_soc_register_card failed (-517)
[   14.546886] platform sound.4: Driver tegra-snd-rt5640 requests probe deferral
[   14.554377] tegra-ehci 7d008000.usb: EHCI Host Controller
[   14.559805] tegra-ehci 7d008000.usb: new USB bus registered, assigned bus number 1
[   14.567649] tegra-ehci 7d008000.usb: irq 129, io mem 0x7d008000
[   14.590932] tegra-ehci 7d008000.usb: USB 2.0 started, EHCI 1.10
[   14.598249] hub 1-0:1.0: USB hub found
[   14.602101] hub 1-0:1.0: 1 port detected
[   14.606955] tegra-snd-rt5640 sound.4: ASoC: CPU DAI (null) not registered
[   14.613818] tegra-snd-rt5640 sound.4: snd_soc_register_card failed (-517)
[   14.620613] platform sound.4: Driver tegra-snd-rt5640 requests probe deferral
[   14.628188] gpiod_set_debounce: missing set() or set_debounce() operations
