
U-Boot SPL 2014.01-00219-gc4d376f (Feb 18 2014 - 19:57:18)


U-Boot 2014.01-00219-gc4d376f (Feb 18 2014 - 19:57:18)

TEGRA30
Board: NVIDIA Beaver
I2C:   ready
DRAM:  2 GiB
MMC:   Tegra SD/MMC: 0, Tegra SD/MMC: 1
In:    serial
Out:   serial
Err:   serial
Net:   Net Initialization Skipped
No ethernet found.
Hit any key to stop autoboot:  2  0 
Tegra30 (Beaver) # 
Tegra30 (Beaver) # usb reset
(Re)start USB...
USB0:   USB EHCI 1.00
scanning bus 0 for devices... 2 USB Device(s) found
       scanning usb for storage devices... 0 Storage Device(s) found
       scanning usb for ethernet devices... 
Warning: asx0 using MAC address from net device
1 Ethernet Device(s) found
Tegra30 (Beaver) # setenv bootargs 'ignore_loglevel console=ttyS0,115200n8 rw root=/dev/mmcblk0p1 rootwait gpt debug init=/bin/bash noinitrd'
Tegra30 (Beaver) # setenv ipaddr 192.168.100.101; setenv serverip 192.168.100.1; setenv tftpserverip 192.168.100.1
Tegra30 (Beaver) # tftpboot 0x81000000 zImage.multi_v7_defconfig
Using asx0 device
TFTP from server 192.168.100.1; our IP address is 192.168.100.101
Filename 'zImage.multi_v7_defconfig'.
Load address: 0x81000000
Loading: *#################################################################
	 #################################################################
	 #################################################################
	 #################################################################
	 ############################################################
	 3.5 MiB/s
done
Bytes transferred = 4696568 (47a9f8 hex)
Tegra30 (Beaver) # tftpboot 0x82000000 tegra30-beaver.dtb
Using asx0 device
TFTP from server 192.168.100.1; our IP address is 192.168.100.101
Filename 'tegra30-beaver.dtb'.
Load address: 0x82000000
Loading: *##
	 2.9 MiB/s
done
Bytes transferred = 24197 (5e85 hex)
Tegra30 (Beaver) # bootz 0x81000000 - 0x82000000
Kernel image @ 0x81000000 [ 0x000000 - 0x47a9f8 ]
## Flattened Device Tree blob at 82000000
   Booting using the fdt blob at 0x82000000
   Loading Device Tree to 8fff7000, end 8ffffe84 ... OK

Starting kernel ...

[    0.000000] Booting Linux on physical CPU 0x0
[    0.000000] Linux version 3.15.0-rc4-next-20140508-19722-g05f62d7 (pwalmsley@kaivo) (gcc version 4.7.3 20130328 (prerelease) (crosstool-NG linaro-1.13.1-4.7-2013.04-20130415 - Linaro GCC 2013.04) ) #1 SMP Wed May 7 23:47:49 PDT 2014
[    0.000000] CPU: ARMv7 Processor [412fc099] revision 9 (ARMv7), cr=10c5387d
[    0.000000] CPU: PIPT / VIPT nonaliasing data cache, VIPT aliasing instruction cache
[    0.000000] Machine model: NVIDIA Tegra30 Beaver evaluation board
[    0.000000] debug: ignoring loglevel setting.
[    0.000000] cma: CMA: reserved 64 MiB at ab800000
[    0.000000] Memory policy: Data cache writealloc
[    0.000000] On node 0 totalpages: 524032
[    0.000000] free_area_init_node: node 0, pgdat c0ba8a40, node_mem_map ea7d8000
[    0.000000]   DMA zone: 1520 pages used for memmap
[    0.000000]   DMA zone: 0 pages reserved
[    0.000000]   DMA zone: 194560 pages, LIFO batch:31
[    0.000000]   HighMem zone: 2574 pages used for memmap
[    0.000000]   HighMem zone: 329472 pages, LIFO batch:31
[    0.000000] fuse_speedo_calib: ATE prog ver 3.3
[    0.000000] Tegra30: CPU Speedo ID 5, Soc Speedo ID 2
[    0.000000] Tegra Revision: A03 SKU: 128 CPU Process: 4 Core Process: 0
[    0.000000] L310 cache controller enabled
[    0.000000] l2x0: 8 ways, CACHE_ID 0x410000c7, AUX_CTRL 0x7e480001, Cache size: 1024 kB
[    0.000000] PERCPU: Embedded 7 pages/cpu @ea79d000 s7744 r8192 d12736 u32768
[    0.000000] pcpu-alloc: s7744 r8192 d12736 u32768 alloc=8*4096
[    0.000000] pcpu-alloc: [0] 0 [0] 1 [0] 2 [0] 3 
[    0.000000] Built 1 zonelists in Zone order, mobility grouping on.  Total pages: 522512
[    0.000000] Kernel command line: ignore_loglevel console=ttyS0,115200n8 rw root=/dev/mmcblk0p1 rootwait gpt debug init=/bin/bash noinitrd
[    0.000000] PID hash table entries: 4096 (order: 2, 16384 bytes)
[    0.000000] Dentry cache hash table entries: 131072 (order: 7, 524288 bytes)
[    0.000000] Inode-cache hash table entries: 65536 (order: 6, 262144 bytes)
[    0.000000] Memory: 2002856K/2096128K available (6080K kernel code, 809K rwdata, 2412K rodata, 555K init, 289K bss, 93272K reserved, 1317888K highmem)
[    0.000000] Virtual kernel memory layout:
[    0.000000]     vector  : 0xffff0000 - 0xffff1000   (   4 kB)
[    0.000000]     fixmap  : 0xffc00000 - 0xffe00000   (2048 kB)
[    0.000000]     vmalloc : 0xf0000000 - 0xff000000   ( 240 MB)
[    0.000000]     lowmem  : 0xc0000000 - 0xef800000   ( 760 MB)
[    0.000000]     pkmap   : 0xbfe00000 - 0xc0000000   (   2 MB)
[    0.000000]     modules : 0xbf000000 - 0xbfe00000   (  14 MB)
[    0.000000]       .text : 0xc0208000 - 0xc0a532ac   (8493 kB)
[    0.000000]       .init : 0xc0a54000 - 0xc0adee40   ( 556 kB)
[    0.000000]       .data : 0xc0ae0000 - 0xc0baa6e0   ( 810 kB)
[    0.000000]        .bss : 0xc0baa6e8 - 0xc0bf2d60   ( 290 kB)
[    0.000000] SLUB: HWalign=64, Order=0-3, MinObjects=0, CPUs=4, Nodes=1
[    0.000000] Hierarchical RCU implementation.
[    0.000000] NR_IRQS:16 nr_irqs:16 16
[    0.000011] sched_clock: 32 bits at 1000kHz, resolution 1000ns, wraps every 2147483648000ns
[    0.000783] Console: colour dummy device 80x30
[    0.000813] Calibrating delay loop... 2793.47 BogoMIPS (lpj=13967360)
[    0.059934] pid_max: default: 32768 minimum: 301
[    0.060039] Mount-cache hash table entries: 2048 (order: 1, 8192 bytes)
[    0.060046] Mountpoint-cache hash table entries: 2048 (order: 1, 8192 bytes)
[    0.060523] CPU: Testing write buffer coherency: ok
[    0.060798] CPU0: thread -1, cpu 0, socket 0, mpidr 80000000
[    0.060883] Setting up static identity map for 0x807beb30 - 0x807bebc8
[    0.062711] CPU1: Booted secondary processor
[    0.119976] CPU1: thread -1, cpu 1, socket 0, mpidr 80000001
[    0.120829] CPU2: Booted secondary processor
[    0.179976] CPU2: thread -1, cpu 2, socket 0, mpidr 80000002
[    0.180832] CPU3: Booted secondary processor
[    0.239975] CPU3: thread -1, cpu 3, socket 0, mpidr 80000003
[    0.240040] Brought up 4 CPUs
[    0.240056] SMP: Total of 4 processors activated.
[    0.240062] CPU: All CPU(s) started in SVC mode.
[    0.240574] devtmpfs: initialized
[    0.243054] VFP support v0.3: implementor 41 architecture 3 part 30 variant 9 rev 4
[    0.243478] pinctrl core: initialized pinctrl subsystem
[    0.243762] regulator-dummy: no parameters
[    0.250095] NET: Registered protocol family 16
[    0.253186] DMA: preallocated 256 KiB pool for atomic coherent allocations
[    0.253985] cpuidle: using governor ladder
[    0.253995] cpuidle: using governor menu
[    0.260340] No ATAGs?
[    0.261464] Serial: AMBA PL011 UART driver
[    0.291810] edma-dma-engine edma-dma-engine.0: Can't allocate PaRAM dummy slot
[    0.291831] edma-dma-engine: probe of edma-dma-engine.0 failed with error -5
[    0.292144] vdd_5v_in: 5000 mV 
[    0.292241] platform 1.regulator: Driver reg-fixed-voltage requests probe deferral
[    0.292275] platform 2.regulator: Driver reg-fixed-voltage requests probe deferral
[    0.292364] vdd_5v_sata: Failed to request enable GPIO30: -517
[    0.292415] reg-fixed-voltage 3.regulator: Failed to register regulator: -517
[    0.292425] platform 3.regulator: Driver reg-fixed-voltage requests probe deferral
[    0.292508] usb1_vbus: Failed to request enable GPIO238: -517
[    0.292549] reg-fixed-voltage 4.regulator: Failed to register regulator: -517
[    0.292559] platform 4.regulator: Driver reg-fixed-voltage requests probe deferral
[    0.292639] usb3_vbus: Failed to request enable GPIO236: -517
[    0.292680] reg-fixed-voltage 5.regulator: Failed to register regulator: -517
[    0.292690] platform 5.regulator: Driver reg-fixed-voltage requests probe deferral
[    0.292724] platform 6.regulator: Driver reg-fixed-voltage requests probe deferral
[    0.292805] sys_3v3_pexs: Failed to request enable GPIO95: -517
[    0.292846] reg-fixed-voltage 7.regulator: Failed to register regulator: -517
[    0.292856] platform 7.regulator: Driver reg-fixed-voltage requests probe deferral
[    0.292935] +VDD_5V_HDMI: 5000 mV 
[    0.292963] reg-fixed-voltage 8.regulator: Failed to find supply vin
[    0.293008] reg-fixed-voltage 8.regulator: Failed to register regulator: -517
[    0.293018] platform 8.regulator: Driver reg-fixed-voltage requests probe deferral
[    0.294258] vgaarb: loaded
[    0.294612] SCSI subsystem initialized
[    0.294783] libata version 3.00 loaded.
[    0.294971] usbcore: registered new interface driver usbfs
[    0.295008] usbcore: registered new interface driver hub
[    0.295078] usbcore: registered new device driver usb
[    0.309967] vdd_1v8_gen: 1800 mV 
[    0.310015] vdd_1v8_gen: supplied by vdd_5v_in
[    0.319964] vddio_ddr_1v2: 1200 mV 
[    0.320464] vddio_ddr_1v2: supplied by vdd_5v_in
[    0.329963] vdd_1v5_gen: 1500 mV 
[    0.329996] vdd_1v5_gen: supplied by vdd_5v_in
[    0.339964] vdd_cpu,vdd_sys: 1000 mV 
[    0.342331] vdd_pexa,vdd_pexb: 1050 mV 
[    0.342361] vdd_pexa,vdd_pexb: supplied by vdd_1v5_gen
[    0.345061] vdd_sata,avdd_plle: 1050 mV 
[    0.345091] vdd_sata,avdd_plle: supplied by vdd_1v5_gen
[    0.349964] vdd_rtc: 1200 mV 
[    0.350006] vdd_rtc: supplied by vdd_5v_in
[    0.359964] vddio_sdmmc,avdd_vdac: 3300 mV 
[    0.359995] vddio_sdmmc,avdd_vdac: supplied by vdd_5v_in
[    0.362689] avdd_dsi_csi,pwrdet_mipi: 1200 mV 
[    0.362719] avdd_dsi_csi,pwrdet_mipi: supplied by vdd_1v8_gen
[    0.369963] vdd_pllm,x,u,a_p_c_s: 1200 mV 
[    0.369992] vdd_pllm,x,u,a_p_c_s: supplied by vdd_1v8_gen
[    0.379962] vdd_ddr_hs: 1000 mV 
[    0.379992] vdd_ddr_hs: supplied by vdd_1v8_gen
[    0.381757] tps62361-vout: 500 <--> 1500 mV at 1160 mV 
[    0.381893] Linux video capture interface: v2.00
[    0.381930] pps_core: LinuxPPS API ver. 1 registered
[    0.381935] pps_core: Software ver. 5.3.6 - Copyright 2005-2007 Rodolfo Giometti <giometti@linux.it>
[    0.381951] PTP clock support registered
[    0.381993] EDAC MC: Ver: 3.0.0
[    0.382439] platform 7000f010.iommu: Driver tegra-smmu requests probe deferral
[    0.382564] Advanced Linux Sound Architecture Driver Initialized.
[    0.383271] Switched to clocksource timer_us
[    0.388935] NET: Registered protocol family 2
[    0.389274] TCP established hash table entries: 8192 (order: 3, 32768 bytes)
[    0.389322] TCP bind hash table entries: 8192 (order: 4, 65536 bytes)
[    0.389398] TCP: Hash tables configured (established 8192 bind 8192)
[    0.389479] TCP: reno registered
[    0.389489] UDP hash table entries: 512 (order: 2, 16384 bytes)
[    0.389553] UDP-Lite hash table entries: 512 (order: 2, 16384 bytes)
[    0.389732] NET: Registered protocol family 1
[    0.390006] RPC: Registered named UNIX socket transport module.
[    0.390014] RPC: Registered udp transport module.
[    0.390018] RPC: Registered tcp transport module.
[    0.390022] RPC: Registered tcp NFSv4.1 backchannel transport module.
[    0.390035] PCI: CLS 0 bytes, default 64
[    0.391264] futex hash table entries: 1024 (order: 4, 65536 bytes)
[    0.392241] bounce: pool size: 64 pages
[    0.397508] squashfs: version 4.0 (2009/01/31) Phillip Lougher
[    0.397932] NFS: Registering the id_resolver key type
[    0.397972] Key type id_resolver registered
[    0.397977] Key type id_legacy registered
[    0.398015] msgmni has been set to 1465
[    0.398356] Block layer SCSI generic (bsg) driver version 0.4 loaded (major 249)
[    0.398380] io scheduler noop registered
[    0.398388] io scheduler deadline registered
[    0.398497] io scheduler cfq registered (default)
[    0.401550] platform 3000.pcie-controller: Driver tegra-pcie requests probe deferral
[    0.404082] tegra-apbdma 6000a000.dma: Tegra20 APB DMA driver register 32 channels
[    0.436880] Serial: 8250/16550 driver, 4 ports, IRQ sharing disabled
[    0.437897] Serial: IMX driver
[    0.438112] msm_serial: driver initialized
[    0.438653] console [ttyS0] disabled
[    0.438681] 70006000.serial: ttyS0 at MMIO 0x70006000 (irq = 68, base_baud = 25500000) is a Tegra
[    1.322978] console [ttyS0] enabled
[    1.326904] STMicroelectronics ASC driver initialized
[    1.332360] serial: Freescale lpuart driver
[    1.336685] [drm] Initialized drm 1.1.0 20060810
[    1.341805] tegra-hdmi 54280000.hdmi: failed to get HDMI regulator
[    1.347996] platform 54280000.hdmi: Driver tegra-hdmi requests probe deferral
[    1.358533] loop: module loaded
[    1.365489] pegasus: v0.9.3 (2013/04/25), Pegasus/Pegasus II USB Ethernet driver
[    1.372912] usbcore: registered new interface driver pegasus
[    1.378621] usbcore: registered new interface driver asix
[    1.384045] usbcore: registered new interface driver ax88179_178a
[    1.390154] usbcore: registered new interface driver cdc_ether
[    1.396029] usbcore: registered new interface driver smsc75xx
[    1.401795] usbcore: registered new interface driver smsc95xx
[    1.407564] usbcore: registered new interface driver net1080
[    1.413232] usbcore: registered new interface driver cdc_subset
[    1.419171] usbcore: registered new interface driver zaurus
[    1.424810] usbcore: registered new interface driver cdc_ncm
[    1.430477] ehci_hcd: USB 2.0 'Enhanced' Host Controller (EHCI) Driver
[    1.436999] ehci-pci: EHCI PCI platform driver
[    1.441459] ehci-platform: EHCI generic platform driver
[    1.446781] ehci-omap: OMAP-EHCI Host Controller driver
[    1.452051] ehci-orion: EHCI orion driver
[    1.456131] SPEAr-ehci: EHCI SPEAr driver
[    1.460190] tegra-ehci: Tegra EHCI driver
[    1.464334] platform 7d004000.usb: Driver tegra-ehci requests probe deferral
[    1.471406] platform 7d008000.usb: Driver tegra-ehci requests probe deferral
[    1.478721] usbcore: registered new interface driver usb-storage
[    1.485040] platform 7d004000.usb-phy: Driver tegra-phy requests probe deferral
[    1.492379] platform 7d008000.usb-phy: Driver tegra-phy requests probe deferral
[    1.500436] mousedev: PS/2 mouse device common for all mice
[    1.507039] tegra_rtc 7000e000.rtc: rtc core: registered 7000e000.rtc as rtc1
[    1.514187] tegra_rtc 7000e000.rtc: Tegra internal Real Time Clock
[    1.532988] tps65910-rtc tps65910-rtc: rtc core: registered tps65910-rtc as rtc0
[    1.540475] i2c /dev entries driver
[    1.544760] usbcore: registered new interface driver uvcvideo
[    1.550490] USB Video Class driver (1.1.1)
[    1.554590] gspca_main: v2.14.0 registered
[    1.560403] sdhci: Secure Digital Host Controller Interface driver
[    1.566577] sdhci: Copyright(c) Pierre Ossman
[    1.571356] sdhci-pltfm: SDHCI platform and OF driver helper
[    1.577431] sdhci-tegra 78000000.sdhci: Got CD GPIO #69.
[    1.582741] sdhci-tegra 78000000.sdhci: Got WP GPIO #155.
[    1.589177] mmc0: no vqmmc regulator found
[    1.593273] mmc0: no vmmc regulator found
[    1.597270] mmc0: Invalid maximum block size, assuming 512 bytes
[    1.643279] mmc0: SDHCI controller on 78000000.sdhci [78000000.sdhci] using ADMA
[    1.651727] mmc1: no vqmmc regulator found
[    1.655825] mmc1: no vmmc regulator found
[    1.659821] mmc1: Invalid maximum block size, assuming 512 bytes
[    1.703275] mmc1: SDHCI controller on 78000600.sdhci [78000600.sdhci] using ADMA
[    1.712940] usbcore: registered new interface driver usbhid
[    1.720515] usbhid: USB HID core driver
[    1.871621] mmc1: new high speed MMC card at address 0001
[    1.877249] mmcblk0: mmc1:0001 SEM16G 14.8 GiB 
[    1.881833] mmcblk0boot0: mmc1:0001 SEM16G partition 1 1.00 MiB
[    1.887812] mmcblk0boot1: mmc1:0001 SEM16G partition 2 1.00 MiB
[    1.893785] mmcblk0rpmb: mmc1:0001 SEM16G partition 3 128 KiB
[    1.903396] Primary GPT is invalid, using alternate GPT.
[    1.908712]  mmcblk0: p1 p2 p3 p4 p5
[    1.916196]  mmcblk0boot1: unknown partition table
[    1.923805]  mmcblk0boot0: unknown partition table
[    2.144179] tegra30-i2s 70080400.i2s: DMA channels sourced from device 70080000.ahub
[    2.158283] rt5640 4-001c: ASoC: no source widget found for OUT MIXL
[    2.164643] rt5640 4-001c: ASoC: Failed to add route OUT MIXL -> OUT MIXL Switch -> RECMIXL
[    2.172994] rt5640 4-001c: ASoC: no source widget found for OUT MIXR
[    2.179340] rt5640 4-001c: ASoC: Failed to add route OUT MIXR -> OUT MIXR Switch -> RECMIXR
[    2.187991] rt5640 4-001c: ASoC: no sink widget found for Stereo DAC MIXL
[    2.194771] rt5640 4-001c: ASoC: Failed to add route DAC MIXL -> DAC L1 Switch -> Stereo DAC MIXL
[    2.203631] rt5640 4-001c: ASoC: no sink widget found for Stereo DAC MIXR
[    2.210402] rt5640 4-001c: ASoC: Failed to add route DAC MIXR -> DAC R1 Switch -> Stereo DAC MIXR
[    2.219275] rt5640 4-001c: ASoC: no source widget found for Stereo DAC MIXL
[    2.226226] rt5640 4-001c: ASoC: Failed to add route Stereo DAC MIXL -> direct -> DAC L1
[    2.234309] rt5640 4-001c: ASoC: no source widget found for Stereo DAC MIXR
[    2.241253] rt5640 4-001c: ASoC: Failed to add route Stereo DAC MIXR -> direct -> DAC R1
[    2.249346] rt5640 4-001c: ASoC: no source widget found for OUT MIXL
[    2.255689] rt5640 4-001c: ASoC: Failed to add route OUT MIXL -> OUT MIXL Switch -> SPK MIXL
[    2.264125] rt5640 4-001c: ASoC: no source widget found for OUT MIXR
[    2.270463] rt5640 4-001c: ASoC: Failed to add route OUT MIXR -> OUT MIXR Switch -> SPK MIXR
[    2.278888] rt5640 4-001c: ASoC: no sink widget found for OUT MIXL
[    2.285057] rt5640 4-001c: ASoC: Failed to add route BST1 -> BST1 Switch -> OUT MIXL
[    2.292784] rt5640 4-001c: ASoC: no sink widget found for OUT MIXL
[    2.298953] rt5640 4-001c: ASoC: Failed to add route INL VOL -> INL Switch -> OUT MIXL
[    2.306858] rt5640 4-001c: ASoC: no sink widget found for OUT MIXL
[    2.313021] rt5640 4-001c: ASoC: Failed to add route RECMIXL -> REC MIXL Switch -> OUT MIXL
[    2.321359] rt5640 4-001c: ASoC: no sink widget found for OUT MIXL
[    2.327527] rt5640 4-001c: ASoC: Failed to add route DAC L1 -> DAC L1 Switch -> OUT MIXL
[    2.335606] rt5640 4-001c: ASoC: no sink widget found for OUT MIXR
[    2.341769] rt5640 4-001c: ASoC: Failed to add route BST2 -> BST2 Switch -> OUT MIXR
[    2.349500] rt5640 4-001c: ASoC: no sink widget found for OUT MIXR
[    2.355669] rt5640 4-001c: ASoC: Failed to add route BST1 -> BST1 Switch -> OUT MIXR
[    2.363401] rt5640 4-001c: ASoC: no sink widget found for OUT MIXR
[    2.369564] rt5640 4-001c: ASoC: Failed to add route INR VOL -> INR Switch -> OUT MIXR
[    2.377469] rt5640 4-001c: ASoC: no sink widget found for OUT MIXR
[    2.383638] rt5640 4-001c: ASoC: Failed to add route RECMIXR -> REC MIXR Switch -> OUT MIXR
[    2.391970] rt5640 4-001c: ASoC: no sink widget found for OUT MIXR
[    2.398139] rt5640 4-001c: ASoC: Failed to add route DAC R1 -> DAC R1 Switch -> OUT MIXR
[    2.406223] rt5640 4-001c: ASoC: no source widget found for OUT MIXL
[    2.412559] rt5640 4-001c: ASoC: Failed to add route OUT MIXL -> direct -> HPOVOL L
[    2.420205] rt5640 4-001c: ASoC: no source widget found for OUT MIXR
[    2.426552] rt5640 4-001c: ASoC: Failed to add route OUT MIXR -> direct -> HPOVOL R
[    2.434199] rt5640 4-001c: ASoC: no source widget found for OUT MIXL
[    2.440535] rt5640 4-001c: ASoC: Failed to add route OUT MIXL -> direct -> OUTVOL L
[    2.448181] rt5640 4-001c: ASoC: no source widget found for OUT MIXR
[    2.454523] rt5640 4-001c: ASoC: Failed to add route OUT MIXR -> direct -> OUTVOL R
[    2.462186] rt5640 4-001c: ASoC: no sink widget found for HPO MIX L
[    2.468442] rt5640 4-001c: ASoC: Failed to add route DAC L1 -> HPO MIX DAC1 Switch -> HPO MIX L
[    2.477129] rt5640 4-001c: ASoC: no sink widget found for HPO MIX L
[    2.483385] rt5640 4-001c: ASoC: Failed to add route HPOVOL L -> HPO MIX HPVOL Switch -> HPO MIX L
[    2.492325] rt5640 4-001c: ASoC: no sink widget found for HPO MIX L
[    2.498581] rt5640 4-001c: ASoC: Failed to add route HP L Amp -> direct -> HPO MIX L
[    2.506313] rt5640 4-001c: ASoC: no sink widget found for HPO MIX R
[    2.512563] rt5640 4-001c: ASoC: Failed to add route DAC R1 -> HPO MIX DAC1 Switch -> HPO MIX R
[    2.521249] rt5640 4-001c: ASoC: no sink widget found for HPO MIX R
[    2.527505] rt5640 4-001c: ASoC: Failed to add route HPOVOL R -> HPO MIX HPVOL Switch -> HPO MIX R
[    2.536450] rt5640 4-001c: ASoC: no sink widget found for HPO MIX R
[    2.542701] rt5640 4-001c: ASoC: Failed to add route HP R Amp -> direct -> HPO MIX R
[    2.550444] rt5640 4-001c: ASoC: no source widget found for HPO MIX L
[    2.556873] rt5640 4-001c: ASoC: Failed to add route HPO MIX L -> direct -> HP Amp
[    2.564432] rt5640 4-001c: ASoC: no source widget found for HPO MIX R
[    2.570855] rt5640 4-001c: ASoC: Failed to add route HPO MIX R -> direct -> HP Amp
[    2.579289] tegra-snd-rt5640 sound.4: rt5640-aif1 <-> 70080400.i2s mapping ok
[    2.587910] input: NVIDIA Tegra Beaver Headphones as /devices/soc0/sound.4/sound/card0/input0
[    2.597219] TCP: cubic registered
[    2.600533] NET: Registered protocol family 17
[    2.605110] Key type dns_resolver registered
[    2.609716] ThumbEE CPU extension supported.
[    2.614004] Registering SWP/SWPB emulation handler
[    2.619185] vdd_sata,avdd_plle: disabling
[    2.625252] chargepump_5v: 5000 mV 
[    2.630599] vdd_ddr: 1500 mV 
[    2.633604] vdd_ddr: supplied by vdd_5v_in
[    2.637891] vdd_5v_sata: 5000 mV 
[    2.641214] vdd_5v_sata: supplied by vdd_5v_in
[    2.645828] usb1_vbus: 5000 mV 
[    2.648978] usb1_vbus: supplied by vdd_5v_in
[    2.653415] usb3_vbus: 5000 mV 
[    2.656572] usb3_vbus: supplied by vdd_5v_in
[    2.662363] sys_3v3,vdd_3v3_alw: 3300 mV 
[    2.666395] sys_3v3,vdd_3v3_alw: supplied by vdd_5v_in
[    2.671703] sys_3v3_pexs: 3300 mV 
[    2.675131] sys_3v3_pexs: supplied by sys_3v3,vdd_3v3_alw
[    2.680686] +VDD_5V_HDMI: 5000 mV 
[    2.684113] +VDD_5V_HDMI: supplied by sys_3v3,vdd_3v3_alw
[    2.689982] tegra-pcie 3000.pcie-controller: 2x3 configuration
[    2.700361] tegra-pcie 3000.pcie-controller: probing port 0, using 2 lanes
[    2.761576] tegra-pcie 3000.pcie-controller: probing port 2, using 2 lanes
[    3.172191] tegra-pcie 3000.pcie-controller: link 2 down, retrying
[    3.582143] tegra-pcie 3000.pcie-controller: link 2 down, retrying
[    3.992080] tegra-pcie 3000.pcie-controller: link 2 down, retrying
[    4.000268] tegra-pcie 3000.pcie-controller: link 2 down, ignoring
[    4.006559] tegra-pcie 3000.pcie-controller: PCI host bridge to bus 0000:00
[    4.013519] pci_bus 0000:00: root bus resource [mem 0x20000000-0x27ffffff]
[    4.020378] pci_bus 0000:00: root bus resource [mem 0x28000000-0x3fffffff pref]
[    4.027677] pci_bus 0000:00: root bus resource [bus 00-ff]
[    4.033149] pci_bus 0000:00: root bus resource [io  0x1000-0xffff]
[    4.039340] pci 0000:00:01.0: [10de:0e1c] type 01 class 0x060400
[    4.045390] pci 0000:00:01.0: PME# supported from D0 D1 D2 D3hot D3cold
[    4.052131] PCI: bus0: Fast back to back transfers disabled
[    4.057706] pci 0000:00:01.0: bridge configuration invalid ([bus 00-00]), reconfiguring
[    4.065823] pci 0000:01:00.0: [10ec:8168] type 00 class 0x020000
[    4.071834] pci 0000:01:00.0: reg 0x10: [io  0x0000-0x00ff]
[    4.077416] pci 0000:01:00.0: reg 0x18: [mem 0x00000000-0x00000fff 64bit pref]
[    4.084641] pci 0000:01:00.0: reg 0x20: [mem 0x00000000-0x00003fff 64bit pref]
[    4.091891] pci 0000:01:00.0: supports D1 D2
[    4.096161] pci 0000:01:00.0: PME# supported from D0 D1 D2 D3hot D3cold
[    4.102884] PCI: bus1: Fast back to back transfers disabled
[    4.108459] pci_bus 0000:01: busn_res: [bus 01-ff] end is updated to 01
[    4.115137] pci 0000:00:01.0: BAR 9: assigned [mem 0x28000000-0x280fffff 64bit pref]
[    4.122867] pci 0000:00:01.0: BAR 7: assigned [io  0x1000-0x1fff]
[    4.128967] pci 0000:01:00.0: BAR 4: assigned [mem 0x28000000-0x28003fff 64bit pref]
[    4.136714] pci 0000:01:00.0: BAR 2: assigned [mem 0x28004000-0x28004fff 64bit pref]
[    4.144460] pci 0000:01:00.0: BAR 0: assigned [io  0x1000-0x10ff]
[    4.150544] pci 0000:00:01.0: PCI bridge to [bus 01]
[    4.155507] pci 0000:00:01.0:   bridge window [io  0x1000-0x1fff]
[    4.161589] pci 0000:00:01.0:   bridge window [mem 0x28000000-0x280fffff 64bit pref]
[    4.169337] pci 0000:00:01.0: nv_msi_ht_cap_quirk didn't locate host bridge
[    4.176444] r8169 Gigabit Ethernet driver 2.3LK-NAPI loaded
[    4.182027] r8169 0000:01:00.0: enabling device (0140 -> 0143)
[    4.188427] r8169 0000:01:00.0 eth0: RTL8168evl/8111evl at 0xf002e000, 02:04:4b:01:60:a6, XID 0c900800 IRQ 472
[    4.198421] r8169 0000:01:00.0 eth0: jumbo features [frames: 9200 bytes, tx checksumming: ko]
[    4.208473] [drm] Supports vblank timestamp caching Rev 2 (21.10.2013).
[    4.215103] [drm] No driver support for vblank timestamp query.
[    4.221038] host1x drm: No connectors reported connected with modes
[    4.227312] [drm] Cannot find any crtc or sizes - going 1024x768
[    4.246517] Console: switching to colour frame buffer device 128x48
[    4.258805] host1x drm: fb0:  frame buffer device
[    4.263510] host1x drm: registered panic notifier
[    4.293283] [drm] Initialized tegra 0.0.0 20120330 on minor 0
[    4.299482] platform 7d004000.usb: Driver tegra-ehci requests probe deferral
[    4.306872] platform 7d008000.usb: Driver tegra-ehci requests probe deferral
[    4.318240] tegra-ehci 7d004000.usb: EHCI Host Controller
[    4.323651] tegra-ehci 7d004000.usb: new USB bus registered, assigned bus number 1
[    4.331447] tegra-ehci 7d004000.usb: irq 53, io mem 0x7d004000
[    4.353280] tegra-ehci 7d004000.usb: USB 2.0 started, EHCI 1.00
[    4.359626] hub 1-0:1.0: USB hub found
[    4.363404] hub 1-0:1.0: 1 port detected
[    4.367758] tegra-ehci 7d008000.usb: EHCI Host Controller
[    4.373153] tegra-ehci 7d008000.usb: new USB bus registered, assigned bus number 2
[    4.380914] tegra-ehci 7d008000.usb: irq 129, io mem 0x7d008000
[    4.403280] tegra-ehci 7d008000.usb: USB 2.0 started, EHCI 1.00
[    4.409567] hub 2-0:1.0: USB hub found
[    4.413341] hub 2-0:1.0: 1 port detected
[    4.421232] tps65910-rtc tps65910-rtc: setting system clock to 2000-01-01 00:00:02 UTC (946684802)
[    4.434253] ALSA device list:
[    4.437216]   #0: NVIDIA Tegra Beaver
[    4.443433] EXT4-fs (mmcblk0p1): mounting ext3 file system using the ext4 subsystem
[    4.467832] EXT4-fs (mmcblk0p1): warning: mounting fs with errors, running e2fsck is recommended
[    4.478195] EXT4-fs (mmcblk0p1): recovery complete
[    4.482981] EXT4-fs (mmcblk0p1): mounted filesystem with ordered data mode. Opts: (null)
[    4.491097] VFS: Mounted root (ext3 filesystem) on device 179:1.
[    4.515705] devtmpfs: mounted
[    4.519132] Freeing unused kernel memory: 552K (c0a54000 - c0ade000)
[    4.733697] usb 2-1: new high-speed USB device number 2 using tegra-ehci
bash: cannot set terminal process group (-1): Inappropriate ioctl for device
bash: no job control in this shell
root@(none):/# 