
U-Boot SPL 2014.01-00219-gc4d376f (Feb 18 2014 - 19:57:18)


U-Boot 2014.01-00219-gc4d376f (Feb 18 2014 - 19:57:18)

TEGRA30
Board: NVIDIA Beaver
I2C:   ready
DRAM:  2 GiB
MMC:   Tegra SD/MMC: 0, Tegra SD/MMC: 1
In:    serial
Out:   serial
Err:   serial
Net:   Net Initialization Skipped
No ethernet found.
Hit any key to stop autoboot:  2  0 
Tegra30 (Beaver) # 
Tegra30 (Beaver) # usb reset
(Re)start USB...
USB0:   USB EHCI 1.00
scanning bus 0 for devices... 2 USB Device(s) found
       scanning usb for storage devices... 0 Storage Device(s) found
       scanning usb for ethernet devices... 
Warning: asx0 using MAC address from net device
1 Ethernet Device(s) found
Tegra30 (Beaver) # setenv bootargs 'ignore_loglevel console=ttyS0,115200n8 rw root=PARTUUID=edbe1840-3633-c751-7993-b0ac834f81e0 rootwait gpt debug noinitrd earlyprintk init=/bin/bash'
Tegra30 (Beaver) # setenv ipaddr 192.168.100.101; setenv serverip 192.168.100.1; setenv tftpserverip 192.168.100.1
Tegra30 (Beaver) # tftpboot 0x81000000 zImage.multi_v7_defconfig
Using asx0 device
TFTP from server 192.168.100.1; our IP address is 192.168.100.101
Filename 'zImage.multi_v7_defconfig'.
Load address: 0x81000000
Loading: *#################################################################
	 #################################################################
	 #################################################################
	 #################################################################
	 #################################################################
	 #################################################################
	 #################################################################
	 #################################################################
	 #####################################
	 3.3 MiB/s
done
Bytes transferred = 8167936 (7ca200 hex)
Tegra30 (Beaver) # tftpboot 0x82000000 tegra30-beaver.dtb
Using asx0 device
TFTP from server 192.168.100.1; our IP address is 192.168.100.101
Filename 'tegra30-beaver.dtb'.
Load address: 0x82000000
Loading: *####
	 2.9 MiB/s
done
Bytes transferred = 51470 (c90e hex)
Tegra30 (Beaver) # bootz 0x81000000 - 0x82000000
Kernel image @ 0x81000000 [ 0x000000 - 0x7ca200 ]
## Flattened Device Tree blob at 82000000
   Booting using the fdt blob at 0x82000000
   Loading Device Tree to 8fff0000, end 8ffff90d ... OK

Starting kernel ...

[    0.000000] Booting Linux on physical CPU 0x0
[    0.000000] Linux version 4.15.0-next-20180206-349159-g417c85c22818 (jonathanh@tamien) (gcc version 4.7.3 20130328 (prerelease) (crosstool-NG linaro-1.13.1-4.7-2013.04-20130415 - Linaro GCC 2013.04)) #1 SMP Tue Feb 6 03:32:52 PST 2018
[    0.000000] CPU: ARMv7 Processor [412fc099] revision 9 (ARMv7), cr=10c5387d
[    0.000000] CPU: PIPT / VIPT nonaliasing data cache, VIPT aliasing instruction cache
[    0.000000] OF: fdt: Machine model: NVIDIA Tegra30 Beaver evaluation board
[    0.000000] debug: ignoring loglevel setting.
[    0.000000] Memory policy: Data cache writealloc
[    0.000000] efi: Getting EFI parameters from FDT:
[    0.000000] efi: UEFI not found.
[    0.000000] cma: Reserved 64 MiB at 0xfb800000
[    0.000000] On node 0 totalpages: 524032
[    0.000000]   DMA zone: 1536 pages used for memmap
[    0.000000]   DMA zone: 0 pages reserved
[    0.000000]   DMA zone: 196608 pages, LIFO batch:31
[    0.000000]   HighMem zone: 327424 pages, LIFO batch:31
[    0.000000] random: fast init done
[    0.000000] percpu: Embedded 17 pages/cpu @(ptrval) s39232 r8192 d22208 u69632
[    0.000000] pcpu-alloc: s39232 r8192 d22208 u69632 alloc=17*4096
[    0.000000] pcpu-alloc: [0] 0 [0] 1 [0] 2 [0] 3 
[    0.000000] Built 1 zonelists, mobility grouping on.  Total pages: 522496
[    0.000000] Kernel command line: ignore_loglevel console=ttyS0,115200n8 rw root=PARTUUID=edbe1840-3633-c751-7993-b0ac834f81e0 rootwait gpt debug noinitrd earlyprintk init=/bin/bash
[    0.000000] Dentry cache hash table entries: 131072 (order: 7, 524288 bytes)
[    0.000000] Inode-cache hash table entries: 65536 (order: 6, 262144 bytes)
[    0.000000] Memory: 1992508K/2096128K available (11264K kernel code, 1570K rwdata, 4352K rodata, 2048K init, 405K bss, 38084K reserved, 65536K cma-reserved, 1244160K highmem)
[    0.000000] Virtual kernel memory layout:
[    0.000000]     vector  : 0xffff0000 - 0xffff1000   (   4 kB)
[    0.000000]     fixmap  : 0xffc00000 - 0xfff00000   (3072 kB)
[    0.000000]     vmalloc : 0xf0800000 - 0xff800000   ( 240 MB)
[    0.000000]     lowmem  : 0xc0000000 - 0xf0000000   ( 768 MB)
[    0.000000]     pkmap   : 0xbfe00000 - 0xc0000000   (   2 MB)
[    0.000000]     modules : 0xbf000000 - 0xbfe00000   (  14 MB)
[    0.000000]       .text : 0x(ptrval) - 0x(ptrval)   (12256 kB)
[    0.000000]       .init : 0x(ptrval) - 0x(ptrval)   (2048 kB)
[    0.000000]       .data : 0x(ptrval) - 0x(ptrval)   (1571 kB)
[    0.000000]        .bss : 0x(ptrval) - 0x(ptrval)   ( 406 kB)
[    0.000000] SLUB: HWalign=64, Order=0-3, MinObjects=0, CPUs=4, Nodes=1
[    0.000000] Hierarchical RCU implementation.
[    0.000000] 	RCU event tracing is enabled.
[    0.000000] 	RCU restricting CPUs from NR_CPUS=16 to nr_cpu_ids=4.
[    0.000000] RCU: Adjusting geometry for rcu_fanout_leaf=16, nr_cpu_ids=4
[    0.000000] NR_IRQS: 16, nr_irqs: 16, preallocated irqs: 16
[    0.000000] /interrupt-controller@60004000: 160 interrupts forwarded to /interrupt-controller@50041000
[    0.000000] L2C: platform modifies aux control register: 0x02080000 -> 0x3e480001
[    0.000000] L2C: DT/platform modifies aux control register: 0x02080000 -> 0x3e480001
[    0.000000] L2C-310 erratum 769419 enabled
[    0.000000] L2C-310 enabling early BRESP for Cortex-A9
[    0.000000] L2C-310: enabling full line of zeros but not enabled in Cortex-A9
[    0.000000] L2C-310 dynamic clock gating enabled, standby mode enabled
[    0.000000] L2C-310 cache controller enabled, 8 ways, 1024 kB
[    0.000000] L2C-310: CACHE_ID 0x410000c7, AUX_CTRL 0x4e480001
[    0.000013] sched_clock: 32 bits at 1000kHz, resolution 1000ns, wraps every 2147483647500ns
[    0.000032] clocksource: timer_us: mask: 0xffffffff max_cycles: 0xffffffff, max_idle_ns: 1911260446275 ns
[    0.000040] Switching to timer-based delay loop, resolution 1000ns
[    0.002992] Console: colour dummy device 80x30
[    0.003024] Calibrating delay loop (skipped), value calculated using timer frequency.. 2.00 BogoMIPS (lpj=10000)
[    0.003034] pid_max: default: 32768 minimum: 301
[    0.003126] Mount-cache hash table entries: 2048 (order: 1, 8192 bytes)
[    0.003135] Mountpoint-cache hash table entries: 2048 (order: 1, 8192 bytes)
[    0.003538] CPU: Testing write buffer coherency: ok
[    0.003859] CPU0: thread -1, cpu 0, socket 0, mpidr 80000000
[    0.004083] Setting up static identity map for 0x80300000 - 0x803000a0
[    0.005416] Hierarchical SRCU implementation.
[    0.007425] Tegra Revision: A03 SKU: 128 CPU Process: 4 SoC Process: 0
[    0.008051] EFI services will not be available.
[    0.008159] smp: Bringing up secondary CPUs ...
[    0.010383] CPU1: thread -1, cpu 1, socket 0, mpidr 80000001
[    0.020360] CPU2: thread -1, cpu 2, socket 0, mpidr 80000002
[    0.030343] CPU3: thread -1, cpu 3, socket 0, mpidr 80000003
[    0.030396] smp: Brought up 1 node, 4 CPUs
[    0.030409] SMP: Total of 4 processors activated (8.00 BogoMIPS).
[    0.030414] CPU: All CPU(s) started in SVC mode.
[    0.031126] devtmpfs: initialized
[    0.041408] Built 1 zonelists, mobility grouping on.  Total pages: 514511
[    0.041819] VFP support v0.3: implementor 41 architecture 3 part 30 variant 9 rev 4
[    0.042436] clocksource: jiffies: mask: 0xffffffff max_cycles: 0xffffffff, max_idle_ns: 19112604462750000 ns
[    0.042458] futex hash table entries: 1024 (order: 4, 65536 bytes)
[    0.042682] pinctrl core: initialized pinctrl subsystem
[    0.043858] DMI not present or invalid.
[    0.044105] NET: Registered protocol family 16
[    0.046803] DMA: preallocated 256 KiB pool for atomic coherent allocations
[    0.048606] cpuidle: using governor menu
[    0.061942] No ATAGs?
[    0.062052] hw-breakpoint: found 5 (+1 reserved) breakpoint and 1 watchpoint registers.
[    0.062063] hw-breakpoint: maximum watchpoint size is 4 bytes.
[    0.066472] Serial: AMBA PL011 UART driver
[    0.067073] tegra-mc 7000f000.memory-controller: no memory timings for RAM code 3 registered
[    0.067246] iommu: Adding device 54200000.dc to group 0
[    0.067283] iommu: Adding device 54240000.dc to group 0
[    0.075916] AT91: Could not find identification node
[    0.076407] vdd_5v_sata: Failed to request enable GPIO30: -517
[    0.076422] reg-fixed-voltage regulators:regulator@3: Failed to register regulator: -517
[    0.076472] usb1_vbus: Failed to request enable GPIO238: -517
[    0.076480] reg-fixed-voltage regulators:regulator@4: Failed to register regulator: -517
[    0.076528] usb3_vbus: Failed to request enable GPIO236: -517
[    0.076535] reg-fixed-voltage regulators:regulator@5: Failed to register regulator: -517
[    0.076637] sys_3v3_pexs: Failed to request enable GPIO95: -517
[    0.076645] reg-fixed-voltage regulators:regulator@7: Failed to register regulator: -517
[    0.078463] vgaarb: loaded
[    0.078955] SCSI subsystem initialized
[    0.079118] libata version 3.00 loaded.
[    0.079255] usbcore: registered new interface driver usbfs
[    0.079285] usbcore: registered new interface driver hub
[    0.079318] usbcore: registered new device driver usb
[    0.086385] vrtc: supplied by vdd_5v_in
[    0.089649] vio: supplied by vdd_5v_in
[    0.101809] vdd1: supplied by vdd_5v_in
[    0.103185] vddio_ddr_1v2: Bringing 600000uV into 1200000-1200000uV
[    0.111815] vdd2: supplied by vdd_5v_in
[    0.131809] ldo1: supplied by vdd_1v5_gen
[    0.134172] ldo2: supplied by vdd_1v5_gen
[    0.134643] vdd_sata,avdd_plle: Bringing 1200000uV into 1050000-1050000uV
[    0.136858] ldo3: supplied by vdd_5v_in
[    0.139197] ldo4: supplied by vdd_5v_in
[    0.141806] ldo5: supplied by vdd_5v_in
[    0.151815] ldo6: supplied by vdd_1v8_gen
[    0.152289] avdd_dsi_csi,pwrdet_mipi: Bringing 1000000uV into 1200000-1200000uV
[    0.154522] ldo7: supplied by vdd_1v8_gen
[    0.161807] ldo8: supplied by vdd_1v8_gen
[    0.171934] pps_core: LinuxPPS API ver. 1 registered
[    0.171941] pps_core: Software ver. 5.3.6 - Copyright 2005-2007 Rodolfo Giometti <giometti@linux.it>
[    0.171953] PTP clock support registered
[    0.172097] EDAC MC: Ver: 3.0.0
[    0.173659] clocksource: Switched to clocksource timer_us
[    0.204473] NET: Registered protocol family 2
[    0.204882] tcp_listen_portaddr_hash hash table entries: 512 (order: 0, 6144 bytes)
[    0.204902] TCP established hash table entries: 8192 (order: 3, 32768 bytes)
[    0.204959] TCP bind hash table entries: 8192 (order: 4, 65536 bytes)
[    0.205046] TCP: Hash tables configured (established 8192 bind 8192)
[    0.205189] UDP hash table entries: 512 (order: 2, 16384 bytes)
[    0.205254] UDP-Lite hash table entries: 512 (order: 2, 16384 bytes)
[    0.205428] NET: Registered protocol family 1
[    0.205770] RPC: Registered named UNIX socket transport module.
[    0.205778] RPC: Registered udp transport module.
[    0.205783] RPC: Registered tcp transport module.
[    0.205787] RPC: Registered tcp NFSv4.1 backchannel transport module.
[    0.205796] PCI: CLS 0 bytes, default 64
[    0.206613] hw perfevents: no interrupt-affinity property for /pmu, guessing.
[    0.206855] hw perfevents: enabled with armv7_cortex_a9 PMU driver, 7 counters available
[    0.207907] Initialise system trusted keyrings
[    0.208041] workingset: timestamp_bits=30 max_order=19 bucket_order=0
[    0.211789] squashfs: version 4.0 (2009/01/31) Phillip Lougher
[    0.212225] NFS: Registering the id_resolver key type
[    0.212246] Key type id_resolver registered
[    0.212251] Key type id_legacy registered
[    0.212281] ntfs: driver 2.1.32 [Flags: R/O].
[    0.213298] Key type asymmetric registered
[    0.213307] Asymmetric key parser 'x509' registered
[    0.213339] bounce: pool size: 64 pages
[    0.213384] Block layer SCSI generic (bsg) driver version 0.4 loaded (major 246)
[    0.213393] io scheduler noop registered
[    0.213399] io scheduler deadline registered
[    0.213535] io scheduler cfq registered (default)
[    0.213542] io scheduler mq-deadline registered
[    0.213547] io scheduler kyber registered
[    0.220160] tegra30-pinctrl 70000868.pinmux: invalid group "sdmmc3_dat6_pd3" for function "rsvd1"
[    0.220175] tegra30-pinctrl 70000868.pinmux: invalid group "sdmmc3_dat7_pd4" for function "rsvd1"
[    0.220197] tegra30-pinctrl 70000868.pinmux: invalid group "vi_vsync_pd6" for function "rsvd1"
[    0.220207] tegra30-pinctrl 70000868.pinmux: invalid group "vi_hsync_pd7" for function "rsvd1"
[    0.220649] tegra30-pinctrl 70000868.pinmux: invalid group "hdmi_int_pn7" for function "rsvd1"
[    0.220692] tegra30-pinctrl 70000868.pinmux: invalid group "ulpi_data3_po4" for function "rsvd1"
[    0.221013] tegra30-pinctrl 70000868.pinmux: invalid group "vi_d10_pt2" for function "rsvd1"
[    0.221025] tegra30-pinctrl 70000868.pinmux: invalid group "vi_d11_pt3" for function "rsvd1"
[    0.221037] tegra30-pinctrl 70000868.pinmux: invalid group "vi_d0_pt4" for function "rsvd1"
[    0.221078] tegra30-pinctrl 70000868.pinmux: invalid group "pu0" for function "rsvd1"
[    0.221107] tegra30-pinctrl 70000868.pinmux: invalid group "pu3" for function "rsvd1"
[    0.221137] tegra30-pinctrl 70000868.pinmux: invalid group "pu6" for function "rsvd1"
[    0.221182] tegra30-pinctrl 70000868.pinmux: invalid group "pv3" for function "rsvd1"
[    0.221659] tegra30-pinctrl 70000868.pinmux: invalid group "pbb0" for function "rsvd1"
[    0.221772] tegra30-pinctrl 70000868.pinmux: invalid group "pcc1" for function "rsvd1"
[    0.227255] tegra-pcie 3000.pcie: 2x3 configuration
[    0.227409] tegra-pcie 3000.pcie: Failed to get supply 'hvdd-pex': -517
[    0.233397] tegra-apbdma 6000a000.dma: Tegra20 APB DMA driver register 32 channels
[    0.235682] tegra-pmc 7000e400.pmc: i2c-thermtrip node not found, emergency thermal reset disabled.
[    0.264077] Serial: 8250/16550 driver, 4 ports, IRQ sharing disabled
[    0.266067] console [ttyS0] disabled
[    0.266104] 70006000.serial: ttyS0 at MMIO 0x70006000 (irq = 331, base_baud = 25500000) is a Tegra
[    1.321949] console [ttyS0] enabled
[    1.326018] SuperH (H)SCI(F) driver initialized
[    1.331172] msm_serial: driver initialized
[    1.335385] STMicroelectronics ASC driver initialized
[    1.343913] Failed to attached device 54200000.dc to IOMMU_mapping
[    1.358232] Failed to attached device 54240000.dc to IOMMU_mapping
[    1.373012] tegra-hdmi 54280000.hdmi: failed to get HDMI regulator
[    1.386196] brd: module loaded
[    1.394863] loop: module loaded
[    1.403930] m25p80 spi0.1: w25q32 (4096 Kbytes)
[    1.410125] libphy: Fixed MDIO Bus: probed
[    1.414842] CAN device driver interface
[    1.419214] bgmac_bcma: Broadcom 47xx GBit MAC driver loaded
[    1.425640] e1000e: Intel(R) PRO/1000 Network Driver - 3.2.6-k
[    1.431457] e1000e: Copyright(c) 1999 - 2015 Intel Corporation.
[    1.437408] igb: Intel(R) Gigabit Ethernet Network Driver - version 5.4.0-k
[    1.444359] igb: Copyright (c) 2007-2014 Intel Corporation.
[    1.452101] pegasus: v0.9.3 (2013/04/25), Pegasus/Pegasus II USB Ethernet driver
[    1.459544] usbcore: registered new interface driver pegasus
[    1.465220] usbcore: registered new interface driver asix
[    1.470621] usbcore: registered new interface driver ax88179_178a
[    1.476726] usbcore: registered new interface driver cdc_ether
[    1.482572] usbcore: registered new interface driver smsc75xx
[    1.488335] usbcore: registered new interface driver smsc95xx
[    1.494093] usbcore: registered new interface driver net1080
[    1.499753] usbcore: registered new interface driver cdc_subset
[    1.505681] usbcore: registered new interface driver zaurus
[    1.511271] usbcore: registered new interface driver cdc_ncm
[    1.517125] tegra-phy 7d000000.usb-phy: no vbus regulator
[    1.524929] ehci_hcd: USB 2.0 'Enhanced' Host Controller (EHCI) Driver
[    1.531441] ehci-pci: EHCI PCI platform driver
[    1.535911] ehci-platform: EHCI generic platform driver
[    1.541244] ehci-orion: EHCI orion driver
[    1.545346] SPEAr-ehci: EHCI SPEAr driver
[    1.549421] ehci-st: EHCI STMicroelectronics driver
[    1.554374] ehci-exynos: EHCI EXYNOS driver
[    1.558634] ehci-atmel: EHCI Atmel driver
[    1.562710] tegra-ehci: Tegra EHCI driver
[    1.567022] ohci_hcd: USB 1.1 'Open' Host Controller (OHCI) Driver
[    1.573196] ohci-pci: OHCI PCI platform driver
[    1.577669] ohci-platform: OHCI generic platform driver
[    1.582997] SPEAr-ohci: OHCI SPEAr driver
[    1.587085] ohci-st: OHCI STMicroelectronics driver
[    1.592027] ohci-atmel: OHCI Atmel driver
[    1.596479] usbcore: registered new interface driver usb-storage
[    1.611560] tegra_rtc 7000e000.rtc: rtc core: registered 7000e000.rtc as rtc1
[    1.618753] tegra_rtc 7000e000.rtc: Tegra internal Real Time Clock
[    1.637608] tps65910-rtc tps65910-rtc: rtc core: registered tps65910-rtc as rtc0
[    1.645210] i2c /dev entries driver
[    1.657158] sdhci: Secure Digital Host Controller Interface driver
[    1.663324] sdhci: Copyright(c) Pierre Ossman
[    1.668679] Synopsys Designware Multimedia Card Interface Driver
[    1.675536] sdhci-pltfm: SDHCI platform and OF driver helper
[    1.681711] sdhci-tegra 78000000.sdhci: Got CD GPIO
[    1.686606] sdhci-tegra 78000000.sdhci: Got WP GPIO
[    1.699755] mmc0: Invalid maximum block size, assuming 512 bytes
[    1.737714] mmc0: SDHCI controller on 78000000.sdhci [78000000.sdhci] using ADMA
[    1.750159] mmc1: Invalid maximum block size, assuming 512 bytes
[    1.782435] mmc1: SDHCI controller on 78000600.sdhci [78000600.sdhci] using ADMA
[    1.791341] ledtrig-cpu: registered to indicate activity on CPUs
[    1.797626] usbcore: registered new interface driver usbhid
[    1.803182] usbhid: USB HID core driver
[    1.809599] NET: Registered protocol family 10
[    1.814772] Segment Routing with IPv6
[    1.818471] sit: IPv6, IPv4 and MPLS over IPv4 tunneling driver
[    1.824818] NET: Registered protocol family 17
[    1.829255] can: controller area network core (rev 20170425 abi 9)
[    1.835482] NET: Registered protocol family 29
[    1.839913] can: raw protocol (rev 20170425)
[    1.844181] can: broadcast manager protocol (rev 20170425 t)
[    1.849829] can: netlink gateway (rev 20170425) max_hops=1
[    1.855595] Key type dns_resolver registered
[    1.860228] ThumbEE CPU extension supported.
[    1.864506] Registering SWP/SWPB emulation handler
[    1.869680] Loading compiled-in X.509 certificates
[    1.885571] vdd_ddr: supplied by vdd_5v_in
[    1.890490] vdd_5v_sata: supplied by vdd_5v_in
[    1.895319] usb1_vbus: supplied by vdd_5v_in
[    1.899908] usb3_vbus: supplied by vdd_5v_in
[    1.905821] sys_3v3,vdd_3v3_alw: supplied by vdd_5v_in
[    1.911105] mmc0: new ultra high speed DDR50 SDHC card at address aaaa
[    1.918413] sys_3v3_pexs: supplied by sys_3v3,vdd_3v3_alw
[    1.918832] mmcblk0: mmc0:aaaa SS04G 3.69 GiB 
[    1.924104] +VDD_5V_HDMI: supplied by sys_3v3,vdd_3v3_alw
[    1.933234] mmc1: new high speed MMC card at address 0001
[    1.934552] tegra-pcie 3000.pcie: 2x3 configuration
[    1.940086] mmcblk1: mmc1:0001 SEM16G 14.8 GiB 
[    1.949623] mmcblk1boot0: mmc1:0001 SEM16G partition 1 1.00 MiB
[    1.951106] tegra-pcie 3000.pcie: probing port 0, using 2 lanes
[    1.956543] mmcblk1boot1: mmc1:0001 SEM16G partition 2 1.00 MiB
[    1.968322] mmcblk1rpmb: mmc1:0001 SEM16G partition 3 128 KiB, chardev (236:0)
[    1.978631] Primary GPT is invalid, using alternate GPT.
[    1.983977]  mmcblk1: p1 p2 p3 p4 p5
[    1.994964]  mmcblk0: p1 p2 p3
[    2.017828] tegra-pcie 3000.pcie: probing port 2, using 2 lanes
[    2.427594] tegra-pcie 3000.pcie: link 2 down, retrying
[    2.836632] tegra-pcie 3000.pcie: link 2 down, retrying
[    3.245681] tegra-pcie 3000.pcie: link 2 down, retrying
[    3.252903] tegra-pcie 3000.pcie: link 2 down, ignoring
[    3.258260] tegra-pcie 3000.pcie: PCI host bridge to bus 0000:00
[    3.264271] pci_bus 0000:00: root bus resource [io  0x0000-0xffff]
[    3.270436] pci_bus 0000:00: root bus resource [mem 0x20000000-0x27ffffff]
[    3.277303] pci_bus 0000:00: root bus resource [mem 0x28000000-0x3fffffff pref]
[    3.284605] pci_bus 0000:00: root bus resource [bus 00-ff]
[    3.290101] pci 0000:00:01.0: [10de:0e1c] type 01 class 0x060400
[    3.296118] pci_bus 0000:00: 2-byte config write to 0000:00:01.0 offset 0x4 may corrupt adjacent RW1C bits
[    3.305760] pci_bus 0000:00: 2-byte config write to 0000:00:01.0 offset 0x4 may corrupt adjacent RW1C bits
[    3.315413] pci 0000:00:01.0: enabling Extended Tags
[    3.320366] pci_bus 0000:00: 2-byte config write to 0000:00:01.0 offset 0x88 may corrupt adjacent RW1C bits
[    3.330116] pci_bus 0000:00: 2-byte config write to 0000:00:01.0 offset 0x52 may corrupt adjacent RW1C bits
[    3.339860] pci 0000:00:01.0: PME# supported from D0 D1 D2 D3hot D3cold
[    3.346471] pci_bus 0000:00: 2-byte config write to 0000:00:01.0 offset 0x4c may corrupt adjacent RW1C bits
[    3.356339] pci_bus 0000:00: 2-byte config write to 0000:00:01.0 offset 0x3e may corrupt adjacent RW1C bits
[    3.366073] pci_bus 0000:00: 2-byte config write to 0000:00:01.0 offset 0x4 may corrupt adjacent RW1C bits
[    3.375715] pci_bus 0000:00: 1-byte config write to 0000:00:01.0 offset 0xc may corrupt adjacent RW1C bits
[    3.385354] PCI: bus0: Fast back to back transfers disabled
[    3.390914] pci 0000:00:01.0: bridge configuration invalid ([bus 00-00]), reconfiguring
[    3.398908] pci_bus 0000:00: 2-byte config write to 0000:00:01.0 offset 0x3e may corrupt adjacent RW1C bits
[    3.408637] pci_bus 0000:00: 2-byte config write to 0000:00:01.0 offset 0x3e may corrupt adjacent RW1C bits
[    3.418439] pci 0000:01:00.0: [10ec:8168] type 00 class 0x020000
[    3.424466] pci 0000:01:00.0: reg 0x10: [io  0x0000-0x00ff]
[    3.430037] pci 0000:01:00.0: reg 0x18: [mem 0x00000000-0x00000fff 64bit pref]
[    3.437260] pci 0000:01:00.0: reg 0x20: [mem 0x00000000-0x00003fff 64bit pref]
[    3.444548] pci 0000:01:00.0: supports D1 D2
[    3.448805] pci 0000:01:00.0: PME# supported from D0 D1 D2 D3hot D3cold
[    3.483685] PCI: bus1: Fast back to back transfers disabled
[    3.489247] pci_bus 0000:01: busn_res: [bus 01-ff] end is updated to 01
[    3.495882] pci 0000:00:01.0: BAR 9: assigned [mem 0x28000000-0x280fffff 64bit pref]
[    3.503607] pci 0000:00:01.0: BAR 7: assigned [io  0x1000-0x1fff]
[    3.509701] pci 0000:01:00.0: BAR 4: assigned [mem 0x28000000-0x28003fff 64bit pref]
[    3.517444] pci 0000:01:00.0: BAR 2: assigned [mem 0x28004000-0x28004fff 64bit pref]
[    3.525184] pci 0000:01:00.0: BAR 0: assigned [io  0x1000-0x10ff]
[    3.531264] pci 0000:00:01.0: PCI bridge to [bus 01]
[    3.536225] pci 0000:00:01.0:   bridge window [io  0x1000-0x1fff]
[    3.542305] pci 0000:00:01.0:   bridge window [mem 0x28000000-0x280fffff 64bit pref]
[    3.550058] pci 0000:00:01.0: nv_msi_ht_cap_quirk didn't locate host bridge
[    3.557126] pcieport 0000:00:01.0: enabling device (0140 -> 0143)
[    3.563435] pcieport 0000:00:01.0: Signaling PME with IRQ 375
[    3.569446] r8169 Gigabit Ethernet driver 2.3LK-NAPI loaded
[    3.575044] r8169 0000:01:00.0: enabling device (0140 -> 0143)
[    3.581786] r8169 0000:01:00.0 eth0: RTL8168evl/8111evl at 0x6a1a6334, 02:04:4b:01:60:a6, XID 0c900800 IRQ 376
[    3.591788] r8169 0000:01:00.0 eth0: jumbo features [frames: 9200 bytes, tx checksumming: ko]
[    3.603992] [drm] Supports vblank timestamp caching Rev 2 (21.10.2013).
[    3.610594] [drm] No driver support for vblank timestamp query.
[    3.616550] [drm] Cannot find any crtc or sizes
[    3.621172] [drm] Initialized tegra 0.0.0 20120330 for drm on minor 0
[    3.630693] tegra-ehci 7d004000.usb: EHCI Host Controller
[    3.636116] tegra-ehci 7d004000.usb: new USB bus registered, assigned bus number 1
[    3.643908] tegra-ehci 7d004000.usb: irq 344, io mem 0x7d004000
[    3.649857] [drm] Cannot find any crtc or sizes
[    3.674056] tegra-ehci 7d004000.usb: USB 2.0 started, EHCI 1.00
[    3.681230] hub 1-0:1.0: USB hub found
[    3.685010] hub 1-0:1.0: 1 port detected
[    3.690209] tegra-ehci 7d008000.usb: EHCI Host Controller
[    3.695623] tegra-ehci 7d008000.usb: new USB bus registered, assigned bus number 2
[    3.703353] tegra-ehci 7d008000.usb: irq 345, io mem 0x7d008000
[    3.734054] tegra-ehci 7d008000.usb: USB 2.0 started, EHCI 1.00
[    3.741144] hub 2-0:1.0: USB hub found
[    3.744917] hub 2-0:1.0: 1 port detected
[    3.755257] tps65910-rtc tps65910-rtc: setting system clock to 2000-01-01 00:00:02 UTC (946684802)
[    3.764812] vdd_sata,avdd_plle: disabling
[    3.769554] usb1_vbus: disabling
[    3.774331] EXT4-fs (mmcblk1p1): mounting ext3 file system using the ext4 subsystem
[    3.789641] EXT4-fs (mmcblk1p1): warning: mounting fs with errors, running e2fsck is recommended
[    3.799893] EXT4-fs (mmcblk1p1): recovery complete
[    3.804704] EXT4-fs (mmcblk1p1): mounted filesystem with ordered data mode. Opts: (null)
[    3.812803] VFS: Mounted root (ext3 filesystem) on device 179:17.
[    3.829882] devtmpfs: mounted
[    3.835375] Freeing unused kernel memory: 2048K
bash: cannot set terminal process group (-1): Inappropriate ioctl for device
bash: no job control in this shell
root@(none):/# [    4.114071] usb 2-1: new high-speed USB device number 2 using tegra-ehci
[    4.804468] asix 2-1:1.0 eth1: register 'asix' at usb-7d008000.usb-1, ASIX AX88772 USB 2.0 Ethernet, 00:50:b6:0f:67:60
mount -t sysfs none /sys
root@(none):/# 
root@(none):/# mount -t debugfs none /sys/kernel/debug
root@(none):/# 
root@(none):/# rtcwake -d rtc1 -m mem -s 3
rtcwake: wakeup from "mem" using /dev/rtc1 at Thu Jan  1 00:00:22 1970
[    7.343524] PM: suspend entry (deep)
[    7.347122] PM: Syncing filesystems ... done.
[    7.353107] Freezing user space processes ... (elapsed 0.001 seconds) done.
[    7.361158] OOM killer disabled.
[    7.364389] Freezing remaining freezable tasks ... (elapsed 0.001 seconds) done.
[    7.372894] Suspending console(s) (use no_console_suspend to debug)
[    7.464597] Disabling non-boot CPUs ...
[    7.633793] IRQ17 no longer affine to CPU3
[    7.634359] Entering suspend state LP1
[    7.634374] Enabling non-boot CPUs ...
[    7.635034] CPU1 is up
[    7.635660] CPU2 is up
[    7.636334] CPU3 is up
[    7.637365] pcieport 0000:00:01.0: nv_msi_ht_cap_quirk didn't locate host bridge
[    8.283925] OOM killer enabled.
[    8.287058] Restarting tasks ... done.
[    8.291135] PM: suspend exit
root@(none):/# 
root@(none):/# rtcwake -d rtc1 -m mem -s 3
rtcwake: wakeup from "mem" using /dev/rtc1 at Thu Jan  1 00:00:27 1970
[    9.389074] PM: suspend entry (deep)
[    9.392648] PM: Syncing filesystems ... done.
[    9.398407] Freezing user space processes ... (elapsed 0.001 seconds) done.
[    9.406477] OOM killer disabled.
[    9.409693] Freezing remaining freezable tasks ... (elapsed 0.001 seconds) done.
[    9.418203] Suspending console(s) (use no_console_suspend to debug)
[    9.464976] pci_generic_config_write32: 33 callbacks suppressed
[    9.464989] pci_bus 0000:00: 2-byte config write to 0000:00:01.0 offset 0x9c may corrupt adjacent RW1C bits
[    9.514571] Disabling non-boot CPUs ...
[    9.683758] IRQ17 no longer affine to CPU3
[    9.684192] Entering suspend state LP1
[    9.684212] Enabling non-boot CPUs ...
[    9.685064] CPU1 is up
[    9.685837] CPU2 is up
[    9.686670] CPU3 is up
[    9.687826] pci_bus 0000:00: 2-byte config write to 0000:00:01.0 offset 0x4c may corrupt adjacent RW1C bits
[    9.687839] pci_bus 0000:00: 2-byte config write to 0000:00:01.0 offset 0x88 may corrupt adjacent RW1C bits
[    9.687847] pci_bus 0000:00: 2-byte config write to 0000:00:01.0 offset 0x90 may corrupt adjacent RW1C bits
[    9.687852] pci_bus 0000:00: 2-byte config write to 0000:00:01.0 offset 0x98 may corrupt adjacent RW1C bits
[    9.687856] pci_bus 0000:00: 2-byte config write to 0000:00:01.0 offset 0x9c may corrupt adjacent RW1C bits
[    9.687878] pci_bus 0000:00: 2-byte config write to 0000:00:01.0 offset 0x52 may corrupt adjacent RW1C bits
[    9.687886] pci_bus 0000:00: 2-byte config write to 0000:00:01.0 offset 0x52 may corrupt adjacent RW1C bits
[    9.687893] pci_bus 0000:00: 2-byte config write to 0000:00:01.0 offset 0x5c may corrupt adjacent RW1C bits
[    9.687902] pci_bus 0000:00: 2-byte config write to 0000:00:01.0 offset 0x52 may corrupt adjacent RW1C bits
[    9.687926] pcieport 0000:00:01.0: nv_msi_ht_cap_quirk didn't locate host bridge
[   10.442791] OOM killer enabled.
[   10.445927] Restarting tasks ... done.
[   10.450085] PM: suspend exit
root@(none):/# 
root@(none):/# rtcwake -d rtc1 -m mem -s 3
rtcwake: wakeup from "mem" using /dev/rtc1 at Thu Jan  1 00:00:32 1970
[   11.432135] PM: suspend entry (deep)
[   11.435739] PM: Syncing filesystems ... done.
[   11.441876] Freezing user space processes ... (elapsed 0.001 seconds) done.
[   11.449985] OOM killer disabled.
[   11.453202] Freezing remaining freezable tasks ... (elapsed 0.001 seconds) done.
[   11.461738] Suspending console(s) (use no_console_suspend to debug)
[   11.554752] Disabling non-boot CPUs ...
[   11.623953] IRQ17 no longer affine to CPU1
[   11.744154] Entering suspend state LP1
[   11.744170] Enabling non-boot CPUs ...
[   11.745033] CPU1 is up
[   11.745805] CPU2 is up
[   11.746642] CPU3 is up
[   11.747836] pcieport 0000:00:01.0: nv_msi_ht_cap_quirk didn't locate host bridge
[   12.399032] OOM killer enabled.
[   12.402164] Restarting tasks ... done.
[   12.406337] PM: suspend exit
root@(none):/# 
root@(none):/# rtcwake -d rtc1 -m mem -s 3
rtcwake: wakeup from "mem" using /dev/rtc1 at Thu Jan  1 00:00:37 1970
[   13.496383] PM: suspend entry (deep)
[   13.499965] PM: Syncing filesystems ... done.
[   13.506135] Freezing user space processes ... (elapsed 0.001 seconds) done.
[   13.514245] OOM killer disabled.
[   13.517461] Freezing remaining freezable tasks ... (elapsed 0.001 seconds) done.
[   13.526012] Suspending console(s) (use no_console_suspend to debug)
[   13.634747] Disabling non-boot CPUs ...
[   13.683943] IRQ17 no longer affine to CPU1
[   13.784268] Entering suspend state LP1
[   13.784285] Enabling non-boot CPUs ...
[   13.785146] CPU1 is up
[   13.785932] CPU2 is up
[   13.786758] CPU3 is up
[   13.787929] pcieport 0000:00:01.0: nv_msi_ht_cap_quirk didn't locate host bridge
[   14.446430] OOM killer enabled.
[   14.449559] Restarting tasks ... done.
[   14.453730] PM: suspend exit
root@(none):/# 
root@(none):/# rtcwake -d rtc1 -m mem -s 3
rtcwake: wakeup from "mem" using /dev/rtc1 at Thu Jan  1 00:00:42 1970
[   15.526968] PM: suspend entry (deep)
[   15.530547] PM: Syncing filesystems ... done.
[   15.536715] Freezing user space processes ... (elapsed 0.001 seconds) done.
[   15.544829] OOM killer disabled.
[   15.548045] Freezing remaining freezable tasks ... (elapsed 0.001 seconds) done.
[   15.556592] Suspending console(s) (use no_console_suspend to debug)
[   15.604315] pci_generic_config_write32: 26 callbacks suppressed
[   15.604330] pci_bus 0000:00: 2-byte config write to 0000:00:01.0 offset 0x9c may corrupt adjacent RW1C bits
[   15.654694] Disabling non-boot CPUs ...
[   15.723891] IRQ17 no longer affine to CPU1
[   15.844078] Entering suspend state LP1
[   15.844093] Enabling non-boot CPUs ...
[   15.844944] CPU1 is up
[   15.845727] CPU2 is up
[   15.846543] CPU3 is up
[   15.847667] pci_bus 0000:00: 2-byte config write to 0000:00:01.0 offset 0x4c may corrupt adjacent RW1C bits
[   15.847681] pci_bus 0000:00: 2-byte config write to 0000:00:01.0 offset 0x88 may corrupt adjacent RW1C bits
[   15.847686] pci_bus 0000:00: 2-byte config write to 0000:00:01.0 offset 0x90 may corrupt adjacent RW1C bits
[   15.847691] pci_bus 0000:00: 2-byte config write to 0000:00:01.0 offset 0x98 may corrupt adjacent RW1C bits
[   15.847696] pci_bus 0000:00: 2-byte config write to 0000:00:01.0 offset 0x9c may corrupt adjacent RW1C bits
[   15.847717] pci_bus 0000:00: 2-byte config write to 0000:00:01.0 offset 0x52 may corrupt adjacent RW1C bits
[   15.847724] pci_bus 0000:00: 2-byte config write to 0000:00:01.0 offset 0x52 may corrupt adjacent RW1C bits
[   15.847732] pci_bus 0000:00: 2-byte config write to 0000:00:01.0 offset 0x5c may corrupt adjacent RW1C bits
[   15.847739] pci_bus 0000:00: 2-byte config write to 0000:00:01.0 offset 0x52 may corrupt adjacent RW1C bits
[   15.847763] pcieport 0000:00:01.0: nv_msi_ht_cap_quirk didn't locate host bridge
[   16.602077] OOM killer enabled.
[   16.605215] Restarting tasks ... done.
[   16.609376] PM: suspend exit
root@(none):/# 
root@(none):/# rtcwake -d rtc1 -m mem -s 3
rtcwake: wakeup from "mem" using /dev/rtc1 at Thu Jan  1 00:00:47 1970
[   17.596334] PM: suspend entry (deep)
[   17.599916] PM: Syncing filesystems ... done.
[   17.606085] Freezing user space processes ... (elapsed 0.001 seconds) done.
[   17.614191] OOM killer disabled.
[   17.617411] Freezing remaining freezable tasks ... (elapsed 0.001 seconds) done.
[   17.625955] Suspending console(s) (use no_console_suspend to debug)
[   17.724687] Disabling non-boot CPUs ...
[   17.773885] IRQ17 no longer affine to CPU1
[   17.894100] Entering suspend state LP1
[   17.894117] Enabling non-boot CPUs ...
[   17.894969] CPU1 is up
[   17.895730] CPU2 is up
[   17.896551] CPU3 is up
[   17.897733] pcieport 0000:00:01.0: nv_msi_ht_cap_quirk didn't locate host bridge
[   18.558559] OOM killer enabled.
[   18.561689] Restarting tasks ... done.
[   18.565869] PM: suspend exit
root@(none):/# 
root@(none):/# rtcwake -d rtc1 -m mem -s 3
rtcwake: wakeup from "mem" using /dev/rtc1 at Thu Jan  1 00:00:52 1970
[   19.636349] PM: suspend entry (deep)
[   19.639927] PM: Syncing filesystems ... done.
[   19.646104] Freezing user space processes ... (elapsed 0.001 seconds) done.
[   19.654221] OOM killer disabled.
[   19.657437] Freezing remaining freezable tasks ... (elapsed 0.001 seconds) done.
[   19.665988] Suspending console(s) (use no_console_suspend to debug)
[   19.764638] Disabling non-boot CPUs ...
[   19.823849] IRQ17 no longer affine to CPU1
[   19.924030] Entering suspend state LP1
[   19.924047] Enabling non-boot CPUs ...
[   19.924892] CPU1 is up
[   19.925661] CPU2 is up
[   19.926502] CPU3 is up
[   19.927676] pcieport 0000:00:01.0: nv_msi_ht_cap_quirk didn't locate host bridge
[   20.578827] OOM killer enabled.
[   20.581961] Restarting tasks ... done.
[   20.586144] PM: suspend exit
root@(none):/# 
root@(none):/# rtcwake -d rtc1 -m mem -s 3
rtcwake: wakeup from "mem" using /dev/rtc1 at Thu Jan  1 00:00:57 1970
[   21.663954] PM: suspend entry (deep)
[   21.667537] PM: Syncing filesystems ... done.
[   21.672669] Freezing user space processes ... (elapsed 0.001 seconds) done.
[   21.680767] OOM killer disabled.
[   21.684011] Freezing remaining freezable tasks ... (elapsed 0.001 seconds) done.
[   21.692548] Suspending console(s) (use no_console_suspend to debug)
[   21.734236] pci_generic_config_write32: 26 callbacks suppressed
[   21.734251] pci_bus 0000:00: 2-byte config write to 0000:00:01.0 offset 0x9c may corrupt adjacent RW1C bits
[   21.784648] Disabling non-boot CPUs ...
[   21.863700] IRQ17 no longer affine to CPU2
[   21.924035] Entering suspend state LP1
[   21.924052] Enabling non-boot CPUs ...
[   21.924907] CPU1 is up
[   21.925683] CPU2 is up
[   21.926502] CPU3 is up
[   21.927645] pci_bus 0000:00: 2-byte config write to 0000:00:01.0 offset 0x4c may corrupt adjacent RW1C bits
[   21.927660] pci_bus 0000:00: 2-byte config write to 0000:00:01.0 offset 0x88 may corrupt adjacent RW1C bits
[   21.927666] pci_bus 0000:00: 2-byte config write to 0000:00:01.0 offset 0x90 may corrupt adjacent RW1C bits
[   21.927671] pci_bus 0000:00: 2-byte config write to 0000:00:01.0 offset 0x98 may corrupt adjacent RW1C bits
[   21.927676] pci_bus 0000:00: 2-byte config write to 0000:00:01.0 offset 0x9c may corrupt adjacent RW1C bits
[   21.927696] pci_bus 0000:00: 2-byte config write to 0000:00:01.0 offset 0x52 may corrupt adjacent RW1C bits
[   21.927704] pci_bus 0000:00: 2-byte config write to 0000:00:01.0 offset 0x52 may corrupt adjacent RW1C bits
[   21.927711] pci_bus 0000:00: 2-byte config write to 0000:00:01.0 offset 0x5c may corrupt adjacent RW1C bits
[   21.927719] pci_bus 0000:00: 2-byte config write to 0000:00:01.0 offset 0x52 may corrupt adjacent RW1C bits
[   21.927743] pcieport 0000:00:01.0: nv_msi_ht_cap_quirk didn't locate host bridge
[   22.682023] OOM killer enabled.
[   22.685160] Restarting tasks ... done.
[   22.689319] PM: suspend exit
root@(none):/# 
root@(none):/# rtcwake -d rtc1 -m mem -s 3
rtcwake: wakeup from "mem" using /dev/rtc1 at Thu Jan  1 00:01:02 1970
[   23.675811] PM: suspend entry (deep)
[   23.679389] PM: Syncing filesystems ... done.
[   23.685558] Freezing user space processes ... (elapsed 0.001 seconds) done.
[   23.693662] OOM killer disabled.
[   23.696882] Freezing remaining freezable tasks ... (elapsed 0.001 seconds) done.
[   23.705425] Suspending console(s) (use no_console_suspend to debug)
[   23.794591] Disabling non-boot CPUs ...
[   23.883672] IRQ17 no longer affine to CPU2
[   23.944029] Entering suspend state LP1
[   23.944045] Enabling non-boot CPUs ...
[   23.944893] CPU1 is up
[   23.945672] CPU2 is up
[   23.946502] CPU3 is up
[   23.947691] pcieport 0000:00:01.0: nv_msi_ht_cap_quirk didn't locate host bridge
[   24.608833] OOM killer enabled.
[   24.611965] Restarting tasks ... done.
[   24.616143] PM: suspend exit
root@(none):/# 
root@(none):/# rtcwake -d rtc1 -m mem -s 3
rtcwake: wakeup from "mem" using /dev/rtc1 at Thu Jan  1 00:01:07 1970
[   25.706235] PM: suspend entry (deep)
[   25.709814] PM: Syncing filesystems ... done.
[   25.715983] Freezing user space processes ... (elapsed 0.001 seconds) done.
[   25.724092] OOM killer disabled.
[   25.727310] Freezing remaining freezable tasks ... (elapsed 0.001 seconds) done.
[   25.735861] Suspending console(s) (use no_console_suspend to debug)
[   25.834559] Disabling non-boot CPUs ...
[   26.003559] IRQ17 no longer affine to CPU3
[   26.004091] Entering suspend state LP1
[   26.004108] Enabling non-boot CPUs ...
[   26.004956] CPU1 is up
[   26.005733] CPU2 is up
[   26.006564] CPU3 is up
[   26.007729] pcieport 0000:00:01.0: nv_msi_ht_cap_quirk didn't locate host bridge
[   26.658943] OOM killer enabled.
[   26.662078] Restarting tasks ... done.
[   26.666257] PM: suspend exit
root@(none):/# 
root@(none):/# NVTB SYSTEM SUSPEND TEST COMPLETE
