

U-Boot 2015.04-00466-gedec83e90172 (Mar 14 2016 - 10:42:01)

TEGRA124
Model: Acer Chromebook 13 CB5-311
DRAM:  4 GiB
C:   Tegra SD/MMC: 0, Tegra SD/MMC: 1, Tegra SD/MMC: 2
MMC init failed
Using default environment

In:    serial
Out:   serial
Err:   serial
Net:   Net Initialization Skipped
No ethernet found.
Hit any key to stop autoboot:  2  1  0 
Tegra124 (Nyan-big) # 
Tegra124 (Nyan-big) # usb start
starting USB...
USB0:   USB EHCI 1.10
scanning bus 0 for devices... 2 USB Device(s) found
USB1:   USB EHCI 1.10
scanning bus 1 for devices... 2 USB Device(s) found
       scanning usb for storage devices... 1 Storage Device(s) found
       scanning usb for ethernet devices... 
Warning: asx0 using MAC address from net device
1 Ethernet Device(s) found
Tegra124 (Nyan-big) # mw 0x7000e4a0 0x00080000
Tegra124 (Nyan-big) # setenv bootargs 'ignore_loglevel console=ttyS0,115200n8 rw root=PARTUUID=4d36e82a-b3c0-4b4b-bfcd-afe5217ac023 rootwait gpt debug noinitrd earlyprintk init=/bin/bash'
Tegra124 (Nyan-big) # setenv ipaddr 192.168.100.104; setenv serverip 192.168.100.1; setenv tftpserverip 192.168.100.1
Tegra124 (Nyan-big) # tftpboot 0x82000000 zImage.tegra_defconfig
Using asx0 device
TFTP from server 192.168.100.1; our IP address is 192.168.100.104
Filename 'zImage.tegra_defconfig'.
Load address: 0x82000000
Loading: *#################################################################
	 #################################################################
	 #################################################################
	 #################################################################
	 #################################################################
	 #################################################################
	 #################################
	 3.6 MiB/s
done
Bytes transferred = 6202736 (5ea570 hex)
Tegra124 (Nyan-big) # tftpboot 0x83000000 tegra124-nyan-big.dtb
Using asx0 device
TFTP from server 192.168.100.1; our IP address is 192.168.100.104
Filename 'tegra124-nyan-big.dtb'.
Load address: 0x83000000
Loading: *#####
	 3.6 MiB/s
done
Bytes transferred = 67482 (1079a hex)
Tegra124 (Nyan-big) # bootz 0x82000000 - 0x83000000
Kernel image @ 0x82000000 [ 0x000000 - 0x5ea570 ]
## Flattened Device Tree blob at 83000000
   Booting using the fdt blob at 0x83000000
   Using Device Tree in place at 83000000, end 83013799

Starting kernel ...

[    0.000000] Booting Linux on physical CPU 0x0
[    0.000000] Linux version 4.15.0-rc6-next-20180103-22687-g73005e1 (jonathanh@kaivo) (gcc version 4.7.3 20130328 (prerelease) (crosstool-NG linaro-1.13.1-4.7-2013.04-20130415 - Linaro GCC 2013.04)) #1 SMP PREEMPT Wed Jan 3 01:45:55 PST 2018
[    0.000000] CPU: ARMv7 Processor [413fc0f3] revision 3 (ARMv7), cr=10c5387d
[    0.000000] CPU: div instructions available: patching division code
[    0.000000] CPU: PIPT / VIPT nonaliasing data cache, PIPT instruction cache
[    0.000000] OF: fdt: Machine model: Acer Chromebook 13 CB5-311
[    0.000000] OF: fdt: Ignoring memory range 0x100000000 - 0x17ffff000
[    0.000000] debug: ignoring loglevel setting.
[    0.000000] bootconsole [earlycon0] enabled
[    0.000000] Memory policy: Data cache writealloc
[    0.000000] cma: Reserved 64 MiB at 0xfbc00000
[    0.000000] On node 0 totalpages: 524287
[    0.000000]   Normal zone: 1536 pages used for memmap
[    0.000000]   Normal zone: 0 pages reserved
[    0.000000]   Normal zone: 196608 pages, LIFO batch:31
[    0.000000]   HighMem zone: 327679 pages, LIFO batch:31
[    0.000000] random: fast init done
[    0.000000] percpu: Embedded 17 pages/cpu @(ptrval) s39104 r8192 d22336 u69632
[    0.000000] pcpu-alloc: s39104 r8192 d22336 u69632 alloc=17*4096
[    0.000000] pcpu-alloc: [0] 0 [0] 1 [0] 2 [0] 3 
[    0.000000] Built 1 zonelists, mobility grouping on.  Total pages: 522751
[    0.000000] Kernel command line: ignore_loglevel console=ttyS0,115200n8 rw root=PARTUUID=4d36e82a-b3c0-4b4b-bfcd-afe5217ac023 rootwait gpt debug noinitrd earlyprintk init=/bin/bash
[    0.000000] Dentry cache hash table entries: 131072 (order: 7, 524288 bytes)
[    0.000000] Inode-cache hash table entries: 65536 (order: 6, 262144 bytes)
[    0.000000] Memory: 1999512K/2097148K available (9216K kernel code, 780K rwdata, 2576K rodata, 1024K init, 298K bss, 32100K reserved, 65536K cma-reserved, 1245180K highmem)
[    0.000000] Virtual kernel memory layout:
[    0.000000]     vector  : 0xffff0000 - 0xffff1000   (   4 kB)
[    0.000000]     fixmap  : 0xffc00000 - 0xfff00000   (3072 kB)
[    0.000000]     vmalloc : 0xf0800000 - 0xff800000   ( 240 MB)
[    0.000000]     lowmem  : 0xc0000000 - 0xf0000000   ( 768 MB)
[    0.000000]     pkmap   : 0xbfe00000 - 0xc0000000   (   2 MB)
[    0.000000]     modules : 0xbf000000 - 0xbfe00000   (  14 MB)
[    0.000000]       .text : 0x(ptrval) - 0x(ptrval)   (10208 kB)
[    0.000000]       .init : 0x(ptrval) - 0x(ptrval)   (1024 kB)
[    0.000000]       .data : 0x(ptrval) - 0x(ptrval)   ( 781 kB)
[    0.000000]        .bss : 0x(ptrval) - 0x(ptrval)   ( 299 kB)
[    0.000000] Preemptible hierarchical RCU implementation.
[    0.000000] 	Tasks RCU enabled.
[    0.000000] NR_IRQS: 16, nr_irqs: 16, preallocated irqs: 16
[    0.000000] /interrupt-controller@60004000: 160 interrupts forwarded to /interrupt-controller@50041000
[    0.000000] Tegra clk 127: register failed with -17
[    0.000004] sched_clock: 32 bits at 1000kHz, resolution 1000ns, wraps every 2147483647500ns
[    0.008014] clocksource: timer_us: mask: 0xffffffff max_cycles: 0xffffffff, max_idle_ns: 1911260446275 ns
[    0.017544] Switching to timer-based delay loop, resolution 1000ns
[    0.024082] arch_timer: cp15 timer(s) running at 12.00MHz (virt).
[    0.029765] clocksource: arch_sys_counter: mask: 0xffffffffffffff max_cycles: 0x2c47f4ee7, max_idle_ns: 440795202497 ns
[    0.040512] sched_clock: 56 bits at 12MHz, resolution 83ns, wraps every 4398046511096ns
[    0.048483] Switching to timer-based delay loop, resolution 83ns
[    0.054664] Console: colour dummy device 80x30
[    0.058892] Calibrating delay loop (skipped), value calculated using timer frequency.. 24.00 BogoMIPS (lpj=120000)
[    0.069202] pid_max: default: 32768 minimum: 301
[    0.073968] Mount-cache hash table entries: 2048 (order: 1, 8192 bytes)
[    0.080383] Mountpoint-cache hash table entries: 2048 (order: 1, 8192 bytes)
[    0.087721] CPU: Testing write buffer coherency: ok
[    0.092394] /cpus/cpu@0 missing clock-frequency property
[    0.097547] /cpus/cpu@1 missing clock-frequency property
[    0.102843] /cpus/cpu@2 missing clock-frequency property
[    0.108120] /cpus/cpu@3 missing clock-frequency property
[    0.113403] CPU0: thread -1, cpu 0, socket 0, mpidr 80000000
[    0.153446] Setting up static identity map for 0x80100000 - 0x801000a0
[    0.158100] Hierarchical SRCU implementation.
[    0.173664] Tegra Revision: A01 SKU: 131 CPU Process: 1 SoC Process: 1
[    0.193449] smp: Bringing up secondary CPUs ...
[    0.243748] CPU1: thread -1, cpu 1, socket 0, mpidr 80000001
[    0.323776] CPU2: thread -1, cpu 2, socket 0, mpidr 80000002
[    0.403816] CPU3: thread -1, cpu 3, socket 0, mpidr 80000003
[    0.413593] smp: Brought up 1 node, 4 CPUs
[    0.432671] SMP: Total of 4 processors activated (96.00 BogoMIPS).
[    0.438830] CPU: All CPU(s) started in SVC mode.
[    0.444118] devtmpfs: initialized
[    0.453636] Built 1 zonelists, mobility grouping on.  Total pages: 516262
[    0.458678] VFP support v0.3: implementor 41 architecture 4 part 30 variant f rev 0
[    0.466319] clocksource: jiffies: mask: 0xffffffff max_cycles: 0xffffffff, max_idle_ns: 19112604462750000 ns
[    0.475926] futex hash table entries: 1024 (order: 4, 65536 bytes)
[    0.482203] pinctrl core: initialized pinctrl subsystem
[    0.487745] NET: Registered protocol family 16
[    0.492146] DMA: preallocated 256 KiB pool for atomic coherent allocations
[    0.499055] cpuidle: using governor menu
[    0.509947] No ATAGs?
[    0.510006] hw-breakpoint: found 5 (+1 reserved) breakpoint and 4 watchpoint registers.
[    0.518349] hw-breakpoint: maximum watchpoint size is 8 bytes.
[    0.525017] tegra-mc 70019000.memory-controller: no memory timings for RAM code 0 registered
[    0.532710] iommu: Adding device 50000000.host1x to group 0
[    0.538121] iommu: Adding device 54200000.dc to group 1
[    0.543322] iommu: Adding device 54240000.dc to group 1
[    0.548522] iommu: Adding device 57000000.gpu to group 2
[    0.559593] +5V_SYS: supplied by +VDD_MUX
[    0.561822] +3.3V_SYS: supplied by +VDD_MUX
[    0.566141] +VDD_LED: Failed to request enable GPIO122: -517
[    0.571479] reg-fixed-voltage regulators:regulator@5: Failed to register regulator: -517
[    0.579582] +5V_VDD_TS_SW: Failed to request enable GPIO81: -517
[    0.585519] reg-fixed-voltage regulators:regulator@6: Failed to register regulator: -517
[    0.593632] +5V_USB_HS: Failed to request enable GPIO108: -517
[    0.599385] reg-fixed-voltage regulators:regulator@7: Failed to register regulator: -517
[    0.607516] +5V_USB_SS: Failed to request enable GPIO109: -517
[    0.613252] reg-fixed-voltage regulators:regulator@8: Failed to register regulator: -517
[    0.621426] +1.05V_RUN_AVDD_HDMI_PLL: Failed to request enable GPIO63: -517
[    0.628246] reg-fixed-voltage regulators:regulator@11: Failed to register regulator: -517
[    0.636442] +5V_HDMI_CON: Failed to request enable GPIO86: -517
[    0.642285] reg-fixed-voltage regulators:regulator@12: Failed to register regulator: -517
[    0.650878] vgaarb: loaded
[    0.653386] SCSI subsystem initialized
[    0.656942] libata version 3.00 loaded.
[    0.660796] usbcore: registered new interface driver usbfs
[    0.666140] usbcore: registered new interface driver hub
[    0.671450] usbcore: registered new device driver usb
[    0.677653] Linux video capture interface: v2.00
[    0.681049] pps_core: LinuxPPS API ver. 1 registered
[    0.685974] pps_core: Software ver. 5.3.6 - Copyright 2005-2007 Rodolfo Giometti <giometti@linux.it>
[    0.695076] PTP clock support registered
[    0.699115] tegra-emc 7001b000.emc: no memory timings for RAM code 0 found in DT
[    0.706336] tegra-emc: probe of 7001b000.emc failed with error -2
[    0.712507] Advanced Linux Sound Architecture Driver Initialized.
[    0.718710] Bluetooth: Core ver 2.22
[    0.722035] NET: Registered protocol family 31
[    0.726445] Bluetooth: HCI device and connection manager initialized
[    0.732766] Bluetooth: HCI socket layer initialized
[    0.737624] Bluetooth: L2CAP socket layer initialized
[    0.742660] Bluetooth: SCO socket layer initialized
[    0.747751] clocksource: Switched to clocksource arch_sys_counter
[    0.785799] NET: Registered protocol family 2
[    0.788628] tcp_listen_portaddr_hash hash table entries: 512 (order: 0, 6144 bytes)
[    0.795887] TCP established hash table entries: 8192 (order: 3, 32768 bytes)
[    0.802932] TCP bind hash table entries: 8192 (order: 4, 65536 bytes)
[    0.809366] TCP: Hash tables configured (established 8192 bind 8192)
[    0.815803] UDP hash table entries: 512 (order: 2, 16384 bytes)
[    0.821541] UDP-Lite hash table entries: 512 (order: 2, 16384 bytes)
[    0.827974] NET: Registered protocol family 1
[    0.832470] RPC: Registered named UNIX socket transport module.
[    0.838082] RPC: Registered udp transport module.
[    0.842751] RPC: Registered tcp transport module.
[    0.847432] RPC: Registered tcp NFSv4.1 backchannel transport module.
[    0.854088] PCI: CLS 0 bytes, default 64
[    0.858447] hw perfevents: enabled with armv7_cortex_a15 PMU driver, 7 counters available
[    0.866532] Initialise system trusted keyrings
[    0.870409] workingset: timestamp_bits=30 max_order=19 bucket_order=0
[    0.877212] squashfs: version 4.0 (2009/01/31) Phillip Lougher
[    0.882820] NFS: Registering the id_resolver key type
[    0.887565] Key type id_resolver registered
[    0.891741] Key type id_legacy registered
[    0.897369] Key type asymmetric registered
[    0.899791] Asymmetric key parser 'x509' registered
[    0.904682] bounce: pool size: 64 pages
[    0.908482] io scheduler noop registered (default)
[    0.913213] io scheduler mq-deadline registered
[    0.917719] io scheduler kyber registered
[    0.922357] tegra-xusb-padctl 7009f000.padctl: failed to setup XUSB ports: -517
[    0.934744] tegra-apbdma 60020000.dma: Tegra20 APB DMA driver register 32 channels
[    0.940839] tegra-pmc 7000e400.pmc: i2c-thermtrip node not found, emergency thermal reset disabled.
[    0.949636] Serial: 8250/16550 driver, 4 ports, IRQ sharing disabled
[    0.956391] console [ttyS0] disabled
[    0.959311] 70006000.serial: ttyS0 at MMIO 0x70006000 (irq = 333, base_baud = 25500000) is a Tegra
[    0.968236] console [ttyS0] enabled
[    0.968236] console [ttyS0] enabled
[    0.974453] bootconsole [earlycon0] disabled
[    0.974453] bootconsole [earlycon0] disabled
[    1.000569] tegra-hdmi 54280000.hdmi: failed to get HDMI regulator
[    1.007042] tegra-dpaux 545c0000.dpaux: failed to get VDD supply: -517
[    1.014552] panel-simple panel: panel supply power not found, using dummy regulator
[    1.026006] loop: module loaded
[    1.029726] as3722 4-0040: AS3722 with revision 0x1 found
[    1.039793] as3722-sd2: supplied by +5V_SYS
[    1.044212] as3722-sd3: supplied by +5V_SYS
[    1.048561] +1.35V_LP0(sd3): Bringing 0uV into 1350000-1350000uV
[    1.054738] as3722-sd4: supplied by +5V_SYS
[    1.059090] +1.05V_RUN: Bringing 0uV into 1050000-1050000uV
[    1.064834] as3722-sd5: supplied by +5V_SYS
[    1.070443] as3722-ldo0: supplied by +1.35V_LP0(sd2)
[    1.076190] +1.8V_RUN_CAM: Bringing 0uV into 1800000-1800000uV
[    1.082216] as3722-ldo2: supplied by +1.8V_VDDIO
[    1.087842] as3722-ldo3: supplied by +3.3V_SYS
[    1.092293] +1.00V_LP0_VDD_RTC: Bringing 1100000uV into 1000000-1000000uV
[    1.099879] as3722-ldo4: supplied by +3.3V_SYS
[    1.104474] +3.3V_RUN_CAM: Bringing 0uV into 2800000-2800000uV
[    1.110505] as3722-ldo5: supplied by +1.8V_VDDIO
[    1.115278] +1.2V_RUN_CAM_FRONT: Bringing 0uV into 1200000-1200000uV
[    1.121973] +VDDIO_SDMMC3: Bringing 0uV into 1800000-1800000uV
[    1.128014] as3722-ldo7: supplied by +1.8V_VDDIO
[    1.132788] +1.05V_RUN_CAM_REAR: Bringing 0uV into 1050000-1050000uV
[    1.139347] as3722-ldo9: supplied by +5V_SYS
[    1.143916] +2.8V_RUN_TOUCH: Bringing 0uV into 2800000-2800000uV
[    1.150126] as3722-ldo10: supplied by +5V_SYS
[    1.154637] +2.8V_RUN_CAM_AF: Bringing 0uV into 2800000-2800000uV
[    1.161088] +1.8V_RUN_VPP_FUSE: Bringing 0uV into 1800000-1800000uV
[    1.183382] cros-ec-spi spi0.0: Chrome EC device registered
[    1.198174] m25p80 spi1.0: w25q32dw (4096 Kbytes)
[    1.203673] libphy: Fixed MDIO Bus: probed
[    1.207773] CAN device driver interface
[    1.211616] igb: Intel(R) Gigabit Ethernet Network Driver - version 5.4.0-k
[    1.218566] igb: Copyright (c) 2007-2014 Intel Corporation.
[    1.224174] pegasus: v0.9.3 (2013/04/25), Pegasus/Pegasus II USB Ethernet driver
[    1.231587] usbcore: registered new interface driver pegasus
[    1.237253] usbcore: registered new interface driver asix
[    1.242697] usbcore: registered new interface driver ax88179_178a
[    1.248802] usbcore: registered new interface driver cdc_ether
[    1.254643] usbcore: registered new interface driver smsc75xx
[    1.260406] usbcore: registered new interface driver smsc95xx
[    1.266152] usbcore: registered new interface driver net1080
[    1.271821] usbcore: registered new interface driver cdc_subset
[    1.277742] usbcore: registered new interface driver zaurus
[    1.283335] usbcore: registered new interface driver cdc_ncm
[    1.289079] ehci_hcd: USB 2.0 'Enhanced' Host Controller (EHCI) Driver
[    1.295589] ehci-pci: EHCI PCI platform driver
[    1.300048] tegra-ehci: Tegra EHCI driver
[    1.304313] usbcore: registered new interface driver cdc_acm
[    1.309965] cdc_acm: USB Abstract Control Model driver for USB modems and ISDN adapters
[    1.317973] usbcore: registered new interface driver cdc_wdm
[    1.323640] usbcore: registered new interface driver usb-storage
[    1.330310] input: cros_ec as /devices/soc0/7000d400.spi/spi_master/spi0/spi0.0/7000d400.spi:cros-ec@0:keyboard-controller/input/input0
[    1.349878] as3722-rtc as3722-rtc: rtc core: registered as3722-rtc as rtc0
[    1.356736] as3722-rtc as3722-rtc: RTC interrupt 372
[    1.363496] tegra_rtc 7000e000.rtc: rtc core: registered 7000e000.rtc as rtc1
[    1.370646] tegra_rtc 7000e000.rtc: Tegra internal Real Time Clock
[    1.376926] i2c /dev entries driver
[    1.380831] usbcore: registered new interface driver uvcvideo
[    1.386562] USB Video Class driver (1.1.1)
[    1.390654] gspca_main: v2.14.0 registered
[    1.394970] lm90 0-004c: 0-004c supply vcc not found, using dummy regulator
[    1.403629] tegra-wdt 60005000.timer: initialized (heartbeat = 120 sec, nowayout = 0)
[    1.411981] sdhci: Secure Digital Host Controller Interface driver
[    1.418157] sdhci: Copyright(c) Pierre Ossman
[    1.422500] sdhci-pltfm: SDHCI platform and OF driver helper
[    1.428277] sdhci-tegra 700b0000.sdhci: allocated mmc-pwrseq
[    1.441883] sdhci-tegra 700b0400.sdhci: Got CD GPIO
[    1.446753] sdhci-tegra 700b0400.sdhci: Got WP GPIO
[    1.465885] mmc0: Unknown controller version (3). You may experience problems.
[    1.473126] mmc0: Invalid maximum block size, assuming 512 bytes
[    1.509901] mmc0: SDHCI controller on 700b0600.sdhci [700b0600.sdhci] using ADMA
[    1.517610] usbcore: registered new interface driver usbhid
[    1.523289] usbhid: USB HID core driver
[    1.529415] tegra30-i2s 70301100.i2s: DMA channels sourced from device 70300000.ahub
[    1.577667] mmc0: new high speed MMC card at address 0001
[    1.583585] max98090 0-0010: MAX98090 REVID=0x43
[    1.585001] mmcblk0: mmc0:0001 MMC16G 14.4 GiB 
[    1.586862] mmcblk0boot0: mmc0:0001 MMC16G partition 1 2.00 MiB
[    1.588773] mmcblk0boot1: mmc0:0001 MMC16G partition 2 2.00 MiB
[    1.592791] mmcblk0rpmb: mmc0:0001 MMC16G partition 3 128 KiB, chardev (247:0)
[    1.601793]  mmcblk0: p1 p2 p3 p4 p5 p6 p7 p8 p9 p10 p11 p12
[    1.619463] max98090 0-0010: use default 2.8v micbias
[    1.626904] tegra-snd-max98090 sound: HiFi <-> 70301100.i2s mapping ok
[    1.634407] input: GoogleNyanBig Headphones as /devices/soc0/sound/sound/card1/input1
[    1.642347] input: GoogleNyanBig Mic Jack as /devices/soc0/sound/sound/card1/input2
[    1.650648] NET: Registered protocol family 10
[    1.655597] Segment Routing with IPv6
[    1.659324] mip6: Mobile IPv6
[    1.662282] sit: IPv6, IPv4 and MPLS over IPv4 tunneling driver
[    1.668727] NET: Registered protocol family 17
[    1.673164] NET: Registered protocol family 15
[    1.677594] can: controller area network core (rev 20170425 abi 9)
[    1.683840] NET: Registered protocol family 29
[    1.688279] can: raw protocol (rev 20170425)
[    1.692536] can: broadcast manager protocol (rev 20170425 t)
[    1.698191] can: netlink gateway (rev 20170425) max_hops=1
[    1.703731] Bluetooth: RFCOMM socket layer initialized
[    1.708874] Bluetooth: RFCOMM ver 1.11
[    1.712616] Bluetooth: BNEP (Ethernet Emulation) ver 1.3
[    1.717920] Bluetooth: BNEP socket layer initialized
[    1.722870] Bluetooth: HIDP (Human Interface Emulation) ver 1.2
[    1.728781] Bluetooth: HIDP socket layer initialized
[    1.733824] Key type dns_resolver registered
[    1.738284] Registering SWP/SWPB emulation handler
[    1.743325] Loading compiled-in X.509 certificates
[    1.755331] +3.3V_RUN: supplied by +3.3V_SYS
[    1.760334] +VDD_LED: supplied by +VDD_MUX
[    1.764531] +3.3V_AVDD_HDMI_AP_GATED: supplied by +3.3V_RUN
[    1.770201] +1.8V_RUN_CAM: supplied by +3.3V_RUN
[    1.774907] +VDDIO_SDMMC3: supplied by +3.3V_RUN
[    1.779663] +1.8V_RUN_VPP_FUSE: supplied by +3.3V_RUN
[    1.784899] +5V_VDD_TS_SW: supplied by +5V_SYS
[    1.789531] +5V_USB_HS: supplied by +5V_SYS
[    1.793848] +5V_USB_SS: supplied by +5V_SYS
[    1.799112] +3.3V_PANEL: supplied by +3.3V_RUN
[    1.804524] +3.3V_LP0: supplied by +3.3V_SYS
[    1.809614] +1.05V_RUN_AVDD_HDMI_PLL: supplied by +1.05V_RUN
[    1.815445] +5V_HDMI_CON: supplied by +5V_SYS
[    1.820432]  usb3-0: usb3-0 supply vbus not found, using dummy regulator
[    1.827164]  usb3-1: usb3-1 supply vbus not found, using dummy regulator
[    1.840208] tegra-sor 54540000.sor: failed to probe output: -517
[    1.846420] panel-simple panel: panel supply power not found, using dummy regulator
[    1.856088] tegra-xusb 70090000.usb: Direct firmware load for nvidia/tegra124/xusb.bin failed with error -2
[    1.865823] tegra-xusb 70090000.usb: failed to request firmware: -2
[    1.872153] tegra-xusb 70090000.usb: failed to load firmware: -2
[    1.879464] tegra-xusb: probe of 70090000.usb failed with error -2
[    1.886099] sdhci-tegra 700b0000.sdhci: allocated mmc-pwrseq
[    1.900066] mmc1: Unknown controller version (3). You may experience problems.
[    1.907312] mmc1: Invalid maximum block size, assuming 512 bytes
[    1.913766] mmc1: Switching to 3.3V signalling voltage failed
[    1.944759] mmc1: SDHCI controller on 700b0000.sdhci [700b0000.sdhci] using ADMA
[    1.952461] sdhci-tegra 700b0400.sdhci: Got CD GPIO
[    1.957334] sdhci-tegra 700b0400.sdhci: Got WP GPIO
[    1.967603] mmc2: Unknown controller version (3). You may experience problems.
[    1.974936] mmc2: Invalid maximum block size, assuming 512 bytes
[    2.011245] mmc1: new high speed SDIO card at address 0001
[    2.017025] mmc2: SDHCI controller on 700b0400.sdhci [700b0400.sdhci] using ADMA
[    2.024579] tegra-sor 54540000.sor: failed to probe output: -517
[    2.030745] panel-simple panel: panel supply power not found, using dummy regulator
[    2.038815] input: gpio-keys as /devices/soc0/gpio-keys/input/input3
[    2.045410] tegra-sor 54540000.sor: failed to probe output: -517
[    2.051704] panel-simple panel: panel supply power not found, using dummy regulator
[    2.059351] as3722-rtc as3722-rtc: setting system clock to 2000-01-01 18:28:51 UTC (946751331)
[    2.068196] cfg80211: Loading compiled-in X.509 certificates for regulatory database
[    2.077448] cfg80211: Loaded X.509 cert 'sforshee: 00b28ddf47aef9cea7'
[    2.084167] platform regulatory.0: Direct firmware load for regulatory.db failed with error -2
[    2.092844] cfg80211: failed to load regulatory.db
[    2.097960] +3.3V_AVDD_HDMI_AP_GATED: disabling
[    2.102534] +1.8V_RUN_CAM: disabling
[    2.106329] +1.2V_RUN_CAM_FRONT: disabling
[    2.110735] +1.05V_RUN_CAM_REAR: disabling
[    2.115032] +2.8V_RUN_TOUCH: disabling
[    2.119062] +2.8V_RUN_CAM_AF: disabling
[    2.123057] +1.8V_RUN_VPP_FUSE: disabling
[    2.127229] +VDD_LED: disabling
[    2.130429] +5V_VDD_TS_SW: disabling
[    2.134043] +5V_USB_HS: disabling
[    2.137393] +5V_USB_SS: disabling
[    2.140825] +3.3V_PANEL: disabling
[    2.144244] +1.05V_RUN_AVDD_HDMI_PLL: disabling
[    2.148809] +5V_HDMI_CON: disabling
[    2.152290] ALSA device list:
[    2.155287]   #1: GoogleNyanBig
[    2.263237] mmc2: new high speed SDHC card at address 0007
[    2.270600] mmcblk2: mmc2:0007 SD08G 7.42 GiB 
[    2.284050] GPT:Primary header alternate_lba != Alt. header my_lba
[    2.290239] GPT:3014591 != 15564799
[    2.293715] GPT:Primary header thinks Alt. header is not at the end of the disk.
[    2.301119] GPT:3014591 != 15564799
[    2.304597] GPT: Use GNU Parted to correct GPT errors.
[    2.309753]  mmcblk2: p1 p2 p3 p4 p5 p6 p7 p8 p9 p10 p11 p12
[    2.316748] tegra-sor 54540000.sor: failed to probe output: -517
[    2.323065] panel-simple panel: panel supply power not found, using dummy regulator
[    2.338284] tegra-sor 54540000.sor: failed to probe output: -517
[    2.344507] panel-simple panel: panel supply power not found, using dummy regulator
[    2.352490] input: tegra-hda HDMI/DP,pcm=3 as /devices/soc0/70030000.hda/sound/card0/input4
[    2.361574] EXT4-fs (mmcblk0p3): couldn't mount as ext3 due to feature incompatibilities
[    2.663884] EXT4-fs (mmcblk0p3): recovery complete
[    2.669362] EXT4-fs (mmcblk0p3): mounted filesystem with ordered data mode. Opts: (null)
[    2.677466] VFS: Mounted root (ext4 filesystem) on device 179:3.
[    2.684416] devtmpfs: mounted
[    2.687818] Freeing unused kernel memory: 1024K
bash: cannot set terminal process group (-1): Inappropriate ioctl for device
bash: no job control in this shell
root@(none):/# mount -t sysfs none /sys
root@(none):/# 
root@(none):/# mount -t debugfs none /sys/kernel/debug
root@(none):/# 
root@(none):/# rtcwake -d rtc1 -m mem -s 3
rtcwake: assuming RTC uses UTC ...
rtcwake: wakeup from "mem" using /dev/rtc1 at Thu Jan  1 00:00:28 1970
[    5.639741] PM: suspend entry (deep)
[    5.643310] PM: Syncing filesystems ... done.
[    5.648822] Freezing user space processes ... (elapsed 0.001 seconds) done.
[    5.656919] OOM killer disabled.
[    5.660173] Freezing remaining freezable tasks ... (elapsed 0.001 seconds) done.
[    5.668715] Suspending console(s) (use no_console_suspend to debug)
[    5.860424] Disabling non-boot CPUs ...
[    6.027914] IRQ17 no longer affine to CPU3
[    6.028563] Entering suspend state LP1
[    6.028588] Enabling non-boot CPUs ...
[    6.029345] CPU1 is up
[    6.029973] CPU2 is up
[    6.030664] CPU3 is up
[    6.071510] cros-ec-spi spi0.0: spi transfer failed: -121
[    6.082609] mmc1: Switching to 3.3V signalling voltage failed
[    6.139846] tegra-sor 54540000.sor: failed to probe output: -517
[    6.140018] panel-simple panel: panel supply power not found, using dummy regulator
[    6.187565] OOM killer enabled.
[    6.190730] Restarting tasks ... done.
[    6.195147] PM: suspend exit
root@(none):/# 
root@(none):/# rtcwake -d rtc1 -m mem -s 3
rtcwake: assuming RTC uses UTC ...
rtcwake: wakeup from "mem" using /dev/rtc1 at Thu Jan  1 00:00:32 1970
[    6.637470] PM: suspend entry (deep)
[    6.641069] PM: Syncing filesystems ... done.
[    6.646805] Freezing user space processes ... (elapsed 0.001 seconds) done.
[    6.654929] OOM killer disabled.
[    6.658164] Freezing remaining freezable tasks ... (elapsed 0.001 seconds) done.
[    6.666696] Suspending console(s) (use no_console_suspend to debug)
[    6.851006] Disabling non-boot CPUs ...
[    6.998372] Entering suspend state LP1
[    6.998398] Enabling non-boot CPUs ...
[    6.999164] CPU1 is up
[    6.999786] CPU2 is up
[    7.000482] CPU3 is up
[    7.041891] cros-ec-spi spi0.0: spi transfer failed: -121
[    7.052997] mmc1: Switching to 3.3V signalling voltage failed
[    7.111262] tegra-sor 54540000.sor: failed to probe output: -517
[    7.111436] panel-simple panel: panel supply power not found, using dummy regulator
[    7.154910] OOM killer enabled.
[    7.158075] Restarting tasks ... done.
[    7.162305] PM: suspend exit
root@(none):/# 
root@(none):/# rtcwake -d rtc1 -m mem -s 3
rtcwake: assuming RTC uses UTC ...
rtcwake: wakeup from "mem" using /dev/rtc1 at Thu Jan  1 00:00:36 1970
[    7.606566] PM: suspend entry (deep)
[    7.610153] PM: Syncing filesystems ... done.
[    7.615608] Freezing user space processes ... (elapsed 0.001 seconds) done.
[    7.623727] OOM killer disabled.
[    7.626943] Freezing remaining freezable tasks ... (elapsed 0.001 seconds) done.
[    7.635479] Suspending console(s) (use no_console_suspend to debug)
[    7.820983] Disabling non-boot CPUs ...
[    7.968347] Entering suspend state LP1
[    7.968372] Enabling non-boot CPUs ...
[    7.969142] CPU1 is up
[    7.969782] CPU2 is up
[    7.970476] CPU3 is up
[    8.012156] cros-ec-spi spi0.0: spi transfer failed: -121
[    8.023225] mmc1: Switching to 3.3V signalling voltage failed
[    8.080454] tegra-sor 54540000.sor: failed to probe output: -517
[    8.080627] panel-simple panel: panel supply power not found, using dummy regulator
[    8.124043] OOM killer enabled.
[    8.127173] Restarting tasks ... done.
[    8.131687] PM: suspend exit
root@(none):/# 
root@(none):/# rtcwake -d rtc1 -m mem -s 3
rtcwake: assuming RTC uses UTC ...
rtcwake: wakeup from "mem" using /dev/rtc1 at Thu Jan  1 00:00:40 1970
[    8.576508] PM: suspend entry (deep)
[    8.580140] PM: Syncing filesystems ... done.
[    8.585860] Freezing user space processes ... (elapsed 0.001 seconds) done.
[    8.593952] OOM killer disabled.
[    8.597172] Freezing remaining freezable tasks ... (elapsed 0.001 seconds) done.
[    8.605723] Suspending console(s) (use no_console_suspend to debug)
[    8.790961] Disabling non-boot CPUs ...
[    8.938378] Entering suspend state LP1
[    8.938403] Enabling non-boot CPUs ...
[    8.939170] CPU1 is up
[    8.939808] CPU2 is up
[    8.940501] CPU3 is up
[    8.981591] cros-ec-spi spi0.0: spi transfer failed: -121
[    8.992822] mmc1: Switching to 3.3V signalling voltage failed
[    9.049324] tegra-sor 54540000.sor: failed to probe output: -517
[    9.049496] panel-simple panel: panel supply power not found, using dummy regulator
[    9.092918] OOM killer enabled.
[    9.096048] Restarting tasks ... done.
[    9.100270] PM: suspend exit
root@(none):/# 
root@(none):/# rtcwake -d rtc1 -m mem -s 3
rtcwake: assuming RTC uses UTC ...
rtcwake: wakeup from "mem" using /dev/rtc1 at Thu Jan  1 00:00:44 1970
[    9.546997] PM: suspend entry (deep)
[    9.550586] PM: Syncing filesystems ... done.
[    9.556216] Freezing user space processes ... (elapsed 0.001 seconds) done.
[    9.564356] OOM killer disabled.
[    9.567572] Freezing remaining freezable tasks ... (elapsed 0.001 seconds) done.
[    9.576108] Suspending console(s) (use no_console_suspend to debug)
[    9.760941] Disabling non-boot CPUs ...
[    9.908310] Entering suspend state LP1
[    9.908336] Enabling non-boot CPUs ...
[    9.909110] CPU1 is up
[    9.909746] CPU2 is up
[    9.910441] CPU3 is up
[    9.952112] cros-ec-spi spi0.0: spi transfer failed: -121
[    9.963202] mmc1: Switching to 3.3V signalling voltage failed
[   10.998313] tegra-sor 54540000.sor: failed to probe output: -517
[   10.998485] panel-simple panel: panel supply power not found, using dummy regulator
[   11.041945] OOM killer enabled.
[   11.045075] Restarting tasks ... done.
[   11.049503] PM: suspend exit
root@(none):/# 
root@(none):/# rtcwake -d rtc1 -m mem -s 3
rtcwake: assuming RTC uses UTC ...
rtcwake: wakeup from "mem" using /dev/rtc1 at Thu Jan  1 00:00:49 1970
[   11.517514] PM: suspend entry (deep)
[   11.521104] PM: Syncing filesystems ... done.
[   11.526639] Freezing user space processes ... (elapsed 0.001 seconds) done.
[   11.534763] OOM killer disabled.
[   11.537998] Freezing remaining freezable tasks ... (elapsed 0.001 seconds) done.
[   11.546472] Suspending console(s) (use no_console_suspend to debug)
[   11.730576] Disabling non-boot CPUs ...
[   11.898313] Entering suspend state LP1
[   11.898339] Enabling non-boot CPUs ...
[   11.899108] CPU1 is up
[   11.899731] CPU2 is up
[   11.900421] CPU3 is up
[   11.942021] cros-ec-spi spi0.0: spi transfer failed: -121
[   11.953061] mmc1: Switching to 3.3V signalling voltage failed
[   12.018413] tegra-sor 54540000.sor: failed to probe output: -517
[   12.018631] panel-simple panel: panel supply power not found, using dummy regulator
[   12.054484] OOM killer enabled.
[   12.057665] Restarting tasks ... done.
[   12.061822] PM: suspend exit
root@(none):/# 
root@(none):/# rtcwake -d rtc1 -m mem -s 3
rtcwake: assuming RTC uses UTC ...
rtcwake: wakeup from "mem" using /dev/rtc1 at Thu Jan  1 00:00:53 1970
[   12.506553] PM: suspend entry (deep)
[   12.510140] PM: Syncing filesystems ... done.
[   12.515771] Freezing user space processes ... (elapsed 0.001 seconds) done.
[   12.523912] OOM killer disabled.
[   12.527128] Freezing remaining freezable tasks ... (elapsed 0.001 seconds) done.
[   12.535667] Suspending console(s) (use no_console_suspend to debug)
[   12.720894] Disabling non-boot CPUs ...
[   12.888285] Entering suspend state LP1
[   12.888311] Enabling non-boot CPUs ...
[   12.889083] CPU1 is up
[   12.889723] CPU2 is up
[   12.890416] CPU3 is up
[   12.931519] cros-ec-spi spi0.0: spi transfer failed: -121
[   12.942631] mmc1: Switching to 3.3V signalling voltage failed
[   12.997826] tegra-sor 54540000.sor: failed to probe output: -517
[   12.997997] panel-simple panel: panel supply power not found, using dummy regulator
[   13.041402] OOM killer enabled.
[   13.044531] Restarting tasks ... done.
[   13.048740] PM: suspend exit
root@(none):/# 
root@(none):/# rtcwake -d rtc1 -m mem -s 3
rtcwake: assuming RTC uses UTC ...
rtcwake: wakeup from "mem" using /dev/rtc1 at Thu Jan  1 00:00:57 1970
[   13.496830] PM: suspend entry (deep)
[   13.500419] PM: Syncing filesystems ... done.
[   13.506047] Freezing user space processes ... (elapsed 0.001 seconds) done.
[   13.514120] OOM killer disabled.
[   13.517337] Freezing remaining freezable tasks ... (elapsed 0.001 seconds) done.
[   13.525874] Suspending console(s) (use no_console_suspend to debug)
[   13.710880] Disabling non-boot CPUs ...
[   13.858235] Entering suspend state LP1
[   13.858260] Enabling non-boot CPUs ...
[   13.859028] CPU1 is up
[   13.859659] CPU2 is up
[   13.860357] CPU3 is up
[   13.901666] cros-ec-spi spi0.0: spi transfer failed: -121
[   13.912731] mmc1: Switching to 3.3V signalling voltage failed
[   13.968046] tegra-sor 54540000.sor: failed to probe output: -517
[   13.968219] panel-simple panel: panel supply power not found, using dummy regulator
[   14.011604] OOM killer enabled.
[   14.014734] Restarting tasks ... done.
[   14.018955] PM: suspend exit
root@(none):/# 
root@(none):/# rtcwake -d rtc1 -m mem -s 3
rtcwake: assuming RTC uses UTC ...
rtcwake: wakeup from "mem" using /dev/rtc1 at Thu Jan  1 00:01:01 1970
[   14.466394] PM: suspend entry (deep)
[   14.469981] PM: Syncing filesystems ... done.
[   14.475589] Freezing user space processes ... (elapsed 0.001 seconds) done.
[   14.483718] OOM killer disabled.
[   14.486934] Freezing remaining freezable tasks ... (elapsed 0.001 seconds) done.
[   14.495473] Suspending console(s) (use no_console_suspend to debug)
[   14.680922] Disabling non-boot CPUs ...
[   14.827720] IRQ17 no longer affine to CPU3
[   14.828224] Entering suspend state LP1
[   14.828249] Enabling non-boot CPUs ...
[   14.829021] CPU1 is up
[   14.829661] CPU2 is up
[   14.830350] CPU3 is up
[   14.871556] cros-ec-spi spi0.0: spi transfer failed: -121
[   14.882804] mmc1: Switching to 3.3V signalling voltage failed
[   14.939616] tegra-sor 54540000.sor: failed to probe output: -517
[   14.939789] panel-simple panel: panel supply power not found, using dummy regulator
[   14.987365] OOM killer enabled.
[   14.990527] Restarting tasks ... done.
[   14.994702] PM: suspend exit
root@(none):/# 
root@(none):/# rtcwake -d rtc1 -m mem -s 3
rtcwake: assuming RTC uses UTC ...
rtcwake: wakeup from "mem" using /dev/rtc1 at Thu Jan  1 00:01:05 1970
[   15.436305] PM: suspend entry (deep)
[   15.439892] PM: Syncing filesystems ... done.
[   15.445417] Freezing user space processes ... (elapsed 0.001 seconds) done.
[   15.453475] OOM killer disabled.
[   15.456691] Freezing remaining freezable tasks ... (elapsed 0.001 seconds) done.
[   15.465230] Suspending console(s) (use no_console_suspend to debug)
[   15.650784] Disabling non-boot CPUs ...
[   15.737720] IRQ17 no longer affine to CPU2
[   15.798189] Entering suspend state LP1
[   15.798214] Enabling non-boot CPUs ...
[   15.798985] CPU1 is up
[   15.799625] CPU2 is up
[   15.800320] CPU3 is up
[   15.841473] cros-ec-spi spi0.0: spi transfer failed: -121
[   15.852739] mmc1: Switching to 3.3V signalling voltage failed
[   15.909663] tegra-sor 54540000.sor: failed to probe output: -517
[   15.909836] panel-simple panel: panel supply power not found, using dummy regulator
[   15.957283] OOM killer enabled.
[   15.960425] Restarting tasks ... done.
[   15.964565] PM: suspend exit
root@(none):/# 
root@(none):/# NVTB SYSTEM SUSPEND TEST COMPLETE
