
U-Boot SPL 2014.01-00219-gc4d376f (Feb 18 2014 - 19:57:32)


U-Boot 2014.01-00219-gc4d376f (Feb 18 2014 - 19:57:32)

TEGRA114
Board: NVIDIA Dalmore
I2C:   ready
DRAM:  2 GiB
MMC:   Tegra SD/MMC: 0, Tegra SD/MMC: 1
In:    serial
Out:   serial
Err:   serial
Net:   Net Initialization Skipped
No ethernet found.
Hit any key to stop autoboot:  2  0 
Tegra114 (Dalmore) # 
Tegra114 (Dalmore) # usb reset
(Re)start USB...
USB0:   USB EHCI 1.10
scanning bus 0 for devices... 2 USB Device(s) found
       scanning usb for storage devices... 0 Storage Device(s) found
       scanning usb for ethernet devices... 
Warning: asx0 using MAC address from net device
1 Ethernet Device(s) found
Tegra114 (Dalmore) # setenv bootargs 'ignore_loglevel console=ttyS0,115200n8 rw root=/dev/mmcblk0p1 rootwait gpt debug init=/bin/bash'
Tegra114 (Dalmore) # setenv ipaddr 192.168.100.100; setenv serverip 192.168.100.1; setenv tftpserverip 192.168.100.1
Tegra114 (Dalmore) # tftpboot 0x81000000 zImage.multi_v7_defconfig
Using asx0 device
TFTP from server 192.168.100.1; our IP address is 192.168.100.100
Filename 'zImage.multi_v7_defconfig'.
Load address: 0x81000000
Loading: *#################################################################
	 #################################################################
	 #################################################################
	 #################################################################
	 #################################################################
	 #################################################################
	 ##########################
	 3.3 MiB/s
done
Bytes transferred = 6105288 (5d28c8 hex)
Tegra114 (Dalmore) # tftpboot 0x82000000 tegra114-dalmore.dtb
Using asx0 device
TFTP from server 192.168.100.1; our IP address is 192.168.100.100
Filename 'tegra114-dalmore.dtb'.
Load address: 0x82000000
Loading: *###
	 3 MiB/s
done
Bytes transferred = 34638 (874e hex)
Tegra114 (Dalmore) # bootz 0x81000000 - 0x82000000
Kernel image @ 0x81000000 [ 0x000000 - 0x5d28c8 ]
## Flattened Device Tree blob at 82000000
   Booting using the fdt blob at 0x82000000
   Loading Device Tree to 8fff4000, end 8ffff74d ... OK

Starting kernel ...

[    0.000000] Booting Linux on physical CPU 0x0
[    0.000000] Linux version 4.0.0-rc1-next-20150303-119967-g3d2f3b1 (pwalmsley@tamien) (gcc version 4.7.3 20130328 (prerelease) (crosstool-NG linaro-1.13.1-4.7-2013.04-20130415 - Linaro GCC 2013.04) ) #1 SMP Mon Mar 2 22:49:41 PST 2015
[    0.000000] CPU: ARMv7 Processor [412fc0f2] revision 2 (ARMv7), cr=10c5387d
[    0.000000] CPU: PIPT / VIPT nonaliasing data cache, PIPT instruction cache
[    0.000000] Machine model: NVIDIA Tegra114 Dalmore evaluation board
[    0.000000] debug: ignoring loglevel setting.
[    0.000000] cma: Reserved 64 MiB at 0xfb800000
[    0.000000] Memory policy: Data cache writealloc
[    0.000000] On node 0 totalpages: 524032
[    0.000000] free_area_init_node: node 0, pgdat c0ed9e40, node_mem_map ee7f8000
[    0.000000]   DMA zone: 1520 pages used for memmap
[    0.000000]   DMA zone: 0 pages reserved
[    0.000000]   DMA zone: 194560 pages, LIFO batch:31
[    0.000000]   HighMem zone: 329472 pages, LIFO batch:31
[    0.000000] PERCPU: Embedded 11 pages/cpu @ee7a7000 s12608 r8192 d24256 u45056
[    0.000000] pcpu-alloc: s12608 r8192 d24256 u45056 alloc=11*4096
[    0.000000] pcpu-alloc: [0] 0 [0] 1 [0] 2 [0] 3 
[    0.000000] Built 1 zonelists in Zone order, mobility grouping on.  Total pages: 522512
[    0.000000] Kernel command line: ignore_loglevel console=ttyS0,115200n8 rw root=/dev/mmcblk0p1 rootwait gpt debug init=/bin/bash
[    0.000000] PID hash table entries: 4096 (order: 2, 16384 bytes)
[    0.000000] Dentry cache hash table entries: 131072 (order: 7, 524288 bytes)
[    0.000000] Inode-cache hash table entries: 65536 (order: 6, 262144 bytes)
[    0.000000] Memory: 1999576K/2096128K available (7835K kernel code, 1047K rwdata, 3444K rodata, 804K init, 314K bss, 31016K reserved, 65536K cma-reserved, 1252352K highmem)
[    0.000000] Virtual kernel memory layout:
[    0.000000]     vector  : 0xffff0000 - 0xffff1000   (   4 kB)
[    0.000000]     fixmap  : 0xffc00000 - 0xfff00000   (3072 kB)
[    0.000000]     vmalloc : 0xf0000000 - 0xff000000   ( 240 MB)
[    0.000000]     lowmem  : 0xc0000000 - 0xef800000   ( 760 MB)
[    0.000000]     pkmap   : 0xbfe00000 - 0xc0000000   (   2 MB)
[    0.000000]     modules : 0xbf000000 - 0xbfe00000   (  14 MB)
[    0.000000]       .text : 0xc0208000 - 0xc0d0cd28   (11284 kB)
[    0.000000]       .init : 0xc0d0d000 - 0xc0dd6000   ( 804 kB)
[    0.000000]       .data : 0xc0dd6000 - 0xc0edbdc0   (1048 kB)
[    0.000000]        .bss : 0xc0edbdc0 - 0xc0f2a928   ( 315 kB)
[    0.000000] SLUB: HWalign=64, Order=0-3, MinObjects=0, CPUs=4, Nodes=1
[    0.000000] Hierarchical RCU implementation.
[    0.000000] 	Additional per-CPU info printed with stalls.
[    0.000000] 	RCU restricting CPUs from NR_CPUS=8 to nr_cpu_ids=4.
[    0.000000] RCU: Adjusting geometry for rcu_fanout_leaf=16, nr_cpu_ids=4
[    0.000000] NR_IRQS:16 nr_irqs:16 16
[    0.000000] L2C: failed to init: -19
[    0.000010] sched_clock: 32 bits at 1000kHz, resolution 1000ns, wraps every 2147483648000ns
[    0.000031] Switching to timer-based delay loop, resolution 1000ns
[    0.002630] Architected cp15 timer(s) running at 12.00MHz (virt).
[    0.002652] sched_clock: 56 bits at 12MHz, resolution 83ns, wraps every 2863311536128ns
[    0.002666] Switching to timer-based delay loop, resolution 83ns
[    0.003008] Console: colour dummy device 80x30
[    0.003032] Calibrating delay loop (skipped), value calculated using timer frequency.. 24.00 BogoMIPS (lpj=60000)
[    0.003047] pid_max: default: 32768 minimum: 301
[    0.003160] Mount-cache hash table entries: 2048 (order: 1, 8192 bytes)
[    0.003172] Mountpoint-cache hash table entries: 2048 (order: 1, 8192 bytes)
[    0.003776] CPU: Testing write buffer coherency: ok
[    0.003980] /cpus/cpu@0 missing clock-frequency property
[    0.004009] /cpus/cpu@1 missing clock-frequency property
[    0.004036] /cpus/cpu@2 missing clock-frequency property
[    0.004065] /cpus/cpu@3 missing clock-frequency property
[    0.004077] CPU0: thread -1, cpu 0, socket 0, mpidr 80000000
[    0.004124] Setting up static identity map for 0x80968e10 - 0x80968ea8
[    0.006237] Tegra Revision: A01 SKU: 0 CPU Process: 1 Core Process: 0
[    0.007291] CPU1: thread -1, cpu 1, socket 0, mpidr 80000001
[    0.007845] CPU2: thread -1, cpu 2, socket 0, mpidr 80000002
[    0.008356] CPU3: thread -1, cpu 3, socket 0, mpidr 80000003
[    0.008421] Brought up 4 CPUs
[    0.008442] SMP: Total of 4 processors activated (96.00 BogoMIPS).
[    0.008450] CPU: All CPU(s) started in SVC mode.
[    0.008991] devtmpfs: initialized
[    0.010009] VFP support v0.3: implementor 41 architecture 4 part 30 variant f rev 0
[    0.012085] pinctrl core: initialized pinctrl subsystem
[    0.023921] NET: Registered protocol family 16
[    0.026067] DMA: preallocated 256 KiB pool for atomic coherent allocations
[    0.042529] cpuidle: using governor ladder
[    0.057549] cpuidle: using governor menu
[    0.071614] No ATAGs?
[    0.071648] hw-breakpoint: found 5 (+1 reserved) breakpoint and 4 watchpoint registers.
[    0.071659] hw-breakpoint: maximum watchpoint size is 8 bytes.
[    0.074895] Serial: AMBA PL011 UART driver
[    0.101401] dvdd_ts: Failed to request enable GPIO61: -517
[    0.101521] reg-fixed-voltage regulators:regulator@1: Failed to register regulator: -517
[    0.101544] platform regulators:regulator@1: Driver reg-fixed-voltage requests probe deferral
[    0.101733] usb1_vbus: Failed to request enable GPIO108: -517
[    0.101840] reg-fixed-voltage regulators:regulator@3: Failed to register regulator: -517
[    0.101861] platform regulators:regulator@3: Driver reg-fixed-voltage requests probe deferral
[    0.102046] usb2_vbus: Failed to request enable GPIO86: -517
[    0.102149] reg-fixed-voltage regulators:regulator@4: Failed to register regulator: -517
[    0.102169] platform regulators:regulator@4: Driver reg-fixed-voltage requests probe deferral
[    0.102358] reg-fixed-voltage regulators:regulator@5: Failed to find supply vin
[    0.102465] reg-fixed-voltage regulators:regulator@5: Failed to register regulator: -517
[    0.102485] platform regulators:regulator@5: Driver reg-fixed-voltage requests probe deferral
[    0.102563] platform regulators:regulator@6: Driver reg-fixed-voltage requests probe deferral
[    0.102768] VDD_5V0_HDMI_CON: Failed to request enable GPIO81: -517
[    0.102871] reg-fixed-voltage regulators:regulator@7: Failed to register regulator: -517
[    0.102892] platform regulators:regulator@7: Driver reg-fixed-voltage requests probe deferral
[    0.105368] vgaarb: loaded
[    0.106116] SCSI subsystem initialized
[    0.106314] libata version 3.00 loaded.
[    0.106666] usbcore: registered new interface driver usbfs
[    0.106737] usbcore: registered new interface driver hub
[    0.106811] usbcore: registered new device driver usb
[    0.110236] tps65090 2-0048: No cache defaults, reading back from HW
[    0.112326] vdd-sys-5v0: supplied by vdd_ac_bat
[    0.113404] vdd-sys-3v3: supplied by vdd_ac_bat
[    0.114445] vdd-ao: supplied by vdd_ac_bat
[    0.114807] vdd-lcd-bl: supplied by vdd_ac_bat
[    0.115172] TPS65090_RAILSFET2: supplied by vdd_ac_bat
[    0.115533] vdd-modem-3v3: supplied by vdd-sys-3v3
[    0.116043] avdd-lcd: supplied by vdd-sys-3v3
[    0.116558] vdd-lvds: supplied by vdd-sys-3v3
[    0.117378] vdd-sd-slot: supplied by vdd-sys-3v3
[    0.117905] vdd-com-3v3: supplied by vdd-sys-3v3
[    0.118428] vdd-sby-5v0: supplied by vdd_ac_bat
[    0.118628] vdd-sby-3v3: supplied by vdd_ac_bat
[    0.119248] genirq: Setting trigger mode 8 for irq 341 failed (gic_set_type+0x0/0x9c)
[    0.119269] palmas 2-0058: Irq flag is 0x00000000
[    0.122461] palmas 2-0058: Muxing GPIO ff, PWM 0, LED 0
[    0.125205] vddio-ddr: supplied by vdd-ao
[    0.126768] vddio-1v8: supplied by vdd-ao
[    0.128506] vdd-core: supplied by vdd-sys-3v3
[    0.131150] avdd-pll: supplied by vdd-sys-3v3
[    0.133292] sdhci-vdd-sd-slot: ramp_delay not set
[    0.133478] sdhci-vdd-sd-slot: supplied by vdd-sys-3v3
[    0.135249] avdd-cam1: supplied by vdd-sys-3v3
[    0.136352] avdd-cam2: supplied by vdd-sys-3v3
[    0.137448] avdd-dsi-csi: supplied by vddio-1v8
[    0.138571] vpp-fuse: supplied by vdd-sys-3v3
[    0.139670] LDO5: supplied by vdd_ac_bat
[    0.140910] vdd-sensor-2v85: supplied by vdd-sys-3v3
[    0.142004] vdd-af-cam1: supplied by vdd-sys-3v3
[    0.147768] vdd-rtc: supplied by vdd-ao
[    0.152939] vddio-sdmmc-2: supplied by sdhci-vdd-sd-slot
[    0.154035] hvdd-usb: supplied by vdd-sys-5v0
[    0.157794] avdd-usb: supplied by vdd-sys-5v0
[    0.160840] media: Linux media interface: v0.10
[    0.160908] Linux video capture interface: v2.00
[    0.160960] pps_core: LinuxPPS API ver. 1 registered
[    0.160969] pps_core: Software ver. 5.3.6 - Copyright 2005-2007 Rodolfo Giometti <giometti@linux.it>
[    0.161000] PTP clock support registered
[    0.161257] EDAC MC: Ver: 3.0.0
[    0.162413] Advanced Linux Sound Architecture Driver Initialized.
[    0.163616] Switched to clocksource arch_sys_counter
[    0.174901] NET: Registered protocol family 2
[    0.175505] TCP established hash table entries: 8192 (order: 3, 32768 bytes)
[    0.175596] TCP bind hash table entries: 8192 (order: 4, 65536 bytes)
[    0.175784] TCP: Hash tables configured (established 8192 bind 8192)
[    0.175836] UDP hash table entries: 512 (order: 2, 16384 bytes)
[    0.175878] UDP-Lite hash table entries: 512 (order: 2, 16384 bytes)
[    0.176052] NET: Registered protocol family 1
[    0.176309] RPC: Registered named UNIX socket transport module.
[    0.176319] RPC: Registered udp transport module.
[    0.176327] RPC: Registered tcp transport module.
[    0.176335] RPC: Registered tcp NFSv4.1 backchannel transport module.
[    0.176359] PCI: CLS 0 bytes, default 64
[    0.178807] futex hash table entries: 1024 (order: 4, 65536 bytes)
[    0.191348] squashfs: version 4.0 (2009/01/31) Phillip Lougher
[    0.192359] NFS: Registering the id_resolver key type
[    0.192400] Key type id_resolver registered
[    0.192409] Key type id_legacy registered
[    0.192499] ntfs: driver 2.1.31 [Flags: R/O].
[    0.193705] bounce: pool size: 64 pages
[    0.193920] Block layer SCSI generic (bsg) driver version 0.4 loaded (major 248)
[    0.193935] io scheduler noop registered
[    0.193948] io scheduler deadline registered
[    0.194157] io scheduler cfq registered (default)
[    0.218210] tegra-apbdma 6000a000.dma: Tegra20 APB DMA driver register 32 channels
[    0.218962] tegra-pmc 7000e400.pmc: i2c-thermtrip node not found, emergency thermal reset disabled.
[    0.286210] Serial: 8250/16550 driver, 4 ports, IRQ sharing disabled
[    0.288494] SuperH (H)SCI(F) driver initialized
[    0.289250] msm_serial: driver initialized
[    0.290193] console [ttyS0] disabled
[    0.290229] 70006300.serial: ttyS0 at MMIO 0x70006300 (irq = 329, base_baud = 25500000) is a Tegra
[    1.255062] console [ttyS0] enabled
[    1.259327] STMicroelectronics ASC driver initialized
[    1.266376] [drm] Initialized drm 1.1.0 20060810
[    1.274300] tegra-hdmi 54280000.hdmi: failed to get HDMI regulator
[    1.280510] platform 54280000.hdmi: Driver tegra-hdmi requests probe deferral
[    1.295067] loop: module loaded
[    1.304194] m25p80 spi32766.0: w25q32dw (4096 Kbytes)
[    1.312578] CAN device driver interface
[    1.317533] igb: Intel(R) Gigabit Ethernet Network Driver - version 5.2.15-k
[    1.324586] igb: Copyright (c) 2007-2014 Intel Corporation.
[    1.332186] pegasus: v0.9.3 (2013/04/25), Pegasus/Pegasus II USB Ethernet driver
[    1.339649] usbcore: registered new interface driver pegasus
[    1.345388] usbcore: registered new interface driver asix
[    1.350853] usbcore: registered new interface driver ax88179_178a
[    1.357004] usbcore: registered new interface driver cdc_ether
[    1.362915] usbcore: registered new interface driver smsc75xx
[    1.368742] usbcore: registered new interface driver smsc95xx
[    1.374546] usbcore: registered new interface driver net1080
[    1.380261] usbcore: registered new interface driver cdc_subset
[    1.386235] usbcore: registered new interface driver zaurus
[    1.391904] usbcore: registered new interface driver cdc_ncm
[    1.398655] ehci_hcd: USB 2.0 'Enhanced' Host Controller (EHCI) Driver
[    1.405194] ehci-pci: EHCI PCI platform driver
[    1.409705] ehci-platform: EHCI generic platform driver
[    1.415132] ehci-omap: OMAP-EHCI Host Controller driver
[    1.420510] ehci-orion: EHCI orion driver
[    1.424671] SPEAr-ehci: EHCI SPEAr driver
[    1.428828] ehci-st: EHCI STMicroelectronics driver
[    1.433852] ehci-exynos: EHCI EXYNOS driver
[    1.438181] tegra-ehci: Tegra EHCI driver
[    1.442444] platform 7d008000.usb: Driver tegra-ehci requests probe deferral
[    1.449578] ohci_hcd: USB 1.1 'Open' Host Controller (OHCI) Driver
[    1.455779] ohci-pci: OHCI PCI platform driver
[    1.460284] ohci-platform: OHCI generic platform driver
[    1.465674] ohci-omap3: OHCI OMAP3 driver
[    1.469828] SPEAr-ohci: OHCI SPEAr driver
[    1.473985] ohci-st: OHCI STMicroelectronics driver
[    1.479087] usbcore: registered new interface driver usb-storage
[    1.485341] platform 7d008000.usb-phy: Driver tegra-phy requests probe deferral
[    1.494434] mousedev: PS/2 mouse device common for all mice
[    1.504997] palmas-rtc 7000d000.i2c:tps65913@58:rtc: rtc core: registered 7000d000.i2c:tps659 as rtc0
[    1.515986] tegra_rtc 7000e000.rtc: rtc core: registered 7000e000.rtc as rtc1
[    1.523171] tegra_rtc 7000e000.rtc: Tegra internal Real Time Clock
[    1.529906] i2c /dev entries driver
[    1.535901] usbcore: registered new interface driver uvcvideo
[    1.541656] USB Video Class driver (1.1.1)
[    1.545765] gspca_main: v2.14.0 registered
[    1.550549] sbs-battery 0-000b: sbs_probe: Failed to get device status
[    1.557095] sbs-battery: probe of 0-000b failed with error -121
[    1.571012] Driver 'mmcblk' needs updating - please use bus_type methods
[    1.577805] sdhci: Secure Digital Host Controller Interface driver
[    1.583989] sdhci: Copyright(c) Pierre Ossman
[    1.589555] Synopsys Designware Multimedia Card Interface Driver
[    1.596629] sdhci-pltfm: SDHCI platform and OF driver helper
[    1.602960] sdhci-tegra 78000400.sdhci: Got CD GPIO
[    1.607863] sdhci-tegra 78000400.sdhci: Got WP GPIO
[    1.613855] sdhci-tegra 78000400.sdhci: No vmmc regulator found
[    1.619782] sdhci-tegra 78000400.sdhci: No vqmmc regulator found
[    1.625800] mmc0: Invalid maximum block size, assuming 512 bytes
[    1.668759] mmc0: SDHCI controller on 78000400.sdhci [78000400.sdhci] using ADMA
[    1.676338] sdhci-tegra 78000600.sdhci: No vmmc regulator found
[    1.682271] sdhci-tegra 78000600.sdhci: No vqmmc regulator found
[    1.688278] mmc1: Invalid maximum block size, assuming 512 bytes
[    1.728635] mmc1: SDHCI controller on 78000600.sdhci [78000600.sdhci] using ADMA
[    1.741058] ledtrig-cpu: registered to indicate activity on CPUs
[    1.747325] usbcore: registered new interface driver usbhid
[    1.752916] usbhid: USB HID core driver
[    1.770333] usbcore: registered new interface driver snd-usb-audio
[    1.812577] mmc1: MAN_BKOPS_EN bit is not set
[    1.819893] mmc1: new high speed MMC card at address 0001
[    1.825672] mmcblk0: mmc1:0001 SEM32G 29.1 GiB 
[    1.830330] mmcblk0boot0: mmc1:0001 SEM32G partition 1 4.00 MiB
[    1.836369] mmcblk0boot1: mmc1:0001 SEM32G partition 2 4.00 MiB
[    1.842405] mmcblk0rpmb: mmc1:0001 SEM32G partition 3 4.00 MiB
[    1.850752]  mmcblk0: p1 p2 p3 p4 p5 p6 p7 p8
[    2.191416] tegra30-i2s 70080400.i2s: DMA channels sourced from device 70080000.ahub
[    2.207893] tegra-snd-rt5640 sound: rt5640-aif1 <-> 70080400.i2s mapping ok
[    2.218362] input: NVIDIA Tegra Dalmore Headphones as /devices/soc0/sound/sound/card0/input0
[    2.228215] NET: Registered protocol family 17
[    2.232690] can: controller area network core (rev 20120528 abi 9)
[    2.238942] NET: Registered protocol family 29
[    2.243387] can: raw protocol (rev 20120528)
[    2.247670] can: broadcast manager protocol (rev 20120528 t)
[    2.253343] can: netlink gateway (rev 20130117) max_hops=1
[    2.259237] Key type dns_resolver registered
[    2.264202] ThumbEE CPU extension supported.
[    2.268479] Registering SWP/SWPB emulation handler
[    2.275492] usb1_vbus: supplied by vdd-sys-5v0
[    2.280582] usb2_vbus: supplied by vdd-sys-5v0
[    2.286056] vdd_hdmi_5v0: supplied by vdd-sys-5v0
[    2.293853] VDD_5V0_HDMI_CON: supplied by vdd-sys-5v0
[    2.304262] [drm] Supports vblank timestamp caching Rev 2 (21.10.2013).
[    2.310914] [drm] No driver support for vblank timestamp query.
[    2.360319] Console: switching to colour frame buffer device 240x75
[    2.387813] drm drm: fb0:  frame buffer device
[    2.392269] drm drm: registered panic notifier
[    2.408661] [drm] Initialized tegra 0.0.0 20120330 on minor 0
[    2.415395] platform 7d008000.usb: Driver tegra-ehci requests probe deferral
[    2.424656] tegra-ehci 7d008000.usb: EHCI Host Controller
[    2.430089] tegra-ehci 7d008000.usb: new USB bus registered, assigned bus number 1
[    2.438015] tegra-ehci 7d008000.usb: irq 339, io mem 0x7d008000
[    2.453771] tegra-ehci 7d008000.usb: USB 2.0 started, EHCI 1.10
[    2.460804] hub 1-0:1.0: USB hub found
[    2.464650] hub 1-0:1.0: 1 port detected
[    2.470520] input: gpio-keys as /devices/soc0/gpio-keys/input/input1
[    2.478992] palmas-rtc 7000d000.i2c:tps65913@58:rtc: setting system clock to 2000-08-08 02:11:27 UTC (965700687)
[    2.500374] vdd_cam_1v8_reg: disabling
[    2.504350] usb1_vbus: disabling
[    2.507584] dvdd_ts: disabling
[    2.513803] ALSA device list:
[    2.516772]   #0: NVIDIA Tegra Dalmore
[    2.522079] EXT4-fs (mmcblk0p1): mounting ext3 file system using the ext4 subsystem
[    2.548927] EXT4-fs (mmcblk0p1): recovery complete
[    2.553774] EXT4-fs (mmcblk0p1): mounted filesystem with ordered data mode. Opts: (null)
[    2.561901] VFS: Mounted root (ext3 filesystem) on device 179:1.
[    2.572969] devtmpfs: mounted
[    2.576620] Freeing unused kernel memory: 804K (c0d0d000 - c0dd6000)
bash: cannot set terminal process group (-1): Inappropriate ioctl for device
bash: no job control in this shell
root@(none):/# [    2.778773] usb 1-1: new high-speed USB device number 2 using tegra-ehci
