

U-Boot 2015.04-00466-gedec83e90172 (Mar 14 2016 - 10:42:01)

TEGRA124
Model: Acer Chromebook 13 CB5-311
DRAM:  4 GiB
C:   Tegra SD/MMC: 0, Tegra SD/MMC: 1, Tegra SD/MMC: 2
MMC init failed
Using default environment

In:    serial
Out:   serial
Err:   serial
Net:   Net Initialization Skipped
No ethernet found.
Hit any key to stop autoboot:  2  0 
Tegra124 (Nyan-big) # 
Tegra124 (Nyan-big) # usb start
starting USB...
USB0:   USB EHCI 1.10
scanning bus 0 for devices... 2 USB Device(s) found
USB1:   USB EHCI 1.10
scanning bus 1 for devices... 2 USB Device(s) found
       scanning usb for storage devices... 1 Storage Device(s) found
       scanning usb for ethernet devices... 
Warning: asx0 using MAC address from net device
1 Ethernet Device(s) found
Tegra124 (Nyan-big) # mw 0x7000e4a0 0x00080000
Tegra124 (Nyan-big) # setenv bootargs 'ignore_loglevel console=ttyS0,115200n8 rw root=PARTUUID=4d36e82a-b3c0-4b4b-bfcd-afe5217ac023 rootwait gpt debug noinitrd earlyprintk init=/bin/bash'
Tegra124 (Nyan-big) # setenv ipaddr 192.168.100.104; setenv serverip 192.168.100.1; setenv tftpserverip 192.168.100.1
Tegra124 (Nyan-big) # tftpboot 0x82000000 zImage.tegra_defconfig
Using asx0 device
TFTP from server 192.168.100.1; our IP address is 192.168.100.104
Filename 'zImage.tegra_defconfig'.
Load address: 0x82000000
Loading: *#################################################################
	 #################################################################
	 #################################################################
	 #################################################################
	 #################################################################
	 #################################################################
	 ##################################
	 3.3 MiB/s
done
Bytes transferred = 6211648 (5ec840 hex)
Tegra124 (Nyan-big) # tftpboot 0x83000000 tegra124-nyan-big.dtb
Using asx0 device
TFTP from server 192.168.100.1; our IP address is 192.168.100.104
Filename 'tegra124-nyan-big.dtb'.
Load address: 0x83000000
Loading: *#####
	 3.2 MiB/s
done
Bytes transferred = 67482 (1079a hex)
Tegra124 (Nyan-big) # bootz 0x82000000 - 0x83000000
Kernel image @ 0x82000000 [ 0x000000 - 0x5ec840 ]
## Flattened Device Tree blob at 83000000
   Booting using the fdt blob at 0x83000000
   Using Device Tree in place at 83000000, end 83013799

Starting kernel ...

[    0.000000] Booting Linux on physical CPU 0x0
[    0.000000] Linux version 4.15.0-rc8-next-20180116-25799-gfdddade (jonathanh@kaivo) (gcc version 4.7.3 20130328 (prerelease) (crosstool-NG linaro-1.13.1-4.7-2013.04-20130415 - Linaro GCC 2013.04)) #1 SMP PREEMPT Fri Jan 19 02:25:47 PST 2018
[    0.000000] CPU: ARMv7 Processor [413fc0f3] revision 3 (ARMv7), cr=10c5387d
[    0.000000] CPU: div instructions available: patching division code
[    0.000000] CPU: PIPT / VIPT nonaliasing data cache, PIPT instruction cache
[    0.000000] OF: fdt: Machine model: Acer Chromebook 13 CB5-311
[    0.000000] OF: fdt: Ignoring memory range 0x100000000 - 0x17ffff000
[    0.000000] debug: ignoring loglevel setting.
[    0.000000] bootconsole [earlycon0] enabled
[    0.000000] Memory policy: Data cache writealloc
[    0.000000] cma: Reserved 64 MiB at 0xfbc00000
[    0.000000] On node 0 totalpages: 524287
[    0.000000]   Normal zone: 1536 pages used for memmap
[    0.000000]   Normal zone: 0 pages reserved
[    0.000000]   Normal zone: 196608 pages, LIFO batch:31
[    0.000000]   HighMem zone: 327679 pages, LIFO batch:31
[    0.000000] random: fast init done
[    0.000000] percpu: Embedded 17 pages/cpu @(ptrval) s39104 r8192 d22336 u69632
[    0.000000] pcpu-alloc: s39104 r8192 d22336 u69632 alloc=17*4096
[    0.000000] pcpu-alloc: [0] 0 [0] 1 [0] 2 [0] 3 
[    0.000000] Built 1 zonelists, mobility grouping on.  Total pages: 522751
[    0.000000] Kernel command line: ignore_loglevel console=ttyS0,115200n8 rw root=PARTUUID=4d36e82a-b3c0-4b4b-bfcd-afe5217ac023 rootwait gpt debug noinitrd earlyprintk init=/bin/bash
[    0.000000] Dentry cache hash table entries: 131072 (order: 7, 524288 bytes)
[    0.000000] Inode-cache hash table entries: 65536 (order: 6, 262144 bytes)
[    0.000000] Memory: 1999512K/2097148K available (9216K kernel code, 781K rwdata, 2584K rodata, 1024K init, 298K bss, 32100K reserved, 65536K cma-reserved, 1245180K highmem)
[    0.000000] Virtual kernel memory layout:
[    0.000000]     vector  : 0xffff0000 - 0xffff1000   (   4 kB)
[    0.000000]     fixmap  : 0xffc00000 - 0xfff00000   (3072 kB)
[    0.000000]     vmalloc : 0xf0800000 - 0xff800000   ( 240 MB)
[    0.000000]     lowmem  : 0xc0000000 - 0xf0000000   ( 768 MB)
[    0.000000]     pkmap   : 0xbfe00000 - 0xc0000000   (   2 MB)
[    0.000000]     modules : 0xbf000000 - 0xbfe00000   (  14 MB)
[    0.000000]       .text : 0x(ptrval) - 0x(ptrval)   (10208 kB)
[    0.000000]       .init : 0x(ptrval) - 0x(ptrval)   (1024 kB)
[    0.000000]       .data : 0x(ptrval) - 0x(ptrval)   ( 782 kB)
[    0.000000]        .bss : 0x(ptrval) - 0x(ptrval)   ( 299 kB)
[    0.000000] Preemptible hierarchical RCU implementation.
[    0.000000] 	Tasks RCU enabled.
[    0.000000] NR_IRQS: 16, nr_irqs: 16, preallocated irqs: 16
[    0.000000] /interrupt-controller@60004000: 160 interrupts forwarded to /interrupt-controller@50041000
[    0.000000] Tegra clk 127: register failed with -17
[    0.000003] sched_clock: 32 bits at 1000kHz, resolution 1000ns, wraps every 2147483647500ns
[    0.008017] clocksource: timer_us: mask: 0xffffffff max_cycles: 0xffffffff, max_idle_ns: 1911260446275 ns
[    0.017549] Switching to timer-based delay loop, resolution 1000ns
[    0.024071] arch_timer: cp15 timer(s) running at 12.00MHz (virt).
[    0.029770] clocksource: arch_sys_counter: mask: 0xffffffffffffff max_cycles: 0x2c47f4ee7, max_idle_ns: 440795202497 ns
[    0.040517] sched_clock: 56 bits at 12MHz, resolution 83ns, wraps every 4398046511096ns
[    0.048488] Switching to timer-based delay loop, resolution 83ns
[    0.054661] Console: colour dummy device 80x30
[    0.058897] Calibrating delay loop (skipped), value calculated using timer frequency.. 24.00 BogoMIPS (lpj=120000)
[    0.069206] pid_max: default: 32768 minimum: 301
[    0.073969] Mount-cache hash table entries: 2048 (order: 1, 8192 bytes)
[    0.080388] Mountpoint-cache hash table entries: 2048 (order: 1, 8192 bytes)
[    0.087723] CPU: Testing write buffer coherency: ok
[    0.092398] /cpus/cpu@0 missing clock-frequency property
[    0.097552] /cpus/cpu@1 missing clock-frequency property
[    0.102848] /cpus/cpu@2 missing clock-frequency property
[    0.108125] /cpus/cpu@3 missing clock-frequency property
[    0.113407] CPU0: thread -1, cpu 0, socket 0, mpidr 80000000
[    0.153450] Setting up static identity map for 0x80100000 - 0x801000a0
[    0.158108] Hierarchical SRCU implementation.
[    0.173664] Tegra Revision: A01 SKU: 131 CPU Process: 1 SoC Process: 1
[    0.193452] smp: Bringing up secondary CPUs ...
[    0.243753] CPU1: thread -1, cpu 1, socket 0, mpidr 80000001
[    0.323779] CPU2: thread -1, cpu 2, socket 0, mpidr 80000002
[    0.403819] CPU3: thread -1, cpu 3, socket 0, mpidr 80000003
[    0.413595] smp: Brought up 1 node, 4 CPUs
[    0.432672] SMP: Total of 4 processors activated (96.00 BogoMIPS).
[    0.438831] CPU: All CPU(s) started in SVC mode.
[    0.444121] devtmpfs: initialized
[    0.453670] Built 1 zonelists, mobility grouping on.  Total pages: 516262
[    0.458715] VFP support v0.3: implementor 41 architecture 4 part 30 variant f rev 0
[    0.466345] clocksource: jiffies: mask: 0xffffffff max_cycles: 0xffffffff, max_idle_ns: 19112604462750000 ns
[    0.475960] futex hash table entries: 1024 (order: 4, 65536 bytes)
[    0.482243] pinctrl core: initialized pinctrl subsystem
[    0.487773] NET: Registered protocol family 16
[    0.492204] DMA: preallocated 256 KiB pool for atomic coherent allocations
[    0.499091] cpuidle: using governor menu
[    0.510056] No ATAGs?
[    0.510114] hw-breakpoint: found 5 (+1 reserved) breakpoint and 4 watchpoint registers.
[    0.518457] hw-breakpoint: maximum watchpoint size is 8 bytes.
[    0.525149] tegra-mc 70019000.memory-controller: no memory timings for RAM code 0 registered
[    0.532818] iommu: Adding device 50000000.host1x to group 0
[    0.538232] iommu: Adding device 54200000.dc to group 1
[    0.543432] iommu: Adding device 54240000.dc to group 1
[    0.548632] iommu: Adding device 57000000.gpu to group 2
[    0.559707] +5V_SYS: supplied by +VDD_MUX
[    0.561932] +3.3V_SYS: supplied by +VDD_MUX
[    0.566259] +VDD_LED: Failed to request enable GPIO122: -517
[    0.571593] reg-fixed-voltage regulators:regulator@5: Failed to register regulator: -517
[    0.579696] +5V_VDD_TS_SW: Failed to request enable GPIO81: -517
[    0.585633] reg-fixed-voltage regulators:regulator@6: Failed to register regulator: -517
[    0.593745] +5V_USB_HS: Failed to request enable GPIO108: -517
[    0.599499] reg-fixed-voltage regulators:regulator@7: Failed to register regulator: -517
[    0.607630] +5V_USB_SS: Failed to request enable GPIO109: -517
[    0.613366] reg-fixed-voltage regulators:regulator@8: Failed to register regulator: -517
[    0.621538] +1.05V_RUN_AVDD_HDMI_PLL: Failed to request enable GPIO63: -517
[    0.628359] reg-fixed-voltage regulators:regulator@11: Failed to register regulator: -517
[    0.636556] +5V_HDMI_CON: Failed to request enable GPIO86: -517
[    0.642399] reg-fixed-voltage regulators:regulator@12: Failed to register regulator: -517
[    0.650989] vgaarb: loaded
[    0.653502] SCSI subsystem initialized
[    0.660608] libata version 3.00 loaded.
[    0.662640] usbcore: registered new interface driver usbfs
[    0.668008] usbcore: registered new interface driver hub
[    0.673325] usbcore: registered new device driver usb
[    0.679537] Linux video capture interface: v2.00
[    0.682917] pps_core: LinuxPPS API ver. 1 registered
[    0.687841] pps_core: Software ver. 5.3.6 - Copyright 2005-2007 Rodolfo Giometti <giometti@linux.it>
[    0.696944] PTP clock support registered
[    0.700982] tegra-emc 7001b000.emc: no memory timings for RAM code 0 found in DT
[    0.708204] tegra-emc: probe of 7001b000.emc failed with error -2
[    0.714375] Advanced Linux Sound Architecture Driver Initialized.
[    0.720587] Bluetooth: Core ver 2.22
[    0.723904] NET: Registered protocol family 31
[    0.728312] Bluetooth: HCI device and connection manager initialized
[    0.734635] Bluetooth: HCI socket layer initialized
[    0.739492] Bluetooth: L2CAP socket layer initialized
[    0.744527] Bluetooth: SCO socket layer initialized
[    0.749611] clocksource: Switched to clocksource arch_sys_counter
[    0.787388] NET: Registered protocol family 2
[    0.790217] tcp_listen_portaddr_hash hash table entries: 512 (order: 0, 6144 bytes)
[    0.797476] TCP established hash table entries: 8192 (order: 3, 32768 bytes)
[    0.804521] TCP bind hash table entries: 8192 (order: 4, 65536 bytes)
[    0.810954] TCP: Hash tables configured (established 8192 bind 8192)
[    0.817393] UDP hash table entries: 512 (order: 2, 16384 bytes)
[    0.823130] UDP-Lite hash table entries: 512 (order: 2, 16384 bytes)
[    0.829557] NET: Registered protocol family 1
[    0.834064] RPC: Registered named UNIX socket transport module.
[    0.839671] RPC: Registered udp transport module.
[    0.844341] RPC: Registered tcp transport module.
[    0.849021] RPC: Registered tcp NFSv4.1 backchannel transport module.
[    0.855681] PCI: CLS 0 bytes, default 64
[    0.860039] hw perfevents: enabled with armv7_cortex_a15 PMU driver, 7 counters available
[    0.868138] Initialise system trusted keyrings
[    0.871985] workingset: timestamp_bits=30 max_order=19 bucket_order=0
[    0.878797] squashfs: version 4.0 (2009/01/31) Phillip Lougher
[    0.894412] NFS: Registering the id_resolver key type
[    0.897548] Key type id_resolver registered
[    0.901717] Key type id_legacy registered
[    0.907403] Key type asymmetric registered
[    0.909774] Asymmetric key parser 'x509' registered
[    0.914666] bounce: pool size: 64 pages
[    0.918456] io scheduler noop registered (default)
[    0.923204] io scheduler mq-deadline registered
[    0.927704] io scheduler kyber registered
[    0.932338] tegra-xusb-padctl 7009f000.padctl: failed to setup XUSB ports: -517
[    0.944799] tegra-apbdma 60020000.dma: Tegra20 APB DMA driver register 32 channels
[    0.950896] tegra-pmc 7000e400.pmc: i2c-thermtrip node not found, emergency thermal reset disabled.
[    0.959685] Serial: 8250/16550 driver, 4 ports, IRQ sharing disabled
[    0.966460] console [ttyS0] disabled
[    0.969357] 70006000.serial: ttyS0 at MMIO 0x70006000 (irq = 333, base_baud = 25500000) is a Tegra
[    0.978294] console [ttyS0] enabled
[    0.978294] console [ttyS0] enabled
[    0.984545] bootconsole [earlycon0] disabled
[    0.984545] bootconsole [earlycon0] disabled
[    1.010618] tegra-hdmi 54280000.hdmi: failed to get HDMI regulator
[    1.017090] tegra-dpaux 545c0000.dpaux: failed to get VDD supply: -517
[    1.024586] panel-simple panel: panel supply power not found, using dummy regulator
[    1.036041] loop: module loaded
[    1.039745] as3722 4-0040: AS3722 with revision 0x1 found
[    1.049814] as3722-sd2: supplied by +5V_SYS
[    1.054234] as3722-sd3: supplied by +5V_SYS
[    1.058569] +1.35V_LP0(sd3): Bringing 0uV into 1350000-1350000uV
[    1.064759] as3722-sd4: supplied by +5V_SYS
[    1.069093] +1.05V_RUN: Bringing 0uV into 1050000-1050000uV
[    1.074851] as3722-sd5: supplied by +5V_SYS
[    1.080451] as3722-ldo0: supplied by +1.35V_LP0(sd2)
[    1.086199] +1.8V_RUN_CAM: Bringing 0uV into 1800000-1800000uV
[    1.092224] as3722-ldo2: supplied by +1.8V_VDDIO
[    1.097849] as3722-ldo3: supplied by +3.3V_SYS
[    1.102310] +1.00V_LP0_VDD_RTC: Bringing 1100000uV into 1000000-1000000uV
[    1.109892] as3722-ldo4: supplied by +3.3V_SYS
[    1.114488] +3.3V_RUN_CAM: Bringing 0uV into 2800000-2800000uV
[    1.120518] as3722-ldo5: supplied by +1.8V_VDDIO
[    1.125290] +1.2V_RUN_CAM_FRONT: Bringing 0uV into 1200000-1200000uV
[    1.131987] +VDDIO_SDMMC3: Bringing 0uV into 1800000-1800000uV
[    1.138021] as3722-ldo7: supplied by +1.8V_VDDIO
[    1.142808] +1.05V_RUN_CAM_REAR: Bringing 0uV into 1050000-1050000uV
[    1.149361] as3722-ldo9: supplied by +5V_SYS
[    1.153941] +2.8V_RUN_TOUCH: Bringing 0uV into 2800000-2800000uV
[    1.160150] as3722-ldo10: supplied by +5V_SYS
[    1.164662] +2.8V_RUN_CAM_AF: Bringing 0uV into 2800000-2800000uV
[    1.171116] +1.8V_RUN_VPP_FUSE: Bringing 0uV into 1800000-1800000uV
[    1.193541] cros-ec-spi spi0.0: Chrome EC device registered
[    1.208364] m25p80 spi1.0: w25q32dw (4096 Kbytes)
[    1.213887] libphy: Fixed MDIO Bus: probed
[    1.217971] CAN device driver interface
[    1.221822] igb: Intel(R) Gigabit Ethernet Network Driver - version 5.4.0-k
[    1.228766] igb: Copyright (c) 2007-2014 Intel Corporation.
[    1.234381] pegasus: v0.9.3 (2013/04/25), Pegasus/Pegasus II USB Ethernet driver
[    1.241820] usbcore: registered new interface driver pegasus
[    1.247487] usbcore: registered new interface driver asix
[    1.252894] usbcore: registered new interface driver ax88179_178a
[    1.258988] usbcore: registered new interface driver cdc_ether
[    1.264842] usbcore: registered new interface driver smsc75xx
[    1.270605] usbcore: registered new interface driver smsc95xx
[    1.276353] usbcore: registered new interface driver net1080
[    1.282021] usbcore: registered new interface driver cdc_subset
[    1.287942] usbcore: registered new interface driver zaurus
[    1.293532] usbcore: registered new interface driver cdc_ncm
[    1.299267] ehci_hcd: USB 2.0 'Enhanced' Host Controller (EHCI) Driver
[    1.305787] ehci-pci: EHCI PCI platform driver
[    1.310243] tegra-ehci: Tegra EHCI driver
[    1.314509] usbcore: registered new interface driver cdc_acm
[    1.320160] cdc_acm: USB Abstract Control Model driver for USB modems and ISDN adapters
[    1.328163] usbcore: registered new interface driver cdc_wdm
[    1.333837] usbcore: registered new interface driver usb-storage
[    1.340500] input: cros_ec as /devices/soc0/7000d400.spi/spi_master/spi0/spi0.0/7000d400.spi:cros-ec@0:keyboard-controller/input/input0
[    1.360110] as3722-rtc as3722-rtc: rtc core: registered as3722-rtc as rtc0
[    1.366968] as3722-rtc as3722-rtc: RTC interrupt 372
[    1.373722] tegra_rtc 7000e000.rtc: rtc core: registered 7000e000.rtc as rtc1
[    1.380870] tegra_rtc 7000e000.rtc: Tegra internal Real Time Clock
[    1.387148] i2c /dev entries driver
[    1.391061] usbcore: registered new interface driver uvcvideo
[    1.396791] USB Video Class driver (1.1.1)
[    1.400884] gspca_main: v2.14.0 registered
[    1.405204] lm90 0-004c: 0-004c supply vcc not found, using dummy regulator
[    1.413870] tegra-wdt 60005000.timer: initialized (heartbeat = 120 sec, nowayout = 0)
[    1.422224] sdhci: Secure Digital Host Controller Interface driver
[    1.428387] sdhci: Copyright(c) Pierre Ossman
[    1.432743] sdhci-pltfm: SDHCI platform and OF driver helper
[    1.438516] sdhci-tegra 700b0000.sdhci: allocated mmc-pwrseq
[    1.452315] sdhci-tegra 700b0400.sdhci: Got CD GPIO
[    1.457187] sdhci-tegra 700b0400.sdhci: Got WP GPIO
[    1.477745] mmc0: Unknown controller version (3). You may experience problems.
[    1.484986] mmc0: Invalid maximum block size, assuming 512 bytes
[    1.521762] mmc0: SDHCI controller on 700b0600.sdhci [700b0600.sdhci] using ADMA
[    1.529474] usbcore: registered new interface driver usbhid
[    1.535151] usbhid: USB HID core driver
[    1.541267] tegra30-i2s 70301100.i2s: DMA channels sourced from device 70300000.ahub
[    1.589508] mmc0: new high speed MMC card at address 0001
[    1.595432] max98090 0-0010: MAX98090 REVID=0x43
[    1.596863] mmcblk0: mmc0:0001 MMC16G 14.4 GiB 
[    1.606134] max98090 0-0010: use default 2.8v micbias
[    1.606434] mmcblk0boot0: mmc0:0001 MMC16G partition 1 2.00 MiB
[    1.618965] mmcblk0boot1: mmc0:0001 MMC16G partition 2 2.00 MiB
[    1.624997] mmcblk0rpmb: mmc0:0001 MMC16G partition 3 128 KiB, chardev (247:0)
[    1.625185] tegra-snd-max98090 sound: HiFi <-> 70301100.i2s mapping ok
[    1.640193] input: GoogleNyanBig Headphones as /devices/soc0/sound/sound/card1/input1
[    1.641839]  mmcblk0: p1 p2 p3 p4 p5 p6 p7 p8 p9 p10 p11 p12
[    1.648173] input: GoogleNyanBig Mic Jack as /devices/soc0/sound/sound/card1/input2
[    1.662141] NET: Registered protocol family 10
[    1.667184] Segment Routing with IPv6
[    1.670913] mip6: Mobile IPv6
[    1.673872] sit: IPv6, IPv4 and MPLS over IPv4 tunneling driver
[    1.680326] NET: Registered protocol family 17
[    1.684763] NET: Registered protocol family 15
[    1.689193] can: controller area network core (rev 20170425 abi 9)
[    1.695440] NET: Registered protocol family 29
[    1.699878] can: raw protocol (rev 20170425)
[    1.704135] can: broadcast manager protocol (rev 20170425 t)
[    1.709791] can: netlink gateway (rev 20170425) max_hops=1
[    1.715333] Bluetooth: RFCOMM socket layer initialized
[    1.720476] Bluetooth: RFCOMM ver 1.11
[    1.724219] Bluetooth: BNEP (Ethernet Emulation) ver 1.3
[    1.729518] Bluetooth: BNEP socket layer initialized
[    1.734474] Bluetooth: HIDP (Human Interface Emulation) ver 1.2
[    1.740385] Bluetooth: HIDP socket layer initialized
[    1.745430] Key type dns_resolver registered
[    1.749894] Registering SWP/SWPB emulation handler
[    1.754929] Loading compiled-in X.509 certificates
[    1.766736] +3.3V_RUN: supplied by +3.3V_SYS
[    1.771742] +VDD_LED: supplied by +VDD_MUX
[    1.775939] +3.3V_AVDD_HDMI_AP_GATED: supplied by +3.3V_RUN
[    1.781611] +1.8V_RUN_CAM: supplied by +3.3V_RUN
[    1.786318] +VDDIO_SDMMC3: supplied by +3.3V_RUN
[    1.791074] +1.8V_RUN_VPP_FUSE: supplied by +3.3V_RUN
[    1.796314] +5V_VDD_TS_SW: supplied by +5V_SYS
[    1.800945] +5V_USB_HS: supplied by +5V_SYS
[    1.805264] +5V_USB_SS: supplied by +5V_SYS
[    1.810603] +3.3V_PANEL: supplied by +3.3V_RUN
[    1.815919] +3.3V_LP0: supplied by +3.3V_SYS
[    1.820952] +1.05V_RUN_AVDD_HDMI_PLL: supplied by +1.05V_RUN
[    1.826779] +5V_HDMI_CON: supplied by +5V_SYS
[    1.831776]  usb3-0: usb3-0 supply vbus not found, using dummy regulator
[    1.838511]  usb3-1: usb3-1 supply vbus not found, using dummy regulator
[    1.851687] tegra-sor 54540000.sor: failed to probe output: -517
[    1.857899] panel-simple panel: panel supply power not found, using dummy regulator
[    1.867740] tegra-xusb 70090000.usb: Direct firmware load for nvidia/tegra124/xusb.bin failed with error -2
[    1.877498] tegra-xusb 70090000.usb: failed to request firmware: -2
[    1.883790] tegra-xusb 70090000.usb: failed to load firmware: -2
[    1.890981] tegra-xusb: probe of 70090000.usb failed with error -2
[    1.897563] sdhci-tegra 700b0000.sdhci: allocated mmc-pwrseq
[    1.909862] mmc1: Unknown controller version (3). You may experience problems.
[    1.917120] mmc1: Invalid maximum block size, assuming 512 bytes
[    1.923593] mmc1: Switching to 3.3V signalling voltage failed
[    1.952411] mmc1: SDHCI controller on 700b0000.sdhci [700b0000.sdhci] using ADMA
[    1.960053] sdhci-tegra 700b0400.sdhci: Got CD GPIO
[    1.964925] sdhci-tegra 700b0400.sdhci: Got WP GPIO
[    1.975222] mmc2: Unknown controller version (3). You may experience problems.
[    1.982562] mmc2: Invalid maximum block size, assuming 512 bytes
[    2.018740] mmc1: new high speed SDIO card at address 0001
[    2.024565] mmc2: SDHCI controller on 700b0400.sdhci [700b0400.sdhci] using ADMA
[    2.032151] tegra-sor 54540000.sor: failed to probe output: -517
[    2.038311] panel-simple panel: panel supply power not found, using dummy regulator
[    2.046418] input: gpio-keys as /devices/soc0/gpio-keys/input/input3
[    2.053032] tegra-sor 54540000.sor: failed to probe output: -517
[    2.059138] panel-simple panel: panel supply power not found, using dummy regulator
[    2.067079] as3722-rtc as3722-rtc: setting system clock to 2000-01-01 00:00:23 UTC (946684823)
[    2.075844] cfg80211: Loading compiled-in X.509 certificates for regulatory database
[    2.085613] cfg80211: Loaded X.509 cert 'sforshee: 00b28ddf47aef9cea7'
[    2.092328] platform regulatory.0: Direct firmware load for regulatory.db failed with error -2
[    2.092523] +3.3V_AVDD_HDMI_AP_GATED: disabling
[    2.100950] cfg80211: failed to load regulatory.db
[    2.110460] +1.8V_RUN_CAM: disabling
[    2.114347] +1.2V_RUN_CAM_FRONT: disabling
[    2.118631] +1.05V_RUN_CAM_REAR: disabling
[    2.123073] +2.8V_RUN_TOUCH: disabling
[    2.126969] +2.8V_RUN_CAM_AF: disabling
[    2.131046] +1.8V_RUN_VPP_FUSE: disabling
[    2.135221] +VDD_LED: disabling
[    2.138396] +5V_VDD_TS_SW: disabling
[    2.142034] +5V_USB_HS: disabling
[    2.145384] +5V_USB_SS: disabling
[    2.148703] +3.3V_PANEL: disabling
[    2.152133] +1.05V_RUN_AVDD_HDMI_PLL: disabling
[    2.156654] +5V_HDMI_CON: disabling
[    2.160257] ALSA device list:
[    2.163267]   #1: GoogleNyanBig
[    2.268130] mmc2: new high speed SDHC card at address 0007
[    2.275481] mmcblk2: mmc2:0007 SD08G 7.42 GiB 
[    2.289255] GPT:Primary header alternate_lba != Alt. header my_lba
[    2.295446] GPT:3014591 != 15564799
[    2.298922] GPT:Primary header thinks Alt. header is not at the end of the disk.
[    2.306305] GPT:3014591 != 15564799
[    2.309786] GPT: Use GNU Parted to correct GPT errors.
[    2.310034] tegra-sor 54540000.sor: failed to probe output: -517
[    2.314987]  mmcblk2: p1 p2 p3 p4 p5 p6 p7 p8 p9 p10 p11 p12
[    2.321314] panel-simple panel: panel supply power not found, using dummy regulator
[    2.334354] input: tegra-hda HDMI/DP,pcm=3 as /devices/soc0/70030000.hda/sound/card0/input4
[    2.343537] tegra-sor 54540000.sor: failed to probe output: -517
[    2.349682] EXT4-fs (mmcblk0p3): couldn't mount as ext3 due to feature incompatibilities
[    2.349902] panel-simple panel: panel supply power not found, using dummy regulator
[    2.806073] EXT4-fs (mmcblk0p3): recovery complete
[    2.810898] EXT4-fs (mmcblk0p3): mounted filesystem with ordered data mode. Opts: (null)
[    2.818999] VFS: Mounted root (ext4 filesystem) on device 179:3.
[    2.826031] devtmpfs: mounted
[    2.829434] Freeing unused kernel memory: 1024K
bash: cannot set terminal process group (-1): Inappropriate ioctl for device
bash: no job control in this shell
root@(none):/# mount -t sysfs none /sys
root@(none):/# 
root@(none):/# mount -t debugfs none /sys/kernel/debug
root@(none):/# 
root@(none):/# rtcwake -d rtc1 -m mem -s 3
rtcwake: assuming RTC uses UTC ...
rtcwake: wakeup from "mem" using /dev/rtc1 at Thu Jan  1 00:00:28 1970
[    5.681547] PM: suspend entry (deep)
[    5.685116] PM: Syncing filesystems ... done.
[    5.691066] Freezing user space processes ... (elapsed 0.001 seconds) done.
[    5.699173] OOM killer disabled.
[    5.702440] Freezing remaining freezable tasks ... (elapsed 0.001 seconds) done.
[    5.711065] Suspending console(s) (use no_console_suspend to debug)
[    5.892291] Disabling non-boot CPUs ...
[    5.929819] IRQ17 no longer affine to CPU1
[    6.040405] Entering suspend state LP1
[    6.040431] Enabling non-boot CPUs ...
[    6.041179] CPU1 is up
[    6.041805] CPU2 is up
[    6.042494] CPU3 is up
[    6.083372] cros-ec-spi spi0.0: spi transfer failed: -121
[    6.094490] mmc1: Switching to 3.3V signalling voltage failed
[    6.149050] tegra-sor 54540000.sor: failed to probe output: -517
[    6.149192] panel-simple panel: panel supply power not found, using dummy regulator
[    6.196639] OOM killer enabled.
[    6.199839] Restarting tasks ... done.
[    6.204234] PM: suspend exit
root@(none):/# 
root@(none):/# rtcwake -d rtc1 -m mem -s 3
rtcwake: assuming RTC uses UTC ...
rtcwake: wakeup from "mem" using /dev/rtc1 at Thu Jan  1 00:00:32 1970
[    6.859053] PM: suspend entry (deep)
[    6.862640] PM: Syncing filesystems ... done.
[    6.868165] Freezing user space processes ... (elapsed 0.001 seconds) done.
[    6.876303] OOM killer disabled.
[    6.879519] Freezing remaining freezable tasks ... (elapsed 0.001 seconds) done.
[    6.888081] Suspending console(s) (use no_console_suspend to debug)
[    7.072528] Disabling non-boot CPUs ...
[    7.230316] Entering suspend state LP1
[    7.230342] Enabling non-boot CPUs ...
[    7.231093] CPU1 is up
[    7.231723] CPU2 is up
[    7.232413] CPU3 is up
[    7.273665] cros-ec-spi spi0.0: spi transfer failed: -121
[    7.284821] mmc1: Switching to 3.3V signalling voltage failed
[    7.341383] tegra-sor 54540000.sor: failed to probe output: -517
[    7.341530] panel-simple panel: panel supply power not found, using dummy regulator
[    7.384852] OOM killer enabled.
[    7.387982] Restarting tasks ... done.
[    7.392166] PM: suspend exit
root@(none):/# 
root@(none):/# rtcwake -d rtc1 -m mem -s 3
rtcwake: assuming RTC uses UTC ...
rtcwake: wakeup from "mem" using /dev/rtc1 at Thu Jan  1 00:00:36 1970
[    8.048310] PM: suspend entry (deep)
[    8.051899] PM: Syncing filesystems ... done.
[    8.057428] Freezing user space processes ... (elapsed 0.001 seconds) done.
[    8.065483] OOM killer disabled.
[    8.068699] Freezing remaining freezable tasks ... (elapsed 0.001 seconds) done.
[    8.077253] Suspending console(s) (use no_console_suspend to debug)
[    8.262812] Disabling non-boot CPUs ...
[    8.319758] IRQ17 no longer affine to CPU1
[    8.430197] Entering suspend state LP1
[    8.430223] Enabling non-boot CPUs ...
[    8.430977] CPU1 is up
[    8.431606] CPU2 is up
[    8.432296] CPU3 is up
[    8.473404] cros-ec-spi spi0.0: spi transfer failed: -121
[    8.484641] mmc1: Switching to 3.3V signalling voltage failed
[    8.539008] tegra-sor 54540000.sor: failed to probe output: -517
[    8.539152] panel-simple panel: panel supply power not found, using dummy regulator
[    8.586602] OOM killer enabled.
[    8.589765] Restarting tasks ... done.
[    8.593944] PM: suspend exit
root@(none):/# 
root@(none):/# rtcwake -d rtc1 -m mem -s 3
rtcwake: assuming RTC uses UTC ...
rtcwake: wakeup from "mem" using /dev/rtc1 at Thu Jan  1 00:00:40 1970
[    9.249436] PM: suspend entry (deep)
[    9.253034] PM: Syncing filesystems ... done.
[    9.258784] Freezing user space processes ... (elapsed 0.001 seconds) done.
[    9.266904] OOM killer disabled.
[    9.270140] Freezing remaining freezable tasks ... (elapsed 0.001 seconds) done.
[    9.278694] Suspending console(s) (use no_console_suspend to debug)
[    9.462822] Disabling non-boot CPUs ...
[    9.619691] IRQ17 no longer affine to CPU3
[    9.620265] Entering suspend state LP1
[    9.620291] Enabling non-boot CPUs ...
[    9.621048] CPU1 is up
[    9.621680] CPU2 is up
[    9.622369] CPU3 is up
[    9.663381] cros-ec-spi spi0.0: spi transfer failed: -121
[    9.674630] mmc1: Switching to 3.3V signalling voltage failed
[   10.700345] tegra-sor 54540000.sor: failed to probe output: -517
[   10.700486] panel-simple panel: panel supply power not found, using dummy regulator
[   10.747810] OOM killer enabled.
[   10.750951] Restarting tasks ... done.
[   10.755116] PM: suspend exit
root@(none):/# 
root@(none):/# rtcwake -d rtc1 -m mem -s 3
rtcwake: assuming RTC uses UTC ...
rtcwake: wakeup from "mem" using /dev/rtc1 at Thu Jan  1 00:00:45 1970
[   11.439100] PM: suspend entry (deep)
[   11.442688] PM: Syncing filesystems ... done.
[   11.448394] Freezing user space processes ... (elapsed 0.001 seconds) done.
[   11.456529] OOM killer disabled.
[   11.459753] Freezing remaining freezable tasks ... (elapsed 0.001 seconds) done.
[   11.468301] Suspending console(s) (use no_console_suspend to debug)
[   11.652772] Disabling non-boot CPUs ...
[   11.810168] Entering suspend state LP1
[   11.810193] Enabling non-boot CPUs ...
[   11.810955] CPU1 is up
[   11.811582] CPU2 is up
[   11.812273] CPU3 is up
[   11.853449] cros-ec-spi spi0.0: spi transfer failed: -121
[   11.864564] mmc1: Switching to 3.3V signalling voltage failed
[   11.921429] tegra-sor 54540000.sor: failed to probe output: -517
[   11.921571] panel-simple panel: panel supply power not found, using dummy regulator
[   11.964857] OOM killer enabled.
[   11.967987] Restarting tasks ... done.
[   11.972269] PM: suspend exit
root@(none):/# 
root@(none):/# rtcwake -d rtc1 -m mem -s 3
rtcwake: assuming RTC uses UTC ...
rtcwake: wakeup from "mem" using /dev/rtc1 at Thu Jan  1 00:00:49 1970
[   12.629334] PM: suspend entry (deep)
[   12.632921] PM: Syncing filesystems ... done.
[   12.638610] Freezing user space processes ... (elapsed 0.001 seconds) done.
[   12.646663] OOM killer disabled.
[   12.649894] Freezing remaining freezable tasks ... (elapsed 0.001 seconds) done.
[   12.658429] Suspending console(s) (use no_console_suspend to debug)
[   12.842774] Disabling non-boot CPUs ...
[   13.000121] Entering suspend state LP1
[   13.000147] Enabling non-boot CPUs ...
[   13.000908] CPU1 is up
[   13.001534] CPU2 is up
[   13.002225] CPU3 is up
[   13.043478] cros-ec-spi spi0.0: spi transfer failed: -121
[   13.054604] mmc1: Switching to 3.3V signalling voltage failed
[   13.112993] tegra-sor 54540000.sor: failed to probe output: -517
[   13.113138] panel-simple panel: panel supply power not found, using dummy regulator
[   13.156486] OOM killer enabled.
[   13.159676] Restarting tasks ... done.
[   13.163847] PM: suspend exit
root@(none):/# 
root@(none):/# rtcwake -d rtc1 -m mem -s 3
rtcwake: assuming RTC uses UTC ...
rtcwake: wakeup from "mem" using /dev/rtc1 at Thu Jan  1 00:00:53 1970
[   13.818344] PM: suspend entry (deep)
[   13.821931] PM: Syncing filesystems ... done.
[   13.827385] Freezing user space processes ... (elapsed 0.001 seconds) done.
[   13.835513] OOM killer disabled.
[   13.838729] Freezing remaining freezable tasks ... (elapsed 0.001 seconds) done.
[   13.847277] Suspending console(s) (use no_console_suspend to debug)
[   14.032741] Disabling non-boot CPUs ...
[   14.180089] Entering suspend state LP1
[   14.180115] Enabling non-boot CPUs ...
[   14.180880] CPU1 is up
[   14.181526] CPU2 is up
[   14.182215] CPU3 is up
[   14.223304] cros-ec-spi spi0.0: spi transfer failed: -121
[   14.234545] mmc1: Switching to 3.3V signalling voltage failed
[   14.290131] tegra-sor 54540000.sor: failed to probe output: -517
[   14.290273] panel-simple panel: panel supply power not found, using dummy regulator
[   14.333602] OOM killer enabled.
[   14.336732] Restarting tasks ... done.
[   14.340910] PM: suspend exit
root@(none):/# 
root@(none):/# rtcwake -d rtc1 -m mem -s 3
rtcwake: assuming RTC uses UTC ...
rtcwake: wakeup from "mem" using /dev/rtc1 at Thu Jan  1 00:00:57 1970
[   14.997347] PM: suspend entry (deep)
[   15.000925] PM: Syncing filesystems ... done.
[   15.006366] Freezing user space processes ... (elapsed 0.001 seconds) done.
[   15.014494] OOM killer disabled.
[   15.017711] Freezing remaining freezable tasks ... (elapsed 0.001 seconds) done.
[   15.026275] Suspending console(s) (use no_console_suspend to debug)
[   15.212701] Disabling non-boot CPUs ...
[   15.380070] Entering suspend state LP1
[   15.380095] Enabling non-boot CPUs ...
[   15.380858] CPU1 is up
[   15.381484] CPU2 is up
[   15.382177] CPU3 is up
[   15.423271] cros-ec-spi spi0.0: spi transfer failed: -121
[   15.434493] mmc1: Switching to 3.3V signalling voltage failed
[   15.490461] tegra-sor 54540000.sor: failed to probe output: -517
[   15.490602] panel-simple panel: panel supply power not found, using dummy regulator
[   15.533926] OOM killer enabled.
[   15.537058] Restarting tasks ... done.
[   15.541323] PM: suspend exit
root@(none):/# 
root@(none):/# rtcwake -d rtc1 -m mem -s 3
rtcwake: assuming RTC uses UTC ...
rtcwake: wakeup from "mem" using /dev/rtc1 at Thu Jan  1 00:01:01 1970
[   16.199096] PM: suspend entry (deep)
[   16.202728] PM: Syncing filesystems ... done.
[   16.208271] Freezing user space processes ... (elapsed 0.001 seconds) done.
[   16.216409] OOM killer disabled.
[   16.219630] Freezing remaining freezable tasks ... (elapsed 0.001 seconds) done.
[   16.228174] Suspending console(s) (use no_console_suspend to debug)
[   16.412336] Disabling non-boot CPUs ...
[   16.449625] IRQ17 no longer affine to CPU1
[   16.570044] Entering suspend state LP1
[   16.570069] Enabling non-boot CPUs ...
[   16.570828] CPU1 is up
[   16.571461] CPU2 is up
[   16.572155] CPU3 is up
[   16.613333] cros-ec-spi spi0.0: spi transfer failed: -121
[   16.624448] mmc1: Switching to 3.3V signalling voltage failed
[   16.682456] tegra-sor 54540000.sor: failed to probe output: -517
[   16.682600] panel-simple panel: panel supply power not found, using dummy regulator
[   16.730046] OOM killer enabled.
[   16.733187] Restarting tasks ... done.
[   16.737350] PM: suspend exit
root@(none):/# 
root@(none):/# rtcwake -d rtc1 -m mem -s 3
rtcwake: assuming RTC uses UTC ...
rtcwake: wakeup from "mem" using /dev/rtc1 at Thu Jan  1 00:01:05 1970
[   17.389318] PM: suspend entry (deep)
[   17.392905] PM: Syncing filesystems ... done.
[   17.398529] Freezing user space processes ... (elapsed 0.001 seconds) done.
[   17.406583] OOM killer disabled.
[   17.409814] Freezing remaining freezable tasks ... (elapsed 0.001 seconds) done.
[   17.418353] Suspending console(s) (use no_console_suspend to debug)
[   17.602059] Disabling non-boot CPUs ...
[   17.760018] Entering suspend state LP1
[   17.760044] Enabling non-boot CPUs ...
[   17.760808] CPU1 is up
[   17.761436] CPU2 is up
[   17.762128] CPU3 is up
[   17.803390] cros-ec-spi spi0.0: spi transfer failed: -121
[   17.814608] mmc1: Switching to 3.3V signalling voltage failed
[   17.871296] tegra-sor 54540000.sor: failed to probe output: -517
[   17.871441] panel-simple panel: panel supply power not found, using dummy regulator
[   17.914794] OOM killer enabled.
[   17.917926] Restarting tasks ... done.
[   17.922137] PM: suspend exit
root@(none):/# 
root@(none):/# NVTB SYSTEM SUSPEND TEST COMPLETE
