
U-Boot SPL 2014.01-00219-gc4d376f (Feb 18 2014 - 19:57:18)


U-Boot 2014.01-00219-gc4d376f (Feb 18 2014 - 19:57:18)

TEGRA30
Board: NVIDIA Beaver
I2C:   ready
DRAM:  2 GiB
MMC:   Tegra SD/MMC: 0, Tegra SD/MMC: 1
In:    serial
Out:   serial
Err:   serial
Net:   Net Initialization Skipped
No ethernet found.
Hit any key to stop autoboot:  2  0 
Tegra30 (Beaver) # 
Tegra30 (Beaver) # usb reset
(Re)start USB...
USB0:   USB EHCI 1.00
scanning bus 0 for devices... 2 USB Device(s) found
       scanning usb for storage devices... 0 Storage Device(s) found
       scanning usb for ethernet devices... 
Warning: asx0 using MAC address from net device
1 Ethernet Device(s) found
Tegra30 (Beaver) # setenv bootargs 'ignore_loglevel console=ttyS0,115200n8 rw root=PARTUUID=edbe1840-3633-c751-7993-b0ac834f81e0 rootwait gpt debug noinitrd earlyprintk init=/bin/bash'
Tegra30 (Beaver) # setenv ipaddr 192.168.100.101; setenv serverip 192.168.100.1; setenv tftpserverip 192.168.100.1
Tegra30 (Beaver) # tftpboot 0x81000000 zImage.tegra_defconfig
Using asx0 device
TFTP from server 192.168.100.1; our IP address is 192.168.100.101
Filename 'zImage.tegra_defconfig'.
Load address: 0x81000000
Loading: *#################################################################
	 #################################################################
	 #################################################################
	 #################################################################
	 #################################################################
	 #################################################################
	 #################################
	 2.8 MiB/s
done
Bytes transferred = 6206904 (5eb5b8 hex)
Tegra30 (Beaver) # tftpboot 0x82000000 tegra30-beaver.dtb
Using asx0 device
TFTP from server 192.168.100.1; our IP address is 192.168.100.101
Filename 'tegra30-beaver.dtb'.
Load address: 0x82000000
Loading: *####
	 2.7 MiB/s
done
Bytes transferred = 51470 (c90e hex)
Tegra30 (Beaver) # bootz 0x81000000 - 0x82000000
Kernel image @ 0x81000000 [ 0x000000 - 0x5eb5b8 ]
## Flattened Device Tree blob at 82000000
   Booting using the fdt blob at 0x82000000
   Loading Device Tree to 8fff0000, end 8ffff90d ... OK

Starting kernel ...

[    0.000000] Booting Linux on physical CPU 0x0
[    0.000000] Linux version 4.15.0-rc7-next-20180109-24192-g06d4186 (jonathanh@kaivo) (gcc version 4.7.3 20130328 (prerelease) (crosstool-NG linaro-1.13.1-4.7-2013.04-20130415 - Linaro GCC 2013.04)) #1 SMP PREEMPT Mon Jan 8 21:49:03 PST 2018
[    0.000000] CPU: ARMv7 Processor [412fc099] revision 9 (ARMv7), cr=10c5387d
[    0.000000] CPU: PIPT / VIPT nonaliasing data cache, VIPT aliasing instruction cache
[    0.000000] OF: fdt: Machine model: NVIDIA Tegra30 Beaver evaluation board
[    0.000000] debug: ignoring loglevel setting.
[    0.000000] bootconsole [earlycon0] enabled
[    0.000000] Memory policy: Data cache writealloc
[    0.000000] cma: Reserved 64 MiB at 0xfbc00000
[    0.000000] On node 0 totalpages: 524032
[    0.000000]   Normal zone: 1536 pages used for memmap
[    0.000000]   Normal zone: 0 pages reserved
[    0.000000]   Normal zone: 196608 pages, LIFO batch:31
[    0.000000]   HighMem zone: 327424 pages, LIFO batch:31
[    0.000000] random: fast init done
[    0.000000] percpu: Embedded 17 pages/cpu @(ptrval) s39104 r8192 d22336 u69632
[    0.000000] pcpu-alloc: s39104 r8192 d22336 u69632 alloc=17*4096
[    0.000000] pcpu-alloc: [0] 0 [0] 1 [0] 2 [0] 3 
[    0.000000] Built 1 zonelists, mobility grouping on.  Total pages: 522496
[    0.000000] Kernel command line: ignore_loglevel console=ttyS0,115200n8 rw root=PARTUUID=edbe1840-3633-c751-7993-b0ac834f81e0 rootwait gpt debug noinitrd earlyprintk init=/bin/bash
[    0.000000] Dentry cache hash table entries: 131072 (order: 7, 524288 bytes)
[    0.000000] Inode-cache hash table entries: 65536 (order: 6, 262144 bytes)
[    0.000000] Memory: 1998528K/2096128K available (9216K kernel code, 781K rwdata, 2580K rodata, 1024K init, 298K bss, 32064K reserved, 65536K cma-reserved, 1244160K highmem)
[    0.000000] Virtual kernel memory layout:
[    0.000000]     vector  : 0xffff0000 - 0xffff1000   (   4 kB)
[    0.000000]     fixmap  : 0xffc00000 - 0xfff00000   (3072 kB)
[    0.000000]     vmalloc : 0xf0800000 - 0xff800000   ( 240 MB)
[    0.000000]     lowmem  : 0xc0000000 - 0xf0000000   ( 768 MB)
[    0.000000]     pkmap   : 0xbfe00000 - 0xc0000000   (   2 MB)
[    0.000000]     modules : 0xbf000000 - 0xbfe00000   (  14 MB)
[    0.000000]       .text : 0x(ptrval) - 0x(ptrval)   (10208 kB)
[    0.000000]       .init : 0x(ptrval) - 0x(ptrval)   (1024 kB)
[    0.000000]       .data : 0x(ptrval) - 0x(ptrval)   ( 782 kB)
[    0.000000]        .bss : 0x(ptrval) - 0x(ptrval)   ( 299 kB)
[    0.000000] Preemptible hierarchical RCU implementation.
[    0.000000] 	Tasks RCU enabled.
[    0.000000] NR_IRQS: 16, nr_irqs: 16, preallocated irqs: 16
[    0.000000] /interrupt-controller@60004000: 160 interrupts forwarded to /interrupt-controller@50041000
[    0.000000] L2C: platform modifies aux control register: 0x02080000 -> 0x3e480001
[    0.000000] L2C: DT/platform modifies aux control register: 0x02080000 -> 0x3e480001
[    0.000000] L2C-310 erratum 769419 enabled
[    0.000000] L2C-310 enabling early BRESP for Cortex-A9
[    0.000000] L2C-310: enabling full line of zeros but not enabled in Cortex-A9
[    0.000000] L2C-310 dynamic clock gating enabled, standby mode enabled
[    0.000000] L2C-310 cache controller enabled, 8 ways, 1024 kB
[    0.000000] L2C-310: CACHE_ID 0x410000c7, AUX_CTRL 0x4e480001
[    0.000014] sched_clock: 32 bits at 1000kHz, resolution 1000ns, wraps every 2147483647500ns
[    0.006453] clocksource: timer_us: mask: 0xffffffff max_cycles: 0xffffffff, max_idle_ns: 1911260446275 ns
[    0.015981] Switching to timer-based delay loop, resolution 1000ns
[    0.022978] Console: colour dummy device 80x30
[    0.026570] Calibrating delay loop (skipped), value calculated using timer frequency.. 2.00 BogoMIPS (lpj=10000)
[    0.036701] pid_max: default: 32768 minimum: 301
[    0.041639] Mount-cache hash table entries: 2048 (order: 1, 8192 bytes)
[    0.047876] Mountpoint-cache hash table entries: 2048 (order: 1, 8192 bytes)
[    0.055581] CPU: Testing write buffer coherency: ok
[    0.060112] CPU0: thread -1, cpu 0, socket 0, mpidr 80000000
[    0.100015] Setting up static identity map for 0x80100000 - 0x801000a0
[    0.104729] Hierarchical SRCU implementation.
[    0.120435] Tegra Revision: A03 SKU: 128 CPU Process: 4 SoC Process: 0
[    0.139974] smp: Bringing up secondary CPUs ...
[    0.200399] CPU1: thread -1, cpu 1, socket 0, mpidr 80000001
[    0.280384] CPU2: thread -1, cpu 2, socket 0, mpidr 80000002
[    0.360384] CPU3: thread -1, cpu 3, socket 0, mpidr 80000003
[    0.360445] smp: Brought up 1 node, 4 CPUs
[    0.379528] SMP: Total of 4 processors activated (8.00 BogoMIPS).
[    0.385602] CPU: All CPU(s) started in SVC mode.
[    0.391276] devtmpfs: initialized
[    0.406920] Built 1 zonelists, mobility grouping on.  Total pages: 516016
[    0.412384] VFP support v0.3: implementor 41 architecture 3 part 30 variant 9 rev 4
[    0.419836] clocksource: jiffies: mask: 0xffffffff max_cycles: 0xffffffff, max_idle_ns: 19112604462750000 ns
[    0.429245] futex hash table entries: 1024 (order: 4, 65536 bytes)
[    0.435637] pinctrl core: initialized pinctrl subsystem
[    0.441715] NET: Registered protocol family 16
[    0.446791] DMA: preallocated 256 KiB pool for atomic coherent allocations
[    0.452924] cpuidle: using governor menu
[    0.469287] No ATAGs?
[    0.469416] hw-breakpoint: found 5 (+1 reserved) breakpoint and 1 watchpoint registers.
[    0.477778] hw-breakpoint: maximum watchpoint size is 4 bytes.
[    0.485054] tegra-mc 7000f000.memory-controller: no memory timings for RAM code 3 registered
[    0.492196] iommu: Adding device 54200000.dc to group 0
[    0.497199] iommu: Adding device 54240000.dc to group 0
[    0.515633] vdd_5v_sata: Failed to request enable GPIO30: -517
[    0.519554] reg-fixed-voltage regulators:regulator@3: Failed to register regulator: -517
[    0.527697] usb1_vbus: Failed to request enable GPIO238: -517
[    0.533364] reg-fixed-voltage regulators:regulator@4: Failed to register regulator: -517
[    0.541459] usb3_vbus: Failed to request enable GPIO236: -517
[    0.547110] reg-fixed-voltage regulators:regulator@5: Failed to register regulator: -517
[    0.555316] sys_3v3_pexs: Failed to request enable GPIO95: -517
[    0.561076] reg-fixed-voltage regulators:regulator@7: Failed to register regulator: -517
[    0.570268] vgaarb: loaded
[    0.572435] SCSI subsystem initialized
[    0.575753] libata version 3.00 loaded.
[    0.579622] usbcore: registered new interface driver usbfs
[    0.584880] usbcore: registered new interface driver hub
[    0.590181] usbcore: registered new device driver usb
[    0.602663] vrtc: supplied by vdd_5v_in
[    0.607923] vio: supplied by vdd_5v_in
[    0.621915] vdd1: supplied by vdd_5v_in
[    0.625212] vddio_ddr_1v2: Bringing 600000uV into 1200000-1200000uV
[    0.641914] vdd2: supplied by vdd_5v_in
[    0.661911] ldo1: supplied by vdd_1v5_gen
[    0.666452] ldo2: supplied by vdd_1v5_gen
[    0.669034] vdd_sata,avdd_plle: Bringing 1200000uV into 1050000-1050000uV
[    0.677593] ldo3: supplied by vdd_5v_in
[    0.681940] ldo4: supplied by vdd_5v_in
[    0.691922] ldo5: supplied by vdd_5v_in
[    0.701913] ldo6: supplied by vdd_1v8_gen
[    0.704508] avdd_dsi_csi,pwrdet_mipi: Bringing 1000000uV into 1200000-1200000uV
[    0.713572] ldo7: supplied by vdd_1v8_gen
[    0.721915] ldo8: supplied by vdd_1v8_gen
[    0.732228] Linux video capture interface: v2.00
[    0.735002] pps_core: LinuxPPS API ver. 1 registered
[    0.739867] pps_core: Software ver. 5.3.6 - Copyright 2005-2007 Rodolfo Giometti <giometti@linux.it>
[    0.749016] PTP clock support registered
[    0.753368] Advanced Linux Sound Architecture Driver Initialized.
[    0.759525] Bluetooth: Core ver 2.22
[    0.762548] NET: Registered protocol family 31
[    0.766906] Bluetooth: HCI device and connection manager initialized
[    0.773249] Bluetooth: HCI socket layer initialized
[    0.778090] Bluetooth: L2CAP socket layer initialized
[    0.783153] Bluetooth: SCO socket layer initialized
[    0.788544] clocksource: Switched to clocksource timer_us
[    0.857187] NET: Registered protocol family 2
[    0.860518] tcp_listen_portaddr_hash hash table entries: 512 (order: 0, 6144 bytes)
[    0.867300] TCP established hash table entries: 8192 (order: 3, 32768 bytes)
[    0.874388] TCP bind hash table entries: 8192 (order: 4, 65536 bytes)
[    0.880793] TCP: Hash tables configured (established 8192 bind 8192)
[    0.887612] UDP hash table entries: 512 (order: 2, 16384 bytes)
[    0.893003] UDP-Lite hash table entries: 512 (order: 2, 16384 bytes)
[    0.899570] NET: Registered protocol family 1
[    0.904242] RPC: Registered named UNIX socket transport module.
[    0.909488] RPC: Registered udp transport module.
[    0.914149] RPC: Registered tcp transport module.
[    0.918840] RPC: Registered tcp NFSv4.1 backchannel transport module.
[    0.925861] PCI: CLS 0 bytes, default 64
[    0.930341] hw perfevents: no interrupt-affinity property for /pmu, guessing.
[    0.936526] hw perfevents: enabled with armv7_cortex_a9 PMU driver, 7 counters available
[    0.945689] Initialise system trusted keyrings
[    0.948909] workingset: timestamp_bits=30 max_order=19 bucket_order=0
[    0.956010] squashfs: version 4.0 (2009/01/31) Phillip Lougher
[    0.961563] NFS: Registering the id_resolver key type
[    0.965991] Key type id_resolver registered
[    0.970157] Key type id_legacy registered
[    0.977975] Key type asymmetric registered
[    0.980176] Asymmetric key parser 'x509' registered
[    0.985278] bounce: pool size: 64 pages
[    0.988910] io scheduler noop registered (default)
[    0.993590] io scheduler mq-deadline registered
[    0.998095] io scheduler kyber registered
[    1.006502] tegra30-pinctrl 70000868.pinmux: invalid group "sdmmc3_dat6_pd3" for function "rsvd1"
[    1.013486] tegra30-pinctrl 70000868.pinmux: invalid group "sdmmc3_dat7_pd4" for function "rsvd1"
[    1.022316] tegra30-pinctrl 70000868.pinmux: invalid group "vi_vsync_pd6" for function "rsvd1"
[    1.030888] tegra30-pinctrl 70000868.pinmux: invalid group "vi_hsync_pd7" for function "rsvd1"
[    1.039981] tegra30-pinctrl 70000868.pinmux: invalid group "hdmi_int_pn7" for function "rsvd1"
[    1.048076] tegra30-pinctrl 70000868.pinmux: invalid group "ulpi_data3_po4" for function "rsvd1"
[    1.057162] tegra30-pinctrl 70000868.pinmux: invalid group "vi_d10_pt2" for function "rsvd1"
[    1.065212] tegra30-pinctrl 70000868.pinmux: invalid group "vi_d11_pt3" for function "rsvd1"
[    1.073622] tegra30-pinctrl 70000868.pinmux: invalid group "vi_d0_pt4" for function "rsvd1"
[    1.081974] tegra30-pinctrl 70000868.pinmux: invalid group "pu0" for function "rsvd1"
[    1.089758] tegra30-pinctrl 70000868.pinmux: invalid group "pu3" for function "rsvd1"
[    1.097548] tegra30-pinctrl 70000868.pinmux: invalid group "pu6" for function "rsvd1"
[    1.105371] tegra30-pinctrl 70000868.pinmux: invalid group "pv3" for function "rsvd1"
[    1.113673] tegra30-pinctrl 70000868.pinmux: invalid group "pbb0" for function "rsvd1"
[    1.121139] tegra30-pinctrl 70000868.pinmux: invalid group "pcc1" for function "rsvd1"
[    1.130721] tegra-pcie 3000.pcie: 2x3 configuration
[    1.133922] tegra-pcie 3000.pcie: Failed to get supply 'hvdd-pex': -517
[    1.144318] tegra-apbdma 6000a000.dma: Tegra20 APB DMA driver register 32 channels
[    1.150848] tegra-pmc 7000e400.pmc: i2c-thermtrip node not found, emergency thermal reset disabled.
[    1.159458] Serial: 8250/16550 driver, 4 ports, IRQ sharing disabled
[    1.166784] console [ttyS0] disabled
[    1.168918] 70006000.serial: ttyS0 at MMIO 0x70006000 (irq = 331, base_baud = 25500000) is a Tegra
[    1.177820] console [ttyS0] enabled
[    1.177820] console [ttyS0] enabled
[    1.184049] bootconsole [earlycon0] disabled
[    1.184049] bootconsole [earlycon0] disabled
[    1.210967] tegra-hdmi 54280000.hdmi: failed to get HDMI regulator
[    1.228526] loop: module loaded
[    1.234530] m25p80 spi0.1: w25q32 (4096 Kbytes)
[    1.240671] libphy: Fixed MDIO Bus: probed
[    1.244760] CAN device driver interface
[    1.248660] igb: Intel(R) Gigabit Ethernet Network Driver - version 5.4.0-k
[    1.255603] igb: Copyright (c) 2007-2014 Intel Corporation.
[    1.261279] pegasus: v0.9.3 (2013/04/25), Pegasus/Pegasus II USB Ethernet driver
[    1.268746] usbcore: registered new interface driver pegasus
[    1.274448] usbcore: registered new interface driver asix
[    1.279907] usbcore: registered new interface driver ax88179_178a
[    1.286024] usbcore: registered new interface driver cdc_ether
[    1.291906] usbcore: registered new interface driver smsc75xx
[    1.297696] usbcore: registered new interface driver smsc95xx
[    1.303482] usbcore: registered new interface driver net1080
[    1.309182] usbcore: registered new interface driver cdc_subset
[    1.315125] usbcore: registered new interface driver zaurus
[    1.320754] usbcore: registered new interface driver cdc_ncm
[    1.326613] tegra-phy 7d000000.usb-phy: no vbus regulator
[    1.333423] ehci_hcd: USB 2.0 'Enhanced' Host Controller (EHCI) Driver
[    1.339948] ehci-pci: EHCI PCI platform driver
[    1.344439] tegra-ehci: Tegra EHCI driver
[    1.349038] usbcore: registered new interface driver cdc_acm
[    1.354682] cdc_acm: USB Abstract Control Model driver for USB modems and ISDN adapters
[    1.362726] usbcore: registered new interface driver cdc_wdm
[    1.368431] usbcore: registered new interface driver usb-storage
[    1.382834] tegra_rtc 7000e000.rtc: rtc core: registered 7000e000.rtc as rtc1
[    1.390033] tegra_rtc 7000e000.rtc: Tegra internal Real Time Clock
[    1.409250] tps65910-rtc tps65910-rtc: rtc core: registered tps65910-rtc as rtc0
[    1.416699] i2c /dev entries driver
[    1.421107] usbcore: registered new interface driver uvcvideo
[    1.426837] USB Video Class driver (1.1.1)
[    1.430935] gspca_main: v2.14.0 registered
[    1.435736] tegra-wdt 60005000.timer: initialized (heartbeat = 120 sec, nowayout = 0)
[    1.444097] sdhci: Secure Digital Host Controller Interface driver
[    1.450277] sdhci: Copyright(c) Pierre Ossman
[    1.454619] sdhci-pltfm: SDHCI platform and OF driver helper
[    1.460516] sdhci-tegra 78000000.sdhci: Got CD GPIO
[    1.465391] sdhci-tegra 78000000.sdhci: Got WP GPIO
[    1.478596] mmc0: Invalid maximum block size, assuming 512 bytes
[    1.516714] mmc0: SDHCI controller on 78000000.sdhci [78000000.sdhci] using ADMA
[    1.531427] mmc1: Invalid maximum block size, assuming 512 bytes
[    1.563875] mmc1: SDHCI controller on 78000600.sdhci [78000600.sdhci] using ADMA
[    1.572279] usbcore: registered new interface driver usbhid
[    1.577862] usbhid: USB HID core driver
[    1.627251] mmc1: new high speed MMC card at address 0001
[    1.638466] mmcblk1: mmc1:0001 SEM16G 14.8 GiB 
[    1.649014] mmcblk1boot0: mmc1:0001 SEM16G partition 1 1.00 MiB
[    1.661106] mmcblk1boot1: mmc1:0001 SEM16G partition 2 1.00 MiB
[    1.667376] mmcblk1rpmb: mmc1:0001 SEM16G partition 3 128 KiB, chardev (247:0)
[    1.677825] Primary GPT is invalid, using alternate GPT.
[    1.684228]  mmcblk1: p1 p2 p3 p4 p5
[    1.702888] mmc0: new ultra high speed DDR50 SDHC card at address aaaa
[    1.715270] mmcblk0: mmc0:aaaa SS04G 3.69 GiB 
[    1.741914]  mmcblk0: p1 p2 p3
[    2.010950] tegra30-i2s 70080400.i2s: DMA channels sourced from device 70080000.ahub
[    2.026810] tegra-snd-rt5640 sound: rt5640-aif1 <-> 70080400.i2s mapping ok
[    2.036877] input: NVIDIA Tegra Beaver Headphones as /devices/soc0/sound/sound/card0/input0
[    2.046962] NET: Registered protocol family 10
[    2.052581] Segment Routing with IPv6
[    2.056371] mip6: Mobile IPv6
[    2.059347] sit: IPv6, IPv4 and MPLS over IPv4 tunneling driver
[    2.066454] NET: Registered protocol family 17
[    2.070916] NET: Registered protocol family 15
[    2.075346] can: controller area network core (rev 20170425 abi 9)
[    2.081697] NET: Registered protocol family 29
[    2.086129] can: raw protocol (rev 20170425)
[    2.090461] can: broadcast manager protocol (rev 20170425 t)
[    2.096112] can: netlink gateway (rev 20170425) max_hops=1
[    2.101740] Bluetooth: RFCOMM socket layer initialized
[    2.106884] Bluetooth: RFCOMM ver 1.11
[    2.110646] Bluetooth: BNEP (Ethernet Emulation) ver 1.3
[    2.115948] Bluetooth: BNEP socket layer initialized
[    2.120910] Bluetooth: HIDP (Human Interface Emulation) ver 1.2
[    2.126817] Bluetooth: HIDP socket layer initialized
[    2.131993] Key type dns_resolver registered
[    2.136623] Registering SWP/SWPB emulation handler
[    2.142041] Loading compiled-in X.509 certificates
[    2.160883] vdd_ddr: supplied by vdd_5v_in
[    2.165768] vdd_5v_sata: supplied by vdd_5v_in
[    2.170569] usb1_vbus: supplied by vdd_5v_in
[    2.175143] usb3_vbus: supplied by vdd_5v_in
[    2.180701] sys_3v3,vdd_3v3_alw: supplied by vdd_5v_in
[    2.186641] sys_3v3_pexs: supplied by sys_3v3,vdd_3v3_alw
[    2.192217] +VDD_5V_HDMI: supplied by sys_3v3,vdd_3v3_alw
[    2.197889] tegra-pcie 3000.pcie: 2x3 configuration
[    2.206151] tegra-pcie 3000.pcie: probing port 0, using 2 lanes
[    2.270370] tegra-pcie 3000.pcie: probing port 2, using 2 lanes
[    2.680221] tegra-pcie 3000.pcie: link 2 down, retrying
[    3.089373] tegra-pcie 3000.pcie: link 2 down, retrying
[    3.498338] tegra-pcie 3000.pcie: link 2 down, retrying
[    3.505576] tegra-pcie 3000.pcie: link 2 down, ignoring
[    3.510942] tegra-pcie 3000.pcie: PCI host bridge to bus 0000:00
[    3.516938] pci_bus 0000:00: root bus resource [io  0x0000-0xffff]
[    3.523119] pci_bus 0000:00: root bus resource [mem 0x20000000-0x27ffffff]
[    3.529988] pci_bus 0000:00: root bus resource [mem 0x28000000-0x3fffffff pref]
[    3.537281] pci_bus 0000:00: root bus resource [bus 00-ff]
[    3.542805] pci 0000:00:01.0: [10de:0e1c] type 01 class 0x060400
[    3.548822] pci_bus 0000:00: 2-byte config write to 0000:00:01.0 offset 0x4 may corrupt adjacent RW1C bits
[    3.558455] pci_bus 0000:00: 2-byte config write to 0000:00:01.0 offset 0x4 may corrupt adjacent RW1C bits
[    3.568111] pci 0000:00:01.0: enabling Extended Tags
[    3.573074] pci_bus 0000:00: 2-byte config write to 0000:00:01.0 offset 0x88 may corrupt adjacent RW1C bits
[    3.582823] pci_bus 0000:00: 2-byte config write to 0000:00:01.0 offset 0x52 may corrupt adjacent RW1C bits
[    3.592568] pci 0000:00:01.0: PME# supported from D0 D1 D2 D3hot D3cold
[    3.599178] pci_bus 0000:00: 2-byte config write to 0000:00:01.0 offset 0x4c may corrupt adjacent RW1C bits
[    3.609078] pci_bus 0000:00: 2-byte config write to 0000:00:01.0 offset 0x3e may corrupt adjacent RW1C bits
[    3.618813] pci_bus 0000:00: 2-byte config write to 0000:00:01.0 offset 0x4 may corrupt adjacent RW1C bits
[    3.628446] pci_bus 0000:00: 1-byte config write to 0000:00:01.0 offset 0xc may corrupt adjacent RW1C bits
[    3.638086] PCI: bus0: Fast back to back transfers disabled
[    3.643655] pci 0000:00:01.0: bridge configuration invalid ([bus 00-00]), reconfiguring
[    3.651649] pci_bus 0000:00: 2-byte config write to 0000:00:01.0 offset 0x3e may corrupt adjacent RW1C bits
[    3.661377] pci_bus 0000:00: 2-byte config write to 0000:00:01.0 offset 0x3e may corrupt adjacent RW1C bits
[    3.671234] pci 0000:01:00.0: [10ec:8168] type 00 class 0x020000
[    3.677250] pci 0000:01:00.0: reg 0x10: [io  0x0000-0x00ff]
[    3.682837] pci 0000:01:00.0: reg 0x18: [mem 0x00000000-0x00000fff 64bit pref]
[    3.690061] pci 0000:01:00.0: reg 0x20: [mem 0x00000000-0x00003fff 64bit pref]
[    3.697343] pci 0000:01:00.0: supports D1 D2
[    3.701611] pci 0000:01:00.0: PME# supported from D0 D1 D2 D3hot D3cold
[    3.728575] PCI: bus1: Fast back to back transfers disabled
[    3.734137] pci_bus 0000:01: busn_res: [bus 01-ff] end is updated to 01
[    3.740775] pci 0000:00:01.0: BAR 9: assigned [mem 0x28000000-0x280fffff 64bit pref]
[    3.748500] pci 0000:00:01.0: BAR 7: assigned [io  0x1000-0x1fff]
[    3.754595] pci 0000:01:00.0: BAR 4: assigned [mem 0x28000000-0x28003fff 64bit pref]
[    3.762339] pci 0000:01:00.0: BAR 2: assigned [mem 0x28004000-0x28004fff 64bit pref]
[    3.770080] pci 0000:01:00.0: BAR 0: assigned [io  0x1000-0x10ff]
[    3.776161] pci 0000:00:01.0: PCI bridge to [bus 01]
[    3.781122] pci 0000:00:01.0:   bridge window [io  0x1000-0x1fff]
[    3.787202] pci 0000:00:01.0:   bridge window [mem 0x28000000-0x280fffff 64bit pref]
[    3.794956] pci 0000:00:01.0: nv_msi_ht_cap_quirk didn't locate host bridge
[    3.802005] pcieport 0000:00:01.0: enabling device (0140 -> 0143)
[    3.808361] pcieport 0000:00:01.0: Signaling PME with IRQ 375
[    3.814408] r8169 Gigabit Ethernet driver 2.3LK-NAPI loaded
[    3.820032] r8169 0000:01:00.0: enabling device (0140 -> 0143)
[    3.826998] r8169 0000:01:00.0 eth0: RTL8168evl/8111evl at 0xaa295bf5, 02:04:4b:01:60:a6, XID 0c900800 IRQ 376
[    3.837006] r8169 0000:01:00.0 eth0: jumbo features [frames: 9200 bytes, tx checksumming: ko]
[    3.848751] [drm] Supports vblank timestamp caching Rev 2 (21.10.2013).
[    3.855352] [drm] No driver support for vblank timestamp query.
[    3.861324] [drm] Cannot find any crtc or sizes
[    3.865990] [drm] Initialized tegra 0.0.0 20120330 for drm on minor 0
[    3.873504] tegra-ehci 7d004000.usb: EHCI Host Controller
[    3.878934] tegra-ehci 7d004000.usb: new USB bus registered, assigned bus number 1
[    3.886765] tegra-ehci 7d004000.usb: irq 344, io mem 0x7d004000
[    3.892755] [drm] Cannot find any crtc or sizes
[    3.918559] tegra-ehci 7d004000.usb: USB 2.0 started, EHCI 1.00
[    3.925584] hub 1-0:1.0: USB hub found
[    3.929369] hub 1-0:1.0: 1 port detected
[    3.933899] tegra-ehci 7d008000.usb: EHCI Host Controller
[    3.939314] tegra-ehci 7d008000.usb: new USB bus registered, assigned bus number 2
[    3.947130] tegra-ehci 7d008000.usb: irq 345, io mem 0x7d008000
[    3.978556] tegra-ehci 7d008000.usb: USB 2.0 started, EHCI 1.00
[    3.985455] hub 2-0:1.0: USB hub found
[    3.989232] hub 2-0:1.0: 1 port detected
[    3.997219] tps65910-rtc tps65910-rtc: setting system clock to 2000-01-01 00:00:02 UTC (946684802)
[    4.006565] cfg80211: Loading compiled-in X.509 certificates for regulatory database
[    4.018019] cfg80211: Loaded X.509 cert 'sforshee: 00b28ddf47aef9cea7'
[    4.024763] platform regulatory.0: Direct firmware load for regulatory.db failed with error -2
[    4.029237] vdd_sata,avdd_plle: disabling
[    4.033805] usb1_vbus: disabling
[    4.033810] ALSA device list:
[    4.033813]   #0: NVIDIA Tegra Beaver
[    4.047201] cfg80211: failed to load regulatory.db
[    4.054872] EXT4-fs (mmcblk1p1): mounting ext3 file system using the ext4 subsystem
[    4.073426] print_req_error: I/O error, dev mmcblk1, sector 1097848
[    4.079720] JBD2: Failed to read block at offset 23
[    4.084630] JBD2: recovery failed
[    4.087937] EXT4-fs (mmcblk1p1): error loading journal
[    4.093353] VFS: Cannot open root device "PARTUUID=edbe1840-3633-c751-7993-b0ac834f81e0" or unknown-block(179,1): error -5
[    4.104403] Please append a correct "root=" boot option; here are the available partitions:
[    4.112774] b300        15552512 mmcblk1 
[    4.112778]  driver: mmcblk
[    4.119567]   b301         1048576 mmcblk1p1 edbe1840-3633-c751-7993-b0ac834f81e0
[    4.119570] 
[    4.128513]   b302            4096 mmcblk1p2 f05d2efc-4223-16d9-cf59-bb27efb69e2a
[    4.128515] 
[    4.137482]   b303            2048 mmcblk1p3 8be34447-c110-d746-1b77-4b8c23f51dad
[    4.137484] 
[    4.146460]   b304            4096 mmcblk1p4 4c5f040b-ef99-e593-b000-685e13956021
[    4.146462] 
[    4.155427]   b305        14471168 mmcblk1p5 964feb43-f6ea-fe5f-4bf8-d1e28b77d0de
[    4.155430] 
[    4.164385] b320            1024 mmcblk1boot1 
[    4.164388]  (driver?)
[    4.171174] b310            1024 mmcblk1boot0 
[    4.171176]  (driver?)
[    4.177952] b330         3872256 mmcblk0 
[    4.177955]  driver: mmcblk
[    4.184740]   b331         1048576 mmcblk0p1 67acfde8-3d6a-492d-8b52-edab7bf9e1d1
[    4.184742] 
[    4.193693]   b332         1048576 mmcblk0p2 8297773b-6976-4863-b934-376dbfc2479c
[    4.193695] 
[    4.202646]   b333            9216 mmcblk0p3 11cfafcc-7d69-47f9-b3c0-58aa9b667749
[    4.202648] 
[    4.211600] Kernel panic - not syncing: VFS: Unable to mount root fs on unknown-block(179,1)
[    4.220020] CPU: 1 PID: 1 Comm: swapper/0 Not tainted 4.15.0-rc7-next-20180109-24192-g06d4186 #1
[    4.228782] Hardware name: NVIDIA Tegra SoC (Flattened Device Tree)
[    4.235064] [<c0110f48>] (unwind_backtrace) from [<c010c584>] (show_stack+0x10/0x14)
[    4.242795] [<c010c584>] (show_stack) from [<c09707fc>] (dump_stack+0x84/0xa4)
[    4.250005] [<c09707fc>] (dump_stack) from [<c0121c70>] (panic+0xd0/0x274)
[    4.256876] [<c0121c70>] (panic) from [<c0d011ac>] (mount_block_root+0x180/0x2a8)
[    4.264342] [<c0d011ac>] (mount_block_root) from [<c0d013dc>] (mount_root+0x108/0x12c)
[    4.272241] [<c0d013dc>] (mount_root) from [<c0d0152c>] (prepare_namespace+0x12c/0x18c)
[    4.280226] [<c0d0152c>] (prepare_namespace) from [<c0d00e54>] (kernel_init_freeable+0x18c/0x1d0)
[    4.289085] [<c0d00e54>] (kernel_init_freeable) from [<c0984520>] (kernel_init+0x8/0x114)
[    4.297246] [<c0984520>] (kernel_init) from [<c01010e8>] (ret_from_fork+0x14/0x2c)
[    4.304794] Exception stack(0xee8a3fb0 to 0xee8a3ff8)
[    4.309831] 3fa0:                                     00000000 00000000 00000000 00000000
[    4.317987] 3fc0: 00000000 00000000 00000000 00000000 00000000 00000000 00000000 00000000
[    4.326143] 3fe0: 00000000 00000000 00000000 00000000 00000013 00000000
[    4.332750] CPU0: stopping
[    4.335449] CPU: 0 PID: 0 Comm: swapper/0 Not tainted 4.15.0-rc7-next-20180109-24192-g06d4186 #1
[    4.344211] Hardware name: NVIDIA Tegra SoC (Flattened Device Tree)
[    4.350466] [<c0110f48>] (unwind_backtrace) from [<c010c584>] (show_stack+0x10/0x14)
[    4.358192] [<c010c584>] (show_stack) from [<c09707fc>] (dump_stack+0x84/0xa4)
[    4.365398] [<c09707fc>] (dump_stack) from [<c010f4a0>] (handle_IPI+0x18c/0x32c)
[    4.372785] [<c010f4a0>] (handle_IPI) from [<c03fffa8>] (gic_handle_irq+0x88/0x94)
[    4.380339] [<c03fffa8>] (gic_handle_irq) from [<c0101a0c>] (__irq_svc+0x6c/0xa8)
[    4.387800] Exception stack(0xc0e01f00 to 0xc0e01f48)
[    4.392838] 1f00: 00000000 00000005 2e207000 eef95c40 00000001 c0e0ace4 00000000 00000000
[    4.400995] 1f20: c0eb67fc c0d8e1b8 eef951c0 00000000 fa000000 c0e01f50 c069f5ac c069f698
[    4.409150] 1f40: 60000013 ffffffff
[    4.412639] [<c0101a0c>] (__irq_svc) from [<c069f698>] (cpuidle_enter_state+0x1b4/0x3bc)
[    4.420720] [<c069f698>] (cpuidle_enter_state) from [<c0162f2c>] (do_idle+0x184/0x204)
[    4.428619] [<c0162f2c>] (do_idle) from [<c0163234>] (cpu_startup_entry+0x18/0x1c)
[    4.436172] [<c0163234>] (cpu_startup_entry) from [<c0d00c5c>] (start_kernel+0x398/0x404)
[    4.444331] [<c0d00c5c>] (start_kernel) from [<00000000>] (  (null))
[    4.450667] CPU2: stopping
[    4.453366] CPU: 2 PID: 0 Comm: swapper/2 Not tainted 4.15.0-rc7-next-20180109-24192-g06d4186 #1
[    4.462128] Hardware name: NVIDIA Tegra SoC (Flattened Device Tree)
[    4.468382] [<c0110f48>] (unwind_backtrace) from [<c010c584>] (show_stack+0x10/0x14)
[    4.476108] [<c010c584>] (show_stack) from [<c09707fc>] (dump_stack+0x84/0xa4)
[    4.483313] [<c09707fc>] (dump_stack) from [<c010f4a0>] (handle_IPI+0x18c/0x32c)
[    4.490691] [<c010f4a0>] (handle_IPI) from [<c03fffa8>] (gic_handle_irq+0x88/0x94)
[    4.498243] [<c03fffa8>] (gic_handle_irq) from [<c0101a0c>] (__irq_svc+0x6c/0xa8)
[    4.505704] Exception stack(0xee8dff38 to 0xee8dff80)
[    4.510739] ff20:                                                       00000000 00000005
[    4.518897] ff40: 2e229000 eefb7c40 00000001 c0e0ace4 00000002 00000000 c0eb67fc c0d8e1b8
[    4.527054] ff60: eefb71c0 00000001 fa000000 ee8dff88 c069f5ac c069f698 60000113 ffffffff
[    4.535213] [<c0101a0c>] (__irq_svc) from [<c069f698>] (cpuidle_enter_state+0x1b4/0x3bc)
[    4.543285] [<c069f698>] (cpuidle_enter_state) from [<c0162f2c>] (do_idle+0x184/0x204)
[    4.551184] [<c0162f2c>] (do_idle) from [<c0163234>] (cpu_startup_entry+0x18/0x1c)
[    4.558735] [<c0163234>] (cpu_startup_entry) from [<801025ac>] (0x801025ac)
[    4.565678] CPU3: stopping
[    4.568377] CPU: 3 PID: 0 Comm: swapper/3 Not tainted 4.15.0-rc7-next-20180109-24192-g06d4186 #1
[    4.577138] Hardware name: NVIDIA Tegra SoC (Flattened Device Tree)
[    4.583393] [<c0110f48>] (unwind_backtrace) from [<c010c584>] (show_stack+0x10/0x14)
[    4.591118] [<c010c584>] (show_stack) from [<c09707fc>] (dump_stack+0x84/0xa4)
[    4.598323] [<c09707fc>] (dump_stack) from [<c010f4a0>] (handle_IPI+0x18c/0x32c)
[    4.605702] [<c010f4a0>] (handle_IPI) from [<c03fffa8>] (gic_handle_irq+0x88/0x94)
[    4.613253] [<c03fffa8>] (gic_handle_irq) from [<c0101a0c>] (__irq_svc+0x6c/0xa8)
[    4.620714] Exception stack(0xee8e1f38 to 0xee8e1f80)
[    4.625750] 1f20:                                                       00000000 00000005
[    4.633907] 1f40: 2e23a000 eefc8c40 00000001 c0e0ace4 00000003 00000000 c0eb67fc c0d8e1b8
[    4.642064] 1f60: eefc81c0 00000001 fa000000 ee8e1f88 c069f5ac c069f698 60000113 ffffffff
[    4.650223] [<c0101a0c>] (__irq_svc) from [<c069f698>] (cpuidle_enter_state+0x1b4/0x3bc)
[    4.658296] [<c069f698>] (cpuidle_enter_state) from [<c0162f2c>] (do_idle+0x184/0x204)
[    4.666195] [<c0162f2c>] (do_idle) from [<c0163234>] (cpu_startup_entry+0x18/0x1c)
[    4.673746] [<c0163234>] (cpu_startup_entry) from [<801025ac>] (0x801025ac)
[    4.680696] ---[ end Kernel panic - not syncing: VFS: Unable to mount root fs on unknown-block(179,1)
