
U-Boot SPL 2016.05-rc2 (Apr 21 2016 - 16:23:00)
Trying to boot from RAM


U-Boot 2016.05-rc2 (Apr 21 2016 - 16:23:00 -0700)

TEGRA124
Model: NVIDIA Jetson TK1
Board: NVIDIA Jetson TK1
DRAM:  2 GiB
C:   Tegra SD/MMC: 0, Tegra SD/MMC: 1
In:    serial
Out:   serial
Err:   serial
Net:   No ethernet found.
Hit any key to stop autoboot:  2  0 
Tegra124 (Jetson TK1) # 
Tegra124 (Jetson TK1) # pci enum
Tegra124 (Jetson TK1) # setenv bootargs 'ignore_loglevel console=ttyS0,115200n8 rw root=PARTUUID=b1791faa-84e8-4e27-83a1-9fb0a77e8803 rootwait gpt debug noinitrd earlyprintk init=/bin/bash'
Tegra124 (Jetson TK1) # setenv ipaddr 192.168.100.102; setenv serverip 192.168.100.1; setenv tftpserverip 192.168.100.1
Tegra124 (Jetson TK1) # tftpboot 0x82000000 zImage.multi_v7_defconfig

Warning: eth_rtl8169 using MAC address from ROM
Using eth_rtl8169 device
TFTP from server 192.168.100.1; our IP address is 192.168.100.102
Filename 'zImage.multi_v7_defconfig'.
Load address: 0x82000000
Loading: *#################################################################
	 #################################################################
	 #################################################################
	 #################################################################
	 #################################################################
	 #################################################################
	 #################################################################
	 ###########################################################
	 4 MiB/s
done
Bytes transferred = 7536528 (72ff90 hex)
Tegra124 (Jetson TK1) # tftpboot 0x83000000 tegra124-jetson-tk1.dtb
Using eth_rtl8169 device
TFTP from server 192.168.100.1; our IP address is 192.168.100.102
Filename 'tegra124-jetson-tk1.dtb'.
Load address: 0x83000000
Loading: *#####
	 3.8 MiB/s
done
Bytes transferred = 67133 (1063d hex)
Tegra124 (Jetson TK1) # bootz 0x82000000 - 0x83000000
Kernel image @ 0x82000000 [ 0x000000 - 0x72ff90 ]
## Flattened Device Tree blob at 83000000
   Booting using the fdt blob at 0x83000000
   Using Device Tree in place at 83000000, end 8301363c

Starting kernel ...

[    0.000000] Booting Linux on physical CPU 0x0
[    0.000000] Linux version 4.10.0-next-20170303-155459-gc0b7b2b (pwalmsley@sellafield) (gcc version 4.7.3 20130328 (prerelease) (crosstool-NG linaro-1.13.1-4.7-2013.04-20130415 - Linaro GCC 2013.04) ) #1 SMP Thu Mar 2 18:34:48 PST 2017
[    0.000000] CPU: ARMv7 Processor [413fc0f3] revision 3 (ARMv7), cr=10c5387d
[    0.000000] CPU: div instructions available: patching division code
[    0.000000] CPU: PIPT / VIPT nonaliasing data cache, PIPT instruction cache
[    0.000000] OF: fdt: Machine model: NVIDIA Tegra124 Jetson TK1
[    0.000000] debug: ignoring loglevel setting.
[    0.000000] efi: Getting EFI parameters from FDT:
[    0.000000] efi: UEFI not found.
[    0.000000] cma: Reserved 64 MiB at 0xfb800000
[    0.000000] Memory policy: Data cache writealloc
[    0.000000] On node 0 totalpages: 524032
[    0.000000] free_area_init_node: node 0, pgdat c1538200, node_mem_map eeff8000
[    0.000000]   DMA zone: 1536 pages used for memmap
[    0.000000]   DMA zone: 0 pages reserved
[    0.000000]   DMA zone: 196608 pages, LIFO batch:31
[    0.000000]   HighMem zone: 327424 pages, LIFO batch:31
[    0.000000] percpu: Embedded 16 pages/cpu @eef86000 s34432 r8192 d22912 u65536
[    0.000000] pcpu-alloc: s34432 r8192 d22912 u65536 alloc=16*4096
[    0.000000] pcpu-alloc: [0] 0 [0] 1 [0] 2 [0] 3 
[    0.000000] Built 1 zonelists in Zone order, mobility grouping on.  Total pages: 522496
[    0.000000] Kernel command line: ignore_loglevel console=ttyS0,115200n8 rw root=PARTUUID=b1791faa-84e8-4e27-83a1-9fb0a77e8803 rootwait gpt debug noinitrd earlyprintk init=/bin/bash
[    0.000000] PID hash table entries: 4096 (order: 2, 16384 bytes)
[    0.000000] Dentry cache hash table entries: 131072 (order: 7, 524288 bytes)
[    0.000000] Inode-cache hash table entries: 65536 (order: 6, 262144 bytes)
[    0.000000] Memory: 1993652K/2096128K available (10240K kernel code, 1254K rwdata, 4212K rodata, 2048K init, 536K bss, 36940K reserved, 65536K cma-reserved, 1244160K highmem)
[    0.000000] Virtual kernel memory layout:
[    0.000000]     vector  : 0xffff0000 - 0xffff1000   (   4 kB)
[    0.000000]     fixmap  : 0xffc00000 - 0xfff00000   (3072 kB)
[    0.000000]     vmalloc : 0xf0800000 - 0xff800000   ( 240 MB)
[    0.000000]     lowmem  : 0xc0000000 - 0xf0000000   ( 768 MB)
[    0.000000]     pkmap   : 0xbfe00000 - 0xc0000000   (   2 MB)
[    0.000000]     modules : 0xbf000000 - 0xbfe00000   (  14 MB)
[    0.000000]       .text : 0xc0208000 - 0xc0d00000   (11232 kB)
[    0.000000]       .init : 0xc1200000 - 0xc1400000   (2048 kB)
[    0.000000]       .data : 0xc1400000 - 0xc1539b20   (1255 kB)
[    0.000000]        .bss : 0xc153b000 - 0xc15c12b8   ( 537 kB)
[    0.000000] SLUB: HWalign=64, Order=0-3, MinObjects=0, CPUs=4, Nodes=1
[    0.000000] Hierarchical RCU implementation.
[    0.000000] 	RCU debugfs-based tracing is enabled.
[    0.000000] 	Build-time adjustment of leaf fanout to 32.
[    0.000000] 	RCU restricting CPUs from NR_CPUS=16 to nr_cpu_ids=4.
[    0.000000] RCU: Adjusting geometry for rcu_fanout_leaf=32, nr_cpu_ids=4
[    0.000000] NR_IRQS:16 nr_irqs:16 16
[    0.000000] /interrupt-controller@60004000: 160 interrupts forwarded to /interrupt-controller@50041000
[    0.000000] Tegra clk 127: register failed with -17
[    0.000008] sched_clock: 32 bits at 1000kHz, resolution 1000ns, wraps every 2147483647500ns
[    0.000032] clocksource: timer_us: mask: 0xffffffff max_cycles: 0xffffffff, max_idle_ns: 1911260446275 ns
[    0.000047] Switching to timer-based delay loop, resolution 1000ns
[    0.005028] arm_arch_timer: Architected cp15 timer(s) running at 12.00MHz (virt).
[    0.005047] clocksource: arch_sys_counter: mask: 0xffffffffffffff max_cycles: 0x2c47f4ee7, max_idle_ns: 440795202497 ns
[    0.005066] sched_clock: 56 bits at 12MHz, resolution 83ns, wraps every 4398046511096ns
[    0.005080] Switching to timer-based delay loop, resolution 83ns
[    0.005536] Console: colour dummy device 80x30
[    0.005564] Calibrating delay loop (skipped), value calculated using timer frequency.. 24.00 BogoMIPS (lpj=120000)
[    0.005583] pid_max: default: 32768 minimum: 301
[    0.005683] Mount-cache hash table entries: 2048 (order: 1, 8192 bytes)
[    0.005695] Mountpoint-cache hash table entries: 2048 (order: 1, 8192 bytes)
[    0.006160] CPU: Testing write buffer coherency: ok
[    0.006407] /cpus/cpu@0 missing clock-frequency property
[    0.006452] /cpus/cpu@1 missing clock-frequency property
[    0.006496] /cpus/cpu@2 missing clock-frequency property
[    0.006541] /cpus/cpu@3 missing clock-frequency property
[    0.006554] CPU0: thread -1, cpu 0, socket 0, mpidr 80000000
[    0.006754] Setting up static identity map for 0x80300000 - 0x80300098
[    0.010430] Tegra Revision: A01 SKU: 129 CPU Process: 1 SoC Process: 1
[    0.011065] EFI services will not be available.
[    0.011304] smp: Bringing up secondary CPUs ...
[    0.011813] CPU1: thread -1, cpu 1, socket 0, mpidr 80000001
[    0.015176] CPU2: thread -1, cpu 2, socket 0, mpidr 80000002
[    0.025182] CPU3: thread -1, cpu 3, socket 0, mpidr 80000003
[    0.034712] smp: Brought up 1 node, 4 CPUs
[    0.034733] SMP: Total of 4 processors activated (96.00 BogoMIPS).
[    0.034742] CPU: All CPU(s) started in SVC mode.
[    0.036210] devtmpfs: initialized
[    0.052432] VFP support v0.3: implementor 41 architecture 4 part 30 variant f rev 0
[    0.052823] clocksource: jiffies: mask: 0xffffffff max_cycles: 0xffffffff, max_idle_ns: 19112604462750000 ns
[    0.052843] futex hash table entries: 1024 (order: 4, 65536 bytes)
[    0.054278] pinctrl core: initialized pinctrl subsystem
[    0.056171] NET: Registered protocol family 16
[    0.058226] DMA: preallocated 256 KiB pool for atomic coherent allocations
[    0.060677] cpuidle: using governor menu
[    0.087577] No ATAGs?
[    0.087701] hw-breakpoint: found 5 (+1 reserved) breakpoint and 4 watchpoint registers.
[    0.087717] hw-breakpoint: maximum watchpoint size is 8 bytes.
[    0.094172] Serial: AMBA PL011 UART driver
[    0.110207] AT91: Could not find identification node
[    0.110741] +5V_SYS: supplied by +VDD_MUX
[    0.111010] +3.3V_SYS: supplied by +VDD_MUX
[    0.111596] +USB0_VBUS_SW: Failed to request enable GPIO108: -517
[    0.111613] reg-fixed-voltage regulators:regulator@7: Failed to register regulator: -517
[    0.111701] +5V_USB_HS: Failed to request enable GPIO109: -517
[    0.111715] reg-fixed-voltage regulators:regulator@8: Failed to register regulator: -517
[    0.111878] +1.05V_RUN_AVDD_HDMI_PLL: Failed to request enable GPIO63: -517
[    0.111893] reg-fixed-voltage regulators:regulator@11: Failed to register regulator: -517
[    0.111977] +5V_HDMI_CON: Failed to request enable GPIO86: -517
[    0.111990] reg-fixed-voltage regulators:regulator@12: Failed to register regulator: -517
[    0.112076] +5V_SATA: Failed to request enable GPIO242: -517
[    0.112089] reg-fixed-voltage regulators:regulator@13: Failed to register regulator: -517
[    0.112173] +12V_SATA: Failed to request enable GPIO242: -517
[    0.112187] reg-fixed-voltage regulators:regulator@14: Failed to register regulator: -517
[    0.115293] vgaarb: loaded
[    0.116056] SCSI subsystem initialized
[    0.116216] libata version 3.00 loaded.
[    0.116455] usbcore: registered new interface driver usbfs
[    0.116514] usbcore: registered new interface driver hub
[    0.116573] usbcore: registered new device driver usb
[    0.119949] pps_core: LinuxPPS API ver. 1 registered
[    0.119961] pps_core: Software ver. 5.3.6 - Copyright 2005-2007 Rodolfo Giometti <giometti@linux.it>
[    0.119987] PTP clock support registered
[    0.120173] EDAC MC: Ver: 3.0.0
[    0.122992] clocksource: Switched to clocksource arch_sys_counter
[    0.132351] NET: Registered protocol family 2
[    0.132844] TCP established hash table entries: 8192 (order: 3, 32768 bytes)
[    0.132944] TCP bind hash table entries: 8192 (order: 4, 65536 bytes)
[    0.133150] TCP: Hash tables configured (established 8192 bind 8192)
[    0.133231] UDP hash table entries: 512 (order: 2, 16384 bytes)
[    0.133275] UDP-Lite hash table entries: 512 (order: 2, 16384 bytes)
[    0.133417] NET: Registered protocol family 1
[    0.133707] RPC: Registered named UNIX socket transport module.
[    0.133717] RPC: Registered udp transport module.
[    0.133726] RPC: Registered tcp transport module.
[    0.133735] RPC: Registered tcp NFSv4.1 backchannel transport module.
[    0.133747] PCI: CLS 0 bytes, default 64
[    0.134931] hw perfevents: enabled with armv7_cortex_a15 PMU driver, 7 counters available
[    0.136768] workingset: timestamp_bits=30 max_order=19 bucket_order=0
[    0.145070] squashfs: version 4.0 (2009/01/31) Phillip Lougher
[    0.145767] NFS: Registering the id_resolver key type
[    0.145790] Key type id_resolver registered
[    0.145800] Key type id_legacy registered
[    0.145845] ntfs: driver 2.1.32 [Flags: R/O].
[    0.147300] bounce: pool size: 64 pages
[    0.147341] Block layer SCSI generic (bsg) driver version 0.4 loaded (major 248)
[    0.147351] io scheduler noop registered
[    0.147361] io scheduler deadline registered
[    0.147525] io scheduler cfq registered (default)
[    0.147535] io scheduler mq-deadline registered
[    0.152658]  usb2-0: usb2-0 supply vbus not found, using dummy regulator
[    0.152776]  usb2-1: usb2-1 supply vbus not found, using dummy regulator
[    0.153193] tegra-xusb-padctl 7009f000.padctl: failed to setup XUSB ports: -517
[    0.168887] tegra-pcie 1003000.pcie-controller: 2x1, 1x1 configuration
[    0.168940] tegra-pcie 1003000.pcie-controller: Failed to get supply 'avddio-pex': -517
[    0.175125] tegra124-dfll 70110000.clock: couldn't get vdd_cpu regulator
[    0.182304] tegra-apbdma 60020000.dma: Tegra20 APB DMA driver register 32 channels
[    0.184296] tegra-pmc 7000e400.pmc: emergency thermal reset enabled
[    0.237612] Serial: 8250/16550 driver, 4 ports, IRQ sharing disabled
[    0.240125] console [ttyS0] disabled
[    0.240162] 70006300.serial: ttyS0 at MMIO 0x70006300 (irq = 335, base_baud = 25500000) is a Tegra
[    1.133852] console [ttyS0] enabled
[    1.138181] SuperH (H)SCI(F) driver initialized
[    1.143714] msm_serial: driver initialized
[    1.147984] STMicroelectronics ASC driver initialized
[    1.153876] 70006000.serial: ttyTHS1 at MMIO 0x70006000 (irq = 333, base_baud = 0) is a TEGRA_UART
[    1.163110] 70006040.serial: ttyTHS2 at MMIO 0x70006040 (irq = 334, base_baud = 0) is a TEGRA_UART
[    1.178463] tegra-hdmi 54280000.hdmi: failed to get HDMI regulator
[    1.197170] brd: module loaded
[    1.207243] loop: module loaded
[    1.211556] at24 0-0056: 256 byte 24c02 EEPROM, writable, 8 bytes/write
[    1.219801] as3722 4-0040: AS3722 with revision 0x1 found
[    1.231605] as3722-sd2: supplied by +5V_SYS
[    1.236240] as3722-sd3: supplied by +5V_SYS
[    1.240637] +1.35V_LP0(sd3): Bringing 0uV into 1350000-1350000uV
[    1.247048] as3722-sd4: supplied by +5V_SYS
[    1.251651] as3722-sd5: supplied by +5V_SYS
[    1.257683] as3722-ldo0: supplied by +1.35V_LP0(sd2)
[    1.263754] +1.8V_RUN_CAM: Bringing 0uV into 1800000-1800000uV
[    1.269959] as3722-ldo2: supplied by +1.8V_VDDIO
[    1.275876] as3722-ldo3: supplied by +3.3V_SYS
[    1.280350] +1.05V_LP0_VDD_RTC: Bringing 1100000uV into 1000000-1000000uV
[    1.288117] as3722-ldo4: supplied by +3.3V_SYS
[    1.292773] +2.8V_RUN_CAM: Bringing 0uV into 2800000-2800000uV
[    1.298978] as3722-ldo5: supplied by +1.8V_VDDIO
[    1.303836] +1.2V_RUN_CAM_FRONT: Bringing 0uV into 1200000-1200000uV
[    1.310728] +VDDIO_SDMMC3: bypassed regulator has no supply!
[    1.316401] +VDDIO_SDMMC3: failed to get the current voltage(-517)
[    1.322576] as3722-regulator as3722-regulator: regulator 13 register failed -517
[    1.334992] tegra-ahci 70027000.sata: couldn't get PHY in node sata: -517
[    1.354189] random: fast init done
[    1.357776] m25p80 spi32765.0: w25q32dw (4096 Kbytes)
[    1.365696] libphy: Fixed MDIO Bus: probed
[    1.370850] CAN device driver interface
[    1.375610] bgmac_bcma: Broadcom 47xx GBit MAC driver loaded
[    1.382615] e1000e: Intel(R) PRO/1000 Network Driver - 3.2.6-k
[    1.388453] e1000e: Copyright(c) 1999 - 2015 Intel Corporation.
[    1.394434] igb: Intel(R) Gigabit Ethernet Network Driver - version 5.4.0-k
[    1.401384] igb: Copyright (c) 2007-2014 Intel Corporation.
[    1.410493] pegasus: v0.9.3 (2013/04/25), Pegasus/Pegasus II USB Ethernet driver
[    1.417944] usbcore: registered new interface driver pegasus
[    1.423660] usbcore: registered new interface driver asix
[    1.429085] usbcore: registered new interface driver ax88179_178a
[    1.435221] usbcore: registered new interface driver cdc_ether
[    1.441099] usbcore: registered new interface driver smsc75xx
[    1.446906] usbcore: registered new interface driver smsc95xx
[    1.452678] usbcore: registered new interface driver net1080
[    1.458380] usbcore: registered new interface driver cdc_subset
[    1.464343] usbcore: registered new interface driver zaurus
[    1.469961] usbcore: registered new interface driver cdc_ncm
[    1.475842] tegra-phy 7d004000.usb-phy: no vbus regulator
[    1.483198] ehci_hcd: USB 2.0 'Enhanced' Host Controller (EHCI) Driver
[    1.489718] ehci-pci: EHCI PCI platform driver
[    1.494215] ehci-platform: EHCI generic platform driver
[    1.499637] ehci-orion: EHCI orion driver
[    1.503792] SPEAr-ehci: EHCI SPEAr driver
[    1.507938] ehci-st: EHCI STMicroelectronics driver
[    1.512945] ehci-exynos: EHCI EXYNOS driver
[    1.517298] ehci-atmel: EHCI Atmel driver
[    1.521436] tegra-ehci: Tegra EHCI driver
[    1.528283] tegra-ehci 7d004000.usb: EHCI Host Controller
[    1.533715] tegra-ehci 7d004000.usb: new USB bus registered, assigned bus number 1
[    1.541435] tegra-ehci 7d004000.usb: irq 354, io mem 0x7d004000
[    1.573010] tegra-ehci 7d004000.usb: USB 2.0 started, EHCI 1.10
[    1.579696] hub 1-0:1.0: USB hub found
[    1.583499] hub 1-0:1.0: 1 port detected
[    1.587973] ohci_hcd: USB 1.1 'Open' Host Controller (OHCI) Driver
[    1.594173] ohci-pci: OHCI PCI platform driver
[    1.598658] ohci-platform: OHCI generic platform driver
[    1.604059] ohci-omap3: OHCI OMAP3 driver
[    1.608196] SPEAr-ohci: OHCI SPEAr driver
[    1.612335] ohci-st: OHCI STMicroelectronics driver
[    1.617361] ohci-atmel: OHCI Atmel driver
[    1.622106] usbcore: registered new interface driver usb-storage
[    1.632268] as3722-rtc as3722-rtc: rtc core: registered as3722-rtc as rtc0
[    1.639167] as3722-rtc as3722-rtc: RTC interrupt 377
[    1.647339] tegra_rtc 7000e000.rtc: rtc core: registered 7000e000.rtc as rtc1
[    1.654518] tegra_rtc 7000e000.rtc: Tegra internal Real Time Clock
[    1.661202] i2c /dev entries driver
[    1.671300] lm90 0-004c: 0-004c supply vcc not found, using dummy regulator
[    1.688321] sdhci: Secure Digital Host Controller Interface driver
[    1.694520] sdhci: Copyright(c) Pierre Ossman
[    1.700448] Synopsys Designware Multimedia Card Interface Driver
[    1.707603] sdhci-pltfm: SDHCI platform and OF driver helper
[    1.714011] sdhci-tegra 700b0400.sdhci: Got CD GPIO
[    1.718898] sdhci-tegra 700b0400.sdhci: Got WP GPIO
[    1.724030] mmc0: Unknown controller version (3). You may experience problems.
[    1.731321] mmc0: Invalid maximum block size, assuming 512 bytes
[    1.803012] mmc0: SDHCI controller on 700b0600.sdhci [700b0600.sdhci] using ADMA
[    1.812294] ledtrig-cpu: registered to indicate activity on CPUs
[    1.818625] usbcore: registered new interface driver usbhid
[    1.824210] usbhid: USB HID core driver
[    1.832077] NET: Registered protocol family 10
[    1.837349] Segment Routing with IPv6
[    1.841063] sit: IPv6, IPv4 and MPLS over IPv4 tunneling driver
[    1.847542] NET: Registered protocol family 17
[    1.851992] can: controller area network core (rev 20120528 abi 9)
[    1.858343] NET: Registered protocol family 29
[    1.862782] can: raw protocol (rev 20120528)
[    1.867065] can: broadcast manager protocol (rev 20161123 t)
[    1.872721] can: netlink gateway (rev 20130117) max_hops=1
[    1.878510] Key type dns_resolver registered
[    1.883337] ThumbEE CPU extension supported.
[    1.887608] Registering SWP/SWPB emulation handler
[    1.910146] +3.3V_RUN: supplied by +3.3V_SYS
[    1.916153] +USB0_VBUS_SW: supplied by +5V_SYS
[    1.920844] +3.3V_AVDD_HDMI_AP_GATED: supplied by +3.3V_RUN
[    1.927041] +5V_USB_HS: supplied by +5V_SYS
[    1.932696] +3.3V_LP0: supplied by +3.3V_SYS
[    1.939764] +5V_HDMI_CON: supplied by +5V_SYS
[    1.944920] +5V_SATA: supplied by +5V_SYS
[    1.949456] +12V_SATA: supplied by +VDD_MUX
[    1.955103]  usb2-0: usb2-0 supply vbus not found, using dummy regulator
[    1.961904]  usb2-1: usb2-1 supply vbus not found, using dummy regulator
[    1.968968]  usb3-0: usb3-0 supply vbus not found, using dummy regulator
[    1.983039] tegra-pcie 1003000.pcie-controller: 2x1, 1x1 configuration
[    1.989644] tegra-pcie 1003000.pcie-controller: Failed to get supply 'avddio-pex': -517
[    2.000707] tegra124-dfll 70110000.clock: couldn't get vdd_cpu regulator
[    2.010898] tegra-hdmi 54280000.hdmi: failed to get PLL regulator
[    2.021576] as3722-sd2: supplied by +5V_SYS
[    2.026138] as3722-sd3: supplied by +5V_SYS
[    2.030578] as3722-sd4: supplied by +5V_SYS
[    2.035146] as3722-sd5: supplied by +5V_SYS
[    2.041123] as3722-ldo0: supplied by +1.35V_LP0(sd2)
[    2.047907] as3722-ldo1: supplied by +3.3V_RUN
[    2.052697] as3722-ldo2: supplied by +1.8V_VDDIO
[    2.058417] as3722-ldo3: supplied by +3.3V_SYS
[    2.063860] as3722-ldo4: supplied by +3.3V_SYS
[    2.068570] as3722-ldo5: supplied by +1.8V_VDDIO
[    2.073651] as3722-ldo6: supplied by +3.3V_RUN
[    2.078381] as3722-ldo7: supplied by +1.8V_VDDIO
[    2.083902] +1.05V_RUN_CAM_REAR: Bringing 0uV into 1050000-1050000uV
[    2.091039] as3722-ldo9: supplied by +5V_SYS
[    2.097820] +3.3V_RUN_TOUCH: Bringing 0uV into 2800000-2800000uV
[    2.104644] as3722-ldo10: supplied by +5V_SYS
[    2.109536] +2.8V_RUN_CAM_AF: Bringing 0uV into 2800000-2800000uV
[    2.116472] as3722-ldo11: supplied by +3.3V_RUN
[    2.121098] mmc0: new high speed MMC card at address 0001
[    2.127378] +1.8V_RUN_VPP_FUSE: Bringing 0uV into 1800000-1800000uV
[    2.135681] mmcblk0: mmc0:0001 SEM16G 14.7 GiB 
[    2.141045] mmcblk0boot0: mmc0:0001 SEM16G partition 1 4.00 MiB
[    2.147513] tegra-ahci 70027000.sata: AHCI 0001.0301 32 slots 2 ports 3 Gbps 0x1 impl platform mode
[    2.156615] tegra-ahci 70027000.sata: flags: 64bit ncq sntf pm led pio slum part sadm sds apst 
[    2.166504] mmcblk0boot1: mmc0:0001 SEM16G partition 2 4.00 MiB
[    2.173033] scsi host0: tegra-ahci
[    2.177268] mmcblk0rpmb: mmc0:0001 SEM16G partition 3 4.00 MiB
[    2.183467] scsi host1: tegra-ahci
[    2.187146] ata1: SATA max UDMA/133 mmio [mem 0x70027000-0x70028fff] port 0x100 irq 345
[    2.195177] ata2: DUMMY
[    2.200856] tegra-ehci 7d008000.usb: EHCI Host Controller
[    2.206314] tegra-ehci 7d008000.usb: new USB bus registered, assigned bus number 2
[    2.214346] tegra-ehci 7d008000.usb: irq 355, io mem 0x7d008000
[    2.221255]  mmcblk0: p1
[    2.243107] tegra-ehci 7d008000.usb: USB 2.0 started, EHCI 1.10
[    2.249929] hub 2-0:1.0: USB hub found
[    2.253789] hub 2-0:1.0: 1 port detected
[    2.260090] sdhci-tegra 700b0400.sdhci: Got CD GPIO
[    2.265055] sdhci-tegra 700b0400.sdhci: Got WP GPIO
[    2.270121] mmc1: Unknown controller version (3). You may experience problems.
[    2.277450] mmc1: Invalid maximum block size, assuming 512 bytes
[    2.343535] mmc1: SDHCI controller on 700b0400.sdhci [700b0400.sdhci] using ADMA
[    2.351613] tegra-pcie 1003000.pcie-controller: 2x1, 1x1 configuration
[    2.359966] tegra-pcie 1003000.pcie-controller: probing port 0, using 2 lanes
[    2.369338] tegra-pcie 1003000.pcie-controller: Slot present pin change, signature: 00000008
[    2.393804] tegra-pcie 1003000.pcie-controller: probing port 1, using 1 lanes
[    2.403017] tegra-pcie 1003000.pcie-controller: Slot present pin change, signature: 00000000
[    2.417497] tegra-pcie 1003000.pcie-controller: PCI host bridge to bus 0000:00
[    2.424764] pci_bus 0000:00: root bus resource [io  0x0000-0xffff]
[    2.430950] pci_bus 0000:00: root bus resource [mem 0x13000000-0x1fffffff]
[    2.437856] pci_bus 0000:00: root bus resource [mem 0x20000000-0x3fffffff pref]
[    2.445208] pci_bus 0000:00: root bus resource [bus 00-ff]
[    2.450742] pci 0000:00:01.0: [10de:0e12] type 01 class 0x060400
[    2.456836] pci_bus 0000:00: 2-byte config write to 0000:00:01.0 offset 0x88 may corrupt adjacent RW1C bits
[    2.466648] pci_bus 0000:00: 2-byte config write to 0000:00:01.0 offset 0x52 may corrupt adjacent RW1C bits
[    2.476454] pci 0000:00:01.0: PME# supported from D0 D1 D2 D3hot D3cold
[    2.483115] pci_bus 0000:00: 2-byte config write to 0000:00:01.0 offset 0x4c may corrupt adjacent RW1C bits
[    2.493171] pci 0000:00:02.0: [10de:0e13] type 01 class 0x060400
[    2.499225] pci_bus 0000:00: 2-byte config write to 0000:00:02.0 offset 0x88 may corrupt adjacent RW1C bits
[    2.509034] pci_bus 0000:00: 2-byte config write to 0000:00:02.0 offset 0x52 may corrupt adjacent RW1C bits
[    2.518841] pci 0000:00:02.0: PME# supported from D0 D1 D2 D3hot D3cold
[    2.525504] pci_bus 0000:00: 2-byte config write to 0000:00:02.0 offset 0x4c may corrupt adjacent RW1C bits
[    2.526714] ata1: SATA link down (SStatus 0 SControl 300)
[    2.540910] pci_bus 0000:00: 2-byte config write to 0000:00:01.0 offset 0x3e may corrupt adjacent RW1C bits
[    2.550663] pci_bus 0000:00: 2-byte config write to 0000:00:02.0 offset 0x3e may corrupt adjacent RW1C bits
[    2.560443] pci_bus 0000:00: 2-byte config write to 0000:00:01.0 offset 0x4 may corrupt adjacent RW1C bits
[    2.570104] pci_bus 0000:00: 1-byte config write to 0000:00:01.0 offset 0xc may corrupt adjacent RW1C bits
[    2.579794] PCI: bus0: Fast back to back transfers disabled
[    2.585382] pci 0000:00:01.0: bridge configuration invalid ([bus 00-00]), reconfiguring
[    2.593399] pci 0000:00:02.0: bridge configuration invalid ([bus 00-00]), reconfiguring
[    2.601607] pci 0000:01:00.0: [8086:4232] type 00 class 0x028000
[    2.607670] pci 0000:01:00.0: reg 0x10: [mem 0x00000000-0x00001fff 64bit]
[    2.614668] pci 0000:01:00.0: PME# supported from D0 D3hot D3cold
[    2.636713] mmc1: new high speed SDHC card at address aaaa
[    2.643096] PCI: bus1: Fast back to back transfers disabled
[    2.648697] pci_bus 0000:01: busn_res: [bus 01-ff] end is updated to 01
[    2.655573] pci 0000:02:00.0: [10ec:8168] type 00 class 0x020000
[    2.661608] pci 0000:02:00.0: reg 0x10: [io  0x0000-0x00ff]
[    2.667257] pci 0000:02:00.0: reg 0x18: [mem 0x00000000-0x00000fff 64bit]
[    2.674107] pci 0000:02:00.0: reg 0x20: [mem 0x00000000-0x00003fff 64bit pref]
[    2.681482] pci 0000:02:00.0: supports D1 D2
[    2.685767] pci 0000:02:00.0: PME# supported from D0 D1 D2 D3hot D3cold
[    2.692704] mmcblk1: mmc1:aaaa SD04G 3.69 GiB 
[    2.710880]  mmcblk1: p1 p2 p3
[    2.714202] PCI: bus2: Fast back to back transfers disabled
[    2.719800] pci_bus 0000:02: busn_res: [bus 02-ff] end is updated to 02
[    2.726648] pci 0000:00:01.0: BAR 8: assigned [mem 0x13000000-0x130fffff]
[    2.733487] pci 0000:00:02.0: BAR 8: assigned [mem 0x13100000-0x131fffff]
[    2.740288] pci 0000:00:02.0: BAR 9: assigned [mem 0x20000000-0x200fffff 64bit pref]
[    2.748069] pci 0000:00:02.0: BAR 7: assigned [io  0x1000-0x1fff]
[    2.754189] pci 0000:01:00.0: BAR 0: assigned [mem 0x13000000-0x13001fff 64bit]
[    2.761530] pci 0000:00:01.0: PCI bridge to [bus 01]
[    2.766534] pci 0000:00:01.0:   bridge window [mem 0x13000000-0x130fffff]
[    2.773350] pci 0000:02:00.0: BAR 4: assigned [mem 0x20000000-0x20003fff 64bit pref]
[    2.781106] pci 0000:02:00.0: BAR 2: assigned [mem 0x13100000-0x13100fff 64bit]
[    2.788466] pci 0000:02:00.0: BAR 0: assigned [io  0x1000-0x10ff]
[    2.794588] pci 0000:00:02.0: PCI bridge to [bus 02]
[    2.799561] pci 0000:00:02.0:   bridge window [io  0x1000-0x1fff]
[    2.805694] pci 0000:00:02.0:   bridge window [mem 0x13100000-0x131fffff]
[    2.812479] pci 0000:00:02.0:   bridge window [mem 0x20000000-0x200fffff 64bit pref]
[    2.820266] pci 0000:00:01.0: nv_msi_ht_cap_quirk didn't locate host bridge
[    2.827351] pcieport 0000:00:01.0: enabling device (0140 -> 0142)
[    2.833713] pcieport 0000:00:01.0: Signaling PME with IRQ 393
[    2.839552] pci 0000:00:02.0: nv_msi_ht_cap_quirk didn't locate host bridge
[    2.846633] pcieport 0000:00:02.0: enabling device (0140 -> 0143)
[    2.852955] pcieport 0000:00:02.0: Signaling PME with IRQ 394
[    2.859017] r8169 Gigabit Ethernet driver 2.3LK-NAPI loaded
[    2.864654] r8169 0000:02:00.0: enabling device (0140 -> 0143)
[    2.894688] r8169 0000:02:00.0 eth0: RTL8168g/8111g at 0xf0b56000, 00:04:4b:3a:d9:81, XID 0c000800 IRQ 395
[    2.904383] r8169 0000:02:00.0 eth0: jumbo features [frames: 9200 bytes, tx checksumming: ko]
[    2.917339] +1.05V_RUN_AVDD_HDMI_PLL: supplied by +1.05V_RUN
[    2.925137] [drm] Supports vblank timestamp caching Rev 2 (21.10.2013).
[    2.931751] [drm] No driver support for vblank timestamp query.
[    3.059006] tegra-hdmi 54280000.hdmi: cannot set audio to 48000 Hz at 297000000 Hz pixel clock
[    3.306899] Console: switching to colour frame buffer device 512x135
[    3.405484] drm drm: fb0:  frame buffer device
[    3.410020] [drm] Initialized tegra 0.0.0 20120330 for drm on minor 0
[    3.417829] of: dev_pm_opp_of_cpumask_add_table: couldn't find opp table for cpu:0, -19
[    3.425892] cpufreq: cpufreq_online: CPU0: Running at unlisted freq: 696000 KHz
[    3.433219] cpufreq: cpufreq_online: CPU0: Unlisted initial frequency changed to: 714000 KHz
[    3.442314] input: gpio-keys as /devices/soc0/gpio-keys/input/input0
[    3.449601] as3722-rtc as3722-rtc: setting system clock to 2000-01-01 00:02:26 UTC (946684946)
[    3.458674] +USB0_VBUS_SW: disabling
[    3.462248] +1.8V_RUN_CAM: disabling
[    3.466058] +2.8V_RUN_CAM: disabling
[    3.469825] +1.2V_RUN_CAM_FRONT: disabling
[    3.474184] +1.05V_RUN_CAM_REAR: disabling
[    3.478433] +3.3V_RUN_TOUCH: disabling
[    3.482332] +2.8V_RUN_CAM_AF: disabling
[    3.486382] +1.8V_RUN_VPP_FUSE: disabling
[    3.491419] EXT4-fs (mmcblk0p1): mounting ext3 file system using the ext4 subsystem
[    3.512852] EXT4-fs (mmcblk0p1): recovery complete
[    3.517671] EXT4-fs (mmcblk0p1): mounted filesystem with ordered data mode. Opts: (null)
[    3.525795] VFS: Mounted root (ext3 filesystem) on device 179:1.
[    3.536116] devtmpfs: mounted
[    3.539695] Freeing unused kernel memory: 2048K
bash: cannot set terminal process group (-1): Inappropriate ioctl for device
bash: no job control in this shell
root@(none):/# mount -t sysfs none /sys
root@(none):/# 
root@(none):/# mount -t debugfs none /sys/kernel/debug
root@(none):/# 
root@(none):/# rtcwake -d rtc1 -m mem -s 3
rtcwake: assuming RTC uses UTC ...
rtcwake: wakeup from "mem" using /dev/rtc1 at Thu Jan  1 00:00:20 1970
[    6.495436] PM: Syncing filesystems ... done.
[    6.698481] Freezing user space processes ... (elapsed 0.001 seconds) done.
[    6.706786] Freezing remaining freezable tasks ... (elapsed 0.001 seconds) done.
[    6.715389] Suspending console(s) (use no_console_suspend to debug)
[    6.844769] PM: suspend of devices complete after 122.642 msecs
[    6.846786] PM: late suspend of devices complete after 2.007 msecs
[    6.873990] PM: noirq suspend of devices complete after 27.199 msecs
[    6.873993] Disabling non-boot CPUs ...
[    7.035138] Entering suspend state LP1
[    7.035138] Suspended for 2.898 seconds
[    7.035148] Enabling non-boot CPUs ...
[    7.064825] CPU1 is up
[    7.104760] CPU2 is up
[    7.145027] CPU3 is up
[    7.145697] pcieport 0000:00:02.0: nv_msi_ht_cap_quirk didn't locate host bridge
[    7.145699] pcieport 0000:00:01.0: nv_msi_ht_cap_quirk didn't locate host bridge
[    7.173079] PM: noirq resume of devices complete after 28.046 msecs
[    7.174391] PM: early resume of devices complete after 0.985 msecs
[    7.177798] tegra-hdmi 54280000.hdmi: cannot set audio to 48000 Hz at 297000000 Hz pixel clock
[    7.299727] PM: resume of devices complete after 125.325 msecs
[    7.382739] Restarting tasks ... done.
root@(none):/# 
root@(none):/# [    7.505714] ata1: SATA link down (SStatus 0 SControl 300)
rtcwake -d rtc1 -m mem -s 3
rtcwake: assuming RTC uses UTC ...
rtcwake: wakeup from "mem" using /dev/rtc1 at Thu Jan  1 00:00:25 1970
[    8.645513] PM: Syncing filesystems ... done.
[    8.854103] Freezing user space processes ... (elapsed 0.001 seconds) done.
[    8.862402] Freezing remaining freezable tasks ... (elapsed 0.001 seconds) done.
[    8.871020] Suspending console(s) (use no_console_suspend to debug)
[    8.892463] pci_generic_config_write32: 118 callbacks suppressed
[    8.892470] pci_bus 0000:00: 2-byte config write to 0000:00:02.0 offset 0x9c may corrupt adjacent RW1C bits
[    8.892479] pci_bus 0000:00: 2-byte config write to 0000:00:01.0 offset 0x9c may corrupt adjacent RW1C bits
[    9.004645] PM: suspend of devices complete after 126.824 msecs
[    9.006355] PM: late suspend of devices complete after 1.700 msecs
[    9.006795] pci_bus 0000:02: 2-byte config write to 0000:02:00.0 offset 0x44 may corrupt adjacent RW1C bits
[    9.006818] pci_bus 0000:02: 2-byte config write to 0000:02:00.0 offset 0x44 may corrupt adjacent RW1C bits
[    9.034108] PM: noirq suspend of devices complete after 27.745 msecs
[    9.034111] Disabling non-boot CPUs ...
[    9.034383] IRQ17 no longer affine to CPU1
[    9.195029] Entering suspend state LP1
[    9.195029] Suspended for 2.839 seconds
[    9.195040] Enabling non-boot CPUs ...
[    9.224807] CPU1 is up
[    9.264750] CPU2 is up
[    9.305020] CPU3 is up
[    9.305595] pci_bus 0000:00: 2-byte config write to 0000:00:01.0 offset 0x4c may corrupt adjacent RW1C bits
[    9.305603] pci_bus 0000:00: 2-byte config write to 0000:00:02.0 offset 0x4c may corrupt adjacent RW1C bits
[    9.305615] pci_bus 0000:00: 2-byte config write to 0000:00:01.0 offset 0x88 may corrupt adjacent RW1C bits
[    9.305622] pci_bus 0000:00: 2-byte config write to 0000:00:02.0 offset 0x88 may corrupt adjacent RW1C bits
[    9.305628] pci_bus 0000:00: 2-byte config write to 0000:00:01.0 offset 0x90 may corrupt adjacent RW1C bits
[    9.305634] pci_bus 0000:00: 2-byte config write to 0000:00:02.0 offset 0x90 may corrupt adjacent RW1C bits
[    9.305740] pcieport 0000:00:01.0: nv_msi_ht_cap_quirk didn't locate host bridge
[    9.305741] pcieport 0000:00:02.0: nv_msi_ht_cap_quirk didn't locate host bridge
[    9.333058] PM: noirq resume of devices complete after 28.031 msecs
[    9.334726] PM: early resume of devices complete after 1.329 msecs
[    9.338038] tegra-hdmi 54280000.hdmi: cannot set audio to 48000 Hz at 297000000 Hz pixel clock
[    9.459967] PM: resume of devices complete after 125.232 msecs
[    9.650508] Restarting tasks ... done.
[    9.665704] ata1: SATA link down (SStatus 0 SControl 300)
root@(none):/# 
root@(none):/# rtcwake -d rtc1 -m mem -s 3
rtcwake: assuming RTC uses UTC ...
rtcwake: wakeup from "mem" using /dev/rtc1 at Thu Jan  1 00:00:30 1970
[   10.804708] PM: Syncing filesystems ... done.
[   11.014636] Freezing user space processes ... (elapsed 0.001 seconds) done.
[   11.022968] Freezing remaining freezable tasks ... (elapsed 0.001 seconds) done.
[   11.031564] Suspending console(s) (use no_console_suspend to debug)
[   11.164664] PM: suspend of devices complete after 126.352 msecs
[   11.166287] PM: late suspend of devices complete after 1.612 msecs
[   11.194063] PM: noirq suspend of devices complete after 27.767 msecs
[   11.194066] Disabling non-boot CPUs ...
[   11.194314] IRQ17 no longer affine to CPU1
[   11.364989] Entering suspend state LP1
[   11.364989] Suspended for 2.829 seconds
[   11.364999] Enabling non-boot CPUs ...
[   11.394795] CPU1 is up
[   11.434727] CPU2 is up
[   11.474996] CPU3 is up
[   11.475713] pcieport 0000:00:01.0: nv_msi_ht_cap_quirk didn't locate host bridge
[   11.475715] pcieport 0000:00:02.0: nv_msi_ht_cap_quirk didn't locate host bridge
[   11.503028] PM: noirq resume of devices complete after 28.026 msecs
[   11.504774] PM: early resume of devices complete after 1.418 msecs
[   11.507992] tegra-hdmi 54280000.hdmi: cannot set audio to 48000 Hz at 297000000 Hz pixel clock
[   11.629931] PM: resume of devices complete after 125.148 msecs
[   11.717038] Restarting tasks ... done.
root@(none):/# 
root@(none):/# [   11.835585] ata1: SATA link down (SStatus 0 SControl 300)
rtcwake -d rtc1 -m mem -s 3
rtcwake: assuming RTC uses UTC ...
rtcwake: wakeup from "mem" using /dev/rtc1 at Thu Jan  1 00:00:35 1970
[   12.973934] PM: Syncing filesystems ... done.
[   13.184620] Freezing user space processes ... (elapsed 0.001 seconds) done.
[   13.192969] Freezing remaining freezable tasks ... (elapsed 0.001 seconds) done.
[   13.201578] Suspending console(s) (use no_console_suspend to debug)
[   13.334525] PM: suspend of devices complete after 126.143 msecs
[   13.336051] PM: late suspend of devices complete after 1.519 msecs
[   13.364007] PM: noirq suspend of devices complete after 27.950 msecs
[   13.364010] Disabling non-boot CPUs ...
[   13.504869] Entering suspend state LP1
[   13.504869] Suspended for 2.859 seconds
[   13.504880] Enabling non-boot CPUs ...
[   13.534982] CPU1 is up
[   13.574689] CPU2 is up
[   13.614960] CPU3 is up
[   13.615643] pcieport 0000:00:01.0: nv_msi_ht_cap_quirk didn't locate host bridge
[   13.615650] pcieport 0000:00:02.0: nv_msi_ht_cap_quirk didn't locate host bridge
[   13.642999] PM: noirq resume of devices complete after 28.033 msecs
[   13.644706] PM: early resume of devices complete after 1.385 msecs
[   13.647766] tegra-hdmi 54280000.hdmi: cannot set audio to 48000 Hz at 297000000 Hz pixel clock
[   13.769677] PM: resume of devices complete after 124.962 msecs
[   13.852685] Restarting tasks ... done.
root@(none):/# 
root@(none):/# [   13.975639] ata1: SATA link down (SStatus 0 SControl 300)
rtcwake -d rtc1 -m mem -s 3
rtcwake: assuming RTC uses UTC ...
rtcwake: wakeup from "mem" using /dev/rtc1 at Thu Jan  1 00:00:40 1970
[   15.118761] PM: Syncing filesystems ... done.
[   15.268681] Freezing user space processes ... (elapsed 0.001 seconds) done.
[   15.277133] Freezing remaining freezable tasks ... (elapsed 0.001 seconds) done.
[   15.286087] Suspending console(s) (use no_console_suspend to debug)
[   15.322103] pci_generic_config_write32: 116 callbacks suppressed
[   15.322128] pci_bus 0000:00: 2-byte config write to 0000:00:02.0 offset 0x9c may corrupt adjacent RW1C bits
[   15.322186] pci_bus 0000:00: 2-byte config write to 0000:00:01.0 offset 0x9c may corrupt adjacent RW1C bits
[   15.435772] PM: suspend of devices complete after 141.711 msecs
[   15.443947] PM: late suspend of devices complete after 8.146 msecs
[   15.445057] pci_bus 0000:02: 2-byte config write to 0000:02:00.0 offset 0x44 may corrupt adjacent RW1C bits
[   15.445099] pci_bus 0000:02: 2-byte config write to 0000:02:00.0 offset 0x44 may corrupt adjacent RW1C bits
[   15.477305] PM: noirq suspend of devices complete after 33.336 msecs
[   15.477315] Disabling non-boot CPUs ...
[   15.670521] Entering suspend state LP1
[   15.670521] Suspended for 2.834 seconds
[   15.670531] Enabling non-boot CPUs ...
[   15.694738] CPU1 is up
[   15.734657] CPU2 is up
[   15.774943] CPU3 is up
[   15.775529] pci_bus 0000:00: 2-byte config write to 0000:00:02.0 offset 0x4c may corrupt adjacent RW1C bits
[   15.775539] pci_bus 0000:00: 2-byte config write to 0000:00:02.0 offset 0x88 may corrupt adjacent RW1C bits
[   15.775545] pci_bus 0000:00: 2-byte config write to 0000:00:02.0 offset 0x90 may corrupt adjacent RW1C bits
[   15.775551] pci_bus 0000:00: 2-byte config write to 0000:00:02.0 offset 0x98 may corrupt adjacent RW1C bits
[   15.775557] pci_bus 0000:00: 2-byte config write to 0000:00:02.0 offset 0x9c may corrupt adjacent RW1C bits
[   15.775562] pci_bus 0000:00: 2-byte config write to 0000:00:02.0 offset 0xa8 may corrupt adjacent RW1C bits
[   15.775617] pcieport 0000:00:02.0: nv_msi_ht_cap_quirk didn't locate host bridge
[   15.775721] pcieport 0000:00:01.0: nv_msi_ht_cap_quirk didn't locate host bridge
[   15.802959] PM: noirq resume of devices complete after 28.010 msecs
[   15.804599] PM: early resume of devices complete after 1.301 msecs
[   15.807570] tegra-hdmi 54280000.hdmi: cannot set audio to 48000 Hz at 297000000 Hz pixel clock
[   15.929471] PM: resume of devices complete after 124.863 msecs
[   16.115959] Restarting tasks ... done.
[   16.135663] ata1: SATA link down (SStatus 0 SControl 300)
root@(none):/# 
root@(none):/# rtcwake -d rtc1 -m mem -s 3
rtcwake: assuming RTC uses UTC ...
rtcwake: wakeup from "mem" using /dev/rtc1 at Thu Jan  1 00:00:45 1970
[   17.284507] PM: Syncing filesystems ... done.
[   17.484175] Freezing user space processes ... (elapsed 0.001 seconds) done.
[   17.492506] Freezing remaining freezable tasks ... (elapsed 0.001 seconds) done.
[   17.501115] Suspending console(s) (use no_console_suspend to debug)
[   17.634520] PM: suspend of devices complete after 126.603 msecs
[   17.636844] PM: late suspend of devices complete after 2.313 msecs
[   17.663989] PM: noirq suspend of devices complete after 27.138 msecs
[   17.663992] Disabling non-boot CPUs ...
[   17.664264] IRQ17 no longer affine to CPU1
[   17.804795] Entering suspend state LP1
[   17.804795] Suspended for 2.865 seconds
[   17.804805] Enabling non-boot CPUs ...
[   17.834933] CPU1 is up
[   17.874622] CPU2 is up
[   17.914891] CPU3 is up
[   17.915571] pcieport 0000:00:02.0: nv_msi_ht_cap_quirk didn't locate host bridge
[   17.915574] pcieport 0000:00:01.0: nv_msi_ht_cap_quirk didn't locate host bridge
[   17.952949] PM: noirq resume of devices complete after 38.051 msecs
[   17.954364] PM: early resume of devices complete after 1.246 msecs
[   17.957786] tegra-hdmi 54280000.hdmi: cannot set audio to 48000 Hz at 297000000 Hz pixel clock
[   18.079764] PM: resume of devices complete after 125.391 msecs
[   18.166936] Restarting tasks ... done.
root@(none):/# 
root@(none):/# [   18.285525] ata1: SATA link down (SStatus 0 SControl 300)
rtcwake -d rtc1 -m mem -s 3
rtcwake: assuming RTC uses UTC ...
rtcwake: wakeup from "mem" using /dev/rtc1 at Thu Jan  1 00:00:50 1970
[   19.412277] PM: Syncing filesystems ... done.
[   19.592526] Freezing user space processes ... (elapsed 0.001 seconds) done.
[   19.600933] Freezing remaining freezable tasks ... (elapsed 0.001 seconds) done.
[   19.609576] Suspending console(s) (use no_console_suspend to debug)
[   19.734595] PM: suspend of devices complete after 118.150 msecs
[   19.737279] PM: late suspend of devices complete after 2.672 msecs
[   19.764185] PM: noirq suspend of devices complete after 26.899 msecs
[   19.764189] Disabling non-boot CPUs ...
[   19.925051] Entering suspend state LP1
[   19.925051] Suspended for 2.879 seconds
[   19.925062] Enabling non-boot CPUs ...
[   19.954892] CPU1 is up
[   19.994591] CPU2 is up
[   20.034871] CPU3 is up
[   20.035594] pcieport 0000:00:02.0: nv_msi_ht_cap_quirk didn't locate host bridge
[   20.035596] pcieport 0000:00:01.0: nv_msi_ht_cap_quirk didn't locate host bridge
[   20.062907] PM: noirq resume of devices complete after 28.030 msecs
[   20.064432] PM: early resume of devices complete after 1.202 msecs
[   20.067497] tegra-hdmi 54280000.hdmi: cannot set audio to 48000 Hz at 297000000 Hz pixel clock
[   20.189472] PM: resume of devices complete after 125.031 msecs
[   20.272483] Restarting tasks ... done.
root@(none):/# 
root@(none):/# [   20.395559] ata1: SATA link down (SStatus 0 SControl 300)
rtcwake -d rtc1 -m mem -s 3
rtcwake: assuming RTC uses UTC ...
rtcwake: wakeup from "mem" using /dev/rtc1 at Thu Jan  1 00:00:55 1970
[   21.527864] PM: Syncing filesystems ... done.
[   21.688276] Freezing user space processes ... (elapsed 0.001 seconds) done.
[   21.696721] Freezing remaining freezable tasks ... (elapsed 0.001 seconds) done.
[   21.705699] Suspending console(s) (use no_console_suspend to debug)
[   21.741833] pci_generic_config_write32: 116 callbacks suppressed
[   21.741853] pci_bus 0000:00: 2-byte config write to 0000:00:02.0 offset 0x9c may corrupt adjacent RW1C bits
[   21.741880] pci_bus 0000:00: 2-byte config write to 0000:00:01.0 offset 0x9c may corrupt adjacent RW1C bits
[   21.855541] PM: suspend of devices complete after 141.870 msecs
[   21.862922] PM: late suspend of devices complete after 7.354 msecs
[   21.864122] pci_bus 0000:02: 2-byte config write to 0000:02:00.0 offset 0x44 may corrupt adjacent RW1C bits
[   21.864168] pci_bus 0000:02: 2-byte config write to 0000:02:00.0 offset 0x44 may corrupt adjacent RW1C bits
[   21.897280] PM: noirq suspend of devices complete after 34.334 msecs
[   21.897290] Disabling non-boot CPUs ...
[   21.898231] IRQ17 no longer affine to CPU1
[   22.049986] Entering suspend state LP1
[   22.049986] Suspended for 2.875 seconds
[   22.049997] Enabling non-boot CPUs ...
[   22.074637] CPU1 is up
[   22.114573] CPU2 is up
[   22.154854] CPU3 is up
[   22.155433] pci_bus 0000:00: 2-byte config write to 0000:00:01.0 offset 0x4c may corrupt adjacent RW1C bits
[   22.155445] pci_bus 0000:00: 2-byte config write to 0000:00:02.0 offset 0x4c may corrupt adjacent RW1C bits
[   22.155455] pci_bus 0000:00: 2-byte config write to 0000:00:01.0 offset 0x88 may corrupt adjacent RW1C bits
[   22.155462] pci_bus 0000:00: 2-byte config write to 0000:00:01.0 offset 0x90 may corrupt adjacent RW1C bits
[   22.155469] pci_bus 0000:00: 2-byte config write to 0000:00:02.0 offset 0x88 may corrupt adjacent RW1C bits
[   22.155474] pci_bus 0000:00: 2-byte config write to 0000:00:01.0 offset 0x98 may corrupt adjacent RW1C bits
[   22.155580] pcieport 0000:00:01.0: nv_msi_ht_cap_quirk didn't locate host bridge
[   22.155582] pcieport 0000:00:02.0: nv_msi_ht_cap_quirk didn't locate host bridge
[   22.182873] PM: noirq resume of devices complete after 28.013 msecs
[   22.184621] PM: early resume of devices complete after 1.427 msecs
[   22.187567] tegra-hdmi 54280000.hdmi: cannot set audio to 48000 Hz at 297000000 Hz pixel clock
[   22.309479] PM: resume of devices complete after 124.849 msecs
[   22.500034] Restarting tasks ... done.
[   22.515524] ata1: SATA link down (SStatus 0 SControl 300)
root@(none):/# 
root@(none):/# rtcwake -d rtc1 -m mem -s 3
rtcwake: assuming RTC uses UTC ...
rtcwake: wakeup from "mem" using /dev/rtc1 at Thu Jan  1 00:01:00 1970
[   23.660532] PM: Syncing filesystems ... done.
[   23.864161] Freezing user space processes ... (elapsed 0.001 seconds) done.
[   23.872499] Freezing remaining freezable tasks ... (elapsed 0.001 seconds) done.
[   23.881120] Suspending console(s) (use no_console_suspend to debug)
[   24.014422] PM: suspend of devices complete after 126.471 msecs
[   24.016243] PM: late suspend of devices complete after 1.810 msecs
[   24.044014] PM: noirq suspend of devices complete after 27.764 msecs
[   24.044017] Disabling non-boot CPUs ...
[   24.044309] IRQ17 no longer affine to CPU1
[   24.195260] Entering suspend state LP1
[   24.195260] Suspended for 2.854 seconds
[   24.195271] Enabling non-boot CPUs ...
[   24.224636] CPU1 is up
[   24.264562] CPU2 is up
[   24.304833] CPU3 is up
[   24.305532] pcieport 0000:00:01.0: nv_msi_ht_cap_quirk didn't locate host bridge
[   24.305534] pcieport 0000:00:02.0: nv_msi_ht_cap_quirk didn't locate host bridge
[   24.332852] PM: noirq resume of devices complete after 28.012 msecs
[   24.334695] PM: early resume of devices complete after 1.526 msecs
[   24.337811] tegra-hdmi 54280000.hdmi: cannot set audio to 48000 Hz at 297000000 Hz pixel clock
[   24.459709] PM: resume of devices complete after 125.005 msecs
[   24.546845] Restarting tasks ... done.
root@(none):/# 
root@(none):/# [   24.665399] ata1: SATA link down (SStatus 0 SControl 300)
rtcwake -d rtc1 -m mem -s 3
rtcwake: assuming RTC uses UTC ...
rtcwake: wakeup from "mem" using /dev/rtc1 at Thu Jan  1 00:01:05 1970
[   25.802462] PM: Syncing filesystems ... done.
[   26.014403] Freezing user space processes ... (elapsed 0.001 seconds) done.
[   26.022760] Freezing remaining freezable tasks ... (elapsed 0.001 seconds) done.
[   26.031364] Suspending console(s) (use no_console_suspend to debug)
[   26.164430] PM: suspend of devices complete after 126.263 msecs
[   26.166128] PM: late suspend of devices complete after 1.688 msecs
[   26.193901] PM: noirq suspend of devices complete after 27.766 msecs
[   26.193904] Disabling non-boot CPUs ...
[   26.194180] IRQ17 no longer affine to CPU1
[   26.345032] Entering suspend state LP1
[   26.345032] Suspended for 2.850 seconds
[   26.345043] Enabling non-boot CPUs ...
[   26.374596] CPU1 is up
[   26.414512] CPU2 is up
[   26.454803] CPU3 is up
[   26.455488] pcieport 0000:00:01.0: nv_msi_ht_cap_quirk didn't locate host bridge
[   26.455490] pcieport 0000:00:02.0: nv_msi_ht_cap_quirk didn't locate host bridge
[   26.482822] PM: noirq resume of devices complete after 28.012 msecs
[   26.484504] PM: early resume of devices complete after 1.356 msecs
[   26.487804] tegra-hdmi 54280000.hdmi: cannot set audio to 48000 Hz at 297000000 Hz pixel clock
[   26.609750] PM: resume of devices complete after 125.236 msecs
[   26.696862] Restarting tasks ... done.
root@(none):/# 
root@(none):/# [   26.815393] ata1: SATA link down (SStatus 0 SControl 300)
NVTB SYSTEM SUSPEND TEST COMPLETE
