
U-Boot SPL 2014.07-00097-g772e173 (Jul 25 2014 - 20:02:52)


U-Boot 2014.07-00097-g772e173 (Jul 25 2014 - 20:02:52)

TEGRA124
Board: NVIDIA Jetson TK1
I2C:   ready
DRAM:  2 GiB
MMC:   Tegra SD/MMC: 0, Tegra SD/MMC: 1
In:    serial
Out:   serial
Err:   serial
Net:   Net Initialization Skipped
No ethernet found.
Hit any key to stop autoboot:  2  0 
Tegra124 (Jetson TK1) # 
Tegra124 (Jetson TK1) # usb reset
(Re)start USB...
USB0:   USB EHCI 1.10
scanning bus 0 for devices... 1 USB Device(s) found
USB1:   USB EHCI 1.10
scanning bus 1 for devices... 2 USB Device(s) found
       scanning usb for storage devices... 0 Storage Device(s) found
       scanning usb for ethernet devices... 
Warning: asx0 using MAC address from net device
1 Ethernet Device(s) found
Tegra124 (Jetson TK1) # setenv bootargs 'ignore_loglevel console=ttyS0,115200n8 rw root=/dev/mmcblk0p1 rootwait gpt debug noinitrd earlyprintk init=/bin/bash'
Tegra124 (Jetson TK1) # setenv ipaddr 192.168.100.102; setenv serverip 192.168.100.1; setenv tftpserverip 192.168.100.1
Tegra124 (Jetson TK1) # tftpboot 0x82000000 zImage.multi_v7_defconfig
Using asx0 device
TFTP from server 192.168.100.1; our IP address is 192.168.100.102
Filename 'zImage.multi_v7_defconfig'.
Load address: 0x82000000
Loading: *#################################################################
	 #################################################################
	 #################################################################
	 #################################################################
	 #################################################################
	 #################################################################
	 #################################################################
	 ######
	 3.2 MiB/s
done
Bytes transferred = 6762144 (672ea0 hex)
Tegra124 (Jetson TK1) # tftpboot 0x83000000 tegra124-jetson-tk1.dtb
Using asx0 device
TFTP from server 192.168.100.1; our IP address is 192.168.100.102
Filename 'tegra124-jetson-tk1.dtb'.
Load address: 0x83000000
Loading: *#####
	 3.4 MiB/s
done
Bytes transferred = 64138 (fa8a hex)
Tegra124 (Jetson TK1) # bootz 0x82000000 - 0x83000000
Kernel image @ 0x82000000 [ 0x000000 - 0x672ea0 ]
## Flattened Device Tree blob at 83000000
   Booting using the fdt blob at 0x83000000
   Using Device Tree in place at 83000000, end 83012a89

Starting kernel ...

[    0.000000] Booting Linux on physical CPU 0x0
[    0.000000] Linux version 4.4.0-next-20160120-67547-g47a02bf (pwalmsley@sellafield) (gcc version 4.7.3 20130328 (prerelease) (crosstool-NG linaro-1.13.1-4.7-2013.04-20130415 - Linaro GCC 2013.04) ) #1 SMP Wed Jan 20 10:50:30 PST 2016
[    0.000000] CPU: ARMv7 Processor [413fc0f3] revision 3 (ARMv7), cr=10c5387d
[    0.000000] CPU: div instructions available: patching division code
[    0.000000] CPU: PIPT / VIPT nonaliasing data cache, PIPT instruction cache
[    0.000000] Machine model: NVIDIA Tegra124 Jetson TK1
[    0.000000] debug: ignoring loglevel setting.
[    0.000000] cma: Reserved 64 MiB at 0xfb800000
[    0.000000] Memory policy: Data cache writealloc
[    0.000000] On node 0 totalpages: 524032
[    0.000000] free_area_init_node: node 0, pgdat c105bd40, node_mem_map eeff8000
[    0.000000]   DMA zone: 1536 pages used for memmap
[    0.000000]   DMA zone: 0 pages reserved
[    0.000000]   DMA zone: 196608 pages, LIFO batch:31
[    0.000000]   HighMem zone: 327424 pages, LIFO batch:31
[    0.000000] PERCPU: Embedded 12 pages/cpu @eef8f000 s18880 r8192 d22080 u49152
[    0.000000] pcpu-alloc: s18880 r8192 d22080 u49152 alloc=12*4096
[    0.000000] pcpu-alloc: [0] 0 [0] 1 [0] 2 [0] 3 
[    0.000000] Built 1 zonelists in Zone order, mobility grouping on.  Total pages: 522496
[    0.000000] Kernel command line: ignore_loglevel console=ttyS0,115200n8 rw root=/dev/mmcblk0p1 rootwait gpt debug noinitrd earlyprintk init=/bin/bash
[    0.000000] PID hash table entries: 4096 (order: 2, 16384 bytes)
[    0.000000] Dentry cache hash table entries: 131072 (order: 7, 524288 bytes)
[    0.000000] Inode-cache hash table entries: 65536 (order: 6, 262144 bytes)
[    0.000000] Memory: 1997868K/2096128K available (8495K kernel code, 1111K rwdata, 4020K rodata, 1048K init, 345K bss, 32724K reserved, 65536K cma-reserved, 1244160K highmem)
[    0.000000] Virtual kernel memory layout:
[    0.000000]     vector  : 0xffff0000 - 0xffff1000   (   4 kB)
[    0.000000]     fixmap  : 0xffc00000 - 0xfff00000   (3072 kB)
[    0.000000]     vmalloc : 0xf0800000 - 0xff800000   ( 240 MB)
[    0.000000]     lowmem  : 0xc0000000 - 0xf0000000   ( 768 MB)
[    0.000000]     pkmap   : 0xbfe00000 - 0xc0000000   (   2 MB)
[    0.000000]     modules : 0xbf000000 - 0xbfe00000   (  14 MB)
[    0.000000]       .text : 0xc0208000 - 0xc0e41d94   (12520 kB)
[    0.000000]       .init : 0xc0e42000 - 0xc0f48000   (1048 kB)
[    0.000000]       .data : 0xc0f48000 - 0xc105dcc0   (1112 kB)
[    0.000000]        .bss : 0xc1060000 - 0xc10b65a0   ( 346 kB)
[    0.000000] SLUB: HWalign=64, Order=0-3, MinObjects=0, CPUs=4, Nodes=1
[    0.000000] Hierarchical RCU implementation.
[    0.000000] 	Build-time adjustment of leaf fanout to 32.
[    0.000000] 	RCU restricting CPUs from NR_CPUS=16 to nr_cpu_ids=4.
[    0.000000] RCU: Adjusting geometry for rcu_fanout_leaf=32, nr_cpu_ids=4
[    0.000000] NR_IRQS:16 nr_irqs:16 16
[    0.000000] /interrupt-controller@60004000: 160 interrupts forwarded to /interrupt-controller@0,50041000
[    0.000000] L2C: failed to init: -19
[    0.000000] Tegra clk 127: register failed with -17
[    0.000008] sched_clock: 32 bits at 1000kHz, resolution 1000ns, wraps every 2147483647500ns
[    0.000030] clocksource: timer_us: mask: 0xffffffff max_cycles: 0xffffffff, max_idle_ns: 1911260446275 ns
[    0.000044] Switching to timer-based delay loop, resolution 1000ns
[    0.004539] Architected cp15 timer(s) running at 12.00MHz (virt).
[    0.004557] clocksource: arch_sys_counter: mask: 0xffffffffffffff max_cycles: 0x2c47f4ee7, max_idle_ns: 440795202497 ns
[    0.004575] sched_clock: 56 bits at 12MHz, resolution 83ns, wraps every 4398046511096ns
[    0.004587] Switching to timer-based delay loop, resolution 83ns
[    0.004989] Console: colour dummy device 80x30
[    0.005014] Calibrating delay loop (skipped), value calculated using timer frequency.. 24.00 BogoMIPS (lpj=60000)
[    0.005027] pid_max: default: 32768 minimum: 301
[    0.005134] Mount-cache hash table entries: 2048 (order: 1, 8192 bytes)
[    0.005146] Mountpoint-cache hash table entries: 2048 (order: 1, 8192 bytes)
[    0.005727] CPU: Testing write buffer coherency: ok
[    0.005951] /cpus/cpu@0 missing clock-frequency property
[    0.005989] /cpus/cpu@1 missing clock-frequency property
[    0.006025] /cpus/cpu@2 missing clock-frequency property
[    0.006063] /cpus/cpu@3 missing clock-frequency property
[    0.006074] CPU0: thread -1, cpu 0, socket 0, mpidr 80000000
[    0.006119] Setting up static identity map for 0x80209000 - 0x80209098
[    0.009032] Tegra Revision: A01 SKU: 129 CPU Process: 1 SoC Process: 1
[    0.010396] CPU1: thread -1, cpu 1, socket 0, mpidr 80000001
[    0.011004] CPU2: thread -1, cpu 2, socket 0, mpidr 80000002
[    0.011604] CPU3: thread -1, cpu 3, socket 0, mpidr 80000003
[    0.011670] Brought up 4 CPUs
[    0.011688] SMP: Total of 4 processors activated (96.00 BogoMIPS).
[    0.011696] CPU: All CPU(s) started in SVC mode.
[    0.013122] devtmpfs: initialized
[    0.031130] VFP support v0.3: implementor 41 architecture 4 part 30 variant f rev 0
[    0.031868] clocksource: jiffies: mask: 0xffffffff max_cycles: 0xffffffff, max_idle_ns: 9556302231375000 ns
[    0.033539] pinctrl core: initialized pinctrl subsystem
[    0.035255] NET: Registered protocol family 16
[    0.037322] DMA: preallocated 256 KiB pool for atomic coherent allocations
[    0.049770] cpuidle: using governor menu
[    0.066589] No ATAGs?
[    0.066626] hw-breakpoint: found 5 (+1 reserved) breakpoint and 4 watchpoint registers.
[    0.066636] hw-breakpoint: maximum watchpoint size is 8 bytes.
[    0.072335] Serial: AMBA PL011 UART driver
[    0.100556] +USB0_VBUS_SW: Failed to request enable GPIO108: -517
[    0.100668] reg-fixed-voltage regulators:regulator@7: Failed to register regulator: -517
[    0.100876] +5V_USB_HS: Failed to request enable GPIO109: -517
[    0.100979] reg-fixed-voltage regulators:regulator@8: Failed to register regulator: -517
[    0.101265] +1.05V_RUN_AVDD_HDMI_PLL: Failed to request enable GPIO63: -517
[    0.101369] reg-fixed-voltage regulators:regulator@11: Failed to register regulator: -517
[    0.101575] +5V_HDMI_CON: Failed to request enable GPIO86: -517
[    0.101675] reg-fixed-voltage regulators:regulator@12: Failed to register regulator: -517
[    0.101881] +5V_SATA: Failed to request enable GPIO242: -517
[    0.101981] reg-fixed-voltage regulators:regulator@13: Failed to register regulator: -517
[    0.102184] +12V_SATA: Failed to request enable GPIO242: -517
[    0.102284] reg-fixed-voltage regulators:regulator@14: Failed to register regulator: -517
[    0.105755] vgaarb: loaded
[    0.106789] SCSI subsystem initialized
[    0.106967] libata version 3.00 loaded.
[    0.107267] usbcore: registered new interface driver usbfs
[    0.107331] usbcore: registered new interface driver hub
[    0.107394] usbcore: registered new device driver usb
[    0.111066] pps_core: LinuxPPS API ver. 1 registered
[    0.111076] pps_core: Software ver. 5.3.6 - Copyright 2005-2007 Rodolfo Giometti <giometti@linux.it>
[    0.111106] PTP clock support registered
[    0.111334] EDAC MC: Ver: 3.0.0
[    0.114517] clocksource: Switched to clocksource arch_sys_counter
[    0.125520] thermal thermal_zone0: failed to read out thermal zone (-22)
[    0.125726] thermal thermal_zone1: failed to read out thermal zone (-22)
[    0.125915] thermal thermal_zone2: failed to read out thermal zone (-22)
[    0.126072] thermal thermal_zone3: failed to read out thermal zone (-22)
[    0.126257] NET: Registered protocol family 2
[    0.126765] TCP established hash table entries: 8192 (order: 3, 32768 bytes)
[    0.126864] TCP bind hash table entries: 8192 (order: 4, 65536 bytes)
[    0.127050] TCP: Hash tables configured (established 8192 bind 8192)
[    0.127103] UDP hash table entries: 512 (order: 2, 16384 bytes)
[    0.127144] UDP-Lite hash table entries: 512 (order: 2, 16384 bytes)
[    0.127318] NET: Registered protocol family 1
[    0.127567] RPC: Registered named UNIX socket transport module.
[    0.127576] RPC: Registered udp transport module.
[    0.127584] RPC: Registered tcp transport module.
[    0.127591] RPC: Registered tcp NFSv4.1 backchannel transport module.
[    0.127610] PCI: CLS 0 bytes, default 64
[    0.128606] hw perfevents: enabled with armv7_cortex_a15 PMU driver, 7 counters available
[    0.130180] futex hash table entries: 1024 (order: 4, 65536 bytes)
[    0.142780] squashfs: version 4.0 (2009/01/31) Phillip Lougher
[    0.143670] NFS: Registering the id_resolver key type
[    0.143701] Key type id_resolver registered
[    0.143709] Key type id_legacy registered
[    0.143777] ntfs: driver 2.1.32 [Flags: R/O].
[    0.145248] bounce: pool size: 64 pages
[    0.145488] Block layer SCSI generic (bsg) driver version 0.4 loaded (major 249)
[    0.145506] io scheduler noop registered
[    0.145521] io scheduler deadline registered
[    0.145559] io scheduler cfq registered (default)
[    0.165197] tegra-pcie 1003000.pcie-controller: 2x1, 1x1 configuration
[    0.165250] tegra-pcie 1003000.pcie-controller: Failed to get supply 'avddio-pex': -517
[    0.172668] tegra-apbdma 60020000.dma: Tegra20 APB DMA driver register 32 channels
[    0.174309] tegra-pmc 7000e400.pmc: emergency thermal reset enabled
[    0.237709] Serial: 8250/16550 driver, 4 ports, IRQ sharing disabled
[    0.240718] console [ttyS0] disabled
[    0.240754] 70006300.serial: ttyS0 at MMIO 0x70006300 (irq = 331, base_baud = 25500000) is a Tegra
[    1.086175] console [ttyS0] enabled
[    1.090566] SuperH (H)SCI(F) driver initialized
[    1.096121] msm_serial: driver initialized
[    1.100438] STMicroelectronics ASC driver initialized
[    1.108028] [drm] Initialized drm 1.1.0 20060810
[    1.114650] tegra-hdmi 54280000.hdmi: failed to get HDMI regulator
[    1.133852] brd: module loaded
[    1.142966] loop: module loaded
[    1.146497] at24 0-0056: 256 byte 24c02 EEPROM, writable, 8 bytes/write
[    1.154879] as3722 4-0040: AS3722 with revision 0x1 found
[    1.177999] +5V_SYS: supplied by +VDD_MUX
[    1.182068] +1.05V_RUN: supplied by +5V_SYS
[    1.186389] tegra-ahci 70027000.sata: Failed to get supply 'hvdd': -517
[    1.193060] tegra-ahci 70027000.sata: Failed to get regulators
[    1.204431] m25p80 spi32765.0: w25q32dw (4096 Kbytes)
[    1.213016] libphy: Fixed MDIO Bus: probed
[    1.217858] CAN device driver interface
[    1.223776] igb: Intel(R) Gigabit Ethernet Network Driver - version 5.3.0-k
[    1.230744] igb: Copyright (c) 2007-2014 Intel Corporation.
[    1.239572] pegasus: v0.9.3 (2013/04/25), Pegasus/Pegasus II USB Ethernet driver
[    1.247024] usbcore: registered new interface driver pegasus
[    1.252760] usbcore: registered new interface driver asix
[    1.258216] usbcore: registered new interface driver ax88179_178a
[    1.264363] usbcore: registered new interface driver cdc_ether
[    1.270275] usbcore: registered new interface driver smsc75xx
[    1.276093] usbcore: registered new interface driver smsc95xx
[    1.281892] usbcore: registered new interface driver net1080
[    1.287606] usbcore: registered new interface driver cdc_subset
[    1.293578] usbcore: registered new interface driver zaurus
[    1.299237] usbcore: registered new interface driver cdc_ncm
[    1.305156] tegra-phy 7d004000.usb-phy: no vbus regulator
[    1.312527] ehci_hcd: USB 2.0 'Enhanced' Host Controller (EHCI) Driver
[    1.319069] ehci-pci: EHCI PCI platform driver
[    1.323571] ehci-platform: EHCI generic platform driver
[    1.329021] ehci-omap: OMAP-EHCI Host Controller driver
[    1.334402] ehci-orion: EHCI orion driver
[    1.338567] SPEAr-ehci: EHCI SPEAr driver
[    1.342738] ehci-st: EHCI STMicroelectronics driver
[    1.347776] ehci-exynos: EHCI EXYNOS driver
[    1.352140] ehci-atmel: EHCI Atmel driver
[    1.356310] tegra-ehci: Tegra EHCI driver
[    1.360636] tegra-ehci 7d004000.usb: EHCI Host Controller
[    1.366065] tegra-ehci 7d004000.usb: new USB bus registered, assigned bus number 1
[    1.373813] tegra-ehci 7d004000.usb: irq 348, io mem 0x7d004000
[    1.389540] tegra-ehci 7d004000.usb: USB 2.0 started, EHCI 1.10
[    1.396318] hub 1-0:1.0: USB hub found
[    1.400117] hub 1-0:1.0: 1 port detected
[    1.404679] ohci_hcd: USB 1.1 'Open' Host Controller (OHCI) Driver
[    1.410880] ohci-pci: OHCI PCI platform driver
[    1.415387] ohci-platform: OHCI generic platform driver
[    1.420799] ohci-omap3: OHCI OMAP3 driver
[    1.424968] SPEAr-ohci: OHCI SPEAr driver
[    1.429123] ohci-st: OHCI STMicroelectronics driver
[    1.434161] ohci-atmel: OHCI Atmel driver
[    1.438785] usbcore: registered new interface driver usb-storage
[    1.446420] mousedev: PS/2 mouse device common for all mice
[    1.455621] as3722-rtc as3722-rtc: rtc core: registered as3722-rtc as rtc0
[    1.462507] as3722-rtc as3722-rtc: RTC interrupt 371
[    1.470908] tegra_rtc 7000e000.rtc: rtc core: registered 7000e000.rtc as rtc1
[    1.478099] tegra_rtc 7000e000.rtc: Tegra internal Real Time Clock
[    1.484906] i2c /dev entries driver
[    1.494547] 0-004c supply vcc not found, using dummy regulator
[    1.508191] sdhci: Secure Digital Host Controller Interface driver
[    1.514391] sdhci: Copyright(c) Pierre Ossman
[    1.520437] Synopsys Designware Multimedia Card Interface Driver
[    1.527651] sdhci-pltfm: SDHCI platform and OF driver helper
[    1.534106] sdhci-tegra 700b0400.sdhci: Got CD GPIO
[    1.539012] sdhci-tegra 700b0400.sdhci: Got WP GPIO
[    1.543955] mmc0: Unknown controller version (3). You may experience problems.
[    1.551563] mmc0: Unknown controller version (3). You may experience problems.
[    1.558916] mmc0: Invalid maximum block size, assuming 512 bytes
[    1.599540] mmc0: SDHCI controller on 700b0600.sdhci [700b0600.sdhci] using ADMA 64-bit
[    1.609210] ledtrig-cpu: registered to indicate activity on CPUs
[    1.615597] usbcore: registered new interface driver usbhid
[    1.621181] usbhid: USB HID core driver
[    1.633552] NET: Registered protocol family 10
[    1.638712] sit: IPv6 over IPv4 tunneling driver
[    1.644023] NET: Registered protocol family 17
[    1.648497] can: controller area network core (rev 20120528 abi 9)
[    1.654751] NET: Registered protocol family 29
[    1.659196] can: raw protocol (rev 20120528)
[    1.663483] can: broadcast manager protocol (rev 20120528 t)
[    1.669159] can: netlink gateway (rev 20130117) max_hops=1
[    1.675054] Key type dns_resolver registered
[    1.680003] ThumbEE CPU extension supported.
[    1.684282] Registering SWP/SWPB emulation handler
[    1.704007] tegra-pcie 1003000.pcie-controller: 2x1, 1x1 configuration
[    1.711051] +3.3V_SYS: supplied by +VDD_MUX
[    1.715393] +3.3V_LP0: supplied by +3.3V_SYS
[    1.720083] +1.35V_LP0(sd2): supplied by +5V_SYS
[    1.724780] +1.05V_RUN_AVDD: supplied by +1.35V_LP0(sd2)
[    1.732405] tegra-pcie 1003000.pcie-controller: probing port 0, using 2 lanes
[    1.741697] tegra-pcie 1003000.pcie-controller: Slot present pin change, signature: 00000008
[    1.751245] mmc0: MAN_BKOPS_EN bit is not set
[    1.773523] mmc0: new HS200 MMC card at address 0001
[    1.779417] mmcblk0: mmc0:0001 SEM16G 14.6 GiB 
[    1.784641] mmcblk0boot0: mmc0:0001 SEM16G partition 1 4.00 MiB
[    1.791281] mmcblk0boot1: mmc0:0001 SEM16G partition 2 4.00 MiB
[    1.797919] mmcblk0rpmb: mmc0:0001 SEM16G partition 3 4.00 MiB
[    1.807022] Primary GPT is invalid, using alternate GPT.
[    1.812389]  mmcblk0: p1 p2 p3 p4 p5 p6 p7 p8 p9
[    2.169199] tegra-pcie 1003000.pcie-controller: link 0 down, retrying
[    2.598352] tegra-pcie 1003000.pcie-controller: link 0 down, retrying
[    3.027545] tegra-pcie 1003000.pcie-controller: link 0 down, retrying
[    3.036140] tegra-pcie 1003000.pcie-controller: link 0 down, ignoring
[    3.042628] tegra-pcie 1003000.pcie-controller: probing port 1, using 1 lanes
[    3.051883] tegra-pcie 1003000.pcie-controller: Slot present pin change, signature: 00000000
[    3.064773] tegra-pcie 1003000.pcie-controller: PCI host bridge to bus 0000:00
[    3.072022] pci_bus 0000:00: root bus resource [mem 0x13000000-0x1fffffff]
[    3.078904] pci_bus 0000:00: root bus resource [mem 0x20000000-0x3fffffff pref]
[    3.086218] pci_bus 0000:00: root bus resource [bus 00-ff]
[    3.091710] pci_bus 0000:00: root bus resource [io  0x1000-0xffff]
[    3.097927] pci 0000:00:02.0: [10de:0e13] type 01 class 0x060400
[    3.104039] pci 0000:00:02.0: PME# supported from D0 D1 D2 D3hot D3cold
[    3.110962] PCI: bus0: Fast back to back transfers disabled
[    3.116548] pci 0000:00:02.0: bridge configuration invalid ([bus 00-00]), reconfiguring
[    3.124754] pci 0000:01:00.0: [10ec:8168] type 00 class 0x020000
[    3.130793] pci 0000:01:00.0: reg 0x10: [io  0x0000-0x00ff]
[    3.136402] pci 0000:01:00.0: reg 0x18: [mem 0x00000000-0x00000fff 64bit]
[    3.143212] pci 0000:01:00.0: reg 0x20: [mem 0x00000000-0x00003fff 64bit pref]
[    3.150570] pci 0000:01:00.0: supports D1 D2
[    3.154850] pci 0000:01:00.0: PME# supported from D0 D1 D2 D3hot D3cold
[    3.169660] PCI: bus1: Fast back to back transfers disabled
[    3.175258] pci_bus 0000:01: busn_res: [bus 01-ff] end is updated to 01
[    3.181967] pci 0000:00:02.0: BAR 8: assigned [mem 0x13000000-0x130fffff]
[    3.188767] pci 0000:00:02.0: BAR 9: assigned [mem 0x20000000-0x200fffff 64bit pref]
[    3.196516] pci 0000:00:02.0: BAR 7: assigned [io  0x1000-0x1fff]
[    3.202622] pci 0000:01:00.0: BAR 4: assigned [mem 0x20000000-0x20003fff 64bit pref]
[    3.210389] pci 0000:01:00.0: BAR 2: assigned [mem 0x13000000-0x13000fff 64bit]
[    3.217721] pci 0000:01:00.0: BAR 0: assigned [io  0x1000-0x10ff]
[    3.223828] pci 0000:00:02.0: PCI bridge to [bus 01]
[    3.228802] pci 0000:00:02.0:   bridge window [io  0x1000-0x1fff]
[    3.234904] pci 0000:00:02.0:   bridge window [mem 0x13000000-0x130fffff]
[    3.241698] pci 0000:00:02.0:   bridge window [mem 0x20000000-0x200fffff 64bit pref]
[    3.249467] pci 0000:00:02.0: nv_msi_ht_cap_quirk didn't locate host bridge
[    3.256542] pcieport 0000:00:02.0: enabling device (0140 -> 0143)
[    3.262883] pcieport 0000:00:02.0: Signaling PME through PCIe PME interrupt
[    3.269853] pci 0000:01:00.0: Signaling PME through PCIe PME interrupt
[    3.276388] pcie_pme 0000:00:02.0:pcie01: service driver pcie_pme loaded
[    3.283286] r8169 Gigabit Ethernet driver 2.3LK-NAPI loaded
[    3.288885] r8169 0000:01:00.0: enabling device (0140 -> 0143)
[    3.306374] r8169 0000:01:00.0 eth0: RTL8168g/8111g at 0xf0a1c000, 00:04:4b:25:b3:b4, XID 0c000800 IRQ 388
[    3.316062] r8169 0000:01:00.0 eth0: jumbo features [frames: 9200 bytes, tx checksumming: ko]
[    3.325503] +5V_HDMI_CON: supplied by +5V_SYS
[    3.330036] +1.05V_RUN_AVDD_HDMI_PLL: supplied by +1.05V_RUN
[    3.335988] +3.3V_RUN: supplied by +3.3V_SYS
[    3.340365] +3.3V_AVDD_HDMI_AP_GATED: supplied by +3.3V_RUN
[    3.348767] [drm] Supports vblank timestamp caching Rev 2 (21.10.2013).
[    3.355438] [drm] No driver support for vblank timestamp query.
[    3.460121] tegra-hdmi 54280000.hdmi: cannot set audio to 44100 at 297000000 pclk
[    3.612097] Console: switching to colour frame buffer device 512x135
[    3.707421] drm drm: fb0:  frame buffer device
[    3.724640] [drm] Initialized tegra 0.0.0 20120330 on minor 0
[    3.731755] +5V_SATA: supplied by +5V_SYS
[    3.736016] +12V_SATA: supplied by +VDD_MUX
[    3.740623] tegra-ahci 70027000.sata: AHCI 0001.0301 32 slots 2 ports 3 Gbps 0x1 impl platform mode
[    3.749710] tegra-ahci 70027000.sata: flags: 64bit ncq sntf pm led pio slum part sadm sds apst 
[    3.758553] ------------[ cut here ]------------
[    3.763178] WARNING: CPU: 2 PID: 6 at kernel/workqueue.c:2361 check_flush_dependency+0xc8/0x124()
[    3.772047] workqueue: WQ_MEM_RECLAIM deferwq:deferred_probe_work_func is flushing !WQ_MEM_RECLAIM events:lru_add_drain_per_cpu
[    3.783328] Modules linked in:
[    3.786572] CPU: 2 PID: 6 Comm: kworker/u8:0 Not tainted 4.4.0-next-20160120-67547-g47a02bf #1
[    3.795168] Hardware name: NVIDIA Tegra SoC (Flattened Device Tree)
[    3.801428] Workqueue: deferwq deferred_probe_work_func
[    3.806670] [<c02188e8>] (unwind_backtrace) from [<c0213fb8>] (show_stack+0x10/0x14)
[    3.814412] [<c0213fb8>] (show_stack) from [<c0488a8c>] (dump_stack+0x78/0x94)
[    3.821631] [<c0488a8c>] (dump_stack) from [<c024ab48>] (warn_slowpath_common+0x74/0xb0)
[    3.829715] [<c024ab48>] (warn_slowpath_common) from [<c024ac18>] (warn_slowpath_fmt+0x30/0x40)
[    3.838405] [<c024ac18>] (warn_slowpath_fmt) from [<c025dcb0>] (check_flush_dependency+0xc8/0x124)
[    3.847352] [<c025dcb0>] (check_flush_dependency) from [<c025ddc4>] (flush_work+0x54/0x144)
[    3.855694] [<c025ddc4>] (flush_work) from [<c02da61c>] (lru_add_drain_all+0x130/0x18c)
[    3.863692] [<c02da61c>] (lru_add_drain_all) from [<c030c23c>] (migrate_prep+0x8/0x10)
[    3.871601] [<c030c23c>] (migrate_prep) from [<c02d561c>] (alloc_contig_range+0xc4/0x2f8)
[    3.879770] [<c02d561c>] (alloc_contig_range) from [<c030db68>] (cma_alloc+0xd8/0x1a0)
[    3.887678] [<c030db68>] (cma_alloc) from [<c021e3dc>] (__alloc_from_contiguous+0x38/0xdc)
[    3.895933] [<c021e3dc>] (__alloc_from_contiguous) from [<c021ffcc>] (__dma_alloc+0x21c/0x250)
[    3.904533] [<c021ffcc>] (__dma_alloc) from [<c0220084>] (arm_dma_alloc+0x48/0x54)
[    3.912098] [<c0220084>] (arm_dma_alloc) from [<c066a22c>] (dmam_alloc_coherent+0x8c/0xf0)
[    3.920358] [<c066a22c>] (dmam_alloc_coherent) from [<c06c4cf4>] (ahci_port_start+0xd0/0x1e0)
[    3.928876] [<c06c4cf4>] (ahci_port_start) from [<c06acb9c>] (ata_host_start+0xf8/0x1d4)
[    3.936960] [<c06acb9c>] (ata_host_start) from [<c06b1ab8>] (ata_host_activate+0x20/0x134)
[    3.945214] [<c06b1ab8>] (ata_host_activate) from [<c06c4170>] (ahci_host_activate+0x3c/0x11c)
[    3.953815] [<c06c4170>] (ahci_host_activate) from [<c06c60b4>] (ahci_platform_init_host+0x1cc/0x3c8)
[    3.963026] [<c06c60b4>] (ahci_platform_init_host) from [<c06c8318>] (tegra_ahci_probe+0x404/0x4c4)
[    3.972065] [<c06c8318>] (tegra_ahci_probe) from [<c06590f0>] (platform_drv_probe+0x50/0xac)
[    3.980496] [<c06590f0>] (platform_drv_probe) from [<c0657a5c>] (driver_probe_device+0x1f4/0x2b0)
[    3.989359] [<c0657a5c>] (driver_probe_device) from [<c0655fec>] (bus_for_each_drv+0x44/0x8c)
[    3.997875] [<c0655fec>] (bus_for_each_drv) from [<c06577e0>] (__device_attach+0x9c/0x100)
[    4.006130] [<c06577e0>] (__device_attach) from [<c0656e6c>] (bus_probe_device+0x84/0x8c)
[    4.014298] [<c0656e6c>] (bus_probe_device) from [<c06572a0>] (deferred_probe_work_func+0x60/0x8c)
[    4.023247] [<c06572a0>] (deferred_probe_work_func) from [<c025ec0c>] (process_one_work+0x134/0x338)
[    4.032368] [<c025ec0c>] (process_one_work) from [<c025ee74>] (worker_thread+0x2c/0x4f0)
[    4.040451] [<c025ee74>] (worker_thread) from [<c0264048>] (kthread+0xd8/0xf4)
[    4.047669] [<c0264048>] (kthread) from [<c0210e78>] (ret_from_fork+0x14/0x3c)
[    4.054877] ---[ end trace df223c381771006c ]---
[    4.061991] scsi host0: tegra-ahci
[    4.066329] scsi host1: tegra-ahci
[    4.070189] ata1: SATA max UDMA/133 mmio [mem 0x70027000-0x70028fff] port 0x100 irq 341
[    4.078223] ata2: DUMMY
[    4.082090] +5V_USB_HS: supplied by +5V_SYS
[    4.087798] tegra-ehci 7d008000.usb: EHCI Host Controller
[    4.093268] tegra-ehci 7d008000.usb: new USB bus registered, assigned bus number 2
[    4.101054] tegra-ehci 7d008000.usb: irq 349, io mem 0x7d008000
[    4.114637] tegra-ehci 7d008000.usb: USB 2.0 started, EHCI 1.10
[    4.121463] hub 2-0:1.0: USB hub found
[    4.125279] hub 2-0:1.0: 1 port detected
[    4.131029] cpu: dev_pm_opp_of_cpumask_add_table: couldn't find opp table for cpu:0, -19
[    4.139292] cpufreq: cpufreq_online: CPU0: Running at unlisted freq: 696000 KHz
[    4.146671] cpufreq: cpufreq_online: CPU0: Unlisted initial frequency changed to: 714000 KHz
[    4.155912] sdhci-tegra 700b0400.sdhci: Got CD GPIO
[    4.160825] sdhci-tegra 700b0400.sdhci: Got WP GPIO
[    4.165759] mmc1: Unknown controller version (3). You may experience problems.
[    4.173092] +VDDIO_SDMMC3: supplied by +3.3V_RUN
[    4.177786] mmc1: Invalid maximum block size, assuming 512 bytes
[    4.219780] mmc1: SDHCI controller on 700b0400.sdhci [700b0400.sdhci] using ADMA 64-bit
[    4.229317] input: gpio-keys as /devices/soc0/gpio-keys/input/input0
[    4.236563] as3722-rtc as3722-rtc: setting system clock to 2000-01-01 00:00:17 UTC (946684817)
[    4.248933] +1.8V_RUN_CAM: disabling
[    4.252718] +2.8V_RUN_CAM: disabling
[    4.256472] +1.2V_RUN_CAM_FRONT: disabling
[    4.260778] +1.05V_RUN_CAM_REAR: disabling
[    4.265089] +3.3V_RUN_TOUCH: disabling
[    4.268986] +2.8V_RUN_CAM_AF: disabling
[    4.273035] +1.8V_RUN_VPP_FUSE: disabling
[    4.277210] +USB0_VBUS_SW: disabling
[    4.392014] ata1: SATA link down (SStatus 0 SControl 300)
[    4.398112] EXT4-fs (mmcblk0p1): couldn't mount as ext3 due to feature incompatibilities
[    4.406728] EXT4-fs (mmcblk0p1): couldn't mount as ext2 due to feature incompatibilities
[    4.434544] usb 2-1: new high-speed USB device number 2 using tegra-ehci
[    4.446227] EXT4-fs (mmcblk0p1): recovery complete
[    4.452291] EXT4-fs (mmcblk0p1): mounted filesystem with ordered data mode. Opts: (null)
[    4.460435] VFS: Mounted root (ext4 filesystem) on device 179:1.
[    4.470182] devtmpfs: mounted
[    4.473659] Freeing unused kernel memory: 1048K (c0e42000 - c0f48000)
bash: cannot set terminal process group (-1): Inappropriate ioctl for device
bash: no job control in this shell
root@(none):/# 