
U-Boot SPL 2015.04-rc3-00209-ga74ef40 (Mar 16 2015 - 14:43:39)


U-Boot 2015.04-rc3-00209-ga74ef40 (Mar 16 2015 - 14:43:39)

TEGRA20
Model: Compulab TrimSlice board
DRAM:  1 GiB
MMC:   Tegra SD/MMC: 0, Tegra SD/MMC: 1
SF: Detected W25Q80BL with page size 256 Bytes, erase size 4 KiB, total 1 MiB
tegra-pcie: PCI regions:
tegra-pcie:   I/O: 0x82000000-0x82010000
tegra-pcie:   non-prefetchable memory: 0xa0000000-0xa8000000
tegra-pcie:   prefetchable memory: 0xa8000000-0xc0000000
tegra-pcie: dual-mode configuration
tegra-pcie: probing port 0, using 2 lanes
In:    serial
Out:   serial
Err:   serial
Net:   RTL8169#0
Hit any key to stop autoboot:  2  1  0 
Tegra20 (TrimSlice) # 
Tegra20 (TrimSlice) # usb reset
resetting USB...
USB0:   USB EHCI 1.00
scanning bus 0 for devices... 2 USB Device(s) found
USB1:   USB EHCI 1.00
scanning bus 1 for devices... 1 USB Device(s) found
USB2:   lowlevel init failed
       scanning usb for storage devices... 0 Storage Device(s) found
       scanning usb for ethernet devices... 0 Ethernet Device(s) found
Tegra20 (TrimSlice) # setenv bootargs 'ignore_loglevel console=ttyS0,115200n8 rw root=/dev/mmcblk0p1 rootwait gpt debug noinitrd earlyprintk init=/bin/bash'
Tegra20 (TrimSlice) # setenv ipaddr 192.168.100.103; setenv serverip 192.168.100.1; setenv tftpserverip 192.168.100.1
Tegra20 (TrimSlice) # tftpboot 0x00408000 zImage.multi_v7_defconfig
Using RTL8169#0 device
TFTP from server 192.168.100.1; our IP address is 192.168.100.103
Filename 'zImage.multi_v7_defconfig'.
Load address: 0x408000
Loading: *#################################################################
	 #################################################################
	 #################################################################
	 #################################################################
	 #################################################################
	 #################################################################
	 ####################################
	 4 MiB/s
done
Bytes transferred = 6244608 (5f4900 hex)
Tegra20 (TrimSlice) # tftpboot 0x02408000 tegra20-trimslice.dtb
Using RTL8169#0 device
TFTP from server 192.168.100.1; our IP address is 192.168.100.103
Filename 'tegra20-trimslice.dtb'.
Load address: 0x2408000
Loading: *##
	 3.4 MiB/s
done
Bytes transferred = 21130 (528a hex)
Tegra20 (TrimSlice) # bootz 0x00408000 - 0x02408000
Kernel image @ 0x408000 [ 0x000000 - 0x5f4900 ]
## Flattened Device Tree blob at 02408000
   Booting using the fdt blob at 0x2408000
   Using Device Tree in place at 02408000, end 02410289

Starting kernel ...

[    0.000000] Booting Linux on physical CPU 0x0
[    0.000000] Linux version 4.1.0-rc1-next-20150504-14134-gc9256b8 (pwalmsley@sellafield) (gcc version 4.7.3 20130328 (prerelease) (crosstool-NG linaro-1.13.1-4.7-2013.04-20130415 - Linaro GCC 2013.04) ) #1 SMP Sun May 3 20:47:42 PDT 2015
[    0.000000] CPU: ARMv7 Processor [411fc090] revision 0 (ARMv7), cr=10c5387d
[    0.000000] CPU: PIPT / VIPT nonaliasing data cache, VIPT aliasing instruction cache
[    0.000000] Machine model: Compulab TrimSlice board
[    0.000000] debug: ignoring loglevel setting.
[    0.000000] earlycon: no match for ttyS0,115200n8
[    0.000000] cma: Reserved 64 MiB at 0x3c000000
[    0.000000] Memory policy: Data cache writealloc
[    0.000000] On node 0 totalpages: 262144
[    0.000000] free_area_init_node: node 0, pgdat c0f253c0, node_mem_map eeff8000
[    0.000000]   DMA zone: 1520 pages used for memmap
[    0.000000]   DMA zone: 0 pages reserved
[    0.000000]   DMA zone: 194560 pages, LIFO batch:31
[    0.000000]   HighMem zone: 67584 pages, LIFO batch:15
[    0.000000] PERCPU: Embedded 12 pages/cpu @eefca000 s17024 r8192 d23936 u49152
[    0.000000] pcpu-alloc: s17024 r8192 d23936 u49152 alloc=12*4096
[    0.000000] pcpu-alloc: [0] 0 [0] 1 
[    0.000000] Built 1 zonelists in Zone order, mobility grouping on.  Total pages: 260624
[    0.000000] Kernel command line: ignore_loglevel console=ttyS0,115200n8 rw root=/dev/mmcblk0p1 rootwait gpt debug noinitrd earlyprintk init=/bin/bash
[    0.000000] PID hash table entries: 4096 (order: 2, 16384 bytes)
[    0.000000] Dentry cache hash table entries: 131072 (order: 7, 524288 bytes)
[    0.000000] Inode-cache hash table entries: 65536 (order: 6, 262144 bytes)
[    0.000000] Memory: 960052K/1048576K available (8012K kernel code, 1020K rwdata, 3580K rodata, 816K init, 317K bss, 22988K reserved, 65536K cma-reserved, 204800K highmem)
[    0.000000] Virtual kernel memory layout:
[    0.000000]     vector  : 0xffff0000 - 0xffff1000   (   4 kB)
[    0.000000]     fixmap  : 0xffc00000 - 0xfff00000   (3072 kB)
[    0.000000]     vmalloc : 0xf0000000 - 0xff000000   ( 240 MB)
[    0.000000]     lowmem  : 0xc0000000 - 0xef800000   ( 760 MB)
[    0.000000]     pkmap   : 0xbfe00000 - 0xc0000000   (   2 MB)
[    0.000000]     modules : 0xbf000000 - 0xbfe00000   (  14 MB)
[    0.000000]       .text : 0xc0208000 - 0xc0d5b090   (11597 kB)
[    0.000000]       .init : 0xc0d5c000 - 0xc0e28000   ( 816 kB)
[    0.000000]       .data : 0xc0e28000 - 0xc0f273a0   (1021 kB)
[    0.000000]        .bss : 0xc0f2a000 - 0xc0f796a8   ( 318 kB)
[    0.000000] SLUB: HWalign=64, Order=0-3, MinObjects=0, CPUs=2, Nodes=1
[    0.000000] Hierarchical RCU implementation.
[    0.000000] 	Additional per-CPU info printed with stalls.
[    0.000000] 	Build-time adjustment of leaf fanout to 32.
[    0.000000] 	RCU restricting CPUs from NR_CPUS=16 to nr_cpu_ids=2.
[    0.000000] RCU: Adjusting geometry for rcu_fanout_leaf=32, nr_cpu_ids=2
[    0.000000] NR_IRQS:16 nr_irqs:16 16
[    0.000000] /interrupt-controller@60004000: 128 interrupts forwarded to /interrupt-controller@50041000
[    0.000000] L2C: platform modifies aux control register: 0x02080000 -> 0x3e480001
[    0.000000] L2C: DT/platform modifies aux control register: 0x02080000 -> 0x3e480001
[    0.000000] L2C-310 errata 727915 769419 enabled
[    0.000000] L2C-310 enabling early BRESP for Cortex-A9
[    0.000000] L2C-310: enabling full line of zeros but not enabled in Cortex-A9
[    0.000000] L2C-310 ID prefetch enabled, offset 1 lines
[    0.000000] L2C-310 cache controller enabled, 8 ways, 1024 kB
[    0.000000] L2C-310: CACHE_ID 0x410000c4, AUX_CTRL 0x7e480001
[    0.000010] sched_clock: 32 bits at 1000kHz, resolution 1000ns, wraps every 2147483647500ns
[    0.000027] clocksource timer_us: mask: 0xffffffff max_cycles: 0xffffffff, max_idle_ns: 1911260446275 ns
[    0.000037] Switching to timer-based delay loop, resolution 1000ns
[    0.001353] Console: colour dummy device 80x30
[    0.001373] Calibrating delay loop (skipped), value calculated using timer frequency.. 2.00 BogoMIPS (lpj=5000)
[    0.001384] pid_max: default: 32768 minimum: 301
[    0.001468] Mount-cache hash table entries: 2048 (order: 1, 8192 bytes)
[    0.001477] Mountpoint-cache hash table entries: 2048 (order: 1, 8192 bytes)
[    0.001933] CPU: Testing write buffer coherency: ok
[    0.002100] CPU0: thread -1, cpu 0, socket 0, mpidr 80000000
[    0.002147] Setting up static identity map for 0x209000 - 0x209098
[    0.003301] Tegra Revision: A03 prime SKU: 8 CPU Process: 1 Core Process: 2
[    0.004395] CPU1: thread -1, cpu 1, socket 0, mpidr 80000001
[    0.004448] Brought up 2 CPUs
[    0.004459] SMP: Total of 2 processors activated (4.00 BogoMIPS).
[    0.004465] CPU: All CPU(s) started in SVC mode.
[    0.004818] devtmpfs: initialized
[    0.005515] VFP support v0.3: implementor 41 architecture 3 part 30 variant 9 rev 1
[    0.005787] clocksource jiffies: mask: 0xffffffff max_cycles: 0xffffffff, max_idle_ns: 9556302231375000 ns
[    0.008816] pinctrl core: initialized pinctrl subsystem
[    0.013422] NET: Registered protocol family 16
[    0.015731] DMA: preallocated 256 KiB pool for atomic coherent allocations
[    0.029932] cpuidle: using governor ladder
[    0.044930] cpuidle: using governor menu
[    0.055266] No ATAGs?
[    0.055295] hw-breakpoint: found 5 (+1 reserved) breakpoint and 1 watchpoint registers.
[    0.055302] hw-breakpoint: maximum watchpoint size is 4 bytes.
[    0.057652] Serial: AMBA PL011 UART driver
[    0.082883] usb1_vbus: Failed to request enable GPIO170: -517
[    0.082966] reg-fixed-voltage regulators:regulator@2: Failed to register regulator: -517
[    0.086484] vgaarb: loaded
[    0.087002] SCSI subsystem initialized
[    0.087142] libata version 3.00 loaded.
[    0.087359] usbcore: registered new interface driver usbfs
[    0.087405] usbcore: registered new interface driver hub
[    0.087445] usbcore: registered new device driver usb
[    0.089370] media: Linux media interface: v0.10
[    0.089419] Linux video capture interface: v2.00
[    0.089452] pps_core: LinuxPPS API ver. 1 registered
[    0.089458] pps_core: Software ver. 5.3.6 - Copyright 2005-2007 Rodolfo Giometti <giometti@linux.it>
[    0.089477] PTP clock support registered
[    0.089647] EDAC MC: Ver: 3.0.0
[    0.090510] Advanced Linux Sound Architecture Driver Initialized.
[    0.091337] Switched to clocksource timer_us
[    0.098626] NET: Registered protocol family 2
[    0.099069] TCP established hash table entries: 8192 (order: 3, 32768 bytes)
[    0.099132] TCP bind hash table entries: 8192 (order: 4, 65536 bytes)
[    0.099246] TCP: Hash tables configured (established 8192 bind 8192)
[    0.099320] UDP hash table entries: 512 (order: 2, 16384 bytes)
[    0.099367] UDP-Lite hash table entries: 512 (order: 2, 16384 bytes)
[    0.099533] NET: Registered protocol family 1
[    0.099747] RPC: Registered named UNIX socket transport module.
[    0.099755] RPC: Registered udp transport module.
[    0.099760] RPC: Registered tcp transport module.
[    0.099765] RPC: Registered tcp NFSv4.1 backchannel transport module.
[    0.099784] PCI: CLS 0 bytes, default 64
[    0.100567] CPU PMU: Failed to parse /pmu/interrupt-affinity[0]
[    0.100600] hw perfevents: enabled with armv7_cortex_a9 PMU driver, 7 counters available
[    0.101619] futex hash table entries: 512 (order: 3, 32768 bytes)
[    0.109420] squashfs: version 4.0 (2009/01/31) Phillip Lougher
[    0.110059] NFS: Registering the id_resolver key type
[    0.110087] Key type id_resolver registered
[    0.110093] Key type id_legacy registered
[    0.110142] ntfs: driver 2.1.32 [Flags: R/O].
[    0.110989] bounce: pool size: 64 pages
[    0.111170] Block layer SCSI generic (bsg) driver version 0.4 loaded (major 248)
[    0.111185] io scheduler noop registered
[    0.111195] io scheduler deadline registered
[    0.111365] io scheduler cfq registered (default)
[    0.119976] tegra-pcie 80003000.pcie-controller: dual-mode configuration
[    0.120546] tegra-pcie 80003000.pcie-controller: probing port 0, using 2 lanes
[    0.202794] tegra-pcie 80003000.pcie-controller: PCI host bridge to bus 0000:00
[    0.202808] pci_bus 0000:00: root bus resource [mem 0xa0000000-0xa7ffffff]
[    0.202818] pci_bus 0000:00: root bus resource [mem 0xa8000000-0xbfffffff pref]
[    0.202827] pci_bus 0000:00: root bus resource [bus 00-ff]
[    0.202835] pci_bus 0000:00: root bus resource [io  0x1000-0xffff]
[    0.202861] pci 0000:00:01.0: [10de:0bf0] type 01 class 0x060000
[    0.202894] pci 0000:00:01.0: IOMMU is currently not supported for PCI
[    0.202925] pci 0000:00:01.0: PME# supported from D0 D1 D2 D3hot D3cold
[    0.203106] PCI: bus0: Fast back to back transfers disabled
[    0.203117] pci 0000:00:01.0: bridge configuration invalid ([bus 00-00]), reconfiguring
[    0.203242] pci 0000:01:00.0: [10ec:8168] type 00 class 0x020000
[    0.203279] pci 0000:01:00.0: reg 0x10: [io  0x0000-0x00ff]
[    0.203302] pci 0000:01:00.0: reg 0x18: [mem 0x00000000-0x00000fff 64bit pref]
[    0.203319] pci 0000:01:00.0: reg 0x20: [mem 0x00000000-0x00003fff 64bit pref]
[    0.203332] pci 0000:01:00.0: reg 0x30: [mem 0x00000000-0x0001ffff pref]
[    0.203346] pci 0000:01:00.0: IOMMU is currently not supported for PCI
[    0.203390] pci 0000:01:00.0: supports D1 D2
[    0.203398] pci 0000:01:00.0: PME# supported from D0 D1 D2 D3hot D3cold
[    0.211367] PCI: bus1: Fast back to back transfers disabled
[    0.211379] pci_bus 0000:01: busn_res: [bus 01-ff] end is updated to 01
[    0.211391] Disabling cpuidle LP2 state, since PCIe IRQs are in use
[    0.211444] pci 0000:00:01.0: BAR 8: assigned [mem 0xa0000000-0xa00fffff]
[    0.211456] pci 0000:00:01.0: BAR 9: assigned [mem 0xa8000000-0xa80fffff 64bit pref]
[    0.211466] pci 0000:00:01.0: BAR 7: assigned [io  0x1000-0x1fff]
[    0.211478] pci 0000:01:00.0: BAR 6: assigned [mem 0xa0000000-0xa001ffff pref]
[    0.211488] pci 0000:01:00.0: BAR 4: assigned [mem 0xa8000000-0xa8003fff 64bit pref]
[    0.211506] pci 0000:01:00.0: BAR 2: assigned [mem 0xa8004000-0xa8004fff 64bit pref]
[    0.211522] pci 0000:01:00.0: BAR 0: assigned [io  0x1000-0x10ff]
[    0.211533] pci 0000:00:01.0: PCI bridge to [bus 01]
[    0.211541] pci 0000:00:01.0:   bridge window [io  0x1000-0x1fff]
[    0.211550] pci 0000:00:01.0:   bridge window [mem 0xa0000000-0xa00fffff]
[    0.211559] pci 0000:00:01.0:   bridge window [mem 0xa8000000-0xa80fffff 64bit pref]
[    0.211578] pci 0000:00:01.0: nv_msi_ht_cap_quirk didn't locate host bridge
[    0.211640] pcieport 0000:00:01.0: enabling device (0140 -> 0143)
[    0.211779] pcieport 0000:00:01.0: Signaling PME through PCIe PME interrupt
[    0.211788] pci 0000:01:00.0: Signaling PME through PCIe PME interrupt
[    0.211797] pcie_pme 0000:00:01.0:pcie01: service driver pcie_pme loaded
[    0.213035] tegra-ahb 6000c004.ahb: incorrect AHB base address in DT data - enabling workaround
[    0.215065] tegra-apbdma 6000a000.dma: Tegra20 APB DMA driver register 16 channels
[    0.262230] Serial: 8250/16550 driver, 4 ports, IRQ sharing disabled
[    0.263993] SuperH (H)SCI(F) driver initialized
[    0.264549] msm_serial: driver initialized
[    0.265225] console [ttyS0] disabled
[    0.265258] 70006000.serial: ttyS0 at MMIO 0x70006000 (irq = 279, base_baud = 13500000) is a Tegra
[    1.267029] console [ttyS0] enabled
[    1.271065] STMicroelectronics ASC driver initialized
[    1.277586] [drm] Initialized drm 1.1.0 20060810
[    1.283535] 54280000.hdmi supply hdmi not found, using dummy regulator
[    1.292640] [drm] Supports vblank timestamp caching Rev 2 (21.10.2013).
[    1.299260] [drm] No driver support for vblank timestamp query.
[    1.305192] drm drm: No connectors reported connected with modes
[    1.311198] [drm] Cannot find any crtc or sizes - going 1024x768
[    1.333073] Console: switching to colour frame buffer device 128x48
[    1.347741] drm drm: fb0:  frame buffer device
[    1.352181] drm drm: registered panic notifier
[    1.371348] [drm] Initialized tegra 0.0.0 20120330 on minor 0
[    1.381517] loop: module loaded
[    1.388557] m25p80 spi32766.0: found s25fl008k, expected w25q80bl
[    1.394659] m25p80 spi32766.0: s25fl008k (1024 Kbytes)
[    1.402049] CAN device driver interface
[    1.406779] igb: Intel(R) Gigabit Ethernet Network Driver - version 5.2.15-k
[    1.413822] igb: Copyright (c) 2007-2014 Intel Corporation.
[    1.419894] r8169 Gigabit Ethernet driver 2.3LK-NAPI loaded
[    1.425490] r8169 0000:01:00.0: enabling device (0140 -> 0143)
[    1.431938] r8169 0000:01:00.0 eth0: RTL8168d/8111d at 0xf005c000, 00:01:c0:13:7d:63, XID 081000c0 IRQ 296
[    1.441590] r8169 0000:01:00.0 eth0: jumbo features [frames: 9200 bytes, tx checksumming: ko]
[    1.451259] pegasus: v0.9.3 (2013/04/25), Pegasus/Pegasus II USB Ethernet driver
[    1.458710] usbcore: registered new interface driver pegasus
[    1.464426] usbcore: registered new interface driver asix
[    1.469864] usbcore: registered new interface driver ax88179_178a
[    1.475994] usbcore: registered new interface driver cdc_ether
[    1.481878] usbcore: registered new interface driver smsc75xx
[    1.487672] usbcore: registered new interface driver smsc95xx
[    1.493454] usbcore: registered new interface driver net1080
[    1.499149] usbcore: registered new interface driver cdc_subset
[    1.505104] usbcore: registered new interface driver zaurus
[    1.510749] usbcore: registered new interface driver cdc_ncm
[    1.516681] tegra-phy c5004000.usb-phy: no vbus regulator
[    1.523177] tegra-phy c5008000.usb-phy: no vbus regulator
[    1.529678] ehci_hcd: USB 2.0 'Enhanced' Host Controller (EHCI) Driver
[    1.536212] ehci-pci: EHCI PCI platform driver
[    1.540700] ehci-platform: EHCI generic platform driver
[    1.546084] ehci-omap: OMAP-EHCI Host Controller driver
[    1.551424] ehci-orion: EHCI orion driver
[    1.555523] SPEAr-ehci: EHCI SPEAr driver
[    1.559639] ehci-st: EHCI STMicroelectronics driver
[    1.564623] ehci-exynos: EHCI EXYNOS driver
[    1.568928] tegra-ehci: Tegra EHCI driver
[    1.592543] ulpi_phy_power_on: ulpi write failed
[    1.597162] tegra-ehci c5004000.usb: Failed to power on the phy
[    1.603090] tegra-ehci: probe of c5004000.usb failed with error -110
[    1.612070] tegra-ehci c5008000.usb: EHCI Host Controller
[    1.617482] tegra-ehci c5008000.usb: new USB bus registered, assigned bus number 1
[    1.625363] tegra-ehci c5008000.usb: irq 290, io mem 0xc5008000
[    1.636353] tegra-ehci c5008000.usb: USB 2.0 started, EHCI 1.00
[    1.642881] hub 1-0:1.0: USB hub found
[    1.646674] hub 1-0:1.0: 1 port detected
[    1.650903] ohci_hcd: USB 1.1 'Open' Host Controller (OHCI) Driver
[    1.657098] ohci-pci: OHCI PCI platform driver
[    1.661594] ohci-platform: OHCI generic platform driver
[    1.666967] ohci-omap3: OHCI OMAP3 driver
[    1.671068] SPEAr-ohci: OHCI SPEAr driver
[    1.675195] ohci-st: OHCI STMicroelectronics driver
[    1.680263] usbcore: registered new interface driver usb-storage
[    1.687357] mousedev: PS/2 mouse device common for all mice
[    1.694968] rtc-em3027 2-0056: rtc core: registered rtc-em3027 as rtc0
[    1.702535] tegra_rtc 7000e000.rtc: rtc core: registered 7000e000.rtc as rtc1
[    1.709703] tegra_rtc 7000e000.rtc: Tegra internal Real Time Clock
[    1.716310] i2c /dev entries driver
[    1.721665] usbcore: registered new interface driver uvcvideo
[    1.727409] USB Video Class driver (1.1.1)
[    1.731505] gspca_main: v2.14.0 registered
[    1.738992] sdhci: Secure Digital Host Controller Interface driver
[    1.745172] sdhci: Copyright(c) Pierre Ossman
[    1.750562] Synopsys Designware Multimedia Card Interface Driver
[    1.757366] sdhci-pltfm: SDHCI platform and OF driver helper
[    1.763709] sdhci-tegra c8000000.sdhci: No vmmc regulator found
[    1.769632] sdhci-tegra c8000000.sdhci: No vqmmc regulator found
[    1.775632] mmc0: Invalid maximum block size, assuming 512 bytes
[    1.811353] mmc0: SDHCI controller on c8000000.sdhci [c8000000.sdhci] using ADMA
[    1.818830] sdhci-tegra c8000600.sdhci: Got CD GPIO
[    1.823719] sdhci-tegra c8000600.sdhci: Got WP GPIO
[    1.828765] sdhci-tegra c8000600.sdhci: No vmmc regulator found
[    1.834688] sdhci-tegra c8000600.sdhci: No vqmmc regulator found
[    1.840690] mmc1: Invalid maximum block size, assuming 512 bytes
[    1.876434] mmc1: SDHCI controller on c8000600.sdhci [c8000600.sdhci] using ADMA
[    1.884608] ledtrig-cpu: registered to indicate activity on CPUs
[    1.890802] usbcore: registered new interface driver usbhid
[    1.896383] usbhid: USB HID core driver
[    1.902894] usbcore: registered new interface driver snd-usb-audio
[    1.912684] tlv320aic23-codec 2-001a: Control not supported for path LLINEIN -> [NULL] -> Line Input
[    1.921819] tlv320aic23-codec 2-001a: ASoC: no dapm match for LLINEIN --> NULL --> Line Input
[    1.930341] tlv320aic23-codec 2-001a: ASoC: Failed to add route LLINEIN -> NULL -> Line Input
[    1.938864] tlv320aic23-codec 2-001a: Control not supported for path RLINEIN -> [NULL] -> Line Input
[    1.947989] tlv320aic23-codec 2-001a: ASoC: no dapm match for RLINEIN --> NULL --> Line Input
[    1.956378] usb 1-1: new high-speed USB device number 2 using tegra-ehci
[    1.963208] tlv320aic23-codec 2-001a: ASoC: Failed to add route RLINEIN -> NULL -> Line Input
[    1.971747] tlv320aic23-codec 2-001a: Control not supported for path MICIN -> [NULL] -> Mic Input
[    1.980616] tlv320aic23-codec 2-001a: ASoC: no dapm match for MICIN --> NULL --> Mic Input
[    1.988872] tlv320aic23-codec 2-001a: ASoC: Failed to add route MICIN -> NULL -> Mic Input
[    1.997754] tegra-snd-trimslice sound: tlv320aic23-hifi <-> 70002800.i2s mapping ok
[    2.007006] NET: Registered protocol family 17
[    2.011475] can: controller area network core (rev 20120528 abi 9)
[    2.017712] NET: Registered protocol family 29
[    2.022165] can: raw protocol (rev 20120528)
[    2.026443] can: broadcast manager protocol (rev 20120528 t)
[    2.032204] can: netlink gateway (rev 20130117) max_hops=1
[    2.038144] Key type dns_resolver registered
[    2.042878] ThumbEE CPU extension supported.
[    2.045310] mmc0: host does not support reading read-only switch, assuming write-enable
[    2.047293] mmc0: new high speed SDHC card at address b368
[    2.055234] mmcblk0: mmc0:b368 NCard 3.70 GiB 
[    2.062428]  mmcblk0: p1
[    2.067633] Registering SWP/SWPB emulation handler
[    2.077833] utmi_phy_clk_enable: timeout waiting for phy to stabilize
[    2.084304] tegra-ehci c5000000.usb: EHCI Host Controller
[    2.089731] tegra-ehci c5000000.usb: new USB bus registered, assigned bus number 2
[    2.097657] tegra-ehci c5000000.usb: irq 288, io mem 0xc5000000
[    2.136357] tegra-ehci c5000000.usb: USB 2.0 started, EHCI 1.00
[    2.143015] hub 2-0:1.0: USB hub found
[    2.146852] hub 2-0:1.0: 1 port detected
[    2.151568] hub 1-1:1.0: USB hub found
[    2.155393] hub 1-1:1.0: 4 ports detected
[    2.156101] input: gpio-keys as /devices/soc0/gpio-keys/input/input0
[    2.165763] rtc-em3027 2-0056: setting system clock to 2014-12-25 20:06:10 UTC (1419537970)
[    2.170269] ALSA device list:
[    2.170274]   #0: tegra-trimslice
[    2.182517] EXT4-fs (mmcblk0p1): mounting ext3 file system using the ext4 subsystem
[    2.199054] mmc1: new high speed SD card at address b368
[    2.205159] mmcblk1: mmc1:b368 NCard 1.83 GiB (ro)
[    2.212549]  mmcblk1: p1 p2
[    2.280848] EXT4-fs (mmcblk0p1): recovery complete
[    2.285676] EXT4-fs (mmcblk0p1): mounted filesystem with ordered data mode. Opts: (null)
[    2.293811] VFS: Mounted root (ext3 filesystem) on device 179:1.
[    2.307964] devtmpfs: mounted
[    2.311693] Freeing unused kernel memory: 816K (c0d5c000 - c0e28000)
bash: cannot set terminal process group (-1): Inappropriate ioctl for device
bash: no job control in this shell
root@(none):/# 