
U-Boot SPL 2014.01-00219-gc4d376f (Feb 18 2014 - 19:57:32)


U-Boot 2014.01-00219-gc4d376f (Feb 18 2014 - 19:57:32)

TEGRA114
Board: NVIDIA Dalmore
I2C:   ready
DRAM:  2 GiB
MMC:   Tegra SD/MMC: 0, Tegra SD/MMC: 1
In:    serial
Out:   serial
Err:   serial
Net:   Net Initialization Skipped
No ethernet found.
Hit any key to stop autoboot:  2  0 
Tegra114 (Dalmore) # 
Tegra114 (Dalmore) # usb reset
(Re)start USB...
USB0:   USB EHCI 1.10
scanning bus 0 for devices... 2 USB Device(s) found
       scanning usb for storage devices... 0 Storage Device(s) found
       scanning usb for ethernet devices... 
Warning: asx0 using MAC address from net device
1 Ethernet Device(s) found
Tegra114 (Dalmore) # setenv bootargs 'ignore_loglevel console=ttyS0,115200n8 rw root=/dev/mmcblk0p1 rootwait gpt debug earlyprintk init=/bin/bash'
Tegra114 (Dalmore) # setenv ipaddr 192.168.100.100; setenv serverip 192.168.100.1; setenv tftpserverip 192.168.100.1
Tegra114 (Dalmore) # tftpboot 0x81000000 zImage.multi_v7_defconfig
Using asx0 device
TFTP from server 192.168.100.1; our IP address is 192.168.100.100
Filename 'zImage.multi_v7_defconfig'.
Load address: 0x81000000
Loading: *#################################################################
	 #################################################################
	 #################################################################
	 #################################################################
	 #################################################################
	 #################################################################
	 #################################################################
	 ######
	 3.4 MiB/s
done
Bytes transferred = 6760680 (6728e8 hex)
Tegra114 (Dalmore) # tftpboot 0x82000000 tegra114-dalmore.dtb
Using asx0 device
TFTP from server 192.168.100.1; our IP address is 192.168.100.100
Filename 'tegra114-dalmore.dtb'.
Load address: 0x82000000
Loading: *###
	 3 MiB/s
done
Bytes transferred = 34894 (884e hex)
Tegra114 (Dalmore) # bootz 0x81000000 - 0x82000000
Kernel image @ 0x81000000 [ 0x000000 - 0x6728e8 ]
## Flattened Device Tree blob at 82000000
   Booting using the fdt blob at 0x82000000
   Loading Device Tree to 8fff4000, end 8ffff84d ... OK

Starting kernel ...

[    0.000000] Booting Linux on physical CPU 0x0
[    0.000000] Linux version 4.4.0-next-20160121-67729-g8771b78 (pwalmsley@sellafield) (gcc version 4.7.3 20130328 (prerelease) (crosstool-NG linaro-1.13.1-4.7-2013.04-20130415 - Linaro GCC 2013.04) ) #1 SMP Wed Jan 20 19:22:43 PST 2016
[    0.000000] CPU: ARMv7 Processor [412fc0f2] revision 2 (ARMv7), cr=10c5387d
[    0.000000] CPU: div instructions available: patching division code
[    0.000000] CPU: PIPT / VIPT nonaliasing data cache, PIPT instruction cache
[    0.000000] Machine model: NVIDIA Tegra114 Dalmore evaluation board
[    0.000000] debug: ignoring loglevel setting.
[    0.000000] cma: Reserved 64 MiB at 0xfb800000
[    0.000000] Memory policy: Data cache writealloc
[    0.000000] On node 0 totalpages: 524032
[    0.000000] free_area_init_node: node 0, pgdat c105dcc0, node_mem_map eeff8000
[    0.000000]   DMA zone: 1536 pages used for memmap
[    0.000000]   DMA zone: 0 pages reserved
[    0.000000]   DMA zone: 196608 pages, LIFO batch:31
[    0.000000]   HighMem zone: 327424 pages, LIFO batch:31
[    0.000000] PERCPU: Embedded 13 pages/cpu @eef9f000 s22912 r8192 d22144 u53248
[    0.000000] pcpu-alloc: s22912 r8192 d22144 u53248 alloc=13*4096
[    0.000000] pcpu-alloc: [0] 0 [0] 1 [0] 2 [0] 3 
[    0.000000] Built 1 zonelists in Zone order, mobility grouping on.  Total pages: 522496
[    0.000000] Kernel command line: ignore_loglevel console=ttyS0,115200n8 rw root=/dev/mmcblk0p1 rootwait gpt debug earlyprintk init=/bin/bash
[    0.000000] PID hash table entries: 4096 (order: 2, 16384 bytes)
[    0.000000] Dentry cache hash table entries: 131072 (order: 7, 524288 bytes)
[    0.000000] Inode-cache hash table entries: 65536 (order: 6, 262144 bytes)
[    0.000000] Memory: 1997952K/2096128K available (8495K kernel code, 1111K rwdata, 4020K rodata, 1056K init, 345K bss, 32640K reserved, 65536K cma-reserved, 1244160K highmem)
[    0.000000] Virtual kernel memory layout:
[    0.000000]     vector  : 0xffff0000 - 0xffff1000   (   4 kB)
[    0.000000]     fixmap  : 0xffc00000 - 0xfff00000   (3072 kB)
[    0.000000]     vmalloc : 0xf0800000 - 0xff800000   ( 240 MB)
[    0.000000]     lowmem  : 0xc0000000 - 0xf0000000   ( 768 MB)
[    0.000000]     pkmap   : 0xbfe00000 - 0xc0000000   (   2 MB)
[    0.000000]     modules : 0xbf000000 - 0xbfe00000   (  14 MB)
[    0.000000]       .text : 0xc0208000 - 0xc0e41de4   (12520 kB)
[    0.000000]       .init : 0xc0e42000 - 0xc0f4a000   (1056 kB)
[    0.000000]       .data : 0xc0f4a000 - 0xc105fc40   (1112 kB)
[    0.000000]        .bss : 0xc1062000 - 0xc10b85a0   ( 346 kB)
[    0.000000] SLUB: HWalign=64, Order=0-3, MinObjects=0, CPUs=4, Nodes=1
[    0.000000] Hierarchical RCU implementation.
[    0.000000] 	Build-time adjustment of leaf fanout to 32.
[    0.000000] 	RCU restricting CPUs from NR_CPUS=16 to nr_cpu_ids=4.
[    0.000000] RCU: Adjusting geometry for rcu_fanout_leaf=32, nr_cpu_ids=4
[    0.000000] NR_IRQS:16 nr_irqs:16 16
[    0.000000] /interrupt-controller@60004000: 160 interrupts forwarded to /interrupt-controller@50041000
[    0.000000] L2C: failed to init: -19
[    0.000000] Tegra clk 127: register failed with -17
[    0.000009] sched_clock: 32 bits at 1000kHz, resolution 1000ns, wraps every 2147483647500ns
[    0.000027] clocksource: timer_us: mask: 0xffffffff max_cycles: 0xffffffff, max_idle_ns: 1911260446275 ns
[    0.000042] Switching to timer-based delay loop, resolution 1000ns
[    0.003090] Architected cp15 timer(s) running at 12.00MHz (virt).
[    0.003108] clocksource: arch_sys_counter: mask: 0xffffffffffffff max_cycles: 0x2c47f4ee7, max_idle_ns: 440795202497 ns
[    0.003126] sched_clock: 56 bits at 12MHz, resolution 83ns, wraps every 4398046511096ns
[    0.003140] Switching to timer-based delay loop, resolution 83ns
[    0.003516] Console: colour dummy device 80x30
[    0.003543] Calibrating delay loop (skipped), value calculated using timer frequency.. 24.00 BogoMIPS (lpj=60000)
[    0.003558] pid_max: default: 32768 minimum: 301
[    0.003667] Mount-cache hash table entries: 2048 (order: 1, 8192 bytes)
[    0.003680] Mountpoint-cache hash table entries: 2048 (order: 1, 8192 bytes)
[    0.004292] CPU: Testing write buffer coherency: ok
[    0.004508] /cpus/cpu@0 missing clock-frequency property
[    0.004536] /cpus/cpu@1 missing clock-frequency property
[    0.004565] /cpus/cpu@2 missing clock-frequency property
[    0.004595] /cpus/cpu@3 missing clock-frequency property
[    0.004607] CPU0: thread -1, cpu 0, socket 0, mpidr 80000000
[    0.004658] Setting up static identity map for 0x80209000 - 0x80209098
[    0.006953] Tegra Revision: A01 SKU: 0 CPU Process: 1 SoC Process: 0
[    0.008265] CPU1: thread -1, cpu 1, socket 0, mpidr 80000001
[    0.008914] CPU2: thread -1, cpu 2, socket 0, mpidr 80000002
[    0.009552] CPU3: thread -1, cpu 3, socket 0, mpidr 80000003
[    0.009622] Brought up 4 CPUs
[    0.009643] SMP: Total of 4 processors activated (96.00 BogoMIPS).
[    0.009651] CPU: All CPU(s) started in SVC mode.
[    0.011058] devtmpfs: initialized
[    0.021632] VFP support v0.3: implementor 41 architecture 4 part 30 variant f rev 0
[    0.022249] clocksource: jiffies: mask: 0xffffffff max_cycles: 0xffffffff, max_idle_ns: 9556302231375000 ns
[    0.023958] pinctrl core: initialized pinctrl subsystem
[    0.025613] NET: Registered protocol family 16
[    0.027781] DMA: preallocated 256 KiB pool for atomic coherent allocations
[    0.043161] cpuidle: using governor menu
[    0.057787] No ATAGs?
[    0.057826] hw-breakpoint: found 5 (+1 reserved) breakpoint and 4 watchpoint registers.
[    0.057837] hw-breakpoint: maximum watchpoint size is 8 bytes.
[    0.062887] Serial: AMBA PL011 UART driver
[    0.064179] tegra-mc 70019000.memory-controller: no memory timings for RAM code 3 registered
[    0.092928] dvdd_ts: Failed to request enable GPIO61: -517
[    0.093047] reg-fixed-voltage regulators:regulator@1: Failed to register regulator: -517
[    0.093292] usb1_vbus: Failed to request enable GPIO108: -517
[    0.093403] reg-fixed-voltage regulators:regulator@3: Failed to register regulator: -517
[    0.093623] usb2_vbus: Failed to request enable GPIO86: -517
[    0.093728] reg-fixed-voltage regulators:regulator@4: Failed to register regulator: -517
[    0.094250] VDD_5V0_HDMI_CON: Failed to request enable GPIO81: -517
[    0.094359] reg-fixed-voltage regulators:regulator@7: Failed to register regulator: -517
[    0.097410] vgaarb: loaded
[    0.098488] SCSI subsystem initialized
[    0.098670] libata version 3.00 loaded.
[    0.098983] usbcore: registered new interface driver usbfs
[    0.099052] usbcore: registered new interface driver hub
[    0.099131] usbcore: registered new device driver usb
[    0.102817] tps65090 2-0048: No cache defaults, reading back from HW
[    0.109003] genirq: Setting trigger mode 8 for irq 341 failed (irq_chip_set_type_parent+0x0/0x28)
[    0.109025] palmas 2-0058: Irq flag is 0x00000000
[    0.112220] palmas 2-0058: Muxing GPIO ff, PWM 0, LED 0
[    0.121887] sdhci-vdd-sd-slot: ramp_delay not set
[    0.146426] pps_core: LinuxPPS API ver. 1 registered
[    0.146437] pps_core: Software ver. 5.3.6 - Copyright 2005-2007 Rodolfo Giometti <giometti@linux.it>
[    0.146469] PTP clock support registered
[    0.146708] EDAC MC: Ver: 3.0.0
[    0.149232] clocksource: Switched to clocksource arch_sys_counter
[    0.160228] NET: Registered protocol family 2
[    0.160752] TCP established hash table entries: 8192 (order: 3, 32768 bytes)
[    0.160851] TCP bind hash table entries: 8192 (order: 4, 65536 bytes)
[    0.161038] TCP: Hash tables configured (established 8192 bind 8192)
[    0.161094] UDP hash table entries: 512 (order: 2, 16384 bytes)
[    0.161136] UDP-Lite hash table entries: 512 (order: 2, 16384 bytes)
[    0.161309] NET: Registered protocol family 1
[    0.161574] RPC: Registered named UNIX socket transport module.
[    0.161585] RPC: Registered udp transport module.
[    0.161593] RPC: Registered tcp transport module.
[    0.161601] RPC: Registered tcp NFSv4.1 backchannel transport module.
[    0.161622] PCI: CLS 0 bytes, default 64
[    0.163887] futex hash table entries: 1024 (order: 4, 65536 bytes)
[    0.176682] squashfs: version 4.0 (2009/01/31) Phillip Lougher
[    0.177619] NFS: Registering the id_resolver key type
[    0.177649] Key type id_resolver registered
[    0.177658] Key type id_legacy registered
[    0.177732] ntfs: driver 2.1.32 [Flags: R/O].
[    0.179160] bounce: pool size: 64 pages
[    0.179417] Block layer SCSI generic (bsg) driver version 0.4 loaded (major 249)
[    0.179438] io scheduler noop registered
[    0.179454] io scheduler deadline registered
[    0.179494] io scheduler cfq registered (default)
[    0.201141] vdd-lcd-bl: supplied by vdd_ac_bat
[    0.207909] tegra-apbdma 6000a000.dma: Tegra20 APB DMA driver register 32 channels
[    0.209551] tegra-pmc 7000e400.pmc: i2c-thermtrip node not found, emergency thermal reset disabled.
[    0.277670] Serial: 8250/16550 driver, 4 ports, IRQ sharing disabled
[    0.280799] console [ttyS0] disabled
[    0.280836] 70006300.serial: ttyS0 at MMIO 0x70006300 (irq = 329, base_baud = 25500000) is a Tegra
[    1.092748] console [ttyS0] enabled
[    1.097059] SuperH (H)SCI(F) driver initialized
[    1.102578] msm_serial: driver initialized
[    1.106899] STMicroelectronics ASC driver initialized
[    1.114349] [drm] Initialized drm 1.1.0 20060810
[    1.120982] tegra-hdmi 54280000.hdmi: failed to get HDMI regulator
[    1.127729] vdd-ao: supplied by vdd_ac_bat
[    1.132065] vddio-1v8: supplied by vdd-ao
[    1.136465] avdd-dsi-csi: supplied by vddio-1v8
[    1.144785] vdd-sys-3v3: supplied by vdd_ac_bat
[    1.149554] avdd-lcd: supplied by vdd-sys-3v3
[    1.165656] brd: module loaded
[    1.175063] loop: module loaded
[    1.185527] m25p80 spi32766.0: w25q32dw (4096 Kbytes)
[    1.194128] libphy: Fixed MDIO Bus: probed
[    1.198986] CAN device driver interface
[    1.204762] igb: Intel(R) Gigabit Ethernet Network Driver - version 5.3.0-k
[    1.211731] igb: Copyright (c) 2007-2014 Intel Corporation.
[    1.220371] pegasus: v0.9.3 (2013/04/25), Pegasus/Pegasus II USB Ethernet driver
[    1.227825] usbcore: registered new interface driver pegasus
[    1.233567] usbcore: registered new interface driver asix
[    1.239032] usbcore: registered new interface driver ax88179_178a
[    1.245184] usbcore: registered new interface driver cdc_ether
[    1.251094] usbcore: registered new interface driver smsc75xx
[    1.256917] usbcore: registered new interface driver smsc95xx
[    1.262719] usbcore: registered new interface driver net1080
[    1.268435] usbcore: registered new interface driver cdc_subset
[    1.274411] usbcore: registered new interface driver zaurus
[    1.280079] usbcore: registered new interface driver cdc_ncm
[    1.287648] ehci_hcd: USB 2.0 'Enhanced' Host Controller (EHCI) Driver
[    1.294191] ehci-pci: EHCI PCI platform driver
[    1.298696] ehci-platform: EHCI generic platform driver
[    1.304130] ehci-omap: OMAP-EHCI Host Controller driver
[    1.309506] ehci-orion: EHCI orion driver
[    1.313647] SPEAr-ehci: EHCI SPEAr driver
[    1.317813] ehci-st: EHCI STMicroelectronics driver
[    1.322843] ehci-exynos: EHCI EXYNOS driver
[    1.327196] ehci-atmel: EHCI Atmel driver
[    1.331359] tegra-ehci: Tegra EHCI driver
[    1.335705] ohci_hcd: USB 1.1 'Open' Host Controller (OHCI) Driver
[    1.341910] ohci-pci: OHCI PCI platform driver
[    1.346422] ohci-platform: OHCI generic platform driver
[    1.351818] ohci-omap3: OHCI OMAP3 driver
[    1.355979] SPEAr-ohci: OHCI SPEAr driver
[    1.360146] ohci-st: OHCI STMicroelectronics driver
[    1.365176] ohci-atmel: OHCI Atmel driver
[    1.369735] usbcore: registered new interface driver usb-storage
[    1.377313] mousedev: PS/2 mouse device common for all mice
[    1.387990] palmas-rtc 7000d000.i2c:tps65913@58:rtc: rtc core: registered 7000d000.i2c:tps659 as rtc0
[    1.399143] tegra_rtc 7000e000.rtc: rtc core: registered 7000e000.rtc as rtc1
[    1.406338] tegra_rtc 7000e000.rtc: Tegra internal Real Time Clock
[    1.413095] i2c /dev entries driver
[    1.420570] sbs-battery 0-000b: sbs_probe: Failed to get device status
[    1.427125] sbs-battery: probe of 0-000b failed with error -121
[    1.436230] vdd-sensor-2v85: supplied by vdd-sys-3v3
[    1.449345] sdhci: Secure Digital Host Controller Interface driver
[    1.455534] sdhci: Copyright(c) Pierre Ossman
[    1.461426] Synopsys Designware Multimedia Card Interface Driver
[    1.468519] sdhci-pltfm: SDHCI platform and OF driver helper
[    1.474956] sdhci-tegra 78000400.sdhci: Got CD GPIO
[    1.479862] sdhci-tegra 78000400.sdhci: Got WP GPIO
[    1.485921] mmc0: Invalid maximum block size, assuming 512 bytes
[    1.524440] mmc0: SDHCI controller on 78000400.sdhci [78000400.sdhci] using ADMA
[    1.534188] mmc1: Invalid maximum block size, assuming 512 bytes
[    1.574254] mmc1: SDHCI controller on 78000600.sdhci [78000600.sdhci] using ADMA
[    1.583210] ledtrig-cpu: registered to indicate activity on CPUs
[    1.589580] usbcore: registered new interface driver usbhid
[    1.595164] usbhid: USB HID core driver
[    1.604006] NET: Registered protocol family 10
[    1.609207] sit: IPv6 over IPv4 tunneling driver
[    1.616577] NET: Registered protocol family 17
[    1.621052] can: controller area network core (rev 20120528 abi 9)
[    1.627308] NET: Registered protocol family 29
[    1.631773] can: raw protocol (rev 20120528)
[    1.636062] can: broadcast manager protocol (rev 20120528 t)
[    1.641743] can: netlink gateway (rev 20130117) max_hops=1
[    1.647644] Key type dns_resolver registered
[    1.652579] ThumbEE CPU extension supported.
[    1.656881] Registering SWP/SWPB emulation handler
[    1.682782] vdd-sys-5v0: supplied by vdd_ac_bat
[    1.687630] VDD_5V0_HDMI_CON: supplied by vdd-sys-5v0
[    1.697469] vdd_hdmi_5v0: supplied by vdd-sys-5v0
[    1.711539] [drm] Supports vblank timestamp caching Rev 2 (21.10.2013).
[    1.718198] [drm] No driver support for vblank timestamp query.
[    1.738076] mmc1: MAN_BKOPS_EN bit is not set
[    1.754106] mmc1: new HS200 MMC card at address 0001
[    1.755175] mmcblk0: mmc1:0001 SEM32G 29.1 GiB 
[    1.756160] mmcblk0boot0: mmc1:0001 SEM32G partition 1 4.00 MiB
[    1.757025] mmcblk0boot1: mmc1:0001 SEM32G partition 2 4.00 MiB
[    1.757790] mmcblk0rpmb: mmc1:0001 SEM32G partition 3 4.00 MiB
[    1.762448]  mmcblk0: p1 p2 p3 p4 p5 p6 p7 p8
[    1.783829] Console: switching to colour frame buffer device 240x75
[    1.843213] drm drm: fb0:  frame buffer device
[    1.859357] [drm] Initialized tegra 0.0.0 20120330 on minor 0
[    1.866448] usb2_vbus: supplied by vdd-sys-5v0
[    1.873250] tegra-ehci 7d008000.usb: EHCI Host Controller
[    1.878728] tegra-ehci 7d008000.usb: new USB bus registered, assigned bus number 1
[    1.886446] ------------[ cut here ]------------
[    1.891076] WARNING: CPU: 2 PID: 6 at kernel/workqueue.c:2361 check_flush_dependency+0xc8/0x124()
[    1.899959] workqueue: WQ_MEM_RECLAIM deferwq:deferred_probe_work_func is flushing !WQ_MEM_RECLAIM events:lru_add_drain_per_cpu
[    1.911245] Modules linked in:
[    1.914502] CPU: 2 PID: 6 Comm: kworker/u8:0 Not tainted 4.4.0-next-20160121-67729-g8771b78 #1
[    1.923099] Hardware name: NVIDIA Tegra SoC (Flattened Device Tree)
[    1.929376] Workqueue: deferwq deferred_probe_work_func
[    1.934628] [<c02188b8>] (unwind_backtrace) from [<c0213f94>] (show_stack+0x10/0x14)
[    1.942371] [<c0213f94>] (show_stack) from [<c04893ec>] (dump_stack+0x78/0x94)
[    1.949611] [<c04893ec>] (dump_stack) from [<c024ab38>] (warn_slowpath_common+0x74/0xb0)
[    1.957698] [<c024ab38>] (warn_slowpath_common) from [<c024ac08>] (warn_slowpath_fmt+0x30/0x40)
[    1.966410] [<c024ac08>] (warn_slowpath_fmt) from [<c025dc5c>] (check_flush_dependency+0xc8/0x124)
[    1.975362] [<c025dc5c>] (check_flush_dependency) from [<c025dd70>] (flush_work+0x54/0x144)
[    1.983725] [<c025dd70>] (flush_work) from [<c02dab88>] (lru_add_drain_all+0x124/0x180)
[    1.991729] [<c02dab88>] (lru_add_drain_all) from [<c030c6c0>] (migrate_prep+0x8/0x10)
[    1.999658] [<c030c6c0>] (migrate_prep) from [<c02d5ba0>] (alloc_contig_range+0xc4/0x2f8)
[    2.007831] [<c02d5ba0>] (alloc_contig_range) from [<c030dfec>] (cma_alloc+0xd8/0x1a0)
[    2.015760] [<c030dfec>] (cma_alloc) from [<c021e39c>] (__alloc_from_contiguous+0x38/0xdc)
[    2.024019] [<c021e39c>] (__alloc_from_contiguous) from [<c021ff8c>] (__dma_alloc+0x21c/0x250)
[    2.032639] [<c021ff8c>] (__dma_alloc) from [<c0220044>] (arm_dma_alloc+0x48/0x54)
[    2.040206] [<c0220044>] (arm_dma_alloc) from [<c0306c10>] (dma_pool_alloc+0x1dc/0x210)
[    2.048221] [<c0306c10>] (dma_pool_alloc) from [<c07c7084>] (ehci_qh_alloc+0x3c/0xb4)
[    2.056046] [<c07c7084>] (ehci_qh_alloc) from [<c07cb67c>] (ehci_setup+0x154/0x478)
[    2.063713] [<c07cb67c>] (ehci_setup) from [<c07d1734>] (tegra_ehci_reset+0xc/0x50)
[    2.071367] [<c07d1734>] (tegra_ehci_reset) from [<c07a1afc>] (usb_add_hcd+0x300/0x830)
[    2.079384] [<c07a1afc>] (usb_add_hcd) from [<c07d10ac>] (tegra_ehci_probe+0x3b8/0x504)
[    2.087388] [<c07d10ac>] (tegra_ehci_probe) from [<c0659218>] (platform_drv_probe+0x50/0xac)
[    2.095840] [<c0659218>] (platform_drv_probe) from [<c0657b84>] (driver_probe_device+0x1f4/0x2b0)
[    2.104708] [<c0657b84>] (driver_probe_device) from [<c0656114>] (bus_for_each_drv+0x44/0x8c)
[    2.113244] [<c0656114>] (bus_for_each_drv) from [<c0657908>] (__device_attach+0x9c/0x100)
[    2.121503] [<c0657908>] (__device_attach) from [<c0656f94>] (bus_probe_device+0x84/0x8c)
[    2.129692] [<c0656f94>] (bus_probe_device) from [<c06573c8>] (deferred_probe_work_func+0x60/0x8c)
[    2.138646] [<c06573c8>] (deferred_probe_work_func) from [<c025ebb8>] (process_one_work+0x134/0x338)
[    2.147788] [<c025ebb8>] (process_one_work) from [<c025ee20>] (worker_thread+0x2c/0x4f0)
[    2.155874] [<c025ee20>] (worker_thread) from [<c0263fac>] (kthread+0xd8/0xf4)
[    2.163112] [<c0263fac>] (kthread) from [<c0210e78>] (ret_from_fork+0x14/0x3c)
[    2.170327] ---[ end trace 76cf91d83140f025 ]---
[    2.175295] tegra-ehci 7d008000.usb: irq 339, io mem 0x7d008000
[    2.189358] tegra-ehci 7d008000.usb: USB 2.0 started, EHCI 1.10
[    2.196578] hub 1-0:1.0: USB hub found
[    2.200442] hub 1-0:1.0: 1 port detected
[    2.206497] input: gpio-keys as /devices/soc0/gpio-keys/input/input0
[    2.215341] palmas-rtc 7000d000.i2c:tps65913@58:rtc: setting system clock to 2000-01-01 08:32:36 UTC (946715556)
[    2.239664] dvdd_ts: disabling
[    2.242723] usb1_vbus: disabling
[    2.245996] vdd_cam_1v8_reg: disabling
[    2.251540] EXT4-fs (mmcblk0p1): mounting ext3 file system using the ext4 subsystem
[    2.272337] EXT4-fs (mmcblk0p1): recovery complete
[    2.277220] EXT4-fs (mmcblk0p1): mounted filesystem with ordered data mode. Opts: (null)
[    2.285428] VFS: Mounted root (ext3 filesystem) on device 179:1.
[    2.294857] devtmpfs: mounted
[    2.298713] Freeing unused kernel memory: 1056K (c0e42000 - c0f4a000)
bash: cannot set terminal process group (-1): Inappropriate ioctl for device
bash: no job control in this shell
root@(none):/# [    2.519383] usb 1-1: new high-speed USB device number 2 using tegra-ehci
mount -t sysfs none /sys
root@(none):/# 
root@(none):/# [    3.465413] asix 1-1:1.0 eth0: register 'asix' at usb-7d008000.usb-1, ASIX AX88772 USB 2.0 Ethernet, 00:50:b6:0d:b5:16
mount -t debugfs none /sys/kernel/debug
root@(none):/# 
root@(none):/# rtcwake -d rtc1 -m mem -s 3
rtcwake: assuming RTC uses UTC ...
rtcwake: wakeup from "mem" using /dev/rtc1 at Thu Jan  1 00:00:20 1970
[    5.342664] PM: Syncing filesystems ... done.
[    5.370726] Freezing user space processes ... (elapsed 0.001 seconds) done.
[    5.379084] Freezing remaining freezable tasks ... (elapsed 0.001 seconds) done.
[    5.387948] Suspending console(s) (use no_console_suspend to debug)
[    5.438352] PM: suspend of devices complete after 42.748 msecs
[    5.440766] PM: late suspend of devices complete after 2.397 msecs
[    5.442748] PM: noirq suspend of devices complete after 1.973 msecs
[    5.442752] Disabling non-boot CPUs ...
[    5.443552] CPU1: shutdown
[    5.466467] IRQ16 no longer affine to CPU2
[    5.466870] CPU2: shutdown
[    5.491555] CPU3: shutdown
[    5.505454] Entering suspend state LP1
[    5.505479] Enabling non-boot CPUs ...
[    5.530882] CPU1 is up
[    5.556136] CPU2 is up
[    5.581438] CPU3 is up
[    5.582774] PM: noirq resume of devices complete after 1.324 msecs
[    5.585851] PM: early resume of devices complete after 2.621 msecs
[    5.681376] PM: resume of devices complete after 95.506 msecs
[    5.750094] Restarting tasks ... done.
root@(none):/# 
root@(none):/# rtcwake -d rtc1 -m mem -s 3
rtcwake: assuming RTC uses UTC ...
rtcwake: wakeup from "mem" using /dev/rtc1 at Thu Jan  1 00:00:29 1970
[    6.579255] PM: Syncing filesystems ... done.
[    6.605864] Freezing user space processes ... (elapsed 0.001 seconds) done.
[    6.614252] Freezing remaining freezable tasks ... (elapsed 0.001 seconds) done.
[    6.622934] Suspending console(s) (use no_console_suspend to debug)
[    6.671608] PM: suspend of devices complete after 41.020 msecs
[    6.673968] PM: late suspend of devices complete after 2.343 msecs
[    6.675992] PM: noirq suspend of devices complete after 2.015 msecs
[    6.675996] Disabling non-boot CPUs ...
[    6.676797] CPU1: shutdown
[    6.701425] IRQ16 no longer affine to CPU2
[    6.701835] CPU2: shutdown
[    6.726447] CPU3: shutdown
[    6.740375] Entering suspend state LP1
[    6.740400] Enabling non-boot CPUs ...
[    6.765846] CPU1 is up
[    6.791075] CPU2 is up
[    6.816381] CPU3 is up
[    6.817630] PM: noirq resume of devices complete after 1.238 msecs
[    6.820681] PM: early resume of devices complete after 2.597 msecs
[    6.916321] PM: resume of devices complete after 95.620 msecs
[    6.985095] Restarting tasks ... done.
root@(none):/# 
root@(none):/# rtcwake -d rtc1 -m mem -s 3
rtcwake: assuming RTC uses UTC ...
rtcwake: wakeup from "mem" using /dev/rtc1 at Thu Jan  1 00:00:38 1970
[    7.782254] PM: Syncing filesystems ... done.
[    7.809037] Freezing user space processes ... (elapsed 0.001 seconds) done.
[    7.817394] Freezing remaining freezable tasks ... (elapsed 0.001 seconds) done.
[    7.826151] Suspending console(s) (use no_console_suspend to debug)
[    7.876379] PM: suspend of devices complete after 42.599 msecs
[    7.879019] PM: late suspend of devices complete after 2.622 msecs
[    7.880998] PM: noirq suspend of devices complete after 1.968 msecs
[    7.881002] Disabling non-boot CPUs ...
[    7.881408] IRQ16 no longer affine to CPU1
[    7.881818] CPU1: shutdown
[    7.911791] CPU2: shutdown
[    7.936422] CPU3: shutdown
[    7.950348] Entering suspend state LP1
[    7.950373] Enabling non-boot CPUs ...
[    7.975800] CPU1 is up
[    8.001029] CPU2 is up
[    8.026334] CPU3 is up
[    8.027566] PM: noirq resume of devices complete after 1.220 msecs
[    8.030548] PM: early resume of devices complete after 2.520 msecs
[    8.126275] PM: resume of devices complete after 95.708 msecs
[    8.195060] Restarting tasks ... done.
root@(none):/# 
root@(none):/# rtcwake -d rtc1 -m mem -s 3
rtcwake: assuming RTC uses UTC ...
rtcwake: wakeup from "mem" using /dev/rtc1 at Thu Jan  1 00:00:47 1970
[    8.988635] PM: Syncing filesystems ... done.
[    9.015182] Freezing user space processes ... (elapsed 0.001 seconds) done.
[    9.023535] Freezing remaining freezable tasks ... (elapsed 0.001 seconds) done.
[    9.032247] Suspending console(s) (use no_console_suspend to debug)
[    9.081256] PM: suspend of devices complete after 41.345 msecs
[    9.083577] PM: late suspend of devices complete after 2.305 msecs
[    9.085530] PM: noirq suspend of devices complete after 1.943 msecs
[    9.085534] Disabling non-boot CPUs ...
[    9.086337] CPU1: shutdown
[    9.111358] IRQ16 no longer affine to CPU2
[    9.111775] CPU2: shutdown
[    9.136368] CPU3: shutdown
[    9.150304] Entering suspend state LP1
[    9.150328] Enabling non-boot CPUs ...
[    9.175775] CPU1 is up
[    9.201016] CPU2 is up
[    9.226315] CPU3 is up
[    9.227544] PM: noirq resume of devices complete after 1.217 msecs
[    9.230236] PM: early resume of devices complete after 2.221 msecs
[    9.326246] PM: resume of devices complete after 95.987 msecs
[    9.395014] Restarting tasks ... done.
root@(none):/# 
root@(none):/# rtcwake -d rtc1 -m mem -s 3
rtcwake: assuming RTC uses UTC ...
rtcwake: wakeup from "mem" using /dev/rtc1 at Thu Jan  1 00:00:56 1970
[   10.193979] PM: Syncing filesystems ... done.
[   10.220993] Freezing user space processes ... (elapsed 0.001 seconds) done.
[   10.229351] Freezing remaining freezable tasks ... (elapsed 0.001 seconds) done.
[   10.238126] Suspending console(s) (use no_console_suspend to debug)
[   10.286310] PM: suspend of devices complete after 40.546 msecs
[   10.288949] PM: late suspend of devices complete after 2.620 msecs
[   10.290919] PM: noirq suspend of devices complete after 1.960 msecs
[   10.290924] Disabling non-boot CPUs ...
[   10.291699] CPU1: shutdown
[   10.321296] IRQ16 no longer affine to CPU2
[   10.321704] CPU2: shutdown
[   10.346314] CPU3: shutdown
[   10.360267] Entering suspend state LP1
[   10.360292] Enabling non-boot CPUs ...
[   10.385713] CPU1 is up
[   10.410958] CPU2 is up
[   10.436273] CPU3 is up
[   10.437505] PM: noirq resume of devices complete after 1.221 msecs
[   10.440152] PM: early resume of devices complete after 2.176 msecs
[   10.536146] PM: resume of devices complete after 95.973 msecs
[   10.604918] Restarting tasks ... done.
root@(none):/# 
root@(none):/# NVTB SYSTEM SUSPEND TEST COMPLETE
