
U-Boot SPL 2014.01-00219-gc4d376f (Feb 18 2014 - 19:57:32)


U-Boot 2014.01-00219-gc4d376f (Feb 18 2014 - 19:57:32)

TEGRA114
Board: NVIDIA Dalmore
I2C:   ready
DRAM:  2 GiB
MMC:   Tegra SD/MMC: 0, Tegra SD/MMC: 1
In:    serial
Out:   serial
Err:   serial
Net:   Net Initialization Skipped
No ethernet found.
Hit any key to stop autoboot:  2  0 
Tegra114 (Dalmore) # 
Tegra114 (Dalmore) # usb reset
(Re)start USB...
USB0:   USB EHCI 1.10
scanning bus 0 for devices... 2 USB Device(s) found
       scanning usb for storage devices... 0 Storage Device(s) found
       scanning usb for ethernet devices... 
Warning: asx0 using MAC address from net device
1 Ethernet Device(s) found
Tegra114 (Dalmore) # setenv bootargs 'ignore_loglevel console=ttyS0,115200n8 rw root=/dev/mmcblk0p1 rootwait gpt debug init=/bin/bash'
Tegra114 (Dalmore) # setenv ipaddr 192.168.100.100; setenv serverip 192.168.100.1; setenv tftpserverip 192.168.100.1
Tegra114 (Dalmore) # tftpboot 0x81000000 zImage.multi_v7_defconfig
Using asx0 device
TFTP from server 192.168.100.1; our IP address is 192.168.100.100
Filename 'zImage.multi_v7_defconfig'.
Load address: 0x81000000
Loading: *#################################################################
	 #################################################################
	 #################################################################
	 #################################################################
	 #################################################################
	 #####################
	 3.5 MiB/s
done
Bytes transferred = 5067776 (4d5400 hex)
Tegra114 (Dalmore) # tftpboot 0x82000000 tegra114-dalmore.dtb
Using asx0 device
TFTP from server 192.168.100.1; our IP address is 192.168.100.100
Filename 'tegra114-dalmore.dtb'.
Load address: 0x82000000
Loading: *###
	 3.3 MiB/s
done
Bytes transferred = 34674 (8772 hex)
Tegra114 (Dalmore) # bootz 0x81000000 - 0x82000000
Kernel image @ 0x81000000 [ 0x000000 - 0x4d5400 ]
## Flattened Device Tree blob at 82000000
   Booting using the fdt blob at 0x82000000
   Loading Device Tree to 8fff4000, end 8ffff771 ... OK

Starting kernel ...

[    0.000000] Booting Linux on physical CPU 0x0
[    0.000000] Linux version 3.16.0-rc6-next-20140724-38009-g1a58d99 (pwalmsley@kaivo) (gcc version 4.7.3 20130328 (prerelease) (crosstool-NG linaro-1.13.1-4.7-2013.04-20130415 - Linaro GCC 2013.04) ) #1 SMP Thu Jul 24 03:17:51 PDT 2014
[    0.000000] CPU: ARMv7 Processor [412fc0f2] revision 2 (ARMv7), cr=10c5387d
[    0.000000] CPU: PIPT / VIPT nonaliasing data cache, PIPT instruction cache
[    0.000000] Machine model: NVIDIA Tegra114 Dalmore evaluation board
[    0.000000] debug: ignoring loglevel setting.
[    0.000000] cma: Reserved 64 MiB at ab800000
[    0.000000] Memory policy: Data cache writealloc
[    0.000000] On node 0 totalpages: 524032
[    0.000000] free_area_init_node: node 0, pgdat c0c8d700, node_mem_map ea7d8000
[    0.000000]   DMA zone: 1520 pages used for memmap
[    0.000000]   DMA zone: 0 pages reserved
[    0.000000]   DMA zone: 194560 pages, LIFO batch:31
[    0.000000]   HighMem zone: 2574 pages used for memmap
[    0.000000]   HighMem zone: 329472 pages, LIFO batch:31
[    0.000000] PERCPU: Embedded 8 pages/cpu @ea793000 s8448 r8192 d16128 u32768
[    0.000000] pcpu-alloc: s8448 r8192 d16128 u32768 alloc=8*4096
[    0.000000] pcpu-alloc: [0] 0 [0] 1 [0] 2 [0] 3 
[    0.000000] Built 1 zonelists in Zone order, mobility grouping on.  Total pages: 522512
[    0.000000] Kernel command line: ignore_loglevel console=ttyS0,115200n8 rw root=/dev/mmcblk0p1 rootwait gpt debug init=/bin/bash
[    0.000000] PID hash table entries: 4096 (order: 2, 16384 bytes)
[    0.000000] Dentry cache hash table entries: 131072 (order: 7, 524288 bytes)
[    0.000000] Inode-cache hash table entries: 65536 (order: 6, 262144 bytes)
[    0.000000] Memory: 2001856K/2096128K available (6564K kernel code, 917K rwdata, 2628K rodata, 664K init, 304K bss, 94272K reserved, 1317888K highmem)
[    0.000000] Virtual kernel memory layout:
[    0.000000]     vector  : 0xffff0000 - 0xffff1000   (   4 kB)
[    0.000000]     fixmap  : 0xffc00000 - 0xffe00000   (2048 kB)
[    0.000000]     vmalloc : 0xf0000000 - 0xff000000   ( 240 MB)
[    0.000000]     lowmem  : 0xc0000000 - 0xef800000   ( 760 MB)
[    0.000000]     pkmap   : 0xbfe00000 - 0xc0000000   (   2 MB)
[    0.000000]     modules : 0xbf000000 - 0xbfe00000   (  14 MB)
[    0.000000]       .text : 0xc0208000 - 0xc0b022e8   (9193 kB)
[    0.000000]       .init : 0xc0b03000 - 0xc0ba9100   ( 665 kB)
[    0.000000]       .data : 0xc0baa000 - 0xc0c8f500   ( 918 kB)
[    0.000000]        .bss : 0xc0c8f500 - 0xc0cdb718   ( 305 kB)
[    0.000000] SLUB: HWalign=64, Order=0-3, MinObjects=0, CPUs=4, Nodes=1
[    0.000000] Hierarchical RCU implementation.
[    0.000000] 	RCU restricting CPUs from NR_CPUS=8 to nr_cpu_ids=4.
[    0.000000] RCU: Adjusting geometry for rcu_fanout_leaf=16, nr_cpu_ids=4
[    0.000000] NR_IRQS:16 nr_irqs:16 16
[    0.000000] L2C: failed to init: -19
[    0.000008] sched_clock: 32 bits at 1000kHz, resolution 1000ns, wraps every 2147483648000ns
[    0.000029] Switching to timer-based delay loop, resolution 1000ns
[    0.002367] Architected cp15 timer(s) running at 12.00MHz (virt).
[    0.002389] sched_clock: 56 bits at 12MHz, resolution 83ns, wraps every 2863311536128ns
[    0.002403] Switching to timer-based delay loop, resolution 83ns
[    0.002724] Console: colour dummy device 80x30
[    0.002746] Calibrating delay loop (skipped), value calculated using timer frequency.. 24.00 BogoMIPS (lpj=60000)
[    0.002760] pid_max: default: 32768 minimum: 301
[    0.002888] Mount-cache hash table entries: 2048 (order: 1, 8192 bytes)
[    0.002900] Mountpoint-cache hash table entries: 2048 (order: 1, 8192 bytes)
[    0.003436] CPU: Testing write buffer coherency: ok
[    0.003641] /cpus/cpu@0 missing clock-frequency property
[    0.003665] /cpus/cpu@1 missing clock-frequency property
[    0.003689] /cpus/cpu@2 missing clock-frequency property
[    0.003713] /cpus/cpu@3 missing clock-frequency property
[    0.003727] CPU0: thread -1, cpu 0, socket 0, mpidr 80000000
[    0.003774] Setting up static identity map for 0x80833e18 - 0x80833eb0
[    0.005497] Tegra Revision: A01 SKU: 0 CPU Process: 1 Core Process: 0
[    0.006533] CPU1: Booted secondary processor
[    0.006559] CPU1: thread -1, cpu 1, socket 0, mpidr 80000001
[    0.007051] CPU2: Booted secondary processor
[    0.007075] CPU2: thread -1, cpu 2, socket 0, mpidr 80000002
[    0.007596] CPU3: Booted secondary processor
[    0.007621] CPU3: thread -1, cpu 3, socket 0, mpidr 80000003
[    0.007686] Brought up 4 CPUs
[    0.007712] SMP: Total of 4 processors activated.
[    0.007719] CPU: All CPU(s) started in SVC mode.
[    0.008268] devtmpfs: initialized
[    0.013639] VFP support v0.3: implementor 41 architecture 4 part 30 variant f rev 0
[    0.015393] pinctrl core: initialized pinctrl subsystem
[    0.015846] regulator-dummy: no parameters
[    0.026310] NET: Registered protocol family 16
[    0.028419] DMA: preallocated 256 KiB pool for atomic coherent allocations
[    0.030024] cpuidle: using governor ladder
[    0.030041] cpuidle: using governor menu
[    0.042361] No ATAGs?
[    0.042395] hw-breakpoint: found 5 (+1 reserved) breakpoint and 4 watchpoint registers.
[    0.042407] hw-breakpoint: maximum watchpoint size is 8 bytes.
[    0.042575] EXYNOS: PMU not supported
[    0.045029] Serial: AMBA PL011 UART driver
[    0.070446] edma-dma-engine edma-dma-engine.0: Can't allocate PaRAM dummy slot
[    0.070469] edma-dma-engine: probe of edma-dma-engine.0 failed with error -5
[    0.071048] vdd_ac_bat: 5000 mV 
[    0.071286] dvdd_ts: Failed to request enable GPIO61: -517
[    0.071391] reg-fixed-voltage regulators:regulator@1: Failed to register regulator: -517
[    0.071413] platform regulators:regulator@1: Driver reg-fixed-voltage requests probe deferral
[    0.071589] usb1_vbus: Failed to request enable GPIO108: -517
[    0.071683] reg-fixed-voltage regulators:regulator@3: Failed to register regulator: -517
[    0.071704] platform regulators:regulator@3: Driver reg-fixed-voltage requests probe deferral
[    0.071874] usb2_vbus: Failed to request enable GPIO86: -517
[    0.071964] reg-fixed-voltage regulators:regulator@4: Failed to register regulator: -517
[    0.071985] platform regulators:regulator@4: Driver reg-fixed-voltage requests probe deferral
[    0.072148] vdd_hdmi_5v0: 5000 mV 
[    0.072191] reg-fixed-voltage regulators:regulator@5: Failed to find supply vin
[    0.072290] reg-fixed-voltage regulators:regulator@5: Failed to register regulator: -517
[    0.072327] platform regulators:regulator@5: Driver reg-fixed-voltage requests probe deferral
[    0.072398] platform regulators:regulator@6: Driver reg-fixed-voltage requests probe deferral
[    0.072569] VDD_5V0_HDMI_CON: Failed to request enable GPIO81: -517
[    0.072660] reg-fixed-voltage regulators:regulator@7: Failed to register regulator: -517
[    0.072680] platform regulators:regulator@7: Driver reg-fixed-voltage requests probe deferral
[    0.074834] vgaarb: loaded
[    0.075527] SCSI subsystem initialized
[    0.075702] libata version 3.00 loaded.
[    0.076032] usbcore: registered new interface driver usbfs
[    0.076108] usbcore: registered new interface driver hub
[    0.076210] usbcore: registered new device driver usb
[    0.079429] vdd-cpu: 500 <--> 1520 mV at 1100 mV 
[    0.079830] tps65090 2-0048: No cache defaults, reading back from HW
[    0.081890] vdd-sys-5v0: no parameters
[    0.081941] vdd-sys-5v0: supplied by vdd_ac_bat
[    0.083005] vdd-sys-3v3: no parameters
[    0.083050] vdd-sys-3v3: supplied by vdd_ac_bat
[    0.084074] vdd-ao: no parameters
[    0.084117] vdd-ao: supplied by vdd_ac_bat
[    0.084477] vdd-lcd-bl: no parameters
[    0.084521] vdd-lcd-bl: supplied by vdd_ac_bat
[    0.084863] TPS65090_RAILSFET2: no parameters
[    0.084906] TPS65090_RAILSFET2: supplied by vdd_ac_bat
[    0.085254] vdd-modem-3v3: no parameters
[    0.085293] vdd-modem-3v3: supplied by vdd-sys-3v3
[    0.085807] avdd-lcd: no parameters
[    0.085846] avdd-lcd: supplied by vdd-sys-3v3
[    0.086340] vdd-lvds: no parameters
[    0.086378] vdd-lvds: supplied by vdd-sys-3v3
[    0.087184] vdd-sd-slot: no parameters
[    0.087224] vdd-sd-slot: supplied by vdd-sys-3v3
[    0.087749] vdd-com-3v3: no parameters
[    0.087789] vdd-com-3v3: supplied by vdd-sys-3v3
[    0.088281] vdd-sby-5v0: no parameters
[    0.088320] vdd-sby-5v0: supplied by vdd_ac_bat
[    0.088502] vdd-sby-3v3: no parameters
[    0.088545] vdd-sby-3v3: supplied by vdd_ac_bat
[    0.088952] genirq: Setting trigger mode 8 for irq 118 failed (gic_set_type+0x0/0xa8)
[    0.089274] palmas 2-0058: Irq flag is 0x00000000
[    0.091843] palmas 2-0058: Muxing GPIO ff, PWM 0, LED 0
[    0.094918] vddio-ddr: 1350 mV 
[    0.095139] vddio-ddr: supplied by vdd-ao
[    0.096545] vddio-1v8: 1800 mV 
[    0.096762] vddio-1v8: supplied by vdd-ao
[    0.098332] vdd-core: 900 <--> 1400 mV at 1100 mV 
[    0.098551] vdd-core: supplied by vdd-sys-3v3
[    0.099673] SMPS6: no parameters
[    0.101093] avdd-pll: 1050 mV 
[    0.101309] avdd-pll: supplied by vdd-sys-3v3
[    0.103127] sdhci-vdd-sd-slot: ramp_delay not set
[    0.103301] sdhci-vdd-sd-slot: 2800 mV 
[    0.103514] sdhci-vdd-sd-slot: supplied by vdd-sys-3v3
[    0.104162] SMPS10_OUT2: at 5000 mV 
[    0.104667] SMPS10_OUT1: at 5000 mV 
[    0.105187] avdd-cam1: 2800 mV 
[    0.105398] avdd-cam1: supplied by vdd-sys-3v3
[    0.106319] avdd-cam2: 2800 mV 
[    0.106529] avdd-cam2: supplied by vdd-sys-3v3
[    0.107454] avdd-dsi-csi: 1200 mV 
[    0.107665] avdd-dsi-csi: supplied by vddio-1v8
[    0.108601] vpp-fuse: 1800 mV 
[    0.108813] vpp-fuse: supplied by vdd-sys-3v3
[    0.109735] LDO5: no parameters
[    0.109950] LDO5: supplied by vdd_ac_bat
[    0.110866] vdd-sensor-2v85: 2850 mV 
[    0.111083] vdd-sensor-2v85: supplied by vdd-sys-3v3
[    0.112013] vdd-af-cam1: 2800 mV 
[    0.112224] vdd-af-cam1: supplied by vdd-sys-3v3
[    0.117422] vdd-rtc: 900 mV 
[    0.117634] vdd-rtc: supplied by vdd-ao
[    0.122594] vddio-sdmmc-2: 1800 <--> 3300 mV at 3300 mV 
[    0.122808] vddio-sdmmc-2: supplied by sdhci-vdd-sd-slot
[    0.123737] hvdd-usb: 3300 mV 
[    0.123948] hvdd-usb: supplied by vdd-sys-5v0
[    0.127450] avdd-usb: 3300 mV 
[    0.127664] avdd-usb: supplied by vdd-sys-5v0
[    0.128591] rail-3v3: no parameters
[    0.129198] rail-5v0: no parameters
[    0.129629] REGEN3: no parameters
[    0.129782] SYSEN1: no parameters
[    0.129932] SYSEN2: no parameters
[    0.130761] Linux video capture interface: v2.00
[    0.130815] pps_core: LinuxPPS API ver. 1 registered
[    0.130823] pps_core: Software ver. 5.3.6 - Copyright 2005-2007 Rodolfo Giometti <giometti@linux.it>
[    0.130855] PTP clock support registered
[    0.130945] EDAC MC: Ver: 3.0.0
[    0.131665] platform 70019010.iommu: Driver tegra-smmu requests probe deferral
[    0.131891] Advanced Linux Sound Architecture Driver Initialized.
[    0.132971] Switched to clocksource arch_sys_counter
[    0.142992] NET: Registered protocol family 2
[    0.143509] TCP established hash table entries: 8192 (order: 3, 32768 bytes)
[    0.143599] TCP bind hash table entries: 8192 (order: 4, 65536 bytes)
[    0.143786] TCP: Hash tables configured (established 8192 bind 8192)
[    0.143834] TCP: reno registered
[    0.143848] UDP hash table entries: 512 (order: 2, 16384 bytes)
[    0.143890] UDP-Lite hash table entries: 512 (order: 2, 16384 bytes)
[    0.144068] NET: Registered protocol family 1
[    0.144338] RPC: Registered named UNIX socket transport module.
[    0.144348] RPC: Registered udp transport module.
[    0.144355] RPC: Registered tcp transport module.
[    0.144363] RPC: Registered tcp NFSv4.1 backchannel transport module.
[    0.144383] PCI: CLS 0 bytes, default 64
[    0.146623] futex hash table entries: 1024 (order: 4, 65536 bytes)
[    0.159344] squashfs: version 4.0 (2009/01/31) Phillip Lougher
[    0.160144] NFS: Registering the id_resolver key type
[    0.160182] Key type id_resolver registered
[    0.160191] Key type id_legacy registered
[    0.160252] msgmni has been set to 1463
[    0.160888] bounce: pool size: 64 pages
[    0.161124] Block layer SCSI generic (bsg) driver version 0.4 loaded (major 249)
[    0.161143] io scheduler noop registered
[    0.161159] io scheduler deadline registered
[    0.161374] io scheduler cfq registered (default)
[    0.180515] tegra-apbdma 6000a000.dma: Tegra20 APB DMA driver register 32 channels
[    0.247390] Serial: 8250/16550 driver, 4 ports, IRQ sharing disabled
[    0.249344] Serial: IMX driver
[    0.249693] msm_serial: driver initialized
[    0.250597] console [ttyS0] disabled
[    0.250635] 70006300.serial: ttyS0 at MMIO 0x70006300 (irq = 122, base_baud = 25500000) is a Tegra
[    1.378981] console [ttyS0] enabled
[    1.383216] STMicroelectronics ASC driver initialized
[    1.389117] serial: Freescale lpuart driver
[    1.393524] [drm] Initialized drm 1.1.0 20060810
[    1.400076] platform 54300000.dsi: Driver tegra-dsi requests probe deferral
[    1.407438] tegra-hdmi 54280000.hdmi: failed to get HDMI regulator
[    1.413642] platform 54280000.hdmi: Driver tegra-hdmi requests probe deferral
[    1.427140] loop: module loaded
[    1.435655] CAN device driver interface
[    1.440260] igb: Intel(R) Gigabit Ethernet Network Driver - version 5.0.5-k
[    1.447225] igb: Copyright (c) 2007-2014 Intel Corporation.
[    1.454219] pegasus: v0.9.3 (2013/04/25), Pegasus/Pegasus II USB Ethernet driver
[    1.461668] usbcore: registered new interface driver pegasus
[    1.467400] usbcore: registered new interface driver asix
[    1.472857] usbcore: registered new interface driver ax88179_178a
[    1.479004] usbcore: registered new interface driver cdc_ether
[    1.484910] usbcore: registered new interface driver smsc75xx
[    1.490730] usbcore: registered new interface driver smsc95xx
[    1.496526] usbcore: registered new interface driver net1080
[    1.502240] usbcore: registered new interface driver cdc_subset
[    1.508215] usbcore: registered new interface driver zaurus
[    1.513888] usbcore: registered new interface driver cdc_ncm
[    1.519574] ehci_hcd: USB 2.0 'Enhanced' Host Controller (EHCI) Driver
[    1.526105] ehci-pci: EHCI PCI platform driver
[    1.530607] ehci-platform: EHCI generic platform driver
[    1.536011] ehci-omap: OMAP-EHCI Host Controller driver
[    1.541371] ehci-orion: EHCI orion driver
[    1.545518] SPEAr-ehci: EHCI SPEAr driver
[    1.549668] tegra-ehci: Tegra EHCI driver
[    1.553898] platform 7d008000.usb: Driver tegra-ehci requests probe deferral
[    1.561027] ohci_hcd: USB 1.1 'Open' Host Controller (OHCI) Driver
[    1.567225] ohci-pci: OHCI PCI platform driver
[    1.571727] ohci-platform: OHCI generic platform driver
[    1.577089] ohci-omap3: OHCI OMAP3 driver
[    1.581238] SPEAr-ohci: OHCI SPEAr driver
[    1.586072] usbcore: registered new interface driver usb-storage
[    1.592640] platform 7d008000.usb-phy: Driver tegra-phy requests probe deferral
[    1.601389] mousedev: PS/2 mouse device common for all mice
[    1.611469] palmas-rtc 7000d000.i2c:tps65913@58:rtc: rtc core: registered 7000d000.i2c:tps659 as rtc0
[    1.622306] tegra_rtc 7000e000.rtc: rtc core: registered 7000e000.rtc as rtc1
[    1.629466] tegra_rtc 7000e000.rtc: Tegra internal Real Time Clock
[    1.636191] i2c /dev entries driver
[    1.641400] usbcore: registered new interface driver uvcvideo
[    1.647156] USB Video Class driver (1.1.1)
[    1.651263] gspca_main: v2.14.0 registered
[    1.656065] sbs-battery 0-000b: sbs_probe: Failed to get device status
[    1.662609] sbs-battery: probe of 0-000b failed with error -121
[    1.675448] sdhci: Secure Digital Host Controller Interface driver
[    1.681637] sdhci: Copyright(c) Pierre Ossman
[    1.686971] Synopsys Designware Multimedia Card Interface Driver
[    1.693670] sdhci-pltfm: SDHCI platform and OF driver helper
[    1.700094] sdhci-tegra 78000400.sdhci: Got CD GPIO #170.
[    1.705521] sdhci-tegra 78000400.sdhci: Got WP GPIO #132.
[    1.712053] sdhci-tegra 78000400.sdhci: No vmmc regulator found
[    1.717982] sdhci-tegra 78000400.sdhci: No vqmmc regulator found
[    1.723990] mmc0: Invalid maximum block size, assuming 512 bytes
[    1.762998] mmc0: SDHCI controller on 78000400.sdhci [78000400.sdhci] using ADMA
[    1.771469] sdhci-tegra 78000600.sdhci: No vmmc regulator found
[    1.777399] sdhci-tegra 78000600.sdhci: No vqmmc regulator found
[    1.783407] mmc1: Invalid maximum block size, assuming 512 bytes
[    1.822991] mmc1: SDHCI controller on 78000600.sdhci [78000600.sdhci] using ADMA
[    1.835377] usbcore: registered new interface driver usbhid
[    1.840965] usbhid: USB HID core driver
[    1.901928] mmc1: BKOPS_EN bit is not set
[    1.909590] mmc1: new high speed MMC card at address 0001
[    1.915357] mmcblk0: mmc1:0001 SEM32G 29.1 GiB 
[    1.920009] mmcblk0boot0: mmc1:0001 SEM32G partition 1 4.00 MiB
[    1.926038] mmcblk0boot1: mmc1:0001 SEM32G partition 2 4.00 MiB
[    1.932066] mmcblk0rpmb: mmc1:0001 SEM32G partition 3 4.00 MiB
[    1.940431]  mmcblk0: p1 p2 p3 p4 p5 p6 p7 p8
[    1.948228]  mmcblk0boot1: unknown partition table
[    1.954549]  mmcblk0boot0: unknown partition table
[    2.265390] tegra30-i2s 70080400.i2s: DMA channels sourced from device 70080000.ahub
[    2.281811] tegra-snd-rt5640 sound: rt5640-aif1 <-> 70080400.i2s mapping ok
[    2.292469] input: NVIDIA Tegra Dalmore Headphones as /devices/soc0/sound/sound/card0/input0
[    2.302260] TCP: cubic registered
[    2.305602] NET: Registered protocol family 17
[    2.310072] can: controller area network core (rev 20120528 abi 9)
[    2.316324] NET: Registered protocol family 29
[    2.320783] can: raw protocol (rev 20120528)
[    2.325065] can: broadcast manager protocol (rev 20120528 t)
[    2.330742] can: netlink gateway (rev 20130117) max_hops=1
[    2.336629] Key type dns_resolver registered
[    2.341486] ThumbEE CPU extension supported.
[    2.345781] Registering SWP/SWPB emulation handler
[    2.351678] dvdd_ts: 1800 mV 
[    2.355054] usb1_vbus: 5000 mV 
[    2.358251] usb1_vbus: supplied by vdd-sys-5v0
[    2.363416] usb2_vbus: 5000 mV 
[    2.366616] usb2_vbus: supplied by vdd-sys-5v0
[    2.372024] vdd_hdmi_5v0: 5000 mV 
[    2.375526] vdd_hdmi_5v0: supplied by vdd-sys-5v0
[    2.382624] vdd_cam_1v8_reg: 1800 mV 
[    2.386802] VDD_5V0_HDMI_CON: 5000 mV 
[    2.390613] VDD_5V0_HDMI_CON: supplied by vdd-sys-5v0
[    2.400640] [drm] Supports vblank timestamp caching Rev 2 (21.10.2013).
[    2.407284] [drm] No driver support for vblank timestamp query.
[    2.462633] Console: switching to colour frame buffer device 240x75
[    2.489992] host1x drm: fb0:  frame buffer device
[    2.494702] host1x drm: registered panic notifier
[    2.513112] [drm] Initialized tegra 0.0.0 20120330 on minor 0
[    2.519612] platform 7d008000.usb: Driver tegra-ehci requests probe deferral
[    2.528666] tegra-ehci 7d008000.usb: EHCI Host Controller
[    2.534129] tegra-ehci 7d008000.usb: new USB bus registered, assigned bus number 1
[    2.543209] tegra-ehci 7d008000.usb: irq 129, io mem 0x7d008000
[    2.558129] tegra-ehci 7d008000.usb: USB 2.0 started, EHCI 1.10
[    2.565146] hub 1-0:1.0: USB hub found
[    2.568985] hub 1-0:1.0: 1 port detected
[    2.574308] input: gpio-keys as /devices/soc0/gpio-keys/input/input1
[    2.582545] palmas-rtc 7000d000.i2c:tps65913@58:rtc: setting system clock to 2000-02-21 11:44:32 UTC (951133472)
[    2.602314] vdd_cam_1v8_reg: disabling
[    2.606213] vdd_hdmi_5v0: disabling
[    2.609718] usb1_vbus: disabling
[    2.612942] dvdd_ts: disabling
[    2.617574] ALSA device list:
[    2.620562]   #0: NVIDIA Tegra Dalmore
[    2.625766] EXT4-fs (mmcblk0p1): mounting ext3 file system using the ext4 subsystem
[    2.647632] EXT4-fs (mmcblk0p1): recovery complete
[    2.652462] EXT4-fs (mmcblk0p1): mounted filesystem with ordered data mode. Opts: (null)
[    2.660594] VFS: Mounted root (ext3 filesystem) on device 179:1.
[    2.671070] devtmpfs: mounted
[    2.674587] Freeing unused kernel memory: 664K (c0b03000 - c0ba9000)
bash: cannot set terminal process group (-1): Inappropriate ioctl for device
bash: no job control in this shell
root@(none):/# [    2.888171] usb 1-1: new high-speed USB device number 2 using tegra-ehci
