[    0.000000] Booting Linux on physical CPU 0x0
[    0.000000] Linux version 4.4.0-next-20160118+ (pwalmsley@tamien) (gcc version 4.9.2 20140904 (prerelease) (crosstool-NG linaro-1.13.1-4.9-2014.09 - Linaro GCC 4.9-2014.09) ) #1 SMP PREEMPT Sun Jan 17 20:21:00 PST 2016
[    0.000000] Boot CPU: AArch64 Processor [411fd070]
[    0.000000] Memory limited to 1024MB
[    0.000000] efi: Getting EFI parameters from FDT:
[    0.000000] efi: UEFI not found.
[    0.000000] cma: Reserved 16 MiB at 0x000000007f000000
[    0.000000] psci: probing for conduit method from DT.
[    0.000000] psci: PSCIv0.2 detected in firmware.
[    0.000000] psci: Using standard PSCI v0.2 function IDs
[    0.000000] psci: Trusted OS migration not required
[    0.000000] PERCPU: Embedded 20 pages/cpu @ffffffc03efdb000 s41216 r8192 d32512 u81920
[    0.000000] Detected PIPT I-cache on CPU0
[    0.000000] CPU features: enabling workaround for ARM erratum 832075
[    0.000000] CPU features: enabling workaround for ARM erratum 834220
[    0.000000] Built 1 zonelists in Zone order, mobility grouping on.  Total pages: 258048
[    0.000000] Kernel command line: root=/dev/vda2 rw rootwait mem=1024M console=ttyAMA0,38400n8 init=/bin/bash
[    0.000000] PID hash table entries: 4096 (order: 3, 32768 bytes)
[    0.000000] Dentry cache hash table entries: 131072 (order: 8, 1048576 bytes)
[    0.000000] Inode-cache hash table entries: 65536 (order: 7, 524288 bytes)
[    0.000000] software IO TLB [mem 0x79c00000-0x7dc00000] (64MB) mapped at [ffffffc039c00000-ffffffc03dbfffff]
[    0.000000] Memory: 937852K/1048576K available (5952K kernel code, 572K rwdata, 2748K rodata, 692K init, 221K bss, 94340K reserved, 16384K cma-reserved)
[    0.000000] Virtual kernel memory layout:
[    0.000000]     vmalloc : 0xffffff8000000000 - 0xffffffbdbfff0000   (   246 GB)
[    0.000000]     vmemmap : 0xffffffbdc0000000 - 0xffffffbfc0000000   (     8 GB maximum)
[    0.000000]               0xffffffbdc1000000 - 0xffffffbdc2000000   (    16 MB actual)
[    0.000000]     fixed   : 0xffffffbffa7fd000 - 0xffffffbffac00000   (  4108 KB)
[    0.000000]     PCI I/O : 0xffffffbffae00000 - 0xffffffbffbe00000   (    16 MB)
[    0.000000]     modules : 0xffffffbffc000000 - 0xffffffc000000000   (    64 MB)
[    0.000000]     memory  : 0xffffffc000000000 - 0xffffffc040000000   (  1024 MB)
[    0.000000]       .init : 0xffffffc000902000 - 0xffffffc0009af000   (   692 KB)
[    0.000000]       .text : 0xffffffc000080000 - 0xffffffc000901224   (  8709 KB)
[    0.000000]       .data : 0xffffffc0009af000 - 0xffffffc000a3e000   (   572 KB)
[    0.000000] SLUB: HWalign=64, Order=0-3, MinObjects=0, CPUs=1, Nodes=1
[    0.000000] Preemptible hierarchical RCU implementation.
[    0.000000] 	Build-time adjustment of leaf fanout to 64.
[    0.000000] 	RCU restricting CPUs from NR_CPUS=64 to nr_cpu_ids=1.
[    0.000000] RCU: Adjusting geometry for rcu_fanout_leaf=64, nr_cpu_ids=1
[    0.000000] NR_IRQS:64 nr_irqs:64 0
[    0.000000] Architected cp15 timer(s) running at 62.50MHz (virt).
[    0.000000] clocksource: arch_sys_counter: mask: 0xffffffffffffff max_cycles: 0x1cd42e208c, max_idle_ns: 881590405314 ns
[    0.000159] sched_clock: 56 bits at 62MHz, resolution 16ns, wraps every 4398046511096ns
[    0.006441] Console: colour dummy device 80x25
[    0.007074] Calibrating delay loop (skipped), value calculated using timer frequency.. 125.00 BogoMIPS (lpj=250000)
[    0.007241] pid_max: default: 32768 minimum: 301
[    0.008063] Security Framework initialized
[    0.008537] Mount-cache hash table entries: 2048 (order: 2, 16384 bytes)
[    0.008578] Mountpoint-cache hash table entries: 2048 (order: 2, 16384 bytes)
[    0.055674] ASID allocator initialised with 65536 entries
[    0.078475] EFI services will not be available.
[    0.080947] Brought up 1 CPUs
[    0.080992] SMP: Total of 1 processors activated.
[    0.081216] CPU: All CPU(s) started at EL1
[    0.081905] alternatives: patching kernel code
[    0.098102] devtmpfs: initialized
[    0.106504] DMI not present or invalid.
[    0.108019] clocksource: jiffies: mask: 0xffffffff max_cycles: 0xffffffff, max_idle_ns: 7645041785100000 ns
[    0.113140] pinctrl core: initialized pinctrl subsystem
[    0.137871] NET: Registered protocol family 16
[    0.158147] cpuidle: using governor menu
[    0.158863] vdso: 2 pages (1 code @ ffffffc0009b5000, 1 data @ ffffffc0009b4000)
[    0.159140] hw-breakpoint: found 6 breakpoint and 4 watchpoint registers.
[    0.164776] DMA: preallocated 256 KiB pool for atomic allocations
[    0.166979] Serial: AMBA PL011 UART driver
[    0.203843] 9000000.pl011: ttyAMA0 at MMIO 0x9000000 (irq = 38, base_baud = 0) is a PL011 rev1
[    0.223140] console [ttyAMA0] enabled
[    0.321663] HugeTLB registered 2 MB page size, pre-allocated 0 pages
[    0.340386] vgaarb: loaded
[    0.342418] SCSI subsystem initialized
[    0.347721] usbcore: registered new interface driver usbfs
[    0.348780] usbcore: registered new interface driver hub
[    0.350632] usbcore: registered new device driver usb
[    0.352104] pps_core: LinuxPPS API ver. 1 registered
[    0.352296] pps_core: Software ver. 5.3.6 - Copyright 2005-2007 Rodolfo Giometti <giometti@linux.it>
[    0.352866] PTP clock support registered
[    0.354887] dmi: Firmware registration failed.
[    0.359456] Advanced Linux Sound Architecture Driver Initialized.
[    0.370129] clocksource: Switched to clocksource arch_sys_counter
[    0.372171] VFS: Disk quotas dquot_6.6.0
[    0.372575] VFS: Dquot-cache hash table entries: 512 (order 0, 4096 bytes)
[    0.433505] NET: Registered protocol family 2
[    0.439995] TCP established hash table entries: 8192 (order: 4, 65536 bytes)
[    0.440556] TCP bind hash table entries: 8192 (order: 5, 131072 bytes)
[    0.441178] TCP: Hash tables configured (established 8192 bind 8192)
[    0.443091] UDP hash table entries: 512 (order: 2, 16384 bytes)
[    0.443541] UDP-Lite hash table entries: 512 (order: 2, 16384 bytes)
[    0.445234] NET: Registered protocol family 1
[    0.452898] RPC: Registered named UNIX socket transport module.
[    0.453230] RPC: Registered udp transport module.
[    0.453468] RPC: Registered tcp transport module.
[    0.453860] RPC: Registered tcp NFSv4.1 backchannel transport module.
[    0.459279] kvm [1]: HYP mode not available
[    0.474362] futex hash table entries: 256 (order: 3, 32768 bytes)
[    0.475388] audit: initializing netlink subsys (disabled)
[    0.476405] audit: type=2000 audit(0.432:1): initialized
[    0.550339] squashfs: version 4.0 (2009/01/31) Phillip Lougher
[    0.560713] NFS: Registering the id_resolver key type
[    0.562476] Key type id_resolver registered
[    0.562812] Key type id_legacy registered
[    0.564463] fuse init (API version 7.24)
[    0.568196] 9p: Installing v9fs 9p2000 file system support
[    0.575422] io scheduler noop registered
[    0.576464] io scheduler cfq registered (default)
[    0.639486] Serial: 8250/16550 driver, 4 ports, IRQ sharing disabled
[    0.651115] SuperH (H)SCI(F) driver initialized
[    0.653473] msm_serial: driver initialized
[    0.659024] Unable to detect cache hierarchy from DT for CPU 0
[    0.724900] loop: module loaded
[    0.772010]  vda: vda1 vda2
[    0.799935] tun: Universal TUN/TAP device driver, 1.6
[    0.800221] tun: (C) 1999-2004 Max Krasnyansky <maxk@qualcomm.com>
[    0.817587] sky2: driver version 1.30
[    0.822856] ehci_hcd: USB 2.0 'Enhanced' Host Controller (EHCI) Driver
[    0.823241] ehci-pci: EHCI PCI platform driver
[    0.824163] ehci-platform: EHCI generic platform driver
[    0.825272] ohci_hcd: USB 1.1 'Open' Host Controller (OHCI) Driver
[    0.825672] ohci-pci: OHCI PCI platform driver
[    0.826687] ohci-platform: OHCI generic platform driver
[    0.827826] usbcore: registered new interface driver usb-storage
[    0.831458] mousedev: PS/2 mouse device common for all mice
[    0.845614] sdhci: Secure Digital Host Controller Interface driver
[    0.846221] sdhci: Copyright(c) Pierre Ossman
[    0.846816] Synopsys Designware Multimedia Card Interface Driver
[    0.848475] sdhci-pltfm: SDHCI platform and OF driver helper
[    0.851227] ledtrig-cpu: registered to indicate activity on CPUs
[    0.859439] usbcore: registered new interface driver usbhid
[    0.859743] usbhid: USB HID core driver
[    0.868016] NET: Registered protocol family 17
[    0.869271] 9pnet: Installing 9P2000 support
[    0.871068] Key type dns_resolver registered
[    0.874845] registered taskstats version 1
[    0.883488] hctosys: unable to open rtc device (rtc0)
[    0.886167] ALSA device list:
[    0.886363]   No soundcards found.
[    0.890371] uart-pl011 9000000.pl011: no DMA platform data
[    0.908333] EXT4-fs (vda2): couldn't mount as ext3 due to feature incompatibilities
[    1.019387] EXT4-fs (vda2): recovery complete
[    1.031982] EXT4-fs (vda2): mounted filesystem with ordered data mode. Opts: (null)
[    1.032702] VFS: Mounted root (ext4 filesystem) on device 254:2.
[    1.039352] devtmpfs: mounted
[    1.066453] Freeing unused kernel memory: 692K (ffffffc000902000 - ffffffc0009af000)
bash: cannot set terminal process group (-1): Inappropriate ioctl for device
bash: no job control in this shell
bash-4.3# 