
U-Boot SPL 2015.04-rc3-00209-ga74ef40 (Mar 16 2015 - 14:43:39)


U-Boot 2015.04-rc3-00209-ga74ef40 (Mar 16 2015 - 14:43:39)

TEGRA20
Model: Compulab TrimSlice board
DRAM:  1 GiB
MMC:   Tegra SD/MMC: 0, Tegra SD/MMC: 1
SF: Detected W25Q80BL with page size 256 Bytes, erase size 4 KiB, total 1 MiB
tegra-pcie: PCI regions:
tegra-pcie:   I/O: 0x82000000-0x82010000
tegra-pcie:   non-prefetchable memory: 0xa0000000-0xa8000000
tegra-pcie:   prefetchable memory: 0xa8000000-0xc0000000
tegra-pcie: dual-mode configuration
tegra-pcie: probing port 0, using 2 lanes
In:    serial
Out:   serial
Err:   serial
Net:   RTL8169#0
Hit any key to stop autoboot:  2  1  0 
Tegra20 (TrimSlice) # 
Tegra20 (TrimSlice) # usb reset
resetting USB...
USB0:   USB EHCI 1.00
scanning bus 0 for devices... 2 USB Device(s) found
USB1:   USB EHCI 1.00
scanning bus 1 for devices... 1 USB Device(s) found
USB2:   lowlevel init failed
       scanning usb for storage devices... 0 Storage Device(s) found
       scanning usb for ethernet devices... 0 Ethernet Device(s) found
Tegra20 (TrimSlice) # setenv bootargs 'ignore_loglevel console=ttyS0,115200n8 rw root=/dev/mmcblk0p1 rootwait gpt debug noinitrd earlyprintk init=/bin/bash'
Tegra20 (TrimSlice) # setenv ipaddr 192.168.100.103; setenv serverip 192.168.100.1; setenv tftpserverip 192.168.100.1
Tegra20 (TrimSlice) # tftpboot 0x00408000 zImage.multi_v7_defconfig
Using RTL8169#0 device
TFTP from server 192.168.100.1; our IP address is 192.168.100.103
Filename 'zImage.multi_v7_defconfig'.
Load address: 0x408000
Loading: *#################################################################
	 #################################################################
	 #################################################################
	 #################################################################
	 #################################################################
	 #################################################################
	 #############################
	 4.1 MiB/s
done
Bytes transferred = 6141552 (5db670 hex)
Tegra20 (TrimSlice) # tftpboot 0x02408000 tegra20-trimslice.dtb
Using RTL8169#0 device
TFTP from server 192.168.100.1; our IP address is 192.168.100.103
Filename 'tegra20-trimslice.dtb'.
Load address: 0x2408000
Loading: *##
	 4 MiB/s
done
Bytes transferred = 21130 (528a hex)
Tegra20 (TrimSlice) # bootz 0x00408000 - 0x02408000
Kernel image @ 0x408000 [ 0x000000 - 0x5db670 ]
## Flattened Device Tree blob at 02408000
   Booting using the fdt blob at 0x2408000
   Using Device Tree in place at 02408000, end 02410289

Starting kernel ...

[    0.000000] Booting Linux on physical CPU 0x0
[    0.000000] Linux version 4.1.0-rc7-next-20150609-23777-gb47ecb2 (pwalmsley@sellafield) (gcc version 4.7.3 20130328 (prerelease) (crosstool-NG linaro-1.13.1-4.7-2013.04-20130415 - Linaro GCC 2013.04) ) #1 SMP Tue Jun 9 08:18:10 PDT 2015
[    0.000000] CPU: ARMv7 Processor [411fc090] revision 0 (ARMv7), cr=10c5387d
[    0.000000] CPU: PIPT / VIPT nonaliasing data cache, VIPT aliasing instruction cache
[    0.000000] Machine model: Compulab TrimSlice board
[    0.000000] debug: ignoring loglevel setting.
[    0.000000] cma: Reserved 64 MiB at 0x3c000000
[    0.000000] Memory policy: Data cache writealloc
[    0.000000] On node 0 totalpages: 262144
[    0.000000] free_area_init_node: node 0, pgdat c0ef5a40, node_mem_map eeff8000
[    0.000000]   DMA zone: 1520 pages used for memmap
[    0.000000]   DMA zone: 0 pages reserved
[    0.000000]   DMA zone: 194560 pages, LIFO batch:31
[    0.000000]   HighMem zone: 67584 pages, LIFO batch:15
[    0.000000] PERCPU: Embedded 12 pages/cpu @eefca000 s16896 r8192 d24064 u49152
[    0.000000] pcpu-alloc: s16896 r8192 d24064 u49152 alloc=12*4096
[    0.000000] pcpu-alloc: [0] 0 [0] 1 
[    0.000000] Built 1 zonelists in Zone order, mobility grouping on.  Total pages: 260624
[    0.000000] Kernel command line: ignore_loglevel console=ttyS0,115200n8 rw root=/dev/mmcblk0p1 rootwait gpt debug noinitrd earlyprintk init=/bin/bash
[    0.000000] PID hash table entries: 4096 (order: 2, 16384 bytes)
[    0.000000] Dentry cache hash table entries: 131072 (order: 7, 524288 bytes)
[    0.000000] Inode-cache hash table entries: 65536 (order: 6, 262144 bytes)
[    0.000000] Memory: 960232K/1048576K available (7794K kernel code, 1030K rwdata, 3476K rodata, 940K init, 330K bss, 22808K reserved, 65536K cma-reserved, 204800K highmem)
[    0.000000] Virtual kernel memory layout:
[    0.000000]     vector  : 0xffff0000 - 0xffff1000   (   4 kB)
[    0.000000]     fixmap  : 0xffc00000 - 0xfff00000   (3072 kB)
[    0.000000]     vmalloc : 0xf0000000 - 0xff000000   ( 240 MB)
[    0.000000]     lowmem  : 0xc0000000 - 0xef800000   ( 760 MB)
[    0.000000]     pkmap   : 0xbfe00000 - 0xc0000000   (   2 MB)
[    0.000000]     modules : 0xbf000000 - 0xbfe00000   (  14 MB)
[    0.000000]       .text : 0xc0208000 - 0xc0d0a804   (11275 kB)
[    0.000000]       .init : 0xc0d0b000 - 0xc0df6000   ( 940 kB)
[    0.000000]       .data : 0xc0df6000 - 0xc0ef7a20   (1031 kB)
[    0.000000]        .bss : 0xc0efa000 - 0xc0f4cba8   ( 331 kB)
[    0.000000] SLUB: HWalign=64, Order=0-3, MinObjects=0, CPUs=2, Nodes=1
[    0.000000] Hierarchical RCU implementation.
[    0.000000] 	Additional per-CPU info printed with stalls.
[    0.000000] 	Build-time adjustment of leaf fanout to 32.
[    0.000000] 	RCU restricting CPUs from NR_CPUS=16 to nr_cpu_ids=2.
[    0.000000] RCU: Adjusting geometry for rcu_fanout_leaf=32, nr_cpu_ids=2
[    0.000000] NR_IRQS:16 nr_irqs:16 16
[    0.000000] /interrupt-controller@60004000: 128 interrupts forwarded to /interrupt-controller@50041000
[    0.000000] L2C: platform modifies aux control register: 0x02080000 -> 0x3e480001
[    0.000000] L2C: DT/platform modifies aux control register: 0x02080000 -> 0x3e480001
[    0.000000] L2C-310 errata 727915 769419 enabled
[    0.000000] L2C-310 enabling early BRESP for Cortex-A9
[    0.000000] L2C-310: enabling full line of zeros but not enabled in Cortex-A9
[    0.000000] L2C-310 ID prefetch enabled, offset 1 lines
[    0.000000] L2C-310 cache controller enabled, 8 ways, 1024 kB
[    0.000000] L2C-310: CACHE_ID 0x410000c4, AUX_CTRL 0x7e480001
[    0.000010] sched_clock: 32 bits at 1000kHz, resolution 1000ns, wraps every 2147483647500ns
[    0.000026] clocksource timer_us: mask: 0xffffffff max_cycles: 0xffffffff, max_idle_ns: 1911260446275 ns
[    0.000036] Switching to timer-based delay loop, resolution 1000ns
[    0.001457] Console: colour dummy device 80x30
[    0.001477] Calibrating delay loop (skipped), value calculated using timer frequency.. 2.00 BogoMIPS (lpj=5000)
[    0.001487] pid_max: default: 32768 minimum: 301
[    0.001572] Mount-cache hash table entries: 2048 (order: 1, 8192 bytes)
[    0.001581] Mountpoint-cache hash table entries: 2048 (order: 1, 8192 bytes)
[    0.002042] CPU: Testing write buffer coherency: ok
[    0.002213] CPU0: thread -1, cpu 0, socket 0, mpidr 80000000
[    0.002260] Setting up static identity map for 0x209000 - 0x209098
[    0.003596] Tegra Revision: A03 prime SKU: 8 CPU Process: 1 SoC Process: 2
[    0.004519] CPU1: thread -1, cpu 1, socket 0, mpidr 80000001
[    0.004573] Brought up 2 CPUs
[    0.004584] SMP: Total of 2 processors activated (4.00 BogoMIPS).
[    0.004590] CPU: All CPU(s) started in SVC mode.
[    0.004960] devtmpfs: initialized
[    0.008959] VFP support v0.3: implementor 41 architecture 3 part 30 variant 9 rev 1
[    0.009364] clocksource jiffies: mask: 0xffffffff max_cycles: 0xffffffff, max_idle_ns: 9556302231375000 ns
[    0.012525] pinctrl core: initialized pinctrl subsystem
[    0.013727] NET: Registered protocol family 16
[    0.015851] DMA: preallocated 256 KiB pool for atomic coherent allocations
[    0.029924] cpuidle: using governor ladder
[    0.044923] cpuidle: using governor menu
[    0.055459] No ATAGs?
[    0.055487] hw-breakpoint: found 5 (+1 reserved) breakpoint and 1 watchpoint registers.
[    0.055495] hw-breakpoint: maximum watchpoint size is 4 bytes.
[    0.058266] Serial: AMBA PL011 UART driver
[    0.083279] usb1_vbus: Failed to request enable GPIO170: -517
[    0.083362] reg-fixed-voltage regulators:regulator@2: Failed to register regulator: -517
[    0.086896] vgaarb: loaded
[    0.087476] SCSI subsystem initialized
[    0.087602] libata version 3.00 loaded.
[    0.087830] usbcore: registered new interface driver usbfs
[    0.087878] usbcore: registered new interface driver hub
[    0.087917] usbcore: registered new device driver usb
[    0.089875] pps_core: LinuxPPS API ver. 1 registered
[    0.089882] pps_core: Software ver. 5.3.6 - Copyright 2005-2007 Rodolfo Giometti <giometti@linux.it>
[    0.089919] PTP clock support registered
[    0.090109] EDAC MC: Ver: 3.0.0
[    0.091904] Switched to clocksource timer_us
[    0.099447] NET: Registered protocol family 2
[    0.099883] TCP established hash table entries: 8192 (order: 3, 32768 bytes)
[    0.099953] TCP bind hash table entries: 8192 (order: 4, 65536 bytes)
[    0.100058] TCP: Hash tables configured (established 8192 bind 8192)
[    0.100135] UDP hash table entries: 512 (order: 2, 16384 bytes)
[    0.100181] UDP-Lite hash table entries: 512 (order: 2, 16384 bytes)
[    0.100347] NET: Registered protocol family 1
[    0.100557] RPC: Registered named UNIX socket transport module.
[    0.100565] RPC: Registered udp transport module.
[    0.100570] RPC: Registered tcp transport module.
[    0.100575] RPC: Registered tcp NFSv4.1 backchannel transport module.
[    0.100593] PCI: CLS 0 bytes, default 64
[    0.101329] hw perfevents: Failed to parse /pmu/interrupt-affinity[0]
[    0.101360] hw perfevents: enabled with armv7_cortex_a9 PMU driver, 7 counters available
[    0.102382] futex hash table entries: 512 (order: 3, 32768 bytes)
[    0.110442] squashfs: version 4.0 (2009/01/31) Phillip Lougher
[    0.111099] NFS: Registering the id_resolver key type
[    0.111126] Key type id_resolver registered
[    0.111133] Key type id_legacy registered
[    0.111184] ntfs: driver 2.1.32 [Flags: R/O].
[    0.112011] bounce: pool size: 64 pages
[    0.112179] Block layer SCSI generic (bsg) driver version 0.4 loaded (major 249)
[    0.112193] io scheduler noop registered
[    0.112204] io scheduler deadline registered
[    0.112348] io scheduler cfq registered (default)
[    0.121154] tegra-pcie 80003000.pcie-controller: resource collision: [mem 0x80000000-0xbfffffff] conflicts with pads [mem 0x80003000-0x800037ff]
[    0.121171] tegra-pcie: probe of 80003000.pcie-controller failed with error -16
[    0.122400] tegra-ahb 6000c004.ahb: incorrect AHB base address in DT data - enabling workaround
[    0.124497] tegra-apbdma 6000a000.dma: Tegra20 APB DMA driver register 16 channels
[    0.169105] Serial: 8250/16550 driver, 4 ports, IRQ sharing disabled
[    0.170843] SuperH (H)SCI(F) driver initialized
[    0.171552] msm_serial: driver initialized
[    0.172203] console [ttyS0] disabled
[    0.172237] 70006000.serial: ttyS0 at MMIO 0x70006000 (irq = 279, base_baud = 13500000) is a Tegra
[    0.918966] console [ttyS0] enabled
[    0.923023] STMicroelectronics ASC driver initialized
[    0.929659] [drm] Initialized drm 1.1.0 20060810
[    0.935718] 54280000.hdmi supply hdmi not found, using dummy regulator
[    0.944840] [drm] Supports vblank timestamp caching Rev 2 (21.10.2013).
[    0.951462] [drm] No driver support for vblank timestamp query.
[    0.957394] drm drm: No connectors reported connected with modes
[    0.963400] [drm] Cannot find any crtc or sizes - going 1024x768
[    0.985468] Console: switching to colour frame buffer device 128x48
[    1.000141] drm drm: fb0:  frame buffer device
[    1.004588] drm drm: registered panic notifier
[    1.021914] [drm] Initialized tegra 0.0.0 20120330 on minor 0
[    1.031991] loop: module loaded
[    1.039672] m25p80 spi32766.0: found s25fl008k, expected w25q80bl
[    1.045773] m25p80 spi32766.0: s25fl008k (1024 Kbytes)
[    1.053137] CAN device driver interface
[    1.057922] igb: Intel(R) Gigabit Ethernet Network Driver - version 5.2.15-k
[    1.064966] igb: Copyright (c) 2007-2014 Intel Corporation.
[    1.072675] pegasus: v0.9.3 (2013/04/25), Pegasus/Pegasus II USB Ethernet driver
[    1.080127] usbcore: registered new interface driver pegasus
[    1.085844] usbcore: registered new interface driver asix
[    1.091286] usbcore: registered new interface driver ax88179_178a
[    1.097415] usbcore: registered new interface driver cdc_ether
[    1.103296] usbcore: registered new interface driver smsc75xx
[    1.109089] usbcore: registered new interface driver smsc95xx
[    1.114869] usbcore: registered new interface driver net1080
[    1.120571] usbcore: registered new interface driver cdc_subset
[    1.126525] usbcore: registered new interface driver zaurus
[    1.132166] usbcore: registered new interface driver cdc_ncm
[    1.138110] tegra-phy c5004000.usb-phy: no vbus regulator
[    1.144594] tegra-phy c5008000.usb-phy: no vbus regulator
[    1.151323] ehci_hcd: USB 2.0 'Enhanced' Host Controller (EHCI) Driver
[    1.157856] ehci-pci: EHCI PCI platform driver
[    1.162341] ehci-platform: EHCI generic platform driver
[    1.167732] ehci-omap: OMAP-EHCI Host Controller driver
[    1.173076] ehci-orion: EHCI orion driver
[    1.177193] SPEAr-ehci: EHCI SPEAr driver
[    1.181299] ehci-st: EHCI STMicroelectronics driver
[    1.186297] ehci-exynos: EHCI EXYNOS driver
[    1.190609] ehci-atmel: EHCI Atmel driver
[    1.194731] tegra-ehci: Tegra EHCI driver
[    1.218110] ulpi_phy_power_on: ulpi write failed
[    1.222729] tegra-ehci c5004000.usb: Failed to power on the phy
[    1.228657] tegra-ehci: probe of c5004000.usb failed with error -110
[    1.237639] tegra-ehci c5008000.usb: EHCI Host Controller
[    1.243052] tegra-ehci c5008000.usb: new USB bus registered, assigned bus number 1
[    1.250885] tegra-ehci c5008000.usb: irq 290, io mem 0xc5008000
[    1.261920] tegra-ehci c5008000.usb: USB 2.0 started, EHCI 1.00
[    1.268460] hub 1-0:1.0: USB hub found
[    1.272248] hub 1-0:1.0: 1 port detected
[    1.276485] ohci_hcd: USB 1.1 'Open' Host Controller (OHCI) Driver
[    1.282682] ohci-pci: OHCI PCI platform driver
[    1.287175] ohci-platform: OHCI generic platform driver
[    1.292565] ohci-omap3: OHCI OMAP3 driver
[    1.296673] SPEAr-ohci: OHCI SPEAr driver
[    1.300797] ohci-st: OHCI STMicroelectronics driver
[    1.305785] ohci-atmel: OHCI Atmel driver
[    1.309988] usbcore: registered new interface driver usb-storage
[    1.317114] mousedev: PS/2 mouse device common for all mice
[    1.324709] rtc-em3027 2-0056: rtc core: registered rtc-em3027 as rtc0
[    1.332304] tegra_rtc 7000e000.rtc: rtc core: registered 7000e000.rtc as rtc1
[    1.339470] tegra_rtc 7000e000.rtc: Tegra internal Real Time Clock
[    1.346172] i2c /dev entries driver
[    1.355542] sdhci: Secure Digital Host Controller Interface driver
[    1.361724] sdhci: Copyright(c) Pierre Ossman
[    1.367292] Synopsys Designware Multimedia Card Interface Driver
[    1.374135] sdhci-pltfm: SDHCI platform and OF driver helper
[    1.380581] sdhci-tegra c8000000.sdhci: No vmmc regulator found
[    1.386510] sdhci-tegra c8000000.sdhci: No vqmmc regulator found
[    1.392517] mmc0: Invalid maximum block size, assuming 512 bytes
[    1.426930] mmc0: SDHCI controller on c8000000.sdhci [c8000000.sdhci] using ADMA
[    1.434414] sdhci-tegra c8000600.sdhci: Got CD GPIO
[    1.439312] sdhci-tegra c8000600.sdhci: Got WP GPIO
[    1.444358] sdhci-tegra c8000600.sdhci: No vmmc regulator found
[    1.450281] sdhci-tegra c8000600.sdhci: No vqmmc regulator found
[    1.456283] mmc1: Invalid maximum block size, assuming 512 bytes
[    1.491990] mmc1: SDHCI controller on c8000600.sdhci [c8000600.sdhci] using ADMA
[    1.500222] ledtrig-cpu: registered to indicate activity on CPUs
[    1.506415] usbcore: registered new interface driver usbhid
[    1.512064] usbhid: USB HID core driver
[    1.519827] NET: Registered protocol family 17
[    1.524301] can: controller area network core (rev 20120528 abi 9)
[    1.530556] NET: Registered protocol family 29
[    1.535036] can: raw protocol (rev 20120528)
[    1.539329] can: broadcast manager protocol (rev 20120528 t)
[    1.545008] can: netlink gateway (rev 20130117) max_hops=1
[    1.550882] Key type dns_resolver registered
[    1.555620] ThumbEE CPU extension supported.
[    1.559921] Registering SWP/SWPB emulation handler
[    1.570072] utmi_phy_clk_enable: timeout waiting for phy to stabilize
[    1.576556] tegra-ehci c5000000.usb: EHCI Host Controller
[    1.581986] tegra-ehci c5000000.usb: new USB bus registered, assigned bus number 2
[    1.589907] tegra-ehci c5000000.usb: irq 288, io mem 0xc5000000
[    1.621941] usb 1-1: new high-speed USB device number 2 using tegra-ehci
[    1.631933] tegra-ehci c5000000.usb: USB 2.0 started, EHCI 1.00
[    1.638584] hub 2-0:1.0: USB hub found
[    1.642398] hub 2-0:1.0: 1 port detected
[    1.647573] input: gpio-keys as /devices/soc0/gpio-keys/input/input0
[    1.654552] rtc-em3027 2-0056: setting system clock to 2014-12-26 11:46:41 UTC (1419594401)
[    1.667932] Waiting for root device /dev/mmcblk0p1...
[    1.673020] mmc0: host does not support reading read-only switch, assuming write-enable
[    1.683017] mmc0: new high speed SDHC card at address b368
[    1.688859] mmcblk0: mmc0:b368 NCard 3.70 GiB 
[    1.695535]  mmcblk0: p1
[    1.763240] hub 1-1:1.0: USB hub found
[    1.767160] hub 1-1:1.0: 4 ports detected
[    1.777949] EXT4-fs (mmcblk0p1): mounting ext3 file system using the ext4 subsystem
[    1.811585] mmc1: new high speed SD card at address b368
[    1.817294] mmcblk1: mmc1:b368 NCard 1.83 GiB (ro)
[    1.824728]  mmcblk1: p1 p2
[    1.867648] EXT4-fs (mmcblk0p1): recovery complete
[    1.872484] EXT4-fs (mmcblk0p1): mounted filesystem with ordered data mode. Opts: (null)
[    1.880606] VFS: Mounted root (ext3 filesystem) on device 179:1.
[    1.890177] devtmpfs: mounted
[    1.894214] Freeing unused kernel memory: 940K (c0d0b000 - c0df6000)
bash: cannot set terminal process group (-1): Inappropriate ioctl for device
bash: no job control in this shell
root@(none):/# 