
U-Boot SPL 2014.01-00219-gc4d376f (Feb 18 2014 - 19:57:32)


U-Boot 2014.01-00219-gc4d376f (Feb 18 2014 - 19:57:32)

TEGRA114
Board: NVIDIA Dalmore
I2C:   ready
DRAM:  2 GiB
MMC:   Tegra SD/MMC: 0, Tegra SD/MMC: 1
In:    serial
Out:   serial
Err:   serial
Net:   Net Initialization Skipped
No ethernet found.
Hit any key to stop autoboot:  2  0 
Tegra114 (Dalmore) # 
Tegra114 (Dalmore) # usb reset
(Re)start USB...
USB0:   USB EHCI 1.10
scanning bus 0 for devices... 2 USB Device(s) found
       scanning usb for storage devices... 0 Storage Device(s) found
       scanning usb for ethernet devices... 
Warning: asx0 using MAC address from net device
1 Ethernet Device(s) found
Tegra114 (Dalmore) # setenv bootargs 'ignore_loglevel console=ttyS0,115200n8 rw root=/dev/mmcblk0p1 rootwait gpt debug init=/bin/bash'
Tegra114 (Dalmore) # setenv ipaddr 192.168.100.100; setenv serverip 192.168.100.1; setenv tftpserverip 192.168.100.1
Tegra114 (Dalmore) # tftpboot 0x81000000 zImage.multi_v7_defconfig
Using asx0 device
TFTP from server 192.168.100.1; our IP address is 192.168.100.100
Filename 'zImage.multi_v7_defconfig'.
Load address: 0x81000000
Loading: *#################################################################
	 #################################################################
	 #################################################################
	 #################################################################
	 #################################################################
	 #######################
	 2.9 MiB/s
done
Bytes transferred = 5107904 (4df0c0 hex)
Tegra114 (Dalmore) # tftpboot 0x82000000 tegra114-dalmore.dtb
Using asx0 device
TFTP from server 192.168.100.1; our IP address is 192.168.100.100
Filename 'tegra114-dalmore.dtb'.
Load address: 0x82000000
Loading: *###
	 2.8 MiB/s
done
Bytes transferred = 34674 (8772 hex)
Tegra114 (Dalmore) # bootz 0x81000000 - 0x82000000
Kernel image @ 0x81000000 [ 0x000000 - 0x4df0c0 ]
## Flattened Device Tree blob at 82000000
   Booting using the fdt blob at 0x82000000
   Loading Device Tree to 8fff4000, end 8ffff771 ... OK

Starting kernel ...

[    0.000000] Booting Linux on physical CPU 0x0
[    0.000000] Linux version 3.16.0-next-20140804-40727-gd733862 (pwalmsley@kaivo) (gcc version 4.7.3 20130328 (prerelease) (crosstool-NG linaro-1.13.1-4.7-2013.04-20130415 - Linaro GCC 2013.04) ) #1 SMP Mon Aug 4 05:17:51 PDT 2014
[    0.000000] CPU: ARMv7 Processor [412fc0f2] revision 2 (ARMv7), cr=10c5387d
[    0.000000] CPU: PIPT / VIPT nonaliasing data cache, PIPT instruction cache
[    0.000000] Machine model: NVIDIA Tegra114 Dalmore evaluation board
[    0.000000] debug: ignoring loglevel setting.
[    0.000000] cma: Reserved 64 MiB at ab800000
[    0.000000] Memory policy: Data cache writealloc
[    0.000000] On node 0 totalpages: 524032
[    0.000000] free_area_init_node: node 0, pgdat c0cabbc0, node_mem_map ea7d8000
[    0.000000]   DMA zone: 1520 pages used for memmap
[    0.000000]   DMA zone: 0 pages reserved
[    0.000000]   DMA zone: 194560 pages, LIFO batch:31
[    0.000000]   HighMem zone: 2574 pages used for memmap
[    0.000000]   HighMem zone: 329472 pages, LIFO batch:31
[    0.000000] PERCPU: Embedded 8 pages/cpu @ea793000 s8512 r8192 d16064 u32768
[    0.000000] pcpu-alloc: s8512 r8192 d16064 u32768 alloc=8*4096
[    0.000000] pcpu-alloc: [0] 0 [0] 1 [0] 2 [0] 3 
[    0.000000] Built 1 zonelists in Zone order, mobility grouping on.  Total pages: 522512
[    0.000000] Kernel command line: ignore_loglevel console=ttyS0,115200n8 rw root=/dev/mmcblk0p1 rootwait gpt debug init=/bin/bash
[    0.000000] PID hash table entries: 4096 (order: 2, 16384 bytes)
[    0.000000] Dentry cache hash table entries: 131072 (order: 7, 524288 bytes)
[    0.000000] Inode-cache hash table entries: 65536 (order: 6, 262144 bytes)
[    0.000000] Memory: 2001736K/2096128K available (6613K kernel code, 926K rwdata, 2660K rodata, 696K init, 305K bss, 94392K reserved, 1317888K highmem)
[    0.000000] Virtual kernel memory layout:
[    0.000000]     vector  : 0xffff0000 - 0xffff1000   (   4 kB)
[    0.000000]     fixmap  : 0xffc00000 - 0xffe00000   (2048 kB)
[    0.000000]     vmalloc : 0xf0000000 - 0xff000000   ( 240 MB)
[    0.000000]     lowmem  : 0xc0000000 - 0xef800000   ( 760 MB)
[    0.000000]     pkmap   : 0xbfe00000 - 0xc0000000   (   2 MB)
[    0.000000]     modules : 0xbf000000 - 0xbfe00000   (  14 MB)
[    0.000000]       .text : 0xc0208000 - 0xc0b16994   (9275 kB)
[    0.000000]       .init : 0xc0b17000 - 0xc0bc5140   ( 697 kB)
[    0.000000]       .data : 0xc0bc6000 - 0xc0cad9c0   ( 927 kB)
[    0.000000]        .bss : 0xc0cad9c0 - 0xc0cf9e98   ( 306 kB)
[    0.000000] SLUB: HWalign=64, Order=0-3, MinObjects=0, CPUs=4, Nodes=1
[    0.000000] Hierarchical RCU implementation.
[    0.000000] 	RCU restricting CPUs from NR_CPUS=8 to nr_cpu_ids=4.
[    0.000000] RCU: Adjusting geometry for rcu_fanout_leaf=16, nr_cpu_ids=4
[    0.000000] NR_IRQS:16 nr_irqs:16 16
[    0.000000] L2C: failed to init: -19
[    0.000009] sched_clock: 32 bits at 1000kHz, resolution 1000ns, wraps every 2147483648000ns
[    0.000030] Switching to timer-based delay loop, resolution 1000ns
[    0.002415] Architected cp15 timer(s) running at 12.00MHz (virt).
[    0.002437] sched_clock: 56 bits at 12MHz, resolution 83ns, wraps every 2863311536128ns
[    0.002451] Switching to timer-based delay loop, resolution 83ns
[    0.002776] Console: colour dummy device 80x30
[    0.002800] Calibrating delay loop (skipped), value calculated using timer frequency.. 24.00 BogoMIPS (lpj=60000)
[    0.002816] pid_max: default: 32768 minimum: 301
[    0.002943] Mount-cache hash table entries: 2048 (order: 1, 8192 bytes)
[    0.002955] Mountpoint-cache hash table entries: 2048 (order: 1, 8192 bytes)
[    0.003491] CPU: Testing write buffer coherency: ok
[    0.003686] /cpus/cpu@0 missing clock-frequency property
[    0.003709] /cpus/cpu@1 missing clock-frequency property
[    0.003733] /cpus/cpu@2 missing clock-frequency property
[    0.003758] /cpus/cpu@3 missing clock-frequency property
[    0.003770] CPU0: thread -1, cpu 0, socket 0, mpidr 80000000
[    0.003819] Setting up static identity map for 0x8083fd68 - 0x8083fe00
[    0.005564] Tegra Revision: A01 SKU: 0 CPU Process: 1 Core Process: 0
[    0.006606] CPU1: Booted secondary processor
[    0.006631] CPU1: thread -1, cpu 1, socket 0, mpidr 80000001
[    0.007133] CPU2: Booted secondary processor
[    0.007157] CPU2: thread -1, cpu 2, socket 0, mpidr 80000002
[    0.007682] CPU3: Booted secondary processor
[    0.007706] CPU3: thread -1, cpu 3, socket 0, mpidr 80000003
[    0.007774] Brought up 4 CPUs
[    0.007799] SMP: Total of 4 processors activated.
[    0.007807] CPU: All CPU(s) started in SVC mode.
[    0.008351] devtmpfs: initialized
[    0.014121] VFP support v0.3: implementor 41 architecture 4 part 30 variant f rev 0
[    0.015910] pinctrl core: initialized pinctrl subsystem
[    0.016367] regulator-dummy: no parameters
[    0.026971] NET: Registered protocol family 16
[    0.029060] DMA: preallocated 256 KiB pool for atomic coherent allocations
[    0.030680] cpuidle: using governor ladder
[    0.030696] cpuidle: using governor menu
[    0.043134] No ATAGs?
[    0.043170] hw-breakpoint: found 5 (+1 reserved) breakpoint and 4 watchpoint registers.
[    0.043181] hw-breakpoint: maximum watchpoint size is 8 bytes.
[    0.043343] EXYNOS: PMU not supported
[    0.045806] Serial: AMBA PL011 UART driver
[    0.070521] edma-dma-engine edma-dma-engine.0: Can't allocate PaRAM dummy slot
[    0.070546] edma-dma-engine: probe of edma-dma-engine.0 failed with error -22
[    0.071137] vdd_ac_bat: 5000 mV 
[    0.071375] dvdd_ts: Failed to request enable GPIO61: -517
[    0.071479] reg-fixed-voltage regulators:regulator@1: Failed to register regulator: -517
[    0.071500] platform regulators:regulator@1: Driver reg-fixed-voltage requests probe deferral
[    0.071673] usb1_vbus: Failed to request enable GPIO108: -517
[    0.071767] reg-fixed-voltage regulators:regulator@3: Failed to register regulator: -517
[    0.071788] platform regulators:regulator@3: Driver reg-fixed-voltage requests probe deferral
[    0.071961] usb2_vbus: Failed to request enable GPIO86: -517
[    0.072051] reg-fixed-voltage regulators:regulator@4: Failed to register regulator: -517
[    0.072071] platform regulators:regulator@4: Driver reg-fixed-voltage requests probe deferral
[    0.072235] vdd_hdmi_5v0: 5000 mV 
[    0.072276] reg-fixed-voltage regulators:regulator@5: Failed to find supply vin
[    0.072394] reg-fixed-voltage regulators:regulator@5: Failed to register regulator: -517
[    0.072414] platform regulators:regulator@5: Driver reg-fixed-voltage requests probe deferral
[    0.072486] platform regulators:regulator@6: Driver reg-fixed-voltage requests probe deferral
[    0.072657] VDD_5V0_HDMI_CON: Failed to request enable GPIO81: -517
[    0.072747] reg-fixed-voltage regulators:regulator@7: Failed to register regulator: -517
[    0.072767] platform regulators:regulator@7: Driver reg-fixed-voltage requests probe deferral
[    0.074969] vgaarb: loaded
[    0.075651] SCSI subsystem initialized
[    0.075832] libata version 3.00 loaded.
[    0.076166] usbcore: registered new interface driver usbfs
[    0.076242] usbcore: registered new interface driver hub
[    0.076344] usbcore: registered new device driver usb
[    0.079598] vdd-cpu: 500 <--> 1520 mV at 1100 mV 
[    0.079996] tps65090 2-0048: No cache defaults, reading back from HW
[    0.082052] vdd-sys-5v0: at 5000 mV 
[    0.082112] vdd-sys-5v0: supplied by vdd_ac_bat
[    0.083153] vdd-sys-3v3: at 3300 mV 
[    0.083200] vdd-sys-3v3: supplied by vdd_ac_bat
[    0.084229] vdd-ao: no parameters
[    0.084273] vdd-ao: supplied by vdd_ac_bat
[    0.084634] vdd-lcd-bl: no parameters
[    0.084677] vdd-lcd-bl: supplied by vdd_ac_bat
[    0.085014] TPS65090_RAILSFET2: no parameters
[    0.085057] TPS65090_RAILSFET2: supplied by vdd_ac_bat
[    0.085403] vdd-modem-3v3: no parameters
[    0.085442] vdd-modem-3v3: supplied by vdd-sys-3v3
[    0.085959] avdd-lcd: no parameters
[    0.085998] avdd-lcd: supplied by vdd-sys-3v3
[    0.086497] vdd-lvds: no parameters
[    0.086536] vdd-lvds: supplied by vdd-sys-3v3
[    0.087343] vdd-sd-slot: no parameters
[    0.087411] vdd-sd-slot: supplied by vdd-sys-3v3
[    0.087932] vdd-com-3v3: no parameters
[    0.087971] vdd-com-3v3: supplied by vdd-sys-3v3
[    0.088467] vdd-sby-5v0: at 5000 mV 
[    0.088511] vdd-sby-5v0: supplied by vdd_ac_bat
[    0.088692] vdd-sby-3v3: at 3300 mV 
[    0.088734] vdd-sby-3v3: supplied by vdd_ac_bat
[    0.089145] genirq: Setting trigger mode 8 for irq 118 failed (gic_set_type+0x0/0xa8)
[    0.089471] palmas 2-0058: Irq flag is 0x00000000
[    0.092037] palmas 2-0058: Muxing GPIO ff, PWM 0, LED 0
[    0.095129] vddio-ddr: 1350 mV 
[    0.095350] vddio-ddr: supplied by vdd-ao
[    0.096762] vddio-1v8: 1800 mV 
[    0.096985] vddio-1v8: supplied by vdd-ao
[    0.098549] vdd-core: 900 <--> 1400 mV at 1100 mV 
[    0.098766] vdd-core: supplied by vdd-sys-3v3
[    0.099881] SMPS6: no parameters
[    0.101308] avdd-pll: 1050 mV 
[    0.101524] avdd-pll: supplied by vdd-sys-3v3
[    0.103328] sdhci-vdd-sd-slot: ramp_delay not set
[    0.103503] sdhci-vdd-sd-slot: 2800 mV 
[    0.103716] sdhci-vdd-sd-slot: supplied by vdd-sys-3v3
[    0.104371] SMPS10_OUT2: at 5000 mV 
[    0.104874] SMPS10_OUT1: at 5000 mV 
[    0.105397] avdd-cam1: 2800 mV 
[    0.105613] avdd-cam1: supplied by vdd-sys-3v3
[    0.106533] avdd-cam2: 2800 mV 
[    0.106743] avdd-cam2: supplied by vdd-sys-3v3
[    0.107682] avdd-dsi-csi: 1200 mV 
[    0.107895] avdd-dsi-csi: supplied by vddio-1v8
[    0.108839] vpp-fuse: 1800 mV 
[    0.109049] vpp-fuse: supplied by vdd-sys-3v3
[    0.109960] LDO5: no parameters
[    0.110176] LDO5: supplied by vdd_ac_bat
[    0.111098] vdd-sensor-2v85: 2850 mV 
[    0.111309] vdd-sensor-2v85: supplied by vdd-sys-3v3
[    0.112239] vdd-af-cam1: 2800 mV 
[    0.112473] vdd-af-cam1: supplied by vdd-sys-3v3
[    0.117493] vdd-rtc: 900 mV 
[    0.117713] vdd-rtc: supplied by vdd-ao
[    0.122662] vddio-sdmmc-2: 1800 <--> 3300 mV at 3300 mV 
[    0.122876] vddio-sdmmc-2: supplied by sdhci-vdd-sd-slot
[    0.123809] hvdd-usb: 3300 mV 
[    0.124020] hvdd-usb: supplied by vdd-sys-5v0
[    0.127502] avdd-usb: 3300 mV 
[    0.127717] avdd-usb: supplied by vdd-sys-5v0
[    0.128640] rail-3v3: no parameters
[    0.129252] rail-5v0: no parameters
[    0.129681] REGEN3: no parameters
[    0.129841] SYSEN1: no parameters
[    0.129998] SYSEN2: no parameters
[    0.130822] Linux video capture interface: v2.00
[    0.130877] pps_core: LinuxPPS API ver. 1 registered
[    0.130885] pps_core: Software ver. 5.3.6 - Copyright 2005-2007 Rodolfo Giometti <giometti@linux.it>
[    0.130914] PTP clock support registered
[    0.131140] EDAC MC: Ver: 3.0.0
[    0.131862] platform 70019010.iommu: Driver tegra-smmu requests probe deferral
[    0.132098] Advanced Linux Sound Architecture Driver Initialized.
[    0.133223] Switched to clocksource arch_sys_counter
[    0.143316] NET: Registered protocol family 2
[    0.143938] TCP established hash table entries: 8192 (order: 3, 32768 bytes)
[    0.144029] TCP bind hash table entries: 8192 (order: 4, 65536 bytes)
[    0.144216] TCP: Hash tables configured (established 8192 bind 8192)
[    0.144263] TCP: reno registered
[    0.144277] UDP hash table entries: 512 (order: 2, 16384 bytes)
[    0.144320] UDP-Lite hash table entries: 512 (order: 2, 16384 bytes)
[    0.144500] NET: Registered protocol family 1
[    0.144765] RPC: Registered named UNIX socket transport module.
[    0.144775] RPC: Registered udp transport module.
[    0.144783] RPC: Registered tcp transport module.
[    0.144790] RPC: Registered tcp NFSv4.1 backchannel transport module.
[    0.144812] PCI: CLS 0 bytes, default 64
[    0.147060] futex hash table entries: 1024 (order: 4, 65536 bytes)
[    0.160170] squashfs: version 4.0 (2009/01/31) Phillip Lougher
[    0.161007] NFS: Registering the id_resolver key type
[    0.161040] Key type id_resolver registered
[    0.161049] Key type id_legacy registered
[    0.161110] msgmni has been set to 1463
[    0.161745] bounce: pool size: 64 pages
[    0.161972] Block layer SCSI generic (bsg) driver version 0.4 loaded (major 249)
[    0.161988] io scheduler noop registered
[    0.162001] io scheduler deadline registered
[    0.162211] io scheduler cfq registered (default)
[    0.181901] tegra-apbdma 6000a000.dma: Tegra20 APB DMA driver register 32 channels
[    0.248643] Serial: 8250/16550 driver, 4 ports, IRQ sharing disabled
[    0.250553] Serial: IMX driver
[    0.250900] msm_serial: driver initialized
[    0.251795] console [ttyS0] disabled
[    0.251833] 70006300.serial: ttyS0 at MMIO 0x70006300 (irq = 122, base_baud = 25500000) is a Tegra
[    1.379181] console [ttyS0] enabled
[    1.383420] STMicroelectronics ASC driver initialized
[    1.389307] serial: Freescale lpuart driver
[    1.393713] [drm] Initialized drm 1.1.0 20060810
[    1.400277] platform 54300000.dsi: Driver tegra-dsi requests probe deferral
[    1.407645] tegra-hdmi 54280000.hdmi: failed to get HDMI regulator
[    1.413852] platform 54280000.hdmi: Driver tegra-hdmi requests probe deferral
[    1.427444] loop: module loaded
[    1.435992] CAN device driver interface
[    1.440663] igb: Intel(R) Gigabit Ethernet Network Driver - version 5.2.13-k
[    1.447714] igb: Copyright (c) 2007-2014 Intel Corporation.
[    1.454705] pegasus: v0.9.3 (2013/04/25), Pegasus/Pegasus II USB Ethernet driver
[    1.462155] usbcore: registered new interface driver pegasus
[    1.467891] usbcore: registered new interface driver asix
[    1.473347] usbcore: registered new interface driver ax88179_178a
[    1.479496] usbcore: registered new interface driver cdc_ether
[    1.485410] usbcore: registered new interface driver smsc75xx
[    1.491235] usbcore: registered new interface driver smsc95xx
[    1.497036] usbcore: registered new interface driver net1080
[    1.502757] usbcore: registered new interface driver cdc_subset
[    1.508735] usbcore: registered new interface driver zaurus
[    1.514402] usbcore: registered new interface driver cdc_ncm
[    1.520095] ehci_hcd: USB 2.0 'Enhanced' Host Controller (EHCI) Driver
[    1.526630] ehci-pci: EHCI PCI platform driver
[    1.531131] ehci-platform: EHCI generic platform driver
[    1.536546] ehci-omap: OMAP-EHCI Host Controller driver
[    1.541913] ehci-orion: EHCI orion driver
[    1.546065] SPEAr-ehci: EHCI SPEAr driver
[    1.550220] tegra-ehci: Tegra EHCI driver
[    1.554455] platform 7d008000.usb: Driver tegra-ehci requests probe deferral
[    1.561590] ohci_hcd: USB 1.1 'Open' Host Controller (OHCI) Driver
[    1.567792] ohci-pci: OHCI PCI platform driver
[    1.572298] ohci-platform: OHCI generic platform driver
[    1.577668] ohci-omap3: OHCI OMAP3 driver
[    1.581828] SPEAr-ohci: OHCI SPEAr driver
[    1.586684] usbcore: registered new interface driver usb-storage
[    1.593293] platform 7d008000.usb-phy: Driver tegra-phy requests probe deferral
[    1.602056] mousedev: PS/2 mouse device common for all mice
[    1.612198] palmas-rtc 7000d000.i2c:tps65913@58:rtc: rtc core: registered 7000d000.i2c:tps659 as rtc0
[    1.623066] tegra_rtc 7000e000.rtc: rtc core: registered 7000e000.rtc as rtc1
[    1.630224] tegra_rtc 7000e000.rtc: Tegra internal Real Time Clock
[    1.636961] i2c /dev entries driver
[    1.642216] usbcore: registered new interface driver uvcvideo
[    1.647968] USB Video Class driver (1.1.1)
[    1.652071] gspca_main: v2.14.0 registered
[    1.656866] sbs-battery 0-000b: sbs_probe: Failed to get device status
[    1.663415] sbs-battery: probe of 0-000b failed with error -121
[    1.676328] sdhci: Secure Digital Host Controller Interface driver
[    1.682516] sdhci: Copyright(c) Pierre Ossman
[    1.687826] Synopsys Designware Multimedia Card Interface Driver
[    1.694511] sdhci-pltfm: SDHCI platform and OF driver helper
[    1.700942] sdhci-tegra 78000400.sdhci: Got CD GPIO #170.
[    1.706368] sdhci-tegra 78000400.sdhci: Got WP GPIO #132.
[    1.712892] sdhci-tegra 78000400.sdhci: No vmmc regulator found
[    1.718822] sdhci-tegra 78000400.sdhci: No vqmmc regulator found
[    1.724831] mmc0: Invalid maximum block size, assuming 512 bytes
[    1.763245] mmc0: SDHCI controller on 78000400.sdhci [78000400.sdhci] using ADMA
[    1.771715] sdhci-tegra 78000600.sdhci: No vmmc regulator found
[    1.777647] sdhci-tegra 78000600.sdhci: No vqmmc regulator found
[    1.783657] mmc1: Invalid maximum block size, assuming 512 bytes
[    1.823242] mmc1: SDHCI controller on 78000600.sdhci [78000600.sdhci] using ADMA
[    1.835622] usbcore: registered new interface driver usbhid
[    1.841208] usbhid: USB HID core driver
[    1.902179] mmc1: BKOPS_EN bit is not set
[    1.909842] mmc1: new high speed MMC card at address 0001
[    1.915609] mmcblk0: mmc1:0001 SEM32G 29.1 GiB 
[    1.920263] mmcblk0boot0: mmc1:0001 SEM32G partition 1 4.00 MiB
[    1.926295] mmcblk0boot1: mmc1:0001 SEM32G partition 2 4.00 MiB
[    1.932326] mmcblk0rpmb: mmc1:0001 SEM32G partition 3 4.00 MiB
[    1.940685]  mmcblk0: p1 p2 p3 p4 p5 p6 p7 p8
[    1.948456]  mmcblk0boot1: unknown partition table
[    1.954782]  mmcblk0boot0: unknown partition table
[    2.265726] tegra30-i2s 70080400.i2s: DMA channels sourced from device 70080000.ahub
[    2.282224] tegra-snd-rt5640 sound: rt5640-aif1 <-> 70080400.i2s mapping ok
[    2.292924] input: NVIDIA Tegra Dalmore Headphones as /devices/soc0/sound/sound/card0/input0
[    2.302760] TCP: cubic registered
[    2.306101] NET: Registered protocol family 17
[    2.310569] can: controller area network core (rev 20120528 abi 9)
[    2.316823] NET: Registered protocol family 29
[    2.321283] can: raw protocol (rev 20120528)
[    2.325565] can: broadcast manager protocol (rev 20120528 t)
[    2.331239] can: netlink gateway (rev 20130117) max_hops=1
[    2.337125] Key type dns_resolver registered
[    2.342015] ThumbEE CPU extension supported.
[    2.346312] Registering SWP/SWPB emulation handler
[    2.352230] dvdd_ts: 1800 mV 
[    2.355580] usb1_vbus: 5000 mV 
[    2.358774] usb1_vbus: supplied by vdd-sys-5v0
[    2.363980] usb2_vbus: 5000 mV 
[    2.367172] usb2_vbus: supplied by vdd-sys-5v0
[    2.372569] vdd_hdmi_5v0: 5000 mV 
[    2.376094] vdd_hdmi_5v0: supplied by vdd-sys-5v0
[    2.383263] vdd_cam_1v8_reg: 1800 mV 
[    2.387406] VDD_5V0_HDMI_CON: 5000 mV 
[    2.391243] VDD_5V0_HDMI_CON: supplied by vdd-sys-5v0
[    2.401298] [drm] Supports vblank timestamp caching Rev 2 (21.10.2013).
[    2.407941] [drm] No driver support for vblank timestamp query.
[    2.463402] Console: switching to colour frame buffer device 240x75
[    2.490716] host1x drm: fb0:  frame buffer device
[    2.495442] host1x drm: registered panic notifier
[    2.513396] [drm] Initialized tegra 0.0.0 20120330 on minor 0
[    2.519915] platform 7d008000.usb: Driver tegra-ehci requests probe deferral
[    2.528723] tegra-ehci 7d008000.usb: EHCI Host Controller
[    2.534155] tegra-ehci 7d008000.usb: new USB bus registered, assigned bus number 1
[    2.542843] tegra-ehci 7d008000.usb: irq 129, io mem 0x7d008000
[    2.558373] tegra-ehci 7d008000.usb: USB 2.0 started, EHCI 1.10
[    2.565244] hub 1-0:1.0: USB hub found
[    2.569062] hub 1-0:1.0: 1 port detected
[    2.574543] input: gpio-keys as /devices/soc0/gpio-keys/input/input1
[    2.582564] palmas-rtc 7000d000.i2c:tps65913@58:rtc: setting system clock to 2000-01-10 07:33:48 UTC (947489628)
[    2.602159] vdd_cam_1v8_reg: disabling
[    2.606386] vdd_hdmi_5v0: disabling
[    2.609918] usb1_vbus: disabling
[    2.613142] dvdd_ts: disabling
[    2.621476] ALSA device list:
[    2.624487]   #0: NVIDIA Tegra Dalmore
[    2.629692] EXT4-fs (mmcblk0p1): mounting ext3 file system using the ext4 subsystem
[    2.651299] EXT4-fs (mmcblk0p1): recovery complete
[    2.656124] EXT4-fs (mmcblk0p1): mounted filesystem with ordered data mode. Opts: (null)
[    2.664260] VFS: Mounted root (ext3 filesystem) on device 179:1.
[    2.675024] devtmpfs: mounted
[    2.678574] Freeing unused kernel memory: 696K (c0b17000 - c0bc5000)
bash: cannot set terminal process group (-1): Inappropriate ioctl for device
bash: no job control in this shell
root@(none):/# [    2.878417] usb 1-1: new high-speed USB device number 2 using tegra-ehci
