[0000.820] [TegraBoot] (version 23.00.2015.14-mobile-1ef66670)
[0000.826] Processing in cold boot mode Bootloader 2
[0000.831] A01Q Bootrom Patch rev = 3
[0000.834] Power-up reason: pmu watchdog
[0000.838] No Battery Present
[0000.840] Platform has Ddr4 type ram
[0000.844] max77620 disabling SD1 Remote Sense
[0000.848] Setting Ddr voltage to 1125mv
[0000.852] Serial Number of Pmic Max77663: 0x40daf
[0000.860] Entering ramdump check
[0000.863] Get RamDumpCarveOut = 0x0
[0000.866] RamDumpCarveOut=0x0,  RamDumperFlag=0xe59ff3f8
[0000.871] Last reboot was clean, booting normally!
[0000.876] Sdram initialization is successful 
[0000.880] SecureOs Carveout Base=0xff800000 Size=0x00800000
[0000.886] GSC1 Carveout Base=0xff700000 Size=0x00100000
[0000.911] GSC2 Carveout Base=0xff600000 Size=0x00100000
[0000.937] GSC3 Carveout Base=0xff500000 Size=0x00100000
[0000.942] GSC4 Carveout Base=0xff400000 Size=0x00100000
[0000.948] GSC5 Carveout Base=0xff300000 Size=0x00100000
[0000.953] BpmpFw Carveout Base=0xff2c0000 Size=0x00040000
[0000.958] Lp0 Carveout Base=0xff2bf000 Size=0x00001000
[0000.973] RamDump Carveout Base=0xff23f000 Size=0x00080000
[0000.979] Platform-DebugCarveout: 0
[0000.982] Nck Carveout Base=0xff03f000 Size=0x00200000
[0001.031] Using GPT Primary to query partitions 
[0001.037] Loading Tboot-CPU binary
[0001.086] Verifying bootloader in OdmNonSecureSBK mode
[0001.095] Bootloader load address is 0xa0000000,                            entry address is 0xa0000258
[0001.105] Bootloader downloaded successfully.
[0001.109] Downloaded Tboot-CPU binary to 0xa0000258
[0001.114] MAX77620_GPIO1 Configured.
[0001.118] MAX77620_GPIO5 Configured.
[0001.121] CPU power rail is up
[0001.124] CPU clock enabled
[0001.128] Performing RAM repair
[0001.131] Updating A64 Warmreset Address to 0xa00002e9
[0001.150] Bootloader DTB Load Address: 0x83000000
[0001.167] Kernel DTB Load Address: 0x83080000
[0001.172] Loading cboot binary
[0001.266] Verifying bootloader in OdmNonSecureSBK mode
[0001.354] Bootloader load address is 0x8010fda8,                            entry address is 0x80110000
[0001.363] Bootloader downloaded successfully.
[0001.367] GPT: Partition NOT found ! 
[0001.371] Find Partition via GPT Failed
[0001.374] function NvTbootGetBinaryOffsets: 0x845208 error
[0001.380] Error in NvTbootLoadBinary: 0x845208 !
[0001.384] GPT: Partition NOT found ! 
[0001.388] No FB partition
[0001.390] Next binary entry address: 0x80110000 
[0001.395] BoardId: 2595
[0001.400] dram memory type is 3
[0001.405] WB0 init successful
[0001.432] Bpmp FW successfully loaded
[0001.435] Set NvDecSticky Bits
[0001.438] GSC1 address : ff700000
[0001.442] GSC2 address : ff600000
[0001.446] GSC3 address : ff500000
[0001.450] GSC4 address : ff400000
[0001.453] GSC5 address : ff300000
[0001.457] GSC MC Settings done
[0001.462] TOS old plaintext Image length 61440
[0001.468] *** Secure OS image signature not verified ***
[0001.473] Loading and Validation of Secure OS Successful
[0001.478] NvTbootPackSdramParams: start. 
[0001.483] NvTbootPackSdramParams: done. 
[0001.487] Tegraboot started after 815182 us
[0001.491] Basic modules init took 348560 us
[0001.495] Sec Bootdevice Read Time = 202 ms, Read Size = 8459 KB
[0001.501] Next stage binary read took 14365 us
[0001.505] Carveout took 252714 us
[0001.508] CPU initialization took 92345 us
[0001.512] Total time taken by TegraBoot 707984 us

[0001.517] Starting CPU & Halting co-processor 

64b[0001.652] LPDDR4 Training: Number of tables = 10
[0001.656] EMC Training (SRC-freq: 204000; DST-freq: 408000)
[0001.663] EMC Training Successful
[0001.666] EMC Training (SRC-freq: 204000; DST-freq: 665600)
[0001.672] EMC Training Successful
[0001.675] EMC Training (SRC-freq: 204000; DST-freq: 800000)
[0001.686] EMC Training Successful
[0001.689] EMC Training (SRC-freq: 204000; DST-freq: 1065600)
[0001.712] EMC Training Successful
[0001.715] EMC Training (SRC-freq: 204000; DST-freq: 1331200)
[0001.736] EMC Training Successful
[0001.739] EMC Training (SRC-freq: 204000; DST-freq: 1600000)
[0001.759] EMC Training Successful
[0001.762] Switching to 800000 KHz Success
[0001.795] LPDDR4 Training: Number of tables = 10


U-Boot 2015.07-rc2-g2ac3917 (Nov 09 2015 - 13:12:08 -0800)

TEGRA210
Model: NVIDIA P2371-0000
DRAM:  3 GiB
MC:   Tegra SD/MMC: 0, Tegra SD/MMC: 1
*** Warning - bad CRC, using default environment

In:    serial
Out:   serial
Err:   serial
Net:   Net Initialization Skipped
No ethernet found.
Hit any key to stop autoboot:  2  0 
Tegra210 (P2371-0000) # 
Tegra210 (P2371-0000) # ums 0 mmc 0
UMS: disk start sector: 0x0, count: 0x1d5a000
|/-\|/-\/-\|/-\/-\|/-\/-\|/-\/-\|/-\/-\|/-\/-\|/-\/-\|/-\/-\|/-\/-\|/-\/-\|/-\/-\CTRL+C - Operation aborted
Tegra210 (P2371-0000) # 
Tegra210 (P2371-0000) # env set fdt_copy_node_names /cpus:/psci
Tegra210 (P2371-0000) # setenv rootpart 1
Tegra210 (P2371-0000) # setenv devtype mmc
Tegra210 (P2371-0000) # setenv devnum 0
Tegra210 (P2371-0000) # part uuid ${devtype} ${devnum}:${rootpart} uuid
Tegra210 (P2371-0000) # setenv bootargs ignore_loglevel console=ttyS0,115200n8 earlycon=uart8250,mmio32,0x70006000 rw root=PARTUUID=00000000-0001-0000-788f-a75600000000 rootwait debug earlyprintk init=/bin/bash
Tegra210 (P2371-0000) # load ${devtype} ${devnum}:${rootpart} ${kernel_addr_r} /boot/Image.defconfig
15665664 bytes read in 811 ms (18.4 MiB/s)
Tegra210 (P2371-0000) # load ${devtype} ${devnum}:${rootpart} ${fdt_addr_r} /boot/tegra210-p2371-0000.dtb
45142 bytes read in 460 ms (95.7 KiB/s)
Tegra210 (P2371-0000) # load ${devtype} ${devnum}:${rootpart} ${ramdisk_addr_r} /boot/tegra-ramdisk.img
1627787 bytes read in 495 ms (3.1 MiB/s)
Tegra210 (P2371-0000) # ramdisk_size=${filesize}
Tegra210 (P2371-0000) # booti ${kernel_addr_r} - ${fdt_addr_r}
## Flattened Device Tree blob at 82000000
   Booting using the fdt blob at 0x82000000
   Using Device Tree in place at 0000000082000000, end 000000008200e055

Starting kernel ...

[    0.000000] Booting Linux on physical CPU 0x0
[    0.000000] Linux version 4.11.0-rc7-next-20170420-286104-g2fbd8a8f (jonathanh@tamien) (gcc version 4.9.2 20140904 (prerelease) (crosstool-NG linaro-1.13.1-4.9-2014.09 - Linaro GCC 4.9-2014.09) ) #1 SMP PREEMPT Wed Apr 19 23:52:48 PDT 2017
[    0.000000] Boot CPU: AArch64 Processor [411fd071]
[    0.000000] debug: ignoring loglevel setting.
[    0.000000] earlycon: uart8250 at MMIO32 0x0000000070006000 (options '')
[    0.000000] bootconsole [uart8250] enabled
[    0.000000] efi: Getting EFI parameters from FDT:
[    0.000000] efi: UEFI not found.
[    0.000000] cma: Reserved 16 MiB at 0x00000000fe000000
[    0.000000] NUMA: No NUMA configuration found
[    0.000000] NUMA: Faking a node at [mem 0x0000000000000000-0x000000013fffffff]
[    0.000000] NUMA: Adding memblock [0x80000000 - 0xff1fffff] on node 0
[    0.000000] NUMA: Adding memblock [0x100000000 - 0x13fffffff] on node 0
[    0.000000] NUMA: Initmem setup node 0 [mem 0x80000000-0x13fffffff]
[    0.000000] NUMA: NODE_DATA [mem 0x13ffacb00-0x13ffae5ff]
[    0.000000] Zone ranges:
[    0.000000]   DMA      [mem 0x0000000080000000-0x00000000ffffffff]
[    0.000000]   Normal   [mem 0x0000000100000000-0x000000013fffffff]
[    0.000000] Movable zone start for each node
[    0.000000] Early memory node ranges
[    0.000000]   node   0: [mem 0x0000000080000000-0x00000000ff1fffff]
[    0.000000]   node   0: [mem 0x0000000100000000-0x000000013fffffff]
[    0.000000] Initmem setup node 0 [mem 0x0000000080000000-0x000000013fffffff]
[    0.000000] On node 0 totalpages: 782848
[    0.000000]   DMA zone: 8192 pages used for memmap
[    0.000000]   DMA zone: 0 pages reserved
[    0.000000]   DMA zone: 520704 pages, LIFO batch:31
[    0.000000]   Normal zone: 4096 pages used for memmap
[    0.000000]   Normal zone: 262144 pages, LIFO batch:31
[    0.000000] psci: probing for conduit method from DT.
[    0.000000] psci: PSCIv0.2 detected in firmware.
[    0.000000] psci: Using standard PSCI v0.2 function IDs
[    0.000000] psci: MIGRATE_INFO_TYPE not supported.
[    0.000000] percpu: Embedded 24 pages/cpu @ffff8000bff49000 s58624 r8192 d31488 u98304
[    0.000000] pcpu-alloc: s58624 r8192 d31488 u98304 alloc=24*4096
[    0.000000] pcpu-alloc: [0] 0 [0] 1 [0] 2 [0] 3 
[    0.000000] Detected PIPT I-cache on CPU0
[    0.000000] CPU features: enabling workaround for ARM erratum 832075
[    0.000000] CPU features: enabling workaround for ARM erratum 834220
[    0.000000] Built 1 zonelists in Node order, mobility grouping on.  Total pages: 770560
[    0.000000] Policy zone: Normal
[    0.000000] Kernel command line: ignore_loglevel console=ttyS0,115200n8 earlycon=uart8250,mmio32,0x70006000 rw root=PARTUUID=00000000-0001-0000-788f-a75600000000 rootwait debug earlyprintk init=/bin/bash
[    0.000000] PID hash table entries: 4096 (order: 3, 32768 bytes)
[    0.000000] software IO TLB [mem 0xfa000000-0xfe000000] (64MB) mapped at [ffff80007a000000-ffff80007dffffff]
[    0.000000] Memory: 2983368K/3131392K available (8828K kernel code, 1090K rwdata, 4232K rodata, 1088K init, 404K bss, 131640K reserved, 16384K cma-reserved)
[    0.000000] Virtual kernel memory layout:
[    0.000000]     modules : 0xffff000000000000 - 0xffff000008000000   (   128 MB)
[    0.000000]     vmalloc : 0xffff000008000000 - 0xffff7dffbfff0000   (129022 GB)
[    0.000000]       .text : 0xffff000008080000 - 0xffff000008920000   (  8832 KB)
[    0.000000]     .rodata : 0xffff000008920000 - 0xffff000008d50000   (  4288 KB)
[    0.000000]       .init : 0xffff000008d50000 - 0xffff000008e60000   (  1088 KB)
[    0.000000]       .data : 0xffff000008e60000 - 0xffff000008f70a00   (  1091 KB)
[    0.000000]        .bss : 0xffff000008f70a00 - 0xffff000008fd5a38   (   405 KB)
[    0.000000]     fixed   : 0xffff7dfffe7fd000 - 0xffff7dfffec00000   (  4108 KB)
[    0.000000]     PCI I/O : 0xffff7dfffee00000 - 0xffff7dffffe00000   (    16 MB)
[    0.000000]     vmemmap : 0xffff7e0000000000 - 0xffff800000000000   (  2048 GB maximum)
[    0.000000]               0xffff7e0000000000 - 0xffff7e0003000000   (    48 MB actual)
[    0.000000]     memory  : 0xffff800000000000 - 0xffff8000c0000000   (  3072 MB)
[    0.000000] SLUB: HWalign=64, Order=0-3, MinObjects=0, CPUs=4, Nodes=1
[    0.000000] Preemptible hierarchical RCU implementation.
[    0.000000] 	RCU restricting CPUs from NR_CPUS=64 to nr_cpu_ids=4.
[    0.000000] RCU: Adjusting geometry for rcu_fanout_leaf=16, nr_cpu_ids=4
[    0.000000] NR_IRQS:64 nr_irqs:64 0
[    0.000000] GIC: Using split EOI/Deactivate mode
[    0.000000] /interrupt-controller@60004000: 192 interrupts forwarded to /interrupt-controller@50041000
[    0.000000] boot misc1 0x0: expected 0x20
[    0.000000]  (comparison mask = 0xffffff)
[    0.000000] PLL_X already enabled. Postponing set full defaults
[    0.000000] arm_arch_timer: Architected cp15 timer(s) running at 19.20MHz (phys).
[    0.000000] clocksource: arch_sys_counter: mask: 0xffffffffffffff max_cycles: 0x46d987e47, max_idle_ns: 440795202767 ns
[    0.000005] sched_clock: 56 bits at 19MHz, resolution 52ns, wraps every 4398046511078ns
[    0.008429] Console: colour dummy device 80x25
[    0.013073] Calibrating delay loop (skipped), value calculated using timer frequency.. 38.40 BogoMIPS (lpj=76800)
[    0.023696] pid_max: default: 32768 minimum: 301
[    0.028545] Security Framework initialized
[    0.035325] Dentry cache hash table entries: 524288 (order: 10, 4194304 bytes)
[    0.044065] Inode-cache hash table entries: 262144 (order: 9, 2097152 bytes)
[    0.051414] Mount-cache hash table entries: 8192 (order: 4, 65536 bytes)
[    0.058383] Mountpoint-cache hash table entries: 8192 (order: 4, 65536 bytes)
[    0.081849] ASID allocator initialised with 65536 entries
[    0.096360] Speedo Revision 4
[    0.099440] Tegra Revision: A01 SKU: 1 CPU Process: -22 SoC Process: -22
[    0.107276] EFI services will not be available.
[    0.128011] smp: Bringing up secondary CPUs ...
[    0.164844] Detected PIPT I-cache on CPU1
[    0.164887] CPU1: Booted secondary processor [411fd071]
[    0.196909] Detected PIPT I-cache on CPU2
[    0.196942] CPU2: Booted secondary processor [411fd071]
[    0.228981] Detected PIPT I-cache on CPU3
[    0.229015] CPU3: Booted secondary processor [411fd071]
[    0.229078] smp: Brought up 1 node, 4 CPUs
[    0.261933] SMP: Total of 4 processors activated.
[    0.266797] CPU features: detected feature: 32-bit EL0 Support
[    0.272872] CPU: All CPU(s) started at EL2
[    0.277122] alternatives: patching kernel code
[    0.285838] devtmpfs: initialized
[    0.296839] DMI not present or invalid.
[    0.300996] clocksource: jiffies: mask: 0xffffffff max_cycles: 0xffffffff, max_idle_ns: 7645041785100000 ns
[    0.311124] futex hash table entries: 1024 (order: 5, 131072 bytes)
[    0.318054] pinctrl core: initialized pinctrl subsystem
[    0.325226] NET: Registered protocol family 16
[    0.331450] cpuidle: using governor menu
[    0.336226] vdso: 2 pages (1 code @ ffff000008927000, 1 data @ ffff000008e65000)
[    0.343913] hw-breakpoint: found 6 breakpoint and 4 watchpoint registers.
[    0.351970] DMA: preallocated 256 KiB pool for atomic allocations
[    0.359645] Serial: AMBA PL011 UART driver
[    0.384639] HugeTLB registered 2 MB page size, pre-allocated 0 pages
[    0.392078] ACPI: Interpreter disabled.
[    0.396705] vgaarb: loaded
[    0.399726] SCSI subsystem initialized
[    0.404444] libata version 3.00 loaded.
[    0.408700] usbcore: registered new interface driver usbfs
[    0.414436] usbcore: registered new interface driver hub
[    0.419998] usbcore: registered new device driver usb
[    0.426181] pps_core: LinuxPPS API ver. 1 registered
[    0.431333] pps_core: Software ver. 5.3.6 - Copyright 2005-2007 Rodolfo Giometti <giometti@linux.it>
[    0.440801] PTP clock support registered
[    0.445041] dmi: Firmware registration failed.
[    0.449794] Advanced Linux Sound Architecture Driver Initialized.
[    0.456713] clocksource: Switched to clocksource arch_sys_counter
[    0.463139] VFS: Disk quotas dquot_6.6.0
[    0.467255] VFS: Dquot-cache hash table entries: 512 (order 0, 4096 bytes)
[    0.474557] pnp: PnP ACPI: disabled
[    0.484996] NET: Registered protocol family 2
[    0.490004] TCP established hash table entries: 32768 (order: 6, 262144 bytes)
[    0.497786] TCP bind hash table entries: 32768 (order: 7, 524288 bytes)
[    0.504923] TCP: Hash tables configured (established 32768 bind 32768)
[    0.511805] UDP hash table entries: 2048 (order: 4, 65536 bytes)
[    0.518086] UDP-Lite hash table entries: 2048 (order: 4, 65536 bytes)
[    0.524889] NET: Registered protocol family 1
[    0.529720] RPC: Registered named UNIX socket transport module.
[    0.535881] RPC: Registered udp transport module.
[    0.540761] RPC: Registered tcp transport module.
[    0.545623] RPC: Registered tcp NFSv4.1 backchannel transport module.
[    0.552288] PCI: CLS 0 bytes, default 128
[    0.557059] kvm [1]: 8-bit VMID
[    0.560300] kvm [1]: IDMAP page: 80910000
[    0.564457] kvm [1]: HYP VA range: 800000000000:ffffffffffff
[    0.571127] kvm [1]: Hyp mode initialized successfully
[    0.576496] kvm [1]: vgic-v2@50044000
[    0.580399] kvm [1]: vgic interrupt IRQ1
[    0.584475] kvm [1]: virtual timer IRQ4
[    0.590648] audit: initializing netlink subsys (disabled)
[    0.596330] audit: type=2000 audit(0.523:1): state=initialized audit_enabled=0 res=1
[    0.596542] workingset: timestamp_bits=44 max_order=20 bucket_order=0
[    0.603323] squashfs: version 4.0 (2009/01/31) Phillip Lougher
[    0.603903] NFS: Registering the id_resolver key type
[    0.603918] Key type id_resolver registered
[    0.603921] Key type id_legacy registered
[    0.603931] nfs4filelayout_init: NFSv4 File Layout Driver Registering...
[    0.604061] 9p: Installing v9fs 9p2000 file system support
[    0.606357] Block layer SCSI generic (bsg) driver version 0.4 loaded (major 247)
[    0.606363] io scheduler noop registered
[    0.606564] io scheduler cfq registered (default)
[    0.606568] io scheduler mq-deadline registered
[    0.606571] io scheduler kyber registered
[    0.623042] tegra-apbdma 60020000.dma: Tegra20 APB DMA driver register 32 channels
[    0.624147] tegra-pmc 7000e400.pmc: i2c-thermtrip node not found, emergency thermal reset disabled.
[    0.624429] xenfs: not registering filesystem on non-xen platform
[    0.627788] Serial: 8250/16550 driver, 4 ports, IRQ sharing enabled
[    0.629396] console [ttyS0] disabled
[    0.702731] 70006000.serial: ttyS0 at MMIO 0x70006000 (irq = 313, base_baud = 25500000) is a Tegra
[    0.712039] console [ttyS0] enabled
[    0.712039] console [ttyS0] enabled
[    0.719135] bootconsole [uart8250] disabled
[    0.719135] bootconsole [uart8250] disabled
[    0.728011] SuperH (H)SCI(F) driver initialized
[    0.732820] msm_serial: driver initialized
[    0.737247] cacheinfo: Unable to detect cache hierarchy for CPU 0
[    0.749380] loop: module loaded
[    0.753105] hisi_sas: driver version v1.6
[    0.758990] libphy: Fixed MDIO Bus: probed
[    0.763523] tun: Universal TUN/TAP device driver, 1.6
[    0.769377] e1000e: Intel(R) PRO/1000 Network Driver - 3.2.6-k
[    0.775223] e1000e: Copyright(c) 1999 - 2015 Intel Corporation.
[    0.781193] igb: Intel(R) Gigabit Ethernet Network Driver - version 5.4.0-k
[    0.788159] igb: Copyright (c) 2007-2014 Intel Corporation.
[    0.793774] igbvf: Intel(R) Gigabit Virtual Function Network Driver - version 2.4.0-k
[    0.801601] igbvf: Copyright (c) 2009 - 2012 Intel Corporation.
[    0.807758] sky2: driver version 1.30
[    0.811799] VFIO - User Level meta-driver version: 0.3
[    0.817838] ehci_hcd: USB 2.0 'Enhanced' Host Controller (EHCI) Driver
[    0.824372] ehci-pci: EHCI PCI platform driver
[    0.828856] ehci-platform: EHCI generic platform driver
[    0.834185] ehci-orion: EHCI orion driver
[    0.838268] ehci-exynos: EHCI EXYNOS driver
[    0.842518] ehci-msm: Qualcomm On-Chip EHCI Host Controller
[    0.848155] ohci_hcd: USB 1.1 'Open' Host Controller (OHCI) Driver
[    0.854368] ohci-pci: OHCI PCI platform driver
[    0.858860] ohci-platform: OHCI generic platform driver
[    0.864153] ohci-exynos: OHCI EXYNOS driver
[    0.868676] usbcore: registered new interface driver usb-storage
[    0.876134] tegra_rtc 7000e000.rtc: rtc core: registered 7000e000.rtc as rtc1
[    0.883313] tegra_rtc 7000e000.rtc: Tegra internal Real Time Clock
[    0.889594] i2c /dev entries driver
[    0.895108] sdhci: Secure Digital Host Controller Interface driver
[    0.901315] sdhci: Copyright(c) Pierre Ossman
[    0.905889] Synopsys Designware Multimedia Card Interface Driver
[    0.912400] sdhci-pltfm: SDHCI platform and OF driver helper
[    0.926400] mmc0: Unknown controller version (3). You may experience problems.
[    0.976769] mmc0: SDHCI controller on 700b0600.sdhci [700b0600.sdhci] using ADMA 64-bit
[    0.988861] ledtrig-cpu: registered to indicate activity on CPUs
[    0.996167] usbcore: registered new interface driver usbhid
[    1.001833] usbhid: USB HID core driver
[    1.007688] NET: Registered protocol family 17
[    1.013349] 9pnet: Installing 9P2000 support
[    1.019770] Key type dns_resolver registered
[    1.024649] registered taskstats version 1
[    1.037273] hctosys: unable to open rtc device (rtc0)
[    1.042902] ALSA device list:
[    1.045884]   No soundcards found.
[    1.049526] Waiting for root device PARTUUID=00000000-0001-0000-788f-a75600000000...
[    1.069205] mmc0: new high speed MMC card at address 0001
[    1.074984] mmcblk0: mmc0:0001 SDW16G 14.7 GiB 
[    1.079716] mmcblk0boot0: mmc0:0001 SDW16G partition 1 4.00 MiB
[    1.089850] mmcblk0boot1: mmc0:0001 SDW16G partition 2 4.00 MiB
[    1.099964] mmcblk0rpmb: mmc0:0001 SDW16G partition 3 4.00 MiB
[    1.108883]  mmcblk0: p1 p2 p3 p4 p5 p6 p7 p8 p9 p10 p11 p12 p13 p14 p15 p16 p17 p18
[    1.122287] EXT4-fs (mmcblk0p1): couldn't mount as ext3 due to feature incompatibilities
[    1.147775] EXT4-fs (mmcblk0p1): mounted filesystem with ordered data mode. Opts: (null)
[    1.155900] VFS: Mounted root (ext4 filesystem) on device 179:1.
[    1.167054] devtmpfs: mounted
[    1.170650] Freeing unused kernel memory: 1088K
bash: cannot set terminal process group (-1): Inappropriate ioctl for device
bash: no job contr[    1.329706] random: fast init done
ol in this shell
root@(none):/# 