
U-Boot SPL 2014.01-00219-gc4d376f (Feb 18 2014 - 19:57:18)


U-Boot 2014.01-00219-gc4d376f (Feb 18 2014 - 19:57:18)

TEGRA30
Board: NVIDIA Beaver
I2C:   ready
DRAM:  2 GiB
MMC:   Tegra SD/MMC: 0, Tegra SD/MMC: 1
In:    serial
Out:   serial
Err:   serial
Net:   Net Initialization Skipped
No ethernet found.
Hit any key to stop autoboot:  2  0 
Tegra30 (Beaver) # 
Tegra30 (Beaver) # usb reset
(Re)start USB...
USB0:   USB EHCI 1.00
scanning bus 0 for devices... 2 USB Device(s) found
       scanning usb for storage devices... 0 Storage Device(s) found
       scanning usb for ethernet devices... 
Warning: asx0 using MAC address from net device
1 Ethernet Device(s) found
Tegra30 (Beaver) # setenv bootargs 'ignore_loglevel console=ttyS0,115200n8 rw root=/dev/mmcblk0p1 rootwait gpt debug noinitrd earlyprintk init=/bin/bash'
Tegra30 (Beaver) # setenv ipaddr 192.168.100.101; setenv serverip 192.168.100.1; setenv tftpserverip 192.168.100.1
Tegra30 (Beaver) # tftpboot 0x81000000 zImage.multi_v7_defconfig
Using asx0 device
TFTP from server 192.168.100.1; our IP address is 192.168.100.101
Filename 'zImage.multi_v7_defconfig'.
Load address: 0x81000000
Loading: *#################################################################
	 #################################################################
	 #################################################################
	 #################################################################
	 #################################################################
	 #################################################################
	 #################################################################
	 ######
	 3.3 MiB/s
done
Bytes transferred = 6761088 (672a80 hex)
Tegra30 (Beaver) # tftpboot 0x82000000 tegra30-beaver.dtb
Using asx0 device
TFTP from server 192.168.100.1; our IP address is 192.168.100.101
Filename 'tegra30-beaver.dtb'.
Load address: 0x82000000
Loading: *####
	 3.3 MiB/s
done
Bytes transferred = 51467 (c90b hex)
Tegra30 (Beaver) # bootz 0x81000000 - 0x82000000
Kernel image @ 0x81000000 [ 0x000000 - 0x672a80 ]
## Flattened Device Tree blob at 82000000
   Booting using the fdt blob at 0x82000000
   Loading Device Tree to 8fff0000, end 8ffff90a ... OK

Starting kernel ...

[    0.000000] Booting Linux on physical CPU 0x0
[    0.000000] Linux version 4.4.0-next-20160115-67505-g39750fe (pwalmsley@sellafield) (gcc version 4.7.3 20130328 (prerelease) (crosstool-NG linaro-1.13.1-4.7-2013.04-20130415 - Linaro GCC 2013.04) ) #1 SMP Thu Jan 14 20:47:56 PST 2016
[    0.000000] CPU: ARMv7 Processor [412fc099] revision 9 (ARMv7), cr=10c5387d
[    0.000000] CPU: PIPT / VIPT nonaliasing data cache, VIPT aliasing instruction cache
[    0.000000] Machine model: NVIDIA Tegra30 Beaver evaluation board
[    0.000000] debug: ignoring loglevel setting.
[    0.000000] cma: Reserved 64 MiB at 0xfb800000
[    0.000000] Memory policy: Data cache writealloc
[    0.000000] On node 0 totalpages: 524032
[    0.000000] free_area_init_node: node 0, pgdat c105dd00, node_mem_map eeff8000
[    0.000000]   DMA zone: 1536 pages used for memmap
[    0.000000]   DMA zone: 0 pages reserved
[    0.000000]   DMA zone: 196608 pages, LIFO batch:31
[    0.000000]   HighMem zone: 327424 pages, LIFO batch:31
[    0.000000] PERCPU: Embedded 13 pages/cpu @eef8f000 s23168 r8192 d21888 u53248
[    0.000000] pcpu-alloc: s23168 r8192 d21888 u53248 alloc=13*4096
[    0.000000] pcpu-alloc: [0] 0 [0] 1 [0] 2 [0] 3 
[    0.000000] Built 1 zonelists in Zone order, mobility grouping on.  Total pages: 522496
[    0.000000] Kernel command line: ignore_loglevel console=ttyS0,115200n8 rw root=/dev/mmcblk0p1 rootwait gpt debug noinitrd earlyprintk init=/bin/bash
[    0.000000] PID hash table entries: 4096 (order: 2, 16384 bytes)
[    0.000000] Dentry cache hash table entries: 131072 (order: 7, 524288 bytes)
[    0.000000] Inode-cache hash table entries: 65536 (order: 6, 262144 bytes)
[    0.000000] Memory: 1997872K/2096128K available (8495K kernel code, 1111K rwdata, 4020K rodata, 1056K init, 345K bss, 32720K reserved, 65536K cma-reserved, 1244160K highmem)
[    0.000000] Virtual kernel memory layout:
[    0.000000]     vector  : 0xffff0000 - 0xffff1000   (   4 kB)
[    0.000000]     fixmap  : 0xffc00000 - 0xfff00000   (3072 kB)
[    0.000000]     vmalloc : 0xf0800000 - 0xff800000   ( 240 MB)
[    0.000000]     lowmem  : 0xc0000000 - 0xf0000000   ( 768 MB)
[    0.000000]     pkmap   : 0xbfe00000 - 0xc0000000   (   2 MB)
[    0.000000]     modules : 0xbf000000 - 0xbfe00000   (  14 MB)
[    0.000000]       .text : 0xc0208000 - 0xc0e41df0   (12520 kB)
[    0.000000]       .init : 0xc0e42000 - 0xc0f4a000   (1056 kB)
[    0.000000]       .data : 0xc0f4a000 - 0xc105fc80   (1112 kB)
[    0.000000]        .bss : 0xc1062000 - 0xc10b85a0   ( 346 kB)
[    0.000000] SLUB: HWalign=64, Order=0-3, MinObjects=0, CPUs=4, Nodes=1
[    0.000000] Hierarchical RCU implementation.
[    0.000000] 	Build-time adjustment of leaf fanout to 32.
[    0.000000] 	RCU restricting CPUs from NR_CPUS=16 to nr_cpu_ids=4.
[    0.000000] RCU: Adjusting geometry for rcu_fanout_leaf=32, nr_cpu_ids=4
[    0.000000] NR_IRQS:16 nr_irqs:16 16
[    0.000000] /interrupt-controller@60004000: 160 interrupts forwarded to /interrupt-controller@50041000
[    0.000000] L2C: platform modifies aux control register: 0x02080000 -> 0x3e480001
[    0.000000] L2C: DT/platform modifies aux control register: 0x02080000 -> 0x3e480001
[    0.000000] L2C-310 erratum 769419 enabled
[    0.000000] L2C-310 enabling early BRESP for Cortex-A9
[    0.000000] L2C-310: enabling full line of zeros but not enabled in Cortex-A9
[    0.000000] L2C-310 dynamic clock gating enabled, standby mode enabled
[    0.000000] L2C-310 cache controller enabled, 8 ways, 1024 kB
[    0.000000] L2C-310: CACHE_ID 0x410000c7, AUX_CTRL 0x4e480001
[    0.000014] sched_clock: 32 bits at 1000kHz, resolution 1000ns, wraps every 2147483647500ns
[    0.000032] clocksource: timer_us: mask: 0xffffffff max_cycles: 0xffffffff, max_idle_ns: 1911260446275 ns
[    0.000042] Switching to timer-based delay loop, resolution 1000ns
[    0.002571] Console: colour dummy device 80x30
[    0.002597] Calibrating delay loop (skipped), value calculated using timer frequency.. 2.00 BogoMIPS (lpj=5000)
[    0.002606] pid_max: default: 32768 minimum: 301
[    0.002693] Mount-cache hash table entries: 2048 (order: 1, 8192 bytes)
[    0.002701] Mountpoint-cache hash table entries: 2048 (order: 1, 8192 bytes)
[    0.003121] CPU: Testing write buffer coherency: ok
[    0.003409] CPU0: thread -1, cpu 0, socket 0, mpidr 80000000
[    0.003482] Setting up static identity map for 0x80209000 - 0x80209098
[    0.005752] Tegra Revision: A03 SKU: 128 CPU Process: 4 SoC Process: 0
[    0.006979] CPU1: thread -1, cpu 1, socket 0, mpidr 80000001
[    0.007622] CPU2: thread -1, cpu 2, socket 0, mpidr 80000002
[    0.008269] CPU3: thread -1, cpu 3, socket 0, mpidr 80000003
[    0.008308] Brought up 4 CPUs
[    0.008321] SMP: Total of 4 processors activated (8.00 BogoMIPS).
[    0.008326] CPU: All CPU(s) started in SVC mode.
[    0.008905] devtmpfs: initialized
[    0.017162] VFP support v0.3: implementor 41 architecture 3 part 30 variant 9 rev 4
[    0.017835] clocksource: jiffies: mask: 0xffffffff max_cycles: 0xffffffff, max_idle_ns: 9556302231375000 ns
[    0.021366] pinctrl core: initialized pinctrl subsystem
[    0.022891] NET: Registered protocol family 16
[    0.025486] DMA: preallocated 256 KiB pool for atomic coherent allocations
[    0.039929] cpuidle: using governor ladder
[    0.054923] cpuidle: using governor menu
[    0.063255] No ATAGs?
[    0.063290] hw-breakpoint: found 5 (+1 reserved) breakpoint and 1 watchpoint registers.
[    0.063296] hw-breakpoint: maximum watchpoint size is 4 bytes.
[    0.066430] Serial: AMBA PL011 UART driver
[    0.067586] tegra-mc 7000f000.memory-controller: no memory timings for RAM code 3 registered
[    0.088039] vdd_5v_sata: Failed to request enable GPIO30: -517
[    0.088109] reg-fixed-voltage regulators:regulator@3: Failed to register regulator: -517
[    0.088220] usb1_vbus: Failed to request enable GPIO238: -517
[    0.088270] reg-fixed-voltage regulators:regulator@4: Failed to register regulator: -517
[    0.088376] usb3_vbus: Failed to request enable GPIO236: -517
[    0.088425] reg-fixed-voltage regulators:regulator@5: Failed to register regulator: -517
[    0.088580] sys_3v3_pexs: Failed to request enable GPIO95: -517
[    0.088630] reg-fixed-voltage regulators:regulator@7: Failed to register regulator: -517
[    0.090718] vgaarb: loaded
[    0.091340] SCSI subsystem initialized
[    0.091462] libata version 3.00 loaded.
[    0.091649] usbcore: registered new interface driver usbfs
[    0.091693] usbcore: registered new interface driver hub
[    0.091729] usbcore: registered new device driver usb
[    0.146728] pps_core: LinuxPPS API ver. 1 registered
[    0.146736] pps_core: Software ver. 5.3.6 - Copyright 2005-2007 Rodolfo Giometti <giometti@linux.it>
[    0.146754] PTP clock support registered
[    0.146907] EDAC MC: Ver: 3.0.0
[    0.148509] clocksource: Switched to clocksource timer_us
[    0.154489] NET: Registered protocol family 2
[    0.154887] TCP established hash table entries: 8192 (order: 3, 32768 bytes)
[    0.154944] TCP bind hash table entries: 8192 (order: 4, 65536 bytes)
[    0.155026] TCP: Hash tables configured (established 8192 bind 8192)
[    0.155108] UDP hash table entries: 512 (order: 2, 16384 bytes)
[    0.155167] UDP-Lite hash table entries: 512 (order: 2, 16384 bytes)
[    0.155352] NET: Registered protocol family 1
[    0.155625] RPC: Registered named UNIX socket transport module.
[    0.155632] RPC: Registered udp transport module.
[    0.155636] RPC: Registered tcp transport module.
[    0.155640] RPC: Registered tcp NFSv4.1 backchannel transport module.
[    0.155661] PCI: CLS 0 bytes, default 64
[    0.156418] hw perfevents: enabled with armv7_cortex_a9 PMU driver, 7 counters available
[    0.157366] futex hash table entries: 1024 (order: 4, 65536 bytes)
[    0.163556] squashfs: version 4.0 (2009/01/31) Phillip Lougher
[    0.164062] NFS: Registering the id_resolver key type
[    0.164108] Key type id_resolver registered
[    0.164114] Key type id_legacy registered
[    0.164164] ntfs: driver 2.1.32 [Flags: R/O].
[    0.165007] bounce: pool size: 64 pages
[    0.165135] Block layer SCSI generic (bsg) driver version 0.4 loaded (major 249)
[    0.165148] io scheduler noop registered
[    0.165156] io scheduler deadline registered
[    0.165178] io scheduler cfq registered (default)
[    0.170478] tegra30-pinctrl 70000868.pinmux: invalid group "sdmmc3_dat6_pd3" for function "rsvd1"
[    0.170493] tegra30-pinctrl 70000868.pinmux: invalid group "sdmmc3_dat7_pd4" for function "rsvd1"
[    0.170507] tegra30-pinctrl 70000868.pinmux: invalid group "vi_vsync_pd6" for function "rsvd1"
[    0.170517] tegra30-pinctrl 70000868.pinmux: invalid group "vi_hsync_pd7" for function "rsvd1"
[    0.170975] tegra30-pinctrl 70000868.pinmux: invalid group "hdmi_int_pn7" for function "rsvd1"
[    0.171018] tegra30-pinctrl 70000868.pinmux: invalid group "ulpi_data3_po4" for function "rsvd1"
[    0.171336] tegra30-pinctrl 70000868.pinmux: invalid group "vi_d10_pt2" for function "rsvd1"
[    0.171349] tegra30-pinctrl 70000868.pinmux: invalid group "vi_d11_pt3" for function "rsvd1"
[    0.171361] tegra30-pinctrl 70000868.pinmux: invalid group "vi_d0_pt4" for function "rsvd1"
[    0.171401] tegra30-pinctrl 70000868.pinmux: invalid group "pu0" for function "rsvd1"
[    0.171431] tegra30-pinctrl 70000868.pinmux: invalid group "pu3" for function "rsvd1"
[    0.171461] tegra30-pinctrl 70000868.pinmux: invalid group "pu6" for function "rsvd1"
[    0.171501] tegra30-pinctrl 70000868.pinmux: invalid group "pv3" for function "rsvd1"
[    0.171985] tegra30-pinctrl 70000868.pinmux: invalid group "pbb0" for function "rsvd1"
[    0.172098] tegra30-pinctrl 70000868.pinmux: invalid group "pcc1" for function "rsvd1"
[    0.177277] tegra-pcie 3000.pcie-controller: 2x3 configuration
[    0.177389] vdd_1v5_gen: supplied by vdd_5v_in
[    0.177436] vdd_pexa,vdd_pexb: supplied by vdd_1v5_gen
[    0.177539] tegra-pcie 3000.pcie-controller: Failed to get supply 'hvdd-pex': -517
[    0.181559] tegra-apbdma 6000a000.dma: Tegra20 APB DMA driver register 32 channels
[    0.182574] tegra-pmc 7000e400.pmc: i2c-thermtrip node not found, emergency thermal reset disabled.
[    0.215325] Serial: 8250/16550 driver, 4 ports, IRQ sharing disabled
[    0.217437] console [ttyS0] disabled
[    0.217474] 70006000.serial: ttyS0 at MMIO 0x70006000 (irq = 331, base_baud = 25500000) is a Tegra
[    1.136996] console [ttyS0] enabled
[    1.140985] SuperH (H)SCI(F) driver initialized
[    1.146096] msm_serial: driver initialized
[    1.150309] STMicroelectronics ASC driver initialized
[    1.157014] [drm] Initialized drm 1.1.0 20060810
[    1.162917] tegra-hdmi 54280000.hdmi: failed to get HDMI regulator
[    1.176809] brd: module loaded
[    1.183778] loop: module loaded
[    1.191808] m25p80 spi32766.1: w25q32 (4096 Kbytes)
[    1.198693] libphy: Fixed MDIO Bus: probed
[    1.203180] CAN device driver interface
[    1.208142] igb: Intel(R) Gigabit Ethernet Network Driver - version 5.3.0-k
[    1.215097] igb: Copyright (c) 2007-2014 Intel Corporation.
[    1.222371] pegasus: v0.9.3 (2013/04/25), Pegasus/Pegasus II USB Ethernet driver
[    1.229814] usbcore: registered new interface driver pegasus
[    1.235503] usbcore: registered new interface driver asix
[    1.240923] usbcore: registered new interface driver ax88179_178a
[    1.247035] usbcore: registered new interface driver cdc_ether
[    1.252897] usbcore: registered new interface driver smsc75xx
[    1.258685] usbcore: registered new interface driver smsc95xx
[    1.264452] usbcore: registered new interface driver net1080
[    1.270131] usbcore: registered new interface driver cdc_subset
[    1.276068] usbcore: registered new interface driver zaurus
[    1.281690] usbcore: registered new interface driver cdc_ncm
[    1.288742] ehci_hcd: USB 2.0 'Enhanced' Host Controller (EHCI) Driver
[    1.295268] ehci-pci: EHCI PCI platform driver
[    1.299736] ehci-platform: EHCI generic platform driver
[    1.305086] ehci-omap: OMAP-EHCI Host Controller driver
[    1.310389] ehci-orion: EHCI orion driver
[    1.314474] SPEAr-ehci: EHCI SPEAr driver
[    1.318561] ehci-st: EHCI STMicroelectronics driver
[    1.323516] ehci-exynos: EHCI EXYNOS driver
[    1.327778] ehci-atmel: EHCI Atmel driver
[    1.331864] tegra-ehci: Tegra EHCI driver
[    1.336205] ohci_hcd: USB 1.1 'Open' Host Controller (OHCI) Driver
[    1.342396] ohci-pci: OHCI PCI platform driver
[    1.346869] ohci-platform: OHCI generic platform driver
[    1.352196] ohci-omap3: OHCI OMAP3 driver
[    1.356284] SPEAr-ohci: OHCI SPEAr driver
[    1.360373] ohci-st: OHCI STMicroelectronics driver
[    1.365332] ohci-atmel: OHCI Atmel driver
[    1.369663] usbcore: registered new interface driver usb-storage
[    1.376615] mousedev: PS/2 mouse device common for all mice
[    1.384283] tegra_rtc 7000e000.rtc: rtc core: registered 7000e000.rtc as rtc1
[    1.391452] tegra_rtc 7000e000.rtc: Tegra internal Real Time Clock
[    1.410166] tps65910-rtc tps65910-rtc: rtc core: registered tps65910-rtc as rtc0
[    1.417759] i2c /dev entries driver
[    1.427741] sdhci: Secure Digital Host Controller Interface driver
[    1.433928] sdhci: Copyright(c) Pierre Ossman
[    1.439193] Synopsys Designware Multimedia Card Interface Driver
[    1.445824] sdhci-pltfm: SDHCI platform and OF driver helper
[    1.451995] sdhci-tegra 78000000.sdhci: Got CD GPIO
[    1.456882] sdhci-tegra 78000000.sdhci: Got WP GPIO
[    1.462898] mmc0: Invalid maximum block size, assuming 512 bytes
[    1.503590] mmc0: SDHCI controller on 78000000.sdhci [78000000.sdhci] using ADMA
[    1.514210] mmc1: Invalid maximum block size, assuming 512 bytes
[    1.553518] mmc1: SDHCI controller on 78000600.sdhci [78000600.sdhci] using ADMA
[    1.562059] ledtrig-cpu: registered to indicate activity on CPUs
[    1.568290] usbcore: registered new interface driver usbhid
[    1.573858] usbhid: USB HID core driver
[    1.580651] NET: Registered protocol family 10
[    1.585704] sit: IPv6 over IPv4 tunneling driver
[    1.592814] NET: Registered protocol family 17
[    1.597272] can: controller area network core (rev 20120528 abi 9)
[    1.603489] NET: Registered protocol family 29
[    1.607935] can: raw protocol (rev 20120528)
[    1.612203] can: broadcast manager protocol (rev 20120528 t)
[    1.617862] can: netlink gateway (rev 20130117) max_hops=1
[    1.623642] Key type dns_resolver registered
[    1.628309] ThumbEE CPU extension supported.
[    1.632594] Registering SWP/SWPB emulation handler
[    1.667687] tegra-pcie 3000.pcie-controller: 2x3 configuration
[    1.673674] sys_3v3,vdd_3v3_alw: supplied by vdd_5v_in
[    1.678833] sys_3v3_pexs: supplied by sys_3v3,vdd_3v3_alw
[    1.686436] tegra-pcie 3000.pcie-controller: probing port 0, using 2 lanes
[    1.716919] mmc1: new high speed MMC card at address 0001
[    1.722674] mmcblk0: mmc1:0001 SEM16G 14.8 GiB 
[    1.727330] mmcblk0boot0: mmc1:0001 SEM16G partition 1 1.00 MiB
[    1.733369] mmcblk0boot1: mmc1:0001 SEM16G partition 2 1.00 MiB
[    1.739416] mmcblk0rpmb: mmc1:0001 SEM16G partition 3 128 KiB
[    1.747856] Primary GPT is invalid, using alternate GPT.
[    1.751607] tegra-pcie 3000.pcie-controller: probing port 2, using 2 lanes
[    1.760036]  mmcblk0: p1 p2 p3 p4 p5
[    2.155364] tegra-pcie 3000.pcie-controller: link 2 down, retrying
[    2.565309] tegra-pcie 3000.pcie-controller: link 2 down, retrying
[    2.975244] tegra-pcie 3000.pcie-controller: link 2 down, retrying
[    2.983434] tegra-pcie 3000.pcie-controller: link 2 down, ignoring
[    2.989745] tegra-pcie 3000.pcie-controller: PCI host bridge to bus 0000:00
[    2.996706] pci_bus 0000:00: root bus resource [mem 0x20000000-0x27ffffff]
[    3.003580] pci_bus 0000:00: root bus resource [mem 0x28000000-0x3fffffff pref]
[    3.010880] pci_bus 0000:00: root bus resource [bus 00-ff]
[    3.016359] pci_bus 0000:00: root bus resource [io  0x1000-0xffff]
[    3.022551] pci 0000:00:01.0: [10de:0e1c] type 01 class 0x060400
[    3.028612] pci 0000:00:01.0: PME# supported from D0 D1 D2 D3hot D3cold
[    3.035386] PCI: bus0: Fast back to back transfers disabled
[    3.040957] pci 0000:00:01.0: bridge configuration invalid ([bus 00-00]), reconfiguring
[    3.049052] pci 0000:01:00.0: [10ec:8168] type 00 class 0x020000
[    3.055067] pci 0000:01:00.0: reg 0x10: [io  0x0000-0x00ff]
[    3.060646] pci 0000:01:00.0: reg 0x18: [mem 0x00000000-0x00000fff 64bit pref]
[    3.067866] pci 0000:01:00.0: reg 0x20: [mem 0x00000000-0x00003fff 64bit pref]
[    3.075147] pci 0000:01:00.0: supports D1 D2
[    3.079412] pci 0000:01:00.0: PME# supported from D0 D1 D2 D3hot D3cold
[    3.093529] PCI: bus1: Fast back to back transfers disabled
[    3.099101] pci_bus 0000:01: busn_res: [bus 01-ff] end is updated to 01
[    3.105769] pci 0000:00:01.0: BAR 9: assigned [mem 0x28000000-0x280fffff 64bit pref]
[    3.113507] pci 0000:00:01.0: BAR 7: assigned [io  0x1000-0x1fff]
[    3.119597] pci 0000:01:00.0: BAR 4: assigned [mem 0x28000000-0x28003fff 64bit pref]
[    3.127339] pci 0000:01:00.0: BAR 2: assigned [mem 0x28004000-0x28004fff 64bit pref]
[    3.135079] pci 0000:01:00.0: BAR 0: assigned [io  0x1000-0x10ff]
[    3.141166] pci 0000:00:01.0: PCI bridge to [bus 01]
[    3.146124] pci 0000:00:01.0:   bridge window [io  0x1000-0x1fff]
[    3.152210] pci 0000:00:01.0:   bridge window [mem 0x28000000-0x280fffff 64bit pref]
[    3.159956] pci 0000:00:01.0: nv_msi_ht_cap_quirk didn't locate host bridge
[    3.167010] pcieport 0000:00:01.0: enabling device (0140 -> 0143)
[    3.173247] pcieport 0000:00:01.0: Signaling PME through PCIe PME interrupt
[    3.180204] pci 0000:01:00.0: Signaling PME through PCIe PME interrupt
[    3.186723] pcie_pme 0000:00:01.0:pcie01: service driver pcie_pme loaded
[    3.193614] r8169 Gigabit Ethernet driver 2.3LK-NAPI loaded
[    3.199199] r8169 0000:01:00.0: enabling device (0140 -> 0143)
[    3.205919] r8169 0000:01:00.0 eth0: RTL8168evl/8111evl at 0xf09f2000, 02:04:4b:01:60:a6, XID 0c900800 IRQ 375
[    3.215919] r8169 0000:01:00.0 eth0: jumbo features [frames: 9200 bytes, tx checksumming: ko]
[    3.225345] +VDD_5V_HDMI: supplied by sys_3v3,vdd_3v3_alw
[    3.230857] vdd_1v8_gen: supplied by vdd_5v_in
[    3.236714] [drm] Supports vblank timestamp caching Rev 2 (21.10.2013).
[    3.243332] [drm] No driver support for vblank timestamp query.
[    3.249267] drm drm: No connectors reported connected with modes
[    3.255271] [drm] Cannot find any crtc or sizes - going 1024x768
[    3.280595] Console: switching to colour frame buffer device 128x48
[    3.292930] drm drm: fb0:  frame buffer device
[    3.308511] [drm] Initialized tegra 0.0.0 20120330 on minor 0
[    3.317195] usb3_vbus: supplied by vdd_5v_in
[    3.323690] utmi_phy_clk_enable: timeout waiting for phy to stabilize
[    3.330150] tegra-ehci 7d004000.usb: EHCI Host Controller
[    3.335559] tegra-ehci 7d004000.usb: new USB bus registered, assigned bus number 1
[    3.343181] ------------[ cut here ]------------
[    3.347800] WARNING: CPU: 1 PID: 6 at kernel/workqueue.c:2361 check_flush_dependency+0xc8/0x124()
[    3.356676] workqueue: WQ_MEM_RECLAIM deferwq:deferred_probe_work_func is flushing !WQ_MEM_RECLAIM events:lru_add_drain_per_cpu
[    3.367951] Modules linked in:
[    3.371181] CPU: 1 PID: 6 Comm: kworker/u8:0 Not tainted 4.4.0-next-20160115-67505-g39750fe #1
[    3.379770] Hardware name: NVIDIA Tegra SoC (Flattened Device Tree)
[    3.386022] Workqueue: deferwq deferred_probe_work_func
[    3.391268] [<c02188b8>] (unwind_backtrace) from [<c0213f94>] (show_stack+0x10/0x14)
[    3.399005] [<c0213f94>] (show_stack) from [<c048944c>] (dump_stack+0x78/0x94)
[    3.406222] [<c048944c>] (dump_stack) from [<c024ab38>] (warn_slowpath_common+0x74/0xb0)
[    3.414297] [<c024ab38>] (warn_slowpath_common) from [<c024ac08>] (warn_slowpath_fmt+0x30/0x40)
[    3.422978] [<c024ac08>] (warn_slowpath_fmt) from [<c025dc5c>] (check_flush_dependency+0xc8/0x124)
[    3.431917] [<c025dc5c>] (check_flush_dependency) from [<c025dd70>] (flush_work+0x54/0x144)
[    3.440251] [<c025dd70>] (flush_work) from [<c02dab80>] (lru_add_drain_all+0x124/0x180)
[    3.448242] [<c02dab80>] (lru_add_drain_all) from [<c030c6e8>] (migrate_prep+0x8/0x10)
[    3.456144] [<c030c6e8>] (migrate_prep) from [<c02d5b98>] (alloc_contig_range+0xc4/0x2f8)
[    3.464305] [<c02d5b98>] (alloc_contig_range) from [<c030e014>] (cma_alloc+0xd8/0x1a0)
[    3.472207] [<c030e014>] (cma_alloc) from [<c021e39c>] (__alloc_from_contiguous+0x38/0xdc)
[    3.480456] [<c021e39c>] (__alloc_from_contiguous) from [<c021ff8c>] (__dma_alloc+0x21c/0x250)
[    3.489049] [<c021ff8c>] (__dma_alloc) from [<c0220044>] (arm_dma_alloc+0x48/0x54)
[    3.496609] [<c0220044>] (arm_dma_alloc) from [<c0306c38>] (dma_pool_alloc+0x1dc/0x210)
[    3.504597] [<c0306c38>] (dma_pool_alloc) from [<c07c7024>] (ehci_qh_alloc+0x3c/0xb4)
[    3.512413] [<c07c7024>] (ehci_qh_alloc) from [<c07cb61c>] (ehci_setup+0x154/0x478)
[    3.520054] [<c07cb61c>] (ehci_setup) from [<c07d16d4>] (tegra_ehci_reset+0xc/0x50)
[    3.527701] [<c07d16d4>] (tegra_ehci_reset) from [<c07a1a9c>] (usb_add_hcd+0x300/0x830)
[    3.535687] [<c07a1a9c>] (usb_add_hcd) from [<c07d104c>] (tegra_ehci_probe+0x3b8/0x504)
[    3.543680] [<c07d104c>] (tegra_ehci_probe) from [<c0659290>] (platform_drv_probe+0x50/0xac)
[    3.552101] [<c0659290>] (platform_drv_probe) from [<c0657bfc>] (driver_probe_device+0x1f4/0x2b0)
[    3.560955] [<c0657bfc>] (driver_probe_device) from [<c065618c>] (bus_for_each_drv+0x44/0x8c)
[    3.569461] [<c065618c>] (bus_for_each_drv) from [<c0657980>] (__device_attach+0x9c/0x100)
[    3.577706] [<c0657980>] (__device_attach) from [<c065700c>] (bus_probe_device+0x84/0x8c)
[    3.585865] [<c065700c>] (bus_probe_device) from [<c0657440>] (deferred_probe_work_func+0x60/0x8c)
[    3.594806] [<c0657440>] (deferred_probe_work_func) from [<c025ebb8>] (process_one_work+0x134/0x338)
[    3.603918] [<c025ebb8>] (process_one_work) from [<c025ee20>] (worker_thread+0x2c/0x4f0)
[    3.611996] [<c025ee20>] (worker_thread) from [<c0263fac>] (kthread+0xd8/0xf4)
[    3.619205] [<c0263fac>] (kthread) from [<c0210e78>] (ret_from_fork+0x14/0x3c)
[    3.626408] ---[ end trace b3f843da44773d63 ]---
[    3.631261] tegra-ehci 7d004000.usb: irq 343, io mem 0x7d004000
[    3.643519] tegra-ehci 7d004000.usb: USB 2.0 started, EHCI 1.00
[    3.649985] hub 1-0:1.0: USB hub found
[    3.653768] hub 1-0:1.0: 1 port detected
[    3.658790] tegra-ehci 7d008000.usb: EHCI Host Controller
[    3.664202] tegra-ehci 7d008000.usb: new USB bus registered, assigned bus number 2
[    3.671945] tegra-ehci 7d008000.usb: irq 344, io mem 0x7d008000
[    3.683508] tegra-ehci 7d008000.usb: USB 2.0 started, EHCI 1.00
[    3.689878] hub 2-0:1.0: USB hub found
[    3.693651] hub 2-0:1.0: 1 port detected
[    3.701276] tps65910-rtc tps65910-rtc: setting system clock to 2000-01-01 00:00:02 UTC (946684802)
[    3.715209] vdd_sata,avdd_plle: disabling
[    3.719610] usb1_vbus: disabling
[    3.724766] EXT4-fs (mmcblk0p1): mounting ext3 file system using the ext4 subsystem
[    3.739009] EXT4-fs (mmcblk0p1): warning: mounting fs with errors, running e2fsck is recommended
[    3.749216] EXT4-fs (mmcblk0p1): recovery complete
[    3.754016] EXT4-fs (mmcblk0p1): mounted filesystem with ordered data mode. Opts: (null)
[    3.762124] VFS: Mounted root (ext3 filesystem) on device 179:1.
[    3.771124] devtmpfs: mounted
[    3.775081] Freeing unused kernel memory: 1056K (c0e42000 - c0f4a000)
bash: cannot set terminal process group (-1): Inappropriate ioctl for device
bash: no job control in this shell
root@(none):/# [    4.003531] usb 2-1: new high-speed USB device number 2 using tegra-ehci
mount -t sysfs none /sys
root@(none):/# 
root@(none):/# [    4.942110] asix 2-1:1.0 eth1: register 'asix' at usb-7d008000.usb-1, ASIX AX88772 USB 2.0 Ethernet, 00:50:b6:0f:67:60
mount -t debugfs none /sys/kernel/debug
root@(none):/# 
root@(none):/# rtcwake -d rtc1 -m mem -s 3
rtcwake: wakeup from "mem" using /dev/rtc1 at Thu Jan  1 00:00:21 1970
[    6.499414] PM: Syncing filesystems ... done.
[    6.510971] Freezing user space processes ... (elapsed 0.001 seconds) done.
[    6.519092] Freezing remaining freezable tasks ... (elapsed 0.001 seconds) done.
[    6.527704] Suspending console(s) (use no_console_suspend to debug)
[    6.570031] PM: suspend of devices complete after 35.047 msecs
[    6.570667] PM: late suspend of devices complete after 0.629 msecs
[    6.583986] PM: noirq suspend of devices complete after 13.312 msecs
[    6.583989] Disabling non-boot CPUs ...
[    6.584600] CPU1: shutdown
[    6.604899] CPU2: shutdown
[    6.619611] CPU3: shutdown
[    6.634000] Entering suspend state LP1
[    6.634013] Enabling non-boot CPUs ...
[    6.659509] CPU1 is up
[    6.684616] CPU2 is up
[    6.709760] CPU3 is up
[    6.710370] pcieport 0000:00:01.0: nv_msi_ht_cap_quirk didn't locate host bridge
[    6.723571] PM: noirq resume of devices complete after 13.805 msecs
[    6.724535] PM: early resume of devices complete after 0.598 msecs
[    6.789787] PM: resume of devices complete after 65.244 msecs
[    6.860893] Restarting tasks ... done.
root@(none):/# 
root@(none):/# 