
U-Boot SPL 2014.07-00097-g772e173 (Jul 25 2014 - 20:02:52)


U-Boot 2014.07-00097-g772e173 (Jul 25 2014 - 20:02:52)

TEGRA124
Board: NVIDIA Jetson TK1
I2C:   ready
DRAM:  2 GiB
MMC:   Tegra SD/MMC: 0, Tegra SD/MMC: 1
In:    serial
Out:   serial
Err:   serial
Net:   Net Initialization Skipped
No ethernet found.
Hit any key to stop autoboot:  2  0 
Tegra124 (Jetson TK1) # 
Tegra124 (Jetson TK1) # usb reset
(Re)start USB...
USB0:   USB EHCI 1.10
scanning bus 0 for devices... 1 USB Device(s) found
USB1:   USB EHCI 1.10
scanning bus 1 for devices... 2 USB Device(s) found
       scanning usb for storage devices... 0 Storage Device(s) found
       scanning usb for ethernet devices... 
Warning: asx0 using MAC address from net device
1 Ethernet Device(s) found
Tegra124 (Jetson TK1) # setenv bootargs 'ignore_loglevel console=ttyS0,115200n8 rw root=/dev/mmcblk0p1 rootwait gpt debug init=/bin/bash noinitrd'
Tegra124 (Jetson TK1) # setenv ipaddr 192.168.100.102; setenv serverip 192.168.100.1; setenv tftpserverip 192.168.100.1
Tegra124 (Jetson TK1) # tftpboot 0x81000000 zImage.multi_v7_defconfig
Using asx0 device
TFTP from server 192.168.100.1; our IP address is 192.168.100.102
Filename 'zImage.multi_v7_defconfig'.
Load address: 0x81000000
Loading: *#################################################################
	 #################################################################
	 #################################################################
	 #################################################################
	 #################################################################
	 #################################################################
	 ###############################
	 3.2 MiB/s
done
Bytes transferred = 6174856 (5e3888 hex)
Tegra124 (Jetson TK1) # tftpboot 0x82000000 tegra124-jetson-tk1.dtb
Using asx0 device
TFTP from server 192.168.100.1; our IP address is 192.168.100.102
Filename 'tegra124-jetson-tk1.dtb'.
Load address: 0x82000000
Loading: *#####
	 3 MiB/s
done
Bytes transferred = 63791 (f92f hex)
Tegra124 (Jetson TK1) # bootz 0x81000000 - 0x82000000
Kernel image @ 0x81000000 [ 0x000000 - 0x5e3888 ]
## Flattened Device Tree blob at 82000000
   Booting using the fdt blob at 0x82000000
   Using Device Tree in place at 82000000, end 8201292e

Starting kernel ...

[    0.000000] Booting Linux on physical CPU 0x0
[    0.000000] Linux version 4.1.0-next-20150629-27202-ge398431 (pwalmsley@sellafield) (gcc version 4.7.3 20130328 (prerelease) (crosstool-NG linaro-1.13.1-4.7-2013.04-20130415 - Linaro GCC 2013.04) ) #1 SMP Mon Jun 29 21:47:34 PDT 2015
[    0.000000] CPU: ARMv7 Processor [413fc0f3] revision 3 (ARMv7), cr=10c5387d
[    0.000000] CPU: PIPT / VIPT nonaliasing data cache, PIPT instruction cache
[    0.000000] Machine model: NVIDIA Tegra124 Jetson TK1
[    0.000000] debug: ignoring loglevel setting.
[    0.000000] cma: Reserved 64 MiB at 0xfb800000
[    0.000000] Memory policy: Data cache writealloc
[    0.000000] On node 0 totalpages: 524032
[    0.000000] free_area_init_node: node 0, pgdat c0f07b00, node_mem_map ee7f8000
[    0.000000]   DMA zone: 1520 pages used for memmap
[    0.000000]   DMA zone: 0 pages reserved
[    0.000000]   DMA zone: 194560 pages, LIFO batch:31
[    0.000000]   HighMem zone: 329472 pages, LIFO batch:31
[    0.000000] PERCPU: Embedded 11 pages/cpu @ee794000 s14848 r8192 d22016 u45056
[    0.000000] pcpu-alloc: s14848 r8192 d22016 u45056 alloc=11*4096
[    0.000000] pcpu-alloc: [0] 0 [0] 1 [0] 2 [0] 3 
[    0.000000] Built 1 zonelists in Zone order, mobility grouping on.  Total pages: 522512
[    0.000000] Kernel command line: ignore_loglevel console=ttyS0,115200n8 rw root=/dev/mmcblk0p1 rootwait gpt debug init=/bin/bash noinitrd
[    0.000000] PID hash table entries: 4096 (order: 2, 16384 bytes)
[    0.000000] Dentry cache hash table entries: 131072 (order: 7, 524288 bytes)
[    0.000000] Inode-cache hash table entries: 65536 (order: 6, 262144 bytes)
[    0.000000] Memory: 1999268K/2096128K available (7819K kernel code, 1038K rwdata, 3516K rodata, 940K init, 327K bss, 31324K reserved, 65536K cma-reserved, 1252352K highmem)
[    0.000000] Virtual kernel memory layout:
[    0.000000]     vector  : 0xffff0000 - 0xffff1000   (   4 kB)
[    0.000000]     fixmap  : 0xffc00000 - 0xfff00000   (3072 kB)
[    0.000000]     vmalloc : 0xf0000000 - 0xff000000   ( 240 MB)
[    0.000000]     lowmem  : 0xc0000000 - 0xef800000   ( 760 MB)
[    0.000000]     pkmap   : 0xbfe00000 - 0xc0000000   (   2 MB)
[    0.000000]     modules : 0xbf000000 - 0xbfe00000   (  14 MB)
[    0.000000]       .text : 0xc0208000 - 0xc0d1ac08   (11340 kB)
[    0.000000]       .init : 0xc0d1b000 - 0xc0e06000   ( 940 kB)
[    0.000000]       .data : 0xc0e06000 - 0xc0f09b00   (1039 kB)
[    0.000000]        .bss : 0xc0f0c000 - 0xc0f5dc28   ( 328 kB)
[    0.000000] SLUB: HWalign=64, Order=0-3, MinObjects=0, CPUs=4, Nodes=1
[    0.000000] Hierarchical RCU implementation.
[    0.000000] 	Additional per-CPU info printed with stalls.
[    0.000000] 	Build-time adjustment of leaf fanout to 32.
[    0.000000] 	RCU restricting CPUs from NR_CPUS=16 to nr_cpu_ids=4.
[    0.000000] RCU: Adjusting geometry for rcu_fanout_leaf=32, nr_cpu_ids=4
[    0.000000] NR_IRQS:16 nr_irqs:16 16
[    0.000000] /interrupt-controller@60004000: 160 interrupts forwarded to /interrupt-controller@0,50041000
[    0.000000] L2C: failed to init: -19
[    0.000009] sched_clock: 32 bits at 1000kHz, resolution 1000ns, wraps every 2147483647500ns
[    0.000027] clocksource: timer_us: mask: 0xffffffff max_cycles: 0xffffffff, max_idle_ns: 1911260446275 ns
[    0.000041] Switching to timer-based delay loop, resolution 1000ns
[    0.004194] Architected cp15 timer(s) running at 12.00MHz (virt).
[    0.004211] clocksource: arch_sys_counter: mask: 0xffffffffffffff max_cycles: 0x2c47f4ee7, max_idle_ns: 440795202497 ns
[    0.004229] sched_clock: 56 bits at 12MHz, resolution 83ns, wraps every 4398046511096ns
[    0.004241] Switching to timer-based delay loop, resolution 83ns
[    0.004652] Console: colour dummy device 80x30
[    0.004676] Calibrating delay loop (skipped), value calculated using timer frequency.. 24.00 BogoMIPS (lpj=60000)
[    0.004691] pid_max: default: 32768 minimum: 301
[    0.004800] Mount-cache hash table entries: 2048 (order: 1, 8192 bytes)
[    0.004812] Mountpoint-cache hash table entries: 2048 (order: 1, 8192 bytes)
[    0.005394] CPU: Testing write buffer coherency: ok
[    0.005604] /cpus/cpu@0 missing clock-frequency property
[    0.005642] /cpus/cpu@1 missing clock-frequency property
[    0.005680] /cpus/cpu@2 missing clock-frequency property
[    0.005718] /cpus/cpu@3 missing clock-frequency property
[    0.005730] CPU0: thread -1, cpu 0, socket 0, mpidr 80000000
[    0.005773] Setting up static identity map for 0x80209000 - 0x80209098
[    0.008644] Tegra Revision: A01 SKU: 129 CPU Process: 1 SoC Process: 1
[    0.009971] CPU1: thread -1, cpu 1, socket 0, mpidr 80000001
[    0.010549] CPU2: thread -1, cpu 2, socket 0, mpidr 80000002
[    0.011127] CPU3: thread -1, cpu 3, socket 0, mpidr 80000003
[    0.011189] Brought up 4 CPUs
[    0.011209] SMP: Total of 4 processors activated (96.00 BogoMIPS).
[    0.011217] CPU: All CPU(s) started in SVC mode.
[    0.011743] devtmpfs: initialized
[    0.030703] VFP support v0.3: implementor 41 architecture 4 part 30 variant f rev 0
[    0.031499] clocksource: jiffies: mask: 0xffffffff max_cycles: 0xffffffff, max_idle_ns: 9556302231375000 ns
[    0.033130] pinctrl core: initialized pinctrl subsystem
[    0.034753] NET: Registered protocol family 16
[    0.036725] DMA: preallocated 256 KiB pool for atomic coherent allocations
[    0.049251] cpuidle: using governor ladder
[    0.064271] cpuidle: using governor menu
[    0.080924] No ATAGs?
[    0.080957] hw-breakpoint: found 5 (+1 reserved) breakpoint and 4 watchpoint registers.
[    0.080967] hw-breakpoint: maximum watchpoint size is 8 bytes.
[    0.085515] Serial: AMBA PL011 UART driver
[    0.115006] +USB0_VBUS_SW: Failed to request enable GPIO108: -517
[    0.115128] reg-fixed-voltage regulators:regulator@7: Failed to register regulator: -517
[    0.115349] +5V_USB_HS: Failed to request enable GPIO109: -517
[    0.115462] reg-fixed-voltage regulators:regulator@8: Failed to register regulator: -517
[    0.115756] +1.05V_RUN_AVDD_HDMI_PLL: Failed to request enable GPIO63: -517
[    0.115867] reg-fixed-voltage regulators:regulator@11: Failed to register regulator: -517
[    0.116084] +5V_HDMI_CON: Failed to request enable GPIO86: -517
[    0.116194] reg-fixed-voltage regulators:regulator@12: Failed to register regulator: -517
[    0.116410] +5V_SATA: Failed to request enable GPIO242: -517
[    0.116520] reg-fixed-voltage regulators:regulator@13: Failed to register regulator: -517
[    0.116735] +12V_SATA: Failed to request enable GPIO242: -517
[    0.116844] reg-fixed-voltage regulators:regulator@14: Failed to register regulator: -517
[    0.119832] vgaarb: loaded
[    0.120658] SCSI subsystem initialized
[    0.120838] libata version 3.00 loaded.
[    0.121166] usbcore: registered new interface driver usbfs
[    0.121233] usbcore: registered new interface driver hub
[    0.121310] usbcore: registered new device driver usb
[    0.124882] pps_core: LinuxPPS API ver. 1 registered
[    0.124893] pps_core: Software ver. 5.3.6 - Copyright 2005-2007 Rodolfo Giometti <giometti@linux.it>
[    0.124924] PTP clock support registered
[    0.125159] EDAC MC: Ver: 3.0.0
[    0.128324] clocksource: Switched to clocksource arch_sys_counter
[    0.140000] NET: Registered protocol family 2
[    0.140522] TCP established hash table entries: 8192 (order: 3, 32768 bytes)
[    0.140623] TCP bind hash table entries: 8192 (order: 4, 65536 bytes)
[    0.140810] TCP: Hash tables configured (established 8192 bind 8192)
[    0.140861] UDP hash table entries: 512 (order: 2, 16384 bytes)
[    0.140903] UDP-Lite hash table entries: 512 (order: 2, 16384 bytes)
[    0.141073] NET: Registered protocol family 1
[    0.141309] RPC: Registered named UNIX socket transport module.
[    0.141319] RPC: Registered udp transport module.
[    0.141327] RPC: Registered tcp transport module.
[    0.141335] RPC: Registered tcp NFSv4.1 backchannel transport module.
[    0.141356] PCI: CLS 0 bytes, default 64
[    0.143682] futex hash table entries: 1024 (order: 4, 65536 bytes)
[    0.156186] squashfs: version 4.0 (2009/01/31) Phillip Lougher
[    0.157154] NFS: Registering the id_resolver key type
[    0.157185] Key type id_resolver registered
[    0.157194] Key type id_legacy registered
[    0.157273] ntfs: driver 2.1.32 [Flags: R/O].
[    0.158341] bounce: pool size: 64 pages
[    0.158562] Block layer SCSI generic (bsg) driver version 0.4 loaded (major 249)
[    0.158587] io scheduler noop registered
[    0.158604] io scheduler deadline registered
[    0.158811] io scheduler cfq registered (default)
[    0.175445] tegra-pcie 1003000.pcie-controller: 2x1, 1x1 configuration
[    0.175495] tegra-pcie 1003000.pcie-controller: Failed to get supply 'avddio-pex': -517
[    0.182467] tegra-apbdma 60020000.dma: Tegra20 APB DMA driver register 32 channels
[    0.183930] tegra-pmc 7000e400.pmc: emergency thermal reset enabled
[    0.249594] Serial: 8250/16550 driver, 4 ports, IRQ sharing disabled
[    0.251868] SuperH (H)SCI(F) driver initialized
[    0.252834] msm_serial: driver initialized
[    0.253686] console [ttyS0] disabled
[    0.253722] 70006300.serial: ttyS0 at MMIO 0x70006300 (irq = 331, base_baud = 25500000) is a Tegra
[    1.069763] console [ttyS0] enabled
[    1.074070] STMicroelectronics ASC driver initialized
[    1.081500] [drm] Initialized drm 1.1.0 20060810
[    1.088252] tegra-hdmi 54280000.hdmi: failed to get HDMI regulator
[    1.101490] loop: module loaded
[    1.104960] at24 0-0056: 256 byte 24c02 EEPROM, writable, 8 bytes/write
[    1.113013] as3722 4-0040: AS3722 with revision 0x1 found
[    1.136218] +5V_SYS: supplied by +VDD_MUX
[    1.140281] +1.05V_RUN: supplied by +5V_SYS
[    1.144574] tegra-ahci 70027000.sata: Failed to get supply 'hvdd': -517
[    1.151246] tegra-ahci 70027000.sata: Failed to get regulators
[    1.162058] m25p80 spi32765.0: w25q32dw (4096 Kbytes)
[    1.170533] CAN device driver interface
[    1.175758] igb: Intel(R) Gigabit Ethernet Network Driver - version 5.2.15-k
[    1.182814] igb: Copyright (c) 2007-2014 Intel Corporation.
[    1.191508] pegasus: v0.9.3 (2013/04/25), Pegasus/Pegasus II USB Ethernet driver
[    1.198964] usbcore: registered new interface driver pegasus
[    1.204710] usbcore: registered new interface driver asix
[    1.210174] usbcore: registered new interface driver ax88179_178a
[    1.216325] usbcore: registered new interface driver cdc_ether
[    1.222245] usbcore: registered new interface driver smsc75xx
[    1.228070] usbcore: registered new interface driver smsc95xx
[    1.233873] usbcore: registered new interface driver net1080
[    1.239592] usbcore: registered new interface driver cdc_subset
[    1.245569] usbcore: registered new interface driver zaurus
[    1.251240] usbcore: registered new interface driver cdc_ncm
[    1.257157] tegra-phy 7d004000.usb-phy: no vbus regulator
[    1.264668] ehci_hcd: USB 2.0 'Enhanced' Host Controller (EHCI) Driver
[    1.271208] ehci-pci: EHCI PCI platform driver
[    1.275712] ehci-platform: EHCI generic platform driver
[    1.281170] ehci-omap: OMAP-EHCI Host Controller driver
[    1.286552] ehci-orion: EHCI orion driver
[    1.290720] SPEAr-ehci: EHCI SPEAr driver
[    1.294891] ehci-st: EHCI STMicroelectronics driver
[    1.299930] ehci-exynos: EHCI EXYNOS driver
[    1.304298] ehci-atmel: EHCI Atmel driver
[    1.308476] tegra-ehci: Tegra EHCI driver
[    1.312789] tegra-ehci 7d004000.usb: EHCI Host Controller
[    1.318219] tegra-ehci 7d004000.usb: new USB bus registered, assigned bus number 1
[    1.325959] tegra-ehci 7d004000.usb: irq 348, io mem 0x7d004000
[    1.338345] tegra-ehci 7d004000.usb: USB 2.0 started, EHCI 1.10
[    1.345086] hub 1-0:1.0: USB hub found
[    1.348896] hub 1-0:1.0: 1 port detected
[    1.353456] ohci_hcd: USB 1.1 'Open' Host Controller (OHCI) Driver
[    1.359665] ohci-pci: OHCI PCI platform driver
[    1.364183] ohci-platform: OHCI generic platform driver
[    1.369600] ohci-omap3: OHCI OMAP3 driver
[    1.373774] SPEAr-ohci: OHCI SPEAr driver
[    1.377933] ohci-st: OHCI STMicroelectronics driver
[    1.382977] ohci-atmel: OHCI Atmel driver
[    1.387262] usbcore: registered new interface driver usb-storage
[    1.394899] mousedev: PS/2 mouse device common for all mice
[    1.404361] as3722-rtc as3722-rtc: rtc core: registered as3722-rtc as rtc0
[    1.411249] as3722-rtc as3722-rtc: RTC interrupt 367
[    1.419603] tegra_rtc 7000e000.rtc: rtc core: registered 7000e000.rtc as rtc1
[    1.426783] tegra_rtc 7000e000.rtc: Tegra internal Real Time Clock
[    1.433588] i2c /dev entries driver
[    1.442102] 0-004c supply vcc not found, using dummy regulator
[    1.454151] sdhci: Secure Digital Host Controller Interface driver
[    1.460346] sdhci: Copyright(c) Pierre Ossman
[    1.466401] Synopsys Designware Multimedia Card Interface Driver
[    1.473615] sdhci-pltfm: SDHCI platform and OF driver helper
[    1.480028] sdhci-tegra 700b0400.sdhci: Got CD GPIO
[    1.484933] sdhci-tegra 700b0400.sdhci: Got WP GPIO
[    1.489869] mmc0: Unknown controller version (3). You may experience problems.
[    1.497221] as3722-regulator as3722-regulator: Failed to resolve vin-ldo1-6-supply for as3722-ldo6
[    1.506195] sdhci-tegra 700b0400.sdhci: No vmmc regulator found
[    1.512279] mmc0: Unknown controller version (3). You may experience problems.
[    1.519557] sdhci-tegra 700b0600.sdhci: No vmmc regulator found
[    1.525494] sdhci-tegra 700b0600.sdhci: No vqmmc regulator found
[    1.531505] mmc0: Invalid maximum block size, assuming 512 bytes
[    1.573343] mmc0: SDHCI controller on 700b0600.sdhci [700b0600.sdhci] using ADMA 64-bit
[    1.582581] ledtrig-cpu: registered to indicate activity on CPUs
[    1.588839] usbcore: registered new interface driver usbhid
[    1.594422] usbhid: USB HID core driver
[    1.606033] NET: Registered protocol family 17
[    1.610524] can: controller area network core (rev 20120528 abi 9)
[    1.616836] NET: Registered protocol family 29
[    1.621311] can: raw protocol (rev 20120528)
[    1.625653] can: broadcast manager protocol (rev 20120528 t)
[    1.631343] can: netlink gateway (rev 20130117) max_hops=1
[    1.637259] Key type dns_resolver registered
[    1.642172] ThumbEE CPU extension supported.
[    1.646524] Registering SWP/SWPB emulation handler
[    1.661561] tegra-pcie 1003000.pcie-controller: 2x1, 1x1 configuration
[    1.668488] +3.3V_SYS: supplied by +VDD_MUX
[    1.672727] +3.3V_LP0: supplied by +3.3V_SYS
[    1.677349] +1.35V_LP0(sd2): supplied by +5V_SYS
[    1.682058] +1.05V_RUN_AVDD: supplied by +1.35V_LP0(sd2)
[    1.689356] tegra-pcie 1003000.pcie-controller: probing port 0, using 2 lanes
[    1.693207] mmc0: MAN_BKOPS_EN bit is not set
[    1.699755] mmc0: new high speed MMC card at address 0001
[    1.700598] mmcblk0: mmc0:0001 SEM16G 14.6 GiB 
[    1.700776] mmcblk0boot0: mmc0:0001 SEM16G partition 1 4.00 MiB
[    1.701214] mmcblk0boot1: mmc0:0001 SEM16G partition 2 4.00 MiB
[    1.701734] mmcblk0rpmb: mmc0:0001 SEM16G partition 3 4.00 MiB
[    1.730922] tegra-pcie 1003000.pcie-controller: Slot present pin change, signature: 00000008
[    1.740326] Primary GPT is invalid, using alternate GPT.
[    1.745718]  mmcblk0: p1 p2 p3 p4 p5 p6 p7 p8 p9
[    2.161518] tegra-pcie 1003000.pcie-controller: link 0 down, retrying
[    2.596694] tegra-pcie 1003000.pcie-controller: link 0 down, retrying
[    3.032207] tegra-pcie 1003000.pcie-controller: link 0 down, retrying
[    3.040838] tegra-pcie 1003000.pcie-controller: link 0 down, ignoring
[    3.047342] tegra-pcie 1003000.pcie-controller: probing port 1, using 1 lanes
[    3.056838] tegra-pcie 1003000.pcie-controller: Slot present pin change, signature: 00000000
[    3.490161] tegra-pcie 1003000.pcie-controller: link 1 down, retrying
[    3.925098] tegra-pcie 1003000.pcie-controller: link 1 down, retrying
[    4.360545] tegra-pcie 1003000.pcie-controller: link 1 down, retrying
[    4.369183] tegra-pcie 1003000.pcie-controller: link 1 down, ignoring
[    4.375917] tegra-pcie 1003000.pcie-controller: PCI host bridge to bus 0000:00
[    4.383154] pci_bus 0000:00: root bus resource [mem 0x13000000-0x1fffffff]
[    4.390037] pci_bus 0000:00: root bus resource [mem 0x20000000-0x3fffffff pref]
[    4.397350] pci_bus 0000:00: root bus resource [bus 00-ff]
[    4.402843] pci_bus 0000:00: root bus resource [io  0x1000-0xffff]
[    4.409057] PCI: bus0: Fast back to back transfers enabled
[    4.415308] +5V_HDMI_CON: supplied by +5V_SYS
[    4.419802] +1.05V_RUN_AVDD_HDMI_PLL: supplied by +1.05V_RUN
[    4.425600] +3.3V_RUN: supplied by +3.3V_SYS
[    4.429917] +3.3V_AVDD_HDMI_AP_GATED: supplied by +3.3V_RUN
[    4.437361] [drm] Supports vblank timestamp caching Rev 2 (21.10.2013).
[    4.444040] [drm] No driver support for vblank timestamp query.
[    4.550154] ------------[ cut here ]------------
[    4.550173] WARNING: CPU: 1 PID: 58 at drivers/gpu/drm/drm_irq.c:1323 drm_vblank_on+0xf0/0x118()
[    4.550178] Modules linked in:
[    4.550186] CPU: 1 PID: 58 Comm: kworker/u8:1 Not tainted 4.1.0-next-20150629-27202-ge398431 #1
[    4.550189] Hardware name: NVIDIA Tegra SoC (Flattened Device Tree)
[    4.550202] Workqueue: deferwq deferred_probe_work_func
[    4.550226] [<c0217d68>] (unwind_backtrace) from [<c02136d0>] (show_stack+0x10/0x14)
[    4.550241] [<c02136d0>] (show_stack) from [<c0960648>] (dump_stack+0x78/0x94)
[    4.550256] [<c0960648>] (dump_stack) from [<c024c374>] (warn_slowpath_common+0x74/0xb0)
[    4.550270] [<c024c374>] (warn_slowpath_common) from [<c024c3cc>] (warn_slowpath_null+0x1c/0x24)
[    4.550284] [<c024c3cc>] (warn_slowpath_null) from [<c05c30b4>] (drm_vblank_on+0xf0/0x118)
[    4.550298] [<c05c30b4>] (drm_vblank_on) from [<c05b8b14>] (drm_atomic_helper_commit_modeset_enables+0x8c/0x180)
[    4.550311] [<c05b8b14>] (drm_atomic_helper_commit_modeset_enables) from [<c05ffeac>] (tegra_atomic_complete+0x2c/0x50)
[    4.550322] [<c05ffeac>] (tegra_atomic_complete) from [<c05fff30>] (tegra_atomic_commit+0x60/0x90)
[    4.550333] [<c05fff30>] (tegra_atomic_commit) from [<c05da510>] (drm_atomic_commit+0x40/0x64)
[    4.550345] [<c05da510>] (drm_atomic_commit) from [<c05b8874>] (drm_atomic_helper_set_config+0x394/0x3ec)
[    4.550357] [<c05b8874>] (drm_atomic_helper_set_config) from [<c05ca6ac>] (drm_mode_set_config_internal+0x58/0xd4)
[    4.550368] [<c05ca6ac>] (drm_mode_set_config_internal) from [<c05bad00>] (restore_fbdev_mode+0xd4/0xf4)
[    4.550379] [<c05bad00>] (restore_fbdev_mode) from [<c05bc43c>] (drm_fb_helper_restore_fbdev_mode_unlocked+0x1c/0x5c)
[    4.550390] [<c05bc43c>] (drm_fb_helper_restore_fbdev_mode_unlocked) from [<c05bc494>] (drm_fb_helper_set_par+0x18/0x34)
[    4.550401] [<c05bc494>] (drm_fb_helper_set_par) from [<c050a5e8>] (fbcon_init+0x474/0x4dc)
[    4.550411] [<c050a5e8>] (fbcon_init) from [<c0573580>] (visual_init+0x9c/0xe8)
[    4.550422] [<c0573580>] (visual_init) from [<c0575538>] (do_bind_con_driver+0x134/0x354)
[    4.550431] [<c0575538>] (do_bind_con_driver) from [<c05758c8>] (do_take_over_console+0x170/0x1dc)
[    4.550440] [<c05758c8>] (do_take_over_console) from [<c050a6b4>] (do_fbcon_takeover+0x64/0xcc)
[    4.550452] [<c050a6b4>] (do_fbcon_takeover) from [<c0265254>] (notifier_call_chain+0x44/0x84)
[    4.550465] [<c0265254>] (notifier_call_chain) from [<c0265468>] (__blocking_notifier_call_chain+0x48/0x60)
[    4.550477] [<c0265468>] (__blocking_notifier_call_chain) from [<c0265498>] (blocking_notifier_call_chain+0x18/0x20)
[    4.550490] [<c0265498>] (blocking_notifier_call_chain) from [<c0514e4c>] (register_framebuffer+0x184/0x264)
[    4.550502] [<c0514e4c>] (register_framebuffer) from [<c05bc6f4>] (drm_fb_helper_initial_config+0x244/0x408)
[    4.550513] [<c05bc6f4>] (drm_fb_helper_initial_config) from [<c0601ac0>] (tegra_drm_fb_init+0x48/0xb4)
[    4.550524] [<c0601ac0>] (tegra_drm_fb_init) from [<c05ffdcc>] (tegra_drm_load+0x170/0x224)
[    4.550536] [<c05ffdcc>] (tegra_drm_load) from [<c05c53b0>] (drm_dev_register+0xa0/0x100)
[    4.550548] [<c05c53b0>] (drm_dev_register) from [<c05ff928>] (host1x_drm_probe+0x44/0xb0)
[    4.550561] [<c05ff928>] (host1x_drm_probe) from [<c05a7d08>] (host1x_device_probe+0x1c/0x28)
[    4.550576] [<c05a7d08>] (host1x_device_probe) from [<c0617050>] (driver_probe_device+0x1c8/0x26c)
[    4.550589] [<c0617050>] (driver_probe_device) from [<c0615758>] (bus_for_each_drv+0x44/0x8c)
[    4.550601] [<c0615758>] (bus_for_each_drv) from [<c0616e10>] (__device_attach+0x88/0xd8)
[    4.550613] [<c0616e10>] (__device_attach) from [<c06165d0>] (bus_probe_device+0x84/0x8c)
[    4.550624] [<c06165d0>] (bus_probe_device) from [<c0614afc>] (device_add+0x33c/0x524)
[    4.550636] [<c0614afc>] (device_add) from [<c05a7f14>] (host1x_subdev_register+0xb0/0xd4)
[    4.550649] [<c05a7f14>] (host1x_subdev_register) from [<c05a87d4>] (host1x_client_register+0xf4/0x11c)
[    4.550663] [<c05a87d4>] (host1x_client_register) from [<c0609760>] (tegra_hdmi_probe+0x170/0x250)
[    4.550674] [<c0609760>] (tegra_hdmi_probe) from [<c0618610>] (platform_drv_probe+0x48/0xa4)
[    4.550685] [<c0618610>] (platform_drv_probe) from [<c0617050>] (driver_probe_device+0x1c8/0x26c)
[    4.550697] [<c0617050>] (driver_probe_device) from [<c0615758>] (bus_for_each_drv+0x44/0x8c)
[    4.550708] [<c0615758>] (bus_for_each_drv) from [<c0616e10>] (__device_attach+0x88/0xd8)
[    4.550720] [<c0616e10>] (__device_attach) from [<c06165d0>] (bus_probe_device+0x84/0x8c)
[    4.550731] [<c06165d0>] (bus_probe_device) from [<c06169a8>] (deferred_probe_work_func+0x5c/0x88)
[    4.550745] [<c06169a8>] (deferred_probe_work_func) from [<c025f280>] (process_one_work+0x134/0x338)
[    4.550757] [<c025f280>] (process_one_work) from [<c025f4e0>] (worker_thread+0x28/0x4cc)
[    4.550767] [<c025f4e0>] (worker_thread) from [<c0264630>] (kthread+0xd8/0xf4)
[    4.550778] [<c0264630>] (kthread) from [<c0210a68>] (ret_from_fork+0x14/0x2c)
[    4.550782] ---[ end trace 480fa9e134bc60c7 ]---
[    4.661259] Console: switching to colour frame buffer device 512x135
[    5.203514] drm drm: fb0:  frame buffer device
[    5.207952] drm drm: registered panic notifier
[    5.223496] [drm] Initialized tegra 0.0.0 20120330 on minor 0
[    5.230376] +5V_SATA: supplied by +5V_SYS
[    5.234528] +12V_SATA: supplied by +VDD_MUX
[    5.239453] tegra-ahci 70027000.sata: AHCI 0001.0301 32 slots 2 ports 3 Gbps 0x1 impl platform mode
[    5.248530] tegra-ahci 70027000.sata: flags: 64bit ncq sntf pm led pio slum part sadm sds apst 
[    5.259436] scsi host0: tegra-ahci
[    5.264004] scsi host1: tegra-ahci
[    5.267726] ata1: SATA max UDMA/133 mmio [mem 0x70027000-0x70028fff] port 0x100 irq 341
[    5.275762] ata2: DUMMY
[    5.279435] +5V_USB_HS: supplied by +5V_SYS
[    5.284860] tegra-ehci 7d008000.usb: EHCI Host Controller
[    5.290318] tegra-ehci 7d008000.usb: new USB bus registered, assigned bus number 2
[    5.298099] tegra-ehci 7d008000.usb: irq 349, io mem 0x7d008000
[    5.313478] tegra-ehci 7d008000.usb: USB 2.0 started, EHCI 1.10
[    5.320445] hub 2-0:1.0: USB hub found
[    5.324288] hub 2-0:1.0: 1 port detected
[    5.329853] cpufreq: cpufreq_add_dev: CPU0: Running at unlisted freq: 696000 KHz
[    5.337335] cpufreq: cpufreq_add_dev: CPU0: Unlisted initial frequency changed to: 714000 KHz
[    5.346679] sdhci-tegra 700b0400.sdhci: Got CD GPIO
[    5.351587] sdhci-tegra 700b0400.sdhci: Got WP GPIO
[    5.356512] mmc1: Unknown controller version (3). You may experience problems.
[    5.363826] +VDDIO_SDMMC3: supplied by +3.3V_RUN
[    5.368502] sdhci-tegra 700b0400.sdhci: No vmmc regulator found
[    5.374444] mmc1: Invalid maximum block size, assuming 512 bytes
[    5.413613] mmc1: SDHCI controller on 700b0400.sdhci [700b0400.sdhci] using ADMA 64-bit
[    5.422271] input: gpio-keys as /devices/soc0/gpio-keys/input/input0
[    5.429407] as3722-rtc as3722-rtc: setting system clock to 2000-02-01 00:00:18 UTC (949363218)
[    5.442067] +USB0_VBUS_SW: disabling
[    5.445756] +1.8V_RUN_VPP_FUSE: disabling
[    5.449955] +2.8V_RUN_CAM_AF: disabling
[    5.453959] +3.3V_RUN_TOUCH: disabling
[    5.457801] +1.05V_RUN_CAM_REAR: disabling
[    5.462062] +1.2V_RUN_CAM_FRONT: disabling
[    5.466267] +2.8V_RUN_CAM: disabling
[    5.469933] +1.8V_RUN_CAM: disabling
[    5.603432] ata1: SATA link down (SStatus 0 SControl 300)
[    5.609516] EXT4-fs (mmcblk0p1): couldn't mount as ext3 due to feature incompatibilities
[    5.618074] EXT4-fs (mmcblk0p1): couldn't mount as ext2 due to feature incompatibilities
[    5.637083] EXT4-fs (mmcblk0p1): recovery complete
[    5.641952] EXT4-fs (mmcblk0p1): mounted filesystem with ordered data mode. Opts: (null)
[    5.641998] usb 2-1: new high-speed USB device number 2 using tegra-ehci
[    5.656938] VFS: Mounted root (ext4 filesystem) on device 179:1.
[    5.667411] devtmpfs: mounted
[    5.671067] Freeing unused kernel memory: 940K (c0d1b000 - c0e06000)
bash: cannot set terminal process group (-1): Inappropriate ioctl for device
bash: no job control in this shell
root@(none):/# 