[0000.742] [TegraBoot] (version 23.00.2015.14-mobile-1ef66670)
[0000.748] Processing in cold boot mode Bootloader 2
[0000.752] A01Q Bootrom Patch rev = 3
[0000.756] Power-up reason: pmu watchdog
[0000.759] No Battery Present
[0000.762] Platform has Ddr4 type ram
[0000.766] max77620 disabling SD1 Remote Sense
[0000.770] Setting Ddr voltage to 1125mv
[0000.774] Serial Number of Pmic Max77663: 0x40daf
[0000.782] Entering ramdump check
[0000.785] Get RamDumpCarveOut = 0x0
[0000.788] RamDumpCarveOut=0x0,  RamDumperFlag=0xe59ff3f8
[0000.793] Last reboot was clean, booting normally!
[0000.798] Sdram initialization is successful 
[0000.802] SecureOs Carveout Base=0xff800000 Size=0x00800000
[0000.807] GSC1 Carveout Base=0xff700000 Size=0x00100000
[0000.833] GSC2 Carveout Base=0xff600000 Size=0x00100000
[0000.859] GSC3 Carveout Base=0xff500000 Size=0x00100000
[0000.864] GSC4 Carveout Base=0xff400000 Size=0x00100000
[0000.869] GSC5 Carveout Base=0xff300000 Size=0x00100000
[0000.874] BpmpFw Carveout Base=0xff2c0000 Size=0x00040000
[0000.880] Lp0 Carveout Base=0xff2bf000 Size=0x00001000
[0000.895] RamDump Carveout Base=0xff23f000 Size=0x00080000
[0000.900] Platform-DebugCarveout: 0
[0000.904] Nck Carveout Base=0xff03f000 Size=0x00200000
[0000.954] Using GPT Primary to query partitions 
[0000.959] Loading Tboot-CPU binary
[0001.008] Verifying bootloader in OdmNonSecureSBK mode
[0001.018] Bootloader load address is 0xa0000000,                            entry address is 0xa0000258
[0001.027] Bootloader downloaded successfully.
[0001.031] Downloaded Tboot-CPU binary to 0xa0000258
[0001.037] MAX77620_GPIO1 Configured.
[0001.041] MAX77620_GPIO5 Configured.
[0001.044] CPU power rail is up
[0001.047] CPU clock enabled
[0001.051] Performing RAM repair
[0001.054] Updating A64 Warmreset Address to 0xa00002e9
[0001.073] Bootloader DTB Load Address: 0x83000000
[0001.090] Kernel DTB Load Address: 0x83080000
[0001.095] Loading cboot binary
[0001.189] Verifying bootloader in OdmNonSecureSBK mode
[0001.276] Bootloader load address is 0x8010fda8,                            entry address is 0x80110000
[0001.286] Bootloader downloaded successfully.
[0001.290] GPT: Partition NOT found ! 
[0001.293] Find Partition via GPT Failed
[0001.297] function NvTbootGetBinaryOffsets: 0x845208 error
[0001.302] Error in NvTbootLoadBinary: 0x845208 !
[0001.307] GPT: Partition NOT found ! 
[0001.310] No FB partition
[0001.313] Next binary entry address: 0x80110000 
[0001.317] BoardId: 2595
[0001.322] dram memory type is 3
[0001.328] WB0 init successful
[0001.354] Bpmp FW successfully loaded
[0001.358] Set NvDecSticky Bits
[0001.361] GSC1 address : ff700000
[0001.365] GSC2 address : ff600000
[0001.369] GSC3 address : ff500000
[0001.372] GSC4 address : ff400000
[0001.376] GSC5 address : ff300000
[0001.379] GSC MC Settings done
[0001.384] TOS old plaintext Image length 61440
[0001.391] *** Secure OS image signature not verified ***
[0001.396] Loading and Validation of Secure OS Successful
[0001.401] NvTbootPackSdramParams: start. 
[0001.406] NvTbootPackSdramParams: done. 
[0001.410] Tegraboot started after 735013 us
[0001.414] Basic modules init took 349484 us
[0001.418] Sec Bootdevice Read Time = 202 ms, Read Size = 8459 KB
[0001.423] Next stage binary read took 14363 us
[0001.428] Carveout took 252716 us
[0001.431] CPU initialization took 92333 us
[0001.435] Total time taken by TegraBoot 708896 us

[0001.439] Starting CPU & Halting co-processor 

64b[0001.575] LPDDR4 Training: Number of tables = 10
[0001.579] EMC Training (SRC-freq: 204000; DST-freq: 408000)
[0001.585] EMC Training Successful
[0001.588] EMC Training (SRC-freq: 204000; DST-freq: 665600)
[0001.594] EMC Training Successful
[0001.597] EMC Training (SRC-freq: 204000; DST-freq: 800000)
[0001.608] EMC Training Successful
[0001.612] EMC Training (SRC-freq: 204000; DST-freq: 1065600)
[0001.634] EMC Training Successful
[0001.637] EMC Training (SRC-freq: 204000; DST-freq: 1331200)
[0001.659] EMC Training Successful
[0001.662] EMC Training (SRC-freq: 204000; DST-freq: 1600000)
[0001.681] EMC Training Successful
[0001.685] Switching to 800000 KHz Success
[0001.718] LPDDR4 Training: Number of tables = 10


U-Boot 2015.07-rc2-g2ac3917 (Nov 09 2015 - 13:12:08 -0800)

TEGRA210
Model: NVIDIA P2371-0000
DRAM:  3 GiB
MC:   Tegra SD/MMC: 0, Tegra SD/MMC: 1
*** Warning - bad CRC, using default environment

In:    serial
Out:   serial
Err:   serial
Net:   Net Initialization Skipped
No ethernet found.
Hit any key to stop autoboot:  2  0 
Tegra210 (P2371-0000) # 
Tegra210 (P2371-0000) # ums 0 mmc 0
UMS: disk start sector: 0x0, count: 0x1d5a000
|/-\|/-\/-\|/-\/-\|/-\/-\|/-\/-\|/-\/-\|/-\/-\|/-\/-\|/-\/-\|/-\/-\|/-\/-\|/-\/-CTRL+C - Operation aborted
Tegra210 (P2371-0000) # 
Tegra210 (P2371-0000) # env set fdt_copy_node_names /cpus:/psci
Tegra210 (P2371-0000) # setenv rootpart 1
Tegra210 (P2371-0000) # setenv devtype mmc
Tegra210 (P2371-0000) # setenv devnum 0
Tegra210 (P2371-0000) # part uuid ${devtype} ${devnum}:${rootpart} uuid
Tegra210 (P2371-0000) # setenv bootargs ignore_loglevel console=ttyS0,115200n8 earlycon=uart8250,mmio32,0x70006000 rw root=PARTUUID=00000000-0001-0000-788f-a75600000000 rootwait debug earlyprintk init=/bin/bash
Tegra210 (P2371-0000) # load ${devtype} ${devnum}:${rootpart} ${kernel_addr_r} /boot/Image.defconfig
14987776 bytes read in 796 ms (18 MiB/s)
Tegra210 (P2371-0000) # load ${devtype} ${devnum}:${rootpart} ${fdt_addr_r} /boot/tegra210-p2371-0000.dtb
43755 bytes read in 454 ms (93.8 KiB/s)
Tegra210 (P2371-0000) # load ${devtype} ${devnum}:${rootpart} ${ramdisk_addr_r} /boot/tegra-ramdisk.img
1627787 bytes read in 495 ms (3.1 MiB/s)
Tegra210 (P2371-0000) # ramdisk_size=${filesize}
Tegra210 (P2371-0000) # booti ${kernel_addr_r} - ${fdt_addr_r}
## Flattened Device Tree blob at 82000000
   Booting using the fdt blob at 0x82000000
   Using Device Tree in place at 0000000082000000, end 000000008200daea

Starting kernel ...

[    0.000000] Booting Linux on physical CPU 0x0
[    0.000000] Linux version 4.9.0-rc8-next-20161208-164614-g6c6ea1d (pwalmsley@tamien) (gcc version 4.9.2 20140904 (prerelease) (crosstool-NG linaro-1.13.1-4.9-2014.09 - Linaro GCC 4.9-2014.09) ) #1 SMP PREEMPT Wed Dec 7 20:37:23 PST 2016
[    0.000000] Boot CPU: AArch64 Processor [411fd071]
[    0.000000] debug: ignoring loglevel setting.
[    0.000000] earlycon: uart8250 at MMIO32 0x0000000070006000 (options '')
[    0.000000] bootconsole [uart8250] enabled
[    0.000000] efi: Getting EFI parameters from FDT:
[    0.000000] efi: UEFI not found.
[    0.000000] cma: Reserved 16 MiB at 0x00000000fe000000
[    0.000000] On node 0 totalpages: 782848
[    0.000000]   DMA zone: 8192 pages used for memmap
[    0.000000]   DMA zone: 0 pages reserved
[    0.000000]   DMA zone: 520704 pages, LIFO batch:31
[    0.000000]   Normal zone: 4096 pages used for memmap
[    0.000000]   Normal zone: 262144 pages, LIFO batch:31
[    0.000000] psci: probing for conduit method from DT.
[    0.000000] psci: PSCIv0.2 detected in firmware.
[    0.000000] psci: Using standard PSCI v0.2 function IDs
[    0.000000] psci: MIGRATE_INFO_TYPE not supported.
[    0.000000] percpu: Embedded 21 pages/cpu @ffff8000bff58000 s48128 r8192 d29696 u86016
[    0.000000] pcpu-alloc: s48128 r8192 d29696 u86016 alloc=21*4096
[    0.000000] pcpu-alloc: [0] 0 [0] 1 [0] 2 [0] 3 
[    0.000000] Detected PIPT I-cache on CPU0
[    0.000000] CPU features: enabling workaround for ARM erratum 832075
[    0.000000] CPU features: enabling workaround for ARM erratum 834220
[    0.000000] Built 1 zonelists in Zone order, mobility grouping on.  Total pages: 770560
[    0.000000] Kernel command line: ignore_loglevel console=ttyS0,115200n8 earlycon=uart8250,mmio32,0x70006000 rw root=PARTUUID=00000000-0001-0000-788f-a75600000000 rootwait debug earlyprintk init=/bin/bash
[    0.000000] PID hash table entries: 4096 (order: 3, 32768 bytes)
[    0.000000] Dentry cache hash table entries: 524288 (order: 10, 4194304 bytes)
[    0.000000] Inode-cache hash table entries: 262144 (order: 9, 2097152 bytes)
[    0.000000] software IO TLB [mem 0xfa000000-0xfe000000] (64MB) mapped at [ffff80007a000000-ffff80007dffffff]
[    0.000000] Memory: 2977928K/3131392K available (8508K kernel code, 940K rwdata, 4100K rodata, 1024K init, 425K bss, 137080K reserved, 16384K cma-reserved)
[    0.000000] Virtual kernel memory layout:
[    0.000000]     modules : 0xffff000000000000 - 0xffff000008000000   (   128 MB)
[    0.000000]     vmalloc : 0xffff000008000000 - 0xffff7dffbfff0000   (129022 GB)
[    0.000000]       .text : 0xffff000008080000 - 0xffff0000088d0000   (  8512 KB)
[    0.000000]     .rodata : 0xffff0000088d0000 - 0xffff000008ce0000   (  4160 KB)
[    0.000000]       .init : 0xffff000008ce0000 - 0xffff000008de0000   (  1024 KB)
[    0.000000]       .data : 0xffff000008de0000 - 0xffff000008ecb200   (   941 KB)
[    0.000000]        .bss : 0xffff000008ecb200 - 0xffff000008f356a0   (   426 KB)
[    0.000000]     fixed   : 0xffff7dfffe7fd000 - 0xffff7dfffec00000   (  4108 KB)
[    0.000000]     PCI I/O : 0xffff7dfffee00000 - 0xffff7dffffe00000   (    16 MB)
[    0.000000]     vmemmap : 0xffff7e0000000000 - 0xffff800000000000   (  2048 GB maximum)
[    0.000000]               0xffff7e0000000000 - 0xffff7e0003000000   (    48 MB actual)
[    0.000000]     memory  : 0xffff800000000000 - 0xffff8000c0000000   (  3072 MB)
[    0.000000] SLUB: HWalign=64, Order=0-3, MinObjects=0, CPUs=4, Nodes=1
[    0.000000] Preemptible hierarchical RCU implementation.
[    0.000000] 	Build-time adjustment of leaf fanout to 64.
[    0.000000] 	RCU restricting CPUs from NR_CPUS=64 to nr_cpu_ids=4.
[    0.000000] RCU: Adjusting geometry for rcu_fanout_leaf=64, nr_cpu_ids=4
[    0.000000] NR_IRQS:64 nr_irqs:64 0
[    0.000000] GIC: Using split EOI/Deactivate mode
[    0.000000] /interrupt-controller@60004000: 192 interrupts forwarded to /interrupt-controller@50041000
[    0.000000] PLL_MB already enabled. Postponing set full defaults
[    0.000000] PLL_U already enabled. Postponing set full defaults
[    0.000000] PLL_P already enabled. Postponing set full defaults
[    0.000000] PLL_X already enabled. Postponing set full defaults
[    0.000000] boot misc1 0x0: expected 0x20
[    0.000000]  (comparison mask = 0xffffff)
[    0.000000] arm_arch_timer: Architected cp15 timer(s) running at 19.20MHz (phys).
[    0.000000] clocksource: arch_sys_counter: mask: 0xffffffffffffff max_cycles: 0x46d987e47, max_idle_ns: 440795202767 ns
[    0.000005] sched_clock: 56 bits at 19MHz, resolution 52ns, wraps every 4398046511078ns
[    0.008433] Console: colour dummy device 80x25
[    0.013050] Calibrating delay loop (skipped), value calculated using timer frequency.. 38.40 BogoMIPS (lpj=76800)
[    0.023669] pid_max: default: 32768 minimum: 301
[    0.028504] Security Framework initialized
[    0.032776] Mount-cache hash table entries: 8192 (order: 4, 65536 bytes)
[    0.039712] Mountpoint-cache hash table entries: 8192 (order: 4, 65536 bytes)
[    0.059147] ASID allocator initialised with 65536 entries
[    0.085603] Speedo Revision 4
[    0.088684] Tegra Revision: A01 SKU: 1 CPU Process: -22 SoC Process: -22
[    0.096339] EFI services will not be available.
[    0.117070] smp: Bringing up secondary CPUs ...
[    0.153902] Detected PIPT I-cache on CPU1
[    0.153943] CPU1: Booted secondary processor [411fd071]
[    0.185966] Detected PIPT I-cache on CPU2
[    0.185996] CPU2: Booted secondary processor [411fd071]
[    0.218039] Detected PIPT I-cache on CPU3
[    0.218070] CPU3: Booted secondary processor [411fd071]
[    0.218130] smp: Brought up 1 node, 4 CPUs
[    0.250992] SMP: Total of 4 processors activated.
[    0.255861] CPU features: detected feature: 32-bit EL0 Support
[    0.261933] CPU: All CPU(s) started at EL2
[    0.266182] alternatives: patching kernel code
[    0.274508] devtmpfs: initialized
[    0.285906] DMI not present or invalid.
[    0.290068] clocksource: jiffies: mask: 0xffffffff max_cycles: 0xffffffff, max_idle_ns: 7645041785100000 ns
[    0.300518] pinctrl core: initialized pinctrl subsystem
[    0.307296] NET: Registered protocol family 16
[    0.313170] cpuidle: using governor menu
[    0.317861] vdso: 2 pages (1 code @ ffff0000088d7000, 1 data @ ffff000008de5000)
[    0.325531] hw-breakpoint: found 6 breakpoint and 4 watchpoint registers.
[    0.333433] DMA: preallocated 256 KiB pool for atomic allocations
[    0.341115] Serial: AMBA PL011 UART driver
[    0.365682] HugeTLB registered 2 MB page size, pre-allocated 0 pages
[    0.373267] ACPI: Interpreter disabled.
[    0.378302] vgaarb: loaded
[    0.381870] SCSI subsystem initialized
[    0.386220] libata version 3.00 loaded.
[    0.390704] usbcore: registered new interface driver usbfs
[    0.396466] usbcore: registered new interface driver hub
[    0.402121] usbcore: registered new device driver usb
[    0.408332] pps_core: LinuxPPS API ver. 1 registered
[    0.413499] pps_core: Software ver. 5.3.6 - Copyright 2005-2007 Rodolfo Giometti <giometti@linux.it>
[    0.422991] PTP clock support registered
[    0.427372] dmi: Firmware registration failed.
[    0.432204] Advanced Linux Sound Architecture Driver Initialized.
[    0.439345] clocksource: Switched to clocksource arch_sys_counter
[    0.445768] VFS: Disk quotas dquot_6.6.0
[    0.449885] VFS: Dquot-cache hash table entries: 512 (order 0, 4096 bytes)
[    0.457264] pnp: PnP ACPI: disabled
[    0.470634] NET: Registered protocol family 2
[    0.475602] TCP established hash table entries: 32768 (order: 6, 262144 bytes)
[    0.483284] TCP bind hash table entries: 32768 (order: 7, 524288 bytes)
[    0.490391] TCP: Hash tables configured (established 32768 bind 32768)
[    0.497224] UDP hash table entries: 2048 (order: 4, 65536 bytes)
[    0.503485] UDP-Lite hash table entries: 2048 (order: 4, 65536 bytes)
[    0.510310] NET: Registered protocol family 1
[    0.515095] RPC: Registered named UNIX socket transport module.
[    0.521239] RPC: Registered udp transport module.
[    0.526110] RPC: Registered tcp transport module.
[    0.530980] RPC: Registered tcp NFSv4.1 backchannel transport module.
[    0.537662] PCI: CLS 0 bytes, default 128
[    0.542445] kvm [1]: 8-bit VMID
[    0.545710] kvm [1]: IDMAP page: 808b7000
[    0.549863] kvm [1]: HYP VA range: 800000000000:ffffffffffff
[    0.556703] kvm [1]: Hyp mode initialized successfully
[    0.562076] kvm [1]: vgic-v2@50044000
[    0.565983] kvm [1]: vgic interrupt IRQ1
[    0.570066] kvm [1]: virtual timer IRQ4
[    0.576482] futex hash table entries: 1024 (order: 5, 131072 bytes)
[    0.583046] audit: initializing netlink subsys (disabled)
[    0.588720] audit: type=2000 audit(0.527:1): initialized
[    0.589151] workingset: timestamp_bits=46 max_order=20 bucket_order=0
[    0.599438] squashfs: version 4.0 (2009/01/31) Phillip Lougher
[    0.600234] NFS: Registering the id_resolver key type
[    0.600249] Key type id_resolver registered
[    0.600251] Key type id_legacy registered
[    0.600261] nfs4filelayout_init: NFSv4 File Layout Driver Registering...
[    0.600423] 9p: Installing v9fs 9p2000 file system support
[    0.618095] Block layer SCSI generic (bsg) driver version 0.4 loaded (major 247)
[    0.618101] io scheduler noop registered
[    0.618308] io scheduler cfq registered (default)
[    0.632295] tegra-apbdma 60020000.dma: Tegra20 APB DMA driver register 32 channels
[    0.633256] tegra-pmc 7000e400.pmc: i2c-thermtrip node not found, emergency thermal reset disabled.
[    0.633443] xenfs: not registering filesystem on non-xen platform
[    0.636779] Serial: 8250/16550 driver, 4 ports, IRQ sharing enabled
[    0.638705] console [ttyS0] disabled
[    0.683719] 70006000.serial: ttyS0 at MMIO 0x70006000 (irq = 312, base_baud = 25500000) is a Tegra
[    0.693033] console [ttyS0] enabled
[    0.693033] console [ttyS0] enabled
[    0.700119] bootconsole [uart8250] disabled
[    0.700119] bootconsole [uart8250] disabled
[    0.708993] SuperH (H)SCI(F) driver initialized
[    0.713770] msm_serial: driver initialized
[    0.718215] cacheinfo: Unable to detect cache hierarchy for CPU 0
[    0.728828] loop: module loaded
[    0.732853] hisi_sas: driver version v1.6
[    0.739501] libphy: Fixed MDIO Bus: probed
[    0.744331] tun: Universal TUN/TAP device driver, 1.6
[    0.749391] tun: (C) 1999-2004 Max Krasnyansky <maxk@qualcomm.com>
[    0.756589] e1000e: Intel(R) PRO/1000 Network Driver - 3.2.6-k
[    0.762428] e1000e: Copyright(c) 1999 - 2015 Intel Corporation.
[    0.768431] igb: Intel(R) Gigabit Ethernet Network Driver - version 5.4.0-k
[    0.775392] igb: Copyright (c) 2007-2014 Intel Corporation.
[    0.781039] igbvf: Intel(R) Gigabit Virtual Function Network Driver - version 2.4.0-k
[    0.788867] igbvf: Copyright (c) 2009 - 2012 Intel Corporation.
[    0.794860] sky2: driver version 1.30
[    0.799075] VFIO - User Level meta-driver version: 0.3
[    0.805549] ehci_hcd: USB 2.0 'Enhanced' Host Controller (EHCI) Driver
[    0.812081] ehci-pci: EHCI PCI platform driver
[    0.816600] ehci-platform: EHCI generic platform driver
[    0.821940] ehci-exynos: EHCI EXYNOS driver
[    0.826225] ehci-msm: Qualcomm On-Chip EHCI Host Controller
[    0.831891] ohci_hcd: USB 1.1 'Open' Host Controller (OHCI) Driver
[    0.838085] ohci-pci: OHCI PCI platform driver
[    0.842604] ohci-platform: OHCI generic platform driver
[    0.847932] ohci-exynos: OHCI EXYNOS driver
[    0.852598] usbcore: registered new interface driver usb-storage
[    0.859649] mousedev: PS/2 mouse device common for all mice
[    0.866198] tegra_rtc 7000e000.rtc: rtc core: registered 7000e000.rtc as rtc1
[    0.873381] tegra_rtc 7000e000.rtc: Tegra internal Real Time Clock
[    0.879673] i2c /dev entries driver
[    0.885055] sdhci: Secure Digital Host Controller Interface driver
[    0.891252] sdhci: Copyright(c) Pierre Ossman
[    0.895803] Synopsys Designware Multimedia Card Interface Driver
[    0.902243] sdhci-pltfm: SDHCI platform and OF driver helper
[    0.908120] mmc0: Unknown controller version (3). You may experience problems.
[    0.959372] mmc0: SDHCI controller on 700b0600.sdhci [700b0600.sdhci] using ADMA 64-bit
[    0.970031] ledtrig-cpu: registered to indicate activity on CPUs
[    0.980141] usbcore: registered new interface driver usbhid
[    0.985736] usbhid: USB HID core driver
[    0.990987] NET: Registered protocol family 17
[    0.995541] 9pnet: Installing 9P2000 support
[    1.000927] Key type dns_resolver registered
[    1.011796] registered taskstats version 1
[    1.022906] hctosys: unable to open rtc device (rtc0)
[    1.028470] ALSA device list:
[    1.031447]   No soundcards found.
[    1.035087] Waiting for root device PARTUUID=00000000-0001-0000-788f-a75600000000...
[    1.055971] mmc0: new high speed MMC card at address 0001
[    1.061765] mmcblk0: mmc0:0001 SDW16G 14.7 GiB 
[    1.070494] mmcblk0boot0: mmc0:0001 SDW16G partition 1 4.00 MiB
[    1.076604] mmcblk0boot1: mmc0:0001 SDW16G partition 2 4.00 MiB
[    1.082710] mmcblk0rpmb: mmc0:0001 SDW16G partition 3 4.00 MiB
[    1.090811]  mmcblk0: p1 p2 p3 p4 p5 p6 p7 p8 p9 p10 p11 p12 p13 p14 p15 p16 p17 p18
[    1.149457] EXT4-fs (mmcblk0p1): couldn't mount as ext3 due to feature incompatibilities
[    1.172661] EXT4-fs (mmcblk0p1): mounted filesystem with ordered data mode. Opts: (null)
[    1.180782] VFS: Mounted root (ext4 filesystem) on device 179:1.
[    1.192146] devtmpfs: mounted
[    1.195714] Freeing unused kernel memory: 1024K
bash: cannot set terminal process group (-1): Inappropriate ioctl for device
bash: no job contr[    1.359879] random: fast init done
ol in this shell
root@(none):/# 