
U-Boot SPL 2014.07-00097-g772e173 (Jul 25 2014 - 20:02:52)


U-Boot 2014.07-00097-g772e173 (Jul 25 2014 - 20:02:52)

TEGRA124
Board: NVIDIA Jetson TK1
I2C:   ready
DRAM:  2 GiB
MMC:   Tegra SD/MMC: 0, Tegra SD/MMC: 1
In:    serial
Out:   serial
Err:   serial
Net:   Net Initialization Skipped
No ethernet found.
Hit any key to stop autoboot:  2  0 
Tegra124 (Jetson TK1) # 
Tegra124 (Jetson TK1) # usb reset
(Re)start USB...
USB0:   USB EHCI 1.10
scanning bus 0 for devices... 1 USB Device(s) found
USB1:   USB EHCI 1.10
scanning bus 1 for devices... 2 USB Device(s) found
       scanning usb for storage devices... 0 Storage Device(s) found
       scanning usb for ethernet devices... 
Warning: asx0 using MAC address from net device
1 Ethernet Device(s) found
Tegra124 (Jetson TK1) # setenv bootargs 'ignore_loglevel console=ttyS0,115200n8 rw root=/dev/mmcblk0p1 rootwait gpt debug init=/bin/bash noinitrd'
Tegra124 (Jetson TK1) # setenv ipaddr 192.168.100.102; setenv serverip 192.168.100.1; setenv tftpserverip 192.168.100.1
Tegra124 (Jetson TK1) # tftpboot 0x81000000 zImage.multi_v7_defconfig
Using asx0 device
TFTP from server 192.168.100.1; our IP address is 192.168.100.102
Filename 'zImage.multi_v7_defconfig'.
Load address: 0x81000000
Loading: *#################################################################
	 #################################################################
	 #################################################################
	 #################################################################
	 #################################################################
	 #######################################
	 2.8 MiB/s
done
Bytes transferred = 5340096 (517bc0 hex)
Tegra124 (Jetson TK1) # tftpboot 0x82000000 tegra124-jetson-tk1.dtb
Using asx0 device
TFTP from server 192.168.100.1; our IP address is 192.168.100.102
Filename 'tegra124-jetson-tk1.dtb'.
Load address: 0x82000000
Loading: *####
	 2.7 MiB/s
done
Bytes transferred = 48590 (bdce hex)
Tegra124 (Jetson TK1) # bootz 0x81000000 - 0x82000000
Kernel image @ 0x81000000 [ 0x000000 - 0x517bc0 ]
## Flattened Device Tree blob at 82000000
   Booting using the fdt blob at 0x82000000
   Using Device Tree in place at 82000000, end 8200edcd

Starting kernel ...

[    0.000000] Booting Linux on physical CPU 0x0
[    0.000000] Linux version 3.18.0-rc4-next-20141114-100059-gd7e5a72 (pwalmsley@tamien) (gcc version 4.7.3 20130328 (prerelease) (crosstool-NG linaro-1.13.1-4.7-2013.04-20130415 - Linaro GCC 2013.04) ) #1 SMP Fri Nov 14 00:48:34 PST 2014
[    0.000000] CPU: ARMv7 Processor [413fc0f3] revision 3 (ARMv7), cr=10c5387d
[    0.000000] CPU: PIPT / VIPT nonaliasing data cache, PIPT instruction cache
[    0.000000] Machine model: NVIDIA Tegra124 Jetson TK1
[    0.000000] debug: ignoring loglevel setting.
[    0.000000] cma: Reserved 64 MiB at 0xfb800000
[    0.000000] Memory policy: Data cache writealloc
[    0.000000] On node 0 totalpages: 524032
[    0.000000] free_area_init_node: node 0, pgdat c0d5bfc0, node_mem_map ee7f8000
[    0.000000]   DMA zone: 1520 pages used for memmap
[    0.000000]   DMA zone: 0 pages reserved
[    0.000000]   DMA zone: 194560 pages, LIFO batch:31
[    0.000000]   HighMem zone: 2574 pages used for memmap
[    0.000000]   HighMem zone: 329472 pages, LIFO batch:31
[    0.000000] PERCPU: Embedded 10 pages/cpu @ee79e000 s8512 r8192 d24256 u40960
[    0.000000] pcpu-alloc: s8512 r8192 d24256 u40960 alloc=10*4096
[    0.000000] pcpu-alloc: [0] 0 [0] 1 [0] 2 [0] 3 
[    0.000000] Built 1 zonelists in Zone order, mobility grouping on.  Total pages: 522512
[    0.000000] Kernel command line: ignore_loglevel console=ttyS0,115200n8 rw root=/dev/mmcblk0p1 rootwait gpt debug init=/bin/bash noinitrd
[    0.000000] PID hash table entries: 4096 (order: 2, 16384 bytes)
[    0.000000] Dentry cache hash table entries: 131072 (order: 7, 524288 bytes)
[    0.000000] Inode-cache hash table entries: 65536 (order: 6, 262144 bytes)
[    0.000000] Memory: 2001244K/2096128K available (6904K kernel code, 918K rwdata, 2840K rodata, 748K init, 314K bss, 29348K reserved, 65536K cma-reserved, 1252352K highmem)
[    0.000000] Virtual kernel memory layout:
[    0.000000]     vector  : 0xffff0000 - 0xffff1000   (   4 kB)
[    0.000000]     fixmap  : 0xffc00000 - 0xffe00000   (2048 kB)
[    0.000000]     vmalloc : 0xf0000000 - 0xff000000   ( 240 MB)
[    0.000000]     lowmem  : 0xc0000000 - 0xef800000   ( 760 MB)
[    0.000000]     pkmap   : 0xbfe00000 - 0xc0000000   (   2 MB)
[    0.000000]     modules : 0xbf000000 - 0xbfe00000   (  14 MB)
[    0.000000]       .text : 0xc0208000 - 0xc0b8c414   (9746 kB)
[    0.000000]       .init : 0xc0b8d000 - 0xc0c48000   ( 748 kB)
[    0.000000]       .data : 0xc0c48000 - 0xc0d2d8a0   ( 919 kB)
[    0.000000]        .bss : 0xc0d2d8a0 - 0xc0d7c128   ( 315 kB)
[    0.000000] SLUB: HWalign=64, Order=0-3, MinObjects=0, CPUs=4, Nodes=1
[    0.000000] Hierarchical RCU implementation.
[    0.000000] 	RCU restricting CPUs from NR_CPUS=8 to nr_cpu_ids=4.
[    0.000000] RCU: Adjusting geometry for rcu_fanout_leaf=16, nr_cpu_ids=4
[    0.000000] NR_IRQS:16 nr_irqs:16 16
[    0.000000] L2C: failed to init: -19
[    0.000009] sched_clock: 32 bits at 1000kHz, resolution 1000ns, wraps every 2147483648000ns
[    0.000029] Switching to timer-based delay loop, resolution 1000ns
[    0.003675] Architected cp15 timer(s) running at 12.00MHz (virt).
[    0.003699] sched_clock: 56 bits at 12MHz, resolution 83ns, wraps every 2863311536128ns
[    0.003712] Switching to timer-based delay loop, resolution 83ns
[    0.004085] Console: colour dummy device 80x30
[    0.004108] Calibrating delay loop (skipped), value calculated using timer frequency.. 24.00 BogoMIPS (lpj=60000)
[    0.004123] pid_max: default: 32768 minimum: 301
[    0.004242] Mount-cache hash table entries: 2048 (order: 1, 8192 bytes)
[    0.004254] Mountpoint-cache hash table entries: 2048 (order: 1, 8192 bytes)
[    0.004777] CPU: Testing write buffer coherency: ok
[    0.004983] /cpus/cpu@0 missing clock-frequency property
[    0.005017] /cpus/cpu@1 missing clock-frequency property
[    0.005052] /cpus/cpu@2 missing clock-frequency property
[    0.005086] /cpus/cpu@3 missing clock-frequency property
[    0.005098] CPU0: thread -1, cpu 0, socket 0, mpidr 80000000
[    0.005139] Setting up static identity map for 0x80885780 - 0x80885818
[    0.007381] Tegra Revision: A01 SKU: 129 CPU Process: 1 Core Process: 1
[    0.008471] CPU1: Booted secondary processor
[    0.008497] CPU1: thread -1, cpu 1, socket 0, mpidr 80000001
[    0.008969] CPU2: Booted secondary processor
[    0.008993] CPU2: thread -1, cpu 2, socket 0, mpidr 80000002
[    0.009471] CPU3: Booted secondary processor
[    0.009495] CPU3: thread -1, cpu 3, socket 0, mpidr 80000003
[    0.009557] Brought up 4 CPUs
[    0.009584] SMP: Total of 4 processors activated.
[    0.009592] CPU: All CPU(s) started in SVC mode.
[    0.010131] devtmpfs: initialized
[    0.014896] VFP support v0.3: implementor 41 architecture 4 part 30 variant f rev 0
[    0.016707] pinctrl core: initialized pinctrl subsystem
[    0.032546] NET: Registered protocol family 16
[    0.034541] DMA: preallocated 256 KiB pool for atomic coherent allocations
[    0.048484] cpuidle: using governor ladder
[    0.063498] cpuidle: using governor menu
[    0.077567] No ATAGs?
[    0.077599] hw-breakpoint: found 5 (+1 reserved) breakpoint and 4 watchpoint registers.
[    0.077610] hw-breakpoint: maximum watchpoint size is 8 bytes.
[    0.081012] Serial: AMBA PL011 UART driver
[    0.112675] +5V_SYS: supplied by +VDD_MUX
[    0.112958] +3.3V_SYS: supplied by +VDD_MUX
[    0.113099] platform regulators:regulator@3: Driver reg-fixed-voltage requests probe deferral
[    0.113310] reg-fixed-voltage regulators:regulator@4: Failed to find supply vin
[    0.113423] reg-fixed-voltage regulators:regulator@4: Failed to register regulator: -517
[    0.113445] platform regulators:regulator@4: Driver reg-fixed-voltage requests probe deferral
[    0.113636] +USB0_VBUS_SW: Failed to request enable GPIO108: -517
[    0.113728] reg-fixed-voltage regulators:regulator@7: Failed to register regulator: -517
[    0.113749] platform regulators:regulator@7: Driver reg-fixed-voltage requests probe deferral
[    0.113916] +5V_USB_HS: Failed to request enable GPIO109: -517
[    0.114005] reg-fixed-voltage regulators:regulator@8: Failed to register regulator: -517
[    0.114026] platform regulators:regulator@8: Driver reg-fixed-voltage requests probe deferral
[    0.114103] platform regulators:regulator@10: Driver reg-fixed-voltage requests probe deferral
[    0.114270] +1.05V_RUN_AVDD_HDMI_PLL: Failed to request enable GPIO63: -517
[    0.114360] reg-fixed-voltage regulators:regulator@11: Failed to register regulator: -517
[    0.114380] platform regulators:regulator@11: Driver reg-fixed-voltage requests probe deferral
[    0.114545] +5V_HDMI_CON: Failed to request enable GPIO86: -517
[    0.114633] reg-fixed-voltage regulators:regulator@12: Failed to register regulator: -517
[    0.114653] platform regulators:regulator@12: Driver reg-fixed-voltage requests probe deferral
[    0.114817] +5V_SATA: Failed to request enable GPIO242: -517
[    0.114906] reg-fixed-voltage regulators:regulator@13: Failed to register regulator: -517
[    0.114927] platform regulators:regulator@13: Driver reg-fixed-voltage requests probe deferral
[    0.115092] +12V_SATA: Failed to request enable GPIO242: -517
[    0.115180] reg-fixed-voltage regulators:regulator@14: Failed to register regulator: -517
[    0.115201] platform regulators:regulator@14: Driver reg-fixed-voltage requests probe deferral
[    0.117528] vgaarb: loaded
[    0.118188] SCSI subsystem initialized
[    0.118367] libata version 3.00 loaded.
[    0.118702] usbcore: registered new interface driver usbfs
[    0.118771] usbcore: registered new interface driver hub
[    0.118845] usbcore: registered new device driver usb
[    0.122046] Linux video capture interface: v2.00
[    0.122099] pps_core: LinuxPPS API ver. 1 registered
[    0.122107] pps_core: Software ver. 5.3.6 - Copyright 2005-2007 Rodolfo Giometti <giometti@linux.it>
[    0.122144] PTP clock support registered
[    0.122374] EDAC MC: Ver: 3.0.0
[    0.123198] Advanced Linux Sound Architecture Driver Initialized.
[    0.124267] Switched to clocksource arch_sys_counter
[    0.134879] NET: Registered protocol family 2
[    0.135439] TCP established hash table entries: 8192 (order: 3, 32768 bytes)
[    0.135529] TCP bind hash table entries: 8192 (order: 4, 65536 bytes)
[    0.135716] TCP: Hash tables configured (established 8192 bind 8192)
[    0.135765] TCP: reno registered
[    0.135779] UDP hash table entries: 512 (order: 2, 16384 bytes)
[    0.135820] UDP-Lite hash table entries: 512 (order: 2, 16384 bytes)
[    0.136004] NET: Registered protocol family 1
[    0.136223] RPC: Registered named UNIX socket transport module.
[    0.136233] RPC: Registered udp transport module.
[    0.136240] RPC: Registered tcp transport module.
[    0.136248] RPC: Registered tcp NFSv4.1 backchannel transport module.
[    0.136266] PCI: CLS 0 bytes, default 64
[    0.138478] futex hash table entries: 1024 (order: 4, 65536 bytes)
[    0.150548] squashfs: version 4.0 (2009/01/31) Phillip Lougher
[    0.151280] NFS: Registering the id_resolver key type
[    0.151308] Key type id_resolver registered
[    0.151318] Key type id_legacy registered
[    0.151790] bounce: pool size: 64 pages
[    0.152010] Block layer SCSI generic (bsg) driver version 0.4 loaded (major 249)
[    0.152028] io scheduler noop registered
[    0.152044] io scheduler deadline registered
[    0.152084] io scheduler cfq registered (default)
[    0.165425] tegra-pcie 1003000.pcie-controller: 2x1, 1x1 configuration
[    0.165475] tegra-pcie 1003000.pcie-controller: Failed to get supply 'avddio-pex': -517
[    0.165511] platform 1003000.pcie-controller: Driver tegra-pcie requests probe deferral
[    0.170256] tegra-apbdma 60020000.dma: Tegra20 APB DMA driver register 32 channels
[    0.233628] Serial: 8250/16550 driver, 4 ports, IRQ sharing disabled
[    0.235991] msm_serial: driver initialized
[    0.236831] console [ttyS0] disabled
[    0.236870] of_serial 70006300.serial: ttyS0 at MMIO 0x70006300 (irq = 122, base_baud = 25500000) is a Tegra
[    1.125908] console [ttyS0] enabled
[    1.130196] STMicroelectronics ASC driver initialized
[    1.136331] [drm] Initialized drm 1.1.0 20060810
[    1.142420] tegra-hdmi 54280000.hdmi: failed to get HDMI regulator
[    1.148630] platform 54280000.hdmi: Driver tegra-hdmi requests probe deferral
[    1.158196] error detecting cacheinfo..cpu0
[    1.166141] loop: module loaded
[    1.169590] at24: probe of 0-0056 failed with error -22
[    1.176054] as3722 4-0040: AS3722 with revision 0x1 found
[    1.186994] +1.35V_LP0(sd2): supplied by +5V_SYS
[    1.192167] +1.35V_LP0(sd3): supplied by +5V_SYS
[    1.197333] +1.05V_RUN: supplied by +5V_SYS
[    1.201938] +1.8V_VDDIO: supplied by +5V_SYS
[    1.208000] +1.05V_RUN_AVDD: supplied by +1.35V_LP0(sd2)
[    1.214335] as3722-regulator as3722-regulator: Failed to find supply vin-ldo1-6
[    1.221757] as3722-regulator as3722-regulator: regulator 8 register failed -517
[    1.230307] platform as3722-regulator: Driver as3722-regulator requests probe deferral
[    1.240327] tegra-ahci 70027000.sata: Failed to get supply 'avdd': -517
[    1.246953] tegra-ahci 70027000.sata: Failed to get regulators
[    1.252819] platform 70027000.sata: Driver tegra-ahci requests probe deferral
[    1.263285] m25p80 spi32765.0: w25q32dw (4096 Kbytes)
[    1.270208] CAN device driver interface
[    1.275050] igb: Intel(R) Gigabit Ethernet Network Driver - version 5.2.15-k
[    1.282099] igb: Copyright (c) 2007-2014 Intel Corporation.
[    1.289420] pegasus: v0.9.3 (2013/04/25), Pegasus/Pegasus II USB Ethernet driver
[    1.296868] usbcore: registered new interface driver pegasus
[    1.302600] usbcore: registered new interface driver asix
[    1.308058] usbcore: registered new interface driver ax88179_178a
[    1.314203] usbcore: registered new interface driver cdc_ether
[    1.320110] usbcore: registered new interface driver smsc75xx
[    1.325928] usbcore: registered new interface driver smsc95xx
[    1.331725] usbcore: registered new interface driver net1080
[    1.337436] usbcore: registered new interface driver cdc_subset
[    1.343406] usbcore: registered new interface driver zaurus
[    1.349072] usbcore: registered new interface driver cdc_ncm
[    1.355058] ehci_hcd: USB 2.0 'Enhanced' Host Controller (EHCI) Driver
[    1.361592] ehci-pci: EHCI PCI platform driver
[    1.366092] ehci-platform: EHCI generic platform driver
[    1.371504] ehci-omap: OMAP-EHCI Host Controller driver
[    1.376866] ehci-orion: EHCI orion driver
[    1.381014] SPEAr-ehci: EHCI SPEAr driver
[    1.385166] tegra-ehci: Tegra EHCI driver
[    1.389440] platform 7d004000.usb: Driver tegra-ehci requests probe deferral
[    1.396605] platform 7d008000.usb: Driver tegra-ehci requests probe deferral
[    1.403733] ohci_hcd: USB 1.1 'Open' Host Controller (OHCI) Driver
[    1.409930] ohci-pci: OHCI PCI platform driver
[    1.414433] ohci-platform: OHCI generic platform driver
[    1.419801] ohci-omap3: OHCI OMAP3 driver
[    1.423944] SPEAr-ohci: OHCI SPEAr driver
[    1.428495] usbcore: registered new interface driver usb-storage
[    1.434694] tegra-phy 7d004000.usb-phy: no vbus regulator
[    1.440357] platform 7d008000.usb-phy: Driver tegra-phy requests probe deferral
[    1.449088] mousedev: PS/2 mouse device common for all mice
[    1.457904] as3722-rtc as3722-rtc: rtc core: registered as3722-rtc as rtc0
[    1.464796] as3722-rtc as3722-rtc: RTC interrupt 464
[    1.472823] tegra_rtc 7000e000.rtc: rtc core: registered 7000e000.rtc as rtc1
[    1.479982] tegra_rtc 7000e000.rtc: Tegra internal Real Time Clock
[    1.486716] i2c /dev entries driver
[    1.492409] usbcore: registered new interface driver uvcvideo
[    1.498162] USB Video Class driver (1.1.1)
[    1.502269] gspca_main: v2.14.0 registered
[    1.507384] 0-004c supply vcc not found, using dummy regulator
[    1.517667] Driver 'mmcblk' needs updating - please use bus_type methods
[    1.524466] sdhci: Secure Digital Host Controller Interface driver
[    1.530650] sdhci: Copyright(c) Pierre Ossman
[    1.535999] Synopsys Designware Multimedia Card Interface Driver
[    1.542908] sdhci-pltfm: SDHCI platform and OF driver helper
[    1.549227] sdhci-tegra 700b0400.sdhci: Got CD GPIO
[    1.554129] sdhci-tegra 700b0400.sdhci: Got WP GPIO
[    1.559050] mmc0: Unknown controller version (3). You may experience problems.
[    1.566354] sdhci-tegra 700b0400.sdhci: No vmmc regulator found
[    1.572313] platform 700b0400.sdhci: Driver sdhci-tegra requests probe deferral
[    1.579747] mmc0: Unknown controller version (3). You may experience problems.
[    1.587015] sdhci-tegra 700b0600.sdhci: No vmmc regulator found
[    1.592942] sdhci-tegra 700b0600.sdhci: No vqmmc regulator found
[    1.598953] mmc0: Invalid maximum block size, assuming 512 bytes
[    1.639285] mmc0: SDHCI controller on 700b0600.sdhci [700b0600.sdhci] using ADMA 64-bit
[    1.648394] ledtrig-cpu: registered to indicate activity on CPUs
[    1.654636] usbcore: registered new interface driver usbhid
[    1.660223] usbhid: USB HID core driver
[    1.703269] mmc0: BKOPS_EN bit is not set
[    1.710554] mmc0: new high speed MMC card at address 0001
[    1.716321] mmcblk0: mmc0:0001 SEM16G 14.6 GiB 
[    1.720978] mmcblk0boot0: mmc0:0001 SEM16G partition 1 4.00 MiB
[    1.727012] mmcblk0boot1: mmc0:0001 SEM16G partition 2 4.00 MiB
[    1.733035] mmcblk0rpmb: mmc0:0001 SEM16G partition 3 4.00 MiB
[    1.740851] Primary GPT is invalid, using alternate GPT.
[    1.746199]  mmcblk0: p1 p2 p3 p4 p5 p6 p7 p8 p9
[    2.087011] tegra30-i2s 70301100.i2s: DMA channels sourced from device 70300000.ahub
[    2.103413] tegra-snd-rt5640 sound: rt5640-aif1 <-> 70301100.i2s mapping ok
[    2.113266] input: NVIDIA Tegra Jetson TK1 Headphones as /devices/soc0/sound/sound/card0/input0
[    2.123376] TCP: cubic registered
[    2.126722] NET: Registered protocol family 17
[    2.131192] can: controller area network core (rev 20120528 abi 9)
[    2.137438] NET: Registered protocol family 29
[    2.141900] can: raw protocol (rev 20120528)
[    2.146184] can: broadcast manager protocol (rev 20120528 t)
[    2.151861] can: netlink gateway (rev 20130117) max_hops=1
[    2.157723] Key type dns_resolver registered
[    2.162588] ThumbEE CPU extension supported.
[    2.166883] Registering SWP/SWPB emulation handler
[    2.174425] +3.3V_RUN: supplied by +3.3V_SYS
[    2.179209] +3.3V_AVDD_HDMI_AP_GATED: supplied by +3.3V_RUN
[    2.185228] +USB0_VBUS_SW: supplied by +5V_SYS
[    2.190077] +5V_USB_HS: supplied by +5V_SYS
[    2.196576] +3.3V_LP0: supplied by +3.3V_SYS
[    2.201439] reg-fixed-voltage regulators:regulator@11: Failed to find supply vin
[    2.208959] reg-fixed-voltage regulators:regulator@11: Failed to register regulator: -517
[    2.217153] platform regulators:regulator@11: Driver reg-fixed-voltage requests probe deferral
[    2.226694] +5V_HDMI_CON: supplied by +5V_SYS
[    2.231453] +5V_SATA: supplied by +5V_SYS
[    2.235868] +12V_SATA: supplied by +VDD_MUX
[    2.240493] tegra-pcie 1003000.pcie-controller: 2x1, 1x1 configuration
[    2.247060] tegra-pcie 1003000.pcie-controller: Failed to get supply 'avddio-pex': -517
[    2.255142] platform 1003000.pcie-controller: Driver tegra-pcie requests probe deferral
[    2.264217] tegra-hdmi 54280000.hdmi: failed to get PLL regulator
[    2.270382] platform 54280000.hdmi: Driver tegra-hdmi requests probe deferral
[    2.280765] +1.35V_LP0(sd2): supplied by +5V_SYS
[    2.285752] +1.35V_LP0(sd3): supplied by +5V_SYS
[    2.290716] +1.05V_RUN: supplied by +5V_SYS
[    2.295247] +1.8V_VDDIO: supplied by +5V_SYS
[    2.301534] +1.05V_RUN_AVDD: supplied by +1.35V_LP0(sd2)
[    2.307930] +1.8V_RUN_CAM: supplied by +3.3V_RUN
[    2.314201] +1.2V_GEN_AVDD: supplied by +1.8V_VDDIO
[    2.320981] +1.05V_LP0_VDD_RTC: supplied by +3.3V_SYS
[    2.327452] +2.8V_RUN_CAM: supplied by +3.3V_SYS
[    2.333319] +1.2V_RUN_CAM_FRONT: supplied by +1.8V_VDDIO
[    2.339675] +VDDIO_SDMMC3: supplied by +3.3V_RUN
[    2.345671] +1.05V_RUN_CAM_REAR: supplied by +1.8V_VDDIO
[    2.352875] +3.3V_RUN_TOUCH: supplied by +5V_SYS
[    2.358937] +2.8V_RUN_CAM_AF: supplied by +5V_SYS
[    2.365106] +1.8V_RUN_VPP_FUSE: supplied by +3.3V_RUN
[    2.372589] tegra-ahci 70027000.sata: AHCI 0001.0301 32 slots 2 ports 3 Gbps 0x1 impl platform mode
[    2.381660] tegra-ahci 70027000.sata: flags: 64bit ncq sntf pm led pio slum part sadm sds apst 
[    2.392366] scsi host0: ahci_platform
[    2.397241] scsi host1: ahci_platform
[    2.401263] ata1: SATA max UDMA/133 mmio [mem 0x70027000-0x70028fff] port 0x100 irq 55
[    2.409187] ata2: DUMMY
[    2.415172] tegra-ehci 7d004000.usb: EHCI Host Controller
[    2.420628] tegra-ehci 7d004000.usb: new USB bus registered, assigned bus number 1
[    2.428373] tegra-ehci 7d004000.usb: irq 53, io mem 0x7d004000
[    2.439296] tegra-ehci 7d004000.usb: USB 2.0 started, EHCI 1.10
[    2.446048] hub 1-0:1.0: USB hub found
[    2.449864] hub 1-0:1.0: 1 port detected
[    2.455140] platform 7d008000.usb: Driver tegra-ehci requests probe deferral
[    2.464062] sdhci-tegra 700b0400.sdhci: Got CD GPIO
[    2.469002] sdhci-tegra 700b0400.sdhci: Got WP GPIO
[    2.473961] mmc1: Unknown controller version (3). You may experience problems.
[    2.481374] sdhci-tegra 700b0400.sdhci: No vmmc regulator found
[    2.487358] mmc1: Invalid maximum block size, assuming 512 bytes
[    2.529840] mmc1: SDHCI controller on 700b0400.sdhci [700b0400.sdhci] using ADMA 64-bit
[    2.538389] +1.05V_RUN_AVDD_HDMI_PLL: supplied by +1.05V_RUN
[    2.544675] tegra-pcie 1003000.pcie-controller: 2x1, 1x1 configuration
[    2.552162] tegra-pcie 1003000.pcie-controller: probing port 0, using 2 lanes
[    2.561414] tegra-pcie 1003000.pcie-controller: Slot present pin change, signature: 00000008
[    2.734355] ata1: SATA link down (SStatus 0 SControl 300)
[    2.995589] tegra-pcie 1003000.pcie-controller: link 0 down, retrying
[    3.430927] tegra-pcie 1003000.pcie-controller: link 0 down, retrying
[    3.865573] tegra-pcie 1003000.pcie-controller: link 0 down, retrying
[    3.874200] tegra-pcie 1003000.pcie-controller: link 0 down, ignoring
[    3.880705] tegra-pcie 1003000.pcie-controller: probing port 1, using 1 lanes
[    3.890209] tegra-pcie 1003000.pcie-controller: Slot present pin change, signature: 00000000
[    4.323114] tegra-pcie 1003000.pcie-controller: link 1 down, retrying
[    4.758382] tegra-pcie 1003000.pcie-controller: link 1 down, retrying
[    5.193793] tegra-pcie 1003000.pcie-controller: link 1 down, retrying
[    5.202421] tegra-pcie 1003000.pcie-controller: link 1 down, ignoring
[    5.209138] tegra-pcie 1003000.pcie-controller: PCI host bridge to bus 0000:00
[    5.216376] pci_bus 0000:00: root bus resource [mem 0x13000000-0x1fffffff]
[    5.223256] pci_bus 0000:00: root bus resource [mem 0x20000000-0x3fffffff pref]
[    5.230569] pci_bus 0000:00: root bus resource [bus 00-ff]
[    5.236060] pci_bus 0000:00: root bus resource [io  0x1000-0xffff]
[    5.242271] PCI: bus0: Fast back to back transfers enabled
[    5.249779] [drm] Supports vblank timestamp caching Rev 2 (21.10.2013).
[    5.256429] [drm] No driver support for vblank timestamp query.
[    5.262392] host1x drm: No connectors reported connected with modes
[    5.268693] [drm] Cannot find any crtc or sizes - going 1024x768
[    5.284468] Console: switching to colour frame buffer device 128x48
[    5.298258] host1x drm: fb0:  frame buffer device
[    5.302995] host1x drm: registered panic notifier
[    5.324411] [drm] Initialized tegra 0.0.0 20120330 on minor 0
[    5.331122] tegra-ehci 7d008000.usb: EHCI Host Controller
[    5.336588] tegra-ehci 7d008000.usb: new USB bus registered, assigned bus number 2
[    5.344427] tegra-ehci 7d008000.usb: irq 129, io mem 0x7d008000
[    5.359416] tegra-ehci 7d008000.usb: USB 2.0 started, EHCI 1.10
[    5.366216] hub 2-0:1.0: USB hub found
[    5.370032] hub 2-0:1.0: 1 port detected
[    5.375230] input: gpio-keys as /devices/soc0/gpio-keys/input/input1
[    5.382609] as3722-rtc as3722-rtc: setting system clock to 2000-02-01 00:00:19 UTC (949363219)
[    5.402373] +1.05V_RUN_AVDD_HDMI_PLL: disabling
[    5.406956] +1.8V_RUN_VPP_FUSE: disabling
[    5.411389] +2.8V_RUN_CAM_AF: disabling
[    5.415593] +3.3V_RUN_TOUCH: disabling
[    5.419711] +1.05V_RUN_CAM_REAR: disabling
[    5.424150] +1.2V_RUN_CAM_FRONT: disabling
[    5.428399] +2.8V_RUN_CAM: disabling
[    5.432104] +1.8V_RUN_CAM: disabling
[    5.435816] +USB0_VBUS_SW: disabling
[    5.439404] +3.3V_AVDD_HDMI_AP_GATED: disabling
[    5.444264] ALSA device list:
[    5.447227]   #0: NVIDIA Tegra Jetson TK1
[    5.452498] EXT4-fs (mmcblk0p1): couldn't mount as ext3 due to feature incompatibilities
[    5.461311] EXT4-fs (mmcblk0p1): couldn't mount as ext2 due to feature incompatibilities
[    5.475903] EXT4-fs (mmcblk0p1): recovery complete
[    5.480764] EXT4-fs (mmcblk0p1): mounted filesystem with ordered data mode. Opts: (null)
[    5.488936] VFS: Mounted root (ext4 filesystem) on device 179:1.
[    5.499428] devtmpfs: mounted
[    5.502990] Freeing unused kernel memory: 748K (c0b8d000 - c0c48000)
bash: cannot set terminal process group (-1): Inappropriate ioctl for device
bash: no job control in this shell
[    5.679404] usb 2-1: new high-speed USB device number 2 using tegra-ehci
root@(none):/# 