Diff for ./tegra30-beaver/tegra30-beaver/tegra_defconfig%tegra30,114_mergeconfig_log.txt
--- /tmp/fooa	2014-01-12 23:39:10.905692474 -0800
+++ /tmp/foob	2014-01-12 23:39:10.909692509 -0800
@@ -22,8 +22,8 @@
 Sending: 
 
 Transfer complete
-yzModem - CRC mode, 2(SOH)/4057(STX)/0(CAN) packets, 3 retries
-## Total Size      = 0x003f63d0 = 4154320 Bytes
+yzModem - CRC mode, 5(SOH)/4063(STX)/0(CAN) packets, 3 retries
+## Total Size      = 0x003f7d30 = 4160816 Bytes
 Tegra30 (Beaver) # loady 0x82000000
 ## Ready for binary (ymodem) download to 0x82000000 at 230400 bps...
 CSending: tegra30-beaver.dtb
@@ -43,7 +43,7 @@
 Booting Linux on physical CPU 0x0
 Initializing cgroup subsys cpu
 Initializing cgroup subsys cpuacct
-Linux version 3.13.0-rc7-next-20140110-09280-g1955a14 (pwalmsley@kaivo) (gcc version 4.7.3 20130328 (prerelease) (crosstool-NG linaro-1.13.1-4.7-2013.04-20130415 - Linaro GCC 2013.04) ) #1 SMP PREEMPT Thu Jan 9 21:55:16 PST 2014
+Linux version 3.13.0-rc8-next-20140113-09665-gf56f922 (pwalmsley@kaivo) (gcc version 4.7.3 20130328 (prerelease) (crosstool-NG linaro-1.13.1-4.7-2013.04-20130415 - Linaro GCC 2013.04) ) #1 SMP PREEMPT Sun Jan 12 23:25:14 PST 2014
 CPU: ARMv7 Processor [412fc099] revision 9 (ARMv7), cr=10c5387d
 CPU: PIPT / VIPT nonaliasing data cache, VIPT aliasing instruction cache
 Machine model: NVIDIA Tegra30 Beaver evaluation board
@@ -51,7 +51,7 @@
 cma: CMA: reserved 16 MiB at ae800000
 Memory policy: Data cache writealloc
 On node 0 totalpages: 524032
-free_area_init_node: node 0, pgdat c07e5b00, node_mem_map c083d000
+free_area_init_node: node 0, pgdat c07e9b00, node_mem_map c0841000
   Normal zone: 1520 pages used for memmap
   Normal zone: 0 pages reserved
   Normal zone: 194560 pages, LIFO batch:31
@@ -62,7 +62,7 @@
 Tegra Revision: A03 SKU: 128 CPU Process: 4 Core Process: 0
 L310 cache controller enabled
 l2x0: 8 ways, CACHE_ID 0x410000c7, AUX_CTRL 0x7e480001, Cache size: 1024 kB
-PERCPU: Embedded 8 pages/cpu @c1851000 s8960 r8192 d15616 u32768
+PERCPU: Embedded 8 pages/cpu @c1855000 s8960 r8192 d15616 u32768
 pcpu-alloc: s8960 r8192 d15616 u32768 alloc=8*4096
 pcpu-alloc: [0] 0 [0] 1 [0] 2 [0] 3 
 Built 1 zonelists in Zone order, mobility grouping on.  Total pages: 522512
@@ -70,7 +70,7 @@
 PID hash table entries: 4096 (order: 2, 16384 bytes)
 Dentry cache hash table entries: 131072 (order: 7, 524288 bytes)
 Inode-cache hash table entries: 65536 (order: 6, 262144 bytes)
-Memory: 2053844K/2096128K available (5656K kernel code, 308K rwdata, 1848K rodata, 240K init, 339K bss, 42284K reserved, 1317888K highmem)
+Memory: 2053828K/2096128K available (5664K kernel code, 308K rwdata, 1852K rodata, 240K init, 339K bss, 42300K reserved, 1317888K highmem)
 Virtual kernel memory layout:
     vector  : 0xffff0000 - 0xffff1000   (   4 kB)
     fixmap  : 0xfff00000 - 0xfffe0000   ( 896 kB)
@@ -78,10 +78,10 @@
     lowmem  : 0xc0000000 - 0xef800000   ( 760 MB)
     pkmap   : 0xbfe00000 - 0xc0000000   (   2 MB)
     modules : 0xbf000000 - 0xbfe00000   (  14 MB)
-      .text : 0xc0008000 - 0xc075c690   (7506 kB)
-      .init : 0xc075d000 - 0xc0799300   ( 241 kB)
-      .data : 0xc079a000 - 0xc07e7260   ( 309 kB)
-       .bss : 0xc07e726c - 0xc083c098   ( 340 kB)
+      .text : 0xc0008000 - 0xc075f724   (7518 kB)
+      .init : 0xc0760000 - 0xc079c300   ( 241 kB)
+      .data : 0xc079e000 - 0xc07eb260   ( 309 kB)
+       .bss : 0xc07eb26c - 0xc0840098   ( 340 kB)
 Preemptible hierarchical RCU implementation.
 NR_IRQS:16 nr_irqs:16 16
 sched_clock: 32 bits at 1000kHz, resolution 1000ns, wraps every 2147483648000ns
@@ -93,7 +93,7 @@
 Initializing cgroup subsys freezer
 CPU: Testing write buffer coherency: ok
 CPU0: thread -1, cpu 0, socket 0, mpidr 80000000
-Setting up static identity map for 0x8055c298 - 0x8055c330
+Setting up static identity map for 0x8055efb8 - 0x8055f050
 CPU1: Booted secondary processor
 CPU1: thread -1, cpu 1, socket 0, mpidr 80000001
 CPU2: Booted secondary processor
@@ -341,19 +341,19 @@
 EXT3-fs (mmcblk0p1): mounted filesystem with writeback data mode
 VFS: Mounted root (ext3 filesystem) on device 179:1.
 devtmpfs: mounted
-Freeing unused kernel memory: 240K (c075d000 - c0799000)
+Freeing unused kernel memory: 240K (c0760000 - c079c000)
  
 INIT: version 2.88 booting
 Using makefile-style concurrent boot in runlevel S.
-Starting the hotplug events dispatcher: udevd[    4.241469] udevd[178]: starting version 175
+Starting the hotplug events dispatcher: udevd[    4.283902] udevd[178]: starting version 175
 [ ok .
 Synthesizing the initial hotplug events...[ ok done.
 Waiting for /dev to be fully populated...[ ok done.
 Activating swap...[ ok done.
 Cleaning up temporary files... /tmp[ ok .
+random: nonblocking pool is initialized
 Activating lvm and md swap...[ ok done.
-Checking file systems...[    6.728566] random: nonblocking pool is initialized
-fsck from util-linux 2.20.1
+Checking file systems...fsck from util-linux 2.20.1
 [ ok done.
 Mounting local filesystems...mount: unknown filesystem type 'debugfs'
 [FAILfailed.
Diff for ./tegra30-beaver/tegra30-beaver/tegra_defconfig_log.txt
--- /tmp/fooa	2014-01-12 23:39:10.913692517 -0800
+++ /tmp/foob	2014-01-12 23:39:10.917692518 -0800
@@ -22,8 +22,8 @@
 Sending: 
 
 Transfer complete
-xyzModem - CRC mode, 4(SOH)/4072(STX)/0(CAN) packets, 3 retries
-## Total Size      = 0x003fa0f0 = 4169968 Bytes
+yzModem - CRC mode, 8(SOH)/4078(STX)/0(CAN) packets, 3 retries
+## Total Size      = 0x003fbb00 = 4176640 Bytes
 Tegra30 (Beaver) # loady 0x82000000
 ## Ready for binary (ymodem) download to 0x82000000 at 230400 bps...
 CSending: tegra30-beaver.dtb
@@ -43,7 +43,7 @@
 Booting Linux on physical CPU 0x0
 Initializing cgroup subsys cpu
 Initializing cgroup subsys cpuacct
-Linux version 3.13.0-rc7-next-20140110-34770-g1955a14 (pwalmsley@tamien) (gcc version 4.7.3 20130328 (prerelease) (crosstool-NG linaro-1.13.1-4.7-2013.04-20130415 - Linaro GCC 2013.04) ) #1 SMP PREEMPT Thu Jan 9 21:48:13 PST 2014
+Linux version 3.13.0-rc8-next-20140113-35155-gf56f922 (pwalmsley@tamien) (gcc version 4.7.3 20130328 (prerelease) (crosstool-NG linaro-1.13.1-4.7-2013.04-20130415 - Linaro GCC 2013.04) ) #1 SMP PREEMPT Sun Jan 12 23:18:14 PST 2014
 CPU: ARMv7 Processor [412fc099] revision 9 (ARMv7), cr=10c5387d
 CPU: PIPT / VIPT nonaliasing data cache, VIPT aliasing instruction cache
 Machine model: NVIDIA Tegra30 Beaver evaluation board
@@ -51,7 +51,7 @@
 cma: CMA: reserved 16 MiB at ae800000
 Memory policy: Data cache writealloc
 On node 0 totalpages: 524032
-free_area_init_node: node 0, pgdat c07f5b40, node_mem_map c084d000
+free_area_init_node: node 0, pgdat c07f7b40, node_mem_map c084f000
   Normal zone: 1520 pages used for memmap
   Normal zone: 0 pages reserved
   Normal zone: 194560 pages, LIFO batch:31
@@ -62,7 +62,7 @@
 Tegra Revision: A03 SKU: 128 CPU Process: 4 Core Process: 0
 L310 cache controller enabled
 l2x0: 8 ways, CACHE_ID 0x410000c7, AUX_CTRL 0x7e480001, Cache size: 1024 kB
-PERCPU: Embedded 8 pages/cpu @c1861000 s9024 r8192 d15552 u32768
+PERCPU: Embedded 8 pages/cpu @c1863000 s9024 r8192 d15552 u32768
 pcpu-alloc: s9024 r8192 d15552 u32768 alloc=8*4096
 pcpu-alloc: [0] 0 [0] 1 [0] 2 [0] 3 
 Built 1 zonelists in Zone order, mobility grouping on.  Total pages: 522512
@@ -70,7 +70,7 @@
 PID hash table entries: 4096 (order: 2, 16384 bytes)
 Dentry cache hash table entries: 131072 (order: 7, 524288 bytes)
 Inode-cache hash table entries: 65536 (order: 6, 262144 bytes)
-Memory: 2053780K/2096128K available (5669K kernel code, 316K rwdata, 1880K rodata, 248K init, 339K bss, 42348K reserved, 1317888K highmem)
+Memory: 2053772K/2096128K available (5677K kernel code, 316K rwdata, 1880K rodata, 248K init, 339K bss, 42356K reserved, 1317888K highmem)
 Virtual kernel memory layout:
     vector  : 0xffff0000 - 0xffff1000   (   4 kB)
     fixmap  : 0xfff00000 - 0xfffe0000   ( 896 kB)
@@ -78,10 +78,10 @@
     lowmem  : 0xc0000000 - 0xef800000   ( 760 MB)
     pkmap   : 0xbfe00000 - 0xc0000000   (   2 MB)
     modules : 0xbf000000 - 0xbfe00000   (  14 MB)
-      .text : 0xc0008000 - 0xc07678b0   (7551 kB)
-      .init : 0xc0768000 - 0xc07a6340   ( 249 kB)
-      .data : 0xc07a8000 - 0xc07f72a0   ( 317 kB)
-       .bss : 0xc07f72ac - 0xc084c118   ( 340 kB)
+      .text : 0xc0008000 - 0xc0769944   (7559 kB)
+      .init : 0xc076a000 - 0xc07a8340   ( 249 kB)
+      .data : 0xc07aa000 - 0xc07f92a0   ( 317 kB)
+       .bss : 0xc07f92ac - 0xc084e118   ( 340 kB)
 Preemptible hierarchical RCU implementation.
 NR_IRQS:16 nr_irqs:16 16
 sched_clock: 32 bits at 1000kHz, resolution 1000ns, wraps every 2147483648000ns
@@ -93,7 +93,7 @@
 Initializing cgroup subsys freezer
 CPU: Testing write buffer coherency: ok
 CPU0: thread -1, cpu 0, socket 0, mpidr 80000000
-Setting up static identity map for 0x8055f508 - 0x8055f5a0
+Setting up static identity map for 0x80562228 - 0x805622c0
 CPU1: Booted secondary processor
 CPU1: thread -1, cpu 1, socket 0, mpidr 80000001
 CPU2: Booted secondary processor
@@ -341,11 +341,11 @@
 EXT3-fs (mmcblk0p1): mounted filesystem with writeback data mode
 VFS: Mounted root (ext3 filesystem) on device 179:1.
 devtmpfs: mounted
-Freeing unused kernel memory: 248K (c0768000 - c07a6000)
+Freeing unused kernel memory: 248K (c076a000 - c07a8000)
  
 INIT: version 2.88 booting
 Using makefile-style concurrent boot in runlevel S.
-Starting the hotplug events dispatcher: udevd[    4.292080] udevd[178]: starting version 175
+Starting the hotplug events dispatcher: udevd[    4.236376] udevd[178]: starting version 175
 [ ok .
 Synthesizing the initial hotplug events...[ ok done.
 Waiting for /dev to be fully populated...[ ok done.
Diff for ./tegra30-beaver/tegra30-beaver/tegra_defconfig%tegra30_mergeconfig_log.txt
--- /tmp/fooa	2014-01-12 23:39:10.925692516 -0800
+++ /tmp/foob	2014-01-12 23:39:10.929692517 -0800
@@ -22,8 +22,8 @@
 Sending: 
 
 Transfer complete
-yzModem - CRC mode, 9(SOH)/4049(STX)/0(CAN) packets, 3 retries
-## Total Size      = 0x003f4780 = 4147072 Bytes
+yzModem - CRC mode, 3(SOH)/4056(STX)/0(CAN) packets, 3 retries
+## Total Size      = 0x003f6068 = 4153448 Bytes
 Tegra30 (Beaver) # loady 0x82000000
 ## Ready for binary (ymodem) download to 0x82000000 at 230400 bps...
 CSending: tegra30-beaver.dtb
@@ -43,7 +43,7 @@
 Booting Linux on physical CPU 0x0
 Initializing cgroup subsys cpu
 Initializing cgroup subsys cpuacct
-Linux version 3.13.0-rc7-next-20140110-34770-g1955a14 (pwalmsley@tamien) (gcc version 4.7.3 20130328 (prerelease) (crosstool-NG linaro-1.13.1-4.7-2013.04-20130415 - Linaro GCC 2013.04) ) #1 SMP PREEMPT Thu Jan 9 21:50:56 PST 2014
+Linux version 3.13.0-rc8-next-20140113-35155-gf56f922 (pwalmsley@tamien) (gcc version 4.7.3 20130328 (prerelease) (crosstool-NG linaro-1.13.1-4.7-2013.04-20130415 - Linaro GCC 2013.04) ) #1 SMP PREEMPT Sun Jan 12 23:20:58 PST 2014
 CPU: ARMv7 Processor [412fc099] revision 9 (ARMv7), cr=10c5387d
 CPU: PIPT / VIPT nonaliasing data cache, VIPT aliasing instruction cache
 Machine model: NVIDIA Tegra30 Beaver evaluation board
@@ -51,7 +51,7 @@
 cma: CMA: reserved 16 MiB at ae800000
 Memory policy: Data cache writealloc
 On node 0 totalpages: 524032
-free_area_init_node: node 0, pgdat c07dcec0, node_mem_map c0834000
+free_area_init_node: node 0, pgdat c07e0ec0, node_mem_map c0838000
   Normal zone: 1520 pages used for memmap
   Normal zone: 0 pages reserved
   Normal zone: 194560 pages, LIFO batch:31
@@ -62,7 +62,7 @@
 Tegra Revision: A03 SKU: 128 CPU Process: 4 Core Process: 0
 L310 cache controller enabled
 l2x0: 8 ways, CACHE_ID 0x410000c7, AUX_CTRL 0x7e480001, Cache size: 1024 kB
-PERCPU: Embedded 8 pages/cpu @c1848000 s8960 r8192 d15616 u32768
+PERCPU: Embedded 8 pages/cpu @c184c000 s8960 r8192 d15616 u32768
 pcpu-alloc: s8960 r8192 d15616 u32768 alloc=8*4096
 pcpu-alloc: [0] 0 [0] 1 [0] 2 [0] 3 
 Built 1 zonelists in Zone order, mobility grouping on.  Total pages: 522512
@@ -70,7 +70,7 @@
 PID hash table entries: 4096 (order: 2, 16384 bytes)
 Dentry cache hash table entries: 131072 (order: 7, 524288 bytes)
 Inode-cache hash table entries: 65536 (order: 6, 262144 bytes)
-Memory: 2053880K/2096128K available (5652K kernel code, 305K rwdata, 1824K rodata, 236K init, 339K bss, 42248K reserved, 1317888K highmem)
+Memory: 2053864K/2096128K available (5664K kernel code, 305K rwdata, 1824K rodata, 236K init, 339K bss, 42264K reserved, 1317888K highmem)
 Virtual kernel memory layout:
     vector  : 0xffff0000 - 0xffff1000   (   4 kB)
     fixmap  : 0xfff00000 - 0xfffe0000   ( 896 kB)
@@ -78,10 +78,10 @@
     lowmem  : 0xc0000000 - 0xef800000   ( 760 MB)
     pkmap   : 0xbfe00000 - 0xc0000000   (   2 MB)
     modules : 0xbf000000 - 0xbfe00000   (  14 MB)
-      .text : 0xc0008000 - 0xc0755600   (7478 kB)
-      .init : 0xc0756000 - 0xc0791300   ( 237 kB)
-      .data : 0xc0792000 - 0xc07de620   ( 306 kB)
-       .bss : 0xc07de62c - 0xc0833458   ( 340 kB)
+      .text : 0xc0008000 - 0xc0758694   (7490 kB)
+      .init : 0xc0759000 - 0xc0794300   ( 237 kB)
+      .data : 0xc0796000 - 0xc07e2620   ( 306 kB)
+       .bss : 0xc07e262c - 0xc0837458   ( 340 kB)
 Preemptible hierarchical RCU implementation.
 NR_IRQS:16 nr_irqs:16 16
 sched_clock: 32 bits at 1000kHz, resolution 1000ns, wraps every 2147483648000ns
@@ -93,7 +93,7 @@
 Initializing cgroup subsys freezer
 CPU: Testing write buffer coherency: ok
 CPU0: thread -1, cpu 0, socket 0, mpidr 80000000
-Setting up static identity map for 0x8055bd20 - 0x8055bdb8
+Setting up static identity map for 0x8055ea38 - 0x8055ead0
 CPU1: Booted secondary processor
 CPU1: thread -1, cpu 1, socket 0, mpidr 80000001
 CPU2: Booted secondary processor
@@ -341,19 +341,19 @@
 EXT3-fs (mmcblk0p1): mounted filesystem with writeback data mode
 VFS: Mounted root (ext3 filesystem) on device 179:1.
 devtmpfs: mounted
-Freeing unused kernel memory: 236K (c0756000 - c0791000)
+Freeing unused kernel memory: 236K (c0759000 - c0794000)
  
 INIT: version 2.88 booting
 Using makefile-style concurrent boot in runlevel S.
-Starting the hotplug events dispatcher: udevd[    4.247709] udevd[178]: starting version 175
+Starting the hotplug events dispatcher: udevd[    4.239626] udevd[179]: starting version 175
 [ ok .
 Synthesizing the initial hotplug events...[ ok done.
 Waiting for /dev to be fully populated...[ ok done.
 Activating swap...[ ok done.
 Cleaning up temporary files... /tmp[ ok .
+random: nonblocking pool is initialized
 Activating lvm and md swap...[ ok done.
-Checking file systems...[    6.728440] random: nonblocking pool is initialized
-fsck from util-linux 2.20.1
+Checking file systems...fsck from util-linux 2.20.1
 [ ok done.
 Mounting local filesystems...mount: unknown filesystem type 'debugfs'
 [FAILfailed.
Diff for ./tegra30-beaver/tegra30-beaver/multi_v7_defconfig_log.txt
--- /tmp/fooa	2014-01-12 23:39:10.933692520 -0800
+++ /tmp/foob	2014-01-12 23:39:10.937692524 -0800
@@ -22,8 +22,8 @@
 Sending: 
 
 Transfer complete
-xyzModem - CRC mode, 4(SOH)/4336(STX)/0(CAN) packets, 3 retries
-## Total Size      = 0x0043c0a8 = 4440232 Bytes
+yzModem - CRC mode, 7(SOH)/4339(STX)/0(CAN) packets, 3 retries
+## Total Size      = 0x0043ce78 = 4443768 Bytes
 Tegra30 (Beaver) # loady 0x82000000
 ## Ready for binary (ymodem) download to 0x82000000 at 230400 bps...
 CSending: tegra30-beaver.dtb
@@ -40,7 +40,7 @@
 Starting kernel ...
 
 Booting Linux on physical CPU 0x0
-Linux version 3.13.0-rc7-next-20140110-09280-g1955a14 (pwalmsley@kaivo) (gcc version 4.7.3 20130328 (prerelease) (crosstool-NG linaro-1.13.1-4.7-2013.04-20130415 - Linaro GCC 2013.04) ) #1 SMP Thu Jan 9 21:47:22 PST 2014
+Linux version 3.13.0-rc8-next-20140113-09665-gf56f922 (pwalmsley@kaivo) (gcc version 4.7.3 20130328 (prerelease) (crosstool-NG linaro-1.13.1-4.7-2013.04-20130415 - Linaro GCC 2013.04) ) #1 SMP Sun Jan 12 23:17:20 PST 2014
 CPU: ARMv7 Processor [412fc099] revision 9 (ARMv7), cr=10c5387d
 CPU: PIPT / VIPT nonaliasing data cache, VIPT aliasing instruction cache
 Machine model: NVIDIA Tegra30 Beaver evaluation board
@@ -67,7 +67,7 @@
 PID hash table entries: 4096 (order: 2, 16384 bytes)
 Dentry cache hash table entries: 131072 (order: 7, 524288 bytes)
 Inode-cache hash table entries: 65536 (order: 6, 262144 bytes)
-Memory: 2052728K/2096128K available (5748K kernel code, 693K rwdata, 2296K rodata, 491K init, 286K bss, 43400K reserved, 1317888K highmem)
+Memory: 2052728K/2096128K available (5752K kernel code, 693K rwdata, 2296K rodata, 491K init, 286K bss, 43400K reserved, 1317888K highmem)
 Virtual kernel memory layout:
     vector  : 0xffff0000 - 0xffff1000   (   4 kB)
     fixmap  : 0xfff00000 - 0xfffe0000   ( 896 kB)
@@ -75,10 +75,10 @@
     lowmem  : 0xc0000000 - 0xef800000   ( 760 MB)
     pkmap   : 0xbfe00000 - 0xc0000000   (   2 MB)
     modules : 0xbf000000 - 0xbfe00000   (  14 MB)
-      .text : 0xc0008000 - 0xc07e3410   (8046 kB)
-      .init : 0xc07e4000 - 0xc085efc0   ( 492 kB)
-      .data : 0xc0860000 - 0xc090d6c0   ( 694 kB)
-       .bss : 0xc090d6c8 - 0xc0955278   ( 287 kB)
+      .text : 0xc0008000 - 0xc07e4480   (8050 kB)
+      .init : 0xc07e5000 - 0xc085ffc0   ( 492 kB)
+      .data : 0xc0860000 - 0xc090d6e0   ( 694 kB)
+       .bss : 0xc090d6e8 - 0xc0955278   ( 287 kB)
 SLUB: HWalign=64, Order=0-3, MinObjects=0, CPUs=4, Nodes=1
 Hierarchical RCU implementation.
 NR_IRQS:16 nr_irqs:16 16
@@ -89,7 +89,7 @@
 Mount-cache hash table entries: 512
 CPU: Testing write buffer coherency: ok
 CPU0: thread -1, cpu 0, socket 0, mpidr 80000000
-Setting up static identity map for 0x8056e660 - 0x8056e6f8
+Setting up static identity map for 0x8056ff40 - 0x8056ffd8
 unable to find compatible sirf rstc node in dtb
 CPU1: Booted secondary processor
 CPU1: thread -1, cpu 1, socket 0, mpidr 80000001
@@ -335,11 +335,11 @@
 EXT4-fs (mmcblk0p1): mounted filesystem with ordered data mode. Opts: (null)
 VFS: Mounted root (ext3 filesystem) on device 179:1.
 devtmpfs: mounted
-Freeing unused kernel memory: 488K (c07e4000 - c085e000)
+Freeing unused kernel memory: 488K (c07e5000 - c085f000)
  
 INIT: version 2.88 booting
 Using makefile-style concurrent boot in runlevel S.
-Starting the hotplug events dispatcher: udevd[    4.124225] udevd[173]: starting version 175
+Starting the hotplug events dispatcher: udevd[    4.143602] udevd[174]: starting version 175
 [ ok .
 Synthesizing the initial hotplug events...[ ok done.
 Waiting for /dev to be fully populated...[ ok done.
@@ -349,9 +349,9 @@
 Activating lvm and md swap...[ ok done.
 Checking file systems...fsck from util-linux 2.20.1
 [ ok done.
-random: nonblocking pool is initialized
 Mounting local filesystems...[ ok done.
 Activating swapfile swap...[ ok done.
+random: nonblocking pool is initialized
 Cleaning up temporary files...[ ok .
 Setting kernel variables ...[ ok done.
 Configuring network interfaces...[ ok done.
Diff for ./tegra30-beaver/tegra30-beaver/tegra_defconfig%tegra20,30_mergeconfig_log.txt
--- /tmp/fooa	2014-01-12 23:39:10.945692530 -0800
+++ /tmp/foob	2014-01-12 23:39:10.945692530 -0800
@@ -22,15 +22,15 @@
 Sending: 
 
 Transfer complete
-yzModem - CRC mode, 4(SOH)/4067(STX)/0(CAN) packets, 3 retries
-## Total Size      = 0x003f8cf0 = 4164848 Bytes
+yzModem - CRC mode, 3(SOH)/4075(STX)/0(CAN) packets, 3 retries
+## Total Size      = 0x003fac58 = 4172888 Bytes
 Tegra30 (Beaver) # loady 0x82000000
 ## Ready for binary (ymodem) download to 0x82000000 at 230400 bps...
 CSending: tegra30-beaver.dtb
 Sending: 
 
 Transfer complete
-yzModem - CRC mode, 4(SOH)/23(STX)/0(CAN) packets, 3 retries
+zModem - CRC mode, 4(SOH)/23(STX)/0(CAN) packets, 3 retries
 ## Total Size      = 0x00005d00 = 23808 Bytes
 Tegra30 (Beaver) # bootz 0x81000000 - 0x82000000
 ## Flattened Device Tree blob at 82000000
@@ -43,7 +43,7 @@
 Booting Linux on physical CPU 0x0
 Initializing cgroup subsys cpu
 Initializing cgroup subsys cpuacct
-Linux version 3.13.0-rc7-next-20140110-09280-g1955a14 (pwalmsley@kaivo) (gcc version 4.7.3 20130328 (prerelease) (crosstool-NG linaro-1.13.1-4.7-2013.04-20130415 - Linaro GCC 2013.04) ) #1 SMP PREEMPT Thu Jan 9 21:53:22 PST 2014
+Linux version 3.13.0-rc8-next-20140113-09665-gf56f922 (pwalmsley@kaivo) (gcc version 4.7.3 20130328 (prerelease) (crosstool-NG linaro-1.13.1-4.7-2013.04-20130415 - Linaro GCC 2013.04) ) #1 SMP PREEMPT Sun Jan 12 23:23:20 PST 2014
 CPU: ARMv7 Processor [412fc099] revision 9 (ARMv7), cr=10c5387d
 CPU: PIPT / VIPT nonaliasing data cache, VIPT aliasing instruction cache
 Machine model: NVIDIA Tegra30 Beaver evaluation board
@@ -51,7 +51,7 @@
 cma: CMA: reserved 16 MiB at ae800000
 Memory policy: Data cache writealloc
 On node 0 totalpages: 524032
-free_area_init_node: node 0, pgdat c07eaf40, node_mem_map c0842000
+free_area_init_node: node 0, pgdat c07ecf40, node_mem_map c0844000
   Normal zone: 1520 pages used for memmap
   Normal zone: 0 pages reserved
   Normal zone: 194560 pages, LIFO batch:31
@@ -62,7 +62,7 @@
 Tegra Revision: A03 SKU: 128 CPU Process: 4 Core Process: 0
 L310 cache controller enabled
 l2x0: 8 ways, CACHE_ID 0x410000c7, AUX_CTRL 0x7e480001, Cache size: 1024 kB
-PERCPU: Embedded 8 pages/cpu @c1856000 s9024 r8192 d15552 u32768
+PERCPU: Embedded 8 pages/cpu @c1858000 s9024 r8192 d15552 u32768
 pcpu-alloc: s9024 r8192 d15552 u32768 alloc=8*4096
 pcpu-alloc: [0] 0 [0] 1 [0] 2 [0] 3 
 Built 1 zonelists in Zone order, mobility grouping on.  Total pages: 522512
@@ -70,7 +70,7 @@
 PID hash table entries: 4096 (order: 2, 16384 bytes)
 Dentry cache hash table entries: 131072 (order: 7, 524288 bytes)
 Inode-cache hash table entries: 65536 (order: 6, 262144 bytes)
-Memory: 2053824K/2096128K available (5665K kernel code, 313K rwdata, 1852K rodata, 240K init, 339K bss, 42304K reserved, 1317888K highmem)
+Memory: 2053816K/2096128K available (5677K kernel code, 313K rwdata, 1852K rodata, 240K init, 339K bss, 42312K reserved, 1317888K highmem)
 Virtual kernel memory layout:
     vector  : 0xffff0000 - 0xffff1000   (   4 kB)
     fixmap  : 0xfff00000 - 0xfffe0000   ( 896 kB)
@@ -78,10 +78,10 @@
     lowmem  : 0xc0000000 - 0xef800000   ( 760 MB)
     pkmap   : 0xbfe00000 - 0xc0000000   (   2 MB)
     modules : 0xbf000000 - 0xbfe00000   (  14 MB)
-      .text : 0xc0008000 - 0xc075f828   (7519 kB)
-      .init : 0xc0760000 - 0xc079c340   ( 241 kB)
-      .data : 0xc079e000 - 0xc07ec6a0   ( 314 kB)
-       .bss : 0xc07ec6ac - 0xc08414d8   ( 340 kB)
+      .text : 0xc0008000 - 0xc07628bc   (7531 kB)
+      .init : 0xc0763000 - 0xc079f340   ( 241 kB)
+      .data : 0xc07a0000 - 0xc07ee6a0   ( 314 kB)
+       .bss : 0xc07ee6ac - 0xc08434d8   ( 340 kB)
 Preemptible hierarchical RCU implementation.
 NR_IRQS:16 nr_irqs:16 16
 sched_clock: 32 bits at 1000kHz, resolution 1000ns, wraps every 2147483648000ns
@@ -93,7 +93,7 @@
 Initializing cgroup subsys freezer
 CPU: Testing write buffer coherency: ok
 CPU0: thread -1, cpu 0, socket 0, mpidr 80000000
-Setting up static identity map for 0x8055ef88 - 0x8055f020
+Setting up static identity map for 0x80561ca8 - 0x80561d40
 CPU1: Booted secondary processor
 CPU1: thread -1, cpu 1, socket 0, mpidr 80000001
 CPU2: Booted secondary processor
@@ -341,11 +341,11 @@
 EXT3-fs (mmcblk0p1): mounted filesystem with writeback data mode
 VFS: Mounted root (ext3 filesystem) on device 179:1.
 devtmpfs: mounted
-Freeing unused kernel memory: 240K (c0760000 - c079c000)
+Freeing unused kernel memory: 240K (c0763000 - c079f000)
  
 INIT: version 2.88 booting
 Using makefile-style concurrent boot in runlevel S.
-Starting the hotplug events dispatcher: udevd[    4.290890] udevd[178]: starting version 175
+Starting the hotplug events dispatcher: udevd[    4.268936] udevd[178]: starting version 175
 [ ok .
 Synthesizing the initial hotplug events...[ ok done.
 Waiting for /dev to be fully populated...[ ok done.
Diff for ./tegra114-dalmore-headless/tegra114-dalmore/tegra_defconfig%tegra30,114_mergeconfig_log.txt
--- /tmp/fooa	2014-01-12 23:39:10.953692534 -0800
+++ /tmp/foob	2014-01-12 23:39:10.957692535 -0800
@@ -30,7 +30,7 @@
 Load address: 0x81000000
 Loading: *#################################################  2.8 MiB/s
 done
-Bytes transferred = 4154320 (3f63d0 hex)
+Bytes transferred = 4160816 (3f7d30 hex)
 Dalmore #tftpboot 0x82000000 tegra114-dalmore.dtb
 Using asx0 device
 TFTP from server 192.168.100.1; our IP address is 192.168.100.100
@@ -49,16 +49,16 @@
 Timer summary in microseconds:
        Mark    Elapsed  Stage
           0          0  awake
-  3,084,546  3,084,546  usb_start
-  7,089,666  4,005,120  eth_start
-  7,089,663         -3  tftp start
- 10,951,418  3,861,755  tftp done
- 13,099,644  2,148,226  start_kernel
+  3,106,352  3,106,352  usb_start
+  7,111,481  4,005,129  eth_start
+  7,111,478         -3  tftp start
+ 11,021,975  3,910,497  tftp done
+ 13,121,476  2,099,501  start_kernel
 Uncompressing Linux... done, booting the kernel.
 Booting Linux on physical CPU 0x0
 Initializing cgroup subsys cpu
 Initializing cgroup subsys cpuacct
-Linux version 3.13.0-rc7-next-20140110-09280-g1955a14 (pwalmsley@kaivo) (gcc version 4.7.3 20130328 (prerelease) (crosstool-NG linaro-1.13.1-4.7-2013.04-20130415 - Linaro GCC 2013.04) ) #1 SMP PREEMPT Thu Jan 9 21:55:16 PST 2014
+Linux version 3.13.0-rc8-next-20140113-09665-gf56f922 (pwalmsley@kaivo) (gcc version 4.7.3 20130328 (prerelease) (crosstool-NG linaro-1.13.1-4.7-2013.04-20130415 - Linaro GCC 2013.04) ) #1 SMP PREEMPT Sun Jan 12 23:25:14 PST 2014
 CPU: ARMv7 Processor [412fc0f2] revision 2 (ARMv7), cr=10c5387d
 CPU: PIPT / VIPT nonaliasing data cache, PIPT instruction cache
 Machine model: NVIDIA Tegra114 Dalmore evaluation board
@@ -66,14 +66,14 @@
 cma: CMA: reserved 16 MiB at ae800000
 Memory policy: Data cache writealloc
 On node 0 totalpages: 524032
-free_area_init_node: node 0, pgdat c07e5b00, node_mem_map c083d000
+free_area_init_node: node 0, pgdat c07e9b00, node_mem_map c0841000
   Normal zone: 1520 pages used for memmap
   Normal zone: 0 pages reserved
   Normal zone: 194560 pages, LIFO batch:31
   HighMem zone: 2574 pages used for memmap
   HighMem zone: 329472 pages, LIFO batch:31
 Tegra Revision: A01 SKU: 0 CPU Process: 1 Core Process: 1
-PERCPU: Embedded 8 pages/cpu @c1856000 s8960 r8192 d15616 u32768
+PERCPU: Embedded 8 pages/cpu @c185a000 s8960 r8192 d15616 u32768
 pcpu-alloc: s8960 r8192 d15616 u32768 alloc=8*4096
 pcpu-alloc: [0] 0 [0] 1 [0] 2 [0] 3 
 Built 1 zonelists in Zone order, mobility grouping on.  Total pages: 522512
@@ -81,7 +81,7 @@
 PID hash table entries: 4096 (order: 2, 16384 bytes)
 Dentry cache hash table entries: 131072 (order: 7, 524288 bytes)
 Inode-cache hash table entries: 65536 (order: 6, 262144 bytes)
-Memory: 2053812K/2096128K available (5656K kernel code, 308K rwdata, 1848K rodata, 240K init, 339K bss, 42316K reserved, 1317888K highmem)
+Memory: 2053796K/2096128K available (5664K kernel code, 308K rwdata, 1852K rodata, 240K init, 339K bss, 42332K reserved, 1317888K highmem)
 Virtual kernel memory layout:
     vector  : 0xffff0000 - 0xffff1000   (   4 kB)
     fixmap  : 0xfff00000 - 0xfffe0000   ( 896 kB)
@@ -89,10 +89,10 @@
     lowmem  : 0xc0000000 - 0xef800000   ( 760 MB)
     pkmap   : 0xbfe00000 - 0xc0000000   (   2 MB)
     modules : 0xbf000000 - 0xbfe00000   (  14 MB)
-      .text : 0xc0008000 - 0xc075c690   (7506 kB)
-      .init : 0xc075d000 - 0xc0799300   ( 241 kB)
-      .data : 0xc079a000 - 0xc07e7260   ( 309 kB)
-       .bss : 0xc07e726c - 0xc083c098   ( 340 kB)
+      .text : 0xc0008000 - 0xc075f724   (7518 kB)
+      .init : 0xc0760000 - 0xc079c300   ( 241 kB)
+      .data : 0xc079e000 - 0xc07eb260   ( 309 kB)
+       .bss : 0xc07eb26c - 0xc0840098   ( 340 kB)
 Preemptible hierarchical RCU implementation.
 NR_IRQS:16 nr_irqs:16 16
 sched_clock: 32 bits at 1000kHz, resolution 1000ns, wraps every 2147483648000ns
@@ -111,7 +111,7 @@
 /cpus/cpu@2 missing clock-frequency property
 /cpus/cpu@3 missing clock-frequency property
 CPU0: thread -1, cpu 0, socket 0, mpidr 80000000
-Setting up static identity map for 0x8055c298 - 0x8055c330
+Setting up static identity map for 0x8055efb8 - 0x8055f050
 CPU1: Booted secondary processor
 CPU1: thread -1, cpu 1, socket 0, mpidr 80000001
 CPU2: Booted secondary processor
@@ -358,7 +358,7 @@
 hub 1-0:1.0: USB hub found
 hub 1-0:1.0: 1 port detected
 input: gpio-keys.3 as /devices/soc0/gpio-keys.3/input/input1
-palmas-rtc rtc.8: setting system clock to 2000-04-05 08:22:23 UTC (954922943)
+palmas-rtc rtc.8: setting system clock to 2000-04-08 09:52:27 UTC (955187547)
 ALSA device list:
   #0: NVIDIA Tegra Dalmore
 kjournald starting.  Commit interval 5 seconds
@@ -367,7 +367,7 @@
 EXT3-fs (mmcblk0p1): mounted filesystem with writeback data mode
 VFS: Mounted root (ext3 filesystem) on device 179:1.
 devtmpfs: mounted
-Freeing unused kernel memory: 240K (c075d000 - c0799000)
+Freeing unused kernel memory: 240K (c0760000 - c079c000)
 bash: cannot set terminal process group (-1): Inappropriate ioctl for device
 bash: no job control in this shell
 I have no name!@(none):/# 
\ No newline at end of file
Diff for ./tegra114-dalmore-headless/tegra114-dalmore/tegra_defconfig%tegra20,114_mergeconfig_log.txt
--- /tmp/fooa	2014-01-12 23:39:10.961692537 -0800
+++ /tmp/foob	2014-01-12 23:39:10.965692540 -0800
@@ -11,7 +11,7 @@
 Err:   serial
 Net:   Net Initialization Skipped
 No ethernet found.
-Hit any key to stop autoboot  2  0 
+Hit any key to stop autoboot:  2  0 
 Dalmore #
 Dalmore #usb reset
 (Re)start USB...
@@ -30,7 +30,7 @@
 Load address: 0x81000000
 Loading: *#################################################  2.8 MiB/s
 done
-Bytes transferred = 4152808 (3f5de8 hex)
+Bytes transferred = 4157904 (3f71d0 hex)
 Dalmore #tftpboot 0x82000000 tegra114-dalmore.dtb
 Using asx0 device
 TFTP from server 192.168.100.1; our IP address is 192.168.100.100
@@ -49,16 +49,16 @@
 Timer summary in microseconds:
        Mark    Elapsed  Stage
           0          0  awake
-  2,111,701  2,111,701  usb_start
-  6,117,159  4,005,458  eth_start
-  6,117,157         -2  tftp start
-  9,975,447  3,858,290  tftp done
- 12,127,093  2,151,646  start_kernel
+  2,137,669  2,137,669  usb_start
+  6,142,849  4,005,180  eth_start
+  6,142,846         -3  tftp start
+ 10,066,917  3,924,071  tftp done
+ 12,152,965  2,086,048  start_kernel
 Uncompressing Linux... done, booting the kernel.
 Booting Linux on physical CPU 0x0
 Initializing cgroup subsys cpu
 Initializing cgroup subsys cpuacct
-Linux version 3.13.0-rc7-next-20140110-34770-g1955a14 (pwalmsley@tamien) (gcc version 4.7.3 20130328 (prerelease) (crosstool-NG linaro-1.13.1-4.7-2013.04-20130415 - Linaro GCC 2013.04) ) #1 SMP PREEMPT Thu Jan 9 21:53:40 PST 2014
+Linux version 3.13.0-rc8-next-20140113-35155-gf56f922 (pwalmsley@tamien) (gcc version 4.7.3 20130328 (prerelease) (crosstool-NG linaro-1.13.1-4.7-2013.04-20130415 - Linaro GCC 2013.04) ) #1 SMP PREEMPT Sun Jan 12 23:23:43 PST 2014
 CPU: ARMv7 Processor [412fc0f2] revision 2 (ARMv7), cr=10c5387d
 CPU: PIPT / VIPT nonaliasing data cache, PIPT instruction cache
 Machine model: NVIDIA Tegra114 Dalmore evaluation board
@@ -66,14 +66,14 @@
 cma: CMA: reserved 16 MiB at ae800000
 Memory policy: Data cache writealloc
 On node 0 totalpages: 524032
-free_area_init_node: node 0, pgdat c07e4180, node_mem_map c083b000
+free_area_init_node: node 0, pgdat c07e6180, node_mem_map c083d000
   Normal zone: 1520 pages used for memmap
   Normal zone: 0 pages reserved
   Normal zone: 194560 pages, LIFO batch:31
   HighMem zone: 2574 pages used for memmap
   HighMem zone: 329472 pages, LIFO batch:31
 Tegra Revision: A01 SKU: 0 CPU Process: 1 Core Process: 1
-PERCPU: Embedded 8 pages/cpu @c1854000 s9024 r8192 d15552 u32768
+PERCPU: Embedded 8 pages/cpu @c1856000 s9024 r8192 d15552 u32768
 pcpu-alloc: s9024 r8192 d15552 u32768 alloc=8*4096
 pcpu-alloc: [0] 0 [0] 1 [0] 2 [0] 3 
 Built 1 zonelists in Zone order, mobility grouping on.  Total pages: 522512
@@ -81,7 +81,7 @@
 PID hash table entries: 4096 (order: 2, 16384 bytes)
 Dentry cache hash table entries: 131072 (order: 7, 524288 bytes)
 Inode-cache hash table entries: 65536 (order: 6, 262144 bytes)
-Memory: 2053820K/2096128K available (5656K kernel code, 310K rwdata, 1836K rodata, 240K init, 339K bss, 42308K reserved, 1317888K highmem)
+Memory: 2053812K/2096128K available (5669K kernel code, 310K rwdata, 1836K rodata, 240K init, 339K bss, 42316K reserved, 1317888K highmem)
 Virtual kernel memory layout:
     vector  : 0xffff0000 - 0xffff1000   (   4 kB)
     fixmap  : 0xfff00000 - 0xfffe0000   ( 896 kB)
@@ -89,10 +89,10 @@
     lowmem  : 0xc0000000 - 0xef800000   ( 760 MB)
     pkmap   : 0xbfe00000 - 0xc0000000   (   2 MB)
     modules : 0xbf000000 - 0xbfe00000   (  14 MB)
-      .text : 0xc0008000 - 0xc0759764   (7494 kB)
-      .init : 0xc075a000 - 0xc0796340   ( 241 kB)
-      .data : 0xc0798000 - 0xc07e58e0   ( 311 kB)
-       .bss : 0xc07e58ec - 0xc083a718   ( 340 kB)
+      .text : 0xc0008000 - 0xc075c7f8   (7506 kB)
+      .init : 0xc075d000 - 0xc0799340   ( 241 kB)
+      .data : 0xc079a000 - 0xc07e78e0   ( 311 kB)
+       .bss : 0xc07e78ec - 0xc083c718   ( 340 kB)
 Preemptible hierarchical RCU implementation.
 NR_IRQS:16 nr_irqs:16 16
 sched_clock: 32 bits at 1000kHz, resolution 1000ns, wraps every 2147483648000ns
@@ -111,7 +111,7 @@
 /cpus/cpu@2 missing clock-frequency property
 /cpus/cpu@3 missing clock-frequency property
 CPU0: thread -1, cpu 0, socket 0, mpidr 80000000
-Setting up static identity map for 0x8055c9d8 - 0x8055ca70
+Setting up static identity map for 0x8055f700 - 0x8055f798
 CPU1: Booted secondary processor
 CPU1: thread -1, cpu 1, socket 0, mpidr 80000001
 CPU2: Booted secondary processor
@@ -367,7 +367,7 @@
 tegra-snd-rt5640 sound.5: ASoC: CPU DAI (null) not registered
 tegra-snd-rt5640 sound.5: snd_soc_register_card failed (-517)
 platform sound.5: Driver tegra-snd-rt5640 requests probe deferral
-palmas-rtc rtc.8: setting system clock to 2000-04-05 08:20:47 UTC (954922847)
+palmas-rtc rtc.8: setting system clock to 2000-04-08 09:50:58 UTC (955187458)
 ALSA device list:
   No soundcards found.
 kjournald starting.  Commit interval 5 seconds
@@ -376,7 +376,7 @@
 EXT3-fs (mmcblk0p1): mounted filesystem with writeback data mode
 VFS: Mounted root (ext3 filesystem) on device 179:1.
 devtmpfs: mounted
-Freeing unused kernel memory: 240K (c075a000 - c0796000)
+Freeing unused kernel memory: 240K (c075d000 - c0799000)
 bash: cannot set terminal process group (-1): Inappropriate ioctl for device
 bash: no job control in this shell
 I have no name!@(none):/# 
\ No newline at end of file
Diff for ./tegra114-dalmore-headless/tegra114-dalmore/tegra_defconfig_log.txt
--- /tmp/fooa	2014-01-12 23:39:10.973692544 -0800
+++ /tmp/foob	2014-01-12 23:39:10.977692547 -0800
@@ -30,13 +30,13 @@
 Load address: 0x81000000
 Loading: *#################################################  2.8 MiB/s
 done
-Bytes transferred = 4169968 (3fa0f0 hex)
+Bytes transferred = 4176640 (3fbb00 hex)
 Dalmore #tftpboot 0x82000000 tegra114-dalmore.dtb
 Using asx0 device
 TFTP from server 192.168.100.1; our IP address is 192.168.100.100
 Filename 'tegra114-dalmore.dtb'.
 Load address: 0x82000000
-Loading: *#################################################  2.5 MiB/s
+Loading: *#################################################  2.7 MiB/s
 done
 Bytes transferred = 34015 (84df hex)
 Dalmore #bootz 0x81000000 - 0x82000000
@@ -49,16 +49,16 @@
 Timer summary in microseconds:
        Mark    Elapsed  Stage
           0          0  awake
-  3,004,416  3,004,416  usb_start
-  7,007,451  4,003,035  eth_start
-  7,007,448         -3  tftp start
- 10,922,413  3,914,965  tftp done
- 13,019,525  2,097,112  start_kernel
+  3,105,998  3,105,998  usb_start
+  7,109,963  4,003,965  eth_start
+  7,109,960         -3  tftp start
+ 10,969,122  3,859,162  tftp done
+ 13,122,036  2,152,914  start_kernel
 Uncompressing Linux... done, booting the kernel.
 Booting Linux on physical CPU 0x0
 Initializing cgroup subsys cpu
 Initializing cgroup subsys cpuacct
-Linux version 3.13.0-rc7-next-20140110-34770-g1955a14 (pwalmsley@tamien) (gcc version 4.7.3 20130328 (prerelease) (crosstool-NG linaro-1.13.1-4.7-2013.04-20130415 - Linaro GCC 2013.04) ) #1 SMP PREEMPT Thu Jan 9 21:48:13 PST 2014
+Linux version 3.13.0-rc8-next-20140113-35155-gf56f922 (pwalmsley@tamien) (gcc version 4.7.3 20130328 (prerelease) (crosstool-NG linaro-1.13.1-4.7-2013.04-20130415 - Linaro GCC 2013.04) ) #1 SMP PREEMPT Sun Jan 12 23:18:14 PST 2014
 CPU: ARMv7 Processor [412fc0f2] revision 2 (ARMv7), cr=10c5387d
 CPU: PIPT / VIPT nonaliasing data cache, PIPT instruction cache
 Machine model: NVIDIA Tegra114 Dalmore evaluation board
@@ -66,14 +66,14 @@
 cma: CMA: reserved 16 MiB at ae800000
 Memory policy: Data cache writealloc
 On node 0 totalpages: 524032
-free_area_init_node: node 0, pgdat c07f5b40, node_mem_map c084d000
+free_area_init_node: node 0, pgdat c07f7b40, node_mem_map c084f000
   Normal zone: 1520 pages used for memmap
   Normal zone: 0 pages reserved
   Normal zone: 194560 pages, LIFO batch:31
   HighMem zone: 2574 pages used for memmap
   HighMem zone: 329472 pages, LIFO batch:31
 Tegra Revision: A01 SKU: 0 CPU Process: 1 Core Process: 1
-PERCPU: Embedded 8 pages/cpu @c1866000 s9024 r8192 d15552 u32768
+PERCPU: Embedded 8 pages/cpu @c1868000 s9024 r8192 d15552 u32768
 pcpu-alloc: s9024 r8192 d15552 u32768 alloc=8*4096
 pcpu-alloc: [0] 0 [0] 1 [0] 2 [0] 3 
 Built 1 zonelists in Zone order, mobility grouping on.  Total pages: 522512
@@ -81,7 +81,7 @@
 PID hash table entries: 4096 (order: 2, 16384 bytes)
 Dentry cache hash table entries: 131072 (order: 7, 524288 bytes)
 Inode-cache hash table entries: 65536 (order: 6, 262144 bytes)
-Memory: 2053748K/2096128K available (5669K kernel code, 316K rwdata, 1880K rodata, 248K init, 339K bss, 42380K reserved, 1317888K highmem)
+Memory: 2053740K/2096128K available (5677K kernel code, 316K rwdata, 1880K rodata, 248K init, 339K bss, 42388K reserved, 1317888K highmem)
 Virtual kernel memory layout:
     vector  : 0xffff0000 - 0xffff1000   (   4 kB)
     fixmap  : 0xfff00000 - 0xfffe0000   ( 896 kB)
@@ -89,10 +89,10 @@
     lowmem  : 0xc0000000 - 0xef800000   ( 760 MB)
     pkmap   : 0xbfe00000 - 0xc0000000   (   2 MB)
     modules : 0xbf000000 - 0xbfe00000   (  14 MB)
-      .text : 0xc0008000 - 0xc07678b0   (7551 kB)
-      .init : 0xc0768000 - 0xc07a6340   ( 249 kB)
-      .data : 0xc07a8000 - 0xc07f72a0   ( 317 kB)
-       .bss : 0xc07f72ac - 0xc084c118   ( 340 kB)
+      .text : 0xc0008000 - 0xc0769944   (7559 kB)
+      .init : 0xc076a000 - 0xc07a8340   ( 249 kB)
+      .data : 0xc07aa000 - 0xc07f92a0   ( 317 kB)
+       .bss : 0xc07f92ac - 0xc084e118   ( 340 kB)
 Preemptible hierarchical RCU implementation.
 NR_IRQS:16 nr_irqs:16 16
 sched_clock: 32 bits at 1000kHz, resolution 1000ns, wraps every 2147483648000ns
@@ -111,7 +111,7 @@
 /cpus/cpu@2 missing clock-frequency property
 /cpus/cpu@3 missing clock-frequency property
 CPU0: thread -1, cpu 0, socket 0, mpidr 80000000
-Setting up static identity map for 0x8055f508 - 0x8055f5a0
+Setting up static identity map for 0x80562228 - 0x805622c0
 CPU1: Booted secondary processor
 CPU1: thread -1, cpu 1, socket 0, mpidr 80000001
 CPU2: Booted secondary processor
@@ -358,7 +358,7 @@
 hub 1-0:1.0: USB hub found
 hub 1-0:1.0: 1 port detected
 input: gpio-keys.3 as /devices/soc0/gpio-keys.3/input/input1
-palmas-rtc rtc.8: setting system clock to 2000-04-05 08:15:30 UTC (954922530)
+palmas-rtc rtc.8: setting system clock to 2000-04-08 09:45:37 UTC (955187137)
 ALSA device list:
   #0: NVIDIA Tegra Dalmore
 kjournald starting.  Commit interval 5 seconds
@@ -367,7 +367,7 @@
 EXT3-fs (mmcblk0p1): mounted filesystem with writeback data mode
 VFS: Mounted root (ext3 filesystem) on device 179:1.
 devtmpfs: mounted
-Freeing unused kernel memory: 248K (c0768000 - c07a6000)
+Freeing unused kernel memory: 248K (c076a000 - c07a8000)
 bash: cannot set terminal process group (-1): Inappropriate ioctl for device
 bash: no job control in this shell
 I have no name!@(none):/# 
\ No newline at end of file
Diff for ./tegra114-dalmore-headless/tegra114-dalmore/multi_v7_defconfig_log.txt
--- /tmp/fooa	2014-01-12 23:39:10.981692550 -0800
+++ /tmp/foob	2014-01-12 23:39:10.985692552 -0800
@@ -30,13 +30,13 @@
 Load address: 0x81000000
 Loading: *#################################################  2.8 MiB/s
 done
-Bytes transferred = 4440232 (43c0a8 hex)
+Bytes transferred = 4443768 (43ce78 hex)
 Dalmore #tftpboot 0x82000000 tegra114-dalmore.dtb
 Using asx0 device
 TFTP from server 192.168.100.1; our IP address is 192.168.100.100
 Filename 'tegra114-dalmore.dtb'.
 Load address: 0x82000000
-Loading: *#################################################  2.7 MiB/s
+Loading: *#################################################  2.5 MiB/s
 done
 Bytes transferred = 34015 (84df hex)
 Dalmore #bootz 0x81000000 - 0x82000000
@@ -49,13 +49,13 @@
 Timer summary in microseconds:
        Mark    Elapsed  Stage
           0          0  awake
-  3,064,849  3,064,849  usb_start
-  7,068,145  4,003,296  eth_start
-  7,068,142         -3  tftp start
- 11,175,971  4,107,829  tftp done
- 13,079,957  1,903,986  start_kernel
+  3,044,605  3,044,605  usb_start
+  7,047,902  4,003,297  eth_start
+  7,047,900         -2  tftp start
+ 11,001,355  3,953,455  tftp done
+ 13,059,715  2,058,360  start_kernel
 Booting Linux on physical CPU 0x0
-Linux version 3.13.0-rc7-next-20140110-09280-g1955a14 (pwalmsley@kaivo) (gcc version 4.7.3 20130328 (prerelease) (crosstool-NG linaro-1.13.1-4.7-2013.04-20130415 - Linaro GCC 2013.04) ) #1 SMP Thu Jan 9 21:47:22 PST 2014
+Linux version 3.13.0-rc8-next-20140113-09665-gf56f922 (pwalmsley@kaivo) (gcc version 4.7.3 20130328 (prerelease) (crosstool-NG linaro-1.13.1-4.7-2013.04-20130415 - Linaro GCC 2013.04) ) #1 SMP Sun Jan 12 23:17:20 PST 2014
 CPU: ARMv7 Processor [412fc0f2] revision 2 (ARMv7), cr=10c5387d
 CPU: PIPT / VIPT nonaliasing data cache, PIPT instruction cache
 Machine model: NVIDIA Tegra114 Dalmore evaluation board
@@ -78,7 +78,7 @@
 PID hash table entries: 4096 (order: 2, 16384 bytes)
 Dentry cache hash table entries: 131072 (order: 7, 524288 bytes)
 Inode-cache hash table entries: 65536 (order: 6, 262144 bytes)
-Memory: 2052696K/2096128K available (5748K kernel code, 693K rwdata, 2296K rodata, 491K init, 286K bss, 43432K reserved, 1317888K highmem)
+Memory: 2052696K/2096128K available (5752K kernel code, 693K rwdata, 2296K rodata, 491K init, 286K bss, 43432K reserved, 1317888K highmem)
 Virtual kernel memory layout:
     vector  : 0xffff0000 - 0xffff1000   (   4 kB)
     fixmap  : 0xfff00000 - 0xfffe0000   ( 896 kB)
@@ -86,10 +86,10 @@
     lowmem  : 0xc0000000 - 0xef800000   ( 760 MB)
     pkmap   : 0xbfe00000 - 0xc0000000   (   2 MB)
     modules : 0xbf000000 - 0xbfe00000   (  14 MB)
-      .text : 0xc0008000 - 0xc07e3410   (8046 kB)
-      .init : 0xc07e4000 - 0xc085efc0   ( 492 kB)
-      .data : 0xc0860000 - 0xc090d6c0   ( 694 kB)
-       .bss : 0xc090d6c8 - 0xc0955278   ( 287 kB)
+      .text : 0xc0008000 - 0xc07e4480   (8050 kB)
+      .init : 0xc07e5000 - 0xc085ffc0   ( 492 kB)
+      .data : 0xc0860000 - 0xc090d6e0   ( 694 kB)
+       .bss : 0xc090d6e8 - 0xc0955278   ( 287 kB)
 SLUB: HWalign=64, Order=0-3, MinObjects=0, CPUs=4, Nodes=1
 Hierarchical RCU implementation.
 NR_IRQS:16 nr_irqs:16 16
@@ -107,7 +107,7 @@
 /cpus/cpu@2 missing clock-frequency property
 /cpus/cpu@3 missing clock-frequency property
 CPU0: thread -1, cpu 0, socket 0, mpidr 80000000
-Setting up static identity map for 0x8056e660 - 0x8056e6f8
+Setting up static identity map for 0x8056ff40 - 0x8056ffd8
 unable to find compatible sirf rstc node in dtb
 CPU1: Booted secondary processor
 CPU1: thread -1, cpu 1, socket 0, mpidr 80000001
@@ -319,4 +319,3 @@
  mmcblk0boot1: unknown partition table
  mmcblk0boot0: unknown partition table
 random: nonblocking pool is initialized
-tegra30-i2s 70080400.i2s: DMA channels sourced from device 70080000.ahub
Diff for ./tegra114-dalmore-headless/tegra114-dalmore/tegra_defconfig%tegra114_mergeconfig_log.txt
--- /tmp/fooa	2014-01-12 23:39:10.989692554 -0800
+++ /tmp/foob	2014-01-12 23:39:10.993692556 -0800
@@ -28,9 +28,9 @@
 TFTP from server 192.168.100.1; our IP address is 192.168.100.100
 Filename 'zImage.tegra_defconfig%tegra114_mergeconfig'.
 Load address: 0x81000000
-Loading: *#################################################  2.8 MiB/s
+Loading: *##################################################  2.7 MiB/s
 done
-Bytes transferred = 4132648 (3f0f28 hex)
+Bytes transferred = 4139760 (3f2af0 hex)
 Dalmore #tftpboot 0x82000000 tegra114-dalmore.dtb
 Using asx0 device
 TFTP from server 192.168.100.1; our IP address is 192.168.100.100
@@ -49,16 +49,16 @@
 Timer summary in microseconds:
        Mark    Elapsed  Stage
           0          0  awake
-  3,060,069  3,060,069  usb_start
-  7,064,946  4,004,877  eth_start
-  7,064,943         -3  tftp start
- 10,962,314  3,897,371  tftp done
- 13,075,187  2,112,873  start_kernel
+  3,104,945  3,104,945  usb_start
+  7,109,544  4,004,599  eth_start
+  7,109,542         -2  tftp start
+ 11,057,191  3,947,649  tftp done
+ 13,119,792  2,062,601  start_kernel
 Uncompressing Linux... done, booting the kernel.
 Booting Linux on physical CPU 0x0
 Initializing cgroup subsys cpu
 Initializing cgroup subsys cpuacct
-Linux version 3.13.0-rc7-next-20140110-09280-g1955a14 (pwalmsley@kaivo) (gcc version 4.7.3 20130328 (prerelease) (crosstool-NG linaro-1.13.1-4.7-2013.04-20130415 - Linaro GCC 2013.04) ) #1 SMP PREEMPT Thu Jan 9 21:51:22 PST 2014
+Linux version 3.13.0-rc8-next-20140113-09665-gf56f922 (pwalmsley@kaivo) (gcc version 4.7.3 20130328 (prerelease) (crosstool-NG linaro-1.13.1-4.7-2013.04-20130415 - Linaro GCC 2013.04) ) #1 SMP PREEMPT Sun Jan 12 23:21:20 PST 2014
 CPU: ARMv7 Processor [412fc0f2] revision 2 (ARMv7), cr=10c5387d
 CPU: PIPT / VIPT nonaliasing data cache, PIPT instruction cache
 Machine model: NVIDIA Tegra114 Dalmore evaluation board
@@ -66,14 +66,14 @@
 cma: CMA: reserved 16 MiB at ae800000
 Memory policy: Data cache writealloc
 On node 0 totalpages: 524032
-free_area_init_node: node 0, pgdat c07d4100, node_mem_map c082b000
+free_area_init_node: node 0, pgdat c07d8100, node_mem_map c082f000
   Normal zone: 1520 pages used for memmap
   Normal zone: 0 pages reserved
   Normal zone: 194560 pages, LIFO batch:31
   HighMem zone: 2574 pages used for memmap
   HighMem zone: 329472 pages, LIFO batch:31
 Tegra Revision: A01 SKU: 0 CPU Process: 1 Core Process: 1
-PERCPU: Embedded 8 pages/cpu @c1844000 s8960 r8192 d15616 u32768
+PERCPU: Embedded 8 pages/cpu @c1848000 s8960 r8192 d15616 u32768
 pcpu-alloc: s8960 r8192 d15616 u32768 alloc=8*4096
 pcpu-alloc: [0] 0 [0] 1 [0] 2 [0] 3 
 Built 1 zonelists in Zone order, mobility grouping on.  Total pages: 522512
@@ -81,7 +81,7 @@
 PID hash table entries: 4096 (order: 2, 16384 bytes)
 Dentry cache hash table entries: 131072 (order: 7, 524288 bytes)
 Inode-cache hash table entries: 65536 (order: 6, 262144 bytes)
-Memory: 2053884K/2096128K available (5644K kernel code, 302K rwdata, 1804K rodata, 232K init, 339K bss, 42244K reserved, 1317888K highmem)
+Memory: 2053868K/2096128K available (5656K kernel code, 302K rwdata, 1804K rodata, 232K init, 339K bss, 42260K reserved, 1317888K highmem)
 Virtual kernel memory layout:
     vector  : 0xffff0000 - 0xffff1000   (   4 kB)
     fixmap  : 0xfff00000 - 0xfffe0000   ( 896 kB)
@@ -89,10 +89,10 @@
     lowmem  : 0xc0000000 - 0xef800000   ( 760 MB)
     pkmap   : 0xbfe00000 - 0xc0000000   (   2 MB)
     modules : 0xbf000000 - 0xbfe00000   (  14 MB)
-      .text : 0xc0008000 - 0xc074e520   (7450 kB)
-      .init : 0xc074f000 - 0xc0789300   ( 233 kB)
-      .data : 0xc078a000 - 0xc07d5860   ( 303 kB)
-       .bss : 0xc07d586c - 0xc082a658   ( 340 kB)
+      .text : 0xc0008000 - 0xc07515b4   (7462 kB)
+      .init : 0xc0752000 - 0xc078c300   ( 233 kB)
+      .data : 0xc078e000 - 0xc07d9860   ( 303 kB)
+       .bss : 0xc07d986c - 0xc082e658   ( 340 kB)
 Preemptible hierarchical RCU implementation.
 NR_IRQS:16 nr_irqs:16 16
 sched_clock: 32 bits at 1000kHz, resolution 1000ns, wraps every 2147483648000ns
@@ -111,7 +111,7 @@
 /cpus/cpu@2 missing clock-frequency property
 /cpus/cpu@3 missing clock-frequency property
 CPU0: thread -1, cpu 0, socket 0, mpidr 80000000
-Setting up static identity map for 0x80559650 - 0x805596e8
+Setting up static identity map for 0x8055c370 - 0x8055c408
 CPU1: Booted secondary processor
 CPU1: thread -1, cpu 1, socket 0, mpidr 80000001
 CPU2: Booted secondary processor
