[    0.000000] Booting Linux on physical CPU 0x0000000000 [0x411fd070]
[    0.000000] Linux version 4.15.0-next-20180208-349377-g957f77188c8b (jonathanh@tamien) (gcc version 4.9.2 20140904 (prerelease) (crosstool-NG linaro-1.13.1-4.9-2014.09 - Linaro GCC 4.9-2014.09)) #1 SMP PREEMPT Wed Feb 7 19:23:46 PST 2018
[    0.000000] Machine model: linux,dummy-virt
[    0.000000] Memory limited to 1024MB
[    0.000000] efi: Getting EFI parameters from FDT:
[    0.000000] efi: UEFI not found.
[    0.000000] cma: Reserved 16 MiB at 0x000000007f000000
[    0.000000] NUMA: No NUMA configuration found
[    0.000000] NUMA: Faking a node at [mem 0x0000000000000000-0x000000007fffffff]
[    0.000000] NUMA: NODE_DATA [mem 0x7efeb000-0x7efecaff]
[    0.000000] Zone ranges:
[    0.000000]   DMA32    [mem 0x0000000040000000-0x000000007fffffff]
[    0.000000]   Normal   empty
[    0.000000] Movable zone start for each node
[    0.000000] Early memory node ranges
[    0.000000]   node   0: [mem 0x0000000040000000-0x000000007fffffff]
[    0.000000] Initmem setup node 0 [mem 0x0000000040000000-0x000000007fffffff]
[    0.000000] psci: probing for conduit method from DT.
[    0.000000] psci: PSCIv0.2 detected in firmware.
[    0.000000] psci: Using standard PSCI v0.2 function IDs
[    0.000000] psci: Trusted OS migration not required
[    0.000000] random: fast init done
[    0.000000] percpu: Embedded 24 pages/cpu @        (ptrval) s57984 r8192 d32128 u98304
[    0.000000] Detected PIPT I-cache on CPU0
[    0.000000] CPU features: enabling workaround for ARM erratum 832075
[    0.000000] CPU features: enabling workaround for ARM erratum 834220
[    0.000000] Built 1 zonelists, mobility grouping on.  Total pages: 258048
[    0.000000] Policy zone: DMA32
[    0.000000] Kernel command line: root=/dev/vda2 rw rootwait mem=1024M console=ttyAMA0,38400n8 init=/bin/bash
[    0.000000] Memory: 998052K/1048576K available (9980K kernel code, 1252K rwdata, 4628K rodata, 1152K init, 404K bss, 34140K reserved, 16384K cma-reserved)
[    0.000000] SLUB: HWalign=64, Order=0-3, MinObjects=0, CPUs=1, Nodes=1
[    0.000000] Preemptible hierarchical RCU implementation.
[    0.000000] 	RCU restricting CPUs from NR_CPUS=64 to nr_cpu_ids=1.
[    0.000000] 	Tasks RCU enabled.
[    0.000000] RCU: Adjusting geometry for rcu_fanout_leaf=16, nr_cpu_ids=1
[    0.000000] NR_IRQS: 64, nr_irqs: 64, preallocated irqs: 0
[    0.000000] GICv2m: range[mem 0x08020000-0x08020fff], SPI[80:143]
[    0.000000] arch_timer: cp15 timer(s) running at 62.50MHz (virt).
[    0.000000] clocksource: arch_sys_counter: mask: 0xffffffffffffff max_cycles: 0x1cd42e208c, max_idle_ns: 881590405314 ns
[    0.000195] sched_clock: 56 bits at 62MHz, resolution 16ns, wraps every 4398046511096ns
[    0.008586] Console: colour dummy device 80x25
[    0.010493] Calibrating delay loop (skipped), value calculated using timer frequency.. 125.00 BogoMIPS (lpj=250000)
[    0.010696] pid_max: default: 32768 minimum: 301
[    0.012010] Security Framework initialized
[    0.015228] Dentry cache hash table entries: 131072 (order: 8, 1048576 bytes)
[    0.016507] Inode-cache hash table entries: 65536 (order: 7, 524288 bytes)
[    0.016785] Mount-cache hash table entries: 2048 (order: 2, 16384 bytes)
[    0.016895] Mountpoint-cache hash table entries: 2048 (order: 2, 16384 bytes)
[    0.060654] ASID allocator initialised with 32768 entries
[    0.068479] Hierarchical SRCU implementation.
[    0.084475] EFI services will not be available.
[    0.090790] smp: Bringing up secondary CPUs ...
[    0.090936] smp: Brought up 1 node, 1 CPU
[    0.091007] SMP: Total of 1 processors activated.
[    0.091177] CPU features: detected feature: 32-bit EL0 Support
[    0.091328] CPU features: detected feature: Kernel page table isolation (KPTI)
[    0.111378] CPU: All CPU(s) started at EL1
[    0.111768] alternatives: patching kernel code
[    0.133073] devtmpfs: initialized
[    0.147654] Built 1 zonelists, mobility grouping on.  Total pages: 253609
[    0.147685] Policy zone: DMA32
[    0.158205] clocksource: jiffies: mask: 0xffffffff max_cycles: 0xffffffff, max_idle_ns: 7645041785100000 ns
[    0.158470] futex hash table entries: 256 (order: 3, 32768 bytes)
[    0.160901] pinctrl core: initialized pinctrl subsystem
[    0.206329] DMI not present or invalid.
[    0.215164] NET: Registered protocol family 16
[    0.219278] audit: initializing netlink subsys (disabled)
[    0.223173] audit: type=2000 audit(0.196:1): state=initialized audit_enabled=0 res=1
[    0.248396] cpuidle: using governor menu
[    0.251623] vdso: 2 pages (1 code @ 000000008fc570bd, 1 data @ 00000000f0084c20)
[    0.251917] hw-breakpoint: found 6 breakpoint and 4 watchpoint registers.
[    0.262977] DMA: preallocated 256 KiB pool for atomic allocations
[    0.275846] Serial: AMBA PL011 UART driver
[    0.361295] 9000000.pl011: ttyAMA0 at MMIO 0x9000000 (irq = 39, base_baud = 0) is a PL011 rev1
[    0.396554] console [ttyAMA0] enabled
[    0.671109] HugeTLB registered 2.00 MiB page size, pre-allocated 0 pages
[    0.678799] cryptd: max_cpu_qlen set to 1000
[    0.689339] ACPI: Interpreter disabled.
[    0.706355] vgaarb: loaded
[    0.710780] SCSI subsystem initialized
[    0.727282] usbcore: registered new interface driver usbfs
[    0.728904] usbcore: registered new interface driver hub
[    0.730093] usbcore: registered new device driver usb
[    0.742948] pps_core: LinuxPPS API ver. 1 registered
[    0.743351] pps_core: Software ver. 5.3.6 - Copyright 2005-2007 Rodolfo Giometti <giometti@linux.it>
[    0.745268] PTP clock support registered
[    0.748248] EDAC MC: Ver: 3.0.0
[    0.763229] Advanced Linux Sound Architecture Driver Initialized.
[    0.780807] clocksource: Switched to clocksource arch_sys_counter
[    0.784270] VFS: Disk quotas dquot_6.6.0
[    0.785694] VFS: Dquot-cache hash table entries: 512 (order 0, 4096 bytes)
[    0.788618] pnp: PnP ACPI: disabled
[    0.887040] NET: Registered protocol family 2
[    0.895968] tcp_listen_portaddr_hash hash table entries: 512 (order: 1, 8192 bytes)
[    0.897049] TCP established hash table entries: 8192 (order: 4, 65536 bytes)
[    0.898083] TCP bind hash table entries: 8192 (order: 5, 131072 bytes)
[    0.899004] TCP: Hash tables configured (established 8192 bind 8192)
[    0.901504] UDP hash table entries: 512 (order: 2, 16384 bytes)
[    0.902337] UDP-Lite hash table entries: 512 (order: 2, 16384 bytes)
[    0.904465] NET: Registered protocol family 1
[    0.918868] RPC: Registered named UNIX socket transport module.
[    0.919282] RPC: Registered udp transport module.
[    0.919580] RPC: Registered tcp transport module.
[    0.919863] RPC: Registered tcp NFSv4.1 backchannel transport module.
[    0.929714] hw perfevents: enabled with armv8_pmuv3 PMU driver, 1 counters available
[    0.931286] kvm [1]: HYP mode not available
[    0.963748] Initialise system trusted keyrings
[    0.966847] workingset: timestamp_bits=44 max_order=18 bucket_order=0
[    1.057654] squashfs: version 4.0 (2009/01/31) Phillip Lougher
[    1.070940] NFS: Registering the id_resolver key type
[    1.071478] Key type id_resolver registered
[    1.071769] Key type id_legacy registered
[    1.072161] nfs4filelayout_init: NFSv4 File Layout Driver Registering...
[    1.075128] 9p: Installing v9fs 9p2000 file system support
[    1.095196] Key type asymmetric registered
[    1.095494] Asymmetric key parser 'x509' registered
[    1.097726] Block layer SCSI generic (bsg) driver version 0.4 loaded (major 245)
[    1.098290] io scheduler noop registered
[    1.101514] io scheduler cfq registered (default)
[    1.101829] io scheduler mq-deadline registered
[    1.102102] io scheduler kyber registered
[    1.174867] pl061_gpio 9030000.pl061: PL061 GPIO chip @0x0000000009030000 registered
[    1.196328] PCI: OF: host bridge /pcie@10000000 ranges:
[    1.198059] PCI: OF:    IO 0x3eff0000..0x3effffff -> 0x00000000
[    1.198711] PCI: OF:   MEM 0x10000000..0x3efeffff -> 0x10000000
[    1.199039] PCI: OF:   MEM 0x8000000000..0xffffffffff -> 0x8000000000
[    1.200092] pci-host-generic 3f000000.pcie: ECAM at [mem 0x3f000000-0x3fffffff] for [bus 00-0f]
[    1.202740] pci-host-generic 3f000000.pcie: PCI host bridge to bus 0000:00
[    1.203275] pci_bus 0000:00: root bus resource [bus 00-0f]
[    1.203640] pci_bus 0000:00: root bus resource [io  0x0000-0xffff]
[    1.203934] pci_bus 0000:00: root bus resource [mem 0x10000000-0x3efeffff]
[    1.204247] pci_bus 0000:00: root bus resource [mem 0x8000000000-0xffffffffff]
[    1.237272] EINJ: ACPI disabled.
[    1.365820] Serial: 8250/16550 driver, 4 ports, IRQ sharing enabled
[    1.394323] SuperH (H)SCI(F) driver initialized
[    1.398373] msm_serial: driver initialized
[    1.407878] cacheinfo: Unable to detect cache hierarchy for CPU 0
[    1.460294] loop: module loaded
[    1.485608] virtio_blk virtio0: [vda] 6291456 512-byte logical blocks (3.22 GB/3.00 GiB)
[    1.510094]  vda: vda1 vda2
[    1.579954] libphy: Fixed MDIO Bus: probed
[    1.587951] tun: Universal TUN/TAP device driver, 1.6
[    1.613827] thunder_xcv, ver 1.0
[    1.614873] thunder_bgx, ver 1.0
[    1.615868] nicpf, ver 1.0
[    1.621367] e1000e: Intel(R) PRO/1000 Network Driver - 3.2.6-k
[    1.621669] e1000e: Copyright(c) 1999 - 2015 Intel Corporation.
[    1.623014] igb: Intel(R) Gigabit Ethernet Network Driver - version 5.4.0-k
[    1.623354] igb: Copyright (c) 2007-2014 Intel Corporation.
[    1.624154] igbvf: Intel(R) Gigabit Virtual Function Network Driver - version 2.4.0-k
[    1.624520] igbvf: Copyright (c) 2009 - 2012 Intel Corporation.
[    1.630047] sky2: driver version 1.30
[    1.638694] VFIO - User Level meta-driver version: 0.3
[    1.657220] ehci_hcd: USB 2.0 'Enhanced' Host Controller (EHCI) Driver
[    1.657593] ehci-pci: EHCI PCI platform driver
[    1.659283] ehci-platform: EHCI generic platform driver
[    1.661350] ehci-orion: EHCI orion driver
[    1.662452] ehci-exynos: EHCI EXYNOS driver
[    1.663787] ohci_hcd: USB 1.1 'Open' Host Controller (OHCI) Driver
[    1.664193] ohci-pci: OHCI PCI platform driver
[    1.666187] ohci-platform: OHCI generic platform driver
[    1.667373] ohci-exynos: OHCI EXYNOS driver
[    1.674129] usbcore: registered new interface driver usb-storage
[    1.712471] rtc-pl031 9010000.pl031: rtc core: registered pl031 as rtc0
[    1.721413] i2c /dev entries driver
[    1.769160] sdhci: Secure Digital Host Controller Interface driver
[    1.769463] sdhci: Copyright(c) Pierre Ossman
[    1.773803] Synopsys Designware Multimedia Card Interface Driver
[    1.784036] sdhci-pltfm: SDHCI platform and OF driver helper
[    1.799018] ledtrig-cpu: registered to indicate activity on CPUs
[    1.815843] usbcore: registered new interface driver usbhid
[    1.816131] usbhid: USB HID core driver
[    1.842160] NET: Registered protocol family 17
[    1.843847] 9pnet: Installing 9P2000 support
[    1.845204] Key type dns_resolver registered
[    1.850586] registered taskstats version 1
[    1.850838] Loading compiled-in X.509 certificates
[    1.864264] input: gpio-keys as /devices/platform/gpio-keys/input/input0
[    1.869760] rtc-pl031 9010000.pl031: setting system clock to 2018-02-08 03:30:49 UTC (1518060649)
[    1.871497] ALSA device list:
[    1.871694]   No soundcards found.
[    1.877369] uart-pl011 9000000.pl011: no DMA platform data
[    1.885454] EXT4-fs (vda2): couldn't mount as ext3 due to feature incompatibilities
[    1.942561] EXT4-fs (vda2): recovery complete
[    1.943561] EXT4-fs (vda2): mounted filesystem with ordered data mode. Opts: (null)
[    1.944256] VFS: Mounted root (ext4 filesystem) on device 254:2.
[    1.949220] devtmpfs: mounted
[    2.051259] Freeing unused kernel memory: 1152K
bash: cannot set terminal process group (-1): Inappropriate ioctl for device
bash: no job control in this shell
bash-4.3# 