[0000.744] [TegraBoot] (version 23.00.2015.14-mobile-1ef66670)
[0000.749] Processing in cold boot mode Bootloader 2
[0000.754] A01Q Bootrom Patch rev = 3
[0000.757] Power-up reason: pmu watchdog
[0000.761] No Battery Present
[0000.764] Platform has Ddr4 type ram
[0000.767] max77620 disabling SD1 Remote Sense
[0000.771] Setting Ddr voltage to 1125mv
[0000.776] Serial Number of Pmic Max77663: 0x40daf
[0000.783] Entering ramdump check
[0000.786] Get RamDumpCarveOut = 0x0
[0000.790] RamDumpCarveOut=0x0,  RamDumperFlag=0xe59ff3f8
[0000.795] Last reboot was clean, booting normally!
[0000.799] Sdram initialization is successful 
[0000.803] SecureOs Carveout Base=0xff800000 Size=0x00800000
[0000.809] GSC1 Carveout Base=0xff700000 Size=0x00100000
[0000.835] GSC2 Carveout Base=0xff600000 Size=0x00100000
[0000.861] GSC3 Carveout Base=0xff500000 Size=0x00100000
[0000.866] GSC4 Carveout Base=0xff400000 Size=0x00100000
[0000.871] GSC5 Carveout Base=0xff300000 Size=0x00100000
[0000.876] BpmpFw Carveout Base=0xff2c0000 Size=0x00040000
[0000.881] Lp0 Carveout Base=0xff2bf000 Size=0x00001000
[0000.897] RamDump Carveout Base=0xff23f000 Size=0x00080000
[0000.902] Platform-DebugCarveout: 0
[0000.905] Nck Carveout Base=0xff03f000 Size=0x00200000
[0000.955] Using GPT Primary to query partitions 
[0000.961] Loading Tboot-CPU binary
[0001.010] Verifying bootloader in OdmNonSecureSBK mode
[0001.019] Bootloader load address is 0xa0000000,                            entry address is 0xa0000258
[0001.029] Bootloader downloaded successfully.
[0001.033] Downloaded Tboot-CPU binary to 0xa0000258
[0001.038] MAX77620_GPIO1 Configured.
[0001.042] MAX77620_GPIO5 Configured.
[0001.045] CPU power rail is up
[0001.048] CPU clock enabled
[0001.052] Performing RAM repair
[0001.055] Updating A64 Warmreset Address to 0xa00002e9
[0001.074] Bootloader DTB Load Address: 0x83000000
[0001.092] Kernel DTB Load Address: 0x83080000
[0001.097] Loading cboot binary
[0001.192] Verifying bootloader in OdmNonSecureSBK mode
[0001.279] Bootloader load address is 0x8010fda8,                            entry address is 0x80110000
[0001.288] Bootloader downloaded successfully.
[0001.293] GPT: Partition NOT found ! 
[0001.296] Find Partition via GPT Failed
[0001.300] function NvTbootGetBinaryOffsets: 0x845208 error
[0001.305] Error in NvTbootLoadBinary: 0x845208 !
[0001.310] GPT: Partition NOT found ! 
[0001.313] No FB partition
[0001.315] Next binary entry address: 0x80110000 
[0001.320] BoardId: 2595
[0001.325] dram memory type is 3
[0001.331] WB0 init successful
[0001.357] Bpmp FW successfully loaded
[0001.360] Set NvDecSticky Bits
[0001.364] GSC1 address : ff700000
[0001.368] GSC2 address : ff600000
[0001.371] GSC3 address : ff500000
[0001.375] GSC4 address : ff400000
[0001.379] GSC5 address : ff300000
[0001.382] GSC MC Settings done
[0001.387] TOS old plaintext Image length 61440
[0001.393] *** Secure OS image signature not verified ***
[0001.398] Loading and Validation of Secure OS Successful
[0001.404] NvTbootPackSdramParams: start. 
[0001.409] NvTbootPackSdramParams: done. 
[0001.412] Tegraboot started after 736723 us
[0001.416] Basic modules init took 349102 us
[0001.420] Sec Bootdevice Read Time = 203 ms, Read Size = 8459 KB
[0001.426] Next stage binary read took 14942 us
[0001.430] Carveout took 253616 us
[0001.434] CPU initialization took 92305 us
[0001.437] Total time taken by TegraBoot 709965 us

[0001.442] Starting CPU & Halting co-processor 

64b[0001.577] LPDDR4 Training: Number of tables = 10
[0001.582] EMC Training (SRC-freq: 204000; DST-freq: 408000)
[0001.588] EMC Training Successful
[0001.591] EMC Training (SRC-freq: 204000; DST-freq: 665600)
[0001.597] EMC Training Successful
[0001.600] EMC Training (SRC-freq: 204000; DST-freq: 800000)
[0001.611] EMC Training Successful
[0001.614] EMC Training (SRC-freq: 204000; DST-freq: 1065600)
[0001.637] EMC Training Successful
[0001.640] EMC Training (SRC-freq: 204000; DST-freq: 1331200)
[0001.662] EMC Training Successful
[0001.665] EMC Training (SRC-freq: 204000; DST-freq: 1600000)
[0001.684] EMC Training Successful
[0001.687] Switching to 800000 KHz Success
[0001.721] LPDDR4 Training: Number of tables = 10


U-Boot 2015.07-rc2-g2ac3917 (Nov 09 2015 - 13:12:08 -0800)

TEGRA210
Model: NVIDIA P2371-0000
DRAM:  3 GiB
MC:   Tegra SD/MMC: 0, Tegra SD/MMC: 1
*** Warning - bad CRC, using default environment

In:    serial
Out:   serial
Err:   serial
Net:   Net Initialization Skipped
No ethernet found.
Hit any key to stop autoboot:  2  0 
Tegra210 (P2371-0000) # 
Tegra210 (P2371-0000) # ums 0 mmc 0
UMS: disk start sector: 0x0, count: 0x1d5a000
|/-\|/-\/-\|/-\/-\|/-\/-\|/-\/-\|/-\/-\|/-\/-\|/-\/-\|/-\/-\|/-\/-\|/-\/-\|/-\/-\|/-\/-\|/-\/-\|/-\/-\|/-\/-\|/-\/-\|/-\/-\|/-\/-\|/-\/-\|/-\/-\|/-\/-\|/-\/-\|/-\/-\|/-\/-\|/-\/-\|/-\/-CTRL+C - Operation aborted
Tegra210 (P2371-0000) # 
Tegra210 (P2371-0000) # env set fdt_copy_node_names /cpus:/psci
Tegra210 (P2371-0000) # setenv rootpart 1
Tegra210 (P2371-0000) # setenv devtype mmc
Tegra210 (P2371-0000) # setenv devnum 0
Tegra210 (P2371-0000) # part uuid ${devtype} ${devnum}:${rootpart} uuid
Tegra210 (P2371-0000) # setenv bootargs ignore_loglevel console=ttyS0,115200n8 earlycon=uart8250,mmio32,0x70006000 rw root=PARTUUID=00000000-0001-0000-788f-a75600000000 rootwait debug earlyprintk init=/bin/bash
Tegra210 (P2371-0000) # load ${devtype} ${devnum}:${rootpart} ${kernel_addr_r} /boot/Image.defconfig
13085184 bytes read in 759 ms (16.4 MiB/s)
Tegra210 (P2371-0000) # load ${devtype} ${devnum}:${rootpart} ${fdt_addr_r} /boot/tegra210-p2371-0000.dtb
39484 bytes read in 453 ms (85 KiB/s)
Tegra210 (P2371-0000) # load ${devtype} ${devnum}:${rootpart} ${ramdisk_addr_r} /boot/tegra-ramdisk.img
1627787 bytes read in 494 ms (3.1 MiB/s)
Tegra210 (P2371-0000) # ramdisk_size=${filesize}
Tegra210 (P2371-0000) # booti ${kernel_addr_r} - ${fdt_addr_r}
## Flattened Device Tree blob at 82000000
   Booting using the fdt blob at 0x82000000
   Using Device Tree in place at 0000000082000000, end 000000008200ca3b

Starting kernel ...

[    0.000000] Booting Linux on physical CPU 0x0
[    0.000000] Linux version 4.7.0-rc3-next-20160616+ (pwalmsley@tamien) (gcc version 4.9.2 20140904 (prerelease) (crosstool-NG linaro-1.13.1-4.9-2014.09 - Linaro GCC 4.9-2014.09) ) #1 SMP PREEMPT Wed Jun 15 23:21:07 PDT 2016
[    0.000000] Boot CPU: AArch64 Processor [411fd071]
[    0.000000] debug: ignoring loglevel setting.
[    0.000000] earlycon: uart8250 at MMIO32 0x0000000070006000 (options '')
[    0.000000] bootconsole [uart8250] enabled
[    0.000000] efi: Getting EFI parameters from FDT:
[    0.000000] efi: UEFI not found.
[    0.000000] cma: Reserved 16 MiB at 0x00000000fe000000
[    0.000000] On node 0 totalpages: 782848
[    0.000000]   DMA zone: 8192 pages used for memmap
[    0.000000]   DMA zone: 0 pages reserved
[    0.000000]   DMA zone: 520704 pages, LIFO batch:31
[    0.000000]   Normal zone: 4096 pages used for memmap
[    0.000000]   Normal zone: 262144 pages, LIFO batch:31
[    0.000000] psci: probing for conduit method from DT.
[    0.000000] psci: PSCIv0.2 detected in firmware.
[    0.000000] psci: Using standard PSCI v0.2 function IDs
[    0.000000] psci: MIGRATE_INFO_TYPE not supported.
[    0.000000] percpu: Embedded 20 pages/cpu @ffff8000bff51000 s42880 r8192 d30848 u81920
[    0.000000] pcpu-alloc: s42880 r8192 d30848 u81920 alloc=20*4096
[    0.000000] pcpu-alloc: [0] 0 [0] 1 [0] 2 [0] 3 
[    0.000000] Detected PIPT I-cache on CPU0
[    0.000000] CPU features: enabling workaround for ARM erratum 832075
[    0.000000] CPU features: enabling workaround for ARM erratum 834220
[    0.000000] Built 1 zonelists in Zone order, mobility grouping on.  Total pages: 770560
[    0.000000] Kernel command line: ignore_loglevel console=ttyS0,115200n8 earlycon=uart8250,mmio32,0x70006000 rw root=PARTUUID=00000000-0001-0000-788f-a75600000000 rootwait debug earlyprintk init=/bin/bash
[    0.000000] log_buf_len individual max cpu contribution: 4096 bytes
[    0.000000] log_buf_len total cpu_extra contributions: 12288 bytes
[    0.000000] log_buf_len min size: 16384 bytes
[    0.000000] log_buf_len: 32768 bytes
[    0.000000] early log buf free: 14272(87%)
[    0.000000] PID hash table entries: 4096 (order: 3, 32768 bytes)
[    0.000000] Dentry cache hash table entries: 524288 (order: 10, 4194304 bytes)
[    0.000000] Inode-cache hash table entries: 262144 (order: 9, 2097152 bytes)
[    0.000000] software IO TLB [mem 0xfa000000-0xfe000000] (64MB) mapped at [ffff80007a000000-ffff80007dffffff]
[    0.000000] Memory: 2979896K/3131392K available (7660K kernel code, 682K rwdata, 3472K rodata, 960K init, 261K bss, 135112K reserved, 16384K cma-reserved)
[    0.000000] Virtual kernel memory layout:
[    0.000000]     modules : 0xffff000000000000 - 0xffff000008000000   (   128 MB)
[    0.000000]     vmalloc : 0xffff000008000000 - 0xffff7dffbfff0000   (129022 GB)
[    0.000000]       .text : 0xffff000008080000 - 0xffff0000087f0000   (  7616 KB)
[    0.000000]     .rodata : 0xffff0000087f0000 - 0xffff000008b60000   (  3520 KB)
[    0.000000]       .init : 0xffff000008b60000 - 0xffff000008c50000   (   960 KB)
[    0.000000]       .data : 0xffff000008c50000 - 0xffff000008cfaa00   (   683 KB)
[    0.000000]        .bss : 0xffff000008cfaa00 - 0xffff000008d3be38   (   262 KB)
[    0.000000]     fixed   : 0xffff7dfffe7fd000 - 0xffff7dfffec00000   (  4108 KB)
[    0.000000]     PCI I/O : 0xffff7dfffee00000 - 0xffff7dffffe00000   (    16 MB)
[    0.000000]     vmemmap : 0xffff7e0000000000 - 0xffff800000000000   (  2048 GB maximum)
[    0.000000]               0xffff7e0000000000 - 0xffff7e0003000000   (    48 MB actual)
[    0.000000]     memory  : 0xffff800000000000 - 0xffff8000c0000000   (  3072 MB)
[    0.000000] SLUB: HWalign=64, Order=0-3, MinObjects=0, CPUs=4, Nodes=1
[    0.000000] Preemptible hierarchical RCU implementation.
[    0.000000] 	Build-time adjustment of leaf fanout to 64.
[    0.000000] 	RCU restricting CPUs from NR_CPUS=64 to nr_cpu_ids=4.
[    0.000000] RCU: Adjusting geometry for rcu_fanout_leaf=64, nr_cpu_ids=4
[    0.000000] NR_IRQS:64 nr_irqs:64 0
[    0.000000] GIC: Using split EOI/Deactivate mode
[    0.000000] /interrupt-controller@60004000: 192 interrupts forwarded to /interrupt-controller@50041000
[    0.000000] PLL_MB already enabled. Postponing set full defaults
[    0.000000] PLL_U already enabled. Postponing set full defaults
[    0.000000] PLL_P already enabled. Postponing set full defaults
[    0.000000] PLL_X already enabled. Postponing set full defaults
[    0.000000] boot misc1 0x0: expected 0x20
[    0.000000]  (comparison mask = 0xffffff)
[    0.000000] Architected cp15 timer(s) running at 19.20MHz (phys).
[    0.000000] clocksource: arch_sys_counter: mask: 0xffffffffffffff max_cycles: 0x46d987e47, max_idle_ns: 440795202767 ns
[    0.000004] sched_clock: 56 bits at 19MHz, resolution 52ns, wraps every 4398046511078ns
[    0.008400] Console: colour dummy device 80x25
[    0.013015] Calibrating delay loop (skipped), value calculated using timer frequency.. 38.40 BogoMIPS (lpj=76800)
[    0.023634] pid_max: default: 32768 minimum: 301
[    0.028478] Security Framework initialized
[    0.032757] Mount-cache hash table entries: 8192 (order: 4, 65536 bytes)
[    0.039682] Mountpoint-cache hash table entries: 8192 (order: 4, 65536 bytes)
[    0.047877] ASID allocator initialised with 65536 entries
[    0.078248] Speedo Revision 4
[    0.081329] Tegra Revision: A01 SKU: 1 CPU Process: -22 SoC Process: -22
[    0.088775] EFI services will not be available.
[    0.117589] Detected PIPT I-cache on CPU1
[    0.117630] CPU1: Booted secondary processor [411fd071]
[    0.133619] Detected PIPT I-cache on CPU2
[    0.133652] CPU2: Booted secondary processor [411fd071]
[    0.149660] Detected PIPT I-cache on CPU3
[    0.149692] CPU3: Booted secondary processor [411fd071]
[    0.149762] Brought up 4 CPUs
[    0.181430] SMP: Total of 4 processors activated.
[    0.186301] CPU features: detected feature: 32-bit EL0 Support
[    0.192342] CPU: All CPU(s) started at EL2
[    0.196598] alternatives: patching kernel code
[    0.204117] devtmpfs: initialized
[    0.215771] DMI not present or invalid.
[    0.219917] clocksource: jiffies: mask: 0xffffffff max_cycles: 0xffffffff, max_idle_ns: 7645041785100000 ns
[    0.230379] pinctrl core: initialized pinctrl subsystem
[    0.236965] NET: Registered protocol family 16
[    0.257627] cpuidle: using governor menu
[    0.261855] vdso: 2 pages (1 code @ ffff0000087f6000, 1 data @ ffff000008c54000)
[    0.269510] hw-breakpoint: found 6 breakpoint and 4 watchpoint registers.
[    0.277266] DMA: preallocated 256 KiB pool for atomic allocations
[    0.283751] Serial: AMBA PL011 UART driver
[    0.316469] HugeTLB registered 2 MB page size, pre-allocated 0 pages
[    0.324352] ACPI: Interpreter disabled.
[    0.329234] vgaarb: loaded
[    0.332268] SCSI subsystem initialized
[    0.336313] libata version 3.00 loaded.
[    0.340608] usbcore: registered new interface driver usbfs
[    0.346337] usbcore: registered new interface driver hub
[    0.351920] usbcore: registered new device driver usb
[    0.357790] pps_core: LinuxPPS API ver. 1 registered
[    0.362926] pps_core: Software ver. 5.3.6 - Copyright 2005-2007 Rodolfo Giometti <giometti@linux.it>
[    0.372382] PTP clock support registered
[    0.376638] dmi: Firmware registration failed.
[    0.381370] Advanced Linux Sound Architecture Driver Initialized.
[    0.388399] clocksource: Switched to clocksource arch_sys_counter
[    0.394804] VFS: Disk quotas dquot_6.6.0
[    0.398920] VFS: Dquot-cache hash table entries: 512 (order 0, 4096 bytes)
[    0.406258] pnp: PnP ACPI: disabled
[    0.417152] NET: Registered protocol family 2
[    0.422163] TCP established hash table entries: 32768 (order: 6, 262144 bytes)
[    0.429835] TCP bind hash table entries: 32768 (order: 7, 524288 bytes)
[    0.436949] TCP: Hash tables configured (established 32768 bind 32768)
[    0.443927] UDP hash table entries: 2048 (order: 4, 65536 bytes)
[    0.450183] UDP-Lite hash table entries: 2048 (order: 4, 65536 bytes)
[    0.457044] NET: Registered protocol family 1
[    0.461872] RPC: Registered named UNIX socket transport module.
[    0.468007] RPC: Registered udp transport module.
[    0.472887] RPC: Registered tcp transport module.
[    0.477755] RPC: Registered tcp NFSv4.1 backchannel transport module.
[    0.484435] PCI: CLS 0 bytes, default 128
[    0.489708] kvm [1]: 8-bit VMID
[    0.492974] kvm [1]: Hyp mode initialized successfully
[    0.498341] kvm [1]: vgic-v2@50044000
[    0.502164] kvm [1]: vgic interrupt IRQ1
[    0.506332] kvm [1]: virtual timer IRQ4
[    0.512359] futex hash table entries: 1024 (order: 5, 131072 bytes)
[    0.518921] audit: initializing netlink subsys (disabled)
[    0.524527] audit: type=2000 audit(0.459:1): initialized
[    0.530409] workingset: timestamp_bits=44 max_order=20 bucket_order=0
[    0.546810] squashfs: version 4.0 (2009/01/31) Phillip Lougher
[    0.553677] NFS: Registering the id_resolver key type
[    0.558955] Key type id_resolver registered
[    0.563283] Key type id_legacy registered
[    0.567620] nfs4filelayout_init: NFSv4 File Layout Driver Registering...
[    0.574713] fuse init (API version 7.24)
[    0.579262] 9p: Installing v9fs 9p2000 file system support
[    0.587133] io scheduler noop registered
[    0.591373] io scheduler cfq registered (default)
[    0.597033] libphy: mdio_driver_register: phy-bcm-ns2-pci
[    0.612077] tegra-apbdma 60020000.dma: Tegra20 APB DMA driver register 32 channels
[    0.620558] tegra-pmc 7000e400.pmc: i2c-thermtrip node not found, emergency thermal reset disabled.
[    0.630141] xenfs: not registering filesystem on non-xen platform
[    0.639954] Serial: 8250/16550 driver, 4 ports, IRQ sharing disabled
[    0.648060] console [ttyS0] disabled
[    0.651829] 70006000.serial: ttyS0 at MMIO 0x70006000 (irq = 312, base_baud = 25500000) is a Tegra
[    0.661152] console [ttyS0] enabled
[    0.661152] console [ttyS0] enabled
[    0.668339] bootconsole [uart8250] disabled
[    0.668339] bootconsole [uart8250] disabled
[    0.677260] SuperH (H)SCI(F) driver initialized
[    0.682063] msm_serial: driver initialized
[    0.686525] Unable to detect cache hierarchy from DT for CPU 0
[    0.697006] loop: module loaded
[    0.701939] tun: Universal TUN/TAP device driver, 1.6
[    0.706997] tun: (C) 1999-2004 Max Krasnyansky <maxk@qualcomm.com>
[    0.713603] e1000e: Intel(R) PRO/1000 Network Driver - 3.2.6-k
[    0.719474] e1000e: Copyright(c) 1999 - 2015 Intel Corporation.
[    0.725451] igb: Intel(R) Gigabit Ethernet Network Driver - version 5.3.0-k
[    0.732409] igb: Copyright (c) 2007-2014 Intel Corporation.
[    0.738035] igbvf: Intel(R) Gigabit Virtual Function Network Driver - version 2.0.2-k
[    0.745861] igbvf: Copyright (c) 2009 - 2012 Intel Corporation.
[    0.751830] sky2: driver version 1.30
[    0.755892] VFIO - User Level meta-driver version: 0.3
[    0.761886] ehci_hcd: USB 2.0 'Enhanced' Host Controller (EHCI) Driver
[    0.768440] ehci-pci: EHCI PCI platform driver
[    0.772935] ehci-platform: EHCI generic platform driver
[    0.778246] ehci-msm: Qualcomm On-Chip EHCI Host Controller
[    0.783885] ohci_hcd: USB 1.1 'Open' Host Controller (OHCI) Driver
[    0.790075] ohci-pci: OHCI PCI platform driver
[    0.794564] ohci-platform: OHCI generic platform driver
[    0.800036] usbcore: registered new interface driver usb-storage
[    0.806844] mousedev: PS/2 mouse device common for all mice
[    0.812971] i2c /dev entries driver
[    0.817847] sdhci: Secure Digital Host Controller Interface driver
[    0.824034] sdhci: Copyright(c) Pierre Ossman
[    0.828468] Synopsys Designware Multimedia Card Interface Driver
[    0.834789] sdhci-pltfm: SDHCI platform and OF driver helper
[    0.840688] mmc0: Unknown controller version (3). You may experience problems.
[    0.884427] mmc0: SDHCI controller on 700b0600.sdhci [700b0600.sdhci] using ADMA 64-bit
[    0.894958] ledtrig-cpu: registered to indicate activity on CPUs
[    0.904671] usbcore: registered new interface driver usbhid
[    0.910267] usbhid: USB HID core driver
[    0.915632] NET: Registered protocol family 17
[    0.920191] 9pnet: Installing 9P2000 support
[    0.924554] Key type dns_resolver registered
[    0.932700] registered taskstats version 1
[    0.937103] hctosys: unable to open rtc device (rtc0)
[    0.948752] ALSA device list:
[    0.951718]   No soundcards found.
[    0.955388] Waiting for root device PARTUUID=00000000-0001-0000-788f-a75600000000...
[    0.994920] mmc0: new high speed MMC card at address 0001
[    1.004746] mmcblk0: mmc0:0001 SDW16G 14.7 GiB 
[    1.009462] mmcblk0boot0: mmc0:0001 SDW16G partition 1 4.00 MiB
[    1.019561] mmcblk0boot1: mmc0:0001 SDW16G partition 2 4.00 MiB
[    1.025635] mmcblk0rpmb: mmc0:0001 SDW16G partition 3 4.00 MiB
[    1.033293]  mmcblk0: p1 p2 p3 p4 p5 p6 p7 p8 p9 p10 p11 p12 p13 p14 p15 p16 p17 p18
[    1.066400] EXT4-fs (mmcblk0p1): couldn't mount as ext3 due to feature incompatibilities
[    1.091970] EXT4-fs (mmcblk0p1): mounted filesystem with ordered data mode. Opts: (null)
[    1.100084] VFS: Mounted root (ext4 filesystem) on device 179:1.
[    1.109806] devtmpfs: mounted
[    1.113344] Freeing unused kernel memory: 960K (ffff800000b60000 - ffff800000c50000)
bash: cannot set terminal process group (-1): Inappropriate ioctl for device
bash: no job control in this shell
root@(none):/# 