

U-Boot 2011.03 (Jun 11 2013 - 06:07:37)

T114
Board: NVIDIA Dalmore
DRAM:  2 GiB
MMC:   Tegra2 SD/MMC: 0, Tegra2 SD/MMC: 1
In:    serial
Out:   serial
Err:   serial
Net:   Net Initialization Skipped
No ethernet found.
Hit any key to stop autoboot:  2  0 
Dalmore #
Dalmore #usb reset
(Re)start USB...
USB:   Register 10011 NbrPorts 1
USB EHCI 1.10
scanning bus for devices... 2 USB Device(s) found
       scanning bus for storage devices... 0 Storage Device(s) found
       scanning bus for ethernet devices... 1 Ethernet Device(s) found
Dalmore #setenv bootargs 'ignore_loglevel console=ttyS0,115200n8 rw root=/dev/mmcblk0p1 rootwait gpt debug init=/bin/bash'
Dalmore #setenv ipaddr 192.168.100.100; setenv serverip 192.168.100.1; setenv tftpserverip 192.168.100.1
Dalmore #tftpboot 0x81000000 zImage.multi_v7_defconfig
Waiting for Ethernet connection... done.
Using asx0 device
TFTP from server 192.168.100.1; our IP address is 192.168.100.100
Filename 'zImage.multi_v7_defconfig'.
Load address: 0x81000000
Loading: *#################################################  2.8 MiB/s
done
Bytes transferred = 3681112 (382b58 hex)
Dalmore #tftpboot 0x82000000 tegra114-dalmore.dtb
Using asx0 device
TFTP from server 192.168.100.1; our IP address is 192.168.100.100
Filename 'tegra114-dalmore.dtb'.
Load address: 0x82000000
Loading: *#################################################  2.5 MiB/s
done
Bytes transferred = 31442 (7ad2 hex)
Dalmore #bootz 0x81000000 - 0x82000000
## Flattened Device Tree blob at 82000000
   Booting using the fdt blob at 0x82000000
   Loading Device Tree to 81ff5000, end 81fffad1 ... OK

Starting kernel ...

Timer summary in microseconds:
       Mark    Elapsed  Stage
          0          0  awake
  2,118,864  2,118,864  usb_start
  6,122,595  4,003,731  eth_start
  6,122,592         -3  tftp start
  9,802,228  3,679,636  tftp done
 11,134,425  1,332,197  start_kernel
[    0.000000] Booting Linux on physical CPU 0x0
[    0.000000] Linux version 3.13.0-rc4-next-20131218-30434-g1dbb6a2 (pwalmsley@kaivo) (gcc version 4.7.3 20130328 (prerelease) (crosstool-NG linaro-1.13.1-4.7-2013.04-20130415 - Linaro GCC 2013.04) ) #1 SMP Wed Dec 18 00:17:07 PST 2013
[    0.000000] CPU: ARMv7 Processor [412fc0f2] revision 2 (ARMv7), cr=10c5387d
[    0.000000] CPU: PIPT / VIPT nonaliasing data cache, PIPT instruction cache
[    0.000000] Machine model: NVIDIA Tegra114 Dalmore evaluation board
[    0.000000] debug: ignoring loglevel setting.
[    0.000000] Memory policy: Data cache writealloc
[    0.000000] On node 0 totalpages: 524032
[    0.000000] free_area_init_node: node 0, pgdat c075a200, node_mem_map c07a2000
[    0.000000]   DMA zone: 1520 pages used for memmap
[    0.000000]   DMA zone: 0 pages reserved
[    0.000000]   DMA zone: 194560 pages, LIFO batch:31
[    0.000000]   HighMem zone: 2574 pages used for memmap
[    0.000000]   HighMem zone: 329472 pages, LIFO batch:31
[    0.000000] Tegra Revision: A01 SKU: 0 CPU Process: 1 Core Process: 1
[    0.000000] PERCPU: Embedded 5 pages/cpu @c17bb000 s6976 r0 d13504 u32768
[    0.000000] pcpu-alloc: s6976 r0 d13504 u32768 alloc=8*4096
[    0.000000] pcpu-alloc: [0] 0 [0] 1 [0] 2 [0] 3 
[    0.000000] Built 1 zonelists in Zone order, mobility grouping on.  Total pages: 522512
[    0.000000] Kernel command line: ignore_loglevel console=ttyS0,115200n8 rw root=/dev/mmcblk0p1 rootwait gpt debug init=/bin/bash
[    0.000000] PID hash table entries: 4096 (order: 2, 16384 bytes)
[    0.000000] Dentry cache hash table entries: 131072 (order: 7, 524288 bytes)
[    0.000000] Inode-cache hash table entries: 65536 (order: 6, 262144 bytes)
[    0.000000] Memory: 2070904K/2096128K available (5007K kernel code, 588K rwdata, 1440K rodata, 462K init, 282K bss, 25224K reserved, 1317888K highmem)
[    0.000000] Virtual kernel memory layout:
[    0.000000]     vector  : 0xffff0000 - 0xffff1000   (   4 kB)
[    0.000000]     fixmap  : 0xfff00000 - 0xfffe0000   ( 896 kB)
[    0.000000]     vmalloc : 0xf0000000 - 0xff000000   ( 240 MB)
[    0.000000]     lowmem  : 0xc0000000 - 0xef800000   ( 760 MB)
[    0.000000]     pkmap   : 0xbfe00000 - 0xc0000000   (   2 MB)
[    0.000000]       .text : 0xc0008000 - 0xc0653e18   (6448 kB)
[    0.000000]       .init : 0xc0654000 - 0xc06c7b40   ( 463 kB)
[    0.000000]       .data : 0xc06c8000 - 0xc075b000   ( 588 kB)
[    0.000000]        .bss : 0xc075b008 - 0xc07a19d4   ( 283 kB)
[    0.000000] SLUB: HWalign=64, Order=0-3, MinObjects=0, CPUs=4, Nodes=1
[    0.000000] Hierarchical RCU implementation.
[    0.000000] NR_IRQS:16 nr_irqs:16 16
[    0.000000] sched_clock: 32 bits at 1000kHz, resolution 1000ns, wraps every 2147483648000ns
[    0.000000] Architected cp15 timer(s) running at 12.00MHz (virt).
[    0.000000] sched_clock: 56 bits at 12MHz, resolution 83ns, wraps every 2863311536128ns
[    0.000000] Switching to timer-based delay loop
[    0.000000] Console: colour dummy device 80x30
[    0.000146] Calibrating delay loop (skipped), value calculated using timer frequency.. 24.00 BogoMIPS (lpj=120000)
[    0.000162] pid_max: default: 32768 minimum: 301
[    0.000340] Mount-cache hash table entries: 512
[    0.008659] CPU: Testing write buffer coherency: ok
[    0.008897] /cpus/cpu@0 missing clock-frequency property
[    0.008920] /cpus/cpu@1 missing clock-frequency property
[    0.008941] /cpus/cpu@2 missing clock-frequency property
[    0.008964] /cpus/cpu@3 missing clock-frequency property
[    0.008977] CPU0: thread -1, cpu 0, socket 0, mpidr 80000000
[    0.009004] Setting up static identity map for 0x804bc278 - 0x804bc310
[    0.009168] unable to find compatible sirf rstc node in dtb
[    0.010647] CPU1: Booted secondary processor
[    0.010673] CPU1: thread -1, cpu 1, socket 0, mpidr 80000001
[    0.011300] CPU2: Booted secondary processor
[    0.011323] CPU2: thread -1, cpu 2, socket 0, mpidr 80000002
[    0.011929] CPU3: Booted secondary processor
[    0.011953] CPU3: thread -1, cpu 3, socket 0, mpidr 80000003
[    0.012117] Brought up 4 CPUs
[    0.012143] SMP: Total of 4 processors activated.
[    0.012151] CPU: All CPU(s) started in SVC mode.
[    0.012813] devtmpfs: initialized
[    0.018357] VFP support v0.3: implementor 41 architecture 4 part 30 variant f rev 0
[    0.018633] pinctrl core: initialized pinctrl subsystem
[    0.019058] regulator-dummy: no parameters
[    0.019486] NET: Registered protocol family 16
[    0.019738] DMA: preallocated 256 KiB pool for atomic coherent allocations
[    0.031581] Serial: AMBA PL011 UART driver
[    0.038920] bio: create slab <bio-0> at 0
[    0.040311] edma-dma-engine edma-dma-engine.0: Can't allocate PaRAM dummy slot
[    0.040336] edma-dma-engine: probe of edma-dma-engine.0 failed with error -5
[    0.040752] vdd_ac_bat: 5000 mV 
[    0.040980] dvdd_ts: Failed to request enable GPIO61: -517
[    0.041077] reg-fixed-voltage 1.regulator: Failed to register regulator: -517
[    0.041097] platform 1.regulator: Driver reg-fixed-voltage requests probe deferral
[    0.041256] lcd_bl_en: Failed to request enable GPIO58: -517
[    0.041340] reg-fixed-voltage 2.regulator: Failed to register regulator: -517
[    0.041360] platform 2.regulator: Driver reg-fixed-voltage requests probe deferral
[    0.041517] usb1_vbus: Failed to request enable GPIO108: -517
[    0.041599] reg-fixed-voltage 3.regulator: Failed to register regulator: -517
[    0.041618] platform 3.regulator: Driver reg-fixed-voltage requests probe deferral
[    0.041776] usb2_vbus: Failed to request enable GPIO86: -517
[    0.041857] reg-fixed-voltage 4.regulator: Failed to register regulator: -517
[    0.041876] platform 4.regulator: Driver reg-fixed-voltage requests probe deferral
[    0.042031] vdd_hdmi_5v0: Failed to request enable GPIO81: -517
[    0.042112] reg-fixed-voltage 5.regulator: Failed to register regulator: -517
[    0.042130] platform 5.regulator: Driver reg-fixed-voltage requests probe deferral
[    0.042197] platform 6.regulator: Driver reg-fixed-voltage requests probe deferral
[    0.043040] SCSI subsystem initialized
[    0.043205] libata version 3.00 loaded.
[    0.043460] usbcore: registered new interface driver usbfs
[    0.043517] usbcore: registered new interface driver hub
[    0.043615] usbcore: registered new device driver usb
[    0.046668] vdd-cpu: 500 <--> 1520 mV at 1100 mV 
[    0.046906] genirq: Setting trigger mode 8 for irq 118 failed (gic_set_type+0x0/0xfc)
[    0.047116] pps_core: LinuxPPS API ver. 1 registered
[    0.047125] pps_core: Software ver. 5.3.6 - Copyright 2005-2007 Rodolfo Giometti <giometti@linux.it>
[    0.047150] PTP clock support registered
[    0.047196] EDAC MC: Ver: 3.0.0
[    0.048346] Switched to clocksource arch_sys_counter
[    0.058503] NET: Registered protocol family 2
[    0.059007] TCP established hash table entries: 8192 (order: 3, 32768 bytes)
[    0.059097] TCP bind hash table entries: 8192 (order: 4, 65536 bytes)
[    0.059284] TCP: Hash tables configured (established 8192 bind 8192)
[    0.059342] TCP: reno registered
[    0.059357] UDP hash table entries: 512 (order: 2, 16384 bytes)
[    0.059398] UDP-Lite hash table entries: 512 (order: 2, 16384 bytes)
[    0.059654] NET: Registered protocol family 1
[    0.059939] RPC: Registered named UNIX socket transport module.
[    0.059949] RPC: Registered udp transport module.
[    0.059956] RPC: Registered tcp transport module.
[    0.059963] RPC: Registered tcp NFSv4.1 backchannel transport module.
[    0.062049] bounce pool size: 64 pages
[    0.073488] NFS: Registering the id_resolver key type
[    0.073522] Key type id_resolver registered
[    0.073532] Key type id_legacy registered
[    0.073832] Block layer SCSI generic (bsg) driver version 0.4 loaded (major 251)
[    0.073844] io scheduler noop registered
[    0.073853] io scheduler deadline registered
[    0.074060] io scheduler cfq registered (default)
[    0.083800] tegra-apbdma 6000a000.dma: Tegra20 APB DMA driver register 32 channels
[    0.146126] Serial: 8250/16550 driver, 4 ports, IRQ sharing disabled
[    0.147587] Serial: IMX driver
[    0.148582] 70006300.serial: ttyS0 at MMIO 0x70006300 (irq = 122, base_baud = 25500000) is a Tegra
[    0.877681] console [ttyS0] enabled
[    0.881665] STMicroelectronics ASC driver initialized
[    0.887237] serial: Freescale lpuart driver
[    0.891759] [drm] Initialized drm 1.1.0 20060810
[    0.899727] ehci_hcd: USB 2.0 'Enhanced' Host Controller (EHCI) Driver
[    0.906246] ehci-platform: EHCI generic platform driver
[    0.911584] ehci-omap: OMAP-EHCI Host Controller driver
[    0.916891] ehci-orion: EHCI orion driver
[    0.921007] SPEAr-ehci: EHCI SPEAr driver
[    0.925101] tegra-ehci: Tegra EHCI driver
[    0.929310] platform 7d008000.usb: Driver tegra-ehci requests probe deferral
[    0.936646] usbcore: registered new interface driver usb-storage
[    0.943141] platform 7d008000.usb-phy: Driver tegra-phy requests probe deferral
[    0.951337] mousedev: PS/2 mouse device common for all mice
[    0.957689] tegra_rtc 7000e000.rtc: rtc core: registered 7000e000.rtc as rtc0
[    0.964848] tegra_rtc 7000e000.rtc: Tegra internal Real Time Clock
[    0.971788] sdhci: Secure Digital Host Controller Interface driver
[    0.977955] sdhci: Copyright(c) Pierre Ossman
[    0.982679] sdhci-pltfm: SDHCI platform and OF driver helper
[    0.988761] sdhci-tegra 78000400.sdhci: Got CD GPIO #170.
[    0.995186] sdhci-tegra 78000400.sdhci: dummy supplies not allowed
[    1.001372] mmc0: no vqmmc regulator found
[    1.005469] sdhci-tegra 78000400.sdhci: dummy supplies not allowed
[    1.011649] mmc0: no vmmc regulator found
[    1.015653] mmc0: Invalid maximum block size, assuming 512 bytes
[    1.068359] mmc0: SDHCI controller on 78000400.sdhci [78000400.sdhci] using ADMA
[    1.075859] sdhci-tegra 78000600.sdhci: dummy supplies not allowed
[    1.082045] mmc1: no vqmmc regulator found
[    1.086140] sdhci-tegra 78000600.sdhci: dummy supplies not allowed
[    1.092319] mmc1: no vmmc regulator found
[    1.096321] mmc1: Invalid maximum block size, assuming 512 bytes
[    1.138362] mmc1: SDHCI controller on 78000600.sdhci [78000600.sdhci] using ADMA
[    1.146441] usbcore: registered new interface driver usbhid
[    1.152018] usbhid: USB HID core driver
[    1.156110] TCP: cubic registered
[    1.160227] NET: Registered protocol family 10
[    1.165332] sit: IPv6 over IPv4 tunneling driver
[    1.170709] Key type dns_resolver registered
[    1.175121] Registering SWP/SWPB emulation handler
[    1.182676] dvdd_ts: 1800 mV 
[    1.185978] lcd_bl_en: 5000 mV 
[    1.189443] usb1_vbus: 5000 mV 
[    1.192623] reg-fixed-voltage 3.regulator: Failed to find supply vin
[    1.199081] reg-fixed-voltage 3.regulator: Failed to register regulator: -517
[    1.206215] platform 3.regulator: Driver reg-fixed-voltage requests probe deferral
[    1.214257] usb2_vbus: 5000 mV 
[    1.217432] reg-fixed-voltage 4.regulator: Failed to find supply vin
[    1.223882] reg-fixed-voltage 4.regulator: Failed to register regulator: -517
[    1.231027] platform 4.regulator: Driver reg-fixed-voltage requests probe deferral
[    1.238981] vdd_hdmi_5v0: 5000 mV 
[    1.242414] reg-fixed-voltage 5.regulator: Failed to find supply vin
[    1.248858] reg-fixed-voltage 5.regulator: Failed to register regulator: -517
[    1.255991] platform 5.regulator: Driver reg-fixed-voltage requests probe deferral
[    1.260685] mmc1: BKOPS_EN bit is not set
[    1.267833] platform 6.regulator: Driver reg-fixed-voltage requests probe deferral
[    1.275876] platform 7d008000.usb: Driver tegra-ehci requests probe deferral
[    1.283299] platform 7d008000.usb-phy: Driver tegra-phy requests probe deferral
[    1.287488] mmc1: new HS200 MMC card at address 0001
[    1.287925] isa bounce pool size: 16 pages
[    1.288018] mmcblk0: mmc1:0001 SEM32G 29.1 GiB 
[    1.288219] mmcblk0boot0: mmc1:0001 SEM32G partition 1 4.00 MiB
[    1.288435] mmcblk0boot1: mmc1:0001 SEM32G partition 2 4.00 MiB
[    1.288635] mmcblk0rpmb: mmc1:0001 SEM32G partition 3 4.00 MiB
[    1.291112] Primary GPT is invalid, using alternate GPT.
[    1.291134]  mmcblk0: p1 p2 p3 p4 p5
[    1.294627]  mmcblk0boot1: unknown partition table
[    1.296394]  mmcblk0boot0: unknown partition table
[    1.340480] usb1_vbus: 5000 mV 
[    1.343654] reg-fixed-voltage 3.regulator: Failed to find supply vin
[    1.350104] reg-fixed-voltage 3.regulator: Failed to register regulator: -517
[    1.357237] platform 3.regulator: Driver reg-fixed-voltage requests probe deferral
[    1.365218] usb2_vbus: 5000 mV 
[    1.368404] reg-fixed-voltage 4.regulator: Failed to find supply vin
[    1.374834] reg-fixed-voltage 4.regulator: Failed to register regulator: -517
[    1.381982] platform 4.regulator: Driver reg-fixed-voltage requests probe deferral
[    1.389926] vdd_hdmi_5v0: 5000 mV 
[    1.393359] reg-fixed-voltage 5.regulator: Failed to find supply vin
[    1.399803] reg-fixed-voltage 5.regulator: Failed to register regulator: -517
[    1.406936] platform 5.regulator: Driver reg-fixed-voltage requests probe deferral
[    1.414775] platform 6.regulator: Driver reg-fixed-voltage requests probe deferral
[    1.422795] platform 7d008000.usb: Driver tegra-ehci requests probe deferral
[    1.430117] tegra_rtc 7000e000.rtc: setting system clock to 1970-01-01 00:00:13 UTC (13)
[    1.443078] EXT4-fs (mmcblk0p1): mounting ext3 file system using the ext4 subsystem
[    1.464811] EXT4-fs (mmcblk0p1): recovery complete
[    1.469624] EXT4-fs (mmcblk0p1): mounted filesystem with ordered data mode. Opts: (null)
[    1.477729] VFS: Mounted root (ext3 filesystem) on device 179:1.
[    1.485621] devtmpfs: mounted
[    1.488977] Freeing unused kernel memory: 460K (c0654000 - c06c7000)
bash: cannot set terminal process group (-1): Inappropriate ioctl for device
bash: no job control in this shell
I have no name!@(none):/# 