

U-Boot 2011.03 (Jun 11 2013 - 06:07:37)

T114
Board: NVIDIA Dalmore
DRAM:  2 GiB
MMC:   Tegra2 SD/MMC: 0, Tegra2 SD/MMC: 1
In:    serial
Out:   serial
Err:   serial
Net:   Net Initialization Skipped
No ethernet found.
Hit any key to stop autoboot:  2  1  0 
Dalmore #
Dalmore #usb reset
(Re)start USB...
USB:   Register 10011 NbrPorts 1
USB EHCI 1.10
scanning bus for devices... 2 USB Device(s) found
       scanning bus for storage devices... 0 Storage Device(s) found
       scanning bus for ethernet devices... 1 Ethernet Device(s) found
Dalmore #setenv bootargs 'ignore_loglevel console=ttyS0,115200n8 rw root=/dev/mmcblk0p1 rootwait gpt debug init=/bin/bash'
Dalmore #setenv ipaddr 192.168.100.100; setenv serverip 192.168.100.1; setenv tftpserverip 192.168.100.1
Dalmore #tftpboot 0x81000000 zImage.tegra_defconfig
Waiting for Ethernet connection... done.
Using asx0 device
TFTP from server 192.168.100.1; our IP address is 192.168.100.100
Filename 'zImage.tegra_defconfig'.
Load address: 0x81000000
Loading: *#################################################  2.8 MiB/s
done
Bytes transferred = 4206256 (402eb0 hex)
Dalmore #tftpboot 0x82000000 tegra114-dalmore.dtb
Using asx0 device
TFTP from server 192.168.100.1; our IP address is 192.168.100.100
Filename 'tegra114-dalmore.dtb'.
Load address: 0x82000000
Loading: *#################################################  2.5 MiB/s
done
Bytes transferred = 31442 (7ad2 hex)
Dalmore #bootz 0x81000000 - 0x82000000
## Flattened Device Tree blob at 82000000
   Booting using the fdt blob at 0x82000000
   Loading Device Tree to 81ff5000, end 81fffad1 ... OK

Starting kernel ...

Timer summary in microseconds:
       Mark    Elapsed  Stage
          0          0  awake
  3,097,039  3,097,039  usb_start
  7,100,093  4,003,054  eth_start
  7,100,091         -2  tftp start
 10,976,536  3,876,445  tftp done
 13,112,166  2,135,630  start_kernel
Uncompressing Linux... done, booting the kernel.
[    0.000000] Booting Linux on physical CPU 0x0
[    0.000000] Initializing cgroup subsys cpu
[    0.000000] Initializing cgroup subsys cpuacct
[    0.000000] Linux version 3.13.0-rc4-next-20131218-30434-g1dbb6a2 (pwalmsley@tamien) (gcc version 4.7.3 20130328 (prerelease) (crosstool-NG linaro-1.13.1-4.7-2013.04-20130415 - Linaro GCC 2013.04) ) #1 SMP PREEMPT Wed Dec 18 00:18:11 PST 2013
[    0.000000] CPU: ARMv7 Processor [412fc0f2] revision 2 (ARMv7), cr=10c5387d
[    0.000000] CPU: PIPT / VIPT nonaliasing data cache, PIPT instruction cache
[    0.000000] Machine model: NVIDIA Tegra114 Dalmore evaluation board
[    0.000000] debug: ignoring loglevel setting.
[    0.000000] cma: CMA: reserved 16 MiB at ae800000
[    0.000000] Memory policy: Data cache writealloc
[    0.000000] On node 0 totalpages: 524032
[    0.000000] free_area_init_node: node 0, pgdat c080c8c0, node_mem_map c0864000
[    0.000000]   Normal zone: 1520 pages used for memmap
[    0.000000]   Normal zone: 0 pages reserved
[    0.000000]   Normal zone: 194560 pages, LIFO batch:31
[    0.000000]   HighMem zone: 2574 pages used for memmap
[    0.000000]   HighMem zone: 329472 pages, LIFO batch:31
[    0.000000] Tegra Revision: A01 SKU: 0 CPU Process: 1 Core Process: 1
[    0.000000] PERCPU: Embedded 8 pages/cpu @c187d000 s9088 r8192 d15488 u32768
[    0.000000] pcpu-alloc: s9088 r8192 d15488 u32768 alloc=8*4096
[    0.000000] pcpu-alloc: [0] 0 [0] 1 [0] 2 [0] 3 
[    0.000000] Built 1 zonelists in Zone order, mobility grouping on.  Total pages: 522512
[    0.000000] Kernel command line: ignore_loglevel console=ttyS0,115200n8 rw root=/dev/mmcblk0p1 rootwait gpt debug init=/bin/bash
[    0.000000] PID hash table entries: 4096 (order: 2, 16384 bytes)
[    0.000000] Dentry cache hash table entries: 131072 (order: 7, 524288 bytes)
[    0.000000] Inode-cache hash table entries: 65536 (order: 6, 262144 bytes)
[    0.000000] Memory: 2053660K/2096128K available (5714K kernel code, 320K rwdata, 1928K rodata, 248K init, 343K bss, 42468K reserved, 1317888K highmem)
[    0.000000] Virtual kernel memory layout:
[    0.000000]     vector  : 0xffff0000 - 0xffff1000   (   4 kB)
[    0.000000]     fixmap  : 0xfff00000 - 0xfffe0000   ( 896 kB)
[    0.000000]     vmalloc : 0xf0000000 - 0xff000000   ( 240 MB)
[    0.000000]     lowmem  : 0xc0000000 - 0xef800000   ( 760 MB)
[    0.000000]     pkmap   : 0xbfe00000 - 0xc0000000   (   2 MB)
[    0.000000]     modules : 0xbf000000 - 0xbfe00000   (  14 MB)
[    0.000000]       .text : 0xc0008000 - 0xc077ed28   (7644 kB)
[    0.000000]       .init : 0xc077f000 - 0xc07bd380   ( 249 kB)
[    0.000000]       .data : 0xc07be000 - 0xc080e020   ( 321 kB)
[    0.000000]        .bss : 0xc080e02c - 0xc0863f80   ( 344 kB)
[    0.000000] Preemptible hierarchical RCU implementation.
[    0.000000] NR_IRQS:16 nr_irqs:16 16
[    0.000000] sched_clock: 32 bits at 1000kHz, resolution 1000ns, wraps every 2147483648000ns
[    0.000000] Architected cp15 timer(s) running at 12.00MHz (virt).
[    0.000000] sched_clock: 56 bits at 12MHz, resolution 83ns, wraps every 2863311536128ns
[    0.000000] Switching to timer-based delay loop
[    0.000000] Console: colour dummy device 80x30
[    0.000479] Calibrating delay loop (skipped), value calculated using timer frequency.. 24.00 BogoMIPS (lpj=120000)
[    0.000495] pid_max: default: 32768 minimum: 301
[    0.000921] Mount-cache hash table entries: 512
[    0.020398] Initializing cgroup subsys debug
[    0.020417] Initializing cgroup subsys freezer
[    0.020483] CPU: Testing write buffer coherency: ok
[    0.020817] /cpus/cpu@0 missing clock-frequency property
[    0.020841] /cpus/cpu@1 missing clock-frequency property
[    0.020863] /cpus/cpu@2 missing clock-frequency property
[    0.020886] /cpus/cpu@3 missing clock-frequency property
[    0.020899] CPU0: thread -1, cpu 0, socket 0, mpidr 80000000
[    0.020927] Setting up static identity map for 0x8056ab00 - 0x8056ab98
[    0.080797] CPU1: Booted secondary processor
[    0.080824] CPU1: thread -1, cpu 1, socket 0, mpidr 80000001
[    0.100819] CPU2: Booted secondary processor
[    0.100844] CPU2: thread -1, cpu 2, socket 0, mpidr 80000002
[    0.120802] CPU3: Booted secondary processor
[    0.120827] CPU3: thread -1, cpu 3, socket 0, mpidr 80000003
[    0.121005] Brought up 4 CPUs
[    0.121032] SMP: Total of 4 processors activated.
[    0.121041] CPU: All CPU(s) started in SVC mode.
[    0.122071] devtmpfs: initialized
[    0.135172] VFP support v0.3: implementor 41 architecture 4 part 30 variant f rev 0
[    0.135902] pinctrl core: initialized pinctrl subsystem
[    0.136656] regulator-dummy: no parameters
[    0.137565] NET: Registered protocol family 16
[    0.138889] DMA: preallocated 256 KiB pool for atomic coherent allocations
[    0.140168] cpuidle: using governor ladder
[    0.140179] cpuidle: using governor menu
[    0.154669] No ATAGs?
[    0.154698] hw-breakpoint: found 5 (+1 reserved) breakpoint and 4 watchpoint registers.
[    0.154709] hw-breakpoint: maximum watchpoint size is 8 bytes.
[    0.172379] bio: create slab <bio-0> at 0
[    0.173949] vdd_ac_bat: 5000 mV 
[    0.174422] dvdd_ts: Failed to request enable GPIO61: -517
[    0.174585] reg-fixed-voltage 1.regulator: Failed to register regulator: -517
[    0.174610] platform 1.regulator: Driver reg-fixed-voltage requests probe deferral
[    0.174947] lcd_bl_en: Failed to request enable GPIO58: -517
[    0.175099] reg-fixed-voltage 2.regulator: Failed to register regulator: -517
[    0.175123] platform 2.regulator: Driver reg-fixed-voltage requests probe deferral
[    0.175457] usb1_vbus: Failed to request enable GPIO108: -517
[    0.175606] reg-fixed-voltage 3.regulator: Failed to register regulator: -517
[    0.175629] platform 3.regulator: Driver reg-fixed-voltage requests probe deferral
[    0.175963] usb2_vbus: Failed to request enable GPIO86: -517
[    0.176110] reg-fixed-voltage 4.regulator: Failed to register regulator: -517
[    0.176134] platform 4.regulator: Driver reg-fixed-voltage requests probe deferral
[    0.176469] vdd_hdmi_5v0: Failed to request enable GPIO81: -517
[    0.176615] reg-fixed-voltage 5.regulator: Failed to register regulator: -517
[    0.176638] platform 5.regulator: Driver reg-fixed-voltage requests probe deferral
[    0.176737] platform 6.regulator: Driver reg-fixed-voltage requests probe deferral
[    0.178076] vgaarb: loaded
[    0.179368] SCSI subsystem initialized
[    0.179929] usbcore: registered new interface driver usbfs
[    0.180104] usbcore: registered new interface driver hub
[    0.180300] usbcore: registered new device driver usb
[    0.185402] vdd-cpu: 500 <--> 1520 mV at 1100 mV 
[    0.186175] tps65090 1-0048: No cache defaults, reading back from HW
[    0.192795] vdd-sys-5v0: no parameters
[    0.192878] vdd-sys-5v0: supplied by vdd_ac_bat
[    0.194463] vdd-sys-3v3: no parameters
[    0.194535] vdd-sys-3v3: supplied by vdd_ac_bat
[    0.196088] vdd-ao: no parameters
[    0.196159] vdd-ao: supplied by vdd_ac_bat
[    0.196539] vdd-lcd-bl: no parameters
[    0.196608] vdd-lcd-bl: supplied by vdd_ac_bat
[    0.196984] TPS65090_RAILSFET2: no parameters
[    0.197055] TPS65090_RAILSFET2: supplied by vdd_ac_bat
[    0.197433] vdd-modem-3v3: no parameters
[    0.197499] vdd-modem-3v3: supplied by vdd-sys-3v3
[    0.197866] avdd-lcd: no parameters
[    0.197932] avdd-lcd: supplied by vdd-sys-3v3
[    0.198324] vdd-lvds: no parameters
[    0.198390] vdd-lvds: supplied by vdd-sys-3v3
[    0.198757] vdd-sd-slot: no parameters
[    0.198824] vdd-sd-slot: supplied by vdd-sys-3v3
[    0.199194] vdd-com-3v3: no parameters
[    0.199260] vdd-com-3v3: supplied by vdd-sys-3v3
[    0.199640] vdd-sby-5v0: no parameters
[    0.199699] vdd-sby-5v0: supplied by vdd_ac_bat
[    0.200074] vdd-sby-3v3: no parameters
[    0.200160] vdd-sby-3v3: supplied by vdd_ac_bat
[    0.200623] genirq: Setting trigger mode 8 for irq 118 failed (gic_set_type+0x0/0xf0)
[    0.201165] palmas 1-0058: Irq flag is 0x00000000
[    0.215778] palmas 1-0058: Muxing GPIO ff, PWM 0, LED 0
[    0.225109] vddio-ddr: 1350 mV 
[    0.226020] vddio-ddr: supplied by vdd-ao
[    0.233145] vddio-1v8: 1800 mV 
[    0.234052] vddio-1v8: supplied by vdd-ao
[    0.241148] vdd-core: 900 <--> 1400 mV at 1100 mV 
[    0.242058] vdd-core: supplied by vdd-sys-3v3
[    0.246409] SMPS6: no parameters
[    0.254318] avdd-pll: 1050 mV 
[    0.255228] avdd-pll: supplied by vdd-sys-3v3
[    0.263698] sdhci-vdd-sd-slot: 2800 mV 
[    0.264609] sdhci-vdd-sd-slot: supplied by vdd-sys-3v3
[    0.266586] SMPS10_OUT2: at 5000 mV 
[    0.268586] SMPS10_OUT1: at 5000 mV 
[    0.271400] avdd-cam1: 2800 mV 
[    0.272308] avdd-cam1: supplied by vdd-sys-3v3
[    0.276442] avdd-cam2: 2800 mV 
[    0.277339] avdd-cam2: supplied by vdd-sys-3v3
[    0.282273] avdd-dsi-csi: 1200 mV 
[    0.283169] avdd-dsi-csi: supplied by vddio-1v8
[    0.288088] vpp-fuse: 1800 mV 
[    0.288987] vpp-fuse: supplied by vdd-sys-3v3
[    0.292350] LDO5: at 1200 mV 
[    0.293253] LDO5: supplied by vdd_ac_bat
[    0.295999] vdd-sensor-2v85: 2850 mV 
[    0.296897] vdd-sensor-2v85: supplied by vdd-sys-3v3
[    0.301058] vdd-af-cam1: 2800 mV 
[    0.301959] vdd-af-cam1: supplied by vdd-sys-3v3
[    0.310216] vdd-rtc: 900 mV 
[    0.311143] vdd-rtc: supplied by vdd-ao
[    0.315274] vddio-sdmmc-2: 1800 <--> 3300 mV at 3300 mV 
[    0.316172] vddio-sdmmc-2: supplied by sdhci-vdd-sd-slot
[    0.321084] hvdd-usb: 3300 mV 
[    0.321994] hvdd-usb: supplied by vdd-sys-5v0
[    0.326934] avdd-usb: 3300 mV 
[    0.327841] avdd-usb: supplied by vdd-sys-5v0
[    0.331206] rail-3v3: no parameters
[    0.333720] rail-5v0: no parameters
[    0.335436] REGEN3: no parameters
[    0.335797] SYSEN1: no parameters
[    0.336137] SYSEN2: no parameters
[    0.336977] Linux video capture interface: v2.00
[    0.337872] platform 70019010.iommu: Driver tegra-smmu requests probe deferral
[    0.338247] Advanced Linux Sound Architecture Driver Initialized.
[    0.339523] Bluetooth: Core ver 2.18
[    0.339602] NET: Registered protocol family 31
[    0.339611] Bluetooth: HCI device and connection manager initialized
[    0.339654] Bluetooth: HCI socket layer initialized
[    0.339677] Bluetooth: L2CAP socket layer initialized
[    0.339737] Bluetooth: SCO socket layer initialized
[    0.340420] cfg80211: Calling CRDA to update world regulatory domain
[    0.341135] Switched to clocksource arch_sys_counter
[    0.362561] NET: Registered protocol family 2
[    0.363470] TCP established hash table entries: 8192 (order: 3, 32768 bytes)
[    0.363592] TCP bind hash table entries: 8192 (order: 4, 65536 bytes)
[    0.363779] TCP: Hash tables configured (established 8192 bind 8192)
[    0.364194] TCP: reno registered
[    0.364211] UDP hash table entries: 512 (order: 2, 16384 bytes)
[    0.364253] UDP-Lite hash table entries: 512 (order: 2, 16384 bytes)
[    0.364681] NET: Registered protocol family 1
[    0.365416] RPC: Registered named UNIX socket transport module.
[    0.365428] RPC: Registered udp transport module.
[    0.365436] RPC: Registered tcp transport module.
[    0.365445] RPC: Registered tcp NFSv4.1 backchannel transport module.
[    0.365458] PCI: CLS 0 bytes, default 64
[    0.370786] bounce pool size: 64 pages
[    0.372529] squashfs: version 4.0 (2009/01/31) Phillip Lougher
[    0.373314] msgmni has been set to 1469
[    0.374972] io scheduler noop registered (default)
[    0.402901] tegra-apbdma 6000a000.dma: Tegra20 APB DMA driver register 32 channels
[    0.403730] Serial: 8250/16550 driver, 4 ports, IRQ sharing disabled
[    0.407073] 70006300.serial: ttyS0 at MMIO 0x70006300 (irq = 122, base_baud = 25500000) is a Tegra
[    1.441873] console [ttyS0] enabled
[    1.446442] [drm] Initialized drm 1.1.0 20060810
[    1.462295] loop: module loaded
[    1.469409] m25p80 spi32766.0: w25q32dw (4096 Kbytes)
[    1.477326] pegasus: v0.9.3 (2013/04/25), Pegasus/Pegasus II USB Ethernet driver
[    1.484864] usbcore: registered new interface driver pegasus
[    1.490673] usbcore: registered new interface driver asix
[    1.496208] usbcore: registered new interface driver ax88179_178a
[    1.502428] usbcore: registered new interface driver cdc_ether
[    1.508363] usbcore: registered new interface driver r815x
[    1.514022] usbcore: registered new interface driver smsc75xx
[    1.519926] usbcore: registered new interface driver smsc95xx
[    1.525809] usbcore: registered new interface driver net1080
[    1.531590] usbcore: registered new interface driver cdc_subset
[    1.537611] usbcore: registered new interface driver zaurus
[    1.543370] usbcore: registered new interface driver cdc_ncm
[    1.549060] ehci_hcd: USB 2.0 'Enhanced' Host Controller (EHCI) Driver
[    1.555592] ehci-pci: EHCI PCI platform driver
[    1.560144] tegra-ehci: Tegra EHCI driver
[    1.564377] platform 7d008000.usb: Driver tegra-ehci requests probe deferral
[    1.571847] usbcore: registered new interface driver cdc_acm
[    1.577497] cdc_acm: USB Abstract Control Model driver for USB modems and ISDN adapters
[    1.585615] usbcore: registered new interface driver cdc_wdm
[    1.591438] usbcore: registered new interface driver usb-storage
[    1.597674] platform 7d008000.usb-phy: Driver tegra-phy requests probe deferral
[    1.605792] mousedev: PS/2 mouse device common for all mice
[    1.624191] palmas-rtc rtc.7: rtc core: registered rtc.7 as rtc0
[    1.634890] tegra_rtc 7000e000.rtc: rtc core: registered 7000e000.rtc as rtc1
[    1.642061] tegra_rtc 7000e000.rtc: Tegra internal Real Time Clock
[    1.649759] sbs-battery 0-000b: sbs_probe: Failed to get device status
[    1.656309] sbs-battery: probe of 0-000b failed with error -121
[    1.681163] sdhci: Secure Digital Host Controller Interface driver
[    1.687347] sdhci: Copyright(c) Pierre Ossman
[    1.691723] sdhci-pltfm: SDHCI platform and OF driver helper
[    1.697828] sdhci-tegra 78000400.sdhci: Got CD GPIO #170.
[    1.704331] sdhci-tegra 78000400.sdhci: dummy supplies not allowed
[    1.710514] mmc0: no vqmmc regulator found
[    1.714641] sdhci-tegra 78000400.sdhci: dummy supplies not allowed
[    1.720822] mmc0: no vmmc regulator found
[    1.724848] mmc0: Invalid maximum block size, assuming 512 bytes
[    1.771161] mmc0: SDHCI controller on 78000400.sdhci [78000400.sdhci] using ADMA
[    1.780777] sdhci-tegra 78000600.sdhci: dummy supplies not allowed
[    1.786979] mmc1: no vqmmc regulator found
[    1.791091] sdhci-tegra 78000600.sdhci: dummy supplies not allowed
[    1.797286] mmc1: no vmmc regulator found
[    1.801312] mmc1: Invalid maximum block size, assuming 512 bytes
[    1.851152] mmc1: SDHCI controller on 78000600.sdhci [78000600.sdhci] using ADMA
[    1.859568] usbcore: registered new interface driver usbhid
[    1.867244] usbhid: USB HID core driver
[    1.983501] mmc1: BKOPS_EN bit is not set
[    2.014120] mmc1: new HS200 MMC card at address 0001
[    2.019832] isa bounce pool size: 16 pages
[    2.024137] mmcblk0: mmc1:0001 SEM32G 29.1 GiB 
[    2.029032] mmcblk0boot0: mmc1:0001 SEM32G partition 1 4.00 MiB
[    2.035315] mmcblk0boot1: mmc1:0001 SEM32G partition 2 4.00 MiB
[    2.041680] mmcblk0rpmb: mmc1:0001 SEM32G partition 3 4.00 MiB
[    2.050506] Primary GPT is invalid, using alternate GPT.
[    2.055915]  mmcblk0: p1 p2 p3 p4 p5
[    2.065327]  mmcblk0boot1: unknown partition table
[    2.072535]  mmcblk0boot0: unknown partition table
[    2.327185] tegra30-i2s 70080400.i2s: DMA channels sourced from device 70080000.ahub
[    2.357603] tegra-snd-rt5640 sound.4: rt5640-aif1 <-> 70080400.i2s mapping ok
[    2.370576] input: NVIDIA Tegra Dalmore Headphones as /devices/soc0/sound.4/sound/card0/input0
[    2.381814] TCP: cubic registered
[    2.385407] NET: Registered protocol family 10
[    2.391282] mip6: Mobile IPv6
[    2.394251] sit: IPv6 over IPv4 tunneling driver
[    2.401653] NET: Registered protocol family 17
[    2.406140] NET: Registered protocol family 15
[    2.410734] Bluetooth: RFCOMM socket layer initialized
[    2.415914] Bluetooth: RFCOMM ver 1.11
[    2.419671] Bluetooth: BNEP (Ethernet Emulation) ver 1.3
[    2.425006] Bluetooth: BNEP socket layer initialized
[    2.429963] Bluetooth: HIDP (Human Interface Emulation) ver 1.2
[    2.435900] Bluetooth: HIDP socket layer initialized
[    2.442106] Registering SWP/SWPB emulation handler
[    2.453156] hvdd-usb: disabling
[    2.459298] vdd-af-cam1: disabling
[    2.465835] LDO5: disabling
[    2.471012] vpp-fuse: disabling
[    2.476395] avdd-cam2: disabling
[    2.481835] avdd-cam1: disabling
[    2.488874] vdd-com-3v3: disabling
[    2.492897] vdd-lvds: disabling
[    2.496642] avdd-lcd: disabling
[    2.500431] vdd-lcd-bl: disabling
[    2.505807] dvdd_ts: 1800 mV 
[    2.509549] lcd_bl_en: 5000 mV 
[    2.513512] usb1_vbus: 5000 mV 
[    2.516783] usb1_vbus: supplied by vdd-sys-5v0
[    2.522074] usb2_vbus: 5000 mV 
[    2.525349] usb2_vbus: supplied by vdd-sys-5v0
[    2.530556] vdd_hdmi_5v0: 5000 mV 
[    2.534115] vdd_hdmi_5v0: supplied by vdd-sys-5v0
[    2.542415] vdd_cam_1v8_reg: 1800 mV 
[    2.546970] platform 7d008000.usb: Driver tegra-ehci requests probe deferral
[    2.555340] tegra-ehci 7d008000.usb: EHCI Host Controller
[    2.560813] tegra-ehci 7d008000.usb: new USB bus registered, assigned bus number 1
[    2.569412] tegra-ehci 7d008000.usb: irq 129, io mem 0x7d008000
[    2.591361] tegra-ehci 7d008000.usb: USB 2.0 started, EHCI 1.10
[    2.599759] hub 1-0:1.0: USB hub found
[    2.603690] hub 1-0:1.0: 1 port detected
[    2.610276] input: gpio-keys.2 as /devices/soc0/gpio-keys.2/input/input1
[    2.621552] palmas-rtc rtc.7: setting system clock to 2000-03-13 10:45:22 UTC (952944322)
[    2.644300] ALSA device list:
[    2.647315]   #0: NVIDIA Tegra Dalmore
[    2.662596] kjournald starting.  Commit interval 5 seconds
[    2.664578] EXT3-fs (mmcblk0p1): using internal journal
[    2.664596] EXT3-fs (mmcblk0p1): recovery complete
[    2.664601] EXT3-fs (mmcblk0p1): mounted filesystem with writeback data mode
[    2.664679] VFS: Mounted root (ext3 filesystem) on device 179:1.
[    2.665832] devtmpfs: mounted
[    2.666122] Freeing unused kernel memory: 248K (c077f000 - c07bd000)
bash: cannot set terminal process group (-1): Inappropriate ioctl for device
bash: no job control in this shell
I have no name!@(none):/# [    2.921302] usb 1-1: new high-speed USB device number 2 using tegra-ehci
