
U-Boot SPL 2014.01-00219-gc4d376f (Feb 18 2014 - 19:57:18)


U-Boot 2014.01-00219-gc4d376f (Feb 18 2014 - 19:57:18)

TEGRA30
Board: NVIDIA Beaver
I2C:   ready
DRAM:  2 GiB
MMC:   Tegra SD/MMC: 0, Tegra SD/MMC: 1
In:    serial
Out:   serial
Err:   serial
Net:   Net Initialization Skipped
No ethernet found.
Hit any key to stop autoboot:  2  0 
Tegra30 (Beaver) # 
Tegra30 (Beaver) # usb reset
(Re)start USB...
USB0:   USB EHCI 1.00
scanning bus 0 for devices... 2 USB Device(s) found
       scanning usb for storage devices... 0 Storage Device(s) found
       scanning usb for ethernet devices... 
Warning: asx0 using MAC address from net device
1 Ethernet Device(s) found
Tegra30 (Beaver) # setenv bootargs 'ignore_loglevel console=ttyS0,115200n8 rw root=PARTUUID=edbe1840-3633-c751-7993-b0ac834f81e0 rootwait gpt debug noinitrd earlyprintk init=/bin/bash'
Tegra30 (Beaver) # setenv ipaddr 192.168.100.101; setenv serverip 192.168.100.1; setenv tftpserverip 192.168.100.1
Tegra30 (Beaver) # tftpboot 0x81000000 zImage.multi_v7_defconfig
Using asx0 device
TFTP from server 192.168.100.1; our IP address is 192.168.100.101
Filename 'zImage.multi_v7_defconfig'.
Load address: 0x81000000
Loading: *#################################################################
	 #################################################################
	 #################################################################
	 #################################################################
	 #################################################################
	 #################################################################
	 #################################################################
	 #################################################################
	 ###############################
	 2.9 MiB/s
done
Bytes transferred = 8086016 (7b6200 hex)
Tegra30 (Beaver) # tftpboot 0x82000000 tegra30-beaver.dtb
Using asx0 device
TFTP from server 192.168.100.1; our IP address is 192.168.100.101
Filename 'tegra30-beaver.dtb'.
Load address: 0x82000000
Loading: *####
	 2.6 MiB/s
done
Bytes transferred = 51470 (c90e hex)
Tegra30 (Beaver) # bootz 0x81000000 - 0x82000000
Kernel image @ 0x81000000 [ 0x000000 - 0x7b6200 ]
## Flattened Device Tree blob at 82000000
   Booting using the fdt blob at 0x82000000
   Loading Device Tree to 8fff0000, end 8ffff90d ... OK

Starting kernel ...

[    0.000000] Booting Linux on physical CPU 0x0
[    0.000000] Linux version 4.15.0-rc6-next-20180102-342359-ge0e99813fb1d (jonathanh@tamien) (gcc version 4.7.3 20130328 (prerelease) (crosstool-NG linaro-1.13.1-4.7-2013.04-20130415 - Linaro GCC 2013.04)) #1 SMP Tue Jan 2 07:17:48 PST 2018
[    0.000000] CPU: ARMv7 Processor [412fc099] revision 9 (ARMv7), cr=10c5387d
[    0.000000] CPU: PIPT / VIPT nonaliasing data cache, VIPT aliasing instruction cache
[    0.000000] OF: fdt: Machine model: NVIDIA Tegra30 Beaver evaluation board
[    0.000000] debug: ignoring loglevel setting.
[    0.000000] Memory policy: Data cache writealloc
[    0.000000] efi: Getting EFI parameters from FDT:
[    0.000000] efi: UEFI not found.
[    0.000000] cma: Reserved 64 MiB at 0xfb800000
[    0.000000] On node 0 totalpages: 524032
[    0.000000]   DMA zone: 1536 pages used for memmap
[    0.000000]   DMA zone: 0 pages reserved
[    0.000000]   DMA zone: 196608 pages, LIFO batch:31
[    0.000000]   HighMem zone: 327424 pages, LIFO batch:31
[    0.000000] random: fast init done
[    0.000000] percpu: Embedded 17 pages/cpu @(ptrval) s39040 r8192 d22400 u69632
[    0.000000] pcpu-alloc: s39040 r8192 d22400 u69632 alloc=17*4096
[    0.000000] pcpu-alloc: [0] 0 [0] 1 [0] 2 [0] 3 
[    0.000000] Built 1 zonelists, mobility grouping on.  Total pages: 522496
[    0.000000] Kernel command line: ignore_loglevel console=ttyS0,115200n8 rw root=PARTUUID=edbe1840-3633-c751-7993-b0ac834f81e0 rootwait gpt debug noinitrd earlyprintk init=/bin/bash
[    0.000000] Dentry cache hash table entries: 131072 (order: 7, 524288 bytes)
[    0.000000] Inode-cache hash table entries: 65536 (order: 6, 262144 bytes)
[    0.000000] Memory: 1992516K/2096128K available (11264K kernel code, 1561K rwdata, 4324K rodata, 2048K init, 404K bss, 38076K reserved, 65536K cma-reserved, 1244160K highmem)
[    0.000000] Virtual kernel memory layout:
[    0.000000]     vector  : 0xffff0000 - 0xffff1000   (   4 kB)
[    0.000000]     fixmap  : 0xffc00000 - 0xfff00000   (3072 kB)
[    0.000000]     vmalloc : 0xf0800000 - 0xff800000   ( 240 MB)
[    0.000000]     lowmem  : 0xc0000000 - 0xf0000000   ( 768 MB)
[    0.000000]     pkmap   : 0xbfe00000 - 0xc0000000   (   2 MB)
[    0.000000]     modules : 0xbf000000 - 0xbfe00000   (  14 MB)
[    0.000000]       .text : 0x(ptrval) - 0x(ptrval)   (12256 kB)
[    0.000000]       .init : 0x(ptrval) - 0x(ptrval)   (2048 kB)
[    0.000000]       .data : 0x(ptrval) - 0x(ptrval)   (1562 kB)
[    0.000000]        .bss : 0x(ptrval) - 0x(ptrval)   ( 405 kB)
[    0.000000] SLUB: HWalign=64, Order=0-3, MinObjects=0, CPUs=4, Nodes=1
[    0.000000] Hierarchical RCU implementation.
[    0.000000] 	RCU event tracing is enabled.
[    0.000000] 	RCU restricting CPUs from NR_CPUS=16 to nr_cpu_ids=4.
[    0.000000] RCU: Adjusting geometry for rcu_fanout_leaf=16, nr_cpu_ids=4
[    0.000000] NR_IRQS: 16, nr_irqs: 16, preallocated irqs: 16
[    0.000000] /interrupt-controller@60004000: 160 interrupts forwarded to /interrupt-controller@50041000
[    0.000000] L2C: platform modifies aux control register: 0x02080000 -> 0x3e480001
[    0.000000] L2C: DT/platform modifies aux control register: 0x02080000 -> 0x3e480001
[    0.000000] L2C-310 erratum 769419 enabled
[    0.000000] L2C-310 enabling early BRESP for Cortex-A9
[    0.000000] L2C-310: enabling full line of zeros but not enabled in Cortex-A9
[    0.000000] L2C-310 dynamic clock gating enabled, standby mode enabled
[    0.000000] L2C-310 cache controller enabled, 8 ways, 1024 kB
[    0.000000] L2C-310: CACHE_ID 0x410000c7, AUX_CTRL 0x4e480001
[    0.000014] sched_clock: 32 bits at 1000kHz, resolution 1000ns, wraps every 2147483647500ns
[    0.000031] clocksource: timer_us: mask: 0xffffffff max_cycles: 0xffffffff, max_idle_ns: 1911260446275 ns
[    0.000040] Switching to timer-based delay loop, resolution 1000ns
[    0.002955] Console: colour dummy device 80x30
[    0.002986] Calibrating delay loop (skipped), value calculated using timer frequency.. 2.00 BogoMIPS (lpj=10000)
[    0.002996] pid_max: default: 32768 minimum: 301
[    0.003086] Mount-cache hash table entries: 2048 (order: 1, 8192 bytes)
[    0.003095] Mountpoint-cache hash table entries: 2048 (order: 1, 8192 bytes)
[    0.003500] CPU: Testing write buffer coherency: ok
[    0.003812] CPU0: thread -1, cpu 0, socket 0, mpidr 80000000
[    0.004036] Setting up static identity map for 0x80300000 - 0x803000a0
[    0.005376] Hierarchical SRCU implementation.
[    0.006720] Tegra Revision: A03 SKU: 128 CPU Process: 4 SoC Process: 0
[    0.007342] EFI services will not be available.
[    0.007450] smp: Bringing up secondary CPUs ...
[    0.010375] CPU1: thread -1, cpu 1, socket 0, mpidr 80000001
[    0.020353] CPU2: thread -1, cpu 2, socket 0, mpidr 80000002
[    0.030334] CPU3: thread -1, cpu 3, socket 0, mpidr 80000003
[    0.030391] smp: Brought up 1 node, 4 CPUs
[    0.030403] SMP: Total of 4 processors activated (8.00 BogoMIPS).
[    0.030408] CPU: All CPU(s) started in SVC mode.
[    0.031109] devtmpfs: initialized
[    0.041434] Built 1 zonelists, mobility grouping on.  Total pages: 514513
[    0.041840] VFP support v0.3: implementor 41 architecture 3 part 30 variant 9 rev 4
[    0.042462] clocksource: jiffies: mask: 0xffffffff max_cycles: 0xffffffff, max_idle_ns: 19112604462750000 ns
[    0.042484] futex hash table entries: 1024 (order: 4, 65536 bytes)
[    0.042705] pinctrl core: initialized pinctrl subsystem
[    0.043873] DMI not present or invalid.
[    0.044105] NET: Registered protocol family 16
[    0.046913] DMA: preallocated 256 KiB pool for atomic coherent allocations
[    0.048713] cpuidle: using governor menu
[    0.061813] No ATAGs?
[    0.061921] hw-breakpoint: found 5 (+1 reserved) breakpoint and 1 watchpoint registers.
[    0.061933] hw-breakpoint: maximum watchpoint size is 4 bytes.
[    0.066163] Serial: AMBA PL011 UART driver
[    0.066746] tegra-mc 7000f000.memory-controller: no memory timings for RAM code 3 registered
[    0.066911] iommu: Adding device 54200000.dc to group 0
[    0.066948] iommu: Adding device 54240000.dc to group 0
[    0.075343] AT91: Could not find identification node
[    0.075844] vdd_5v_sata: Failed to request enable GPIO30: -517
[    0.075861] reg-fixed-voltage regulators:regulator@3: Failed to register regulator: -517
[    0.075912] usb1_vbus: Failed to request enable GPIO238: -517
[    0.075919] reg-fixed-voltage regulators:regulator@4: Failed to register regulator: -517
[    0.075969] usb3_vbus: Failed to request enable GPIO236: -517
[    0.075976] reg-fixed-voltage regulators:regulator@5: Failed to register regulator: -517
[    0.076076] sys_3v3_pexs: Failed to request enable GPIO95: -517
[    0.076083] reg-fixed-voltage regulators:regulator@7: Failed to register regulator: -517
[    0.077903] vgaarb: loaded
[    0.078373] SCSI subsystem initialized
[    0.078534] libata version 3.00 loaded.
[    0.078673] usbcore: registered new interface driver usbfs
[    0.078703] usbcore: registered new interface driver hub
[    0.078742] usbcore: registered new device driver usb
[    0.085805] vrtc: supplied by vdd_5v_in
[    0.089074] vio: supplied by vdd_5v_in
[    0.091822] vdd1: supplied by vdd_5v_in
[    0.093203] vddio_ddr_1v2: Bringing 600000uV into 1200000-1200000uV
[    0.101809] vdd2: supplied by vdd_5v_in
[    0.121840] ldo1: supplied by vdd_1v5_gen
[    0.124213] ldo2: supplied by vdd_1v5_gen
[    0.124683] vdd_sata,avdd_plle: Bringing 1200000uV into 1050000-1050000uV
[    0.126909] ldo3: supplied by vdd_5v_in
[    0.129247] ldo4: supplied by vdd_5v_in
[    0.131811] ldo5: supplied by vdd_5v_in
[    0.141800] ldo6: supplied by vdd_1v8_gen
[    0.142269] avdd_dsi_csi,pwrdet_mipi: Bringing 1000000uV into 1200000-1200000uV
[    0.144510] ldo7: supplied by vdd_1v8_gen
[    0.151808] ldo8: supplied by vdd_1v8_gen
[    0.161920] pps_core: LinuxPPS API ver. 1 registered
[    0.161928] pps_core: Software ver. 5.3.6 - Copyright 2005-2007 Rodolfo Giometti <giometti@linux.it>
[    0.161940] PTP clock support registered
[    0.162080] EDAC MC: Ver: 3.0.0
[    0.163607] clocksource: Switched to clocksource timer_us
[    0.193766] NET: Registered protocol family 2
[    0.194179] tcp_listen_portaddr_hash hash table entries: 512 (order: 0, 6144 bytes)
[    0.194198] TCP established hash table entries: 8192 (order: 3, 32768 bytes)
[    0.194254] TCP bind hash table entries: 8192 (order: 4, 65536 bytes)
[    0.194339] TCP: Hash tables configured (established 8192 bind 8192)
[    0.194481] UDP hash table entries: 512 (order: 2, 16384 bytes)
[    0.194547] UDP-Lite hash table entries: 512 (order: 2, 16384 bytes)
[    0.194721] NET: Registered protocol family 1
[    0.195071] RPC: Registered named UNIX socket transport module.
[    0.195078] RPC: Registered udp transport module.
[    0.195082] RPC: Registered tcp transport module.
[    0.195086] RPC: Registered tcp NFSv4.1 backchannel transport module.
[    0.195095] PCI: CLS 0 bytes, default 64
[    0.195898] hw perfevents: no interrupt-affinity property for /pmu, guessing.
[    0.196146] hw perfevents: enabled with armv7_cortex_a9 PMU driver, 7 counters available
[    0.197204] Initialise system trusted keyrings
[    0.197323] workingset: timestamp_bits=30 max_order=19 bucket_order=0
[    0.201111] squashfs: version 4.0 (2009/01/31) Phillip Lougher
[    0.201523] NFS: Registering the id_resolver key type
[    0.201542] Key type id_resolver registered
[    0.201547] Key type id_legacy registered
[    0.201578] ntfs: driver 2.1.32 [Flags: R/O].
[    0.202609] Key type asymmetric registered
[    0.202620] Asymmetric key parser 'x509' registered
[    0.202653] bounce: pool size: 64 pages
[    0.202696] Block layer SCSI generic (bsg) driver version 0.4 loaded (major 246)
[    0.202705] io scheduler noop registered
[    0.202710] io scheduler deadline registered
[    0.202858] io scheduler cfq registered (default)
[    0.202865] io scheduler mq-deadline registered
[    0.202869] io scheduler kyber registered
[    0.209366] tegra30-pinctrl 70000868.pinmux: invalid group "sdmmc3_dat6_pd3" for function "rsvd1"
[    0.209384] tegra30-pinctrl 70000868.pinmux: invalid group "sdmmc3_dat7_pd4" for function "rsvd1"
[    0.209397] tegra30-pinctrl 70000868.pinmux: invalid group "vi_vsync_pd6" for function "rsvd1"
[    0.209407] tegra30-pinctrl 70000868.pinmux: invalid group "vi_hsync_pd7" for function "rsvd1"
[    0.209881] tegra30-pinctrl 70000868.pinmux: invalid group "hdmi_int_pn7" for function "rsvd1"
[    0.209925] tegra30-pinctrl 70000868.pinmux: invalid group "ulpi_data3_po4" for function "rsvd1"
[    0.210258] tegra30-pinctrl 70000868.pinmux: invalid group "vi_d10_pt2" for function "rsvd1"
[    0.210270] tegra30-pinctrl 70000868.pinmux: invalid group "vi_d11_pt3" for function "rsvd1"
[    0.210282] tegra30-pinctrl 70000868.pinmux: invalid group "vi_d0_pt4" for function "rsvd1"
[    0.210323] tegra30-pinctrl 70000868.pinmux: invalid group "pu0" for function "rsvd1"
[    0.210353] tegra30-pinctrl 70000868.pinmux: invalid group "pu3" for function "rsvd1"
[    0.210382] tegra30-pinctrl 70000868.pinmux: invalid group "pu6" for function "rsvd1"
[    0.210423] tegra30-pinctrl 70000868.pinmux: invalid group "pv3" for function "rsvd1"
[    0.210925] tegra30-pinctrl 70000868.pinmux: invalid group "pbb0" for function "rsvd1"
[    0.211038] tegra30-pinctrl 70000868.pinmux: invalid group "pcc1" for function "rsvd1"
[    0.216331] tegra-pcie 3000.pcie: 2x3 configuration
[    0.216486] tegra-pcie 3000.pcie: Failed to get supply 'hvdd-pex': -517
[    0.222250] tegra-apbdma 6000a000.dma: Tegra20 APB DMA driver register 32 channels
[    0.224470] tegra-pmc 7000e400.pmc: i2c-thermtrip node not found, emergency thermal reset disabled.
[    0.252941] Serial: 8250/16550 driver, 4 ports, IRQ sharing disabled
[    0.255101] console [ttyS0] disabled
[    0.255141] 70006000.serial: ttyS0 at MMIO 0x70006000 (irq = 331, base_baud = 25500000) is a Tegra
[    1.311263] console [ttyS0] enabled
[    1.315288] SuperH (H)SCI(F) driver initialized
[    1.320415] msm_serial: driver initialized
[    1.324646] STMicroelectronics ASC driver initialized
[    1.332928] Failed to attached device 54200000.dc to IOMMU_mapping
[    1.347269] Failed to attached device 54240000.dc to IOMMU_mapping
[    1.362043] tegra-hdmi 54280000.hdmi: failed to get HDMI regulator
[    1.375194] brd: module loaded
[    1.383785] loop: module loaded
[    1.392559] m25p80 spi0.1: w25q32 (4096 Kbytes)
[    1.398816] libphy: Fixed MDIO Bus: probed
[    1.403450] CAN device driver interface
[    1.407886] bgmac_bcma: Broadcom 47xx GBit MAC driver loaded
[    1.414295] e1000e: Intel(R) PRO/1000 Network Driver - 3.2.6-k
[    1.420111] e1000e: Copyright(c) 1999 - 2015 Intel Corporation.
[    1.426058] igb: Intel(R) Gigabit Ethernet Network Driver - version 5.4.0-k
[    1.433000] igb: Copyright (c) 2007-2014 Intel Corporation.
[    1.440694] pegasus: v0.9.3 (2013/04/25), Pegasus/Pegasus II USB Ethernet driver
[    1.448138] usbcore: registered new interface driver pegasus
[    1.453819] usbcore: registered new interface driver asix
[    1.459221] usbcore: registered new interface driver ax88179_178a
[    1.465323] usbcore: registered new interface driver cdc_ether
[    1.471162] usbcore: registered new interface driver smsc75xx
[    1.476932] usbcore: registered new interface driver smsc95xx
[    1.482684] usbcore: registered new interface driver net1080
[    1.488354] usbcore: registered new interface driver cdc_subset
[    1.494285] usbcore: registered new interface driver zaurus
[    1.499871] usbcore: registered new interface driver cdc_ncm
[    1.505705] tegra-phy 7d000000.usb-phy: no vbus regulator
[    1.513474] ehci_hcd: USB 2.0 'Enhanced' Host Controller (EHCI) Driver
[    1.520005] ehci-pci: EHCI PCI platform driver
[    1.524471] ehci-platform: EHCI generic platform driver
[    1.529805] ehci-orion: EHCI orion driver
[    1.533904] SPEAr-ehci: EHCI SPEAr driver
[    1.537976] ehci-st: EHCI STMicroelectronics driver
[    1.542909] ehci-exynos: EHCI EXYNOS driver
[    1.547181] ehci-atmel: EHCI Atmel driver
[    1.551250] tegra-ehci: Tegra EHCI driver
[    1.555559] ohci_hcd: USB 1.1 'Open' Host Controller (OHCI) Driver
[    1.561734] ohci-pci: OHCI PCI platform driver
[    1.566202] ohci-platform: OHCI generic platform driver
[    1.571528] SPEAr-ohci: OHCI SPEAr driver
[    1.575619] ohci-st: OHCI STMicroelectronics driver
[    1.580556] ohci-atmel: OHCI Atmel driver
[    1.584999] usbcore: registered new interface driver usb-storage
[    1.599972] tegra_rtc 7000e000.rtc: rtc core: registered 7000e000.rtc as rtc1
[    1.607167] tegra_rtc 7000e000.rtc: Tegra internal Real Time Clock
[    1.625921] tps65910-rtc tps65910-rtc: rtc core: registered tps65910-rtc as rtc0
[    1.633500] i2c /dev entries driver
[    1.645207] sdhci: Secure Digital Host Controller Interface driver
[    1.651374] sdhci: Copyright(c) Pierre Ossman
[    1.656702] Synopsys Designware Multimedia Card Interface Driver
[    1.663519] sdhci-pltfm: SDHCI platform and OF driver helper
[    1.669705] sdhci-tegra 78000000.sdhci: Got CD GPIO
[    1.674596] sdhci-tegra 78000000.sdhci: Got WP GPIO
[    1.687751] mmc0: Invalid maximum block size, assuming 512 bytes
[    1.725708] mmc0: SDHCI controller on 78000000.sdhci [78000000.sdhci] using ADMA
[    1.738143] mmc1: Invalid maximum block size, assuming 512 bytes
[    1.770422] mmc1: SDHCI controller on 78000600.sdhci [78000600.sdhci] using ADMA
[    1.779278] ledtrig-cpu: registered to indicate activity on CPUs
[    1.785553] usbcore: registered new interface driver usbhid
[    1.791109] usbhid: USB HID core driver
[    1.797467] NET: Registered protocol family 10
[    1.802641] Segment Routing with IPv6
[    1.806372] sit: IPv6, IPv4 and MPLS over IPv4 tunneling driver
[    1.812679] NET: Registered protocol family 17
[    1.817140] can: controller area network core (rev 20170425 abi 9)
[    1.823352] NET: Registered protocol family 29
[    1.827793] can: raw protocol (rev 20170425)
[    1.832049] can: broadcast manager protocol (rev 20170425 t)
[    1.837706] can: netlink gateway (rev 20170425) max_hops=1
[    1.843467] Key type dns_resolver registered
[    1.848110] ThumbEE CPU extension supported.
[    1.852374] Registering SWP/SWPB emulation handler
[    1.857577] Loading compiled-in X.509 certificates
[    1.872727] vdd_ddr: supplied by vdd_5v_in
[    1.877654] vdd_5v_sata: supplied by vdd_5v_in
[    1.882430] usb1_vbus: supplied by vdd_5v_in
[    1.887039] usb3_vbus: supplied by vdd_5v_in
[    1.892530] sys_3v3,vdd_3v3_alw: supplied by vdd_5v_in
[    1.898478] sys_3v3_pexs: supplied by sys_3v3,vdd_3v3_alw
[    1.900630] mmc0: new ultra high speed DDR50 SDHC card at address aaaa
[    1.901653] mmcblk0: mmc0:aaaa SS04G 3.69 GiB 
[    1.905052] mmc1: new high speed MMC card at address 0001
[    1.905984] mmcblk1: mmc1:0001 SEM16G 14.8 GiB 
[    1.906852] mmcblk1boot0: mmc1:0001 SEM16G partition 1 1.00 MiB
[    1.907759] mmcblk1boot1: mmc1:0001 SEM16G partition 2 1.00 MiB
[    1.908472] mmcblk1rpmb: mmc1:0001 SEM16G partition 3 128 KiB, chardev (236:0)
[    1.911796] Primary GPT is invalid, using alternate GPT.
[    1.911816]  mmcblk1: p1 p2 p3 p4 p5
[    1.926354]  mmcblk0: p1 p2 p3
[    1.955989] +VDD_5V_HDMI: supplied by sys_3v3,vdd_3v3_alw
[    1.962294] tegra-pcie 3000.pcie: 2x3 configuration
[    1.969636] tegra-pcie 3000.pcie: probing port 0, using 2 lanes
[    2.033835] tegra-pcie 3000.pcie: probing port 2, using 2 lanes
[    2.443630] tegra-pcie 3000.pcie: link 2 down, retrying
[    2.852705] tegra-pcie 3000.pcie: link 2 down, retrying
[    3.261800] tegra-pcie 3000.pcie: link 2 down, retrying
[    3.269036] tegra-pcie 3000.pcie: link 2 down, ignoring
[    3.274369] tegra-pcie 3000.pcie: PCI host bridge to bus 0000:00
[    3.280364] pci_bus 0000:00: root bus resource [io  0x0000-0xffff]
[    3.286540] pci_bus 0000:00: root bus resource [mem 0x20000000-0x27ffffff]
[    3.293398] pci_bus 0000:00: root bus resource [mem 0x28000000-0x3fffffff pref]
[    3.300698] pci_bus 0000:00: root bus resource [bus 00-ff]
[    3.306200] pci 0000:00:01.0: [10de:0e1c] type 01 class 0x060400
[    3.312205] pci_bus 0000:00: 2-byte config write to 0000:00:01.0 offset 0x4 may corrupt adjacent RW1C bits
[    3.321847] pci_bus 0000:00: 2-byte config write to 0000:00:01.0 offset 0x4 may corrupt adjacent RW1C bits
[    3.331501] pci 0000:00:01.0: enabling Extended Tags
[    3.336462] pci_bus 0000:00: 2-byte config write to 0000:00:01.0 offset 0x88 may corrupt adjacent RW1C bits
[    3.346209] pci_bus 0000:00: 2-byte config write to 0000:00:01.0 offset 0x52 may corrupt adjacent RW1C bits
[    3.355953] pci 0000:00:01.0: PME# supported from D0 D1 D2 D3hot D3cold
[    3.362552] pci_bus 0000:00: 2-byte config write to 0000:00:01.0 offset 0x4c may corrupt adjacent RW1C bits
[    3.372414] pci_bus 0000:00: 2-byte config write to 0000:00:01.0 offset 0x3e may corrupt adjacent RW1C bits
[    3.382147] pci_bus 0000:00: 2-byte config write to 0000:00:01.0 offset 0x4 may corrupt adjacent RW1C bits
[    3.391789] pci_bus 0000:00: 1-byte config write to 0000:00:01.0 offset 0xc may corrupt adjacent RW1C bits
[    3.401426] PCI: bus0: Fast back to back transfers disabled
[    3.406993] pci 0000:00:01.0: bridge configuration invalid ([bus 00-00]), reconfiguring
[    3.414987] pci_bus 0000:00: 2-byte config write to 0000:00:01.0 offset 0x3e may corrupt adjacent RW1C bits
[    3.424714] pci_bus 0000:00: 2-byte config write to 0000:00:01.0 offset 0x3e may corrupt adjacent RW1C bits
[    3.434515] pci 0000:01:00.0: [10ec:8168] type 00 class 0x020000
[    3.440529] pci 0000:01:00.0: reg 0x10: [io  0x0000-0x00ff]
[    3.446113] pci 0000:01:00.0: reg 0x18: [mem 0x00000000-0x00000fff 64bit pref]
[    3.453326] pci 0000:01:00.0: reg 0x20: [mem 0x00000000-0x00003fff 64bit pref]
[    3.460615] pci 0000:01:00.0: supports D1 D2
[    3.464882] pci 0000:01:00.0: PME# supported from D0 D1 D2 D3hot D3cold
[    3.493636] PCI: bus1: Fast back to back transfers disabled
[    3.499197] pci_bus 0000:01: busn_res: [bus 01-ff] end is updated to 01
[    3.505830] pci 0000:00:01.0: BAR 9: assigned [mem 0x28000000-0x280fffff 64bit pref]
[    3.513555] pci 0000:00:01.0: BAR 7: assigned [io  0x1000-0x1fff]
[    3.519654] pci 0000:01:00.0: BAR 4: assigned [mem 0x28000000-0x28003fff 64bit pref]
[    3.527397] pci 0000:01:00.0: BAR 2: assigned [mem 0x28004000-0x28004fff 64bit pref]
[    3.535137] pci 0000:01:00.0: BAR 0: assigned [io  0x1000-0x10ff]
[    3.541219] pci 0000:00:01.0: PCI bridge to [bus 01]
[    3.546179] pci 0000:00:01.0:   bridge window [io  0x1000-0x1fff]
[    3.552259] pci 0000:00:01.0:   bridge window [mem 0x28000000-0x280fffff 64bit pref]
[    3.560010] pci 0000:00:01.0: nv_msi_ht_cap_quirk didn't locate host bridge
[    3.567059] pcieport 0000:00:01.0: enabling device (0140 -> 0143)
[    3.573351] pcieport 0000:00:01.0: Signaling PME with IRQ 375
[    3.579347] r8169 Gigabit Ethernet driver 2.3LK-NAPI loaded
[    3.584942] r8169 0000:01:00.0: enabling device (0140 -> 0143)
[    3.591653] r8169 0000:01:00.0 eth0: RTL8168evl/8111evl at 0x4cb34a76, 02:04:4b:01:60:a6, XID 0c900800 IRQ 376
[    3.601658] r8169 0000:01:00.0 eth0: jumbo features [frames: 9200 bytes, tx checksumming: ko]
[    3.615462] [drm] Supports vblank timestamp caching Rev 2 (21.10.2013).
[    3.622063] [drm] No driver support for vblank timestamp query.
[    3.628018] [drm] Cannot find any crtc or sizes
[    3.632628] [drm] Initialized tegra 0.0.0 20120330 for drm on minor 0
[    3.641967] tegra-ehci 7d004000.usb: EHCI Host Controller
[    3.647393] tegra-ehci 7d004000.usb: new USB bus registered, assigned bus number 1
[    3.655169] tegra-ehci 7d004000.usb: irq 344, io mem 0x7d004000
[    3.661116] [drm] Cannot find any crtc or sizes
[    3.684008] tegra-ehci 7d004000.usb: USB 2.0 started, EHCI 1.00
[    3.691184] hub 1-0:1.0: USB hub found
[    3.694963] hub 1-0:1.0: 1 port detected
[    3.700131] tegra-ehci 7d008000.usb: EHCI Host Controller
[    3.705546] tegra-ehci 7d008000.usb: new USB bus registered, assigned bus number 2
[    3.713279] tegra-ehci 7d008000.usb: irq 345, io mem 0x7d008000
[    3.744006] tegra-ehci 7d008000.usb: USB 2.0 started, EHCI 1.00
[    3.751115] hub 2-0:1.0: USB hub found
[    3.754895] hub 2-0:1.0: 1 port detected
[    3.764863] tps65910-rtc tps65910-rtc: setting system clock to 2000-01-01 00:00:02 UTC (946684802)
[    3.774414] vdd_sata,avdd_plle: disabling
[    3.779160] usb1_vbus: disabling
[    3.784832] EXT4-fs (mmcblk1p1): mounting ext3 file system using the ext4 subsystem
[    3.799430] EXT4-fs (mmcblk1p1): warning: mounting fs with errors, running e2fsck is recommended
[    3.809657] EXT4-fs (mmcblk1p1): recovery complete
[    3.814465] EXT4-fs (mmcblk1p1): mounted filesystem with ordered data mode. Opts: (null)
[    3.822566] VFS: Mounted root (ext3 filesystem) on device 179:17.
[    3.839697] devtmpfs: mounted
[    3.845134] Freeing unused kernel memory: 2048K
bash: cannot set terminal process group (-1): Inappropriate ioctl for device
bash: no job control in this shell
root@(none):/# [    4.124021] usb 2-1: new high-speed USB device number 2 using tegra-ehci
[    4.814394] asix 2-1:1.0 eth1: register 'asix' at usb-7d008000.usb-1, ASIX AX88772 USB 2.0 Ethernet, 00:50:b6:0f:67:60
mount -t sysfs none /sys
root@(none):/# 
root@(none):/# mount -t debugfs none /sys/kernel/debug
root@(none):/# 
root@(none):/# rtcwake -d rtc1 -m mem -s 3
rtcwake: wakeup from "mem" using /dev/rtc1 at Thu Jan  1 00:00:22 1970
[    7.330704] PM: suspend entry (deep)
[    7.334308] PM: Syncing filesystems ... done.
[    7.340717] Freezing user space processes ... (elapsed 0.001 seconds) done.
[    7.348777] OOM killer disabled.
[    7.351993] Freezing remaining freezable tasks ... (elapsed 0.001 seconds) done.
[    7.360502] Suspending console(s) (use no_console_suspend to debug)
[    7.454560] Disabling non-boot CPUs ...
[    7.613750] IRQ17 no longer affine to CPU3
[    7.614277] Entering suspend state LP1
[    7.614290] Enabling non-boot CPUs ...
[    7.614949] CPU1 is up
[    7.615571] CPU2 is up
[    7.616250] CPU3 is up
[    7.617295] pcieport 0000:00:01.0: nv_msi_ht_cap_quirk didn't locate host bridge
[    8.274048] OOM killer enabled.
[    8.277176] Restarting tasks ... done.
[    8.281239] PM: suspend exit
root@(none):/# 
root@(none):/# rtcwake -d rtc1 -m mem -s 3
rtcwake: wakeup from "mem" using /dev/rtc1 at Thu Jan  1 00:00:27 1970
[    9.125875] PM: suspend entry (deep)
[    9.129448] PM: Syncing filesystems ... done.
[    9.135201] Freezing user space processes ... (elapsed 0.001 seconds) done.
[    9.143249] OOM killer disabled.
[    9.146479] Freezing remaining freezable tasks ... (elapsed 0.001 seconds) done.
[    9.154988] Suspending console(s) (use no_console_suspend to debug)
[    9.194927] pci_generic_config_write32: 33 callbacks suppressed
[    9.194939] pci_bus 0000:00: 2-byte config write to 0000:00:01.0 offset 0x9c may corrupt adjacent RW1C bits
[    9.244502] Disabling non-boot CPUs ...
[    9.293858] IRQ17 no longer affine to CPU1
[    9.414130] Entering suspend state LP1
[    9.414146] Enabling non-boot CPUs ...
[    9.414982] CPU1 is up
[    9.415740] CPU2 is up
[    9.416555] CPU3 is up
[    9.417753] pci_bus 0000:00: 2-byte config write to 0000:00:01.0 offset 0x4c may corrupt adjacent RW1C bits
[    9.417765] pci_bus 0000:00: 2-byte config write to 0000:00:01.0 offset 0x88 may corrupt adjacent RW1C bits
[    9.417771] pci_bus 0000:00: 2-byte config write to 0000:00:01.0 offset 0x90 may corrupt adjacent RW1C bits
[    9.417776] pci_bus 0000:00: 2-byte config write to 0000:00:01.0 offset 0x98 may corrupt adjacent RW1C bits
[    9.417781] pci_bus 0000:00: 2-byte config write to 0000:00:01.0 offset 0x9c may corrupt adjacent RW1C bits
[    9.417803] pci_bus 0000:00: 2-byte config write to 0000:00:01.0 offset 0x52 may corrupt adjacent RW1C bits
[    9.417808] pci_bus 0000:00: 2-byte config write to 0000:00:01.0 offset 0x52 may corrupt adjacent RW1C bits
[    9.417814] pci_bus 0000:00: 2-byte config write to 0000:00:01.0 offset 0x5c may corrupt adjacent RW1C bits
[    9.417819] pci_bus 0000:00: 2-byte config write to 0000:00:01.0 offset 0x52 may corrupt adjacent RW1C bits
[    9.417845] pcieport 0000:00:01.0: nv_msi_ht_cap_quirk didn't locate host bridge
[   10.171693] OOM killer enabled.
[   10.174832] Restarting tasks ... done.
[   10.178960] PM: suspend exit
root@(none):/# 
root@(none):/# rtcwake -d rtc1 -m mem -s 3
rtcwake: wakeup from "mem" using /dev/rtc1 at Thu Jan  1 00:00:32 1970
[   10.917193] PM: suspend entry (deep)
[   10.920774] PM: Syncing filesystems ... done.
[   10.926945] Freezing user space processes ... (elapsed 0.001 seconds) done.
[   10.935048] OOM killer disabled.
[   10.938263] Freezing remaining freezable tasks ... (elapsed 0.001 seconds) done.
[   10.946796] Suspending console(s) (use no_console_suspend to debug)
[   11.044679] Disabling non-boot CPUs ...
[   11.093891] IRQ17 no longer affine to CPU1
[   11.214198] Entering suspend state LP1
[   11.214215] Enabling non-boot CPUs ...
[   11.215077] CPU1 is up
[   11.215845] CPU2 is up
[   11.216672] CPU3 is up
[   11.217915] pcieport 0000:00:01.0: nv_msi_ht_cap_quirk didn't locate host bridge
[   11.868594] OOM killer enabled.
[   11.871725] Restarting tasks ... done.
[   11.875872] PM: suspend exit
root@(none):/# 
root@(none):/# rtcwake -d rtc1 -m mem -s 3
rtcwake: wakeup from "mem" using /dev/rtc1 at Thu Jan  1 00:00:37 1970
[   12.717262] PM: suspend entry (deep)
[   12.720840] PM: Syncing filesystems ... done.
[   12.727023] Freezing user space processes ... (elapsed 0.001 seconds) done.
[   12.735121] OOM killer disabled.
[   12.738337] Freezing remaining freezable tasks ... (elapsed 0.001 seconds) done.
[   12.746878] Suspending console(s) (use no_console_suspend to debug)
[   12.844652] Disabling non-boot CPUs ...
[   12.893875] IRQ17 no longer affine to CPU1
[   13.014183] Entering suspend state LP1
[   13.014201] Enabling non-boot CPUs ...
[   13.015044] CPU1 is up
[   13.015826] CPU2 is up
[   13.016655] CPU3 is up
[   13.017892] pcieport 0000:00:01.0: nv_msi_ht_cap_quirk didn't locate host bridge
[   13.668891] OOM killer enabled.
[   13.672022] Restarting tasks ... done.
[   13.676160] PM: suspend exit
root@(none):/# 
root@(none):/# rtcwake -d rtc1 -m mem -s 3
rtcwake: wakeup from "mem" using /dev/rtc1 at Thu Jan  1 00:00:42 1970
[   14.530180] PM: suspend entry (deep)
[   14.533785] PM: Syncing filesystems ... done.
[   14.539428] Freezing user space processes ... (elapsed 0.001 seconds) done.
[   14.547540] OOM killer disabled.
[   14.550755] Freezing remaining freezable tasks ... (elapsed 0.001 seconds) done.
[   14.559297] Suspending console(s) (use no_console_suspend to debug)
[   14.604758] pci_generic_config_write32: 26 callbacks suppressed
[   14.604775] pci_bus 0000:00: 2-byte config write to 0000:00:01.0 offset 0x9c may corrupt adjacent RW1C bits
[   14.654616] Disabling non-boot CPUs ...
[   14.703856] IRQ17 no longer affine to CPU1
[   14.824141] Entering suspend state LP1
[   14.824156] Enabling non-boot CPUs ...
[   14.825007] CPU1 is up
[   14.825782] CPU2 is up
[   14.826608] CPU3 is up
[   14.827756] pci_bus 0000:00: 2-byte config write to 0000:00:01.0 offset 0x4c may corrupt adjacent RW1C bits
[   14.827768] pci_bus 0000:00: 2-byte config write to 0000:00:01.0 offset 0x88 may corrupt adjacent RW1C bits
[   14.827775] pci_bus 0000:00: 2-byte config write to 0000:00:01.0 offset 0x90 may corrupt adjacent RW1C bits
[   14.827780] pci_bus 0000:00: 2-byte config write to 0000:00:01.0 offset 0x98 may corrupt adjacent RW1C bits
[   14.827784] pci_bus 0000:00: 2-byte config write to 0000:00:01.0 offset 0x9c may corrupt adjacent RW1C bits
[   14.827807] pci_bus 0000:00: 2-byte config write to 0000:00:01.0 offset 0x52 may corrupt adjacent RW1C bits
[   14.827814] pci_bus 0000:00: 2-byte config write to 0000:00:01.0 offset 0x52 may corrupt adjacent RW1C bits
[   14.827820] pci_bus 0000:00: 2-byte config write to 0000:00:01.0 offset 0x5c may corrupt adjacent RW1C bits
[   14.827826] pci_bus 0000:00: 2-byte config write to 0000:00:01.0 offset 0x52 may corrupt adjacent RW1C bits
[   14.827849] pcieport 0000:00:01.0: nv_msi_ht_cap_quirk didn't locate host bridge
[   15.592116] OOM killer enabled.
[   15.595253] Restarting tasks ... done.
[   15.599376] PM: suspend exit
root@(none):/# 
root@(none):/# rtcwake -d rtc1 -m mem -s 3
rtcwake: wakeup from "mem" using /dev/rtc1 at Thu Jan  1 00:00:47 1970
[   16.326313] PM: suspend entry (deep)
[   16.329892] PM: Syncing filesystems ... done.
[   16.335565] Freezing user space processes ... (elapsed 0.001 seconds) done.
[   16.343668] OOM killer disabled.
[   16.346884] Freezing remaining freezable tasks ... (elapsed 0.001 seconds) done.
[   16.355421] Suspending console(s) (use no_console_suspend to debug)
[   16.444615] Disabling non-boot CPUs ...
[   16.493833] IRQ17 no longer affine to CPU1
[   16.614132] Entering suspend state LP1
[   16.614148] Enabling non-boot CPUs ...
[   16.614995] CPU1 is up
[   16.615779] CPU2 is up
[   16.616597] CPU3 is up
[   16.617799] pcieport 0000:00:01.0: nv_msi_ht_cap_quirk didn't locate host bridge
[   17.269510] OOM killer enabled.
[   17.272639] Restarting tasks ... done.
[   17.276781] PM: suspend exit
root@(none):/# 
root@(none):/# rtcwake -d rtc1 -m mem -s 3
rtcwake: wakeup from "mem" using /dev/rtc1 at Thu Jan  1 00:00:52 1970
[   18.117236] PM: suspend entry (deep)
[   18.120815] PM: Syncing filesystems ... done.
[   18.126996] Freezing user space processes ... (elapsed 0.001 seconds) done.
[   18.135097] OOM killer disabled.
[   18.138313] Freezing remaining freezable tasks ... (elapsed 0.001 seconds) done.
[   18.146849] Suspending console(s) (use no_console_suspend to debug)
[   18.244563] Disabling non-boot CPUs ...
[   18.293784] IRQ17 no longer affine to CPU1
[   18.414098] Entering suspend state LP1
[   18.414114] Enabling non-boot CPUs ...
[   18.414962] CPU1 is up
[   18.415736] CPU2 is up
[   18.416554] CPU3 is up
[   18.417774] pcieport 0000:00:01.0: nv_msi_ht_cap_quirk didn't locate host bridge
[   19.068504] OOM killer enabled.
[   19.071634] Restarting tasks ... done.
[   19.075787] PM: suspend exit
root@(none):/# 
root@(none):/# rtcwake -d rtc1 -m mem -s 3
rtcwake: wakeup from "mem" using /dev/rtc1 at Thu Jan  1 00:00:57 1970
[   19.916640] PM: suspend entry (deep)
[   19.920218] PM: Syncing filesystems ... done.
[   19.926400] Freezing user space processes ... (elapsed 0.001 seconds) done.
[   19.934498] OOM killer disabled.
[   19.937715] Freezing remaining freezable tasks ... (elapsed 0.001 seconds) done.
[   19.946255] Suspending console(s) (use no_console_suspend to debug)
[   19.995176] pci_generic_config_write32: 26 callbacks suppressed
[   19.995191] pci_bus 0000:00: 2-byte config write to 0000:00:01.0 offset 0x9c may corrupt adjacent RW1C bits
[   20.044557] Disabling non-boot CPUs ...
[   20.093766] IRQ17 no longer affine to CPU1
[   20.214046] Entering suspend state LP1
[   20.214062] Enabling non-boot CPUs ...
[   20.214909] CPU1 is up
[   20.215680] CPU2 is up
[   20.216531] CPU3 is up
[   20.217719] pci_bus 0000:00: 2-byte config write to 0000:00:01.0 offset 0x4c may corrupt adjacent RW1C bits
[   20.217732] pci_bus 0000:00: 2-byte config write to 0000:00:01.0 offset 0x88 may corrupt adjacent RW1C bits
[   20.217738] pci_bus 0000:00: 2-byte config write to 0000:00:01.0 offset 0x90 may corrupt adjacent RW1C bits
[   20.217744] pci_bus 0000:00: 2-byte config write to 0000:00:01.0 offset 0x98 may corrupt adjacent RW1C bits
[   20.217748] pci_bus 0000:00: 2-byte config write to 0000:00:01.0 offset 0x9c may corrupt adjacent RW1C bits
[   20.217768] pci_bus 0000:00: 2-byte config write to 0000:00:01.0 offset 0x52 may corrupt adjacent RW1C bits
[   20.217776] pci_bus 0000:00: 2-byte config write to 0000:00:01.0 offset 0x52 may corrupt adjacent RW1C bits
[   20.217783] pci_bus 0000:00: 2-byte config write to 0000:00:01.0 offset 0x5c may corrupt adjacent RW1C bits
[   20.217791] pci_bus 0000:00: 2-byte config write to 0000:00:01.0 offset 0x52 may corrupt adjacent RW1C bits
[   20.217813] pcieport 0000:00:01.0: nv_msi_ht_cap_quirk didn't locate host bridge
[   20.971997] OOM killer enabled.
[   20.975135] Restarting tasks ... done.
[   20.979274] PM: suspend exit
root@(none):/# 
root@(none):/# rtcwake -d rtc1 -m mem -s 3
rtcwake: wakeup from "mem" using /dev/rtc1 at Thu Jan  1 00:01:02 1970
[   21.717392] PM: suspend entry (deep)
[   21.720971] PM: Syncing filesystems ... done.
[   21.727156] Freezing user space processes ... (elapsed 0.001 seconds) done.
[   21.735257] OOM killer disabled.
[   21.738474] Freezing remaining freezable tasks ... (elapsed 0.001 seconds) done.
[   21.747010] Suspending console(s) (use no_console_suspend to debug)
[   21.844529] Disabling non-boot CPUs ...
[   21.893740] IRQ17 no longer affine to CPU1
[   22.014041] Entering suspend state LP1
[   22.014059] Enabling non-boot CPUs ...
[   22.014916] CPU1 is up
[   22.015679] CPU2 is up
[   22.016497] CPU3 is up
[   22.017729] pcieport 0000:00:01.0: nv_msi_ht_cap_quirk didn't locate host bridge
[   22.668716] OOM killer enabled.
[   22.671846] Restarting tasks ... done.
[   22.676175] PM: suspend exit
root@(none):/# 
root@(none):/# rtcwake -d rtc1 -m mem -s 3
rtcwake: wakeup from "mem" using /dev/rtc1 at Thu Jan  1 00:01:07 1970
[   23.515602] PM: suspend entry (deep)
[   23.519184] PM: Syncing filesystems ... done.
[   23.524852] Freezing user space processes ... (elapsed 0.001 seconds) done.
[   23.532936] OOM killer disabled.
[   23.536172] Freezing remaining freezable tasks ... (elapsed 0.001 seconds) done.
[   23.544708] Suspending console(s) (use no_console_suspend to debug)
[   23.634520] Disabling non-boot CPUs ...
[   23.783541] IRQ17 no longer affine to CPU3
[   23.784040] Entering suspend state LP1
[   23.784052] Enabling non-boot CPUs ...
[   23.784896] CPU1 is up
[   23.785666] CPU2 is up
[   23.786491] CPU3 is up
[   23.787749] pcieport 0000:00:01.0: nv_msi_ht_cap_quirk didn't locate host bridge
[   24.438794] OOM killer enabled.
[   24.441924] Restarting tasks ... done.
[   24.446070] PM: suspend exit
root@(none):/# 
root@(none):/# NVTB SYSTEM SUSPEND TEST COMPLETE
